-- Logs begin at Thu 2017-08-24 14:37:59 UTC, end at Thu 2017-08-24 14:50:07 UTC. --
Aug 24 14:37:59 witherspoon kernel: Booting Linux on physical CPU 0x0
Aug 24 14:37:59 witherspoon kernel: Linux version 4.10.17-ba30e9ed152bab62f72da24986ee5ca22d6c9b07 (jenkins@openbmc-builder1) (gcc version 6.2.0 (GCC) ) #1 Thu Aug 24 13:31:40 UTC 2017
Aug 24 14:37:59 witherspoon kernel: CPU: ARMv6-compatible processor [410fb767] revision 7 (ARMv7), cr=00c5387d
Aug 24 14:37:59 witherspoon kernel: CPU: PIPT / VIPT nonaliasing data cache, VIPT nonaliasing instruction cache
Aug 24 14:37:59 witherspoon kernel: OF: fdt:Machine model: Witherspoon BMC
Aug 24 14:37:59 witherspoon kernel: Memory policy: Data cache writeback
Aug 24 14:37:59 witherspoon kernel: SOC Rev: 04030303
Aug 24 14:37:59 witherspoon kernel: On node 0 totalpages: 110592
Aug 24 14:37:59 witherspoon kernel: free_area_init_node: node 0, pgdat 80601864, node_mem_map 9ec1a000
Aug 24 14:37:59 witherspoon kernel:   Normal zone: 992 pages used for memmap
Aug 24 14:37:59 witherspoon kernel:   Normal zone: 0 pages reserved
Aug 24 14:37:59 witherspoon kernel:   Normal zone: 110592 pages, LIFO batch:31
Aug 24 14:37:59 witherspoon kernel: pcpu-alloc: s0 r0 d32768 u32768 alloc=1*32768
Aug 24 14:37:59 witherspoon kernel: pcpu-alloc: [0] 0 
Aug 24 14:37:59 witherspoon kernel: Built 1 zonelists in Zone order, mobility grouping on.  Total pages: 109600
Aug 24 14:37:59 witherspoon kernel: Kernel command line: console=ttyS4,115200n8 root=/dev/ram rw
Aug 24 14:37:59 witherspoon kernel: PID hash table entries: 2048 (order: 1, 8192 bytes)
Aug 24 14:37:59 witherspoon kernel: Dentry cache hash table entries: 65536 (order: 6, 262144 bytes)
Aug 24 14:37:59 witherspoon kernel: Inode-cache hash table entries: 32768 (order: 5, 131072 bytes)
Aug 24 14:37:59 witherspoon kernel: Memory: 430420K/442368K available (4074K kernel code, 281K rwdata, 1196K rodata, 280K init, 111K bss, 11948K reserved, 0K cma-reserved)
Aug 24 14:37:59 witherspoon kernel: Virtual kernel memory layout:
                                        vector  : 0xffff0000 - 0xffff1000   (   4 kB)
                                        fixmap  : 0xffc00000 - 0xfff00000   (3072 kB)
                                        vmalloc : 0x9f800000 - 0xff800000   (1536 MB)
                                        lowmem  : 0x80000000 - 0x9f000000   ( 496 MB)
                                          .text : 0x80008000 - 0x80402d80   (4076 kB)
                                          .init : 0x80588000 - 0x805ce000   ( 280 kB)
                                          .data : 0x805ce000 - 0x80614710   ( 282 kB)
                                           .bss : 0x80614710 - 0x806305b8   ( 112 kB)
Aug 24 14:37:59 witherspoon kernel: NR_IRQS:16 nr_irqs:16 16
Aug 24 14:37:59 witherspoon kernel: i2c controller registered, irq 16
Aug 24 14:37:59 witherspoon kernel: clocksource: moxart_timer: mask: 0xffffffff max_cycles: 0xffffffff, max_idle_ns: 77222644334 ns
Aug 24 14:37:59 witherspoon kernel: sched_clock: 32 bits at 100 Hz, resolution 10000000ns, wraps every 21474836475000000ns
Aug 24 14:37:59 witherspoon kernel: Calibrating delay loop... 789.70 BogoMIPS (lpj=3948544)
Aug 24 14:37:59 witherspoon kernel: pid_max: default: 32768 minimum: 301
Aug 24 14:37:59 witherspoon kernel: Mount-cache hash table entries: 1024 (order: 0, 4096 bytes)
Aug 24 14:37:59 witherspoon kernel: Mountpoint-cache hash table entries: 1024 (order: 0, 4096 bytes)
Aug 24 14:37:59 witherspoon kernel: CPU: Testing write buffer coherency: ok
Aug 24 14:37:59 witherspoon kernel: ftrace: allocating 14975 entries in 44 pages
Aug 24 14:37:59 witherspoon kernel: Setting up static identity map for 0x80008200 - 0x8000825c
Aug 24 14:37:59 witherspoon kernel: devtmpfs: initialized
Aug 24 14:37:59 witherspoon kernel: clocksource: jiffies: mask: 0xffffffff max_cycles: 0xffffffff, max_idle_ns: 19112604462750000 ns
Aug 24 14:37:59 witherspoon kernel: futex hash table entries: 256 (order: -1, 3072 bytes)
Aug 24 14:37:59 witherspoon kernel: pinctrl core: initialized pinctrl subsystem
Aug 24 14:37:59 witherspoon kernel: NET: Registered protocol family 16
Aug 24 14:37:59 witherspoon kernel: DMA: preallocated 256 KiB pool for atomic coherent allocations
Aug 24 14:37:59 witherspoon kernel: usbcore: registered new interface driver usbfs
Aug 24 14:37:59 witherspoon kernel: usbcore: registered new interface driver hub
Aug 24 14:37:59 witherspoon kernel: usbcore: registered new device driver usb
Aug 24 14:37:59 witherspoon kernel: clocksource: Switched to clocksource moxart_timer
Aug 24 14:37:59 witherspoon kernel: NET: Registered protocol family 2
Aug 24 14:37:59 witherspoon kernel: TCP established hash table entries: 4096 (order: 2, 16384 bytes)
Aug 24 14:37:59 witherspoon kernel: TCP bind hash table entries: 4096 (order: 2, 16384 bytes)
Aug 24 14:37:59 witherspoon kernel: TCP: Hash tables configured (established 4096 bind 4096)
Aug 24 14:37:59 witherspoon kernel: UDP hash table entries: 256 (order: 0, 4096 bytes)
Aug 24 14:37:59 witherspoon kernel: UDP-Lite hash table entries: 256 (order: 0, 4096 bytes)
Aug 24 14:37:59 witherspoon kernel: NET: Registered protocol family 1
Aug 24 14:37:59 witherspoon kernel: Trying to unpack rootfs image as initramfs...
Aug 24 14:37:59 witherspoon kernel: Freeing initrd memory: 1548K
Aug 24 14:37:59 witherspoon kernel: workingset: timestamp_bits=30 max_order=17 bucket_order=0
Aug 24 14:37:59 witherspoon kernel: squashfs: version 4.0 (2009/01/31) Phillip Lougher
Aug 24 14:37:59 witherspoon kernel: jffs2: version 2.2. (SUMMARY)  © 2001-2006 Red Hat, Inc.
Aug 24 14:37:59 witherspoon kernel: Block layer SCSI generic (bsg) driver version 0.4 loaded (major 250)
Aug 24 14:37:59 witherspoon kernel: io scheduler noop registered
Aug 24 14:37:59 witherspoon kernel: io scheduler deadline registered
Aug 24 14:37:59 witherspoon kernel: io scheduler cfq registered (default)
Aug 24 14:37:59 witherspoon kernel: ipmi-bt-host 1e789140.ibt: Found bt bmc device
Aug 24 14:37:59 witherspoon kernel: ipmi-bt-host 1e789140.ibt: Using IRQ 22
Aug 24 14:37:59 witherspoon kernel: Serial: 8250/16550 driver, 6 ports, IRQ sharing enabled
Aug 24 14:37:59 witherspoon kernel: 1e787000.vuart: ttyS0 at MMIO 0x1e787000 (irq = 22, base_baud = 1500000) is a 16550A
Aug 24 14:37:59 witherspoon kernel: 1e783000.serial: ttyS1 at MMIO 0x1e783000 (irq = 23, base_baud = 1500000) is a 16550A
Aug 24 14:37:59 witherspoon kernel: 1e78d000.serial: ttyS2 at MMIO 0x1e78d000 (irq = 24, base_baud = 1500000) is a 16550A
Aug 24 14:37:59 witherspoon kernel: 1e784000.serial: ttyS4 at MMIO 0x1e784000 (irq = 25, base_baud = 1500000) is a 16550A
Aug 24 14:37:59 witherspoon kernel: console [ttyS4] enabled
Aug 24 14:37:59 witherspoon kernel: timeriomem_rng 1e6e2078.hwrng: 32bits from 0xf00e2078 @ 1us
Aug 24 14:37:59 witherspoon kernel: random: fast init done
Aug 24 14:37:59 witherspoon kernel: random: crng init done
Aug 24 14:37:59 witherspoon kernel: brd: module loaded
Aug 24 14:37:59 witherspoon kernel: loop: module loaded
Aug 24 14:37:59 witherspoon kernel: aspeed-lpc-ctrl 1e789080.lpc-ctrl: Loaded at 0x98000000 (0x04000000)
Aug 24 14:37:59 witherspoon kernel: aspeed-smc 1e620000.flash-controller: Using IRQ 18
Aug 24 14:37:59 witherspoon kernel: aspeed-smc 1e620000.flash-controller: DMA support disabled.
Aug 24 14:37:59 witherspoon kernel: aspeed-smc 1e620000.flash-controller: mx25l25635e (32768 Kbytes)
Aug 24 14:37:59 witherspoon kernel: aspeed-smc 1e620000.flash-controller: CE0 window [ 0x20000000 - 0x22000000 ] 32MB
Aug 24 14:37:59 witherspoon kernel: aspeed-smc 1e620000.flash-controller: CE1 window [ 0x22000000 - 0x2a000000 ] 128MB
Aug 24 14:37:59 witherspoon kernel: 5 ofpart partitions found on MTD device bmc
Aug 24 14:37:59 witherspoon kernel: Creating 5 MTD partitions on "bmc":
Aug 24 14:37:59 witherspoon kernel: 0x000000000000-0x000000060000 : "u-boot"
Aug 24 14:37:59 witherspoon kernel: 0x000000060000-0x000000080000 : "u-boot-env"
Aug 24 14:37:59 witherspoon kernel: 0x000000080000-0x0000004c0000 : "kernel"
Aug 24 14:37:59 witherspoon kernel: 0x0000004c0000-0x000001c00000 : "rofs"
Aug 24 14:37:59 witherspoon kernel: 0x000001c00000-0x000002000000 : "rwfs"
Aug 24 14:37:59 witherspoon kernel: aspeed-smc 1e620000.flash-controller: mx25l25635e (32768 Kbytes)
Aug 24 14:37:59 witherspoon kernel: aspeed-smc 1e620000.flash-controller: CE1 window [ 0x22000000 - 0x24000000 ] 32MB
Aug 24 14:37:59 witherspoon kernel: aspeed-smc 1e620000.flash-controller: CE2 window [ 0x24000000 - 0x2c000000 ] 128MB
Aug 24 14:37:59 witherspoon kernel: aspeed-smc 1e630000.flash-controller: mx66l1g45g (131072 Kbytes)
Aug 24 14:37:59 witherspoon kernel: aspeed-smc 1e630000.flash-controller: CE0 window resized to 120MB (AST2500 HW quirk)
Aug 24 14:37:59 witherspoon kernel: aspeed-smc 1e630000.flash-controller: CE0 window [ 0x30000000 - 0x37800000 ] 120MB
Aug 24 14:37:59 witherspoon kernel: aspeed-smc 1e630000.flash-controller: CE0 window too small for chip 128MB
Aug 24 14:37:59 witherspoon kernel: aspeed-smc 1e630000.flash-controller: CE1 window [ 0x37800000 - 0x38000000 ] 8MB
Aug 24 14:37:59 witherspoon kernel: libphy: Fixed MDIO Bus: probed
Aug 24 14:37:59 witherspoon kernel: ftgmac100 1e660000.ethernet: Read MAC address 70:e2:84:14:23:e1 from chip
Aug 24 14:37:59 witherspoon kernel: ftgmac100 1e660000.ethernet: Using NCSI interface
Aug 24 14:37:59 witherspoon kernel: ftgmac100 1e660000.ethernet eth0: irq 20, mapped at f0060000
Aug 24 14:37:59 witherspoon kernel: ehci_hcd: USB 2.0 'Enhanced' Host Controller (EHCI) Driver
Aug 24 14:37:59 witherspoon kernel: ehci-platform: EHCI generic platform driver
Aug 24 14:37:59 witherspoon kernel:  fsi0: can't read slave 00:00 -5
Aug 24 14:37:59 witherspoon kernel: i2c /dev entries driver
Aug 24 14:37:59 witherspoon kernel: aspeed-i2c-bus 1e78a0c0.i2c-bus: i2c bus 2 registered, irq 26
Aug 24 14:37:59 witherspoon kernel: aspeed-i2c-bus 1e78a100.i2c-bus: i2c bus 3 registered, irq 27
Aug 24 14:37:59 witherspoon kernel: aspeed-i2c-bus 1e78a140.i2c-bus: i2c bus 4 registered, irq 28
Aug 24 14:37:59 witherspoon kernel: aspeed-i2c-bus 1e78a180.i2c-bus: i2c bus 5 registered, irq 29
Aug 24 14:37:59 witherspoon kernel: aspeed-i2c-bus 1e78a380.i2c-bus: i2c bus 9 registered, irq 30
Aug 24 14:37:59 witherspoon kernel: aspeed-i2c-bus 1e78a3c0.i2c-bus: i2c bus 10 registered, irq 31
Aug 24 14:37:59 witherspoon kernel: rtc-rv8803 11-0032: Voltage low, temperature compensation stopped.
Aug 24 14:37:59 witherspoon kernel: rtc-rv8803 11-0032: An alarm maybe have been missed.
Aug 24 14:37:59 witherspoon kernel: rtc-rv8803 11-0032: rtc core: registered rx8900 as rtc0
Aug 24 14:37:59 witherspoon kernel: at24 11-0051: 8192 byte 24c64 EEPROM, writable, 1 bytes/write
Aug 24 14:37:59 witherspoon kernel: aspeed-i2c-bus 1e78a400.i2c-bus: i2c bus 11 registered, irq 32
Aug 24 14:37:59 witherspoon kernel: aspeed-i2c-bus 1e78a440.i2c-bus: i2c bus 12 registered, irq 33
Aug 24 14:37:59 witherspoon kernel: aspeed-i2c-bus 1e78a480.i2c-bus: i2c bus 13 registered, irq 34
Aug 24 14:37:59 witherspoon kernel: Driver for 1-wire Dallas network protocol.
Aug 24 14:37:59 witherspoon kernel: lm75 9-004a: hwmon0: sensor 'tmp275'
Aug 24 14:37:59 witherspoon kernel: ucd9000 11-0064: Device ID UCD90160|2.3.4.0000|110603
Aug 24 14:37:59 witherspoon kernel: leds-pca955x 3-0060: leds-pca955x: Using pca9552 16-bit LED driver at slave address 0x60
Aug 24 14:37:59 witherspoon kernel: leds-pca955x 3-0060: gpios 264...279
Aug 24 14:37:59 witherspoon kernel: leds-pca955x 11-0060: leds-pca955x: Using pca9552 16-bit LED driver at slave address 0x60
Aug 24 14:37:59 witherspoon kernel: leds-pca955x 11-0060: gpios 248...263
Aug 24 14:37:59 witherspoon kernel: usbcore: registered new interface driver usbhid
Aug 24 14:37:59 witherspoon kernel: usbhid: USB HID core driver
Aug 24 14:37:59 witherspoon kernel: NET: Registered protocol family 10
Aug 24 14:37:59 witherspoon kernel: Segment Routing with IPv6
Aug 24 14:37:59 witherspoon kernel: NET: Registered protocol family 17
Aug 24 14:37:59 witherspoon kernel: 8021q: 802.1Q VLAN Support v1.8
Aug 24 14:37:59 witherspoon kernel: input: gpio-keys-polled as /devices/platform/gpio-keys-polled/input/input1
Aug 24 14:37:59 witherspoon kernel: console [netcon0] enabled
Aug 24 14:37:59 witherspoon kernel: netconsole: network logging started
Aug 24 14:37:59 witherspoon kernel: input: gpio-keys as /devices/platform/gpio-keys/input/input2
Aug 24 14:37:59 witherspoon kernel: rtc-rv8803 11-0032: setting system clock to 2017-08-24 14:37:50 UTC (1503585470)
Aug 24 14:37:59 witherspoon kernel: Freeing unused kernel memory: 280K
Aug 24 14:37:59 witherspoon kernel: This architecture does not have kernel memory protection.
Aug 24 14:37:59 witherspoon kernel: jffs2: notice: (540) jffs2_build_xattr_subsystem: complete building xattr subsystem, 0 of xdatum (0 unchecked, 0 orphan) and 0 of xref (0 dead, 0 orphan) found.
Aug 24 14:37:59 witherspoon systemd[1]: Failed to insert module 'autofs4': No such file or directory
Aug 24 14:37:59 witherspoon systemd[1]: systemd 232 running in system mode. (+PAM -AUDIT -SELINUX -IMA -APPARMOR -SMACK +SYSVINIT -UTMP -LIBCRYPTSETUP -GCRYPT -GNUTLS +ACL +XZ -LZ4 -SECCOMP +BLKID -ELFUTILS +KMOD -IDN)
Aug 24 14:37:59 witherspoon systemd[1]: Detected architecture arm.
Aug 24 14:37:59 witherspoon systemd[1]: Set hostname to <witherspoon>.
Aug 24 14:37:59 witherspoon systemd[1]: Reached target Swap.
Aug 24 14:37:59 witherspoon systemd[1]: Listening on Network Service Netlink Socket.
Aug 24 14:37:59 witherspoon systemd[1]: Listening on Syslog Socket.
Aug 24 14:37:59 witherspoon systemd[1]: Listening on Journal Socket (/dev/log).
Aug 24 14:37:59 witherspoon systemd[1]: Listening on udev Kernel Socket.
Aug 24 14:37:59 witherspoon systemd[1]: Listening on Journal Socket.
Aug 24 14:37:59 witherspoon systemd[1]: Started Dispatch Password Requests to Console Directory Watch.
Aug 24 14:37:59 witherspoon systemd-journald[675]: Journal started
Aug 24 14:37:59 witherspoon systemd-journald[675]: Runtime journal (/run/log/journal/cc6e1404d87444e8a089dfdb00a18f7d) is 0B, max 0B, 0B free.
Aug 24 14:37:59 witherspoon systemd-sysctl[559]: Couldn't write '16' to 'kernel/sysrq', ignoring: No such file or directory
Aug 24 14:37:59 witherspoon systemd-sysctl[559]: Couldn't write 'fq_codel' to 'net/core/default_qdisc', ignoring: No such file or directory
Aug 24 14:37:59 witherspoon systemd[1]: Created slice system-org.openbmc.control.Chassis.slice.
Aug 24 14:38:00 witherspoon systemd[1]: Mounted Debug File System.
Aug 24 14:38:00 witherspoon systemd[1]: Mounted Temporary Directory.
Aug 24 14:38:00 witherspoon systemd[1]: Started Journal Service.
Aug 24 14:38:00 witherspoon systemd[1]: Started Apply Kernel Variables.
Aug 24 14:38:00 witherspoon systemd[1]: Started Remount Root and Kernel File Systems.
Aug 24 14:38:00 witherspoon systemd[1]: Starting Create System Users...
Aug 24 14:38:00 witherspoon systemd[1]: Starting Flush Journal to Persistent Storage...
Aug 24 14:38:01 witherspoon systemd[1]: Started udev Coldplug all Devices.
Aug 24 14:38:01 witherspoon systemd[1]: Started Create System Users.
Aug 24 14:38:02 witherspoon systemd[1]: Starting Create Static Device Nodes in /dev...
Aug 24 14:38:02 witherspoon systemd-journald[675]: Runtime journal (/run/log/journal/cc6e1404d87444e8a089dfdb00a18f7d) is 0B, max 0B, 0B free.
Aug 24 14:38:02 witherspoon systemd[1]: Started Flush Journal to Persistent Storage.
Aug 24 14:38:02 witherspoon systemd[1]: Started Create Static Device Nodes in /dev.
Aug 24 14:38:03 witherspoon systemd[1]: Reached target Local File Systems (Pre).
Aug 24 14:38:03 witherspoon systemd[1]: Mounting /var/volatile...
Aug 24 14:38:03 witherspoon systemd[1]: Mounting /usr/local...
Aug 24 14:38:03 witherspoon systemd[1]: Starting udev Kernel Device Manager...
Aug 24 14:38:03 witherspoon systemd[1]: Mounted /var/volatile.
Aug 24 14:38:03 witherspoon systemd[1]: Starting Load/Save Random Seed...
Aug 24 14:38:03 witherspoon systemd[1]: Reached target Local File Systems.
Aug 24 14:38:03 witherspoon systemd[1]: Starting Create Volatile Files and Directories...
Aug 24 14:38:03 witherspoon systemd[1]: Starting Rebuild Journal Catalog...
Aug 24 14:38:03 witherspoon systemd[1]: Mounted /usr/local.
Aug 24 14:38:03 witherspoon systemd[1]: Started Load/Save Random Seed.
Aug 24 14:38:03 witherspoon systemd[1]: Started Rebuild Journal Catalog.
Aug 24 14:38:04 witherspoon systemd-tmpfiles[924]: "/var/tmp" already exists and is not a directory.
Aug 24 14:38:04 witherspoon systemd-tmpfiles[924]: "/var/log" already exists and is not a directory.
Aug 24 14:38:04 witherspoon systemd[1]: Started Create Volatile Files and Directories.
Aug 24 14:38:04 witherspoon systemd[1]: Starting Network Time Synchronization...
Aug 24 14:38:04 witherspoon systemd[1]: Starting Update is Completed...
Aug 24 14:38:04 witherspoon systemd[1]: Started udev Kernel Device Manager.
Aug 24 14:38:04 witherspoon systemd[1]: Started Network Time Synchronization.
Aug 24 14:38:04 witherspoon systemd[1]: Reached target System Time Synchronized.
Aug 24 14:38:04 witherspoon systemd[1]: Started Update is Completed.
Aug 24 14:38:04 witherspoon systemd[1]: Reached target System Initialization.
Aug 24 14:38:04 witherspoon systemd[1]: Listening on phosphor-ipmi-net.socket.
Aug 24 14:38:05 witherspoon systemd[1]: Started Daily Cleanup of Temporary Directories.
Aug 24 14:38:05 witherspoon systemd[1]: Reached target Timers.
Aug 24 14:38:05 witherspoon systemd[1]: Listening on Phosphor Host Console SSH Per-Connection socket.
Aug 24 14:38:05 witherspoon systemd[1]: Listening on Avahi mDNS/DNS-SD Stack Activation Socket.
Aug 24 14:38:05 witherspoon systemd[1]: Listening on dropbear.socket.
Aug 24 14:38:05 witherspoon systemd[1]: Listening on D-Bus System Message Bus Socket.
Aug 24 14:38:05 witherspoon systemd[1]: Listening on Phosphor Webserver socket.
Aug 24 14:38:05 witherspoon systemd[1]: Listening on Phosphor DBUS Browser socket.
Aug 24 14:38:06 witherspoon systemd[1]: Reached target Sockets.
Aug 24 14:38:06 witherspoon systemd[1]: Reached target Basic System.
Aug 24 14:38:06 witherspoon systemd[1]: Starting Phosphor Sensor Manager...
Aug 24 14:38:06 witherspoon systemd[1]: Starting Phosphor DBus Service Discovery Manager...
Aug 24 14:38:06 witherspoon systemd-udevd[937]: rename '/dev/mtd/.tmp-c90:11' '/dev/mtd/' failed: Not a directory
Aug 24 14:38:06 witherspoon systemd-udevd[941]: rename '/dev/mtd/.tmp-c90:9' '/dev/mtd/' failed: Not a directory
Aug 24 14:38:06 witherspoon systemd-udevd[933]: rename '/dev/mtd/.tmp-c90:7' '/dev/mtd/' failed: Not a directory
Aug 24 14:38:06 witherspoon systemd-udevd[942]: rename '/dev/mtd/.tmp-c90:5' '/dev/mtd/' failed: Not a directory
Aug 24 14:38:06 witherspoon systemd[1]: Starting Updates symlinks for active PNOR version...
Aug 24 14:38:06 witherspoon systemd-udevd[943]: rename '/dev/mtd/.tmp-c90:15' '/dev/mtd/' failed: Not a directory
Aug 24 14:38:06 witherspoon systemd-udevd[932]: rename '/dev/mtd/.tmp-c90:13' '/dev/mtd/' failed: Not a directory
Aug 24 14:38:06 witherspoon systemd-udevd[940]: rename '/dev/mtd/.tmp-c90:1' '/dev/mtd/' failed: Not a directory
Aug 24 14:38:06 witherspoon systemd[1]: Starting Clear one time boot overrides...
Aug 24 14:38:06 witherspoon systemd[1]: Starting Phosphor Download Manager...
Aug 24 14:38:06 witherspoon systemd[1]: Starting Phosphor Log Manager...
Aug 24 14:38:06 witherspoon systemd[1]: Starting Remount the ubi volume after a reboot...
Aug 24 14:38:06 witherspoon systemd[1]: Starting Phosphor User Manager...
Aug 24 14:38:06 witherspoon systemd[1]: Started Hardware RNG Entropy Gatherer Daemon.
Aug 24 14:38:06 witherspoon systemd[1]: Starting Phosphor Settings Daemon...
Aug 24 14:38:06 witherspoon systemd[1]: Starting Avahi mDNS/DNS-SD Stack...
Aug 24 14:38:06 witherspoon systemd[1]: Starting Phosphor Network Manager...
Aug 24 14:38:06 witherspoon systemd[1]: Starting Remount the squashfs and ubi volumes after a reboot...
Aug 24 14:38:06 witherspoon systemd[1]: Started D-Bus System Message Bus.
Aug 24 14:38:07 witherspoon systemd-udevd[939]: rename '/dev/mtd/.tmp-c90:3' '/dev/mtd/' failed: Not a directory
Aug 24 14:38:09 witherspoon obmc-flash-bmc[959]: hexdump: /dev/mtd: Is a directory
Aug 24 14:38:09 witherspoon kernel: ubi7: default fastmap pool size: 100
Aug 24 14:38:09 witherspoon kernel: ubi7: default fastmap WL pool size: 50
Aug 24 14:38:09 witherspoon kernel: ubi7: attaching mtd7
Aug 24 14:38:09 witherspoon kernel: ubi7: scanning is finished
Aug 24 14:38:09 witherspoon obmc-flash-bios[965]: UBI device number 7, total 2048 LEBs (133955584 bytes, 127.8 MiB), available 1110 LEBs (72602880 bytes, 69.2 MiB), LEB size 65408 bytes (63.9 KiB)
Aug 24 14:38:09 witherspoon kernel: ubi7: attached mtd7 (name "pnor", size 128 MiB)
Aug 24 14:38:09 witherspoon kernel: ubi7: PEB size: 65536 bytes (64 KiB), LEB size: 65408 bytes
Aug 24 14:38:09 witherspoon kernel: ubi7: min./max. I/O unit sizes: 1/256, sub-page size 1
Aug 24 14:38:09 witherspoon kernel: ubi7: VID header offset: 64 (aligned 64), data offset: 128
Aug 24 14:38:09 witherspoon kernel: ubi7: good PEBs: 2048, bad PEBs: 0, corrupted PEBs: 0
Aug 24 14:38:09 witherspoon kernel: ubi7: user volume: 4, internal volumes: 1, max. volumes count: 128
Aug 24 14:38:09 witherspoon kernel: ubi7: max/mean erase counter: 1/0, WL threshold: 4096, image sequence number: 390850788
Aug 24 14:38:09 witherspoon kernel: ubi7: available PEBs: 1110, total reserved PEBs: 938, PEBs reserved for bad PEB handling: 0
Aug 24 14:38:09 witherspoon kernel: ubi7: background thread "ubi_bgt7d" started, PID 989
Aug 24 14:38:10 witherspoon obmc-flash-bios[954]: '/var/lib/phosphor-software-manager/pnor/ro' -> '/media/pnor-ro-fd2cbe15'
Aug 24 14:38:10 witherspoon obmc-flash-bios[954]: '/var/lib/phosphor-software-manager/pnor/rw' -> '/media/pnor-rw-fd2cbe15'
Aug 24 14:38:10 witherspoon obmc-flash-bios[954]: '/var/lib/phosphor-software-manager/pnor/prsv' -> '/media/pnor-prsv'
Aug 24 14:38:11 witherspoon avahi-daemon[963]: Found user 'avahi' (UID 999) and group 'avahi' (GID 999).
Aug 24 14:38:11 witherspoon avahi-daemon[963]: Successfully dropped root privileges.
Aug 24 14:38:11 witherspoon avahi-daemon[963]: avahi-daemon 0.6.32 starting up.
Aug 24 14:38:12 witherspoon avahi-daemon[963]: Successfully called chroot().
Aug 24 14:38:12 witherspoon avahi-daemon[963]: Successfully dropped remaining capabilities.
Aug 24 14:38:12 witherspoon avahi-daemon[963]: Loading service file /services/obmc_console.service.
Aug 24 14:38:12 witherspoon avahi-daemon[963]: Loading service file /services/phosphor_rest.service.
Aug 24 14:38:12 witherspoon avahi-daemon[963]: Loading service file /services/sftp-ssh.service.
Aug 24 14:38:12 witherspoon avahi-daemon[963]: Loading service file /services/sftp.service.
Aug 24 14:38:12 witherspoon avahi-daemon[963]: Loading service file /services/ssh.service.
Aug 24 14:38:12 witherspoon avahi-daemon[963]: Network interface enumeration completed.
Aug 24 14:38:12 witherspoon avahi-daemon[963]: Server startup complete. Host name is witherspoon.local. Local service cookie is 803341343.
Aug 24 14:38:12 witherspoon avahi-daemon[963]: Service "witherspoon" (/services/ssh.service) successfully established.
Aug 24 14:38:12 witherspoon avahi-daemon[963]: Service "sftp" (/services/sftp.service) successfully established.
Aug 24 14:38:12 witherspoon avahi-daemon[963]: Service "witherspoon" (/services/sftp-ssh.service) successfully established.
Aug 24 14:38:12 witherspoon avahi-daemon[963]: Service "phosphor_rest" (/services/phosphor_rest.service) successfully established.
Aug 24 14:38:12 witherspoon avahi-daemon[963]: Service "obmc_console" (/services/obmc_console.service) successfully established.
Aug 24 14:38:14 witherspoon systemd[1]: Started Avahi mDNS/DNS-SD Stack.
Aug 24 14:38:14 witherspoon systemd[1]: Started Phosphor Settings Daemon.
Aug 24 14:38:14 witherspoon systemd[1]: Starting Network Service...
Aug 24 14:38:14 witherspoon systemd[1]: Starting Phosphor Inventory Manager...
Aug 24 14:38:14 witherspoon systemd[1]: Starting Phosphor IPMI BT DBus Bridge...
Aug 24 14:38:14 witherspoon systemd[1]: Started System Logging Service.
Aug 24 14:38:14 witherspoon systemd[1]: Starting Phosphor Dump Manager...
Aug 24 14:38:14 witherspoon systemd[1]: Starting Phosphor Inventory Manager...
Aug 24 14:38:14 witherspoon systemd[1]: Starting Phosphor BMC0 Control...
Aug 24 14:38:14 witherspoon systemd[1]: Starting Phosphor Download Manager...
Aug 24 14:38:14 witherspoon systemd[1]: Reached target Containers.
Aug 24 14:38:14 witherspoon systemd[1]: Starting Phosphor Chassis0 Control...
Aug 24 14:38:14 witherspoon systemd[1]: Starting Phosphor LED Group Management Daemon...
Aug 24 14:38:14 witherspoon systemd[1]: Started Phosphor Dump core monitor..
Aug 24 14:38:14 witherspoon systemd[1]: Started Kernel Logging Service.
Aug 24 14:38:14 witherspoon kernel[1039]: klogd started: BusyBox v1.24.1 (2017-06-16 19:29:08 UTC)
Aug 24 14:38:14 witherspoon kernel[1039]: [    0.000000] Booting Linux on physical CPU 0x0
Aug 24 14:38:14 witherspoon kernel[1039]: [    0.000000] Linux version 4.10.17-ba30e9ed152bab62f72da24986ee5ca22d6c9b07 (jenkins@openbmc-builder1) (gcc version 6.2.0 (GCC) ) #1 Thu Aug 24 13:31:40 UTC 2017
Aug 24 14:38:14 witherspoon kernel[1039]: [    0.000000] CPU: ARMv6-compatible processor [410fb767] revision 7 (ARMv7), cr=00c5387d
Aug 24 14:38:14 witherspoon kernel[1039]: [    0.000000] CPU: PIPT / VIPT nonaliasing data cache, VIPT nonaliasing instruction cache
Aug 24 14:38:14 witherspoon kernel[1039]: [    0.000000] OF: fdt:Machine model: Witherspoon BMC
Aug 24 14:38:14 witherspoon kernel[1039]: [    0.000000] Memory policy: Data cache writeback
Aug 24 14:38:14 witherspoon kernel[1039]: [    0.000000] SOC Rev: 04030303
Aug 24 14:38:14 witherspoon kernel[1039]: [    0.000000] On node 0 totalpages: 110592
Aug 24 14:38:14 witherspoon kernel[1039]: [    0.000000] free_area_init_node: node 0, pgdat 80601864, node_mem_map 9ec1a000
Aug 24 14:38:14 witherspoon kernel[1039]: [    0.000000]   Normal zone: 992 pages used for memmap
Aug 24 14:38:14 witherspoon kernel[1039]: [    0.000000]   Normal zone: 0 pages reserved
Aug 24 14:38:14 witherspoon kernel[1039]: [    0.000000]   Normal zone: 110592 pages, LIFO batch:31
Aug 24 14:38:14 witherspoon kernel[1039]: [    0.000000] pcpu-alloc: s0 r0 d32768 u32768 alloc=1*32768
Aug 24 14:38:14 witherspoon kernel[1039]: [    0.000000] pcpu-alloc: [0] 0
Aug 24 14:38:14 witherspoon kernel[1039]: [    0.000000] Built 1 zonelists in Zone order, mobility grouping on.  Total pages: 109600
Aug 24 14:38:14 witherspoon kernel[1039]: [    0.000000] Kernel command line: console=ttyS4,115200n8 root=/dev/ram rw
Aug 24 14:38:14 witherspoon kernel[1039]: [    0.000000] PID hash table entries: 2048 (order: 1, 8192 bytes)
Aug 24 14:38:14 witherspoon kernel[1039]: [    0.000000] Dentry cache hash table entries: 65536 (order: 6, 262144 bytes)
Aug 24 14:38:14 witherspoon kernel[1039]: [    0.000000] Inode-cache hash table entries: 32768 (order: 5, 131072 bytes)
Aug 24 14:38:14 witherspoon kernel[1039]: [    0.000000] Memory: 430420K/442368K available (4074K kernel code, 281K rwdata, 1196K rodata, 280K init, 111K bss, 11948K reserved, 0K cma-reserved)
Aug 24 14:38:14 witherspoon kernel[1039]: [    0.000000] Virtual kernel memory layout:
Aug 24 14:38:14 witherspoon kernel[1039]: [    0.000000]     vector  : 0xffff0000 - 0xffff1000   (   4 kB)
Aug 24 14:38:14 witherspoon kernel[1039]: [    0.000000]     fixmap  : 0xffc00000 - 0xfff00000   (3072 kB)
Aug 24 14:38:14 witherspoon kernel[1039]: [    0.000000]     vmalloc : 0x9f800000 - 0xff800000   (1536 MB)
Aug 24 14:38:14 witherspoon kernel[1039]: [    0.000000]     lowmem  : 0x80000000 - 0x9f000000   ( 496 MB)
Aug 24 14:38:14 witherspoon kernel[1039]: [    0.000000]       .text : 0x80008000 - 0x80402d80   (4076 kB)
Aug 24 14:38:14 witherspoon kernel[1039]: [    0.000000]       .init : 0x80588000 - 0x805ce000   ( 280 kB)
Aug 24 14:38:14 witherspoon kernel[1039]: [    0.000000]       .data : 0x805ce000 - 0x80614710   ( 282 kB)
Aug 24 14:38:14 witherspoon kernel[1039]: [    0.000000]        .bss : 0x80614710 - 0x806305b8   ( 112 kB)
Aug 24 14:38:14 witherspoon kernel[1039]: [    0.000000] NR_IRQS:16 nr_irqs:16 16
Aug 24 14:38:14 witherspoon kernel[1039]: [    0.000000] i2c controller registered, irq 16
Aug 24 14:38:14 witherspoon kernel[1039]: [    0.000000] clocksource: moxart_timer: mask: 0xffffffff max_cycles: 0xffffffff, max_idle_ns: 77222644334 ns
Aug 24 14:38:14 witherspoon kernel[1039]: [    0.000000] sched_clock: 32 bits at 100 Hz, resolution 10000000ns, wraps every 21474836475000000ns
Aug 24 14:38:14 witherspoon kernel[1039]: [    0.090000] Calibrating delay loop... 789.70 BogoMIPS (lpj=3948544)
Aug 24 14:38:14 witherspoon kernel[1039]: [    0.090000] pid_max: default: 32768 minimum: 301
Aug 24 14:38:14 witherspoon kernel[1039]: [    0.090000] Mount-cache hash table entries: 1024 (order: 0, 4096 bytes)
Aug 24 14:38:14 witherspoon kernel[1039]: [    0.090000] Mountpoint-cache hash table entries: 1024 (order: 0, 4096 bytes)
Aug 24 14:38:14 witherspoon kernel[1039]: [    0.090000] CPU: Testing write buffer coherency: ok
Aug 24 14:38:14 witherspoon kernel[1039]: [    0.090000] ftrace: allocating 14975 entries in 44 pages
Aug 24 14:38:14 witherspoon kernel[1039]: [    0.120000] Setting up static identity map for 0x80008200 - 0x8000825c
Aug 24 14:38:14 witherspoon kernel[1039]: [    0.120000] devtmpfs: initialized
Aug 24 14:38:14 witherspoon kernel[1039]: [    0.140000] clocksource: jiffies: mask: 0xffffffff max_cycles: 0xffffffff, max_idle_ns: 19112604462750000 ns
Aug 24 14:38:14 witherspoon kernel[1039]: [    0.140000] futex hash table entries: 256 (order: -1, 3072 bytes)
Aug 24 14:38:14 witherspoon kernel[1039]: [    0.140000] pinctrl core: initialized pinctrl subsystem
Aug 24 14:38:14 witherspoon kernel[1039]: [    0.150000] NET: Registered protocol family 16
Aug 24 14:38:15 witherspoon systemd[1]: Started Updates symlinks for active PNOR version.
Aug 24 14:38:14 witherspoon kernel[1039]: [    0.150000] DMA: preallocated 256 KiB pool for atomic coherent allocations
Aug 24 14:38:15 witherspoon systemd[1]: Started Clear one time boot overrides.
Aug 24 14:38:14 witherspoon kernel[1039]: [    0.210000] usbcore: registered new interface driver usbfs
Aug 24 14:38:17 witherspoon systemd[1]: Found device /dev/aspeed-lpc-ctrl.
Aug 24 14:38:14 witherspoon kernel[1039]: [    0.210000] usbcore: registered new interface driver hub
Aug 24 14:38:17 witherspoon systemd[1]: Found device /dev/aspeed-mbox.
Aug 24 14:38:14 witherspoon kernel[1039]: [    0.220000] usbcore: registered new device driver usb
Aug 24 14:38:14 witherspoon kernel[1039]: [    0.220000] clocksource: Switched to clocksource moxart_timer
Aug 24 14:38:14 witherspoon kernel[1039]: [    0.240000] NET: Registered protocol family 2
Aug 24 14:38:14 witherspoon kernel[1039]: [    0.240000] TCP established hash table entries: 4096 (order: 2, 16384 bytes)
Aug 24 14:38:14 witherspoon kernel[1039]: [    0.240000] TCP bind hash table entries: 4096 (order: 2, 16384 bytes)
Aug 24 14:38:14 witherspoon kernel[1039]: [    0.240000] TCP: Hash tables configured (established 4096 bind 4096)
Aug 24 14:38:14 witherspoon kernel[1039]: [    0.240000] UDP hash table entries: 256 (order: 0, 4096 bytes)
Aug 24 14:38:14 witherspoon kernel[1039]: [    0.240000] UDP-Lite hash table entries: 256 (order: 0, 4096 bytes)
Aug 24 14:38:14 witherspoon kernel[1039]: [    0.240000] NET: Registered protocol family 1
Aug 24 14:38:18 witherspoon kernel: ubi: mtd7 is already attached to ubi7
Aug 24 14:38:18 witherspoon kernel: 8021q: adding VLAN 0 to HW filter on device eth0
Aug 24 14:38:14 witherspoon kernel[1039]: [    0.240000] Trying to unpack rootfs image as initramfs...
Aug 24 14:38:18 witherspoon systemd-networkd[1027]: Enumeration completed
Aug 24 14:38:14 witherspoon kernel[1039]: [    1.910000] Freeing initrd memory: 1548K
Aug 24 14:38:18 witherspoon systemd-networkd[1027]: eth0: IPv6 enabled for interface: Success
Aug 24 14:38:14 witherspoon kernel[1039]: [    1.910000] workingset: timestamp_bits=30 max_order=17 bucket_order=0
Aug 24 14:38:18 witherspoon systemd-networkd[1027]: eth0: Gained carrier
Aug 24 14:38:14 witherspoon kernel[1039]: [    1.910000] squashfs: version 4.0 (2009/01/31) Phillip Lougher
Aug 24 14:38:18 witherspoon systemd-timesyncd[930]: Network configuration changed, trying to establish connection.
Aug 24 14:38:14 witherspoon kernel[1039]: [    1.910000] jffs2: version 2.2. (SUMMARY)  © 2001-2006 Red Hat, Inc.
Aug 24 14:38:14 witherspoon kernel[1039]: [    1.910000] Block layer SCSI generic (bsg) driver version 0.4 loaded (major 250)
Aug 24 14:38:14 witherspoon kernel[1039]: [    1.910000] io scheduler noop registered
Aug 24 14:38:14 witherspoon kernel[1039]: [    1.910000] io scheduler deadline registered
Aug 24 14:38:14 witherspoon kernel[1039]: [    1.910000] io scheduler cfq registered (default)
Aug 24 14:38:14 witherspoon kernel[1039]: [    2.060000] ipmi-bt-host 1e789140.ibt: Found bt bmc device
Aug 24 14:38:18 witherspoon systemd[1]: Started Network Service.
Aug 24 14:38:14 witherspoon kernel[1039]: [    2.060000] ipmi-bt-host 1e789140.ibt: Using IRQ 22
Aug 24 14:38:19 witherspoon systemd[1]: Found device /dev/ttyS4.
Aug 24 14:38:14 witherspoon kernel[1039]: [    2.060000] Serial: 8250/16550 driver, 6 ports, IRQ sharing enabled
Aug 24 14:38:19 witherspoon systemd-networkd[1027]: eth0: Gained IPv6LL
Aug 24 14:38:14 witherspoon kernel[1039]: [    2.060000] 1e787000.vuart: ttyS0 at MMIO 0x1e787000 (irq = 22, base_baud = 1500000) is a 16550A
Aug 24 14:38:20 witherspoon systemd[1]: Started Remount the ubi volume after a reboot.
Aug 24 14:38:14 witherspoon kernel[1039]: [    2.060000] 1e783000.serial: ttyS1 at MMIO 0x1e783000 (irq = 23, base_baud = 1500000) is a 16550A
Aug 24 14:38:20 witherspoon systemd[1]: Found device /dev/ttyVUART0.
Aug 24 14:38:14 witherspoon kernel[1039]: [    2.060000] 1e78d000.serial: ttyS2 at MMIO 0x1e78d000 (irq = 24, base_baud = 1500000) is a 16550A
Aug 24 14:38:14 witherspoon kernel[1039]: [    2.060000] 1e784000.serial: ttyS4 at MMIO 0x1e784000 (irq = 25, base_baud = 1500000) is a 16550A
Aug 24 14:38:14 witherspoon kernel[1039]: [    2.480000] console [ttyS4] enabled
Aug 24 14:38:14 witherspoon kernel[1039]: [    2.530000] timeriomem_rng 1e6e2078.hwrng: 32bits from 0xf00e2078 @ 1us
Aug 24 14:38:14 witherspoon kernel[1039]: [    2.540000] random: fast init done
Aug 24 14:38:14 witherspoon kernel[1039]: [    2.560000] random: crng init done
Aug 24 14:38:14 witherspoon kernel[1039]: [    2.590000] brd: module loaded
Aug 24 14:38:14 witherspoon kernel[1039]: [    2.610000] loop: module loaded
Aug 24 14:38:14 witherspoon kernel[1039]: [    2.620000] aspeed-lpc-ctrl 1e789080.lpc-ctrl: Loaded at 0x98000000 (0x04000000)
Aug 24 14:38:14 witherspoon kernel[1039]: [    2.630000] aspeed-smc 1e620000.flash-controller: Using IRQ 18
Aug 24 14:38:14 witherspoon kernel[1039]: [    2.640000] aspeed-smc 1e620000.flash-controller: DMA support disabled.
Aug 24 14:38:14 witherspoon kernel[1039]: [    2.640000] aspeed-smc 1e620000.flash-controller: mx25l25635e (32768 Kbytes)
Aug 24 14:38:14 witherspoon kernel[1039]: [    2.640000] aspeed-smc 1e620000.flash-controller: CE0 window [ 0x20000000 - 0x22000000 ] 32MB
Aug 24 14:38:14 witherspoon kernel[1039]: [    2.660000] aspeed-smc 1e620000.flash-controller: CE1 window [ 0x22000000 - 0x2a000000 ] 128MB
Aug 24 14:38:14 witherspoon kernel[1039]: [    2.660000] 5 ofpart partitions found on MTD device bmc
Aug 24 14:38:14 witherspoon kernel[1039]: [    2.660000] Creating 5 MTD partitions on "bmc":
Aug 24 14:38:14 witherspoon kernel[1039]: [    2.660000] 0x000000000000-0x000000060000 : "u-boot"
Aug 24 14:38:14 witherspoon kernel[1039]: [    2.690000] 0x000000060000-0x000000080000 : "u-boot-env"
Aug 24 14:38:14 witherspoon kernel[1039]: [    2.700000] 0x000000080000-0x0000004c0000 : "kernel"
Aug 24 14:38:14 witherspoon kernel[1039]: [    2.710000] 0x0000004c0000-0x000001c00000 : "rofs"
Aug 24 14:38:14 witherspoon kernel[1039]: [    2.720000] 0x000001c00000-0x000002000000 : "rwfs"
Aug 24 14:38:14 witherspoon kernel[1039]: [    2.730000] aspeed-smc 1e620000.flash-controller: mx25l25635e (32768 Kbytes)
Aug 24 14:38:14 witherspoon kernel[1039]: [    2.740000] aspeed-smc 1e620000.flash-controller: CE1 window [ 0x22000000 - 0x24000000 ] 32MB
Aug 24 14:38:14 witherspoon kernel[1039]: [    2.750000] aspeed-smc 1e620000.flash-controller: CE2 window [ 0x24000000 - 0x2c000000 ] 128MB
Aug 24 14:38:14 witherspoon kernel[1039]: [    2.760000] aspeed-smc 1e630000.flash-controller: mx66l1g45g (131072 Kbytes)
Aug 24 14:38:14 witherspoon kernel[1039]: [    2.760000] aspeed-smc 1e630000.flash-controller: CE0 window resized to 120MB (AST2500 HW quirk)
Aug 24 14:38:14 witherspoon kernel[1039]: [    2.780000] aspeed-smc 1e630000.flash-controller: CE0 window [ 0x30000000 - 0x37800000 ] 120MB
Aug 24 14:38:22 witherspoon kernel: ftgmac100 1e660000.ethernet eth0: ncsi: removed vlan tag 0 at index 1
Aug 24 14:38:22 witherspoon kernel: ftgmac100 1e660000.ethernet eth0: ncsi: removed vlan tag 0 at index 2
Aug 24 14:38:22 witherspoon kernel: ftgmac100 1e660000.ethernet eth0: no vlan ids left to set
Aug 24 14:38:22 witherspoon kernel: ftgmac100 1e660000.ethernet eth0: NCSI interface up
Aug 24 14:38:14 witherspoon kernel[1039]: [    2.780000] aspeed-smc 1e630000.flash-controller: CE0 window too small for chip 128MB
Aug 24 14:38:14 witherspoon kernel[1039]: [    2.780000] aspeed-smc 1e630000.flash-controller: CE1 window [ 0x37800000 - 0x38000000 ] 8MB
Aug 24 14:38:14 witherspoon kernel[1039]: [    3.530000] libphy: Fixed MDIO Bus: probed
Aug 24 14:38:14 witherspoon kernel[1039]: [    3.530000] ftgmac100 1e660000.ethernet: Read MAC address 70:e2:84:14:23:e1 from chip
Aug 24 14:38:14 witherspoon kernel[1039]: [    3.530000] ftgmac100 1e660000.ethernet: Using NCSI interface
Aug 24 14:38:14 witherspoon kernel[1039]: [    3.530000] ftgmac100 1e660000.ethernet eth0: irq 20, mapped at f0060000
Aug 24 14:38:14 witherspoon kernel[1039]: [    3.530000] ehci_hcd: USB 2.0 'Enhanced' Host Controller (EHCI) Driver
Aug 24 14:38:14 witherspoon kernel[1039]: [    3.530000] ehci-platform: EHCI generic platform driver
Aug 24 14:38:14 witherspoon kernel[1039]: [    3.770000]  fsi0: can't read slave 00:00 -5
Aug 24 14:38:14 witherspoon kernel[1039]: [    3.770000] i2c /dev entries driver
Aug 24 14:38:14 witherspoon kernel[1039]: [    3.770000] aspeed-i2c-bus 1e78a0c0.i2c-bus: i2c bus 2 registered, irq 26
Aug 24 14:38:14 witherspoon kernel[1039]: [    3.770000] aspeed-i2c-bus 1e78a100.i2c-bus: i2c bus 3 registered, irq 27
Aug 24 14:38:14 witherspoon kernel[1039]: [    3.770000] aspeed-i2c-bus 1e78a140.i2c-bus: i2c bus 4 registered, irq 28
Aug 24 14:38:14 witherspoon kernel[1039]: [    3.770000] aspeed-i2c-bus 1e78a180.i2c-bus: i2c bus 5 registered, irq 29
Aug 24 14:38:14 witherspoon kernel[1039]: [    3.770000] aspeed-i2c-bus 1e78a380.i2c-bus: i2c bus 9 registered, irq 30
Aug 24 14:38:14 witherspoon kernel[1039]: [    3.770000] aspeed-i2c-bus 1e78a3c0.i2c-bus: i2c bus 10 registered, irq 31
Aug 24 14:38:14 witherspoon kernel[1039]: [    3.770000] rtc-rv8803 11-0032: Voltage low, temperature compensation stopped.
Aug 24 14:38:14 witherspoon kernel[1039]: [    3.770000] rtc-rv8803 11-0032: An alarm maybe have been missed.
Aug 24 14:38:14 witherspoon kernel[1039]: [    3.880000] rtc-rv8803 11-0032: rtc core: registered rx8900 as rtc0
Aug 24 14:38:14 witherspoon kernel[1039]: [    3.890000] at24 11-0051: 8192 byte 24c64 EEPROM, writable, 1 bytes/write
Aug 24 14:38:14 witherspoon kernel[1039]: [    3.890000] aspeed-i2c-bus 1e78a400.i2c-bus: i2c bus 11 registered, irq 32
Aug 24 14:38:14 witherspoon kernel[1039]: [    3.890000] aspeed-i2c-bus 1e78a440.i2c-bus: i2c bus 12 registered, irq 33
Aug 24 14:38:14 witherspoon kernel[1039]: [    3.890000] aspeed-i2c-bus 1e78a480.i2c-bus: i2c bus 13 registered, irq 34
Aug 24 14:38:14 witherspoon kernel[1039]: [    3.890000] Driver for 1-wire Dallas network protocol.
Aug 24 14:38:14 witherspoon kernel[1039]: [    3.890000] lm75 9-004a: hwmon0: sensor 'tmp275'
Aug 24 14:38:14 witherspoon kernel[1039]: [    5.660000] ucd9000 11-0064: Device ID UCD90160|2.3.4.0000|110603
Aug 24 14:38:14 witherspoon kernel[1039]: [    6.340000] leds-pca955x 3-0060: leds-pca955x: Using pca9552 16-bit LED driver at slave address 0x60
Aug 24 14:38:14 witherspoon kernel[1039]: [    6.350000] leds-pca955x 3-0060: gpios 264...279
Aug 24 14:38:14 witherspoon kernel[1039]: [    6.360000] leds-pca955x 11-0060: leds-pca955x: Using pca9552 16-bit LED driver at slave address 0x60
Aug 24 14:38:14 witherspoon kernel[1039]: [    6.370000] leds-pca955x 11-0060: gpios 248...263
Aug 24 14:38:14 witherspoon kernel[1039]: [    6.370000] usbcore: registered new interface driver usbhid
Aug 24 14:38:14 witherspoon kernel[1039]: [    6.380000] usbhid: USB HID core driver
Aug 24 14:38:14 witherspoon kernel[1039]: [    6.430000] NET: Registered protocol family 10
Aug 24 14:38:14 witherspoon kernel[1039]: [    6.430000] Segment Routing with IPv6
Aug 24 14:38:14 witherspoon kernel[1039]: [    6.440000] NET: Registered protocol family 17
Aug 24 14:38:14 witherspoon kernel[1039]: [    6.440000] 8021q: 802.1Q VLAN Support v1.8
Aug 24 14:38:14 witherspoon kernel[1039]: [    6.460000] input: gpio-keys-polled as /devices/platform/gpio-keys-polled/input/input1
Aug 24 14:38:14 witherspoon kernel[1039]: [    6.480000] console [netcon0] enabled
Aug 24 14:38:14 witherspoon kernel[1039]: [    6.490000] netconsole: network logging started
Aug 24 14:38:14 witherspoon kernel[1039]: [    6.490000] input: gpio-keys as /devices/platform/gpio-keys/input/input2
Aug 24 14:38:14 witherspoon kernel[1039]: [    6.500000] rtc-rv8803 11-0032: setting system clock to 2017-08-24 14:37:50 UTC (1503585470)
Aug 24 14:38:14 witherspoon kernel[1039]: [    6.510000] Freeing unused kernel memory: 280K
Aug 24 14:38:14 witherspoon kernel[1039]: [    6.510000] This architecture does not have kernel memory protection.
Aug 24 14:38:14 witherspoon kernel[1039]: [    8.060000] jffs2: notice: (540) jffs2_build_xattr_subsystem: complete building xattr subsystem, 0 of xdatum (0 unchecked, 0 orphan) and 0 of xref (0 dead, 0 orphan) found.
Aug 24 14:38:14 witherspoon kernel[1039]: [   10.160000] systemd[1]: Failed to insert module 'autofs4': No such file or directory
Aug 24 14:38:14 witherspoon kernel[1039]: [   10.370000] systemd[1]: systemd 232 running in system mode. (+PAM -AUDIT -SELINUX -IMA -APPARMOR -SMACK +SYSVINIT -UTMP -LIBCRYPTSETUP -GCRYPT -GNUTLS +ACL +XZ -LZ4 -SECCOMP +BLKID -ELFUTILS +KMOD -IDN)
Aug 24 14:38:14 witherspoon kernel[1039]: [   10.370000] systemd[1]: Detected architecture arm.
Aug 24 14:38:14 witherspoon kernel[1039]: [   10.580000] systemd[1]: Set hostname to <witherspoon>.
Aug 24 14:38:14 witherspoon kernel[1039]: [   12.160000] systemd[1]: Reached target Swap.
Aug 24 14:38:14 witherspoon kernel[1039]: [   12.330000] systemd[1]: Listening on Network Service Netlink Socket.
Aug 24 14:38:14 witherspoon kernel[1039]: [   12.370000] systemd[1]: Listening on Syslog Socket.
Aug 24 14:38:14 witherspoon kernel[1039]: [   12.400000] systemd[1]: Listening on Journal Socket (/dev/log).
Aug 24 14:38:23 witherspoon kernel: block ubiblock7_0: created from ubi7:0(pnor-ro-fd2cbe15)
Aug 24 14:38:14 witherspoon kernel[1039]: [   12.440000] systemd[1]: Listening on udev Kernel Socket.
Aug 24 14:38:14 witherspoon kernel[1039]: [   12.480000] systemd[1]: Listening on Journal Socket.
Aug 24 14:38:14 witherspoon kernel[1039]: [   12.520000] systemd[1]: Started Dispatch Password Requests to Console Directory Watch.
Aug 24 14:38:14 witherspoon kernel[1039]: [   15.550000] systemd[1]: Created slice system-org.openbmc.control.Chassis.slice.
Aug 24 14:38:14 witherspoon kernel[1039]: [   15.790000] systemd[1]: Mounted Debug File System.
Aug 24 14:38:14 witherspoon kernel[1039]: [   16.040000] systemd[1]: Mounted Temporary Directory.
Aug 24 14:38:14 witherspoon kernel[1039]: [   16.300000] systemd[1]: Started Journal Service.
Aug 24 14:38:14 witherspoon kernel[1039]: [   18.400000] systemd-journald[675]: Received request to flush runtime journal from PID 1
Aug 24 14:38:14 witherspoon kernel[1039]: [   25.010000] ubi7: default fastmap pool size: 100
Aug 24 14:38:14 witherspoon kernel[1039]: [   25.010000] ubi7: default fastmap WL pool size: 50
Aug 24 14:38:14 witherspoon kernel[1039]: [   25.010000] ubi7: attaching mtd7
Aug 24 14:38:14 witherspoon kernel[1039]: [   25.010000] ubi7: scanning is finished
Aug 24 14:38:14 witherspoon kernel[1039]: [   25.280000] ubi7: attached mtd7 (name "pnor", size 128 MiB)
Aug 24 14:38:14 witherspoon kernel[1039]: [   25.280000] ubi7: PEB size: 65536 bytes (64 KiB), LEB size: 65408 bytes
Aug 24 14:38:14 witherspoon kernel[1039]: [   25.280000] ubi7: min./max. I/O unit sizes: 1/256, sub-page size 1
Aug 24 14:38:14 witherspoon kernel[1039]: [   25.280000] ubi7: VID header offset: 64 (aligned 64), data offset: 128
Aug 24 14:38:14 witherspoon kernel[1039]: [   25.280000] ubi7: good PEBs: 2048, bad PEBs: 0, corrupted PEBs: 0
Aug 24 14:38:14 witherspoon kernel[1039]: [   25.280000] ubi7: user volume: 4, internal volumes: 1, max. volumes count: 128
Aug 24 14:38:14 witherspoon kernel[1039]: [   25.280000] ubi7: max/mean erase counter: 1/0, WL threshold: 4096, image sequence number: 390850788
Aug 24 14:38:14 witherspoon kernel[1039]: [   25.280000] ubi7: available PEBs: 1110, total reserved PEBs: 938, PEBs reserved for bad PEB handling: 0
Aug 24 14:38:14 witherspoon kernel[1039]: [   25.280000] ubi7: background thread "ubi_bgt7d" started, PID 989
Aug 24 14:38:18 witherspoon avahi-daemon[963]: Joining mDNS multicast group on interface eth0.IPv4 with address 9.3.86.161.
Aug 24 14:38:18 witherspoon avahi-daemon[963]: New relevant interface eth0.IPv4 for mDNS.
Aug 24 14:38:18 witherspoon avahi-daemon[963]: Registering new address record for 9.3.86.161 on eth0.IPv4.
Aug 24 14:38:18 witherspoon kernel[1039]: [   32.300000] ubi: mtd7 is already attached to ubi7
Aug 24 14:38:18 witherspoon kernel[1039]: [   34.330000] 8021q: adding VLAN 0 to HW filter on device eth0
Aug 24 14:38:19 witherspoon avahi-daemon[963]: Joining mDNS multicast group on interface eth0.IPv6 with address fe80::72e2:84ff:fe14:23e1.
Aug 24 14:38:24 witherspoon kernel: UBIFS (ubi7:1): UBIFS: mounted UBI device 7, volume 1, name "pnor-rw-fd2cbe15"
Aug 24 14:38:24 witherspoon kernel: UBIFS (ubi7:1): LEB size: 65408 bytes (63 KiB), min./max. I/O unit sizes: 8 bytes/256 bytes
Aug 24 14:38:24 witherspoon kernel: UBIFS (ubi7:1): FS size: 16155776 bytes (15 MiB, 247 LEBs), journal size 784896 bytes (0 MiB, 12 LEBs)
Aug 24 14:38:24 witherspoon kernel: UBIFS (ubi7:1): reserved for root: 763076 bytes (745 KiB)
Aug 24 14:38:24 witherspoon kernel: UBIFS (ubi7:1): media format: w5/r0 (latest is w5/r0), UUID F0865EC4-B3A8-4A6B-99C5-FE33A6EA31CE, small LPT model
Aug 24 14:38:24 witherspoon kernel: UBIFS (ubi7:1): background thread "ubifs_bgt7_1" started, PID 1081
Aug 24 14:38:19 witherspoon avahi-daemon[963]: New relevant interface eth0.IPv6 for mDNS.
Aug 24 14:38:19 witherspoon avahi-daemon[963]: Registering new address record for fe80::72e2:84ff:fe14:23e1 on eth0.*.
Aug 24 14:38:21 witherspoon kernel[1039]: [   37.560000] ftgmac100 1e660000.ethernet eth0: ncsi: removed vlan tag 0 at index 1
Aug 24 14:38:21 witherspoon kernel[1039]: [   37.560000] ftgmac100 1e660000.ethernet eth0: ncsi: removed vlan tag 0 at index 2
Aug 24 14:38:21 witherspoon kernel[1039]: [   37.560000] ftgmac100 1e660000.ethernet eth0: no vlan ids left to set
Aug 24 14:38:21 witherspoon kernel[1039]: [   37.560000] ftgmac100 1e660000.ethernet eth0: NCSI interface up
Aug 24 14:38:23 witherspoon kernel[1039]: [   39.050000] block ubiblock7_0: created from ubi7:0(pnor-ro-fd2cbe15)
Aug 24 14:38:24 witherspoon kernel[1039]: [   40.230000] UBIFS (ubi7:1): UBIFS: mounted UBI device 7, volume 1, name "pnor-rw-fd2cbe15"
Aug 24 14:38:24 witherspoon kernel[1039]: [   40.230000] UBIFS (ubi7:1): LEB size: 65408 bytes (63 KiB), min./max. I/O unit sizes: 8 bytes/256 bytes
Aug 24 14:38:24 witherspoon kernel[1039]: [   40.230000] UBIFS (ubi7:1): FS size: 16155776 bytes (15 MiB, 247 LEBs), journal size 784896 bytes (0 MiB, 12 LEBs)
Aug 24 14:38:24 witherspoon kernel[1039]: [   40.230000] UBIFS (ubi7:1): reserved for root: 763076 bytes (745 KiB)
Aug 24 14:38:24 witherspoon kernel[1039]: [   40.230000] UBIFS (ubi7:1): media format: w5/r0 (latest is w5/r0), UUID F0865EC4-B3A8-4A6B-99C5-FE33A6EA31CE, small LPT model
Aug 24 14:38:24 witherspoon kernel[1039]: [   40.330000] UBIFS (ubi7:1): background thread "ubifs_bgt7_1" started, PID 1081
Aug 24 14:38:25 witherspoon systemd[1]: Started Phosphor Download Manager.
Aug 24 14:38:25 witherspoon systemd[1]: Started Phosphor IPMI BT DBus Bridge.
Aug 24 14:38:25 witherspoon systemd[1]: Started Phosphor Inventory Manager.
Aug 24 14:38:25 witherspoon systemd[1]: Started Phosphor Dump Manager.
Aug 24 14:38:25 witherspoon kernel: UBIFS (ubi7:2): UBIFS: mounted UBI device 7, volume 2, name "pnor-prsv"
Aug 24 14:38:25 witherspoon kernel: UBIFS (ubi7:2): LEB size: 65408 bytes (63 KiB), min./max. I/O unit sizes: 8 bytes/256 bytes
Aug 24 14:38:25 witherspoon kernel: UBIFS (ubi7:2): FS size: 1504384 bytes (1 MiB, 23 LEBs), journal size 523265 bytes (0 MiB, 6 LEBs)
Aug 24 14:38:25 witherspoon kernel: UBIFS (ubi7:2): reserved for root: 71055 bytes (69 KiB)
Aug 24 14:38:25 witherspoon kernel: UBIFS (ubi7:2): media format: w5/r0 (latest is w5/r0), UUID 0DBEAB19-1F84-420C-ADEC-7422167A40FF, small LPT model
Aug 24 14:38:25 witherspoon kernel[1039]: [   41.760000] UBIFS (ubi7:2): UBIFS: mounted UBI device 7, volume 2, name "pnor-prsv"
Aug 24 14:38:25 witherspoon kernel[1039]: [   41.760000] UBIFS (ubi7:2): LEB size: 65408 bytes (63 KiB), min./max. I/O unit sizes: 8 bytes/256 bytes
Aug 24 14:38:25 witherspoon kernel[1039]: [   41.760000] UBIFS (ubi7:2): FS size: 1504384 bytes (1 MiB, 23 LEBs), journal size 523265 bytes (0 MiB, 6 LEBs)
Aug 24 14:38:25 witherspoon kernel[1039]: [   41.760000] UBIFS (ubi7:2): reserved for root: 71055 bytes (69 KiB)
Aug 24 14:38:25 witherspoon kernel[1039]: [   41.820000] UBIFS (ubi7:2): media format: w5/r0 (latest is w5/r0), UUID 0DBEAB19-1F84-420C-ADEC-7422167A40FF, small LPT model
Aug 24 14:38:25 witherspoon kernel: UBIFS (ubi7:2): background thread "ubifs_bgt7_2" started, PID 1090
Aug 24 14:38:25 witherspoon kernel[1039]: [   41.880000] UBIFS (ubi7:2): background thread "ubifs_bgt7_2" started, PID 1090
Aug 24 14:38:26 witherspoon systemd[1]: Started Phosphor Log Manager.
Aug 24 14:38:26 witherspoon systemd[1]: Started Remount the squashfs and ubi volumes after a reboot.
Aug 24 14:38:26 witherspoon systemd[1]: Started Phosphor LED Group Management Daemon.
Aug 24 14:38:26 witherspoon systemd[1]: Starting OpenPower Software Update Manager...
Aug 24 14:38:29 witherspoon avahi-daemon[963]: Service name conflict for "obmc_console" (/services/obmc_console.service), retrying with "obmc_console #2".
Aug 24 14:38:27 witherspoon systemd[1]: Created slice system-xyz.openbmc_project.led.controller.slice.
Aug 24 14:38:29 witherspoon avahi-daemon[963]: Service name conflict for "sftp" (/services/sftp.service), retrying with "sftp #2".
Aug 24 14:38:27 witherspoon systemd[1]: Started Phosphor sysfs LED controller.
Aug 24 14:38:29 witherspoon avahi-daemon[963]: Service name conflict for "phosphor_rest" (/services/phosphor_rest.service), retrying with "phosphor_rest #2".
Aug 24 14:38:27 witherspoon systemd[1]: Started Phosphor sysfs LED controller.
Aug 24 14:38:27 witherspoon systemd[1]: Started Phosphor sysfs LED controller.
Aug 24 14:38:27 witherspoon systemd[1]: Started Phosphor sysfs LED controller.
Aug 24 14:38:27 witherspoon systemd[1]: Started Phosphor sysfs LED controller.
Aug 24 14:38:27 witherspoon systemd[1]: Started Phosphor sysfs LED controller.
Aug 24 14:38:28 witherspoon systemd[1]: Started Phosphor sysfs LED controller.
Aug 24 14:38:28 witherspoon systemd[1]: Started Phosphor sysfs LED controller.
Aug 24 14:38:28 witherspoon systemd[1]: Started Phosphor sysfs LED controller.
Aug 24 14:38:28 witherspoon systemd[1]: Started Phosphor sysfs LED controller.
Aug 24 14:38:28 witherspoon systemd[1]: Started Phosphor Console Muxer listening on device /dev/ttyVUART0.
Aug 24 14:38:28 witherspoon systemd[1]: Starting OpenBMC Software Update Manager...
Aug 24 14:38:29 witherspoon systemd[1]: Reached target Network.
Aug 24 14:38:29 witherspoon systemd[1]: Starting Permit User Sessions...
Aug 24 14:38:29 witherspoon systemd[1]: Started Lightweight SLP Server.
Aug 24 14:38:29 witherspoon systemd[1]: Created slice system-xyz.openbmc_project.Hwmon.slice.
Aug 24 14:38:29 witherspoon systemd[1]: Started Permit User Sessions.
Aug 24 14:38:30 witherspoon systemd[1]: Started Phosphor BMC0 Control.
Aug 24 14:38:30 witherspoon systemd[1]: Created slice system-dropbear.slice.
Aug 24 14:38:30 witherspoon systemd[1]: Started SSH Per-Connection Server (9.41.165.94:43598).
Aug 24 14:38:30 witherspoon systemd[1]: Started Serial Getty on ttyS4.
Aug 24 14:38:30 witherspoon systemd[1]: Reached target Login Prompts.
Aug 24 14:38:30 witherspoon systemd[1]: Reached target Multi-User System.
Aug 24 14:38:30 witherspoon systemd[1]: Started OpenBMC Software Update Manager.
Aug 24 14:38:30 witherspoon avahi-daemon[963]: Service name conflict for "sftp" (/services/sftp.service), retrying with "sftp #3".
Aug 24 14:38:30 witherspoon avahi-daemon[963]: Service name conflict for "obmc_console" (/services/obmc_console.service), retrying with "obmc_console #3".
Aug 24 14:38:30 witherspoon avahi-daemon[963]: Service name conflict for "phosphor_rest" (/services/phosphor_rest.service), retrying with "phosphor_rest #3".
Aug 24 14:38:30 witherspoon avahi-daemon[963]: Service name conflict for "sftp" (/services/sftp.service), retrying with "sftp #4".
Aug 24 14:38:30 witherspoon avahi-daemon[963]: Service name conflict for "obmc_console" (/services/obmc_console.service), retrying with "obmc_console #4".
Aug 24 14:38:30 witherspoon avahi-daemon[963]: Service name conflict for "phosphor_rest" (/services/phosphor_rest.service), retrying with "phosphor_rest #4".
Aug 24 14:38:31 witherspoon systemd[1]: Started OpenPower Software Update Manager.
Aug 24 14:38:31 witherspoon dropbear[1115]: Failed loading /etc/dropbear/dropbear_dss_host_key
Aug 24 14:38:31 witherspoon dropbear[1115]: Failed loading /etc/dropbear/dropbear_ecdsa_host_key
Aug 24 14:38:31 witherspoon dropbear[1115]: Child connection from ::ffff:9.41.165.94:43598
Aug 24 14:38:31 witherspoon systemd[1]: Started Phosphor MBOX Daemon.
Aug 24 14:38:31 witherspoon systemd[1]: Starting Create a ubi volume for pnor patches...
Aug 24 14:38:31 witherspoon systemd[1]: Starting Phosphor Version Software Manager...
Aug 24 14:38:32 witherspoon avahi-daemon[963]: Service name conflict for "sftp" (/services/sftp.service), retrying with "sftp #5".
Aug 24 14:38:32 witherspoon avahi-daemon[963]: Service name conflict for "obmc_console" (/services/obmc_console.service), retrying with "obmc_console #5".
Aug 24 14:38:32 witherspoon avahi-daemon[963]: Service name conflict for "phosphor_rest" (/services/phosphor_rest.service), retrying with "phosphor_rest #5".
Aug 24 14:38:32 witherspoon systemd-networkd[1027]: eth0: Configured
Aug 24 14:38:32 witherspoon systemd-timesyncd[930]: Network configuration changed, trying to establish connection.
Aug 24 14:38:32 witherspoon systemd[1]: Started Phosphor Version Software Manager.
Aug 24 14:38:33 witherspoon avahi-daemon[963]: Service name conflict for "obmc_console" (/services/obmc_console.service), retrying with "obmc_console #6".
Aug 24 14:38:33 witherspoon avahi-daemon[963]: Service name conflict for "sftp" (/services/sftp.service), retrying with "sftp #6".
Aug 24 14:38:33 witherspoon avahi-daemon[963]: Service name conflict for "phosphor_rest" (/services/phosphor_rest.service), retrying with "phosphor_rest #6".
Aug 24 14:38:34 witherspoon avahi-daemon[963]: Service name conflict for "sftp" (/services/sftp.service), retrying with "sftp #7".
Aug 24 14:38:34 witherspoon avahi-daemon[963]: Service name conflict for "obmc_console" (/services/obmc_console.service), retrying with "obmc_console #7".
Aug 24 14:38:34 witherspoon avahi-daemon[963]: Service name conflict for "phosphor_rest" (/services/phosphor_rest.service), retrying with "phosphor_rest #7".
Aug 24 14:38:35 witherspoon avahi-daemon[963]: Service name conflict for "sftp" (/services/sftp.service), retrying with "sftp #8".
Aug 24 14:38:35 witherspoon avahi-daemon[963]: Service name conflict for "phosphor_rest" (/services/phosphor_rest.service), retrying with "phosphor_rest #8".
Aug 24 14:38:35 witherspoon avahi-daemon[963]: Service name conflict for "obmc_console" (/services/obmc_console.service), retrying with "obmc_console #8".
Aug 24 14:38:35 witherspoon kernel: UBIFS (ubi7:3): UBIFS: mounted UBI device 7, volume 3, name "pnor-patch"
Aug 24 14:38:35 witherspoon kernel: UBIFS (ubi7:3): LEB size: 65408 bytes (63 KiB), min./max. I/O unit sizes: 8 bytes/256 bytes
Aug 24 14:38:35 witherspoon kernel: UBIFS (ubi7:3): FS size: 16155776 bytes (15 MiB, 247 LEBs), journal size 784896 bytes (0 MiB, 12 LEBs)
Aug 24 14:38:35 witherspoon kernel: UBIFS (ubi7:3): reserved for root: 763076 bytes (745 KiB)
Aug 24 14:38:35 witherspoon kernel: UBIFS (ubi7:3): media format: w5/r0 (latest is w5/r0), UUID 847E8A18-F23A-4D4A-B86C-ABF502DFDDDA, small LPT model
Aug 24 14:38:35 witherspoon kernel[1039]: [   51.180000] UBIFS (ubi7:3): UBIFS: mounted UBI device 7, volume 3, name "pnor-patch"
Aug 24 14:38:35 witherspoon kernel[1039]: [   51.180000] UBIFS (ubi7:3): LEB size: 65408 bytes (63 KiB), min./max. I/O unit sizes: 8 bytes/256 bytes
Aug 24 14:38:35 witherspoon kernel[1039]: [   51.180000] UBIFS (ubi7:3): FS size: 16155776 bytes (15 MiB, 247 LEBs), journal size 784896 bytes (0 MiB, 12 LEBs)
Aug 24 14:38:35 witherspoon kernel[1039]: [   51.180000] UBIFS (ubi7:3): reserved for root: 763076 bytes (745 KiB)
Aug 24 14:38:35 witherspoon kernel[1039]: [   51.180000] UBIFS (ubi7:3): media format: w5/r0 (latest is w5/r0), UUID 847E8A18-F23A-4D4A-B86C-ABF502DFDDDA, small LPT model
Aug 24 14:38:35 witherspoon kernel: UBIFS (ubi7:3): background thread "ubifs_bgt7_3" started, PID 1136
Aug 24 14:38:35 witherspoon kernel[1039]: [   51.330000] UBIFS (ubi7:3): background thread "ubifs_bgt7_3" started, PID 1136
Aug 24 14:38:36 witherspoon avahi-daemon[963]: Service name conflict for "sftp" (/services/sftp.service), retrying with "sftp #9".
Aug 24 14:38:36 witherspoon avahi-daemon[963]: Service name conflict for "obmc_console" (/services/obmc_console.service), retrying with "obmc_console #9".
Aug 24 14:38:36 witherspoon avahi-daemon[963]: Service name conflict for "phosphor_rest" (/services/phosphor_rest.service), retrying with "phosphor_rest #9".
Aug 24 14:38:36 witherspoon systemd[1]: Started Create a ubi volume for pnor patches.
Aug 24 14:38:37 witherspoon avahi-daemon[963]: Service name conflict for "phosphor_rest" (/services/phosphor_rest.service), retrying with "phosphor_rest #10".
Aug 24 14:38:37 witherspoon avahi-daemon[963]: Service name conflict for "obmc_console" (/services/obmc_console.service), retrying with "obmc_console #10".
Aug 24 14:38:38 witherspoon avahi-daemon[963]: Service "sftp #9" (/services/sftp.service) successfully established.
Aug 24 14:38:38 witherspoon dropbear[1115]: PAM password auth succeeded for 'root' from ::ffff:9.41.165.94:43598
Aug 24 14:38:38 witherspoon dropbear[1139]: lastlog_perform_login: Couldn't stat /var/log/lastlog: No such file or directory
Aug 24 14:38:38 witherspoon dropbear[1139]: lastlog_openseek: /var/log/lastlog is not a file or directory!
Aug 24 14:38:38 witherspoon avahi-daemon[963]: Service name conflict for "obmc_console" (/services/obmc_console.service), retrying with "obmc_console #11".
Aug 24 14:38:39 witherspoon avahi-daemon[963]: Service "phosphor_rest #10" (/services/phosphor_rest.service) successfully established.
Aug 24 14:38:40 witherspoon avahi-daemon[963]: Service name conflict for "obmc_console" (/services/obmc_console.service), retrying with "obmc_console #12".
Aug 24 14:38:40 witherspoon systemd[1]: Started Phosphor Chassis0 Control.
Aug 24 14:38:40 witherspoon chassis_control.py[1036]: Running ChassisControlService
Aug 24 14:38:40 witherspoon systemd[1]: Started Phosphor Download Manager.
Aug 24 14:38:40 witherspoon avahi-daemon[963]: Service name conflict for "obmc_console" (/services/obmc_console.service), retrying with "obmc_console #13".
Aug 24 14:38:40 witherspoon download_manager.py[957]: Running Download Manager
Aug 24 14:38:42 witherspoon avahi-daemon[963]: Service name conflict for "obmc_console" (/services/obmc_console.service), retrying with "obmc_console #14".
Aug 24 14:38:42 witherspoon sensor_manager2.py[952]: Setting boot count to 3
Aug 24 14:38:42 witherspoon systemd[1]: Started Phosphor Sensor Manager.
Aug 24 14:38:42 witherspoon sensor_manager2.py[952]: Starting sensor manager
Aug 24 14:38:43 witherspoon avahi-daemon[963]: Service name conflict for "obmc_console" (/services/obmc_console.service), retrying with "obmc_console #15".
Aug 24 14:38:43 witherspoon phosphor-mapper[953]: ObjectMapper startup complete.  Discovery in progress...
Aug 24 14:38:43 witherspoon obmc-phosphor-userd[960]: Started
Aug 24 14:38:43 witherspoon systemd[1]: Started Phosphor User Manager.
Aug 24 14:38:44 witherspoon avahi-daemon[1015]: ../../avahi-0.6.32/avahi-daemon/chroot.c: open() failed: No such file or directory
Aug 24 14:38:44 witherspoon avahi-daemon[963]: Failed to open /usr/share/dbus-1/interfaces/org.freedesktop.Avahi.Server.xml: Invalid argument
Aug 24 14:38:44 witherspoon avahi-daemon[963]: Failed to load introspection data.
Aug 24 14:38:44 witherspoon avahi-daemon[963]: Service "obmc_console #15" (/services/obmc_console.service) successfully established.
Aug 24 14:38:46 witherspoon inventory_items.py[1033]: Loading from cache: /var/cache/obmc/org.openbmc.inventory.system.chassis.motherboard.apss@org.openbmc.InventoryItem.props
Aug 24 14:38:46 witherspoon inventory_items.py[1033]: Loading from cache: /var/cache/obmc/org.openbmc.inventory.system.chassis.motherboard@org.openbmc.InventoryItem.props
Aug 24 14:38:46 witherspoon inventory_items.py[1033]: Loading from cache: /var/cache/obmc/org.openbmc.inventory.system.chassis.motherboard.refclock@org.openbmc.InventoryItem.props
Aug 24 14:38:46 witherspoon inventory_items.py[1033]: Loading from cache: /var/cache/obmc/org.openbmc.inventory.system.chassis.motherboard.cpu1.core7@org.openbmc.InventoryItem.props
Aug 24 14:38:46 witherspoon inventory_items.py[1033]: Loading from cache: /var/cache/obmc/org.openbmc.inventory.system.chassis.motherboard.cpu1.core4@org.openbmc.InventoryItem.props
Aug 24 14:38:46 witherspoon inventory_items.py[1033]: Loading from cache: /var/cache/obmc/org.openbmc.inventory.system.chassis.motherboard.cpu1.core1@org.openbmc.InventoryItem.props
Aug 24 14:38:46 witherspoon inventory_items.py[1033]: Loading from cache: /var/cache/obmc/org.openbmc.inventory.system.chassis.motherboard.cpu1.core10@org.openbmc.InventoryItem.props
Aug 24 14:38:46 witherspoon inventory_items.py[1033]: Loading from cache: /var/cache/obmc/org.openbmc.inventory.system.chassis.motherboard.todclock@org.openbmc.InventoryItem.props
Aug 24 14:38:46 witherspoon inventory_items.py[1033]: Loading from cache: /var/cache/obmc/org.openbmc.inventory.system.chassis.motherboard.cpu1@org.openbmc.InventoryItem.props
Aug 24 14:38:46 witherspoon systemd[1]: Started Phosphor Network Manager.
Aug 24 14:38:46 witherspoon netman.py[964]: Started
Aug 24 14:38:48 witherspoon inventory_items.py[1033]: Loading from cache: /var/cache/obmc/org.openbmc.inventory.system.chassis.motherboard.bmc@org.openbmc.InventoryItem.props
Aug 24 14:38:48 witherspoon inventory_items.py[1033]: Caching: /org/openbmc/inventory/system/chassis/motherboard/bmc
Aug 24 14:38:48 witherspoon inventory_items.py[1033]: Loading from cache: /var/cache/obmc/org.openbmc.inventory.system.chassis.motherboard.cpu0.core1@org.openbmc.InventoryItem.props
Aug 24 14:38:48 witherspoon inventory_items.py[1033]: Loading from cache: /var/cache/obmc/org.openbmc.inventory.system.chassis.motherboard.cpu0.core7@org.openbmc.InventoryItem.props
Aug 24 14:38:48 witherspoon inventory_items.py[1033]: Loading from cache: /var/cache/obmc/org.openbmc.inventory.system.chassis.motherboard.cpu0.core4@org.openbmc.InventoryItem.props
Aug 24 14:38:48 witherspoon inventory_items.py[1033]: Loading from cache: /var/cache/obmc/org.openbmc.inventory.system.chassis.motherboard.pcieclock@org.openbmc.InventoryItem.props
Aug 24 14:38:48 witherspoon inventory_items.py[1033]: Loading from cache: /var/cache/obmc/org.openbmc.inventory.system.chassis.motherboard.cpu0.core10@org.openbmc.InventoryItem.props
Aug 24 14:38:48 witherspoon inventory_items.py[1033]: Running Inventory Manager
Aug 24 14:38:48 witherspoon systemd[1]: Started Phosphor Inventory Manager.
Aug 24 14:38:57 witherspoon phosphor-mapper[953]: ObjectMapper discovery complete
Aug 24 14:38:57 witherspoon systemd[1]: Started Phosphor DBus Service Discovery Manager.
Aug 24 14:38:57 witherspoon systemd[1]: Started Phosphor Hwmon Poller.
Aug 24 14:38:57 witherspoon systemd[1]: Started Phosphor Hwmon Poller.
Aug 24 14:38:57 witherspoon systemd[1]: Started Phosphor Hwmon Poller.
Aug 24 14:38:57 witherspoon systemd[1]: Reached target Phosphor Object Mapper.
Aug 24 14:38:57 witherspoon systemd[1]: Reached target Webserver (pre).
Aug 24 14:38:57 witherspoon systemd[1]: Started Phosphor Webserver.
Aug 24 14:38:57 witherspoon systemd[1]: Starting Wait for /xyz/openbmc_project/state/chassis0...
Aug 24 14:38:57 witherspoon systemd[1]: Started Phosphor DBus Monitor.
Aug 24 14:38:57 witherspoon systemd[1]: Starting Wait for /org/openbmc/control/bmc0...
Aug 24 14:38:57 witherspoon systemd[1]: Starting Phoshpor System Manager...
Aug 24 14:38:57 witherspoon systemd[1]: Starting Wait for /xyz/openbmc_project/control/host0/power_restore_policy...
Aug 24 14:38:57 witherspoon systemd[1]: Starting Phosphor Network Manager...
Aug 24 14:38:57 witherspoon systemd[1]: Starting Wait for /xyz/openbmc_project/state/host0...
Aug 24 14:38:57 witherspoon systemd[1]: Starting Wait for /xyz/openbmc_project/control/host0/auto_reboot...
Aug 24 14:38:57 witherspoon systemd[1]: Starting Phosphor Settings Manager...
Aug 24 14:38:57 witherspoon systemd[1]: Starting Wait for /xyz/openbmc_project/control/host0...
Aug 24 14:38:57 witherspoon systemd[1]: Starting Wait for /xyz/openbmc_project/led/groups...
Aug 24 14:38:57 witherspoon systemd[1]: Starting Wait for /xyz/openbmc_project/led/groups/bmc_booted...
Aug 24 14:38:57 witherspoon systemd[1]: Starting Wait for /org/openbmc/managers/Download...
Aug 24 14:38:58 witherspoon systemd[1]: Starting Wait for /xyz/openbmc_project/inventory...
Aug 24 14:38:58 witherspoon systemd[1]: Starting Wait for /org/openbmc/NetworkManager/Interface...
Aug 24 14:38:58 witherspoon systemd[1]: Starting Wait for /xyz/openbmc_project/time/owner...
Aug 24 14:38:58 witherspoon systemd[1]: Starting Wait for /xyz/openbmc_project/control/host0/boot_mode...
Aug 24 14:38:58 witherspoon systemd[1]: Starting Wait for /xyz/openbmc_project/control/host0/boot_source...
Aug 24 14:38:58 witherspoon systemd[1]: Starting Wait for /org/openbmc/managers/System...
Aug 24 14:38:58 witherspoon systemd[1]: Starting Wait for /org/openbmc/control/power0...
Aug 24 14:38:58 witherspoon systemd[1]: Starting Wait for /xyz/openbmc_project/time/sync_method...
Aug 24 14:38:58 witherspoon systemd[1]: Starting Wait for /xyz/openbmc_project/control/host0/restriction_mode...
Aug 24 14:38:59 witherspoon systemd[1]: Started Phosphor Hwmon Poller.
Aug 24 14:38:59 witherspoon systemd[1]: Started Phosphor Hwmon Poller.
Aug 24 14:38:59 witherspoon systemd[1]: Started Phosphor Hwmon Poller.
Aug 24 14:38:59 witherspoon systemd[1]: Started Phosphor Hwmon Poller.
Aug 24 14:38:59 witherspoon systemd[1]: Started Phosphor Hwmon Poller.
Aug 24 14:39:01 witherspoon systemd[1]: Started Phosphor Network Manager.
Aug 24 14:39:01 witherspoon phosphor-network-manager[1154]: ConfigParser: Key not found
Aug 24 14:39:01 witherspoon phosphor-network-manager[1154]: The operation failed internally.
Aug 24 14:39:01 witherspoon phosphor-network-manager[1154]: Exception occured during getting of DHCP value
Aug 24 14:39:03 witherspoon dbus[966]: [system] Activating via systemd: service name='org.freedesktop.hostname1' unit='dbus-org.freedesktop.hostname1.service'
Aug 24 14:39:03 witherspoon systemd[1]: Starting Hostname Service...
Aug 24 14:39:09 witherspoon systemd[1]: Started Wait for /xyz/openbmc_project/led/groups.
Aug 24 14:39:09 witherspoon systemd[1]: Started FRU Fault monitor service.
Aug 24 14:39:09 witherspoon systemd[1]: Started Wait for /xyz/openbmc_project/control/host0/power_restore_policy.
Aug 24 14:39:09 witherspoon systemd[1]: Started Wait for /org/openbmc/control/bmc0.
Aug 24 14:39:09 witherspoon dbus[966]: [system] Successfully activated service 'org.freedesktop.hostname1'
Aug 24 14:39:09 witherspoon systemd[1]: Started Hostname Service.
Aug 24 14:39:09 witherspoon systemd[1]: Started Wait for /xyz/openbmc_project/time/sync_method.
Aug 24 14:39:09 witherspoon systemd[1]: Started Wait for /xyz/openbmc_project/control/host0/boot_mode.
Aug 24 14:39:09 witherspoon systemd[1]: Started Wait for /org/openbmc/NetworkManager/Interface.
Aug 24 14:39:09 witherspoon systemd[1]: Started Phosphor DNS Settings Cache Manager.
Aug 24 14:39:09 witherspoon systemd[1]: Started Wait for /xyz/openbmc_project/led/groups/bmc_booted.
Aug 24 14:39:09 witherspoon systemd[1]: Started Wait for /xyz/openbmc_project/control/host0/restriction_mode.
Aug 24 14:39:09 witherspoon systemd[1]: Started Wait for /xyz/openbmc_project/control/host0/boot_source.
Aug 24 14:39:09 witherspoon systemd[1]: Started Wait for /xyz/openbmc_project/time/owner.
Aug 24 14:39:09 witherspoon systemd[1]: Started Wait for /xyz/openbmc_project/inventory.
Aug 24 14:39:11 witherspoon systemd[1]: Starting Read OpenPOWER-format VPD from EEPROM...
Aug 24 14:39:11 witherspoon systemd[1]: Started Phosphor GPIO 0 Presence.
Aug 24 14:39:11 witherspoon systemd[1]: Started Phosphor Cooling Type.
Aug 24 14:39:11 witherspoon systemd[1]: Starting OpenPOWER OCC controller...
Aug 24 14:39:11 witherspoon systemd[1]: Started Phosphor GPIO 1 Presence.
Aug 24 14:39:11 witherspoon systemd[1]: Started Wait for /org/openbmc/managers/Download.
Aug 24 14:39:11 witherspoon systemd[1]: Starting Phosphor BMC Code Update...
Aug 24 14:39:13 witherspoon phosphor-gpio-presence[1195]: Updating inventory present property
Aug 24 14:39:13 witherspoon phosphor-gpio-presence[1198]: Updating inventory present property
Aug 24 14:39:18 witherspoon systemd[1]: Started Wait for /xyz/openbmc_project/control/host0/auto_reboot.
Aug 24 14:39:18 witherspoon system_manager.py[1152]: Running System State: BASE_APPS
Aug 24 14:39:18 witherspoon system_manager.py[1152]: SystemManager Init Done
Aug 24 14:39:18 witherspoon system_manager.py[1152]: Running SystemManager
Aug 24 14:39:18 witherspoon systemd[1]: Started Phoshpor System Manager.
Aug 24 14:39:22 witherspoon systemd[1]: Started OpenPOWER OCC controller.
Aug 24 14:39:22 witherspoon bmc_update.py[1199]: Running Bmc Flash Control
Aug 24 14:39:22 witherspoon systemd[1]: Started Phosphor BMC Code Update.
Aug 24 14:39:23 witherspoon system_manager.py[1152]: SystemManager Goto System State: BMC_STARTING
Aug 24 14:39:23 witherspoon system_manager.py[1152]: Running System State: BMC_STARTING
Aug 24 14:39:24 witherspoon systemd[1]: Started Read OpenPOWER-format VPD from EEPROM.
Aug 24 14:39:24 witherspoon settings_manager.py[1157]: Running HostSettingsService
Aug 24 14:39:24 witherspoon systemd[1]: Started Phosphor Settings Manager.
Aug 24 14:39:24 witherspoon systemd[1]: Starting Wait for /org/openbmc/settings/host0...
Aug 24 14:39:32 witherspoon systemd[1]: Started Wait for /org/openbmc/managers/System.
Aug 24 14:39:32 witherspoon systemd[1]: Starting Phosphor Reset Button0...
Aug 24 14:39:32 witherspoon systemd[1]: Starting Phosphor BMC State Manager...
Aug 24 14:39:32 witherspoon systemd[1]: Starting Phosphor Power Button0...
Aug 24 14:39:32 witherspoon systemd[1]: Starting Phosphor Chassis State Manager...
Aug 24 14:39:32 witherspoon systemd[1]: Starting Phosphor Power0 Control...
Aug 24 14:39:33 witherspoon phosphor-chassis-state-manager[1208]: Initial Chassis State will be Off
Aug 24 14:39:33 witherspoon systemd[1]: Started Phosphor Chassis State Manager.
Aug 24 14:39:34 witherspoon phosphor-bmc-state-manager[1206]: Setting the BMCState field
Aug 24 14:39:34 witherspoon phosphor-bmc-state-manager[1206]: Setting the BMCState field
Aug 24 14:39:34 witherspoon systemd[1]: Started Phosphor BMC State Manager.
Aug 24 14:39:34 witherspoon systemd[1]: Started Wait for /org/openbmc/settings/host0.
Aug 24 14:39:34 witherspoon systemd[1]: Started Phosphor Inband IPMI.
Aug 24 14:39:34 witherspoon button_reset.exe[1205]: GPIO Lookup:  RESET_BUTTON = 353,both
Aug 24 14:39:34 witherspoon systemd[1]: Started Phosphor Reset Button0.
Aug 24 14:39:35 witherspoon system_manager.py[1152]: New object: /org/openbmc/control/power0 (:1.81)
Aug 24 14:39:35 witherspoon button_power.exe[1207]: GPIO Lookup:  POWER_BUTTON = 347,both
Aug 24 14:39:35 witherspoon systemd[1]: Started Phosphor Power Button0.
Aug 24 14:39:35 witherspoon system_manager.py[1152]: Power GPIO config: ['SYS_PWROK_BUFF', '', [('SOFTWARE_PGOOD', True), ('BMC_POWER_UP', True)], [('BMC_CP0_RESET_N', False)], [('BMC_VS1_PERST_N', False, False), ('BMC_CP0_PERST_ENABLE_R', False, False)], 'FSI_DATA', 'FSI_CLK', 'FSI_ENABLE', 'CRONUS_SEL', []]
Aug 24 14:39:35 witherspoon power_control.exe[1209]: Power GPIO latch output:
Aug 24 14:39:35 witherspoon power_control.exe[1209]: Power GPIO power good input: SYS_PWROK_BUFF
Aug 24 14:39:35 witherspoon power_control.exe[1209]: Power GPIO 2 power_up outputs
Aug 24 14:39:35 witherspoon power_control.exe[1209]: Power GPIO power_up[0] = SOFTWARE_PGOOD active HIGH
Aug 24 14:39:35 witherspoon power_control.exe[1209]: Power GPIO power_up[1] = BMC_POWER_UP active HIGH
Aug 24 14:39:35 witherspoon power_control.exe[1209]: Power GPIO 1 reset outputs
Aug 24 14:39:35 witherspoon power_control.exe[1209]: Power GPIO reset[0] = BMC_CP0_RESET_N active LOW
Aug 24 14:39:35 witherspoon power_control.exe[1209]: Power GPIO 2 pci reset outputs
Aug 24 14:39:35 witherspoon power_control.exe[1209]: Power GPIO pci reset[0] = BMC_VS1_PERST_N active LOW, hold - No
Aug 24 14:39:35 witherspoon power_control.exe[1209]: Power GPIO pci reset[1] = BMC_CP0_PERST_ENABLE_R active LOW, hold - No
Aug 24 14:39:35 witherspoon power_control.exe[1209]: FSI DATA GPIO: FSI_DATA
Aug 24 14:39:35 witherspoon power_control.exe[1209]: FSI CLK GPIO: FSI_CLK
Aug 24 14:39:35 witherspoon power_control.exe[1209]: FSI ENABLE GPIO: FSI_ENABLE
Aug 24 14:39:35 witherspoon power_control.exe[1209]: CRONUS SEL GPIO: CRONUS_SEL
Aug 24 14:39:35 witherspoon power_control.exe[1209]: Hostctl GPIO optionals: 0
Aug 24 14:39:35 witherspoon power_control.exe[1209]: GPIO Lookup:  SYS_PWROK_BUFF = 306,in
Aug 24 14:39:35 witherspoon power_control.exe[1209]: GPIO Lookup:  SOFTWARE_PGOOD = 417,out
Aug 24 14:39:36 witherspoon power_control.exe[1209]: GPIO Lookup:  BMC_POWER_UP = 305,out
Aug 24 14:39:36 witherspoon power_control.exe[1209]: GPIO Lookup:  BMC_CP0_RESET_N = 281,out
Aug 24 14:39:36 witherspoon power_control.exe[1209]: GPIO Lookup:  BMC_VS1_PERST_N = 295,out
Aug 24 14:39:36 witherspoon power_control.exe[1209]: GPIO Lookup:  BMC_CP0_PERST_ENABLE_R = 283,out
Aug 24 14:39:36 witherspoon power_control.exe[1209]: Pgood state: 0
Aug 24 14:39:36 witherspoon systemd[1]: Started Phosphor Power0 Control.
Aug 24 14:39:40 witherspoon systemd[1]: Started Wait for /xyz/openbmc_project/state/chassis0.
Aug 24 14:39:40 witherspoon systemd[1]: Started Wait for /org/openbmc/control/power0.
Aug 24 14:39:41 witherspoon systemd[1]: Starting Phosphor Time Manager daemon...
Aug 24 14:39:41 witherspoon systemd[1]: Starting Check Chassis0 pgood and create a file to indicate it...
Aug 24 14:39:42 witherspoon timemanager[1240]: Registering dbus methods
Aug 24 14:39:42 witherspoon timemanager[1240]: Last known time_mode: NTP
Aug 24 14:39:42 witherspoon timemanager[1240]: Last known time_owner: BMC
Aug 24 14:39:42 witherspoon timemanager[1240]: Empty DhcpNtp string
Aug 24 14:39:42 witherspoon timemanager[1240]: Reading Power Control key: pgood
Aug 24 14:39:42 witherspoon systemd[1]: Started Check Chassis0 pgood and create a file to indicate it.
Aug 24 14:39:42 witherspoon systemd[1]: Reached target Chassis0 power on after reset.
Aug 24 14:39:42 witherspoon systemd[1]: Reached target Chassis0 (Reset Check).
Aug 24 14:39:43 witherspoon timemanager[1240]: Changing settings *allowed* now
Aug 24 14:39:43 witherspoon timemanager[1240]: Owner is already set to : BMC
Aug 24 14:39:43 witherspoon timemanager[1240]: Requested_Mode: NTP Current_Mode: NTP
Aug 24 14:39:43 witherspoon timemanager[1240]: Mode is already set to : NTP
Aug 24 14:39:43 witherspoon timemanager[1240]: Getting System Settings: use_dhcp_ntp
Aug 24 14:39:43 witherspoon timemanager[1240]: use_dhcp_ntp = yes
Aug 24 14:39:43 witherspoon timemanager[1240]: Last known host_offset:0
Aug 24 14:39:43 witherspoon timemanager[1240]: Initial Uptime Usec: 1503585463991800
Aug 24 14:39:43 witherspoon systemd[1]: Started Phosphor Time Manager daemon.
Aug 24 14:39:43 witherspoon systemd[1]: Started Wait for /xyz/openbmc_project/control/host0.
Aug 24 14:39:43 witherspoon systemd[1]: Reached target Host0 running after reset.
Aug 24 14:39:43 witherspoon systemd[1]: Starting Phosphor Host State Manager...
Aug 24 14:39:43 witherspoon systemd[1]: Reached target Host0 (Reset Check).
Aug 24 14:39:44 witherspoon phosphor-gevent[1148]: Traceback (most recent call last):
Aug 24 14:39:44 witherspoon phosphor-gevent[1148]:   File "/usr/lib/python2.7/site-packages/gevent/greenlet.py", line 327, in run
Aug 24 14:39:44 witherspoon phosphor-gevent[1148]:     result = self._run(*self.args, **self.kwargs)
Aug 24 14:39:44 witherspoon phosphor-gevent[1148]:   File "/usr/lib/python2.7/site-packages/gevent/server.py", line 102, in wrap_socket_and_handle
Aug 24 14:39:44 witherspoon phosphor-gevent[1148]:     ssl_socket = self.wrap_socket(client_socket, **self.ssl_args)
Aug 24 14:39:44 witherspoon phosphor-gevent[1148]:   File "/usr/lib/python2.7/site-packages/gevent/ssl.py", line 404, in wrap_socket
Aug 24 14:39:44 witherspoon phosphor-gevent[1148]:     ciphers=ciphers)
Aug 24 14:39:44 witherspoon phosphor-gevent[1148]:   File "/usr/lib/python2.7/site-packages/gevent/ssl.py", line 113, in __init__
Aug 24 14:39:45 witherspoon phosphor-gevent[1148]:     self.do_handshake()
Aug 24 14:39:45 witherspoon phosphor-gevent[1148]:   File "/usr/lib/python2.7/site-packages/gevent/ssl.py", line 324, in do_handshake
Aug 24 14:39:45 witherspoon phosphor-gevent[1148]:     return self._sslobj.do_handshake()
Aug 24 14:39:45 witherspoon phosphor-gevent[1148]: SSLEOFError: EOF occurred in violation of protocol (_ssl.c:590)
Aug 24 14:39:45 witherspoon phosphor-gevent[1148]: <Greenlet at 0x7602e490: <bound method WSGIServer.wrap_socket_and_handle of <WSGIServer at 0x76005b90 fileno=5 address=('::3482:f176:b05d:6776%1986485664', 443, 0, 1986485664)>>(<socket at 0x75edb870 fileno=9>, ('::8069:6576:8e91:f402%1995467548', 59306, 0, 199)> failed with SSLEOFError
Aug 24 14:39:45 witherspoon phosphor-gevent[1148]: Traceback (most recent call last):
Aug 24 14:39:45 witherspoon phosphor-gevent[1148]:   File "/usr/lib/python2.7/site-packages/gevent/greenlet.py", line 327, in run
Aug 24 14:39:45 witherspoon phosphor-gevent[1148]:     result = self._run(*self.args, **self.kwargs)
Aug 24 14:39:45 witherspoon phosphor-gevent[1148]:   File "/usr/lib/python2.7/site-packages/gevent/server.py", line 102, in wrap_socket_and_handle
Aug 24 14:39:45 witherspoon phosphor-gevent[1148]:     ssl_socket = self.wrap_socket(client_socket, **self.ssl_args)
Aug 24 14:39:45 witherspoon phosphor-gevent[1148]:   File "/usr/lib/python2.7/site-packages/gevent/ssl.py", line 404, in wrap_socket
Aug 24 14:39:45 witherspoon phosphor-gevent[1148]:     ciphers=ciphers)
Aug 24 14:39:45 witherspoon phosphor-gevent[1148]:   File "/usr/lib/python2.7/site-packages/gevent/ssl.py", line 113, in __init__
Aug 24 14:39:45 witherspoon phosphor-gevent[1148]:     self.do_handshake()
Aug 24 14:39:45 witherspoon phosphor-gevent[1148]:   File "/usr/lib/python2.7/site-packages/gevent/ssl.py", line 324, in do_handshake
Aug 24 14:39:45 witherspoon phosphor-gevent[1148]:     return self._sslobj.do_handshake()
Aug 24 14:39:45 witherspoon phosphor-gevent[1148]: SSLEOFError: EOF occurred in violation of protocol (_ssl.c:590)
Aug 24 14:39:45 witherspoon phosphor-gevent[1148]: <Greenlet at 0x7602e760: <bound method WSGIServer.wrap_socket_and_handle of <WSGIServer at 0x76005b90 fileno=5 address=('::3482:f176:b05d:6776%1986485664', 443, 0, 1986485664)>>(<socket at 0x75edb810 fileno=10>, ('::8069:6576:8e91:f402%1995467548', 59314, 0, 199)> failed with SSLEOFError
Aug 24 14:39:45 witherspoon phosphor-gevent[1148]: Traceback (most recent call last):
Aug 24 14:39:45 witherspoon phosphor-gevent[1148]:   File "/usr/lib/python2.7/site-packages/gevent/greenlet.py", line 327, in run
Aug 24 14:39:45 witherspoon phosphor-gevent[1148]:     result = self._run(*self.args, **self.kwargs)
Aug 24 14:39:45 witherspoon phosphor-gevent[1148]:   File "/usr/lib/python2.7/site-packages/gevent/server.py", line 102, in wrap_socket_and_handle
Aug 24 14:39:45 witherspoon phosphor-gevent[1148]:     ssl_socket = self.wrap_socket(client_socket, **self.ssl_args)
Aug 24 14:39:45 witherspoon phosphor-gevent[1148]:   File "/usr/lib/python2.7/site-packages/gevent/ssl.py", line 404, in wrap_socket
Aug 24 14:39:45 witherspoon phosphor-host-state-manager[1251]: Initial Host State will be Off
Aug 24 14:39:45 witherspoon phosphor-gevent[1148]:     ciphers=ciphers)
Aug 24 14:39:45 witherspoon phosphor-gevent[1148]:   File "/usr/lib/python2.7/site-packages/gevent/ssl.py", line 113, in __init__
Aug 24 14:39:45 witherspoon phosphor-gevent[1148]:     self.do_handshake()
Aug 24 14:39:45 witherspoon phosphor-gevent[1148]:   File "/usr/lib/python2.7/site-packages/gevent/ssl.py", line 324, in do_handshake
Aug 24 14:39:45 witherspoon phosphor-gevent[1148]:     return self._sslobj.do_handshake()
Aug 24 14:39:45 witherspoon phosphor-gevent[1148]: SSLEOFError: EOF occurred in violation of protocol (_ssl.c:590)
Aug 24 14:39:45 witherspoon phosphor-gevent[1148]: <Greenlet at 0x7602e440: <bound method WSGIServer.wrap_socket_and_handle of <WSGIServer at 0x76005b90 fileno=5 address=('::3482:f176:b05d:6776%1986485664', 443, 0, 1986485664)>>(<socket at 0x75edb8b0 fileno=11>, ('::8069:6576:8e91:f402%1995467548', 59318, 0, 199)> failed with SSLEOFError
Aug 24 14:39:45 witherspoon phosphor-host-state-manager[1251]: External request to reset reboot count
Aug 24 14:39:45 witherspoon systemd[1]: Started Phosphor Host State Manager.
Aug 24 14:39:46 witherspoon systemd[1]: Started Wait for /xyz/openbmc_project/state/host0.
Aug 24 14:39:46 witherspoon systemd[1]: Starting Reboot If Enabled...
Aug 24 14:39:47 witherspoon phosphor-discover-system-state[1253]: Host power is off, checking power policy
Aug 24 14:39:47 witherspoon systemd[1]: Started Reboot If Enabled.
Aug 24 14:39:47 witherspoon systemd[1]: Reached target Phosphor System - Standby.
Aug 24 14:39:47 witherspoon systemd[1]: Starting Assert bmc_booted LED...
Aug 24 14:39:47 witherspoon phosphor-bmc-state-manager[1206]: BMC_READY
Aug 24 14:39:47 witherspoon phosphor-bmc-state-manager[1206]: Setting the BMCState field
Aug 24 14:39:47 witherspoon phosphor-ledmanager[1037]: Asserting LEDs
Aug 24 14:39:47 witherspoon systemd[1]: Started Assert bmc_booted LED.
Aug 24 14:39:47 witherspoon systemd[1]: Startup finished in 10.110s (kernel) + 1min 53.790s (userspace) = 2min 3.900s.
Aug 24 14:39:52 witherspoon phosphor-gevent[1148]: ::8069:6576:8e91:f402%1995467548 - - [2017-08-24 14:39:52] "POST /login HTTP/1.1" 200 320 0.057046
Aug 24 14:39:53 witherspoon phosphor-gevent[1148]: ::8069:6576:8e91:f402%1995467548 - - [2017-08-24 14:39:53] "GET /xyz/openbmc_project/state/chassis0//attr/CurrentPowerState HTTP/1.1" 200 216 0.082915
Aug 24 14:39:53 witherspoon phosphor-gevent[1148]: ::8069:6576:8e91:f402%1995467548 - - [2017-08-24 14:39:53] "POST /login HTTP/1.1" 200 320 0.042552
Aug 24 14:39:53 witherspoon phosphor-gevent[1148]: ::8069:6576:8e91:f402%1995467548 - - [2017-08-24 14:39:53] "GET /xyz/openbmc_project/state/chassis0//attr/CurrentPowerState HTTP/1.1" 200 216 0.070740
Aug 24 14:39:53 witherspoon phosphor-gevent[1148]: ::8069:6576:8e91:f402%1995467548 - - [2017-08-24 14:39:53] "POST /login HTTP/1.1" 200 320 0.032806
Aug 24 14:39:53 witherspoon phosphor-gevent[1148]: ::8069:6576:8e91:f402%1995467548 - - [2017-08-24 14:39:53] "GET /xyz/openbmc_project/state/host0//attr/CurrentHostState HTTP/1.1" 200 212 0.075180
Aug 24 14:39:54 witherspoon phosphor-gevent[1148]: ::8069:6576:8e91:f402%1995467548 - - [2017-08-24 14:39:54] "POST /login HTTP/1.1" 200 320 0.105837
Aug 24 14:39:54 witherspoon phosphor-gevent[1148]: ::8069:6576:8e91:f402%1995467548 - - [2017-08-24 14:39:54] "GET /xyz/openbmc_project/logging/entry//list HTTP/1.1" 404 311 0.860025
Aug 24 14:39:55 witherspoon systemd[1]: Started SSH Per-Connection Server (9.41.165.94:43630).
Aug 24 14:39:55 witherspoon dropbear[1267]: Failed loading /etc/dropbear/dropbear_dss_host_key
Aug 24 14:39:55 witherspoon dropbear[1267]: Failed loading /etc/dropbear/dropbear_ecdsa_host_key
Aug 24 14:39:55 witherspoon dropbear[1267]: Child connection from ::ffff:9.41.165.94:43630
Aug 24 14:39:55 witherspoon dropbear[1267]: PAM password auth succeeded for 'root' from ::ffff:9.41.165.94:43630
Aug 24 14:39:55 witherspoon dropbear[1268]: lastlog_perform_login: Couldn't stat /var/log/lastlog: No such file or directory
Aug 24 14:39:55 witherspoon dropbear[1268]: lastlog_openseek: /var/log/lastlog is not a file or directory!
Aug 24 14:39:56 witherspoon dropbear[1267]: Exit (root): Error reading: Connection reset by peer
Aug 24 14:39:57 witherspoon phosphor-gevent[1148]: ::8069:6576:8e91:f402%1995467548 - - [2017-08-24 14:39:57] "POST /login HTTP/1.1" 200 320 0.043335
Aug 24 14:39:57 witherspoon phosphor-gevent[1148]: ::8069:6576:8e91:f402%1995467548 - - [2017-08-24 14:39:57] "GET /xyz/openbmc_project/state/host0//attr/CurrentHostState HTTP/1.1" 200 212 0.083793
Aug 24 14:39:57 witherspoon dropbear[1115]: Exit (root): Exited normally
Aug 24 14:40:27 witherspoon avahi-daemon[963]: Withdrawing address record for 9.3.86.161 on eth0.
Aug 24 14:40:27 witherspoon avahi-daemon[963]: Host name conflict, retrying with witherspoon-2
Aug 24 14:40:27 witherspoon avahi-daemon[963]: Registering new address record for fe80::72e2:84ff:fe14:23e1 on eth0.*.
Aug 24 14:40:27 witherspoon avahi-daemon[963]: Registering new address record for 9.3.86.161 on eth0.IPv4.
Aug 24 14:40:27 witherspoon avahi-daemon[963]: Withdrawing address record for 9.3.86.161 on eth0.
Aug 24 14:40:27 witherspoon avahi-daemon[963]: Host name conflict, retrying with witherspoon-3
Aug 24 14:40:27 witherspoon avahi-daemon[963]: Registering new address record for fe80::72e2:84ff:fe14:23e1 on eth0.*.
Aug 24 14:40:27 witherspoon avahi-daemon[963]: Registering new address record for 9.3.86.161 on eth0.IPv4.
Aug 24 14:40:29 witherspoon avahi-daemon[963]: Server startup complete. Host name is witherspoon-3.local. Local service cookie is 803341343.
Aug 24 14:40:30 witherspoon avahi-daemon[963]: Service "witherspoon-3" (/services/ssh.service) successfully established.
Aug 24 14:40:30 witherspoon avahi-daemon[963]: Service "sftp #9" (/services/sftp.service) successfully established.
Aug 24 14:40:30 witherspoon avahi-daemon[963]: Service "witherspoon-3" (/services/sftp-ssh.service) successfully established.
Aug 24 14:40:30 witherspoon avahi-daemon[963]: Service "phosphor_rest #10" (/services/phosphor_rest.service) successfully established.
Aug 24 14:40:30 witherspoon avahi-daemon[963]: Service "obmc_console #15" (/services/obmc_console.service) successfully established.
Aug 24 14:41:18 witherspoon systemd[1]: Started SSH Per-Connection Server (9.41.165.94:43676).
Aug 24 14:41:18 witherspoon dropbear[1277]: Failed loading /etc/dropbear/dropbear_dss_host_key
Aug 24 14:41:18 witherspoon dropbear[1277]: Failed loading /etc/dropbear/dropbear_ecdsa_host_key
Aug 24 14:41:18 witherspoon dropbear[1277]: Child connection from ::ffff:9.41.165.94:43676
Aug 24 14:41:19 witherspoon dropbear[1277]: PAM password auth succeeded for 'root' from ::ffff:9.41.165.94:43676
Aug 24 14:41:19 witherspoon dropbear[1278]: lastlog_perform_login: Couldn't stat /var/log/lastlog: No such file or directory
Aug 24 14:41:19 witherspoon dropbear[1278]: lastlog_openseek: /var/log/lastlog is not a file or directory!
Aug 24 14:41:20 witherspoon systemd[1]: Started SSH Per-Connection Server (9.41.165.94:43678).
Aug 24 14:41:20 witherspoon dropbear[1287]: Failed loading /etc/dropbear/dropbear_dss_host_key
Aug 24 14:41:20 witherspoon dropbear[1287]: Failed loading /etc/dropbear/dropbear_ecdsa_host_key
Aug 24 14:41:20 witherspoon dropbear[1287]: Child connection from ::ffff:9.41.165.94:43678
Aug 24 14:41:21 witherspoon dropbear[1287]: PAM password auth succeeded for 'root' from ::ffff:9.41.165.94:43678
Aug 24 14:41:21 witherspoon dropbear[1288]: lastlog_perform_login: Couldn't stat /var/log/lastlog: No such file or directory
Aug 24 14:41:21 witherspoon dropbear[1288]: lastlog_openseek: /var/log/lastlog is not a file or directory!
Aug 24 14:41:21 witherspoon systemd[1]: Started SSH Per-Connection Server (9.41.165.94:43680).
Aug 24 14:41:21 witherspoon dropbear[1294]: Failed loading /etc/dropbear/dropbear_dss_host_key
Aug 24 14:41:21 witherspoon dropbear[1294]: Failed loading /etc/dropbear/dropbear_ecdsa_host_key
Aug 24 14:41:21 witherspoon dropbear[1294]: Child connection from ::ffff:9.41.165.94:43680
Aug 24 14:41:22 witherspoon dropbear[1294]: PAM password auth succeeded for 'root' from ::ffff:9.41.165.94:43680
Aug 24 14:41:22 witherspoon dropbear[1295]: lastlog_perform_login: Couldn't stat /var/log/lastlog: No such file or directory
Aug 24 14:41:22 witherspoon dropbear[1295]: lastlog_openseek: /var/log/lastlog is not a file or directory!
Aug 24 14:41:23 witherspoon phosphor-gevent[1148]: ::8069:6576:8e91:f402%1995467548 - - [2017-08-24 14:41:23] "POST /login HTTP/1.1" 200 320 0.033088
Aug 24 14:41:24 witherspoon phosphor-gevent[1148]: ::8069:6576:8e91:f402%1995467548 - - [2017-08-24 14:41:24] "POST /login HTTP/1.1" 200 320 0.052664
Aug 24 14:41:24 witherspoon phosphor-gevent[1148]: ::8069:6576:8e91:f402%1995467548 - - [2017-08-24 14:41:24] "GET /xyz/openbmc_project/state/host0//attr/CurrentHostState HTTP/1.1" 200 212 0.076226
Aug 24 14:41:24 witherspoon systemd[1]: Created slice system-obmc\x2dconsole\x2dssh.slice.
Aug 24 14:41:24 witherspoon systemd[1]: Started Phosphor Host Console SSH Per-Connection (9.41.165.94:60224).
Aug 24 14:41:24 witherspoon dropbear[1301]: Failed loading /etc/dropbear/dropbear_dss_host_key
Aug 24 14:41:24 witherspoon dropbear[1301]: Failed loading /etc/dropbear/dropbear_ecdsa_host_key
Aug 24 14:41:24 witherspoon dropbear[1301]: Child connection from ::ffff:9.41.165.94:60224
Aug 24 14:41:24 witherspoon phosphor-gevent[1148]: ::8069:6576:8e91:f402%1995467548 - - [2017-08-24 14:41:24] "POST /login HTTP/1.1" 200 320 0.050298
Aug 24 14:41:25 witherspoon phosphor-host-state-manager[1251]: Host State transaction request
Aug 24 14:41:25 witherspoon dropbear[1301]: PAM password auth succeeded for 'root' from ::ffff:9.41.165.94:60224
Aug 24 14:41:25 witherspoon dropbear[1302]: lastlog_perform_login: Couldn't stat /var/log/lastlog: No such file or directory
Aug 24 14:41:25 witherspoon dropbear[1302]: lastlog_openseek: /var/log/lastlog is not a file or directory!
Aug 24 14:41:25 witherspoon systemd[1]: Stopped target Chassis0 (Reset Check).
Aug 24 14:41:25 witherspoon systemd[1]: Starting Wait for /org/openbmc/control/chassis0...
Aug 24 14:41:25 witherspoon systemd[1]: Created slice system-op\x2dpower\x2dstop.slice.
Aug 24 14:41:25 witherspoon systemd[1]: Created slice system-op\x2dwait\x2dpower\x2doff.slice.
Aug 24 14:41:25 witherspoon systemd[1]: Created slice system-ir35221\x2doff\x2dunbind.slice.
Aug 24 14:41:25 witherspoon systemd[1]: Reached target Stop Hosti (Pre).
Aug 24 14:41:25 witherspoon systemd[1]: Reached target Hosti (Stopping).
Aug 24 14:41:25 witherspoon systemd[1]: Created slice system-ir35221\x2doff\x2dbind.slice.
Aug 24 14:41:25 witherspoon systemd[1]: Created slice system-vcs_off_poweroff.slice.
Aug 24 14:41:25 witherspoon systemd[1]: Reached target Hosti (Stopped).
Aug 24 14:41:25 witherspoon systemd[1]: Reached target Poweri Off (Pre).
Aug 24 14:41:25 witherspoon systemd[1]: Reached target Poweri Off.
Aug 24 14:41:25 witherspoon systemd[1]: Created slice system-obmc\x2dled\x2dgroup\x2dstop.slice.
Aug 24 14:41:25 witherspoon systemd[1]: Starting Wait for /xyz/openbmc_project/led/groups/power_on...
Aug 24 14:41:26 witherspoon phosphor-gevent[1148]: ::8069:6576:8e91:f402%1995467548 - - [2017-08-24 14:41:26] "PUT /xyz/openbmc_project/state/host0//attr/RequestedHostTransition HTTP/1.1" 200 169 0.971691
Aug 24 14:41:25 witherspoon systemd[1]: Created slice system-op\x2docc\x2ddisable.slice.
Aug 24 14:41:25 witherspoon systemd[1]: Starting OpenPOWER OCC Active Disable...
Aug 24 14:41:25 witherspoon systemd[1]: Starting Wait for /org/openbmc/HostIpmi/1...
Aug 24 14:41:26 witherspoon occ-active.sh[1305]: /usr/bin/occ-active.sh: line 16:  1307 Done                    busctl tree org.open_power.OCC.Control --list
Aug 24 14:41:26 witherspoon occ-active.sh[1305]:       1308 Done(1)                 | grep occ
Aug 24 14:41:26 witherspoon occ-active.sh[1305]:       1309 Segmentation fault      | xargs -n1 -I{} busctl set-property org.open_power.OCC.Control {} org.open_power.OCC.Status OccActive b $value
Aug 24 14:41:26 witherspoon systemd[1]: Started OpenPOWER OCC Active Disable.
Aug 24 14:41:26 witherspoon systemd[1]: Reached target Stop Host0 (Pre).
Aug 24 14:41:26 witherspoon systemd[1]: Starting Power off mode unbind ir35221 device driver devs...
Aug 24 14:41:26 witherspoon systemd[1]: Started Power off mode unbind ir35221 device driver devs.
Aug 24 14:41:26 witherspoon systemd[1]: xyz.openbmc_project.Hwmon@ahb-apb-i2c\x401e78a000-i2c\x2dbus\x40140-ir35221\x4070.service: Unit not needed anymore. Stopping.
Aug 24 14:41:26 witherspoon systemd[1]: Stopping Phosphor Hwmon Poller...
Aug 24 14:41:26 witherspoon systemd[1]: Stopped Phosphor Hwmon Poller.
Aug 24 14:41:26 witherspoon systemd[1]: xyz.openbmc_project.Hwmon@ahb-apb-i2c\x401e78a000-i2c\x2dbus\x40180-ir35221\x4071.service: Unit not needed anymore. Stopping.
Aug 24 14:41:26 witherspoon systemd[1]: Stopping Phosphor Hwmon Poller...
Aug 24 14:41:26 witherspoon systemd[1]: Stopped Phosphor Hwmon Poller.
Aug 24 14:41:26 witherspoon systemd[1]: xyz.openbmc_project.Hwmon@ahb-apb-i2c\x401e78a000-i2c\x2dbus\x40140-ir35221\x4071.service: Unit not needed anymore. Stopping.
Aug 24 14:41:26 witherspoon systemd[1]: Stopping Phosphor Hwmon Poller...
Aug 24 14:41:26 witherspoon systemd[1]: Stopped Phosphor Hwmon Poller.
Aug 24 14:41:26 witherspoon systemd[1]: xyz.openbmc_project.Hwmon@ahb-apb-i2c\x401e78a000-i2c\x2dbus\x40180-ir35221\x4070.service: Unit not needed anymore. Stopping.
Aug 24 14:41:27 witherspoon systemd[1]: Stopping Phosphor Hwmon Poller...
Aug 24 14:41:27 witherspoon systemd[1]: Stopped Phosphor Hwmon Poller.
Aug 24 14:41:27 witherspoon phosphor-gevent[1148]: ::8069:6576:8e91:f402%1995467548 - - [2017-08-24 14:41:27] "POST /login HTTP/1.1" 200 320 0.866642
Aug 24 14:41:27 witherspoon systemd[1]: Started Wait for /xyz/openbmc_project/led/groups/power_on.
Aug 24 14:41:27 witherspoon systemd[1]: Starting Assert power_on LED...
Aug 24 14:41:27 witherspoon systemd[1]: Started Wait for /org/openbmc/control/chassis0.
Aug 24 14:41:27 witherspoon systemd[1]: Started Wait for /org/openbmc/HostIpmi/1.
Aug 24 14:41:27 witherspoon systemd[1]: Starting Soft power off of the host...
Aug 24 14:41:31 witherspoon phosphor-gevent[1148]: ::8069:6576:8e91:f402%1995467548 - - [2017-08-24 14:41:31] "GET /xyz/openbmc_project/state/chassis0//attr/CurrentPowerState HTTP/1.1" 200 216 4.282357
Aug 24 14:41:31 witherspoon ipmid[1217]: Pushing cmd on to queue
Aug 24 14:41:31 witherspoon ipmid[1217]: Pushing cmd on to queue
Aug 24 14:41:31 witherspoon ipmid[1217]: Asserting SMS Attention
Aug 24 14:41:32 witherspoon ipmid[1217]: SMS Attention asserted
Aug 24 14:41:32 witherspoon phosphor-gevent[1148]: ::8069:6576:8e91:f402%1995467548 - - [2017-08-24 14:41:32] "POST /login HTTP/1.1" 200 320 0.033207
Aug 24 14:41:32 witherspoon systemd[1]: Started Assert power_on LED.
Aug 24 14:41:32 witherspoon phosphor-gevent[1148]: ::8069:6576:8e91:f402%1995467548 - - [2017-08-24 14:41:32] "GET /xyz/openbmc_project/state/host0//attr/CurrentHostState HTTP/1.1" 200 212 0.238478
Aug 24 14:41:32 witherspoon phosphor-gevent[1148]: ::8069:6576:8e91:f402%1995467548 - - [2017-08-24 14:41:32] "POST /login HTTP/1.1" 200 320 0.096920
Aug 24 14:41:33 witherspoon phosphor-host-state-manager[1251]: Host State transaction request
Aug 24 14:41:33 witherspoon phosphor-gevent[1148]: ::8069:6576:8e91:f402%1995467548 - - [2017-08-24 14:41:33] "PUT /xyz/openbmc_project/state/host0//attr/RequestedHostTransition HTTP/1.1" 200 169 0.725977
Aug 24 14:41:33 witherspoon systemd[1]: Created slice system-fsi\x2dscan.slice.
Aug 24 14:41:33 witherspoon systemd[1]: Created slice system-phosphor\x2dfan\x2dcontrol\x2dinit.slice.
Aug 24 14:41:33 witherspoon systemd[1]: Created slice system-fsi\x2dbind.slice.
Aug 24 14:41:33 witherspoon systemd[1]: Created slice system-ucd_disable_vcs.slice.
Aug 24 14:41:33 witherspoon systemd[1]: Created slice system-ir35221\x2don\x2dbind.slice.
Aug 24 14:41:33 witherspoon systemd[1]: Created slice system-pcie\x2dslot\x2ddetect.slice.
Aug 24 14:41:33 witherspoon systemd[1]: Created slice system-obmc\x2denable\x2dhost\x2dwatchdog.slice.
Aug 24 14:41:33 witherspoon systemd[1]: Created slice system-cfam_override.slice.
Aug 24 14:41:33 witherspoon systemd[1]: Created slice system-start_host.slice.
Aug 24 14:41:33 witherspoon systemd[1]: Created slice system-avsbus\x2denable.slice.
Aug 24 14:41:33 witherspoon systemd[1]: Created slice system-avsbus\x2ddisable.slice.
Aug 24 14:41:33 witherspoon systemd[1]: Starting Disable UCD VCS rails...
Aug 24 14:41:33 witherspoon systemd[1]: Created slice system-vrm\x2dcontrol.slice.
Aug 24 14:41:33 witherspoon systemd[1]: Created slice system-mapper\x2dsubtree\x2dremove.slice.
Aug 24 14:41:33 witherspoon systemd[1]: Starting mapper subtree-remove /xyz/openbmc_project/software:xyz.openbmc_project.Software.ActivationBlocksTransition...
Aug 24 14:41:33 witherspoon systemd[1]: Starting Assert power_on LED...
Aug 24 14:41:33 witherspoon systemd[1]: Created slice system-op\x2dpower\x2dstart.slice.
Aug 24 14:41:33 witherspoon systemd[1]: Created slice system-power\x2dworkarounds.slice.
Aug 24 14:41:34 witherspoon phosphor-gevent[1148]: ::8069:6576:8e91:f402%1995467548 - - [2017-08-24 14:41:34] "POST /login HTTP/1.1" 200 320 0.032811
Aug 24 14:41:34 witherspoon systemd[1]: Started Witherspoon Fan Watchdog Daemon.
Aug 24 14:41:34 witherspoon systemd[1]: Created slice system-vcs_off.slice.
Aug 24 14:41:34 witherspoon systemd[1]: Stopped Power off mode unbind ir35221 device driver devs.
Aug 24 14:41:34 witherspoon systemd[1]: Created slice system-phosphor\x2dfan\x2dpresence\x2dtach.slice.
Aug 24 14:41:34 witherspoon systemd[1]: Created slice system-ir35221\x2don\x2dunbind.slice.
