[    2.640000] aspeed-smc 1e620000.flash-controller: CE0 window [ 0x20000000 - 0x22000000 ] 32MB
[    2.660000] aspeed-smc 1e620000.flash-controller: CE1 window [ 0x22000000 - 0x2a000000 ] 128MB
[    2.660000] 5 ofpart partitions found on MTD device bmc
[    2.660000] Creating 5 MTD partitions on "bmc":
[    2.660000] 0x000000000000-0x000000060000 : "u-boot"
[    2.690000] 0x000000060000-0x000000080000 : "u-boot-env"
[    2.700000] 0x000000080000-0x0000004c0000 : "kernel"
[    2.710000] 0x0000004c0000-0x000001c00000 : "rofs"
[    2.720000] 0x000001c00000-0x000002000000 : "rwfs"
[    2.730000] aspeed-smc 1e620000.flash-controller: mx25l25635e (32768 Kbytes)
[    2.740000] aspeed-smc 1e620000.flash-controller: CE1 window [ 0x22000000 - 0x24000000 ] 32MB
[    2.750000] aspeed-smc 1e620000.flash-controller: CE2 window [ 0x24000000 - 0x2c000000 ] 128MB
[    2.760000] aspeed-smc 1e630000.flash-controller: mx66l1g45g (131072 Kbytes)
[    2.760000] aspeed-smc 1e630000.flash-controller: CE0 window resized to 120MB (AST2500 HW quirk)
[    2.780000] aspeed-smc 1e630000.flash-controller: CE0 window [ 0x30000000 - 0x37800000 ] 120MB
[    2.780000] aspeed-smc 1e630000.flash-controller: CE0 window too small for chip 128MB
[    2.780000] aspeed-smc 1e630000.flash-controller: CE1 window [ 0x37800000 - 0x38000000 ] 8MB
[    3.530000] libphy: Fixed MDIO Bus: probed
[    3.530000] ftgmac100 1e660000.ethernet: Read MAC address 70:e2:84:14:23:e1 from chip
[    3.530000] ftgmac100 1e660000.ethernet: Using NCSI interface
[    3.530000] ftgmac100 1e660000.ethernet eth0: irq 20, mapped at f0060000
[    3.530000] ehci_hcd: USB 2.0 'Enhanced' Host Controller (EHCI) Driver
[    3.530000] ehci-platform: EHCI generic platform driver
[    3.770000]  fsi0: can't read slave 00:00 -5
[    3.770000] i2c /dev entries driver
[    3.770000] aspeed-i2c-bus 1e78a0c0.i2c-bus: i2c bus 2 registered, irq 26
[    3.770000] aspeed-i2c-bus 1e78a100.i2c-bus: i2c bus 3 registered, irq 27
[    3.770000] aspeed-i2c-bus 1e78a140.i2c-bus: i2c bus 4 registered, irq 28
[    3.770000] aspeed-i2c-bus 1e78a180.i2c-bus: i2c bus 5 registered, irq 29
[    3.770000] aspeed-i2c-bus 1e78a380.i2c-bus: i2c bus 9 registered, irq 30
[    3.770000] aspeed-i2c-bus 1e78a3c0.i2c-bus: i2c bus 10 registered, irq 31
[    3.770000] rtc-rv8803 11-0032: Voltage low, temperature compensation stopped.
[    3.770000] rtc-rv8803 11-0032: An alarm maybe have been missed.
[    3.880000] rtc-rv8803 11-0032: rtc core: registered rx8900 as rtc0
[    3.890000] at24 11-0051: 8192 byte 24c64 EEPROM, writable, 1 bytes/write
[    3.890000] aspeed-i2c-bus 1e78a400.i2c-bus: i2c bus 11 registered, irq 32
[    3.890000] aspeed-i2c-bus 1e78a440.i2c-bus: i2c bus 12 registered, irq 33
[    3.890000] aspeed-i2c-bus 1e78a480.i2c-bus: i2c bus 13 registered, irq 34
[    3.890000] Driver for 1-wire Dallas network protocol.
[    3.890000] lm75 9-004a: hwmon0: sensor 'tmp275'
[    5.660000] ucd9000 11-0064: Device ID UCD90160|2.3.4.0000|110603
[    6.340000] leds-pca955x 3-0060: leds-pca955x: Using pca9552 16-bit LED driver at slave address 0x60
[    6.350000] leds-pca955x 3-0060: gpios 264...279
[    6.360000] leds-pca955x 11-0060: leds-pca955x: Using pca9552 16-bit LED driver at slave address 0x60
[    6.370000] leds-pca955x 11-0060: gpios 248...263
[    6.370000] usbcore: registered new interface driver usbhid
[    6.380000] usbhid: USB HID core driver
[    6.430000] NET: Registered protocol family 10
[    6.430000] Segment Routing with IPv6
[    6.440000] NET: Registered protocol family 17
[    6.440000] 8021q: 802.1Q VLAN Support v1.8
[    6.460000] input: gpio-keys-polled as /devices/platform/gpio-keys-polled/input/input1
[    6.480000] console [netcon0] enabled
[    6.490000] netconsole: network logging started
[    6.490000] input: gpio-keys as /devices/platform/gpio-keys/input/input2
[    6.500000] rtc-rv8803 11-0032: setting system clock to 2017-08-24 14:37:50 UTC (1503585470)
[    6.510000] Freeing unused kernel memory: 280K
[    6.510000] This architecture does not have kernel memory protection.
[    8.060000] jffs2: notice: (540) jffs2_build_xattr_subsystem: complete building xattr subsystem, 0 of xdatum (0 unchecked, 0 orphan) and 0 of xref (0 dead, 0 orphan) found.
[   10.160000] systemd[1]: Failed to insert module 'autofs4': No such file or directory
[   10.370000] systemd[1]: systemd 232 running in system mode. (+PAM -AUDIT -SELINUX -IMA -APPARMOR -SMACK +SYSVINIT -UTMP -LIBCRYPTSETUP -GCRYPT -GNUTLS +ACL +XZ -LZ4 -SECCOMP +BLKID -ELFUTILS +KMOD -IDN)
[   10.370000] systemd[1]: Detected architecture arm.
[   10.580000] systemd[1]: Set hostname to <witherspoon>.
[   12.160000] systemd[1]: Reached target Swap.
[   12.330000] systemd[1]: Listening on Network Service Netlink Socket.
[   12.370000] systemd[1]: Listening on Syslog Socket.
[   12.400000] systemd[1]: Listening on Journal Socket (/dev/log).
[   12.440000] systemd[1]: Listening on udev Kernel Socket.
[   12.480000] systemd[1]: Listening on Journal Socket.
[   12.520000] systemd[1]: Started Dispatch Password Requests to Console Directory Watch.
[   15.550000] systemd[1]: Created slice system-org.openbmc.control.Chassis.slice.
[   15.790000] systemd[1]: Mounted Debug File System.
[   16.040000] systemd[1]: Mounted Temporary Directory.
[   16.300000] systemd[1]: Started Journal Service.
[   18.400000] systemd-journald[675]: Received request to flush runtime journal from PID 1
[   25.010000] ubi7: default fastmap pool size: 100
[   25.010000] ubi7: default fastmap WL pool size: 50
[   25.010000] ubi7: attaching mtd7
[   25.010000] ubi7: scanning is finished
[   25.280000] ubi7: attached mtd7 (name "pnor", size 128 MiB)
[   25.280000] ubi7: PEB size: 65536 bytes (64 KiB), LEB size: 65408 bytes
[   25.280000] ubi7: min./max. I/O unit sizes: 1/256, sub-page size 1
[   25.280000] ubi7: VID header offset: 64 (aligned 64), data offset: 128
[   25.280000] ubi7: good PEBs: 2048, bad PEBs: 0, corrupted PEBs: 0
[   25.280000] ubi7: user volume: 4, internal volumes: 1, max. volumes count: 128
[   25.280000] ubi7: max/mean erase counter: 1/0, WL threshold: 4096, image sequence number: 390850788
[   25.280000] ubi7: available PEBs: 1110, total reserved PEBs: 938, PEBs reserved for bad PEB handling: 0
[   25.280000] ubi7: background thread "ubi_bgt7d" started, PID 989
[   32.300000] ubi: mtd7 is already attached to ubi7
[   34.330000] 8021q: adding VLAN 0 to HW filter on device eth0
[   37.560000] ftgmac100 1e660000.ethernet eth0: ncsi: removed vlan tag 0 at index 1
[   37.560000] ftgmac100 1e660000.ethernet eth0: ncsi: removed vlan tag 0 at index 2
[   37.560000] ftgmac100 1e660000.ethernet eth0: no vlan ids left to set
[   37.560000] ftgmac100 1e660000.ethernet eth0: NCSI interface up
[   39.050000] block ubiblock7_0: created from ubi7:0(pnor-ro-fd2cbe15)
[   40.230000] UBIFS (ubi7:1): UBIFS: mounted UBI device 7, volume 1, name "pnor-rw-fd2cbe15"
[   40.230000] UBIFS (ubi7:1): LEB size: 65408 bytes (63 KiB), min./max. I/O unit sizes: 8 bytes/256 bytes
[   40.230000] UBIFS (ubi7:1): FS size: 16155776 bytes (15 MiB, 247 LEBs), journal size 784896 bytes (0 MiB, 12 LEBs)
[   40.230000] UBIFS (ubi7:1): reserved for root: 763076 bytes (745 KiB)
[   40.230000] UBIFS (ubi7:1): media format: w5/r0 (latest is w5/r0), UUID F0865EC4-B3A8-4A6B-99C5-FE33A6EA31CE, small LPT model
[   40.330000] UBIFS (ubi7:1): background thread "ubifs_bgt7_1" started, PID 1081
[   41.760000] UBIFS (ubi7:2): UBIFS: mounted UBI device 7, volume 2, name "pnor-prsv"
[   41.760000] UBIFS (ubi7:2): LEB size: 65408 bytes (63 KiB), min./max. I/O unit sizes: 8 bytes/256 bytes
[   41.760000] UBIFS (ubi7:2): FS size: 1504384 bytes (1 MiB, 23 LEBs), journal size 523265 bytes (0 MiB, 6 LEBs)
[   41.760000] UBIFS (ubi7:2): reserved for root: 71055 bytes (69 KiB)
[   41.820000] UBIFS (ubi7:2): media format: w5/r0 (latest is w5/r0), UUID 0DBEAB19-1F84-420C-ADEC-7422167A40FF, small LPT model
[   41.880000] UBIFS (ubi7:2): background thread "ubifs_bgt7_2" started, PID 1090
[   51.180000] UBIFS (ubi7:3): UBIFS: mounted UBI device 7, volume 3, name "pnor-patch"
[   51.180000] UBIFS (ubi7:3): LEB size: 65408 bytes (63 KiB), min./max. I/O unit sizes: 8 bytes/256 bytes
[   51.180000] UBIFS (ubi7:3): FS size: 16155776 bytes (15 MiB, 247 LEBs), journal size 784896 bytes (0 MiB, 12 LEBs)
[   51.180000] UBIFS (ubi7:3): reserved for root: 763076 bytes (745 KiB)
[   51.180000] UBIFS (ubi7:3): media format: w5/r0 (latest is w5/r0), UUID 847E8A18-F23A-4D4A-B86C-ABF502DFDDDA, small LPT model
[   51.330000] UBIFS (ubi7:3): background thread "ubifs_bgt7_3" started, PID 1136
[  232.620000] ucd9000 11-0064: Device ID UCD90160|2.3.4.0000|110603
[  234.390000] ucd9000 11-0064: Device ID UCD90160|2.3.4.0000|110603
[  240.620000] occ-hwmon occ1-dev0: failed to get OCC poll response: -19
[  243.850000] ucd9000 11-0064: Device ID UCD90160|2.3.4.0000|110603
[  245.830000]  slave@00:00: status: 0xc4000511, sisc: 0x82040000
[  336.980000]  slave@00:00: status: 0xc4000511, sisc: 0x01040108
[  336.980000]  slave@00:00: status: 0xc4000501, sisc: 0x00040108
[  336.980000]  fsi1: can't read slave 00:00 -5
[  337.570000] occ-hwmon occ2-dev0: failed to get OCC poll response: -19
[  337.710000]  slave@00:00: status: 0xc4000501, sisc: 0x00040108
[  337.710000]  slave@00:00: status: 0xc4000501, sisc: 0x00040108
[  337.710000]  slave@01:00: status: 0x04000510, sisc: 0x01040000
[  337.710000]  slave@00:00: status: 0xc4000501, sisc: 0x00040108
[  337.710000]  slave@00:00: status: 0xc4000501, sisc: 0x00040108
[  337.710000]  slave@01:00: status: 0x04000500, sisc: 0x00040000
[  337.710000]  slave@00:00: status: 0xc4000501, sisc: 0x08040008
[  337.710000]  slave@00:00: status: 0xc4000501, sisc: 0x08040008
[  337.710000]  slave@01:00: status: 0x04000500, sisc: 0x00040000
[  337.850000]  slave@00:00: status: 0xc4000501, sisc: 0x08040008
[  337.850000]  slave@00:00: status: 0xc4000501, sisc: 0x08040008
[  337.850000]  slave@01:00: status: 0x04000500, sisc: 0x00040000
[  337.850000]  slave@00:00: status: 0xc4000501, sisc: 0x00040108
[  337.850000]  slave@00:00: status: 0xc4000501, sisc: 0x00040108
[  337.850000]  slave@01:00: status: 0x04000500, sisc: 0x00040000
[  337.850000]  slave@00:00: status: 0xc4000501, sisc: 0x00040108
[  337.850000]  slave@00:00: status: 0xc4000501, sisc: 0x00040108
[  337.850000]  slave@01:00: status: 0x04000500, sisc: 0x00040000
[  337.850000]  fsi2: can't read slave 02:00 -5
[  337.850000]  slave@01:00: status: 0x04000500, sisc: 0x00040000
[  338.010000]  slave@01:00: status: 0x04000500, sisc: 0x00040000
[  338.020000]  slave@01:00: status: 0x04000500, sisc: 0x00040000
[  338.040000]  slave@01:00: status: 0x04000500, sisc: 0x00040000
[  338.070000]  slave@01:00: status: 0x04000500, sisc: 0x00040000
[  338.070000]  slave@01:00: status: 0x04000500, sisc: 0x00040000
[  338.110000]  slave@01:00: status: 0x04000500, sisc: 0x00040000
[  338.120000]  slave@01:00: status: 0x04000500, sisc: 0x00040000
[  338.160000]  slave@01:00: status: 0x04000500, sisc: 0x00040000
[  338.160000]  slave@01:00: status: 0x04000500, sisc: 0x00040000
[  338.250000]  slave@00:00: status: 0xc4000501, sisc: 0x00040108
[  338.250000]  slave@00:00: status: 0xc4000501, sisc: 0x00040108
[  338.250000]  fsi1: can't read slave 02:00 -5
[  338.300000]  slave@00:00: status: 0xc4000501, sisc: 0x08040008
[  338.320000]  slave@00:00: status: 0xc4000501, sisc: 0x08040008
[  338.340000]  slave@00:00: status: 0xc4000501, sisc: 0x00040108
[  338.350000]  slave@00:00: status: 0xc4000501, sisc: 0x00040108
[  338.350000]  fsi1: can't read slave 04:00 -5
[  340.240000]  slave@00:00: status: 0xc4000501, sisc: 0x00040108
[  340.260000]  slave@00:00: status: 0xc4000501, sisc: 0x00040108
[  340.260000]  slave@05:00: status: 0x04000510, sisc: 0x01040000
[  340.290000]  slave@00:00: status: 0xc4000501, sisc: 0x00040108
[  340.300000]  slave@00:00: status: 0xc4000501, sisc: 0x00040108
[  340.320000]  slave@05:00: status: 0x04000500, sisc: 0x00040000
[  340.320000]  fsi3: can't read slave 00:00 -5
[  340.350000]  slave@00:00: status: 0xc4000501, sisc: 0x08040008
[  340.360000]  slave@00:00: status: 0xc4000501, sisc: 0x08040008
[  340.360000]  slave@05:00: status: 0x04000500, sisc: 0x00040000
[  340.390000]  slave@00:00: status: 0xc4000501, sisc: 0x08040008
[  340.390000]  slave@00:00: status: 0xc4000501, sisc: 0x08040008
[  340.400000]  slave@05:00: status: 0x04000500, sisc: 0x00040000
[  340.440000]  slave@00:00: status: 0xc4000501, sisc: 0x00040108
[  340.440000]  slave@00:00: status: 0xc4000501, sisc: 0x00040108
[  340.460000]  slave@05:00: status: 0x04000500, sisc: 0x00040000
[  340.460000]  slave@00:00: status: 0xc4000501, sisc: 0x00040108
[  340.490000]  slave@00:00: status: 0xc4000501, sisc: 0x00040108
[  340.490000]  slave@05:00: status: 0x04000500, sisc: 0x00040000
[  340.490000]  fsi3: can't read slave 02:00 -5
[  340.520000]  slave@05:00: status: 0x04000500, sisc: 0x00040000
[  340.520000]  slave@05:00: status: 0x04000500, sisc: 0x00040000
[  340.560000]  slave@05:00: status: 0x04000500, sisc: 0x00040000
[  340.560000]  slave@05:00: status: 0x04000500, sisc: 0x00040000
[  340.600000]  slave@05:00: status: 0x04000500, sisc: 0x00040000
[  340.600000]  slave@05:00: status: 0x04000500, sisc: 0x00040000
[  340.650000]  slave@05:00: status: 0x04000500, sisc: 0x00040000
[  340.650000]  slave@05:00: status: 0x04000500, sisc: 0x00040000
[  340.650000]  slave@05:00: status: 0x04000500, sisc: 0x00040000
[  340.700000]  slave@05:00: status: 0x04000500, sisc: 0x00040000
[  340.760000]  slave@00:00: status: 0xc4000501, sisc: 0x00040108
[  340.760000]  slave@00:00: status: 0xc4000501, sisc: 0x00040108
[  340.760000]  fsi1: can't read slave 06:00 -5
[  340.820000]  slave@00:00: status: 0xc4000501, sisc: 0x08040008
[  340.820000]  slave@00:00: status: 0xc4000501, sisc: 0x08040008
