-- Logs begin at Fri 2017-09-29 02:28:49 UTC, end at Fri 2017-09-29 02:47:38 UTC. --
Sep 29 02:28:49 witherspoon kernel: Booting Linux on physical CPU 0x0
Sep 29 02:28:49 witherspoon kernel: Linux version 4.10.17-00cd954c889746a65f9022088c5d83f9f43bfddc (jenkins@openbmc-builder1) (gcc version 6.2.0 (GCC) ) #1 Fri Sep 22 12:34:59 UTC 2017
Sep 29 02:28:49 witherspoon kernel: CPU: ARMv6-compatible processor [410fb767] revision 7 (ARMv7), cr=00c5387d
Sep 29 02:28:49 witherspoon kernel: CPU: PIPT / VIPT nonaliasing data cache, VIPT nonaliasing instruction cache
Sep 29 02:28:49 witherspoon kernel: OF: fdt:Machine model: Witherspoon BMC
Sep 29 02:28:49 witherspoon kernel: Memory policy: Data cache writeback
Sep 29 02:28:49 witherspoon kernel: SOC Rev: 04030303
Sep 29 02:28:49 witherspoon kernel: On node 0 totalpages: 110592
Sep 29 02:28:49 witherspoon kernel: free_area_init_node: node 0, pgdat 806038a4, node_mem_map 9ec1a000
Sep 29 02:28:49 witherspoon kernel:   Normal zone: 992 pages used for memmap
Sep 29 02:28:49 witherspoon kernel:   Normal zone: 0 pages reserved
Sep 29 02:28:49 witherspoon kernel:   Normal zone: 110592 pages, LIFO batch:31
Sep 29 02:28:49 witherspoon kernel: pcpu-alloc: s0 r0 d32768 u32768 alloc=1*32768
Sep 29 02:28:49 witherspoon kernel: pcpu-alloc: [0] 0 
Sep 29 02:28:49 witherspoon kernel: Built 1 zonelists in Zone order, mobility grouping on.  Total pages: 109600
Sep 29 02:28:49 witherspoon kernel: Kernel command line: console=ttyS4,115200n8 ubi.mtd=obmc-ubi,0,0,0 ubi.mtd=alt-obmc-ubi,0,0,4 ro rootfstype=squashfs ubi.block=0,0 root=/dev/ubiblock0_0
Sep 29 02:28:49 witherspoon kernel: PID hash table entries: 2048 (order: 1, 8192 bytes)
Sep 29 02:28:49 witherspoon kernel: Dentry cache hash table entries: 65536 (order: 6, 262144 bytes)
Sep 29 02:28:49 witherspoon kernel: Inode-cache hash table entries: 32768 (order: 5, 131072 bytes)
Sep 29 02:28:49 witherspoon kernel: Memory: 431960K/442368K available (4077K kernel code, 281K rwdata, 1196K rodata, 284K init, 111K bss, 10408K reserved, 0K cma-reserved)
Sep 29 02:28:49 witherspoon kernel: Virtual kernel memory layout:
                                        vector  : 0xffff0000 - 0xffff1000   (   4 kB)
                                        fixmap  : 0xffc00000 - 0xfff00000   (3072 kB)
                                        vmalloc : 0x9f800000 - 0xff800000   (1536 MB)
                                        lowmem  : 0x80000000 - 0x9f000000   ( 496 MB)
                                          .text : 0x80008000 - 0x80403740   (4078 kB)
                                          .init : 0x80589000 - 0x805d0000   ( 284 kB)
                                          .data : 0x805d0000 - 0x806167a8   ( 282 kB)
                                           .bss : 0x806167a8 - 0x80632678   ( 112 kB)
Sep 29 02:28:49 witherspoon kernel: NR_IRQS:16 nr_irqs:16 16
Sep 29 02:28:49 witherspoon kernel: i2c controller registered, irq 16
Sep 29 02:28:49 witherspoon kernel: clocksource: moxart_timer: mask: 0xffffffff max_cycles: 0xffffffff, max_idle_ns: 77222644334 ns
Sep 29 02:28:49 witherspoon kernel: sched_clock: 32 bits at 100 Hz, resolution 10000000ns, wraps every 21474836475000000ns
Sep 29 02:28:49 witherspoon kernel: Calibrating delay loop... 789.70 BogoMIPS (lpj=3948544)
Sep 29 02:28:49 witherspoon kernel: pid_max: default: 32768 minimum: 301
Sep 29 02:28:49 witherspoon kernel: Mount-cache hash table entries: 1024 (order: 0, 4096 bytes)
Sep 29 02:28:49 witherspoon kernel: Mountpoint-cache hash table entries: 1024 (order: 0, 4096 bytes)
Sep 29 02:28:49 witherspoon kernel: CPU: Testing write buffer coherency: ok
Sep 29 02:28:49 witherspoon kernel: ftrace: allocating 14991 entries in 44 pages
Sep 29 02:28:49 witherspoon kernel: Setting up static identity map for 0x80008200 - 0x8000825c
Sep 29 02:28:49 witherspoon kernel: devtmpfs: initialized
Sep 29 02:28:49 witherspoon kernel: clocksource: jiffies: mask: 0xffffffff max_cycles: 0xffffffff, max_idle_ns: 19112604462750000 ns
Sep 29 02:28:49 witherspoon kernel: futex hash table entries: 256 (order: -1, 3072 bytes)
Sep 29 02:28:49 witherspoon kernel: pinctrl core: initialized pinctrl subsystem
Sep 29 02:28:49 witherspoon kernel: NET: Registered protocol family 16
Sep 29 02:28:49 witherspoon kernel: DMA: preallocated 256 KiB pool for atomic coherent allocations
Sep 29 02:28:49 witherspoon kernel: usbcore: registered new interface driver usbfs
Sep 29 02:28:49 witherspoon kernel: usbcore: registered new interface driver hub
Sep 29 02:28:49 witherspoon kernel: usbcore: registered new device driver usb
Sep 29 02:28:49 witherspoon kernel: clocksource: Switched to clocksource moxart_timer
Sep 29 02:28:49 witherspoon kernel: NET: Registered protocol family 2
Sep 29 02:28:49 witherspoon kernel: TCP established hash table entries: 4096 (order: 2, 16384 bytes)
Sep 29 02:28:49 witherspoon kernel: TCP bind hash table entries: 4096 (order: 2, 16384 bytes)
Sep 29 02:28:49 witherspoon kernel: TCP: Hash tables configured (established 4096 bind 4096)
Sep 29 02:28:49 witherspoon kernel: UDP hash table entries: 256 (order: 0, 4096 bytes)
Sep 29 02:28:49 witherspoon kernel: UDP-Lite hash table entries: 256 (order: 0, 4096 bytes)
Sep 29 02:28:49 witherspoon kernel: NET: Registered protocol family 1
Sep 29 02:28:49 witherspoon kernel: workingset: timestamp_bits=30 max_order=17 bucket_order=0
Sep 29 02:28:49 witherspoon kernel: squashfs: version 4.0 (2009/01/31) Phillip Lougher
Sep 29 02:28:49 witherspoon kernel: jffs2: version 2.2. (SUMMARY)  © 2001-2006 Red Hat, Inc.
Sep 29 02:28:49 witherspoon kernel: Block layer SCSI generic (bsg) driver version 0.4 loaded (major 250)
Sep 29 02:28:49 witherspoon kernel: io scheduler noop registered
Sep 29 02:28:49 witherspoon kernel: io scheduler deadline registered
Sep 29 02:28:49 witherspoon kernel: io scheduler cfq registered (default)
Sep 29 02:28:49 witherspoon kernel: ipmi-bt-host 1e789140.ibt: Found bt bmc device
Sep 29 02:28:49 witherspoon kernel: ipmi-bt-host 1e789140.ibt: Using IRQ 22
Sep 29 02:28:49 witherspoon kernel: Serial: 8250/16550 driver, 6 ports, IRQ sharing enabled
Sep 29 02:28:49 witherspoon kernel: 1e787000.vuart: ttyS5 at MMIO 0x1e787000 (irq = 22, base_baud = 1500000) is a 16550A
Sep 29 02:28:49 witherspoon kernel: 1e783000.serial: ttyS0 at MMIO 0x1e783000 (irq = 23, base_baud = 1500000) is a 16550A
Sep 29 02:28:49 witherspoon kernel: 1e78d000.serial: ttyS1 at MMIO 0x1e78d000 (irq = 24, base_baud = 1500000) is a 16550A
Sep 29 02:28:49 witherspoon kernel: 1e784000.serial: ttyS4 at MMIO 0x1e784000 (irq = 25, base_baud = 1500000) is a 16550A
Sep 29 02:28:49 witherspoon kernel: console [ttyS4] enabled
Sep 29 02:28:49 witherspoon kernel: timeriomem_rng 1e6e2078.hwrng: 32bits from 0xf00e2078 @ 1us
Sep 29 02:28:49 witherspoon kernel: random: fast init done
Sep 29 02:28:49 witherspoon kernel: random: crng init done
Sep 29 02:28:49 witherspoon kernel: brd: module loaded
Sep 29 02:28:49 witherspoon kernel: loop: module loaded
Sep 29 02:28:49 witherspoon kernel: aspeed-lpc-ctrl 1e789080.lpc-ctrl: Loaded at 0x98000000 (0x04000000)
Sep 29 02:28:49 witherspoon kernel: aspeed-smc 1e620000.flash-controller: Using IRQ 18
Sep 29 02:28:49 witherspoon kernel: aspeed-smc 1e620000.flash-controller: DMA support disabled.
Sep 29 02:28:49 witherspoon kernel: aspeed-smc 1e620000.flash-controller: mx25l25635e (32768 Kbytes)
Sep 29 02:28:49 witherspoon kernel: aspeed-smc 1e620000.flash-controller: CE0 window [ 0x20000000 - 0x22000000 ] 32MB
Sep 29 02:28:49 witherspoon kernel: aspeed-smc 1e620000.flash-controller: CE1 window [ 0x22000000 - 0x2a000000 ] 128MB
Sep 29 02:28:49 witherspoon kernel: 3 ofpart partitions found on MTD device bmc
Sep 29 02:28:49 witherspoon kernel: Creating 3 MTD partitions on "bmc":
Sep 29 02:28:49 witherspoon kernel: 0x000000000000-0x000000060000 : "u-boot"
Sep 29 02:28:49 witherspoon kernel: 0x000000060000-0x000000080000 : "u-boot-env"
Sep 29 02:28:49 witherspoon kernel: 0x000000080000-0x000002000000 : "obmc-ubi"
Sep 29 02:28:49 witherspoon kernel: aspeed-smc 1e620000.flash-controller: mx25l25635e (32768 Kbytes)
Sep 29 02:28:49 witherspoon kernel: aspeed-smc 1e620000.flash-controller: CE1 window [ 0x22000000 - 0x24000000 ] 32MB
Sep 29 02:28:49 witherspoon kernel: aspeed-smc 1e620000.flash-controller: CE2 window [ 0x24000000 - 0x2c000000 ] 128MB
Sep 29 02:28:49 witherspoon kernel: 3 ofpart partitions found on MTD device alt-bmc
Sep 29 02:28:49 witherspoon kernel: Creating 3 MTD partitions on "alt-bmc":
Sep 29 02:28:49 witherspoon kernel: 0x000000000000-0x000000060000 : "alt-u-boot"
Sep 29 02:28:49 witherspoon kernel: 0x000000060000-0x000000080000 : "alt-u-boot-env"
Sep 29 02:28:49 witherspoon kernel: 0x000000080000-0x000002000000 : "alt-obmc-ubi"
Sep 29 02:28:49 witherspoon kernel: aspeed-smc 1e630000.flash-controller: mx66l1g45g (131072 Kbytes)
Sep 29 02:28:49 witherspoon kernel: aspeed-smc 1e630000.flash-controller: CE0 window resized to 120MB (AST2500 HW quirk)
Sep 29 02:28:49 witherspoon kernel: aspeed-smc 1e630000.flash-controller: CE0 window [ 0x30000000 - 0x37800000 ] 120MB
Sep 29 02:28:49 witherspoon kernel: aspeed-smc 1e630000.flash-controller: CE0 window too small for chip 128MB
Sep 29 02:28:49 witherspoon kernel: aspeed-smc 1e630000.flash-controller: CE1 window [ 0x37800000 - 0x38000000 ] 8MB
Sep 29 02:28:49 witherspoon kernel: libphy: Fixed MDIO Bus: probed
Sep 29 02:28:49 witherspoon kernel: ftgmac100 1e660000.ethernet: Read MAC address 70:e2:84:14:23:e1 from chip
Sep 29 02:28:49 witherspoon kernel: ftgmac100 1e660000.ethernet: Using NCSI interface
Sep 29 02:28:49 witherspoon kernel: ftgmac100 1e660000.ethernet eth0: irq 20, mapped at f0060000
Sep 29 02:28:49 witherspoon kernel: ehci_hcd: USB 2.0 'Enhanced' Host Controller (EHCI) Driver
Sep 29 02:28:49 witherspoon kernel: ehci-platform: EHCI generic platform driver
Sep 29 02:28:49 witherspoon kernel: i2c /dev entries driver
Sep 29 02:28:49 witherspoon kernel: aspeed-i2c-bus 1e78a0c0.i2c-bus: i2c bus 2 registered, irq 26
Sep 29 02:28:49 witherspoon kernel: aspeed-i2c-bus 1e78a100.i2c-bus: i2c bus 3 registered, irq 27
Sep 29 02:28:49 witherspoon kernel: aspeed-i2c-bus 1e78a140.i2c-bus: i2c bus 4 registered, irq 28
Sep 29 02:28:49 witherspoon kernel: aspeed-i2c-bus 1e78a180.i2c-bus: i2c bus 5 registered, irq 29
Sep 29 02:28:49 witherspoon kernel: aspeed-i2c-bus 1e78a380.i2c-bus: i2c bus 9 registered, irq 30
Sep 29 02:28:49 witherspoon kernel: aspeed-i2c-bus 1e78a3c0.i2c-bus: i2c bus 10 registered, irq 31
Sep 29 02:28:49 witherspoon kernel: rtc-rv8803 11-0032: Voltage low, temperature compensation stopped.
Sep 29 02:28:49 witherspoon kernel: rtc-rv8803 11-0032: An alarm maybe have been missed.
Sep 29 02:28:49 witherspoon kernel: rtc-rv8803 11-0032: rtc core: registered rx8900 as rtc0
Sep 29 02:28:49 witherspoon kernel: at24 11-0051: 8192 byte 24c64 EEPROM, writable, 1 bytes/write
Sep 29 02:28:49 witherspoon kernel: aspeed-i2c-bus 1e78a400.i2c-bus: i2c bus 11 registered, irq 32
Sep 29 02:28:49 witherspoon kernel: aspeed-i2c-bus 1e78a440.i2c-bus: i2c bus 12 registered, irq 33
Sep 29 02:28:49 witherspoon kernel: aspeed-i2c-bus 1e78a480.i2c-bus: i2c bus 13 registered, irq 34
Sep 29 02:28:49 witherspoon kernel: Driver for 1-wire Dallas network protocol.
Sep 29 02:28:49 witherspoon kernel: lm75 9-004a: hwmon0: sensor 'tmp275'
Sep 29 02:28:49 witherspoon kernel: ucd9000 11-0064: Device ID UCD90160|2.3.4.0000|110603
Sep 29 02:28:49 witherspoon kernel: leds-pca955x 3-0060: leds-pca955x: Using pca9552 16-bit LED driver at slave address 0x60
Sep 29 02:28:49 witherspoon kernel: leds-pca955x 3-0060: gpios 238...253
Sep 29 02:28:49 witherspoon kernel: leds-pca955x 11-0060: leds-pca955x: Using pca9552 16-bit LED driver at slave address 0x60
Sep 29 02:28:50 witherspoon kernel: leds-pca955x 11-0060: gpios 222...237
Sep 29 02:28:50 witherspoon kernel: usbcore: registered new interface driver usbhid
Sep 29 02:28:50 witherspoon kernel: usbhid: USB HID core driver
Sep 29 02:28:50 witherspoon kernel: NET: Registered protocol family 10
Sep 29 02:28:50 witherspoon kernel: Segment Routing with IPv6
Sep 29 02:28:50 witherspoon kernel: NET: Registered protocol family 17
Sep 29 02:28:50 witherspoon kernel: 8021q: 802.1Q VLAN Support v1.8
Sep 29 02:28:50 witherspoon kernel: input: gpio-keys-polled as /devices/platform/gpio-keys-polled/input/input1
Sep 29 02:28:50 witherspoon kernel: ubi0: default fastmap pool size: 25
Sep 29 02:28:50 witherspoon kernel: ubi0: default fastmap WL pool size: 12
Sep 29 02:28:50 witherspoon kernel: ubi0: attaching mtd3
Sep 29 02:28:50 witherspoon kernel: ubi0: scanning is finished
Sep 29 02:28:50 witherspoon kernel: ubi0: attached mtd3 (name "obmc-ubi", size 31 MiB)
Sep 29 02:28:50 witherspoon kernel: ubi0: PEB size: 65536 bytes (64 KiB), LEB size: 65408 bytes
Sep 29 02:28:50 witherspoon kernel: ubi0: min./max. I/O unit sizes: 1/256, sub-page size 1
Sep 29 02:28:50 witherspoon kernel: ubi0: VID header offset: 64 (aligned 64), data offset: 128
Sep 29 02:28:50 witherspoon kernel: ubi0: good PEBs: 504, bad PEBs: 0, corrupted PEBs: 0
Sep 29 02:28:50 witherspoon kernel: ubi0: user volume: 4, internal volumes: 1, max. volumes count: 128
Sep 29 02:28:50 witherspoon kernel: ubi0: max/mean erase counter: 42/34, WL threshold: 4096, image sequence number: 1358235831
Sep 29 02:28:50 witherspoon kernel: ubi0: available PEBs: 46, total reserved PEBs: 458, PEBs reserved for bad PEB handling: 0
Sep 29 02:28:50 witherspoon kernel: ubi0: background thread "ubi_bgt0d" started, PID 506
Sep 29 02:28:50 witherspoon kernel: ubi4: default fastmap pool size: 25
Sep 29 02:28:50 witherspoon kernel: ubi4: default fastmap WL pool size: 12
Sep 29 02:28:50 witherspoon kernel: ubi4: attaching mtd7
Sep 29 02:28:50 witherspoon kernel: ubi4: scanning is finished
Sep 29 02:28:50 witherspoon kernel: ubi4: attached mtd7 (name "alt-obmc-ubi", size 31 MiB)
Sep 29 02:28:50 witherspoon kernel: ubi4: PEB size: 65536 bytes (64 KiB), LEB size: 65408 bytes
Sep 29 02:28:50 witherspoon kernel: ubi4: min./max. I/O unit sizes: 1/256, sub-page size 1
Sep 29 02:28:50 witherspoon kernel: ubi4: VID header offset: 64 (aligned 64), data offset: 128
Sep 29 02:28:50 witherspoon kernel: ubi4: good PEBs: 504, bad PEBs: 0, corrupted PEBs: 0
Sep 29 02:28:50 witherspoon kernel: ubi4: user volume: 4, internal volumes: 1, max. volumes count: 128
Sep 29 02:28:50 witherspoon kernel: ubi4: max/mean erase counter: 35/26, WL threshold: 4096, image sequence number: 1358235831
Sep 29 02:28:50 witherspoon kernel: ubi4: available PEBs: 46, total reserved PEBs: 458, PEBs reserved for bad PEB handling: 0
Sep 29 02:28:50 witherspoon kernel: ubi4: background thread "ubi_bgt4d" started, PID 512
Sep 29 02:28:50 witherspoon kernel: block ubiblock0_0: created from ubi0:0(rofs-1b14e18e)
Sep 29 02:28:50 witherspoon kernel: console [netcon0] enabled
Sep 29 02:28:50 witherspoon kernel: netconsole: network logging started
Sep 29 02:28:50 witherspoon kernel: input: gpio-keys as /devices/platform/gpio-keys/input/input2
Sep 29 02:28:50 witherspoon kernel: rtc-rv8803 11-0032: setting system clock to 2017-09-29 02:28:44 UTC (1506652124)
Sep 29 02:28:50 witherspoon kernel: VFS: Mounted root (squashfs filesystem) readonly on device 254:0.
Sep 29 02:28:50 witherspoon kernel: devtmpfs: mounted
Sep 29 02:28:50 witherspoon kernel: Freeing unused kernel memory: 284K
Sep 29 02:28:50 witherspoon kernel: This architecture does not have kernel memory protection.
Sep 29 02:28:50 witherspoon systemd[1]: Failed to insert module 'autofs4': No such file or directory
Sep 29 02:28:50 witherspoon systemd[1]: systemd 232 running in system mode. (+PAM -AUDIT -SELINUX -IMA -APPARMOR -SMACK +SYSVINIT -UTMP -LIBCRYPTSETUP -GCRYPT -GNUTLS +ACL +XZ -LZ4 -SECCOMP +BLKID -ELFUTILS +KMOD -IDN)
Sep 29 02:28:50 witherspoon systemd[1]: Detected architecture arm.
Sep 29 02:28:50 witherspoon systemd[1]: Set hostname to <witherspoon>.
Sep 29 02:28:50 witherspoon systemd[1]: Initializing machine ID from random generator.
Sep 29 02:28:50 witherspoon systemd[1]: Installed transient /etc/machine-id file.
Sep 29 02:28:50 witherspoon systemd[1]: [/lib/systemd/system/obmc-standby.target.requires/../witherspoon-power-supply-monitor@.service:12] Unknown lvalue 'SysLogIdentifier' in section 'Service'
Sep 29 02:28:50 witherspoon systemd[1]: [/lib/systemd/system/obmc-standby.target.requires/../witherspoon-power-supply-monitor@.service:12] Unknown lvalue 'SysLogIdentifier' in section 'Service'
Sep 29 02:28:50 witherspoon systemd[1]: Reached target Remote File Systems.
Sep 29 02:28:50 witherspoon systemd[1]: Started Dispatch Password Requests to Console Directory Watch.
Sep 29 02:28:50 witherspoon systemd[1]: Reached target Swap.
Sep 29 02:28:50 witherspoon systemd-journald[540]: Journal started
Sep 29 02:28:50 witherspoon systemd-journald[540]: Runtime journal (/run/log/journal/2935270c5c424d73b09beb79a0725ef3) is 0B, max 0B, 0B free.
Sep 29 02:28:50 witherspoon systemd-sysctl[536]: Couldn't write '16' to 'kernel/sysrq', ignoring: No such file or directory
Sep 29 02:28:50 witherspoon systemd-sysctl[536]: Couldn't write 'fq_codel' to 'net/core/default_qdisc', ignoring: No such file or directory
Sep 29 02:28:50 witherspoon systemd[1]: Starting Create Static Device Nodes in /dev...
Sep 29 02:28:50 witherspoon systemd[1]: Started Create Static Device Nodes in /dev.
Sep 29 02:28:50 witherspoon systemd[1]: Reached target Local File Systems (Pre).
Sep 29 02:28:50 witherspoon systemd[1]: Mounting /media...
Sep 29 02:28:50 witherspoon systemd[1]: Mounting /usr/local...
Sep 29 02:28:50 witherspoon systemd[1]: var.mount: Directory /var to mount over is not empty, mounting anyway.
Sep 29 02:28:50 witherspoon systemd[1]: Mounting /var...
Sep 29 02:28:50 witherspoon systemd[1]: Starting udev Kernel Device Manager...
Sep 29 02:28:51 witherspoon systemd[1]: Mounted /usr/local.
Sep 29 02:28:51 witherspoon systemd[1]: Mounted /media.
Sep 29 02:28:51 witherspoon systemd[1]: Mounted /var.
Sep 29 02:28:51 witherspoon systemd[1]: Starting Prepare for overlay fs...
Sep 29 02:28:51 witherspoon kernel: UBIFS (ubi0:2): UBIFS: mounted UBI device 0, volume 2, name "rwfs"
Sep 29 02:28:51 witherspoon kernel: UBIFS (ubi0:2): LEB size: 65408 bytes (63 KiB), min./max. I/O unit sizes: 8 bytes/256 bytes
Sep 29 02:28:51 witherspoon kernel: UBIFS (ubi0:2): FS size: 3597440 bytes (3 MiB, 55 LEBs), journal size 719488 bytes (0 MiB, 11 LEBs)
Sep 29 02:28:51 witherspoon kernel: UBIFS (ubi0:2): reserved for root: 0 bytes (0 KiB)
Sep 29 02:28:51 witherspoon kernel: UBIFS (ubi0:2): media format: w4/r0 (latest is w5/r0), UUID F6AF7850-1C6E-4E2A-94BB-A56899CAF080, small LPT model
Sep 29 02:28:51 witherspoon kernel: UBIFS (ubi0:2): background thread "ubifs_bgt0_2" started, PID 653
Sep 29 02:28:51 witherspoon systemd[1]: Starting Flush Journal to Persistent Storage...
Sep 29 02:28:51 witherspoon systemd[1]: Mounting /var/volatile...
Sep 29 02:28:52 witherspoon systemd[1]: Mounted /var/volatile.
Sep 29 02:28:52 witherspoon systemd[1]: Started udev Kernel Device Manager.
Sep 29 02:28:52 witherspoon systemd[1]: Started udev Coldplug all Devices.
Sep 29 02:28:53 witherspoon systemd[1]: Started Prepare for overlay fs.
Sep 29 02:28:53 witherspoon systemd-journald[540]: Runtime journal (/run/log/journal/2935270c5c424d73b09beb79a0725ef3) is 0B, max 0B, 0B free.
Sep 29 02:28:53 witherspoon systemd[1]: Started Flush Journal to Persistent Storage.
Sep 29 02:28:53 witherspoon systemd[1]: home.mount: Directory /home to mount over is not empty, mounting anyway.
Sep 29 02:28:53 witherspoon systemd[1]: Mounting /home...
Sep 29 02:28:53 witherspoon systemd[1]: etc.mount: Directory /etc to mount over is not empty, mounting anyway.
Sep 29 02:28:53 witherspoon systemd[1]: Mounting /etc...
Sep 29 02:28:53 witherspoon systemd[1]: Starting Load/Save Random Seed...
Sep 29 02:28:53 witherspoon systemd[1]: Mounted /etc.
Sep 29 02:28:53 witherspoon systemd[1]: Mounted /home.
Sep 29 02:28:53 witherspoon systemd[1]: Started Load/Save Random Seed.
Sep 29 02:28:53 witherspoon systemd[1]: Reached target Local File Systems.
Sep 29 02:28:54 witherspoon systemd[1]: Starting Create Volatile Files and Directories...
Sep 29 02:28:54 witherspoon systemd[1]: Found device /dev/aspeed-mbox.
Sep 29 02:28:54 witherspoon systemd[1]: Found device /dev/ttyS4.
Sep 29 02:28:54 witherspoon systemd[1]: Found device /dev/ttyVUART0.
Sep 29 02:28:54 witherspoon systemd[1]: Started Create Volatile Files and Directories.
Sep 29 02:28:55 witherspoon systemd[1]: Found device /dev/aspeed-lpc-ctrl.
Sep 29 02:28:56 witherspoon systemd[1]: Created slice system-xyz.openbmc_project.led.controller.slice.
Sep 29 02:28:56 witherspoon systemd[1]: Starting Network Time Synchronization...
Sep 29 02:28:56 witherspoon systemd[1]: dev-hugepages.mount: Couldn't determine result for ConditionVirtualization=!private-users, assuming failed: No such file or directory
Sep 29 02:28:56 witherspoon systemd[1]: Created slice system-xyz.openbmc_project.Hwmon.slice.
Sep 29 02:28:56 witherspoon systemd[1]: Started Network Time Synchronization.
Sep 29 02:28:56 witherspoon systemd[1]: Reached target System Initialization.
Sep 29 02:28:56 witherspoon systemd[1]: Listening on D-Bus System Message Bus Socket.
Sep 29 02:28:56 witherspoon systemd[1]: Listening on Phosphor Webserver socket.
Sep 29 02:28:56 witherspoon systemd[1]: Listening on Avahi mDNS/DNS-SD Stack Activation Socket.
Sep 29 02:28:56 witherspoon systemd[1]: Listening on dropbear.socket.
Sep 29 02:28:56 witherspoon systemd[1]: Listening on Phosphor Host Console SSH Per-Connection socket.
Sep 29 02:28:56 witherspoon systemd[1]: Listening on phosphor-ipmi-net.socket.
Sep 29 02:28:56 witherspoon systemd[1]: Started Daily Cleanup of Temporary Directories.
Sep 29 02:28:56 witherspoon systemd[1]: Reached target Timers.
Sep 29 02:28:56 witherspoon systemd[1]: Listening on Phosphor DBUS Browser socket.
Sep 29 02:28:57 witherspoon systemd[1]: Reached target Sockets.
Sep 29 02:28:57 witherspoon systemd[1]: Reached target Basic System.
Sep 29 02:28:57 witherspoon systemd[1]: Started Phosphor Console Muxer listening on device /dev/ttyVUART0.
Sep 29 02:28:57 witherspoon systemd[1]: Started D-Bus System Message Bus.
Sep 29 02:28:57 witherspoon systemd[1]: Starting Network Service...
Sep 29 02:28:57 witherspoon systemd[1]: Starting Phosphor IPMI BT DBus Bridge...
Sep 29 02:28:58 witherspoon systemd[1]: Started Phosphor sysfs LED controller.
Sep 29 02:28:58 witherspoon systemd-networkd[951]: Enumeration completed
Sep 29 02:28:58 witherspoon systemd[1]: Started Phosphor Dump core monitor..
Sep 29 02:28:58 witherspoon systemd[1]: Starting Check PNOR UBI format...
Sep 29 02:28:58 witherspoon systemd[1]: Starting Phosphor Log Manager...
Sep 29 02:28:58 witherspoon systemd[1]: Reached target Containers.
Sep 29 02:28:58 witherspoon kernel: 8021q: adding VLAN 0 to HW filter on device eth0
Sep 29 02:28:58 witherspoon systemd-networkd[951]: eth0: IPv6 enabled for interface: Success
Sep 29 02:28:58 witherspoon systemd[1]: Started Kernel Logging Service.
Sep 29 02:28:58 witherspoon systemd-networkd[951]: eth0: Gained carrier
Sep 29 02:28:58 witherspoon systemd-timesyncd[947]: Network configuration changed, trying to establish connection.
Sep 29 02:28:58 witherspoon systemd[1]: Started Phosphor sysfs LED controller.
Sep 29 02:28:58 witherspoon systemd[1]: Starting Phosphor Download Manager...
Sep 29 02:28:59 witherspoon systemd[1]: Started System Logging Service.
Sep 29 02:28:59 witherspoon systemd[1]: Started Phosphor sysfs LED controller.
Sep 29 02:28:59 witherspoon systemd[1]: Started Phosphor sysfs LED controller.
Sep 29 02:28:59 witherspoon systemd[1]: Starting Phosphor User Manager...
Sep 29 02:28:59 witherspoon systemd[1]: Starting Clear one time boot overrides...
Sep 29 02:29:00 witherspoon kernel[957]: klogd started: BusyBox v1.24.1 (2017-06-16 19:29:08 UTC)
Sep 29 02:28:59 witherspoon systemd[1]: Starting Phosphor Inventory Manager...
Sep 29 02:29:03 witherspoon kernel: ftgmac100 1e660000.ethernet eth0: ncsi: removed vlan tag 0 at index 1
Sep 29 02:29:03 witherspoon kernel: ftgmac100 1e660000.ethernet eth0: ncsi: removed vlan tag 0 at index 2
Sep 29 02:29:03 witherspoon kernel: ftgmac100 1e660000.ethernet eth0: no vlan ids left to set
Sep 29 02:29:03 witherspoon kernel: ftgmac100 1e660000.ethernet eth0: NCSI interface up
Sep 29 02:29:03 witherspoon kernel: ubi8: default fastmap pool size: 100
Sep 29 02:29:03 witherspoon kernel: ubi8: default fastmap WL pool size: 50
Sep 29 02:29:03 witherspoon kernel: ubi8: attaching mtd8
Sep 29 02:29:03 witherspoon kernel: ubi8: scanning is finished
Sep 29 02:29:03 witherspoon kernel: ubi8: attached mtd8 (name "pnor", size 128 MiB)
Sep 29 02:29:03 witherspoon kernel: ubi8: PEB size: 65536 bytes (64 KiB), LEB size: 65408 bytes
Sep 29 02:29:03 witherspoon kernel: ubi8: min./max. I/O unit sizes: 1/256, sub-page size 1
Sep 29 02:29:03 witherspoon kernel: ubi8: VID header offset: 64 (aligned 64), data offset: 128
Sep 29 02:29:03 witherspoon kernel: ubi8: good PEBs: 2048, bad PEBs: 0, corrupted PEBs: 0
Sep 29 02:29:03 witherspoon kernel: ubi8: user volume: 6, internal volumes: 1, max. volumes count: 128
Sep 29 02:29:03 witherspoon kernel: ubi8: max/mean erase counter: 42/29, WL threshold: 4096, image sequence number: 91395301
Sep 29 02:29:03 witherspoon kernel: ubi8: available PEBs: 468, total reserved PEBs: 1580, PEBs reserved for bad PEB handling: 0
Sep 29 02:29:03 witherspoon kernel: ubi8: background thread "ubi_bgt8d" started, PID 1006
Sep 29 02:29:00 witherspoon kernel[957]: [    0.000000] Booting Linux on physical CPU 0x0
Sep 29 02:28:59 witherspoon systemd[1]: Starting Phosphor Settings Daemon...
Sep 29 02:29:00 witherspoon kernel[957]: [    0.000000] Linux version 4.10.17-00cd954c889746a65f9022088c5d83f9f43bfddc (jenkins@openbmc-builder1) (gcc version 6.2.0 (GCC) ) #1 Fri Sep 22 12:34:59 UTC 2017
Sep 29 02:28:59 witherspoon systemd[1]: Started Phosphor sysfs LED controller.
Sep 29 02:29:00 witherspoon kernel[957]: [    0.000000] CPU: ARMv6-compatible processor [410fb767] revision 7 (ARMv7), cr=00c5387d
Sep 29 02:28:59 witherspoon systemd[1]: Started Phosphor sysfs LED controller.
Sep 29 02:29:00 witherspoon kernel[957]: [    0.000000] CPU: PIPT / VIPT nonaliasing data cache, VIPT nonaliasing instruction cache
Sep 29 02:28:59 witherspoon systemd[1]: Starting Phosphor Sensor Manager...
Sep 29 02:29:00 witherspoon kernel[957]: [    0.000000] OF: fdt:Machine model: Witherspoon BMC
Sep 29 02:28:59 witherspoon systemd[1]: Starting Remount the ubi volume after a reboot...
Sep 29 02:29:00 witherspoon kernel[957]: [    0.000000] Memory policy: Data cache writeback
Sep 29 02:28:59 witherspoon systemd[1]: Starting Phosphor BMC0 Control...
Sep 29 02:29:00 witherspoon kernel[957]: [    0.000000] SOC Rev: 04030303
Sep 29 02:28:59 witherspoon systemd[1]: Starting Phosphor LED Group Management Daemon...
Sep 29 02:29:00 witherspoon kernel[957]: [    0.000000] On node 0 totalpages: 110592
Sep 29 02:28:59 witherspoon systemd[1]: Started Phosphor sysfs LED controller.
Sep 29 02:29:00 witherspoon kernel[957]: [    0.000000] free_area_init_node: node 0, pgdat 806038a4, node_mem_map 9ec1a000
Sep 29 02:28:59 witherspoon systemd[1]: Starting Remount the squashfs and ubi volumes after a reboot...
Sep 29 02:29:00 witherspoon kernel[957]: [    0.000000]   Normal zone: 992 pages used for memmap
Sep 29 02:28:59 witherspoon systemd[1]: Starting Phosphor Dump Manager...
Sep 29 02:29:00 witherspoon kernel[957]: [    0.000000]   Normal zone: 0 pages reserved
Sep 29 02:28:59 witherspoon systemd[1]: Started Phosphor sysfs LED controller.
Sep 29 02:29:00 witherspoon kernel[957]: [    0.000000]   Normal zone: 110592 pages, LIFO batch:31
Sep 29 02:28:59 witherspoon systemd[1]: Starting Phosphor Inventory Manager...
Sep 29 02:29:00 witherspoon kernel[957]: [    0.000000] pcpu-alloc: s0 r0 d32768 u32768 alloc=1*32768
Sep 29 02:28:59 witherspoon systemd[1]: Starting Phosphor DBus Service Discovery Manager...
Sep 29 02:29:05 witherspoon obmc-flash-bios[976]: UBI device number 8, total 2048 LEBs (133955584 bytes, 127.8 MiB), available 468 LEBs (30610944 bytes, 29.2 MiB), LEB size 65408 bytes (63.9 KiB)
Sep 29 02:29:00 witherspoon kernel[957]: [    0.000000] pcpu-alloc: [0] 0
Sep 29 02:28:59 witherspoon systemd[1]: Starting Updates symlinks for active PNOR version...
Sep 29 02:29:00 witherspoon kernel[957]: [    0.000000] Built 1 zonelists in Zone order, mobility grouping on.  Total pages: 109600
Sep 29 02:28:59 witherspoon systemd[1]: Starting Phosphor Chassis0 Control...
Sep 29 02:29:00 witherspoon kernel[957]: [    0.000000] Kernel command line: console=ttyS4,115200n8 ubi.mtd=obmc-ubi,0,0,0 ubi.mtd=alt-obmc-ubi,0,0,4 ro rootfstype=squashfs ubi.block=0,0 root=/dev/ubiblock0_0
Sep 29 02:28:59 witherspoon systemd[1]: Started Phosphor sysfs LED controller.
Sep 29 02:29:00 witherspoon kernel[957]: [    0.000000] PID hash table entries: 2048 (order: 1, 8192 bytes)
Sep 29 02:28:59 witherspoon systemd[1]: Started Hardware RNG Entropy Gatherer Daemon.
Sep 29 02:29:05 witherspoon obmc-flash-bios[981]: ls: /media/pnor-ro-*: No such file or directory
Sep 29 02:29:00 witherspoon kernel[957]: [    0.000000] Dentry cache hash table entries: 65536 (order: 6, 262144 bytes)
Sep 29 02:29:00 witherspoon systemd-networkd[951]: eth0: Gained IPv6LL
Sep 29 02:29:00 witherspoon kernel[957]: [    0.000000] Inode-cache hash table entries: 32768 (order: 5, 131072 bytes)
Sep 29 02:29:01 witherspoon systemd[1]: Starting Phosphor Network Manager...
Sep 29 02:29:00 witherspoon kernel[957]: [    0.000000] Memory: 431960K/442368K available (4077K kernel code, 281K rwdata, 1196K rodata, 284K init, 111K bss, 10408K reserved, 0K cma-reserved)
Sep 29 02:29:03 witherspoon systemd[1]: Starting Avahi mDNS/DNS-SD Stack...
Sep 29 02:29:00 witherspoon kernel[957]: [    0.000000] Virtual kernel memory layout:
Sep 29 02:29:03 witherspoon systemd[1]: Starting Phosphor Download Manager...
Sep 29 02:29:00 witherspoon kernel[957]: [    0.000000]     vector  : 0xffff0000 - 0xffff1000   (   4 kB)
Sep 29 02:29:03 witherspoon systemd[1]: Started Phosphor sysfs LED controller.
Sep 29 02:29:00 witherspoon kernel[957]: [    0.000000]     fixmap  : 0xffc00000 - 0xfff00000   (3072 kB)
Sep 29 02:29:03 witherspoon systemd[1]: Reached target System Time Synchronized.
Sep 29 02:29:00 witherspoon kernel[957]: [    0.000000]     vmalloc : 0x9f800000 - 0xff800000   (1536 MB)
Sep 29 02:29:04 witherspoon systemd[1]: Started Network Service.
Sep 29 02:29:00 witherspoon kernel[957]: [    0.000000]     lowmem  : 0x80000000 - 0x9f000000   ( 496 MB)
Sep 29 02:29:05 witherspoon systemd[1]: Started Check PNOR UBI format.
Sep 29 02:29:00 witherspoon kernel[957]: [    0.000000]       .text : 0x80008000 - 0x80403740   (4078 kB)
Sep 29 02:29:05 witherspoon systemd[1]: Started Clear one time boot overrides.
Sep 29 02:29:00 witherspoon kernel[957]: [    0.000000]       .init : 0x80589000 - 0x805d0000   ( 284 kB)
Sep 29 02:29:05 witherspoon systemd[1]: Started Updates symlinks for active PNOR version.
Sep 29 02:29:00 witherspoon kernel[957]: [    0.000000]       .data : 0x805d0000 - 0x806167a8   ( 282 kB)
Sep 29 02:29:05 witherspoon systemd[1]: Started Phosphor IPMI BT DBus Bridge.
Sep 29 02:29:00 witherspoon kernel[957]: [    0.000000]        .bss : 0x806167a8 - 0x80632678   ( 112 kB)
Sep 29 02:29:05 witherspoon systemd[1]: Started Phosphor Settings Daemon.
Sep 29 02:29:00 witherspoon kernel[957]: [    0.000000] NR_IRQS:16 nr_irqs:16 16
Sep 29 02:29:05 witherspoon systemd[1]: Started Phosphor LED Group Management Daemon.
Sep 29 02:29:00 witherspoon kernel[957]: [    0.000000] i2c controller registered, irq 16
Sep 29 02:29:05 witherspoon systemd[1]: Started Phosphor Inventory Manager.
Sep 29 02:29:00 witherspoon kernel[957]: [    0.000000] clocksource: moxart_timer: mask: 0xffffffff max_cycles: 0xffffffff, max_idle_ns: 77222644334 ns
Sep 29 02:29:05 witherspoon systemd[1]: Started Phosphor Log Manager.
Sep 29 02:29:00 witherspoon kernel[957]: [    0.000000] sched_clock: 32 bits at 100 Hz, resolution 10000000ns, wraps every 21474836475000000ns
Sep 29 02:29:05 witherspoon systemd[1]: Reached target Network.
Sep 29 02:29:00 witherspoon kernel[957]: [    0.090000] Calibrating delay loop... 789.70 BogoMIPS (lpj=3948544)
Sep 29 02:29:05 witherspoon systemd[1]: Starting Permit User Sessions...
Sep 29 02:29:00 witherspoon kernel[957]: [    0.090000] pid_max: default: 32768 minimum: 301
Sep 29 02:29:05 witherspoon systemd[1]: Started Lightweight SLP Server.
Sep 29 02:29:00 witherspoon kernel[957]: [    0.090000] Mount-cache hash table entries: 1024 (order: 0, 4096 bytes)
Sep 29 02:29:06 witherspoon systemd[1]: Started Permit User Sessions.
Sep 29 02:29:00 witherspoon kernel[957]: [    0.090000] Mountpoint-cache hash table entries: 1024 (order: 0, 4096 bytes)
Sep 29 02:29:06 witherspoon systemd[1]: Started Serial Getty on ttyS4.
Sep 29 02:29:00 witherspoon kernel[957]: [    0.090000] CPU: Testing write buffer coherency: ok
Sep 29 02:29:06 witherspoon systemd[1]: Reached target Login Prompts.
Sep 29 02:29:00 witherspoon kernel[957]: [    0.090000] ftrace: allocating 14991 entries in 44 pages
Sep 29 02:29:06 witherspoon systemd[1]: Started Avahi mDNS/DNS-SD Stack.
Sep 29 02:29:00 witherspoon kernel[957]: [    0.120000] Setting up static identity map for 0x80008200 - 0x8000825c
Sep 29 02:29:06 witherspoon systemd[1]: Started Phosphor Download Manager.
Sep 29 02:29:00 witherspoon kernel[957]: [    0.130000] devtmpfs: initialized
Sep 29 02:29:09 witherspoon systemd[1]: Started Phosphor Dump Manager.
Sep 29 02:29:00 witherspoon kernel[957]: [    0.140000] clocksource: jiffies: mask: 0xffffffff max_cycles: 0xffffffff, max_idle_ns: 19112604462750000 ns
Sep 29 02:29:09 witherspoon systemd[1]: Created slice system-dropbear.slice.
Sep 29 02:29:00 witherspoon kernel[957]: [    0.140000] futex hash table entries: 256 (order: -1, 3072 bytes)
Sep 29 02:29:00 witherspoon kernel[957]: [    0.140000] pinctrl core: initialized pinctrl subsystem
Sep 29 02:29:00 witherspoon kernel[957]: [    0.140000] NET: Registered protocol family 16
Sep 29 02:29:00 witherspoon kernel[957]: [    0.140000] DMA: preallocated 256 KiB pool for atomic coherent allocations
Sep 29 02:29:00 witherspoon kernel[957]: [    0.220000] usbcore: registered new interface driver usbfs
Sep 29 02:29:00 witherspoon kernel[957]: [    0.220000] usbcore: registered new interface driver hub
Sep 29 02:29:00 witherspoon kernel[957]: [    0.220000] usbcore: registered new device driver usb
Sep 29 02:29:00 witherspoon kernel[957]: [    0.230000] clocksource: Switched to clocksource moxart_timer
Sep 29 02:29:00 witherspoon kernel[957]: [    0.250000] NET: Registered protocol family 2
Sep 29 02:29:00 witherspoon kernel[957]: [    0.250000] TCP established hash table entries: 4096 (order: 2, 16384 bytes)
Sep 29 02:29:11 witherspoon kernel: ubi: ubi0 already exists
Sep 29 02:29:11 witherspoon systemd[1]: Started SSH Per-Connection Server (9.41.165.94:45056).
Sep 29 02:29:00 witherspoon kernel[957]: [    0.250000] TCP bind hash table entries: 4096 (order: 2, 16384 bytes)
Sep 29 02:29:11 witherspoon systemd[1]: Started Phosphor BMC0 Control.
Sep 29 02:29:00 witherspoon kernel[957]: [    0.250000] TCP: Hash tables configured (established 4096 bind 4096)
Sep 29 02:29:00 witherspoon kernel[957]: [    0.250000] UDP hash table entries: 256 (order: 0, 4096 bytes)
Sep 29 02:29:00 witherspoon kernel[957]: [    0.250000] UDP-Lite hash table entries: 256 (order: 0, 4096 bytes)
Sep 29 02:29:00 witherspoon kernel[957]: [    0.250000] NET: Registered protocol family 1
Sep 29 02:29:00 witherspoon kernel[957]: [    0.250000] workingset: timestamp_bits=30 max_order=17 bucket_order=0
Sep 29 02:29:00 witherspoon kernel[957]: [    0.250000] squashfs: version 4.0 (2009/01/31) Phillip Lougher
Sep 29 02:29:00 witherspoon kernel[957]: [    0.250000] jffs2: version 2.2. (SUMMARY)  © 2001-2006 Red Hat, Inc.
Sep 29 02:29:00 witherspoon kernel[957]: [    0.250000] Block layer SCSI generic (bsg) driver version 0.4 loaded (major 250)
Sep 29 02:29:00 witherspoon kernel[957]: [    0.250000] io scheduler noop registered
Sep 29 02:29:00 witherspoon kernel[957]: [    0.250000] io scheduler deadline registered
Sep 29 02:29:01 witherspoon kernel[957]: [    0.250000] io scheduler cfq registered (default)
Sep 29 02:29:01 witherspoon kernel[957]: [    0.270000] ipmi-bt-host 1e789140.ibt: Found bt bmc device
Sep 29 02:29:01 witherspoon kernel[957]: [    0.270000] ipmi-bt-host 1e789140.ibt: Using IRQ 22
Sep 29 02:29:01 witherspoon kernel[957]: [    0.270000] Serial: 8250/16550 driver, 6 ports, IRQ sharing enabled
Sep 29 02:29:01 witherspoon kernel[957]: [    0.300000] 1e787000.vuart: ttyS5 at MMIO 0x1e787000 (irq = 22, base_baud = 1500000) is a 16550A
Sep 29 02:29:01 witherspoon kernel[957]: [    0.300000] 1e783000.serial: ttyS0 at MMIO 0x1e783000 (irq = 23, base_baud = 1500000) is a 16550A
Sep 29 02:29:01 witherspoon kernel[957]: [    0.300000] 1e78d000.serial: ttyS1 at MMIO 0x1e78d000 (irq = 24, base_baud = 1500000) is a 16550A
Sep 29 02:29:01 witherspoon kernel[957]: [    0.300000] 1e784000.serial: ttyS4 at MMIO 0x1e784000 (irq = 25, base_baud = 1500000) is a 16550A
Sep 29 02:29:01 witherspoon kernel[957]: [    0.700000] console [ttyS4] enabled
Sep 29 02:29:01 witherspoon kernel[957]: [    0.740000] timeriomem_rng 1e6e2078.hwrng: 32bits from 0xf00e2078 @ 1us
Sep 29 02:29:01 witherspoon kernel[957]: [    0.770000] random: fast init done
Sep 29 02:29:01 witherspoon kernel[957]: [    0.800000] random: crng init done
Sep 29 02:29:01 witherspoon kernel[957]: [    0.810000] brd: module loaded
Sep 29 02:29:01 witherspoon kernel[957]: [    0.830000] loop: module loaded
Sep 29 02:29:01 witherspoon kernel[957]: [    0.830000] aspeed-lpc-ctrl 1e789080.lpc-ctrl: Loaded at 0x98000000 (0x04000000)
Sep 29 02:29:01 witherspoon kernel[957]: [    0.840000] aspeed-smc 1e620000.flash-controller: Using IRQ 18
Sep 29 02:29:01 witherspoon kernel[957]: [    0.840000] aspeed-smc 1e620000.flash-controller: DMA support disabled.
Sep 29 02:29:01 witherspoon kernel[957]: [    0.860000] aspeed-smc 1e620000.flash-controller: mx25l25635e (32768 Kbytes)
Sep 29 02:29:01 witherspoon kernel[957]: [    0.860000] aspeed-smc 1e620000.flash-controller: CE0 window [ 0x20000000 - 0x22000000 ] 32MB
Sep 29 02:29:01 witherspoon kernel[957]: [    0.860000] aspeed-smc 1e620000.flash-controller: CE1 window [ 0x22000000 - 0x2a000000 ] 128MB
Sep 29 02:29:01 witherspoon kernel[957]: [    0.880000] 3 ofpart partitions found on MTD device bmc
Sep 29 02:29:01 witherspoon kernel[957]: [    0.880000] Creating 3 MTD partitions on "bmc":
Sep 29 02:29:01 witherspoon kernel[957]: [    0.880000] 0x000000000000-0x000000060000 : "u-boot"
Sep 29 02:29:01 witherspoon kernel[957]: [    0.880000] 0x000000060000-0x000000080000 : "u-boot-env"
Sep 29 02:29:01 witherspoon kernel[957]: [    0.920000] 0x000000080000-0x000002000000 : "obmc-ubi"
Sep 29 02:29:01 witherspoon kernel[957]: [    0.920000] aspeed-smc 1e620000.flash-controller: mx25l25635e (32768 Kbytes)
Sep 29 02:29:01 witherspoon kernel[957]: [    0.930000] aspeed-smc 1e620000.flash-controller: CE1 window [ 0x22000000 - 0x24000000 ] 32MB
Sep 29 02:29:01 witherspoon kernel[957]: [    0.930000] aspeed-smc 1e620000.flash-controller: CE2 window [ 0x24000000 - 0x2c000000 ] 128MB
Sep 29 02:29:01 witherspoon kernel[957]: [    0.950000] 3 ofpart partitions found on MTD device alt-bmc
Sep 29 02:29:01 witherspoon kernel[957]: [    0.950000] Creating 3 MTD partitions on "alt-bmc":
Sep 29 02:29:13 witherspoon systemd-networkd[951]: eth0: Configured
Sep 29 02:29:01 witherspoon kernel[957]: [    0.950000] 0x000000000000-0x000000060000 : "alt-u-boot"
Sep 29 02:29:13 witherspoon systemd-timesyncd[947]: Network configuration changed, trying to establish connection.
Sep 29 02:29:01 witherspoon kernel[957]: [    0.980000] 0x000000060000-0x000000080000 : "alt-u-boot-env"
Sep 29 02:29:01 witherspoon kernel[957]: [    0.980000] 0x000000080000-0x000002000000 : "alt-obmc-ubi"
Sep 29 02:29:01 witherspoon kernel[957]: [    1.000000] aspeed-smc 1e630000.flash-controller: mx66l1g45g (131072 Kbytes)
Sep 29 02:29:01 witherspoon kernel[957]: [    1.010000] aspeed-smc 1e630000.flash-controller: CE0 window resized to 120MB (AST2500 HW quirk)
Sep 29 02:29:01 witherspoon kernel[957]: [    1.010000] aspeed-smc 1e630000.flash-controller: CE0 window [ 0x30000000 - 0x37800000 ] 120MB
Sep 29 02:29:01 witherspoon kernel[957]: [    1.010000] aspeed-smc 1e630000.flash-controller: CE0 window too small for chip 128MB
Sep 29 02:29:01 witherspoon kernel[957]: [    1.030000] aspeed-smc 1e630000.flash-controller: CE1 window [ 0x37800000 - 0x38000000 ] 8MB
Sep 29 02:29:01 witherspoon kernel[957]: [    1.780000] libphy: Fixed MDIO Bus: probed
Sep 29 02:29:01 witherspoon kernel[957]: [    1.780000] ftgmac100 1e660000.ethernet: Read MAC address 70:e2:84:14:23:e1 from chip
Sep 29 02:29:01 witherspoon kernel[957]: [    1.780000] ftgmac100 1e660000.ethernet: Using NCSI interface
Sep 29 02:29:01 witherspoon kernel[957]: [    1.780000] ftgmac100 1e660000.ethernet eth0: irq 20, mapped at f0060000
Sep 29 02:29:01 witherspoon kernel[957]: [    1.780000] ehci_hcd: USB 2.0 'Enhanced' Host Controller (EHCI) Driver
Sep 29 02:29:01 witherspoon kernel[957]: [    1.780000] ehci-platform: EHCI generic platform driver
Sep 29 02:29:01 witherspoon kernel[957]: [    2.010000] i2c /dev entries driver
Sep 29 02:29:01 witherspoon kernel[957]: [    2.010000] aspeed-i2c-bus 1e78a0c0.i2c-bus: i2c bus 2 registered, irq 26
Sep 29 02:29:01 witherspoon kernel[957]: [    2.010000] aspeed-i2c-bus 1e78a100.i2c-bus: i2c bus 3 registered, irq 27
Sep 29 02:29:01 witherspoon kernel[957]: [    2.010000] aspeed-i2c-bus 1e78a140.i2c-bus: i2c bus 4 registered, irq 28
Sep 29 02:29:01 witherspoon kernel[957]: [    2.010000] aspeed-i2c-bus 1e78a180.i2c-bus: i2c bus 5 registered, irq 29
Sep 29 02:29:01 witherspoon kernel[957]: [    2.010000] aspeed-i2c-bus 1e78a380.i2c-bus: i2c bus 9 registered, irq 30
Sep 29 02:29:01 witherspoon kernel[957]: [    2.010000] aspeed-i2c-bus 1e78a3c0.i2c-bus: i2c bus 10 registered, irq 31
Sep 29 02:29:01 witherspoon kernel[957]: [    2.010000] rtc-rv8803 11-0032: Voltage low, temperature compensation stopped.
Sep 29 02:29:01 witherspoon kernel[957]: [    2.010000] rtc-rv8803 11-0032: An alarm maybe have been missed.
Sep 29 02:29:01 witherspoon kernel[957]: [    2.110000] rtc-rv8803 11-0032: rtc core: registered rx8900 as rtc0
Sep 29 02:29:01 witherspoon kernel[957]: [    2.120000] at24 11-0051: 8192 byte 24c64 EEPROM, writable, 1 bytes/write
Sep 29 02:29:01 witherspoon kernel[957]: [    2.120000] aspeed-i2c-bus 1e78a400.i2c-bus: i2c bus 11 registered, irq 32
Sep 29 02:29:01 witherspoon kernel[957]: [    2.120000] aspeed-i2c-bus 1e78a440.i2c-bus: i2c bus 12 registered, irq 33
Sep 29 02:29:01 witherspoon kernel[957]: [    2.120000] aspeed-i2c-bus 1e78a480.i2c-bus: i2c bus 13 registered, irq 34
Sep 29 02:29:01 witherspoon kernel[957]: [    2.120000] Driver for 1-wire Dallas network protocol.
Sep 29 02:29:01 witherspoon kernel[957]: [    2.120000] lm75 9-004a: hwmon0: sensor 'tmp275'
Sep 29 02:29:01 witherspoon kernel[957]: [    4.000000] ucd9000 11-0064: Device ID UCD90160|2.3.4.0000|110603
Sep 29 02:29:01 witherspoon kernel[957]: [    4.700000] leds-pca955x 3-0060: leds-pca955x: Using pca9552 16-bit LED driver at slave address 0x60
Sep 29 02:29:01 witherspoon kernel[957]: [    4.720000] leds-pca955x 3-0060: gpios 238...253
Sep 29 02:29:01 witherspoon kernel[957]: [    4.720000] leds-pca955x 11-0060: leds-pca955x: Using pca9552 16-bit LED driver at slave address 0x60
Sep 29 02:29:01 witherspoon kernel[957]: [    4.730000] leds-pca955x 11-0060: gpios 222...237
Sep 29 02:29:01 witherspoon kernel[957]: [    4.740000] usbcore: registered new interface driver usbhid
Sep 29 02:29:01 witherspoon kernel[957]: [    4.740000] usbhid: USB HID core driver
Sep 29 02:29:01 witherspoon kernel[957]: [    4.790000] NET: Registered protocol family 10
Sep 29 02:29:01 witherspoon kernel[957]: [    4.790000] Segment Routing with IPv6
Sep 29 02:29:01 witherspoon kernel[957]: [    4.800000] NET: Registered protocol family 17
Sep 29 02:29:01 witherspoon kernel[957]: [    4.800000] 8021q: 802.1Q VLAN Support v1.8
Sep 29 02:29:01 witherspoon kernel[957]: [    4.820000] input: gpio-keys-polled as /devices/platform/gpio-keys-polled/input/input1
Sep 29 02:29:01 witherspoon kernel[957]: [    4.850000] ubi0: default fastmap pool size: 25
Sep 29 02:29:01 witherspoon kernel[957]: [    4.850000] ubi0: default fastmap WL pool size: 12
Sep 29 02:29:01 witherspoon kernel[957]: [    4.850000] ubi0: attaching mtd3
Sep 29 02:29:01 witherspoon kernel[957]: [    4.860000] ubi0: scanning is finished
Sep 29 02:29:01 witherspoon kernel[957]: [    4.880000] ubi0: attached mtd3 (name "obmc-ubi", size 31 MiB)
Sep 29 02:29:01 witherspoon kernel[957]: [    4.880000] ubi0: PEB size: 65536 bytes (64 KiB), LEB size: 65408 bytes
Sep 29 02:29:01 witherspoon kernel[957]: [    4.880000] ubi0: min./max. I/O unit sizes: 1/256, sub-page size 1
Sep 29 02:29:01 witherspoon kernel[957]: [    4.910000] ubi0: VID header offset: 64 (aligned 64), data offset: 128
Sep 29 02:29:01 witherspoon kernel[957]: [    4.910000] ubi0: good PEBs: 504, bad PEBs: 0, corrupted PEBs: 0
Sep 29 02:29:01 witherspoon kernel[957]: [    4.910000] ubi0: user volume: 4, internal volumes: 1, max. volumes count: 128
Sep 29 02:29:01 witherspoon kernel[957]: [    4.910000] ubi0: max/mean erase counter: 42/34, WL threshold: 4096, image sequence number: 1358235831
Sep 29 02:29:01 witherspoon kernel[957]: [    4.910000] ubi0: available PEBs: 46, total reserved PEBs: 458, PEBs reserved for bad PEB handling: 0
Sep 29 02:29:01 witherspoon kernel[957]: [    4.950000] ubi0: background thread "ubi_bgt0d" started, PID 506
Sep 29 02:29:01 witherspoon kernel[957]: [    4.950000] ubi4: default fastmap pool size: 25
Sep 29 02:29:01 witherspoon kernel[957]: [    4.950000] ubi4: default fastmap WL pool size: 12
Sep 29 02:29:01 witherspoon kernel[957]: [    4.950000] ubi4: attaching mtd7
Sep 29 02:29:01 witherspoon kernel[957]: [    4.990000] ubi4: scanning is finished
Sep 29 02:29:01 witherspoon kernel[957]: [    5.040000] ubi4: attached mtd7 (name "alt-obmc-ubi", size 31 MiB)
Sep 29 02:29:01 witherspoon kernel[957]: [    5.040000] ubi4: PEB size: 65536 bytes (64 KiB), LEB size: 65408 bytes
Sep 29 02:29:01 witherspoon kernel[957]: [    5.040000] ubi4: min./max. I/O unit sizes: 1/256, sub-page size 1
Sep 29 02:29:01 witherspoon kernel[957]: [    5.040000] ubi4: VID header offset: 64 (aligned 64), data offset: 128
Sep 29 02:29:01 witherspoon kernel[957]: [    5.040000] ubi4: good PEBs: 504, bad PEBs: 0, corrupted PEBs: 0
Sep 29 02:29:01 witherspoon kernel[957]: [    5.040000] ubi4: user volume: 4, internal volumes: 1, max. volumes count: 128
Sep 29 02:29:01 witherspoon kernel[957]: [    5.100000] ubi4: max/mean erase counter: 35/26, WL threshold: 4096, image sequence number: 1358235831
Sep 29 02:29:01 witherspoon kernel[957]: [    5.100000] ubi4: available PEBs: 46, total reserved PEBs: 458, PEBs reserved for bad PEB handling: 0
Sep 29 02:29:01 witherspoon kernel[957]: [    5.100000] ubi4: background thread "ubi_bgt4d" started, PID 512
Sep 29 02:29:01 witherspoon kernel[957]: [    7.800000] block ubiblock0_0: created from ubi0:0(rofs-1b14e18e)
Sep 29 02:29:01 witherspoon kernel[957]: [    7.800000] console [netcon0] enabled
Sep 29 02:29:01 witherspoon kernel[957]: [    7.800000] netconsole: network logging started
Sep 29 02:29:01 witherspoon kernel[957]: [    7.800000] input: gpio-keys as /devices/platform/gpio-keys/input/input2
Sep 29 02:29:01 witherspoon kernel[957]: [    7.990000] rtc-rv8803 11-0032: setting system clock to 2017-09-29 02:28:44 UTC (1506652124)
Sep 29 02:29:01 witherspoon kernel[957]: [    8.000000] VFS: Mounted root (squashfs filesystem) readonly on device 254:0.
Sep 29 02:29:01 witherspoon kernel[957]: [    8.000000] devtmpfs: mounted
Sep 29 02:29:01 witherspoon kernel[957]: [    8.010000] Freeing unused kernel memory: 284K
Sep 29 02:29:01 witherspoon kernel[957]: [    8.010000] This architecture does not have kernel memory protection.
Sep 29 02:29:01 witherspoon kernel[957]: [    9.680000] systemd[1]: Failed to insert module 'autofs4': No such file or directory
Sep 29 02:29:01 witherspoon kernel[957]: [    9.830000] systemd[1]: systemd 232 running in system mode. (+PAM -AUDIT -SELINUX -IMA -APPARMOR -SMACK +SYSVINIT -UTMP -LIBCRYPTSETUP -GCRYPT -GNUTLS +ACL +XZ -LZ4 -SECCOMP +BLKID -ELFUTILS +KMOD -IDN)
Sep 29 02:29:01 witherspoon kernel[957]: [    9.830000] systemd[1]: Detected architecture arm.
Sep 29 02:29:01 witherspoon kernel[957]: [   10.010000] systemd[1]: Set hostname to <witherspoon>.
Sep 29 02:29:01 witherspoon kernel[957]: [   10.040000] systemd[1]: Initializing machine ID from random generator.
Sep 29 02:29:01 witherspoon kernel[957]: [   10.040000] systemd[1]: Installed transient /etc/machine-id file.
Sep 29 02:29:01 witherspoon kernel[957]: [   10.890000] systemd[1]: [/lib/systemd/system/obmc-standby.target.requires/../witherspoon-power-supply-monitor@.service:12] Unknown lvalue 'SysLogIdentifier' in section 'Service'
Sep 29 02:29:01 witherspoon kernel[957]: [   10.890000] systemd[1]: [/lib/systemd/system/obmc-standby.target.requires/../witherspoon-power-supply-monitor@.service:12] Unknown lvalue 'SysLogIdentifier' in section 'Service'
Sep 29 02:29:01 witherspoon kernel[957]: [   11.690000] systemd[1]: Reached target Remote File Systems.
Sep 29 02:29:01 witherspoon kernel[957]: [   11.830000] systemd[1]: Started Dispatch Password Requests to Console Directory Watch.
Sep 29 02:29:01 witherspoon kernel[957]: [   11.870000] systemd[1]: Reached target Swap.
Sep 29 02:29:01 witherspoon kernel[957]: [   14.720000] UBIFS (ubi0:2): UBIFS: mounted UBI device 0, volume 2, name "rwfs"
Sep 29 02:29:01 witherspoon kernel[957]: [   14.720000] UBIFS (ubi0:2): LEB size: 65408 bytes (63 KiB), min./max. I/O unit sizes: 8 bytes/256 bytes
Sep 29 02:29:01 witherspoon kernel[957]: [   14.720000] UBIFS (ubi0:2): FS size: 3597440 bytes (3 MiB, 55 LEBs), journal size 719488 bytes (0 MiB, 11 LEBs)
Sep 29 02:29:01 witherspoon kernel[957]: [   14.720000] UBIFS (ubi0:2): reserved for root: 0 bytes (0 KiB)
Sep 29 02:29:01 witherspoon kernel[957]: [   14.720000] UBIFS (ubi0:2): media format: w4/r0 (latest is w5/r0), UUID F6AF7850-1C6E-4E2A-94BB-A56899CAF080, small LPT model
Sep 29 02:29:01 witherspoon kernel[957]: [   14.910000] UBIFS (ubi0:2): background thread "ubifs_bgt0_2" started, PID 653
Sep 29 02:29:01 witherspoon kernel[957]: [   16.790000] systemd-journald[540]: Received request to flush runtime journal from PID 1
Sep 29 02:29:01 witherspoon kernel[957]: [   21.910000] 8021q: adding VLAN 0 to HW filter on device eth0
Sep 29 02:29:01 witherspoon kernel[957]: [   25.360000] ftgmac100 1e660000.ethernet eth0: ncsi: removed vlan tag 0 at index 1
Sep 29 02:29:01 witherspoon kernel[957]: [   25.360000] ftgmac100 1e660000.ethernet eth0: ncsi: removed vlan tag 0 at index 2
Sep 29 02:29:01 witherspoon kernel[957]: [   25.360000] ftgmac100 1e660000.ethernet eth0: no vlan ids left to set
Sep 29 02:29:01 witherspoon kernel[957]: [   25.360000] ftgmac100 1e660000.ethernet eth0: NCSI interface up
Sep 29 02:29:01 witherspoon kernel[957]: [   25.420000] ubi8: default fastmap pool size: 100
Sep 29 02:29:01 witherspoon kernel[957]: [   25.430000] ubi8: default fastmap WL pool size: 50
Sep 29 02:29:01 witherspoon kernel[957]: [   25.430000] ubi8: attaching mtd8
Sep 29 02:29:03 witherspoon kernel[957]: [   26.410000] ubi8: scanning is finished
Sep 29 02:29:03 witherspoon kernel[957]: [   26.510000] ubi8: attached mtd8 (name "pnor", size 128 MiB)
Sep 29 02:29:03 witherspoon kernel[957]: [   26.510000] ubi8: PEB size: 65536 bytes (64 KiB), LEB size: 65408 bytes
Sep 29 02:29:03 witherspoon kernel[957]: [   26.510000] ubi8: min./max. I/O unit sizes: 1/256, sub-page size 1
Sep 29 02:29:03 witherspoon kernel[957]: [   26.510000] ubi8: VID header offset: 64 (aligned 64), data offset: 128
Sep 29 02:29:03 witherspoon kernel[957]: [   26.510000] ubi8: good PEBs: 2048, bad PEBs: 0, corrupted PEBs: 0
Sep 29 02:29:03 witherspoon kernel[957]: [   26.510000] ubi8: user volume: 6, internal volumes: 1, max. volumes count: 128
Sep 29 02:29:03 witherspoon kernel[957]: [   26.510000] ubi8: max/mean erase counter: 42/29, WL threshold: 4096, image sequence number: 91395301
Sep 29 02:29:03 witherspoon kernel[957]: [   26.510000] ubi8: available PEBs: 468, total reserved PEBs: 1580, PEBs reserved for bad PEB handling: 0
Sep 29 02:29:03 witherspoon kernel[957]: [   26.510000] ubi8: background thread "ubi_bgt8d" started, PID 1006
Sep 29 02:29:06 witherspoon avahi-daemon[1011]: Found user 'avahi' (UID 999) and group 'avahi' (GID 999).
Sep 29 02:29:06 witherspoon avahi-daemon[1011]: Successfully dropped root privileges.
Sep 29 02:29:06 witherspoon avahi-daemon[1011]: avahi-daemon 0.6.32 starting up.
Sep 29 02:29:06 witherspoon avahi-daemon[1011]: Successfully called chroot().
Sep 29 02:29:06 witherspoon avahi-daemon[1011]: Successfully dropped remaining capabilities.
Sep 29 02:29:06 witherspoon avahi-daemon[1011]: Loading service file /services/obmc_console.service.
Sep 29 02:29:07 witherspoon avahi-daemon[1011]: Loading service file /services/phosphor_rest.service.
Sep 29 02:29:08 witherspoon avahi-daemon[1011]: Loading service file /services/sftp-ssh.service.
Sep 29 02:29:08 witherspoon avahi-daemon[1011]: Loading service file /services/sftp.service.
Sep 29 02:29:08 witherspoon avahi-daemon[1011]: Loading service file /services/ssh.service.
Sep 29 02:29:08 witherspoon avahi-daemon[1011]: Joining mDNS multicast group on interface eth0.IPv6 with address fe80::72e2:84ff:fe14:23e1.
Sep 29 02:29:08 witherspoon avahi-daemon[1011]: New relevant interface eth0.IPv6 for mDNS.
Sep 29 02:29:08 witherspoon avahi-daemon[1011]: Joining mDNS multicast group on interface eth0.IPv4 with address 9.3.86.161.
Sep 29 02:29:08 witherspoon avahi-daemon[1011]: New relevant interface eth0.IPv4 for mDNS.
Sep 29 02:29:08 witherspoon avahi-daemon[1011]: Network interface enumeration completed.
Sep 29 02:29:08 witherspoon avahi-daemon[1011]: Registering new address record for fe80::72e2:84ff:fe14:23e1 on eth0.*.
Sep 29 02:29:08 witherspoon avahi-daemon[1011]: Registering new address record for 9.3.86.161 on eth0.IPv4.
Sep 29 02:29:08 witherspoon avahi-daemon[1011]: Withdrawing address record for fe80::72e2:84ff:fe14:23e1 on eth0.
Sep 29 02:29:08 witherspoon avahi-daemon[1011]: Host name conflict, retrying with witherspoon-2
Sep 29 02:29:08 witherspoon avahi-daemon[1011]: Registering new address record for fe80::72e2:84ff:fe14:23e1 on eth0.*.
Sep 29 02:29:08 witherspoon avahi-daemon[1011]: Registering new address record for 9.3.86.161 on eth0.IPv4.
Sep 29 02:29:09 witherspoon avahi-daemon[1011]: Withdrawing address record for fe80::72e2:84ff:fe14:23e1 on eth0.
Sep 29 02:29:09 witherspoon avahi-daemon[1011]: Host name conflict, retrying with witherspoon-3
Sep 29 02:29:09 witherspoon avahi-daemon[1011]: Registering new address record for fe80::72e2:84ff:fe14:23e1 on eth0.*.
Sep 29 02:29:09 witherspoon kernel[957]: [   31.150000] ubi: ubi0 already exists
Sep 29 02:29:10 witherspoon avahi-daemon[1011]: Registering new address record for 9.3.86.161 on eth0.IPv4.
Sep 29 02:29:11 witherspoon dropbear[1075]: Failed loading /var/lib/dropbear/dropbear_rsa_host_key
Sep 29 02:29:11 witherspoon dropbear[1075]: Failed loading /etc/dropbear/dropbear_dss_host_key
Sep 29 02:29:11 witherspoon dropbear[1075]: Failed loading /etc/dropbear/dropbear_ecdsa_host_key
Sep 29 02:29:11 witherspoon dropbear[1075]: Child connection from ::ffff:9.41.165.94:45056
Sep 29 02:29:13 witherspoon avahi-daemon[1011]: Server startup complete. Host name is witherspoon-3.local. Local service cookie is 2192509013.
Sep 29 02:29:13 witherspoon avahi-daemon[1011]: Service name conflict for "sftp" (/services/sftp.service), retrying with "sftp #2".
Sep 29 02:29:13 witherspoon avahi-daemon[1011]: Service name conflict for "obmc_console" (/services/obmc_console.service), retrying with "obmc_console #2".
Sep 29 02:29:13 witherspoon avahi-daemon[1011]: Service name conflict for "phosphor_rest" (/services/phosphor_rest.service), retrying with "phosphor_rest #2".
Sep 29 02:29:14 witherspoon avahi-daemon[1011]: Service "witherspoon-3" (/services/ssh.service) successfully established.
Sep 29 02:29:14 witherspoon avahi-daemon[1011]: Service "witherspoon-3" (/services/sftp-ssh.service) successfully established.
Sep 29 02:29:14 witherspoon avahi-daemon[1011]: Service name conflict for "phosphor_rest" (/services/phosphor_rest.service), retrying with "phosphor_rest #3".
Sep 29 02:29:14 witherspoon avahi-daemon[1011]: Service name conflict for "sftp" (/services/sftp.service), retrying with "sftp #3".
Sep 29 02:29:14 witherspoon avahi-daemon[1011]: Service name conflict for "obmc_console" (/services/obmc_console.service), retrying with "obmc_console #3".
Sep 29 02:29:16 witherspoon avahi-daemon[1011]: Service "sftp #3" (/services/sftp.service) successfully established.
Sep 29 02:29:16 witherspoon avahi-daemon[1011]: Service "phosphor_rest #3" (/services/phosphor_rest.service) successfully established.
Sep 29 02:29:16 witherspoon avahi-daemon[1011]: Service "obmc_console #3" (/services/obmc_console.service) successfully established.
Sep 29 02:29:20 witherspoon dropbear[1075]: PAM password auth succeeded for 'root' from ::ffff:9.41.165.94:45056
Sep 29 02:29:23 witherspoon kernel: ubi: ubi4 already exists
Sep 29 02:29:23 witherspoon kernel: block ubiblock8_0: created from ubi8:0(pnor-ro-7a9ef57c)
Sep 29 02:29:23 witherspoon kernel[957]: [   33.240000] ubi: ubi4 already exists
Sep 29 02:29:23 witherspoon kernel[957]: [   46.420000] block ubiblock8_0: created from ubi8:0(pnor-ro-7a9ef57c)
Sep 29 02:29:29 witherspoon systemd[1]: Started Phosphor Chassis0 Control.
Sep 29 02:29:29 witherspoon chassis_control.py[982]: Running ChassisControlService
Sep 29 02:29:31 witherspoon sensor_manager2.py[971]: Setting boot count to 3
Sep 29 02:29:31 witherspoon systemd[1]: Started Phosphor Sensor Manager.
Sep 29 02:29:31 witherspoon sensor_manager2.py[971]: Starting sensor manager
Sep 29 02:29:33 witherspoon kernel: block ubiblock8_1: created from ubi8:1(pnor-ro-8764baa3)
Sep 29 02:29:33 witherspoon kernel[957]: [   56.750000] block ubiblock8_1: created from ubi8:1(pnor-ro-8764baa3)
Sep 29 02:29:34 witherspoon download_manager.py[959]: Running Download Manager
Sep 29 02:29:34 witherspoon systemd[1]: Started Phosphor Download Manager.
Sep 29 02:29:34 witherspoon phosphor-mapper[980]: ObjectMapper startup complete.  Discovery in progress...
Sep 29 02:29:34 witherspoon avahi-daemon[1042]: ../../avahi-0.6.32/avahi-daemon/chroot.c: open() failed: No such file or directory
Sep 29 02:29:34 witherspoon avahi-daemon[1011]: Failed to open /usr/share/dbus-1/interfaces/org.freedesktop.Avahi.Server.xml: Invalid argument
Sep 29 02:29:34 witherspoon avahi-daemon[1011]: Failed to load introspection data.
Sep 29 02:29:35 witherspoon inventory_items.py[979]: Loading from cache: /var/cache/obmc/org.openbmc.inventory.system.chassis.motherboard.bmc@org.openbmc.InventoryItem.props
Sep 29 02:29:35 witherspoon inventory_items.py[979]: Caching: /org/openbmc/inventory/system/chassis/motherboard/bmc
Sep 29 02:29:35 witherspoon systemd[1]: Started Phosphor User Manager.
Sep 29 02:29:35 witherspoon obmc-phosphor-userd[965]: Started
Sep 29 02:29:36 witherspoon kernel: UBIFS (ubi8:2): UBIFS: mounted UBI device 8, volume 2, name "pnor-prsv"
Sep 29 02:29:36 witherspoon kernel: UBIFS (ubi8:2): LEB size: 65408 bytes (63 KiB), min./max. I/O unit sizes: 8 bytes/256 bytes
Sep 29 02:29:36 witherspoon kernel: UBIFS (ubi8:2): FS size: 1504384 bytes (1 MiB, 23 LEBs), journal size 523265 bytes (0 MiB, 6 LEBs)
Sep 29 02:29:36 witherspoon kernel: UBIFS (ubi8:2): reserved for root: 71055 bytes (69 KiB)
Sep 29 02:29:36 witherspoon kernel: UBIFS (ubi8:2): media format: w5/r0 (latest is w5/r0), UUID 36B3B1E1-197C-4042-A5BB-1F5E6D63DF0B, small LPT model
Sep 29 02:29:36 witherspoon kernel: UBIFS (ubi8:4): UBIFS: mounted UBI device 8, volume 4, name "pnor-rw-8764baa3"
Sep 29 02:29:36 witherspoon kernel: UBIFS (ubi8:4): LEB size: 65408 bytes (63 KiB), min./max. I/O unit sizes: 8 bytes/256 bytes
Sep 29 02:29:36 witherspoon kernel: UBIFS (ubi8:4): FS size: 16155776 bytes (15 MiB, 247 LEBs), journal size 784896 bytes (0 MiB, 12 LEBs)
Sep 29 02:29:36 witherspoon kernel: UBIFS (ubi8:4): reserved for root: 763076 bytes (745 KiB)
Sep 29 02:29:36 witherspoon kernel: UBIFS (ubi8:4): media format: w5/r0 (latest is w5/r0), UUID F587F7F2-1BEE-4E77-9577-250237C0F0BC, small LPT model
Sep 29 02:29:36 witherspoon kernel: UBIFS (ubi8:4): background thread "ubifs_bgt8_4" started, PID 1122
Sep 29 02:29:36 witherspoon kernel[957]: [   59.060000] UBIFS (ubi8:2): UBIFS: mounted UBI device 8, volume 2, name "pnor-prsv"
Sep 29 02:29:36 witherspoon kernel[957]: [   59.060000] UBIFS (ubi8:2): LEB size: 65408 bytes (63 KiB), min./max. I/O unit sizes: 8 bytes/256 bytes
Sep 29 02:29:36 witherspoon kernel[957]: [   59.060000] UBIFS (ubi8:2): FS size: 1504384 bytes (1 MiB, 23 LEBs), journal size 523265 bytes (0 MiB, 6 LEBs)
Sep 29 02:29:36 witherspoon kernel[957]: [   59.060000] UBIFS (ubi8:2): reserved for root: 71055 bytes (69 KiB)
Sep 29 02:29:36 witherspoon kernel[957]: [   59.060000] UBIFS (ubi8:2): media format: w5/r0 (latest is w5/r0), UUID 36B3B1E1-197C-4042-A5BB-1F5E6D63DF0B, small LPT model
Sep 29 02:29:36 witherspoon kernel[957]: [   59.060000] UBIFS (ubi8:4): UBIFS: mounted UBI device 8, volume 4, name "pnor-rw-8764baa3"
Sep 29 02:29:36 witherspoon kernel[957]: [   59.060000] UBIFS (ubi8:4): LEB size: 65408 bytes (63 KiB), min./max. I/O unit sizes: 8 bytes/256 bytes
Sep 29 02:29:36 witherspoon kernel[957]: [   59.060000] UBIFS (ubi8:4): FS size: 16155776 bytes (15 MiB, 247 LEBs), journal size 784896 bytes (0 MiB, 12 LEBs)
Sep 29 02:29:36 witherspoon kernel[957]: [   59.060000] UBIFS (ubi8:4): reserved for root: 763076 bytes (745 KiB)
Sep 29 02:29:36 witherspoon kernel[957]: [   59.060000] UBIFS (ubi8:4): media format: w5/r0 (latest is w5/r0), UUID F587F7F2-1BEE-4E77-9577-250237C0F0BC, small LPT model
Sep 29 02:29:36 witherspoon kernel[957]: [   59.060000] UBIFS (ubi8:4): background thread "ubifs_bgt8_4" started, PID 1122
Sep 29 02:29:36 witherspoon systemd[1]: Started Remount the squashfs and ubi volumes after a reboot.
Sep 29 02:29:36 witherspoon kernel: UBIFS (ubi8:2): background thread "ubifs_bgt8_2" started, PID 1109
Sep 29 02:29:36 witherspoon kernel: UBIFS (ubi8:5): UBIFS: mounted UBI device 8, volume 5, name "pnor-rw-7a9ef57c"
Sep 29 02:29:36 witherspoon kernel: UBIFS (ubi8:5): LEB size: 65408 bytes (63 KiB), min./max. I/O unit sizes: 8 bytes/256 bytes
Sep 29 02:29:36 witherspoon kernel: UBIFS (ubi8:5): FS size: 16155776 bytes (15 MiB, 247 LEBs), journal size 784896 bytes (0 MiB, 12 LEBs)
Sep 29 02:29:36 witherspoon kernel: UBIFS (ubi8:5): reserved for root: 763076 bytes (745 KiB)
Sep 29 02:29:36 witherspoon kernel: UBIFS (ubi8:5): media format: w5/r0 (latest is w5/r0), UUID 904AA0DA-EE42-403C-B44D-8FB80359592C, small LPT model
Sep 29 02:29:36 witherspoon kernel: UBIFS (ubi8:5): background thread "ubifs_bgt8_5" started, PID 1131
Sep 29 02:29:36 witherspoon kernel[957]: [   59.540000] UBIFS (ubi8:2): background thread "ubifs_bgt8_2" started, PID 1109
Sep 29 02:29:36 witherspoon kernel[957]: [   59.540000] UBIFS (ubi8:5): UBIFS: mounted UBI device 8, volume 5, name "pnor-rw-7a9ef57c"
Sep 29 02:29:36 witherspoon kernel[957]: [   59.540000] UBIFS (ubi8:5): LEB size: 65408 bytes (63 KiB), min./max. I/O unit sizes: 8 bytes/256 bytes
Sep 29 02:29:36 witherspoon kernel[957]: [   59.540000] UBIFS (ubi8:5): FS size: 16155776 bytes (15 MiB, 247 LEBs), journal size 784896 bytes (0 MiB, 12 LEBs)
Sep 29 02:29:36 witherspoon kernel[957]: [   59.540000] UBIFS (ubi8:5): reserved for root: 763076 bytes (745 KiB)
Sep 29 02:29:36 witherspoon kernel[957]: [   59.540000] UBIFS (ubi8:5): media format: w5/r0 (latest is w5/r0), UUID 904AA0DA-EE42-403C-B44D-8FB80359592C, small LPT model
Sep 29 02:29:36 witherspoon kernel[957]: [   59.540000] UBIFS (ubi8:5): background thread "ubifs_bgt8_5" started, PID 1131
Sep 29 02:29:37 witherspoon systemd[1]: Started Phosphor Inventory Manager.
Sep 29 02:29:37 witherspoon inventory_items.py[979]: Running Inventory Manager
Sep 29 02:29:37 witherspoon systemd[1]: Started Phosphor Network Manager.
Sep 29 02:29:37 witherspoon netman.py[991]: Started
Sep 29 02:29:50 witherspoon kernel: block ubiblock4_0: created from ubi4:0(rofs-15477ffb)
Sep 29 02:29:50 witherspoon kernel[957]: [   73.760000] block ubiblock4_0: created from ubi4:0(rofs-15477ffb)
Sep 29 02:29:51 witherspoon systemd[1]: Started Remount the ubi volume after a reboot.
Sep 29 02:29:51 witherspoon systemd[1]: Reached target Multi-User System.
Sep 29 02:29:55 witherspoon phosphor-mapper[980]: ObjectMapper discovery complete
Sep 29 02:29:55 witherspoon systemd[1]: Started Phosphor DBus Service Discovery Manager.
Sep 29 02:29:55 witherspoon systemd[1]: Started Phosphor Hwmon Poller.
Sep 29 02:29:55 witherspoon systemd[1]: Started Phosphor Hwmon Poller.
Sep 29 02:29:55 witherspoon systemd[1]: Started Phosphor Hwmon Poller.
Sep 29 02:29:55 witherspoon systemd[1]: Started Phosphor Hwmon Poller.
Sep 29 02:29:55 witherspoon systemd[1]: Started Phosphor Hwmon Poller.
Sep 29 02:29:55 witherspoon systemd[1]: Started Phosphor Hwmon Poller.
Sep 29 02:29:55 witherspoon systemd[1]: Reached target Phosphor Object Mapper.
Sep 29 02:29:55 witherspoon systemd[1]: Starting OpenBMC Software Update Manager...
Sep 29 02:29:55 witherspoon systemd[1]: Starting Wait for /xyz/openbmc_project/control/host0/restriction_mode...
Sep 29 02:29:55 witherspoon systemd[1]: Starting Wait for /org/openbmc/NetworkManager/Interface...
Sep 29 02:29:55 witherspoon systemd[1]: Reached target Webserver (pre).
Sep 29 02:29:55 witherspoon systemd[1]: Started Phosphor Webserver.
Sep 29 02:29:55 witherspoon systemd[1]: Started Phosphor DBus Monitor.
Sep 29 02:29:55 witherspoon systemd[1]: Starting Wait for /xyz/openbmc_project/state/host0...
Sep 29 02:29:55 witherspoon systemd[1]: Starting Wait for /org/openbmc/managers/Download...
Sep 29 02:29:55 witherspoon systemd[1]: Starting Wait for /xyz/openbmc_project/led/groups...
Sep 29 02:29:55 witherspoon systemd[1]: Starting Wait for /xyz/openbmc_project/led/groups/bmc_booted...
Sep 29 02:29:55 witherspoon systemd[1]: Starting Wait for /org/openbmc/control/bmc0...
Sep 29 02:29:55 witherspoon systemd[1]: Starting Wait for /xyz/openbmc_project/control/host0/boot/one_time...
Sep 29 02:29:55 witherspoon systemd[1]: Starting Phosphor Network Manager...
Sep 29 02:29:55 witherspoon systemd[1]: Starting Phoshpor System Manager...
Sep 29 02:29:55 witherspoon systemd[1]: Starting Wait for /org/openbmc/control/power0...
Sep 29 02:29:55 witherspoon systemd[1]: Starting Phosphor Settings Manager...
Sep 29 02:29:55 witherspoon systemd[1]: Starting Wait for /xyz/openbmc_project/control/host0/boot...
Sep 29 02:29:55 witherspoon systemd[1]: Starting Wait for /xyz/openbmc_project/state/chassis0...
Sep 29 02:29:55 witherspoon systemd[1]: Starting OpenPower Software Update Manager...
Sep 29 02:29:55 witherspoon systemd[1]: Starting Wait for /xyz/openbmc_project/inventory...
Sep 29 02:29:55 witherspoon systemd[1]: Starting Wait for /xyz/openbmc_project/time/sync_method...
Sep 29 02:29:55 witherspoon systemd[1]: Starting Wait for /org/openbmc/managers/System...
Sep 29 02:29:55 witherspoon systemd[1]: Starting Wait for /xyz/openbmc_project/control/host0...
Sep 29 02:29:55 witherspoon systemd[1]: Starting Wait for /xyz/openbmc_project/inventory/system/chassis/power_supply0...
Sep 29 02:29:55 witherspoon systemd[1]: Starting Wait for /xyz/openbmc_project/control/host0/auto_reboot...
Sep 29 02:29:55 witherspoon systemd[1]: Starting Wait for /xyz/openbmc_project/time/owner...
Sep 29 02:29:55 witherspoon systemd[1]: Starting Wait for /xyz/openbmc_project/inventory/system/chassis/power_supply1...
Sep 29 02:29:55 witherspoon systemd[1]: Starting Wait for /xyz/openbmc_project/control/host0/power_restore_policy...
Sep 29 02:29:55 witherspoon systemd[1]: Started Phosphor Hwmon Poller.
Sep 29 02:29:55 witherspoon systemd[1]: Started Phosphor Hwmon Poller.
Sep 29 02:29:56 witherspoon systemd[1]: Started Wait for /xyz/openbmc_project/inventory/system/chassis/power_supply0.
Sep 29 02:29:56 witherspoon systemd[1]: Started Wait for /xyz/openbmc_project/time/owner.
Sep 29 02:29:56 witherspoon systemd[1]: Started Wait for /org/openbmc/managers/Download.
Sep 29 02:29:56 witherspoon systemd[1]: Started Wait for /xyz/openbmc_project/led/groups.
Sep 29 02:29:56 witherspoon systemd[1]: Started FRU Fault monitor service.
Sep 29 02:29:57 witherspoon systemd[1]: Started Wait for /xyz/openbmc_project/led/groups/bmc_booted.
Sep 29 02:29:57 witherspoon systemd[1]: Started Wait for /org/openbmc/control/bmc0.
Sep 29 02:29:57 witherspoon systemd[1]: Starting Phosphor BMC Code Update...
Sep 29 02:29:57 witherspoon systemd[1]: Started Wait for /xyz/openbmc_project/inventory.
Sep 29 02:29:57 witherspoon systemd[1]: Starting OpenPOWER OCC controller...
Sep 29 02:29:57 witherspoon systemd[1]: Started Phosphor GPIO 0 Presence.
Sep 29 02:29:57 witherspoon systemd[1]: Starting Read OpenPOWER-format VPD from EEPROM...
Sep 29 02:29:57 witherspoon systemd[1]: Started Phosphor Cooling Type.
Sep 29 02:29:57 witherspoon systemd[1]: Starting Phosphor MAX31785 MSL...
Sep 29 02:30:00 witherspoon systemd[1]: Started Phosphor GPIO 1 Presence.
Sep 29 02:30:00 witherspoon systemd[1]: Started Wait for /xyz/openbmc_project/control/host0/power_restore_policy.
Sep 29 02:30:00 witherspoon phosphor-gpio-presence[1195]: Updating inventory present property
Sep 29 02:30:00 witherspoon phosphor-gpio-presence[1199]: Updating inventory present property
Sep 29 02:30:01 witherspoon phosphor-network-manager[1169]: ConfigParser: Key not found
Sep 29 02:30:01 witherspoon phosphor-network-manager[1169]: The operation failed internally.
Sep 29 02:30:01 witherspoon phosphor-network-manager[1169]: Exception occured during getting of DHCP value
Sep 29 02:30:01 witherspoon dbus[950]: [system] Activating via systemd: service name='org.freedesktop.hostname1' unit='dbus-org.freedesktop.hostname1.service'
Sep 29 02:30:02 witherspoon systemd[1]: Started Phosphor Network Manager.
Sep 29 02:30:02 witherspoon systemd[1]: Started Wait for /xyz/openbmc_project/control/host0/boot/one_time.
Sep 29 02:30:02 witherspoon systemd[1]: Started Wait for /xyz/openbmc_project/control/host0/boot.
Sep 29 02:30:02 witherspoon systemd[1]: Started Wait for /xyz/openbmc_project/inventory/system/chassis/power_supply1.
Sep 29 02:30:02 witherspoon systemd[1]: Starting Hostname Service...
Sep 29 02:30:03 witherspoon systemd[1]: Started Wait for /org/openbmc/NetworkManager/Interface.
Sep 29 02:30:03 witherspoon systemd[1]: Started Phosphor DNS Settings Cache Manager.
Sep 29 02:30:05 witherspoon dbus[950]: [system] Successfully activated service 'org.freedesktop.hostname1'
Sep 29 02:30:05 witherspoon systemd[1]: Started Hostname Service.
Sep 29 02:30:05 witherspoon systemd[1]: Started OpenPower Software Update Manager.
Sep 29 02:30:05 witherspoon systemd[1]: Starting Create a ubi volume for pnor patches...
Sep 29 02:30:05 witherspoon systemd[1]: Started Phosphor MBOX Daemon.
Sep 29 02:30:06 witherspoon systemd[1]: Started Wait for /xyz/openbmc_project/time/sync_method.
Sep 29 02:30:07 witherspoon systemd[1]: Started Wait for /xyz/openbmc_project/control/host0/auto_reboot.
Sep 29 02:30:07 witherspoon systemd[1]: Created slice system-obmc\x2dflash\x2dbmc\x2dsetenv.slice.
Sep 29 02:30:07 witherspoon systemd[1]: Starting Set U-Boot environment variable...
Sep 29 02:30:08 witherspoon systemd[1]: Starting Set U-Boot environment variable...
Sep 29 02:30:08 witherspoon systemd[1]: Started OpenBMC Software Update Manager.
Sep 29 02:30:08 witherspoon systemd[1]: Starting Phosphor Version Software Manager...
Sep 29 02:30:09 witherspoon kernel: UBIFS (ubi8:3): UBIFS: mounted UBI device 8, volume 3, name "pnor-patch"
Sep 29 02:30:09 witherspoon kernel: UBIFS (ubi8:3): LEB size: 65408 bytes (63 KiB), min./max. I/O unit sizes: 8 bytes/256 bytes
Sep 29 02:30:09 witherspoon kernel: UBIFS (ubi8:3): FS size: 16155776 bytes (15 MiB, 247 LEBs), journal size 784896 bytes (0 MiB, 12 LEBs)
Sep 29 02:30:09 witherspoon kernel: UBIFS (ubi8:3): reserved for root: 763076 bytes (745 KiB)
Sep 29 02:30:09 witherspoon kernel: UBIFS (ubi8:3): media format: w5/r0 (latest is w5/r0), UUID 4D589EF4-9175-4F76-B384-1965B1D7B962, small LPT model
Sep 29 02:30:09 witherspoon kernel[957]: [   92.680000] UBIFS (ubi8:3): UBIFS: mounted UBI device 8, volume 3, name "pnor-patch"
Sep 29 02:30:09 witherspoon kernel[957]: [   92.680000] UBIFS (ubi8:3): LEB size: 65408 bytes (63 KiB), min./max. I/O unit sizes: 8 bytes/256 bytes
Sep 29 02:30:09 witherspoon kernel[957]: [   92.680000] UBIFS (ubi8:3): FS size: 16155776 bytes (15 MiB, 247 LEBs), journal size 784896 bytes (0 MiB, 12 LEBs)
Sep 29 02:30:09 witherspoon kernel[957]: [   92.820000] UBIFS (ubi8:3): reserved for root: 763076 bytes (745 KiB)
Sep 29 02:30:09 witherspoon kernel[957]: [   92.820000] UBIFS (ubi8:3): media format: w5/r0 (latest is w5/r0), UUID 4D589EF4-9175-4F76-B384-1965B1D7B962, small LPT model
Sep 29 02:30:09 witherspoon kernel: UBIFS (ubi8:3): background thread "ubifs_bgt8_3" started, PID 1243
Sep 29 02:30:09 witherspoon kernel[957]: [   92.820000] UBIFS (ubi8:3): background thread "ubifs_bgt8_3" started, PID 1243
Sep 29 02:30:10 witherspoon systemd[1]: Started Phosphor MAX31785 MSL.
Sep 29 02:30:11 witherspoon systemd[1]: Started Wait for /xyz/openbmc_project/control/host0/restriction_mode.
Sep 29 02:30:11 witherspoon systemd[1]: Started Create a ubi volume for pnor patches.
Sep 29 02:30:11 witherspoon systemd[1]: Started Set U-Boot environment variable.
Sep 29 02:30:11 witherspoon systemd[1]: Started Phosphor Version Software Manager.
Sep 29 02:30:12 witherspoon systemd[1]: Started Set U-Boot environment variable.
Sep 29 02:30:13 witherspoon systemd[1]: Started OpenPOWER OCC controller.
Sep 29 02:30:17 witherspoon system_manager.py[1170]: Running System State: BASE_APPS
Sep 29 02:30:17 witherspoon system_manager.py[1170]: SystemManager Init Done
Sep 29 02:30:17 witherspoon systemd[1]: Started Phoshpor System Manager.
Sep 29 02:30:17 witherspoon system_manager.py[1170]: Running SystemManager
Sep 29 02:30:17 witherspoon bmc_update.py[1193]: Running Bmc Flash Control
Sep 29 02:30:17 witherspoon systemd[1]: Started Phosphor BMC Code Update.
Sep 29 02:30:19 witherspoon phosphor-inventory[967]: Encountered unsupported interface.
Sep 29 02:30:24 witherspoon system_manager.py[1170]: SystemManager Goto System State: BMC_STARTING
Sep 29 02:30:24 witherspoon system_manager.py[1170]: Running System State: BMC_STARTING
Sep 29 02:30:25 witherspoon phosphor-inventory[967]: Encountered unsupported interface.
Sep 29 02:30:25 witherspoon systemd[1]: Started Read OpenPOWER-format VPD from EEPROM.
Sep 29 02:30:25 witherspoon settings_manager.py[1172]: Running HostSettingsService
Sep 29 02:30:25 witherspoon systemd[1]: Started Phosphor Settings Manager.
Sep 29 02:30:25 witherspoon systemd[1]: Starting Wait for /org/openbmc/settings/host0...
Sep 29 02:30:34 witherspoon phosphor-gevent[1161]: Traceback (most recent call last):
Sep 29 02:30:34 witherspoon phosphor-gevent[1161]:   File "/usr/lib/python2.7/site-packages/gevent/greenlet.py", line 327, in run
Sep 29 02:30:34 witherspoon phosphor-gevent[1161]:     result = self._run(*self.args, **self.kwargs)
Sep 29 02:30:34 witherspoon phosphor-gevent[1161]:   File "/usr/lib/python2.7/site-packages/gevent/server.py", line 102, in wrap_socket_and_handle
Sep 29 02:30:34 witherspoon phosphor-gevent[1161]:     ssl_socket = self.wrap_socket(client_socket, **self.ssl_args)
Sep 29 02:30:34 witherspoon phosphor-gevent[1161]:   File "/usr/lib/python2.7/site-packages/gevent/ssl.py", line 404, in wrap_socket
Sep 29 02:30:34 witherspoon phosphor-gevent[1161]:     ciphers=ciphers)
Sep 29 02:30:34 witherspoon phosphor-gevent[1161]:   File "/usr/lib/python2.7/site-packages/gevent/ssl.py", line 113, in __init__
Sep 29 02:30:34 witherspoon phosphor-gevent[1161]:     self.do_handshake()
Sep 29 02:30:34 witherspoon phosphor-gevent[1161]:   File "/usr/lib/python2.7/site-packages/gevent/ssl.py", line 324, in do_handshake
Sep 29 02:30:34 witherspoon phosphor-gevent[1161]:     return self._sslobj.do_handshake()
Sep 29 02:30:34 witherspoon phosphor-gevent[1161]: SSLEOFError: EOF occurred in violation of protocol (_ssl.c:590)
Sep 29 02:30:34 witherspoon phosphor-gevent[1161]: <Greenlet at 0x76013490: <bound method WSGIServer.wrap_socket_and_handle of <WSGIServer at 0x75febbb0 fileno=5 address=('::34e2:ef76:d8bd:6576%1986379208', 443, 0, 1986379208)>>(<socket at 0x75ec0890 fileno=9>, ('::60c9:6376:8e91:f402%1995361052', 56444, 0, 199)> failed with SSLEOFError
Sep 29 02:30:34 witherspoon phosphor-gevent[1161]: Traceback (most recent call last):
Sep 29 02:30:34 witherspoon phosphor-gevent[1161]:   File "/usr/lib/python2.7/site-packages/gevent/greenlet.py", line 327, in run
Sep 29 02:30:34 witherspoon phosphor-gevent[1161]:     result = self._run(*self.args, **self.kwargs)
Sep 29 02:30:34 witherspoon phosphor-gevent[1161]:   File "/usr/lib/python2.7/site-packages/gevent/server.py", line 102, in wrap_socket_and_handle
Sep 29 02:30:34 witherspoon phosphor-gevent[1161]:     ssl_socket = self.wrap_socket(client_socket, **self.ssl_args)
Sep 29 02:30:34 witherspoon phosphor-gevent[1161]:   File "/usr/lib/python2.7/site-packages/gevent/ssl.py", line 404, in wrap_socket
Sep 29 02:30:34 witherspoon phosphor-gevent[1161]:     ciphers=ciphers)
Sep 29 02:30:34 witherspoon phosphor-gevent[1161]:   File "/usr/lib/python2.7/site-packages/gevent/ssl.py", line 113, in __init__
Sep 29 02:30:34 witherspoon phosphor-gevent[1161]:     self.do_handshake()
Sep 29 02:30:34 witherspoon phosphor-gevent[1161]:   File "/usr/lib/python2.7/site-packages/gevent/ssl.py", line 324, in do_handshake
Sep 29 02:30:34 witherspoon phosphor-gevent[1161]:     return self._sslobj.do_handshake()
Sep 29 02:30:34 witherspoon phosphor-gevent[1161]: SSLEOFError: EOF occurred in violation of protocol (_ssl.c:590)
Sep 29 02:30:34 witherspoon phosphor-gevent[1161]: <Greenlet at 0x76013760: <bound method WSGIServer.wrap_socket_and_handle of <WSGIServer at 0x75febbb0 fileno=5 address=('::34e2:ef76:d8bd:6576%1986379208', 443, 0, 1986379208)>>(<socket at 0x75ec0830 fileno=10>, ('::60c9:6376:8e91:f402%1995361052', 56446, 0, 199)> failed with SSLEOFError
Sep 29 02:30:34 witherspoon phosphor-gevent[1161]: Traceback (most recent call last):
Sep 29 02:30:34 witherspoon phosphor-gevent[1161]:   File "/usr/lib/python2.7/site-packages/gevent/greenlet.py", line 327, in run
Sep 29 02:30:34 witherspoon phosphor-gevent[1161]:     result = self._run(*self.args, **self.kwargs)
Sep 29 02:30:34 witherspoon phosphor-gevent[1161]:   File "/usr/lib/python2.7/site-packages/gevent/server.py", line 102, in wrap_socket_and_handle
Sep 29 02:30:34 witherspoon phosphor-gevent[1161]:     ssl_socket = self.wrap_socket(client_socket, **self.ssl_args)
Sep 29 02:30:34 witherspoon phosphor-gevent[1161]:   File "/usr/lib/python2.7/site-packages/gevent/ssl.py", line 404, in wrap_socket
Sep 29 02:30:34 witherspoon phosphor-gevent[1161]:     ciphers=ciphers)
Sep 29 02:30:34 witherspoon phosphor-gevent[1161]:   File "/usr/lib/python2.7/site-packages/gevent/ssl.py", line 113, in __init__
Sep 29 02:30:35 witherspoon phosphor-gevent[1161]:     self.do_handshake()
Sep 29 02:30:35 witherspoon phosphor-gevent[1161]:   File "/usr/lib/python2.7/site-packages/gevent/ssl.py", line 324, in do_handshake
Sep 29 02:30:35 witherspoon phosphor-gevent[1161]:     return self._sslobj.do_handshake()
Sep 29 02:30:35 witherspoon phosphor-gevent[1161]: SSLEOFError: EOF occurred in violation of protocol (_ssl.c:590)
Sep 29 02:30:35 witherspoon phosphor-gevent[1161]: <Greenlet at 0x76013440: <bound method WSGIServer.wrap_socket_and_handle of <WSGIServer at 0x75febbb0 fileno=5 address=('::34e2:ef76:d8bd:6576%1986379208', 443, 0, 1986379208)>>(<socket at 0x75ec08d0 fileno=11>, ('::60c9:6376:8e91:f402%1995361052', 56448, 0, 199)> failed with SSLEOFError
Sep 29 02:30:35 witherspoon phosphor-gevent[1161]: ::60c9:6376:8e91:f402%1995361052 - - [2017-09-29 02:30:35] "POST /login HTTP/1.1" 200 320 0.164262
Sep 29 02:30:36 witherspoon phosphor-gevent[1161]: ::60c9:6376:8e91:f402%1995361052 - - [2017-09-29 02:30:36] "GET /xyz/openbmc_project/state/chassis0//attr/CurrentPowerState HTTP/1.1" 404 312 1.402005
Sep 29 02:30:36 witherspoon systemd[1]: Started Wait for /org/openbmc/managers/System.
Sep 29 02:30:36 witherspoon systemd[1]: Starting Phosphor Power Button0...
Sep 29 02:30:36 witherspoon systemd[1]: Starting Phosphor Reset Button0...
Sep 29 02:30:36 witherspoon systemd[1]: Starting Phosphor BMC State Manager...
Sep 29 02:30:36 witherspoon systemd[1]: Starting Phosphor Power0 Control...
Sep 29 02:30:36 witherspoon systemd[1]: Starting Phosphor Chassis State Manager...
Sep 29 02:30:37 witherspoon phosphor-chassis-state-manager[1259]: Initial Chassis State will be Off
Sep 29 02:30:37 witherspoon systemd[1]: Started Phosphor Chassis State Manager.
Sep 29 02:30:37 witherspoon phosphor-bmc-state-manager[1257]: Setting the BMCState field
Sep 29 02:30:37 witherspoon phosphor-bmc-state-manager[1257]: Setting the BMCState field
Sep 29 02:30:37 witherspoon button_power.exe[1255]: GPIO Lookup:  POWER_BUTTON = 347,both
Sep 29 02:30:38 witherspoon systemd[1]: Started Phosphor BMC State Manager.
Sep 29 02:30:38 witherspoon systemd[1]: Started Phosphor Power Button0.
Sep 29 02:30:38 witherspoon systemd[1]: Started Wait for /org/openbmc/settings/host0.
Sep 29 02:30:38 witherspoon systemd[1]: Started Phosphor Inband IPMI.
Sep 29 02:30:38 witherspoon button_reset.exe[1256]: GPIO Lookup:  RESET_BUTTON = 353,both
Sep 29 02:30:38 witherspoon systemd[1]: Started Phosphor Reset Button0.
Sep 29 02:30:38 witherspoon system_manager.py[1170]: New object: /org/openbmc/control/power0 (:1.89)
Sep 29 02:30:38 witherspoon system_manager.py[1170]: Power GPIO config: ['SYS_PWROK_BUFF', '', [('SOFTWARE_PGOOD', True), ('BMC_POWER_UP', True)], [('BMC_CP0_RESET_N', False)], [], 'FSI_DATA', 'FSI_CLK', 'FSI_ENABLE', 'CRONUS_SEL', []]
Sep 29 02:30:38 witherspoon power_control.exe[1258]: Power GPIO latch output:
Sep 29 02:30:38 witherspoon power_control.exe[1258]: Power GPIO power good input: SYS_PWROK_BUFF
Sep 29 02:30:38 witherspoon power_control.exe[1258]: Power GPIO 2 power_up outputs
Sep 29 02:30:38 witherspoon power_control.exe[1258]: Power GPIO power_up[0] = SOFTWARE_PGOOD active HIGH
Sep 29 02:30:38 witherspoon power_control.exe[1258]: Power GPIO power_up[1] = BMC_POWER_UP active HIGH
Sep 29 02:30:38 witherspoon power_control.exe[1258]: Power GPIO 1 reset outputs
Sep 29 02:30:38 witherspoon power_control.exe[1258]: Power GPIO reset[0] = BMC_CP0_RESET_N active LOW
Sep 29 02:30:38 witherspoon power_control.exe[1258]: Power GPIO 0 pci reset outputs
Sep 29 02:30:38 witherspoon power_control.exe[1258]: FSI DATA GPIO: FSI_DATA
Sep 29 02:30:38 witherspoon power_control.exe[1258]: FSI CLK GPIO: FSI_CLK
Sep 29 02:30:38 witherspoon power_control.exe[1258]: FSI ENABLE GPIO: FSI_ENABLE
Sep 29 02:30:38 witherspoon power_control.exe[1258]: CRONUS SEL GPIO: CRONUS_SEL
Sep 29 02:30:38 witherspoon power_control.exe[1258]: Hostctl GPIO optionals: 0
Sep 29 02:30:39 witherspoon systemd[1]: Started Phosphor Power0 Control.
Sep 29 02:30:39 witherspoon phosphor-gevent[1161]: ::60c9:6376:8e91:f402%1995361052 - - [2017-09-29 02:30:39] "POST /login HTTP/1.1" 200 320 0.190139
Sep 29 02:30:39 witherspoon power_control.exe[1258]: GPIO Lookup:  SYS_PWROK_BUFF = 306,in
Sep 29 02:30:39 witherspoon power_control.exe[1258]: GPIO Lookup:  SOFTWARE_PGOOD = 417,out
Sep 29 02:30:39 witherspoon power_control.exe[1258]: GPIO Lookup:  BMC_POWER_UP = 305,out
Sep 29 02:30:39 witherspoon power_control.exe[1258]: GPIO Lookup:  BMC_CP0_RESET_N = 281,out
Sep 29 02:30:39 witherspoon power_control.exe[1258]: Pgood state: 0
Sep 29 02:30:40 witherspoon phosphor-gevent[1161]: ::60c9:6376:8e91:f402%1995361052 - - [2017-09-29 02:30:40] "GET /xyz/openbmc_project/state/chassis0//attr/CurrentPowerState HTTP/1.1" 404 312 1.201442
Sep 29 02:30:43 witherspoon phosphor-gevent[1161]: ::60c9:6376:8e91:f402%1995361052 - - [2017-09-29 02:30:43] "POST /login HTTP/1.1" 200 320 0.036268
Sep 29 02:30:43 witherspoon phosphor-gevent[1161]: ::60c9:6376:8e91:f402%1995361052 - - [2017-09-29 02:30:43] "GET /xyz/openbmc_project/state/chassis0//attr/CurrentPowerState HTTP/1.1" 404 312 0.327528
Sep 29 02:30:44 witherspoon systemd[1]: Started Wait for /xyz/openbmc_project/state/chassis0.
Sep 29 02:30:44 witherspoon systemd[1]: Started Wait for /org/openbmc/control/power0.
Sep 29 02:30:44 witherspoon systemd[1]: Starting Phosphor Time Manager daemon...
Sep 29 02:30:44 witherspoon systemd[1]: Starting Check Chassis0 pgood and create a file to indicate it...
Sep 29 02:30:45 witherspoon systemd[1]: Started Witherspoon Power Supply 1 Monitor.
Sep 29 02:30:45 witherspoon systemd[1]: Started Witherspoon Power Supply 0 Monitor.
Sep 29 02:30:45 witherspoon env[1290]: env: can't execute 'witherspoon-psu-monitor': No such file or directory
Sep 29 02:30:45 witherspoon systemd[1]: witherspoon-power-supply-monitor@0.service: Main process exited, code=exited, status=127/n/a
Sep 29 02:30:45 witherspoon systemd[1]: witherspoon-power-supply-monitor@0.service: Unit entered failed state.
Sep 29 02:30:45 witherspoon systemd[1]: witherspoon-power-supply-monitor@0.service: Failed with result 'exit-code'.
Sep 29 02:30:45 witherspoon env[1289]: env: can't execute 'witherspoon-psu-monitor': No such file or directory
Sep 29 02:30:45 witherspoon systemd[1]: witherspoon-power-supply-monitor@1.service: Main process exited, code=exited, status=127/n/a
Sep 29 02:30:45 witherspoon systemd[1]: witherspoon-power-supply-monitor@1.service: Unit entered failed state.
Sep 29 02:30:45 witherspoon systemd[1]: witherspoon-power-supply-monitor@1.service: Failed with result 'exit-code'.
Sep 29 02:30:45 witherspoon phosphor-gevent[1161]: ::60c9:6376:8e91:f402%1995361052 - - [2017-09-29 02:30:45] "POST /login HTTP/1.1" 200 320 0.046417
Sep 29 02:30:46 witherspoon timemanager[1285]: Registering dbus methods
Sep 29 02:30:46 witherspoon timemanager[1285]: Last known time_mode: NTP
Sep 29 02:30:46 witherspoon timemanager[1285]: Last known time_owner: BMC
Sep 29 02:30:46 witherspoon timemanager[1285]: Empty DhcpNtp string
Sep 29 02:30:46 witherspoon timemanager[1285]: Reading Power Control key: pgood
Sep 29 02:30:47 witherspoon systemd[1]: Started Check Chassis0 pgood and create a file to indicate it.
Sep 29 02:30:47 witherspoon systemd[1]: Reached target Chassis0 power on after reset.
Sep 29 02:30:47 witherspoon timemanager[1285]: Changing settings *allowed* now
Sep 29 02:30:47 witherspoon timemanager[1285]: Owner is already set to : BMC
Sep 29 02:30:47 witherspoon systemd[1]: Reached target Chassis0 (Reset Check).
Sep 29 02:30:47 witherspoon systemd[1]: Started Wait for /xyz/openbmc_project/control/host0.
Sep 29 02:30:47 witherspoon systemd[1]: Reached target Host0 running after reset.
Sep 29 02:30:47 witherspoon systemd[1]: Starting Phosphor Host State Manager...
Sep 29 02:30:47 witherspoon systemd[1]: Reached target Host0 (Reset Check).
Sep 29 02:30:47 witherspoon timemanager[1285]: Requested_Mode: NTP Current_Mode: NTP
Sep 29 02:30:47 witherspoon timemanager[1285]: Mode is already set to : NTP
Sep 29 02:30:47 witherspoon timemanager[1285]: Getting System Settings: use_dhcp_ntp
Sep 29 02:30:48 witherspoon phosphor-gevent[1161]: ::60c9:6376:8e91:f402%1995361052 - - [2017-09-29 02:30:48] "GET /xyz/openbmc_project/state/chassis0//attr/CurrentPowerState HTTP/1.1" 200 216 2.161264
Sep 29 02:30:48 witherspoon timemanager[1285]: use_dhcp_ntp = yes
Sep 29 02:30:48 witherspoon timemanager[1285]: Last known host_offset:0
Sep 29 02:30:48 witherspoon timemanager[1285]: Initial Uptime Usec: 1506652116509260
Sep 29 02:30:48 witherspoon systemd[1]: Started Phosphor Time Manager daemon.
Sep 29 02:30:48 witherspoon phosphor-gevent[1161]: ::60c9:6376:8e91:f402%1995361052 - - [2017-09-29 02:30:48] "POST /login HTTP/1.1" 200 320 0.032582
Sep 29 02:30:49 witherspoon phosphor-host-state-manager[1302]: Initial Host State will be Off
Sep 29 02:30:49 witherspoon phosphor-host-state-manager[1302]: External request to reset reboot count
Sep 29 02:30:49 witherspoon systemd[1]: Started Phosphor Host State Manager.
Sep 29 02:30:49 witherspoon phosphor-gevent[1161]: ::60c9:6376:8e91:f402%1995361052 - - [2017-09-29 02:30:49] "GET /xyz/openbmc_project/state/chassis0//attr/CurrentPowerState HTTP/1.1" 200 216 0.791061
Sep 29 02:30:49 witherspoon phosphor-gevent[1161]: ::60c9:6376:8e91:f402%1995361052 - - [2017-09-29 02:30:49] "POST /login HTTP/1.1" 200 320 0.289601
Sep 29 02:30:50 witherspoon phosphor-gevent[1161]: ::60c9:6376:8e91:f402%1995361052 - - [2017-09-29 02:30:49] "GET /xyz/openbmc_project/state/host0//attr/BootProgress HTTP/1.1" 404 309 0.180065
Sep 29 02:30:50 witherspoon phosphor-gevent[1161]: ::60c9:6376:8e91:f402%1995361052 - - [2017-09-29 02:30:50] "POST /login HTTP/1.1" 200 320 0.032480
Sep 29 02:30:51 witherspoon phosphor-gevent[1161]: ::60c9:6376:8e91:f402%1995361052 - - [2017-09-29 02:30:51] "GET /xyz/openbmc_project/state/host0//attr/CurrentHostState HTTP/1.1" 404 309 0.639860
Sep 29 02:30:51 witherspoon systemd[1]: Started Wait for /xyz/openbmc_project/state/host0.
Sep 29 02:30:51 witherspoon systemd[1]: Starting Reboot If Enabled...
Sep 29 02:30:52 witherspoon phosphor-discover-system-state[1304]: Host power is off, checking power policy
Sep 29 02:30:52 witherspoon phosphor-discover-system-state[1304]: power_policy=RESTORE, restoring last state
Sep 29 02:30:52 witherspoon phosphor-host-state-manager[1302]: Host State transaction request
Sep 29 02:30:52 witherspoon systemd[1]: Started Reboot If Enabled.
Sep 29 02:30:52 witherspoon systemd[1]: Created slice system-ir35221\x2doff\x2dunbind.slice.
Sep 29 02:30:52 witherspoon systemd[1]: Created slice system-op\x2docc\x2ddisable.slice.
Sep 29 02:30:52 witherspoon systemd[1]: Starting OpenPOWER OCC Active Disable...
Sep 29 02:30:53 witherspoon systemd[1]: Started Witherspoon Power Supply 1 Monitor.
Sep 29 02:30:53 witherspoon systemd[1]: Started Phosphor Cooling Type.
Sep 29 02:30:53 witherspoon systemd[1]: Stopped target Host0 (Reset Check).
Sep 29 02:30:53 witherspoon systemd[1]: Stopped target Host0 running after reset.
Sep 29 02:30:53 witherspoon systemd[1]: Starting Wait for /xyz/openbmc_project/led/groups/power_on...
Sep 29 02:30:53 witherspoon systemd[1]: Started Witherspoon Power Supply 0 Monitor.
Sep 29 02:30:53 witherspoon systemd[1]: Created slice system-obmc\x2dled\x2dgroup\x2dstop.slice.
Sep 29 02:30:53 witherspoon systemd[1]: Created slice system-op\x2dwait\x2dpower\x2doff.slice.
Sep 29 02:30:53 witherspoon systemd[1]: Starting Wait for /org/openbmc/HostIpmi/1...
Sep 29 02:30:53 witherspoon env[1318]: env: can't execute 'witherspoon-psu-monitor': No such file or directory
Sep 29 02:30:53 witherspoon env[1315]: env: can't execute 'witherspoon-psu-monitor': No such file or directory
Sep 29 02:30:53 witherspoon systemd[1]: Created slice system-ir35221\x2doff\x2dbind.slice.
Sep 29 02:30:53 witherspoon systemd[1]: Starting Phosphor MAX31785 MSL...
Sep 29 02:30:53 witherspoon systemd[1]: Starting Wait for /org/openbmc/control/chassis0...
Sep 29 02:30:53 witherspoon systemd[1]: Created slice system-op\x2dpower\x2dstop.slice.
Sep 29 02:30:53 witherspoon systemd[1]: Created slice system-vcs_off_poweroff.slice.
Sep 29 02:30:54 witherspoon systemd[1]: Started OpenPOWER OCC Active Disable.
Sep 29 02:30:54 witherspoon systemd[1]: witherspoon-power-supply-monitor@1.service: Main process exited, code=exited, status=127/n/a
Sep 29 02:30:54 witherspoon systemd[1]: witherspoon-power-supply-monitor@1.service: Unit entered failed state.
Sep 29 02:30:54 witherspoon systemd[1]: witherspoon-power-supply-monitor@1.service: Failed with result 'exit-code'.
Sep 29 02:30:54 witherspoon systemd[1]: witherspoon-power-supply-monitor@0.service: Main process exited, code=exited, status=127/n/a
Sep 29 02:30:54 witherspoon systemd[1]: witherspoon-power-supply-monitor@0.service: Unit entered failed state.
Sep 29 02:30:54 witherspoon systemd[1]: witherspoon-power-supply-monitor@0.service: Failed with result 'exit-code'.
Sep 29 02:30:54 witherspoon systemd[1]: Started Wait for /org/openbmc/HostIpmi/1.
Sep 29 02:30:55 witherspoon systemd[1]: Started Wait for /org/openbmc/control/chassis0.
Sep 29 02:30:55 witherspoon systemd[1]: Starting Soft power off of the host...
Sep 29 02:30:55 witherspoon systemd[1]: Started Phosphor MAX31785 MSL.
Sep 29 02:30:55 witherspoon systemd[1]: Reached target Phosphor System - Standby.
Sep 29 02:30:55 witherspoon systemd[1]: Reached target Stop Hosti (Pre).
Sep 29 02:30:55 witherspoon systemd[1]: Reached target Hosti (Stopping).
Sep 29 02:30:55 witherspoon systemd[1]: Reached target Hosti (Stopped).
Sep 29 02:30:55 witherspoon systemd[1]: Starting Assert bmc_booted LED...
Sep 29 02:30:55 witherspoon systemd[1]: Reached target Stop Host0 (Pre).
Sep 29 02:30:55 witherspoon systemd[1]: Starting Power off mode unbind ir35221 device driver devs...
Sep 29 02:30:55 witherspoon systemd[1]: Reached target Poweri Off (Pre).
Sep 29 02:30:55 witherspoon systemd[1]: Reached target Poweri Off.
Sep 29 02:30:55 witherspoon systemd[1]: Started Power off mode unbind ir35221 device driver devs.
Sep 29 02:30:55 witherspoon systemd[1]: xyz.openbmc_project.Hwmon@ahb-apb-i2c\x401e78a000-i2c\x2dbus\x40180-ir35221\x4071.service: Unit not needed anymore. Stopping.
Sep 29 02:30:55 witherspoon systemd[1]: Stopping Phosphor Hwmon Poller...
Sep 29 02:30:55 witherspoon systemd[1]: Stopped Phosphor Hwmon Poller.
Sep 29 02:30:55 witherspoon systemd[1]: xyz.openbmc_project.Hwmon@ahb-apb-i2c\x401e78a000-i2c\x2dbus\x40140-ir35221\x4070.service: Unit not needed anymore. Stopping.
Sep 29 02:30:55 witherspoon systemd[1]: Stopping Phosphor Hwmon Poller...
Sep 29 02:30:55 witherspoon systemd[1]: xyz.openbmc_project.Hwmon@ahb-apb-i2c\x401e78a000-i2c\x2dbus\x40140-ir35221\x4071.service: Unit not needed anymore. Stopping.
Sep 29 02:30:55 witherspoon systemd[1]: Stopping Phosphor Hwmon Poller...
Sep 29 02:30:55 witherspoon systemd[1]: Stopped Phosphor Hwmon Poller.
Sep 29 02:30:55 witherspoon systemd[1]: xyz.openbmc_project.Hwmon@ahb-apb-i2c\x401e78a000-i2c\x2dbus\x40180-ir35221\x4070.service: Unit not needed anymore. Stopping.
Sep 29 02:30:55 witherspoon systemd[1]: Stopping Phosphor Hwmon Poller...
Sep 29 02:30:55 witherspoon systemd[1]: Stopped Phosphor Hwmon Poller.
Sep 29 02:30:56 witherspoon phosphor-bmc-state-manager[1257]: BMC_READY
Sep 29 02:30:56 witherspoon phosphor-bmc-state-manager[1257]: Setting the BMCState field
Sep 29 02:30:56 witherspoon systemd[1]: Started Wait for /xyz/openbmc_project/led/groups/power_on.
Sep 29 02:30:56 witherspoon systemd[1]: Starting Assert power_on LED...
Sep 29 02:30:56 witherspoon systemd[1]: Stopped Phosphor Hwmon Poller.
Sep 29 02:31:01 witherspoon phosphor-gevent[1161]: ::60c9:6376:8e91:f402%1995361052 - - [2017-09-29 02:31:01] "POST /login HTTP/1.1" 200 320 0.032480
Sep 29 02:31:03 witherspoon ipmid[1271]: Pushing cmd on to queue
Sep 29 02:31:03 witherspoon ipmid[1271]: Pushing cmd on to queue
Sep 29 02:31:03 witherspoon ipmid[1271]: Asserting SMS Attention
Sep 29 02:31:03 witherspoon systemd[1]: Started Assert power_on LED.
Sep 29 02:31:03 witherspoon ipmid[1271]: SMS Attention asserted
Sep 29 02:31:03 witherspoon phosphor-ledmanager[974]: Asserting LEDs
Sep 29 02:31:03 witherspoon systemd[1]: Started Assert bmc_booted LED.
Sep 29 02:31:03 witherspoon phosphor-gevent[1161]: ::60c9:6376:8e91:f402%1995361052 - - [2017-09-29 02:31:03] "GET /xyz/openbmc_project/state/chassis0//attr/CurrentPowerState HTTP/1.1" 200 216 2.298803
Sep 29 02:31:04 witherspoon phosphor-gevent[1161]: ::60c9:6376:8e91:f402%1995361052 - - [2017-09-29 02:31:04] "POST /login HTTP/1.1" 200 320 0.032319
Sep 29 02:31:04 witherspoon phosphor-gevent[1161]: ::60c9:6376:8e91:f402%1995361052 - - [2017-09-29 02:31:04] "GET /xyz/openbmc_project/state/host0//attr/BootProgress HTTP/1.1" 200 234 0.094653
Sep 29 02:31:04 witherspoon phosphor-gevent[1161]: ::60c9:6376:8e91:f402%1995361052 - - [2017-09-29 02:31:04] "POST /login HTTP/1.1" 200 320 0.062043
Sep 29 02:31:04 witherspoon phosphor-gevent[1161]: ::60c9:6376:8e91:f402%1995361052 - - [2017-09-29 02:31:04] "GET /xyz/openbmc_project/state/host0//attr/CurrentHostState HTTP/1.1" 200 212 0.084392
Sep 29 02:31:05 witherspoon phosphor-gevent[1161]: ::60c9:6376:8e91:f402%1995361052 - - [2017-09-29 02:31:05] "POST /login HTTP/1.1" 200 320 0.032848
Sep 29 02:31:05 witherspoon phosphor-gevent[1161]: ::60c9:6376:8e91:f402%1995361052 - - [2017-09-29 02:31:05] "GET /xyz/openbmc_project/logging/entry//list HTTP/1.1" 404 311 0.028882
Sep 29 02:31:05 witherspoon phosphor-gevent[1161]: ::60c9:6376:8e91:f402%1995361052 - - [2017-09-29 02:31:05] "POST /login HTTP/1.1" 200 320 0.033015
Sep 29 02:31:05 witherspoon phosphor-gevent[1161]: ::60c9:6376:8e91:f402%1995361052 - - [2017-09-29 02:31:05] "GET /xyz/openbmc_project/logging/entry//list HTTP/1.1" 404 311 0.029100
Sep 29 02:31:06 witherspoon dropbear[1075]: Exit (root): Exited normally
Sep 29 02:31:06 witherspoon ipmid[1271]: Host control timeout hit!
Sep 29 02:31:06 witherspoon ipmid[1271]: Timer expired
Sep 29 02:31:06 witherspoon phosphor-softpoweroff[1337]: Host control signal values
Sep 29 02:31:06 witherspoon phosphor-softpoweroff[1337]: Timeout on host attention, continue with power down
Sep 29 02:31:06 witherspoon systemd[1]: Started Soft power off of the host.
Sep 29 02:31:06 witherspoon systemd[1]: Reached target Host0 (Stopping).
Sep 29 02:31:06 witherspoon systemd[1]: Reached target Host0 (Stopped).
Sep 29 02:31:06 witherspoon systemd[1]: Reached target Power0 Off (Pre).
Sep 29 02:31:06 witherspoon systemd[1]: Starting Wait for Power0 to turn off...
Sep 29 02:31:06 witherspoon systemd[1]: Started Stop Power0.
Sep 29 02:31:08 witherspoon power_control.exe[1258]: Power already at requested state: 0
Sep 29 02:31:08 witherspoon systemd[1]: Started Wait for Power0 to turn off.
Sep 29 02:31:08 witherspoon systemd[1]: Reached target Power0 Off.
Sep 29 02:31:08 witherspoon systemd[1]: Starting Disable VCS on a power off...
Sep 29 02:31:08 witherspoon systemd[1]: Started Disable VCS on a power off.
Sep 29 02:31:08 witherspoon systemd[1]: Starting Power off mode bind ir35221 device driver devs...
Sep 29 02:31:09 witherspoon systemd[1]: Started Phosphor Hwmon Poller.
Sep 29 02:31:09 witherspoon systemd[1]: Started Phosphor Hwmon Poller.
Sep 29 02:31:09 witherspoon systemd[1]: Started Phosphor Hwmon Poller.
Sep 29 02:31:10 witherspoon systemd[1]: Started Phosphor Hwmon Poller.
Sep 29 02:31:10 witherspoon systemd[1]: Started Power off mode bind ir35221 device driver devs.
Sep 29 02:31:10 witherspoon systemd[1]: Reached target Chassis0 (Power Off).
Sep 29 02:31:10 witherspoon systemd[1]: Reached target Stop Host0.
Sep 29 02:31:10 witherspoon systemd[1]: Reached target Power0 Host Off.
Sep 29 02:31:10 witherspoon systemd[1]: Startup finished in 9.457s (kernel) + 2min 24.540s (userspace) = 2min 33.997s.
Sep 29 02:31:10 witherspoon phosphor-chassis-state-manager[1259]: Received signal that power OFF is complete
Sep 29 02:31:10 witherspoon phosphor-chassis-state-manager[1259]: Change to Chassis Power State
Sep 29 02:31:10 witherspoon phosphor-host-state-manager[1302]: Received signal that host is off
