-- Logs begin at Wed 2017-07-19 18:55:59 UTC, end at Wed 2017-07-19 19:16:18 UTC. --
Jul 19 18:55:59 witherspoon kernel: Booting Linux on physical CPU 0x0
Jul 19 18:55:59 witherspoon kernel: Linux version 4.10.17-ddfde37e4c473463072ad9e95de4d3db17dc1fb0 (jenkins@hudson) (gcc version 6.2.0 (GCC) ) #1 Wed Jul 19 18:02:34 UTC 2017
Jul 19 18:55:59 witherspoon kernel: CPU: ARMv6-compatible processor [410fb767] revision 7 (ARMv7), cr=00c5387d
Jul 19 18:55:59 witherspoon kernel: CPU: PIPT / VIPT nonaliasing data cache, VIPT nonaliasing instruction cache
Jul 19 18:55:59 witherspoon kernel: OF: fdt:Machine model: Witherspoon BMC
Jul 19 18:55:59 witherspoon kernel: Memory policy: Data cache writeback
Jul 19 18:55:59 witherspoon kernel: SOC Rev: 04030303
Jul 19 18:55:59 witherspoon kernel: On node 0 totalpages: 110592
Jul 19 18:55:59 witherspoon kernel: free_area_init_node: node 0, pgdat 805fd514, node_mem_map 9ec1a000
Jul 19 18:55:59 witherspoon kernel:   Normal zone: 992 pages used for memmap
Jul 19 18:55:59 witherspoon kernel:   Normal zone: 0 pages reserved
Jul 19 18:55:59 witherspoon kernel:   Normal zone: 110592 pages, LIFO batch:31
Jul 19 18:55:59 witherspoon kernel: pcpu-alloc: s0 r0 d32768 u32768 alloc=1*32768
Jul 19 18:55:59 witherspoon kernel: pcpu-alloc: [0] 0 
Jul 19 18:55:59 witherspoon kernel: Built 1 zonelists in Zone order, mobility grouping on.  Total pages: 109600
Jul 19 18:55:59 witherspoon kernel: Kernel command line: console=ttyS4,115200n8 root=/dev/ram rw
Jul 19 18:55:59 witherspoon kernel: PID hash table entries: 2048 (order: 1, 8192 bytes)
Jul 19 18:55:59 witherspoon kernel: Dentry cache hash table entries: 65536 (order: 6, 262144 bytes)
Jul 19 18:55:59 witherspoon kernel: Inode-cache hash table entries: 32768 (order: 5, 131072 bytes)
Jul 19 18:55:59 witherspoon kernel: Memory: 430452K/442368K available (4063K kernel code, 280K rwdata, 1188K rodata, 284K init, 111K bss, 11916K reserved, 0K cma-reserved)
Jul 19 18:55:59 witherspoon kernel: Virtual kernel memory layout:
                                        vector  : 0xffff0000 - 0xffff1000   (   4 kB)
                                        fixmap  : 0xffc00000 - 0xfff00000   (3072 kB)
                                        vmalloc : 0x9f800000 - 0xff800000   (1536 MB)
                                        lowmem  : 0x80000000 - 0x9f000000   ( 496 MB)
                                          .text : 0x80008000 - 0x803fff10   (4064 kB)
                                          .init : 0x80583000 - 0x805ca000   ( 284 kB)
                                          .data : 0x805ca000 - 0x806102a8   ( 281 kB)
                                           .bss : 0x806102a8 - 0x8062c158   ( 112 kB)
Jul 19 18:55:59 witherspoon kernel: NR_IRQS:16 nr_irqs:16 16
Jul 19 18:55:59 witherspoon kernel: i2c controller registered, irq 16
Jul 19 18:55:59 witherspoon kernel: clocksource: moxart_timer: mask: 0xffffffff max_cycles: 0xffffffff, max_idle_ns: 77222644334 ns
Jul 19 18:55:59 witherspoon kernel: sched_clock: 32 bits at 100 Hz, resolution 10000000ns, wraps every 21474836475000000ns
Jul 19 18:55:59 witherspoon kernel: Calibrating delay loop... 789.70 BogoMIPS (lpj=3948544)
Jul 19 18:55:59 witherspoon kernel: pid_max: default: 32768 minimum: 301
Jul 19 18:55:59 witherspoon kernel: Mount-cache hash table entries: 1024 (order: 0, 4096 bytes)
Jul 19 18:55:59 witherspoon kernel: Mountpoint-cache hash table entries: 1024 (order: 0, 4096 bytes)
Jul 19 18:55:59 witherspoon kernel: CPU: Testing write buffer coherency: ok
Jul 19 18:55:59 witherspoon kernel: ftrace: allocating 14932 entries in 44 pages
Jul 19 18:55:59 witherspoon kernel: Setting up static identity map for 0x80008200 - 0x8000825c
Jul 19 18:55:59 witherspoon kernel: devtmpfs: initialized
Jul 19 18:55:59 witherspoon kernel: clocksource: jiffies: mask: 0xffffffff max_cycles: 0xffffffff, max_idle_ns: 19112604462750000 ns
Jul 19 18:55:59 witherspoon kernel: futex hash table entries: 256 (order: -1, 3072 bytes)
Jul 19 18:55:59 witherspoon kernel: pinctrl core: initialized pinctrl subsystem
Jul 19 18:55:59 witherspoon kernel: NET: Registered protocol family 16
Jul 19 18:55:59 witherspoon kernel: DMA: preallocated 256 KiB pool for atomic coherent allocations
Jul 19 18:55:59 witherspoon kernel: usbcore: registered new interface driver usbfs
Jul 19 18:55:59 witherspoon kernel: usbcore: registered new interface driver hub
Jul 19 18:55:59 witherspoon kernel: usbcore: registered new device driver usb
Jul 19 18:55:59 witherspoon kernel: clocksource: Switched to clocksource moxart_timer
Jul 19 18:55:59 witherspoon kernel: NET: Registered protocol family 2
Jul 19 18:55:59 witherspoon kernel: TCP established hash table entries: 4096 (order: 2, 16384 bytes)
Jul 19 18:55:59 witherspoon kernel: TCP bind hash table entries: 4096 (order: 2, 16384 bytes)
Jul 19 18:55:59 witherspoon kernel: TCP: Hash tables configured (established 4096 bind 4096)
Jul 19 18:55:59 witherspoon kernel: UDP hash table entries: 256 (order: 0, 4096 bytes)
Jul 19 18:55:59 witherspoon kernel: UDP-Lite hash table entries: 256 (order: 0, 4096 bytes)
Jul 19 18:55:59 witherspoon kernel: NET: Registered protocol family 1
Jul 19 18:55:59 witherspoon kernel: Trying to unpack rootfs image as initramfs...
Jul 19 18:55:59 witherspoon kernel: Freeing initrd memory: 1544K
Jul 19 18:55:59 witherspoon kernel: workingset: timestamp_bits=30 max_order=17 bucket_order=0
Jul 19 18:55:59 witherspoon kernel: squashfs: version 4.0 (2009/01/31) Phillip Lougher
Jul 19 18:55:59 witherspoon kernel: jffs2: version 2.2. (SUMMARY)  © 2001-2006 Red Hat, Inc.
Jul 19 18:55:59 witherspoon kernel: Block layer SCSI generic (bsg) driver version 0.4 loaded (major 250)
Jul 19 18:55:59 witherspoon kernel: io scheduler noop registered
Jul 19 18:55:59 witherspoon kernel: io scheduler deadline registered
Jul 19 18:55:59 witherspoon kernel: io scheduler cfq registered (default)
Jul 19 18:55:59 witherspoon kernel: ipmi-bt-host 1e789140.ibt: Found bt bmc device
Jul 19 18:55:59 witherspoon kernel: ipmi-bt-host 1e789140.ibt: Using IRQ 22
Jul 19 18:55:59 witherspoon kernel: Serial: 8250/16550 driver, 6 ports, IRQ sharing enabled
Jul 19 18:55:59 witherspoon kernel: 1e783000.serial: ttyS0 at MMIO 0x1e783000 (irq = 23, base_baud = 1500000) is a 16550A
Jul 19 18:55:59 witherspoon kernel: 1e78d000.serial: ttyS1 at MMIO 0x1e78d000 (irq = 24, base_baud = 1500000) is a 16550A
Jul 19 18:55:59 witherspoon kernel: 1e784000.serial: ttyS4 at MMIO 0x1e784000 (irq = 25, base_baud = 1500000) is a 16550A
Jul 19 18:55:59 witherspoon kernel: console [ttyS4] enabled
Jul 19 18:55:59 witherspoon kernel: 1e787000.vuart: ttyS2 at MMIO 0x1e787000 (irq = 22, base_baud = 1500000) is a 16550A
Jul 19 18:55:59 witherspoon kernel: timeriomem_rng 1e6e2078.hwrng: 32bits from 0xf00e2078 @ 1us
Jul 19 18:55:59 witherspoon kernel: random: fast init done
Jul 19 18:55:59 witherspoon kernel: brd: module loaded
Jul 19 18:55:59 witherspoon kernel: loop: module loaded
Jul 19 18:55:59 witherspoon kernel: random: crng init done
Jul 19 18:55:59 witherspoon kernel: aspeed-lpc-ctrl 1e789080.lpc-ctrl: Loaded at 0x98000000 (0x04000000)
Jul 19 18:55:59 witherspoon kernel: aspeed-smc 1e620000.flash-controller: Using IRQ 18
Jul 19 18:55:59 witherspoon kernel: aspeed-smc 1e620000.flash-controller: DMA support disabled.
Jul 19 18:55:59 witherspoon kernel: aspeed-smc 1e620000.flash-controller: mx25l25635e (32768 Kbytes)
Jul 19 18:55:59 witherspoon kernel: aspeed-smc 1e620000.flash-controller: CE0 window [ 0x20000000 - 0x22000000 ] 32MB
Jul 19 18:55:59 witherspoon kernel: aspeed-smc 1e620000.flash-controller: CE1 window [ 0x22000000 - 0x2a000000 ] 128MB
Jul 19 18:55:59 witherspoon kernel: 5 ofpart partitions found on MTD device bmc
Jul 19 18:55:59 witherspoon kernel: Creating 5 MTD partitions on "bmc":
Jul 19 18:55:59 witherspoon kernel: 0x000000000000-0x000000060000 : "u-boot"
Jul 19 18:55:59 witherspoon kernel: 0x000000060000-0x000000080000 : "u-boot-env"
Jul 19 18:55:59 witherspoon kernel: 0x000000080000-0x0000004c0000 : "kernel"
Jul 19 18:55:59 witherspoon kernel: 0x0000004c0000-0x000001c00000 : "rofs"
Jul 19 18:55:59 witherspoon kernel: 0x000001c00000-0x000002000000 : "rwfs"
Jul 19 18:55:59 witherspoon kernel: aspeed-smc 1e620000.flash-controller: mx25l25635e (32768 Kbytes)
Jul 19 18:55:59 witherspoon kernel: aspeed-smc 1e620000.flash-controller: CE1 window [ 0x22000000 - 0x24000000 ] 32MB
Jul 19 18:55:59 witherspoon kernel: aspeed-smc 1e620000.flash-controller: CE2 window [ 0x24000000 - 0x2c000000 ] 128MB
Jul 19 18:55:59 witherspoon kernel: aspeed-smc 1e630000.flash-controller: mx66l1g45g (131072 Kbytes)
Jul 19 18:55:59 witherspoon kernel: aspeed-smc 1e630000.flash-controller: CE0 window resized to 120MB (AST2500 HW quirk)
Jul 19 18:55:59 witherspoon kernel: aspeed-smc 1e630000.flash-controller: CE0 window [ 0x30000000 - 0x37800000 ] 120MB
Jul 19 18:55:59 witherspoon kernel: aspeed-smc 1e630000.flash-controller: CE0 window too small for chip 128MB
Jul 19 18:55:59 witherspoon kernel: aspeed-smc 1e630000.flash-controller: CE1 window [ 0x37800000 - 0x38000000 ] 8MB
Jul 19 18:55:59 witherspoon kernel: libphy: Fixed MDIO Bus: probed
Jul 19 18:55:59 witherspoon kernel: ftgmac100 1e660000.ethernet: Read MAC address 70:e2:84:14:28:a9 from chip
Jul 19 18:55:59 witherspoon kernel: ftgmac100 1e660000.ethernet: Using NCSI interface
Jul 19 18:55:59 witherspoon kernel: ftgmac100 1e660000.ethernet eth0: irq 20, mapped at f0060000
Jul 19 18:55:59 witherspoon kernel: ehci_hcd: USB 2.0 'Enhanced' Host Controller (EHCI) Driver
Jul 19 18:55:59 witherspoon kernel: ehci-platform: EHCI generic platform driver
Jul 19 18:55:59 witherspoon kernel:  fsi0: can't read slave 00:00 -5
Jul 19 18:55:59 witherspoon kernel: i2c /dev entries driver
Jul 19 18:55:59 witherspoon kernel: aspeed-i2c-bus 1e78a0c0.i2c-bus: i2c bus 2 registered, irq 26
Jul 19 18:55:59 witherspoon kernel: aspeed-i2c-bus 1e78a100.i2c-bus: i2c bus 3 registered, irq 27
Jul 19 18:55:59 witherspoon kernel: aspeed-i2c-bus 1e78a140.i2c-bus: i2c bus 4 registered, irq 28
Jul 19 18:55:59 witherspoon kernel: aspeed-i2c-bus 1e78a180.i2c-bus: i2c bus 5 registered, irq 29
Jul 19 18:55:59 witherspoon kernel: aspeed-i2c-bus 1e78a380.i2c-bus: i2c bus 9 registered, irq 30
Jul 19 18:55:59 witherspoon kernel: aspeed-i2c-bus 1e78a3c0.i2c-bus: i2c bus 10 registered, irq 31
Jul 19 18:55:59 witherspoon kernel: rtc-rv8803 11-0032: Voltage low, temperature compensation stopped.
Jul 19 18:55:59 witherspoon kernel: rtc-rv8803 11-0032: rtc core: registered rx8900 as rtc0
Jul 19 18:55:59 witherspoon kernel: at24 11-0051: 8192 byte 24c64 EEPROM, writable, 1 bytes/write
Jul 19 18:55:59 witherspoon kernel: aspeed-i2c-bus 1e78a400.i2c-bus: i2c bus 11 registered, irq 32
Jul 19 18:55:59 witherspoon kernel: aspeed-i2c-bus 1e78a440.i2c-bus: i2c bus 12 registered, irq 33
Jul 19 18:55:59 witherspoon kernel: aspeed-i2c-bus 1e78a480.i2c-bus: i2c bus 13 registered, irq 34
Jul 19 18:55:59 witherspoon kernel: Driver for 1-wire Dallas network protocol.
Jul 19 18:55:59 witherspoon kernel: lm75 9-004a: hwmon0: sensor 'tmp275'
Jul 19 18:55:59 witherspoon kernel: ucd9000 11-0064: Device ID UCD90160|2.3.4.0000|110603
Jul 19 18:55:59 witherspoon kernel: leds-pca955x 3-0060: leds-pca955x: Using pca9552 16-bit LED driver at slave address 0x60
Jul 19 18:55:59 witherspoon kernel: leds-pca955x 11-0060: leds-pca955x: Using pca9552 16-bit LED driver at slave address 0x60
Jul 19 18:55:59 witherspoon kernel: leds-pca955x 11-0060: gpios 264...279
Jul 19 18:55:59 witherspoon kernel: usbcore: registered new interface driver usbhid
Jul 19 18:55:59 witherspoon kernel: usbhid: USB HID core driver
Jul 19 18:55:59 witherspoon kernel: bmp280: probe of 3-0077 failed with error -5
Jul 19 18:55:59 witherspoon kernel: dps310 3-0076: iio:device1: sensor 'dps310'
Jul 19 18:55:59 witherspoon kernel: NET: Registered protocol family 10
Jul 19 18:55:59 witherspoon kernel: Segment Routing with IPv6
Jul 19 18:55:59 witherspoon kernel: NET: Registered protocol family 17
Jul 19 18:55:59 witherspoon kernel: 8021q: 802.1Q VLAN Support v1.8
Jul 19 18:55:59 witherspoon kernel: console [netcon0] enabled
Jul 19 18:55:59 witherspoon kernel: netconsole: network logging started
Jul 19 18:55:59 witherspoon kernel: input: gpio-keys as /devices/platform/gpio-keys/input/input0
Jul 19 18:55:59 witherspoon kernel: rtc-rv8803 11-0032: setting system clock to 2017-07-19 18:55:42 UTC (1500490542)
Jul 19 18:55:59 witherspoon kernel: Freeing unused kernel memory: 284K
Jul 19 18:55:59 witherspoon kernel: This architecture does not have kernel memory protection.
Jul 19 18:55:59 witherspoon kernel: jffs2: notice: (525) jffs2_build_xattr_subsystem: complete building xattr subsystem, 0 of xdatum (0 unchecked, 0 orphan) and 0 of xref (0 dead, 0 orphan) found.
Jul 19 18:55:59 witherspoon systemd[1]: Failed to insert module 'autofs4': No such file or directory
Jul 19 18:55:59 witherspoon systemd[1]: systemd 232 running in system mode. (+PAM -AUDIT -SELINUX -IMA -APPARMOR -SMACK +SYSVINIT -UTMP -LIBCRYPTSETUP -GCRYPT -GNUTLS +ACL +XZ -LZ4 -SECCOMP +BLKID -ELFUTILS +KMOD -IDN)
Jul 19 18:55:59 witherspoon systemd[1]: Detected architecture arm.
Jul 19 18:55:59 witherspoon systemd[1]: Set hostname to <witherspoon>.
Jul 19 18:55:59 witherspoon systemd[1]: [/lib/systemd/system/xyz.openbmc_project.ObjectMapper.service:9] Unknown lvalue '--blacklists' in section 'Service'
Jul 19 18:55:59 witherspoon systemd[1]: Reached target Remote File Systems.
Jul 19 18:55:59 witherspoon systemd[1]: Listening on Journal Socket.
Jul 19 18:55:59 witherspoon systemd[1]: Created slice System Slice.
Jul 19 18:55:59 witherspoon systemd[1]: Created slice system-org.openbmc.control.Bmc.slice.
Jul 19 18:55:59 witherspoon systemd[1]: Created slice system-obmc\x2dled\x2dgroup\x2dstart.slice.
Jul 19 18:55:59 witherspoon systemd[1]: Created slice system-org.openbmc.control.Power.slice.
Jul 19 18:55:59 witherspoon systemd[1]: Listening on Syslog Socket.
Jul 19 18:55:59 witherspoon systemd[1]: Created slice system-mapper\x2dwait.slice.
Jul 19 18:55:59 witherspoon systemd[1]: Created slice system-obmc\x2dconsole.slice.
Jul 19 18:55:59 witherspoon systemd[1]: Listening on /dev/initctl Compatibility Named Pipe.
Jul 19 18:55:59 witherspoon systemd[1]: Mounting Temporary Directory...
Jul 19 18:55:59 witherspoon systemd[1]: Created slice system-serial\x2dgetty.slice.
Jul 19 18:55:59 witherspoon systemd[1]: Created slice system-getty.slice.
Jul 19 18:55:59 witherspoon systemd[1]: Created slice system-op\x2dreset\x2dchassis\x2don.slice.
Jul 19 18:55:59 witherspoon systemd[1]: Created slice system-phosphor\x2dreset\x2dhost\x2dcheck.slice.
Jul 19 18:55:59 witherspoon systemd[1]: Started Forward Password Requests to Wall Directory Watch.
Jul 19 18:55:59 witherspoon systemd[1]: Created slice system-phosphor\x2dreset\x2dhost\x2drunning.slice.
Jul 19 18:55:59 witherspoon systemd[1]: Reached target Slices.
Jul 19 18:55:59 witherspoon systemd[1]: Created slice system-org.openbmc.buttons.Power.slice.
Jul 19 18:55:59 witherspoon systemd[1]: Mounting Debug File System...
Jul 19 18:55:59 witherspoon systemd[1]: Starting Apply Kernel Variables...
Jul 19 18:55:59 witherspoon systemd[1]: dev-hugepages.mount: Couldn't determine result for ConditionVirtualization=!private-users, assuming failed: No such file or directory
Jul 19 18:55:59 witherspoon systemd[1]: Listening on Journal Socket (/dev/log).
Jul 19 18:55:59 witherspoon systemd[1]: Starting Journal Service...
Jul 19 18:55:59 witherspoon systemd[1]: Starting Remount Root and Kernel File Systems...
Jul 19 18:55:59 witherspoon systemd[1]: Mounted Debug File System.
Jul 19 18:55:59 witherspoon systemd-journald[651]: Journal started
Jul 19 18:55:59 witherspoon systemd-journald[651]: Runtime journal (/run/log/journal/12c6a00ebfdd479284cf09f39d1bc042) is 0B, max 0B, 0B free.
Jul 19 18:55:59 witherspoon systemd-sysctl[648]: Couldn't write '16' to 'kernel/sysrq', ignoring: No such file or directory
Jul 19 18:55:59 witherspoon systemd-sysctl[648]: Couldn't write 'fq_codel' to 'net/core/default_qdisc', ignoring: No such file or directory
Jul 19 18:56:01 witherspoon systemd[1]: Started Apply Kernel Variables.
Jul 19 18:56:01 witherspoon systemd[1]: Started Remount Root and Kernel File Systems.
Jul 19 18:56:01 witherspoon systemd[1]: Starting Create System Users...
Jul 19 18:56:01 witherspoon systemd[1]: Starting Flush Journal to Persistent Storage...
Jul 19 18:56:02 witherspoon systemd[1]: Started udev Coldplug all Devices.
Jul 19 18:56:02 witherspoon systemd[1]: Started Create System Users.
Jul 19 18:56:02 witherspoon systemd-journald[651]: Runtime journal (/run/log/journal/12c6a00ebfdd479284cf09f39d1bc042) is 0B, max 0B, 0B free.
Jul 19 18:56:02 witherspoon systemd[1]: Started Flush Journal to Persistent Storage.
Jul 19 18:56:02 witherspoon systemd[1]: Starting Create Static Device Nodes in /dev...
Jul 19 18:56:02 witherspoon systemd[1]: Started Create Static Device Nodes in /dev.
Jul 19 18:56:02 witherspoon systemd[1]: Reached target Local File Systems (Pre).
Jul 19 18:56:02 witherspoon systemd[1]: Mounting /var/volatile...
Jul 19 18:56:03 witherspoon systemd[1]: Starting udev Kernel Device Manager...
Jul 19 18:56:03 witherspoon systemd[1]: Mounted /var/volatile.
Jul 19 18:56:03 witherspoon systemd[1]: Starting Load/Save Random Seed...
Jul 19 18:56:03 witherspoon systemd[1]: Reached target Local File Systems.
Jul 19 18:56:03 witherspoon systemd[1]: Starting Rebuild Journal Catalog...
Jul 19 18:56:03 witherspoon systemd[1]: Starting Create Volatile Files and Directories...
Jul 19 18:56:03 witherspoon systemd[1]: Started Load/Save Random Seed.
Jul 19 18:56:03 witherspoon systemd-tmpfiles[894]: "/var/tmp" already exists and is not a directory.
Jul 19 18:56:03 witherspoon systemd-tmpfiles[894]: "/var/log" already exists and is not a directory.
Jul 19 18:56:03 witherspoon systemd[1]: Started Create Volatile Files and Directories.
Jul 19 18:56:03 witherspoon systemd[1]: Started Rebuild Journal Catalog.
Jul 19 18:56:03 witherspoon systemd[1]: Starting Update is Completed...
Jul 19 18:56:03 witherspoon systemd[1]: Starting Run pending postinsts...
Jul 19 18:56:03 witherspoon systemd[1]: Starting Network Time Synchronization...
Jul 19 18:56:04 witherspoon systemd[1]: Started Update is Completed.
Jul 19 18:56:04 witherspoon systemd[1]: Started Network Time Synchronization.
Jul 19 18:56:04 witherspoon systemd[1]: Reached target System Time Synchronized.
Jul 19 18:56:04 witherspoon run-postinsts[899]: Running postinst /etc/rpm-postinsts/libglib-2.0-0...
Jul 19 18:56:04 witherspoon systemd[1]: Started udev Kernel Device Manager.
Jul 19 18:56:06 witherspoon systemd[1]: Found device /dev/aspeed-lpc-ctrl.
Jul 19 18:56:06 witherspoon systemd[1]: Found device /dev/aspeed-mbox.
Jul 19 18:56:06 witherspoon systemd[1]: Found device /dev/ttyS4.
Jul 19 18:56:06 witherspoon systemd[1]: Found device /dev/ttyVUART0.
Jul 19 18:56:07 witherspoon systemd[1]: Created slice system-xyz.openbmc_project.led.controller.slice.
Jul 19 18:56:07 witherspoon systemd[1]: dev-hugepages.mount: Couldn't determine result for ConditionVirtualization=!private-users, assuming failed: No such file or directory
Jul 19 18:56:07 witherspoon systemd[1]: Created slice system-xyz.openbmc_project.Hwmon.slice.
Jul 19 18:56:08 witherspoon run-postinsts[899]: rm: can't remove '/etc/rpm-postinsts': Invalid argument
Jul 19 18:56:08 witherspoon run-postinsts[899]:  Removing any system startup links for run-postinsts ...
Jul 19 18:56:08 witherspoon systemctl[931]: Removed /etc/systemd/system/sysinit.target.wants/run-postinsts.service.
Jul 19 18:56:08 witherspoon systemd[1]: Reloading.
Jul 19 18:56:10 witherspoon systemd[1]: [/lib/systemd/system/xyz.openbmc_project.ObjectMapper.service:9] Unknown lvalue '--blacklists' in section 'Service'
Jul 19 18:56:10 witherspoon systemd[1]: Started Run pending postinsts.
Jul 19 18:56:11 witherspoon systemd[1]: Reached target System Initialization.
Jul 19 18:56:11 witherspoon systemd[1]: Listening on Phosphor Host Console SSH Per-Connection socket.
Jul 19 18:56:11 witherspoon systemd[1]: Listening on Phosphor Webserver socket.
Jul 19 18:56:11 witherspoon systemd[1]: Listening on Avahi mDNS/DNS-SD Stack Activation Socket.
Jul 19 18:56:11 witherspoon systemd[1]: Listening on phosphor-ipmi-net.socket.
Jul 19 18:56:11 witherspoon systemd[1]: Started Daily Cleanup of Temporary Directories.
Jul 19 18:56:11 witherspoon systemd[1]: Reached target Timers.
Jul 19 18:56:11 witherspoon systemd[1]: Listening on Phosphor DBUS Browser socket.
Jul 19 18:56:11 witherspoon systemd[1]: Listening on dropbear.socket.
Jul 19 18:56:11 witherspoon systemd[1]: Listening on D-Bus System Message Bus Socket.
Jul 19 18:56:11 witherspoon systemd[1]: Reached target Sockets.
Jul 19 18:56:11 witherspoon systemd[1]: Reached target Basic System.
Jul 19 18:56:11 witherspoon systemd[1]: Started Phosphor sysfs LED controller.
Jul 19 18:56:11 witherspoon systemd[1]: Started Phosphor sysfs LED controller.
Jul 19 18:56:11 witherspoon systemd[1]: Starting Clear one time boot overrides...
Jul 19 18:56:11 witherspoon systemd[1]: Started Kernel Logging Service.
Jul 19 18:56:11 witherspoon systemd[1]: Started Phosphor MBOX Daemon.
Jul 19 18:56:11 witherspoon systemd[1]: Started Hardware RNG Entropy Gatherer Daemon.
Jul 19 18:56:11 witherspoon systemd[1]: Started Phosphor sysfs LED controller.
Jul 19 18:56:12 witherspoon systemd[1]: Starting Phosphor Log Manager...
Jul 19 18:56:12 witherspoon systemd[1]: Started Phosphor sysfs LED controller.
Jul 19 18:56:12 witherspoon systemd[1]: Started Phosphor sysfs LED controller.
Jul 19 18:56:12 witherspoon systemd[1]: Started Phosphor Hwmon Poller.
Jul 19 18:56:12 witherspoon systemd[1]: Started System Logging Service.
Jul 19 18:56:12 witherspoon systemd[1]: Started Phosphor Hwmon Poller.
Jul 19 18:56:12 witherspoon systemd[1]: Reached target Containers.
Jul 19 18:56:12 witherspoon systemd[1]: Starting Phosphor Dump Manager...
Jul 19 18:56:12 witherspoon systemd[1]: Starting OpenPower Software Update Manager...
Jul 19 18:56:12 witherspoon systemd[1]: Starting Phosphor Download Manager...
Jul 19 18:56:12 witherspoon systemd[1]: Starting Phosphor DBus Service Discovery Manager...
Jul 19 18:56:12 witherspoon systemd[1]: Started Phosphor sysfs LED controller.
Jul 19 18:56:12 witherspoon systemd[1]: Starting Avahi mDNS/DNS-SD Stack...
Jul 19 18:56:12 witherspoon systemd[1]: Started Phosphor Console Muxer listening on device /dev/ttyVUART0.
Jul 19 18:56:12 witherspoon systemd[1]: Started Phosphor sysfs LED controller.
Jul 19 18:56:12 witherspoon systemd[1]: Starting Phosphor Network Manager...
Jul 19 18:56:12 witherspoon systemd[1]: Started Phosphor sysfs LED controller.
Jul 19 18:56:12 witherspoon systemd[1]: Started Phosphor Dump core monitor..
Jul 19 18:56:12 witherspoon systemd[1]: Starting Phosphor User Manager...
Jul 19 18:56:12 witherspoon kernel[946]: klogd started: BusyBox v1.24.1 (2017-06-16 19:26:49 UTC)
Jul 19 18:56:12 witherspoon kernel[946]: [    0.000000] Booting Linux on physical CPU 0x0
Jul 19 18:56:12 witherspoon kernel[946]: [    0.000000] Linux version 4.10.17-ddfde37e4c473463072ad9e95de4d3db17dc1fb0 (jenkins@hudson) (gcc version 6.2.0 (GCC) ) #1 Wed Jul 19 18:02:34 UTC 2017
Jul 19 18:56:12 witherspoon kernel[946]: [    0.000000] CPU: ARMv6-compatible processor [410fb767] revision 7 (ARMv7), cr=00c5387d
Jul 19 18:56:12 witherspoon kernel[946]: [    0.000000] CPU: PIPT / VIPT nonaliasing data cache, VIPT nonaliasing instruction cache
Jul 19 18:56:12 witherspoon kernel[946]: [    0.000000] OF: fdt:Machine model: Witherspoon BMC
Jul 19 18:56:12 witherspoon kernel[946]: [    0.000000] Memory policy: Data cache writeback
Jul 19 18:56:12 witherspoon kernel[946]: [    0.000000] SOC Rev: 04030303
Jul 19 18:56:12 witherspoon kernel[946]: [    0.000000] On node 0 totalpages: 110592
Jul 19 18:56:12 witherspoon kernel[946]: [    0.000000] free_area_init_node: node 0, pgdat 805fd514, node_mem_map 9ec1a000
Jul 19 18:56:12 witherspoon kernel[946]: [    0.000000]   Normal zone: 992 pages used for memmap
Jul 19 18:56:12 witherspoon kernel[946]: [    0.000000]   Normal zone: 0 pages reserved
Jul 19 18:56:12 witherspoon kernel[946]: [    0.000000]   Normal zone: 110592 pages, LIFO batch:31
Jul 19 18:56:13 witherspoon systemd[1]: Started Phosphor Hwmon Poller.
Jul 19 18:56:12 witherspoon kernel[946]: [    0.000000] pcpu-alloc: s0 r0 d32768 u32768 alloc=1*32768
Jul 19 18:56:13 witherspoon systemd[1]: Started Phosphor sysfs LED controller.
Jul 19 18:56:12 witherspoon kernel[946]: [    0.000000] pcpu-alloc: [0] 0
Jul 19 18:56:12 witherspoon kernel[946]: [    0.000000] Built 1 zonelists in Zone order, mobility grouping on.  Total pages: 109600
Jul 19 18:56:12 witherspoon kernel[946]: [    0.000000] Kernel command line: console=ttyS4,115200n8 root=/dev/ram rw
Jul 19 18:56:12 witherspoon kernel[946]: [    0.000000] PID hash table entries: 2048 (order: 1, 8192 bytes)
Jul 19 18:56:12 witherspoon kernel[946]: [    0.000000] Dentry cache hash table entries: 65536 (order: 6, 262144 bytes)
Jul 19 18:56:12 witherspoon kernel[946]: [    0.000000] Inode-cache hash table entries: 32768 (order: 5, 131072 bytes)
Jul 19 18:56:12 witherspoon kernel[946]: [    0.000000] Memory: 430452K/442368K available (4063K kernel code, 280K rwdata, 1188K rodata, 284K init, 111K bss, 11916K reserved, 0K cma-reserved)
Jul 19 18:56:12 witherspoon kernel[946]: [    0.000000] Virtual kernel memory layout:
Jul 19 18:56:12 witherspoon kernel[946]: [    0.000000]     vector  : 0xffff0000 - 0xffff1000   (   4 kB)
Jul 19 18:56:13 witherspoon kernel[946]: [    0.000000]     fixmap  : 0xffc00000 - 0xfff00000   (3072 kB)
Jul 19 18:56:13 witherspoon kernel[946]: [    0.000000]     vmalloc : 0x9f800000 - 0xff800000   (1536 MB)
Jul 19 18:56:15 witherspoon systemd[1]: Started Phosphor Hwmon Poller.
Jul 19 18:56:13 witherspoon kernel[946]: [    0.000000]     lowmem  : 0x80000000 - 0x9f000000   ( 496 MB)
Jul 19 18:56:15 witherspoon systemd[1]: Starting Phosphor Download Manager...
Jul 19 18:56:13 witherspoon kernel[946]: [    0.000000]       .text : 0x80008000 - 0x803fff10   (4064 kB)
Jul 19 18:56:15 witherspoon systemd[1]: Started Phosphor Hwmon Poller.
Jul 19 18:56:13 witherspoon kernel[946]: [    0.000000]       .init : 0x80583000 - 0x805ca000   ( 284 kB)
Jul 19 18:56:15 witherspoon systemd[1]: Started Phosphor Hwmon Poller.
Jul 19 18:56:13 witherspoon kernel[946]: [    0.000000]       .data : 0x805ca000 - 0x806102a8   ( 281 kB)
Jul 19 18:56:15 witherspoon systemd[1]: Starting Phosphor Sensor Manager...
Jul 19 18:56:13 witherspoon kernel[946]: [    0.000000]        .bss : 0x806102a8 - 0x8062c158   ( 112 kB)
Jul 19 18:56:15 witherspoon systemd[1]: Starting Phosphor Network Manager...
Jul 19 18:56:13 witherspoon kernel[946]: [    0.000000] NR_IRQS:16 nr_irqs:16 16
Jul 19 18:56:15 witherspoon systemd[1]: Starting Phosphor LED Group Management Daemon...
Jul 19 18:56:13 witherspoon kernel[946]: [    0.000000] i2c controller registered, irq 16
Jul 19 18:56:15 witherspoon systemd[1]: Started Phosphor sysfs LED controller.
Jul 19 18:56:13 witherspoon kernel[946]: [    0.000000] clocksource: moxart_timer: mask: 0xffffffff max_cycles: 0xffffffff, max_idle_ns: 77222644334 ns
Jul 19 18:56:15 witherspoon systemd[1]: Starting OpenBMC Software Update Manager...
Jul 19 18:56:13 witherspoon kernel[946]: [    0.000000] sched_clock: 32 bits at 100 Hz, resolution 10000000ns, wraps every 21474836475000000ns
Jul 19 18:56:15 witherspoon systemd[1]: Starting Phosphor Inventory Manager...
Jul 19 18:56:13 witherspoon kernel[946]: [    0.090000] Calibrating delay loop... 789.70 BogoMIPS (lpj=3948544)
Jul 19 18:56:15 witherspoon systemd[1]: Starting Phosphor Chassis0 Control...
Jul 19 18:56:13 witherspoon kernel[946]: [    0.090000] pid_max: default: 32768 minimum: 301
Jul 19 18:56:15 witherspoon systemd[1]: Starting Phosphor BMC0 Control...
Jul 19 18:56:13 witherspoon kernel[946]: [    0.090000] Mount-cache hash table entries: 1024 (order: 0, 4096 bytes)
Jul 19 18:56:15 witherspoon systemd[1]: Started D-Bus System Message Bus.
Jul 19 18:56:13 witherspoon kernel[946]: [    0.090000] Mountpoint-cache hash table entries: 1024 (order: 0, 4096 bytes)
Jul 19 18:56:13 witherspoon kernel[946]: [    0.090000] CPU: Testing write buffer coherency: ok
Jul 19 18:56:13 witherspoon kernel[946]: [    0.090000] ftrace: allocating 14932 entries in 44 pages
Jul 19 18:56:13 witherspoon kernel[946]: [    0.120000] Setting up static identity map for 0x80008200 - 0x8000825c
Jul 19 18:56:13 witherspoon kernel[946]: [    0.120000] devtmpfs: initialized
Jul 19 18:56:18 witherspoon phosphor-hwmon-readd[954]: Usage: /usr/sbin/phosphor-hwmon-readd [options]
Jul 19 18:56:18 witherspoon phosphor-hwmon-readd[954]: Options:
Jul 19 18:56:18 witherspoon phosphor-hwmon-readd[954]:     --help               print this menu
Jul 19 18:56:18 witherspoon phosphor-hwmon-readd[954]:     --path=<path>        sysfs location to monitor
Jul 19 18:56:18 witherspoon phosphor-hwmon-readd[954]:     --of-name=<path>     open firmware device name to monitor
Jul 19 18:56:18 witherspoon phosphor-hwmon-readd[954]: ERROR: Path not specified or invalid.
Jul 19 18:56:13 witherspoon kernel[946]: [    0.140000] clocksource: jiffies: mask: 0xffffffff max_cycles: 0xffffffff, max_idle_ns: 19112604462750000 ns
Jul 19 18:56:13 witherspoon kernel[946]: [    0.140000] futex hash table entries: 256 (order: -1, 3072 bytes)
Jul 19 18:56:13 witherspoon kernel[946]: [    0.140000] pinctrl core: initialized pinctrl subsystem
Jul 19 18:56:13 witherspoon kernel[946]: [    0.140000] NET: Registered protocol family 16
Jul 19 18:56:13 witherspoon kernel[946]: [    0.140000] DMA: preallocated 256 KiB pool for atomic coherent allocations
Jul 19 18:56:13 witherspoon kernel[946]: [    0.210000] usbcore: registered new interface driver usbfs
Jul 19 18:56:13 witherspoon kernel[946]: [    0.210000] usbcore: registered new interface driver hub
Jul 19 18:56:13 witherspoon kernel[946]: [    0.210000] usbcore: registered new device driver usb
Jul 19 18:56:13 witherspoon kernel[946]: [    0.220000] clocksource: Switched to clocksource moxart_timer
Jul 19 18:56:13 witherspoon kernel[946]: [    0.240000] NET: Registered protocol family 2
Jul 19 18:56:13 witherspoon kernel[946]: [    0.240000] TCP established hash table entries: 4096 (order: 2, 16384 bytes)
Jul 19 18:56:13 witherspoon kernel[946]: [    0.240000] TCP bind hash table entries: 4096 (order: 2, 16384 bytes)
Jul 19 18:56:13 witherspoon kernel[946]: [    0.240000] TCP: Hash tables configured (established 4096 bind 4096)
Jul 19 18:56:13 witherspoon kernel[946]: [    0.240000] UDP hash table entries: 256 (order: 0, 4096 bytes)
Jul 19 18:56:13 witherspoon kernel[946]: [    0.240000] UDP-Lite hash table entries: 256 (order: 0, 4096 bytes)
Jul 19 18:56:13 witherspoon kernel[946]: [    0.240000] NET: Registered protocol family 1
Jul 19 18:56:13 witherspoon kernel[946]: [    0.240000] Trying to unpack rootfs image as initramfs...
Jul 19 18:56:13 witherspoon kernel[946]: [    1.910000] Freeing initrd memory: 1544K
Jul 19 18:56:13 witherspoon kernel[946]: [    1.910000] workingset: timestamp_bits=30 max_order=17 bucket_order=0
Jul 19 18:56:13 witherspoon kernel[946]: [    1.910000] squashfs: version 4.0 (2009/01/31) Phillip Lougher
Jul 19 18:56:13 witherspoon kernel[946]: [    1.910000] jffs2: version 2.2. (SUMMARY)  © 2001-2006 Red Hat, Inc.
Jul 19 18:56:13 witherspoon kernel[946]: [    1.910000] Block layer SCSI generic (bsg) driver version 0.4 loaded (major 250)
Jul 19 18:56:13 witherspoon kernel[946]: [    1.910000] io scheduler noop registered
Jul 19 18:56:13 witherspoon kernel[946]: [    1.910000] io scheduler deadline registered
Jul 19 18:56:13 witherspoon kernel[946]: [    1.910000] io scheduler cfq registered (default)
Jul 19 18:56:13 witherspoon kernel[946]: [    2.060000] ipmi-bt-host 1e789140.ibt: Found bt bmc device
Jul 19 18:56:13 witherspoon kernel[946]: [    2.060000] ipmi-bt-host 1e789140.ibt: Using IRQ 22
Jul 19 18:56:13 witherspoon kernel[946]: [    2.060000] Serial: 8250/16550 driver, 6 ports, IRQ sharing enabled
Jul 19 18:56:13 witherspoon kernel[946]: [    2.060000] 1e783000.serial: ttyS0 at MMIO 0x1e783000 (irq = 23, base_baud = 1500000) is a 16550A
Jul 19 18:56:13 witherspoon kernel[946]: [    2.060000] 1e78d000.serial: ttyS1 at MMIO 0x1e78d000 (irq = 24, base_baud = 1500000) is a 16550A
Jul 19 18:56:13 witherspoon kernel[946]: [    2.060000] 1e784000.serial: ttyS4 at MMIO 0x1e784000 (irq = 25, base_baud = 1500000) is a 16550A
Jul 19 18:56:13 witherspoon kernel[946]: [    2.410000] console [ttyS4] enabled
Jul 19 18:56:13 witherspoon kernel[946]: [    2.410000] 1e787000.vuart: ttyS2 at MMIO 0x1e787000 (irq = 22, base_baud = 1500000) is a 16550A
Jul 19 18:56:13 witherspoon kernel[946]: [    2.600000] timeriomem_rng 1e6e2078.hwrng: 32bits from 0xf00e2078 @ 1us
Jul 19 18:56:13 witherspoon kernel[946]: [    2.620000] random: fast init done
Jul 19 18:56:13 witherspoon kernel[946]: [    2.650000] brd: module loaded
Jul 19 18:56:13 witherspoon kernel[946]: [    2.670000] loop: module loaded
Jul 19 18:56:13 witherspoon kernel[946]: [    2.680000] random: crng init done
Jul 19 18:56:13 witherspoon kernel[946]: [    2.680000] aspeed-lpc-ctrl 1e789080.lpc-ctrl: Loaded at 0x98000000 (0x04000000)
Jul 19 18:56:13 witherspoon kernel[946]: [    2.690000] aspeed-smc 1e620000.flash-controller: Using IRQ 18
Jul 19 18:56:13 witherspoon kernel[946]: [    2.690000] aspeed-smc 1e620000.flash-controller: DMA support disabled.
Jul 19 18:56:13 witherspoon kernel[946]: [    2.710000] aspeed-smc 1e620000.flash-controller: mx25l25635e (32768 Kbytes)
Jul 19 18:56:13 witherspoon kernel[946]: [    2.710000] aspeed-smc 1e620000.flash-controller: CE0 window [ 0x20000000 - 0x22000000 ] 32MB
Jul 19 18:56:13 witherspoon kernel[946]: [    2.710000] aspeed-smc 1e620000.flash-controller: CE1 window [ 0x22000000 - 0x2a000000 ] 128MB
Jul 19 18:56:13 witherspoon kernel[946]: [    2.730000] 5 ofpart partitions found on MTD device bmc
Jul 19 18:56:13 witherspoon kernel[946]: [    2.730000] Creating 5 MTD partitions on "bmc":
Jul 19 18:56:13 witherspoon kernel[946]: [    2.730000] 0x000000000000-0x000000060000 : "u-boot"
Jul 19 18:56:13 witherspoon kernel[946]: [    2.730000] 0x000000060000-0x000000080000 : "u-boot-env"
Jul 19 18:56:13 witherspoon kernel[946]: [    2.770000] 0x000000080000-0x0000004c0000 : "kernel"
Jul 19 18:56:13 witherspoon kernel[946]: [    2.770000] 0x0000004c0000-0x000001c00000 : "rofs"
Jul 19 18:56:13 witherspoon kernel[946]: [    2.790000] 0x000001c00000-0x000002000000 : "rwfs"
Jul 19 18:56:13 witherspoon kernel[946]: [    2.790000] aspeed-smc 1e620000.flash-controller: mx25l25635e (32768 Kbytes)
Jul 19 18:56:13 witherspoon kernel[946]: [    2.800000] aspeed-smc 1e620000.flash-controller: CE1 window [ 0x22000000 - 0x24000000 ] 32MB
Jul 19 18:56:13 witherspoon kernel[946]: [    2.800000] aspeed-smc 1e620000.flash-controller: CE2 window [ 0x24000000 - 0x2c000000 ] 128MB
Jul 19 18:56:13 witherspoon kernel[946]: [    2.830000] aspeed-smc 1e630000.flash-controller: mx66l1g45g (131072 Kbytes)
Jul 19 18:56:13 witherspoon kernel[946]: [    2.830000] aspeed-smc 1e630000.flash-controller: CE0 window resized to 120MB (AST2500 HW quirk)
Jul 19 18:56:13 witherspoon kernel[946]: [    2.840000] aspeed-smc 1e630000.flash-controller: CE0 window [ 0x30000000 - 0x37800000 ] 120MB
Jul 19 18:56:13 witherspoon kernel[946]: [    2.840000] aspeed-smc 1e630000.flash-controller: CE0 window too small for chip 128MB
Jul 19 18:56:13 witherspoon kernel[946]: [    2.840000] aspeed-smc 1e630000.flash-controller: CE1 window [ 0x37800000 - 0x38000000 ] 8MB
Jul 19 18:56:13 witherspoon kernel[946]: [    3.590000] libphy: Fixed MDIO Bus: probed
Jul 19 18:56:13 witherspoon kernel[946]: [    3.590000] ftgmac100 1e660000.ethernet: Read MAC address 70:e2:84:14:28:a9 from chip
Jul 19 18:56:13 witherspoon kernel[946]: [    3.590000] ftgmac100 1e660000.ethernet: Using NCSI interface
Jul 19 18:56:13 witherspoon kernel[946]: [    3.590000] ftgmac100 1e660000.ethernet eth0: irq 20, mapped at f0060000
Jul 19 18:56:13 witherspoon kernel[946]: [    3.590000] ehci_hcd: USB 2.0 'Enhanced' Host Controller (EHCI) Driver
Jul 19 18:56:13 witherspoon kernel[946]: [    3.590000] ehci-platform: EHCI generic platform driver
Jul 19 18:56:13 witherspoon kernel[946]: [    3.830000]  fsi0: can't read slave 00:00 -5
Jul 19 18:56:13 witherspoon kernel[946]: [    3.830000] i2c /dev entries driver
Jul 19 18:56:13 witherspoon kernel[946]: [    3.830000] aspeed-i2c-bus 1e78a0c0.i2c-bus: i2c bus 2 registered, irq 26
Jul 19 18:56:13 witherspoon kernel[946]: [    3.830000] aspeed-i2c-bus 1e78a100.i2c-bus: i2c bus 3 registered, irq 27
Jul 19 18:56:13 witherspoon kernel[946]: [    3.830000] aspeed-i2c-bus 1e78a140.i2c-bus: i2c bus 4 registered, irq 28
Jul 19 18:56:13 witherspoon kernel[946]: [    3.830000] aspeed-i2c-bus 1e78a180.i2c-bus: i2c bus 5 registered, irq 29
Jul 19 18:56:13 witherspoon kernel[946]: [    3.830000] aspeed-i2c-bus 1e78a380.i2c-bus: i2c bus 9 registered, irq 30
Jul 19 18:56:13 witherspoon kernel[946]: [    3.830000] aspeed-i2c-bus 1e78a3c0.i2c-bus: i2c bus 10 registered, irq 31
Jul 19 18:56:13 witherspoon kernel[946]: [    3.830000] rtc-rv8803 11-0032: Voltage low, temperature compensation stopped.
Jul 19 18:56:13 witherspoon kernel[946]: [    3.930000] rtc-rv8803 11-0032: rtc core: registered rx8900 as rtc0
Jul 19 18:56:13 witherspoon kernel[946]: [    3.940000] at24 11-0051: 8192 byte 24c64 EEPROM, writable, 1 bytes/write
Jul 19 18:56:13 witherspoon kernel[946]: [    3.940000] aspeed-i2c-bus 1e78a400.i2c-bus: i2c bus 11 registered, irq 32
Jul 19 18:56:13 witherspoon kernel[946]: [    3.940000] aspeed-i2c-bus 1e78a440.i2c-bus: i2c bus 12 registered, irq 33
Jul 19 18:56:13 witherspoon kernel[946]: [    3.940000] aspeed-i2c-bus 1e78a480.i2c-bus: i2c bus 13 registered, irq 34
Jul 19 18:56:13 witherspoon kernel[946]: [    3.940000] Driver for 1-wire Dallas network protocol.
Jul 19 18:56:13 witherspoon kernel[946]: [    3.940000] lm75 9-004a: hwmon0: sensor 'tmp275'
Jul 19 18:56:13 witherspoon kernel[946]: [    4.420000] ucd9000 11-0064: Device ID UCD90160|2.3.4.0000|110603
Jul 19 18:56:13 witherspoon kernel[946]: [    4.750000] leds-pca955x 3-0060: leds-pca955x: Using pca9552 16-bit LED driver at slave address 0x60
Jul 19 18:56:13 witherspoon kernel[946]: [    4.770000] leds-pca955x 11-0060: leds-pca955x: Using pca9552 16-bit LED driver at slave address 0x60
Jul 19 18:56:13 witherspoon kernel[946]: [    4.780000] leds-pca955x 11-0060: gpios 264...279
Jul 19 18:56:13 witherspoon kernel[946]: [    4.790000] usbcore: registered new interface driver usbhid
Jul 19 18:56:13 witherspoon kernel[946]: [    4.790000] usbhid: USB HID core driver
Jul 19 18:56:13 witherspoon kernel[946]: [    4.810000] bmp280: probe of 3-0077 failed with error -5
Jul 19 18:56:13 witherspoon kernel[946]: [    4.820000] dps310 3-0076: iio:device1: sensor 'dps310'
Jul 19 18:56:13 witherspoon kernel[946]: [    4.830000] NET: Registered protocol family 10
Jul 19 18:56:13 witherspoon kernel[946]: [    4.830000] Segment Routing with IPv6
Jul 19 18:56:13 witherspoon kernel[946]: [    4.830000] NET: Registered protocol family 17
Jul 19 18:56:13 witherspoon kernel[946]: [    4.830000] 8021q: 802.1Q VLAN Support v1.8
Jul 19 18:56:13 witherspoon kernel[946]: [    4.850000] console [netcon0] enabled
Jul 19 18:56:13 witherspoon kernel[946]: [    4.850000] netconsole: network logging started
Jul 19 18:56:13 witherspoon kernel[946]: [    4.850000] input: gpio-keys as /devices/platform/gpio-keys/input/input0
Jul 19 18:56:13 witherspoon kernel[946]: [    4.850000] rtc-rv8803 11-0032: setting system clock to 2017-07-19 18:55:42 UTC (1500490542)
Jul 19 18:56:13 witherspoon kernel[946]: [    4.850000] Freeing unused kernel memory: 284K
Jul 19 18:56:13 witherspoon kernel[946]: [    4.850000] This architecture does not have kernel memory protection.
Jul 19 18:56:13 witherspoon kernel[946]: [    6.520000] jffs2: notice: (525) jffs2_build_xattr_subsystem: complete building xattr subsystem, 0 of xdatum (0 unchecked, 0 orphan) and 0 of xref (0 dead, 0 orphan) found.
Jul 19 18:56:13 witherspoon kernel[946]: [    8.630000] systemd[1]: Failed to insert module 'autofs4': No such file or directory
Jul 19 18:56:13 witherspoon kernel[946]: [    8.830000] systemd[1]: systemd 232 running in system mode. (+PAM -AUDIT -SELINUX -IMA -APPARMOR -SMACK +SYSVINIT -UTMP -LIBCRYPTSETUP -GCRYPT -GNUTLS +ACL +XZ -LZ4 -SECCOMP +BLKID -ELFUTILS +KMOD -IDN)
Jul 19 18:56:13 witherspoon kernel[946]: [    8.830000] systemd[1]: Detected architecture arm.
Jul 19 18:56:13 witherspoon kernel[946]: [    9.030000] systemd[1]: Set hostname to <witherspoon>.
Jul 19 18:56:13 witherspoon kernel[946]: [   11.250000] systemd[1]: [/lib/systemd/system/xyz.openbmc_project.ObjectMapper.service:9] Unknown lvalue '--blacklists' in section 'Service'
Jul 19 18:56:22 witherspoon systemd[1]: Started Avahi mDNS/DNS-SD Stack.
Jul 19 18:56:13 witherspoon kernel[946]: [   11.430000] systemd[1]: Reached target Remote File Systems.
Jul 19 18:56:13 witherspoon kernel[946]: [   11.610000] systemd[1]: Listening on Journal Socket.
Jul 19 18:56:13 witherspoon kernel[946]: [   11.800000] systemd[1]: Created slice System Slice.
Jul 19 18:56:13 witherspoon kernel[946]: [   12.000000] systemd[1]: Created slice system-org.openbmc.control.Bmc.slice.
Jul 19 18:56:13 witherspoon kernel[946]: [   12.200000] systemd[1]: Created slice system-obmc\x2dled\x2dgroup\x2dstart.slice.
Jul 19 18:56:13 witherspoon kernel[946]: [   12.410000] systemd[1]: Created slice system-org.openbmc.control.Power.slice.
Jul 19 18:56:13 witherspoon kernel[946]: [   14.070000] systemd[1]: Listening on Syslog Socket.
Jul 19 18:56:13 witherspoon kernel[946]: [   14.330000] systemd[1]: Created slice system-mapper\x2dwait.slice.
Jul 19 18:56:13 witherspoon kernel[946]: [   14.600000] systemd[1]: Created slice system-obmc\x2dconsole.slice.
Jul 19 18:56:13 witherspoon kernel[946]: [   14.880000] systemd[1]: Listening on /dev/initctl Compatibility Named Pipe.
Jul 19 18:56:13 witherspoon kernel[946]: [   15.160000] systemd[1]: Mounting Temporary Directory...
Jul 19 18:56:13 witherspoon kernel[946]: [   15.450000] systemd[1]: Created slice system-serial\x2dgetty.slice.
Jul 19 18:56:13 witherspoon kernel[946]: [   15.750000] systemd[1]: Created slice system-getty.slice.
Jul 19 18:56:13 witherspoon kernel[946]: [   16.050000] systemd[1]: Created slice system-op\x2dreset\x2dchassis\x2don.slice.
Jul 19 18:56:13 witherspoon kernel[946]: [   16.360000] systemd[1]: Created slice system-phosphor\x2dreset\x2dhost\x2dcheck.slice.
Jul 19 18:56:13 witherspoon kernel[946]: [   16.680000] systemd[1]: Started Forward Password Requests to Wall Directory Watch.
Jul 19 18:56:13 witherspoon kernel[946]: [   19.080000] systemd[1]: Created slice system-phosphor\x2dreset\x2dhost\x2drunning.slice.
Jul 19 18:56:13 witherspoon kernel[946]: [   19.450000] systemd[1]: Reached target Slices.
Jul 19 18:56:13 witherspoon kernel[946]: [   19.830000] systemd[1]: Created slice system-org.openbmc.buttons.Power.slice.
Jul 19 18:56:13 witherspoon kernel[946]: [   20.210000] systemd[1]: Mounting Debug File System...
Jul 19 18:56:13 witherspoon kernel[946]: [   20.600000] systemd[1]: Starting Apply Kernel Variables...
Jul 19 18:56:13 witherspoon kernel[946]: [   21.000000] systemd[1]: dev-hugepages.mount: Couldn't determine result for ConditionVirtualization=!private-users, assuming failed: No such file or directory
Jul 19 18:56:13 witherspoon kernel[946]: [   21.000000] systemd[1]: Listening on Journal Socket (/dev/log).
Jul 19 18:56:13 witherspoon kernel[946]: [   21.400000] systemd[1]: Starting Journal Service...
Jul 19 18:56:13 witherspoon kernel[946]: [   21.810000] systemd[1]: Starting Remount Root and Kernel File Systems...
Jul 19 18:56:13 witherspoon kernel[946]: [   22.230000] systemd[1]: Mounted Debug File System.
Jul 19 18:56:13 witherspoon kernel[946]: [   24.920000] systemd-journald[651]: Received request to flush runtime journal from PID 1
Jul 19 18:56:19 witherspoon avahi-daemon[962]: Found user 'avahi' (UID 998) and group 'avahi' (GID 999).
Jul 19 18:56:19 witherspoon avahi-daemon[962]: Successfully dropped root privileges.
Jul 19 18:56:19 witherspoon avahi-daemon[962]: avahi-daemon 0.6.32 starting up.
Jul 19 18:56:22 witherspoon avahi-daemon[962]: Successfully called chroot().
Jul 19 18:56:22 witherspoon avahi-daemon[962]: Successfully dropped remaining capabilities.
Jul 19 18:56:22 witherspoon avahi-daemon[962]: Loading service file /services/obmc_console.service.
Jul 19 18:56:23 witherspoon systemd[1]: Starting Network Service...
Jul 19 18:56:23 witherspoon systemd[1]: Starting Phosphor Settings Daemon...
Jul 19 18:56:23 witherspoon systemd[1]: Starting Phosphor IPMI BT DBus Bridge...
Jul 19 18:56:23 witherspoon systemd[1]: Starting Phosphor Inventory Manager...
Jul 19 18:56:23 witherspoon systemd[1]: Started Clear one time boot overrides.
Jul 19 18:56:23 witherspoon systemd[1]: xyz.openbmc_project.Hwmon@ahb-apb-i2c\x401e78a000-i2c\x2dbus\x40100-dps310\x4076.service: Main process exited, code=exited, status=255/n/a
Jul 19 18:56:23 witherspoon systemd[1]: xyz.openbmc_project.Hwmon@ahb-apb-i2c\x401e78a000-i2c\x2dbus\x40100-dps310\x4076.service: Unit entered failed state.
Jul 19 18:56:23 witherspoon systemd[1]: xyz.openbmc_project.Hwmon@ahb-apb-i2c\x401e78a000-i2c\x2dbus\x40100-dps310\x4076.service: Failed with result 'exit-code'.
Jul 19 18:56:23 witherspoon systemd[1]: Started Phosphor BMC0 Control.
Jul 19 18:56:23 witherspoon systemd[1]: xyz.openbmc_project.Hwmon@ahb-apb-i2c\x401e78a000-i2c\x2dbus\x40100-dps310\x4076.service: Service hold-off time over, scheduling restart.
Jul 19 18:56:23 witherspoon systemd[1]: Stopped Phosphor Hwmon Poller.
Jul 19 18:56:23 witherspoon systemd[1]: Started Phosphor Hwmon Poller.
Jul 19 18:56:23 witherspoon phosphor-hwmon-readd[997]: Usage: /usr/sbin/phosphor-hwmon-readd [options]
Jul 19 18:56:23 witherspoon phosphor-hwmon-readd[997]: Options:
Jul 19 18:56:23 witherspoon phosphor-hwmon-readd[997]:     --help               print this menu
Jul 19 18:56:23 witherspoon phosphor-hwmon-readd[997]:     --path=<path>        sysfs location to monitor
Jul 19 18:56:23 witherspoon phosphor-hwmon-readd[997]:     --of-name=<path>     open firmware device name to monitor
Jul 19 18:56:23 witherspoon phosphor-hwmon-readd[997]: ERROR: Path not specified or invalid.
Jul 19 18:56:23 witherspoon systemd[1]: xyz.openbmc_project.Hwmon@ahb-apb-i2c\x401e78a000-i2c\x2dbus\x40100-dps310\x4076.service: Main process exited, code=exited, status=255/n/a
Jul 19 18:56:23 witherspoon systemd[1]: xyz.openbmc_project.Hwmon@ahb-apb-i2c\x401e78a000-i2c\x2dbus\x40100-dps310\x4076.service: Unit entered failed state.
Jul 19 18:56:23 witherspoon systemd[1]: xyz.openbmc_project.Hwmon@ahb-apb-i2c\x401e78a000-i2c\x2dbus\x40100-dps310\x4076.service: Failed with result 'exit-code'.
Jul 19 18:56:23 witherspoon avahi-daemon[962]: Loading service file /services/phosphor_rest.service.
Jul 19 18:56:23 witherspoon phosphor-network-manager[965]: ConfigParser: Section not found
Jul 19 18:56:23 witherspoon avahi-daemon[962]: Loading service file /services/sftp-ssh.service.
Jul 19 18:56:23 witherspoon phosphor-network-manager[965]: The operation failed internally.
Jul 19 18:56:23 witherspoon avahi-daemon[962]: Loading service file /services/sftp.service.
Jul 19 18:56:24 witherspoon systemd[1]: Started Phosphor Log Manager.
Jul 19 18:56:23 witherspoon avahi-daemon[962]: Loading service file /services/ssh.service.
Jul 19 18:56:24 witherspoon systemd[1]: xyz.openbmc_project.Hwmon@ahb-apb-i2c\x401e78a000-i2c\x2dbus\x40100-dps310\x4076.service: Service hold-off time over, scheduling restart.
Jul 19 18:56:23 witherspoon avahi-daemon[962]: Network interface enumeration completed.
Jul 19 18:56:24 witherspoon systemd[1]: Stopped Phosphor Hwmon Poller.
Jul 19 18:56:23 witherspoon avahi-daemon[962]: Server startup complete. Host name is witherspoon.local. Local service cookie is 2219023023.
Jul 19 18:56:24 witherspoon systemd[1]: Started Phosphor Hwmon Poller.
Jul 19 18:56:23 witherspoon avahi-daemon[962]: Service "witherspoon" (/services/ssh.service) successfully established.
Jul 19 18:56:24 witherspoon openpower-update-manager[958]: Error PNOR current version is empty
Jul 19 18:56:23 witherspoon avahi-daemon[962]: Service "sftp" (/services/sftp.service) successfully established.
Jul 19 18:56:24 witherspoon systemd[1]: Started OpenBMC Software Update Manager.
Jul 19 18:56:23 witherspoon avahi-daemon[962]: Service "witherspoon" (/services/sftp-ssh.service) successfully established.
Jul 19 18:56:24 witherspoon systemd[1]: Started Phosphor Download Manager.
Jul 19 18:56:23 witherspoon avahi-daemon[962]: Service "phosphor_rest" (/services/phosphor_rest.service) successfully established.
Jul 19 18:56:24 witherspoon phosphor-network-manager[965]: Error in mapper call
Jul 19 18:56:23 witherspoon avahi-daemon[962]: Service "obmc_console" (/services/obmc_console.service) successfully established.
Jul 19 18:56:24 witherspoon systemd[1]: Started Phosphor LED Group Management Daemon.
Jul 19 18:56:24 witherspoon dbus[984]: [system] Activating via systemd: service name='org.freedesktop.hostname1' unit='dbus-org.freedesktop.hostname1.service'
Jul 19 18:56:26 witherspoon phosphor-hwmon-readd[999]: Usage: /usr/sbin/phosphor-hwmon-readd [options]
Jul 19 18:56:26 witherspoon phosphor-hwmon-readd[999]: Options:
Jul 19 18:56:26 witherspoon phosphor-hwmon-readd[999]:     --help               print this menu
Jul 19 18:56:26 witherspoon phosphor-hwmon-readd[999]:     --path=<path>        sysfs location to monitor
Jul 19 18:56:26 witherspoon phosphor-hwmon-readd[999]:     --of-name=<path>     open firmware device name to monitor
Jul 19 18:56:26 witherspoon phosphor-hwmon-readd[999]: ERROR: Path not specified or invalid.
Jul 19 18:56:24 witherspoon systemd[1]: Started OpenPower Software Update Manager.
Jul 19 18:56:24 witherspoon systemd[1]: Starting Hostname Service...
Jul 19 18:56:24 witherspoon systemd[1]: Starting Phosphor Version Software Manager...
Jul 19 18:56:24 witherspoon systemd[1000]: systemd-hostnamed.service: Failed at step NETWORK spawning /lib/systemd/systemd-hostnamed: Invalid argument
Jul 19 18:56:24 witherspoon systemd[1]: systemd-hostnamed.service: Main process exited, code=exited, status=225/NETWORK
Jul 19 18:56:25 witherspoon systemd[1]: Failed to start Hostname Service.
Jul 19 18:56:26 witherspoon systemd[1]: systemd-hostnamed.service: Unit entered failed state.
Jul 19 18:56:26 witherspoon systemd[1]: systemd-hostnamed.service: Failed with result 'exit-code'.
Jul 19 18:56:26 witherspoon systemd[1]: Started Phosphor IPMI BT DBus Bridge.
Jul 19 18:56:26 witherspoon systemd[1]: Started Phosphor Version Software Manager.
Jul 19 18:56:26 witherspoon systemd[1]: xyz.openbmc_project.Hwmon@ahb-apb-i2c\x401e78a000-i2c\x2dbus\x40100-dps310\x4076.service: Main process exited, code=exited, status=255/n/a
Jul 19 18:56:26 witherspoon systemd[1]: xyz.openbmc_project.Hwmon@ahb-apb-i2c\x401e78a000-i2c\x2dbus\x40100-dps310\x4076.service: Unit entered failed state.
Jul 19 18:56:26 witherspoon systemd[1]: xyz.openbmc_project.Hwmon@ahb-apb-i2c\x401e78a000-i2c\x2dbus\x40100-dps310\x4076.service: Failed with result 'exit-code'.
Jul 19 18:56:26 witherspoon systemd[1]: xyz.openbmc_project.Hwmon@ahb-apb-i2c\x401e78a000-i2c\x2dbus\x40100-dps310\x4076.service: Service hold-off time over, scheduling restart.
Jul 19 18:56:26 witherspoon systemd[1]: Stopped Phosphor Hwmon Poller.
Jul 19 18:56:26 witherspoon systemd[1]: Started Phosphor Hwmon Poller.
Jul 19 18:56:26 witherspoon systemd[1]: Started Phosphor Inventory Manager.
Jul 19 18:56:26 witherspoon systemd[1]: Started Phosphor Dump Manager.
Jul 19 18:56:27 witherspoon systemd[1]: Started Phosphor Settings Daemon.
Jul 19 18:56:27 witherspoon systemd-networkd[990]: Could not create runtime directory: File exists
Jul 19 18:56:27 witherspoon systemd-networkd[990]: Could not create runtime directory 'links': File exists
Jul 19 18:56:27 witherspoon systemd-networkd[990]: Could not create runtime directory 'leases': File exists
Jul 19 18:56:27 witherspoon phosphor-hwmon-readd[1009]: Usage: /usr/sbin/phosphor-hwmon-readd [options]
Jul 19 18:56:27 witherspoon phosphor-hwmon-readd[1009]: Options:
Jul 19 18:56:27 witherspoon phosphor-hwmon-readd[1009]:     --help               print this menu
Jul 19 18:56:27 witherspoon phosphor-hwmon-readd[1009]:     --path=<path>        sysfs location to monitor
Jul 19 18:56:27 witherspoon phosphor-hwmon-readd[1009]:     --of-name=<path>     open firmware device name to monitor
Jul 19 18:56:27 witherspoon phosphor-hwmon-readd[1009]: ERROR: Path not specified or invalid.
Jul 19 18:56:27 witherspoon systemd[1]: xyz.openbmc_project.Hwmon@ahb-apb-i2c\x401e78a000-i2c\x2dbus\x40100-dps310\x4076.service: Main process exited, code=exited, status=255/n/a
Jul 19 18:56:27 witherspoon systemd[1]: xyz.openbmc_project.Hwmon@ahb-apb-i2c\x401e78a000-i2c\x2dbus\x40100-dps310\x4076.service: Unit entered failed state.
Jul 19 18:56:27 witherspoon systemd[1]: xyz.openbmc_project.Hwmon@ahb-apb-i2c\x401e78a000-i2c\x2dbus\x40100-dps310\x4076.service: Failed with result 'exit-code'.
Jul 19 18:56:27 witherspoon systemd[1]: xyz.openbmc_project.Hwmon@ahb-apb-i2c\x401e78a000-i2c\x2dbus\x40100-dps310\x4076.service: Service hold-off time over, scheduling restart.
Jul 19 18:56:27 witherspoon systemd[1]: Stopped Phosphor Hwmon Poller.
Jul 19 18:56:28 witherspoon systemd[1]: Started Phosphor Hwmon Poller.
Jul 19 18:56:29 witherspoon systemd-networkd[990]: Enumeration completed
Jul 19 18:56:29 witherspoon systemd[1]: Started Network Service.
Jul 19 18:56:29 witherspoon systemd[1]: Reached target Network.
Jul 19 18:56:29 witherspoon systemd[1]: Started Lightweight SLP Server.
Jul 19 18:56:29 witherspoon systemd[1]: Starting Permit User Sessions...
Jul 19 18:56:29 witherspoon systemd-networkd[990]: eth0: IPv6 enabled for interface: Success
Jul 19 18:56:29 witherspoon avahi-daemon[962]: Joining mDNS multicast group on interface eth0.IPv4 with address 9.3.21.61.
Jul 19 18:56:29 witherspoon avahi-daemon[962]: New relevant interface eth0.IPv4 for mDNS.
Jul 19 18:56:29 witherspoon avahi-daemon[962]: Registering new address record for 9.3.21.61 on eth0.IPv4.
Jul 19 18:56:29 witherspoon systemd-networkd[990]: eth0: Gained carrier
Jul 19 18:56:29 witherspoon systemd-timesyncd[900]: Network configuration changed, trying to establish connection.
Jul 19 18:56:30 witherspoon phosphor-hwmon-readd[1012]: Usage: /usr/sbin/phosphor-hwmon-readd [options]
Jul 19 18:56:30 witherspoon phosphor-hwmon-readd[1012]: Options:
Jul 19 18:56:30 witherspoon phosphor-hwmon-readd[1012]:     --help               print this menu
Jul 19 18:56:30 witherspoon phosphor-hwmon-readd[1012]:     --path=<path>        sysfs location to monitor
Jul 19 18:56:30 witherspoon phosphor-hwmon-readd[1012]:     --of-name=<path>     open firmware device name to monitor
Jul 19 18:56:30 witherspoon phosphor-hwmon-readd[1012]: ERROR: Path not specified or invalid.
Jul 19 18:56:30 witherspoon systemd[1]: xyz.openbmc_project.Hwmon@ahb-apb-i2c\x401e78a000-i2c\x2dbus\x40100-dps310\x4076.service: Main process exited, code=exited, status=255/n/a
Jul 19 18:56:30 witherspoon systemd[1]: xyz.openbmc_project.Hwmon@ahb-apb-i2c\x401e78a000-i2c\x2dbus\x40100-dps310\x4076.service: Unit entered failed state.
Jul 19 18:56:30 witherspoon avahi-daemon[962]: Joining mDNS multicast group on interface eth0.IPv6 with address fe80::72e2:84ff:fe14:28a9.
Jul 19 18:56:30 witherspoon systemd[1]: xyz.openbmc_project.Hwmon@ahb-apb-i2c\x401e78a000-i2c\x2dbus\x40100-dps310\x4076.service: Failed with result 'exit-code'.
Jul 19 18:56:30 witherspoon avahi-daemon[962]: New relevant interface eth0.IPv6 for mDNS.
Jul 19 18:56:30 witherspoon systemd[1]: xyz.openbmc_project.Hwmon@ahb-apb-i2c\x401e78a000-i2c\x2dbus\x40100-dps310\x4076.service: Service hold-off time over, scheduling restart.
Jul 19 18:56:30 witherspoon avahi-daemon[962]: Registering new address record for fe80::72e2:84ff:fe14:28a9 on eth0.*.
Jul 19 18:56:30 witherspoon systemd[1]: Stopped Phosphor Hwmon Poller.
Jul 19 18:56:30 witherspoon systemd[1]: Started Phosphor Hwmon Poller.
Jul 19 18:56:30 witherspoon systemd[1]: Started Permit User Sessions.
Jul 19 18:56:30 witherspoon systemd-networkd[990]: eth0: Gained IPv6LL
Jul 19 18:56:30 witherspoon systemd[1]: Started Serial Getty on ttyS4.
Jul 19 18:56:30 witherspoon systemd[1]: Reached target Login Prompts.
Jul 19 18:56:30 witherspoon systemd[1]: Reached target Multi-User System.
Jul 19 18:56:30 witherspoon phosphor-hwmon-readd[1017]: Usage: /usr/sbin/phosphor-hwmon-readd [options]
Jul 19 18:56:30 witherspoon phosphor-hwmon-readd[1017]: Options:
Jul 19 18:56:30 witherspoon phosphor-hwmon-readd[1017]:     --help               print this menu
Jul 19 18:56:30 witherspoon phosphor-hwmon-readd[1017]:     --path=<path>        sysfs location to monitor
Jul 19 18:56:30 witherspoon phosphor-hwmon-readd[1017]:     --of-name=<path>     open firmware device name to monitor
Jul 19 18:56:30 witherspoon phosphor-hwmon-readd[1017]: ERROR: Path not specified or invalid.
Jul 19 18:56:30 witherspoon systemd[1]: xyz.openbmc_project.Hwmon@ahb-apb-i2c\x401e78a000-i2c\x2dbus\x40100-dps310\x4076.service: Main process exited, code=exited, status=255/n/a
Jul 19 18:56:31 witherspoon systemd[1]: xyz.openbmc_project.Hwmon@ahb-apb-i2c\x401e78a000-i2c\x2dbus\x40100-dps310\x4076.service: Unit entered failed state.
Jul 19 18:56:31 witherspoon systemd[1]: xyz.openbmc_project.Hwmon@ahb-apb-i2c\x401e78a000-i2c\x2dbus\x40100-dps310\x4076.service: Failed with result 'exit-code'.
Jul 19 18:56:31 witherspoon systemd[1]: xyz.openbmc_project.Hwmon@ahb-apb-i2c\x401e78a000-i2c\x2dbus\x40100-dps310\x4076.service: Service hold-off time over, scheduling restart.
Jul 19 18:56:31 witherspoon systemd[1]: Stopped Phosphor Hwmon Poller.
Jul 19 18:56:31 witherspoon systemd[1]: xyz.openbmc_project.Hwmon@ahb-apb-i2c\x401e78a000-i2c\x2dbus\x40100-dps310\x4076.service: Start request repeated too quickly.
Jul 19 18:56:31 witherspoon systemd[1]: Failed to start Phosphor Hwmon Poller.
Jul 19 18:56:31 witherspoon systemd[1]: xyz.openbmc_project.Hwmon@ahb-apb-i2c\x401e78a000-i2c\x2dbus\x40100-dps310\x4076.service: Unit entered failed state.
Jul 19 18:56:31 witherspoon systemd[1]: xyz.openbmc_project.Hwmon@ahb-apb-i2c\x401e78a000-i2c\x2dbus\x40100-dps310\x4076.service: Failed with result 'exit-code'.
Jul 19 18:56:32 witherspoon kernel: ftgmac100 1e660000.ethernet eth0: NCSI interface up
Jul 19 18:56:32 witherspoon kernel[946]: [   55.020000] ftgmac100 1e660000.ethernet eth0: NCSI interface up
Jul 19 18:56:37 witherspoon systemd[1]: Created slice system-dropbear.slice.
Jul 19 18:56:37 witherspoon systemd[1]: Started SSH Per-Connection Server (9.41.165.94:51950).
Jul 19 18:56:41 witherspoon dropbear[1021]: Failed loading /etc/dropbear/dropbear_dss_host_key
Jul 19 18:56:41 witherspoon dropbear[1021]: Failed loading /etc/dropbear/dropbear_ecdsa_host_key
Jul 19 18:56:41 witherspoon dropbear[1021]: Child connection from ::ffff:9.41.165.94:51950
Jul 19 18:56:42 witherspoon systemd[1]: Started Phosphor User Manager.
Jul 19 18:56:42 witherspoon obmc-phosphor-userd[968]: Started
Jul 19 18:56:42 witherspoon systemd[1]: Started Phosphor Chassis0 Control.
Jul 19 18:56:42 witherspoon chassis_control.py[982]: Running ChassisControlService
Jul 19 18:56:42 witherspoon systemd[1]: Started Phosphor Download Manager.
Jul 19 18:56:42 witherspoon download_manager.py[959]: Running Download Manager
Jul 19 18:56:43 witherspoon systemd-networkd[990]: eth0: Configured
Jul 19 18:56:43 witherspoon systemd-timesyncd[900]: Network configuration changed, trying to establish connection.
Jul 19 18:56:43 witherspoon systemd[1]: Started Phosphor Network Manager.
Jul 19 18:56:43 witherspoon netman.py[977]: Started
Jul 19 18:56:43 witherspoon sensor_manager2.py[976]: Setting boot count to 3
Jul 19 18:56:43 witherspoon systemd[1]: Started Phosphor Sensor Manager.
Jul 19 18:56:43 witherspoon sensor_manager2.py[976]: Starting sensor manager
Jul 19 18:56:44 witherspoon dropbear[1021]: PAM password auth succeeded for 'root' from ::ffff:9.41.165.94:51950
Jul 19 18:56:44 witherspoon phosphor-mapper[960]: ObjectMapper startup complete.  Discovery in progress...
Jul 19 18:56:44 witherspoon dropbear[1022]: lastlog_perform_login: Couldn't stat /var/log/lastlog: No such file or directory
Jul 19 18:56:44 witherspoon dropbear[1022]: lastlog_openseek: /var/log/lastlog is not a file or directory!
Jul 19 18:56:44 witherspoon avahi-daemon[986]: ../../avahi-0.6.32/avahi-daemon/chroot.c: open() failed: No such file or directory
Jul 19 18:56:44 witherspoon avahi-daemon[962]: Failed to open /usr/share/dbus-1/interfaces/org.freedesktop.Avahi.Server.xml: Invalid argument
Jul 19 18:56:44 witherspoon avahi-daemon[962]: Failed to load introspection data.
Jul 19 18:56:46 witherspoon inventory_items.py[981]: Loading from cache: /var/cache/obmc/org.openbmc.inventory.system.chassis.motherboard.apss@org.openbmc.InventoryItem.props
Jul 19 18:56:46 witherspoon inventory_items.py[981]: Loading from cache: /var/cache/obmc/org.openbmc.inventory.system.chassis.motherboard@org.openbmc.InventoryItem.props
Jul 19 18:56:46 witherspoon inventory_items.py[981]: Loading from cache: /var/cache/obmc/org.openbmc.inventory.system.chassis.motherboard.refclock@org.openbmc.InventoryItem.props
Jul 19 18:56:46 witherspoon inventory_items.py[981]: Loading from cache: /var/cache/obmc/org.openbmc.inventory.system.chassis.motherboard.todclock@org.openbmc.InventoryItem.props
Jul 19 18:56:48 witherspoon inventory_items.py[981]: Loading from cache: /var/cache/obmc/org.openbmc.inventory.system.chassis.motherboard.bmc@org.openbmc.InventoryItem.props
Jul 19 18:56:48 witherspoon inventory_items.py[981]: Caching: /org/openbmc/inventory/system/chassis/motherboard/bmc
Jul 19 18:56:48 witherspoon inventory_items.py[981]: Loading from cache: /var/cache/obmc/org.openbmc.inventory.system.chassis.motherboard.pcieclock@org.openbmc.InventoryItem.props
Jul 19 18:56:48 witherspoon inventory_items.py[981]: Running Inventory Manager
Jul 19 18:56:48 witherspoon systemd[1]: Started Phosphor Inventory Manager.
Jul 19 18:56:49 witherspoon dbus[984]: [system] Failed to activate service 'org.freedesktop.hostname1': timed out
Jul 19 18:56:49 witherspoon phosphor-network-manager[965]: Failed to get hostname
Jul 19 18:56:49 witherspoon phosphor-network-manager[965]: The operation failed internally.
Jul 19 18:56:49 witherspoon phosphor-network-manager[965]: Error in mapper call
Jul 19 18:56:49 witherspoon systemd[1]: Started Phosphor Network Manager.
Jul 19 18:56:56 witherspoon phosphor-mapper[960]: ObjectMapper discovery complete
Jul 19 18:56:56 witherspoon systemd[1]: Started Phosphor DBus Service Discovery Manager.
Jul 19 18:56:56 witherspoon systemd[1]: Reached target Phosphor Object Mapper.
Jul 19 18:56:56 witherspoon systemd[1]: Starting Wait for /xyz/openbmc_project/inventory...
Jul 19 18:56:56 witherspoon systemd[1]: Reached target Webserver (pre).
Jul 19 18:56:56 witherspoon systemd[1]: Started Phosphor Webserver.
Jul 19 18:56:56 witherspoon systemd[1]: Starting Wait for /xyz/openbmc_project/control/host0...
Jul 19 18:56:56 witherspoon systemd[1]: Starting Wait for /xyz/openbmc_project/led/groups/bmc_booted...
Jul 19 18:56:56 witherspoon systemd[1]: Starting Wait for /xyz/openbmc_project/led/groups...
Jul 19 18:56:56 witherspoon systemd[1]: Starting Wait for /org/openbmc/control/flash/bios...
Jul 19 18:56:56 witherspoon systemd[1]: Started Phosphor DBus Monitor.
Jul 19 18:56:56 witherspoon systemd[1]: Starting Wait for /org/openbmc/control/power0...
Jul 19 18:56:57 witherspoon systemd[1]: Starting Phoshpor System Manager...
Jul 19 18:56:57 witherspoon systemd[1]: Starting Wait for /org/openbmc/managers/Download...
Jul 19 18:56:57 witherspoon systemd[1]: Starting Wait for /xyz/openbmc_project/state/host0...
Jul 19 18:56:57 witherspoon systemd[1]: Starting Wait for /org/openbmc/managers/System...
Jul 19 18:56:57 witherspoon systemd[1]: Starting Wait for /org/openbmc/NetworkManager/Interface...
Jul 19 18:56:57 witherspoon systemd[1]: Starting Wait for /org/openbmc/control/bmc0...
Jul 19 18:56:57 witherspoon systemd[1]: Starting Phosphor Settings Manager...
Jul 19 18:56:57 witherspoon systemd[1]: Starting Wait for /xyz/openbmc_project/state/chassis0...
Jul 19 18:56:58 witherspoon systemd[1]: Started Wait for /xyz/openbmc_project/led/groups.
Jul 19 18:56:58 witherspoon systemd[1]: Started FRU Fault monitor service.
Jul 19 18:56:59 witherspoon systemd[1]: Started Wait for /xyz/openbmc_project/led/groups/bmc_booted.
Jul 19 18:56:59 witherspoon systemd[1]: Starting Assert bmc_booted LED...
Jul 19 18:56:59 witherspoon systemd[1]: Started Wait for /xyz/openbmc_project/inventory.
Jul 19 18:56:59 witherspoon systemd[1]: Started Phosphor Cooling Type.
Jul 19 18:56:59 witherspoon systemd[1]: Starting Read OpenPOWER-format VPD from EEPROM...
Jul 19 18:56:59 witherspoon systemd[1]: Starting OpenPOWER OCC controller...
Jul 19 18:56:59 witherspoon systemd[1]: Started Wait for /org/openbmc/NetworkManager/Interface.
Jul 19 18:56:59 witherspoon systemd[1]: Started Wait for /org/openbmc/control/bmc0.
Jul 19 18:56:59 witherspoon systemd[1]: Started Phosphor DNS Settings Cache Manager.
Jul 19 18:57:00 witherspoon systemd[1]: Started Wait for /org/openbmc/managers/Download.
Jul 19 18:57:00 witherspoon systemd[1]: Starting Phosphor BIOS Code Update...
Jul 19 18:57:00 witherspoon systemd[1]: Starting Phosphor BMC Code Update...
Jul 19 18:57:01 witherspoon systemd[1]: Started Phosphor BIOS Code Update.
Jul 19 18:57:01 witherspoon systemd[1]: Started Assert bmc_booted LED.
Jul 19 18:57:01 witherspoon systemd[1]: Started OpenPOWER OCC controller.
Jul 19 18:57:05 witherspoon systemd[1]: Started Read OpenPOWER-format VPD from EEPROM.
Jul 19 18:57:07 witherspoon systemd[1]: Started Wait for /org/openbmc/control/flash/bios.
Jul 19 18:57:07 witherspoon systemd[1]: Started Initialize BIOS Flash.
Jul 19 18:57:10 witherspoon flash_bios.exe[1056]: Starting flasher: bios,,/org/openbmc/control/flash/bios,
Jul 19 18:57:10 witherspoon flash_bios.exe[1056]: flasher: , BMC = 1, address = 0x0
Jul 19 18:57:10 witherspoon flash_bios.exe[1056]: Setting up flash
Jul 19 18:57:11 witherspoon flash_bios.exe[1056]: Starting flasher: bios,,/org/openbmc/control/flash/bios,
Jul 19 18:57:11 witherspoon flash_bios.exe[1056]: flasher: , BMC = 1, address = 0x0
Jul 19 18:57:11 witherspoon flash_bios.exe[1056]: Setting up flash
Jul 19 18:57:11 witherspoon system_manager.py[1036]: Running System State: BASE_APPS
Jul 19 18:57:11 witherspoon system_manager.py[1036]: SystemManager Init Done
Jul 19 18:57:12 witherspoon systemd[1]: Started Phoshpor System Manager.
Jul 19 18:57:12 witherspoon system_manager.py[1036]: Running SystemManager
Jul 19 18:57:12 witherspoon system_manager.py[1036]: SystemManager Goto System State: BMC_STARTING
Jul 19 18:57:12 witherspoon system_manager.py[1036]: Running System State: BMC_STARTING
Jul 19 18:57:13 witherspoon systemd[1]: Started Phosphor BMC Code Update.
Jul 19 18:57:13 witherspoon bmc_update.py[1057]: Running Bmc Flash Control
Jul 19 18:57:13 witherspoon settings_manager.py[1042]: Running HostSettingsService
Jul 19 18:57:13 witherspoon systemd[1]: Started Phosphor Settings Manager.
Jul 19 18:57:14 witherspoon systemd[1]: Starting Wait for /org/openbmc/settings/host0...
Jul 19 18:57:14 witherspoon systemd[1]: Started Wait for /org/openbmc/managers/System.
Jul 19 18:57:14 witherspoon systemd[1]: Starting Phosphor Host State Manager...
Jul 19 18:57:14 witherspoon systemd[1]: Starting Phosphor BMC State Manager...
Jul 19 18:57:14 witherspoon systemd[1]: Starting Phosphor Reset Button0...
Jul 19 18:57:14 witherspoon systemd[1]: Starting Phosphor Power0 Control...
Jul 19 18:57:14 witherspoon systemd[1]: Starting Phosphor Chassis State Manager...
Jul 19 18:57:14 witherspoon systemd[1]: Starting Phosphor Power Button0...
Jul 19 18:57:15 witherspoon button_power.exe[1084]: GPIO Lookup:  POWER_BUTTON = 347,both
Jul 19 18:57:15 witherspoon systemd[1]: Started Phosphor Power Button0.
Jul 19 18:57:15 witherspoon button_reset.exe[1081]: GPIO Lookup:  RESET_BUTTON = 353,both
Jul 19 18:57:16 witherspoon systemd[1]: Started Phosphor Reset Button0.
Jul 19 18:57:16 witherspoon phosphor-host-state-manager[1079]: Initial Host State will be Off
Jul 19 18:57:16 witherspoon systemd[1]: Started Phosphor Host State Manager.
Jul 19 18:57:16 witherspoon phosphor-chassis-state-manager[1083]: Initial Chassis State will be Off
Jul 19 18:57:16 witherspoon phosphor-bmc-state-manager[1080]: Setting the BMCState field
Jul 19 18:57:16 witherspoon phosphor-bmc-state-manager[1080]: Setting the BMCState field
Jul 19 18:57:16 witherspoon systemd[1]: Started Phosphor Chassis State Manager.
Jul 19 18:57:16 witherspoon systemd[1]: Started Phosphor BMC State Manager.
Jul 19 18:57:16 witherspoon system_manager.py[1036]: New object: /org/openbmc/control/power0 (:1.74)
Jul 19 18:57:16 witherspoon system_manager.py[1036]: Power GPIO config: ['SYS_PWROK_BUFF', '', [('SOFTWARE_PGOOD', True), ('BMC_POWER_UP', True)], [('BMC_CP0_RESET_N', False)], [], 'FSI_DATA', 'FSI_CLK', 'FSI_ENABLE', 'CRONUS_SEL', []]
Jul 19 18:57:16 witherspoon power_control.exe[1082]: Power GPIO latch output:
Jul 19 18:57:16 witherspoon power_control.exe[1082]: Power GPIO power good input: SYS_PWROK_BUFF
Jul 19 18:57:16 witherspoon power_control.exe[1082]: Power GPIO 2 power_up outputs
Jul 19 18:57:16 witherspoon power_control.exe[1082]: Power GPIO power_up[0] = SOFTWARE_PGOOD active HIGH
Jul 19 18:57:16 witherspoon power_control.exe[1082]: Power GPIO power_up[1] = BMC_POWER_UP active HIGH
Jul 19 18:57:16 witherspoon power_control.exe[1082]: Power GPIO 1 reset outputs
Jul 19 18:57:17 witherspoon power_control.exe[1082]: Power GPIO reset[0] = BMC_CP0_RESET_N active LOW
Jul 19 18:57:17 witherspoon power_control.exe[1082]: Power GPIO 0 pci reset outputs
Jul 19 18:57:17 witherspoon power_control.exe[1082]: FSI DATA GPIO: FSI_DATA
Jul 19 18:57:17 witherspoon power_control.exe[1082]: FSI CLK GPIO: FSI_CLK
Jul 19 18:57:17 witherspoon power_control.exe[1082]: FSI ENABLE GPIO: FSI_ENABLE
Jul 19 18:57:17 witherspoon power_control.exe[1082]: CRONUS SEL GPIO: CRONUS_SEL
Jul 19 18:57:17 witherspoon power_control.exe[1082]: Hostctl GPIO optionals: 0
Jul 19 18:57:17 witherspoon power_control.exe[1082]: GPIO Lookup:  SYS_PWROK_BUFF = 306,in
Jul 19 18:57:17 witherspoon power_control.exe[1082]: GPIO Lookup:  SOFTWARE_PGOOD = 417,out
Jul 19 18:57:17 witherspoon power_control.exe[1082]: GPIO Lookup:  BMC_POWER_UP = 305,out
Jul 19 18:57:17 witherspoon power_control.exe[1082]: GPIO Lookup:  BMC_CP0_RESET_N = 281,out
Jul 19 18:57:17 witherspoon power_control.exe[1082]: Pgood state: 0
Jul 19 18:57:17 witherspoon systemd[1]: Started Phosphor Power0 Control.
Jul 19 18:57:22 witherspoon systemd[1]: Started Wait for /org/openbmc/settings/host0.
Jul 19 18:57:22 witherspoon systemd[1]: Started Phosphor Inband IPMI.
Jul 19 18:57:22 witherspoon systemd[1]: Started Wait for /xyz/openbmc_project/state/chassis0.
Jul 19 18:57:22 witherspoon systemd[1]: Started Wait for /xyz/openbmc_project/state/host0.
Jul 19 18:57:22 witherspoon systemd[1]: Starting Reboot If Enabled...
Jul 19 18:57:22 witherspoon systemd[1]: Started Wait for /org/openbmc/control/power0.
Jul 19 18:57:22 witherspoon systemd[1]: Starting Phosphor Time Manager daemon...
Jul 19 18:57:22 witherspoon systemd[1]: Starting Check Chassis0 pgood and create a file to indicate it...
Jul 19 18:57:23 witherspoon timemanager[1111]: Registering dbus methods
Jul 19 18:57:23 witherspoon system_manager.py[1036]: SystemManager Goto System State: BMC_READY
Jul 19 18:57:23 witherspoon system_manager.py[1036]: Running System State: BMC_READY
Jul 19 18:57:23 witherspoon phosphor-discover-system-state[1109]: Host power is off, checking power policy
Jul 19 18:57:23 witherspoon systemd[1]: Started Reboot If Enabled.
Jul 19 18:57:24 witherspoon systemd[1]: Started Check Chassis0 pgood and create a file to indicate it.
Jul 19 18:57:24 witherspoon systemd[1]: Reached target Chassis0 power on after reset.
Jul 19 18:57:24 witherspoon systemd[1]: Reached target Chassis0 (Reset Check).
Jul 19 18:57:25 witherspoon timemanager[1111]: Last known time_mode: MANUAL
Jul 19 18:57:25 witherspoon timemanager[1111]: Last known time_owner: BMC
Jul 19 18:57:25 witherspoon timemanager[1111]: Empty DhcpNtp string
Jul 19 18:57:25 witherspoon timemanager[1111]: Reading Power Control key: pgood
Jul 19 18:57:25 witherspoon timemanager[1111]: Changing settings *allowed* now
Jul 19 18:57:25 witherspoon timemanager[1111]: Getting System Settings: time_mode
Jul 19 18:57:25 witherspoon timemanager[1111]: Requested_Mode: MANUAL Current_Mode: MANUAL
Jul 19 18:57:25 witherspoon timemanager[1111]: Mode is already set to : MANUAL
Jul 19 18:57:25 witherspoon timemanager[1111]: Getting System Settings: time_owner
Jul 19 18:57:25 witherspoon timemanager[1111]: Owner is already set to : BMC
Jul 19 18:57:25 witherspoon timemanager[1111]: Getting System Settings: use_dhcp_ntp
Jul 19 18:57:25 witherspoon timemanager[1111]: use_dhcp_ntp = yes
Jul 19 18:57:25 witherspoon timemanager[1111]: Last known host_offset:0
Jul 19 18:57:25 witherspoon timemanager[1111]: Initial Uptime Usec: 1500490537625083
Jul 19 18:57:25 witherspoon systemd[1]: Started Phosphor Time Manager daemon.
Jul 19 18:57:25 witherspoon systemd[1]: Started Wait for /xyz/openbmc_project/control/host0.
Jul 19 18:57:25 witherspoon systemd[1]: Reached target Host0 running after reset.
Jul 19 18:57:25 witherspoon systemd[1]: Reached target Host0 (Reset Check).
Jul 19 18:57:25 witherspoon systemd[1]: Reached target Phosphor System - Standby.
Jul 19 18:57:25 witherspoon systemd[1]: Startup finished in 8.550s (kernel) + 1min 39.534s (userspace) = 1min 48.085s.
Jul 19 18:57:25 witherspoon phosphor-bmc-state-manager[1080]: BMC_READY
Jul 19 18:57:25 witherspoon phosphor-bmc-state-manager[1080]: Setting the BMCState field
Jul 19 18:57:31 witherspoon phosphor-gevent[1029]: Traceback (most recent call last):
Jul 19 18:57:31 witherspoon phosphor-gevent[1029]:   File "/usr/lib/python2.7/site-packages/gevent/greenlet.py", line 327, in run
Jul 19 18:57:31 witherspoon phosphor-gevent[1029]:     result = self._run(*self.args, **self.kwargs)
Jul 19 18:57:31 witherspoon phosphor-gevent[1029]:   File "/usr/lib/python2.7/site-packages/gevent/server.py", line 102, in wrap_socket_and_handle
Jul 19 18:57:31 witherspoon phosphor-gevent[1029]:     ssl_socket = self.wrap_socket(client_socket, **self.ssl_args)
Jul 19 18:57:31 witherspoon phosphor-gevent[1029]:   File "/usr/lib/python2.7/site-packages/gevent/ssl.py", line 404, in wrap_socket
Jul 19 18:57:31 witherspoon phosphor-gevent[1029]:     ciphers=ciphers)
Jul 19 18:57:31 witherspoon phosphor-gevent[1029]:   File "/usr/lib/python2.7/site-packages/gevent/ssl.py", line 113, in __init__
Jul 19 18:57:31 witherspoon phosphor-gevent[1029]:     self.do_handshake()
Jul 19 18:57:31 witherspoon phosphor-gevent[1029]:   File "/usr/lib/python2.7/site-packages/gevent/ssl.py", line 324, in do_handshake
Jul 19 18:57:31 witherspoon phosphor-gevent[1029]:     return self._sslobj.do_handshake()
Jul 19 18:57:31 witherspoon phosphor-gevent[1029]: SSLEOFError: EOF occurred in violation of protocol (_ssl.c:590)
Jul 19 18:57:31 witherspoon phosphor-gevent[1029]: <Greenlet at 0x7604f3f0: <bound method WSGIServer.wrap_socket_and_handle of <WSGIServer at 0x76025b50 fileno=5 address=('::3492:f376:b06d:6976%1986620832', 443, 0, 1986620832)>>(<socket at 0x75efc830 fileno=9>, ('::8079:6776:8e91:f402%1995602716', 52972, 0, 199)> failed with SSLEOFError
Jul 19 18:57:31 witherspoon phosphor-gevent[1029]: Traceback (most recent call last):
Jul 19 18:57:31 witherspoon phosphor-gevent[1029]:   File "/usr/lib/python2.7/site-packages/gevent/greenlet.py", line 327, in run
Jul 19 18:57:31 witherspoon phosphor-gevent[1029]:     result = self._run(*self.args, **self.kwargs)
Jul 19 18:57:31 witherspoon phosphor-gevent[1029]:   File "/usr/lib/python2.7/site-packages/gevent/server.py", line 102, in wrap_socket_and_handle
Jul 19 18:57:31 witherspoon phosphor-gevent[1029]:     ssl_socket = self.wrap_socket(client_socket, **self.ssl_args)
Jul 19 18:57:31 witherspoon phosphor-gevent[1029]:   File "/usr/lib/python2.7/site-packages/gevent/ssl.py", line 404, in wrap_socket
Jul 19 18:57:31 witherspoon phosphor-gevent[1029]:     ciphers=ciphers)
Jul 19 18:57:31 witherspoon phosphor-gevent[1029]:   File "/usr/lib/python2.7/site-packages/gevent/ssl.py", line 113, in __init__
Jul 19 18:57:31 witherspoon phosphor-gevent[1029]:     self.do_handshake()
Jul 19 18:57:31 witherspoon phosphor-gevent[1029]:   File "/usr/lib/python2.7/site-packages/gevent/ssl.py", line 324, in do_handshake
Jul 19 18:57:31 witherspoon phosphor-gevent[1029]:     return self._sslobj.do_handshake()
Jul 19 18:57:31 witherspoon phosphor-gevent[1029]: SSLEOFError: EOF occurred in violation of protocol (_ssl.c:590)
Jul 19 18:57:31 witherspoon phosphor-gevent[1029]: <Greenlet at 0x7604f6c0: <bound method WSGIServer.wrap_socket_and_handle of <WSGIServer at 0x76025b50 fileno=5 address=('::3492:f376:b06d:6976%1986620832', 443, 0, 1986620832)>>(<socket at 0x75efc7d0 fileno=10>, ('::8079:6776:8e91:f402%1995602716', 52976, 0, 199)> failed with SSLEOFError
Jul 19 18:57:31 witherspoon phosphor-gevent[1029]: ::8079:6776:8e91:f402%1995602716 - - [2017-07-19 18:57:31] "POST /login HTTP/1.1" 200 320 0.045160
Jul 19 18:57:32 witherspoon phosphor-gevent[1029]: ::8079:6776:8e91:f402%1995602716 - - [2017-07-19 18:57:32] "GET /xyz/openbmc_project/state/chassis0//attr/CurrentPowerState HTTP/1.1" 200 216 0.059083
Jul 19 18:57:32 witherspoon phosphor-gevent[1029]: ::8079:6776:8e91:f402%1995602716 - - [2017-07-19 18:57:32] "POST /login HTTP/1.1" 200 320 0.032760
Jul 19 18:57:32 witherspoon phosphor-gevent[1029]: ::8079:6776:8e91:f402%1995602716 - - [2017-07-19 18:57:32] "GET /xyz/openbmc_project/state/chassis0//attr/CurrentPowerState HTTP/1.1" 200 216 0.050336
Jul 19 18:57:32 witherspoon phosphor-gevent[1029]: ::8079:6776:8e91:f402%1995602716 - - [2017-07-19 18:57:32] "POST /login HTTP/1.1" 200 320 0.045980
Jul 19 18:57:32 witherspoon phosphor-gevent[1029]: ::8079:6776:8e91:f402%1995602716 - - [2017-07-19 18:57:32] "GET /org/openbmc/sensors/host/BootProgress/attr/value HTTP/1.1" 200 170 0.078474
Jul 19 18:57:32 witherspoon phosphor-gevent[1029]: ::8079:6776:8e91:f402%1995602716 - - [2017-07-19 18:57:32] "POST /login HTTP/1.1" 200 320 0.034207
Jul 19 18:57:32 witherspoon phosphor-gevent[1029]: ::8079:6776:8e91:f402%1995602716 - - [2017-07-19 18:57:32] "GET /xyz/openbmc_project/state/host0//attr/CurrentHostState HTTP/1.1" 200 212 0.053904
Jul 19 18:57:33 witherspoon phosphor-gevent[1029]: ::8079:6776:8e91:f402%1995602716 - - [2017-07-19 18:57:33] "POST /login HTTP/1.1" 200 320 0.033053
Jul 19 18:57:33 witherspoon phosphor-gevent[1029]: ::8079:6776:8e91:f402%1995602716 - - [2017-07-19 18:57:33] "GET /xyz/openbmc_project/logging/entry//list HTTP/1.1" 404 311 0.030126
Jul 19 18:57:33 witherspoon dropbear[1021]: Exit (root): Error reading: Connection reset by peer
Jul 19 18:57:33 witherspoon systemd[1]: Started SSH Per-Connection Server (9.41.165.94:51968).
Jul 19 18:57:33 witherspoon dropbear[1130]: Failed loading /etc/dropbear/dropbear_dss_host_key
Jul 19 18:57:33 witherspoon dropbear[1130]: Failed loading /etc/dropbear/dropbear_ecdsa_host_key
Jul 19 18:57:33 witherspoon dropbear[1130]: Child connection from ::ffff:9.41.165.94:51968
Jul 19 18:57:33 witherspoon dropbear[1130]: PAM password auth succeeded for 'root' from ::ffff:9.41.165.94:51968
Jul 19 18:57:33 witherspoon dropbear[1131]: lastlog_perform_login: Couldn't stat /var/log/lastlog: No such file or directory
Jul 19 18:57:33 witherspoon dropbear[1131]: lastlog_openseek: /var/log/lastlog is not a file or directory!
Jul 19 18:57:35 witherspoon phosphor-gevent[1029]: ::8079:6776:8e91:f402%1995602716 - - [2017-07-19 18:57:35] "POST /login HTTP/1.1" 200 320 0.033068
Jul 19 18:57:35 witherspoon phosphor-gevent[1029]: ::8079:6776:8e91:f402%1995602716 - - [2017-07-19 18:57:35] "GET /xyz/openbmc_project/state/host0//attr/CurrentHostState HTTP/1.1" 200 212 0.049837
Jul 19 18:57:35 witherspoon dropbear[1130]: Exit (root): Exited normally
Jul 19 18:57:38 witherspoon systemd[1]: Started SSH Per-Connection Server (9.41.165.94:51972).
Jul 19 18:57:38 witherspoon dropbear[1140]: Failed loading /etc/dropbear/dropbear_dss_host_key
Jul 19 18:57:38 witherspoon dropbear[1140]: Failed loading /etc/dropbear/dropbear_ecdsa_host_key
Jul 19 18:57:38 witherspoon dropbear[1140]: Child connection from ::ffff:9.41.165.94:51972
Jul 19 18:57:39 witherspoon dropbear[1140]: PAM password auth succeeded for 'root' from ::ffff:9.41.165.94:51972
Jul 19 18:57:39 witherspoon dropbear[1141]: lastlog_perform_login: Couldn't stat /var/log/lastlog: No such file or directory
Jul 19 18:57:39 witherspoon dropbear[1141]: lastlog_openseek: /var/log/lastlog is not a file or directory!
Jul 19 18:57:40 witherspoon phosphor-gevent[1029]: ::8079:6776:8e91:f402%1995602716 - - [2017-07-19 18:57:40] "POST /login HTTP/1.1" 200 320 0.032561
Jul 19 18:57:40 witherspoon phosphor-gevent[1029]: ::8079:6776:8e91:f402%1995602716 - - [2017-07-19 18:57:40] "PUT /org/openbmc/settings/host0/attr/power_policy HTTP/1.1" 200 169 0.189388
Jul 19 18:57:41 witherspoon phosphor-gevent[1029]: ::8079:6776:8e91:f402%1995602716 - - [2017-07-19 18:57:41] "POST /login HTTP/1.1" 200 320 0.043605
Jul 19 18:57:41 witherspoon phosphor-gevent[1029]: ::8079:6776:8e91:f402%1995602716 - - [2017-07-19 18:57:41] "GET /org/openbmc/settings/host0/attr/power_policy HTTP/1.1" 200 185 0.081558
Jul 19 18:57:41 witherspoon systemd[1]: Started SSH Per-Connection Server (9.41.165.94:51978).
Jul 19 18:57:41 witherspoon dropbear[1147]: Failed loading /etc/dropbear/dropbear_dss_host_key
Jul 19 18:57:41 witherspoon dropbear[1147]: Failed loading /etc/dropbear/dropbear_ecdsa_host_key
Jul 19 18:57:41 witherspoon dropbear[1147]: Child connection from ::ffff:9.41.165.94:51978
Jul 19 18:57:41 witherspoon dropbear[1147]: PAM password auth succeeded for 'root' from ::ffff:9.41.165.94:51978
Jul 19 18:57:42 witherspoon dropbear[1148]: lastlog_perform_login: Couldn't stat /var/log/lastlog: No such file or directory
Jul 19 18:57:42 witherspoon dropbear[1148]: lastlog_openseek: /var/log/lastlog is not a file or directory!
Jul 19 18:57:43 witherspoon phosphor-gevent[1029]: ::8079:6776:8e91:f402%1995602716 - - [2017-07-19 18:57:43] "POST /login HTTP/1.1" 200 320 0.043346
Jul 19 18:57:43 witherspoon phosphor-gevent[1029]: ::8079:6776:8e91:f402%1995602716 - - [2017-07-19 18:57:43] "GET /xyz/openbmc_project/state/chassis0//attr/CurrentPowerState HTTP/1.1" 200 216 0.050172
Jul 19 18:57:43 witherspoon phosphor-gevent[1029]: ::8079:6776:8e91:f402%1995602716 - - [2017-07-19 18:57:43] "POST /login HTTP/1.1" 200 320 0.034008
Jul 19 18:57:43 witherspoon phosphor-gevent[1029]: ::8079:6776:8e91:f402%1995602716 - - [2017-07-19 18:57:43] "GET /xyz/openbmc_project/state/bmc0//attr/CurrentBMCState HTTP/1.1" 200 212 0.051964
Jul 19 18:57:43 witherspoon phosphor-gevent[1029]: ::8079:6776:8e91:f402%1995602716 - - [2017-07-19 18:57:43] "POST /login HTTP/1.1" 200 320 0.033145
Jul 19 18:57:43 witherspoon phosphor-gevent[1029]: ::8079:6776:8e91:f402%1995602716 - - [2017-07-19 18:57:43] "GET /org/openbmc/sensors/host/BootProgress/attr/value HTTP/1.1" 200 170 0.052976
Jul 19 18:57:44 witherspoon phosphor-gevent[1029]: ::8079:6776:8e91:f402%1995602716 - - [2017-07-19 18:57:44] "POST /login HTTP/1.1" 200 320 0.032656
Jul 19 18:57:44 witherspoon phosphor-gevent[1029]: ::8079:6776:8e91:f402%1995602716 - - [2017-07-19 18:57:44] "GET /xyz/openbmc_project/state/host0//attr/CurrentHostState HTTP/1.1" 200 212 0.051293
Jul 19 18:57:44 witherspoon phosphor-gevent[1029]: ::8079:6776:8e91:f402%1995602716 - - [2017-07-19 18:57:44] "POST /login HTTP/1.1" 200 320 0.032931
Jul 19 18:57:44 witherspoon phosphor-gevent[1029]: ::8079:6776:8e91:f402%1995602716 - - [2017-07-19 18:57:44] "GET /xyz/openbmc_project/logging/entry//list HTTP/1.1" 404 311 0.031596
Jul 19 18:57:44 witherspoon systemd[1]: Started SSH Per-Connection Server (9.41.165.94:51990).
Jul 19 18:57:44 witherspoon dropbear[1151]: Failed loading /etc/dropbear/dropbear_dss_host_key
Jul 19 18:57:44 witherspoon dropbear[1151]: Failed loading /etc/dropbear/dropbear_ecdsa_host_key
Jul 19 18:57:44 witherspoon dropbear[1151]: Child connection from ::ffff:9.41.165.94:51990
Jul 19 18:57:45 witherspoon dropbear[1151]: PAM password auth succeeded for 'root' from ::ffff:9.41.165.94:51990
Jul 19 18:58:13 witherspoon phosphor-gevent[1029]: ::8079:6776:8e91:f402%1995602716 - - [2017-07-19 18:58:13] "POST /login HTTP/1.1" 200 320 0.033500
Jul 19 18:58:14 witherspoon phosphor-gevent[1029]: ::8079:6776:8e91:f402%1995602716 - - [2017-07-19 18:58:14] "POST /org/openbmc/control/flash/bios//action/update HTTP/1.1" 200 169 0.349427
Jul 19 18:58:14 witherspoon flash_bios.exe[1056]: Starting flasher: bios,/tmp/witherspoon_20170704n.pnor,/org/openbmc/control/flash/bios,
Jul 19 18:58:14 witherspoon flash_bios.exe[1056]: flasher: /tmp/witherspoon_20170704n.pnor, BMC = 1, address = 0x0
Jul 19 18:58:14 witherspoon flash_bios.exe[1056]: Setting up flash
Jul 19 18:58:14 witherspoon phosphor-gevent[1029]: ::8079:6776:8e91:f402%1995602716 - - [2017-07-19 18:58:14] "POST /login HTTP/1.1" 200 320 0.032502
Jul 19 18:58:14 witherspoon phosphor-gevent[1029]: ::8079:6776:8e91:f402%1995602716 - - [2017-07-19 18:58:14] "GET /org/openbmc/control/flash/bios HTTP/1.1" 200 396 0.086859
Jul 19 18:58:15 witherspoon phosphor-gevent[1029]: ::8079:6776:8e91:f402%1995602716 - - [2017-07-19 18:58:15] "POST /login HTTP/1.1" 200 320 0.032607
Jul 19 18:58:15 witherspoon phosphor-gevent[1029]: ::8079:6776:8e91:f402%1995602716 - - [2017-07-19 18:58:15] "GET /org/openbmc/control/flash/bios HTTP/1.1" 200 396 0.194015
Jul 19 18:58:25 witherspoon phosphor-gevent[1029]: ::8079:6776:8e91:f402%1995602716 - - [2017-07-19 18:58:25] "POST /login HTTP/1.1" 200 320 0.032661
Jul 19 18:58:25 witherspoon phosphor-gevent[1029]: ::8079:6776:8e91:f402%1995602716 - - [2017-07-19 18:58:25] "GET /org/openbmc/control/flash/bios HTTP/1.1" 200 396 0.067842
Jul 19 18:58:36 witherspoon phosphor-gevent[1029]: ::8079:6776:8e91:f402%1995602716 - - [2017-07-19 18:58:36] "POST /login HTTP/1.1" 200 320 0.032688
Jul 19 18:58:36 witherspoon phosphor-gevent[1029]: ::8079:6776:8e91:f402%1995602716 - - [2017-07-19 18:58:36] "GET /org/openbmc/control/flash/bios HTTP/1.1" 200 396 0.067908
Jul 19 18:58:46 witherspoon phosphor-gevent[1029]: ::8079:6776:8e91:f402%1995602716 - - [2017-07-19 18:58:46] "POST /login HTTP/1.1" 200 320 0.068084
Jul 19 18:58:46 witherspoon phosphor-gevent[1029]: ::8079:6776:8e91:f402%1995602716 - - [2017-07-19 18:58:46] "GET /org/openbmc/control/flash/bios HTTP/1.1" 200 396 0.067649
Jul 19 18:58:57 witherspoon phosphor-gevent[1029]: ::8079:6776:8e91:f402%1995602716 - - [2017-07-19 18:58:57] "POST /login HTTP/1.1" 200 320 0.033095
Jul 19 18:58:57 witherspoon phosphor-gevent[1029]: ::8079:6776:8e91:f402%1995602716 - - [2017-07-19 18:58:57] "GET /org/openbmc/control/flash/bios HTTP/1.1" 200 396 0.067478
Jul 19 18:59:08 witherspoon phosphor-gevent[1029]: ::8079:6776:8e91:f402%1995602716 - - [2017-07-19 18:59:08] "POST /login HTTP/1.1" 200 320 0.033938
Jul 19 18:59:08 witherspoon phosphor-gevent[1029]: ::8079:6776:8e91:f402%1995602716 - - [2017-07-19 18:59:08] "GET /org/openbmc/control/flash/bios HTTP/1.1" 200 396 0.069914
Jul 19 18:59:18 witherspoon phosphor-gevent[1029]: ::8079:6776:8e91:f402%1995602716 - - [2017-07-19 18:59:18] "POST /login HTTP/1.1" 200 320 0.033431
Jul 19 18:59:18 witherspoon phosphor-gevent[1029]: ::8079:6776:8e91:f402%1995602716 - - [2017-07-19 18:59:18] "GET /org/openbmc/control/flash/bios HTTP/1.1" 200 396 0.068480
Jul 19 18:59:28 witherspoon phosphor-gevent[1029]: ::8079:6776:8e91:f402%1995602716 - - [2017-07-19 18:59:28] "POST /login HTTP/1.1" 200 320 0.032601
Jul 19 18:59:28 witherspoon phosphor-gevent[1029]: ::8079:6776:8e91:f402%1995602716 - - [2017-07-19 18:59:28] "GET /org/openbmc/control/flash/bios HTTP/1.1" 200 396 0.067738
Jul 19 18:59:38 witherspoon phosphor-gevent[1029]: ::8079:6776:8e91:f402%1995602716 - - [2017-07-19 18:59:38] "POST /login HTTP/1.1" 200 320 0.038995
Jul 19 18:59:39 witherspoon phosphor-gevent[1029]: ::8079:6776:8e91:f402%1995602716 - - [2017-07-19 18:59:39] "GET /org/openbmc/control/flash/bios HTTP/1.1" 200 396 0.068275
Jul 19 18:59:49 witherspoon phosphor-gevent[1029]: ::8079:6776:8e91:f402%1995602716 - - [2017-07-19 18:59:49] "POST /login HTTP/1.1" 200 320 0.033050
Jul 19 18:59:49 witherspoon phosphor-gevent[1029]: ::8079:6776:8e91:f402%1995602716 - - [2017-07-19 18:59:49] "GET /org/openbmc/control/flash/bios HTTP/1.1" 200 396 0.067674
Jul 19 19:00:00 witherspoon phosphor-gevent[1029]: ::8079:6776:8e91:f402%1995602716 - - [2017-07-19 19:00:00] "POST /login HTTP/1.1" 200 320 0.891355
Jul 19 19:00:00 witherspoon phosphor-gevent[1029]: ::8079:6776:8e91:f402%1995602716 - - [2017-07-19 19:00:00] "GET /org/openbmc/control/flash/bios HTTP/1.1" 200 396 0.098351
Jul 19 19:00:10 witherspoon phosphor-gevent[1029]: ::8079:6776:8e91:f402%1995602716 - - [2017-07-19 19:00:10] "POST /login HTTP/1.1" 200 320 0.032366
Jul 19 19:00:10 witherspoon phosphor-gevent[1029]: ::8079:6776:8e91:f402%1995602716 - - [2017-07-19 19:00:10] "GET /org/openbmc/control/flash/bios HTTP/1.1" 200 396 0.068034
Jul 19 19:00:20 witherspoon phosphor-gevent[1029]: ::8079:6776:8e91:f402%1995602716 - - [2017-07-19 19:00:20] "POST /login HTTP/1.1" 200 320 0.033096
Jul 19 19:00:21 witherspoon phosphor-gevent[1029]: ::8079:6776:8e91:f402%1995602716 - - [2017-07-19 19:00:21] "GET /org/openbmc/control/flash/bios HTTP/1.1" 200 401 0.068357
Jul 19 19:00:32 witherspoon phosphor-gevent[1029]: ::8079:6776:8e91:f402%1995602716 - - [2017-07-19 19:00:32] "POST /login HTTP/1.1" 200 320 0.055356
Jul 19 19:00:32 witherspoon phosphor-gevent[1029]: ::8079:6776:8e91:f402%1995602716 - - [2017-07-19 19:00:32] "GET /org/openbmc/control/flash/bios HTTP/1.1" 200 401 0.067901
Jul 19 19:00:42 witherspoon phosphor-gevent[1029]: ::8079:6776:8e91:f402%1995602716 - - [2017-07-19 19:00:42] "POST /login HTTP/1.1" 200 320 0.034871
Jul 19 19:00:43 witherspoon phosphor-gevent[1029]: ::8079:6776:8e91:f402%1995602716 - - [2017-07-19 19:00:43] "GET /org/openbmc/control/flash/bios HTTP/1.1" 200 401 1.160186
Jul 19 19:00:53 witherspoon phosphor-gevent[1029]: ::8079:6776:8e91:f402%1995602716 - - [2017-07-19 19:00:53] "POST /login HTTP/1.1" 200 320 0.032787
Jul 19 19:00:54 witherspoon phosphor-gevent[1029]: ::8079:6776:8e91:f402%1995602716 - - [2017-07-19 19:00:54] "GET /org/openbmc/control/flash/bios HTTP/1.1" 200 401 0.079910
Jul 19 19:01:04 witherspoon phosphor-gevent[1029]: ::8079:6776:8e91:f402%1995602716 - - [2017-07-19 19:01:04] "POST /login HTTP/1.1" 200 320 0.033207
Jul 19 19:01:04 witherspoon phosphor-gevent[1029]: ::8079:6776:8e91:f402%1995602716 - - [2017-07-19 19:01:04] "GET /org/openbmc/control/flash/bios HTTP/1.1" 200 401 0.067951
Jul 19 19:01:08 witherspoon flash_bios.exe[1056]: Erasing... (may take a while !) done !
Jul 19 19:01:08 witherspoon flash_bios.exe[1056]: About to program "/tmp/witherspoon_20170704n.pnor" at 0x00000000..0x04000000 !
Jul 19 19:01:08 witherspoon flash_bios.exe[1056]: Programming & Verifying...
Jul 19 19:01:08 witherspoon flash_bios.exe[1056]: Flash done
Jul 19 19:01:14 witherspoon phosphor-gevent[1029]: ::8079:6776:8e91:f402%1995602716 - - [2017-07-19 19:01:14] "POST /login HTTP/1.1" 200 320 0.033503
Jul 19 19:01:14 witherspoon phosphor-gevent[1029]: ::8079:6776:8e91:f402%1995602716 - - [2017-07-19 19:01:14] "GET /org/openbmc/control/flash/bios HTTP/1.1" 200 398 0.069126
Jul 19 19:01:14 witherspoon systemd[1]: Started SSH Per-Connection Server (9.41.165.94:52040).
Jul 19 19:01:14 witherspoon dropbear[1157]: Failed loading /etc/dropbear/dropbear_dss_host_key
Jul 19 19:01:14 witherspoon dropbear[1157]: Failed loading /etc/dropbear/dropbear_ecdsa_host_key
Jul 19 19:01:14 witherspoon dropbear[1157]: Child connection from ::ffff:9.41.165.94:52040
Jul 19 19:01:15 witherspoon dropbear[1157]: PAM password auth succeeded for 'root' from ::ffff:9.41.165.94:52040
Jul 19 19:01:15 witherspoon dropbear[1158]: lastlog_perform_login: Couldn't stat /var/log/lastlog: No such file or directory
Jul 19 19:01:15 witherspoon dropbear[1158]: lastlog_openseek: /var/log/lastlog is not a file or directory!
Jul 19 19:01:16 witherspoon phosphor-gevent[1029]: ::8079:6776:8e91:f402%1995602716 - - [2017-07-19 19:01:16] "POST /login HTTP/1.1" 200 320 0.033500
Jul 19 19:01:16 witherspoon phosphor-gevent[1029]: ::8079:6776:8e91:f402%1995602716 - - [2017-07-19 19:01:16] "GET /xyz/openbmc_project/state/host0//attr/CurrentHostState HTTP/1.1" 200 212 0.051127
Jul 19 19:01:16 witherspoon systemd[1]: Created slice system-obmc\x2dconsole\x2dssh.slice.
Jul 19 19:01:16 witherspoon systemd[1]: Started Phosphor Host Console SSH Per-Connection (9.41.165.94:40594).
Jul 19 19:01:17 witherspoon dropbear[1162]: Failed loading /etc/dropbear/dropbear_dss_host_key
Jul 19 19:01:17 witherspoon dropbear[1162]: Failed loading /etc/dropbear/dropbear_ecdsa_host_key
Jul 19 19:01:17 witherspoon dropbear[1162]: Child connection from ::ffff:9.41.165.94:40594
Jul 19 19:01:17 witherspoon dropbear[1162]: PAM password auth succeeded for 'root' from ::ffff:9.41.165.94:40594
Jul 19 19:01:17 witherspoon phosphor-gevent[1029]: ::8079:6776:8e91:f402%1995602716 - - [2017-07-19 19:01:17] "POST /login HTTP/1.1" 200 320 0.033049
Jul 19 19:01:17 witherspoon dropbear[1163]: lastlog_perform_login: Couldn't stat /var/log/lastlog: No such file or directory
Jul 19 19:01:17 witherspoon dropbear[1163]: lastlog_openseek: /var/log/lastlog is not a file or directory!
Jul 19 19:01:17 witherspoon phosphor-gevent[1029]: ::8079:6776:8e91:f402%1995602716 - - [2017-07-19 19:01:17] "PUT /org/openbmc/settings/host0/attr/power_policy HTTP/1.1" 200 169 0.255143
Jul 19 19:01:18 witherspoon phosphor-gevent[1029]: ::8079:6776:8e91:f402%1995602716 - - [2017-07-19 19:01:18] "POST /login HTTP/1.1" 200 320 0.045695
Jul 19 19:01:18 witherspoon phosphor-gevent[1029]: ::8079:6776:8e91:f402%1995602716 - - [2017-07-19 19:01:18] "GET /org/openbmc/settings/host0/attr/power_policy HTTP/1.1" 200 185 0.069847
Jul 19 19:01:18 witherspoon systemd[1]: Started SSH Per-Connection Server (9.41.165.94:52050).
Jul 19 19:01:18 witherspoon dropbear[1164]: Failed loading /etc/dropbear/dropbear_dss_host_key
Jul 19 19:01:18 witherspoon dropbear[1164]: Failed loading /etc/dropbear/dropbear_ecdsa_host_key
Jul 19 19:01:18 witherspoon dropbear[1164]: Child connection from ::ffff:9.41.165.94:52050
Jul 19 19:01:18 witherspoon dropbear[1164]: PAM password auth succeeded for 'root' from ::ffff:9.41.165.94:52050
Jul 19 19:01:18 witherspoon dropbear[1165]: lastlog_perform_login: Couldn't stat /var/log/lastlog: No such file or directory
Jul 19 19:01:18 witherspoon dropbear[1165]: lastlog_openseek: /var/log/lastlog is not a file or directory!
Jul 19 19:01:20 witherspoon phosphor-gevent[1029]: ::8079:6776:8e91:f402%1995602716 - - [2017-07-19 19:01:20] "POST /login HTTP/1.1" 200 320 0.065052
Jul 19 19:01:20 witherspoon phosphor-gevent[1029]: ::8079:6776:8e91:f402%1995602716 - - [2017-07-19 19:01:20] "GET /xyz/openbmc_project/state/chassis0//attr/CurrentPowerState HTTP/1.1" 200 216 0.056941
Jul 19 19:01:20 witherspoon phosphor-gevent[1029]: ::8079:6776:8e91:f402%1995602716 - - [2017-07-19 19:01:20] "POST /login HTTP/1.1" 200 320 0.033132
Jul 19 19:01:20 witherspoon phosphor-gevent[1029]: ::8079:6776:8e91:f402%1995602716 - - [2017-07-19 19:01:20] "GET /xyz/openbmc_project/state/bmc0//attr/CurrentBMCState HTTP/1.1" 200 212 0.050051
Jul 19 19:01:20 witherspoon phosphor-gevent[1029]: ::8079:6776:8e91:f402%1995602716 - - [2017-07-19 19:01:20] "POST /login HTTP/1.1" 200 320 0.033171
Jul 19 19:01:20 witherspoon phosphor-gevent[1029]: ::8079:6776:8e91:f402%1995602716 - - [2017-07-19 19:01:20] "GET /org/openbmc/sensors/host/BootProgress/attr/value HTTP/1.1" 200 170 0.052899
Jul 19 19:01:21 witherspoon phosphor-gevent[1029]: ::8079:6776:8e91:f402%1995602716 - - [2017-07-19 19:01:21] "POST /login HTTP/1.1" 200 320 0.033320
Jul 19 19:01:21 witherspoon phosphor-gevent[1029]: ::8079:6776:8e91:f402%1995602716 - - [2017-07-19 19:01:21] "GET /xyz/openbmc_project/state/host0//attr/CurrentHostState HTTP/1.1" 200 212 0.067767
Jul 19 19:01:21 witherspoon phosphor-gevent[1029]: ::8079:6776:8e91:f402%1995602716 - - [2017-07-19 19:01:21] "POST /login HTTP/1.1" 200 320 0.053747
Jul 19 19:01:21 witherspoon phosphor-host-state-manager[1079]: Host State transaction request
Jul 19 19:01:21 witherspoon phosphor-gevent[1029]: ::8079:6776:8e91:f402%1995602716 - - [2017-07-19 19:01:21] "PUT /xyz/openbmc_project/state/host0//attr/RequestedHostTransition HTTP/1.1" 200 169 0.226697
Jul 19 19:01:21 witherspoon systemd[1]: Created slice system-fsi\x2dscan.slice.
Jul 19 19:01:21 witherspoon systemd[1]: Created slice system-vrm\x2dcontrol.slice.
Jul 19 19:01:21 witherspoon systemd[1]: Created slice system-phosphor\x2dwatchdog.slice.
Jul 19 19:01:21 witherspoon systemd[1]: Created slice system-cfam_override.slice.
Jul 19 19:01:21 witherspoon systemd[1]: Started Witherspoon Fan Watchdog Daemon.
Jul 19 19:01:21 witherspoon systemd[1]: Created slice system-mapper\x2dsubtree\x2dremove.slice.
Jul 19 19:01:21 witherspoon systemd[1]: Created slice system-avsbus\x2denable.slice.
Jul 19 19:01:21 witherspoon systemd[1]: Created slice system-op\x2dwait\x2dpower\x2don.slice.
Jul 19 19:01:21 witherspoon systemd[1]: Starting Wait for /org/openbmc/control/chassis0...
Jul 19 19:01:21 witherspoon systemd[1]: Created slice system-avsbus\x2ddisable.slice.
Jul 19 19:01:21 witherspoon systemd[1]: Created slice system-vcs_on.slice.
Jul 19 19:01:22 witherspoon phosphor-gevent[1029]: ::8079:6776:8e91:f402%1995602716 - - [2017-07-19 19:01:22] "POST /login HTTP/1.1" 200 320 0.033126
Jul 19 19:01:22 witherspoon systemd[1]: Starting Wait for /xyz/openbmc_project/led/groups/power_on...
Jul 19 19:01:23 witherspoon phosphor-gevent[1029]: ::8079:6776:8e91:f402%1995602716 - - [2017-07-19 19:01:22] "GET /xyz/openbmc_project/state/chassis0//attr/CurrentPowerState HTTP/1.1" 200 216 0.050045
Jul 19 19:01:22 witherspoon systemd[1]: Created slice system-obmc\x2denable\x2dhost\x2dwatchdog.slice.
Jul 19 19:01:22 witherspoon systemd[1]: Created slice system-phosphor\x2dfan\x2dcontrol\x2dinit.slice.
Jul 19 19:01:22 witherspoon systemd[1]: Started Phosphor poweron watchdog.
Jul 19 19:01:22 witherspoon systemd[1]: Starting Witherspoon Fan Watchdog Reset...
Jul 19 19:01:22 witherspoon systemd[1]: Created slice system-fsi\x2dbind.slice.
Jul 19 19:01:22 witherspoon systemd[1]: Created slice system-ucd_disable_vcs.slice.
Jul 19 19:01:22 witherspoon systemd[1]: Starting Disable UCD VCS rails...
Jul 19 19:01:22 witherspoon systemd[1]: Created slice system-phosphor\x2dfan\x2dpresence\x2dtach.slice.
Jul 19 19:01:22 witherspoon systemd[1]: Created slice system-op\x2dpower\x2dstart.slice.
Jul 19 19:01:22 witherspoon systemd[1]: Created slice system-vcs_off.slice.
Jul 19 19:01:22 witherspoon systemd[1]: Created slice system-vcs_workaround.slice.
Jul 19 19:01:22 witherspoon systemd[1]: Starting Wait for /xyz/openbmc_project/watchdog/host0...
Jul 19 19:01:22 witherspoon systemd[1]: Reached target Powerwitherspoon-fan-watchdog (On).
Jul 19 19:01:22 witherspoon systemd[1]: Started Phosphor Fan Control Initialization.
Jul 19 19:01:22 witherspoon systemd[1]: Created slice system-ir35221\x2don\x2dunbind.slice.
