-- Logs begin at Thu 2017-04-20 17:29:27 UTC, end at Thu 2017-04-20 17:43:25 UTC. --
Apr 20 17:29:27 witherspoon kernel: Booting Linux on physical CPU 0x0
Apr 20 17:29:27 witherspoon kernel: Linux version 4.10.17-9e95993e2d6edc68af5ca3f2345789e0f450d0db (jenkins@openbmc-builder1) (gcc version 6.2.0 (GCC) ) #1 Fri Jun 30 17:27:10 UTC 2017
Apr 20 17:29:27 witherspoon kernel: CPU: ARMv6-compatible processor [410fb767] revision 7 (ARMv7), cr=00c5387d
Apr 20 17:29:27 witherspoon kernel: CPU: PIPT / VIPT nonaliasing data cache, VIPT nonaliasing instruction cache
Apr 20 17:29:27 witherspoon kernel: OF: fdt:Machine model: Witherspoon BMC
Apr 20 17:29:27 witherspoon kernel: Memory policy: Data cache writeback
Apr 20 17:29:27 witherspoon kernel: SOC Rev: 04030303
Apr 20 17:29:27 witherspoon kernel: On node 0 totalpages: 110592
Apr 20 17:29:27 witherspoon kernel: free_area_init_node: node 0, pgdat 805f33fc, node_mem_map 9ec1a000
Apr 20 17:29:27 witherspoon kernel:   Normal zone: 992 pages used for memmap
Apr 20 17:29:27 witherspoon kernel:   Normal zone: 0 pages reserved
Apr 20 17:29:27 witherspoon kernel:   Normal zone: 110592 pages, LIFO batch:31
Apr 20 17:29:27 witherspoon kernel: pcpu-alloc: s0 r0 d32768 u32768 alloc=1*32768
Apr 20 17:29:27 witherspoon kernel: pcpu-alloc: [0] 0 
Apr 20 17:29:27 witherspoon kernel: Built 1 zonelists in Zone order, mobility grouping on.  Total pages: 109600
Apr 20 17:29:27 witherspoon kernel: Kernel command line: console=ttyS4,115200n8 root=/dev/ram rw
Apr 20 17:29:27 witherspoon kernel: PID hash table entries: 2048 (order: 1, 8192 bytes)
Apr 20 17:29:27 witherspoon kernel: Dentry cache hash table entries: 65536 (order: 6, 262144 bytes)
Apr 20 17:29:27 witherspoon kernel: Inode-cache hash table entries: 32768 (order: 5, 131072 bytes)
Apr 20 17:29:27 witherspoon kernel: Memory: 430508K/442368K available (4048K kernel code, 280K rwdata, 1168K rodata, 280K init, 111K bss, 11860K reserved, 0K cma-reserved)
Apr 20 17:29:27 witherspoon kernel: Virtual kernel memory layout:
                                        vector  : 0xffff0000 - 0xffff1000   (   4 kB)
                                        fixmap  : 0xffc00000 - 0xfff00000   (3072 kB)
                                        vmalloc : 0x9f800000 - 0xff800000   (1536 MB)
                                        lowmem  : 0x80000000 - 0x9f000000   ( 496 MB)
                                          .text : 0x80008000 - 0x803fc350   (4049 kB)
                                          .init : 0x8057a000 - 0x805c0000   ( 280 kB)
                                          .data : 0x805c0000 - 0x806061a8   ( 281 kB)
                                           .bss : 0x806061a8 - 0x80622058   ( 112 kB)
Apr 20 17:29:27 witherspoon kernel: NR_IRQS:16 nr_irqs:16 16
Apr 20 17:29:27 witherspoon kernel: i2c controller registered, irq 16
Apr 20 17:29:27 witherspoon kernel: clocksource: moxart_timer: mask: 0xffffffff max_cycles: 0xffffffff, max_idle_ns: 77222644334 ns
Apr 20 17:29:27 witherspoon kernel: sched_clock: 32 bits at 100 Hz, resolution 10000000ns, wraps every 21474836475000000ns
Apr 20 17:29:27 witherspoon kernel: Calibrating delay loop... 789.70 BogoMIPS (lpj=3948544)
Apr 20 17:29:27 witherspoon kernel: pid_max: default: 32768 minimum: 301
Apr 20 17:29:27 witherspoon kernel: Mount-cache hash table entries: 1024 (order: 0, 4096 bytes)
Apr 20 17:29:27 witherspoon kernel: Mountpoint-cache hash table entries: 1024 (order: 0, 4096 bytes)
Apr 20 17:29:27 witherspoon kernel: CPU: Testing write buffer coherency: ok
Apr 20 17:29:27 witherspoon kernel: ftrace: allocating 14866 entries in 44 pages
Apr 20 17:29:27 witherspoon kernel: Setting up static identity map for 0x80008200 - 0x8000825c
Apr 20 17:29:27 witherspoon kernel: devtmpfs: initialized
Apr 20 17:29:27 witherspoon kernel: clocksource: jiffies: mask: 0xffffffff max_cycles: 0xffffffff, max_idle_ns: 19112604462750000 ns
Apr 20 17:29:27 witherspoon kernel: futex hash table entries: 256 (order: -1, 3072 bytes)
Apr 20 17:29:27 witherspoon kernel: pinctrl core: initialized pinctrl subsystem
Apr 20 17:29:27 witherspoon kernel: NET: Registered protocol family 16
Apr 20 17:29:27 witherspoon kernel: DMA: preallocated 256 KiB pool for atomic coherent allocations
Apr 20 17:29:27 witherspoon kernel: usbcore: registered new interface driver usbfs
Apr 20 17:29:27 witherspoon kernel: usbcore: registered new interface driver hub
Apr 20 17:29:27 witherspoon kernel: usbcore: registered new device driver usb
Apr 20 17:29:27 witherspoon kernel: clocksource: Switched to clocksource moxart_timer
Apr 20 17:29:27 witherspoon kernel: NET: Registered protocol family 2
Apr 20 17:29:27 witherspoon kernel: TCP established hash table entries: 4096 (order: 2, 16384 bytes)
Apr 20 17:29:27 witherspoon kernel: TCP bind hash table entries: 4096 (order: 2, 16384 bytes)
Apr 20 17:29:27 witherspoon kernel: TCP: Hash tables configured (established 4096 bind 4096)
Apr 20 17:29:27 witherspoon kernel: UDP hash table entries: 256 (order: 0, 4096 bytes)
Apr 20 17:29:27 witherspoon kernel: UDP-Lite hash table entries: 256 (order: 0, 4096 bytes)
Apr 20 17:29:27 witherspoon kernel: NET: Registered protocol family 1
Apr 20 17:29:27 witherspoon kernel: Trying to unpack rootfs image as initramfs...
Apr 20 17:29:27 witherspoon kernel: Freeing initrd memory: 1548K
Apr 20 17:29:27 witherspoon kernel: workingset: timestamp_bits=30 max_order=17 bucket_order=0
Apr 20 17:29:27 witherspoon kernel: squashfs: version 4.0 (2009/01/31) Phillip Lougher
Apr 20 17:29:27 witherspoon kernel: jffs2: version 2.2. (SUMMARY)  © 2001-2006 Red Hat, Inc.
Apr 20 17:29:27 witherspoon kernel: Block layer SCSI generic (bsg) driver version 0.4 loaded (major 250)
Apr 20 17:29:27 witherspoon kernel: io scheduler noop registered
Apr 20 17:29:27 witherspoon kernel: io scheduler deadline registered
Apr 20 17:29:27 witherspoon kernel: io scheduler cfq registered (default)
Apr 20 17:29:27 witherspoon kernel: ipmi-bt-host 1e789140.ibt: Found bt bmc device
Apr 20 17:29:27 witherspoon kernel: ipmi-bt-host 1e789140.ibt: Using IRQ 22
Apr 20 17:29:27 witherspoon kernel: Serial: 8250/16550 driver, 6 ports, IRQ sharing enabled
Apr 20 17:29:27 witherspoon kernel: 1e783000.serial: ttyS0 at MMIO 0x1e783000 (irq = 23, base_baud = 1500000) is a 16550A
Apr 20 17:29:27 witherspoon kernel: 1e78d000.serial: ttyS1 at MMIO 0x1e78d000 (irq = 24, base_baud = 1500000) is a 16550A
Apr 20 17:29:27 witherspoon kernel: 1e784000.serial: ttyS4 at MMIO 0x1e784000 (irq = 25, base_baud = 1500000) is a 16550A
Apr 20 17:29:27 witherspoon kernel: console [ttyS4] enabled
Apr 20 17:29:27 witherspoon kernel: 1e787000.vuart: ttyS2 at MMIO 0x1e787000 (irq = 22, base_baud = 1500000) is a 16550A
Apr 20 17:29:27 witherspoon kernel: timeriomem_rng 1e6e2078.hwrng: 32bits from 0xf00e2078 @ 1us
Apr 20 17:29:27 witherspoon kernel: brd: module loaded
Apr 20 17:29:27 witherspoon kernel: loop: module loaded
Apr 20 17:29:27 witherspoon kernel: aspeed-lpc-ctrl 1e789080.lpc-ctrl: Loaded at 0x98000000 (0x04000000)
Apr 20 17:29:27 witherspoon kernel: aspeed-smc 1e620000.flash-controller: Using IRQ 18
Apr 20 17:29:27 witherspoon kernel: aspeed-smc 1e620000.flash-controller: DMA support disabled.
Apr 20 17:29:27 witherspoon kernel: aspeed-smc 1e620000.flash-controller: mx25l25635e (32768 Kbytes)
Apr 20 17:29:27 witherspoon kernel: aspeed-smc 1e620000.flash-controller: CE0 window [ 0x20000000 - 0x22000000 ] 32MB
Apr 20 17:29:27 witherspoon kernel: aspeed-smc 1e620000.flash-controller: CE1 window [ 0x22000000 - 0x2a000000 ] 128MB
Apr 20 17:29:27 witherspoon kernel: 5 ofpart partitions found on MTD device bmc
Apr 20 17:29:27 witherspoon kernel: Creating 5 MTD partitions on "bmc":
Apr 20 17:29:27 witherspoon kernel: 0x000000000000-0x000000060000 : "u-boot"
Apr 20 17:29:27 witherspoon kernel: 0x000000060000-0x000000080000 : "u-boot-env"
Apr 20 17:29:27 witherspoon kernel: 0x000000080000-0x0000004c0000 : "kernel"
Apr 20 17:29:27 witherspoon kernel: 0x0000004c0000-0x000001c00000 : "rofs"
Apr 20 17:29:27 witherspoon kernel: 0x000001c00000-0x000002000000 : "rwfs"
Apr 20 17:29:27 witherspoon kernel: aspeed-smc 1e620000.flash-controller: mx25l25635e (32768 Kbytes)
Apr 20 17:29:27 witherspoon kernel: aspeed-smc 1e620000.flash-controller: CE1 window [ 0x22000000 - 0x24000000 ] 32MB
Apr 20 17:29:27 witherspoon kernel: aspeed-smc 1e620000.flash-controller: CE2 window [ 0x24000000 - 0x2c000000 ] 128MB
Apr 20 17:29:27 witherspoon kernel: aspeed-smc 1e630000.flash-controller: mx66l1g45g (131072 Kbytes)
Apr 20 17:29:27 witherspoon kernel: aspeed-smc 1e630000.flash-controller: CE0 window resized to 120MB (AST2500 HW quirk)
Apr 20 17:29:27 witherspoon kernel: aspeed-smc 1e630000.flash-controller: CE0 window [ 0x30000000 - 0x37800000 ] 120MB
Apr 20 17:29:27 witherspoon kernel: aspeed-smc 1e630000.flash-controller: CE0 window too small for chip 128MB
Apr 20 17:29:27 witherspoon kernel: aspeed-smc 1e630000.flash-controller: CE1 window [ 0x37800000 - 0x38000000 ] 8MB
Apr 20 17:29:27 witherspoon kernel: aspeed-smc 1e630000.flash-controller: Calibration area too uniform, using low speed
Apr 20 17:29:27 witherspoon kernel: libphy: Fixed MDIO Bus: probed
Apr 20 17:29:27 witherspoon kernel: ftgmac100 1e660000.ethernet: Read MAC address 70:e2:84:14:24:20 from chip
Apr 20 17:29:27 witherspoon kernel: ftgmac100 1e660000.ethernet: Using NCSI interface
Apr 20 17:29:27 witherspoon kernel: ftgmac100 1e660000.ethernet eth0: irq 20, mapped at f0060000
Apr 20 17:29:27 witherspoon kernel: ehci_hcd: USB 2.0 'Enhanced' Host Controller (EHCI) Driver
Apr 20 17:29:27 witherspoon kernel: ehci-platform: EHCI generic platform driver
Apr 20 17:29:27 witherspoon kernel:  fsi0: can't read slave 00:00 -5
Apr 20 17:29:27 witherspoon kernel: i2c /dev entries driver
Apr 20 17:29:27 witherspoon kernel: aspeed-i2c-bus 1e78a0c0.i2c-bus: i2c bus 2 registered, irq 26
Apr 20 17:29:27 witherspoon kernel: aspeed-i2c-bus 1e78a100.i2c-bus: i2c bus 3 registered, irq 27
Apr 20 17:29:27 witherspoon kernel: aspeed-i2c-bus 1e78a140.i2c-bus: i2c bus 4 registered, irq 28
Apr 20 17:29:27 witherspoon kernel: aspeed-i2c-bus 1e78a180.i2c-bus: i2c bus 5 registered, irq 29
Apr 20 17:29:27 witherspoon kernel: aspeed-i2c-bus 1e78a380.i2c-bus: i2c bus 9 registered, irq 30
Apr 20 17:29:27 witherspoon kernel: aspeed-i2c-bus 1e78a3c0.i2c-bus: i2c bus 10 registered, irq 31
Apr 20 17:29:27 witherspoon kernel: rtc-rv8803 11-0032: rtc core: registered rx8900 as rtc0
Apr 20 17:29:27 witherspoon kernel: at24 11-0051: 8192 byte 24c64 EEPROM, writable, 1 bytes/write
Apr 20 17:29:27 witherspoon kernel: aspeed-i2c-bus 1e78a400.i2c-bus: i2c bus 11 registered, irq 32
Apr 20 17:29:27 witherspoon kernel: aspeed-i2c-bus 1e78a440.i2c-bus: i2c bus 12 registered, irq 33
Apr 20 17:29:27 witherspoon kernel: aspeed-i2c-bus 1e78a480.i2c-bus: i2c bus 13 registered, irq 34
Apr 20 17:29:27 witherspoon kernel: Driver for 1-wire Dallas network protocol.
Apr 20 17:29:27 witherspoon kernel: lm75 9-004a: hwmon0: sensor 'tmp275'
Apr 20 17:29:27 witherspoon kernel: random: fast init done
Apr 20 17:29:27 witherspoon kernel: ucd9000 11-0064: Device ID UCD90160|2.3.4.0000|110603
Apr 20 17:29:27 witherspoon kernel: leds-pca955x 11-0060: leds-pca955x: Using pca9552 16-bit LED driver at slave address 0x60
Apr 20 17:29:27 witherspoon kernel: leds-pca955x 11-0060: gpios 264...279
Apr 20 17:29:27 witherspoon kernel: usbcore: registered new interface driver usbhid
Apr 20 17:29:27 witherspoon kernel: usbhid: USB HID core driver
Apr 20 17:29:27 witherspoon kernel: dps310: probe of 3-0076 failed with error -5
Apr 20 17:29:27 witherspoon kernel: NET: Registered protocol family 10
Apr 20 17:29:27 witherspoon kernel: Segment Routing with IPv6
Apr 20 17:29:27 witherspoon kernel: NET: Registered protocol family 17
Apr 20 17:29:27 witherspoon kernel: console [netcon0] enabled
Apr 20 17:29:27 witherspoon kernel: netconsole: network logging started
Apr 20 17:29:27 witherspoon kernel: input: gpio-keys as /devices/platform/gpio-keys/input/input0
Apr 20 17:29:27 witherspoon kernel: rtc-rv8803 11-0032: setting system clock to 2016-03-10 04:26:04 UTC (1457583964)
Apr 20 17:29:27 witherspoon kernel: Freeing unused kernel memory: 280K
Apr 20 17:29:27 witherspoon kernel: This architecture does not have kernel memory protection.
Apr 20 17:29:27 witherspoon kernel: jffs2: notice: (514) jffs2_build_xattr_subsystem: complete building xattr subsystem, 0 of xdatum (0 unchecked, 0 orphan) and 0 of xref (0 dead, 0 orphan) found.
Apr 20 17:29:27 witherspoon systemd[1]: System time before build time, advancing clock.
Apr 20 17:29:27 witherspoon systemd[1]: Failed to insert module 'autofs4': No such file or directory
Apr 20 17:29:27 witherspoon systemd[1]: systemd 232 running in system mode. (+PAM -AUDIT -SELINUX -IMA -APPARMOR -SMACK +SYSVINIT -UTMP -LIBCRYPTSETUP -GCRYPT -GNUTLS +ACL +XZ -LZ4 -SECCOMP +BLKID -ELFUTILS +KMOD -IDN)
Apr 20 17:29:27 witherspoon systemd[1]: Detected architecture arm.
Apr 20 17:29:27 witherspoon systemd[1]: Set hostname to <witherspoon>.
Apr 20 17:29:27 witherspoon systemd[1]: Listening on udev Control Socket.
Apr 20 17:29:27 witherspoon systemd[1]: Listening on Syslog Socket.
Apr 20 17:29:27 witherspoon systemd[1]: Listening on /dev/initctl Compatibility Named Pipe.
Apr 20 17:29:27 witherspoon systemd[1]: Reached target Remote File Systems.
Apr 20 17:29:27 witherspoon systemd[1]: Started Dispatch Password Requests to Console Directory Watch.
Apr 20 17:29:27 witherspoon systemd[1]: Listening on Network Service Netlink Socket.
Apr 20 17:29:27 witherspoon systemd[1]: Created slice System Slice.
Apr 20 17:29:27 witherspoon systemd[1]: Created slice system-serial\x2dgetty.slice.
Apr 20 17:29:27 witherspoon systemd[1]: dev-hugepages.mount: Couldn't determine result for ConditionVirtualization=!private-users, assuming failed: No such file or directory
Apr 20 17:29:27 witherspoon systemd[1]: Started Forward Password Requests to Wall Directory Watch.
Apr 20 17:29:27 witherspoon systemd[1]: Reached target Paths.
Apr 20 17:29:27 witherspoon systemd[1]: Listening on Journal Socket.
Apr 20 17:29:27 witherspoon systemd[1]: Starting Apply Kernel Variables...
Apr 20 17:29:27 witherspoon systemd[1]: Listening on udev Kernel Socket.
Apr 20 17:29:27 witherspoon systemd[1]: Created slice system-obmc\x2dconsole.slice.
Apr 20 17:29:27 witherspoon systemd[1]: Listening on Journal Socket (/dev/log).
Apr 20 17:29:27 witherspoon systemd[1]: Created slice system-phosphor\x2ddiscover\x2dsystem\x2dstate.slice.
Apr 20 17:29:27 witherspoon systemd-journald[540]: Journal started
Apr 20 17:29:27 witherspoon systemd-journald[540]: Runtime journal (/run/log/journal/98da6a547f8141998b98e23f5894fd04) is 0B, max 0B, 0B free.
Apr 20 17:29:27 witherspoon systemd-sysctl[535]: Couldn't write '16' to 'kernel/sysrq', ignoring: No such file or directory
Apr 20 17:29:27 witherspoon systemd-sysctl[535]: Couldn't write 'fq_codel' to 'net/core/default_qdisc', ignoring: No such file or directory
Apr 20 17:29:28 witherspoon systemd[1]: Created slice system-obmc\x2dled\x2dgroup\x2dstart.slice.
Apr 20 17:29:28 witherspoon systemd[1]: Starting Remount Root and Kernel File Systems...
Apr 20 17:29:29 witherspoon systemd[1]: Mounted Debug File System.
Apr 20 17:29:29 witherspoon systemd[1]: Mounted Temporary Directory.
Apr 20 17:29:29 witherspoon systemd[1]: Started Journal Service.
Apr 20 17:29:29 witherspoon systemd[1]: Started Apply Kernel Variables.
Apr 20 17:29:30 witherspoon systemd[1]: Started Remount Root and Kernel File Systems.
Apr 20 17:29:30 witherspoon systemd[1]: Starting Create System Users...
Apr 20 17:29:30 witherspoon systemd[1]: Starting Flush Journal to Persistent Storage...
Apr 20 17:29:30 witherspoon systemd[1]: Started udev Coldplug all Devices.
Apr 20 17:29:31 witherspoon systemd-journald[540]: Runtime journal (/run/log/journal/98da6a547f8141998b98e23f5894fd04) is 0B, max 0B, 0B free.
Apr 20 17:29:31 witherspoon systemd[1]: Started Flush Journal to Persistent Storage.
Apr 20 17:29:31 witherspoon systemd[1]: Started Create System Users.
Apr 20 17:29:31 witherspoon systemd[1]: Starting Create Static Device Nodes in /dev...
Apr 20 17:29:31 witherspoon systemd[1]: Started Create Static Device Nodes in /dev.
Apr 20 17:29:31 witherspoon systemd[1]: Starting udev Kernel Device Manager...
Apr 20 17:29:31 witherspoon systemd[1]: Reached target Local File Systems (Pre).
Apr 20 17:29:31 witherspoon systemd[1]: Mounting /var/volatile...
Apr 20 17:29:32 witherspoon systemd[1]: Mounted /var/volatile.
Apr 20 17:29:32 witherspoon systemd[1]: Starting Load/Save Random Seed...
Apr 20 17:29:32 witherspoon systemd[1]: Reached target Local File Systems.
Apr 20 17:29:32 witherspoon systemd[1]: Starting Create Volatile Files and Directories...
Apr 20 17:29:32 witherspoon systemd[1]: Starting Rebuild Journal Catalog...
Apr 20 17:29:32 witherspoon systemd[1]: Started Load/Save Random Seed.
Apr 20 17:29:32 witherspoon systemd-tmpfiles[876]: "/var/tmp" already exists and is not a directory.
Apr 20 17:29:32 witherspoon systemd-tmpfiles[876]: "/var/log" already exists and is not a directory.
Apr 20 17:29:32 witherspoon systemd[1]: Started Create Volatile Files and Directories.
Apr 20 17:29:32 witherspoon systemd[1]: Started Rebuild Journal Catalog.
Apr 20 17:29:32 witherspoon systemd[1]: Started udev Kernel Device Manager.
Apr 20 17:29:32 witherspoon systemd[1]: Starting Update is Completed...
Apr 20 17:29:32 witherspoon systemd[1]: Starting Network Time Synchronization...
Apr 20 17:29:32 witherspoon systemd[1]: Starting Run pending postinsts...
Apr 20 17:29:34 witherspoon systemd[1]: Started Network Time Synchronization.
Apr 20 17:29:34 witherspoon systemd[1]: Started Update is Completed.
Apr 20 17:29:36 witherspoon systemd[1]: Found device /dev/aspeed-lpc-ctrl.
Apr 20 17:29:36 witherspoon systemd[1]: Found device /dev/aspeed-mbox.
Apr 20 17:29:36 witherspoon systemd[1]: Found device /dev/ttyS4.
Apr 20 17:29:36 witherspoon systemd[1]: Found device /dev/ttyVUART0.
Apr 20 17:29:36 witherspoon run-postinsts[889]: Running postinst /etc/rpm-postinsts/libglib-2.0-0...
Apr 20 17:29:37 witherspoon systemd[1]: Created slice system-xyz.openbmc_project.led.controller.slice.
Apr 20 17:29:37 witherspoon systemd[1]: dev-hugepages.mount: Couldn't determine result for ConditionVirtualization=!private-users, assuming failed: No such file or directory
Apr 20 17:29:37 witherspoon systemd[1]: Created slice system-xyz.openbmc_project.Hwmon.slice.
Apr 20 17:29:37 witherspoon systemd[1]: Reached target System Time Synchronized.
Apr 20 17:29:37 witherspoon run-postinsts[889]: rm: can't remove '/etc/rpm-postinsts': Invalid argument
Apr 20 17:29:37 witherspoon run-postinsts[889]:  Removing any system startup links for run-postinsts ...
Apr 20 17:29:37 witherspoon systemctl[914]: Removed /etc/systemd/system/sysinit.target.wants/run-postinsts.service.
Apr 20 17:29:37 witherspoon systemd[1]: Reloading.
Apr 20 17:29:40 witherspoon systemd[1]: Started Run pending postinsts.
Apr 20 17:29:40 witherspoon systemd[1]: Reached target System Initialization.
Apr 20 17:29:40 witherspoon systemd[1]: Listening on Phosphor Host Console SSH Per-Connection socket.
Apr 20 17:29:40 witherspoon systemd[1]: Listening on dropbear.socket.
Apr 20 17:29:40 witherspoon systemd[1]: Listening on D-Bus System Message Bus Socket.
Apr 20 17:29:40 witherspoon systemd[1]: Listening on Phosphor Webserver socket.
Apr 20 17:29:40 witherspoon systemd[1]: Listening on Avahi mDNS/DNS-SD Stack Activation Socket.
Apr 20 17:29:40 witherspoon systemd[1]: Started Daily Cleanup of Temporary Directories.
Apr 20 17:29:40 witherspoon systemd[1]: Reached target Timers.
Apr 20 17:29:40 witherspoon systemd[1]: Listening on Phosphor DBUS Browser socket.
Apr 20 17:29:40 witherspoon systemd[1]: Listening on phosphor-ipmi-net.socket.
Apr 20 17:29:40 witherspoon systemd[1]: Reached target Sockets.
Apr 20 17:29:40 witherspoon systemd[1]: Reached target Basic System.
Apr 20 17:29:40 witherspoon systemd[1]: Started Phosphor sysfs LED controller.
Apr 20 17:29:41 witherspoon systemd[1]: Started Phosphor Hwmon Poller.
Apr 20 17:29:41 witherspoon systemd[1]: Started D-Bus System Message Bus.
Apr 20 17:29:43 witherspoon systemd[1]: Starting Network Service...
Apr 20 17:29:43 witherspoon systemd[1]: Started Phosphor Hwmon Poller.
Apr 20 17:29:43 witherspoon systemd[1]: Starting OpenPower Software Update Manager...
Apr 20 17:29:43 witherspoon systemd[1]: Starting Phosphor DBus Service Discovery Manager...
Apr 20 17:29:43 witherspoon systemd[1]: Starting Phosphor Network Manager...
Apr 20 17:29:43 witherspoon systemd[1]: Starting Avahi mDNS/DNS-SD Stack...
Apr 20 17:29:43 witherspoon systemd[1]: Started System Logging Service.
Apr 20 17:29:43 witherspoon systemd[1]: Started Phosphor Hwmon Poller.
Apr 20 17:29:43 witherspoon systemd[1]: Started Phosphor sysfs LED controller.
Apr 20 17:29:43 witherspoon systemd[1]: Started Phosphor Hwmon Poller.
Apr 20 17:29:44 witherspoon systemd[1]: Starting Phosphor Download Manager...
Apr 20 17:29:44 witherspoon systemd[1]: Starting OpenBMC Software Update Manager...
Apr 20 17:29:44 witherspoon systemd[1]: Started Phosphor Console Muxer listening on device /dev/ttyVUART0.
Apr 20 17:29:44 witherspoon systemd[1]: Starting Phosphor User Manager...
Apr 20 17:29:44 witherspoon systemd[1]: Starting Phosphor Inventory Manager...
Apr 20 17:29:44 witherspoon systemd[1]: Starting Phosphor IPMI BT DBus Bridge...
Apr 20 17:29:44 witherspoon systemd[1]: Reached target Containers.
Apr 20 17:29:44 witherspoon systemd[1]: Started Phosphor MBOX Daemon.
Apr 20 17:29:45 witherspoon avahi-daemon[934]: Found user 'avahi' (UID 998) and group 'avahi' (GID 997).
Apr 20 17:29:45 witherspoon avahi-daemon[934]: Successfully dropped root privileges.
Apr 20 17:29:45 witherspoon avahi-daemon[934]: avahi-daemon 0.6.32 starting up.
Apr 20 17:29:45 witherspoon avahi-daemon[934]: Successfully called chroot().
Apr 20 17:29:45 witherspoon avahi-daemon[934]: Successfully dropped remaining capabilities.
Apr 20 17:29:45 witherspoon avahi-daemon[934]: Loading service file /services/obmc_console.service.
Apr 20 17:29:45 witherspoon avahi-daemon[934]: Loading service file /services/phosphor_rest.service.
Apr 20 17:29:45 witherspoon avahi-daemon[934]: Loading service file /services/sftp-ssh.service.
Apr 20 17:29:45 witherspoon avahi-daemon[934]: Loading service file /services/sftp.service.
Apr 20 17:29:45 witherspoon avahi-daemon[934]: Loading service file /services/ssh.service.
Apr 20 17:29:45 witherspoon avahi-daemon[934]: Network interface enumeration completed.
Apr 20 17:29:45 witherspoon avahi-daemon[934]: Server startup complete. Host name is witherspoon.local. Local service cookie is 3086881871.
Apr 20 17:29:47 witherspoon kernel: random: crng init done
Apr 20 17:29:45 witherspoon systemd[1]: Started Phosphor Hwmon Poller.
Apr 20 17:29:45 witherspoon avahi-daemon[934]: Service "witherspoon" (/services/ssh.service) successfully established.
Apr 20 17:29:45 witherspoon systemd[1]: Started Phosphor sysfs LED controller.
Apr 20 17:29:45 witherspoon avahi-daemon[934]: Service "sftp" (/services/sftp.service) successfully established.
Apr 20 17:29:46 witherspoon systemd[1]: Starting Phosphor Inventory Manager...
Apr 20 17:29:45 witherspoon avahi-daemon[934]: Service "witherspoon" (/services/sftp-ssh.service) successfully established.
Apr 20 17:29:46 witherspoon systemd[1]: Starting Phosphor BMC0 Control...
Apr 20 17:29:45 witherspoon avahi-daemon[934]: Service "phosphor_rest" (/services/phosphor_rest.service) successfully established.
Apr 20 17:29:46 witherspoon systemd[1]: Starting Phosphor Dump Manager...
Apr 20 17:29:45 witherspoon avahi-daemon[934]: Service "obmc_console" (/services/obmc_console.service) successfully established.
Apr 20 17:29:46 witherspoon systemd[1]: Starting Phosphor LED Group Management Daemon...
Apr 20 17:29:46 witherspoon kernel[956]: klogd started: BusyBox v1.24.1 (2017-06-16 19:29:08 UTC)
Apr 20 17:29:46 witherspoon systemd[1]: Starting Phosphor Log Manager...
Apr 20 17:29:46 witherspoon kernel[956]: [    0.000000] Booting Linux on physical CPU 0x0
Apr 20 17:29:46 witherspoon systemd[1]: Started Phosphor Hwmon Poller.
Apr 20 17:29:46 witherspoon kernel[956]: [    0.000000] Linux version 4.10.17-9e95993e2d6edc68af5ca3f2345789e0f450d0db (jenkins@openbmc-builder1) (gcc version 6.2.0 (GCC) ) #1 Fri Jun 30 17:27:10 UTC 2017
Apr 20 17:29:46 witherspoon systemd[1]: Started Phosphor Dump core monitor..
Apr 20 17:29:46 witherspoon kernel[956]: [    0.000000] CPU: ARMv6-compatible processor [410fb767] revision 7 (ARMv7), cr=00c5387d
Apr 20 17:29:46 witherspoon systemd[1]: Started Kernel Logging Service.
Apr 20 17:29:46 witherspoon kernel[956]: [    0.000000] CPU: PIPT / VIPT nonaliasing data cache, VIPT nonaliasing instruction cache
Apr 20 17:29:46 witherspoon systemd[1]: Starting Clear one time boot overrides...
Apr 20 17:29:46 witherspoon kernel[956]: [    0.000000] OF: fdt:Machine model: Witherspoon BMC
Apr 20 17:29:46 witherspoon systemd[1]: Started Phosphor Hwmon Poller.
Apr 20 17:29:46 witherspoon kernel[956]: [    0.000000] Memory policy: Data cache writeback
Apr 20 17:29:46 witherspoon systemd[1]: Started Phosphor Hwmon Poller.
Apr 20 17:29:46 witherspoon kernel[956]: [    0.000000] SOC Rev: 04030303
Apr 20 17:29:46 witherspoon systemd[1]: Started Hardware RNG Entropy Gatherer Daemon.
Apr 20 17:29:46 witherspoon kernel[956]: [    0.000000] On node 0 totalpages: 110592
Apr 20 17:29:46 witherspoon systemd[1]: Starting Phosphor Download Manager...
Apr 20 17:29:46 witherspoon kernel[956]: [    0.000000] free_area_init_node: node 0, pgdat 805f33fc, node_mem_map 9ec1a000
Apr 20 17:29:46 witherspoon systemd[1]: Starting Phosphor Sensor Manager...
Apr 20 17:29:46 witherspoon kernel[956]: [    0.000000]   Normal zone: 992 pages used for memmap
Apr 20 17:29:46 witherspoon systemd[1]: Starting Phosphor Chassis0 Control...
Apr 20 17:29:46 witherspoon kernel[956]: [    0.000000]   Normal zone: 0 pages reserved
Apr 20 17:29:46 witherspoon systemd[1]: Started OpenBMC Software Update Manager.
Apr 20 17:29:46 witherspoon kernel[956]: [    0.000000]   Normal zone: 110592 pages, LIFO batch:31
Apr 20 17:29:46 witherspoon systemd[1]: Started Phosphor IPMI BT DBus Bridge.
Apr 20 17:29:46 witherspoon kernel[956]: [    0.000000] pcpu-alloc: s0 r0 d32768 u32768 alloc=1*32768
Apr 20 17:29:46 witherspoon systemd[1]: Started Avahi mDNS/DNS-SD Stack.
Apr 20 17:29:46 witherspoon kernel[956]: [    0.000000] pcpu-alloc: [0] 0
Apr 20 17:29:46 witherspoon systemd[1]: Started Phosphor Download Manager.
Apr 20 17:29:46 witherspoon kernel[956]: [    0.000000] Built 1 zonelists in Zone order, mobility grouping on.  Total pages: 109600
Apr 20 17:29:46 witherspoon systemd[1]: Started Clear one time boot overrides.
Apr 20 17:29:46 witherspoon kernel[956]: [    0.000000] Kernel command line: console=ttyS4,115200n8 root=/dev/ram rw
Apr 20 17:29:48 witherspoon systemd[1]: Started OpenPower Software Update Manager.
Apr 20 17:29:46 witherspoon kernel[956]: [    0.000000] PID hash table entries: 2048 (order: 1, 8192 bytes)
Apr 20 17:29:48 witherspoon systemd-networkd[929]: Enumeration completed
Apr 20 17:29:46 witherspoon kernel[956]: [    0.000000] Dentry cache hash table entries: 65536 (order: 6, 262144 bytes)
Apr 20 17:29:48 witherspoon systemd[1]: Started Network Service.
Apr 20 17:29:46 witherspoon kernel[956]: [    0.000000] Inode-cache hash table entries: 32768 (order: 5, 131072 bytes)
Apr 20 17:29:48 witherspoon systemd-networkd[929]: eth0: IPv6 enabled for interface: Success
Apr 20 17:29:46 witherspoon kernel[956]: [    0.000000] Memory: 430508K/442368K available (4048K kernel code, 280K rwdata, 1168K rodata, 280K init, 111K bss, 11860K reserved, 0K cma-reserved)
Apr 20 17:29:48 witherspoon systemd-networkd[929]: eth0: Gained carrier
Apr 20 17:29:46 witherspoon kernel[956]: [    0.000000] Virtual kernel memory layout:
Apr 20 17:29:48 witherspoon systemd[1]: Reached target Network.
Apr 20 17:29:46 witherspoon kernel[956]: [    0.000000]     vector  : 0xffff0000 - 0xffff1000   (   4 kB)
Apr 20 17:29:48 witherspoon systemd-timesyncd[888]: Network configuration changed, trying to establish connection.
Apr 20 17:29:46 witherspoon kernel[956]: [    0.000000]     fixmap  : 0xffc00000 - 0xfff00000   (3072 kB)
Apr 20 17:29:48 witherspoon systemd[1]: Started Lightweight SLP Server.
Apr 20 17:29:46 witherspoon kernel[956]: [    0.000000]     vmalloc : 0x9f800000 - 0xff800000   (1536 MB)
Apr 20 17:29:48 witherspoon systemd[1]: Starting Permit User Sessions...
Apr 20 17:29:46 witherspoon kernel[956]: [    0.000000]     lowmem  : 0x80000000 - 0x9f000000   ( 496 MB)
Apr 20 17:29:48 witherspoon systemd[1]: Starting Phosphor Version Software Manager...
Apr 20 17:29:46 witherspoon kernel[956]: [    0.000000]       .text : 0x80008000 - 0x803fc350   (4049 kB)
Apr 20 17:29:49 witherspoon systemd-networkd[929]: eth0: Gained IPv6LL
Apr 20 17:29:46 witherspoon kernel[956]: [    0.000000]       .init : 0x8057a000 - 0x805c0000   ( 280 kB)
Apr 20 17:29:49 witherspoon systemd[1]: Started Permit User Sessions.
Apr 20 17:29:46 witherspoon kernel[956]: [    0.000000]       .data : 0x805c0000 - 0x806061a8   ( 281 kB)
Apr 20 17:29:50 witherspoon systemd[1]: Started Serial Getty on ttyS4.
Apr 20 17:29:46 witherspoon kernel[956]: [    0.000000]        .bss : 0x806061a8 - 0x80622058   ( 112 kB)
Apr 20 17:29:50 witherspoon systemd[1]: Reached target Login Prompts.
Apr 20 17:29:46 witherspoon kernel[956]: [    0.000000] NR_IRQS:16 nr_irqs:16 16
Apr 20 17:29:51 witherspoon kernel: ftgmac100 1e660000.ethernet eth0: NCSI interface up
Apr 20 17:29:50 witherspoon systemd[1]: Reached target Multi-User System.
Apr 20 17:29:46 witherspoon kernel[956]: [    0.000000] i2c controller registered, irq 16
Apr 20 17:29:50 witherspoon systemd[1]: Started Phosphor Inventory Manager.
Apr 20 17:29:46 witherspoon kernel[956]: [    0.000000] clocksource: moxart_timer: mask: 0xffffffff max_cycles: 0xffffffff, max_idle_ns: 77222644334 ns
Apr 20 17:29:50 witherspoon systemd[1]: Started Phosphor LED Group Management Daemon.
Apr 20 17:29:46 witherspoon kernel[956]: [    0.000000] sched_clock: 32 bits at 100 Hz, resolution 10000000ns, wraps every 21474836475000000ns
Apr 20 17:29:50 witherspoon systemd[1]: Started Phosphor Log Manager.
Apr 20 17:29:46 witherspoon kernel[956]: [    0.090000] Calibrating delay loop... 789.70 BogoMIPS (lpj=3948544)
Apr 20 17:29:51 witherspoon systemd[1]: Started Phosphor Dump Manager.
Apr 20 17:29:46 witherspoon kernel[956]: [    0.090000] pid_max: default: 32768 minimum: 301
Apr 20 17:29:51 witherspoon systemd[1]: Started Phosphor Version Software Manager.
Apr 20 17:29:46 witherspoon kernel[956]: [    0.090000] Mount-cache hash table entries: 1024 (order: 0, 4096 bytes)
Apr 20 17:29:52 witherspoon systemd[1]: Started Phosphor BMC0 Control.
Apr 20 17:29:46 witherspoon kernel[956]: [    0.090000] Mountpoint-cache hash table entries: 1024 (order: 0, 4096 bytes)
Apr 20 17:29:46 witherspoon kernel[956]: [    0.090000] CPU: Testing write buffer coherency: ok
Apr 20 17:29:46 witherspoon kernel[956]: [    0.090000] ftrace: allocating 14866 entries in 44 pages
Apr 20 17:29:46 witherspoon kernel[956]: [    0.120000] Setting up static identity map for 0x80008200 - 0x8000825c
Apr 20 17:29:46 witherspoon kernel[956]: [    0.120000] devtmpfs: initialized
Apr 20 17:29:46 witherspoon kernel[956]: [    0.140000] clocksource: jiffies: mask: 0xffffffff max_cycles: 0xffffffff, max_idle_ns: 19112604462750000 ns
Apr 20 17:29:46 witherspoon kernel[956]: [    0.140000] futex hash table entries: 256 (order: -1, 3072 bytes)
Apr 20 17:29:46 witherspoon kernel[956]: [    0.140000] pinctrl core: initialized pinctrl subsystem
Apr 20 17:29:46 witherspoon kernel[956]: [    0.140000] NET: Registered protocol family 16
Apr 20 17:29:46 witherspoon kernel[956]: [    0.140000] DMA: preallocated 256 KiB pool for atomic coherent allocations
Apr 20 17:29:46 witherspoon kernel[956]: [    0.210000] usbcore: registered new interface driver usbfs
Apr 20 17:29:46 witherspoon kernel[956]: [    0.210000] usbcore: registered new interface driver hub
Apr 20 17:29:46 witherspoon kernel[956]: [    0.210000] usbcore: registered new device driver usb
Apr 20 17:29:46 witherspoon kernel[956]: [    0.220000] clocksource: Switched to clocksource moxart_timer
Apr 20 17:29:46 witherspoon kernel[956]: [    0.240000] NET: Registered protocol family 2
Apr 20 17:29:46 witherspoon kernel[956]: [    0.240000] TCP established hash table entries: 4096 (order: 2, 16384 bytes)
Apr 20 17:29:46 witherspoon kernel[956]: [    0.240000] TCP bind hash table entries: 4096 (order: 2, 16384 bytes)
Apr 20 17:29:46 witherspoon kernel[956]: [    0.240000] TCP: Hash tables configured (established 4096 bind 4096)
Apr 20 17:29:46 witherspoon kernel[956]: [    0.240000] UDP hash table entries: 256 (order: 0, 4096 bytes)
Apr 20 17:29:46 witherspoon kernel[956]: [    0.240000] UDP-Lite hash table entries: 256 (order: 0, 4096 bytes)
Apr 20 17:29:46 witherspoon kernel[956]: [    0.240000] NET: Registered protocol family 1
Apr 20 17:29:46 witherspoon kernel[956]: [    0.240000] Trying to unpack rootfs image as initramfs...
Apr 20 17:29:46 witherspoon kernel[956]: [    1.910000] Freeing initrd memory: 1548K
Apr 20 17:29:46 witherspoon kernel[956]: [    1.910000] workingset: timestamp_bits=30 max_order=17 bucket_order=0
Apr 20 17:29:46 witherspoon kernel[956]: [    1.910000] squashfs: version 4.0 (2009/01/31) Phillip Lougher
Apr 20 17:29:46 witherspoon kernel[956]: [    1.910000] jffs2: version 2.2. (SUMMARY)  © 2001-2006 Red Hat, Inc.
Apr 20 17:29:46 witherspoon kernel[956]: [    1.910000] Block layer SCSI generic (bsg) driver version 0.4 loaded (major 250)
Apr 20 17:29:46 witherspoon kernel[956]: [    1.910000] io scheduler noop registered
Apr 20 17:29:46 witherspoon kernel[956]: [    1.910000] io scheduler deadline registered
Apr 20 17:29:46 witherspoon kernel[956]: [    1.910000] io scheduler cfq registered (default)
Apr 20 17:29:46 witherspoon kernel[956]: [    2.060000] ipmi-bt-host 1e789140.ibt: Found bt bmc device
Apr 20 17:29:46 witherspoon kernel[956]: [    2.060000] ipmi-bt-host 1e789140.ibt: Using IRQ 22
Apr 20 17:29:46 witherspoon kernel[956]: [    2.060000] Serial: 8250/16550 driver, 6 ports, IRQ sharing enabled
Apr 20 17:29:46 witherspoon kernel[956]: [    2.060000] 1e783000.serial: ttyS0 at MMIO 0x1e783000 (irq = 23, base_baud = 1500000) is a 16550A
Apr 20 17:29:46 witherspoon kernel[956]: [    2.060000] 1e78d000.serial: ttyS1 at MMIO 0x1e78d000 (irq = 24, base_baud = 1500000) is a 16550A
Apr 20 17:29:46 witherspoon kernel[956]: [    2.060000] 1e784000.serial: ttyS4 at MMIO 0x1e784000 (irq = 25, base_baud = 1500000) is a 16550A
Apr 20 17:29:46 witherspoon kernel[956]: [    2.410000] console [ttyS4] enabled
Apr 20 17:29:46 witherspoon kernel[956]: [    2.410000] 1e787000.vuart: ttyS2 at MMIO 0x1e787000 (irq = 22, base_baud = 1500000) is a 16550A
Apr 20 17:29:46 witherspoon kernel[956]: [    2.610000] timeriomem_rng 1e6e2078.hwrng: 32bits from 0xf00e2078 @ 1us
Apr 20 17:29:46 witherspoon kernel[956]: [    2.630000] brd: module loaded
Apr 20 17:29:46 witherspoon kernel[956]: [    2.650000] loop: module loaded
Apr 20 17:29:46 witherspoon kernel[956]: [    2.650000] aspeed-lpc-ctrl 1e789080.lpc-ctrl: Loaded at 0x98000000 (0x04000000)
Apr 20 17:29:46 witherspoon kernel[956]: [    2.680000] aspeed-smc 1e620000.flash-controller: Using IRQ 18
Apr 20 17:29:46 witherspoon kernel[956]: [    2.680000] aspeed-smc 1e620000.flash-controller: DMA support disabled.
Apr 20 17:29:46 witherspoon kernel[956]: [    2.680000] aspeed-smc 1e620000.flash-controller: mx25l25635e (32768 Kbytes)
Apr 20 17:29:46 witherspoon kernel[956]: [    2.680000] aspeed-smc 1e620000.flash-controller: CE0 window [ 0x20000000 - 0x22000000 ] 32MB
Apr 20 17:29:46 witherspoon kernel[956]: [    2.710000] aspeed-smc 1e620000.flash-controller: CE1 window [ 0x22000000 - 0x2a000000 ] 128MB
Apr 20 17:29:46 witherspoon kernel[956]: [    2.710000] 5 ofpart partitions found on MTD device bmc
Apr 20 17:29:46 witherspoon kernel[956]: [    2.710000] Creating 5 MTD partitions on "bmc":
Apr 20 17:29:46 witherspoon kernel[956]: [    2.710000] 0x000000000000-0x000000060000 : "u-boot"
Apr 20 17:29:46 witherspoon kernel[956]: [    2.750000] 0x000000060000-0x000000080000 : "u-boot-env"
Apr 20 17:29:46 witherspoon kernel[956]: [    2.750000] 0x000000080000-0x0000004c0000 : "kernel"
Apr 20 17:29:46 witherspoon kernel[956]: [    2.750000] 0x0000004c0000-0x000001c00000 : "rofs"
Apr 20 17:29:46 witherspoon kernel[956]: [    2.750000] 0x000001c00000-0x000002000000 : "rwfs"
Apr 20 17:29:46 witherspoon kernel[956]: [    2.750000] aspeed-smc 1e620000.flash-controller: mx25l25635e (32768 Kbytes)
Apr 20 17:29:46 witherspoon kernel[956]: [    2.790000] aspeed-smc 1e620000.flash-controller: CE1 window [ 0x22000000 - 0x24000000 ] 32MB
Apr 20 17:29:46 witherspoon kernel[956]: [    2.790000] aspeed-smc 1e620000.flash-controller: CE2 window [ 0x24000000 - 0x2c000000 ] 128MB
Apr 20 17:29:46 witherspoon kernel[956]: [    2.790000] aspeed-smc 1e630000.flash-controller: mx66l1g45g (131072 Kbytes)
Apr 20 17:29:46 witherspoon kernel[956]: [    2.790000] aspeed-smc 1e630000.flash-controller: CE0 window resized to 120MB (AST2500 HW quirk)
Apr 20 17:29:46 witherspoon kernel[956]: [    2.790000] aspeed-smc 1e630000.flash-controller: CE0 window [ 0x30000000 - 0x37800000 ] 120MB
Apr 20 17:29:46 witherspoon kernel[956]: [    2.790000] aspeed-smc 1e630000.flash-controller: CE0 window too small for chip 128MB
Apr 20 17:29:46 witherspoon kernel[956]: [    2.850000] aspeed-smc 1e630000.flash-controller: CE1 window [ 0x37800000 - 0x38000000 ] 8MB
Apr 20 17:29:46 witherspoon kernel[956]: [    2.850000] aspeed-smc 1e630000.flash-controller: Calibration area too uniform, using low speed
Apr 20 17:29:46 witherspoon kernel[956]: [    2.850000] libphy: Fixed MDIO Bus: probed
Apr 20 17:29:46 witherspoon kernel[956]: [    2.850000] ftgmac100 1e660000.ethernet: Read MAC address 70:e2:84:14:24:20 from chip
Apr 20 17:29:46 witherspoon kernel[956]: [    2.850000] ftgmac100 1e660000.ethernet: Using NCSI interface
Apr 20 17:29:46 witherspoon kernel[956]: [    2.920000] ftgmac100 1e660000.ethernet eth0: irq 20, mapped at f0060000
Apr 20 17:29:46 witherspoon kernel[956]: [    2.920000] ehci_hcd: USB 2.0 'Enhanced' Host Controller (EHCI) Driver
Apr 20 17:29:46 witherspoon kernel[956]: [    2.920000] ehci-platform: EHCI generic platform driver
Apr 20 17:29:46 witherspoon kernel[956]: [    3.090000]  fsi0: can't read slave 00:00 -5
Apr 20 17:29:46 witherspoon kernel[956]: [    3.090000] i2c /dev entries driver
Apr 20 17:29:46 witherspoon kernel[956]: [    3.090000] aspeed-i2c-bus 1e78a0c0.i2c-bus: i2c bus 2 registered, irq 26
Apr 20 17:29:46 witherspoon kernel[956]: [    3.090000] aspeed-i2c-bus 1e78a100.i2c-bus: i2c bus 3 registered, irq 27
Apr 20 17:29:46 witherspoon kernel[956]: [    3.090000] aspeed-i2c-bus 1e78a140.i2c-bus: i2c bus 4 registered, irq 28
Apr 20 17:29:46 witherspoon kernel[956]: [    3.090000] aspeed-i2c-bus 1e78a180.i2c-bus: i2c bus 5 registered, irq 29
Apr 20 17:29:46 witherspoon kernel[956]: [    3.090000] aspeed-i2c-bus 1e78a380.i2c-bus: i2c bus 9 registered, irq 30
Apr 20 17:29:46 witherspoon kernel[956]: [    3.090000] aspeed-i2c-bus 1e78a3c0.i2c-bus: i2c bus 10 registered, irq 31
Apr 20 17:29:46 witherspoon kernel[956]: [    3.180000] rtc-rv8803 11-0032: rtc core: registered rx8900 as rtc0
Apr 20 17:29:46 witherspoon kernel[956]: [    3.190000] at24 11-0051: 8192 byte 24c64 EEPROM, writable, 1 bytes/write
Apr 20 17:29:46 witherspoon kernel[956]: [    3.190000] aspeed-i2c-bus 1e78a400.i2c-bus: i2c bus 11 registered, irq 32
Apr 20 17:29:46 witherspoon kernel[956]: [    3.200000] aspeed-i2c-bus 1e78a440.i2c-bus: i2c bus 12 registered, irq 33
Apr 20 17:29:46 witherspoon kernel[956]: [    3.200000] aspeed-i2c-bus 1e78a480.i2c-bus: i2c bus 13 registered, irq 34
Apr 20 17:29:46 witherspoon kernel[956]: [    3.220000] Driver for 1-wire Dallas network protocol.
Apr 20 17:29:46 witherspoon kernel[956]: [    3.220000] lm75 9-004a: hwmon0: sensor 'tmp275'
Apr 20 17:29:46 witherspoon kernel[956]: [    3.260000] random: fast init done
Apr 20 17:29:46 witherspoon kernel[956]: [    3.650000] ucd9000 11-0064: Device ID UCD90160|2.3.4.0000|110603
Apr 20 17:29:46 witherspoon kernel[956]: [    3.980000] leds-pca955x 11-0060: leds-pca955x: Using pca9552 16-bit LED driver at slave address 0x60
Apr 20 17:29:46 witherspoon kernel[956]: [    3.990000] leds-pca955x 11-0060: gpios 264...279
Apr 20 17:29:46 witherspoon kernel[956]: [    4.000000] usbcore: registered new interface driver usbhid
Apr 20 17:29:46 witherspoon kernel[956]: [    4.000000] usbhid: USB HID core driver
Apr 20 17:29:46 witherspoon kernel[956]: [    4.050000] dps310: probe of 3-0076 failed with error -5
Apr 20 17:29:46 witherspoon kernel[956]: [    4.050000] NET: Registered protocol family 10
Apr 20 17:29:46 witherspoon kernel[956]: [    4.060000] Segment Routing with IPv6
Apr 20 17:29:46 witherspoon kernel[956]: [    4.060000] NET: Registered protocol family 17
Apr 20 17:29:46 witherspoon kernel[956]: [    4.060000] console [netcon0] enabled
Apr 20 17:29:46 witherspoon kernel[956]: [    4.060000] netconsole: network logging started
Apr 20 17:29:46 witherspoon kernel[956]: [    4.080000] input: gpio-keys as /devices/platform/gpio-keys/input/input0
Apr 20 17:29:46 witherspoon kernel[956]: [    4.090000] rtc-rv8803 11-0032: setting system clock to 2016-03-10 04:26:04 UTC (1457583964)
Apr 20 17:29:46 witherspoon kernel[956]: [    4.100000] Freeing unused kernel memory: 280K
Apr 20 17:29:46 witherspoon kernel[956]: [    4.100000] This architecture does not have kernel memory protection.
Apr 20 17:29:46 witherspoon kernel[956]: [    5.650000] jffs2: notice: (514) jffs2_build_xattr_subsystem: complete building xattr subsystem, 0 of xdatum (0 unchecked, 0 orphan) and 0 of xref (0 dead, 0 orphan) found.
Apr 20 17:29:46 witherspoon kernel[956]: [    7.890000] systemd[1]: System time before build time, advancing clock.
Apr 20 17:29:46 witherspoon kernel[956]: [    7.910000] systemd[1]: Failed to insert module 'autofs4': No such file or directory
Apr 20 17:29:46 witherspoon kernel[956]: [    8.050000] systemd[1]: systemd 232 running in system mode. (+PAM -AUDIT -SELINUX -IMA -APPARMOR -SMACK +SYSVINIT -UTMP -LIBCRYPTSETUP -GCRYPT -GNUTLS +ACL +XZ -LZ4 -SECCOMP +BLKID -ELFUTILS +KMOD -IDN)
Apr 20 17:29:46 witherspoon kernel[956]: [    8.090000] systemd[1]: Detected architecture arm.
Apr 20 17:29:46 witherspoon kernel[956]: [    8.140000] systemd[1]: Set hostname to <witherspoon>.
Apr 20 17:29:46 witherspoon kernel[956]: [    9.660000] systemd[1]: Listening on udev Control Socket.
Apr 20 17:29:46 witherspoon kernel[956]: [    9.810000] systemd[1]: Listening on Syslog Socket.
Apr 20 17:29:46 witherspoon kernel[956]: [    9.960000] systemd[1]: Listening on /dev/initctl Compatibility Named Pipe.
Apr 20 17:29:46 witherspoon kernel[956]: [   10.120000] systemd[1]: Reached target Remote File Systems.
Apr 20 17:29:46 witherspoon kernel[956]: [   10.290000] systemd[1]: Started Dispatch Password Requests to Console Directory Watch.
Apr 20 17:29:46 witherspoon kernel[956]: [   10.460000] systemd[1]: Listening on Network Service Netlink Socket.
Apr 20 17:29:46 witherspoon kernel[956]: [   10.640000] systemd[1]: Created slice System Slice.
Apr 20 17:29:46 witherspoon kernel[956]: [   13.060000] systemd[1]: Created slice system-serial\x2dgetty.slice.
Apr 20 17:29:46 witherspoon kernel[956]: [   13.320000] systemd[1]: dev-hugepages.mount: Couldn't determine result for ConditionVirtualization=!private-users, assuming failed: No such file or directory
Apr 20 17:29:46 witherspoon kernel[956]: [   13.320000] systemd[1]: Started Forward Password Requests to Wall Directory Watch.
Apr 20 17:29:46 witherspoon kernel[956]: [   13.580000] systemd[1]: Reached target Paths.
Apr 20 17:29:46 witherspoon kernel[956]: [   13.850000] systemd[1]: Listening on Journal Socket.
Apr 20 17:29:46 witherspoon kernel[956]: [   14.120000] systemd[1]: Starting Apply Kernel Variables...
Apr 20 17:29:46 witherspoon kernel[956]: [   14.400000] systemd[1]: Listening on udev Kernel Socket.
Apr 20 17:29:46 witherspoon kernel[956]: [   14.680000] systemd[1]: Created slice system-obmc\x2dconsole.slice.
Apr 20 17:29:46 witherspoon kernel[956]: [   14.970000] systemd[1]: Listening on Journal Socket (/dev/log).
Apr 20 17:29:46 witherspoon kernel[956]: [   15.260000] systemd[1]: Created slice system-phosphor\x2ddiscover\x2dsystem\x2dstate.slice.
Apr 20 17:29:46 witherspoon kernel[956]: [   18.120000] systemd[1]: Created slice system-obmc\x2dled\x2dgroup\x2dstart.slice.
Apr 20 17:29:46 witherspoon kernel[956]: [   18.460000] systemd[1]: Starting Remount Root and Kernel File Systems...
Apr 20 17:29:46 witherspoon kernel[956]: [   18.810000] systemd[1]: Mounted Debug File System.
Apr 20 17:29:46 witherspoon kernel[956]: [   19.160000] systemd[1]: Mounted Temporary Directory.
Apr 20 17:29:46 witherspoon kernel[956]: [   19.520000] systemd[1]: Started Journal Service.
Apr 20 17:29:46 witherspoon kernel[956]: [   21.000000] systemd-journald[540]: Received request to flush runtime journal from PID 1
Apr 20 17:29:46 witherspoon kernel[956]: [   36.800000] random: crng init done
Apr 20 17:29:48 witherspoon avahi-daemon[934]: Joining mDNS multicast group on interface eth0.IPv4 with address 9.41.166.169.
Apr 20 17:29:48 witherspoon avahi-daemon[934]: New relevant interface eth0.IPv4 for mDNS.
Apr 20 17:29:48 witherspoon avahi-daemon[934]: Registering new address record for 9.41.166.169 on eth0.IPv4.
Apr 20 17:29:49 witherspoon avahi-daemon[934]: Joining mDNS multicast group on interface eth0.IPv6 with address fe80::72e2:84ff:fe14:2420.
Apr 20 17:29:49 witherspoon avahi-daemon[934]: New relevant interface eth0.IPv6 for mDNS.
Apr 20 17:29:49 witherspoon avahi-daemon[934]: Registering new address record for fe80::72e2:84ff:fe14:2420 on eth0.*.
Apr 20 17:29:51 witherspoon kernel[956]: [   41.760000] ftgmac100 1e660000.ethernet eth0: NCSI interface up
Apr 20 17:29:56 witherspoon systemd[1]: Created slice system-dropbear.slice.
Apr 20 17:29:56 witherspoon systemd[1]: Started SSH Per-Connection Server (9.41.165.94:57918).
Apr 20 17:29:57 witherspoon dropbear[977]: Failed loading /etc/dropbear/dropbear_dss_host_key
Apr 20 17:29:57 witherspoon dropbear[977]: Failed loading /etc/dropbear/dropbear_ecdsa_host_key
Apr 20 17:29:57 witherspoon dropbear[977]: Child connection from ::ffff:9.41.165.94:57918
Apr 20 17:30:02 witherspoon systemd-networkd[929]: eth0: Configured
Apr 20 17:30:02 witherspoon systemd-timesyncd[888]: Network configuration changed, trying to establish connection.
Apr 20 17:30:04 witherspoon dropbear[977]: pam_unix(dropbear:account): account root has password changed in future
Apr 20 17:30:04 witherspoon dropbear[977]: PAM password auth succeeded for 'root' from ::ffff:9.41.165.94:57918
Apr 20 17:30:04 witherspoon dropbear[978]: lastlog_perform_login: Couldn't stat /var/log/lastlog: No such file or directory
Apr 20 17:30:04 witherspoon dropbear[978]: lastlog_openseek: /var/log/lastlog is not a file or directory!
Apr 20 17:30:08 witherspoon systemd[1]: Started Phosphor Download Manager.
Apr 20 17:30:08 witherspoon download_manager.py[961]: Running Download Manager
Apr 20 17:30:10 witherspoon sensor_manager2.py[962]: Setting boot count to 3
Apr 20 17:30:11 witherspoon phosphor-mapper[932]: ObjectMapper startup complete.  Discovery in progress...
Apr 20 17:30:12 witherspoon sensor_manager2.py[962]: Deleting OCC device
Apr 20 17:30:12 witherspoon sensor_manager2.py[962]: sh: /sys/class/i2c-adapter/i2c-3/3-0050/online: No such file or directory
Apr 20 17:30:12 witherspoon sensor_manager2.py[962]: Deleting OCC device
Apr 20 17:30:12 witherspoon chassis_control.py[963]: Running ChassisControlService
Apr 20 17:30:12 witherspoon systemd[1]: Started Phosphor Chassis0 Control.
Apr 20 17:30:12 witherspoon avahi-daemon[946]: ../../avahi-0.6.32/avahi-daemon/chroot.c: open() failed: No such file or directory
Apr 20 17:30:12 witherspoon avahi-daemon[934]: Failed to open /usr/share/dbus-1/interfaces/org.freedesktop.Avahi.Server.xml: Invalid argument
Apr 20 17:30:12 witherspoon avahi-daemon[934]: Failed to load introspection data.
Apr 20 17:30:13 witherspoon sensor_manager2.py[962]: sh: /sys/class/i2c-adapter/i2c-3/3-0050/online: No such file or directory
Apr 20 17:30:13 witherspoon sensor_manager2.py[962]: Starting sensor manager
Apr 20 17:30:13 witherspoon systemd[1]: Started Phosphor Sensor Manager.
Apr 20 17:30:13 witherspoon systemd[1]: Started Phosphor User Manager.
Apr 20 17:30:13 witherspoon obmc-phosphor-userd[942]: Started
Apr 20 17:30:16 witherspoon inventory_items.py[943]: Loading from cache: /var/cache/obmc/org.openbmc.inventory.system.chassis.motherboard.apss@org.openbmc.InventoryItem.props
Apr 20 17:30:16 witherspoon inventory_items.py[943]: Loading from cache: /var/cache/obmc/org.openbmc.inventory.system.chassis.motherboard@org.openbmc.InventoryItem.props
Apr 20 17:30:16 witherspoon inventory_items.py[943]: Loading from cache: /var/cache/obmc/org.openbmc.inventory.system.chassis.motherboard.refclock@org.openbmc.InventoryItem.props
Apr 20 17:30:16 witherspoon inventory_items.py[943]: Loading from cache: /var/cache/obmc/org.openbmc.inventory.system.chassis.motherboard.todclock@org.openbmc.InventoryItem.props
Apr 20 17:30:16 witherspoon inventory_items.py[943]: Loading from cache: /var/cache/obmc/org.openbmc.inventory.system.chassis.motherboard.bmc@org.openbmc.InventoryItem.props
Apr 20 17:30:16 witherspoon inventory_items.py[943]: Caching: /org/openbmc/inventory/system/chassis/motherboard/bmc
Apr 20 17:30:16 witherspoon inventory_items.py[943]: Loading from cache: /var/cache/obmc/org.openbmc.inventory.system.chassis.motherboard.pcieclock@org.openbmc.InventoryItem.props
Apr 20 17:30:16 witherspoon inventory_items.py[943]: Running Inventory Manager
Apr 20 17:30:16 witherspoon systemd[1]: Started Phosphor Inventory Manager.
Apr 20 17:30:17 witherspoon systemd[1]: Started Phosphor Network Manager.
Apr 20 17:30:17 witherspoon netman.py[933]: Started
Apr 20 17:30:28 witherspoon phosphor-mapper[932]: ObjectMapper discovery complete
Apr 20 17:30:28 witherspoon systemd[1]: Started Phosphor DBus Service Discovery Manager.
Apr 20 17:30:28 witherspoon systemd[1]: Reached target Phosphor Object Mapper.
Apr 20 17:30:28 witherspoon systemd[1]: Starting Phoshpor System Manager...
Apr 20 17:30:28 witherspoon systemd[1]: Starting Wait for /org/openbmc/NetworkManager/Interface...
Apr 20 17:30:28 witherspoon systemd[1]: Starting Wait for /xyz/openbmc_project/led/groups...
Apr 20 17:30:28 witherspoon systemd[1]: Starting Phosphor Settings Manager...
Apr 20 17:30:28 witherspoon systemd[1]: Starting Wait for /org/openbmc/managers/Download...
Apr 20 17:30:28 witherspoon systemd[1]: Starting Wait for /xyz/openbmc_project/led/groups/bmc_booted...
Apr 20 17:30:28 witherspoon systemd[1]: Starting Wait for /org/openbmc/control/bmc0...
Apr 20 17:30:28 witherspoon systemd[1]: Reached target Webserver (pre).
Apr 20 17:30:28 witherspoon systemd[1]: Started Phosphor Webserver.
Apr 20 17:30:28 witherspoon systemd[1]: Starting Wait for /org/openbmc/managers/System...
Apr 20 17:30:28 witherspoon systemd[1]: Starting Wait for /xyz/openbmc_project/inventory...
Apr 20 17:30:28 witherspoon systemd[1]: Starting Wait for /org/openbmc/control/flash/bios...
Apr 20 17:30:28 witherspoon systemd[1]: Starting Wait for /org/openbmc/control/power0...
Apr 20 17:30:28 witherspoon systemd[1]: Started Phosphor DBus Monitor.
Apr 20 17:30:28 witherspoon systemd[1]: Starting Wait for /org/openbmc/sensors...
Apr 20 17:30:28 witherspoon systemd[1]: Starting Wait for /xyz/openbmc_project/control/host0...
Apr 20 17:30:28 witherspoon systemd[1]: Starting Wait for /xyz/openbmc_project/state/chassis0...
Apr 20 17:30:28 witherspoon systemd[1]: Starting Wait for /xyz/openbmc_project/state/host0...
Apr 20 17:30:30 witherspoon systemd[1]: Started Wait for /org/openbmc/NetworkManager/Interface.
Apr 20 17:30:30 witherspoon systemd[1]: Started Wait for /xyz/openbmc_project/led/groups.
Apr 20 17:30:30 witherspoon systemd[1]: Started Wait for /org/openbmc/managers/Download.
Apr 20 17:30:30 witherspoon systemd[1]: Started Wait for /xyz/openbmc_project/led/groups/bmc_booted.
Apr 20 17:30:30 witherspoon systemd[1]: Started Wait for /org/openbmc/control/bmc0.
Apr 20 17:30:30 witherspoon systemd[1]: Started Wait for /xyz/openbmc_project/inventory.
Apr 20 17:30:30 witherspoon systemd[1]: Started Wait for /org/openbmc/sensors.
Apr 20 17:30:30 witherspoon systemd[1]: Started Phosphor Hwmon Poller.
Apr 20 17:30:30 witherspoon systemd[1]: Starting OpenPOWER OCC controller...
Apr 20 17:30:30 witherspoon systemd[1]: Started Phosphor Cooling Type.
Apr 20 17:30:30 witherspoon systemd[1]: Starting Read OpenPOWER-format VPD from EEPROM...
Apr 20 17:30:30 witherspoon systemd[1]: Starting Assert bmc_booted LED...
Apr 20 17:30:30 witherspoon systemd[1]: Starting Phosphor BMC Code Update...
Apr 20 17:30:30 witherspoon systemd[1]: Starting Phosphor BIOS Code Update...
Apr 20 17:30:30 witherspoon systemd[1]: Started FRU Fault monitor service.
Apr 20 17:30:30 witherspoon systemd[1]: Started Phosphor DNS Settings Cache Manager.
Apr 20 17:30:32 witherspoon systemd[1]: Started OpenPOWER OCC controller.
Apr 20 17:30:32 witherspoon systemd[1]: Started Phosphor BIOS Code Update.
Apr 20 17:30:34 witherspoon systemd[1]: Started Assert bmc_booted LED.
Apr 20 17:30:38 witherspoon systemd[1]: Started Read OpenPOWER-format VPD from EEPROM.
Apr 20 17:30:41 witherspoon systemd[1]: Started Wait for /org/openbmc/control/flash/bios.
Apr 20 17:30:41 witherspoon systemd[1]: Started Initialize BIOS Flash.
Apr 20 17:30:46 witherspoon hwmon.py[1008]: Starting HWMON sensors
Apr 20 17:30:46 witherspoon system_manager.py[986]: Running System State: BASE_APPS
Apr 20 17:30:47 witherspoon system_manager.py[986]: SystemManager Init Done
Apr 20 17:30:47 witherspoon system_manager.py[986]: Running SystemManager
Apr 20 17:30:47 witherspoon systemd[1]: Started Phoshpor System Manager.
Apr 20 17:30:47 witherspoon system_manager.py[986]: SystemManager Goto System State: BMC_STARTING
Apr 20 17:30:47 witherspoon system_manager.py[986]: Running System State: BMC_STARTING
Apr 20 17:30:47 witherspoon settings_manager.py[989]: Running HostSettingsService
Apr 20 17:30:47 witherspoon systemd[1]: Started Phosphor Settings Manager.
Apr 20 17:30:47 witherspoon systemd[1]: Starting Wait for /org/openbmc/settings/host0...
Apr 20 17:30:47 witherspoon flash_bios.exe[1014]: Starting flasher: bios,,/org/openbmc/control/flash/bios,
Apr 20 17:30:47 witherspoon flash_bios.exe[1014]: flasher: , BMC = 1, address = 0x0
Apr 20 17:30:47 witherspoon flash_bios.exe[1014]: Setting up flash
Apr 20 17:30:48 witherspoon flash_bios.exe[1014]: Starting flasher: bios,,/org/openbmc/control/flash/bios,
Apr 20 17:30:48 witherspoon flash_bios.exe[1014]: flasher: , BMC = 1, address = 0x0
Apr 20 17:30:48 witherspoon flash_bios.exe[1014]: Setting up flash
Apr 20 17:30:48 witherspoon systemd[1]: Started Phosphor BMC Code Update.
Apr 20 17:30:48 witherspoon bmc_update.py[1013]: Running Bmc Flash Control
Apr 20 17:30:48 witherspoon systemd[1]: Started Wait for /org/openbmc/managers/System.
Apr 20 17:30:48 witherspoon systemd[1]: Starting Phosphor BMC State Manager...
Apr 20 17:30:48 witherspoon systemd[1]: Starting Phosphor Power Button0...
Apr 20 17:30:48 witherspoon systemd[1]: Starting Phosphor Chassis State Manager...
Apr 20 17:30:48 witherspoon systemd[1]: Starting Phosphor Power0 Control...
Apr 20 17:30:48 witherspoon systemd[1]: Starting Phosphor Reset Button0...
Apr 20 17:30:48 witherspoon systemd[1]: Starting Phosphor Host State Manager...
Apr 20 17:30:49 witherspoon phosphor-host-state-manager[1046]: Initial Host State will be Off
Apr 20 17:30:49 witherspoon systemd[1]: Started Phosphor Host State Manager.
Apr 20 17:30:49 witherspoon phosphor-chassis-state-manager[1043]: Initial Chassis State will be Off
Apr 20 17:30:50 witherspoon systemd[1]: Started Phosphor Chassis State Manager.
Apr 20 17:30:50 witherspoon systemd[1]: Started Wait for /org/openbmc/settings/host0.
Apr 20 17:30:50 witherspoon systemd[1]: Started Phosphor Inband IPMI.
Apr 20 17:30:50 witherspoon phosphor-bmc-state-manager[1041]: Setting the BMCState field
Apr 20 17:30:50 witherspoon phosphor-bmc-state-manager[1041]: Setting the BMCState field
Apr 20 17:30:50 witherspoon systemd[1]: Started Phosphor BMC State Manager.
Apr 20 17:30:51 witherspoon system_manager.py[986]: New object: /org/openbmc/control/power0 (:1.66)
Apr 20 17:30:51 witherspoon system_manager.py[986]: Power GPIO config: ['SYS_PWROK_BUFF', '', [('SOFTWARE_PGOOD', True), ('BMC_POWER_UP', True)], [('BMC_CP0_RESET_N', False)], [], 'FSI_DATA', 'FSI_CLK', 'FSI_ENABLE', 'CRONUS_SEL', []]
Apr 20 17:30:51 witherspoon button_power.exe[1042]: GPIO Lookup:  POWER_BUTTON = 347,both
Apr 20 17:30:51 witherspoon button_reset.exe[1045]: GPIO Lookup:  RESET_BUTTON = 353,both
Apr 20 17:30:51 witherspoon power_control.exe[1044]: Power GPIO latch output:
Apr 20 17:30:51 witherspoon power_control.exe[1044]: Power GPIO power good input: SYS_PWROK_BUFF
Apr 20 17:30:51 witherspoon power_control.exe[1044]: Power GPIO 2 power_up outputs
Apr 20 17:30:51 witherspoon power_control.exe[1044]: Power GPIO power_up[0] = SOFTWARE_PGOOD active HIGH
Apr 20 17:30:51 witherspoon power_control.exe[1044]: Power GPIO power_up[1] = BMC_POWER_UP active HIGH
Apr 20 17:30:51 witherspoon power_control.exe[1044]: Power GPIO 1 reset outputs
Apr 20 17:30:51 witherspoon power_control.exe[1044]: Power GPIO reset[0] = BMC_CP0_RESET_N active LOW
Apr 20 17:30:51 witherspoon power_control.exe[1044]: Power GPIO 0 pci reset outputs
Apr 20 17:30:51 witherspoon power_control.exe[1044]: FSI DATA GPIO: FSI_DATA
Apr 20 17:30:51 witherspoon power_control.exe[1044]: FSI CLK GPIO: FSI_CLK
Apr 20 17:30:51 witherspoon power_control.exe[1044]: FSI ENABLE GPIO: FSI_ENABLE
Apr 20 17:30:51 witherspoon power_control.exe[1044]: CRONUS SEL GPIO: CRONUS_SEL
Apr 20 17:30:51 witherspoon power_control.exe[1044]: Hostctl GPIO optionals: 0
Apr 20 17:30:52 witherspoon systemd[1]: Started Phosphor Power Button0.
Apr 20 17:30:52 witherspoon systemd[1]: Started Phosphor Reset Button0.
Apr 20 17:30:52 witherspoon power_control.exe[1044]: GPIO Lookup:  SYS_PWROK_BUFF = 306,in
Apr 20 17:30:52 witherspoon power_control.exe[1044]: GPIO Lookup:  SOFTWARE_PGOOD = 417,out
Apr 20 17:30:52 witherspoon power_control.exe[1044]: GPIO Lookup:  BMC_POWER_UP = 305,out
Apr 20 17:30:52 witherspoon power_control.exe[1044]: GPIO Lookup:  BMC_CP0_RESET_N = 281,out
Apr 20 17:30:52 witherspoon power_control.exe[1044]: Pgood state: 0
Apr 20 17:30:52 witherspoon systemd[1]: Started Phosphor Power0 Control.
Apr 20 17:30:56 witherspoon systemd[1]: Started Wait for /xyz/openbmc_project/state/chassis0.
Apr 20 17:30:56 witherspoon systemd[1]: Started Wait for /xyz/openbmc_project/state/host0.
Apr 20 17:30:56 witherspoon systemd[1]: Starting Reboot If Enabled...
Apr 20 17:30:58 witherspoon system_manager.py[986]: SystemManager Goto System State: BMC_READY
Apr 20 17:30:58 witherspoon system_manager.py[986]: Running System State: BMC_READY
Apr 20 17:30:58 witherspoon systemd[1]: Started Wait for /xyz/openbmc_project/control/host0.
Apr 20 17:30:58 witherspoon systemd[1]: Started Wait for /org/openbmc/control/power0.
Apr 20 17:30:58 witherspoon systemd[1]: Starting Check Chassis0 pgood and create a file to indicate it...
Apr 20 17:30:58 witherspoon systemd[1]: Starting Phosphor Time Manager daemon...
Apr 20 17:30:58 witherspoon phosphor-discover-system-state[1072]: Host power is off, checking power policy
Apr 20 17:30:58 witherspoon systemd[1]: Started Reboot If Enabled.
Apr 20 17:30:59 witherspoon timemanager[1076]: Registering dbus methods
Apr 20 17:30:59 witherspoon timemanager[1076]: Last known time_mode: NTP
Apr 20 17:30:59 witherspoon timemanager[1076]: Last known time_owner: BMC
Apr 20 17:30:59 witherspoon timemanager[1076]: Empty DhcpNtp string
Apr 20 17:30:59 witherspoon timemanager[1076]: Reading Power Control key: pgood
Apr 20 17:30:59 witherspoon timemanager[1076]: Changing settings *allowed* now
Apr 20 17:30:59 witherspoon timemanager[1076]: Getting System Settings: time_mode
Apr 20 17:30:59 witherspoon timemanager[1076]: Requested_Mode: NTP Current_Mode: NTP
Apr 20 17:30:59 witherspoon timemanager[1076]: Mode is already set to : NTP
Apr 20 17:30:59 witherspoon timemanager[1076]: Getting System Settings: time_owner
Apr 20 17:30:59 witherspoon timemanager[1076]: Owner is already set to : BMC
Apr 20 17:30:59 witherspoon timemanager[1076]: Getting System Settings: use_dhcp_ntp
Apr 20 17:31:00 witherspoon timemanager[1076]: use_dhcp_ntp = yes
Apr 20 17:31:00 witherspoon timemanager[1076]: Last known host_offset:0
Apr 20 17:31:00 witherspoon timemanager[1076]: Initial Uptime Usec: 1492709350095640
Apr 20 17:31:00 witherspoon systemd[1]: Started Phosphor Time Manager daemon.
Apr 20 17:31:00 witherspoon systemd[1]: Started Check Chassis0 pgood and create a file to indicate it.
Apr 20 17:31:00 witherspoon systemd[1]: Reached target Chassis0 power on after reset.
Apr 20 17:31:00 witherspoon systemd[1]: Reached target Chassis0 (Reset Check).
Apr 20 17:31:00 witherspoon systemd[1]: Reached target Host0 running after reset.
Apr 20 17:31:00 witherspoon systemd[1]: Reached target Host0 (Reset Check).
Apr 20 17:31:00 witherspoon systemd[1]: Reached target Phosphor System - Standby.
Apr 20 17:31:00 witherspoon systemd[1]: Startup finished in 7.652s (kernel) + 1min 42.558s (userspace) = 1min 50.211s.
Apr 20 17:31:00 witherspoon phosphor-bmc-state-manager[1041]: BMC_READY
Apr 20 17:31:00 witherspoon phosphor-bmc-state-manager[1041]: Setting the BMCState field
Apr 20 17:31:07 witherspoon phosphor-gevent[993]: Traceback (most recent call last):
Apr 20 17:31:07 witherspoon phosphor-gevent[993]:   File "/usr/lib/python2.7/site-packages/gevent/greenlet.py", line 327, in run
Apr 20 17:31:07 witherspoon phosphor-gevent[993]:     result = self._run(*self.args, **self.kwargs)
Apr 20 17:31:07 witherspoon phosphor-gevent[993]:   File "/usr/lib/python2.7/site-packages/gevent/server.py", line 102, in wrap_socket_and_handle
Apr 20 17:31:07 witherspoon phosphor-gevent[993]:     ssl_socket = self.wrap_socket(client_socket, **self.ssl_args)
Apr 20 17:31:07 witherspoon phosphor-gevent[993]:   File "/usr/lib/python2.7/site-packages/gevent/ssl.py", line 404, in wrap_socket
Apr 20 17:31:07 witherspoon phosphor-gevent[993]:     ciphers=ciphers)
Apr 20 17:31:07 witherspoon phosphor-gevent[993]:   File "/usr/lib/python2.7/site-packages/gevent/ssl.py", line 113, in __init__
Apr 20 17:31:07 witherspoon phosphor-gevent[993]:     self.do_handshake()
Apr 20 17:31:07 witherspoon phosphor-gevent[993]:   File "/usr/lib/python2.7/site-packages/gevent/ssl.py", line 324, in do_handshake
Apr 20 17:31:07 witherspoon phosphor-gevent[993]:     return self._sslobj.do_handshake()
Apr 20 17:31:07 witherspoon phosphor-gevent[993]: SSLEOFError: EOF occurred in violation of protocol (_ssl.c:590)
Apr 20 17:31:07 witherspoon phosphor-gevent[993]: <Greenlet at 0x75fc7300: <bound method WSGIServer.wrap_socket_and_handle of <WSGIServer at 0x75fa28b0 fileno=5 address=('::3432:eb76:b00d:6176%1986071968', 443, 0, 1986071968)>>(<socket at 0x75e762d0 fileno=9>, ('::6019:5f76:8e91:f402%1995053852', 45800, 0, 199)> failed with SSLEOFError
Apr 20 17:31:07 witherspoon phosphor-gevent[993]: Traceback (most recent call last):
Apr 20 17:31:07 witherspoon phosphor-gevent[993]:   File "/usr/lib/python2.7/site-packages/gevent/greenlet.py", line 327, in run
Apr 20 17:31:07 witherspoon phosphor-gevent[993]:     result = self._run(*self.args, **self.kwargs)
Apr 20 17:31:07 witherspoon phosphor-gevent[993]:   File "/usr/lib/python2.7/site-packages/gevent/server.py", line 102, in wrap_socket_and_handle
Apr 20 17:31:07 witherspoon phosphor-gevent[993]:     ssl_socket = self.wrap_socket(client_socket, **self.ssl_args)
Apr 20 17:31:07 witherspoon phosphor-gevent[993]:   File "/usr/lib/python2.7/site-packages/gevent/ssl.py", line 404, in wrap_socket
Apr 20 17:31:07 witherspoon phosphor-gevent[993]:     ciphers=ciphers)
Apr 20 17:31:07 witherspoon phosphor-gevent[993]:   File "/usr/lib/python2.7/site-packages/gevent/ssl.py", line 113, in __init__
Apr 20 17:31:07 witherspoon phosphor-gevent[993]:     self.do_handshake()
Apr 20 17:31:07 witherspoon phosphor-gevent[993]:   File "/usr/lib/python2.7/site-packages/gevent/ssl.py", line 324, in do_handshake
Apr 20 17:31:07 witherspoon phosphor-gevent[993]:     return self._sslobj.do_handshake()
Apr 20 17:31:07 witherspoon phosphor-gevent[993]: SSLEOFError: EOF occurred in violation of protocol (_ssl.c:590)
Apr 20 17:31:07 witherspoon phosphor-gevent[993]: <Greenlet at 0x75fc75d0: <bound method WSGIServer.wrap_socket_and_handle of <WSGIServer at 0x75fa28b0 fileno=5 address=('::3432:eb76:b00d:6176%1986071968', 443, 0, 1986071968)>>(<socket at 0x75e76270 fileno=10>, ('::6019:5f76:8e91:f402%1995053852', 45802, 0, 199)> failed with SSLEOFError
Apr 20 17:31:07 witherspoon phosphor-gevent[993]: Traceback (most recent call last):
Apr 20 17:31:07 witherspoon phosphor-gevent[993]:   File "/usr/lib/python2.7/site-packages/gevent/greenlet.py", line 327, in run
Apr 20 17:31:07 witherspoon phosphor-gevent[993]:     result = self._run(*self.args, **self.kwargs)
Apr 20 17:31:07 witherspoon phosphor-gevent[993]:   File "/usr/lib/python2.7/site-packages/gevent/server.py", line 102, in wrap_socket_and_handle
Apr 20 17:31:07 witherspoon phosphor-gevent[993]:     ssl_socket = self.wrap_socket(client_socket, **self.ssl_args)
Apr 20 17:31:07 witherspoon phosphor-gevent[993]:   File "/usr/lib/python2.7/site-packages/gevent/ssl.py", line 404, in wrap_socket
Apr 20 17:31:07 witherspoon phosphor-gevent[993]:     ciphers=ciphers)
Apr 20 17:31:07 witherspoon phosphor-gevent[993]:   File "/usr/lib/python2.7/site-packages/gevent/ssl.py", line 113, in __init__
Apr 20 17:31:07 witherspoon phosphor-gevent[993]:     self.do_handshake()
Apr 20 17:31:07 witherspoon phosphor-gevent[993]:   File "/usr/lib/python2.7/site-packages/gevent/ssl.py", line 324, in do_handshake
Apr 20 17:31:07 witherspoon phosphor-gevent[993]:     return self._sslobj.do_handshake()
Apr 20 17:31:07 witherspoon phosphor-gevent[993]: SSLEOFError: EOF occurred in violation of protocol (_ssl.c:590)
Apr 20 17:31:07 witherspoon phosphor-gevent[993]: <Greenlet at 0x75fc72b0: <bound method WSGIServer.wrap_socket_and_handle of <WSGIServer at 0x75fa28b0 fileno=5 address=('::3432:eb76:b00d:6176%1986071968', 443, 0, 1986071968)>>(<socket at 0x75e76310 fileno=11>, ('::6019:5f76:8e91:f402%1995053852', 45804, 0, 199)> failed with SSLEOFError
Apr 20 17:31:18 witherspoon phosphor-gevent[993]: ::6019:5f76:8e91:f402%1995053852 - - [2017-04-20 17:31:18] "POST /login HTTP/1.1" 200 320 0.045297
Apr 20 17:31:18 witherspoon phosphor-gevent[993]: ::6019:5f76:8e91:f402%1995053852 - - [2017-04-20 17:31:18] "GET /xyz/openbmc_project/state/chassis0//attr/CurrentPowerState HTTP/1.1" 200 216 0.060018
Apr 20 17:31:18 witherspoon phosphor-gevent[993]: ::6019:5f76:8e91:f402%1995053852 - - [2017-04-20 17:31:18] "POST /login HTTP/1.1" 200 320 0.032994
Apr 20 17:31:18 witherspoon phosphor-gevent[993]: ::6019:5f76:8e91:f402%1995053852 - - [2017-04-20 17:31:18] "GET /xyz/openbmc_project/state/chassis0//attr/CurrentPowerState HTTP/1.1" 200 216 0.059497
Apr 20 17:31:18 witherspoon phosphor-gevent[993]: ::6019:5f76:8e91:f402%1995053852 - - [2017-04-20 17:31:18] "POST /login HTTP/1.1" 200 320 0.059532
Apr 20 17:31:19 witherspoon phosphor-gevent[993]: ::6019:5f76:8e91:f402%1995053852 - - [2017-04-20 17:31:19] "GET /org/openbmc/sensors/host/BootProgress/attr/value HTTP/1.1" 200 170 0.057608
Apr 20 17:31:19 witherspoon phosphor-gevent[993]: ::6019:5f76:8e91:f402%1995053852 - - [2017-04-20 17:31:19] "POST /login HTTP/1.1" 200 320 0.038210
Apr 20 17:31:19 witherspoon phosphor-gevent[993]: ::6019:5f76:8e91:f402%1995053852 - - [2017-04-20 17:31:19] "GET /xyz/openbmc_project/state/host0//attr/CurrentHostState HTTP/1.1" 200 212 0.065847
Apr 20 17:31:19 witherspoon phosphor-gevent[993]: ::6019:5f76:8e91:f402%1995053852 - - [2017-04-20 17:31:19] "POST /login HTTP/1.1" 200 320 0.032873
Apr 20 17:31:19 witherspoon phosphor-gevent[993]: ::6019:5f76:8e91:f402%1995053852 - - [2017-04-20 17:31:19] "GET /xyz/openbmc_project/logging/entry/list HTTP/1.1" 404 311 0.030193
Apr 20 17:31:19 witherspoon dropbear[977]: Exit (root): Error reading: Connection reset by peer
Apr 20 17:31:19 witherspoon systemd[1]: Started SSH Per-Connection Server (9.41.165.94:57936).
Apr 20 17:31:19 witherspoon dropbear[1093]: Failed loading /etc/dropbear/dropbear_dss_host_key
Apr 20 17:31:19 witherspoon dropbear[1093]: Failed loading /etc/dropbear/dropbear_ecdsa_host_key
Apr 20 17:31:19 witherspoon dropbear[1093]: Child connection from ::ffff:9.41.165.94:57936
Apr 20 17:31:20 witherspoon dropbear[1093]: pam_unix(dropbear:account): account root has password changed in future
Apr 20 17:31:20 witherspoon dropbear[1093]: PAM password auth succeeded for 'root' from ::ffff:9.41.165.94:57936
Apr 20 17:31:20 witherspoon dropbear[1094]: lastlog_perform_login: Couldn't stat /var/log/lastlog: No such file or directory
Apr 20 17:31:20 witherspoon dropbear[1094]: lastlog_openseek: /var/log/lastlog is not a file or directory!
Apr 20 17:31:21 witherspoon phosphor-gevent[993]: ::6019:5f76:8e91:f402%1995053852 - - [2017-04-20 17:31:21] "POST /login HTTP/1.1" 200 320 0.050190
Apr 20 17:31:21 witherspoon phosphor-gevent[993]: ::6019:5f76:8e91:f402%1995053852 - - [2017-04-20 17:31:21] "GET /xyz/openbmc_project/state/host0//attr/CurrentHostState HTTP/1.1" 200 212 0.069985
Apr 20 17:31:22 witherspoon dropbear[1093]: Exit (root): Exited normally
Apr 20 17:32:38 witherspoon systemd[1]: Started SSH Per-Connection Server (9.41.165.94:57960).
Apr 20 17:32:39 witherspoon dropbear[1103]: Failed loading /etc/dropbear/dropbear_dss_host_key
Apr 20 17:32:39 witherspoon dropbear[1103]: Failed loading /etc/dropbear/dropbear_ecdsa_host_key
Apr 20 17:32:39 witherspoon dropbear[1103]: Child connection from ::ffff:9.41.165.94:57960
Apr 20 17:32:39 witherspoon dropbear[1103]: pam_unix(dropbear:account): account root has password changed in future
Apr 20 17:32:39 witherspoon dropbear[1103]: PAM password auth succeeded for 'root' from ::ffff:9.41.165.94:57960
Apr 20 17:32:39 witherspoon dropbear[1104]: lastlog_perform_login: Couldn't stat /var/log/lastlog: No such file or directory
Apr 20 17:32:39 witherspoon dropbear[1104]: lastlog_openseek: /var/log/lastlog is not a file or directory!
Apr 20 17:32:40 witherspoon systemd[1]: Started SSH Per-Connection Server (9.41.165.94:57962).
Apr 20 17:32:41 witherspoon dropbear[1114]: Failed loading /etc/dropbear/dropbear_dss_host_key
Apr 20 17:32:41 witherspoon dropbear[1114]: Failed loading /etc/dropbear/dropbear_ecdsa_host_key
Apr 20 17:32:41 witherspoon dropbear[1114]: Child connection from ::ffff:9.41.165.94:57962
Apr 20 17:32:41 witherspoon dropbear[1114]: pam_unix(dropbear:account): account root has password changed in future
Apr 20 17:32:41 witherspoon dropbear[1114]: PAM password auth succeeded for 'root' from ::ffff:9.41.165.94:57962
Apr 20 17:32:41 witherspoon dropbear[1115]: lastlog_perform_login: Couldn't stat /var/log/lastlog: No such file or directory
Apr 20 17:32:41 witherspoon dropbear[1115]: lastlog_openseek: /var/log/lastlog is not a file or directory!
Apr 20 17:32:42 witherspoon systemd[1]: Started SSH Per-Connection Server (9.41.165.94:57964).
Apr 20 17:32:42 witherspoon dropbear[1121]: Failed loading /etc/dropbear/dropbear_dss_host_key
Apr 20 17:32:42 witherspoon dropbear[1121]: Failed loading /etc/dropbear/dropbear_ecdsa_host_key
Apr 20 17:32:42 witherspoon dropbear[1121]: Child connection from ::ffff:9.41.165.94:57964
Apr 20 17:32:43 witherspoon dropbear[1121]: pam_unix(dropbear:account): account root has password changed in future
Apr 20 17:32:43 witherspoon dropbear[1121]: PAM password auth succeeded for 'root' from ::ffff:9.41.165.94:57964
Apr 20 17:32:43 witherspoon dropbear[1122]: lastlog_perform_login: Couldn't stat /var/log/lastlog: No such file or directory
Apr 20 17:32:43 witherspoon dropbear[1122]: lastlog_openseek: /var/log/lastlog is not a file or directory!
Apr 20 17:32:44 witherspoon phosphor-gevent[993]: ::6019:5f76:8e91:f402%1995053852 - - [2017-04-20 17:32:44] "POST /login HTTP/1.1" 200 320 0.032970
Apr 20 17:32:45 witherspoon phosphor-gevent[993]: ::6019:5f76:8e91:f402%1995053852 - - [2017-04-20 17:32:45] "POST /login HTTP/1.1" 200 320 0.042043
Apr 20 17:32:45 witherspoon phosphor-gevent[993]: ::6019:5f76:8e91:f402%1995053852 - - [2017-04-20 17:32:45] "GET /xyz/openbmc_project/state/host0//attr/CurrentHostState HTTP/1.1" 200 212 0.049793
Apr 20 17:32:45 witherspoon systemd[1]: Created slice system-obmc\x2dconsole\x2dssh.slice.
Apr 20 17:32:45 witherspoon systemd[1]: Started Phosphor Host Console SSH Per-Connection (9.41.165.94:37052).
Apr 20 17:32:45 witherspoon dropbear[1128]: Failed loading /etc/dropbear/dropbear_dss_host_key
Apr 20 17:32:45 witherspoon dropbear[1128]: Failed loading /etc/dropbear/dropbear_ecdsa_host_key
Apr 20 17:32:45 witherspoon dropbear[1128]: Child connection from ::ffff:9.41.165.94:37052
Apr 20 17:32:46 witherspoon phosphor-gevent[993]: ::6019:5f76:8e91:f402%1995053852 - - [2017-04-20 17:32:46] "POST /login HTTP/1.1" 200 320 0.112222
Apr 20 17:32:46 witherspoon phosphor-host-state-manager[1046]: Host State transaction request
Apr 20 17:32:46 witherspoon phosphor-gevent[993]: ::6019:5f76:8e91:f402%1995053852 - - [2017-04-20 17:32:46] "PUT /xyz/openbmc_project/state/host0//attr/RequestedHostTransition HTTP/1.1" 200 169 0.485861
Apr 20 17:32:46 witherspoon systemd[1]: Created slice system-ir35221\x2doff\x2dunbind.slice.
Apr 20 17:32:46 witherspoon systemd[1]: Created slice system-op\x2dpower\x2dstop.slice.
Apr 20 17:32:46 witherspoon systemd[1]: Reached target Stop Host checkstop monitor.
Apr 20 17:32:46 witherspoon systemd[1]: Starting Wait for /xyz/openbmc_project/led/groups/power_on...
Apr 20 17:32:46 witherspoon systemd[1]: Created slice system-vcs_off_poweroff.slice.
Apr 20 17:32:47 witherspoon dropbear[1128]: pam_unix(dropbear:account): account root has password changed in future
Apr 20 17:32:46 witherspoon systemd[1]: Starting Wait for /org/openbmc/control/chassis0...
Apr 20 17:32:47 witherspoon dropbear[1128]: PAM password auth succeeded for 'root' from ::ffff:9.41.165.94:37052
Apr 20 17:32:46 witherspoon systemd[1]: Stopped target Host0 running after reset.
Apr 20 17:32:47 witherspoon dropbear[1141]: lastlog_perform_login: Couldn't stat /var/log/lastlog: No such file or directory
Apr 20 17:32:46 witherspoon systemd[1]: Created slice system-op\x2dwait\x2dpower\x2doff.slice.
Apr 20 17:32:47 witherspoon dropbear[1141]: lastlog_openseek: /var/log/lastlog is not a file or directory!
Apr 20 17:32:46 witherspoon systemd[1]: Stopped target Chassis0 (Reset Check).
Apr 20 17:32:46 witherspoon systemd[1]: Starting Wait for /org/openbmc/HostIpmi/1...
Apr 20 17:32:46 witherspoon systemd[1]: Reached target Stop Hosti (Pre).
Apr 20 17:32:46 witherspoon systemd[1]: Created slice system-mboxd\x2dreload.slice.
Apr 20 17:32:46 witherspoon systemd[1]: Stopped target Chassis0 power on after reset.
Apr 20 17:32:46 witherspoon systemd[1]: Reached target Hosti (Stopping).
Apr 20 17:32:46 witherspoon systemd[1]: Created slice system-obmc\x2dled\x2dgroup\x2dstop.slice.
Apr 20 17:32:46 witherspoon systemd[1]: Reached target Hosti (Stopped).
Apr 20 17:32:46 witherspoon systemd[1]: Reached target Poweri Off (Pre).
Apr 20 17:32:46 witherspoon systemd[1]: Reached target Poweri Off.
Apr 20 17:32:47 witherspoon systemd[1]: Stopped target Host0 (Reset Check).
Apr 20 17:32:47 witherspoon systemd[1]: Reached target Stop Host0 (Pre).
Apr 20 17:32:47 witherspoon systemd[1]: Starting Power off mode unbind ir35221 device driver devs...
Apr 20 17:32:47 witherspoon systemd[1]: Created slice system-ir35221\x2doff\x2dbind.slice.
Apr 20 17:32:47 witherspoon systemd[1]: xyz.openbmc_project.Hwmon@ahb-apb-i2c\x401e78a000-i2c\x2dbus\x40180-ir35221\x4070.service: Unit not needed anymore. Stopping.
Apr 20 17:32:47 witherspoon systemd[1]: Stopping Phosphor Hwmon Poller...
Apr 20 17:32:47 witherspoon systemd[1]: Stopped Phosphor Hwmon Poller.
Apr 20 17:32:47 witherspoon systemd[1]: xyz.openbmc_project.Hwmon@ahb-apb-i2c\x401e78a000-i2c\x2dbus\x40140-ir35221\x4070.service: Unit not needed anymore. Stopping.
Apr 20 17:32:47 witherspoon systemd[1]: Stopping Phosphor Hwmon Poller...
Apr 20 17:32:47 witherspoon systemd[1]: Stopped Phosphor Hwmon Poller.
Apr 20 17:32:47 witherspoon systemd[1]: xyz.openbmc_project.Hwmon@ahb-apb-i2c\x401e78a000-i2c\x2dbus\x40180-ir35221\x4071.service: Unit not needed anymore. Stopping.
Apr 20 17:32:47 witherspoon systemd[1]: Stopping Phosphor Hwmon Poller...
Apr 20 17:32:47 witherspoon systemd[1]: Stopped Phosphor Hwmon Poller.
Apr 20 17:32:47 witherspoon systemd[1]: Started Power off mode unbind ir35221 device driver devs.
Apr 20 17:32:47 witherspoon systemd[1]: xyz.openbmc_project.Hwmon@ahb-apb-i2c\x401e78a000-i2c\x2dbus\x40140-ir35221\x4071.service: Unit not needed anymore. Stopping.
Apr 20 17:32:47 witherspoon systemd[1]: Stopped Phosphor Hwmon Poller.
Apr 20 17:32:48 witherspoon phosphor-gevent[993]: ::6019:5f76:8e91:f402%1995053852 - - [2017-04-20 17:32:48] "POST /login HTTP/1.1" 200 320 0.033664
Apr 20 17:32:51 witherspoon phosphor-gevent[993]: ::6019:5f76:8e91:f402%1995053852 - - [2017-04-20 17:32:51] "GET /xyz/openbmc_project/state/host0//attr/CurrentHostState HTTP/1.1" 200 212 3.618220
Apr 20 17:32:51 witherspoon phosphor-gevent[993]: ::6019:5f76:8e91:f402%1995053852 - - [2017-04-20 17:32:51] "POST /login HTTP/1.1" 200 320 0.033542
Apr 20 17:32:52 witherspoon systemd[1]: Started Wait for /org/openbmc/HostIpmi/1.
Apr 20 17:32:52 witherspoon systemd[1]: Starting Soft power off of the host...
Apr 20 17:32:52 witherspoon systemd[1]: Started Wait for /xyz/openbmc_project/led/groups/power_on.
Apr 20 17:32:52 witherspoon systemd[1]: Starting Assert power_on LED...
Apr 20 17:32:52 witherspoon systemd[1]: Started Wait for /org/openbmc/control/chassis0.
Apr 20 17:32:52 witherspoon phosphor-gevent[993]: ::6019:5f76:8e91:f402%1995053852 - - [2017-04-20 17:32:52] "GET /org/openbmc/sensors/host/BootProgress/attr/value HTTP/1.1" 200 170 0.867805
Apr 20 17:32:53 witherspoon ipmid[1054]: Pushing cmd on to queue
Apr 20 17:32:53 witherspoon ipmid[1054]: Asserting SMS Attention
Apr 20 17:32:53 witherspoon systemd[1]: Started Assert power_on LED.
Apr 20 17:32:53 witherspoon ipmid[1054]: SMS Attention asserted
Apr 20 17:32:53 witherspoon phosphor-gevent[993]: ::6019:5f76:8e91:f402%1995053852 - - [2017-04-20 17:32:53] "POST /login HTTP/1.1" 200 320 0.362693
Apr 20 17:32:53 witherspoon phosphor-host-state-manager[1046]: Host State transaction request
Apr 20 17:32:54 witherspoon systemd[1]: Created slice system-vcs_off.slice.
Apr 20 17:32:54 witherspoon systemd[1]: Created slice system-phosphor\x2dgpio\x2dmonitor.slice.
Apr 20 17:32:54 witherspoon phosphor-gevent[993]: ::6019:5f76:8e91:f402%1995053852 - - [2017-04-20 17:32:54] "PUT /xyz/openbmc_project/state/host0//attr/RequestedHostTransition HTTP/1.1" 200 169 0.901884
Apr 20 17:32:54 witherspoon systemd[1]: Starting Witherspoon Fan Watchdog Reset...
Apr 20 17:32:54 witherspoon systemd[1]: Starting Assert power_on LED...
Apr 20 17:32:54 witherspoon systemd[1]: Created slice system-ir35221\x2don\x2dbind.slice.
Apr 20 17:32:54 witherspoon systemd[1]: Created slice system-avsbus\x2denable.slice.
Apr 20 17:32:54 witherspoon systemd[1]: Created slice system-vcs_on.slice.
Apr 20 17:32:54 witherspoon systemd[1]: Created slice system-op\x2dwait\x2dpower\x2don.slice.
Apr 20 17:32:54 witherspoon systemd[1]: Created slice system-vrm\x2dcontrol.slice.
Apr 20 17:32:54 witherspoon systemd[1]: Created slice system-fsi\x2dscan.slice.
Apr 20 17:32:54 witherspoon systemd[1]: Created slice system-op\x2dpower\x2dstart.slice.
Apr 20 17:32:54 witherspoon systemd[1]: Created slice system-ucd_disable_vcs.slice.
Apr 20 17:32:54 witherspoon systemd[1]: Starting Disable UCD VCS rails...
Apr 20 17:32:54 witherspoon systemd[1]: Created slice system-cfam_override.slice.
Apr 20 17:32:54 witherspoon systemd[1]: Created slice system-vcs_workaround.slice.
Apr 20 17:32:54 witherspoon systemd[1]: Created slice system-avsbus\x2dworkaround.slice.
Apr 20 17:32:54 witherspoon systemd[1]: Created slice system-phosphor\x2dfan\x2dpresence\x2dtach.slice.
Apr 20 17:32:54 witherspoon systemd[1]: Created slice system-fsi\x2dbind.slice.
Apr 20 17:32:54 witherspoon systemd[1]: Created slice system-start_host.slice.
Apr 20 17:32:54 witherspoon systemd[1]: Created slice system-avsbus\x2ddisable.slice.
Apr 20 17:32:54 witherspoon systemd[1]: Created slice system-pcie\x2dslot\x2ddetect.slice.
Apr 20 17:32:54 witherspoon systemd[1]: Starting Wait for Power0 to turn on...
Apr 20 17:32:55 witherspoon phosphor-ledmanager[952]: Asserting LEDs
Apr 20 17:32:54 witherspoon systemd[1]: Created slice system-mapper\x2dsubtree\x2dremove.slice.
Apr 20 17:32:54 witherspoon systemd[1]: Created slice system-phosphor\x2dwatchdog.slice.
Apr 20 17:32:54 witherspoon systemd[1]: Started Phosphor poweron watchdog.
Apr 20 17:32:54 witherspoon systemd[1]: Created slice system-phosphor\x2dfan\x2dcontrol\x2dinit.slice.
Apr 20 17:32:54 witherspoon systemd[1]: Created slice system-ir35221\x2don\x2dunbind.slice.
Apr 20 17:32:54 witherspoon systemd[1]: Stopped Power off mode unbind ir35221 device driver devs.
Apr 20 17:32:54 witherspoon systemd[1]: Stopped target Stop Host checkstop monitor.
Apr 20 17:32:54 witherspoon systemd[1]: Stopped target Stop Host0 (Pre).
Apr 20 17:32:54 witherspoon systemd[1]: Starting mapper subtree-remove /xyz/openbmc_project/software:xyz.openbmc_project.Software.ActivationBlocksTransition...
Apr 20 17:32:54 witherspoon systemd[1]: Started Phosphor GPIO checkstop monitor.
Apr 20 17:32:54 witherspoon systemd[1]: Reached target Start Host checkstop monitor.
Apr 20 17:32:54 witherspoon systemd[1]: Starting power on mode unbind ir35221 device driver devs...
Apr 20 17:32:55 witherspoon phosphor-ledmanager[952]: No service providers for physical LED
Apr 20 17:32:55 witherspoon kernel: ucd9000 11-0064: Device ID UCD90160|2.3.4.0000|110603
Apr 20 17:32:55 witherspoon kernel[956]: [  225.540000] ucd9000 11-0064: Device ID UCD90160|2.3.4.0000|110603
Apr 20 17:32:56 witherspoon systemd[1]: xyz.openbmc_project.Ipmi.Internal.SoftPowerOff.service: Main process exited, code=killed, status=15/TERM
Apr 20 17:32:56 witherspoon systemd[1]: Stopped Soft power off of the host.
Apr 20 17:32:56 witherspoon systemd[1]: xyz.openbmc_project.Ipmi.Internal.SoftPowerOff.service: Unit entered failed state.
Apr 20 17:32:56 witherspoon systemd[1]: xyz.openbmc_project.Ipmi.Internal.SoftPowerOff.service: Failed with result 'signal'.
Apr 20 17:32:56 witherspoon systemd[1]: Started Witherspoon Fan Watchdog Reset.
Apr 20 17:32:56 witherspoon systemd[1]: Started Assert power_on LED.
Apr 20 17:32:56 witherspoon systemd[1]: Started Disable UCD VCS rails.
Apr 20 17:32:56 witherspoon systemd[1]: Started power on mode unbind ir35221 device driver devs.
Apr 20 17:32:56 witherspoon systemd[1]: xyz.openbmc_project.Hwmon@ahb-apb-i2c\x401e78a000-i2c\x2dbus\x40400-ucd90160\x4064.service: Unit not needed anymore. Stopping.
Apr 20 17:32:56 witherspoon systemd[1]: xyz.openbmc_project.Hwmon@ahb-apb-i2c\x401e78a000-i2c\x2dbus\x40400-ucd90160\x4064.service: Service hold-off time over, scheduling restart.
Apr 20 17:32:56 witherspoon systemd[1]: xyz.openbmc_project.Hwmon@ahb-apb-i2c\x401e78a000-i2c\x2dbus\x40400-ucd90160\x4064.service: Stop job pending for unit, delaying automatic restart.
Apr 20 17:32:56 witherspoon systemd[1]: Stopped Phosphor Hwmon Poller.
Apr 20 17:32:56 witherspoon systemd[1]: Starting Perform AVS bus workaround on VRMs...
Apr 20 17:32:56 witherspoon ipmid[1054]: Host control timeout hit!
Apr 20 17:32:56 witherspoon ipmid[1054]: Timer expired
Apr 20 17:32:56 witherspoon phosphor-gevent[993]: ::6019:5f76:8e91:f402%1995053852 - - [2017-04-20 17:32:56] "POST /login HTTP/1.1" 200 320 0.730940
Apr 20 17:32:56 witherspoon systemd[1]: Started Perform AVS bus workaround on VRMs.
Apr 20 17:32:56 witherspoon systemd[1]: Starting Disable the AVS bus on the VRMs...
Apr 20 17:32:56 witherspoon phosphor-host-state-manager[1046]: Received signal that host is off
Apr 20 17:32:56 witherspoon phosphor-host-state-manager[1046]: Change to Host State
Apr 20 17:32:56 witherspoon phosphor-chassis-state-manager[1043]: Received signal that power OFF is complete
Apr 20 17:32:56 witherspoon phosphor-chassis-state-manager[1043]: Change to Chassis Power State
Apr 20 17:32:57 witherspoon systemd[1]: Started Disable the AVS bus on the VRMs.
Apr 20 17:32:57 witherspoon systemd[1]: Starting Apply voltage overrides to VRMs...
Apr 20 17:32:57 witherspoon vrm-control.sh[1208]: rail        set        read        current
Apr 20 17:32:57 witherspoon vrm-control.sh[1208]: -------        ------- ------- -------
Apr 20 17:32:57 witherspoon vrm-control.sh[1208]: vdna        0.898V        0.004V        0.000A
Apr 20 17:32:58 witherspoon vrm-control.sh[1208]: vdnb        0.898V        0.004V        0.000A
Apr 20 17:32:58 witherspoon systemd[1]: Started Apply voltage overrides to VRMs.
Apr 20 17:32:58 witherspoon systemd[1]: Starting Enable the AVS bus on VRMs...
Apr 20 17:32:58 witherspoon systemd[1]: Started Enable the AVS bus on VRMs.
Apr 20 17:32:58 witherspoon systemd[1]: Starting Disable VCS before Witherspoon power on...
Apr 20 17:32:59 witherspoon systemd[1]: Started Disable VCS before Witherspoon power on.
Apr 20 17:32:59 witherspoon systemd[1]: Reached target Power0 On (Pre).
Apr 20 17:32:59 witherspoon systemd[1]: Starting Start Power0...
Apr 20 17:33:00 witherspoon systemd[1]: Started mapper subtree-remove /xyz/openbmc_project/software:xyz.openbmc_project.Software.ActivationBlocksTransition.
Apr 20 17:33:00 witherspoon phosphor-gevent[993]: ::6019:5f76:8e91:f402%1995053852 - - [2017-04-20 17:33:00] "GET /xyz/openbmc_project/state/host0//attr/CurrentHostState HTTP/1.1" 200 212 3.625824
Apr 20 17:33:00 witherspoon power_control.exe[1044]: PowerControl: setting power up SOFTWARE_PGOOD to 1
Apr 20 17:33:00 witherspoon power_control.exe[1044]: PowerControl: setting power up BMC_POWER_UP to 1
Apr 20 17:33:00 witherspoon systemd[1]: Started Start Power0.
Apr 20 17:33:00 witherspoon timemanager[1076]:  PGOOD has changed..
Apr 20 17:33:00 witherspoon system_manager.py[986]: Running System State: HOST_POWERING_ON
Apr 20 17:33:02 witherspoon power_control.exe[1044]: PowerControl: pgood: 1, setting reset BMC_CP0_RESET_N to 1
Apr 20 17:33:02 witherspoon system_manager.py[986]: Running System State: HOST_POWERED_ON
Apr 20 17:33:02 witherspoon timemanager[1076]:  User Settings have changed..
Apr 20 17:33:02 witherspoon timemanager[1076]:  PGOOD has changed..
Apr 20 17:33:02 witherspoon timemanager[1076]: Changing time settings is *deferred* now
Apr 20 17:33:02 witherspoon systemd[1]: Started Wait for Power0 to turn on.
Apr 20 17:33:02 witherspoon systemd[1]: Reached target Power0 On.
Apr 20 17:33:02 witherspoon systemd[1]: Reached target Power0 (On).
Apr 20 17:33:02 witherspoon systemd[1]: Starting Scan FSI devices...
Apr 20 17:33:02 witherspoon systemd[1]: Started Phosphor Fan Presence Tach Daemon.
Apr 20 17:33:02 witherspoon systemd[1]: Starting PCIE Slot Presence Detection For Chassis0...
Apr 20 17:33:02 witherspoon systemd[1]: Started Phosphor Fan Control Initialization.
Apr 20 17:33:03 witherspoon kernel:  fsi0: fsi: found chip c0010d12 at 00:00:00
Apr 20 17:33:03 witherspoon kernel:  slave@00:00: engine[2]: type 4, version 6, addr c00 size 400
Apr 20 17:33:03 witherspoon kernel:  slave@00:00: engine[3]: type 5, version 6, addr 1000 size 400
Apr 20 17:33:03 witherspoon kernel[956]: [  233.130000]  fsi0: fsi: found chip c0010d12 at 00:00:00
Apr 20 17:33:03 witherspoon kernel[956]: [  233.130000]  slave@00:00: engine[2]: type 4, version 6, addr c00 size 400
Apr 20 17:33:03 witherspoon kernel[956]: [  233.130000]  slave@00:00: engine[3]: type 5, version 6, addr 1000 size 400
Apr 20 17:33:03 witherspoon kernel:  slave@00:00: engine[4]: type 6, version 1, addr 1400 size 400
Apr 20 17:33:03 witherspoon kernel:  slave@00:00: engine[5]: type 7, version 2, addr 1800 size 400
Apr 20 17:33:03 witherspoon kernel:  slave@00:00: engine[8]: type 22, version 1, addr 2400 size 400
Apr 20 17:33:03 witherspoon kernel: sbefifo 00:00:00:06: Found sbefifo device
Apr 20 17:33:03 witherspoon kernel: occ-hwmon occ1-dev0: failed to get OCC poll response: -19
Apr 20 17:33:03 witherspoon kernel:  slave@00:00: engine[9]: type 20, version 2, addr 2800 size 800
Apr 20 17:33:03 witherspoon kernel:  slave@00:00: engine[11]: type 1a, version 1, addr 3000 size 400
Apr 20 17:33:03 witherspoon kernel:  slave@00:00: engine[12]: type 1c, version 1, addr 3400 size 400
Apr 20 17:33:03 witherspoon kernel: fsi-master-hub 00:00:00:0a: hub version 92010800 (8 links)
Apr 20 17:33:03 witherspoon kernel:  slave@00:00: status: 0x84000510, sisc: 0x01040108
Apr 20 17:33:03 witherspoon kernel:  slave@00:00: status: 0x84000500, sisc: 0x00040108
Apr 20 17:33:03 witherspoon kernel:  fsi1: can't read slave 00:00 -5
Apr 20 17:33:03 witherspoon kernel:  fsi1: fsi: found chip c0010d12 at 01:01:00
Apr 20 17:33:03 witherspoon kernel:  slave@01:00: engine[2]: type 4, version 6, addr c00 size 400
Apr 20 17:33:03 witherspoon kernel:  slave@01:00: engine[3]: type 5, version 6, addr 1000 size 400
Apr 20 17:33:03 witherspoon kernel[956]: [  233.440000]  slave@00:00: engine[4]: type 6, version 1, addr 1400 size 400
Apr 20 17:33:03 witherspoon kernel[956]: [  233.440000]  slave@00:00: engine[5]: type 7, version 2, addr 1800 size 400
Apr 20 17:33:03 witherspoon kernel[956]: [  233.440000]  slave@00:00: engine[8]: type 22, version 1, addr 2400 size 400
Apr 20 17:33:03 witherspoon kernel[956]: [  233.440000] sbefifo 00:00:00:06: Found sbefifo device
Apr 20 17:33:03 witherspoon kernel[956]: [  233.440000] occ-hwmon occ1-dev0: failed to get OCC poll response: -19
Apr 20 17:33:03 witherspoon kernel[956]: [  233.440000]  slave@00:00: engine[9]: type 20, version 2, addr 2800 size 800
Apr 20 17:33:03 witherspoon kernel[956]: [  233.440000]  slave@00:00: engine[11]: type 1a, version 1, addr 3000 size 400
Apr 20 17:33:03 witherspoon kernel[956]: [  233.440000]  slave@00:00: engine[12]: type 1c, version 1, addr 3400 size 400
Apr 20 17:33:03 witherspoon kernel[956]: [  233.440000] fsi-master-hub 00:00:00:0a: hub version 92010800 (8 links)
Apr 20 17:33:03 witherspoon kernel[956]: [  233.440000]  slave@00:00: status: 0x84000510, sisc: 0x01040108
Apr 20 17:33:03 witherspoon kernel[956]: [  233.440000]  slave@00:00: status: 0x84000500, sisc: 0x00040108
Apr 20 17:33:03 witherspoon kernel[956]: [  233.610000]  fsi1: can't read slave 00:00 -5
Apr 20 17:33:03 witherspoon kernel[956]: [  233.610000]  fsi1: fsi: found chip c0010d12 at 01:01:00
Apr 20 17:33:03 witherspoon kernel[956]: [  233.610000]  slave@01:00: engine[2]: type 4, version 6, addr c00 size 400
Apr 20 17:33:03 witherspoon kernel[956]: [  233.610000]  slave@01:00: engine[3]: type 5, version 6, addr 1000 size 400
Apr 20 17:33:05 witherspoon kernel:  slave@01:00: engine[4]: type 6, version 1, addr 1400 size 400
Apr 20 17:33:05 witherspoon kernel:  slave@01:00: engine[5]: type 7, version 2, addr 1800 size 400
Apr 20 17:33:05 witherspoon kernel:  slave@01:00: engine[8]: type 22, version 1, addr 2400 size 400
Apr 20 17:33:05 witherspoon kernel: sbefifo 01:01:00:06: Found sbefifo device
Apr 20 17:33:05 witherspoon kernel: occ-hwmon occ2-dev0: failed to get OCC poll response: -19
Apr 20 17:33:05 witherspoon kernel:  slave@01:00: engine[9]: type 20, version 2, addr 2800 size 800
Apr 20 17:33:05 witherspoon kernel:  slave@01:00: engine[11]: type 1a, version 1, addr 3000 size 400
Apr 20 17:33:05 witherspoon kernel:  slave@01:00: engine[12]: type 1c, version 1, addr 3400 size 400
Apr 20 17:33:05 witherspoon kernel: fsi-master-hub 01:01:00:0a: hub version 92010800 (8 links)
Apr 20 17:33:05 witherspoon kernel:  slave@00:00: status: 0x84000500, sisc: 0x00040108
Apr 20 17:33:05 witherspoon kernel:  slave@00:00: status: 0x84000500, sisc: 0x00040108
Apr 20 17:33:05 witherspoon kernel:  slave@01:00: status: 0x04000510, sisc: 0x01040000
Apr 20 17:33:05 witherspoon kernel:  slave@00:00: status: 0x84000500, sisc: 0x00040108
Apr 20 17:33:05 witherspoon kernel:  slave@00:00: status: 0x84000500, sisc: 0x00040108
Apr 20 17:33:05 witherspoon kernel:  slave@01:00: status: 0x04000500, sisc: 0x00040000
Apr 20 17:33:05 witherspoon kernel:  slave@00:00: status: 0x84000500, sisc: 0x00040108
Apr 20 17:33:05 witherspoon kernel:  slave@00:00: status: 0x84000500, sisc: 0x00040108
Apr 20 17:33:05 witherspoon kernel:  slave@01:00: status: 0x04000500, sisc: 0x00040000
Apr 20 17:33:05 witherspoon kernel:  slave@00:00: status: 0x84000500, sisc: 0x00040108
Apr 20 17:33:05 witherspoon kernel:  slave@00:00: status: 0x84000500, sisc: 0x00040108
Apr 20 17:33:05 witherspoon kernel:  slave@01:00: status: 0x04000500, sisc: 0x00040000
Apr 20 17:33:05 witherspoon kernel:  slave@00:00: status: 0x84000500, sisc: 0x00040108
Apr 20 17:33:05 witherspoon kernel:  slave@00:00: status: 0x84000500, sisc: 0x00040108
Apr 20 17:33:05 witherspoon kernel:  slave@01:00: status: 0x04000500, sisc: 0x00040000
Apr 20 17:33:05 witherspoon kernel:  slave@00:00: status: 0x84000500, sisc: 0x00040108
Apr 20 17:33:05 witherspoon kernel:  slave@00:00: status: 0x84000500, sisc: 0x00040108
Apr 20 17:33:05 witherspoon kernel:  slave@01:00: status: 0x04000500, sisc: 0x00040000
Apr 20 17:33:05 witherspoon kernel:  slave@01:00: status: 0x04000500, sisc: 0x00040000
Apr 20 17:33:05 witherspoon kernel:  slave@01:00: status: 0x04000500, sisc: 0x00040000
Apr 20 17:33:05 witherspoon kernel:  slave@01:00: status: 0x04000500, sisc: 0x00040000
Apr 20 17:33:05 witherspoon kernel:  slave@01:00: status: 0x04000500, sisc: 0x00040000
Apr 20 17:33:05 witherspoon kernel:  slave@01:00: status: 0x04000500, sisc: 0x00040000
Apr 20 17:33:05 witherspoon kernel:  slave@01:00: status: 0x04000500, sisc: 0x00040000
Apr 20 17:33:05 witherspoon kernel:  slave@01:00: status: 0x04000500, sisc: 0x00040000
Apr 20 17:33:05 witherspoon kernel:  slave@01:00: status: 0x04000500, sisc: 0x00040000
Apr 20 17:33:05 witherspoon kernel:  slave@01:00: status: 0x04000500, sisc: 0x00040000
Apr 20 17:33:05 witherspoon kernel:  slave@01:00: status: 0x04000500, sisc: 0x00040000
Apr 20 17:33:05 witherspoon kernel:  slave@01:00: engine[14]: type 1b, version 1, addr 40000 size 8000
Apr 20 17:33:05 witherspoon kernel:  slave@01:00: engine[15]: type 1b, version 1, addr 48000 size 8000
Apr 20 17:33:05 witherspoon kernel:  slave@01:00: engine[16]: type 1b, version 1, addr 50000 size 8000
Apr 20 17:33:05 witherspoon kernel:  slave@01:00: engine[17]: type 1b, version 1, addr 58000 size 8000
Apr 20 17:33:05 witherspoon kernel:  slave@01:00: engine[18]: type 1b, version 1, addr 60000 size 8000
Apr 20 17:33:05 witherspoon kernel:  slave@01:00: engine[19]: type 1b, version 1, addr 68000 size 8000
Apr 20 17:33:05 witherspoon kernel:  slave@01:00: engine[20]: type 1b, version 1, addr 70000 size 8000
Apr 20 17:33:05 witherspoon kernel:  slave@01:00: engine[21]: type 1b, version 1, addr 78000 size 8000
Apr 20 17:33:05 witherspoon kernel:  slave@00:00: status: 0x84000500, sisc: 0x00040108
Apr 20 17:33:05 witherspoon kernel:  slave@00:00: status: 0x84000500, sisc: 0x00040108
Apr 20 17:33:05 witherspoon kernel:  fsi1: can't read slave 02:00 -5
Apr 20 17:33:05 witherspoon kernel:  slave@00:00: status: 0x84000500, sisc: 0x00040108
Apr 20 17:33:05 witherspoon kernel:  slave@00:00: status: 0x84000500, sisc: 0x00040108
Apr 20 17:33:05 witherspoon kernel:  fsi1: can't read slave 03:00 -5
Apr 20 17:33:05 witherspoon kernel:  slave@00:00: status: 0x84000500, sisc: 0x00040108
Apr 20 17:33:05 witherspoon kernel:  slave@00:00: status: 0x84000500, sisc: 0x00040108
Apr 20 17:33:05 witherspoon kernel:  fsi1: can't read slave 04:00 -5
Apr 20 17:33:05 witherspoon kernel:  slave@00:00: status: 0x84000500, sisc: 0x00040108
Apr 20 17:33:05 witherspoon kernel:  slave@00:00: status: 0x84000500, sisc: 0x00040108
Apr 20 17:33:05 witherspoon kernel:  fsi1: can't read slave 05:00 -5
Apr 20 17:33:05 witherspoon kernel:  slave@00:00: status: 0x84000500, sisc: 0x00040108
Apr 20 17:33:05 witherspoon kernel:  slave@00:00: status: 0x84000500, sisc: 0x00040108
Apr 20 17:33:05 witherspoon kernel:  fsi1: can't read slave 06:00 -5
Apr 20 17:33:05 witherspoon kernel:  slave@00:00: status: 0x84000500, sisc: 0x00040108
Apr 20 17:33:05 witherspoon kernel:  slave@00:00: status: 0x84000500, sisc: 0x00040108
Apr 20 17:33:05 witherspoon kernel:  fsi1: can't read slave 07:00 -5
Apr 20 17:33:05 witherspoon kernel:  slave@00:00: engine[14]: type 1b, version 1, addr 40000 size 8000
Apr 20 17:33:05 witherspoon kernel:  slave@00:00: engine[15]: type 1b, version 1, addr 48000 size 8000
Apr 20 17:33:05 witherspoon kernel:  slave@00:00: engine[16]: type 1b, version 1, addr 50000 size 8000
Apr 20 17:33:05 witherspoon kernel:  slave@00:00: engine[17]: type 1b, version 1, addr 58000 size 8000
Apr 20 17:33:05 witherspoon kernel:  slave@00:00: engine[18]: type 1b, version 1, addr 60000 size 8000
Apr 20 17:33:05 witherspoon kernel:  slave@00:00: engine[19]: type 1b, version 1, addr 68000 size 8000
Apr 20 17:33:05 witherspoon kernel:  slave@00:00: engine[20]: type 1b, version 1, addr 70000 size 8000
Apr 20 17:33:05 witherspoon kernel:  slave@00:00: engine[21]: type 1b, version 1, addr 78000 size 8000
Apr 20 17:33:05 witherspoon kernel[956]: [  233.960000]  slave@01:00: engine[4]: type 6, version 1, addr 1400 size 400
Apr 20 17:33:05 witherspoon kernel[956]: [  233.960000]  slave@01:00: engine[5]: type 7, version 2, addr 1800 size 400
Apr 20 17:33:05 witherspoon kernel[956]: [  233.960000]  slave@01:00: engine[8]: type 22, version 1, addr 2400 size 400
Apr 20 17:33:05 witherspoon kernel[956]: [  233.960000] sbefifo 01:01:00:06: Found sbefifo device
Apr 20 17:33:05 witherspoon kernel[956]: [  233.960000] occ-hwmon occ2-dev0: failed to get OCC poll response: -19
Apr 20 17:33:05 witherspoon kernel[956]: [  233.960000]  slave@01:00: engine[9]: type 20, version 2, addr 2800 size 800
Apr 20 17:33:05 witherspoon kernel[956]: [  234.150000]  slave@01:00: engine[11]: type 1a, version 1, addr 3000 size 400
Apr 20 17:33:05 witherspoon kernel[956]: [  234.150000]  slave@01:00: engine[12]: type 1c, version 1, addr 3400 size 400
Apr 20 17:33:05 witherspoon kernel[956]: [  234.150000] fsi-master-hub 01:01:00:0a: hub version 92010800 (8 links)
Apr 20 17:33:05 witherspoon kernel[956]: [  234.150000]  slave@00:00: status: 0x84000500, sisc: 0x00040108
Apr 20 17:33:05 witherspoon kernel[956]: [  234.150000]  slave@00:00: status: 0x84000500, sisc: 0x00040108
Apr 20 17:33:05 witherspoon kernel[956]: [  234.150000]  slave@01:00: status: 0x04000510, sisc: 0x01040000
Apr 20 17:33:05 witherspoon kernel[956]: [  234.150000]  slave@00:00: status: 0x84000500, sisc: 0x00040108
Apr 20 17:33:05 witherspoon kernel[956]: [  234.150000]  slave@00:00: status: 0x84000500, sisc: 0x00040108
Apr 20 17:33:05 witherspoon kernel[956]: [  234.150000]  slave@01:00: status: 0x04000500, sisc: 0x00040000
Apr 20 17:33:05 witherspoon kernel[956]: [  234.150000]  slave@00:00: status: 0x84000500, sisc: 0x00040108
Apr 20 17:33:05 witherspoon kernel[956]: [  234.150000]  slave@00:00: status: 0x84000500, sisc: 0x00040108
Apr 20 17:33:05 witherspoon kernel[956]: [  234.340000]  slave@01:00: status: 0x04000500, sisc: 0x00040000
