[    0.000000] NR_IRQS:16 nr_irqs:16 16
[    0.000000] i2c controller registered, irq 16
[    0.000000] clocksource: moxart_timer: mask: 0xffffffff max_cycles: 0xffffffff, max_idle_ns: 77222644334 ns
[    0.000000] sched_clock: 32 bits at 100 Hz, resolution 10000000ns, wraps every 21474836475000000ns
[    0.090000] Calibrating delay loop... 789.70 BogoMIPS (lpj=3948544)
[    0.090000] pid_max: default: 32768 minimum: 301
[    0.090000] Mount-cache hash table entries: 1024 (order: 0, 4096 bytes)
[    0.090000] Mountpoint-cache hash table entries: 1024 (order: 0, 4096 bytes)
[    0.090000] CPU: Testing write buffer coherency: ok
[    0.090000] ftrace: allocating 14991 entries in 44 pages
[    0.120000] Setting up static identity map for 0x80008200 - 0x8000825c
[    0.130000] devtmpfs: initialized
[    0.140000] clocksource: jiffies: mask: 0xffffffff max_cycles: 0xffffffff, max_idle_ns: 19112604462750000 ns
[    0.140000] futex hash table entries: 256 (order: -1, 3072 bytes)
[    0.140000] pinctrl core: initialized pinctrl subsystem
[    0.140000] NET: Registered protocol family 16
[    0.140000] DMA: preallocated 256 KiB pool for atomic coherent allocations
[    0.220000] usbcore: registered new interface driver usbfs
[    0.220000] usbcore: registered new interface driver hub
[    0.220000] usbcore: registered new device driver usb
[    0.220000] clocksource: Switched to clocksource moxart_timer
[    0.230000] NET: Registered protocol family 2
[    0.230000] TCP established hash table entries: 4096 (order: 2, 16384 bytes)
[    0.230000] TCP bind hash table entries: 4096 (order: 2, 16384 bytes)
[    0.230000] TCP: Hash tables configured (established 4096 bind 4096)
[    0.230000] UDP hash table entries: 256 (order: 0, 4096 bytes)
[    0.230000] UDP-Lite hash table entries: 256 (order: 0, 4096 bytes)
[    0.240000] NET: Registered protocol family 1
[    0.240000] Trying to unpack rootfs image as initramfs...
[    1.910000] Freeing initrd memory: 1544K
[    1.910000] workingset: timestamp_bits=30 max_order=17 bucket_order=0
[    1.910000] squashfs: version 4.0 (2009/01/31) Phillip Lougher
[    1.910000] jffs2: version 2.2. (SUMMARY)  Â© 2001-2006 Red Hat, Inc.
[    1.910000] Block layer SCSI generic (bsg) driver version 0.4 loaded (major 250)
[    1.910000] io scheduler noop registered
[    1.910000] io scheduler deadline registered
[    1.910000] io scheduler cfq registered (default)
[    2.060000] ipmi-bt-host 1e789140.ibt: Found bt bmc device
[    2.060000] ipmi-bt-host 1e789140.ibt: Using IRQ 22
[    2.060000] Serial: 8250/16550 driver, 6 ports, IRQ sharing enabled
[    2.060000] 1e787000.vuart: ttyS5 at MMIO 0x1e787000 (irq = 22, base_baud = 1500000) is a 16550A
[    2.060000] 1e783000.serial: ttyS0 at MMIO 0x1e783000 (irq = 23, base_baud = 1500000) is a 16550A
[    2.060000] 1e78d000.serial: ttyS1 at MMIO 0x1e78d000 (irq = 24, base_baud = 1500000) is a 16550A
[    2.060000] 1e784000.serial: ttyS4 at MMIO 0x1e784000 (irq = 25, base_baud = 1500000) is a 16550A
[    2.420000] console [ttyS4] enabled
[    2.600000] timeriomem_rng 1e6e2078.hwrng: 32bits from 0xf00e2078 @ 1us
[    2.610000] random: fast init done
[    2.630000] random: crng init done
[    2.660000] brd: module loaded
[    2.690000] loop: module loaded
[    2.690000] aspeed-lpc-ctrl 1e789080.lpc-ctrl: Loaded at 0x98000000 (0x04000000)
[    2.700000] aspeed-smc 1e620000.flash-controller: Using IRQ 18
[    2.710000] aspeed-smc 1e620000.flash-controller: DMA support disabled.
[    2.710000] aspeed-smc 1e620000.flash-controller: mx25l25635e (32768 Kbytes)
[    2.710000] aspeed-smc 1e620000.flash-controller: CE0 window [ 0x20000000 - 0x22000000 ] 32MB
[    2.730000] aspeed-smc 1e620000.flash-controller: CE1 window [ 0x22000000 - 0x2a000000 ] 128MB
[    2.740000] 5 ofpart partitions found on MTD device bmc
[    2.750000] Creating 5 MTD partitions on "bmc":
[    2.760000] 0x000000000000-0x000000060000 : "u-boot"
[    2.760000] 0x000000060000-0x000000080000 : "u-boot-env"
[    2.780000] 0x000000080000-0x0000004c0000 : "kernel"
[    2.780000] 0x0000004c0000-0x000001c00000 : "rofs"
[    2.800000] 0x000001c00000-0x000002000000 : "rwfs"
[    2.800000] aspeed-smc 1e620000.flash-controller: mx25l25635e (32768 Kbytes)
[    2.810000] aspeed-smc 1e620000.flash-controller: CE1 window [ 0x22000000 - 0x24000000 ] 32MB
[    2.810000] aspeed-smc 1e620000.flash-controller: CE2 window [ 0x24000000 - 0x2c000000 ] 128MB
[    2.840000] aspeed-smc 1e630000.flash-controller: mx66l1g45g (131072 Kbytes)
[    2.840000] aspeed-smc 1e630000.flash-controller: CE0 window resized to 120MB (AST2500 HW quirk)
[    2.850000] aspeed-smc 1e630000.flash-controller: CE0 window [ 0x30000000 - 0x37800000 ] 120MB
[    2.860000] aspeed-smc 1e630000.flash-controller: CE0 window too small for chip 128MB
[    2.870000] aspeed-smc 1e630000.flash-controller: CE1 window [ 0x37800000 - 0x38000000 ] 8MB
[    3.590000] libphy: Fixed MDIO Bus: probed
[    3.590000] ftgmac100 1e660000.ethernet: Read MAC address 70:e2:84:14:24:20 from chip
[    3.590000] ftgmac100 1e660000.ethernet: Using NCSI interface
[    3.590000] ftgmac100 1e660000.ethernet eth0: irq 20, mapped at f0060000
[    3.590000] ehci_hcd: USB 2.0 'Enhanced' Host Controller (EHCI) Driver
[    3.690000] ehci-platform: EHCI generic platform driver
[    3.840000] i2c /dev entries driver
[    3.840000] aspeed-i2c-bus 1e78a0c0.i2c-bus: i2c bus 2 registered, irq 26
[    3.840000] aspeed-i2c-bus 1e78a100.i2c-bus: i2c bus 3 registered, irq 27
[    3.840000] aspeed-i2c-bus 1e78a140.i2c-bus: i2c bus 4 registered, irq 28
[    3.840000] aspeed-i2c-bus 1e78a180.i2c-bus: i2c bus 5 registered, irq 29
[    3.840000] aspeed-i2c-bus 1e78a380.i2c-bus: i2c bus 9 registered, irq 30
[    3.840000] aspeed-i2c-bus 1e78a3c0.i2c-bus: i2c bus 10 registered, irq 31
[    3.840000] rtc-rv8803 11-0032: Voltage low, temperature compensation stopped.
[    3.940000] rtc-rv8803 11-0032: rtc core: registered rx8900 as rtc0
[    3.950000] at24 11-0051: 8192 byte 24c64 EEPROM, writable, 1 bytes/write
[    3.950000] aspeed-i2c-bus 1e78a400.i2c-bus: i2c bus 11 registered, irq 32
[    3.950000] aspeed-i2c-bus 1e78a440.i2c-bus: i2c bus 12 registered, irq 33
[    3.950000] aspeed-i2c-bus 1e78a480.i2c-bus: i2c bus 13 registered, irq 34
[    3.950000] Driver for 1-wire Dallas network protocol.
[    3.950000] lm75 9-004a: hwmon0: sensor 'tmp275'
[    5.770000] ucd9000 11-0064: Device ID UCD90160|2.3.4.0000|110603
[    6.480000] leds-pca955x 3-0060: leds-pca955x: Using pca9552 16-bit LED driver at slave address 0x60
[    6.490000] leds-pca955x 3-0060: gpios 238...253
[    6.490000] leds-pca955x 11-0060: leds-pca955x: Using pca9552 16-bit LED driver at slave address 0x60
[    6.510000] leds-pca955x 11-0060: gpios 222...237
[    6.510000] usbcore: registered new interface driver usbhid
[    6.520000] usbhid: USB HID core driver
[    6.570000] NET: Registered protocol family 10
[    6.570000] Segment Routing with IPv6
[    6.580000] NET: Registered protocol family 17
[    6.580000] 8021q: 802.1Q VLAN Support v1.8
[    6.590000] input: gpio-keys-polled as /devices/platform/gpio-keys-polled/input/input1
[    6.620000] console [netcon0] enabled
[    6.630000] netconsole: network logging started
[    6.630000] input: gpio-keys as /devices/platform/gpio-keys/input/input2
[    6.640000] rtc-rv8803 11-0032: setting system clock to 2016-05-30 02:18:58 UTC (1464574738)
[    6.650000] Freeing unused kernel memory: 284K
[    6.650000] This architecture does not have kernel memory protection.
[    7.530000] jffs2: notice: (541) jffs2_build_xattr_subsystem: complete building xattr subsystem, 0 of xdatum (0 unchecked, 0 orphan) and 0 of xref (0 dead, 0 orphan) found.
[    9.690000] systemd[1]: System time before build time, advancing clock.
[    9.690000] systemd[1]: Failed to insert module 'autofs4': No such file or directory
[    9.810000] systemd[1]: systemd 232 running in system mode. (+PAM -AUDIT -SELINUX -IMA -APPARMOR -SMACK +SYSVINIT -UTMP -LIBCRYPTSETUP -GCRYPT -GNUTLS +ACL +XZ -LZ4 -SECCOMP +BLKID -ELFUTILS +KMOD -IDN)
[    9.890000] systemd[1]: Detected architecture arm.
[    9.950000] systemd[1]: Set hostname to <witherspoon>.
[   11.680000] systemd[1]: Listening on /dev/initctl Compatibility Named Pipe.
[   11.750000] systemd[1]: Listening on Syslog Socket.
[   11.780000] systemd[1]: Listening on Network Service Netlink Socket.
[   11.820000] systemd[1]: Listening on Journal Socket.
[   11.860000] systemd[1]: Reached target Swap.
[   11.890000] systemd[1]: Reached target Remote File Systems.
[   11.930000] systemd[1]: Created slice System Slice.
[   15.080000] systemd-journald[565]: Received request to flush runtime journal from PID 1
[   24.880000] ubi7: default fastmap pool size: 100
[   24.880000] ubi7: default fastmap WL pool size: 50
[   24.880000] ubi7: attaching mtd7
[   24.880000] ubi7: scanning is finished
[   26.190000] ubi7: attached mtd7 (name "pnor", size 128 MiB)
[   26.190000] ubi7: PEB size: 65536 bytes (64 KiB), LEB size: 65408 bytes
[   26.190000] ubi7: min./max. I/O unit sizes: 1/256, sub-page size 1
[   26.190000] ubi7: VID header offset: 64 (aligned 64), data offset: 128
[   26.190000] ubi7: good PEBs: 2048, bad PEBs: 0, corrupted PEBs: 0
[   26.190000] ubi7: user volume: 6, internal volumes: 1, max. volumes count: 128
[   26.190000] ubi7: max/mean erase counter: 24/16, WL threshold: 4096, image sequence number: 545342904
[   26.190000] ubi7: available PEBs: 596, total reserved PEBs: 1452, PEBs reserved for bad PEB handling: 0
[   26.190000] ubi7: background thread "ubi_bgt7d" started, PID 1028
[   26.580000] ubi0: default fastmap pool size: 25
[   26.580000] ubi0: default fastmap WL pool size: 12
[   26.580000] ubi0: attaching mtd0
[   26.580000] ubi0: scanning is finished
[   26.580000] ubi0 error: ubi_read_volume_table: the layout volume was not found
[   26.580000] ubi0 error: ubi_attach_mtd_dev: failed to attach mtd0, error -22
[   40.760000] block ubiblock7_0: created from ubi7:0(pnor-ro-8764baa3)
[   41.630000] 8021q: adding VLAN 0 to HW filter on device eth0
[   41.840000] UBIFS (ubi7:1): background thread "ubifs_bgt7_1" started, PID 1068
[   42.140000] UBIFS (ubi7:1): UBIFS: mounted UBI device 7, volume 1, name "pnor-rw-b23e13fc"
[   42.140000] UBIFS (ubi7:1): LEB size: 65408 bytes (63 KiB), min./max. I/O unit sizes: 8 bytes/256 bytes
[   42.140000] UBIFS (ubi7:1): FS size: 16155776 bytes (15 MiB, 247 LEBs), journal size 784896 bytes (0 MiB, 12 LEBs)
[   42.170000] UBIFS (ubi7:1): reserved for root: 763076 bytes (745 KiB)
[   42.170000] UBIFS (ubi7:1): media format: w5/r0 (latest is w5/r0), UUID 6A62DD7E-44FD-4B18-B5F3-49BC36BBFD73, small LPT model
[   43.120000] UBIFS (ubi7:2): background thread "ubifs_bgt7_2" started, PID 1078
[   43.180000] UBIFS (ubi7:2): UBIFS: mounted UBI device 7, volume 2, name "pnor-prsv"
[   43.180000] UBIFS (ubi7:2): LEB size: 65408 bytes (63 KiB), min./max. I/O unit sizes: 8 bytes/256 bytes
[   43.180000] UBIFS (ubi7:2): FS size: 1504384 bytes (1 MiB, 23 LEBs), journal size 523265 bytes (0 MiB, 6 LEBs)
[   43.180000] UBIFS (ubi7:2): reserved for root: 71055 bytes (69 KiB)
[   43.180000] UBIFS (ubi7:2): media format: w5/r0 (latest is w5/r0), UUID 401DF602-AFE0-4DDD-BD33-EF6C2BEA46CD, small LPT model
[   45.030000] UBIFS (ubi7:4): UBIFS: mounted UBI device 7, volume 4, name "pnor-rw-1e74710"
[   45.030000] UBIFS (ubi7:4): LEB size: 65408 bytes (63 KiB), min./max. I/O unit sizes: 8 bytes/256 bytes
[   45.030000] UBIFS (ubi7:4): FS size: 16155776 bytes (15 MiB, 247 LEBs), journal size 784896 bytes (0 MiB, 12 LEBs)
[   45.030000] UBIFS (ubi7:4): reserved for root: 763076 bytes (745 KiB)
[   45.030000] UBIFS (ubi7:4): media format: w5/r0 (latest is w5/r0), UUID 94AA42FA-0AAC-4659-879C-58F891F6F227, small LPT model
[   45.150000] UBIFS (ubi7:4): background thread "ubifs_bgt7_4" started, PID 1092
[   45.550000] ftgmac100 1e660000.ethernet eth0: ncsi: removed vlan tag 0 at index 1
[   45.550000] ftgmac100 1e660000.ethernet eth0: ncsi: removed vlan tag 0 at index 2
[   45.550000] ftgmac100 1e660000.ethernet eth0: no vlan ids left to set
[   45.550000] ftgmac100 1e660000.ethernet eth0: NCSI interface up
[   50.030000] UBIFS (ubi7:5): UBIFS: mounted UBI device 7, volume 5, name "pnor-rw-8764baa3"
[   50.030000] UBIFS (ubi7:5): LEB size: 65408 bytes (63 KiB), min./max. I/O unit sizes: 8 bytes/256 bytes
[   50.030000] UBIFS (ubi7:5): FS size: 16155776 bytes (15 MiB, 247 LEBs), journal size 784896 bytes (0 MiB, 12 LEBs)
[   50.030000] UBIFS (ubi7:5): reserved for root: 763076 bytes (745 KiB)
[   50.030000] UBIFS (ubi7:5): media format: w5/r0 (latest is w5/r0), UUID 87007992-DBC7-4E17-B2EA-5F4CBA8BA6D8, small LPT model
[   50.030000] UBIFS (ubi7:5): background thread "ubifs_bgt7_5" started, PID 1103
[   83.960000] UBIFS (ubi7:3): background thread "ubifs_bgt7_3" started, PID 1190
[   84.100000] UBIFS (ubi7:3): UBIFS: mounted UBI device 7, volume 3, name "pnor-patch"
[   84.100000] UBIFS (ubi7:3): LEB size: 65408 bytes (63 KiB), min./max. I/O unit sizes: 8 bytes/256 bytes
[   84.100000] UBIFS (ubi7:3): FS size: 16155776 bytes (15 MiB, 247 LEBs), journal size 784896 bytes (0 MiB, 12 LEBs)
[   84.100000] UBIFS (ubi7:3): reserved for root: 763076 bytes (745 KiB)
[   84.180000] UBIFS (ubi7:3): media format: w5/r0 (latest is w5/r0), UUID 83F89C33-EE40-4652-9A67-807FCFE56E4E, small LPT model
[  244.530000] ucd9000 11-0064: Device ID UCD90160|2.3.4.0000|110603
[  246.220000] ucd9000 11-0064: Device ID UCD90160|2.3.4.0000|110603
