-- Logs begin at Mon 2017-08-28 19:33:51 UTC, end at Mon 2017-08-28 19:47:56 UTC. --
Aug 28 19:33:51 witherspoon kernel: Booting Linux on physical CPU 0x0
Aug 28 19:33:51 witherspoon kernel: Linux version 4.10.17-c4227b43277bbd0992d10d764d4958239786503d (jenkins@openbmc-builder1) (gcc version 6.2.0 (GCC) ) #1 Tue Sep 19 15:01:28 UTC 2017
Aug 28 19:33:51 witherspoon kernel: CPU: ARMv6-compatible processor [410fb767] revision 7 (ARMv7), cr=00c5387d
Aug 28 19:33:51 witherspoon kernel: CPU: PIPT / VIPT nonaliasing data cache, VIPT nonaliasing instruction cache
Aug 28 19:33:51 witherspoon kernel: OF: fdt:Machine model: Witherspoon BMC
Aug 28 19:33:51 witherspoon kernel: Memory policy: Data cache writeback
Aug 28 19:33:51 witherspoon kernel: SOC Rev: 04030303
Aug 28 19:33:51 witherspoon kernel: On node 0 totalpages: 110592
Aug 28 19:33:51 witherspoon kernel: free_area_init_node: node 0, pgdat 806038a4, node_mem_map 9ec1a000
Aug 28 19:33:51 witherspoon kernel:   Normal zone: 992 pages used for memmap
Aug 28 19:33:51 witherspoon kernel:   Normal zone: 0 pages reserved
Aug 28 19:33:51 witherspoon kernel:   Normal zone: 110592 pages, LIFO batch:31
Aug 28 19:33:51 witherspoon kernel: pcpu-alloc: s0 r0 d32768 u32768 alloc=1*32768
Aug 28 19:33:51 witherspoon kernel: pcpu-alloc: [0] 0 
Aug 28 19:33:51 witherspoon kernel: Built 1 zonelists in Zone order, mobility grouping on.  Total pages: 109600
Aug 28 19:33:51 witherspoon kernel: Kernel command line: console=ttyS4,115200n8 root=/dev/ram rw
Aug 28 19:33:51 witherspoon kernel: PID hash table entries: 2048 (order: 1, 8192 bytes)
Aug 28 19:33:51 witherspoon kernel: Dentry cache hash table entries: 65536 (order: 6, 262144 bytes)
Aug 28 19:33:51 witherspoon kernel: Inode-cache hash table entries: 32768 (order: 5, 131072 bytes)
Aug 28 19:33:51 witherspoon kernel: Memory: 430412K/442368K available (4077K kernel code, 281K rwdata, 1196K rodata, 284K init, 111K bss, 11956K reserved, 0K cma-reserved)
Aug 28 19:33:51 witherspoon kernel: Virtual kernel memory layout:
                                        vector  : 0xffff0000 - 0xffff1000   (   4 kB)
                                        fixmap  : 0xffc00000 - 0xfff00000   (3072 kB)
                                        vmalloc : 0x9f800000 - 0xff800000   (1536 MB)
                                        lowmem  : 0x80000000 - 0x9f000000   ( 496 MB)
                                          .text : 0x80008000 - 0x804036e0   (4078 kB)
                                          .init : 0x80589000 - 0x805d0000   ( 284 kB)
                                          .data : 0x805d0000 - 0x806167a8   ( 282 kB)
                                           .bss : 0x806167a8 - 0x80632678   ( 112 kB)
Aug 28 19:33:51 witherspoon kernel: NR_IRQS:16 nr_irqs:16 16
Aug 28 19:33:51 witherspoon kernel: i2c controller registered, irq 16
Aug 28 19:33:51 witherspoon kernel: clocksource: moxart_timer: mask: 0xffffffff max_cycles: 0xffffffff, max_idle_ns: 77222644334 ns
Aug 28 19:33:51 witherspoon kernel: sched_clock: 32 bits at 100 Hz, resolution 10000000ns, wraps every 21474836475000000ns
Aug 28 19:33:51 witherspoon kernel: Calibrating delay loop... 789.70 BogoMIPS (lpj=3948544)
Aug 28 19:33:51 witherspoon kernel: pid_max: default: 32768 minimum: 301
Aug 28 19:33:51 witherspoon kernel: Mount-cache hash table entries: 1024 (order: 0, 4096 bytes)
Aug 28 19:33:51 witherspoon kernel: Mountpoint-cache hash table entries: 1024 (order: 0, 4096 bytes)
Aug 28 19:33:51 witherspoon kernel: CPU: Testing write buffer coherency: ok
Aug 28 19:33:51 witherspoon kernel: ftrace: allocating 14991 entries in 44 pages
Aug 28 19:33:51 witherspoon kernel: Setting up static identity map for 0x80008200 - 0x8000825c
Aug 28 19:33:51 witherspoon kernel: devtmpfs: initialized
Aug 28 19:33:51 witherspoon kernel: clocksource: jiffies: mask: 0xffffffff max_cycles: 0xffffffff, max_idle_ns: 19112604462750000 ns
Aug 28 19:33:51 witherspoon kernel: futex hash table entries: 256 (order: -1, 3072 bytes)
Aug 28 19:33:51 witherspoon kernel: pinctrl core: initialized pinctrl subsystem
Aug 28 19:33:51 witherspoon kernel: NET: Registered protocol family 16
Aug 28 19:33:51 witherspoon kernel: DMA: preallocated 256 KiB pool for atomic coherent allocations
Aug 28 19:33:51 witherspoon kernel: usbcore: registered new interface driver usbfs
Aug 28 19:33:51 witherspoon kernel: usbcore: registered new interface driver hub
Aug 28 19:33:51 witherspoon kernel: usbcore: registered new device driver usb
Aug 28 19:33:51 witherspoon kernel: clocksource: Switched to clocksource moxart_timer
Aug 28 19:33:51 witherspoon kernel: NET: Registered protocol family 2
Aug 28 19:33:51 witherspoon kernel: TCP established hash table entries: 4096 (order: 2, 16384 bytes)
Aug 28 19:33:51 witherspoon kernel: TCP bind hash table entries: 4096 (order: 2, 16384 bytes)
Aug 28 19:33:51 witherspoon kernel: TCP: Hash tables configured (established 4096 bind 4096)
Aug 28 19:33:51 witherspoon kernel: UDP hash table entries: 256 (order: 0, 4096 bytes)
Aug 28 19:33:51 witherspoon kernel: UDP-Lite hash table entries: 256 (order: 0, 4096 bytes)
Aug 28 19:33:51 witherspoon kernel: NET: Registered protocol family 1
Aug 28 19:33:51 witherspoon kernel: Trying to unpack rootfs image as initramfs...
Aug 28 19:33:51 witherspoon kernel: Freeing initrd memory: 1544K
Aug 28 19:33:51 witherspoon kernel: workingset: timestamp_bits=30 max_order=17 bucket_order=0
Aug 28 19:33:51 witherspoon kernel: squashfs: version 4.0 (2009/01/31) Phillip Lougher
Aug 28 19:33:51 witherspoon kernel: jffs2: version 2.2. (SUMMARY)  © 2001-2006 Red Hat, Inc.
Aug 28 19:33:51 witherspoon kernel: Block layer SCSI generic (bsg) driver version 0.4 loaded (major 250)
Aug 28 19:33:51 witherspoon kernel: io scheduler noop registered
Aug 28 19:33:51 witherspoon kernel: io scheduler deadline registered
Aug 28 19:33:51 witherspoon kernel: io scheduler cfq registered (default)
Aug 28 19:33:51 witherspoon kernel: ipmi-bt-host 1e789140.ibt: Found bt bmc device
Aug 28 19:33:51 witherspoon kernel: ipmi-bt-host 1e789140.ibt: Using IRQ 22
Aug 28 19:33:51 witherspoon kernel: Serial: 8250/16550 driver, 6 ports, IRQ sharing enabled
Aug 28 19:33:51 witherspoon kernel: 1e787000.vuart: ttyS5 at MMIO 0x1e787000 (irq = 22, base_baud = 1500000) is a 16550A
Aug 28 19:33:51 witherspoon kernel: 1e783000.serial: ttyS0 at MMIO 0x1e783000 (irq = 23, base_baud = 1500000) is a 16550A
Aug 28 19:33:51 witherspoon kernel: 1e78d000.serial: ttyS1 at MMIO 0x1e78d000 (irq = 24, base_baud = 1500000) is a 16550A
Aug 28 19:33:51 witherspoon kernel: 1e784000.serial: ttyS4 at MMIO 0x1e784000 (irq = 25, base_baud = 1500000) is a 16550A
Aug 28 19:33:51 witherspoon kernel: console [ttyS4] enabled
Aug 28 19:33:51 witherspoon kernel: timeriomem_rng 1e6e2078.hwrng: 32bits from 0xf00e2078 @ 1us
Aug 28 19:33:51 witherspoon kernel: random: fast init done
Aug 28 19:33:51 witherspoon kernel: random: crng init done
Aug 28 19:33:51 witherspoon kernel: brd: module loaded
Aug 28 19:33:51 witherspoon kernel: loop: module loaded
Aug 28 19:33:51 witherspoon kernel: aspeed-lpc-ctrl 1e789080.lpc-ctrl: Loaded at 0x98000000 (0x04000000)
Aug 28 19:33:51 witherspoon kernel: aspeed-smc 1e620000.flash-controller: Using IRQ 18
Aug 28 19:33:51 witherspoon kernel: aspeed-smc 1e620000.flash-controller: DMA support disabled.
Aug 28 19:33:51 witherspoon kernel: aspeed-smc 1e620000.flash-controller: mx25l25635e (32768 Kbytes)
Aug 28 19:33:51 witherspoon kernel: aspeed-smc 1e620000.flash-controller: CE0 window [ 0x20000000 - 0x22000000 ] 32MB
Aug 28 19:33:51 witherspoon kernel: aspeed-smc 1e620000.flash-controller: CE1 window [ 0x22000000 - 0x2a000000 ] 128MB
Aug 28 19:33:51 witherspoon kernel: 5 ofpart partitions found on MTD device bmc
Aug 28 19:33:51 witherspoon kernel: Creating 5 MTD partitions on "bmc":
Aug 28 19:33:51 witherspoon kernel: 0x000000000000-0x000000060000 : "u-boot"
Aug 28 19:33:51 witherspoon kernel: 0x000000060000-0x000000080000 : "u-boot-env"
Aug 28 19:33:51 witherspoon kernel: 0x000000080000-0x0000004c0000 : "kernel"
Aug 28 19:33:51 witherspoon kernel: 0x0000004c0000-0x000001c00000 : "rofs"
Aug 28 19:33:51 witherspoon kernel: 0x000001c00000-0x000002000000 : "rwfs"
Aug 28 19:33:51 witherspoon kernel: aspeed-smc 1e620000.flash-controller: mx25l25635e (32768 Kbytes)
Aug 28 19:33:51 witherspoon kernel: aspeed-smc 1e620000.flash-controller: CE1 window [ 0x22000000 - 0x24000000 ] 32MB
Aug 28 19:33:51 witherspoon kernel: aspeed-smc 1e620000.flash-controller: CE2 window [ 0x24000000 - 0x2c000000 ] 128MB
Aug 28 19:33:51 witherspoon kernel: aspeed-smc 1e630000.flash-controller: mx66l1g45g (131072 Kbytes)
Aug 28 19:33:51 witherspoon kernel: aspeed-smc 1e630000.flash-controller: CE0 window resized to 120MB (AST2500 HW quirk)
Aug 28 19:33:52 witherspoon kernel: aspeed-smc 1e630000.flash-controller: CE0 window [ 0x30000000 - 0x37800000 ] 120MB
Aug 28 19:33:52 witherspoon kernel: aspeed-smc 1e630000.flash-controller: CE0 window too small for chip 128MB
Aug 28 19:33:52 witherspoon kernel: aspeed-smc 1e630000.flash-controller: CE1 window [ 0x37800000 - 0x38000000 ] 8MB
Aug 28 19:33:52 witherspoon kernel: libphy: Fixed MDIO Bus: probed
Aug 28 19:33:52 witherspoon kernel: ftgmac100 1e660000.ethernet: Read MAC address 70:e2:84:14:24:20 from chip
Aug 28 19:33:52 witherspoon kernel: ftgmac100 1e660000.ethernet: Using NCSI interface
Aug 28 19:33:52 witherspoon kernel: ftgmac100 1e660000.ethernet eth0: irq 20, mapped at f0060000
Aug 28 19:33:52 witherspoon kernel: ehci_hcd: USB 2.0 'Enhanced' Host Controller (EHCI) Driver
Aug 28 19:33:52 witherspoon kernel: ehci-platform: EHCI generic platform driver
Aug 28 19:33:52 witherspoon kernel: i2c /dev entries driver
Aug 28 19:33:52 witherspoon kernel: aspeed-i2c-bus 1e78a0c0.i2c-bus: i2c bus 2 registered, irq 26
Aug 28 19:33:52 witherspoon kernel: aspeed-i2c-bus 1e78a100.i2c-bus: i2c bus 3 registered, irq 27
Aug 28 19:33:52 witherspoon kernel: aspeed-i2c-bus 1e78a140.i2c-bus: i2c bus 4 registered, irq 28
Aug 28 19:33:52 witherspoon kernel: aspeed-i2c-bus 1e78a180.i2c-bus: i2c bus 5 registered, irq 29
Aug 28 19:33:52 witherspoon kernel: aspeed-i2c-bus 1e78a380.i2c-bus: i2c bus 9 registered, irq 30
Aug 28 19:33:52 witherspoon kernel: aspeed-i2c-bus 1e78a3c0.i2c-bus: i2c bus 10 registered, irq 31
Aug 28 19:33:52 witherspoon kernel: rtc-rv8803 11-0032: Voltage low, temperature compensation stopped.
Aug 28 19:33:52 witherspoon kernel: rtc-rv8803 11-0032: rtc core: registered rx8900 as rtc0
Aug 28 19:33:52 witherspoon kernel: at24 11-0051: 8192 byte 24c64 EEPROM, writable, 1 bytes/write
Aug 28 19:33:52 witherspoon kernel: aspeed-i2c-bus 1e78a400.i2c-bus: i2c bus 11 registered, irq 32
Aug 28 19:33:52 witherspoon kernel: aspeed-i2c-bus 1e78a440.i2c-bus: i2c bus 12 registered, irq 33
Aug 28 19:33:52 witherspoon kernel: aspeed-i2c-bus 1e78a480.i2c-bus: i2c bus 13 registered, irq 34
Aug 28 19:33:52 witherspoon kernel: Driver for 1-wire Dallas network protocol.
Aug 28 19:33:52 witherspoon kernel: lm75 9-004a: hwmon0: sensor 'tmp275'
Aug 28 19:33:52 witherspoon kernel: ucd9000 11-0064: Device ID UCD90160|2.3.4.0000|110603
Aug 28 19:33:52 witherspoon kernel: leds-pca955x 3-0060: leds-pca955x: Using pca9552 16-bit LED driver at slave address 0x60
Aug 28 19:33:52 witherspoon kernel: leds-pca955x 3-0060: gpios 238...253
Aug 28 19:33:52 witherspoon kernel: leds-pca955x 11-0060: leds-pca955x: Using pca9552 16-bit LED driver at slave address 0x60
Aug 28 19:33:52 witherspoon kernel: leds-pca955x 11-0060: gpios 222...237
Aug 28 19:33:52 witherspoon kernel: usbcore: registered new interface driver usbhid
Aug 28 19:33:52 witherspoon kernel: usbhid: USB HID core driver
Aug 28 19:33:52 witherspoon kernel: NET: Registered protocol family 10
Aug 28 19:33:52 witherspoon kernel: Segment Routing with IPv6
Aug 28 19:33:52 witherspoon kernel: NET: Registered protocol family 17
Aug 28 19:33:52 witherspoon kernel: 8021q: 802.1Q VLAN Support v1.8
Aug 28 19:33:52 witherspoon kernel: input: gpio-keys-polled as /devices/platform/gpio-keys-polled/input/input1
Aug 28 19:33:52 witherspoon kernel: console [netcon0] enabled
Aug 28 19:33:52 witherspoon kernel: netconsole: network logging started
Aug 28 19:33:52 witherspoon kernel: input: gpio-keys as /devices/platform/gpio-keys/input/input2
Aug 28 19:33:52 witherspoon kernel: rtc-rv8803 11-0032: setting system clock to 2016-05-30 02:18:58 UTC (1464574738)
Aug 28 19:33:52 witherspoon kernel: Freeing unused kernel memory: 284K
Aug 28 19:33:52 witherspoon kernel: This architecture does not have kernel memory protection.
Aug 28 19:33:52 witherspoon kernel: jffs2: notice: (541) jffs2_build_xattr_subsystem: complete building xattr subsystem, 0 of xdatum (0 unchecked, 0 orphan) and 0 of xref (0 dead, 0 orphan) found.
Aug 28 19:33:52 witherspoon systemd[1]: System time before build time, advancing clock.
Aug 28 19:33:52 witherspoon systemd[1]: Failed to insert module 'autofs4': No such file or directory
Aug 28 19:33:52 witherspoon systemd[1]: systemd 232 running in system mode. (+PAM -AUDIT -SELINUX -IMA -APPARMOR -SMACK +SYSVINIT -UTMP -LIBCRYPTSETUP -GCRYPT -GNUTLS +ACL +XZ -LZ4 -SECCOMP +BLKID -ELFUTILS +KMOD -IDN)
Aug 28 19:33:52 witherspoon systemd[1]: Detected architecture arm.
Aug 28 19:33:52 witherspoon systemd[1]: Set hostname to <witherspoon>.
Aug 28 19:33:52 witherspoon systemd[1]: Listening on /dev/initctl Compatibility Named Pipe.
Aug 28 19:33:52 witherspoon systemd[1]: Listening on Syslog Socket.
Aug 28 19:33:52 witherspoon systemd[1]: Listening on Network Service Netlink Socket.
Aug 28 19:33:52 witherspoon systemd[1]: Listening on Journal Socket.
Aug 28 19:33:52 witherspoon systemd[1]: Reached target Swap.
Aug 28 19:33:52 witherspoon systemd[1]: Reached target Remote File Systems.
Aug 28 19:33:52 witherspoon systemd[1]: Created slice System Slice.
Aug 28 19:33:52 witherspoon systemd-journald[565]: Journal started
Aug 28 19:33:52 witherspoon systemd-journald[565]: Runtime journal (/run/log/journal/98da6a547f8141998b98e23f5894fd04) is 0B, max 0B, 0B free.
Aug 28 19:33:52 witherspoon systemd-sysctl[561]: Couldn't write '16' to 'kernel/sysrq', ignoring: No such file or directory
Aug 28 19:33:52 witherspoon systemd-sysctl[561]: Couldn't write 'fq_codel' to 'net/core/default_qdisc', ignoring: No such file or directory
Aug 28 19:33:52 witherspoon systemd[1]: Starting Flush Journal to Persistent Storage...
Aug 28 19:33:52 witherspoon systemd[1]: Started udev Coldplug all Devices.
Aug 28 19:33:53 witherspoon systemd[1]: Started Create System Users.
Aug 28 19:33:53 witherspoon systemd-journald[565]: Runtime journal (/run/log/journal/98da6a547f8141998b98e23f5894fd04) is 0B, max 0B, 0B free.
Aug 28 19:33:53 witherspoon systemd[1]: Starting Create Static Device Nodes in /dev...
Aug 28 19:33:53 witherspoon systemd[1]: Started Flush Journal to Persistent Storage.
Aug 28 19:33:53 witherspoon systemd[1]: Started Create Static Device Nodes in /dev.
Aug 28 19:33:53 witherspoon systemd[1]: Starting udev Kernel Device Manager...
Aug 28 19:33:53 witherspoon systemd[1]: Reached target Local File Systems (Pre).
Aug 28 19:33:53 witherspoon systemd[1]: Mounting /var/volatile...
Aug 28 19:33:53 witherspoon systemd[1]: Mounting /usr/local...
Aug 28 19:33:53 witherspoon systemd[1]: Mounted /usr/local.
Aug 28 19:33:53 witherspoon systemd[1]: Mounted /var/volatile.
Aug 28 19:33:53 witherspoon systemd[1]: Starting Load/Save Random Seed...
Aug 28 19:33:53 witherspoon systemd[1]: Reached target Local File Systems.
Aug 28 19:33:53 witherspoon systemd[1]: Starting Rebuild Journal Catalog...
Aug 28 19:33:53 witherspoon systemd[1]: Starting Create Volatile Files and Directories...
Aug 28 19:33:54 witherspoon systemd[1]: Started Load/Save Random Seed.
Aug 28 19:33:54 witherspoon systemd[1]: Started udev Kernel Device Manager.
Aug 28 19:33:54 witherspoon systemd[1]: Started Rebuild Journal Catalog.
Aug 28 19:33:54 witherspoon systemd[1]: Starting Update is Completed...
Aug 28 19:33:55 witherspoon systemd-tmpfiles[928]: "/var/tmp" already exists and is not a directory.
Aug 28 19:33:55 witherspoon systemd-tmpfiles[928]: "/var/log" already exists and is not a directory.
Aug 28 19:33:55 witherspoon systemd[1]: Started Update is Completed.
Aug 28 19:33:55 witherspoon systemd[1]: Started Create Volatile Files and Directories.
Aug 28 19:33:55 witherspoon systemd[1]: Found device /dev/aspeed-lpc-ctrl.
Aug 28 19:33:56 witherspoon systemd[1]: Found device /dev/aspeed-mbox.
Aug 28 19:33:56 witherspoon systemd[1]: Found device /dev/ttyS4.
Aug 28 19:33:56 witherspoon systemd[1]: Found device /dev/ttyVUART0.
Aug 28 19:33:56 witherspoon systemd[1]: Created slice system-xyz.openbmc_project.Hwmon.slice.
Aug 28 19:33:56 witherspoon systemd[1]: dev-hugepages.mount: Couldn't determine result for ConditionVirtualization=!private-users, assuming failed: No such file or directory
Aug 28 19:33:56 witherspoon systemd[1]: Starting Network Time Synchronization...
Aug 28 19:33:56 witherspoon systemd[1]: dev-hugepages.mount: Couldn't determine result for ConditionVirtualization=!private-users, assuming failed: No such file or directory
Aug 28 19:33:56 witherspoon systemd[1]: dev-hugepages.mount: Couldn't determine result for ConditionVirtualization=!private-users, assuming failed: No such file or directory
Aug 28 19:33:56 witherspoon systemd[1]: dev-hugepages.mount: Couldn't determine result for ConditionVirtualization=!private-users, assuming failed: No such file or directory
Aug 28 19:33:57 witherspoon systemd[1]: Created slice system-xyz.openbmc_project.led.controller.slice.
Aug 28 19:33:57 witherspoon systemd[1]: dev-hugepages.mount: Couldn't determine result for ConditionVirtualization=!private-users, assuming failed: No such file or directory
Aug 28 19:33:57 witherspoon systemd[1]: Started Network Time Synchronization.
Aug 28 19:33:57 witherspoon systemd[1]: Reached target System Initialization.
Aug 28 19:33:57 witherspoon systemd[1]: Listening on Phosphor DBUS Browser socket.
Aug 28 19:33:58 witherspoon systemd[1]: Listening on D-Bus System Message Bus Socket.
Aug 28 19:33:58 witherspoon systemd[1]: Listening on Avahi mDNS/DNS-SD Stack Activation Socket.
Aug 28 19:33:58 witherspoon systemd[1]: Started Daily Cleanup of Temporary Directories.
Aug 28 19:33:58 witherspoon systemd[1]: Reached target Timers.
Aug 28 19:33:58 witherspoon systemd[1]: Listening on Phosphor Host Console SSH Per-Connection socket.
Aug 28 19:33:58 witherspoon systemd[1]: Listening on phosphor-ipmi-net.socket.
Aug 28 19:33:59 witherspoon systemd[1]: Listening on Phosphor Webserver socket.
Aug 28 19:33:59 witherspoon systemd[1]: Listening on dropbear.socket.
Aug 28 19:33:59 witherspoon systemd[1]: Reached target Sockets.
Aug 28 19:33:59 witherspoon systemd[1]: Reached target Basic System.
Aug 28 19:33:59 witherspoon systemd[1]: Starting Avahi mDNS/DNS-SD Stack...
Aug 28 19:33:59 witherspoon systemd[1]: Started Phosphor sysfs LED controller.
Aug 28 19:33:59 witherspoon systemd[1]: Starting Phosphor BMC0 Control...
Aug 28 19:33:59 witherspoon systemd[1]: Starting Updates symlinks for active PNOR version...
Aug 28 19:33:59 witherspoon systemd[1]: Starting Phosphor Download Manager...
Aug 28 19:33:59 witherspoon systemd[1]: Starting Phosphor Dump Manager...
Aug 28 19:33:59 witherspoon systemd[1]: Started Hardware RNG Entropy Gatherer Daemon.
Aug 28 19:34:00 witherspoon systemd[1]: Starting Phosphor User Manager...
Aug 28 19:34:00 witherspoon systemd[1]: Starting Check PNOR UBI format...
Aug 28 19:34:00 witherspoon systemd[1]: Started System Logging Service.
Aug 28 19:34:00 witherspoon systemd[1]: Starting Phosphor Sensor Manager...
Aug 28 19:34:00 witherspoon systemd[1]: Starting Phosphor IPMI BT DBus Bridge...
Aug 28 19:34:00 witherspoon systemd[1]: Starting Phosphor Log Manager...
Aug 28 19:34:00 witherspoon systemd[1]: Started Phosphor sysfs LED controller.
Aug 28 19:34:00 witherspoon systemd[1]: Started Phosphor sysfs LED controller.
Aug 28 19:34:00 witherspoon systemd[1]: Reached target Containers.
Aug 28 19:34:00 witherspoon systemd[1]: Started Phosphor Dump core monitor..
Aug 28 19:34:00 witherspoon systemd[1]: Mounting /var/lib/systemd/coredump...
Aug 28 19:34:00 witherspoon systemd[1]: Started Phosphor sysfs LED controller.
Aug 28 19:34:00 witherspoon systemd[1]: Starting Remount the ubi volume after a reboot...
Aug 28 19:34:00 witherspoon systemd[1]: Started Phosphor sysfs LED controller.
Aug 28 19:34:01 witherspoon systemd[1]: Starting Phosphor Inventory Manager...
Aug 28 19:34:01 witherspoon systemd[1]: Started Phosphor sysfs LED controller.
Aug 28 19:34:01 witherspoon obmc-flash-bios[958]: ls: /media/pnor-ro-*: No such file or directory
Aug 28 19:34:01 witherspoon systemd[1]: Started Phosphor sysfs LED controller.
Aug 28 19:34:01 witherspoon systemd[1]: Started Kernel Logging Service.
Aug 28 19:34:01 witherspoon systemd[1]: Starting Remount the squashfs and ubi volumes after a reboot...
Aug 28 19:34:01 witherspoon systemd[1]: Starting Phosphor Chassis0 Control...
Aug 28 19:34:01 witherspoon kernel[986]: klogd started: BusyBox v1.24.1 (2017-06-16 19:29:08 UTC)
Aug 28 19:34:01 witherspoon kernel[986]: [    0.000000] Booting Linux on physical CPU 0x0
Aug 28 19:34:01 witherspoon kernel[986]: [    0.000000] Linux version 4.10.17-c4227b43277bbd0992d10d764d4958239786503d (jenkins@openbmc-builder1) (gcc version 6.2.0 (GCC) ) #1 Tue Sep 19 15:01:28 UTC 2017
Aug 28 19:34:01 witherspoon kernel[986]: [    0.000000] CPU: ARMv6-compatible processor [410fb767] revision 7 (ARMv7), cr=00c5387d
Aug 28 19:34:01 witherspoon kernel[986]: [    0.000000] CPU: PIPT / VIPT nonaliasing data cache, VIPT nonaliasing instruction cache
Aug 28 19:34:01 witherspoon kernel[986]: [    0.000000] OF: fdt:Machine model: Witherspoon BMC
Aug 28 19:34:01 witherspoon kernel[986]: [    0.000000] Memory policy: Data cache writeback
Aug 28 19:34:01 witherspoon kernel[986]: [    0.000000] SOC Rev: 04030303
Aug 28 19:34:01 witherspoon kernel[986]: [    0.000000] On node 0 totalpages: 110592
Aug 28 19:34:01 witherspoon kernel[986]: [    0.000000] free_area_init_node: node 0, pgdat 806038a4, node_mem_map 9ec1a000
Aug 28 19:34:01 witherspoon kernel[986]: [    0.000000]   Normal zone: 992 pages used for memmap
Aug 28 19:34:01 witherspoon kernel[986]: [    0.000000]   Normal zone: 0 pages reserved
Aug 28 19:34:01 witherspoon kernel[986]: [    0.000000]   Normal zone: 110592 pages, LIFO batch:31
Aug 28 19:34:01 witherspoon kernel[986]: [    0.000000] pcpu-alloc: s0 r0 d32768 u32768 alloc=1*32768
Aug 28 19:34:01 witherspoon systemd[1]: Starting Phosphor DBus Service Discovery Manager...
Aug 28 19:34:01 witherspoon kernel[986]: [    0.000000] pcpu-alloc: [0] 0
Aug 28 19:34:01 witherspoon systemd[1]: Starting Clear one time boot overrides...
Aug 28 19:34:01 witherspoon kernel[986]: [    0.000000] Built 1 zonelists in Zone order, mobility grouping on.  Total pages: 109600
Aug 28 19:34:01 witherspoon systemd[1]: Started Phosphor sysfs LED controller.
Aug 28 19:34:01 witherspoon kernel[986]: [    0.000000] Kernel command line: console=ttyS4,115200n8 root=/dev/ram rw
Aug 28 19:34:01 witherspoon systemd[1]: Started Phosphor sysfs LED controller.
Aug 28 19:34:01 witherspoon kernel[986]: [    0.000000] PID hash table entries: 2048 (order: 1, 8192 bytes)
Aug 28 19:34:01 witherspoon systemd[1]: Starting Phosphor Network Manager...
Aug 28 19:34:01 witherspoon kernel[986]: [    0.000000] Dentry cache hash table entries: 65536 (order: 6, 262144 bytes)
Aug 28 19:34:01 witherspoon systemd[1]: Started Phosphor Console Muxer listening on device /dev/ttyVUART0.
Aug 28 19:34:01 witherspoon kernel[986]: [    0.000000] Inode-cache hash table entries: 32768 (order: 5, 131072 bytes)
Aug 28 19:34:01 witherspoon systemd[1]: Starting Phosphor Inventory Manager...
Aug 28 19:34:01 witherspoon kernel[986]: [    0.000000] Memory: 430412K/442368K available (4077K kernel code, 281K rwdata, 1196K rodata, 284K init, 111K bss, 11956K reserved, 0K cma-reserved)
Aug 28 19:34:02 witherspoon systemd[1]: Starting Phosphor LED Group Management Daemon...
Aug 28 19:34:01 witherspoon kernel[986]: [    0.000000] Virtual kernel memory layout:
Aug 28 19:34:02 witherspoon systemd[1]: Started Phosphor sysfs LED controller.
Aug 28 19:34:01 witherspoon kernel[986]: [    0.000000]     vector  : 0xffff0000 - 0xffff1000   (   4 kB)
Aug 28 19:34:02 witherspoon systemd[1]: Starting Phosphor Settings Daemon...
Aug 28 19:34:01 witherspoon kernel[986]: [    0.000000]     fixmap  : 0xffc00000 - 0xfff00000   (3072 kB)
Aug 28 19:34:02 witherspoon systemd[1]: Starting Phosphor Download Manager...
Aug 28 19:34:01 witherspoon kernel[986]: [    0.000000]     vmalloc : 0x9f800000 - 0xff800000   (1536 MB)
Aug 28 19:34:02 witherspoon systemd[1]: Started D-Bus System Message Bus.
Aug 28 19:34:01 witherspoon kernel[986]: [    0.000000]     lowmem  : 0x80000000 - 0x9f000000   ( 496 MB)
Aug 28 19:34:01 witherspoon kernel[986]: [    0.000000]       .text : 0x80008000 - 0x804036e0   (4078 kB)
Aug 28 19:34:01 witherspoon kernel[986]: [    0.000000]       .init : 0x80589000 - 0x805d0000   ( 284 kB)
Aug 28 19:34:01 witherspoon kernel[986]: [    0.000000]       .data : 0x805d0000 - 0x806167a8   ( 282 kB)
Aug 28 19:34:01 witherspoon kernel[986]: [    0.000000]        .bss : 0x806167a8 - 0x80632678   ( 112 kB)
Aug 28 19:34:01 witherspoon kernel[986]: [    0.000000] NR_IRQS:16 nr_irqs:16 16
Aug 28 19:34:01 witherspoon kernel[986]: [    0.000000] i2c controller registered, irq 16
Aug 28 19:34:01 witherspoon kernel[986]: [    0.000000] clocksource: moxart_timer: mask: 0xffffffff max_cycles: 0xffffffff, max_idle_ns: 77222644334 ns
Aug 28 19:34:01 witherspoon kernel[986]: [    0.000000] sched_clock: 32 bits at 100 Hz, resolution 10000000ns, wraps every 21474836475000000ns
Aug 28 19:34:01 witherspoon kernel[986]: [    0.090000] Calibrating delay loop... 789.70 BogoMIPS (lpj=3948544)
Aug 28 19:34:01 witherspoon kernel[986]: [    0.090000] pid_max: default: 32768 minimum: 301
Aug 28 19:34:01 witherspoon kernel[986]: [    0.090000] Mount-cache hash table entries: 1024 (order: 0, 4096 bytes)
Aug 28 19:34:01 witherspoon kernel[986]: [    0.090000] Mountpoint-cache hash table entries: 1024 (order: 0, 4096 bytes)
Aug 28 19:34:01 witherspoon kernel[986]: [    0.090000] CPU: Testing write buffer coherency: ok
Aug 28 19:34:01 witherspoon kernel[986]: [    0.090000] ftrace: allocating 14991 entries in 44 pages
Aug 28 19:34:01 witherspoon kernel[986]: [    0.120000] Setting up static identity map for 0x80008200 - 0x8000825c
Aug 28 19:34:01 witherspoon kernel[986]: [    0.130000] devtmpfs: initialized
Aug 28 19:34:01 witherspoon kernel[986]: [    0.140000] clocksource: jiffies: mask: 0xffffffff max_cycles: 0xffffffff, max_idle_ns: 19112604462750000 ns
Aug 28 19:34:01 witherspoon kernel[986]: [    0.140000] futex hash table entries: 256 (order: -1, 3072 bytes)
Aug 28 19:34:01 witherspoon kernel[986]: [    0.140000] pinctrl core: initialized pinctrl subsystem
Aug 28 19:34:01 witherspoon kernel[986]: [    0.140000] NET: Registered protocol family 16
Aug 28 19:34:01 witherspoon kernel[986]: [    0.140000] DMA: preallocated 256 KiB pool for atomic coherent allocations
Aug 28 19:34:01 witherspoon kernel[986]: [    0.220000] usbcore: registered new interface driver usbfs
Aug 28 19:34:01 witherspoon kernel[986]: [    0.220000] usbcore: registered new interface driver hub
Aug 28 19:34:01 witherspoon kernel[986]: [    0.220000] usbcore: registered new device driver usb
Aug 28 19:34:01 witherspoon kernel[986]: [    0.220000] clocksource: Switched to clocksource moxart_timer
Aug 28 19:34:01 witherspoon kernel[986]: [    0.230000] NET: Registered protocol family 2
Aug 28 19:34:01 witherspoon kernel[986]: [    0.230000] TCP established hash table entries: 4096 (order: 2, 16384 bytes)
Aug 28 19:34:01 witherspoon kernel[986]: [    0.230000] TCP bind hash table entries: 4096 (order: 2, 16384 bytes)
Aug 28 19:34:01 witherspoon kernel[986]: [    0.230000] TCP: Hash tables configured (established 4096 bind 4096)
Aug 28 19:34:01 witherspoon kernel[986]: [    0.230000] UDP hash table entries: 256 (order: 0, 4096 bytes)
Aug 28 19:34:01 witherspoon kernel[986]: [    0.230000] UDP-Lite hash table entries: 256 (order: 0, 4096 bytes)
Aug 28 19:34:01 witherspoon kernel[986]: [    0.240000] NET: Registered protocol family 1
Aug 28 19:34:04 witherspoon kernel: ubi7: default fastmap pool size: 100
Aug 28 19:34:04 witherspoon kernel: ubi7: default fastmap WL pool size: 50
Aug 28 19:34:04 witherspoon kernel: ubi7: attaching mtd7
Aug 28 19:34:04 witherspoon kernel: ubi7: scanning is finished
Aug 28 19:34:04 witherspoon kernel: ubi7: attached mtd7 (name "pnor", size 128 MiB)
Aug 28 19:34:04 witherspoon kernel: ubi7: PEB size: 65536 bytes (64 KiB), LEB size: 65408 bytes
Aug 28 19:34:04 witherspoon kernel: ubi7: min./max. I/O unit sizes: 1/256, sub-page size 1
Aug 28 19:34:04 witherspoon kernel: ubi7: VID header offset: 64 (aligned 64), data offset: 128
Aug 28 19:34:04 witherspoon kernel: ubi7: good PEBs: 2048, bad PEBs: 0, corrupted PEBs: 0
Aug 28 19:34:04 witherspoon kernel: ubi7: user volume: 6, internal volumes: 1, max. volumes count: 128
Aug 28 19:34:04 witherspoon kernel: ubi7: max/mean erase counter: 24/16, WL threshold: 4096, image sequence number: 545342904
Aug 28 19:34:04 witherspoon kernel: ubi7: available PEBs: 596, total reserved PEBs: 1452, PEBs reserved for bad PEB handling: 0
Aug 28 19:34:04 witherspoon kernel: ubi7: background thread "ubi_bgt7d" started, PID 1028
Aug 28 19:34:04 witherspoon obmc-flash-bios[987]: UBI device number 7, total 2048 LEBs (133955584 bytes, 127.8 MiB), available 596 LEBs (38983168 bytes, 37.2 MiB), LEB size 65408 bytes (63.9 KiB)
Aug 28 19:34:01 witherspoon kernel[986]: [    0.240000] Trying to unpack rootfs image as initramfs...
Aug 28 19:34:01 witherspoon kernel[986]: [    1.910000] Freeing initrd memory: 1544K
Aug 28 19:34:01 witherspoon kernel[986]: [    1.910000] workingset: timestamp_bits=30 max_order=17 bucket_order=0
Aug 28 19:34:01 witherspoon kernel[986]: [    1.910000] squashfs: version 4.0 (2009/01/31) Phillip Lougher
Aug 28 19:34:01 witherspoon kernel[986]: [    1.910000] jffs2: version 2.2. (SUMMARY)  © 2001-2006 Red Hat, Inc.
Aug 28 19:34:01 witherspoon kernel[986]: [    1.910000] Block layer SCSI generic (bsg) driver version 0.4 loaded (major 250)
Aug 28 19:34:01 witherspoon kernel[986]: [    1.910000] io scheduler noop registered
Aug 28 19:34:01 witherspoon kernel[986]: [    1.910000] io scheduler deadline registered
Aug 28 19:34:01 witherspoon kernel[986]: [    1.910000] io scheduler cfq registered (default)
Aug 28 19:34:01 witherspoon kernel[986]: [    2.060000] ipmi-bt-host 1e789140.ibt: Found bt bmc device
Aug 28 19:34:01 witherspoon kernel[986]: [    2.060000] ipmi-bt-host 1e789140.ibt: Using IRQ 22
Aug 28 19:34:01 witherspoon kernel[986]: [    2.060000] Serial: 8250/16550 driver, 6 ports, IRQ sharing enabled
Aug 28 19:34:01 witherspoon kernel[986]: [    2.060000] 1e787000.vuart: ttyS5 at MMIO 0x1e787000 (irq = 22, base_baud = 1500000) is a 16550A
Aug 28 19:34:01 witherspoon kernel[986]: [    2.060000] 1e783000.serial: ttyS0 at MMIO 0x1e783000 (irq = 23, base_baud = 1500000) is a 16550A
Aug 28 19:34:01 witherspoon kernel[986]: [    2.060000] 1e78d000.serial: ttyS1 at MMIO 0x1e78d000 (irq = 24, base_baud = 1500000) is a 16550A
Aug 28 19:34:01 witherspoon kernel[986]: [    2.060000] 1e784000.serial: ttyS4 at MMIO 0x1e784000 (irq = 25, base_baud = 1500000) is a 16550A
Aug 28 19:34:01 witherspoon kernel[986]: [    2.420000] console [ttyS4] enabled
Aug 28 19:34:01 witherspoon kernel[986]: [    2.600000] timeriomem_rng 1e6e2078.hwrng: 32bits from 0xf00e2078 @ 1us
Aug 28 19:34:01 witherspoon kernel[986]: [    2.610000] random: fast init done
Aug 28 19:34:01 witherspoon kernel[986]: [    2.630000] random: crng init done
Aug 28 19:34:01 witherspoon kernel[986]: [    2.660000] brd: module loaded
Aug 28 19:34:01 witherspoon kernel[986]: [    2.690000] loop: module loaded
Aug 28 19:34:01 witherspoon kernel[986]: [    2.690000] aspeed-lpc-ctrl 1e789080.lpc-ctrl: Loaded at 0x98000000 (0x04000000)
Aug 28 19:34:01 witherspoon kernel[986]: [    2.700000] aspeed-smc 1e620000.flash-controller: Using IRQ 18
Aug 28 19:34:01 witherspoon kernel[986]: [    2.710000] aspeed-smc 1e620000.flash-controller: DMA support disabled.
Aug 28 19:34:01 witherspoon kernel[986]: [    2.710000] aspeed-smc 1e620000.flash-controller: mx25l25635e (32768 Kbytes)
Aug 28 19:34:01 witherspoon kernel[986]: [    2.710000] aspeed-smc 1e620000.flash-controller: CE0 window [ 0x20000000 - 0x22000000 ] 32MB
Aug 28 19:34:01 witherspoon kernel[986]: [    2.730000] aspeed-smc 1e620000.flash-controller: CE1 window [ 0x22000000 - 0x2a000000 ] 128MB
Aug 28 19:34:01 witherspoon kernel[986]: [    2.740000] 5 ofpart partitions found on MTD device bmc
Aug 28 19:34:05 witherspoon kernel: ubi0: default fastmap pool size: 25
Aug 28 19:34:05 witherspoon kernel: ubi0: default fastmap WL pool size: 12
Aug 28 19:34:05 witherspoon kernel: ubi0: attaching mtd0
Aug 28 19:34:05 witherspoon kernel: ubi0: scanning is finished
Aug 28 19:34:05 witherspoon kernel: ubi0 error: ubi_read_volume_table: the layout volume was not found
Aug 28 19:34:05 witherspoon kernel: ubi0 error: ubi_attach_mtd_dev: failed to attach mtd0, error -22
Aug 28 19:34:01 witherspoon kernel[986]: [    2.750000] Creating 5 MTD partitions on "bmc":
Aug 28 19:34:05 witherspoon obmc-flash-bmc[981]: ubinfo: error!: cannot get information about UBI device 0
Aug 28 19:34:05 witherspoon obmc-flash-bmc[981]:         error 2 (No such file or directory)
Aug 28 19:34:01 witherspoon kernel[986]: [    2.760000] 0x000000000000-0x000000060000 : "u-boot"
Aug 28 19:34:01 witherspoon kernel[986]: [    2.760000] 0x000000060000-0x000000080000 : "u-boot-env"
Aug 28 19:34:01 witherspoon kernel[986]: [    2.780000] 0x000000080000-0x0000004c0000 : "kernel"
Aug 28 19:34:01 witherspoon kernel[986]: [    2.780000] 0x0000004c0000-0x000001c00000 : "rofs"
Aug 28 19:34:01 witherspoon kernel[986]: [    2.800000] 0x000001c00000-0x000002000000 : "rwfs"
Aug 28 19:34:01 witherspoon kernel[986]: [    2.800000] aspeed-smc 1e620000.flash-controller: mx25l25635e (32768 Kbytes)
Aug 28 19:34:01 witherspoon kernel[986]: [    2.810000] aspeed-smc 1e620000.flash-controller: CE1 window [ 0x22000000 - 0x24000000 ] 32MB
Aug 28 19:34:01 witherspoon kernel[986]: [    2.810000] aspeed-smc 1e620000.flash-controller: CE2 window [ 0x24000000 - 0x2c000000 ] 128MB
Aug 28 19:34:01 witherspoon kernel[986]: [    2.840000] aspeed-smc 1e630000.flash-controller: mx66l1g45g (131072 Kbytes)
Aug 28 19:34:01 witherspoon kernel[986]: [    2.840000] aspeed-smc 1e630000.flash-controller: CE0 window resized to 120MB (AST2500 HW quirk)
Aug 28 19:34:01 witherspoon kernel[986]: [    2.850000] aspeed-smc 1e630000.flash-controller: CE0 window [ 0x30000000 - 0x37800000 ] 120MB
Aug 28 19:34:01 witherspoon kernel[986]: [    2.860000] aspeed-smc 1e630000.flash-controller: CE0 window too small for chip 128MB
Aug 28 19:34:01 witherspoon kernel[986]: [    2.870000] aspeed-smc 1e630000.flash-controller: CE1 window [ 0x37800000 - 0x38000000 ] 8MB
Aug 28 19:34:01 witherspoon kernel[986]: [    3.590000] libphy: Fixed MDIO Bus: probed
Aug 28 19:34:01 witherspoon kernel[986]: [    3.590000] ftgmac100 1e660000.ethernet: Read MAC address 70:e2:84:14:24:20 from chip
Aug 28 19:34:01 witherspoon kernel[986]: [    3.590000] ftgmac100 1e660000.ethernet: Using NCSI interface
Aug 28 19:34:01 witherspoon kernel[986]: [    3.590000] ftgmac100 1e660000.ethernet eth0: irq 20, mapped at f0060000
Aug 28 19:34:01 witherspoon kernel[986]: [    3.590000] ehci_hcd: USB 2.0 'Enhanced' Host Controller (EHCI) Driver
Aug 28 19:34:01 witherspoon kernel[986]: [    3.690000] ehci-platform: EHCI generic platform driver
Aug 28 19:34:01 witherspoon kernel[986]: [    3.840000] i2c /dev entries driver
Aug 28 19:34:01 witherspoon kernel[986]: [    3.840000] aspeed-i2c-bus 1e78a0c0.i2c-bus: i2c bus 2 registered, irq 26
Aug 28 19:34:01 witherspoon kernel[986]: [    3.840000] aspeed-i2c-bus 1e78a100.i2c-bus: i2c bus 3 registered, irq 27
Aug 28 19:34:01 witherspoon kernel[986]: [    3.840000] aspeed-i2c-bus 1e78a140.i2c-bus: i2c bus 4 registered, irq 28
Aug 28 19:34:01 witherspoon kernel[986]: [    3.840000] aspeed-i2c-bus 1e78a180.i2c-bus: i2c bus 5 registered, irq 29
Aug 28 19:34:01 witherspoon kernel[986]: [    3.840000] aspeed-i2c-bus 1e78a380.i2c-bus: i2c bus 9 registered, irq 30
Aug 28 19:34:01 witherspoon kernel[986]: [    3.840000] aspeed-i2c-bus 1e78a3c0.i2c-bus: i2c bus 10 registered, irq 31
Aug 28 19:34:01 witherspoon kernel[986]: [    3.840000] rtc-rv8803 11-0032: Voltage low, temperature compensation stopped.
Aug 28 19:34:01 witherspoon kernel[986]: [    3.940000] rtc-rv8803 11-0032: rtc core: registered rx8900 as rtc0
Aug 28 19:34:01 witherspoon kernel[986]: [    3.950000] at24 11-0051: 8192 byte 24c64 EEPROM, writable, 1 bytes/write
Aug 28 19:34:01 witherspoon kernel[986]: [    3.950000] aspeed-i2c-bus 1e78a400.i2c-bus: i2c bus 11 registered, irq 32
Aug 28 19:34:01 witherspoon kernel[986]: [    3.950000] aspeed-i2c-bus 1e78a440.i2c-bus: i2c bus 12 registered, irq 33
Aug 28 19:34:01 witherspoon kernel[986]: [    3.950000] aspeed-i2c-bus 1e78a480.i2c-bus: i2c bus 13 registered, irq 34
Aug 28 19:34:01 witherspoon kernel[986]: [    3.950000] Driver for 1-wire Dallas network protocol.
Aug 28 19:34:01 witherspoon kernel[986]: [    3.950000] lm75 9-004a: hwmon0: sensor 'tmp275'
Aug 28 19:34:01 witherspoon kernel[986]: [    5.770000] ucd9000 11-0064: Device ID UCD90160|2.3.4.0000|110603
Aug 28 19:34:01 witherspoon kernel[986]: [    6.480000] leds-pca955x 3-0060: leds-pca955x: Using pca9552 16-bit LED driver at slave address 0x60
Aug 28 19:34:01 witherspoon kernel[986]: [    6.490000] leds-pca955x 3-0060: gpios 238...253
Aug 28 19:34:01 witherspoon kernel[986]: [    6.490000] leds-pca955x 11-0060: leds-pca955x: Using pca9552 16-bit LED driver at slave address 0x60
Aug 28 19:34:01 witherspoon kernel[986]: [    6.510000] leds-pca955x 11-0060: gpios 222...237
Aug 28 19:34:01 witherspoon kernel[986]: [    6.510000] usbcore: registered new interface driver usbhid
Aug 28 19:34:01 witherspoon kernel[986]: [    6.520000] usbhid: USB HID core driver
Aug 28 19:34:01 witherspoon kernel[986]: [    6.570000] NET: Registered protocol family 10
Aug 28 19:34:01 witherspoon kernel[986]: [    6.570000] Segment Routing with IPv6
Aug 28 19:34:01 witherspoon kernel[986]: [    6.580000] NET: Registered protocol family 17
Aug 28 19:34:01 witherspoon kernel[986]: [    6.580000] 8021q: 802.1Q VLAN Support v1.8
Aug 28 19:34:01 witherspoon kernel[986]: [    6.590000] input: gpio-keys-polled as /devices/platform/gpio-keys-polled/input/input1
Aug 28 19:34:01 witherspoon kernel[986]: [    6.620000] console [netcon0] enabled
Aug 28 19:34:01 witherspoon kernel[986]: [    6.630000] netconsole: network logging started
Aug 28 19:34:01 witherspoon kernel[986]: [    6.630000] input: gpio-keys as /devices/platform/gpio-keys/input/input2
Aug 28 19:34:01 witherspoon kernel[986]: [    6.640000] rtc-rv8803 11-0032: setting system clock to 2016-05-30 02:18:58 UTC (1464574738)
Aug 28 19:34:01 witherspoon kernel[986]: [    6.650000] Freeing unused kernel memory: 284K
Aug 28 19:34:01 witherspoon kernel[986]: [    6.650000] This architecture does not have kernel memory protection.
Aug 28 19:34:01 witherspoon kernel[986]: [    7.530000] jffs2: notice: (541) jffs2_build_xattr_subsystem: complete building xattr subsystem, 0 of xdatum (0 unchecked, 0 orphan) and 0 of xref (0 dead, 0 orphan) found.
Aug 28 19:34:01 witherspoon kernel[986]: [    9.690000] systemd[1]: System time before build time, advancing clock.
Aug 28 19:34:01 witherspoon kernel[986]: [    9.690000] systemd[1]: Failed to insert module 'autofs4': No such file or directory
Aug 28 19:34:01 witherspoon kernel[986]: [    9.810000] systemd[1]: systemd 232 running in system mode. (+PAM -AUDIT -SELINUX -IMA -APPARMOR -SMACK +SYSVINIT -UTMP -LIBCRYPTSETUP -GCRYPT -GNUTLS +ACL +XZ -LZ4 -SECCOMP +BLKID -ELFUTILS +KMOD -IDN)
Aug 28 19:34:01 witherspoon kernel[986]: [    9.890000] systemd[1]: Detected architecture arm.
Aug 28 19:34:01 witherspoon kernel[986]: [    9.950000] systemd[1]: Set hostname to <witherspoon>.
Aug 28 19:34:01 witherspoon kernel[986]: [   11.680000] systemd[1]: Listening on /dev/initctl Compatibility Named Pipe.
Aug 28 19:34:01 witherspoon kernel[986]: [   11.750000] systemd[1]: Listening on Syslog Socket.
Aug 28 19:34:01 witherspoon kernel[986]: [   11.780000] systemd[1]: Listening on Network Service Netlink Socket.
Aug 28 19:34:01 witherspoon kernel[986]: [   11.820000] systemd[1]: Listening on Journal Socket.
Aug 28 19:34:01 witherspoon kernel[986]: [   11.860000] systemd[1]: Reached target Swap.
Aug 28 19:34:01 witherspoon kernel[986]: [   11.890000] systemd[1]: Reached target Remote File Systems.
Aug 28 19:34:01 witherspoon kernel[986]: [   11.930000] systemd[1]: Created slice System Slice.
Aug 28 19:34:01 witherspoon kernel[986]: [   15.080000] systemd-journald[565]: Received request to flush runtime journal from PID 1
Aug 28 19:34:03 witherspoon kernel[986]: [   24.880000] ubi7: default fastmap pool size: 100
Aug 28 19:34:03 witherspoon kernel[986]: [   24.880000] ubi7: default fastmap WL pool size: 50
Aug 28 19:34:03 witherspoon kernel[986]: [   24.880000] ubi7: attaching mtd7
Aug 28 19:34:03 witherspoon kernel[986]: [   24.880000] ubi7: scanning is finished
Aug 28 19:34:04 witherspoon kernel[986]: [   26.190000] ubi7: attached mtd7 (name "pnor", size 128 MiB)
Aug 28 19:34:04 witherspoon kernel[986]: [   26.190000] ubi7: PEB size: 65536 bytes (64 KiB), LEB size: 65408 bytes
Aug 28 19:34:04 witherspoon kernel[986]: [   26.190000] ubi7: min./max. I/O unit sizes: 1/256, sub-page size 1
Aug 28 19:34:04 witherspoon kernel[986]: [   26.190000] ubi7: VID header offset: 64 (aligned 64), data offset: 128
Aug 28 19:34:04 witherspoon kernel[986]: [   26.190000] ubi7: good PEBs: 2048, bad PEBs: 0, corrupted PEBs: 0
Aug 28 19:34:04 witherspoon kernel[986]: [   26.190000] ubi7: user volume: 6, internal volumes: 1, max. volumes count: 128
Aug 28 19:34:04 witherspoon kernel[986]: [   26.190000] ubi7: max/mean erase counter: 24/16, WL threshold: 4096, image sequence number: 545342904
Aug 28 19:34:04 witherspoon kernel[986]: [   26.190000] ubi7: available PEBs: 596, total reserved PEBs: 1452, PEBs reserved for bad PEB handling: 0
Aug 28 19:34:04 witherspoon kernel[986]: [   26.190000] ubi7: background thread "ubi_bgt7d" started, PID 1028
Aug 28 19:34:05 witherspoon kernel[986]: [   26.580000] ubi0: default fastmap pool size: 25
Aug 28 19:34:05 witherspoon kernel[986]: [   26.580000] ubi0: default fastmap WL pool size: 12
Aug 28 19:34:05 witherspoon kernel[986]: [   26.580000] ubi0: attaching mtd0
Aug 28 19:34:05 witherspoon kernel[986]: [   26.580000] ubi0: scanning is finished
Aug 28 19:34:05 witherspoon kernel[986]: [   26.580000] ubi0 error: ubi_read_volume_table: the layout volume was not found
Aug 28 19:34:05 witherspoon kernel[986]: [   26.580000] ubi0 error: ubi_attach_mtd_dev: failed to attach mtd0, error -22
Aug 28 19:34:07 witherspoon avahi-daemon[955]: Found user 'avahi' (UID 999) and group 'avahi' (GID 997).
Aug 28 19:34:07 witherspoon avahi-daemon[955]: Successfully dropped root privileges.
Aug 28 19:34:07 witherspoon avahi-daemon[955]: avahi-daemon 0.6.32 starting up.
Aug 28 19:34:14 witherspoon avahi-daemon[955]: Successfully called chroot().
Aug 28 19:34:14 witherspoon avahi-daemon[955]: Successfully dropped remaining capabilities.
Aug 28 19:34:14 witherspoon avahi-daemon[955]: Loading service file /services/obmc_console.service.
Aug 28 19:34:14 witherspoon avahi-daemon[955]: Loading service file /services/phosphor_rest.service.
Aug 28 19:34:14 witherspoon avahi-daemon[955]: Loading service file /services/sftp-ssh.service.
Aug 28 19:34:14 witherspoon avahi-daemon[955]: Loading service file /services/sftp.service.
Aug 28 19:34:14 witherspoon avahi-daemon[955]: Loading service file /services/ssh.service.
Aug 28 19:34:14 witherspoon avahi-daemon[955]: Network interface enumeration completed.
Aug 28 19:34:14 witherspoon avahi-daemon[955]: Server startup complete. Host name is witherspoon.local. Local service cookie is 3682405928.
Aug 28 19:34:14 witherspoon avahi-daemon[955]: Service "witherspoon" (/services/ssh.service) successfully established.
Aug 28 19:34:14 witherspoon avahi-daemon[955]: Service "sftp" (/services/sftp.service) successfully established.
Aug 28 19:34:14 witherspoon avahi-daemon[955]: Service "witherspoon" (/services/sftp-ssh.service) successfully established.
Aug 28 19:34:14 witherspoon avahi-daemon[955]: Service "phosphor_rest" (/services/phosphor_rest.service) successfully established.
Aug 28 19:34:14 witherspoon avahi-daemon[955]: Service "obmc_console" (/services/obmc_console.service) successfully established.
Aug 28 19:34:14 witherspoon systemd[1]: Started Phosphor Download Manager.
Aug 28 19:34:14 witherspoon systemd[1]: Started Phosphor IPMI BT DBus Bridge.
Aug 28 19:34:14 witherspoon systemd[1]: Started Phosphor LED Group Management Daemon.
Aug 28 19:34:15 witherspoon systemd[1]: Started Phosphor Log Manager.
Aug 28 19:34:15 witherspoon systemd[1]: Started Avahi mDNS/DNS-SD Stack.
Aug 28 19:34:15 witherspoon systemd[1]: Started Phosphor Settings Daemon.
Aug 28 19:34:15 witherspoon systemd[1]: Started Phosphor Inventory Manager.
Aug 28 19:34:16 witherspoon systemd[1]: Starting Network Service...
Aug 28 19:34:16 witherspoon systemd[1]: Reached target System Time Synchronized.
Aug 28 19:34:16 witherspoon systemd[1]: Mounted /var/lib/systemd/coredump.
Aug 28 19:34:17 witherspoon systemd[1]: Started Updates symlinks for active PNOR version.
Aug 28 19:34:17 witherspoon systemd[1]: Started Check PNOR UBI format.
Aug 28 19:34:17 witherspoon systemd[1]: Started Remount the ubi volume after a reboot.
Aug 28 19:34:17 witherspoon systemd[1]: Started Clear one time boot overrides.
Aug 28 19:34:17 witherspoon systemd[1]: Started Phosphor BMC0 Control.
Aug 28 19:34:17 witherspoon systemd[1]: Started Phosphor Dump Manager.
Aug 28 19:34:19 witherspoon kernel: block ubiblock7_0: created from ubi7:0(pnor-ro-8764baa3)
Aug 28 19:34:19 witherspoon kernel[986]: [   40.760000] block ubiblock7_0: created from ubi7:0(pnor-ro-8764baa3)
Aug 28 19:34:19 witherspoon systemd-networkd[1048]: Enumeration completed
Aug 28 19:34:19 witherspoon systemd[1]: Started Network Service.
Aug 28 19:34:19 witherspoon systemd[1]: Reached target Network.
Aug 28 19:34:19 witherspoon kernel: 8021q: adding VLAN 0 to HW filter on device eth0
Aug 28 19:34:19 witherspoon kernel[986]: [   41.630000] 8021q: adding VLAN 0 to HW filter on device eth0
Aug 28 19:34:19 witherspoon systemd[1]: Started Lightweight SLP Server.
Aug 28 19:34:19 witherspoon systemd-networkd[1048]: eth0: IPv6 enabled for interface: Success
Aug 28 19:34:19 witherspoon systemd[1]: Starting Permit User Sessions...
Aug 28 19:34:20 witherspoon kernel: UBIFS (ubi7:1): background thread "ubifs_bgt7_1" started, PID 1068
Aug 28 19:34:20 witherspoon kernel[986]: [   41.840000] UBIFS (ubi7:1): background thread "ubifs_bgt7_1" started, PID 1068
Aug 28 19:34:20 witherspoon avahi-daemon[955]: Joining mDNS multicast group on interface eth0.IPv4 with address 9.41.166.169.
Aug 28 19:34:20 witherspoon avahi-daemon[955]: New relevant interface eth0.IPv4 for mDNS.
Aug 28 19:34:20 witherspoon avahi-daemon[955]: Registering new address record for 9.41.166.169 on eth0.IPv4.
Aug 28 19:34:20 witherspoon systemd-networkd[1048]: eth0: Gained carrier
Aug 28 19:34:20 witherspoon systemd-timesyncd[953]: Network configuration changed, trying to establish connection.
Aug 28 19:34:20 witherspoon kernel: UBIFS (ubi7:1): UBIFS: mounted UBI device 7, volume 1, name "pnor-rw-b23e13fc"
Aug 28 19:34:20 witherspoon kernel: UBIFS (ubi7:1): LEB size: 65408 bytes (63 KiB), min./max. I/O unit sizes: 8 bytes/256 bytes
Aug 28 19:34:20 witherspoon kernel: UBIFS (ubi7:1): FS size: 16155776 bytes (15 MiB, 247 LEBs), journal size 784896 bytes (0 MiB, 12 LEBs)
Aug 28 19:34:20 witherspoon kernel: UBIFS (ubi7:1): reserved for root: 763076 bytes (745 KiB)
Aug 28 19:34:20 witherspoon kernel: UBIFS (ubi7:1): media format: w5/r0 (latest is w5/r0), UUID 6A62DD7E-44FD-4B18-B5F3-49BC36BBFD73, small LPT model
Aug 28 19:34:20 witherspoon kernel[986]: [   42.140000] UBIFS (ubi7:1): UBIFS: mounted UBI device 7, volume 1, name "pnor-rw-b23e13fc"
Aug 28 19:34:20 witherspoon kernel[986]: [   42.140000] UBIFS (ubi7:1): LEB size: 65408 bytes (63 KiB), min./max. I/O unit sizes: 8 bytes/256 bytes
Aug 28 19:34:20 witherspoon kernel[986]: [   42.140000] UBIFS (ubi7:1): FS size: 16155776 bytes (15 MiB, 247 LEBs), journal size 784896 bytes (0 MiB, 12 LEBs)
Aug 28 19:34:20 witherspoon systemd[1]: Started Permit User Sessions.
Aug 28 19:34:20 witherspoon kernel[986]: [   42.170000] UBIFS (ubi7:1): reserved for root: 763076 bytes (745 KiB)
Aug 28 19:34:20 witherspoon systemd[1]: Started Serial Getty on ttyS4.
Aug 28 19:34:20 witherspoon kernel[986]: [   42.170000] UBIFS (ubi7:1): media format: w5/r0 (latest is w5/r0), UUID 6A62DD7E-44FD-4B18-B5F3-49BC36BBFD73, small LPT model
Aug 28 19:34:20 witherspoon systemd[1]: Reached target Login Prompts.
Aug 28 19:34:21 witherspoon kernel: UBIFS (ubi7:2): background thread "ubifs_bgt7_2" started, PID 1078
Aug 28 19:34:21 witherspoon kernel[986]: [   43.120000] UBIFS (ubi7:2): background thread "ubifs_bgt7_2" started, PID 1078
Aug 28 19:34:21 witherspoon kernel: UBIFS (ubi7:2): UBIFS: mounted UBI device 7, volume 2, name "pnor-prsv"
Aug 28 19:34:21 witherspoon kernel: UBIFS (ubi7:2): LEB size: 65408 bytes (63 KiB), min./max. I/O unit sizes: 8 bytes/256 bytes
Aug 28 19:34:21 witherspoon kernel: UBIFS (ubi7:2): FS size: 1504384 bytes (1 MiB, 23 LEBs), journal size 523265 bytes (0 MiB, 6 LEBs)
Aug 28 19:34:21 witherspoon kernel: UBIFS (ubi7:2): reserved for root: 71055 bytes (69 KiB)
Aug 28 19:34:21 witherspoon kernel: UBIFS (ubi7:2): media format: w5/r0 (latest is w5/r0), UUID 401DF602-AFE0-4DDD-BD33-EF6C2BEA46CD, small LPT model
Aug 28 19:34:21 witherspoon kernel[986]: [   43.180000] UBIFS (ubi7:2): UBIFS: mounted UBI device 7, volume 2, name "pnor-prsv"
Aug 28 19:34:21 witherspoon kernel[986]: [   43.180000] UBIFS (ubi7:2): LEB size: 65408 bytes (63 KiB), min./max. I/O unit sizes: 8 bytes/256 bytes
Aug 28 19:34:21 witherspoon kernel[986]: [   43.180000] UBIFS (ubi7:2): FS size: 1504384 bytes (1 MiB, 23 LEBs), journal size 523265 bytes (0 MiB, 6 LEBs)
Aug 28 19:34:21 witherspoon kernel[986]: [   43.180000] UBIFS (ubi7:2): reserved for root: 71055 bytes (69 KiB)
Aug 28 19:34:21 witherspoon kernel[986]: [   43.180000] UBIFS (ubi7:2): media format: w5/r0 (latest is w5/r0), UUID 401DF602-AFE0-4DDD-BD33-EF6C2BEA46CD, small LPT model
Aug 28 19:34:21 witherspoon avahi-daemon[955]: Joining mDNS multicast group on interface eth0.IPv6 with address fe80::72e2:84ff:fe14:2420.
Aug 28 19:34:21 witherspoon systemd-networkd[1048]: eth0: Gained IPv6LL
Aug 28 19:34:21 witherspoon avahi-daemon[955]: New relevant interface eth0.IPv6 for mDNS.
Aug 28 19:34:21 witherspoon avahi-daemon[955]: Registering new address record for fe80::72e2:84ff:fe14:2420 on eth0.*.
Aug 28 19:34:23 witherspoon kernel: UBIFS (ubi7:4): UBIFS: mounted UBI device 7, volume 4, name "pnor-rw-1e74710"
Aug 28 19:34:23 witherspoon kernel: UBIFS (ubi7:4): LEB size: 65408 bytes (63 KiB), min./max. I/O unit sizes: 8 bytes/256 bytes
Aug 28 19:34:23 witherspoon kernel: UBIFS (ubi7:4): FS size: 16155776 bytes (15 MiB, 247 LEBs), journal size 784896 bytes (0 MiB, 12 LEBs)
Aug 28 19:34:23 witherspoon kernel: UBIFS (ubi7:4): reserved for root: 763076 bytes (745 KiB)
Aug 28 19:34:23 witherspoon kernel: UBIFS (ubi7:4): media format: w5/r0 (latest is w5/r0), UUID 94AA42FA-0AAC-4659-879C-58F891F6F227, small LPT model
Aug 28 19:34:23 witherspoon kernel[986]: [   45.030000] UBIFS (ubi7:4): UBIFS: mounted UBI device 7, volume 4, name "pnor-rw-1e74710"
Aug 28 19:34:23 witherspoon kernel[986]: [   45.030000] UBIFS (ubi7:4): LEB size: 65408 bytes (63 KiB), min./max. I/O unit sizes: 8 bytes/256 bytes
Aug 28 19:34:23 witherspoon kernel[986]: [   45.030000] UBIFS (ubi7:4): FS size: 16155776 bytes (15 MiB, 247 LEBs), journal size 784896 bytes (0 MiB, 12 LEBs)
Aug 28 19:34:23 witherspoon kernel[986]: [   45.030000] UBIFS (ubi7:4): reserved for root: 763076 bytes (745 KiB)
Aug 28 19:34:23 witherspoon kernel[986]: [   45.030000] UBIFS (ubi7:4): media format: w5/r0 (latest is w5/r0), UUID 94AA42FA-0AAC-4659-879C-58F891F6F227, small LPT model
Aug 28 19:34:23 witherspoon kernel: UBIFS (ubi7:4): background thread "ubifs_bgt7_4" started, PID 1092
Aug 28 19:34:23 witherspoon kernel[986]: [   45.150000] UBIFS (ubi7:4): background thread "ubifs_bgt7_4" started, PID 1092
Aug 28 19:34:23 witherspoon kernel: ftgmac100 1e660000.ethernet eth0: ncsi: removed vlan tag 0 at index 1
Aug 28 19:34:23 witherspoon kernel: ftgmac100 1e660000.ethernet eth0: ncsi: removed vlan tag 0 at index 2
Aug 28 19:34:23 witherspoon kernel: ftgmac100 1e660000.ethernet eth0: no vlan ids left to set
Aug 28 19:34:23 witherspoon kernel: ftgmac100 1e660000.ethernet eth0: NCSI interface up
Aug 28 19:34:23 witherspoon kernel[986]: [   45.550000] ftgmac100 1e660000.ethernet eth0: ncsi: removed vlan tag 0 at index 1
Aug 28 19:34:23 witherspoon kernel[986]: [   45.550000] ftgmac100 1e660000.ethernet eth0: ncsi: removed vlan tag 0 at index 2
Aug 28 19:34:23 witherspoon kernel[986]: [   45.550000] ftgmac100 1e660000.ethernet eth0: no vlan ids left to set
Aug 28 19:34:23 witherspoon kernel[986]: [   45.550000] ftgmac100 1e660000.ethernet eth0: NCSI interface up
Aug 28 19:34:27 witherspoon systemd[1]: Created slice system-dropbear.slice.
Aug 28 19:34:27 witherspoon systemd[1]: Started SSH Per-Connection Server (9.41.165.94:58046).
Aug 28 19:34:27 witherspoon inventory_items.py[997]: Loading from cache: /var/cache/obmc/org.openbmc.inventory.system.chassis.motherboard.apss@org.openbmc.InventoryItem.props
Aug 28 19:34:27 witherspoon inventory_items.py[997]: Loading from cache: /var/cache/obmc/org.openbmc.inventory.system.chassis.motherboard@org.openbmc.InventoryItem.props
Aug 28 19:34:27 witherspoon inventory_items.py[997]: Loading from cache: /var/cache/obmc/org.openbmc.inventory.system.chassis.motherboard.refclock@org.openbmc.InventoryItem.props
Aug 28 19:34:27 witherspoon inventory_items.py[997]: Loading from cache: /var/cache/obmc/org.openbmc.inventory.system.chassis.motherboard.cpu1.core7@org.openbmc.InventoryItem.props
Aug 28 19:34:27 witherspoon inventory_items.py[997]: Loading from cache: /var/cache/obmc/org.openbmc.inventory.system.chassis.motherboard.cpu1.core4@org.openbmc.InventoryItem.props
Aug 28 19:34:27 witherspoon inventory_items.py[997]: Loading from cache: /var/cache/obmc/org.openbmc.inventory.system.chassis.motherboard.cpu1.core1@org.openbmc.InventoryItem.props
Aug 28 19:34:27 witherspoon inventory_items.py[997]: Loading from cache: /var/cache/obmc/org.openbmc.inventory.system.chassis.motherboard.cpu1.core10@org.openbmc.InventoryItem.props
Aug 28 19:34:28 witherspoon chassis_control.py[988]: Running ChassisControlService
Aug 28 19:34:28 witherspoon systemd[1]: Started Phosphor Chassis0 Control.
Aug 28 19:34:28 witherspoon sensor_manager2.py[965]: Setting boot count to 3
Aug 28 19:34:28 witherspoon systemd[1]: Started Phosphor Sensor Manager.
Aug 28 19:34:28 witherspoon sensor_manager2.py[965]: Starting sensor manager
Aug 28 19:34:28 witherspoon systemd[1]: Started Remount the squashfs and ubi volumes after a reboot.
Aug 28 19:34:28 witherspoon systemd[1]: Reached target Multi-User System.
Aug 28 19:34:28 witherspoon kernel: UBIFS (ubi7:5): UBIFS: mounted UBI device 7, volume 5, name "pnor-rw-8764baa3"
Aug 28 19:34:28 witherspoon kernel: UBIFS (ubi7:5): LEB size: 65408 bytes (63 KiB), min./max. I/O unit sizes: 8 bytes/256 bytes
Aug 28 19:34:28 witherspoon kernel: UBIFS (ubi7:5): FS size: 16155776 bytes (15 MiB, 247 LEBs), journal size 784896 bytes (0 MiB, 12 LEBs)
Aug 28 19:34:28 witherspoon kernel: UBIFS (ubi7:5): reserved for root: 763076 bytes (745 KiB)
Aug 28 19:34:28 witherspoon kernel: UBIFS (ubi7:5): media format: w5/r0 (latest is w5/r0), UUID 87007992-DBC7-4E17-B2EA-5F4CBA8BA6D8, small LPT model
Aug 28 19:34:28 witherspoon kernel: UBIFS (ubi7:5): background thread "ubifs_bgt7_5" started, PID 1103
Aug 28 19:34:28 witherspoon kernel[986]: [   50.030000] UBIFS (ubi7:5): UBIFS: mounted UBI device 7, volume 5, name "pnor-rw-8764baa3"
Aug 28 19:34:28 witherspoon kernel[986]: [   50.030000] UBIFS (ubi7:5): LEB size: 65408 bytes (63 KiB), min./max. I/O unit sizes: 8 bytes/256 bytes
Aug 28 19:34:28 witherspoon kernel[986]: [   50.030000] UBIFS (ubi7:5): FS size: 16155776 bytes (15 MiB, 247 LEBs), journal size 784896 bytes (0 MiB, 12 LEBs)
Aug 28 19:34:28 witherspoon kernel[986]: [   50.030000] UBIFS (ubi7:5): reserved for root: 763076 bytes (745 KiB)
Aug 28 19:34:28 witherspoon kernel[986]: [   50.030000] UBIFS (ubi7:5): media format: w5/r0 (latest is w5/r0), UUID 87007992-DBC7-4E17-B2EA-5F4CBA8BA6D8, small LPT model
Aug 28 19:34:28 witherspoon kernel[986]: [   50.030000] UBIFS (ubi7:5): background thread "ubifs_bgt7_5" started, PID 1103
Aug 28 19:34:29 witherspoon systemd[1]: Started Phosphor Download Manager.
Aug 28 19:34:29 witherspoon download_manager.py[959]: Running Download Manager
Aug 28 19:34:30 witherspoon phosphor-mapper[989]: ObjectMapper startup complete.  Discovery in progress...
Aug 28 19:34:30 witherspoon avahi-daemon[1046]: ../../avahi-0.6.32/avahi-daemon/chroot.c: open() failed: No such file or directory
Aug 28 19:34:30 witherspoon avahi-daemon[955]: Failed to open /usr/share/dbus-1/interfaces/org.freedesktop.Avahi.Server.xml: Invalid argument
Aug 28 19:34:30 witherspoon avahi-daemon[955]: Failed to load introspection data.
Aug 28 19:34:33 witherspoon inventory_items.py[997]: Loading from cache: /var/cache/obmc/org.openbmc.inventory.system.chassis.motherboard.todclock@org.openbmc.InventoryItem.props
Aug 28 19:34:33 witherspoon inventory_items.py[997]: Loading from cache: /var/cache/obmc/org.openbmc.inventory.system.chassis.motherboard.cpu1@org.openbmc.InventoryItem.props
Aug 28 19:34:33 witherspoon inventory_items.py[997]: Loading from cache: /var/cache/obmc/org.openbmc.inventory.system.chassis.motherboard.bmc@org.openbmc.InventoryItem.props
Aug 28 19:34:33 witherspoon inventory_items.py[997]: Caching: /org/openbmc/inventory/system/chassis/motherboard/bmc
Aug 28 19:34:33 witherspoon inventory_items.py[997]: Loading from cache: /var/cache/obmc/org.openbmc.inventory.system.chassis.motherboard.cpu0.core1@org.openbmc.InventoryItem.props
Aug 28 19:34:33 witherspoon inventory_items.py[997]: Loading from cache: /var/cache/obmc/org.openbmc.inventory.system.chassis.motherboard.cpu0.core7@org.openbmc.InventoryItem.props
Aug 28 19:34:33 witherspoon inventory_items.py[997]: Loading from cache: /var/cache/obmc/org.openbmc.inventory.system.chassis.motherboard.cpu0.core4@org.openbmc.InventoryItem.props
Aug 28 19:34:33 witherspoon inventory_items.py[997]: Loading from cache: /var/cache/obmc/org.openbmc.inventory.system.chassis.motherboard.pcieclock@org.openbmc.InventoryItem.props
Aug 28 19:34:33 witherspoon inventory_items.py[997]: Loading from cache: /var/cache/obmc/org.openbmc.inventory.system.chassis.motherboard.cpu0.core10@org.openbmc.InventoryItem.props
Aug 28 19:34:33 witherspoon dropbear[1100]: Failed loading /etc/dropbear/dropbear_dss_host_key
Aug 28 19:34:33 witherspoon dropbear[1100]: Failed loading /etc/dropbear/dropbear_ecdsa_host_key
Aug 28 19:34:33 witherspoon dropbear[1100]: Child connection from ::ffff:9.41.165.94:58046
Aug 28 19:34:33 witherspoon inventory_items.py[997]: Running Inventory Manager
Aug 28 19:34:33 witherspoon systemd[1]: Started Phosphor Inventory Manager.
Aug 28 19:34:34 witherspoon systemd[1]: Started Phosphor Network Manager.
Aug 28 19:34:34 witherspoon netman.py[995]: Started
Aug 28 19:34:34 witherspoon systemd-networkd[1048]: eth0: Configured
Aug 28 19:34:34 witherspoon systemd-timesyncd[953]: Network configuration changed, trying to establish connection.
Aug 28 19:34:36 witherspoon dropbear[1100]: pam_unix(dropbear:account): account root has password changed in future
Aug 28 19:34:36 witherspoon dropbear[1100]: PAM password auth succeeded for 'root' from ::ffff:9.41.165.94:58046
Aug 28 19:34:36 witherspoon dropbear[1105]: lastlog_perform_login: Couldn't stat /var/log/lastlog: No such file or directory
Aug 28 19:34:36 witherspoon dropbear[1105]: lastlog_openseek: /var/log/lastlog is not a file or directory!
Aug 28 19:34:37 witherspoon systemd[1]: Started Phosphor User Manager.
Aug 28 19:34:37 witherspoon obmc-phosphor-userd[962]: Started
Aug 28 19:34:45 witherspoon phosphor-mapper[989]: ObjectMapper discovery complete
Aug 28 19:34:45 witherspoon systemd[1]: Started Phosphor DBus Service Discovery Manager.
Aug 28 19:34:45 witherspoon systemd[1]: Started Phosphor Hwmon Poller.
Aug 28 19:34:45 witherspoon systemd[1]: Started Phosphor Hwmon Poller.
Aug 28 19:34:45 witherspoon systemd[1]: Started Phosphor Hwmon Poller.
Aug 28 19:34:45 witherspoon systemd[1]: Started Phosphor Hwmon Poller.
Aug 28 19:34:45 witherspoon systemd[1]: Started Phosphor Hwmon Poller.
Aug 28 19:34:45 witherspoon systemd[1]: Started Phosphor Hwmon Poller.
Aug 28 19:34:45 witherspoon systemd[1]: Started Phosphor Hwmon Poller.
Aug 28 19:34:45 witherspoon systemd[1]: Reached target Phosphor Object Mapper.
Aug 28 19:34:45 witherspoon systemd[1]: Starting Wait for /xyz/openbmc_project/control/host0/restriction_mode...
Aug 28 19:34:45 witherspoon systemd[1]: Starting Wait for /xyz/openbmc_project/time/sync_method...
Aug 28 19:34:45 witherspoon systemd[1]: Starting Wait for /xyz/openbmc_project/state/host0...
Aug 28 19:34:45 witherspoon systemd[1]: Starting Wait for /org/openbmc/NetworkManager/Interface...
Aug 28 19:34:45 witherspoon systemd[1]: Started Phosphor DBus Monitor.
Aug 28 19:34:45 witherspoon systemd[1]: Starting Wait for /xyz/openbmc_project/inventory...
Aug 28 19:34:45 witherspoon systemd[1]: Starting Phosphor Network Manager...
Aug 28 19:34:45 witherspoon systemd[1]: Starting Wait for /org/openbmc/control/bmc0...
Aug 28 19:34:45 witherspoon systemd[1]: Starting Wait for /org/openbmc/managers/Download...
Aug 28 19:34:45 witherspoon systemd[1]: Starting Wait for /org/openbmc/control/power0...
Aug 28 19:34:45 witherspoon systemd[1]: Starting Wait for /xyz/openbmc_project/control/host0/power_restore_policy...
Aug 28 19:34:45 witherspoon systemd[1]: Starting OpenPower Software Update Manager...
Aug 28 19:34:45 witherspoon systemd[1]: Reached target Webserver (pre).
Aug 28 19:34:45 witherspoon systemd[1]: Started Phosphor Webserver.
Aug 28 19:34:46 witherspoon systemd[1]: Starting Wait for /xyz/openbmc_project/time/owner...
Aug 28 19:34:46 witherspoon systemd[1]: Starting Wait for /xyz/openbmc_project/control/host0...
Aug 28 19:34:46 witherspoon systemd[1]: Starting Wait for /xyz/openbmc_project/control/host0/boot...
Aug 28 19:34:46 witherspoon systemd[1]: Starting Wait for /xyz/openbmc_project/led/groups...
Aug 28 19:34:46 witherspoon systemd[1]: Starting Wait for /xyz/openbmc_project/led/groups/bmc_booted...
Aug 28 19:34:46 witherspoon systemd[1]: Starting Phosphor Settings Manager...
Aug 28 19:34:46 witherspoon systemd[1]: Starting Phoshpor System Manager...
Aug 28 19:34:46 witherspoon systemd[1]: Starting Wait for /xyz/openbmc_project/control/host0/auto_reboot...
Aug 28 19:34:46 witherspoon systemd[1]: Starting Wait for /xyz/openbmc_project/control/host0/boot/one_time...
Aug 28 19:34:46 witherspoon systemd[1]: Starting Wait for /org/openbmc/managers/System...
Aug 28 19:34:46 witherspoon systemd[1]: Starting Wait for /xyz/openbmc_project/state/chassis0...
Aug 28 19:34:46 witherspoon systemd[1]: Starting OpenBMC Software Update Manager...
Aug 28 19:34:46 witherspoon systemd[1]: Started Phosphor Hwmon Poller.
Aug 28 19:34:51 witherspoon phosphor-image-updater[1142]: Error in mapper GetSubTreePath
Aug 28 19:34:53 witherspoon systemd[1]: Started OpenBMC Software Update Manager.
Aug 28 19:34:53 witherspoon systemd[1]: Started Phosphor Network Manager.
Aug 28 19:34:54 witherspoon systemd[1]: Started Wait for /xyz/openbmc_project/control/host0/power_restore_policy.
Aug 28 19:34:54 witherspoon systemd[1]: Started Wait for /org/openbmc/managers/Download.
Aug 28 19:34:54 witherspoon systemd[1]: Started Wait for /org/openbmc/control/bmc0.
Aug 28 19:34:54 witherspoon systemd[1]: Starting Phosphor BMC Code Update...
Aug 28 19:34:54 witherspoon systemd[1]: Started Wait for /xyz/openbmc_project/inventory.
Aug 28 19:34:54 witherspoon systemd[1]: Starting OpenPOWER OCC controller...
Aug 28 19:34:54 witherspoon systemd[1]: Started Phosphor GPIO 0 Presence.
Aug 28 19:34:54 witherspoon systemd[1]: Starting Read OpenPOWER-format VPD from EEPROM...
Aug 28 19:34:54 witherspoon systemd[1]: Started Phosphor GPIO 1 Presence.
Aug 28 19:34:54 witherspoon systemd[1]: Started Phosphor Cooling Type.
Aug 28 19:34:54 witherspoon systemd[1]: Starting Phosphor MAX31785 MSL...
Aug 28 19:34:54 witherspoon systemd[1]: Started Wait for /org/openbmc/NetworkManager/Interface.
Aug 28 19:34:54 witherspoon systemd[1]: Started Phosphor DNS Settings Cache Manager.
Aug 28 19:34:54 witherspoon systemd[1]: Started Wait for /xyz/openbmc_project/time/sync_method.
Aug 28 19:34:54 witherspoon systemd[1]: Started Wait for /xyz/openbmc_project/control/host0/restriction_mode.
Aug 28 19:34:54 witherspoon systemd[1]: Started Wait for /xyz/openbmc_project/time/owner.
Aug 28 19:34:54 witherspoon systemd[1]: Started Wait for /xyz/openbmc_project/control/host0/boot.
Aug 28 19:34:54 witherspoon systemd[1]: Started Wait for /xyz/openbmc_project/led/groups.
Aug 28 19:34:54 witherspoon systemd[1]: Started FRU Fault monitor service.
Aug 28 19:34:54 witherspoon systemd[1]: Started Wait for /xyz/openbmc_project/led/groups/bmc_booted.
Aug 28 19:34:54 witherspoon systemd[1]: Started Wait for /xyz/openbmc_project/control/host0/auto_reboot.
Aug 28 19:34:54 witherspoon systemd[1]: Started Wait for /xyz/openbmc_project/control/host0/boot/one_time.
Aug 28 19:34:59 witherspoon phosphor-network-manager[1124]: ConfigParser: Key not found
Aug 28 19:34:59 witherspoon system_manager.py[1137]: Running System State: BASE_APPS
Aug 28 19:34:59 witherspoon phosphor-network-manager[1124]: The operation failed internally.
Aug 28 19:34:59 witherspoon phosphor-network-manager[1124]: Exception occured during getting of DHCP value
Aug 28 19:35:00 witherspoon systemd[1]: Started OpenPower Software Update Manager.
Aug 28 19:35:00 witherspoon systemd[1]: Started Phosphor MBOX Daemon.
Aug 28 19:35:00 witherspoon systemd[1]: Starting Phosphor Version Software Manager...
Aug 28 19:35:00 witherspoon systemd[1]: Starting Create a ubi volume for pnor patches...
Aug 28 19:35:00 witherspoon dbus[1003]: [system] Activating via systemd: service name='org.freedesktop.hostname1' unit='dbus-org.freedesktop.hostname1.service'
Aug 28 19:35:00 witherspoon systemd[1]: Starting Hostname Service...
Aug 28 19:35:00 witherspoon phosphor-gpio-presence[1151]: Updating inventory present property
Aug 28 19:35:00 witherspoon phosphor-gpio-presence[1149]: Updating inventory present property
Aug 28 19:35:01 witherspoon systemd[1]: Started Phosphor Version Software Manager.
Aug 28 19:35:01 witherspoon mboxd[1170]: The operation failed internally.
Aug 28 19:35:01 witherspoon system_manager.py[1137]: SystemManager Init Done
Aug 28 19:35:01 witherspoon systemd[1]: Started Phoshpor System Manager.
Aug 28 19:35:01 witherspoon system_manager.py[1137]: Running SystemManager
Aug 28 19:35:02 witherspoon kernel: UBIFS (ubi7:3): background thread "ubifs_bgt7_3" started, PID 1190
Aug 28 19:35:02 witherspoon kernel[986]: [   83.960000] UBIFS (ubi7:3): background thread "ubifs_bgt7_3" started, PID 1190
Aug 28 19:35:02 witherspoon kernel: UBIFS (ubi7:3): UBIFS: mounted UBI device 7, volume 3, name "pnor-patch"
Aug 28 19:35:02 witherspoon kernel: UBIFS (ubi7:3): LEB size: 65408 bytes (63 KiB), min./max. I/O unit sizes: 8 bytes/256 bytes
Aug 28 19:35:02 witherspoon kernel: UBIFS (ubi7:3): FS size: 16155776 bytes (15 MiB, 247 LEBs), journal size 784896 bytes (0 MiB, 12 LEBs)
Aug 28 19:35:02 witherspoon kernel: UBIFS (ubi7:3): reserved for root: 763076 bytes (745 KiB)
Aug 28 19:35:02 witherspoon kernel: UBIFS (ubi7:3): media format: w5/r0 (latest is w5/r0), UUID 83F89C33-EE40-4652-9A67-807FCFE56E4E, small LPT model
Aug 28 19:35:02 witherspoon kernel[986]: [   84.100000] UBIFS (ubi7:3): UBIFS: mounted UBI device 7, volume 3, name "pnor-patch"
Aug 28 19:35:02 witherspoon kernel[986]: [   84.100000] UBIFS (ubi7:3): LEB size: 65408 bytes (63 KiB), min./max. I/O unit sizes: 8 bytes/256 bytes
Aug 28 19:35:02 witherspoon kernel[986]: [   84.100000] UBIFS (ubi7:3): FS size: 16155776 bytes (15 MiB, 247 LEBs), journal size 784896 bytes (0 MiB, 12 LEBs)
Aug 28 19:35:02 witherspoon kernel[986]: [   84.100000] UBIFS (ubi7:3): reserved for root: 763076 bytes (745 KiB)
Aug 28 19:35:02 witherspoon kernel[986]: [   84.180000] UBIFS (ubi7:3): media format: w5/r0 (latest is w5/r0), UUID 83F89C33-EE40-4652-9A67-807FCFE56E4E, small LPT model
Aug 28 19:35:02 witherspoon systemd[1]: Started Create a ubi volume for pnor patches.
Aug 28 19:35:04 witherspoon dbus[1003]: [system] Successfully activated service 'org.freedesktop.hostname1'
Aug 28 19:35:04 witherspoon systemd[1]: Started Hostname Service.
Aug 28 19:35:06 witherspoon system_manager.py[1137]: SystemManager Goto System State: BMC_STARTING
Aug 28 19:35:06 witherspoon system_manager.py[1137]: Running System State: BMC_STARTING
Aug 28 19:35:06 witherspoon systemd[1]: Started OpenPOWER OCC controller.
Aug 28 19:35:07 witherspoon dbus[1003]: [system] Activating via systemd: service name='org.freedesktop.journal1' unit='dbus-org.freedesktop.journal1.service'
Aug 28 19:35:07 witherspoon systemd[1]: Starting Journal Dbus Service...
Aug 28 19:35:07 witherspoon dbus[1003]: [system] Successfully activated service 'org.freedesktop.journal1'
Aug 28 19:35:07 witherspoon systemd[1]: Started Journal Dbus Service.
Aug 28 19:35:07 witherspoon phosphor-log-manager[972]: Failed to find metadata
Aug 28 19:35:07 witherspoon phosphor-fru-fault-monitor[1156]: /xyz/openbmc_project/logging/entry/1
Aug 28 19:35:10 witherspoon phosphor-dump-manager[1049]: The name xyz.openbmc_project.State.BMC was not provided by any .service files
Aug 28 19:35:10 witherspoon phosphor-dump-manager[1049]: The name xyz.openbmc_project.State.Host was not provided by any .service files
Aug 28 19:35:11 witherspoon phosphor-dump-manager[1049]: The name xyz.openbmc_project.State.Chassis was not provided by any .service files
Aug 28 19:35:11 witherspoon systemd[1]: Started Phosphor Settings Manager.
Aug 28 19:35:12 witherspoon settings_manager.py[1136]: Running HostSettingsService
Aug 28 19:35:11 witherspoon systemd[1]: Starting Wait for /org/openbmc/settings/host0...
Aug 28 19:35:12 witherspoon bmc_update.py[1146]: Running Bmc Flash Control
Aug 28 19:35:12 witherspoon systemd[1]: Started Phosphor BMC Code Update.
Aug 28 19:35:16 witherspoon systemd[1]: Started Read OpenPOWER-format VPD from EEPROM.
Aug 28 19:35:16 witherspoon systemd[1]: Started Phosphor MAX31785 MSL.
Aug 28 19:35:19 witherspoon phosphor-dump-manager[1049]: Mon Aug 28 19:35:19 UTC 2017 Report is available in /var/lib/phosphor-debug-collector/dumps/1
Aug 28 19:35:20 witherspoon phosphor-dump-manager[1049]: Mon Aug 28 19:35:20 UTC 2017 Sucessfully completed
Aug 28 19:35:25 witherspoon systemd[1]: Started Wait for /org/openbmc/managers/System.
Aug 28 19:35:25 witherspoon systemd[1]: Starting Phosphor Chassis State Manager...
Aug 28 19:35:25 witherspoon systemd[1]: Starting Phosphor Power Button0...
Aug 28 19:35:25 witherspoon systemd[1]: Starting Phosphor Power0 Control...
Aug 28 19:35:25 witherspoon systemd[1]: Starting Phosphor BMC State Manager...
Aug 28 19:35:25 witherspoon systemd[1]: Starting Phosphor Reset Button0...
Aug 28 19:35:25 witherspoon phosphor-bmc-state-manager[1271]: Setting the BMCState field
Aug 28 19:35:25 witherspoon phosphor-bmc-state-manager[1271]: Setting the BMCState field
Aug 28 19:35:25 witherspoon systemd[1]: Started Phosphor BMC State Manager.
Aug 28 19:35:26 witherspoon phosphor-chassis-state-manager[1268]: Initial Chassis State will be Off
Aug 28 19:35:26 witherspoon systemd[1]: Started Phosphor Chassis State Manager.
Aug 28 19:35:27 witherspoon systemd[1]: Started Wait for /org/openbmc/settings/host0.
Aug 28 19:35:27 witherspoon systemd[1]: Started Phosphor Inband IPMI.
Aug 28 19:35:27 witherspoon button_power.exe[1269]: GPIO Lookup:  POWER_BUTTON = 347,both
Aug 28 19:35:27 witherspoon button_reset.exe[1272]: GPIO Lookup:  RESET_BUTTON = 353,both
Aug 28 19:35:27 witherspoon systemd[1]: Started Phosphor Power Button0.
Aug 28 19:35:27 witherspoon systemd[1]: Started Phosphor Reset Button0.
Aug 28 19:35:28 witherspoon system_manager.py[1137]: New object: /org/openbmc/control/power0 (:1.96)
Aug 28 19:35:28 witherspoon system_manager.py[1137]: Power GPIO config: ['SYS_PWROK_BUFF', '', [('SOFTWARE_PGOOD', True), ('BMC_POWER_UP', True)], [('BMC_CP0_RESET_N', False)], [], 'FSI_DATA', 'FSI_CLK', 'FSI_ENABLE', 'CRONUS_SEL', []]
Aug 28 19:35:28 witherspoon power_control.exe[1270]: Power GPIO latch output:
Aug 28 19:35:28 witherspoon power_control.exe[1270]: Power GPIO power good input: SYS_PWROK_BUFF
Aug 28 19:35:28 witherspoon power_control.exe[1270]: Power GPIO 2 power_up outputs
Aug 28 19:35:28 witherspoon power_control.exe[1270]: Power GPIO power_up[0] = SOFTWARE_PGOOD active HIGH
Aug 28 19:35:28 witherspoon power_control.exe[1270]: Power GPIO power_up[1] = BMC_POWER_UP active HIGH
Aug 28 19:35:28 witherspoon power_control.exe[1270]: Power GPIO 1 reset outputs
Aug 28 19:35:28 witherspoon power_control.exe[1270]: Power GPIO reset[0] = BMC_CP0_RESET_N active LOW
Aug 28 19:35:28 witherspoon power_control.exe[1270]: Power GPIO 0 pci reset outputs
Aug 28 19:35:28 witherspoon power_control.exe[1270]: FSI DATA GPIO: FSI_DATA
Aug 28 19:35:28 witherspoon power_control.exe[1270]: FSI CLK GPIO: FSI_CLK
Aug 28 19:35:28 witherspoon power_control.exe[1270]: FSI ENABLE GPIO: FSI_ENABLE
Aug 28 19:35:28 witherspoon power_control.exe[1270]: CRONUS SEL GPIO: CRONUS_SEL
Aug 28 19:35:28 witherspoon power_control.exe[1270]: Hostctl GPIO optionals: 0
Aug 28 19:35:28 witherspoon power_control.exe[1270]: GPIO Lookup:  SYS_PWROK_BUFF = 306,in
Aug 28 19:35:28 witherspoon power_control.exe[1270]: GPIO Lookup:  SOFTWARE_PGOOD = 417,out
Aug 28 19:35:28 witherspoon power_control.exe[1270]: GPIO Lookup:  BMC_POWER_UP = 305,out
Aug 28 19:35:29 witherspoon power_control.exe[1270]: GPIO Lookup:  BMC_CP0_RESET_N = 281,out
Aug 28 19:35:29 witherspoon power_control.exe[1270]: Pgood state: 0
Aug 28 19:35:29 witherspoon systemd[1]: Started Phosphor Power0 Control.
Aug 28 19:35:32 witherspoon systemd[1]: Started Wait for /org/openbmc/control/power0.
Aug 28 19:35:32 witherspoon systemd[1]: Starting Check Chassis0 pgood and create a file to indicate it...
Aug 28 19:35:32 witherspoon systemd[1]: Starting Phosphor Time Manager daemon...
Aug 28 19:35:32 witherspoon systemd[1]: Started Wait for /xyz/openbmc_project/state/chassis0.
Aug 28 19:35:32 witherspoon systemd[1]: Started Check Chassis0 pgood and create a file to indicate it.
Aug 28 19:35:32 witherspoon systemd[1]: Reached target Chassis0 power on after reset.
Aug 28 19:35:33 witherspoon systemd[1]: Reached target Chassis0 (Reset Check).
Aug 28 19:35:34 witherspoon timemanager[1298]: Registering dbus methods
Aug 28 19:35:34 witherspoon timemanager[1298]: Last known time_mode: NTP
Aug 28 19:35:34 witherspoon timemanager[1298]: Last known time_owner: BMC
Aug 28 19:35:34 witherspoon timemanager[1298]: Empty DhcpNtp string
Aug 28 19:35:34 witherspoon timemanager[1298]: Reading Power Control key: pgood
Aug 28 19:35:36 witherspoon timemanager[1298]: Changing settings *allowed* now
Aug 28 19:35:36 witherspoon timemanager[1298]: Owner is already set to : BMC
Aug 28 19:35:36 witherspoon timemanager[1298]: Requested_Mode: NTP Current_Mode: NTP
Aug 28 19:35:36 witherspoon timemanager[1298]: Mode is already set to : NTP
Aug 28 19:35:36 witherspoon timemanager[1298]: Getting System Settings: use_dhcp_ntp
Aug 28 19:35:36 witherspoon timemanager[1298]: use_dhcp_ntp = yes
Aug 28 19:35:37 witherspoon timemanager[1298]: Last known host_offset:0
Aug 28 19:35:37 witherspoon timemanager[1298]: Initial Uptime Usec: 1503948818246535
Aug 28 19:35:37 witherspoon systemd[1]: Started Phosphor Time Manager daemon.
Aug 28 19:35:37 witherspoon systemd[1]: Started Wait for /xyz/openbmc_project/control/host0.
Aug 28 19:35:37 witherspoon systemd[1]: Reached target Host0 running after reset.
Aug 28 19:35:37 witherspoon systemd[1]: Starting Phosphor Host State Manager...
Aug 28 19:35:37 witherspoon systemd[1]: Reached target Host0 (Reset Check).
Aug 28 19:35:38 witherspoon phosphor-host-state-manager[1311]: Initial Host State will be Off
Aug 28 19:35:38 witherspoon phosphor-host-state-manager[1311]: External request to reset reboot count
Aug 28 19:35:39 witherspoon systemd[1]: Started Phosphor Host State Manager.
Aug 28 19:35:39 witherspoon systemd[1]: Started Wait for /xyz/openbmc_project/state/host0.
Aug 28 19:35:39 witherspoon systemd[1]: Starting Reboot If Enabled...
Aug 28 19:35:40 witherspoon phosphor-discover-system-state[1313]: Host power is off, checking power policy
Aug 28 19:35:40 witherspoon systemd[1]: Started Reboot If Enabled.
Aug 28 19:35:40 witherspoon systemd[1]: Reached target Phosphor System - Standby.
Aug 28 19:35:40 witherspoon systemd[1]: Starting Assert bmc_booted LED...
Aug 28 19:35:40 witherspoon phosphor-bmc-state-manager[1271]: BMC_READY
Aug 28 19:35:40 witherspoon phosphor-bmc-state-manager[1271]: Setting the BMCState field
Aug 28 19:35:41 witherspoon phosphor-ledmanager[998]: Asserting LEDs
Aug 28 19:35:41 witherspoon systemd[1]: Started Assert bmc_booted LED.
Aug 28 19:35:41 witherspoon systemd[1]: Startup finished in 9.501s (kernel) + 1min 53.424s (userspace) = 2min 2.925s.
Aug 28 19:35:41 witherspoon phosphor-gevent[1130]: Traceback (most recent call last):
Aug 28 19:35:41 witherspoon phosphor-gevent[1130]:   File "/usr/lib/python2.7/site-packages/gevent/greenlet.py", line 327, in run
Aug 28 19:35:41 witherspoon phosphor-gevent[1130]:     result = self._run(*self.args, **self.kwargs)
Aug 28 19:35:41 witherspoon phosphor-gevent[1130]:   File "/usr/lib/python2.7/site-packages/gevent/server.py", line 102, in wrap_socket_and_handle
Aug 28 19:35:41 witherspoon phosphor-gevent[1130]:     ssl_socket = self.wrap_socket(client_socket, **self.ssl_args)
Aug 28 19:35:41 witherspoon phosphor-gevent[1130]:   File "/usr/lib/python2.7/site-packages/gevent/ssl.py", line 404, in wrap_socket
Aug 28 19:35:41 witherspoon phosphor-gevent[1130]:     ciphers=ciphers)
Aug 28 19:35:41 witherspoon phosphor-gevent[1130]:   File "/usr/lib/python2.7/site-packages/gevent/ssl.py", line 113, in __init__
Aug 28 19:35:41 witherspoon phosphor-gevent[1130]:     self.do_handshake()
Aug 28 19:35:41 witherspoon phosphor-gevent[1130]:   File "/usr/lib/python2.7/site-packages/gevent/ssl.py", line 324, in do_handshake
Aug 28 19:35:41 witherspoon phosphor-gevent[1130]:     return self._sslobj.do_handshake()
Aug 28 19:35:41 witherspoon phosphor-gevent[1130]: SSLEOFError: EOF occurred in violation of protocol (_ssl.c:590)
Aug 28 19:35:41 witherspoon phosphor-gevent[1130]: <Greenlet at 0x75ff7490: <bound method WSGIServer.wrap_socket_and_handle of <WSGIServer at 0x75fcdbd0 fileno=5 address=('::3422:ee76:b0fd:6376%1986264480', 443, 0, 1986264480)>>(<socket at 0x75ea48b0 fileno=9>, ('::8009:6276:8e91:f402%1995246364', 45500, 0, 199)> failed with SSLEOFError
Aug 28 19:35:41 witherspoon phosphor-gevent[1130]: Traceback (most recent call last):
Aug 28 19:35:41 witherspoon phosphor-gevent[1130]:   File "/usr/lib/python2.7/site-packages/gevent/greenlet.py", line 327, in run
Aug 28 19:35:41 witherspoon phosphor-gevent[1130]:     result = self._run(*self.args, **self.kwargs)
Aug 28 19:35:41 witherspoon phosphor-gevent[1130]:   File "/usr/lib/python2.7/site-packages/gevent/server.py", line 102, in wrap_socket_and_handle
Aug 28 19:35:41 witherspoon phosphor-gevent[1130]:     ssl_socket = self.wrap_socket(client_socket, **self.ssl_args)
Aug 28 19:35:41 witherspoon phosphor-gevent[1130]:   File "/usr/lib/python2.7/site-packages/gevent/ssl.py", line 404, in wrap_socket
Aug 28 19:35:41 witherspoon phosphor-gevent[1130]:     ciphers=ciphers)
Aug 28 19:35:41 witherspoon phosphor-gevent[1130]:   File "/usr/lib/python2.7/site-packages/gevent/ssl.py", line 113, in __init__
Aug 28 19:35:41 witherspoon phosphor-gevent[1130]:     self.do_handshake()
Aug 28 19:35:41 witherspoon phosphor-gevent[1130]:   File "/usr/lib/python2.7/site-packages/gevent/ssl.py", line 324, in do_handshake
Aug 28 19:35:41 witherspoon phosphor-gevent[1130]:     return self._sslobj.do_handshake()
Aug 28 19:35:41 witherspoon phosphor-gevent[1130]: SSLEOFError: EOF occurred in violation of protocol (_ssl.c:590)
Aug 28 19:35:41 witherspoon phosphor-gevent[1130]: <Greenlet at 0x75ff7760: <bound method WSGIServer.wrap_socket_and_handle of <WSGIServer at 0x75fcdbd0 fileno=5 address=('::3422:ee76:b0fd:6376%1986264480', 443, 0, 1986264480)>>(<socket at 0x75ea4850 fileno=10>, ('::8009:6276:8e91:f402%1995246364', 45524, 0, 199)> failed with SSLEOFError
Aug 28 19:35:42 witherspoon phosphor-gevent[1130]: Traceback (most recent call last):
Aug 28 19:35:42 witherspoon phosphor-gevent[1130]:   File "/usr/lib/python2.7/site-packages/gevent/greenlet.py", line 327, in run
Aug 28 19:35:42 witherspoon phosphor-gevent[1130]:     result = self._run(*self.args, **self.kwargs)
Aug 28 19:35:42 witherspoon phosphor-gevent[1130]:   File "/usr/lib/python2.7/site-packages/gevent/server.py", line 102, in wrap_socket_and_handle
Aug 28 19:35:42 witherspoon phosphor-gevent[1130]:     ssl_socket = self.wrap_socket(client_socket, **self.ssl_args)
Aug 28 19:35:42 witherspoon phosphor-gevent[1130]:   File "/usr/lib/python2.7/site-packages/gevent/ssl.py", line 404, in wrap_socket
Aug 28 19:35:42 witherspoon phosphor-gevent[1130]:     ciphers=ciphers)
Aug 28 19:35:42 witherspoon phosphor-gevent[1130]:   File "/usr/lib/python2.7/site-packages/gevent/ssl.py", line 113, in __init__
Aug 28 19:35:42 witherspoon phosphor-gevent[1130]:     self.do_handshake()
Aug 28 19:35:42 witherspoon phosphor-gevent[1130]:   File "/usr/lib/python2.7/site-packages/gevent/ssl.py", line 324, in do_handshake
Aug 28 19:35:42 witherspoon phosphor-gevent[1130]:     return self._sslobj.do_handshake()
Aug 28 19:35:42 witherspoon phosphor-gevent[1130]: SSLEOFError: EOF occurred in violation of protocol (_ssl.c:590)
Aug 28 19:35:42 witherspoon phosphor-gevent[1130]: <Greenlet at 0x75ff7440: <bound method WSGIServer.wrap_socket_and_handle of <WSGIServer at 0x75fcdbd0 fileno=5 address=('::3422:ee76:b0fd:6376%1986264480', 443, 0, 1986264480)>>(<socket at 0x75ea48f0 fileno=11>, ('::8009:6276:8e91:f402%1995246364', 45530, 0, 199)> failed with SSLEOFError
Aug 28 19:35:48 witherspoon phosphor-gevent[1130]: ::8009:6276:8e91:f402%1995246364 - - [2017-08-28 19:35:48] "POST /login HTTP/1.1" 200 320 0.045070
Aug 28 19:35:49 witherspoon phosphor-gevent[1130]: ::8009:6276:8e91:f402%1995246364 - - [2017-08-28 19:35:49] "GET /xyz/openbmc_project/state/chassis0//attr/CurrentPowerState HTTP/1.1" 200 216 0.162057
Aug 28 19:35:49 witherspoon phosphor-gevent[1130]: ::8009:6276:8e91:f402%1995246364 - - [2017-08-28 19:35:49] "POST /login HTTP/1.1" 200 320 0.032543
Aug 28 19:35:49 witherspoon phosphor-gevent[1130]: ::8009:6276:8e91:f402%1995246364 - - [2017-08-28 19:35:49] "GET /xyz/openbmc_project/state/chassis0//attr/CurrentPowerState HTTP/1.1" 200 216 0.051496
Aug 28 19:35:49 witherspoon phosphor-gevent[1130]: ::8009:6276:8e91:f402%1995246364 - - [2017-08-28 19:35:49] "POST /login HTTP/1.1" 200 320 0.032813
Aug 28 19:35:49 witherspoon phosphor-gevent[1130]: ::8009:6276:8e91:f402%1995246364 - - [2017-08-28 19:35:49] "GET /xyz/openbmc_project/state/host0//attr/BootProgress HTTP/1.1" 200 234 0.074034
Aug 28 19:35:49 witherspoon phosphor-gevent[1130]: ::8009:6276:8e91:f402%1995246364 - - [2017-08-28 19:35:49] "POST /login HTTP/1.1" 200 320 0.052651
Aug 28 19:35:50 witherspoon phosphor-gevent[1130]: ::8009:6276:8e91:f402%1995246364 - - [2017-08-28 19:35:50] "GET /xyz/openbmc_project/state/host0//attr/CurrentHostState HTTP/1.1" 200 212 0.071972
Aug 28 19:35:50 witherspoon phosphor-gevent[1130]: ::8009:6276:8e91:f402%1995246364 - - [2017-08-28 19:35:50] "POST /login HTTP/1.1" 200 320 0.072036
Aug 28 19:35:50 witherspoon phosphor-gevent[1130]: ::8009:6276:8e91:f402%1995246364 - - [2017-08-28 19:35:50] "GET /xyz/openbmc_project/logging/entry//list HTTP/1.1" 200 214 0.072031
Aug 28 19:35:50 witherspoon phosphor-gevent[1130]: ::8009:6276:8e91:f402%1995246364 - - [2017-08-28 19:35:50] "POST /login HTTP/1.1" 200 320 0.032876
Aug 28 19:35:50 witherspoon phosphor-gevent[1130]: ::8009:6276:8e91:f402%1995246364 - - [2017-08-28 19:35:50] "GET /xyz/openbmc_project/logging/entry//list HTTP/1.1" 200 214 0.038898
Aug 28 19:35:50 witherspoon phosphor-gevent[1130]: ::8009:6276:8e91:f402%1995246364 - - [2017-08-28 19:35:50] "POST /login HTTP/1.1" 200 320 0.032644
Aug 28 19:35:51 witherspoon phosphor-gevent[1130]: ::8009:6276:8e91:f402%1995246364 - - [2017-08-28 19:35:51] "DELETE /xyz/openbmc_project/logging/entry/1 HTTP/1.1" 200 169 0.105494
Aug 28 19:35:51 witherspoon phosphor-gevent[1130]: ::8009:6276:8e91:f402%1995246364 - - [2017-08-28 19:35:51] "POST /login HTTP/1.1" 200 320 0.033451
Aug 28 19:35:51 witherspoon phosphor-gevent[1130]: ::8009:6276:8e91:f402%1995246364 - - [2017-08-28 19:35:51] "GET /xyz/openbmc_project/state/host0//attr/CurrentHostState HTTP/1.1" 200 212 0.080337
Aug 28 19:35:51 witherspoon phosphor-gevent[1130]: ::8009:6276:8e91:f402%1995246364 - - [2017-08-28 19:35:51] "POST /login HTTP/1.1" 200 320 0.047201
Aug 28 19:35:51 witherspoon phosphor-gevent[1130]: ::8009:6276:8e91:f402%1995246364 - - [2017-08-28 19:35:51] "GET /xyz/openbmc_project/logging/entry//list HTTP/1.1" 404 311 0.042394
Aug 28 19:35:51 witherspoon phosphor-gevent[1130]: ::8009:6276:8e91:f402%1995246364 - - [2017-08-28 19:35:51] "POST /login HTTP/1.1" 200 320 0.032900
Aug 28 19:35:51 witherspoon phosphor-gevent[1130]: ::8009:6276:8e91:f402%1995246364 - - [2017-08-28 19:35:51] "GET /xyz/openbmc_project/logging/entry//list HTTP/1.1" 404 311 0.029370
Aug 28 19:35:52 witherspoon dropbear[1100]: Exit (root): Exited normally
Aug 28 19:37:22 witherspoon systemd[1]: Started SSH Per-Connection Server (9.41.165.94:58216).
Aug 28 19:37:22 witherspoon dropbear[1331]: Failed loading /etc/dropbear/dropbear_dss_host_key
Aug 28 19:37:22 witherspoon dropbear[1331]: Failed loading /etc/dropbear/dropbear_ecdsa_host_key
Aug 28 19:37:22 witherspoon dropbear[1331]: Child connection from ::ffff:9.41.165.94:58216
Aug 28 19:37:23 witherspoon dropbear[1331]: pam_unix(dropbear:account): account root has password changed in future
Aug 28 19:37:23 witherspoon dropbear[1331]: PAM password auth succeeded for 'root' from ::ffff:9.41.165.94:58216
Aug 28 19:37:23 witherspoon dropbear[1332]: lastlog_perform_login: Couldn't stat /var/log/lastlog: No such file or directory
Aug 28 19:37:23 witherspoon dropbear[1332]: lastlog_openseek: /var/log/lastlog is not a file or directory!
Aug 28 19:37:24 witherspoon phosphor-gevent[1130]: ::8009:6276:8e91:f402%1995246364 - - [2017-08-28 19:37:24] "POST /login HTTP/1.1" 200 320 0.032691
Aug 28 19:37:24 witherspoon phosphor-gevent[1130]: ::8009:6276:8e91:f402%1995246364 - - [2017-08-28 19:37:24] "GET /xyz/openbmc_project/software/ HTTP/1.1" 200 261 0.056369
Aug 28 19:37:25 witherspoon phosphor-gevent[1130]: ::8009:6276:8e91:f402%1995246364 - - [2017-08-28 19:37:25] "POST /login HTTP/1.1" 200 320 0.051951
Aug 28 19:37:25 witherspoon phosphor-gevent[1130]: ::8009:6276:8e91:f402%1995246364 - - [2017-08-28 19:37:25] "GET /xyz/openbmc_project/software/8764baa3/attr/Purpose HTTP/1.1" 200 224 0.102916
Aug 28 19:37:25 witherspoon phosphor-gevent[1130]: ::8009:6276:8e91:f402%1995246364 - - [2017-08-28 19:37:25] "POST /login HTTP/1.1" 200 320 0.032570
Aug 28 19:37:25 witherspoon phosphor-gevent[1130]: ::8009:6276:8e91:f402%1995246364 - - [2017-08-28 19:37:25] "GET /xyz/openbmc_project/software/active/attr/Purpose HTTP/1.1" 404 259 0.043762
Aug 28 19:37:25 witherspoon phosphor-gevent[1130]: ::8009:6276:8e91:f402%1995246364 - - [2017-08-28 19:37:25] "POST /login HTTP/1.1" 200 320 0.046174
Aug 28 19:37:25 witherspoon phosphor-gevent[1130]: ::8009:6276:8e91:f402%1995246364 - - [2017-08-28 19:37:25] "GET /xyz/openbmc_project/software/8764baa3 HTTP/1.1" 200 970 0.118539
Aug 28 19:37:26 witherspoon systemd[1]: Started SSH Per-Connection Server (9.41.165.94:58226).
Aug 28 19:37:26 witherspoon dropbear[1338]: Failed loading /etc/dropbear/dropbear_dss_host_key
Aug 28 19:37:26 witherspoon dropbear[1338]: Failed loading /etc/dropbear/dropbear_ecdsa_host_key
Aug 28 19:37:26 witherspoon dropbear[1338]: Child connection from ::ffff:9.41.165.94:58226
Aug 28 19:37:26 witherspoon dropbear[1338]: pam_unix(dropbear:account): account root has password changed in future
Aug 28 19:37:26 witherspoon dropbear[1338]: PAM password auth succeeded for 'root' from ::ffff:9.41.165.94:58226
Aug 28 19:37:26 witherspoon dropbear[1339]: lastlog_perform_login: Couldn't stat /var/log/lastlog: No such file or directory
Aug 28 19:37:26 witherspoon dropbear[1339]: lastlog_openseek: /var/log/lastlog is not a file or directory!
Aug 28 19:37:27 witherspoon systemd[1]: Started SSH Per-Connection Server (9.41.165.94:58230).
Aug 28 19:37:27 witherspoon dropbear[1345]: Failed loading /etc/dropbear/dropbear_dss_host_key
Aug 28 19:37:27 witherspoon dropbear[1345]: Failed loading /etc/dropbear/dropbear_ecdsa_host_key
Aug 28 19:37:27 witherspoon dropbear[1345]: Child connection from ::ffff:9.41.165.94:58230
Aug 28 19:37:27 witherspoon dropbear[1345]: pam_unix(dropbear:account): account root has password changed in future
Aug 28 19:37:27 witherspoon dropbear[1345]: PAM password auth succeeded for 'root' from ::ffff:9.41.165.94:58230
Aug 28 19:37:27 witherspoon dropbear[1346]: lastlog_perform_login: Couldn't stat /var/log/lastlog: No such file or directory
Aug 28 19:37:27 witherspoon dropbear[1346]: lastlog_openseek: /var/log/lastlog is not a file or directory!
Aug 28 19:37:29 witherspoon phosphor-gevent[1130]: ::8009:6276:8e91:f402%1995246364 - - [2017-08-28 19:37:29] "POST /login HTTP/1.1" 200 320 0.044892
Aug 28 19:37:29 witherspoon phosphor-gevent[1130]: ::8009:6276:8e91:f402%1995246364 - - [2017-08-28 19:37:29] "POST /login HTTP/1.1" 200 320 0.033445
Aug 28 19:37:29 witherspoon phosphor-gevent[1130]: ::8009:6276:8e91:f402%1995246364 - - [2017-08-28 19:37:29] "GET /xyz/openbmc_project/state/host0//attr/CurrentHostState HTTP/1.1" 200 212 0.072498
Aug 28 19:37:29 witherspoon systemd[1]: Created slice system-obmc\x2dconsole\x2dssh.slice.
Aug 28 19:37:29 witherspoon systemd[1]: Started Phosphor Host Console SSH Per-Connection (9.41.165.94:47420).
Aug 28 19:37:29 witherspoon dropbear[1352]: Failed loading /etc/dropbear/dropbear_dss_host_key
Aug 28 19:37:29 witherspoon dropbear[1352]: Failed loading /etc/dropbear/dropbear_ecdsa_host_key
Aug 28 19:37:29 witherspoon dropbear[1352]: Child connection from ::ffff:9.41.165.94:47420
Aug 28 19:37:30 witherspoon dropbear[1352]: pam_unix(dropbear:account): account root has password changed in future
Aug 28 19:37:30 witherspoon dropbear[1352]: PAM password auth succeeded for 'root' from ::ffff:9.41.165.94:47420
Aug 28 19:37:30 witherspoon dropbear[1353]: lastlog_perform_login: Couldn't stat /var/log/lastlog: No such file or directory
Aug 28 19:37:30 witherspoon dropbear[1353]: lastlog_openseek: /var/log/lastlog is not a file or directory!
Aug 28 19:37:30 witherspoon phosphor-gevent[1130]: ::8009:6276:8e91:f402%1995246364 - - [2017-08-28 19:37:30] "POST /login HTTP/1.1" 200 320 0.032958
Aug 28 19:37:31 witherspoon phosphor-host-state-manager[1311]: Host State transaction request
Aug 28 19:37:31 witherspoon systemd[1]: Starting Wait for /org/openbmc/control/chassis0...
Aug 28 19:37:31 witherspoon systemd[1]: Starting Wait for /org/openbmc/HostIpmi/1...
Aug 28 19:37:31 witherspoon systemd[1]: Reached target Stop Hosti (Pre).
Aug 28 19:37:31 witherspoon systemd[1]: Reached target Hosti (Stopping).
Aug 28 19:37:31 witherspoon systemd[1]: Reached target Hosti (Stopped).
Aug 28 19:37:31 witherspoon systemd[1]: Starting Wait for /xyz/openbmc_project/led/groups/power_on...
Aug 28 19:37:31 witherspoon phosphor-gevent[1130]: ::8009:6276:8e91:f402%1995246364 - - [2017-08-28 19:37:31] "PUT /xyz/openbmc_project/state/host0//attr/RequestedHostTransition HTTP/1.1" 200 169 0.696886
Aug 28 19:37:31 witherspoon systemd[1]: Stopped target Chassis0 (Reset Check).
Aug 28 19:37:31 witherspoon systemd[1]: Created slice system-op\x2dpower\x2dstop.slice.
Aug 28 19:37:31 witherspoon systemd[1]: Created slice system-obmc\x2dled\x2dgroup\x2dstop.slice.
Aug 28 19:37:31 witherspoon systemd[1]: Stopped target Host0 running after reset.
Aug 28 19:37:31 witherspoon systemd[1]: Reached target Poweri Off (Pre).
Aug 28 19:37:31 witherspoon systemd[1]: Created slice system-vcs_off_poweroff.slice.
Aug 28 19:37:31 witherspoon systemd[1]: Stopped target Host0 (Reset Check).
Aug 28 19:37:31 witherspoon systemd[1]: Created slice system-ir35221\x2doff\x2dbind.slice.
Aug 28 19:37:31 witherspoon systemd[1]: Reached target Poweri Off.
Aug 28 19:37:31 witherspoon systemd[1]: Stopped target Chassis0 power on after reset.
Aug 28 19:37:31 witherspoon systemd[1]: Created slice system-ir35221\x2doff\x2dunbind.slice.
Aug 28 19:37:31 witherspoon systemd[1]: Created slice system-op\x2docc\x2ddisable.slice.
Aug 28 19:37:31 witherspoon systemd[1]: Starting OpenPOWER OCC Active Disable...
Aug 28 19:37:31 witherspoon systemd[1]: Created slice system-op\x2dwait\x2dpower\x2doff.slice.
Aug 28 19:37:31 witherspoon systemd[1]: Started OpenPOWER OCC Active Disable.
Aug 28 19:37:32 witherspoon systemd[1]: Reached target Stop Host0 (Pre).
Aug 28 19:37:32 witherspoon systemd[1]: Starting Power off mode unbind ir35221 device driver devs...
Aug 28 19:37:32 witherspoon systemd[1]: Started Wait for /org/openbmc/HostIpmi/1.
Aug 28 19:37:32 witherspoon systemd[1]: Starting Soft power off of the host...
Aug 28 19:37:32 witherspoon systemd[1]: Started Power off mode unbind ir35221 device driver devs.
Aug 28 19:37:32 witherspoon systemd[1]: xyz.openbmc_project.Hwmon@ahb-apb-i2c\x401e78a000-i2c\x2dbus\x40180-ir35221\x4070.service: Unit not needed anymore. Stopping.
Aug 28 19:37:32 witherspoon systemd[1]: Stopping Phosphor Hwmon Poller...
Aug 28 19:37:32 witherspoon systemd[1]: Stopped Phosphor Hwmon Poller.
Aug 28 19:37:32 witherspoon systemd[1]: xyz.openbmc_project.Hwmon@ahb-apb-i2c\x401e78a000-i2c\x2dbus\x40140-ir35221\x4071.service: Unit not needed anymore. Stopping.
Aug 28 19:37:32 witherspoon systemd[1]: Stopping Phosphor Hwmon Poller...
Aug 28 19:37:32 witherspoon systemd[1]: Stopped Phosphor Hwmon Poller.
Aug 28 19:37:33 witherspoon systemd[1]: xyz.openbmc_project.Hwmon@ahb-apb-i2c\x401e78a000-i2c\x2dbus\x40140-ir35221\x4070.service: Unit not needed anymore. Stopping.
Aug 28 19:37:33 witherspoon systemd[1]: xyz.openbmc_project.Hwmon@ahb-apb-i2c\x401e78a000-i2c\x2dbus\x40180-ir35221\x4071.service: Unit not needed anymore. Stopping.
Aug 28 19:37:33 witherspoon systemd[1]: Stopping Phosphor Hwmon Poller...
Aug 28 19:37:33 witherspoon systemd[1]: Stopping Phosphor Hwmon Poller...
Aug 28 19:37:33 witherspoon systemd[1]: Stopped Phosphor Hwmon Poller.
Aug 28 19:37:33 witherspoon systemd[1]: Stopped Phosphor Hwmon Poller.
Aug 28 19:37:33 witherspoon phosphor-gevent[1130]: ::8009:6276:8e91:f402%1995246364 - - [2017-08-28 19:37:33] "POST /login HTTP/1.1" 200 320 0.032772
Aug 28 19:37:33 witherspoon systemd[1]: Started Wait for /org/openbmc/control/chassis0.
Aug 28 19:37:33 witherspoon systemd[1]: Started Wait for /xyz/openbmc_project/led/groups/power_on.
Aug 28 19:37:33 witherspoon systemd[1]: Starting Assert power_on LED...
Aug 28 19:37:37 witherspoon ipmid[1280]: Pushing cmd on to queue
Aug 28 19:37:37 witherspoon ipmid[1280]: Pushing cmd on to queue
Aug 28 19:37:37 witherspoon ipmid[1280]: Asserting SMS Attention
Aug 28 19:37:38 witherspoon phosphor-gevent[1130]: ::8009:6276:8e91:f402%1995246364 - - [2017-08-28 19:37:38] "GET /xyz/openbmc_project/state/chassis0//attr/CurrentPowerState HTTP/1.1" 200 216 4.611281
Aug 28 19:37:38 witherspoon phosphor-gevent[1130]: ::8009:6276:8e91:f402%1995246364 - - [2017-08-28 19:37:38] "POST /login HTTP/1.1" 200 320 0.032465
Aug 28 19:37:38 witherspoon ipmid[1280]: SMS Attention asserted
Aug 28 19:37:38 witherspoon systemd[1]: Started Assert power_on LED.
Aug 28 19:37:38 witherspoon phosphor-gevent[1130]: ::8009:6276:8e91:f402%1995246364 - - [2017-08-28 19:37:38] "GET /xyz/openbmc_project/state/host0//attr/CurrentHostState HTTP/1.1" 200 212 0.187359
Aug 28 19:37:39 witherspoon phosphor-gevent[1130]: ::8009:6276:8e91:f402%1995246364 - - [2017-08-28 19:37:39] "POST /login HTTP/1.1" 200 320 0.102182
Aug 28 19:37:39 witherspoon phosphor-host-state-manager[1311]: Host State transaction request
Aug 28 19:37:39 witherspoon systemd[1]: Created slice system-phosphor\x2dwatchdog.slice.
Aug 28 19:37:39 witherspoon systemd[1]: Created slice system-ir35221\x2don\x2dbind.slice.
Aug 28 19:37:39 witherspoon systemd[1]: Created slice system-phosphor\x2dfan\x2dcontrol\x2dinit.slice.
Aug 28 19:37:39 witherspoon systemd[1]: Created slice system-mboxd\x2dreload.slice.
Aug 28 19:37:39 witherspoon systemd[1]: Created slice system-start_host.slice.
Aug 28 19:37:39 witherspoon systemd[1]: Created slice system-ucd_disable_vcs.slice.
Aug 28 19:37:39 witherspoon systemd[1]: Created slice system-fsi\x2dbind.slice.
Aug 28 19:37:39 witherspoon systemd[1]: Created slice system-vrm\x2dcontrol.slice.
Aug 28 19:37:39 witherspoon systemd[1]: Created slice system-power\x2dworkarounds.slice.
Aug 28 19:37:39 witherspoon systemd[1]: Created slice system-avsbus\x2ddisable.slice.
Aug 28 19:37:39 witherspoon systemd[1]: Created slice system-phosphor\x2dfan\x2dmonitor\x2dinit.slice.
Aug 28 19:37:39 witherspoon systemd[1]: Created slice system-op\x2docc\x2denable.slice.
Aug 28 19:37:39 witherspoon systemd[1]: Created slice system-op\x2dwait\x2dpower\x2don.slice.
Aug 28 19:37:39 witherspoon systemd[1]: Created slice system-vcs_off.slice.
Aug 28 19:37:39 witherspoon phosphor-gevent[1130]: ::8009:6276:8e91:f402%1995246364 - - [2017-08-28 19:37:39] "PUT /xyz/openbmc_project/state/host0//attr/RequestedHostTransition HTTP/1.1" 200 169 0.565972
Aug 28 19:37:39 witherspoon systemd[1]: Starting Updates symlinks for active PNOR version...
Aug 28 19:37:39 witherspoon systemd[1]: Created slice system-pcie\x2dslot\x2ddetect.slice.
Aug 28 19:37:39 witherspoon systemd[1]: Reached target Powerwitherspoon-fan-watchdog (On).
Aug 28 19:37:39 witherspoon systemd[1]: Created slice system-ir35221\x2don\x2dunbind.slice.
Aug 28 19:37:39 witherspoon systemd[1]: Starting power on mode unbind ir35221 device driver devs...
Aug 28 19:37:39 witherspoon systemd[1]: Starting Witherspoon Fan Watchdog Reset...
Aug 28 19:37:39 witherspoon systemd[1]: Created slice system-vcs_on.slice.
Aug 28 19:37:40 witherspoon systemd[1]: Created slice system-cfam_override.slice.
Aug 28 19:37:40 witherspoon systemd[1]: Starting Disable UCD VCS rails...
Aug 28 19:37:40 witherspoon systemd[1]: Starting Assert power_on LED...
Aug 28 19:37:40 witherspoon systemd[1]: Started Witherspoon Fan Watchdog Daemon.
Aug 28 19:37:40 witherspoon systemd[1]: Started Phosphor Fan Control Initialization.
Aug 28 19:37:40 witherspoon systemd[1]: Starting Reload mboxd during power on...
Aug 28 19:37:40 witherspoon systemd[1]: Created slice system-phosphor\x2dgpio\x2dmonitor.slice.
