-- Logs begin at Sat 2017-07-29 02:26:56 UTC, end at Sat 2017-07-29 02:35:25 UTC. --
Jul 29 02:26:56 witherspoon kernel: Booting Linux on physical CPU 0x0
Jul 29 02:26:56 witherspoon kernel: Linux version 4.10.17-44f0dc8ac43162c4f7082884d6cd79400341bf5b (jenkins@openbmc-builder1) (gcc version 6.2.0 (GCC) ) #1 Fri Jul 28 22:21:01 UTC 2017
Jul 29 02:26:56 witherspoon kernel: CPU: ARMv6-compatible processor [410fb767] revision 7 (ARMv7), cr=00c5387d
Jul 29 02:26:56 witherspoon kernel: CPU: PIPT / VIPT nonaliasing data cache, VIPT nonaliasing instruction cache
Jul 29 02:26:56 witherspoon kernel: OF: fdt:Machine model: Witherspoon BMC
Jul 29 02:26:56 witherspoon kernel: Memory policy: Data cache writeback
Jul 29 02:26:56 witherspoon kernel: SOC Rev: 04030303
Jul 29 02:26:56 witherspoon kernel: On node 0 totalpages: 110592
Jul 29 02:26:56 witherspoon kernel: free_area_init_node: node 0, pgdat 805ff5e4, node_mem_map 9ec1a000
Jul 29 02:26:56 witherspoon kernel:   Normal zone: 992 pages used for memmap
Jul 29 02:26:56 witherspoon kernel:   Normal zone: 0 pages reserved
Jul 29 02:26:56 witherspoon kernel:   Normal zone: 110592 pages, LIFO batch:31
Jul 29 02:26:56 witherspoon kernel: pcpu-alloc: s0 r0 d32768 u32768 alloc=1*32768
Jul 29 02:26:56 witherspoon kernel: pcpu-alloc: [0] 0 
Jul 29 02:26:56 witherspoon kernel: Built 1 zonelists in Zone order, mobility grouping on.  Total pages: 109600
Jul 29 02:26:56 witherspoon kernel: Kernel command line: console=ttyS4,115200n8 root=/dev/ram rw
Jul 29 02:26:56 witherspoon kernel: PID hash table entries: 2048 (order: 1, 8192 bytes)
Jul 29 02:26:56 witherspoon kernel: Dentry cache hash table entries: 65536 (order: 6, 262144 bytes)
Jul 29 02:26:56 witherspoon kernel: Inode-cache hash table entries: 32768 (order: 5, 131072 bytes)
Jul 29 02:26:56 witherspoon kernel: Memory: 430436K/442368K available (4065K kernel code, 280K rwdata, 1192K rodata, 284K init, 111K bss, 11932K reserved, 0K cma-reserved)
Jul 29 02:26:56 witherspoon kernel: Virtual kernel memory layout:
                                        vector  : 0xffff0000 - 0xffff1000   (   4 kB)
                                        fixmap  : 0xffc00000 - 0xfff00000   (3072 kB)
                                        vmalloc : 0x9f800000 - 0xff800000   (1536 MB)
                                        lowmem  : 0x80000000 - 0x9f000000   ( 496 MB)
                                          .text : 0x80008000 - 0x804007a0   (4066 kB)
                                          .init : 0x80585000 - 0x805cc000   ( 284 kB)
                                          .data : 0x805cc000 - 0x80612358   ( 281 kB)
                                           .bss : 0x80612358 - 0x8062e1f8   ( 112 kB)
Jul 29 02:26:56 witherspoon kernel: NR_IRQS:16 nr_irqs:16 16
Jul 29 02:26:56 witherspoon kernel: i2c controller registered, irq 16
Jul 29 02:26:56 witherspoon kernel: clocksource: moxart_timer: mask: 0xffffffff max_cycles: 0xffffffff, max_idle_ns: 77222644334 ns
Jul 29 02:26:56 witherspoon kernel: sched_clock: 32 bits at 100 Hz, resolution 10000000ns, wraps every 21474836475000000ns
Jul 29 02:26:56 witherspoon kernel: Calibrating delay loop... 789.70 BogoMIPS (lpj=3948544)
Jul 29 02:26:56 witherspoon kernel: pid_max: default: 32768 minimum: 301
Jul 29 02:26:56 witherspoon kernel: Mount-cache hash table entries: 1024 (order: 0, 4096 bytes)
Jul 29 02:26:56 witherspoon kernel: Mountpoint-cache hash table entries: 1024 (order: 0, 4096 bytes)
Jul 29 02:26:56 witherspoon kernel: CPU: Testing write buffer coherency: ok
Jul 29 02:26:56 witherspoon kernel: ftrace: allocating 14932 entries in 44 pages
Jul 29 02:26:56 witherspoon kernel: Setting up static identity map for 0x80008200 - 0x8000825c
Jul 29 02:26:56 witherspoon kernel: devtmpfs: initialized
Jul 29 02:26:56 witherspoon kernel: clocksource: jiffies: mask: 0xffffffff max_cycles: 0xffffffff, max_idle_ns: 19112604462750000 ns
Jul 29 02:26:56 witherspoon kernel: futex hash table entries: 256 (order: -1, 3072 bytes)
Jul 29 02:26:56 witherspoon kernel: pinctrl core: initialized pinctrl subsystem
Jul 29 02:26:56 witherspoon kernel: NET: Registered protocol family 16
Jul 29 02:26:56 witherspoon kernel: DMA: preallocated 256 KiB pool for atomic coherent allocations
Jul 29 02:26:56 witherspoon kernel: usbcore: registered new interface driver usbfs
Jul 29 02:26:56 witherspoon kernel: usbcore: registered new interface driver hub
Jul 29 02:26:56 witherspoon kernel: usbcore: registered new device driver usb
Jul 29 02:26:56 witherspoon kernel: clocksource: Switched to clocksource moxart_timer
Jul 29 02:26:56 witherspoon kernel: NET: Registered protocol family 2
Jul 29 02:26:56 witherspoon kernel: TCP established hash table entries: 4096 (order: 2, 16384 bytes)
Jul 29 02:26:56 witherspoon kernel: TCP bind hash table entries: 4096 (order: 2, 16384 bytes)
Jul 29 02:26:56 witherspoon kernel: TCP: Hash tables configured (established 4096 bind 4096)
Jul 29 02:26:56 witherspoon kernel: UDP hash table entries: 256 (order: 0, 4096 bytes)
Jul 29 02:26:56 witherspoon kernel: UDP-Lite hash table entries: 256 (order: 0, 4096 bytes)
Jul 29 02:26:56 witherspoon kernel: NET: Registered protocol family 1
Jul 29 02:26:56 witherspoon kernel: Trying to unpack rootfs image as initramfs...
Jul 29 02:26:56 witherspoon kernel: Freeing initrd memory: 1548K
Jul 29 02:26:56 witherspoon kernel: workingset: timestamp_bits=30 max_order=17 bucket_order=0
Jul 29 02:26:56 witherspoon kernel: squashfs: version 4.0 (2009/01/31) Phillip Lougher
Jul 29 02:26:56 witherspoon kernel: jffs2: version 2.2. (SUMMARY)  © 2001-2006 Red Hat, Inc.
Jul 29 02:26:56 witherspoon kernel: Block layer SCSI generic (bsg) driver version 0.4 loaded (major 250)
Jul 29 02:26:56 witherspoon kernel: io scheduler noop registered
Jul 29 02:26:56 witherspoon kernel: io scheduler deadline registered
Jul 29 02:26:56 witherspoon kernel: io scheduler cfq registered (default)
Jul 29 02:26:56 witherspoon kernel: ipmi-bt-host 1e789140.ibt: Found bt bmc device
Jul 29 02:26:56 witherspoon kernel: ipmi-bt-host 1e789140.ibt: Using IRQ 22
Jul 29 02:26:56 witherspoon kernel: Serial: 8250/16550 driver, 6 ports, IRQ sharing enabled
Jul 29 02:26:56 witherspoon kernel: 1e783000.serial: ttyS0 at MMIO 0x1e783000 (irq = 23, base_baud = 1500000) is a 16550A
Jul 29 02:26:56 witherspoon kernel: 1e78d000.serial: ttyS1 at MMIO 0x1e78d000 (irq = 24, base_baud = 1500000) is a 16550A
Jul 29 02:26:56 witherspoon kernel: 1e784000.serial: ttyS4 at MMIO 0x1e784000 (irq = 25, base_baud = 1500000) is a 16550A
Jul 29 02:26:56 witherspoon kernel: console [ttyS4] enabled
Jul 29 02:26:56 witherspoon kernel: 1e787000.vuart: ttyS2 at MMIO 0x1e787000 (irq = 22, base_baud = 1500000) is a 16550A
Jul 29 02:26:56 witherspoon kernel: timeriomem_rng 1e6e2078.hwrng: 32bits from 0xf00e2078 @ 1us
Jul 29 02:26:56 witherspoon kernel: random: fast init done
Jul 29 02:26:56 witherspoon kernel: brd: module loaded
Jul 29 02:26:56 witherspoon kernel: loop: module loaded
Jul 29 02:26:56 witherspoon kernel: aspeed-lpc-ctrl 1e789080.lpc-ctrl: Loaded at 0x98000000 (0x04000000)
Jul 29 02:26:56 witherspoon kernel: aspeed-smc 1e620000.flash-controller: Using IRQ 18
Jul 29 02:26:56 witherspoon kernel: aspeed-smc 1e620000.flash-controller: DMA support disabled.
Jul 29 02:26:56 witherspoon kernel: aspeed-smc 1e620000.flash-controller: mx25l25635e (32768 Kbytes)
Jul 29 02:26:56 witherspoon kernel: aspeed-smc 1e620000.flash-controller: CE0 window [ 0x20000000 - 0x22000000 ] 32MB
Jul 29 02:26:56 witherspoon kernel: aspeed-smc 1e620000.flash-controller: CE1 window [ 0x22000000 - 0x2a000000 ] 128MB
Jul 29 02:26:56 witherspoon kernel: 5 ofpart partitions found on MTD device bmc
Jul 29 02:26:56 witherspoon kernel: Creating 5 MTD partitions on "bmc":
Jul 29 02:26:56 witherspoon kernel: 0x000000000000-0x000000060000 : "u-boot"
Jul 29 02:26:56 witherspoon kernel: random: crng init done
Jul 29 02:26:56 witherspoon kernel: 0x000000060000-0x000000080000 : "u-boot-env"
Jul 29 02:26:56 witherspoon kernel: 0x000000080000-0x0000004c0000 : "kernel"
Jul 29 02:26:56 witherspoon kernel: 0x0000004c0000-0x000001c00000 : "rofs"
Jul 29 02:26:56 witherspoon kernel: 0x000001c00000-0x000002000000 : "rwfs"
Jul 29 02:26:56 witherspoon kernel: aspeed-smc 1e620000.flash-controller: mx25l25635e (32768 Kbytes)
Jul 29 02:26:56 witherspoon kernel: aspeed-smc 1e620000.flash-controller: CE1 window [ 0x22000000 - 0x24000000 ] 32MB
Jul 29 02:26:56 witherspoon kernel: aspeed-smc 1e620000.flash-controller: CE2 window [ 0x24000000 - 0x2c000000 ] 128MB
Jul 29 02:26:56 witherspoon kernel: aspeed-smc 1e630000.flash-controller: mx66l1g45g (131072 Kbytes)
Jul 29 02:26:56 witherspoon kernel: aspeed-smc 1e630000.flash-controller: CE0 window resized to 120MB (AST2500 HW quirk)
Jul 29 02:26:56 witherspoon kernel: aspeed-smc 1e630000.flash-controller: CE0 window [ 0x30000000 - 0x37800000 ] 120MB
Jul 29 02:26:56 witherspoon kernel: aspeed-smc 1e630000.flash-controller: CE0 window too small for chip 128MB
Jul 29 02:26:56 witherspoon kernel: aspeed-smc 1e630000.flash-controller: CE1 window [ 0x37800000 - 0x38000000 ] 8MB
Jul 29 02:26:56 witherspoon kernel: libphy: Fixed MDIO Bus: probed
Jul 29 02:26:56 witherspoon kernel: ftgmac100 1e660000.ethernet: Read MAC address 70:e2:84:14:28:a9 from chip
Jul 29 02:26:56 witherspoon kernel: ftgmac100 1e660000.ethernet: Using NCSI interface
Jul 29 02:26:56 witherspoon kernel: ftgmac100 1e660000.ethernet eth0: irq 20, mapped at f0060000
Jul 29 02:26:56 witherspoon kernel: ehci_hcd: USB 2.0 'Enhanced' Host Controller (EHCI) Driver
Jul 29 02:26:56 witherspoon kernel: ehci-platform: EHCI generic platform driver
Jul 29 02:26:56 witherspoon kernel:  fsi0: can't read slave 00:00 -5
Jul 29 02:26:56 witherspoon kernel: i2c /dev entries driver
Jul 29 02:26:56 witherspoon kernel: aspeed-i2c-bus 1e78a0c0.i2c-bus: i2c bus 2 registered, irq 26
Jul 29 02:26:56 witherspoon kernel: aspeed-i2c-bus 1e78a100.i2c-bus: i2c bus 3 registered, irq 27
Jul 29 02:26:56 witherspoon kernel: aspeed-i2c-bus 1e78a140.i2c-bus: i2c bus 4 registered, irq 28
Jul 29 02:26:56 witherspoon kernel: aspeed-i2c-bus 1e78a180.i2c-bus: i2c bus 5 registered, irq 29
Jul 29 02:26:56 witherspoon kernel: aspeed-i2c-bus 1e78a380.i2c-bus: i2c bus 9 registered, irq 30
Jul 29 02:26:56 witherspoon kernel: aspeed-i2c-bus 1e78a3c0.i2c-bus: i2c bus 10 registered, irq 31
Jul 29 02:26:56 witherspoon kernel: rtc-rv8803 11-0032: Voltage low, temperature compensation stopped.
Jul 29 02:26:56 witherspoon kernel: rtc-rv8803 11-0032: rtc core: registered rx8900 as rtc0
Jul 29 02:26:56 witherspoon kernel: at24 11-0051: 8192 byte 24c64 EEPROM, writable, 1 bytes/write
Jul 29 02:26:56 witherspoon kernel: aspeed-i2c-bus 1e78a400.i2c-bus: i2c bus 11 registered, irq 32
Jul 29 02:26:56 witherspoon kernel: aspeed-i2c-bus 1e78a440.i2c-bus: i2c bus 12 registered, irq 33
Jul 29 02:26:56 witherspoon kernel: aspeed-i2c-bus 1e78a480.i2c-bus: i2c bus 13 registered, irq 34
Jul 29 02:26:56 witherspoon kernel: Driver for 1-wire Dallas network protocol.
Jul 29 02:26:56 witherspoon kernel: lm75 9-004a: hwmon0: sensor 'tmp275'
Jul 29 02:26:56 witherspoon kernel: max31785 3-0052: Fan 2 is configured but not installed
Jul 29 02:26:56 witherspoon kernel: max31785 3-0052: Fan 3 is configured but not installed
Jul 29 02:26:56 witherspoon kernel: ucd9000 11-0064: Device ID UCD90160|2.3.4.0000|110603
Jul 29 02:26:56 witherspoon kernel: leds-pca955x 3-0060: leds-pca955x: Using pca9552 16-bit LED driver at slave address 0x60
Jul 29 02:26:56 witherspoon kernel: leds-pca955x 11-0060: leds-pca955x: Using pca9552 16-bit LED driver at slave address 0x60
Jul 29 02:26:56 witherspoon kernel: leds-pca955x 11-0060: gpios 264...279
Jul 29 02:26:56 witherspoon kernel: usbcore: registered new interface driver usbhid
Jul 29 02:26:56 witherspoon kernel: usbhid: USB HID core driver
Jul 29 02:26:56 witherspoon kernel: dps310 3-0076: iio:device1: sensor 'dps310'
Jul 29 02:26:56 witherspoon kernel: NET: Registered protocol family 10
Jul 29 02:26:56 witherspoon kernel: Segment Routing with IPv6
Jul 29 02:26:56 witherspoon kernel: NET: Registered protocol family 17
Jul 29 02:26:56 witherspoon kernel: 8021q: 802.1Q VLAN Support v1.8
Jul 29 02:26:56 witherspoon kernel: console [netcon0] enabled
Jul 29 02:26:56 witherspoon kernel: netconsole: network logging started
Jul 29 02:26:56 witherspoon kernel: input: gpio-keys as /devices/platform/gpio-keys/input/input0
Jul 29 02:26:56 witherspoon kernel: rtc-rv8803 11-0032: setting system clock to 2017-07-29 02:26:42 UTC (1501295202)
Jul 29 02:26:56 witherspoon kernel: Freeing unused kernel memory: 284K
Jul 29 02:26:56 witherspoon kernel: This architecture does not have kernel memory protection.
Jul 29 02:26:56 witherspoon kernel: jffs2: notice: (526) jffs2_build_xattr_subsystem: complete building xattr subsystem, 0 of xdatum (0 unchecked, 0 orphan) and 0 of xref (0 dead, 0 orphan) found.
Jul 29 02:26:56 witherspoon systemd[1]: Failed to insert module 'autofs4': No such file or directory
Jul 29 02:26:56 witherspoon systemd[1]: systemd 232 running in system mode. (+PAM -AUDIT -SELINUX -IMA -APPARMOR -SMACK +SYSVINIT -UTMP -LIBCRYPTSETUP -GCRYPT -GNUTLS +ACL +XZ -LZ4 -SECCOMP +BLKID -ELFUTILS +KMOD -IDN)
Jul 29 02:26:56 witherspoon systemd[1]: Detected architecture arm.
Jul 29 02:26:56 witherspoon systemd[1]: Set hostname to <witherspoon>.
Jul 29 02:26:56 witherspoon systemd[1]: Reached target Swap.
Jul 29 02:26:56 witherspoon systemd[1]: Reached target Remote File Systems.
Jul 29 02:26:56 witherspoon systemd[1]: Listening on udev Control Socket.
Jul 29 02:26:56 witherspoon systemd[1]: Listening on udev Kernel Socket.
Jul 29 02:26:56 witherspoon systemd[1]: Listening on Journal Socket (/dev/log).
Jul 29 02:26:56 witherspoon systemd[1]: Started Forward Password Requests to Wall Directory Watch.
Jul 29 02:26:56 witherspoon systemd[1]: Created slice System Slice.
Jul 29 02:26:56 witherspoon systemd[1]: Created slice system-org.openbmc.buttons.Power.slice.
Jul 29 02:26:56 witherspoon systemd[1]: Listening on /dev/initctl Compatibility Named Pipe.
Jul 29 02:26:56 witherspoon systemd[1]: Created slice system-phosphor\x2dreset\x2dhost\x2dcheck.slice.
Jul 29 02:26:56 witherspoon systemd[1]: Created slice system-obmc\x2dconsole.slice.
Jul 29 02:26:56 witherspoon systemd[1]: Started Dispatch Password Requests to Console Directory Watch.
Jul 29 02:26:56 witherspoon systemd[1]: Created slice system-obmc\x2dled\x2dgroup\x2dstart.slice.
Jul 29 02:26:56 witherspoon systemd[1]: Created slice system-op\x2dreset\x2dchassis\x2drunning.slice.
Jul 29 02:26:56 witherspoon systemd[1]: Listening on Syslog Socket.
Jul 29 02:26:56 witherspoon systemd[1]: Created slice system-mapper\x2dwait.slice.
Jul 29 02:26:56 witherspoon systemd[1]: Listening on Network Service Netlink Socket.
Jul 29 02:26:56 witherspoon systemd[1]: Starting Remount Root and Kernel File Systems...
Jul 29 02:26:56 witherspoon systemd-journald[550]: Journal started
Jul 29 02:26:56 witherspoon systemd-journald[550]: Runtime journal (/run/log/journal/12c6a00ebfdd479284cf09f39d1bc042) is 0B, max 0B, 0B free.
Jul 29 02:26:57 witherspoon systemd[1]: Created slice system-org.openbmc.buttons.reset.slice.
Jul 29 02:26:57 witherspoon systemd[1]: Created slice system-serial\x2dgetty.slice.
Jul 29 02:26:58 witherspoon systemd[1]: Reached target Slices.
Jul 29 02:26:58 witherspoon systemd[1]: Created slice system-phosphor\x2dcooling\x2dtype.slice.
Jul 29 02:26:58 witherspoon systemd[1]: Starting Apply Kernel Variables...
Jul 29 02:26:58 witherspoon systemd-sysctl[658]: Couldn't write '16' to 'kernel/sysrq', ignoring: No such file or directory
Jul 29 02:26:58 witherspoon systemd-sysctl[658]: Couldn't write 'fq_codel' to 'net/core/default_qdisc', ignoring: No such file or directory
Jul 29 02:26:59 witherspoon systemd[1]: Mounted Debug File System.
Jul 29 02:26:59 witherspoon systemd[1]: Mounted Temporary Directory.
Jul 29 02:26:59 witherspoon systemd[1]: Started Journal Service.
Jul 29 02:26:59 witherspoon systemd[1]: Started Remount Root and Kernel File Systems.
Jul 29 02:27:00 witherspoon systemd[1]: Started Apply Kernel Variables.
Jul 29 02:27:00 witherspoon systemd[1]: Starting Create System Users...
Jul 29 02:27:00 witherspoon systemd[1]: Starting Flush Journal to Persistent Storage...
Jul 29 02:27:00 witherspoon systemd[1]: Started udev Coldplug all Devices.
Jul 29 02:27:00 witherspoon systemd[1]: Started Create System Users.
Jul 29 02:27:00 witherspoon systemd[1]: Starting Create Static Device Nodes in /dev...
Jul 29 02:27:01 witherspoon systemd[1]: Started Create Static Device Nodes in /dev.
Jul 29 02:27:01 witherspoon systemd-journald[550]: Runtime journal (/run/log/journal/12c6a00ebfdd479284cf09f39d1bc042) is 0B, max 0B, 0B free.
Jul 29 02:27:01 witherspoon systemd[1]: Starting udev Kernel Device Manager...
Jul 29 02:27:01 witherspoon systemd[1]: Reached target Local File Systems (Pre).
Jul 29 02:27:01 witherspoon systemd[1]: Mounting /var/volatile...
Jul 29 02:27:02 witherspoon systemd[1]: Started Flush Journal to Persistent Storage.
Jul 29 02:27:02 witherspoon systemd[1]: Mounted /var/volatile.
Jul 29 02:27:02 witherspoon systemd[1]: Starting Load/Save Random Seed...
Jul 29 02:27:02 witherspoon systemd[1]: Reached target Local File Systems.
Jul 29 02:27:02 witherspoon systemd[1]: Starting Create Volatile Files and Directories...
Jul 29 02:27:02 witherspoon systemd[1]: Starting Rebuild Journal Catalog...
Jul 29 02:27:02 witherspoon systemd[1]: Started Load/Save Random Seed.
Jul 29 02:27:02 witherspoon systemd[1]: Started Rebuild Journal Catalog.
Jul 29 02:27:02 witherspoon systemd-tmpfiles[898]: "/var/tmp" already exists and is not a directory.
Jul 29 02:27:02 witherspoon systemd-tmpfiles[898]: "/var/log" already exists and is not a directory.
Jul 29 02:27:02 witherspoon systemd[1]: Started Create Volatile Files and Directories.
Jul 29 02:27:03 witherspoon systemd[1]: Starting Network Time Synchronization...
Jul 29 02:27:03 witherspoon systemd[1]: Starting Run pending postinsts...
Jul 29 02:27:03 witherspoon systemd[1]: Starting Update is Completed...
Jul 29 02:27:03 witherspoon systemd[1]: Started Update is Completed.
Jul 29 02:27:03 witherspoon run-postinsts[904]: Running postinst /etc/rpm-postinsts/libglib-2.0-0...
Jul 29 02:27:03 witherspoon systemd[1]: Started Network Time Synchronization.
Jul 29 02:27:04 witherspoon systemd[1]: Reached target System Time Synchronized.
Jul 29 02:27:04 witherspoon systemd[1]: Started udev Kernel Device Manager.
Jul 29 02:27:05 witherspoon run-postinsts[904]: rm: can't remove '/etc/rpm-postinsts': Invalid argument
Jul 29 02:27:05 witherspoon systemd[1]: dev-hugepages.mount: Couldn't determine result for ConditionVirtualization=!private-users, assuming failed: No such file or directory
Jul 29 02:27:05 witherspoon systemd[1]: Created slice system-xyz.openbmc_project.Hwmon.slice.
Jul 29 02:27:05 witherspoon systemd[1]: Found device /dev/aspeed-lpc-ctrl.
Jul 29 02:27:05 witherspoon systemd[1]: Found device /dev/aspeed-mbox.
Jul 29 02:27:05 witherspoon systemd[1]: Found device /dev/ttyS4.
Jul 29 02:27:05 witherspoon systemd[1]: Found device /dev/ttyVUART0.
Jul 29 02:27:06 witherspoon systemd[1]: dev-hugepages.mount: Couldn't determine result for ConditionVirtualization=!private-users, assuming failed: No such file or directory
Jul 29 02:27:06 witherspoon systemd[1]: Created slice system-xyz.openbmc_project.led.controller.slice.
Jul 29 02:27:06 witherspoon systemd[1]: dev-hugepages.mount: Couldn't determine result for ConditionVirtualization=!private-users, assuming failed: No such file or directory
Jul 29 02:27:06 witherspoon systemd[1]: dev-hugepages.mount: Couldn't determine result for ConditionVirtualization=!private-users, assuming failed: No such file or directory
Jul 29 02:27:06 witherspoon run-postinsts[904]:  Removing any system startup links for run-postinsts ...
Jul 29 02:27:07 witherspoon systemctl[936]: Removed /etc/systemd/system/sysinit.target.wants/run-postinsts.service.
Jul 29 02:27:07 witherspoon systemd[1]: Reloading.
Jul 29 02:27:09 witherspoon systemd[1]: dev-hugepages.mount: Couldn't determine result for ConditionVirtualization=!private-users, assuming failed: No such file or directory
Jul 29 02:27:09 witherspoon systemd[1]: Started Run pending postinsts.
Jul 29 02:27:09 witherspoon systemd[1]: Reached target System Initialization.
Jul 29 02:27:09 witherspoon systemd[1]: Listening on D-Bus System Message Bus Socket.
Jul 29 02:27:10 witherspoon systemd[1]: Listening on Avahi mDNS/DNS-SD Stack Activation Socket.
Jul 29 02:27:10 witherspoon systemd[1]: Listening on Phosphor Host Console SSH Per-Connection socket.
Jul 29 02:27:10 witherspoon systemd[1]: Listening on Phosphor Webserver socket.
Jul 29 02:27:10 witherspoon systemd[1]: Started Daily Cleanup of Temporary Directories.
Jul 29 02:27:10 witherspoon systemd[1]: Reached target Timers.
Jul 29 02:27:10 witherspoon systemd[1]: Listening on phosphor-ipmi-net.socket.
Jul 29 02:27:10 witherspoon systemd[1]: Listening on Phosphor DBUS Browser socket.
Jul 29 02:27:10 witherspoon systemd[1]: Listening on dropbear.socket.
Jul 29 02:27:10 witherspoon systemd[1]: Reached target Sockets.
Jul 29 02:27:10 witherspoon systemd[1]: Reached target Basic System.
Jul 29 02:27:10 witherspoon systemd[1]: Started Phosphor sysfs LED controller.
Jul 29 02:27:10 witherspoon systemd[1]: Started Phosphor Dump core monitor..
Jul 29 02:27:10 witherspoon systemd[1]: Started Phosphor sysfs LED controller.
Jul 29 02:27:10 witherspoon systemd[1]: Starting OpenBMC Software Update Manager...
Jul 29 02:27:10 witherspoon systemd[1]: Started Phosphor Console Muxer listening on device /dev/ttyVUART0.
Jul 29 02:27:10 witherspoon systemd[1]: Reached target Containers.
Jul 29 02:27:10 witherspoon systemd[1]: Starting Avahi mDNS/DNS-SD Stack...
Jul 29 02:27:10 witherspoon systemd[1]: Starting Phosphor Log Manager...
Jul 29 02:27:10 witherspoon systemd[1]: Starting Phosphor IPMI BT DBus Bridge...
Jul 29 02:27:10 witherspoon systemd[1]: Starting Phosphor Sensor Manager...
Jul 29 02:27:10 witherspoon systemd[1]: Started Hardware RNG Entropy Gatherer Daemon.
Jul 29 02:27:10 witherspoon systemd[1]: Started Phosphor sysfs LED controller.
Jul 29 02:27:10 witherspoon systemd[1]: Started Phosphor sysfs LED controller.
Jul 29 02:27:11 witherspoon systemd[1]: Started System Logging Service.
Jul 29 02:27:11 witherspoon systemd[1]: Starting Phosphor Download Manager...
Jul 29 02:27:11 witherspoon systemd[1]: Starting Phosphor LED Group Management Daemon...
Jul 29 02:27:11 witherspoon systemd[1]: Starting Phosphor Inventory Manager...
Jul 29 02:27:11 witherspoon systemd[1]: Starting OpenPower Software Update Manager...
Jul 29 02:27:11 witherspoon systemd[1]: Starting Phosphor Network Manager...
Jul 29 02:27:11 witherspoon systemd[1]: Started Phosphor sysfs LED controller.
Jul 29 02:27:11 witherspoon systemd[1]: Starting Phosphor Inventory Manager...
Jul 29 02:27:11 witherspoon systemd[1]: Started Phosphor sysfs LED controller.
Jul 29 02:27:11 witherspoon systemd[1]: Starting Phosphor Download Manager...
Jul 29 02:27:11 witherspoon systemd[1]: Starting Phosphor BMC0 Control...
Jul 29 02:27:11 witherspoon systemd[1]: Starting Phosphor User Manager...
Jul 29 02:27:11 witherspoon systemd[1]: Starting Phosphor DBus Service Discovery Manager...
Jul 29 02:27:11 witherspoon systemd[1]: Started D-Bus System Message Bus.
Jul 29 02:27:15 witherspoon avahi-daemon[952]: Found user 'avahi' (UID 999) and group 'avahi' (GID 999).
Jul 29 02:27:15 witherspoon avahi-daemon[952]: Successfully dropped root privileges.
Jul 29 02:27:15 witherspoon avahi-daemon[952]: avahi-daemon 0.6.32 starting up.
Jul 29 02:27:17 witherspoon avahi-daemon[952]: Successfully called chroot().
Jul 29 02:27:17 witherspoon avahi-daemon[952]: Successfully dropped remaining capabilities.
Jul 29 02:27:17 witherspoon avahi-daemon[952]: Loading service file /services/obmc_console.service.
Jul 29 02:27:17 witherspoon avahi-daemon[952]: Loading service file /services/phosphor_rest.service.
Jul 29 02:27:17 witherspoon avahi-daemon[952]: Loading service file /services/sftp-ssh.service.
Jul 29 02:27:17 witherspoon avahi-daemon[952]: Loading service file /services/sftp.service.
Jul 29 02:27:17 witherspoon avahi-daemon[952]: Loading service file /services/ssh.service.
Jul 29 02:27:17 witherspoon avahi-daemon[952]: Network interface enumeration completed.
Jul 29 02:27:17 witherspoon avahi-daemon[952]: Server startup complete. Host name is witherspoon.local. Local service cookie is 1588882261.
Jul 29 02:27:17 witherspoon avahi-daemon[952]: Service "witherspoon" (/services/ssh.service) successfully established.
Jul 29 02:27:17 witherspoon avahi-daemon[952]: Service "sftp" (/services/sftp.service) successfully established.
Jul 29 02:27:17 witherspoon avahi-daemon[952]: Service "witherspoon" (/services/sftp-ssh.service) successfully established.
Jul 29 02:27:17 witherspoon avahi-daemon[952]: Service "phosphor_rest" (/services/phosphor_rest.service) successfully established.
Jul 29 02:27:17 witherspoon avahi-daemon[952]: Service "obmc_console" (/services/obmc_console.service) successfully established.
Jul 29 02:27:18 witherspoon openpower-update-manager[963]: Error PNOR current version is empty
Jul 29 02:27:18 witherspoon systemd[1]: Started Phosphor Log Manager.
Jul 29 02:27:18 witherspoon systemd[1]: Started Phosphor LED Group Management Daemon.
Jul 29 02:27:18 witherspoon systemd[1]: Started OpenPower Software Update Manager.
Jul 29 02:27:18 witherspoon systemd[1]: Started Phosphor Inventory Manager.
Jul 29 02:27:18 witherspoon systemd[1]: Started Avahi mDNS/DNS-SD Stack.
Jul 29 02:27:18 witherspoon systemd[1]: Started Phosphor Download Manager.
Jul 29 02:27:19 witherspoon systemd[1]: Started Phosphor BMC0 Control.
Jul 29 02:27:19 witherspoon systemd[1]: Started OpenBMC Software Update Manager.
Jul 29 02:27:19 witherspoon systemd[1]: Started Phosphor IPMI BT DBus Bridge.
Jul 29 02:27:21 witherspoon kernel[983]: klogd started: BusyBox v1.24.1 (2017-06-16 19:29:08 UTC)
Jul 29 02:27:19 witherspoon systemd[1]: Starting Network Service...
Jul 29 02:27:21 witherspoon kernel[983]: [    0.000000] Booting Linux on physical CPU 0x0
Jul 29 02:27:19 witherspoon systemd[1]: Starting Phosphor Dump Manager...
Jul 29 02:27:21 witherspoon kernel[983]: [    0.000000] Linux version 4.10.17-44f0dc8ac43162c4f7082884d6cd79400341bf5b (jenkins@openbmc-builder1) (gcc version 6.2.0 (GCC) ) #1 Fri Jul 28 22:21:01 UTC 2017
Jul 29 02:27:19 witherspoon systemd[1]: Starting Phosphor Settings Daemon...
Jul 29 02:27:21 witherspoon kernel[983]: [    0.000000] CPU: ARMv6-compatible processor [410fb767] revision 7 (ARMv7), cr=00c5387d
Jul 29 02:27:19 witherspoon systemd[1]: Starting Phosphor Version Software Manager...
Jul 29 02:27:21 witherspoon kernel[983]: [    0.000000] CPU: PIPT / VIPT nonaliasing data cache, VIPT nonaliasing instruction cache
Jul 29 02:27:21 witherspoon systemd[1]: Started Kernel Logging Service.
Jul 29 02:27:21 witherspoon kernel[983]: [    0.000000] OF: fdt:Machine model: Witherspoon BMC
Jul 29 02:27:21 witherspoon systemd-networkd[977]: Could not create runtime directory: File exists
Jul 29 02:27:21 witherspoon kernel[983]: [    0.000000] Memory policy: Data cache writeback
Jul 29 02:27:21 witherspoon systemd-networkd[977]: Could not create runtime directory 'links': File exists
Jul 29 02:27:21 witherspoon kernel[983]: [    0.000000] SOC Rev: 04030303
Jul 29 02:27:21 witherspoon systemd-networkd[977]: Could not create runtime directory 'leases': File exists
Jul 29 02:27:21 witherspoon kernel[983]: [    0.000000] On node 0 totalpages: 110592
Jul 29 02:27:21 witherspoon kernel[983]: [    0.000000] free_area_init_node: node 0, pgdat 805ff5e4, node_mem_map 9ec1a000
Jul 29 02:27:21 witherspoon kernel[983]: [    0.000000]   Normal zone: 992 pages used for memmap
Jul 29 02:27:21 witherspoon kernel[983]: [    0.000000]   Normal zone: 0 pages reserved
Jul 29 02:27:21 witherspoon kernel[983]: [    0.000000]   Normal zone: 110592 pages, LIFO batch:31
Jul 29 02:27:21 witherspoon kernel[983]: [    0.000000] pcpu-alloc: s0 r0 d32768 u32768 alloc=1*32768
Jul 29 02:27:21 witherspoon kernel[983]: [    0.000000] pcpu-alloc: [0] 0
Jul 29 02:27:21 witherspoon kernel[983]: [    0.000000] Built 1 zonelists in Zone order, mobility grouping on.  Total pages: 109600
Jul 29 02:27:21 witherspoon kernel[983]: [    0.000000] Kernel command line: console=ttyS4,115200n8 root=/dev/ram rw
Jul 29 02:27:21 witherspoon kernel[983]: [    0.000000] PID hash table entries: 2048 (order: 1, 8192 bytes)
Jul 29 02:27:21 witherspoon kernel[983]: [    0.000000] Dentry cache hash table entries: 65536 (order: 6, 262144 bytes)
Jul 29 02:27:21 witherspoon kernel[983]: [    0.000000] Inode-cache hash table entries: 32768 (order: 5, 131072 bytes)
Jul 29 02:27:21 witherspoon kernel[983]: [    0.000000] Memory: 430436K/442368K available (4065K kernel code, 280K rwdata, 1192K rodata, 284K init, 111K bss, 11932K reserved, 0K cma-reserved)
Jul 29 02:27:21 witherspoon systemd[1]: Starting Phosphor Chassis0 Control...
Jul 29 02:27:21 witherspoon kernel[983]: [    0.000000] Virtual kernel memory layout:
Jul 29 02:27:21 witherspoon kernel[983]: [    0.000000]     vector  : 0xffff0000 - 0xffff1000   (   4 kB)
Jul 29 02:27:21 witherspoon kernel[983]: [    0.000000]     fixmap  : 0xffc00000 - 0xfff00000   (3072 kB)
Jul 29 02:27:21 witherspoon kernel[983]: [    0.000000]     vmalloc : 0x9f800000 - 0xff800000   (1536 MB)
Jul 29 02:27:21 witherspoon kernel[983]: [    0.000000]     lowmem  : 0x80000000 - 0x9f000000   ( 496 MB)
Jul 29 02:27:21 witherspoon kernel[983]: [    0.000000]       .text : 0x80008000 - 0x804007a0   (4066 kB)
Jul 29 02:27:21 witherspoon kernel[983]: [    0.000000]       .init : 0x80585000 - 0x805cc000   ( 284 kB)
Jul 29 02:27:21 witherspoon kernel[983]: [    0.000000]       .data : 0x805cc000 - 0x80612358   ( 281 kB)
Jul 29 02:27:21 witherspoon kernel[983]: [    0.000000]        .bss : 0x80612358 - 0x8062e1f8   ( 112 kB)
Jul 29 02:27:21 witherspoon kernel[983]: [    0.000000] NR_IRQS:16 nr_irqs:16 16
Jul 29 02:27:21 witherspoon kernel[983]: [    0.000000] i2c controller registered, irq 16
Jul 29 02:27:21 witherspoon kernel[983]: [    0.000000] clocksource: moxart_timer: mask: 0xffffffff max_cycles: 0xffffffff, max_idle_ns: 77222644334 ns
Jul 29 02:27:21 witherspoon kernel[983]: [    0.000000] sched_clock: 32 bits at 100 Hz, resolution 10000000ns, wraps every 21474836475000000ns
Jul 29 02:27:21 witherspoon kernel[983]: [    0.090000] Calibrating delay loop... 789.70 BogoMIPS (lpj=3948544)
Jul 29 02:27:21 witherspoon kernel[983]: [    0.090000] pid_max: default: 32768 minimum: 301
Jul 29 02:27:21 witherspoon kernel[983]: [    0.090000] Mount-cache hash table entries: 1024 (order: 0, 4096 bytes)
Jul 29 02:27:21 witherspoon kernel[983]: [    0.090000] Mountpoint-cache hash table entries: 1024 (order: 0, 4096 bytes)
Jul 29 02:27:21 witherspoon kernel[983]: [    0.090000] CPU: Testing write buffer coherency: ok
Jul 29 02:27:21 witherspoon kernel[983]: [    0.090000] ftrace: allocating 14932 entries in 44 pages
Jul 29 02:27:21 witherspoon kernel[983]: [    0.120000] Setting up static identity map for 0x80008200 - 0x8000825c
Jul 29 02:27:21 witherspoon kernel[983]: [    0.120000] devtmpfs: initialized
Jul 29 02:27:21 witherspoon kernel[983]: [    0.140000] clocksource: jiffies: mask: 0xffffffff max_cycles: 0xffffffff, max_idle_ns: 19112604462750000 ns
Jul 29 02:27:21 witherspoon kernel[983]: [    0.140000] futex hash table entries: 256 (order: -1, 3072 bytes)
Jul 29 02:27:21 witherspoon kernel[983]: [    0.140000] pinctrl core: initialized pinctrl subsystem
Jul 29 02:27:21 witherspoon kernel[983]: [    0.140000] NET: Registered protocol family 16
Jul 29 02:27:21 witherspoon kernel[983]: [    0.140000] DMA: preallocated 256 KiB pool for atomic coherent allocations
Jul 29 02:27:21 witherspoon kernel[983]: [    0.210000] usbcore: registered new interface driver usbfs
Jul 29 02:27:21 witherspoon kernel[983]: [    0.210000] usbcore: registered new interface driver hub
Jul 29 02:27:21 witherspoon kernel[983]: [    0.210000] usbcore: registered new device driver usb
Jul 29 02:27:21 witherspoon kernel[983]: [    0.220000] clocksource: Switched to clocksource moxart_timer
Jul 29 02:27:21 witherspoon kernel[983]: [    0.240000] NET: Registered protocol family 2
Jul 29 02:27:21 witherspoon kernel[983]: [    0.240000] TCP established hash table entries: 4096 (order: 2, 16384 bytes)
Jul 29 02:27:21 witherspoon kernel[983]: [    0.240000] TCP bind hash table entries: 4096 (order: 2, 16384 bytes)
Jul 29 02:27:21 witherspoon kernel[983]: [    0.240000] TCP: Hash tables configured (established 4096 bind 4096)
Jul 29 02:27:21 witherspoon kernel[983]: [    0.240000] UDP hash table entries: 256 (order: 0, 4096 bytes)
Jul 29 02:27:21 witherspoon kernel[983]: [    0.240000] UDP-Lite hash table entries: 256 (order: 0, 4096 bytes)
Jul 29 02:27:21 witherspoon kernel[983]: [    0.240000] NET: Registered protocol family 1
Jul 29 02:27:21 witherspoon kernel[983]: [    0.240000] Trying to unpack rootfs image as initramfs...
Jul 29 02:27:21 witherspoon kernel[983]: [    1.910000] Freeing initrd memory: 1548K
Jul 29 02:27:21 witherspoon kernel[983]: [    1.910000] workingset: timestamp_bits=30 max_order=17 bucket_order=0
Jul 29 02:27:21 witherspoon kernel[983]: [    1.910000] squashfs: version 4.0 (2009/01/31) Phillip Lougher
Jul 29 02:27:21 witherspoon kernel[983]: [    1.910000] jffs2: version 2.2. (SUMMARY)  © 2001-2006 Red Hat, Inc.
Jul 29 02:27:21 witherspoon kernel[983]: [    1.910000] Block layer SCSI generic (bsg) driver version 0.4 loaded (major 250)
Jul 29 02:27:21 witherspoon kernel[983]: [    1.910000] io scheduler noop registered
Jul 29 02:27:21 witherspoon kernel[983]: [    1.910000] io scheduler deadline registered
Jul 29 02:27:21 witherspoon kernel[983]: [    1.910000] io scheduler cfq registered (default)
Jul 29 02:27:21 witherspoon kernel[983]: [    2.060000] ipmi-bt-host 1e789140.ibt: Found bt bmc device
Jul 29 02:27:21 witherspoon kernel[983]: [    2.060000] ipmi-bt-host 1e789140.ibt: Using IRQ 22
Jul 29 02:27:21 witherspoon kernel[983]: [    2.060000] Serial: 8250/16550 driver, 6 ports, IRQ sharing enabled
Jul 29 02:27:21 witherspoon kernel[983]: [    2.060000] 1e783000.serial: ttyS0 at MMIO 0x1e783000 (irq = 23, base_baud = 1500000) is a 16550A
Jul 29 02:27:21 witherspoon kernel[983]: [    2.060000] 1e78d000.serial: ttyS1 at MMIO 0x1e78d000 (irq = 24, base_baud = 1500000) is a 16550A
Jul 29 02:27:21 witherspoon kernel[983]: [    2.060000] 1e784000.serial: ttyS4 at MMIO 0x1e784000 (irq = 25, base_baud = 1500000) is a 16550A
Jul 29 02:27:21 witherspoon kernel[983]: [    2.420000] console [ttyS4] enabled
Jul 29 02:27:21 witherspoon kernel[983]: [    2.420000] 1e787000.vuart: ttyS2 at MMIO 0x1e787000 (irq = 22, base_baud = 1500000) is a 16550A
Jul 29 02:27:21 witherspoon kernel[983]: [    2.600000] timeriomem_rng 1e6e2078.hwrng: 32bits from 0xf00e2078 @ 1us
Jul 29 02:27:21 witherspoon kernel[983]: [    2.610000] random: fast init done
Jul 29 02:27:21 witherspoon kernel[983]: [    2.660000] brd: module loaded
Jul 29 02:27:21 witherspoon kernel[983]: [    2.680000] loop: module loaded
Jul 29 02:27:21 witherspoon kernel[983]: [    2.690000] aspeed-lpc-ctrl 1e789080.lpc-ctrl: Loaded at 0x98000000 (0x04000000)
Jul 29 02:27:21 witherspoon kernel[983]: [    2.700000] aspeed-smc 1e620000.flash-controller: Using IRQ 18
Jul 29 02:27:21 witherspoon kernel[983]: [    2.700000] aspeed-smc 1e620000.flash-controller: DMA support disabled.
Jul 29 02:27:21 witherspoon kernel[983]: [    2.700000] aspeed-smc 1e620000.flash-controller: mx25l25635e (32768 Kbytes)
Jul 29 02:27:21 witherspoon kernel[983]: [    2.720000] aspeed-smc 1e620000.flash-controller: CE0 window [ 0x20000000 - 0x22000000 ] 32MB
Jul 29 02:27:21 witherspoon kernel[983]: [    2.720000] aspeed-smc 1e620000.flash-controller: CE1 window [ 0x22000000 - 0x2a000000 ] 128MB
Jul 29 02:27:21 witherspoon kernel[983]: [    2.720000] 5 ofpart partitions found on MTD device bmc
Jul 29 02:27:21 witherspoon kernel[983]: [    2.720000] Creating 5 MTD partitions on "bmc":
Jul 29 02:27:21 witherspoon kernel[983]: [    2.750000] 0x000000000000-0x000000060000 : "u-boot"
Jul 29 02:27:21 witherspoon kernel[983]: [    2.750000] random: crng init done
Jul 29 02:27:21 witherspoon kernel[983]: [    2.750000] 0x000000060000-0x000000080000 : "u-boot-env"
Jul 29 02:27:21 witherspoon kernel[983]: [    2.750000] 0x000000080000-0x0000004c0000 : "kernel"
Jul 29 02:27:21 witherspoon kernel[983]: [    2.750000] 0x0000004c0000-0x000001c00000 : "rofs"
Jul 29 02:27:21 witherspoon kernel[983]: [    2.790000] 0x000001c00000-0x000002000000 : "rwfs"
Jul 29 02:27:21 witherspoon kernel[983]: [    2.800000] aspeed-smc 1e620000.flash-controller: mx25l25635e (32768 Kbytes)
Jul 29 02:27:21 witherspoon kernel[983]: [    2.810000] aspeed-smc 1e620000.flash-controller: CE1 window [ 0x22000000 - 0x24000000 ] 32MB
Jul 29 02:27:21 witherspoon systemd[1]: Started Phosphor MBOX Daemon.
Jul 29 02:27:21 witherspoon kernel[983]: [    2.810000] aspeed-smc 1e620000.flash-controller: CE2 window [ 0x24000000 - 0x2c000000 ] 128MB
Jul 29 02:27:21 witherspoon systemd[1]: Starting Clear one time boot overrides...
Jul 29 02:27:21 witherspoon kernel[983]: [    2.830000] aspeed-smc 1e630000.flash-controller: mx66l1g45g (131072 Kbytes)
Jul 29 02:27:21 witherspoon kernel[983]: [    2.840000] aspeed-smc 1e630000.flash-controller: CE0 window resized to 120MB (AST2500 HW quirk)
Jul 29 02:27:21 witherspoon kernel[983]: [    2.840000] aspeed-smc 1e630000.flash-controller: CE0 window [ 0x30000000 - 0x37800000 ] 120MB
Jul 29 02:27:21 witherspoon kernel[983]: [    2.860000] aspeed-smc 1e630000.flash-controller: CE0 window too small for chip 128MB
Jul 29 02:27:21 witherspoon kernel[983]: [    2.860000] aspeed-smc 1e630000.flash-controller: CE1 window [ 0x37800000 - 0x38000000 ] 8MB
Jul 29 02:27:21 witherspoon kernel[983]: [    3.630000] libphy: Fixed MDIO Bus: probed
Jul 29 02:27:21 witherspoon kernel[983]: [    3.630000] ftgmac100 1e660000.ethernet: Read MAC address 70:e2:84:14:28:a9 from chip
Jul 29 02:27:21 witherspoon kernel[983]: [    3.630000] ftgmac100 1e660000.ethernet: Using NCSI interface
Jul 29 02:27:21 witherspoon kernel[983]: [    3.630000] ftgmac100 1e660000.ethernet eth0: irq 20, mapped at f0060000
Jul 29 02:27:21 witherspoon kernel[983]: [    3.630000] ehci_hcd: USB 2.0 'Enhanced' Host Controller (EHCI) Driver
Jul 29 02:27:21 witherspoon kernel[983]: [    3.630000] ehci-platform: EHCI generic platform driver
Jul 29 02:27:21 witherspoon kernel[983]: [    3.840000]  fsi0: can't read slave 00:00 -5
Jul 29 02:27:21 witherspoon kernel[983]: [    3.840000] i2c /dev entries driver
Jul 29 02:27:21 witherspoon kernel[983]: [    3.840000] aspeed-i2c-bus 1e78a0c0.i2c-bus: i2c bus 2 registered, irq 26
Jul 29 02:27:21 witherspoon kernel[983]: [    3.840000] aspeed-i2c-bus 1e78a100.i2c-bus: i2c bus 3 registered, irq 27
Jul 29 02:27:21 witherspoon kernel[983]: [    3.840000] aspeed-i2c-bus 1e78a140.i2c-bus: i2c bus 4 registered, irq 28
Jul 29 02:27:21 witherspoon kernel[983]: [    3.840000] aspeed-i2c-bus 1e78a180.i2c-bus: i2c bus 5 registered, irq 29
Jul 29 02:27:21 witherspoon kernel[983]: [    3.840000] aspeed-i2c-bus 1e78a380.i2c-bus: i2c bus 9 registered, irq 30
Jul 29 02:27:21 witherspoon kernel[983]: [    3.840000] aspeed-i2c-bus 1e78a3c0.i2c-bus: i2c bus 10 registered, irq 31
Jul 29 02:27:21 witherspoon kernel[983]: [    3.840000] rtc-rv8803 11-0032: Voltage low, temperature compensation stopped.
Jul 29 02:27:21 witherspoon kernel[983]: [    3.940000] rtc-rv8803 11-0032: rtc core: registered rx8900 as rtc0
Jul 29 02:27:21 witherspoon kernel[983]: [    3.950000] at24 11-0051: 8192 byte 24c64 EEPROM, writable, 1 bytes/write
Jul 29 02:27:21 witherspoon kernel[983]: [    3.950000] aspeed-i2c-bus 1e78a400.i2c-bus: i2c bus 11 registered, irq 32
Jul 29 02:27:21 witherspoon kernel[983]: [    3.950000] aspeed-i2c-bus 1e78a440.i2c-bus: i2c bus 12 registered, irq 33
Jul 29 02:27:21 witherspoon kernel[983]: [    3.950000] aspeed-i2c-bus 1e78a480.i2c-bus: i2c bus 13 registered, irq 34
Jul 29 02:27:21 witherspoon kernel[983]: [    3.950000] Driver for 1-wire Dallas network protocol.
Jul 29 02:27:21 witherspoon kernel[983]: [    3.950000] lm75 9-004a: hwmon0: sensor 'tmp275'
Jul 29 02:27:21 witherspoon kernel[983]: [    4.400000] max31785 3-0052: Fan 2 is configured but not installed
Jul 29 02:27:21 witherspoon kernel[983]: [    4.410000] max31785 3-0052: Fan 3 is configured but not installed
Jul 29 02:27:21 witherspoon kernel[983]: [    4.790000] ucd9000 11-0064: Device ID UCD90160|2.3.4.0000|110603
Jul 29 02:27:21 witherspoon kernel[983]: [    5.120000] leds-pca955x 3-0060: leds-pca955x: Using pca9552 16-bit LED driver at slave address 0x60
Jul 29 02:27:21 witherspoon kernel[983]: [    5.140000] leds-pca955x 11-0060: leds-pca955x: Using pca9552 16-bit LED driver at slave address 0x60
Jul 29 02:27:21 witherspoon kernel[983]: [    5.160000] leds-pca955x 11-0060: gpios 264...279
Jul 29 02:27:21 witherspoon kernel[983]: [    5.160000] usbcore: registered new interface driver usbhid
Jul 29 02:27:21 witherspoon kernel[983]: [    5.170000] usbhid: USB HID core driver
Jul 29 02:27:21 witherspoon kernel[983]: [    5.190000] dps310 3-0076: iio:device1: sensor 'dps310'
Jul 29 02:27:21 witherspoon kernel[983]: [    5.200000] NET: Registered protocol family 10
Jul 29 02:27:21 witherspoon kernel[983]: [    5.200000] Segment Routing with IPv6
Jul 29 02:27:21 witherspoon kernel[983]: [    5.210000] NET: Registered protocol family 17
Jul 29 02:27:21 witherspoon kernel[983]: [    5.210000] 8021q: 802.1Q VLAN Support v1.8
Jul 29 02:27:21 witherspoon kernel[983]: [    5.210000] console [netcon0] enabled
Jul 29 02:27:21 witherspoon kernel[983]: [    5.230000] netconsole: network logging started
Jul 29 02:27:21 witherspoon kernel[983]: [    5.230000] input: gpio-keys as /devices/platform/gpio-keys/input/input0
Jul 29 02:27:21 witherspoon kernel[983]: [    5.250000] rtc-rv8803 11-0032: setting system clock to 2017-07-29 02:26:42 UTC (1501295202)
Jul 29 02:27:21 witherspoon kernel[983]: [    5.260000] Freeing unused kernel memory: 284K
Jul 29 02:27:21 witherspoon kernel[983]: [    5.260000] This architecture does not have kernel memory protection.
Jul 29 02:27:21 witherspoon kernel[983]: [    6.690000] jffs2: notice: (526) jffs2_build_xattr_subsystem: complete building xattr subsystem, 0 of xdatum (0 unchecked, 0 orphan) and 0 of xref (0 dead, 0 orphan) found.
Jul 29 02:27:21 witherspoon kernel[983]: [    8.860000] systemd[1]: Failed to insert module 'autofs4': No such file or directory
Jul 29 02:27:21 witherspoon kernel[983]: [    9.050000] systemd[1]: systemd 232 running in system mode. (+PAM -AUDIT -SELINUX -IMA -APPARMOR -SMACK +SYSVINIT -UTMP -LIBCRYPTSETUP -GCRYPT -GNUTLS +ACL +XZ -LZ4 -SECCOMP +BLKID -ELFUTILS +KMOD -IDN)
Jul 29 02:27:21 witherspoon kernel[983]: [    9.050000] systemd[1]: Detected architecture arm.
Jul 29 02:27:21 witherspoon kernel[983]: [    9.190000] systemd[1]: Set hostname to <witherspoon>.
Jul 29 02:27:21 witherspoon kernel[983]: [   11.240000] systemd[1]: Reached target Swap.
Jul 29 02:27:21 witherspoon kernel[983]: [   11.410000] systemd[1]: Reached target Remote File Systems.
Jul 29 02:27:22 witherspoon systemd[1]: Started Phosphor sysfs LED controller.
Jul 29 02:27:21 witherspoon kernel[983]: [   11.590000] systemd[1]: Listening on udev Control Socket.
Jul 29 02:27:21 witherspoon kernel[983]: [   11.770000] systemd[1]: Listening on udev Kernel Socket.
Jul 29 02:27:21 witherspoon kernel[983]: [   11.960000] systemd[1]: Listening on Journal Socket (/dev/log).
Jul 29 02:27:21 witherspoon kernel[983]: [   12.160000] systemd[1]: Started Forward Password Requests to Wall Directory Watch.
Jul 29 02:27:21 witherspoon kernel[983]: [   12.360000] systemd[1]: Created slice System Slice.
Jul 29 02:27:21 witherspoon kernel[983]: [   14.230000] systemd[1]: Created slice system-org.openbmc.buttons.Power.slice.
Jul 29 02:27:21 witherspoon kernel[983]: [   14.490000] systemd[1]: Listening on /dev/initctl Compatibility Named Pipe.
Jul 29 02:27:21 witherspoon kernel[983]: [   14.760000] systemd[1]: Created slice system-phosphor\x2dreset\x2dhost\x2dcheck.slice.
Jul 29 02:27:21 witherspoon kernel[983]: [   15.040000] systemd[1]: Created slice system-obmc\x2dconsole.slice.
Jul 29 02:27:21 witherspoon kernel[983]: [   15.320000] systemd[1]: Started Dispatch Password Requests to Console Directory Watch.
Jul 29 02:27:21 witherspoon kernel[983]: [   15.610000] systemd[1]: Created slice system-obmc\x2dled\x2dgroup\x2dstart.slice.
Jul 29 02:27:21 witherspoon kernel[983]: [   15.910000] systemd[1]: Created slice system-op\x2dreset\x2dchassis\x2drunning.slice.
Jul 29 02:27:21 witherspoon kernel[983]: [   16.210000] systemd[1]: Listening on Syslog Socket.
Jul 29 02:27:21 witherspoon kernel[983]: [   16.520000] systemd[1]: Created slice system-mapper\x2dwait.slice.
Jul 29 02:27:21 witherspoon kernel[983]: [   16.840000] systemd[1]: Listening on Network Service Netlink Socket.
Jul 29 02:27:21 witherspoon kernel[983]: [   19.240000] systemd[1]: Starting Remount Root and Kernel File Systems...
Jul 29 02:27:21 witherspoon kernel[983]: [   19.610000] systemd[1]: Created slice system-org.openbmc.buttons.reset.slice.
Jul 29 02:27:21 witherspoon kernel[983]: [   19.990000] systemd[1]: Created slice system-serial\x2dgetty.slice.
Jul 29 02:27:21 witherspoon kernel[983]: [   20.370000] systemd[1]: Reached target Slices.
Jul 29 02:27:21 witherspoon kernel[983]: [   20.760000] systemd[1]: Created slice system-phosphor\x2dcooling\x2dtype.slice.
Jul 29 02:27:21 witherspoon kernel[983]: [   21.160000] systemd[1]: Starting Apply Kernel Variables...
Jul 29 02:27:21 witherspoon kernel[983]: [   21.560000] systemd[1]: Mounted Debug File System.
Jul 29 02:27:21 witherspoon kernel[983]: [   21.970000] systemd[1]: Mounted Temporary Directory.
Jul 29 02:27:21 witherspoon kernel[983]: [   21.970000] systemd[1]: Started Journal Service.
Jul 29 02:27:21 witherspoon kernel[983]: [   24.570000] systemd-journald[550]: Received request to flush runtime journal from PID 1
Jul 29 02:27:22 witherspoon systemd[1]: Started Phosphor Settings Daemon.
Jul 29 02:27:23 witherspoon systemd[1]: Started Phosphor Version Software Manager.
Jul 29 02:27:23 witherspoon systemd[1]: Started Clear one time boot overrides.
Jul 29 02:27:23 witherspoon systemd[1]: Started Phosphor Dump Manager.
Jul 29 02:27:24 witherspoon systemd-networkd[977]: Enumeration completed
Jul 29 02:27:24 witherspoon systemd[1]: Started Network Service.
Jul 29 02:27:24 witherspoon systemd[1]: Reached target Network.
Jul 29 02:27:24 witherspoon systemd[1]: Starting Permit User Sessions...
Jul 29 02:27:24 witherspoon systemd[1]: Started Lightweight SLP Server.
Jul 29 02:27:24 witherspoon avahi-daemon[952]: Joining mDNS multicast group on interface eth0.IPv4 with address 9.3.21.61.
Jul 29 02:27:24 witherspoon systemd-networkd[977]: eth0: IPv6 enabled for interface: Success
Jul 29 02:27:24 witherspoon avahi-daemon[952]: New relevant interface eth0.IPv4 for mDNS.
Jul 29 02:27:24 witherspoon systemd-networkd[977]: eth0: Gained carrier
Jul 29 02:27:24 witherspoon avahi-daemon[952]: Registering new address record for 9.3.21.61 on eth0.IPv4.
Jul 29 02:27:24 witherspoon systemd-timesyncd[903]: Network configuration changed, trying to establish connection.
Jul 29 02:27:25 witherspoon systemd[1]: Started Permit User Sessions.
Jul 29 02:27:25 witherspoon systemd[1]: Started Serial Getty on ttyS4.
Jul 29 02:27:25 witherspoon systemd[1]: Reached target Login Prompts.
Jul 29 02:27:25 witherspoon systemd[1]: Reached target Multi-User System.
Jul 29 02:27:25 witherspoon avahi-daemon[952]: Joining mDNS multicast group on interface eth0.IPv6 with address fe80::72e2:84ff:fe14:28a9.
Jul 29 02:27:25 witherspoon systemd-networkd[977]: eth0: Gained IPv6LL
Jul 29 02:27:25 witherspoon avahi-daemon[952]: New relevant interface eth0.IPv6 for mDNS.
Jul 29 02:27:25 witherspoon avahi-daemon[952]: Registering new address record for fe80::72e2:84ff:fe14:28a9 on eth0.*.
Jul 29 02:27:27 witherspoon kernel: ftgmac100 1e660000.ethernet eth0: NCSI interface up
Jul 29 02:27:27 witherspoon kernel[983]: [   50.360000] ftgmac100 1e660000.ethernet eth0: NCSI interface up
Jul 29 02:27:33 witherspoon systemd[1]: Created slice system-dropbear.slice.
Jul 29 02:27:33 witherspoon systemd[1]: Started SSH Per-Connection Server (9.41.165.94:58676).
Jul 29 02:27:35 witherspoon dropbear[998]: Failed loading /etc/dropbear/dropbear_dss_host_key
Jul 29 02:27:35 witherspoon dropbear[998]: Failed loading /etc/dropbear/dropbear_ecdsa_host_key
Jul 29 02:27:36 witherspoon inventory_items.py[962]: Loading from cache: /var/cache/obmc/org.openbmc.inventory.system.chassis.motherboard.apss@org.openbmc.InventoryItem.props
Jul 29 02:27:36 witherspoon inventory_items.py[962]: Loading from cache: /var/cache/obmc/org.openbmc.inventory.system.chassis.motherboard@org.openbmc.InventoryItem.props
Jul 29 02:27:36 witherspoon inventory_items.py[962]: Loading from cache: /var/cache/obmc/org.openbmc.inventory.system.chassis.motherboard.refclock@org.openbmc.InventoryItem.props
Jul 29 02:27:36 witherspoon inventory_items.py[962]: Loading from cache: /var/cache/obmc/org.openbmc.inventory.system.chassis.motherboard.todclock@org.openbmc.InventoryItem.props
Jul 29 02:27:36 witherspoon inventory_items.py[962]: Loading from cache: /var/cache/obmc/org.openbmc.inventory.system.chassis.motherboard.bmc@org.openbmc.InventoryItem.props
Jul 29 02:27:36 witherspoon inventory_items.py[962]: Caching: /org/openbmc/inventory/system/chassis/motherboard/bmc
Jul 29 02:27:36 witherspoon download_manager.py[968]: Running Download Manager
Jul 29 02:27:36 witherspoon systemd[1]: Started Phosphor Download Manager.
Jul 29 02:27:36 witherspoon chassis_control.py[984]: Running ChassisControlService
Jul 29 02:27:36 witherspoon systemd[1]: Started Phosphor Chassis0 Control.
Jul 29 02:27:36 witherspoon sensor_manager2.py[955]: Setting boot count to 3
Jul 29 02:27:36 witherspoon systemd[1]: Started Phosphor Sensor Manager.
Jul 29 02:27:36 witherspoon sensor_manager2.py[955]: Starting sensor manager
Jul 29 02:27:37 witherspoon dropbear[998]: Child connection from ::ffff:9.41.165.94:58676
Jul 29 02:27:37 witherspoon inventory_items.py[962]: Loading from cache: /var/cache/obmc/org.openbmc.inventory.system.chassis.motherboard.pcieclock@org.openbmc.InventoryItem.props
Jul 29 02:27:37 witherspoon systemd[1]: Started Phosphor Inventory Manager.
Jul 29 02:27:37 witherspoon inventory_items.py[962]: Running Inventory Manager
Jul 29 02:27:37 witherspoon systemd[1]: Started Phosphor Network Manager.
Jul 29 02:27:37 witherspoon netman.py[964]: Started
Jul 29 02:27:38 witherspoon systemd-networkd[977]: eth0: Configured
Jul 29 02:27:38 witherspoon systemd-timesyncd[903]: Network configuration changed, trying to establish connection.
Jul 29 02:27:39 witherspoon phosphor-mapper[971]: ObjectMapper startup complete.  Discovery in progress...
Jul 29 02:27:39 witherspoon avahi-daemon[973]: ../../avahi-0.6.32/avahi-daemon/chroot.c: open() failed: No such file or directory
Jul 29 02:27:39 witherspoon avahi-daemon[952]: Failed to open /usr/share/dbus-1/interfaces/org.freedesktop.Avahi.Server.xml: Invalid argument
Jul 29 02:27:39 witherspoon avahi-daemon[952]: Failed to load introspection data.
Jul 29 02:27:40 witherspoon dropbear[998]: PAM password auth succeeded for 'root' from ::ffff:9.41.165.94:58676
Jul 29 02:27:40 witherspoon dropbear[1000]: lastlog_perform_login: Couldn't stat /var/log/lastlog: No such file or directory
Jul 29 02:27:40 witherspoon dropbear[1000]: lastlog_openseek: /var/log/lastlog is not a file or directory!
Jul 29 02:27:41 witherspoon systemd[1]: Started Phosphor User Manager.
Jul 29 02:27:41 witherspoon obmc-phosphor-userd[970]: Started
Jul 29 02:27:47 witherspoon phosphor-mapper[971]: ObjectMapper discovery complete
Jul 29 02:27:47 witherspoon systemd[1]: Started Phosphor DBus Service Discovery Manager.
Jul 29 02:27:47 witherspoon systemd[1]: Started Phosphor Hwmon Poller.
Jul 29 02:27:47 witherspoon systemd[1]: Started Phosphor Hwmon Poller.
Jul 29 02:27:47 witherspoon systemd[1]: Started Phosphor Hwmon Poller.
Jul 29 02:27:47 witherspoon systemd[1]: Started Phosphor Hwmon Poller.
Jul 29 02:27:47 witherspoon systemd[1]: Started Phosphor Hwmon Poller.
Jul 29 02:27:47 witherspoon systemd[1]: Reached target Phosphor Object Mapper.
Jul 29 02:27:47 witherspoon systemd[1]: Starting Wait for /xyz/openbmc_project/led/groups...
Jul 29 02:27:47 witherspoon systemd[1]: Starting Wait for /xyz/openbmc_project/control/host0...
Jul 29 02:27:47 witherspoon systemd[1]: Starting Wait for /org/openbmc/managers/System...
Jul 29 02:27:47 witherspoon systemd[1]: Starting Wait for /org/openbmc/control/power0...
Jul 29 02:27:47 witherspoon systemd[1]: Starting Wait for /org/openbmc/NetworkManager/Interface...
Jul 29 02:27:47 witherspoon systemd[1]: Started Phosphor DBus Monitor.
Jul 29 02:27:47 witherspoon systemd[1]: Starting Wait for /org/openbmc/control/flash/bios...
Jul 29 02:27:47 witherspoon systemd[1]: Starting Wait for /xyz/openbmc_project/state/host0...
Jul 29 02:27:47 witherspoon systemd[1]: Starting Wait for /xyz/openbmc_project/state/chassis0...
Jul 29 02:27:47 witherspoon systemd[1]: Starting Phosphor Settings Manager...
Jul 29 02:27:47 witherspoon systemd[1]: Starting Phosphor Network Manager...
Jul 29 02:27:47 witherspoon systemd[1]: Starting Phoshpor System Manager...
Jul 29 02:27:47 witherspoon systemd[1]: Starting Wait for /org/openbmc/managers/Download...
Jul 29 02:27:47 witherspoon systemd[1]: Reached target Webserver (pre).
Jul 29 02:27:47 witherspoon systemd[1]: Started Phosphor Webserver.
Jul 29 02:27:47 witherspoon systemd[1]: Starting Wait for /xyz/openbmc_project/inventory...
Jul 29 02:27:47 witherspoon systemd[1]: Starting Wait for /xyz/openbmc_project/led/groups/bmc_booted...
Jul 29 02:27:47 witherspoon systemd[1]: Starting Wait for /org/openbmc/control/bmc0...
Jul 29 02:27:47 witherspoon systemd[1]: Started Phosphor Hwmon Poller.
Jul 29 02:27:50 witherspoon phosphor-network-manager[1021]: ConfigParser: Section not found
Jul 29 02:27:50 witherspoon phosphor-network-manager[1021]: The operation failed internally.
Jul 29 02:27:50 witherspoon phosphor-network-manager[1021]: ConfigParser: Section not found
Jul 29 02:27:50 witherspoon phosphor-network-manager[1021]: The operation failed internally.
Jul 29 02:27:50 witherspoon phosphor-network-manager[1021]: ConfigParser: Key not found
Jul 29 02:27:51 witherspoon phosphor-network-manager[1021]: The operation failed internally.
Jul 29 02:27:52 witherspoon systemd[1]: Started Wait for /org/openbmc/control/bmc0.
Jul 29 02:27:52 witherspoon systemd[1]: Started Wait for /org/openbmc/NetworkManager/Interface.
Jul 29 02:27:52 witherspoon systemd[1]: Started Phosphor DNS Settings Cache Manager.
Jul 29 02:27:52 witherspoon systemd[1]: Started Wait for /org/openbmc/managers/Download.
Jul 29 02:27:52 witherspoon systemd[1]: Starting Phosphor BIOS Code Update...
Jul 29 02:27:52 witherspoon systemd[1]: Starting Phosphor BMC Code Update...
Jul 29 02:27:52 witherspoon systemd[1]: Started Wait for /xyz/openbmc_project/inventory.
Jul 29 02:27:52 witherspoon systemd[1]: Starting OpenPOWER OCC controller...
Jul 29 02:27:52 witherspoon systemd[1]: Started Phosphor Cooling Type.
Jul 29 02:27:52 witherspoon systemd[1]: Starting Read OpenPOWER-format VPD from EEPROM...
Jul 29 02:27:52 witherspoon systemd[1]: Started Wait for /xyz/openbmc_project/led/groups/bmc_booted.
Jul 29 02:27:52 witherspoon systemd[1]: Starting Assert bmc_booted LED...
Jul 29 02:27:53 witherspoon systemd[1]: Started Phosphor BIOS Code Update.
Jul 29 02:27:54 witherspoon systemd[1]: Started Wait for /xyz/openbmc_project/led/groups.
Jul 29 02:27:54 witherspoon systemd[1]: Started FRU Fault monitor service.
Jul 29 02:27:55 witherspoon systemd[1]: Started OpenPOWER OCC controller.
Jul 29 02:27:58 witherspoon phosphor-log-manager[953]: Failed to find metadata
Jul 29 02:27:58 witherspoon phosphor-fru-fault-monitor[1046]: /xyz/openbmc_project/logging/entry/1
Jul 29 02:27:59 witherspoon dbus[972]: [system] Activating via systemd: service name='org.freedesktop.hostname1' unit='dbus-org.freedesktop.hostname1.service'
Jul 29 02:27:59 witherspoon systemd[1]: Starting Hostname Service...
Jul 29 02:28:02 witherspoon phosphor-ledmanager[961]: Error looking up Physical LED services
Jul 29 02:28:02 witherspoon systemd[1]: Started Assert bmc_booted LED.
Jul 29 02:28:04 witherspoon systemd[1]: Started Read OpenPOWER-format VPD from EEPROM.
Jul 29 02:28:04 witherspoon system_manager.py[1022]: Running System State: BASE_APPS
Jul 29 02:28:04 witherspoon dbus[972]: [system] Successfully activated service 'org.freedesktop.hostname1'
Jul 29 02:28:04 witherspoon systemd[1]: Started Hostname Service.
Jul 29 02:28:04 witherspoon systemd[1]: Started Phosphor Network Manager.
Jul 29 02:28:04 witherspoon systemd[1]: Started Phosphor BMC Code Update.
Jul 29 02:28:04 witherspoon bmc_update.py[1033]: Running Bmc Flash Control
Jul 29 02:28:05 witherspoon system_manager.py[1022]: SystemManager Init Done
Jul 29 02:28:05 witherspoon systemd[1]: Started Phoshpor System Manager.
Jul 29 02:28:05 witherspoon system_manager.py[1022]: Running SystemManager
Jul 29 02:28:06 witherspoon system_manager.py[1022]: SystemManager Goto System State: BMC_STARTING
Jul 29 02:28:06 witherspoon system_manager.py[1022]: Running System State: BMC_STARTING
Jul 29 02:28:07 witherspoon settings_manager.py[1020]: Running HostSettingsService
Jul 29 02:28:07 witherspoon systemd[1]: Started Phosphor Settings Manager.
Jul 29 02:28:07 witherspoon systemd[1]: Starting Wait for /org/openbmc/settings/host0...
Jul 29 02:28:11 witherspoon systemd[1]: Started Wait for /org/openbmc/control/flash/bios.
Jul 29 02:28:11 witherspoon systemd[1]: Started Initialize BIOS Flash.
Jul 29 02:28:13 witherspoon systemd[1]: Started Wait for /org/openbmc/managers/System.
Jul 29 02:28:13 witherspoon systemd[1]: Starting Phosphor Power0 Control...
Jul 29 02:28:13 witherspoon systemd[1]: Starting Phosphor BMC State Manager...
Jul 29 02:28:13 witherspoon systemd[1]: Starting Phosphor Chassis State Manager...
Jul 29 02:28:13 witherspoon systemd[1]: Starting Phosphor Host State Manager...
Jul 29 02:28:13 witherspoon systemd[1]: Starting Phosphor Power Button0...
Jul 29 02:28:13 witherspoon systemd[1]: Starting Phosphor Reset Button0...
Jul 29 02:28:13 witherspoon phosphor-bmc-state-manager[1063]: Setting the BMCState field
Jul 29 02:28:13 witherspoon phosphor-bmc-state-manager[1063]: Setting the BMCState field
Jul 29 02:28:13 witherspoon systemd[1]: Started Phosphor BMC State Manager.
Jul 29 02:28:13 witherspoon phosphor-chassis-state-manager[1064]: Initial Chassis State will be Off
Jul 29 02:28:14 witherspoon systemd[1]: Started Phosphor Chassis State Manager.
Jul 29 02:28:14 witherspoon phosphor-host-state-manager[1065]: Initial Host State will be Off
Jul 29 02:28:14 witherspoon system_manager.py[1022]: New object: /org/openbmc/control/power0 (:1.70)
Jul 29 02:28:14 witherspoon systemd[1]: Started Wait for /org/openbmc/settings/host0.
Jul 29 02:28:14 witherspoon systemd[1]: Started Phosphor Inband IPMI.
Jul 29 02:28:14 witherspoon system_manager.py[1022]: Power GPIO config: ['SYS_PWROK_BUFF', '', [('SOFTWARE_PGOOD', True), ('BMC_POWER_UP', True)], [('BMC_CP0_RESET_N', False)], [], 'FSI_DATA', 'FSI_CLK', 'FSI_ENABLE', 'CRONUS_SEL', []]
Jul 29 02:28:14 witherspoon power_control.exe[1062]: Power GPIO latch output:
Jul 29 02:28:14 witherspoon power_control.exe[1062]: Power GPIO power good input: SYS_PWROK_BUFF
Jul 29 02:28:14 witherspoon power_control.exe[1062]: Power GPIO 2 power_up outputs
Jul 29 02:28:14 witherspoon power_control.exe[1062]: Power GPIO power_up[0] = SOFTWARE_PGOOD active HIGH
Jul 29 02:28:14 witherspoon power_control.exe[1062]: Power GPIO power_up[1] = BMC_POWER_UP active HIGH
Jul 29 02:28:14 witherspoon power_control.exe[1062]: Power GPIO 1 reset outputs
Jul 29 02:28:14 witherspoon power_control.exe[1062]: Power GPIO reset[0] = BMC_CP0_RESET_N active LOW
Jul 29 02:28:14 witherspoon power_control.exe[1062]: Power GPIO 0 pci reset outputs
Jul 29 02:28:14 witherspoon power_control.exe[1062]: FSI DATA GPIO: FSI_DATA
Jul 29 02:28:14 witherspoon power_control.exe[1062]: FSI CLK GPIO: FSI_CLK
Jul 29 02:28:14 witherspoon power_control.exe[1062]: FSI ENABLE GPIO: FSI_ENABLE
Jul 29 02:28:14 witherspoon power_control.exe[1062]: CRONUS SEL GPIO: CRONUS_SEL
Jul 29 02:28:14 witherspoon power_control.exe[1062]: Hostctl GPIO optionals: 0
Jul 29 02:28:15 witherspoon flash_bios.exe[1032]: Starting flasher: bios,,/org/openbmc/control/flash/bios,
Jul 29 02:28:15 witherspoon flash_bios.exe[1032]: flasher: , BMC = 1, address = 0x0
Jul 29 02:28:15 witherspoon flash_bios.exe[1032]: Setting up flash
Jul 29 02:28:15 witherspoon button_power.exe[1066]: GPIO Lookup:  POWER_BUTTON = 347,both
Jul 29 02:28:15 witherspoon flash_bios.exe[1032]: Starting flasher: bios,,/org/openbmc/control/flash/bios,
Jul 29 02:28:15 witherspoon flash_bios.exe[1032]: flasher: , BMC = 1, address = 0x0
Jul 29 02:28:15 witherspoon flash_bios.exe[1032]: Setting up flash
Jul 29 02:28:16 witherspoon power_control.exe[1062]: GPIO Lookup:  SYS_PWROK_BUFF = 306,in
Jul 29 02:28:16 witherspoon systemd[1]: Started Phosphor Power Button0.
Jul 29 02:28:16 witherspoon button_reset.exe[1067]: GPIO Lookup:  RESET_BUTTON = 353,both
Jul 29 02:28:16 witherspoon systemd[1]: Started Phosphor Reset Button0.
Jul 29 02:28:16 witherspoon power_control.exe[1062]: GPIO Lookup:  SOFTWARE_PGOOD = 417,out
Jul 29 02:28:16 witherspoon power_control.exe[1062]: GPIO Lookup:  BMC_POWER_UP = 305,out
Jul 29 02:28:16 witherspoon power_control.exe[1062]: GPIO Lookup:  BMC_CP0_RESET_N = 281,out
Jul 29 02:28:16 witherspoon power_control.exe[1062]: Pgood state: 0
Jul 29 02:28:17 witherspoon systemd[1]: Started Phosphor Power0 Control.
Jul 29 02:28:17 witherspoon systemd[1]: Started Phosphor Host State Manager.
Jul 29 02:28:22 witherspoon system_manager.py[1022]: SystemManager Goto System State: BMC_READY
Jul 29 02:28:22 witherspoon system_manager.py[1022]: Running System State: BMC_READY
Jul 29 02:28:22 witherspoon systemd[1]: Started Wait for /org/openbmc/control/power0.
Jul 29 02:28:22 witherspoon systemd[1]: Starting Phosphor Time Manager daemon...
Jul 29 02:28:22 witherspoon systemd[1]: Starting Check Chassis0 pgood and create a file to indicate it...
Jul 29 02:28:23 witherspoon systemd[1]: Started Wait for /xyz/openbmc_project/state/chassis0.
Jul 29 02:28:23 witherspoon systemd[1]: Started Wait for /xyz/openbmc_project/control/host0.
Jul 29 02:28:23 witherspoon timemanager[1097]: Registering dbus methods
Jul 29 02:28:23 witherspoon timemanager[1097]: Last known time_mode: MANUAL
Jul 29 02:28:23 witherspoon timemanager[1097]: Last known time_owner: BMC
Jul 29 02:28:23 witherspoon timemanager[1097]: Empty DhcpNtp string
Jul 29 02:28:23 witherspoon timemanager[1097]: Reading Power Control key: pgood
Jul 29 02:28:24 witherspoon systemd[1]: Started Wait for /xyz/openbmc_project/state/host0.
Jul 29 02:28:24 witherspoon systemd[1]: Starting Reboot If Enabled...
Jul 29 02:28:24 witherspoon systemd[1]: Started Check Chassis0 pgood and create a file to indicate it.
Jul 29 02:28:24 witherspoon systemd[1]: Reached target Chassis0 power on after reset.
Jul 29 02:28:24 witherspoon systemd[1]: Reached target Host0 running after reset.
Jul 29 02:28:24 witherspoon systemd[1]: Reached target Host0 (Reset Check).
Jul 29 02:28:24 witherspoon systemd[1]: Reached target Chassis0 (Reset Check).
Jul 29 02:28:24 witherspoon timemanager[1097]: Changing settings *allowed* now
Jul 29 02:28:24 witherspoon timemanager[1097]: Getting System Settings: time_mode
Jul 29 02:28:24 witherspoon timemanager[1097]: Requested_Mode: MANUAL Current_Mode: MANUAL
Jul 29 02:28:24 witherspoon timemanager[1097]: Mode is already set to : MANUAL
Jul 29 02:28:24 witherspoon timemanager[1097]: Getting System Settings: time_owner
Jul 29 02:28:24 witherspoon timemanager[1097]: Owner is already set to : BMC
Jul 29 02:28:24 witherspoon timemanager[1097]: Getting System Settings: use_dhcp_ntp
Jul 29 02:28:24 witherspoon phosphor-discover-system-state[1109]: Host power is off, checking power policy
Jul 29 02:28:24 witherspoon systemd[1]: Started Reboot If Enabled.
Jul 29 02:28:24 witherspoon timemanager[1097]: use_dhcp_ntp = yes
Jul 29 02:28:24 witherspoon timemanager[1097]: Last known host_offset:0
Jul 29 02:28:24 witherspoon timemanager[1097]: Initial Uptime Usec: 1501295197246778
Jul 29 02:28:24 witherspoon systemd[1]: Started Phosphor Time Manager daemon.
Jul 29 02:28:24 witherspoon systemd[1]: Reached target Phosphor System - Standby.
Jul 29 02:28:24 witherspoon systemd[1]: Startup finished in 8.717s (kernel) + 1min 39.015s (userspace) = 1min 47.732s.
Jul 29 02:28:25 witherspoon phosphor-bmc-state-manager[1063]: BMC_READY
Jul 29 02:28:25 witherspoon phosphor-bmc-state-manager[1063]: Setting the BMCState field
Jul 29 02:28:27 witherspoon phosphor-gevent[1024]: Traceback (most recent call last):
Jul 29 02:28:27 witherspoon phosphor-gevent[1024]:   File "/usr/lib/python2.7/site-packages/gevent/greenlet.py", line 327, in run
Jul 29 02:28:27 witherspoon phosphor-gevent[1024]:     result = self._run(*self.args, **self.kwargs)
Jul 29 02:28:27 witherspoon phosphor-gevent[1024]:   File "/usr/lib/python2.7/site-packages/gevent/server.py", line 102, in wrap_socket_and_handle
Jul 29 02:28:27 witherspoon phosphor-gevent[1024]:     ssl_socket = self.wrap_socket(client_socket, **self.ssl_args)
Jul 29 02:28:27 witherspoon phosphor-gevent[1024]:   File "/usr/lib/python2.7/site-packages/gevent/ssl.py", line 404, in wrap_socket
Jul 29 02:28:27 witherspoon phosphor-gevent[1024]:     ciphers=ciphers)
Jul 29 02:28:27 witherspoon phosphor-gevent[1024]:   File "/usr/lib/python2.7/site-packages/gevent/ssl.py", line 113, in __init__
Jul 29 02:28:27 witherspoon phosphor-gevent[1024]:     self.do_handshake()
Jul 29 02:28:27 witherspoon phosphor-gevent[1024]:   File "/usr/lib/python2.7/site-packages/gevent/ssl.py", line 324, in do_handshake
Jul 29 02:28:27 witherspoon phosphor-gevent[1024]:     return self._sslobj.do_handshake()
Jul 29 02:28:27 witherspoon phosphor-gevent[1024]: SSLEOFError: EOF occurred in violation of protocol (_ssl.c:590)
Jul 29 02:28:27 witherspoon phosphor-gevent[1024]: <Greenlet at 0x7601f3f0: <bound method WSGIServer.wrap_socket_and_handle of <WSGIServer at 0x75ff5b50 fileno=5 address=('::3492:f076:b06d:6676%1986424224', 443, 0, 1986424224)>>(<socket at 0x75ecc830 fileno=9>, ('::8079:6476:8e91:f402%1995406108', 59698, 0, 199)> failed with SSLEOFError
Jul 29 02:28:27 witherspoon phosphor-gevent[1024]: Traceback (most recent call last):
Jul 29 02:28:27 witherspoon phosphor-gevent[1024]:   File "/usr/lib/python2.7/site-packages/gevent/greenlet.py", line 327, in run
Jul 29 02:28:27 witherspoon phosphor-gevent[1024]:     result = self._run(*self.args, **self.kwargs)
Jul 29 02:28:27 witherspoon phosphor-gevent[1024]:   File "/usr/lib/python2.7/site-packages/gevent/server.py", line 102, in wrap_socket_and_handle
Jul 29 02:28:27 witherspoon phosphor-gevent[1024]:     ssl_socket = self.wrap_socket(client_socket, **self.ssl_args)
Jul 29 02:28:27 witherspoon phosphor-gevent[1024]:   File "/usr/lib/python2.7/site-packages/gevent/ssl.py", line 404, in wrap_socket
Jul 29 02:28:27 witherspoon phosphor-gevent[1024]:     ciphers=ciphers)
Jul 29 02:28:27 witherspoon phosphor-gevent[1024]:   File "/usr/lib/python2.7/site-packages/gevent/ssl.py", line 113, in __init__
Jul 29 02:28:27 witherspoon phosphor-gevent[1024]:     self.do_handshake()
Jul 29 02:28:27 witherspoon phosphor-gevent[1024]:   File "/usr/lib/python2.7/site-packages/gevent/ssl.py", line 324, in do_handshake
Jul 29 02:28:27 witherspoon phosphor-gevent[1024]:     return self._sslobj.do_handshake()
Jul 29 02:28:27 witherspoon phosphor-gevent[1024]: SSLEOFError: EOF occurred in violation of protocol (_ssl.c:590)
Jul 29 02:28:27 witherspoon phosphor-gevent[1024]: <Greenlet at 0x7601f6c0: <bound method WSGIServer.wrap_socket_and_handle of <WSGIServer at 0x75ff5b50 fileno=5 address=('::3492:f076:b06d:6676%1986424224', 443, 0, 1986424224)>>(<socket at 0x75ecc7d0 fileno=10>, ('::8079:6476:8e91:f402%1995406108', 59700, 0, 199)> failed with SSLEOFError
Jul 29 02:28:28 witherspoon phosphor-gevent[1024]: ::8079:6476:8e91:f402%1995406108 - - [2017-07-29 02:28:28] "POST /login HTTP/1.1" 200 320 0.045427
Jul 29 02:28:28 witherspoon phosphor-gevent[1024]: ::8079:6476:8e91:f402%1995406108 - - [2017-07-29 02:28:28] "GET /xyz/openbmc_project/state/chassis0//attr/CurrentPowerState HTTP/1.1" 200 216 0.084527
Jul 29 02:28:28 witherspoon phosphor-gevent[1024]: ::8079:6476:8e91:f402%1995406108 - - [2017-07-29 02:28:28] "POST /login HTTP/1.1" 200 320 0.032825
Jul 29 02:28:28 witherspoon phosphor-gevent[1024]: ::8079:6476:8e91:f402%1995406108 - - [2017-07-29 02:28:28] "GET /xyz/openbmc_project/state/chassis0//attr/CurrentPowerState HTTP/1.1" 200 216 0.051594
Jul 29 02:28:28 witherspoon phosphor-gevent[1024]: ::8079:6476:8e91:f402%1995406108 - - [2017-07-29 02:28:28] "POST /login HTTP/1.1" 200 320 0.041656
Jul 29 02:28:28 witherspoon phosphor-gevent[1024]: ::8079:6476:8e91:f402%1995406108 - - [2017-07-29 02:28:28] "GET /org/openbmc/sensors/host/BootProgress/attr/value HTTP/1.1" 200 170 0.064147
Jul 29 02:28:29 witherspoon phosphor-gevent[1024]: ::8079:6476:8e91:f402%1995406108 - - [2017-07-29 02:28:29] "POST /login HTTP/1.1" 200 320 0.044812
Jul 29 02:28:29 witherspoon phosphor-gevent[1024]: ::8079:6476:8e91:f402%1995406108 - - [2017-07-29 02:28:29] "GET /xyz/openbmc_project/state/host0//attr/CurrentHostState HTTP/1.1" 200 212 0.049166
Jul 29 02:28:29 witherspoon phosphor-gevent[1024]: ::8079:6476:8e91:f402%1995406108 - - [2017-07-29 02:28:29] "POST /login HTTP/1.1" 200 320 0.034094
Jul 29 02:28:29 witherspoon phosphor-gevent[1024]: ::8079:6476:8e91:f402%1995406108 - - [2017-07-29 02:28:29] "GET /xyz/openbmc_project/logging/entry//list HTTP/1.1" 200 214 0.077369
Jul 29 02:28:29 witherspoon phosphor-gevent[1024]: ::8079:6476:8e91:f402%1995406108 - - [2017-07-29 02:28:29] "POST /login HTTP/1.1" 200 320 0.033455
Jul 29 02:28:29 witherspoon phosphor-gevent[1024]: ::8079:6476:8e91:f402%1995406108 - - [2017-07-29 02:28:29] "GET /xyz/openbmc_project/logging/entry//list HTTP/1.1" 200 214 0.038283
Jul 29 02:28:29 witherspoon phosphor-gevent[1024]: ::8079:6476:8e91:f402%1995406108 - - [2017-07-29 02:28:29] "POST /login HTTP/1.1" 200 320 0.049068
Jul 29 02:28:30 witherspoon phosphor-gevent[1024]: ::8079:6476:8e91:f402%1995406108 - - [2017-07-29 02:28:30] "DELETE /xyz/openbmc_project/logging/entry/1 HTTP/1.1" 200 169 0.075001
Jul 29 02:28:30 witherspoon systemd[1]: Started SSH Per-Connection Server (9.41.165.94:58698).
Jul 29 02:28:30 witherspoon dropbear[1115]: Failed loading /etc/dropbear/dropbear_dss_host_key
Jul 29 02:28:30 witherspoon dropbear[1115]: Failed loading /etc/dropbear/dropbear_ecdsa_host_key
Jul 29 02:28:30 witherspoon dropbear[1115]: Child connection from ::ffff:9.41.165.94:58698
Jul 29 02:28:30 witherspoon dropbear[1115]: PAM password auth succeeded for 'root' from ::ffff:9.41.165.94:58698
Jul 29 02:28:30 witherspoon dropbear[1116]: lastlog_perform_login: Couldn't stat /var/log/lastlog: No such file or directory
Jul 29 02:28:30 witherspoon dropbear[1116]: lastlog_openseek: /var/log/lastlog is not a file or directory!
Jul 29 02:28:32 witherspoon phosphor-gevent[1024]: ::8079:6476:8e91:f402%1995406108 - - [2017-07-29 02:28:32] "POST /login HTTP/1.1" 200 320 0.042716
Jul 29 02:28:32 witherspoon phosphor-gevent[1024]: ::8079:6476:8e91:f402%1995406108 - - [2017-07-29 02:28:32] "GET /xyz/openbmc_project/state/host0//attr/CurrentHostState HTTP/1.1" 200 212 0.049812
Jul 29 02:28:32 witherspoon dropbear[998]: Exit (root): Exited normally
Jul 29 02:28:32 witherspoon dropbear[1115]: Exit (root): Exited normally
Jul 29 02:28:35 witherspoon systemd[1]: Started SSH Per-Connection Server (9.41.165.94:58702).
Jul 29 02:28:35 witherspoon dropbear[1127]: Failed loading /etc/dropbear/dropbear_dss_host_key
Jul 29 02:28:35 witherspoon dropbear[1127]: Failed loading /etc/dropbear/dropbear_ecdsa_host_key
Jul 29 02:28:35 witherspoon dropbear[1127]: Child connection from ::ffff:9.41.165.94:58702
Jul 29 02:28:35 witherspoon dropbear[1127]: PAM password auth succeeded for 'root' from ::ffff:9.41.165.94:58702
Jul 29 02:28:35 witherspoon dropbear[1128]: lastlog_perform_login: Couldn't stat /var/log/lastlog: No such file or directory
Jul 29 02:28:35 witherspoon dropbear[1128]: lastlog_openseek: /var/log/lastlog is not a file or directory!
Jul 29 02:28:36 witherspoon phosphor-gevent[1024]: ::8079:6476:8e91:f402%1995406108 - - [2017-07-29 02:28:36] "POST /login HTTP/1.1" 200 320 0.057638
Jul 29 02:28:36 witherspoon phosphor-gevent[1024]: ::8079:6476:8e91:f402%1995406108 - - [2017-07-29 02:28:36] "PUT /org/openbmc/settings/host0/attr/power_policy HTTP/1.1" 200 169 0.194402
Jul 29 02:28:36 witherspoon phosphor-gevent[1024]: ::8079:6476:8e91:f402%1995406108 - - [2017-07-29 02:28:36] "POST /login HTTP/1.1" 200 320 0.032693
Jul 29 02:28:36 witherspoon phosphor-gevent[1024]: ::8079:6476:8e91:f402%1995406108 - - [2017-07-29 02:28:36] "GET /org/openbmc/settings/host0/attr/power_policy HTTP/1.1" 200 185 0.070127
Jul 29 02:28:37 witherspoon phosphor-gevent[1024]: ::8079:6476:8e91:f402%1995406108 - - [2017-07-29 02:28:37] "POST /login HTTP/1.1" 200 320 0.033336
Jul 29 02:28:37 witherspoon phosphor-gevent[1024]: ::8079:6476:8e91:f402%1995406108 - - [2017-07-29 02:28:37] "GET /xyz/openbmc_project/state/chassis0//attr/CurrentPowerState HTTP/1.1" 200 216 0.050190
Jul 29 02:28:37 witherspoon phosphor-gevent[1024]: ::8079:6476:8e91:f402%1995406108 - - [2017-07-29 02:28:37] "POST /login HTTP/1.1" 200 320 0.040725
Jul 29 02:28:37 witherspoon phosphor-gevent[1024]: ::8079:6476:8e91:f402%1995406108 - - [2017-07-29 02:28:37] "GET /xyz/openbmc_project/state/bmc0//attr/CurrentBMCState HTTP/1.1" 200 212 0.069997
Jul 29 02:28:37 witherspoon phosphor-gevent[1024]: ::8079:6476:8e91:f402%1995406108 - - [2017-07-29 02:28:37] "POST /login HTTP/1.1" 200 320 0.042129
Jul 29 02:28:38 witherspoon phosphor-gevent[1024]: ::8079:6476:8e91:f402%1995406108 - - [2017-07-29 02:28:38] "GET /org/openbmc/sensors/host/BootProgress/attr/value HTTP/1.1" 200 170 0.126005
Jul 29 02:28:38 witherspoon phosphor-gevent[1024]: ::8079:6476:8e91:f402%1995406108 - - [2017-07-29 02:28:38] "POST /login HTTP/1.1" 200 320 0.102356
Jul 29 02:28:39 witherspoon phosphor-gevent[1024]: ::8079:6476:8e91:f402%1995406108 - - [2017-07-29 02:28:39] "GET /xyz/openbmc_project/state/host0//attr/CurrentHostState HTTP/1.1" 200 212 0.759210
Jul 29 02:28:39 witherspoon phosphor-gevent[1024]: ::8079:6476:8e91:f402%1995406108 - - [2017-07-29 02:28:39] "POST /login HTTP/1.1" 200 320 0.033150
Jul 29 02:28:39 witherspoon phosphor-gevent[1024]: ::8079:6476:8e91:f402%1995406108 - - [2017-07-29 02:28:39] "GET /xyz/openbmc_project/logging/entry//list HTTP/1.1" 404 311 0.029430
Jul 29 02:28:39 witherspoon systemd[1]: Started SSH Per-Connection Server (9.41.165.94:58718).
Jul 29 02:28:39 witherspoon dropbear[1137]: Failed loading /etc/dropbear/dropbear_dss_host_key
Jul 29 02:28:39 witherspoon dropbear[1137]: Failed loading /etc/dropbear/dropbear_ecdsa_host_key
Jul 29 02:28:39 witherspoon dropbear[1137]: Child connection from ::ffff:9.41.165.94:58718
Jul 29 02:28:40 witherspoon dropbear[1137]: PAM password auth succeeded for 'root' from ::ffff:9.41.165.94:58718
Jul 29 02:29:10 witherspoon phosphor-gevent[1024]: ::8079:6476:8e91:f402%1995406108 - - [2017-07-29 02:29:10] "POST /login HTTP/1.1" 200 320 0.048722
Jul 29 02:29:11 witherspoon flash_bios.exe[1032]: Starting flasher: bios,/tmp/witherspoon_910_golden.pnor,/org/openbmc/control/flash/bios,
Jul 29 02:29:11 witherspoon flash_bios.exe[1032]: flasher: /tmp/witherspoon_910_golden.pnor, BMC = 1, address = 0x0
Jul 29 02:29:11 witherspoon flash_bios.exe[1032]: Setting up flash
Jul 29 02:29:11 witherspoon phosphor-gevent[1024]: ::8079:6476:8e91:f402%1995406108 - - [2017-07-29 02:29:11] "POST /org/openbmc/control/flash/bios//action/update HTTP/1.1" 200 169 0.402601
Jul 29 02:29:11 witherspoon phosphor-gevent[1024]: ::8079:6476:8e91:f402%1995406108 - - [2017-07-29 02:29:11] "POST /login HTTP/1.1" 200 320 0.033213
Jul 29 02:29:11 witherspoon phosphor-gevent[1024]: ::8079:6476:8e91:f402%1995406108 - - [2017-07-29 02:29:11] "GET /org/openbmc/control/flash/bios HTTP/1.1" 200 397 0.169124
Jul 29 02:29:12 witherspoon phosphor-gevent[1024]: ::8079:6476:8e91:f402%1995406108 - - [2017-07-29 02:29:12] "POST /login HTTP/1.1" 200 320 0.050880
Jul 29 02:29:12 witherspoon phosphor-gevent[1024]: ::8079:6476:8e91:f402%1995406108 - - [2017-07-29 02:29:12] "GET /org/openbmc/control/flash/bios HTTP/1.1" 200 397 0.224039
Jul 29 02:29:22 witherspoon phosphor-gevent[1024]: ::8079:6476:8e91:f402%1995406108 - - [2017-07-29 02:29:22] "POST /login HTTP/1.1" 200 320 0.043514
Jul 29 02:29:23 witherspoon phosphor-gevent[1024]: ::8079:6476:8e91:f402%1995406108 - - [2017-07-29 02:29:23] "GET /org/openbmc/control/flash/bios HTTP/1.1" 200 397 0.418216
Jul 29 02:29:33 witherspoon phosphor-gevent[1024]: ::8079:6476:8e91:f402%1995406108 - - [2017-07-29 02:29:33] "POST /login HTTP/1.1" 200 320 0.032836
Jul 29 02:29:33 witherspoon phosphor-gevent[1024]: ::8079:6476:8e91:f402%1995406108 - - [2017-07-29 02:29:33] "GET /org/openbmc/control/flash/bios HTTP/1.1" 200 397 0.068679
Jul 29 02:29:43 witherspoon phosphor-gevent[1024]: ::8079:6476:8e91:f402%1995406108 - - [2017-07-29 02:29:43] "POST /login HTTP/1.1" 200 320 0.033160
Jul 29 02:29:43 witherspoon phosphor-gevent[1024]: ::8079:6476:8e91:f402%1995406108 - - [2017-07-29 02:29:43] "GET /org/openbmc/control/flash/bios HTTP/1.1" 200 397 0.068046
Jul 29 02:29:53 witherspoon phosphor-gevent[1024]: ::8079:6476:8e91:f402%1995406108 - - [2017-07-29 02:29:53] "POST /login HTTP/1.1" 200 320 0.033232
Jul 29 02:29:54 witherspoon phosphor-gevent[1024]: ::8079:6476:8e91:f402%1995406108 - - [2017-07-29 02:29:54] "GET /org/openbmc/control/flash/bios HTTP/1.1" 200 397 0.067968
Jul 29 02:30:04 witherspoon phosphor-gevent[1024]: ::8079:6476:8e91:f402%1995406108 - - [2017-07-29 02:30:04] "POST /login HTTP/1.1" 200 320 0.033026
Jul 29 02:30:04 witherspoon phosphor-gevent[1024]: ::8079:6476:8e91:f402%1995406108 - - [2017-07-29 02:30:04] "GET /org/openbmc/control/flash/bios HTTP/1.1" 200 397 0.068355
Jul 29 02:30:15 witherspoon phosphor-gevent[1024]: ::8079:6476:8e91:f402%1995406108 - - [2017-07-29 02:30:15] "POST /login HTTP/1.1" 200 320 0.049280
Jul 29 02:30:15 witherspoon phosphor-gevent[1024]: ::8079:6476:8e91:f402%1995406108 - - [2017-07-29 02:30:15] "GET /org/openbmc/control/flash/bios HTTP/1.1" 200 397 0.067852
Jul 29 02:30:25 witherspoon phosphor-gevent[1024]: ::8079:6476:8e91:f402%1995406108 - - [2017-07-29 02:30:25] "POST /login HTTP/1.1" 200 320 0.033772
Jul 29 02:30:25 witherspoon phosphor-gevent[1024]: ::8079:6476:8e91:f402%1995406108 - - [2017-07-29 02:30:25] "GET /org/openbmc/control/flash/bios HTTP/1.1" 200 397 0.068793
Jul 29 02:30:35 witherspoon phosphor-gevent[1024]: ::8079:6476:8e91:f402%1995406108 - - [2017-07-29 02:30:35] "POST /login HTTP/1.1" 200 320 0.032912
Jul 29 02:30:36 witherspoon phosphor-gevent[1024]: ::8079:6476:8e91:f402%1995406108 - - [2017-07-29 02:30:36] "GET /org/openbmc/control/flash/bios HTTP/1.1" 200 397 0.068211
Jul 29 02:30:46 witherspoon phosphor-gevent[1024]: ::8079:6476:8e91:f402%1995406108 - - [2017-07-29 02:30:46] "POST /login HTTP/1.1" 200 320 0.033010
Jul 29 02:30:46 witherspoon phosphor-gevent[1024]: ::8079:6476:8e91:f402%1995406108 - - [2017-07-29 02:30:46] "GET /org/openbmc/control/flash/bios HTTP/1.1" 200 397 0.068692
Jul 29 02:30:56 witherspoon phosphor-gevent[1024]: ::8079:6476:8e91:f402%1995406108 - - [2017-07-29 02:30:56] "POST /login HTTP/1.1" 200 320 0.033041
Jul 29 02:30:56 witherspoon phosphor-gevent[1024]: ::8079:6476:8e91:f402%1995406108 - - [2017-07-29 02:30:56] "GET /org/openbmc/control/flash/bios HTTP/1.1" 200 397 0.068157
Jul 29 02:31:06 witherspoon phosphor-gevent[1024]: ::8079:6476:8e91:f402%1995406108 - - [2017-07-29 02:31:06] "POST /login HTTP/1.1" 200 320 0.033285
Jul 29 02:31:06 witherspoon phosphor-gevent[1024]: ::8079:6476:8e91:f402%1995406108 - - [2017-07-29 02:31:06] "GET /org/openbmc/control/flash/bios HTTP/1.1" 200 397 0.068075
Jul 29 02:31:17 witherspoon phosphor-gevent[1024]: ::8079:6476:8e91:f402%1995406108 - - [2017-07-29 02:31:17] "POST /login HTTP/1.1" 200 320 0.032902
Jul 29 02:31:17 witherspoon phosphor-gevent[1024]: ::8079:6476:8e91:f402%1995406108 - - [2017-07-29 02:31:17] "GET /org/openbmc/control/flash/bios HTTP/1.1" 200 402 0.068077
Jul 29 02:31:27 witherspoon phosphor-gevent[1024]: ::8079:6476:8e91:f402%1995406108 - - [2017-07-29 02:31:27] "POST /login HTTP/1.1" 200 320 0.032901
Jul 29 02:31:27 witherspoon phosphor-gevent[1024]: ::8079:6476:8e91:f402%1995406108 - - [2017-07-29 02:31:27] "GET /org/openbmc/control/flash/bios HTTP/1.1" 200 402 0.068372
Jul 29 02:31:38 witherspoon phosphor-gevent[1024]: ::8079:6476:8e91:f402%1995406108 - - [2017-07-29 02:31:38] "POST /login HTTP/1.1" 200 320 0.104722
Jul 29 02:31:39 witherspoon phosphor-gevent[1024]: ::8079:6476:8e91:f402%1995406108 - - [2017-07-29 02:31:39] "GET /org/openbmc/control/flash/bios HTTP/1.1" 200 402 0.077030
Jul 29 02:31:49 witherspoon phosphor-gevent[1024]: ::8079:6476:8e91:f402%1995406108 - - [2017-07-29 02:31:49] "POST /login HTTP/1.1" 200 320 0.033273
Jul 29 02:31:49 witherspoon phosphor-gevent[1024]: ::8079:6476:8e91:f402%1995406108 - - [2017-07-29 02:31:49] "GET /org/openbmc/control/flash/bios HTTP/1.1" 200 402 0.349928
Jul 29 02:31:59 witherspoon phosphor-gevent[1024]: ::8079:6476:8e91:f402%1995406108 - - [2017-07-29 02:31:59] "POST /login HTTP/1.1" 200 320 0.033369
Jul 29 02:31:59 witherspoon phosphor-gevent[1024]: ::8079:6476:8e91:f402%1995406108 - - [2017-07-29 02:31:59] "GET /org/openbmc/control/flash/bios HTTP/1.1" 200 401 0.070707
Jul 29 02:32:07 witherspoon flash_bios.exe[1032]: Erasing... (may take a while !) done !
Jul 29 02:32:07 witherspoon flash_bios.exe[1032]: About to program "/tmp/witherspoon_910_golden.pnor" at 0x00000000..0x04000000 !
Jul 29 02:32:07 witherspoon flash_bios.exe[1032]: Programming & Verifying...
Jul 29 02:32:07 witherspoon flash_bios.exe[1032]: Flash done
Jul 29 02:32:10 witherspoon phosphor-gevent[1024]: ::8079:6476:8e91:f402%1995406108 - - [2017-07-29 02:32:10] "POST /login HTTP/1.1" 200 320 0.033264
Jul 29 02:32:10 witherspoon phosphor-gevent[1024]: ::8079:6476:8e91:f402%1995406108 - - [2017-07-29 02:32:10] "GET /org/openbmc/control/flash/bios HTTP/1.1" 200 399 0.103309
Jul 29 02:32:10 witherspoon systemd[1]: Started SSH Per-Connection Server (9.41.165.94:58766).
Jul 29 02:32:10 witherspoon dropbear[1143]: Failed loading /etc/dropbear/dropbear_dss_host_key
Jul 29 02:32:10 witherspoon dropbear[1143]: Failed loading /etc/dropbear/dropbear_ecdsa_host_key
Jul 29 02:32:10 witherspoon dropbear[1143]: Child connection from ::ffff:9.41.165.94:58766
Jul 29 02:32:10 witherspoon dropbear[1143]: PAM password auth succeeded for 'root' from ::ffff:9.41.165.94:58766
Jul 29 02:32:10 witherspoon dropbear[1144]: lastlog_perform_login: Couldn't stat /var/log/lastlog: No such file or directory
Jul 29 02:32:10 witherspoon dropbear[1144]: lastlog_openseek: /var/log/lastlog is not a file or directory!
Jul 29 02:32:12 witherspoon phosphor-gevent[1024]: ::8079:6476:8e91:f402%1995406108 - - [2017-07-29 02:32:12] "POST /login HTTP/1.1" 200 320 0.050806
Jul 29 02:32:12 witherspoon phosphor-gevent[1024]: ::8079:6476:8e91:f402%1995406108 - - [2017-07-29 02:32:12] "GET /xyz/openbmc_project/state/host0//attr/CurrentHostState HTTP/1.1" 200 212 0.074251
Jul 29 02:32:12 witherspoon systemd[1]: Created slice system-obmc\x2dconsole\x2dssh.slice.
Jul 29 02:32:12 witherspoon systemd[1]: Started Phosphor Host Console SSH Per-Connection (9.41.165.94:47320).
Jul 29 02:32:12 witherspoon dropbear[1148]: Failed loading /etc/dropbear/dropbear_dss_host_key
Jul 29 02:32:12 witherspoon dropbear[1148]: Failed loading /etc/dropbear/dropbear_ecdsa_host_key
Jul 29 02:32:12 witherspoon dropbear[1148]: Child connection from ::ffff:9.41.165.94:47320
Jul 29 02:32:13 witherspoon phosphor-gevent[1024]: ::8079:6476:8e91:f402%1995406108 - - [2017-07-29 02:32:13] "POST /login HTTP/1.1" 200 320 0.119874
Jul 29 02:32:13 witherspoon dropbear[1148]: PAM password auth succeeded for 'root' from ::ffff:9.41.165.94:47320
Jul 29 02:32:13 witherspoon dropbear[1149]: lastlog_perform_login: Couldn't stat /var/log/lastlog: No such file or directory
Jul 29 02:32:13 witherspoon dropbear[1149]: lastlog_openseek: /var/log/lastlog is not a file or directory!
Jul 29 02:32:13 witherspoon phosphor-gevent[1024]: ::8079:6476:8e91:f402%1995406108 - - [2017-07-29 02:32:13] "PUT /org/openbmc/settings/host0/attr/power_policy HTTP/1.1" 200 169 0.382140
Jul 29 02:32:13 witherspoon phosphor-gevent[1024]: ::8079:6476:8e91:f402%1995406108 - - [2017-07-29 02:32:13] "POST /login HTTP/1.1" 200 320 0.041325
Jul 29 02:32:13 witherspoon phosphor-gevent[1024]: ::8079:6476:8e91:f402%1995406108 - - [2017-07-29 02:32:13] "GET /org/openbmc/settings/host0/attr/power_policy HTTP/1.1" 200 185 0.069608
Jul 29 02:32:14 witherspoon phosphor-gevent[1024]: ::8079:6476:8e91:f402%1995406108 - - [2017-07-29 02:32:14] "POST /login HTTP/1.1" 200 320 0.033243
Jul 29 02:32:14 witherspoon phosphor-gevent[1024]: ::8079:6476:8e91:f402%1995406108 - - [2017-07-29 02:32:14] "GET /xyz/openbmc_project/state/chassis0//attr/CurrentPowerState HTTP/1.1" 200 216 0.049468
Jul 29 02:32:14 witherspoon phosphor-gevent[1024]: ::8079:6476:8e91:f402%1995406108 - - [2017-07-29 02:32:14] "POST /login HTTP/1.1" 200 320 0.050305
Jul 29 02:32:14 witherspoon phosphor-gevent[1024]: ::8079:6476:8e91:f402%1995406108 - - [2017-07-29 02:32:14] "GET /xyz/openbmc_project/state/bmc0//attr/CurrentBMCState HTTP/1.1" 200 212 0.068988
Jul 29 02:32:14 witherspoon phosphor-gevent[1024]: ::8079:6476:8e91:f402%1995406108 - - [2017-07-29 02:32:14] "POST /login HTTP/1.1" 200 320 0.048869
Jul 29 02:32:14 witherspoon phosphor-gevent[1024]: ::8079:6476:8e91:f402%1995406108 - - [2017-07-29 02:32:14] "GET /org/openbmc/sensors/host/BootProgress/attr/value HTTP/1.1" 200 170 0.078315
Jul 29 02:32:14 witherspoon phosphor-gevent[1024]: ::8079:6476:8e91:f402%1995406108 - - [2017-07-29 02:32:14] "POST /login HTTP/1.1" 200 320 0.033315
Jul 29 02:32:15 witherspoon phosphor-gevent[1024]: ::8079:6476:8e91:f402%1995406108 - - [2017-07-29 02:32:15] "GET /xyz/openbmc_project/state/host0//attr/CurrentHostState HTTP/1.1" 200 212 0.051032
Jul 29 02:32:15 witherspoon phosphor-gevent[1024]: ::8079:6476:8e91:f402%1995406108 - - [2017-07-29 02:32:15] "POST /login HTTP/1.1" 200 320 0.033718
Jul 29 02:32:15 witherspoon phosphor-host-state-manager[1065]: Host State transaction request
Jul 29 02:32:15 witherspoon phosphor-gevent[1024]: ::8079:6476:8e91:f402%1995406108 - - [2017-07-29 02:32:15] "PUT /xyz/openbmc_project/state/host0//attr/RequestedHostTransition HTTP/1.1" 200 169 0.208484
Jul 29 02:32:15 witherspoon systemd[1]: Created slice system-obmc\x2denable\x2dhost\x2dwatchdog.slice.
Jul 29 02:32:15 witherspoon systemd[1]: Reached target Powerwitherspoon-fan-watchdog (On).
Jul 29 02:32:15 witherspoon systemd[1]: Created slice system-start_host.slice.
Jul 29 02:32:15 witherspoon systemd[1]: Created slice system-op\x2dwait\x2dpower\x2don.slice.
Jul 29 02:32:15 witherspoon systemd[1]: Created slice system-vrm\x2dcontrol.slice.
Jul 29 02:32:15 witherspoon systemd[1]: Created slice system-fsi\x2dscan.slice.
Jul 29 02:32:15 witherspoon systemd[1]: Created slice system-avsbus\x2denable.slice.
Jul 29 02:32:15 witherspoon systemd[1]: Started Witherspoon Fan Watchdog Daemon.
Jul 29 02:32:15 witherspoon systemd[1]: Starting Wait for /xyz/openbmc_project/watchdog/host0...
Jul 29 02:32:15 witherspoon systemd[1]: Created slice system-pcie\x2dslot\x2ddetect.slice.
Jul 29 02:32:15 witherspoon systemd[1]: Created slice system-vcs_on.slice.
Jul 29 02:32:15 witherspoon systemd[1]: Created slice system-phosphor\x2dwatchdog.slice.
Jul 29 02:32:15 witherspoon systemd[1]: Started Phosphor poweron watchdog.
Jul 29 02:32:15 witherspoon systemd[1]: Starting Wait for Power0 to turn on...
Jul 29 02:32:15 witherspoon systemd[1]: Created slice system-power\x2dworkarounds.slice.
Jul 29 02:32:15 witherspoon systemd[1]: Created slice system-phosphor\x2dgpio\x2dmonitor.slice.
Jul 29 02:32:16 witherspoon systemd[1]: Started Phosphor GPIO checkstop monitor.
Jul 29 02:32:16 witherspoon systemd[1]: Reached target Start Host checkstop monitor.
Jul 29 02:32:16 witherspoon systemd[1]: Starting Wait for /org/openbmc/control/chassis0...
Jul 29 02:32:16 witherspoon systemd[1]: Created slice system-vcs_workaround.slice.
Jul 29 02:32:16 witherspoon systemd[1]: Created slice system-ucd_disable_vcs.slice.
Jul 29 02:32:16 witherspoon systemd[1]: Starting Disable UCD VCS rails...
Jul 29 02:32:16 witherspoon systemd[1]: Starting Wait for /xyz/openbmc_project/led/groups/power_on...
Jul 29 02:32:16 witherspoon systemd[1]: Created slice system-fsi\x2dbind.slice.
Jul 29 02:32:16 witherspoon systemd[1]: Created slice system-phosphor\x2dfan\x2dpresence\x2dtach.slice.
Jul 29 02:32:16 witherspoon systemd[1]: Created slice system-mapper\x2dsubtree\x2dremove.slice.
Jul 29 02:32:16 witherspoon systemd[1]: Starting mapper subtree-remove /xyz/openbmc_project/software:xyz.openbmc_project.Software.ActivationBlocksTransition...
Jul 29 02:32:16 witherspoon systemd[1]: Created slice system-mboxd\x2dreload.slice.
Jul 29 02:32:16 witherspoon systemd[1]: Starting Reload mboxd during power on...
Jul 29 02:32:17 witherspoon mboxctl[1159]: Reset: Success
Jul 29 02:32:16 witherspoon systemd[1]: Created slice system-avsbus\x2ddisable.slice.
Jul 29 02:32:16 witherspoon systemd[1]: Created slice system-ir35221\x2don\x2dunbind.slice.
Jul 29 02:32:16 witherspoon systemd[1]: Starting power on mode unbind ir35221 device driver devs...
Jul 29 02:32:16 witherspoon systemd[1]: Starting Witherspoon Fan Watchdog Reset...
Jul 29 02:32:16 witherspoon systemd[1]: Created slice system-phosphor\x2dfan\x2dcontrol\x2dinit.slice.
Jul 29 02:32:16 witherspoon systemd[1]: Started Phosphor Fan Control Initialization.
Jul 29 02:32:16 witherspoon systemd[1]: Created slice system-cfam_override.slice.
Jul 29 02:32:16 witherspoon systemd[1]: Created slice system-ir35221\x2don\x2dbind.slice.
Jul 29 02:32:16 witherspoon systemd[1]: Created slice system-op\x2dpower\x2dstart.slice.
Jul 29 02:32:16 witherspoon systemd[1]: Created slice system-vcs_off.slice.
Jul 29 02:32:17 witherspoon kernel: ucd9000 11-0064: Device ID UCD90160|2.3.4.0000|110603
Jul 29 02:32:17 witherspoon kernel[983]: [  340.360000] ucd9000 11-0064: Device ID UCD90160|2.3.4.0000|110603
Jul 29 02:32:18 witherspoon systemd[1]: Started Wait for /org/openbmc/control/chassis0.
Jul 29 02:32:18 witherspoon phosphor-gevent[1024]: ::8079:6476:8e91:f402%1995406108 - - [2017-07-29 02:32:18] "POST /login HTTP/1.1" 200 320 0.306755
Jul 29 02:32:18 witherspoon systemd[1]: Started Wait for /xyz/openbmc_project/led/groups/power_on.
Jul 29 02:32:18 witherspoon systemd[1]: Started Disable UCD VCS rails.
Jul 29 02:32:18 witherspoon systemd[1]: Started mapper subtree-remove /xyz/openbmc_project/software:xyz.openbmc_project.Software.ActivationBlocksTransition.
Jul 29 02:32:18 witherspoon systemd[1]: Started Reload mboxd during power on.
Jul 29 02:32:18 witherspoon systemd[1]: Started power on mode unbind ir35221 device driver devs.
Jul 29 02:32:18 witherspoon systemd[1]: Started Witherspoon Fan Watchdog Reset.
Jul 29 02:32:18 witherspoon systemd[1]: xyz.openbmc_project.Hwmon@ahb-apb-i2c\x401e78a000-i2c\x2dbus\x40180-ir35221\x4070.service: Service hold-off time over, scheduling restart.
Jul 29 02:32:18 witherspoon systemd[1]: xyz.openbmc_project.Hwmon@ahb-apb-i2c\x401e78a000-i2c\x2dbus\x40140-ir35221\x4070.service: Service hold-off time over, scheduling restart.
Jul 29 02:32:18 witherspoon systemd[1]: xyz.openbmc_project.Hwmon@ahb-apb-i2c\x401e78a000-i2c\x2dbus\x40140-ir35221\x4071.service: Service hold-off time over, scheduling restart.
Jul 29 02:32:18 witherspoon systemd[1]: xyz.openbmc_project.Hwmon@ahb-apb-i2c\x401e78a000-i2c\x2dbus\x40180-ir35221\x4071.service: Service hold-off time over, scheduling restart.
Jul 29 02:32:19 witherspoon systemd[1]: xyz.openbmc_project.Hwmon@ahb-apb-i2c\x401e78a000-i2c\x2dbus\x40140-ir35221\x4070.service: Unit not needed anymore. Stopping.
Jul 29 02:32:19 witherspoon systemd[1]: Requested transaction contradicts existing jobs: Transaction is destructive.
Jul 29 02:32:19 witherspoon systemd[1]: xyz.openbmc_project.Hwmon@ahb-apb-i2c\x401e78a000-i2c\x2dbus\x40140-ir35221\x4070.service: Failed to enqueue stop job, ignoring: Transaction is destructive.
Jul 29 02:32:19 witherspoon systemd[1]: xyz.openbmc_project.Hwmon@ahb-apb-i2c\x401e78a000-i2c\x2dbus\x40180-ir35221\x4071.service: Unit not needed anymore. Stopping.
Jul 29 02:32:19 witherspoon systemd[1]: Requested transaction contradicts existing jobs: Transaction is destructive.
Jul 29 02:32:19 witherspoon systemd[1]: xyz.openbmc_project.Hwmon@ahb-apb-i2c\x401e78a000-i2c\x2dbus\x40180-ir35221\x4071.service: Failed to enqueue stop job, ignoring: Transaction is destructive.
Jul 29 02:32:19 witherspoon systemd[1]: xyz.openbmc_project.Hwmon@ahb-apb-i2c\x401e78a000-i2c\x2dbus\x40180-ir35221\x4070.service: Unit not needed anymore. Stopping.
Jul 29 02:32:19 witherspoon systemd[1]: Requested transaction contradicts existing jobs: Transaction is destructive.
Jul 29 02:32:19 witherspoon systemd[1]: xyz.openbmc_project.Hwmon@ahb-apb-i2c\x401e78a000-i2c\x2dbus\x40180-ir35221\x4070.service: Failed to enqueue stop job, ignoring: Transaction is destructive.
Jul 29 02:32:19 witherspoon systemd[1]: xyz.openbmc_project.Hwmon@ahb-apb-i2c\x401e78a000-i2c\x2dbus\x40140-ir35221\x4071.service: Unit not needed anymore. Stopping.
Jul 29 02:32:19 witherspoon systemd[1]: Requested transaction contradicts existing jobs: Transaction is destructive.
Jul 29 02:32:19 witherspoon systemd[1]: xyz.openbmc_project.Hwmon@ahb-apb-i2c\x401e78a000-i2c\x2dbus\x40140-ir35221\x4071.service: Failed to enqueue stop job, ignoring: Transaction is destructive.
Jul 29 02:32:19 witherspoon systemd[1]: Stopped Phosphor Hwmon Poller.
Jul 29 02:32:19 witherspoon systemd[1]: Started Phosphor Hwmon Poller.
Jul 29 02:32:19 witherspoon systemd[1]: xyz.openbmc_project.Hwmon@ahb-apb-i2c\x401e78a000-i2c\x2dbus\x40180-ir35221\x4071.service: Unit not needed anymore. Stopping.
Jul 29 02:32:19 witherspoon systemd[1]: Stopping Phosphor Hwmon Poller...
Jul 29 02:32:19 witherspoon systemd[1]: Stopped Phosphor Hwmon Poller.
Jul 29 02:32:19 witherspoon systemd[1]: Started Phosphor Hwmon Poller.
Jul 29 02:32:19 witherspoon systemd[1]: xyz.openbmc_project.Hwmon@ahb-apb-i2c\x401e78a000-i2c\x2dbus\x40140-ir35221\x4071.service: Unit not needed anymore. Stopping.
Jul 29 02:32:19 witherspoon systemd[1]: Stopping Phosphor Hwmon Poller...
Jul 29 02:32:19 witherspoon systemd[1]: Stopped Phosphor Hwmon Poller.
Jul 29 02:32:19 witherspoon systemd[1]: Started Phosphor Hwmon Poller.
Jul 29 02:32:19 witherspoon systemd[1]: xyz.openbmc_project.Hwmon@ahb-apb-i2c\x401e78a000-i2c\x2dbus\x40140-ir35221\x4070.service: Unit not needed anymore. Stopping.
Jul 29 02:32:19 witherspoon systemd[1]: Stopping Phosphor Hwmon Poller...
Jul 29 02:32:19 witherspoon systemd[1]: Stopped Phosphor Hwmon Poller.
Jul 29 02:32:19 witherspoon systemd[1]: Started Phosphor Hwmon Poller.
Jul 29 02:32:19 witherspoon systemd[1]: xyz.openbmc_project.Hwmon@ahb-apb-i2c\x401e78a000-i2c\x2dbus\x40180-ir35221\x4070.service: Unit not needed anymore. Stopping.
Jul 29 02:32:19 witherspoon systemd[1]: Stopping Phosphor Hwmon Poller...
Jul 29 02:32:19 witherspoon systemd[1]: Starting Perform power workarounds on VRMs...
Jul 29 02:32:19 witherspoon systemd[1]: Starting Assert power_on LED...
Jul 29 02:32:19 witherspoon systemd[1]: Stopped Phosphor Hwmon Poller.
Jul 29 02:32:19 witherspoon systemd[1]: Stopped Phosphor Hwmon Poller.
Jul 29 02:32:19 witherspoon systemd[1]: Stopped Phosphor Hwmon Poller.
Jul 29 02:32:19 witherspoon systemd[1]: Stopped Phosphor Hwmon Poller.
Jul 29 02:32:20 witherspoon power-workarounds.sh[1208]: Error: Write failed
Jul 29 02:32:20 witherspoon power-workarounds.sh[1208]: Error: Write failed
Jul 29 02:32:20 witherspoon systemd[1]: power-workarounds@0.service: Main process exited, code=exited, status=1/FAILURE
Jul 29 02:32:20 witherspoon systemd[1]: Failed to start Perform power workarounds on VRMs.
Jul 29 02:32:20 witherspoon systemd[1]: Dependency failed for Chassis0 (Power On).
Jul 29 02:32:20 witherspoon systemd[1]: Dependency failed for Start Host0.
Jul 29 02:32:20 witherspoon systemd[1]: obmc-host-start@0.target: Job obmc-host-start@0.target/start failed with result 'dependency'.
Jul 29 02:32:20 witherspoon systemd[1]: obmc-host-start@0.target: Triggering OnFailure= dependencies.
Jul 29 02:32:20 witherspoon systemd[1]: obmc-chassis-poweron@0.target: Job obmc-chassis-poweron@0.target/start failed with result 'dependency'.
Jul 29 02:32:20 witherspoon systemd[1]: obmc-chassis-poweron@0.target: Triggering OnFailure= dependencies.
Jul 29 02:32:20 witherspoon systemd[1]: power-workarounds@0.service: Unit entered failed state.
Jul 29 02:32:20 witherspoon systemd[1]: power-workarounds@0.service: Failed with result 'exit-code'.
Jul 29 02:32:20 witherspoon systemd[1]: Stopped Witherspoon Fan Watchdog Reset.
Jul 29 02:32:20 witherspoon systemd[1]: Created slice system-ir35221\x2doff\x2dunbind.slice.
Jul 29 02:32:20 witherspoon systemd[1]: Stopped target Start Host checkstop monitor.
Jul 29 02:32:20 witherspoon systemd[1]: Stopped power on mode unbind ir35221 device driver devs.
Jul 29 02:32:20 witherspoon systemd[1]: Created slice system-op\x2dwait\x2dpower\x2doff.slice.
Jul 29 02:32:20 witherspoon systemd[1]: Reached target Stop Host0 (Pre).
Jul 29 02:32:20 witherspoon systemd[1]: Reached target Host0 (Stopping).
Jul 29 02:32:20 witherspoon systemd[1]: Reached target Host0 (Stopped).
Jul 29 02:32:20 witherspoon systemd[1]: Created slice system-op\x2dpower\x2dstop.slice.
Jul 29 02:32:20 witherspoon systemd[1]: Stopped Reload mboxd during power on.
Jul 29 02:32:20 witherspoon systemd[1]: Created slice system-ir35221\x2doff\x2dbind.slice.
Jul 29 02:32:20 witherspoon systemd[1]: Reached target Power0 Off (Pre).
Jul 29 02:32:20 witherspoon systemd[1]: Starting Wait for Power0 to turn off...
Jul 29 02:32:20 witherspoon systemd[1]: Created slice system-obmc\x2dled\x2dgroup\x2dstop.slice.
Jul 29 02:32:20 witherspoon systemd[1]: Starting Assert power_on LED...
Jul 29 02:32:20 witherspoon systemd[1]: Reached target Stop Host checkstop monitor.
Jul 29 02:32:20 witherspoon systemd[1]: Created slice system-vcs_off_poweroff.slice.
Jul 29 02:32:20 witherspoon systemd[1]: Started Stop Power0.
Jul 29 02:32:20 witherspoon systemd[1]: Starting Power off mode unbind ir35221 device driver devs...
Jul 29 02:32:20 witherspoon systemd[1]: Stopping Phosphor GPIO checkstop monitor...
Jul 29 02:32:20 witherspoon systemd[1]: Reached target Stop Hosti (Pre).
Jul 29 02:32:20 witherspoon systemd[1]: Reached target Hosti (Stopping).
Jul 29 02:32:20 witherspoon systemd[1]: Stopping Phosphor poweron watchdog...
Jul 29 02:32:20 witherspoon systemd[1]: Reached target Hosti (Stopped).
Jul 29 02:32:20 witherspoon systemd[1]: Reached target Poweri Off (Pre).
Jul 29 02:32:20 witherspoon systemd[1]: Reached target Poweri Off.
Jul 29 02:32:20 witherspoon systemd[1]: Stopped Disable UCD VCS rails.
Jul 29 02:32:21 witherspoon systemd[1]: Stopped Phosphor poweron watchdog.
