-- Logs begin at Wed 2017-07-12 06:06:14 UTC, end at Wed 2017-07-12 06:23:00 UTC. --
Jul 12 06:06:14 witherspoon kernel: Booting Linux on physical CPU 0x0
Jul 12 06:06:14 witherspoon kernel: Linux version 4.10.17-7858cdff46b6d8aa4a4f88884a0623ff50fb78c9 (jenkins@hudson) (gcc version 6.2.0 (GCC) ) #1 Wed Jul 12 05:48:37 UTC 2017
Jul 12 06:06:14 witherspoon kernel: CPU: ARMv6-compatible processor [410fb767] revision 7 (ARMv7), cr=00c5387d
Jul 12 06:06:14 witherspoon kernel: CPU: PIPT / VIPT nonaliasing data cache, VIPT nonaliasing instruction cache
Jul 12 06:06:14 witherspoon kernel: OF: fdt:Machine model: Witherspoon BMC
Jul 12 06:06:14 witherspoon kernel: Memory policy: Data cache writeback
Jul 12 06:06:14 witherspoon kernel: SOC Rev: 04030303
Jul 12 06:06:14 witherspoon kernel: On node 0 totalpages: 110592
Jul 12 06:06:14 witherspoon kernel: free_area_init_node: node 0, pgdat 805f9514, node_mem_map 9ec1a000
Jul 12 06:06:14 witherspoon kernel:   Normal zone: 992 pages used for memmap
Jul 12 06:06:14 witherspoon kernel:   Normal zone: 0 pages reserved
Jul 12 06:06:14 witherspoon kernel:   Normal zone: 110592 pages, LIFO batch:31
Jul 12 06:06:14 witherspoon kernel: pcpu-alloc: s0 r0 d32768 u32768 alloc=1*32768
Jul 12 06:06:14 witherspoon kernel: pcpu-alloc: [0] 0 
Jul 12 06:06:14 witherspoon kernel: Built 1 zonelists in Zone order, mobility grouping on.  Total pages: 109600
Jul 12 06:06:14 witherspoon kernel: Kernel command line: console=ttyS4,115200n8 root=/dev/ram rw
Jul 12 06:06:14 witherspoon kernel: PID hash table entries: 2048 (order: 1, 8192 bytes)
Jul 12 06:06:14 witherspoon kernel: Dentry cache hash table entries: 65536 (order: 6, 262144 bytes)
Jul 12 06:06:14 witherspoon kernel: Inode-cache hash table entries: 32768 (order: 5, 131072 bytes)
Jul 12 06:06:14 witherspoon kernel: Memory: 430472K/442368K available (4062K kernel code, 280K rwdata, 1172K rodata, 284K init, 111K bss, 11896K reserved, 0K cma-reserved)
Jul 12 06:06:14 witherspoon kernel: Virtual kernel memory layout:
                                        vector  : 0xffff0000 - 0xffff1000   (   4 kB)
                                        fixmap  : 0xffc00000 - 0xfff00000   (3072 kB)
                                        vmalloc : 0x9f800000 - 0xff800000   (1536 MB)
                                        lowmem  : 0x80000000 - 0x9f000000   ( 496 MB)
                                          .text : 0x80008000 - 0x803ffcc0   (4064 kB)
                                          .init : 0x8057f000 - 0x805c6000   ( 284 kB)
                                          .data : 0x805c6000 - 0x8060c2a8   ( 281 kB)
                                           .bss : 0x8060c2a8 - 0x80628158   ( 112 kB)
Jul 12 06:06:14 witherspoon kernel: NR_IRQS:16 nr_irqs:16 16
Jul 12 06:06:14 witherspoon kernel: i2c controller registered, irq 16
Jul 12 06:06:14 witherspoon kernel: clocksource: moxart_timer: mask: 0xffffffff max_cycles: 0xffffffff, max_idle_ns: 77222644334 ns
Jul 12 06:06:14 witherspoon kernel: sched_clock: 32 bits at 100 Hz, resolution 10000000ns, wraps every 21474836475000000ns
Jul 12 06:06:14 witherspoon kernel: Calibrating delay loop... 789.70 BogoMIPS (lpj=3948544)
Jul 12 06:06:14 witherspoon kernel: pid_max: default: 32768 minimum: 301
Jul 12 06:06:14 witherspoon kernel: Mount-cache hash table entries: 1024 (order: 0, 4096 bytes)
Jul 12 06:06:14 witherspoon kernel: Mountpoint-cache hash table entries: 1024 (order: 0, 4096 bytes)
Jul 12 06:06:14 witherspoon kernel: CPU: Testing write buffer coherency: ok
Jul 12 06:06:14 witherspoon kernel: ftrace: allocating 14932 entries in 44 pages
Jul 12 06:06:14 witherspoon kernel: Setting up static identity map for 0x80008200 - 0x8000825c
Jul 12 06:06:14 witherspoon kernel: devtmpfs: initialized
Jul 12 06:06:14 witherspoon kernel: clocksource: jiffies: mask: 0xffffffff max_cycles: 0xffffffff, max_idle_ns: 19112604462750000 ns
Jul 12 06:06:14 witherspoon kernel: futex hash table entries: 256 (order: -1, 3072 bytes)
Jul 12 06:06:14 witherspoon kernel: pinctrl core: initialized pinctrl subsystem
Jul 12 06:06:14 witherspoon kernel: NET: Registered protocol family 16
Jul 12 06:06:14 witherspoon kernel: DMA: preallocated 256 KiB pool for atomic coherent allocations
Jul 12 06:06:14 witherspoon kernel: usbcore: registered new interface driver usbfs
Jul 12 06:06:14 witherspoon kernel: usbcore: registered new interface driver hub
Jul 12 06:06:14 witherspoon kernel: usbcore: registered new device driver usb
Jul 12 06:06:14 witherspoon kernel: clocksource: Switched to clocksource moxart_timer
Jul 12 06:06:14 witherspoon kernel: NET: Registered protocol family 2
Jul 12 06:06:14 witherspoon kernel: TCP established hash table entries: 4096 (order: 2, 16384 bytes)
Jul 12 06:06:14 witherspoon kernel: TCP bind hash table entries: 4096 (order: 2, 16384 bytes)
Jul 12 06:06:14 witherspoon kernel: TCP: Hash tables configured (established 4096 bind 4096)
Jul 12 06:06:14 witherspoon kernel: UDP hash table entries: 256 (order: 0, 4096 bytes)
Jul 12 06:06:14 witherspoon kernel: UDP-Lite hash table entries: 256 (order: 0, 4096 bytes)
Jul 12 06:06:14 witherspoon kernel: NET: Registered protocol family 1
Jul 12 06:06:14 witherspoon kernel: Trying to unpack rootfs image as initramfs...
Jul 12 06:06:14 witherspoon kernel: Freeing initrd memory: 1544K
Jul 12 06:06:14 witherspoon kernel: workingset: timestamp_bits=30 max_order=17 bucket_order=0
Jul 12 06:06:14 witherspoon kernel: squashfs: version 4.0 (2009/01/31) Phillip Lougher
Jul 12 06:06:14 witherspoon kernel: jffs2: version 2.2. (SUMMARY)  © 2001-2006 Red Hat, Inc.
Jul 12 06:06:14 witherspoon kernel: Block layer SCSI generic (bsg) driver version 0.4 loaded (major 250)
Jul 12 06:06:14 witherspoon kernel: io scheduler noop registered
Jul 12 06:06:14 witherspoon kernel: io scheduler deadline registered
Jul 12 06:06:14 witherspoon kernel: io scheduler cfq registered (default)
Jul 12 06:06:14 witherspoon kernel: ipmi-bt-host 1e789140.ibt: Found bt bmc device
Jul 12 06:06:14 witherspoon kernel: ipmi-bt-host 1e789140.ibt: Using IRQ 22
Jul 12 06:06:14 witherspoon kernel: Serial: 8250/16550 driver, 6 ports, IRQ sharing enabled
Jul 12 06:06:14 witherspoon kernel: 1e783000.serial: ttyS0 at MMIO 0x1e783000 (irq = 23, base_baud = 1500000) is a 16550A
Jul 12 06:06:14 witherspoon kernel: 1e78d000.serial: ttyS1 at MMIO 0x1e78d000 (irq = 24, base_baud = 1500000) is a 16550A
Jul 12 06:06:14 witherspoon kernel: 1e784000.serial: ttyS4 at MMIO 0x1e784000 (irq = 25, base_baud = 1500000) is a 16550A
Jul 12 06:06:14 witherspoon kernel: console [ttyS4] enabled
Jul 12 06:06:14 witherspoon kernel: 1e787000.vuart: ttyS2 at MMIO 0x1e787000 (irq = 22, base_baud = 1500000) is a 16550A
Jul 12 06:06:14 witherspoon kernel: timeriomem_rng 1e6e2078.hwrng: 32bits from 0xf00e2078 @ 1us
Jul 12 06:06:14 witherspoon kernel: random: fast init done
Jul 12 06:06:14 witherspoon kernel: brd: module loaded
Jul 12 06:06:14 witherspoon kernel: random: crng init done
Jul 12 06:06:14 witherspoon kernel: loop: module loaded
Jul 12 06:06:14 witherspoon kernel: aspeed-lpc-ctrl 1e789080.lpc-ctrl: Loaded at 0x98000000 (0x04000000)
Jul 12 06:06:14 witherspoon kernel: aspeed-smc 1e620000.flash-controller: Using IRQ 18
Jul 12 06:06:14 witherspoon kernel: aspeed-smc 1e620000.flash-controller: DMA support disabled.
Jul 12 06:06:14 witherspoon kernel: aspeed-smc 1e620000.flash-controller: mx25l25635e (32768 Kbytes)
Jul 12 06:06:14 witherspoon kernel: aspeed-smc 1e620000.flash-controller: CE0 window [ 0x20000000 - 0x22000000 ] 32MB
Jul 12 06:06:14 witherspoon kernel: aspeed-smc 1e620000.flash-controller: CE1 window [ 0x22000000 - 0x2a000000 ] 128MB
Jul 12 06:06:14 witherspoon kernel: 5 ofpart partitions found on MTD device bmc
Jul 12 06:06:14 witherspoon kernel: Creating 5 MTD partitions on "bmc":
Jul 12 06:06:14 witherspoon kernel: 0x000000000000-0x000000060000 : "u-boot"
Jul 12 06:06:14 witherspoon kernel: 0x000000060000-0x000000080000 : "u-boot-env"
Jul 12 06:06:14 witherspoon kernel: 0x000000080000-0x0000004c0000 : "kernel"
Jul 12 06:06:14 witherspoon kernel: 0x0000004c0000-0x000001c00000 : "rofs"
Jul 12 06:06:14 witherspoon kernel: 0x000001c00000-0x000002000000 : "rwfs"
Jul 12 06:06:14 witherspoon kernel: aspeed-smc 1e620000.flash-controller: mx25l25635e (32768 Kbytes)
Jul 12 06:06:14 witherspoon kernel: aspeed-smc 1e620000.flash-controller: CE1 window [ 0x22000000 - 0x24000000 ] 32MB
Jul 12 06:06:14 witherspoon kernel: aspeed-smc 1e620000.flash-controller: CE2 window [ 0x24000000 - 0x2c000000 ] 128MB
Jul 12 06:06:14 witherspoon kernel: aspeed-smc 1e630000.flash-controller: mx66l1g45g (131072 Kbytes)
Jul 12 06:06:14 witherspoon kernel: aspeed-smc 1e630000.flash-controller: CE0 window resized to 120MB (AST2500 HW quirk)
Jul 12 06:06:14 witherspoon kernel: aspeed-smc 1e630000.flash-controller: CE0 window [ 0x30000000 - 0x37800000 ] 120MB
Jul 12 06:06:14 witherspoon kernel: aspeed-smc 1e630000.flash-controller: CE0 window too small for chip 128MB
Jul 12 06:06:14 witherspoon kernel: aspeed-smc 1e630000.flash-controller: CE1 window [ 0x37800000 - 0x38000000 ] 8MB
Jul 12 06:06:14 witherspoon kernel: libphy: Fixed MDIO Bus: probed
Jul 12 06:06:14 witherspoon kernel: ftgmac100 1e660000.ethernet: Read MAC address 70:e2:84:14:23:e1 from chip
Jul 12 06:06:14 witherspoon kernel: ftgmac100 1e660000.ethernet: Using NCSI interface
Jul 12 06:06:14 witherspoon kernel: ftgmac100 1e660000.ethernet eth0: irq 20, mapped at f0060000
Jul 12 06:06:14 witherspoon kernel: ehci_hcd: USB 2.0 'Enhanced' Host Controller (EHCI) Driver
Jul 12 06:06:14 witherspoon kernel: ehci-platform: EHCI generic platform driver
Jul 12 06:06:14 witherspoon kernel:  fsi0: can't read slave 00:00 -5
Jul 12 06:06:14 witherspoon kernel: i2c /dev entries driver
Jul 12 06:06:14 witherspoon kernel: aspeed-i2c-bus 1e78a0c0.i2c-bus: i2c bus 2 registered, irq 26
Jul 12 06:06:14 witherspoon kernel: aspeed-i2c-bus 1e78a100.i2c-bus: i2c bus 3 registered, irq 27
Jul 12 06:06:14 witherspoon kernel: aspeed-i2c-bus 1e78a140.i2c-bus: i2c bus 4 registered, irq 28
Jul 12 06:06:14 witherspoon kernel: aspeed-i2c-bus 1e78a180.i2c-bus: i2c bus 5 registered, irq 29
Jul 12 06:06:14 witherspoon kernel: aspeed-i2c-bus 1e78a380.i2c-bus: i2c bus 9 registered, irq 30
Jul 12 06:06:14 witherspoon kernel: aspeed-i2c-bus 1e78a3c0.i2c-bus: i2c bus 10 registered, irq 31
Jul 12 06:06:14 witherspoon kernel: rtc-rv8803 11-0032: An alarm maybe have been missed.
Jul 12 06:06:14 witherspoon kernel: rtc-rv8803 11-0032: rtc core: registered rx8900 as rtc0
Jul 12 06:06:14 witherspoon kernel: at24 11-0051: 8192 byte 24c64 EEPROM, writable, 1 bytes/write
Jul 12 06:06:14 witherspoon kernel: aspeed-i2c-bus 1e78a400.i2c-bus: i2c bus 11 registered, irq 32
Jul 12 06:06:14 witherspoon kernel: aspeed-i2c-bus 1e78a440.i2c-bus: i2c bus 12 registered, irq 33
Jul 12 06:06:14 witherspoon kernel: aspeed-i2c-bus 1e78a480.i2c-bus: i2c bus 13 registered, irq 34
Jul 12 06:06:14 witherspoon kernel: Driver for 1-wire Dallas network protocol.
Jul 12 06:06:14 witherspoon kernel: lm75 9-004a: hwmon0: sensor 'tmp275'
Jul 12 06:06:14 witherspoon kernel: ucd9000 11-0064: Device ID UCD90160|2.3.4.0000|110603
Jul 12 06:06:14 witherspoon kernel: leds-pca955x 11-0060: leds-pca955x: Using pca9552 16-bit LED driver at slave address 0x60
Jul 12 06:06:14 witherspoon kernel: leds-pca955x 11-0060: gpios 264...279
Jul 12 06:06:14 witherspoon kernel: usbcore: registered new interface driver usbhid
Jul 12 06:06:14 witherspoon kernel: usbhid: USB HID core driver
Jul 12 06:06:14 witherspoon kernel: dps310: probe of 3-0076 failed with error -5
Jul 12 06:06:14 witherspoon kernel: NET: Registered protocol family 10
Jul 12 06:06:14 witherspoon kernel: Segment Routing with IPv6
Jul 12 06:06:14 witherspoon kernel: NET: Registered protocol family 17
Jul 12 06:06:14 witherspoon kernel: 8021q: 802.1Q VLAN Support v1.8
Jul 12 06:06:14 witherspoon kernel: console [netcon0] enabled
Jul 12 06:06:14 witherspoon kernel: netconsole: network logging started
Jul 12 06:06:14 witherspoon kernel: input: gpio-keys as /devices/platform/gpio-keys/input/input0
Jul 12 06:06:14 witherspoon kernel: rtc-rv8803 11-0032: setting system clock to 2017-07-12 06:06:04 UTC (1499839564)
Jul 12 06:06:14 witherspoon kernel: Freeing unused kernel memory: 284K
Jul 12 06:06:14 witherspoon kernel: This architecture does not have kernel memory protection.
Jul 12 06:06:14 witherspoon kernel: jffs2: notice: (516) jffs2_build_xattr_subsystem: complete building xattr subsystem, 0 of xdatum (0 unchecked, 0 orphan) and 0 of xref (0 dead, 0 orphan) found.
Jul 12 06:06:14 witherspoon systemd[1]: Failed to insert module 'autofs4': No such file or directory
Jul 12 06:06:14 witherspoon systemd[1]: systemd 232 running in system mode. (+PAM -AUDIT -SELINUX -IMA -APPARMOR -SMACK +SYSVINIT -UTMP -LIBCRYPTSETUP -GCRYPT -GNUTLS +ACL +XZ -LZ4 -SECCOMP +BLKID -ELFUTILS +KMOD -IDN)
Jul 12 06:06:14 witherspoon systemd[1]: Detected architecture arm.
Jul 12 06:06:14 witherspoon systemd[1]: Set hostname to <witherspoon>.
Jul 12 06:06:14 witherspoon systemd[1]: Listening on Network Service Netlink Socket.
Jul 12 06:06:14 witherspoon systemd[1]: Reached target Remote File Systems.
Jul 12 06:06:14 witherspoon systemd[1]: Listening on udev Control Socket.
Jul 12 06:06:14 witherspoon systemd[1]: Started Dispatch Password Requests to Console Directory Watch.
Jul 12 06:06:14 witherspoon systemd[1]: Listening on Syslog Socket.
Jul 12 06:06:14 witherspoon systemd[1]: Listening on /dev/initctl Compatibility Named Pipe.
Jul 12 06:06:14 witherspoon systemd[1]: Listening on udev Kernel Socket.
Jul 12 06:06:14 witherspoon systemd[1]: Reached target Slices.
Jul 12 06:06:14 witherspoon systemd[1]: Starting udev Coldplug all Devices...
Jul 12 06:06:14 witherspoon systemd[1]: dev-hugepages.mount: Couldn't determine result for ConditionVirtualization=!private-users, assuming failed: No such file or directory
Jul 12 06:06:14 witherspoon systemd[1]: Created slice system-phosphor\x2dcooling\x2dtype.slice.
Jul 12 06:06:14 witherspoon systemd[1]: Starting Journal Service...
Jul 12 06:06:14 witherspoon systemd[1]: Created slice system-op\x2dreset\x2dchassis\x2don.slice.
Jul 12 06:06:14 witherspoon systemd[1]: Mounting Debug File System...
Jul 12 06:06:14 witherspoon systemd-journald[540]: Journal started
Jul 12 06:06:14 witherspoon systemd-journald[540]: Runtime journal (/run/log/journal/169f9b5a822f4338824a4e146beb5550) is 0B, max 0B, 0B free.
Jul 12 06:06:14 witherspoon systemd-sysctl[537]: Couldn't write '16' to 'kernel/sysrq', ignoring: No such file or directory
Jul 12 06:06:14 witherspoon systemd-sysctl[537]: Couldn't write 'fq_codel' to 'net/core/default_qdisc', ignoring: No such file or directory
Jul 12 06:06:14 witherspoon systemd[1]: Starting Remount Root and Kernel File Systems...
Jul 12 06:06:15 witherspoon systemd[1]: Mounted Debug File System.
Jul 12 06:06:15 witherspoon systemd[1]: Mounted Temporary Directory.
Jul 12 06:06:15 witherspoon systemd[1]: Started Apply Kernel Variables.
Jul 12 06:06:15 witherspoon systemd[1]: Started Remount Root and Kernel File Systems.
Jul 12 06:06:16 witherspoon systemd[1]: Starting Create System Users...
Jul 12 06:06:16 witherspoon systemd[1]: Starting Flush Journal to Persistent Storage...
Jul 12 06:06:16 witherspoon systemd[1]: Started udev Coldplug all Devices.
Jul 12 06:06:17 witherspoon systemd[1]: Started Create System Users.
Jul 12 06:06:17 witherspoon systemd[1]: Starting Create Static Device Nodes in /dev...
Jul 12 06:06:17 witherspoon systemd-journald[540]: Runtime journal (/run/log/journal/169f9b5a822f4338824a4e146beb5550) is 0B, max 0B, 0B free.
Jul 12 06:06:17 witherspoon systemd[1]: Started Flush Journal to Persistent Storage.
Jul 12 06:06:17 witherspoon systemd[1]: Started Create Static Device Nodes in /dev.
Jul 12 06:06:18 witherspoon systemd[1]: Starting udev Kernel Device Manager...
Jul 12 06:06:18 witherspoon systemd[1]: Reached target Local File Systems (Pre).
Jul 12 06:06:18 witherspoon systemd[1]: Mounting /var/volatile...
Jul 12 06:06:18 witherspoon systemd[1]: Mounted /var/volatile.
Jul 12 06:06:18 witherspoon systemd[1]: Reached target Local File Systems.
Jul 12 06:06:18 witherspoon systemd[1]: Starting Create Volatile Files and Directories...
Jul 12 06:06:18 witherspoon systemd[1]: Starting Rebuild Journal Catalog...
Jul 12 06:06:18 witherspoon systemd[1]: Starting Load/Save Random Seed...
Jul 12 06:06:18 witherspoon systemd[1]: Started Load/Save Random Seed.
Jul 12 06:06:19 witherspoon systemd-tmpfiles[876]: "/var/tmp" already exists and is not a directory.
Jul 12 06:06:19 witherspoon systemd-tmpfiles[876]: "/var/log" already exists and is not a directory.
Jul 12 06:06:19 witherspoon systemd[1]: Started Create Volatile Files and Directories.
Jul 12 06:06:19 witherspoon systemd[1]: Started Rebuild Journal Catalog.
Jul 12 06:06:19 witherspoon systemd[1]: Starting Update is Completed...
Jul 12 06:06:19 witherspoon systemd[1]: Starting Network Time Synchronization...
Jul 12 06:06:19 witherspoon systemd[1]: Starting Run pending postinsts...
Jul 12 06:06:19 witherspoon systemd[1]: Started Network Time Synchronization.
Jul 12 06:06:19 witherspoon systemd[1]: Started udev Kernel Device Manager.
Jul 12 06:06:19 witherspoon systemd[1]: Reached target System Time Synchronized.
Jul 12 06:06:19 witherspoon systemd[1]: Started Update is Completed.
Jul 12 06:06:20 witherspoon systemd[1]: Found device /dev/aspeed-lpc-ctrl.
Jul 12 06:06:20 witherspoon systemd[1]: Found device /dev/aspeed-mbox.
Jul 12 06:06:20 witherspoon systemd[1]: Found device /dev/ttyS4.
Jul 12 06:06:20 witherspoon systemd[1]: Found device /dev/ttyVUART0.
Jul 12 06:06:20 witherspoon systemd[1]: dev-hugepages.mount: Couldn't determine result for ConditionVirtualization=!private-users, assuming failed: No such file or directory
Jul 12 06:06:20 witherspoon systemd[1]: Created slice system-xyz.openbmc_project.Hwmon.slice.
Jul 12 06:06:21 witherspoon systemd[1]: dev-hugepages.mount: Couldn't determine result for ConditionVirtualization=!private-users, assuming failed: No such file or directory
Jul 12 06:06:21 witherspoon systemd[1]: dev-hugepages.mount: Couldn't determine result for ConditionVirtualization=!private-users, assuming failed: No such file or directory
Jul 12 06:06:21 witherspoon systemd[1]: dev-hugepages.mount: Couldn't determine result for ConditionVirtualization=!private-users, assuming failed: No such file or directory
Jul 12 06:06:21 witherspoon systemd[1]: dev-hugepages.mount: Couldn't determine result for ConditionVirtualization=!private-users, assuming failed: No such file or directory
Jul 12 06:06:21 witherspoon systemd[1]: dev-hugepages.mount: Couldn't determine result for ConditionVirtualization=!private-users, assuming failed: No such file or directory
Jul 12 06:06:22 witherspoon systemd[1]: Created slice system-xyz.openbmc_project.led.controller.slice.
Jul 12 06:06:22 witherspoon systemd[1]: dev-hugepages.mount: Couldn't determine result for ConditionVirtualization=!private-users, assuming failed: No such file or directory
Jul 12 06:06:22 witherspoon run-postinsts[884]: Running postinst /etc/rpm-postinsts/libglib-2.0-0...
Jul 12 06:06:24 witherspoon run-postinsts[884]: rm: can't remove '/etc/rpm-postinsts': Invalid argument
Jul 12 06:06:24 witherspoon run-postinsts[884]:  Removing any system startup links for run-postinsts ...
Jul 12 06:06:25 witherspoon systemctl[914]: Removed /etc/systemd/system/sysinit.target.wants/run-postinsts.service.
Jul 12 06:06:25 witherspoon systemd[1]: Reloading.
Jul 12 06:06:27 witherspoon systemd[1]: Started Run pending postinsts.
Jul 12 06:06:27 witherspoon systemd[1]: Reached target System Initialization.
Jul 12 06:06:27 witherspoon systemd[1]: Listening on Phosphor Host Console SSH Per-Connection socket.
Jul 12 06:06:27 witherspoon systemd[1]: Listening on Phosphor DBUS Browser socket.
Jul 12 06:06:27 witherspoon systemd[1]: Listening on D-Bus System Message Bus Socket.
Jul 12 06:06:28 witherspoon systemd[1]: Listening on Phosphor Webserver socket.
Jul 12 06:06:28 witherspoon systemd[1]: Listening on phosphor-ipmi-net.socket.
Jul 12 06:06:28 witherspoon systemd[1]: Listening on dropbear.socket.
Jul 12 06:06:28 witherspoon systemd[1]: Started Daily Cleanup of Temporary Directories.
Jul 12 06:06:28 witherspoon systemd[1]: Reached target Timers.
Jul 12 06:06:28 witherspoon systemd[1]: Listening on Avahi mDNS/DNS-SD Stack Activation Socket.
Jul 12 06:06:28 witherspoon systemd[1]: Reached target Sockets.
Jul 12 06:06:28 witherspoon systemd[1]: Reached target Basic System.
Jul 12 06:06:28 witherspoon systemd[1]: Started Phosphor Hwmon Poller.
Jul 12 06:06:28 witherspoon systemd[1]: Starting Phosphor Sensor Manager...
Jul 12 06:06:28 witherspoon systemd[1]: Starting Phosphor IPMI BT DBus Bridge...
Jul 12 06:06:28 witherspoon systemd[1]: Started Phosphor Hwmon Poller.
Jul 12 06:06:28 witherspoon systemd[1]: Starting Phosphor Download Manager...
Jul 12 06:06:28 witherspoon systemd[1]: Started Phosphor Hwmon Poller.
Jul 12 06:06:29 witherspoon systemd[1]: Started Phosphor Hwmon Poller.
Jul 12 06:06:29 witherspoon systemd[1]: Started Phosphor Dump core monitor..
Jul 12 06:06:29 witherspoon systemd[1]: Starting Phosphor Chassis0 Control...
Jul 12 06:06:29 witherspoon systemd[1]: Starting Phosphor DBus Service Discovery Manager...
Jul 12 06:06:29 witherspoon systemd[1]: Starting Phosphor BMC0 Control...
Jul 12 06:06:29 witherspoon systemd[1]: Starting Phosphor Network Manager...
Jul 12 06:06:29 witherspoon systemd[1]: Starting Phosphor User Manager...
Jul 12 06:06:29 witherspoon systemd[1]: Reached target Containers.
Jul 12 06:06:29 witherspoon systemd[1]: Started Phosphor Hwmon Poller.
Jul 12 06:06:29 witherspoon systemd[1]: Started Kernel Logging Service.
Jul 12 06:06:29 witherspoon systemd[1]: Starting Avahi mDNS/DNS-SD Stack...
Jul 12 06:06:29 witherspoon systemd[1]: Started Phosphor sysfs LED controller.
Jul 12 06:06:29 witherspoon systemd[1]: Starting Phosphor Inventory Manager...
Jul 12 06:06:29 witherspoon systemd[1]: Starting Phosphor LED Group Management Daemon...
Jul 12 06:06:29 witherspoon systemd[1]: Starting OpenBMC Software Update Manager...
Jul 12 06:06:29 witherspoon systemd[1]: Starting Phosphor Log Manager...
Jul 12 06:06:29 witherspoon systemd[1]: Started Phosphor Console Muxer listening on device /dev/ttyVUART0.
Jul 12 06:06:29 witherspoon systemd[1]: Started Phosphor sysfs LED controller.
Jul 12 06:06:29 witherspoon systemd[1]: Started Phosphor MBOX Daemon.
Jul 12 06:06:29 witherspoon systemd[1]: Started Phosphor sysfs LED controller.
Jul 12 06:06:30 witherspoon systemd[1]: Starting Phosphor Download Manager...
Jul 12 06:06:30 witherspoon systemd[1]: Started D-Bus System Message Bus.
Jul 12 06:06:31 witherspoon kernel[940]: klogd started: BusyBox v1.24.1 (2017-06-16 19:26:49 UTC)
Jul 12 06:06:31 witherspoon kernel[940]: [    0.000000] Booting Linux on physical CPU 0x0
Jul 12 06:06:31 witherspoon kernel[940]: [    0.000000] Linux version 4.10.17-7858cdff46b6d8aa4a4f88884a0623ff50fb78c9 (jenkins@hudson) (gcc version 6.2.0 (GCC) ) #1 Wed Jul 12 05:48:37 UTC 2017
Jul 12 06:06:31 witherspoon kernel[940]: [    0.000000] CPU: ARMv6-compatible processor [410fb767] revision 7 (ARMv7), cr=00c5387d
Jul 12 06:06:31 witherspoon kernel[940]: [    0.000000] CPU: PIPT / VIPT nonaliasing data cache, VIPT nonaliasing instruction cache
Jul 12 06:06:31 witherspoon kernel[940]: [    0.000000] OF: fdt:Machine model: Witherspoon BMC
Jul 12 06:06:31 witherspoon kernel[940]: [    0.000000] Memory policy: Data cache writeback
Jul 12 06:06:31 witherspoon kernel[940]: [    0.000000] SOC Rev: 04030303
Jul 12 06:06:31 witherspoon kernel[940]: [    0.000000] On node 0 totalpages: 110592
Jul 12 06:06:31 witherspoon kernel[940]: [    0.000000] free_area_init_node: node 0, pgdat 805f9514, node_mem_map 9ec1a000
Jul 12 06:06:31 witherspoon kernel[940]: [    0.000000]   Normal zone: 992 pages used for memmap
Jul 12 06:06:31 witherspoon kernel[940]: [    0.000000]   Normal zone: 0 pages reserved
Jul 12 06:06:31 witherspoon kernel[940]: [    0.000000]   Normal zone: 110592 pages, LIFO batch:31
Jul 12 06:06:31 witherspoon kernel[940]: [    0.000000] pcpu-alloc: s0 r0 d32768 u32768 alloc=1*32768
Jul 12 06:06:31 witherspoon kernel[940]: [    0.000000] pcpu-alloc: [0] 0
Jul 12 06:06:31 witherspoon kernel[940]: [    0.000000] Built 1 zonelists in Zone order, mobility grouping on.  Total pages: 109600
Jul 12 06:06:31 witherspoon kernel[940]: [    0.000000] Kernel command line: console=ttyS4,115200n8 root=/dev/ram rw
Jul 12 06:06:31 witherspoon kernel[940]: [    0.000000] PID hash table entries: 2048 (order: 1, 8192 bytes)
Jul 12 06:06:31 witherspoon kernel[940]: [    0.000000] Dentry cache hash table entries: 65536 (order: 6, 262144 bytes)
Jul 12 06:06:31 witherspoon kernel[940]: [    0.000000] Inode-cache hash table entries: 32768 (order: 5, 131072 bytes)
Jul 12 06:06:31 witherspoon kernel[940]: [    0.000000] Memory: 430472K/442368K available (4062K kernel code, 280K rwdata, 1172K rodata, 284K init, 111K bss, 11896K reserved, 0K cma-reserved)
Jul 12 06:06:31 witherspoon kernel[940]: [    0.000000] Virtual kernel memory layout:
Jul 12 06:06:31 witherspoon kernel[940]: [    0.000000]     vector  : 0xffff0000 - 0xffff1000   (   4 kB)
Jul 12 06:06:31 witherspoon kernel[940]: [    0.000000]     fixmap  : 0xffc00000 - 0xfff00000   (3072 kB)
Jul 12 06:06:31 witherspoon kernel[940]: [    0.000000]     vmalloc : 0x9f800000 - 0xff800000   (1536 MB)
Jul 12 06:06:31 witherspoon kernel[940]: [    0.000000]     lowmem  : 0x80000000 - 0x9f000000   ( 496 MB)
Jul 12 06:06:31 witherspoon kernel[940]: [    0.000000]       .text : 0x80008000 - 0x803ffcc0   (4064 kB)
Jul 12 06:06:31 witherspoon kernel[940]: [    0.000000]       .init : 0x8057f000 - 0x805c6000   ( 284 kB)
Jul 12 06:06:31 witherspoon kernel[940]: [    0.000000]       .data : 0x805c6000 - 0x8060c2a8   ( 281 kB)
Jul 12 06:06:31 witherspoon kernel[940]: [    0.000000]        .bss : 0x8060c2a8 - 0x80628158   ( 112 kB)
Jul 12 06:06:31 witherspoon kernel[940]: [    0.000000] NR_IRQS:16 nr_irqs:16 16
Jul 12 06:06:31 witherspoon kernel[940]: [    0.000000] i2c controller registered, irq 16
Jul 12 06:06:31 witherspoon kernel[940]: [    0.000000] clocksource: moxart_timer: mask: 0xffffffff max_cycles: 0xffffffff, max_idle_ns: 77222644334 ns
Jul 12 06:06:31 witherspoon kernel[940]: [    0.000000] sched_clock: 32 bits at 100 Hz, resolution 10000000ns, wraps every 21474836475000000ns
Jul 12 06:06:31 witherspoon kernel[940]: [    0.090000] Calibrating delay loop... 789.70 BogoMIPS (lpj=3948544)
Jul 12 06:06:31 witherspoon kernel[940]: [    0.090000] pid_max: default: 32768 minimum: 301
Jul 12 06:06:31 witherspoon kernel[940]: [    0.090000] Mount-cache hash table entries: 1024 (order: 0, 4096 bytes)
Jul 12 06:06:31 witherspoon kernel[940]: [    0.090000] Mountpoint-cache hash table entries: 1024 (order: 0, 4096 bytes)
Jul 12 06:06:31 witherspoon kernel[940]: [    0.090000] CPU: Testing write buffer coherency: ok
Jul 12 06:06:31 witherspoon kernel[940]: [    0.090000] ftrace: allocating 14932 entries in 44 pages
Jul 12 06:06:31 witherspoon kernel[940]: [    0.120000] Setting up static identity map for 0x80008200 - 0x8000825c
Jul 12 06:06:31 witherspoon kernel[940]: [    0.120000] devtmpfs: initialized
Jul 12 06:06:31 witherspoon kernel[940]: [    0.140000] clocksource: jiffies: mask: 0xffffffff max_cycles: 0xffffffff, max_idle_ns: 19112604462750000 ns
Jul 12 06:06:31 witherspoon kernel[940]: [    0.140000] futex hash table entries: 256 (order: -1, 3072 bytes)
Jul 12 06:06:31 witherspoon kernel[940]: [    0.140000] pinctrl core: initialized pinctrl subsystem
Jul 12 06:06:31 witherspoon kernel[940]: [    0.140000] NET: Registered protocol family 16
Jul 12 06:06:31 witherspoon kernel[940]: [    0.140000] DMA: preallocated 256 KiB pool for atomic coherent allocations
Jul 12 06:06:31 witherspoon kernel[940]: [    0.200000] usbcore: registered new interface driver usbfs
Jul 12 06:06:31 witherspoon kernel[940]: [    0.200000] usbcore: registered new interface driver hub
Jul 12 06:06:31 witherspoon kernel[940]: [    0.200000] usbcore: registered new device driver usb
Jul 12 06:06:31 witherspoon kernel[940]: [    0.210000] clocksource: Switched to clocksource moxart_timer
Jul 12 06:06:31 witherspoon kernel[940]: [    0.230000] NET: Registered protocol family 2
Jul 12 06:06:31 witherspoon kernel[940]: [    0.230000] TCP established hash table entries: 4096 (order: 2, 16384 bytes)
Jul 12 06:06:31 witherspoon kernel[940]: [    0.230000] TCP bind hash table entries: 4096 (order: 2, 16384 bytes)
Jul 12 06:06:31 witherspoon kernel[940]: [    0.230000] TCP: Hash tables configured (established 4096 bind 4096)
Jul 12 06:06:31 witherspoon kernel[940]: [    0.230000] UDP hash table entries: 256 (order: 0, 4096 bytes)
Jul 12 06:06:31 witherspoon kernel[940]: [    0.230000] UDP-Lite hash table entries: 256 (order: 0, 4096 bytes)
Jul 12 06:06:31 witherspoon kernel[940]: [    0.230000] NET: Registered protocol family 1
Jul 12 06:06:31 witherspoon kernel[940]: [    0.230000] Trying to unpack rootfs image as initramfs...
Jul 12 06:06:31 witherspoon kernel[940]: [    1.900000] Freeing initrd memory: 1544K
Jul 12 06:06:31 witherspoon kernel[940]: [    1.900000] workingset: timestamp_bits=30 max_order=17 bucket_order=0
Jul 12 06:06:31 witherspoon kernel[940]: [    1.900000] squashfs: version 4.0 (2009/01/31) Phillip Lougher
Jul 12 06:06:31 witherspoon kernel[940]: [    1.900000] jffs2: version 2.2. (SUMMARY)  © 2001-2006 Red Hat, Inc.
Jul 12 06:06:31 witherspoon kernel[940]: [    1.900000] Block layer SCSI generic (bsg) driver version 0.4 loaded (major 250)
Jul 12 06:06:31 witherspoon kernel[940]: [    1.900000] io scheduler noop registered
Jul 12 06:06:31 witherspoon kernel[940]: [    1.900000] io scheduler deadline registered
Jul 12 06:06:31 witherspoon kernel[940]: [    1.900000] io scheduler cfq registered (default)
Jul 12 06:06:31 witherspoon kernel[940]: [    2.050000] ipmi-bt-host 1e789140.ibt: Found bt bmc device
Jul 12 06:06:31 witherspoon kernel[940]: [    2.050000] ipmi-bt-host 1e789140.ibt: Using IRQ 22
Jul 12 06:06:31 witherspoon kernel[940]: [    2.050000] Serial: 8250/16550 driver, 6 ports, IRQ sharing enabled
Jul 12 06:06:31 witherspoon kernel[940]: [    2.050000] 1e783000.serial: ttyS0 at MMIO 0x1e783000 (irq = 23, base_baud = 1500000) is a 16550A
Jul 12 06:06:31 witherspoon kernel[940]: [    2.050000] 1e78d000.serial: ttyS1 at MMIO 0x1e78d000 (irq = 24, base_baud = 1500000) is a 16550A
Jul 12 06:06:31 witherspoon kernel[940]: [    2.050000] 1e784000.serial: ttyS4 at MMIO 0x1e784000 (irq = 25, base_baud = 1500000) is a 16550A
Jul 12 06:06:31 witherspoon kernel[940]: [    2.400000] console [ttyS4] enabled
Jul 12 06:06:31 witherspoon kernel[940]: [    2.400000] 1e787000.vuart: ttyS2 at MMIO 0x1e787000 (irq = 22, base_baud = 1500000) is a 16550A
Jul 12 06:06:31 witherspoon kernel[940]: [    2.590000] timeriomem_rng 1e6e2078.hwrng: 32bits from 0xf00e2078 @ 1us
Jul 12 06:06:31 witherspoon kernel[940]: [    2.600000] random: fast init done
Jul 12 06:06:31 witherspoon kernel[940]: [    2.640000] brd: module loaded
Jul 12 06:06:31 witherspoon kernel[940]: [    2.660000] random: crng init done
Jul 12 06:06:31 witherspoon kernel[940]: [    2.670000] loop: module loaded
Jul 12 06:06:31 witherspoon kernel[940]: [    2.680000] aspeed-lpc-ctrl 1e789080.lpc-ctrl: Loaded at 0x98000000 (0x04000000)
Jul 12 06:06:31 witherspoon kernel[940]: [    2.690000] aspeed-smc 1e620000.flash-controller: Using IRQ 18
Jul 12 06:06:31 witherspoon kernel[940]: [    2.690000] aspeed-smc 1e620000.flash-controller: DMA support disabled.
Jul 12 06:06:31 witherspoon kernel[940]: [    2.690000] aspeed-smc 1e620000.flash-controller: mx25l25635e (32768 Kbytes)
Jul 12 06:06:31 witherspoon kernel[940]: [    2.710000] aspeed-smc 1e620000.flash-controller: CE0 window [ 0x20000000 - 0x22000000 ] 32MB
Jul 12 06:06:31 witherspoon kernel[940]: [    2.710000] aspeed-smc 1e620000.flash-controller: CE1 window [ 0x22000000 - 0x2a000000 ] 128MB
Jul 12 06:06:31 witherspoon kernel[940]: [    2.710000] 5 ofpart partitions found on MTD device bmc
Jul 12 06:06:31 witherspoon kernel[940]: [    2.710000] Creating 5 MTD partitions on "bmc":
Jul 12 06:06:31 witherspoon kernel[940]: [    2.740000] 0x000000000000-0x000000060000 : "u-boot"
Jul 12 06:06:31 witherspoon kernel[940]: [    2.740000] 0x000000060000-0x000000080000 : "u-boot-env"
Jul 12 06:06:31 witherspoon kernel[940]: [    2.760000] 0x000000080000-0x0000004c0000 : "kernel"
Jul 12 06:06:31 witherspoon kernel[940]: [    2.760000] 0x0000004c0000-0x000001c00000 : "rofs"
Jul 12 06:06:31 witherspoon kernel[940]: [    2.780000] 0x000001c00000-0x000002000000 : "rwfs"
Jul 12 06:06:31 witherspoon kernel[940]: [    2.780000] aspeed-smc 1e620000.flash-controller: mx25l25635e (32768 Kbytes)
Jul 12 06:06:31 witherspoon kernel[940]: [    2.790000] aspeed-smc 1e620000.flash-controller: CE1 window [ 0x22000000 - 0x24000000 ] 32MB
Jul 12 06:06:31 witherspoon kernel[940]: [    2.790000] aspeed-smc 1e620000.flash-controller: CE2 window [ 0x24000000 - 0x2c000000 ] 128MB
Jul 12 06:06:31 witherspoon kernel[940]: [    2.820000] aspeed-smc 1e630000.flash-controller: mx66l1g45g (131072 Kbytes)
Jul 12 06:06:31 witherspoon kernel[940]: [    2.820000] aspeed-smc 1e630000.flash-controller: CE0 window resized to 120MB (AST2500 HW quirk)
Jul 12 06:06:31 witherspoon kernel[940]: [    2.830000] aspeed-smc 1e630000.flash-controller: CE0 window [ 0x30000000 - 0x37800000 ] 120MB
Jul 12 06:06:31 witherspoon kernel[940]: [    2.830000] aspeed-smc 1e630000.flash-controller: CE0 window too small for chip 128MB
Jul 12 06:06:31 witherspoon kernel[940]: [    2.830000] aspeed-smc 1e630000.flash-controller: CE1 window [ 0x37800000 - 0x38000000 ] 8MB
Jul 12 06:06:31 witherspoon kernel[940]: [    3.580000] libphy: Fixed MDIO Bus: probed
Jul 12 06:06:31 witherspoon kernel[940]: [    3.580000] ftgmac100 1e660000.ethernet: Read MAC address 70:e2:84:14:23:e1 from chip
Jul 12 06:06:31 witherspoon kernel[940]: [    3.580000] ftgmac100 1e660000.ethernet: Using NCSI interface
Jul 12 06:06:31 witherspoon kernel[940]: [    3.580000] ftgmac100 1e660000.ethernet eth0: irq 20, mapped at f0060000
Jul 12 06:06:31 witherspoon kernel[940]: [    3.580000] ehci_hcd: USB 2.0 'Enhanced' Host Controller (EHCI) Driver
Jul 12 06:06:31 witherspoon kernel[940]: [    3.580000] ehci-platform: EHCI generic platform driver
Jul 12 06:06:31 witherspoon kernel[940]: [    3.830000]  fsi0: can't read slave 00:00 -5
Jul 12 06:06:31 witherspoon kernel[940]: [    3.830000] i2c /dev entries driver
Jul 12 06:06:31 witherspoon kernel[940]: [    3.830000] aspeed-i2c-bus 1e78a0c0.i2c-bus: i2c bus 2 registered, irq 26
Jul 12 06:06:31 witherspoon kernel[940]: [    3.830000] aspeed-i2c-bus 1e78a100.i2c-bus: i2c bus 3 registered, irq 27
Jul 12 06:06:31 witherspoon kernel[940]: [    3.830000] aspeed-i2c-bus 1e78a140.i2c-bus: i2c bus 4 registered, irq 28
Jul 12 06:06:31 witherspoon kernel[940]: [    3.830000] aspeed-i2c-bus 1e78a180.i2c-bus: i2c bus 5 registered, irq 29
Jul 12 06:06:31 witherspoon kernel[940]: [    3.830000] aspeed-i2c-bus 1e78a380.i2c-bus: i2c bus 9 registered, irq 30
Jul 12 06:06:31 witherspoon kernel[940]: [    3.830000] aspeed-i2c-bus 1e78a3c0.i2c-bus: i2c bus 10 registered, irq 31
Jul 12 06:06:31 witherspoon kernel[940]: [    3.830000] rtc-rv8803 11-0032: An alarm maybe have been missed.
Jul 12 06:06:31 witherspoon kernel[940]: [    3.920000] rtc-rv8803 11-0032: rtc core: registered rx8900 as rtc0
Jul 12 06:06:31 witherspoon kernel[940]: [    3.930000] at24 11-0051: 8192 byte 24c64 EEPROM, writable, 1 bytes/write
Jul 12 06:06:31 witherspoon kernel[940]: [    3.930000] aspeed-i2c-bus 1e78a400.i2c-bus: i2c bus 11 registered, irq 32
Jul 12 06:06:31 witherspoon kernel[940]: [    3.930000] aspeed-i2c-bus 1e78a440.i2c-bus: i2c bus 12 registered, irq 33
Jul 12 06:06:31 witherspoon kernel[940]: [    3.930000] aspeed-i2c-bus 1e78a480.i2c-bus: i2c bus 13 registered, irq 34
Jul 12 06:06:31 witherspoon kernel[940]: [    3.930000] Driver for 1-wire Dallas network protocol.
Jul 12 06:06:31 witherspoon kernel[940]: [    3.930000] lm75 9-004a: hwmon0: sensor 'tmp275'
Jul 12 06:06:31 witherspoon kernel[940]: [    4.400000] ucd9000 11-0064: Device ID UCD90160|2.3.4.0000|110603
Jul 12 06:06:31 witherspoon kernel[940]: [    4.730000] leds-pca955x 11-0060: leds-pca955x: Using pca9552 16-bit LED driver at slave address 0x60
Jul 12 06:06:31 witherspoon kernel[940]: [    4.740000] leds-pca955x 11-0060: gpios 264...279
Jul 12 06:06:31 witherspoon kernel[940]: [    4.740000] usbcore: registered new interface driver usbhid
Jul 12 06:06:31 witherspoon kernel[940]: [    4.750000] usbhid: USB HID core driver
Jul 12 06:06:31 witherspoon kernel[940]: [    4.800000] dps310: probe of 3-0076 failed with error -5
Jul 12 06:06:31 witherspoon kernel[940]: [    4.800000] NET: Registered protocol family 10
Jul 12 06:06:31 witherspoon kernel[940]: [    4.810000] Segment Routing with IPv6
Jul 12 06:06:31 witherspoon kernel[940]: [    4.810000] NET: Registered protocol family 17
Jul 12 06:06:31 witherspoon kernel[940]: [    4.810000] 8021q: 802.1Q VLAN Support v1.8
Jul 12 06:06:31 witherspoon kernel[940]: [    4.830000] console [netcon0] enabled
Jul 12 06:06:31 witherspoon kernel[940]: [    4.830000] netconsole: network logging started
Jul 12 06:06:31 witherspoon kernel[940]: [    4.830000] input: gpio-keys as /devices/platform/gpio-keys/input/input0
Jul 12 06:06:31 witherspoon kernel[940]: [    4.850000] rtc-rv8803 11-0032: setting system clock to 2017-07-12 06:06:04 UTC (1499839564)
Jul 12 06:06:31 witherspoon kernel[940]: [    4.860000] Freeing unused kernel memory: 284K
Jul 12 06:06:31 witherspoon kernel[940]: [    4.860000] This architecture does not have kernel memory protection.
Jul 12 06:06:35 witherspoon systemd[1]: Started Avahi mDNS/DNS-SD Stack.
Jul 12 06:06:31 witherspoon kernel[940]: [    6.540000] jffs2: notice: (516) jffs2_build_xattr_subsystem: complete building xattr subsystem, 0 of xdatum (0 unchecked, 0 orphan) and 0 of xref (0 dead, 0 orphan) found.
Jul 12 06:06:35 witherspoon systemd[1]: Started OpenBMC Software Update Manager.
Jul 12 06:06:31 witherspoon kernel[940]: [    8.650000] systemd[1]: Failed to insert module 'autofs4': No such file or directory
Jul 12 06:06:35 witherspoon systemd[1]: Started Phosphor Log Manager.
Jul 12 06:06:31 witherspoon kernel[940]: [    8.850000] systemd[1]: systemd 232 running in system mode. (+PAM -AUDIT -SELINUX -IMA -APPARMOR -SMACK +SYSVINIT -UTMP -LIBCRYPTSETUP -GCRYPT -GNUTLS +ACL +XZ -LZ4 -SECCOMP +BLKID -ELFUTILS +KMOD -IDN)
Jul 12 06:06:35 witherspoon systemd[1]: Started Phosphor Inventory Manager.
Jul 12 06:06:31 witherspoon kernel[940]: [    8.850000] systemd[1]: Detected architecture arm.
Jul 12 06:06:36 witherspoon systemd[1]: Started Phosphor IPMI BT DBus Bridge.
Jul 12 06:06:31 witherspoon kernel[940]: [    9.000000] systemd[1]: Set hostname to <witherspoon>.
Jul 12 06:06:31 witherspoon kernel[940]: [   10.440000] systemd[1]: Listening on Network Service Netlink Socket.
Jul 12 06:06:31 witherspoon kernel[940]: [   10.590000] systemd[1]: Reached target Remote File Systems.
Jul 12 06:06:31 witherspoon kernel[940]: [   10.640000] systemd[1]: Listening on udev Control Socket.
Jul 12 06:06:31 witherspoon kernel[940]: [   10.670000] systemd[1]: Started Dispatch Password Requests to Console Directory Watch.
Jul 12 06:06:31 witherspoon kernel[940]: [   10.710000] systemd[1]: Listening on Syslog Socket.
Jul 12 06:06:31 witherspoon kernel[940]: [   10.760000] systemd[1]: Listening on /dev/initctl Compatibility Named Pipe.
Jul 12 06:06:31 witherspoon kernel[940]: [   10.810000] systemd[1]: Listening on udev Kernel Socket.
Jul 12 06:06:31 witherspoon kernel[940]: [   13.880000] systemd[1]: Reached target Slices.
Jul 12 06:06:31 witherspoon kernel[940]: [   14.090000] systemd[1]: Starting udev Coldplug all Devices...
Jul 12 06:06:31 witherspoon kernel[940]: [   14.310000] systemd[1]: dev-hugepages.mount: Couldn't determine result for ConditionVirtualization=!private-users, assuming failed: No such file or directory
Jul 12 06:06:31 witherspoon kernel[940]: [   14.310000] systemd[1]: Created slice system-phosphor\x2dcooling\x2dtype.slice.
Jul 12 06:06:31 witherspoon kernel[940]: [   14.540000] systemd[1]: Starting Journal Service...
Jul 12 06:06:31 witherspoon kernel[940]: [   14.770000] systemd[1]: Created slice system-op\x2dreset\x2dchassis\x2don.slice.
Jul 12 06:06:31 witherspoon kernel[940]: [   15.010000] systemd[1]: Mounting Debug File System...
Jul 12 06:06:31 witherspoon kernel[940]: [   15.260000] systemd[1]: Starting Remount Root and Kernel File Systems...
Jul 12 06:06:31 witherspoon kernel[940]: [   15.510000] systemd[1]: Mounted Debug File System.
Jul 12 06:06:31 witherspoon kernel[940]: [   15.770000] systemd[1]: Mounted Temporary Directory.
Jul 12 06:06:31 witherspoon kernel[940]: [   17.780000] systemd-journald[540]: Received request to flush runtime journal from PID 1
Jul 12 06:06:33 witherspoon avahi-daemon[941]: Found user 'avahi' (UID 999) and group 'avahi' (GID 997).
Jul 12 06:06:33 witherspoon avahi-daemon[941]: Successfully dropped root privileges.
Jul 12 06:06:33 witherspoon avahi-daemon[941]: avahi-daemon 0.6.32 starting up.
Jul 12 06:06:35 witherspoon avahi-daemon[941]: Successfully called chroot().
Jul 12 06:06:35 witherspoon avahi-daemon[941]: Successfully dropped remaining capabilities.
Jul 12 06:06:35 witherspoon avahi-daemon[941]: Loading service file /services/obmc_console.service.
Jul 12 06:06:35 witherspoon avahi-daemon[941]: Loading service file /services/phosphor_rest.service.
Jul 12 06:06:35 witherspoon avahi-daemon[941]: Loading service file /services/sftp-ssh.service.
Jul 12 06:06:35 witherspoon avahi-daemon[941]: Loading service file /services/sftp.service.
Jul 12 06:06:35 witherspoon avahi-daemon[941]: Loading service file /services/ssh.service.
Jul 12 06:06:35 witherspoon avahi-daemon[941]: Network interface enumeration completed.
Jul 12 06:06:35 witherspoon avahi-daemon[941]: Server startup complete. Host name is witherspoon.local. Local service cookie is 3309356668.
Jul 12 06:06:35 witherspoon avahi-daemon[941]: Service "witherspoon" (/services/ssh.service) successfully established.
Jul 12 06:06:35 witherspoon avahi-daemon[941]: Service "sftp" (/services/sftp.service) successfully established.
Jul 12 06:06:35 witherspoon avahi-daemon[941]: Service "witherspoon" (/services/sftp-ssh.service) successfully established.
Jul 12 06:06:35 witherspoon avahi-daemon[941]: Service "phosphor_rest" (/services/phosphor_rest.service) successfully established.
Jul 12 06:06:35 witherspoon avahi-daemon[941]: Service "obmc_console" (/services/obmc_console.service) successfully established.
Jul 12 06:06:38 witherspoon systemd[1]: Started Phosphor Download Manager.
Jul 12 06:06:38 witherspoon systemd[1]: Starting Network Service...
Jul 12 06:06:38 witherspoon systemd[1]: Started Phosphor Hwmon Poller.
Jul 12 06:06:38 witherspoon systemd[1]: Started System Logging Service.
Jul 12 06:06:38 witherspoon systemd[1]: Starting Phosphor Dump Manager...
Jul 12 06:06:38 witherspoon systemd[1]: Starting OpenPower Software Update Manager...
Jul 12 06:06:38 witherspoon systemd[1]: Started Phosphor Hwmon Poller.
Jul 12 06:06:38 witherspoon systemd[1]: Started Hardware RNG Entropy Gatherer Daemon.
Jul 12 06:06:38 witherspoon systemd[1]: Started Phosphor Hwmon Poller.
Jul 12 06:06:38 witherspoon systemd[1]: Starting Phosphor Inventory Manager...
Jul 12 06:06:38 witherspoon systemd[1]: Starting Clear one time boot overrides...
Jul 12 06:06:39 witherspoon systemd[1]: Started Clear one time boot overrides.
Jul 12 06:06:39 witherspoon systemd[1]: Started Phosphor LED Group Management Daemon.
Jul 12 06:06:39 witherspoon systemd[1]: Started Phosphor BMC0 Control.
Jul 12 06:06:39 witherspoon systemd[1]: Started OpenPower Software Update Manager.
Jul 12 06:06:39 witherspoon systemd[1]: Starting Phosphor Version Software Manager...
Jul 12 06:06:40 witherspoon systemd[1]: Started Phosphor Version Software Manager.
Jul 12 06:06:41 witherspoon systemd[1]: Started Phosphor Dump Manager.
Jul 12 06:06:43 witherspoon systemd-networkd[957]: Enumeration completed
Jul 12 06:06:43 witherspoon systemd[1]: Started Network Service.
Jul 12 06:06:43 witherspoon systemd[1]: Reached target Network.
Jul 12 06:06:43 witherspoon systemd[1]: Started Lightweight SLP Server.
Jul 12 06:06:43 witherspoon systemd[1]: Starting Permit User Sessions...
Jul 12 06:06:43 witherspoon systemd[1]: Started Permit User Sessions.
Jul 12 06:06:43 witherspoon systemd[1]: Started Serial Getty on ttyS4.
Jul 12 06:06:43 witherspoon systemd[1]: Reached target Login Prompts.
Jul 12 06:06:43 witherspoon systemd[1]: Reached target Multi-User System.
Jul 12 06:06:43 witherspoon systemd-networkd[957]: eth0: IPv6 enabled for interface: Success
Jul 12 06:06:43 witherspoon avahi-daemon[941]: Joining mDNS multicast group on interface eth0.IPv4 with address 9.3.86.161.
Jul 12 06:06:43 witherspoon avahi-daemon[941]: New relevant interface eth0.IPv4 for mDNS.
Jul 12 06:06:43 witherspoon avahi-daemon[941]: Registering new address record for 9.3.86.161 on eth0.IPv4.
Jul 12 06:06:43 witherspoon systemd-networkd[957]: eth0: Gained carrier
Jul 12 06:06:43 witherspoon systemd-timesyncd[883]: Network configuration changed, trying to establish connection.
Jul 12 06:06:45 witherspoon avahi-daemon[941]: Joining mDNS multicast group on interface eth0.IPv6 with address fe80::72e2:84ff:fe14:23e1.
Jul 12 06:06:45 witherspoon systemd-networkd[957]: eth0: Gained IPv6LL
Jul 12 06:06:45 witherspoon avahi-daemon[941]: New relevant interface eth0.IPv6 for mDNS.
Jul 12 06:06:45 witherspoon avahi-daemon[941]: Registering new address record for fe80::72e2:84ff:fe14:23e1 on eth0.*.
Jul 12 06:06:46 witherspoon kernel: ftgmac100 1e660000.ethernet eth0: NCSI interface up
Jul 12 06:06:46 witherspoon kernel[940]: [   47.150000] ftgmac100 1e660000.ethernet eth0: NCSI interface up
Jul 12 06:06:53 witherspoon download_manager.py[951]: Running Download Manager
Jul 12 06:06:53 witherspoon systemd[1]: Started Phosphor Download Manager.
Jul 12 06:06:54 witherspoon chassis_control.py[934]: Running ChassisControlService
Jul 12 06:06:54 witherspoon systemd[1]: Started Phosphor Chassis0 Control.
Jul 12 06:06:55 witherspoon systemd[1]: Created slice system-dropbear.slice.
Jul 12 06:06:55 witherspoon systemd[1]: Started SSH Per-Connection Server (9.41.165.94:38698).
Jul 12 06:06:56 witherspoon dropbear[981]: Failed loading /etc/dropbear/dropbear_dss_host_key
Jul 12 06:06:56 witherspoon dropbear[981]: Failed loading /etc/dropbear/dropbear_ecdsa_host_key
Jul 12 06:06:56 witherspoon dropbear[981]: Child connection from ::ffff:9.41.165.94:38698
Jul 12 06:06:56 witherspoon sensor_manager2.py[927]: Setting boot count to 3
Jul 12 06:06:56 witherspoon sensor_manager2.py[927]: Deleting OCC device
Jul 12 06:06:57 witherspoon sensor_manager2.py[927]: sh: /sys/class/i2c-adapter/i2c-3/3-0050/online: No such file or directory
Jul 12 06:06:57 witherspoon sensor_manager2.py[927]: Deleting OCC device
Jul 12 06:06:57 witherspoon sensor_manager2.py[927]: sh: /sys/class/i2c-adapter/i2c-3/3-0050/online: No such file or directory
Jul 12 06:06:57 witherspoon sensor_manager2.py[927]: Starting sensor manager
Jul 12 06:06:57 witherspoon systemd[1]: Started Phosphor Sensor Manager.
Jul 12 06:06:57 witherspoon phosphor-mapper[935]: ObjectMapper startup complete.  Discovery in progress...
Jul 12 06:06:57 witherspoon systemd-networkd[957]: eth0: Configured
Jul 12 06:06:57 witherspoon systemd-timesyncd[883]: Network configuration changed, trying to establish connection.
Jul 12 06:06:58 witherspoon avahi-daemon[953]: ../../avahi-0.6.32/avahi-daemon/chroot.c: open() failed: No such file or directory
Jul 12 06:06:58 witherspoon avahi-daemon[941]: Failed to open /usr/share/dbus-1/interfaces/org.freedesktop.Avahi.Server.xml: Invalid argument
Jul 12 06:06:58 witherspoon avahi-daemon[941]: Failed to load introspection data.
Jul 12 06:06:59 witherspoon dropbear[981]: PAM password auth succeeded for 'root' from ::ffff:9.41.165.94:38698
Jul 12 06:06:59 witherspoon dropbear[984]: lastlog_perform_login: Couldn't stat /var/log/lastlog: No such file or directory
Jul 12 06:06:59 witherspoon dropbear[984]: lastlog_openseek: /var/log/lastlog is not a file or directory!
Jul 12 06:07:01 witherspoon systemd[1]: Started Phosphor User Manager.
Jul 12 06:07:01 witherspoon obmc-phosphor-userd[938]: Started
Jul 12 06:07:02 witherspoon inventory_items.py[965]: Loading from cache: /var/cache/obmc/org.openbmc.inventory.system.chassis.motherboard.apss@org.openbmc.InventoryItem.props
Jul 12 06:07:02 witherspoon inventory_items.py[965]: Loading from cache: /var/cache/obmc/org.openbmc.inventory.system.chassis.motherboard@org.openbmc.InventoryItem.props
Jul 12 06:07:02 witherspoon inventory_items.py[965]: Loading from cache: /var/cache/obmc/org.openbmc.inventory.system.chassis.motherboard.refclock@org.openbmc.InventoryItem.props
Jul 12 06:07:02 witherspoon inventory_items.py[965]: Loading from cache: /var/cache/obmc/org.openbmc.inventory.system.chassis.motherboard.cpu1.core7@org.openbmc.InventoryItem.props
Jul 12 06:07:02 witherspoon inventory_items.py[965]: Loading from cache: /var/cache/obmc/org.openbmc.inventory.system.chassis.motherboard.cpu1.core4@org.openbmc.InventoryItem.props
Jul 12 06:07:02 witherspoon inventory_items.py[965]: Loading from cache: /var/cache/obmc/org.openbmc.inventory.system.chassis.motherboard.cpu1.core1@org.openbmc.InventoryItem.props
Jul 12 06:07:02 witherspoon inventory_items.py[965]: Loading from cache: /var/cache/obmc/org.openbmc.inventory.system.chassis.motherboard.cpu1.core10@org.openbmc.InventoryItem.props
Jul 12 06:07:02 witherspoon inventory_items.py[965]: Loading from cache: /var/cache/obmc/org.openbmc.inventory.system.chassis.motherboard.todclock@org.openbmc.InventoryItem.props
Jul 12 06:07:02 witherspoon inventory_items.py[965]: Loading from cache: /var/cache/obmc/org.openbmc.inventory.system.chassis.motherboard.cpu1@org.openbmc.InventoryItem.props
Jul 12 06:07:02 witherspoon inventory_items.py[965]: Loading from cache: /var/cache/obmc/org.openbmc.inventory.system.chassis.motherboard.bmc@org.openbmc.InventoryItem.props
Jul 12 06:07:02 witherspoon inventory_items.py[965]: Caching: /org/openbmc/inventory/system/chassis/motherboard/bmc
Jul 12 06:07:02 witherspoon inventory_items.py[965]: Loading from cache: /var/cache/obmc/org.openbmc.inventory.system.chassis.motherboard.cpu0.core1@org.openbmc.InventoryItem.props
Jul 12 06:07:02 witherspoon inventory_items.py[965]: Loading from cache: /var/cache/obmc/org.openbmc.inventory.system.chassis.motherboard.cpu0.core7@org.openbmc.InventoryItem.props
Jul 12 06:07:02 witherspoon inventory_items.py[965]: Loading from cache: /var/cache/obmc/org.openbmc.inventory.system.chassis.motherboard.cpu0.core4@org.openbmc.InventoryItem.props
Jul 12 06:07:02 witherspoon inventory_items.py[965]: Loading from cache: /var/cache/obmc/org.openbmc.inventory.system.chassis.motherboard.pcieclock@org.openbmc.InventoryItem.props
Jul 12 06:07:03 witherspoon systemd[1]: Started Phosphor Network Manager.
Jul 12 06:07:03 witherspoon netman.py[937]: Started
Jul 12 06:07:05 witherspoon inventory_items.py[965]: Loading from cache: /var/cache/obmc/org.openbmc.inventory.system.chassis.motherboard.cpu0.core10@org.openbmc.InventoryItem.props
Jul 12 06:07:05 witherspoon inventory_items.py[965]: Running Inventory Manager
Jul 12 06:07:05 witherspoon systemd[1]: Started Phosphor Inventory Manager.
Jul 12 06:07:15 witherspoon phosphor-mapper[935]: ObjectMapper discovery complete
Jul 12 06:07:15 witherspoon systemd[1]: Started Phosphor DBus Service Discovery Manager.
Jul 12 06:07:15 witherspoon systemd[1]: Reached target Phosphor Object Mapper.
Jul 12 06:07:15 witherspoon systemd[1]: Starting Wait for /xyz/openbmc_project/led/groups/bmc_booted...
Jul 12 06:07:15 witherspoon systemd[1]: Starting Wait for /org/openbmc/managers/System...
Jul 12 06:07:15 witherspoon systemd[1]: Starting Wait for /org/openbmc/NetworkManager/Interface...
Jul 12 06:07:15 witherspoon systemd[1]: Starting Wait for /org/openbmc/control/bmc0...
Jul 12 06:07:15 witherspoon systemd[1]: Starting Wait for /xyz/openbmc_project/control/host0...
Jul 12 06:07:15 witherspoon systemd[1]: Starting Wait for /xyz/openbmc_project/state/chassis0...
Jul 12 06:07:15 witherspoon systemd[1]: Starting Wait for /xyz/openbmc_project/inventory...
Jul 12 06:07:15 witherspoon systemd[1]: Starting Wait for /xyz/openbmc_project/Settings...
Jul 12 06:07:15 witherspoon systemd[1]: Starting Wait for /org/openbmc/managers/Download...
Jul 12 06:07:15 witherspoon systemd[1]: Starting Wait for /xyz/openbmc_project/state/host0...
Jul 12 06:07:15 witherspoon systemd[1]: Starting Wait for /org/openbmc/control/flash/bios...
Jul 12 06:07:15 witherspoon systemd[1]: Starting Wait for /xyz/openbmc_project/led/groups...
Jul 12 06:07:15 witherspoon systemd[1]: Starting Phoshpor System Manager...
Jul 12 06:07:15 witherspoon systemd[1]: Started Phosphor DBus Monitor.
Jul 12 06:07:15 witherspoon systemd[1]: Reached target Webserver (pre).
Jul 12 06:07:15 witherspoon systemd[1]: Started Phosphor Webserver.
Jul 12 06:07:15 witherspoon systemd[1]: Starting Wait for /org/openbmc/control/power0...
Jul 12 06:07:15 witherspoon systemd[1]: Starting Wait for /org/openbmc/sensors...
Jul 12 06:07:15 witherspoon systemd[1]: Starting Phosphor Settings Manager...
Jul 12 06:07:17 witherspoon systemd[1]: Started Wait for /xyz/openbmc_project/led/groups/bmc_booted.
Jul 12 06:07:17 witherspoon systemd[1]: Starting Assert bmc_booted LED...
Jul 12 06:07:17 witherspoon systemd[1]: Started Wait for /org/openbmc/NetworkManager/Interface.
Jul 12 06:07:17 witherspoon systemd[1]: Started Phosphor DNS Settings Cache Manager.
Jul 12 06:07:17 witherspoon systemd[1]: Started Wait for /org/openbmc/control/bmc0.
Jul 12 06:07:18 witherspoon systemd[1]: Started Wait for /xyz/openbmc_project/inventory.
Jul 12 06:07:18 witherspoon systemd[1]: Started Wait for /org/openbmc/managers/Download.
Jul 12 06:07:18 witherspoon systemd[1]: Started Wait for /xyz/openbmc_project/led/groups.
Jul 12 06:07:18 witherspoon systemd[1]: Started Wait for /org/openbmc/sensors.
Jul 12 06:07:18 witherspoon systemd[1]: Started Phosphor Hwmon Poller.
Jul 12 06:07:18 witherspoon systemd[1]: Started FRU Fault monitor service.
Jul 12 06:07:18 witherspoon systemd[1]: Starting Phosphor BIOS Code Update...
Jul 12 06:07:19 witherspoon systemd[1]: Starting Read OpenPOWER-format VPD from EEPROM...
Jul 12 06:07:19 witherspoon systemd[1]: Starting OpenPOWER OCC controller...
Jul 12 06:07:19 witherspoon systemd[1]: Started Phosphor Cooling Type.
Jul 12 06:07:19 witherspoon systemd[1]: Starting Phosphor BMC Code Update...
Jul 12 06:07:19 witherspoon systemd[1]: Started Assert bmc_booted LED.
Jul 12 06:07:19 witherspoon systemd[1]: Started Phosphor BIOS Code Update.
Jul 12 06:07:20 witherspoon systemd[1]: Started OpenPOWER OCC controller.
Jul 12 06:07:23 witherspoon systemd[1]: Started Read OpenPOWER-format VPD from EEPROM.
Jul 12 06:07:26 witherspoon systemd[1]: Started Wait for /org/openbmc/control/flash/bios.
Jul 12 06:07:26 witherspoon systemd[1]: Started Initialize BIOS Flash.
Jul 12 06:07:29 witherspoon flash_bios.exe[1020]: Starting flasher: bios,,/org/openbmc/control/flash/bios,
Jul 12 06:07:29 witherspoon flash_bios.exe[1020]: flasher: , BMC = 1, address = 0x0
Jul 12 06:07:29 witherspoon flash_bios.exe[1020]: Setting up flash
Jul 12 06:07:29 witherspoon flash_bios.exe[1020]: Starting flasher: bios,,/org/openbmc/control/flash/bios,
Jul 12 06:07:29 witherspoon flash_bios.exe[1020]: flasher: , BMC = 1, address = 0x0
Jul 12 06:07:29 witherspoon flash_bios.exe[1020]: Setting up flash
Jul 12 06:07:32 witherspoon hwmon.py[1018]: Starting HWMON sensors
Jul 12 06:07:32 witherspoon system_manager.py[1002]: Running System State: BASE_APPS
Jul 12 06:07:33 witherspoon system_manager.py[1002]: SystemManager Init Done
Jul 12 06:07:33 witherspoon system_manager.py[1002]: Running SystemManager
Jul 12 06:07:33 witherspoon systemd[1]: Started Phoshpor System Manager.
Jul 12 06:07:33 witherspoon system_manager.py[1002]: SystemManager Goto System State: BMC_STARTING
Jul 12 06:07:33 witherspoon system_manager.py[1002]: Running System State: BMC_STARTING
Jul 12 06:07:33 witherspoon settings_manager.py[1007]: Running HostSettingsService
Jul 12 06:07:33 witherspoon systemd[1]: Started Phosphor Settings Manager.
Jul 12 06:07:33 witherspoon systemd[1]: Starting Wait for /org/openbmc/settings/host0...
Jul 12 06:07:33 witherspoon bmc_update.py[1028]: Running Bmc Flash Control
Jul 12 06:07:33 witherspoon systemd[1]: Started Phosphor BMC Code Update.
Jul 12 06:07:34 witherspoon systemd[1]: Started Wait for /org/openbmc/managers/System.
Jul 12 06:07:34 witherspoon systemd[1]: Starting Phosphor Chassis State Manager...
Jul 12 06:07:34 witherspoon systemd[1]: Starting Phosphor Power Button0...
Jul 12 06:07:34 witherspoon systemd[1]: Starting Phosphor Power0 Control...
Jul 12 06:07:34 witherspoon systemd[1]: Starting Phosphor Reset Button0...
Jul 12 06:07:35 witherspoon systemd[1]: Starting Phosphor BMC State Manager...
Jul 12 06:07:35 witherspoon button_reset.exe[1048]: GPIO Lookup:  RESET_BUTTON = 353,both
Jul 12 06:07:35 witherspoon phosphor-chassis-state-manager[1045]: Initial Chassis State will be Off
Jul 12 06:07:35 witherspoon systemd[1]: Started Phosphor Reset Button0.
Jul 12 06:07:35 witherspoon systemd[1]: Started Phosphor Chassis State Manager.
Jul 12 06:07:36 witherspoon phosphor-bmc-state-manager[1049]: Setting the BMCState field
Jul 12 06:07:36 witherspoon phosphor-bmc-state-manager[1049]: Setting the BMCState field
Jul 12 06:07:36 witherspoon systemd[1]: Started Phosphor BMC State Manager.
Jul 12 06:07:36 witherspoon systemd[1]: Started Wait for /org/openbmc/settings/host0.
Jul 12 06:07:36 witherspoon systemd[1]: Started Phosphor Inband IPMI.
Jul 12 06:07:36 witherspoon button_power.exe[1046]: GPIO Lookup:  POWER_BUTTON = 347,both
Jul 12 06:07:36 witherspoon systemd[1]: Started Phosphor Power Button0.
Jul 12 06:07:37 witherspoon system_manager.py[1002]: New object: /org/openbmc/control/power0 (:1.68)
Jul 12 06:07:37 witherspoon system_manager.py[1002]: Power GPIO config: ['SYS_PWROK_BUFF', '', [('SOFTWARE_PGOOD', True), ('BMC_POWER_UP', True)], [('BMC_CP0_RESET_N', False)], [], 'FSI_DATA', 'FSI_CLK', 'FSI_ENABLE', 'CRONUS_SEL', []]
Jul 12 06:07:37 witherspoon power_control.exe[1047]: Power GPIO latch output:
Jul 12 06:07:37 witherspoon power_control.exe[1047]: Power GPIO power good input: SYS_PWROK_BUFF
Jul 12 06:07:37 witherspoon power_control.exe[1047]: Power GPIO 2 power_up outputs
Jul 12 06:07:37 witherspoon power_control.exe[1047]: Power GPIO power_up[0] = SOFTWARE_PGOOD active HIGH
Jul 12 06:07:37 witherspoon power_control.exe[1047]: Power GPIO power_up[1] = BMC_POWER_UP active HIGH
Jul 12 06:07:37 witherspoon power_control.exe[1047]: Power GPIO 1 reset outputs
Jul 12 06:07:37 witherspoon power_control.exe[1047]: Power GPIO reset[0] = BMC_CP0_RESET_N active LOW
Jul 12 06:07:37 witherspoon power_control.exe[1047]: Power GPIO 0 pci reset outputs
Jul 12 06:07:37 witherspoon power_control.exe[1047]: FSI DATA GPIO: FSI_DATA
Jul 12 06:07:37 witherspoon power_control.exe[1047]: FSI CLK GPIO: FSI_CLK
Jul 12 06:07:37 witherspoon power_control.exe[1047]: FSI ENABLE GPIO: FSI_ENABLE
Jul 12 06:07:37 witherspoon power_control.exe[1047]: CRONUS SEL GPIO: CRONUS_SEL
Jul 12 06:07:37 witherspoon power_control.exe[1047]: Hostctl GPIO optionals: 0
Jul 12 06:07:37 witherspoon power_control.exe[1047]: GPIO Lookup:  SYS_PWROK_BUFF = 306,in
Jul 12 06:07:37 witherspoon power_control.exe[1047]: GPIO Lookup:  SOFTWARE_PGOOD = 417,out
Jul 12 06:07:37 witherspoon power_control.exe[1047]: GPIO Lookup:  BMC_POWER_UP = 305,out
Jul 12 06:07:37 witherspoon power_control.exe[1047]: GPIO Lookup:  BMC_CP0_RESET_N = 281,out
Jul 12 06:07:37 witherspoon power_control.exe[1047]: Pgood state: 0
Jul 12 06:07:37 witherspoon systemd[1]: Started Phosphor Power0 Control.
Jul 12 06:07:41 witherspoon system_manager.py[1002]: SystemManager Goto System State: BMC_READY
Jul 12 06:07:41 witherspoon system_manager.py[1002]: Running System State: BMC_READY
Jul 12 06:07:42 witherspoon systemd[1]: Started Wait for /xyz/openbmc_project/state/chassis0.
Jul 12 06:07:42 witherspoon systemd[1]: Started Wait for /org/openbmc/control/power0.
Jul 12 06:07:42 witherspoon systemd[1]: Starting Check Chassis0 pgood and create a file to indicate it...
Jul 12 06:07:42 witherspoon systemd[1]: Starting Phosphor Time Manager daemon...
Jul 12 06:07:43 witherspoon systemd[1]: Started Wait for /xyz/openbmc_project/control/host0.
Jul 12 06:07:43 witherspoon systemd[1]: Started Check Chassis0 pgood and create a file to indicate it.
Jul 12 06:07:43 witherspoon systemd[1]: Reached target Chassis0 power on after reset.
Jul 12 06:07:43 witherspoon systemd[1]: Reached target Chassis0 (Reset Check).
Jul 12 06:07:43 witherspoon systemd[1]: Reached target Host0 running after reset.
Jul 12 06:07:43 witherspoon systemd[1]: Reached target Host0 (Reset Check).
Jul 12 06:07:44 witherspoon timemanager[1077]: Registering dbus methods
Jul 12 06:07:44 witherspoon timemanager[1077]: Last known time_mode: NTP
Jul 12 06:07:44 witherspoon timemanager[1077]: Last known time_owner: BMC
Jul 12 06:07:44 witherspoon timemanager[1077]: Empty DhcpNtp string
Jul 12 06:07:44 witherspoon timemanager[1077]: Reading Power Control key: pgood
Jul 12 06:07:44 witherspoon timemanager[1077]: Changing settings *allowed* now
Jul 12 06:07:44 witherspoon timemanager[1077]: Getting System Settings: time_mode
Jul 12 06:07:44 witherspoon timemanager[1077]: Requested_Mode: NTP Current_Mode: NTP
Jul 12 06:07:44 witherspoon timemanager[1077]: Mode is already set to : NTP
Jul 12 06:07:44 witherspoon timemanager[1077]: Getting System Settings: time_owner
Jul 12 06:07:44 witherspoon timemanager[1077]: Owner is already set to : BMC
Jul 12 06:07:44 witherspoon timemanager[1077]: Getting System Settings: use_dhcp_ntp
Jul 12 06:07:44 witherspoon timemanager[1077]: use_dhcp_ntp = yes
Jul 12 06:07:44 witherspoon timemanager[1077]: Last known host_offset:0
Jul 12 06:07:44 witherspoon timemanager[1077]: Initial Uptime Usec: 1499839559647102
Jul 12 06:07:44 witherspoon systemd[1]: Started Phosphor Time Manager daemon.
Jul 12 06:07:53 witherspoon phosphor-gevent[1004]: Traceback (most recent call last):
Jul 12 06:07:53 witherspoon phosphor-gevent[1004]:   File "/usr/lib/python2.7/site-packages/gevent/greenlet.py", line 327, in run
Jul 12 06:07:53 witherspoon phosphor-gevent[1004]:     result = self._run(*self.args, **self.kwargs)
Jul 12 06:07:53 witherspoon phosphor-gevent[1004]:   File "/usr/lib/python2.7/site-packages/gevent/server.py", line 102, in wrap_socket_and_handle
Jul 12 06:07:53 witherspoon phosphor-gevent[1004]:     ssl_socket = self.wrap_socket(client_socket, **self.ssl_args)
Jul 12 06:07:53 witherspoon phosphor-gevent[1004]:   File "/usr/lib/python2.7/site-packages/gevent/ssl.py", line 404, in wrap_socket
Jul 12 06:07:53 witherspoon phosphor-gevent[1004]:     ciphers=ciphers)
Jul 12 06:07:53 witherspoon phosphor-gevent[1004]:   File "/usr/lib/python2.7/site-packages/gevent/ssl.py", line 113, in __init__
Jul 12 06:07:53 witherspoon phosphor-gevent[1004]:     self.do_handshake()
Jul 12 06:07:53 witherspoon phosphor-gevent[1004]:   File "/usr/lib/python2.7/site-packages/gevent/ssl.py", line 324, in do_handshake
Jul 12 06:07:53 witherspoon phosphor-gevent[1004]:     return self._sslobj.do_handshake()
Jul 12 06:07:53 witherspoon phosphor-gevent[1004]: SSLEOFError: EOF occurred in violation of protocol (_ssl.c:590)
Jul 12 06:07:53 witherspoon phosphor-gevent[1004]: <Greenlet at 0x760963a0: <bound method WSGIServer.wrap_socket_and_handle of <WSGIServer at 0x7606db50 fileno=5 address=('::3402:f876:b0dd:6d76%1986911648', 443, 0, 1986911648)>>(<socket at 0x75f43830 fileno=9>, ('::80e9:6b76:8e91:f402%1995893532', 52512, 0, 199)> failed with SSLEOFError
Jul 12 06:07:53 witherspoon phosphor-gevent[1004]: Traceback (most recent call last):
Jul 12 06:07:54 witherspoon phosphor-gevent[1004]:   File "/usr/lib/python2.7/site-packages/gevent/greenlet.py", line 327, in run
Jul 12 06:07:54 witherspoon phosphor-gevent[1004]:     result = self._run(*self.args, **self.kwargs)
Jul 12 06:07:54 witherspoon phosphor-gevent[1004]:   File "/usr/lib/python2.7/site-packages/gevent/server.py", line 102, in wrap_socket_and_handle
Jul 12 06:07:54 witherspoon phosphor-gevent[1004]:     ssl_socket = self.wrap_socket(client_socket, **self.ssl_args)
Jul 12 06:07:54 witherspoon phosphor-gevent[1004]:   File "/usr/lib/python2.7/site-packages/gevent/ssl.py", line 404, in wrap_socket
Jul 12 06:07:54 witherspoon phosphor-gevent[1004]:     ciphers=ciphers)
Jul 12 06:07:54 witherspoon phosphor-gevent[1004]:   File "/usr/lib/python2.7/site-packages/gevent/ssl.py", line 113, in __init__
Jul 12 06:07:54 witherspoon phosphor-gevent[1004]:     self.do_handshake()
Jul 12 06:07:54 witherspoon phosphor-gevent[1004]:   File "/usr/lib/python2.7/site-packages/gevent/ssl.py", line 324, in do_handshake
Jul 12 06:07:54 witherspoon phosphor-gevent[1004]:     return self._sslobj.do_handshake()
Jul 12 06:07:54 witherspoon phosphor-gevent[1004]: SSLEOFError: EOF occurred in violation of protocol (_ssl.c:590)
Jul 12 06:07:54 witherspoon phosphor-gevent[1004]: <Greenlet at 0x76096670: <bound method WSGIServer.wrap_socket_and_handle of <WSGIServer at 0x7606db50 fileno=5 address=('::3402:f876:b0dd:6d76%1986911648', 443, 0, 1986911648)>>(<socket at 0x75f437d0 fileno=10>, ('::80e9:6b76:8e91:f402%1995893532', 52530, 0, 199)> failed with SSLEOFError
Jul 12 06:07:54 witherspoon phosphor-gevent[1004]: Traceback (most recent call last):
Jul 12 06:07:54 witherspoon phosphor-gevent[1004]:   File "/usr/lib/python2.7/site-packages/gevent/greenlet.py", line 327, in run
Jul 12 06:07:54 witherspoon phosphor-gevent[1004]:     result = self._run(*self.args, **self.kwargs)
Jul 12 06:07:54 witherspoon phosphor-gevent[1004]:   File "/usr/lib/python2.7/site-packages/gevent/server.py", line 102, in wrap_socket_and_handle
Jul 12 06:07:54 witherspoon phosphor-gevent[1004]:     ssl_socket = self.wrap_socket(client_socket, **self.ssl_args)
Jul 12 06:07:54 witherspoon phosphor-gevent[1004]:   File "/usr/lib/python2.7/site-packages/gevent/ssl.py", line 404, in wrap_socket
Jul 12 06:07:54 witherspoon phosphor-gevent[1004]:     ciphers=ciphers)
Jul 12 06:07:54 witherspoon phosphor-gevent[1004]:   File "/usr/lib/python2.7/site-packages/gevent/ssl.py", line 113, in __init__
Jul 12 06:07:54 witherspoon phosphor-gevent[1004]:     self.do_handshake()
Jul 12 06:07:54 witherspoon phosphor-gevent[1004]:   File "/usr/lib/python2.7/site-packages/gevent/ssl.py", line 324, in do_handshake
Jul 12 06:07:54 witherspoon phosphor-gevent[1004]:     return self._sslobj.do_handshake()
Jul 12 06:07:54 witherspoon phosphor-gevent[1004]: SSLEOFError: EOF occurred in violation of protocol (_ssl.c:590)
Jul 12 06:07:54 witherspoon phosphor-gevent[1004]: <Greenlet at 0x76096350: <bound method WSGIServer.wrap_socket_and_handle of <WSGIServer at 0x7606db50 fileno=5 address=('::3402:f876:b0dd:6d76%1986911648', 443, 0, 1986911648)>>(<socket at 0x75f43870 fileno=11>, ('::80e9:6b76:8e91:f402%1995893532', 52556, 0, 199)> failed with SSLEOFError
Jul 12 06:08:12 witherspoon phosphor-gevent[1004]: ::80e9:6b76:8e91:f402%1995893532 - - [2017-07-12 06:08:12] "POST /login HTTP/1.1" 200 320 0.046086
Jul 12 06:08:12 witherspoon phosphor-gevent[1004]: ::80e9:6b76:8e91:f402%1995893532 - - [2017-07-12 06:08:12] "GET /xyz/openbmc_project/state/chassis0//attr/CurrentPowerState HTTP/1.1" 200 216 0.059550
Jul 12 06:08:12 witherspoon phosphor-gevent[1004]: ::80e9:6b76:8e91:f402%1995893532 - - [2017-07-12 06:08:12] "POST /login HTTP/1.1" 200 320 0.034814
Jul 12 06:08:12 witherspoon phosphor-gevent[1004]: ::80e9:6b76:8e91:f402%1995893532 - - [2017-07-12 06:08:12] "GET /xyz/openbmc_project/state/chassis0//attr/CurrentPowerState HTTP/1.1" 200 216 0.058808
Jul 12 06:08:12 witherspoon phosphor-gevent[1004]: ::80e9:6b76:8e91:f402%1995893532 - - [2017-07-12 06:08:12] "POST /login HTTP/1.1" 200 320 0.033140
Jul 12 06:08:13 witherspoon phosphor-gevent[1004]: ::80e9:6b76:8e91:f402%1995893532 - - [2017-07-12 06:08:13] "GET /org/openbmc/sensors/host/BootProgress/attr/value HTTP/1.1" 200 170 0.053492
Jul 12 06:08:13 witherspoon phosphor-gevent[1004]: ::80e9:6b76:8e91:f402%1995893532 - - [2017-07-12 06:08:13] "POST /login HTTP/1.1" 200 320 0.044064
Jul 12 06:08:13 witherspoon phosphor-gevent[1004]: ::80e9:6b76:8e91:f402%1995893532 - - [2017-07-12 06:08:13] "GET /xyz/openbmc_project/state/host0//attr/CurrentHostState HTTP/1.1" 404 309 0.050014
Jul 12 06:08:23 witherspoon phosphor-gevent[1004]: ::80e9:6b76:8e91:f402%1995893532 - - [2017-07-12 06:08:23] "POST /login HTTP/1.1" 200 320 0.033715
Jul 12 06:08:23 witherspoon phosphor-gevent[1004]: ::80e9:6b76:8e91:f402%1995893532 - - [2017-07-12 06:08:23] "GET /xyz/openbmc_project/state/chassis0//attr/CurrentPowerState HTTP/1.1" 200 216 0.059313
Jul 12 06:08:23 witherspoon phosphor-gevent[1004]: ::80e9:6b76:8e91:f402%1995893532 - - [2017-07-12 06:08:23] "POST /login HTTP/1.1" 200 320 0.050216
Jul 12 06:08:23 witherspoon phosphor-gevent[1004]: ::80e9:6b76:8e91:f402%1995893532 - - [2017-07-12 06:08:23] "GET /org/openbmc/sensors/host/BootProgress/attr/value HTTP/1.1" 200 170 0.077426
Jul 12 06:08:24 witherspoon phosphor-gevent[1004]: ::80e9:6b76:8e91:f402%1995893532 - - [2017-07-12 06:08:24] "POST /login HTTP/1.1" 200 320 0.033689
Jul 12 06:08:24 witherspoon phosphor-gevent[1004]: ::80e9:6b76:8e91:f402%1995893532 - - [2017-07-12 06:08:24] "GET /xyz/openbmc_project/state/host0//attr/CurrentHostState HTTP/1.1" 404 309 0.039773
Jul 12 06:08:34 witherspoon phosphor-gevent[1004]: ::80e9:6b76:8e91:f402%1995893532 - - [2017-07-12 06:08:34] "POST /login HTTP/1.1" 200 320 0.036168
Jul 12 06:08:34 witherspoon phosphor-gevent[1004]: ::80e9:6b76:8e91:f402%1995893532 - - [2017-07-12 06:08:34] "GET /xyz/openbmc_project/state/chassis0//attr/CurrentPowerState HTTP/1.1" 200 216 0.058816
Jul 12 06:08:34 witherspoon phosphor-gevent[1004]: ::80e9:6b76:8e91:f402%1995893532 - - [2017-07-12 06:08:34] "POST /login HTTP/1.1" 200 320 0.034023
Jul 12 06:08:34 witherspoon phosphor-gevent[1004]: ::80e9:6b76:8e91:f402%1995893532 - - [2017-07-12 06:08:34] "GET /org/openbmc/sensors/host/BootProgress/attr/value HTTP/1.1" 200 170 0.053151
Jul 12 06:08:34 witherspoon phosphor-gevent[1004]: ::80e9:6b76:8e91:f402%1995893532 - - [2017-07-12 06:08:34] "POST /login HTTP/1.1" 200 320 0.043293
Jul 12 06:08:35 witherspoon phosphor-gevent[1004]: ::80e9:6b76:8e91:f402%1995893532 - - [2017-07-12 06:08:35] "GET /xyz/openbmc_project/state/host0//attr/CurrentHostState HTTP/1.1" 404 309 0.035764
Jul 12 06:08:45 witherspoon phosphor-gevent[1004]: ::80e9:6b76:8e91:f402%1995893532 - - [2017-07-12 06:08:45] "POST /login HTTP/1.1" 200 320 0.049829
Jul 12 06:08:45 witherspoon phosphor-gevent[1004]: ::80e9:6b76:8e91:f402%1995893532 - - [2017-07-12 06:08:45] "GET /xyz/openbmc_project/state/chassis0//attr/CurrentPowerState HTTP/1.1" 200 216 0.050517
Jul 12 06:08:45 witherspoon phosphor-gevent[1004]: ::80e9:6b76:8e91:f402%1995893532 - - [2017-07-12 06:08:45] "POST /login HTTP/1.1" 200 320 0.033055
Jul 12 06:08:45 witherspoon phosphor-gevent[1004]: ::80e9:6b76:8e91:f402%1995893532 - - [2017-07-12 06:08:45] "GET /org/openbmc/sensors/host/BootProgress/attr/value HTTP/1.1" 200 170 0.059887
Jul 12 06:08:45 witherspoon phosphor-gevent[1004]: ::80e9:6b76:8e91:f402%1995893532 - - [2017-07-12 06:08:45] "POST /login HTTP/1.1" 200 320 0.078042
Jul 12 06:08:45 witherspoon phosphor-gevent[1004]: ::80e9:6b76:8e91:f402%1995893532 - - [2017-07-12 06:08:45] "GET /xyz/openbmc_project/state/host0//attr/CurrentHostState HTTP/1.1" 404 309 0.029291
Jul 12 06:08:56 witherspoon phosphor-gevent[1004]: ::80e9:6b76:8e91:f402%1995893532 - - [2017-07-12 06:08:56] "POST /login HTTP/1.1" 200 320 0.048415
Jul 12 06:08:56 witherspoon phosphor-gevent[1004]: ::80e9:6b76:8e91:f402%1995893532 - - [2017-07-12 06:08:56] "GET /xyz/openbmc_project/state/chassis0//attr/CurrentPowerState HTTP/1.1" 200 216 0.048909
Jul 12 06:08:56 witherspoon phosphor-gevent[1004]: ::80e9:6b76:8e91:f402%1995893532 - - [2017-07-12 06:08:56] "POST /login HTTP/1.1" 200 320 0.032771
Jul 12 06:08:56 witherspoon phosphor-gevent[1004]: ::80e9:6b76:8e91:f402%1995893532 - - [2017-07-12 06:08:56] "GET /org/openbmc/sensors/host/BootProgress/attr/value HTTP/1.1" 200 170 0.054983
Jul 12 06:08:56 witherspoon phosphor-gevent[1004]: ::80e9:6b76:8e91:f402%1995893532 - - [2017-07-12 06:08:56] "POST /login HTTP/1.1" 200 320 0.033220
Jul 12 06:08:56 witherspoon phosphor-gevent[1004]: ::80e9:6b76:8e91:f402%1995893532 - - [2017-07-12 06:08:56] "GET /xyz/openbmc_project/state/host0//attr/CurrentHostState HTTP/1.1" 404 309 0.029940
Jul 12 06:09:07 witherspoon phosphor-gevent[1004]: ::80e9:6b76:8e91:f402%1995893532 - - [2017-07-12 06:09:07] "POST /login HTTP/1.1" 200 320 0.033203
Jul 12 06:09:07 witherspoon phosphor-gevent[1004]: ::80e9:6b76:8e91:f402%1995893532 - - [2017-07-12 06:09:07] "GET /xyz/openbmc_project/state/chassis0//attr/CurrentPowerState HTTP/1.1" 200 216 0.049882
Jul 12 06:09:07 witherspoon phosphor-gevent[1004]: ::80e9:6b76:8e91:f402%1995893532 - - [2017-07-12 06:09:07] "POST /login HTTP/1.1" 200 320 0.050159
Jul 12 06:09:07 witherspoon phosphor-gevent[1004]: ::80e9:6b76:8e91:f402%1995893532 - - [2017-07-12 06:09:07] "GET /org/openbmc/sensors/host/BootProgress/attr/value HTTP/1.1" 200 170 0.052740
Jul 12 06:09:07 witherspoon phosphor-gevent[1004]: ::80e9:6b76:8e91:f402%1995893532 - - [2017-07-12 06:09:07] "POST /login HTTP/1.1" 200 320 0.039923
Jul 12 06:09:07 witherspoon phosphor-gevent[1004]: ::80e9:6b76:8e91:f402%1995893532 - - [2017-07-12 06:09:07] "GET /xyz/openbmc_project/state/host0//attr/CurrentHostState HTTP/1.1" 404 309 0.045284
Jul 12 06:09:17 witherspoon phosphor-gevent[1004]: ::80e9:6b76:8e91:f402%1995893532 - - [2017-07-12 06:09:17] "POST /login HTTP/1.1" 200 320 0.035047
Jul 12 06:09:17 witherspoon phosphor-gevent[1004]: ::80e9:6b76:8e91:f402%1995893532 - - [2017-07-12 06:09:17] "GET /xyz/openbmc_project/state/chassis0//attr/CurrentPowerState HTTP/1.1" 200 216 0.062377
Jul 12 06:09:18 witherspoon phosphor-gevent[1004]: ::80e9:6b76:8e91:f402%1995893532 - - [2017-07-12 06:09:18] "POST /login HTTP/1.1" 200 320 0.049229
Jul 12 06:09:18 witherspoon phosphor-gevent[1004]: ::80e9:6b76:8e91:f402%1995893532 - - [2017-07-12 06:09:18] "GET /org/openbmc/sensors/host/BootProgress/attr/value HTTP/1.1" 200 170 0.053980
Jul 12 06:09:18 witherspoon phosphor-gevent[1004]: ::80e9:6b76:8e91:f402%1995893532 - - [2017-07-12 06:09:18] "POST /login HTTP/1.1" 200 320 0.033583
Jul 12 06:09:18 witherspoon phosphor-gevent[1004]: ::80e9:6b76:8e91:f402%1995893532 - - [2017-07-12 06:09:18] "GET /xyz/openbmc_project/state/host0//attr/CurrentHostState HTTP/1.1" 404 309 0.029118
Jul 12 06:09:28 witherspoon phosphor-gevent[1004]: ::80e9:6b76:8e91:f402%1995893532 - - [2017-07-12 06:09:28] "POST /login HTTP/1.1" 200 320 0.039355
Jul 12 06:09:28 witherspoon phosphor-gevent[1004]: ::80e9:6b76:8e91:f402%1995893532 - - [2017-07-12 06:09:28] "GET /xyz/openbmc_project/state/chassis0//attr/CurrentPowerState HTTP/1.1" 200 216 0.049704
Jul 12 06:09:29 witherspoon phosphor-gevent[1004]: ::80e9:6b76:8e91:f402%1995893532 - - [2017-07-12 06:09:29] "POST /login HTTP/1.1" 200 320 0.034019
Jul 12 06:09:29 witherspoon phosphor-gevent[1004]: ::80e9:6b76:8e91:f402%1995893532 - - [2017-07-12 06:09:29] "GET /org/openbmc/sensors/host/BootProgress/attr/value HTTP/1.1" 200 170 0.053541
Jul 12 06:09:29 witherspoon phosphor-gevent[1004]: ::80e9:6b76:8e91:f402%1995893532 - - [2017-07-12 06:09:29] "POST /login HTTP/1.1" 200 320 0.035205
Jul 12 06:09:29 witherspoon phosphor-gevent[1004]: ::80e9:6b76:8e91:f402%1995893532 - - [2017-07-12 06:09:29] "GET /xyz/openbmc_project/state/host0//attr/CurrentHostState HTTP/1.1" 404 309 0.037868
Jul 12 06:09:39 witherspoon phosphor-gevent[1004]: ::80e9:6b76:8e91:f402%1995893532 - - [2017-07-12 06:09:39] "POST /login HTTP/1.1" 200 320 0.033263
Jul 12 06:09:39 witherspoon phosphor-gevent[1004]: ::80e9:6b76:8e91:f402%1995893532 - - [2017-07-12 06:09:39] "GET /xyz/openbmc_project/state/chassis0//attr/CurrentPowerState HTTP/1.1" 200 216 0.049865
Jul 12 06:09:39 witherspoon phosphor-gevent[1004]: ::80e9:6b76:8e91:f402%1995893532 - - [2017-07-12 06:09:39] "POST /login HTTP/1.1" 200 320 0.080952
Jul 12 06:09:40 witherspoon phosphor-gevent[1004]: ::80e9:6b76:8e91:f402%1995893532 - - [2017-07-12 06:09:40] "GET /org/openbmc/sensors/host/BootProgress/attr/value HTTP/1.1" 200 170 0.135326
Jul 12 06:09:40 witherspoon phosphor-gevent[1004]: ::80e9:6b76:8e91:f402%1995893532 - - [2017-07-12 06:09:40] "POST /login HTTP/1.1" 200 320 0.039763
Jul 12 06:09:40 witherspoon phosphor-gevent[1004]: ::80e9:6b76:8e91:f402%1995893532 - - [2017-07-12 06:09:40] "GET /xyz/openbmc_project/state/host0//attr/CurrentHostState HTTP/1.1" 404 309 0.029211
Jul 12 06:09:50 witherspoon phosphor-gevent[1004]: ::80e9:6b76:8e91:f402%1995893532 - - [2017-07-12 06:09:50] "POST /login HTTP/1.1" 200 320 0.033581
Jul 12 06:09:50 witherspoon phosphor-gevent[1004]: ::80e9:6b76:8e91:f402%1995893532 - - [2017-07-12 06:09:50] "GET /xyz/openbmc_project/state/chassis0//attr/CurrentPowerState HTTP/1.1" 200 216 0.052166
Jul 12 06:09:50 witherspoon phosphor-gevent[1004]: ::80e9:6b76:8e91:f402%1995893532 - - [2017-07-12 06:09:50] "POST /login HTTP/1.1" 200 320 0.033571
Jul 12 06:09:50 witherspoon phosphor-gevent[1004]: ::80e9:6b76:8e91:f402%1995893532 - - [2017-07-12 06:09:50] "GET /org/openbmc/sensors/host/BootProgress/attr/value HTTP/1.1" 200 170 0.064973
Jul 12 06:09:50 witherspoon phosphor-gevent[1004]: ::80e9:6b76:8e91:f402%1995893532 - - [2017-07-12 06:09:50] "POST /login HTTP/1.1" 200 320 0.033735
Jul 12 06:09:51 witherspoon phosphor-gevent[1004]: ::80e9:6b76:8e91:f402%1995893532 - - [2017-07-12 06:09:51] "GET /xyz/openbmc_project/state/host0//attr/CurrentHostState HTTP/1.1" 404 309 0.029932
Jul 12 06:10:01 witherspoon phosphor-gevent[1004]: ::80e9:6b76:8e91:f402%1995893532 - - [2017-07-12 06:10:01] "POST /login HTTP/1.1" 200 320 0.033608
Jul 12 06:10:01 witherspoon phosphor-gevent[1004]: ::80e9:6b76:8e91:f402%1995893532 - - [2017-07-12 06:10:01] "GET /xyz/openbmc_project/state/chassis0//attr/CurrentPowerState HTTP/1.1" 200 216 0.053858
Jul 12 06:10:01 witherspoon phosphor-gevent[1004]: ::80e9:6b76:8e91:f402%1995893532 - - [2017-07-12 06:10:01] "POST /login HTTP/1.1" 200 320 0.049079
Jul 12 06:10:01 witherspoon phosphor-gevent[1004]: ::80e9:6b76:8e91:f402%1995893532 - - [2017-07-12 06:10:01] "GET /org/openbmc/sensors/host/BootProgress/attr/value HTTP/1.1" 200 170 0.116140
Jul 12 06:10:01 witherspoon phosphor-gevent[1004]: ::80e9:6b76:8e91:f402%1995893532 - - [2017-07-12 06:10:01] "POST /login HTTP/1.1" 200 320 0.033900
Jul 12 06:10:01 witherspoon phosphor-gevent[1004]: ::80e9:6b76:8e91:f402%1995893532 - - [2017-07-12 06:10:01] "GET /xyz/openbmc_project/state/host0//attr/CurrentHostState HTTP/1.1" 404 309 0.029242
Jul 12 06:10:12 witherspoon phosphor-gevent[1004]: ::80e9:6b76:8e91:f402%1995893532 - - [2017-07-12 06:10:12] "POST /login HTTP/1.1" 200 320 0.033477
Jul 12 06:10:12 witherspoon phosphor-gevent[1004]: ::80e9:6b76:8e91:f402%1995893532 - - [2017-07-12 06:10:12] "GET /xyz/openbmc_project/state/chassis0//attr/CurrentPowerState HTTP/1.1" 200 216 0.050098
Jul 12 06:10:12 witherspoon phosphor-gevent[1004]: ::80e9:6b76:8e91:f402%1995893532 - - [2017-07-12 06:10:12] "POST /login HTTP/1.1" 200 320 0.034340
Jul 12 06:10:12 witherspoon phosphor-gevent[1004]: ::80e9:6b76:8e91:f402%1995893532 - - [2017-07-12 06:10:12] "GET /org/openbmc/sensors/host/BootProgress/attr/value HTTP/1.1" 200 170 0.053085
Jul 12 06:10:12 witherspoon phosphor-gevent[1004]: ::80e9:6b76:8e91:f402%1995893532 - - [2017-07-12 06:10:12] "POST /login HTTP/1.1" 200 320 0.033943
Jul 12 06:10:12 witherspoon phosphor-gevent[1004]: ::80e9:6b76:8e91:f402%1995893532 - - [2017-07-12 06:10:12] "GET /xyz/openbmc_project/state/host0//attr/CurrentHostState HTTP/1.1" 404 309 0.029287
Jul 12 06:10:22 witherspoon phosphor-gevent[1004]: ::80e9:6b76:8e91:f402%1995893532 - - [2017-07-12 06:10:22] "POST /login HTTP/1.1" 200 320 0.033752
Jul 12 06:10:22 witherspoon phosphor-gevent[1004]: ::80e9:6b76:8e91:f402%1995893532 - - [2017-07-12 06:10:22] "GET /xyz/openbmc_project/state/chassis0//attr/CurrentPowerState HTTP/1.1" 200 216 0.056499
Jul 12 06:10:23 witherspoon phosphor-gevent[1004]: ::80e9:6b76:8e91:f402%1995893532 - - [2017-07-12 06:10:23] "POST /login HTTP/1.1" 200 320 0.032913
Jul 12 06:10:23 witherspoon phosphor-gevent[1004]: ::80e9:6b76:8e91:f402%1995893532 - - [2017-07-12 06:10:23] "GET /org/openbmc/sensors/host/BootProgress/attr/value HTTP/1.1" 200 170 0.052739
Jul 12 06:10:23 witherspoon phosphor-gevent[1004]: ::80e9:6b76:8e91:f402%1995893532 - - [2017-07-12 06:10:23] "POST /login HTTP/1.1" 200 320 0.086880
Jul 12 06:10:23 witherspoon phosphor-gevent[1004]: ::80e9:6b76:8e91:f402%1995893532 - - [2017-07-12 06:10:23] "GET /xyz/openbmc_project/state/host0//attr/CurrentHostState HTTP/1.1" 404 309 0.032586
Jul 12 06:10:33 witherspoon phosphor-gevent[1004]: ::80e9:6b76:8e91:f402%1995893532 - - [2017-07-12 06:10:33] "POST /login HTTP/1.1" 200 320 0.033256
Jul 12 06:10:34 witherspoon phosphor-gevent[1004]: ::80e9:6b76:8e91:f402%1995893532 - - [2017-07-12 06:10:34] "GET /xyz/openbmc_project/state/chassis0//attr/CurrentPowerState HTTP/1.1" 200 216 0.049776
Jul 12 06:10:34 witherspoon phosphor-gevent[1004]: ::80e9:6b76:8e91:f402%1995893532 - - [2017-07-12 06:10:34] "POST /login HTTP/1.1" 200 320 0.033368
Jul 12 06:10:34 witherspoon phosphor-gevent[1004]: ::80e9:6b76:8e91:f402%1995893532 - - [2017-07-12 06:10:34] "GET /org/openbmc/sensors/host/BootProgress/attr/value HTTP/1.1" 200 170 0.055000
Jul 12 06:10:34 witherspoon phosphor-gevent[1004]: ::80e9:6b76:8e91:f402%1995893532 - - [2017-07-12 06:10:34] "POST /login HTTP/1.1" 200 320 0.032868
Jul 12 06:10:34 witherspoon phosphor-gevent[1004]: ::80e9:6b76:8e91:f402%1995893532 - - [2017-07-12 06:10:34] "GET /xyz/openbmc_project/state/host0//attr/CurrentHostState HTTP/1.1" 404 309 0.029600
Jul 12 06:10:37 witherspoon avahi-daemon[941]: Withdrawing address record for 9.3.86.161 on eth0.
Jul 12 06:10:37 witherspoon avahi-daemon[941]: Host name conflict, retrying with witherspoon-2
Jul 12 06:10:37 witherspoon avahi-daemon[941]: Registering new address record for fe80::72e2:84ff:fe14:23e1 on eth0.*.
Jul 12 06:10:37 witherspoon avahi-daemon[941]: Registering new address record for 9.3.86.161 on eth0.IPv4.
Jul 12 06:10:37 witherspoon avahi-daemon[941]: Withdrawing address record for 9.3.86.161 on eth0.
Jul 12 06:10:37 witherspoon avahi-daemon[941]: Host name conflict, retrying with witherspoon-3
Jul 12 06:10:37 witherspoon avahi-daemon[941]: Registering new address record for fe80::72e2:84ff:fe14:23e1 on eth0.*.
Jul 12 06:10:37 witherspoon avahi-daemon[941]: Registering new address record for 9.3.86.161 on eth0.IPv4.
Jul 12 06:10:38 witherspoon avahi-daemon[941]: Withdrawing address record for 9.3.86.161 on eth0.
Jul 12 06:10:38 witherspoon avahi-daemon[941]: Host name conflict, retrying with witherspoon-4
Jul 12 06:10:38 witherspoon avahi-daemon[941]: Registering new address record for fe80::72e2:84ff:fe14:23e1 on eth0.*.
Jul 12 06:10:38 witherspoon avahi-daemon[941]: Registering new address record for 9.3.86.161 on eth0.IPv4.
Jul 12 06:10:39 witherspoon avahi-daemon[941]: Withdrawing address record for 9.3.86.161 on eth0.
Jul 12 06:10:39 witherspoon avahi-daemon[941]: Host name conflict, retrying with witherspoon-5
Jul 12 06:10:39 witherspoon avahi-daemon[941]: Registering new address record for fe80::72e2:84ff:fe14:23e1 on eth0.*.
Jul 12 06:10:39 witherspoon avahi-daemon[941]: Registering new address record for 9.3.86.161 on eth0.IPv4.
Jul 12 06:10:40 witherspoon avahi-daemon[941]: Withdrawing address record for 9.3.86.161 on eth0.
Jul 12 06:10:40 witherspoon avahi-daemon[941]: Host name conflict, retrying with witherspoon-6
Jul 12 06:10:40 witherspoon avahi-daemon[941]: Registering new address record for fe80::72e2:84ff:fe14:23e1 on eth0.*.
Jul 12 06:10:40 witherspoon avahi-daemon[941]: Registering new address record for 9.3.86.161 on eth0.IPv4.
Jul 12 06:10:42 witherspoon avahi-daemon[941]: Server startup complete. Host name is witherspoon-6.local. Local service cookie is 3309356668.
Jul 12 06:10:42 witherspoon avahi-daemon[941]: Service name conflict for "sftp" (/services/sftp.service), retrying with "sftp #2".
Jul 12 06:10:42 witherspoon avahi-daemon[941]: Service name conflict for "obmc_console" (/services/obmc_console.service), retrying with "obmc_console #2".
Jul 12 06:10:42 witherspoon avahi-daemon[941]: Service name conflict for "phosphor_rest" (/services/phosphor_rest.service), retrying with "phosphor_rest #2".
Jul 12 06:10:43 witherspoon avahi-daemon[941]: Service "witherspoon-6" (/services/ssh.service) successfully established.
Jul 12 06:10:43 witherspoon avahi-daemon[941]: Service "witherspoon-6" (/services/sftp-ssh.service) successfully established.
Jul 12 06:10:43 witherspoon avahi-daemon[941]: Service name conflict for "phosphor_rest" (/services/phosphor_rest.service), retrying with "phosphor_rest #3".
Jul 12 06:10:43 witherspoon avahi-daemon[941]: Service name conflict for "sftp" (/services/sftp.service), retrying with "sftp #3".
Jul 12 06:10:43 witherspoon avahi-daemon[941]: Service name conflict for "obmc_console" (/services/obmc_console.service), retrying with "obmc_console #3".
Jul 12 06:10:44 witherspoon avahi-daemon[941]: Service name conflict for "phosphor_rest" (/services/phosphor_rest.service), retrying with "phosphor_rest #4".
Jul 12 06:10:44 witherspoon avahi-daemon[941]: Service name conflict for "sftp" (/services/sftp.service), retrying with "sftp #4".
Jul 12 06:10:44 witherspoon avahi-daemon[941]: Service name conflict for "obmc_console" (/services/obmc_console.service), retrying with "obmc_console #4".
Jul 12 06:10:44 witherspoon phosphor-gevent[1004]: ::80e9:6b76:8e91:f402%1995893532 - - [2017-07-12 06:10:44] "POST /login HTTP/1.1" 200 320 0.040708
Jul 12 06:10:44 witherspoon phosphor-gevent[1004]: ::80e9:6b76:8e91:f402%1995893532 - - [2017-07-12 06:10:44] "GET /xyz/openbmc_project/state/chassis0//attr/CurrentPowerState HTTP/1.1" 200 216 0.050206
Jul 12 06:10:44 witherspoon phosphor-gevent[1004]: ::80e9:6b76:8e91:f402%1995893532 - - [2017-07-12 06:10:44] "POST /login HTTP/1.1" 200 320 0.033640
Jul 12 06:10:45 witherspoon phosphor-gevent[1004]: ::80e9:6b76:8e91:f402%1995893532 - - [2017-07-12 06:10:45] "GET /org/openbmc/sensors/host/BootProgress/attr/value HTTP/1.1" 200 170 0.052647
Jul 12 06:10:45 witherspoon phosphor-gevent[1004]: ::80e9:6b76:8e91:f402%1995893532 - - [2017-07-12 06:10:45] "POST /login HTTP/1.1" 200 320 0.050168
Jul 12 06:10:45 witherspoon phosphor-gevent[1004]: ::80e9:6b76:8e91:f402%1995893532 - - [2017-07-12 06:10:45] "GET /xyz/openbmc_project/state/host0//attr/CurrentHostState HTTP/1.1" 404 309 0.040078
Jul 12 06:10:45 witherspoon avahi-daemon[941]: Service name conflict for "phosphor_rest" (/services/phosphor_rest.service), retrying with "phosphor_rest #5".
Jul 12 06:10:45 witherspoon avahi-daemon[941]: Service name conflict for "sftp" (/services/sftp.service), retrying with "sftp #5".
Jul 12 06:10:45 witherspoon avahi-daemon[941]: Service name conflict for "obmc_console" (/services/obmc_console.service), retrying with "obmc_console #5".
Jul 12 06:10:46 witherspoon avahi-daemon[941]: Service name conflict for "phosphor_rest" (/services/phosphor_rest.service), retrying with "phosphor_rest #6".
Jul 12 06:10:46 witherspoon avahi-daemon[941]: Service name conflict for "sftp" (/services/sftp.service), retrying with "sftp #6".
Jul 12 06:10:46 witherspoon avahi-daemon[941]: Service name conflict for "obmc_console" (/services/obmc_console.service), retrying with "obmc_console #6".
Jul 12 06:10:47 witherspoon avahi-daemon[941]: Service name conflict for "phosphor_rest" (/services/phosphor_rest.service), retrying with "phosphor_rest #7".
Jul 12 06:10:47 witherspoon avahi-daemon[941]: Service name conflict for "sftp" (/services/sftp.service), retrying with "sftp #7".
Jul 12 06:10:47 witherspoon avahi-daemon[941]: Service name conflict for "obmc_console" (/services/obmc_console.service), retrying with "obmc_console #7".
Jul 12 06:10:48 witherspoon avahi-daemon[941]: Service name conflict for "phosphor_rest" (/services/phosphor_rest.service), retrying with "phosphor_rest #8".
Jul 12 06:10:48 witherspoon avahi-daemon[941]: Service name conflict for "obmc_console" (/services/obmc_console.service), retrying with "obmc_console #8".
Jul 12 06:10:48 witherspoon avahi-daemon[941]: Service name conflict for "sftp" (/services/sftp.service), retrying with "sftp #8".
Jul 12 06:10:49 witherspoon avahi-daemon[941]: Service name conflict for "phosphor_rest" (/services/phosphor_rest.service), retrying with "phosphor_rest #9".
Jul 12 06:10:49 witherspoon avahi-daemon[941]: Service name conflict for "sftp" (/services/sftp.service), retrying with "sftp #9".
Jul 12 06:10:49 witherspoon avahi-daemon[941]: Service name conflict for "obmc_console" (/services/obmc_console.service), retrying with "obmc_console #9".
Jul 12 06:10:50 witherspoon avahi-daemon[941]: Service name conflict for "phosphor_rest" (/services/phosphor_rest.service), retrying with "phosphor_rest #10".
Jul 12 06:10:50 witherspoon avahi-daemon[941]: Service name conflict for "obmc_console" (/services/obmc_console.service), retrying with "obmc_console #10".
Jul 12 06:10:50 witherspoon avahi-daemon[941]: Service name conflict for "sftp" (/services/sftp.service), retrying with "sftp #10".
Jul 12 06:10:51 witherspoon avahi-daemon[941]: Service name conflict for "phosphor_rest" (/services/phosphor_rest.service), retrying with "phosphor_rest #11".
Jul 12 06:10:51 witherspoon avahi-daemon[941]: Service name conflict for "obmc_console" (/services/obmc_console.service), retrying with "obmc_console #11".
Jul 12 06:10:51 witherspoon avahi-daemon[941]: Service name conflict for "sftp" (/services/sftp.service), retrying with "sftp #11".
Jul 12 06:10:52 witherspoon avahi-daemon[941]: Service name conflict for "obmc_console" (/services/obmc_console.service), retrying with "obmc_console #12".
Jul 12 06:10:53 witherspoon avahi-daemon[941]: Service "sftp #11" (/services/sftp.service) successfully established.
Jul 12 06:10:53 witherspoon avahi-daemon[941]: Service "phosphor_rest #11" (/services/phosphor_rest.service) successfully established.
Jul 12 06:10:53 witherspoon avahi-daemon[941]: Service name conflict for "obmc_console" (/services/obmc_console.service), retrying with "obmc_console #13".
Jul 12 06:10:54 witherspoon avahi-daemon[941]: Service name conflict for "obmc_console" (/services/obmc_console.service), retrying with "obmc_console #14".
Jul 12 06:10:55 witherspoon avahi-daemon[941]: Service name conflict for "obmc_console" (/services/obmc_console.service), retrying with "obmc_console #15".
Jul 12 06:10:55 witherspoon phosphor-gevent[1004]: ::80e9:6b76:8e91:f402%1995893532 - - [2017-07-12 06:10:55] "POST /login HTTP/1.1" 200 320 0.037486
Jul 12 06:10:55 witherspoon phosphor-gevent[1004]: ::80e9:6b76:8e91:f402%1995893532 - - [2017-07-12 06:10:55] "GET /xyz/openbmc_project/state/chassis0//attr/CurrentPowerState HTTP/1.1" 200 216 0.052622
Jul 12 06:10:55 witherspoon phosphor-gevent[1004]: ::80e9:6b76:8e91:f402%1995893532 - - [2017-07-12 06:10:55] "POST /login HTTP/1.1" 200 320 0.093394
Jul 12 06:10:56 witherspoon phosphor-gevent[1004]: ::80e9:6b76:8e91:f402%1995893532 - - [2017-07-12 06:10:56] "GET /org/openbmc/sensors/host/BootProgress/attr/value HTTP/1.1" 200 170 0.081141
Jul 12 06:10:56 witherspoon phosphor-gevent[1004]: ::80e9:6b76:8e91:f402%1995893532 - - [2017-07-12 06:10:56] "POST /login HTTP/1.1" 200 320 0.040294
Jul 12 06:10:56 witherspoon phosphor-gevent[1004]: ::80e9:6b76:8e91:f402%1995893532 - - [2017-07-12 06:10:56] "GET /xyz/openbmc_project/state/host0//attr/CurrentHostState HTTP/1.1" 404 309 0.029212
Jul 12 06:11:06 witherspoon phosphor-gevent[1004]: ::80e9:6b76:8e91:f402%1995893532 - - [2017-07-12 06:11:06] "POST /login HTTP/1.1" 200 320 0.034388
Jul 12 06:11:06 witherspoon phosphor-gevent[1004]: ::80e9:6b76:8e91:f402%1995893532 - - [2017-07-12 06:11:06] "GET /xyz/openbmc_project/state/chassis0//attr/CurrentPowerState HTTP/1.1" 200 216 0.050050
Jul 12 06:11:06 witherspoon phosphor-gevent[1004]: ::80e9:6b76:8e91:f402%1995893532 - - [2017-07-12 06:11:06] "POST /login HTTP/1.1" 200 320 0.033228
Jul 12 06:11:06 witherspoon phosphor-gevent[1004]: ::80e9:6b76:8e91:f402%1995893532 - - [2017-07-12 06:11:06] "GET /org/openbmc/sensors/host/BootProgress/attr/value HTTP/1.1" 200 170 0.058135
Jul 12 06:11:07 witherspoon phosphor-gevent[1004]: ::80e9:6b76:8e91:f402%1995893532 - - [2017-07-12 06:11:07] "POST /login HTTP/1.1" 200 320 0.046807
Jul 12 06:11:07 witherspoon phosphor-gevent[1004]: ::80e9:6b76:8e91:f402%1995893532 - - [2017-07-12 06:11:07] "GET /xyz/openbmc_project/state/host0//attr/CurrentHostState HTTP/1.1" 404 309 0.029303
Jul 12 06:11:16 witherspoon avahi-daemon[941]: Service "obmc_console #15" (/services/obmc_console.service) successfully established.
Jul 12 06:11:17 witherspoon phosphor-gevent[1004]: ::80e9:6b76:8e91:f402%1995893532 - - [2017-07-12 06:11:17] "POST /login HTTP/1.1" 200 320 0.041886
Jul 12 06:11:17 witherspoon phosphor-gevent[1004]: ::80e9:6b76:8e91:f402%1995893532 - - [2017-07-12 06:11:17] "GET /xyz/openbmc_project/state/chassis0//attr/CurrentPowerState HTTP/1.1" 200 216 0.049366
Jul 12 06:11:17 witherspoon phosphor-gevent[1004]: ::80e9:6b76:8e91:f402%1995893532 - - [2017-07-12 06:11:17] "POST /login HTTP/1.1" 200 320 0.182951
Jul 12 06:11:17 witherspoon phosphor-gevent[1004]: ::80e9:6b76:8e91:f402%1995893532 - - [2017-07-12 06:11:17] "GET /org/openbmc/sensors/host/BootProgress/attr/value HTTP/1.1" 200 170 0.074961
Jul 12 06:11:17 witherspoon phosphor-gevent[1004]: ::80e9:6b76:8e91:f402%1995893532 - - [2017-07-12 06:11:17] "POST /login HTTP/1.1" 200 320 0.033222
Jul 12 06:11:18 witherspoon phosphor-gevent[1004]: ::80e9:6b76:8e91:f402%1995893532 - - [2017-07-12 06:11:18] "GET /xyz/openbmc_project/state/host0//attr/CurrentHostState HTTP/1.1" 404 309 0.028969
Jul 12 06:11:28 witherspoon phosphor-gevent[1004]: ::80e9:6b76:8e91:f402%1995893532 - - [2017-07-12 06:11:28] "POST /login HTTP/1.1" 200 320 0.033867
Jul 12 06:11:28 witherspoon phosphor-gevent[1004]: ::80e9:6b76:8e91:f402%1995893532 - - [2017-07-12 06:11:28] "GET /xyz/openbmc_project/state/chassis0//attr/CurrentPowerState HTTP/1.1" 200 216 0.058090
Jul 12 06:11:28 witherspoon phosphor-gevent[1004]: ::80e9:6b76:8e91:f402%1995893532 - - [2017-07-12 06:11:28] "POST /login HTTP/1.1" 200 320 0.034133
Jul 12 06:11:28 witherspoon phosphor-gevent[1004]: ::80e9:6b76:8e91:f402%1995893532 - - [2017-07-12 06:11:28] "GET /org/openbmc/sensors/host/BootProgress/attr/value HTTP/1.1" 200 170 0.053768
Jul 12 06:11:28 witherspoon phosphor-gevent[1004]: ::80e9:6b76:8e91:f402%1995893532 - - [2017-07-12 06:11:28] "POST /login HTTP/1.1" 200 320 0.033643
Jul 12 06:11:28 witherspoon phosphor-gevent[1004]: ::80e9:6b76:8e91:f402%1995893532 - - [2017-07-12 06:11:28] "GET /xyz/openbmc_project/state/host0//attr/CurrentHostState HTTP/1.1" 404 309 0.030216
Jul 12 06:11:38 witherspoon phosphor-gevent[1004]: ::80e9:6b76:8e91:f402%1995893532 - - [2017-07-12 06:11:38] "POST /login HTTP/1.1" 200 320 0.033763
Jul 12 06:11:39 witherspoon phosphor-gevent[1004]: ::80e9:6b76:8e91:f402%1995893532 - - [2017-07-12 06:11:39] "GET /xyz/openbmc_project/state/chassis0//attr/CurrentPowerState HTTP/1.1" 200 216 0.057139
Jul 12 06:11:39 witherspoon phosphor-gevent[1004]: ::80e9:6b76:8e91:f402%1995893532 - - [2017-07-12 06:11:39] "POST /login HTTP/1.1" 200 320 0.033690
Jul 12 06:11:39 witherspoon phosphor-gevent[1004]: ::80e9:6b76:8e91:f402%1995893532 - - [2017-07-12 06:11:39] "GET /org/openbmc/sensors/host/BootProgress/attr/value HTTP/1.1" 200 170 0.053298
Jul 12 06:11:39 witherspoon phosphor-gevent[1004]: ::80e9:6b76:8e91:f402%1995893532 - - [2017-07-12 06:11:39] "POST /login HTTP/1.1" 200 320 0.041758
Jul 12 06:11:39 witherspoon phosphor-gevent[1004]: ::80e9:6b76:8e91:f402%1995893532 - - [2017-07-12 06:11:39] "GET /xyz/openbmc_project/state/host0//attr/CurrentHostState HTTP/1.1" 404 309 0.042297
Jul 12 06:11:49 witherspoon phosphor-gevent[1004]: ::80e9:6b76:8e91:f402%1995893532 - - [2017-07-12 06:11:49] "POST /login HTTP/1.1" 200 320 0.033780
Jul 12 06:11:49 witherspoon phosphor-gevent[1004]: ::80e9:6b76:8e91:f402%1995893532 - - [2017-07-12 06:11:49] "GET /xyz/openbmc_project/state/chassis0//attr/CurrentPowerState HTTP/1.1" 200 216 0.050027
Jul 12 06:11:50 witherspoon phosphor-gevent[1004]: ::80e9:6b76:8e91:f402%1995893532 - - [2017-07-12 06:11:50] "POST /login HTTP/1.1" 200 320 0.056424
Jul 12 06:11:50 witherspoon phosphor-gevent[1004]: ::80e9:6b76:8e91:f402%1995893532 - - [2017-07-12 06:11:50] "GET /org/openbmc/sensors/host/BootProgress/attr/value HTTP/1.1" 200 170 0.052532
Jul 12 06:11:50 witherspoon phosphor-gevent[1004]: ::80e9:6b76:8e91:f402%1995893532 - - [2017-07-12 06:11:50] "POST /login HTTP/1.1" 200 320 0.034437
Jul 12 06:11:50 witherspoon phosphor-gevent[1004]: ::80e9:6b76:8e91:f402%1995893532 - - [2017-07-12 06:11:50] "GET /xyz/openbmc_project/state/host0//attr/CurrentHostState HTTP/1.1" 404 309 0.029077
Jul 12 06:12:00 witherspoon phosphor-gevent[1004]: ::80e9:6b76:8e91:f402%1995893532 - - [2017-07-12 06:12:00] "POST /login HTTP/1.1" 200 320 0.039681
Jul 12 06:12:00 witherspoon phosphor-gevent[1004]: ::80e9:6b76:8e91:f402%1995893532 - - [2017-07-12 06:12:00] "GET /xyz/openbmc_project/state/chassis0//attr/CurrentPowerState HTTP/1.1" 200 216 0.055968
Jul 12 06:12:01 witherspoon phosphor-gevent[1004]: ::80e9:6b76:8e91:f402%1995893532 - - [2017-07-12 06:12:01] "POST /login HTTP/1.1" 200 320 0.034407
Jul 12 06:12:01 witherspoon phosphor-gevent[1004]: ::80e9:6b76:8e91:f402%1995893532 - - [2017-07-12 06:12:01] "GET /org/openbmc/sensors/host/BootProgress/attr/value HTTP/1.1" 200 170 0.066850
Jul 12 06:12:01 witherspoon phosphor-gevent[1004]: ::80e9:6b76:8e91:f402%1995893532 - - [2017-07-12 06:12:01] "POST /login HTTP/1.1" 200 320 0.034258
Jul 12 06:12:01 witherspoon phosphor-gevent[1004]: ::80e9:6b76:8e91:f402%1995893532 - - [2017-07-12 06:12:01] "GET /xyz/openbmc_project/state/host0//attr/CurrentHostState HTTP/1.1" 404 309 0.038999
Jul 12 06:12:11 witherspoon phosphor-gevent[1004]: ::80e9:6b76:8e91:f402%1995893532 - - [2017-07-12 06:12:11] "POST /login HTTP/1.1" 200 320 0.033636
Jul 12 06:12:11 witherspoon phosphor-gevent[1004]: ::80e9:6b76:8e91:f402%1995893532 - - [2017-07-12 06:12:11] "GET /xyz/openbmc_project/state/chassis0//attr/CurrentPowerState HTTP/1.1" 200 216 0.065679
Jul 12 06:12:12 witherspoon phosphor-gevent[1004]: ::80e9:6b76:8e91:f402%1995893532 - - [2017-07-12 06:12:12] "POST /login HTTP/1.1" 200 320 0.050372
Jul 12 06:12:12 witherspoon phosphor-gevent[1004]: ::80e9:6b76:8e91:f402%1995893532 - - [2017-07-12 06:12:12] "GET /org/openbmc/sensors/host/BootProgress/attr/value HTTP/1.1" 200 170 0.066304
Jul 12 06:12:12 witherspoon phosphor-gevent[1004]: ::80e9:6b76:8e91:f402%1995893532 - - [2017-07-12 06:12:12] "POST /login HTTP/1.1" 200 320 0.039971
Jul 12 06:12:12 witherspoon phosphor-gevent[1004]: ::80e9:6b76:8e91:f402%1995893532 - - [2017-07-12 06:12:12] "GET /xyz/openbmc_project/state/host0//attr/CurrentHostState HTTP/1.1" 404 309 0.029671
Jul 12 06:12:22 witherspoon phosphor-gevent[1004]: ::80e9:6b76:8e91:f402%1995893532 - - [2017-07-12 06:12:22] "POST /login HTTP/1.1" 200 320 0.034119
