-- Logs begin at Tue 2017-10-24 19:19:03 UTC, end at Tue 2017-10-24 19:21:54 UTC. --
Oct 24 19:19:03 witherspoon kernel: Booting Linux on physical CPU 0x0
Oct 24 19:19:03 witherspoon kernel: Linux version 4.10.17-da78428ac543d6d9ac2493dfa77364eb300a47cb (jenkins@openbmc-builder1) (gcc version 6.2.0 (GCC) ) #1 Fri Oct 20 20:00:41 UTC 2017
Oct 24 19:19:03 witherspoon kernel: CPU: ARMv6-compatible processor [410fb767] revision 7 (ARMv7), cr=00c5387d
Oct 24 19:19:03 witherspoon kernel: CPU: PIPT / VIPT nonaliasing data cache, VIPT nonaliasing instruction cache
Oct 24 19:19:03 witherspoon kernel: OF: fdt:Machine model: Witherspoon BMC
Oct 24 19:19:03 witherspoon kernel: Memory policy: Data cache writeback
Oct 24 19:19:03 witherspoon kernel: SOC Rev: 04030303
Oct 24 19:19:03 witherspoon kernel: On node 0 totalpages: 110592
Oct 24 19:19:03 witherspoon kernel: free_area_init_node: node 0, pgdat 806018a4, node_mem_map 9ec1a000
Oct 24 19:19:03 witherspoon kernel:   Normal zone: 992 pages used for memmap
Oct 24 19:19:03 witherspoon kernel:   Normal zone: 0 pages reserved
Oct 24 19:19:03 witherspoon kernel:   Normal zone: 110592 pages, LIFO batch:31
Oct 24 19:19:03 witherspoon kernel: pcpu-alloc: s0 r0 d32768 u32768 alloc=1*32768
Oct 24 19:19:03 witherspoon kernel: pcpu-alloc: [0] 0 
Oct 24 19:19:03 witherspoon kernel: Built 1 zonelists in Zone order, mobility grouping on.  Total pages: 109600
Oct 24 19:19:03 witherspoon kernel: Kernel command line: console=ttyS4,115200n8 ubi.mtd=obmc-ubi,0,0,0 ubi.mtd=alt-obmc-ubi,0,0,4 ro rootfstype=squashfs ubi.block=0,0 root=/dev/ubiblock0_0
Oct 24 19:19:03 witherspoon kernel: PID hash table entries: 2048 (order: 1, 8192 bytes)
Oct 24 19:19:03 witherspoon kernel: Dentry cache hash table entries: 65536 (order: 6, 262144 bytes)
Oct 24 19:19:03 witherspoon kernel: Inode-cache hash table entries: 32768 (order: 5, 131072 bytes)
Oct 24 19:19:03 witherspoon kernel: Memory: 431968K/442368K available (4077K kernel code, 281K rwdata, 1188K rodata, 284K init, 111K bss, 10400K reserved, 0K cma-reserved)
Oct 24 19:19:03 witherspoon kernel: Virtual kernel memory layout:
                                        vector  : 0xffff0000 - 0xffff1000   (   4 kB)
                                        fixmap  : 0xffc00000 - 0xfff00000   (3072 kB)
                                        vmalloc : 0x9f800000 - 0xff800000   (1536 MB)
                                        lowmem  : 0x80000000 - 0x9f000000   ( 496 MB)
                                          .text : 0x80008000 - 0x804037e0   (4078 kB)
                                          .init : 0x80587000 - 0x805ce000   ( 284 kB)
                                          .data : 0x805ce000 - 0x806147a8   ( 282 kB)
                                           .bss : 0x806147a8 - 0x80630658   ( 112 kB)
Oct 24 19:19:03 witherspoon kernel: NR_IRQS:16 nr_irqs:16 16
Oct 24 19:19:03 witherspoon kernel: i2c controller registered, irq 16
Oct 24 19:19:03 witherspoon kernel: clocksource: moxart_timer: mask: 0xffffffff max_cycles: 0xffffffff, max_idle_ns: 77222644334 ns
Oct 24 19:19:03 witherspoon kernel: sched_clock: 32 bits at 100 Hz, resolution 10000000ns, wraps every 21474836475000000ns
Oct 24 19:19:03 witherspoon kernel: Calibrating delay loop... 789.70 BogoMIPS (lpj=3948544)
Oct 24 19:19:03 witherspoon kernel: pid_max: default: 32768 minimum: 301
Oct 24 19:19:03 witherspoon kernel: Mount-cache hash table entries: 1024 (order: 0, 4096 bytes)
Oct 24 19:19:03 witherspoon kernel: Mountpoint-cache hash table entries: 1024 (order: 0, 4096 bytes)
Oct 24 19:19:03 witherspoon kernel: CPU: Testing write buffer coherency: ok
Oct 24 19:19:03 witherspoon kernel: ftrace: allocating 14995 entries in 44 pages
Oct 24 19:19:03 witherspoon kernel: Setting up static identity map for 0x80008200 - 0x8000825c
Oct 24 19:19:03 witherspoon kernel: devtmpfs: initialized
Oct 24 19:19:03 witherspoon kernel: clocksource: jiffies: mask: 0xffffffff max_cycles: 0xffffffff, max_idle_ns: 19112604462750000 ns
Oct 24 19:19:03 witherspoon kernel: futex hash table entries: 256 (order: -1, 3072 bytes)
Oct 24 19:19:03 witherspoon kernel: pinctrl core: initialized pinctrl subsystem
Oct 24 19:19:03 witherspoon kernel: NET: Registered protocol family 16
Oct 24 19:19:03 witherspoon kernel: DMA: preallocated 256 KiB pool for atomic coherent allocations
Oct 24 19:19:03 witherspoon kernel: usbcore: registered new interface driver usbfs
Oct 24 19:19:03 witherspoon kernel: usbcore: registered new interface driver hub
Oct 24 19:19:03 witherspoon kernel: usbcore: registered new device driver usb
Oct 24 19:19:03 witherspoon kernel: clocksource: Switched to clocksource moxart_timer
Oct 24 19:19:03 witherspoon kernel: NET: Registered protocol family 2
Oct 24 19:19:03 witherspoon kernel: TCP established hash table entries: 4096 (order: 2, 16384 bytes)
Oct 24 19:19:03 witherspoon kernel: TCP bind hash table entries: 4096 (order: 2, 16384 bytes)
Oct 24 19:19:03 witherspoon kernel: TCP: Hash tables configured (established 4096 bind 4096)
Oct 24 19:19:03 witherspoon kernel: UDP hash table entries: 256 (order: 0, 4096 bytes)
Oct 24 19:19:03 witherspoon kernel: UDP-Lite hash table entries: 256 (order: 0, 4096 bytes)
Oct 24 19:19:03 witherspoon kernel: NET: Registered protocol family 1
Oct 24 19:19:03 witherspoon kernel: workingset: timestamp_bits=30 max_order=17 bucket_order=0
Oct 24 19:19:03 witherspoon kernel: squashfs: version 4.0 (2009/01/31) Phillip Lougher
Oct 24 19:19:03 witherspoon kernel: jffs2: version 2.2. (SUMMARY)  © 2001-2006 Red Hat, Inc.
Oct 24 19:19:03 witherspoon kernel: Block layer SCSI generic (bsg) driver version 0.4 loaded (major 250)
Oct 24 19:19:03 witherspoon kernel: io scheduler noop registered
Oct 24 19:19:03 witherspoon kernel: io scheduler deadline registered
Oct 24 19:19:03 witherspoon kernel: io scheduler cfq registered (default)
Oct 24 19:19:03 witherspoon kernel: ipmi-bt-host 1e789140.ibt: Found bt bmc device
Oct 24 19:19:03 witherspoon kernel: ipmi-bt-host 1e789140.ibt: Using IRQ 22
Oct 24 19:19:03 witherspoon kernel: Serial: 8250/16550 driver, 6 ports, IRQ sharing enabled
Oct 24 19:19:03 witherspoon kernel: 1e787000.vuart: ttyS5 at MMIO 0x1e787000 (irq = 22, base_baud = 1500000) is a 16550A
Oct 24 19:19:03 witherspoon kernel: 1e783000.serial: ttyS0 at MMIO 0x1e783000 (irq = 23, base_baud = 1500000) is a 16550A
Oct 24 19:19:03 witherspoon kernel: 1e78d000.serial: ttyS1 at MMIO 0x1e78d000 (irq = 24, base_baud = 1500000) is a 16550A
Oct 24 19:19:03 witherspoon kernel: 1e784000.serial: ttyS4 at MMIO 0x1e784000 (irq = 25, base_baud = 1500000) is a 16550A
Oct 24 19:19:03 witherspoon kernel: console [ttyS4] enabled
Oct 24 19:19:03 witherspoon kernel: timeriomem_rng 1e6e2078.hwrng: 32bits from 0xf00e2078 @ 1us
Oct 24 19:19:03 witherspoon kernel: random: fast init done
Oct 24 19:19:03 witherspoon kernel: brd: module loaded
Oct 24 19:19:03 witherspoon kernel: loop: module loaded
Oct 24 19:19:03 witherspoon kernel: aspeed-lpc-ctrl 1e789080.lpc-ctrl: Loaded at 0x98000000 (0x04000000)
Oct 24 19:19:04 witherspoon kernel: aspeed-smc 1e620000.flash-controller: Using IRQ 18
Oct 24 19:19:04 witherspoon kernel: aspeed-smc 1e620000.flash-controller: DMA support disabled.
Oct 24 19:19:04 witherspoon kernel: aspeed-smc 1e620000.flash-controller: mx25l25635e (32768 Kbytes)
Oct 24 19:19:04 witherspoon kernel: aspeed-smc 1e620000.flash-controller: CE0 window [ 0x20000000 - 0x22000000 ] 32MB
Oct 24 19:19:04 witherspoon kernel: aspeed-smc 1e620000.flash-controller: CE1 window [ 0x22000000 - 0x2a000000 ] 128MB
Oct 24 19:19:04 witherspoon kernel: 3 ofpart partitions found on MTD device bmc
Oct 24 19:19:04 witherspoon kernel: Creating 3 MTD partitions on "bmc":
Oct 24 19:19:04 witherspoon kernel: 0x000000000000-0x000000060000 : "u-boot"
Oct 24 19:19:04 witherspoon kernel: 0x000000060000-0x000000080000 : "u-boot-env"
Oct 24 19:19:04 witherspoon kernel: 0x000000080000-0x000002000000 : "obmc-ubi"
Oct 24 19:19:04 witherspoon kernel: aspeed-smc 1e620000.flash-controller: mx25l25635e (32768 Kbytes)
Oct 24 19:19:04 witherspoon kernel: aspeed-smc 1e620000.flash-controller: CE1 window [ 0x22000000 - 0x24000000 ] 32MB
Oct 24 19:19:04 witherspoon kernel: aspeed-smc 1e620000.flash-controller: CE2 window [ 0x24000000 - 0x2c000000 ] 128MB
Oct 24 19:19:04 witherspoon kernel: 3 ofpart partitions found on MTD device alt-bmc
Oct 24 19:19:04 witherspoon kernel: Creating 3 MTD partitions on "alt-bmc":
Oct 24 19:19:04 witherspoon kernel: 0x000000000000-0x000000060000 : "alt-u-boot"
Oct 24 19:19:04 witherspoon kernel: 0x000000060000-0x000000080000 : "alt-u-boot-env"
Oct 24 19:19:04 witherspoon kernel: 0x000000080000-0x000002000000 : "alt-obmc-ubi"
Oct 24 19:19:04 witherspoon kernel: random: crng init done
Oct 24 19:19:04 witherspoon kernel: aspeed-smc 1e630000.flash-controller: mx66l1g45g (131072 Kbytes)
Oct 24 19:19:04 witherspoon kernel: aspeed-smc 1e630000.flash-controller: CE0 window resized to 120MB (AST2500 HW quirk)
Oct 24 19:19:04 witherspoon kernel: aspeed-smc 1e630000.flash-controller: CE0 window [ 0x30000000 - 0x37800000 ] 120MB
Oct 24 19:19:04 witherspoon kernel: aspeed-smc 1e630000.flash-controller: CE0 window too small for chip 128MB
Oct 24 19:19:04 witherspoon kernel: aspeed-smc 1e630000.flash-controller: CE1 window [ 0x37800000 - 0x38000000 ] 8MB
Oct 24 19:19:04 witherspoon kernel: libphy: Fixed MDIO Bus: probed
Oct 24 19:19:04 witherspoon kernel: ftgmac100 1e660000.ethernet: Read MAC address 70:e2:84:14:23:e1 from chip
Oct 24 19:19:04 witherspoon kernel: ftgmac100 1e660000.ethernet: Using NCSI interface
Oct 24 19:19:04 witherspoon kernel: ftgmac100 1e660000.ethernet eth0: irq 20, mapped at f0060000
Oct 24 19:19:04 witherspoon kernel: ehci_hcd: USB 2.0 'Enhanced' Host Controller (EHCI) Driver
Oct 24 19:19:04 witherspoon kernel: ehci-platform: EHCI generic platform driver
Oct 24 19:19:04 witherspoon kernel: i2c /dev entries driver
Oct 24 19:19:04 witherspoon kernel: aspeed-i2c-bus 1e78a0c0.i2c-bus: i2c bus 2 registered, irq 26
Oct 24 19:19:04 witherspoon kernel: aspeed-i2c-bus 1e78a100.i2c-bus: i2c bus 3 registered, irq 27
Oct 24 19:19:04 witherspoon kernel: aspeed-i2c-bus 1e78a140.i2c-bus: i2c bus 4 registered, irq 28
Oct 24 19:19:04 witherspoon kernel: aspeed-i2c-bus 1e78a180.i2c-bus: i2c bus 5 registered, irq 29
Oct 24 19:19:04 witherspoon kernel: aspeed-i2c-bus 1e78a380.i2c-bus: i2c bus 9 registered, irq 30
Oct 24 19:19:04 witherspoon kernel: aspeed-i2c-bus 1e78a3c0.i2c-bus: i2c bus 10 registered, irq 31
Oct 24 19:19:04 witherspoon kernel: rtc-rv8803 11-0032: Voltage low, temperature compensation stopped.
Oct 24 19:19:04 witherspoon kernel: rtc-rv8803 11-0032: An alarm maybe have been missed.
Oct 24 19:19:04 witherspoon kernel: rtc-rv8803 11-0032: rtc core: registered rx8900 as rtc0
Oct 24 19:19:04 witherspoon kernel: at24 11-0051: 8192 byte 24c64 EEPROM, writable, 1 bytes/write
Oct 24 19:19:04 witherspoon kernel: aspeed-i2c-bus 1e78a400.i2c-bus: i2c bus 11 registered, irq 32
Oct 24 19:19:04 witherspoon kernel: aspeed-i2c-bus 1e78a440.i2c-bus: i2c bus 12 registered, irq 33
Oct 24 19:19:04 witherspoon kernel: aspeed-i2c-bus 1e78a480.i2c-bus: i2c bus 13 registered, irq 34
Oct 24 19:19:04 witherspoon kernel: Driver for 1-wire Dallas network protocol.
Oct 24 19:19:04 witherspoon kernel: lm75 9-004a: hwmon0: sensor 'tmp275'
Oct 24 19:19:04 witherspoon kernel: ucd9000 11-0064: Device ID UCD90160|2.3.4.0000|110603
Oct 24 19:19:04 witherspoon kernel: leds-pca955x 3-0060: leds-pca955x: Using pca9552 16-bit LED driver at slave address 0x60
Oct 24 19:19:04 witherspoon kernel: leds-pca955x 3-0060: gpios 238...253
Oct 24 19:19:04 witherspoon kernel: leds-pca955x 11-0060: leds-pca955x: Using pca9552 16-bit LED driver at slave address 0x60
Oct 24 19:19:04 witherspoon kernel: leds-pca955x 11-0060: gpios 222...237
Oct 24 19:19:04 witherspoon kernel: usbcore: registered new interface driver usbhid
Oct 24 19:19:04 witherspoon kernel: usbhid: USB HID core driver
Oct 24 19:19:04 witherspoon kernel: NET: Registered protocol family 10
Oct 24 19:19:04 witherspoon kernel: Segment Routing with IPv6
Oct 24 19:19:04 witherspoon kernel: NET: Registered protocol family 17
Oct 24 19:19:04 witherspoon kernel: 8021q: 802.1Q VLAN Support v1.8
Oct 24 19:19:04 witherspoon kernel: input: gpio-keys-polled as /devices/platform/gpio-keys-polled/input/input1
Oct 24 19:19:04 witherspoon kernel: ubi0: default fastmap pool size: 25
Oct 24 19:19:04 witherspoon kernel: ubi0: default fastmap WL pool size: 12
Oct 24 19:19:04 witherspoon kernel: ubi0: attaching mtd3
Oct 24 19:19:04 witherspoon kernel: ubi0: scanning is finished
Oct 24 19:19:04 witherspoon kernel: ubi0: attached mtd3 (name "obmc-ubi", size 31 MiB)
Oct 24 19:19:04 witherspoon kernel: ubi0: PEB size: 65536 bytes (64 KiB), LEB size: 65408 bytes
Oct 24 19:19:04 witherspoon kernel: ubi0: min./max. I/O unit sizes: 1/256, sub-page size 1
Oct 24 19:19:04 witherspoon kernel: ubi0: VID header offset: 64 (aligned 64), data offset: 128
Oct 24 19:19:04 witherspoon kernel: ubi0: good PEBs: 504, bad PEBs: 0, corrupted PEBs: 0
Oct 24 19:19:04 witherspoon kernel: ubi0: user volume: 4, internal volumes: 1, max. volumes count: 128
Oct 24 19:19:04 witherspoon kernel: ubi0: max/mean erase counter: 182/158, WL threshold: 4096, image sequence number: 1358235831
Oct 24 19:19:04 witherspoon kernel: ubi0: available PEBs: 46, total reserved PEBs: 458, PEBs reserved for bad PEB handling: 0
Oct 24 19:19:04 witherspoon kernel: ubi0: background thread "ubi_bgt0d" started, PID 507
Oct 24 19:19:04 witherspoon kernel: ubi4: default fastmap pool size: 25
Oct 24 19:19:04 witherspoon kernel: ubi4: default fastmap WL pool size: 12
Oct 24 19:19:04 witherspoon kernel: ubi4: attaching mtd7
Oct 24 19:19:04 witherspoon kernel: ubi4: scanning is finished
Oct 24 19:19:04 witherspoon kernel: ubi4: attached mtd7 (name "alt-obmc-ubi", size 31 MiB)
Oct 24 19:19:04 witherspoon kernel: ubi4: PEB size: 65536 bytes (64 KiB), LEB size: 65408 bytes
Oct 24 19:19:04 witherspoon kernel: ubi4: min./max. I/O unit sizes: 1/256, sub-page size 1
Oct 24 19:19:04 witherspoon kernel: ubi4: VID header offset: 64 (aligned 64), data offset: 128
Oct 24 19:19:04 witherspoon kernel: ubi4: good PEBs: 504, bad PEBs: 0, corrupted PEBs: 0
Oct 24 19:19:04 witherspoon kernel: ubi4: user volume: 4, internal volumes: 1, max. volumes count: 128
Oct 24 19:19:04 witherspoon kernel: ubi4: max/mean erase counter: 157/126, WL threshold: 4096, image sequence number: 1358235831
Oct 24 19:19:04 witherspoon kernel: ubi4: available PEBs: 46, total reserved PEBs: 458, PEBs reserved for bad PEB handling: 0
Oct 24 19:19:04 witherspoon kernel: ubi4: background thread "ubi_bgt4d" started, PID 513
Oct 24 19:19:04 witherspoon kernel: block ubiblock0_0: created from ubi0:0(rofs-3badbe1f)
Oct 24 19:19:04 witherspoon kernel: console [netcon0] enabled
Oct 24 19:19:04 witherspoon kernel: netconsole: network logging started
Oct 24 19:19:04 witherspoon kernel: input: gpio-keys as /devices/platform/gpio-keys/input/input2
Oct 24 19:19:04 witherspoon kernel: rtc-rv8803 11-0032: setting system clock to 2017-10-24 19:18:57 UTC (1508872737)
Oct 24 19:19:04 witherspoon kernel: VFS: Mounted root (squashfs filesystem) readonly on device 254:0.
Oct 24 19:19:04 witherspoon kernel: devtmpfs: mounted
Oct 24 19:19:04 witherspoon kernel: Freeing unused kernel memory: 284K
Oct 24 19:19:04 witherspoon kernel: This architecture does not have kernel memory protection.
Oct 24 19:19:04 witherspoon systemd[1]: Failed to insert module 'autofs4': No such file or directory
Oct 24 19:19:04 witherspoon systemd[1]: systemd 232 running in system mode. (+PAM -AUDIT -SELINUX -IMA -APPARMOR -SMACK +SYSVINIT -UTMP -LIBCRYPTSETUP -GCRYPT -GNUTLS +ACL +XZ -LZ4 -SECCOMP +BLKID -ELFUTILS +KMOD -IDN)
Oct 24 19:19:04 witherspoon systemd[1]: Detected architecture arm.
Oct 24 19:19:04 witherspoon systemd[1]: Set hostname to <witherspoon>.
Oct 24 19:19:04 witherspoon systemd[1]: Initializing machine ID from random generator.
Oct 24 19:19:04 witherspoon systemd[1]: Installed transient /etc/machine-id file.
Oct 24 19:19:04 witherspoon systemd[1]: Listening on /dev/initctl Compatibility Named Pipe.
Oct 24 19:19:04 witherspoon systemd[1]: Listening on Network Service Netlink Socket.
Oct 24 19:19:04 witherspoon systemd[1]: Listening on udev Control Socket.
Oct 24 19:19:04 witherspoon systemd[1]: Listening on Process Core Dump Socket.
Oct 24 19:19:04 witherspoon systemd[1]: Started Dispatch Password Requests to Console Directory Watch.
Oct 24 19:19:04 witherspoon systemd[1]: Started Create Static Device Nodes in /dev.
Oct 24 19:19:05 witherspoon systemd-journald[542]: Journal started
Oct 24 19:19:05 witherspoon systemd-journald[542]: Runtime journal (/run/log/journal/cbdb70ccfc0b49a1bda52960868b2c59) is 0B, max 0B, 0B free.
Oct 24 19:19:05 witherspoon systemd[1]: Starting udev Kernel Device Manager...
Oct 24 19:19:05 witherspoon systemd[1]: Reached target Local File Systems (Pre).
Oct 24 19:19:05 witherspoon systemd[1]: Mounting /usr/local...
Oct 24 19:19:05 witherspoon systemd[1]: Mounting /media...
Oct 24 19:19:05 witherspoon systemd[1]: Mounted /usr/local.
Oct 24 19:19:05 witherspoon systemd[1]: Mounted /media.
Oct 24 19:19:05 witherspoon systemd-sysctl[531]: Couldn't write '16' to 'kernel/sysrq', ignoring: No such file or directory
Oct 24 19:19:05 witherspoon systemd[1]: Started Journal Service.
Oct 24 19:19:05 witherspoon systemd-sysctl[531]: Couldn't write 'fq_codel' to 'net/core/default_qdisc', ignoring: No such file or directory
Oct 24 19:19:05 witherspoon systemd[1]: Started udev Kernel Device Manager.
Oct 24 19:19:06 witherspoon systemd[1]: Started udev Coldplug all Devices.
Oct 24 19:19:06 witherspoon systemd[1]: Found device /dev/aspeed-mbox.
Oct 24 19:19:07 witherspoon systemd[1]: Created slice system-xyz.openbmc_project.Hwmon.slice.
Oct 24 19:19:07 witherspoon systemd[1]: dev-hugepages.mount: Couldn't determine result for ConditionVirtualization=!private-users, assuming failed: No such file or directory
Oct 24 19:19:07 witherspoon systemd[1]: Found device /dev/ttyS4.
Oct 24 19:19:07 witherspoon systemd[1]: Found device /dev/aspeed-lpc-ctrl.
Oct 24 19:19:07 witherspoon systemd[1]: Found device /dev/ttyVUART0.
Oct 24 19:19:07 witherspoon systemd[1]: dev-hugepages.mount: Couldn't determine result for ConditionVirtualization=!private-users, assuming failed: No such file or directory
Oct 24 19:19:07 witherspoon systemd[1]: dev-hugepages.mount: Couldn't determine result for ConditionVirtualization=!private-users, assuming failed: No such file or directory
Oct 24 19:19:08 witherspoon systemd[1]: Started Factory reset BMC if reset enabled.
Oct 24 19:19:09 witherspoon systemd[1]: Created slice system-xyz.openbmc_project.led.controller.slice.
Oct 24 19:19:09 witherspoon systemd[1]: Starting Factory reset BMC if reset enabled...
Oct 24 19:19:09 witherspoon systemd[1]: dev-hugepages.mount: Couldn't determine result for ConditionVirtualization=!private-users, assuming failed: No such file or directory
Oct 24 19:19:10 witherspoon systemd[1]: Started Factory reset BMC if reset enabled.
Oct 24 19:19:10 witherspoon kernel: UBIFS (ubi0:2): background thread "ubifs_bgt0_2" started, PID 942
Oct 24 19:19:10 witherspoon kernel: UBIFS (ubi0:2): UBIFS: mounted UBI device 0, volume 2, name "rwfs"
Oct 24 19:19:10 witherspoon kernel: UBIFS (ubi0:2): LEB size: 65408 bytes (63 KiB), min./max. I/O unit sizes: 8 bytes/256 bytes
Oct 24 19:19:10 witherspoon kernel: UBIFS (ubi0:2): FS size: 3597440 bytes (3 MiB, 55 LEBs), journal size 719488 bytes (0 MiB, 11 LEBs)
Oct 24 19:19:10 witherspoon kernel: UBIFS (ubi0:2): reserved for root: 0 bytes (0 KiB)
Oct 24 19:19:10 witherspoon kernel: UBIFS (ubi0:2): media format: w4/r0 (latest is w5/r0), UUID F6AF7850-1C6E-4E2A-94BB-A56899CAF080, small LPT model
Oct 24 19:19:10 witherspoon systemd[1]: var.mount: Directory /var to mount over is not empty, mounting anyway.
Oct 24 19:19:10 witherspoon systemd[1]: Mounting /var...
Oct 24 19:19:10 witherspoon systemd[1]: Mounted /var.
Oct 24 19:19:10 witherspoon systemd[1]: Mounting /var/volatile...
Oct 24 19:19:10 witherspoon systemd[1]: Starting Flush Journal to Persistent Storage...
Oct 24 19:19:10 witherspoon systemd[1]: Starting Prepare for overlay fs...
Oct 24 19:19:10 witherspoon sh[946]: /etc is not a mountpoint
Oct 24 19:19:11 witherspoon systemd[1]: Mounted /var/volatile.
Oct 24 19:19:11 witherspoon systemd[1]: Starting Load/Save Random Seed...
Oct 24 19:19:11 witherspoon systemd[1]: Started Prepare for overlay fs.
Oct 24 19:19:11 witherspoon systemd[1]: Started Load/Save Random Seed.
Oct 24 19:19:11 witherspoon systemd-journald[542]: Runtime journal (/run/log/journal/cbdb70ccfc0b49a1bda52960868b2c59) is 0B, max 0B, 0B free.
Oct 24 19:19:11 witherspoon systemd[1]: Started Flush Journal to Persistent Storage.
Oct 24 19:19:11 witherspoon systemd[1]: home.mount: Directory /home to mount over is not empty, mounting anyway.
Oct 24 19:19:11 witherspoon systemd[1]: Mounting /home...
Oct 24 19:19:11 witherspoon systemd[1]: etc.mount: Directory /etc to mount over is not empty, mounting anyway.
Oct 24 19:19:11 witherspoon systemd[1]: Mounting /etc...
Oct 24 19:19:11 witherspoon systemd[1]: Mounted /home.
Oct 24 19:19:11 witherspoon systemd[1]: Mounted /etc.
Oct 24 19:19:11 witherspoon systemd[1]: Reached target Local File Systems.
Oct 24 19:19:11 witherspoon systemd[1]: Starting Create Volatile Files and Directories...
Oct 24 19:19:11 witherspoon systemd[1]: Started Create Volatile Files and Directories.
Oct 24 19:19:11 witherspoon systemd[1]: Starting Network Time Synchronization...
Oct 24 19:19:12 witherspoon systemd[1]: Started Network Time Synchronization.
Oct 24 19:19:12 witherspoon systemd[1]: Reached target System Time Synchronized.
Oct 24 19:19:12 witherspoon systemd[1]: Reached target System Initialization.
Oct 24 19:19:12 witherspoon systemd[1]: Listening on phosphor-ipmi-net.socket.
Oct 24 19:19:12 witherspoon systemd[1]: Listening on Phosphor DBUS Browser socket.
Oct 24 19:19:12 witherspoon systemd[1]: Listening on Avahi mDNS/DNS-SD Stack Activation Socket.
Oct 24 19:19:12 witherspoon systemd[1]: Listening on Phosphor Host Console SSH Per-Connection socket.
Oct 24 19:19:12 witherspoon systemd[1]: Listening on Phosphor Webserver socket.
Oct 24 19:19:12 witherspoon systemd[1]: Started Daily Cleanup of Temporary Directories.
Oct 24 19:19:12 witherspoon systemd[1]: Reached target Timers.
Oct 24 19:19:12 witherspoon systemd[1]: Listening on D-Bus System Message Bus Socket.
Oct 24 19:19:12 witherspoon systemd[1]: Listening on dropbear.socket.
Oct 24 19:19:12 witherspoon systemd[1]: Reached target Sockets.
Oct 24 19:19:12 witherspoon systemd[1]: Reached target Basic System.
Oct 24 19:19:12 witherspoon systemd[1]: Starting Phosphor Dump Manager...
Oct 24 19:19:12 witherspoon systemd[1]: Starting Remount the squashfs and ubi volumes after a reboot...
Oct 24 19:19:12 witherspoon systemd[1]: Started Phosphor sysfs LED controller.
Oct 24 19:19:12 witherspoon systemd[1]: Starting Phosphor Settings Daemon...
Oct 24 19:19:12 witherspoon systemd[1]: Starting Phosphor LED Group Management Daemon...
Oct 24 19:19:12 witherspoon systemd[1]: Starting Phosphor Download Manager...
Oct 24 19:19:12 witherspoon systemd[1]: Starting Avahi mDNS/DNS-SD Stack...
Oct 24 19:19:12 witherspoon systemd[1]: Started Phosphor sysfs LED controller.
Oct 24 19:19:12 witherspoon systemd[1]: Started Hardware RNG Entropy Gatherer Daemon.
Oct 24 19:19:13 witherspoon systemd[1]: Started Phosphor Console Muxer listening on device /dev/ttyVUART0.
Oct 24 19:19:13 witherspoon systemd[1]: Started System Logging Service.
Oct 24 19:19:13 witherspoon systemd[1]: Starting Set U-Boot environment variable...
Oct 24 19:19:13 witherspoon systemd[1]: Started Phosphor sysfs LED controller.
Oct 24 19:19:13 witherspoon systemd[1]: Started Phosphor sysfs LED controller.
Oct 24 19:19:13 witherspoon systemd[1]: Started Phosphor sysfs LED controller.
Oct 24 19:19:13 witherspoon systemd[1]: Starting Phosphor User Manager...
Oct 24 19:19:13 witherspoon systemd[1]: Started Phosphor sysfs LED controller.
Oct 24 19:19:13 witherspoon systemd[1]: Starting Clear one time boot overrides...
Oct 24 19:19:13 witherspoon systemd[1]: Starting Phosphor Network Manager...
Oct 24 19:19:13 witherspoon systemd[1]: Starting Phosphor Download Manager...
Oct 24 19:19:13 witherspoon systemd[1]: Starting Phosphor Inventory Manager...
Oct 24 19:19:13 witherspoon systemd[1]: Starting Phosphor BMC0 Control...
Oct 24 19:19:13 witherspoon systemd[1]: Starting Phosphor DBus Service Discovery Manager...
Oct 24 19:19:14 witherspoon kernel[992]: klogd started: BusyBox v1.24.1 (2017-10-11 20:44:07 UTC)
Oct 24 19:19:14 witherspoon systemd[1]: Started Kernel Logging Service.
Oct 24 19:19:14 witherspoon kernel[992]: [    0.000000] Booting Linux on physical CPU 0x0
Oct 24 19:19:14 witherspoon systemd[1]: Reached target Containers.
Oct 24 19:19:14 witherspoon kernel[992]: [    0.000000] Linux version 4.10.17-da78428ac543d6d9ac2493dfa77364eb300a47cb (jenkins@openbmc-builder1) (gcc version 6.2.0 (GCC) ) #1 Fri Oct 20 20:00:41 UTC 2017
Oct 24 19:19:14 witherspoon systemd[1]: Starting Phosphor Sensor Manager...
Oct 24 19:19:14 witherspoon kernel[992]: [    0.000000] CPU: ARMv6-compatible processor [410fb767] revision 7 (ARMv7), cr=00c5387d
Oct 24 19:19:14 witherspoon systemd[1]: Starting Phosphor IPMI BT DBus Bridge...
Oct 24 19:19:14 witherspoon kernel[992]: [    0.000000] CPU: PIPT / VIPT nonaliasing data cache, VIPT nonaliasing instruction cache
Oct 24 19:19:14 witherspoon systemd[1]: Started Phosphor Dump core monitor..
Oct 24 19:19:14 witherspoon kernel[992]: [    0.000000] OF: fdt:Machine model: Witherspoon BMC
Oct 24 19:19:14 witherspoon systemd[1]: Starting Phosphor Inventory Manager...
Oct 24 19:19:14 witherspoon kernel[992]: [    0.000000] Memory policy: Data cache writeback
Oct 24 19:19:14 witherspoon systemd[1]: Started Phosphor sysfs LED controller.
Oct 24 19:19:14 witherspoon kernel[992]: [    0.000000] SOC Rev: 04030303
Oct 24 19:19:14 witherspoon systemd[1]: Started Phosphor sysfs LED controller.
Oct 24 19:19:14 witherspoon kernel[992]: [    0.000000] On node 0 totalpages: 110592
Oct 24 19:19:14 witherspoon systemd[1]: Starting Check PNOR UBI format...
Oct 24 19:19:14 witherspoon kernel[992]: [    0.000000] free_area_init_node: node 0, pgdat 806018a4, node_mem_map 9ec1a000
Oct 24 19:19:14 witherspoon systemd[1]: Starting Phosphor Chassis0 Control...
Oct 24 19:19:14 witherspoon kernel[992]: [    0.000000]   Normal zone: 992 pages used for memmap
Oct 24 19:19:14 witherspoon systemd[1]: Started Phosphor sysfs LED controller.
Oct 24 19:19:14 witherspoon kernel[992]: [    0.000000]   Normal zone: 0 pages reserved
Oct 24 19:19:14 witherspoon systemd[1]: Started Phosphor sysfs LED controller.
Oct 24 19:19:15 witherspoon kernel: ubi8: default fastmap pool size: 100
Oct 24 19:19:15 witherspoon kernel: ubi8: default fastmap WL pool size: 50
Oct 24 19:19:15 witherspoon kernel: ubi8: attaching mtd8
Oct 24 19:19:14 witherspoon kernel[992]: [    0.000000]   Normal zone: 110592 pages, LIFO batch:31
Oct 24 19:19:14 witherspoon systemd[1]: Starting Phosphor Log Manager...
Oct 24 19:19:14 witherspoon kernel[992]: [    0.000000] pcpu-alloc: s0 r0 d32768 u32768 alloc=1*32768
Oct 24 19:19:14 witherspoon systemd[1]: Started D-Bus System Message Bus.
Oct 24 19:19:14 witherspoon kernel[992]: [    0.000000] pcpu-alloc: [0] 0
Oct 24 19:19:14 witherspoon kernel[992]: [    0.000000] Built 1 zonelists in Zone order, mobility grouping on.  Total pages: 109600
Oct 24 19:19:14 witherspoon kernel[992]: [    0.000000] Kernel command line: console=ttyS4,115200n8 ubi.mtd=obmc-ubi,0,0,0 ubi.mtd=alt-obmc-ubi,0,0,4 ro rootfstype=squashfs ubi.block=0,0 root=/dev/ubiblock0_0
Oct 24 19:19:14 witherspoon kernel[992]: [    0.000000] PID hash table entries: 2048 (order: 1, 8192 bytes)
Oct 24 19:19:14 witherspoon kernel[992]: [    0.000000] Dentry cache hash table entries: 65536 (order: 6, 262144 bytes)
Oct 24 19:19:14 witherspoon kernel[992]: [    0.000000] Inode-cache hash table entries: 32768 (order: 5, 131072 bytes)
Oct 24 19:19:14 witherspoon kernel[992]: [    0.000000] Memory: 431968K/442368K available (4077K kernel code, 281K rwdata, 1188K rodata, 284K init, 111K bss, 10400K reserved, 0K cma-reserved)
Oct 24 19:19:14 witherspoon kernel[992]: [    0.000000] Virtual kernel memory layout:
Oct 24 19:19:14 witherspoon kernel[992]: [    0.000000]     vector  : 0xffff0000 - 0xffff1000   (   4 kB)
Oct 24 19:19:14 witherspoon kernel[992]: [    0.000000]     fixmap  : 0xffc00000 - 0xfff00000   (3072 kB)
Oct 24 19:19:14 witherspoon kernel[992]: [    0.000000]     vmalloc : 0x9f800000 - 0xff800000   (1536 MB)
Oct 24 19:19:14 witherspoon kernel[992]: [    0.000000]     lowmem  : 0x80000000 - 0x9f000000   ( 496 MB)
Oct 24 19:19:14 witherspoon kernel[992]: [    0.000000]       .text : 0x80008000 - 0x804037e0   (4078 kB)
Oct 24 19:19:14 witherspoon kernel[992]: [    0.000000]       .init : 0x80587000 - 0x805ce000   ( 284 kB)
Oct 24 19:19:14 witherspoon kernel[992]: [    0.000000]       .data : 0x805ce000 - 0x806147a8   ( 282 kB)
Oct 24 19:19:14 witherspoon kernel[992]: [    0.000000]        .bss : 0x806147a8 - 0x80630658   ( 112 kB)
Oct 24 19:19:14 witherspoon kernel[992]: [    0.000000] NR_IRQS:16 nr_irqs:16 16
Oct 24 19:19:14 witherspoon kernel[992]: [    0.000000] i2c controller registered, irq 16
Oct 24 19:19:14 witherspoon kernel[992]: [    0.000000] clocksource: moxart_timer: mask: 0xffffffff max_cycles: 0xffffffff, max_idle_ns: 77222644334 ns
Oct 24 19:19:14 witherspoon kernel[992]: [    0.000000] sched_clock: 32 bits at 100 Hz, resolution 10000000ns, wraps every 21474836475000000ns
Oct 24 19:19:14 witherspoon kernel[992]: [    0.090000] Calibrating delay loop... 789.70 BogoMIPS (lpj=3948544)
Oct 24 19:19:14 witherspoon kernel[992]: [    0.090000] pid_max: default: 32768 minimum: 301
Oct 24 19:19:14 witherspoon kernel[992]: [    0.090000] Mount-cache hash table entries: 1024 (order: 0, 4096 bytes)
Oct 24 19:19:14 witherspoon kernel[992]: [    0.090000] Mountpoint-cache hash table entries: 1024 (order: 0, 4096 bytes)
Oct 24 19:19:14 witherspoon kernel[992]: [    0.090000] CPU: Testing write buffer coherency: ok
Oct 24 19:19:15 witherspoon kernel: ubi8: scanning is finished
Oct 24 19:19:15 witherspoon kernel: ubi8: attached mtd8 (name "pnor", size 128 MiB)
Oct 24 19:19:15 witherspoon kernel: ubi8: PEB size: 65536 bytes (64 KiB), LEB size: 65408 bytes
Oct 24 19:19:15 witherspoon kernel: ubi8: min./max. I/O unit sizes: 1/256, sub-page size 1
Oct 24 19:19:15 witherspoon kernel: ubi8: VID header offset: 64 (aligned 64), data offset: 128
Oct 24 19:19:15 witherspoon kernel: ubi8: good PEBs: 2048, bad PEBs: 0, corrupted PEBs: 0
Oct 24 19:19:15 witherspoon kernel: ubi8: user volume: 6, internal volumes: 1, max. volumes count: 128
Oct 24 19:19:15 witherspoon kernel: ubi8: max/mean erase counter: 42/29, WL threshold: 4096, image sequence number: 91395301
Oct 24 19:19:15 witherspoon kernel: ubi8: available PEBs: 468, total reserved PEBs: 1580, PEBs reserved for bad PEB handling: 0
Oct 24 19:19:15 witherspoon kernel: ubi8: background thread "ubi_bgt8d" started, PID 1022
Oct 24 19:19:14 witherspoon kernel[992]: [    0.090000] ftrace: allocating 14995 entries in 44 pages
Oct 24 19:19:15 witherspoon obmc-flash-bios[966]: UBI device number 8, total 2048 LEBs (133955584 bytes, 127.8 MiB), available 468 LEBs (30610944 bytes, 29.2 MiB), LEB size 65408 bytes (63.9 KiB)
Oct 24 19:19:14 witherspoon kernel[992]: [    0.120000] Setting up static identity map for 0x80008200 - 0x8000825c
Oct 24 19:19:14 witherspoon kernel[992]: [    0.120000] devtmpfs: initialized
Oct 24 19:19:14 witherspoon kernel[992]: [    0.140000] clocksource: jiffies: mask: 0xffffffff max_cycles: 0xffffffff, max_idle_ns: 19112604462750000 ns
Oct 24 19:19:14 witherspoon kernel[992]: [    0.140000] futex hash table entries: 256 (order: -1, 3072 bytes)
Oct 24 19:19:14 witherspoon kernel[992]: [    0.140000] pinctrl core: initialized pinctrl subsystem
Oct 24 19:19:14 witherspoon kernel[992]: [    0.140000] NET: Registered protocol family 16
Oct 24 19:19:14 witherspoon kernel[992]: [    0.140000] DMA: preallocated 256 KiB pool for atomic coherent allocations
Oct 24 19:19:14 witherspoon kernel[992]: [    0.220000] usbcore: registered new interface driver usbfs
Oct 24 19:19:14 witherspoon kernel[992]: [    0.220000] usbcore: registered new interface driver hub
Oct 24 19:19:14 witherspoon kernel[992]: [    0.220000] usbcore: registered new device driver usb
Oct 24 19:19:14 witherspoon kernel[992]: [    0.230000] clocksource: Switched to clocksource moxart_timer
Oct 24 19:19:14 witherspoon kernel[992]: [    0.250000] NET: Registered protocol family 2
Oct 24 19:19:14 witherspoon kernel[992]: [    0.250000] TCP established hash table entries: 4096 (order: 2, 16384 bytes)
Oct 24 19:19:14 witherspoon kernel[992]: [    0.250000] TCP bind hash table entries: 4096 (order: 2, 16384 bytes)
Oct 24 19:19:14 witherspoon kernel[992]: [    0.250000] TCP: Hash tables configured (established 4096 bind 4096)
Oct 24 19:19:14 witherspoon kernel[992]: [    0.250000] UDP hash table entries: 256 (order: 0, 4096 bytes)
Oct 24 19:19:14 witherspoon kernel[992]: [    0.250000] UDP-Lite hash table entries: 256 (order: 0, 4096 bytes)
Oct 24 19:19:14 witherspoon kernel[992]: [    0.250000] NET: Registered protocol family 1
Oct 24 19:19:14 witherspoon kernel[992]: [    0.250000] workingset: timestamp_bits=30 max_order=17 bucket_order=0
Oct 24 19:19:14 witherspoon kernel[992]: [    0.250000] squashfs: version 4.0 (2009/01/31) Phillip Lougher
Oct 24 19:19:14 witherspoon kernel[992]: [    0.250000] jffs2: version 2.2. (SUMMARY)  © 2001-2006 Red Hat, Inc.
Oct 24 19:19:14 witherspoon kernel[992]: [    0.250000] Block layer SCSI generic (bsg) driver version 0.4 loaded (major 250)
Oct 24 19:19:14 witherspoon kernel[992]: [    0.250000] io scheduler noop registered
Oct 24 19:19:14 witherspoon kernel[992]: [    0.250000] io scheduler deadline registered
Oct 24 19:19:14 witherspoon kernel[992]: [    0.250000] io scheduler cfq registered (default)
Oct 24 19:19:14 witherspoon kernel[992]: [    0.270000] ipmi-bt-host 1e789140.ibt: Found bt bmc device
Oct 24 19:19:14 witherspoon kernel[992]: [    0.270000] ipmi-bt-host 1e789140.ibt: Using IRQ 22
Oct 24 19:19:14 witherspoon kernel[992]: [    0.270000] Serial: 8250/16550 driver, 6 ports, IRQ sharing enabled
Oct 24 19:19:14 witherspoon kernel[992]: [    0.300000] 1e787000.vuart: ttyS5 at MMIO 0x1e787000 (irq = 22, base_baud = 1500000) is a 16550A
Oct 24 19:19:14 witherspoon kernel[992]: [    0.300000] 1e783000.serial: ttyS0 at MMIO 0x1e783000 (irq = 23, base_baud = 1500000) is a 16550A
Oct 24 19:19:14 witherspoon kernel[992]: [    0.300000] 1e78d000.serial: ttyS1 at MMIO 0x1e78d000 (irq = 24, base_baud = 1500000) is a 16550A
Oct 24 19:19:14 witherspoon kernel[992]: [    0.300000] 1e784000.serial: ttyS4 at MMIO 0x1e784000 (irq = 25, base_baud = 1500000) is a 16550A
Oct 24 19:19:14 witherspoon kernel[992]: [    0.650000] console [ttyS4] enabled
Oct 24 19:19:14 witherspoon kernel[992]: [    0.790000] timeriomem_rng 1e6e2078.hwrng: 32bits from 0xf00e2078 @ 1us
Oct 24 19:19:14 witherspoon kernel[992]: [    0.810000] random: fast init done
Oct 24 19:19:14 witherspoon kernel[992]: [    0.850000] brd: module loaded
Oct 24 19:19:14 witherspoon kernel[992]: [    0.870000] loop: module loaded
Oct 24 19:19:14 witherspoon kernel[992]: [    0.880000] aspeed-lpc-ctrl 1e789080.lpc-ctrl: Loaded at 0x98000000 (0x04000000)
Oct 24 19:19:14 witherspoon kernel[992]: [    0.890000] aspeed-smc 1e620000.flash-controller: Using IRQ 18
Oct 24 19:19:14 witherspoon kernel[992]: [    0.890000] aspeed-smc 1e620000.flash-controller: DMA support disabled.
Oct 24 19:19:14 witherspoon kernel[992]: [    0.890000] aspeed-smc 1e620000.flash-controller: mx25l25635e (32768 Kbytes)
Oct 24 19:19:14 witherspoon kernel[992]: [    0.910000] aspeed-smc 1e620000.flash-controller: CE0 window [ 0x20000000 - 0x22000000 ] 32MB
Oct 24 19:19:14 witherspoon kernel[992]: [    0.910000] aspeed-smc 1e620000.flash-controller: CE1 window [ 0x22000000 - 0x2a000000 ] 128MB
Oct 24 19:19:14 witherspoon kernel[992]: [    0.910000] 3 ofpart partitions found on MTD device bmc
Oct 24 19:19:14 witherspoon kernel[992]: [    0.910000] Creating 3 MTD partitions on "bmc":
Oct 24 19:19:14 witherspoon kernel[992]: [    0.940000] 0x000000000000-0x000000060000 : "u-boot"
Oct 24 19:19:14 witherspoon kernel[992]: [    0.940000] 0x000000060000-0x000000080000 : "u-boot-env"
Oct 24 19:19:14 witherspoon kernel[992]: [    0.940000] 0x000000080000-0x000002000000 : "obmc-ubi"
Oct 24 19:19:14 witherspoon kernel[992]: [    0.940000] aspeed-smc 1e620000.flash-controller: mx25l25635e (32768 Kbytes)
Oct 24 19:19:14 witherspoon kernel[992]: [    0.940000] aspeed-smc 1e620000.flash-controller: CE1 window [ 0x22000000 - 0x24000000 ] 32MB
Oct 24 19:19:14 witherspoon kernel[992]: [    0.980000] aspeed-smc 1e620000.flash-controller: CE2 window [ 0x24000000 - 0x2c000000 ] 128MB
Oct 24 19:19:14 witherspoon kernel[992]: [    0.980000] 3 ofpart partitions found on MTD device alt-bmc
Oct 24 19:19:14 witherspoon kernel[992]: [    0.980000] Creating 3 MTD partitions on "alt-bmc":
Oct 24 19:19:14 witherspoon kernel[992]: [    0.980000] 0x000000000000-0x000000060000 : "alt-u-boot"
Oct 24 19:19:14 witherspoon kernel[992]: [    0.980000] 0x000000060000-0x000000080000 : "alt-u-boot-env"
Oct 24 19:19:14 witherspoon kernel[992]: [    0.980000] 0x000000080000-0x000002000000 : "alt-obmc-ubi"
Oct 24 19:19:14 witherspoon kernel[992]: [    1.030000] random: crng init done
Oct 24 19:19:14 witherspoon kernel[992]: [    1.040000] aspeed-smc 1e630000.flash-controller: mx66l1g45g (131072 Kbytes)
Oct 24 19:19:14 witherspoon kernel[992]: [    1.050000] aspeed-smc 1e630000.flash-controller: CE0 window resized to 120MB (AST2500 HW quirk)
Oct 24 19:19:14 witherspoon kernel[992]: [    1.050000] aspeed-smc 1e630000.flash-controller: CE0 window [ 0x30000000 - 0x37800000 ] 120MB
Oct 24 19:19:14 witherspoon kernel[992]: [    1.070000] aspeed-smc 1e630000.flash-controller: CE0 window too small for chip 128MB
Oct 24 19:19:14 witherspoon kernel[992]: [    1.070000] aspeed-smc 1e630000.flash-controller: CE1 window [ 0x37800000 - 0x38000000 ] 8MB
Oct 24 19:19:14 witherspoon kernel[992]: [    1.840000] libphy: Fixed MDIO Bus: probed
Oct 24 19:19:14 witherspoon kernel[992]: [    1.840000] ftgmac100 1e660000.ethernet: Read MAC address 70:e2:84:14:23:e1 from chip
Oct 24 19:19:14 witherspoon kernel[992]: [    1.840000] ftgmac100 1e660000.ethernet: Using NCSI interface
Oct 24 19:19:14 witherspoon kernel[992]: [    1.840000] ftgmac100 1e660000.ethernet eth0: irq 20, mapped at f0060000
Oct 24 19:19:14 witherspoon kernel[992]: [    1.840000] ehci_hcd: USB 2.0 'Enhanced' Host Controller (EHCI) Driver
Oct 24 19:19:14 witherspoon kernel[992]: [    1.840000] ehci-platform: EHCI generic platform driver
Oct 24 19:19:14 witherspoon kernel[992]: [    2.050000] i2c /dev entries driver
Oct 24 19:19:14 witherspoon kernel[992]: [    2.050000] aspeed-i2c-bus 1e78a0c0.i2c-bus: i2c bus 2 registered, irq 26
Oct 24 19:19:14 witherspoon kernel[992]: [    2.050000] aspeed-i2c-bus 1e78a100.i2c-bus: i2c bus 3 registered, irq 27
Oct 24 19:19:14 witherspoon kernel[992]: [    2.050000] aspeed-i2c-bus 1e78a140.i2c-bus: i2c bus 4 registered, irq 28
Oct 24 19:19:14 witherspoon kernel[992]: [    2.050000] aspeed-i2c-bus 1e78a180.i2c-bus: i2c bus 5 registered, irq 29
Oct 24 19:19:14 witherspoon kernel[992]: [    2.050000] aspeed-i2c-bus 1e78a380.i2c-bus: i2c bus 9 registered, irq 30
Oct 24 19:19:14 witherspoon kernel[992]: [    2.050000] aspeed-i2c-bus 1e78a3c0.i2c-bus: i2c bus 10 registered, irq 31
Oct 24 19:19:14 witherspoon kernel[992]: [    2.050000] rtc-rv8803 11-0032: Voltage low, temperature compensation stopped.
Oct 24 19:19:14 witherspoon kernel[992]: [    2.050000] rtc-rv8803 11-0032: An alarm maybe have been missed.
Oct 24 19:19:14 witherspoon kernel[992]: [    2.150000] rtc-rv8803 11-0032: rtc core: registered rx8900 as rtc0
Oct 24 19:19:14 witherspoon kernel[992]: [    2.160000] at24 11-0051: 8192 byte 24c64 EEPROM, writable, 1 bytes/write
Oct 24 19:19:14 witherspoon kernel[992]: [    2.160000] aspeed-i2c-bus 1e78a400.i2c-bus: i2c bus 11 registered, irq 32
Oct 24 19:19:14 witherspoon kernel[992]: [    2.160000] aspeed-i2c-bus 1e78a440.i2c-bus: i2c bus 12 registered, irq 33
Oct 24 19:19:14 witherspoon kernel[992]: [    2.160000] aspeed-i2c-bus 1e78a480.i2c-bus: i2c bus 13 registered, irq 34
Oct 24 19:19:14 witherspoon kernel[992]: [    2.160000] Driver for 1-wire Dallas network protocol.
Oct 24 19:19:14 witherspoon kernel[992]: [    2.160000] lm75 9-004a: hwmon0: sensor 'tmp275'
Oct 24 19:19:14 witherspoon kernel[992]: [    3.980000] ucd9000 11-0064: Device ID UCD90160|2.3.4.0000|110603
Oct 24 19:19:14 witherspoon kernel[992]: [    4.680000] leds-pca955x 3-0060: leds-pca955x: Using pca9552 16-bit LED driver at slave address 0x60
Oct 24 19:19:14 witherspoon kernel[992]: [    4.700000] leds-pca955x 3-0060: gpios 238...253
Oct 24 19:19:14 witherspoon kernel[992]: [    4.700000] leds-pca955x 11-0060: leds-pca955x: Using pca9552 16-bit LED driver at slave address 0x60
Oct 24 19:19:14 witherspoon kernel[992]: [    4.710000] leds-pca955x 11-0060: gpios 222...237
Oct 24 19:19:14 witherspoon kernel[992]: [    4.720000] usbcore: registered new interface driver usbhid
Oct 24 19:19:14 witherspoon kernel[992]: [    4.720000] usbhid: USB HID core driver
Oct 24 19:19:14 witherspoon kernel[992]: [    4.770000] NET: Registered protocol family 10
Oct 24 19:19:14 witherspoon kernel[992]: [    4.770000] Segment Routing with IPv6
Oct 24 19:19:14 witherspoon kernel[992]: [    4.780000] NET: Registered protocol family 17
Oct 24 19:19:14 witherspoon kernel[992]: [    4.780000] 8021q: 802.1Q VLAN Support v1.8
Oct 24 19:19:14 witherspoon kernel[992]: [    4.800000] input: gpio-keys-polled as /devices/platform/gpio-keys-polled/input/input1
Oct 24 19:19:14 witherspoon kernel[992]: [    4.820000] ubi0: default fastmap pool size: 25
Oct 24 19:19:14 witherspoon kernel[992]: [    4.830000] ubi0: default fastmap WL pool size: 12
Oct 24 19:19:14 witherspoon kernel[992]: [    4.830000] ubi0: attaching mtd3
Oct 24 19:19:14 witherspoon kernel[992]: [    4.840000] ubi0: scanning is finished
Oct 24 19:19:14 witherspoon kernel[992]: [    4.860000] ubi0: attached mtd3 (name "obmc-ubi", size 31 MiB)
Oct 24 19:19:14 witherspoon kernel[992]: [    4.860000] ubi0: PEB size: 65536 bytes (64 KiB), LEB size: 65408 bytes
Oct 24 19:19:14 witherspoon kernel[992]: [    4.880000] ubi0: min./max. I/O unit sizes: 1/256, sub-page size 1
Oct 24 19:19:14 witherspoon kernel[992]: [    4.880000] ubi0: VID header offset: 64 (aligned 64), data offset: 128
Oct 24 19:19:14 witherspoon kernel[992]: [    4.880000] ubi0: good PEBs: 504, bad PEBs: 0, corrupted PEBs: 0
Oct 24 19:19:14 witherspoon kernel[992]: [    4.880000] ubi0: user volume: 4, internal volumes: 1, max. volumes count: 128
Oct 24 19:19:14 witherspoon kernel[992]: [    4.910000] ubi0: max/mean erase counter: 182/158, WL threshold: 4096, image sequence number: 1358235831
Oct 24 19:19:14 witherspoon kernel[992]: [    4.910000] ubi0: available PEBs: 46, total reserved PEBs: 458, PEBs reserved for bad PEB handling: 0
Oct 24 19:19:14 witherspoon kernel[992]: [    4.910000] ubi0: background thread "ubi_bgt0d" started, PID 507
Oct 24 19:19:14 witherspoon kernel[992]: [    4.910000] ubi4: default fastmap pool size: 25
Oct 24 19:19:14 witherspoon kernel[992]: [    4.910000] ubi4: default fastmap WL pool size: 12
Oct 24 19:19:14 witherspoon kernel[992]: [    4.940000] ubi4: attaching mtd7
Oct 24 19:19:14 witherspoon kernel[992]: [    4.980000] ubi4: scanning is finished
Oct 24 19:19:14 witherspoon kernel[992]: [    5.020000] ubi4: attached mtd7 (name "alt-obmc-ubi", size 31 MiB)
Oct 24 19:19:14 witherspoon kernel[992]: [    5.020000] ubi4: PEB size: 65536 bytes (64 KiB), LEB size: 65408 bytes
Oct 24 19:19:14 witherspoon kernel[992]: [    5.020000] ubi4: min./max. I/O unit sizes: 1/256, sub-page size 1
Oct 24 19:19:14 witherspoon kernel[992]: [    5.020000] ubi4: VID header offset: 64 (aligned 64), data offset: 128
Oct 24 19:19:14 witherspoon kernel[992]: [    5.020000] ubi4: good PEBs: 504, bad PEBs: 0, corrupted PEBs: 0
Oct 24 19:19:14 witherspoon kernel[992]: [    5.070000] ubi4: user volume: 4, internal volumes: 1, max. volumes count: 128
Oct 24 19:19:14 witherspoon kernel[992]: [    5.070000] ubi4: max/mean erase counter: 157/126, WL threshold: 4096, image sequence number: 1358235831
Oct 24 19:19:14 witherspoon kernel[992]: [    5.070000] ubi4: available PEBs: 46, total reserved PEBs: 458, PEBs reserved for bad PEB handling: 0
Oct 24 19:19:14 witherspoon kernel[992]: [    5.070000] ubi4: background thread "ubi_bgt4d" started, PID 513
Oct 24 19:19:14 witherspoon kernel[992]: [    7.880000] block ubiblock0_0: created from ubi0:0(rofs-3badbe1f)
Oct 24 19:19:14 witherspoon kernel[992]: [    7.880000] console [netcon0] enabled
Oct 24 19:19:14 witherspoon kernel[992]: [    7.880000] netconsole: network logging started
Oct 24 19:19:14 witherspoon kernel[992]: [    7.880000] input: gpio-keys as /devices/platform/gpio-keys/input/input2
Oct 24 19:19:14 witherspoon kernel[992]: [    7.880000] rtc-rv8803 11-0032: setting system clock to 2017-10-24 19:18:57 UTC (1508872737)
Oct 24 19:19:14 witherspoon kernel[992]: [    7.880000] VFS: Mounted root (squashfs filesystem) readonly on device 254:0.
Oct 24 19:19:14 witherspoon kernel[992]: [    7.880000] devtmpfs: mounted
Oct 24 19:19:14 witherspoon kernel[992]: [    7.880000] Freeing unused kernel memory: 284K
Oct 24 19:19:14 witherspoon kernel[992]: [    7.880000] This architecture does not have kernel memory protection.
Oct 24 19:19:14 witherspoon kernel[992]: [    9.680000] systemd[1]: Failed to insert module 'autofs4': No such file or directory
Oct 24 19:19:14 witherspoon kernel[992]: [    9.850000] systemd[1]: systemd 232 running in system mode. (+PAM -AUDIT -SELINUX -IMA -APPARMOR -SMACK +SYSVINIT -UTMP -LIBCRYPTSETUP -GCRYPT -GNUTLS +ACL +XZ -LZ4 -SECCOMP +BLKID -ELFUTILS +KMOD -IDN)
Oct 24 19:19:14 witherspoon kernel[992]: [    9.850000] systemd[1]: Detected architecture arm.
Oct 24 19:19:14 witherspoon kernel[992]: [   10.040000] systemd[1]: Set hostname to <witherspoon>.
Oct 24 19:19:14 witherspoon kernel[992]: [   10.070000] systemd[1]: Initializing machine ID from random generator.
Oct 24 19:19:14 witherspoon kernel[992]: [   10.070000] systemd[1]: Installed transient /etc/machine-id file.
Oct 24 19:19:14 witherspoon kernel[992]: [   11.720000] systemd[1]: Listening on /dev/initctl Compatibility Named Pipe.
Oct 24 19:19:14 witherspoon kernel[992]: [   11.830000] systemd[1]: Listening on Network Service Netlink Socket.
Oct 24 19:19:14 witherspoon kernel[992]: [   11.870000] systemd[1]: Listening on udev Control Socket.
Oct 24 19:19:14 witherspoon kernel[992]: [   11.920000] systemd[1]: Listening on Process Core Dump Socket.
Oct 24 19:19:14 witherspoon kernel[992]: [   11.970000] systemd[1]: Started Dispatch Password Requests to Console Directory Watch.
Oct 24 19:19:14 witherspoon kernel[992]: [   14.940000] systemd[1]: Started Create Static Device Nodes in /dev.
Oct 24 19:19:14 witherspoon kernel[992]: [   15.150000] systemd[1]: Starting udev Kernel Device Manager...
Oct 24 19:19:14 witherspoon kernel[992]: [   15.150000] systemd[1]: Reached target Local File Systems (Pre).
Oct 24 19:19:14 witherspoon kernel[992]: [   15.150000] systemd[1]: Mounting /usr/local...
Oct 24 19:19:14 witherspoon kernel[992]: [   15.370000] systemd[1]: Mounting /media...
Oct 24 19:19:14 witherspoon kernel[992]: [   15.370000] systemd[1]: Mounted /usr/local.
Oct 24 19:19:14 witherspoon kernel[992]: [   15.600000] systemd[1]: Mounted /media.
Oct 24 19:19:14 witherspoon kernel[992]: [   16.120000] systemd[1]: Started Journal Service.
Oct 24 19:19:14 witherspoon kernel[992]: [   21.190000] UBIFS (ubi0:2): background thread "ubifs_bgt0_2" started, PID 942
Oct 24 19:19:14 witherspoon kernel[992]: [   21.220000] UBIFS (ubi0:2): UBIFS: mounted UBI device 0, volume 2, name "rwfs"
Oct 24 19:19:14 witherspoon kernel[992]: [   21.220000] UBIFS (ubi0:2): LEB size: 65408 bytes (63 KiB), min./max. I/O unit sizes: 8 bytes/256 bytes
Oct 24 19:19:14 witherspoon kernel[992]: [   21.220000] UBIFS (ubi0:2): FS size: 3597440 bytes (3 MiB, 55 LEBs), journal size 719488 bytes (0 MiB, 11 LEBs)
Oct 24 19:19:14 witherspoon kernel[992]: [   21.260000] UBIFS (ubi0:2): reserved for root: 0 bytes (0 KiB)
Oct 24 19:19:14 witherspoon kernel[992]: [   21.260000] UBIFS (ubi0:2): media format: w4/r0 (latest is w5/r0), UUID F6AF7850-1C6E-4E2A-94BB-A56899CAF080, small LPT model
Oct 24 19:19:14 witherspoon kernel[992]: [   21.800000] systemd-journald[542]: Received request to flush runtime journal from PID 1
Oct 24 19:19:15 witherspoon kernel[992]: [   25.470000] ubi8: default fastmap pool size: 100
Oct 24 19:19:15 witherspoon kernel[992]: [   25.470000] ubi8: default fastmap WL pool size: 50
Oct 24 19:19:15 witherspoon kernel[992]: [   25.470000] ubi8: attaching mtd8
Oct 24 19:19:15 witherspoon kernel[992]: [   25.810000] ubi8: scanning is finished
Oct 24 19:19:15 witherspoon kernel[992]: [   25.810000] ubi8: attached mtd8 (name "pnor", size 128 MiB)
Oct 24 19:19:15 witherspoon kernel[992]: [   25.810000] ubi8: PEB size: 65536 bytes (64 KiB), LEB size: 65408 bytes
Oct 24 19:19:15 witherspoon kernel[992]: [   25.810000] ubi8: min./max. I/O unit sizes: 1/256, sub-page size 1
Oct 24 19:19:15 witherspoon kernel[992]: [   25.810000] ubi8: VID header offset: 64 (aligned 64), data offset: 128
Oct 24 19:19:15 witherspoon kernel[992]: [   25.810000] ubi8: good PEBs: 2048, bad PEBs: 0, corrupted PEBs: 0
Oct 24 19:19:15 witherspoon kernel[992]: [   25.810000] ubi8: user volume: 6, internal volumes: 1, max. volumes count: 128
Oct 24 19:19:15 witherspoon kernel[992]: [   25.810000] ubi8: max/mean erase counter: 42/29, WL threshold: 4096, image sequence number: 91395301
Oct 24 19:19:15 witherspoon kernel[992]: [   25.810000] ubi8: available PEBs: 468, total reserved PEBs: 1580, PEBs reserved for bad PEB handling: 0
Oct 24 19:19:15 witherspoon kernel[992]: [   25.810000] ubi8: background thread "ubi_bgt8d" started, PID 1022
Oct 24 19:19:26 witherspoon avahi-daemon[971]: Found user 'avahi' (UID 999) and group 'avahi' (GID 999).
Oct 24 19:19:26 witherspoon avahi-daemon[971]: Successfully dropped root privileges.
Oct 24 19:19:26 witherspoon avahi-daemon[971]: avahi-daemon 0.6.32 starting up.
Oct 24 19:19:29 witherspoon avahi-daemon[971]: Successfully called chroot().
Oct 24 19:19:29 witherspoon avahi-daemon[971]: Successfully dropped remaining capabilities.
Oct 24 19:19:29 witherspoon avahi-daemon[971]: Loading service file /services/obmc_console.service.
Oct 24 19:19:29 witherspoon avahi-daemon[971]: Loading service file /services/phosphor_rest.service.
Oct 24 19:19:29 witherspoon avahi-daemon[971]: Loading service file /services/sftp-ssh.service.
Oct 24 19:19:29 witherspoon avahi-daemon[971]: Loading service file /services/sftp.service.
Oct 24 19:19:29 witherspoon avahi-daemon[971]: Loading service file /services/ssh.service.
Oct 24 19:19:29 witherspoon avahi-daemon[971]: Network interface enumeration completed.
Oct 24 19:19:29 witherspoon avahi-daemon[971]: Server startup complete. Host name is witherspoon.local. Local service cookie is 1473536585.
Oct 24 19:19:29 witherspoon avahi-daemon[971]: Service "witherspoon" (/services/ssh.service) successfully established.
Oct 24 19:19:29 witherspoon avahi-daemon[971]: Service "sftp" (/services/sftp.service) successfully established.
Oct 24 19:19:29 witherspoon avahi-daemon[971]: Service "witherspoon" (/services/sftp-ssh.service) successfully established.
Oct 24 19:19:29 witherspoon avahi-daemon[971]: Service "phosphor_rest" (/services/phosphor_rest.service) successfully established.
Oct 24 19:19:29 witherspoon avahi-daemon[971]: Service "obmc_console" (/services/obmc_console.service) successfully established.
Oct 24 19:19:30 witherspoon systemd[1]: Started Phosphor Download Manager.
Oct 24 19:19:30 witherspoon systemd[1]: Started Phosphor LED Group Management Daemon.
Oct 24 19:19:30 witherspoon systemd[1]: Started Phosphor Log Manager.
Oct 24 19:19:30 witherspoon systemd[1]: Started Phosphor User Manager.
Oct 24 19:19:31 witherspoon systemd[1]: Started Avahi mDNS/DNS-SD Stack.
Oct 24 19:19:31 witherspoon systemd[1]: Started Phosphor Inventory Manager.
Oct 24 19:19:31 witherspoon systemd[1]: Started Phosphor Settings Daemon.
Oct 24 19:19:32 witherspoon systemd[1]: Started Phosphor IPMI BT DBus Bridge.
Oct 24 19:19:32 witherspoon systemd[1]: Starting Network Service...
Oct 24 19:19:32 witherspoon systemd[1]: Started Set U-Boot environment variable.
Oct 24 19:19:32 witherspoon systemd[1]: Started Clear one time boot overrides.
Oct 24 19:19:32 witherspoon systemd[1]: Started Check PNOR UBI format.
Oct 24 19:19:33 witherspoon systemd[1]: Started Phosphor BMC0 Control.
Oct 24 19:19:33 witherspoon systemd[1]: Starting Remount the ubi volume after a reboot...
Oct 24 19:19:34 witherspoon systemd[1]: Started Phosphor Dump Manager.
Oct 24 19:19:34 witherspoon systemd-networkd[1042]: Enumeration completed
Oct 24 19:19:34 witherspoon systemd[1]: Started Network Service.
Oct 24 19:19:34 witherspoon systemd[1]: Reached target Network.
Oct 24 19:19:34 witherspoon systemd[1]: Started Lightweight SLP Server.
Oct 24 19:19:34 witherspoon systemd[1]: Starting Permit User Sessions...
Oct 24 19:19:34 witherspoon systemd-networkd[1042]: eth0: IPv6 disabled for interface: Success
Oct 24 19:19:34 witherspoon avahi-daemon[971]: Joining mDNS multicast group on interface eth0.IPv4 with address 9.3.86.161.
Oct 24 19:19:34 witherspoon avahi-daemon[971]: New relevant interface eth0.IPv4 for mDNS.
Oct 24 19:19:34 witherspoon avahi-daemon[971]: Registering new address record for 9.3.86.161 on eth0.IPv4.
Oct 24 19:19:35 witherspoon kernel: 8021q: adding VLAN 0 to HW filter on device eth0
Oct 24 19:19:35 witherspoon kernel: IPv6: ADDRCONF(NETDEV_CHANGE): eth0: link becomes ready
Oct 24 19:19:34 witherspoon systemd-networkd[1042]: eth0: Gained carrier
Oct 24 19:19:34 witherspoon kernel[992]: [   45.300000] 8021q: adding VLAN 0 to HW filter on device eth0
Oct 24 19:19:34 witherspoon systemd-timesyncd[962]: Network configuration changed, trying to establish connection.
Oct 24 19:19:34 witherspoon kernel[992]: [   45.300000] IPv6: ADDRCONF(NETDEV_CHANGE): eth0: link becomes ready
Oct 24 19:19:34 witherspoon systemd-networkd[1042]: eth0: Configured
Oct 24 19:19:35 witherspoon systemd[1]: Started Permit User Sessions.
Oct 24 19:19:35 witherspoon systemd[1]: Started Serial Getty on ttyS4.
Oct 24 19:19:35 witherspoon systemd[1]: Reached target Login Prompts.
Oct 24 19:19:35 witherspoon kernel: ubi: ubi0 already exists
Oct 24 19:19:35 witherspoon kernel: block ubiblock8_0: created from ubi8:0(pnor-ro-7a9ef57c)
Oct 24 19:19:35 witherspoon kernel[992]: [   45.440000] ubi: ubi0 already exists
Oct 24 19:19:35 witherspoon kernel[992]: [   46.180000] block ubiblock8_0: created from ubi8:0(pnor-ro-7a9ef57c)
Oct 24 19:19:38 witherspoon systemd[1]: Started Phosphor Download Manager.
Oct 24 19:19:38 witherspoon download_manager.py[970]: Running Download Manager
Oct 24 19:19:39 witherspoon kernel: ubi: ubi4 already exists
Oct 24 19:19:39 witherspoon kernel: ftgmac100 1e660000.ethernet eth0: ncsi: removed vlan tag 0 at index 1
Oct 24 19:19:39 witherspoon kernel: ftgmac100 1e660000.ethernet eth0: ncsi: removed vlan tag 0 at index 2
Oct 24 19:19:39 witherspoon kernel: ftgmac100 1e660000.ethernet eth0: no vlan ids left to set
Oct 24 19:19:39 witherspoon kernel: ftgmac100 1e660000.ethernet eth0: NCSI interface up
Oct 24 19:19:39 witherspoon kernel[992]: [   48.770000] ubi: ubi4 already exists
Oct 24 19:19:39 witherspoon kernel[992]: [   49.390000] ftgmac100 1e660000.ethernet eth0: ncsi: removed vlan tag 0 at index 1
Oct 24 19:19:39 witherspoon kernel[992]: [   49.390000] ftgmac100 1e660000.ethernet eth0: ncsi: removed vlan tag 0 at index 2
Oct 24 19:19:39 witherspoon kernel[992]: [   49.390000] ftgmac100 1e660000.ethernet eth0: no vlan ids left to set
Oct 24 19:19:39 witherspoon kernel[992]: [   49.390000] ftgmac100 1e660000.ethernet eth0: NCSI interface up
Oct 24 19:19:39 witherspoon systemd[1]: Started Phosphor Chassis0 Control.
Oct 24 19:19:39 witherspoon chassis_control.py[1001]: Running ChassisControlService
Oct 24 19:19:41 witherspoon sensor_manager2.py[993]: Setting boot count to 3
Oct 24 19:19:41 witherspoon systemd[1]: Started Phosphor Sensor Manager.
Oct 24 19:19:43 witherspoon sensor_manager2.py[993]: Starting sensor manager
Oct 24 19:19:43 witherspoon phosphor-mapper[991]: ObjectMapper startup complete.  Discovery in progress...
Oct 24 19:19:43 witherspoon avahi-daemon[1039]: ../../avahi-0.6.32/avahi-daemon/chroot.c: open() failed: No such file or directory
Oct 24 19:19:43 witherspoon avahi-daemon[971]: Failed to open /usr/share/dbus-1/interfaces/org.freedesktop.Avahi.Server.xml: Invalid argument
Oct 24 19:19:43 witherspoon avahi-daemon[971]: Failed to load introspection data.
Oct 24 19:19:45 witherspoon kernel: block ubiblock8_1: created from ubi8:1(pnor-ro-8764baa3)
Oct 24 19:19:45 witherspoon kernel[992]: [   55.410000] block ubiblock8_1: created from ubi8:1(pnor-ro-8764baa3)
Oct 24 19:19:45 witherspoon systemd[1]: Created slice system-dropbear.slice.
Oct 24 19:19:45 witherspoon systemd[1]: Started SSH Per-Connection Server (9.41.165.94:50698).
Oct 24 19:19:46 witherspoon dropbear[1110]: Failed loading /var/lib/dropbear/dropbear_rsa_host_key
Oct 24 19:19:46 witherspoon dropbear[1110]: Failed loading /etc/dropbear/dropbear_dss_host_key
Oct 24 19:19:46 witherspoon dropbear[1110]: Failed loading /etc/dropbear/dropbear_ecdsa_host_key
Oct 24 19:19:46 witherspoon dropbear[1110]: Child connection from ::ffff:9.41.165.94:50698
Oct 24 19:19:46 witherspoon inventory_items.py[989]: Loading from cache: /var/cache/obmc/org.openbmc.inventory.system.chassis.motherboard.bmc@org.openbmc.InventoryItem.props
Oct 24 19:19:46 witherspoon inventory_items.py[989]: Caching: /org/openbmc/inventory/system/chassis/motherboard/bmc
Oct 24 19:19:46 witherspoon systemd[1]: Started Phosphor Inventory Manager.
Oct 24 19:19:46 witherspoon inventory_items.py[989]: Running Inventory Manager
Oct 24 19:19:47 witherspoon kernel: UBIFS (ubi8:2): UBIFS: mounted UBI device 8, volume 2, name "pnor-prsv"
Oct 24 19:19:47 witherspoon kernel: UBIFS (ubi8:2): LEB size: 65408 bytes (63 KiB), min./max. I/O unit sizes: 8 bytes/256 bytes
Oct 24 19:19:47 witherspoon kernel: UBIFS (ubi8:2): FS size: 1504384 bytes (1 MiB, 23 LEBs), journal size 523265 bytes (0 MiB, 6 LEBs)
Oct 24 19:19:47 witherspoon kernel: UBIFS (ubi8:2): reserved for root: 71055 bytes (69 KiB)
Oct 24 19:19:47 witherspoon kernel: UBIFS (ubi8:2): media format: w5/r0 (latest is w5/r0), UUID 36B3B1E1-197C-4042-A5BB-1F5E6D63DF0B, small LPT model
Oct 24 19:19:47 witherspoon kernel[992]: [   57.280000] UBIFS (ubi8:2): UBIFS: mounted UBI device 8, volume 2, name "pnor-prsv"
Oct 24 19:19:47 witherspoon kernel[992]: [   57.280000] UBIFS (ubi8:2): LEB size: 65408 bytes (63 KiB), min./max. I/O unit sizes: 8 bytes/256 bytes
Oct 24 19:19:47 witherspoon kernel[992]: [   57.280000] UBIFS (ubi8:2): FS size: 1504384 bytes (1 MiB, 23 LEBs), journal size 523265 bytes (0 MiB, 6 LEBs)
Oct 24 19:19:47 witherspoon kernel[992]: [   57.280000] UBIFS (ubi8:2): reserved for root: 71055 bytes (69 KiB)
Oct 24 19:19:47 witherspoon kernel[992]: [   57.280000] UBIFS (ubi8:2): media format: w5/r0 (latest is w5/r0), UUID 36B3B1E1-197C-4042-A5BB-1F5E6D63DF0B, small LPT model
Oct 24 19:19:47 witherspoon kernel: UBIFS (ubi8:4): background thread "ubifs_bgt8_4" started, PID 1132
Oct 24 19:19:47 witherspoon kernel: UBIFS (ubi8:2): background thread "ubifs_bgt8_2" started, PID 1119
Oct 24 19:19:47 witherspoon kernel[992]: [   57.670000] UBIFS (ubi8:4): background thread "ubifs_bgt8_4" started, PID 1132
Oct 24 19:19:47 witherspoon kernel[992]: [   57.670000] UBIFS (ubi8:2): background thread "ubifs_bgt8_2" started, PID 1119
Oct 24 19:19:47 witherspoon systemd[1]: Started Phosphor Network Manager.
Oct 24 19:19:47 witherspoon netman.py[987]: Started
Oct 24 19:19:48 witherspoon dropbear[1110]: PAM password auth succeeded for 'root' from ::ffff:9.41.165.94:50698
Oct 24 19:19:48 witherspoon kernel: UBIFS (ubi8:4): UBIFS: mounted UBI device 8, volume 4, name "pnor-rw-8764baa3"
Oct 24 19:19:48 witherspoon kernel: UBIFS (ubi8:4): LEB size: 65408 bytes (63 KiB), min./max. I/O unit sizes: 8 bytes/256 bytes
Oct 24 19:19:48 witherspoon kernel: UBIFS (ubi8:4): FS size: 16155776 bytes (15 MiB, 247 LEBs), journal size 784896 bytes (0 MiB, 12 LEBs)
Oct 24 19:19:48 witherspoon kernel: UBIFS (ubi8:4): reserved for root: 763076 bytes (745 KiB)
Oct 24 19:19:48 witherspoon kernel: UBIFS (ubi8:4): media format: w5/r0 (latest is w5/r0), UUID F587F7F2-1BEE-4E77-9577-250237C0F0BC, small LPT model
Oct 24 19:19:48 witherspoon kernel: UBIFS (ubi8:5): UBIFS: mounted UBI device 8, volume 5, name "pnor-rw-7a9ef57c"
Oct 24 19:19:48 witherspoon kernel: UBIFS (ubi8:5): LEB size: 65408 bytes (63 KiB), min./max. I/O unit sizes: 8 bytes/256 bytes
Oct 24 19:19:48 witherspoon kernel: UBIFS (ubi8:5): FS size: 16155776 bytes (15 MiB, 247 LEBs), journal size 784896 bytes (0 MiB, 12 LEBs)
Oct 24 19:19:48 witherspoon kernel: UBIFS (ubi8:5): reserved for root: 763076 bytes (745 KiB)
Oct 24 19:19:48 witherspoon kernel: UBIFS (ubi8:5): media format: w5/r0 (latest is w5/r0), UUID 904AA0DA-EE42-403C-B44D-8FB80359592C, small LPT model
Oct 24 19:19:48 witherspoon kernel[992]: [   58.480000] UBIFS (ubi8:4): UBIFS: mounted UBI device 8, volume 4, name "pnor-rw-8764baa3"
Oct 24 19:19:48 witherspoon kernel[992]: [   58.480000] UBIFS (ubi8:4): LEB size: 65408 bytes (63 KiB), min./max. I/O unit sizes: 8 bytes/256 bytes
Oct 24 19:19:48 witherspoon kernel[992]: [   58.480000] UBIFS (ubi8:4): FS size: 16155776 bytes (15 MiB, 247 LEBs), journal size 784896 bytes (0 MiB, 12 LEBs)
Oct 24 19:19:48 witherspoon kernel[992]: [   58.480000] UBIFS (ubi8:4): reserved for root: 763076 bytes (745 KiB)
Oct 24 19:19:48 witherspoon kernel[992]: [   58.480000] UBIFS (ubi8:4): media format: w5/r0 (latest is w5/r0), UUID F587F7F2-1BEE-4E77-9577-250237C0F0BC, small LPT model
Oct 24 19:19:48 witherspoon kernel[992]: [   58.480000] UBIFS (ubi8:5): UBIFS: mounted UBI device 8, volume 5, name "pnor-rw-7a9ef57c"
Oct 24 19:19:48 witherspoon kernel[992]: [   58.480000] UBIFS (ubi8:5): LEB size: 65408 bytes (63 KiB), min./max. I/O unit sizes: 8 bytes/256 bytes
Oct 24 19:19:48 witherspoon kernel[992]: [   58.480000] UBIFS (ubi8:5): FS size: 16155776 bytes (15 MiB, 247 LEBs), journal size 784896 bytes (0 MiB, 12 LEBs)
Oct 24 19:19:48 witherspoon kernel[992]: [   58.480000] UBIFS (ubi8:5): reserved for root: 763076 bytes (745 KiB)
Oct 24 19:19:48 witherspoon kernel[992]: [   58.480000] UBIFS (ubi8:5): media format: w5/r0 (latest is w5/r0), UUID 904AA0DA-EE42-403C-B44D-8FB80359592C, small LPT model
Oct 24 19:19:48 witherspoon kernel: UBIFS (ubi8:5): background thread "ubifs_bgt8_5" started, PID 1141
Oct 24 19:19:48 witherspoon kernel[992]: [   58.890000] UBIFS (ubi8:5): background thread "ubifs_bgt8_5" started, PID 1141
Oct 24 19:19:48 witherspoon systemd[1]: Started Remount the squashfs and ubi volumes after a reboot.
Oct 24 19:20:07 witherspoon phosphor-mapper[991]: ObjectMapper discovery complete
Oct 24 19:20:07 witherspoon systemd[1]: Started Phosphor DBus Service Discovery Manager.
Oct 24 19:20:13 witherspoon kernel: block ubiblock4_0: created from ubi4:0(rofs-ed4d82b2)
Oct 24 19:20:11 witherspoon kernel[992]: [   81.630000] block ubiblock4_0: created from ubi4:0(rofs-ed4d82b2)
Oct 24 19:20:07 witherspoon systemd[1]: Started Phosphor Hwmon Poller.
Oct 24 19:20:07 witherspoon systemd[1]: Started Phosphor Hwmon Poller.
Oct 24 19:20:07 witherspoon systemd[1]: Started Phosphor Hwmon Poller.
Oct 24 19:20:07 witherspoon systemd[1]: Reached target Phosphor Object Mapper.
Oct 24 19:20:07 witherspoon systemd[1]: Starting Wait for /xyz/openbmc_project/inventory/system/chassis/power_supply0...
Oct 24 19:20:07 witherspoon systemd[1]: Starting Wait for /org/openbmc/control/power0...
Oct 24 19:20:07 witherspoon systemd[1]: Started Phosphor DBus Monitor.
Oct 24 19:20:07 witherspoon systemd[1]: Starting Phoshpor System Manager...
Oct 24 19:20:07 witherspoon systemd[1]: Starting Wait for /xyz/openbmc_project/time/sync_method...
Oct 24 19:20:07 witherspoon systemd[1]: Starting Wait for /xyz/openbmc_project/state/chassis0...
Oct 24 19:20:07 witherspoon systemd[1]: Starting Wait for /xyz/openbmc_project/control/host0...
Oct 24 19:20:07 witherspoon systemd[1]: Starting Wait for /xyz/openbmc_project/time/owner...
Oct 24 19:20:07 witherspoon systemd[1]: Starting Wait for /xyz/openbmc_project/control/host0/restriction_mode...
Oct 24 19:20:07 witherspoon systemd[1]: Starting Wait for /xyz/openbmc_project/control/host0/power_restore_policy...
Oct 24 19:20:07 witherspoon systemd[1]: Starting Phosphor Settings Manager...
Oct 24 19:20:07 witherspoon systemd[1]: Starting Phosphor Network Manager...
Oct 24 19:20:07 witherspoon systemd[1]: Starting Wait for /xyz/openbmc_project/network/config...
Oct 24 19:20:07 witherspoon systemd[1]: Starting Wait for /org/openbmc/managers/System...
Oct 24 19:20:07 witherspoon systemd[1]: Starting Wait for /org/openbmc/managers/Download...
Oct 24 19:20:07 witherspoon systemd[1]: Reached target Webserver (pre).
Oct 24 19:20:07 witherspoon systemd[1]: Started Phosphor Webserver.
Oct 24 19:20:07 witherspoon systemd[1]: Starting Wait for /xyz/openbmc_project/inventory/system/chassis/power_supply1...
Oct 24 19:20:07 witherspoon systemd[1]: Starting Wait for /org/openbmc/NetworkManager/Interface...
Oct 24 19:20:07 witherspoon systemd[1]: Starting Wait for /xyz/openbmc_project/control/host0/boot...
Oct 24 19:20:07 witherspoon systemd[1]: Starting Wait for /xyz/openbmc_project/inventory...
Oct 24 19:20:07 witherspoon systemd[1]: Starting Wait for /org/openbmc/control/bmc0...
Oct 24 19:20:07 witherspoon systemd[1]: Starting Wait for /xyz/openbmc_project/control/host0/boot/one_time...
Oct 24 19:20:07 witherspoon systemd[1]: Starting OpenPower Software Update Manager...
Oct 24 19:20:07 witherspoon systemd[1]: Starting Wait for /xyz/openbmc_project/led/groups...
Oct 24 19:20:07 witherspoon systemd[1]: Starting Wait for /xyz/openbmc_project/state/host0...
Oct 24 19:20:07 witherspoon systemd[1]: Starting Wait for /xyz/openbmc_project/control/host0/auto_reboot...
Oct 24 19:20:07 witherspoon systemd[1]: Starting Wait for /xyz/openbmc_project/led/groups/bmc_booted...
Oct 24 19:20:07 witherspoon systemd[1]: Started Phosphor Hwmon Poller.
Oct 24 19:20:07 witherspoon systemd[1]: Started Phosphor Hwmon Poller.
Oct 24 19:20:07 witherspoon systemd[1]: Started Phosphor Hwmon Poller.
Oct 24 19:20:14 witherspoon dbus[1006]: [system] Activating via systemd: service name='org.freedesktop.hostname1' unit='dbus-org.freedesktop.hostname1.service'
Oct 24 19:20:07 witherspoon systemd[1]: Started Phosphor Hwmon Poller.
Oct 24 19:20:13 witherspoon systemd[1]: Started Phosphor Hwmon Poller.
Oct 24 19:20:14 witherspoon systemd[1]: Started Remount the ubi volume after a reboot.
Oct 24 19:20:14 witherspoon systemd[1]: Started Wait for /xyz/openbmc_project/inventory/system/chassis/power_supply0.
Oct 24 19:20:14 witherspoon systemd[1]: Started Wait for /xyz/openbmc_project/control/host0/restriction_mode.
Oct 24 19:20:14 witherspoon systemd[1]: Started Wait for /xyz/openbmc_project/control/host0/power_restore_policy.
Oct 24 19:20:14 witherspoon systemd[1]: Started Wait for /xyz/openbmc_project/inventory/system/chassis/power_supply1.
Oct 24 19:20:14 witherspoon systemd[1]: Started Wait for /org/openbmc/control/bmc0.
Oct 24 19:20:14 witherspoon systemd[1]: Started Wait for /xyz/openbmc_project/led/groups/bmc_booted.
Oct 24 19:20:14 witherspoon phosphor-network-manager[1161]: ConfigParser: Key not found
Oct 24 19:20:14 witherspoon phosphor-network-manager[1161]: The operation failed internally.
Oct 24 19:20:14 witherspoon phosphor-network-manager[1161]: Exception occured during getting of DHCP value
Oct 24 19:20:14 witherspoon phosphor-network-manager[1161]: ConfigParser: Key not found
Oct 24 19:20:14 witherspoon phosphor-network-manager[1161]: The operation failed internally.
Oct 24 19:20:14 witherspoon phosphor-network-manager[1161]: Unable to find the NTP server configuration.
Oct 24 19:20:14 witherspoon systemd[1]: Started Wait for /xyz/openbmc_project/time/sync_method.
Oct 24 19:20:14 witherspoon systemd[1]: Started Wait for /xyz/openbmc_project/time/owner.
Oct 24 19:20:15 witherspoon systemd[1]: Started Wait for /org/openbmc/managers/Download.
Oct 24 19:20:15 witherspoon systemd[1]: Started Wait for /org/openbmc/NetworkManager/Interface.
Oct 24 19:20:15 witherspoon systemd[1]: Started Wait for /xyz/openbmc_project/control/host0/boot/one_time.
Oct 24 19:20:15 witherspoon systemd[1]: Started Wait for /xyz/openbmc_project/led/groups.
Oct 24 19:20:15 witherspoon systemd[1]: Started Phosphor Network Manager.
Oct 24 19:20:16 witherspoon systemd[1]: Starting Hostname Service...
Oct 24 19:20:16 witherspoon systemd[1]: Started FRU Fault monitor service.
Oct 24 19:20:16 witherspoon systemd[1]: Started Phosphor DNS Settings Cache Manager.
Oct 24 19:20:16 witherspoon systemd[1]: Starting Phosphor BMC Code Update...
Oct 24 19:20:16 witherspoon systemd[1]: Starting OpenBMC Software Update Manager...
Oct 24 19:20:16 witherspoon systemd[1]: Reached target Multi-User System.
Oct 24 19:20:19 witherspoon systemd[1]: Started Wait for /xyz/openbmc_project/control/host0/auto_reboot.
Oct 24 19:20:19 witherspoon dbus[1006]: [system] Successfully activated service 'org.freedesktop.hostname1'
Oct 24 19:20:19 witherspoon systemd[1]: Started OpenPower Software Update Manager.
Oct 24 19:20:19 witherspoon systemd[1]: Starting Updates symlinks for active PNOR version...
Oct 24 19:20:19 witherspoon systemd[1]: Starting Create a ubi volume for pnor patches...
Oct 24 19:20:19 witherspoon systemd[1]: Started Hostname Service.
Oct 24 19:20:21 witherspoon systemd[1]: Started Updates symlinks for active PNOR version.
Oct 24 19:20:21 witherspoon kernel: UBIFS (ubi8:3): UBIFS: mounted UBI device 8, volume 3, name "pnor-patch"
Oct 24 19:20:22 witherspoon kernel: UBIFS (ubi8:3): LEB size: 65408 bytes (63 KiB), min./max. I/O unit sizes: 8 bytes/256 bytes
Oct 24 19:20:22 witherspoon kernel: UBIFS (ubi8:3): FS size: 16155776 bytes (15 MiB, 247 LEBs), journal size 784896 bytes (0 MiB, 12 LEBs)
Oct 24 19:20:22 witherspoon kernel: UBIFS (ubi8:3): reserved for root: 763076 bytes (745 KiB)
Oct 24 19:20:22 witherspoon kernel: UBIFS (ubi8:3): media format: w5/r0 (latest is w5/r0), UUID 4D589EF4-9175-4F76-B384-1965B1D7B962, small LPT model
Oct 24 19:20:22 witherspoon kernel: UBIFS (ubi8:3): background thread "ubifs_bgt8_3" started, PID 1239
Oct 24 19:20:21 witherspoon kernel[992]: [   91.830000] UBIFS (ubi8:3): UBIFS: mounted UBI device 8, volume 3, name "pnor-patch"
Oct 24 19:20:21 witherspoon kernel[992]: [   91.830000] UBIFS (ubi8:3): LEB size: 65408 bytes (63 KiB), min./max. I/O unit sizes: 8 bytes/256 bytes
Oct 24 19:20:21 witherspoon kernel[992]: [   91.830000] UBIFS (ubi8:3): FS size: 16155776 bytes (15 MiB, 247 LEBs), journal size 784896 bytes (0 MiB, 12 LEBs)
Oct 24 19:20:21 witherspoon kernel[992]: [   91.830000] UBIFS (ubi8:3): reserved for root: 763076 bytes (745 KiB)
Oct 24 19:20:21 witherspoon kernel[992]: [   91.830000] UBIFS (ubi8:3): media format: w5/r0 (latest is w5/r0), UUID 4D589EF4-9175-4F76-B384-1965B1D7B962, small LPT model
Oct 24 19:20:21 witherspoon kernel[992]: [   91.950000] UBIFS (ubi8:3): background thread "ubifs_bgt8_3" started, PID 1239
Oct 24 19:20:22 witherspoon systemd[1]: Started Create a ubi volume for pnor patches.
Oct 24 19:20:22 witherspoon systemd[1]: Started Phosphor MBOX Daemon.
Oct 24 19:20:25 witherspoon systemd[1]: Started Wait for /xyz/openbmc_project/inventory.
Oct 24 19:20:25 witherspoon systemd[1]: Starting OpenPOWER OCC controller...
Oct 24 19:20:25 witherspoon systemd[1]: Started Phosphor GPIO 0 Presence.
Oct 24 19:20:25 witherspoon systemd[1]: Starting Phosphor MAX31785 MSL...
Oct 24 19:20:25 witherspoon systemd[1]: Started Phosphor Cooling Type.
Oct 24 19:20:25 witherspoon systemd[1]: Starting Read OpenPOWER-format VPD from EEPROM...
Oct 24 19:20:25 witherspoon systemd[1]: Started Phosphor GPIO 1 Presence.
Oct 24 19:20:26 witherspoon phosphor-gpio-presence[1247]: Updating inventory present property
Oct 24 19:20:26 witherspoon phosphor-gpio-presence[1243]: Updating inventory present property
Oct 24 19:20:27 witherspoon systemd[1]: Started Wait for /xyz/openbmc_project/control/host0/boot.
Oct 24 19:20:29 witherspoon system_manager.py[1153]: Running System State: BASE_APPS
Oct 24 19:20:29 witherspoon system_manager.py[1153]: SystemManager Init Done
Oct 24 19:20:29 witherspoon systemd[1]: Started Phoshpor System Manager.
Oct 24 19:20:29 witherspoon system_manager.py[1153]: Running SystemManager
Oct 24 19:20:32 witherspoon bmc_update.py[1216]: Running Bmc Flash Control
Oct 24 19:20:32 witherspoon systemd[1]: Started Phosphor BMC Code Update.
Oct 24 19:20:34 witherspoon systemd[1]: Starting Set U-Boot environment variable...
Oct 24 19:20:34 witherspoon phosphor-image-updater[1217]: Failed to update u-boot env variables
Oct 24 19:20:34 witherspoon systemd[1]: Starting Set U-Boot environment variable...
Oct 24 19:20:35 witherspoon systemd[1]: Created slice system-obmc\x2dflash\x2dbmc\x2dupdateubootvars.slice.
Oct 24 19:20:35 witherspoon systemd[1]: Starting Updates the u-boot variable to point BMC version to ed4d82b2...
Oct 24 19:20:35 witherspoon systemd[1]: Started OpenBMC Software Update Manager.
Oct 24 19:20:35 witherspoon systemd[1]: Starting Phosphor Version Software Manager...
Oct 24 19:20:36 witherspoon systemd[1]: Started Set U-Boot environment variable.
Oct 24 19:20:36 witherspoon systemd[1]: Started Phosphor Version Software Manager.
Oct 24 19:20:37 witherspoon systemd[1]: Started Set U-Boot environment variable.
Oct 24 19:20:38 witherspoon systemd[1]: Started OpenPOWER OCC controller.
Oct 24 19:20:39 witherspoon system_manager.py[1153]: SystemManager Goto System State: BMC_STARTING
Oct 24 19:20:39 witherspoon system_manager.py[1153]: Running System State: BMC_STARTING
Oct 24 19:20:39 witherspoon settings_manager.py[1160]: Running HostSettingsService
Oct 24 19:20:39 witherspoon systemd[1]: Started Phosphor Settings Manager.
Oct 24 19:20:39 witherspoon systemd[1]: Starting Wait for /org/openbmc/settings/host0...
Oct 24 19:20:40 witherspoon systemd[1]: Started Updates the u-boot variable to point BMC version to ed4d82b2.
Oct 24 19:20:41 witherspoon systemd[1]: Started Phosphor MAX31785 MSL.
Oct 24 19:20:44 witherspoon systemd[1]: Started Read OpenPOWER-format VPD from EEPROM.
Oct 24 19:20:44 witherspoon systemd[1]: Starting Sync system/chassis/motherboard/uuid...
Oct 24 19:20:49 witherspoon systemd[1]: Started Sync system/chassis/motherboard/uuid.
Oct 24 19:20:50 witherspoon phosphor-gevent[1165]: Traceback (most recent call last):
Oct 24 19:20:50 witherspoon phosphor-gevent[1165]:   File "/usr/lib/python2.7/site-packages/gevent/greenlet.py", line 327, in run
Oct 24 19:20:50 witherspoon phosphor-gevent[1165]:     result = self._run(*self.args, **self.kwargs)
Oct 24 19:20:50 witherspoon phosphor-gevent[1165]:   File "/usr/lib/python2.7/site-packages/gevent/server.py", line 102, in wrap_socket_and_handle
Oct 24 19:20:50 witherspoon phosphor-gevent[1165]:     ssl_socket = self.wrap_socket(client_socket, **self.ssl_args)
Oct 24 19:20:50 witherspoon phosphor-gevent[1165]:   File "/usr/lib/python2.7/site-packages/gevent/ssl.py", line 404, in wrap_socket
Oct 24 19:20:50 witherspoon phosphor-gevent[1165]:     ciphers=ciphers)
Oct 24 19:20:50 witherspoon phosphor-gevent[1165]:   File "/usr/lib/python2.7/site-packages/gevent/ssl.py", line 113, in __init__
Oct 24 19:20:50 witherspoon phosphor-gevent[1165]:     self.do_handshake()
Oct 24 19:20:50 witherspoon phosphor-gevent[1165]:   File "/usr/lib/python2.7/site-packages/gevent/ssl.py", line 324, in do_handshake
Oct 24 19:20:50 witherspoon phosphor-gevent[1165]:     return self._sslobj.do_handshake()
Oct 24 19:20:50 witherspoon phosphor-gevent[1165]: SSLEOFError: EOF occurred in violation of protocol (_ssl.c:590)
Oct 24 19:20:50 witherspoon phosphor-gevent[1165]: <Greenlet at 0x7608ee40: <bound method WSGIServer.wrap_socket_and_handle of <WSGIServer at 0x75befe90 fileno=6 address=('::34d2:f676:be:6c76%1986838000', 443, 0, 1986838000)>>(<socket at 0x75b2fc50 fileno=10>, ('::c0b9:6a76:8e91:f402%1995815708', 33854, 0, 199)> failed with SSLEOFError
Oct 24 19:20:50 witherspoon phosphor-gevent[1165]: Traceback (most recent call last):
Oct 24 19:20:50 witherspoon phosphor-gevent[1165]:   File "/usr/lib/python2.7/site-packages/gevent/greenlet.py", line 327, in run
Oct 24 19:20:50 witherspoon phosphor-gevent[1165]:     result = self._run(*self.args, **self.kwargs)
Oct 24 19:20:50 witherspoon phosphor-gevent[1165]:   File "/usr/lib/python2.7/site-packages/gevent/server.py", line 102, in wrap_socket_and_handle
Oct 24 19:20:50 witherspoon phosphor-gevent[1165]:     ssl_socket = self.wrap_socket(client_socket, **self.ssl_args)
Oct 24 19:20:50 witherspoon phosphor-gevent[1165]:   File "/usr/lib/python2.7/site-packages/gevent/ssl.py", line 404, in wrap_socket
Oct 24 19:20:50 witherspoon phosphor-gevent[1165]:     ciphers=ciphers)
Oct 24 19:20:50 witherspoon phosphor-gevent[1165]:   File "/usr/lib/python2.7/site-packages/gevent/ssl.py", line 113, in __init__
Oct 24 19:20:50 witherspoon phosphor-gevent[1165]:     self.do_handshake()
Oct 24 19:20:50 witherspoon phosphor-gevent[1165]:   File "/usr/lib/python2.7/site-packages/gevent/ssl.py", line 324, in do_handshake
Oct 24 19:20:50 witherspoon phosphor-gevent[1165]:     return self._sslobj.do_handshake()
Oct 24 19:20:50 witherspoon phosphor-gevent[1165]: SSLEOFError: EOF occurred in violation of protocol (_ssl.c:590)
Oct 24 19:20:50 witherspoon phosphor-gevent[1165]: <Greenlet at 0x7608ee90: <bound method WSGIServer.wrap_socket_and_handle of <WSGIServer at 0x75befe90 fileno=6 address=('::34d2:f676:be:6c76%1986838000', 443, 0, 1986838000)>>(<socket at 0x75b2fbf0 fileno=11>, ('::c0b9:6a76:8e91:f402%1995815708', 33856, 0, 199)> failed with SSLEOFError
Oct 24 19:20:51 witherspoon phosphor-gevent[1165]: Traceback (most recent call last):
Oct 24 19:20:51 witherspoon phosphor-gevent[1165]:   File "/usr/lib/python2.7/site-packages/gevent/greenlet.py", line 327, in run
Oct 24 19:20:51 witherspoon phosphor-gevent[1165]:     result = self._run(*self.args, **self.kwargs)
Oct 24 19:20:51 witherspoon phosphor-gevent[1165]:   File "/usr/lib/python2.7/site-packages/gevent/server.py", line 102, in wrap_socket_and_handle
Oct 24 19:20:51 witherspoon phosphor-gevent[1165]:     ssl_socket = self.wrap_socket(client_socket, **self.ssl_args)
Oct 24 19:20:51 witherspoon phosphor-gevent[1165]:   File "/usr/lib/python2.7/site-packages/gevent/ssl.py", line 404, in wrap_socket
Oct 24 19:20:51 witherspoon phosphor-gevent[1165]:     ciphers=ciphers)
Oct 24 19:20:51 witherspoon phosphor-gevent[1165]:   File "/usr/lib/python2.7/site-packages/gevent/ssl.py", line 113, in __init__
Oct 24 19:20:51 witherspoon phosphor-gevent[1165]:     self.do_handshake()
Oct 24 19:20:51 witherspoon phosphor-gevent[1165]:   File "/usr/lib/python2.7/site-packages/gevent/ssl.py", line 324, in do_handshake
Oct 24 19:20:51 witherspoon phosphor-gevent[1165]:     return self._sslobj.do_handshake()
Oct 24 19:20:51 witherspoon phosphor-gevent[1165]: SSLEOFError: EOF occurred in violation of protocol (_ssl.c:590)
Oct 24 19:20:51 witherspoon phosphor-gevent[1165]: <Greenlet at 0x7608eee0: <bound method WSGIServer.wrap_socket_and_handle of <WSGIServer at 0x75befe90 fileno=6 address=('::34d2:f676:be:6c76%1986838000', 443, 0, 1986838000)>>(<socket at 0x75b2fc90 fileno=12>, ('::c0b9:6a76:8e91:f402%1995815708', 33858, 0, 199)> failed with SSLEOFError
Oct 24 19:20:51 witherspoon systemd[1]: Started Wait for /xyz/openbmc_project/network/config.
Oct 24 19:20:51 witherspoon systemd[1]: Starting Sync system/chassis/motherboard/bmc/ethernet...
Oct 24 19:20:56 witherspoon systemd[1]: Started Wait for /org/openbmc/managers/System.
Oct 24 19:20:56 witherspoon systemd[1]: Starting Phosphor Power0 Control...
Oct 24 19:20:56 witherspoon systemd[1]: Starting Phosphor Power Button0...
Oct 24 19:20:56 witherspoon systemd[1]: Starting Phosphor Reset Button0...
Oct 24 19:20:56 witherspoon systemd[1]: Starting Phosphor BMC State Manager...
Oct 24 19:20:56 witherspoon systemd[1]: Starting Phosphor Chassis State Manager...
Oct 24 19:20:57 witherspoon phosphor-chassis-state-manager[1296]: Initial Chassis State will be Off
Oct 24 19:20:57 witherspoon systemd[1]: Started Phosphor Chassis State Manager.
Oct 24 19:20:58 witherspoon system_manager.py[1153]: New object: /org/openbmc/control/power0 (:1.91)
Oct 24 19:20:58 witherspoon system_manager.py[1153]: Power GPIO config: ['SYS_PWROK_BUFF', '', [('SOFTWARE_PGOOD', True), ('BMC_POWER_UP', True)], [('BMC_CP0_RESET_N', False)], [], 'FSI_DATA', 'FSI_CLK', 'FSI_ENABLE', 'CRONUS_SEL', []]
Oct 24 19:20:58 witherspoon button_power.exe[1293]: GPIO Lookup:  POWER_BUTTON = 347,both
Oct 24 19:20:58 witherspoon power_control.exe[1292]: Power GPIO latch output:
Oct 24 19:20:58 witherspoon power_control.exe[1292]: Power GPIO power good input: SYS_PWROK_BUFF
Oct 24 19:20:58 witherspoon power_control.exe[1292]: Power GPIO 2 power_up outputs
Oct 24 19:20:58 witherspoon power_control.exe[1292]: Power GPIO power_up[0] = SOFTWARE_PGOOD active HIGH
Oct 24 19:20:58 witherspoon power_control.exe[1292]: Power GPIO power_up[1] = BMC_POWER_UP active HIGH
Oct 24 19:20:58 witherspoon power_control.exe[1292]: Power GPIO 1 reset outputs
Oct 24 19:20:58 witherspoon power_control.exe[1292]: Power GPIO reset[0] = BMC_CP0_RESET_N active LOW
Oct 24 19:20:58 witherspoon power_control.exe[1292]: Power GPIO 0 pci reset outputs
Oct 24 19:20:58 witherspoon power_control.exe[1292]: FSI DATA GPIO: FSI_DATA
Oct 24 19:20:58 witherspoon power_control.exe[1292]: FSI CLK GPIO: FSI_CLK
Oct 24 19:20:58 witherspoon power_control.exe[1292]: FSI ENABLE GPIO: FSI_ENABLE
Oct 24 19:20:58 witherspoon power_control.exe[1292]: CRONUS SEL GPIO: CRONUS_SEL
Oct 24 19:20:58 witherspoon power_control.exe[1292]: Hostctl GPIO optionals: 0
Oct 24 19:21:00 witherspoon sync_inventory_items.py[1290]: Inventory MAC=70:e2:84:14:23:e1,System MAC=70:e2:84:14:23:e1
Oct 24 19:21:00 witherspoon power_control.exe[1292]: GPIO Lookup:  SYS_PWROK_BUFF = 306,in
Oct 24 19:21:00 witherspoon power_control.exe[1292]: GPIO Lookup:  SOFTWARE_PGOOD = 417,out
Oct 24 19:21:00 witherspoon power_control.exe[1292]: GPIO Lookup:  BMC_POWER_UP = 305,out
Oct 24 19:21:00 witherspoon power_control.exe[1292]: GPIO Lookup:  BMC_CP0_RESET_N = 281,out
Oct 24 19:21:00 witherspoon power_control.exe[1292]: Pgood state: 0
Oct 24 19:20:58 witherspoon systemd[1]: Started Phosphor Power Button0.
Oct 24 19:20:58 witherspoon systemd[1]: Started Phosphor Power0 Control.
Oct 24 19:20:58 witherspoon systemd[1]: Started Wait for /org/openbmc/settings/host0.
Oct 24 19:20:58 witherspoon systemd[1]: Started Phosphor Inband IPMI.
Oct 24 19:20:59 witherspoon phosphor-bmc-state-manager[1295]: Setting the BMCState field
Oct 24 19:20:59 witherspoon phosphor-bmc-state-manager[1295]: Setting the BMCState field
Oct 24 19:20:59 witherspoon systemd[1]: Started Phosphor BMC State Manager.
Oct 24 19:21:01 witherspoon button_reset.exe[1294]: GPIO Lookup:  RESET_BUTTON = 353,both
Oct 24 19:21:01 witherspoon systemd[1]: Started Phosphor Reset Button0.
Oct 24 19:21:02 witherspoon avahi-daemon[971]: Interface eth0.IPv4 no longer relevant for mDNS.
Oct 24 19:21:02 witherspoon systemd-networkd[1042]: eth0: Lost carrier
Oct 24 19:21:02 witherspoon avahi-daemon[971]: Leaving mDNS multicast group on interface eth0.IPv4 with address 9.3.86.161.
Oct 24 19:21:02 witherspoon avahi-daemon[971]: Withdrawing address record for 9.3.86.161 on eth0.
Oct 24 19:21:02 witherspoon kernel: ftgmac100 1e660000.ethernet eth0: NCSI interface down
Oct 24 19:21:02 witherspoon kernel[992]: [  132.590000] ftgmac100 1e660000.ethernet eth0: NCSI interface down
Oct 24 19:21:02 witherspoon systemd-networkd[1042]: eth0: Gained carrier
Oct 24 19:21:02 witherspoon systemd-networkd[1042]: Assertion 'link->state == LINK_STATE_SETTING_ROUTES' failed at ../git/src/network/networkd-link.c:692, function link_enter_configured(). Aborting.
Oct 24 19:21:02 witherspoon systemd[1]: systemd-networkd.service: Main process exited, code=killed, status=6/ABRT
Oct 24 19:21:02 witherspoon avahi-daemon[971]: Joining mDNS multicast group on interface eth0.IPv4 with address 9.3.86.161.
Oct 24 19:21:02 witherspoon systemd[1]: systemd-networkd.service: Unit entered failed state.
Oct 24 19:21:02 witherspoon avahi-daemon[971]: New relevant interface eth0.IPv4 for mDNS.
Oct 24 19:21:02 witherspoon systemd[1]: systemd-networkd.service: Failed with result 'signal'.
Oct 24 19:21:02 witherspoon avahi-daemon[971]: Registering new address record for 9.3.86.161 on eth0.IPv4.
Oct 24 19:21:02 witherspoon systemd[1]: systemd-networkd.service: Service has no hold-off time, scheduling restart.
Oct 24 19:21:02 witherspoon systemd[1]: Stopped Network Service.
Oct 24 19:21:02 witherspoon systemd[1]: Starting Network Service...
Oct 24 19:21:02 witherspoon systemd[1]: Started Sync system/chassis/motherboard/bmc/ethernet.
Oct 24 19:21:02 witherspoon kernel: 8021q: adding VLAN 0 to HW filter on device eth0
Oct 24 19:21:02 witherspoon kernel[992]: [  132.960000] 8021q: adding VLAN 0 to HW filter on device eth0
Oct 24 19:21:03 witherspoon systemd-networkd[1325]: Enumeration completed
Oct 24 19:21:03 witherspoon systemd[1]: Started Network Service.
Oct 24 19:21:03 witherspoon systemd-timesyncd[962]: Network configuration changed, trying to establish connection.
Oct 24 19:21:03 witherspoon systemd-timesyncd[962]: Network configuration changed, trying to establish connection.
Oct 24 19:21:03 witherspoon systemd-timesyncd[962]: Network configuration changed, trying to establish connection.
Oct 24 19:21:03 witherspoon kernel: ftgmac100 1e660000.ethernet eth0: no vlan ids left to set
Oct 24 19:21:03 witherspoon kernel[992]: [  134.050000] ftgmac100 1e660000.ethernet eth0: no vlan ids left to set
Oct 24 19:21:03 witherspoon systemd-timesyncd[962]: Network configuration changed, trying to establish connection.
Oct 24 19:21:03 witherspoon kernel: ftgmac100 1e660000.ethernet eth0: NCSI interface up
Oct 24 19:21:03 witherspoon kernel[992]: [  134.080000] ftgmac100 1e660000.ethernet eth0: NCSI interface up
Oct 24 19:21:03 witherspoon systemd-networkd[1325]: eth0: Cannot configure IPv6 privacy extension for interface: No such file or directory
Oct 24 19:21:03 witherspoon systemd-networkd[1325]: eth0: Cannot disable kernel IPv6 accept_ra for interface: No such file or directory
Oct 24 19:21:03 witherspoon systemd-timesyncd[962]: Network configuration changed, trying to establish connection.
Oct 24 19:21:03 witherspoon systemd-timesyncd[962]: Network configuration changed, trying to establish connection.
Oct 24 19:21:03 witherspoon systemd-networkd[1325]: eth0: Configured
Oct 24 19:21:03 witherspoon systemd-timesyncd[962]: Network configuration changed, trying to establish connection.
Oct 24 19:21:07 witherspoon systemd[1]: Started Wait for /org/openbmc/control/power0.
Oct 24 19:21:07 witherspoon systemd[1]: Started Wait for /xyz/openbmc_project/state/chassis0.
Oct 24 19:21:07 witherspoon systemd[1]: Starting Check Chassis0 pgood and create a file to indicate it...
Oct 24 19:21:07 witherspoon systemd[1]: Started Witherspoon Power Supply 0 Monitor.
Oct 24 19:21:07 witherspoon systemd[1]: Started Witherspoon Power Supply 1 Monitor.
Oct 24 19:21:08 witherspoon systemd[1]: Started Check Chassis0 pgood and create a file to indicate it.
Oct 24 19:21:08 witherspoon systemd[1]: Reached target Chassis0 power on after reset.
Oct 24 19:21:08 witherspoon systemd[1]: Reached target Chassis0 (Reset Check).
Oct 24 19:21:10 witherspoon systemd[1]: Started Wait for /xyz/openbmc_project/control/host0.
Oct 24 19:21:10 witherspoon systemd[1]: Reached target Host0 running after reset.
Oct 24 19:21:10 witherspoon systemd[1]: Starting Phosphor Host State Manager...
Oct 24 19:21:10 witherspoon systemd[1]: Reached target Host0 (Reset Check).
Oct 24 19:21:10 witherspoon witherspoon-psu-monitor[1340]: The power supply has indicated an input fault or warn condition.
Oct 24 19:21:10 witherspoon dbus[1006]: [system] Activating via systemd: service name='org.freedesktop.journal1' unit='dbus-org.freedesktop.journal1.service'
Oct 24 19:21:10 witherspoon systemd[1]: Starting Journal Dbus Service...
Oct 24 19:21:10 witherspoon dbus[1006]: [system] Successfully activated service 'org.freedesktop.journal1'
Oct 24 19:21:10 witherspoon systemd[1]: Started Journal Dbus Service.
Oct 24 19:21:10 witherspoon phosphor-network-manager[1161]: ConfigParser: Key not found
Oct 24 19:21:10 witherspoon phosphor-network-manager[1161]: The operation failed internally.
Oct 24 19:21:10 witherspoon phosphor-network-manager[1161]: Exception occured during getting of DHCP value
Oct 24 19:21:10 witherspoon phosphor-network-manager[1161]: ConfigParser: Key not found
Oct 24 19:21:10 witherspoon phosphor-network-manager[1161]: The operation failed internally.
Oct 24 19:21:10 witherspoon phosphor-network-manager[1161]: Unable to find the NTP server configuration.
Oct 24 19:21:11 witherspoon phosphor-network-manager[1161]: Timer expired
Oct 24 19:21:11 witherspoon phosphor-fru-fault-monitor[1214]: /xyz/openbmc_project/logging/entry/1
Oct 24 19:21:12 witherspoon phosphor-host-state-manager[1343]: Initial Host State will be Off
Oct 24 19:21:12 witherspoon phosphor-host-state-manager[1343]: External request to reset reboot count
Oct 24 19:21:12 witherspoon systemd[1]: Started Phosphor Host State Manager.
Oct 24 19:21:13 witherspoon systemd[1]: Started Wait for /xyz/openbmc_project/state/host0.
Oct 24 19:21:13 witherspoon systemd[1]: Starting Reboot If Enabled...
Oct 24 19:21:13 witherspoon systemd[1]: Starting Phosphor Time Manager daemon...
Oct 24 19:21:15 witherspoon phosphor-discover-system-state[1347]: Host power is off, checking power policy
Oct 24 19:21:15 witherspoon phosphor-discover-system-state[1347]: power_policy=RESTORE, restoring last state
Oct 24 19:21:15 witherspoon phosphor-host-state-manager[1343]: Host State transaction request
Oct 24 19:21:15 witherspoon dbus[1006]: [system] Activating via systemd: service name='org.freedesktop.timedate1' unit='dbus-org.freedesktop.timedate1.service'
Oct 24 19:21:15 witherspoon systemd[1]: Starting Wait for /xyz/openbmc_project/led/groups/power_on...
Oct 24 19:21:15 witherspoon systemd[1]: Starting Phosphor MAX31785 MSL...
Oct 24 19:21:15 witherspoon systemd[1]: Starting Wait for /org/openbmc/HostIpmi/1...
Oct 24 19:21:15 witherspoon systemd[1]: Stopped target Host0 running after reset.
Oct 24 19:21:15 witherspoon systemd[1]: Created slice system-vcs_off_poweroff.slice.
Oct 24 19:21:15 witherspoon systemd[1]: Created slice system-op\x2dpower\x2dstop.slice.
Oct 24 19:21:15 witherspoon systemd[1]: Starting Read OpenPOWER-format VPD from EEPROM...
Oct 24 19:21:15 witherspoon systemd[1]: Created slice system-ir35221\x2doff\x2dunbind.slice.
Oct 24 19:21:15 witherspoon systemd[1]: Starting Wait for /org/openbmc/control/chassis0...
Oct 24 19:21:15 witherspoon systemd[1]: Created slice system-op\x2docc\x2ddisable.slice.
Oct 24 19:21:15 witherspoon systemd[1]: Starting OpenPOWER OCC Active Disable...
Oct 24 19:21:15 witherspoon systemd[1]: Created slice system-ir35221\x2doff\x2dbind.slice.
Oct 24 19:21:15 witherspoon systemd[1]: Stopped target Host0 (Reset Check).
Oct 24 19:21:15 witherspoon systemd[1]: Started Phosphor Cooling Type.
Oct 24 19:21:15 witherspoon systemd[1]: Created slice system-obmc\x2dled\x2dgroup\x2dstop.slice.
Oct 24 19:21:15 witherspoon systemd[1]: Created slice system-op\x2dwait\x2dpower\x2doff.slice.
Oct 24 19:21:17 witherspoon systemd[1]: Started Reboot If Enabled.
Oct 24 19:21:17 witherspoon systemd[1]: Started OpenPOWER OCC Active Disable.
Oct 24 19:21:17 witherspoon systemd[1]: Starting Time & Date Service...
Oct 24 19:21:17 witherspoon systemd[1]: Started Wait for /org/openbmc/HostIpmi/1.
Oct 24 19:21:17 witherspoon systemd[1]: Starting Soft power off of the host...
Oct 24 19:21:18 witherspoon systemd[1]: Started Wait for /xyz/openbmc_project/led/groups/power_on.
Oct 24 19:21:18 witherspoon systemd[1]: Starting Assert power_on LED...
Oct 24 19:21:18 witherspoon systemd[1]: Started Wait for /org/openbmc/control/chassis0.
Oct 24 19:21:18 witherspoon dbus[1006]: [system] Successfully activated service 'org.freedesktop.timedate1'
Oct 24 19:21:18 witherspoon systemd[1]: Started Time & Date Service.
Oct 24 19:21:18 witherspoon systemd-timedated[1368]: /etc/localtime should be a symbolic link to a time zone data file in /usr/share/zoneinfo/.
Oct 24 19:21:18 witherspoon systemd[1]: Started Phosphor Time Manager daemon.
Oct 24 19:21:19 witherspoon systemd[1]: Started Phosphor MAX31785 MSL.
Oct 24 19:21:19 witherspoon ipmid[1318]: Pushing cmd on to queue
Oct 24 19:21:19 witherspoon ipmid[1318]: Pushing cmd on to queue
Oct 24 19:21:19 witherspoon ipmid[1318]: Asserting SMS Attention
Oct 24 19:21:19 witherspoon systemd[1]: Started Read OpenPOWER-format VPD from EEPROM.
Oct 24 19:21:19 witherspoon systemd[1]: Starting Sync system/chassis/motherboard/bmc/ethernet...
Oct 24 19:21:19 witherspoon systemd[1]: Starting Sync system/chassis/motherboard/uuid...
Oct 24 19:21:19 witherspoon ipmid[1318]: SMS Attention asserted
Oct 24 19:21:20 witherspoon systemd[1]: Started Assert power_on LED.
Oct 24 19:21:22 witherspoon ipmid[1318]: Host control timeout hit!
Oct 24 19:21:22 witherspoon ipmid[1318]: Timer expired
Oct 24 19:21:22 witherspoon phosphor-softpoweroff[1369]: Host control signal values
Oct 24 19:21:22 witherspoon phosphor-softpoweroff[1369]: Timeout on host attention, continue with power down
Oct 24 19:21:22 witherspoon systemd[1]: Started Soft power off of the host.
Oct 24 19:21:25 witherspoon systemd[1]: Started Sync system/chassis/motherboard/uuid.
Oct 24 19:21:26 witherspoon sync_inventory_items.py[1383]: Inventory MAC=70:e2:84:14:23:e1,System MAC=70:e2:84:14:23:e1
Oct 24 19:21:26 witherspoon systemd[1]: Started SSH Per-Connection Server (9.41.165.94:50716).
Oct 24 19:21:27 witherspoon dropbear[1391]: Failed loading /var/lib/dropbear/dropbear_rsa_host_key
Oct 24 19:21:27 witherspoon dropbear[1391]: Failed loading /etc/dropbear/dropbear_dss_host_key
Oct 24 19:21:27 witherspoon dropbear[1391]: Failed loading /etc/dropbear/dropbear_ecdsa_host_key
Oct 24 19:21:27 witherspoon dropbear[1391]: Child connection from ::ffff:9.41.165.94:50716
Oct 24 19:21:27 witherspoon avahi-daemon[971]: Interface eth0.IPv4 no longer relevant for mDNS.
Oct 24 19:21:27 witherspoon systemd-networkd[1325]: eth0: Lost carrier
Oct 24 19:21:27 witherspoon avahi-daemon[971]: Leaving mDNS multicast group on interface eth0.IPv4 with address 9.3.86.161.
Oct 24 19:21:27 witherspoon avahi-daemon[971]: Withdrawing address record for 9.3.86.161 on eth0.
Oct 24 19:21:27 witherspoon kernel: ftgmac100 1e660000.ethernet eth0: NCSI interface down
Oct 24 19:21:27 witherspoon kernel[992]: [  158.270000] ftgmac100 1e660000.ethernet eth0: NCSI interface down
Oct 24 19:21:27 witherspoon systemd-networkd[1325]: eth0: Gained carrier
Oct 24 19:21:27 witherspoon systemd-networkd[1325]: Assertion 'link->state == LINK_STATE_SETTING_ROUTES' failed at ../git/src/network/networkd-link.c:692, function link_enter_configured(). Aborting.
Oct 24 19:21:27 witherspoon avahi-daemon[971]: Joining mDNS multicast group on interface eth0.IPv4 with address 9.3.86.161.
Oct 24 19:21:27 witherspoon systemd[1]: systemd-networkd.service: Main process exited, code=killed, status=6/ABRT
Oct 24 19:21:27 witherspoon avahi-daemon[971]: New relevant interface eth0.IPv4 for mDNS.
Oct 24 19:21:27 witherspoon systemd[1]: systemd-networkd.service: Unit entered failed state.
Oct 24 19:21:27 witherspoon avahi-daemon[971]: Registering new address record for 9.3.86.161 on eth0.IPv4.
Oct 24 19:21:27 witherspoon systemd[1]: systemd-networkd.service: Failed with result 'signal'.
Oct 24 19:21:27 witherspoon systemd[1]: systemd-networkd.service: Service has no hold-off time, scheduling restart.
Oct 24 19:21:28 witherspoon systemd[1]: Stopped Network Service.
Oct 24 19:21:28 witherspoon systemd[1]: Starting Network Service...
Oct 24 19:21:28 witherspoon kernel: 8021q: adding VLAN 0 to HW filter on device eth0
Oct 24 19:21:28 witherspoon kernel[992]: [  158.440000] 8021q: adding VLAN 0 to HW filter on device eth0
Oct 24 19:21:28 witherspoon systemd[1]: Started Sync system/chassis/motherboard/bmc/ethernet.
Oct 24 19:21:28 witherspoon systemd[1]: Reached target Phosphor System - Standby.
Oct 24 19:21:28 witherspoon systemd[1]: Starting Assert bmc_booted LED...
Oct 24 19:21:28 witherspoon systemd[1]: Reached target Stop Hosti (Pre).
Oct 24 19:21:28 witherspoon systemd[1]: Reached target Stop Host0 (Pre).
Oct 24 19:21:28 witherspoon systemd[1]: Starting Power off mode unbind ir35221 device driver devs...
Oct 24 19:21:28 witherspoon systemd[1]: Reached target Host0 (Stopping).
Oct 24 19:21:28 witherspoon systemd[1]: Reached target Host0 (Stopped).
Oct 24 19:21:28 witherspoon systemd[1]: Reached target Power0 Off (Pre).
Oct 24 19:21:28 witherspoon systemd[1]: Started Stop Power0.
Oct 24 19:21:28 witherspoon systemd[1]: Starting Wait for Power0 to turn off...
Oct 24 19:21:28 witherspoon systemd[1]: Reached target Hosti (Stopping).
Oct 24 19:21:28 witherspoon systemd[1]: Reached target Hosti (Stopped).
Oct 24 19:21:28 witherspoon systemd[1]: Reached target Poweri Off (Pre).
Oct 24 19:21:28 witherspoon systemd[1]: Reached target Poweri Off.
Oct 24 19:21:28 witherspoon phosphor-bmc-state-manager[1295]: BMC_READY
Oct 24 19:21:28 witherspoon phosphor-bmc-state-manager[1295]: Setting the BMCState field
Oct 24 19:21:29 witherspoon systemd-networkd[1396]: Enumeration completed
Oct 24 19:21:29 witherspoon systemd-timesyncd[962]: Network configuration changed, trying to establish connection.
Oct 24 19:21:29 witherspoon systemd[1]: Started Network Service.
Oct 24 19:21:29 witherspoon systemd[1]: xyz.openbmc_project.Hwmon@ahb-apb-i2c\x401e78a000-i2c\x2dbus\x40140-ir35221\x4070.service: Unit not needed anymore. Stopping.
Oct 24 19:21:29 witherspoon systemd[1]: Stopping Phosphor Hwmon Poller...
Oct 24 19:21:29 witherspoon systemd[1]: Stopped Phosphor Hwmon Poller.
Oct 24 19:21:30 witherspoon kernel: ftgmac100 1e660000.ethernet eth0: no vlan ids left to set
Oct 24 19:21:30 witherspoon kernel: ftgmac100 1e660000.ethernet eth0: NCSI interface up
Oct 24 19:21:29 witherspoon kernel[992]: [  159.550000] ftgmac100 1e660000.ethernet eth0: no vlan ids left to set
Oct 24 19:21:29 witherspoon systemd-timesyncd[962]: Network configuration changed, trying to establish connection.
Oct 24 19:21:29 witherspoon kernel[992]: [  159.550000] ftgmac100 1e660000.ethernet eth0: NCSI interface up
Oct 24 19:21:29 witherspoon systemd-networkd[1396]: eth0: Cannot configure IPv6 privacy extension for interface: No such file or directory
Oct 24 19:21:29 witherspoon dropbear[1391]: PAM password auth succeeded for 'root' from ::ffff:9.41.165.94:50716
Oct 24 19:21:29 witherspoon systemd-networkd[1396]: eth0: Cannot disable kernel IPv6 accept_ra for interface: No such file or directory
Oct 24 19:21:29 witherspoon systemd-timesyncd[962]: Network configuration changed, trying to establish connection.
