-- Logs begin at Sun 2017-07-30 14:41:39 UTC, end at Sun 2017-07-30 15:02:24 UTC. --
Jul 30 14:41:39 witherspoon kernel: Booting Linux on physical CPU 0x0
Jul 30 14:41:39 witherspoon kernel: Linux version 4.10.17-44f0dc8ac43162c4f7082884d6cd79400341bf5b (jenkins@openbmc-builder1) (gcc version 6.2.0 (GCC) ) #1 Sun Jul 30 14:28:12 UTC 2017
Jul 30 14:41:39 witherspoon kernel: CPU: ARMv6-compatible processor [410fb767] revision 7 (ARMv7), cr=00c5387d
Jul 30 14:41:39 witherspoon kernel: CPU: PIPT / VIPT nonaliasing data cache, VIPT nonaliasing instruction cache
Jul 30 14:41:39 witherspoon kernel: OF: fdt:Machine model: Witherspoon BMC
Jul 30 14:41:39 witherspoon kernel: Memory policy: Data cache writeback
Jul 30 14:41:39 witherspoon kernel: SOC Rev: 04030303
Jul 30 14:41:39 witherspoon kernel: On node 0 totalpages: 110592
Jul 30 14:41:39 witherspoon kernel: free_area_init_node: node 0, pgdat 805ff5e4, node_mem_map 9ec1a000
Jul 30 14:41:39 witherspoon kernel:   Normal zone: 992 pages used for memmap
Jul 30 14:41:39 witherspoon kernel:   Normal zone: 0 pages reserved
Jul 30 14:41:39 witherspoon kernel:   Normal zone: 110592 pages, LIFO batch:31
Jul 30 14:41:39 witherspoon kernel: pcpu-alloc: s0 r0 d32768 u32768 alloc=1*32768
Jul 30 14:41:39 witherspoon kernel: pcpu-alloc: [0] 0 
Jul 30 14:41:39 witherspoon kernel: Built 1 zonelists in Zone order, mobility grouping on.  Total pages: 109600
Jul 30 14:41:39 witherspoon kernel: Kernel command line: console=ttyS4,115200n8 root=/dev/ram rw
Jul 30 14:41:39 witherspoon kernel: PID hash table entries: 2048 (order: 1, 8192 bytes)
Jul 30 14:41:39 witherspoon kernel: Dentry cache hash table entries: 65536 (order: 6, 262144 bytes)
Jul 30 14:41:39 witherspoon kernel: Inode-cache hash table entries: 32768 (order: 5, 131072 bytes)
Jul 30 14:41:39 witherspoon kernel: Memory: 430436K/442368K available (4065K kernel code, 280K rwdata, 1192K rodata, 284K init, 111K bss, 11932K reserved, 0K cma-reserved)
Jul 30 14:41:39 witherspoon kernel: Virtual kernel memory layout:
                                        vector  : 0xffff0000 - 0xffff1000   (   4 kB)
                                        fixmap  : 0xffc00000 - 0xfff00000   (3072 kB)
                                        vmalloc : 0x9f800000 - 0xff800000   (1536 MB)
                                        lowmem  : 0x80000000 - 0x9f000000   ( 496 MB)
                                          .text : 0x80008000 - 0x804007a0   (4066 kB)
                                          .init : 0x80585000 - 0x805cc000   ( 284 kB)
                                          .data : 0x805cc000 - 0x80612358   ( 281 kB)
                                           .bss : 0x80612358 - 0x8062e1f8   ( 112 kB)
Jul 30 14:41:39 witherspoon kernel: NR_IRQS:16 nr_irqs:16 16
Jul 30 14:41:39 witherspoon kernel: i2c controller registered, irq 16
Jul 30 14:41:39 witherspoon kernel: clocksource: moxart_timer: mask: 0xffffffff max_cycles: 0xffffffff, max_idle_ns: 77222644334 ns
Jul 30 14:41:39 witherspoon kernel: sched_clock: 32 bits at 100 Hz, resolution 10000000ns, wraps every 21474836475000000ns
Jul 30 14:41:39 witherspoon kernel: Calibrating delay loop... 789.70 BogoMIPS (lpj=3948544)
Jul 30 14:41:39 witherspoon kernel: pid_max: default: 32768 minimum: 301
Jul 30 14:41:39 witherspoon kernel: Mount-cache hash table entries: 1024 (order: 0, 4096 bytes)
Jul 30 14:41:39 witherspoon kernel: Mountpoint-cache hash table entries: 1024 (order: 0, 4096 bytes)
Jul 30 14:41:39 witherspoon kernel: CPU: Testing write buffer coherency: ok
Jul 30 14:41:39 witherspoon kernel: ftrace: allocating 14932 entries in 44 pages
Jul 30 14:41:39 witherspoon kernel: Setting up static identity map for 0x80008200 - 0x8000825c
Jul 30 14:41:39 witherspoon kernel: devtmpfs: initialized
Jul 30 14:41:39 witherspoon kernel: clocksource: jiffies: mask: 0xffffffff max_cycles: 0xffffffff, max_idle_ns: 19112604462750000 ns
Jul 30 14:41:39 witherspoon kernel: futex hash table entries: 256 (order: -1, 3072 bytes)
Jul 30 14:41:39 witherspoon kernel: pinctrl core: initialized pinctrl subsystem
Jul 30 14:41:39 witherspoon kernel: NET: Registered protocol family 16
Jul 30 14:41:39 witherspoon kernel: DMA: preallocated 256 KiB pool for atomic coherent allocations
Jul 30 14:41:39 witherspoon kernel: usbcore: registered new interface driver usbfs
Jul 30 14:41:39 witherspoon kernel: usbcore: registered new interface driver hub
Jul 30 14:41:39 witherspoon kernel: usbcore: registered new device driver usb
Jul 30 14:41:39 witherspoon kernel: clocksource: Switched to clocksource moxart_timer
Jul 30 14:41:39 witherspoon kernel: NET: Registered protocol family 2
Jul 30 14:41:39 witherspoon kernel: TCP established hash table entries: 4096 (order: 2, 16384 bytes)
Jul 30 14:41:39 witherspoon kernel: TCP bind hash table entries: 4096 (order: 2, 16384 bytes)
Jul 30 14:41:39 witherspoon kernel: TCP: Hash tables configured (established 4096 bind 4096)
Jul 30 14:41:39 witherspoon kernel: UDP hash table entries: 256 (order: 0, 4096 bytes)
Jul 30 14:41:39 witherspoon kernel: UDP-Lite hash table entries: 256 (order: 0, 4096 bytes)
Jul 30 14:41:39 witherspoon kernel: NET: Registered protocol family 1
Jul 30 14:41:39 witherspoon kernel: Trying to unpack rootfs image as initramfs...
Jul 30 14:41:39 witherspoon kernel: Freeing initrd memory: 1548K
Jul 30 14:41:39 witherspoon kernel: workingset: timestamp_bits=30 max_order=17 bucket_order=0
Jul 30 14:41:39 witherspoon kernel: squashfs: version 4.0 (2009/01/31) Phillip Lougher
Jul 30 14:41:39 witherspoon kernel: jffs2: version 2.2. (SUMMARY)  © 2001-2006 Red Hat, Inc.
Jul 30 14:41:39 witherspoon kernel: Block layer SCSI generic (bsg) driver version 0.4 loaded (major 250)
Jul 30 14:41:39 witherspoon kernel: io scheduler noop registered
Jul 30 14:41:39 witherspoon kernel: io scheduler deadline registered
Jul 30 14:41:39 witherspoon kernel: io scheduler cfq registered (default)
Jul 30 14:41:39 witherspoon kernel: ipmi-bt-host 1e789140.ibt: Found bt bmc device
Jul 30 14:41:39 witherspoon kernel: ipmi-bt-host 1e789140.ibt: Using IRQ 22
Jul 30 14:41:39 witherspoon kernel: Serial: 8250/16550 driver, 6 ports, IRQ sharing enabled
Jul 30 14:41:39 witherspoon kernel: 1e783000.serial: ttyS0 at MMIO 0x1e783000 (irq = 23, base_baud = 1500000) is a 16550A
Jul 30 14:41:39 witherspoon kernel: 1e78d000.serial: ttyS1 at MMIO 0x1e78d000 (irq = 24, base_baud = 1500000) is a 16550A
Jul 30 14:41:39 witherspoon kernel: 1e784000.serial: ttyS4 at MMIO 0x1e784000 (irq = 25, base_baud = 1500000) is a 16550A
Jul 30 14:41:39 witherspoon kernel: console [ttyS4] enabled
Jul 30 14:41:39 witherspoon kernel: 1e787000.vuart: ttyS2 at MMIO 0x1e787000 (irq = 22, base_baud = 1500000) is a 16550A
Jul 30 14:41:39 witherspoon kernel: timeriomem_rng 1e6e2078.hwrng: 32bits from 0xf00e2078 @ 1us
Jul 30 14:41:39 witherspoon kernel: random: fast init done
Jul 30 14:41:39 witherspoon kernel: brd: module loaded
Jul 30 14:41:39 witherspoon kernel: random: crng init done
Jul 30 14:41:39 witherspoon kernel: loop: module loaded
Jul 30 14:41:39 witherspoon kernel: aspeed-lpc-ctrl 1e789080.lpc-ctrl: Loaded at 0x98000000 (0x04000000)
Jul 30 14:41:39 witherspoon kernel: aspeed-smc 1e620000.flash-controller: Using IRQ 18
Jul 30 14:41:39 witherspoon kernel: aspeed-smc 1e620000.flash-controller: DMA support disabled.
Jul 30 14:41:39 witherspoon kernel: aspeed-smc 1e620000.flash-controller: mx25l25635e (32768 Kbytes)
Jul 30 14:41:39 witherspoon kernel: aspeed-smc 1e620000.flash-controller: CE0 window [ 0x20000000 - 0x22000000 ] 32MB
Jul 30 14:41:39 witherspoon kernel: aspeed-smc 1e620000.flash-controller: CE1 window [ 0x22000000 - 0x2a000000 ] 128MB
Jul 30 14:41:39 witherspoon kernel: 5 ofpart partitions found on MTD device bmc
Jul 30 14:41:39 witherspoon kernel: Creating 5 MTD partitions on "bmc":
Jul 30 14:41:39 witherspoon kernel: 0x000000000000-0x000000060000 : "u-boot"
Jul 30 14:41:39 witherspoon kernel: 0x000000060000-0x000000080000 : "u-boot-env"
Jul 30 14:41:39 witherspoon kernel: 0x000000080000-0x0000004c0000 : "kernel"
Jul 30 14:41:39 witherspoon kernel: 0x0000004c0000-0x000001c00000 : "rofs"
Jul 30 14:41:39 witherspoon kernel: 0x000001c00000-0x000002000000 : "rwfs"
Jul 30 14:41:39 witherspoon kernel: aspeed-smc 1e620000.flash-controller: mx25l25635e (32768 Kbytes)
Jul 30 14:41:39 witherspoon kernel: aspeed-smc 1e620000.flash-controller: CE1 window [ 0x22000000 - 0x24000000 ] 32MB
Jul 30 14:41:39 witherspoon kernel: aspeed-smc 1e620000.flash-controller: CE2 window [ 0x24000000 - 0x2c000000 ] 128MB
Jul 30 14:41:39 witherspoon kernel: aspeed-smc 1e630000.flash-controller: mx66l1g45g (131072 Kbytes)
Jul 30 14:41:39 witherspoon kernel: aspeed-smc 1e630000.flash-controller: CE0 window resized to 120MB (AST2500 HW quirk)
Jul 30 14:41:39 witherspoon kernel: aspeed-smc 1e630000.flash-controller: CE0 window [ 0x30000000 - 0x37800000 ] 120MB
Jul 30 14:41:39 witherspoon kernel: aspeed-smc 1e630000.flash-controller: CE0 window too small for chip 128MB
Jul 30 14:41:39 witherspoon kernel: aspeed-smc 1e630000.flash-controller: CE1 window [ 0x37800000 - 0x38000000 ] 8MB
Jul 30 14:41:39 witherspoon kernel: libphy: Fixed MDIO Bus: probed
Jul 30 14:41:39 witherspoon kernel: ftgmac100 1e660000.ethernet: Read MAC address 70:e2:84:14:23:e1 from chip
Jul 30 14:41:39 witherspoon kernel: ftgmac100 1e660000.ethernet: Using NCSI interface
Jul 30 14:41:39 witherspoon kernel: ftgmac100 1e660000.ethernet eth0: irq 20, mapped at f0060000
Jul 30 14:41:39 witherspoon kernel: ehci_hcd: USB 2.0 'Enhanced' Host Controller (EHCI) Driver
Jul 30 14:41:39 witherspoon kernel: ehci-platform: EHCI generic platform driver
Jul 30 14:41:39 witherspoon kernel:  fsi0: can't read slave 00:00 -5
Jul 30 14:41:39 witherspoon kernel: i2c /dev entries driver
Jul 30 14:41:39 witherspoon kernel: aspeed-i2c-bus 1e78a0c0.i2c-bus: i2c bus 2 registered, irq 26
Jul 30 14:41:39 witherspoon kernel: aspeed-i2c-bus 1e78a100.i2c-bus: i2c bus 3 registered, irq 27
Jul 30 14:41:39 witherspoon kernel: aspeed-i2c-bus 1e78a140.i2c-bus: i2c bus 4 registered, irq 28
Jul 30 14:41:39 witherspoon kernel: aspeed-i2c-bus 1e78a180.i2c-bus: i2c bus 5 registered, irq 29
Jul 30 14:41:39 witherspoon kernel: aspeed-i2c-bus 1e78a380.i2c-bus: i2c bus 9 registered, irq 30
Jul 30 14:41:39 witherspoon kernel: aspeed-i2c-bus 1e78a3c0.i2c-bus: i2c bus 10 registered, irq 31
Jul 30 14:41:39 witherspoon kernel: rtc-rv8803 11-0032: Voltage low, temperature compensation stopped.
Jul 30 14:41:39 witherspoon kernel: rtc-rv8803 11-0032: An alarm maybe have been missed.
Jul 30 14:41:39 witherspoon kernel: rtc-rv8803 11-0032: rtc core: registered rx8900 as rtc0
Jul 30 14:41:39 witherspoon kernel: at24 11-0051: 8192 byte 24c64 EEPROM, writable, 1 bytes/write
Jul 30 14:41:39 witherspoon kernel: aspeed-i2c-bus 1e78a400.i2c-bus: i2c bus 11 registered, irq 32
Jul 30 14:41:39 witherspoon kernel: aspeed-i2c-bus 1e78a440.i2c-bus: i2c bus 12 registered, irq 33
Jul 30 14:41:39 witherspoon kernel: aspeed-i2c-bus 1e78a480.i2c-bus: i2c bus 13 registered, irq 34
Jul 30 14:41:39 witherspoon kernel: Driver for 1-wire Dallas network protocol.
Jul 30 14:41:39 witherspoon kernel: lm75 9-004a: hwmon0: sensor 'tmp275'
Jul 30 14:41:39 witherspoon kernel: max31785 3-0052: Fan 1 is configured but not installed
Jul 30 14:41:39 witherspoon kernel: max31785 3-0052: Fan 2 is configured but not installed
Jul 30 14:41:39 witherspoon kernel: ucd9000 11-0064: Device ID UCD90160|2.3.4.0000|110603
Jul 30 14:41:39 witherspoon kernel: leds-pca955x 3-0060: leds-pca955x: Using pca9552 16-bit LED driver at slave address 0x60
Jul 30 14:41:39 witherspoon kernel: leds-pca955x 11-0060: leds-pca955x: Using pca9552 16-bit LED driver at slave address 0x60
Jul 30 14:41:39 witherspoon kernel: leds-pca955x 11-0060: gpios 264...279
Jul 30 14:41:39 witherspoon kernel: usbcore: registered new interface driver usbhid
Jul 30 14:41:39 witherspoon kernel: usbhid: USB HID core driver
Jul 30 14:41:39 witherspoon kernel: NET: Registered protocol family 10
Jul 30 14:41:39 witherspoon kernel: Segment Routing with IPv6
Jul 30 14:41:39 witherspoon kernel: NET: Registered protocol family 17
Jul 30 14:41:39 witherspoon kernel: 8021q: 802.1Q VLAN Support v1.8
Jul 30 14:41:39 witherspoon kernel: console [netcon0] enabled
Jul 30 14:41:39 witherspoon kernel: netconsole: network logging started
Jul 30 14:41:39 witherspoon kernel: input: gpio-keys as /devices/platform/gpio-keys/input/input0
Jul 30 14:41:39 witherspoon kernel: rtc-rv8803 11-0032: setting system clock to 2017-07-30 14:41:28 UTC (1501425688)
Jul 30 14:41:39 witherspoon kernel: Freeing unused kernel memory: 284K
Jul 30 14:41:39 witherspoon kernel: This architecture does not have kernel memory protection.
Jul 30 14:41:39 witherspoon kernel: jffs2: notice: (526) jffs2_build_xattr_subsystem: complete building xattr subsystem, 0 of xdatum (0 unchecked, 0 orphan) and 0 of xref (0 dead, 0 orphan) found.
Jul 30 14:41:39 witherspoon systemd[1]: Failed to insert module 'autofs4': No such file or directory
Jul 30 14:41:39 witherspoon systemd[1]: systemd 232 running in system mode. (+PAM -AUDIT -SELINUX -IMA -APPARMOR -SMACK +SYSVINIT -UTMP -LIBCRYPTSETUP -GCRYPT -GNUTLS +ACL +XZ -LZ4 -SECCOMP +BLKID -ELFUTILS +KMOD -IDN)
Jul 30 14:41:39 witherspoon systemd[1]: Detected architecture arm.
Jul 30 14:41:39 witherspoon systemd[1]: Set hostname to <witherspoon>.
Jul 30 14:41:39 witherspoon systemd[1]: Listening on /dev/initctl Compatibility Named Pipe.
Jul 30 14:41:39 witherspoon systemd[1]: Reached target Swap.
Jul 30 14:41:39 witherspoon systemd[1]: Listening on Journal Socket.
Jul 30 14:41:39 witherspoon systemd[1]: Listening on Journal Socket (/dev/log).
Jul 30 14:41:39 witherspoon systemd[1]: Listening on Network Service Netlink Socket.
Jul 30 14:41:39 witherspoon systemd[1]: Listening on udev Control Socket.
Jul 30 14:41:39 witherspoon systemd[1]: Listening on udev Kernel Socket.
Jul 30 14:41:39 witherspoon systemd[1]: Created slice system-org.openbmc.control.Chassis.slice.
Jul 30 14:41:39 witherspoon systemd[1]: Created slice system-op\x2dreset\x2dchassis\x2drunning.slice.
Jul 30 14:41:39 witherspoon systemd[1]: Created slice system-getty.slice.
Jul 30 14:41:39 witherspoon systemd[1]: Starting Journal Service...
Jul 30 14:41:39 witherspoon systemd[1]: Starting Remount Root and Kernel File Systems...
Jul 30 14:41:39 witherspoon systemd[1]: Created slice system-op\x2dreset\x2dchassis\x2don.slice.
Jul 30 14:41:39 witherspoon systemd-journald[551]: Journal started
Jul 30 14:41:39 witherspoon systemd-journald[551]: Runtime journal (/run/log/journal/cc6e1404d87444e8a089dfdb00a18f7d) is 0B, max 0B, 0B free.
Jul 30 14:41:39 witherspoon systemd-sysctl[549]: Couldn't write '16' to 'kernel/sysrq', ignoring: No such file or directory
Jul 30 14:41:39 witherspoon systemd-sysctl[549]: Couldn't write 'fq_codel' to 'net/core/default_qdisc', ignoring: No such file or directory
Jul 30 14:41:39 witherspoon systemd[1]: Starting udev Coldplug all Devices...
Jul 30 14:41:39 witherspoon systemd[1]: Mounted Debug File System.
Jul 30 14:41:40 witherspoon systemd[1]: Mounted Temporary Directory.
Jul 30 14:41:40 witherspoon systemd[1]: Started Journal Service.
Jul 30 14:41:40 witherspoon systemd[1]: Started Apply Kernel Variables.
Jul 30 14:41:40 witherspoon systemd[1]: Started Remount Root and Kernel File Systems.
Jul 30 14:41:41 witherspoon systemd[1]: Starting Create System Users...
Jul 30 14:41:41 witherspoon systemd[1]: Starting Flush Journal to Persistent Storage...
Jul 30 14:41:41 witherspoon systemd[1]: Started udev Coldplug all Devices.
Jul 30 14:41:42 witherspoon systemd-journald[551]: Runtime journal (/run/log/journal/cc6e1404d87444e8a089dfdb00a18f7d) is 0B, max 0B, 0B free.
Jul 30 14:41:42 witherspoon systemd[1]: Started Flush Journal to Persistent Storage.
Jul 30 14:41:42 witherspoon systemd[1]: Started Create System Users.
Jul 30 14:41:42 witherspoon systemd[1]: Starting Create Static Device Nodes in /dev...
Jul 30 14:41:42 witherspoon systemd[1]: Started Create Static Device Nodes in /dev.
Jul 30 14:41:42 witherspoon systemd[1]: Starting udev Kernel Device Manager...
Jul 30 14:41:42 witherspoon systemd[1]: Reached target Local File Systems (Pre).
Jul 30 14:41:43 witherspoon systemd[1]: Mounting /var/volatile...
Jul 30 14:41:43 witherspoon systemd[1]: Mounted /var/volatile.
Jul 30 14:41:43 witherspoon systemd[1]: Starting Load/Save Random Seed...
Jul 30 14:41:43 witherspoon systemd[1]: Reached target Local File Systems.
Jul 30 14:41:43 witherspoon systemd[1]: Starting Create Volatile Files and Directories...
Jul 30 14:41:43 witherspoon systemd[1]: Starting Rebuild Journal Catalog...
Jul 30 14:41:43 witherspoon systemd[1]: Started Load/Save Random Seed.
Jul 30 14:41:43 witherspoon systemd[1]: Started Rebuild Journal Catalog.
Jul 30 14:41:43 witherspoon systemd-tmpfiles[897]: "/var/tmp" already exists and is not a directory.
Jul 30 14:41:43 witherspoon systemd-tmpfiles[897]: "/var/log" already exists and is not a directory.
Jul 30 14:41:43 witherspoon systemd[1]: Started Create Volatile Files and Directories.
Jul 30 14:41:43 witherspoon systemd[1]: Starting Network Time Synchronization...
Jul 30 14:41:43 witherspoon systemd[1]: Starting Run pending postinsts...
Jul 30 14:41:43 witherspoon systemd[1]: Starting Update is Completed...
Jul 30 14:41:44 witherspoon systemd[1]: Started Update is Completed.
Jul 30 14:41:44 witherspoon systemd[1]: Started udev Kernel Device Manager.
Jul 30 14:41:44 witherspoon systemd[1]: Started Network Time Synchronization.
Jul 30 14:41:44 witherspoon systemd[1]: Reached target System Time Synchronized.
Jul 30 14:41:44 witherspoon run-postinsts[904]: Running postinst /etc/rpm-postinsts/libglib-2.0-0...
Jul 30 14:41:46 witherspoon systemd[1]: Found device /dev/aspeed-lpc-ctrl.
Jul 30 14:41:46 witherspoon systemd[1]: Found device /dev/aspeed-mbox.
Jul 30 14:41:46 witherspoon systemd[1]: Found device /dev/ttyS4.
Jul 30 14:41:46 witherspoon systemd[1]: Found device /dev/ttyVUART0.
Jul 30 14:41:46 witherspoon systemd[1]: dev-hugepages.mount: Couldn't determine result for ConditionVirtualization=!private-users, assuming failed: No such file or directory
Jul 30 14:41:46 witherspoon systemd[1]: Created slice system-xyz.openbmc_project.Hwmon.slice.
Jul 30 14:41:46 witherspoon systemd[1]: dev-hugepages.mount: Couldn't determine result for ConditionVirtualization=!private-users, assuming failed: No such file or directory
Jul 30 14:41:46 witherspoon systemd[1]: dev-hugepages.mount: Couldn't determine result for ConditionVirtualization=!private-users, assuming failed: No such file or directory
Jul 30 14:41:46 witherspoon systemd[1]: Created slice system-xyz.openbmc_project.led.controller.slice.
Jul 30 14:41:46 witherspoon systemd[1]: dev-hugepages.mount: Couldn't determine result for ConditionVirtualization=!private-users, assuming failed: No such file or directory
Jul 30 14:41:46 witherspoon systemd[1]: dev-hugepages.mount: Couldn't determine result for ConditionVirtualization=!private-users, assuming failed: No such file or directory
Jul 30 14:41:48 witherspoon systemd[1]: dev-hugepages.mount: Couldn't determine result for ConditionVirtualization=!private-users, assuming failed: No such file or directory
Jul 30 14:41:48 witherspoon run-postinsts[904]: rm: can't remove '/etc/rpm-postinsts': Invalid argument
Jul 30 14:41:48 witherspoon run-postinsts[904]:  Removing any system startup links for run-postinsts ...
Jul 30 14:41:48 witherspoon systemctl[935]: Removed /etc/systemd/system/sysinit.target.wants/run-postinsts.service.
Jul 30 14:41:48 witherspoon systemd[1]: Reloading.
Jul 30 14:41:51 witherspoon systemd[1]: Started Run pending postinsts.
Jul 30 14:41:51 witherspoon systemd[1]: Reached target System Initialization.
Jul 30 14:41:51 witherspoon systemd[1]: Listening on Avahi mDNS/DNS-SD Stack Activation Socket.
Jul 30 14:41:51 witherspoon systemd[1]: Listening on Phosphor Webserver socket.
Jul 30 14:41:51 witherspoon systemd[1]: Listening on phosphor-ipmi-net.socket.
Jul 30 14:41:51 witherspoon systemd[1]: Listening on dropbear.socket.
Jul 30 14:41:51 witherspoon systemd[1]: Listening on Phosphor Host Console SSH Per-Connection socket.
Jul 30 14:41:51 witherspoon systemd[1]: Listening on Phosphor DBUS Browser socket.
Jul 30 14:41:51 witherspoon systemd[1]: Listening on D-Bus System Message Bus Socket.
Jul 30 14:41:51 witherspoon systemd[1]: Reached target Sockets.
Jul 30 14:41:51 witherspoon systemd[1]: Reached target Basic System.
Jul 30 14:41:51 witherspoon systemd[1]: Starting Phosphor Download Manager...
Jul 30 14:41:51 witherspoon systemd[1]: Starting OpenPower Software Update Manager...
Jul 30 14:41:52 witherspoon systemd[1]: Starting Phosphor Network Manager...
Jul 30 14:41:52 witherspoon systemd[1]: Starting Phosphor Log Manager...
Jul 30 14:41:52 witherspoon systemd[1]: Started Phosphor sysfs LED controller.
Jul 30 14:41:52 witherspoon systemd[1]: Started System Logging Service.
Jul 30 14:41:52 witherspoon systemd[1]: Starting Avahi mDNS/DNS-SD Stack...
Jul 30 14:41:52 witherspoon systemd[1]: Starting Phosphor Settings Daemon...
Jul 30 14:41:52 witherspoon systemd[1]: Starting Phosphor Dump Manager...
Jul 30 14:41:52 witherspoon systemd[1]: Starting Phosphor User Manager...
Jul 30 14:41:52 witherspoon systemd[1]: Starting Phosphor Inventory Manager...
Jul 30 14:41:52 witherspoon systemd[1]: Started Phosphor sysfs LED controller.
Jul 30 14:41:52 witherspoon systemd[1]: Started Phosphor Dump core monitor..
Jul 30 14:41:52 witherspoon systemd[1]: Started Phosphor sysfs LED controller.
Jul 30 14:41:52 witherspoon systemd[1]: Started Phosphor Console Muxer listening on device /dev/ttyVUART0.
Jul 30 14:41:52 witherspoon systemd[1]: Reached target Containers.
Jul 30 14:41:52 witherspoon systemd[1]: Starting Phosphor BMC0 Control...
Jul 30 14:41:52 witherspoon systemd[1]: Starting Phosphor Inventory Manager...
Jul 30 14:41:52 witherspoon systemd[1]: Started Phosphor sysfs LED controller.
Jul 30 14:41:52 witherspoon systemd[1]: Started Phosphor sysfs LED controller.
Jul 30 14:41:52 witherspoon systemd[1]: Started Phosphor sysfs LED controller.
Jul 30 14:41:52 witherspoon systemd[1]: Started Phosphor sysfs LED controller.
Jul 30 14:41:53 witherspoon systemd[1]: Started D-Bus System Message Bus.
Jul 30 14:41:55 witherspoon avahi-daemon[953]: Found user 'avahi' (UID 999) and group 'avahi' (GID 999).
Jul 30 14:41:55 witherspoon avahi-daemon[953]: Successfully dropped root privileges.
Jul 30 14:41:55 witherspoon avahi-daemon[953]: avahi-daemon 0.6.32 starting up.
Jul 30 14:41:58 witherspoon openpower-update-manager[948]: Error PNOR current version is empty
Jul 30 14:41:58 witherspoon avahi-daemon[953]: Successfully called chroot().
Jul 30 14:41:58 witherspoon avahi-daemon[953]: Successfully dropped remaining capabilities.
Jul 30 14:41:58 witherspoon avahi-daemon[953]: Loading service file /services/obmc_console.service.
Jul 30 14:41:58 witherspoon avahi-daemon[953]: Loading service file /services/phosphor_rest.service.
Jul 30 14:41:58 witherspoon avahi-daemon[953]: Loading service file /services/sftp-ssh.service.
Jul 30 14:41:58 witherspoon avahi-daemon[953]: Loading service file /services/sftp.service.
Jul 30 14:41:58 witherspoon avahi-daemon[953]: Loading service file /services/ssh.service.
Jul 30 14:41:58 witherspoon avahi-daemon[953]: Network interface enumeration completed.
Jul 30 14:41:58 witherspoon avahi-daemon[953]: Server startup complete. Host name is witherspoon.local. Local service cookie is 4240288371.
Jul 30 14:41:58 witherspoon avahi-daemon[953]: Service "witherspoon" (/services/ssh.service) successfully established.
Jul 30 14:41:58 witherspoon avahi-daemon[953]: Service "sftp" (/services/sftp.service) successfully established.
Jul 30 14:41:58 witherspoon avahi-daemon[953]: Service "witherspoon" (/services/sftp-ssh.service) successfully established.
Jul 30 14:41:58 witherspoon avahi-daemon[953]: Service "phosphor_rest" (/services/phosphor_rest.service) successfully established.
Jul 30 14:41:58 witherspoon avahi-daemon[953]: Service "obmc_console" (/services/obmc_console.service) successfully established.
Jul 30 14:41:59 witherspoon systemd[1]: Started Avahi mDNS/DNS-SD Stack.
Jul 30 14:41:59 witherspoon systemd[1]: Started Phosphor Inventory Manager.
Jul 30 14:42:00 witherspoon systemd[1]: Started Phosphor Settings Daemon.
Jul 30 14:42:00 witherspoon systemd[1]: Started Phosphor BMC0 Control.
Jul 30 14:42:00 witherspoon systemd[1]: Started Phosphor Log Manager.
Jul 30 14:42:00 witherspoon systemd[1]: Started OpenPower Software Update Manager.
Jul 30 14:42:00 witherspoon systemd[1]: Started Phosphor MBOX Daemon.
Jul 30 14:42:00 witherspoon systemd[1]: Starting Network Service...
Jul 30 14:42:00 witherspoon systemd[1]: Starting Phosphor Sensor Manager...
Jul 30 14:42:00 witherspoon systemd[1]: Starting Phosphor Download Manager...
Jul 30 14:42:00 witherspoon systemd[1]: Starting Phosphor Chassis0 Control...
Jul 30 14:42:00 witherspoon systemd[1]: Starting Phosphor IPMI BT DBus Bridge...
Jul 30 14:42:00 witherspoon systemd[1]: Starting OpenBMC Software Update Manager...
Jul 30 14:42:00 witherspoon systemd[1]: Started Hardware RNG Entropy Gatherer Daemon.
Jul 30 14:42:01 witherspoon systemd[1]: Started Phosphor sysfs LED controller.
Jul 30 14:42:01 witherspoon systemd[1]: Started Phosphor sysfs LED controller.
Jul 30 14:42:01 witherspoon systemd[1]: Starting Phosphor DBus Service Discovery Manager...
Jul 30 14:42:01 witherspoon systemd[1]: Starting Phosphor LED Group Management Daemon...
Jul 30 14:42:01 witherspoon systemd[1]: Started Daily Cleanup of Temporary Directories.
Jul 30 14:42:01 witherspoon systemd[1]: Reached target Timers.
Jul 30 14:42:01 witherspoon systemd[1]: Started Phosphor sysfs LED controller.
Jul 30 14:42:01 witherspoon systemd[1]: Started Kernel Logging Service.
Jul 30 14:42:01 witherspoon systemd[1]: Starting Clear one time boot overrides...
Jul 30 14:42:02 witherspoon kernel[987]: klogd started: BusyBox v1.24.1 (2017-06-16 19:29:08 UTC)
Jul 30 14:42:02 witherspoon kernel[987]: [    0.000000] Booting Linux on physical CPU 0x0
Jul 30 14:42:02 witherspoon kernel[987]: [    0.000000] Linux version 4.10.17-44f0dc8ac43162c4f7082884d6cd79400341bf5b (jenkins@openbmc-builder1) (gcc version 6.2.0 (GCC) ) #1 Sun Jul 30 14:28:12 UTC 2017
Jul 30 14:42:02 witherspoon kernel[987]: [    0.000000] CPU: ARMv6-compatible processor [410fb767] revision 7 (ARMv7), cr=00c5387d
Jul 30 14:42:02 witherspoon kernel[987]: [    0.000000] CPU: PIPT / VIPT nonaliasing data cache, VIPT nonaliasing instruction cache
Jul 30 14:42:02 witherspoon kernel[987]: [    0.000000] OF: fdt:Machine model: Witherspoon BMC
Jul 30 14:42:02 witherspoon kernel[987]: [    0.000000] Memory policy: Data cache writeback
Jul 30 14:42:02 witherspoon kernel[987]: [    0.000000] SOC Rev: 04030303
Jul 30 14:42:02 witherspoon systemd[1]: Started Phosphor IPMI BT DBus Bridge.
Jul 30 14:42:02 witherspoon kernel[987]: [    0.000000] On node 0 totalpages: 110592
Jul 30 14:42:02 witherspoon kernel[987]: [    0.000000] free_area_init_node: node 0, pgdat 805ff5e4, node_mem_map 9ec1a000
Jul 30 14:42:02 witherspoon kernel[987]: [    0.000000]   Normal zone: 992 pages used for memmap
Jul 30 14:42:02 witherspoon kernel[987]: [    0.000000]   Normal zone: 0 pages reserved
Jul 30 14:42:02 witherspoon kernel[987]: [    0.000000]   Normal zone: 110592 pages, LIFO batch:31
Jul 30 14:42:02 witherspoon kernel[987]: [    0.000000] pcpu-alloc: s0 r0 d32768 u32768 alloc=1*32768
Jul 30 14:42:02 witherspoon kernel[987]: [    0.000000] pcpu-alloc: [0] 0
Jul 30 14:42:02 witherspoon kernel[987]: [    0.000000] Built 1 zonelists in Zone order, mobility grouping on.  Total pages: 109600
Jul 30 14:42:02 witherspoon kernel[987]: [    0.000000] Kernel command line: console=ttyS4,115200n8 root=/dev/ram rw
Jul 30 14:42:02 witherspoon systemd[1]: Started OpenBMC Software Update Manager.
Jul 30 14:42:02 witherspoon kernel[987]: [    0.000000] PID hash table entries: 2048 (order: 1, 8192 bytes)
Jul 30 14:42:02 witherspoon systemd[1]: Starting Phosphor Version Software Manager...
Jul 30 14:42:02 witherspoon kernel[987]: [    0.000000] Dentry cache hash table entries: 65536 (order: 6, 262144 bytes)
Jul 30 14:42:02 witherspoon kernel[987]: [    0.000000] Inode-cache hash table entries: 32768 (order: 5, 131072 bytes)
Jul 30 14:42:02 witherspoon kernel[987]: [    0.000000] Memory: 430436K/442368K available (4065K kernel code, 280K rwdata, 1192K rodata, 284K init, 111K bss, 11932K reserved, 0K cma-reserved)
Jul 30 14:42:02 witherspoon kernel[987]: [    0.000000] Virtual kernel memory layout:
Jul 30 14:42:02 witherspoon kernel[987]: [    0.000000]     vector  : 0xffff0000 - 0xffff1000   (   4 kB)
Jul 30 14:42:02 witherspoon kernel[987]: [    0.000000]     fixmap  : 0xffc00000 - 0xfff00000   (3072 kB)
Jul 30 14:42:02 witherspoon kernel[987]: [    0.000000]     vmalloc : 0x9f800000 - 0xff800000   (1536 MB)
Jul 30 14:42:02 witherspoon kernel[987]: [    0.000000]     lowmem  : 0x80000000 - 0x9f000000   ( 496 MB)
Jul 30 14:42:02 witherspoon kernel[987]: [    0.000000]       .text : 0x80008000 - 0x804007a0   (4066 kB)
Jul 30 14:42:02 witherspoon kernel[987]: [    0.000000]       .init : 0x80585000 - 0x805cc000   ( 284 kB)
Jul 30 14:42:02 witherspoon kernel[987]: [    0.000000]       .data : 0x805cc000 - 0x80612358   ( 281 kB)
Jul 30 14:42:02 witherspoon kernel[987]: [    0.000000]        .bss : 0x80612358 - 0x8062e1f8   ( 112 kB)
Jul 30 14:42:02 witherspoon kernel[987]: [    0.000000] NR_IRQS:16 nr_irqs:16 16
Jul 30 14:42:02 witherspoon kernel[987]: [    0.000000] i2c controller registered, irq 16
Jul 30 14:42:02 witherspoon kernel[987]: [    0.000000] clocksource: moxart_timer: mask: 0xffffffff max_cycles: 0xffffffff, max_idle_ns: 77222644334 ns
Jul 30 14:42:02 witherspoon kernel[987]: [    0.000000] sched_clock: 32 bits at 100 Hz, resolution 10000000ns, wraps every 21474836475000000ns
Jul 30 14:42:02 witherspoon kernel[987]: [    0.090000] Calibrating delay loop... 789.70 BogoMIPS (lpj=3948544)
Jul 30 14:42:02 witherspoon kernel[987]: [    0.090000] pid_max: default: 32768 minimum: 301
Jul 30 14:42:02 witherspoon kernel[987]: [    0.090000] Mount-cache hash table entries: 1024 (order: 0, 4096 bytes)
Jul 30 14:42:02 witherspoon kernel[987]: [    0.090000] Mountpoint-cache hash table entries: 1024 (order: 0, 4096 bytes)
Jul 30 14:42:02 witherspoon kernel[987]: [    0.090000] CPU: Testing write buffer coherency: ok
Jul 30 14:42:02 witherspoon kernel[987]: [    0.090000] ftrace: allocating 14932 entries in 44 pages
Jul 30 14:42:02 witherspoon kernel[987]: [    0.120000] Setting up static identity map for 0x80008200 - 0x8000825c
Jul 30 14:42:02 witherspoon kernel[987]: [    0.120000] devtmpfs: initialized
Jul 30 14:42:02 witherspoon kernel[987]: [    0.140000] clocksource: jiffies: mask: 0xffffffff max_cycles: 0xffffffff, max_idle_ns: 19112604462750000 ns
Jul 30 14:42:02 witherspoon kernel[987]: [    0.140000] futex hash table entries: 256 (order: -1, 3072 bytes)
Jul 30 14:42:02 witherspoon kernel[987]: [    0.140000] pinctrl core: initialized pinctrl subsystem
Jul 30 14:42:02 witherspoon kernel[987]: [    0.140000] NET: Registered protocol family 16
Jul 30 14:42:02 witherspoon kernel[987]: [    0.140000] DMA: preallocated 256 KiB pool for atomic coherent allocations
Jul 30 14:42:02 witherspoon kernel[987]: [    0.210000] usbcore: registered new interface driver usbfs
Jul 30 14:42:02 witherspoon kernel[987]: [    0.210000] usbcore: registered new interface driver hub
Jul 30 14:42:02 witherspoon kernel[987]: [    0.210000] usbcore: registered new device driver usb
Jul 30 14:42:02 witherspoon kernel[987]: [    0.220000] clocksource: Switched to clocksource moxart_timer
Jul 30 14:42:02 witherspoon kernel[987]: [    0.240000] NET: Registered protocol family 2
Jul 30 14:42:02 witherspoon kernel[987]: [    0.240000] TCP established hash table entries: 4096 (order: 2, 16384 bytes)
Jul 30 14:42:02 witherspoon kernel[987]: [    0.240000] TCP bind hash table entries: 4096 (order: 2, 16384 bytes)
Jul 30 14:42:02 witherspoon kernel[987]: [    0.240000] TCP: Hash tables configured (established 4096 bind 4096)
Jul 30 14:42:02 witherspoon kernel[987]: [    0.240000] UDP hash table entries: 256 (order: 0, 4096 bytes)
Jul 30 14:42:02 witherspoon kernel[987]: [    0.240000] UDP-Lite hash table entries: 256 (order: 0, 4096 bytes)
Jul 30 14:42:02 witherspoon kernel[987]: [    0.240000] NET: Registered protocol family 1
Jul 30 14:42:02 witherspoon kernel[987]: [    0.240000] Trying to unpack rootfs image as initramfs...
Jul 30 14:42:02 witherspoon kernel[987]: [    1.910000] Freeing initrd memory: 1548K
Jul 30 14:42:02 witherspoon kernel[987]: [    1.910000] workingset: timestamp_bits=30 max_order=17 bucket_order=0
Jul 30 14:42:02 witherspoon kernel[987]: [    1.910000] squashfs: version 4.0 (2009/01/31) Phillip Lougher
Jul 30 14:42:02 witherspoon kernel[987]: [    1.910000] jffs2: version 2.2. (SUMMARY)  © 2001-2006 Red Hat, Inc.
Jul 30 14:42:02 witherspoon kernel[987]: [    1.910000] Block layer SCSI generic (bsg) driver version 0.4 loaded (major 250)
Jul 30 14:42:02 witherspoon kernel[987]: [    1.910000] io scheduler noop registered
Jul 30 14:42:02 witherspoon kernel[987]: [    1.910000] io scheduler deadline registered
Jul 30 14:42:02 witherspoon kernel[987]: [    1.910000] io scheduler cfq registered (default)
Jul 30 14:42:02 witherspoon kernel[987]: [    2.060000] ipmi-bt-host 1e789140.ibt: Found bt bmc device
Jul 30 14:42:02 witherspoon kernel[987]: [    2.060000] ipmi-bt-host 1e789140.ibt: Using IRQ 22
Jul 30 14:42:02 witherspoon kernel[987]: [    2.060000] Serial: 8250/16550 driver, 6 ports, IRQ sharing enabled
Jul 30 14:42:02 witherspoon kernel[987]: [    2.060000] 1e783000.serial: ttyS0 at MMIO 0x1e783000 (irq = 23, base_baud = 1500000) is a 16550A
Jul 30 14:42:02 witherspoon kernel[987]: [    2.060000] 1e78d000.serial: ttyS1 at MMIO 0x1e78d000 (irq = 24, base_baud = 1500000) is a 16550A
Jul 30 14:42:02 witherspoon kernel[987]: [    2.060000] 1e784000.serial: ttyS4 at MMIO 0x1e784000 (irq = 25, base_baud = 1500000) is a 16550A
Jul 30 14:42:02 witherspoon kernel[987]: [    2.410000] console [ttyS4] enabled
Jul 30 14:42:02 witherspoon kernel[987]: [    2.410000] 1e787000.vuart: ttyS2 at MMIO 0x1e787000 (irq = 22, base_baud = 1500000) is a 16550A
Jul 30 14:42:02 witherspoon kernel[987]: [    2.610000] timeriomem_rng 1e6e2078.hwrng: 32bits from 0xf00e2078 @ 1us
Jul 30 14:42:02 witherspoon kernel[987]: [    2.620000] random: fast init done
Jul 30 14:42:02 witherspoon kernel[987]: [    2.660000] brd: module loaded
Jul 30 14:42:02 witherspoon kernel[987]: [    2.680000] random: crng init done
Jul 30 14:42:02 witherspoon kernel[987]: [    2.690000] loop: module loaded
Jul 30 14:42:02 witherspoon kernel[987]: [    2.700000] aspeed-lpc-ctrl 1e789080.lpc-ctrl: Loaded at 0x98000000 (0x04000000)
Jul 30 14:42:02 witherspoon kernel[987]: [    2.700000] aspeed-smc 1e620000.flash-controller: Using IRQ 18
Jul 30 14:42:02 witherspoon kernel[987]: [    2.710000] aspeed-smc 1e620000.flash-controller: DMA support disabled.
Jul 30 14:42:02 witherspoon kernel[987]: [    2.710000] aspeed-smc 1e620000.flash-controller: mx25l25635e (32768 Kbytes)
Jul 30 14:42:02 witherspoon kernel[987]: [    2.730000] aspeed-smc 1e620000.flash-controller: CE0 window [ 0x20000000 - 0x22000000 ] 32MB
Jul 30 14:42:02 witherspoon kernel[987]: [    2.730000] aspeed-smc 1e620000.flash-controller: CE1 window [ 0x22000000 - 0x2a000000 ] 128MB
Jul 30 14:42:02 witherspoon kernel[987]: [    2.730000] 5 ofpart partitions found on MTD device bmc
Jul 30 14:42:02 witherspoon kernel[987]: [    2.750000] Creating 5 MTD partitions on "bmc":
Jul 30 14:42:02 witherspoon kernel[987]: [    2.760000] 0x000000000000-0x000000060000 : "u-boot"
Jul 30 14:42:02 witherspoon kernel[987]: [    2.760000] 0x000000060000-0x000000080000 : "u-boot-env"
Jul 30 14:42:02 witherspoon kernel[987]: [    2.770000] 0x000000080000-0x0000004c0000 : "kernel"
Jul 30 14:42:02 witherspoon kernel[987]: [    2.770000] 0x0000004c0000-0x000001c00000 : "rofs"
Jul 30 14:42:02 witherspoon kernel[987]: [    2.800000] 0x000001c00000-0x000002000000 : "rwfs"
Jul 30 14:42:02 witherspoon kernel[987]: [    2.800000] aspeed-smc 1e620000.flash-controller: mx25l25635e (32768 Kbytes)
Jul 30 14:42:02 witherspoon kernel[987]: [    2.810000] aspeed-smc 1e620000.flash-controller: CE1 window [ 0x22000000 - 0x24000000 ] 32MB
Jul 30 14:42:02 witherspoon kernel[987]: [    2.810000] aspeed-smc 1e620000.flash-controller: CE2 window [ 0x24000000 - 0x2c000000 ] 128MB
Jul 30 14:42:02 witherspoon kernel[987]: [    2.840000] aspeed-smc 1e630000.flash-controller: mx66l1g45g (131072 Kbytes)
Jul 30 14:42:02 witherspoon kernel[987]: [    2.840000] aspeed-smc 1e630000.flash-controller: CE0 window resized to 120MB (AST2500 HW quirk)
Jul 30 14:42:02 witherspoon kernel[987]: [    2.850000] aspeed-smc 1e630000.flash-controller: CE0 window [ 0x30000000 - 0x37800000 ] 120MB
Jul 30 14:42:02 witherspoon kernel[987]: [    2.850000] aspeed-smc 1e630000.flash-controller: CE0 window too small for chip 128MB
Jul 30 14:42:02 witherspoon kernel[987]: [    2.850000] aspeed-smc 1e630000.flash-controller: CE1 window [ 0x37800000 - 0x38000000 ] 8MB
Jul 30 14:42:02 witherspoon kernel[987]: [    3.600000] libphy: Fixed MDIO Bus: probed
Jul 30 14:42:02 witherspoon kernel[987]: [    3.600000] ftgmac100 1e660000.ethernet: Read MAC address 70:e2:84:14:23:e1 from chip
Jul 30 14:42:02 witherspoon kernel[987]: [    3.600000] ftgmac100 1e660000.ethernet: Using NCSI interface
Jul 30 14:42:02 witherspoon kernel[987]: [    3.600000] ftgmac100 1e660000.ethernet eth0: irq 20, mapped at f0060000
Jul 30 14:42:02 witherspoon kernel[987]: [    3.600000] ehci_hcd: USB 2.0 'Enhanced' Host Controller (EHCI) Driver
Jul 30 14:42:02 witherspoon kernel[987]: [    3.600000] ehci-platform: EHCI generic platform driver
Jul 30 14:42:02 witherspoon kernel[987]: [    3.850000]  fsi0: can't read slave 00:00 -5
Jul 30 14:42:02 witherspoon kernel[987]: [    3.850000] i2c /dev entries driver
Jul 30 14:42:02 witherspoon kernel[987]: [    3.850000] aspeed-i2c-bus 1e78a0c0.i2c-bus: i2c bus 2 registered, irq 26
Jul 30 14:42:02 witherspoon kernel[987]: [    3.850000] aspeed-i2c-bus 1e78a100.i2c-bus: i2c bus 3 registered, irq 27
Jul 30 14:42:02 witherspoon kernel[987]: [    3.850000] aspeed-i2c-bus 1e78a140.i2c-bus: i2c bus 4 registered, irq 28
Jul 30 14:42:02 witherspoon kernel[987]: [    3.850000] aspeed-i2c-bus 1e78a180.i2c-bus: i2c bus 5 registered, irq 29
Jul 30 14:42:02 witherspoon kernel[987]: [    3.850000] aspeed-i2c-bus 1e78a380.i2c-bus: i2c bus 9 registered, irq 30
Jul 30 14:42:02 witherspoon kernel[987]: [    3.850000] aspeed-i2c-bus 1e78a3c0.i2c-bus: i2c bus 10 registered, irq 31
Jul 30 14:42:02 witherspoon kernel[987]: [    3.850000] rtc-rv8803 11-0032: Voltage low, temperature compensation stopped.
Jul 30 14:42:02 witherspoon kernel[987]: [    3.850000] rtc-rv8803 11-0032: An alarm maybe have been missed.
Jul 30 14:42:02 witherspoon kernel[987]: [    3.950000] rtc-rv8803 11-0032: rtc core: registered rx8900 as rtc0
Jul 30 14:42:02 witherspoon kernel[987]: [    3.960000] at24 11-0051: 8192 byte 24c64 EEPROM, writable, 1 bytes/write
Jul 30 14:42:02 witherspoon kernel[987]: [    3.960000] aspeed-i2c-bus 1e78a400.i2c-bus: i2c bus 11 registered, irq 32
Jul 30 14:42:02 witherspoon kernel[987]: [    3.960000] aspeed-i2c-bus 1e78a440.i2c-bus: i2c bus 12 registered, irq 33
Jul 30 14:42:02 witherspoon kernel[987]: [    3.960000] aspeed-i2c-bus 1e78a480.i2c-bus: i2c bus 13 registered, irq 34
Jul 30 14:42:02 witherspoon kernel[987]: [    3.960000] Driver for 1-wire Dallas network protocol.
Jul 30 14:42:02 witherspoon kernel[987]: [    3.960000] lm75 9-004a: hwmon0: sensor 'tmp275'
Jul 30 14:42:02 witherspoon kernel[987]: [    4.410000] max31785 3-0052: Fan 1 is configured but not installed
Jul 30 14:42:02 witherspoon kernel[987]: [    4.410000] max31785 3-0052: Fan 2 is configured but not installed
Jul 30 14:42:02 witherspoon kernel[987]: [    4.770000] ucd9000 11-0064: Device ID UCD90160|2.3.4.0000|110603
Jul 30 14:42:02 witherspoon kernel[987]: [    5.100000] leds-pca955x 3-0060: leds-pca955x: Using pca9552 16-bit LED driver at slave address 0x60
Jul 30 14:42:02 witherspoon kernel[987]: [    5.130000] leds-pca955x 11-0060: leds-pca955x: Using pca9552 16-bit LED driver at slave address 0x60
Jul 30 14:42:02 witherspoon kernel[987]: [    5.140000] leds-pca955x 11-0060: gpios 264...279
Jul 30 14:42:02 witherspoon kernel[987]: [    5.140000] usbcore: registered new interface driver usbhid
Jul 30 14:42:02 witherspoon kernel[987]: [    5.150000] usbhid: USB HID core driver
Jul 30 14:42:02 witherspoon kernel[987]: [    5.200000] NET: Registered protocol family 10
Jul 30 14:42:02 witherspoon kernel[987]: [    5.200000] Segment Routing with IPv6
Jul 30 14:42:02 witherspoon kernel[987]: [    5.210000] NET: Registered protocol family 17
Jul 30 14:42:02 witherspoon kernel[987]: [    5.210000] 8021q: 802.1Q VLAN Support v1.8
Jul 30 14:42:02 witherspoon kernel[987]: [    5.210000] console [netcon0] enabled
Jul 30 14:42:02 witherspoon kernel[987]: [    5.230000] netconsole: network logging started
Jul 30 14:42:02 witherspoon kernel[987]: [    5.230000] input: gpio-keys as /devices/platform/gpio-keys/input/input0
Jul 30 14:42:02 witherspoon kernel[987]: [    5.240000] rtc-rv8803 11-0032: setting system clock to 2017-07-30 14:41:28 UTC (1501425688)
Jul 30 14:42:02 witherspoon kernel[987]: [    5.250000] Freeing unused kernel memory: 284K
Jul 30 14:42:02 witherspoon kernel[987]: [    5.250000] This architecture does not have kernel memory protection.
Jul 30 14:42:02 witherspoon kernel[987]: [    6.920000] jffs2: notice: (526) jffs2_build_xattr_subsystem: complete building xattr subsystem, 0 of xdatum (0 unchecked, 0 orphan) and 0 of xref (0 dead, 0 orphan) found.
Jul 30 14:42:02 witherspoon kernel[987]: [    9.030000] systemd[1]: Failed to insert module 'autofs4': No such file or directory
Jul 30 14:42:02 witherspoon kernel[987]: [    9.230000] systemd[1]: systemd 232 running in system mode. (+PAM -AUDIT -SELINUX -IMA -APPARMOR -SMACK +SYSVINIT -UTMP -LIBCRYPTSETUP -GCRYPT -GNUTLS +ACL +XZ -LZ4 -SECCOMP +BLKID -ELFUTILS +KMOD -IDN)
Jul 30 14:42:02 witherspoon kernel[987]: [    9.230000] systemd[1]: Detected architecture arm.
Jul 30 14:42:02 witherspoon kernel[987]: [    9.360000] systemd[1]: Set hostname to <witherspoon>.
Jul 30 14:42:02 witherspoon kernel[987]: [   10.940000] systemd[1]: Listening on /dev/initctl Compatibility Named Pipe.
Jul 30 14:42:02 witherspoon kernel[987]: [   10.980000] systemd[1]: Reached target Swap.
Jul 30 14:42:02 witherspoon kernel[987]: [   11.010000] systemd[1]: Listening on Journal Socket.
Jul 30 14:42:02 witherspoon kernel[987]: [   11.050000] systemd[1]: Listening on Journal Socket (/dev/log).
Jul 30 14:42:02 witherspoon kernel[987]: [   11.090000] systemd[1]: Listening on Network Service Netlink Socket.
Jul 30 14:42:02 witherspoon kernel[987]: [   11.130000] systemd[1]: Listening on udev Control Socket.
Jul 30 14:42:02 witherspoon kernel[987]: [   11.180000] systemd[1]: Listening on udev Kernel Socket.
Jul 30 14:42:02 witherspoon kernel[987]: [   14.370000] systemd[1]: Created slice system-org.openbmc.control.Chassis.slice.
Jul 30 14:42:02 witherspoon kernel[987]: [   14.630000] systemd[1]: Created slice system-op\x2dreset\x2dchassis\x2drunning.slice.
Jul 30 14:42:02 witherspoon kernel[987]: [   14.900000] systemd[1]: Created slice system-getty.slice.
Jul 30 14:42:02 witherspoon kernel[987]: [   15.180000] systemd[1]: Starting Journal Service...
Jul 30 14:42:02 witherspoon kernel[987]: [   15.470000] systemd[1]: Starting Remount Root and Kernel File Systems...
Jul 30 14:42:02 witherspoon kernel[987]: [   15.770000] systemd[1]: Created slice system-op\x2dreset\x2dchassis\x2don.slice.
Jul 30 14:42:02 witherspoon kernel[987]: [   16.080000] systemd[1]: Starting udev Coldplug all Devices...
Jul 30 14:42:02 witherspoon kernel[987]: [   16.400000] systemd[1]: Mounted Debug File System.
Jul 30 14:42:02 witherspoon kernel[987]: [   16.730000] systemd[1]: Mounted Temporary Directory.
Jul 30 14:42:02 witherspoon kernel[987]: [   17.070000] systemd[1]: Started Journal Service.
Jul 30 14:42:02 witherspoon kernel[987]: [   18.920000] systemd-journald[551]: Received request to flush runtime journal from PID 1
Jul 30 14:42:05 witherspoon systemd[1]: Started Clear one time boot overrides.
Jul 30 14:42:05 witherspoon systemd[1]: Started Phosphor Version Software Manager.
Jul 30 14:42:06 witherspoon systemd[1]: Started Phosphor Download Manager.
Jul 30 14:42:06 witherspoon systemd[1]: Started Phosphor Dump Manager.
Jul 30 14:42:06 witherspoon systemd-networkd[975]: Enumeration completed
Jul 30 14:42:06 witherspoon systemd[1]: Started Network Service.
Jul 30 14:42:06 witherspoon systemd[1]: Reached target Network.
Jul 30 14:42:06 witherspoon avahi-daemon[953]: Joining mDNS multicast group on interface eth0.IPv4 with address 9.3.86.161.
Jul 30 14:42:06 witherspoon systemd[1]: Started Lightweight SLP Server.
Jul 30 14:42:06 witherspoon avahi-daemon[953]: New relevant interface eth0.IPv4 for mDNS.
Jul 30 14:42:06 witherspoon systemd[1]: Starting Permit User Sessions...
Jul 30 14:42:06 witherspoon avahi-daemon[953]: Registering new address record for 9.3.86.161 on eth0.IPv4.
Jul 30 14:42:06 witherspoon systemd-networkd[975]: eth0: IPv6 enabled for interface: Success
Jul 30 14:42:07 witherspoon systemd-networkd[975]: eth0: Gained carrier
Jul 30 14:42:07 witherspoon systemd-timesyncd[903]: Network configuration changed, trying to establish connection.
Jul 30 14:42:07 witherspoon systemd[1]: Started Phosphor LED Group Management Daemon.
Jul 30 14:42:07 witherspoon systemd[1]: Started Permit User Sessions.
Jul 30 14:42:07 witherspoon systemd[1]: Started Serial Getty on ttyS4.
Jul 30 14:42:07 witherspoon systemd[1]: Reached target Login Prompts.
Jul 30 14:42:07 witherspoon systemd[1]: Reached target Multi-User System.
Jul 30 14:42:08 witherspoon avahi-daemon[953]: Joining mDNS multicast group on interface eth0.IPv6 with address fe80::72e2:84ff:fe14:23e1.
Jul 30 14:42:08 witherspoon systemd-networkd[975]: eth0: Gained IPv6LL
Jul 30 14:42:08 witherspoon avahi-daemon[953]: New relevant interface eth0.IPv6 for mDNS.
Jul 30 14:42:08 witherspoon avahi-daemon[953]: Registering new address record for fe80::72e2:84ff:fe14:23e1 on eth0.*.
Jul 30 14:42:10 witherspoon kernel: ftgmac100 1e660000.ethernet eth0: NCSI interface up
Jul 30 14:42:10 witherspoon kernel[987]: [   47.010000] ftgmac100 1e660000.ethernet eth0: NCSI interface up
Jul 30 14:42:16 witherspoon systemd[1]: Started Phosphor Chassis0 Control.
Jul 30 14:42:16 witherspoon chassis_control.py[978]: Running ChassisControlService
Jul 30 14:42:16 witherspoon systemd[1]: Started Phosphor Download Manager.
Jul 30 14:42:16 witherspoon download_manager.py[947]: Running Download Manager
Jul 30 14:42:17 witherspoon systemd[1]: Created slice system-dropbear.slice.
Jul 30 14:42:17 witherspoon systemd[1]: Started SSH Per-Connection Server (9.41.165.94:58148).
Jul 30 14:42:18 witherspoon sensor_manager2.py[976]: Setting boot count to 3
Jul 30 14:42:18 witherspoon systemd[1]: Started Phosphor Sensor Manager.
Jul 30 14:42:18 witherspoon sensor_manager2.py[976]: Starting sensor manager
Jul 30 14:42:19 witherspoon systemd[1]: Started Phosphor User Manager.
Jul 30 14:42:19 witherspoon obmc-phosphor-userd[956]: Started
Jul 30 14:42:19 witherspoon phosphor-mapper[984]: ObjectMapper startup complete.  Discovery in progress...
Jul 30 14:42:20 witherspoon avahi-daemon[970]: ../../avahi-0.6.32/avahi-daemon/chroot.c: open() failed: No such file or directory
Jul 30 14:42:20 witherspoon avahi-daemon[953]: Failed to open /usr/share/dbus-1/interfaces/org.freedesktop.Avahi.Server.xml: Invalid argument
Jul 30 14:42:20 witherspoon avahi-daemon[953]: Failed to load introspection data.
Jul 30 14:42:21 witherspoon inventory_items.py[964]: Loading from cache: /var/cache/obmc/org.openbmc.inventory.system.chassis.motherboard.apss@org.openbmc.InventoryItem.props
Jul 30 14:42:21 witherspoon inventory_items.py[964]: Loading from cache: /var/cache/obmc/org.openbmc.inventory.system.chassis.motherboard@org.openbmc.InventoryItem.props
Jul 30 14:42:21 witherspoon inventory_items.py[964]: Loading from cache: /var/cache/obmc/org.openbmc.inventory.system.chassis.motherboard.refclock@org.openbmc.InventoryItem.props
Jul 30 14:42:21 witherspoon inventory_items.py[964]: Loading from cache: /var/cache/obmc/org.openbmc.inventory.system.chassis.motherboard.cpu1.core7@org.openbmc.InventoryItem.props
Jul 30 14:42:21 witherspoon inventory_items.py[964]: Loading from cache: /var/cache/obmc/org.openbmc.inventory.system.chassis.motherboard.cpu1.core4@org.openbmc.InventoryItem.props
Jul 30 14:42:21 witherspoon inventory_items.py[964]: Loading from cache: /var/cache/obmc/org.openbmc.inventory.system.chassis.motherboard.cpu1.core1@org.openbmc.InventoryItem.props
Jul 30 14:42:21 witherspoon inventory_items.py[964]: Loading from cache: /var/cache/obmc/org.openbmc.inventory.system.chassis.motherboard.cpu1.core10@org.openbmc.InventoryItem.props
Jul 30 14:42:21 witherspoon inventory_items.py[964]: Loading from cache: /var/cache/obmc/org.openbmc.inventory.system.chassis.motherboard.todclock@org.openbmc.InventoryItem.props
Jul 30 14:42:21 witherspoon inventory_items.py[964]: Loading from cache: /var/cache/obmc/org.openbmc.inventory.system.chassis.motherboard.cpu1@org.openbmc.InventoryItem.props
Jul 30 14:42:21 witherspoon inventory_items.py[964]: Loading from cache: /var/cache/obmc/org.openbmc.inventory.system.chassis.motherboard.bmc@org.openbmc.InventoryItem.props
Jul 30 14:42:21 witherspoon inventory_items.py[964]: Caching: /org/openbmc/inventory/system/chassis/motherboard/bmc
Jul 30 14:42:21 witherspoon inventory_items.py[964]: Loading from cache: /var/cache/obmc/org.openbmc.inventory.system.chassis.motherboard.cpu0.core1@org.openbmc.InventoryItem.props
Jul 30 14:42:21 witherspoon inventory_items.py[964]: Loading from cache: /var/cache/obmc/org.openbmc.inventory.system.chassis.motherboard.cpu0.core7@org.openbmc.InventoryItem.props
Jul 30 14:42:21 witherspoon inventory_items.py[964]: Loading from cache: /var/cache/obmc/org.openbmc.inventory.system.chassis.motherboard.cpu0.core4@org.openbmc.InventoryItem.props
Jul 30 14:42:21 witherspoon inventory_items.py[964]: Loading from cache: /var/cache/obmc/org.openbmc.inventory.system.chassis.motherboard.pcieclock@org.openbmc.InventoryItem.props
Jul 30 14:42:21 witherspoon inventory_items.py[964]: Loading from cache: /var/cache/obmc/org.openbmc.inventory.system.chassis.motherboard.cpu0.core10@org.openbmc.InventoryItem.props
Jul 30 14:42:21 witherspoon inventory_items.py[964]: Running Inventory Manager
Jul 30 14:42:21 witherspoon systemd[1]: Started Phosphor Inventory Manager.
Jul 30 14:42:21 witherspoon netman.py[949]: Started
Jul 30 14:42:21 witherspoon systemd[1]: Started Phosphor Network Manager.
Jul 30 14:42:21 witherspoon systemd-networkd[975]: eth0: Configured
Jul 30 14:42:21 witherspoon systemd-timesyncd[903]: Network configuration changed, trying to establish connection.
Jul 30 14:42:24 witherspoon dropbear[1003]: Failed loading /etc/dropbear/dropbear_dss_host_key
Jul 30 14:42:24 witherspoon dropbear[1003]: Failed loading /etc/dropbear/dropbear_ecdsa_host_key
Jul 30 14:42:24 witherspoon dropbear[1003]: Child connection from ::ffff:9.41.165.94:58148
Jul 30 14:42:29 witherspoon dropbear[1003]: PAM password auth succeeded for 'root' from ::ffff:9.41.165.94:58148
Jul 30 14:42:29 witherspoon dropbear[1004]: lastlog_perform_login: Couldn't stat /var/log/lastlog: No such file or directory
Jul 30 14:42:29 witherspoon dropbear[1004]: lastlog_openseek: /var/log/lastlog is not a file or directory!
Jul 30 14:42:30 witherspoon phosphor-mapper[984]: ObjectMapper discovery complete
Jul 30 14:42:30 witherspoon systemd[1]: Started Phosphor DBus Service Discovery Manager.
Jul 30 14:42:30 witherspoon systemd[1]: Started Phosphor Hwmon Poller.
Jul 30 14:42:30 witherspoon systemd[1]: Started Phosphor Hwmon Poller.
Jul 30 14:42:30 witherspoon systemd[1]: Started Phosphor Hwmon Poller.
Jul 30 14:42:30 witherspoon systemd[1]: Started Phosphor Hwmon Poller.
Jul 30 14:42:30 witherspoon systemd[1]: Reached target Phosphor Object Mapper.
Jul 30 14:42:30 witherspoon systemd[1]: Starting Wait for /xyz/openbmc_project/inventory...
Jul 30 14:42:30 witherspoon systemd[1]: Starting Phoshpor System Manager...
Jul 30 14:42:30 witherspoon systemd[1]: Starting Wait for /org/openbmc/control/bmc0...
Jul 30 14:42:30 witherspoon systemd[1]: Starting Wait for /xyz/openbmc_project/led/groups...
Jul 30 14:42:30 witherspoon systemd[1]: Starting Wait for /xyz/openbmc_project/state/chassis0...
Jul 30 14:42:30 witherspoon systemd[1]: Starting Wait for /xyz/openbmc_project/led/groups/bmc_booted...
Jul 30 14:42:30 witherspoon systemd[1]: Starting Wait for /org/openbmc/control/flash/bios...
Jul 30 14:42:30 witherspoon systemd[1]: Starting Wait for /org/openbmc/managers/System...
Jul 30 14:42:30 witherspoon systemd[1]: Starting Phosphor Settings Manager...
Jul 30 14:42:30 witherspoon systemd[1]: Starting Wait for /xyz/openbmc_project/state/host0...
Jul 30 14:42:30 witherspoon systemd[1]: Starting Wait for /org/openbmc/NetworkManager/Interface...
Jul 30 14:42:30 witherspoon systemd[1]: Started Phosphor DBus Monitor.
Jul 30 14:42:30 witherspoon systemd[1]: Starting Wait for /org/openbmc/control/power0...
Jul 30 14:42:30 witherspoon systemd[1]: Reached target Webserver (pre).
Jul 30 14:42:30 witherspoon systemd[1]: Started Phosphor Webserver.
Jul 30 14:42:30 witherspoon systemd[1]: Starting Phosphor Network Manager...
Jul 30 14:42:30 witherspoon systemd[1]: Starting Wait for /org/openbmc/managers/Download...
Jul 30 14:42:30 witherspoon systemd[1]: Starting Wait for /xyz/openbmc_project/control/host0...
Jul 30 14:42:30 witherspoon systemd[1]: Started Phosphor Hwmon Poller.
Jul 30 14:42:30 witherspoon systemd[1]: Started Phosphor Hwmon Poller.
Jul 30 14:42:33 witherspoon phosphor-network-manager[1028]: ConfigParser: Section not found
Jul 30 14:42:33 witherspoon phosphor-network-manager[1028]: The operation failed internally.
Jul 30 14:42:33 witherspoon phosphor-network-manager[1028]: ConfigParser: Section not found
Jul 30 14:42:33 witherspoon phosphor-network-manager[1028]: The operation failed internally.
Jul 30 14:42:33 witherspoon phosphor-network-manager[1028]: ConfigParser: Key not found
Jul 30 14:42:33 witherspoon phosphor-network-manager[1028]: The operation failed internally.
Jul 30 14:42:36 witherspoon systemd[1]: Started Wait for /xyz/openbmc_project/inventory.
Jul 30 14:42:36 witherspoon systemd[1]: Starting OpenPOWER OCC controller...
Jul 30 14:42:36 witherspoon systemd[1]: Starting Read OpenPOWER-format VPD from EEPROM...
Jul 30 14:42:36 witherspoon systemd[1]: Started Phosphor Cooling Type.
Jul 30 14:42:36 witherspoon systemd[1]: Started Wait for /org/openbmc/control/bmc0.
Jul 30 14:42:36 witherspoon systemd[1]: Started Wait for /xyz/openbmc_project/led/groups.
Jul 30 14:42:37 witherspoon systemd[1]: Started FRU Fault monitor service.
Jul 30 14:42:37 witherspoon systemd[1]: Started Wait for /xyz/openbmc_project/led/groups/bmc_booted.
Jul 30 14:42:37 witherspoon systemd[1]: Started Wait for /org/openbmc/NetworkManager/Interface.
Jul 30 14:42:37 witherspoon systemd[1]: Started Wait for /org/openbmc/managers/Download.
Jul 30 14:42:37 witherspoon systemd[1]: Starting Phosphor BMC Code Update...
Jul 30 14:42:37 witherspoon systemd[1]: Starting Phosphor BIOS Code Update...
Jul 30 14:42:37 witherspoon systemd[1]: Started Phosphor DNS Settings Cache Manager.
Jul 30 14:42:37 witherspoon systemd[1]: Starting Assert bmc_booted LED...
Jul 30 14:42:38 witherspoon systemd[1]: Started OpenPOWER OCC controller.
Jul 30 14:42:39 witherspoon systemd[1]: Started Phosphor BIOS Code Update.
Jul 30 14:42:42 witherspoon phosphor-log-manager[950]: Failed to find metadata
Jul 30 14:42:42 witherspoon phosphor-fru-fault-monitor[1043]: /xyz/openbmc_project/logging/entry/1
Jul 30 14:42:43 witherspoon dbus[969]: [system] Activating via systemd: service name='org.freedesktop.hostname1' unit='dbus-org.freedesktop.hostname1.service'
Jul 30 14:42:43 witherspoon systemd[1]: Starting Hostname Service...
Jul 30 14:42:45 witherspoon dbus[969]: [system] Successfully activated service 'org.freedesktop.hostname1'
Jul 30 14:42:45 witherspoon systemd[1]: Started Hostname Service.
Jul 30 14:42:45 witherspoon systemd[1]: Started Phosphor Network Manager.
Jul 30 14:42:49 witherspoon systemd[1]: Started Assert bmc_booted LED.
Jul 30 14:42:49 witherspoon systemd[1]: Started Read OpenPOWER-format VPD from EEPROM.
Jul 30 14:42:50 witherspoon system_manager.py[1015]: Running System State: BASE_APPS
Jul 30 14:42:50 witherspoon settings_manager.py[1022]: Running HostSettingsService
Jul 30 14:42:50 witherspoon systemd[1]: Started Phosphor Settings Manager.
Jul 30 14:42:50 witherspoon systemd[1]: Starting Wait for /org/openbmc/settings/host0...
Jul 30 14:42:50 witherspoon system_manager.py[1015]: SystemManager Init Done
Jul 30 14:42:51 witherspoon system_manager.py[1015]: Running SystemManager
Jul 30 14:42:51 witherspoon systemd[1]: Started Phoshpor System Manager.
Jul 30 14:42:51 witherspoon bmc_update.py[1044]: Running Bmc Flash Control
Jul 30 14:42:51 witherspoon systemd[1]: Started Phosphor BMC Code Update.
Jul 30 14:42:52 witherspoon system_manager.py[1015]: SystemManager Goto System State: BMC_STARTING
Jul 30 14:42:52 witherspoon system_manager.py[1015]: Running System State: BMC_STARTING
Jul 30 14:42:55 witherspoon systemd[1]: Started Wait for /org/openbmc/control/flash/bios.
Jul 30 14:42:55 witherspoon systemd[1]: Started Initialize BIOS Flash.
Jul 30 14:42:57 witherspoon systemd[1]: Started Wait for /org/openbmc/settings/host0.
Jul 30 14:42:57 witherspoon systemd[1]: Started Phosphor Inband IPMI.
Jul 30 14:42:57 witherspoon systemd[1]: Started Wait for /org/openbmc/managers/System.
Jul 30 14:42:57 witherspoon systemd[1]: Starting Phosphor Chassis State Manager...
Jul 30 14:42:57 witherspoon systemd[1]: Starting Phosphor Reset Button0...
Jul 30 14:42:57 witherspoon systemd[1]: Starting Phosphor Host State Manager...
Jul 30 14:42:57 witherspoon systemd[1]: Starting Phosphor Power Button0...
Jul 30 14:42:58 witherspoon systemd[1]: Starting Phosphor Power0 Control...
Jul 30 14:42:58 witherspoon systemd[1]: Starting Phosphor BMC State Manager...
Jul 30 14:42:58 witherspoon phosphor-bmc-state-manager[1075]: Setting the BMCState field
Jul 30 14:42:58 witherspoon phosphor-bmc-state-manager[1075]: Setting the BMCState field
Jul 30 14:42:58 witherspoon systemd[1]: Started Phosphor BMC State Manager.
Jul 30 14:42:58 witherspoon phosphor-chassis-state-manager[1067]: Initial Chassis State will be Off
Jul 30 14:42:59 witherspoon systemd[1]: Started Phosphor Chassis State Manager.
Jul 30 14:42:59 witherspoon flash_bios.exe[1045]: Starting flasher: bios,,/org/openbmc/control/flash/bios,
Jul 30 14:42:59 witherspoon flash_bios.exe[1045]: flasher: , BMC = 1, address = 0x0
Jul 30 14:42:59 witherspoon flash_bios.exe[1045]: Setting up flash
Jul 30 14:42:59 witherspoon flash_bios.exe[1045]: Starting flasher: bios,,/org/openbmc/control/flash/bios,
Jul 30 14:42:59 witherspoon flash_bios.exe[1045]: flasher: , BMC = 1, address = 0x0
Jul 30 14:42:59 witherspoon flash_bios.exe[1045]: Setting up flash
Jul 30 14:43:00 witherspoon button_power.exe[1070]: GPIO Lookup:  POWER_BUTTON = 347,both
Jul 30 14:43:00 witherspoon button_reset.exe[1068]: GPIO Lookup:  RESET_BUTTON = 353,both
Jul 30 14:43:00 witherspoon systemd[1]: Started Phosphor Power Button0.
Jul 30 14:43:00 witherspoon systemd[1]: Started Phosphor Reset Button0.
Jul 30 14:43:00 witherspoon phosphor-host-state-manager[1069]: Initial Host State will be Off
Jul 30 14:43:00 witherspoon system_manager.py[1015]: New object: /org/openbmc/control/power0 (:1.76)
Jul 30 14:43:01 witherspoon system_manager.py[1015]: Power GPIO config: ['SYS_PWROK_BUFF', '', [('SOFTWARE_PGOOD', True), ('BMC_POWER_UP', True)], [('BMC_CP0_RESET_N', False)], [], 'FSI_DATA', 'FSI_CLK', 'FSI_ENABLE', 'CRONUS_SEL', []]
Jul 30 14:43:01 witherspoon power_control.exe[1074]: Power GPIO latch output:
Jul 30 14:43:01 witherspoon power_control.exe[1074]: Power GPIO power good input: SYS_PWROK_BUFF
Jul 30 14:43:01 witherspoon power_control.exe[1074]: Power GPIO 2 power_up outputs
Jul 30 14:43:01 witherspoon power_control.exe[1074]: Power GPIO power_up[0] = SOFTWARE_PGOOD active HIGH
Jul 30 14:43:01 witherspoon power_control.exe[1074]: Power GPIO power_up[1] = BMC_POWER_UP active HIGH
Jul 30 14:43:01 witherspoon power_control.exe[1074]: Power GPIO 1 reset outputs
Jul 30 14:43:01 witherspoon power_control.exe[1074]: Power GPIO reset[0] = BMC_CP0_RESET_N active LOW
Jul 30 14:43:01 witherspoon power_control.exe[1074]: Power GPIO 0 pci reset outputs
Jul 30 14:43:01 witherspoon power_control.exe[1074]: FSI DATA GPIO: FSI_DATA
Jul 30 14:43:01 witherspoon power_control.exe[1074]: FSI CLK GPIO: FSI_CLK
Jul 30 14:43:01 witherspoon power_control.exe[1074]: FSI ENABLE GPIO: FSI_ENABLE
Jul 30 14:43:01 witherspoon power_control.exe[1074]: CRONUS SEL GPIO: CRONUS_SEL
Jul 30 14:43:01 witherspoon power_control.exe[1074]: Hostctl GPIO optionals: 0
Jul 30 14:43:01 witherspoon power_control.exe[1074]: GPIO Lookup:  SYS_PWROK_BUFF = 306,in
Jul 30 14:43:01 witherspoon power_control.exe[1074]: GPIO Lookup:  SOFTWARE_PGOOD = 417,out
Jul 30 14:43:01 witherspoon power_control.exe[1074]: GPIO Lookup:  BMC_POWER_UP = 305,out
Jul 30 14:43:02 witherspoon power_control.exe[1074]: GPIO Lookup:  BMC_CP0_RESET_N = 281,out
Jul 30 14:43:02 witherspoon power_control.exe[1074]: Pgood state: 0
Jul 30 14:43:02 witherspoon systemd[1]: Started Phosphor Power0 Control.
Jul 30 14:43:02 witherspoon systemd[1]: Started Phosphor Host State Manager.
Jul 30 14:43:06 witherspoon systemd[1]: Started Wait for /xyz/openbmc_project/state/chassis0.
Jul 30 14:43:07 witherspoon system_manager.py[1015]: SystemManager Goto System State: BMC_READY
Jul 30 14:43:07 witherspoon system_manager.py[1015]: Running System State: BMC_READY
Jul 30 14:43:07 witherspoon systemd[1]: Started Wait for /org/openbmc/control/power0.
Jul 30 14:43:07 witherspoon systemd[1]: Starting Check Chassis0 pgood and create a file to indicate it...
Jul 30 14:43:07 witherspoon systemd[1]: Starting Phosphor Time Manager daemon...
Jul 30 14:43:07 witherspoon systemd[1]: Started Wait for /xyz/openbmc_project/control/host0.
Jul 30 14:43:08 witherspoon systemd[1]: Started Wait for /xyz/openbmc_project/state/host0.
Jul 30 14:43:08 witherspoon systemd[1]: Starting Reboot If Enabled...
Jul 30 14:43:08 witherspoon phosphor-discover-system-state[1113]: Host power is off, checking power policy
Jul 30 14:43:08 witherspoon systemd[1]: Started Reboot If Enabled.
Jul 30 14:43:09 witherspoon systemd[1]: Started Check Chassis0 pgood and create a file to indicate it.
Jul 30 14:43:09 witherspoon timemanager[1102]: Registering dbus methods
Jul 30 14:43:09 witherspoon timemanager[1102]: Last known time_mode: NTP
Jul 30 14:43:09 witherspoon timemanager[1102]: Last known time_owner: BMC
Jul 30 14:43:09 witherspoon timemanager[1102]: Empty DhcpNtp string
Jul 30 14:43:09 witherspoon timemanager[1102]: Reading Power Control key: pgood
Jul 30 14:43:09 witherspoon systemd[1]: Reached target Chassis0 power on after reset.
Jul 30 14:43:09 witherspoon systemd[1]: Reached target Chassis0 (Reset Check).
Jul 30 14:43:09 witherspoon systemd[1]: Reached target Host0 running after reset.
Jul 30 14:43:09 witherspoon systemd[1]: Reached target Host0 (Reset Check).
Jul 30 14:43:09 witherspoon timemanager[1102]: Changing settings *allowed* now
Jul 30 14:43:09 witherspoon timemanager[1102]: Getting System Settings: time_mode
Jul 30 14:43:09 witherspoon timemanager[1102]: Requested_Mode: NTP Current_Mode: NTP
Jul 30 14:43:09 witherspoon timemanager[1102]: Mode is already set to : NTP
Jul 30 14:43:09 witherspoon timemanager[1102]: Getting System Settings: time_owner
Jul 30 14:43:09 witherspoon timemanager[1102]: Owner is already set to : BMC
Jul 30 14:43:09 witherspoon timemanager[1102]: Getting System Settings: use_dhcp_ntp
Jul 30 14:43:09 witherspoon timemanager[1102]: use_dhcp_ntp = yes
Jul 30 14:43:09 witherspoon timemanager[1102]: Last known host_offset:0
Jul 30 14:43:09 witherspoon timemanager[1102]: Initial Uptime Usec: 1501425683250267
Jul 30 14:43:09 witherspoon systemd[1]: Started Phosphor Time Manager daemon.
Jul 30 14:43:09 witherspoon systemd[1]: Reached target Phosphor System - Standby.
Jul 30 14:43:09 witherspoon systemd[1]: Startup finished in 8.879s (kernel) + 1min 37.550s (userspace) = 1min 46.429s.
Jul 30 14:43:09 witherspoon phosphor-bmc-state-manager[1075]: BMC_READY
Jul 30 14:43:09 witherspoon phosphor-bmc-state-manager[1075]: Setting the BMCState field
Jul 30 14:43:13 witherspoon phosphor-gevent[1027]: Traceback (most recent call last):
Jul 30 14:43:13 witherspoon phosphor-gevent[1027]:   File "/usr/lib/python2.7/site-packages/gevent/greenlet.py", line 327, in run
Jul 30 14:43:13 witherspoon phosphor-gevent[1027]:     result = self._run(*self.args, **self.kwargs)
Jul 30 14:43:13 witherspoon phosphor-gevent[1027]:   File "/usr/lib/python2.7/site-packages/gevent/server.py", line 102, in wrap_socket_and_handle
Jul 30 14:43:13 witherspoon phosphor-gevent[1027]:     ssl_socket = self.wrap_socket(client_socket, **self.ssl_args)
Jul 30 14:43:13 witherspoon phosphor-gevent[1027]:   File "/usr/lib/python2.7/site-packages/gevent/ssl.py", line 404, in wrap_socket
Jul 30 14:43:13 witherspoon phosphor-gevent[1027]:     ciphers=ciphers)
Jul 30 14:43:13 witherspoon phosphor-gevent[1027]:   File "/usr/lib/python2.7/site-packages/gevent/ssl.py", line 113, in __init__
Jul 30 14:43:13 witherspoon phosphor-gevent[1027]:     self.do_handshake()
Jul 30 14:43:13 witherspoon phosphor-gevent[1027]:   File "/usr/lib/python2.7/site-packages/gevent/ssl.py", line 324, in do_handshake
Jul 30 14:43:13 witherspoon phosphor-gevent[1027]:     return self._sslobj.do_handshake()
Jul 30 14:43:13 witherspoon phosphor-gevent[1027]: SSLEOFError: EOF occurred in violation of protocol (_ssl.c:590)
Jul 30 14:43:13 witherspoon phosphor-gevent[1027]: <Greenlet at 0x7603c3f0: <bound method WSGIServer.wrap_socket_and_handle of <WSGIServer at 0x76012b50 fileno=5 address=('::3462:f276:b03d:6876%1986543008', 443, 0, 1986543008)>>(<socket at 0x75ee9830 fileno=9>, ('::8049:6676:8e91:f402%1995524892', 45622, 0, 199)> failed with SSLEOFError
Jul 30 14:43:13 witherspoon phosphor-gevent[1027]: Traceback (most recent call last):
Jul 30 14:43:13 witherspoon phosphor-gevent[1027]:   File "/usr/lib/python2.7/site-packages/gevent/greenlet.py", line 327, in run
Jul 30 14:43:13 witherspoon phosphor-gevent[1027]:     result = self._run(*self.args, **self.kwargs)
Jul 30 14:43:13 witherspoon phosphor-gevent[1027]:   File "/usr/lib/python2.7/site-packages/gevent/server.py", line 102, in wrap_socket_and_handle
Jul 30 14:43:13 witherspoon phosphor-gevent[1027]:     ssl_socket = self.wrap_socket(client_socket, **self.ssl_args)
Jul 30 14:43:13 witherspoon phosphor-gevent[1027]:   File "/usr/lib/python2.7/site-packages/gevent/ssl.py", line 404, in wrap_socket
Jul 30 14:43:13 witherspoon phosphor-gevent[1027]:     ciphers=ciphers)
Jul 30 14:43:13 witherspoon phosphor-gevent[1027]:   File "/usr/lib/python2.7/site-packages/gevent/ssl.py", line 113, in __init__
Jul 30 14:43:14 witherspoon phosphor-gevent[1027]:     self.do_handshake()
Jul 30 14:43:14 witherspoon phosphor-gevent[1027]:   File "/usr/lib/python2.7/site-packages/gevent/ssl.py", line 324, in do_handshake
Jul 30 14:43:14 witherspoon phosphor-gevent[1027]:     return self._sslobj.do_handshake()
Jul 30 14:43:14 witherspoon phosphor-gevent[1027]: SSLEOFError: EOF occurred in violation of protocol (_ssl.c:590)
Jul 30 14:43:14 witherspoon phosphor-gevent[1027]: <Greenlet at 0x7603c6c0: <bound method WSGIServer.wrap_socket_and_handle of <WSGIServer at 0x76012b50 fileno=5 address=('::3462:f276:b03d:6876%1986543008', 443, 0, 1986543008)>>(<socket at 0x75ee97d0 fileno=10>, ('::8049:6676:8e91:f402%1995524892', 45624, 0, 199)> failed with SSLEOFError
Jul 30 14:43:14 witherspoon phosphor-gevent[1027]: ::8049:6676:8e91:f402%1995524892 - - [2017-07-30 14:43:14] "POST /login HTTP/1.1" 200 320 0.043758
Jul 30 14:43:14 witherspoon phosphor-gevent[1027]: ::8049:6676:8e91:f402%1995524892 - - [2017-07-30 14:43:14] "GET /xyz/openbmc_project/state/chassis0//attr/CurrentPowerState HTTP/1.1" 200 216 0.058954
Jul 30 14:43:14 witherspoon phosphor-gevent[1027]: ::8049:6676:8e91:f402%1995524892 - - [2017-07-30 14:43:14] "POST /login HTTP/1.1" 200 320 0.033466
Jul 30 14:43:14 witherspoon phosphor-gevent[1027]: ::8049:6676:8e91:f402%1995524892 - - [2017-07-30 14:43:14] "GET /xyz/openbmc_project/state/chassis0//attr/CurrentPowerState HTTP/1.1" 200 216 0.048465
Jul 30 14:43:14 witherspoon phosphor-gevent[1027]: ::8049:6676:8e91:f402%1995524892 - - [2017-07-30 14:43:14] "POST /login HTTP/1.1" 200 320 0.031888
Jul 30 14:43:14 witherspoon phosphor-gevent[1027]: ::8049:6676:8e91:f402%1995524892 - - [2017-07-30 14:43:14] "GET /org/openbmc/sensors/host/BootProgress/attr/value HTTP/1.1" 200 170 0.051369
Jul 30 14:43:15 witherspoon phosphor-gevent[1027]: ::8049:6676:8e91:f402%1995524892 - - [2017-07-30 14:43:15] "POST /login HTTP/1.1" 200 320 0.049823
Jul 30 14:43:15 witherspoon phosphor-gevent[1027]: ::8049:6676:8e91:f402%1995524892 - - [2017-07-30 14:43:15] "GET /xyz/openbmc_project/state/host0//attr/CurrentHostState HTTP/1.1" 200 212 0.048491
Jul 30 14:43:15 witherspoon phosphor-gevent[1027]: ::8049:6676:8e91:f402%1995524892 - - [2017-07-30 14:43:15] "POST /login HTTP/1.1" 200 320 0.032797
Jul 30 14:43:15 witherspoon phosphor-gevent[1027]: ::8049:6676:8e91:f402%1995524892 - - [2017-07-30 14:43:15] "GET /xyz/openbmc_project/logging/entry//list HTTP/1.1" 200 214 0.045229
Jul 30 14:43:15 witherspoon phosphor-gevent[1027]: ::8049:6676:8e91:f402%1995524892 - - [2017-07-30 14:43:15] "POST /login HTTP/1.1" 200 320 0.032309
Jul 30 14:43:15 witherspoon phosphor-gevent[1027]: ::8049:6676:8e91:f402%1995524892 - - [2017-07-30 14:43:15] "GET /xyz/openbmc_project/logging/entry//list HTTP/1.1" 200 214 0.039446
Jul 30 14:43:15 witherspoon phosphor-gevent[1027]: ::8049:6676:8e91:f402%1995524892 - - [2017-07-30 14:43:15] "POST /login HTTP/1.1" 200 320 0.032259
Jul 30 14:43:15 witherspoon phosphor-gevent[1027]: ::8049:6676:8e91:f402%1995524892 - - [2017-07-30 14:43:15] "DELETE /xyz/openbmc_project/logging/entry/1 HTTP/1.1" 200 169 0.064156
Jul 30 14:43:16 witherspoon systemd[1]: Started SSH Per-Connection Server (9.41.165.94:58168).
Jul 30 14:43:16 witherspoon dropbear[1118]: Failed loading /etc/dropbear/dropbear_dss_host_key
Jul 30 14:43:16 witherspoon dropbear[1118]: Failed loading /etc/dropbear/dropbear_ecdsa_host_key
Jul 30 14:43:16 witherspoon dropbear[1118]: Child connection from ::ffff:9.41.165.94:58168
Jul 30 14:43:16 witherspoon dropbear[1118]: PAM password auth succeeded for 'root' from ::ffff:9.41.165.94:58168
Jul 30 14:43:16 witherspoon dropbear[1119]: lastlog_perform_login: Couldn't stat /var/log/lastlog: No such file or directory
Jul 30 14:43:16 witherspoon dropbear[1119]: lastlog_openseek: /var/log/lastlog is not a file or directory!
Jul 30 14:43:18 witherspoon phosphor-gevent[1027]: ::8049:6676:8e91:f402%1995524892 - - [2017-07-30 14:43:18] "POST /login HTTP/1.1" 200 320 0.052940
Jul 30 14:43:18 witherspoon phosphor-gevent[1027]: ::8049:6676:8e91:f402%1995524892 - - [2017-07-30 14:43:18] "GET /xyz/openbmc_project/state/host0//attr/CurrentHostState HTTP/1.1" 200 212 0.048337
Jul 30 14:43:18 witherspoon dropbear[1003]: Exit (root): Exited normally
Jul 30 14:43:18 witherspoon dropbear[1118]: Exit (root): Exited normally
Jul 30 14:43:20 witherspoon systemd[1]: Started SSH Per-Connection Server (9.41.165.94:58172).
Jul 30 14:43:20 witherspoon dropbear[1133]: Failed loading /etc/dropbear/dropbear_dss_host_key
Jul 30 14:43:21 witherspoon dropbear[1133]: Failed loading /etc/dropbear/dropbear_ecdsa_host_key
Jul 30 14:43:21 witherspoon dropbear[1133]: Child connection from ::ffff:9.41.165.94:58172
Jul 30 14:43:21 witherspoon dropbear[1133]: PAM password auth succeeded for 'root' from ::ffff:9.41.165.94:58172
Jul 30 14:43:21 witherspoon dropbear[1134]: lastlog_perform_login: Couldn't stat /var/log/lastlog: No such file or directory
Jul 30 14:43:21 witherspoon dropbear[1134]: lastlog_openseek: /var/log/lastlog is not a file or directory!
Jul 30 14:43:22 witherspoon phosphor-gevent[1027]: ::8049:6676:8e91:f402%1995524892 - - [2017-07-30 14:43:22] "POST /login HTTP/1.1" 200 320 0.032583
Jul 30 14:43:22 witherspoon phosphor-gevent[1027]: ::8049:6676:8e91:f402%1995524892 - - [2017-07-30 14:43:22] "PUT /org/openbmc/settings/host0/attr/power_policy HTTP/1.1" 200 169 0.219094
Jul 30 14:43:22 witherspoon phosphor-gevent[1027]: ::8049:6676:8e91:f402%1995524892 - - [2017-07-30 14:43:22] "POST /login HTTP/1.1" 200 320 0.032666
Jul 30 14:43:22 witherspoon phosphor-gevent[1027]: ::8049:6676:8e91:f402%1995524892 - - [2017-07-30 14:43:22] "GET /org/openbmc/settings/host0/attr/power_policy HTTP/1.1" 200 185 0.068560
Jul 30 14:43:23 witherspoon phosphor-gevent[1027]: ::8049:6676:8e91:f402%1995524892 - - [2017-07-30 14:43:23] "POST /login HTTP/1.1" 200 320 0.046876
Jul 30 14:43:23 witherspoon phosphor-gevent[1027]: ::8049:6676:8e91:f402%1995524892 - - [2017-07-30 14:43:23] "GET /xyz/openbmc_project/state/chassis0//attr/CurrentPowerState HTTP/1.1" 200 216 0.063397
Jul 30 14:43:23 witherspoon phosphor-gevent[1027]: ::8049:6676:8e91:f402%1995524892 - - [2017-07-30 14:43:23] "POST /login HTTP/1.1" 200 320 0.045802
Jul 30 14:43:23 witherspoon phosphor-gevent[1027]: ::8049:6676:8e91:f402%1995524892 - - [2017-07-30 14:43:23] "GET /xyz/openbmc_project/state/bmc0//attr/CurrentBMCState HTTP/1.1" 200 212 0.069512
Jul 30 14:43:23 witherspoon phosphor-gevent[1027]: ::8049:6676:8e91:f402%1995524892 - - [2017-07-30 14:43:23] "POST /login HTTP/1.1" 200 320 0.032240
Jul 30 14:43:23 witherspoon phosphor-gevent[1027]: ::8049:6676:8e91:f402%1995524892 - - [2017-07-30 14:43:23] "GET /org/openbmc/sensors/host/BootProgress/attr/value HTTP/1.1" 200 170 0.054880
Jul 30 14:43:23 witherspoon phosphor-gevent[1027]: ::8049:6676:8e91:f402%1995524892 - - [2017-07-30 14:43:23] "POST /login HTTP/1.1" 200 320 0.041533
Jul 30 14:43:24 witherspoon phosphor-gevent[1027]: ::8049:6676:8e91:f402%1995524892 - - [2017-07-30 14:43:24] "GET /xyz/openbmc_project/state/host0//attr/CurrentHostState HTTP/1.1" 200 212 0.048296
Jul 30 14:43:24 witherspoon phosphor-gevent[1027]: ::8049:6676:8e91:f402%1995524892 - - [2017-07-30 14:43:24] "POST /login HTTP/1.1" 200 320 0.032116
Jul 30 14:43:24 witherspoon phosphor-gevent[1027]: ::8049:6676:8e91:f402%1995524892 - - [2017-07-30 14:43:24] "GET /xyz/openbmc_project/logging/entry//list HTTP/1.1" 404 311 0.033716
Jul 30 14:43:24 witherspoon systemd[1]: Started SSH Per-Connection Server (9.41.165.94:58188).
Jul 30 14:43:24 witherspoon dropbear[1140]: Failed loading /etc/dropbear/dropbear_dss_host_key
Jul 30 14:43:24 witherspoon dropbear[1140]: Failed loading /etc/dropbear/dropbear_ecdsa_host_key
Jul 30 14:43:24 witherspoon dropbear[1140]: Child connection from ::ffff:9.41.165.94:58188
Jul 30 14:43:25 witherspoon dropbear[1140]: PAM password auth succeeded for 'root' from ::ffff:9.41.165.94:58188
Jul 30 14:43:53 witherspoon phosphor-gevent[1027]: ::8049:6676:8e91:f402%1995524892 - - [2017-07-30 14:43:53] "POST /login HTTP/1.1" 200 320 0.032434
Jul 30 14:43:54 witherspoon phosphor-gevent[1027]: ::8049:6676:8e91:f402%1995524892 - - [2017-07-30 14:43:54] "POST /org/openbmc/control/flash/bios//action/update HTTP/1.1" 200 169 0.295009
Jul 30 14:43:54 witherspoon flash_bios.exe[1045]: Starting flasher: bios,/tmp/witherspoon_910_golden.pnor,/org/openbmc/control/flash/bios,
Jul 30 14:43:54 witherspoon flash_bios.exe[1045]: flasher: /tmp/witherspoon_910_golden.pnor, BMC = 1, address = 0x0
Jul 30 14:43:54 witherspoon flash_bios.exe[1045]: Setting up flash
Jul 30 14:43:54 witherspoon phosphor-gevent[1027]: ::8049:6676:8e91:f402%1995524892 - - [2017-07-30 14:43:54] "POST /login HTTP/1.1" 200 320 0.053754
Jul 30 14:43:54 witherspoon phosphor-gevent[1027]: ::8049:6676:8e91:f402%1995524892 - - [2017-07-30 14:43:54] "GET /org/openbmc/control/flash/bios HTTP/1.1" 200 397 0.086647
Jul 30 14:43:55 witherspoon phosphor-gevent[1027]: ::8049:6676:8e91:f402%1995524892 - - [2017-07-30 14:43:55] "POST /login HTTP/1.1" 200 320 0.032545
Jul 30 14:43:55 witherspoon phosphor-gevent[1027]: ::8049:6676:8e91:f402%1995524892 - - [2017-07-30 14:43:55] "GET /org/openbmc/control/flash/bios HTTP/1.1" 200 397 0.207014
Jul 30 14:44:05 witherspoon phosphor-gevent[1027]: ::8049:6676:8e91:f402%1995524892 - - [2017-07-30 14:44:05] "POST /login HTTP/1.1" 200 320 0.042361
Jul 30 14:44:05 witherspoon phosphor-gevent[1027]: ::8049:6676:8e91:f402%1995524892 - - [2017-07-30 14:44:05] "GET /org/openbmc/control/flash/bios HTTP/1.1" 200 397 0.491464
Jul 30 14:44:16 witherspoon phosphor-gevent[1027]: ::8049:6676:8e91:f402%1995524892 - - [2017-07-30 14:44:16] "POST /login HTTP/1.1" 200 320 0.032081
Jul 30 14:44:16 witherspoon phosphor-gevent[1027]: ::8049:6676:8e91:f402%1995524892 - - [2017-07-30 14:44:16] "GET /org/openbmc/control/flash/bios HTTP/1.1" 200 397 0.071314
Jul 30 14:44:26 witherspoon phosphor-gevent[1027]: ::8049:6676:8e91:f402%1995524892 - - [2017-07-30 14:44:26] "POST /login HTTP/1.1" 200 320 0.032475
Jul 30 14:44:26 witherspoon phosphor-gevent[1027]: ::8049:6676:8e91:f402%1995524892 - - [2017-07-30 14:44:26] "GET /org/openbmc/control/flash/bios HTTP/1.1" 200 397 0.454231
Jul 30 14:44:37 witherspoon phosphor-gevent[1027]: ::8049:6676:8e91:f402%1995524892 - - [2017-07-30 14:44:37] "POST /login HTTP/1.1" 200 320 0.032434
Jul 30 14:44:37 witherspoon phosphor-gevent[1027]: ::8049:6676:8e91:f402%1995524892 - - [2017-07-30 14:44:37] "GET /org/openbmc/control/flash/bios HTTP/1.1" 200 397 0.581426
Jul 30 14:44:47 witherspoon phosphor-gevent[1027]: ::8049:6676:8e91:f402%1995524892 - - [2017-07-30 14:44:47] "POST /login HTTP/1.1" 200 320 0.032305
Jul 30 14:44:47 witherspoon phosphor-gevent[1027]: ::8049:6676:8e91:f402%1995524892 - - [2017-07-30 14:44:47] "GET /org/openbmc/control/flash/bios HTTP/1.1" 200 397 0.068146
Jul 30 14:44:58 witherspoon phosphor-gevent[1027]: ::8049:6676:8e91:f402%1995524892 - - [2017-07-30 14:44:58] "POST /login HTTP/1.1" 200 320 0.032200
Jul 30 14:44:58 witherspoon phosphor-gevent[1027]: ::8049:6676:8e91:f402%1995524892 - - [2017-07-30 14:44:58] "GET /org/openbmc/control/flash/bios HTTP/1.1" 200 397 0.067335
Jul 30 14:45:08 witherspoon phosphor-gevent[1027]: ::8049:6676:8e91:f402%1995524892 - - [2017-07-30 14:45:08] "POST /login HTTP/1.1" 200 320 0.032310
Jul 30 14:45:08 witherspoon phosphor-gevent[1027]: ::8049:6676:8e91:f402%1995524892 - - [2017-07-30 14:45:08] "GET /org/openbmc/control/flash/bios HTTP/1.1" 200 397 0.067260
Jul 30 14:45:18 witherspoon phosphor-gevent[1027]: ::8049:6676:8e91:f402%1995524892 - - [2017-07-30 14:45:18] "POST /login HTTP/1.1" 200 320 0.032925
Jul 30 14:45:18 witherspoon phosphor-gevent[1027]: ::8049:6676:8e91:f402%1995524892 - - [2017-07-30 14:45:18] "GET /org/openbmc/control/flash/bios HTTP/1.1" 200 397 0.071405
Jul 30 14:45:29 witherspoon phosphor-gevent[1027]: ::8049:6676:8e91:f402%1995524892 - - [2017-07-30 14:45:29] "POST /login HTTP/1.1" 200 320 0.032338
Jul 30 14:45:29 witherspoon phosphor-gevent[1027]: ::8049:6676:8e91:f402%1995524892 - - [2017-07-30 14:45:29] "GET /org/openbmc/control/flash/bios HTTP/1.1" 200 397 0.066772
Jul 30 14:45:39 witherspoon phosphor-gevent[1027]: ::8049:6676:8e91:f402%1995524892 - - [2017-07-30 14:45:39] "POST /login HTTP/1.1" 200 320 0.033537
Jul 30 14:45:39 witherspoon phosphor-gevent[1027]: ::8049:6676:8e91:f402%1995524892 - - [2017-07-30 14:45:39] "GET /org/openbmc/control/flash/bios HTTP/1.1" 200 397 0.071887
Jul 30 14:45:49 witherspoon phosphor-gevent[1027]: ::8049:6676:8e91:f402%1995524892 - - [2017-07-30 14:45:49] "POST /login HTTP/1.1" 200 320 0.032075
Jul 30 14:45:49 witherspoon phosphor-gevent[1027]: ::8049:6676:8e91:f402%1995524892 - - [2017-07-30 14:45:49] "GET /org/openbmc/control/flash/bios HTTP/1.1" 200 397 0.067046
Jul 30 14:46:00 witherspoon phosphor-gevent[1027]: ::8049:6676:8e91:f402%1995524892 - - [2017-07-30 14:46:00] "POST /login HTTP/1.1" 200 320 0.047899
Jul 30 14:46:01 witherspoon phosphor-gevent[1027]: ::8049:6676:8e91:f402%1995524892 - - [2017-07-30 14:46:01] "GET /org/openbmc/control/flash/bios HTTP/1.1" 200 397 0.077123
Jul 30 14:46:11 witherspoon phosphor-gevent[1027]: ::8049:6676:8e91:f402%1995524892 - - [2017-07-30 14:46:11] "POST /login HTTP/1.1" 200 320 0.032105
Jul 30 14:46:11 witherspoon phosphor-gevent[1027]: ::8049:6676:8e91:f402%1995524892 - - [2017-07-30 14:46:11] "GET /org/openbmc/control/flash/bios HTTP/1.1" 200 397 0.066873
Jul 30 14:46:22 witherspoon phosphor-gevent[1027]: ::8049:6676:8e91:f402%1995524892 - - [2017-07-30 14:46:22] "POST /login HTTP/1.1" 200 320 0.045151
Jul 30 14:46:22 witherspoon phosphor-gevent[1027]: ::8049:6676:8e91:f402%1995524892 - - [2017-07-30 14:46:22] "GET /org/openbmc/control/flash/bios HTTP/1.1" 200 401 0.067159
Jul 30 14:46:34 witherspoon phosphor-gevent[1027]: ::8049:6676:8e91:f402%1995524892 - - [2017-07-30 14:46:34] "POST /login HTTP/1.1" 200 320 0.032519
Jul 30 14:46:34 witherspoon phosphor-gevent[1027]: ::8049:6676:8e91:f402%1995524892 - - [2017-07-30 14:46:34] "GET /org/openbmc/control/flash/bios HTTP/1.1" 200 402 0.067415
Jul 30 14:46:44 witherspoon phosphor-gevent[1027]: ::8049:6676:8e91:f402%1995524892 - - [2017-07-30 14:46:44] "POST /login HTTP/1.1" 200 320 0.032624
Jul 30 14:46:44 witherspoon phosphor-gevent[1027]: ::8049:6676:8e91:f402%1995524892 - - [2017-07-30 14:46:44] "GET /org/openbmc/control/flash/bios HTTP/1.1" 200 402 0.067305
Jul 30 14:46:54 witherspoon phosphor-gevent[1027]: ::8049:6676:8e91:f402%1995524892 - - [2017-07-30 14:46:54] "POST /login HTTP/1.1" 200 320 0.032760
Jul 30 14:46:56 witherspoon phosphor-gevent[1027]: ::8049:6676:8e91:f402%1995524892 - - [2017-07-30 14:46:56] "GET /org/openbmc/control/flash/bios HTTP/1.1" 200 402 1.404167
Jul 30 14:47:06 witherspoon phosphor-gevent[1027]: ::8049:6676:8e91:f402%1995524892 - - [2017-07-30 14:47:06] "POST /login HTTP/1.1" 200 320 0.032517
Jul 30 14:47:07 witherspoon phosphor-gevent[1027]: ::8049:6676:8e91:f402%1995524892 - - [2017-07-30 14:47:07] "GET /org/openbmc/control/flash/bios HTTP/1.1" 200 401 0.125002
Jul 30 14:47:16 witherspoon flash_bios.exe[1045]: Erasing... (may take a while !) done !
Jul 30 14:47:16 witherspoon flash_bios.exe[1045]: About to program "/tmp/witherspoon_910_golden.pnor" at 0x00000000..0x04000000 !
Jul 30 14:47:16 witherspoon flash_bios.exe[1045]: Programming & Verifying...
Jul 30 14:47:16 witherspoon flash_bios.exe[1045]: Flash done
Jul 30 14:47:18 witherspoon phosphor-gevent[1027]: ::8049:6676:8e91:f402%1995524892 - - [2017-07-30 14:47:18] "POST /login HTTP/1.1" 200 320 0.033213
Jul 30 14:47:18 witherspoon phosphor-gevent[1027]: ::8049:6676:8e91:f402%1995524892 - - [2017-07-30 14:47:18] "GET /org/openbmc/control/flash/bios HTTP/1.1" 200 399 0.070168
Jul 30 14:47:18 witherspoon systemd[1]: Started SSH Per-Connection Server (9.41.165.94:58234).
Jul 30 14:47:18 witherspoon dropbear[1146]: Failed loading /etc/dropbear/dropbear_dss_host_key
Jul 30 14:47:18 witherspoon dropbear[1146]: Failed loading /etc/dropbear/dropbear_ecdsa_host_key
Jul 30 14:47:18 witherspoon dropbear[1146]: Child connection from ::ffff:9.41.165.94:58234
Jul 30 14:47:18 witherspoon dropbear[1146]: PAM password auth succeeded for 'root' from ::ffff:9.41.165.94:58234
Jul 30 14:47:18 witherspoon dropbear[1147]: lastlog_perform_login: Couldn't stat /var/log/lastlog: No such file or directory
Jul 30 14:47:18 witherspoon dropbear[1147]: lastlog_openseek: /var/log/lastlog is not a file or directory!
Jul 30 14:47:20 witherspoon phosphor-gevent[1027]: ::8049:6676:8e91:f402%1995524892 - - [2017-07-30 14:47:20] "POST /login HTTP/1.1" 200 320 0.041150
Jul 30 14:47:20 witherspoon phosphor-gevent[1027]: ::8049:6676:8e91:f402%1995524892 - - [2017-07-30 14:47:20] "GET /xyz/openbmc_project/state/host0//attr/CurrentHostState HTTP/1.1" 200 212 0.058288
Jul 30 14:47:20 witherspoon systemd[1]: Created slice system-obmc\x2dconsole\x2dssh.slice.
Jul 30 14:47:20 witherspoon systemd[1]: Started Phosphor Host Console SSH Per-Connection (9.41.165.94:46540).
Jul 30 14:47:20 witherspoon dropbear[1151]: Failed loading /etc/dropbear/dropbear_dss_host_key
Jul 30 14:47:20 witherspoon dropbear[1151]: Failed loading /etc/dropbear/dropbear_ecdsa_host_key
Jul 30 14:47:20 witherspoon dropbear[1151]: Child connection from ::ffff:9.41.165.94:46540
Jul 30 14:47:21 witherspoon phosphor-gevent[1027]: ::8049:6676:8e91:f402%1995524892 - - [2017-07-30 14:47:21] "POST /login HTTP/1.1" 200 320 0.032356
Jul 30 14:47:21 witherspoon phosphor-gevent[1027]: ::8049:6676:8e91:f402%1995524892 - - [2017-07-30 14:47:21] "PUT /org/openbmc/settings/host0/attr/power_policy HTTP/1.1" 200 169 0.261013
Jul 30 14:47:21 witherspoon dropbear[1151]: PAM password auth succeeded for 'root' from ::ffff:9.41.165.94:46540
Jul 30 14:47:21 witherspoon dropbear[1152]: lastlog_perform_login: Couldn't stat /var/log/lastlog: No such file or directory
Jul 30 14:47:21 witherspoon dropbear[1152]: lastlog_openseek: /var/log/lastlog is not a file or directory!
Jul 30 14:47:21 witherspoon phosphor-gevent[1027]: ::8049:6676:8e91:f402%1995524892 - - [2017-07-30 14:47:21] "POST /login HTTP/1.1" 200 320 0.048926
Jul 30 14:47:21 witherspoon phosphor-gevent[1027]: ::8049:6676:8e91:f402%1995524892 - - [2017-07-30 14:47:21] "GET /org/openbmc/settings/host0/attr/power_policy HTTP/1.1" 200 185 0.070006
Jul 30 14:47:22 witherspoon phosphor-gevent[1027]: ::8049:6676:8e91:f402%1995524892 - - [2017-07-30 14:47:22] "POST /login HTTP/1.1" 200 320 0.032671
Jul 30 14:47:22 witherspoon phosphor-gevent[1027]: ::8049:6676:8e91:f402%1995524892 - - [2017-07-30 14:47:22] "GET /xyz/openbmc_project/state/chassis0//attr/CurrentPowerState HTTP/1.1" 200 216 0.049392
Jul 30 14:47:22 witherspoon phosphor-gevent[1027]: ::8049:6676:8e91:f402%1995524892 - - [2017-07-30 14:47:22] "POST /login HTTP/1.1" 200 320 0.032715
Jul 30 14:47:22 witherspoon phosphor-gevent[1027]: ::8049:6676:8e91:f402%1995524892 - - [2017-07-30 14:47:22] "GET /xyz/openbmc_project/state/bmc0//attr/CurrentBMCState HTTP/1.1" 200 212 0.051186
Jul 30 14:47:22 witherspoon phosphor-gevent[1027]: ::8049:6676:8e91:f402%1995524892 - - [2017-07-30 14:47:22] "POST /login HTTP/1.1" 200 320 0.032936
Jul 30 14:47:22 witherspoon phosphor-gevent[1027]: ::8049:6676:8e91:f402%1995524892 - - [2017-07-30 14:47:22] "GET /org/openbmc/sensors/host/BootProgress/attr/value HTTP/1.1" 200 170 0.053811
Jul 30 14:47:22 witherspoon phosphor-gevent[1027]: ::8049:6676:8e91:f402%1995524892 - - [2017-07-30 14:47:22] "POST /login HTTP/1.1" 200 320 0.033765
Jul 30 14:47:22 witherspoon phosphor-gevent[1027]: ::8049:6676:8e91:f402%1995524892 - - [2017-07-30 14:47:22] "GET /xyz/openbmc_project/state/host0//attr/CurrentHostState HTTP/1.1" 200 212 0.049429
Jul 30 14:47:23 witherspoon phosphor-gevent[1027]: ::8049:6676:8e91:f402%1995524892 - - [2017-07-30 14:47:23] "POST /login HTTP/1.1" 200 320 0.040827
Jul 30 14:47:23 witherspoon phosphor-host-state-manager[1069]: Host State transaction request
Jul 30 14:47:23 witherspoon phosphor-gevent[1027]: ::8049:6676:8e91:f402%1995524892 - - [2017-07-30 14:47:23] "PUT /xyz/openbmc_project/state/host0//attr/RequestedHostTransition HTTP/1.1" 200 169 0.183371
Jul 30 14:47:23 witherspoon systemd[1]: Created slice system-mboxd\x2dreload.slice.
Jul 30 14:47:23 witherspoon systemd[1]: Created slice system-phosphor\x2dgpio\x2dmonitor.slice.
Jul 30 14:47:23 witherspoon systemd[1]: Starting Wait for /xyz/openbmc_project/watchdog/host0...
Jul 30 14:47:23 witherspoon systemd[1]: Started Witherspoon Fan Watchdog Daemon.
Jul 30 14:47:23 witherspoon systemd[1]: Created slice system-avsbus\x2dworkaround.slice.
Jul 30 14:47:23 witherspoon systemd[1]: Starting Wait for /org/openbmc/control/chassis0...
Jul 30 14:47:23 witherspoon systemd[1]: Created slice system-ir35221\x2don\x2dbind.slice.
Jul 30 14:47:23 witherspoon systemd[1]: Created slice system-vcs_off.slice.
Jul 30 14:47:23 witherspoon systemd[1]: Created slice system-ucd_disable_vcs.slice.
Jul 30 14:47:23 witherspoon systemd[1]: Created slice system-fsi\x2dscan.slice.
Jul 30 14:47:23 witherspoon systemd[1]: Created slice system-phosphor\x2dfan\x2dpresence\x2dtach.slice.
Jul 30 14:47:23 witherspoon systemd[1]: Created slice system-phosphor\x2dwatchdog.slice.
Jul 30 14:47:23 witherspoon systemd[1]: Created slice system-mapper\x2dsubtree\x2dremove.slice.
Jul 30 14:47:23 witherspoon systemd[1]: Starting mapper subtree-remove /xyz/openbmc_project/software:xyz.openbmc_project.Software.ActivationBlocksTransition...
Jul 30 14:47:23 witherspoon systemd[1]: Created slice system-vrm\x2dcontrol.slice.
Jul 30 14:47:23 witherspoon systemd[1]: Starting Reload mboxd during power on...
Jul 30 14:47:23 witherspoon systemd[1]: Created slice system-op\x2dwait\x2dpower\x2don.slice.
Jul 30 14:47:23 witherspoon systemd[1]: Created slice system-ir35221\x2don\x2dunbind.slice.
Jul 30 14:47:23 witherspoon systemd[1]: Created slice system-vcs_on.slice.
Jul 30 14:47:23 witherspoon systemd[1]: Reached target Powerwitherspoon-fan-watchdog (On).
Jul 30 14:47:25 witherspoon mboxctl[1158]: Reset: Success
Jul 30 14:47:23 witherspoon systemd[1]: Created slice system-phosphor\x2dfan\x2dcontrol\x2dinit.slice.
Jul 30 14:47:24 witherspoon systemd[1]: Started Phosphor Fan Control Initialization.
Jul 30 14:47:24 witherspoon systemd[1]: Created slice system-avsbus\x2denable.slice.
Jul 30 14:47:24 witherspoon systemd[1]: Starting Wait for Power0 to turn on...
Jul 30 14:47:24 witherspoon systemd[1]: Starting Disable UCD VCS rails...
Jul 30 14:47:24 witherspoon systemd[1]: Starting Witherspoon Fan Watchdog Reset...
Jul 30 14:47:24 witherspoon systemd[1]: Created slice system-start_host.slice.
Jul 30 14:47:24 witherspoon systemd[1]: Created slice system-pcie\x2dslot\x2ddetect.slice.
Jul 30 14:47:24 witherspoon systemd[1]: Created slice system-avsbus\x2ddisable.slice.
Jul 30 14:47:24 witherspoon systemd[1]: Created slice system-cfam_override.slice.
Jul 30 14:47:24 witherspoon systemd[1]: Starting Wait for /xyz/openbmc_project/led/groups/power_on...
Jul 30 14:47:25 witherspoon phosphor-gevent[1027]: ::8049:6676:8e91:f402%1995524892 - - [2017-07-30 14:47:25] "POST /login HTTP/1.1" 200 320 0.032663
Jul 30 14:47:24 witherspoon systemd[1]: Created slice system-fsi\x2dbind.slice.
Jul 30 14:47:24 witherspoon systemd[1]: Started Phosphor GPIO checkstop monitor.
Jul 30 14:47:24 witherspoon systemd[1]: Reached target Start Host checkstop monitor.
Jul 30 14:47:24 witherspoon systemd[1]: Starting power on mode unbind ir35221 device driver devs...
Jul 30 14:47:24 witherspoon systemd[1]: Created slice system-obmc\x2denable\x2dhost\x2dwatchdog.slice.
Jul 30 14:47:24 witherspoon systemd[1]: Created slice system-op\x2dpower\x2dstart.slice.
Jul 30 14:47:24 witherspoon systemd[1]: Created slice system-vcs_workaround.slice.
Jul 30 14:47:24 witherspoon systemd[1]: Started Phosphor poweron watchdog.
Jul 30 14:47:26 witherspoon systemd[1]: Started Wait for /org/openbmc/control/chassis0.
Jul 30 14:47:26 witherspoon kernel: ucd9000 11-0064: Device ID UCD90160|2.3.4.0000|110603
Jul 30 14:47:26 witherspoon kernel[987]: [  362.930000] ucd9000 11-0064: Device ID UCD90160|2.3.4.0000|110603
Jul 30 14:47:26 witherspoon systemd[1]: Started mapper subtree-remove /xyz/openbmc_project/software:xyz.openbmc_project.Software.ActivationBlocksTransition.
Jul 30 14:47:26 witherspoon systemd[1]: Started Reload mboxd during power on.
Jul 30 14:47:26 witherspoon systemd[1]: Started Witherspoon Fan Watchdog Reset.
Jul 30 14:47:26 witherspoon systemd[1]: Started Wait for /xyz/openbmc_project/led/groups/power_on.
Jul 30 14:47:26 witherspoon systemd[1]: Started power on mode unbind ir35221 device driver devs.
Jul 30 14:47:26 witherspoon systemd[1]: Started Disable UCD VCS rails.
Jul 30 14:47:26 witherspoon systemd[1]: xyz.openbmc_project.Hwmon@ahb-apb-i2c\x401e78a000-i2c\x2dbus\x40140-ir35221\x4071.service: Service hold-off time over, scheduling restart.
Jul 30 14:47:26 witherspoon systemd[1]: xyz.openbmc_project.Hwmon@ahb-apb-i2c\x401e78a000-i2c\x2dbus\x40140-ir35221\x4070.service: Service hold-off time over, scheduling restart.
Jul 30 14:47:26 witherspoon systemd[1]: xyz.openbmc_project.Hwmon@ahb-apb-i2c\x401e78a000-i2c\x2dbus\x40180-ir35221\x4070.service: Service hold-off time over, scheduling restart.
Jul 30 14:47:26 witherspoon systemd[1]: xyz.openbmc_project.Hwmon@ahb-apb-i2c\x401e78a000-i2c\x2dbus\x40180-ir35221\x4071.service: Service hold-off time over, scheduling restart.
Jul 30 14:47:26 witherspoon systemd[1]: xyz.openbmc_project.Hwmon@ahb-apb-i2c\x401e78a000-i2c\x2dbus\x40180-ir35221\x4070.service: Unit not needed anymore. Stopping.
Jul 30 14:47:27 witherspoon systemd[1]: Requested transaction contradicts existing jobs: Transaction is destructive.
Jul 30 14:47:27 witherspoon systemd[1]: xyz.openbmc_project.Hwmon@ahb-apb-i2c\x401e78a000-i2c\x2dbus\x40180-ir35221\x4070.service: Failed to enqueue stop job, ignoring: Transaction is destructive.
Jul 30 14:47:27 witherspoon systemd[1]: xyz.openbmc_project.Hwmon@ahb-apb-i2c\x401e78a000-i2c\x2dbus\x40180-ir35221\x4071.service: Unit not needed anymore. Stopping.
Jul 30 14:47:27 witherspoon systemd[1]: Requested transaction contradicts existing jobs: Transaction is destructive.
Jul 30 14:47:27 witherspoon systemd[1]: xyz.openbmc_project.Hwmon@ahb-apb-i2c\x401e78a000-i2c\x2dbus\x40180-ir35221\x4071.service: Failed to enqueue stop job, ignoring: Transaction is destructive.
Jul 30 14:47:27 witherspoon systemd[1]: xyz.openbmc_project.Hwmon@ahb-apb-i2c\x401e78a000-i2c\x2dbus\x40140-ir35221\x4070.service: Unit not needed anymore. Stopping.
Jul 30 14:47:27 witherspoon systemd[1]: Requested transaction contradicts existing jobs: Transaction is destructive.
Jul 30 14:47:27 witherspoon systemd[1]: xyz.openbmc_project.Hwmon@ahb-apb-i2c\x401e78a000-i2c\x2dbus\x40140-ir35221\x4070.service: Failed to enqueue stop job, ignoring: Transaction is destructive.
Jul 30 14:47:27 witherspoon systemd[1]: xyz.openbmc_project.Hwmon@ahb-apb-i2c\x401e78a000-i2c\x2dbus\x40140-ir35221\x4071.service: Unit not needed anymore. Stopping.
Jul 30 14:47:27 witherspoon systemd[1]: Requested transaction contradicts existing jobs: Transaction is destructive.
Jul 30 14:47:27 witherspoon systemd[1]: xyz.openbmc_project.Hwmon@ahb-apb-i2c\x401e78a000-i2c\x2dbus\x40140-ir35221\x4071.service: Failed to enqueue stop job, ignoring: Transaction is destructive.
Jul 30 14:47:27 witherspoon systemd[1]: Stopped Phosphor Hwmon Poller.
Jul 30 14:47:27 witherspoon systemd[1]: Started Phosphor Hwmon Poller.
Jul 30 14:47:27 witherspoon systemd[1]: xyz.openbmc_project.Hwmon@ahb-apb-i2c\x401e78a000-i2c\x2dbus\x40180-ir35221\x4071.service: Unit not needed anymore. Stopping.
Jul 30 14:47:27 witherspoon systemd[1]: Stopping Phosphor Hwmon Poller...
Jul 30 14:47:27 witherspoon systemd[1]: Stopped Phosphor Hwmon Poller.
Jul 30 14:47:27 witherspoon systemd[1]: Started Phosphor Hwmon Poller.
Jul 30 14:47:27 witherspoon systemd[1]: xyz.openbmc_project.Hwmon@ahb-apb-i2c\x401e78a000-i2c\x2dbus\x40180-ir35221\x4070.service: Unit not needed anymore. Stopping.
Jul 30 14:47:27 witherspoon systemd[1]: Stopping Phosphor Hwmon Poller...
Jul 30 14:47:27 witherspoon systemd[1]: Stopped Phosphor Hwmon Poller.
Jul 30 14:47:27 witherspoon systemd[1]: Started Phosphor Hwmon Poller.
Jul 30 14:47:27 witherspoon systemd[1]: xyz.openbmc_project.Hwmon@ahb-apb-i2c\x401e78a000-i2c\x2dbus\x40140-ir35221\x4070.service: Unit not needed anymore. Stopping.
Jul 30 14:47:27 witherspoon systemd[1]: Stopping Phosphor Hwmon Poller...
Jul 30 14:47:27 witherspoon systemd[1]: Stopped Phosphor Hwmon Poller.
Jul 30 14:47:27 witherspoon systemd[1]: Started Phosphor Hwmon Poller.
Jul 30 14:47:27 witherspoon systemd[1]: xyz.openbmc_project.Hwmon@ahb-apb-i2c\x401e78a000-i2c\x2dbus\x40140-ir35221\x4071.service: Unit not needed anymore. Stopping.
Jul 30 14:47:27 witherspoon systemd[1]: Stopping Phosphor Hwmon Poller...
Jul 30 14:47:27 witherspoon systemd[1]: Starting Perform AVS bus workaround on VRMs...
Jul 30 14:47:27 witherspoon systemd[1]: Starting Assert power_on LED...
Jul 30 14:47:27 witherspoon systemd[1]: Stopped Phosphor Hwmon Poller.
Jul 30 14:47:27 witherspoon systemd[1]: Stopped Phosphor Hwmon Poller.
Jul 30 14:47:27 witherspoon systemd[1]: Stopped Phosphor Hwmon Poller.
Jul 30 14:47:27 witherspoon systemd[1]: Started Perform AVS bus workaround on VRMs.
Jul 30 14:47:27 witherspoon systemd[1]: Starting Disable the AVS bus on the VRMs...
Jul 30 14:47:27 witherspoon systemd[1]: Stopped Phosphor Hwmon Poller.
Jul 30 14:47:28 witherspoon systemd[1]: Started Disable the AVS bus on the VRMs.
Jul 30 14:47:28 witherspoon systemd[1]: Starting Apply voltage overrides to VRMs...
Jul 30 14:47:28 witherspoon vrm-control.sh[1236]: rail        set        read        current
Jul 30 14:47:28 witherspoon vrm-control.sh[1236]: -------        ------- ------- -------
Jul 30 14:47:29 witherspoon vrm-control.sh[1236]: vdna        0.898V        0.004V        0.000A
Jul 30 14:47:30 witherspoon vrm-control.sh[1236]: vdnb        0.898V        0.004V        0.000A
Jul 30 14:47:30 witherspoon systemd[1]: Started Apply voltage overrides to VRMs.
Jul 30 14:47:30 witherspoon systemd[1]: Starting Enable the AVS bus on VRMs...
Jul 30 14:47:30 witherspoon systemd[1]: Started Enable the AVS bus on VRMs.
Jul 30 14:47:30 witherspoon systemd[1]: Starting Disable VCS before Witherspoon power on...
Jul 30 14:47:30 witherspoon systemd[1]: Started Disable VCS before Witherspoon power on.
Jul 30 14:47:30 witherspoon systemd[1]: Reached target Power0 On (Pre).
Jul 30 14:47:30 witherspoon systemd[1]: Starting Start Power0...
Jul 30 14:47:33 witherspoon phosphor-gevent[1027]: ::8049:6676:8e91:f402%1995524892 - - [2017-07-30 14:47:33] "GET /xyz/openbmc_project/state/chassis0//attr/CurrentPowerState HTTP/1.1" 200 216 7.058594
Jul 30 14:47:33 witherspoon phosphor-gevent[1027]: ::8049:6676:8e91:f402%1995524892 - - [2017-07-30 14:47:33] "POST /login HTTP/1.1" 200 320 0.032583
Jul 30 14:47:33 witherspoon phosphor-fan-control[1159]: Error in mapper response for getting service name
Jul 30 14:47:33 witherspoon phosphor-fan-control[1159]: terminate called after throwing an instance of 'sdbusplus::xyz::openbmc_project::Common::Error::InternalFailure'
Jul 30 14:47:33 witherspoon phosphor-fan-control[1159]:   what():  xyz.openbmc_project.Common.Error.InternalFailure: The operation failed internally.
Jul 30 14:47:33 witherspoon phosphor-fan-control[1159]: The operation failed internally.
Jul 30 14:47:33 witherspoon systemd[1]: phosphor-fan-control-init@witherspoon-fan-watchdog.service: Main process exited, code=dumped, status=6/ABRT
Jul 30 14:47:33 witherspoon systemd[1]: phosphor-fan-control-init@witherspoon-fan-watchdog.service: Unit entered failed state.
Jul 30 14:47:33 witherspoon systemd[1]: phosphor-fan-control-init@witherspoon-fan-watchdog.service: Failed with result 'core-dump'.
Jul 30 14:47:34 witherspoon systemd[1]: phosphor-fan-control-init@witherspoon-fan-watchdog.service: Service hold-off time over, scheduling restart.
Jul 30 14:47:34 witherspoon systemd[1]: Stopped Phosphor Fan Control Initialization.
Jul 30 14:47:34 witherspoon systemd[1]: Started Phosphor Fan Control Initialization.
Jul 30 14:47:34 witherspoon power_control.exe[1074]: PowerControl: setting power up SOFTWARE_PGOOD to 1
