-- Logs begin at Thu 2017-04-20 17:29:20 UTC, end at Thu 2017-04-20 17:31:13 UTC. --
Apr 20 17:29:20 witherspoon kernel: Booting Linux on physical CPU 0x0
Apr 20 17:29:20 witherspoon kernel: Linux version 4.10.17-990f06c35b7e119f00967e90f0514dbbd2e1b51b (jenkins@openbmc-builder1) (gcc version 6.2.0 (GCC) ) #1 Fri Jul 7 18:38:12 UTC 2017
Apr 20 17:29:20 witherspoon kernel: CPU: ARMv6-compatible processor [410fb767] revision 7 (ARMv7), cr=00c5387d
Apr 20 17:29:20 witherspoon kernel: CPU: PIPT / VIPT nonaliasing data cache, VIPT nonaliasing instruction cache
Apr 20 17:29:20 witherspoon kernel: OF: fdt:Machine model: Witherspoon BMC
Apr 20 17:29:20 witherspoon kernel: Memory policy: Data cache writeback
Apr 20 17:29:20 witherspoon kernel: SOC Rev: 04030303
Apr 20 17:29:20 witherspoon kernel: On node 0 totalpages: 110592
Apr 20 17:29:20 witherspoon kernel: free_area_init_node: node 0, pgdat 805f33fc, node_mem_map 9ec1a000
Apr 20 17:29:20 witherspoon kernel:   Normal zone: 992 pages used for memmap
Apr 20 17:29:20 witherspoon kernel:   Normal zone: 0 pages reserved
Apr 20 17:29:20 witherspoon kernel:   Normal zone: 110592 pages, LIFO batch:31
Apr 20 17:29:20 witherspoon kernel: pcpu-alloc: s0 r0 d32768 u32768 alloc=1*32768
Apr 20 17:29:20 witherspoon kernel: pcpu-alloc: [0] 0 
Apr 20 17:29:20 witherspoon kernel: Built 1 zonelists in Zone order, mobility grouping on.  Total pages: 109600
Apr 20 17:29:20 witherspoon kernel: Kernel command line: console=ttyS4,115200n8 root=/dev/ram rw
Apr 20 17:29:20 witherspoon kernel: PID hash table entries: 2048 (order: 1, 8192 bytes)
Apr 20 17:29:20 witherspoon kernel: Dentry cache hash table entries: 65536 (order: 6, 262144 bytes)
Apr 20 17:29:20 witherspoon kernel: Inode-cache hash table entries: 32768 (order: 5, 131072 bytes)
Apr 20 17:29:20 witherspoon kernel: Memory: 430508K/442368K available (4048K kernel code, 280K rwdata, 1172K rodata, 276K init, 111K bss, 11860K reserved, 0K cma-reserved)
Apr 20 17:29:20 witherspoon kernel: Virtual kernel memory layout:
                                        vector  : 0xffff0000 - 0xffff1000   (   4 kB)
                                        fixmap  : 0xffc00000 - 0xfff00000   (3072 kB)
                                        vmalloc : 0x9f800000 - 0xff800000   (1536 MB)
                                        lowmem  : 0x80000000 - 0x9f000000   ( 496 MB)
                                          .text : 0x80008000 - 0x803fc590   (4050 kB)
                                          .init : 0x8057b000 - 0x805c0000   ( 276 kB)
                                          .data : 0x805c0000 - 0x806061a8   ( 281 kB)
                                           .bss : 0x806061a8 - 0x80622078   ( 112 kB)
Apr 20 17:29:20 witherspoon kernel: NR_IRQS:16 nr_irqs:16 16
Apr 20 17:29:20 witherspoon kernel: i2c controller registered, irq 16
Apr 20 17:29:20 witherspoon kernel: clocksource: moxart_timer: mask: 0xffffffff max_cycles: 0xffffffff, max_idle_ns: 77222644334 ns
Apr 20 17:29:20 witherspoon kernel: sched_clock: 32 bits at 100 Hz, resolution 10000000ns, wraps every 21474836475000000ns
Apr 20 17:29:20 witherspoon kernel: Calibrating delay loop... 789.70 BogoMIPS (lpj=3948544)
Apr 20 17:29:20 witherspoon kernel: pid_max: default: 32768 minimum: 301
Apr 20 17:29:20 witherspoon kernel: Mount-cache hash table entries: 1024 (order: 0, 4096 bytes)
Apr 20 17:29:20 witherspoon kernel: Mountpoint-cache hash table entries: 1024 (order: 0, 4096 bytes)
Apr 20 17:29:20 witherspoon kernel: CPU: Testing write buffer coherency: ok
Apr 20 17:29:20 witherspoon kernel: ftrace: allocating 14867 entries in 44 pages
Apr 20 17:29:20 witherspoon kernel: Setting up static identity map for 0x80008200 - 0x8000825c
Apr 20 17:29:20 witherspoon kernel: devtmpfs: initialized
Apr 20 17:29:20 witherspoon kernel: clocksource: jiffies: mask: 0xffffffff max_cycles: 0xffffffff, max_idle_ns: 19112604462750000 ns
Apr 20 17:29:20 witherspoon kernel: futex hash table entries: 256 (order: -1, 3072 bytes)
Apr 20 17:29:20 witherspoon kernel: pinctrl core: initialized pinctrl subsystem
Apr 20 17:29:20 witherspoon kernel: NET: Registered protocol family 16
Apr 20 17:29:20 witherspoon kernel: DMA: preallocated 256 KiB pool for atomic coherent allocations
Apr 20 17:29:20 witherspoon kernel: usbcore: registered new interface driver usbfs
Apr 20 17:29:20 witherspoon kernel: usbcore: registered new interface driver hub
Apr 20 17:29:20 witherspoon kernel: usbcore: registered new device driver usb
Apr 20 17:29:20 witherspoon kernel: clocksource: Switched to clocksource moxart_timer
Apr 20 17:29:20 witherspoon kernel: NET: Registered protocol family 2
Apr 20 17:29:20 witherspoon kernel: TCP established hash table entries: 4096 (order: 2, 16384 bytes)
Apr 20 17:29:20 witherspoon kernel: TCP bind hash table entries: 4096 (order: 2, 16384 bytes)
Apr 20 17:29:20 witherspoon kernel: TCP: Hash tables configured (established 4096 bind 4096)
Apr 20 17:29:20 witherspoon kernel: UDP hash table entries: 256 (order: 0, 4096 bytes)
Apr 20 17:29:20 witherspoon kernel: UDP-Lite hash table entries: 256 (order: 0, 4096 bytes)
Apr 20 17:29:20 witherspoon kernel: NET: Registered protocol family 1
Apr 20 17:29:20 witherspoon kernel: Trying to unpack rootfs image as initramfs...
Apr 20 17:29:20 witherspoon kernel: Freeing initrd memory: 1548K
Apr 20 17:29:20 witherspoon kernel: workingset: timestamp_bits=30 max_order=17 bucket_order=0
Apr 20 17:29:20 witherspoon kernel: squashfs: version 4.0 (2009/01/31) Phillip Lougher
Apr 20 17:29:20 witherspoon kernel: jffs2: version 2.2. (SUMMARY)  © 2001-2006 Red Hat, Inc.
Apr 20 17:29:20 witherspoon kernel: Block layer SCSI generic (bsg) driver version 0.4 loaded (major 250)
Apr 20 17:29:20 witherspoon kernel: io scheduler noop registered
Apr 20 17:29:20 witherspoon kernel: io scheduler deadline registered
Apr 20 17:29:20 witherspoon kernel: io scheduler cfq registered (default)
Apr 20 17:29:20 witherspoon kernel: ipmi-bt-host 1e789140.ibt: Found bt bmc device
Apr 20 17:29:20 witherspoon kernel: ipmi-bt-host 1e789140.ibt: Using IRQ 22
Apr 20 17:29:20 witherspoon kernel: Serial: 8250/16550 driver, 6 ports, IRQ sharing enabled
Apr 20 17:29:20 witherspoon kernel: 1e783000.serial: ttyS0 at MMIO 0x1e783000 (irq = 23, base_baud = 1500000) is a 16550A
Apr 20 17:29:20 witherspoon kernel: 1e78d000.serial: ttyS1 at MMIO 0x1e78d000 (irq = 24, base_baud = 1500000) is a 16550A
Apr 20 17:29:20 witherspoon kernel: 1e784000.serial: ttyS4 at MMIO 0x1e784000 (irq = 25, base_baud = 1500000) is a 16550A
Apr 20 17:29:20 witherspoon kernel: console [ttyS4] enabled
Apr 20 17:29:20 witherspoon kernel: 1e787000.vuart: ttyS2 at MMIO 0x1e787000 (irq = 22, base_baud = 1500000) is a 16550A
Apr 20 17:29:20 witherspoon kernel: timeriomem_rng 1e6e2078.hwrng: 32bits from 0xf00e2078 @ 1us
Apr 20 17:29:20 witherspoon kernel: brd: module loaded
Apr 20 17:29:20 witherspoon kernel: loop: module loaded
Apr 20 17:29:20 witherspoon kernel: aspeed-lpc-ctrl 1e789080.lpc-ctrl: Loaded at 0x98000000 (0x04000000)
Apr 20 17:29:20 witherspoon kernel: aspeed-smc 1e620000.flash-controller: Using IRQ 18
Apr 20 17:29:20 witherspoon kernel: aspeed-smc 1e620000.flash-controller: DMA support disabled.
Apr 20 17:29:20 witherspoon kernel: aspeed-smc 1e620000.flash-controller: mx25l25635e (32768 Kbytes)
Apr 20 17:29:20 witherspoon kernel: aspeed-smc 1e620000.flash-controller: CE0 window [ 0x20000000 - 0x22000000 ] 32MB
Apr 20 17:29:20 witherspoon kernel: aspeed-smc 1e620000.flash-controller: CE1 window [ 0x22000000 - 0x2a000000 ] 128MB
Apr 20 17:29:20 witherspoon kernel: 5 ofpart partitions found on MTD device bmc
Apr 20 17:29:20 witherspoon kernel: Creating 5 MTD partitions on "bmc":
Apr 20 17:29:20 witherspoon kernel: 0x000000000000-0x000000060000 : "u-boot"
Apr 20 17:29:20 witherspoon kernel: 0x000000060000-0x000000080000 : "u-boot-env"
Apr 20 17:29:20 witherspoon kernel: 0x000000080000-0x0000004c0000 : "kernel"
Apr 20 17:29:20 witherspoon kernel: 0x0000004c0000-0x000001c00000 : "rofs"
Apr 20 17:29:20 witherspoon kernel: 0x000001c00000-0x000002000000 : "rwfs"
Apr 20 17:29:20 witherspoon kernel: aspeed-smc 1e620000.flash-controller: mx25l25635e (32768 Kbytes)
Apr 20 17:29:21 witherspoon kernel: aspeed-smc 1e620000.flash-controller: CE1 window [ 0x22000000 - 0x24000000 ] 32MB
Apr 20 17:29:21 witherspoon kernel: aspeed-smc 1e620000.flash-controller: CE2 window [ 0x24000000 - 0x2c000000 ] 128MB
Apr 20 17:29:21 witherspoon kernel: aspeed-smc 1e630000.flash-controller: mx66l1g45g (131072 Kbytes)
Apr 20 17:29:21 witherspoon kernel: aspeed-smc 1e630000.flash-controller: CE0 window resized to 120MB (AST2500 HW quirk)
Apr 20 17:29:21 witherspoon kernel: aspeed-smc 1e630000.flash-controller: CE0 window [ 0x30000000 - 0x37800000 ] 120MB
Apr 20 17:29:21 witherspoon kernel: aspeed-smc 1e630000.flash-controller: CE0 window too small for chip 128MB
Apr 20 17:29:21 witherspoon kernel: aspeed-smc 1e630000.flash-controller: CE1 window [ 0x37800000 - 0x38000000 ] 8MB
Apr 20 17:29:21 witherspoon kernel: libphy: Fixed MDIO Bus: probed
Apr 20 17:29:21 witherspoon kernel: ftgmac100 1e660000.ethernet: Read MAC address 70:e2:84:14:24:20 from chip
Apr 20 17:29:21 witherspoon kernel: ftgmac100 1e660000.ethernet: Using NCSI interface
Apr 20 17:29:21 witherspoon kernel: ftgmac100 1e660000.ethernet eth0: irq 20, mapped at f0060000
Apr 20 17:29:21 witherspoon kernel: ehci_hcd: USB 2.0 'Enhanced' Host Controller (EHCI) Driver
Apr 20 17:29:21 witherspoon kernel: ehci-platform: EHCI generic platform driver
Apr 20 17:29:21 witherspoon kernel:  fsi0: can't read slave 00:00 -5
Apr 20 17:29:21 witherspoon kernel: i2c /dev entries driver
Apr 20 17:29:21 witherspoon kernel: aspeed-i2c-bus 1e78a0c0.i2c-bus: i2c bus 2 registered, irq 26
Apr 20 17:29:21 witherspoon kernel: aspeed-i2c-bus 1e78a100.i2c-bus: i2c bus 3 registered, irq 27
Apr 20 17:29:21 witherspoon kernel: aspeed-i2c-bus 1e78a140.i2c-bus: i2c bus 4 registered, irq 28
Apr 20 17:29:21 witherspoon kernel: aspeed-i2c-bus 1e78a180.i2c-bus: i2c bus 5 registered, irq 29
Apr 20 17:29:21 witherspoon kernel: aspeed-i2c-bus 1e78a380.i2c-bus: i2c bus 9 registered, irq 30
Apr 20 17:29:21 witherspoon kernel: aspeed-i2c-bus 1e78a3c0.i2c-bus: i2c bus 10 registered, irq 31
Apr 20 17:29:21 witherspoon kernel: rtc-rv8803 11-0032: rtc core: registered rx8900 as rtc0
Apr 20 17:29:21 witherspoon kernel: at24 11-0051: 8192 byte 24c64 EEPROM, writable, 1 bytes/write
Apr 20 17:29:21 witherspoon kernel: aspeed-i2c-bus 1e78a400.i2c-bus: i2c bus 11 registered, irq 32
Apr 20 17:29:21 witherspoon kernel: aspeed-i2c-bus 1e78a440.i2c-bus: i2c bus 12 registered, irq 33
Apr 20 17:29:21 witherspoon kernel: aspeed-i2c-bus 1e78a480.i2c-bus: i2c bus 13 registered, irq 34
Apr 20 17:29:21 witherspoon kernel: Driver for 1-wire Dallas network protocol.
Apr 20 17:29:21 witherspoon kernel: lm75 9-004a: hwmon0: sensor 'tmp275'
Apr 20 17:29:21 witherspoon kernel: random: fast init done
Apr 20 17:29:21 witherspoon kernel: ucd9000 11-0064: Device ID UCD90160|2.3.4.0000|110603
Apr 20 17:29:21 witherspoon kernel: leds-pca955x 11-0060: leds-pca955x: Using pca9552 16-bit LED driver at slave address 0x60
Apr 20 17:29:21 witherspoon kernel: leds-pca955x 11-0060: gpios 264...279
Apr 20 17:29:21 witherspoon kernel: usbcore: registered new interface driver usbhid
Apr 20 17:29:21 witherspoon kernel: usbhid: USB HID core driver
Apr 20 17:29:21 witherspoon kernel: dps310: probe of 3-0076 failed with error -5
Apr 20 17:29:21 witherspoon kernel: NET: Registered protocol family 10
Apr 20 17:29:21 witherspoon kernel: Segment Routing with IPv6
Apr 20 17:29:21 witherspoon kernel: NET: Registered protocol family 17
Apr 20 17:29:21 witherspoon kernel: console [netcon0] enabled
Apr 20 17:29:21 witherspoon kernel: netconsole: network logging started
Apr 20 17:29:21 witherspoon kernel: input: gpio-keys as /devices/platform/gpio-keys/input/input0
Apr 20 17:29:21 witherspoon kernel: rtc-rv8803 11-0032: setting system clock to 2016-03-17 09:25:01 UTC (1458206701)
Apr 20 17:29:21 witherspoon kernel: Freeing unused kernel memory: 276K
Apr 20 17:29:21 witherspoon kernel: This architecture does not have kernel memory protection.
Apr 20 17:29:21 witherspoon kernel: jffs2: notice: (520) jffs2_build_xattr_subsystem: complete building xattr subsystem, 1 of xdatum (1 unchecked, 0 orphan) and 5 of xref (0 dead, 1 orphan) found.
Apr 20 17:29:21 witherspoon systemd[1]: System time before build time, advancing clock.
Apr 20 17:29:21 witherspoon systemd[1]: Failed to insert module 'autofs4': No such file or directory
Apr 20 17:29:21 witherspoon systemd[1]: systemd 232 running in system mode. (+PAM -AUDIT -SELINUX -IMA -APPARMOR -SMACK +SYSVINIT -UTMP -LIBCRYPTSETUP -GCRYPT -GNUTLS +ACL +XZ -LZ4 -SECCOMP +BLKID -ELFUTILS +KMOD -IDN)
Apr 20 17:29:21 witherspoon systemd[1]: Detected architecture arm.
Apr 20 17:29:21 witherspoon systemd[1]: Set hostname to <witherspoon>.
Apr 20 17:29:21 witherspoon systemd[1]: Listening on Network Service Netlink Socket.
Apr 20 17:29:21 witherspoon systemd[1]: Reached target Remote File Systems.
Apr 20 17:29:21 witherspoon systemd[1]: Listening on Journal Socket.
Apr 20 17:29:21 witherspoon systemd[1]: Listening on /dev/initctl Compatibility Named Pipe.
Apr 20 17:29:21 witherspoon systemd[1]: Listening on udev Kernel Socket.
Apr 20 17:29:21 witherspoon systemd[1]: Reached target Swap.
Apr 20 17:29:21 witherspoon systemd[1]: Listening on Journal Socket (/dev/log).
Apr 20 17:29:21 witherspoon systemd-journald[571]: Journal started
Apr 20 17:29:21 witherspoon systemd-journald[571]: Runtime journal (/run/log/journal/98da6a547f8141998b98e23f5894fd04) is 0B, max 0B, 0B free.
Apr 20 17:29:21 witherspoon systemd-sysctl[578]: Couldn't write '16' to 'kernel/sysrq', ignoring: No such file or directory
Apr 20 17:29:21 witherspoon systemd-sysctl[578]: Couldn't write 'fq_codel' to 'net/core/default_qdisc', ignoring: No such file or directory
Apr 20 17:29:21 witherspoon systemd[1]: Started Remount Root and Kernel File Systems.
Apr 20 17:29:21 witherspoon systemd[1]: Started Apply Kernel Variables.
Apr 20 17:29:21 witherspoon systemd[1]: Starting Create System Users...
Apr 20 17:29:21 witherspoon systemd[1]: Starting Flush Journal to Persistent Storage...
Apr 20 17:29:22 witherspoon systemd[1]: Started Create System Users.
Apr 20 17:29:22 witherspoon systemd[1]: Starting Create Static Device Nodes in /dev...
Apr 20 17:29:22 witherspoon systemd-journald[571]: Runtime journal (/run/log/journal/98da6a547f8141998b98e23f5894fd04) is 0B, max 0B, 0B free.
Apr 20 17:29:22 witherspoon systemd[1]: Started Flush Journal to Persistent Storage.
Apr 20 17:29:22 witherspoon systemd[1]: Started udev Coldplug all Devices.
Apr 20 17:29:22 witherspoon systemd[1]: Started Create Static Device Nodes in /dev.
Apr 20 17:29:22 witherspoon systemd[1]: Reached target Local File Systems (Pre).
Apr 20 17:29:22 witherspoon systemd[1]: Mounting /var/volatile...
Apr 20 17:29:23 witherspoon systemd[1]: Starting udev Kernel Device Manager...
Apr 20 17:29:23 witherspoon systemd[1]: Mounted /var/volatile.
Apr 20 17:29:23 witherspoon systemd[1]: Reached target Local File Systems.
Apr 20 17:29:23 witherspoon systemd[1]: Starting Create Volatile Files and Directories...
Apr 20 17:29:23 witherspoon systemd[1]: Starting Rebuild Journal Catalog...
Apr 20 17:29:23 witherspoon systemd[1]: Starting Load/Save Random Seed...
Apr 20 17:29:23 witherspoon systemd[1]: Started Rebuild Journal Catalog.
Apr 20 17:29:23 witherspoon systemd[1]: Starting Update is Completed...
Apr 20 17:29:23 witherspoon systemd-tmpfiles[915]: "/var/tmp" already exists and is not a directory.
Apr 20 17:29:23 witherspoon systemd-tmpfiles[915]: "/var/log" already exists and is not a directory.
Apr 20 17:29:23 witherspoon systemd[1]: Started Create Volatile Files and Directories.
Apr 20 17:29:23 witherspoon systemd[1]: Started Load/Save Random Seed.
Apr 20 17:29:23 witherspoon systemd[1]: Started Update is Completed.
Apr 20 17:29:23 witherspoon systemd[1]: Starting Network Time Synchronization...
Apr 20 17:29:23 witherspoon systemd[1]: Starting Run pending postinsts...
Apr 20 17:29:24 witherspoon systemd[1]: Started udev Kernel Device Manager.
Apr 20 17:29:24 witherspoon run-postinsts[924]: Running postinst /etc/rpm-postinsts/libglib-2.0-0...
Apr 20 17:29:24 witherspoon systemd[1]: Started Network Time Synchronization.
Apr 20 17:29:24 witherspoon systemd[1]: Reached target System Time Synchronized.
Apr 20 17:29:25 witherspoon systemd[1]: Found device /dev/aspeed-lpc-ctrl.
Apr 20 17:29:26 witherspoon systemd[1]: Found device /dev/aspeed-mbox.
Apr 20 17:29:26 witherspoon systemd[1]: Found device /dev/ttyS4.
Apr 20 17:29:26 witherspoon systemd[1]: Found device /dev/ttyVUART0.
Apr 20 17:29:26 witherspoon systemd[1]: dev-hugepages.mount: Couldn't determine result for ConditionVirtualization=!private-users, assuming failed: No such file or directory
Apr 20 17:29:26 witherspoon systemd[1]: Created slice system-xyz.openbmc_project.Hwmon.slice.
Apr 20 17:29:26 witherspoon systemd[1]: dev-hugepages.mount: Couldn't determine result for ConditionVirtualization=!private-users, assuming failed: No such file or directory
Apr 20 17:29:26 witherspoon systemd[1]: dev-hugepages.mount: Couldn't determine result for ConditionVirtualization=!private-users, assuming failed: No such file or directory
Apr 20 17:29:26 witherspoon systemd[1]: dev-hugepages.mount: Couldn't determine result for ConditionVirtualization=!private-users, assuming failed: No such file or directory
Apr 20 17:29:26 witherspoon systemd[1]: dev-hugepages.mount: Couldn't determine result for ConditionVirtualization=!private-users, assuming failed: No such file or directory
Apr 20 17:29:26 witherspoon systemd[1]: Created slice system-xyz.openbmc_project.led.controller.slice.
Apr 20 17:29:26 witherspoon systemd[1]: dev-hugepages.mount: Couldn't determine result for ConditionVirtualization=!private-users, assuming failed: No such file or directory
Apr 20 17:29:26 witherspoon systemd[1]: dev-hugepages.mount: Couldn't determine result for ConditionVirtualization=!private-users, assuming failed: No such file or directory
Apr 20 17:29:27 witherspoon systemd[1]: dev-hugepages.mount: Couldn't determine result for ConditionVirtualization=!private-users, assuming failed: No such file or directory
Apr 20 17:29:27 witherspoon run-postinsts[924]: rm: can't remove '/etc/rpm-postinsts': Operation not supported
Apr 20 17:29:27 witherspoon run-postinsts[924]:  Removing any system startup links for run-postinsts ...
Apr 20 17:29:28 witherspoon systemctl[954]: Removed /etc/systemd/system/sysinit.target.wants/run-postinsts.service.
Apr 20 17:29:28 witherspoon systemd[1]: Reloading.
Apr 20 17:29:30 witherspoon systemd[1]: Started Run pending postinsts.
Apr 20 17:29:30 witherspoon systemd[1]: dev-hugepages.mount: Couldn't determine result for ConditionVirtualization=!private-users, assuming failed: No such file or directory
Apr 20 17:29:30 witherspoon systemd[1]: Reached target System Initialization.
Apr 20 17:29:30 witherspoon systemd[1]: Started Daily Cleanup of Temporary Directories.
Apr 20 17:29:30 witherspoon systemd[1]: Reached target Timers.
Apr 20 17:29:30 witherspoon systemd[1]: Listening on Phosphor Host Console SSH Per-Connection socket.
Apr 20 17:29:30 witherspoon systemd[1]: Listening on phosphor-ipmi-net.socket.
Apr 20 17:29:30 witherspoon systemd[1]: Listening on dropbear.socket.
Apr 20 17:29:30 witherspoon systemd[1]: Listening on Phosphor Webserver socket.
Apr 20 17:29:30 witherspoon systemd[1]: Listening on D-Bus System Message Bus Socket.
Apr 20 17:29:30 witherspoon systemd[1]: Listening on Avahi mDNS/DNS-SD Stack Activation Socket.
Apr 20 17:29:30 witherspoon systemd[1]: Listening on Phosphor DBUS Browser socket.
Apr 20 17:29:30 witherspoon systemd[1]: Reached target Sockets.
Apr 20 17:29:30 witherspoon systemd[1]: Reached target Basic System.
Apr 20 17:29:30 witherspoon systemd[1]: Started Phosphor MBOX Daemon.
Apr 20 17:29:30 witherspoon systemd[1]: Starting OpenBMC Software Update Manager...
Apr 20 17:29:31 witherspoon systemd[1]: Starting Avahi mDNS/DNS-SD Stack...
Apr 20 17:29:31 witherspoon systemd[1]: Starting Phosphor LED Group Management Daemon...
Apr 20 17:29:31 witherspoon systemd[1]: Starting Phosphor Download Manager...
Apr 20 17:29:31 witherspoon systemd[1]: Starting Phosphor Download Manager...
Apr 20 17:29:31 witherspoon systemd[1]: Starting Phosphor Inventory Manager...
Apr 20 17:29:31 witherspoon systemd[1]: Started Phosphor Hwmon Poller.
Apr 20 17:29:31 witherspoon systemd[1]: Starting Phosphor BMC0 Control...
Apr 20 17:29:31 witherspoon systemd[1]: Starting OpenPower Software Update Manager...
Apr 20 17:29:32 witherspoon systemd[1]: Started Phosphor sysfs LED controller.
Apr 20 17:29:32 witherspoon systemd[1]: Started Phosphor Dump core monitor..
Apr 20 17:29:32 witherspoon systemd[1]: Starting Phosphor DBus Service Discovery Manager...
Apr 20 17:29:32 witherspoon systemd[1]: Starting Phosphor Chassis0 Control...
Apr 20 17:29:32 witherspoon systemd[1]: Starting Clear one time boot overrides...
Apr 20 17:29:32 witherspoon systemd[1]: Started Phosphor sysfs LED controller.
Apr 20 17:29:32 witherspoon systemd[1]: Starting Phosphor Network Manager...
Apr 20 17:29:32 witherspoon systemd[1]: Started Phosphor Hwmon Poller.
Apr 20 17:29:32 witherspoon systemd[1]: Started Phosphor Hwmon Poller.
Apr 20 17:29:32 witherspoon systemd[1]: Started Phosphor Hwmon Poller.
Apr 20 17:29:32 witherspoon systemd[1]: Starting Phosphor IPMI BT DBus Bridge...
Apr 20 17:29:32 witherspoon systemd[1]: Starting Phosphor Inventory Manager...
Apr 20 17:29:32 witherspoon systemd[1]: Started Kernel Logging Service.
Apr 20 17:29:32 witherspoon systemd[1]: Started Phosphor Hwmon Poller.
Apr 20 17:29:32 witherspoon systemd[1]: Started Phosphor Console Muxer listening on device /dev/ttyVUART0.
Apr 20 17:29:32 witherspoon systemd[1]: Starting Phosphor Sensor Manager...
Apr 20 17:29:32 witherspoon systemd[1]: Reached target Containers.
Apr 20 17:29:32 witherspoon systemd[1]: Started Phosphor Hwmon Poller.
Apr 20 17:29:33 witherspoon systemd[1]: Started Phosphor Hwmon Poller.
Apr 20 17:29:33 witherspoon kernel[987]: klogd started: BusyBox v1.24.1 (2017-06-16 19:29:08 UTC)
Apr 20 17:29:33 witherspoon kernel[987]: [    0.000000] Booting Linux on physical CPU 0x0
Apr 20 17:29:33 witherspoon kernel[987]: [    0.000000] Linux version 4.10.17-990f06c35b7e119f00967e90f0514dbbd2e1b51b (jenkins@openbmc-builder1) (gcc version 6.2.0 (GCC) ) #1 Fri Jul 7 18:38:12 UTC 2017
Apr 20 17:29:33 witherspoon kernel[987]: [    0.000000] CPU: ARMv6-compatible processor [410fb767] revision 7 (ARMv7), cr=00c5387d
Apr 20 17:29:33 witherspoon kernel[987]: [    0.000000] CPU: PIPT / VIPT nonaliasing data cache, VIPT nonaliasing instruction cache
Apr 20 17:29:33 witherspoon kernel[987]: [    0.000000] OF: fdt:Machine model: Witherspoon BMC
Apr 20 17:29:33 witherspoon kernel[987]: [    0.000000] Memory policy: Data cache writeback
Apr 20 17:29:33 witherspoon kernel[987]: [    0.000000] SOC Rev: 04030303
Apr 20 17:29:33 witherspoon kernel[987]: [    0.000000] On node 0 totalpages: 110592
Apr 20 17:29:33 witherspoon kernel[987]: [    0.000000] free_area_init_node: node 0, pgdat 805f33fc, node_mem_map 9ec1a000
Apr 20 17:29:33 witherspoon kernel[987]: [    0.000000]   Normal zone: 992 pages used for memmap
Apr 20 17:29:33 witherspoon kernel[987]: [    0.000000]   Normal zone: 0 pages reserved
Apr 20 17:29:33 witherspoon kernel[987]: [    0.000000]   Normal zone: 110592 pages, LIFO batch:31
Apr 20 17:29:33 witherspoon kernel[987]: [    0.000000] pcpu-alloc: s0 r0 d32768 u32768 alloc=1*32768
Apr 20 17:29:33 witherspoon kernel[987]: [    0.000000] pcpu-alloc: [0] 0
Apr 20 17:29:33 witherspoon kernel[987]: [    0.000000] Built 1 zonelists in Zone order, mobility grouping on.  Total pages: 109600
Apr 20 17:29:33 witherspoon kernel[987]: [    0.000000] Kernel command line: console=ttyS4,115200n8 root=/dev/ram rw
Apr 20 17:29:33 witherspoon kernel[987]: [    0.000000] PID hash table entries: 2048 (order: 1, 8192 bytes)
Apr 20 17:29:33 witherspoon kernel[987]: [    0.000000] Dentry cache hash table entries: 65536 (order: 6, 262144 bytes)
Apr 20 17:29:33 witherspoon kernel[987]: [    0.000000] Inode-cache hash table entries: 32768 (order: 5, 131072 bytes)
Apr 20 17:29:33 witherspoon kernel[987]: [    0.000000] Memory: 430508K/442368K available (4048K kernel code, 280K rwdata, 1172K rodata, 276K init, 111K bss, 11860K reserved, 0K cma-reserved)
Apr 20 17:29:33 witherspoon kernel[987]: [    0.000000] Virtual kernel memory layout:
Apr 20 17:29:33 witherspoon kernel[987]: [    0.000000]     vector  : 0xffff0000 - 0xffff1000   (   4 kB)
Apr 20 17:29:33 witherspoon kernel[987]: [    0.000000]     fixmap  : 0xffc00000 - 0xfff00000   (3072 kB)
Apr 20 17:29:33 witherspoon kernel[987]: [    0.000000]     vmalloc : 0x9f800000 - 0xff800000   (1536 MB)
Apr 20 17:29:33 witherspoon kernel[987]: [    0.000000]     lowmem  : 0x80000000 - 0x9f000000   ( 496 MB)
Apr 20 17:29:33 witherspoon kernel[987]: [    0.000000]       .text : 0x80008000 - 0x803fc590   (4050 kB)
Apr 20 17:29:33 witherspoon systemd[1]: Starting Phosphor Dump Manager...
Apr 20 17:29:33 witherspoon kernel[987]: [    0.000000]       .init : 0x8057b000 - 0x805c0000   ( 276 kB)
Apr 20 17:29:33 witherspoon systemd[1]: Started Phosphor Hwmon Poller.
Apr 20 17:29:33 witherspoon kernel[987]: [    0.000000]       .data : 0x805c0000 - 0x806061a8   ( 281 kB)
Apr 20 17:29:33 witherspoon systemd[1]: Starting Phosphor Log Manager...
Apr 20 17:29:33 witherspoon kernel[987]: [    0.000000]        .bss : 0x806061a8 - 0x80622078   ( 112 kB)
Apr 20 17:29:33 witherspoon systemd[1]: Started D-Bus System Message Bus.
Apr 20 17:29:33 witherspoon kernel[987]: [    0.000000] NR_IRQS:16 nr_irqs:16 16
Apr 20 17:29:33 witherspoon kernel[987]: [    0.000000] i2c controller registered, irq 16
Apr 20 17:29:33 witherspoon kernel[987]: [    0.000000] clocksource: moxart_timer: mask: 0xffffffff max_cycles: 0xffffffff, max_idle_ns: 77222644334 ns
Apr 20 17:29:33 witherspoon kernel[987]: [    0.000000] sched_clock: 32 bits at 100 Hz, resolution 10000000ns, wraps every 21474836475000000ns
Apr 20 17:29:33 witherspoon kernel[987]: [    0.090000] Calibrating delay loop... 789.70 BogoMIPS (lpj=3948544)
Apr 20 17:29:33 witherspoon kernel[987]: [    0.090000] pid_max: default: 32768 minimum: 301
Apr 20 17:29:33 witherspoon kernel[987]: [    0.090000] Mount-cache hash table entries: 1024 (order: 0, 4096 bytes)
Apr 20 17:29:33 witherspoon kernel[987]: [    0.090000] Mountpoint-cache hash table entries: 1024 (order: 0, 4096 bytes)
Apr 20 17:29:33 witherspoon kernel[987]: [    0.090000] CPU: Testing write buffer coherency: ok
Apr 20 17:29:33 witherspoon kernel[987]: [    0.090000] ftrace: allocating 14867 entries in 44 pages
Apr 20 17:29:33 witherspoon kernel[987]: [    0.120000] Setting up static identity map for 0x80008200 - 0x8000825c
Apr 20 17:29:33 witherspoon kernel[987]: [    0.120000] devtmpfs: initialized
Apr 20 17:29:33 witherspoon kernel[987]: [    0.130000] clocksource: jiffies: mask: 0xffffffff max_cycles: 0xffffffff, max_idle_ns: 19112604462750000 ns
Apr 20 17:29:33 witherspoon kernel[987]: [    0.130000] futex hash table entries: 256 (order: -1, 3072 bytes)
Apr 20 17:29:33 witherspoon kernel[987]: [    0.130000] pinctrl core: initialized pinctrl subsystem
Apr 20 17:29:33 witherspoon kernel[987]: [    0.140000] NET: Registered protocol family 16
Apr 20 17:29:33 witherspoon kernel[987]: [    0.140000] DMA: preallocated 256 KiB pool for atomic coherent allocations
Apr 20 17:29:33 witherspoon kernel[987]: [    0.210000] usbcore: registered new interface driver usbfs
Apr 20 17:29:33 witherspoon kernel[987]: [    0.210000] usbcore: registered new interface driver hub
Apr 20 17:29:33 witherspoon kernel[987]: [    0.210000] usbcore: registered new device driver usb
Apr 20 17:29:33 witherspoon kernel[987]: [    0.210000] clocksource: Switched to clocksource moxart_timer
Apr 20 17:29:33 witherspoon kernel[987]: [    0.220000] NET: Registered protocol family 2
Apr 20 17:29:33 witherspoon kernel[987]: [    0.220000] TCP established hash table entries: 4096 (order: 2, 16384 bytes)
Apr 20 17:29:33 witherspoon kernel[987]: [    0.220000] TCP bind hash table entries: 4096 (order: 2, 16384 bytes)
Apr 20 17:29:33 witherspoon kernel[987]: [    0.220000] TCP: Hash tables configured (established 4096 bind 4096)
Apr 20 17:29:33 witherspoon kernel[987]: [    0.220000] UDP hash table entries: 256 (order: 0, 4096 bytes)
Apr 20 17:29:33 witherspoon kernel[987]: [    0.220000] UDP-Lite hash table entries: 256 (order: 0, 4096 bytes)
Apr 20 17:29:33 witherspoon kernel[987]: [    0.230000] NET: Registered protocol family 1
Apr 20 17:29:33 witherspoon kernel[987]: [    0.230000] Trying to unpack rootfs image as initramfs...
Apr 20 17:29:33 witherspoon kernel[987]: [    1.900000] Freeing initrd memory: 1548K
Apr 20 17:29:33 witherspoon kernel[987]: [    1.900000] workingset: timestamp_bits=30 max_order=17 bucket_order=0
Apr 20 17:29:33 witherspoon kernel[987]: [    1.900000] squashfs: version 4.0 (2009/01/31) Phillip Lougher
Apr 20 17:29:33 witherspoon kernel[987]: [    1.900000] jffs2: version 2.2. (SUMMARY)  © 2001-2006 Red Hat, Inc.
Apr 20 17:29:33 witherspoon kernel[987]: [    1.900000] Block layer SCSI generic (bsg) driver version 0.4 loaded (major 250)
Apr 20 17:29:33 witherspoon kernel[987]: [    1.900000] io scheduler noop registered
Apr 20 17:29:33 witherspoon kernel[987]: [    1.900000] io scheduler deadline registered
Apr 20 17:29:33 witherspoon kernel[987]: [    1.900000] io scheduler cfq registered (default)
Apr 20 17:29:33 witherspoon kernel[987]: [    2.050000] ipmi-bt-host 1e789140.ibt: Found bt bmc device
Apr 20 17:29:33 witherspoon kernel[987]: [    2.050000] ipmi-bt-host 1e789140.ibt: Using IRQ 22
Apr 20 17:29:33 witherspoon kernel[987]: [    2.050000] Serial: 8250/16550 driver, 6 ports, IRQ sharing enabled
Apr 20 17:29:33 witherspoon kernel[987]: [    2.050000] 1e783000.serial: ttyS0 at MMIO 0x1e783000 (irq = 23, base_baud = 1500000) is a 16550A
Apr 20 17:29:33 witherspoon kernel[987]: [    2.050000] 1e78d000.serial: ttyS1 at MMIO 0x1e78d000 (irq = 24, base_baud = 1500000) is a 16550A
Apr 20 17:29:33 witherspoon kernel[987]: [    2.050000] 1e784000.serial: ttyS4 at MMIO 0x1e784000 (irq = 25, base_baud = 1500000) is a 16550A
Apr 20 17:29:33 witherspoon kernel[987]: [    2.400000] console [ttyS4] enabled
Apr 20 17:29:33 witherspoon kernel[987]: [    2.400000] 1e787000.vuart: ttyS2 at MMIO 0x1e787000 (irq = 22, base_baud = 1500000) is a 16550A
Apr 20 17:29:33 witherspoon kernel[987]: [    2.590000] timeriomem_rng 1e6e2078.hwrng: 32bits from 0xf00e2078 @ 1us
Apr 20 17:29:33 witherspoon kernel[987]: [    2.630000] brd: module loaded
Apr 20 17:29:33 witherspoon kernel[987]: [    2.650000] loop: module loaded
Apr 20 17:29:33 witherspoon kernel[987]: [    2.650000] aspeed-lpc-ctrl 1e789080.lpc-ctrl: Loaded at 0x98000000 (0x04000000)
Apr 20 17:29:33 witherspoon kernel[987]: [    2.650000] aspeed-smc 1e620000.flash-controller: Using IRQ 18
Apr 20 17:29:33 witherspoon kernel[987]: [    2.680000] aspeed-smc 1e620000.flash-controller: DMA support disabled.
Apr 20 17:29:33 witherspoon kernel[987]: [    2.680000] aspeed-smc 1e620000.flash-controller: mx25l25635e (32768 Kbytes)
Apr 20 17:29:33 witherspoon kernel[987]: [    2.680000] aspeed-smc 1e620000.flash-controller: CE0 window [ 0x20000000 - 0x22000000 ] 32MB
Apr 20 17:29:33 witherspoon kernel[987]: [    2.680000] aspeed-smc 1e620000.flash-controller: CE1 window [ 0x22000000 - 0x2a000000 ] 128MB
Apr 20 17:29:33 witherspoon kernel[987]: [    2.680000] 5 ofpart partitions found on MTD device bmc
Apr 20 17:29:33 witherspoon kernel[987]: [    2.720000] Creating 5 MTD partitions on "bmc":
Apr 20 17:29:33 witherspoon kernel[987]: [    2.720000] 0x000000000000-0x000000060000 : "u-boot"
Apr 20 17:29:33 witherspoon kernel[987]: [    2.720000] 0x000000060000-0x000000080000 : "u-boot-env"
Apr 20 17:29:33 witherspoon kernel[987]: [    2.720000] 0x000000080000-0x0000004c0000 : "kernel"
Apr 20 17:29:33 witherspoon kernel[987]: [    2.720000] 0x0000004c0000-0x000001c00000 : "rofs"
Apr 20 17:29:33 witherspoon kernel[987]: [    2.760000] 0x000001c00000-0x000002000000 : "rwfs"
Apr 20 17:29:33 witherspoon kernel[987]: [    2.760000] aspeed-smc 1e620000.flash-controller: mx25l25635e (32768 Kbytes)
Apr 20 17:29:33 witherspoon kernel[987]: [    2.760000] aspeed-smc 1e620000.flash-controller: CE1 window [ 0x22000000 - 0x24000000 ] 32MB
Apr 20 17:29:33 witherspoon kernel[987]: [    2.760000] aspeed-smc 1e620000.flash-controller: CE2 window [ 0x24000000 - 0x2c000000 ] 128MB
Apr 20 17:29:33 witherspoon kernel[987]: [    2.760000] aspeed-smc 1e630000.flash-controller: mx66l1g45g (131072 Kbytes)
Apr 20 17:29:33 witherspoon kernel[987]: [    2.810000] aspeed-smc 1e630000.flash-controller: CE0 window resized to 120MB (AST2500 HW quirk)
Apr 20 17:29:33 witherspoon kernel[987]: [    2.810000] aspeed-smc 1e630000.flash-controller: CE0 window [ 0x30000000 - 0x37800000 ] 120MB
Apr 20 17:29:33 witherspoon kernel[987]: [    2.810000] aspeed-smc 1e630000.flash-controller: CE0 window too small for chip 128MB
Apr 20 17:29:33 witherspoon kernel[987]: [    2.810000] aspeed-smc 1e630000.flash-controller: CE1 window [ 0x37800000 - 0x38000000 ] 8MB
Apr 20 17:29:33 witherspoon kernel[987]: [    3.610000] libphy: Fixed MDIO Bus: probed
Apr 20 17:29:33 witherspoon kernel[987]: [    3.610000] ftgmac100 1e660000.ethernet: Read MAC address 70:e2:84:14:24:20 from chip
Apr 20 17:29:33 witherspoon kernel[987]: [    3.610000] ftgmac100 1e660000.ethernet: Using NCSI interface
Apr 20 17:29:33 witherspoon kernel[987]: [    3.610000] ftgmac100 1e660000.ethernet eth0: irq 20, mapped at f0060000
Apr 20 17:29:33 witherspoon kernel[987]: [    3.610000] ehci_hcd: USB 2.0 'Enhanced' Host Controller (EHCI) Driver
Apr 20 17:29:33 witherspoon kernel[987]: [    3.610000] ehci-platform: EHCI generic platform driver
Apr 20 17:29:33 witherspoon kernel[987]: [    3.810000]  fsi0: can't read slave 00:00 -5
Apr 20 17:29:33 witherspoon kernel[987]: [    3.810000] i2c /dev entries driver
Apr 20 17:29:33 witherspoon kernel[987]: [    3.810000] aspeed-i2c-bus 1e78a0c0.i2c-bus: i2c bus 2 registered, irq 26
Apr 20 17:29:33 witherspoon kernel[987]: [    3.810000] aspeed-i2c-bus 1e78a100.i2c-bus: i2c bus 3 registered, irq 27
Apr 20 17:29:33 witherspoon kernel[987]: [    3.810000] aspeed-i2c-bus 1e78a140.i2c-bus: i2c bus 4 registered, irq 28
Apr 20 17:29:33 witherspoon kernel[987]: [    3.810000] aspeed-i2c-bus 1e78a180.i2c-bus: i2c bus 5 registered, irq 29
Apr 20 17:29:33 witherspoon kernel[987]: [    3.810000] aspeed-i2c-bus 1e78a380.i2c-bus: i2c bus 9 registered, irq 30
Apr 20 17:29:33 witherspoon kernel[987]: [    3.810000] aspeed-i2c-bus 1e78a3c0.i2c-bus: i2c bus 10 registered, irq 31
Apr 20 17:29:33 witherspoon kernel[987]: [    3.910000] rtc-rv8803 11-0032: rtc core: registered rx8900 as rtc0
Apr 20 17:29:33 witherspoon kernel[987]: [    3.910000] at24 11-0051: 8192 byte 24c64 EEPROM, writable, 1 bytes/write
Apr 20 17:29:33 witherspoon kernel[987]: [    3.920000] aspeed-i2c-bus 1e78a400.i2c-bus: i2c bus 11 registered, irq 32
Apr 20 17:29:33 witherspoon kernel[987]: [    3.920000] aspeed-i2c-bus 1e78a440.i2c-bus: i2c bus 12 registered, irq 33
Apr 20 17:29:33 witherspoon kernel[987]: [    3.940000] aspeed-i2c-bus 1e78a480.i2c-bus: i2c bus 13 registered, irq 34
Apr 20 17:29:33 witherspoon kernel[987]: [    3.940000] Driver for 1-wire Dallas network protocol.
Apr 20 17:29:33 witherspoon kernel[987]: [    3.940000] lm75 9-004a: hwmon0: sensor 'tmp275'
Apr 20 17:29:33 witherspoon kernel[987]: [    3.980000] random: fast init done
Apr 20 17:29:33 witherspoon kernel[987]: [    4.370000] ucd9000 11-0064: Device ID UCD90160|2.3.4.0000|110603
Apr 20 17:29:33 witherspoon kernel[987]: [    4.700000] leds-pca955x 11-0060: leds-pca955x: Using pca9552 16-bit LED driver at slave address 0x60
Apr 20 17:29:33 witherspoon kernel[987]: [    4.720000] leds-pca955x 11-0060: gpios 264...279
Apr 20 17:29:33 witherspoon kernel[987]: [    4.720000] usbcore: registered new interface driver usbhid
Apr 20 17:29:33 witherspoon kernel[987]: [    4.730000] usbhid: USB HID core driver
Apr 20 17:29:33 witherspoon kernel[987]: [    4.770000] dps310: probe of 3-0076 failed with error -5
Apr 20 17:29:33 witherspoon kernel[987]: [    4.770000] NET: Registered protocol family 10
Apr 20 17:29:33 witherspoon kernel[987]: [    4.780000] Segment Routing with IPv6
Apr 20 17:29:33 witherspoon kernel[987]: [    4.780000] NET: Registered protocol family 17
Apr 20 17:29:41 witherspoon systemd[1]: Started OpenBMC Software Update Manager.
Apr 20 17:29:33 witherspoon kernel[987]: [    4.780000] console [netcon0] enabled
Apr 20 17:29:41 witherspoon systemd[1]: Started Avahi mDNS/DNS-SD Stack.
Apr 20 17:29:33 witherspoon kernel[987]: [    4.780000] netconsole: network logging started
Apr 20 17:29:33 witherspoon kernel[987]: [    4.800000] input: gpio-keys as /devices/platform/gpio-keys/input/input0
Apr 20 17:29:33 witherspoon kernel[987]: [    4.810000] rtc-rv8803 11-0032: setting system clock to 2016-03-17 09:25:01 UTC (1458206701)
Apr 20 17:29:42 witherspoon systemd[1]: Started Phosphor LED Group Management Daemon.
Apr 20 17:29:33 witherspoon kernel[987]: [    4.820000] Freeing unused kernel memory: 276K
Apr 20 17:29:33 witherspoon kernel[987]: [    4.820000] This architecture does not have kernel memory protection.
Apr 20 17:29:33 witherspoon kernel[987]: [    6.570000] jffs2: notice: (520) jffs2_build_xattr_subsystem: complete building xattr subsystem, 1 of xdatum (1 unchecked, 0 orphan) and 5 of xref (0 dead, 1 orphan) found.
Apr 20 17:29:33 witherspoon kernel[987]: [   13.480000] systemd[1]: System time before build time, advancing clock.
Apr 20 17:29:42 witherspoon systemd[1]: Started Phosphor Dump Manager.
Apr 20 17:29:33 witherspoon kernel[987]: [   13.480000] systemd[1]: Failed to insert module 'autofs4': No such file or directory
Apr 20 17:29:33 witherspoon kernel[987]: [   13.480000] systemd[1]: systemd 232 running in system mode. (+PAM -AUDIT -SELINUX -IMA -APPARMOR -SMACK +SYSVINIT -UTMP -LIBCRYPTSETUP -GCRYPT -GNUTLS +ACL +XZ -LZ4 -SECCOMP +BLKID -ELFUTILS +KMOD -IDN)
Apr 20 17:29:33 witherspoon kernel[987]: [   13.480000] systemd[1]: Detected architecture arm.
Apr 20 17:29:33 witherspoon kernel[987]: [   13.980000] systemd[1]: Set hostname to <witherspoon>.
Apr 20 17:29:33 witherspoon kernel[987]: [   15.420000] systemd[1]: Listening on Network Service Netlink Socket.
Apr 20 17:29:33 witherspoon kernel[987]: [   15.590000] systemd[1]: Reached target Remote File Systems.
Apr 20 17:29:42 witherspoon systemd[1]: Started OpenPower Software Update Manager.
Apr 20 17:29:33 witherspoon kernel[987]: [   15.630000] systemd[1]: Listening on Journal Socket.
Apr 20 17:29:42 witherspoon systemd[1]: Started Phosphor IPMI BT DBus Bridge.
Apr 20 17:29:33 witherspoon kernel[987]: [   15.670000] systemd[1]: Listening on /dev/initctl Compatibility Named Pipe.
Apr 20 17:29:42 witherspoon systemd[1]: Started Phosphor Download Manager.
Apr 20 17:29:33 witherspoon kernel[987]: [   15.710000] systemd[1]: Listening on udev Kernel Socket.
Apr 20 17:29:42 witherspoon systemd[1]: Started Phosphor Inventory Manager.
Apr 20 17:29:33 witherspoon kernel[987]: [   15.750000] systemd[1]: Reached target Swap.
Apr 20 17:29:33 witherspoon kernel[987]: [   15.780000] systemd[1]: Listening on Journal Socket (/dev/log).
Apr 20 17:29:33 witherspoon kernel[987]: [   18.280000] systemd-journald[571]: Received request to flush runtime journal from PID 1
Apr 20 17:29:42 witherspoon systemd[1]: Started Phosphor Log Manager.
Apr 20 17:29:36 witherspoon avahi-daemon[967]: Found user 'avahi' (UID 999) and group 'avahi' (GID 997).
Apr 20 17:29:42 witherspoon systemd[1]: Starting Phosphor Version Software Manager...
Apr 20 17:29:42 witherspoon kernel: random: crng init done
Apr 20 17:29:36 witherspoon avahi-daemon[967]: Successfully dropped root privileges.
Apr 20 17:29:42 witherspoon systemd[1]: Starting Network Service...
Apr 20 17:29:36 witherspoon avahi-daemon[967]: avahi-daemon 0.6.32 starting up.
Apr 20 17:29:42 witherspoon systemd[1]: Started Hardware RNG Entropy Gatherer Daemon.
Apr 20 17:29:41 witherspoon avahi-daemon[967]: Successfully called chroot().
Apr 20 17:29:42 witherspoon systemd[1]: Starting Phosphor User Manager...
Apr 20 17:29:41 witherspoon avahi-daemon[967]: Successfully dropped remaining capabilities.
Apr 20 17:29:42 witherspoon systemd[1]: Started System Logging Service.
Apr 20 17:29:41 witherspoon avahi-daemon[967]: Loading service file /services/obmc_console.service.
Apr 20 17:29:42 witherspoon systemd[1]: Started Phosphor sysfs LED controller.
Apr 20 17:29:41 witherspoon avahi-daemon[967]: Loading service file /services/phosphor_rest.service.
Apr 20 17:29:43 witherspoon systemd[1]: Started Clear one time boot overrides.
Apr 20 17:29:41 witherspoon avahi-daemon[967]: Loading service file /services/sftp-ssh.service.
Apr 20 17:29:43 witherspoon systemd[1]: Started Phosphor BMC0 Control.
Apr 20 17:29:41 witherspoon avahi-daemon[967]: Loading service file /services/sftp.service.
Apr 20 17:29:41 witherspoon avahi-daemon[967]: Loading service file /services/ssh.service.
Apr 20 17:29:41 witherspoon avahi-daemon[967]: Network interface enumeration completed.
Apr 20 17:29:41 witherspoon avahi-daemon[967]: Server startup complete. Host name is witherspoon.local. Local service cookie is 1424513054.
Apr 20 17:29:41 witherspoon avahi-daemon[967]: Service "witherspoon" (/services/ssh.service) successfully established.
Apr 20 17:29:41 witherspoon avahi-daemon[967]: Service "sftp" (/services/sftp.service) successfully established.
Apr 20 17:29:41 witherspoon avahi-daemon[967]: Service "witherspoon" (/services/sftp-ssh.service) successfully established.
Apr 20 17:29:41 witherspoon avahi-daemon[967]: Service "phosphor_rest" (/services/phosphor_rest.service) successfully established.
Apr 20 17:29:41 witherspoon avahi-daemon[967]: Service "obmc_console" (/services/obmc_console.service) successfully established.
Apr 20 17:29:42 witherspoon kernel[987]: [   38.430000] random: crng init done
Apr 20 17:29:44 witherspoon systemd[1]: Started Phosphor Version Software Manager.
Apr 20 17:29:45 witherspoon systemd-networkd[1003]: Enumeration completed
Apr 20 17:29:45 witherspoon systemd[1]: Started Network Service.
Apr 20 17:29:45 witherspoon systemd[1]: Reached target Network.
Apr 20 17:29:45 witherspoon systemd[1]: Started Lightweight SLP Server.
Apr 20 17:29:45 witherspoon systemd[1]: Starting Permit User Sessions...
Apr 20 17:29:45 witherspoon systemd-networkd[1003]: eth0: IPv6 enabled for interface: Success
Apr 20 17:29:45 witherspoon avahi-daemon[967]: Joining mDNS multicast group on interface eth0.IPv4 with address 9.41.166.169.
Apr 20 17:29:45 witherspoon avahi-daemon[967]: New relevant interface eth0.IPv4 for mDNS.
Apr 20 17:29:45 witherspoon avahi-daemon[967]: Registering new address record for 9.41.166.169 on eth0.IPv4.
Apr 20 17:29:45 witherspoon systemd-networkd[1003]: eth0: Gained carrier
Apr 20 17:29:45 witherspoon systemd-timesyncd[923]: Network configuration changed, trying to establish connection.
Apr 20 17:29:46 witherspoon avahi-daemon[967]: Joining mDNS multicast group on interface eth0.IPv6 with address fe80::72e2:84ff:fe14:2420.
Apr 20 17:29:46 witherspoon systemd-networkd[1003]: eth0: Gained IPv6LL
Apr 20 17:29:46 witherspoon avahi-daemon[967]: New relevant interface eth0.IPv6 for mDNS.
Apr 20 17:29:46 witherspoon avahi-daemon[967]: Registering new address record for fe80::72e2:84ff:fe14:2420 on eth0.*.
Apr 20 17:29:47 witherspoon systemd[1]: Started Permit User Sessions.
Apr 20 17:29:47 witherspoon systemd[1]: Started Serial Getty on ttyS4.
Apr 20 17:29:47 witherspoon systemd[1]: Reached target Login Prompts.
Apr 20 17:29:47 witherspoon systemd[1]: Reached target Multi-User System.
Apr 20 17:29:49 witherspoon kernel: ftgmac100 1e660000.ethernet eth0: NCSI interface up
Apr 20 17:29:49 witherspoon kernel[987]: [   44.680000] ftgmac100 1e660000.ethernet eth0: NCSI interface up
Apr 20 17:29:55 witherspoon systemd[1]: Started Phosphor Download Manager.
Apr 20 17:29:55 witherspoon download_manager.py[969]: Running Download Manager
Apr 20 17:29:55 witherspoon systemd[1]: Started Phosphor Chassis0 Control.
Apr 20 17:29:55 witherspoon chassis_control.py[978]: Running ChassisControlService
Apr 20 17:29:57 witherspoon inventory_items.py[986]: Loading from cache: /var/cache/obmc/org.openbmc.inventory.system.chassis.motherboard.apss@org.openbmc.InventoryItem.props
Apr 20 17:29:57 witherspoon inventory_items.py[986]: Loading from cache: /var/cache/obmc/org.openbmc.inventory.system.chassis.motherboard@org.openbmc.InventoryItem.props
Apr 20 17:29:57 witherspoon inventory_items.py[986]: Loading from cache: /var/cache/obmc/org.openbmc.inventory.system.chassis.motherboard.refclock@org.openbmc.InventoryItem.props
Apr 20 17:29:58 witherspoon phosphor-mapper[977]: ObjectMapper startup complete.  Discovery in progress...
Apr 20 17:29:59 witherspoon inventory_items.py[986]: Loading from cache: /var/cache/obmc/org.openbmc.inventory.system.chassis.motherboard.todclock@org.openbmc.InventoryItem.props
Apr 20 17:29:59 witherspoon inventory_items.py[986]: Loading from cache: /var/cache/obmc/org.openbmc.inventory.system.chassis.motherboard.bmc@org.openbmc.InventoryItem.props
Apr 20 17:29:59 witherspoon inventory_items.py[986]: Caching: /org/openbmc/inventory/system/chassis/motherboard/bmc
Apr 20 17:29:59 witherspoon inventory_items.py[986]: Loading from cache: /var/cache/obmc/org.openbmc.inventory.system.chassis.motherboard.pcieclock@org.openbmc.InventoryItem.props
Apr 20 17:29:59 witherspoon inventory_items.py[986]: Running Inventory Manager
Apr 20 17:29:59 witherspoon systemd[1]: Started Phosphor Inventory Manager.
Apr 20 17:29:59 witherspoon systemd-networkd[1003]: eth0: Configured
Apr 20 17:29:59 witherspoon systemd-timesyncd[923]: Network configuration changed, trying to establish connection.
Apr 20 17:30:00 witherspoon sensor_manager2.py[990]: Setting boot count to 3
Apr 20 17:30:00 witherspoon sensor_manager2.py[990]: Deleting OCC device
Apr 20 17:30:00 witherspoon sensor_manager2.py[990]: sh: /sys/class/i2c-adapter/i2c-3/3-0050/online: No such file or directory
Apr 20 17:30:00 witherspoon sensor_manager2.py[990]: Deleting OCC device
Apr 20 17:30:00 witherspoon systemd[1]: Started Phosphor Network Manager.
Apr 20 17:30:00 witherspoon netman.py[981]: Started
Apr 20 17:30:00 witherspoon avahi-daemon[998]: ../../avahi-0.6.32/avahi-daemon/chroot.c: open() failed: No such file or directory
Apr 20 17:30:00 witherspoon avahi-daemon[967]: Failed to open /usr/share/dbus-1/interfaces/org.freedesktop.Avahi.Server.xml: Invalid argument
Apr 20 17:30:00 witherspoon avahi-daemon[967]: Failed to load introspection data.
Apr 20 17:30:00 witherspoon systemd[1]: Started Phosphor User Manager.
Apr 20 17:30:00 witherspoon obmc-phosphor-userd[1006]: Started
Apr 20 17:30:00 witherspoon sensor_manager2.py[990]: sh: /sys/class/i2c-adapter/i2c-3/3-0050/online: No such file or directory
Apr 20 17:30:00 witherspoon sensor_manager2.py[990]: Starting sensor manager
Apr 20 17:30:00 witherspoon systemd[1]: Started Phosphor Sensor Manager.
Apr 20 17:30:12 witherspoon phosphor-mapper[977]: ObjectMapper discovery complete
Apr 20 17:30:12 witherspoon systemd[1]: Started Phosphor DBus Service Discovery Manager.
Apr 20 17:30:12 witherspoon systemd[1]: Reached target Phosphor Object Mapper.
Apr 20 17:30:12 witherspoon systemd[1]: Starting Wait for /xyz/openbmc_project/state/chassis0...
Apr 20 17:30:12 witherspoon systemd[1]: Starting Phosphor Settings Manager...
Apr 20 17:30:12 witherspoon systemd[1]: Starting Wait for /org/openbmc/control/flash/bios...
Apr 20 17:30:12 witherspoon systemd[1]: Starting Wait for /org/openbmc/control/power0...
Apr 20 17:30:12 witherspoon systemd[1]: Starting Wait for /xyz/openbmc_project/state/host0...
Apr 20 17:30:12 witherspoon systemd[1]: Starting Wait for /xyz/openbmc_project/led/groups...
Apr 20 17:30:12 witherspoon systemd[1]: Starting Wait for /xyz/openbmc_project/control/host0...
Apr 20 17:30:12 witherspoon systemd[1]: Started Phosphor DBus Monitor.
Apr 20 17:30:12 witherspoon systemd[1]: Starting Wait for /xyz/openbmc_project/inventory...
Apr 20 17:30:12 witherspoon systemd[1]: Starting Wait for /org/openbmc/managers/Download...
Apr 20 17:30:12 witherspoon systemd[1]: Starting Phoshpor System Manager...
Apr 20 17:30:12 witherspoon systemd[1]: Starting Wait for /org/openbmc/NetworkManager/Interface...
Apr 20 17:30:15 witherspoon systemd[1]: Starting Wait for /org/openbmc/managers/System...
Apr 20 17:30:15 witherspoon systemd[1]: Starting Wait for /xyz/openbmc_project/led/groups/bmc_booted...
Apr 20 17:30:15 witherspoon systemd[1]: Reached target Webserver (pre).
Apr 20 17:30:15 witherspoon systemd[1]: Started Phosphor Webserver.
Apr 20 17:30:15 witherspoon systemd[1]: Starting Wait for /org/openbmc/sensors...
Apr 20 17:30:15 witherspoon systemd[1]: Starting Wait for /org/openbmc/control/bmc0...
Apr 20 17:30:15 witherspoon systemd[1]: Started Wait for /xyz/openbmc_project/led/groups.
Apr 20 17:30:15 witherspoon systemd[1]: Started Wait for /xyz/openbmc_project/inventory.
Apr 20 17:30:16 witherspoon systemd[1]: Started Wait for /org/openbmc/managers/Download.
Apr 20 17:30:16 witherspoon systemd[1]: Started Wait for /org/openbmc/NetworkManager/Interface.
Apr 20 17:30:16 witherspoon systemd[1]: Started Wait for /org/openbmc/sensors.
Apr 20 17:30:16 witherspoon systemd[1]: Started Phosphor Hwmon Poller.
Apr 20 17:30:16 witherspoon systemd[1]: Started Phosphor DNS Settings Cache Manager.
Apr 20 17:30:16 witherspoon systemd[1]: Starting Phosphor BIOS Code Update...
Apr 20 17:30:16 witherspoon systemd[1]: Starting Read OpenPOWER-format VPD from EEPROM...
Apr 20 17:30:16 witherspoon systemd[1]: Started Phosphor Cooling Type.
Apr 20 17:30:16 witherspoon systemd[1]: Starting OpenPOWER OCC controller...
Apr 20 17:30:16 witherspoon systemd[1]: Started FRU Fault monitor service.
Apr 20 17:30:16 witherspoon systemd[1]: Started Wait for /xyz/openbmc_project/led/groups/bmc_booted.
Apr 20 17:30:16 witherspoon systemd[1]: Started Wait for /org/openbmc/control/bmc0.
Apr 20 17:30:16 witherspoon systemd[1]: Starting Phosphor BMC Code Update...
Apr 20 17:30:16 witherspoon systemd[1]: Starting Assert bmc_booted LED...
Apr 20 17:30:17 witherspoon systemd[1]: Started Assert bmc_booted LED.
Apr 20 17:30:18 witherspoon systemd[1]: Started Phosphor BIOS Code Update.
Apr 20 17:30:18 witherspoon systemd[1]: Started OpenPOWER OCC controller.
Apr 20 17:30:21 witherspoon systemd[1]: Started Wait for /org/openbmc/control/flash/bios.
Apr 20 17:30:21 witherspoon systemd[1]: Started Initialize BIOS Flash.
Apr 20 17:30:21 witherspoon systemd[1]: Started Read OpenPOWER-format VPD from EEPROM.
Apr 20 17:30:24 witherspoon flash_bios.exe[1044]: Starting flasher: bios,,/org/openbmc/control/flash/bios,
Apr 20 17:30:24 witherspoon flash_bios.exe[1044]: flasher: , BMC = 1, address = 0x0
Apr 20 17:30:24 witherspoon flash_bios.exe[1044]: Setting up flash
Apr 20 17:30:24 witherspoon flash_bios.exe[1044]: Starting flasher: bios,,/org/openbmc/control/flash/bios,
Apr 20 17:30:24 witherspoon flash_bios.exe[1044]: flasher: , BMC = 1, address = 0x0
Apr 20 17:30:24 witherspoon flash_bios.exe[1044]: Setting up flash
Apr 20 17:30:30 witherspoon system_manager.py[1028]: Running System State: BASE_APPS
Apr 20 17:30:30 witherspoon system_manager.py[1028]: SystemManager Init Done
Apr 20 17:30:30 witherspoon systemd[1]: Started Phoshpor System Manager.
Apr 20 17:30:30 witherspoon system_manager.py[1028]: Running SystemManager
Apr 20 17:30:30 witherspoon system_manager.py[1028]: SystemManager Goto System State: BMC_STARTING
Apr 20 17:30:30 witherspoon system_manager.py[1028]: Running System State: BMC_STARTING
Apr 20 17:30:31 witherspoon settings_manager.py[1019]: Running HostSettingsService
Apr 20 17:30:31 witherspoon systemd[1]: Started Phosphor Settings Manager.
Apr 20 17:30:31 witherspoon systemd[1]: Starting Wait for /org/openbmc/settings/host0...
Apr 20 17:30:31 witherspoon hwmon.py[1040]: Starting HWMON sensors
Apr 20 17:30:32 witherspoon bmc_update.py[1049]: Running Bmc Flash Control
Apr 20 17:30:32 witherspoon systemd[1]: Started Phosphor BMC Code Update.
Apr 20 17:30:32 witherspoon systemd[1]: Started Wait for /org/openbmc/managers/System.
Apr 20 17:30:32 witherspoon systemd[1]: Starting Phosphor Reset Button0...
Apr 20 17:30:32 witherspoon systemd[1]: Starting Phosphor Host State Manager...
Apr 20 17:30:32 witherspoon systemd[1]: Starting Phosphor Power Button0...
Apr 20 17:30:32 witherspoon systemd[1]: Starting Phosphor Chassis State Manager...
Apr 20 17:30:32 witherspoon systemd[1]: Starting Phosphor BMC State Manager...
Apr 20 17:30:33 witherspoon systemd[1]: Starting Phosphor Power0 Control...
Apr 20 17:30:34 witherspoon systemd[1]: Started Wait for /org/openbmc/settings/host0.
Apr 20 17:30:34 witherspoon phosphor-chassis-state-manager[1075]: Initial Chassis State will be Off
Apr 20 17:30:34 witherspoon systemd[1]: Started Phosphor Chassis State Manager.
Apr 20 17:30:34 witherspoon systemd[1]: Started Phosphor Inband IPMI.
Apr 20 17:30:35 witherspoon phosphor-host-state-manager[1073]: Initial Host State will be Off
Apr 20 17:30:35 witherspoon systemd[1]: Started Phosphor Host State Manager.
Apr 20 17:30:35 witherspoon button_power.exe[1074]: GPIO Lookup:  POWER_BUTTON = 347,both
Apr 20 17:30:35 witherspoon systemd[1]: Started Phosphor Power Button0.
Apr 20 17:30:35 witherspoon phosphor-bmc-state-manager[1076]: Setting the BMCState field
Apr 20 17:30:35 witherspoon phosphor-bmc-state-manager[1076]: Setting the BMCState field
Apr 20 17:30:35 witherspoon system_manager.py[1028]: New object: /org/openbmc/control/power0 (:1.66)
Apr 20 17:30:36 witherspoon systemd[1]: Started Phosphor BMC State Manager.
Apr 20 17:30:36 witherspoon system_manager.py[1028]: Power GPIO config: ['SYS_PWROK_BUFF', '', [('SOFTWARE_PGOOD', True), ('BMC_POWER_UP', True)], [('BMC_CP0_RESET_N', False)], [], 'FSI_DATA', 'FSI_CLK', 'FSI_ENABLE', 'CRONUS_SEL', []]
Apr 20 17:30:36 witherspoon power_control.exe[1077]: Power GPIO latch output:
Apr 20 17:30:36 witherspoon power_control.exe[1077]: Power GPIO power good input: SYS_PWROK_BUFF
Apr 20 17:30:36 witherspoon power_control.exe[1077]: Power GPIO 2 power_up outputs
Apr 20 17:30:36 witherspoon power_control.exe[1077]: Power GPIO power_up[0] = SOFTWARE_PGOOD active HIGH
Apr 20 17:30:36 witherspoon power_control.exe[1077]: Power GPIO power_up[1] = BMC_POWER_UP active HIGH
Apr 20 17:30:36 witherspoon power_control.exe[1077]: Power GPIO 1 reset outputs
Apr 20 17:30:36 witherspoon power_control.exe[1077]: Power GPIO reset[0] = BMC_CP0_RESET_N active LOW
Apr 20 17:30:36 witherspoon power_control.exe[1077]: Power GPIO 0 pci reset outputs
Apr 20 17:30:36 witherspoon power_control.exe[1077]: FSI DATA GPIO: FSI_DATA
Apr 20 17:30:36 witherspoon power_control.exe[1077]: FSI CLK GPIO: FSI_CLK
Apr 20 17:30:36 witherspoon power_control.exe[1077]: FSI ENABLE GPIO: FSI_ENABLE
Apr 20 17:30:36 witherspoon power_control.exe[1077]: CRONUS SEL GPIO: CRONUS_SEL
Apr 20 17:30:36 witherspoon power_control.exe[1077]: Hostctl GPIO optionals: 0
Apr 20 17:30:36 witherspoon button_reset.exe[1072]: GPIO Lookup:  RESET_BUTTON = 353,both
Apr 20 17:30:36 witherspoon power_control.exe[1077]: GPIO Lookup:  SYS_PWROK_BUFF = 306,in
Apr 20 17:30:36 witherspoon systemd[1]: Started Phosphor Reset Button0.
Apr 20 17:30:37 witherspoon power_control.exe[1077]: GPIO Lookup:  SOFTWARE_PGOOD = 417,out
Apr 20 17:30:37 witherspoon power_control.exe[1077]: GPIO Lookup:  BMC_POWER_UP = 305,out
Apr 20 17:30:37 witherspoon power_control.exe[1077]: GPIO Lookup:  BMC_CP0_RESET_N = 281,out
Apr 20 17:30:37 witherspoon power_control.exe[1077]: Pgood state: 0
Apr 20 17:30:37 witherspoon systemd[1]: Started Phosphor Power0 Control.
Apr 20 17:30:42 witherspoon systemd[1]: Started Wait for /xyz/openbmc_project/state/host0.
Apr 20 17:30:42 witherspoon systemd[1]: Started Wait for /xyz/openbmc_project/state/chassis0.
Apr 20 17:30:42 witherspoon systemd[1]: Starting Reboot If Enabled...
Apr 20 17:30:43 witherspoon systemd[1]: Started Wait for /xyz/openbmc_project/control/host0.
Apr 20 17:30:44 witherspoon system_manager.py[1028]: SystemManager Goto System State: BMC_READY
Apr 20 17:30:44 witherspoon system_manager.py[1028]: Running System State: BMC_READY
Apr 20 17:30:44 witherspoon systemd[1]: Started Wait for /org/openbmc/control/power0.
Apr 20 17:30:44 witherspoon systemd[1]: Starting Phosphor Time Manager daemon...
Apr 20 17:30:44 witherspoon systemd[1]: Starting Check Chassis0 pgood and create a file to indicate it...
Apr 20 17:30:44 witherspoon phosphor-discover-system-state[1103]: Host power is off, checking power policy
Apr 20 17:30:44 witherspoon systemd[1]: Started Reboot If Enabled.
Apr 20 17:30:45 witherspoon avahi-daemon[967]: Withdrawing address record for 9.41.166.169 on eth0.
Apr 20 17:30:45 witherspoon avahi-daemon[967]: Host name conflict, retrying with witherspoon-2
Apr 20 17:30:45 witherspoon avahi-daemon[967]: Registering new address record for fe80::72e2:84ff:fe14:2420 on eth0.*.
Apr 20 17:30:45 witherspoon avahi-daemon[967]: Registering new address record for 9.41.166.169 on eth0.IPv4.
Apr 20 17:30:45 witherspoon systemd[1]: Started Check Chassis0 pgood and create a file to indicate it.
Apr 20 17:30:45 witherspoon systemd[1]: Reached target Chassis0 power on after reset.
Apr 20 17:30:45 witherspoon systemd[1]: Reached target Chassis0 (Reset Check).
Apr 20 17:30:45 witherspoon systemd[1]: Reached target Host0 running after reset.
Apr 20 17:30:45 witherspoon timemanager[1106]: Registering dbus methods
Apr 20 17:30:45 witherspoon timemanager[1106]: Last known time_mode: NTP
Apr 20 17:30:45 witherspoon timemanager[1106]: Last known time_owner: BMC
Apr 20 17:30:45 witherspoon timemanager[1106]: Empty DhcpNtp string
Apr 20 17:30:45 witherspoon timemanager[1106]: Reading Power Control key: pgood
Apr 20 17:30:45 witherspoon timemanager[1106]: Changing settings *allowed* now
Apr 20 17:30:45 witherspoon timemanager[1106]: Getting System Settings: time_mode
Apr 20 17:30:45 witherspoon timemanager[1106]: Requested_Mode: NTP Current_Mode: NTP
Apr 20 17:30:45 witherspoon timemanager[1106]: Mode is already set to : NTP
Apr 20 17:30:45 witherspoon timemanager[1106]: Getting System Settings: time_owner
Apr 20 17:30:45 witherspoon timemanager[1106]: Owner is already set to : BMC
Apr 20 17:30:45 witherspoon timemanager[1106]: Getting System Settings: use_dhcp_ntp
Apr 20 17:30:45 witherspoon timemanager[1106]: use_dhcp_ntp = yes
Apr 20 17:30:45 witherspoon timemanager[1106]: Last known host_offset:0
Apr 20 17:30:45 witherspoon timemanager[1106]: Initial Uptime Usec: 1492709344242893
Apr 20 17:30:45 witherspoon avahi-daemon[967]: Withdrawing address record for 9.41.166.169 on eth0.
Apr 20 17:30:45 witherspoon systemd[1]: Reached target Host0 (Reset Check).
Apr 20 17:30:45 witherspoon avahi-daemon[967]: Host name conflict, retrying with witherspoon-3
Apr 20 17:30:45 witherspoon systemd[1]: Started Phosphor Time Manager daemon.
Apr 20 17:30:45 witherspoon avahi-daemon[967]: Registering new address record for fe80::72e2:84ff:fe14:2420 on eth0.*.
Apr 20 17:30:45 witherspoon systemd[1]: Reached target Phosphor System - Standby.
Apr 20 17:30:45 witherspoon avahi-daemon[967]: Registering new address record for 9.41.166.169 on eth0.IPv4.
Apr 20 17:30:45 witherspoon systemd[1]: Startup finished in 13.528s (kernel) + 1min 27.942s (userspace) = 1min 41.470s.
Apr 20 17:30:45 witherspoon phosphor-bmc-state-manager[1076]: BMC_READY
Apr 20 17:30:45 witherspoon phosphor-bmc-state-manager[1076]: Setting the BMCState field
Apr 20 17:30:46 witherspoon avahi-daemon[967]: Withdrawing address record for 9.41.166.169 on eth0.
Apr 20 17:30:46 witherspoon avahi-daemon[967]: Host name conflict, retrying with witherspoon-4
Apr 20 17:30:46 witherspoon avahi-daemon[967]: Registering new address record for fe80::72e2:84ff:fe14:2420 on eth0.*.
Apr 20 17:30:46 witherspoon avahi-daemon[967]: Registering new address record for 9.41.166.169 on eth0.IPv4.
Apr 20 17:30:47 witherspoon avahi-daemon[967]: Withdrawing address record for 9.41.166.169 on eth0.
Apr 20 17:30:47 witherspoon avahi-daemon[967]: Host name conflict, retrying with witherspoon-5
Apr 20 17:30:47 witherspoon avahi-daemon[967]: Registering new address record for fe80::72e2:84ff:fe14:2420 on eth0.*.
Apr 20 17:30:47 witherspoon avahi-daemon[967]: Registering new address record for 9.41.166.169 on eth0.IPv4.
Apr 20 17:30:48 witherspoon avahi-daemon[967]: Withdrawing address record for 9.41.166.169 on eth0.
Apr 20 17:30:48 witherspoon avahi-daemon[967]: Host name conflict, retrying with witherspoon-6
Apr 20 17:30:48 witherspoon avahi-daemon[967]: Registering new address record for fe80::72e2:84ff:fe14:2420 on eth0.*.
Apr 20 17:30:48 witherspoon avahi-daemon[967]: Registering new address record for 9.41.166.169 on eth0.IPv4.
Apr 20 17:30:49 witherspoon avahi-daemon[967]: Withdrawing address record for 9.41.166.169 on eth0.
Apr 20 17:30:49 witherspoon avahi-daemon[967]: Host name conflict, retrying with witherspoon-7
Apr 20 17:30:49 witherspoon avahi-daemon[967]: Registering new address record for fe80::72e2:84ff:fe14:2420 on eth0.*.
Apr 20 17:30:49 witherspoon avahi-daemon[967]: Registering new address record for 9.41.166.169 on eth0.IPv4.
Apr 20 17:30:50 witherspoon phosphor-gevent[1036]: Traceback (most recent call last):
Apr 20 17:30:50 witherspoon phosphor-gevent[1036]:   File "/usr/lib/python2.7/site-packages/gevent/greenlet.py", line 327, in run
Apr 20 17:30:50 witherspoon phosphor-gevent[1036]:     result = self._run(*self.args, **self.kwargs)
Apr 20 17:30:50 witherspoon phosphor-gevent[1036]:   File "/usr/lib/python2.7/site-packages/gevent/server.py", line 102, in wrap_socket_and_handle
Apr 20 17:30:50 witherspoon phosphor-gevent[1036]:     ssl_socket = self.wrap_socket(client_socket, **self.ssl_args)
Apr 20 17:30:50 witherspoon phosphor-gevent[1036]:   File "/usr/lib/python2.7/site-packages/gevent/ssl.py", line 404, in wrap_socket
Apr 20 17:30:50 witherspoon phosphor-gevent[1036]:     ciphers=ciphers)
Apr 20 17:30:50 witherspoon phosphor-gevent[1036]:   File "/usr/lib/python2.7/site-packages/gevent/ssl.py", line 113, in __init__
Apr 20 17:30:50 witherspoon phosphor-gevent[1036]:     self.do_handshake()
Apr 20 17:30:50 witherspoon phosphor-gevent[1036]:   File "/usr/lib/python2.7/site-packages/gevent/ssl.py", line 324, in do_handshake
Apr 20 17:30:50 witherspoon phosphor-gevent[1036]:     return self._sslobj.do_handshake()
Apr 20 17:30:50 witherspoon phosphor-gevent[1036]: SSLEOFError: EOF occurred in violation of protocol (_ssl.c:590)
Apr 20 17:30:50 witherspoon phosphor-gevent[1036]: <Greenlet at 0x75fe23f0: <bound method WSGIServer.wrap_socket_and_handle of <WSGIServer at 0x75fb8b50 fileno=5 address=('::34c2:ec76:b09d:6276%1986174368', 443, 0, 1986174368)>>(<socket at 0x75e8f830 fileno=9>, ('::80a9:6076:8e91:f402%1995156252', 60230, 0, 199)> failed with SSLEOFError
Apr 20 17:30:50 witherspoon avahi-daemon[967]: Withdrawing address record for 9.41.166.169 on eth0.
Apr 20 17:30:50 witherspoon avahi-daemon[967]: Host name conflict, retrying with witherspoon-8
Apr 20 17:30:50 witherspoon avahi-daemon[967]: Registering new address record for fe80::72e2:84ff:fe14:2420 on eth0.*.
Apr 20 17:30:50 witherspoon avahi-daemon[967]: Registering new address record for 9.41.166.169 on eth0.IPv4.
Apr 20 17:30:50 witherspoon phosphor-gevent[1036]: ::80a9:6076:8e91:f402%1995156252 - - [2017-04-20 17:30:50] "POST /login HTTP/1.1" 200 320 0.073942
Apr 20 17:30:50 witherspoon systemd[1]: Created slice system-dropbear.slice.
Apr 20 17:30:50 witherspoon systemd[1]: Started SSH Per-Connection Server (9.41.165.94:44124).
Apr 20 17:30:51 witherspoon dropbear[1121]: Failed loading /etc/dropbear/dropbear_dss_host_key
Apr 20 17:30:51 witherspoon dropbear[1121]: Failed loading /etc/dropbear/dropbear_ecdsa_host_key
Apr 20 17:30:51 witherspoon dropbear[1121]: Child connection from ::ffff:9.41.165.94:44124
Apr 20 17:30:51 witherspoon avahi-daemon[967]: Withdrawing address record for 9.41.166.169 on eth0.
Apr 20 17:30:51 witherspoon avahi-daemon[967]: Host name conflict, retrying with witherspoon-9
Apr 20 17:30:51 witherspoon avahi-daemon[967]: Registering new address record for fe80::72e2:84ff:fe14:2420 on eth0.*.
Apr 20 17:30:51 witherspoon avahi-daemon[967]: Registering new address record for 9.41.166.169 on eth0.IPv4.
Apr 20 17:30:51 witherspoon dropbear[1121]: pam_unix(dropbear:account): account root has password changed in future
Apr 20 17:30:51 witherspoon dropbear[1121]: PAM password auth succeeded for 'root' from ::ffff:9.41.165.94:44124
Apr 20 17:30:51 witherspoon dropbear[1122]: lastlog_perform_login: Couldn't stat /var/log/lastlog: No such file or directory
Apr 20 17:30:51 witherspoon dropbear[1122]: lastlog_openseek: /var/log/lastlog is not a file or directory!
Apr 20 17:30:52 witherspoon avahi-daemon[967]: Withdrawing address record for 9.41.166.169 on eth0.
Apr 20 17:30:52 witherspoon avahi-daemon[967]: Host name conflict, retrying with witherspoon-10
Apr 20 17:30:52 witherspoon avahi-daemon[967]: Registering new address record for fe80::72e2:84ff:fe14:2420 on eth0.*.
Apr 20 17:30:52 witherspoon avahi-daemon[967]: Registering new address record for 9.41.166.169 on eth0.IPv4.
Apr 20 17:30:53 witherspoon systemd[1]: Started SSH Per-Connection Server (9.41.165.94:44126).
Apr 20 17:30:53 witherspoon dropbear[1126]: Failed loading /etc/dropbear/dropbear_dss_host_key
Apr 20 17:30:53 witherspoon dropbear[1126]: Failed loading /etc/dropbear/dropbear_ecdsa_host_key
Apr 20 17:30:53 witherspoon dropbear[1126]: Child connection from ::ffff:9.41.165.94:44126
Apr 20 17:30:53 witherspoon avahi-daemon[967]: Withdrawing address record for 9.41.166.169 on eth0.
Apr 20 17:30:53 witherspoon avahi-daemon[967]: Host name conflict, retrying with witherspoon-11
Apr 20 17:30:53 witherspoon avahi-daemon[967]: Registering new address record for fe80::72e2:84ff:fe14:2420 on eth0.*.
Apr 20 17:30:53 witherspoon avahi-daemon[967]: Registering new address record for 9.41.166.169 on eth0.IPv4.
Apr 20 17:30:54 witherspoon dropbear[1126]: pam_unix(dropbear:account): account root has password changed in future
Apr 20 17:30:54 witherspoon dropbear[1126]: PAM password auth succeeded for 'root' from ::ffff:9.41.165.94:44126
Apr 20 17:30:54 witherspoon dropbear[1127]: lastlog_perform_login: Couldn't stat /var/log/lastlog: No such file or directory
Apr 20 17:30:54 witherspoon dropbear[1127]: lastlog_openseek: /var/log/lastlog is not a file or directory!
Apr 20 17:30:54 witherspoon avahi-daemon[967]: Withdrawing address record for 9.41.166.169 on eth0.
Apr 20 17:30:54 witherspoon avahi-daemon[967]: Host name conflict, retrying with witherspoon-12
Apr 20 17:30:54 witherspoon avahi-daemon[967]: Registering new address record for fe80::72e2:84ff:fe14:2420 on eth0.*.
Apr 20 17:30:54 witherspoon avahi-daemon[967]: Registering new address record for 9.41.166.169 on eth0.IPv4.
Apr 20 17:30:55 witherspoon phosphor-gevent[1036]: ::80a9:6076:8e91:f402%1995156252 - - [2017-04-20 17:30:55] "POST /login HTTP/1.1" 200 320 0.040803
Apr 20 17:30:55 witherspoon phosphor-gevent[1036]: ::80a9:6076:8e91:f402%1995156252 - - [2017-04-20 17:30:55] "GET /xyz/openbmc_project/state/BMC0/ HTTP/1.1" 404 308 0.040596
Apr 20 17:30:55 witherspoon phosphor-gevent[1036]: ::80a9:6076:8e91:f402%1995156252 - - [2017-04-20 17:30:55] "POST /login HTTP/1.1" 200 320 0.033430
Apr 20 17:30:55 witherspoon phosphor-gevent[1036]: ::80a9:6076:8e91:f402%1995156252 - - [2017-04-20 17:30:55] "GET /xyz/openbmc_project/state/bmc0//attr/CurrentBMCState HTTP/1.1" 200 212 0.064232
Apr 20 17:30:55 witherspoon avahi-daemon[967]: Withdrawing address record for 9.41.166.169 on eth0.
Apr 20 17:30:55 witherspoon avahi-daemon[967]: Host name conflict, retrying with witherspoon-13
Apr 20 17:30:55 witherspoon avahi-daemon[967]: Registering new address record for fe80::72e2:84ff:fe14:2420 on eth0.*.
Apr 20 17:30:55 witherspoon avahi-daemon[967]: Registering new address record for 9.41.166.169 on eth0.IPv4.
Apr 20 17:30:56 witherspoon phosphor-gevent[1036]: ::80a9:6076:8e91:f402%1995156252 - - [2017-04-20 17:30:56] "POST /login HTTP/1.1" 200 320 0.033127
Apr 20 17:30:56 witherspoon phosphor-gevent[1036]: ::80a9:6076:8e91:f402%1995156252 - - [2017-04-20 17:30:56] "PUT /org/openbmc/control/flash/bmc/attr/preserve_network_settings HTTP/1.1" 200 169 0.237423
Apr 20 17:30:56 witherspoon phosphor-gevent[1036]: ::80a9:6076:8e91:f402%1995156252 - - [2017-04-20 17:30:56] "POST /login HTTP/1.1" 200 320 0.043430
Apr 20 17:30:56 witherspoon phosphor-gevent[1036]: ::80a9:6076:8e91:f402%1995156252 - - [2017-04-20 17:30:56] "GET /org/openbmc/control/flash/bmc HTTP/1.1" 200 307 0.085951
Apr 20 17:30:57 witherspoon phosphor-gevent[1036]: ::80a9:6076:8e91:f402%1995156252 - - [2017-04-20 17:30:57] "POST /login HTTP/1.1" 200 320 0.049703
Apr 20 17:30:57 witherspoon phosphor-gevent[1036]: ::80a9:6076:8e91:f402%1995156252 - - [2017-04-20 17:30:57] "GET /xyz/openbmc_project/state/host0//attr/CurrentHostState HTTP/1.1" 200 212 0.149810
Apr 20 17:30:57 witherspoon avahi-daemon[967]: Server startup complete. Host name is witherspoon-13.local. Local service cookie is 1424513054.
Apr 20 17:30:57 witherspoon avahi-daemon[967]: Service name conflict for "sftp" (/services/sftp.service), retrying with "sftp #2".
Apr 20 17:30:57 witherspoon avahi-daemon[967]: Service name conflict for "obmc_console" (/services/obmc_console.service), retrying with "obmc_console #2".
Apr 20 17:30:57 witherspoon avahi-daemon[967]: Service name conflict for "phosphor_rest" (/services/phosphor_rest.service), retrying with "phosphor_rest #2".
Apr 20 17:30:58 witherspoon avahi-daemon[967]: Service "witherspoon-13" (/services/ssh.service) successfully established.
Apr 20 17:30:58 witherspoon avahi-daemon[967]: Service "witherspoon-13" (/services/sftp-ssh.service) successfully established.
Apr 20 17:30:58 witherspoon avahi-daemon[967]: Service name conflict for "phosphor_rest" (/services/phosphor_rest.service), retrying with "phosphor_rest #3".
Apr 20 17:30:58 witherspoon avahi-daemon[967]: Service name conflict for "sftp" (/services/sftp.service), retrying with "sftp #3".
Apr 20 17:30:58 witherspoon avahi-daemon[967]: Service name conflict for "obmc_console" (/services/obmc_console.service), retrying with "obmc_console #3".
Apr 20 17:30:59 witherspoon avahi-daemon[967]: Service name conflict for "phosphor_rest" (/services/phosphor_rest.service), retrying with "phosphor_rest #4".
Apr 20 17:30:59 witherspoon avahi-daemon[967]: Service name conflict for "sftp" (/services/sftp.service), retrying with "sftp #4".
Apr 20 17:30:59 witherspoon avahi-daemon[967]: Service name conflict for "obmc_console" (/services/obmc_console.service), retrying with "obmc_console #4".
Apr 20 17:31:00 witherspoon systemd[1]: Started SSH Per-Connection Server (9.41.165.94:44140).
Apr 20 17:31:00 witherspoon dropbear[1133]: Failed loading /etc/dropbear/dropbear_dss_host_key
Apr 20 17:31:00 witherspoon dropbear[1133]: Failed loading /etc/dropbear/dropbear_ecdsa_host_key
Apr 20 17:31:00 witherspoon dropbear[1133]: Child connection from ::ffff:9.41.165.94:44140
Apr 20 17:31:00 witherspoon avahi-daemon[967]: Service name conflict for "phosphor_rest" (/services/phosphor_rest.service), retrying with "phosphor_rest #5".
Apr 20 17:31:00 witherspoon avahi-daemon[967]: Service name conflict for "sftp" (/services/sftp.service), retrying with "sftp #5".
Apr 20 17:31:00 witherspoon avahi-daemon[967]: Service name conflict for "obmc_console" (/services/obmc_console.service), retrying with "obmc_console #5".
Apr 20 17:31:01 witherspoon dropbear[1133]: pam_unix(dropbear:account): account root has password changed in future
Apr 20 17:31:01 witherspoon dropbear[1133]: PAM password auth succeeded for 'root' from ::ffff:9.41.165.94:44140
Apr 20 17:31:01 witherspoon dropbear[1134]: lastlog_perform_login: Couldn't stat /var/log/lastlog: No such file or directory
Apr 20 17:31:01 witherspoon dropbear[1134]: lastlog_openseek: /var/log/lastlog is not a file or directory!
Apr 20 17:31:01 witherspoon avahi-daemon[967]: Service name conflict for "phosphor_rest" (/services/phosphor_rest.service), retrying with "phosphor_rest #6".
Apr 20 17:31:01 witherspoon avahi-daemon[967]: Service name conflict for "sftp" (/services/sftp.service), retrying with "sftp #6".
Apr 20 17:31:01 witherspoon avahi-daemon[967]: Service name conflict for "obmc_console" (/services/obmc_console.service), retrying with "obmc_console #6".
Apr 20 17:31:02 witherspoon systemd[1]: Started SSH Per-Connection Server (9.41.165.94:44142).
Apr 20 17:31:02 witherspoon dropbear[1140]: Failed loading /etc/dropbear/dropbear_dss_host_key
Apr 20 17:31:02 witherspoon dropbear[1140]: Failed loading /etc/dropbear/dropbear_ecdsa_host_key
Apr 20 17:31:02 witherspoon dropbear[1140]: Child connection from ::ffff:9.41.165.94:44142
Apr 20 17:31:03 witherspoon avahi-daemon[967]: Service name conflict for "phosphor_rest" (/services/phosphor_rest.service), retrying with "phosphor_rest #7".
Apr 20 17:31:03 witherspoon avahi-daemon[967]: Service name conflict for "sftp" (/services/sftp.service), retrying with "sftp #7".
Apr 20 17:31:03 witherspoon avahi-daemon[967]: Service name conflict for "obmc_console" (/services/obmc_console.service), retrying with "obmc_console #7".
Apr 20 17:31:03 witherspoon dropbear[1140]: pam_unix(dropbear:account): account root has password changed in future
Apr 20 17:31:03 witherspoon dropbear[1140]: PAM password auth succeeded for 'root' from ::ffff:9.41.165.94:44142
Apr 20 17:31:03 witherspoon dropbear[1141]: lastlog_perform_login: Couldn't stat /var/log/lastlog: No such file or directory
Apr 20 17:31:03 witherspoon dropbear[1141]: lastlog_openseek: /var/log/lastlog is not a file or directory!
Apr 20 17:31:03 witherspoon avahi-daemon[967]: Service name conflict for "phosphor_rest" (/services/phosphor_rest.service), retrying with "phosphor_rest #8".
Apr 20 17:31:03 witherspoon avahi-daemon[967]: Service name conflict for "obmc_console" (/services/obmc_console.service), retrying with "obmc_console #8".
Apr 20 17:31:03 witherspoon avahi-daemon[967]: Service name conflict for "sftp" (/services/sftp.service), retrying with "sftp #8".
Apr 20 17:31:04 witherspoon avahi-daemon[967]: Service name conflict for "phosphor_rest" (/services/phosphor_rest.service), retrying with "phosphor_rest #9".
Apr 20 17:31:04 witherspoon avahi-daemon[967]: Service name conflict for "sftp" (/services/sftp.service), retrying with "sftp #9".
Apr 20 17:31:04 witherspoon avahi-daemon[967]: Service name conflict for "obmc_console" (/services/obmc_console.service), retrying with "obmc_console #9".
Apr 20 17:31:05 witherspoon avahi-daemon[967]: Service name conflict for "phosphor_rest" (/services/phosphor_rest.service), retrying with "phosphor_rest #10".
Apr 20 17:31:05 witherspoon avahi-daemon[967]: Service name conflict for "obmc_console" (/services/obmc_console.service), retrying with "obmc_console #10".
Apr 20 17:31:05 witherspoon avahi-daemon[967]: Service name conflict for "sftp" (/services/sftp.service), retrying with "sftp #10".
Apr 20 17:31:06 witherspoon systemd[1]: Started SSH Per-Connection Server (9.41.165.94:44144).
Apr 20 17:31:06 witherspoon dropbear[1150]: Failed loading /etc/dropbear/dropbear_dss_host_key
Apr 20 17:31:06 witherspoon dropbear[1150]: Failed loading /etc/dropbear/dropbear_ecdsa_host_key
Apr 20 17:31:06 witherspoon dropbear[1150]: Child connection from ::ffff:9.41.165.94:44144
Apr 20 17:31:07 witherspoon avahi-daemon[967]: Service name conflict for "phosphor_rest" (/services/phosphor_rest.service), retrying with "phosphor_rest #11".
Apr 20 17:31:07 witherspoon avahi-daemon[967]: Service name conflict for "sftp" (/services/sftp.service), retrying with "sftp #11".
Apr 20 17:31:07 witherspoon avahi-daemon[967]: Service name conflict for "obmc_console" (/services/obmc_console.service), retrying with "obmc_console #11".
Apr 20 17:31:07 witherspoon dropbear[1150]: pam_unix(dropbear:account): account root has password changed in future
Apr 20 17:31:07 witherspoon dropbear[1150]: PAM password auth succeeded for 'root' from ::ffff:9.41.165.94:44144
Apr 20 17:31:07 witherspoon dropbear[1151]: lastlog_perform_login: Couldn't stat /var/log/lastlog: No such file or directory
Apr 20 17:31:07 witherspoon dropbear[1151]: lastlog_openseek: /var/log/lastlog is not a file or directory!
Apr 20 17:31:08 witherspoon avahi-daemon[967]: Service name conflict for "sftp" (/services/sftp.service), retrying with "sftp #12".
Apr 20 17:31:08 witherspoon avahi-daemon[967]: Service name conflict for "phosphor_rest" (/services/phosphor_rest.service), retrying with "phosphor_rest #12".
Apr 20 17:31:08 witherspoon avahi-daemon[967]: Service name conflict for "obmc_console" (/services/obmc_console.service), retrying with "obmc_console #12".
Apr 20 17:31:08 witherspoon phosphor-gevent[1036]: ::80a9:6076:8e91:f402%1995156252 - - [2017-04-20 17:31:08] "POST /login HTTP/1.1" 200 320 0.041472
Apr 20 17:31:08 witherspoon phosphor-gevent[1036]: ::80a9:6076:8e91:f402%1995156252 - - [2017-04-20 17:31:08] "GET /xyz/openbmc_project/logging/entry/enumerate HTTP/1.1" 404 311 0.030056
Apr 20 17:31:09 witherspoon avahi-daemon[967]: Service name conflict for "obmc_console" (/services/obmc_console.service), retrying with "obmc_console #13".
Apr 20 17:31:09 witherspoon avahi-daemon[967]: Service name conflict for "sftp" (/services/sftp.service), retrying with "sftp #13".
Apr 20 17:31:09 witherspoon avahi-daemon[967]: Service name conflict for "phosphor_rest" (/services/phosphor_rest.service), retrying with "phosphor_rest #13".
Apr 20 17:31:09 witherspoon phosphor-gevent[1036]: ::80a9:6076:8e91:f402%1995156252 - - [2017-04-20 17:31:09] "POST /login HTTP/1.1" 200 320 0.067585
Apr 20 17:31:09 witherspoon phosphor-gevent[1036]: ::80a9:6076:8e91:f402%1995156252 - - [2017-04-20 17:31:09] "GET /org/openbmc/sensors/enumerate HTTP/1.1" 200 1236 0.231734
Apr 20 17:31:09 witherspoon phosphor-gevent[1036]: ::80a9:6076:8e91:f402%1995156252 - - [2017-04-20 17:31:09] "POST /login HTTP/1.1" 200 320 0.059814
Apr 20 17:31:09 witherspoon phosphor-gevent[1036]: ::80a9:6076:8e91:f402%1995156252 - - [2017-04-20 17:31:09] "GET /xyz/openbmc_project/inventory/enumerate HTTP/1.1" 200 810 0.169187
Apr 20 17:31:10 witherspoon avahi-daemon[967]: Service name conflict for "phosphor_rest" (/services/phosphor_rest.service), retrying with "phosphor_rest #14".
Apr 20 17:31:10 witherspoon avahi-daemon[967]: Service name conflict for "obmc_console" (/services/obmc_console.service), retrying with "obmc_console #14".
Apr 20 17:31:10 witherspoon avahi-daemon[967]: Service name conflict for "sftp" (/services/sftp.service), retrying with "sftp #14".
Apr 20 17:31:10 witherspoon phosphor-gevent[1036]: ::80a9:6076:8e91:f402%1995156252 - - [2017-04-20 17:31:10] "POST /login HTTP/1.1" 200 320 0.042721
Apr 20 17:31:10 witherspoon phosphor-gevent[1036]: ::80a9:6076:8e91:f402%1995156252 - - [2017-04-20 17:31:10] "GET /org/openbmc/records/events/enumerate HTTP/1.1" 404 304 0.029198
Apr 20 17:31:10 witherspoon phosphor-gevent[1036]: ::80a9:6076:8e91:f402%1995156252 - - [2017-04-20 17:31:10] "POST /login HTTP/1.1" 200 320 0.032914
Apr 20 17:31:10 witherspoon phosphor-gevent[1036]: ::80a9:6076:8e91:f402%1995156252 - - [2017-04-20 17:31:10] "GET /org/openbmc/control/led/enumerate HTTP/1.1" 404 301 0.030462
Apr 20 17:31:10 witherspoon systemd[1]: Started SSH Per-Connection Server (9.41.165.94:44156).
Apr 20 17:31:10 witherspoon dropbear[1154]: Failed loading /etc/dropbear/dropbear_dss_host_key
Apr 20 17:31:10 witherspoon dropbear[1154]: Failed loading /etc/dropbear/dropbear_ecdsa_host_key
Apr 20 17:31:10 witherspoon dropbear[1154]: Child connection from ::ffff:9.41.165.94:44156
Apr 20 17:31:11 witherspoon avahi-daemon[967]: Service name conflict for "phosphor_rest" (/services/phosphor_rest.service), retrying with "phosphor_rest #15".
Apr 20 17:31:11 witherspoon avahi-daemon[967]: Service name conflict for "sftp" (/services/sftp.service), retrying with "sftp #15".
Apr 20 17:31:11 witherspoon avahi-daemon[967]: Service name conflict for "obmc_console" (/services/obmc_console.service), retrying with "obmc_console #15".
Apr 20 17:31:11 witherspoon dropbear[1154]: pam_unix(dropbear:account): account root has password changed in future
Apr 20 17:31:11 witherspoon dropbear[1154]: PAM password auth succeeded for 'root' from ::ffff:9.41.165.94:44156
Apr 20 17:31:11 witherspoon dropbear[1155]: lastlog_perform_login: Couldn't stat /var/log/lastlog: No such file or directory
Apr 20 17:31:11 witherspoon dropbear[1155]: lastlog_openseek: /var/log/lastlog is not a file or directory!
Apr 20 17:31:12 witherspoon systemd[1]: Started SSH Per-Connection Server (9.41.165.94:44158).
Apr 20 17:31:12 witherspoon dropbear[1159]: Failed loading /etc/dropbear/dropbear_dss_host_key
Apr 20 17:31:12 witherspoon dropbear[1159]: Failed loading /etc/dropbear/dropbear_ecdsa_host_key
Apr 20 17:31:12 witherspoon dropbear[1159]: Child connection from ::ffff:9.41.165.94:44158
Apr 20 17:31:13 witherspoon dropbear[1159]: pam_unix(dropbear:account): account root has password changed in future
Apr 20 17:31:13 witherspoon dropbear[1159]: PAM password auth succeeded for 'root' from ::ffff:9.41.165.94:44158
Apr 20 17:31:13 witherspoon systemd[1]: Started SSH Per-Connection Server (9.41.165.94:44160).
Apr 20 17:31:13 witherspoon dropbear[1160]: Failed loading /etc/dropbear/dropbear_dss_host_key
Apr 20 17:31:13 witherspoon dropbear[1160]: Failed loading /etc/dropbear/dropbear_ecdsa_host_key
Apr 20 17:31:13 witherspoon dropbear[1160]: Child connection from ::ffff:9.41.165.94:44160
Apr 20 17:31:13 witherspoon dropbear[1160]: pam_unix(dropbear:account): account root has password changed in future
Apr 20 17:31:13 witherspoon dropbear[1160]: PAM password auth succeeded for 'root' from ::ffff:9.41.165.94:44160
Apr 20 17:31:13 witherspoon dropbear[1161]: lastlog_perform_login: Couldn't stat /var/log/lastlog: No such file or directory
Apr 20 17:31:13 witherspoon dropbear[1161]: lastlog_openseek: /var/log/lastlog is not a file or directory!
