-- Logs begin at Tue 2017-07-25 17:31:58 UTC, end at Tue 2017-07-25 17:49:58 UTC. --
Jul 25 17:31:58 witherspoon kernel: Booting Linux on physical CPU 0x0
Jul 25 17:31:58 witherspoon kernel: Linux version 4.10.17-d6ae40dc4c4dff3265cc254d404ed6b03fcc2206 (jenkins@openbmc-builder1) (gcc version 6.2.0 (GCC) ) #1 Tue Jul 25 16:15:23 UTC 2017
Jul 25 17:31:58 witherspoon kernel: CPU: ARMv6-compatible processor [410fb767] revision 7 (ARMv7), cr=00c5387d
Jul 25 17:31:58 witherspoon kernel: CPU: PIPT / VIPT nonaliasing data cache, VIPT nonaliasing instruction cache
Jul 25 17:31:58 witherspoon kernel: OF: fdt:Machine model: Witherspoon BMC
Jul 25 17:31:58 witherspoon kernel: Memory policy: Data cache writeback
Jul 25 17:31:58 witherspoon kernel: SOC Rev: 04030303
Jul 25 17:31:58 witherspoon kernel: On node 0 totalpages: 110592
Jul 25 17:31:58 witherspoon kernel: free_area_init_node: node 0, pgdat 805fd514, node_mem_map 9ec1a000
Jul 25 17:31:58 witherspoon kernel:   Normal zone: 992 pages used for memmap
Jul 25 17:31:58 witherspoon kernel:   Normal zone: 0 pages reserved
Jul 25 17:31:58 witherspoon kernel:   Normal zone: 110592 pages, LIFO batch:31
Jul 25 17:31:58 witherspoon kernel: pcpu-alloc: s0 r0 d32768 u32768 alloc=1*32768
Jul 25 17:31:58 witherspoon kernel: pcpu-alloc: [0] 0 
Jul 25 17:31:58 witherspoon kernel: Built 1 zonelists in Zone order, mobility grouping on.  Total pages: 109600
Jul 25 17:31:58 witherspoon kernel: Kernel command line: console=ttyS4,115200n8 root=/dev/ram rw
Jul 25 17:31:58 witherspoon kernel: PID hash table entries: 2048 (order: 1, 8192 bytes)
Jul 25 17:31:58 witherspoon kernel: Dentry cache hash table entries: 65536 (order: 6, 262144 bytes)
Jul 25 17:31:58 witherspoon kernel: Inode-cache hash table entries: 32768 (order: 5, 131072 bytes)
Jul 25 17:31:58 witherspoon kernel: Memory: 430448K/442368K available (4063K kernel code, 280K rwdata, 1188K rodata, 284K init, 111K bss, 11920K reserved, 0K cma-reserved)
Jul 25 17:31:58 witherspoon kernel: Virtual kernel memory layout:
                                        vector  : 0xffff0000 - 0xffff1000   (   4 kB)
                                        fixmap  : 0xffc00000 - 0xfff00000   (3072 kB)
                                        vmalloc : 0x9f800000 - 0xff800000   (1536 MB)
                                        lowmem  : 0x80000000 - 0x9f000000   ( 496 MB)
                                          .text : 0x80008000 - 0x803fff60   (4064 kB)
                                          .init : 0x80583000 - 0x805ca000   ( 284 kB)
                                          .data : 0x805ca000 - 0x806102a8   ( 281 kB)
                                           .bss : 0x806102a8 - 0x8062c158   ( 112 kB)
Jul 25 17:31:58 witherspoon kernel: NR_IRQS:16 nr_irqs:16 16
Jul 25 17:31:58 witherspoon kernel: i2c controller registered, irq 16
Jul 25 17:31:58 witherspoon kernel: clocksource: moxart_timer: mask: 0xffffffff max_cycles: 0xffffffff, max_idle_ns: 77222644334 ns
Jul 25 17:31:58 witherspoon kernel: sched_clock: 32 bits at 100 Hz, resolution 10000000ns, wraps every 21474836475000000ns
Jul 25 17:31:58 witherspoon kernel: Calibrating delay loop... 789.70 BogoMIPS (lpj=3948544)
Jul 25 17:31:58 witherspoon kernel: pid_max: default: 32768 minimum: 301
Jul 25 17:31:58 witherspoon kernel: Mount-cache hash table entries: 1024 (order: 0, 4096 bytes)
Jul 25 17:31:58 witherspoon kernel: Mountpoint-cache hash table entries: 1024 (order: 0, 4096 bytes)
Jul 25 17:31:58 witherspoon kernel: CPU: Testing write buffer coherency: ok
Jul 25 17:31:58 witherspoon kernel: ftrace: allocating 14933 entries in 44 pages
Jul 25 17:31:58 witherspoon kernel: Setting up static identity map for 0x80008200 - 0x8000825c
Jul 25 17:31:58 witherspoon kernel: devtmpfs: initialized
Jul 25 17:31:58 witherspoon kernel: clocksource: jiffies: mask: 0xffffffff max_cycles: 0xffffffff, max_idle_ns: 19112604462750000 ns
Jul 25 17:31:58 witherspoon kernel: futex hash table entries: 256 (order: -1, 3072 bytes)
Jul 25 17:31:58 witherspoon kernel: pinctrl core: initialized pinctrl subsystem
Jul 25 17:31:58 witherspoon kernel: NET: Registered protocol family 16
Jul 25 17:31:58 witherspoon kernel: DMA: preallocated 256 KiB pool for atomic coherent allocations
Jul 25 17:31:58 witherspoon kernel: usbcore: registered new interface driver usbfs
Jul 25 17:31:58 witherspoon kernel: usbcore: registered new interface driver hub
Jul 25 17:31:58 witherspoon kernel: usbcore: registered new device driver usb
Jul 25 17:31:58 witherspoon kernel: clocksource: Switched to clocksource moxart_timer
Jul 25 17:31:58 witherspoon kernel: NET: Registered protocol family 2
Jul 25 17:31:58 witherspoon kernel: TCP established hash table entries: 4096 (order: 2, 16384 bytes)
Jul 25 17:31:58 witherspoon kernel: TCP bind hash table entries: 4096 (order: 2, 16384 bytes)
Jul 25 17:31:58 witherspoon kernel: TCP: Hash tables configured (established 4096 bind 4096)
Jul 25 17:31:58 witherspoon kernel: UDP hash table entries: 256 (order: 0, 4096 bytes)
Jul 25 17:31:58 witherspoon kernel: UDP-Lite hash table entries: 256 (order: 0, 4096 bytes)
Jul 25 17:31:58 witherspoon kernel: NET: Registered protocol family 1
Jul 25 17:31:58 witherspoon kernel: Trying to unpack rootfs image as initramfs...
Jul 25 17:31:58 witherspoon kernel: Freeing initrd memory: 1548K
Jul 25 17:31:58 witherspoon kernel: workingset: timestamp_bits=30 max_order=17 bucket_order=0
Jul 25 17:31:58 witherspoon kernel: squashfs: version 4.0 (2009/01/31) Phillip Lougher
Jul 25 17:31:58 witherspoon kernel: jffs2: version 2.2. (SUMMARY)  © 2001-2006 Red Hat, Inc.
Jul 25 17:31:58 witherspoon kernel: Block layer SCSI generic (bsg) driver version 0.4 loaded (major 250)
Jul 25 17:31:58 witherspoon kernel: io scheduler noop registered
Jul 25 17:31:58 witherspoon kernel: io scheduler deadline registered
Jul 25 17:31:58 witherspoon kernel: io scheduler cfq registered (default)
Jul 25 17:31:58 witherspoon kernel: ipmi-bt-host 1e789140.ibt: Found bt bmc device
Jul 25 17:31:58 witherspoon kernel: ipmi-bt-host 1e789140.ibt: Using IRQ 22
Jul 25 17:31:58 witherspoon kernel: Serial: 8250/16550 driver, 6 ports, IRQ sharing enabled
Jul 25 17:31:58 witherspoon kernel: 1e783000.serial: ttyS0 at MMIO 0x1e783000 (irq = 23, base_baud = 1500000) is a 16550A
Jul 25 17:31:58 witherspoon kernel: 1e78d000.serial: ttyS1 at MMIO 0x1e78d000 (irq = 24, base_baud = 1500000) is a 16550A
Jul 25 17:31:58 witherspoon kernel: 1e784000.serial: ttyS4 at MMIO 0x1e784000 (irq = 25, base_baud = 1500000) is a 16550A
Jul 25 17:31:58 witherspoon kernel: console [ttyS4] enabled
Jul 25 17:31:58 witherspoon kernel: 1e787000.vuart: ttyS2 at MMIO 0x1e787000 (irq = 22, base_baud = 1500000) is a 16550A
Jul 25 17:31:58 witherspoon kernel: timeriomem_rng 1e6e2078.hwrng: 32bits from 0xf00e2078 @ 1us
Jul 25 17:31:58 witherspoon kernel: random: fast init done
Jul 25 17:31:58 witherspoon kernel: brd: module loaded
Jul 25 17:31:58 witherspoon kernel: random: crng init done
Jul 25 17:31:58 witherspoon kernel: loop: module loaded
Jul 25 17:31:58 witherspoon kernel: aspeed-lpc-ctrl 1e789080.lpc-ctrl: Loaded at 0x98000000 (0x04000000)
Jul 25 17:31:58 witherspoon kernel: aspeed-smc 1e620000.flash-controller: Using IRQ 18
Jul 25 17:31:58 witherspoon kernel: aspeed-smc 1e620000.flash-controller: DMA support disabled.
Jul 25 17:31:58 witherspoon kernel: aspeed-smc 1e620000.flash-controller: mx25l25635e (32768 Kbytes)
Jul 25 17:31:58 witherspoon kernel: aspeed-smc 1e620000.flash-controller: CE0 window [ 0x20000000 - 0x22000000 ] 32MB
Jul 25 17:31:58 witherspoon kernel: aspeed-smc 1e620000.flash-controller: CE1 window [ 0x22000000 - 0x2a000000 ] 128MB
Jul 25 17:31:58 witherspoon kernel: 5 ofpart partitions found on MTD device bmc
Jul 25 17:31:58 witherspoon kernel: Creating 5 MTD partitions on "bmc":
Jul 25 17:31:58 witherspoon kernel: 0x000000000000-0x000000060000 : "u-boot"
Jul 25 17:31:58 witherspoon kernel: 0x000000060000-0x000000080000 : "u-boot-env"
Jul 25 17:31:58 witherspoon kernel: 0x000000080000-0x0000004c0000 : "kernel"
Jul 25 17:31:58 witherspoon kernel: 0x0000004c0000-0x000001c00000 : "rofs"
Jul 25 17:31:58 witherspoon kernel: 0x000001c00000-0x000002000000 : "rwfs"
Jul 25 17:31:58 witherspoon kernel: aspeed-smc 1e620000.flash-controller: mx25l25635e (32768 Kbytes)
Jul 25 17:31:58 witherspoon kernel: aspeed-smc 1e620000.flash-controller: CE1 window [ 0x22000000 - 0x24000000 ] 32MB
Jul 25 17:31:58 witherspoon kernel: aspeed-smc 1e620000.flash-controller: CE2 window [ 0x24000000 - 0x2c000000 ] 128MB
Jul 25 17:31:58 witherspoon kernel: aspeed-smc 1e630000.flash-controller: mx66l1g45g (131072 Kbytes)
Jul 25 17:31:58 witherspoon kernel: aspeed-smc 1e630000.flash-controller: CE0 window resized to 120MB (AST2500 HW quirk)
Jul 25 17:31:58 witherspoon kernel: aspeed-smc 1e630000.flash-controller: CE0 window [ 0x30000000 - 0x37800000 ] 120MB
Jul 25 17:31:58 witherspoon kernel: aspeed-smc 1e630000.flash-controller: CE0 window too small for chip 128MB
Jul 25 17:31:58 witherspoon kernel: aspeed-smc 1e630000.flash-controller: CE1 window [ 0x37800000 - 0x38000000 ] 8MB
Jul 25 17:31:58 witherspoon kernel: libphy: Fixed MDIO Bus: probed
Jul 25 17:31:58 witherspoon kernel: ftgmac100 1e660000.ethernet: Read MAC address 70:e2:84:14:28:a9 from chip
Jul 25 17:31:58 witherspoon kernel: ftgmac100 1e660000.ethernet: Using NCSI interface
Jul 25 17:31:58 witherspoon kernel: ftgmac100 1e660000.ethernet eth0: irq 20, mapped at f0060000
Jul 25 17:31:58 witherspoon kernel: ehci_hcd: USB 2.0 'Enhanced' Host Controller (EHCI) Driver
Jul 25 17:31:58 witherspoon kernel: ehci-platform: EHCI generic platform driver
Jul 25 17:31:58 witherspoon kernel:  fsi0: can't read slave 00:00 -5
Jul 25 17:31:58 witherspoon kernel: i2c /dev entries driver
Jul 25 17:31:58 witherspoon kernel: aspeed-i2c-bus 1e78a0c0.i2c-bus: i2c bus 2 registered, irq 26
Jul 25 17:31:58 witherspoon kernel: aspeed-i2c-bus 1e78a100.i2c-bus: i2c bus 3 registered, irq 27
Jul 25 17:31:58 witherspoon kernel: aspeed-i2c-bus 1e78a140.i2c-bus: i2c bus 4 registered, irq 28
Jul 25 17:31:58 witherspoon kernel: aspeed-i2c-bus 1e78a180.i2c-bus: i2c bus 5 registered, irq 29
Jul 25 17:31:58 witherspoon kernel: aspeed-i2c-bus 1e78a380.i2c-bus: i2c bus 9 registered, irq 30
Jul 25 17:31:58 witherspoon kernel: aspeed-i2c-bus 1e78a3c0.i2c-bus: i2c bus 10 registered, irq 31
Jul 25 17:31:58 witherspoon kernel: rtc-rv8803 11-0032: Voltage low, temperature compensation stopped.
Jul 25 17:31:58 witherspoon kernel: rtc-rv8803 11-0032: rtc core: registered rx8900 as rtc0
Jul 25 17:31:58 witherspoon kernel: at24 11-0051: 8192 byte 24c64 EEPROM, writable, 1 bytes/write
Jul 25 17:31:58 witherspoon kernel: aspeed-i2c-bus 1e78a400.i2c-bus: i2c bus 11 registered, irq 32
Jul 25 17:31:58 witherspoon kernel: aspeed-i2c-bus 1e78a440.i2c-bus: i2c bus 12 registered, irq 33
Jul 25 17:31:58 witherspoon kernel: aspeed-i2c-bus 1e78a480.i2c-bus: i2c bus 13 registered, irq 34
Jul 25 17:31:58 witherspoon kernel: Driver for 1-wire Dallas network protocol.
Jul 25 17:31:58 witherspoon kernel: lm75 9-004a: hwmon0: sensor 'tmp275'
Jul 25 17:31:58 witherspoon kernel: ucd9000 11-0064: Device ID UCD90160|2.3.4.0000|110603
Jul 25 17:31:58 witherspoon kernel: leds-pca955x 3-0060: leds-pca955x: Using pca9552 16-bit LED driver at slave address 0x60
Jul 25 17:31:58 witherspoon kernel: leds-pca955x 11-0060: leds-pca955x: Using pca9552 16-bit LED driver at slave address 0x60
Jul 25 17:31:58 witherspoon kernel: leds-pca955x 11-0060: gpios 264...279
Jul 25 17:31:58 witherspoon kernel: usbcore: registered new interface driver usbhid
Jul 25 17:31:58 witherspoon kernel: usbhid: USB HID core driver
Jul 25 17:31:58 witherspoon kernel: bmp280: probe of 3-0077 failed with error -5
Jul 25 17:31:58 witherspoon kernel: dps310 3-0076: iio:device1: sensor 'dps310'
Jul 25 17:31:58 witherspoon kernel: NET: Registered protocol family 10
Jul 25 17:31:58 witherspoon kernel: Segment Routing with IPv6
Jul 25 17:31:58 witherspoon kernel: NET: Registered protocol family 17
Jul 25 17:31:58 witherspoon kernel: 8021q: 802.1Q VLAN Support v1.8
Jul 25 17:31:58 witherspoon kernel: console [netcon0] enabled
Jul 25 17:31:58 witherspoon kernel: netconsole: network logging started
Jul 25 17:31:58 witherspoon kernel: input: gpio-keys as /devices/platform/gpio-keys/input/input0
Jul 25 17:31:58 witherspoon kernel: rtc-rv8803 11-0032: setting system clock to 2017-07-25 17:31:44 UTC (1501003904)
Jul 25 17:31:58 witherspoon kernel: Freeing unused kernel memory: 284K
Jul 25 17:31:58 witherspoon kernel: This architecture does not have kernel memory protection.
Jul 25 17:31:58 witherspoon kernel: jffs2: notice: (526) jffs2_build_xattr_subsystem: complete building xattr subsystem, 0 of xdatum (0 unchecked, 0 orphan) and 0 of xref (0 dead, 0 orphan) found.
Jul 25 17:31:58 witherspoon systemd[1]: Failed to insert module 'autofs4': No such file or directory
Jul 25 17:31:58 witherspoon systemd[1]: systemd 232 running in system mode. (+PAM -AUDIT -SELINUX -IMA -APPARMOR -SMACK +SYSVINIT -UTMP -LIBCRYPTSETUP -GCRYPT -GNUTLS +ACL +XZ -LZ4 -SECCOMP +BLKID -ELFUTILS +KMOD -IDN)
Jul 25 17:31:58 witherspoon systemd[1]: Detected architecture arm.
Jul 25 17:31:58 witherspoon systemd[1]: Set hostname to <witherspoon>.
Jul 25 17:31:58 witherspoon systemd[1]: Created slice System Slice.
Jul 25 17:31:58 witherspoon systemd[1]: Created slice system-phosphor\x2dcooling\x2dtype.slice.
Jul 25 17:31:58 witherspoon systemd[1]: dev-hugepages.mount: Couldn't determine result for ConditionVirtualization=!private-users, assuming failed: No such file or directory
Jul 25 17:31:58 witherspoon systemd[1]: Created slice system-obmc\x2dled\x2dgroup\x2dstart.slice.
Jul 25 17:31:58 witherspoon systemd[1]: Created slice system-op\x2dreset\x2dchassis\x2drunning.slice.
Jul 25 17:31:58 witherspoon systemd[1]: Created slice system-org.openbmc.control.Chassis.slice.
Jul 25 17:31:58 witherspoon systemd[1]: Reached target Remote File Systems.
Jul 25 17:31:58 witherspoon systemd[1]: Started Forward Password Requests to Wall Directory Watch.
Jul 25 17:31:58 witherspoon systemd[1]: Reached target Paths.
Jul 25 17:31:58 witherspoon systemd[1]: Reached target Swap.
Jul 25 17:31:58 witherspoon systemd[1]: Mounting Temporary Directory...
Jul 25 17:31:58 witherspoon systemd[1]: Created slice system-mapper\x2dwait.slice.
Jul 25 17:31:58 witherspoon systemd[1]: Listening on Network Service Netlink Socket.
Jul 25 17:31:58 witherspoon systemd[1]: Created slice system-getty.slice.
Jul 25 17:31:58 witherspoon systemd[1]: Created slice system-org.openbmc.control.Power.slice.
Jul 25 17:31:58 witherspoon systemd[1]: Listening on Journal Socket.
Jul 25 17:31:58 witherspoon systemd[1]: Starting Remount Root and Kernel File Systems...
Jul 25 17:31:58 witherspoon systemd-journald[556]: Journal started
Jul 25 17:31:58 witherspoon systemd-journald[556]: Runtime journal (/run/log/journal/12c6a00ebfdd479284cf09f39d1bc042) is 0B, max 0B, 0B free.
Jul 25 17:31:58 witherspoon systemd-sysctl[657]: Couldn't write '16' to 'kernel/sysrq', ignoring: No such file or directory
Jul 25 17:31:58 witherspoon systemd-sysctl[657]: Couldn't write 'fq_codel' to 'net/core/default_qdisc', ignoring: No such file or directory
Jul 25 17:31:59 witherspoon systemd[1]: Reached target Slices.
Jul 25 17:31:59 witherspoon systemd[1]: Listening on /dev/initctl Compatibility Named Pipe.
Jul 25 17:32:00 witherspoon systemd[1]: Mounted Debug File System.
Jul 25 17:32:00 witherspoon systemd[1]: Mounted Temporary Directory.
Jul 25 17:32:00 witherspoon systemd[1]: Started Journal Service.
Jul 25 17:32:00 witherspoon systemd[1]: Started Remount Root and Kernel File Systems.
Jul 25 17:32:01 witherspoon systemd[1]: Started Apply Kernel Variables.
Jul 25 17:32:01 witherspoon systemd[1]: Starting Create System Users...
Jul 25 17:32:01 witherspoon systemd[1]: Starting Flush Journal to Persistent Storage...
Jul 25 17:32:02 witherspoon systemd[1]: Started udev Coldplug all Devices.
Jul 25 17:32:02 witherspoon systemd[1]: Started Create System Users.
Jul 25 17:32:03 witherspoon systemd[1]: Starting Create Static Device Nodes in /dev...
Jul 25 17:32:03 witherspoon systemd-journald[556]: Runtime journal (/run/log/journal/12c6a00ebfdd479284cf09f39d1bc042) is 0B, max 0B, 0B free.
Jul 25 17:32:03 witherspoon systemd[1]: Started Flush Journal to Persistent Storage.
Jul 25 17:32:03 witherspoon systemd[1]: Started Create Static Device Nodes in /dev.
Jul 25 17:32:03 witherspoon systemd[1]: Reached target Local File Systems (Pre).
Jul 25 17:32:04 witherspoon systemd[1]: Mounting /var/volatile...
Jul 25 17:32:04 witherspoon systemd[1]: Starting udev Kernel Device Manager...
Jul 25 17:32:04 witherspoon systemd[1]: Mounted /var/volatile.
Jul 25 17:32:04 witherspoon systemd[1]: Starting Load/Save Random Seed...
Jul 25 17:32:04 witherspoon systemd[1]: Reached target Local File Systems.
Jul 25 17:32:04 witherspoon systemd[1]: Starting Create Volatile Files and Directories...
Jul 25 17:32:04 witherspoon systemd[1]: Starting Rebuild Journal Catalog...
Jul 25 17:32:04 witherspoon systemd[1]: Started Load/Save Random Seed.
Jul 25 17:32:04 witherspoon systemd[1]: Started Rebuild Journal Catalog.
Jul 25 17:32:04 witherspoon systemd[1]: Starting Update is Completed...
Jul 25 17:32:04 witherspoon systemd-tmpfiles[896]: "/var/tmp" already exists and is not a directory.
Jul 25 17:32:04 witherspoon systemd-tmpfiles[896]: "/var/log" already exists and is not a directory.
Jul 25 17:32:04 witherspoon systemd[1]: Started Create Volatile Files and Directories.
Jul 25 17:32:04 witherspoon systemd[1]: Starting Network Time Synchronization...
Jul 25 17:32:04 witherspoon systemd[1]: Starting Run pending postinsts...
Jul 25 17:32:05 witherspoon systemd[1]: Started Update is Completed.
Jul 25 17:32:05 witherspoon systemd[1]: Started udev Kernel Device Manager.
Jul 25 17:32:05 witherspoon systemd[1]: Started Network Time Synchronization.
Jul 25 17:32:06 witherspoon systemd[1]: Reached target System Time Synchronized.
Jul 25 17:32:06 witherspoon run-postinsts[905]: Running postinst /etc/rpm-postinsts/libglib-2.0-0...
Jul 25 17:32:07 witherspoon systemd[1]: Found device /dev/aspeed-lpc-ctrl.
Jul 25 17:32:07 witherspoon systemd[1]: Found device /dev/aspeed-mbox.
Jul 25 17:32:07 witherspoon systemd[1]: Found device /dev/ttyS4.
Jul 25 17:32:08 witherspoon systemd[1]: Found device /dev/ttyVUART0.
Jul 25 17:32:09 witherspoon run-postinsts[905]: rm: can't remove '/etc/rpm-postinsts': Invalid argument
Jul 25 17:32:09 witherspoon run-postinsts[905]:  Removing any system startup links for run-postinsts ...
Jul 25 17:32:09 witherspoon systemd[1]: Created slice system-xyz.openbmc_project.led.controller.slice.
Jul 25 17:32:09 witherspoon systemd[1]: Created slice system-xyz.openbmc_project.Hwmon.slice.
Jul 25 17:32:09 witherspoon systemd[1]: dev-hugepages.mount: Couldn't determine result for ConditionVirtualization=!private-users, assuming failed: No such file or directory
Jul 25 17:32:10 witherspoon systemctl[936]: Removed /etc/systemd/system/sysinit.target.wants/run-postinsts.service.
Jul 25 17:32:10 witherspoon systemd[1]: Reloading.
Jul 25 17:32:12 witherspoon systemd[1]: Started Run pending postinsts.
Jul 25 17:32:12 witherspoon systemd[1]: Reached target System Initialization.
Jul 25 17:32:13 witherspoon systemd[1]: Listening on Phosphor Host Console SSH Per-Connection socket.
Jul 25 17:32:13 witherspoon systemd[1]: Listening on Phosphor DBUS Browser socket.
Jul 25 17:32:13 witherspoon systemd[1]: Listening on D-Bus System Message Bus Socket.
Jul 25 17:32:13 witherspoon systemd[1]: Listening on dropbear.socket.
Jul 25 17:32:13 witherspoon systemd[1]: Started Daily Cleanup of Temporary Directories.
Jul 25 17:32:13 witherspoon systemd[1]: Listening on Avahi mDNS/DNS-SD Stack Activation Socket.
Jul 25 17:32:13 witherspoon systemd[1]: Reached target Timers.
Jul 25 17:32:13 witherspoon systemd[1]: Listening on Phosphor Webserver socket.
Jul 25 17:32:13 witherspoon systemd[1]: Listening on phosphor-ipmi-net.socket.
Jul 25 17:32:13 witherspoon systemd[1]: Reached target Sockets.
Jul 25 17:32:13 witherspoon systemd[1]: Reached target Basic System.
Jul 25 17:32:13 witherspoon systemd[1]: Started Kernel Logging Service.
Jul 25 17:32:13 witherspoon systemd[1]: Started Phosphor Hwmon Poller.
Jul 25 17:32:13 witherspoon systemd[1]: Starting Phosphor Inventory Manager...
Jul 25 17:32:13 witherspoon systemd[1]: Starting OpenBMC Software Update Manager...
Jul 25 17:32:13 witherspoon systemd[1]: Starting Phosphor Download Manager...
Jul 25 17:32:13 witherspoon systemd[1]: Started Phosphor sysfs LED controller.
Jul 25 17:32:13 witherspoon systemd[1]: Starting Phosphor Chassis0 Control...
Jul 25 17:32:13 witherspoon kernel[947]: klogd started: BusyBox v1.24.1 (2017-06-16 19:29:08 UTC)
Jul 25 17:32:13 witherspoon kernel[947]: [    0.000000] Booting Linux on physical CPU 0x0
Jul 25 17:32:13 witherspoon kernel[947]: [    0.000000] Linux version 4.10.17-d6ae40dc4c4dff3265cc254d404ed6b03fcc2206 (jenkins@openbmc-builder1) (gcc version 6.2.0 (GCC) ) #1 Tue Jul 25 16:15:23 UTC 2017
Jul 25 17:32:14 witherspoon systemd[1]: Starting Phosphor DBus Service Discovery Manager...
Jul 25 17:32:13 witherspoon kernel[947]: [    0.000000] CPU: ARMv6-compatible processor [410fb767] revision 7 (ARMv7), cr=00c5387d
Jul 25 17:32:14 witherspoon systemd[1]: Starting Phosphor BMC0 Control...
Jul 25 17:32:13 witherspoon kernel[947]: [    0.000000] CPU: PIPT / VIPT nonaliasing data cache, VIPT nonaliasing instruction cache
Jul 25 17:32:14 witherspoon systemd[1]: Started Phosphor Hwmon Poller.
Jul 25 17:32:13 witherspoon kernel[947]: [    0.000000] OF: fdt:Machine model: Witherspoon BMC
Jul 25 17:32:14 witherspoon systemd[1]: Started Phosphor MBOX Daemon.
Jul 25 17:32:13 witherspoon kernel[947]: [    0.000000] Memory policy: Data cache writeback
Jul 25 17:32:14 witherspoon systemd[1]: Started Phosphor Dump core monitor..
Jul 25 17:32:13 witherspoon kernel[947]: [    0.000000] SOC Rev: 04030303
Jul 25 17:32:13 witherspoon kernel[947]: [    0.000000] On node 0 totalpages: 110592
Jul 25 17:32:13 witherspoon kernel[947]: [    0.000000] free_area_init_node: node 0, pgdat 805fd514, node_mem_map 9ec1a000
Jul 25 17:32:13 witherspoon kernel[947]: [    0.000000]   Normal zone: 992 pages used for memmap
Jul 25 17:32:14 witherspoon systemd[1]: Started Phosphor sysfs LED controller.
Jul 25 17:32:13 witherspoon kernel[947]: [    0.000000]   Normal zone: 0 pages reserved
Jul 25 17:32:13 witherspoon kernel[947]: [    0.000000]   Normal zone: 110592 pages, LIFO batch:31
Jul 25 17:32:13 witherspoon kernel[947]: [    0.000000] pcpu-alloc: s0 r0 d32768 u32768 alloc=1*32768
Jul 25 17:32:13 witherspoon kernel[947]: [    0.000000] pcpu-alloc: [0] 0
Jul 25 17:32:13 witherspoon kernel[947]: [    0.000000] Built 1 zonelists in Zone order, mobility grouping on.  Total pages: 109600
Jul 25 17:32:13 witherspoon kernel[947]: [    0.000000] Kernel command line: console=ttyS4,115200n8 root=/dev/ram rw
Jul 25 17:32:13 witherspoon kernel[947]: [    0.000000] PID hash table entries: 2048 (order: 1, 8192 bytes)
Jul 25 17:32:13 witherspoon kernel[947]: [    0.000000] Dentry cache hash table entries: 65536 (order: 6, 262144 bytes)
Jul 25 17:32:13 witherspoon kernel[947]: [    0.000000] Inode-cache hash table entries: 32768 (order: 5, 131072 bytes)
Jul 25 17:32:13 witherspoon kernel[947]: [    0.000000] Memory: 430448K/442368K available (4063K kernel code, 280K rwdata, 1188K rodata, 284K init, 111K bss, 11920K reserved, 0K cma-reserved)
Jul 25 17:32:13 witherspoon kernel[947]: [    0.000000] Virtual kernel memory layout:
Jul 25 17:32:13 witherspoon kernel[947]: [    0.000000]     vector  : 0xffff0000 - 0xffff1000   (   4 kB)
Jul 25 17:32:13 witherspoon kernel[947]: [    0.000000]     fixmap  : 0xffc00000 - 0xfff00000   (3072 kB)
Jul 25 17:32:13 witherspoon kernel[947]: [    0.000000]     vmalloc : 0x9f800000 - 0xff800000   (1536 MB)
Jul 25 17:32:13 witherspoon kernel[947]: [    0.000000]     lowmem  : 0x80000000 - 0x9f000000   ( 496 MB)
Jul 25 17:32:13 witherspoon kernel[947]: [    0.000000]       .text : 0x80008000 - 0x803fff60   (4064 kB)
Jul 25 17:32:13 witherspoon kernel[947]: [    0.000000]       .init : 0x80583000 - 0x805ca000   ( 284 kB)
Jul 25 17:32:13 witherspoon kernel[947]: [    0.000000]       .data : 0x805ca000 - 0x806102a8   ( 281 kB)
Jul 25 17:32:13 witherspoon kernel[947]: [    0.000000]        .bss : 0x806102a8 - 0x8062c158   ( 112 kB)
Jul 25 17:32:13 witherspoon kernel[947]: [    0.000000] NR_IRQS:16 nr_irqs:16 16
Jul 25 17:32:13 witherspoon kernel[947]: [    0.000000] i2c controller registered, irq 16
Jul 25 17:32:13 witherspoon kernel[947]: [    0.000000] clocksource: moxart_timer: mask: 0xffffffff max_cycles: 0xffffffff, max_idle_ns: 77222644334 ns
Jul 25 17:32:13 witherspoon kernel[947]: [    0.000000] sched_clock: 32 bits at 100 Hz, resolution 10000000ns, wraps every 21474836475000000ns
Jul 25 17:32:13 witherspoon kernel[947]: [    0.090000] Calibrating delay loop... 789.70 BogoMIPS (lpj=3948544)
Jul 25 17:32:13 witherspoon kernel[947]: [    0.090000] pid_max: default: 32768 minimum: 301
Jul 25 17:32:13 witherspoon kernel[947]: [    0.090000] Mount-cache hash table entries: 1024 (order: 0, 4096 bytes)
Jul 25 17:32:13 witherspoon kernel[947]: [    0.090000] Mountpoint-cache hash table entries: 1024 (order: 0, 4096 bytes)
Jul 25 17:32:13 witherspoon kernel[947]: [    0.090000] CPU: Testing write buffer coherency: ok
Jul 25 17:32:13 witherspoon kernel[947]: [    0.090000] ftrace: allocating 14933 entries in 44 pages
Jul 25 17:32:13 witherspoon kernel[947]: [    0.120000] Setting up static identity map for 0x80008200 - 0x8000825c
Jul 25 17:32:13 witherspoon kernel[947]: [    0.120000] devtmpfs: initialized
Jul 25 17:32:13 witherspoon kernel[947]: [    0.140000] clocksource: jiffies: mask: 0xffffffff max_cycles: 0xffffffff, max_idle_ns: 19112604462750000 ns
Jul 25 17:32:13 witherspoon kernel[947]: [    0.140000] futex hash table entries: 256 (order: -1, 3072 bytes)
Jul 25 17:32:13 witherspoon kernel[947]: [    0.140000] pinctrl core: initialized pinctrl subsystem
Jul 25 17:32:13 witherspoon kernel[947]: [    0.140000] NET: Registered protocol family 16
Jul 25 17:32:13 witherspoon kernel[947]: [    0.140000] DMA: preallocated 256 KiB pool for atomic coherent allocations
Jul 25 17:32:13 witherspoon kernel[947]: [    0.210000] usbcore: registered new interface driver usbfs
Jul 25 17:32:13 witherspoon kernel[947]: [    0.210000] usbcore: registered new interface driver hub
Jul 25 17:32:13 witherspoon kernel[947]: [    0.210000] usbcore: registered new device driver usb
Jul 25 17:32:13 witherspoon kernel[947]: [    0.220000] clocksource: Switched to clocksource moxart_timer
Jul 25 17:32:13 witherspoon kernel[947]: [    0.230000] NET: Registered protocol family 2
Jul 25 17:32:13 witherspoon kernel[947]: [    0.240000] TCP established hash table entries: 4096 (order: 2, 16384 bytes)
Jul 25 17:32:13 witherspoon kernel[947]: [    0.240000] TCP bind hash table entries: 4096 (order: 2, 16384 bytes)
Jul 25 17:32:13 witherspoon kernel[947]: [    0.240000] TCP: Hash tables configured (established 4096 bind 4096)
Jul 25 17:32:13 witherspoon kernel[947]: [    0.240000] UDP hash table entries: 256 (order: 0, 4096 bytes)
Jul 25 17:32:13 witherspoon kernel[947]: [    0.240000] UDP-Lite hash table entries: 256 (order: 0, 4096 bytes)
Jul 25 17:32:13 witherspoon kernel[947]: [    0.240000] NET: Registered protocol family 1
Jul 25 17:32:13 witherspoon kernel[947]: [    0.240000] Trying to unpack rootfs image as initramfs...
Jul 25 17:32:13 witherspoon kernel[947]: [    1.910000] Freeing initrd memory: 1548K
Jul 25 17:32:13 witherspoon kernel[947]: [    1.910000] workingset: timestamp_bits=30 max_order=17 bucket_order=0
Jul 25 17:32:13 witherspoon kernel[947]: [    1.910000] squashfs: version 4.0 (2009/01/31) Phillip Lougher
Jul 25 17:32:13 witherspoon kernel[947]: [    1.910000] jffs2: version 2.2. (SUMMARY)  © 2001-2006 Red Hat, Inc.
Jul 25 17:32:13 witherspoon kernel[947]: [    1.910000] Block layer SCSI generic (bsg) driver version 0.4 loaded (major 250)
Jul 25 17:32:13 witherspoon kernel[947]: [    1.910000] io scheduler noop registered
Jul 25 17:32:13 witherspoon kernel[947]: [    1.910000] io scheduler deadline registered
Jul 25 17:32:13 witherspoon kernel[947]: [    1.910000] io scheduler cfq registered (default)
Jul 25 17:32:13 witherspoon kernel[947]: [    2.060000] ipmi-bt-host 1e789140.ibt: Found bt bmc device
Jul 25 17:32:13 witherspoon kernel[947]: [    2.060000] ipmi-bt-host 1e789140.ibt: Using IRQ 22
Jul 25 17:32:13 witherspoon kernel[947]: [    2.060000] Serial: 8250/16550 driver, 6 ports, IRQ sharing enabled
Jul 25 17:32:13 witherspoon kernel[947]: [    2.060000] 1e783000.serial: ttyS0 at MMIO 0x1e783000 (irq = 23, base_baud = 1500000) is a 16550A
Jul 25 17:32:13 witherspoon kernel[947]: [    2.060000] 1e78d000.serial: ttyS1 at MMIO 0x1e78d000 (irq = 24, base_baud = 1500000) is a 16550A
Jul 25 17:32:13 witherspoon kernel[947]: [    2.060000] 1e784000.serial: ttyS4 at MMIO 0x1e784000 (irq = 25, base_baud = 1500000) is a 16550A
Jul 25 17:32:13 witherspoon kernel[947]: [    2.410000] console [ttyS4] enabled
Jul 25 17:32:13 witherspoon kernel[947]: [    2.410000] 1e787000.vuart: ttyS2 at MMIO 0x1e787000 (irq = 22, base_baud = 1500000) is a 16550A
Jul 25 17:32:13 witherspoon kernel[947]: [    2.600000] timeriomem_rng 1e6e2078.hwrng: 32bits from 0xf00e2078 @ 1us
Jul 25 17:32:13 witherspoon kernel[947]: [    2.620000] random: fast init done
Jul 25 17:32:13 witherspoon kernel[947]: [    2.650000] brd: module loaded
Jul 25 17:32:13 witherspoon kernel[947]: [    2.670000] random: crng init done
Jul 25 17:32:13 witherspoon kernel[947]: [    2.680000] loop: module loaded
Jul 25 17:32:13 witherspoon kernel[947]: [    2.690000] aspeed-lpc-ctrl 1e789080.lpc-ctrl: Loaded at 0x98000000 (0x04000000)
Jul 25 17:32:13 witherspoon kernel[947]: [    2.690000] aspeed-smc 1e620000.flash-controller: Using IRQ 18
Jul 25 17:32:13 witherspoon kernel[947]: [    2.700000] aspeed-smc 1e620000.flash-controller: DMA support disabled.
Jul 25 17:32:13 witherspoon kernel[947]: [    2.700000] aspeed-smc 1e620000.flash-controller: mx25l25635e (32768 Kbytes)
Jul 25 17:32:13 witherspoon kernel[947]: [    2.720000] aspeed-smc 1e620000.flash-controller: CE0 window [ 0x20000000 - 0x22000000 ] 32MB
Jul 25 17:32:13 witherspoon kernel[947]: [    2.720000] aspeed-smc 1e620000.flash-controller: CE1 window [ 0x22000000 - 0x2a000000 ] 128MB
Jul 25 17:32:13 witherspoon kernel[947]: [    2.720000] 5 ofpart partitions found on MTD device bmc
Jul 25 17:32:13 witherspoon kernel[947]: [    2.740000] Creating 5 MTD partitions on "bmc":
Jul 25 17:32:13 witherspoon kernel[947]: [    2.750000] 0x000000000000-0x000000060000 : "u-boot"
Jul 25 17:32:13 witherspoon kernel[947]: [    2.750000] 0x000000060000-0x000000080000 : "u-boot-env"
Jul 25 17:32:13 witherspoon kernel[947]: [    2.760000] 0x000000080000-0x0000004c0000 : "kernel"
Jul 25 17:32:13 witherspoon kernel[947]: [    2.760000] 0x0000004c0000-0x000001c00000 : "rofs"
Jul 25 17:32:13 witherspoon kernel[947]: [    2.790000] 0x000001c00000-0x000002000000 : "rwfs"
Jul 25 17:32:13 witherspoon kernel[947]: [    2.790000] aspeed-smc 1e620000.flash-controller: mx25l25635e (32768 Kbytes)
Jul 25 17:32:13 witherspoon kernel[947]: [    2.800000] aspeed-smc 1e620000.flash-controller: CE1 window [ 0x22000000 - 0x24000000 ] 32MB
Jul 25 17:32:13 witherspoon kernel[947]: [    2.800000] aspeed-smc 1e620000.flash-controller: CE2 window [ 0x24000000 - 0x2c000000 ] 128MB
Jul 25 17:32:13 witherspoon kernel[947]: [    2.830000] aspeed-smc 1e630000.flash-controller: mx66l1g45g (131072 Kbytes)
Jul 25 17:32:13 witherspoon kernel[947]: [    2.840000] aspeed-smc 1e630000.flash-controller: CE0 window resized to 120MB (AST2500 HW quirk)
Jul 25 17:32:13 witherspoon kernel[947]: [    2.840000] aspeed-smc 1e630000.flash-controller: CE0 window [ 0x30000000 - 0x37800000 ] 120MB
Jul 25 17:32:13 witherspoon kernel[947]: [    2.840000] aspeed-smc 1e630000.flash-controller: CE0 window too small for chip 128MB
Jul 25 17:32:13 witherspoon kernel[947]: [    2.860000] aspeed-smc 1e630000.flash-controller: CE1 window [ 0x37800000 - 0x38000000 ] 8MB
Jul 25 17:32:13 witherspoon kernel[947]: [    3.610000] libphy: Fixed MDIO Bus: probed
Jul 25 17:32:13 witherspoon kernel[947]: [    3.610000] ftgmac100 1e660000.ethernet: Read MAC address 70:e2:84:14:28:a9 from chip
Jul 25 17:32:13 witherspoon kernel[947]: [    3.610000] ftgmac100 1e660000.ethernet: Using NCSI interface
Jul 25 17:32:13 witherspoon kernel[947]: [    3.610000] ftgmac100 1e660000.ethernet eth0: irq 20, mapped at f0060000
Jul 25 17:32:13 witherspoon kernel[947]: [    3.610000] ehci_hcd: USB 2.0 'Enhanced' Host Controller (EHCI) Driver
Jul 25 17:32:13 witherspoon kernel[947]: [    3.610000] ehci-platform: EHCI generic platform driver
Jul 25 17:32:13 witherspoon kernel[947]: [    3.840000]  fsi0: can't read slave 00:00 -5
Jul 25 17:32:13 witherspoon kernel[947]: [    3.840000] i2c /dev entries driver
Jul 25 17:32:13 witherspoon kernel[947]: [    3.840000] aspeed-i2c-bus 1e78a0c0.i2c-bus: i2c bus 2 registered, irq 26
Jul 25 17:32:13 witherspoon kernel[947]: [    3.840000] aspeed-i2c-bus 1e78a100.i2c-bus: i2c bus 3 registered, irq 27
Jul 25 17:32:13 witherspoon kernel[947]: [    3.840000] aspeed-i2c-bus 1e78a140.i2c-bus: i2c bus 4 registered, irq 28
Jul 25 17:32:13 witherspoon kernel[947]: [    3.840000] aspeed-i2c-bus 1e78a180.i2c-bus: i2c bus 5 registered, irq 29
Jul 25 17:32:13 witherspoon kernel[947]: [    3.840000] aspeed-i2c-bus 1e78a380.i2c-bus: i2c bus 9 registered, irq 30
Jul 25 17:32:13 witherspoon kernel[947]: [    3.840000] aspeed-i2c-bus 1e78a3c0.i2c-bus: i2c bus 10 registered, irq 31
Jul 25 17:32:13 witherspoon kernel[947]: [    3.840000] rtc-rv8803 11-0032: Voltage low, temperature compensation stopped.
Jul 25 17:32:13 witherspoon kernel[947]: [    3.940000] rtc-rv8803 11-0032: rtc core: registered rx8900 as rtc0
Jul 25 17:32:13 witherspoon kernel[947]: [    3.950000] at24 11-0051: 8192 byte 24c64 EEPROM, writable, 1 bytes/write
Jul 25 17:32:13 witherspoon kernel[947]: [    3.950000] aspeed-i2c-bus 1e78a400.i2c-bus: i2c bus 11 registered, irq 32
Jul 25 17:32:13 witherspoon kernel[947]: [    3.950000] aspeed-i2c-bus 1e78a440.i2c-bus: i2c bus 12 registered, irq 33
Jul 25 17:32:13 witherspoon kernel[947]: [    3.950000] aspeed-i2c-bus 1e78a480.i2c-bus: i2c bus 13 registered, irq 34
Jul 25 17:32:13 witherspoon kernel[947]: [    3.950000] Driver for 1-wire Dallas network protocol.
Jul 25 17:32:13 witherspoon kernel[947]: [    3.950000] lm75 9-004a: hwmon0: sensor 'tmp275'
Jul 25 17:32:13 witherspoon kernel[947]: [    4.430000] ucd9000 11-0064: Device ID UCD90160|2.3.4.0000|110603
Jul 25 17:32:13 witherspoon kernel[947]: [    4.760000] leds-pca955x 3-0060: leds-pca955x: Using pca9552 16-bit LED driver at slave address 0x60
Jul 25 17:32:13 witherspoon kernel[947]: [    4.780000] leds-pca955x 11-0060: leds-pca955x: Using pca9552 16-bit LED driver at slave address 0x60
Jul 25 17:32:13 witherspoon kernel[947]: [    4.790000] leds-pca955x 11-0060: gpios 264...279
Jul 25 17:32:13 witherspoon kernel[947]: [    4.800000] usbcore: registered new interface driver usbhid
Jul 25 17:32:13 witherspoon kernel[947]: [    4.800000] usbhid: USB HID core driver
Jul 25 17:32:13 witherspoon kernel[947]: [    4.830000] bmp280: probe of 3-0077 failed with error -5
Jul 25 17:32:13 witherspoon kernel[947]: [    4.840000] dps310 3-0076: iio:device1: sensor 'dps310'
Jul 25 17:32:13 witherspoon kernel[947]: [    4.840000] NET: Registered protocol family 10
Jul 25 17:32:13 witherspoon kernel[947]: [    4.850000] Segment Routing with IPv6
Jul 25 17:32:13 witherspoon kernel[947]: [    4.850000] NET: Registered protocol family 17
Jul 25 17:32:13 witherspoon kernel[947]: [    4.850000] 8021q: 802.1Q VLAN Support v1.8
Jul 25 17:32:13 witherspoon kernel[947]: [    4.870000] console [netcon0] enabled
Jul 25 17:32:13 witherspoon kernel[947]: [    4.870000] netconsole: network logging started
Jul 25 17:32:13 witherspoon kernel[947]: [    4.870000] input: gpio-keys as /devices/platform/gpio-keys/input/input0
Jul 25 17:32:13 witherspoon kernel[947]: [    4.870000] rtc-rv8803 11-0032: setting system clock to 2017-07-25 17:31:44 UTC (1501003904)
Jul 25 17:32:13 witherspoon kernel[947]: [    4.870000] Freeing unused kernel memory: 284K
Jul 25 17:32:13 witherspoon kernel[947]: [    4.870000] This architecture does not have kernel memory protection.
Jul 25 17:32:13 witherspoon kernel[947]: [    6.540000] jffs2: notice: (526) jffs2_build_xattr_subsystem: complete building xattr subsystem, 0 of xdatum (0 unchecked, 0 orphan) and 0 of xref (0 dead, 0 orphan) found.
Jul 25 17:32:13 witherspoon kernel[947]: [    8.650000] systemd[1]: Failed to insert module 'autofs4': No such file or directory
Jul 25 17:32:13 witherspoon kernel[947]: [    8.850000] systemd[1]: systemd 232 running in system mode. (+PAM -AUDIT -SELINUX -IMA -APPARMOR -SMACK +SYSVINIT -UTMP -LIBCRYPTSETUP -GCRYPT -GNUTLS +ACL +XZ -LZ4 -SECCOMP +BLKID -ELFUTILS +KMOD -IDN)
Jul 25 17:32:13 witherspoon kernel[947]: [    8.850000] systemd[1]: Detected architecture arm.
Jul 25 17:32:13 witherspoon kernel[947]: [    9.030000] systemd[1]: Set hostname to <witherspoon>.
Jul 25 17:32:13 witherspoon kernel[947]: [   10.620000] systemd[1]: Created slice System Slice.
Jul 25 17:32:13 witherspoon kernel[947]: [   10.770000] systemd[1]: Created slice system-phosphor\x2dcooling\x2dtype.slice.
Jul 25 17:32:13 witherspoon kernel[947]: [   10.920000] systemd[1]: dev-hugepages.mount: Couldn't determine result for ConditionVirtualization=!private-users, assuming failed: No such file or directory
Jul 25 17:32:13 witherspoon kernel[947]: [   10.920000] systemd[1]: Created slice system-obmc\x2dled\x2dgroup\x2dstart.slice.
Jul 25 17:32:13 witherspoon kernel[947]: [   11.080000] systemd[1]: Created slice system-op\x2dreset\x2dchassis\x2drunning.slice.
Jul 25 17:32:13 witherspoon kernel[947]: [   11.250000] systemd[1]: Created slice system-org.openbmc.control.Chassis.slice.
Jul 25 17:32:13 witherspoon kernel[947]: [   11.420000] systemd[1]: Reached target Remote File Systems.
Jul 25 17:32:13 witherspoon kernel[947]: [   14.020000] systemd[1]: Started Forward Password Requests to Wall Directory Watch.
Jul 25 17:32:13 witherspoon kernel[947]: [   14.280000] systemd[1]: Reached target Paths.
Jul 25 17:32:13 witherspoon kernel[947]: [   14.550000] systemd[1]: Reached target Swap.
Jul 25 17:32:13 witherspoon kernel[947]: [   14.820000] systemd[1]: Mounting Temporary Directory...
Jul 25 17:32:13 witherspoon kernel[947]: [   15.100000] systemd[1]: Created slice system-mapper\x2dwait.slice.
Jul 25 17:32:13 witherspoon kernel[947]: [   15.390000] systemd[1]: Listening on Network Service Netlink Socket.
Jul 25 17:32:13 witherspoon kernel[947]: [   15.680000] systemd[1]: Created slice system-getty.slice.
Jul 25 17:32:13 witherspoon kernel[947]: [   15.980000] systemd[1]: Created slice system-org.openbmc.control.Power.slice.
Jul 25 17:32:13 witherspoon kernel[947]: [   16.290000] systemd[1]: Listening on Journal Socket.
Jul 25 17:32:13 witherspoon kernel[947]: [   16.600000] systemd[1]: Starting Remount Root and Kernel File Systems...
Jul 25 17:32:13 witherspoon kernel[947]: [   19.350000] systemd[1]: Reached target Slices.
Jul 25 17:32:13 witherspoon kernel[947]: [   19.720000] systemd[1]: Listening on /dev/initctl Compatibility Named Pipe.
Jul 25 17:32:13 witherspoon kernel[947]: [   20.100000] systemd[1]: Mounted Debug File System.
Jul 25 17:32:13 witherspoon kernel[947]: [   20.490000] systemd[1]: Mounted Temporary Directory.
Jul 25 17:32:13 witherspoon kernel[947]: [   20.880000] systemd[1]: Started Journal Service.
Jul 25 17:32:13 witherspoon kernel[947]: [   23.820000] systemd-journald[556]: Received request to flush runtime journal from PID 1
Jul 25 17:32:15 witherspoon systemd[1]: Started Phosphor Hwmon Poller.
Jul 25 17:32:15 witherspoon systemd[1]: Starting Phosphor Log Manager...
Jul 25 17:32:15 witherspoon systemd[1]: Starting OpenPower Software Update Manager...
Jul 25 17:32:15 witherspoon systemd[1]: Starting Phosphor Sensor Manager...
Jul 25 17:32:15 witherspoon systemd[1]: Started Phosphor sysfs LED controller.
Jul 25 17:32:16 witherspoon systemd[1]: Started Phosphor Hwmon Poller.
Jul 25 17:32:17 witherspoon systemd[1]: Starting Clear one time boot overrides...
Jul 25 17:32:18 witherspoon systemd[1]: Started D-Bus System Message Bus.
Jul 25 17:32:22 witherspoon systemd[1]: Started Phosphor Log Manager.
Jul 25 17:32:22 witherspoon systemd[1]: Started Phosphor BMC0 Control.
Jul 25 17:32:22 witherspoon systemd[1]: Starting Network Service...
Jul 25 17:32:22 witherspoon systemd[1]: Started Phosphor sysfs LED controller.
Jul 25 17:32:22 witherspoon openpower-update-manager[962]: Error PNOR current version is empty
Jul 25 17:32:22 witherspoon systemd[1]: Started Phosphor Hwmon Poller.
Jul 25 17:32:22 witherspoon systemd[1]: Started Hardware RNG Entropy Gatherer Daemon.
Jul 25 17:32:22 witherspoon systemd[1]: Started Phosphor Console Muxer listening on device /dev/ttyVUART0.
Jul 25 17:32:23 witherspoon systemd[1]: Started Phosphor sysfs LED controller.
Jul 25 17:32:23 witherspoon systemd[1]: Started Phosphor sysfs LED controller.
Jul 25 17:32:23 witherspoon systemd[1]: Starting Avahi mDNS/DNS-SD Stack...
Jul 25 17:32:23 witherspoon systemd[1]: Starting Phosphor Dump Manager...
Jul 25 17:32:23 witherspoon systemd[1]: Started System Logging Service.
Jul 25 17:32:23 witherspoon systemd[1]: Started Phosphor sysfs LED controller.
Jul 25 17:32:23 witherspoon avahi-daemon[979]: Found user 'avahi' (UID 998) and group 'avahi' (GID 999).
Jul 25 17:32:23 witherspoon avahi-daemon[979]: Successfully dropped root privileges.
Jul 25 17:32:23 witherspoon avahi-daemon[979]: avahi-daemon 0.6.32 starting up.
Jul 25 17:32:23 witherspoon avahi-daemon[979]: Successfully called chroot().
Jul 25 17:32:23 witherspoon avahi-daemon[979]: Successfully dropped remaining capabilities.
Jul 25 17:32:23 witherspoon systemd[1]: Started Phosphor sysfs LED controller.
Jul 25 17:32:24 witherspoon systemd-networkd[972]: Could not create runtime directory: File exists
Jul 25 17:32:24 witherspoon systemd-networkd[972]: Could not create runtime directory 'links': File exists
Jul 25 17:32:24 witherspoon systemd-networkd[972]: Could not create runtime directory 'leases': File exists
Jul 25 17:32:24 witherspoon systemd[1]: Started Phosphor sysfs LED controller.
Jul 25 17:32:24 witherspoon avahi-daemon[979]: Loading service file /services/obmc_console.service.
Jul 25 17:32:24 witherspoon avahi-daemon[979]: Loading service file /services/phosphor_rest.service.
Jul 25 17:32:24 witherspoon avahi-daemon[979]: Loading service file /services/sftp-ssh.service.
Jul 25 17:32:24 witherspoon avahi-daemon[979]: Loading service file /services/sftp.service.
Jul 25 17:32:24 witherspoon avahi-daemon[979]: Loading service file /services/ssh.service.
Jul 25 17:32:24 witherspoon avahi-daemon[979]: Network interface enumeration completed.
Jul 25 17:32:24 witherspoon avahi-daemon[979]: Server startup complete. Host name is witherspoon.local. Local service cookie is 1713202410.
Jul 25 17:32:24 witherspoon avahi-daemon[979]: Service "witherspoon" (/services/ssh.service) successfully established.
Jul 25 17:32:24 witherspoon avahi-daemon[979]: Service "sftp" (/services/sftp.service) successfully established.
Jul 25 17:32:24 witherspoon avahi-daemon[979]: Service "witherspoon" (/services/sftp-ssh.service) successfully established.
Jul 25 17:32:24 witherspoon avahi-daemon[979]: Service "phosphor_rest" (/services/phosphor_rest.service) successfully established.
Jul 25 17:32:24 witherspoon avahi-daemon[979]: Service "obmc_console" (/services/obmc_console.service) successfully established.
Jul 25 17:32:24 witherspoon systemd[1]: Reached target Containers.
Jul 25 17:32:24 witherspoon systemd[1]: Starting Phosphor Download Manager...
Jul 25 17:32:24 witherspoon systemd[1]: Started Phosphor Hwmon Poller.
Jul 25 17:32:24 witherspoon systemd[1]: Starting Phosphor LED Group Management Daemon...
Jul 25 17:32:24 witherspoon systemd[1]: Starting Phosphor IPMI BT DBus Bridge...
Jul 25 17:32:24 witherspoon systemd[1]: Starting Phosphor Network Manager...
Jul 25 17:32:24 witherspoon systemd[1]: Starting Phosphor Settings Daemon...
Jul 25 17:32:24 witherspoon systemd[1]: Starting Phosphor User Manager...
Jul 25 17:32:24 witherspoon systemd[1]: Started Phosphor sysfs LED controller.
Jul 25 17:32:24 witherspoon systemd[1]: Starting Phosphor Inventory Manager...
Jul 25 17:32:25 witherspoon systemd[1]: Started Clear one time boot overrides.
Jul 25 17:32:25 witherspoon systemd[1]: Started OpenBMC Software Update Manager.
Jul 25 17:32:25 witherspoon systemd[1]: Started Phosphor Download Manager.
Jul 25 17:32:25 witherspoon systemd[1]: Started OpenPower Software Update Manager.
Jul 25 17:32:25 witherspoon systemd[1]: Started Avahi mDNS/DNS-SD Stack.
Jul 25 17:32:25 witherspoon systemd[1]: Started Phosphor IPMI BT DBus Bridge.
Jul 25 17:32:25 witherspoon systemd[1]: Starting Phosphor Version Software Manager...
Jul 25 17:32:26 witherspoon systemd[1]: Started Phosphor LED Group Management Daemon.
Jul 25 17:32:26 witherspoon systemd[1]: Started Phosphor Inventory Manager.
Jul 25 17:32:26 witherspoon systemd[1]: Started Phosphor Settings Daemon.
Jul 25 17:32:26 witherspoon systemd[1]: Started Phosphor Dump Manager.
Jul 25 17:32:27 witherspoon systemd-networkd[972]: Enumeration completed
Jul 25 17:32:27 witherspoon systemd[1]: Started Network Service.
Jul 25 17:32:27 witherspoon systemd[1]: Reached target Network.
Jul 25 17:32:27 witherspoon systemd[1]: Started Lightweight SLP Server.
Jul 25 17:32:27 witherspoon avahi-daemon[979]: Joining mDNS multicast group on interface eth0.IPv4 with address 9.3.21.61.
Jul 25 17:32:27 witherspoon systemd-networkd[972]: eth0: IPv6 enabled for interface: Success
Jul 25 17:32:27 witherspoon avahi-daemon[979]: New relevant interface eth0.IPv4 for mDNS.
Jul 25 17:32:27 witherspoon systemd[1]: Starting Permit User Sessions...
Jul 25 17:32:27 witherspoon avahi-daemon[979]: Registering new address record for 9.3.21.61 on eth0.IPv4.
Jul 25 17:32:27 witherspoon systemd-networkd[972]: eth0: Gained carrier
Jul 25 17:32:27 witherspoon systemd-timesyncd[904]: Network configuration changed, trying to establish connection.
Jul 25 17:32:28 witherspoon systemd[1]: Started Permit User Sessions.
Jul 25 17:32:28 witherspoon systemd[1]: Started Serial Getty on ttyS4.
Jul 25 17:32:28 witherspoon systemd[1]: Reached target Login Prompts.
Jul 25 17:32:28 witherspoon systemd[1]: Reached target Multi-User System.
Jul 25 17:32:28 witherspoon systemd[1]: Started Phosphor Version Software Manager.
Jul 25 17:32:30 witherspoon avahi-daemon[979]: Joining mDNS multicast group on interface eth0.IPv6 with address fe80::72e2:84ff:fe14:28a9.
Jul 25 17:32:30 witherspoon systemd-networkd[972]: eth0: Gained IPv6LL
Jul 25 17:32:30 witherspoon avahi-daemon[979]: New relevant interface eth0.IPv6 for mDNS.
Jul 25 17:32:30 witherspoon avahi-daemon[979]: Registering new address record for fe80::72e2:84ff:fe14:28a9 on eth0.*.
Jul 25 17:32:30 witherspoon phosphor-hwmon-readd[988]: Failed to read from device.
Jul 25 17:32:30 witherspoon phosphor-hwmon-readd[988]: Error in mapper call
Jul 25 17:32:30 witherspoon systemd[1]: xyz.openbmc_project.Hwmon@ahb-apb-i2c\x401e78a000-i2c\x2dbus\x40100-dps310\x4076.service: Main process exited, code=exited, status=1/FAILURE
Jul 25 17:32:30 witherspoon systemd[1]: xyz.openbmc_project.Hwmon@ahb-apb-i2c\x401e78a000-i2c\x2dbus\x40100-dps310\x4076.service: Unit entered failed state.
Jul 25 17:32:30 witherspoon systemd[1]: xyz.openbmc_project.Hwmon@ahb-apb-i2c\x401e78a000-i2c\x2dbus\x40100-dps310\x4076.service: Failed with result 'exit-code'.
Jul 25 17:32:30 witherspoon systemd[1]: xyz.openbmc_project.Hwmon@ahb-apb-i2c\x401e78a000-i2c\x2dbus\x40100-dps310\x4076.service: Service hold-off time over, scheduling restart.
Jul 25 17:32:30 witherspoon systemd[1]: Stopped Phosphor Hwmon Poller.
Jul 25 17:32:30 witherspoon systemd[1]: Started Phosphor Hwmon Poller.
Jul 25 17:32:31 witherspoon kernel: ftgmac100 1e660000.ethernet eth0: NCSI interface up
Jul 25 17:32:31 witherspoon kernel[947]: [   51.800000] ftgmac100 1e660000.ethernet eth0: NCSI interface up
Jul 25 17:32:32 witherspoon phosphor-hwmon-readd[1007]: Failed to read from device.
Jul 25 17:32:32 witherspoon phosphor-hwmon-readd[1007]: Error in mapper call
Jul 25 17:32:32 witherspoon systemd[1]: xyz.openbmc_project.Hwmon@ahb-apb-i2c\x401e78a000-i2c\x2dbus\x40100-dps310\x4076.service: Main process exited, code=exited, status=1/FAILURE
Jul 25 17:32:32 witherspoon systemd[1]: xyz.openbmc_project.Hwmon@ahb-apb-i2c\x401e78a000-i2c\x2dbus\x40100-dps310\x4076.service: Unit entered failed state.
Jul 25 17:32:32 witherspoon systemd[1]: xyz.openbmc_project.Hwmon@ahb-apb-i2c\x401e78a000-i2c\x2dbus\x40100-dps310\x4076.service: Failed with result 'exit-code'.
Jul 25 17:32:32 witherspoon systemd[1]: xyz.openbmc_project.Hwmon@ahb-apb-i2c\x401e78a000-i2c\x2dbus\x40100-dps310\x4076.service: Service hold-off time over, scheduling restart.
Jul 25 17:32:32 witherspoon systemd[1]: Stopped Phosphor Hwmon Poller.
Jul 25 17:32:32 witherspoon systemd[1]: Started Phosphor Hwmon Poller.
Jul 25 17:32:36 witherspoon systemd[1]: Created slice system-dropbear.slice.
Jul 25 17:32:36 witherspoon systemd[1]: Started SSH Per-Connection Server (9.41.165.94:36158).
Jul 25 17:32:37 witherspoon phosphor-hwmon-readd[1009]: Failed to read from device.
Jul 25 17:32:37 witherspoon phosphor-hwmon-readd[1009]: Error in mapper call
Jul 25 17:32:37 witherspoon systemd[1]: xyz.openbmc_project.Hwmon@ahb-apb-i2c\x401e78a000-i2c\x2dbus\x40100-dps310\x4076.service: Main process exited, code=exited, status=1/FAILURE
Jul 25 17:32:37 witherspoon systemd[1]: xyz.openbmc_project.Hwmon@ahb-apb-i2c\x401e78a000-i2c\x2dbus\x40100-dps310\x4076.service: Unit entered failed state.
Jul 25 17:32:37 witherspoon systemd[1]: xyz.openbmc_project.Hwmon@ahb-apb-i2c\x401e78a000-i2c\x2dbus\x40100-dps310\x4076.service: Failed with result 'exit-code'.
Jul 25 17:32:37 witherspoon systemd[1]: xyz.openbmc_project.Hwmon@ahb-apb-i2c\x401e78a000-i2c\x2dbus\x40100-dps310\x4076.service: Service hold-off time over, scheduling restart.
Jul 25 17:32:37 witherspoon systemd[1]: Stopped Phosphor Hwmon Poller.
Jul 25 17:32:37 witherspoon systemd[1]: Started Phosphor Hwmon Poller.
Jul 25 17:32:39 witherspoon phosphor-hwmon-readd[1013]: Failed to read from device.
Jul 25 17:32:39 witherspoon phosphor-hwmon-readd[1013]: Error in mapper call
Jul 25 17:32:39 witherspoon systemd[1]: xyz.openbmc_project.Hwmon@ahb-apb-i2c\x401e78a000-i2c\x2dbus\x40100-dps310\x4076.service: Main process exited, code=exited, status=1/FAILURE
Jul 25 17:32:39 witherspoon systemd[1]: xyz.openbmc_project.Hwmon@ahb-apb-i2c\x401e78a000-i2c\x2dbus\x40100-dps310\x4076.service: Unit entered failed state.
Jul 25 17:32:39 witherspoon systemd[1]: xyz.openbmc_project.Hwmon@ahb-apb-i2c\x401e78a000-i2c\x2dbus\x40100-dps310\x4076.service: Failed with result 'exit-code'.
Jul 25 17:32:40 witherspoon systemd[1]: xyz.openbmc_project.Hwmon@ahb-apb-i2c\x401e78a000-i2c\x2dbus\x40100-dps310\x4076.service: Service hold-off time over, scheduling restart.
Jul 25 17:32:40 witherspoon dropbear[1011]: Failed loading /etc/dropbear/dropbear_dss_host_key
Jul 25 17:32:41 witherspoon download_manager.py[987]: Running Download Manager
Jul 25 17:32:40 witherspoon systemd[1]: Stopped Phosphor Hwmon Poller.
Jul 25 17:32:40 witherspoon dropbear[1011]: Failed loading /etc/dropbear/dropbear_ecdsa_host_key
Jul 25 17:32:40 witherspoon systemd[1]: Started Phosphor Hwmon Poller.
Jul 25 17:32:40 witherspoon dropbear[1011]: Child connection from ::ffff:9.41.165.94:36158
Jul 25 17:32:40 witherspoon systemd[1]: Started Phosphor Download Manager.
Jul 25 17:32:42 witherspoon systemd[1]: Started Phosphor Chassis0 Control.
Jul 25 17:32:42 witherspoon chassis_control.py[953]: Running ChassisControlService
Jul 25 17:32:42 witherspoon sensor_manager2.py[963]: Setting boot count to 3
Jul 25 17:32:42 witherspoon systemd[1]: Started Phosphor Sensor Manager.
Jul 25 17:32:42 witherspoon sensor_manager2.py[963]: Starting sensor manager
Jul 25 17:32:43 witherspoon systemd-networkd[972]: eth0: Configured
Jul 25 17:32:43 witherspoon systemd-timesyncd[904]: Network configuration changed, trying to establish connection.
Jul 25 17:32:43 witherspoon phosphor-hwmon-readd[1015]: Failed to read from device.
Jul 25 17:32:43 witherspoon phosphor-hwmon-readd[1015]: Error in mapper call
Jul 25 17:32:43 witherspoon systemd[1]: xyz.openbmc_project.Hwmon@ahb-apb-i2c\x401e78a000-i2c\x2dbus\x40100-dps310\x4076.service: Main process exited, code=exited, status=1/FAILURE
Jul 25 17:32:43 witherspoon systemd[1]: xyz.openbmc_project.Hwmon@ahb-apb-i2c\x401e78a000-i2c\x2dbus\x40100-dps310\x4076.service: Unit entered failed state.
Jul 25 17:32:43 witherspoon systemd[1]: xyz.openbmc_project.Hwmon@ahb-apb-i2c\x401e78a000-i2c\x2dbus\x40100-dps310\x4076.service: Failed with result 'exit-code'.
Jul 25 17:32:44 witherspoon systemd[1]: xyz.openbmc_project.Hwmon@ahb-apb-i2c\x401e78a000-i2c\x2dbus\x40100-dps310\x4076.service: Service hold-off time over, scheduling restart.
Jul 25 17:32:44 witherspoon systemd[1]: Stopped Phosphor Hwmon Poller.
Jul 25 17:32:44 witherspoon systemd[1]: Started Phosphor Hwmon Poller.
Jul 25 17:32:44 witherspoon phosphor-mapper[954]: ObjectMapper startup complete.  Discovery in progress...
Jul 25 17:32:44 witherspoon dropbear[1011]: PAM password auth succeeded for 'root' from ::ffff:9.41.165.94:36158
Jul 25 17:32:44 witherspoon dropbear[1018]: lastlog_perform_login: Couldn't stat /var/log/lastlog: No such file or directory
Jul 25 17:32:44 witherspoon dropbear[1018]: lastlog_openseek: /var/log/lastlog is not a file or directory!
Jul 25 17:32:45 witherspoon avahi-daemon[984]: ../../avahi-0.6.32/avahi-daemon/chroot.c: open() failed: No such file or directory
Jul 25 17:32:45 witherspoon avahi-daemon[979]: Failed to open /usr/share/dbus-1/interfaces/org.freedesktop.Avahi.Server.xml: Invalid argument
Jul 25 17:32:45 witherspoon avahi-daemon[979]: Failed to load introspection data.
Jul 25 17:32:45 witherspoon phosphor-hwmon-readd[1017]: Failed to read from device.
Jul 25 17:32:45 witherspoon phosphor-hwmon-readd[1017]: Error in mapper call
Jul 25 17:32:45 witherspoon systemd[1]: xyz.openbmc_project.Hwmon@ahb-apb-i2c\x401e78a000-i2c\x2dbus\x40100-dps310\x4076.service: Main process exited, code=exited, status=1/FAILURE
Jul 25 17:32:45 witherspoon systemd[1]: xyz.openbmc_project.Hwmon@ahb-apb-i2c\x401e78a000-i2c\x2dbus\x40100-dps310\x4076.service: Unit entered failed state.
Jul 25 17:32:45 witherspoon systemd[1]: xyz.openbmc_project.Hwmon@ahb-apb-i2c\x401e78a000-i2c\x2dbus\x40100-dps310\x4076.service: Failed with result 'exit-code'.
Jul 25 17:32:46 witherspoon inventory_items.py[949]: Loading from cache: /var/cache/obmc/org.openbmc.inventory.system.chassis.motherboard.apss@org.openbmc.InventoryItem.props
Jul 25 17:32:46 witherspoon inventory_items.py[949]: Loading from cache: /var/cache/obmc/org.openbmc.inventory.system.chassis.motherboard@org.openbmc.InventoryItem.props
Jul 25 17:32:46 witherspoon inventory_items.py[949]: Loading from cache: /var/cache/obmc/org.openbmc.inventory.system.chassis.motherboard.refclock@org.openbmc.InventoryItem.props
Jul 25 17:32:46 witherspoon inventory_items.py[949]: Loading from cache: /var/cache/obmc/org.openbmc.inventory.system.chassis.motherboard.todclock@org.openbmc.InventoryItem.props
Jul 25 17:32:46 witherspoon inventory_items.py[949]: Loading from cache: /var/cache/obmc/org.openbmc.inventory.system.chassis.motherboard.bmc@org.openbmc.InventoryItem.props
Jul 25 17:32:46 witherspoon inventory_items.py[949]: Caching: /org/openbmc/inventory/system/chassis/motherboard/bmc
Jul 25 17:32:45 witherspoon systemd[1]: xyz.openbmc_project.Hwmon@ahb-apb-i2c\x401e78a000-i2c\x2dbus\x40100-dps310\x4076.service: Service hold-off time over, scheduling restart.
Jul 25 17:32:45 witherspoon systemd[1]: Stopped Phosphor Hwmon Poller.
Jul 25 17:32:45 witherspoon systemd[1]: Started Phosphor Hwmon Poller.
Jul 25 17:32:48 witherspoon phosphor-hwmon-readd[1025]: Failed to read from device.
Jul 25 17:32:48 witherspoon phosphor-hwmon-readd[1025]: Error in mapper call
Jul 25 17:32:48 witherspoon systemd[1]: xyz.openbmc_project.Hwmon@ahb-apb-i2c\x401e78a000-i2c\x2dbus\x40100-dps310\x4076.service: Main process exited, code=exited, status=1/FAILURE
Jul 25 17:32:48 witherspoon systemd[1]: xyz.openbmc_project.Hwmon@ahb-apb-i2c\x401e78a000-i2c\x2dbus\x40100-dps310\x4076.service: Unit entered failed state.
Jul 25 17:32:48 witherspoon systemd[1]: xyz.openbmc_project.Hwmon@ahb-apb-i2c\x401e78a000-i2c\x2dbus\x40100-dps310\x4076.service: Failed with result 'exit-code'.
Jul 25 17:32:48 witherspoon systemd[1]: xyz.openbmc_project.Hwmon@ahb-apb-i2c\x401e78a000-i2c\x2dbus\x40100-dps310\x4076.service: Service hold-off time over, scheduling restart.
Jul 25 17:32:48 witherspoon systemd[1]: Stopped Phosphor Hwmon Poller.
Jul 25 17:32:48 witherspoon systemd[1]: Started Phosphor Hwmon Poller.
Jul 25 17:32:49 witherspoon phosphor-hwmon-readd[1027]: Failed to read from device.
Jul 25 17:32:49 witherspoon phosphor-hwmon-readd[1027]: Error in mapper call
Jul 25 17:32:49 witherspoon systemd[1]: xyz.openbmc_project.Hwmon@ahb-apb-i2c\x401e78a000-i2c\x2dbus\x40100-dps310\x4076.service: Main process exited, code=exited, status=1/FAILURE
Jul 25 17:32:49 witherspoon systemd[1]: xyz.openbmc_project.Hwmon@ahb-apb-i2c\x401e78a000-i2c\x2dbus\x40100-dps310\x4076.service: Unit entered failed state.
Jul 25 17:32:49 witherspoon systemd[1]: xyz.openbmc_project.Hwmon@ahb-apb-i2c\x401e78a000-i2c\x2dbus\x40100-dps310\x4076.service: Failed with result 'exit-code'.
Jul 25 17:32:50 witherspoon systemd[1]: xyz.openbmc_project.Hwmon@ahb-apb-i2c\x401e78a000-i2c\x2dbus\x40100-dps310\x4076.service: Service hold-off time over, scheduling restart.
Jul 25 17:32:50 witherspoon systemd[1]: Stopped Phosphor Hwmon Poller.
Jul 25 17:32:50 witherspoon systemd[1]: Started Phosphor Hwmon Poller.
Jul 25 17:32:50 witherspoon systemd[1]: Started Phosphor User Manager.
Jul 25 17:32:50 witherspoon obmc-phosphor-userd[993]: Started
Jul 25 17:32:51 witherspoon phosphor-hwmon-readd[1029]: Failed to read from device.
Jul 25 17:32:51 witherspoon phosphor-hwmon-readd[1029]: Error in mapper call
Jul 25 17:32:51 witherspoon systemd[1]: xyz.openbmc_project.Hwmon@ahb-apb-i2c\x401e78a000-i2c\x2dbus\x40100-dps310\x4076.service: Main process exited, code=exited, status=1/FAILURE
Jul 25 17:32:51 witherspoon systemd[1]: xyz.openbmc_project.Hwmon@ahb-apb-i2c\x401e78a000-i2c\x2dbus\x40100-dps310\x4076.service: Unit entered failed state.
Jul 25 17:32:51 witherspoon systemd[1]: xyz.openbmc_project.Hwmon@ahb-apb-i2c\x401e78a000-i2c\x2dbus\x40100-dps310\x4076.service: Failed with result 'exit-code'.
Jul 25 17:32:51 witherspoon systemd[1]: xyz.openbmc_project.Hwmon@ahb-apb-i2c\x401e78a000-i2c\x2dbus\x40100-dps310\x4076.service: Service hold-off time over, scheduling restart.
Jul 25 17:32:51 witherspoon systemd[1]: Stopped Phosphor Hwmon Poller.
Jul 25 17:32:51 witherspoon systemd[1]: Started Phosphor Hwmon Poller.
Jul 25 17:32:51 witherspoon inventory_items.py[949]: Loading from cache: /var/cache/obmc/org.openbmc.inventory.system.chassis.motherboard.pcieclock@org.openbmc.InventoryItem.props
Jul 25 17:32:51 witherspoon inventory_items.py[949]: Running Inventory Manager
Jul 25 17:32:51 witherspoon systemd[1]: Started Phosphor Inventory Manager.
Jul 25 17:32:52 witherspoon phosphor-hwmon-readd[1031]: Failed to read from device.
Jul 25 17:32:52 witherspoon phosphor-hwmon-readd[1031]: Error in mapper call
Jul 25 17:32:52 witherspoon systemd[1]: xyz.openbmc_project.Hwmon@ahb-apb-i2c\x401e78a000-i2c\x2dbus\x40100-dps310\x4076.service: Main process exited, code=exited, status=1/FAILURE
Jul 25 17:32:52 witherspoon systemd[1]: xyz.openbmc_project.Hwmon@ahb-apb-i2c\x401e78a000-i2c\x2dbus\x40100-dps310\x4076.service: Unit entered failed state.
Jul 25 17:32:52 witherspoon systemd[1]: xyz.openbmc_project.Hwmon@ahb-apb-i2c\x401e78a000-i2c\x2dbus\x40100-dps310\x4076.service: Failed with result 'exit-code'.
Jul 25 17:32:53 witherspoon systemd[1]: xyz.openbmc_project.Hwmon@ahb-apb-i2c\x401e78a000-i2c\x2dbus\x40100-dps310\x4076.service: Service hold-off time over, scheduling restart.
Jul 25 17:32:53 witherspoon systemd[1]: Stopped Phosphor Hwmon Poller.
Jul 25 17:32:53 witherspoon systemd[1]: Started Phosphor Hwmon Poller.
Jul 25 17:32:53 witherspoon phosphor-hwmon-readd[1033]: Failed to read from device.
Jul 25 17:32:53 witherspoon phosphor-hwmon-readd[1033]: Error in mapper call
Jul 25 17:32:53 witherspoon systemd[1]: xyz.openbmc_project.Hwmon@ahb-apb-i2c\x401e78a000-i2c\x2dbus\x40100-dps310\x4076.service: Main process exited, code=exited, status=1/FAILURE
Jul 25 17:32:53 witherspoon systemd[1]: xyz.openbmc_project.Hwmon@ahb-apb-i2c\x401e78a000-i2c\x2dbus\x40100-dps310\x4076.service: Unit entered failed state.
Jul 25 17:32:53 witherspoon systemd[1]: xyz.openbmc_project.Hwmon@ahb-apb-i2c\x401e78a000-i2c\x2dbus\x40100-dps310\x4076.service: Failed with result 'exit-code'.
Jul 25 17:32:54 witherspoon systemd[1]: xyz.openbmc_project.Hwmon@ahb-apb-i2c\x401e78a000-i2c\x2dbus\x40100-dps310\x4076.service: Service hold-off time over, scheduling restart.
Jul 25 17:32:54 witherspoon systemd[1]: Stopped Phosphor Hwmon Poller.
Jul 25 17:32:54 witherspoon systemd[1]: Started Phosphor Hwmon Poller.
Jul 25 17:32:55 witherspoon phosphor-hwmon-readd[1035]: Failed to read from device.
Jul 25 17:32:55 witherspoon phosphor-hwmon-readd[1035]: Error in mapper call
Jul 25 17:32:55 witherspoon systemd[1]: xyz.openbmc_project.Hwmon@ahb-apb-i2c\x401e78a000-i2c\x2dbus\x40100-dps310\x4076.service: Main process exited, code=exited, status=1/FAILURE
Jul 25 17:32:55 witherspoon systemd[1]: xyz.openbmc_project.Hwmon@ahb-apb-i2c\x401e78a000-i2c\x2dbus\x40100-dps310\x4076.service: Unit entered failed state.
Jul 25 17:32:55 witherspoon systemd[1]: xyz.openbmc_project.Hwmon@ahb-apb-i2c\x401e78a000-i2c\x2dbus\x40100-dps310\x4076.service: Failed with result 'exit-code'.
Jul 25 17:32:56 witherspoon systemd[1]: xyz.openbmc_project.Hwmon@ahb-apb-i2c\x401e78a000-i2c\x2dbus\x40100-dps310\x4076.service: Service hold-off time over, scheduling restart.
Jul 25 17:32:56 witherspoon systemd[1]: Stopped Phosphor Hwmon Poller.
Jul 25 17:32:56 witherspoon systemd[1]: xyz.openbmc_project.Hwmon@ahb-apb-i2c\x401e78a000-i2c\x2dbus\x40100-dps310\x4076.service: Start request repeated too quickly.
Jul 25 17:32:56 witherspoon systemd[1]: Failed to start Phosphor Hwmon Poller.
Jul 25 17:32:56 witherspoon systemd[1]: xyz.openbmc_project.Hwmon@ahb-apb-i2c\x401e78a000-i2c\x2dbus\x40100-dps310\x4076.service: Unit entered failed state.
Jul 25 17:32:56 witherspoon systemd[1]: xyz.openbmc_project.Hwmon@ahb-apb-i2c\x401e78a000-i2c\x2dbus\x40100-dps310\x4076.service: Failed with result 'exit-code'.
Jul 25 17:32:57 witherspoon systemd[1]: Started Phosphor Network Manager.
Jul 25 17:32:57 witherspoon netman.py[991]: Started
Jul 25 17:33:04 witherspoon phosphor-mapper[954]: ObjectMapper discovery complete
Jul 25 17:33:04 witherspoon systemd[1]: Started Phosphor DBus Service Discovery Manager.
Jul 25 17:33:04 witherspoon systemd[1]: Reached target Phosphor Object Mapper.
Jul 25 17:33:04 witherspoon systemd[1]: Starting Phosphor Settings Manager...
Jul 25 17:33:04 witherspoon systemd[1]: Starting Wait for /org/openbmc/control/flash/bios...
Jul 25 17:33:04 witherspoon systemd[1]: Starting Wait for /xyz/openbmc_project/control/host0...
Jul 25 17:33:04 witherspoon systemd[1]: Starting Wait for /xyz/openbmc_project/led/groups...
Jul 25 17:33:04 witherspoon systemd[1]: Starting Wait for /org/openbmc/control/power0...
Jul 25 17:33:04 witherspoon systemd[1]: Starting Phosphor Network Manager...
Jul 25 17:33:04 witherspoon systemd[1]: Starting Wait for /org/openbmc/managers/Download...
Jul 25 17:33:04 witherspoon systemd[1]: Starting Wait for /xyz/openbmc_project/inventory...
Jul 25 17:33:05 witherspoon systemd[1]: Starting Wait for /org/openbmc/control/bmc0...
Jul 25 17:33:05 witherspoon systemd[1]: Starting Wait for /xyz/openbmc_project/led/groups/bmc_booted...
Jul 25 17:33:05 witherspoon systemd[1]: Starting Wait for /xyz/openbmc_project/state/chassis0...
Jul 25 17:33:05 witherspoon systemd[1]: Reached target Webserver (pre).
Jul 25 17:33:05 witherspoon systemd[1]: Started Phosphor Webserver.
Jul 25 17:33:05 witherspoon systemd[1]: Starting Phoshpor System Manager...
Jul 25 17:33:05 witherspoon systemd[1]: Starting Wait for /org/openbmc/NetworkManager/Interface...
Jul 25 17:33:05 witherspoon systemd[1]: Started Phosphor DBus Monitor.
Jul 25 17:33:05 witherspoon systemd[1]: Starting Wait for /xyz/openbmc_project/state/host0...
Jul 25 17:33:05 witherspoon systemd[1]: Starting Wait for /org/openbmc/managers/System...
Jul 25 17:33:05 witherspoon phosphor-network-manager[1042]: ConfigParser: Section not found
Jul 25 17:33:05 witherspoon phosphor-network-manager[1042]: The operation failed internally.
Jul 25 17:33:05 witherspoon phosphor-network-manager[1042]: ConfigParser: Section not found
Jul 25 17:33:05 witherspoon phosphor-network-manager[1042]: The operation failed internally.
Jul 25 17:33:05 witherspoon phosphor-network-manager[1042]: ConfigParser: Key not found
Jul 25 17:33:05 witherspoon phosphor-network-manager[1042]: The operation failed internally.
Jul 25 17:33:05 witherspoon systemd[1]: Started Wait for /xyz/openbmc_project/led/groups.
Jul 25 17:33:05 witherspoon systemd[1]: Started Wait for /org/openbmc/managers/Download.
Jul 25 17:33:06 witherspoon systemd[1]: Starting Phosphor BIOS Code Update...
Jul 25 17:33:06 witherspoon systemd[1]: Started FRU Fault monitor service.
Jul 25 17:33:06 witherspoon systemd[1]: Started Wait for /org/openbmc/control/bmc0.
Jul 25 17:33:06 witherspoon systemd[1]: Starting Phosphor BMC Code Update...
Jul 25 17:33:06 witherspoon systemd[1]: Started Wait for /xyz/openbmc_project/led/groups/bmc_booted.
Jul 25 17:33:07 witherspoon systemd[1]: Starting Assert bmc_booted LED...
Jul 25 17:33:07 witherspoon systemd[1]: Started Wait for /xyz/openbmc_project/inventory.
Jul 25 17:33:07 witherspoon systemd[1]: Started Wait for /org/openbmc/NetworkManager/Interface.
Jul 25 17:33:07 witherspoon systemd[1]: Started Phosphor DNS Settings Cache Manager.
Jul 25 17:33:07 witherspoon systemd[1]: Starting OpenPOWER OCC controller...
Jul 25 17:33:07 witherspoon systemd[1]: Starting Read OpenPOWER-format VPD from EEPROM...
Jul 25 17:33:07 witherspoon systemd[1]: Started Phosphor Cooling Type.
Jul 25 17:33:08 witherspoon phosphor-log-manager[961]: Failed to find metadata
Jul 25 17:33:08 witherspoon dbus[968]: [system] Activating via systemd: service name='org.freedesktop.hostname1' unit='dbus-org.freedesktop.hostname1.service'
Jul 25 17:33:09 witherspoon systemd[1]: Started Phosphor BIOS Code Update.
Jul 25 17:33:09 witherspoon systemd[1]: Starting Hostname Service...
Jul 25 17:33:09 witherspoon systemd[1073]: systemd-hostnamed.service: Failed at step NETWORK spawning /lib/systemd/systemd-hostnamed: Invalid argument
Jul 25 17:33:09 witherspoon systemd[1]: systemd-hostnamed.service: Main process exited, code=exited, status=225/NETWORK
Jul 25 17:33:09 witherspoon systemd[1]: Failed to start Hostname Service.
Jul 25 17:33:09 witherspoon systemd[1]: systemd-hostnamed.service: Unit entered failed state.
Jul 25 17:33:09 witherspoon systemd[1]: systemd-hostnamed.service: Failed with result 'exit-code'.
Jul 25 17:33:09 witherspoon systemd[1]: Started OpenPOWER OCC controller.
Jul 25 17:33:11 witherspoon systemd[1]: Started Assert bmc_booted LED.
Jul 25 17:33:13 witherspoon systemd[1]: Started Read OpenPOWER-format VPD from EEPROM.
Jul 25 17:33:15 witherspoon systemd[1]: Started Wait for /org/openbmc/control/flash/bios.
Jul 25 17:33:15 witherspoon systemd[1]: Started Initialize BIOS Flash.
Jul 25 17:33:19 witherspoon flash_bios.exe[1056]: Starting flasher: bios,,/org/openbmc/control/flash/bios,
Jul 25 17:33:19 witherspoon flash_bios.exe[1056]: flasher: , BMC = 1, address = 0x0
Jul 25 17:33:19 witherspoon flash_bios.exe[1056]: Setting up flash
Jul 25 17:33:19 witherspoon flash_bios.exe[1056]: Starting flasher: bios,,/org/openbmc/control/flash/bios,
Jul 25 17:33:19 witherspoon flash_bios.exe[1056]: flasher: , BMC = 1, address = 0x0
Jul 25 17:33:19 witherspoon flash_bios.exe[1056]: Setting up flash
Jul 25 17:33:20 witherspoon system_manager.py[1051]: Running System State: BASE_APPS
Jul 25 17:33:21 witherspoon system_manager.py[1051]: SystemManager Init Done
Jul 25 17:33:21 witherspoon systemd[1]: Started Phoshpor System Manager.
Jul 25 17:33:21 witherspoon system_manager.py[1051]: Running SystemManager
Jul 25 17:33:21 witherspoon settings_manager.py[1037]: Running HostSettingsService
Jul 25 17:33:21 witherspoon systemd[1]: Started Phosphor Settings Manager.
Jul 25 17:33:21 witherspoon system_manager.py[1051]: SystemManager Goto System State: BMC_STARTING
Jul 25 17:33:21 witherspoon system_manager.py[1051]: Running System State: BMC_STARTING
Jul 25 17:33:21 witherspoon systemd[1]: Starting Wait for /org/openbmc/settings/host0...
Jul 25 17:33:22 witherspoon systemd[1]: Started Phosphor BMC Code Update.
Jul 25 17:33:22 witherspoon bmc_update.py[1060]: Running Bmc Flash Control
Jul 25 17:33:23 witherspoon systemd[1]: Started Wait for /org/openbmc/managers/System.
Jul 25 17:33:23 witherspoon systemd[1]: Starting Phosphor Host State Manager...
Jul 25 17:33:23 witherspoon systemd[1]: Starting Phosphor Reset Button0...
Jul 25 17:33:23 witherspoon systemd[1]: Starting Phosphor Power0 Control...
Jul 25 17:33:23 witherspoon systemd[1]: Starting Phosphor Power Button0...
Jul 25 17:33:23 witherspoon systemd[1]: Starting Phosphor BMC State Manager...
Jul 25 17:33:23 witherspoon systemd[1]: Starting Phosphor Chassis State Manager...
Jul 25 17:33:23 witherspoon phosphor-host-state-manager[1092]: Initial Host State will be Off
Jul 25 17:33:23 witherspoon systemd[1]: Started Phosphor Host State Manager.
Jul 25 17:33:24 witherspoon phosphor-bmc-state-manager[1096]: Setting the BMCState field
Jul 25 17:33:24 witherspoon phosphor-bmc-state-manager[1096]: Setting the BMCState field
Jul 25 17:33:24 witherspoon systemd[1]: Started Phosphor BMC State Manager.
Jul 25 17:33:24 witherspoon systemd[1]: Started Wait for /org/openbmc/settings/host0.
Jul 25 17:33:24 witherspoon systemd[1]: Started Phosphor Inband IPMI.
Jul 25 17:33:24 witherspoon phosphor-chassis-state-manager[1097]: Initial Chassis State will be Off
Jul 25 17:33:24 witherspoon systemd[1]: Started Phosphor Chassis State Manager.
Jul 25 17:33:25 witherspoon system_manager.py[1051]: New object: /org/openbmc/control/power0 (:1.97)
Jul 25 17:33:25 witherspoon system_manager.py[1051]: Power GPIO config: ['SYS_PWROK_BUFF', '', [('SOFTWARE_PGOOD', True), ('BMC_POWER_UP', True)], [('BMC_CP0_RESET_N', False)], [], 'FSI_DATA', 'FSI_CLK', 'FSI_ENABLE', 'CRONUS_SEL', []]
Jul 25 17:33:25 witherspoon power_control.exe[1094]: Power GPIO latch output:
Jul 25 17:33:25 witherspoon power_control.exe[1094]: Power GPIO power good input: SYS_PWROK_BUFF
Jul 25 17:33:25 witherspoon power_control.exe[1094]: Power GPIO 2 power_up outputs
Jul 25 17:33:25 witherspoon power_control.exe[1094]: Power GPIO power_up[0] = SOFTWARE_PGOOD active HIGH
Jul 25 17:33:25 witherspoon power_control.exe[1094]: Power GPIO power_up[1] = BMC_POWER_UP active HIGH
Jul 25 17:33:25 witherspoon power_control.exe[1094]: Power GPIO 1 reset outputs
Jul 25 17:33:25 witherspoon power_control.exe[1094]: Power GPIO reset[0] = BMC_CP0_RESET_N active LOW
Jul 25 17:33:25 witherspoon power_control.exe[1094]: Power GPIO 0 pci reset outputs
Jul 25 17:33:25 witherspoon power_control.exe[1094]: FSI DATA GPIO: FSI_DATA
Jul 25 17:33:25 witherspoon power_control.exe[1094]: FSI CLK GPIO: FSI_CLK
Jul 25 17:33:25 witherspoon power_control.exe[1094]: FSI ENABLE GPIO: FSI_ENABLE
Jul 25 17:33:25 witherspoon power_control.exe[1094]: CRONUS SEL GPIO: CRONUS_SEL
Jul 25 17:33:25 witherspoon power_control.exe[1094]: Hostctl GPIO optionals: 0
Jul 25 17:33:25 witherspoon power_control.exe[1094]: GPIO Lookup:  SYS_PWROK_BUFF = 306,in
Jul 25 17:33:25 witherspoon power_control.exe[1094]: GPIO Lookup:  SOFTWARE_PGOOD = 417,out
Jul 25 17:33:25 witherspoon power_control.exe[1094]: GPIO Lookup:  BMC_POWER_UP = 305,out
Jul 25 17:33:25 witherspoon power_control.exe[1094]: GPIO Lookup:  BMC_CP0_RESET_N = 281,out
Jul 25 17:33:25 witherspoon power_control.exe[1094]: Pgood state: 0
Jul 25 17:33:25 witherspoon systemd[1]: Started Phosphor Power0 Control.
Jul 25 17:33:26 witherspoon button_reset.exe[1093]: GPIO Lookup:  RESET_BUTTON = 353,both
Jul 25 17:33:26 witherspoon systemd[1]: Started Phosphor Reset Button0.
Jul 25 17:33:26 witherspoon button_power.exe[1095]: GPIO Lookup:  POWER_BUTTON = 347,both
Jul 25 17:33:26 witherspoon systemd[1]: Started Phosphor Power Button0.
Jul 25 17:33:31 witherspoon system_manager.py[1051]: SystemManager Goto System State: BMC_READY
Jul 25 17:33:31 witherspoon system_manager.py[1051]: Running System State: BMC_READY
Jul 25 17:33:31 witherspoon systemd[1]: Started Wait for /xyz/openbmc_project/state/host0.
Jul 25 17:33:32 witherspoon systemd[1]: Started Wait for /xyz/openbmc_project/state/chassis0.
Jul 25 17:33:32 witherspoon systemd[1]: Starting Reboot If Enabled...
Jul 25 17:33:32 witherspoon systemd[1]: Started Wait for /org/openbmc/control/power0.
Jul 25 17:33:32 witherspoon systemd[1]: Starting Check Chassis0 pgood and create a file to indicate it...
Jul 25 17:33:32 witherspoon systemd[1]: Starting Phosphor Time Manager daemon...
Jul 25 17:33:32 witherspoon systemd[1]: Started Wait for /xyz/openbmc_project/control/host0.
Jul 25 17:33:32 witherspoon timemanager[1125]: Registering dbus methods
Jul 25 17:33:33 witherspoon phosphor-discover-system-state[1122]: Host power is off, checking power policy
Jul 25 17:33:33 witherspoon systemd[1]: Started Reboot If Enabled.
Jul 25 17:33:33 witherspoon timemanager[1125]: Last known time_mode: MANUAL
Jul 25 17:33:33 witherspoon timemanager[1125]: Last known time_owner: BMC
Jul 25 17:33:33 witherspoon timemanager[1125]: Empty DhcpNtp string
Jul 25 17:33:33 witherspoon timemanager[1125]: Reading Power Control key: pgood
Jul 25 17:33:33 witherspoon timemanager[1125]: Changing settings *allowed* now
Jul 25 17:33:33 witherspoon timemanager[1125]: Getting System Settings: time_mode
Jul 25 17:33:33 witherspoon phosphor-network-manager[1042]: Failed to get hostname
Jul 25 17:33:33 witherspoon phosphor-network-manager[1042]: The operation failed internally.
Jul 25 17:33:33 witherspoon dbus[968]: [system] Failed to activate service 'org.freedesktop.hostname1': timed out
Jul 25 17:33:33 witherspoon timemanager[1125]: Requested_Mode: MANUAL Current_Mode: MANUAL
Jul 25 17:33:33 witherspoon timemanager[1125]: Mode is already set to : MANUAL
Jul 25 17:33:33 witherspoon timemanager[1125]: Getting System Settings: time_owner
Jul 25 17:33:33 witherspoon systemd[1]: Started Check Chassis0 pgood and create a file to indicate it.
Jul 25 17:33:33 witherspoon timemanager[1125]: Owner is already set to : BMC
Jul 25 17:33:33 witherspoon timemanager[1125]: Getting System Settings: use_dhcp_ntp
Jul 25 17:33:33 witherspoon systemd[1]: Reached target Chassis0 power on after reset.
Jul 25 17:33:33 witherspoon systemd[1]: Reached target Chassis0 (Reset Check).
Jul 25 17:33:33 witherspoon systemd[1]: Reached target Host0 running after reset.
Jul 25 17:33:33 witherspoon systemd[1]: Reached target Host0 (Reset Check).
Jul 25 17:33:34 witherspoon timemanager[1125]: use_dhcp_ntp = yes
Jul 25 17:33:34 witherspoon timemanager[1125]: Last known host_offset:0
Jul 25 17:33:34 witherspoon timemanager[1125]: Initial Uptime Usec: 1501003899605841
Jul 25 17:33:34 witherspoon systemd[1]: Started Phosphor Time Manager daemon.
Jul 25 17:33:34 witherspoon phosphor-log-manager[961]: Failed to find metadata
Jul 25 17:33:34 witherspoon systemd[1]: Started Phosphor Network Manager.
Jul 25 17:33:34 witherspoon systemd[1]: Reached target Phosphor System - Standby.
Jul 25 17:33:34 witherspoon systemd[1]: Startup finished in 8.551s (kernel) + 1min 46.177s (userspace) = 1min 54.729s.
Jul 25 17:33:34 witherspoon phosphor-bmc-state-manager[1096]: BMC_READY
Jul 25 17:33:34 witherspoon phosphor-bmc-state-manager[1096]: Setting the BMCState field
Jul 25 17:33:40 witherspoon phosphor-gevent[1050]: Traceback (most recent call last):
Jul 25 17:33:40 witherspoon phosphor-gevent[1050]:   File "/usr/lib/python2.7/site-packages/gevent/greenlet.py", line 327, in run
Jul 25 17:33:40 witherspoon phosphor-gevent[1050]:     result = self._run(*self.args, **self.kwargs)
Jul 25 17:33:40 witherspoon phosphor-gevent[1050]:   File "/usr/lib/python2.7/site-packages/gevent/server.py", line 102, in wrap_socket_and_handle
Jul 25 17:33:40 witherspoon phosphor-gevent[1050]:     ssl_socket = self.wrap_socket(client_socket, **self.ssl_args)
Jul 25 17:33:40 witherspoon phosphor-gevent[1050]:   File "/usr/lib/python2.7/site-packages/gevent/ssl.py", line 404, in wrap_socket
Jul 25 17:33:40 witherspoon phosphor-gevent[1050]:     ciphers=ciphers)
Jul 25 17:33:40 witherspoon phosphor-gevent[1050]:   File "/usr/lib/python2.7/site-packages/gevent/ssl.py", line 113, in __init__
Jul 25 17:33:40 witherspoon phosphor-gevent[1050]:     self.do_handshake()
Jul 25 17:33:40 witherspoon phosphor-gevent[1050]:   File "/usr/lib/python2.7/site-packages/gevent/ssl.py", line 324, in do_handshake
Jul 25 17:33:40 witherspoon phosphor-gevent[1050]:     return self._sslobj.do_handshake()
Jul 25 17:33:40 witherspoon phosphor-gevent[1050]: SSLEOFError: EOF occurred in violation of protocol (_ssl.c:590)
Jul 25 17:33:40 witherspoon phosphor-gevent[1050]: <Greenlet at 0x760543f0: <bound method WSGIServer.wrap_socket_and_handle of <WSGIServer at 0x7602ab50 fileno=5 address=('::34e2:f376:b0bd:6976%1986641312', 443, 0, 1986641312)>>(<socket at 0x75f01830 fileno=9>, ('::80c9:6776:8e91:f402%1995623196', 37182, 0, 199)> failed with SSLEOFError
Jul 25 17:33:40 witherspoon phosphor-gevent[1050]: Traceback (most recent call last):
Jul 25 17:33:40 witherspoon phosphor-gevent[1050]:   File "/usr/lib/python2.7/site-packages/gevent/greenlet.py", line 327, in run
Jul 25 17:33:40 witherspoon phosphor-gevent[1050]:     result = self._run(*self.args, **self.kwargs)
Jul 25 17:33:40 witherspoon phosphor-gevent[1050]:   File "/usr/lib/python2.7/site-packages/gevent/server.py", line 102, in wrap_socket_and_handle
Jul 25 17:33:40 witherspoon phosphor-gevent[1050]:     ssl_socket = self.wrap_socket(client_socket, **self.ssl_args)
Jul 25 17:33:40 witherspoon phosphor-gevent[1050]:   File "/usr/lib/python2.7/site-packages/gevent/ssl.py", line 404, in wrap_socket
Jul 25 17:33:40 witherspoon phosphor-gevent[1050]:     ciphers=ciphers)
Jul 25 17:33:40 witherspoon phosphor-gevent[1050]:   File "/usr/lib/python2.7/site-packages/gevent/ssl.py", line 113, in __init__
Jul 25 17:33:40 witherspoon phosphor-gevent[1050]:     self.do_handshake()
Jul 25 17:33:40 witherspoon phosphor-gevent[1050]:   File "/usr/lib/python2.7/site-packages/gevent/ssl.py", line 324, in do_handshake
Jul 25 17:33:40 witherspoon phosphor-gevent[1050]:     return self._sslobj.do_handshake()
Jul 25 17:33:40 witherspoon phosphor-gevent[1050]: SSLEOFError: EOF occurred in violation of protocol (_ssl.c:590)
Jul 25 17:33:40 witherspoon phosphor-gevent[1050]: <Greenlet at 0x760546c0: <bound method WSGIServer.wrap_socket_and_handle of <WSGIServer at 0x7602ab50 fileno=5 address=('::34e2:f376:b0bd:6976%1986641312', 443, 0, 1986641312)>>(<socket at 0x75f017d0 fileno=10>, ('::80c9:6776:8e91:f402%1995623196', 37186, 0, 199)> failed with SSLEOFError
Jul 25 17:33:40 witherspoon phosphor-gevent[1050]: Traceback (most recent call last):
Jul 25 17:33:40 witherspoon phosphor-gevent[1050]:   File "/usr/lib/python2.7/site-packages/gevent/greenlet.py", line 327, in run
Jul 25 17:33:40 witherspoon phosphor-gevent[1050]:     result = self._run(*self.args, **self.kwargs)
Jul 25 17:33:40 witherspoon phosphor-gevent[1050]:   File "/usr/lib/python2.7/site-packages/gevent/server.py", line 102, in wrap_socket_and_handle
Jul 25 17:33:40 witherspoon phosphor-gevent[1050]:     ssl_socket = self.wrap_socket(client_socket, **self.ssl_args)
Jul 25 17:33:40 witherspoon phosphor-gevent[1050]:   File "/usr/lib/python2.7/site-packages/gevent/ssl.py", line 404, in wrap_socket
Jul 25 17:33:40 witherspoon phosphor-gevent[1050]:     ciphers=ciphers)
Jul 25 17:33:40 witherspoon phosphor-gevent[1050]:   File "/usr/lib/python2.7/site-packages/gevent/ssl.py", line 113, in __init__
Jul 25 17:33:40 witherspoon phosphor-gevent[1050]:     self.do_handshake()
Jul 25 17:33:40 witherspoon phosphor-gevent[1050]:   File "/usr/lib/python2.7/site-packages/gevent/ssl.py", line 324, in do_handshake
Jul 25 17:33:40 witherspoon phosphor-gevent[1050]:     return self._sslobj.do_handshake()
Jul 25 17:33:40 witherspoon phosphor-gevent[1050]: SSLEOFError: EOF occurred in violation of protocol (_ssl.c:590)
Jul 25 17:33:40 witherspoon phosphor-gevent[1050]: <Greenlet at 0x760543a0: <bound method WSGIServer.wrap_socket_and_handle of <WSGIServer at 0x7602ab50 fileno=5 address=('::34e2:f376:b0bd:6976%1986641312', 443, 0, 1986641312)>>(<socket at 0x75f01870 fileno=11>, ('::80c9:6776:8e91:f402%1995623196', 37190, 0, 199)> failed with SSLEOFError
Jul 25 17:33:57 witherspoon phosphor-gevent[1050]: ::80c9:6776:8e91:f402%1995623196 - - [2017-07-25 17:33:57] "POST /login HTTP/1.1" 200 320 0.046107
Jul 25 17:33:57 witherspoon phosphor-gevent[1050]: ::80c9:6776:8e91:f402%1995623196 - - [2017-07-25 17:33:57] "GET /xyz/openbmc_project/state/chassis0//attr/CurrentPowerState HTTP/1.1" 200 216 0.060004
Jul 25 17:33:57 witherspoon phosphor-gevent[1050]: ::80c9:6776:8e91:f402%1995623196 - - [2017-07-25 17:33:57] "POST /login HTTP/1.1" 200 320 0.049981
Jul 25 17:33:57 witherspoon phosphor-gevent[1050]: ::80c9:6776:8e91:f402%1995623196 - - [2017-07-25 17:33:57] "GET /xyz/openbmc_project/state/chassis0//attr/CurrentPowerState HTTP/1.1" 200 216 0.050189
Jul 25 17:33:58 witherspoon phosphor-gevent[1050]: ::80c9:6776:8e91:f402%1995623196 - - [2017-07-25 17:33:58] "POST /login HTTP/1.1" 200 320 0.033793
Jul 25 17:33:58 witherspoon phosphor-gevent[1050]: ::80c9:6776:8e91:f402%1995623196 - - [2017-07-25 17:33:58] "GET /org/openbmc/sensors/host/BootProgress/attr/value HTTP/1.1" 200 170 0.053666
Jul 25 17:33:58 witherspoon phosphor-gevent[1050]: ::80c9:6776:8e91:f402%1995623196 - - [2017-07-25 17:33:58] "POST /login HTTP/1.1" 200 320 0.042077
Jul 25 17:33:58 witherspoon phosphor-gevent[1050]: ::80c9:6776:8e91:f402%1995623196 - - [2017-07-25 17:33:58] "GET /xyz/openbmc_project/state/host0//attr/CurrentHostState HTTP/1.1" 200 212 0.049783
Jul 25 17:33:58 witherspoon phosphor-gevent[1050]: ::80c9:6776:8e91:f402%1995623196 - - [2017-07-25 17:33:58] "POST /login HTTP/1.1" 200 320 0.033106
Jul 25 17:33:58 witherspoon phosphor-gevent[1050]: ::80c9:6776:8e91:f402%1995623196 - - [2017-07-25 17:33:58] "GET /xyz/openbmc_project/logging/entry//list HTTP/1.1" 200 259 0.049835
Jul 25 17:33:58 witherspoon phosphor-gevent[1050]: ::80c9:6776:8e91:f402%1995623196 - - [2017-07-25 17:33:58] "POST /login HTTP/1.1" 200 320 0.033263
Jul 25 17:33:58 witherspoon phosphor-gevent[1050]: ::80c9:6776:8e91:f402%1995623196 - - [2017-07-25 17:33:58] "GET /xyz/openbmc_project/logging/entry//list HTTP/1.1" 200 259 0.041893
Jul 25 17:33:59 witherspoon phosphor-gevent[1050]: ::80c9:6776:8e91:f402%1995623196 - - [2017-07-25 17:33:59] "POST /login HTTP/1.1" 200 320 0.033494
Jul 25 17:33:59 witherspoon phosphor-gevent[1050]: ::80c9:6776:8e91:f402%1995623196 - - [2017-07-25 17:33:59] "DELETE /xyz/openbmc_project/logging/entry/1 HTTP/1.1" 200 169 0.080183
Jul 25 17:33:59 witherspoon phosphor-gevent[1050]: ::80c9:6776:8e91:f402%1995623196 - - [2017-07-25 17:33:59] "POST /login HTTP/1.1" 200 320 0.041744
Jul 25 17:33:59 witherspoon phosphor-gevent[1050]: ::80c9:6776:8e91:f402%1995623196 - - [2017-07-25 17:33:59] "DELETE /xyz/openbmc_project/logging/entry/2 HTTP/1.1" 200 169 0.058281
Jul 25 17:33:59 witherspoon systemd[1]: Started SSH Per-Connection Server (9.41.165.94:36228).
Jul 25 17:33:59 witherspoon dropbear[1140]: Failed loading /etc/dropbear/dropbear_dss_host_key
Jul 25 17:33:59 witherspoon dropbear[1140]: Failed loading /etc/dropbear/dropbear_ecdsa_host_key
Jul 25 17:33:59 witherspoon dropbear[1140]: Child connection from ::ffff:9.41.165.94:36228
Jul 25 17:34:00 witherspoon dropbear[1140]: PAM password auth succeeded for 'root' from ::ffff:9.41.165.94:36228
Jul 25 17:34:00 witherspoon dropbear[1141]: lastlog_perform_login: Couldn't stat /var/log/lastlog: No such file or directory
Jul 25 17:34:00 witherspoon dropbear[1141]: lastlog_openseek: /var/log/lastlog is not a file or directory!
Jul 25 17:34:01 witherspoon phosphor-gevent[1050]: ::80c9:6776:8e91:f402%1995623196 - - [2017-07-25 17:34:01] "POST /login HTTP/1.1" 200 320 0.033286
Jul 25 17:34:01 witherspoon phosphor-gevent[1050]: ::80c9:6776:8e91:f402%1995623196 - - [2017-07-25 17:34:01] "GET /xyz/openbmc_project/state/host0//attr/CurrentHostState HTTP/1.1" 200 212 0.052320
Jul 25 17:34:02 witherspoon dropbear[1011]: Exit (root): Exited normally
Jul 25 17:34:02 witherspoon dropbear[1140]: Exit (root): Exited normally
Jul 25 17:34:05 witherspoon systemd[1]: Started SSH Per-Connection Server (9.41.165.94:36232).
Jul 25 17:34:05 witherspoon dropbear[1152]: Failed loading /etc/dropbear/dropbear_dss_host_key
Jul 25 17:34:05 witherspoon dropbear[1152]: Failed loading /etc/dropbear/dropbear_ecdsa_host_key
Jul 25 17:34:05 witherspoon dropbear[1152]: Child connection from ::ffff:9.41.165.94:36232
Jul 25 17:34:06 witherspoon dropbear[1152]: PAM password auth succeeded for 'root' from ::ffff:9.41.165.94:36232
Jul 25 17:34:06 witherspoon dropbear[1153]: lastlog_perform_login: Couldn't stat /var/log/lastlog: No such file or directory
Jul 25 17:34:06 witherspoon dropbear[1153]: lastlog_openseek: /var/log/lastlog is not a file or directory!
Jul 25 17:34:06 witherspoon phosphor-gevent[1050]: ::80c9:6776:8e91:f402%1995623196 - - [2017-07-25 17:34:06] "POST /login HTTP/1.1" 200 320 0.034351
Jul 25 17:34:06 witherspoon phosphor-gevent[1050]: ::80c9:6776:8e91:f402%1995623196 - - [2017-07-25 17:34:06] "PUT /org/openbmc/settings/host0/attr/power_policy HTTP/1.1" 200 169 0.177257
Jul 25 17:34:07 witherspoon phosphor-gevent[1050]: ::80c9:6776:8e91:f402%1995623196 - - [2017-07-25 17:34:07] "POST /login HTTP/1.1" 200 320 0.047402
Jul 25 17:34:07 witherspoon phosphor-gevent[1050]: ::80c9:6776:8e91:f402%1995623196 - - [2017-07-25 17:34:07] "GET /org/openbmc/settings/host0/attr/power_policy HTTP/1.1" 200 185 0.070156
Jul 25 17:34:07 witherspoon phosphor-gevent[1050]: ::80c9:6776:8e91:f402%1995623196 - - [2017-07-25 17:34:07] "POST /login HTTP/1.1" 200 320 0.033638
Jul 25 17:34:07 witherspoon phosphor-gevent[1050]: ::80c9:6776:8e91:f402%1995623196 - - [2017-07-25 17:34:07] "GET /xyz/openbmc_project/state/chassis0//attr/CurrentPowerState HTTP/1.1" 200 216 0.050663
Jul 25 17:34:07 witherspoon phosphor-gevent[1050]: ::80c9:6776:8e91:f402%1995623196 - - [2017-07-25 17:34:07] "POST /login HTTP/1.1" 200 320 0.033277
Jul 25 17:34:07 witherspoon phosphor-gevent[1050]: ::80c9:6776:8e91:f402%1995623196 - - [2017-07-25 17:34:07] "GET /xyz/openbmc_project/state/bmc0//attr/CurrentBMCState HTTP/1.1" 200 212 0.051037
Jul 25 17:34:08 witherspoon phosphor-gevent[1050]: ::80c9:6776:8e91:f402%1995623196 - - [2017-07-25 17:34:08] "POST /login HTTP/1.1" 200 320 0.033977
Jul 25 17:34:08 witherspoon phosphor-gevent[1050]: ::80c9:6776:8e91:f402%1995623196 - - [2017-07-25 17:34:08] "GET /org/openbmc/sensors/host/BootProgress/attr/value HTTP/1.1" 200 170 0.090849
Jul 25 17:34:08 witherspoon phosphor-gevent[1050]: ::80c9:6776:8e91:f402%1995623196 - - [2017-07-25 17:34:08] "POST /login HTTP/1.1" 200 320 0.046255
Jul 25 17:34:08 witherspoon phosphor-gevent[1050]: ::80c9:6776:8e91:f402%1995623196 - - [2017-07-25 17:34:08] "GET /xyz/openbmc_project/state/host0//attr/CurrentHostState HTTP/1.1" 200 212 0.061552
Jul 25 17:34:08 witherspoon phosphor-gevent[1050]: ::80c9:6776:8e91:f402%1995623196 - - [2017-07-25 17:34:08] "POST /login HTTP/1.1" 200 320 0.045660
Jul 25 17:34:08 witherspoon phosphor-gevent[1050]: ::80c9:6776:8e91:f402%1995623196 - - [2017-07-25 17:34:08] "GET /xyz/openbmc_project/logging/entry//list HTTP/1.1" 404 311 0.029490
Jul 25 17:34:08 witherspoon systemd[1]: Started SSH Per-Connection Server (9.41.165.94:36248).
Jul 25 17:34:08 witherspoon dropbear[1159]: Failed loading /etc/dropbear/dropbear_dss_host_key
Jul 25 17:34:08 witherspoon dropbear[1159]: Failed loading /etc/dropbear/dropbear_ecdsa_host_key
Jul 25 17:34:09 witherspoon dropbear[1159]: Child connection from ::ffff:9.41.165.94:36248
Jul 25 17:34:09 witherspoon dropbear[1159]: PAM password auth succeeded for 'root' from ::ffff:9.41.165.94:36248
Jul 25 17:34:37 witherspoon phosphor-gevent[1050]: ::80c9:6776:8e91:f402%1995623196 - - [2017-07-25 17:34:37] "POST /login HTTP/1.1" 200 320 0.034984
Jul 25 17:34:38 witherspoon phosphor-gevent[1050]: ::80c9:6776:8e91:f402%1995623196 - - [2017-07-25 17:34:38] "POST /org/openbmc/control/flash/bios//action/update HTTP/1.1" 200 169 0.255565
Jul 25 17:34:38 witherspoon flash_bios.exe[1056]: Starting flasher: bios,/tmp/witherspoon_910_golden.pnor,/org/openbmc/control/flash/bios,
Jul 25 17:34:38 witherspoon flash_bios.exe[1056]: flasher: /tmp/witherspoon_910_golden.pnor, BMC = 1, address = 0x0
Jul 25 17:34:38 witherspoon flash_bios.exe[1056]: Setting up flash
Jul 25 17:34:38 witherspoon phosphor-gevent[1050]: ::80c9:6776:8e91:f402%1995623196 - - [2017-07-25 17:34:38] "POST /login HTTP/1.1" 200 320 0.033894
Jul 25 17:34:38 witherspoon phosphor-gevent[1050]: ::80c9:6776:8e91:f402%1995623196 - - [2017-07-25 17:34:38] "GET /org/openbmc/control/flash/bios HTTP/1.1" 200 397 0.076267
Jul 25 17:34:39 witherspoon phosphor-gevent[1050]: ::80c9:6776:8e91:f402%1995623196 - - [2017-07-25 17:34:39] "POST /login HTTP/1.1" 200 320 0.033841
Jul 25 17:34:39 witherspoon phosphor-gevent[1050]: ::80c9:6776:8e91:f402%1995623196 - - [2017-07-25 17:34:39] "GET /org/openbmc/control/flash/bios HTTP/1.1" 200 397 0.242570
Jul 25 17:34:49 witherspoon phosphor-gevent[1050]: ::80c9:6776:8e91:f402%1995623196 - - [2017-07-25 17:34:49] "POST /login HTTP/1.1" 200 320 0.033219
Jul 25 17:34:49 witherspoon phosphor-gevent[1050]: ::80c9:6776:8e91:f402%1995623196 - - [2017-07-25 17:34:49] "GET /org/openbmc/control/flash/bios HTTP/1.1" 200 397 0.068511
Jul 25 17:34:59 witherspoon phosphor-gevent[1050]: ::80c9:6776:8e91:f402%1995623196 - - [2017-07-25 17:34:59] "POST /login HTTP/1.1" 200 320 0.033578
Jul 25 17:35:00 witherspoon phosphor-gevent[1050]: ::80c9:6776:8e91:f402%1995623196 - - [2017-07-25 17:35:00] "GET /org/openbmc/control/flash/bios HTTP/1.1" 200 397 0.069157
Jul 25 17:35:10 witherspoon phosphor-gevent[1050]: ::80c9:6776:8e91:f402%1995623196 - - [2017-07-25 17:35:10] "POST /login HTTP/1.1" 200 320 0.033558
Jul 25 17:35:10 witherspoon phosphor-gevent[1050]: ::80c9:6776:8e91:f402%1995623196 - - [2017-07-25 17:35:10] "GET /org/openbmc/control/flash/bios HTTP/1.1" 200 397 0.069592
Jul 25 17:35:21 witherspoon phosphor-gevent[1050]: ::80c9:6776:8e91:f402%1995623196 - - [2017-07-25 17:35:21] "POST /login HTTP/1.1" 200 320 0.033706
Jul 25 17:35:21 witherspoon phosphor-gevent[1050]: ::80c9:6776:8e91:f402%1995623196 - - [2017-07-25 17:35:21] "GET /org/openbmc/control/flash/bios HTTP/1.1" 200 397 0.187717
Jul 25 17:35:32 witherspoon phosphor-gevent[1050]: ::80c9:6776:8e91:f402%1995623196 - - [2017-07-25 17:35:32] "POST /login HTTP/1.1" 200 320 0.033896
Jul 25 17:35:32 witherspoon phosphor-gevent[1050]: ::80c9:6776:8e91:f402%1995623196 - - [2017-07-25 17:35:32] "GET /org/openbmc/control/flash/bios HTTP/1.1" 200 397 0.068621
Jul 25 17:35:42 witherspoon phosphor-gevent[1050]: ::80c9:6776:8e91:f402%1995623196 - - [2017-07-25 17:35:42] "POST /login HTTP/1.1" 200 320 0.040918
Jul 25 17:35:42 witherspoon phosphor-gevent[1050]: ::80c9:6776:8e91:f402%1995623196 - - [2017-07-25 17:35:42] "GET /org/openbmc/control/flash/bios HTTP/1.1" 200 397 0.351918
Jul 25 17:35:52 witherspoon phosphor-gevent[1050]: ::80c9:6776:8e91:f402%1995623196 - - [2017-07-25 17:35:52] "POST /login HTTP/1.1" 200 320 0.033419
Jul 25 17:35:52 witherspoon phosphor-gevent[1050]: ::80c9:6776:8e91:f402%1995623196 - - [2017-07-25 17:35:52] "GET /org/openbmc/control/flash/bios HTTP/1.1" 200 397 0.069034
Jul 25 17:36:03 witherspoon phosphor-gevent[1050]: ::80c9:6776:8e91:f402%1995623196 - - [2017-07-25 17:36:03] "POST /login HTTP/1.1" 200 320 0.613112
Jul 25 17:36:03 witherspoon phosphor-gevent[1050]: ::80c9:6776:8e91:f402%1995623196 - - [2017-07-25 17:36:03] "GET /org/openbmc/control/flash/bios HTTP/1.1" 200 397 0.068803
Jul 25 17:36:14 witherspoon phosphor-gevent[1050]: ::80c9:6776:8e91:f402%1995623196 - - [2017-07-25 17:36:14] "POST /login HTTP/1.1" 200 320 0.033473
Jul 25 17:36:14 witherspoon phosphor-gevent[1050]: ::80c9:6776:8e91:f402%1995623196 - - [2017-07-25 17:36:14] "GET /org/openbmc/control/flash/bios HTTP/1.1" 200 397 0.068477
Jul 25 17:36:25 witherspoon phosphor-gevent[1050]: ::80c9:6776:8e91:f402%1995623196 - - [2017-07-25 17:36:25] "POST /login HTTP/1.1" 200 320 0.033947
Jul 25 17:36:25 witherspoon phosphor-gevent[1050]: ::80c9:6776:8e91:f402%1995623196 - - [2017-07-25 17:36:25] "GET /org/openbmc/control/flash/bios HTTP/1.1" 200 397 0.069346
Jul 25 17:36:35 witherspoon phosphor-gevent[1050]: ::80c9:6776:8e91:f402%1995623196 - - [2017-07-25 17:36:35] "POST /login HTTP/1.1" 200 320 0.033363
Jul 25 17:36:36 witherspoon phosphor-gevent[1050]: ::80c9:6776:8e91:f402%1995623196 - - [2017-07-25 17:36:36] "GET /org/openbmc/control/flash/bios HTTP/1.1" 200 397 0.111023
Jul 25 17:36:46 witherspoon phosphor-gevent[1050]: ::80c9:6776:8e91:f402%1995623196 - - [2017-07-25 17:36:46] "POST /login HTTP/1.1" 200 320 0.033588
Jul 25 17:36:46 witherspoon phosphor-gevent[1050]: ::80c9:6776:8e91:f402%1995623196 - - [2017-07-25 17:36:46] "GET /org/openbmc/control/flash/bios HTTP/1.1" 200 402 0.068864
Jul 25 17:36:56 witherspoon phosphor-gevent[1050]: ::80c9:6776:8e91:f402%1995623196 - - [2017-07-25 17:36:56] "POST /login HTTP/1.1" 200 320 0.035154
Jul 25 17:36:56 witherspoon phosphor-gevent[1050]: ::80c9:6776:8e91:f402%1995623196 - - [2017-07-25 17:36:56] "GET /org/openbmc/control/flash/bios HTTP/1.1" 200 402 0.082707
Jul 25 17:37:07 witherspoon phosphor-gevent[1050]: ::80c9:6776:8e91:f402%1995623196 - - [2017-07-25 17:37:07] "POST /login HTTP/1.1" 200 320 0.033836
Jul 25 17:37:07 witherspoon phosphor-gevent[1050]: ::80c9:6776:8e91:f402%1995623196 - - [2017-07-25 17:37:07] "GET /org/openbmc/control/flash/bios HTTP/1.1" 200 402 0.070556
Jul 25 17:37:17 witherspoon phosphor-gevent[1050]: ::80c9:6776:8e91:f402%1995623196 - - [2017-07-25 17:37:17] "POST /login HTTP/1.1" 200 320 0.033416
Jul 25 17:37:17 witherspoon phosphor-gevent[1050]: ::80c9:6776:8e91:f402%1995623196 - - [2017-07-25 17:37:17] "GET /org/openbmc/control/flash/bios HTTP/1.1" 200 402 0.069781
Jul 25 17:37:27 witherspoon phosphor-gevent[1050]: ::80c9:6776:8e91:f402%1995623196 - - [2017-07-25 17:37:27] "POST /login HTTP/1.1" 200 320 0.033293
Jul 25 17:37:27 witherspoon phosphor-gevent[1050]: ::80c9:6776:8e91:f402%1995623196 - - [2017-07-25 17:37:27] "GET /org/openbmc/control/flash/bios HTTP/1.1" 200 402 0.070658
Jul 25 17:37:33 witherspoon flash_bios.exe[1056]: Erasing... (may take a while !) done !
Jul 25 17:37:33 witherspoon flash_bios.exe[1056]: About to program "/tmp/witherspoon_910_golden.pnor" at 0x00000000..0x04000000 !
Jul 25 17:37:33 witherspoon flash_bios.exe[1056]: Programming & Verifying...
Jul 25 17:37:33 witherspoon flash_bios.exe[1056]: Flash done
Jul 25 17:37:37 witherspoon phosphor-gevent[1050]: ::80c9:6776:8e91:f402%1995623196 - - [2017-07-25 17:37:37] "POST /login HTTP/1.1" 200 320 0.033971
Jul 25 17:37:37 witherspoon phosphor-gevent[1050]: ::80c9:6776:8e91:f402%1995623196 - - [2017-07-25 17:37:37] "GET /org/openbmc/control/flash/bios HTTP/1.1" 200 399 0.105329
Jul 25 17:37:38 witherspoon systemd[1]: Started SSH Per-Connection Server (9.41.165.94:36334).
Jul 25 17:37:38 witherspoon dropbear[1165]: Failed loading /etc/dropbear/dropbear_dss_host_key
Jul 25 17:37:38 witherspoon dropbear[1165]: Failed loading /etc/dropbear/dropbear_ecdsa_host_key
Jul 25 17:37:38 witherspoon dropbear[1165]: Child connection from ::ffff:9.41.165.94:36334
Jul 25 17:37:38 witherspoon dropbear[1165]: PAM password auth succeeded for 'root' from ::ffff:9.41.165.94:36334
Jul 25 17:37:38 witherspoon dropbear[1166]: lastlog_perform_login: Couldn't stat /var/log/lastlog: No such file or directory
Jul 25 17:37:38 witherspoon dropbear[1166]: lastlog_openseek: /var/log/lastlog is not a file or directory!
Jul 25 17:37:39 witherspoon phosphor-gevent[1050]: ::80c9:6776:8e91:f402%1995623196 - - [2017-07-25 17:37:39] "POST /login HTTP/1.1" 200 320 0.041497
Jul 25 17:37:40 witherspoon phosphor-gevent[1050]: ::80c9:6776:8e91:f402%1995623196 - - [2017-07-25 17:37:40] "GET /xyz/openbmc_project/state/host0//attr/CurrentHostState HTTP/1.1" 200 212 0.086913
Jul 25 17:37:40 witherspoon systemd[1]: Created slice system-obmc\x2dconsole\x2dssh.slice.
Jul 25 17:37:40 witherspoon systemd[1]: Started Phosphor Host Console SSH Per-Connection (9.41.165.94:53120).
Jul 25 17:37:40 witherspoon dropbear[1170]: Failed loading /etc/dropbear/dropbear_dss_host_key
Jul 25 17:37:40 witherspoon dropbear[1170]: Failed loading /etc/dropbear/dropbear_ecdsa_host_key
Jul 25 17:37:40 witherspoon dropbear[1170]: Child connection from ::ffff:9.41.165.94:53120
Jul 25 17:37:40 witherspoon phosphor-gevent[1050]: ::80c9:6776:8e91:f402%1995623196 - - [2017-07-25 17:37:40] "POST /login HTTP/1.1" 200 320 0.109775
Jul 25 17:37:41 witherspoon dropbear[1170]: PAM password auth succeeded for 'root' from ::ffff:9.41.165.94:53120
Jul 25 17:37:41 witherspoon dropbear[1171]: lastlog_perform_login: Couldn't stat /var/log/lastlog: No such file or directory
Jul 25 17:37:41 witherspoon dropbear[1171]: lastlog_openseek: /var/log/lastlog is not a file or directory!
Jul 25 17:37:41 witherspoon phosphor-gevent[1050]: ::80c9:6776:8e91:f402%1995623196 - - [2017-07-25 17:37:41] "PUT /org/openbmc/settings/host0/attr/power_policy HTTP/1.1" 200 169 0.387267
Jul 25 17:37:41 witherspoon phosphor-gevent[1050]: ::80c9:6776:8e91:f402%1995623196 - - [2017-07-25 17:37:41] "POST /login HTTP/1.1" 200 320 0.033610
Jul 25 17:37:41 witherspoon phosphor-gevent[1050]: ::80c9:6776:8e91:f402%1995623196 - - [2017-07-25 17:37:41] "GET /org/openbmc/settings/host0/attr/power_policy HTTP/1.1" 200 185 0.071304
Jul 25 17:37:41 witherspoon phosphor-gevent[1050]: ::80c9:6776:8e91:f402%1995623196 - - [2017-07-25 17:37:41] "POST /login HTTP/1.1" 200 320 0.033704
Jul 25 17:37:41 witherspoon phosphor-gevent[1050]: ::80c9:6776:8e91:f402%1995623196 - - [2017-07-25 17:37:41] "GET /xyz/openbmc_project/state/chassis0//attr/CurrentPowerState HTTP/1.1" 200 216 0.049370
Jul 25 17:37:42 witherspoon phosphor-gevent[1050]: ::80c9:6776:8e91:f402%1995623196 - - [2017-07-25 17:37:42] "POST /login HTTP/1.1" 200 320 0.036338
Jul 25 17:37:42 witherspoon phosphor-gevent[1050]: ::80c9:6776:8e91:f402%1995623196 - - [2017-07-25 17:37:42] "GET /xyz/openbmc_project/state/bmc0//attr/CurrentBMCState HTTP/1.1" 200 212 0.063450
Jul 25 17:37:42 witherspoon phosphor-gevent[1050]: ::80c9:6776:8e91:f402%1995623196 - - [2017-07-25 17:37:42] "POST /login HTTP/1.1" 200 320 0.033622
