-- Logs begin at Sun 2017-07-30 20:38:27 UTC, end at Sun 2017-07-30 20:47:48 UTC. --
Jul 30 20:38:27 witherspoon kernel: Booting Linux on physical CPU 0x0
Jul 30 20:38:27 witherspoon kernel: Linux version 4.10.17-44f0dc8ac43162c4f7082884d6cd79400341bf5b (jenkins@openbmc-builder1) (gcc version 6.2.0 (GCC) ) #1 Sun Jul 30 20:16:32 UTC 2017
Jul 30 20:38:27 witherspoon kernel: CPU: ARMv6-compatible processor [410fb767] revision 7 (ARMv7), cr=00c5387d
Jul 30 20:38:27 witherspoon kernel: CPU: PIPT / VIPT nonaliasing data cache, VIPT nonaliasing instruction cache
Jul 30 20:38:27 witherspoon kernel: OF: fdt:Machine model: Witherspoon BMC
Jul 30 20:38:27 witherspoon kernel: Memory policy: Data cache writeback
Jul 30 20:38:27 witherspoon kernel: SOC Rev: 04030303
Jul 30 20:38:27 witherspoon kernel: On node 0 totalpages: 110592
Jul 30 20:38:27 witherspoon kernel: free_area_init_node: node 0, pgdat 805ff5e4, node_mem_map 9ec1a000
Jul 30 20:38:27 witherspoon kernel:   Normal zone: 992 pages used for memmap
Jul 30 20:38:27 witherspoon kernel:   Normal zone: 0 pages reserved
Jul 30 20:38:27 witherspoon kernel:   Normal zone: 110592 pages, LIFO batch:31
Jul 30 20:38:27 witherspoon kernel: pcpu-alloc: s0 r0 d32768 u32768 alloc=1*32768
Jul 30 20:38:27 witherspoon kernel: pcpu-alloc: [0] 0 
Jul 30 20:38:27 witherspoon kernel: Built 1 zonelists in Zone order, mobility grouping on.  Total pages: 109600
Jul 30 20:38:27 witherspoon kernel: Kernel command line: console=ttyS4,115200n8 root=/dev/ram rw
Jul 30 20:38:27 witherspoon kernel: PID hash table entries: 2048 (order: 1, 8192 bytes)
Jul 30 20:38:27 witherspoon kernel: Dentry cache hash table entries: 65536 (order: 6, 262144 bytes)
Jul 30 20:38:27 witherspoon kernel: Inode-cache hash table entries: 32768 (order: 5, 131072 bytes)
Jul 30 20:38:27 witherspoon kernel: Memory: 430436K/442368K available (4065K kernel code, 280K rwdata, 1192K rodata, 284K init, 111K bss, 11932K reserved, 0K cma-reserved)
Jul 30 20:38:27 witherspoon kernel: Virtual kernel memory layout:
                                        vector  : 0xffff0000 - 0xffff1000   (   4 kB)
                                        fixmap  : 0xffc00000 - 0xfff00000   (3072 kB)
                                        vmalloc : 0x9f800000 - 0xff800000   (1536 MB)
                                        lowmem  : 0x80000000 - 0x9f000000   ( 496 MB)
                                          .text : 0x80008000 - 0x804007a0   (4066 kB)
                                          .init : 0x80585000 - 0x805cc000   ( 284 kB)
                                          .data : 0x805cc000 - 0x80612358   ( 281 kB)
                                           .bss : 0x80612358 - 0x8062e1f8   ( 112 kB)
Jul 30 20:38:27 witherspoon kernel: NR_IRQS:16 nr_irqs:16 16
Jul 30 20:38:27 witherspoon kernel: i2c controller registered, irq 16
Jul 30 20:38:27 witherspoon kernel: clocksource: moxart_timer: mask: 0xffffffff max_cycles: 0xffffffff, max_idle_ns: 77222644334 ns
Jul 30 20:38:27 witherspoon kernel: sched_clock: 32 bits at 100 Hz, resolution 10000000ns, wraps every 21474836475000000ns
Jul 30 20:38:27 witherspoon kernel: Calibrating delay loop... 789.70 BogoMIPS (lpj=3948544)
Jul 30 20:38:27 witherspoon kernel: pid_max: default: 32768 minimum: 301
Jul 30 20:38:27 witherspoon kernel: Mount-cache hash table entries: 1024 (order: 0, 4096 bytes)
Jul 30 20:38:27 witherspoon kernel: Mountpoint-cache hash table entries: 1024 (order: 0, 4096 bytes)
Jul 30 20:38:27 witherspoon kernel: CPU: Testing write buffer coherency: ok
Jul 30 20:38:27 witherspoon kernel: ftrace: allocating 14932 entries in 44 pages
Jul 30 20:38:27 witherspoon kernel: Setting up static identity map for 0x80008200 - 0x8000825c
Jul 30 20:38:27 witherspoon kernel: devtmpfs: initialized
Jul 30 20:38:27 witherspoon kernel: clocksource: jiffies: mask: 0xffffffff max_cycles: 0xffffffff, max_idle_ns: 19112604462750000 ns
Jul 30 20:38:27 witherspoon kernel: futex hash table entries: 256 (order: -1, 3072 bytes)
Jul 30 20:38:27 witherspoon kernel: pinctrl core: initialized pinctrl subsystem
Jul 30 20:38:27 witherspoon kernel: NET: Registered protocol family 16
Jul 30 20:38:27 witherspoon kernel: DMA: preallocated 256 KiB pool for atomic coherent allocations
Jul 30 20:38:27 witherspoon kernel: usbcore: registered new interface driver usbfs
Jul 30 20:38:27 witherspoon kernel: usbcore: registered new interface driver hub
Jul 30 20:38:27 witherspoon kernel: usbcore: registered new device driver usb
Jul 30 20:38:27 witherspoon kernel: clocksource: Switched to clocksource moxart_timer
Jul 30 20:38:27 witherspoon kernel: NET: Registered protocol family 2
Jul 30 20:38:27 witherspoon kernel: TCP established hash table entries: 4096 (order: 2, 16384 bytes)
Jul 30 20:38:27 witherspoon kernel: TCP bind hash table entries: 4096 (order: 2, 16384 bytes)
Jul 30 20:38:27 witherspoon kernel: TCP: Hash tables configured (established 4096 bind 4096)
Jul 30 20:38:27 witherspoon kernel: UDP hash table entries: 256 (order: 0, 4096 bytes)
Jul 30 20:38:27 witherspoon kernel: UDP-Lite hash table entries: 256 (order: 0, 4096 bytes)
Jul 30 20:38:27 witherspoon kernel: NET: Registered protocol family 1
Jul 30 20:38:27 witherspoon kernel: Trying to unpack rootfs image as initramfs...
Jul 30 20:38:27 witherspoon kernel: Freeing initrd memory: 1548K
Jul 30 20:38:27 witherspoon kernel: workingset: timestamp_bits=30 max_order=17 bucket_order=0
Jul 30 20:38:27 witherspoon kernel: squashfs: version 4.0 (2009/01/31) Phillip Lougher
Jul 30 20:38:27 witherspoon kernel: jffs2: version 2.2. (SUMMARY)  © 2001-2006 Red Hat, Inc.
Jul 30 20:38:27 witherspoon kernel: Block layer SCSI generic (bsg) driver version 0.4 loaded (major 250)
Jul 30 20:38:27 witherspoon kernel: io scheduler noop registered
Jul 30 20:38:27 witherspoon kernel: io scheduler deadline registered
Jul 30 20:38:27 witherspoon kernel: io scheduler cfq registered (default)
Jul 30 20:38:27 witherspoon kernel: ipmi-bt-host 1e789140.ibt: Found bt bmc device
Jul 30 20:38:27 witherspoon kernel: ipmi-bt-host 1e789140.ibt: Using IRQ 22
Jul 30 20:38:27 witherspoon kernel: Serial: 8250/16550 driver, 6 ports, IRQ sharing enabled
Jul 30 20:38:27 witherspoon kernel: 1e783000.serial: ttyS0 at MMIO 0x1e783000 (irq = 23, base_baud = 1500000) is a 16550A
Jul 30 20:38:27 witherspoon kernel: 1e78d000.serial: ttyS1 at MMIO 0x1e78d000 (irq = 24, base_baud = 1500000) is a 16550A
Jul 30 20:38:27 witherspoon kernel: 1e784000.serial: ttyS4 at MMIO 0x1e784000 (irq = 25, base_baud = 1500000) is a 16550A
Jul 30 20:38:27 witherspoon kernel: console [ttyS4] enabled
Jul 30 20:38:27 witherspoon kernel: 1e787000.vuart: ttyS2 at MMIO 0x1e787000 (irq = 22, base_baud = 1500000) is a 16550A
Jul 30 20:38:27 witherspoon kernel: timeriomem_rng 1e6e2078.hwrng: 32bits from 0xf00e2078 @ 1us
Jul 30 20:38:27 witherspoon kernel: random: fast init done
Jul 30 20:38:27 witherspoon kernel: brd: module loaded
Jul 30 20:38:27 witherspoon kernel: random: crng init done
Jul 30 20:38:27 witherspoon kernel: loop: module loaded
Jul 30 20:38:27 witherspoon kernel: aspeed-lpc-ctrl 1e789080.lpc-ctrl: Loaded at 0x98000000 (0x04000000)
Jul 30 20:38:27 witherspoon kernel: aspeed-smc 1e620000.flash-controller: Using IRQ 18
Jul 30 20:38:27 witherspoon kernel: aspeed-smc 1e620000.flash-controller: DMA support disabled.
Jul 30 20:38:27 witherspoon kernel: aspeed-smc 1e620000.flash-controller: mx25l25635e (32768 Kbytes)
Jul 30 20:38:27 witherspoon kernel: aspeed-smc 1e620000.flash-controller: CE0 window [ 0x20000000 - 0x22000000 ] 32MB
Jul 30 20:38:27 witherspoon kernel: aspeed-smc 1e620000.flash-controller: CE1 window [ 0x22000000 - 0x2a000000 ] 128MB
Jul 30 20:38:27 witherspoon kernel: 5 ofpart partitions found on MTD device bmc
Jul 30 20:38:27 witherspoon kernel: Creating 5 MTD partitions on "bmc":
Jul 30 20:38:27 witherspoon kernel: 0x000000000000-0x000000060000 : "u-boot"
Jul 30 20:38:27 witherspoon kernel: 0x000000060000-0x000000080000 : "u-boot-env"
Jul 30 20:38:27 witherspoon kernel: 0x000000080000-0x0000004c0000 : "kernel"
Jul 30 20:38:27 witherspoon kernel: 0x0000004c0000-0x000001c00000 : "rofs"
Jul 30 20:38:27 witherspoon kernel: 0x000001c00000-0x000002000000 : "rwfs"
Jul 30 20:38:27 witherspoon kernel: aspeed-smc 1e620000.flash-controller: mx25l25635e (32768 Kbytes)
Jul 30 20:38:27 witherspoon kernel: aspeed-smc 1e620000.flash-controller: CE1 window [ 0x22000000 - 0x24000000 ] 32MB
Jul 30 20:38:27 witherspoon kernel: aspeed-smc 1e620000.flash-controller: CE2 window [ 0x24000000 - 0x2c000000 ] 128MB
Jul 30 20:38:27 witherspoon kernel: aspeed-smc 1e630000.flash-controller: mx66l1g45g (131072 Kbytes)
Jul 30 20:38:27 witherspoon kernel: aspeed-smc 1e630000.flash-controller: CE0 window resized to 120MB (AST2500 HW quirk)
Jul 30 20:38:27 witherspoon kernel: aspeed-smc 1e630000.flash-controller: CE0 window [ 0x30000000 - 0x37800000 ] 120MB
Jul 30 20:38:27 witherspoon kernel: aspeed-smc 1e630000.flash-controller: CE0 window too small for chip 128MB
Jul 30 20:38:27 witherspoon kernel: aspeed-smc 1e630000.flash-controller: CE1 window [ 0x37800000 - 0x38000000 ] 8MB
Jul 30 20:38:27 witherspoon kernel: libphy: Fixed MDIO Bus: probed
Jul 30 20:38:27 witherspoon kernel: ftgmac100 1e660000.ethernet: Read MAC address 70:e2:84:14:23:e1 from chip
Jul 30 20:38:27 witherspoon kernel: ftgmac100 1e660000.ethernet: Using NCSI interface
Jul 30 20:38:27 witherspoon kernel: ftgmac100 1e660000.ethernet eth0: irq 20, mapped at f0060000
Jul 30 20:38:27 witherspoon kernel: ehci_hcd: USB 2.0 'Enhanced' Host Controller (EHCI) Driver
Jul 30 20:38:27 witherspoon kernel: ehci-platform: EHCI generic platform driver
Jul 30 20:38:27 witherspoon kernel:  fsi0: can't read slave 00:00 -5
Jul 30 20:38:27 witherspoon kernel: i2c /dev entries driver
Jul 30 20:38:27 witherspoon kernel: aspeed-i2c-bus 1e78a0c0.i2c-bus: i2c bus 2 registered, irq 26
Jul 30 20:38:27 witherspoon kernel: aspeed-i2c-bus 1e78a100.i2c-bus: i2c bus 3 registered, irq 27
Jul 30 20:38:27 witherspoon kernel: aspeed-i2c-bus 1e78a140.i2c-bus: i2c bus 4 registered, irq 28
Jul 30 20:38:27 witherspoon kernel: aspeed-i2c-bus 1e78a180.i2c-bus: i2c bus 5 registered, irq 29
Jul 30 20:38:27 witherspoon kernel: aspeed-i2c-bus 1e78a380.i2c-bus: i2c bus 9 registered, irq 30
Jul 30 20:38:27 witherspoon kernel: aspeed-i2c-bus 1e78a3c0.i2c-bus: i2c bus 10 registered, irq 31
Jul 30 20:38:27 witherspoon kernel: rtc-rv8803 11-0032: Voltage low, temperature compensation stopped.
Jul 30 20:38:27 witherspoon kernel: rtc-rv8803 11-0032: An alarm maybe have been missed.
Jul 30 20:38:27 witherspoon kernel: rtc-rv8803 11-0032: rtc core: registered rx8900 as rtc0
Jul 30 20:38:27 witherspoon kernel: at24 11-0051: 8192 byte 24c64 EEPROM, writable, 1 bytes/write
Jul 30 20:38:27 witherspoon kernel: aspeed-i2c-bus 1e78a400.i2c-bus: i2c bus 11 registered, irq 32
Jul 30 20:38:27 witherspoon kernel: aspeed-i2c-bus 1e78a440.i2c-bus: i2c bus 12 registered, irq 33
Jul 30 20:38:27 witherspoon kernel: aspeed-i2c-bus 1e78a480.i2c-bus: i2c bus 13 registered, irq 34
Jul 30 20:38:27 witherspoon kernel: Driver for 1-wire Dallas network protocol.
Jul 30 20:38:27 witherspoon kernel: lm75 9-004a: hwmon0: sensor 'tmp275'
Jul 30 20:38:27 witherspoon kernel: max31785 3-0052: Fan 0 is configured but not installed
Jul 30 20:38:27 witherspoon kernel: max31785 3-0052: Fan 1 is configured but not installed
Jul 30 20:38:27 witherspoon kernel: max31785 3-0052: Fan 2 is configured but not installed
Jul 30 20:38:27 witherspoon kernel: max31785: probe of 3-0052 failed with error -5
Jul 30 20:38:27 witherspoon kernel: ucd9000 11-0064: Device ID UCD90160|2.3.4.0000|110603
Jul 30 20:38:27 witherspoon kernel: leds-pca955x 3-0060: leds-pca955x: Using pca9552 16-bit LED driver at slave address 0x60
Jul 30 20:38:27 witherspoon kernel: leds-pca955x 11-0060: leds-pca955x: Using pca9552 16-bit LED driver at slave address 0x60
Jul 30 20:38:27 witherspoon kernel: leds-pca955x 11-0060: gpios 264...279
Jul 30 20:38:27 witherspoon kernel: usbcore: registered new interface driver usbhid
Jul 30 20:38:27 witherspoon kernel: usbhid: USB HID core driver
Jul 30 20:38:27 witherspoon kernel: NET: Registered protocol family 10
Jul 30 20:38:27 witherspoon kernel: Segment Routing with IPv6
Jul 30 20:38:27 witherspoon kernel: NET: Registered protocol family 17
Jul 30 20:38:27 witherspoon kernel: 8021q: 802.1Q VLAN Support v1.8
Jul 30 20:38:27 witherspoon kernel: console [netcon0] enabled
Jul 30 20:38:27 witherspoon kernel: netconsole: network logging started
Jul 30 20:38:27 witherspoon kernel: input: gpio-keys as /devices/platform/gpio-keys/input/input0
Jul 30 20:38:27 witherspoon kernel: rtc-rv8803 11-0032: setting system clock to 2017-07-30 20:38:16 UTC (1501447096)
Jul 30 20:38:27 witherspoon kernel: Freeing unused kernel memory: 284K
Jul 30 20:38:27 witherspoon kernel: This architecture does not have kernel memory protection.
Jul 30 20:38:27 witherspoon kernel: jffs2: notice: (524) jffs2_build_xattr_subsystem: complete building xattr subsystem, 0 of xdatum (0 unchecked, 0 orphan) and 0 of xref (0 dead, 0 orphan) found.
Jul 30 20:38:27 witherspoon systemd[1]: Failed to insert module 'autofs4': No such file or directory
Jul 30 20:38:27 witherspoon systemd[1]: systemd 232 running in system mode. (+PAM -AUDIT -SELINUX -IMA -APPARMOR -SMACK +SYSVINIT -UTMP -LIBCRYPTSETUP -GCRYPT -GNUTLS +ACL +XZ -LZ4 -SECCOMP +BLKID -ELFUTILS +KMOD -IDN)
Jul 30 20:38:27 witherspoon systemd[1]: Detected architecture arm.
Jul 30 20:38:27 witherspoon systemd[1]: Set hostname to <witherspoon>.
Jul 30 20:38:27 witherspoon systemd[1]: Listening on udev Kernel Socket.
Jul 30 20:38:27 witherspoon systemd[1]: Listening on udev Control Socket.
Jul 30 20:38:27 witherspoon systemd[1]: Reached target Swap.
Jul 30 20:38:27 witherspoon systemd[1]: Listening on /dev/initctl Compatibility Named Pipe.
Jul 30 20:38:27 witherspoon systemd[1]: Listening on Journal Socket.
Jul 30 20:38:27 witherspoon systemd[1]: Listening on Network Service Netlink Socket.
Jul 30 20:38:27 witherspoon systemd[1]: Started Forward Password Requests to Wall Directory Watch.
Jul 30 20:38:27 witherspoon systemd[1]: dev-hugepages.mount: Couldn't determine result for ConditionVirtualization=!private-users, assuming failed: No such file or directory
Jul 30 20:38:27 witherspoon systemd[1]: Created slice system-getty.slice.
Jul 30 20:38:27 witherspoon systemd[1]: Starting Apply Kernel Variables...
Jul 30 20:38:27 witherspoon systemd[1]: Created slice system-obmc\x2dconsole.slice.
Jul 30 20:38:27 witherspoon systemd[1]: Listening on Journal Socket (/dev/log).
Jul 30 20:38:27 witherspoon systemd[1]: Starting Journal Service...
Jul 30 20:38:27 witherspoon systemd[1]: Starting Remount Root and Kernel File Systems...
Jul 30 20:38:27 witherspoon systemd[1]: Mounted Debug File System.
Jul 30 20:38:27 witherspoon systemd-journald[652]: Journal started
Jul 30 20:38:27 witherspoon systemd-journald[652]: Runtime journal (/run/log/journal/cc6e1404d87444e8a089dfdb00a18f7d) is 0B, max 0B, 0B free.
Jul 30 20:38:27 witherspoon systemd-sysctl[650]: Couldn't write '16' to 'kernel/sysrq', ignoring: No such file or directory
Jul 30 20:38:27 witherspoon systemd-sysctl[650]: Couldn't write 'fq_codel' to 'net/core/default_qdisc', ignoring: No such file or directory
Jul 30 20:38:27 witherspoon systemd[1]: Mounted Temporary Directory.
Jul 30 20:38:28 witherspoon systemd[1]: Started Journal Service.
Jul 30 20:38:28 witherspoon systemd[1]: Started Apply Kernel Variables.
Jul 30 20:38:28 witherspoon systemd[1]: Started Remount Root and Kernel File Systems.
Jul 30 20:38:28 witherspoon systemd[1]: Starting Create System Users...
Jul 30 20:38:28 witherspoon systemd[1]: Starting Flush Journal to Persistent Storage...
Jul 30 20:38:29 witherspoon systemd[1]: Started udev Coldplug all Devices.
Jul 30 20:38:29 witherspoon systemd[1]: Started Create System Users.
Jul 30 20:38:29 witherspoon systemd[1]: Starting Create Static Device Nodes in /dev...
Jul 30 20:38:30 witherspoon systemd-journald[652]: Runtime journal (/run/log/journal/cc6e1404d87444e8a089dfdb00a18f7d) is 0B, max 0B, 0B free.
Jul 30 20:38:30 witherspoon systemd[1]: Started Flush Journal to Persistent Storage.
Jul 30 20:38:30 witherspoon systemd[1]: Started Create Static Device Nodes in /dev.
Jul 30 20:38:31 witherspoon systemd[1]: Starting udev Kernel Device Manager...
Jul 30 20:38:31 witherspoon systemd[1]: Reached target Local File Systems (Pre).
Jul 30 20:38:31 witherspoon systemd[1]: Mounting /var/volatile...
Jul 30 20:38:31 witherspoon systemd[1]: Mounted /var/volatile.
Jul 30 20:38:31 witherspoon systemd[1]: Reached target Local File Systems.
Jul 30 20:38:31 witherspoon systemd[1]: Starting Rebuild Journal Catalog...
Jul 30 20:38:31 witherspoon systemd[1]: Starting Create Volatile Files and Directories...
Jul 30 20:38:31 witherspoon systemd[1]: Starting Load/Save Random Seed...
Jul 30 20:38:31 witherspoon systemd[1]: Started Rebuild Journal Catalog.
Jul 30 20:38:31 witherspoon systemd[1]: Starting Update is Completed...
Jul 30 20:38:31 witherspoon systemd[1]: Started Load/Save Random Seed.
Jul 30 20:38:31 witherspoon systemd[1]: Started Update is Completed.
Jul 30 20:38:31 witherspoon systemd-tmpfiles[895]: "/var/tmp" already exists and is not a directory.
Jul 30 20:38:31 witherspoon systemd-tmpfiles[895]: "/var/log" already exists and is not a directory.
Jul 30 20:38:31 witherspoon systemd[1]: Started Create Volatile Files and Directories.
Jul 30 20:38:31 witherspoon systemd[1]: Starting Run pending postinsts...
Jul 30 20:38:31 witherspoon systemd[1]: Starting Network Time Synchronization...
Jul 30 20:38:32 witherspoon systemd[1]: Started Network Time Synchronization.
Jul 30 20:38:32 witherspoon systemd[1]: Reached target System Time Synchronized.
Jul 30 20:38:32 witherspoon systemd[1]: Started udev Kernel Device Manager.
Jul 30 20:38:33 witherspoon run-postinsts[902]: Running postinst /etc/rpm-postinsts/libglib-2.0-0...
Jul 30 20:38:34 witherspoon systemd[1]: Created slice system-xyz.openbmc_project.Hwmon.slice.
Jul 30 20:38:34 witherspoon systemd[1]: dev-hugepages.mount: Couldn't determine result for ConditionVirtualization=!private-users, assuming failed: No such file or directory
Jul 30 20:38:34 witherspoon systemd[1]: Found device /dev/aspeed-mbox.
Jul 30 20:38:34 witherspoon systemd[1]: Found device /dev/ttyS4.
Jul 30 20:38:34 witherspoon systemd[1]: Found device /dev/ttyVUART0.
Jul 30 20:38:34 witherspoon systemd[1]: dev-hugepages.mount: Couldn't determine result for ConditionVirtualization=!private-users, assuming failed: No such file or directory
Jul 30 20:38:34 witherspoon systemd[1]: Created slice system-xyz.openbmc_project.led.controller.slice.
Jul 30 20:38:34 witherspoon systemd[1]: dev-hugepages.mount: Couldn't determine result for ConditionVirtualization=!private-users, assuming failed: No such file or directory
Jul 30 20:38:35 witherspoon systemd[1]: Found device /dev/aspeed-lpc-ctrl.
Jul 30 20:38:35 witherspoon systemd[1]: dev-hugepages.mount: Couldn't determine result for ConditionVirtualization=!private-users, assuming failed: No such file or directory
Jul 30 20:38:36 witherspoon run-postinsts[902]: rm: can't remove '/etc/rpm-postinsts': Invalid argument
Jul 30 20:38:36 witherspoon run-postinsts[902]:  Removing any system startup links for run-postinsts ...
Jul 30 20:38:37 witherspoon systemctl[932]: Removed /etc/systemd/system/sysinit.target.wants/run-postinsts.service.
Jul 30 20:38:37 witherspoon systemd[1]: Reloading.
Jul 30 20:38:39 witherspoon systemd[1]: Started Run pending postinsts.
Jul 30 20:38:39 witherspoon systemd[1]: Reached target System Initialization.
Jul 30 20:38:39 witherspoon systemd[1]: Listening on Avahi mDNS/DNS-SD Stack Activation Socket.
Jul 30 20:38:39 witherspoon systemd[1]: Listening on Phosphor Host Console SSH Per-Connection socket.
Jul 30 20:38:39 witherspoon systemd[1]: Started Daily Cleanup of Temporary Directories.
Jul 30 20:38:39 witherspoon systemd[1]: Reached target Timers.
Jul 30 20:38:39 witherspoon systemd[1]: Listening on phosphor-ipmi-net.socket.
Jul 30 20:38:39 witherspoon systemd[1]: Listening on D-Bus System Message Bus Socket.
Jul 30 20:38:40 witherspoon systemd[1]: Listening on Phosphor Webserver socket.
Jul 30 20:38:40 witherspoon systemd[1]: Listening on dropbear.socket.
Jul 30 20:38:40 witherspoon systemd[1]: Listening on Phosphor DBUS Browser socket.
Jul 30 20:38:40 witherspoon systemd[1]: Reached target Sockets.
Jul 30 20:38:40 witherspoon systemd[1]: Reached target Basic System.
Jul 30 20:38:40 witherspoon systemd[1]: Starting Phosphor DBus Service Discovery Manager...
Jul 30 20:38:40 witherspoon systemd[1]: Starting Phosphor Sensor Manager...
Jul 30 20:38:40 witherspoon systemd[1]: Started D-Bus System Message Bus.
Jul 30 20:38:42 witherspoon systemd[1]: Starting Phosphor Inventory Manager...
Jul 30 20:38:42 witherspoon systemd[1]: Started Phosphor sysfs LED controller.
Jul 30 20:38:43 witherspoon systemd[1]: Reached target Containers.
Jul 30 20:38:43 witherspoon systemd[1]: Starting Avahi mDNS/DNS-SD Stack...
Jul 30 20:38:43 witherspoon systemd[1]: Starting Phosphor User Manager...
Jul 30 20:38:43 witherspoon systemd[1]: Starting Phosphor Dump Manager...
Jul 30 20:38:43 witherspoon systemd[1]: Started Phosphor sysfs LED controller.
Jul 30 20:38:43 witherspoon systemd[1]: Starting Phosphor BMC0 Control...
Jul 30 20:38:43 witherspoon systemd[1]: Starting Phosphor Download Manager...
Jul 30 20:38:43 witherspoon systemd[1]: Started System Logging Service.
Jul 30 20:38:43 witherspoon systemd[1]: Started Phosphor sysfs LED controller.
Jul 30 20:38:43 witherspoon systemd[1]: Starting Phosphor Inventory Manager...
Jul 30 20:38:43 witherspoon systemd[1]: Starting Phosphor Settings Daemon...
Jul 30 20:38:43 witherspoon systemd[1]: Starting OpenPower Software Update Manager...
Jul 30 20:38:43 witherspoon systemd[1]: Started Hardware RNG Entropy Gatherer Daemon.
Jul 30 20:38:43 witherspoon systemd[1]: Starting Clear one time boot overrides...
Jul 30 20:38:43 witherspoon systemd[1]: Started Phosphor sysfs LED controller.
Jul 30 20:38:43 witherspoon systemd[1]: Starting OpenBMC Software Update Manager...
Jul 30 20:38:44 witherspoon systemd[1]: Started Phosphor Console Muxer listening on device /dev/ttyVUART0.
Jul 30 20:38:44 witherspoon systemd[1]: Started Phosphor sysfs LED controller.
Jul 30 20:38:44 witherspoon systemd[1]: Starting Phosphor LED Group Management Daemon...
Jul 30 20:38:44 witherspoon systemd[1]: Starting Phosphor Download Manager...
Jul 30 20:38:44 witherspoon systemd[1]: Starting Phosphor IPMI BT DBus Bridge...
Jul 30 20:38:44 witherspoon systemd[1]: Starting Phosphor Log Manager...
Jul 30 20:38:44 witherspoon systemd[1]: Started Phosphor sysfs LED controller.
Jul 30 20:38:44 witherspoon systemd[1]: Starting Phosphor Network Manager...
Jul 30 20:38:47 witherspoon systemd[1]: Started Phosphor sysfs LED controller.
Jul 30 20:38:47 witherspoon systemd[1]: Started Phosphor sysfs LED controller.
Jul 30 20:38:47 witherspoon systemd[1]: Started Kernel Logging Service.
Jul 30 20:38:47 witherspoon kernel[976]: klogd started: BusyBox v1.24.1 (2017-06-16 19:29:08 UTC)
Jul 30 20:38:47 witherspoon kernel[976]: [    0.000000] Booting Linux on physical CPU 0x0
Jul 30 20:38:47 witherspoon kernel[976]: [    0.000000] Linux version 4.10.17-44f0dc8ac43162c4f7082884d6cd79400341bf5b (jenkins@openbmc-builder1) (gcc version 6.2.0 (GCC) ) #1 Sun Jul 30 20:16:32 UTC 2017
Jul 30 20:38:47 witherspoon kernel[976]: [    0.000000] CPU: ARMv6-compatible processor [410fb767] revision 7 (ARMv7), cr=00c5387d
Jul 30 20:38:47 witherspoon kernel[976]: [    0.000000] CPU: PIPT / VIPT nonaliasing data cache, VIPT nonaliasing instruction cache
Jul 30 20:38:47 witherspoon kernel[976]: [    0.000000] OF: fdt:Machine model: Witherspoon BMC
Jul 30 20:38:47 witherspoon kernel[976]: [    0.000000] Memory policy: Data cache writeback
Jul 30 20:38:47 witherspoon kernel[976]: [    0.000000] SOC Rev: 04030303
Jul 30 20:38:47 witherspoon kernel[976]: [    0.000000] On node 0 totalpages: 110592
Jul 30 20:38:47 witherspoon kernel[976]: [    0.000000] free_area_init_node: node 0, pgdat 805ff5e4, node_mem_map 9ec1a000
Jul 30 20:38:47 witherspoon kernel[976]: [    0.000000]   Normal zone: 992 pages used for memmap
Jul 30 20:38:47 witherspoon kernel[976]: [    0.000000]   Normal zone: 0 pages reserved
Jul 30 20:38:47 witherspoon kernel[976]: [    0.000000]   Normal zone: 110592 pages, LIFO batch:31
Jul 30 20:38:47 witherspoon kernel[976]: [    0.000000] pcpu-alloc: s0 r0 d32768 u32768 alloc=1*32768
Jul 30 20:38:47 witherspoon kernel[976]: [    0.000000] pcpu-alloc: [0] 0
Jul 30 20:38:47 witherspoon kernel[976]: [    0.000000] Built 1 zonelists in Zone order, mobility grouping on.  Total pages: 109600
Jul 30 20:38:47 witherspoon kernel[976]: [    0.000000] Kernel command line: console=ttyS4,115200n8 root=/dev/ram rw
Jul 30 20:38:47 witherspoon kernel[976]: [    0.000000] PID hash table entries: 2048 (order: 1, 8192 bytes)
Jul 30 20:38:47 witherspoon kernel[976]: [    0.000000] Dentry cache hash table entries: 65536 (order: 6, 262144 bytes)
Jul 30 20:38:47 witherspoon kernel[976]: [    0.000000] Inode-cache hash table entries: 32768 (order: 5, 131072 bytes)
Jul 30 20:38:47 witherspoon kernel[976]: [    0.000000] Memory: 430436K/442368K available (4065K kernel code, 280K rwdata, 1192K rodata, 284K init, 111K bss, 11932K reserved, 0K cma-reserved)
Jul 30 20:38:47 witherspoon kernel[976]: [    0.000000] Virtual kernel memory layout:
Jul 30 20:38:47 witherspoon kernel[976]: [    0.000000]     vector  : 0xffff0000 - 0xffff1000   (   4 kB)
Jul 30 20:38:47 witherspoon kernel[976]: [    0.000000]     fixmap  : 0xffc00000 - 0xfff00000   (3072 kB)
Jul 30 20:38:47 witherspoon kernel[976]: [    0.000000]     vmalloc : 0x9f800000 - 0xff800000   (1536 MB)
Jul 30 20:38:47 witherspoon kernel[976]: [    0.000000]     lowmem  : 0x80000000 - 0x9f000000   ( 496 MB)
Jul 30 20:38:47 witherspoon kernel[976]: [    0.000000]       .text : 0x80008000 - 0x804007a0   (4066 kB)
Jul 30 20:38:47 witherspoon kernel[976]: [    0.000000]       .init : 0x80585000 - 0x805cc000   ( 284 kB)
Jul 30 20:38:47 witherspoon kernel[976]: [    0.000000]       .data : 0x805cc000 - 0x80612358   ( 281 kB)
Jul 30 20:38:47 witherspoon kernel[976]: [    0.000000]        .bss : 0x80612358 - 0x8062e1f8   ( 112 kB)
Jul 30 20:38:47 witherspoon systemd[1]: Started Phosphor Dump core monitor..
Jul 30 20:38:47 witherspoon kernel[976]: [    0.000000] NR_IRQS:16 nr_irqs:16 16
Jul 30 20:38:47 witherspoon systemd[1]: Starting Phosphor Chassis0 Control...
Jul 30 20:38:47 witherspoon kernel[976]: [    0.000000] i2c controller registered, irq 16
Jul 30 20:38:47 witherspoon systemd[1]: Started Phosphor sysfs LED controller.
Jul 30 20:38:47 witherspoon kernel[976]: [    0.000000] clocksource: moxart_timer: mask: 0xffffffff max_cycles: 0xffffffff, max_idle_ns: 77222644334 ns
Jul 30 20:38:47 witherspoon systemd[1]: Started Phosphor sysfs LED controller.
Jul 30 20:38:47 witherspoon kernel[976]: [    0.000000] sched_clock: 32 bits at 100 Hz, resolution 10000000ns, wraps every 21474836475000000ns
Jul 30 20:38:47 witherspoon systemd[1]: Started Phosphor MBOX Daemon.
Jul 30 20:38:47 witherspoon kernel[976]: [    0.090000] Calibrating delay loop... 789.70 BogoMIPS (lpj=3948544)
Jul 30 20:38:47 witherspoon systemd[1]: Starting Network Service...
Jul 30 20:38:47 witherspoon kernel[976]: [    0.090000] pid_max: default: 32768 minimum: 301
Jul 30 20:38:48 witherspoon systemd[1]: Started Clear one time boot overrides.
Jul 30 20:38:47 witherspoon kernel[976]: [    0.090000] Mount-cache hash table entries: 1024 (order: 0, 4096 bytes)
Jul 30 20:38:48 witherspoon systemd[1]: Started Phosphor IPMI BT DBus Bridge.
Jul 30 20:38:47 witherspoon kernel[976]: [    0.090000] Mountpoint-cache hash table entries: 1024 (order: 0, 4096 bytes)
Jul 30 20:38:48 witherspoon systemd[1]: Started Phosphor Settings Daemon.
Jul 30 20:38:47 witherspoon kernel[976]: [    0.090000] CPU: Testing write buffer coherency: ok
Jul 30 20:38:47 witherspoon kernel[976]: [    0.090000] ftrace: allocating 14932 entries in 44 pages
Jul 30 20:38:47 witherspoon kernel[976]: [    0.120000] Setting up static identity map for 0x80008200 - 0x8000825c
Jul 30 20:38:47 witherspoon kernel[976]: [    0.120000] devtmpfs: initialized
Jul 30 20:38:47 witherspoon kernel[976]: [    0.140000] clocksource: jiffies: mask: 0xffffffff max_cycles: 0xffffffff, max_idle_ns: 19112604462750000 ns
Jul 30 20:38:47 witherspoon kernel[976]: [    0.140000] futex hash table entries: 256 (order: -1, 3072 bytes)
Jul 30 20:38:47 witherspoon kernel[976]: [    0.140000] pinctrl core: initialized pinctrl subsystem
Jul 30 20:38:47 witherspoon kernel[976]: [    0.140000] NET: Registered protocol family 16
Jul 30 20:38:50 witherspoon systemd[1]: Started Phosphor Log Manager.
Jul 30 20:38:47 witherspoon kernel[976]: [    0.140000] DMA: preallocated 256 KiB pool for atomic coherent allocations
Jul 30 20:38:50 witherspoon openpower-update-manager[959]: Error PNOR current version is empty
Jul 30 20:38:47 witherspoon kernel[976]: [    0.220000] usbcore: registered new interface driver usbfs
Jul 30 20:38:50 witherspoon systemd-networkd[982]: Enumeration completed
Jul 30 20:38:47 witherspoon kernel[976]: [    0.220000] usbcore: registered new interface driver hub
Jul 30 20:38:50 witherspoon systemd[1]: Started Network Service.
Jul 30 20:38:47 witherspoon kernel[976]: [    0.220000] usbcore: registered new device driver usb
Jul 30 20:38:50 witherspoon systemd-networkd[982]: eth0: IPv6 enabled for interface: Success
Jul 30 20:38:47 witherspoon kernel[976]: [    0.220000] clocksource: Switched to clocksource moxart_timer
Jul 30 20:38:50 witherspoon systemd[1]: Started Phosphor Download Manager.
Jul 30 20:38:47 witherspoon kernel[976]: [    0.230000] NET: Registered protocol family 2
Jul 30 20:38:50 witherspoon systemd[1]: Started Phosphor Inventory Manager.
Jul 30 20:38:47 witherspoon kernel[976]: [    0.230000] TCP established hash table entries: 4096 (order: 2, 16384 bytes)
Jul 30 20:38:50 witherspoon systemd-networkd[982]: eth0: Gained carrier
Jul 30 20:38:47 witherspoon kernel[976]: [    0.230000] TCP bind hash table entries: 4096 (order: 2, 16384 bytes)
Jul 30 20:38:50 witherspoon systemd-timesyncd[903]: Network configuration changed, trying to establish connection.
Jul 30 20:38:47 witherspoon kernel[976]: [    0.230000] TCP: Hash tables configured (established 4096 bind 4096)
Jul 30 20:38:50 witherspoon systemd[1]: Started OpenPower Software Update Manager.
Jul 30 20:38:47 witherspoon kernel[976]: [    0.230000] UDP hash table entries: 256 (order: 0, 4096 bytes)
Jul 30 20:38:50 witherspoon systemd[1]: Started OpenBMC Software Update Manager.
Jul 30 20:38:47 witherspoon kernel[976]: [    0.230000] UDP-Lite hash table entries: 256 (order: 0, 4096 bytes)
Jul 30 20:38:50 witherspoon systemd[1]: Started Phosphor Dump Manager.
Jul 30 20:38:47 witherspoon kernel[976]: [    0.230000] NET: Registered protocol family 1
Jul 30 20:38:50 witherspoon systemd[1]: Started Avahi mDNS/DNS-SD Stack.
Jul 30 20:38:47 witherspoon kernel[976]: [    0.240000] Trying to unpack rootfs image as initramfs...
Jul 30 20:38:50 witherspoon systemd[1]: Starting Phosphor Version Software Manager...
Jul 30 20:38:47 witherspoon kernel[976]: [    1.910000] Freeing initrd memory: 1548K
Jul 30 20:38:50 witherspoon systemd[1]: Reached target Network.
Jul 30 20:38:47 witherspoon kernel[976]: [    1.910000] workingset: timestamp_bits=30 max_order=17 bucket_order=0
Jul 30 20:38:50 witherspoon systemd[1]: Starting Permit User Sessions...
Jul 30 20:38:47 witherspoon kernel[976]: [    1.910000] squashfs: version 4.0 (2009/01/31) Phillip Lougher
Jul 30 20:38:50 witherspoon systemd[1]: Started Lightweight SLP Server.
Jul 30 20:38:47 witherspoon kernel[976]: [    1.910000] jffs2: version 2.2. (SUMMARY)  © 2001-2006 Red Hat, Inc.
Jul 30 20:38:51 witherspoon systemd[1]: Started Permit User Sessions.
Jul 30 20:38:47 witherspoon kernel[976]: [    1.910000] Block layer SCSI generic (bsg) driver version 0.4 loaded (major 250)
Jul 30 20:38:51 witherspoon systemd[1]: Started Serial Getty on ttyS4.
Jul 30 20:38:47 witherspoon kernel[976]: [    1.910000] io scheduler noop registered
Jul 30 20:38:51 witherspoon systemd[1]: Reached target Login Prompts.
Jul 30 20:38:47 witherspoon kernel[976]: [    1.910000] io scheduler deadline registered
Jul 30 20:38:51 witherspoon systemd[1]: Reached target Multi-User System.
Jul 30 20:38:47 witherspoon kernel[976]: [    1.910000] io scheduler cfq registered (default)
Jul 30 20:38:52 witherspoon systemd-networkd[982]: eth0: Gained IPv6LL
Jul 30 20:38:47 witherspoon kernel[976]: [    2.060000] ipmi-bt-host 1e789140.ibt: Found bt bmc device
Jul 30 20:38:52 witherspoon systemd[1]: Started Phosphor Version Software Manager.
Jul 30 20:38:47 witherspoon kernel[976]: [    2.060000] ipmi-bt-host 1e789140.ibt: Using IRQ 22
Jul 30 20:38:52 witherspoon systemd[1]: Started Phosphor LED Group Management Daemon.
Jul 30 20:38:47 witherspoon kernel[976]: [    2.060000] Serial: 8250/16550 driver, 6 ports, IRQ sharing enabled
Jul 30 20:38:53 witherspoon systemd[1]: Started Phosphor BMC0 Control.
Jul 30 20:38:47 witherspoon kernel[976]: [    2.060000] 1e783000.serial: ttyS0 at MMIO 0x1e783000 (irq = 23, base_baud = 1500000) is a 16550A
Jul 30 20:38:47 witherspoon kernel[976]: [    2.060000] 1e78d000.serial: ttyS1 at MMIO 0x1e78d000 (irq = 24, base_baud = 1500000) is a 16550A
Jul 30 20:38:47 witherspoon kernel[976]: [    2.060000] 1e784000.serial: ttyS4 at MMIO 0x1e784000 (irq = 25, base_baud = 1500000) is a 16550A
Jul 30 20:38:47 witherspoon kernel[976]: [    2.420000] console [ttyS4] enabled
Jul 30 20:38:53 witherspoon kernel: ftgmac100 1e660000.ethernet eth0: NCSI interface up
Jul 30 20:38:47 witherspoon kernel[976]: [    2.420000] 1e787000.vuart: ttyS2 at MMIO 0x1e787000 (irq = 22, base_baud = 1500000) is a 16550A
Jul 30 20:38:47 witherspoon kernel[976]: [    2.600000] timeriomem_rng 1e6e2078.hwrng: 32bits from 0xf00e2078 @ 1us
Jul 30 20:38:47 witherspoon kernel[976]: [    2.620000] random: fast init done
Jul 30 20:38:47 witherspoon kernel[976]: [    2.660000] brd: module loaded
Jul 30 20:38:47 witherspoon kernel[976]: [    2.680000] random: crng init done
Jul 30 20:38:47 witherspoon kernel[976]: [    2.690000] loop: module loaded
Jul 30 20:38:47 witherspoon kernel[976]: [    2.690000] aspeed-lpc-ctrl 1e789080.lpc-ctrl: Loaded at 0x98000000 (0x04000000)
Jul 30 20:38:47 witherspoon kernel[976]: [    2.700000] aspeed-smc 1e620000.flash-controller: Using IRQ 18
Jul 30 20:38:47 witherspoon kernel[976]: [    2.700000] aspeed-smc 1e620000.flash-controller: DMA support disabled.
Jul 30 20:38:47 witherspoon kernel[976]: [    2.720000] aspeed-smc 1e620000.flash-controller: mx25l25635e (32768 Kbytes)
Jul 30 20:38:47 witherspoon kernel[976]: [    2.720000] aspeed-smc 1e620000.flash-controller: CE0 window [ 0x20000000 - 0x22000000 ] 32MB
Jul 30 20:38:47 witherspoon kernel[976]: [    2.720000] aspeed-smc 1e620000.flash-controller: CE1 window [ 0x22000000 - 0x2a000000 ] 128MB
Jul 30 20:38:47 witherspoon kernel[976]: [    2.720000] 5 ofpart partitions found on MTD device bmc
Jul 30 20:38:47 witherspoon kernel[976]: [    2.750000] Creating 5 MTD partitions on "bmc":
Jul 30 20:38:47 witherspoon kernel[976]: [    2.760000] 0x000000000000-0x000000060000 : "u-boot"
Jul 30 20:38:47 witherspoon kernel[976]: [    2.760000] 0x000000060000-0x000000080000 : "u-boot-env"
Jul 30 20:38:47 witherspoon kernel[976]: [    2.780000] 0x000000080000-0x0000004c0000 : "kernel"
Jul 30 20:38:47 witherspoon kernel[976]: [    2.780000] 0x0000004c0000-0x000001c00000 : "rofs"
Jul 30 20:38:47 witherspoon kernel[976]: [    2.800000] 0x000001c00000-0x000002000000 : "rwfs"
Jul 30 20:38:47 witherspoon kernel[976]: [    2.800000] aspeed-smc 1e620000.flash-controller: mx25l25635e (32768 Kbytes)
Jul 30 20:38:47 witherspoon kernel[976]: [    2.810000] aspeed-smc 1e620000.flash-controller: CE1 window [ 0x22000000 - 0x24000000 ] 32MB
Jul 30 20:38:47 witherspoon kernel[976]: [    2.810000] aspeed-smc 1e620000.flash-controller: CE2 window [ 0x24000000 - 0x2c000000 ] 128MB
Jul 30 20:38:47 witherspoon kernel[976]: [    2.840000] aspeed-smc 1e630000.flash-controller: mx66l1g45g (131072 Kbytes)
Jul 30 20:38:47 witherspoon kernel[976]: [    2.840000] aspeed-smc 1e630000.flash-controller: CE0 window resized to 120MB (AST2500 HW quirk)
Jul 30 20:38:47 witherspoon kernel[976]: [    2.850000] aspeed-smc 1e630000.flash-controller: CE0 window [ 0x30000000 - 0x37800000 ] 120MB
Jul 30 20:38:47 witherspoon kernel[976]: [    2.850000] aspeed-smc 1e630000.flash-controller: CE0 window too small for chip 128MB
Jul 30 20:38:47 witherspoon kernel[976]: [    2.850000] aspeed-smc 1e630000.flash-controller: CE1 window [ 0x37800000 - 0x38000000 ] 8MB
Jul 30 20:38:47 witherspoon kernel[976]: [    3.600000] libphy: Fixed MDIO Bus: probed
Jul 30 20:38:47 witherspoon kernel[976]: [    3.600000] ftgmac100 1e660000.ethernet: Read MAC address 70:e2:84:14:23:e1 from chip
Jul 30 20:38:47 witherspoon kernel[976]: [    3.600000] ftgmac100 1e660000.ethernet: Using NCSI interface
Jul 30 20:38:47 witherspoon kernel[976]: [    3.600000] ftgmac100 1e660000.ethernet eth0: irq 20, mapped at f0060000
Jul 30 20:38:47 witherspoon kernel[976]: [    3.600000] ehci_hcd: USB 2.0 'Enhanced' Host Controller (EHCI) Driver
Jul 30 20:38:47 witherspoon kernel[976]: [    3.600000] ehci-platform: EHCI generic platform driver
Jul 30 20:38:47 witherspoon kernel[976]: [    3.840000]  fsi0: can't read slave 00:00 -5
Jul 30 20:38:47 witherspoon kernel[976]: [    3.840000] i2c /dev entries driver
Jul 30 20:38:47 witherspoon kernel[976]: [    3.840000] aspeed-i2c-bus 1e78a0c0.i2c-bus: i2c bus 2 registered, irq 26
Jul 30 20:38:47 witherspoon kernel[976]: [    3.840000] aspeed-i2c-bus 1e78a100.i2c-bus: i2c bus 3 registered, irq 27
Jul 30 20:38:47 witherspoon kernel[976]: [    3.840000] aspeed-i2c-bus 1e78a140.i2c-bus: i2c bus 4 registered, irq 28
Jul 30 20:38:47 witherspoon kernel[976]: [    3.840000] aspeed-i2c-bus 1e78a180.i2c-bus: i2c bus 5 registered, irq 29
Jul 30 20:38:47 witherspoon kernel[976]: [    3.840000] aspeed-i2c-bus 1e78a380.i2c-bus: i2c bus 9 registered, irq 30
Jul 30 20:38:47 witherspoon kernel[976]: [    3.840000] aspeed-i2c-bus 1e78a3c0.i2c-bus: i2c bus 10 registered, irq 31
Jul 30 20:38:47 witherspoon kernel[976]: [    3.840000] rtc-rv8803 11-0032: Voltage low, temperature compensation stopped.
Jul 30 20:38:47 witherspoon kernel[976]: [    3.840000] rtc-rv8803 11-0032: An alarm maybe have been missed.
Jul 30 20:38:47 witherspoon kernel[976]: [    3.950000] rtc-rv8803 11-0032: rtc core: registered rx8900 as rtc0
Jul 30 20:38:47 witherspoon kernel[976]: [    3.960000] at24 11-0051: 8192 byte 24c64 EEPROM, writable, 1 bytes/write
Jul 30 20:38:47 witherspoon kernel[976]: [    3.960000] aspeed-i2c-bus 1e78a400.i2c-bus: i2c bus 11 registered, irq 32
Jul 30 20:38:47 witherspoon kernel[976]: [    3.960000] aspeed-i2c-bus 1e78a440.i2c-bus: i2c bus 12 registered, irq 33
Jul 30 20:38:47 witherspoon kernel[976]: [    3.960000] aspeed-i2c-bus 1e78a480.i2c-bus: i2c bus 13 registered, irq 34
Jul 30 20:38:47 witherspoon kernel[976]: [    3.960000] Driver for 1-wire Dallas network protocol.
Jul 30 20:38:47 witherspoon kernel[976]: [    3.960000] lm75 9-004a: hwmon0: sensor 'tmp275'
Jul 30 20:38:47 witherspoon kernel[976]: [    4.400000] max31785 3-0052: Fan 0 is configured but not installed
Jul 30 20:38:47 witherspoon kernel[976]: [    4.410000] max31785 3-0052: Fan 1 is configured but not installed
Jul 30 20:38:47 witherspoon kernel[976]: [    4.420000] max31785 3-0052: Fan 2 is configured but not installed
Jul 30 20:38:47 witherspoon kernel[976]: [    4.450000] max31785: probe of 3-0052 failed with error -5
Jul 30 20:38:47 witherspoon kernel[976]: [    4.460000] ucd9000 11-0064: Device ID UCD90160|2.3.4.0000|110603
Jul 30 20:38:47 witherspoon kernel[976]: [    4.790000] leds-pca955x 3-0060: leds-pca955x: Using pca9552 16-bit LED driver at slave address 0x60
Jul 30 20:38:47 witherspoon kernel[976]: [    4.810000] leds-pca955x 11-0060: leds-pca955x: Using pca9552 16-bit LED driver at slave address 0x60
Jul 30 20:38:47 witherspoon kernel[976]: [    4.820000] leds-pca955x 11-0060: gpios 264...279
Jul 30 20:38:47 witherspoon kernel[976]: [    4.830000] usbcore: registered new interface driver usbhid
Jul 30 20:38:47 witherspoon kernel[976]: [    4.830000] usbhid: USB HID core driver
Jul 30 20:38:47 witherspoon kernel[976]: [    4.880000] NET: Registered protocol family 10
Jul 30 20:38:47 witherspoon kernel[976]: [    4.880000] Segment Routing with IPv6
Jul 30 20:38:47 witherspoon kernel[976]: [    4.890000] NET: Registered protocol family 17
Jul 30 20:38:47 witherspoon kernel[976]: [    4.890000] 8021q: 802.1Q VLAN Support v1.8
Jul 30 20:38:47 witherspoon kernel[976]: [    4.890000] console [netcon0] enabled
Jul 30 20:38:47 witherspoon kernel[976]: [    4.890000] netconsole: network logging started
Jul 30 20:38:47 witherspoon kernel[976]: [    4.910000] input: gpio-keys as /devices/platform/gpio-keys/input/input0
Jul 30 20:38:47 witherspoon kernel[976]: [    4.920000] rtc-rv8803 11-0032: setting system clock to 2017-07-30 20:38:16 UTC (1501447096)
Jul 30 20:38:47 witherspoon kernel[976]: [    4.930000] Freeing unused kernel memory: 284K
Jul 30 20:38:47 witherspoon kernel[976]: [    4.930000] This architecture does not have kernel memory protection.
Jul 30 20:38:47 witherspoon kernel[976]: [    6.470000] jffs2: notice: (524) jffs2_build_xattr_subsystem: complete building xattr subsystem, 0 of xdatum (0 unchecked, 0 orphan) and 0 of xref (0 dead, 0 orphan) found.
Jul 30 20:38:47 witherspoon kernel[976]: [    8.650000] systemd[1]: Failed to insert module 'autofs4': No such file or directory
Jul 30 20:38:47 witherspoon kernel[976]: [    8.850000] systemd[1]: systemd 232 running in system mode. (+PAM -AUDIT -SELINUX -IMA -APPARMOR -SMACK +SYSVINIT -UTMP -LIBCRYPTSETUP -GCRYPT -GNUTLS +ACL +XZ -LZ4 -SECCOMP +BLKID -ELFUTILS +KMOD -IDN)
Jul 30 20:38:47 witherspoon kernel[976]: [    8.850000] systemd[1]: Detected architecture arm.
Jul 30 20:38:47 witherspoon kernel[976]: [    9.010000] systemd[1]: Set hostname to <witherspoon>.
Jul 30 20:38:47 witherspoon kernel[976]: [   10.450000] systemd[1]: Listening on udev Kernel Socket.
Jul 30 20:38:47 witherspoon kernel[976]: [   10.620000] systemd[1]: Listening on udev Control Socket.
Jul 30 20:38:47 witherspoon kernel[976]: [   10.660000] systemd[1]: Reached target Swap.
Jul 30 20:38:47 witherspoon kernel[976]: [   10.690000] systemd[1]: Listening on /dev/initctl Compatibility Named Pipe.
Jul 30 20:38:47 witherspoon kernel[976]: [   10.730000] systemd[1]: Listening on Journal Socket.
Jul 30 20:38:47 witherspoon kernel[976]: [   10.770000] systemd[1]: Listening on Network Service Netlink Socket.
Jul 30 20:38:47 witherspoon kernel[976]: [   10.810000] systemd[1]: Started Forward Password Requests to Wall Directory Watch.
Jul 30 20:38:47 witherspoon kernel[976]: [   14.060000] systemd[1]: dev-hugepages.mount: Couldn't determine result for ConditionVirtualization=!private-users, assuming failed: No such file or directory
Jul 30 20:38:47 witherspoon kernel[976]: [   14.060000] systemd[1]: Created slice system-getty.slice.
Jul 30 20:38:47 witherspoon kernel[976]: [   14.320000] systemd[1]: Starting Apply Kernel Variables...
Jul 30 20:38:47 witherspoon kernel[976]: [   14.590000] systemd[1]: Created slice system-obmc\x2dconsole.slice.
Jul 30 20:38:47 witherspoon kernel[976]: [   14.870000] systemd[1]: Listening on Journal Socket (/dev/log).
Jul 30 20:38:47 witherspoon kernel[976]: [   15.160000] systemd[1]: Starting Journal Service...
Jul 30 20:38:47 witherspoon kernel[976]: [   15.460000] systemd[1]: Starting Remount Root and Kernel File Systems...
Jul 30 20:38:47 witherspoon kernel[976]: [   15.770000] systemd[1]: Mounted Debug File System.
Jul 30 20:38:47 witherspoon kernel[976]: [   16.090000] systemd[1]: Mounted Temporary Directory.
Jul 30 20:38:47 witherspoon kernel[976]: [   16.420000] systemd[1]: Started Journal Service.
Jul 30 20:38:47 witherspoon kernel[976]: [   18.610000] systemd-journald[652]: Received request to flush runtime journal from PID 1
Jul 30 20:38:48 witherspoon avahi-daemon[949]: Found user 'avahi' (UID 999) and group 'avahi' (GID 999).
Jul 30 20:38:48 witherspoon avahi-daemon[949]: Successfully dropped root privileges.
Jul 30 20:38:48 witherspoon avahi-daemon[949]: avahi-daemon 0.6.32 starting up.
Jul 30 20:38:52 witherspoon avahi-daemon[949]: Successfully called chroot().
Jul 30 20:38:52 witherspoon avahi-daemon[949]: Successfully dropped remaining capabilities.
Jul 30 20:38:52 witherspoon avahi-daemon[949]: Loading service file /services/obmc_console.service.
Jul 30 20:38:52 witherspoon avahi-daemon[949]: Loading service file /services/phosphor_rest.service.
Jul 30 20:38:52 witherspoon avahi-daemon[949]: Loading service file /services/sftp-ssh.service.
Jul 30 20:38:52 witherspoon avahi-daemon[949]: Loading service file /services/sftp.service.
Jul 30 20:38:52 witherspoon avahi-daemon[949]: Loading service file /services/ssh.service.
Jul 30 20:38:52 witherspoon avahi-daemon[949]: Joining mDNS multicast group on interface eth0.IPv6 with address fe80::72e2:84ff:fe14:23e1.
Jul 30 20:38:52 witherspoon avahi-daemon[949]: New relevant interface eth0.IPv6 for mDNS.
Jul 30 20:38:52 witherspoon avahi-daemon[949]: Joining mDNS multicast group on interface eth0.IPv4 with address 9.3.86.161.
Jul 30 20:38:52 witherspoon avahi-daemon[949]: New relevant interface eth0.IPv4 for mDNS.
Jul 30 20:38:52 witherspoon avahi-daemon[949]: Network interface enumeration completed.
Jul 30 20:38:52 witherspoon avahi-daemon[949]: Registering new address record for fe80::72e2:84ff:fe14:23e1 on eth0.*.
Jul 30 20:38:52 witherspoon avahi-daemon[949]: Registering new address record for 9.3.86.161 on eth0.IPv4.
Jul 30 20:38:53 witherspoon kernel[976]: [   41.990000] ftgmac100 1e660000.ethernet eth0: NCSI interface up
Jul 30 20:38:53 witherspoon avahi-daemon[949]: Server startup complete. Host name is witherspoon.local. Local service cookie is 564004118.
Jul 30 20:38:54 witherspoon avahi-daemon[949]: Service "witherspoon" (/services/ssh.service) successfully established.
Jul 30 20:38:54 witherspoon avahi-daemon[949]: Service "sftp" (/services/sftp.service) successfully established.
Jul 30 20:38:54 witherspoon avahi-daemon[949]: Service "witherspoon" (/services/sftp-ssh.service) successfully established.
Jul 30 20:38:54 witherspoon avahi-daemon[949]: Service "phosphor_rest" (/services/phosphor_rest.service) successfully established.
Jul 30 20:38:54 witherspoon avahi-daemon[949]: Service "obmc_console" (/services/obmc_console.service) successfully established.
Jul 30 20:38:59 witherspoon systemd[1]: Created slice system-dropbear.slice.
Jul 30 20:38:59 witherspoon systemd[1]: Started SSH Per-Connection Server (9.41.165.94:36546).
Jul 30 20:39:00 witherspoon dropbear[998]: Failed loading /etc/dropbear/dropbear_dss_host_key
Jul 30 20:39:00 witherspoon dropbear[998]: Failed loading /etc/dropbear/dropbear_ecdsa_host_key
Jul 30 20:39:00 witherspoon dropbear[998]: Child connection from ::ffff:9.41.165.94:36546
Jul 30 20:39:05 witherspoon systemd-networkd[982]: eth0: Configured
Jul 30 20:39:05 witherspoon systemd-timesyncd[903]: Network configuration changed, trying to establish connection.
Jul 30 20:39:05 witherspoon dropbear[998]: PAM password auth succeeded for 'root' from ::ffff:9.41.165.94:36546
Jul 30 20:39:05 witherspoon dropbear[999]: lastlog_perform_login: Couldn't stat /var/log/lastlog: No such file or directory
Jul 30 20:39:05 witherspoon dropbear[999]: lastlog_openseek: /var/log/lastlog is not a file or directory!
Jul 30 20:39:07 witherspoon sensor_manager2.py[945]: Setting boot count to 3
Jul 30 20:39:07 witherspoon sensor_manager2.py[945]: Starting sensor manager
Jul 30 20:39:07 witherspoon systemd[1]: Started Phosphor Sensor Manager.
Jul 30 20:39:07 witherspoon systemd[1]: Started Phosphor Chassis0 Control.
Jul 30 20:39:07 witherspoon chassis_control.py[978]: Running ChassisControlService
Jul 30 20:39:08 witherspoon systemd[1]: Started Phosphor User Manager.
Jul 30 20:39:08 witherspoon obmc-phosphor-userd[950]: Started
Jul 30 20:39:08 witherspoon phosphor-mapper[944]: ObjectMapper startup complete.  Discovery in progress...
Jul 30 20:39:09 witherspoon inventory_items.py[947]: Loading from cache: /var/cache/obmc/org.openbmc.inventory.system.chassis.motherboard.apss@org.openbmc.InventoryItem.props
Jul 30 20:39:09 witherspoon inventory_items.py[947]: Loading from cache: /var/cache/obmc/org.openbmc.inventory.system.chassis.motherboard@org.openbmc.InventoryItem.props
Jul 30 20:39:09 witherspoon inventory_items.py[947]: Loading from cache: /var/cache/obmc/org.openbmc.inventory.system.chassis.motherboard.refclock@org.openbmc.InventoryItem.props
Jul 30 20:39:09 witherspoon inventory_items.py[947]: Loading from cache: /var/cache/obmc/org.openbmc.inventory.system.chassis.motherboard.cpu1.core7@org.openbmc.InventoryItem.props
Jul 30 20:39:09 witherspoon inventory_items.py[947]: Loading from cache: /var/cache/obmc/org.openbmc.inventory.system.chassis.motherboard.cpu1.core4@org.openbmc.InventoryItem.props
Jul 30 20:39:09 witherspoon inventory_items.py[947]: Loading from cache: /var/cache/obmc/org.openbmc.inventory.system.chassis.motherboard.cpu1.core1@org.openbmc.InventoryItem.props
Jul 30 20:39:09 witherspoon inventory_items.py[947]: Loading from cache: /var/cache/obmc/org.openbmc.inventory.system.chassis.motherboard.cpu1.core10@org.openbmc.InventoryItem.props
Jul 30 20:39:09 witherspoon inventory_items.py[947]: Loading from cache: /var/cache/obmc/org.openbmc.inventory.system.chassis.motherboard.todclock@org.openbmc.InventoryItem.props
Jul 30 20:39:09 witherspoon inventory_items.py[947]: Loading from cache: /var/cache/obmc/org.openbmc.inventory.system.chassis.motherboard.cpu1@org.openbmc.InventoryItem.props
Jul 30 20:39:09 witherspoon systemd[1]: Started Phosphor Download Manager.
Jul 30 20:39:09 witherspoon download_manager.py[954]: Running Download Manager
Jul 30 20:39:10 witherspoon avahi-daemon[985]: ../../avahi-0.6.32/avahi-daemon/chroot.c: open() failed: No such file or directory
Jul 30 20:39:10 witherspoon avahi-daemon[949]: Failed to open /usr/share/dbus-1/interfaces/org.freedesktop.Avahi.Server.xml: Invalid argument
Jul 30 20:39:10 witherspoon avahi-daemon[949]: Failed to load introspection data.
Jul 30 20:39:15 witherspoon inventory_items.py[947]: Loading from cache: /var/cache/obmc/org.openbmc.inventory.system.chassis.motherboard.bmc@org.openbmc.InventoryItem.props
Jul 30 20:39:15 witherspoon inventory_items.py[947]: Caching: /org/openbmc/inventory/system/chassis/motherboard/bmc
Jul 30 20:39:15 witherspoon inventory_items.py[947]: Loading from cache: /var/cache/obmc/org.openbmc.inventory.system.chassis.motherboard.cpu0.core1@org.openbmc.InventoryItem.props
Jul 30 20:39:15 witherspoon inventory_items.py[947]: Loading from cache: /var/cache/obmc/org.openbmc.inventory.system.chassis.motherboard.cpu0.core7@org.openbmc.InventoryItem.props
Jul 30 20:39:15 witherspoon inventory_items.py[947]: Loading from cache: /var/cache/obmc/org.openbmc.inventory.system.chassis.motherboard.cpu0.core4@org.openbmc.InventoryItem.props
Jul 30 20:39:15 witherspoon inventory_items.py[947]: Loading from cache: /var/cache/obmc/org.openbmc.inventory.system.chassis.motherboard.pcieclock@org.openbmc.InventoryItem.props
Jul 30 20:39:15 witherspoon inventory_items.py[947]: Loading from cache: /var/cache/obmc/org.openbmc.inventory.system.chassis.motherboard.cpu0.core10@org.openbmc.InventoryItem.props
Jul 30 20:39:15 witherspoon inventory_items.py[947]: Running Inventory Manager
Jul 30 20:39:15 witherspoon systemd[1]: Started Phosphor Inventory Manager.
Jul 30 20:39:15 witherspoon netman.py[971]: Started
Jul 30 20:39:15 witherspoon systemd[1]: Started Phosphor Network Manager.
Jul 30 20:39:19 witherspoon phosphor-mapper[944]: ObjectMapper discovery complete
Jul 30 20:39:19 witherspoon systemd[1]: Started Phosphor DBus Service Discovery Manager.
Jul 30 20:39:19 witherspoon systemd[1]: Started Phosphor Hwmon Poller.
Jul 30 20:39:19 witherspoon systemd[1]: Started Phosphor Hwmon Poller.
Jul 30 20:39:19 witherspoon systemd[1]: Started Phosphor Hwmon Poller.
Jul 30 20:39:19 witherspoon systemd[1]: Reached target Phosphor Object Mapper.
Jul 30 20:39:19 witherspoon systemd[1]: Starting Wait for /org/openbmc/control/power0...
Jul 30 20:39:19 witherspoon systemd[1]: Starting Wait for /org/openbmc/managers/System...
Jul 30 20:39:19 witherspoon systemd[1]: Started Phosphor DBus Monitor.
Jul 30 20:39:19 witherspoon systemd[1]: Starting Wait for /org/openbmc/control/bmc0...
Jul 30 20:39:19 witherspoon systemd[1]: Starting Wait for /xyz/openbmc_project/control/host0...
Jul 30 20:39:19 witherspoon systemd[1]: Starting Wait for /xyz/openbmc_project/led/groups...
Jul 30 20:39:19 witherspoon systemd[1]: Starting Phosphor Network Manager...
Jul 30 20:39:19 witherspoon systemd[1]: Starting Wait for /org/openbmc/control/flash/bios...
Jul 30 20:39:19 witherspoon systemd[1]: Reached target Webserver (pre).
Jul 30 20:39:19 witherspoon systemd[1]: Started Phosphor Webserver.
Jul 30 20:39:19 witherspoon systemd[1]: Starting Wait for /xyz/openbmc_project/state/chassis0...
Jul 30 20:39:19 witherspoon systemd[1]: Starting Phosphor Settings Manager...
Jul 30 20:39:19 witherspoon systemd[1]: Starting Wait for /org/openbmc/managers/Download...
Jul 30 20:39:19 witherspoon systemd[1]: Starting Wait for /xyz/openbmc_project/led/groups/bmc_booted...
Jul 30 20:39:19 witherspoon systemd[1]: Starting Wait for /xyz/openbmc_project/inventory...
Jul 30 20:39:19 witherspoon systemd[1]: Starting Wait for /org/openbmc/NetworkManager/Interface...
Jul 30 20:39:19 witherspoon systemd[1]: Starting Wait for /xyz/openbmc_project/state/host0...
Jul 30 20:39:19 witherspoon systemd[1]: Starting Phoshpor System Manager...
Jul 30 20:39:21 witherspoon systemd[1]: Started Phosphor Hwmon Poller.
Jul 30 20:39:21 witherspoon systemd[1]: Started Phosphor Hwmon Poller.
Jul 30 20:39:22 witherspoon phosphor-network-manager[1014]: ConfigParser: Section not found
Jul 30 20:39:22 witherspoon phosphor-network-manager[1014]: The operation failed internally.
Jul 30 20:39:23 witherspoon phosphor-network-manager[1014]: ConfigParser: Section not found
Jul 30 20:39:23 witherspoon phosphor-network-manager[1014]: The operation failed internally.
Jul 30 20:39:23 witherspoon phosphor-network-manager[1014]: ConfigParser: Key not found
Jul 30 20:39:23 witherspoon phosphor-network-manager[1014]: The operation failed internally.
Jul 30 20:39:23 witherspoon systemd[1]: Started Wait for /org/openbmc/NetworkManager/Interface.
Jul 30 20:39:23 witherspoon systemd[1]: Started Phosphor DNS Settings Cache Manager.
Jul 30 20:39:23 witherspoon systemd[1]: Started Wait for /xyz/openbmc_project/inventory.
Jul 30 20:39:24 witherspoon systemd[1]: Started Phosphor Cooling Type.
Jul 30 20:39:24 witherspoon systemd[1]: Starting Read OpenPOWER-format VPD from EEPROM...
Jul 30 20:39:24 witherspoon systemd[1]: Starting OpenPOWER OCC controller...
Jul 30 20:39:24 witherspoon systemd[1]: Started Wait for /org/openbmc/control/bmc0.
Jul 30 20:39:24 witherspoon systemd[1]: Started Wait for /xyz/openbmc_project/led/groups.
Jul 30 20:39:24 witherspoon systemd[1]: Started Wait for /xyz/openbmc_project/led/groups/bmc_booted.
Jul 30 20:39:24 witherspoon systemd[1]: Starting Assert bmc_booted LED...
Jul 30 20:39:24 witherspoon systemd[1]: Started FRU Fault monitor service.
Jul 30 20:39:25 witherspoon systemd[1]: Started OpenPOWER OCC controller.
Jul 30 20:39:26 witherspoon systemd[1]: Started Wait for /org/openbmc/managers/Download.
Jul 30 20:39:26 witherspoon systemd[1]: Starting Phosphor BIOS Code Update...
Jul 30 20:39:27 witherspoon systemd[1]: Starting Phosphor BMC Code Update...
Jul 30 20:39:27 witherspoon phosphor-log-manager[969]: Failed to find metadata
Jul 30 20:39:27 witherspoon phosphor-fru-fault-monitor[1038]: /xyz/openbmc_project/logging/entry/1
Jul 30 20:39:28 witherspoon systemd[1]: Started Phosphor BIOS Code Update.
Jul 30 20:39:30 witherspoon systemd[1]: Started Assert bmc_booted LED.
Jul 30 20:39:33 witherspoon systemd[1]: Started Read OpenPOWER-format VPD from EEPROM.
Jul 30 20:39:34 witherspoon dbus[946]: [system] Activating via systemd: service name='org.freedesktop.hostname1' unit='dbus-org.freedesktop.hostname1.service'
Jul 30 20:39:34 witherspoon systemd[1]: Starting Hostname Service...
Jul 30 20:39:37 witherspoon systemd[1]: Started Wait for /org/openbmc/control/flash/bios.
Jul 30 20:39:37 witherspoon systemd[1]: Started Initialize BIOS Flash.
Jul 30 20:39:39 witherspoon system_manager.py[1024]: Running System State: BASE_APPS
Jul 30 20:39:39 witherspoon settings_manager.py[1018]: Running HostSettingsService
Jul 30 20:39:39 witherspoon systemd[1]: Started Phosphor Settings Manager.
Jul 30 20:39:39 witherspoon systemd[1]: Starting Wait for /org/openbmc/settings/host0...
Jul 30 20:39:39 witherspoon system_manager.py[1024]: SystemManager Init Done
Jul 30 20:39:39 witherspoon system_manager.py[1024]: Running SystemManager
Jul 30 20:39:39 witherspoon systemd[1]: Started Phoshpor System Manager.
Jul 30 20:39:39 witherspoon dbus[946]: [system] Successfully activated service 'org.freedesktop.hostname1'
Jul 30 20:39:39 witherspoon systemd[1]: Started Hostname Service.
Jul 30 20:39:39 witherspoon bmc_update.py[1040]: Running Bmc Flash Control
Jul 30 20:39:39 witherspoon systemd[1]: Started Phosphor BMC Code Update.
Jul 30 20:39:39 witherspoon systemd[1]: Started Phosphor Network Manager.
Jul 30 20:39:39 witherspoon system_manager.py[1024]: SystemManager Goto System State: BMC_STARTING
Jul 30 20:39:39 witherspoon system_manager.py[1024]: Running System State: BMC_STARTING
Jul 30 20:39:41 witherspoon flash_bios.exe[1039]: Starting flasher: bios,,/org/openbmc/control/flash/bios,
Jul 30 20:39:41 witherspoon flash_bios.exe[1039]: flasher: , BMC = 1, address = 0x0
Jul 30 20:39:41 witherspoon flash_bios.exe[1039]: Setting up flash
Jul 30 20:39:41 witherspoon flash_bios.exe[1039]: Starting flasher: bios,,/org/openbmc/control/flash/bios,
Jul 30 20:39:41 witherspoon flash_bios.exe[1039]: flasher: , BMC = 1, address = 0x0
Jul 30 20:39:41 witherspoon flash_bios.exe[1039]: Setting up flash
Jul 30 20:39:44 witherspoon systemd[1]: Started Wait for /org/openbmc/settings/host0.
Jul 30 20:39:44 witherspoon systemd[1]: Started Phosphor Inband IPMI.
Jul 30 20:39:45 witherspoon systemd[1]: Started Wait for /org/openbmc/managers/System.
Jul 30 20:39:45 witherspoon systemd[1]: Starting Phosphor Power0 Control...
Jul 30 20:39:45 witherspoon systemd[1]: Starting Phosphor Power Button0...
Jul 30 20:39:45 witherspoon systemd[1]: Starting Phosphor Reset Button0...
Jul 30 20:39:45 witherspoon systemd[1]: Starting Phosphor BMC State Manager...
Jul 30 20:39:45 witherspoon systemd[1]: Starting Phosphor Chassis State Manager...
Jul 30 20:39:45 witherspoon systemd[1]: Starting Phosphor Host State Manager...
Jul 30 20:39:45 witherspoon phosphor-chassis-state-manager[1070]: Initial Chassis State will be Off
Jul 30 20:39:45 witherspoon systemd[1]: Started Phosphor Chassis State Manager.
Jul 30 20:39:46 witherspoon phosphor-bmc-state-manager[1069]: Setting the BMCState field
Jul 30 20:39:46 witherspoon phosphor-bmc-state-manager[1069]: Setting the BMCState field
Jul 30 20:39:46 witherspoon systemd[1]: Started Phosphor BMC State Manager.
Jul 30 20:39:47 witherspoon systemd[1]: Started Wait for /xyz/openbmc_project/state/chassis0.
Jul 30 20:39:48 witherspoon button_power.exe[1067]: GPIO Lookup:  POWER_BUTTON = 347,both
Jul 30 20:39:48 witherspoon button_reset.exe[1068]: GPIO Lookup:  RESET_BUTTON = 353,both
Jul 30 20:39:48 witherspoon systemd[1]: Started Phosphor Power Button0.
Jul 30 20:39:48 witherspoon systemd[1]: Started Phosphor Reset Button0.
Jul 30 20:39:48 witherspoon phosphor-host-state-manager[1071]: Initial Host State will be Off
Jul 30 20:39:48 witherspoon system_manager.py[1024]: New object: /org/openbmc/control/power0 (:1.76)
Jul 30 20:39:48 witherspoon system_manager.py[1024]: Power GPIO config: ['SYS_PWROK_BUFF', '', [('SOFTWARE_PGOOD', True), ('BMC_POWER_UP', True)], [('BMC_CP0_RESET_N', False)], [], 'FSI_DATA', 'FSI_CLK', 'FSI_ENABLE', 'CRONUS_SEL', []]
Jul 30 20:39:48 witherspoon power_control.exe[1066]: Power GPIO latch output:
Jul 30 20:39:48 witherspoon power_control.exe[1066]: Power GPIO power good input: SYS_PWROK_BUFF
Jul 30 20:39:48 witherspoon power_control.exe[1066]: Power GPIO 2 power_up outputs
Jul 30 20:39:48 witherspoon power_control.exe[1066]: Power GPIO power_up[0] = SOFTWARE_PGOOD active HIGH
Jul 30 20:39:48 witherspoon power_control.exe[1066]: Power GPIO power_up[1] = BMC_POWER_UP active HIGH
Jul 30 20:39:48 witherspoon power_control.exe[1066]: Power GPIO 1 reset outputs
Jul 30 20:39:48 witherspoon power_control.exe[1066]: Power GPIO reset[0] = BMC_CP0_RESET_N active LOW
Jul 30 20:39:48 witherspoon power_control.exe[1066]: Power GPIO 0 pci reset outputs
Jul 30 20:39:48 witherspoon power_control.exe[1066]: FSI DATA GPIO: FSI_DATA
Jul 30 20:39:48 witherspoon power_control.exe[1066]: FSI CLK GPIO: FSI_CLK
Jul 30 20:39:48 witherspoon power_control.exe[1066]: FSI ENABLE GPIO: FSI_ENABLE
Jul 30 20:39:48 witherspoon power_control.exe[1066]: CRONUS SEL GPIO: CRONUS_SEL
Jul 30 20:39:48 witherspoon power_control.exe[1066]: Hostctl GPIO optionals: 0
Jul 30 20:39:49 witherspoon power_control.exe[1066]: GPIO Lookup:  SYS_PWROK_BUFF = 306,in
Jul 30 20:39:49 witherspoon power_control.exe[1066]: GPIO Lookup:  SOFTWARE_PGOOD = 417,out
Jul 30 20:39:49 witherspoon power_control.exe[1066]: GPIO Lookup:  BMC_POWER_UP = 305,out
Jul 30 20:39:49 witherspoon power_control.exe[1066]: GPIO Lookup:  BMC_CP0_RESET_N = 281,out
Jul 30 20:39:49 witherspoon power_control.exe[1066]: Pgood state: 0
Jul 30 20:39:49 witherspoon systemd[1]: Started Phosphor Power0 Control.
Jul 30 20:39:51 witherspoon system_manager.py[1024]: SystemManager Goto System State: BMC_READY
Jul 30 20:39:51 witherspoon system_manager.py[1024]: Running System State: BMC_READY
Jul 30 20:39:51 witherspoon systemd[1]: Started Wait for /xyz/openbmc_project/control/host0.
Jul 30 20:39:51 witherspoon systemd[1]: Started Wait for /org/openbmc/control/power0.
Jul 30 20:39:51 witherspoon systemd[1]: Starting Check Chassis0 pgood and create a file to indicate it...
Jul 30 20:39:51 witherspoon systemd[1]: Starting Phosphor Time Manager daemon...
Jul 30 20:39:52 witherspoon systemd[1]: Started Phosphor Host State Manager.
Jul 30 20:39:52 witherspoon systemd[1]: Started Check Chassis0 pgood and create a file to indicate it.
Jul 30 20:39:52 witherspoon systemd[1]: Reached target Chassis0 power on after reset.
Jul 30 20:39:52 witherspoon systemd[1]: Reached target Host0 running after reset.
Jul 30 20:39:52 witherspoon systemd[1]: Reached target Host0 (Reset Check).
Jul 30 20:39:52 witherspoon systemd[1]: Reached target Chassis0 (Reset Check).
Jul 30 20:39:52 witherspoon timemanager[1105]: Registering dbus methods
Jul 30 20:39:52 witherspoon timemanager[1105]: Last known time_mode: NTP
Jul 30 20:39:52 witherspoon timemanager[1105]: Last known time_owner: BMC
Jul 30 20:39:52 witherspoon timemanager[1105]: Empty DhcpNtp string
Jul 30 20:39:52 witherspoon timemanager[1105]: Reading Power Control key: pgood
Jul 30 20:39:52 witherspoon timemanager[1105]: Changing settings *allowed* now
Jul 30 20:39:52 witherspoon timemanager[1105]: Getting System Settings: time_mode
Jul 30 20:39:53 witherspoon timemanager[1105]: Requested_Mode: NTP Current_Mode: NTP
Jul 30 20:39:53 witherspoon timemanager[1105]: Mode is already set to : NTP
Jul 30 20:39:53 witherspoon timemanager[1105]: Getting System Settings: time_owner
Jul 30 20:39:53 witherspoon timemanager[1105]: Owner is already set to : BMC
Jul 30 20:39:53 witherspoon timemanager[1105]: Getting System Settings: use_dhcp_ntp
Jul 30 20:39:53 witherspoon timemanager[1105]: use_dhcp_ntp = yes
Jul 30 20:39:53 witherspoon timemanager[1105]: Last known host_offset:0
Jul 30 20:39:53 witherspoon timemanager[1105]: Initial Uptime Usec: 1501447091570443
Jul 30 20:39:53 witherspoon systemd[1]: Started Phosphor Time Manager daemon.
Jul 30 20:39:54 witherspoon systemd[1]: Started Wait for /xyz/openbmc_project/state/host0.
Jul 30 20:39:54 witherspoon systemd[1]: Starting Reboot If Enabled...
Jul 30 20:39:54 witherspoon phosphor-discover-system-state[1108]: Host power is off, checking power policy
Jul 30 20:39:54 witherspoon systemd[1]: Started Reboot If Enabled.
Jul 30 20:39:54 witherspoon systemd[1]: Reached target Phosphor System - Standby.
Jul 30 20:39:54 witherspoon systemd[1]: Startup finished in 8.534s (kernel) + 1min 34.546s (userspace) = 1min 43.081s.
Jul 30 20:39:54 witherspoon phosphor-bmc-state-manager[1069]: BMC_READY
Jul 30 20:39:54 witherspoon phosphor-bmc-state-manager[1069]: Setting the BMCState field
Jul 30 20:40:02 witherspoon phosphor-gevent[1016]: Traceback (most recent call last):
Jul 30 20:40:02 witherspoon phosphor-gevent[1016]:   File "/usr/lib/python2.7/site-packages/gevent/greenlet.py", line 327, in run
Jul 30 20:40:02 witherspoon phosphor-gevent[1016]:     result = self._run(*self.args, **self.kwargs)
Jul 30 20:40:02 witherspoon phosphor-gevent[1016]:   File "/usr/lib/python2.7/site-packages/gevent/server.py", line 102, in wrap_socket_and_handle
Jul 30 20:40:02 witherspoon phosphor-gevent[1016]:     ssl_socket = self.wrap_socket(client_socket, **self.ssl_args)
Jul 30 20:40:02 witherspoon phosphor-gevent[1016]:   File "/usr/lib/python2.7/site-packages/gevent/ssl.py", line 404, in wrap_socket
Jul 30 20:40:02 witherspoon phosphor-gevent[1016]:     ciphers=ciphers)
Jul 30 20:40:02 witherspoon phosphor-gevent[1016]:   File "/usr/lib/python2.7/site-packages/gevent/ssl.py", line 113, in __init__
Jul 30 20:40:02 witherspoon phosphor-gevent[1016]:     self.do_handshake()
Jul 30 20:40:02 witherspoon phosphor-gevent[1016]:   File "/usr/lib/python2.7/site-packages/gevent/ssl.py", line 324, in do_handshake
Jul 30 20:40:02 witherspoon phosphor-gevent[1016]:     return self._sslobj.do_handshake()
Jul 30 20:40:02 witherspoon phosphor-gevent[1016]: SSLEOFError: EOF occurred in violation of protocol (_ssl.c:590)
Jul 30 20:40:02 witherspoon phosphor-gevent[1016]: <Greenlet at 0x760823f0: <bound method WSGIServer.wrap_socket_and_handle of <WSGIServer at 0x76058b50 fileno=5 address=('::34c2:f676:b09d:6c76%1986829728', 443, 0, 1986829728)>>(<socket at 0x75f2f830 fileno=9>, ('::80a9:6a76:8e91:f402%1995811612', 52252, 0, 199)> failed with SSLEOFError
Jul 30 20:40:02 witherspoon phosphor-gevent[1016]: Traceback (most recent call last):
Jul 30 20:40:02 witherspoon phosphor-gevent[1016]:   File "/usr/lib/python2.7/site-packages/gevent/greenlet.py", line 327, in run
Jul 30 20:40:02 witherspoon phosphor-gevent[1016]:     result = self._run(*self.args, **self.kwargs)
Jul 30 20:40:02 witherspoon phosphor-gevent[1016]:   File "/usr/lib/python2.7/site-packages/gevent/server.py", line 102, in wrap_socket_and_handle
Jul 30 20:40:02 witherspoon phosphor-gevent[1016]:     ssl_socket = self.wrap_socket(client_socket, **self.ssl_args)
Jul 30 20:40:02 witherspoon phosphor-gevent[1016]:   File "/usr/lib/python2.7/site-packages/gevent/ssl.py", line 404, in wrap_socket
Jul 30 20:40:02 witherspoon phosphor-gevent[1016]:     ciphers=ciphers)
Jul 30 20:40:02 witherspoon phosphor-gevent[1016]:   File "/usr/lib/python2.7/site-packages/gevent/ssl.py", line 113, in __init__
Jul 30 20:40:02 witherspoon phosphor-gevent[1016]:     self.do_handshake()
Jul 30 20:40:02 witherspoon phosphor-gevent[1016]:   File "/usr/lib/python2.7/site-packages/gevent/ssl.py", line 324, in do_handshake
Jul 30 20:40:02 witherspoon phosphor-gevent[1016]:     return self._sslobj.do_handshake()
Jul 30 20:40:02 witherspoon phosphor-gevent[1016]: SSLEOFError: EOF occurred in violation of protocol (_ssl.c:590)
Jul 30 20:40:02 witherspoon phosphor-gevent[1016]: <Greenlet at 0x760826c0: <bound method WSGIServer.wrap_socket_and_handle of <WSGIServer at 0x76058b50 fileno=5 address=('::34c2:f676:b09d:6c76%1986829728', 443, 0, 1986829728)>>(<socket at 0x75f2f7d0 fileno=10>, ('::80a9:6a76:8e91:f402%1995811612', 52254, 0, 199)> failed with SSLEOFError
Jul 30 20:40:02 witherspoon phosphor-gevent[1016]: Traceback (most recent call last):
Jul 30 20:40:02 witherspoon phosphor-gevent[1016]:   File "/usr/lib/python2.7/site-packages/gevent/greenlet.py", line 327, in run
Jul 30 20:40:02 witherspoon phosphor-gevent[1016]:     result = self._run(*self.args, **self.kwargs)
Jul 30 20:40:02 witherspoon phosphor-gevent[1016]:   File "/usr/lib/python2.7/site-packages/gevent/server.py", line 102, in wrap_socket_and_handle
Jul 30 20:40:02 witherspoon phosphor-gevent[1016]:     ssl_socket = self.wrap_socket(client_socket, **self.ssl_args)
Jul 30 20:40:02 witherspoon phosphor-gevent[1016]:   File "/usr/lib/python2.7/site-packages/gevent/ssl.py", line 404, in wrap_socket
Jul 30 20:40:02 witherspoon phosphor-gevent[1016]:     ciphers=ciphers)
Jul 30 20:40:02 witherspoon phosphor-gevent[1016]:   File "/usr/lib/python2.7/site-packages/gevent/ssl.py", line 113, in __init__
Jul 30 20:40:02 witherspoon phosphor-gevent[1016]:     self.do_handshake()
Jul 30 20:40:02 witherspoon phosphor-gevent[1016]:   File "/usr/lib/python2.7/site-packages/gevent/ssl.py", line 324, in do_handshake
Jul 30 20:40:02 witherspoon phosphor-gevent[1016]:     return self._sslobj.do_handshake()
Jul 30 20:40:02 witherspoon phosphor-gevent[1016]: SSLEOFError: EOF occurred in violation of protocol (_ssl.c:590)
Jul 30 20:40:02 witherspoon phosphor-gevent[1016]: <Greenlet at 0x760823a0: <bound method WSGIServer.wrap_socket_and_handle of <WSGIServer at 0x76058b50 fileno=5 address=('::34c2:f676:b09d:6c76%1986829728', 443, 0, 1986829728)>>(<socket at 0x75f2f870 fileno=11>, ('::80a9:6a76:8e91:f402%1995811612', 52256, 0, 199)> failed with SSLEOFError
Jul 30 20:40:20 witherspoon phosphor-gevent[1016]: ::80a9:6a76:8e91:f402%1995811612 - - [2017-07-30 20:40:20] "POST /login HTTP/1.1" 200 320 0.045710
Jul 30 20:40:20 witherspoon phosphor-gevent[1016]: ::80a9:6a76:8e91:f402%1995811612 - - [2017-07-30 20:40:20] "GET /xyz/openbmc_project/state/chassis0//attr/CurrentPowerState HTTP/1.1" 200 216 0.077054
Jul 30 20:40:20 witherspoon phosphor-gevent[1016]: ::80a9:6a76:8e91:f402%1995811612 - - [2017-07-30 20:40:20] "POST /login HTTP/1.1" 200 320 0.033300
Jul 30 20:40:20 witherspoon phosphor-gevent[1016]: ::80a9:6a76:8e91:f402%1995811612 - - [2017-07-30 20:40:20] "GET /xyz/openbmc_project/state/chassis0//attr/CurrentPowerState HTTP/1.1" 200 216 0.049759
Jul 30 20:40:20 witherspoon phosphor-gevent[1016]: ::80a9:6a76:8e91:f402%1995811612 - - [2017-07-30 20:40:20] "POST /login HTTP/1.1" 200 320 0.037338
Jul 30 20:40:20 witherspoon phosphor-gevent[1016]: ::80a9:6a76:8e91:f402%1995811612 - - [2017-07-30 20:40:20] "GET /org/openbmc/sensors/host/BootProgress/attr/value HTTP/1.1" 200 170 0.058020
Jul 30 20:40:21 witherspoon phosphor-gevent[1016]: ::80a9:6a76:8e91:f402%1995811612 - - [2017-07-30 20:40:21] "POST /login HTTP/1.1" 200 320 0.033421
Jul 30 20:40:21 witherspoon phosphor-gevent[1016]: ::80a9:6a76:8e91:f402%1995811612 - - [2017-07-30 20:40:21] "GET /xyz/openbmc_project/state/host0//attr/CurrentHostState HTTP/1.1" 200 212 0.049149
Jul 30 20:40:21 witherspoon phosphor-gevent[1016]: ::80a9:6a76:8e91:f402%1995811612 - - [2017-07-30 20:40:21] "POST /login HTTP/1.1" 200 320 0.041515
Jul 30 20:40:21 witherspoon phosphor-gevent[1016]: ::80a9:6a76:8e91:f402%1995811612 - - [2017-07-30 20:40:21] "GET /xyz/openbmc_project/logging/entry//list HTTP/1.1" 200 214 0.047566
Jul 30 20:40:21 witherspoon phosphor-gevent[1016]: ::80a9:6a76:8e91:f402%1995811612 - - [2017-07-30 20:40:21] "POST /login HTTP/1.1" 200 320 0.033046
Jul 30 20:40:21 witherspoon phosphor-gevent[1016]: ::80a9:6a76:8e91:f402%1995811612 - - [2017-07-30 20:40:21] "GET /xyz/openbmc_project/logging/entry//list HTTP/1.1" 200 214 0.038836
Jul 30 20:40:21 witherspoon phosphor-gevent[1016]: ::80a9:6a76:8e91:f402%1995811612 - - [2017-07-30 20:40:21] "POST /login HTTP/1.1" 200 320 0.053196
Jul 30 20:40:21 witherspoon phosphor-gevent[1016]: ::80a9:6a76:8e91:f402%1995811612 - - [2017-07-30 20:40:21] "DELETE /xyz/openbmc_project/logging/entry/1 HTTP/1.1" 200 169 0.099117
Jul 30 20:40:22 witherspoon systemd[1]: Started SSH Per-Connection Server (9.41.165.94:36568).
Jul 30 20:40:22 witherspoon dropbear[1116]: Failed loading /etc/dropbear/dropbear_dss_host_key
Jul 30 20:40:22 witherspoon dropbear[1116]: Failed loading /etc/dropbear/dropbear_ecdsa_host_key
Jul 30 20:40:22 witherspoon dropbear[1116]: Child connection from ::ffff:9.41.165.94:36568
Jul 30 20:40:22 witherspoon dropbear[1116]: PAM password auth succeeded for 'root' from ::ffff:9.41.165.94:36568
Jul 30 20:40:22 witherspoon dropbear[1117]: lastlog_perform_login: Couldn't stat /var/log/lastlog: No such file or directory
Jul 30 20:40:22 witherspoon dropbear[1117]: lastlog_openseek: /var/log/lastlog is not a file or directory!
Jul 30 20:40:24 witherspoon phosphor-gevent[1016]: ::80a9:6a76:8e91:f402%1995811612 - - [2017-07-30 20:40:24] "POST /login HTTP/1.1" 200 320 0.076765
Jul 30 20:40:24 witherspoon phosphor-gevent[1016]: ::80a9:6a76:8e91:f402%1995811612 - - [2017-07-30 20:40:24] "GET /xyz/openbmc_project/state/host0//attr/CurrentHostState HTTP/1.1" 200 212 0.050183
Jul 30 20:40:24 witherspoon dropbear[998]: Exit (root): Exited normally
Jul 30 20:40:24 witherspoon dropbear[1116]: Exit (root): Exited normally
Jul 30 20:40:27 witherspoon systemd[1]: Started SSH Per-Connection Server (9.41.165.94:39478).
Jul 30 20:40:27 witherspoon dropbear[1128]: Failed loading /etc/dropbear/dropbear_dss_host_key
Jul 30 20:40:27 witherspoon dropbear[1128]: Failed loading /etc/dropbear/dropbear_ecdsa_host_key
Jul 30 20:40:27 witherspoon dropbear[1128]: Child connection from ::ffff:9.41.165.94:39478
Jul 30 20:40:27 witherspoon dropbear[1128]: PAM password auth succeeded for 'root' from ::ffff:9.41.165.94:39478
Jul 30 20:40:27 witherspoon dropbear[1129]: lastlog_perform_login: Couldn't stat /var/log/lastlog: No such file or directory
Jul 30 20:40:27 witherspoon dropbear[1129]: lastlog_openseek: /var/log/lastlog is not a file or directory!
Jul 30 20:40:28 witherspoon phosphor-gevent[1016]: ::80a9:6a76:8e91:f402%1995811612 - - [2017-07-30 20:40:28] "POST /login HTTP/1.1" 200 320 0.033349
Jul 30 20:40:28 witherspoon phosphor-gevent[1016]: ::80a9:6a76:8e91:f402%1995811612 - - [2017-07-30 20:40:28] "PUT /org/openbmc/settings/host0/attr/power_policy HTTP/1.1" 200 169 0.176480
Jul 30 20:40:28 witherspoon phosphor-gevent[1016]: ::80a9:6a76:8e91:f402%1995811612 - - [2017-07-30 20:40:28] "POST /login HTTP/1.1" 200 320 0.048582
Jul 30 20:40:28 witherspoon phosphor-gevent[1016]: ::80a9:6a76:8e91:f402%1995811612 - - [2017-07-30 20:40:28] "GET /org/openbmc/settings/host0/attr/power_policy HTTP/1.1" 200 185 0.069786
Jul 30 20:40:29 witherspoon phosphor-gevent[1016]: ::80a9:6a76:8e91:f402%1995811612 - - [2017-07-30 20:40:29] "POST /login HTTP/1.1" 200 320 0.033757
Jul 30 20:40:29 witherspoon phosphor-gevent[1016]: ::80a9:6a76:8e91:f402%1995811612 - - [2017-07-30 20:40:29] "GET /xyz/openbmc_project/state/chassis0//attr/CurrentPowerState HTTP/1.1" 200 216 0.050820
Jul 30 20:40:29 witherspoon phosphor-gevent[1016]: ::80a9:6a76:8e91:f402%1995811612 - - [2017-07-30 20:40:29] "POST /login HTTP/1.1" 200 320 0.046583
Jul 30 20:40:29 witherspoon phosphor-gevent[1016]: ::80a9:6a76:8e91:f402%1995811612 - - [2017-07-30 20:40:29] "GET /xyz/openbmc_project/state/bmc0//attr/CurrentBMCState HTTP/1.1" 200 212 0.049729
Jul 30 20:40:29 witherspoon phosphor-gevent[1016]: ::80a9:6a76:8e91:f402%1995811612 - - [2017-07-30 20:40:29] "POST /login HTTP/1.1" 200 320 0.033129
Jul 30 20:40:29 witherspoon phosphor-gevent[1016]: ::80a9:6a76:8e91:f402%1995811612 - - [2017-07-30 20:40:29] "GET /org/openbmc/sensors/host/BootProgress/attr/value HTTP/1.1" 200 170 0.055021
Jul 30 20:40:29 witherspoon phosphor-gevent[1016]: ::80a9:6a76:8e91:f402%1995811612 - - [2017-07-30 20:40:29] "POST /login HTTP/1.1" 200 320 0.042114
Jul 30 20:40:29 witherspoon phosphor-gevent[1016]: ::80a9:6a76:8e91:f402%1995811612 - - [2017-07-30 20:40:29] "GET /xyz/openbmc_project/state/host0//attr/CurrentHostState HTTP/1.1" 200 212 0.049309
Jul 30 20:40:30 witherspoon phosphor-gevent[1016]: ::80a9:6a76:8e91:f402%1995811612 - - [2017-07-30 20:40:30] "POST /login HTTP/1.1" 200 320 0.033930
Jul 30 20:40:30 witherspoon phosphor-gevent[1016]: ::80a9:6a76:8e91:f402%1995811612 - - [2017-07-30 20:40:30] "GET /xyz/openbmc_project/logging/entry//list HTTP/1.1" 404 311 0.030660
Jul 30 20:40:30 witherspoon systemd[1]: Started SSH Per-Connection Server (9.41.165.94:39494).
Jul 30 20:40:30 witherspoon dropbear[1135]: Failed loading /etc/dropbear/dropbear_dss_host_key
Jul 30 20:40:30 witherspoon dropbear[1135]: Failed loading /etc/dropbear/dropbear_ecdsa_host_key
Jul 30 20:40:30 witherspoon dropbear[1135]: Child connection from ::ffff:9.41.165.94:39494
Jul 30 20:40:30 witherspoon dropbear[1135]: PAM password auth succeeded for 'root' from ::ffff:9.41.165.94:39494
Jul 30 20:40:58 witherspoon phosphor-gevent[1016]: ::80a9:6a76:8e91:f402%1995811612 - - [2017-07-30 20:40:58] "POST /login HTTP/1.1" 200 320 0.033644
Jul 30 20:40:59 witherspoon phosphor-gevent[1016]: ::80a9:6a76:8e91:f402%1995811612 - - [2017-07-30 20:40:59] "POST /org/openbmc/control/flash/bios//action/update HTTP/1.1" 200 169 0.249654
Jul 30 20:40:59 witherspoon flash_bios.exe[1039]: Starting flasher: bios,/tmp/witherspoon_910_golden.pnor,/org/openbmc/control/flash/bios,
Jul 30 20:40:59 witherspoon flash_bios.exe[1039]: flasher: /tmp/witherspoon_910_golden.pnor, BMC = 1, address = 0x0
Jul 30 20:40:59 witherspoon flash_bios.exe[1039]: Setting up flash
Jul 30 20:40:59 witherspoon phosphor-gevent[1016]: ::80a9:6a76:8e91:f402%1995811612 - - [2017-07-30 20:40:59] "POST /login HTTP/1.1" 200 320 0.123989
Jul 30 20:40:59 witherspoon phosphor-gevent[1016]: ::80a9:6a76:8e91:f402%1995811612 - - [2017-07-30 20:40:59] "GET /org/openbmc/control/flash/bios HTTP/1.1" 200 397 0.172108
Jul 30 20:41:00 witherspoon phosphor-gevent[1016]: ::80a9:6a76:8e91:f402%1995811612 - - [2017-07-30 20:41:00] "POST /login HTTP/1.1" 200 320 0.147082
Jul 30 20:41:00 witherspoon phosphor-gevent[1016]: ::80a9:6a76:8e91:f402%1995811612 - - [2017-07-30 20:41:00] "GET /org/openbmc/control/flash/bios HTTP/1.1" 200 397 0.080831
Jul 30 20:41:04 witherspoon avahi-daemon[949]: Service name conflict for "phosphor_rest" (/services/phosphor_rest.service), retrying with "phosphor_rest #2".
Jul 30 20:41:04 witherspoon avahi-daemon[949]: Service name conflict for "obmc_console" (/services/obmc_console.service), retrying with "obmc_console #2".
Jul 30 20:41:04 witherspoon avahi-daemon[949]: Service name conflict for "sftp" (/services/sftp.service), retrying with "sftp #2".
Jul 30 20:41:05 witherspoon avahi-daemon[949]: Service "phosphor_rest #2" (/services/phosphor_rest.service) successfully established.
Jul 30 20:41:05 witherspoon avahi-daemon[949]: Service "obmc_console #2" (/services/obmc_console.service) successfully established.
Jul 30 20:41:05 witherspoon avahi-daemon[949]: Service "sftp #2" (/services/sftp.service) successfully established.
Jul 30 20:41:10 witherspoon phosphor-gevent[1016]: ::80a9:6a76:8e91:f402%1995811612 - - [2017-07-30 20:41:10] "POST /login HTTP/1.1" 200 320 0.043844
Jul 30 20:41:10 witherspoon phosphor-gevent[1016]: ::80a9:6a76:8e91:f402%1995811612 - - [2017-07-30 20:41:10] "GET /org/openbmc/control/flash/bios HTTP/1.1" 200 397 0.314656
Jul 30 20:41:21 witherspoon phosphor-gevent[1016]: ::80a9:6a76:8e91:f402%1995811612 - - [2017-07-30 20:41:21] "POST /login HTTP/1.1" 200 320 0.033007
Jul 30 20:41:21 witherspoon phosphor-gevent[1016]: ::80a9:6a76:8e91:f402%1995811612 - - [2017-07-30 20:41:21] "GET /org/openbmc/control/flash/bios HTTP/1.1" 200 397 0.351508
Jul 30 20:41:31 witherspoon phosphor-gevent[1016]: ::80a9:6a76:8e91:f402%1995811612 - - [2017-07-30 20:41:31] "POST /login HTTP/1.1" 200 320 0.033542
Jul 30 20:41:32 witherspoon phosphor-gevent[1016]: ::80a9:6a76:8e91:f402%1995811612 - - [2017-07-30 20:41:32] "GET /org/openbmc/control/flash/bios HTTP/1.1" 200 397 0.502720
Jul 30 20:41:42 witherspoon phosphor-gevent[1016]: ::80a9:6a76:8e91:f402%1995811612 - - [2017-07-30 20:41:42] "POST /login HTTP/1.1" 200 320 0.032974
Jul 30 20:41:42 witherspoon phosphor-gevent[1016]: ::80a9:6a76:8e91:f402%1995811612 - - [2017-07-30 20:41:42] "GET /org/openbmc/control/flash/bios HTTP/1.1" 200 397 0.067785
Jul 30 20:41:52 witherspoon phosphor-gevent[1016]: ::80a9:6a76:8e91:f402%1995811612 - - [2017-07-30 20:41:52] "POST /login HTTP/1.1" 200 320 0.032649
Jul 30 20:41:52 witherspoon phosphor-gevent[1016]: ::80a9:6a76:8e91:f402%1995811612 - - [2017-07-30 20:41:52] "GET /org/openbmc/control/flash/bios HTTP/1.1" 200 397 0.070791
Jul 30 20:42:03 witherspoon phosphor-gevent[1016]: ::80a9:6a76:8e91:f402%1995811612 - - [2017-07-30 20:42:03] "POST /login HTTP/1.1" 200 320 0.743990
Jul 30 20:42:03 witherspoon phosphor-gevent[1016]: ::80a9:6a76:8e91:f402%1995811612 - - [2017-07-30 20:42:03] "GET /org/openbmc/control/flash/bios HTTP/1.1" 200 397 0.095455
Jul 30 20:42:14 witherspoon phosphor-gevent[1016]: ::80a9:6a76:8e91:f402%1995811612 - - [2017-07-30 20:42:14] "POST /login HTTP/1.1" 200 320 0.033628
Jul 30 20:42:14 witherspoon phosphor-gevent[1016]: ::80a9:6a76:8e91:f402%1995811612 - - [2017-07-30 20:42:14] "GET /org/openbmc/control/flash/bios HTTP/1.1" 200 397 0.068067
Jul 30 20:42:25 witherspoon phosphor-gevent[1016]: ::80a9:6a76:8e91:f402%1995811612 - - [2017-07-30 20:42:25] "POST /login HTTP/1.1" 200 320 0.033595
Jul 30 20:42:25 witherspoon phosphor-gevent[1016]: ::80a9:6a76:8e91:f402%1995811612 - - [2017-07-30 20:42:25] "GET /org/openbmc/control/flash/bios HTTP/1.1" 200 397 0.068460
Jul 30 20:42:35 witherspoon phosphor-gevent[1016]: ::80a9:6a76:8e91:f402%1995811612 - - [2017-07-30 20:42:35] "POST /login HTTP/1.1" 200 320 0.033503
Jul 30 20:42:35 witherspoon phosphor-gevent[1016]: ::80a9:6a76:8e91:f402%1995811612 - - [2017-07-30 20:42:35] "GET /org/openbmc/control/flash/bios HTTP/1.1" 200 397 0.069113
Jul 30 20:42:45 witherspoon phosphor-gevent[1016]: ::80a9:6a76:8e91:f402%1995811612 - - [2017-07-30 20:42:45] "POST /login HTTP/1.1" 200 320 0.033296
Jul 30 20:42:46 witherspoon phosphor-gevent[1016]: ::80a9:6a76:8e91:f402%1995811612 - - [2017-07-30 20:42:46] "GET /org/openbmc/control/flash/bios HTTP/1.1" 200 397 1.042676
Jul 30 20:42:57 witherspoon phosphor-gevent[1016]: ::80a9:6a76:8e91:f402%1995811612 - - [2017-07-30 20:42:57] "POST /login HTTP/1.1" 200 320 0.033102
Jul 30 20:42:57 witherspoon phosphor-gevent[1016]: ::80a9:6a76:8e91:f402%1995811612 - - [2017-07-30 20:42:57] "GET /org/openbmc/control/flash/bios HTTP/1.1" 200 397 0.068593
Jul 30 20:43:07 witherspoon phosphor-gevent[1016]: ::80a9:6a76:8e91:f402%1995811612 - - [2017-07-30 20:43:07] "POST /login HTTP/1.1" 200 320 0.033711
Jul 30 20:43:07 witherspoon phosphor-gevent[1016]: ::80a9:6a76:8e91:f402%1995811612 - - [2017-07-30 20:43:07] "GET /org/openbmc/control/flash/bios HTTP/1.1" 200 397 0.068523
Jul 30 20:43:19 witherspoon phosphor-gevent[1016]: ::80a9:6a76:8e91:f402%1995811612 - - [2017-07-30 20:43:19] "POST /login HTTP/1.1" 200 320 0.050352
Jul 30 20:43:19 witherspoon phosphor-gevent[1016]: ::80a9:6a76:8e91:f402%1995811612 - - [2017-07-30 20:43:19] "GET /org/openbmc/control/flash/bios HTTP/1.1" 200 397 0.068934
Jul 30 20:43:29 witherspoon phosphor-gevent[1016]: ::80a9:6a76:8e91:f402%1995811612 - - [2017-07-30 20:43:29] "POST /login HTTP/1.1" 200 320 0.046204
Jul 30 20:43:29 witherspoon phosphor-gevent[1016]: ::80a9:6a76:8e91:f402%1995811612 - - [2017-07-30 20:43:29] "GET /org/openbmc/control/flash/bios HTTP/1.1" 200 401 0.070810
Jul 30 20:43:39 witherspoon phosphor-gevent[1016]: ::80a9:6a76:8e91:f402%1995811612 - - [2017-07-30 20:43:39] "POST /login HTTP/1.1" 200 320 0.033203
Jul 30 20:43:41 witherspoon phosphor-gevent[1016]: ::80a9:6a76:8e91:f402%1995811612 - - [2017-07-30 20:43:41] "GET /org/openbmc/control/flash/bios HTTP/1.1" 200 402 1.333432
Jul 30 20:43:51 witherspoon phosphor-gevent[1016]: ::80a9:6a76:8e91:f402%1995811612 - - [2017-07-30 20:43:51] "POST /login HTTP/1.1" 200 320 0.033167
Jul 30 20:43:51 witherspoon phosphor-gevent[1016]: ::80a9:6a76:8e91:f402%1995811612 - - [2017-07-30 20:43:51] "GET /org/openbmc/control/flash/bios HTTP/1.1" 200 402 0.068288
Jul 30 20:44:01 witherspoon phosphor-gevent[1016]: ::80a9:6a76:8e91:f402%1995811612 - - [2017-07-30 20:44:01] "POST /login HTTP/1.1" 200 320 0.033290
Jul 30 20:44:01 witherspoon phosphor-gevent[1016]: ::80a9:6a76:8e91:f402%1995811612 - - [2017-07-30 20:44:01] "GET /org/openbmc/control/flash/bios HTTP/1.1" 200 402 0.068659
Jul 30 20:44:12 witherspoon phosphor-gevent[1016]: ::80a9:6a76:8e91:f402%1995811612 - - [2017-07-30 20:44:12] "POST /login HTTP/1.1" 200 320 0.033847
Jul 30 20:44:12 witherspoon phosphor-gevent[1016]: ::80a9:6a76:8e91:f402%1995811612 - - [2017-07-30 20:44:12] "GET /org/openbmc/control/flash/bios HTTP/1.1" 200 401 0.068687
Jul 30 20:44:22 witherspoon flash_bios.exe[1039]: Erasing... (may take a while !) done !
Jul 30 20:44:22 witherspoon flash_bios.exe[1039]: About to program "/tmp/witherspoon_910_golden.pnor" at 0x00000000..0x04000000 !
Jul 30 20:44:22 witherspoon flash_bios.exe[1039]: Programming & Verifying...
Jul 30 20:44:22 witherspoon flash_bios.exe[1039]: Flash done
Jul 30 20:44:22 witherspoon phosphor-gevent[1016]: ::80a9:6a76:8e91:f402%1995811612 - - [2017-07-30 20:44:22] "POST /login HTTP/1.1" 200 320 0.033291
Jul 30 20:44:23 witherspoon phosphor-gevent[1016]: ::80a9:6a76:8e91:f402%1995811612 - - [2017-07-30 20:44:23] "GET /org/openbmc/control/flash/bios HTTP/1.1" 200 399 0.502608
Jul 30 20:44:23 witherspoon dropbear[1141]: Failed loading /etc/dropbear/dropbear_dss_host_key
Jul 30 20:44:23 witherspoon dropbear[1141]: Failed loading /etc/dropbear/dropbear_ecdsa_host_key
Jul 30 20:44:23 witherspoon systemd[1]: Started SSH Per-Connection Server (9.41.165.94:39540).
Jul 30 20:44:23 witherspoon dropbear[1141]: Child connection from ::ffff:9.41.165.94:39540
Jul 30 20:44:23 witherspoon dropbear[1141]: PAM password auth succeeded for 'root' from ::ffff:9.41.165.94:39540
Jul 30 20:44:24 witherspoon dropbear[1142]: lastlog_perform_login: Couldn't stat /var/log/lastlog: No such file or directory
Jul 30 20:44:24 witherspoon dropbear[1142]: lastlog_openseek: /var/log/lastlog is not a file or directory!
Jul 30 20:44:25 witherspoon phosphor-gevent[1016]: ::80a9:6a76:8e91:f402%1995811612 - - [2017-07-30 20:44:25] "POST /login HTTP/1.1" 200 320 0.033592
Jul 30 20:44:25 witherspoon phosphor-gevent[1016]: ::80a9:6a76:8e91:f402%1995811612 - - [2017-07-30 20:44:25] "GET /xyz/openbmc_project/state/host0//attr/CurrentHostState HTTP/1.1" 200 212 0.059396
Jul 30 20:44:25 witherspoon systemd[1]: Created slice system-obmc\x2dconsole\x2dssh.slice.
Jul 30 20:44:25 witherspoon systemd[1]: Started Phosphor Host Console SSH Per-Connection (9.41.165.94:34822).
Jul 30 20:44:25 witherspoon dropbear[1146]: Failed loading /etc/dropbear/dropbear_dss_host_key
Jul 30 20:44:25 witherspoon dropbear[1146]: Failed loading /etc/dropbear/dropbear_ecdsa_host_key
Jul 30 20:44:25 witherspoon dropbear[1146]: Child connection from ::ffff:9.41.165.94:34822
Jul 30 20:44:26 witherspoon dropbear[1146]: PAM password auth succeeded for 'root' from ::ffff:9.41.165.94:34822
Jul 30 20:44:26 witherspoon phosphor-gevent[1016]: ::80a9:6a76:8e91:f402%1995811612 - - [2017-07-30 20:44:26] "POST /login HTTP/1.1" 200 320 0.150639
Jul 30 20:44:26 witherspoon dropbear[1147]: lastlog_perform_login: Couldn't stat /var/log/lastlog: No such file or directory
Jul 30 20:44:26 witherspoon dropbear[1147]: lastlog_openseek: /var/log/lastlog is not a file or directory!
Jul 30 20:44:26 witherspoon phosphor-gevent[1016]: ::80a9:6a76:8e91:f402%1995811612 - - [2017-07-30 20:44:26] "PUT /org/openbmc/settings/host0/attr/power_policy HTTP/1.1" 200 169 0.165630
Jul 30 20:44:26 witherspoon phosphor-gevent[1016]: ::80a9:6a76:8e91:f402%1995811612 - - [2017-07-30 20:44:26] "POST /login HTTP/1.1" 200 320 0.033284
Jul 30 20:44:26 witherspoon phosphor-gevent[1016]: ::80a9:6a76:8e91:f402%1995811612 - - [2017-07-30 20:44:26] "GET /org/openbmc/settings/host0/attr/power_policy HTTP/1.1" 200 185 0.126328
Jul 30 20:44:27 witherspoon phosphor-gevent[1016]: ::80a9:6a76:8e91:f402%1995811612 - - [2017-07-30 20:44:27] "POST /login HTTP/1.1" 200 320 0.033320
Jul 30 20:44:27 witherspoon phosphor-gevent[1016]: ::80a9:6a76:8e91:f402%1995811612 - - [2017-07-30 20:44:27] "GET /xyz/openbmc_project/state/chassis0//attr/CurrentPowerState HTTP/1.1" 200 216 0.050167
Jul 30 20:44:27 witherspoon phosphor-gevent[1016]: ::80a9:6a76:8e91:f402%1995811612 - - [2017-07-30 20:44:27] "POST /login HTTP/1.1" 200 320 0.033844
Jul 30 20:44:27 witherspoon phosphor-gevent[1016]: ::80a9:6a76:8e91:f402%1995811612 - - [2017-07-30 20:44:27] "GET /xyz/openbmc_project/state/bmc0//attr/CurrentBMCState HTTP/1.1" 200 212 0.050425
Jul 30 20:44:27 witherspoon phosphor-gevent[1016]: ::80a9:6a76:8e91:f402%1995811612 - - [2017-07-30 20:44:27] "POST /login HTTP/1.1" 200 320 0.033593
Jul 30 20:44:27 witherspoon phosphor-gevent[1016]: ::80a9:6a76:8e91:f402%1995811612 - - [2017-07-30 20:44:27] "GET /org/openbmc/sensors/host/BootProgress/attr/value HTTP/1.1" 200 170 0.052861
Jul 30 20:44:28 witherspoon phosphor-gevent[1016]: ::80a9:6a76:8e91:f402%1995811612 - - [2017-07-30 20:44:28] "POST /login HTTP/1.1" 200 320 0.067487
Jul 30 20:44:28 witherspoon phosphor-gevent[1016]: ::80a9:6a76:8e91:f402%1995811612 - - [2017-07-30 20:44:28] "GET /xyz/openbmc_project/state/host0//attr/CurrentHostState HTTP/1.1" 200 212 0.055869
Jul 30 20:44:28 witherspoon phosphor-gevent[1016]: ::80a9:6a76:8e91:f402%1995811612 - - [2017-07-30 20:44:28] "POST /login HTTP/1.1" 200 320 0.042126
Jul 30 20:44:28 witherspoon phosphor-host-state-manager[1071]: Host State transaction request
Jul 30 20:44:28 witherspoon phosphor-gevent[1016]: ::80a9:6a76:8e91:f402%1995811612 - - [2017-07-30 20:44:28] "PUT /xyz/openbmc_project/state/host0//attr/RequestedHostTransition HTTP/1.1" 200 169 0.183452
Jul 30 20:44:28 witherspoon systemd[1]: Created slice system-op\x2dwait\x2dpower\x2don.slice.
Jul 30 20:44:28 witherspoon systemd[1]: Created slice system-ucd_disable_vcs.slice.
Jul 30 20:44:28 witherspoon systemd[1]: Starting Wait for /xyz/openbmc_project/watchdog/host0...
Jul 30 20:44:28 witherspoon systemd[1]: Created slice system-op\x2dpower\x2dstart.slice.
Jul 30 20:44:28 witherspoon systemd[1]: Created slice system-phosphor\x2dfan\x2dpresence\x2dtach.slice.
Jul 30 20:44:28 witherspoon systemd[1]: Created slice system-pcie\x2dslot\x2ddetect.slice.
Jul 30 20:44:28 witherspoon systemd[1]: Created slice system-vcs_on.slice.
Jul 30 20:44:28 witherspoon systemd[1]: Starting Witherspoon Fan Watchdog Reset...
Jul 30 20:44:28 witherspoon systemd[1]: Created slice system-phosphor\x2dfan\x2dcontrol\x2dinit.slice.
Jul 30 20:44:28 witherspoon systemd[1]: Created slice system-avsbus\x2dworkaround.slice.
Jul 30 20:44:28 witherspoon systemd[1]: Created slice system-mapper\x2dsubtree\x2dremove.slice.
Jul 30 20:44:28 witherspoon systemd[1]: Starting mapper subtree-remove /xyz/openbmc_project/software:xyz.openbmc_project.Software.ActivationBlocksTransition...
Jul 30 20:44:29 witherspoon systemd[1]: Created slice system-fsi\x2dbind.slice.
Jul 30 20:44:29 witherspoon systemd[1]: Created slice system-phosphor\x2dgpio\x2dmonitor.slice.
Jul 30 20:44:29 witherspoon systemd[1]: Started Phosphor GPIO checkstop monitor.
Jul 30 20:44:29 witherspoon systemd[1]: Reached target Start Host checkstop monitor.
Jul 30 20:44:29 witherspoon systemd[1]: Starting Wait for /org/openbmc/control/chassis0...
Jul 30 20:44:29 witherspoon systemd[1]: Reached target Powerwitherspoon-fan-watchdog (On).
Jul 30 20:44:29 witherspoon systemd[1]: Created slice system-vcs_off.slice.
Jul 30 20:44:29 witherspoon systemd[1]: Created slice system-obmc\x2denable\x2dhost\x2dwatchdog.slice.
Jul 30 20:44:29 witherspoon systemd[1]: Starting Wait for Power0 to turn on...
Jul 30 20:44:29 witherspoon systemd[1]: Created slice system-mboxd\x2dreload.slice.
Jul 30 20:44:29 witherspoon systemd[1]: Starting Reload mboxd during power on...
Jul 30 20:44:29 witherspoon systemd[1]: Created slice system-ir35221\x2don\x2dunbind.slice.
Jul 30 20:44:29 witherspoon systemd[1]: Starting power on mode unbind ir35221 device driver devs...
Jul 30 20:44:29 witherspoon systemd[1]: Created slice system-vcs_workaround.slice.
Jul 30 20:44:29 witherspoon systemd[1]: Created slice system-avsbus\x2ddisable.slice.
Jul 30 20:44:29 witherspoon systemd[1]: Created slice system-avsbus\x2denable.slice.
Jul 30 20:44:29 witherspoon systemd[1]: Created slice system-start_host.slice.
Jul 30 20:44:29 witherspoon systemd[1]: Started Witherspoon Fan Watchdog Daemon.
Jul 30 20:44:29 witherspoon systemd[1]: Starting Disable UCD VCS rails...
Jul 30 20:44:29 witherspoon systemd[1]: Starting Wait for /xyz/openbmc_project/led/groups/power_on...
Jul 30 20:44:29 witherspoon systemd[1]: Created slice system-cfam_override.slice.
Jul 30 20:44:29 witherspoon systemd[1]: Created slice system-ir35221\x2don\x2dbind.slice.
Jul 30 20:44:29 witherspoon systemd[1]: Started Phosphor Fan Control Initialization.
Jul 30 20:44:29 witherspoon systemd[1]: Created slice system-vrm\x2dcontrol.slice.
Jul 30 20:44:29 witherspoon systemd[1]: Created slice system-fsi\x2dscan.slice.
Jul 30 20:44:29 witherspoon systemd[1]: Created slice system-phosphor\x2dwatchdog.slice.
Jul 30 20:44:29 witherspoon systemd[1]: Started Phosphor poweron watchdog.
Jul 30 20:44:30 witherspoon phosphor-gevent[1016]: ::80a9:6a76:8e91:f402%1995811612 - - [2017-07-30 20:44:30] "POST /login HTTP/1.1" 200 320 0.206312
Jul 30 20:44:31 witherspoon kernel: ucd9000 11-0064: Device ID UCD90160|2.3.4.0000|110603
Jul 30 20:44:31 witherspoon kernel[976]: [  379.410000] ucd9000 11-0064: Device ID UCD90160|2.3.4.0000|110603
Jul 30 20:44:31 witherspoon systemd[1]: Started Witherspoon Fan Watchdog Reset.
Jul 30 20:44:31 witherspoon systemd[1]: Started power on mode unbind ir35221 device driver devs.
Jul 30 20:44:31 witherspoon mboxctl[1155]: Reset: Success
Jul 30 20:44:31 witherspoon systemd[1]: Started Reload mboxd during power on.
Jul 30 20:44:31 witherspoon systemd[1]: xyz.openbmc_project.Hwmon@ahb-apb-i2c\x401e78a000-i2c\x2dbus\x40140-ir35221\x4070.service: Unit not needed anymore. Stopping.
Jul 30 20:44:31 witherspoon systemd[1]: xyz.openbmc_project.Hwmon@ahb-apb-i2c\x401e78a000-i2c\x2dbus\x40180-ir35221\x4071.service: Service hold-off time over, scheduling restart.
Jul 30 20:44:31 witherspoon systemd[1]: xyz.openbmc_project.Hwmon@ahb-apb-i2c\x401e78a000-i2c\x2dbus\x40180-ir35221\x4070.service: Service hold-off time over, scheduling restart.
Jul 30 20:44:31 witherspoon systemd[1]: xyz.openbmc_project.Hwmon@ahb-apb-i2c\x401e78a000-i2c\x2dbus\x40140-ir35221\x4070.service: Service hold-off time over, scheduling restart.
Jul 30 20:44:31 witherspoon systemd[1]: xyz.openbmc_project.Hwmon@ahb-apb-i2c\x401e78a000-i2c\x2dbus\x40140-ir35221\x4070.service: Stop job pending for unit, delaying automatic restart.
Jul 30 20:44:31 witherspoon systemd[1]: xyz.openbmc_project.Hwmon@ahb-apb-i2c\x401e78a000-i2c\x2dbus\x40140-ir35221\x4071.service: Service hold-off time over, scheduling restart.
Jul 30 20:44:31 witherspoon systemd[1]: xyz.openbmc_project.Hwmon@ahb-apb-i2c\x401e78a000-i2c\x2dbus\x40140-ir35221\x4071.service: Unit not needed anymore. Stopping.
Jul 30 20:44:31 witherspoon systemd[1]: Requested transaction contradicts existing jobs: Transaction is destructive.
Jul 30 20:44:31 witherspoon systemd[1]: xyz.openbmc_project.Hwmon@ahb-apb-i2c\x401e78a000-i2c\x2dbus\x40140-ir35221\x4071.service: Failed to enqueue stop job, ignoring: Transaction is destructive.
Jul 30 20:44:31 witherspoon systemd[1]: xyz.openbmc_project.Hwmon@ahb-apb-i2c\x401e78a000-i2c\x2dbus\x40180-ir35221\x4071.service: Unit not needed anymore. Stopping.
Jul 30 20:44:31 witherspoon systemd[1]: Requested transaction contradicts existing jobs: Transaction is destructive.
Jul 30 20:44:31 witherspoon systemd[1]: xyz.openbmc_project.Hwmon@ahb-apb-i2c\x401e78a000-i2c\x2dbus\x40180-ir35221\x4071.service: Failed to enqueue stop job, ignoring: Transaction is destructive.
Jul 30 20:44:31 witherspoon systemd[1]: xyz.openbmc_project.Hwmon@ahb-apb-i2c\x401e78a000-i2c\x2dbus\x40180-ir35221\x4070.service: Unit not needed anymore. Stopping.
Jul 30 20:44:31 witherspoon systemd[1]: Requested transaction contradicts existing jobs: Transaction is destructive.
Jul 30 20:44:31 witherspoon systemd[1]: xyz.openbmc_project.Hwmon@ahb-apb-i2c\x401e78a000-i2c\x2dbus\x40180-ir35221\x4070.service: Failed to enqueue stop job, ignoring: Transaction is destructive.
Jul 30 20:44:31 witherspoon systemd[1]: Stopped Phosphor Hwmon Poller.
Jul 30 20:44:31 witherspoon systemd[1]: Started Phosphor Hwmon Poller.
Jul 30 20:44:31 witherspoon systemd[1]: xyz.openbmc_project.Hwmon@ahb-apb-i2c\x401e78a000-i2c\x2dbus\x40140-ir35221\x4071.service: Unit not needed anymore. Stopping.
Jul 30 20:44:31 witherspoon systemd[1]: Stopping Phosphor Hwmon Poller...
Jul 30 20:44:31 witherspoon systemd[1]: Stopped Phosphor Hwmon Poller.
Jul 30 20:44:31 witherspoon systemd[1]: Started Phosphor Hwmon Poller.
Jul 30 20:44:31 witherspoon systemd[1]: xyz.openbmc_project.Hwmon@ahb-apb-i2c\x401e78a000-i2c\x2dbus\x40180-ir35221\x4070.service: Unit not needed anymore. Stopping.
Jul 30 20:44:31 witherspoon systemd[1]: Stopping Phosphor Hwmon Poller...
Jul 30 20:44:31 witherspoon systemd[1]: Stopped Phosphor Hwmon Poller.
Jul 30 20:44:31 witherspoon systemd[1]: Started Phosphor Hwmon Poller.
Jul 30 20:44:31 witherspoon systemd[1]: xyz.openbmc_project.Hwmon@ahb-apb-i2c\x401e78a000-i2c\x2dbus\x40180-ir35221\x4071.service: Unit not needed anymore. Stopping.
Jul 30 20:44:31 witherspoon systemd[1]: Stopping Phosphor Hwmon Poller...
Jul 30 20:44:31 witherspoon systemd[1]: Stopped Phosphor Hwmon Poller.
Jul 30 20:44:31 witherspoon systemd[1]: Stopped Phosphor Hwmon Poller.
Jul 30 20:44:31 witherspoon systemd[1]: Stopped Phosphor Hwmon Poller.
Jul 30 20:44:31 witherspoon systemd[1]: Stopped Phosphor Hwmon Poller.
Jul 30 20:44:31 witherspoon systemd[1]: Started Disable UCD VCS rails.
Jul 30 20:44:32 witherspoon systemd[1]: Starting Perform AVS bus workaround on VRMs...
Jul 30 20:44:32 witherspoon systemd[1]: Started Perform AVS bus workaround on VRMs.
Jul 30 20:44:32 witherspoon systemd[1]: Starting Disable the AVS bus on the VRMs...
Jul 30 20:44:32 witherspoon systemd[1]: Started Disable the AVS bus on the VRMs.
Jul 30 20:44:32 witherspoon systemd[1]: Starting Apply voltage overrides to VRMs...
Jul 30 20:44:33 witherspoon vrm-control.sh[1223]: rail        set        read        current
Jul 30 20:44:33 witherspoon vrm-control.sh[1223]: -------        ------- ------- -------
Jul 30 20:44:33 witherspoon vrm-control.sh[1223]: vdna        0.898V        0.004V        0.000A
Jul 30 20:44:34 witherspoon vrm-control.sh[1223]: vdnb        0.898V        0.004V        0.000A
Jul 30 20:44:34 witherspoon systemd[1]: Started Apply voltage overrides to VRMs.
Jul 30 20:44:34 witherspoon systemd[1]: Starting Enable the AVS bus on VRMs...
Jul 30 20:44:34 witherspoon systemd[1]: Started Enable the AVS bus on VRMs.
Jul 30 20:44:34 witherspoon systemd[1]: Starting Disable VCS before Witherspoon power on...
Jul 30 20:44:35 witherspoon systemd[1]: Started Disable VCS before Witherspoon power on.
Jul 30 20:44:35 witherspoon systemd[1]: Reached target Power0 On (Pre).
Jul 30 20:44:35 witherspoon systemd[1]: Starting Start Power0...
