-- Logs begin at Thu 2017-08-03 18:30:17 UTC, end at Thu 2017-08-03 18:51:40 UTC. --
Aug 03 18:30:17 witherspoon kernel: Booting Linux on physical CPU 0x0
Aug 03 18:30:17 witherspoon kernel: Linux version 4.10.17-03afe5775baf06c3037d62cc2a15628079af38c9 (jenkins@openbmc-builder1) (gcc version 6.2.0 (GCC) ) #1 Thu Aug 3 18:18:33 UTC 2017
Aug 03 18:30:17 witherspoon kernel: CPU: ARMv6-compatible processor [410fb767] revision 7 (ARMv7), cr=00c5387d
Aug 03 18:30:17 witherspoon kernel: CPU: PIPT / VIPT nonaliasing data cache, VIPT nonaliasing instruction cache
Aug 03 18:30:17 witherspoon kernel: OF: fdt:Machine model: Witherspoon BMC
Aug 03 18:30:17 witherspoon kernel: Memory policy: Data cache writeback
Aug 03 18:30:17 witherspoon kernel: SOC Rev: 04030303
Aug 03 18:30:17 witherspoon kernel: On node 0 totalpages: 110592
Aug 03 18:30:17 witherspoon kernel: free_area_init_node: node 0, pgdat 805ff5f4, node_mem_map 9ec1a000
Aug 03 18:30:17 witherspoon kernel:   Normal zone: 992 pages used for memmap
Aug 03 18:30:17 witherspoon kernel:   Normal zone: 0 pages reserved
Aug 03 18:30:17 witherspoon kernel:   Normal zone: 110592 pages, LIFO batch:31
Aug 03 18:30:17 witherspoon kernel: pcpu-alloc: s0 r0 d32768 u32768 alloc=1*32768
Aug 03 18:30:17 witherspoon kernel: pcpu-alloc: [0] 0 
Aug 03 18:30:17 witherspoon kernel: Built 1 zonelists in Zone order, mobility grouping on.  Total pages: 109600
Aug 03 18:30:17 witherspoon kernel: Kernel command line: console=ttyS4,115200n8 root=/dev/ram rw
Aug 03 18:30:17 witherspoon kernel: PID hash table entries: 2048 (order: 1, 8192 bytes)
Aug 03 18:30:17 witherspoon kernel: Dentry cache hash table entries: 65536 (order: 6, 262144 bytes)
Aug 03 18:30:17 witherspoon kernel: Inode-cache hash table entries: 32768 (order: 5, 131072 bytes)
Aug 03 18:30:17 witherspoon kernel: Memory: 430436K/442368K available (4065K kernel code, 280K rwdata, 1192K rodata, 284K init, 111K bss, 11932K reserved, 0K cma-reserved)
Aug 03 18:30:17 witherspoon kernel: Virtual kernel memory layout:
                                        vector  : 0xffff0000 - 0xffff1000   (   4 kB)
                                        fixmap  : 0xffc00000 - 0xfff00000   (3072 kB)
                                        vmalloc : 0x9f800000 - 0xff800000   (1536 MB)
                                        lowmem  : 0x80000000 - 0x9f000000   ( 496 MB)
                                          .text : 0x80008000 - 0x80400940   (4067 kB)
                                          .init : 0x80585000 - 0x805cc000   ( 284 kB)
                                          .data : 0x805cc000 - 0x80612358   ( 281 kB)
                                           .bss : 0x80612358 - 0x8062e1f8   ( 112 kB)
Aug 03 18:30:17 witherspoon kernel: NR_IRQS:16 nr_irqs:16 16
Aug 03 18:30:17 witherspoon kernel: i2c controller registered, irq 16
Aug 03 18:30:17 witherspoon kernel: clocksource: moxart_timer: mask: 0xffffffff max_cycles: 0xffffffff, max_idle_ns: 77222644334 ns
Aug 03 18:30:17 witherspoon kernel: sched_clock: 32 bits at 100 Hz, resolution 10000000ns, wraps every 21474836475000000ns
Aug 03 18:30:17 witherspoon kernel: Calibrating delay loop... 789.70 BogoMIPS (lpj=3948544)
Aug 03 18:30:17 witherspoon kernel: pid_max: default: 32768 minimum: 301
Aug 03 18:30:17 witherspoon kernel: Mount-cache hash table entries: 1024 (order: 0, 4096 bytes)
Aug 03 18:30:17 witherspoon kernel: Mountpoint-cache hash table entries: 1024 (order: 0, 4096 bytes)
Aug 03 18:30:17 witherspoon kernel: CPU: Testing write buffer coherency: ok
Aug 03 18:30:17 witherspoon kernel: ftrace: allocating 14934 entries in 44 pages
Aug 03 18:30:17 witherspoon kernel: Setting up static identity map for 0x80008200 - 0x8000825c
Aug 03 18:30:17 witherspoon kernel: devtmpfs: initialized
Aug 03 18:30:17 witherspoon kernel: clocksource: jiffies: mask: 0xffffffff max_cycles: 0xffffffff, max_idle_ns: 19112604462750000 ns
Aug 03 18:30:17 witherspoon kernel: futex hash table entries: 256 (order: -1, 3072 bytes)
Aug 03 18:30:17 witherspoon kernel: pinctrl core: initialized pinctrl subsystem
Aug 03 18:30:17 witherspoon kernel: NET: Registered protocol family 16
Aug 03 18:30:17 witherspoon kernel: DMA: preallocated 256 KiB pool for atomic coherent allocations
Aug 03 18:30:17 witherspoon kernel: usbcore: registered new interface driver usbfs
Aug 03 18:30:17 witherspoon kernel: usbcore: registered new interface driver hub
Aug 03 18:30:17 witherspoon kernel: usbcore: registered new device driver usb
Aug 03 18:30:17 witherspoon kernel: clocksource: Switched to clocksource moxart_timer
Aug 03 18:30:17 witherspoon kernel: NET: Registered protocol family 2
Aug 03 18:30:17 witherspoon kernel: TCP established hash table entries: 4096 (order: 2, 16384 bytes)
Aug 03 18:30:17 witherspoon kernel: TCP bind hash table entries: 4096 (order: 2, 16384 bytes)
Aug 03 18:30:17 witherspoon kernel: TCP: Hash tables configured (established 4096 bind 4096)
Aug 03 18:30:17 witherspoon kernel: UDP hash table entries: 256 (order: 0, 4096 bytes)
Aug 03 18:30:17 witherspoon kernel: UDP-Lite hash table entries: 256 (order: 0, 4096 bytes)
Aug 03 18:30:17 witherspoon kernel: NET: Registered protocol family 1
Aug 03 18:30:17 witherspoon kernel: Trying to unpack rootfs image as initramfs...
Aug 03 18:30:17 witherspoon kernel: Freeing initrd memory: 1548K
Aug 03 18:30:17 witherspoon kernel: workingset: timestamp_bits=30 max_order=17 bucket_order=0
Aug 03 18:30:17 witherspoon kernel: squashfs: version 4.0 (2009/01/31) Phillip Lougher
Aug 03 18:30:17 witherspoon kernel: jffs2: version 2.2. (SUMMARY)  © 2001-2006 Red Hat, Inc.
Aug 03 18:30:17 witherspoon kernel: Block layer SCSI generic (bsg) driver version 0.4 loaded (major 250)
Aug 03 18:30:17 witherspoon kernel: io scheduler noop registered
Aug 03 18:30:17 witherspoon kernel: io scheduler deadline registered
Aug 03 18:30:17 witherspoon kernel: io scheduler cfq registered (default)
Aug 03 18:30:17 witherspoon kernel: ipmi-bt-host 1e789140.ibt: Found bt bmc device
Aug 03 18:30:17 witherspoon kernel: ipmi-bt-host 1e789140.ibt: Using IRQ 22
Aug 03 18:30:17 witherspoon kernel: Serial: 8250/16550 driver, 6 ports, IRQ sharing enabled
Aug 03 18:30:17 witherspoon kernel: 1e787000.vuart: ttyS0 at MMIO 0x1e787000 (irq = 22, base_baud = 1500000) is a 16550A
Aug 03 18:30:17 witherspoon kernel: 1e783000.serial: ttyS1 at MMIO 0x1e783000 (irq = 23, base_baud = 1500000) is a 16550A
Aug 03 18:30:17 witherspoon kernel: 1e78d000.serial: ttyS2 at MMIO 0x1e78d000 (irq = 24, base_baud = 1500000) is a 16550A
Aug 03 18:30:17 witherspoon kernel: 1e784000.serial: ttyS4 at MMIO 0x1e784000 (irq = 25, base_baud = 1500000) is a 16550A
Aug 03 18:30:17 witherspoon kernel: console [ttyS4] enabled
Aug 03 18:30:17 witherspoon kernel: timeriomem_rng 1e6e2078.hwrng: 32bits from 0xf00e2078 @ 1us
Aug 03 18:30:17 witherspoon kernel: random: fast init done
Aug 03 18:30:17 witherspoon kernel: brd: module loaded
Aug 03 18:30:17 witherspoon kernel: random: crng init done
Aug 03 18:30:17 witherspoon kernel: loop: module loaded
Aug 03 18:30:17 witherspoon kernel: aspeed-lpc-ctrl 1e789080.lpc-ctrl: Loaded at 0x98000000 (0x04000000)
Aug 03 18:30:17 witherspoon kernel: aspeed-smc 1e620000.flash-controller: Using IRQ 18
Aug 03 18:30:17 witherspoon kernel: aspeed-smc 1e620000.flash-controller: DMA support disabled.
Aug 03 18:30:17 witherspoon kernel: aspeed-smc 1e620000.flash-controller: mx25l25635e (32768 Kbytes)
Aug 03 18:30:17 witherspoon kernel: aspeed-smc 1e620000.flash-controller: CE0 window [ 0x20000000 - 0x22000000 ] 32MB
Aug 03 18:30:17 witherspoon kernel: aspeed-smc 1e620000.flash-controller: CE1 window [ 0x22000000 - 0x2a000000 ] 128MB
Aug 03 18:30:17 witherspoon kernel: 5 ofpart partitions found on MTD device bmc
Aug 03 18:30:17 witherspoon kernel: Creating 5 MTD partitions on "bmc":
Aug 03 18:30:17 witherspoon kernel: 0x000000000000-0x000000060000 : "u-boot"
Aug 03 18:30:17 witherspoon kernel: 0x000000060000-0x000000080000 : "u-boot-env"
Aug 03 18:30:17 witherspoon kernel: 0x000000080000-0x0000004c0000 : "kernel"
Aug 03 18:30:17 witherspoon kernel: 0x0000004c0000-0x000001c00000 : "rofs"
Aug 03 18:30:17 witherspoon kernel: 0x000001c00000-0x000002000000 : "rwfs"
Aug 03 18:30:17 witherspoon kernel: aspeed-smc 1e620000.flash-controller: mx25l25635e (32768 Kbytes)
Aug 03 18:30:17 witherspoon kernel: aspeed-smc 1e620000.flash-controller: CE1 window [ 0x22000000 - 0x24000000 ] 32MB
Aug 03 18:30:17 witherspoon kernel: aspeed-smc 1e620000.flash-controller: CE2 window [ 0x24000000 - 0x2c000000 ] 128MB
Aug 03 18:30:17 witherspoon kernel: aspeed-smc 1e630000.flash-controller: mx66l1g45g (131072 Kbytes)
Aug 03 18:30:17 witherspoon kernel: aspeed-smc 1e630000.flash-controller: CE0 window resized to 120MB (AST2500 HW quirk)
Aug 03 18:30:17 witherspoon kernel: aspeed-smc 1e630000.flash-controller: CE0 window [ 0x30000000 - 0x37800000 ] 120MB
Aug 03 18:30:17 witherspoon kernel: aspeed-smc 1e630000.flash-controller: CE0 window too small for chip 128MB
Aug 03 18:30:17 witherspoon kernel: aspeed-smc 1e630000.flash-controller: CE1 window [ 0x37800000 - 0x38000000 ] 8MB
Aug 03 18:30:17 witherspoon kernel: libphy: Fixed MDIO Bus: probed
Aug 03 18:30:17 witherspoon kernel: ftgmac100 1e660000.ethernet: Read MAC address 70:e2:84:14:28:a9 from chip
Aug 03 18:30:17 witherspoon kernel: ftgmac100 1e660000.ethernet: Using NCSI interface
Aug 03 18:30:17 witherspoon kernel: ftgmac100 1e660000.ethernet eth0: irq 20, mapped at f0060000
Aug 03 18:30:17 witherspoon kernel: ehci_hcd: USB 2.0 'Enhanced' Host Controller (EHCI) Driver
Aug 03 18:30:17 witherspoon kernel: ehci-platform: EHCI generic platform driver
Aug 03 18:30:17 witherspoon kernel:  fsi0: can't read slave 00:00 -5
Aug 03 18:30:17 witherspoon kernel: i2c /dev entries driver
Aug 03 18:30:17 witherspoon kernel: aspeed-i2c-bus 1e78a0c0.i2c-bus: i2c bus 2 registered, irq 26
Aug 03 18:30:17 witherspoon kernel: aspeed-i2c-bus 1e78a100.i2c-bus: i2c bus 3 registered, irq 27
Aug 03 18:30:17 witherspoon kernel: aspeed-i2c-bus 1e78a140.i2c-bus: i2c bus 4 registered, irq 28
Aug 03 18:30:17 witherspoon kernel: aspeed-i2c-bus 1e78a180.i2c-bus: i2c bus 5 registered, irq 29
Aug 03 18:30:17 witherspoon kernel: aspeed-i2c-bus 1e78a380.i2c-bus: i2c bus 9 registered, irq 30
Aug 03 18:30:17 witherspoon kernel: aspeed-i2c-bus 1e78a3c0.i2c-bus: i2c bus 10 registered, irq 31
Aug 03 18:30:17 witherspoon kernel: rtc-rv8803 11-0032: Voltage low, temperature compensation stopped.
Aug 03 18:30:17 witherspoon kernel: rtc-rv8803 11-0032: rtc core: registered rx8900 as rtc0
Aug 03 18:30:17 witherspoon kernel: at24 11-0051: 8192 byte 24c64 EEPROM, writable, 1 bytes/write
Aug 03 18:30:17 witherspoon kernel: aspeed-i2c-bus 1e78a400.i2c-bus: i2c bus 11 registered, irq 32
Aug 03 18:30:17 witherspoon kernel: aspeed-i2c-bus 1e78a440.i2c-bus: i2c bus 12 registered, irq 33
Aug 03 18:30:17 witherspoon kernel: aspeed-i2c-bus 1e78a480.i2c-bus: i2c bus 13 registered, irq 34
Aug 03 18:30:17 witherspoon kernel: Driver for 1-wire Dallas network protocol.
Aug 03 18:30:17 witherspoon kernel: lm75 9-004a: hwmon0: sensor 'tmp275'
Aug 03 18:30:17 witherspoon kernel: ucd9000 11-0064: Device ID UCD90160|2.3.4.0000|110603
Aug 03 18:30:17 witherspoon kernel: leds-pca955x 3-0060: leds-pca955x: Using pca9552 16-bit LED driver at slave address 0x60
Aug 03 18:30:17 witherspoon kernel: leds-pca955x 11-0060: leds-pca955x: Using pca9552 16-bit LED driver at slave address 0x60
Aug 03 18:30:17 witherspoon kernel: leds-pca955x 11-0060: gpios 264...279
Aug 03 18:30:17 witherspoon kernel: usbcore: registered new interface driver usbhid
Aug 03 18:30:17 witherspoon kernel: usbhid: USB HID core driver
Aug 03 18:30:17 witherspoon kernel: dps310 3-0076: iio:device1: sensor 'dps310'
Aug 03 18:30:17 witherspoon kernel: NET: Registered protocol family 10
Aug 03 18:30:17 witherspoon kernel: Segment Routing with IPv6
Aug 03 18:30:17 witherspoon kernel: NET: Registered protocol family 17
Aug 03 18:30:17 witherspoon kernel: 8021q: 802.1Q VLAN Support v1.8
Aug 03 18:30:17 witherspoon kernel: console [netcon0] enabled
Aug 03 18:30:17 witherspoon kernel: netconsole: network logging started
Aug 03 18:30:17 witherspoon kernel: input: gpio-keys as /devices/platform/gpio-keys/input/input0
Aug 03 18:30:17 witherspoon kernel: rtc-rv8803 11-0032: setting system clock to 2017-08-03 18:30:04 UTC (1501785004)
Aug 03 18:30:17 witherspoon kernel: Freeing unused kernel memory: 284K
Aug 03 18:30:17 witherspoon kernel: This architecture does not have kernel memory protection.
Aug 03 18:30:17 witherspoon kernel: jffs2: notice: (526) jffs2_build_xattr_subsystem: complete building xattr subsystem, 0 of xdatum (0 unchecked, 0 orphan) and 0 of xref (0 dead, 0 orphan) found.
Aug 03 18:30:17 witherspoon systemd[1]: Failed to insert module 'autofs4': No such file or directory
Aug 03 18:30:17 witherspoon systemd[1]: systemd 232 running in system mode. (+PAM -AUDIT -SELINUX -IMA -APPARMOR -SMACK +SYSVINIT -UTMP -LIBCRYPTSETUP -GCRYPT -GNUTLS +ACL +XZ -LZ4 -SECCOMP +BLKID -ELFUTILS +KMOD -IDN)
Aug 03 18:30:17 witherspoon systemd[1]: Detected architecture arm.
Aug 03 18:30:17 witherspoon systemd[1]: Set hostname to <witherspoon>.
Aug 03 18:30:17 witherspoon systemd[1]: [/lib/systemd/system/obmc-flash-bios-updatesymlinks.service:9] Unknown lvalue 'WantedBy' in section 'Service'
Aug 03 18:30:17 witherspoon systemd[1]: Listening on Journal Socket.
Aug 03 18:30:17 witherspoon systemd[1]: Listening on udev Control Socket.
Aug 03 18:30:17 witherspoon systemd[1]: Listening on /dev/initctl Compatibility Named Pipe.
Aug 03 18:30:17 witherspoon systemd[1]: Reached target Remote File Systems.
Aug 03 18:30:17 witherspoon systemd[1]: Started Forward Password Requests to Wall Directory Watch.
Aug 03 18:30:17 witherspoon systemd[1]: Reached target Swap.
Aug 03 18:30:17 witherspoon systemd[1]: Created slice system-phosphor\x2ddiscover\x2dsystem\x2dstate.slice.
Aug 03 18:30:17 witherspoon systemd[1]: Starting udev Coldplug all Devices...
Aug 03 18:30:17 witherspoon systemd[1]: Mounting Temporary Directory...
Aug 03 18:30:17 witherspoon systemd[1]: Created slice system-org.openbmc.buttons.reset.slice.
Aug 03 18:30:17 witherspoon systemd[1]: Starting Remount Root and Kernel File Systems...
Aug 03 18:30:17 witherspoon systemd[1]: Mounting Debug File System...
Aug 03 18:30:17 witherspoon systemd[1]: Created slice system-mapper\x2dwait.slice.
Aug 03 18:30:17 witherspoon systemd[1]: Created slice system-serial\x2dgetty.slice.
Aug 03 18:30:17 witherspoon systemd[1]: Created slice system-org.openbmc.control.Chassis.slice.
Aug 03 18:30:17 witherspoon systemd[1]: Created slice system-getty.slice.
Aug 03 18:30:18 witherspoon systemd-journald[657]: Journal started
Aug 03 18:30:18 witherspoon systemd-journald[657]: Runtime journal (/run/log/journal/12c6a00ebfdd479284cf09f39d1bc042) is 0B, max 0B, 0B free.
Aug 03 18:30:18 witherspoon systemd-sysctl[658]: Couldn't write '16' to 'kernel/sysrq', ignoring: No such file or directory
Aug 03 18:30:18 witherspoon systemd-sysctl[658]: Couldn't write 'fq_codel' to 'net/core/default_qdisc', ignoring: No such file or directory
Aug 03 18:30:19 witherspoon systemd[1]: Created slice system-phosphor\x2dreset\x2dhost\x2dcheck.slice.
Aug 03 18:30:19 witherspoon systemd[1]: Created slice system-org.openbmc.control.Power.slice.
Aug 03 18:30:19 witherspoon systemd[1]: Reached target Slices.
Aug 03 18:30:20 witherspoon systemd[1]: Created slice system-phosphor\x2dreset\x2dhost\x2drunning.slice.
Aug 03 18:30:20 witherspoon systemd[1]: Mounted Debug File System.
Aug 03 18:30:21 witherspoon systemd[1]: Mounted Temporary Directory.
Aug 03 18:30:21 witherspoon systemd[1]: Started Journal Service.
Aug 03 18:30:21 witherspoon systemd[1]: Started Remount Root and Kernel File Systems.
Aug 03 18:30:21 witherspoon systemd[1]: Started Apply Kernel Variables.
Aug 03 18:30:22 witherspoon systemd[1]: Starting Create System Users...
Aug 03 18:30:22 witherspoon systemd[1]: Starting Flush Journal to Persistent Storage...
Aug 03 18:30:22 witherspoon systemd[1]: Started udev Coldplug all Devices.
Aug 03 18:30:23 witherspoon systemd[1]: Started Create System Users.
Aug 03 18:30:23 witherspoon systemd[1]: Starting Create Static Device Nodes in /dev...
Aug 03 18:30:23 witherspoon systemd-journald[657]: Runtime journal (/run/log/journal/12c6a00ebfdd479284cf09f39d1bc042) is 0B, max 0B, 0B free.
Aug 03 18:30:23 witherspoon systemd[1]: Started Flush Journal to Persistent Storage.
Aug 03 18:30:24 witherspoon systemd[1]: Started Create Static Device Nodes in /dev.
Aug 03 18:30:24 witherspoon systemd[1]: Reached target Local File Systems (Pre).
Aug 03 18:30:24 witherspoon systemd[1]: Mounting /var/volatile...
Aug 03 18:30:24 witherspoon systemd[1]: Starting udev Kernel Device Manager...
Aug 03 18:30:24 witherspoon systemd[1]: Mounted /var/volatile.
Aug 03 18:30:24 witherspoon systemd[1]: Starting Load/Save Random Seed...
Aug 03 18:30:24 witherspoon systemd[1]: Reached target Local File Systems.
Aug 03 18:30:24 witherspoon systemd[1]: Starting Rebuild Journal Catalog...
Aug 03 18:30:24 witherspoon systemd[1]: Starting Create Volatile Files and Directories...
Aug 03 18:30:25 witherspoon systemd[1]: Started Rebuild Journal Catalog.
Aug 03 18:30:25 witherspoon systemd[1]: Started Load/Save Random Seed.
Aug 03 18:30:25 witherspoon systemd-tmpfiles[898]: "/var/tmp" already exists and is not a directory.
Aug 03 18:30:25 witherspoon systemd-tmpfiles[898]: "/var/log" already exists and is not a directory.
Aug 03 18:30:25 witherspoon systemd[1]: Started Create Volatile Files and Directories.
Aug 03 18:30:25 witherspoon systemd[1]: Starting Network Time Synchronization...
Aug 03 18:30:25 witherspoon systemd[1]: Starting Run pending postinsts...
Aug 03 18:30:25 witherspoon systemd[1]: Starting Update is Completed...
Aug 03 18:30:25 witherspoon systemd[1]: Started udev Kernel Device Manager.
Aug 03 18:30:27 witherspoon systemd[1]: Started Update is Completed.
Aug 03 18:30:27 witherspoon systemd[1]: Started Network Time Synchronization.
Aug 03 18:30:27 witherspoon systemd[1]: Reached target System Time Synchronized.
Aug 03 18:30:28 witherspoon systemd[1]: Found device /dev/aspeed-lpc-ctrl.
Aug 03 18:30:28 witherspoon systemd[1]: Found device /dev/aspeed-mbox.
Aug 03 18:30:28 witherspoon systemd[1]: Found device /dev/ttyS4.
Aug 03 18:30:28 witherspoon systemd[1]: Found device /dev/ttyVUART0.
Aug 03 18:30:28 witherspoon systemd[1]: dev-hugepages.mount: Couldn't determine result for ConditionVirtualization=!private-users, assuming failed: No such file or directory
Aug 03 18:30:28 witherspoon systemd[1]: Created slice system-xyz.openbmc_project.Hwmon.slice.
Aug 03 18:30:28 witherspoon systemd[1]: dev-hugepages.mount: Couldn't determine result for ConditionVirtualization=!private-users, assuming failed: No such file or directory
Aug 03 18:30:29 witherspoon systemd[1]: dev-hugepages.mount: Couldn't determine result for ConditionVirtualization=!private-users, assuming failed: No such file or directory
Aug 03 18:30:29 witherspoon systemd[1]: Created slice system-xyz.openbmc_project.led.controller.slice.
Aug 03 18:30:29 witherspoon run-postinsts[903]: Running postinst /etc/rpm-postinsts/libglib-2.0-0...
Aug 03 18:30:30 witherspoon run-postinsts[903]: rm: can't remove '/etc/rpm-postinsts': Invalid argument
Aug 03 18:30:30 witherspoon run-postinsts[903]:  Removing any system startup links for run-postinsts ...
Aug 03 18:30:31 witherspoon systemctl[935]: Removed /etc/systemd/system/sysinit.target.wants/run-postinsts.service.
Aug 03 18:30:31 witherspoon systemd[1]: Reloading.
Aug 03 18:30:32 witherspoon systemd[1]: [/lib/systemd/system/obmc-flash-bios-updatesymlinks.service:9] Unknown lvalue 'WantedBy' in section 'Service'
Aug 03 18:30:33 witherspoon systemd[1]: Started Run pending postinsts.
Aug 03 18:30:33 witherspoon systemd[1]: Reached target System Initialization.
Aug 03 18:30:33 witherspoon systemd[1]: Listening on phosphor-ipmi-net.socket.
Aug 03 18:30:33 witherspoon systemd[1]: Listening on Avahi mDNS/DNS-SD Stack Activation Socket.
Aug 03 18:30:33 witherspoon systemd[1]: Listening on dropbear.socket.
Aug 03 18:30:33 witherspoon systemd[1]: Listening on D-Bus System Message Bus Socket.
Aug 03 18:30:33 witherspoon systemd[1]: Listening on Phosphor Webserver socket.
Aug 03 18:30:33 witherspoon systemd[1]: Started Daily Cleanup of Temporary Directories.
Aug 03 18:30:33 witherspoon systemd[1]: Listening on Phosphor DBUS Browser socket.
Aug 03 18:30:33 witherspoon systemd[1]: Reached target Timers.
Aug 03 18:30:33 witherspoon systemd[1]: Listening on Phosphor Host Console SSH Per-Connection socket.
Aug 03 18:30:34 witherspoon systemd[1]: Reached target Sockets.
Aug 03 18:30:34 witherspoon systemd[1]: Reached target Basic System.
Aug 03 18:30:34 witherspoon systemd[1]: Starting Phosphor DBus Service Discovery Manager...
Aug 03 18:30:34 witherspoon systemd[1]: Started Phosphor sysfs LED controller.
Aug 03 18:30:34 witherspoon systemd[1]: Started Phosphor Dump core monitor..
Aug 03 18:30:34 witherspoon systemd[1]: Started Hardware RNG Entropy Gatherer Daemon.
Aug 03 18:30:34 witherspoon systemd[1]: Starting Phosphor IPMI BT DBus Bridge...
Aug 03 18:30:34 witherspoon systemd[1]: Starting Remount the squashfs and ubi volumes after a reboot...
Aug 03 18:30:34 witherspoon systemd[1]: Started Phosphor sysfs LED controller.
Aug 03 18:30:34 witherspoon systemd[1]: Starting Phosphor BMC0 Control...
Aug 03 18:30:34 witherspoon systemd[1]: Starting Phosphor Download Manager...
Aug 03 18:30:34 witherspoon systemd[1]: Starting Phosphor Network Manager...
Aug 03 18:30:34 witherspoon systemd[1]: Starting Phosphor Log Manager...
Aug 03 18:30:34 witherspoon systemd[1]: Started Phosphor sysfs LED controller.
Aug 03 18:30:34 witherspoon systemd[1]: Starting Updates symlinks for active PNOR version...
Aug 03 18:30:34 witherspoon systemd[1]: Starting Phosphor Settings Daemon...
Aug 03 18:30:34 witherspoon systemd[1]: Started Phosphor sysfs LED controller.
Aug 03 18:30:34 witherspoon systemd[1]: Starting Phosphor Inventory Manager...
Aug 03 18:30:34 witherspoon systemd[1]: Starting Phosphor Sensor Manager...
Aug 03 18:30:34 witherspoon systemd[1]: Starting Phosphor User Manager...
Aug 03 18:30:34 witherspoon systemd[1]: Started Phosphor sysfs LED controller.
Aug 03 18:30:35 witherspoon systemd[1]: Starting Phosphor Inventory Manager...
Aug 03 18:30:35 witherspoon systemd[1]: Started Phosphor sysfs LED controller.
Aug 03 18:30:35 witherspoon systemd[1]: Starting Phosphor LED Group Management Daemon...
Aug 03 18:30:35 witherspoon systemd[1]: Starting Avahi mDNS/DNS-SD Stack...
Aug 03 18:30:35 witherspoon systemd[1]: Started Kernel Logging Service.
Aug 03 18:30:36 witherspoon systemd[1]: Starting Clear one time boot overrides...
Aug 03 18:30:36 witherspoon systemd[1]: Started Phosphor Console Muxer listening on device /dev/ttyVUART0.
Aug 03 18:30:36 witherspoon systemd[1]: Starting Phosphor Chassis0 Control...
Aug 03 18:30:36 witherspoon systemd[1]: Starting OpenBMC Software Update Manager...
Aug 03 18:30:36 witherspoon systemd[1]: Started Phosphor sysfs LED controller.
Aug 03 18:30:36 witherspoon systemd[1]: Started Phosphor sysfs LED controller.
Aug 03 18:30:36 witherspoon systemd[1]: Starting Phosphor Download Manager...
Aug 03 18:30:36 witherspoon systemd[1]: Started D-Bus System Message Bus.
Aug 03 18:30:36 witherspoon kernel[972]: klogd started: BusyBox v1.24.1 (2017-06-16 19:29:08 UTC)
Aug 03 18:30:36 witherspoon kernel[972]: [    0.000000] Booting Linux on physical CPU 0x0
Aug 03 18:30:36 witherspoon kernel[972]: [    0.000000] Linux version 4.10.17-03afe5775baf06c3037d62cc2a15628079af38c9 (jenkins@openbmc-builder1) (gcc version 6.2.0 (GCC) ) #1 Thu Aug 3 18:18:33 UTC 2017
Aug 03 18:30:36 witherspoon kernel[972]: [    0.000000] CPU: ARMv6-compatible processor [410fb767] revision 7 (ARMv7), cr=00c5387d
Aug 03 18:30:36 witherspoon kernel[972]: [    0.000000] CPU: PIPT / VIPT nonaliasing data cache, VIPT nonaliasing instruction cache
Aug 03 18:30:36 witherspoon kernel[972]: [    0.000000] OF: fdt:Machine model: Witherspoon BMC
Aug 03 18:30:36 witherspoon kernel[972]: [    0.000000] Memory policy: Data cache writeback
Aug 03 18:30:36 witherspoon kernel[972]: [    0.000000] SOC Rev: 04030303
Aug 03 18:30:36 witherspoon kernel[972]: [    0.000000] On node 0 totalpages: 110592
Aug 03 18:30:37 witherspoon obmc-flash-bios[953]: ubiattach: error!: cannot attach mtd7
Aug 03 18:30:37 witherspoon obmc-flash-bios[953]:            error 22 (Invalid argument)
Aug 03 18:30:36 witherspoon kernel[972]: [    0.000000] free_area_init_node: node 0, pgdat 805ff5f4, node_mem_map 9ec1a000
Aug 03 18:30:36 witherspoon kernel[972]: [    0.000000]   Normal zone: 992 pages used for memmap
Aug 03 18:30:36 witherspoon kernel[972]: [    0.000000]   Normal zone: 0 pages reserved
Aug 03 18:30:36 witherspoon kernel[972]: [    0.000000]   Normal zone: 110592 pages, LIFO batch:31
Aug 03 18:30:36 witherspoon kernel[972]: [    0.000000] pcpu-alloc: s0 r0 d32768 u32768 alloc=1*32768
Aug 03 18:30:36 witherspoon kernel[972]: [    0.000000] pcpu-alloc: [0] 0
Aug 03 18:30:36 witherspoon kernel[972]: [    0.000000] Built 1 zonelists in Zone order, mobility grouping on.  Total pages: 109600
Aug 03 18:30:36 witherspoon kernel[972]: [    0.000000] Kernel command line: console=ttyS4,115200n8 root=/dev/ram rw
Aug 03 18:30:36 witherspoon kernel[972]: [    0.000000] PID hash table entries: 2048 (order: 1, 8192 bytes)
Aug 03 18:30:36 witherspoon kernel[972]: [    0.000000] Dentry cache hash table entries: 65536 (order: 6, 262144 bytes)
Aug 03 18:30:36 witherspoon kernel[972]: [    0.000000] Inode-cache hash table entries: 32768 (order: 5, 131072 bytes)
Aug 03 18:30:36 witherspoon kernel[972]: [    0.000000] Memory: 430436K/442368K available (4065K kernel code, 280K rwdata, 1192K rodata, 284K init, 111K bss, 11932K reserved, 0K cma-reserved)
Aug 03 18:30:39 witherspoon kernel: ubi7: default fastmap pool size: 100
Aug 03 18:30:39 witherspoon kernel: ubi7: default fastmap WL pool size: 50
Aug 03 18:30:39 witherspoon kernel: ubi7: attaching mtd7
Aug 03 18:30:39 witherspoon kernel: ubi7: scanning is finished
Aug 03 18:30:39 witherspoon kernel: ubi7 error: ubi_read_volume_table: the layout volume was not found
Aug 03 18:30:39 witherspoon kernel: ubi7 error: ubi_attach_mtd_dev: failed to attach mtd7, error -22
Aug 03 18:30:39 witherspoon obmc-flash-bios[960]: rm: can't remove '/var/lib/phosphor-software-manager/pnor/ro': No such file or directory
Aug 03 18:30:36 witherspoon kernel[972]: [    0.000000] Virtual kernel memory layout:
Aug 03 18:30:39 witherspoon obmc-flash-bios[960]: '/var/lib/phosphor-software-manager/pnor/ro' -> '/media/pnor-ro-e49bc78e'
Aug 03 18:30:36 witherspoon kernel[972]: [    0.000000]     vector  : 0xffff0000 - 0xffff1000   (   4 kB)
Aug 03 18:30:39 witherspoon obmc-flash-bios[960]: rm: can't remove '/var/lib/phosphor-software-manager/pnor/rw': No such file or directory
Aug 03 18:30:36 witherspoon kernel[972]: [    0.000000]     fixmap  : 0xffc00000 - 0xfff00000   (3072 kB)
Aug 03 18:30:39 witherspoon obmc-flash-bios[960]: '/var/lib/phosphor-software-manager/pnor/rw' -> '/media/pnor-rw-e49bc78e'
Aug 03 18:30:36 witherspoon kernel[972]: [    0.000000]     vmalloc : 0x9f800000 - 0xff800000   (1536 MB)
Aug 03 18:30:39 witherspoon obmc-flash-bios[960]: '/var/lib/phosphor-software-manager/pnor/prsv' -> '/media/pnor-prsv'
Aug 03 18:30:36 witherspoon kernel[972]: [    0.000000]     lowmem  : 0x80000000 - 0x9f000000   ( 496 MB)
Aug 03 18:30:36 witherspoon kernel[972]: [    0.000000]       .text : 0x80008000 - 0x80400940   (4067 kB)
Aug 03 18:30:36 witherspoon kernel[972]: [    0.000000]       .init : 0x80585000 - 0x805cc000   ( 284 kB)
Aug 03 18:30:36 witherspoon kernel[972]: [    0.000000]       .data : 0x805cc000 - 0x80612358   ( 281 kB)
Aug 03 18:30:36 witherspoon kernel[972]: [    0.000000]        .bss : 0x80612358 - 0x8062e1f8   ( 112 kB)
Aug 03 18:30:36 witherspoon kernel[972]: [    0.000000] NR_IRQS:16 nr_irqs:16 16
Aug 03 18:30:36 witherspoon kernel[972]: [    0.000000] i2c controller registered, irq 16
Aug 03 18:30:36 witherspoon kernel[972]: [    0.000000] clocksource: moxart_timer: mask: 0xffffffff max_cycles: 0xffffffff, max_idle_ns: 77222644334 ns
Aug 03 18:30:36 witherspoon kernel[972]: [    0.000000] sched_clock: 32 bits at 100 Hz, resolution 10000000ns, wraps every 21474836475000000ns
Aug 03 18:30:36 witherspoon kernel[972]: [    0.090000] Calibrating delay loop... 789.70 BogoMIPS (lpj=3948544)
Aug 03 18:30:36 witherspoon kernel[972]: [    0.090000] pid_max: default: 32768 minimum: 301
Aug 03 18:30:36 witherspoon kernel[972]: [    0.090000] Mount-cache hash table entries: 1024 (order: 0, 4096 bytes)
Aug 03 18:30:36 witherspoon kernel[972]: [    0.090000] Mountpoint-cache hash table entries: 1024 (order: 0, 4096 bytes)
Aug 03 18:30:36 witherspoon kernel[972]: [    0.090000] CPU: Testing write buffer coherency: ok
Aug 03 18:30:36 witherspoon kernel[972]: [    0.090000] ftrace: allocating 14934 entries in 44 pages
Aug 03 18:30:36 witherspoon kernel[972]: [    0.120000] Setting up static identity map for 0x80008200 - 0x8000825c
Aug 03 18:30:36 witherspoon kernel[972]: [    0.120000] devtmpfs: initialized
Aug 03 18:30:36 witherspoon kernel[972]: [    0.150000] clocksource: jiffies: mask: 0xffffffff max_cycles: 0xffffffff, max_idle_ns: 19112604462750000 ns
Aug 03 18:30:36 witherspoon kernel[972]: [    0.150000] futex hash table entries: 256 (order: -1, 3072 bytes)
Aug 03 18:30:36 witherspoon kernel[972]: [    0.150000] pinctrl core: initialized pinctrl subsystem
Aug 03 18:30:36 witherspoon kernel[972]: [    0.150000] NET: Registered protocol family 16
Aug 03 18:30:36 witherspoon kernel[972]: [    0.150000] DMA: preallocated 256 KiB pool for atomic coherent allocations
Aug 03 18:30:36 witherspoon kernel[972]: [    0.220000] usbcore: registered new interface driver usbfs
Aug 03 18:30:36 witherspoon kernel[972]: [    0.220000] usbcore: registered new interface driver hub
Aug 03 18:30:36 witherspoon kernel[972]: [    0.220000] usbcore: registered new device driver usb
Aug 03 18:30:36 witherspoon kernel[972]: [    0.220000] clocksource: Switched to clocksource moxart_timer
Aug 03 18:30:36 witherspoon kernel[972]: [    0.230000] NET: Registered protocol family 2
Aug 03 18:30:36 witherspoon kernel[972]: [    0.230000] TCP established hash table entries: 4096 (order: 2, 16384 bytes)
Aug 03 18:30:36 witherspoon kernel[972]: [    0.240000] TCP bind hash table entries: 4096 (order: 2, 16384 bytes)
Aug 03 18:30:36 witherspoon kernel[972]: [    0.240000] TCP: Hash tables configured (established 4096 bind 4096)
Aug 03 18:30:36 witherspoon kernel[972]: [    0.240000] UDP hash table entries: 256 (order: 0, 4096 bytes)
Aug 03 18:30:36 witherspoon kernel[972]: [    0.240000] UDP-Lite hash table entries: 256 (order: 0, 4096 bytes)
Aug 03 18:30:36 witherspoon kernel[972]: [    0.240000] NET: Registered protocol family 1
Aug 03 18:30:36 witherspoon kernel[972]: [    0.240000] Trying to unpack rootfs image as initramfs...
Aug 03 18:30:36 witherspoon kernel[972]: [    1.910000] Freeing initrd memory: 1548K
Aug 03 18:30:36 witherspoon kernel[972]: [    1.910000] workingset: timestamp_bits=30 max_order=17 bucket_order=0
Aug 03 18:30:36 witherspoon kernel[972]: [    1.910000] squashfs: version 4.0 (2009/01/31) Phillip Lougher
Aug 03 18:30:36 witherspoon kernel[972]: [    1.910000] jffs2: version 2.2. (SUMMARY)  © 2001-2006 Red Hat, Inc.
Aug 03 18:30:36 witherspoon kernel[972]: [    1.910000] Block layer SCSI generic (bsg) driver version 0.4 loaded (major 250)
Aug 03 18:30:36 witherspoon kernel[972]: [    1.910000] io scheduler noop registered
Aug 03 18:30:36 witherspoon kernel[972]: [    1.910000] io scheduler deadline registered
Aug 03 18:30:36 witherspoon kernel[972]: [    1.910000] io scheduler cfq registered (default)
Aug 03 18:30:36 witherspoon kernel[972]: [    2.060000] ipmi-bt-host 1e789140.ibt: Found bt bmc device
Aug 03 18:30:36 witherspoon kernel[972]: [    2.060000] ipmi-bt-host 1e789140.ibt: Using IRQ 22
Aug 03 18:30:36 witherspoon kernel[972]: [    2.060000] Serial: 8250/16550 driver, 6 ports, IRQ sharing enabled
Aug 03 18:30:36 witherspoon kernel[972]: [    2.060000] 1e787000.vuart: ttyS0 at MMIO 0x1e787000 (irq = 22, base_baud = 1500000) is a 16550A
Aug 03 18:30:36 witherspoon kernel[972]: [    2.060000] 1e783000.serial: ttyS1 at MMIO 0x1e783000 (irq = 23, base_baud = 1500000) is a 16550A
Aug 03 18:30:36 witherspoon kernel[972]: [    2.060000] 1e78d000.serial: ttyS2 at MMIO 0x1e78d000 (irq = 24, base_baud = 1500000) is a 16550A
Aug 03 18:30:36 witherspoon kernel[972]: [    2.060000] 1e784000.serial: ttyS4 at MMIO 0x1e784000 (irq = 25, base_baud = 1500000) is a 16550A
Aug 03 18:30:36 witherspoon kernel[972]: [    2.420000] console [ttyS4] enabled
Aug 03 18:30:36 witherspoon kernel[972]: [    2.600000] timeriomem_rng 1e6e2078.hwrng: 32bits from 0xf00e2078 @ 1us
Aug 03 18:30:36 witherspoon kernel[972]: [    2.610000] random: fast init done
Aug 03 18:30:36 witherspoon kernel[972]: [    2.650000] brd: module loaded
Aug 03 18:30:36 witherspoon kernel[972]: [    2.660000] random: crng init done
Aug 03 18:30:36 witherspoon kernel[972]: [    2.680000] loop: module loaded
Aug 03 18:30:36 witherspoon kernel[972]: [    2.690000] aspeed-lpc-ctrl 1e789080.lpc-ctrl: Loaded at 0x98000000 (0x04000000)
Aug 03 18:30:36 witherspoon kernel[972]: [    2.700000] aspeed-smc 1e620000.flash-controller: Using IRQ 18
Aug 03 18:30:36 witherspoon kernel[972]: [    2.700000] aspeed-smc 1e620000.flash-controller: DMA support disabled.
Aug 03 18:30:36 witherspoon kernel[972]: [    2.710000] aspeed-smc 1e620000.flash-controller: mx25l25635e (32768 Kbytes)
Aug 03 18:30:36 witherspoon kernel[972]: [    2.710000] aspeed-smc 1e620000.flash-controller: CE0 window [ 0x20000000 - 0x22000000 ] 32MB
Aug 03 18:30:36 witherspoon kernel[972]: [    2.710000] aspeed-smc 1e620000.flash-controller: CE1 window [ 0x22000000 - 0x2a000000 ] 128MB
Aug 03 18:30:36 witherspoon kernel[972]: [    2.740000] 5 ofpart partitions found on MTD device bmc
Aug 03 18:30:36 witherspoon kernel[972]: [    2.740000] Creating 5 MTD partitions on "bmc":
Aug 03 18:30:36 witherspoon kernel[972]: [    2.750000] 0x000000000000-0x000000060000 : "u-boot"
Aug 03 18:30:36 witherspoon kernel[972]: [    2.750000] 0x000000060000-0x000000080000 : "u-boot-env"
Aug 03 18:30:36 witherspoon kernel[972]: [    2.770000] 0x000000080000-0x0000004c0000 : "kernel"
Aug 03 18:30:36 witherspoon kernel[972]: [    2.780000] 0x0000004c0000-0x000001c00000 : "rofs"
Aug 03 18:30:36 witherspoon kernel[972]: [    2.790000] 0x000001c00000-0x000002000000 : "rwfs"
Aug 03 18:30:36 witherspoon kernel[972]: [    2.800000] aspeed-smc 1e620000.flash-controller: mx25l25635e (32768 Kbytes)
Aug 03 18:30:36 witherspoon kernel[972]: [    2.810000] aspeed-smc 1e620000.flash-controller: CE1 window [ 0x22000000 - 0x24000000 ] 32MB
Aug 03 18:30:36 witherspoon kernel[972]: [    2.810000] aspeed-smc 1e620000.flash-controller: CE2 window [ 0x24000000 - 0x2c000000 ] 128MB
Aug 03 18:30:36 witherspoon kernel[972]: [    2.830000] aspeed-smc 1e630000.flash-controller: mx66l1g45g (131072 Kbytes)
Aug 03 18:30:36 witherspoon kernel[972]: [    2.840000] aspeed-smc 1e630000.flash-controller: CE0 window resized to 120MB (AST2500 HW quirk)
Aug 03 18:30:36 witherspoon kernel[972]: [    2.840000] aspeed-smc 1e630000.flash-controller: CE0 window [ 0x30000000 - 0x37800000 ] 120MB
Aug 03 18:30:36 witherspoon kernel[972]: [    2.860000] aspeed-smc 1e630000.flash-controller: CE0 window too small for chip 128MB
Aug 03 18:30:43 witherspoon systemd[1]: Started Phosphor Log Manager.
Aug 03 18:30:36 witherspoon kernel[972]: [    2.860000] aspeed-smc 1e630000.flash-controller: CE1 window [ 0x37800000 - 0x38000000 ] 8MB
Aug 03 18:30:43 witherspoon systemd[1]: Started Avahi mDNS/DNS-SD Stack.
Aug 03 18:30:36 witherspoon kernel[972]: [    3.630000] libphy: Fixed MDIO Bus: probed
Aug 03 18:30:43 witherspoon systemd[1]: Started Phosphor Settings Daemon.
Aug 03 18:30:36 witherspoon kernel[972]: [    3.630000] ftgmac100 1e660000.ethernet: Read MAC address 70:e2:84:14:28:a9 from chip
Aug 03 18:30:36 witherspoon kernel[972]: [    3.630000] ftgmac100 1e660000.ethernet: Using NCSI interface
Aug 03 18:30:36 witherspoon kernel[972]: [    3.630000] ftgmac100 1e660000.ethernet eth0: irq 20, mapped at f0060000
Aug 03 18:30:36 witherspoon kernel[972]: [    3.630000] ehci_hcd: USB 2.0 'Enhanced' Host Controller (EHCI) Driver
Aug 03 18:30:36 witherspoon kernel[972]: [    3.630000] ehci-platform: EHCI generic platform driver
Aug 03 18:30:36 witherspoon kernel[972]: [    3.840000]  fsi0: can't read slave 00:00 -5
Aug 03 18:30:36 witherspoon kernel[972]: [    3.840000] i2c /dev entries driver
Aug 03 18:30:36 witherspoon kernel[972]: [    3.840000] aspeed-i2c-bus 1e78a0c0.i2c-bus: i2c bus 2 registered, irq 26
Aug 03 18:30:36 witherspoon kernel[972]: [    3.840000] aspeed-i2c-bus 1e78a100.i2c-bus: i2c bus 3 registered, irq 27
Aug 03 18:30:36 witherspoon kernel[972]: [    3.840000] aspeed-i2c-bus 1e78a140.i2c-bus: i2c bus 4 registered, irq 28
Aug 03 18:30:36 witherspoon kernel[972]: [    3.840000] aspeed-i2c-bus 1e78a180.i2c-bus: i2c bus 5 registered, irq 29
Aug 03 18:30:36 witherspoon kernel[972]: [    3.840000] aspeed-i2c-bus 1e78a380.i2c-bus: i2c bus 9 registered, irq 30
Aug 03 18:30:36 witherspoon kernel[972]: [    3.840000] aspeed-i2c-bus 1e78a3c0.i2c-bus: i2c bus 10 registered, irq 31
Aug 03 18:30:36 witherspoon kernel[972]: [    3.840000] rtc-rv8803 11-0032: Voltage low, temperature compensation stopped.
Aug 03 18:30:36 witherspoon kernel[972]: [    3.940000] rtc-rv8803 11-0032: rtc core: registered rx8900 as rtc0
Aug 03 18:30:36 witherspoon kernel[972]: [    3.950000] at24 11-0051: 8192 byte 24c64 EEPROM, writable, 1 bytes/write
Aug 03 18:30:36 witherspoon kernel[972]: [    3.950000] aspeed-i2c-bus 1e78a400.i2c-bus: i2c bus 11 registered, irq 32
Aug 03 18:30:36 witherspoon kernel[972]: [    3.950000] aspeed-i2c-bus 1e78a440.i2c-bus: i2c bus 12 registered, irq 33
Aug 03 18:30:36 witherspoon kernel[972]: [    3.950000] aspeed-i2c-bus 1e78a480.i2c-bus: i2c bus 13 registered, irq 34
Aug 03 18:30:36 witherspoon kernel[972]: [    3.950000] Driver for 1-wire Dallas network protocol.
Aug 03 18:30:36 witherspoon kernel[972]: [    3.950000] lm75 9-004a: hwmon0: sensor 'tmp275'
Aug 03 18:30:36 witherspoon kernel[972]: [    4.800000] ucd9000 11-0064: Device ID UCD90160|2.3.4.0000|110603
Aug 03 18:30:36 witherspoon kernel[972]: [    5.130000] leds-pca955x 3-0060: leds-pca955x: Using pca9552 16-bit LED driver at slave address 0x60
Aug 03 18:30:36 witherspoon kernel[972]: [    5.150000] leds-pca955x 11-0060: leds-pca955x: Using pca9552 16-bit LED driver at slave address 0x60
Aug 03 18:30:36 witherspoon kernel[972]: [    5.160000] leds-pca955x 11-0060: gpios 264...279
Aug 03 18:30:36 witherspoon kernel[972]: [    5.170000] usbcore: registered new interface driver usbhid
Aug 03 18:30:36 witherspoon kernel[972]: [    5.170000] usbhid: USB HID core driver
Aug 03 18:30:36 witherspoon kernel[972]: [    5.200000] dps310 3-0076: iio:device1: sensor 'dps310'
Aug 03 18:30:36 witherspoon kernel[972]: [    5.200000] NET: Registered protocol family 10
Aug 03 18:30:36 witherspoon kernel[972]: [    5.210000] Segment Routing with IPv6
Aug 03 18:30:36 witherspoon kernel[972]: [    5.210000] NET: Registered protocol family 17
Aug 03 18:30:36 witherspoon kernel[972]: [    5.210000] 8021q: 802.1Q VLAN Support v1.8
Aug 03 18:30:36 witherspoon kernel[972]: [    5.230000] console [netcon0] enabled
Aug 03 18:30:36 witherspoon kernel[972]: [    5.230000] netconsole: network logging started
Aug 03 18:30:36 witherspoon kernel[972]: [    5.230000] input: gpio-keys as /devices/platform/gpio-keys/input/input0
Aug 03 18:30:36 witherspoon kernel[972]: [    5.230000] rtc-rv8803 11-0032: setting system clock to 2017-08-03 18:30:04 UTC (1501785004)
Aug 03 18:30:36 witherspoon kernel[972]: [    5.230000] Freeing unused kernel memory: 284K
Aug 03 18:30:36 witherspoon kernel[972]: [    5.230000] This architecture does not have kernel memory protection.
Aug 03 18:30:36 witherspoon kernel[972]: [    7.030000] jffs2: notice: (526) jffs2_build_xattr_subsystem: complete building xattr subsystem, 0 of xdatum (0 unchecked, 0 orphan) and 0 of xref (0 dead, 0 orphan) found.
Aug 03 18:30:36 witherspoon kernel[972]: [    9.210000] systemd[1]: Failed to insert module 'autofs4': No such file or directory
Aug 03 18:30:36 witherspoon kernel[972]: [    9.210000] systemd[1]: systemd 232 running in system mode. (+PAM -AUDIT -SELINUX -IMA -APPARMOR -SMACK +SYSVINIT -UTMP -LIBCRYPTSETUP -GCRYPT -GNUTLS +ACL +XZ -LZ4 -SECCOMP +BLKID -ELFUTILS +KMOD -IDN)
Aug 03 18:30:36 witherspoon kernel[972]: [    9.210000] systemd[1]: Detected architecture arm.
Aug 03 18:30:36 witherspoon kernel[972]: [    9.440000] systemd[1]: Set hostname to <witherspoon>.
Aug 03 18:30:36 witherspoon kernel[972]: [   10.490000] systemd[1]: [/lib/systemd/system/obmc-flash-bios-updatesymlinks.service:9] Unknown lvalue 'WantedBy' in section 'Service'
Aug 03 18:30:36 witherspoon kernel[972]: [   11.220000] systemd[1]: Listening on Journal Socket.
Aug 03 18:30:36 witherspoon kernel[972]: [   11.220000] systemd[1]: Listening on udev Control Socket.
Aug 03 18:30:36 witherspoon kernel[972]: [   11.390000] systemd[1]: Listening on /dev/initctl Compatibility Named Pipe.
Aug 03 18:30:36 witherspoon kernel[972]: [   11.560000] systemd[1]: Reached target Remote File Systems.
Aug 03 18:30:36 witherspoon kernel[972]: [   11.740000] systemd[1]: Started Forward Password Requests to Wall Directory Watch.
Aug 03 18:30:36 witherspoon kernel[972]: [   11.930000] systemd[1]: Reached target Swap.
Aug 03 18:30:36 witherspoon kernel[972]: [   14.420000] systemd[1]: Created slice system-phosphor\x2ddiscover\x2dsystem\x2dstate.slice.
Aug 03 18:30:36 witherspoon kernel[972]: [   14.690000] systemd[1]: Starting udev Coldplug all Devices...
Aug 03 18:30:36 witherspoon kernel[972]: [   14.960000] systemd[1]: Mounting Temporary Directory...
Aug 03 18:30:36 witherspoon kernel[972]: [   15.240000] systemd[1]: Created slice system-org.openbmc.buttons.reset.slice.
Aug 03 18:30:36 witherspoon kernel[972]: [   15.240000] systemd[1]: Starting Remount Root and Kernel File Systems...
Aug 03 18:30:36 witherspoon kernel[972]: [   15.530000] systemd[1]: Mounting Debug File System...
Aug 03 18:30:36 witherspoon kernel[972]: [   15.820000] systemd[1]: Created slice system-mapper\x2dwait.slice.
Aug 03 18:30:36 witherspoon kernel[972]: [   16.120000] systemd[1]: Created slice system-serial\x2dgetty.slice.
Aug 03 18:30:36 witherspoon kernel[972]: [   16.430000] systemd[1]: Created slice system-org.openbmc.control.Chassis.slice.
Aug 03 18:30:36 witherspoon kernel[972]: [   16.740000] systemd[1]: Created slice system-getty.slice.
Aug 03 18:30:36 witherspoon kernel[972]: [   19.490000] systemd[1]: Created slice system-phosphor\x2dreset\x2dhost\x2dcheck.slice.
Aug 03 18:30:36 witherspoon kernel[972]: [   19.860000] systemd[1]: Created slice system-org.openbmc.control.Power.slice.
Aug 03 18:30:36 witherspoon kernel[972]: [   20.240000] systemd[1]: Reached target Slices.
Aug 03 18:30:36 witherspoon kernel[972]: [   20.630000] systemd[1]: Created slice system-phosphor\x2dreset\x2dhost\x2drunning.slice.
Aug 03 18:30:36 witherspoon kernel[972]: [   21.020000] systemd[1]: Mounted Debug File System.
Aug 03 18:30:36 witherspoon kernel[972]: [   21.420000] systemd[1]: Mounted Temporary Directory.
Aug 03 18:30:36 witherspoon kernel[972]: [   21.830000] systemd[1]: Started Journal Service.
Aug 03 18:30:36 witherspoon kernel[972]: [   24.410000] systemd-journald[657]: Received request to flush runtime journal from PID 1
Aug 03 18:30:37 witherspoon kernel[972]: [   38.200000] ubi7: default fastmap pool size: 100
Aug 03 18:30:37 witherspoon kernel[972]: [   38.200000] ubi7: default fastmap WL pool size: 50
Aug 03 18:30:37 witherspoon kernel[972]: [   38.200000] ubi7: attaching mtd7
Aug 03 18:30:37 witherspoon kernel[972]: [   38.200000] ubi7: scanning is finished
Aug 03 18:30:37 witherspoon kernel[972]: [   38.200000] ubi7 error: ubi_read_volume_table: the layout volume was not found
Aug 03 18:30:37 witherspoon kernel[972]: [   38.200000] ubi7 error: ubi_attach_mtd_dev: failed to attach mtd7, error -22
Aug 03 18:30:42 witherspoon avahi-daemon[971]: Found user 'avahi' (UID 998) and group 'avahi' (GID 999).
Aug 03 18:30:42 witherspoon avahi-daemon[971]: Successfully dropped root privileges.
Aug 03 18:30:42 witherspoon avahi-daemon[971]: avahi-daemon 0.6.32 starting up.
Aug 03 18:30:43 witherspoon avahi-daemon[971]: Successfully called chroot().
Aug 03 18:30:43 witherspoon systemd[1]: Started Phosphor IPMI BT DBus Bridge.
Aug 03 18:30:43 witherspoon avahi-daemon[971]: Successfully dropped remaining capabilities.
Aug 03 18:30:43 witherspoon avahi-daemon[971]: Loading service file /services/obmc_console.service.
Aug 03 18:30:43 witherspoon avahi-daemon[971]: Loading service file /services/phosphor_rest.service.
Aug 03 18:30:43 witherspoon avahi-daemon[971]: Loading service file /services/sftp-ssh.service.
Aug 03 18:30:43 witherspoon avahi-daemon[971]: Loading service file /services/sftp.service.
Aug 03 18:30:43 witherspoon avahi-daemon[971]: Loading service file /services/ssh.service.
Aug 03 18:30:43 witherspoon avahi-daemon[971]: Network interface enumeration completed.
Aug 03 18:30:43 witherspoon avahi-daemon[971]: Server startup complete. Host name is witherspoon.local. Local service cookie is 1847996616.
Aug 03 18:30:43 witherspoon avahi-daemon[971]: Service "witherspoon" (/services/ssh.service) successfully established.
Aug 03 18:30:43 witherspoon avahi-daemon[971]: Service "sftp" (/services/sftp.service) successfully established.
Aug 03 18:30:43 witherspoon avahi-daemon[971]: Service "witherspoon" (/services/sftp-ssh.service) successfully established.
Aug 03 18:30:43 witherspoon avahi-daemon[971]: Service "phosphor_rest" (/services/phosphor_rest.service) successfully established.
Aug 03 18:30:43 witherspoon avahi-daemon[971]: Service "obmc_console" (/services/obmc_console.service) successfully established.
Aug 03 18:30:44 witherspoon systemd[1]: Starting Network Service...
Aug 03 18:30:47 witherspoon avahi-daemon[971]: Joining mDNS multicast group on interface eth0.IPv4 with address 9.3.21.61.
Aug 03 18:30:44 witherspoon systemd[1]: Reached target Containers.
Aug 03 18:30:47 witherspoon avahi-daemon[971]: New relevant interface eth0.IPv4 for mDNS.
Aug 03 18:30:44 witherspoon systemd[1]: Started System Logging Service.
Aug 03 18:30:47 witherspoon avahi-daemon[971]: Registering new address record for 9.3.21.61 on eth0.IPv4.
Aug 03 18:30:44 witherspoon systemd[1]: Started Phosphor sysfs LED controller.
Aug 03 18:30:44 witherspoon systemd[1]: Starting Phosphor Dump Manager...
Aug 03 18:30:45 witherspoon systemd[1]: Started Phosphor sysfs LED controller.
Aug 03 18:30:45 witherspoon systemd[1]: Started Remount the squashfs and ubi volumes after a reboot.
Aug 03 18:30:45 witherspoon systemd[1]: Started Updates symlinks for active PNOR version.
Aug 03 18:30:45 witherspoon systemd[1]: Started Clear one time boot overrides.
Aug 03 18:30:45 witherspoon systemd[1]: Started Phosphor Inventory Manager.
Aug 03 18:30:45 witherspoon systemd[1]: Started Phosphor Download Manager.
Aug 03 18:30:45 witherspoon systemd[1]: Started Phosphor LED Group Management Daemon.
Aug 03 18:30:45 witherspoon systemd[1]: Starting OpenPower Software Update Manager...
Aug 03 18:30:45 witherspoon systemd[1]: Started OpenBMC Software Update Manager.
Aug 03 18:30:46 witherspoon systemd[1]: Started Phosphor BMC0 Control.
Aug 03 18:30:46 witherspoon systemd-networkd[999]: Could not create runtime directory: File exists
Aug 03 18:30:46 witherspoon systemd-networkd[999]: Could not create runtime directory 'links': File exists
Aug 03 18:30:46 witherspoon systemd-networkd[999]: Could not create runtime directory 'leases': File exists
Aug 03 18:30:46 witherspoon systemd[1]: Started Phosphor Dump Manager.
Aug 03 18:30:46 witherspoon systemd[1]: Started OpenPower Software Update Manager.
Aug 03 18:30:46 witherspoon systemd[1]: Starting Phosphor Version Software Manager...
Aug 03 18:30:46 witherspoon systemd[1]: Mounting /usr/local...
Aug 03 18:30:46 witherspoon systemd[1]: Started Phosphor MBOX Daemon.
Aug 03 18:30:48 witherspoon obmc-flash-bios[1014]: grep: /sys/class/ubi/ubi?/subsystem/ubi*/name: No such file or directory
Aug 03 18:30:48 witherspoon avahi-daemon[971]: Joining mDNS multicast group on interface eth0.IPv6 with address fe80::72e2:84ff:fe14:28a9.
Aug 03 18:30:46 witherspoon systemd[1]: Mounted /usr/local.
Aug 03 18:30:48 witherspoon avahi-daemon[971]: New relevant interface eth0.IPv6 for mDNS.
Aug 03 18:30:46 witherspoon systemd[1]: Starting Create a ubi volume for pnor patches...
Aug 03 18:30:48 witherspoon avahi-daemon[971]: Registering new address record for fe80::72e2:84ff:fe14:28a9 on eth0.*.
Aug 03 18:30:47 witherspoon systemd-networkd[999]: Enumeration completed
Aug 03 18:30:47 witherspoon systemd-networkd[999]: eth0: IPv6 enabled for interface: Success
Aug 03 18:30:49 witherspoon obmc-flash-bios[1014]: libubi: error!: cannot get information about "/dev/ubi7"
Aug 03 18:30:49 witherspoon obmc-flash-bios[1014]:         error 2 (No such file or directory)
Aug 03 18:30:49 witherspoon obmc-flash-bios[1014]: ubimkvol: error!: error while probing "/dev/ubi7"
Aug 03 18:30:49 witherspoon obmc-flash-bios[1014]:           error 2 (No such file or directory)
Aug 03 18:30:47 witherspoon systemd-networkd[999]: eth0: Gained carrier
Aug 03 18:30:49 witherspoon obmc-flash-bios[1014]: mount: unknown filesystem type 'ubifs'
Aug 03 18:30:47 witherspoon systemd-timesyncd[902]: Network configuration changed, trying to establish connection.
Aug 03 18:30:49 witherspoon obmc-flash-bios[1014]: /usr/sbin/obmc-flash-bios: error 32
Aug 03 18:30:47 witherspoon systemd[1]: Started Network Service.
Aug 03 18:30:48 witherspoon systemd-networkd[999]: eth0: Gained IPv6LL
Aug 03 18:30:48 witherspoon systemd[1]: Reached target Network.
Aug 03 18:30:48 witherspoon systemd[1]: Started Lightweight SLP Server.
Aug 03 18:30:48 witherspoon systemd[1]: Starting Permit User Sessions...
Aug 03 18:30:50 witherspoon mboxd[1012]: terminate called after throwing an instance of 'sdbusplus::xyz::openbmc_project::Common::Error::InternalFailure'
Aug 03 18:30:50 witherspoon mboxd[1012]:   what():  xyz.openbmc_project.Common.Error.InternalFailure: The operation failed internally.
Aug 03 18:30:48 witherspoon systemd[1]: Started Phosphor Version Software Manager.
Aug 03 18:30:50 witherspoon mboxd[1012]: [ 1501785049.905647967] Partition HBB not found
Aug 03 18:30:49 witherspoon systemd[1]: Started Permit User Sessions.
Aug 03 18:30:49 witherspoon systemd[1]: obmc-flash-bios-ubipatch.service: Main process exited, code=exited, status=32/n/a
Aug 03 18:30:49 witherspoon systemd[1]: Failed to start Create a ubi volume for pnor patches.
Aug 03 18:30:49 witherspoon systemd[1]: obmc-flash-bios-ubipatch.service: Unit entered failed state.
Aug 03 18:30:49 witherspoon systemd[1]: obmc-flash-bios-ubipatch.service: Failed with result 'exit-code'.
Aug 03 18:30:49 witherspoon systemd[1]: Started Serial Getty on ttyS4.
Aug 03 18:30:49 witherspoon systemd[1]: Reached target Login Prompts.
Aug 03 18:30:49 witherspoon mboxd[1012]: The operation failed internally.
Aug 03 18:30:49 witherspoon systemd[1]: Reached target Multi-User System.
Aug 03 18:30:50 witherspoon systemd[1]: mboxd.service: Main process exited, code=dumped, status=6/ABRT
Aug 03 18:30:50 witherspoon systemd[1]: mboxd.service: Unit entered failed state.
Aug 03 18:30:50 witherspoon systemd[1]: mboxd.service: Failed with result 'core-dump'.
Aug 03 18:30:50 witherspoon systemd[1]: Starting Updates symlinks for active PNOR version...
Aug 03 18:30:50 witherspoon systemd[1]: mboxd.service: Service hold-off time over, scheduling restart.
Aug 03 18:30:50 witherspoon systemd[1]: Stopped Phosphor MBOX Daemon.
Aug 03 18:30:50 witherspoon systemd[1]: Started Phosphor MBOX Daemon.
Aug 03 18:30:50 witherspoon kernel: UBIFS error (pid: 1029): cannot open "ubi7:pnor-patch", error -19
Aug 03 18:30:50 witherspoon kernel: ftgmac100 1e660000.ethernet eth0: NCSI interface up
Aug 03 18:30:50 witherspoon kernel[972]: [   49.810000] UBIFS error (pid: 1029): cannot open "ubi7:pnor-patch", error -19
Aug 03 18:30:50 witherspoon kernel[972]: [   51.610000] ftgmac100 1e660000.ethernet eth0: NCSI interface up
Aug 03 18:30:51 witherspoon mboxd[1037]: The operation failed internally.
Aug 03 18:30:51 witherspoon mboxd[1037]: terminate called after throwing an instance of 'sdbusplus::xyz::openbmc_project::Common::Error::InternalFailure'
Aug 03 18:30:51 witherspoon mboxd[1037]:   what():  xyz.openbmc_project.Common.Error.InternalFailure: The operation failed internally.
Aug 03 18:30:51 witherspoon mboxd[1037]: [ 1501785051.141503159] Partition HBB not found
Aug 03 18:30:51 witherspoon systemd[1]: mboxd.service: Main process exited, code=dumped, status=6/ABRT
Aug 03 18:30:51 witherspoon systemd[1]: mboxd.service: Unit entered failed state.
Aug 03 18:30:51 witherspoon systemd[1]: mboxd.service: Failed with result 'core-dump'.
Aug 03 18:30:51 witherspoon systemd[1]: mboxd.service: Service hold-off time over, scheduling restart.
Aug 03 18:30:51 witherspoon systemd[1]: Stopped Phosphor MBOX Daemon.
Aug 03 18:30:51 witherspoon systemd[1]: Started Phosphor MBOX Daemon.
Aug 03 18:30:52 witherspoon obmc-flash-bios[1035]: '/var/lib/phosphor-software-manager/pnor/ro' -> '/media/pnor-ro-e49bc78e'
Aug 03 18:30:52 witherspoon obmc-flash-bios[1035]: '/var/lib/phosphor-software-manager/pnor/rw' -> '/media/pnor-rw-e49bc78e'
Aug 03 18:30:52 witherspoon systemd[1]: Started Updates symlinks for active PNOR version.
Aug 03 18:30:52 witherspoon mboxd[1042]: The operation failed internally.
Aug 03 18:30:52 witherspoon mboxd[1042]: terminate called after throwing an instance of 'sdbusplus::xyz::openbmc_project::Common::Error::InternalFailure'
Aug 03 18:30:52 witherspoon mboxd[1042]:   what():  xyz.openbmc_project.Common.Error.InternalFailure: The operation failed internally.
Aug 03 18:30:52 witherspoon mboxd[1042]: [ 1501785052.851569826] Partition HBB not found
Aug 03 18:30:52 witherspoon systemd[1]: mboxd.service: Main process exited, code=dumped, status=6/ABRT
Aug 03 18:30:52 witherspoon systemd[1]: mboxd.service: Unit entered failed state.
Aug 03 18:30:52 witherspoon systemd[1]: mboxd.service: Failed with result 'core-dump'.
Aug 03 18:30:52 witherspoon systemd[1]: Starting Updates symlinks for active PNOR version...
Aug 03 18:30:53 witherspoon systemd[1]: mboxd.service: Service hold-off time over, scheduling restart.
Aug 03 18:30:53 witherspoon systemd[1]: Stopped Phosphor MBOX Daemon.
Aug 03 18:30:53 witherspoon systemd[1]: Started Phosphor MBOX Daemon.
Aug 03 18:30:53 witherspoon mboxd[1049]: The operation failed internally.
Aug 03 18:30:53 witherspoon mboxd[1049]: terminate called after throwing an instance of 'sdbusplus::xyz::openbmc_project::Common::Error::InternalFailure'
Aug 03 18:30:53 witherspoon mboxd[1049]:   what():  xyz.openbmc_project.Common.Error.InternalFailure: The operation failed internally.
Aug 03 18:30:53 witherspoon mboxd[1049]: [ 1501785053.514330352] Partition HBB not found
Aug 03 18:30:53 witherspoon systemd[1]: mboxd.service: Main process exited, code=dumped, status=6/ABRT
Aug 03 18:30:54 witherspoon obmc-flash-bios[1047]: '/var/lib/phosphor-software-manager/pnor/ro' -> '/media/pnor-ro-e49bc78e'
Aug 03 18:30:54 witherspoon obmc-flash-bios[1047]: '/var/lib/phosphor-software-manager/pnor/rw' -> '/media/pnor-rw-e49bc78e'
Aug 03 18:30:54 witherspoon systemd[1]: mboxd.service: Unit entered failed state.
Aug 03 18:30:54 witherspoon systemd[1]: mboxd.service: Failed with result 'core-dump'.
Aug 03 18:30:54 witherspoon systemd[1]: Started Updates symlinks for active PNOR version.
Aug 03 18:30:55 witherspoon systemd[1]: mboxd.service: Service hold-off time over, scheduling restart.
Aug 03 18:30:55 witherspoon systemd[1]: Starting Updates symlinks for active PNOR version...
Aug 03 18:30:55 witherspoon systemd[1]: Stopped Phosphor MBOX Daemon.
Aug 03 18:30:55 witherspoon systemd[1]: Started Phosphor MBOX Daemon.
Aug 03 18:30:55 witherspoon mboxd[1059]: The operation failed internally.
Aug 03 18:30:55 witherspoon mboxd[1059]: terminate called after throwing an instance of 'sdbusplus::xyz::openbmc_project::Common::Error::InternalFailure'
Aug 03 18:30:55 witherspoon mboxd[1059]:   what():  xyz.openbmc_project.Common.Error.InternalFailure: The operation failed internally.
Aug 03 18:30:55 witherspoon mboxd[1059]: [ 1501785055.420459806] Partition HBB not found
Aug 03 18:30:55 witherspoon systemd[1]: mboxd.service: Main process exited, code=dumped, status=6/ABRT
Aug 03 18:30:57 witherspoon obmc-flash-bios[1058]: '/var/lib/phosphor-software-manager/pnor/ro' -> '/media/pnor-ro-e49bc78e'
Aug 03 18:30:55 witherspoon systemd[1]: mboxd.service: Unit entered failed state.
Aug 03 18:30:57 witherspoon obmc-flash-bios[1058]: '/var/lib/phosphor-software-manager/pnor/rw' -> '/media/pnor-rw-e49bc78e'
Aug 03 18:30:55 witherspoon systemd[1]: mboxd.service: Failed with result 'core-dump'.
Aug 03 18:30:55 witherspoon systemd[1]: mboxd.service: Service hold-off time over, scheduling restart.
Aug 03 18:30:55 witherspoon systemd[1]: Stopped Phosphor MBOX Daemon.
Aug 03 18:30:55 witherspoon systemd[1]: mboxd.service: Start request repeated too quickly.
Aug 03 18:30:55 witherspoon systemd[1]: Failed to start Phosphor MBOX Daemon.
Aug 03 18:30:55 witherspoon systemd[1]: mboxd.service: Unit entered failed state.
Aug 03 18:30:55 witherspoon systemd[1]: mboxd.service: Failed with result 'core-dump'.
Aug 03 18:30:55 witherspoon systemd[1]: Started Updates symlinks for active PNOR version.
Aug 03 18:30:58 witherspoon systemd[1]: Created slice system-dropbear.slice.
Aug 03 18:30:58 witherspoon systemd[1]: Started SSH Per-Connection Server (9.41.165.94:47422).
Aug 03 18:30:58 witherspoon dropbear[1069]: Failed loading /etc/dropbear/dropbear_dss_host_key
Aug 03 18:30:58 witherspoon dropbear[1069]: Failed loading /etc/dropbear/dropbear_ecdsa_host_key
Aug 03 18:30:58 witherspoon dropbear[1069]: Child connection from ::ffff:9.41.165.94:47422
Aug 03 18:31:01 witherspoon systemd-networkd[999]: eth0: Configured
Aug 03 18:31:01 witherspoon systemd-timesyncd[902]: Network configuration changed, trying to establish connection.
Aug 03 18:31:03 witherspoon systemd[1]: Started Phosphor Chassis0 Control.
Aug 03 18:31:03 witherspoon chassis_control.py[975]: Running ChassisControlService
Aug 03 18:31:04 witherspoon dropbear[1069]: PAM password auth succeeded for 'root' from ::ffff:9.41.165.94:47422
Aug 03 18:31:04 witherspoon dropbear[1070]: lastlog_perform_login: Couldn't stat /var/log/lastlog: No such file or directory
Aug 03 18:31:04 witherspoon dropbear[1070]: lastlog_openseek: /var/log/lastlog is not a file or directory!
Aug 03 18:31:04 witherspoon sensor_manager2.py[964]: Setting boot count to 3
Aug 03 18:31:04 witherspoon systemd[1]: Started Phosphor Sensor Manager.
Aug 03 18:31:04 witherspoon sensor_manager2.py[964]: Starting sensor manager
Aug 03 18:31:04 witherspoon systemd[1]: Started Phosphor Download Manager.
Aug 03 18:31:04 witherspoon download_manager.py[980]: Running Download Manager
Aug 03 18:31:05 witherspoon inventory_items.py[963]: Loading from cache: /var/cache/obmc/org.openbmc.inventory.system.chassis.motherboard.apss@org.openbmc.InventoryItem.props
Aug 03 18:31:06 witherspoon inventory_items.py[963]: Loading from cache: /var/cache/obmc/org.openbmc.inventory.system.chassis.motherboard@org.openbmc.InventoryItem.props
Aug 03 18:31:06 witherspoon inventory_items.py[963]: Loading from cache: /var/cache/obmc/org.openbmc.inventory.system.chassis.motherboard.refclock@org.openbmc.InventoryItem.props
Aug 03 18:31:06 witherspoon inventory_items.py[963]: Loading from cache: /var/cache/obmc/org.openbmc.inventory.system.chassis.motherboard.todclock@org.openbmc.InventoryItem.props
Aug 03 18:31:06 witherspoon inventory_items.py[963]: Loading from cache: /var/cache/obmc/org.openbmc.inventory.system.chassis.motherboard.bmc@org.openbmc.InventoryItem.props
Aug 03 18:31:06 witherspoon inventory_items.py[963]: Caching: /org/openbmc/inventory/system/chassis/motherboard/bmc
Aug 03 18:31:06 witherspoon systemd[1]: Started Phosphor Inventory Manager.
Aug 03 18:31:07 witherspoon phosphor-mapper[948]: ObjectMapper startup complete.  Discovery in progress...
Aug 03 18:31:07 witherspoon inventory_items.py[963]: Loading from cache: /var/cache/obmc/org.openbmc.inventory.system.chassis.motherboard.pcieclock@org.openbmc.InventoryItem.props
Aug 03 18:31:07 witherspoon inventory_items.py[963]: Running Inventory Manager
Aug 03 18:31:07 witherspoon netman.py[957]: Started
Aug 03 18:31:07 witherspoon systemd[1]: Started Phosphor Network Manager.
Aug 03 18:31:07 witherspoon systemd[1]: Started Phosphor User Manager.
Aug 03 18:31:07 witherspoon obmc-phosphor-userd[965]: Started
Aug 03 18:31:07 witherspoon avahi-daemon[997]: ../../avahi-0.6.32/avahi-daemon/chroot.c: open() failed: No such file or directory
Aug 03 18:31:07 witherspoon avahi-daemon[971]: Failed to open /usr/share/dbus-1/interfaces/org.freedesktop.Avahi.Server.xml: Invalid argument
Aug 03 18:31:07 witherspoon avahi-daemon[971]: Failed to load introspection data.
Aug 03 18:31:16 witherspoon phosphor-mapper[948]: ObjectMapper discovery complete
Aug 03 18:31:16 witherspoon systemd[1]: Started Phosphor DBus Service Discovery Manager.
Aug 03 18:31:16 witherspoon systemd[1]: Started Phosphor Hwmon Poller.
Aug 03 18:31:16 witherspoon systemd[1]: Started Phosphor Hwmon Poller.
Aug 03 18:31:16 witherspoon systemd[1]: Started Phosphor Hwmon Poller.
Aug 03 18:31:16 witherspoon systemd[1]: Started Phosphor Hwmon Poller.
Aug 03 18:31:16 witherspoon systemd[1]: Started Phosphor Hwmon Poller.
Aug 03 18:31:16 witherspoon systemd[1]: Reached target Phosphor Object Mapper.
Aug 03 18:31:16 witherspoon systemd[1]: Starting Wait for /org/openbmc/control/power0...
Aug 03 18:31:16 witherspoon systemd[1]: Starting Wait for /xyz/openbmc_project/time/sync_method...
Aug 03 18:31:16 witherspoon systemd[1]: Starting Wait for /xyz/openbmc_project/led/groups/bmc_booted...
Aug 03 18:31:16 witherspoon systemd[1]: Starting Wait for /xyz/openbmc_project/state/chassis0...
Aug 03 18:31:16 witherspoon systemd[1]: Starting Phosphor Network Manager...
Aug 03 18:31:16 witherspoon systemd[1]: Starting Wait for /xyz/openbmc_project/control/host0/boot_mode...
Aug 03 18:31:16 witherspoon systemd[1]: Starting Wait for /xyz/openbmc_project/control/host0/auto_reboot...
Aug 03 18:31:16 witherspoon systemd[1]: Starting Phosphor Settings Manager...
Aug 03 18:31:16 witherspoon systemd[1]: Starting Wait for /org/openbmc/control/flash/bios...
Aug 03 18:31:16 witherspoon systemd[1]: Starting Phoshpor System Manager...
Aug 03 18:31:16 witherspoon systemd[1]: Starting Wait for /xyz/openbmc_project/inventory...
Aug 03 18:31:16 witherspoon systemd[1]: Started Phosphor DBus Monitor.
Aug 03 18:31:16 witherspoon systemd[1]: Reached target Webserver (pre).
Aug 03 18:31:16 witherspoon systemd[1]: Started Phosphor Webserver.
Aug 03 18:31:16 witherspoon systemd[1]: Starting Wait for /xyz/openbmc_project/control/host0/boot_source...
Aug 03 18:31:16 witherspoon systemd[1]: Starting Wait for /xyz/openbmc_project/control/host0/restriction_mode...
Aug 03 18:31:16 witherspoon systemd[1]: Starting Wait for /xyz/openbmc_project/led/groups...
Aug 03 18:31:16 witherspoon systemd[1]: Starting Wait for /xyz/openbmc_project/control/host0...
Aug 03 18:31:16 witherspoon systemd[1]: Starting Wait for /xyz/openbmc_project/time/owner...
Aug 03 18:31:16 witherspoon systemd[1]: Starting Wait for /org/openbmc/managers/Download...
Aug 03 18:31:18 witherspoon phosphor-network-manager[1085]: ConfigParser: Section not found
Aug 03 18:31:18 witherspoon phosphor-network-manager[1085]: The operation failed internally.
Aug 03 18:31:19 witherspoon phosphor-network-manager[1085]: ConfigParser: Section not found
Aug 03 18:31:19 witherspoon phosphor-network-manager[1085]: The operation failed internally.
Aug 03 18:31:19 witherspoon phosphor-network-manager[1085]: ConfigParser: Key not found
Aug 03 18:31:19 witherspoon phosphor-network-manager[1085]: The operation failed internally.
Aug 03 18:31:19 witherspoon systemd[1]: Starting Wait for /org/openbmc/NetworkManager/Interface...
Aug 03 18:31:19 witherspoon systemd[1]: Starting Wait for /org/openbmc/control/bmc0...
Aug 03 18:31:19 witherspoon systemd[1]: Starting Wait for /xyz/openbmc_project/control/host0/power_restore_policy...
Aug 03 18:31:19 witherspoon systemd[1]: Starting Wait for /xyz/openbmc_project/state/host0...
Aug 03 18:31:19 witherspoon systemd[1]: Starting Wait for /org/openbmc/managers/System...
Aug 03 18:31:19 witherspoon systemd[1]: Started Phosphor Hwmon Poller.
Aug 03 18:31:21 witherspoon systemd[1]: Started Wait for /xyz/openbmc_project/time/sync_method.
Aug 03 18:31:21 witherspoon systemd[1]: Started Wait for /xyz/openbmc_project/led/groups/bmc_booted.
Aug 03 18:31:21 witherspoon systemd[1]: Started Wait for /xyz/openbmc_project/control/host0/auto_reboot.
Aug 03 18:31:21 witherspoon systemd[1]: Started Wait for /xyz/openbmc_project/inventory.
Aug 03 18:31:21 witherspoon systemd[1]: Started Phosphor Cooling Type.
Aug 03 18:31:21 witherspoon systemd[1]: Started Phosphor GPIO 1 Presence.
Aug 03 18:31:21 witherspoon systemd[1]: Started Phosphor GPIO 0 Presence.
Aug 03 18:31:21 witherspoon systemd[1]: Starting Read OpenPOWER-format VPD from EEPROM...
Aug 03 18:31:21 witherspoon systemd[1]: Starting OpenPOWER OCC controller...
Aug 03 18:31:21 witherspoon systemd[1]: Started Wait for /xyz/openbmc_project/control/host0/boot_source.
Aug 03 18:31:21 witherspoon systemd[1]: Started Wait for /xyz/openbmc_project/control/host0/restriction_mode.
Aug 03 18:31:21 witherspoon systemd[1]: Started Wait for /xyz/openbmc_project/led/groups.
Aug 03 18:31:21 witherspoon systemd[1]: Started FRU Fault monitor service.
Aug 03 18:31:22 witherspoon systemd[1]: Started Wait for /xyz/openbmc_project/control/host0/boot_mode.
Aug 03 18:31:23 witherspoon phosphor-gpio-presence[1111]: Updating inventory present property
Aug 03 18:31:23 witherspoon phosphor-gpio-presence[1110]: Updating inventory present property
Aug 03 18:31:24 witherspoon phosphor-log-manager[958]: Failed to find metadata
Aug 03 18:31:24 witherspoon phosphor-fru-fault-monitor[1114]: /xyz/openbmc_project/logging/entry/1
Aug 03 18:31:25 witherspoon systemd[1]: Started Wait for /org/openbmc/managers/Download.
Aug 03 18:31:25 witherspoon systemd[1]: Starting Phosphor BIOS Code Update...
Aug 03 18:31:25 witherspoon systemd[1]: Started Wait for /xyz/openbmc_project/time/owner.
Aug 03 18:31:25 witherspoon systemd[1]: Started Wait for /org/openbmc/NetworkManager/Interface.
Aug 03 18:31:25 witherspoon systemd[1]: Started Phosphor DNS Settings Cache Manager.
Aug 03 18:31:25 witherspoon systemd[1]: Started Wait for /org/openbmc/control/bmc0.
Aug 03 18:31:25 witherspoon systemd[1]: Starting Phosphor BMC Code Update...
Aug 03 18:31:25 witherspoon systemd[1]: Started Wait for /xyz/openbmc_project/control/host0/power_restore_policy.
Aug 03 18:31:29 witherspoon dbus[981]: [system] Activating via systemd: service name='org.freedesktop.hostname1' unit='dbus-org.freedesktop.hostname1.service'
Aug 03 18:31:30 witherspoon systemd[1]: Starting Hostname Service...
Aug 03 18:31:30 witherspoon systemd[1]: Started Phosphor BIOS Code Update.
Aug 03 18:31:33 witherspoon system_manager.py[1090]: Running System State: BASE_APPS
Aug 03 18:31:34 witherspoon settings_manager.py[1088]: Running HostSettingsService
Aug 03 18:31:33 witherspoon dbus[981]: [system] Successfully activated service 'org.freedesktop.hostname1'
Aug 03 18:31:33 witherspoon systemd[1]: Started Phosphor Settings Manager.
Aug 03 18:31:34 witherspoon system_manager.py[1090]: SystemManager Init Done
Aug 03 18:31:34 witherspoon system_manager.py[1090]: Running SystemManager
Aug 03 18:31:33 witherspoon systemd[1]: Starting Wait for /org/openbmc/settings/host0...
Aug 03 18:31:33 witherspoon systemd[1]: Started Hostname Service.
Aug 03 18:31:33 witherspoon systemd[1]: Started Phoshpor System Manager.
Aug 03 18:31:33 witherspoon systemd[1]: Started Phosphor Network Manager.
Aug 03 18:31:35 witherspoon systemd[1]: Started OpenPOWER OCC controller.
Aug 03 18:31:36 witherspoon system_manager.py[1090]: SystemManager Goto System State: BMC_STARTING
Aug 03 18:31:36 witherspoon system_manager.py[1090]: Running System State: BMC_STARTING
Aug 03 18:31:37 witherspoon systemd[1]: Started Read OpenPOWER-format VPD from EEPROM.
Aug 03 18:31:38 witherspoon bmc_update.py[1127]: Running Bmc Flash Control
Aug 03 18:31:38 witherspoon systemd[1]: Started Phosphor BMC Code Update.
Aug 03 18:31:44 witherspoon systemd[1]: Started Wait for /org/openbmc/settings/host0.
Aug 03 18:31:44 witherspoon systemd[1]: Started Phosphor Inband IPMI.
Aug 03 18:31:44 witherspoon systemd[1]: Started Wait for /org/openbmc/managers/System.
Aug 03 18:31:44 witherspoon systemd[1]: Starting Phosphor Chassis State Manager...
Aug 03 18:31:44 witherspoon systemd[1]: Starting Phosphor Host State Manager...
Aug 03 18:31:44 witherspoon systemd[1]: Starting Phosphor BMC State Manager...
Aug 03 18:31:44 witherspoon systemd[1]: Starting Phosphor Power0 Control...
Aug 03 18:31:44 witherspoon systemd[1]: Starting Phosphor Power Button0...
Aug 03 18:31:45 witherspoon systemd[1]: Starting Phosphor Reset Button0...
Aug 03 18:31:45 witherspoon systemd[1]: Started Wait for /org/openbmc/control/flash/bios.
Aug 03 18:31:45 witherspoon systemd[1]: Started Initialize BIOS Flash.
Aug 03 18:31:45 witherspoon phosphor-chassis-state-manager[1140]: Initial Chassis State will be Off
Aug 03 18:31:46 witherspoon systemd[1]: Started Phosphor Chassis State Manager.
Aug 03 18:31:46 witherspoon phosphor-bmc-state-manager[1142]: Setting the BMCState field
Aug 03 18:31:46 witherspoon phosphor-bmc-state-manager[1142]: Setting the BMCState field
Aug 03 18:31:46 witherspoon systemd[1]: Started Phosphor BMC State Manager.
Aug 03 18:31:47 witherspoon system_manager.py[1090]: New object: /org/openbmc/control/power0 (:1.87)
Aug 03 18:31:47 witherspoon button_power.exe[1146]: GPIO Lookup:  POWER_BUTTON = 347,both
Aug 03 18:31:47 witherspoon systemd[1]: Started Phosphor Power Button0.
Aug 03 18:31:47 witherspoon button_reset.exe[1147]: GPIO Lookup:  RESET_BUTTON = 353,both
Aug 03 18:31:47 witherspoon systemd[1]: Started Phosphor Reset Button0.
Aug 03 18:31:47 witherspoon system_manager.py[1090]: Power GPIO config: ['SYS_PWROK_BUFF', '', [('SOFTWARE_PGOOD', True), ('BMC_POWER_UP', True)], [('BMC_CP0_RESET_N', False)], [], 'FSI_DATA', 'FSI_CLK', 'FSI_ENABLE', 'CRONUS_SEL', []]
Aug 03 18:31:47 witherspoon power_control.exe[1145]: Power GPIO latch output:
Aug 03 18:31:47 witherspoon power_control.exe[1145]: Power GPIO power good input: SYS_PWROK_BUFF
Aug 03 18:31:47 witherspoon power_control.exe[1145]: Power GPIO 2 power_up outputs
Aug 03 18:31:47 witherspoon power_control.exe[1145]: Power GPIO power_up[0] = SOFTWARE_PGOOD active HIGH
Aug 03 18:31:47 witherspoon power_control.exe[1145]: Power GPIO power_up[1] = BMC_POWER_UP active HIGH
Aug 03 18:31:47 witherspoon power_control.exe[1145]: Power GPIO 1 reset outputs
Aug 03 18:31:47 witherspoon power_control.exe[1145]: Power GPIO reset[0] = BMC_CP0_RESET_N active LOW
Aug 03 18:31:47 witherspoon power_control.exe[1145]: Power GPIO 0 pci reset outputs
Aug 03 18:31:47 witherspoon power_control.exe[1145]: FSI DATA GPIO: FSI_DATA
Aug 03 18:31:47 witherspoon power_control.exe[1145]: FSI CLK GPIO: FSI_CLK
Aug 03 18:31:47 witherspoon power_control.exe[1145]: FSI ENABLE GPIO: FSI_ENABLE
Aug 03 18:31:47 witherspoon power_control.exe[1145]: CRONUS SEL GPIO: CRONUS_SEL
Aug 03 18:31:47 witherspoon power_control.exe[1145]: Hostctl GPIO optionals: 0
Aug 03 18:31:47 witherspoon power_control.exe[1145]: GPIO Lookup:  SYS_PWROK_BUFF = 306,in
Aug 03 18:31:47 witherspoon power_control.exe[1145]: GPIO Lookup:  SOFTWARE_PGOOD = 417,out
Aug 03 18:31:48 witherspoon power_control.exe[1145]: GPIO Lookup:  BMC_POWER_UP = 305,out
Aug 03 18:31:48 witherspoon power_control.exe[1145]: GPIO Lookup:  BMC_CP0_RESET_N = 281,out
Aug 03 18:31:48 witherspoon power_control.exe[1145]: Pgood state: 0
Aug 03 18:31:48 witherspoon systemd[1]: Started Phosphor Power0 Control.
Aug 03 18:31:50 witherspoon phosphor-host-state-manager[1141]: Initial Host State will be Off
Aug 03 18:31:51 witherspoon flash_bios.exe[1122]: Starting flasher: bios,,/org/openbmc/control/flash/bios,
Aug 03 18:31:51 witherspoon flash_bios.exe[1122]: flasher: , BMC = 1, address = 0x0
Aug 03 18:31:51 witherspoon flash_bios.exe[1122]: Setting up flash
Aug 03 18:31:52 witherspoon flash_bios.exe[1122]: Starting flasher: bios,,/org/openbmc/control/flash/bios,
Aug 03 18:31:52 witherspoon flash_bios.exe[1122]: flasher: , BMC = 1, address = 0x0
Aug 03 18:31:52 witherspoon flash_bios.exe[1122]: Setting up flash
Aug 03 18:31:52 witherspoon systemd[1]: Started Phosphor Host State Manager.
Aug 03 18:31:56 witherspoon system_manager.py[1090]: SystemManager Goto System State: BMC_READY
Aug 03 18:31:56 witherspoon system_manager.py[1090]: Running System State: BMC_READY
Aug 03 18:31:56 witherspoon systemd[1]: Started Wait for /xyz/openbmc_project/state/chassis0.
Aug 03 18:31:56 witherspoon systemd[1]: Started Wait for /org/openbmc/control/power0.
Aug 03 18:31:56 witherspoon systemd[1]: Starting Phosphor Time Manager daemon...
Aug 03 18:31:56 witherspoon systemd[1]: Starting Check Chassis0 pgood and create a file to indicate it...
Aug 03 18:31:57 witherspoon systemd[1]: Started Check Chassis0 pgood and create a file to indicate it.
Aug 03 18:31:57 witherspoon systemd[1]: Reached target Chassis0 power on after reset.
Aug 03 18:31:57 witherspoon systemd[1]: Reached target Chassis0 (Reset Check).
Aug 03 18:31:58 witherspoon timemanager[1180]: Registering dbus methods
Aug 03 18:31:58 witherspoon timemanager[1180]: Last known time_mode: NTP
Aug 03 18:31:58 witherspoon timemanager[1180]: Last known time_owner: BMC
Aug 03 18:31:58 witherspoon timemanager[1180]: Empty DhcpNtp string
Aug 03 18:31:58 witherspoon timemanager[1180]: Reading Power Control key: pgood
Aug 03 18:31:58 witherspoon systemd[1]: Started Wait for /xyz/openbmc_project/state/host0.
Aug 03 18:31:58 witherspoon systemd[1]: Starting Reboot If Enabled...
Aug 03 18:31:58 witherspoon systemd[1]: Started Wait for /xyz/openbmc_project/control/host0.
Aug 03 18:31:58 witherspoon systemd[1]: Reached target Host0 running after reset.
Aug 03 18:31:58 witherspoon systemd[1]: Reached target Host0 (Reset Check).
Aug 03 18:31:58 witherspoon timemanager[1180]: Changing settings *allowed* now
Aug 03 18:31:59 witherspoon timemanager[1180]: Owner is already set to : BMC
Aug 03 18:31:59 witherspoon timemanager[1180]: Requested_Mode: NTP Current_Mode: NTP
Aug 03 18:31:59 witherspoon timemanager[1180]: Mode is already set to : NTP
Aug 03 18:31:59 witherspoon timemanager[1180]: Getting System Settings: use_dhcp_ntp
Aug 03 18:31:59 witherspoon phosphor-discover-system-state[1192]: Host power is off, checking power policy
Aug 03 18:31:59 witherspoon systemd[1]: Started Reboot If Enabled.
Aug 03 18:31:59 witherspoon timemanager[1180]: use_dhcp_ntp = yes
Aug 03 18:31:59 witherspoon timemanager[1180]: Last known host_offset:0
Aug 03 18:31:59 witherspoon timemanager[1180]: Initial Uptime Usec: 1501784999246303
Aug 03 18:31:59 witherspoon systemd[1]: Started Phosphor Time Manager daemon.
Aug 03 18:31:59 witherspoon systemd[1]: Reached target Phosphor System - Standby.
Aug 03 18:31:59 witherspoon systemd[1]: Starting Assert bmc_booted LED...
Aug 03 18:31:59 witherspoon phosphor-bmc-state-manager[1142]: BMC_READY
Aug 03 18:31:59 witherspoon phosphor-bmc-state-manager[1142]: Setting the BMCState field
Aug 03 18:32:00 witherspoon phosphor-gevent[1093]: Traceback (most recent call last):
Aug 03 18:32:00 witherspoon phosphor-gevent[1093]:   File "/usr/lib/python2.7/site-packages/gevent/greenlet.py", line 327, in run
Aug 03 18:32:00 witherspoon phosphor-gevent[1093]:     result = self._run(*self.args, **self.kwargs)
Aug 03 18:32:00 witherspoon phosphor-gevent[1093]:   File "/usr/lib/python2.7/site-packages/gevent/server.py", line 102, in wrap_socket_and_handle
Aug 03 18:32:00 witherspoon phosphor-gevent[1093]:     ssl_socket = self.wrap_socket(client_socket, **self.ssl_args)
Aug 03 18:32:00 witherspoon phosphor-gevent[1093]:   File "/usr/lib/python2.7/site-packages/gevent/ssl.py", line 404, in wrap_socket
Aug 03 18:32:00 witherspoon phosphor-gevent[1093]:     ciphers=ciphers)
Aug 03 18:32:00 witherspoon phosphor-gevent[1093]:   File "/usr/lib/python2.7/site-packages/gevent/ssl.py", line 113, in __init__
Aug 03 18:32:00 witherspoon phosphor-gevent[1093]:     self.do_handshake()
Aug 03 18:32:00 witherspoon phosphor-gevent[1093]:   File "/usr/lib/python2.7/site-packages/gevent/ssl.py", line 324, in do_handshake
Aug 03 18:32:00 witherspoon phosphor-gevent[1093]:     return self._sslobj.do_handshake()
Aug 03 18:32:00 witherspoon phosphor-gevent[1093]: SSLEOFError: EOF occurred in violation of protocol (_ssl.c:590)
Aug 03 18:32:00 witherspoon phosphor-gevent[1093]: <Greenlet at 0x75fe73f0: <bound method WSGIServer.wrap_socket_and_handle of <WSGIServer at 0x75fbdb50 fileno=5 address=('::3412:ed76:b0ed:6276%1986194848', 443, 0, 1986194848)>>(<socket at 0x75e94830 fileno=9>, ('::80f9:6076:8e91:f402%1995176732', 35342, 0, 199)> failed with SSLEOFError
Aug 03 18:32:00 witherspoon systemd[1]: Started Assert bmc_booted LED.
Aug 03 18:32:00 witherspoon systemd[1]: Startup finished in 8.971s (kernel) + 1min 52.528s (userspace) = 2min 1.499s.
Aug 03 18:32:01 witherspoon phosphor-gevent[1093]: Traceback (most recent call last):
Aug 03 18:32:01 witherspoon phosphor-gevent[1093]:   File "/usr/lib/python2.7/site-packages/gevent/greenlet.py", line 327, in run
Aug 03 18:32:01 witherspoon phosphor-gevent[1093]:     result = self._run(*self.args, **self.kwargs)
Aug 03 18:32:01 witherspoon phosphor-gevent[1093]:   File "/usr/lib/python2.7/site-packages/gevent/server.py", line 102, in wrap_socket_and_handle
Aug 03 18:32:01 witherspoon phosphor-gevent[1093]:     ssl_socket = self.wrap_socket(client_socket, **self.ssl_args)
Aug 03 18:32:01 witherspoon phosphor-gevent[1093]:   File "/usr/lib/python2.7/site-packages/gevent/ssl.py", line 404, in wrap_socket
Aug 03 18:32:01 witherspoon phosphor-gevent[1093]:     ciphers=ciphers)
Aug 03 18:32:01 witherspoon phosphor-gevent[1093]:   File "/usr/lib/python2.7/site-packages/gevent/ssl.py", line 113, in __init__
Aug 03 18:32:01 witherspoon phosphor-gevent[1093]:     self.do_handshake()
Aug 03 18:32:01 witherspoon phosphor-gevent[1093]:   File "/usr/lib/python2.7/site-packages/gevent/ssl.py", line 324, in do_handshake
Aug 03 18:32:01 witherspoon phosphor-gevent[1093]:     return self._sslobj.do_handshake()
Aug 03 18:32:01 witherspoon phosphor-gevent[1093]: SSLEOFError: EOF occurred in violation of protocol (_ssl.c:590)
Aug 03 18:32:01 witherspoon phosphor-gevent[1093]: <Greenlet at 0x75fe76c0: <bound method WSGIServer.wrap_socket_and_handle of <WSGIServer at 0x75fbdb50 fileno=5 address=('::3412:ed76:b0ed:6276%1986194848', 443, 0, 1986194848)>>(<socket at 0x75e947d0 fileno=10>, ('::80f9:6076:8e91:f402%1995176732', 35362, 0, 199)> failed with SSLEOFError
Aug 03 18:32:01 witherspoon phosphor-gevent[1093]: Traceback (most recent call last):
Aug 03 18:32:01 witherspoon phosphor-gevent[1093]:   File "/usr/lib/python2.7/site-packages/gevent/greenlet.py", line 327, in run
Aug 03 18:32:01 witherspoon phosphor-gevent[1093]:     result = self._run(*self.args, **self.kwargs)
Aug 03 18:32:01 witherspoon phosphor-gevent[1093]:   File "/usr/lib/python2.7/site-packages/gevent/server.py", line 102, in wrap_socket_and_handle
Aug 03 18:32:01 witherspoon phosphor-gevent[1093]:     ssl_socket = self.wrap_socket(client_socket, **self.ssl_args)
Aug 03 18:32:01 witherspoon phosphor-gevent[1093]:   File "/usr/lib/python2.7/site-packages/gevent/ssl.py", line 404, in wrap_socket
Aug 03 18:32:01 witherspoon phosphor-gevent[1093]:     ciphers=ciphers)
Aug 03 18:32:01 witherspoon phosphor-gevent[1093]:   File "/usr/lib/python2.7/site-packages/gevent/ssl.py", line 113, in __init__
Aug 03 18:32:01 witherspoon phosphor-gevent[1093]:     self.do_handshake()
Aug 03 18:32:01 witherspoon phosphor-gevent[1093]:   File "/usr/lib/python2.7/site-packages/gevent/ssl.py", line 324, in do_handshake
Aug 03 18:32:01 witherspoon phosphor-gevent[1093]:     return self._sslobj.do_handshake()
Aug 03 18:32:01 witherspoon phosphor-gevent[1093]: SSLEOFError: EOF occurred in violation of protocol (_ssl.c:590)
Aug 03 18:32:01 witherspoon phosphor-gevent[1093]: <Greenlet at 0x75fe73a0: <bound method WSGIServer.wrap_socket_and_handle of <WSGIServer at 0x75fbdb50 fileno=5 address=('::3412:ed76:b0ed:6276%1986194848', 443, 0, 1986194848)>>(<socket at 0x75e94870 fileno=11>, ('::80f9:6076:8e91:f402%1995176732', 35370, 0, 199)> failed with SSLEOFError
Aug 03 18:32:18 witherspoon phosphor-gevent[1093]: ::80f9:6076:8e91:f402%1995176732 - - [2017-08-03 18:32:18] "POST /login HTTP/1.1" 200 320 0.045572
Aug 03 18:32:18 witherspoon phosphor-gevent[1093]: ::80f9:6076:8e91:f402%1995176732 - - [2017-08-03 18:32:18] "GET /xyz/openbmc_project/state/chassis0//attr/CurrentPowerState HTTP/1.1" 200 216 0.059649
Aug 03 18:32:18 witherspoon phosphor-gevent[1093]: ::80f9:6076:8e91:f402%1995176732 - - [2017-08-03 18:32:18] "POST /login HTTP/1.1" 200 320 0.048146
Aug 03 18:32:18 witherspoon phosphor-gevent[1093]: ::80f9:6076:8e91:f402%1995176732 - - [2017-08-03 18:32:18] "GET /xyz/openbmc_project/state/chassis0//attr/CurrentPowerState HTTP/1.1" 200 216 0.070303
Aug 03 18:32:18 witherspoon phosphor-gevent[1093]: ::80f9:6076:8e91:f402%1995176732 - - [2017-08-03 18:32:18] "POST /login HTTP/1.1" 200 320 0.032646
Aug 03 18:32:18 witherspoon phosphor-gevent[1093]: ::80f9:6076:8e91:f402%1995176732 - - [2017-08-03 18:32:18] "GET /org/openbmc/sensors/host/BootProgress/attr/value HTTP/1.1" 200 170 0.052281
Aug 03 18:32:19 witherspoon phosphor-gevent[1093]: ::80f9:6076:8e91:f402%1995176732 - - [2017-08-03 18:32:19] "POST /login HTTP/1.1" 200 320 0.046290
Aug 03 18:32:19 witherspoon phosphor-gevent[1093]: ::80f9:6076:8e91:f402%1995176732 - - [2017-08-03 18:32:19] "GET /xyz/openbmc_project/state/host0//attr/CurrentHostState HTTP/1.1" 200 212 0.092152
Aug 03 18:32:19 witherspoon phosphor-gevent[1093]: ::80f9:6076:8e91:f402%1995176732 - - [2017-08-03 18:32:19] "POST /login HTTP/1.1" 200 320 0.032780
Aug 03 18:32:19 witherspoon phosphor-gevent[1093]: ::80f9:6076:8e91:f402%1995176732 - - [2017-08-03 18:32:19] "GET /xyz/openbmc_project/logging/entry//list HTTP/1.1" 200 214 0.046661
Aug 03 18:32:19 witherspoon phosphor-gevent[1093]: ::80f9:6076:8e91:f402%1995176732 - - [2017-08-03 18:32:19] "POST /login HTTP/1.1" 200 320 0.046076
Aug 03 18:32:19 witherspoon phosphor-gevent[1093]: ::80f9:6076:8e91:f402%1995176732 - - [2017-08-03 18:32:19] "GET /xyz/openbmc_project/logging/entry//list HTTP/1.1" 200 214 0.060453
Aug 03 18:32:20 witherspoon phosphor-gevent[1093]: ::80f9:6076:8e91:f402%1995176732 - - [2017-08-03 18:32:20] "POST /login HTTP/1.1" 200 320 0.032754
Aug 03 18:32:20 witherspoon phosphor-gevent[1093]: ::80f9:6076:8e91:f402%1995176732 - - [2017-08-03 18:32:20] "DELETE /xyz/openbmc_project/logging/entry/1 HTTP/1.1" 200 169 0.082150
Aug 03 18:32:20 witherspoon systemd[1]: Started SSH Per-Connection Server (9.41.165.94:47486).
Aug 03 18:32:20 witherspoon dropbear[1203]: Failed loading /etc/dropbear/dropbear_dss_host_key
Aug 03 18:32:20 witherspoon dropbear[1203]: Failed loading /etc/dropbear/dropbear_ecdsa_host_key
Aug 03 18:32:20 witherspoon dropbear[1203]: Child connection from ::ffff:9.41.165.94:47486
Aug 03 18:32:20 witherspoon dropbear[1203]: PAM password auth succeeded for 'root' from ::ffff:9.41.165.94:47486
Aug 03 18:32:20 witherspoon dropbear[1204]: lastlog_perform_login: Couldn't stat /var/log/lastlog: No such file or directory
Aug 03 18:32:20 witherspoon dropbear[1204]: lastlog_openseek: /var/log/lastlog is not a file or directory!
Aug 03 18:32:22 witherspoon phosphor-gevent[1093]: ::80f9:6076:8e91:f402%1995176732 - - [2017-08-03 18:32:22] "POST /login HTTP/1.1" 200 320 0.062297
Aug 03 18:32:22 witherspoon phosphor-gevent[1093]: ::80f9:6076:8e91:f402%1995176732 - - [2017-08-03 18:32:22] "GET /xyz/openbmc_project/state/host0//attr/CurrentHostState HTTP/1.1" 200 212 0.106809
Aug 03 18:32:22 witherspoon dropbear[1069]: Exit (root): Exited normally
Aug 03 18:32:22 witherspoon dropbear[1203]: Exit (root): Exited normally
Aug 03 18:32:36 witherspoon phosphor-gevent[1093]: ::80f9:6076:8e91:f402%1995176732 - - [2017-08-03 18:32:36] "POST /login HTTP/1.1" 200 320 0.033023
Aug 03 18:32:36 witherspoon phosphor-version-software-manager[1020]: tar: short read
Aug 03 18:32:36 witherspoon phosphor-version-software-manager[1020]: Error No manifest file
Aug 03 18:32:36 witherspoon phosphor-version-software-manager[1020]: An error when reading the Manifest file.
Aug 03 18:32:36 witherspoon phosphor-fru-fault-monitor[1114]: /xyz/openbmc_project/logging/entry/2
Aug 03 18:32:36 witherspoon phosphor-version-software-manager[1020]: Error processing image
Aug 03 18:32:43 witherspoon phosphor-gevent[1093]: ::80f9:6076:8e91:f402%1995176732 - - [2017-08-03 18:32:43] "POST /upload/image HTTP/1.1" 200 169 6.581133
Aug 03 18:32:43 witherspoon phosphor-version-software-manager[1020]: Untaring
Aug 03 18:32:43 witherspoon systemd[1]: Started SSH Per-Connection Server (9.41.165.94:47504).
Aug 03 18:32:43 witherspoon dropbear[1218]: Failed loading /etc/dropbear/dropbear_dss_host_key
Aug 03 18:32:43 witherspoon dropbear[1218]: Failed loading /etc/dropbear/dropbear_ecdsa_host_key
Aug 03 18:32:43 witherspoon dropbear[1218]: Child connection from ::ffff:9.41.165.94:47504
Aug 03 18:32:43 witherspoon openpower-update-manager[1008]: Error in reading file
Aug 03 18:32:44 witherspoon dropbear[1218]: PAM password auth succeeded for 'root' from ::ffff:9.41.165.94:47504
Aug 03 18:32:44 witherspoon dropbear[1219]: lastlog_perform_login: Couldn't stat /var/log/lastlog: No such file or directory
Aug 03 18:32:44 witherspoon dropbear[1219]: lastlog_openseek: /var/log/lastlog is not a file or directory!
Aug 03 18:32:45 witherspoon systemd[1]: Started SSH Per-Connection Server (9.41.165.94:47512).
Aug 03 18:32:45 witherspoon dropbear[1223]: Failed loading /etc/dropbear/dropbear_dss_host_key
Aug 03 18:32:45 witherspoon dropbear[1223]: Failed loading /etc/dropbear/dropbear_ecdsa_host_key
Aug 03 18:32:45 witherspoon dropbear[1223]: Child connection from ::ffff:9.41.165.94:47512
Aug 03 18:32:45 witherspoon dropbear[1223]: PAM password auth succeeded for 'root' from ::ffff:9.41.165.94:47512
Aug 03 18:32:45 witherspoon dropbear[1224]: lastlog_perform_login: Couldn't stat /var/log/lastlog: No such file or directory
Aug 03 18:32:45 witherspoon dropbear[1224]: lastlog_openseek: /var/log/lastlog is not a file or directory!
Aug 03 18:32:47 witherspoon systemd[1]: Started SSH Per-Connection Server (9.41.165.94:47514).
Aug 03 18:32:47 witherspoon dropbear[1230]: Failed loading /etc/dropbear/dropbear_dss_host_key
Aug 03 18:32:47 witherspoon dropbear[1230]: Failed loading /etc/dropbear/dropbear_ecdsa_host_key
Aug 03 18:32:47 witherspoon dropbear[1230]: Child connection from ::ffff:9.41.165.94:47514
Aug 03 18:32:47 witherspoon dropbear[1230]: PAM password auth succeeded for 'root' from ::ffff:9.41.165.94:47514
Aug 03 18:32:47 witherspoon dropbear[1231]: lastlog_perform_login: Couldn't stat /var/log/lastlog: No such file or directory
Aug 03 18:32:47 witherspoon dropbear[1231]: lastlog_openseek: /var/log/lastlog is not a file or directory!
Aug 03 18:32:48 witherspoon systemd[1]: Started SSH Per-Connection Server (9.41.165.94:47516).
Aug 03 18:32:48 witherspoon dropbear[1234]: Failed loading /etc/dropbear/dropbear_dss_host_key
Aug 03 18:32:48 witherspoon dropbear[1234]: Failed loading /etc/dropbear/dropbear_ecdsa_host_key
Aug 03 18:32:48 witherspoon dropbear[1234]: Child connection from ::ffff:9.41.165.94:47516
Aug 03 18:32:49 witherspoon dropbear[1234]: PAM password auth succeeded for 'root' from ::ffff:9.41.165.94:47516
Aug 03 18:32:49 witherspoon dropbear[1235]: lastlog_perform_login: Couldn't stat /var/log/lastlog: No such file or directory
Aug 03 18:32:49 witherspoon dropbear[1235]: lastlog_openseek: /var/log/lastlog is not a file or directory!
Aug 03 18:32:50 witherspoon phosphor-gevent[1093]: ::80f9:6076:8e91:f402%1995176732 - - [2017-08-03 18:32:50] "POST /login HTTP/1.1" 200 320 0.034086
Aug 03 18:32:50 witherspoon phosphor-gevent[1093]: ::80f9:6076:8e91:f402%1995176732 - - [2017-08-03 18:32:50] "GET /xyz/openbmc_project/software/e49bc78e/attr/Activation HTTP/1.1" 200 225 0.155767
Aug 03 18:32:51 witherspoon phosphor-gevent[1093]: ::80f9:6076:8e91:f402%1995176732 - - [2017-08-03 18:32:51] "POST /login HTTP/1.1" 200 320 0.032627
Aug 03 18:32:51 witherspoon phosphor-gevent[1093]: ::80f9:6076:8e91:f402%1995176732 - - [2017-08-03 18:32:51] "GET /xyz/openbmc_project/software/e49bc78e HTTP/1.1" 200 801 0.116104
Aug 03 18:32:51 witherspoon phosphor-gevent[1093]: ::80f9:6076:8e91:f402%1995176732 - - [2017-08-03 18:32:51] "POST /login HTTP/1.1" 200 320 0.032755
Aug 03 18:32:51 witherspoon systemd[1]: Created slice system-obmc\x2dflash\x2dbios\x2dubimount.slice.
Aug 03 18:32:51 witherspoon systemd[1]: Created slice system-obmc\x2dflash\x2dbios\x2dsquashfsmount.slice.
Aug 03 18:32:51 witherspoon systemd[1]: Starting Attach the PNOR mtd device to UBI...
Aug 03 18:32:52 witherspoon phosphor-gevent[1093]: ::80f9:6076:8e91:f402%1995176732 - - [2017-08-03 18:32:52] "PUT /xyz/openbmc_project/software/e49bc78e/attr/RequestedActivation HTTP/1.1" 200 169 0.560777
Aug 03 18:32:52 witherspoon kernel: ubi7: default fastmap pool size: 100
Aug 03 18:32:52 witherspoon kernel: ubi7: default fastmap WL pool size: 50
Aug 03 18:32:52 witherspoon kernel: ubi7: attaching mtd7
Aug 03 18:32:52 witherspoon kernel[972]: [  173.020000] ubi7: default fastmap pool size: 100
Aug 03 18:32:52 witherspoon kernel[972]: [  173.020000] ubi7: default fastmap WL pool size: 50
Aug 03 18:32:52 witherspoon kernel[972]: [  173.020000] ubi7: attaching mtd7
Aug 03 18:32:52 witherspoon kernel: ubi7: scanning is finished
Aug 03 18:32:52 witherspoon kernel: ubi7 error: ubi_read_volume_table: the layout volume was not found
Aug 03 18:32:52 witherspoon kernel: ubi7 error: ubi_attach_mtd_dev: failed to attach mtd7, error -22
Aug 03 18:32:52 witherspoon kernel[972]: [  173.110000] ubi7: scanning is finished
Aug 03 18:32:52 witherspoon kernel[972]: [  173.110000] ubi7 error: ubi_read_volume_table: the layout volume was not found
Aug 03 18:32:52 witherspoon kernel[972]: [  173.110000] ubi7 error: ubi_attach_mtd_dev: failed to attach mtd7, error -22
Aug 03 18:32:52 witherspoon obmc-flash-bios[1241]: ubiattach: error!: cannot attach mtd7
Aug 03 18:32:52 witherspoon obmc-flash-bios[1241]:            error 22 (Invalid argument)
Aug 03 18:32:52 witherspoon obmc-flash-bios[1241]: Starting ubiformat /dev/mtd7
Aug 03 18:32:52 witherspoon phosphor-gevent[1093]: ::80f9:6076:8e91:f402%1995176732 - - [2017-08-03 18:32:52] "POST /login HTTP/1.1" 200 320 0.137601
Aug 03 18:32:52 witherspoon phosphor-gevent[1093]: ::80f9:6076:8e91:f402%1995176732 - - [2017-08-03 18:32:52] "GET /xyz/openbmc_project/software/e49bc78e HTTP/1.1" 200 829 0.276850
Aug 03 18:32:53 witherspoon systemd[1]: Started SSH Per-Connection Server (9.41.165.94:47526).
Aug 03 18:32:53 witherspoon dropbear[1248]: Failed loading /etc/dropbear/dropbear_dss_host_key
Aug 03 18:32:53 witherspoon dropbear[1248]: Failed loading /etc/dropbear/dropbear_ecdsa_host_key
Aug 03 18:32:53 witherspoon dropbear[1248]: Child connection from ::ffff:9.41.165.94:47526
Aug 03 18:32:53 witherspoon avahi-daemon[971]: Withdrawing address record for 9.3.21.61 on eth0.
Aug 03 18:32:53 witherspoon avahi-daemon[971]: Host name conflict, retrying with witherspoon-2
Aug 03 18:32:53 witherspoon avahi-daemon[971]: Registering new address record for fe80::72e2:84ff:fe14:28a9 on eth0.*.
Aug 03 18:32:53 witherspoon avahi-daemon[971]: Registering new address record for 9.3.21.61 on eth0.IPv4.
Aug 03 18:32:54 witherspoon avahi-daemon[971]: Withdrawing address record for 9.3.21.61 on eth0.
Aug 03 18:32:54 witherspoon avahi-daemon[971]: Host name conflict, retrying with witherspoon-3
Aug 03 18:32:54 witherspoon avahi-daemon[971]: Registering new address record for fe80::72e2:84ff:fe14:28a9 on eth0.*.
Aug 03 18:32:54 witherspoon avahi-daemon[971]: Registering new address record for 9.3.21.61 on eth0.IPv4.
Aug 03 18:32:54 witherspoon dropbear[1248]: PAM password auth succeeded for 'root' from ::ffff:9.41.165.94:47526
Aug 03 18:32:54 witherspoon dropbear[1249]: lastlog_perform_login: Couldn't stat /var/log/lastlog: No such file or directory
Aug 03 18:32:54 witherspoon dropbear[1249]: lastlog_openseek: /var/log/lastlog is not a file or directory!
Aug 03 18:32:55 witherspoon avahi-daemon[971]: Withdrawing address record for 9.3.21.61 on eth0.
Aug 03 18:32:55 witherspoon avahi-daemon[971]: Host name conflict, retrying with witherspoon-4
Aug 03 18:32:55 witherspoon avahi-daemon[971]: Registering new address record for fe80::72e2:84ff:fe14:28a9 on eth0.*.
Aug 03 18:32:55 witherspoon avahi-daemon[971]: Registering new address record for 9.3.21.61 on eth0.IPv4.
Aug 03 18:32:55 witherspoon phosphor-gevent[1093]: ::80f9:6076:8e91:f402%1995176732 - - [2017-08-03 18:32:55] "POST /login HTTP/1.1" 200 320 0.241648
Aug 03 18:32:55 witherspoon phosphor-gevent[1093]: ::80f9:6076:8e91:f402%1995176732 - - [2017-08-03 18:32:55] "GET /xyz/openbmc_project/software/e49bc78e HTTP/1.1" 200 829 0.125665
Aug 03 18:32:56 witherspoon avahi-daemon[971]: Withdrawing address record for 9.3.21.61 on eth0.
Aug 03 18:32:56 witherspoon avahi-daemon[971]: Host name conflict, retrying with witherspoon-5
Aug 03 18:32:56 witherspoon avahi-daemon[971]: Registering new address record for fe80::72e2:84ff:fe14:28a9 on eth0.*.
Aug 03 18:32:56 witherspoon avahi-daemon[971]: Registering new address record for 9.3.21.61 on eth0.IPv4.
Aug 03 18:32:57 witherspoon avahi-daemon[971]: Withdrawing address record for 9.3.21.61 on eth0.
Aug 03 18:32:57 witherspoon avahi-daemon[971]: Host name conflict, retrying with witherspoon-6
Aug 03 18:32:57 witherspoon avahi-daemon[971]: Registering new address record for fe80::72e2:84ff:fe14:28a9 on eth0.*.
Aug 03 18:32:57 witherspoon avahi-daemon[971]: Registering new address record for 9.3.21.61 on eth0.IPv4.
Aug 03 18:32:58 witherspoon avahi-daemon[971]: Withdrawing address record for 9.3.21.61 on eth0.
Aug 03 18:32:58 witherspoon avahi-daemon[971]: Host name conflict, retrying with witherspoon-7
Aug 03 18:32:58 witherspoon avahi-daemon[971]: Registering new address record for fe80::72e2:84ff:fe14:28a9 on eth0.*.
Aug 03 18:32:58 witherspoon avahi-daemon[971]: Registering new address record for 9.3.21.61 on eth0.IPv4.
Aug 03 18:32:59 witherspoon avahi-daemon[971]: Withdrawing address record for 9.3.21.61 on eth0.
Aug 03 18:32:59 witherspoon avahi-daemon[971]: Host name conflict, retrying with witherspoon-8
Aug 03 18:32:59 witherspoon avahi-daemon[971]: Registering new address record for fe80::72e2:84ff:fe14:28a9 on eth0.*.
Aug 03 18:32:59 witherspoon avahi-daemon[971]: Registering new address record for 9.3.21.61 on eth0.IPv4.
Aug 03 18:33:01 witherspoon avahi-daemon[971]: Server startup complete. Host name is witherspoon-8.local. Local service cookie is 1847996616.
Aug 03 18:33:02 witherspoon avahi-daemon[971]: Service name conflict for "sftp" (/services/sftp.service), retrying with "sftp #2".
Aug 03 18:33:02 witherspoon avahi-daemon[971]: Service name conflict for "obmc_console" (/services/obmc_console.service), retrying with "obmc_console #2".
Aug 03 18:33:02 witherspoon avahi-daemon[971]: Service name conflict for "phosphor_rest" (/services/phosphor_rest.service), retrying with "phosphor_rest #2".
Aug 03 18:33:02 witherspoon avahi-daemon[971]: Service "witherspoon-8" (/services/ssh.service) successfully established.
Aug 03 18:33:02 witherspoon avahi-daemon[971]: Service "witherspoon-8" (/services/sftp-ssh.service) successfully established.
Aug 03 18:33:03 witherspoon avahi-daemon[971]: Service name conflict for "phosphor_rest" (/services/phosphor_rest.service), retrying with "phosphor_rest #3".
Aug 03 18:33:03 witherspoon avahi-daemon[971]: Service name conflict for "sftp" (/services/sftp.service), retrying with "sftp #3".
Aug 03 18:33:03 witherspoon avahi-daemon[971]: Service name conflict for "obmc_console" (/services/obmc_console.service), retrying with "obmc_console #3".
Aug 03 18:33:04 witherspoon avahi-daemon[971]: Service name conflict for "phosphor_rest" (/services/phosphor_rest.service), retrying with "phosphor_rest #4".
Aug 03 18:33:04 witherspoon avahi-daemon[971]: Service name conflict for "sftp" (/services/sftp.service), retrying with "sftp #4".
Aug 03 18:33:04 witherspoon avahi-daemon[971]: Service name conflict for "obmc_console" (/services/obmc_console.service), retrying with "obmc_console #4".
Aug 03 18:33:05 witherspoon avahi-daemon[971]: Service name conflict for "phosphor_rest" (/services/phosphor_rest.service), retrying with "phosphor_rest #5".
Aug 03 18:33:05 witherspoon avahi-daemon[971]: Service name conflict for "sftp" (/services/sftp.service), retrying with "sftp #5".
Aug 03 18:33:05 witherspoon avahi-daemon[971]: Service name conflict for "obmc_console" (/services/obmc_console.service), retrying with "obmc_console #5".
Aug 03 18:33:07 witherspoon avahi-daemon[971]: Service "sftp #5" (/services/sftp.service) successfully established.
Aug 03 18:33:07 witherspoon avahi-daemon[971]: Service "phosphor_rest #5" (/services/phosphor_rest.service) successfully established.
Aug 03 18:33:07 witherspoon avahi-daemon[971]: Service "obmc_console #5" (/services/obmc_console.service) successfully established.
Aug 03 18:33:56 witherspoon phosphor-gevent[1093]: ::80f9:6076:8e91:f402%1995176732 - - [2017-08-03 18:33:56] "POST /login HTTP/1.1" 200 320 0.032559
Aug 03 18:33:56 witherspoon phosphor-gevent[1093]: ::80f9:6076:8e91:f402%1995176732 - - [2017-08-03 18:33:56] "GET /xyz/openbmc_project/software/e49bc78e HTTP/1.1" 200 829 0.125000
Aug 03 18:34:56 witherspoon phosphor-gevent[1093]: ::80f9:6076:8e91:f402%1995176732 - - [2017-08-03 18:34:56] "POST /login HTTP/1.1" 200 320 0.032862
Aug 03 18:34:57 witherspoon phosphor-gevent[1093]: ::80f9:6076:8e91:f402%1995176732 - - [2017-08-03 18:34:57] "GET /xyz/openbmc_project/software/e49bc78e HTTP/1.1" 200 829 0.136246
Aug 03 18:35:57 witherspoon phosphor-gevent[1093]: ::80f9:6076:8e91:f402%1995176732 - - [2017-08-03 18:35:57] "POST /login HTTP/1.1" 200 320 0.032524
Aug 03 18:35:58 witherspoon phosphor-gevent[1093]: ::80f9:6076:8e91:f402%1995176732 - - [2017-08-03 18:35:58] "GET /xyz/openbmc_project/software/e49bc78e HTTP/1.1" 200 829 1.189232
Aug 03 18:36:58 witherspoon phosphor-gevent[1093]: ::80f9:6076:8e91:f402%1995176732 - - [2017-08-03 18:36:58] "POST /login HTTP/1.1" 200 320 0.032914
Aug 03 18:37:00 witherspoon phosphor-gevent[1093]: ::80f9:6076:8e91:f402%1995176732 - - [2017-08-03 18:37:00] "GET /xyz/openbmc_project/software/e49bc78e HTTP/1.1" 200 829 1.533676
Aug 03 18:38:00 witherspoon phosphor-gevent[1093]: ::80f9:6076:8e91:f402%1995176732 - - [2017-08-03 18:38:00] "POST /login HTTP/1.1" 200 320 0.033018
Aug 03 18:38:00 witherspoon phosphor-gevent[1093]: ::80f9:6076:8e91:f402%1995176732 - - [2017-08-03 18:38:00] "GET /xyz/openbmc_project/software/e49bc78e HTTP/1.1" 200 829 0.127155
