-- Logs begin at Mon 2017-07-24 19:46:31 UTC, end at Mon 2017-07-24 20:07:28 UTC. --
Jul 24 19:46:31 witherspoon kernel: Booting Linux on physical CPU 0x0
Jul 24 19:46:31 witherspoon kernel: Linux version 4.10.17-d6ae40dc4c4dff3265cc254d404ed6b03fcc2206 (jenkins@openbmc-builder1) (gcc version 6.2.0 (GCC) ) #1 Mon Jul 24 19:34:49 UTC 2017
Jul 24 19:46:31 witherspoon kernel: CPU: ARMv6-compatible processor [410fb767] revision 7 (ARMv7), cr=00c5387d
Jul 24 19:46:31 witherspoon kernel: CPU: PIPT / VIPT nonaliasing data cache, VIPT nonaliasing instruction cache
Jul 24 19:46:31 witherspoon kernel: OF: fdt:Machine model: Witherspoon BMC
Jul 24 19:46:31 witherspoon kernel: Memory policy: Data cache writeback
Jul 24 19:46:31 witherspoon kernel: SOC Rev: 04030303
Jul 24 19:46:31 witherspoon kernel: On node 0 totalpages: 110592
Jul 24 19:46:31 witherspoon kernel: free_area_init_node: node 0, pgdat 805fd514, node_mem_map 9ec1a000
Jul 24 19:46:31 witherspoon kernel:   Normal zone: 992 pages used for memmap
Jul 24 19:46:31 witherspoon kernel:   Normal zone: 0 pages reserved
Jul 24 19:46:31 witherspoon kernel:   Normal zone: 110592 pages, LIFO batch:31
Jul 24 19:46:31 witherspoon kernel: pcpu-alloc: s0 r0 d32768 u32768 alloc=1*32768
Jul 24 19:46:31 witherspoon kernel: pcpu-alloc: [0] 0 
Jul 24 19:46:31 witherspoon kernel: Built 1 zonelists in Zone order, mobility grouping on.  Total pages: 109600
Jul 24 19:46:31 witherspoon kernel: Kernel command line: console=ttyS4,115200n8 root=/dev/ram rw
Jul 24 19:46:31 witherspoon kernel: PID hash table entries: 2048 (order: 1, 8192 bytes)
Jul 24 19:46:31 witherspoon kernel: Dentry cache hash table entries: 65536 (order: 6, 262144 bytes)
Jul 24 19:46:31 witherspoon kernel: Inode-cache hash table entries: 32768 (order: 5, 131072 bytes)
Jul 24 19:46:31 witherspoon kernel: Memory: 430448K/442368K available (4063K kernel code, 280K rwdata, 1188K rodata, 284K init, 111K bss, 11920K reserved, 0K cma-reserved)
Jul 24 19:46:31 witherspoon kernel: Virtual kernel memory layout:
                                        vector  : 0xffff0000 - 0xffff1000   (   4 kB)
                                        fixmap  : 0xffc00000 - 0xfff00000   (3072 kB)
                                        vmalloc : 0x9f800000 - 0xff800000   (1536 MB)
                                        lowmem  : 0x80000000 - 0x9f000000   ( 496 MB)
                                          .text : 0x80008000 - 0x803fff60   (4064 kB)
                                          .init : 0x80583000 - 0x805ca000   ( 284 kB)
                                          .data : 0x805ca000 - 0x806102a8   ( 281 kB)
                                           .bss : 0x806102a8 - 0x8062c158   ( 112 kB)
Jul 24 19:46:31 witherspoon kernel: NR_IRQS:16 nr_irqs:16 16
Jul 24 19:46:31 witherspoon kernel: i2c controller registered, irq 16
Jul 24 19:46:31 witherspoon kernel: clocksource: moxart_timer: mask: 0xffffffff max_cycles: 0xffffffff, max_idle_ns: 77222644334 ns
Jul 24 19:46:31 witherspoon kernel: sched_clock: 32 bits at 100 Hz, resolution 10000000ns, wraps every 21474836475000000ns
Jul 24 19:46:31 witherspoon kernel: Calibrating delay loop... 789.70 BogoMIPS (lpj=3948544)
Jul 24 19:46:31 witherspoon kernel: pid_max: default: 32768 minimum: 301
Jul 24 19:46:31 witherspoon kernel: Mount-cache hash table entries: 1024 (order: 0, 4096 bytes)
Jul 24 19:46:31 witherspoon kernel: Mountpoint-cache hash table entries: 1024 (order: 0, 4096 bytes)
Jul 24 19:46:31 witherspoon kernel: CPU: Testing write buffer coherency: ok
Jul 24 19:46:31 witherspoon kernel: ftrace: allocating 14933 entries in 44 pages
Jul 24 19:46:31 witherspoon kernel: Setting up static identity map for 0x80008200 - 0x8000825c
Jul 24 19:46:31 witherspoon kernel: devtmpfs: initialized
Jul 24 19:46:31 witherspoon kernel: clocksource: jiffies: mask: 0xffffffff max_cycles: 0xffffffff, max_idle_ns: 19112604462750000 ns
Jul 24 19:46:31 witherspoon kernel: futex hash table entries: 256 (order: -1, 3072 bytes)
Jul 24 19:46:31 witherspoon kernel: pinctrl core: initialized pinctrl subsystem
Jul 24 19:46:31 witherspoon kernel: NET: Registered protocol family 16
Jul 24 19:46:31 witherspoon kernel: DMA: preallocated 256 KiB pool for atomic coherent allocations
Jul 24 19:46:31 witherspoon kernel: usbcore: registered new interface driver usbfs
Jul 24 19:46:31 witherspoon kernel: usbcore: registered new interface driver hub
Jul 24 19:46:31 witherspoon kernel: usbcore: registered new device driver usb
Jul 24 19:46:31 witherspoon kernel: clocksource: Switched to clocksource moxart_timer
Jul 24 19:46:31 witherspoon kernel: NET: Registered protocol family 2
Jul 24 19:46:31 witherspoon kernel: TCP established hash table entries: 4096 (order: 2, 16384 bytes)
Jul 24 19:46:31 witherspoon kernel: TCP bind hash table entries: 4096 (order: 2, 16384 bytes)
Jul 24 19:46:31 witherspoon kernel: TCP: Hash tables configured (established 4096 bind 4096)
Jul 24 19:46:31 witherspoon kernel: UDP hash table entries: 256 (order: 0, 4096 bytes)
Jul 24 19:46:31 witherspoon kernel: UDP-Lite hash table entries: 256 (order: 0, 4096 bytes)
Jul 24 19:46:31 witherspoon kernel: NET: Registered protocol family 1
Jul 24 19:46:31 witherspoon kernel: Trying to unpack rootfs image as initramfs...
Jul 24 19:46:31 witherspoon kernel: Freeing initrd memory: 1548K
Jul 24 19:46:31 witherspoon kernel: workingset: timestamp_bits=30 max_order=17 bucket_order=0
Jul 24 19:46:31 witherspoon kernel: squashfs: version 4.0 (2009/01/31) Phillip Lougher
Jul 24 19:46:31 witherspoon kernel: jffs2: version 2.2. (SUMMARY)  © 2001-2006 Red Hat, Inc.
Jul 24 19:46:31 witherspoon kernel: Block layer SCSI generic (bsg) driver version 0.4 loaded (major 250)
Jul 24 19:46:31 witherspoon kernel: io scheduler noop registered
Jul 24 19:46:31 witherspoon kernel: io scheduler deadline registered
Jul 24 19:46:31 witherspoon kernel: io scheduler cfq registered (default)
Jul 24 19:46:31 witherspoon kernel: ipmi-bt-host 1e789140.ibt: Found bt bmc device
Jul 24 19:46:31 witherspoon kernel: ipmi-bt-host 1e789140.ibt: Using IRQ 22
Jul 24 19:46:31 witherspoon kernel: Serial: 8250/16550 driver, 6 ports, IRQ sharing enabled
Jul 24 19:46:31 witherspoon kernel: 1e783000.serial: ttyS0 at MMIO 0x1e783000 (irq = 23, base_baud = 1500000) is a 16550A
Jul 24 19:46:31 witherspoon kernel: 1e78d000.serial: ttyS1 at MMIO 0x1e78d000 (irq = 24, base_baud = 1500000) is a 16550A
Jul 24 19:46:31 witherspoon kernel: 1e784000.serial: ttyS4 at MMIO 0x1e784000 (irq = 25, base_baud = 1500000) is a 16550A
Jul 24 19:46:31 witherspoon kernel: console [ttyS4] enabled
Jul 24 19:46:31 witherspoon kernel: 1e787000.vuart: ttyS2 at MMIO 0x1e787000 (irq = 22, base_baud = 1500000) is a 16550A
Jul 24 19:46:31 witherspoon kernel: timeriomem_rng 1e6e2078.hwrng: 32bits from 0xf00e2078 @ 1us
Jul 24 19:46:31 witherspoon kernel: random: fast init done
Jul 24 19:46:31 witherspoon kernel: brd: module loaded
Jul 24 19:46:31 witherspoon kernel: random: crng init done
Jul 24 19:46:31 witherspoon kernel: loop: module loaded
Jul 24 19:46:31 witherspoon kernel: aspeed-lpc-ctrl 1e789080.lpc-ctrl: Loaded at 0x98000000 (0x04000000)
Jul 24 19:46:31 witherspoon kernel: aspeed-smc 1e620000.flash-controller: Using IRQ 18
Jul 24 19:46:31 witherspoon kernel: aspeed-smc 1e620000.flash-controller: DMA support disabled.
Jul 24 19:46:31 witherspoon kernel: aspeed-smc 1e620000.flash-controller: mx25l25635e (32768 Kbytes)
Jul 24 19:46:31 witherspoon kernel: aspeed-smc 1e620000.flash-controller: CE0 window [ 0x20000000 - 0x22000000 ] 32MB
Jul 24 19:46:31 witherspoon kernel: aspeed-smc 1e620000.flash-controller: CE1 window [ 0x22000000 - 0x2a000000 ] 128MB
Jul 24 19:46:31 witherspoon kernel: 5 ofpart partitions found on MTD device bmc
Jul 24 19:46:31 witherspoon kernel: Creating 5 MTD partitions on "bmc":
Jul 24 19:46:31 witherspoon kernel: 0x000000000000-0x000000060000 : "u-boot"
Jul 24 19:46:31 witherspoon kernel: 0x000000060000-0x000000080000 : "u-boot-env"
Jul 24 19:46:31 witherspoon kernel: 0x000000080000-0x0000004c0000 : "kernel"
Jul 24 19:46:31 witherspoon kernel: 0x0000004c0000-0x000001c00000 : "rofs"
Jul 24 19:46:31 witherspoon kernel: 0x000001c00000-0x000002000000 : "rwfs"
Jul 24 19:46:31 witherspoon kernel: aspeed-smc 1e620000.flash-controller: mx25l25635e (32768 Kbytes)
Jul 24 19:46:31 witherspoon kernel: aspeed-smc 1e620000.flash-controller: CE1 window [ 0x22000000 - 0x24000000 ] 32MB
Jul 24 19:46:31 witherspoon kernel: aspeed-smc 1e620000.flash-controller: CE2 window [ 0x24000000 - 0x2c000000 ] 128MB
Jul 24 19:46:31 witherspoon kernel: aspeed-smc 1e630000.flash-controller: mx66l1g45g (131072 Kbytes)
Jul 24 19:46:31 witherspoon kernel: aspeed-smc 1e630000.flash-controller: CE0 window resized to 120MB (AST2500 HW quirk)
Jul 24 19:46:31 witherspoon kernel: aspeed-smc 1e630000.flash-controller: CE0 window [ 0x30000000 - 0x37800000 ] 120MB
Jul 24 19:46:31 witherspoon kernel: aspeed-smc 1e630000.flash-controller: CE0 window too small for chip 128MB
Jul 24 19:46:31 witherspoon kernel: aspeed-smc 1e630000.flash-controller: CE1 window [ 0x37800000 - 0x38000000 ] 8MB
Jul 24 19:46:31 witherspoon kernel: libphy: Fixed MDIO Bus: probed
Jul 24 19:46:31 witherspoon kernel: ftgmac100 1e660000.ethernet: Read MAC address 70:e2:84:14:28:a9 from chip
Jul 24 19:46:31 witherspoon kernel: ftgmac100 1e660000.ethernet: Using NCSI interface
Jul 24 19:46:31 witherspoon kernel: ftgmac100 1e660000.ethernet eth0: irq 20, mapped at f0060000
Jul 24 19:46:31 witherspoon kernel: ehci_hcd: USB 2.0 'Enhanced' Host Controller (EHCI) Driver
Jul 24 19:46:31 witherspoon kernel: ehci-platform: EHCI generic platform driver
Jul 24 19:46:31 witherspoon kernel:  fsi0: can't read slave 00:00 -5
Jul 24 19:46:31 witherspoon kernel: i2c /dev entries driver
Jul 24 19:46:31 witherspoon kernel: aspeed-i2c-bus 1e78a0c0.i2c-bus: i2c bus 2 registered, irq 26
Jul 24 19:46:31 witherspoon kernel: aspeed-i2c-bus 1e78a100.i2c-bus: i2c bus 3 registered, irq 27
Jul 24 19:46:31 witherspoon kernel: aspeed-i2c-bus 1e78a140.i2c-bus: i2c bus 4 registered, irq 28
Jul 24 19:46:31 witherspoon kernel: aspeed-i2c-bus 1e78a180.i2c-bus: i2c bus 5 registered, irq 29
Jul 24 19:46:31 witherspoon kernel: aspeed-i2c-bus 1e78a380.i2c-bus: i2c bus 9 registered, irq 30
Jul 24 19:46:31 witherspoon kernel: aspeed-i2c-bus 1e78a3c0.i2c-bus: i2c bus 10 registered, irq 31
Jul 24 19:46:31 witherspoon kernel: rtc-rv8803 11-0032: Voltage low, temperature compensation stopped.
Jul 24 19:46:31 witherspoon kernel: rtc-rv8803 11-0032: rtc core: registered rx8900 as rtc0
Jul 24 19:46:31 witherspoon kernel: at24 11-0051: 8192 byte 24c64 EEPROM, writable, 1 bytes/write
Jul 24 19:46:31 witherspoon kernel: aspeed-i2c-bus 1e78a400.i2c-bus: i2c bus 11 registered, irq 32
Jul 24 19:46:31 witherspoon kernel: aspeed-i2c-bus 1e78a440.i2c-bus: i2c bus 12 registered, irq 33
Jul 24 19:46:31 witherspoon kernel: aspeed-i2c-bus 1e78a480.i2c-bus: i2c bus 13 registered, irq 34
Jul 24 19:46:31 witherspoon kernel: Driver for 1-wire Dallas network protocol.
Jul 24 19:46:31 witherspoon kernel: lm75 9-004a: hwmon0: sensor 'tmp275'
Jul 24 19:46:31 witherspoon kernel: ucd9000 11-0064: Device ID UCD90160|2.3.4.0000|110603
Jul 24 19:46:31 witherspoon kernel: leds-pca955x 3-0060: leds-pca955x: Using pca9552 16-bit LED driver at slave address 0x60
Jul 24 19:46:31 witherspoon kernel: leds-pca955x 11-0060: leds-pca955x: Using pca9552 16-bit LED driver at slave address 0x60
Jul 24 19:46:31 witherspoon kernel: leds-pca955x 11-0060: gpios 264...279
Jul 24 19:46:31 witherspoon kernel: usbcore: registered new interface driver usbhid
Jul 24 19:46:31 witherspoon kernel: usbhid: USB HID core driver
Jul 24 19:46:31 witherspoon kernel: bmp280: probe of 3-0077 failed with error -5
Jul 24 19:46:31 witherspoon kernel: dps310 3-0076: iio:device1: sensor 'dps310'
Jul 24 19:46:31 witherspoon kernel: NET: Registered protocol family 10
Jul 24 19:46:31 witherspoon kernel: Segment Routing with IPv6
Jul 24 19:46:31 witherspoon kernel: NET: Registered protocol family 17
Jul 24 19:46:31 witherspoon kernel: 8021q: 802.1Q VLAN Support v1.8
Jul 24 19:46:31 witherspoon kernel: console [netcon0] enabled
Jul 24 19:46:31 witherspoon kernel: netconsole: network logging started
Jul 24 19:46:31 witherspoon kernel: input: gpio-keys as /devices/platform/gpio-keys/input/input0
Jul 24 19:46:31 witherspoon kernel: rtc-rv8803 11-0032: setting system clock to 2017-07-24 19:46:21 UTC (1500925581)
Jul 24 19:46:31 witherspoon kernel: Freeing unused kernel memory: 284K
Jul 24 19:46:31 witherspoon kernel: This architecture does not have kernel memory protection.
Jul 24 19:46:31 witherspoon kernel: jffs2: notice: (526) jffs2_build_xattr_subsystem: complete building xattr subsystem, 0 of xdatum (0 unchecked, 0 orphan) and 0 of xref (0 dead, 0 orphan) found.
Jul 24 19:46:31 witherspoon systemd[1]: Failed to insert module 'autofs4': No such file or directory
Jul 24 19:46:31 witherspoon systemd[1]: systemd 232 running in system mode. (+PAM -AUDIT -SELINUX -IMA -APPARMOR -SMACK +SYSVINIT -UTMP -LIBCRYPTSETUP -GCRYPT -GNUTLS +ACL +XZ -LZ4 -SECCOMP +BLKID -ELFUTILS +KMOD -IDN)
Jul 24 19:46:31 witherspoon systemd[1]: Detected architecture arm.
Jul 24 19:46:31 witherspoon systemd[1]: Set hostname to <witherspoon>.
Jul 24 19:46:31 witherspoon systemd[1]: Reached target Remote File Systems.
Jul 24 19:46:31 witherspoon systemd[1]: Started Dispatch Password Requests to Console Directory Watch.
Jul 24 19:46:31 witherspoon systemd[1]: Listening on udev Kernel Socket.
Jul 24 19:46:31 witherspoon systemd[1]: Reached target Swap.
Jul 24 19:46:31 witherspoon systemd[1]: Listening on Journal Socket.
Jul 24 19:46:31 witherspoon systemd[1]: Listening on udev Control Socket.
Jul 24 19:46:31 witherspoon systemd[1]: Started Forward Password Requests to Wall Directory Watch.
Jul 24 19:46:31 witherspoon systemd[1]: Mounting Debug File System...
Jul 24 19:46:31 witherspoon systemd[1]: Created slice system-phosphor\x2dcooling\x2dtype.slice.
Jul 24 19:46:31 witherspoon systemd[1]: Created slice system-org.openbmc.buttons.reset.slice.
Jul 24 19:46:31 witherspoon systemd[1]: Starting Journal Service...
Jul 24 19:46:31 witherspoon systemd[1]: Starting Remount Root and Kernel File Systems...
Jul 24 19:46:31 witherspoon systemd[1]: Created slice system-org.openbmc.control.Bmc.slice.
Jul 24 19:46:31 witherspoon systemd-journald[548]: Journal started
Jul 24 19:46:31 witherspoon systemd-journald[548]: Runtime journal (/run/log/journal/12c6a00ebfdd479284cf09f39d1bc042) is 0B, max 0B, 0B free.
Jul 24 19:46:32 witherspoon systemd[1]: Created slice system-org.openbmc.buttons.Power.slice.
Jul 24 19:46:32 witherspoon systemd[1]: Created slice system-org.openbmc.control.Chassis.slice.
Jul 24 19:46:32 witherspoon systemd[1]: Reached target Slices.
Jul 24 19:46:32 witherspoon systemd[1]: dev-hugepages.mount: Couldn't determine result for ConditionVirtualization=!private-users, assuming failed: No such file or directory
Jul 24 19:46:34 witherspoon systemd-sysctl[656]: Couldn't write '16' to 'kernel/sysrq', ignoring: No such file or directory
Jul 24 19:46:34 witherspoon systemd-sysctl[656]: Couldn't write 'fq_codel' to 'net/core/default_qdisc', ignoring: No such file or directory
Jul 24 19:46:36 witherspoon systemd[1]: Started Remount Root and Kernel File Systems.
Jul 24 19:46:36 witherspoon systemd[1]: Started Apply Kernel Variables.
Jul 24 19:46:36 witherspoon systemd[1]: Starting Create System Users...
Jul 24 19:46:36 witherspoon systemd[1]: Starting Flush Journal to Persistent Storage...
Jul 24 19:46:37 witherspoon systemd[1]: Started udev Coldplug all Devices.
Jul 24 19:46:37 witherspoon systemd[1]: Started Create System Users.
Jul 24 19:46:37 witherspoon systemd[1]: Starting Create Static Device Nodes in /dev...
Jul 24 19:46:37 witherspoon systemd-journald[548]: Runtime journal (/run/log/journal/12c6a00ebfdd479284cf09f39d1bc042) is 0B, max 0B, 0B free.
Jul 24 19:46:37 witherspoon systemd[1]: Started Flush Journal to Persistent Storage.
Jul 24 19:46:38 witherspoon systemd[1]: Started Create Static Device Nodes in /dev.
Jul 24 19:46:38 witherspoon systemd[1]: Reached target Local File Systems (Pre).
Jul 24 19:46:38 witherspoon systemd[1]: Mounting /var/volatile...
Jul 24 19:46:38 witherspoon systemd[1]: Starting udev Kernel Device Manager...
Jul 24 19:46:38 witherspoon systemd[1]: Mounted /var/volatile.
Jul 24 19:46:38 witherspoon systemd[1]: Reached target Local File Systems.
Jul 24 19:46:38 witherspoon systemd[1]: Starting Rebuild Journal Catalog...
Jul 24 19:46:38 witherspoon systemd[1]: Starting Create Volatile Files and Directories...
Jul 24 19:46:38 witherspoon systemd[1]: Starting Load/Save Random Seed...
Jul 24 19:46:39 witherspoon systemd[1]: Started Rebuild Journal Catalog.
Jul 24 19:46:39 witherspoon systemd[1]: Started Load/Save Random Seed.
Jul 24 19:46:39 witherspoon systemd[1]: Starting Update is Completed...
Jul 24 19:46:39 witherspoon systemd-tmpfiles[896]: "/var/tmp" already exists and is not a directory.
Jul 24 19:46:39 witherspoon systemd-tmpfiles[896]: "/var/log" already exists and is not a directory.
Jul 24 19:46:39 witherspoon systemd[1]: Started Update is Completed.
Jul 24 19:46:39 witherspoon systemd[1]: Started Create Volatile Files and Directories.
Jul 24 19:46:39 witherspoon systemd[1]: Starting Run pending postinsts...
Jul 24 19:46:39 witherspoon systemd[1]: Starting Network Time Synchronization...
Jul 24 19:46:40 witherspoon systemd[1]: Started udev Kernel Device Manager.
Jul 24 19:46:40 witherspoon systemd[1]: Started Network Time Synchronization.
Jul 24 19:46:40 witherspoon run-postinsts[903]: Running postinst /etc/rpm-postinsts/libglib-2.0-0...
Jul 24 19:46:40 witherspoon systemd[1]: Reached target System Time Synchronized.
Jul 24 19:46:41 witherspoon systemd[1]: Found device /dev/aspeed-lpc-ctrl.
Jul 24 19:46:41 witherspoon systemd[1]: Found device /dev/aspeed-mbox.
Jul 24 19:46:41 witherspoon systemd[1]: Found device /dev/ttyS4.
Jul 24 19:46:41 witherspoon systemd[1]: dev-hugepages.mount: Couldn't determine result for ConditionVirtualization=!private-users, assuming failed: No such file or directory
Jul 24 19:46:41 witherspoon systemd[1]: Created slice system-xyz.openbmc_project.Hwmon.slice.
Jul 24 19:46:41 witherspoon systemd[1]: Found device /dev/ttyVUART0.
Jul 24 19:46:42 witherspoon systemd[1]: dev-hugepages.mount: Couldn't determine result for ConditionVirtualization=!private-users, assuming failed: No such file or directory
Jul 24 19:46:42 witherspoon systemd[1]: Created slice system-xyz.openbmc_project.led.controller.slice.
Jul 24 19:46:42 witherspoon systemd[1]: dev-hugepages.mount: Couldn't determine result for ConditionVirtualization=!private-users, assuming failed: No such file or directory
Jul 24 19:46:42 witherspoon systemd[1]: dev-hugepages.mount: Couldn't determine result for ConditionVirtualization=!private-users, assuming failed: No such file or directory
Jul 24 19:46:43 witherspoon systemd[1]: dev-hugepages.mount: Couldn't determine result for ConditionVirtualization=!private-users, assuming failed: No such file or directory
Jul 24 19:46:44 witherspoon run-postinsts[903]: rm: can't remove '/etc/rpm-postinsts': Invalid argument
Jul 24 19:46:44 witherspoon run-postinsts[903]:  Removing any system startup links for run-postinsts ...
Jul 24 19:46:44 witherspoon systemctl[933]: Removed /etc/systemd/system/sysinit.target.wants/run-postinsts.service.
Jul 24 19:46:44 witherspoon systemd[1]: Reloading.
Jul 24 19:46:47 witherspoon systemd[1]: Started Run pending postinsts.
Jul 24 19:46:47 witherspoon systemd[1]: Reached target System Initialization.
Jul 24 19:46:47 witherspoon systemd[1]: Listening on Phosphor DBUS Browser socket.
Jul 24 19:46:47 witherspoon systemd[1]: Started Daily Cleanup of Temporary Directories.
Jul 24 19:46:47 witherspoon systemd[1]: Listening on phosphor-ipmi-net.socket.
Jul 24 19:46:47 witherspoon systemd[1]: Listening on Phosphor Host Console SSH Per-Connection socket.
Jul 24 19:46:47 witherspoon systemd[1]: Listening on D-Bus System Message Bus Socket.
Jul 24 19:46:47 witherspoon systemd[1]: Reached target Timers.
Jul 24 19:46:47 witherspoon systemd[1]: Listening on Avahi mDNS/DNS-SD Stack Activation Socket.
Jul 24 19:46:47 witherspoon systemd[1]: Listening on Phosphor Webserver socket.
Jul 24 19:46:47 witherspoon systemd[1]: Listening on dropbear.socket.
Jul 24 19:46:47 witherspoon systemd[1]: Reached target Sockets.
Jul 24 19:46:47 witherspoon systemd[1]: Reached target Basic System.
Jul 24 19:46:47 witherspoon systemd[1]: Starting Phosphor DBus Service Discovery Manager...
Jul 24 19:46:47 witherspoon systemd[1]: Started Phosphor sysfs LED controller.
Jul 24 19:46:48 witherspoon systemd[1]: Starting Phosphor User Manager...
Jul 24 19:46:48 witherspoon systemd[1]: Starting Avahi mDNS/DNS-SD Stack...
Jul 24 19:46:48 witherspoon systemd[1]: Started Phosphor MBOX Daemon.
Jul 24 19:46:48 witherspoon systemd[1]: Started Phosphor Hwmon Poller.
Jul 24 19:46:48 witherspoon systemd[1]: Starting Phosphor Network Manager...
Jul 24 19:46:48 witherspoon systemd[1]: Starting Phosphor BMC0 Control...
Jul 24 19:46:48 witherspoon systemd[1]: Started System Logging Service.
Jul 24 19:46:48 witherspoon systemd[1]: Starting Phosphor Log Manager...
Jul 24 19:46:48 witherspoon systemd[1]: Reached target Containers.
Jul 24 19:46:48 witherspoon systemd[1]: Started Phosphor sysfs LED controller.
Jul 24 19:46:48 witherspoon systemd[1]: Started Hardware RNG Entropy Gatherer Daemon.
Jul 24 19:46:48 witherspoon systemd[1]: Starting Phosphor LED Group Management Daemon...
Jul 24 19:46:48 witherspoon systemd[1]: Starting OpenPower Software Update Manager...
Jul 24 19:46:48 witherspoon systemd[1]: Started Phosphor Hwmon Poller.
Jul 24 19:46:48 witherspoon systemd[1]: Starting Phosphor Settings Daemon...
Jul 24 19:46:48 witherspoon systemd[1]: Started Phosphor sysfs LED controller.
Jul 24 19:46:49 witherspoon systemd[1]: Started Phosphor Hwmon Poller.
Jul 24 19:46:49 witherspoon systemd[1]: Started Kernel Logging Service.
Jul 24 19:46:49 witherspoon systemd[1]: Starting Phosphor Inventory Manager...
Jul 24 19:46:49 witherspoon systemd[1]: Started Phosphor Console Muxer listening on device /dev/ttyVUART0.
Jul 24 19:46:49 witherspoon systemd[1]: Starting Phosphor IPMI BT DBus Bridge...
Jul 24 19:46:49 witherspoon systemd[1]: Started Phosphor sysfs LED controller.
Jul 24 19:46:49 witherspoon systemd[1]: Starting Clear one time boot overrides...
Jul 24 19:46:49 witherspoon systemd[1]: Started Phosphor Hwmon Poller.
Jul 24 19:46:49 witherspoon systemd[1]: Starting Phosphor Chassis0 Control...
Jul 24 19:46:49 witherspoon systemd[1]: Started Phosphor sysfs LED controller.
Jul 24 19:46:49 witherspoon systemd[1]: Started Phosphor sysfs LED controller.
Jul 24 19:46:49 witherspoon systemd[1]: Starting Phosphor Dump Manager...
Jul 24 19:46:50 witherspoon systemd[1]: Starting OpenBMC Software Update Manager...
Jul 24 19:46:50 witherspoon systemd[1]: Starting Phosphor Download Manager...
Jul 24 19:46:51 witherspoon systemd[1]: Started Phosphor Hwmon Poller.
Jul 24 19:46:51 witherspoon systemd[1]: Started Phosphor Dump core monitor..
Jul 24 19:46:51 witherspoon systemd[1]: Starting Phosphor Download Manager...
Jul 24 19:46:51 witherspoon systemd[1]: Started Phosphor sysfs LED controller.
Jul 24 19:46:51 witherspoon systemd[1]: Started Phosphor sysfs LED controller.
Jul 24 19:46:51 witherspoon systemd[1]: Started Phosphor Hwmon Poller.
Jul 24 19:46:51 witherspoon systemd[1]: Started Phosphor sysfs LED controller.
Jul 24 19:46:51 witherspoon systemd[1]: Started D-Bus System Message Bus.
Jul 24 19:46:53 witherspoon kernel[963]: klogd started: BusyBox v1.24.1 (2017-06-16 19:29:08 UTC)
Jul 24 19:46:53 witherspoon kernel[963]: [    0.000000] Booting Linux on physical CPU 0x0
Jul 24 19:46:53 witherspoon kernel[963]: [    0.000000] Linux version 4.10.17-d6ae40dc4c4dff3265cc254d404ed6b03fcc2206 (jenkins@openbmc-builder1) (gcc version 6.2.0 (GCC) ) #1 Mon Jul 24 19:34:49 UTC 2017
Jul 24 19:46:53 witherspoon kernel[963]: [    0.000000] CPU: ARMv6-compatible processor [410fb767] revision 7 (ARMv7), cr=00c5387d
Jul 24 19:46:53 witherspoon kernel[963]: [    0.000000] CPU: PIPT / VIPT nonaliasing data cache, VIPT nonaliasing instruction cache
Jul 24 19:46:53 witherspoon kernel[963]: [    0.000000] OF: fdt:Machine model: Witherspoon BMC
Jul 24 19:46:53 witherspoon kernel[963]: [    0.000000] Memory policy: Data cache writeback
Jul 24 19:46:53 witherspoon kernel[963]: [    0.000000] SOC Rev: 04030303
Jul 24 19:46:53 witherspoon kernel[963]: [    0.000000] On node 0 totalpages: 110592
Jul 24 19:46:53 witherspoon kernel[963]: [    0.000000] free_area_init_node: node 0, pgdat 805fd514, node_mem_map 9ec1a000
Jul 24 19:46:53 witherspoon kernel[963]: [    0.000000]   Normal zone: 992 pages used for memmap
Jul 24 19:46:53 witherspoon kernel[963]: [    0.000000]   Normal zone: 0 pages reserved
Jul 24 19:46:53 witherspoon kernel[963]: [    0.000000]   Normal zone: 110592 pages, LIFO batch:31
Jul 24 19:46:53 witherspoon kernel[963]: [    0.000000] pcpu-alloc: s0 r0 d32768 u32768 alloc=1*32768
Jul 24 19:46:53 witherspoon kernel[963]: [    0.000000] pcpu-alloc: [0] 0
Jul 24 19:46:53 witherspoon kernel[963]: [    0.000000] Built 1 zonelists in Zone order, mobility grouping on.  Total pages: 109600
Jul 24 19:46:53 witherspoon kernel[963]: [    0.000000] Kernel command line: console=ttyS4,115200n8 root=/dev/ram rw
Jul 24 19:46:53 witherspoon kernel[963]: [    0.000000] PID hash table entries: 2048 (order: 1, 8192 bytes)
Jul 24 19:46:53 witherspoon kernel[963]: [    0.000000] Dentry cache hash table entries: 65536 (order: 6, 262144 bytes)
Jul 24 19:46:53 witherspoon kernel[963]: [    0.000000] Inode-cache hash table entries: 32768 (order: 5, 131072 bytes)
Jul 24 19:46:55 witherspoon systemd[1]: Started Phosphor Settings Daemon.
Jul 24 19:46:53 witherspoon kernel[963]: [    0.000000] Memory: 430448K/442368K available (4063K kernel code, 280K rwdata, 1188K rodata, 284K init, 111K bss, 11920K reserved, 0K cma-reserved)
Jul 24 19:46:55 witherspoon systemd[1]: Started Phosphor LED Group Management Daemon.
Jul 24 19:46:53 witherspoon kernel[963]: [    0.000000] Virtual kernel memory layout:
Jul 24 19:46:55 witherspoon systemd[1]: Started Phosphor Download Manager.
Jul 24 19:46:53 witherspoon kernel[963]: [    0.000000]     vector  : 0xffff0000 - 0xffff1000   (   4 kB)
Jul 24 19:46:55 witherspoon systemd[1]: Started Phosphor IPMI BT DBus Bridge.
Jul 24 19:46:53 witherspoon kernel[963]: [    0.000000]     fixmap  : 0xffc00000 - 0xfff00000   (3072 kB)
Jul 24 19:46:55 witherspoon systemd[1]: Starting Network Service...
Jul 24 19:46:53 witherspoon kernel[963]: [    0.000000]     vmalloc : 0x9f800000 - 0xff800000   (1536 MB)
Jul 24 19:46:55 witherspoon systemd[1]: Starting Phosphor Inventory Manager...
Jul 24 19:46:53 witherspoon kernel[963]: [    0.000000]     lowmem  : 0x80000000 - 0x9f000000   ( 496 MB)
Jul 24 19:46:56 witherspoon systemd[1]: Starting Phosphor Sensor Manager...
Jul 24 19:46:53 witherspoon kernel[963]: [    0.000000]       .text : 0x80008000 - 0x803fff60   (4064 kB)
Jul 24 19:46:53 witherspoon kernel[963]: [    0.000000]       .init : 0x80583000 - 0x805ca000   ( 284 kB)
Jul 24 19:46:53 witherspoon kernel[963]: [    0.000000]       .data : 0x805ca000 - 0x806102a8   ( 281 kB)
Jul 24 19:46:53 witherspoon kernel[963]: [    0.000000]        .bss : 0x806102a8 - 0x8062c158   ( 112 kB)
Jul 24 19:46:53 witherspoon kernel[963]: [    0.000000] NR_IRQS:16 nr_irqs:16 16
Jul 24 19:46:53 witherspoon kernel[963]: [    0.000000] i2c controller registered, irq 16
Jul 24 19:46:53 witherspoon kernel[963]: [    0.000000] clocksource: moxart_timer: mask: 0xffffffff max_cycles: 0xffffffff, max_idle_ns: 77222644334 ns
Jul 24 19:46:53 witherspoon kernel[963]: [    0.000000] sched_clock: 32 bits at 100 Hz, resolution 10000000ns, wraps every 21474836475000000ns
Jul 24 19:46:53 witherspoon kernel[963]: [    0.090000] Calibrating delay loop... 789.70 BogoMIPS (lpj=3948544)
Jul 24 19:46:53 witherspoon kernel[963]: [    0.090000] pid_max: default: 32768 minimum: 301
Jul 24 19:46:53 witherspoon kernel[963]: [    0.090000] Mount-cache hash table entries: 1024 (order: 0, 4096 bytes)
Jul 24 19:46:53 witherspoon kernel[963]: [    0.090000] Mountpoint-cache hash table entries: 1024 (order: 0, 4096 bytes)
Jul 24 19:46:53 witherspoon kernel[963]: [    0.090000] CPU: Testing write buffer coherency: ok
Jul 24 19:46:53 witherspoon kernel[963]: [    0.090000] ftrace: allocating 14933 entries in 44 pages
Jul 24 19:46:53 witherspoon kernel[963]: [    0.120000] Setting up static identity map for 0x80008200 - 0x8000825c
Jul 24 19:46:53 witherspoon kernel[963]: [    0.120000] devtmpfs: initialized
Jul 24 19:46:53 witherspoon kernel[963]: [    0.140000] clocksource: jiffies: mask: 0xffffffff max_cycles: 0xffffffff, max_idle_ns: 19112604462750000 ns
Jul 24 19:46:53 witherspoon kernel[963]: [    0.140000] futex hash table entries: 256 (order: -1, 3072 bytes)
Jul 24 19:46:53 witherspoon kernel[963]: [    0.140000] pinctrl core: initialized pinctrl subsystem
Jul 24 19:46:53 witherspoon kernel[963]: [    0.140000] NET: Registered protocol family 16
Jul 24 19:46:53 witherspoon kernel[963]: [    0.140000] DMA: preallocated 256 KiB pool for atomic coherent allocations
Jul 24 19:46:53 witherspoon kernel[963]: [    0.210000] usbcore: registered new interface driver usbfs
Jul 24 19:46:53 witherspoon kernel[963]: [    0.210000] usbcore: registered new interface driver hub
Jul 24 19:46:53 witherspoon kernel[963]: [    0.210000] usbcore: registered new device driver usb
Jul 24 19:46:53 witherspoon kernel[963]: [    0.220000] clocksource: Switched to clocksource moxart_timer
Jul 24 19:46:53 witherspoon kernel[963]: [    0.230000] NET: Registered protocol family 2
Jul 24 19:46:53 witherspoon kernel[963]: [    0.240000] TCP established hash table entries: 4096 (order: 2, 16384 bytes)
Jul 24 19:46:53 witherspoon kernel[963]: [    0.240000] TCP bind hash table entries: 4096 (order: 2, 16384 bytes)
Jul 24 19:46:53 witherspoon kernel[963]: [    0.240000] TCP: Hash tables configured (established 4096 bind 4096)
Jul 24 19:46:53 witherspoon kernel[963]: [    0.240000] UDP hash table entries: 256 (order: 0, 4096 bytes)
Jul 24 19:46:53 witherspoon kernel[963]: [    0.240000] UDP-Lite hash table entries: 256 (order: 0, 4096 bytes)
Jul 24 19:46:53 witherspoon kernel[963]: [    0.240000] NET: Registered protocol family 1
Jul 24 19:46:53 witherspoon kernel[963]: [    0.240000] Trying to unpack rootfs image as initramfs...
Jul 24 19:46:53 witherspoon kernel[963]: [    1.910000] Freeing initrd memory: 1548K
Jul 24 19:46:53 witherspoon kernel[963]: [    1.910000] workingset: timestamp_bits=30 max_order=17 bucket_order=0
Jul 24 19:46:53 witherspoon kernel[963]: [    1.910000] squashfs: version 4.0 (2009/01/31) Phillip Lougher
Jul 24 19:46:53 witherspoon kernel[963]: [    1.910000] jffs2: version 2.2. (SUMMARY)  © 2001-2006 Red Hat, Inc.
Jul 24 19:46:53 witherspoon kernel[963]: [    1.910000] Block layer SCSI generic (bsg) driver version 0.4 loaded (major 250)
Jul 24 19:46:53 witherspoon kernel[963]: [    1.910000] io scheduler noop registered
Jul 24 19:46:53 witherspoon kernel[963]: [    1.910000] io scheduler deadline registered
Jul 24 19:46:53 witherspoon kernel[963]: [    1.910000] io scheduler cfq registered (default)
Jul 24 19:46:53 witherspoon kernel[963]: [    2.060000] ipmi-bt-host 1e789140.ibt: Found bt bmc device
Jul 24 19:46:53 witherspoon kernel[963]: [    2.060000] ipmi-bt-host 1e789140.ibt: Using IRQ 22
Jul 24 19:46:53 witherspoon kernel[963]: [    2.060000] Serial: 8250/16550 driver, 6 ports, IRQ sharing enabled
Jul 24 19:46:53 witherspoon kernel[963]: [    2.060000] 1e783000.serial: ttyS0 at MMIO 0x1e783000 (irq = 23, base_baud = 1500000) is a 16550A
Jul 24 19:46:53 witherspoon kernel[963]: [    2.060000] 1e78d000.serial: ttyS1 at MMIO 0x1e78d000 (irq = 24, base_baud = 1500000) is a 16550A
Jul 24 19:46:53 witherspoon kernel[963]: [    2.060000] 1e784000.serial: ttyS4 at MMIO 0x1e784000 (irq = 25, base_baud = 1500000) is a 16550A
Jul 24 19:46:53 witherspoon kernel[963]: [    2.410000] console [ttyS4] enabled
Jul 24 19:46:53 witherspoon kernel[963]: [    2.410000] 1e787000.vuart: ttyS2 at MMIO 0x1e787000 (irq = 22, base_baud = 1500000) is a 16550A
Jul 24 19:46:53 witherspoon kernel[963]: [    2.600000] timeriomem_rng 1e6e2078.hwrng: 32bits from 0xf00e2078 @ 1us
Jul 24 19:46:53 witherspoon kernel[963]: [    2.610000] random: fast init done
Jul 24 19:46:56 witherspoon systemd[1]: Started Phosphor sysfs LED controller.
Jul 24 19:46:53 witherspoon kernel[963]: [    2.650000] brd: module loaded
Jul 24 19:46:57 witherspoon systemd[1]: Started Clear one time boot overrides.
Jul 24 19:46:53 witherspoon kernel[963]: [    2.670000] random: crng init done
Jul 24 19:46:57 witherspoon systemd[1]: Started Phosphor Log Manager.
Jul 24 19:46:53 witherspoon kernel[963]: [    2.680000] loop: module loaded
Jul 24 19:46:57 witherspoon systemd[1]: Started Avahi mDNS/DNS-SD Stack.
Jul 24 19:46:53 witherspoon kernel[963]: [    2.690000] aspeed-lpc-ctrl 1e789080.lpc-ctrl: Loaded at 0x98000000 (0x04000000)
Jul 24 19:46:58 witherspoon systemd[1]: Started OpenBMC Software Update Manager.
Jul 24 19:46:53 witherspoon kernel[963]: [    2.700000] aspeed-smc 1e620000.flash-controller: Using IRQ 18
Jul 24 19:46:58 witherspoon systemd-networkd[987]: Could not create runtime directory: File exists
Jul 24 19:46:53 witherspoon kernel[963]: [    2.700000] aspeed-smc 1e620000.flash-controller: DMA support disabled.
Jul 24 19:46:58 witherspoon systemd-networkd[987]: Could not create runtime directory 'links': File exists
Jul 24 19:46:53 witherspoon kernel[963]: [    2.700000] aspeed-smc 1e620000.flash-controller: mx25l25635e (32768 Kbytes)
Jul 24 19:46:58 witherspoon systemd-networkd[987]: Could not create runtime directory 'leases': File exists
Jul 24 19:46:53 witherspoon kernel[963]: [    2.720000] aspeed-smc 1e620000.flash-controller: CE0 window [ 0x20000000 - 0x22000000 ] 32MB
Jul 24 19:46:58 witherspoon openpower-update-manager[958]: Error PNOR current version is empty
Jul 24 19:46:53 witherspoon kernel[963]: [    2.720000] aspeed-smc 1e620000.flash-controller: CE1 window [ 0x22000000 - 0x2a000000 ] 128MB
Jul 24 19:46:58 witherspoon systemd[1]: Started Phosphor Inventory Manager.
Jul 24 19:46:53 witherspoon kernel[963]: [    2.720000] 5 ofpart partitions found on MTD device bmc
Jul 24 19:46:58 witherspoon systemd[1]: Started OpenPower Software Update Manager.
Jul 24 19:46:53 witherspoon kernel[963]: [    2.720000] Creating 5 MTD partitions on "bmc":
Jul 24 19:46:58 witherspoon systemd[1]: Starting Phosphor Version Software Manager...
Jul 24 19:46:53 witherspoon kernel[963]: [    2.750000] 0x000000000000-0x000000060000 : "u-boot"
Jul 24 19:46:58 witherspoon systemd[1]: Started Phosphor Dump Manager.
Jul 24 19:46:53 witherspoon kernel[963]: [    2.750000] 0x000000060000-0x000000080000 : "u-boot-env"
Jul 24 19:46:59 witherspoon phosphor-hwmon-readd[950]: Failed to read from device.
Jul 24 19:46:53 witherspoon kernel[963]: [    2.750000] 0x000000080000-0x0000004c0000 : "kernel"
Jul 24 19:46:59 witherspoon phosphor-hwmon-readd[950]: Error in mapper call
Jul 24 19:46:53 witherspoon kernel[963]: [    2.750000] 0x0000004c0000-0x000001c00000 : "rofs"
Jul 24 19:46:59 witherspoon systemd[1]: xyz.openbmc_project.Hwmon@ahb-apb-i2c\x401e78a000-i2c\x2dbus\x40100-dps310\x4076.service: Main process exited, code=exited, status=1/FAILURE
Jul 24 19:46:53 witherspoon kernel[963]: [    2.790000] 0x000001c00000-0x000002000000 : "rwfs"
Jul 24 19:46:59 witherspoon systemd[1]: xyz.openbmc_project.Hwmon@ahb-apb-i2c\x401e78a000-i2c\x2dbus\x40100-dps310\x4076.service: Unit entered failed state.
Jul 24 19:46:53 witherspoon kernel[963]: [    2.790000] aspeed-smc 1e620000.flash-controller: mx25l25635e (32768 Kbytes)
Jul 24 19:46:59 witherspoon systemd[1]: xyz.openbmc_project.Hwmon@ahb-apb-i2c\x401e78a000-i2c\x2dbus\x40100-dps310\x4076.service: Failed with result 'exit-code'.
Jul 24 19:46:53 witherspoon kernel[963]: [    2.800000] aspeed-smc 1e620000.flash-controller: CE1 window [ 0x22000000 - 0x24000000 ] 32MB
Jul 24 19:46:59 witherspoon systemd[1]: xyz.openbmc_project.Hwmon@ahb-apb-i2c\x401e78a000-i2c\x2dbus\x40100-dps310\x4076.service: Service hold-off time over, scheduling restart.
Jul 24 19:46:53 witherspoon kernel[963]: [    2.800000] aspeed-smc 1e620000.flash-controller: CE2 window [ 0x24000000 - 0x2c000000 ] 128MB
Jul 24 19:46:59 witherspoon systemd[1]: Stopped Phosphor Hwmon Poller.
Jul 24 19:46:53 witherspoon kernel[963]: [    2.830000] aspeed-smc 1e630000.flash-controller: mx66l1g45g (131072 Kbytes)
Jul 24 19:46:59 witherspoon systemd[1]: Started Phosphor Hwmon Poller.
Jul 24 19:46:53 witherspoon kernel[963]: [    2.830000] aspeed-smc 1e630000.flash-controller: CE0 window resized to 120MB (AST2500 HW quirk)
Jul 24 19:46:53 witherspoon kernel[963]: [    2.840000] aspeed-smc 1e630000.flash-controller: CE0 window [ 0x30000000 - 0x37800000 ] 120MB
Jul 24 19:46:53 witherspoon kernel[963]: [    2.840000] aspeed-smc 1e630000.flash-controller: CE0 window too small for chip 128MB
Jul 24 19:46:53 witherspoon kernel[963]: [    2.840000] aspeed-smc 1e630000.flash-controller: CE1 window [ 0x37800000 - 0x38000000 ] 8MB
Jul 24 19:46:53 witherspoon kernel[963]: [    3.590000] libphy: Fixed MDIO Bus: probed
Jul 24 19:46:53 witherspoon kernel[963]: [    3.590000] ftgmac100 1e660000.ethernet: Read MAC address 70:e2:84:14:28:a9 from chip
Jul 24 19:46:53 witherspoon kernel[963]: [    3.590000] ftgmac100 1e660000.ethernet: Using NCSI interface
Jul 24 19:46:53 witherspoon kernel[963]: [    3.590000] ftgmac100 1e660000.ethernet eth0: irq 20, mapped at f0060000
Jul 24 19:46:53 witherspoon kernel[963]: [    3.590000] ehci_hcd: USB 2.0 'Enhanced' Host Controller (EHCI) Driver
Jul 24 19:46:53 witherspoon kernel[963]: [    3.590000] ehci-platform: EHCI generic platform driver
Jul 24 19:46:53 witherspoon kernel[963]: [    3.840000]  fsi0: can't read slave 00:00 -5
Jul 24 19:46:53 witherspoon kernel[963]: [    3.840000] i2c /dev entries driver
Jul 24 19:47:00 witherspoon systemd-networkd[987]: Enumeration completed
Jul 24 19:46:53 witherspoon kernel[963]: [    3.840000] aspeed-i2c-bus 1e78a0c0.i2c-bus: i2c bus 2 registered, irq 26
Jul 24 19:47:00 witherspoon systemd[1]: Started Network Service.
Jul 24 19:46:53 witherspoon kernel[963]: [    3.840000] aspeed-i2c-bus 1e78a100.i2c-bus: i2c bus 3 registered, irq 27
Jul 24 19:47:00 witherspoon systemd[1]: Reached target Network.
Jul 24 19:46:53 witherspoon kernel[963]: [    3.840000] aspeed-i2c-bus 1e78a140.i2c-bus: i2c bus 4 registered, irq 28
Jul 24 19:47:00 witherspoon systemd[1]: Starting Permit User Sessions...
Jul 24 19:46:53 witherspoon kernel[963]: [    3.840000] aspeed-i2c-bus 1e78a180.i2c-bus: i2c bus 5 registered, irq 29
Jul 24 19:47:00 witherspoon systemd[1]: Started Lightweight SLP Server.
Jul 24 19:46:53 witherspoon kernel[963]: [    3.840000] aspeed-i2c-bus 1e78a380.i2c-bus: i2c bus 9 registered, irq 30
Jul 24 19:47:00 witherspoon systemd-networkd[987]: eth0: IPv6 enabled for interface: Success
Jul 24 19:46:53 witherspoon kernel[963]: [    3.840000] aspeed-i2c-bus 1e78a3c0.i2c-bus: i2c bus 10 registered, irq 31
Jul 24 19:47:00 witherspoon systemd-networkd[987]: eth0: Gained carrier
Jul 24 19:46:53 witherspoon kernel[963]: [    3.840000] rtc-rv8803 11-0032: Voltage low, temperature compensation stopped.
Jul 24 19:47:00 witherspoon systemd-timesyncd[904]: Network configuration changed, trying to establish connection.
Jul 24 19:46:53 witherspoon kernel[963]: [    3.940000] rtc-rv8803 11-0032: rtc core: registered rx8900 as rtc0
Jul 24 19:47:01 witherspoon systemd[1]: Started Permit User Sessions.
Jul 24 19:46:53 witherspoon kernel[963]: [    3.950000] at24 11-0051: 8192 byte 24c64 EEPROM, writable, 1 bytes/write
Jul 24 19:47:01 witherspoon systemd[1]: Started Serial Getty on ttyS4.
Jul 24 19:46:53 witherspoon kernel[963]: [    3.950000] aspeed-i2c-bus 1e78a400.i2c-bus: i2c bus 11 registered, irq 32
Jul 24 19:47:01 witherspoon systemd[1]: Reached target Login Prompts.
Jul 24 19:46:53 witherspoon kernel[963]: [    3.950000] aspeed-i2c-bus 1e78a440.i2c-bus: i2c bus 12 registered, irq 33
Jul 24 19:47:01 witherspoon systemd[1]: Reached target Multi-User System.
Jul 24 19:46:53 witherspoon kernel[963]: [    3.950000] aspeed-i2c-bus 1e78a480.i2c-bus: i2c bus 13 registered, irq 34
Jul 24 19:46:53 witherspoon kernel[963]: [    3.950000] Driver for 1-wire Dallas network protocol.
Jul 24 19:46:53 witherspoon kernel[963]: [    3.950000] lm75 9-004a: hwmon0: sensor 'tmp275'
Jul 24 19:46:53 witherspoon kernel[963]: [    4.430000] ucd9000 11-0064: Device ID UCD90160|2.3.4.0000|110603
Jul 24 19:46:53 witherspoon kernel[963]: [    4.760000] leds-pca955x 3-0060: leds-pca955x: Using pca9552 16-bit LED driver at slave address 0x60
Jul 24 19:46:53 witherspoon kernel[963]: [    4.780000] leds-pca955x 11-0060: leds-pca955x: Using pca9552 16-bit LED driver at slave address 0x60
Jul 24 19:46:53 witherspoon kernel[963]: [    4.790000] leds-pca955x 11-0060: gpios 264...279
Jul 24 19:46:53 witherspoon kernel[963]: [    4.800000] usbcore: registered new interface driver usbhid
Jul 24 19:46:53 witherspoon kernel[963]: [    4.800000] usbhid: USB HID core driver
Jul 24 19:47:02 witherspoon phosphor-hwmon-readd[1000]: Failed to read from device.
Jul 24 19:46:53 witherspoon kernel[963]: [    4.830000] bmp280: probe of 3-0077 failed with error -5
Jul 24 19:46:53 witherspoon kernel[963]: [    4.840000] dps310 3-0076: iio:device1: sensor 'dps310'
Jul 24 19:46:53 witherspoon kernel[963]: [    4.850000] NET: Registered protocol family 10
Jul 24 19:46:53 witherspoon kernel[963]: [    4.850000] Segment Routing with IPv6
Jul 24 19:46:53 witherspoon kernel[963]: [    4.850000] NET: Registered protocol family 17
Jul 24 19:46:53 witherspoon kernel[963]: [    4.860000] 8021q: 802.1Q VLAN Support v1.8
Jul 24 19:46:53 witherspoon kernel[963]: [    4.860000] console [netcon0] enabled
Jul 24 19:47:02 witherspoon phosphor-hwmon-readd[1000]: Error in mapper call
Jul 24 19:46:53 witherspoon kernel[963]: [    4.860000] netconsole: network logging started
Jul 24 19:47:02 witherspoon systemd[1]: xyz.openbmc_project.Hwmon@ahb-apb-i2c\x401e78a000-i2c\x2dbus\x40100-dps310\x4076.service: Main process exited, code=exited, status=1/FAILURE
Jul 24 19:46:53 witherspoon kernel[963]: [    4.880000] input: gpio-keys as /devices/platform/gpio-keys/input/input0
Jul 24 19:47:02 witherspoon systemd[1]: xyz.openbmc_project.Hwmon@ahb-apb-i2c\x401e78a000-i2c\x2dbus\x40100-dps310\x4076.service: Unit entered failed state.
Jul 24 19:46:53 witherspoon kernel[963]: [    4.890000] rtc-rv8803 11-0032: setting system clock to 2017-07-24 19:46:21 UTC (1500925581)
Jul 24 19:47:02 witherspoon systemd[1]: xyz.openbmc_project.Hwmon@ahb-apb-i2c\x401e78a000-i2c\x2dbus\x40100-dps310\x4076.service: Failed with result 'exit-code'.
Jul 24 19:46:53 witherspoon kernel[963]: [    4.900000] Freeing unused kernel memory: 284K
Jul 24 19:46:53 witherspoon kernel[963]: [    4.900000] This architecture does not have kernel memory protection.
Jul 24 19:46:53 witherspoon kernel[963]: [    6.710000] jffs2: notice: (526) jffs2_build_xattr_subsystem: complete building xattr subsystem, 0 of xdatum (0 unchecked, 0 orphan) and 0 of xref (0 dead, 0 orphan) found.
Jul 24 19:47:02 witherspoon systemd[1]: xyz.openbmc_project.Hwmon@ahb-apb-i2c\x401e78a000-i2c\x2dbus\x40100-dps310\x4076.service: Service hold-off time over, scheduling restart.
Jul 24 19:46:53 witherspoon kernel[963]: [    8.890000] systemd[1]: Failed to insert module 'autofs4': No such file or directory
Jul 24 19:47:02 witherspoon systemd[1]: Stopped Phosphor Hwmon Poller.
Jul 24 19:46:53 witherspoon kernel[963]: [    9.090000] systemd[1]: systemd 232 running in system mode. (+PAM -AUDIT -SELINUX -IMA -APPARMOR -SMACK +SYSVINIT -UTMP -LIBCRYPTSETUP -GCRYPT -GNUTLS +ACL +XZ -LZ4 -SECCOMP +BLKID -ELFUTILS +KMOD -IDN)
Jul 24 19:46:53 witherspoon kernel[963]: [    9.090000] systemd[1]: Detected architecture arm.
Jul 24 19:46:53 witherspoon kernel[963]: [    9.180000] systemd[1]: Set hostname to <witherspoon>.
Jul 24 19:46:53 witherspoon kernel[963]: [   10.890000] systemd[1]: Reached target Remote File Systems.
Jul 24 19:46:53 witherspoon kernel[963]: [   11.030000] systemd[1]: Started Dispatch Password Requests to Console Directory Watch.
Jul 24 19:46:53 witherspoon kernel[963]: [   11.180000] systemd[1]: Listening on udev Kernel Socket.
Jul 24 19:46:53 witherspoon kernel[963]: [   11.330000] systemd[1]: Reached target Swap.
Jul 24 19:46:53 witherspoon kernel[963]: [   11.490000] systemd[1]: Listening on Journal Socket.
Jul 24 19:47:02 witherspoon systemd[1]: Started Phosphor Hwmon Poller.
Jul 24 19:46:53 witherspoon kernel[963]: [   11.650000] systemd[1]: Listening on udev Control Socket.
Jul 24 19:46:53 witherspoon kernel[963]: [   11.820000] systemd[1]: Started Forward Password Requests to Wall Directory Watch.
Jul 24 19:46:53 witherspoon kernel[963]: [   14.220000] systemd[1]: Mounting Debug File System...
Jul 24 19:46:53 witherspoon kernel[963]: [   14.220000] systemd[1]: Created slice system-phosphor\x2dcooling\x2dtype.slice.
Jul 24 19:46:53 witherspoon kernel[963]: [   14.450000] systemd[1]: Created slice system-org.openbmc.buttons.reset.slice.
Jul 24 19:46:53 witherspoon kernel[963]: [   14.450000] systemd[1]: Starting Journal Service...
Jul 24 19:46:53 witherspoon kernel[963]: [   14.690000] systemd[1]: Starting Remount Root and Kernel File Systems...
Jul 24 19:46:53 witherspoon kernel[963]: [   14.930000] systemd[1]: Created slice system-org.openbmc.control.Bmc.slice.
Jul 24 19:46:53 witherspoon kernel[963]: [   15.180000] systemd[1]: Created slice system-org.openbmc.buttons.Power.slice.
Jul 24 19:46:53 witherspoon kernel[963]: [   15.430000] systemd[1]: Created slice system-org.openbmc.control.Chassis.slice.
Jul 24 19:46:53 witherspoon kernel[963]: [   15.690000] systemd[1]: Reached target Slices.
Jul 24 19:46:53 witherspoon kernel[963]: [   15.950000] systemd[1]: dev-hugepages.mount: Couldn't determine result for ConditionVirtualization=!private-users, assuming failed: No such file or directory
Jul 24 19:46:53 witherspoon kernel[963]: [   21.180000] systemd-journald[548]: Received request to flush runtime journal from PID 1
Jul 24 19:46:55 witherspoon avahi-daemon[948]: Found user 'avahi' (UID 998) and group 'avahi' (GID 999).
Jul 24 19:47:02 witherspoon systemd[1]: Started Phosphor Version Software Manager.
Jul 24 19:46:55 witherspoon avahi-daemon[948]: Successfully dropped root privileges.
Jul 24 19:47:02 witherspoon systemd-networkd[987]: eth0: Gained IPv6LL
Jul 24 19:46:55 witherspoon avahi-daemon[948]: avahi-daemon 0.6.32 starting up.
Jul 24 19:47:03 witherspoon systemd[1]: Started Phosphor BMC0 Control.
Jul 24 19:46:55 witherspoon avahi-daemon[948]: Successfully called chroot().
Jul 24 19:46:55 witherspoon avahi-daemon[948]: Successfully dropped remaining capabilities.
Jul 24 19:46:55 witherspoon avahi-daemon[948]: Loading service file /services/obmc_console.service.
Jul 24 19:46:55 witherspoon avahi-daemon[948]: Loading service file /services/phosphor_rest.service.
Jul 24 19:46:55 witherspoon avahi-daemon[948]: Loading service file /services/sftp-ssh.service.
Jul 24 19:46:55 witherspoon avahi-daemon[948]: Loading service file /services/sftp.service.
Jul 24 19:46:55 witherspoon avahi-daemon[948]: Loading service file /services/ssh.service.
Jul 24 19:46:55 witherspoon avahi-daemon[948]: Network interface enumeration completed.
Jul 24 19:46:55 witherspoon avahi-daemon[948]: Server startup complete. Host name is witherspoon.local. Local service cookie is 930047204.
Jul 24 19:46:55 witherspoon avahi-daemon[948]: Service "witherspoon" (/services/ssh.service) successfully established.
Jul 24 19:46:55 witherspoon avahi-daemon[948]: Service "sftp" (/services/sftp.service) successfully established.
Jul 24 19:46:55 witherspoon avahi-daemon[948]: Service "witherspoon" (/services/sftp-ssh.service) successfully established.
Jul 24 19:46:55 witherspoon avahi-daemon[948]: Service "phosphor_rest" (/services/phosphor_rest.service) successfully established.
Jul 24 19:46:55 witherspoon avahi-daemon[948]: Service "obmc_console" (/services/obmc_console.service) successfully established.
Jul 24 19:47:00 witherspoon avahi-daemon[948]: Joining mDNS multicast group on interface eth0.IPv4 with address 9.3.21.61.
Jul 24 19:47:00 witherspoon avahi-daemon[948]: New relevant interface eth0.IPv4 for mDNS.
Jul 24 19:47:00 witherspoon avahi-daemon[948]: Registering new address record for 9.3.21.61 on eth0.IPv4.
Jul 24 19:47:04 witherspoon kernel: ftgmac100 1e660000.ethernet eth0: NCSI interface up
Jul 24 19:47:02 witherspoon avahi-daemon[948]: Joining mDNS multicast group on interface eth0.IPv6 with address fe80::72e2:84ff:fe14:28a9.
Jul 24 19:47:02 witherspoon avahi-daemon[948]: New relevant interface eth0.IPv6 for mDNS.
Jul 24 19:47:02 witherspoon avahi-daemon[948]: Registering new address record for fe80::72e2:84ff:fe14:28a9 on eth0.*.
Jul 24 19:47:04 witherspoon kernel[963]: [   47.490000] ftgmac100 1e660000.ethernet eth0: NCSI interface up
Jul 24 19:47:05 witherspoon phosphor-hwmon-readd[1007]: Failed to read from device.
Jul 24 19:47:05 witherspoon phosphor-hwmon-readd[1007]: Error in mapper call
Jul 24 19:47:05 witherspoon systemd[1]: xyz.openbmc_project.Hwmon@ahb-apb-i2c\x401e78a000-i2c\x2dbus\x40100-dps310\x4076.service: Main process exited, code=exited, status=1/FAILURE
Jul 24 19:47:05 witherspoon systemd[1]: xyz.openbmc_project.Hwmon@ahb-apb-i2c\x401e78a000-i2c\x2dbus\x40100-dps310\x4076.service: Unit entered failed state.
Jul 24 19:47:05 witherspoon systemd[1]: xyz.openbmc_project.Hwmon@ahb-apb-i2c\x401e78a000-i2c\x2dbus\x40100-dps310\x4076.service: Failed with result 'exit-code'.
Jul 24 19:47:05 witherspoon systemd[1]: xyz.openbmc_project.Hwmon@ahb-apb-i2c\x401e78a000-i2c\x2dbus\x40100-dps310\x4076.service: Service hold-off time over, scheduling restart.
Jul 24 19:47:05 witherspoon systemd[1]: Stopped Phosphor Hwmon Poller.
Jul 24 19:47:05 witherspoon systemd[1]: Started Phosphor Hwmon Poller.
Jul 24 19:47:08 witherspoon avahi-daemon[948]: Withdrawing address record for 9.3.21.61 on eth0.
Jul 24 19:47:08 witherspoon avahi-daemon[948]: Host name conflict, retrying with witherspoon-2
Jul 24 19:47:08 witherspoon avahi-daemon[948]: Registering new address record for fe80::72e2:84ff:fe14:28a9 on eth0.*.
Jul 24 19:47:08 witherspoon avahi-daemon[948]: Registering new address record for 9.3.21.61 on eth0.IPv4.
Jul 24 19:47:08 witherspoon avahi-daemon[948]: Withdrawing address record for 9.3.21.61 on eth0.
Jul 24 19:47:08 witherspoon avahi-daemon[948]: Host name conflict, retrying with witherspoon-3
Jul 24 19:47:08 witherspoon avahi-daemon[948]: Registering new address record for fe80::72e2:84ff:fe14:28a9 on eth0.*.
Jul 24 19:47:08 witherspoon avahi-daemon[948]: Registering new address record for 9.3.21.61 on eth0.IPv4.
Jul 24 19:47:08 witherspoon systemd[1]: Created slice system-dropbear.slice.
Jul 24 19:47:08 witherspoon phosphor-hwmon-readd[1011]: Failed to read from device.
Jul 24 19:47:09 witherspoon systemd[1]: Started SSH Per-Connection Server (9.41.165.94:38614).
Jul 24 19:47:09 witherspoon avahi-daemon[948]: Withdrawing address record for 9.3.21.61 on eth0.
Jul 24 19:47:09 witherspoon avahi-daemon[948]: Host name conflict, retrying with witherspoon-4
Jul 24 19:47:09 witherspoon avahi-daemon[948]: Registering new address record for fe80::72e2:84ff:fe14:28a9 on eth0.*.
Jul 24 19:47:09 witherspoon avahi-daemon[948]: Registering new address record for 9.3.21.61 on eth0.IPv4.
Jul 24 19:47:09 witherspoon phosphor-hwmon-readd[1011]: Error in mapper call
Jul 24 19:47:09 witherspoon systemd[1]: xyz.openbmc_project.Hwmon@ahb-apb-i2c\x401e78a000-i2c\x2dbus\x40100-dps310\x4076.service: Main process exited, code=exited, status=1/FAILURE
Jul 24 19:47:09 witherspoon systemd[1]: xyz.openbmc_project.Hwmon@ahb-apb-i2c\x401e78a000-i2c\x2dbus\x40100-dps310\x4076.service: Unit entered failed state.
Jul 24 19:47:09 witherspoon systemd[1]: xyz.openbmc_project.Hwmon@ahb-apb-i2c\x401e78a000-i2c\x2dbus\x40100-dps310\x4076.service: Failed with result 'exit-code'.
Jul 24 19:47:10 witherspoon systemd[1]: xyz.openbmc_project.Hwmon@ahb-apb-i2c\x401e78a000-i2c\x2dbus\x40100-dps310\x4076.service: Service hold-off time over, scheduling restart.
Jul 24 19:47:10 witherspoon systemd[1]: Stopped Phosphor Hwmon Poller.
Jul 24 19:47:10 witherspoon systemd[1]: Started Phosphor Hwmon Poller.
Jul 24 19:47:10 witherspoon avahi-daemon[948]: Withdrawing address record for 9.3.21.61 on eth0.
Jul 24 19:47:10 witherspoon avahi-daemon[948]: Host name conflict, retrying with witherspoon-5
Jul 24 19:47:10 witherspoon avahi-daemon[948]: Registering new address record for fe80::72e2:84ff:fe14:28a9 on eth0.*.
Jul 24 19:47:10 witherspoon avahi-daemon[948]: Registering new address record for 9.3.21.61 on eth0.IPv4.
Jul 24 19:47:11 witherspoon avahi-daemon[948]: Withdrawing address record for 9.3.21.61 on eth0.
Jul 24 19:47:11 witherspoon avahi-daemon[948]: Host name conflict, retrying with witherspoon-6
Jul 24 19:47:11 witherspoon avahi-daemon[948]: Registering new address record for fe80::72e2:84ff:fe14:28a9 on eth0.*.
Jul 24 19:47:11 witherspoon avahi-daemon[948]: Registering new address record for 9.3.21.61 on eth0.IPv4.
Jul 24 19:47:11 witherspoon dropbear[1013]: Failed loading /etc/dropbear/dropbear_dss_host_key
Jul 24 19:47:11 witherspoon dropbear[1013]: Failed loading /etc/dropbear/dropbear_ecdsa_host_key
Jul 24 19:47:11 witherspoon dropbear[1013]: Child connection from ::ffff:9.41.165.94:38614
Jul 24 19:47:13 witherspoon phosphor-hwmon-readd[1015]: Failed to read from device.
Jul 24 19:47:13 witherspoon avahi-daemon[948]: Server startup complete. Host name is witherspoon-6.local. Local service cookie is 930047204.
Jul 24 19:47:14 witherspoon avahi-daemon[948]: Service name conflict for "sftp" (/services/sftp.service), retrying with "sftp #2".
Jul 24 19:47:14 witherspoon avahi-daemon[948]: Service name conflict for "obmc_console" (/services/obmc_console.service), retrying with "obmc_console #2".
Jul 24 19:47:14 witherspoon avahi-daemon[948]: Service name conflict for "phosphor_rest" (/services/phosphor_rest.service), retrying with "phosphor_rest #2".
Jul 24 19:47:14 witherspoon avahi-daemon[948]: Service "witherspoon-6" (/services/ssh.service) successfully established.
Jul 24 19:47:14 witherspoon avahi-daemon[948]: Service "witherspoon-6" (/services/sftp-ssh.service) successfully established.
Jul 24 19:47:14 witherspoon phosphor-hwmon-readd[1015]: Error in mapper call
Jul 24 19:47:14 witherspoon systemd[1]: xyz.openbmc_project.Hwmon@ahb-apb-i2c\x401e78a000-i2c\x2dbus\x40100-dps310\x4076.service: Main process exited, code=exited, status=1/FAILURE
Jul 24 19:47:14 witherspoon systemd[1]: xyz.openbmc_project.Hwmon@ahb-apb-i2c\x401e78a000-i2c\x2dbus\x40100-dps310\x4076.service: Unit entered failed state.
Jul 24 19:47:14 witherspoon systemd[1]: xyz.openbmc_project.Hwmon@ahb-apb-i2c\x401e78a000-i2c\x2dbus\x40100-dps310\x4076.service: Failed with result 'exit-code'.
Jul 24 19:47:15 witherspoon systemd[1]: xyz.openbmc_project.Hwmon@ahb-apb-i2c\x401e78a000-i2c\x2dbus\x40100-dps310\x4076.service: Service hold-off time over, scheduling restart.
Jul 24 19:47:15 witherspoon systemd[1]: Stopped Phosphor Hwmon Poller.
Jul 24 19:47:15 witherspoon systemd[1]: Started Phosphor Hwmon Poller.
Jul 24 19:47:15 witherspoon systemd-networkd[987]: eth0: Configured
Jul 24 19:47:15 witherspoon systemd-timesyncd[904]: Network configuration changed, trying to establish connection.
Jul 24 19:47:16 witherspoon avahi-daemon[948]: Service "sftp #2" (/services/sftp.service) successfully established.
Jul 24 19:47:16 witherspoon avahi-daemon[948]: Service "phosphor_rest #2" (/services/phosphor_rest.service) successfully established.
Jul 24 19:47:16 witherspoon avahi-daemon[948]: Service "obmc_console #2" (/services/obmc_console.service) successfully established.
Jul 24 19:47:17 witherspoon dropbear[1013]: PAM password auth succeeded for 'root' from ::ffff:9.41.165.94:38614
Jul 24 19:47:18 witherspoon dropbear[1018]: lastlog_perform_login: Couldn't stat /var/log/lastlog: No such file or directory
Jul 24 19:47:18 witherspoon dropbear[1018]: lastlog_openseek: /var/log/lastlog is not a file or directory!
Jul 24 19:47:18 witherspoon phosphor-hwmon-readd[1017]: Failed to read from device.
Jul 24 19:47:19 witherspoon phosphor-hwmon-readd[1017]: Error in mapper call
Jul 24 19:47:19 witherspoon systemd[1]: xyz.openbmc_project.Hwmon@ahb-apb-i2c\x401e78a000-i2c\x2dbus\x40100-dps310\x4076.service: Main process exited, code=exited, status=1/FAILURE
Jul 24 19:47:19 witherspoon systemd[1]: xyz.openbmc_project.Hwmon@ahb-apb-i2c\x401e78a000-i2c\x2dbus\x40100-dps310\x4076.service: Unit entered failed state.
Jul 24 19:47:19 witherspoon systemd[1]: xyz.openbmc_project.Hwmon@ahb-apb-i2c\x401e78a000-i2c\x2dbus\x40100-dps310\x4076.service: Failed with result 'exit-code'.
Jul 24 19:47:19 witherspoon systemd[1]: xyz.openbmc_project.Hwmon@ahb-apb-i2c\x401e78a000-i2c\x2dbus\x40100-dps310\x4076.service: Service hold-off time over, scheduling restart.
Jul 24 19:47:19 witherspoon systemd[1]: Stopped Phosphor Hwmon Poller.
Jul 24 19:47:19 witherspoon systemd[1]: Started Phosphor Hwmon Poller.
Jul 24 19:47:20 witherspoon phosphor-hwmon-readd[1025]: Failed to read from device.
Jul 24 19:47:21 witherspoon phosphor-hwmon-readd[1025]: Error in mapper call
Jul 24 19:47:21 witherspoon systemd[1]: xyz.openbmc_project.Hwmon@ahb-apb-i2c\x401e78a000-i2c\x2dbus\x40100-dps310\x4076.service: Main process exited, code=exited, status=1/FAILURE
Jul 24 19:47:21 witherspoon systemd[1]: xyz.openbmc_project.Hwmon@ahb-apb-i2c\x401e78a000-i2c\x2dbus\x40100-dps310\x4076.service: Unit entered failed state.
Jul 24 19:47:21 witherspoon systemd[1]: xyz.openbmc_project.Hwmon@ahb-apb-i2c\x401e78a000-i2c\x2dbus\x40100-dps310\x4076.service: Failed with result 'exit-code'.
Jul 24 19:47:21 witherspoon systemd[1]: xyz.openbmc_project.Hwmon@ahb-apb-i2c\x401e78a000-i2c\x2dbus\x40100-dps310\x4076.service: Service hold-off time over, scheduling restart.
Jul 24 19:47:21 witherspoon systemd[1]: Stopped Phosphor Hwmon Poller.
Jul 24 19:47:21 witherspoon systemd[1]: Started Phosphor Hwmon Poller.
Jul 24 19:47:22 witherspoon phosphor-hwmon-readd[1027]: Failed to read from device.
Jul 24 19:47:22 witherspoon phosphor-hwmon-readd[1027]: Error in mapper call
Jul 24 19:47:22 witherspoon systemd[1]: xyz.openbmc_project.Hwmon@ahb-apb-i2c\x401e78a000-i2c\x2dbus\x40100-dps310\x4076.service: Main process exited, code=exited, status=1/FAILURE
Jul 24 19:47:22 witherspoon systemd[1]: xyz.openbmc_project.Hwmon@ahb-apb-i2c\x401e78a000-i2c\x2dbus\x40100-dps310\x4076.service: Unit entered failed state.
Jul 24 19:47:22 witherspoon systemd[1]: xyz.openbmc_project.Hwmon@ahb-apb-i2c\x401e78a000-i2c\x2dbus\x40100-dps310\x4076.service: Failed with result 'exit-code'.
Jul 24 19:47:23 witherspoon obmc-phosphor-userd[947]: Started
Jul 24 19:47:23 witherspoon chassis_control.py[970]: Running ChassisControlService
Jul 24 19:47:23 witherspoon systemd[1]: xyz.openbmc_project.Hwmon@ahb-apb-i2c\x401e78a000-i2c\x2dbus\x40100-dps310\x4076.service: Service hold-off time over, scheduling restart.
Jul 24 19:47:23 witherspoon systemd[1]: Stopped Phosphor Hwmon Poller.
Jul 24 19:47:23 witherspoon systemd[1]: Started Phosphor Hwmon Poller.
Jul 24 19:47:23 witherspoon systemd[1]: Started Phosphor User Manager.
Jul 24 19:47:23 witherspoon systemd[1]: Started Phosphor Chassis0 Control.
Jul 24 19:47:23 witherspoon systemd[1]: Started Phosphor Download Manager.
Jul 24 19:47:23 witherspoon download_manager.py[976]: Running Download Manager
Jul 24 19:47:23 witherspoon systemd[1]: Started Phosphor Network Manager.
Jul 24 19:47:23 witherspoon netman.py[951]: Started
Jul 24 19:47:24 witherspoon sensor_manager2.py[989]: Setting boot count to 3
Jul 24 19:47:24 witherspoon systemd[1]: Started Phosphor Sensor Manager.
Jul 24 19:47:24 witherspoon sensor_manager2.py[989]: Starting sensor manager
Jul 24 19:47:25 witherspoon phosphor-mapper[945]: ObjectMapper startup complete.  Discovery in progress...
Jul 24 19:47:25 witherspoon phosphor-hwmon-readd[1029]: Failed to read from device.
Jul 24 19:47:25 witherspoon phosphor-hwmon-readd[1029]: Error in mapper call
Jul 24 19:47:25 witherspoon systemd[1]: xyz.openbmc_project.Hwmon@ahb-apb-i2c\x401e78a000-i2c\x2dbus\x40100-dps310\x4076.service: Main process exited, code=exited, status=1/FAILURE
Jul 24 19:47:25 witherspoon systemd[1]: xyz.openbmc_project.Hwmon@ahb-apb-i2c\x401e78a000-i2c\x2dbus\x40100-dps310\x4076.service: Unit entered failed state.
Jul 24 19:47:25 witherspoon systemd[1]: xyz.openbmc_project.Hwmon@ahb-apb-i2c\x401e78a000-i2c\x2dbus\x40100-dps310\x4076.service: Failed with result 'exit-code'.
Jul 24 19:47:25 witherspoon systemd[1]: xyz.openbmc_project.Hwmon@ahb-apb-i2c\x401e78a000-i2c\x2dbus\x40100-dps310\x4076.service: Service hold-off time over, scheduling restart.
Jul 24 19:47:25 witherspoon systemd[1]: Stopped Phosphor Hwmon Poller.
Jul 24 19:47:25 witherspoon systemd[1]: Started Phosphor Hwmon Poller.
Jul 24 19:47:26 witherspoon avahi-daemon[986]: ../../avahi-0.6.32/avahi-daemon/chroot.c: open() failed: No such file or directory
Jul 24 19:47:26 witherspoon avahi-daemon[948]: Failed to open /usr/share/dbus-1/interfaces/org.freedesktop.Avahi.Server.xml: Invalid argument
Jul 24 19:47:26 witherspoon avahi-daemon[948]: Failed to load introspection data.
Jul 24 19:47:26 witherspoon phosphor-hwmon-readd[1031]: Failed to read from device.
Jul 24 19:47:26 witherspoon phosphor-hwmon-readd[1031]: Error in mapper call
Jul 24 19:47:26 witherspoon systemd[1]: xyz.openbmc_project.Hwmon@ahb-apb-i2c\x401e78a000-i2c\x2dbus\x40100-dps310\x4076.service: Main process exited, code=exited, status=1/FAILURE
Jul 24 19:47:26 witherspoon systemd[1]: xyz.openbmc_project.Hwmon@ahb-apb-i2c\x401e78a000-i2c\x2dbus\x40100-dps310\x4076.service: Unit entered failed state.
Jul 24 19:47:26 witherspoon systemd[1]: xyz.openbmc_project.Hwmon@ahb-apb-i2c\x401e78a000-i2c\x2dbus\x40100-dps310\x4076.service: Failed with result 'exit-code'.
Jul 24 19:47:27 witherspoon systemd[1]: xyz.openbmc_project.Hwmon@ahb-apb-i2c\x401e78a000-i2c\x2dbus\x40100-dps310\x4076.service: Service hold-off time over, scheduling restart.
Jul 24 19:47:27 witherspoon systemd[1]: Stopped Phosphor Hwmon Poller.
Jul 24 19:47:27 witherspoon systemd[1]: Started Phosphor Hwmon Poller.
Jul 24 19:47:27 witherspoon phosphor-hwmon-readd[1033]: Failed to read from device.
Jul 24 19:47:27 witherspoon phosphor-hwmon-readd[1033]: Error in mapper call
Jul 24 19:47:27 witherspoon systemd[1]: xyz.openbmc_project.Hwmon@ahb-apb-i2c\x401e78a000-i2c\x2dbus\x40100-dps310\x4076.service: Main process exited, code=exited, status=1/FAILURE
Jul 24 19:47:27 witherspoon systemd[1]: xyz.openbmc_project.Hwmon@ahb-apb-i2c\x401e78a000-i2c\x2dbus\x40100-dps310\x4076.service: Unit entered failed state.
Jul 24 19:47:27 witherspoon systemd[1]: xyz.openbmc_project.Hwmon@ahb-apb-i2c\x401e78a000-i2c\x2dbus\x40100-dps310\x4076.service: Failed with result 'exit-code'.
Jul 24 19:47:28 witherspoon systemd[1]: xyz.openbmc_project.Hwmon@ahb-apb-i2c\x401e78a000-i2c\x2dbus\x40100-dps310\x4076.service: Service hold-off time over, scheduling restart.
Jul 24 19:47:28 witherspoon systemd[1]: Stopped Phosphor Hwmon Poller.
Jul 24 19:47:28 witherspoon systemd[1]: Started Phosphor Hwmon Poller.
Jul 24 19:47:28 witherspoon inventory_items.py[964]: Loading from cache: /var/cache/obmc/org.openbmc.inventory.system.chassis.motherboard.apss@org.openbmc.InventoryItem.props
Jul 24 19:47:28 witherspoon inventory_items.py[964]: Loading from cache: /var/cache/obmc/org.openbmc.inventory.system.chassis.motherboard@org.openbmc.InventoryItem.props
Jul 24 19:47:28 witherspoon inventory_items.py[964]: Loading from cache: /var/cache/obmc/org.openbmc.inventory.system.chassis.motherboard.refclock@org.openbmc.InventoryItem.props
Jul 24 19:47:28 witherspoon inventory_items.py[964]: Loading from cache: /var/cache/obmc/org.openbmc.inventory.system.chassis.motherboard.todclock@org.openbmc.InventoryItem.props
Jul 24 19:47:29 witherspoon phosphor-hwmon-readd[1035]: Failed to read from device.
Jul 24 19:47:29 witherspoon phosphor-hwmon-readd[1035]: Error in mapper call
Jul 24 19:47:29 witherspoon systemd[1]: xyz.openbmc_project.Hwmon@ahb-apb-i2c\x401e78a000-i2c\x2dbus\x40100-dps310\x4076.service: Main process exited, code=exited, status=1/FAILURE
Jul 24 19:47:29 witherspoon systemd[1]: xyz.openbmc_project.Hwmon@ahb-apb-i2c\x401e78a000-i2c\x2dbus\x40100-dps310\x4076.service: Unit entered failed state.
Jul 24 19:47:29 witherspoon systemd[1]: xyz.openbmc_project.Hwmon@ahb-apb-i2c\x401e78a000-i2c\x2dbus\x40100-dps310\x4076.service: Failed with result 'exit-code'.
Jul 24 19:47:30 witherspoon systemd[1]: xyz.openbmc_project.Hwmon@ahb-apb-i2c\x401e78a000-i2c\x2dbus\x40100-dps310\x4076.service: Service hold-off time over, scheduling restart.
Jul 24 19:47:30 witherspoon systemd[1]: Stopped Phosphor Hwmon Poller.
Jul 24 19:47:30 witherspoon systemd[1]: xyz.openbmc_project.Hwmon@ahb-apb-i2c\x401e78a000-i2c\x2dbus\x40100-dps310\x4076.service: Start request repeated too quickly.
Jul 24 19:47:30 witherspoon systemd[1]: Failed to start Phosphor Hwmon Poller.
Jul 24 19:47:30 witherspoon systemd[1]: xyz.openbmc_project.Hwmon@ahb-apb-i2c\x401e78a000-i2c\x2dbus\x40100-dps310\x4076.service: Unit entered failed state.
Jul 24 19:47:30 witherspoon systemd[1]: xyz.openbmc_project.Hwmon@ahb-apb-i2c\x401e78a000-i2c\x2dbus\x40100-dps310\x4076.service: Failed with result 'exit-code'.
Jul 24 19:47:30 witherspoon inventory_items.py[964]: Loading from cache: /var/cache/obmc/org.openbmc.inventory.system.chassis.motherboard.bmc@org.openbmc.InventoryItem.props
Jul 24 19:47:30 witherspoon inventory_items.py[964]: Caching: /org/openbmc/inventory/system/chassis/motherboard/bmc
Jul 24 19:47:30 witherspoon inventory_items.py[964]: Loading from cache: /var/cache/obmc/org.openbmc.inventory.system.chassis.motherboard.pcieclock@org.openbmc.InventoryItem.props
Jul 24 19:47:30 witherspoon inventory_items.py[964]: Running Inventory Manager
Jul 24 19:47:30 witherspoon systemd[1]: Started Phosphor Inventory Manager.
Jul 24 19:47:39 witherspoon phosphor-mapper[945]: ObjectMapper discovery complete
Jul 24 19:47:39 witherspoon systemd[1]: Started Phosphor DBus Service Discovery Manager.
Jul 24 19:47:39 witherspoon systemd[1]: Reached target Phosphor Object Mapper.
Jul 24 19:47:39 witherspoon systemd[1]: Starting Phoshpor System Manager...
Jul 24 19:47:39 witherspoon systemd[1]: Starting Wait for /org/openbmc/managers/Download...
Jul 24 19:47:39 witherspoon systemd[1]: Starting Wait for /org/openbmc/control/bmc0...
Jul 24 19:47:39 witherspoon systemd[1]: Starting Wait for /xyz/openbmc_project/control/host0...
Jul 24 19:47:39 witherspoon systemd[1]: Starting Wait for /xyz/openbmc_project/state/chassis0...
Jul 24 19:47:39 witherspoon systemd[1]: Started Phosphor DBus Monitor.
Jul 24 19:47:39 witherspoon systemd[1]: Starting Wait for /xyz/openbmc_project/led/groups...
Jul 24 19:47:39 witherspoon systemd[1]: Starting Wait for /org/openbmc/NetworkManager/Interface...
Jul 24 19:47:39 witherspoon systemd[1]: Starting Wait for /xyz/openbmc_project/inventory...
Jul 24 19:47:39 witherspoon systemd[1]: Starting Wait for /org/openbmc/managers/System...
Jul 24 19:47:39 witherspoon systemd[1]: Starting Wait for /org/openbmc/control/power0...
Jul 24 19:47:39 witherspoon systemd[1]: Reached target Webserver (pre).
Jul 24 19:47:39 witherspoon systemd[1]: Started Phosphor Webserver.
Jul 24 19:47:39 witherspoon systemd[1]: Starting Wait for /org/openbmc/control/flash/bios...
Jul 24 19:47:39 witherspoon systemd[1]: Starting Phosphor Network Manager...
Jul 24 19:47:39 witherspoon systemd[1]: Starting Wait for /xyz/openbmc_project/led/groups/bmc_booted...
Jul 24 19:47:39 witherspoon systemd[1]: Starting Wait for /xyz/openbmc_project/state/host0...
Jul 24 19:47:39 witherspoon systemd[1]: Starting Phosphor Settings Manager...
Jul 24 19:47:40 witherspoon systemd[1]: Started Wait for /xyz/openbmc_project/led/groups/bmc_booted.
Jul 24 19:47:40 witherspoon systemd[1]: Starting Assert bmc_booted LED...
Jul 24 19:47:40 witherspoon systemd[1]: Started Wait for /xyz/openbmc_project/inventory.
Jul 24 19:47:40 witherspoon systemd[1]: Starting OpenPOWER OCC controller...
Jul 24 19:47:41 witherspoon systemd[1]: Starting Read OpenPOWER-format VPD from EEPROM...
Jul 24 19:47:41 witherspoon systemd[1]: Started Phosphor Cooling Type.
Jul 24 19:47:41 witherspoon systemd[1]: Started Wait for /org/openbmc/NetworkManager/Interface.
Jul 24 19:47:41 witherspoon systemd[1]: Started Phosphor DNS Settings Cache Manager.
Jul 24 19:47:41 witherspoon systemd[1]: Started Wait for /org/openbmc/control/bmc0.
Jul 24 19:47:41 witherspoon systemd[1]: Started Wait for /xyz/openbmc_project/led/groups.
Jul 24 19:47:41 witherspoon systemd[1]: Started FRU Fault monitor service.
Jul 24 19:47:41 witherspoon systemd[1]: Started Assert bmc_booted LED.
Jul 24 19:47:42 witherspoon phosphor-network-manager[1050]: ConfigParser: Section not found
Jul 24 19:47:42 witherspoon phosphor-network-manager[1050]: The operation failed internally.
Jul 24 19:47:42 witherspoon systemd[1]: Started Wait for /org/openbmc/managers/Download.
Jul 24 19:47:42 witherspoon systemd[1]: Starting Phosphor BMC Code Update...
Jul 24 19:47:42 witherspoon systemd[1]: Starting Phosphor BIOS Code Update...
Jul 24 19:47:43 witherspoon systemd[1]: Started Phosphor BIOS Code Update.
Jul 24 19:47:43 witherspoon systemd[1]: Started OpenPOWER OCC controller.
Jul 24 19:47:44 witherspoon phosphor-network-manager[1050]: ConfigParser: Section not found
Jul 24 19:47:44 witherspoon phosphor-network-manager[1050]: The operation failed internally.
Jul 24 19:47:44 witherspoon phosphor-network-manager[1050]: ConfigParser: Key not found
Jul 24 19:47:44 witherspoon phosphor-network-manager[1050]: The operation failed internally.
Jul 24 19:47:45 witherspoon phosphor-log-manager[954]: Failed to find metadata
Jul 24 19:47:47 witherspoon systemd[1]: Started Read OpenPOWER-format VPD from EEPROM.
Jul 24 19:47:49 witherspoon systemd[1]: Started Wait for /org/openbmc/control/flash/bios.
Jul 24 19:47:49 witherspoon systemd[1]: Started Initialize BIOS Flash.
Jul 24 19:47:49 witherspoon dbus[984]: [system] Activating via systemd: service name='org.freedesktop.hostname1' unit='dbus-org.freedesktop.hostname1.service'
Jul 24 19:47:49 witherspoon systemd[1]: Starting Hostname Service...
Jul 24 19:47:49 witherspoon systemd[1078]: systemd-hostnamed.service: Failed at step NETWORK spawning /lib/systemd/systemd-hostnamed: Invalid argument
Jul 24 19:47:49 witherspoon systemd[1]: systemd-hostnamed.service: Main process exited, code=exited, status=225/NETWORK
Jul 24 19:47:49 witherspoon systemd[1]: Failed to start Hostname Service.
Jul 24 19:47:49 witherspoon systemd[1]: systemd-hostnamed.service: Unit entered failed state.
Jul 24 19:47:49 witherspoon systemd[1]: systemd-hostnamed.service: Failed with result 'exit-code'.
Jul 24 19:47:53 witherspoon flash_bios.exe[1068]: Starting flasher: bios,,/org/openbmc/control/flash/bios,
Jul 24 19:47:53 witherspoon flash_bios.exe[1068]: flasher: , BMC = 1, address = 0x0
Jul 24 19:47:53 witherspoon flash_bios.exe[1068]: Setting up flash
Jul 24 19:47:54 witherspoon flash_bios.exe[1068]: Starting flasher: bios,,/org/openbmc/control/flash/bios,
Jul 24 19:47:54 witherspoon flash_bios.exe[1068]: flasher: , BMC = 1, address = 0x0
Jul 24 19:47:54 witherspoon flash_bios.exe[1068]: Setting up flash
Jul 24 19:47:54 witherspoon system_manager.py[1037]: Running System State: BASE_APPS
Jul 24 19:47:55 witherspoon system_manager.py[1037]: SystemManager Init Done
Jul 24 19:47:55 witherspoon system_manager.py[1037]: Running SystemManager
Jul 24 19:47:55 witherspoon systemd[1]: Started Phoshpor System Manager.
Jul 24 19:47:56 witherspoon system_manager.py[1037]: SystemManager Goto System State: BMC_STARTING
Jul 24 19:47:56 witherspoon system_manager.py[1037]: Running System State: BMC_STARTING
Jul 24 19:47:56 witherspoon systemd[1]: Started Wait for /org/openbmc/managers/System.
Jul 24 19:47:56 witherspoon systemd[1]: Starting Phosphor Power Button0...
Jul 24 19:47:56 witherspoon systemd[1]: Starting Phosphor BMC State Manager...
Jul 24 19:47:56 witherspoon systemd[1]: Starting Phosphor Host State Manager...
Jul 24 19:47:56 witherspoon systemd[1]: Starting Phosphor Power0 Control...
Jul 24 19:47:56 witherspoon systemd[1]: Starting Phosphor Reset Button0...
Jul 24 19:47:56 witherspoon systemd[1]: Starting Phosphor Chassis State Manager...
Jul 24 19:47:57 witherspoon settings_manager.py[1053]: Running HostSettingsService
Jul 24 19:47:57 witherspoon systemd[1]: Started Phosphor Settings Manager.
Jul 24 19:47:57 witherspoon systemd[1]: Starting Wait for /org/openbmc/settings/host0...
Jul 24 19:47:57 witherspoon bmc_update.py[1067]: Running Bmc Flash Control
Jul 24 19:47:57 witherspoon systemd[1]: Started Phosphor BMC Code Update.
Jul 24 19:47:57 witherspoon phosphor-host-state-manager[1093]: Initial Host State will be Off
Jul 24 19:47:57 witherspoon systemd[1]: Started Phosphor Host State Manager.
Jul 24 19:47:58 witherspoon system_manager.py[1037]: New object: /org/openbmc/control/power0 (:1.94)
Jul 24 19:47:58 witherspoon system_manager.py[1037]: Power GPIO config: ['SYS_PWROK_BUFF', '', [('SOFTWARE_PGOOD', True), ('BMC_POWER_UP', True)], [('BMC_CP0_RESET_N', False)], [], 'FSI_DATA', 'FSI_CLK', 'FSI_ENABLE', 'CRONUS_SEL', []]
Jul 24 19:47:58 witherspoon power_control.exe[1094]: Power GPIO latch output:
Jul 24 19:47:58 witherspoon power_control.exe[1094]: Power GPIO power good input: SYS_PWROK_BUFF
Jul 24 19:47:58 witherspoon power_control.exe[1094]: Power GPIO 2 power_up outputs
Jul 24 19:47:58 witherspoon power_control.exe[1094]: Power GPIO power_up[0] = SOFTWARE_PGOOD active HIGH
Jul 24 19:47:58 witherspoon power_control.exe[1094]: Power GPIO power_up[1] = BMC_POWER_UP active HIGH
Jul 24 19:47:58 witherspoon power_control.exe[1094]: Power GPIO 1 reset outputs
Jul 24 19:47:58 witherspoon power_control.exe[1094]: Power GPIO reset[0] = BMC_CP0_RESET_N active LOW
Jul 24 19:47:58 witherspoon power_control.exe[1094]: Power GPIO 0 pci reset outputs
Jul 24 19:47:58 witherspoon power_control.exe[1094]: FSI DATA GPIO: FSI_DATA
Jul 24 19:47:58 witherspoon power_control.exe[1094]: FSI CLK GPIO: FSI_CLK
Jul 24 19:47:58 witherspoon power_control.exe[1094]: FSI ENABLE GPIO: FSI_ENABLE
Jul 24 19:47:58 witherspoon power_control.exe[1094]: CRONUS SEL GPIO: CRONUS_SEL
Jul 24 19:47:58 witherspoon power_control.exe[1094]: Hostctl GPIO optionals: 0
Jul 24 19:47:58 witherspoon button_power.exe[1091]: GPIO Lookup:  POWER_BUTTON = 347,both
Jul 24 19:47:58 witherspoon systemd[1]: Started Phosphor Power Button0.
Jul 24 19:47:58 witherspoon power_control.exe[1094]: GPIO Lookup:  SYS_PWROK_BUFF = 306,in
Jul 24 19:47:58 witherspoon power_control.exe[1094]: GPIO Lookup:  SOFTWARE_PGOOD = 417,out
Jul 24 19:47:58 witherspoon phosphor-chassis-state-manager[1096]: Initial Chassis State will be Off
Jul 24 19:47:59 witherspoon power_control.exe[1094]: GPIO Lookup:  BMC_POWER_UP = 305,out
Jul 24 19:47:59 witherspoon systemd[1]: Started Phosphor Chassis State Manager.
Jul 24 19:47:59 witherspoon phosphor-bmc-state-manager[1092]: Setting the BMCState field
Jul 24 19:47:59 witherspoon phosphor-bmc-state-manager[1092]: Setting the BMCState field
Jul 24 19:47:59 witherspoon systemd[1]: Started Phosphor BMC State Manager.
Jul 24 19:47:59 witherspoon power_control.exe[1094]: GPIO Lookup:  BMC_CP0_RESET_N = 281,out
Jul 24 19:47:59 witherspoon power_control.exe[1094]: Pgood state: 0
Jul 24 19:47:59 witherspoon button_reset.exe[1095]: GPIO Lookup:  RESET_BUTTON = 353,both
Jul 24 19:47:59 witherspoon systemd[1]: Started Phosphor Reset Button0.
Jul 24 19:47:59 witherspoon systemd[1]: Started Phosphor Power0 Control.
Jul 24 19:48:02 witherspoon systemd[1]: Started Wait for /org/openbmc/settings/host0.
Jul 24 19:48:02 witherspoon systemd[1]: Started Phosphor Inband IPMI.
Jul 24 19:48:04 witherspoon systemd[1]: Started Wait for /xyz/openbmc_project/state/host0.
Jul 24 19:48:04 witherspoon system_manager.py[1037]: SystemManager Goto System State: BMC_READY
Jul 24 19:48:04 witherspoon system_manager.py[1037]: Running System State: BMC_READY
Jul 24 19:48:04 witherspoon systemd[1]: Started Wait for /xyz/openbmc_project/state/chassis0.
Jul 24 19:48:04 witherspoon systemd[1]: Starting Reboot If Enabled...
Jul 24 19:48:05 witherspoon phosphor-discover-system-state[1123]: Host power is off, checking power policy
Jul 24 19:48:05 witherspoon systemd[1]: Started Reboot If Enabled.
Jul 24 19:48:05 witherspoon systemd[1]: Started Wait for /org/openbmc/control/power0.
Jul 24 19:48:05 witherspoon systemd[1]: Starting Phosphor Time Manager daemon...
Jul 24 19:48:05 witherspoon systemd[1]: Starting Check Chassis0 pgood and create a file to indicate it...
Jul 24 19:48:06 witherspoon systemd[1]: Started Wait for /xyz/openbmc_project/control/host0.
Jul 24 19:48:07 witherspoon timemanager[1127]: Registering dbus methods
Jul 24 19:48:07 witherspoon timemanager[1127]: Last known time_mode: MANUAL
Jul 24 19:48:07 witherspoon timemanager[1127]: Last known time_owner: BMC
Jul 24 19:48:07 witherspoon timemanager[1127]: Empty DhcpNtp string
Jul 24 19:48:07 witherspoon timemanager[1127]: Reading Power Control key: pgood
Jul 24 19:48:07 witherspoon systemd[1]: Started Check Chassis0 pgood and create a file to indicate it.
Jul 24 19:48:07 witherspoon systemd[1]: Reached target Chassis0 power on after reset.
Jul 24 19:48:07 witherspoon systemd[1]: Reached target Chassis0 (Reset Check).
Jul 24 19:48:07 witherspoon systemd[1]: Reached target Host0 running after reset.
Jul 24 19:48:07 witherspoon systemd[1]: Reached target Host0 (Reset Check).
Jul 24 19:48:07 witherspoon timemanager[1127]: Changing settings *allowed* now
Jul 24 19:48:07 witherspoon timemanager[1127]: Getting System Settings: time_mode
Jul 24 19:48:07 witherspoon timemanager[1127]: Requested_Mode: MANUAL Current_Mode: MANUAL
Jul 24 19:48:07 witherspoon timemanager[1127]: Mode is already set to : MANUAL
Jul 24 19:48:07 witherspoon timemanager[1127]: Getting System Settings: time_owner
Jul 24 19:48:07 witherspoon timemanager[1127]: Owner is already set to : BMC
Jul 24 19:48:07 witherspoon timemanager[1127]: Getting System Settings: use_dhcp_ntp
Jul 24 19:48:07 witherspoon timemanager[1127]: use_dhcp_ntp = yes
Jul 24 19:48:07 witherspoon timemanager[1127]: Last known host_offset:0
Jul 24 19:48:07 witherspoon timemanager[1127]: Initial Uptime Usec: 1500925576601257
Jul 24 19:48:07 witherspoon systemd[1]: Started Phosphor Time Manager daemon.
Jul 24 19:48:14 witherspoon dbus[984]: [system] Failed to activate service 'org.freedesktop.hostname1': timed out
Jul 24 19:48:14 witherspoon phosphor-network-manager[1050]: Failed to get hostname
Jul 24 19:48:14 witherspoon phosphor-network-manager[1050]: The operation failed internally.
Jul 24 19:48:14 witherspoon phosphor-log-manager[954]: Failed to find metadata
Jul 24 19:48:15 witherspoon systemd[1]: Started Phosphor Network Manager.
Jul 24 19:48:15 witherspoon systemd[1]: Reached target Phosphor System - Standby.
Jul 24 19:48:15 witherspoon systemd[1]: Startup finished in 8.700s (kernel) + 1min 49.743s (userspace) = 1min 58.444s.
Jul 24 19:48:15 witherspoon phosphor-bmc-state-manager[1092]: BMC_READY
Jul 24 19:48:15 witherspoon phosphor-bmc-state-manager[1092]: Setting the BMCState field
Jul 24 19:48:17 witherspoon phosphor-gevent[1048]: Traceback (most recent call last):
Jul 24 19:48:17 witherspoon phosphor-gevent[1048]:   File "/usr/lib/python2.7/site-packages/gevent/greenlet.py", line 327, in run
Jul 24 19:48:17 witherspoon phosphor-gevent[1048]:     result = self._run(*self.args, **self.kwargs)
Jul 24 19:48:17 witherspoon phosphor-gevent[1048]:   File "/usr/lib/python2.7/site-packages/gevent/server.py", line 102, in wrap_socket_and_handle
Jul 24 19:48:17 witherspoon phosphor-gevent[1048]:     ssl_socket = self.wrap_socket(client_socket, **self.ssl_args)
Jul 24 19:48:17 witherspoon phosphor-gevent[1048]:   File "/usr/lib/python2.7/site-packages/gevent/ssl.py", line 404, in wrap_socket
Jul 24 19:48:17 witherspoon phosphor-gevent[1048]:     ciphers=ciphers)
Jul 24 19:48:17 witherspoon phosphor-gevent[1048]:   File "/usr/lib/python2.7/site-packages/gevent/ssl.py", line 113, in __init__
Jul 24 19:48:17 witherspoon phosphor-gevent[1048]:     self.do_handshake()
Jul 24 19:48:17 witherspoon phosphor-gevent[1048]:   File "/usr/lib/python2.7/site-packages/gevent/ssl.py", line 324, in do_handshake
Jul 24 19:48:17 witherspoon phosphor-gevent[1048]:     return self._sslobj.do_handshake()
Jul 24 19:48:17 witherspoon phosphor-gevent[1048]: SSLEOFError: EOF occurred in violation of protocol (_ssl.c:590)
Jul 24 19:48:17 witherspoon phosphor-gevent[1048]: <Greenlet at 0x760ad3f0: <bound method WSGIServer.wrap_socket_and_handle of <WSGIServer at 0x76083b50 fileno=5 address=('::3472:f976:b04d:6f76%1987005856', 443, 0, 1987005856)>>(<socket at 0x75f5a830 fileno=9>, ('::8059:6d76:8e91:f402%1995987740', 33262, 0, 199)> failed with SSLEOFError
Jul 24 19:48:17 witherspoon phosphor-gevent[1048]: Traceback (most recent call last):
Jul 24 19:48:17 witherspoon phosphor-gevent[1048]:   File "/usr/lib/python2.7/site-packages/gevent/greenlet.py", line 327, in run
Jul 24 19:48:17 witherspoon phosphor-gevent[1048]:     result = self._run(*self.args, **self.kwargs)
Jul 24 19:48:17 witherspoon phosphor-gevent[1048]:   File "/usr/lib/python2.7/site-packages/gevent/server.py", line 102, in wrap_socket_and_handle
Jul 24 19:48:17 witherspoon phosphor-gevent[1048]:     ssl_socket = self.wrap_socket(client_socket, **self.ssl_args)
Jul 24 19:48:17 witherspoon phosphor-gevent[1048]:   File "/usr/lib/python2.7/site-packages/gevent/ssl.py", line 404, in wrap_socket
Jul 24 19:48:17 witherspoon phosphor-gevent[1048]:     ciphers=ciphers)
Jul 24 19:48:17 witherspoon phosphor-gevent[1048]:   File "/usr/lib/python2.7/site-packages/gevent/ssl.py", line 113, in __init__
Jul 24 19:48:17 witherspoon phosphor-gevent[1048]:     self.do_handshake()
Jul 24 19:48:17 witherspoon phosphor-gevent[1048]:   File "/usr/lib/python2.7/site-packages/gevent/ssl.py", line 324, in do_handshake
Jul 24 19:48:17 witherspoon phosphor-gevent[1048]:     return self._sslobj.do_handshake()
Jul 24 19:48:17 witherspoon phosphor-gevent[1048]: SSLEOFError: EOF occurred in violation of protocol (_ssl.c:590)
Jul 24 19:48:17 witherspoon phosphor-gevent[1048]: <Greenlet at 0x760ad6c0: <bound method WSGIServer.wrap_socket_and_handle of <WSGIServer at 0x76083b50 fileno=5 address=('::3472:f976:b04d:6f76%1987005856', 443, 0, 1987005856)>>(<socket at 0x75f5a7d0 fileno=10>, ('::8059:6d76:8e91:f402%1995987740', 33270, 0, 199)> failed with SSLEOFError
Jul 24 19:48:17 witherspoon phosphor-gevent[1048]: Traceback (most recent call last):
Jul 24 19:48:17 witherspoon phosphor-gevent[1048]:   File "/usr/lib/python2.7/site-packages/gevent/greenlet.py", line 327, in run
Jul 24 19:48:17 witherspoon phosphor-gevent[1048]:     result = self._run(*self.args, **self.kwargs)
Jul 24 19:48:17 witherspoon phosphor-gevent[1048]:   File "/usr/lib/python2.7/site-packages/gevent/server.py", line 102, in wrap_socket_and_handle
Jul 24 19:48:17 witherspoon phosphor-gevent[1048]:     ssl_socket = self.wrap_socket(client_socket, **self.ssl_args)
Jul 24 19:48:17 witherspoon phosphor-gevent[1048]:   File "/usr/lib/python2.7/site-packages/gevent/ssl.py", line 404, in wrap_socket
Jul 24 19:48:17 witherspoon phosphor-gevent[1048]:     ciphers=ciphers)
Jul 24 19:48:17 witherspoon phosphor-gevent[1048]:   File "/usr/lib/python2.7/site-packages/gevent/ssl.py", line 113, in __init__
Jul 24 19:48:17 witherspoon phosphor-gevent[1048]:     self.do_handshake()
Jul 24 19:48:17 witherspoon phosphor-gevent[1048]:   File "/usr/lib/python2.7/site-packages/gevent/ssl.py", line 324, in do_handshake
Jul 24 19:48:17 witherspoon phosphor-gevent[1048]:     return self._sslobj.do_handshake()
Jul 24 19:48:17 witherspoon phosphor-gevent[1048]: SSLEOFError: EOF occurred in violation of protocol (_ssl.c:590)
Jul 24 19:48:17 witherspoon phosphor-gevent[1048]: <Greenlet at 0x760ad3a0: <bound method WSGIServer.wrap_socket_and_handle of <WSGIServer at 0x76083b50 fileno=5 address=('::3472:f976:b04d:6f76%1987005856', 443, 0, 1987005856)>>(<socket at 0x75f5a870 fileno=11>, ('::8059:6d76:8e91:f402%1995987740', 33274, 0, 199)> failed with SSLEOFError
Jul 24 19:48:31 witherspoon phosphor-gevent[1048]: ::8059:6d76:8e91:f402%1995987740 - - [2017-07-24 19:48:31] "POST /login HTTP/1.1" 200 320 0.044578
Jul 24 19:48:31 witherspoon phosphor-gevent[1048]: ::8059:6d76:8e91:f402%1995987740 - - [2017-07-24 19:48:31] "GET /xyz/openbmc_project/state/chassis0//attr/CurrentPowerState HTTP/1.1" 200 216 0.075774
Jul 24 19:48:32 witherspoon phosphor-gevent[1048]: ::8059:6d76:8e91:f402%1995987740 - - [2017-07-24 19:48:32] "POST /login HTTP/1.1" 200 320 0.040988
Jul 24 19:48:32 witherspoon phosphor-gevent[1048]: ::8059:6d76:8e91:f402%1995987740 - - [2017-07-24 19:48:32] "GET /xyz/openbmc_project/state/chassis0//attr/CurrentPowerState HTTP/1.1" 200 216 0.050906
Jul 24 19:48:32 witherspoon phosphor-gevent[1048]: ::8059:6d76:8e91:f402%1995987740 - - [2017-07-24 19:48:32] "POST /login HTTP/1.1" 200 320 0.032493
Jul 24 19:48:32 witherspoon phosphor-gevent[1048]: ::8059:6d76:8e91:f402%1995987740 - - [2017-07-24 19:48:32] "GET /org/openbmc/sensors/host/BootProgress/attr/value HTTP/1.1" 200 170 0.051429
Jul 24 19:48:32 witherspoon phosphor-gevent[1048]: ::8059:6d76:8e91:f402%1995987740 - - [2017-07-24 19:48:32] "POST /login HTTP/1.1" 200 320 0.034001
Jul 24 19:48:32 witherspoon phosphor-gevent[1048]: ::8059:6d76:8e91:f402%1995987740 - - [2017-07-24 19:48:32] "GET /xyz/openbmc_project/state/host0//attr/CurrentHostState HTTP/1.1" 200 212 0.052673
Jul 24 19:48:33 witherspoon phosphor-gevent[1048]: ::8059:6d76:8e91:f402%1995987740 - - [2017-07-24 19:48:33] "POST /login HTTP/1.1" 200 320 0.044825
Jul 24 19:48:33 witherspoon phosphor-gevent[1048]: ::8059:6d76:8e91:f402%1995987740 - - [2017-07-24 19:48:33] "GET /xyz/openbmc_project/logging/entry//list HTTP/1.1" 200 259 0.049249
Jul 24 19:48:33 witherspoon phosphor-gevent[1048]: ::8059:6d76:8e91:f402%1995987740 - - [2017-07-24 19:48:33] "POST /login HTTP/1.1" 200 320 0.032199
Jul 24 19:48:33 witherspoon phosphor-gevent[1048]: ::8059:6d76:8e91:f402%1995987740 - - [2017-07-24 19:48:33] "GET /xyz/openbmc_project/logging/entry//list HTTP/1.1" 200 259 0.042819
Jul 24 19:48:33 witherspoon phosphor-gevent[1048]: ::8059:6d76:8e91:f402%1995987740 - - [2017-07-24 19:48:33] "POST /login HTTP/1.1" 200 320 0.032182
Jul 24 19:48:33 witherspoon phosphor-gevent[1048]: ::8059:6d76:8e91:f402%1995987740 - - [2017-07-24 19:48:33] "DELETE /xyz/openbmc_project/logging/entry/1 HTTP/1.1" 200 169 0.063770
Jul 24 19:48:33 witherspoon phosphor-gevent[1048]: ::8059:6d76:8e91:f402%1995987740 - - [2017-07-24 19:48:33] "POST /login HTTP/1.1" 200 320 0.041602
Jul 24 19:48:33 witherspoon phosphor-gevent[1048]: ::8059:6d76:8e91:f402%1995987740 - - [2017-07-24 19:48:33] "DELETE /xyz/openbmc_project/logging/entry/2 HTTP/1.1" 200 169 0.063206
Jul 24 19:48:34 witherspoon systemd[1]: Started SSH Per-Connection Server (9.41.165.94:38654).
Jul 24 19:48:34 witherspoon dropbear[1141]: Failed loading /etc/dropbear/dropbear_dss_host_key
Jul 24 19:48:34 witherspoon dropbear[1141]: Failed loading /etc/dropbear/dropbear_ecdsa_host_key
Jul 24 19:48:34 witherspoon dropbear[1141]: Child connection from ::ffff:9.41.165.94:38654
Jul 24 19:48:34 witherspoon dropbear[1141]: PAM password auth succeeded for 'root' from ::ffff:9.41.165.94:38654
Jul 24 19:48:34 witherspoon dropbear[1142]: lastlog_perform_login: Couldn't stat /var/log/lastlog: No such file or directory
Jul 24 19:48:34 witherspoon dropbear[1142]: lastlog_openseek: /var/log/lastlog is not a file or directory!
Jul 24 19:48:35 witherspoon phosphor-gevent[1048]: ::8059:6d76:8e91:f402%1995987740 - - [2017-07-24 19:48:35] "POST /login HTTP/1.1" 200 320 0.033055
Jul 24 19:48:36 witherspoon phosphor-gevent[1048]: ::8059:6d76:8e91:f402%1995987740 - - [2017-07-24 19:48:36] "GET /xyz/openbmc_project/state/host0//attr/CurrentHostState HTTP/1.1" 200 212 0.049301
Jul 24 19:48:36 witherspoon dropbear[1013]: Exit (root): Exited normally
Jul 24 19:48:36 witherspoon dropbear[1141]: Exit (root): Exited normally
Jul 24 19:48:39 witherspoon systemd[1]: Started SSH Per-Connection Server (9.41.165.94:60580).
Jul 24 19:48:39 witherspoon dropbear[1153]: Failed loading /etc/dropbear/dropbear_dss_host_key
Jul 24 19:48:39 witherspoon dropbear[1153]: Failed loading /etc/dropbear/dropbear_ecdsa_host_key
Jul 24 19:48:39 witherspoon dropbear[1153]: Child connection from ::ffff:9.41.165.94:60580
Jul 24 19:48:40 witherspoon dropbear[1153]: PAM password auth succeeded for 'root' from ::ffff:9.41.165.94:60580
Jul 24 19:48:40 witherspoon dropbear[1154]: lastlog_perform_login: Couldn't stat /var/log/lastlog: No such file or directory
Jul 24 19:48:40 witherspoon dropbear[1154]: lastlog_openseek: /var/log/lastlog is not a file or directory!
Jul 24 19:48:41 witherspoon phosphor-gevent[1048]: ::8059:6d76:8e91:f402%1995987740 - - [2017-07-24 19:48:41] "POST /login HTTP/1.1" 200 320 0.032425
Jul 24 19:48:41 witherspoon phosphor-gevent[1048]: ::8059:6d76:8e91:f402%1995987740 - - [2017-07-24 19:48:41] "PUT /org/openbmc/settings/host0/attr/power_policy HTTP/1.1" 200 169 0.191457
Jul 24 19:48:41 witherspoon phosphor-gevent[1048]: ::8059:6d76:8e91:f402%1995987740 - - [2017-07-24 19:48:41] "POST /login HTTP/1.1" 200 320 0.043182
Jul 24 19:48:41 witherspoon phosphor-gevent[1048]: ::8059:6d76:8e91:f402%1995987740 - - [2017-07-24 19:48:41] "GET /org/openbmc/settings/host0/attr/power_policy HTTP/1.1" 200 185 0.069168
Jul 24 19:48:42 witherspoon phosphor-gevent[1048]: ::8059:6d76:8e91:f402%1995987740 - - [2017-07-24 19:48:42] "POST /login HTTP/1.1" 200 320 0.032792
Jul 24 19:48:42 witherspoon phosphor-gevent[1048]: ::8059:6d76:8e91:f402%1995987740 - - [2017-07-24 19:48:42] "GET /xyz/openbmc_project/state/chassis0//attr/CurrentPowerState HTTP/1.1" 200 216 0.062793
Jul 24 19:48:42 witherspoon phosphor-gevent[1048]: ::8059:6d76:8e91:f402%1995987740 - - [2017-07-24 19:48:42] "POST /login HTTP/1.1" 200 320 0.032623
Jul 24 19:48:42 witherspoon phosphor-gevent[1048]: ::8059:6d76:8e91:f402%1995987740 - - [2017-07-24 19:48:42] "GET /xyz/openbmc_project/state/bmc0//attr/CurrentBMCState HTTP/1.1" 200 212 0.067499
Jul 24 19:48:42 witherspoon phosphor-gevent[1048]: ::8059:6d76:8e91:f402%1995987740 - - [2017-07-24 19:48:42] "POST /login HTTP/1.1" 200 320 0.041560
Jul 24 19:48:42 witherspoon phosphor-gevent[1048]: ::8059:6d76:8e91:f402%1995987740 - - [2017-07-24 19:48:42] "GET /org/openbmc/sensors/host/BootProgress/attr/value HTTP/1.1" 200 170 0.079150
Jul 24 19:48:42 witherspoon phosphor-gevent[1048]: ::8059:6d76:8e91:f402%1995987740 - - [2017-07-24 19:48:42] "POST /login HTTP/1.1" 200 320 0.032367
Jul 24 19:48:42 witherspoon phosphor-gevent[1048]: ::8059:6d76:8e91:f402%1995987740 - - [2017-07-24 19:48:42] "GET /xyz/openbmc_project/state/host0//attr/CurrentHostState HTTP/1.1" 200 212 0.048465
Jul 24 19:48:43 witherspoon phosphor-gevent[1048]: ::8059:6d76:8e91:f402%1995987740 - - [2017-07-24 19:48:43] "POST /login HTTP/1.1" 200 320 0.032482
Jul 24 19:48:43 witherspoon phosphor-gevent[1048]: ::8059:6d76:8e91:f402%1995987740 - - [2017-07-24 19:48:43] "GET /xyz/openbmc_project/logging/entry//list HTTP/1.1" 404 311 0.028848
Jul 24 19:48:43 witherspoon systemd[1]: Started SSH Per-Connection Server (9.41.165.94:60598).
Jul 24 19:48:43 witherspoon dropbear[1160]: Failed loading /etc/dropbear/dropbear_dss_host_key
Jul 24 19:48:43 witherspoon dropbear[1160]: Failed loading /etc/dropbear/dropbear_ecdsa_host_key
Jul 24 19:48:43 witherspoon dropbear[1160]: Child connection from ::ffff:9.41.165.94:60598
Jul 24 19:48:43 witherspoon dropbear[1160]: PAM password auth succeeded for 'root' from ::ffff:9.41.165.94:60598
Jul 24 19:49:23 witherspoon phosphor-gevent[1048]: ::8059:6d76:8e91:f402%1995987740 - - [2017-07-24 19:49:23] "POST /login HTTP/1.1" 200 320 0.032516
Jul 24 19:49:23 witherspoon phosphor-gevent[1048]: ::8059:6d76:8e91:f402%1995987740 - - [2017-07-24 19:49:23] "POST /org/openbmc/control/flash/bios//action/update HTTP/1.1" 200 169 0.226568
Jul 24 19:49:24 witherspoon flash_bios.exe[1068]: Starting flasher: bios,/tmp/witherspoon_910_golden.pnor,/org/openbmc/control/flash/bios,
Jul 24 19:49:24 witherspoon flash_bios.exe[1068]: flasher: /tmp/witherspoon_910_golden.pnor, BMC = 1, address = 0x0
Jul 24 19:49:24 witherspoon flash_bios.exe[1068]: Setting up flash
Jul 24 19:49:24 witherspoon phosphor-gevent[1048]: ::8059:6d76:8e91:f402%1995987740 - - [2017-07-24 19:49:24] "POST /login HTTP/1.1" 200 320 0.139499
Jul 24 19:49:24 witherspoon phosphor-gevent[1048]: ::8059:6d76:8e91:f402%1995987740 - - [2017-07-24 19:49:24] "GET /org/openbmc/control/flash/bios HTTP/1.1" 200 397 0.184752
Jul 24 19:49:24 witherspoon phosphor-gevent[1048]: ::8059:6d76:8e91:f402%1995987740 - - [2017-07-24 19:49:24] "POST /login HTTP/1.1" 200 320 0.032589
Jul 24 19:49:25 witherspoon phosphor-gevent[1048]: ::8059:6d76:8e91:f402%1995987740 - - [2017-07-24 19:49:25] "GET /org/openbmc/control/flash/bios HTTP/1.1" 200 397 0.077673
Jul 24 19:49:35 witherspoon phosphor-gevent[1048]: ::8059:6d76:8e91:f402%1995987740 - - [2017-07-24 19:49:35] "POST /login HTTP/1.1" 200 320 0.032002
Jul 24 19:49:35 witherspoon phosphor-gevent[1048]: ::8059:6d76:8e91:f402%1995987740 - - [2017-07-24 19:49:35] "GET /org/openbmc/control/flash/bios HTTP/1.1" 200 397 0.067338
Jul 24 19:49:46 witherspoon phosphor-gevent[1048]: ::8059:6d76:8e91:f402%1995987740 - - [2017-07-24 19:49:46] "POST /login HTTP/1.1" 200 320 0.528710
Jul 24 19:49:46 witherspoon phosphor-gevent[1048]: ::8059:6d76:8e91:f402%1995987740 - - [2017-07-24 19:49:46] "GET /org/openbmc/control/flash/bios HTTP/1.1" 200 397 0.080538
Jul 24 19:49:56 witherspoon phosphor-gevent[1048]: ::8059:6d76:8e91:f402%1995987740 - - [2017-07-24 19:49:56] "POST /login HTTP/1.1" 200 320 0.032579
Jul 24 19:49:56 witherspoon phosphor-gevent[1048]: ::8059:6d76:8e91:f402%1995987740 - - [2017-07-24 19:49:56] "GET /org/openbmc/control/flash/bios HTTP/1.1" 200 397 0.070018
Jul 24 19:50:07 witherspoon phosphor-gevent[1048]: ::8059:6d76:8e91:f402%1995987740 - - [2017-07-24 19:50:07] "POST /login HTTP/1.1" 200 320 0.032621
Jul 24 19:50:07 witherspoon phosphor-gevent[1048]: ::8059:6d76:8e91:f402%1995987740 - - [2017-07-24 19:50:07] "GET /org/openbmc/control/flash/bios HTTP/1.1" 200 397 0.069114
Jul 24 19:50:17 witherspoon phosphor-gevent[1048]: ::8059:6d76:8e91:f402%1995987740 - - [2017-07-24 19:50:17] "POST /login HTTP/1.1" 200 320 0.032260
Jul 24 19:50:17 witherspoon phosphor-gevent[1048]: ::8059:6d76:8e91:f402%1995987740 - - [2017-07-24 19:50:17] "GET /org/openbmc/control/flash/bios HTTP/1.1" 200 397 0.067116
Jul 24 19:50:28 witherspoon phosphor-gevent[1048]: ::8059:6d76:8e91:f402%1995987740 - - [2017-07-24 19:50:28] "POST /login HTTP/1.1" 200 320 0.039746
Jul 24 19:50:28 witherspoon phosphor-gevent[1048]: ::8059:6d76:8e91:f402%1995987740 - - [2017-07-24 19:50:28] "GET /org/openbmc/control/flash/bios HTTP/1.1" 200 397 0.067785
Jul 24 19:50:38 witherspoon phosphor-gevent[1048]: ::8059:6d76:8e91:f402%1995987740 - - [2017-07-24 19:50:38] "POST /login HTTP/1.1" 200 320 0.050781
Jul 24 19:50:38 witherspoon phosphor-gevent[1048]: ::8059:6d76:8e91:f402%1995987740 - - [2017-07-24 19:50:38] "GET /org/openbmc/control/flash/bios HTTP/1.1" 200 397 0.185911
Jul 24 19:50:49 witherspoon phosphor-gevent[1048]: ::8059:6d76:8e91:f402%1995987740 - - [2017-07-24 19:50:49] "POST /login HTTP/1.1" 200 320 0.032346
Jul 24 19:50:49 witherspoon phosphor-gevent[1048]: ::8059:6d76:8e91:f402%1995987740 - - [2017-07-24 19:50:49] "GET /org/openbmc/control/flash/bios HTTP/1.1" 200 397 0.067090
Jul 24 19:50:59 witherspoon phosphor-gevent[1048]: ::8059:6d76:8e91:f402%1995987740 - - [2017-07-24 19:50:59] "POST /login HTTP/1.1" 200 320 0.033008
Jul 24 19:50:59 witherspoon phosphor-gevent[1048]: ::8059:6d76:8e91:f402%1995987740 - - [2017-07-24 19:50:59] "GET /org/openbmc/control/flash/bios HTTP/1.1" 200 397 0.067300
Jul 24 19:51:10 witherspoon phosphor-gevent[1048]: ::8059:6d76:8e91:f402%1995987740 - - [2017-07-24 19:51:10] "POST /login HTTP/1.1" 200 320 0.032717
Jul 24 19:51:10 witherspoon phosphor-gevent[1048]: ::8059:6d76:8e91:f402%1995987740 - - [2017-07-24 19:51:10] "GET /org/openbmc/control/flash/bios HTTP/1.1" 200 397 0.069264
Jul 24 19:51:21 witherspoon phosphor-gevent[1048]: ::8059:6d76:8e91:f402%1995987740 - - [2017-07-24 19:51:21] "POST /login HTTP/1.1" 200 320 0.032245
Jul 24 19:51:21 witherspoon phosphor-gevent[1048]: ::8059:6d76:8e91:f402%1995987740 - - [2017-07-24 19:51:21] "GET /org/openbmc/control/flash/bios HTTP/1.1" 200 397 0.067306
Jul 24 19:51:32 witherspoon phosphor-gevent[1048]: ::8059:6d76:8e91:f402%1995987740 - - [2017-07-24 19:51:32] "POST /login HTTP/1.1" 200 320 0.767607
Jul 24 19:51:32 witherspoon phosphor-gevent[1048]: ::8059:6d76:8e91:f402%1995987740 - - [2017-07-24 19:51:32] "GET /org/openbmc/control/flash/bios HTTP/1.1" 200 402 0.067153
Jul 24 19:51:42 witherspoon phosphor-gevent[1048]: ::8059:6d76:8e91:f402%1995987740 - - [2017-07-24 19:51:42] "POST /login HTTP/1.1" 200 320 0.032825
Jul 24 19:51:42 witherspoon phosphor-gevent[1048]: ::8059:6d76:8e91:f402%1995987740 - - [2017-07-24 19:51:42] "GET /org/openbmc/control/flash/bios HTTP/1.1" 200 402 0.081790
Jul 24 19:51:52 witherspoon phosphor-gevent[1048]: ::8059:6d76:8e91:f402%1995987740 - - [2017-07-24 19:51:52] "POST /login HTTP/1.1" 200 320 0.032517
Jul 24 19:51:52 witherspoon phosphor-gevent[1048]: ::8059:6d76:8e91:f402%1995987740 - - [2017-07-24 19:51:52] "GET /org/openbmc/control/flash/bios HTTP/1.1" 200 402 0.067727
Jul 24 19:52:03 witherspoon phosphor-gevent[1048]: ::8059:6d76:8e91:f402%1995987740 - - [2017-07-24 19:52:03] "POST /login HTTP/1.1" 200 320 0.032787
Jul 24 19:52:03 witherspoon phosphor-gevent[1048]: ::8059:6d76:8e91:f402%1995987740 - - [2017-07-24 19:52:03] "GET /org/openbmc/control/flash/bios HTTP/1.1" 200 402 0.723012
Jul 24 19:52:14 witherspoon phosphor-gevent[1048]: ::8059:6d76:8e91:f402%1995987740 - - [2017-07-24 19:52:14] "POST /login HTTP/1.1" 200 320 0.032432
Jul 24 19:52:14 witherspoon phosphor-gevent[1048]: ::8059:6d76:8e91:f402%1995987740 - - [2017-07-24 19:52:14] "GET /org/openbmc/control/flash/bios HTTP/1.1" 200 402 0.067916
Jul 24 19:52:20 witherspoon flash_bios.exe[1068]: Erasing... (may take a while !) done !
Jul 24 19:52:20 witherspoon flash_bios.exe[1068]: About to program "/tmp/witherspoon_910_golden.pnor" at 0x00000000..0x04000000 !
Jul 24 19:52:20 witherspoon flash_bios.exe[1068]: Programming & Verifying...
Jul 24 19:52:20 witherspoon flash_bios.exe[1068]: Flash done
Jul 24 19:52:24 witherspoon phosphor-gevent[1048]: ::8059:6d76:8e91:f402%1995987740 - - [2017-07-24 19:52:24] "POST /login HTTP/1.1" 200 320 0.033011
Jul 24 19:52:24 witherspoon phosphor-gevent[1048]: ::8059:6d76:8e91:f402%1995987740 - - [2017-07-24 19:52:24] "GET /org/openbmc/control/flash/bios HTTP/1.1" 200 399 0.074958
Jul 24 19:52:24 witherspoon systemd[1]: Started SSH Per-Connection Server (9.41.165.94:60658).
Jul 24 19:52:24 witherspoon dropbear[1166]: Failed loading /etc/dropbear/dropbear_dss_host_key
Jul 24 19:52:24 witherspoon dropbear[1166]: Failed loading /etc/dropbear/dropbear_ecdsa_host_key
Jul 24 19:52:24 witherspoon dropbear[1166]: Child connection from ::ffff:9.41.165.94:60658
