-- Logs begin at Thu 2017-08-03 15:42:59 UTC, end at Thu 2017-08-03 15:46:13 UTC. --
Aug 03 15:42:59 witherspoon kernel: Booting Linux on physical CPU 0x0
Aug 03 15:42:59 witherspoon kernel: Linux version 4.10.17-baeb50beb784ac5993d2bfb5d06d909971b60506 (jenkins@openbmc-builder1) (gcc version 6.2.0 (GCC) ) #1 Tue Aug 8 21:19:50 UTC 2017
Aug 03 15:42:59 witherspoon kernel: CPU: ARMv6-compatible processor [410fb767] revision 7 (ARMv7), cr=00c5387d
Aug 03 15:42:59 witherspoon kernel: CPU: PIPT / VIPT nonaliasing data cache, VIPT nonaliasing instruction cache
Aug 03 15:42:59 witherspoon kernel: OF: fdt:Machine model: Witherspoon BMC
Aug 03 15:42:59 witherspoon kernel: Memory policy: Data cache writeback
Aug 03 15:42:59 witherspoon kernel: SOC Rev: 04030303
Aug 03 15:42:59 witherspoon kernel: On node 0 totalpages: 110592
Aug 03 15:42:59 witherspoon kernel: free_area_init_node: node 0, pgdat 805ff5f4, node_mem_map 9ec1a000
Aug 03 15:42:59 witherspoon kernel:   Normal zone: 992 pages used for memmap
Aug 03 15:42:59 witherspoon kernel:   Normal zone: 0 pages reserved
Aug 03 15:42:59 witherspoon kernel:   Normal zone: 110592 pages, LIFO batch:31
Aug 03 15:42:59 witherspoon kernel: pcpu-alloc: s0 r0 d32768 u32768 alloc=1*32768
Aug 03 15:42:59 witherspoon kernel: pcpu-alloc: [0] 0 
Aug 03 15:42:59 witherspoon kernel: Built 1 zonelists in Zone order, mobility grouping on.  Total pages: 109600
Aug 03 15:42:59 witherspoon kernel: Kernel command line: console=ttyS4,115200n8 root=/dev/ram rw
Aug 03 15:42:59 witherspoon kernel: PID hash table entries: 2048 (order: 1, 8192 bytes)
Aug 03 15:42:59 witherspoon kernel: Dentry cache hash table entries: 65536 (order: 6, 262144 bytes)
Aug 03 15:42:59 witherspoon kernel: Inode-cache hash table entries: 32768 (order: 5, 131072 bytes)
Aug 03 15:42:59 witherspoon kernel: Memory: 430428K/442368K available (4065K kernel code, 280K rwdata, 1192K rodata, 284K init, 111K bss, 11940K reserved, 0K cma-reserved)
Aug 03 15:42:59 witherspoon kernel: Virtual kernel memory layout:
                                        vector  : 0xffff0000 - 0xffff1000   (   4 kB)
                                        fixmap  : 0xffc00000 - 0xfff00000   (3072 kB)
                                        vmalloc : 0x9f800000 - 0xff800000   (1536 MB)
                                        lowmem  : 0x80000000 - 0x9f000000   ( 496 MB)
                                          .text : 0x80008000 - 0x80400950   (4067 kB)
                                          .init : 0x80585000 - 0x805cc000   ( 284 kB)
                                          .data : 0x805cc000 - 0x80612358   ( 281 kB)
                                           .bss : 0x80612358 - 0x8062e1f8   ( 112 kB)
Aug 03 15:42:59 witherspoon kernel: NR_IRQS:16 nr_irqs:16 16
Aug 03 15:42:59 witherspoon kernel: i2c controller registered, irq 16
Aug 03 15:42:59 witherspoon kernel: clocksource: moxart_timer: mask: 0xffffffff max_cycles: 0xffffffff, max_idle_ns: 77222644334 ns
Aug 03 15:42:59 witherspoon kernel: sched_clock: 32 bits at 100 Hz, resolution 10000000ns, wraps every 21474836475000000ns
Aug 03 15:42:59 witherspoon kernel: Calibrating delay loop... 789.70 BogoMIPS (lpj=3948544)
Aug 03 15:42:59 witherspoon kernel: pid_max: default: 32768 minimum: 301
Aug 03 15:42:59 witherspoon kernel: Mount-cache hash table entries: 1024 (order: 0, 4096 bytes)
Aug 03 15:42:59 witherspoon kernel: Mountpoint-cache hash table entries: 1024 (order: 0, 4096 bytes)
Aug 03 15:42:59 witherspoon kernel: CPU: Testing write buffer coherency: ok
Aug 03 15:42:59 witherspoon kernel: ftrace: allocating 14934 entries in 44 pages
Aug 03 15:42:59 witherspoon kernel: Setting up static identity map for 0x80008200 - 0x8000825c
Aug 03 15:42:59 witherspoon kernel: devtmpfs: initialized
Aug 03 15:42:59 witherspoon kernel: clocksource: jiffies: mask: 0xffffffff max_cycles: 0xffffffff, max_idle_ns: 19112604462750000 ns
Aug 03 15:42:59 witherspoon kernel: futex hash table entries: 256 (order: -1, 3072 bytes)
Aug 03 15:42:59 witherspoon kernel: pinctrl core: initialized pinctrl subsystem
Aug 03 15:42:59 witherspoon kernel: NET: Registered protocol family 16
Aug 03 15:42:59 witherspoon kernel: DMA: preallocated 256 KiB pool for atomic coherent allocations
Aug 03 15:42:59 witherspoon kernel: usbcore: registered new interface driver usbfs
Aug 03 15:42:59 witherspoon kernel: usbcore: registered new interface driver hub
Aug 03 15:42:59 witherspoon kernel: usbcore: registered new device driver usb
Aug 03 15:42:59 witherspoon kernel: clocksource: Switched to clocksource moxart_timer
Aug 03 15:42:59 witherspoon kernel: NET: Registered protocol family 2
Aug 03 15:42:59 witherspoon kernel: TCP established hash table entries: 4096 (order: 2, 16384 bytes)
Aug 03 15:42:59 witherspoon kernel: TCP bind hash table entries: 4096 (order: 2, 16384 bytes)
Aug 03 15:42:59 witherspoon kernel: TCP: Hash tables configured (established 4096 bind 4096)
Aug 03 15:42:59 witherspoon kernel: UDP hash table entries: 256 (order: 0, 4096 bytes)
Aug 03 15:42:59 witherspoon kernel: UDP-Lite hash table entries: 256 (order: 0, 4096 bytes)
Aug 03 15:42:59 witherspoon kernel: NET: Registered protocol family 1
Aug 03 15:42:59 witherspoon kernel: Trying to unpack rootfs image as initramfs...
Aug 03 15:42:59 witherspoon kernel: Freeing initrd memory: 1548K
Aug 03 15:42:59 witherspoon kernel: workingset: timestamp_bits=30 max_order=17 bucket_order=0
Aug 03 15:42:59 witherspoon kernel: squashfs: version 4.0 (2009/01/31) Phillip Lougher
Aug 03 15:42:59 witherspoon kernel: jffs2: version 2.2. (SUMMARY)  © 2001-2006 Red Hat, Inc.
Aug 03 15:42:59 witherspoon kernel: Block layer SCSI generic (bsg) driver version 0.4 loaded (major 250)
Aug 03 15:42:59 witherspoon kernel: io scheduler noop registered
Aug 03 15:42:59 witherspoon kernel: io scheduler deadline registered
Aug 03 15:42:59 witherspoon kernel: io scheduler cfq registered (default)
Aug 03 15:42:59 witherspoon kernel: ipmi-bt-host 1e789140.ibt: Found bt bmc device
Aug 03 15:42:59 witherspoon kernel: ipmi-bt-host 1e789140.ibt: Using IRQ 22
Aug 03 15:42:59 witherspoon kernel: Serial: 8250/16550 driver, 6 ports, IRQ sharing enabled
Aug 03 15:42:59 witherspoon kernel: 1e787000.vuart: ttyS0 at MMIO 0x1e787000 (irq = 22, base_baud = 1500000) is a 16550A
Aug 03 15:42:59 witherspoon kernel: 1e783000.serial: ttyS1 at MMIO 0x1e783000 (irq = 23, base_baud = 1500000) is a 16550A
Aug 03 15:42:59 witherspoon kernel: 1e78d000.serial: ttyS2 at MMIO 0x1e78d000 (irq = 24, base_baud = 1500000) is a 16550A
Aug 03 15:42:59 witherspoon kernel: 1e784000.serial: ttyS4 at MMIO 0x1e784000 (irq = 25, base_baud = 1500000) is a 16550A
Aug 03 15:42:59 witherspoon kernel: console [ttyS4] enabled
Aug 03 15:42:59 witherspoon kernel: timeriomem_rng 1e6e2078.hwrng: 32bits from 0xf00e2078 @ 1us
Aug 03 15:42:59 witherspoon kernel: random: fast init done
Aug 03 15:42:59 witherspoon kernel: random: crng init done
Aug 03 15:42:59 witherspoon kernel: brd: module loaded
Aug 03 15:42:59 witherspoon kernel: loop: module loaded
Aug 03 15:42:59 witherspoon kernel: aspeed-lpc-ctrl 1e789080.lpc-ctrl: Loaded at 0x98000000 (0x04000000)
Aug 03 15:42:59 witherspoon kernel: aspeed-smc 1e620000.flash-controller: Using IRQ 18
Aug 03 15:42:59 witherspoon kernel: aspeed-smc 1e620000.flash-controller: DMA support disabled.
Aug 03 15:42:59 witherspoon kernel: aspeed-smc 1e620000.flash-controller: mx25l25635e (32768 Kbytes)
Aug 03 15:42:59 witherspoon kernel: aspeed-smc 1e620000.flash-controller: CE0 window [ 0x20000000 - 0x22000000 ] 32MB
Aug 03 15:42:59 witherspoon kernel: aspeed-smc 1e620000.flash-controller: CE1 window [ 0x22000000 - 0x2a000000 ] 128MB
Aug 03 15:42:59 witherspoon kernel: 5 ofpart partitions found on MTD device bmc
Aug 03 15:42:59 witherspoon kernel: Creating 5 MTD partitions on "bmc":
Aug 03 15:42:59 witherspoon kernel: 0x000000000000-0x000000060000 : "u-boot"
Aug 03 15:42:59 witherspoon kernel: 0x000000060000-0x000000080000 : "u-boot-env"
Aug 03 15:42:59 witherspoon kernel: 0x000000080000-0x0000004c0000 : "kernel"
Aug 03 15:42:59 witherspoon kernel: 0x0000004c0000-0x000001c00000 : "rofs"
Aug 03 15:42:59 witherspoon kernel: 0x000001c00000-0x000002000000 : "rwfs"
Aug 03 15:42:59 witherspoon kernel: aspeed-smc 1e620000.flash-controller: mx25l25635e (32768 Kbytes)
Aug 03 15:42:59 witherspoon kernel: aspeed-smc 1e620000.flash-controller: CE1 window [ 0x22000000 - 0x24000000 ] 32MB
Aug 03 15:42:59 witherspoon kernel: aspeed-smc 1e620000.flash-controller: CE2 window [ 0x24000000 - 0x2c000000 ] 128MB
Aug 03 15:42:59 witherspoon kernel: aspeed-smc 1e630000.flash-controller: mx66l1g45g (131072 Kbytes)
Aug 03 15:42:59 witherspoon kernel: aspeed-smc 1e630000.flash-controller: CE0 window resized to 120MB (AST2500 HW quirk)
Aug 03 15:42:59 witherspoon kernel: aspeed-smc 1e630000.flash-controller: CE0 window [ 0x30000000 - 0x37800000 ] 120MB
Aug 03 15:42:59 witherspoon kernel: aspeed-smc 1e630000.flash-controller: CE0 window too small for chip 128MB
Aug 03 15:42:59 witherspoon kernel: aspeed-smc 1e630000.flash-controller: CE1 window [ 0x37800000 - 0x38000000 ] 8MB
Aug 03 15:42:59 witherspoon kernel: libphy: Fixed MDIO Bus: probed
Aug 03 15:42:59 witherspoon kernel: ftgmac100 1e660000.ethernet: Read MAC address 70:e2:84:14:24:20 from chip
Aug 03 15:42:59 witherspoon kernel: ftgmac100 1e660000.ethernet: Using NCSI interface
Aug 03 15:42:59 witherspoon kernel: ftgmac100 1e660000.ethernet eth0: irq 20, mapped at f0060000
Aug 03 15:42:59 witherspoon kernel: ehci_hcd: USB 2.0 'Enhanced' Host Controller (EHCI) Driver
Aug 03 15:42:59 witherspoon kernel: ehci-platform: EHCI generic platform driver
Aug 03 15:42:59 witherspoon kernel:  fsi0: can't read slave 00:00 -5
Aug 03 15:42:59 witherspoon kernel: i2c /dev entries driver
Aug 03 15:42:59 witherspoon kernel: aspeed-i2c-bus 1e78a0c0.i2c-bus: i2c bus 2 registered, irq 26
Aug 03 15:42:59 witherspoon kernel: aspeed-i2c-bus 1e78a100.i2c-bus: i2c bus 3 registered, irq 27
Aug 03 15:42:59 witherspoon kernel: aspeed-i2c-bus 1e78a140.i2c-bus: i2c bus 4 registered, irq 28
Aug 03 15:42:59 witherspoon kernel: aspeed-i2c-bus 1e78a180.i2c-bus: i2c bus 5 registered, irq 29
Aug 03 15:42:59 witherspoon kernel: aspeed-i2c-bus 1e78a380.i2c-bus: i2c bus 9 registered, irq 30
Aug 03 15:42:59 witherspoon kernel: aspeed-i2c-bus 1e78a3c0.i2c-bus: i2c bus 10 registered, irq 31
Aug 03 15:42:59 witherspoon kernel: rtc-rv8803 11-0032: Voltage low, temperature compensation stopped.
Aug 03 15:42:59 witherspoon kernel: rtc-rv8803 11-0032: rtc core: registered rx8900 as rtc0
Aug 03 15:42:59 witherspoon kernel: at24 11-0051: 8192 byte 24c64 EEPROM, writable, 1 bytes/write
Aug 03 15:42:59 witherspoon kernel: aspeed-i2c-bus 1e78a400.i2c-bus: i2c bus 11 registered, irq 32
Aug 03 15:42:59 witherspoon kernel: aspeed-i2c-bus 1e78a440.i2c-bus: i2c bus 12 registered, irq 33
Aug 03 15:42:59 witherspoon kernel: aspeed-i2c-bus 1e78a480.i2c-bus: i2c bus 13 registered, irq 34
Aug 03 15:42:59 witherspoon kernel: Driver for 1-wire Dallas network protocol.
Aug 03 15:42:59 witherspoon kernel: lm75 9-004a: hwmon0: sensor 'tmp275'
Aug 03 15:42:59 witherspoon kernel: ucd9000 11-0064: Device ID UCD90160|2.3.4.0000|110603
Aug 03 15:42:59 witherspoon kernel: leds-pca955x 3-0060: leds-pca955x: Using pca9552 16-bit LED driver at slave address 0x60
Aug 03 15:42:59 witherspoon kernel: leds-pca955x 3-0060: gpios 264...279
Aug 03 15:42:59 witherspoon kernel: leds-pca955x 11-0060: leds-pca955x: Using pca9552 16-bit LED driver at slave address 0x60
Aug 03 15:42:59 witherspoon kernel: leds-pca955x 11-0060: gpios 248...263
Aug 03 15:42:59 witherspoon kernel: usbcore: registered new interface driver usbhid
Aug 03 15:42:59 witherspoon kernel: usbhid: USB HID core driver
Aug 03 15:42:59 witherspoon kernel: NET: Registered protocol family 10
Aug 03 15:42:59 witherspoon kernel: Segment Routing with IPv6
Aug 03 15:42:59 witherspoon kernel: NET: Registered protocol family 17
Aug 03 15:42:59 witherspoon kernel: 8021q: 802.1Q VLAN Support v1.8
Aug 03 15:42:59 witherspoon kernel: console [netcon0] enabled
Aug 03 15:42:59 witherspoon kernel: netconsole: network logging started
Aug 03 15:42:59 witherspoon kernel: input: gpio-keys as /devices/platform/gpio-keys/input/input0
Aug 03 15:42:59 witherspoon kernel: rtc-rv8803 11-0032: setting system clock to 2016-04-19 09:46:26 UTC (1461059186)
Aug 03 15:42:59 witherspoon kernel: Freeing unused kernel memory: 284K
Aug 03 15:42:59 witherspoon kernel: This architecture does not have kernel memory protection.
Aug 03 15:42:59 witherspoon kernel: jffs2: notice: (539) jffs2_build_xattr_subsystem: complete building xattr subsystem, 1 of xdatum (1 unchecked, 0 orphan) and 11 of xref (0 dead, 1 orphan) found.
Aug 03 15:42:59 witherspoon systemd[1]: System time before build time, advancing clock.
Aug 03 15:42:59 witherspoon systemd[1]: Failed to insert module 'autofs4': No such file or directory
Aug 03 15:42:59 witherspoon systemd[1]: systemd 232 running in system mode. (+PAM -AUDIT -SELINUX -IMA -APPARMOR -SMACK +SYSVINIT -UTMP -LIBCRYPTSETUP -GCRYPT -GNUTLS +ACL +XZ -LZ4 -SECCOMP +BLKID -ELFUTILS +KMOD -IDN)
Aug 03 15:42:59 witherspoon systemd[1]: Detected architecture arm.
Aug 03 15:42:59 witherspoon systemd[1]: Set hostname to <witherspoon>.
Aug 03 15:42:59 witherspoon systemd[1]: Started Forward Password Requests to Wall Directory Watch.
Aug 03 15:42:59 witherspoon systemd[1]: Listening on Journal Socket.
Aug 03 15:42:59 witherspoon systemd[1]: Listening on Journal Socket (/dev/log).
Aug 03 15:42:59 witherspoon systemd[1]: Listening on udev Control Socket.
Aug 03 15:42:59 witherspoon systemd[1]: Created slice System Slice.
Aug 03 15:42:59 witherspoon systemd[1]: Created slice system-obmc\x2dled\x2dgroup\x2dstart.slice.
Aug 03 15:42:59 witherspoon systemd[1]: Created slice system-getty.slice.
Aug 03 15:42:59 witherspoon systemd-journald[604]: Journal started
Aug 03 15:42:59 witherspoon systemd-journald[604]: Runtime journal (/run/log/journal/98da6a547f8141998b98e23f5894fd04) is 0B, max 0B, 0B free.
Aug 03 15:42:59 witherspoon systemd-sysctl[601]: Couldn't write '16' to 'kernel/sysrq', ignoring: No such file or directory
Aug 03 15:42:59 witherspoon systemd-sysctl[601]: Couldn't write 'fq_codel' to 'net/core/default_qdisc', ignoring: No such file or directory
Aug 03 15:42:59 witherspoon systemd[1]: Started Remount Root and Kernel File Systems.
Aug 03 15:42:59 witherspoon systemd[1]: Started Apply Kernel Variables.
Aug 03 15:42:59 witherspoon systemd[1]: Starting Create System Users...
Aug 03 15:42:59 witherspoon systemd[1]: Starting Flush Journal to Persistent Storage...
Aug 03 15:43:00 witherspoon systemd-journald[604]: Runtime journal (/run/log/journal/98da6a547f8141998b98e23f5894fd04) is 0B, max 0B, 0B free.
Aug 03 15:43:00 witherspoon systemd[1]: Started Create System Users.
Aug 03 15:43:00 witherspoon systemd[1]: Started Flush Journal to Persistent Storage.
Aug 03 15:43:00 witherspoon systemd[1]: Starting Create Static Device Nodes in /dev...
Aug 03 15:43:00 witherspoon systemd[1]: Started Create Static Device Nodes in /dev.
Aug 03 15:43:00 witherspoon systemd[1]: Starting udev Kernel Device Manager...
Aug 03 15:43:00 witherspoon systemd[1]: Reached target Local File Systems (Pre).
Aug 03 15:43:00 witherspoon systemd[1]: Mounting /var/volatile...
Aug 03 15:43:00 witherspoon systemd[1]: Mounted /var/volatile.
Aug 03 15:43:00 witherspoon systemd[1]: Starting Load/Save Random Seed...
Aug 03 15:43:00 witherspoon systemd[1]: Reached target Local File Systems.
Aug 03 15:43:00 witherspoon systemd[1]: Starting Create Volatile Files and Directories...
Aug 03 15:43:01 witherspoon systemd[1]: Starting Rebuild Journal Catalog...
Aug 03 15:43:01 witherspoon systemd[1]: Started Load/Save Random Seed.
Aug 03 15:43:01 witherspoon systemd[1]: Started udev Coldplug all Devices.
Aug 03 15:43:01 witherspoon systemd[1]: Started Rebuild Journal Catalog.
Aug 03 15:43:01 witherspoon systemd[1]: Starting Update is Completed...
Aug 03 15:43:01 witherspoon systemd[1]: Started Update is Completed.
Aug 03 15:43:01 witherspoon systemd[1]: Started udev Kernel Device Manager.
Aug 03 15:43:02 witherspoon systemd-tmpfiles[717]: "/var/tmp" already exists and is not a directory.
Aug 03 15:43:02 witherspoon systemd-tmpfiles[717]: "/var/log" already exists and is not a directory.
Aug 03 15:43:02 witherspoon systemd[1]: Started Create Volatile Files and Directories.
Aug 03 15:43:02 witherspoon systemd[1]: Starting Network Time Synchronization...
Aug 03 15:43:02 witherspoon systemd[1]: Starting Run pending postinsts...
Aug 03 15:43:03 witherspoon systemd[1]: Created slice system-xyz.openbmc_project.Hwmon.slice.
Aug 03 15:43:04 witherspoon run-postinsts[965]: Running postinst /etc/rpm-postinsts/libglib-2.0-0...
Aug 03 15:43:04 witherspoon systemd[1]: dev-hugepages.mount: Couldn't determine result for ConditionVirtualization=!private-users, assuming failed: No such file or directory
Aug 03 15:43:04 witherspoon systemd[1]: Started Network Time Synchronization.
Aug 03 15:43:04 witherspoon systemd[1]: Found device /dev/aspeed-lpc-ctrl.
Aug 03 15:43:04 witherspoon systemd[1]: Found device /dev/aspeed-mbox.
Aug 03 15:43:04 witherspoon systemd[1]: Found device /dev/ttyS4.
Aug 03 15:43:04 witherspoon systemd[1]: Found device /dev/ttyVUART0.
Aug 03 15:43:05 witherspoon run-postinsts[965]: rm: can't remove '/etc/rpm-postinsts': Operation not supported
Aug 03 15:43:05 witherspoon run-postinsts[965]:  Removing any system startup links for run-postinsts ...
Aug 03 15:43:06 witherspoon systemctl[985]: Removed /etc/systemd/system/sysinit.target.wants/run-postinsts.service.
Aug 03 15:43:06 witherspoon systemd[1]: Reloading.
Aug 03 15:43:08 witherspoon systemd[1]: Created slice system-xyz.openbmc_project.led.controller.slice.
Aug 03 15:43:08 witherspoon systemd[1]: Reached target System Time Synchronized.
Aug 03 15:43:08 witherspoon systemd[1]: dev-hugepages.mount: Couldn't determine result for ConditionVirtualization=!private-users, assuming failed: No such file or directory
Aug 03 15:43:08 witherspoon systemd[1]: Started Run pending postinsts.
Aug 03 15:43:08 witherspoon systemd[1]: Reached target System Initialization.
Aug 03 15:43:08 witherspoon systemd[1]: Listening on phosphor-ipmi-net.socket.
Aug 03 15:43:08 witherspoon systemd[1]: Listening on Phosphor Webserver socket.
Aug 03 15:43:08 witherspoon systemd[1]: Listening on dropbear.socket.
Aug 03 15:43:08 witherspoon systemd[1]: Started Daily Cleanup of Temporary Directories.
Aug 03 15:43:09 witherspoon systemd[1]: Reached target Timers.
Aug 03 15:43:09 witherspoon systemd[1]: Listening on Phosphor Host Console SSH Per-Connection socket.
Aug 03 15:43:09 witherspoon systemd[1]: Listening on D-Bus System Message Bus Socket.
Aug 03 15:43:09 witherspoon systemd[1]: Listening on Phosphor DBUS Browser socket.
Aug 03 15:43:09 witherspoon systemd[1]: Listening on Avahi mDNS/DNS-SD Stack Activation Socket.
Aug 03 15:43:09 witherspoon systemd[1]: Reached target Sockets.
Aug 03 15:43:09 witherspoon systemd[1]: Reached target Basic System.
Aug 03 15:43:09 witherspoon systemd[1]: Started Kernel Logging Service.
Aug 03 15:43:09 witherspoon systemd[1]: Starting Phosphor Inventory Manager...
Aug 03 15:43:09 witherspoon systemd[1]: Reached target Containers.
Aug 03 15:43:09 witherspoon systemd[1]: Starting Phosphor User Manager...
Aug 03 15:43:09 witherspoon systemd[1]: Starting Phosphor DBus Service Discovery Manager...
Aug 03 15:43:09 witherspoon systemd[1]: Started Hardware RNG Entropy Gatherer Daemon.
Aug 03 15:43:09 witherspoon kernel[996]: klogd started: BusyBox v1.24.1 (2017-06-16 19:29:08 UTC)
Aug 03 15:43:09 witherspoon kernel[996]: [    0.000000] Booting Linux on physical CPU 0x0
Aug 03 15:43:09 witherspoon kernel[996]: [    0.000000] Linux version 4.10.17-baeb50beb784ac5993d2bfb5d06d909971b60506 (jenkins@openbmc-builder1) (gcc version 6.2.0 (GCC) ) #1 Tue Aug 8 21:19:50 UTC 2017
Aug 03 15:43:09 witherspoon kernel[996]: [    0.000000] CPU: ARMv6-compatible processor [410fb767] revision 7 (ARMv7), cr=00c5387d
Aug 03 15:43:09 witherspoon kernel[996]: [    0.000000] CPU: PIPT / VIPT nonaliasing data cache, VIPT nonaliasing instruction cache
Aug 03 15:43:09 witherspoon kernel[996]: [    0.000000] OF: fdt:Machine model: Witherspoon BMC
Aug 03 15:43:09 witherspoon kernel[996]: [    0.000000] Memory policy: Data cache writeback
Aug 03 15:43:09 witherspoon kernel[996]: [    0.000000] SOC Rev: 04030303
Aug 03 15:43:09 witherspoon kernel[996]: [    0.000000] On node 0 totalpages: 110592
Aug 03 15:43:09 witherspoon kernel[996]: [    0.000000] free_area_init_node: node 0, pgdat 805ff5f4, node_mem_map 9ec1a000
Aug 03 15:43:09 witherspoon kernel[996]: [    0.000000]   Normal zone: 992 pages used for memmap
Aug 03 15:43:09 witherspoon kernel[996]: [    0.000000]   Normal zone: 0 pages reserved
Aug 03 15:43:09 witherspoon kernel[996]: [    0.000000]   Normal zone: 110592 pages, LIFO batch:31
Aug 03 15:43:09 witherspoon systemd[1]: Started Phosphor sysfs LED controller.
Aug 03 15:43:09 witherspoon kernel[996]: [    0.000000] pcpu-alloc: s0 r0 d32768 u32768 alloc=1*32768
Aug 03 15:43:09 witherspoon systemd[1]: Starting Phosphor Dump Manager...
Aug 03 15:43:09 witherspoon kernel[996]: [    0.000000] pcpu-alloc: [0] 0
Aug 03 15:43:09 witherspoon systemd[1]: Started Phosphor sysfs LED controller.
Aug 03 15:43:09 witherspoon kernel[996]: [    0.000000] Built 1 zonelists in Zone order, mobility grouping on.  Total pages: 109600
Aug 03 15:43:09 witherspoon systemd[1]: Starting Phosphor Download Manager...
Aug 03 15:43:09 witherspoon kernel[996]: [    0.000000] Kernel command line: console=ttyS4,115200n8 root=/dev/ram rw
Aug 03 15:43:10 witherspoon systemd[1]: Starting Phosphor Inventory Manager...
Aug 03 15:43:09 witherspoon kernel[996]: [    0.000000] PID hash table entries: 2048 (order: 1, 8192 bytes)
Aug 03 15:43:10 witherspoon systemd[1]: Started Phosphor sysfs LED controller.
Aug 03 15:43:09 witherspoon kernel[996]: [    0.000000] Dentry cache hash table entries: 65536 (order: 6, 262144 bytes)
Aug 03 15:43:10 witherspoon systemd[1]: Starting Phosphor IPMI BT DBus Bridge...
Aug 03 15:43:09 witherspoon kernel[996]: [    0.000000] Inode-cache hash table entries: 32768 (order: 5, 131072 bytes)
Aug 03 15:43:10 witherspoon systemd[1]: Starting Phosphor Network Manager...
Aug 03 15:43:09 witherspoon kernel[996]: [    0.000000] Memory: 430428K/442368K available (4065K kernel code, 280K rwdata, 1192K rodata, 284K init, 111K bss, 11940K reserved, 0K cma-reserved)
Aug 03 15:43:10 witherspoon systemd[1]: Started Phosphor sysfs LED controller.
Aug 03 15:43:09 witherspoon kernel[996]: [    0.000000] Virtual kernel memory layout:
Aug 03 15:43:10 witherspoon systemd[1]: Started Phosphor Dump core monitor..
Aug 03 15:43:09 witherspoon kernel[996]: [    0.000000]     vector  : 0xffff0000 - 0xffff1000   (   4 kB)
Aug 03 15:43:10 witherspoon systemd[1]: Starting Phosphor Settings Daemon...
Aug 03 15:43:09 witherspoon kernel[996]: [    0.000000]     fixmap  : 0xffc00000 - 0xfff00000   (3072 kB)
Aug 03 15:43:10 witherspoon systemd[1]: Started System Logging Service.
Aug 03 15:43:09 witherspoon kernel[996]: [    0.000000]     vmalloc : 0x9f800000 - 0xff800000   (1536 MB)
Aug 03 15:43:10 witherspoon systemd[1]: Starting Clear one time boot overrides...
Aug 03 15:43:09 witherspoon kernel[996]: [    0.000000]     lowmem  : 0x80000000 - 0x9f000000   ( 496 MB)
Aug 03 15:43:10 witherspoon systemd[1]: Starting Phosphor BMC0 Control...
Aug 03 15:43:09 witherspoon kernel[996]: [    0.000000]       .text : 0x80008000 - 0x80400950   (4067 kB)
Aug 03 15:43:10 witherspoon systemd[1]: Starting OpenBMC Software Update Manager...
Aug 03 15:43:09 witherspoon kernel[996]: [    0.000000]       .init : 0x80585000 - 0x805cc000   ( 284 kB)
Aug 03 15:43:10 witherspoon systemd[1]: Starting Phosphor Download Manager...
Aug 03 15:43:09 witherspoon kernel[996]: [    0.000000]       .data : 0x805cc000 - 0x80612358   ( 281 kB)
Aug 03 15:43:10 witherspoon systemd[1]: Started Phosphor Console Muxer listening on device /dev/ttyVUART0.
Aug 03 15:43:09 witherspoon kernel[996]: [    0.000000]        .bss : 0x80612358 - 0x8062e1f8   ( 112 kB)
Aug 03 15:43:11 witherspoon systemd[1]: Starting Phosphor Chassis0 Control...
Aug 03 15:43:09 witherspoon kernel[996]: [    0.000000] NR_IRQS:16 nr_irqs:16 16
Aug 03 15:43:11 witherspoon systemd[1]: Started Phosphor sysfs LED controller.
Aug 03 15:43:09 witherspoon kernel[996]: [    0.000000] i2c controller registered, irq 16
Aug 03 15:43:11 witherspoon systemd[1]: Starting Phosphor LED Group Management Daemon...
Aug 03 15:43:09 witherspoon kernel[996]: [    0.000000] clocksource: moxart_timer: mask: 0xffffffff max_cycles: 0xffffffff, max_idle_ns: 77222644334 ns
Aug 03 15:43:11 witherspoon systemd[1]: Starting Phosphor Log Manager...
Aug 03 15:43:09 witherspoon kernel[996]: [    0.000000] sched_clock: 32 bits at 100 Hz, resolution 10000000ns, wraps every 21474836475000000ns
Aug 03 15:43:11 witherspoon systemd[1]: Starting Avahi mDNS/DNS-SD Stack...
Aug 03 15:43:09 witherspoon kernel[996]: [    0.090000] Calibrating delay loop... 789.70 BogoMIPS (lpj=3948544)
Aug 03 15:43:11 witherspoon systemd[1]: Started Phosphor sysfs LED controller.
Aug 03 15:43:09 witherspoon kernel[996]: [    0.090000] pid_max: default: 32768 minimum: 301
Aug 03 15:43:11 witherspoon systemd[1]: Started Phosphor sysfs LED controller.
Aug 03 15:43:09 witherspoon kernel[996]: [    0.090000] Mount-cache hash table entries: 1024 (order: 0, 4096 bytes)
Aug 03 15:43:11 witherspoon systemd[1]: Started D-Bus System Message Bus.
Aug 03 15:43:09 witherspoon kernel[996]: [    0.090000] Mountpoint-cache hash table entries: 1024 (order: 0, 4096 bytes)
Aug 03 15:43:09 witherspoon kernel[996]: [    0.090000] CPU: Testing write buffer coherency: ok
Aug 03 15:43:09 witherspoon kernel[996]: [    0.090000] ftrace: allocating 14934 entries in 44 pages
Aug 03 15:43:09 witherspoon kernel[996]: [    0.120000] Setting up static identity map for 0x80008200 - 0x8000825c
Aug 03 15:43:09 witherspoon kernel[996]: [    0.120000] devtmpfs: initialized
Aug 03 15:43:09 witherspoon kernel[996]: [    0.150000] clocksource: jiffies: mask: 0xffffffff max_cycles: 0xffffffff, max_idle_ns: 19112604462750000 ns
Aug 03 15:43:09 witherspoon kernel[996]: [    0.150000] futex hash table entries: 256 (order: -1, 3072 bytes)
Aug 03 15:43:09 witherspoon kernel[996]: [    0.150000] pinctrl core: initialized pinctrl subsystem
Aug 03 15:43:09 witherspoon kernel[996]: [    0.150000] NET: Registered protocol family 16
Aug 03 15:43:09 witherspoon kernel[996]: [    0.150000] DMA: preallocated 256 KiB pool for atomic coherent allocations
Aug 03 15:43:09 witherspoon kernel[996]: [    0.220000] usbcore: registered new interface driver usbfs
Aug 03 15:43:09 witherspoon kernel[996]: [    0.220000] usbcore: registered new interface driver hub
Aug 03 15:43:09 witherspoon kernel[996]: [    0.220000] usbcore: registered new device driver usb
Aug 03 15:43:09 witherspoon kernel[996]: [    0.230000] clocksource: Switched to clocksource moxart_timer
Aug 03 15:43:09 witherspoon kernel[996]: [    0.250000] NET: Registered protocol family 2
Aug 03 15:43:09 witherspoon kernel[996]: [    0.250000] TCP established hash table entries: 4096 (order: 2, 16384 bytes)
Aug 03 15:43:09 witherspoon kernel[996]: [    0.250000] TCP bind hash table entries: 4096 (order: 2, 16384 bytes)
Aug 03 15:43:09 witherspoon kernel[996]: [    0.250000] TCP: Hash tables configured (established 4096 bind 4096)
Aug 03 15:43:09 witherspoon kernel[996]: [    0.250000] UDP hash table entries: 256 (order: 0, 4096 bytes)
Aug 03 15:43:09 witherspoon kernel[996]: [    0.250000] UDP-Lite hash table entries: 256 (order: 0, 4096 bytes)
Aug 03 15:43:09 witherspoon kernel[996]: [    0.250000] NET: Registered protocol family 1
Aug 03 15:43:09 witherspoon kernel[996]: [    0.250000] Trying to unpack rootfs image as initramfs...
Aug 03 15:43:09 witherspoon kernel[996]: [    1.920000] Freeing initrd memory: 1548K
Aug 03 15:43:09 witherspoon kernel[996]: [    1.920000] workingset: timestamp_bits=30 max_order=17 bucket_order=0
Aug 03 15:43:09 witherspoon kernel[996]: [    1.920000] squashfs: version 4.0 (2009/01/31) Phillip Lougher
Aug 03 15:43:09 witherspoon kernel[996]: [    1.920000] jffs2: version 2.2. (SUMMARY)  © 2001-2006 Red Hat, Inc.
Aug 03 15:43:09 witherspoon kernel[996]: [    1.920000] Block layer SCSI generic (bsg) driver version 0.4 loaded (major 250)
Aug 03 15:43:09 witherspoon kernel[996]: [    1.920000] io scheduler noop registered
Aug 03 15:43:09 witherspoon kernel[996]: [    1.920000] io scheduler deadline registered
Aug 03 15:43:09 witherspoon kernel[996]: [    1.920000] io scheduler cfq registered (default)
Aug 03 15:43:09 witherspoon kernel[996]: [    2.070000] ipmi-bt-host 1e789140.ibt: Found bt bmc device
Aug 03 15:43:09 witherspoon kernel[996]: [    2.070000] ipmi-bt-host 1e789140.ibt: Using IRQ 22
Aug 03 15:43:09 witherspoon kernel[996]: [    2.070000] Serial: 8250/16550 driver, 6 ports, IRQ sharing enabled
Aug 03 15:43:09 witherspoon kernel[996]: [    2.070000] 1e787000.vuart: ttyS0 at MMIO 0x1e787000 (irq = 22, base_baud = 1500000) is a 16550A
Aug 03 15:43:09 witherspoon kernel[996]: [    2.070000] 1e783000.serial: ttyS1 at MMIO 0x1e783000 (irq = 23, base_baud = 1500000) is a 16550A
Aug 03 15:43:09 witherspoon kernel[996]: [    2.070000] 1e78d000.serial: ttyS2 at MMIO 0x1e78d000 (irq = 24, base_baud = 1500000) is a 16550A
Aug 03 15:43:09 witherspoon kernel[996]: [    2.070000] 1e784000.serial: ttyS4 at MMIO 0x1e784000 (irq = 25, base_baud = 1500000) is a 16550A
Aug 03 15:43:09 witherspoon kernel[996]: [    2.420000] console [ttyS4] enabled
Aug 03 15:43:09 witherspoon kernel[996]: [    2.610000] timeriomem_rng 1e6e2078.hwrng: 32bits from 0xf00e2078 @ 1us
Aug 03 15:43:09 witherspoon kernel[996]: [    2.620000] random: fast init done
Aug 03 15:43:09 witherspoon kernel[996]: [    2.650000] random: crng init done
Aug 03 15:43:09 witherspoon kernel[996]: [    2.660000] brd: module loaded
Aug 03 15:43:09 witherspoon kernel[996]: [    2.700000] loop: module loaded
Aug 03 15:43:09 witherspoon kernel[996]: [    2.700000] aspeed-lpc-ctrl 1e789080.lpc-ctrl: Loaded at 0x98000000 (0x04000000)
Aug 03 15:43:09 witherspoon kernel[996]: [    2.710000] aspeed-smc 1e620000.flash-controller: Using IRQ 18
Aug 03 15:43:09 witherspoon kernel[996]: [    2.710000] aspeed-smc 1e620000.flash-controller: DMA support disabled.
Aug 03 15:43:09 witherspoon kernel[996]: [    2.720000] aspeed-smc 1e620000.flash-controller: mx25l25635e (32768 Kbytes)
Aug 03 15:43:09 witherspoon kernel[996]: [    2.720000] aspeed-smc 1e620000.flash-controller: CE0 window [ 0x20000000 - 0x22000000 ] 32MB
Aug 03 15:43:09 witherspoon kernel[996]: [    2.720000] aspeed-smc 1e620000.flash-controller: CE1 window [ 0x22000000 - 0x2a000000 ] 128MB
Aug 03 15:43:09 witherspoon kernel[996]: [    2.750000] 5 ofpart partitions found on MTD device bmc
Aug 03 15:43:09 witherspoon kernel[996]: [    2.750000] Creating 5 MTD partitions on "bmc":
Aug 03 15:43:09 witherspoon kernel[996]: [    2.760000] 0x000000000000-0x000000060000 : "u-boot"
Aug 03 15:43:09 witherspoon kernel[996]: [    2.760000] 0x000000060000-0x000000080000 : "u-boot-env"
Aug 03 15:43:09 witherspoon kernel[996]: [    2.780000] 0x000000080000-0x0000004c0000 : "kernel"
Aug 03 15:43:09 witherspoon kernel[996]: [    2.790000] 0x0000004c0000-0x000001c00000 : "rofs"
Aug 03 15:43:09 witherspoon kernel[996]: [    2.800000] 0x000001c00000-0x000002000000 : "rwfs"
Aug 03 15:43:09 witherspoon kernel[996]: [    2.810000] aspeed-smc 1e620000.flash-controller: mx25l25635e (32768 Kbytes)
Aug 03 15:43:09 witherspoon kernel[996]: [    2.820000] aspeed-smc 1e620000.flash-controller: CE1 window [ 0x22000000 - 0x24000000 ] 32MB
Aug 03 15:43:09 witherspoon kernel[996]: [    2.830000] aspeed-smc 1e620000.flash-controller: CE2 window [ 0x24000000 - 0x2c000000 ] 128MB
Aug 03 15:43:09 witherspoon kernel[996]: [    2.840000] aspeed-smc 1e630000.flash-controller: mx66l1g45g (131072 Kbytes)
Aug 03 15:43:09 witherspoon kernel[996]: [    2.850000] aspeed-smc 1e630000.flash-controller: CE0 window resized to 120MB (AST2500 HW quirk)
Aug 03 15:43:09 witherspoon kernel[996]: [    2.850000] aspeed-smc 1e630000.flash-controller: CE0 window [ 0x30000000 - 0x37800000 ] 120MB
Aug 03 15:43:09 witherspoon kernel[996]: [    2.870000] aspeed-smc 1e630000.flash-controller: CE0 window too small for chip 128MB
Aug 03 15:43:09 witherspoon kernel[996]: [    2.880000] aspeed-smc 1e630000.flash-controller: CE1 window [ 0x37800000 - 0x38000000 ] 8MB
Aug 03 15:43:09 witherspoon kernel[996]: [    3.600000] libphy: Fixed MDIO Bus: probed
Aug 03 15:43:09 witherspoon kernel[996]: [    3.600000] ftgmac100 1e660000.ethernet: Read MAC address 70:e2:84:14:24:20 from chip
Aug 03 15:43:09 witherspoon kernel[996]: [    3.600000] ftgmac100 1e660000.ethernet: Using NCSI interface
Aug 03 15:43:09 witherspoon kernel[996]: [    3.600000] ftgmac100 1e660000.ethernet eth0: irq 20, mapped at f0060000
Aug 03 15:43:09 witherspoon kernel[996]: [    3.690000] ehci_hcd: USB 2.0 'Enhanced' Host Controller (EHCI) Driver
Aug 03 15:43:09 witherspoon kernel[996]: [    3.690000] ehci-platform: EHCI generic platform driver
Aug 03 15:43:09 witherspoon kernel[996]: [    3.850000]  fsi0: can't read slave 00:00 -5
Aug 03 15:43:09 witherspoon kernel[996]: [    3.850000] i2c /dev entries driver
Aug 03 15:43:09 witherspoon kernel[996]: [    3.850000] aspeed-i2c-bus 1e78a0c0.i2c-bus: i2c bus 2 registered, irq 26
Aug 03 15:43:09 witherspoon kernel[996]: [    3.850000] aspeed-i2c-bus 1e78a100.i2c-bus: i2c bus 3 registered, irq 27
Aug 03 15:43:09 witherspoon kernel[996]: [    3.850000] aspeed-i2c-bus 1e78a140.i2c-bus: i2c bus 4 registered, irq 28
Aug 03 15:43:09 witherspoon kernel[996]: [    3.850000] aspeed-i2c-bus 1e78a180.i2c-bus: i2c bus 5 registered, irq 29
Aug 03 15:43:09 witherspoon kernel[996]: [    3.850000] aspeed-i2c-bus 1e78a380.i2c-bus: i2c bus 9 registered, irq 30
Aug 03 15:43:09 witherspoon kernel[996]: [    3.850000] aspeed-i2c-bus 1e78a3c0.i2c-bus: i2c bus 10 registered, irq 31
Aug 03 15:43:09 witherspoon kernel[996]: [    3.850000] rtc-rv8803 11-0032: Voltage low, temperature compensation stopped.
Aug 03 15:43:09 witherspoon kernel[996]: [    3.950000] rtc-rv8803 11-0032: rtc core: registered rx8900 as rtc0
Aug 03 15:43:09 witherspoon kernel[996]: [    3.960000] at24 11-0051: 8192 byte 24c64 EEPROM, writable, 1 bytes/write
Aug 03 15:43:09 witherspoon kernel[996]: [    3.960000] aspeed-i2c-bus 1e78a400.i2c-bus: i2c bus 11 registered, irq 32
Aug 03 15:43:09 witherspoon kernel[996]: [    3.960000] aspeed-i2c-bus 1e78a440.i2c-bus: i2c bus 12 registered, irq 33
Aug 03 15:43:09 witherspoon kernel[996]: [    3.960000] aspeed-i2c-bus 1e78a480.i2c-bus: i2c bus 13 registered, irq 34
Aug 03 15:43:09 witherspoon kernel[996]: [    3.960000] Driver for 1-wire Dallas network protocol.
Aug 03 15:43:09 witherspoon kernel[996]: [    3.960000] lm75 9-004a: hwmon0: sensor 'tmp275'
Aug 03 15:43:09 witherspoon kernel[996]: [    4.810000] ucd9000 11-0064: Device ID UCD90160|2.3.4.0000|110603
Aug 03 15:43:09 witherspoon kernel[996]: [    5.140000] leds-pca955x 3-0060: leds-pca955x: Using pca9552 16-bit LED driver at slave address 0x60
Aug 03 15:43:09 witherspoon kernel[996]: [    5.150000] leds-pca955x 3-0060: gpios 264...279
Aug 03 15:43:09 witherspoon kernel[996]: [    5.160000] leds-pca955x 11-0060: leds-pca955x: Using pca9552 16-bit LED driver at slave address 0x60
Aug 03 15:43:09 witherspoon kernel[996]: [    5.170000] leds-pca955x 11-0060: gpios 248...263
Aug 03 15:43:09 witherspoon kernel[996]: [    5.180000] usbcore: registered new interface driver usbhid
Aug 03 15:43:09 witherspoon kernel[996]: [    5.180000] usbhid: USB HID core driver
Aug 03 15:43:09 witherspoon kernel[996]: [    5.240000] NET: Registered protocol family 10
Aug 03 15:43:09 witherspoon kernel[996]: [    5.240000] Segment Routing with IPv6
Aug 03 15:43:09 witherspoon kernel[996]: [    5.250000] NET: Registered protocol family 17
Aug 03 15:43:09 witherspoon kernel[996]: [    5.250000] 8021q: 802.1Q VLAN Support v1.8
Aug 03 15:43:09 witherspoon kernel[996]: [    5.280000] console [netcon0] enabled
Aug 03 15:43:09 witherspoon kernel[996]: [    5.280000] netconsole: network logging started
Aug 03 15:43:09 witherspoon kernel[996]: [    5.290000] input: gpio-keys as /devices/platform/gpio-keys/input/input0
Aug 03 15:43:09 witherspoon kernel[996]: [    5.300000] rtc-rv8803 11-0032: setting system clock to 2016-04-19 09:46:26 UTC (1461059186)
Aug 03 15:43:09 witherspoon kernel[996]: [    5.310000] Freeing unused kernel memory: 284K
Aug 03 15:43:09 witherspoon kernel[996]: [    5.310000] This architecture does not have kernel memory protection.
Aug 03 15:43:09 witherspoon kernel[996]: [    7.120000] jffs2: notice: (539) jffs2_build_xattr_subsystem: complete building xattr subsystem, 1 of xdatum (1 unchecked, 0 orphan) and 11 of xref (0 dead, 1 orphan) found.
Aug 03 15:43:09 witherspoon kernel[996]: [   14.000000] systemd[1]: System time before build time, advancing clock.
Aug 03 15:43:09 witherspoon kernel[996]: [   14.000000] systemd[1]: Failed to insert module 'autofs4': No such file or directory
Aug 03 15:43:09 witherspoon kernel[996]: [   14.000000] systemd[1]: systemd 232 running in system mode. (+PAM -AUDIT -SELINUX -IMA -APPARMOR -SMACK +SYSVINIT -UTMP -LIBCRYPTSETUP -GCRYPT -GNUTLS +ACL +XZ -LZ4 -SECCOMP +BLKID -ELFUTILS +KMOD -IDN)
Aug 03 15:43:09 witherspoon kernel[996]: [   14.000000] systemd[1]: Detected architecture arm.
Aug 03 15:43:09 witherspoon kernel[996]: [   14.430000] systemd[1]: Set hostname to <witherspoon>.
Aug 03 15:43:09 witherspoon kernel[996]: [   16.010000] systemd[1]: Started Forward Password Requests to Wall Directory Watch.
Aug 03 15:43:09 witherspoon kernel[996]: [   16.100000] systemd[1]: Listening on Journal Socket.
Aug 03 15:43:09 witherspoon kernel[996]: [   16.140000] systemd[1]: Listening on Journal Socket (/dev/log).
Aug 03 15:43:09 witherspoon kernel[996]: [   16.180000] systemd[1]: Listening on udev Control Socket.
Aug 03 15:43:09 witherspoon kernel[996]: [   16.220000] systemd[1]: Created slice System Slice.
Aug 03 15:43:09 witherspoon kernel[996]: [   16.250000] systemd[1]: Created slice system-obmc\x2dled\x2dgroup\x2dstart.slice.
Aug 03 15:43:09 witherspoon kernel[996]: [   16.290000] systemd[1]: Created slice system-getty.slice.
Aug 03 15:43:09 witherspoon kernel[996]: [   18.280000] systemd-journald[604]: Received request to flush runtime journal from PID 1
Aug 03 15:43:13 witherspoon avahi-daemon[1023]: Found user 'avahi' (UID 998) and group 'avahi' (GID 997).
Aug 03 15:43:13 witherspoon avahi-daemon[1023]: Successfully dropped root privileges.
Aug 03 15:43:13 witherspoon avahi-daemon[1023]: avahi-daemon 0.6.32 starting up.
Aug 03 15:43:17 witherspoon avahi-daemon[1023]: Successfully called chroot().
Aug 03 15:43:17 witherspoon avahi-daemon[1023]: Successfully dropped remaining capabilities.
Aug 03 15:43:17 witherspoon avahi-daemon[1023]: Loading service file /services/obmc_console.service.
Aug 03 15:43:17 witherspoon avahi-daemon[1023]: Loading service file /services/phosphor_rest.service.
Aug 03 15:43:17 witherspoon avahi-daemon[1023]: Loading service file /services/sftp-ssh.service.
Aug 03 15:43:17 witherspoon avahi-daemon[1023]: Loading service file /services/sftp.service.
Aug 03 15:43:17 witherspoon avahi-daemon[1023]: Loading service file /services/ssh.service.
Aug 03 15:43:17 witherspoon avahi-daemon[1023]: Network interface enumeration completed.
Aug 03 15:43:17 witherspoon avahi-daemon[1023]: Server startup complete. Host name is witherspoon.local. Local service cookie is 1100973276.
Aug 03 15:43:17 witherspoon avahi-daemon[1023]: Service "witherspoon" (/services/ssh.service) successfully established.
Aug 03 15:43:17 witherspoon avahi-daemon[1023]: Service "sftp" (/services/sftp.service) successfully established.
Aug 03 15:43:17 witherspoon avahi-daemon[1023]: Service "witherspoon" (/services/sftp-ssh.service) successfully established.
Aug 03 15:43:17 witherspoon avahi-daemon[1023]: Service "phosphor_rest" (/services/phosphor_rest.service) successfully established.
Aug 03 15:43:17 witherspoon avahi-daemon[1023]: Service "obmc_console" (/services/obmc_console.service) successfully established.
Aug 03 15:43:19 witherspoon systemd[1]: Started Phosphor BMC0 Control.
Aug 03 15:43:19 witherspoon dbus[1026]: [system] Successfully activated service 'org.freedesktop.systemd1'
Aug 03 15:43:19 witherspoon systemd[1]: Started Phosphor Settings Daemon.
Aug 03 15:43:19 witherspoon systemd[1]: Started Phosphor LED Group Management Daemon.
Aug 03 15:43:19 witherspoon systemd[1]: Started Phosphor Log Manager.
Aug 03 15:43:20 witherspoon systemd[1]: Started Phosphor Download Manager.
Aug 03 15:43:20 witherspoon systemd[1]: Started Phosphor IPMI BT DBus Bridge.
Aug 03 15:43:20 witherspoon systemd[1]: Started Phosphor Inventory Manager.
Aug 03 15:43:21 witherspoon systemd[1]: Started Avahi mDNS/DNS-SD Stack.
Aug 03 15:43:21 witherspoon systemd[1]: Starting Network Service...
Aug 03 15:43:21 witherspoon systemd[1]: Started Phosphor sysfs LED controller.
Aug 03 15:43:21 witherspoon systemd[1]: Starting Phosphor Sensor Manager...
Aug 03 15:43:21 witherspoon systemd[1]: Started Phosphor sysfs LED controller.
Aug 03 15:43:21 witherspoon systemd[1]: Starting Remount the squashfs and ubi volumes after a reboot...
Aug 03 15:43:22 witherspoon systemd[1]: Started Clear one time boot overrides.
Aug 03 15:43:22 witherspoon kernel: ubi7: default fastmap pool size: 100
Aug 03 15:43:22 witherspoon kernel: ubi7: default fastmap WL pool size: 50
Aug 03 15:43:22 witherspoon kernel: ubi7: attaching mtd7
Aug 03 15:43:22 witherspoon kernel[996]: [   40.840000] ubi7: default fastmap pool size: 100
Aug 03 15:43:22 witherspoon kernel[996]: [   40.840000] ubi7: default fastmap WL pool size: 50
Aug 03 15:43:22 witherspoon kernel[996]: [   40.840000] ubi7: attaching mtd7
Aug 03 15:43:22 witherspoon systemd[1]: Started OpenBMC Software Update Manager.
Aug 03 15:43:22 witherspoon systemd[1]: Started Phosphor Dump Manager.
Aug 03 15:43:23 witherspoon kernel: ubi7: scanning is finished
Aug 03 15:43:23 witherspoon kernel[996]: [   41.190000] ubi7: scanning is finished
Aug 03 15:43:23 witherspoon kernel: ubi7: attached mtd7 (name "pnor", size 128 MiB)
Aug 03 15:43:23 witherspoon kernel: ubi7: PEB size: 65536 bytes (64 KiB), LEB size: 65408 bytes
Aug 03 15:43:23 witherspoon kernel: ubi7: min./max. I/O unit sizes: 1/256, sub-page size 1
Aug 03 15:43:23 witherspoon kernel: ubi7: VID header offset: 64 (aligned 64), data offset: 128
Aug 03 15:43:23 witherspoon kernel: ubi7: good PEBs: 2048, bad PEBs: 0, corrupted PEBs: 0
Aug 03 15:43:23 witherspoon kernel: ubi7: user volume: 4, internal volumes: 1, max. volumes count: 128
Aug 03 15:43:23 witherspoon kernel: ubi7: max/mean erase counter: 1/0, WL threshold: 4096, image sequence number: 2021791599
Aug 03 15:43:23 witherspoon kernel: ubi7: available PEBs: 1110, total reserved PEBs: 938, PEBs reserved for bad PEB handling: 0
Aug 03 15:43:23 witherspoon kernel[996]: [   41.340000] ubi7: attached mtd7 (name "pnor", size 128 MiB)
Aug 03 15:43:23 witherspoon kernel[996]: [   41.340000] ubi7: PEB size: 65536 bytes (64 KiB), LEB size: 65408 bytes
Aug 03 15:43:23 witherspoon kernel[996]: [   41.340000] ubi7: min./max. I/O unit sizes: 1/256, sub-page size 1
Aug 03 15:43:23 witherspoon kernel: ubi7: background thread "ubi_bgt7d" started, PID 1053
Aug 03 15:43:23 witherspoon obmc-flash-bios[1036]: UBI device number 7, total 2048 LEBs (133955584 bytes, 127.8 MiB), available 1110 LEBs (72602880 bytes, 69.2 MiB), LEB size 65408 bytes (63.9 KiB)
Aug 03 15:43:23 witherspoon kernel[996]: [   41.390000] ubi7: VID header offset: 64 (aligned 64), data offset: 128
Aug 03 15:43:23 witherspoon kernel[996]: [   41.390000] ubi7: good PEBs: 2048, bad PEBs: 0, corrupted PEBs: 0
Aug 03 15:43:23 witherspoon kernel[996]: [   41.390000] ubi7: user volume: 4, internal volumes: 1, max. volumes count: 128
Aug 03 15:43:23 witherspoon kernel[996]: [   41.390000] ubi7: max/mean erase counter: 1/0, WL threshold: 4096, image sequence number: 2021791599
Aug 03 15:43:23 witherspoon kernel[996]: [   41.390000] ubi7: available PEBs: 1110, total reserved PEBs: 938, PEBs reserved for bad PEB handling: 0
Aug 03 15:43:23 witherspoon kernel[996]: [   41.450000] ubi7: background thread "ubi_bgt7d" started, PID 1053
Aug 03 15:43:24 witherspoon systemd-networkd[1032]: Enumeration completed
Aug 03 15:43:24 witherspoon systemd[1]: Started Network Service.
Aug 03 15:43:24 witherspoon systemd[1]: Reached target Network.
Aug 03 15:43:24 witherspoon systemd[1]: Starting Permit User Sessions...
Aug 03 15:43:24 witherspoon systemd[1]: Started Lightweight SLP Server.
Aug 03 15:43:24 witherspoon systemd-networkd[1032]: eth0: IPv6 enabled for interface: Success
Aug 03 15:43:24 witherspoon avahi-daemon[1023]: Joining mDNS multicast group on interface eth0.IPv4 with address 9.41.166.169.
Aug 03 15:43:24 witherspoon avahi-daemon[1023]: New relevant interface eth0.IPv4 for mDNS.
Aug 03 15:43:24 witherspoon avahi-daemon[1023]: Registering new address record for 9.41.166.169 on eth0.IPv4.
Aug 03 15:43:24 witherspoon systemd-networkd[1032]: eth0: Gained carrier
Aug 03 15:43:24 witherspoon systemd-timesyncd[964]: Network configuration changed, trying to establish connection.
Aug 03 15:43:24 witherspoon systemd[1]: Started Permit User Sessions.
Aug 03 15:43:24 witherspoon systemd[1]: Started Serial Getty on ttyS4.
Aug 03 15:43:24 witherspoon systemd[1]: Reached target Login Prompts.
Aug 03 15:43:26 witherspoon avahi-daemon[1023]: Joining mDNS multicast group on interface eth0.IPv6 with address fe80::72e2:84ff:fe14:2420.
Aug 03 15:43:26 witherspoon systemd-networkd[1032]: eth0: Gained IPv6LL
Aug 03 15:43:26 witherspoon avahi-daemon[1023]: New relevant interface eth0.IPv6 for mDNS.
Aug 03 15:43:26 witherspoon avahi-daemon[1023]: Registering new address record for fe80::72e2:84ff:fe14:2420 on eth0.*.
Aug 03 15:43:28 witherspoon kernel: ftgmac100 1e660000.ethernet eth0: NCSI interface up
Aug 03 15:43:28 witherspoon kernel[996]: [   46.240000] ftgmac100 1e660000.ethernet eth0: NCSI interface up
Aug 03 15:43:34 witherspoon systemd[1]: Started Phosphor Chassis0 Control.
Aug 03 15:43:34 witherspoon chassis_control.py[1019]: Running ChassisControlService
Aug 03 15:43:36 witherspoon kernel: block ubiblock7_0: created from ubi7:0(pnor-ro-2b6dcac8)
Aug 03 15:43:36 witherspoon kernel[996]: [   53.680000] block ubiblock7_0: created from ubi7:0(pnor-ro-2b6dcac8)
Aug 03 15:43:36 witherspoon systemd[1]: Started Phosphor Download Manager.
Aug 03 15:43:36 witherspoon download_manager.py[1017]: Running Download Manager
Aug 03 15:43:37 witherspoon kernel: UBIFS (ubi7:1): UBIFS: mounted UBI device 7, volume 1, name "pnor-rw-2b6dcac8"
Aug 03 15:43:37 witherspoon kernel: UBIFS (ubi7:1): LEB size: 65408 bytes (63 KiB), min./max. I/O unit sizes: 8 bytes/256 bytes
Aug 03 15:43:37 witherspoon kernel: UBIFS (ubi7:1): FS size: 16155776 bytes (15 MiB, 247 LEBs), journal size 784896 bytes (0 MiB, 12 LEBs)
Aug 03 15:43:37 witherspoon kernel: UBIFS (ubi7:1): reserved for root: 763076 bytes (745 KiB)
Aug 03 15:43:37 witherspoon kernel: UBIFS (ubi7:1): media format: w5/r0 (latest is w5/r0), UUID 4D4B4EF2-9BC7-4728-B7E2-04DEE888DC6A, small LPT model
Aug 03 15:43:37 witherspoon kernel: UBIFS (ubi7:1): background thread "ubifs_bgt7_1" started, PID 1080
Aug 03 15:43:37 witherspoon kernel[996]: [   55.540000] UBIFS (ubi7:1): UBIFS: mounted UBI device 7, volume 1, name "pnor-rw-2b6dcac8"
Aug 03 15:43:37 witherspoon kernel[996]: [   55.540000] UBIFS (ubi7:1): LEB size: 65408 bytes (63 KiB), min./max. I/O unit sizes: 8 bytes/256 bytes
Aug 03 15:43:37 witherspoon kernel[996]: [   55.540000] UBIFS (ubi7:1): FS size: 16155776 bytes (15 MiB, 247 LEBs), journal size 784896 bytes (0 MiB, 12 LEBs)
Aug 03 15:43:37 witherspoon kernel[996]: [   55.540000] UBIFS (ubi7:1): reserved for root: 763076 bytes (745 KiB)
Aug 03 15:43:37 witherspoon kernel[996]: [   55.540000] UBIFS (ubi7:1): media format: w5/r0 (latest is w5/r0), UUID 4D4B4EF2-9BC7-4728-B7E2-04DEE888DC6A, small LPT model
Aug 03 15:43:37 witherspoon kernel[996]: [   55.540000] UBIFS (ubi7:1): background thread "ubifs_bgt7_1" started, PID 1080
Aug 03 15:43:37 witherspoon inventory_items.py[1006]: Loading from cache: /var/cache/obmc/org.openbmc.inventory.system.chassis.motherboard.apss@org.openbmc.InventoryItem.props
Aug 03 15:43:37 witherspoon inventory_items.py[1006]: Loading from cache: /var/cache/obmc/org.openbmc.inventory.system.chassis.motherboard@org.openbmc.InventoryItem.props
Aug 03 15:43:37 witherspoon inventory_items.py[1006]: Loading from cache: /var/cache/obmc/org.openbmc.inventory.system.chassis.motherboard.refclock@org.openbmc.InventoryItem.props
Aug 03 15:43:37 witherspoon inventory_items.py[1006]: Loading from cache: /var/cache/obmc/org.openbmc.inventory.system.chassis.motherboard.cpu1.core7@org.openbmc.InventoryItem.props
Aug 03 15:43:37 witherspoon inventory_items.py[1006]: Loading from cache: /var/cache/obmc/org.openbmc.inventory.system.chassis.motherboard.cpu1.core4@org.openbmc.InventoryItem.props
Aug 03 15:43:37 witherspoon inventory_items.py[1006]: Loading from cache: /var/cache/obmc/org.openbmc.inventory.system.chassis.motherboard.cpu1.core1@org.openbmc.InventoryItem.props
Aug 03 15:43:37 witherspoon kernel: UBIFS (ubi7:2): UBIFS: mounted UBI device 7, volume 2, name "pnor-prsv"
Aug 03 15:43:37 witherspoon kernel: UBIFS (ubi7:2): LEB size: 65408 bytes (63 KiB), min./max. I/O unit sizes: 8 bytes/256 bytes
Aug 03 15:43:37 witherspoon kernel: UBIFS (ubi7:2): FS size: 1504384 bytes (1 MiB, 23 LEBs), journal size 523265 bytes (0 MiB, 6 LEBs)
Aug 03 15:43:37 witherspoon kernel: UBIFS (ubi7:2): reserved for root: 71055 bytes (69 KiB)
Aug 03 15:43:37 witherspoon kernel: UBIFS (ubi7:2): media format: w5/r0 (latest is w5/r0), UUID A7449DF8-6CB8-439A-B8CD-778791AB9369, small LPT model
Aug 03 15:43:38 witherspoon kernel: UBIFS (ubi7:2): background thread "ubifs_bgt7_2" started, PID 1089
Aug 03 15:43:37 witherspoon kernel[996]: [   55.870000] UBIFS (ubi7:2): UBIFS: mounted UBI device 7, volume 2, name "pnor-prsv"
Aug 03 15:43:37 witherspoon kernel[996]: [   55.870000] UBIFS (ubi7:2): LEB size: 65408 bytes (63 KiB), min./max. I/O unit sizes: 8 bytes/256 bytes
Aug 03 15:43:37 witherspoon kernel[996]: [   55.870000] UBIFS (ubi7:2): FS size: 1504384 bytes (1 MiB, 23 LEBs), journal size 523265 bytes (0 MiB, 6 LEBs)
Aug 03 15:43:37 witherspoon kernel[996]: [   55.870000] UBIFS (ubi7:2): reserved for root: 71055 bytes (69 KiB)
Aug 03 15:43:37 witherspoon kernel[996]: [   55.870000] UBIFS (ubi7:2): media format: w5/r0 (latest is w5/r0), UUID A7449DF8-6CB8-439A-B8CD-778791AB9369, small LPT model
Aug 03 15:43:37 witherspoon kernel[996]: [   55.870000] UBIFS (ubi7:2): background thread "ubifs_bgt7_2" started, PID 1089
Aug 03 15:43:38 witherspoon inventory_items.py[1006]: Loading from cache: /var/cache/obmc/org.openbmc.inventory.system.chassis.motherboard.cpu1.core10@org.openbmc.InventoryItem.props
Aug 03 15:43:38 witherspoon inventory_items.py[1006]: Loading from cache: /var/cache/obmc/org.openbmc.inventory.system.chassis.motherboard.todclock@org.openbmc.InventoryItem.props
Aug 03 15:43:38 witherspoon inventory_items.py[1006]: Loading from cache: /var/cache/obmc/org.openbmc.inventory.system.chassis.motherboard.cpu1@org.openbmc.InventoryItem.props
Aug 03 15:43:38 witherspoon inventory_items.py[1006]: Loading from cache: /var/cache/obmc/org.openbmc.inventory.system.chassis.motherboard.bmc@org.openbmc.InventoryItem.props
Aug 03 15:43:38 witherspoon inventory_items.py[1006]: Caching: /org/openbmc/inventory/system/chassis/motherboard/bmc
Aug 03 15:43:38 witherspoon inventory_items.py[1006]: Loading from cache: /var/cache/obmc/org.openbmc.inventory.system.chassis.motherboard.cpu0.core1@org.openbmc.InventoryItem.props
Aug 03 15:43:38 witherspoon inventory_items.py[1006]: Loading from cache: /var/cache/obmc/org.openbmc.inventory.system.chassis.motherboard.cpu0.core7@org.openbmc.InventoryItem.props
Aug 03 15:43:38 witherspoon inventory_items.py[1006]: Loading from cache: /var/cache/obmc/org.openbmc.inventory.system.chassis.motherboard.cpu0.core4@org.openbmc.InventoryItem.props
Aug 03 15:43:38 witherspoon inventory_items.py[1006]: Loading from cache: /var/cache/obmc/org.openbmc.inventory.system.chassis.motherboard.pcieclock@org.openbmc.InventoryItem.props
Aug 03 15:43:38 witherspoon inventory_items.py[1006]: Loading from cache: /var/cache/obmc/org.openbmc.inventory.system.chassis.motherboard.cpu0.core10@org.openbmc.InventoryItem.props
Aug 03 15:43:38 witherspoon systemd[1]: Started Phosphor Inventory Manager.
Aug 03 15:43:38 witherspoon inventory_items.py[1006]: Running Inventory Manager
Aug 03 15:43:38 witherspoon systemd[1]: Started Phosphor Network Manager.
Aug 03 15:43:38 witherspoon netman.py[1009]: Started
Aug 03 15:43:38 witherspoon systemd[1]: Started Phosphor User Manager.
Aug 03 15:43:38 witherspoon obmc-phosphor-userd[998]: Started
Aug 03 15:43:39 witherspoon phosphor-mapper[999]: ObjectMapper startup complete.  Discovery in progress...
Aug 03 15:43:39 witherspoon sensor_manager2.py[1034]: Setting boot count to 3
Aug 03 15:43:39 witherspoon systemd[1]: Started Phosphor Sensor Manager.
Aug 03 15:43:39 witherspoon sensor_manager2.py[1034]: Starting sensor manager
Aug 03 15:43:39 witherspoon systemd[1]: Started Remount the squashfs and ubi volumes after a reboot.
Aug 03 15:43:39 witherspoon systemd[1]: Reached target Multi-User System.
Aug 03 15:43:39 witherspoon systemd[1]: Starting OpenPower Software Update Manager...
Aug 03 15:43:39 witherspoon systemd-networkd[1032]: eth0: Configured
Aug 03 15:43:39 witherspoon systemd-timesyncd[964]: Network configuration changed, trying to establish connection.
Aug 03 15:43:39 witherspoon openpower-update-manager[1094]: Error in reading file
Aug 03 15:43:40 witherspoon avahi-daemon[1028]: ../../avahi-0.6.32/avahi-daemon/chroot.c: open() failed: No such file or directory
Aug 03 15:43:40 witherspoon avahi-daemon[1023]: Failed to open /usr/share/dbus-1/interfaces/org.freedesktop.Avahi.Server.xml: Invalid argument
Aug 03 15:43:40 witherspoon avahi-daemon[1023]: Failed to load introspection data.
Aug 03 15:43:40 witherspoon systemd[1]: Started OpenPower Software Update Manager.
Aug 03 15:43:40 witherspoon systemd[1]: Mounting /usr/local...
Aug 03 15:43:40 witherspoon systemd[1]: Started Phosphor MBOX Daemon.
Aug 03 15:43:40 witherspoon systemd[1]: Starting Phosphor Version Software Manager...
Aug 03 15:43:40 witherspoon systemd[1]: Mounted /usr/local.
Aug 03 15:43:40 witherspoon systemd[1]: Starting Create a ubi volume for pnor patches...
Aug 03 15:43:41 witherspoon systemd[1]: Started Create a ubi volume for pnor patches.
Aug 03 15:43:41 witherspoon kernel: UBIFS (ubi7:3): UBIFS: mounted UBI device 7, volume 3, name "pnor-patch"
Aug 03 15:43:41 witherspoon kernel: UBIFS (ubi7:3): LEB size: 65408 bytes (63 KiB), min./max. I/O unit sizes: 8 bytes/256 bytes
Aug 03 15:43:41 witherspoon kernel: UBIFS (ubi7:3): FS size: 16155776 bytes (15 MiB, 247 LEBs), journal size 784896 bytes (0 MiB, 12 LEBs)
Aug 03 15:43:41 witherspoon kernel: UBIFS (ubi7:3): reserved for root: 763076 bytes (745 KiB)
Aug 03 15:43:41 witherspoon kernel: UBIFS (ubi7:3): media format: w5/r0 (latest is w5/r0), UUID F81035D1-A58D-4911-8F26-C5B8897989E4, small LPT model
Aug 03 15:43:41 witherspoon kernel: UBIFS (ubi7:3): background thread "ubifs_bgt7_3" started, PID 1116
Aug 03 15:43:41 witherspoon kernel[996]: [   59.040000] UBIFS (ubi7:3): UBIFS: mounted UBI device 7, volume 3, name "pnor-patch"
Aug 03 15:43:41 witherspoon kernel[996]: [   59.040000] UBIFS (ubi7:3): LEB size: 65408 bytes (63 KiB), min./max. I/O unit sizes: 8 bytes/256 bytes
Aug 03 15:43:41 witherspoon kernel[996]: [   59.040000] UBIFS (ubi7:3): FS size: 16155776 bytes (15 MiB, 247 LEBs), journal size 784896 bytes (0 MiB, 12 LEBs)
Aug 03 15:43:41 witherspoon kernel[996]: [   59.040000] UBIFS (ubi7:3): reserved for root: 763076 bytes (745 KiB)
Aug 03 15:43:41 witherspoon kernel[996]: [   59.040000] UBIFS (ubi7:3): media format: w5/r0 (latest is w5/r0), UUID F81035D1-A58D-4911-8F26-C5B8897989E4, small LPT model
Aug 03 15:43:41 witherspoon kernel[996]: [   59.040000] UBIFS (ubi7:3): background thread "ubifs_bgt7_3" started, PID 1116
Aug 03 15:43:41 witherspoon systemd[1]: Started Phosphor Version Software Manager.
Aug 03 15:43:52 witherspoon phosphor-mapper[999]: ObjectMapper discovery complete
Aug 03 15:43:52 witherspoon systemd[1]: Started Phosphor DBus Service Discovery Manager.
Aug 03 15:43:52 witherspoon systemd[1]: Started Phosphor Hwmon Poller.
Aug 03 15:43:52 witherspoon systemd[1]: Started Phosphor Hwmon Poller.
Aug 03 15:43:52 witherspoon systemd[1]: Started Phosphor Hwmon Poller.
Aug 03 15:43:53 witherspoon systemd[1]: Started Phosphor Hwmon Poller.
Aug 03 15:43:53 witherspoon systemd[1]: Started Phosphor Hwmon Poller.
Aug 03 15:43:53 witherspoon systemd[1]: Started Phosphor Hwmon Poller.
Aug 03 15:43:53 witherspoon systemd[1]: Reached target Phosphor Object Mapper.
Aug 03 15:43:53 witherspoon systemd[1]: Starting Phoshpor System Manager...
Aug 03 15:43:53 witherspoon systemd[1]: Starting Wait for /xyz/openbmc_project/control/host0/power_restore_policy...
Aug 03 15:43:53 witherspoon systemd[1]: Starting Wait for /xyz/openbmc_project/control/host0/restriction_mode...
Aug 03 15:43:53 witherspoon systemd[1]: Starting Wait for /xyz/openbmc_project/time/owner...
Aug 03 15:43:53 witherspoon systemd[1]: Starting Wait for /org/openbmc/control/bmc0...
Aug 03 15:43:53 witherspoon systemd[1]: Starting Wait for /xyz/openbmc_project/control/host0/boot_mode...
Aug 03 15:43:53 witherspoon systemd[1]: Starting Wait for /xyz/openbmc_project/control/host0/auto_reboot...
Aug 03 15:43:53 witherspoon systemd[1]: Starting Wait for /xyz/openbmc_project/state/host0...
Aug 03 15:43:53 witherspoon systemd[1]: Starting Phosphor Settings Manager...
Aug 03 15:43:53 witherspoon systemd[1]: Starting Wait for /org/openbmc/managers/System...
Aug 03 15:43:53 witherspoon systemd[1]: Starting Wait for /xyz/openbmc_project/led/groups/bmc_booted...
Aug 03 15:43:53 witherspoon systemd[1]: Started Phosphor DBus Monitor.
Aug 03 15:43:53 witherspoon systemd[1]: Starting Wait for /org/openbmc/control/flash/bios...
Aug 03 15:43:53 witherspoon systemd[1]: Starting Wait for /xyz/openbmc_project/control/host0/boot_source...
Aug 03 15:43:53 witherspoon systemd[1]: Reached target Webserver (pre).
Aug 03 15:43:54 witherspoon systemd[1]: Started Phosphor Webserver.
Aug 03 15:43:54 witherspoon systemd[1]: Starting Wait for /xyz/openbmc_project/state/chassis0...
Aug 03 15:43:54 witherspoon systemd[1]: Starting Wait for /org/openbmc/NetworkManager/Interface...
Aug 03 15:43:54 witherspoon systemd[1]: Starting Wait for /xyz/openbmc_project/control/host0...
Aug 03 15:43:54 witherspoon systemd[1]: Starting Phosphor Network Manager...
Aug 03 15:43:54 witherspoon systemd[1]: Starting Wait for /org/openbmc/control/power0...
Aug 03 15:43:54 witherspoon systemd[1]: Starting Wait for /org/openbmc/managers/Download...
Aug 03 15:43:54 witherspoon systemd[1]: Starting Wait for /xyz/openbmc_project/inventory...
Aug 03 15:43:54 witherspoon systemd[1]: Starting Wait for /xyz/openbmc_project/led/groups...
Aug 03 15:43:54 witherspoon systemd[1]: Starting Wait for /xyz/openbmc_project/time/sync_method...
Aug 03 15:43:57 witherspoon phosphor-network-manager[1142]: ConfigParser: Section not found
Aug 03 15:43:57 witherspoon phosphor-network-manager[1142]: The operation failed internally.
Aug 03 15:43:57 witherspoon phosphor-network-manager[1142]: ConfigParser: Section not found
Aug 03 15:43:57 witherspoon phosphor-network-manager[1142]: The operation failed internally.
Aug 03 15:43:57 witherspoon phosphor-network-manager[1142]: ConfigParser: Key not found
Aug 03 15:43:57 witherspoon phosphor-network-manager[1142]: The operation failed internally.
Aug 03 15:43:58 witherspoon systemd[1]: Started Wait for /xyz/openbmc_project/control/host0/power_restore_policy.
Aug 03 15:43:59 witherspoon systemd[1]: Started Wait for /xyz/openbmc_project/control/host0/restriction_mode.
Aug 03 15:43:59 witherspoon systemd[1]: Started Wait for /xyz/openbmc_project/time/owner.
Aug 03 15:44:00 witherspoon systemd[1]: Started Wait for /xyz/openbmc_project/control/host0/boot_source.
Aug 03 15:44:00 witherspoon systemd[1]: Started Wait for /org/openbmc/NetworkManager/Interface.
Aug 03 15:44:01 witherspoon systemd[1]: Started Phosphor DNS Settings Cache Manager.
Aug 03 15:44:01 witherspoon systemd[1]: Started Wait for /xyz/openbmc_project/led/groups.
Aug 03 15:44:01 witherspoon systemd[1]: Started FRU Fault monitor service.
Aug 03 15:44:01 witherspoon systemd[1]: Started Wait for /xyz/openbmc_project/inventory.
Aug 03 15:44:01 witherspoon systemd[1]: Started Phosphor Cooling Type.
Aug 03 15:44:01 witherspoon systemd[1]: Started Phosphor GPIO 0 Presence.
Aug 03 15:44:01 witherspoon systemd[1]: Starting Read OpenPOWER-format VPD from EEPROM...
Aug 03 15:44:01 witherspoon systemd[1]: Starting OpenPOWER OCC controller...
Aug 03 15:44:01 witherspoon systemd[1]: Started Phosphor GPIO 1 Presence.
Aug 03 15:44:02 witherspoon systemd[1]: Started Wait for /xyz/openbmc_project/control/host0/auto_reboot.
Aug 03 15:44:02 witherspoon systemd[1]: Started Wait for /xyz/openbmc_project/led/groups/bmc_booted.
Aug 03 15:44:02 witherspoon systemd[1]: Started Wait for /org/openbmc/managers/Download.
Aug 03 15:44:02 witherspoon systemd[1]: Started Wait for /xyz/openbmc_project/time/sync_method.
Aug 03 15:44:02 witherspoon phosphor-gpio-presence[1160]: Updating inventory present property
Aug 03 15:44:02 witherspoon systemd[1]: Starting Phosphor BIOS Code Update...
Aug 03 15:44:03 witherspoon phosphor-gpio-presence[1157]: Updating inventory present property
Aug 03 15:44:03 witherspoon systemd[1]: Started Phosphor BIOS Code Update.
Aug 03 15:44:04 witherspoon systemd[1]: Started Wait for /xyz/openbmc_project/control/host0/boot_mode.
Aug 03 15:44:04 witherspoon systemd[1]: Started Wait for /org/openbmc/control/bmc0.
Aug 03 15:44:04 witherspoon systemd[1]: Starting Phosphor BMC Code Update...
Aug 03 15:44:05 witherspoon dbus[1026]: [system] Activating via systemd: service name='org.freedesktop.journal1' unit='dbus-org.freedesktop.journal1.service'
Aug 03 15:44:05 witherspoon systemd[1]: Starting Journal Dbus Service...
Aug 03 15:44:05 witherspoon systemd[1]: Started Journal Dbus Service.
Aug 03 15:44:05 witherspoon dbus[1026]: [system] Successfully activated service 'org.freedesktop.journal1'
Aug 03 15:44:06 witherspoon phosphor-log-manager[1022]: Failed to find metadata
Aug 03 15:44:06 witherspoon phosphor-fru-fault-monitor[1154]: /xyz/openbmc_project/logging/entry/1
Aug 03 15:44:06 witherspoon dbus[1026]: [system] Activating via systemd: service name='org.freedesktop.hostname1' unit='dbus-org.freedesktop.hostname1.service'
Aug 03 15:44:06 witherspoon systemd[1]: Starting Hostname Service...
Aug 03 15:44:08 witherspoon dbus[1026]: [system] Successfully activated service 'org.freedesktop.hostname1'
Aug 03 15:44:08 witherspoon systemd[1]: Started Hostname Service.
Aug 03 15:44:08 witherspoon systemd[1]: Started Phosphor Network Manager.
Aug 03 15:44:10 witherspoon systemd[1]: Started OpenPOWER OCC controller.
Aug 03 15:44:11 witherspoon system_manager.py[1124]: Running System State: BASE_APPS
Aug 03 15:44:11 witherspoon system_manager.py[1124]: SystemManager Init Done
Aug 03 15:44:11 witherspoon system_manager.py[1124]: Running SystemManager
Aug 03 15:44:11 witherspoon systemd[1]: Started Phoshpor System Manager.
Aug 03 15:44:15 witherspoon systemd[1]: Started Read OpenPOWER-format VPD from EEPROM.
Aug 03 15:44:16 witherspoon system_manager.py[1124]: SystemManager Goto System State: BMC_STARTING
Aug 03 15:44:16 witherspoon system_manager.py[1124]: Running System State: BMC_STARTING
Aug 03 15:44:16 witherspoon systemd[1]: Started Phosphor Settings Manager.
Aug 03 15:44:16 witherspoon systemd[1]: Starting Wait for /org/openbmc/settings/host0...
Aug 03 15:44:16 witherspoon settings_manager.py[1132]: Running HostSettingsService
Aug 03 15:44:17 witherspoon systemd[1]: Started Phosphor BMC Code Update.
Aug 03 15:44:17 witherspoon bmc_update.py[1173]: Running Bmc Flash Control
Aug 03 15:44:23 witherspoon systemd[1]: Started Wait for /org/openbmc/control/flash/bios.
Aug 03 15:44:23 witherspoon systemd[1]: Started Initialize BIOS Flash.
Aug 03 15:44:24 witherspoon systemd[1]: Started Wait for /org/openbmc/settings/host0.
Aug 03 15:44:24 witherspoon systemd[1]: Started Wait for /org/openbmc/managers/System.
Aug 03 15:44:24 witherspoon systemd[1]: Starting Phosphor Chassis State Manager...
Aug 03 15:44:24 witherspoon systemd[1]: Starting Phosphor BMC State Manager...
Aug 03 15:44:24 witherspoon systemd[1]: Starting Phosphor Reset Button0...
Aug 03 15:44:24 witherspoon systemd[1]: Starting Phosphor Host State Manager...
Aug 03 15:44:25 witherspoon systemd[1]: Starting Phosphor Power0 Control...
Aug 03 15:44:25 witherspoon systemd[1]: Starting Phosphor Power Button0...
Aug 03 15:44:25 witherspoon systemd[1]: Started Phosphor Inband IPMI.
Aug 03 15:44:25 witherspoon button_power.exe[1199]: GPIO Lookup:  POWER_BUTTON = 347,both
Aug 03 15:44:26 witherspoon phosphor-chassis-state-manager[1189]: Initial Chassis State will be Off
Aug 03 15:44:26 witherspoon power_control.exe[1198]: Power GPIO latch output:
Aug 03 15:44:26 witherspoon power_control.exe[1198]: Power GPIO power good input: SYS_PWROK_BUFF
Aug 03 15:44:26 witherspoon power_control.exe[1198]: Power GPIO 2 power_up outputs
Aug 03 15:44:26 witherspoon power_control.exe[1198]: Power GPIO power_up[0] = SOFTWARE_PGOOD active HIGH
Aug 03 15:44:26 witherspoon power_control.exe[1198]: Power GPIO power_up[1] = BMC_POWER_UP active HIGH
Aug 03 15:44:26 witherspoon power_control.exe[1198]: Power GPIO 1 reset outputs
Aug 03 15:44:26 witherspoon power_control.exe[1198]: Power GPIO reset[0] = BMC_CP0_RESET_N active LOW
Aug 03 15:44:26 witherspoon power_control.exe[1198]: Power GPIO 0 pci reset outputs
Aug 03 15:44:26 witherspoon power_control.exe[1198]: FSI DATA GPIO: FSI_DATA
Aug 03 15:44:26 witherspoon button_reset.exe[1191]: GPIO Lookup:  RESET_BUTTON = 353,both
Aug 03 15:44:26 witherspoon system_manager.py[1124]: New object: /org/openbmc/control/power0 (:1.85)
Aug 03 15:44:26 witherspoon system_manager.py[1124]: Power GPIO config: ['SYS_PWROK_BUFF', '', [('SOFTWARE_PGOOD', True), ('BMC_POWER_UP', True)], [('BMC_CP0_RESET_N', False)], [], 'FSI_DATA', 'FSI_CLK', 'FSI_ENABLE', 'CRONUS_SEL', []]
Aug 03 15:44:26 witherspoon systemd[1]: Started Phosphor Power Button0.
Aug 03 15:44:26 witherspoon power_control.exe[1198]: FSI CLK GPIO: FSI_CLK
Aug 03 15:44:26 witherspoon power_control.exe[1198]: FSI ENABLE GPIO: FSI_ENABLE
Aug 03 15:44:26 witherspoon power_control.exe[1198]: CRONUS SEL GPIO: CRONUS_SEL
Aug 03 15:44:26 witherspoon power_control.exe[1198]: Hostctl GPIO optionals: 0
Aug 03 15:44:26 witherspoon systemd[1]: Started Phosphor Chassis State Manager.
Aug 03 15:44:26 witherspoon phosphor-bmc-state-manager[1190]: Setting the BMCState field
Aug 03 15:44:26 witherspoon phosphor-bmc-state-manager[1190]: Setting the BMCState field
Aug 03 15:44:26 witherspoon systemd[1]: Started Phosphor BMC State Manager.
Aug 03 15:44:26 witherspoon systemd[1]: Started Phosphor Reset Button0.
Aug 03 15:44:27 witherspoon power_control.exe[1198]: GPIO Lookup:  SYS_PWROK_BUFF = 306,in
Aug 03 15:44:27 witherspoon power_control.exe[1198]: GPIO Lookup:  SOFTWARE_PGOOD = 417,out
Aug 03 15:44:27 witherspoon power_control.exe[1198]: GPIO Lookup:  BMC_POWER_UP = 305,out
Aug 03 15:44:27 witherspoon power_control.exe[1198]: GPIO Lookup:  BMC_CP0_RESET_N = 281,out
Aug 03 15:44:27 witherspoon power_control.exe[1198]: Pgood state: 0
Aug 03 15:44:27 witherspoon systemd[1]: Started Phosphor Power0 Control.
Aug 03 15:44:27 witherspoon flash_bios.exe[1168]: Starting flasher: bios,,/org/openbmc/control/flash/bios,
Aug 03 15:44:27 witherspoon flash_bios.exe[1168]: flasher: , BMC = 1, address = 0x0
Aug 03 15:44:27 witherspoon flash_bios.exe[1168]: Setting up flash
Aug 03 15:44:28 witherspoon flash_bios.exe[1168]: Starting flasher: bios,,/org/openbmc/control/flash/bios,
Aug 03 15:44:28 witherspoon flash_bios.exe[1168]: flasher: , BMC = 1, address = 0x0
Aug 03 15:44:28 witherspoon flash_bios.exe[1168]: Setting up flash
Aug 03 15:44:28 witherspoon phosphor-gevent[1138]: Traceback (most recent call last):
Aug 03 15:44:28 witherspoon phosphor-gevent[1138]:   File "/usr/lib/python2.7/site-packages/gevent/greenlet.py", line 327, in run
Aug 03 15:44:28 witherspoon phosphor-gevent[1138]:     result = self._run(*self.args, **self.kwargs)
Aug 03 15:44:28 witherspoon phosphor-gevent[1138]:   File "/usr/lib/python2.7/site-packages/gevent/server.py", line 102, in wrap_socket_and_handle
Aug 03 15:44:28 witherspoon phosphor-gevent[1138]:     ssl_socket = self.wrap_socket(client_socket, **self.ssl_args)
Aug 03 15:44:28 witherspoon phosphor-gevent[1138]:   File "/usr/lib/python2.7/site-packages/gevent/ssl.py", line 404, in wrap_socket
Aug 03 15:44:28 witherspoon phosphor-gevent[1138]:     ciphers=ciphers)
Aug 03 15:44:28 witherspoon phosphor-gevent[1138]:   File "/usr/lib/python2.7/site-packages/gevent/ssl.py", line 113, in __init__
Aug 03 15:44:28 witherspoon phosphor-gevent[1138]:     self.do_handshake()
Aug 03 15:44:28 witherspoon phosphor-gevent[1138]:   File "/usr/lib/python2.7/site-packages/gevent/ssl.py", line 324, in do_handshake
Aug 03 15:44:28 witherspoon phosphor-gevent[1138]:     return self._sslobj.do_handshake()
Aug 03 15:44:28 witherspoon phosphor-gevent[1138]: SSLEOFError: EOF occurred in violation of protocol (_ssl.c:590)
Aug 03 15:44:28 witherspoon phosphor-gevent[1138]: <Greenlet at 0x760293f0: <bound method WSGIServer.wrap_socket_and_handle of <WSGIServer at 0x75fffb50 fileno=5 address=('::3432:f176:b00d:6776%1986465184', 443, 0, 1986465184)>>(<socket at 0x75ed6830 fileno=9>, ('::8019:6576:8e91:f402%1995447068', 42176, 0, 199)> failed with SSLEOFError
Aug 03 15:44:29 witherspoon phosphor-gevent[1138]: ::8019:6576:8e91:f402%1995447068 - - [2017-08-03 15:44:29] "POST /login HTTP/1.1" 200 320 0.214463
Aug 03 15:44:29 witherspoon systemd[1]: Created slice system-dropbear.slice.
Aug 03 15:44:29 witherspoon systemd[1]: Started SSH Per-Connection Server (9.41.165.94:54300).
Aug 03 15:44:29 witherspoon dropbear[1224]: Failed loading /etc/dropbear/dropbear_dss_host_key
Aug 03 15:44:29 witherspoon dropbear[1224]: Failed loading /etc/dropbear/dropbear_ecdsa_host_key
Aug 03 15:44:29 witherspoon dropbear[1224]: Child connection from ::ffff:9.41.165.94:54300
Aug 03 15:44:29 witherspoon phosphor-host-state-manager[1192]: Initial Host State will be Off
Aug 03 15:44:30 witherspoon dropbear[1224]: pam_unix(dropbear:account): account root has password changed in future
Aug 03 15:44:30 witherspoon dropbear[1224]: PAM password auth succeeded for 'root' from ::ffff:9.41.165.94:54300
Aug 03 15:44:30 witherspoon dropbear[1225]: lastlog_perform_login: Couldn't stat /var/log/lastlog: No such file or directory
Aug 03 15:44:30 witherspoon dropbear[1225]: lastlog_openseek: /var/log/lastlog is not a file or directory!
Aug 03 15:44:31 witherspoon systemd[1]: Started Phosphor Host State Manager.
Aug 03 15:44:32 witherspoon systemd[1]: Started SSH Per-Connection Server (9.41.165.94:54302).
Aug 03 15:44:32 witherspoon dropbear[1229]: Failed loading /etc/dropbear/dropbear_dss_host_key
Aug 03 15:44:32 witherspoon dropbear[1229]: Failed loading /etc/dropbear/dropbear_ecdsa_host_key
Aug 03 15:44:32 witherspoon dropbear[1229]: Child connection from ::ffff:9.41.165.94:54302
Aug 03 15:44:33 witherspoon dropbear[1229]: pam_unix(dropbear:account): account root has password changed in future
Aug 03 15:44:33 witherspoon dropbear[1229]: PAM password auth succeeded for 'root' from ::ffff:9.41.165.94:54302
Aug 03 15:44:33 witherspoon dropbear[1230]: lastlog_perform_login: Couldn't stat /var/log/lastlog: No such file or directory
Aug 03 15:44:33 witherspoon dropbear[1230]: lastlog_openseek: /var/log/lastlog is not a file or directory!
Aug 03 15:44:34 witherspoon phosphor-gevent[1138]: ::8019:6576:8e91:f402%1995447068 - - [2017-08-03 15:44:34] "POST /login HTTP/1.1" 200 320 0.052135
Aug 03 15:44:35 witherspoon system_manager.py[1124]: SystemManager Goto System State: BMC_READY
Aug 03 15:44:35 witherspoon system_manager.py[1124]: Running System State: BMC_READY
Aug 03 15:44:35 witherspoon systemd[1]: Started Wait for /org/openbmc/control/power0.
Aug 03 15:44:36 witherspoon phosphor-gevent[1138]: ::8019:6576:8e91:f402%1995447068 - - [2017-08-03 15:44:35] "GET /xyz/openbmc_project/state/BMC0/ HTTP/1.1" 404 308 0.562048
Aug 03 15:44:35 witherspoon systemd[1]: Starting Check Chassis0 pgood and create a file to indicate it...
Aug 03 15:44:35 witherspoon systemd[1]: Starting Phosphor Time Manager daemon...
Aug 03 15:44:36 witherspoon systemd[1]: Started Wait for /xyz/openbmc_project/state/chassis0.
Aug 03 15:44:36 witherspoon phosphor-gevent[1138]: ::8019:6576:8e91:f402%1995447068 - - [2017-08-03 15:44:36] "POST /login HTTP/1.1" 200 320 0.032758
Aug 03 15:44:37 witherspoon timemanager[1237]: Registering dbus methods
Aug 03 15:44:37 witherspoon timemanager[1237]: Last known time_mode: NTP
Aug 03 15:44:37 witherspoon systemd[1]: Started Check Chassis0 pgood and create a file to indicate it.
Aug 03 15:44:37 witherspoon systemd[1]: Reached target Chassis0 power on after reset.
Aug 03 15:44:37 witherspoon systemd[1]: Reached target Chassis0 (Reset Check).
Aug 03 15:44:37 witherspoon timemanager[1237]: Last known time_owner: BMC
Aug 03 15:44:37 witherspoon timemanager[1237]: Empty DhcpNtp string
Aug 03 15:44:37 witherspoon timemanager[1237]: Reading Power Control key: pgood
Aug 03 15:44:37 witherspoon phosphor-gevent[1138]: ::8019:6576:8e91:f402%1995447068 - - [2017-08-03 15:44:37] "GET /xyz/openbmc_project/state/bmc0//attr/CurrentBMCState HTTP/1.1" 200 215 1.162307
Aug 03 15:44:37 witherspoon timemanager[1237]: Changing settings *allowed* now
Aug 03 15:44:37 witherspoon systemd[1]: Started Wait for /xyz/openbmc_project/control/host0.
Aug 03 15:44:37 witherspoon systemd[1]: Reached target Host0 running after reset.
Aug 03 15:44:37 witherspoon systemd[1]: Reached target Host0 (Reset Check).
Aug 03 15:44:38 witherspoon systemd[1]: Started Wait for /xyz/openbmc_project/state/host0.
Aug 03 15:44:38 witherspoon systemd[1]: Starting Reboot If Enabled...
Aug 03 15:44:38 witherspoon timemanager[1237]: Owner is already set to : BMC
Aug 03 15:44:39 witherspoon timemanager[1237]: Requested_Mode: NTP Current_Mode: NTP
Aug 03 15:44:39 witherspoon timemanager[1237]: Mode is already set to : NTP
Aug 03 15:44:39 witherspoon timemanager[1237]: Getting System Settings: use_dhcp_ntp
Aug 03 15:44:39 witherspoon timemanager[1237]: use_dhcp_ntp = yes
Aug 03 15:44:39 witherspoon timemanager[1237]: Last known host_offset:0
Aug 03 15:44:39 witherspoon timemanager[1237]: Initial Uptime Usec: 1501774961784109
Aug 03 15:44:39 witherspoon systemd[1]: Started Phosphor Time Manager daemon.
Aug 03 15:44:39 witherspoon phosphor-discover-system-state[1251]: Host power is off, checking power policy
Aug 03 15:44:39 witherspoon systemd[1]: Started Reboot If Enabled.
Aug 03 15:44:39 witherspoon systemd[1]: Reached target Phosphor System - Standby.
Aug 03 15:44:39 witherspoon systemd[1]: Starting Assert bmc_booted LED...
Aug 03 15:44:39 witherspoon phosphor-bmc-state-manager[1190]: BMC_READY
Aug 03 15:44:39 witherspoon phosphor-bmc-state-manager[1190]: Setting the BMCState field
Aug 03 15:44:39 witherspoon systemd[1]: Started Assert bmc_booted LED.
Aug 03 15:44:39 witherspoon systemd[1]: Startup finished in 13.989s (kernel) + 1min 44.202s (userspace) = 1min 58.192s.
Aug 03 15:44:47 witherspoon phosphor-gevent[1138]: ::8019:6576:8e91:f402%1995447068 - - [2017-08-03 15:44:47] "POST /login HTTP/1.1" 200 320 0.032492
Aug 03 15:44:48 witherspoon phosphor-gevent[1138]: ::8019:6576:8e91:f402%1995447068 - - [2017-08-03 15:44:48] "GET /xyz/openbmc_project/state/bmc0//attr/CurrentBMCState HTTP/1.1" 200 212 1.014126
Aug 03 15:44:49 witherspoon phosphor-gevent[1138]: ::8019:6576:8e91:f402%1995447068 - - [2017-08-03 15:44:49] "POST /login HTTP/1.1" 200 320 0.046630
Aug 03 15:44:49 witherspoon phosphor-gevent[1138]: ::8019:6576:8e91:f402%1995447068 - - [2017-08-03 15:44:49] "PUT /org/openbmc/control/flash/bmc/attr/preserve_network_settings HTTP/1.1" 200 169 0.309442
Aug 03 15:44:49 witherspoon phosphor-gevent[1138]: ::8019:6576:8e91:f402%1995447068 - - [2017-08-03 15:44:49] "POST /login HTTP/1.1" 200 320 0.032925
Aug 03 15:44:49 witherspoon phosphor-gevent[1138]: ::8019:6576:8e91:f402%1995447068 - - [2017-08-03 15:44:49] "GET /org/openbmc/control/flash/bmc HTTP/1.1" 200 380 0.087760
Aug 03 15:44:49 witherspoon systemd[1]: Started SSH Per-Connection Server (9.41.165.94:54314).
Aug 03 15:44:49 witherspoon dropbear[1261]: Failed loading /etc/dropbear/dropbear_dss_host_key
Aug 03 15:44:49 witherspoon dropbear[1261]: Failed loading /etc/dropbear/dropbear_ecdsa_host_key
Aug 03 15:44:49 witherspoon dropbear[1261]: Child connection from ::ffff:9.41.165.94:54314
Aug 03 15:44:50 witherspoon dropbear[1261]: pam_unix(dropbear:account): account root has password changed in future
Aug 03 15:44:50 witherspoon dropbear[1261]: PAM password auth succeeded for 'root' from ::ffff:9.41.165.94:54314
Aug 03 15:44:50 witherspoon systemd[1]: Started SSH Per-Connection Server (9.41.165.94:54316).
Aug 03 15:44:50 witherspoon dropbear[1262]: Failed loading /etc/dropbear/dropbear_dss_host_key
Aug 03 15:44:50 witherspoon dropbear[1262]: Failed loading /etc/dropbear/dropbear_ecdsa_host_key
Aug 03 15:44:50 witherspoon dropbear[1262]: Child connection from ::ffff:9.41.165.94:54316
Aug 03 15:44:51 witherspoon dropbear[1262]: pam_unix(dropbear:account): account root has password changed in future
Aug 03 15:44:51 witherspoon dropbear[1262]: PAM password auth succeeded for 'root' from ::ffff:9.41.165.94:54316
Aug 03 15:44:51 witherspoon dropbear[1263]: lastlog_perform_login: Couldn't stat /var/log/lastlog: No such file or directory
Aug 03 15:44:51 witherspoon dropbear[1263]: lastlog_openseek: /var/log/lastlog is not a file or directory!
Aug 03 15:46:00 witherspoon phosphor-gevent[1138]: ::8019:6576:8e91:f402%1995447068 - - [2017-08-03 15:46:00] "POST /login HTTP/1.1" 200 320 0.033022
Aug 03 15:46:00 witherspoon bmc_update.py[1173]: Download complete. Updating...
Aug 03 15:46:03 witherspoon bmc_update.py[1173]: Preserving network settings
Aug 03 15:46:03 witherspoon bmc_update.py[1173]: update: --no-flash --no-save-files --no-restore-files --no-clean-saved-files
Aug 03 15:46:04 witherspoon bmc_update.py[1173]: ERROR: Image image-bmc too big for mtd0.
Aug 03 15:46:04 witherspoon phosphor-gevent[1138]: ::8019:6576:8e91:f402%1995447068 - - [2017-08-03 15:46:04] "POST /org/openbmc/control/flash/bmc/action/update HTTP/1.1" 200 169 3.796105
Aug 03 15:46:04 witherspoon phosphor-gevent[1138]: ::8019:6576:8e91:f402%1995447068 - - [2017-08-03 15:46:04] "POST /login HTTP/1.1" 200 320 0.033364
Aug 03 15:46:04 witherspoon phosphor-gevent[1138]: ::8019:6576:8e91:f402%1995447068 - - [2017-08-03 15:46:04] "GET /org/openbmc/control/flash/bmc HTTP/1.1" 200 538 0.131195
Aug 03 15:46:05 witherspoon phosphor-gevent[1138]: ::8019:6576:8e91:f402%1995447068 - - [2017-08-03 15:46:05] "POST /login HTTP/1.1" 200 320 0.032685
Aug 03 15:46:05 witherspoon phosphor-gevent[1138]: ::8019:6576:8e91:f402%1995447068 - - [2017-08-03 15:46:05] "GET /xyz/openbmc_project/state/host0//attr/CurrentHostState HTTP/1.1" 200 212 0.076732
Aug 03 15:46:08 witherspoon systemd[1]: Started SSH Per-Connection Server (9.41.165.94:54324).
Aug 03 15:46:08 witherspoon dropbear[1298]: Failed loading /etc/dropbear/dropbear_dss_host_key
Aug 03 15:46:08 witherspoon dropbear[1298]: Failed loading /etc/dropbear/dropbear_ecdsa_host_key
Aug 03 15:46:08 witherspoon dropbear[1298]: Child connection from ::ffff:9.41.165.94:54324
Aug 03 15:46:08 witherspoon dropbear[1298]: pam_unix(dropbear:account): account root has password changed in future
Aug 03 15:46:08 witherspoon dropbear[1298]: PAM password auth succeeded for 'root' from ::ffff:9.41.165.94:54324
Aug 03 15:46:08 witherspoon dropbear[1299]: lastlog_perform_login: Couldn't stat /var/log/lastlog: No such file or directory
Aug 03 15:46:08 witherspoon dropbear[1299]: lastlog_openseek: /var/log/lastlog is not a file or directory!
Aug 03 15:46:11 witherspoon phosphor-gevent[1138]: ::8019:6576:8e91:f402%1995447068 - - [2017-08-03 15:46:11] "POST /login HTTP/1.1" 200 320 0.033394
Aug 03 15:46:11 witherspoon phosphor-gevent[1138]: ::8019:6576:8e91:f402%1995447068 - - [2017-08-03 15:46:11] "GET /xyz/openbmc_project/logging/entry/enumerate HTTP/1.1" 200 488 0.112940
Aug 03 15:46:11 witherspoon phosphor-gevent[1138]: ::8019:6576:8e91:f402%1995447068 - - [2017-08-03 15:46:11] "POST /login HTTP/1.1" 200 320 0.033499
Aug 03 15:46:11 witherspoon phosphor-gevent[1138]: ::8019:6576:8e91:f402%1995447068 - - [2017-08-03 15:46:11] "GET /org/openbmc/sensors/enumerate HTTP/1.1" 200 881 0.171260
Aug 03 15:46:12 witherspoon phosphor-gevent[1138]: ::8019:6576:8e91:f402%1995447068 - - [2017-08-03 15:46:12] "POST /login HTTP/1.1" 200 320 0.050464
Aug 03 15:46:12 witherspoon phosphor-gevent[1138]: ::8019:6576:8e91:f402%1995447068 - - [2017-08-03 15:46:12] "GET /xyz/openbmc_project/inventory/enumerate HTTP/1.1" 200 1078 0.192797
Aug 03 15:46:12 witherspoon phosphor-gevent[1138]: ::8019:6576:8e91:f402%1995447068 - - [2017-08-03 15:46:12] "POST /login HTTP/1.1" 200 320 0.032786
Aug 03 15:46:12 witherspoon phosphor-gevent[1138]: ::8019:6576:8e91:f402%1995447068 - - [2017-08-03 15:46:12] "GET /org/openbmc/records/events/enumerate HTTP/1.1" 404 304 0.029880
Aug 03 15:46:12 witherspoon phosphor-gevent[1138]: ::8019:6576:8e91:f402%1995447068 - - [2017-08-03 15:46:12] "POST /login HTTP/1.1" 200 320 0.032877
Aug 03 15:46:12 witherspoon phosphor-gevent[1138]: ::8019:6576:8e91:f402%1995447068 - - [2017-08-03 15:46:12] "GET /org/openbmc/control/led/enumerate HTTP/1.1" 404 301 0.031531
Aug 03 15:46:13 witherspoon systemd[1]: Started SSH Per-Connection Server (9.41.165.94:54336).
Aug 03 15:46:13 witherspoon dropbear[1311]: Failed loading /etc/dropbear/dropbear_dss_host_key
Aug 03 15:46:13 witherspoon dropbear[1311]: Failed loading /etc/dropbear/dropbear_ecdsa_host_key
Aug 03 15:46:13 witherspoon dropbear[1311]: Child connection from ::ffff:9.41.165.94:54336
Aug 03 15:46:13 witherspoon dropbear[1311]: pam_unix(dropbear:account): account root has password changed in future
Aug 03 15:46:13 witherspoon dropbear[1311]: PAM password auth succeeded for 'root' from ::ffff:9.41.165.94:54336
