-- Logs begin at Mon 2017-08-07 22:39:49 UTC, end at Mon 2017-08-07 22:58:07 UTC. --
Aug 07 22:39:49 witherspoon kernel: Booting Linux on physical CPU 0x0
Aug 07 22:39:49 witherspoon kernel: Linux version 4.10.17-03afe5775baf06c3037d62cc2a15628079af38c9 (jenkins@openbmc-builder1) (gcc version 6.2.0 (GCC) ) #1 Mon Aug 7 21:49:12 UTC 2017
Aug 07 22:39:49 witherspoon kernel: CPU: ARMv6-compatible processor [410fb767] revision 7 (ARMv7), cr=00c5387d
Aug 07 22:39:49 witherspoon kernel: CPU: PIPT / VIPT nonaliasing data cache, VIPT nonaliasing instruction cache
Aug 07 22:39:49 witherspoon kernel: OF: fdt:Machine model: Witherspoon BMC
Aug 07 22:39:49 witherspoon kernel: Memory policy: Data cache writeback
Aug 07 22:39:49 witherspoon kernel: SOC Rev: 04030303
Aug 07 22:39:49 witherspoon kernel: On node 0 totalpages: 110592
Aug 07 22:39:49 witherspoon kernel: free_area_init_node: node 0, pgdat 805ff5f4, node_mem_map 9ec1a000
Aug 07 22:39:49 witherspoon kernel:   Normal zone: 992 pages used for memmap
Aug 07 22:39:49 witherspoon kernel:   Normal zone: 0 pages reserved
Aug 07 22:39:49 witherspoon kernel:   Normal zone: 110592 pages, LIFO batch:31
Aug 07 22:39:49 witherspoon kernel: pcpu-alloc: s0 r0 d32768 u32768 alloc=1*32768
Aug 07 22:39:49 witherspoon kernel: pcpu-alloc: [0] 0 
Aug 07 22:39:49 witherspoon kernel: Built 1 zonelists in Zone order, mobility grouping on.  Total pages: 109600
Aug 07 22:39:49 witherspoon kernel: Kernel command line: console=ttyS4,115200n8 root=/dev/ram rw
Aug 07 22:39:49 witherspoon kernel: PID hash table entries: 2048 (order: 1, 8192 bytes)
Aug 07 22:39:49 witherspoon kernel: Dentry cache hash table entries: 65536 (order: 6, 262144 bytes)
Aug 07 22:39:49 witherspoon kernel: Inode-cache hash table entries: 32768 (order: 5, 131072 bytes)
Aug 07 22:39:49 witherspoon kernel: Memory: 430436K/442368K available (4065K kernel code, 280K rwdata, 1192K rodata, 284K init, 111K bss, 11932K reserved, 0K cma-reserved)
Aug 07 22:39:49 witherspoon kernel: Virtual kernel memory layout:
                                        vector  : 0xffff0000 - 0xffff1000   (   4 kB)
                                        fixmap  : 0xffc00000 - 0xfff00000   (3072 kB)
                                        vmalloc : 0x9f800000 - 0xff800000   (1536 MB)
                                        lowmem  : 0x80000000 - 0x9f000000   ( 496 MB)
                                          .text : 0x80008000 - 0x80400940   (4067 kB)
                                          .init : 0x80585000 - 0x805cc000   ( 284 kB)
                                          .data : 0x805cc000 - 0x80612358   ( 281 kB)
                                           .bss : 0x80612358 - 0x8062e1f8   ( 112 kB)
Aug 07 22:39:49 witherspoon kernel: NR_IRQS:16 nr_irqs:16 16
Aug 07 22:39:49 witherspoon kernel: i2c controller registered, irq 16
Aug 07 22:39:49 witherspoon kernel: clocksource: moxart_timer: mask: 0xffffffff max_cycles: 0xffffffff, max_idle_ns: 77222644334 ns
Aug 07 22:39:49 witherspoon kernel: sched_clock: 32 bits at 100 Hz, resolution 10000000ns, wraps every 21474836475000000ns
Aug 07 22:39:49 witherspoon kernel: Calibrating delay loop... 789.70 BogoMIPS (lpj=3948544)
Aug 07 22:39:49 witherspoon kernel: pid_max: default: 32768 minimum: 301
Aug 07 22:39:49 witherspoon kernel: Mount-cache hash table entries: 1024 (order: 0, 4096 bytes)
Aug 07 22:39:49 witherspoon kernel: Mountpoint-cache hash table entries: 1024 (order: 0, 4096 bytes)
Aug 07 22:39:49 witherspoon kernel: CPU: Testing write buffer coherency: ok
Aug 07 22:39:49 witherspoon kernel: ftrace: allocating 14934 entries in 44 pages
Aug 07 22:39:49 witherspoon kernel: Setting up static identity map for 0x80008200 - 0x8000825c
Aug 07 22:39:49 witherspoon kernel: devtmpfs: initialized
Aug 07 22:39:49 witherspoon kernel: clocksource: jiffies: mask: 0xffffffff max_cycles: 0xffffffff, max_idle_ns: 19112604462750000 ns
Aug 07 22:39:49 witherspoon kernel: futex hash table entries: 256 (order: -1, 3072 bytes)
Aug 07 22:39:49 witherspoon kernel: pinctrl core: initialized pinctrl subsystem
Aug 07 22:39:49 witherspoon kernel: NET: Registered protocol family 16
Aug 07 22:39:49 witherspoon kernel: DMA: preallocated 256 KiB pool for atomic coherent allocations
Aug 07 22:39:49 witherspoon kernel: usbcore: registered new interface driver usbfs
Aug 07 22:39:49 witherspoon kernel: usbcore: registered new interface driver hub
Aug 07 22:39:49 witherspoon kernel: usbcore: registered new device driver usb
Aug 07 22:39:49 witherspoon kernel: clocksource: Switched to clocksource moxart_timer
Aug 07 22:39:49 witherspoon kernel: NET: Registered protocol family 2
Aug 07 22:39:49 witherspoon kernel: TCP established hash table entries: 4096 (order: 2, 16384 bytes)
Aug 07 22:39:49 witherspoon kernel: TCP bind hash table entries: 4096 (order: 2, 16384 bytes)
Aug 07 22:39:49 witherspoon kernel: TCP: Hash tables configured (established 4096 bind 4096)
Aug 07 22:39:49 witherspoon kernel: UDP hash table entries: 256 (order: 0, 4096 bytes)
Aug 07 22:39:49 witherspoon kernel: UDP-Lite hash table entries: 256 (order: 0, 4096 bytes)
Aug 07 22:39:49 witherspoon kernel: NET: Registered protocol family 1
Aug 07 22:39:49 witherspoon kernel: Trying to unpack rootfs image as initramfs...
Aug 07 22:39:49 witherspoon kernel: Freeing initrd memory: 1548K
Aug 07 22:39:49 witherspoon kernel: workingset: timestamp_bits=30 max_order=17 bucket_order=0
Aug 07 22:39:49 witherspoon kernel: squashfs: version 4.0 (2009/01/31) Phillip Lougher
Aug 07 22:39:49 witherspoon kernel: jffs2: version 2.2. (SUMMARY)  © 2001-2006 Red Hat, Inc.
Aug 07 22:39:49 witherspoon kernel: Block layer SCSI generic (bsg) driver version 0.4 loaded (major 250)
Aug 07 22:39:49 witherspoon kernel: io scheduler noop registered
Aug 07 22:39:49 witherspoon kernel: io scheduler deadline registered
Aug 07 22:39:49 witherspoon kernel: io scheduler cfq registered (default)
Aug 07 22:39:49 witherspoon kernel: ipmi-bt-host 1e789140.ibt: Found bt bmc device
Aug 07 22:39:49 witherspoon kernel: ipmi-bt-host 1e789140.ibt: Using IRQ 22
Aug 07 22:39:49 witherspoon kernel: Serial: 8250/16550 driver, 6 ports, IRQ sharing enabled
Aug 07 22:39:49 witherspoon kernel: 1e787000.vuart: ttyS0 at MMIO 0x1e787000 (irq = 22, base_baud = 1500000) is a 16550A
Aug 07 22:39:49 witherspoon kernel: 1e783000.serial: ttyS1 at MMIO 0x1e783000 (irq = 23, base_baud = 1500000) is a 16550A
Aug 07 22:39:49 witherspoon kernel: 1e78d000.serial: ttyS2 at MMIO 0x1e78d000 (irq = 24, base_baud = 1500000) is a 16550A
Aug 07 22:39:49 witherspoon kernel: 1e784000.serial: ttyS4 at MMIO 0x1e784000 (irq = 25, base_baud = 1500000) is a 16550A
Aug 07 22:39:49 witherspoon kernel: console [ttyS4] enabled
Aug 07 22:39:49 witherspoon kernel: timeriomem_rng 1e6e2078.hwrng: 32bits from 0xf00e2078 @ 1us
Aug 07 22:39:49 witherspoon kernel: random: fast init done
Aug 07 22:39:49 witherspoon kernel: brd: module loaded
Aug 07 22:39:49 witherspoon kernel: random: crng init done
Aug 07 22:39:49 witherspoon kernel: loop: module loaded
Aug 07 22:39:49 witherspoon kernel: aspeed-lpc-ctrl 1e789080.lpc-ctrl: Loaded at 0x98000000 (0x04000000)
Aug 07 22:39:49 witherspoon kernel: aspeed-smc 1e620000.flash-controller: Using IRQ 18
Aug 07 22:39:49 witherspoon kernel: aspeed-smc 1e620000.flash-controller: DMA support disabled.
Aug 07 22:39:49 witherspoon kernel: aspeed-smc 1e620000.flash-controller: mx25l25635e (32768 Kbytes)
Aug 07 22:39:49 witherspoon kernel: aspeed-smc 1e620000.flash-controller: CE0 window [ 0x20000000 - 0x22000000 ] 32MB
Aug 07 22:39:49 witherspoon kernel: aspeed-smc 1e620000.flash-controller: CE1 window [ 0x22000000 - 0x2a000000 ] 128MB
Aug 07 22:39:49 witherspoon kernel: 5 ofpart partitions found on MTD device bmc
Aug 07 22:39:49 witherspoon kernel: Creating 5 MTD partitions on "bmc":
Aug 07 22:39:49 witherspoon kernel: 0x000000000000-0x000000060000 : "u-boot"
Aug 07 22:39:49 witherspoon kernel: 0x000000060000-0x000000080000 : "u-boot-env"
Aug 07 22:39:49 witherspoon kernel: 0x000000080000-0x0000004c0000 : "kernel"
Aug 07 22:39:49 witherspoon kernel: 0x0000004c0000-0x000001c00000 : "rofs"
Aug 07 22:39:49 witherspoon kernel: 0x000001c00000-0x000002000000 : "rwfs"
Aug 07 22:39:49 witherspoon kernel: aspeed-smc 1e620000.flash-controller: mx25l25635e (32768 Kbytes)
Aug 07 22:39:49 witherspoon kernel: aspeed-smc 1e620000.flash-controller: CE1 window [ 0x22000000 - 0x24000000 ] 32MB
Aug 07 22:39:49 witherspoon kernel: aspeed-smc 1e620000.flash-controller: CE2 window [ 0x24000000 - 0x2c000000 ] 128MB
Aug 07 22:39:49 witherspoon kernel: aspeed-smc 1e630000.flash-controller: mx66l1g45g (131072 Kbytes)
Aug 07 22:39:49 witherspoon kernel: aspeed-smc 1e630000.flash-controller: CE0 window resized to 120MB (AST2500 HW quirk)
Aug 07 22:39:49 witherspoon kernel: aspeed-smc 1e630000.flash-controller: CE0 window [ 0x30000000 - 0x37800000 ] 120MB
Aug 07 22:39:49 witherspoon kernel: aspeed-smc 1e630000.flash-controller: CE0 window too small for chip 128MB
Aug 07 22:39:49 witherspoon kernel: aspeed-smc 1e630000.flash-controller: CE1 window [ 0x37800000 - 0x38000000 ] 8MB
Aug 07 22:39:49 witherspoon kernel: libphy: Fixed MDIO Bus: probed
Aug 07 22:39:49 witherspoon kernel: ftgmac100 1e660000.ethernet: Read MAC address 70:e2:84:14:23:e1 from chip
Aug 07 22:39:49 witherspoon kernel: ftgmac100 1e660000.ethernet: Using NCSI interface
Aug 07 22:39:49 witherspoon kernel: ftgmac100 1e660000.ethernet eth0: irq 20, mapped at f0060000
Aug 07 22:39:49 witherspoon kernel: ehci_hcd: USB 2.0 'Enhanced' Host Controller (EHCI) Driver
Aug 07 22:39:49 witherspoon kernel: ehci-platform: EHCI generic platform driver
Aug 07 22:39:49 witherspoon kernel:  fsi0: can't read slave 00:00 -5
Aug 07 22:39:49 witherspoon kernel: i2c /dev entries driver
Aug 07 22:39:49 witherspoon kernel: aspeed-i2c-bus 1e78a0c0.i2c-bus: i2c bus 2 registered, irq 26
Aug 07 22:39:49 witherspoon kernel: aspeed-i2c-bus 1e78a100.i2c-bus: i2c bus 3 registered, irq 27
Aug 07 22:39:49 witherspoon kernel: aspeed-i2c-bus 1e78a140.i2c-bus: i2c bus 4 registered, irq 28
Aug 07 22:39:49 witherspoon kernel: aspeed-i2c-bus 1e78a180.i2c-bus: i2c bus 5 registered, irq 29
Aug 07 22:39:49 witherspoon kernel: aspeed-i2c-bus 1e78a380.i2c-bus: i2c bus 9 registered, irq 30
Aug 07 22:39:49 witherspoon kernel: aspeed-i2c-bus 1e78a3c0.i2c-bus: i2c bus 10 registered, irq 31
Aug 07 22:39:49 witherspoon kernel: rtc-rv8803 11-0032: Voltage low, temperature compensation stopped.
Aug 07 22:39:49 witherspoon kernel: rtc-rv8803 11-0032: An alarm maybe have been missed.
Aug 07 22:39:49 witherspoon kernel: rtc-rv8803 11-0032: rtc core: registered rx8900 as rtc0
Aug 07 22:39:49 witherspoon kernel: at24 11-0051: 8192 byte 24c64 EEPROM, writable, 1 bytes/write
Aug 07 22:39:49 witherspoon kernel: aspeed-i2c-bus 1e78a400.i2c-bus: i2c bus 11 registered, irq 32
Aug 07 22:39:49 witherspoon kernel: aspeed-i2c-bus 1e78a440.i2c-bus: i2c bus 12 registered, irq 33
Aug 07 22:39:49 witherspoon kernel: aspeed-i2c-bus 1e78a480.i2c-bus: i2c bus 13 registered, irq 34
Aug 07 22:39:49 witherspoon kernel: Driver for 1-wire Dallas network protocol.
Aug 07 22:39:49 witherspoon kernel: lm75 9-004a: hwmon0: sensor 'tmp275'
Aug 07 22:39:49 witherspoon kernel: ucd9000 11-0064: Device ID UCD90160|2.3.4.0000|110603
Aug 07 22:39:49 witherspoon kernel: leds-pca955x 3-0060: leds-pca955x: Using pca9552 16-bit LED driver at slave address 0x60
Aug 07 22:39:49 witherspoon kernel: leds-pca955x 11-0060: leds-pca955x: Using pca9552 16-bit LED driver at slave address 0x60
Aug 07 22:39:49 witherspoon kernel: leds-pca955x 11-0060: gpios 264...279
Aug 07 22:39:49 witherspoon kernel: usbcore: registered new interface driver usbhid
Aug 07 22:39:49 witherspoon kernel: usbhid: USB HID core driver
Aug 07 22:39:49 witherspoon kernel: NET: Registered protocol family 10
Aug 07 22:39:49 witherspoon kernel: Segment Routing with IPv6
Aug 07 22:39:49 witherspoon kernel: NET: Registered protocol family 17
Aug 07 22:39:49 witherspoon kernel: 8021q: 802.1Q VLAN Support v1.8
Aug 07 22:39:49 witherspoon kernel: console [netcon0] enabled
Aug 07 22:39:49 witherspoon kernel: netconsole: network logging started
Aug 07 22:39:49 witherspoon kernel: input: gpio-keys as /devices/platform/gpio-keys/input/input0
Aug 07 22:39:49 witherspoon kernel: rtc-rv8803 11-0032: setting system clock to 2017-08-07 22:39:43 UTC (1502145583)
Aug 07 22:39:49 witherspoon kernel: Freeing unused kernel memory: 284K
Aug 07 22:39:49 witherspoon kernel: This architecture does not have kernel memory protection.
Aug 07 22:39:49 witherspoon kernel: jffs2: notice: (526) jffs2_build_xattr_subsystem: complete building xattr subsystem, 1 of xdatum (0 unchecked, 0 orphan) and 11 of xref (0 dead, 1 orphan) found.
Aug 07 22:39:49 witherspoon systemd[1]: Failed to insert module 'autofs4': No such file or directory
Aug 07 22:39:49 witherspoon systemd[1]: systemd 232 running in system mode. (+PAM -AUDIT -SELINUX -IMA -APPARMOR -SMACK +SYSVINIT -UTMP -LIBCRYPTSETUP -GCRYPT -GNUTLS +ACL +XZ -LZ4 -SECCOMP +BLKID -ELFUTILS +KMOD -IDN)
Aug 07 22:39:49 witherspoon systemd[1]: Detected architecture arm.
Aug 07 22:39:49 witherspoon systemd[1]: Set hostname to <witherspoon>.
Aug 07 22:39:49 witherspoon systemd[1]: Reached target Remote File Systems.
Aug 07 22:39:49 witherspoon systemd[1]: Listening on udev Control Socket.
Aug 07 22:39:49 witherspoon systemd[1]: Started Dispatch Password Requests to Console Directory Watch.
Aug 07 22:39:49 witherspoon systemd[1]: Listening on udev Kernel Socket.
Aug 07 22:39:49 witherspoon systemd[1]: Listening on Syslog Socket.
Aug 07 22:39:49 witherspoon systemd[1]: Reached target Swap.
Aug 07 22:39:49 witherspoon systemd[1]: Listening on Journal Socket.
Aug 07 22:39:49 witherspoon systemd-journald[544]: Journal started
Aug 07 22:39:49 witherspoon systemd-journald[544]: Runtime journal (/run/log/journal/cc6e1404d87444e8a089dfdb00a18f7d) is 0B, max 0B, 0B free.
Aug 07 22:39:50 witherspoon systemd-sysctl[548]: Couldn't write '16' to 'kernel/sysrq', ignoring: No such file or directory
Aug 07 22:39:50 witherspoon systemd-sysctl[548]: Couldn't write 'fq_codel' to 'net/core/default_qdisc', ignoring: No such file or directory
Aug 07 22:39:51 witherspoon systemd[1]: Started Apply Kernel Variables.
Aug 07 22:39:51 witherspoon systemd[1]: Started Remount Root and Kernel File Systems.
Aug 07 22:39:51 witherspoon systemd[1]: Starting Create System Users...
Aug 07 22:39:51 witherspoon systemd[1]: Starting Flush Journal to Persistent Storage...
Aug 07 22:39:51 witherspoon systemd[1]: Started Create System Users.
Aug 07 22:39:51 witherspoon systemd[1]: Starting Create Static Device Nodes in /dev...
Aug 07 22:39:51 witherspoon systemd-journald[544]: Runtime journal (/run/log/journal/cc6e1404d87444e8a089dfdb00a18f7d) is 0B, max 0B, 0B free.
Aug 07 22:39:51 witherspoon systemd[1]: Started Flush Journal to Persistent Storage.
Aug 07 22:39:51 witherspoon systemd[1]: Started Create Static Device Nodes in /dev.
Aug 07 22:39:51 witherspoon systemd[1]: Starting udev Kernel Device Manager...
Aug 07 22:39:51 witherspoon systemd[1]: Reached target Local File Systems (Pre).
Aug 07 22:39:51 witherspoon systemd[1]: Mounting /var/volatile...
Aug 07 22:39:51 witherspoon systemd[1]: Mounted /var/volatile.
Aug 07 22:39:51 witherspoon systemd[1]: Starting Load/Save Random Seed...
Aug 07 22:39:51 witherspoon systemd[1]: Reached target Local File Systems.
Aug 07 22:39:52 witherspoon systemd[1]: Starting Rebuild Journal Catalog...
Aug 07 22:39:52 witherspoon systemd[1]: Starting Create Volatile Files and Directories...
Aug 07 22:39:52 witherspoon systemd[1]: Started Load/Save Random Seed.
Aug 07 22:39:52 witherspoon systemd[1]: Started Rebuild Journal Catalog.
Aug 07 22:39:52 witherspoon systemd[1]: Starting Update is Completed...
Aug 07 22:39:52 witherspoon systemd[1]: Started Update is Completed.
Aug 07 22:39:52 witherspoon systemd-tmpfiles[672]: "/var/tmp" already exists and is not a directory.
Aug 07 22:39:52 witherspoon systemd-tmpfiles[672]: "/var/log" already exists and is not a directory.
Aug 07 22:39:52 witherspoon systemd[1]: Started Create Volatile Files and Directories.
Aug 07 22:39:52 witherspoon systemd[1]: Starting Network Time Synchronization...
Aug 07 22:39:53 witherspoon systemd[1]: Started udev Kernel Device Manager.
Aug 07 22:39:53 witherspoon systemd[1]: Started Network Time Synchronization.
Aug 07 22:39:53 witherspoon systemd[1]: Reached target System Time Synchronized.
Aug 07 22:39:54 witherspoon systemd[1]: Started udev Coldplug all Devices.
Aug 07 22:39:54 witherspoon systemd[1]: Found device /dev/aspeed-lpc-ctrl.
Aug 07 22:39:54 witherspoon systemd[1]: Found device /dev/aspeed-mbox.
Aug 07 22:39:54 witherspoon systemd[1]: Found device /dev/ttyS4.
Aug 07 22:39:54 witherspoon systemd[1]: Found device /dev/ttyVUART0.
Aug 07 22:39:56 witherspoon systemd[1]: Created slice system-xyz.openbmc_project.led.controller.slice.
Aug 07 22:39:56 witherspoon systemd[1]: Created slice system-xyz.openbmc_project.Hwmon.slice.
Aug 07 22:39:56 witherspoon systemd[1]: dev-hugepages.mount: Couldn't determine result for ConditionVirtualization=!private-users, assuming failed: No such file or directory
Aug 07 22:39:56 witherspoon systemd[1]: Reached target System Initialization.
Aug 07 22:39:56 witherspoon systemd[1]: Listening on Avahi mDNS/DNS-SD Stack Activation Socket.
Aug 07 22:39:56 witherspoon systemd[1]: Listening on Phosphor DBUS Browser socket.
Aug 07 22:39:56 witherspoon systemd[1]: Listening on phosphor-ipmi-net.socket.
Aug 07 22:39:56 witherspoon systemd[1]: Started Daily Cleanup of Temporary Directories.
Aug 07 22:39:56 witherspoon systemd[1]: Reached target Timers.
Aug 07 22:39:56 witherspoon systemd[1]: Listening on dropbear.socket.
Aug 07 22:39:56 witherspoon systemd[1]: Listening on D-Bus System Message Bus Socket.
Aug 07 22:39:56 witherspoon systemd[1]: Listening on Phosphor Webserver socket.
Aug 07 22:39:56 witherspoon systemd[1]: Listening on Phosphor Host Console SSH Per-Connection socket.
Aug 07 22:39:56 witherspoon systemd[1]: Reached target Sockets.
Aug 07 22:39:56 witherspoon systemd[1]: Reached target Basic System.
Aug 07 22:39:56 witherspoon systemd[1]: Starting Phosphor Sensor Manager...
Aug 07 22:39:56 witherspoon systemd[1]: Started Phosphor sysfs LED controller.
Aug 07 22:39:56 witherspoon systemd[1]: Starting Phosphor Download Manager...
Aug 07 22:39:56 witherspoon systemd[1]: Starting Phosphor Chassis0 Control...
Aug 07 22:39:56 witherspoon systemd[1]: Starting OpenBMC Software Update Manager...
Aug 07 22:39:56 witherspoon systemd[1]: Starting Clear one time boot overrides...
Aug 07 22:39:57 witherspoon systemd[1]: Started Phosphor sysfs LED controller.
Aug 07 22:39:57 witherspoon systemd[1]: Started Phosphor sysfs LED controller.
Aug 07 22:39:57 witherspoon systemd[1]: Started Phosphor sysfs LED controller.
Aug 07 22:39:57 witherspoon systemd[1]: Starting Phosphor DBus Service Discovery Manager...
Aug 07 22:39:57 witherspoon systemd[1]: Starting Remount the squashfs and ubi volumes after a reboot...
Aug 07 22:39:57 witherspoon systemd[1]: Starting Phosphor BMC0 Control...
Aug 07 22:39:57 witherspoon systemd[1]: Starting Phosphor Dump Manager...
Aug 07 22:39:57 witherspoon systemd[1]: Started Phosphor sysfs LED controller.
Aug 07 22:39:57 witherspoon systemd[1]: Starting Phosphor Inventory Manager...
Aug 07 22:39:57 witherspoon systemd[1]: Starting Avahi mDNS/DNS-SD Stack...
Aug 07 22:39:57 witherspoon systemd[1]: Started Phosphor Console Muxer listening on device /dev/ttyVUART0.
Aug 07 22:39:57 witherspoon systemd[1]: Starting Phosphor Log Manager...
Aug 07 22:39:57 witherspoon systemd[1]: Started Kernel Logging Service.
Aug 07 22:39:57 witherspoon systemd[1]: Started Phosphor sysfs LED controller.
Aug 07 22:39:58 witherspoon systemd[1]: Started Phosphor Dump core monitor..
Aug 07 22:39:58 witherspoon systemd[1]: Starting Phosphor Settings Daemon...
Aug 07 22:39:58 witherspoon systemd[1]: Started Phosphor sysfs LED controller.
Aug 07 22:39:58 witherspoon systemd[1]: Started System Logging Service.
Aug 07 22:39:58 witherspoon systemd[1]: Started Hardware RNG Entropy Gatherer Daemon.
Aug 07 22:39:58 witherspoon systemd[1]: Starting Phosphor LED Group Management Daemon...
Aug 07 22:39:58 witherspoon systemd[1]: Started Phosphor sysfs LED controller.
Aug 07 22:39:58 witherspoon systemd[1]: Starting Phosphor Inventory Manager...
Aug 07 22:39:58 witherspoon systemd[1]: Reached target Containers.
Aug 07 22:39:58 witherspoon systemd[1]: Starting Phosphor Network Manager...
Aug 07 22:39:58 witherspoon systemd[1]: Starting Phosphor Download Manager...
Aug 07 22:39:58 witherspoon systemd[1]: Starting Phosphor User Manager...
Aug 07 22:39:58 witherspoon systemd[1]: Started Phosphor sysfs LED controller.
Aug 07 22:39:58 witherspoon systemd[1]: Started D-Bus System Message Bus.
Aug 07 22:39:58 witherspoon kernel[943]: klogd started: BusyBox v1.24.1 (2017-06-16 19:29:08 UTC)
Aug 07 22:39:58 witherspoon kernel[943]: [    0.000000] Booting Linux on physical CPU 0x0
Aug 07 22:39:58 witherspoon kernel[943]: [    0.000000] Linux version 4.10.17-03afe5775baf06c3037d62cc2a15628079af38c9 (jenkins@openbmc-builder1) (gcc version 6.2.0 (GCC) ) #1 Mon Aug 7 21:49:12 UTC 2017
Aug 07 22:39:58 witherspoon kernel[943]: [    0.000000] CPU: ARMv6-compatible processor [410fb767] revision 7 (ARMv7), cr=00c5387d
Aug 07 22:39:58 witherspoon kernel[943]: [    0.000000] CPU: PIPT / VIPT nonaliasing data cache, VIPT nonaliasing instruction cache
Aug 07 22:39:58 witherspoon kernel[943]: [    0.000000] OF: fdt:Machine model: Witherspoon BMC
Aug 07 22:39:58 witherspoon kernel[943]: [    0.000000] Memory policy: Data cache writeback
Aug 07 22:39:58 witherspoon kernel[943]: [    0.000000] SOC Rev: 04030303
Aug 07 22:39:58 witherspoon kernel[943]: [    0.000000] On node 0 totalpages: 110592
Aug 07 22:39:58 witherspoon kernel[943]: [    0.000000] free_area_init_node: node 0, pgdat 805ff5f4, node_mem_map 9ec1a000
Aug 07 22:39:58 witherspoon kernel[943]: [    0.000000]   Normal zone: 992 pages used for memmap
Aug 07 22:39:58 witherspoon kernel[943]: [    0.000000]   Normal zone: 0 pages reserved
Aug 07 22:39:58 witherspoon kernel[943]: [    0.000000]   Normal zone: 110592 pages, LIFO batch:31
Aug 07 22:39:58 witherspoon kernel[943]: [    0.000000] pcpu-alloc: s0 r0 d32768 u32768 alloc=1*32768
Aug 07 22:39:58 witherspoon kernel[943]: [    0.000000] pcpu-alloc: [0] 0
Aug 07 22:39:58 witherspoon kernel[943]: [    0.000000] Built 1 zonelists in Zone order, mobility grouping on.  Total pages: 109600
Aug 07 22:39:58 witherspoon kernel[943]: [    0.000000] Kernel command line: console=ttyS4,115200n8 root=/dev/ram rw
Aug 07 22:39:58 witherspoon kernel[943]: [    0.000000] PID hash table entries: 2048 (order: 1, 8192 bytes)
Aug 07 22:39:58 witherspoon kernel[943]: [    0.000000] Dentry cache hash table entries: 65536 (order: 6, 262144 bytes)
Aug 07 22:39:58 witherspoon kernel[943]: [    0.000000] Inode-cache hash table entries: 32768 (order: 5, 131072 bytes)
Aug 07 22:39:58 witherspoon kernel[943]: [    0.000000] Memory: 430436K/442368K available (4065K kernel code, 280K rwdata, 1192K rodata, 284K init, 111K bss, 11932K reserved, 0K cma-reserved)
Aug 07 22:39:58 witherspoon kernel[943]: [    0.000000] Virtual kernel memory layout:
Aug 07 22:39:58 witherspoon kernel[943]: [    0.000000]     vector  : 0xffff0000 - 0xffff1000   (   4 kB)
Aug 07 22:39:58 witherspoon kernel[943]: [    0.000000]     fixmap  : 0xffc00000 - 0xfff00000   (3072 kB)
Aug 07 22:39:58 witherspoon kernel[943]: [    0.000000]     vmalloc : 0x9f800000 - 0xff800000   (1536 MB)
Aug 07 22:39:58 witherspoon kernel[943]: [    0.000000]     lowmem  : 0x80000000 - 0x9f000000   ( 496 MB)
Aug 07 22:39:58 witherspoon kernel[943]: [    0.000000]       .text : 0x80008000 - 0x80400940   (4067 kB)
Aug 07 22:40:00 witherspoon kernel: ubi7: default fastmap pool size: 100
Aug 07 22:40:00 witherspoon kernel: ubi7: default fastmap WL pool size: 50
Aug 07 22:40:00 witherspoon kernel: ubi7: attaching mtd7
Aug 07 22:39:58 witherspoon kernel[943]: [    0.000000]       .init : 0x80585000 - 0x805cc000   ( 284 kB)
Aug 07 22:39:58 witherspoon kernel[943]: [    0.000000]       .data : 0x805cc000 - 0x80612358   ( 281 kB)
Aug 07 22:39:58 witherspoon kernel[943]: [    0.000000]        .bss : 0x80612358 - 0x8062e1f8   ( 112 kB)
Aug 07 22:39:58 witherspoon kernel[943]: [    0.000000] NR_IRQS:16 nr_irqs:16 16
Aug 07 22:39:58 witherspoon kernel[943]: [    0.000000] i2c controller registered, irq 16
Aug 07 22:39:58 witherspoon kernel[943]: [    0.000000] clocksource: moxart_timer: mask: 0xffffffff max_cycles: 0xffffffff, max_idle_ns: 77222644334 ns
Aug 07 22:39:58 witherspoon kernel[943]: [    0.000000] sched_clock: 32 bits at 100 Hz, resolution 10000000ns, wraps every 21474836475000000ns
Aug 07 22:39:58 witherspoon kernel[943]: [    0.090000] Calibrating delay loop... 789.70 BogoMIPS (lpj=3948544)
Aug 07 22:40:01 witherspoon kernel: ubi7: scanning is finished
Aug 07 22:40:01 witherspoon kernel: ubi7: attached mtd7 (name "pnor", size 128 MiB)
Aug 07 22:40:01 witherspoon kernel: ubi7: PEB size: 65536 bytes (64 KiB), LEB size: 65408 bytes
Aug 07 22:40:01 witherspoon kernel: ubi7: min./max. I/O unit sizes: 1/256, sub-page size 1
Aug 07 22:40:01 witherspoon kernel: ubi7: VID header offset: 64 (aligned 64), data offset: 128
Aug 07 22:40:01 witherspoon kernel: ubi7: good PEBs: 2048, bad PEBs: 0, corrupted PEBs: 0
Aug 07 22:40:01 witherspoon kernel: ubi7: user volume: 3, internal volumes: 1, max. volumes count: 128
Aug 07 22:40:01 witherspoon kernel: ubi7: max/mean erase counter: 1/0, WL threshold: 4096, image sequence number: 1070557108
Aug 07 22:40:01 witherspoon kernel: ubi7: available PEBs: 1367, total reserved PEBs: 681, PEBs reserved for bad PEB handling: 0
Aug 07 22:40:01 witherspoon kernel: ubi7: background thread "ubi_bgt7d" started, PID 969
Aug 07 22:39:58 witherspoon kernel[943]: [    0.090000] pid_max: default: 32768 minimum: 301
Aug 07 22:40:01 witherspoon obmc-flash-bios[935]: UBI device number 7, total 2048 LEBs (133955584 bytes, 127.8 MiB), available 1367 LEBs (89412736 bytes, 85.3 MiB), LEB size 65408 bytes (63.9 KiB)
Aug 07 22:39:58 witherspoon kernel[943]: [    0.090000] Mount-cache hash table entries: 1024 (order: 0, 4096 bytes)
Aug 07 22:39:58 witherspoon kernel[943]: [    0.090000] Mountpoint-cache hash table entries: 1024 (order: 0, 4096 bytes)
Aug 07 22:39:58 witherspoon kernel[943]: [    0.090000] CPU: Testing write buffer coherency: ok
Aug 07 22:39:58 witherspoon kernel[943]: [    0.090000] ftrace: allocating 14934 entries in 44 pages
Aug 07 22:39:58 witherspoon kernel[943]: [    0.120000] Setting up static identity map for 0x80008200 - 0x8000825c
Aug 07 22:39:58 witherspoon kernel[943]: [    0.120000] devtmpfs: initialized
Aug 07 22:39:58 witherspoon kernel[943]: [    0.150000] clocksource: jiffies: mask: 0xffffffff max_cycles: 0xffffffff, max_idle_ns: 19112604462750000 ns
Aug 07 22:39:58 witherspoon kernel[943]: [    0.150000] futex hash table entries: 256 (order: -1, 3072 bytes)
Aug 07 22:39:58 witherspoon kernel[943]: [    0.150000] pinctrl core: initialized pinctrl subsystem
Aug 07 22:39:58 witherspoon kernel[943]: [    0.150000] NET: Registered protocol family 16
Aug 07 22:39:58 witherspoon kernel[943]: [    0.150000] DMA: preallocated 256 KiB pool for atomic coherent allocations
Aug 07 22:39:58 witherspoon kernel[943]: [    0.220000] usbcore: registered new interface driver usbfs
Aug 07 22:39:58 witherspoon kernel[943]: [    0.220000] usbcore: registered new interface driver hub
Aug 07 22:39:58 witherspoon kernel[943]: [    0.220000] usbcore: registered new device driver usb
Aug 07 22:39:58 witherspoon kernel[943]: [    0.220000] clocksource: Switched to clocksource moxart_timer
Aug 07 22:39:58 witherspoon kernel[943]: [    0.230000] NET: Registered protocol family 2
Aug 07 22:39:58 witherspoon kernel[943]: [    0.230000] TCP established hash table entries: 4096 (order: 2, 16384 bytes)
Aug 07 22:39:58 witherspoon kernel[943]: [    0.230000] TCP bind hash table entries: 4096 (order: 2, 16384 bytes)
Aug 07 22:39:58 witherspoon kernel[943]: [    0.230000] TCP: Hash tables configured (established 4096 bind 4096)
Aug 07 22:39:58 witherspoon kernel[943]: [    0.230000] UDP hash table entries: 256 (order: 0, 4096 bytes)
Aug 07 22:39:58 witherspoon kernel[943]: [    0.230000] UDP-Lite hash table entries: 256 (order: 0, 4096 bytes)
Aug 07 22:39:58 witherspoon kernel[943]: [    0.230000] NET: Registered protocol family 1
Aug 07 22:39:58 witherspoon kernel[943]: [    0.240000] Trying to unpack rootfs image as initramfs...
Aug 07 22:39:58 witherspoon kernel[943]: [    1.910000] Freeing initrd memory: 1548K
Aug 07 22:39:58 witherspoon kernel[943]: [    1.910000] workingset: timestamp_bits=30 max_order=17 bucket_order=0
Aug 07 22:39:58 witherspoon kernel[943]: [    1.910000] squashfs: version 4.0 (2009/01/31) Phillip Lougher
Aug 07 22:39:58 witherspoon kernel[943]: [    1.910000] jffs2: version 2.2. (SUMMARY)  © 2001-2006 Red Hat, Inc.
Aug 07 22:39:58 witherspoon kernel[943]: [    1.910000] Block layer SCSI generic (bsg) driver version 0.4 loaded (major 250)
Aug 07 22:39:58 witherspoon kernel[943]: [    1.910000] io scheduler noop registered
Aug 07 22:39:58 witherspoon kernel[943]: [    1.910000] io scheduler deadline registered
Aug 07 22:39:58 witherspoon kernel[943]: [    1.910000] io scheduler cfq registered (default)
Aug 07 22:39:58 witherspoon kernel[943]: [    2.060000] ipmi-bt-host 1e789140.ibt: Found bt bmc device
Aug 07 22:39:58 witherspoon kernel[943]: [    2.060000] ipmi-bt-host 1e789140.ibt: Using IRQ 22
Aug 07 22:39:58 witherspoon kernel[943]: [    2.060000] Serial: 8250/16550 driver, 6 ports, IRQ sharing enabled
Aug 07 22:39:58 witherspoon kernel[943]: [    2.060000] 1e787000.vuart: ttyS0 at MMIO 0x1e787000 (irq = 22, base_baud = 1500000) is a 16550A
Aug 07 22:39:58 witherspoon kernel[943]: [    2.060000] 1e783000.serial: ttyS1 at MMIO 0x1e783000 (irq = 23, base_baud = 1500000) is a 16550A
Aug 07 22:39:58 witherspoon kernel[943]: [    2.060000] 1e78d000.serial: ttyS2 at MMIO 0x1e78d000 (irq = 24, base_baud = 1500000) is a 16550A
Aug 07 22:39:58 witherspoon kernel[943]: [    2.060000] 1e784000.serial: ttyS4 at MMIO 0x1e784000 (irq = 25, base_baud = 1500000) is a 16550A
Aug 07 22:39:58 witherspoon kernel[943]: [    2.430000] console [ttyS4] enabled
Aug 07 22:39:58 witherspoon kernel[943]: [    2.590000] timeriomem_rng 1e6e2078.hwrng: 32bits from 0xf00e2078 @ 1us
Aug 07 22:39:58 witherspoon kernel[943]: [    2.600000] random: fast init done
Aug 07 22:39:58 witherspoon kernel[943]: [    2.640000] brd: module loaded
Aug 07 22:39:58 witherspoon kernel[943]: [    2.650000] random: crng init done
Aug 07 22:39:58 witherspoon kernel[943]: [    2.680000] loop: module loaded
Aug 07 22:39:58 witherspoon kernel[943]: [    2.680000] aspeed-lpc-ctrl 1e789080.lpc-ctrl: Loaded at 0x98000000 (0x04000000)
Aug 07 22:39:58 witherspoon kernel[943]: [    2.690000] aspeed-smc 1e620000.flash-controller: Using IRQ 18
Aug 07 22:39:58 witherspoon kernel[943]: [    2.690000] aspeed-smc 1e620000.flash-controller: DMA support disabled.
Aug 07 22:39:58 witherspoon kernel[943]: [    2.700000] aspeed-smc 1e620000.flash-controller: mx25l25635e (32768 Kbytes)
Aug 07 22:39:58 witherspoon kernel[943]: [    2.700000] aspeed-smc 1e620000.flash-controller: CE0 window [ 0x20000000 - 0x22000000 ] 32MB
Aug 07 22:39:58 witherspoon kernel[943]: [    2.700000] aspeed-smc 1e620000.flash-controller: CE1 window [ 0x22000000 - 0x2a000000 ] 128MB
Aug 07 22:39:58 witherspoon kernel[943]: [    2.730000] 5 ofpart partitions found on MTD device bmc
Aug 07 22:39:58 witherspoon kernel[943]: [    2.730000] Creating 5 MTD partitions on "bmc":
Aug 07 22:39:58 witherspoon kernel[943]: [    2.740000] 0x000000000000-0x000000060000 : "u-boot"
Aug 07 22:39:58 witherspoon kernel[943]: [    2.740000] 0x000000060000-0x000000080000 : "u-boot-env"
Aug 07 22:39:58 witherspoon kernel[943]: [    2.760000] 0x000000080000-0x0000004c0000 : "kernel"
Aug 07 22:39:58 witherspoon kernel[943]: [    2.770000] 0x0000004c0000-0x000001c00000 : "rofs"
Aug 07 22:39:58 witherspoon kernel[943]: [    2.780000] 0x000001c00000-0x000002000000 : "rwfs"
Aug 07 22:39:58 witherspoon kernel[943]: [    2.790000] aspeed-smc 1e620000.flash-controller: mx25l25635e (32768 Kbytes)
Aug 07 22:39:58 witherspoon kernel[943]: [    2.800000] aspeed-smc 1e620000.flash-controller: CE1 window [ 0x22000000 - 0x24000000 ] 32MB
Aug 07 22:39:58 witherspoon kernel[943]: [    2.800000] aspeed-smc 1e620000.flash-controller: CE2 window [ 0x24000000 - 0x2c000000 ] 128MB
Aug 07 22:39:58 witherspoon kernel[943]: [    2.820000] aspeed-smc 1e630000.flash-controller: mx66l1g45g (131072 Kbytes)
Aug 07 22:39:58 witherspoon kernel[943]: [    2.830000] aspeed-smc 1e630000.flash-controller: CE0 window resized to 120MB (AST2500 HW quirk)
Aug 07 22:39:58 witherspoon kernel[943]: [    2.830000] aspeed-smc 1e630000.flash-controller: CE0 window [ 0x30000000 - 0x37800000 ] 120MB
Aug 07 22:39:58 witherspoon kernel[943]: [    2.850000] aspeed-smc 1e630000.flash-controller: CE0 window too small for chip 128MB
Aug 07 22:39:58 witherspoon kernel[943]: [    2.850000] aspeed-smc 1e630000.flash-controller: CE1 window [ 0x37800000 - 0x38000000 ] 8MB
Aug 07 22:39:58 witherspoon kernel[943]: [    3.620000] libphy: Fixed MDIO Bus: probed
Aug 07 22:39:58 witherspoon kernel[943]: [    3.620000] ftgmac100 1e660000.ethernet: Read MAC address 70:e2:84:14:23:e1 from chip
Aug 07 22:39:58 witherspoon kernel[943]: [    3.620000] ftgmac100 1e660000.ethernet: Using NCSI interface
Aug 07 22:39:58 witherspoon kernel[943]: [    3.620000] ftgmac100 1e660000.ethernet eth0: irq 20, mapped at f0060000
Aug 07 22:39:58 witherspoon kernel[943]: [    3.620000] ehci_hcd: USB 2.0 'Enhanced' Host Controller (EHCI) Driver
Aug 07 22:39:58 witherspoon kernel[943]: [    3.620000] ehci-platform: EHCI generic platform driver
Aug 07 22:39:58 witherspoon kernel[943]: [    3.830000]  fsi0: can't read slave 00:00 -5
Aug 07 22:39:58 witherspoon kernel[943]: [    3.830000] i2c /dev entries driver
Aug 07 22:39:58 witherspoon kernel[943]: [    3.830000] aspeed-i2c-bus 1e78a0c0.i2c-bus: i2c bus 2 registered, irq 26
Aug 07 22:39:58 witherspoon kernel[943]: [    3.830000] aspeed-i2c-bus 1e78a100.i2c-bus: i2c bus 3 registered, irq 27
Aug 07 22:39:58 witherspoon kernel[943]: [    3.830000] aspeed-i2c-bus 1e78a140.i2c-bus: i2c bus 4 registered, irq 28
Aug 07 22:39:58 witherspoon kernel[943]: [    3.830000] aspeed-i2c-bus 1e78a180.i2c-bus: i2c bus 5 registered, irq 29
Aug 07 22:39:58 witherspoon kernel[943]: [    3.830000] aspeed-i2c-bus 1e78a380.i2c-bus: i2c bus 9 registered, irq 30
Aug 07 22:39:58 witherspoon kernel[943]: [    3.830000] aspeed-i2c-bus 1e78a3c0.i2c-bus: i2c bus 10 registered, irq 31
Aug 07 22:39:58 witherspoon kernel[943]: [    3.830000] rtc-rv8803 11-0032: Voltage low, temperature compensation stopped.
Aug 07 22:39:58 witherspoon kernel[943]: [    3.830000] rtc-rv8803 11-0032: An alarm maybe have been missed.
Aug 07 22:39:58 witherspoon kernel[943]: [    3.940000] rtc-rv8803 11-0032: rtc core: registered rx8900 as rtc0
Aug 07 22:39:58 witherspoon kernel[943]: [    3.950000] at24 11-0051: 8192 byte 24c64 EEPROM, writable, 1 bytes/write
Aug 07 22:39:58 witherspoon kernel[943]: [    3.950000] aspeed-i2c-bus 1e78a400.i2c-bus: i2c bus 11 registered, irq 32
Aug 07 22:39:58 witherspoon kernel[943]: [    3.950000] aspeed-i2c-bus 1e78a440.i2c-bus: i2c bus 12 registered, irq 33
Aug 07 22:39:58 witherspoon kernel[943]: [    3.950000] aspeed-i2c-bus 1e78a480.i2c-bus: i2c bus 13 registered, irq 34
Aug 07 22:39:58 witherspoon kernel[943]: [    3.950000] Driver for 1-wire Dallas network protocol.
Aug 07 22:39:58 witherspoon kernel[943]: [    3.950000] lm75 9-004a: hwmon0: sensor 'tmp275'
Aug 07 22:39:58 witherspoon kernel[943]: [    4.800000] ucd9000 11-0064: Device ID UCD90160|2.3.4.0000|110603
Aug 07 22:39:58 witherspoon kernel[943]: [    5.130000] leds-pca955x 3-0060: leds-pca955x: Using pca9552 16-bit LED driver at slave address 0x60
Aug 07 22:39:58 witherspoon kernel[943]: [    5.150000] leds-pca955x 11-0060: leds-pca955x: Using pca9552 16-bit LED driver at slave address 0x60
Aug 07 22:39:58 witherspoon kernel[943]: [    5.160000] leds-pca955x 11-0060: gpios 264...279
Aug 07 22:39:58 witherspoon kernel[943]: [    5.170000] usbcore: registered new interface driver usbhid
Aug 07 22:39:58 witherspoon kernel[943]: [    5.170000] usbhid: USB HID core driver
Aug 07 22:39:58 witherspoon kernel[943]: [    5.230000] NET: Registered protocol family 10
Aug 07 22:39:58 witherspoon kernel[943]: [    5.230000] Segment Routing with IPv6
Aug 07 22:39:58 witherspoon kernel[943]: [    5.240000] NET: Registered protocol family 17
Aug 07 22:39:58 witherspoon kernel[943]: [    5.240000] 8021q: 802.1Q VLAN Support v1.8
Aug 07 22:39:58 witherspoon kernel[943]: [    5.240000] console [netcon0] enabled
Aug 07 22:39:58 witherspoon kernel[943]: [    5.240000] netconsole: network logging started
Aug 07 22:39:58 witherspoon kernel[943]: [    5.260000] input: gpio-keys as /devices/platform/gpio-keys/input/input0
Aug 07 22:39:58 witherspoon kernel[943]: [    5.270000] rtc-rv8803 11-0032: setting system clock to 2017-08-07 22:39:43 UTC (1502145583)
Aug 07 22:39:58 witherspoon kernel[943]: [    5.280000] Freeing unused kernel memory: 284K
Aug 07 22:39:58 witherspoon kernel[943]: [    5.280000] This architecture does not have kernel memory protection.
Aug 07 22:39:58 witherspoon kernel[943]: [    6.820000] jffs2: notice: (526) jffs2_build_xattr_subsystem: complete building xattr subsystem, 1 of xdatum (0 unchecked, 0 orphan) and 11 of xref (0 dead, 1 orphan) found.
Aug 07 22:39:58 witherspoon kernel[943]: [    9.060000] systemd[1]: Failed to insert module 'autofs4': No such file or directory
Aug 07 22:39:58 witherspoon kernel[943]: [    9.260000] systemd[1]: systemd 232 running in system mode. (+PAM -AUDIT -SELINUX -IMA -APPARMOR -SMACK +SYSVINIT -UTMP -LIBCRYPTSETUP -GCRYPT -GNUTLS +ACL +XZ -LZ4 -SECCOMP +BLKID -ELFUTILS +KMOD -IDN)
Aug 07 22:39:58 witherspoon kernel[943]: [    9.260000] systemd[1]: Detected architecture arm.
Aug 07 22:39:58 witherspoon kernel[943]: [    9.350000] systemd[1]: Set hostname to <witherspoon>.
Aug 07 22:39:58 witherspoon kernel[943]: [   10.930000] systemd[1]: Reached target Remote File Systems.
Aug 07 22:39:58 witherspoon kernel[943]: [   11.000000] systemd[1]: Listening on udev Control Socket.
Aug 07 22:39:58 witherspoon kernel[943]: [   11.040000] systemd[1]: Started Dispatch Password Requests to Console Directory Watch.
Aug 07 22:39:58 witherspoon kernel[943]: [   11.080000] systemd[1]: Listening on udev Kernel Socket.
Aug 07 22:39:58 witherspoon kernel[943]: [   11.120000] systemd[1]: Listening on Syslog Socket.
Aug 07 22:39:58 witherspoon kernel[943]: [   11.150000] systemd[1]: Reached target Swap.
Aug 07 22:39:58 witherspoon kernel[943]: [   11.180000] systemd[1]: Listening on Journal Socket.
Aug 07 22:39:58 witherspoon kernel[943]: [   13.230000] systemd-journald[544]: Received request to flush runtime journal from PID 1
Aug 07 22:40:00 witherspoon kernel[943]: [   22.070000] ubi7: default fastmap pool size: 100
Aug 07 22:40:00 witherspoon kernel[943]: [   22.070000] ubi7: default fastmap WL pool size: 50
Aug 07 22:40:00 witherspoon kernel[943]: [   22.070000] ubi7: attaching mtd7
Aug 07 22:40:01 witherspoon kernel[943]: [   23.280000] ubi7: scanning is finished
Aug 07 22:40:01 witherspoon kernel[943]: [   23.280000] ubi7: attached mtd7 (name "pnor", size 128 MiB)
Aug 07 22:40:01 witherspoon kernel[943]: [   23.280000] ubi7: PEB size: 65536 bytes (64 KiB), LEB size: 65408 bytes
Aug 07 22:40:01 witherspoon kernel[943]: [   23.280000] ubi7: min./max. I/O unit sizes: 1/256, sub-page size 1
Aug 07 22:40:01 witherspoon kernel[943]: [   23.280000] ubi7: VID header offset: 64 (aligned 64), data offset: 128
Aug 07 22:40:01 witherspoon kernel[943]: [   23.280000] ubi7: good PEBs: 2048, bad PEBs: 0, corrupted PEBs: 0
Aug 07 22:40:01 witherspoon kernel[943]: [   23.280000] ubi7: user volume: 3, internal volumes: 1, max. volumes count: 128
Aug 07 22:40:01 witherspoon kernel[943]: [   23.280000] ubi7: max/mean erase counter: 1/0, WL threshold: 4096, image sequence number: 1070557108
Aug 07 22:40:01 witherspoon kernel[943]: [   23.280000] ubi7: available PEBs: 1367, total reserved PEBs: 681, PEBs reserved for bad PEB handling: 0
Aug 07 22:40:01 witherspoon kernel[943]: [   23.280000] ubi7: background thread "ubi_bgt7d" started, PID 969
Aug 07 22:40:04 witherspoon avahi-daemon[940]: Found user 'avahi' (UID 999) and group 'avahi' (GID 999).
Aug 07 22:40:04 witherspoon avahi-daemon[940]: Successfully dropped root privileges.
Aug 07 22:40:04 witherspoon avahi-daemon[940]: avahi-daemon 0.6.32 starting up.
Aug 07 22:40:07 witherspoon avahi-daemon[940]: Successfully called chroot().
Aug 07 22:40:07 witherspoon avahi-daemon[940]: Successfully dropped remaining capabilities.
Aug 07 22:40:07 witherspoon avahi-daemon[940]: Loading service file /services/obmc_console.service.
Aug 07 22:40:07 witherspoon avahi-daemon[940]: Loading service file /services/phosphor_rest.service.
Aug 07 22:40:07 witherspoon avahi-daemon[940]: Loading service file /services/sftp-ssh.service.
Aug 07 22:40:07 witherspoon avahi-daemon[940]: Loading service file /services/sftp.service.
Aug 07 22:40:07 witherspoon avahi-daemon[940]: Loading service file /services/ssh.service.
Aug 07 22:40:07 witherspoon avahi-daemon[940]: Network interface enumeration completed.
Aug 07 22:40:07 witherspoon avahi-daemon[940]: Server startup complete. Host name is witherspoon.local. Local service cookie is 4187360748.
Aug 07 22:40:07 witherspoon avahi-daemon[940]: Service "witherspoon" (/services/ssh.service) successfully established.
Aug 07 22:40:07 witherspoon avahi-daemon[940]: Service "sftp" (/services/sftp.service) successfully established.
Aug 07 22:40:07 witherspoon avahi-daemon[940]: Service "witherspoon" (/services/sftp-ssh.service) successfully established.
Aug 07 22:40:07 witherspoon systemd[1]: Started Phosphor Download Manager.
Aug 07 22:40:07 witherspoon avahi-daemon[940]: Service "phosphor_rest" (/services/phosphor_rest.service) successfully established.
Aug 07 22:40:07 witherspoon systemd[1]: Started Phosphor Log Manager.
Aug 07 22:40:07 witherspoon avahi-daemon[940]: Service "obmc_console" (/services/obmc_console.service) successfully established.
Aug 07 22:40:08 witherspoon systemd[1]: Started Phosphor Settings Daemon.
Aug 07 22:40:07 witherspoon dbus[958]: [system] Successfully activated service 'org.freedesktop.systemd1'
Aug 07 22:40:08 witherspoon systemd[1]: Started Phosphor Inventory Manager.
Aug 07 22:40:08 witherspoon systemd[1]: Started Phosphor LED Group Management Daemon.
Aug 07 22:40:08 witherspoon systemd[1]: Started Avahi mDNS/DNS-SD Stack.
Aug 07 22:40:08 witherspoon systemd[1]: Starting Network Service...
Aug 07 22:40:08 witherspoon systemd[1]: Started Phosphor sysfs LED controller.
Aug 07 22:40:08 witherspoon systemd[1]: Starting Phosphor IPMI BT DBus Bridge...
Aug 07 22:40:09 witherspoon systemd[1]: Started Clear one time boot overrides.
Aug 07 22:40:11 witherspoon systemd[1]: Started Phosphor IPMI BT DBus Bridge.
Aug 07 22:40:11 witherspoon systemd[1]: Started Phosphor Dump Manager.
Aug 07 22:40:11 witherspoon systemd[1]: Started OpenBMC Software Update Manager.
Aug 07 22:40:13 witherspoon systemd-networkd[979]: Enumeration completed
Aug 07 22:40:13 witherspoon systemd[1]: Started Network Service.
Aug 07 22:40:13 witherspoon systemd[1]: Reached target Network.
Aug 07 22:40:13 witherspoon systemd[1]: Started Lightweight SLP Server.
Aug 07 22:40:13 witherspoon systemd[1]: Starting Permit User Sessions...
Aug 07 22:40:14 witherspoon systemd-networkd[979]: eth0: IPv6 enabled for interface: Success
Aug 07 22:40:14 witherspoon systemd-networkd[979]: eth0: Gained carrier
Aug 07 22:40:14 witherspoon avahi-daemon[940]: Joining mDNS multicast group on interface eth0.IPv4 with address 9.3.86.161.
Aug 07 22:40:14 witherspoon avahi-daemon[940]: New relevant interface eth0.IPv4 for mDNS.
Aug 07 22:40:14 witherspoon avahi-daemon[940]: Registering new address record for 9.3.86.161 on eth0.IPv4.
Aug 07 22:40:14 witherspoon systemd-timesyncd[678]: Network configuration changed, trying to establish connection.
Aug 07 22:40:15 witherspoon systemd[1]: Started Permit User Sessions.
Aug 07 22:40:15 witherspoon systemd[1]: Started Phosphor BMC0 Control.
Aug 07 22:40:15 witherspoon systemd[1]: Started Serial Getty on ttyS4.
Aug 07 22:40:15 witherspoon systemd[1]: Reached target Login Prompts.
Aug 07 22:40:16 witherspoon avahi-daemon[940]: Joining mDNS multicast group on interface eth0.IPv6 with address fe80::72e2:84ff:fe14:23e1.
Aug 07 22:40:16 witherspoon systemd-networkd[979]: eth0: Gained IPv6LL
Aug 07 22:40:16 witherspoon avahi-daemon[940]: New relevant interface eth0.IPv6 for mDNS.
Aug 07 22:40:16 witherspoon avahi-daemon[940]: Registering new address record for fe80::72e2:84ff:fe14:23e1 on eth0.*.
Aug 07 22:40:17 witherspoon kernel: ftgmac100 1e660000.ethernet eth0: NCSI interface up
Aug 07 22:40:17 witherspoon kernel[943]: [   39.090000] ftgmac100 1e660000.ethernet eth0: NCSI interface up
Aug 07 22:40:18 witherspoon kernel: block ubiblock7_0: created from ubi7:0(pnor-ro-136cf504)
Aug 07 22:40:18 witherspoon kernel[943]: [   40.190000] block ubiblock7_0: created from ubi7:0(pnor-ro-136cf504)
Aug 07 22:40:20 witherspoon kernel: UBIFS (ubi7:1): UBIFS: mounted UBI device 7, volume 1, name "pnor-rw-136cf504"
Aug 07 22:40:20 witherspoon kernel: UBIFS (ubi7:1): LEB size: 65408 bytes (63 KiB), min./max. I/O unit sizes: 8 bytes/256 bytes
Aug 07 22:40:20 witherspoon kernel: UBIFS (ubi7:1): FS size: 16155776 bytes (15 MiB, 247 LEBs), journal size 784896 bytes (0 MiB, 12 LEBs)
Aug 07 22:40:20 witherspoon kernel: UBIFS (ubi7:1): reserved for root: 763076 bytes (745 KiB)
Aug 07 22:40:20 witherspoon kernel: UBIFS (ubi7:1): media format: w5/r0 (latest is w5/r0), UUID AF933349-BE7D-4CC3-81C2-09CBE3086B00, small LPT model
Aug 07 22:40:20 witherspoon kernel: UBIFS (ubi7:1): background thread "ubifs_bgt7_1" started, PID 1004
Aug 07 22:40:20 witherspoon kernel[943]: [   41.610000] UBIFS (ubi7:1): UBIFS: mounted UBI device 7, volume 1, name "pnor-rw-136cf504"
Aug 07 22:40:20 witherspoon kernel[943]: [   41.610000] UBIFS (ubi7:1): LEB size: 65408 bytes (63 KiB), min./max. I/O unit sizes: 8 bytes/256 bytes
Aug 07 22:40:20 witherspoon kernel[943]: [   41.610000] UBIFS (ubi7:1): FS size: 16155776 bytes (15 MiB, 247 LEBs), journal size 784896 bytes (0 MiB, 12 LEBs)
Aug 07 22:40:20 witherspoon kernel[943]: [   41.610000] UBIFS (ubi7:1): reserved for root: 763076 bytes (745 KiB)
Aug 07 22:40:20 witherspoon kernel[943]: [   41.610000] UBIFS (ubi7:1): media format: w5/r0 (latest is w5/r0), UUID AF933349-BE7D-4CC3-81C2-09CBE3086B00, small LPT model
Aug 07 22:40:20 witherspoon kernel[943]: [   41.610000] UBIFS (ubi7:1): background thread "ubifs_bgt7_1" started, PID 1004
Aug 07 22:40:21 witherspoon systemd[1]: Started Remount the squashfs and ubi volumes after a reboot.
Aug 07 22:40:21 witherspoon systemd[1]: Reached target Multi-User System.
Aug 07 22:40:21 witherspoon systemd[1]: Starting OpenPower Software Update Manager...
Aug 07 22:40:21 witherspoon kernel: UBIFS (ubi7:2): UBIFS: mounted UBI device 7, volume 2, name "pnor-prsv"
Aug 07 22:40:21 witherspoon kernel: UBIFS (ubi7:2): LEB size: 65408 bytes (63 KiB), min./max. I/O unit sizes: 8 bytes/256 bytes
Aug 07 22:40:21 witherspoon kernel: UBIFS (ubi7:2): FS size: 1504384 bytes (1 MiB, 23 LEBs), journal size 523265 bytes (0 MiB, 6 LEBs)
Aug 07 22:40:21 witherspoon kernel: UBIFS (ubi7:2): reserved for root: 71055 bytes (69 KiB)
Aug 07 22:40:21 witherspoon kernel: UBIFS (ubi7:2): media format: w5/r0 (latest is w5/r0), UUID 62917324-18A4-4BD3-A078-BFAB81AEF51A, small LPT model
Aug 07 22:40:21 witherspoon kernel: UBIFS (ubi7:2): background thread "ubifs_bgt7_2" started, PID 1014
Aug 07 22:40:21 witherspoon kernel[943]: [   43.210000] UBIFS (ubi7:2): UBIFS: mounted UBI device 7, volume 2, name "pnor-prsv"
Aug 07 22:40:21 witherspoon kernel[943]: [   43.210000] UBIFS (ubi7:2): LEB size: 65408 bytes (63 KiB), min./max. I/O unit sizes: 8 bytes/256 bytes
Aug 07 22:40:21 witherspoon kernel[943]: [   43.210000] UBIFS (ubi7:2): FS size: 1504384 bytes (1 MiB, 23 LEBs), journal size 523265 bytes (0 MiB, 6 LEBs)
Aug 07 22:40:21 witherspoon kernel[943]: [   43.210000] UBIFS (ubi7:2): reserved for root: 71055 bytes (69 KiB)
Aug 07 22:40:21 witherspoon kernel[943]: [   43.210000] UBIFS (ubi7:2): media format: w5/r0 (latest is w5/r0), UUID 62917324-18A4-4BD3-A078-BFAB81AEF51A, small LPT model
Aug 07 22:40:21 witherspoon kernel[943]: [   43.210000] UBIFS (ubi7:2): background thread "ubifs_bgt7_2" started, PID 1014
Aug 07 22:40:23 witherspoon openpower-update-manager[1015]: Error in reading file
Aug 07 22:40:23 witherspoon systemd[1]: Started OpenPower Software Update Manager.
Aug 07 22:40:23 witherspoon systemd[1]: Started Phosphor MBOX Daemon.
Aug 07 22:40:23 witherspoon systemd[1]: Starting Phosphor Version Software Manager...
Aug 07 22:40:23 witherspoon systemd[1]: Mounting /usr/local...
Aug 07 22:40:23 witherspoon systemd[1]: Mounted /usr/local.
Aug 07 22:40:24 witherspoon systemd[1]: Starting Create a ubi volume for pnor patches...
Aug 07 22:40:24 witherspoon systemd[1]: Started Phosphor Version Software Manager.
Aug 07 22:40:25 witherspoon chassis_control.py[928]: Running ChassisControlService
Aug 07 22:40:25 witherspoon systemd[1]: Started Phosphor Chassis0 Control.
Aug 07 22:40:25 witherspoon download_manager.py[927]: Running Download Manager
Aug 07 22:40:26 witherspoon systemd[1]: Started Phosphor Download Manager.
Aug 07 22:40:26 witherspoon sensor_manager2.py[925]: Setting boot count to 3
Aug 07 22:40:26 witherspoon systemd[1]: Started Phosphor Sensor Manager.
Aug 07 22:40:26 witherspoon sensor_manager2.py[925]: Starting sensor manager
Aug 07 22:40:27 witherspoon obmc-flash-bios[1021]: Volume ID 3, size 257 LEBs (16809856 bytes, 16.0 MiB), LEB size 65408 bytes (63.9 KiB), dynamic, name "pnor-patch", alignment 1
Aug 07 22:40:28 witherspoon inventory_items.py[939]: Loading from cache: /var/cache/obmc/org.openbmc.inventory.system.chassis.motherboard.apss@org.openbmc.InventoryItem.props
Aug 07 22:40:28 witherspoon inventory_items.py[939]: Loading from cache: /var/cache/obmc/org.openbmc.inventory.system.chassis.motherboard@org.openbmc.InventoryItem.props
Aug 07 22:40:28 witherspoon inventory_items.py[939]: Loading from cache: /var/cache/obmc/org.openbmc.inventory.system.chassis.motherboard.refclock@org.openbmc.InventoryItem.props
Aug 07 22:40:28 witherspoon inventory_items.py[939]: Loading from cache: /var/cache/obmc/org.openbmc.inventory.system.chassis.motherboard.cpu1.core7@org.openbmc.InventoryItem.props
Aug 07 22:40:28 witherspoon inventory_items.py[939]: Loading from cache: /var/cache/obmc/org.openbmc.inventory.system.chassis.motherboard.cpu1.core4@org.openbmc.InventoryItem.props
Aug 07 22:40:28 witherspoon inventory_items.py[939]: Loading from cache: /var/cache/obmc/org.openbmc.inventory.system.chassis.motherboard.cpu1.core1@org.openbmc.InventoryItem.props
Aug 07 22:40:28 witherspoon inventory_items.py[939]: Loading from cache: /var/cache/obmc/org.openbmc.inventory.system.chassis.motherboard.cpu1.core10@org.openbmc.InventoryItem.props
Aug 07 22:40:28 witherspoon inventory_items.py[939]: Loading from cache: /var/cache/obmc/org.openbmc.inventory.system.chassis.motherboard.todclock@org.openbmc.InventoryItem.props
Aug 07 22:40:28 witherspoon inventory_items.py[939]: Loading from cache: /var/cache/obmc/org.openbmc.inventory.system.chassis.motherboard.cpu1@org.openbmc.InventoryItem.props
Aug 07 22:40:28 witherspoon systemd[1]: Started Create a ubi volume for pnor patches.
Aug 07 22:40:28 witherspoon kernel: UBIFS (ubi7:3): default file-system created
Aug 07 22:40:28 witherspoon kernel: UBIFS (ubi7:3): UBIFS: mounted UBI device 7, volume 3, name "pnor-patch"
Aug 07 22:40:28 witherspoon kernel: UBIFS (ubi7:3): LEB size: 65408 bytes (63 KiB), min./max. I/O unit sizes: 8 bytes/256 bytes
Aug 07 22:40:28 witherspoon kernel: UBIFS (ubi7:3): FS size: 16155776 bytes (15 MiB, 247 LEBs), journal size 784896 bytes (0 MiB, 12 LEBs)
Aug 07 22:40:28 witherspoon kernel: UBIFS (ubi7:3): reserved for root: 763076 bytes (745 KiB)
Aug 07 22:40:28 witherspoon kernel: UBIFS (ubi7:3): media format: w5/r0 (latest is w5/r0), UUID F3E613E4-27A8-4A16-BF28-220DDE4A7118, small LPT model
Aug 07 22:40:28 witherspoon kernel[943]: [   50.440000] UBIFS (ubi7:3): default file-system created
Aug 07 22:40:28 witherspoon kernel[943]: [   50.440000] UBIFS (ubi7:3): UBIFS: mounted UBI device 7, volume 3, name "pnor-patch"
Aug 07 22:40:28 witherspoon kernel[943]: [   50.440000] UBIFS (ubi7:3): LEB size: 65408 bytes (63 KiB), min./max. I/O unit sizes: 8 bytes/256 bytes
Aug 07 22:40:28 witherspoon kernel[943]: [   50.440000] UBIFS (ubi7:3): FS size: 16155776 bytes (15 MiB, 247 LEBs), journal size 784896 bytes (0 MiB, 12 LEBs)
Aug 07 22:40:28 witherspoon kernel[943]: [   50.440000] UBIFS (ubi7:3): reserved for root: 763076 bytes (745 KiB)
Aug 07 22:40:28 witherspoon kernel[943]: [   50.440000] UBIFS (ubi7:3): media format: w5/r0 (latest is w5/r0), UUID F3E613E4-27A8-4A16-BF28-220DDE4A7118, small LPT model
Aug 07 22:40:29 witherspoon kernel: UBIFS (ubi7:3): background thread "ubifs_bgt7_3" started, PID 1040
Aug 07 22:40:29 witherspoon kernel[943]: [   50.640000] UBIFS (ubi7:3): background thread "ubifs_bgt7_3" started, PID 1040
Aug 07 22:40:29 witherspoon systemd-networkd[979]: eth0: Configured
Aug 07 22:40:29 witherspoon systemd-timesyncd[678]: Network configuration changed, trying to establish connection.
Aug 07 22:40:29 witherspoon inventory_items.py[939]: Loading from cache: /var/cache/obmc/org.openbmc.inventory.system.chassis.motherboard.bmc@org.openbmc.InventoryItem.props
Aug 07 22:40:29 witherspoon inventory_items.py[939]: Caching: /org/openbmc/inventory/system/chassis/motherboard/bmc
Aug 07 22:40:29 witherspoon inventory_items.py[939]: Loading from cache: /var/cache/obmc/org.openbmc.inventory.system.chassis.motherboard.cpu0.core1@org.openbmc.InventoryItem.props
Aug 07 22:40:29 witherspoon inventory_items.py[939]: Loading from cache: /var/cache/obmc/org.openbmc.inventory.system.chassis.motherboard.cpu0.core7@org.openbmc.InventoryItem.props
Aug 07 22:40:29 witherspoon inventory_items.py[939]: Loading from cache: /var/cache/obmc/org.openbmc.inventory.system.chassis.motherboard.cpu0.core4@org.openbmc.InventoryItem.props
Aug 07 22:40:29 witherspoon inventory_items.py[939]: Loading from cache: /var/cache/obmc/org.openbmc.inventory.system.chassis.motherboard.pcieclock@org.openbmc.InventoryItem.props
Aug 07 22:40:29 witherspoon phosphor-mapper[934]: ObjectMapper startup complete.  Discovery in progress...
Aug 07 22:40:29 witherspoon inventory_items.py[939]: Loading from cache: /var/cache/obmc/org.openbmc.inventory.system.chassis.motherboard.cpu0.core10@org.openbmc.InventoryItem.props
Aug 07 22:40:29 witherspoon systemd[1]: Started Phosphor Inventory Manager.
Aug 07 22:40:29 witherspoon inventory_items.py[939]: Running Inventory Manager
Aug 07 22:40:30 witherspoon avahi-daemon[978]: ../../avahi-0.6.32/avahi-daemon/chroot.c: open() failed: No such file or directory
Aug 07 22:40:30 witherspoon avahi-daemon[940]: Failed to open /usr/share/dbus-1/interfaces/org.freedesktop.Avahi.Server.xml: Invalid argument
Aug 07 22:40:30 witherspoon avahi-daemon[940]: Failed to load introspection data.
Aug 07 22:40:30 witherspoon systemd[1]: Started Phosphor User Manager.
Aug 07 22:40:30 witherspoon obmc-phosphor-userd[956]: Started
Aug 07 22:40:30 witherspoon systemd[1]: Started Phosphor Network Manager.
Aug 07 22:40:30 witherspoon netman.py[954]: Started
Aug 07 22:40:38 witherspoon phosphor-mapper[934]: ObjectMapper discovery complete
Aug 07 22:40:38 witherspoon systemd[1]: Started Phosphor DBus Service Discovery Manager.
Aug 07 22:40:38 witherspoon systemd[1]: Started Phosphor Hwmon Poller.
Aug 07 22:40:38 witherspoon systemd[1]: Started Phosphor Hwmon Poller.
Aug 07 22:40:38 witherspoon systemd[1]: Reached target Phosphor Object Mapper.
Aug 07 22:40:38 witherspoon systemd[1]: Starting Wait for /xyz/openbmc_project/control/host0/restriction_mode...
Aug 07 22:40:38 witherspoon systemd[1]: Starting Phosphor Network Manager...
Aug 07 22:40:38 witherspoon systemd[1]: Starting Wait for /xyz/openbmc_project/state/chassis0...
Aug 07 22:40:38 witherspoon systemd[1]: Starting Wait for /org/openbmc/control/flash/bios...
Aug 07 22:40:38 witherspoon systemd[1]: Starting Phoshpor System Manager...
Aug 07 22:40:38 witherspoon systemd[1]: Starting Wait for /xyz/openbmc_project/control/host0/boot_mode...
Aug 07 22:40:38 witherspoon systemd[1]: Starting Wait for /xyz/openbmc_project/control/host0/auto_reboot...
Aug 07 22:40:38 witherspoon systemd[1]: Starting Wait for /xyz/openbmc_project/control/host0...
Aug 07 22:40:38 witherspoon systemd[1]: Starting Wait for /xyz/openbmc_project/led/groups...
Aug 07 22:40:38 witherspoon systemd[1]: Starting Wait for /xyz/openbmc_project/inventory...
Aug 07 22:40:38 witherspoon systemd[1]: Starting Wait for /xyz/openbmc_project/state/host0...
Aug 07 22:40:38 witherspoon systemd[1]: Starting Wait for /org/openbmc/control/power0...
Aug 07 22:40:38 witherspoon systemd[1]: Starting Wait for /org/openbmc/control/bmc0...
Aug 07 22:40:38 witherspoon systemd[1]: Starting Wait for /xyz/openbmc_project/control/host0/power_restore_policy...
Aug 07 22:40:38 witherspoon systemd[1]: Reached target Webserver (pre).
Aug 07 22:40:38 witherspoon systemd[1]: Started Phosphor DBus Monitor.
Aug 07 22:40:38 witherspoon systemd[1]: Starting Wait for /org/openbmc/managers/Download...
Aug 07 22:40:40 witherspoon phosphor-network-manager[1045]: ConfigParser: Section not found
Aug 07 22:40:40 witherspoon phosphor-network-manager[1045]: The operation failed internally.
Aug 07 22:40:41 witherspoon phosphor-network-manager[1045]: ConfigParser: Section not found
Aug 07 22:40:41 witherspoon phosphor-network-manager[1045]: The operation failed internally.
Aug 07 22:40:41 witherspoon phosphor-network-manager[1045]: ConfigParser: Key not found
Aug 07 22:40:41 witherspoon phosphor-network-manager[1045]: The operation failed internally.
Aug 07 22:40:41 witherspoon systemd[1]: Starting Wait for /xyz/openbmc_project/time/sync_method...
Aug 07 22:40:41 witherspoon systemd[1]: Starting Phosphor Settings Manager...
Aug 07 22:40:41 witherspoon systemd[1]: Starting Wait for /xyz/openbmc_project/time/owner...
Aug 07 22:40:41 witherspoon systemd[1]: Starting Wait for /org/openbmc/NetworkManager/Interface...
Aug 07 22:40:41 witherspoon systemd[1]: Starting Wait for /xyz/openbmc_project/control/host0/boot_source...
Aug 07 22:40:41 witherspoon systemd[1]: Starting Wait for /xyz/openbmc_project/led/groups/bmc_booted...
Aug 07 22:40:41 witherspoon systemd[1]: Starting Wait for /org/openbmc/managers/System...
Aug 07 22:40:41 witherspoon systemd[1]: Started Phosphor Hwmon Poller.
Aug 07 22:40:41 witherspoon systemd[1]: Started Phosphor Hwmon Poller.
Aug 07 22:40:41 witherspoon systemd[1]: Started Phosphor Hwmon Poller.
Aug 07 22:40:41 witherspoon systemd[1]: Started Phosphor Hwmon Poller.
Aug 07 22:40:42 witherspoon systemd[1]: Started Wait for /xyz/openbmc_project/control/host0/restriction_mode.
Aug 07 22:40:42 witherspoon systemd[1]: Started Wait for /xyz/openbmc_project/control/host0/auto_reboot.
Aug 07 22:40:42 witherspoon systemd[1]: Started Wait for /xyz/openbmc_project/led/groups.
Aug 07 22:40:42 witherspoon systemd[1]: Started Wait for /xyz/openbmc_project/inventory.
Aug 07 22:40:42 witherspoon systemd[1]: Started Wait for /org/openbmc/control/bmc0.
Aug 07 22:40:42 witherspoon systemd[1]: Started Wait for /xyz/openbmc_project/control/host0/power_restore_policy.
Aug 07 22:40:42 witherspoon systemd[1]: Started Wait for /org/openbmc/managers/Download.
Aug 07 22:40:42 witherspoon systemd[1]: Started Wait for /xyz/openbmc_project/time/sync_method.
Aug 07 22:40:42 witherspoon systemd[1]: Starting Phosphor BIOS Code Update...
Aug 07 22:40:42 witherspoon systemd[1]: Starting Phosphor BMC Code Update...
Aug 07 22:40:42 witherspoon systemd[1]: Started Phosphor Cooling Type.
Aug 07 22:40:42 witherspoon systemd[1]: Started Phosphor GPIO 0 Presence.
Aug 07 22:40:43 witherspoon systemd[1]: Started Phosphor GPIO 1 Presence.
Aug 07 22:40:43 witherspoon phosphor-gpio-presence[1084]: Updating inventory present property
Aug 07 22:40:44 witherspoon systemd[1]: Starting OpenPOWER OCC controller...
Aug 07 22:40:44 witherspoon systemd[1]: Starting Read OpenPOWER-format VPD from EEPROM...
Aug 07 22:40:44 witherspoon systemd[1]: Started FRU Fault monitor service.
Aug 07 22:40:45 witherspoon systemd[1]: Started Wait for /xyz/openbmc_project/time/owner.
Aug 07 22:40:45 witherspoon systemd[1]: Started Wait for /org/openbmc/NetworkManager/Interface.
Aug 07 22:40:45 witherspoon systemd[1]: Started Wait for /xyz/openbmc_project/led/groups/bmc_booted.
Aug 07 22:40:45 witherspoon systemd[1]: Started Phosphor DNS Settings Cache Manager.
Aug 07 22:40:45 witherspoon phosphor-gpio-presence[1087]: Updating inventory present property
Aug 07 22:40:46 witherspoon dbus[958]: [system] Activating via systemd: service name='org.freedesktop.journal1' unit='dbus-org.freedesktop.journal1.service'
Aug 07 22:40:46 witherspoon systemd[1]: Starting Journal Dbus Service...
Aug 07 22:40:46 witherspoon systemd[1]: Started Phosphor BIOS Code Update.
Aug 07 22:40:46 witherspoon systemd[1]: Started Wait for /xyz/openbmc_project/control/host0/boot_source.
Aug 07 22:40:46 witherspoon dbus[958]: [system] Successfully activated service 'org.freedesktop.journal1'
Aug 07 22:40:46 witherspoon systemd[1]: Started Journal Dbus Service.
Aug 07 22:40:47 witherspoon phosphor-log-manager[942]: Failed to find metadata
Aug 07 22:40:47 witherspoon phosphor-fru-fault-monitor[1093]: /xyz/openbmc_project/logging/entry/3
Aug 07 22:40:48 witherspoon dbus[958]: [system] Activating via systemd: service name='org.freedesktop.hostname1' unit='dbus-org.freedesktop.hostname1.service'
Aug 07 22:40:48 witherspoon systemd[1]: Starting Hostname Service...
Aug 07 22:40:48 witherspoon dbus[958]: [system] Successfully activated service 'org.freedesktop.hostname1'
Aug 07 22:40:48 witherspoon systemd[1]: Started Hostname Service.
Aug 07 22:40:49 witherspoon systemd[1]: Started Phosphor Network Manager.
Aug 07 22:40:55 witherspoon systemd[1]: Started Wait for /xyz/openbmc_project/control/host0/boot_mode.
Aug 07 22:40:55 witherspoon system_manager.py[1048]: Running System State: BASE_APPS
Aug 07 22:40:55 witherspoon system_manager.py[1048]: SystemManager Init Done
Aug 07 22:40:55 witherspoon systemd[1]: Started Phoshpor System Manager.
Aug 07 22:40:55 witherspoon system_manager.py[1048]: Running SystemManager
Aug 07 22:40:56 witherspoon systemd[1]: Started OpenPOWER OCC controller.
Aug 07 22:40:57 witherspoon bmc_update.py[1082]: Running Bmc Flash Control
Aug 07 22:40:57 witherspoon systemd[1]: Started Phosphor BMC Code Update.
Aug 07 22:40:58 witherspoon system_manager.py[1048]: SystemManager Goto System State: BMC_STARTING
Aug 07 22:40:58 witherspoon system_manager.py[1048]: Running System State: BMC_STARTING
Aug 07 22:40:58 witherspoon systemd[1]: Started Read OpenPOWER-format VPD from EEPROM.
Aug 07 22:40:58 witherspoon systemd[1]: Started Phosphor Settings Manager.
Aug 07 22:40:58 witherspoon systemd[1]: Starting Wait for /org/openbmc/settings/host0...
Aug 07 22:40:58 witherspoon settings_manager.py[1071]: Running HostSettingsService
Aug 07 22:41:03 witherspoon systemd[1]: Started Wait for /org/openbmc/control/flash/bios.
Aug 07 22:41:03 witherspoon systemd[1]: Started Initialize BIOS Flash.
Aug 07 22:41:04 witherspoon systemd[1]: Started Wait for /org/openbmc/managers/System.
Aug 07 22:41:04 witherspoon systemd[1]: Starting Phosphor Host State Manager...
Aug 07 22:41:04 witherspoon systemd[1]: Starting Phosphor Reset Button0...
Aug 07 22:41:04 witherspoon systemd[1]: Starting Phosphor Power0 Control...
Aug 07 22:41:04 witherspoon systemd[1]: Starting Phosphor Power Button0...
Aug 07 22:41:04 witherspoon systemd[1]: Starting Phosphor Chassis State Manager...
Aug 07 22:41:04 witherspoon systemd[1]: Starting Phosphor BMC State Manager...
Aug 07 22:41:04 witherspoon phosphor-chassis-state-manager[1115]: Initial Chassis State will be Off
Aug 07 22:41:04 witherspoon systemd[1]: Started Phosphor Chassis State Manager.
Aug 07 22:41:05 witherspoon system_manager.py[1048]: New object: /org/openbmc/control/power0 (:1.83)
Aug 07 22:41:05 witherspoon systemd[1]: Started Wait for /org/openbmc/settings/host0.
Aug 07 22:41:05 witherspoon systemd[1]: Started Phosphor Inband IPMI.
Aug 07 22:41:05 witherspoon system_manager.py[1048]: Power GPIO config: ['SYS_PWROK_BUFF', '', [('SOFTWARE_PGOOD', True), ('BMC_POWER_UP', True)], [('BMC_CP0_RESET_N', False)], [], 'FSI_DATA', 'FSI_CLK', 'FSI_ENABLE', 'CRONUS_SEL', []]
Aug 07 22:41:05 witherspoon power_control.exe[1113]: Power GPIO latch output:
Aug 07 22:41:05 witherspoon power_control.exe[1113]: Power GPIO power good input: SYS_PWROK_BUFF
Aug 07 22:41:05 witherspoon power_control.exe[1113]: Power GPIO 2 power_up outputs
Aug 07 22:41:05 witherspoon power_control.exe[1113]: Power GPIO power_up[0] = SOFTWARE_PGOOD active HIGH
Aug 07 22:41:05 witherspoon power_control.exe[1113]: Power GPIO power_up[1] = BMC_POWER_UP active HIGH
Aug 07 22:41:05 witherspoon power_control.exe[1113]: Power GPIO 1 reset outputs
Aug 07 22:41:05 witherspoon power_control.exe[1113]: Power GPIO reset[0] = BMC_CP0_RESET_N active LOW
Aug 07 22:41:05 witherspoon power_control.exe[1113]: Power GPIO 0 pci reset outputs
Aug 07 22:41:05 witherspoon power_control.exe[1113]: FSI DATA GPIO: FSI_DATA
Aug 07 22:41:05 witherspoon power_control.exe[1113]: FSI CLK GPIO: FSI_CLK
Aug 07 22:41:05 witherspoon power_control.exe[1113]: FSI ENABLE GPIO: FSI_ENABLE
Aug 07 22:41:05 witherspoon power_control.exe[1113]: CRONUS SEL GPIO: CRONUS_SEL
Aug 07 22:41:05 witherspoon power_control.exe[1113]: Hostctl GPIO optionals: 0
Aug 07 22:41:06 witherspoon button_reset.exe[1108]: GPIO Lookup:  RESET_BUTTON = 353,both
Aug 07 22:41:05 witherspoon systemd[1]: Started Phosphor Reset Button0.
Aug 07 22:41:06 witherspoon power_control.exe[1113]: GPIO Lookup:  SYS_PWROK_BUFF = 306,in
Aug 07 22:41:06 witherspoon power_control.exe[1113]: GPIO Lookup:  SOFTWARE_PGOOD = 417,out
Aug 07 22:41:06 witherspoon power_control.exe[1113]: GPIO Lookup:  BMC_POWER_UP = 305,out
Aug 07 22:41:05 witherspoon phosphor-bmc-state-manager[1116]: Setting the BMCState field
Aug 07 22:41:05 witherspoon phosphor-bmc-state-manager[1116]: Setting the BMCState field
Aug 07 22:41:05 witherspoon systemd[1]: Started Phosphor BMC State Manager.
Aug 07 22:41:07 witherspoon power_control.exe[1113]: GPIO Lookup:  BMC_CP0_RESET_N = 281,out
Aug 07 22:41:07 witherspoon power_control.exe[1113]: Pgood state: 0
Aug 07 22:41:07 witherspoon systemd[1]: Started Phosphor Power0 Control.
Aug 07 22:41:07 witherspoon button_power.exe[1114]: GPIO Lookup:  POWER_BUTTON = 347,both
Aug 07 22:41:07 witherspoon systemd[1]: Started Phosphor Power Button0.
Aug 07 22:41:07 witherspoon phosphor-host-state-manager[1107]: Initial Host State will be Off
Aug 07 22:41:08 witherspoon flash_bios.exe[1081]: Starting flasher: bios,,/org/openbmc/control/flash/bios,
Aug 07 22:41:08 witherspoon flash_bios.exe[1081]: flasher: , BMC = 1, address = 0x0
Aug 07 22:41:08 witherspoon flash_bios.exe[1081]: Setting up flash
Aug 07 22:41:08 witherspoon flash_bios.exe[1081]: Starting flasher: bios,,/org/openbmc/control/flash/bios,
Aug 07 22:41:08 witherspoon flash_bios.exe[1081]: flasher: , BMC = 1, address = 0x0
Aug 07 22:41:08 witherspoon flash_bios.exe[1081]: Setting up flash
Aug 07 22:41:09 witherspoon systemd[1]: Started Phosphor Host State Manager.
Aug 07 22:41:12 witherspoon system_manager.py[1048]: SystemManager Goto System State: BMC_READY
Aug 07 22:41:12 witherspoon system_manager.py[1048]: Running System State: BMC_READY
Aug 07 22:41:12 witherspoon systemd[1]: Started Wait for /xyz/openbmc_project/state/chassis0.
Aug 07 22:41:12 witherspoon systemd[1]: Started Wait for /org/openbmc/control/power0.
Aug 07 22:41:12 witherspoon systemd[1]: Starting Check Chassis0 pgood and create a file to indicate it...
Aug 07 22:41:12 witherspoon systemd[1]: Starting Phosphor Time Manager daemon...
Aug 07 22:41:14 witherspoon timemanager[1148]: Registering dbus methods
Aug 07 22:41:14 witherspoon timemanager[1148]: Last known time_mode: NTP
Aug 07 22:41:14 witherspoon timemanager[1148]: Last known time_owner: BMC
Aug 07 22:41:14 witherspoon timemanager[1148]: Empty DhcpNtp string
Aug 07 22:41:14 witherspoon timemanager[1148]: Reading Power Control key: pgood
Aug 07 22:41:14 witherspoon systemd[1]: Started Wait for /xyz/openbmc_project/control/host0.
Aug 07 22:41:14 witherspoon timemanager[1148]: Changing settings *allowed* now
Aug 07 22:41:14 witherspoon systemd[1]: Started Wait for /xyz/openbmc_project/state/host0.
Aug 07 22:41:14 witherspoon systemd[1]: Starting Reboot If Enabled...
Aug 07 22:41:14 witherspoon systemd[1]: Started Check Chassis0 pgood and create a file to indicate it.
Aug 07 22:41:14 witherspoon systemd[1]: Reached target Chassis0 power on after reset.
Aug 07 22:41:14 witherspoon systemd[1]: Reached target Chassis0 (Reset Check).
Aug 07 22:41:14 witherspoon systemd[1]: Reached target Host0 running after reset.
Aug 07 22:41:14 witherspoon systemd[1]: Reached target Host0 (Reset Check).
Aug 07 22:41:15 witherspoon timemanager[1148]: Owner is already set to : BMC
Aug 07 22:41:15 witherspoon timemanager[1148]: Requested_Mode: NTP Current_Mode: NTP
Aug 07 22:41:15 witherspoon timemanager[1148]: Mode is already set to : NTP
Aug 07 22:41:15 witherspoon timemanager[1148]: Getting System Settings: use_dhcp_ntp
Aug 07 22:41:15 witherspoon timemanager[1148]: use_dhcp_ntp = yes
Aug 07 22:41:15 witherspoon timemanager[1148]: Last known host_offset:0
Aug 07 22:41:15 witherspoon timemanager[1148]: Initial Uptime Usec: 1502145578220273
Aug 07 22:41:15 witherspoon systemd[1]: Started Phosphor Time Manager daemon.
Aug 07 22:41:15 witherspoon phosphor-discover-system-state[1158]: Host power is off, checking power policy
Aug 07 22:41:15 witherspoon systemd[1]: Started Reboot If Enabled.
Aug 07 22:41:15 witherspoon systemd[1]: Reached target Phosphor System - Standby.
Aug 07 22:41:15 witherspoon systemd[1]: Starting Assert bmc_booted LED...
Aug 07 22:41:16 witherspoon phosphor-bmc-state-manager[1116]: BMC_READY
Aug 07 22:41:16 witherspoon phosphor-bmc-state-manager[1116]: Setting the BMCState field
Aug 07 22:41:16 witherspoon systemd[1]: Started Assert bmc_booted LED.
Aug 07 22:41:16 witherspoon systemd[1]: Startup finished in 8.872s (kernel) + 1min 29.336s (userspace) = 1min 38.209s.
Aug 07 22:44:14 witherspoon systemd[1]: Started Phosphor Webserver.
Aug 07 22:44:26 witherspoon phosphor-gevent[1171]: ::80a9:6776:8e91:f402%1995615004 - - [2017-08-07 22:44:26] "POST /login HTTP/1.1" 200 320 0.045547
Aug 07 22:44:26 witherspoon systemd[1]: Created slice system-dropbear.slice.
Aug 07 22:44:27 witherspoon systemd[1]: Started SSH Per-Connection Server (9.41.165.94:54940).
Aug 07 22:44:27 witherspoon dropbear[1173]: Failed loading /etc/dropbear/dropbear_dss_host_key
Aug 07 22:44:27 witherspoon dropbear[1173]: Failed loading /etc/dropbear/dropbear_ecdsa_host_key
Aug 07 22:44:27 witherspoon dropbear[1173]: Child connection from ::ffff:9.41.165.94:54940
Aug 07 22:44:27 witherspoon dropbear[1173]: PAM password auth succeeded for 'root' from ::ffff:9.41.165.94:54940
Aug 07 22:44:27 witherspoon dropbear[1174]: lastlog_perform_login: Couldn't stat /var/log/lastlog: No such file or directory
Aug 07 22:44:27 witherspoon dropbear[1174]: lastlog_openseek: /var/log/lastlog is not a file or directory!
Aug 07 22:44:29 witherspoon systemd[1]: Started SSH Per-Connection Server (9.41.165.94:54942).
Aug 07 22:44:29 witherspoon dropbear[1178]: Failed loading /etc/dropbear/dropbear_dss_host_key
Aug 07 22:44:29 witherspoon dropbear[1178]: Failed loading /etc/dropbear/dropbear_ecdsa_host_key
Aug 07 22:44:29 witherspoon dropbear[1178]: Child connection from ::ffff:9.41.165.94:54942
Aug 07 22:44:29 witherspoon dropbear[1178]: PAM password auth succeeded for 'root' from ::ffff:9.41.165.94:54942
Aug 07 22:44:29 witherspoon dropbear[1179]: lastlog_perform_login: Couldn't stat /var/log/lastlog: No such file or directory
Aug 07 22:44:29 witherspoon dropbear[1179]: lastlog_openseek: /var/log/lastlog is not a file or directory!
Aug 07 22:44:30 witherspoon systemd[1]: Started SSH Per-Connection Server (9.41.165.94:54944).
Aug 07 22:44:30 witherspoon dropbear[1185]: Failed loading /etc/dropbear/dropbear_dss_host_key
Aug 07 22:44:30 witherspoon dropbear[1185]: Failed loading /etc/dropbear/dropbear_ecdsa_host_key
Aug 07 22:44:31 witherspoon dropbear[1185]: Child connection from ::ffff:9.41.165.94:54944
Aug 07 22:44:31 witherspoon dropbear[1185]: PAM password auth succeeded for 'root' from ::ffff:9.41.165.94:54944
Aug 07 22:44:31 witherspoon dropbear[1186]: lastlog_perform_login: Couldn't stat /var/log/lastlog: No such file or directory
Aug 07 22:44:31 witherspoon dropbear[1186]: lastlog_openseek: /var/log/lastlog is not a file or directory!
Aug 07 22:44:32 witherspoon phosphor-gevent[1171]: ::80a9:6776:8e91:f402%1995615004 - - [2017-08-07 22:44:32] "POST /login HTTP/1.1" 200 320 0.032636
Aug 07 22:44:32 witherspoon phosphor-gevent[1171]: ::80a9:6776:8e91:f402%1995615004 - - [2017-08-07 22:44:32] "GET /xyz/openbmc_project/state/host0//attr/CurrentHostState HTTP/1.1" 200 212 0.084718
Aug 07 22:44:33 witherspoon dropbear[1173]: Exit (root): Error reading: Connection reset by peer
Aug 07 22:44:33 witherspoon dropbear[1178]: Exit (root): Error reading: Connection reset by peer
Aug 07 22:44:33 witherspoon dropbear[1185]: Exit (root): Error reading: Connection reset by peer
Aug 07 22:45:17 witherspoon avahi-daemon[940]: Withdrawing address record for 9.3.86.161 on eth0.
Aug 07 22:45:17 witherspoon avahi-daemon[940]: Host name conflict, retrying with witherspoon-2
Aug 07 22:45:17 witherspoon avahi-daemon[940]: Registering new address record for fe80::72e2:84ff:fe14:23e1 on eth0.*.
Aug 07 22:45:17 witherspoon avahi-daemon[940]: Registering new address record for 9.3.86.161 on eth0.IPv4.
Aug 07 22:45:17 witherspoon avahi-daemon[940]: Withdrawing address record for fe80::72e2:84ff:fe14:23e1 on eth0.
Aug 07 22:45:17 witherspoon avahi-daemon[940]: Host name conflict, retrying with witherspoon-3
Aug 07 22:45:17 witherspoon avahi-daemon[940]: Registering new address record for fe80::72e2:84ff:fe14:23e1 on eth0.*.
Aug 07 22:45:17 witherspoon avahi-daemon[940]: Registering new address record for 9.3.86.161 on eth0.IPv4.
Aug 07 22:45:18 witherspoon avahi-daemon[940]: Withdrawing address record for 9.3.86.161 on eth0.
Aug 07 22:45:18 witherspoon avahi-daemon[940]: Host name conflict, retrying with witherspoon-4
Aug 07 22:45:18 witherspoon avahi-daemon[940]: Registering new address record for fe80::72e2:84ff:fe14:23e1 on eth0.*.
Aug 07 22:45:18 witherspoon avahi-daemon[940]: Registering new address record for 9.3.86.161 on eth0.IPv4.
Aug 07 22:45:19 witherspoon avahi-daemon[940]: Withdrawing address record for 9.3.86.161 on eth0.
Aug 07 22:45:19 witherspoon avahi-daemon[940]: Host name conflict, retrying with witherspoon-5
Aug 07 22:45:19 witherspoon avahi-daemon[940]: Registering new address record for fe80::72e2:84ff:fe14:23e1 on eth0.*.
Aug 07 22:45:19 witherspoon avahi-daemon[940]: Registering new address record for 9.3.86.161 on eth0.IPv4.
Aug 07 22:45:20 witherspoon avahi-daemon[940]: Withdrawing address record for 9.3.86.161 on eth0.
Aug 07 22:45:20 witherspoon avahi-daemon[940]: Host name conflict, retrying with witherspoon-6
Aug 07 22:45:20 witherspoon avahi-daemon[940]: Registering new address record for fe80::72e2:84ff:fe14:23e1 on eth0.*.
Aug 07 22:45:20 witherspoon avahi-daemon[940]: Registering new address record for 9.3.86.161 on eth0.IPv4.
Aug 07 22:45:21 witherspoon avahi-daemon[940]: Withdrawing address record for 9.3.86.161 on eth0.
Aug 07 22:45:21 witherspoon avahi-daemon[940]: Host name conflict, retrying with witherspoon-7
Aug 07 22:45:21 witherspoon avahi-daemon[940]: Registering new address record for fe80::72e2:84ff:fe14:23e1 on eth0.*.
Aug 07 22:45:21 witherspoon avahi-daemon[940]: Registering new address record for 9.3.86.161 on eth0.IPv4.
Aug 07 22:45:22 witherspoon avahi-daemon[940]: Withdrawing address record for 9.3.86.161 on eth0.
Aug 07 22:45:22 witherspoon avahi-daemon[940]: Host name conflict, retrying with witherspoon-8
Aug 07 22:45:22 witherspoon avahi-daemon[940]: Registering new address record for fe80::72e2:84ff:fe14:23e1 on eth0.*.
Aug 07 22:45:22 witherspoon avahi-daemon[940]: Registering new address record for 9.3.86.161 on eth0.IPv4.
Aug 07 22:45:23 witherspoon avahi-daemon[940]: Withdrawing address record for 9.3.86.161 on eth0.
Aug 07 22:45:23 witherspoon avahi-daemon[940]: Host name conflict, retrying with witherspoon-9
Aug 07 22:45:23 witherspoon avahi-daemon[940]: Registering new address record for fe80::72e2:84ff:fe14:23e1 on eth0.*.
Aug 07 22:45:23 witherspoon avahi-daemon[940]: Registering new address record for 9.3.86.161 on eth0.IPv4.
Aug 07 22:45:24 witherspoon avahi-daemon[940]: Withdrawing address record for 9.3.86.161 on eth0.
Aug 07 22:45:24 witherspoon avahi-daemon[940]: Host name conflict, retrying with witherspoon-10
Aug 07 22:45:24 witherspoon avahi-daemon[940]: Registering new address record for fe80::72e2:84ff:fe14:23e1 on eth0.*.
Aug 07 22:45:24 witherspoon avahi-daemon[940]: Registering new address record for 9.3.86.161 on eth0.IPv4.
Aug 07 22:45:25 witherspoon avahi-daemon[940]: Withdrawing address record for 9.3.86.161 on eth0.
Aug 07 22:45:25 witherspoon avahi-daemon[940]: Host name conflict, retrying with witherspoon-11
Aug 07 22:45:25 witherspoon avahi-daemon[940]: Registering new address record for fe80::72e2:84ff:fe14:23e1 on eth0.*.
Aug 07 22:45:25 witherspoon avahi-daemon[940]: Registering new address record for 9.3.86.161 on eth0.IPv4.
Aug 07 22:45:26 witherspoon avahi-daemon[940]: Withdrawing address record for 9.3.86.161 on eth0.
Aug 07 22:45:26 witherspoon avahi-daemon[940]: Host name conflict, retrying with witherspoon-12
Aug 07 22:45:26 witherspoon avahi-daemon[940]: Registering new address record for fe80::72e2:84ff:fe14:23e1 on eth0.*.
Aug 07 22:45:26 witherspoon avahi-daemon[940]: Registering new address record for 9.3.86.161 on eth0.IPv4.
Aug 07 22:45:27 witherspoon avahi-daemon[940]: Withdrawing address record for 9.3.86.161 on eth0.
Aug 07 22:45:27 witherspoon avahi-daemon[940]: Host name conflict, retrying with witherspoon-13
Aug 07 22:45:27 witherspoon avahi-daemon[940]: Registering new address record for fe80::72e2:84ff:fe14:23e1 on eth0.*.
Aug 07 22:45:27 witherspoon avahi-daemon[940]: Registering new address record for 9.3.86.161 on eth0.IPv4.
Aug 07 22:45:28 witherspoon avahi-daemon[940]: Withdrawing address record for 9.3.86.161 on eth0.
Aug 07 22:45:28 witherspoon avahi-daemon[940]: Host name conflict, retrying with witherspoon-14
Aug 07 22:45:28 witherspoon avahi-daemon[940]: Registering new address record for fe80::72e2:84ff:fe14:23e1 on eth0.*.
Aug 07 22:45:28 witherspoon avahi-daemon[940]: Registering new address record for 9.3.86.161 on eth0.IPv4.
Aug 07 22:45:29 witherspoon avahi-daemon[940]: Withdrawing address record for 9.3.86.161 on eth0.
Aug 07 22:45:29 witherspoon avahi-daemon[940]: Host name conflict, retrying with witherspoon-15
Aug 07 22:45:29 witherspoon avahi-daemon[940]: Registering new address record for fe80::72e2:84ff:fe14:23e1 on eth0.*.
Aug 07 22:45:29 witherspoon avahi-daemon[940]: Registering new address record for 9.3.86.161 on eth0.IPv4.
Aug 07 22:45:30 witherspoon avahi-daemon[940]: Withdrawing address record for 9.3.86.161 on eth0.
Aug 07 22:45:30 witherspoon avahi-daemon[940]: Host name conflict, retrying with witherspoon-16
Aug 07 22:45:30 witherspoon avahi-daemon[940]: Registering new address record for fe80::72e2:84ff:fe14:23e1 on eth0.*.
Aug 07 22:45:30 witherspoon avahi-daemon[940]: Registering new address record for 9.3.86.161 on eth0.IPv4.
Aug 07 22:45:50 witherspoon avahi-daemon[940]: Withdrawing address record for 9.3.86.161 on eth0.
Aug 07 22:45:50 witherspoon avahi-daemon[940]: Host name conflict, retrying with witherspoon-17
Aug 07 22:45:50 witherspoon avahi-daemon[940]: Registering new address record for fe80::72e2:84ff:fe14:23e1 on eth0.*.
Aug 07 22:45:50 witherspoon avahi-daemon[940]: Registering new address record for 9.3.86.161 on eth0.IPv4.
Aug 07 22:46:10 witherspoon avahi-daemon[940]: Withdrawing address record for 9.3.86.161 on eth0.
Aug 07 22:46:10 witherspoon avahi-daemon[940]: Host name conflict, retrying with witherspoon-18
Aug 07 22:46:10 witherspoon avahi-daemon[940]: Registering new address record for fe80::72e2:84ff:fe14:23e1 on eth0.*.
Aug 07 22:46:10 witherspoon avahi-daemon[940]: Registering new address record for 9.3.86.161 on eth0.IPv4.
Aug 07 22:46:30 witherspoon avahi-daemon[940]: Withdrawing address record for 9.3.86.161 on eth0.
Aug 07 22:46:30 witherspoon avahi-daemon[940]: Host name conflict, retrying with witherspoon-19
Aug 07 22:46:30 witherspoon avahi-daemon[940]: Registering new address record for fe80::72e2:84ff:fe14:23e1 on eth0.*.
Aug 07 22:46:30 witherspoon avahi-daemon[940]: Registering new address record for 9.3.86.161 on eth0.IPv4.
Aug 07 22:46:50 witherspoon avahi-daemon[940]: Withdrawing address record for 9.3.86.161 on eth0.
Aug 07 22:46:50 witherspoon avahi-daemon[940]: Host name conflict, retrying with witherspoon-20
Aug 07 22:46:50 witherspoon avahi-daemon[940]: Registering new address record for fe80::72e2:84ff:fe14:23e1 on eth0.*.
Aug 07 22:46:50 witherspoon avahi-daemon[940]: Registering new address record for 9.3.86.161 on eth0.IPv4.
Aug 07 22:47:10 witherspoon avahi-daemon[940]: Withdrawing address record for 9.3.86.161 on eth0.
Aug 07 22:47:10 witherspoon avahi-daemon[940]: Host name conflict, retrying with witherspoon-21
Aug 07 22:47:10 witherspoon avahi-daemon[940]: Registering new address record for fe80::72e2:84ff:fe14:23e1 on eth0.*.
Aug 07 22:47:10 witherspoon avahi-daemon[940]: Registering new address record for 9.3.86.161 on eth0.IPv4.
Aug 07 22:47:30 witherspoon avahi-daemon[940]: Withdrawing address record for 9.3.86.161 on eth0.
Aug 07 22:47:30 witherspoon avahi-daemon[940]: Host name conflict, retrying with witherspoon-22
Aug 07 22:47:30 witherspoon avahi-daemon[940]: Registering new address record for fe80::72e2:84ff:fe14:23e1 on eth0.*.
Aug 07 22:47:30 witherspoon avahi-daemon[940]: Registering new address record for 9.3.86.161 on eth0.IPv4.
Aug 07 22:47:43 witherspoon systemd[1]: Started SSH Per-Connection Server (9.41.165.94:54970).
Aug 07 22:47:43 witherspoon dropbear[1196]: Failed loading /etc/dropbear/dropbear_dss_host_key
Aug 07 22:47:43 witherspoon dropbear[1196]: Failed loading /etc/dropbear/dropbear_ecdsa_host_key
Aug 07 22:47:43 witherspoon dropbear[1196]: Child connection from ::ffff:9.41.165.94:54970
Aug 07 22:47:44 witherspoon dropbear[1196]: PAM password auth succeeded for 'root' from ::ffff:9.41.165.94:54970
Aug 07 22:47:44 witherspoon dropbear[1197]: lastlog_perform_login: Couldn't stat /var/log/lastlog: No such file or directory
Aug 07 22:47:44 witherspoon dropbear[1197]: lastlog_openseek: /var/log/lastlog is not a file or directory!
Aug 07 22:47:46 witherspoon systemd[1]: Started SSH Per-Connection Server (9.41.165.94:54972).
Aug 07 22:47:46 witherspoon dropbear[1206]: Failed loading /etc/dropbear/dropbear_dss_host_key
Aug 07 22:47:46 witherspoon dropbear[1206]: Failed loading /etc/dropbear/dropbear_ecdsa_host_key
Aug 07 22:47:46 witherspoon dropbear[1206]: Child connection from ::ffff:9.41.165.94:54972
Aug 07 22:47:46 witherspoon dropbear[1206]: PAM password auth succeeded for 'root' from ::ffff:9.41.165.94:54972
Aug 07 22:47:46 witherspoon dropbear[1207]: lastlog_perform_login: Couldn't stat /var/log/lastlog: No such file or directory
Aug 07 22:47:46 witherspoon dropbear[1207]: lastlog_openseek: /var/log/lastlog is not a file or directory!
Aug 07 22:47:47 witherspoon systemd[1]: Started SSH Per-Connection Server (9.41.165.94:54974).
Aug 07 22:47:47 witherspoon dropbear[1213]: Failed loading /etc/dropbear/dropbear_dss_host_key
Aug 07 22:47:47 witherspoon dropbear[1213]: Failed loading /etc/dropbear/dropbear_ecdsa_host_key
Aug 07 22:47:47 witherspoon dropbear[1213]: Child connection from ::ffff:9.41.165.94:54974
Aug 07 22:47:47 witherspoon dropbear[1213]: PAM password auth succeeded for 'root' from ::ffff:9.41.165.94:54974
Aug 07 22:47:47 witherspoon dropbear[1214]: lastlog_perform_login: Couldn't stat /var/log/lastlog: No such file or directory
Aug 07 22:47:47 witherspoon dropbear[1214]: lastlog_openseek: /var/log/lastlog is not a file or directory!
Aug 07 22:47:49 witherspoon phosphor-gevent[1171]: ::80a9:6776:8e91:f402%1995615004 - - [2017-08-07 22:47:49] "POST /login HTTP/1.1" 200 320 0.032597
Aug 07 22:47:49 witherspoon phosphor-gevent[1171]: ::80a9:6776:8e91:f402%1995615004 - - [2017-08-07 22:47:49] "POST /login HTTP/1.1" 200 320 0.038880
Aug 07 22:47:49 witherspoon phosphor-gevent[1171]: ::80a9:6776:8e91:f402%1995615004 - - [2017-08-07 22:47:49] "GET /xyz/openbmc_project/state/host0//attr/CurrentHostState HTTP/1.1" 200 212 0.075618
Aug 07 22:47:49 witherspoon systemd[1]: Created slice system-obmc\x2dconsole\x2dssh.slice.
Aug 07 22:47:49 witherspoon systemd[1]: Started Phosphor Host Console SSH Per-Connection (9.41.165.94:50258).
Aug 07 22:47:49 witherspoon dropbear[1220]: Failed loading /etc/dropbear/dropbear_dss_host_key
Aug 07 22:47:49 witherspoon dropbear[1220]: Failed loading /etc/dropbear/dropbear_ecdsa_host_key
Aug 07 22:47:49 witherspoon dropbear[1220]: Child connection from ::ffff:9.41.165.94:50258
Aug 07 22:47:50 witherspoon phosphor-gevent[1171]: ::80a9:6776:8e91:f402%1995615004 - - [2017-08-07 22:47:50] "POST /login HTTP/1.1" 200 320 0.101940
Aug 07 22:47:50 witherspoon avahi-daemon[940]: Withdrawing address record for 9.3.86.161 on eth0.
Aug 07 22:47:50 witherspoon avahi-daemon[940]: Host name conflict, retrying with witherspoon-23
Aug 07 22:47:50 witherspoon avahi-daemon[940]: Registering new address record for fe80::72e2:84ff:fe14:23e1 on eth0.*.
Aug 07 22:47:50 witherspoon avahi-daemon[940]: Registering new address record for 9.3.86.161 on eth0.IPv4.
Aug 07 22:47:50 witherspoon phosphor-host-state-manager[1107]: Host State transaction request
Aug 07 22:47:50 witherspoon dropbear[1220]: PAM password auth succeeded for 'root' from ::ffff:9.41.165.94:50258
Aug 07 22:47:50 witherspoon dropbear[1221]: lastlog_perform_login: Couldn't stat /var/log/lastlog: No such file or directory
Aug 07 22:47:50 witherspoon dropbear[1221]: lastlog_openseek: /var/log/lastlog is not a file or directory!
Aug 07 22:47:50 witherspoon systemd[1]: Stopped target Chassis0 (Reset Check).
Aug 07 22:47:51 witherspoon phosphor-gevent[1171]: ::80a9:6776:8e91:f402%1995615004 - - [2017-08-07 22:47:51] "PUT /xyz/openbmc_project/state/host0//attr/RequestedHostTransition HTTP/1.1" 200 169 1.007225
Aug 07 22:47:50 witherspoon systemd[1]: Created slice system-obmc\x2dled\x2dgroup\x2dstop.slice.
Aug 07 22:47:50 witherspoon systemd[1]: Starting Wait for /org/openbmc/HostIpmi/1...
Aug 07 22:47:50 witherspoon systemd[1]: Created slice system-ir35221\x2doff\x2dunbind.slice.
Aug 07 22:47:50 witherspoon systemd[1]: Reached target Stop Hosti (Pre).
Aug 07 22:47:50 witherspoon systemd[1]: Reached target Hosti (Stopping).
Aug 07 22:47:50 witherspoon systemd[1]: Reached target Hosti (Stopped).
Aug 07 22:47:50 witherspoon systemd[1]: Reached target Poweri Off (Pre).
Aug 07 22:47:51 witherspoon systemd[1]: Starting Wait for /org/openbmc/control/chassis0...
Aug 07 22:47:51 witherspoon systemd[1]: Reached target Poweri Off.
Aug 07 22:47:51 witherspoon systemd[1]: Stopped target Host0 running after reset.
Aug 07 22:47:51 witherspoon systemd[1]: Reached target Stop Host0 (Pre).
Aug 07 22:47:51 witherspoon systemd[1]: Starting Power off mode unbind ir35221 device driver devs...
Aug 07 22:47:51 witherspoon systemd[1]: Starting Wait for /xyz/openbmc_project/led/groups/power_on...
Aug 07 22:47:51 witherspoon systemd[1]: Created slice system-ir35221\x2doff\x2dbind.slice.
Aug 07 22:47:51 witherspoon systemd[1]: Stopped target Host0 (Reset Check).
Aug 07 22:47:51 witherspoon systemd[1]: Created slice system-op\x2dwait\x2dpower\x2doff.slice.
Aug 07 22:47:51 witherspoon systemd[1]: Created slice system-vcs_off_poweroff.slice.
Aug 07 22:47:51 witherspoon systemd[1]: Stopped target Chassis0 power on after reset.
Aug 07 22:47:51 witherspoon systemd[1]: Created slice system-op\x2dpower\x2dstop.slice.
Aug 07 22:47:51 witherspoon systemd[1]: Started Wait for /org/openbmc/HostIpmi/1.
Aug 07 22:47:51 witherspoon systemd[1]: Started Wait for /org/openbmc/control/chassis0.
Aug 07 22:47:51 witherspoon systemd[1]: Starting Soft power off of the host...
Aug 07 22:47:52 witherspoon systemd[1]: Started Power off mode unbind ir35221 device driver devs.
Aug 07 22:47:52 witherspoon systemd[1]: xyz.openbmc_project.Hwmon@ahb-apb-i2c\x401e78a000-i2c\x2dbus\x40140-ir35221\x4070.service: Unit not needed anymore. Stopping.
Aug 07 22:47:52 witherspoon systemd[1]: Stopping Phosphor Hwmon Poller...
Aug 07 22:47:52 witherspoon systemd[1]: Stopped Phosphor Hwmon Poller.
Aug 07 22:47:52 witherspoon systemd[1]: xyz.openbmc_project.Hwmon@ahb-apb-i2c\x401e78a000-i2c\x2dbus\x40140-ir35221\x4071.service: Unit not needed anymore. Stopping.
Aug 07 22:47:52 witherspoon systemd[1]: xyz.openbmc_project.Hwmon@ahb-apb-i2c\x401e78a000-i2c\x2dbus\x40180-ir35221\x4070.service: Unit not needed anymore. Stopping.
Aug 07 22:47:52 witherspoon systemd[1]: xyz.openbmc_project.Hwmon@ahb-apb-i2c\x401e78a000-i2c\x2dbus\x40180-ir35221\x4071.service: Unit not needed anymore. Stopping.
Aug 07 22:47:52 witherspoon systemd[1]: Stopping Phosphor Hwmon Poller...
Aug 07 22:47:52 witherspoon systemd[1]: Stopping Phosphor Hwmon Poller...
Aug 07 22:47:52 witherspoon systemd[1]: Stopping Phosphor Hwmon Poller...
Aug 07 22:47:52 witherspoon systemd[1]: Stopped Phosphor Hwmon Poller.
Aug 07 22:47:52 witherspoon systemd[1]: Stopped Phosphor Hwmon Poller.
Aug 07 22:47:52 witherspoon phosphor-gevent[1171]: ::80a9:6776:8e91:f402%1995615004 - - [2017-08-07 22:47:52] "POST /login HTTP/1.1" 200 320 0.032198
Aug 07 22:47:52 witherspoon systemd[1]: Stopped Phosphor Hwmon Poller.
Aug 07 22:47:53 witherspoon systemd[1]: Started Wait for /xyz/openbmc_project/led/groups/power_on.
Aug 07 22:47:53 witherspoon systemd[1]: Starting Assert power_on LED...
Aug 07 22:47:53 witherspoon ipmid[1121]: Pushing cmd on to queue
Aug 07 22:47:53 witherspoon ipmid[1121]: Asserting SMS Attention
Aug 07 22:47:56 witherspoon phosphor-gevent[1171]: ::80a9:6776:8e91:f402%1995615004 - - [2017-08-07 22:47:56] "GET /xyz/openbmc_project/state/chassis0//attr/CurrentPowerState HTTP/1.1" 200 216 3.922108
Aug 07 22:47:56 witherspoon ipmid[1121]: SMS Attention asserted
Aug 07 22:47:56 witherspoon systemd[1]: Started Assert power_on LED.
Aug 07 22:47:57 witherspoon phosphor-gevent[1171]: ::80a9:6776:8e91:f402%1995615004 - - [2017-08-07 22:47:57] "POST /login HTTP/1.1" 200 320 0.112344
Aug 07 22:47:57 witherspoon phosphor-gevent[1171]: ::80a9:6776:8e91:f402%1995615004 - - [2017-08-07 22:47:57] "GET /xyz/openbmc_project/state/host0//attr/CurrentHostState HTTP/1.1" 200 212 0.225975
Aug 07 22:47:57 witherspoon phosphor-gevent[1171]: ::80a9:6776:8e91:f402%1995615004 - - [2017-08-07 22:47:57] "POST /login HTTP/1.1" 200 320 0.033093
Aug 07 22:47:58 witherspoon phosphor-host-state-manager[1107]: Host State transaction request
Aug 07 22:47:58 witherspoon systemd[1]: Created slice system-obmc\x2denable\x2dhost\x2dwatchdog.slice.
Aug 07 22:47:58 witherspoon systemd[1]: Created slice system-power\x2dworkarounds.slice.
Aug 07 22:47:58 witherspoon systemd[1]: Created slice system-op\x2dwait\x2dpower\x2don.slice.
Aug 07 22:47:58 witherspoon phosphor-gevent[1171]: ::80a9:6776:8e91:f402%1995615004 - - [2017-08-07 22:47:58] "PUT /xyz/openbmc_project/state/host0//attr/RequestedHostTransition HTTP/1.1" 200 169 0.411472
Aug 07 22:47:58 witherspoon systemd[1]: Started Witherspoon Fan Watchdog Daemon.
Aug 07 22:47:58 witherspoon systemd[1]: Created slice system-vcs_off.slice.
Aug 07 22:47:58 witherspoon systemd[1]: Created slice system-vcs_workaround.slice.
Aug 07 22:47:58 witherspoon systemd[1]: Starting Wait for Power0 to turn on...
Aug 07 22:47:58 witherspoon systemd[1]: Created slice system-fsi\x2dscan.slice.
Aug 07 22:47:58 witherspoon systemd[1]: Created slice system-pcie\x2dslot\x2ddetect.slice.
Aug 07 22:47:58 witherspoon systemd[1]: Created slice system-start_host.slice.
Aug 07 22:47:58 witherspoon systemd[1]: Created slice system-ir35221\x2don\x2dunbind.slice.
Aug 07 22:47:58 witherspoon systemd[1]: Starting power on mode unbind ir35221 device driver devs...
Aug 07 22:47:58 witherspoon systemd[1]: Created slice system-op\x2dpower\x2dstart.slice.
Aug 07 22:47:58 witherspoon systemd[1]: Created slice system-phosphor\x2dgpio\x2dmonitor.slice.
Aug 07 22:47:58 witherspoon systemd[1]: Created slice system-avsbus\x2ddisable.slice.
Aug 07 22:47:58 witherspoon systemd[1]: Created slice system-vrm\x2dcontrol.slice.
Aug 07 22:47:58 witherspoon systemd[1]: Created slice system-phosphor\x2dfan\x2dpresence\x2dtach.slice.
Aug 07 22:47:58 witherspoon systemd[1]: Created slice system-ir35221\x2don\x2dbind.slice.
Aug 07 22:47:58 witherspoon systemd[1]: Created slice system-phosphor\x2dwatchdog.slice.
Aug 07 22:47:58 witherspoon systemd[1]: Created slice system-phosphor\x2dfan\x2dcontrol\x2dinit.slice.
Aug 07 22:47:58 witherspoon systemd[1]: Created slice system-avsbus\x2denable.slice.
Aug 07 22:47:58 witherspoon systemd[1]: Starting Assert power_on LED...
Aug 07 22:47:58 witherspoon systemd[1]: Created slice system-cfam_override.slice.
Aug 07 22:47:58 witherspoon systemd[1]: Reached target Powerwitherspoon-fan-watchdog (On).
Aug 07 22:47:58 witherspoon systemd[1]: Started Phosphor GPIO checkstop monitor.
Aug 07 22:47:58 witherspoon systemd[1]: Created slice system-vcs_on.slice.
Aug 07 22:47:58 witherspoon systemd[1]: Created slice system-ucd_disable_vcs.slice.
Aug 07 22:47:58 witherspoon systemd[1]: Starting Disable UCD VCS rails...
Aug 07 22:47:58 witherspoon systemd[1]: Created slice system-mboxd\x2dreload.slice.
Aug 07 22:47:58 witherspoon systemd[1]: Starting Reload mboxd during power on...
Aug 07 22:47:58 witherspoon systemd[1]: Starting Witherspoon Fan Watchdog Reset...
Aug 07 22:47:58 witherspoon systemd[1]: Stopped Assert power_on LED.
Aug 07 22:47:58 witherspoon systemd[1]: Stopped Power off mode unbind ir35221 device driver devs.
Aug 07 22:47:58 witherspoon systemd[1]: Stopped target Stop Host0 (Pre).
Aug 07 22:47:58 witherspoon systemd[1]: Started Phosphor Fan Control Initialization.
Aug 07 22:47:58 witherspoon systemd[1]: Started Phosphor poweron watchdog.
Aug 07 22:48:00 witherspoon mboxctl[1255]: Reset: Success
Aug 07 22:47:58 witherspoon systemd[1]: Created slice system-mapper\x2dsubtree\x2dremove.slice.
Aug 07 22:47:58 witherspoon systemd[1]: Starting mapper subtree-remove /xyz/openbmc_project/software:xyz.openbmc_project.Software.ActivationBlocksTransition...
Aug 07 22:47:58 witherspoon systemd[1]: Starting Wait for /xyz/openbmc_project/watchdog/host0...
Aug 07 22:47:58 witherspoon systemd[1]: Created slice system-fsi\x2dbind.slice.
Aug 07 22:48:00 witherspoon ipmid[1121]: Host control timeout hit!
Aug 07 22:48:00 witherspoon ipmid[1121]: Timer expired
Aug 07 22:48:00 witherspoon systemd[1]: xyz.openbmc_project.Ipmi.Internal.SoftPowerOff.service: Main process exited, code=killed, status=15/TERM
Aug 07 22:48:00 witherspoon systemd[1]: Stopped Soft power off of the host.
Aug 07 22:48:00 witherspoon systemd[1]: xyz.openbmc_project.Ipmi.Internal.SoftPowerOff.service: Unit entered failed state.
Aug 07 22:48:00 witherspoon systemd[1]: xyz.openbmc_project.Ipmi.Internal.SoftPowerOff.service: Failed with result 'signal'.
Aug 07 22:48:00 witherspoon phosphor-gevent[1171]: ::80a9:6776:8e91:f402%1995615004 - - [2017-08-07 22:48:00] "POST /login HTTP/1.1" 200 320 0.930410
Aug 07 22:48:00 witherspoon systemd[1]: Started power on mode unbind ir35221 device driver devs.
Aug 07 22:48:00 witherspoon systemd[1]: Started Reload mboxd during power on.
Aug 07 22:48:00 witherspoon systemd[1]: Started Witherspoon Fan Watchdog Reset.
Aug 07 22:48:00 witherspoon phosphor-host-state-manager[1107]: Received signal that host is off
Aug 07 22:48:00 witherspoon phosphor-host-state-manager[1107]: Change to Host State
Aug 07 22:48:00 witherspoon phosphor-chassis-state-manager[1115]: Received signal that power OFF is complete
Aug 07 22:48:00 witherspoon phosphor-chassis-state-manager[1115]: Change to Chassis Power State
Aug 07 22:48:01 witherspoon kernel: ucd9000 11-0064: Device ID UCD90160|2.3.4.0000|110603
Aug 07 22:48:01 witherspoon kernel[943]: [  503.020000] ucd9000 11-0064: Device ID UCD90160|2.3.4.0000|110603
Aug 07 22:48:01 witherspoon systemd[1]: Started Disable UCD VCS rails.
Aug 07 22:48:01 witherspoon systemd[1]: Starting Perform power workarounds on VRMs...
Aug 07 22:48:02 witherspoon power-workarounds.sh[1290]: /usr/bin/power-workarounds.sh: line 41: 2cset: command not found
Aug 07 22:48:02 witherspoon kernel: ucd9000 11-0064: Device ID UCD90160|2.3.4.0000|110603
Aug 07 22:48:02 witherspoon kernel[943]: [  504.040000] ucd9000 11-0064: Device ID UCD90160|2.3.4.0000|110603
Aug 07 22:48:02 witherspoon systemd[1]: Started Perform power workarounds on VRMs.
Aug 07 22:48:02 witherspoon systemd[1]: Starting Disable the AVS bus on the VRMs...
Aug 07 22:48:03 witherspoon systemd[1]: Started mapper subtree-remove /xyz/openbmc_project/software:xyz.openbmc_project.Software.ActivationBlocksTransition.
Aug 07 22:48:03 witherspoon systemd[1]: Started Disable the AVS bus on the VRMs.
Aug 07 22:48:03 witherspoon systemd[1]: Starting Apply voltage overrides to VRMs...
Aug 07 22:48:03 witherspoon vrm-control.sh[1338]: rail        set        read        current
Aug 07 22:48:03 witherspoon vrm-control.sh[1338]: -------        ------- ------- -------
Aug 07 22:48:04 witherspoon phosphor-gevent[1171]: ::80a9:6776:8e91:f402%1995615004 - - [2017-08-07 22:48:04] "GET /xyz/openbmc_project/state/chassis0//attr/CurrentPowerState HTTP/1.1" 200 216 3.641941
Aug 07 22:48:04 witherspoon vrm-control.sh[1338]: vdna        0.898V        0.004V        0.000A
Aug 07 22:48:04 witherspoon phosphor-ledmanager[951]: Asserting LEDs
Aug 07 22:48:04 witherspoon phosphor-ledmanager[951]: No service providers for physical LED
Aug 07 22:48:04 witherspoon systemd[1]: Started Assert power_on LED.
Aug 07 22:48:05 witherspoon vrm-control.sh[1338]: vdnb        0.898V        0.004V        0.000A
Aug 07 22:48:05 witherspoon systemd[1]: Started Apply voltage overrides to VRMs.
Aug 07 22:48:05 witherspoon systemd[1]: Starting Enable the AVS bus on VRMs...
Aug 07 22:48:05 witherspoon systemd[1]: Started Enable the AVS bus on VRMs.
Aug 07 22:48:05 witherspoon systemd[1]: Starting Disable VCS before Witherspoon power on...
Aug 07 22:48:05 witherspoon systemd[1]: Started Disable VCS before Witherspoon power on.
Aug 07 22:48:05 witherspoon systemd[1]: Reached target Power0 On (Pre).
Aug 07 22:48:05 witherspoon systemd[1]: Starting Start Power0...
Aug 07 22:48:06 witherspoon power_control.exe[1113]: PowerControl: setting power up SOFTWARE_PGOOD to 1
Aug 07 22:48:06 witherspoon power_control.exe[1113]: PowerControl: setting power up BMC_POWER_UP to 1
Aug 07 22:48:06 witherspoon timemanager[1148]:  PGOOD has changed..
