-- Logs begin at Thu 2017-06-29 21:23:41 UTC, end at Thu 2017-06-29 21:32:03 UTC. --
Jun 29 21:23:41 witherspoon kernel: Booting Linux on physical CPU 0x0
Jun 29 21:23:41 witherspoon kernel: Linux version 4.10.17-9e95993e2d6edc68af5ca3f2345789e0f450d0db (jenkins@openbmc-builder1) (gcc version 6.2.0 (GCC) ) #1 Thu Jun 29 21:11:18 UTC 2017
Jun 29 21:23:41 witherspoon kernel: CPU: ARMv6-compatible processor [410fb767] revision 7 (ARMv7), cr=00c5387d
Jun 29 21:23:41 witherspoon kernel: CPU: PIPT / VIPT nonaliasing data cache, VIPT nonaliasing instruction cache
Jun 29 21:23:41 witherspoon kernel: OF: fdt:Machine model: Witherspoon BMC
Jun 29 21:23:41 witherspoon kernel: Memory policy: Data cache writeback
Jun 29 21:23:41 witherspoon kernel: SOC Rev: 04030303
Jun 29 21:23:41 witherspoon kernel: On node 0 totalpages: 110592
Jun 29 21:23:41 witherspoon kernel: free_area_init_node: node 0, pgdat 805f33fc, node_mem_map 9ec1a000
Jun 29 21:23:41 witherspoon kernel:   Normal zone: 992 pages used for memmap
Jun 29 21:23:41 witherspoon kernel:   Normal zone: 0 pages reserved
Jun 29 21:23:41 witherspoon kernel:   Normal zone: 110592 pages, LIFO batch:31
Jun 29 21:23:41 witherspoon kernel: pcpu-alloc: s0 r0 d32768 u32768 alloc=1*32768
Jun 29 21:23:41 witherspoon kernel: pcpu-alloc: [0] 0 
Jun 29 21:23:41 witherspoon kernel: Built 1 zonelists in Zone order, mobility grouping on.  Total pages: 109600
Jun 29 21:23:41 witherspoon kernel: Kernel command line: console=ttyS4,115200n8 root=/dev/ram rw
Jun 29 21:23:41 witherspoon kernel: PID hash table entries: 2048 (order: 1, 8192 bytes)
Jun 29 21:23:41 witherspoon kernel: Dentry cache hash table entries: 65536 (order: 6, 262144 bytes)
Jun 29 21:23:41 witherspoon kernel: Inode-cache hash table entries: 32768 (order: 5, 131072 bytes)
Jun 29 21:23:41 witherspoon kernel: Memory: 430508K/442368K available (4048K kernel code, 280K rwdata, 1168K rodata, 280K init, 111K bss, 11860K reserved, 0K cma-reserved)
Jun 29 21:23:41 witherspoon kernel: Virtual kernel memory layout:
                                        vector  : 0xffff0000 - 0xffff1000   (   4 kB)
                                        fixmap  : 0xffc00000 - 0xfff00000   (3072 kB)
                                        vmalloc : 0x9f800000 - 0xff800000   (1536 MB)
                                        lowmem  : 0x80000000 - 0x9f000000   ( 496 MB)
                                          .text : 0x80008000 - 0x803fc350   (4049 kB)
                                          .init : 0x8057a000 - 0x805c0000   ( 280 kB)
                                          .data : 0x805c0000 - 0x806061a8   ( 281 kB)
                                           .bss : 0x806061a8 - 0x80622058   ( 112 kB)
Jun 29 21:23:41 witherspoon kernel: NR_IRQS:16 nr_irqs:16 16
Jun 29 21:23:41 witherspoon kernel: i2c controller registered, irq 16
Jun 29 21:23:41 witherspoon kernel: clocksource: moxart_timer: mask: 0xffffffff max_cycles: 0xffffffff, max_idle_ns: 77222644334 ns
Jun 29 21:23:41 witherspoon kernel: sched_clock: 32 bits at 100 Hz, resolution 10000000ns, wraps every 21474836475000000ns
Jun 29 21:23:41 witherspoon kernel: Calibrating delay loop... 789.70 BogoMIPS (lpj=3948544)
Jun 29 21:23:41 witherspoon kernel: pid_max: default: 32768 minimum: 301
Jun 29 21:23:41 witherspoon kernel: Mount-cache hash table entries: 1024 (order: 0, 4096 bytes)
Jun 29 21:23:41 witherspoon kernel: Mountpoint-cache hash table entries: 1024 (order: 0, 4096 bytes)
Jun 29 21:23:41 witherspoon kernel: CPU: Testing write buffer coherency: ok
Jun 29 21:23:41 witherspoon kernel: ftrace: allocating 14866 entries in 44 pages
Jun 29 21:23:41 witherspoon kernel: Setting up static identity map for 0x80008200 - 0x8000825c
Jun 29 21:23:41 witherspoon kernel: devtmpfs: initialized
Jun 29 21:23:41 witherspoon kernel: clocksource: jiffies: mask: 0xffffffff max_cycles: 0xffffffff, max_idle_ns: 19112604462750000 ns
Jun 29 21:23:41 witherspoon kernel: futex hash table entries: 256 (order: -1, 3072 bytes)
Jun 29 21:23:41 witherspoon kernel: pinctrl core: initialized pinctrl subsystem
Jun 29 21:23:41 witherspoon kernel: NET: Registered protocol family 16
Jun 29 21:23:41 witherspoon kernel: DMA: preallocated 256 KiB pool for atomic coherent allocations
Jun 29 21:23:41 witherspoon kernel: usbcore: registered new interface driver usbfs
Jun 29 21:23:41 witherspoon kernel: usbcore: registered new interface driver hub
Jun 29 21:23:41 witherspoon kernel: usbcore: registered new device driver usb
Jun 29 21:23:41 witherspoon kernel: clocksource: Switched to clocksource moxart_timer
Jun 29 21:23:41 witherspoon kernel: NET: Registered protocol family 2
Jun 29 21:23:41 witherspoon kernel: TCP established hash table entries: 4096 (order: 2, 16384 bytes)
Jun 29 21:23:41 witherspoon kernel: TCP bind hash table entries: 4096 (order: 2, 16384 bytes)
Jun 29 21:23:41 witherspoon kernel: TCP: Hash tables configured (established 4096 bind 4096)
Jun 29 21:23:41 witherspoon kernel: UDP hash table entries: 256 (order: 0, 4096 bytes)
Jun 29 21:23:41 witherspoon kernel: UDP-Lite hash table entries: 256 (order: 0, 4096 bytes)
Jun 29 21:23:41 witherspoon kernel: NET: Registered protocol family 1
Jun 29 21:23:41 witherspoon kernel: Trying to unpack rootfs image as initramfs...
Jun 29 21:23:41 witherspoon kernel: Freeing initrd memory: 1548K
Jun 29 21:23:41 witherspoon kernel: workingset: timestamp_bits=30 max_order=17 bucket_order=0
Jun 29 21:23:41 witherspoon kernel: squashfs: version 4.0 (2009/01/31) Phillip Lougher
Jun 29 21:23:41 witherspoon kernel: jffs2: version 2.2. (SUMMARY)  © 2001-2006 Red Hat, Inc.
Jun 29 21:23:41 witherspoon kernel: Block layer SCSI generic (bsg) driver version 0.4 loaded (major 250)
Jun 29 21:23:41 witherspoon kernel: io scheduler noop registered
Jun 29 21:23:41 witherspoon kernel: io scheduler deadline registered
Jun 29 21:23:41 witherspoon kernel: io scheduler cfq registered (default)
Jun 29 21:23:41 witherspoon kernel: ipmi-bt-host 1e789140.ibt: Found bt bmc device
Jun 29 21:23:41 witherspoon kernel: ipmi-bt-host 1e789140.ibt: Using IRQ 22
Jun 29 21:23:41 witherspoon kernel: Serial: 8250/16550 driver, 6 ports, IRQ sharing enabled
Jun 29 21:23:41 witherspoon kernel: 1e783000.serial: ttyS0 at MMIO 0x1e783000 (irq = 23, base_baud = 1500000) is a 16550A
Jun 29 21:23:41 witherspoon kernel: 1e78d000.serial: ttyS1 at MMIO 0x1e78d000 (irq = 24, base_baud = 1500000) is a 16550A
Jun 29 21:23:41 witherspoon kernel: 1e784000.serial: ttyS4 at MMIO 0x1e784000 (irq = 25, base_baud = 1500000) is a 16550A
Jun 29 21:23:41 witherspoon kernel: console [ttyS4] enabled
Jun 29 21:23:41 witherspoon kernel: 1e787000.vuart: ttyS2 at MMIO 0x1e787000 (irq = 22, base_baud = 1500000) is a 16550A
Jun 29 21:23:41 witherspoon kernel: timeriomem_rng 1e6e2078.hwrng: 32bits from 0xf00e2078 @ 1us
Jun 29 21:23:41 witherspoon kernel: brd: module loaded
Jun 29 21:23:41 witherspoon kernel: loop: module loaded
Jun 29 21:23:41 witherspoon kernel: aspeed-lpc-ctrl 1e789080.lpc-ctrl: Loaded at 0x98000000 (0x04000000)
Jun 29 21:23:41 witherspoon kernel: aspeed-smc 1e620000.flash-controller: Using IRQ 18
Jun 29 21:23:41 witherspoon kernel: aspeed-smc 1e620000.flash-controller: DMA support disabled.
Jun 29 21:23:41 witherspoon kernel: aspeed-smc 1e620000.flash-controller: mx25l25635e (32768 Kbytes)
Jun 29 21:23:41 witherspoon kernel: aspeed-smc 1e620000.flash-controller: CE0 window [ 0x20000000 - 0x22000000 ] 32MB
Jun 29 21:23:41 witherspoon kernel: aspeed-smc 1e620000.flash-controller: CE1 window [ 0x22000000 - 0x2a000000 ] 128MB
Jun 29 21:23:41 witherspoon kernel: 5 ofpart partitions found on MTD device bmc
Jun 29 21:23:41 witherspoon kernel: Creating 5 MTD partitions on "bmc":
Jun 29 21:23:41 witherspoon kernel: 0x000000000000-0x000000060000 : "u-boot"
Jun 29 21:23:41 witherspoon kernel: 0x000000060000-0x000000080000 : "u-boot-env"
Jun 29 21:23:41 witherspoon kernel: 0x000000080000-0x0000004c0000 : "kernel"
Jun 29 21:23:41 witherspoon kernel: 0x0000004c0000-0x000001c00000 : "rofs"
Jun 29 21:23:41 witherspoon kernel: 0x000001c00000-0x000002000000 : "rwfs"
Jun 29 21:23:41 witherspoon kernel: aspeed-smc 1e620000.flash-controller: mx25l25635e (32768 Kbytes)
Jun 29 21:23:41 witherspoon kernel: aspeed-smc 1e620000.flash-controller: CE1 window [ 0x22000000 - 0x24000000 ] 32MB
Jun 29 21:23:41 witherspoon kernel: aspeed-smc 1e620000.flash-controller: CE2 window [ 0x24000000 - 0x2c000000 ] 128MB
Jun 29 21:23:41 witherspoon kernel: aspeed-smc 1e630000.flash-controller: mx66l1g45g (131072 Kbytes)
Jun 29 21:23:41 witherspoon kernel: aspeed-smc 1e630000.flash-controller: CE0 window resized to 120MB (AST2500 HW quirk)
Jun 29 21:23:41 witherspoon kernel: aspeed-smc 1e630000.flash-controller: CE0 window [ 0x30000000 - 0x37800000 ] 120MB
Jun 29 21:23:41 witherspoon kernel: aspeed-smc 1e630000.flash-controller: CE0 window too small for chip 128MB
Jun 29 21:23:41 witherspoon kernel: aspeed-smc 1e630000.flash-controller: CE1 window [ 0x37800000 - 0x38000000 ] 8MB
Jun 29 21:23:41 witherspoon kernel: libphy: Fixed MDIO Bus: probed
Jun 29 21:23:41 witherspoon kernel: ftgmac100 1e660000.ethernet: Read MAC address 70:e2:84:14:28:a9 from chip
Jun 29 21:23:41 witherspoon kernel: ftgmac100 1e660000.ethernet: Using NCSI interface
Jun 29 21:23:41 witherspoon kernel: ftgmac100 1e660000.ethernet eth0: irq 20, mapped at f0060000
Jun 29 21:23:41 witherspoon kernel: ehci_hcd: USB 2.0 'Enhanced' Host Controller (EHCI) Driver
Jun 29 21:23:41 witherspoon kernel: ehci-platform: EHCI generic platform driver
Jun 29 21:23:41 witherspoon kernel:  fsi0: can't read slave 00:00 -5
Jun 29 21:23:41 witherspoon kernel: i2c /dev entries driver
Jun 29 21:23:41 witherspoon kernel: aspeed-i2c-bus 1e78a0c0.i2c-bus: i2c bus 2 registered, irq 26
Jun 29 21:23:41 witherspoon kernel: aspeed-i2c-bus 1e78a100.i2c-bus: i2c bus 3 registered, irq 27
Jun 29 21:23:41 witherspoon kernel: aspeed-i2c-bus 1e78a140.i2c-bus: i2c bus 4 registered, irq 28
Jun 29 21:23:41 witherspoon kernel: aspeed-i2c-bus 1e78a180.i2c-bus: i2c bus 5 registered, irq 29
Jun 29 21:23:41 witherspoon kernel: aspeed-i2c-bus 1e78a380.i2c-bus: i2c bus 9 registered, irq 30
Jun 29 21:23:41 witherspoon kernel: aspeed-i2c-bus 1e78a3c0.i2c-bus: i2c bus 10 registered, irq 31
Jun 29 21:23:41 witherspoon kernel: rtc-rv8803 11-0032: Voltage low, temperature compensation stopped.
Jun 29 21:23:41 witherspoon kernel: rtc-rv8803 11-0032: rtc core: registered rx8900 as rtc0
Jun 29 21:23:41 witherspoon kernel: at24 11-0051: 8192 byte 24c64 EEPROM, writable, 1 bytes/write
Jun 29 21:23:41 witherspoon kernel: aspeed-i2c-bus 1e78a400.i2c-bus: i2c bus 11 registered, irq 32
Jun 29 21:23:41 witherspoon kernel: aspeed-i2c-bus 1e78a440.i2c-bus: i2c bus 12 registered, irq 33
Jun 29 21:23:41 witherspoon kernel: aspeed-i2c-bus 1e78a480.i2c-bus: i2c bus 13 registered, irq 34
Jun 29 21:23:41 witherspoon kernel: Driver for 1-wire Dallas network protocol.
Jun 29 21:23:41 witherspoon kernel: lm75 9-004a: hwmon0: sensor 'tmp275'
Jun 29 21:23:41 witherspoon kernel: random: fast init done
Jun 29 21:23:41 witherspoon kernel: ucd9000 11-0064: Device ID UCD90160|2.3.4.0000|110603
Jun 29 21:23:41 witherspoon kernel: leds-pca955x 11-0060: leds-pca955x: Using pca9552 16-bit LED driver at slave address 0x60
Jun 29 21:23:41 witherspoon kernel: leds-pca955x 11-0060: gpios 264...279
Jun 29 21:23:41 witherspoon kernel: usbcore: registered new interface driver usbhid
Jun 29 21:23:41 witherspoon kernel: usbhid: USB HID core driver
Jun 29 21:23:41 witherspoon kernel: bmp280: probe of 3-0077 failed with error -5
Jun 29 21:23:41 witherspoon kernel: dps310 3-0076: iio:device1: sensor 'dps310'
Jun 29 21:23:41 witherspoon kernel: NET: Registered protocol family 10
Jun 29 21:23:41 witherspoon kernel: Segment Routing with IPv6
Jun 29 21:23:41 witherspoon kernel: NET: Registered protocol family 17
Jun 29 21:23:41 witherspoon kernel: console [netcon0] enabled
Jun 29 21:23:41 witherspoon kernel: netconsole: network logging started
Jun 29 21:23:41 witherspoon kernel: input: gpio-keys as /devices/platform/gpio-keys/input/input0
Jun 29 21:23:41 witherspoon kernel: rtc-rv8803 11-0032: setting system clock to 2017-06-29 21:23:30 UTC (1498771410)
Jun 29 21:23:41 witherspoon kernel: Freeing unused kernel memory: 280K
Jun 29 21:23:41 witherspoon kernel: This architecture does not have kernel memory protection.
Jun 29 21:23:41 witherspoon kernel: jffs2: notice: (513) jffs2_build_xattr_subsystem: complete building xattr subsystem, 0 of xdatum (0 unchecked, 0 orphan) and 0 of xref (0 dead, 0 orphan) found.
Jun 29 21:23:41 witherspoon systemd[1]: Failed to insert module 'autofs4': No such file or directory
Jun 29 21:23:41 witherspoon systemd[1]: systemd 232 running in system mode. (+PAM -AUDIT -SELINUX -IMA -APPARMOR -SMACK +SYSVINIT -UTMP -LIBCRYPTSETUP -GCRYPT -GNUTLS +ACL +XZ -LZ4 -SECCOMP +BLKID -ELFUTILS +KMOD -IDN)
Jun 29 21:23:41 witherspoon systemd[1]: Detected architecture arm.
Jun 29 21:23:41 witherspoon systemd[1]: Set hostname to <witherspoon>.
Jun 29 21:23:41 witherspoon systemd[1]: Listening on Network Service Netlink Socket.
Jun 29 21:23:41 witherspoon systemd[1]: Started Dispatch Password Requests to Console Directory Watch.
Jun 29 21:23:41 witherspoon systemd[1]: Listening on udev Control Socket.
Jun 29 21:23:41 witherspoon systemd[1]: Listening on Journal Socket (/dev/log).
Jun 29 21:23:41 witherspoon systemd[1]: Listening on /dev/initctl Compatibility Named Pipe.
Jun 29 21:23:41 witherspoon systemd[1]: Started Forward Password Requests to Wall Directory Watch.
Jun 29 21:23:41 witherspoon systemd[1]: Reached target Swap.
Jun 29 21:23:41 witherspoon systemd[1]: Starting udev Coldplug all Devices...
Jun 29 21:23:41 witherspoon systemd[1]: Created slice system-phosphor\x2dreset\x2dhost\x2dcheck.slice.
Jun 29 21:23:41 witherspoon systemd[1]: Created slice system-org.openbmc.control.Chassis.slice.
Jun 29 21:23:41 witherspoon systemd[1]: dev-hugepages.mount: Couldn't determine result for ConditionVirtualization=!private-users, assuming failed: No such file or directory
Jun 29 21:23:41 witherspoon systemd[1]: Created slice system-op\x2dreset\x2dchassis\x2don.slice.
Jun 29 21:23:41 witherspoon systemd[1]: Created slice system-mapper\x2dwait.slice.
Jun 29 21:23:41 witherspoon systemd[1]: Starting Journal Service...
Jun 29 21:23:41 witherspoon systemd[1]: Created slice system-org.openbmc.control.Power.slice.
Jun 29 21:23:41 witherspoon systemd[1]: Created slice system-op\x2dreset\x2dchassis\x2drunning.slice.
Jun 29 21:23:41 witherspoon systemd-journald[633]: Journal started
Jun 29 21:23:41 witherspoon systemd-journald[633]: Runtime journal (/run/log/journal/12c6a00ebfdd479284cf09f39d1bc042) is 0B, max 0B, 0B free.
Jun 29 21:23:41 witherspoon systemd[1]: Created slice system-obmc\x2dled\x2dgroup\x2dstart.slice.
Jun 29 21:23:42 witherspoon systemd-sysctl[636]: Couldn't write '16' to 'kernel/sysrq', ignoring: No such file or directory
Jun 29 21:23:42 witherspoon systemd-sysctl[636]: Couldn't write 'fq_codel' to 'net/core/default_qdisc', ignoring: No such file or directory
Jun 29 21:23:42 witherspoon systemd[1]: Started Remount Root and Kernel File Systems.
Jun 29 21:23:42 witherspoon systemd[1]: Started Apply Kernel Variables.
Jun 29 21:23:43 witherspoon systemd[1]: Starting Create System Users...
Jun 29 21:23:43 witherspoon systemd[1]: Starting Flush Journal to Persistent Storage...
Jun 29 21:23:43 witherspoon systemd[1]: Started udev Coldplug all Devices.
Jun 29 21:23:43 witherspoon systemd-journald[633]: Runtime journal (/run/log/journal/12c6a00ebfdd479284cf09f39d1bc042) is 0B, max 0B, 0B free.
Jun 29 21:23:43 witherspoon systemd[1]: Started Flush Journal to Persistent Storage.
Jun 29 21:23:43 witherspoon systemd[1]: Started Create System Users.
Jun 29 21:23:43 witherspoon systemd[1]: Starting Create Static Device Nodes in /dev...
Jun 29 21:23:44 witherspoon systemd[1]: Started Create Static Device Nodes in /dev.
Jun 29 21:23:44 witherspoon systemd[1]: Reached target Local File Systems (Pre).
Jun 29 21:23:44 witherspoon systemd[1]: Mounting /var/volatile...
Jun 29 21:23:44 witherspoon systemd[1]: Starting udev Kernel Device Manager...
Jun 29 21:23:44 witherspoon systemd[1]: Mounted /var/volatile.
Jun 29 21:23:44 witherspoon systemd[1]: Reached target Local File Systems.
Jun 29 21:23:44 witherspoon systemd[1]: Starting Rebuild Journal Catalog...
Jun 29 21:23:44 witherspoon systemd[1]: Starting Create Volatile Files and Directories...
Jun 29 21:23:44 witherspoon systemd[1]: Starting Load/Save Random Seed...
Jun 29 21:23:45 witherspoon systemd[1]: Started Load/Save Random Seed.
Jun 29 21:23:45 witherspoon systemd[1]: Started Rebuild Journal Catalog.
Jun 29 21:23:45 witherspoon systemd[1]: Starting Update is Completed...
Jun 29 21:23:45 witherspoon systemd[1]: Started Update is Completed.
Jun 29 21:23:45 witherspoon systemd-tmpfiles[873]: "/var/tmp" already exists and is not a directory.
Jun 29 21:23:45 witherspoon systemd-tmpfiles[873]: "/var/log" already exists and is not a directory.
Jun 29 21:23:45 witherspoon systemd[1]: Started Create Volatile Files and Directories.
Jun 29 21:23:45 witherspoon systemd[1]: Started udev Kernel Device Manager.
Jun 29 21:23:45 witherspoon systemd[1]: Starting Run pending postinsts...
Jun 29 21:23:45 witherspoon systemd[1]: Starting Network Time Synchronization...
Jun 29 21:23:46 witherspoon systemd[1]: Found device /dev/aspeed-lpc-ctrl.
Jun 29 21:23:47 witherspoon run-postinsts[890]: Running postinst /etc/rpm-postinsts/libglib-2.0-0...
Jun 29 21:23:47 witherspoon systemd[1]: Started Network Time Synchronization.
Jun 29 21:23:47 witherspoon systemd[1]: Found device /dev/aspeed-mbox.
Jun 29 21:23:47 witherspoon systemd[1]: Found device /dev/ttyS4.
Jun 29 21:23:47 witherspoon systemd[1]: Found device /dev/ttyVUART0.
Jun 29 21:23:49 witherspoon systemd[1]: Created slice system-xyz.openbmc_project.led.controller.slice.
Jun 29 21:23:49 witherspoon systemd[1]: dev-hugepages.mount: Couldn't determine result for ConditionVirtualization=!private-users, assuming failed: No such file or directory
Jun 29 21:23:49 witherspoon systemd[1]: Created slice system-xyz.openbmc_project.Hwmon.slice.
Jun 29 21:23:49 witherspoon systemd[1]: Reached target System Time Synchronized.
Jun 29 21:23:49 witherspoon run-postinsts[890]: rm: can't remove '/etc/rpm-postinsts': Invalid argument
Jun 29 21:23:49 witherspoon run-postinsts[890]:  Removing any system startup links for run-postinsts ...
Jun 29 21:23:49 witherspoon systemctl[910]: Removed /etc/systemd/system/sysinit.target.wants/run-postinsts.service.
Jun 29 21:23:49 witherspoon systemd[1]: Reloading.
Jun 29 21:23:52 witherspoon systemd[1]: Started Run pending postinsts.
Jun 29 21:23:52 witherspoon systemd[1]: Reached target System Initialization.
Jun 29 21:23:52 witherspoon systemd[1]: Listening on dropbear.socket.
Jun 29 21:23:52 witherspoon systemd[1]: Listening on Phosphor Host Console SSH Per-Connection socket.
Jun 29 21:23:52 witherspoon systemd[1]: Listening on D-Bus System Message Bus Socket.
Jun 29 21:23:52 witherspoon systemd[1]: Listening on Phosphor DBUS Browser socket.
Jun 29 21:23:52 witherspoon systemd[1]: Listening on Phosphor Webserver socket.
Jun 29 21:23:52 witherspoon systemd[1]: Listening on Avahi mDNS/DNS-SD Stack Activation Socket.
Jun 29 21:23:52 witherspoon systemd[1]: Listening on phosphor-ipmi-net.socket.
Jun 29 21:23:53 witherspoon systemd[1]: Reached target Sockets.
Jun 29 21:23:53 witherspoon systemd[1]: Reached target Basic System.
Jun 29 21:23:53 witherspoon systemd[1]: Starting Phosphor Network Manager...
Jun 29 21:23:53 witherspoon systemd[1]: Started Phosphor Hwmon Poller.
Jun 29 21:23:53 witherspoon systemd[1]: Starting Phosphor Dump Manager...
Jun 29 21:23:53 witherspoon systemd[1]: Started D-Bus System Message Bus.
Jun 29 21:23:55 witherspoon systemd[1]: Started Phosphor Dump Manager.
Jun 29 21:23:55 witherspoon systemd[1]: Started Kernel Logging Service.
Jun 29 21:23:55 witherspoon systemd[1]: Started Phosphor sysfs LED controller.
Jun 29 21:23:55 witherspoon systemd[1]: Starting Phosphor Log Manager...
Jun 29 21:23:56 witherspoon systemd[1]: Starting Phosphor Chassis0 Control...
Jun 29 21:23:56 witherspoon systemd[1]: Started Phosphor MBOX Daemon.
Jun 29 21:23:56 witherspoon systemd[1]: Started Phosphor Hwmon Poller.
Jun 29 21:23:56 witherspoon systemd[1]: Started Hardware RNG Entropy Gatherer Daemon.
Jun 29 21:23:56 witherspoon systemd[1]: Started Phosphor Hwmon Poller.
Jun 29 21:23:56 witherspoon systemd[1]: Reached target Containers.
Jun 29 21:23:56 witherspoon systemd[1]: Starting Phosphor Download Manager...
Jun 29 21:23:56 witherspoon systemd[1]: Started Phosphor Hwmon Poller.
Jun 29 21:23:56 witherspoon phosphor-hwmon-readd[933]: Usage: /usr/sbin/phosphor-hwmon-readd [options]
Jun 29 21:23:56 witherspoon phosphor-hwmon-readd[933]: Options:
Jun 29 21:23:56 witherspoon phosphor-hwmon-readd[933]:     --help               print this menu
Jun 29 21:23:56 witherspoon phosphor-hwmon-readd[933]:     --path=<path>        sysfs location to monitor
Jun 29 21:23:56 witherspoon phosphor-hwmon-readd[933]:     --of-name=<path>     open firmware device name to monitor
Jun 29 21:23:56 witherspoon phosphor-hwmon-readd[933]: ERROR: Path not specified or invalid.
Jun 29 21:23:56 witherspoon systemd[1]: Starting Phosphor LED Group Management Daemon...
Jun 29 21:23:56 witherspoon systemd[1]: Starting Avahi mDNS/DNS-SD Stack...
Jun 29 21:23:56 witherspoon systemd[1]: Started Phosphor Hwmon Poller.
Jun 29 21:23:56 witherspoon systemd[1]: Starting Phosphor IPMI BT DBus Bridge...
Jun 29 21:23:56 witherspoon systemd[1]: Starting OpenPower Software Update Manager...
Jun 29 21:23:57 witherspoon systemd[1]: Starting Clear one time boot overrides...
Jun 29 21:23:57 witherspoon systemd[1]: Started Phosphor Console Muxer listening on device /dev/ttyVUART0.
Jun 29 21:23:57 witherspoon systemd[1]: Started Phosphor sysfs LED controller.
Jun 29 21:23:57 witherspoon systemd[1]: Starting Phosphor BMC0 Control...
Jun 29 21:23:57 witherspoon systemd[1]: Started Phosphor Hwmon Poller.
Jun 29 21:23:57 witherspoon systemd[1]: Starting Phosphor DBus Service Discovery Manager...
Jun 29 21:23:57 witherspoon systemd[1]: Starting Phosphor User Manager...
Jun 29 21:23:57 witherspoon systemd[1]: Started Daily Cleanup of Temporary Directories.
Jun 29 21:23:58 witherspoon systemd[1]: Reached target Timers.
Jun 29 21:23:58 witherspoon systemd[1]: Started Phosphor Dump core monitor..
Jun 29 21:23:58 witherspoon systemd[1]: Starting Phosphor Inventory Manager...
Jun 29 21:23:58 witherspoon systemd[1]: Started Phosphor Hwmon Poller.
Jun 29 21:23:58 witherspoon systemd[1]: Started Phosphor Hwmon Poller.
Jun 29 21:23:58 witherspoon systemd[1]: Starting Phosphor Download Manager...
Jun 29 21:23:58 witherspoon systemd[1]: Starting Phosphor Sensor Manager...
Jun 29 21:23:58 witherspoon systemd[1]: Started System Logging Service.
Jun 29 21:23:58 witherspoon systemd[1]: Started Phosphor sysfs LED controller.
Jun 29 21:23:58 witherspoon systemd[1]: Starting Network Service...
Jun 29 21:23:58 witherspoon systemd[1]: Starting OpenBMC Software Update Manager...
Jun 29 21:23:58 witherspoon systemd[1]: Starting Phosphor Inventory Manager...
Jun 29 21:23:59 witherspoon kernel: random: crng init done
Jun 29 21:23:59 witherspoon systemd[1]: xyz.openbmc_project.Hwmon@ahb-apb-i2c\x401e78a000-i2c\x2dbus\x40100-dps310\x4076.service: Main process exited, code=exited, status=255/n/a
Jun 29 21:23:59 witherspoon systemd[1]: xyz.openbmc_project.Hwmon@ahb-apb-i2c\x401e78a000-i2c\x2dbus\x40100-dps310\x4076.service: Unit entered failed state.
Jun 29 21:23:59 witherspoon systemd[1]: xyz.openbmc_project.Hwmon@ahb-apb-i2c\x401e78a000-i2c\x2dbus\x40100-dps310\x4076.service: Failed with result 'exit-code'.
Jun 29 21:23:59 witherspoon systemd[1]: Started Clear one time boot overrides.
Jun 29 21:23:59 witherspoon systemd[1]: xyz.openbmc_project.Hwmon@ahb-apb-i2c\x401e78a000-i2c\x2dbus\x40100-dps310\x4076.service: Service hold-off time over, scheduling restart.
Jun 29 21:23:59 witherspoon systemd[1]: Stopped Phosphor Hwmon Poller.
Jun 29 21:23:59 witherspoon systemd[1]: Started Phosphor Hwmon Poller.
Jun 29 21:23:59 witherspoon kernel[926]: klogd started: BusyBox v1.24.1 (2017-06-16 19:29:08 UTC)
Jun 29 21:23:59 witherspoon kernel[926]: [    0.000000] Booting Linux on physical CPU 0x0
Jun 29 21:23:59 witherspoon kernel[926]: [    0.000000] Linux version 4.10.17-9e95993e2d6edc68af5ca3f2345789e0f450d0db (jenkins@openbmc-builder1) (gcc version 6.2.0 (GCC) ) #1 Thu Jun 29 21:11:18 UTC 2017
Jun 29 21:23:59 witherspoon kernel[926]: [    0.000000] CPU: ARMv6-compatible processor [410fb767] revision 7 (ARMv7), cr=00c5387d
Jun 29 21:23:59 witherspoon kernel[926]: [    0.000000] CPU: PIPT / VIPT nonaliasing data cache, VIPT nonaliasing instruction cache
Jun 29 21:23:59 witherspoon kernel[926]: [    0.000000] OF: fdt:Machine model: Witherspoon BMC
Jun 29 21:24:00 witherspoon kernel[926]: [    0.000000] Memory policy: Data cache writeback
Jun 29 21:24:00 witherspoon kernel[926]: [    0.000000] SOC Rev: 04030303
Jun 29 21:24:00 witherspoon kernel[926]: [    0.000000] On node 0 totalpages: 110592
Jun 29 21:24:00 witherspoon kernel[926]: [    0.000000] free_area_init_node: node 0, pgdat 805f33fc, node_mem_map 9ec1a000
Jun 29 21:24:00 witherspoon kernel[926]: [    0.000000]   Normal zone: 992 pages used for memmap
Jun 29 21:24:00 witherspoon kernel[926]: [    0.000000]   Normal zone: 0 pages reserved
Jun 29 21:24:00 witherspoon kernel[926]: [    0.000000]   Normal zone: 110592 pages, LIFO batch:31
Jun 29 21:24:00 witherspoon kernel[926]: [    0.000000] pcpu-alloc: s0 r0 d32768 u32768 alloc=1*32768
Jun 29 21:24:00 witherspoon kernel[926]: [    0.000000] pcpu-alloc: [0] 0
Jun 29 21:24:00 witherspoon kernel[926]: [    0.000000] Built 1 zonelists in Zone order, mobility grouping on.  Total pages: 109600
Jun 29 21:24:00 witherspoon kernel[926]: [    0.000000] Kernel command line: console=ttyS4,115200n8 root=/dev/ram rw
Jun 29 21:24:00 witherspoon systemd[1]: Started Phosphor LED Group Management Daemon.
Jun 29 21:24:00 witherspoon kernel[926]: [    0.000000] PID hash table entries: 2048 (order: 1, 8192 bytes)
Jun 29 21:24:01 witherspoon phosphor-hwmon-readd[961]: Usage: /usr/sbin/phosphor-hwmon-readd [options]
Jun 29 21:24:01 witherspoon phosphor-hwmon-readd[961]: Options:
Jun 29 21:24:01 witherspoon phosphor-hwmon-readd[961]:     --help               print this menu
Jun 29 21:24:01 witherspoon phosphor-hwmon-readd[961]:     --path=<path>        sysfs location to monitor
Jun 29 21:24:01 witherspoon phosphor-hwmon-readd[961]:     --of-name=<path>     open firmware device name to monitor
Jun 29 21:24:01 witherspoon phosphor-hwmon-readd[961]: ERROR: Path not specified or invalid.
Jun 29 21:24:00 witherspoon systemd[1]: xyz.openbmc_project.Hwmon@ahb-apb-i2c\x401e78a000-i2c\x2dbus\x40100-dps310\x4076.service: Main process exited, code=exited, status=255/n/a
Jun 29 21:24:03 witherspoon phosphor-hwmon-readd[964]: Usage: /usr/sbin/phosphor-hwmon-readd [options]
Jun 29 21:24:03 witherspoon phosphor-hwmon-readd[964]: Options:
Jun 29 21:24:03 witherspoon phosphor-hwmon-readd[964]:     --help               print this menu
Jun 29 21:24:03 witherspoon phosphor-hwmon-readd[964]:     --path=<path>        sysfs location to monitor
Jun 29 21:24:03 witherspoon phosphor-hwmon-readd[964]:     --of-name=<path>     open firmware device name to monitor
Jun 29 21:24:03 witherspoon phosphor-hwmon-readd[964]: ERROR: Path not specified or invalid.
Jun 29 21:24:00 witherspoon kernel[926]: [    0.000000] Dentry cache hash table entries: 65536 (order: 6, 262144 bytes)
Jun 29 21:24:00 witherspoon systemd[1]: xyz.openbmc_project.Hwmon@ahb-apb-i2c\x401e78a000-i2c\x2dbus\x40100-dps310\x4076.service: Unit entered failed state.
Jun 29 21:24:00 witherspoon kernel[926]: [    0.000000] Inode-cache hash table entries: 32768 (order: 5, 131072 bytes)
Jun 29 21:24:03 witherspoon phosphor-hwmon-readd[966]: Usage: /usr/sbin/phosphor-hwmon-readd [options]
Jun 29 21:24:03 witherspoon phosphor-hwmon-readd[966]: Options:
Jun 29 21:24:03 witherspoon phosphor-hwmon-readd[966]:     --help               print this menu
Jun 29 21:24:03 witherspoon phosphor-hwmon-readd[966]:     --path=<path>        sysfs location to monitor
Jun 29 21:24:03 witherspoon phosphor-hwmon-readd[966]:     --of-name=<path>     open firmware device name to monitor
Jun 29 21:24:03 witherspoon phosphor-hwmon-readd[966]: ERROR: Path not specified or invalid.
Jun 29 21:24:00 witherspoon systemd[1]: xyz.openbmc_project.Hwmon@ahb-apb-i2c\x401e78a000-i2c\x2dbus\x40100-dps310\x4076.service: Failed with result 'exit-code'.
Jun 29 21:24:00 witherspoon kernel[926]: [    0.000000] Memory: 430508K/442368K available (4048K kernel code, 280K rwdata, 1168K rodata, 280K init, 111K bss, 11860K reserved, 0K cma-reserved)
Jun 29 21:24:00 witherspoon systemd[1]: xyz.openbmc_project.Hwmon@ahb-apb-i2c\x401e78a000-i2c\x2dbus\x40100-dps310\x4076.service: Service hold-off time over, scheduling restart.
Jun 29 21:24:00 witherspoon kernel[926]: [    0.000000] Virtual kernel memory layout:
Jun 29 21:24:00 witherspoon systemd[1]: Stopped Phosphor Hwmon Poller.
Jun 29 21:24:00 witherspoon kernel[926]: [    0.000000]     vector  : 0xffff0000 - 0xffff1000   (   4 kB)
Jun 29 21:24:00 witherspoon systemd[1]: Started Phosphor Hwmon Poller.
Jun 29 21:24:00 witherspoon kernel[926]: [    0.000000]     fixmap  : 0xffc00000 - 0xfff00000   (3072 kB)
Jun 29 21:24:01 witherspoon systemd[1]: xyz.openbmc_project.Hwmon@ahb-apb-i2c\x401e78a000-i2c\x2dbus\x40100-dps310\x4076.service: Main process exited, code=exited, status=255/n/a
Jun 29 21:24:00 witherspoon kernel[926]: [    0.000000]     vmalloc : 0x9f800000 - 0xff800000   (1536 MB)
Jun 29 21:24:01 witherspoon systemd[1]: xyz.openbmc_project.Hwmon@ahb-apb-i2c\x401e78a000-i2c\x2dbus\x40100-dps310\x4076.service: Unit entered failed state.
Jun 29 21:24:00 witherspoon kernel[926]: [    0.000000]     lowmem  : 0x80000000 - 0x9f000000   ( 496 MB)
Jun 29 21:24:01 witherspoon systemd[1]: xyz.openbmc_project.Hwmon@ahb-apb-i2c\x401e78a000-i2c\x2dbus\x40100-dps310\x4076.service: Failed with result 'exit-code'.
Jun 29 21:24:00 witherspoon kernel[926]: [    0.000000]       .text : 0x80008000 - 0x803fc350   (4049 kB)
Jun 29 21:24:01 witherspoon systemd[1]: xyz.openbmc_project.Hwmon@ahb-apb-i2c\x401e78a000-i2c\x2dbus\x40100-dps310\x4076.service: Service hold-off time over, scheduling restart.
Jun 29 21:24:00 witherspoon kernel[926]: [    0.000000]       .init : 0x8057a000 - 0x805c0000   ( 280 kB)
Jun 29 21:24:01 witherspoon systemd[1]: Stopped Phosphor Hwmon Poller.
Jun 29 21:24:00 witherspoon kernel[926]: [    0.000000]       .data : 0x805c0000 - 0x806061a8   ( 281 kB)
Jun 29 21:24:01 witherspoon systemd-networkd[958]: Could not create runtime directory: File exists
Jun 29 21:24:00 witherspoon kernel[926]: [    0.000000]        .bss : 0x806061a8 - 0x80622058   ( 112 kB)
Jun 29 21:24:01 witherspoon systemd-networkd[958]: Could not create runtime directory 'links': File exists
Jun 29 21:24:00 witherspoon kernel[926]: [    0.000000] NR_IRQS:16 nr_irqs:16 16
Jun 29 21:24:01 witherspoon systemd-networkd[958]: Could not create runtime directory 'leases': File exists
Jun 29 21:24:00 witherspoon kernel[926]: [    0.000000] i2c controller registered, irq 16
Jun 29 21:24:01 witherspoon systemd[1]: Started Phosphor Hwmon Poller.
Jun 29 21:24:00 witherspoon kernel[926]: [    0.000000] clocksource: moxart_timer: mask: 0xffffffff max_cycles: 0xffffffff, max_idle_ns: 77222644334 ns
Jun 29 21:24:01 witherspoon systemd[1]: xyz.openbmc_project.Hwmon@ahb-apb-i2c\x401e78a000-i2c\x2dbus\x40100-dps310\x4076.service: Main process exited, code=exited, status=255/n/a
Jun 29 21:24:00 witherspoon kernel[926]: [    0.000000] sched_clock: 32 bits at 100 Hz, resolution 10000000ns, wraps every 21474836475000000ns
Jun 29 21:24:01 witherspoon systemd[1]: xyz.openbmc_project.Hwmon@ahb-apb-i2c\x401e78a000-i2c\x2dbus\x40100-dps310\x4076.service: Unit entered failed state.
Jun 29 21:24:00 witherspoon kernel[926]: [    0.090000] Calibrating delay loop... 789.70 BogoMIPS (lpj=3948544)
Jun 29 21:24:01 witherspoon systemd[1]: xyz.openbmc_project.Hwmon@ahb-apb-i2c\x401e78a000-i2c\x2dbus\x40100-dps310\x4076.service: Failed with result 'exit-code'.
Jun 29 21:24:04 witherspoon phosphor-hwmon-readd[971]: Usage: /usr/sbin/phosphor-hwmon-readd [options]
Jun 29 21:24:04 witherspoon phosphor-hwmon-readd[971]: Options:
Jun 29 21:24:04 witherspoon phosphor-hwmon-readd[971]:     --help               print this menu
Jun 29 21:24:04 witherspoon phosphor-hwmon-readd[971]:     --path=<path>        sysfs location to monitor
Jun 29 21:24:04 witherspoon phosphor-hwmon-readd[971]:     --of-name=<path>     open firmware device name to monitor
Jun 29 21:24:04 witherspoon phosphor-hwmon-readd[971]: ERROR: Path not specified or invalid.
Jun 29 21:24:00 witherspoon kernel[926]: [    0.090000] pid_max: default: 32768 minimum: 301
Jun 29 21:24:02 witherspoon systemd[1]: Started Phosphor Inventory Manager.
Jun 29 21:24:00 witherspoon kernel[926]: [    0.090000] Mount-cache hash table entries: 1024 (order: 0, 4096 bytes)
Jun 29 21:24:02 witherspoon systemd[1]: xyz.openbmc_project.Hwmon@ahb-apb-i2c\x401e78a000-i2c\x2dbus\x40100-dps310\x4076.service: Service hold-off time over, scheduling restart.
Jun 29 21:24:00 witherspoon kernel[926]: [    0.090000] Mountpoint-cache hash table entries: 1024 (order: 0, 4096 bytes)
Jun 29 21:24:02 witherspoon systemd[1]: Started Phosphor Log Manager.
Jun 29 21:24:00 witherspoon kernel[926]: [    0.090000] CPU: Testing write buffer coherency: ok
Jun 29 21:24:02 witherspoon systemd[1]: Started OpenPower Software Update Manager.
Jun 29 21:24:00 witherspoon kernel[926]: [    0.090000] ftrace: allocating 14866 entries in 44 pages
Jun 29 21:24:02 witherspoon systemd[1]: Started OpenBMC Software Update Manager.
Jun 29 21:24:00 witherspoon kernel[926]: [    0.120000] Setting up static identity map for 0x80008200 - 0x8000825c
Jun 29 21:24:02 witherspoon systemd[1]: Started Phosphor Download Manager.
Jun 29 21:24:00 witherspoon kernel[926]: [    0.120000] devtmpfs: initialized
Jun 29 21:24:02 witherspoon systemd[1]: Started Phosphor IPMI BT DBus Bridge.
Jun 29 21:24:00 witherspoon kernel[926]: [    0.140000] clocksource: jiffies: mask: 0xffffffff max_cycles: 0xffffffff, max_idle_ns: 19112604462750000 ns
Jun 29 21:24:03 witherspoon systemd[1]: Started Avahi mDNS/DNS-SD Stack.
Jun 29 21:24:00 witherspoon kernel[926]: [    0.140000] futex hash table entries: 256 (order: -1, 3072 bytes)
Jun 29 21:24:03 witherspoon systemd[1]: Starting Phosphor Version Software Manager...
Jun 29 21:24:00 witherspoon kernel[926]: [    0.140000] pinctrl core: initialized pinctrl subsystem
Jun 29 21:24:03 witherspoon systemd[1]: Stopped Phosphor Hwmon Poller.
Jun 29 21:24:00 witherspoon kernel[926]: [    0.140000] NET: Registered protocol family 16
Jun 29 21:24:03 witherspoon systemd[1]: Started Phosphor Hwmon Poller.
Jun 29 21:24:00 witherspoon kernel[926]: [    0.140000] DMA: preallocated 256 KiB pool for atomic coherent allocations
Jun 29 21:24:03 witherspoon systemd[1]: xyz.openbmc_project.Hwmon@ahb-apb-i2c\x401e78a000-i2c\x2dbus\x40100-dps310\x4076.service: Main process exited, code=exited, status=255/n/a
Jun 29 21:24:00 witherspoon kernel[926]: [    0.210000] usbcore: registered new interface driver usbfs
Jun 29 21:24:03 witherspoon systemd[1]: xyz.openbmc_project.Hwmon@ahb-apb-i2c\x401e78a000-i2c\x2dbus\x40100-dps310\x4076.service: Unit entered failed state.
Jun 29 21:24:00 witherspoon kernel[926]: [    0.210000] usbcore: registered new interface driver hub
Jun 29 21:24:03 witherspoon systemd[1]: xyz.openbmc_project.Hwmon@ahb-apb-i2c\x401e78a000-i2c\x2dbus\x40100-dps310\x4076.service: Failed with result 'exit-code'.
Jun 29 21:24:00 witherspoon kernel[926]: [    0.210000] usbcore: registered new device driver usb
Jun 29 21:24:04 witherspoon systemd[1]: xyz.openbmc_project.Hwmon@ahb-apb-i2c\x401e78a000-i2c\x2dbus\x40100-dps310\x4076.service: Service hold-off time over, scheduling restart.
Jun 29 21:24:00 witherspoon kernel[926]: [    0.220000] clocksource: Switched to clocksource moxart_timer
Jun 29 21:24:04 witherspoon systemd[1]: Stopped Phosphor Hwmon Poller.
Jun 29 21:24:00 witherspoon kernel[926]: [    0.240000] NET: Registered protocol family 2
Jun 29 21:24:04 witherspoon systemd[1]: xyz.openbmc_project.Hwmon@ahb-apb-i2c\x401e78a000-i2c\x2dbus\x40100-dps310\x4076.service: Start request repeated too quickly.
Jun 29 21:24:00 witherspoon kernel[926]: [    0.240000] TCP established hash table entries: 4096 (order: 2, 16384 bytes)
Jun 29 21:24:04 witherspoon systemd[1]: Failed to start Phosphor Hwmon Poller.
Jun 29 21:24:00 witherspoon kernel[926]: [    0.240000] TCP bind hash table entries: 4096 (order: 2, 16384 bytes)
Jun 29 21:24:04 witherspoon systemd[1]: xyz.openbmc_project.Hwmon@ahb-apb-i2c\x401e78a000-i2c\x2dbus\x40100-dps310\x4076.service: Unit entered failed state.
Jun 29 21:24:00 witherspoon kernel[926]: [    0.240000] TCP: Hash tables configured (established 4096 bind 4096)
Jun 29 21:24:04 witherspoon systemd[1]: xyz.openbmc_project.Hwmon@ahb-apb-i2c\x401e78a000-i2c\x2dbus\x40100-dps310\x4076.service: Failed with result 'exit-code'.
Jun 29 21:24:00 witherspoon kernel[926]: [    0.240000] UDP hash table entries: 256 (order: 0, 4096 bytes)
Jun 29 21:24:04 witherspoon systemd-networkd[958]: Enumeration completed
Jun 29 21:24:00 witherspoon kernel[926]: [    0.240000] UDP-Lite hash table entries: 256 (order: 0, 4096 bytes)
Jun 29 21:24:04 witherspoon systemd[1]: Started Network Service.
Jun 29 21:24:00 witherspoon kernel[926]: [    0.240000] NET: Registered protocol family 1
Jun 29 21:24:04 witherspoon systemd[1]: Reached target Network.
Jun 29 21:24:00 witherspoon kernel[926]: [    0.240000] Trying to unpack rootfs image as initramfs...
Jun 29 21:24:04 witherspoon systemd-networkd[958]: eth0: IPv6 enabled for interface: Success
Jun 29 21:24:00 witherspoon kernel[926]: [    1.910000] Freeing initrd memory: 1548K
Jun 29 21:24:04 witherspoon systemd[1]: Starting Permit User Sessions...
Jun 29 21:24:00 witherspoon kernel[926]: [    1.910000] workingset: timestamp_bits=30 max_order=17 bucket_order=0
Jun 29 21:24:04 witherspoon systemd-networkd[958]: eth0: Gained carrier
Jun 29 21:24:00 witherspoon kernel[926]: [    1.910000] squashfs: version 4.0 (2009/01/31) Phillip Lougher
Jun 29 21:24:04 witherspoon systemd-timesyncd[891]: Network configuration changed, trying to establish connection.
Jun 29 21:24:00 witherspoon kernel[926]: [    1.910000] jffs2: version 2.2. (SUMMARY)  © 2001-2006 Red Hat, Inc.
Jun 29 21:24:04 witherspoon systemd[1]: Started Lightweight SLP Server.
Jun 29 21:24:00 witherspoon kernel[926]: [    1.910000] Block layer SCSI generic (bsg) driver version 0.4 loaded (major 250)
Jun 29 21:24:04 witherspoon systemd[1]: Started Permit User Sessions.
Jun 29 21:24:00 witherspoon kernel[926]: [    1.910000] io scheduler noop registered
Jun 29 21:24:04 witherspoon systemd[1]: Started Serial Getty on ttyS4.
Jun 29 21:24:00 witherspoon kernel[926]: [    1.910000] io scheduler deadline registered
Jun 29 21:24:04 witherspoon systemd[1]: Reached target Login Prompts.
Jun 29 21:24:00 witherspoon kernel[926]: [    1.910000] io scheduler cfq registered (default)
Jun 29 21:24:04 witherspoon systemd[1]: Reached target Multi-User System.
Jun 29 21:24:00 witherspoon kernel[926]: [    2.060000] ipmi-bt-host 1e789140.ibt: Found bt bmc device
Jun 29 21:24:05 witherspoon systemd[1]: Started Phosphor Version Software Manager.
Jun 29 21:24:00 witherspoon kernel[926]: [    2.060000] ipmi-bt-host 1e789140.ibt: Using IRQ 22
Jun 29 21:24:06 witherspoon systemd-networkd[958]: eth0: Gained IPv6LL
Jun 29 21:24:08 witherspoon kernel: ftgmac100 1e660000.ethernet eth0: NCSI interface up
Jun 29 21:24:00 witherspoon kernel[926]: [    2.060000] Serial: 8250/16550 driver, 6 ports, IRQ sharing enabled
Jun 29 21:24:06 witherspoon systemd[1]: Started Phosphor BMC0 Control.
Jun 29 21:24:00 witherspoon kernel[926]: [    2.060000] 1e783000.serial: ttyS0 at MMIO 0x1e783000 (irq = 23, base_baud = 1500000) is a 16550A
Jun 29 21:24:00 witherspoon kernel[926]: [    2.060000] 1e78d000.serial: ttyS1 at MMIO 0x1e78d000 (irq = 24, base_baud = 1500000) is a 16550A
Jun 29 21:24:00 witherspoon kernel[926]: [    2.060000] 1e784000.serial: ttyS4 at MMIO 0x1e784000 (irq = 25, base_baud = 1500000) is a 16550A
Jun 29 21:24:00 witherspoon kernel[926]: [    2.410000] console [ttyS4] enabled
Jun 29 21:24:00 witherspoon kernel[926]: [    2.410000] 1e787000.vuart: ttyS2 at MMIO 0x1e787000 (irq = 22, base_baud = 1500000) is a 16550A
Jun 29 21:24:00 witherspoon kernel[926]: [    2.610000] timeriomem_rng 1e6e2078.hwrng: 32bits from 0xf00e2078 @ 1us
Jun 29 21:24:00 witherspoon kernel[926]: [    2.650000] brd: module loaded
Jun 29 21:24:00 witherspoon kernel[926]: [    2.680000] loop: module loaded
Jun 29 21:24:00 witherspoon kernel[926]: [    2.680000] aspeed-lpc-ctrl 1e789080.lpc-ctrl: Loaded at 0x98000000 (0x04000000)
Jun 29 21:24:00 witherspoon kernel[926]: [    2.680000] aspeed-smc 1e620000.flash-controller: Using IRQ 18
Jun 29 21:24:00 witherspoon kernel[926]: [    2.680000] aspeed-smc 1e620000.flash-controller: DMA support disabled.
Jun 29 21:24:00 witherspoon kernel[926]: [    2.680000] aspeed-smc 1e620000.flash-controller: mx25l25635e (32768 Kbytes)
Jun 29 21:24:00 witherspoon kernel[926]: [    2.710000] aspeed-smc 1e620000.flash-controller: CE0 window [ 0x20000000 - 0x22000000 ] 32MB
Jun 29 21:24:00 witherspoon kernel[926]: [    2.710000] aspeed-smc 1e620000.flash-controller: CE1 window [ 0x22000000 - 0x2a000000 ] 128MB
Jun 29 21:24:00 witherspoon kernel[926]: [    2.710000] 5 ofpart partitions found on MTD device bmc
Jun 29 21:24:00 witherspoon kernel[926]: [    2.710000] Creating 5 MTD partitions on "bmc":
Jun 29 21:24:00 witherspoon kernel[926]: [    2.710000] 0x000000000000-0x000000060000 : "u-boot"
Jun 29 21:24:00 witherspoon kernel[926]: [    2.750000] 0x000000060000-0x000000080000 : "u-boot-env"
Jun 29 21:24:00 witherspoon kernel[926]: [    2.750000] 0x000000080000-0x0000004c0000 : "kernel"
Jun 29 21:24:00 witherspoon kernel[926]: [    2.750000] 0x0000004c0000-0x000001c00000 : "rofs"
Jun 29 21:24:00 witherspoon kernel[926]: [    2.750000] 0x000001c00000-0x000002000000 : "rwfs"
Jun 29 21:24:00 witherspoon kernel[926]: [    2.750000] aspeed-smc 1e620000.flash-controller: mx25l25635e (32768 Kbytes)
Jun 29 21:24:00 witherspoon kernel[926]: [    2.800000] aspeed-smc 1e620000.flash-controller: CE1 window [ 0x22000000 - 0x24000000 ] 32MB
Jun 29 21:24:00 witherspoon kernel[926]: [    2.800000] aspeed-smc 1e620000.flash-controller: CE2 window [ 0x24000000 - 0x2c000000 ] 128MB
Jun 29 21:24:00 witherspoon kernel[926]: [    2.800000] aspeed-smc 1e630000.flash-controller: mx66l1g45g (131072 Kbytes)
Jun 29 21:24:00 witherspoon kernel[926]: [    2.800000] aspeed-smc 1e630000.flash-controller: CE0 window resized to 120MB (AST2500 HW quirk)
Jun 29 21:24:00 witherspoon kernel[926]: [    2.800000] aspeed-smc 1e630000.flash-controller: CE0 window [ 0x30000000 - 0x37800000 ] 120MB
Jun 29 21:24:00 witherspoon kernel[926]: [    2.800000] aspeed-smc 1e630000.flash-controller: CE0 window too small for chip 128MB
Jun 29 21:24:00 witherspoon kernel[926]: [    2.850000] aspeed-smc 1e630000.flash-controller: CE1 window [ 0x37800000 - 0x38000000 ] 8MB
Jun 29 21:24:00 witherspoon kernel[926]: [    3.550000] libphy: Fixed MDIO Bus: probed
Jun 29 21:24:00 witherspoon kernel[926]: [    3.550000] ftgmac100 1e660000.ethernet: Read MAC address 70:e2:84:14:28:a9 from chip
Jun 29 21:24:00 witherspoon kernel[926]: [    3.650000] ftgmac100 1e660000.ethernet: Using NCSI interface
Jun 29 21:24:00 witherspoon kernel[926]: [    3.650000] ftgmac100 1e660000.ethernet eth0: irq 20, mapped at f0060000
Jun 29 21:24:00 witherspoon kernel[926]: [    3.650000] ehci_hcd: USB 2.0 'Enhanced' Host Controller (EHCI) Driver
Jun 29 21:24:00 witherspoon kernel[926]: [    3.650000] ehci-platform: EHCI generic platform driver
Jun 29 21:24:00 witherspoon kernel[926]: [    3.830000]  fsi0: can't read slave 00:00 -5
Jun 29 21:24:00 witherspoon kernel[926]: [    3.830000] i2c /dev entries driver
Jun 29 21:24:00 witherspoon kernel[926]: [    3.830000] aspeed-i2c-bus 1e78a0c0.i2c-bus: i2c bus 2 registered, irq 26
Jun 29 21:24:00 witherspoon kernel[926]: [    3.830000] aspeed-i2c-bus 1e78a100.i2c-bus: i2c bus 3 registered, irq 27
Jun 29 21:24:00 witherspoon kernel[926]: [    3.830000] aspeed-i2c-bus 1e78a140.i2c-bus: i2c bus 4 registered, irq 28
Jun 29 21:24:00 witherspoon kernel[926]: [    3.830000] aspeed-i2c-bus 1e78a180.i2c-bus: i2c bus 5 registered, irq 29
Jun 29 21:24:00 witherspoon kernel[926]: [    3.830000] aspeed-i2c-bus 1e78a380.i2c-bus: i2c bus 9 registered, irq 30
Jun 29 21:24:00 witherspoon kernel[926]: [    3.830000] aspeed-i2c-bus 1e78a3c0.i2c-bus: i2c bus 10 registered, irq 31
Jun 29 21:24:00 witherspoon kernel[926]: [    3.830000] rtc-rv8803 11-0032: Voltage low, temperature compensation stopped.
Jun 29 21:24:00 witherspoon kernel[926]: [    3.930000] rtc-rv8803 11-0032: rtc core: registered rx8900 as rtc0
Jun 29 21:24:00 witherspoon kernel[926]: [    3.940000] at24 11-0051: 8192 byte 24c64 EEPROM, writable, 1 bytes/write
Jun 29 21:24:00 witherspoon kernel[926]: [    3.950000] aspeed-i2c-bus 1e78a400.i2c-bus: i2c bus 11 registered, irq 32
Jun 29 21:24:00 witherspoon kernel[926]: [    3.950000] aspeed-i2c-bus 1e78a440.i2c-bus: i2c bus 12 registered, irq 33
Jun 29 21:24:00 witherspoon kernel[926]: [    3.960000] aspeed-i2c-bus 1e78a480.i2c-bus: i2c bus 13 registered, irq 34
Jun 29 21:24:00 witherspoon kernel[926]: [    3.960000] Driver for 1-wire Dallas network protocol.
Jun 29 21:24:00 witherspoon kernel[926]: [    3.980000] lm75 9-004a: hwmon0: sensor 'tmp275'
Jun 29 21:24:00 witherspoon kernel[926]: [    4.010000] random: fast init done
Jun 29 21:24:00 witherspoon kernel[926]: [    4.400000] ucd9000 11-0064: Device ID UCD90160|2.3.4.0000|110603
Jun 29 21:24:00 witherspoon kernel[926]: [    4.720000] leds-pca955x 11-0060: leds-pca955x: Using pca9552 16-bit LED driver at slave address 0x60
Jun 29 21:24:00 witherspoon kernel[926]: [    4.740000] leds-pca955x 11-0060: gpios 264...279
Jun 29 21:24:00 witherspoon kernel[926]: [    4.740000] usbcore: registered new interface driver usbhid
Jun 29 21:24:00 witherspoon kernel[926]: [    4.750000] usbhid: USB HID core driver
Jun 29 21:24:00 witherspoon kernel[926]: [    4.750000] bmp280: probe of 3-0077 failed with error -5
Jun 29 21:24:00 witherspoon kernel[926]: [    4.770000] dps310 3-0076: iio:device1: sensor 'dps310'
Jun 29 21:24:00 witherspoon kernel[926]: [    4.780000] NET: Registered protocol family 10
Jun 29 21:24:00 witherspoon kernel[926]: [    4.780000] Segment Routing with IPv6
Jun 29 21:24:00 witherspoon kernel[926]: [    4.780000] NET: Registered protocol family 17
Jun 29 21:24:00 witherspoon kernel[926]: [    4.790000] console [netcon0] enabled
Jun 29 21:24:00 witherspoon kernel[926]: [    4.790000] netconsole: network logging started
Jun 29 21:24:00 witherspoon kernel[926]: [    4.790000] input: gpio-keys as /devices/platform/gpio-keys/input/input0
Jun 29 21:24:00 witherspoon kernel[926]: [    4.820000] rtc-rv8803 11-0032: setting system clock to 2017-06-29 21:23:30 UTC (1498771410)
Jun 29 21:24:00 witherspoon kernel[926]: [    4.830000] Freeing unused kernel memory: 280K
Jun 29 21:24:00 witherspoon kernel[926]: [    4.830000] This architecture does not have kernel memory protection.
Jun 29 21:24:00 witherspoon kernel[926]: [    6.380000] jffs2: notice: (513) jffs2_build_xattr_subsystem: complete building xattr subsystem, 0 of xdatum (0 unchecked, 0 orphan) and 0 of xref (0 dead, 0 orphan) found.
Jun 29 21:24:00 witherspoon kernel[926]: [    8.620000] systemd[1]: Failed to insert module 'autofs4': No such file or directory
Jun 29 21:24:00 witherspoon kernel[926]: [    8.620000] systemd[1]: systemd 232 running in system mode. (+PAM -AUDIT -SELINUX -IMA -APPARMOR -SMACK +SYSVINIT -UTMP -LIBCRYPTSETUP -GCRYPT -GNUTLS +ACL +XZ -LZ4 -SECCOMP +BLKID -ELFUTILS +KMOD -IDN)
Jun 29 21:24:00 witherspoon kernel[926]: [    8.840000] systemd[1]: Detected architecture arm.
Jun 29 21:24:00 witherspoon kernel[926]: [    8.890000] systemd[1]: Set hostname to <witherspoon>.
Jun 29 21:24:00 witherspoon kernel[926]: [   10.780000] systemd[1]: Listening on Network Service Netlink Socket.
Jun 29 21:24:00 witherspoon kernel[926]: [   10.940000] systemd[1]: Started Dispatch Password Requests to Console Directory Watch.
Jun 29 21:24:00 witherspoon kernel[926]: [   11.110000] systemd[1]: Listening on udev Control Socket.
Jun 29 21:24:00 witherspoon kernel[926]: [   11.290000] systemd[1]: Listening on Journal Socket (/dev/log).
Jun 29 21:24:00 witherspoon kernel[926]: [   11.470000] systemd[1]: Listening on /dev/initctl Compatibility Named Pipe.
Jun 29 21:24:00 witherspoon kernel[926]: [   11.660000] systemd[1]: Started Forward Password Requests to Wall Directory Watch.
Jun 29 21:24:00 witherspoon kernel[926]: [   11.860000] systemd[1]: Reached target Swap.
Jun 29 21:24:00 witherspoon kernel[926]: [   13.670000] systemd[1]: Starting udev Coldplug all Devices...
Jun 29 21:24:00 witherspoon kernel[926]: [   13.930000] systemd[1]: Created slice system-phosphor\x2dreset\x2dhost\x2dcheck.slice.
Jun 29 21:24:00 witherspoon kernel[926]: [   14.190000] systemd[1]: Created slice system-org.openbmc.control.Chassis.slice.
Jun 29 21:24:00 witherspoon kernel[926]: [   14.460000] systemd[1]: dev-hugepages.mount: Couldn't determine result for ConditionVirtualization=!private-users, assuming failed: No such file or directory
Jun 29 21:24:00 witherspoon kernel[926]: [   14.460000] systemd[1]: Created slice system-op\x2dreset\x2dchassis\x2don.slice.
Jun 29 21:24:00 witherspoon kernel[926]: [   14.740000] systemd[1]: Created slice system-mapper\x2dwait.slice.
Jun 29 21:24:00 witherspoon kernel[926]: [   15.020000] systemd[1]: Starting Journal Service...
Jun 29 21:24:00 witherspoon kernel[926]: [   15.310000] systemd[1]: Created slice system-org.openbmc.control.Power.slice.
Jun 29 21:24:00 witherspoon kernel[926]: [   15.610000] systemd[1]: Created slice system-op\x2dreset\x2dchassis\x2drunning.slice.
Jun 29 21:24:00 witherspoon kernel[926]: [   15.910000] systemd[1]: Created slice system-obmc\x2dled\x2dgroup\x2dstart.slice.
Jun 29 21:24:00 witherspoon kernel[926]: [   17.910000] systemd-journald[633]: Received request to flush runtime journal from PID 1
Jun 29 21:24:00 witherspoon kernel[926]: [   33.350000] random: crng init done
Jun 29 21:24:02 witherspoon avahi-daemon[938]: Found user 'avahi' (UID 998) and group 'avahi' (GID 999).
Jun 29 21:24:02 witherspoon avahi-daemon[938]: Successfully dropped root privileges.
Jun 29 21:24:02 witherspoon avahi-daemon[938]: avahi-daemon 0.6.32 starting up.
Jun 29 21:24:02 witherspoon avahi-daemon[938]: Successfully called chroot().
Jun 29 21:24:02 witherspoon avahi-daemon[938]: Successfully dropped remaining capabilities.
Jun 29 21:24:02 witherspoon avahi-daemon[938]: Loading service file /services/obmc_console.service.
Jun 29 21:24:02 witherspoon avahi-daemon[938]: Loading service file /services/phosphor_rest.service.
Jun 29 21:24:02 witherspoon avahi-daemon[938]: Loading service file /services/sftp-ssh.service.
Jun 29 21:24:02 witherspoon avahi-daemon[938]: Loading service file /services/sftp.service.
Jun 29 21:24:02 witherspoon avahi-daemon[938]: Loading service file /services/ssh.service.
Jun 29 21:24:02 witherspoon avahi-daemon[938]: Network interface enumeration completed.
Jun 29 21:24:02 witherspoon avahi-daemon[938]: Server startup complete. Host name is witherspoon.local. Local service cookie is 770863513.
Jun 29 21:24:02 witherspoon avahi-daemon[938]: Service "witherspoon" (/services/ssh.service) successfully established.
Jun 29 21:24:02 witherspoon avahi-daemon[938]: Service "sftp" (/services/sftp.service) successfully established.
Jun 29 21:24:02 witherspoon avahi-daemon[938]: Service "witherspoon" (/services/sftp-ssh.service) successfully established.
Jun 29 21:24:02 witherspoon avahi-daemon[938]: Service "phosphor_rest" (/services/phosphor_rest.service) successfully established.
Jun 29 21:24:02 witherspoon avahi-daemon[938]: Service "obmc_console" (/services/obmc_console.service) successfully established.
Jun 29 21:24:04 witherspoon avahi-daemon[938]: Joining mDNS multicast group on interface eth0.IPv4 with address 9.3.21.61.
Jun 29 21:24:04 witherspoon avahi-daemon[938]: New relevant interface eth0.IPv4 for mDNS.
Jun 29 21:24:04 witherspoon avahi-daemon[938]: Registering new address record for 9.3.21.61 on eth0.IPv4.
Jun 29 21:24:06 witherspoon avahi-daemon[938]: Joining mDNS multicast group on interface eth0.IPv6 with address fe80::72e2:84ff:fe14:28a9.
Jun 29 21:24:06 witherspoon avahi-daemon[938]: New relevant interface eth0.IPv6 for mDNS.
Jun 29 21:24:06 witherspoon avahi-daemon[938]: Registering new address record for fe80::72e2:84ff:fe14:28a9 on eth0.*.
Jun 29 21:24:08 witherspoon kernel[926]: [   42.690000] ftgmac100 1e660000.ethernet eth0: NCSI interface up
Jun 29 21:24:16 witherspoon systemd[1]: Created slice system-dropbear.slice.
Jun 29 21:24:16 witherspoon systemd[1]: Started SSH Per-Connection Server (9.41.165.94:49150).
Jun 29 21:24:19 witherspoon systemd-networkd[958]: eth0: Configured
Jun 29 21:24:20 witherspoon systemd-timesyncd[891]: Network configuration changed, trying to establish connection.
Jun 29 21:24:20 witherspoon sensor_manager2.py[955]: Setting boot count to 3
Jun 29 21:24:20 witherspoon sensor_manager2.py[955]: Deleting OCC device
Jun 29 21:24:20 witherspoon sensor_manager2.py[955]: sh: /sys/class/i2c-adapter/i2c-3/3-0050/online: No such file or directory
Jun 29 21:24:21 witherspoon sensor_manager2.py[955]: Deleting OCC device
Jun 29 21:24:21 witherspoon sensor_manager2.py[955]: sh: /sys/class/i2c-adapter/i2c-3/3-0050/online: No such file or directory
Jun 29 21:24:21 witherspoon chassis_control.py[929]: Running ChassisControlService
Jun 29 21:24:21 witherspoon systemd[1]: Started Phosphor Chassis0 Control.
Jun 29 21:24:21 witherspoon sensor_manager2.py[955]: Starting sensor manager
Jun 29 21:24:21 witherspoon systemd[1]: Started Phosphor Sensor Manager.
Jun 29 21:24:21 witherspoon inventory_items.py[951]: Loading from cache: /var/cache/obmc/org.openbmc.inventory.system.chassis.motherboard.apss@org.openbmc.InventoryItem.props
Jun 29 21:24:21 witherspoon inventory_items.py[951]: Loading from cache: /var/cache/obmc/org.openbmc.inventory.system.chassis.motherboard@org.openbmc.InventoryItem.props
Jun 29 21:24:21 witherspoon inventory_items.py[951]: Loading from cache: /var/cache/obmc/org.openbmc.inventory.system.chassis.motherboard.refclock@org.openbmc.InventoryItem.props
Jun 29 21:24:21 witherspoon inventory_items.py[951]: Loading from cache: /var/cache/obmc/org.openbmc.inventory.system.chassis.motherboard.todclock@org.openbmc.InventoryItem.props
Jun 29 21:24:21 witherspoon inventory_items.py[951]: Loading from cache: /var/cache/obmc/org.openbmc.inventory.system.chassis.motherboard.bmc@org.openbmc.InventoryItem.props
Jun 29 21:24:21 witherspoon inventory_items.py[951]: Caching: /org/openbmc/inventory/system/chassis/motherboard/bmc
Jun 29 21:24:21 witherspoon download_manager.py[954]: Running Download Manager
Jun 29 21:24:21 witherspoon systemd[1]: Started Phosphor Download Manager.
Jun 29 21:24:21 witherspoon inventory_items.py[951]: Loading from cache: /var/cache/obmc/org.openbmc.inventory.system.chassis.motherboard.pcieclock@org.openbmc.InventoryItem.props
Jun 29 21:24:21 witherspoon systemd[1]: Started Phosphor Inventory Manager.
Jun 29 21:24:21 witherspoon inventory_items.py[951]: Running Inventory Manager
Jun 29 21:24:22 witherspoon dropbear[984]: Failed loading /etc/dropbear/dropbear_dss_host_key
Jun 29 21:24:22 witherspoon dropbear[984]: Failed loading /etc/dropbear/dropbear_ecdsa_host_key
Jun 29 21:24:22 witherspoon dropbear[984]: Child connection from ::ffff:9.41.165.94:49150
Jun 29 21:24:23 witherspoon phosphor-mapper[948]: ObjectMapper startup complete.  Discovery in progress...
Jun 29 21:24:23 witherspoon avahi-daemon[968]: ../../avahi-0.6.32/avahi-daemon/chroot.c: open() failed: No such file or directory
Jun 29 21:24:23 witherspoon avahi-daemon[938]: Failed to open /usr/share/dbus-1/interfaces/org.freedesktop.Avahi.Server.xml: Invalid argument
Jun 29 21:24:23 witherspoon avahi-daemon[938]: Failed to load introspection data.
Jun 29 21:24:25 witherspoon dropbear[984]: PAM password auth succeeded for 'root' from ::ffff:9.41.165.94:49150
Jun 29 21:24:25 witherspoon dropbear[987]: lastlog_perform_login: Couldn't stat /var/log/lastlog: No such file or directory
Jun 29 21:24:25 witherspoon dropbear[987]: lastlog_openseek: /var/log/lastlog is not a file or directory!
Jun 29 21:24:28 witherspoon systemd[1]: Started Phosphor User Manager.
Jun 29 21:24:28 witherspoon obmc-phosphor-userd[949]: Started
Jun 29 21:24:30 witherspoon netman.py[922]: Started
Jun 29 21:24:30 witherspoon systemd[1]: Started Phosphor Network Manager.
Jun 29 21:24:39 witherspoon phosphor-mapper[948]: ObjectMapper discovery complete
Jun 29 21:24:39 witherspoon systemd[1]: Started Phosphor DBus Service Discovery Manager.
Jun 29 21:24:40 witherspoon systemd[1]: Reached target Phosphor Object Mapper.
Jun 29 21:24:40 witherspoon systemd[1]: Starting Wait for /org/openbmc/control/power0...
Jun 29 21:24:40 witherspoon systemd[1]: Starting Wait for /xyz/openbmc_project/inventory...
Jun 29 21:24:40 witherspoon systemd[1]: Starting Wait for /xyz/openbmc_project/state/host0...
Jun 29 21:24:40 witherspoon systemd[1]: Starting Wait for /xyz/openbmc_project/led/groups...
Jun 29 21:24:40 witherspoon systemd[1]: Starting Wait for /xyz/openbmc_project/led/groups/bmc_booted...
Jun 29 21:24:40 witherspoon systemd[1]: Starting Wait for /org/openbmc/control/bmc0...
Jun 29 21:24:40 witherspoon systemd[1]: Starting Wait for /org/openbmc/sensors...
Jun 29 21:24:40 witherspoon systemd[1]: Starting Wait for /org/openbmc/managers/System...
Jun 29 21:24:40 witherspoon systemd[1]: Starting Wait for /org/openbmc/control/flash/bios...
Jun 29 21:24:40 witherspoon systemd[1]: Starting Wait for /xyz/openbmc_project/state/chassis0...
Jun 29 21:24:40 witherspoon systemd[1]: Starting Phoshpor System Manager...
Jun 29 21:24:40 witherspoon systemd[1]: Starting Phosphor Settings Manager...
Jun 29 21:24:40 witherspoon systemd[1]: Reached target Webserver (pre).
Jun 29 21:24:40 witherspoon systemd[1]: Started Phosphor Webserver.
Jun 29 21:24:40 witherspoon systemd[1]: Starting Wait for /org/openbmc/managers/Download...
Jun 29 21:24:40 witherspoon systemd[1]: Starting Wait for /org/openbmc/NetworkManager/Interface...
Jun 29 21:24:40 witherspoon systemd[1]: Starting Wait for /xyz/openbmc_project/control/host0...
Jun 29 21:24:40 witherspoon systemd[1]: Started Phosphor DBus Monitor.
Jun 29 21:24:41 witherspoon systemd[1]: Started Wait for /org/openbmc/NetworkManager/Interface.
Jun 29 21:24:41 witherspoon systemd[1]: Started Wait for /org/openbmc/managers/Download.
Jun 29 21:24:41 witherspoon systemd[1]: Starting Phosphor BIOS Code Update...
Jun 29 21:24:41 witherspoon systemd[1]: Started Phosphor DNS Settings Cache Manager.
Jun 29 21:24:42 witherspoon systemd[1]: Started Wait for /xyz/openbmc_project/led/groups/bmc_booted.
Jun 29 21:24:42 witherspoon systemd[1]: Starting Assert bmc_booted LED...
Jun 29 21:24:42 witherspoon systemd[1]: Started Wait for /xyz/openbmc_project/inventory.
Jun 29 21:24:42 witherspoon systemd[1]: Started Wait for /xyz/openbmc_project/led/groups.
Jun 29 21:24:42 witherspoon systemd[1]: Started Wait for /org/openbmc/control/bmc0.
Jun 29 21:24:42 witherspoon systemd[1]: Started Wait for /org/openbmc/sensors.
Jun 29 21:24:42 witherspoon systemd[1]: Started Phosphor Hwmon Poller.
Jun 29 21:24:42 witherspoon systemd[1]: Starting Phosphor BMC Code Update...
Jun 29 21:24:42 witherspoon systemd[1]: Started FRU Fault monitor service.
Jun 29 21:24:42 witherspoon systemd[1]: Starting OpenPOWER OCC controller...
Jun 29 21:24:43 witherspoon systemd[1]: Starting Read OpenPOWER-format VPD from EEPROM...
Jun 29 21:24:43 witherspoon systemd[1]: Started Phosphor Cooling Type.
Jun 29 21:24:44 witherspoon systemd[1]: Started Assert bmc_booted LED.
Jun 29 21:24:44 witherspoon systemd[1]: Started Phosphor BIOS Code Update.
Jun 29 21:24:44 witherspoon systemd[1]: Started OpenPOWER OCC controller.
Jun 29 21:24:48 witherspoon systemd[1]: Started Read OpenPOWER-format VPD from EEPROM.
Jun 29 21:24:55 witherspoon systemd[1]: Started Wait for /org/openbmc/control/flash/bios.
Jun 29 21:24:55 witherspoon systemd[1]: Started Initialize BIOS Flash.
Jun 29 21:24:57 witherspoon hwmon.py[1023]: Starting HWMON sensors
Jun 29 21:24:58 witherspoon system_manager.py[1003]: Running System State: BASE_APPS
Jun 29 21:24:59 witherspoon system_manager.py[1003]: SystemManager Init Done
Jun 29 21:24:59 witherspoon system_manager.py[1003]: Running SystemManager
Jun 29 21:24:59 witherspoon systemd[1]: Started Phoshpor System Manager.
Jun 29 21:24:59 witherspoon system_manager.py[1003]: SystemManager Goto System State: BMC_STARTING
Jun 29 21:24:59 witherspoon system_manager.py[1003]: Running System State: BMC_STARTING
Jun 29 21:24:59 witherspoon settings_manager.py[1004]: Running HostSettingsService
Jun 29 21:24:59 witherspoon systemd[1]: Started Phosphor Settings Manager.
Jun 29 21:24:59 witherspoon systemd[1]: Starting Wait for /org/openbmc/settings/host0...
Jun 29 21:24:59 witherspoon flash_bios.exe[1012]: Starting flasher: bios,,/org/openbmc/control/flash/bios,
Jun 29 21:24:59 witherspoon flash_bios.exe[1012]: flasher: , BMC = 1, address = 0x0
Jun 29 21:24:59 witherspoon flash_bios.exe[1012]: Setting up flash
Jun 29 21:25:00 witherspoon bmc_update.py[1024]: Running Bmc Flash Control
Jun 29 21:25:00 witherspoon systemd[1]: Started Phosphor BMC Code Update.
Jun 29 21:25:00 witherspoon flash_bios.exe[1012]: Starting flasher: bios,,/org/openbmc/control/flash/bios,
Jun 29 21:25:00 witherspoon flash_bios.exe[1012]: flasher: , BMC = 1, address = 0x0
Jun 29 21:25:00 witherspoon flash_bios.exe[1012]: Setting up flash
Jun 29 21:25:02 witherspoon systemd[1]: Started Wait for /org/openbmc/settings/host0.
Jun 29 21:25:02 witherspoon systemd[1]: Started Phosphor Inband IPMI.
Jun 29 21:25:02 witherspoon systemd[1]: Started Wait for /org/openbmc/managers/System.
Jun 29 21:25:02 witherspoon systemd[1]: Starting Phosphor Host State Manager...
Jun 29 21:25:02 witherspoon systemd[1]: Starting Phosphor Power Button0...
Jun 29 21:25:02 witherspoon systemd[1]: Starting Phosphor Chassis State Manager...
Jun 29 21:25:02 witherspoon systemd[1]: Starting Phosphor BMC State Manager...
Jun 29 21:25:02 witherspoon systemd[1]: Starting Phosphor Reset Button0...
Jun 29 21:25:02 witherspoon systemd[1]: Starting Phosphor Power0 Control...
Jun 29 21:25:04 witherspoon phosphor-chassis-state-manager[1051]: Initial Chassis State will be Off
Jun 29 21:25:05 witherspoon systemd[1]: Started Phosphor Chassis State Manager.
Jun 29 21:25:05 witherspoon system_manager.py[1003]: New object: /org/openbmc/control/power0 (:1.67)
Jun 29 21:25:05 witherspoon phosphor-bmc-state-manager[1052]: Setting the BMCState field
Jun 29 21:25:05 witherspoon phosphor-bmc-state-manager[1052]: Setting the BMCState field
Jun 29 21:25:05 witherspoon phosphor-host-state-manager[1049]: Initial Host State will be Off
Jun 29 21:25:05 witherspoon systemd[1]: Started Phosphor BMC State Manager.
Jun 29 21:25:05 witherspoon systemd[1]: Started Phosphor Host State Manager.
Jun 29 21:25:05 witherspoon system_manager.py[1003]: Power GPIO config: ['SYS_PWROK_BUFF', '', [('SOFTWARE_PGOOD', True), ('BMC_POWER_UP', True)], [('BMC_CP0_RESET_N', False)], [], 'FSI_DATA', 'FSI_CLK', 'FSI_ENABLE', 'CRONUS_SEL', []]
Jun 29 21:25:07 witherspoon systemd[1]: Started Wait for /xyz/openbmc_project/state/host0.
Jun 29 21:25:07 witherspoon systemd[1]: Started Wait for /xyz/openbmc_project/state/chassis0.
Jun 29 21:25:07 witherspoon systemd[1]: Starting Reboot If Enabled...
Jun 29 21:25:08 witherspoon button_reset.exe[1053]: GPIO Lookup:  RESET_BUTTON = 353,both
Jun 29 21:25:08 witherspoon power_control.exe[1054]: Power GPIO latch output:
Jun 29 21:25:08 witherspoon power_control.exe[1054]: Power GPIO power good input: SYS_PWROK_BUFF
Jun 29 21:25:08 witherspoon power_control.exe[1054]: Power GPIO 2 power_up outputs
Jun 29 21:25:08 witherspoon power_control.exe[1054]: Power GPIO power_up[0] = SOFTWARE_PGOOD active HIGH
Jun 29 21:25:08 witherspoon power_control.exe[1054]: Power GPIO power_up[1] = BMC_POWER_UP active HIGH
Jun 29 21:25:08 witherspoon power_control.exe[1054]: Power GPIO 1 reset outputs
Jun 29 21:25:08 witherspoon power_control.exe[1054]: Power GPIO reset[0] = BMC_CP0_RESET_N active LOW
Jun 29 21:25:08 witherspoon power_control.exe[1054]: Power GPIO 0 pci reset outputs
Jun 29 21:25:08 witherspoon power_control.exe[1054]: FSI DATA GPIO: FSI_DATA
Jun 29 21:25:08 witherspoon power_control.exe[1054]: FSI CLK GPIO: FSI_CLK
Jun 29 21:25:08 witherspoon power_control.exe[1054]: FSI ENABLE GPIO: FSI_ENABLE
Jun 29 21:25:08 witherspoon power_control.exe[1054]: CRONUS SEL GPIO: CRONUS_SEL
Jun 29 21:25:08 witherspoon power_control.exe[1054]: Hostctl GPIO optionals: 0
Jun 29 21:25:08 witherspoon button_power.exe[1050]: GPIO Lookup:  POWER_BUTTON = 347,both
Jun 29 21:25:08 witherspoon systemd[1]: Started Phosphor Reset Button0.
Jun 29 21:25:08 witherspoon power_control.exe[1054]: GPIO Lookup:  SYS_PWROK_BUFF = 306,in
Jun 29 21:25:08 witherspoon power_control.exe[1054]: GPIO Lookup:  SOFTWARE_PGOOD = 417,out
Jun 29 21:25:08 witherspoon power_control.exe[1054]: GPIO Lookup:  BMC_POWER_UP = 305,out
Jun 29 21:25:08 witherspoon power_control.exe[1054]: GPIO Lookup:  BMC_CP0_RESET_N = 281,out
Jun 29 21:25:08 witherspoon power_control.exe[1054]: Pgood state: 0
Jun 29 21:25:08 witherspoon systemd[1]: Started Phosphor Power Button0.
Jun 29 21:25:08 witherspoon phosphor-discover-system-state[1066]: Host power is off, checking power policy
Jun 29 21:25:09 witherspoon systemd[1]: Started Reboot If Enabled.
Jun 29 21:25:09 witherspoon systemd[1]: Started Phosphor Power0 Control.
Jun 29 21:25:10 witherspoon systemd[1]: Started Wait for /xyz/openbmc_project/control/host0.
Jun 29 21:25:10 witherspoon systemd[1]: Started Wait for /org/openbmc/control/power0.
Jun 29 21:25:10 witherspoon systemd[1]: Starting Phosphor Time Manager daemon...
Jun 29 21:25:10 witherspoon systemd[1]: Starting Check Chassis0 pgood and create a file to indicate it...
Jun 29 21:25:10 witherspoon timemanager[1083]: Registering dbus methods
Jun 29 21:25:11 witherspoon system_manager.py[1003]: SystemManager Goto System State: BMC_READY
Jun 29 21:25:11 witherspoon system_manager.py[1003]: Running System State: BMC_READY
Jun 29 21:25:11 witherspoon timemanager[1083]: Last known time_mode: MANUAL
Jun 29 21:25:11 witherspoon timemanager[1083]: Empty DhcpNtp string
Jun 29 21:25:11 witherspoon timemanager[1083]: Reading Power Control key: pgood
Jun 29 21:25:11 witherspoon timemanager[1083]: Changing settings *allowed* now
Jun 29 21:25:11 witherspoon timemanager[1083]: Getting System Settings: time_mode
Jun 29 21:25:11 witherspoon timemanager[1083]: Requested_Mode: MANUAL Current_Mode: MANUAL
Jun 29 21:25:11 witherspoon timemanager[1083]: Mode is already set to : MANUAL
Jun 29 21:25:11 witherspoon timemanager[1083]: Getting System Settings: time_owner
Jun 29 21:25:11 witherspoon systemd[1]: Started Check Chassis0 pgood and create a file to indicate it.
Jun 29 21:25:11 witherspoon systemd[1]: Reached target Chassis0 power on after reset.
Jun 29 21:25:11 witherspoon systemd[1]: Reached target Host0 running after reset.
Jun 29 21:25:11 witherspoon systemd[1]: Reached target Host0 (Reset Check).
Jun 29 21:25:11 witherspoon systemd[1]: Reached target Chassis0 (Reset Check).
Jun 29 21:25:11 witherspoon timemanager[1083]: Owner is already set to : BMC
Jun 29 21:25:11 witherspoon timemanager[1083]: Getting System Settings: use_dhcp_ntp
Jun 29 21:25:11 witherspoon timemanager[1083]: use_dhcp_ntp = yes
Jun 29 21:25:11 witherspoon timemanager[1083]: Last known host_offset:0
Jun 29 21:25:11 witherspoon timemanager[1083]: Initial Uptime Usec: 1498771405674060
Jun 29 21:25:11 witherspoon systemd[1]: Started Phosphor Time Manager daemon.
Jun 29 21:25:11 witherspoon systemd[1]: Reached target Phosphor System - Standby.
Jun 29 21:25:11 witherspoon systemd[1]: Startup finished in 8.410s (kernel) + 1min 37.662s (userspace) = 1min 46.072s.
Jun 29 21:25:11 witherspoon phosphor-bmc-state-manager[1052]: BMC_READY
Jun 29 21:25:11 witherspoon phosphor-bmc-state-manager[1052]: Setting the BMCState field
Jun 29 21:25:21 witherspoon phosphor-gevent[1005]: Traceback (most recent call last):
Jun 29 21:25:21 witherspoon phosphor-gevent[1005]:   File "/usr/lib/python2.7/site-packages/gevent/greenlet.py", line 327, in run
Jun 29 21:25:21 witherspoon phosphor-gevent[1005]:     result = self._run(*self.args, **self.kwargs)
Jun 29 21:25:21 witherspoon phosphor-gevent[1005]:   File "/usr/lib/python2.7/site-packages/gevent/server.py", line 102, in wrap_socket_and_handle
Jun 29 21:25:21 witherspoon phosphor-gevent[1005]:     ssl_socket = self.wrap_socket(client_socket, **self.ssl_args)
Jun 29 21:25:21 witherspoon phosphor-gevent[1005]:   File "/usr/lib/python2.7/site-packages/gevent/ssl.py", line 404, in wrap_socket
Jun 29 21:25:21 witherspoon phosphor-gevent[1005]:     ciphers=ciphers)
Jun 29 21:25:21 witherspoon phosphor-gevent[1005]:   File "/usr/lib/python2.7/site-packages/gevent/ssl.py", line 113, in __init__
Jun 29 21:25:21 witherspoon phosphor-gevent[1005]:     self.do_handshake()
Jun 29 21:25:21 witherspoon phosphor-gevent[1005]:   File "/usr/lib/python2.7/site-packages/gevent/ssl.py", line 324, in do_handshake
Jun 29 21:25:21 witherspoon phosphor-gevent[1005]:     return self._sslobj.do_handshake()
Jun 29 21:25:21 witherspoon phosphor-gevent[1005]: SSLEOFError: EOF occurred in violation of protocol (_ssl.c:590)
Jun 29 21:25:21 witherspoon phosphor-gevent[1005]: <Greenlet at 0x7607e300: <bound method WSGIServer.wrap_socket_and_handle of <WSGIServer at 0x760578d0 fileno=5 address=('::34a2:f676:b07d:6c76%1986821536', 443, 0, 1986821536)>>(<socket at 0x75f2d2f0 fileno=9>, ('::8089:6a76:8e91:f402%1995803420', 43822, 0, 199)> failed with SSLEOFError
Jun 29 21:25:21 witherspoon phosphor-gevent[1005]: Traceback (most recent call last):
Jun 29 21:25:21 witherspoon phosphor-gevent[1005]:   File "/usr/lib/python2.7/site-packages/gevent/greenlet.py", line 327, in run
Jun 29 21:25:21 witherspoon phosphor-gevent[1005]:     result = self._run(*self.args, **self.kwargs)
Jun 29 21:25:21 witherspoon phosphor-gevent[1005]:   File "/usr/lib/python2.7/site-packages/gevent/server.py", line 102, in wrap_socket_and_handle
Jun 29 21:25:21 witherspoon phosphor-gevent[1005]:     ssl_socket = self.wrap_socket(client_socket, **self.ssl_args)
Jun 29 21:25:21 witherspoon phosphor-gevent[1005]:   File "/usr/lib/python2.7/site-packages/gevent/ssl.py", line 404, in wrap_socket
Jun 29 21:25:21 witherspoon phosphor-gevent[1005]:     ciphers=ciphers)
Jun 29 21:25:21 witherspoon phosphor-gevent[1005]:   File "/usr/lib/python2.7/site-packages/gevent/ssl.py", line 113, in __init__
Jun 29 21:25:21 witherspoon phosphor-gevent[1005]:     self.do_handshake()
Jun 29 21:25:21 witherspoon phosphor-gevent[1005]:   File "/usr/lib/python2.7/site-packages/gevent/ssl.py", line 324, in do_handshake
Jun 29 21:25:21 witherspoon phosphor-gevent[1005]:     return self._sslobj.do_handshake()
Jun 29 21:25:21 witherspoon phosphor-gevent[1005]: SSLEOFError: EOF occurred in violation of protocol (_ssl.c:590)
Jun 29 21:25:21 witherspoon phosphor-gevent[1005]: <Greenlet at 0x7607e5d0: <bound method WSGIServer.wrap_socket_and_handle of <WSGIServer at 0x760578d0 fileno=5 address=('::34a2:f676:b07d:6c76%1986821536', 443, 0, 1986821536)>>(<socket at 0x75f2d290 fileno=10>, ('::8089:6a76:8e91:f402%1995803420', 43888, 0, 199)> failed with SSLEOFError
Jun 29 21:25:21 witherspoon phosphor-gevent[1005]: Traceback (most recent call last):
Jun 29 21:25:21 witherspoon phosphor-gevent[1005]:   File "/usr/lib/python2.7/site-packages/gevent/greenlet.py", line 327, in run
Jun 29 21:25:21 witherspoon phosphor-gevent[1005]:     result = self._run(*self.args, **self.kwargs)
Jun 29 21:25:21 witherspoon phosphor-gevent[1005]:   File "/usr/lib/python2.7/site-packages/gevent/server.py", line 102, in wrap_socket_and_handle
Jun 29 21:25:21 witherspoon phosphor-gevent[1005]:     ssl_socket = self.wrap_socket(client_socket, **self.ssl_args)
Jun 29 21:25:21 witherspoon phosphor-gevent[1005]:   File "/usr/lib/python2.7/site-packages/gevent/ssl.py", line 404, in wrap_socket
Jun 29 21:25:21 witherspoon phosphor-gevent[1005]:     ciphers=ciphers)
Jun 29 21:25:21 witherspoon phosphor-gevent[1005]:   File "/usr/lib/python2.7/site-packages/gevent/ssl.py", line 113, in __init__
Jun 29 21:25:21 witherspoon phosphor-gevent[1005]:     self.do_handshake()
Jun 29 21:25:21 witherspoon phosphor-gevent[1005]:   File "/usr/lib/python2.7/site-packages/gevent/ssl.py", line 324, in do_handshake
Jun 29 21:25:21 witherspoon phosphor-gevent[1005]:     return self._sslobj.do_handshake()
Jun 29 21:25:21 witherspoon phosphor-gevent[1005]: SSLEOFError: EOF occurred in violation of protocol (_ssl.c:590)
Jun 29 21:25:21 witherspoon phosphor-gevent[1005]: <Greenlet at 0x7607e2b0: <bound method WSGIServer.wrap_socket_and_handle of <WSGIServer at 0x760578d0 fileno=5 address=('::34a2:f676:b07d:6c76%1986821536', 443, 0, 1986821536)>>(<socket at 0x75f2d330 fileno=11>, ('::8089:6a76:8e91:f402%1995803420', 43912, 0, 199)> failed with SSLEOFError
Jun 29 21:25:39 witherspoon phosphor-gevent[1005]: ::8089:6a76:8e91:f402%1995803420 - - [2017-06-29 21:25:39] "POST /login HTTP/1.1" 200 320 0.044755
Jun 29 21:25:39 witherspoon phosphor-gevent[1005]: ::8089:6a76:8e91:f402%1995803420 - - [2017-06-29 21:25:39] "GET /xyz/openbmc_project/state/chassis0//attr/CurrentPowerState HTTP/1.1" 200 216 0.059015
Jun 29 21:25:39 witherspoon phosphor-gevent[1005]: ::8089:6a76:8e91:f402%1995803420 - - [2017-06-29 21:25:39] "POST /login HTTP/1.1" 200 320 0.032762
Jun 29 21:25:39 witherspoon phosphor-gevent[1005]: ::8089:6a76:8e91:f402%1995803420 - - [2017-06-29 21:25:39] "GET /xyz/openbmc_project/state/chassis0//attr/CurrentPowerState HTTP/1.1" 200 216 0.050167
Jun 29 21:25:40 witherspoon phosphor-gevent[1005]: ::8089:6a76:8e91:f402%1995803420 - - [2017-06-29 21:25:40] "POST /login HTTP/1.1" 200 320 0.032882
Jun 29 21:25:40 witherspoon phosphor-gevent[1005]: ::8089:6a76:8e91:f402%1995803420 - - [2017-06-29 21:25:40] "GET /org/openbmc/sensors/host/BootProgress/attr/value HTTP/1.1" 200 170 0.055484
Jun 29 21:25:40 witherspoon phosphor-gevent[1005]: ::8089:6a76:8e91:f402%1995803420 - - [2017-06-29 21:25:40] "POST /login HTTP/1.1" 200 320 0.048517
Jun 29 21:25:40 witherspoon phosphor-gevent[1005]: ::8089:6a76:8e91:f402%1995803420 - - [2017-06-29 21:25:40] "GET /xyz/openbmc_project/state/host0//attr/CurrentHostState HTTP/1.1" 200 212 0.134127
Jun 29 21:25:40 witherspoon phosphor-gevent[1005]: ::8089:6a76:8e91:f402%1995803420 - - [2017-06-29 21:25:40] "POST /login HTTP/1.1" 200 320 0.032390
Jun 29 21:25:40 witherspoon phosphor-gevent[1005]: ::8089:6a76:8e91:f402%1995803420 - - [2017-06-29 21:25:40] "GET /xyz/openbmc_project/logging/entry/list HTTP/1.1" 404 311 0.030286
Jun 29 21:25:40 witherspoon dropbear[984]: Exit (root): Error reading: Connection reset by peer
Jun 29 21:25:40 witherspoon systemd[1]: Started SSH Per-Connection Server (9.41.165.94:49336).
Jun 29 21:25:41 witherspoon dropbear[1099]: Failed loading /etc/dropbear/dropbear_dss_host_key
Jun 29 21:25:41 witherspoon dropbear[1099]: Failed loading /etc/dropbear/dropbear_ecdsa_host_key
Jun 29 21:25:41 witherspoon dropbear[1099]: Child connection from ::ffff:9.41.165.94:49336
Jun 29 21:25:41 witherspoon dropbear[1099]: PAM password auth succeeded for 'root' from ::ffff:9.41.165.94:49336
Jun 29 21:25:41 witherspoon dropbear[1100]: lastlog_perform_login: Couldn't stat /var/log/lastlog: No such file or directory
Jun 29 21:25:41 witherspoon dropbear[1100]: lastlog_openseek: /var/log/lastlog is not a file or directory!
Jun 29 21:25:43 witherspoon phosphor-gevent[1005]: ::8089:6a76:8e91:f402%1995803420 - - [2017-06-29 21:25:43] "POST /login HTTP/1.1" 200 320 0.033020
Jun 29 21:25:43 witherspoon phosphor-gevent[1005]: ::8089:6a76:8e91:f402%1995803420 - - [2017-06-29 21:25:43] "GET /xyz/openbmc_project/state/host0//attr/CurrentHostState HTTP/1.1" 200 212 0.056288
Jun 29 21:25:43 witherspoon dropbear[1099]: Exit (root): Exited normally
Jun 29 21:26:45 witherspoon systemd[1]: Started SSH Per-Connection Server (9.41.165.94:43052).
Jun 29 21:26:45 witherspoon dropbear[1109]: Failed loading /etc/dropbear/dropbear_dss_host_key
Jun 29 21:26:45 witherspoon dropbear[1109]: Failed loading /etc/dropbear/dropbear_ecdsa_host_key
Jun 29 21:26:45 witherspoon dropbear[1109]: Child connection from ::ffff:9.41.165.94:43052
Jun 29 21:26:46 witherspoon dropbear[1109]: PAM password auth succeeded for 'root' from ::ffff:9.41.165.94:43052
Jun 29 21:26:46 witherspoon dropbear[1110]: lastlog_perform_login: Couldn't stat /var/log/lastlog: No such file or directory
Jun 29 21:26:46 witherspoon dropbear[1110]: lastlog_openseek: /var/log/lastlog is not a file or directory!
Jun 29 21:26:47 witherspoon systemd[1]: Started SSH Per-Connection Server (9.41.165.94:43054).
Jun 29 21:26:47 witherspoon dropbear[1119]: Failed loading /etc/dropbear/dropbear_dss_host_key
Jun 29 21:26:47 witherspoon dropbear[1119]: Failed loading /etc/dropbear/dropbear_ecdsa_host_key
Jun 29 21:26:47 witherspoon dropbear[1119]: Child connection from ::ffff:9.41.165.94:43054
Jun 29 21:26:48 witherspoon dropbear[1119]: PAM password auth succeeded for 'root' from ::ffff:9.41.165.94:43054
Jun 29 21:26:48 witherspoon dropbear[1120]: lastlog_perform_login: Couldn't stat /var/log/lastlog: No such file or directory
Jun 29 21:26:48 witherspoon dropbear[1120]: lastlog_openseek: /var/log/lastlog is not a file or directory!
Jun 29 21:26:49 witherspoon systemd[1]: Started SSH Per-Connection Server (9.41.165.94:43056).
Jun 29 21:26:49 witherspoon dropbear[1126]: Failed loading /etc/dropbear/dropbear_dss_host_key
Jun 29 21:26:49 witherspoon dropbear[1126]: Failed loading /etc/dropbear/dropbear_ecdsa_host_key
Jun 29 21:26:49 witherspoon dropbear[1126]: Child connection from ::ffff:9.41.165.94:43056
Jun 29 21:26:50 witherspoon dropbear[1126]: PAM password auth succeeded for 'root' from ::ffff:9.41.165.94:43056
Jun 29 21:26:50 witherspoon dropbear[1127]: lastlog_perform_login: Couldn't stat /var/log/lastlog: No such file or directory
Jun 29 21:26:50 witherspoon dropbear[1127]: lastlog_openseek: /var/log/lastlog is not a file or directory!
Jun 29 21:26:51 witherspoon phosphor-gevent[1005]: ::8089:6a76:8e91:f402%1995803420 - - [2017-06-29 21:26:51] "POST /login HTTP/1.1" 200 320 0.039423
Jun 29 21:26:51 witherspoon phosphor-gevent[1005]: ::8089:6a76:8e91:f402%1995803420 - - [2017-06-29 21:26:51] "POST /login HTTP/1.1" 200 320 0.032900
Jun 29 21:26:51 witherspoon phosphor-gevent[1005]: ::8089:6a76:8e91:f402%1995803420 - - [2017-06-29 21:26:51] "GET /xyz/openbmc_project/state/host0//attr/CurrentHostState HTTP/1.1" 200 212 0.050194
Jun 29 21:26:52 witherspoon systemd[1]: Created slice system-obmc\x2dconsole\x2dssh.slice.
Jun 29 21:26:52 witherspoon systemd[1]: Started Phosphor Host Console SSH Per-Connection (9.41.165.94:59844).
Jun 29 21:26:52 witherspoon dropbear[1133]: Failed loading /etc/dropbear/dropbear_dss_host_key
Jun 29 21:26:52 witherspoon dropbear[1133]: Failed loading /etc/dropbear/dropbear_ecdsa_host_key
Jun 29 21:26:52 witherspoon dropbear[1133]: Child connection from ::ffff:9.41.165.94:59844
Jun 29 21:26:52 witherspoon phosphor-gevent[1005]: ::8089:6a76:8e91:f402%1995803420 - - [2017-06-29 21:26:52] "POST /login HTTP/1.1" 200 320 0.116401
Jun 29 21:26:52 witherspoon phosphor-host-state-manager[1049]: Host State transaction request
Jun 29 21:26:53 witherspoon dropbear[1133]: PAM password auth succeeded for 'root' from ::ffff:9.41.165.94:59844
Jun 29 21:26:53 witherspoon dropbear[1134]: lastlog_perform_login: Couldn't stat /var/log/lastlog: No such file or directory
Jun 29 21:26:53 witherspoon dropbear[1134]: lastlog_openseek: /var/log/lastlog is not a file or directory!
Jun 29 21:26:53 witherspoon phosphor-gevent[1005]: ::8089:6a76:8e91:f402%1995803420 - - [2017-06-29 21:26:53] "PUT /xyz/openbmc_project/state/host0//attr/RequestedHostTransition HTTP/1.1" 200 169 0.403467
Jun 29 21:26:53 witherspoon systemd[1]: Reached target Stop Host checkstop monitor.
Jun 29 21:26:53 witherspoon systemd[1]: Created slice system-op\x2dwait\x2dpower\x2doff.slice.
Jun 29 21:26:53 witherspoon systemd[1]: Created slice system-mboxd\x2dreload.slice.
Jun 29 21:26:53 witherspoon systemd[1]: Created slice system-obmc\x2dled\x2dgroup\x2dstop.slice.
Jun 29 21:26:53 witherspoon systemd[1]: Starting Wait for /org/openbmc/control/chassis0...
Jun 29 21:26:53 witherspoon systemd[1]: Reached target Stop Hosti (Pre).
Jun 29 21:26:53 witherspoon systemd[1]: Stopped target Host0 running after reset.
Jun 29 21:26:53 witherspoon systemd[1]: Created slice system-ir35221\x2doff\x2dbind.slice.
Jun 29 21:26:53 witherspoon systemd[1]: Created slice system-op\x2dpower\x2dstop.slice.
Jun 29 21:26:53 witherspoon systemd[1]: Created slice system-ir35221\x2doff\x2dunbind.slice.
Jun 29 21:26:53 witherspoon systemd[1]: Stopped target Chassis0 (Reset Check).
Jun 29 21:26:53 witherspoon systemd[1]: Stopped target Host0 (Reset Check).
Jun 29 21:26:53 witherspoon systemd[1]: Starting Wait for /xyz/openbmc_project/led/groups/power_on...
Jun 29 21:26:53 witherspoon systemd[1]: Starting Wait for /org/openbmc/HostIpmi/1...
Jun 29 21:26:53 witherspoon systemd[1]: Reached target Hosti (Stopping).
Jun 29 21:26:53 witherspoon systemd[1]: Reached target Hosti (Stopped).
Jun 29 21:26:53 witherspoon systemd[1]: Reached target Poweri Off (Pre).
Jun 29 21:26:53 witherspoon systemd[1]: Reached target Poweri Off.
Jun 29 21:26:53 witherspoon systemd[1]: Reached target Stop Host0 (Pre).
Jun 29 21:26:53 witherspoon systemd[1]: Starting Power off mode unbind ir35221 device driver devs...
Jun 29 21:26:53 witherspoon systemd[1]: Created slice system-vcs_off_poweroff.slice.
Jun 29 21:26:53 witherspoon systemd[1]: Started Power off mode unbind ir35221 device driver devs.
Jun 29 21:26:53 witherspoon systemd[1]: xyz.openbmc_project.Hwmon@ahb-apb-i2c\x401e78a000-i2c\x2dbus\x40140-ir35221\x4071.service: Unit not needed anymore. Stopping.
Jun 29 21:26:53 witherspoon systemd[1]: Stopping Phosphor Hwmon Poller...
Jun 29 21:26:53 witherspoon systemd[1]: Stopped Phosphor Hwmon Poller.
Jun 29 21:26:53 witherspoon systemd[1]: xyz.openbmc_project.Hwmon@ahb-apb-i2c\x401e78a000-i2c\x2dbus\x40140-ir35221\x4070.service: Service hold-off time over, scheduling restart.
Jun 29 21:26:53 witherspoon systemd[1]: Stopped Phosphor Hwmon Poller.
Jun 29 21:26:53 witherspoon systemd[1]: Started Phosphor Hwmon Poller.
Jun 29 21:26:53 witherspoon systemd[1]: xyz.openbmc_project.Hwmon@ahb-apb-i2c\x401e78a000-i2c\x2dbus\x40140-ir35221\x4070.service: Unit not needed anymore. Stopping.
Jun 29 21:26:53 witherspoon systemd[1]: Stopping Phosphor Hwmon Poller...
Jun 29 21:26:53 witherspoon systemd[1]: xyz.openbmc_project.Hwmon@ahb-apb-i2c\x401e78a000-i2c\x2dbus\x40180-ir35221\x4071.service: Unit not needed anymore. Stopping.
Jun 29 21:26:54 witherspoon systemd[1]: Stopping Phosphor Hwmon Poller...
Jun 29 21:26:54 witherspoon systemd[1]: Stopped Phosphor Hwmon Poller.
Jun 29 21:26:54 witherspoon systemd[1]: Stopped Phosphor Hwmon Poller.
Jun 29 21:26:54 witherspoon systemd[1]: xyz.openbmc_project.Hwmon@ahb-apb-i2c\x401e78a000-i2c\x2dbus\x40180-ir35221\x4070.service: Unit not needed anymore. Stopping.
Jun 29 21:26:54 witherspoon systemd[1]: Stopping Phosphor Hwmon Poller...
Jun 29 21:26:54 witherspoon systemd[1]: Stopped Phosphor Hwmon Poller.
Jun 29 21:26:55 witherspoon phosphor-gevent[1005]: ::8089:6a76:8e91:f402%1995803420 - - [2017-06-29 21:26:55] "POST /login HTTP/1.1" 200 320 0.032535
Jun 29 21:26:55 witherspoon systemd[1]: Started Wait for /xyz/openbmc_project/led/groups/power_on.
Jun 29 21:26:55 witherspoon systemd[1]: Starting Assert power_on LED...
Jun 29 21:26:57 witherspoon systemd[1]: Started Wait for /org/openbmc/control/chassis0.
Jun 29 21:26:57 witherspoon systemd[1]: Started Wait for /org/openbmc/HostIpmi/1.
Jun 29 21:26:57 witherspoon systemd[1]: Starting Soft power off of the host...
Jun 29 21:26:58 witherspoon hwmon.py[1023]: Removing: /sys/class/hwmon/hwmon4/
Jun 29 21:26:58 witherspoon hwmon.py[1023]: Removing: /sys/class/hwmon/hwmon5/
Jun 29 21:26:58 witherspoon hwmon.py[1023]: Removing: /sys/class/hwmon/hwmon6/
Jun 29 21:26:58 witherspoon hwmon.py[1023]: Removing: /sys/class/hwmon/hwmon7/
Jun 29 21:26:58 witherspoon phosphor-gevent[1005]: ::8089:6a76:8e91:f402%1995803420 - - [2017-06-29 21:26:58] "GET /xyz/openbmc_project/state/host0//attr/CurrentHostState HTTP/1.1" 200 212 3.897610
Jun 29 21:26:59 witherspoon ipmid[1047]: Pushing cmd on to queue
Jun 29 21:26:59 witherspoon ipmid[1047]: Asserting SMS Attention
Jun 29 21:26:59 witherspoon phosphor-gevent[1005]: ::8089:6a76:8e91:f402%1995803420 - - [2017-06-29 21:26:59] "POST /login HTTP/1.1" 200 320 0.032575
Jun 29 21:26:59 witherspoon systemd[1]: Started Assert power_on LED.
Jun 29 21:26:59 witherspoon ipmid[1047]: SMS Attention asserted
Jun 29 21:26:59 witherspoon phosphor-gevent[1005]: ::8089:6a76:8e91:f402%1995803420 - - [2017-06-29 21:26:59] "GET /org/openbmc/sensors/host/BootProgress/attr/value HTTP/1.1" 200 170 0.174341
Jun 29 21:27:00 witherspoon phosphor-gevent[1005]: ::8089:6a76:8e91:f402%1995803420 - - [2017-06-29 21:27:00] "POST /login HTTP/1.1" 200 320 0.104176
Jun 29 21:27:00 witherspoon phosphor-host-state-manager[1049]: Host State transaction request
Jun 29 21:27:00 witherspoon systemd[1]: Created slice system-pcie\x2dslot\x2ddetect.slice.
Jun 29 21:27:00 witherspoon systemd[1]: Created slice system-vrm\x2dcontrol.slice.
Jun 29 21:27:00 witherspoon systemd[1]: Created slice system-mapper\x2dsubtree\x2dremove.slice.
Jun 29 21:27:00 witherspoon systemd[1]: Created slice system-ir35221\x2don\x2dbind.slice.
Jun 29 21:27:00 witherspoon systemd[1]: Created slice system-avsbus\x2ddisable.slice.
Jun 29 21:27:00 witherspoon systemd[1]: Created slice system-phosphor\x2dfan\x2dpresence\x2dtach.slice.
Jun 29 21:27:00 witherspoon systemd[1]: Created slice system-ir35221\x2don\x2dunbind.slice.
Jun 29 21:27:00 witherspoon systemd[1]: Created slice system-cfam_override.slice.
Jun 29 21:27:00 witherspoon systemd[1]: Starting Witherspoon Fan Watchdog Reset...
Jun 29 21:27:00 witherspoon systemd[1]: Starting mapper subtree-remove /xyz/openbmc_project/software:xyz.openbmc_project.Software.ActivationBlocksTransition...
Jun 29 21:27:00 witherspoon systemd[1]: Created slice system-avsbus\x2denable.slice.
Jun 29 21:27:00 witherspoon systemd[1]: Created slice system-vcs_workaround.slice.
Jun 29 21:27:00 witherspoon systemd[1]: Created slice system-op\x2dpower\x2dstart.slice.
Jun 29 21:27:00 witherspoon phosphor-gevent[1005]: ::8089:6a76:8e91:f402%1995803420 - - [2017-06-29 21:27:00] "PUT /xyz/openbmc_project/state/host0//attr/RequestedHostTransition HTTP/1.1" 200 169 0.598543
Jun 29 21:27:01 witherspoon systemd[1]: Starting power on mode unbind ir35221 device driver devs...
Jun 29 21:27:01 witherspoon systemd[1]: Created slice system-vcs_off.slice.
Jun 29 21:27:01 witherspoon systemd[1]: Starting Assert power_on LED...
Jun 29 21:27:01 witherspoon systemd[1]: Created slice system-avsbus\x2dworkaround.slice.
Jun 29 21:27:01 witherspoon systemd[1]: Created slice system-start_host.slice.
Jun 29 21:27:01 witherspoon systemd[1]: Stopped Power off mode unbind ir35221 device driver devs.
Jun 29 21:27:01 witherspoon systemd[1]: Created slice system-fsi\x2dscan.slice.
Jun 29 21:27:01 witherspoon systemd[1]: Stopped target Stop Host checkstop monitor.
Jun 29 21:27:01 witherspoon systemd[1]: Created slice system-fsi\x2dbind.slice.
Jun 29 21:27:01 witherspoon systemd[1]: Created slice system-phosphor\x2dgpio\x2dmonitor.slice.
Jun 29 21:27:02 witherspoon phosphor-gevent[1005]: ::8089:6a76:8e91:f402%1995803420 - - [2017-06-29 21:27:02] "POST /login HTTP/1.1" 200 320 0.742429
Jun 29 21:27:01 witherspoon systemd[1]: Started Phosphor GPIO checkstop monitor.
Jun 29 21:27:01 witherspoon systemd[1]: Reached target Start Host checkstop monitor.
Jun 29 21:27:01 witherspoon systemd[1]: Created slice system-ucd_disable_vcs.slice.
Jun 29 21:27:01 witherspoon systemd[1]: Starting Disable UCD VCS rails...
Jun 29 21:27:01 witherspoon systemd[1]: Created slice system-vcs_on.slice.
Jun 29 21:27:01 witherspoon systemd[1]: Created slice system-op\x2dwait\x2dpower\x2don.slice.
Jun 29 21:27:01 witherspoon systemd[1]: Starting Wait for Power0 to turn on...
Jun 29 21:27:01 witherspoon systemd[1]: Stopped target Stop Host0 (Pre).
Jun 29 21:27:01 witherspoon systemd[1]: Created slice system-phosphor\x2dfan\x2dcontrol\x2dinit.slice.
Jun 29 21:27:01 witherspoon systemd[1]: Created slice system-phosphor\x2dwatchdog.slice.
Jun 29 21:27:01 witherspoon systemd[1]: Started Phosphor poweron watchdog.
Jun 29 21:27:02 witherspoon systemd[1]: xyz.openbmc_project.Ipmi.Internal.SoftPowerOff.service: Main process exited, code=killed, status=15/TERM
Jun 29 21:27:02 witherspoon systemd[1]: Stopped Soft power off of the host.
Jun 29 21:27:02 witherspoon systemd[1]: xyz.openbmc_project.Ipmi.Internal.SoftPowerOff.service: Unit entered failed state.
Jun 29 21:27:02 witherspoon systemd[1]: xyz.openbmc_project.Ipmi.Internal.SoftPowerOff.service: Failed with result 'signal'.
Jun 29 21:27:02 witherspoon systemd[1]: Started Witherspoon Fan Watchdog Reset.
Jun 29 21:27:02 witherspoon ipmid[1047]: Host control timeout hit!
Jun 29 21:27:02 witherspoon ipmid[1047]: Timer expired
Jun 29 21:27:02 witherspoon systemd[1]: Started mapper subtree-remove /xyz/openbmc_project/software:xyz.openbmc_project.Software.ActivationBlocksTransition.
Jun 29 21:27:02 witherspoon systemd[1]: Started power on mode unbind ir35221 device driver devs.
Jun 29 21:27:02 witherspoon phosphor-host-state-manager[1049]: Received signal that host is off
Jun 29 21:27:02 witherspoon phosphor-host-state-manager[1049]: Change to Host State
Jun 29 21:27:02 witherspoon phosphor-chassis-state-manager[1051]: Received signal that power OFF is complete
Jun 29 21:27:02 witherspoon phosphor-chassis-state-manager[1051]: Change to Chassis Power State
Jun 29 21:27:02 witherspoon systemd[1]: xyz.openbmc_project.Hwmon@ahb-apb-i2c\x401e78a000-i2c\x2dbus\x40400-ucd90160\x4064.service: Unit not needed anymore. Stopping.
Jun 29 21:27:02 witherspoon systemd[1]: Stopping Phosphor Hwmon Poller...
Jun 29 21:27:03 witherspoon systemd[1]: Stopped Phosphor Hwmon Poller.
Jun 29 21:27:03 witherspoon kernel: ucd9000 11-0064: Device ID UCD90160|2.3.4.0000|110603
Jun 29 21:27:03 witherspoon kernel[926]: [  217.600000] ucd9000 11-0064: Device ID UCD90160|2.3.4.0000|110603
Jun 29 21:27:03 witherspoon systemd[1]: Started Disable UCD VCS rails.
Jun 29 21:27:03 witherspoon systemd[1]: Starting Perform AVS bus workaround on VRMs...
Jun 29 21:27:03 witherspoon systemd[1]: Started Phosphor Hwmon Poller.
Jun 29 21:27:04 witherspoon systemd[1]: Started Perform AVS bus workaround on VRMs.
Jun 29 21:27:04 witherspoon systemd[1]: Starting Disable the AVS bus on the VRMs...
Jun 29 21:27:05 witherspoon phosphor-gevent[1005]: ::8089:6a76:8e91:f402%1995803420 - - [2017-06-29 21:27:05] "GET /xyz/openbmc_project/state/host0//attr/CurrentHostState HTTP/1.1" 200 212 2.919862
Jun 29 21:27:05 witherspoon systemd[1]: Started Disable the AVS bus on the VRMs.
Jun 29 21:27:05 witherspoon systemd[1]: Starting Apply voltage overrides to VRMs...
Jun 29 21:27:05 witherspoon vrm-control.sh[1218]: rail        set        read        current
Jun 29 21:27:05 witherspoon vrm-control.sh[1218]: -------        ------- ------- -------
Jun 29 21:27:06 witherspoon vrm-control.sh[1218]: vdna        0.898V        0.004V        0.000A
Jun 29 21:27:06 witherspoon vrm-control.sh[1218]: vdnb        0.898V        0.004V        0.000A
Jun 29 21:27:06 witherspoon systemd[1]: Started Apply voltage overrides to VRMs.
Jun 29 21:27:06 witherspoon systemd[1]: Starting Enable the AVS bus on VRMs...
Jun 29 21:27:07 witherspoon systemd[1]: Started Enable the AVS bus on VRMs.
Jun 29 21:27:07 witherspoon systemd[1]: Starting Disable VCS before Witherspoon power on...
Jun 29 21:27:07 witherspoon systemd[1]: Started Disable VCS before Witherspoon power on.
Jun 29 21:27:07 witherspoon systemd[1]: Reached target Power0 On (Pre).
Jun 29 21:27:07 witherspoon systemd[1]: Starting Start Power0...
Jun 29 21:27:08 witherspoon phosphor-ledmanager[937]: Asserting LEDs
Jun 29 21:27:08 witherspoon phosphor-ledmanager[937]: No service providers for physical LED
Jun 29 21:27:08 witherspoon systemd[1]: Started Assert power_on LED.
Jun 29 21:27:08 witherspoon power_control.exe[1054]: PowerControl: setting power up SOFTWARE_PGOOD to 1
Jun 29 21:27:08 witherspoon power_control.exe[1054]: PowerControl: setting power up BMC_POWER_UP to 1
Jun 29 21:27:08 witherspoon systemd[1]: Started Start Power0.
Jun 29 21:27:08 witherspoon system_manager.py[1003]: Running System State: HOST_POWERING_ON
Jun 29 21:27:08 witherspoon timemanager[1083]:  PGOOD has changed..
Jun 29 21:27:09 witherspoon power_control.exe[1054]: PowerControl: pgood: 1, setting reset BMC_CP0_RESET_N to 1
Jun 29 21:27:09 witherspoon system_manager.py[1003]: Running System State: HOST_POWERED_ON
Jun 29 21:27:10 witherspoon timemanager[1083]:  PGOOD has changed..
Jun 29 21:27:10 witherspoon timemanager[1083]: Changing time settings is *deferred* now
Jun 29 21:27:10 witherspoon timemanager[1083]:  User Settings have changed..
Jun 29 21:27:09 witherspoon systemd[1]: Started Wait for Power0 to turn on.
Jun 29 21:27:10 witherspoon systemd[1]: Reached target Power0 On.
Jun 29 21:27:10 witherspoon systemd[1]: Reached target Power0 (On).
Jun 29 21:27:10 witherspoon systemd[1]: Started Phosphor Fan Control Initialization.
Jun 29 21:27:10 witherspoon systemd[1]: Starting PCIE Slot Presence Detection For Chassis0...
Jun 29 21:27:10 witherspoon systemd[1]: Started Phosphor Fan Presence Tach Daemon.
Jun 29 21:27:10 witherspoon systemd[1]: Starting Scan FSI devices...
Jun 29 21:27:10 witherspoon kernel:  fsi0: fsi: found chip c0010d12 at 00:00:00
Jun 29 21:27:10 witherspoon kernel:  slave@00:00: engine[2]: type 4, version 6, addr c00 size 400
Jun 29 21:27:10 witherspoon kernel:  slave@00:00: engine[3]: type 5, version 6, addr 1000 size 400
Jun 29 21:27:10 witherspoon kernel[926]: [  224.980000]  fsi0: fsi: found chip c0010d12 at 00:00:00
Jun 29 21:27:10 witherspoon kernel[926]: [  224.980000]  slave@00:00: engine[2]: type 4, version 6, addr c00 size 400
Jun 29 21:27:10 witherspoon kernel[926]: [  224.980000]  slave@00:00: engine[3]: type 5, version 6, addr 1000 size 400
Jun 29 21:27:11 witherspoon kernel:  slave@00:00: engine[4]: type 6, version 1, addr 1400 size 400
Jun 29 21:27:11 witherspoon kernel:  slave@00:00: engine[5]: type 7, version 2, addr 1800 size 400
Jun 29 21:27:11 witherspoon kernel:  slave@00:00: engine[8]: type 22, version 1, addr 2400 size 400
Jun 29 21:27:11 witherspoon kernel: sbefifo 00:00:00:06: Found sbefifo device
Jun 29 21:27:11 witherspoon kernel: occ-hwmon occ1-dev0: failed to get OCC poll response: -19
Jun 29 21:27:11 witherspoon kernel[926]: [  225.180000]  slave@00:00: engine[4]: type 6, version 1, addr 1400 size 400
Jun 29 21:27:11 witherspoon kernel[926]: [  225.180000]  slave@00:00: engine[5]: type 7, version 2, addr 1800 size 400
Jun 29 21:27:11 witherspoon kernel[926]: [  225.180000]  slave@00:00: engine[8]: type 22, version 1, addr 2400 size 400
Jun 29 21:27:11 witherspoon kernel[926]: [  225.180000] sbefifo 00:00:00:06: Found sbefifo device
Jun 29 21:27:11 witherspoon kernel[926]: [  225.180000] occ-hwmon occ1-dev0: failed to get OCC poll response: -19
Jun 29 21:27:11 witherspoon kernel:  slave@00:00: engine[9]: type 20, version 2, addr 2800 size 800
Jun 29 21:27:11 witherspoon kernel:  slave@00:00: engine[11]: type 1a, version 1, addr 3000 size 400
Jun 29 21:27:11 witherspoon kernel:  slave@00:00: engine[12]: type 1c, version 1, addr 3400 size 400
Jun 29 21:27:11 witherspoon kernel: fsi-master-hub 00:00:00:0a: hub version 92010800 (8 links)
Jun 29 21:27:11 witherspoon kernel:  slave@00:00: status: 0x84000510, sisc: 0x01040108
Jun 29 21:27:11 witherspoon kernel:  slave@00:00: status: 0x84000500, sisc: 0x00040108
Jun 29 21:27:11 witherspoon kernel:  fsi1: can't read slave 00:00 -5
Jun 29 21:27:11 witherspoon kernel:  fsi1: fsi: found chip c0010d12 at 01:01:00
Jun 29 21:27:11 witherspoon kernel:  slave@01:00: engine[2]: type 4, version 6, addr c00 size 400
Jun 29 21:27:11 witherspoon kernel:  slave@01:00: engine[3]: type 5, version 6, addr 1000 size 400
Jun 29 21:27:11 witherspoon kernel[926]: [  225.380000]  slave@00:00: engine[9]: type 20, version 2, addr 2800 size 800
Jun 29 21:27:11 witherspoon kernel[926]: [  225.380000]  slave@00:00: engine[11]: type 1a, version 1, addr 3000 size 400
Jun 29 21:27:11 witherspoon kernel[926]: [  225.380000]  slave@00:00: engine[12]: type 1c, version 1, addr 3400 size 400
Jun 29 21:27:11 witherspoon kernel[926]: [  225.380000] fsi-master-hub 00:00:00:0a: hub version 92010800 (8 links)
Jun 29 21:27:11 witherspoon kernel[926]: [  225.380000]  slave@00:00: status: 0x84000510, sisc: 0x01040108
Jun 29 21:27:11 witherspoon kernel[926]: [  225.380000]  slave@00:00: status: 0x84000500, sisc: 0x00040108
Jun 29 21:27:11 witherspoon kernel[926]: [  225.380000]  fsi1: can't read slave 00:00 -5
Jun 29 21:27:11 witherspoon kernel[926]: [  225.380000]  fsi1: fsi: found chip c0010d12 at 01:01:00
Jun 29 21:27:11 witherspoon kernel[926]: [  225.380000]  slave@01:00: engine[2]: type 4, version 6, addr c00 size 400
Jun 29 21:27:11 witherspoon kernel[926]: [  225.380000]  slave@01:00: engine[3]: type 5, version 6, addr 1000 size 400
Jun 29 21:27:12 witherspoon kernel:  slave@01:00: engine[4]: type 6, version 1, addr 1400 size 400
Jun 29 21:27:12 witherspoon kernel:  slave@01:00: engine[5]: type 7, version 2, addr 1800 size 400
Jun 29 21:27:12 witherspoon kernel:  slave@01:00: engine[8]: type 22, version 1, addr 2400 size 400
Jun 29 21:27:12 witherspoon kernel: sbefifo 01:01:00:06: Found sbefifo device
Jun 29 21:27:12 witherspoon kernel: occ-hwmon occ2-dev0: failed to get OCC poll response: -19
Jun 29 21:27:12 witherspoon kernel:  slave@01:00: engine[9]: type 20, version 2, addr 2800 size 800
Jun 29 21:27:12 witherspoon kernel:  slave@01:00: engine[11]: type 1a, version 1, addr 3000 size 400
Jun 29 21:27:12 witherspoon kernel:  slave@01:00: engine[12]: type 1c, version 1, addr 3400 size 400
Jun 29 21:27:12 witherspoon kernel: fsi-master-hub 01:01:00:0a: hub version 92010800 (8 links)
Jun 29 21:27:12 witherspoon kernel:  slave@00:00: status: 0x84000500, sisc: 0x00040108
Jun 29 21:27:12 witherspoon kernel:  slave@00:00: status: 0x84000500, sisc: 0x00040108
Jun 29 21:27:12 witherspoon kernel:  slave@01:00: status: 0x04000510, sisc: 0x01040000
Jun 29 21:27:12 witherspoon kernel:  slave@00:00: status: 0x84000500, sisc: 0x00040108
Jun 29 21:27:12 witherspoon kernel:  slave@00:00: status: 0x84000500, sisc: 0x00040108
Jun 29 21:27:12 witherspoon kernel:  slave@01:00: status: 0x04000500, sisc: 0x00040000
Jun 29 21:27:12 witherspoon kernel:  slave@00:00: status: 0x84000500, sisc: 0x00040108
Jun 29 21:27:12 witherspoon kernel:  slave@00:00: status: 0x84000500, sisc: 0x00040108
Jun 29 21:27:12 witherspoon kernel:  slave@01:00: status: 0x04000500, sisc: 0x00040000
