-- Logs begin at Fri 2017-07-07 01:43:31 UTC, end at Fri 2017-07-07 01:58:37 UTC. --
Jul 07 01:43:31 witherspoon kernel: Booting Linux on physical CPU 0x0
Jul 07 01:43:31 witherspoon kernel: Linux version 4.10.17-990f06c35b7e119f00967e90f0514dbbd2e1b51b (jenkins@openbmc-builder1) (gcc version 6.2.0 (GCC) ) #1 Thu Jul 6 21:19:14 UTC 2017
Jul 07 01:43:31 witherspoon kernel: CPU: ARMv6-compatible processor [410fb767] revision 7 (ARMv7), cr=00c5387d
Jul 07 01:43:31 witherspoon kernel: CPU: PIPT / VIPT nonaliasing data cache, VIPT nonaliasing instruction cache
Jul 07 01:43:31 witherspoon kernel: OF: fdt:Machine model: Witherspoon BMC
Jul 07 01:43:31 witherspoon kernel: Memory policy: Data cache writeback
Jul 07 01:43:31 witherspoon kernel: SOC Rev: 04030303
Jul 07 01:43:31 witherspoon kernel: On node 0 totalpages: 110592
Jul 07 01:43:31 witherspoon kernel: free_area_init_node: node 0, pgdat 805f33fc, node_mem_map 9ec1a000
Jul 07 01:43:31 witherspoon kernel:   Normal zone: 992 pages used for memmap
Jul 07 01:43:31 witherspoon kernel:   Normal zone: 0 pages reserved
Jul 07 01:43:31 witherspoon kernel:   Normal zone: 110592 pages, LIFO batch:31
Jul 07 01:43:31 witherspoon kernel: pcpu-alloc: s0 r0 d32768 u32768 alloc=1*32768
Jul 07 01:43:31 witherspoon kernel: pcpu-alloc: [0] 0 
Jul 07 01:43:31 witherspoon kernel: Built 1 zonelists in Zone order, mobility grouping on.  Total pages: 109600
Jul 07 01:43:31 witherspoon kernel: Kernel command line: console=ttyS4,115200n8 root=/dev/ram rw
Jul 07 01:43:31 witherspoon kernel: PID hash table entries: 2048 (order: 1, 8192 bytes)
Jul 07 01:43:31 witherspoon kernel: Dentry cache hash table entries: 65536 (order: 6, 262144 bytes)
Jul 07 01:43:31 witherspoon kernel: Inode-cache hash table entries: 32768 (order: 5, 131072 bytes)
Jul 07 01:43:31 witherspoon kernel: Memory: 430512K/442368K available (4048K kernel code, 280K rwdata, 1172K rodata, 276K init, 111K bss, 11856K reserved, 0K cma-reserved)
Jul 07 01:43:31 witherspoon kernel: Virtual kernel memory layout:
                                        vector  : 0xffff0000 - 0xffff1000   (   4 kB)
                                        fixmap  : 0xffc00000 - 0xfff00000   (3072 kB)
                                        vmalloc : 0x9f800000 - 0xff800000   (1536 MB)
                                        lowmem  : 0x80000000 - 0x9f000000   ( 496 MB)
                                          .text : 0x80008000 - 0x803fc590   (4050 kB)
                                          .init : 0x8057b000 - 0x805c0000   ( 276 kB)
                                          .data : 0x805c0000 - 0x806061a8   ( 281 kB)
                                           .bss : 0x806061a8 - 0x80622078   ( 112 kB)
Jul 07 01:43:31 witherspoon kernel: NR_IRQS:16 nr_irqs:16 16
Jul 07 01:43:31 witherspoon kernel: i2c controller registered, irq 16
Jul 07 01:43:31 witherspoon kernel: clocksource: moxart_timer: mask: 0xffffffff max_cycles: 0xffffffff, max_idle_ns: 77222644334 ns
Jul 07 01:43:31 witherspoon kernel: sched_clock: 32 bits at 100 Hz, resolution 10000000ns, wraps every 21474836475000000ns
Jul 07 01:43:31 witherspoon kernel: Calibrating delay loop... 789.70 BogoMIPS (lpj=3948544)
Jul 07 01:43:31 witherspoon kernel: pid_max: default: 32768 minimum: 301
Jul 07 01:43:31 witherspoon kernel: Mount-cache hash table entries: 1024 (order: 0, 4096 bytes)
Jul 07 01:43:31 witherspoon kernel: Mountpoint-cache hash table entries: 1024 (order: 0, 4096 bytes)
Jul 07 01:43:31 witherspoon kernel: CPU: Testing write buffer coherency: ok
Jul 07 01:43:31 witherspoon kernel: ftrace: allocating 14867 entries in 44 pages
Jul 07 01:43:31 witherspoon kernel: Setting up static identity map for 0x80008200 - 0x8000825c
Jul 07 01:43:31 witherspoon kernel: devtmpfs: initialized
Jul 07 01:43:31 witherspoon kernel: clocksource: jiffies: mask: 0xffffffff max_cycles: 0xffffffff, max_idle_ns: 19112604462750000 ns
Jul 07 01:43:31 witherspoon kernel: futex hash table entries: 256 (order: -1, 3072 bytes)
Jul 07 01:43:31 witherspoon kernel: pinctrl core: initialized pinctrl subsystem
Jul 07 01:43:31 witherspoon kernel: NET: Registered protocol family 16
Jul 07 01:43:31 witherspoon kernel: DMA: preallocated 256 KiB pool for atomic coherent allocations
Jul 07 01:43:31 witherspoon kernel: usbcore: registered new interface driver usbfs
Jul 07 01:43:31 witherspoon kernel: usbcore: registered new interface driver hub
Jul 07 01:43:31 witherspoon kernel: usbcore: registered new device driver usb
Jul 07 01:43:31 witherspoon kernel: clocksource: Switched to clocksource moxart_timer
Jul 07 01:43:31 witherspoon kernel: NET: Registered protocol family 2
Jul 07 01:43:31 witherspoon kernel: TCP established hash table entries: 4096 (order: 2, 16384 bytes)
Jul 07 01:43:31 witherspoon kernel: TCP bind hash table entries: 4096 (order: 2, 16384 bytes)
Jul 07 01:43:31 witherspoon kernel: TCP: Hash tables configured (established 4096 bind 4096)
Jul 07 01:43:31 witherspoon kernel: UDP hash table entries: 256 (order: 0, 4096 bytes)
Jul 07 01:43:31 witherspoon kernel: UDP-Lite hash table entries: 256 (order: 0, 4096 bytes)
Jul 07 01:43:31 witherspoon kernel: NET: Registered protocol family 1
Jul 07 01:43:31 witherspoon kernel: Trying to unpack rootfs image as initramfs...
Jul 07 01:43:31 witherspoon kernel: Freeing initrd memory: 1544K
Jul 07 01:43:31 witherspoon kernel: workingset: timestamp_bits=30 max_order=17 bucket_order=0
Jul 07 01:43:31 witherspoon kernel: squashfs: version 4.0 (2009/01/31) Phillip Lougher
Jul 07 01:43:31 witherspoon kernel: jffs2: version 2.2. (SUMMARY)  © 2001-2006 Red Hat, Inc.
Jul 07 01:43:31 witherspoon kernel: Block layer SCSI generic (bsg) driver version 0.4 loaded (major 250)
Jul 07 01:43:31 witherspoon kernel: io scheduler noop registered
Jul 07 01:43:31 witherspoon kernel: io scheduler deadline registered
Jul 07 01:43:31 witherspoon kernel: io scheduler cfq registered (default)
Jul 07 01:43:31 witherspoon kernel: ipmi-bt-host 1e789140.ibt: Found bt bmc device
Jul 07 01:43:31 witherspoon kernel: ipmi-bt-host 1e789140.ibt: Using IRQ 22
Jul 07 01:43:31 witherspoon kernel: Serial: 8250/16550 driver, 6 ports, IRQ sharing enabled
Jul 07 01:43:31 witherspoon kernel: 1e783000.serial: ttyS0 at MMIO 0x1e783000 (irq = 23, base_baud = 1500000) is a 16550A
Jul 07 01:43:31 witherspoon kernel: 1e78d000.serial: ttyS1 at MMIO 0x1e78d000 (irq = 24, base_baud = 1500000) is a 16550A
Jul 07 01:43:31 witherspoon kernel: 1e784000.serial: ttyS4 at MMIO 0x1e784000 (irq = 25, base_baud = 1500000) is a 16550A
Jul 07 01:43:31 witherspoon kernel: console [ttyS4] enabled
Jul 07 01:43:31 witherspoon kernel: 1e787000.vuart: ttyS2 at MMIO 0x1e787000 (irq = 22, base_baud = 1500000) is a 16550A
Jul 07 01:43:31 witherspoon kernel: timeriomem_rng 1e6e2078.hwrng: 32bits from 0xf00e2078 @ 1us
Jul 07 01:43:31 witherspoon kernel: brd: module loaded
Jul 07 01:43:31 witherspoon kernel: loop: module loaded
Jul 07 01:43:31 witherspoon kernel: aspeed-lpc-ctrl 1e789080.lpc-ctrl: Loaded at 0x98000000 (0x04000000)
Jul 07 01:43:31 witherspoon kernel: aspeed-smc 1e620000.flash-controller: Using IRQ 18
Jul 07 01:43:31 witherspoon kernel: aspeed-smc 1e620000.flash-controller: DMA support disabled.
Jul 07 01:43:31 witherspoon kernel: aspeed-smc 1e620000.flash-controller: mx25l25635e (32768 Kbytes)
Jul 07 01:43:31 witherspoon kernel: aspeed-smc 1e620000.flash-controller: CE0 window [ 0x20000000 - 0x22000000 ] 32MB
Jul 07 01:43:31 witherspoon kernel: aspeed-smc 1e620000.flash-controller: CE1 window [ 0x22000000 - 0x2a000000 ] 128MB
Jul 07 01:43:31 witherspoon kernel: 5 ofpart partitions found on MTD device bmc
Jul 07 01:43:31 witherspoon kernel: Creating 5 MTD partitions on "bmc":
Jul 07 01:43:31 witherspoon kernel: 0x000000000000-0x000000060000 : "u-boot"
Jul 07 01:43:31 witherspoon kernel: 0x000000060000-0x000000080000 : "u-boot-env"
Jul 07 01:43:31 witherspoon kernel: 0x000000080000-0x0000004c0000 : "kernel"
Jul 07 01:43:31 witherspoon kernel: 0x0000004c0000-0x000001c00000 : "rofs"
Jul 07 01:43:31 witherspoon kernel: 0x000001c00000-0x000002000000 : "rwfs"
Jul 07 01:43:31 witherspoon kernel: aspeed-smc 1e620000.flash-controller: mx25l25635e (32768 Kbytes)
Jul 07 01:43:31 witherspoon kernel: aspeed-smc 1e620000.flash-controller: CE1 window [ 0x22000000 - 0x24000000 ] 32MB
Jul 07 01:43:31 witherspoon kernel: aspeed-smc 1e620000.flash-controller: CE2 window [ 0x24000000 - 0x2c000000 ] 128MB
Jul 07 01:43:31 witherspoon kernel: aspeed-smc 1e630000.flash-controller: mx66l1g45g (131072 Kbytes)
Jul 07 01:43:31 witherspoon kernel: aspeed-smc 1e630000.flash-controller: CE0 window resized to 120MB (AST2500 HW quirk)
Jul 07 01:43:31 witherspoon kernel: aspeed-smc 1e630000.flash-controller: CE0 window [ 0x30000000 - 0x37800000 ] 120MB
Jul 07 01:43:31 witherspoon kernel: aspeed-smc 1e630000.flash-controller: CE0 window too small for chip 128MB
Jul 07 01:43:31 witherspoon kernel: aspeed-smc 1e630000.flash-controller: CE1 window [ 0x37800000 - 0x38000000 ] 8MB
Jul 07 01:43:31 witherspoon kernel: libphy: Fixed MDIO Bus: probed
Jul 07 01:43:31 witherspoon kernel: ftgmac100 1e660000.ethernet: Read MAC address 70:e2:84:14:28:a9 from chip
Jul 07 01:43:31 witherspoon kernel: ftgmac100 1e660000.ethernet: Using NCSI interface
Jul 07 01:43:31 witherspoon kernel: ftgmac100 1e660000.ethernet eth0: irq 20, mapped at f0060000
Jul 07 01:43:31 witherspoon kernel: ehci_hcd: USB 2.0 'Enhanced' Host Controller (EHCI) Driver
Jul 07 01:43:31 witherspoon kernel: ehci-platform: EHCI generic platform driver
Jul 07 01:43:31 witherspoon kernel:  fsi0: can't read slave 00:00 -5
Jul 07 01:43:31 witherspoon kernel: i2c /dev entries driver
Jul 07 01:43:31 witherspoon kernel: aspeed-i2c-bus 1e78a0c0.i2c-bus: i2c bus 2 registered, irq 26
Jul 07 01:43:31 witherspoon kernel: aspeed-i2c-bus 1e78a100.i2c-bus: i2c bus 3 registered, irq 27
Jul 07 01:43:31 witherspoon kernel: aspeed-i2c-bus 1e78a140.i2c-bus: i2c bus 4 registered, irq 28
Jul 07 01:43:31 witherspoon kernel: aspeed-i2c-bus 1e78a180.i2c-bus: i2c bus 5 registered, irq 29
Jul 07 01:43:31 witherspoon kernel: aspeed-i2c-bus 1e78a380.i2c-bus: i2c bus 9 registered, irq 30
Jul 07 01:43:31 witherspoon kernel: aspeed-i2c-bus 1e78a3c0.i2c-bus: i2c bus 10 registered, irq 31
Jul 07 01:43:31 witherspoon kernel: rtc-rv8803 11-0032: Voltage low, temperature compensation stopped.
Jul 07 01:43:31 witherspoon kernel: rtc-rv8803 11-0032: rtc core: registered rx8900 as rtc0
Jul 07 01:43:31 witherspoon kernel: at24 11-0051: 8192 byte 24c64 EEPROM, writable, 1 bytes/write
Jul 07 01:43:31 witherspoon kernel: aspeed-i2c-bus 1e78a400.i2c-bus: i2c bus 11 registered, irq 32
Jul 07 01:43:31 witherspoon kernel: aspeed-i2c-bus 1e78a440.i2c-bus: i2c bus 12 registered, irq 33
Jul 07 01:43:31 witherspoon kernel: aspeed-i2c-bus 1e78a480.i2c-bus: i2c bus 13 registered, irq 34
Jul 07 01:43:31 witherspoon kernel: Driver for 1-wire Dallas network protocol.
Jul 07 01:43:31 witherspoon kernel: lm75 9-004a: hwmon0: sensor 'tmp275'
Jul 07 01:43:31 witherspoon kernel: random: fast init done
Jul 07 01:43:31 witherspoon kernel: ucd9000 11-0064: Device ID UCD90160|2.3.4.0000|110603
Jul 07 01:43:31 witherspoon kernel: leds-pca955x 11-0060: leds-pca955x: Using pca9552 16-bit LED driver at slave address 0x60
Jul 07 01:43:31 witherspoon kernel: leds-pca955x 11-0060: gpios 264...279
Jul 07 01:43:31 witherspoon kernel: usbcore: registered new interface driver usbhid
Jul 07 01:43:31 witherspoon kernel: usbhid: USB HID core driver
Jul 07 01:43:31 witherspoon kernel: bmp280: probe of 3-0077 failed with error -5
Jul 07 01:43:31 witherspoon kernel: dps310 3-0076: iio:device1: sensor 'dps310'
Jul 07 01:43:31 witherspoon kernel: NET: Registered protocol family 10
Jul 07 01:43:31 witherspoon kernel: Segment Routing with IPv6
Jul 07 01:43:31 witherspoon kernel: NET: Registered protocol family 17
Jul 07 01:43:31 witherspoon kernel: console [netcon0] enabled
Jul 07 01:43:31 witherspoon kernel: netconsole: network logging started
Jul 07 01:43:31 witherspoon kernel: input: gpio-keys as /devices/platform/gpio-keys/input/input0
Jul 07 01:43:31 witherspoon kernel: rtc-rv8803 11-0032: setting system clock to 2017-07-07 01:43:21 UTC (1499391801)
Jul 07 01:43:31 witherspoon kernel: Freeing unused kernel memory: 276K
Jul 07 01:43:31 witherspoon kernel: This architecture does not have kernel memory protection.
Jul 07 01:43:31 witherspoon kernel: jffs2: notice: (513) jffs2_build_xattr_subsystem: complete building xattr subsystem, 0 of xdatum (0 unchecked, 0 orphan) and 0 of xref (0 dead, 0 orphan) found.
Jul 07 01:43:31 witherspoon systemd[1]: Failed to insert module 'autofs4': No such file or directory
Jul 07 01:43:31 witherspoon systemd[1]: systemd 232 running in system mode. (+PAM -AUDIT -SELINUX -IMA -APPARMOR -SMACK +SYSVINIT -UTMP -LIBCRYPTSETUP -GCRYPT -GNUTLS +ACL +XZ -LZ4 -SECCOMP +BLKID -ELFUTILS +KMOD -IDN)
Jul 07 01:43:31 witherspoon systemd[1]: Detected architecture arm.
Jul 07 01:43:31 witherspoon systemd[1]: Set hostname to <witherspoon>.
Jul 07 01:43:31 witherspoon systemd[1]: Listening on Journal Socket.
Jul 07 01:43:31 witherspoon systemd[1]: Reached target Remote File Systems.
Jul 07 01:43:31 witherspoon systemd[1]: Reached target Swap.
Jul 07 01:43:31 witherspoon systemd[1]: Listening on udev Control Socket.
Jul 07 01:43:31 witherspoon systemd[1]: Started Dispatch Password Requests to Console Directory Watch.
Jul 07 01:43:31 witherspoon systemd[1]: Listening on udev Kernel Socket.
Jul 07 01:43:31 witherspoon systemd[1]: Listening on Network Service Netlink Socket.
Jul 07 01:43:31 witherspoon systemd[1]: Reached target Slices.
Jul 07 01:43:31 witherspoon systemd[1]: Created slice system-obmc\x2dconsole.slice.
Jul 07 01:43:31 witherspoon systemd[1]: Created slice system-org.openbmc.buttons.Power.slice.
Jul 07 01:43:31 witherspoon systemd[1]: Starting Remount Root and Kernel File Systems...
Jul 07 01:43:31 witherspoon systemd[1]: Created slice system-phosphor\x2dcooling\x2dtype.slice.
Jul 07 01:43:31 witherspoon systemd[1]: Starting Journal Service...
Jul 07 01:43:31 witherspoon systemd[1]: Mounting Temporary Directory...
Jul 07 01:43:31 witherspoon systemd[1]: Created slice system-org.openbmc.control.Bmc.slice.
Jul 07 01:43:31 witherspoon systemd[1]: Created slice system-org.openbmc.control.Power.slice.
Jul 07 01:43:31 witherspoon systemd-journald[641]: Journal started
Jul 07 01:43:31 witherspoon systemd-journald[641]: Runtime journal (/run/log/journal/12c6a00ebfdd479284cf09f39d1bc042) is 0B, max 0B, 0B free.
Jul 07 01:43:32 witherspoon systemd[1]: Created slice system-org.openbmc.buttons.reset.slice.
Jul 07 01:43:33 witherspoon systemd-sysctl[644]: Couldn't write '16' to 'kernel/sysrq', ignoring: No such file or directory
Jul 07 01:43:33 witherspoon systemd-sysctl[644]: Couldn't write 'fq_codel' to 'net/core/default_qdisc', ignoring: No such file or directory
Jul 07 01:43:35 witherspoon systemd[1]: Started Remount Root and Kernel File Systems.
Jul 07 01:43:35 witherspoon systemd[1]: Started Apply Kernel Variables.
Jul 07 01:43:35 witherspoon systemd[1]: Starting Create System Users...
Jul 07 01:43:35 witherspoon systemd[1]: Starting Flush Journal to Persistent Storage...
Jul 07 01:43:35 witherspoon systemd[1]: Started udev Coldplug all Devices.
Jul 07 01:43:36 witherspoon systemd[1]: Started Create System Users.
Jul 07 01:43:36 witherspoon systemd[1]: Starting Create Static Device Nodes in /dev...
Jul 07 01:43:36 witherspoon systemd-journald[641]: Runtime journal (/run/log/journal/12c6a00ebfdd479284cf09f39d1bc042) is 0B, max 0B, 0B free.
Jul 07 01:43:36 witherspoon systemd[1]: Started Flush Journal to Persistent Storage.
Jul 07 01:43:36 witherspoon systemd[1]: Started Create Static Device Nodes in /dev.
Jul 07 01:43:36 witherspoon systemd[1]: Reached target Local File Systems (Pre).
Jul 07 01:43:36 witherspoon systemd[1]: Mounting /var/volatile...
Jul 07 01:43:36 witherspoon systemd[1]: Starting udev Kernel Device Manager...
Jul 07 01:43:36 witherspoon systemd[1]: Mounted /var/volatile.
Jul 07 01:43:36 witherspoon systemd[1]: Starting Load/Save Random Seed...
Jul 07 01:43:36 witherspoon systemd[1]: Reached target Local File Systems.
Jul 07 01:43:37 witherspoon systemd[1]: Starting Create Volatile Files and Directories...
Jul 07 01:43:37 witherspoon systemd[1]: Starting Rebuild Journal Catalog...
Jul 07 01:43:37 witherspoon systemd[1]: Started Load/Save Random Seed.
Jul 07 01:43:37 witherspoon systemd-tmpfiles[874]: "/var/tmp" already exists and is not a directory.
Jul 07 01:43:37 witherspoon systemd-tmpfiles[874]: "/var/log" already exists and is not a directory.
Jul 07 01:43:37 witherspoon systemd[1]: Started Create Volatile Files and Directories.
Jul 07 01:43:37 witherspoon systemd[1]: Started Rebuild Journal Catalog.
Jul 07 01:43:37 witherspoon systemd[1]: Starting Update is Completed...
Jul 07 01:43:37 witherspoon systemd[1]: Starting Run pending postinsts...
Jul 07 01:43:37 witherspoon systemd[1]: Starting Network Time Synchronization...
Jul 07 01:43:38 witherspoon systemd[1]: Started Update is Completed.
Jul 07 01:43:38 witherspoon systemd[1]: Started udev Kernel Device Manager.
Jul 07 01:43:38 witherspoon systemd[1]: Started Network Time Synchronization.
Jul 07 01:43:38 witherspoon systemd[1]: Reached target System Time Synchronized.
Jul 07 01:43:38 witherspoon run-postinsts[881]: Running postinst /etc/rpm-postinsts/libglib-2.0-0...
Jul 07 01:43:40 witherspoon systemd[1]: Created slice system-xyz.openbmc_project.Hwmon.slice.
Jul 07 01:43:40 witherspoon systemd[1]: dev-hugepages.mount: Couldn't determine result for ConditionVirtualization=!private-users, assuming failed: No such file or directory
Jul 07 01:43:40 witherspoon systemd[1]: Found device /dev/aspeed-lpc-ctrl.
Jul 07 01:43:40 witherspoon systemd[1]: Found device /dev/aspeed-mbox.
Jul 07 01:43:40 witherspoon systemd[1]: Found device /dev/ttyS4.
Jul 07 01:43:40 witherspoon systemd[1]: Found device /dev/ttyVUART0.
Jul 07 01:43:40 witherspoon systemd[1]: Created slice system-xyz.openbmc_project.led.controller.slice.
Jul 07 01:43:40 witherspoon systemd[1]: dev-hugepages.mount: Couldn't determine result for ConditionVirtualization=!private-users, assuming failed: No such file or directory
Jul 07 01:43:40 witherspoon systemd[1]: dev-hugepages.mount: Couldn't determine result for ConditionVirtualization=!private-users, assuming failed: No such file or directory
Jul 07 01:43:41 witherspoon systemd[1]: dev-hugepages.mount: Couldn't determine result for ConditionVirtualization=!private-users, assuming failed: No such file or directory
Jul 07 01:43:41 witherspoon systemd[1]: dev-hugepages.mount: Couldn't determine result for ConditionVirtualization=!private-users, assuming failed: No such file or directory
Jul 07 01:43:41 witherspoon systemd[1]: dev-hugepages.mount: Couldn't determine result for ConditionVirtualization=!private-users, assuming failed: No such file or directory
Jul 07 01:43:41 witherspoon systemd[1]: dev-hugepages.mount: Couldn't determine result for ConditionVirtualization=!private-users, assuming failed: No such file or directory
Jul 07 01:43:41 witherspoon systemd[1]: dev-hugepages.mount: Couldn't determine result for ConditionVirtualization=!private-users, assuming failed: No such file or directory
Jul 07 01:43:41 witherspoon systemd[1]: dev-hugepages.mount: Couldn't determine result for ConditionVirtualization=!private-users, assuming failed: No such file or directory
Jul 07 01:43:41 witherspoon systemd[1]: dev-hugepages.mount: Couldn't determine result for ConditionVirtualization=!private-users, assuming failed: No such file or directory
Jul 07 01:43:41 witherspoon run-postinsts[881]: rm: can't remove '/etc/rpm-postinsts': Invalid argument
Jul 07 01:43:42 witherspoon run-postinsts[881]:  Removing any system startup links for run-postinsts ...
Jul 07 01:43:42 witherspoon systemctl[913]: Removed /etc/systemd/system/sysinit.target.wants/run-postinsts.service.
Jul 07 01:43:42 witherspoon systemd[1]: Reloading.
Jul 07 01:43:44 witherspoon systemd[1]: Started Run pending postinsts.
Jul 07 01:43:44 witherspoon systemd[1]: Reached target System Initialization.
Jul 07 01:43:44 witherspoon systemd[1]: Listening on Avahi mDNS/DNS-SD Stack Activation Socket.
Jul 07 01:43:44 witherspoon systemd[1]: Listening on Phosphor Webserver socket.
Jul 07 01:43:44 witherspoon systemd[1]: Listening on Phosphor Host Console SSH Per-Connection socket.
Jul 07 01:43:44 witherspoon systemd[1]: Listening on Phosphor DBUS Browser socket.
Jul 07 01:43:45 witherspoon systemd[1]: Listening on phosphor-ipmi-net.socket.
Jul 07 01:43:45 witherspoon systemd[1]: Listening on D-Bus System Message Bus Socket.
Jul 07 01:43:45 witherspoon systemd[1]: Listening on dropbear.socket.
Jul 07 01:43:45 witherspoon systemd[1]: Reached target Sockets.
Jul 07 01:43:45 witherspoon systemd[1]: Reached target Basic System.
Jul 07 01:43:45 witherspoon systemd[1]: Starting OpenPower Software Update Manager...
Jul 07 01:43:45 witherspoon systemd[1]: Started Phosphor sysfs LED controller.
Jul 07 01:43:45 witherspoon systemd[1]: Started Phosphor Hwmon Poller.
Jul 07 01:43:45 witherspoon systemd[1]: Started Phosphor Hwmon Poller.
Jul 07 01:43:45 witherspoon systemd[1]: Starting Phosphor LED Group Management Daemon...
Jul 07 01:43:45 witherspoon systemd[1]: Starting Phosphor Network Manager...
Jul 07 01:43:45 witherspoon systemd[1]: Started Phosphor Hwmon Poller.
Jul 07 01:43:45 witherspoon systemd[1]: Starting Phosphor Inventory Manager...
Jul 07 01:43:45 witherspoon systemd[1]: Started Phosphor Hwmon Poller.
Jul 07 01:43:45 witherspoon systemd[1]: Started D-Bus System Message Bus.
Jul 07 01:43:47 witherspoon phosphor-hwmon-readd[930]: Usage: /usr/sbin/phosphor-hwmon-readd [options]
Jul 07 01:43:47 witherspoon phosphor-hwmon-readd[930]: Options:
Jul 07 01:43:47 witherspoon phosphor-hwmon-readd[930]:     --help               print this menu
Jul 07 01:43:47 witherspoon phosphor-hwmon-readd[930]:     --path=<path>        sysfs location to monitor
Jul 07 01:43:47 witherspoon phosphor-hwmon-readd[930]:     --of-name=<path>     open firmware device name to monitor
Jul 07 01:43:47 witherspoon phosphor-hwmon-readd[930]: ERROR: Path not specified or invalid.
Jul 07 01:43:48 witherspoon systemd[1]: Started Phosphor LED Group Management Daemon.
Jul 07 01:43:48 witherspoon systemd[1]: Started OpenPower Software Update Manager.
Jul 07 01:43:48 witherspoon systemd[1]: Reached target Containers.
Jul 07 01:43:48 witherspoon systemd[1]: Started Phosphor Dump core monitor..
Jul 07 01:43:48 witherspoon systemd[1]: Starting Phosphor BMC0 Control...
Jul 07 01:43:48 witherspoon systemd[1]: Started Phosphor Console Muxer listening on device /dev/ttyVUART0.
Jul 07 01:43:48 witherspoon systemd[1]: Starting Phosphor Download Manager...
Jul 07 01:43:48 witherspoon systemd[1]: Starting Phosphor Log Manager...
Jul 07 01:43:48 witherspoon systemd[1]: Starting Phosphor IPMI BT DBus Bridge...
Jul 07 01:43:48 witherspoon systemd[1]: Starting Phosphor DBus Service Discovery Manager...
Jul 07 01:43:49 witherspoon systemd[1]: Starting Phosphor Chassis0 Control...
Jul 07 01:43:49 witherspoon systemd[1]: Starting Phosphor Inventory Manager...
Jul 07 01:43:49 witherspoon systemd[1]: Starting Clear one time boot overrides...
Jul 07 01:43:49 witherspoon systemd[1]: Started Phosphor Hwmon Poller.
Jul 07 01:43:49 witherspoon systemd[1]: Started Kernel Logging Service.
Jul 07 01:43:49 witherspoon systemd[1]: Starting Phosphor User Manager...
Jul 07 01:43:49 witherspoon systemd[1]: Started Phosphor sysfs LED controller.
Jul 07 01:43:49 witherspoon systemd[1]: Started Phosphor Hwmon Poller.
Jul 07 01:43:49 witherspoon systemd[1]: Starting Phosphor Download Manager...
Jul 07 01:43:49 witherspoon systemd[1]: Started Phosphor Hwmon Poller.
Jul 07 01:43:49 witherspoon systemd[1]: Started Phosphor MBOX Daemon.
Jul 07 01:43:49 witherspoon systemd[1]: Started Phosphor sysfs LED controller.
Jul 07 01:43:49 witherspoon systemd[1]: Starting OpenBMC Software Update Manager...
Jul 07 01:43:49 witherspoon systemd[1]: Starting Avahi mDNS/DNS-SD Stack...
Jul 07 01:43:49 witherspoon systemd[1]: Started Hardware RNG Entropy Gatherer Daemon.
Jul 07 01:43:49 witherspoon systemd[1]: Started System Logging Service.
Jul 07 01:43:49 witherspoon systemd[1]: Starting Phosphor Sensor Manager...
Jul 07 01:43:49 witherspoon systemd[1]: Starting Phosphor Dump Manager...
Jul 07 01:43:49 witherspoon systemd[1]: Started Phosphor Hwmon Poller.
Jul 07 01:43:49 witherspoon systemd[1]: Started Daily Cleanup of Temporary Directories.
Jul 07 01:43:50 witherspoon systemd[1]: Reached target Timers.
Jul 07 01:43:50 witherspoon systemd[1]: Starting Network Service...
Jul 07 01:43:50 witherspoon systemd[1]: xyz.openbmc_project.Hwmon@ahb-apb-i2c\x401e78a000-i2c\x2dbus\x40100-dps310\x4076.service: Main process exited, code=exited, status=255/n/a
Jul 07 01:43:50 witherspoon kernel: random: crng init done
Jul 07 01:43:50 witherspoon systemd[1]: xyz.openbmc_project.Hwmon@ahb-apb-i2c\x401e78a000-i2c\x2dbus\x40100-dps310\x4076.service: Unit entered failed state.
Jul 07 01:43:50 witherspoon systemd[1]: xyz.openbmc_project.Hwmon@ahb-apb-i2c\x401e78a000-i2c\x2dbus\x40100-dps310\x4076.service: Failed with result 'exit-code'.
Jul 07 01:43:50 witherspoon systemd[1]: Started Phosphor IPMI BT DBus Bridge.
Jul 07 01:43:51 witherspoon systemd[1]: Started Clear one time boot overrides.
Jul 07 01:43:51 witherspoon systemd[1]: xyz.openbmc_project.Hwmon@ahb-apb-i2c\x401e78a000-i2c\x2dbus\x40100-dps310\x4076.service: Service hold-off time over, scheduling restart.
Jul 07 01:43:51 witherspoon systemd[1]: Stopped Phosphor Hwmon Poller.
Jul 07 01:43:51 witherspoon systemd[1]: Started Phosphor Hwmon Poller.
Jul 07 01:43:51 witherspoon systemd[1]: Started OpenBMC Software Update Manager.
Jul 07 01:43:51 witherspoon systemd[1]: Starting Phosphor Version Software Manager...
Jul 07 01:43:52 witherspoon phosphor-hwmon-readd[963]: Usage: /usr/sbin/phosphor-hwmon-readd [options]
Jul 07 01:43:52 witherspoon phosphor-hwmon-readd[963]: Options:
Jul 07 01:43:52 witherspoon phosphor-hwmon-readd[963]:     --help               print this menu
Jul 07 01:43:52 witherspoon phosphor-hwmon-readd[963]:     --path=<path>        sysfs location to monitor
Jul 07 01:43:52 witherspoon phosphor-hwmon-readd[963]:     --of-name=<path>     open firmware device name to monitor
Jul 07 01:43:52 witherspoon phosphor-hwmon-readd[963]: ERROR: Path not specified or invalid.
Jul 07 01:43:52 witherspoon systemd[1]: xyz.openbmc_project.Hwmon@ahb-apb-i2c\x401e78a000-i2c\x2dbus\x40100-dps310\x4076.service: Main process exited, code=exited, status=255/n/a
Jul 07 01:43:52 witherspoon systemd[1]: xyz.openbmc_project.Hwmon@ahb-apb-i2c\x401e78a000-i2c\x2dbus\x40100-dps310\x4076.service: Unit entered failed state.
Jul 07 01:43:52 witherspoon systemd[1]: xyz.openbmc_project.Hwmon@ahb-apb-i2c\x401e78a000-i2c\x2dbus\x40100-dps310\x4076.service: Failed with result 'exit-code'.
Jul 07 01:43:53 witherspoon phosphor-hwmon-readd[966]: Usage: /usr/sbin/phosphor-hwmon-readd [options]
Jul 07 01:43:53 witherspoon phosphor-hwmon-readd[966]: Options:
Jul 07 01:43:53 witherspoon phosphor-hwmon-readd[966]:     --help               print this menu
Jul 07 01:43:53 witherspoon phosphor-hwmon-readd[966]:     --path=<path>        sysfs location to monitor
Jul 07 01:43:53 witherspoon phosphor-hwmon-readd[966]:     --of-name=<path>     open firmware device name to monitor
Jul 07 01:43:53 witherspoon phosphor-hwmon-readd[966]: ERROR: Path not specified or invalid.
Jul 07 01:43:52 witherspoon systemd[1]: xyz.openbmc_project.Hwmon@ahb-apb-i2c\x401e78a000-i2c\x2dbus\x40100-dps310\x4076.service: Service hold-off time over, scheduling restart.
Jul 07 01:43:52 witherspoon systemd[1]: Stopped Phosphor Hwmon Poller.
Jul 07 01:43:53 witherspoon phosphor-hwmon-readd[971]: Usage: /usr/sbin/phosphor-hwmon-readd [options]
Jul 07 01:43:53 witherspoon phosphor-hwmon-readd[971]: Options:
Jul 07 01:43:53 witherspoon phosphor-hwmon-readd[971]:     --help               print this menu
Jul 07 01:43:53 witherspoon phosphor-hwmon-readd[971]:     --path=<path>        sysfs location to monitor
Jul 07 01:43:53 witherspoon phosphor-hwmon-readd[971]:     --of-name=<path>     open firmware device name to monitor
Jul 07 01:43:53 witherspoon phosphor-hwmon-readd[971]: ERROR: Path not specified or invalid.
Jul 07 01:43:52 witherspoon systemd[1]: Started Phosphor Hwmon Poller.
Jul 07 01:43:53 witherspoon phosphor-hwmon-readd[973]: Usage: /usr/sbin/phosphor-hwmon-readd [options]
Jul 07 01:43:53 witherspoon phosphor-hwmon-readd[973]: Options:
Jul 07 01:43:53 witherspoon phosphor-hwmon-readd[973]:     --help               print this menu
Jul 07 01:43:53 witherspoon phosphor-hwmon-readd[973]:     --path=<path>        sysfs location to monitor
Jul 07 01:43:53 witherspoon phosphor-hwmon-readd[973]:     --of-name=<path>     open firmware device name to monitor
Jul 07 01:43:53 witherspoon phosphor-hwmon-readd[973]: ERROR: Path not specified or invalid.
Jul 07 01:43:52 witherspoon systemd[1]: xyz.openbmc_project.Hwmon@ahb-apb-i2c\x401e78a000-i2c\x2dbus\x40100-dps310\x4076.service: Main process exited, code=exited, status=255/n/a
Jul 07 01:43:52 witherspoon systemd[1]: xyz.openbmc_project.Hwmon@ahb-apb-i2c\x401e78a000-i2c\x2dbus\x40100-dps310\x4076.service: Unit entered failed state.
Jul 07 01:43:52 witherspoon systemd[1]: xyz.openbmc_project.Hwmon@ahb-apb-i2c\x401e78a000-i2c\x2dbus\x40100-dps310\x4076.service: Failed with result 'exit-code'.
Jul 07 01:43:53 witherspoon systemd[1]: xyz.openbmc_project.Hwmon@ahb-apb-i2c\x401e78a000-i2c\x2dbus\x40100-dps310\x4076.service: Service hold-off time over, scheduling restart.
Jul 07 01:43:53 witherspoon systemd[1]: Stopped Phosphor Hwmon Poller.
Jul 07 01:43:53 witherspoon systemd[1]: Started Phosphor Hwmon Poller.
Jul 07 01:43:53 witherspoon systemd[1]: xyz.openbmc_project.Hwmon@ahb-apb-i2c\x401e78a000-i2c\x2dbus\x40100-dps310\x4076.service: Main process exited, code=exited, status=255/n/a
Jul 07 01:43:53 witherspoon systemd[1]: xyz.openbmc_project.Hwmon@ahb-apb-i2c\x401e78a000-i2c\x2dbus\x40100-dps310\x4076.service: Unit entered failed state.
Jul 07 01:43:53 witherspoon systemd[1]: xyz.openbmc_project.Hwmon@ahb-apb-i2c\x401e78a000-i2c\x2dbus\x40100-dps310\x4076.service: Failed with result 'exit-code'.
Jul 07 01:43:53 witherspoon systemd[1]: Started Phosphor Download Manager.
Jul 07 01:43:53 witherspoon systemd[1]: xyz.openbmc_project.Hwmon@ahb-apb-i2c\x401e78a000-i2c\x2dbus\x40100-dps310\x4076.service: Service hold-off time over, scheduling restart.
Jul 07 01:43:53 witherspoon systemd[1]: Stopped Phosphor Hwmon Poller.
Jul 07 01:43:53 witherspoon systemd[1]: Started Phosphor Hwmon Poller.
Jul 07 01:43:53 witherspoon systemd[1]: xyz.openbmc_project.Hwmon@ahb-apb-i2c\x401e78a000-i2c\x2dbus\x40100-dps310\x4076.service: Main process exited, code=exited, status=255/n/a
Jul 07 01:43:53 witherspoon systemd[1]: xyz.openbmc_project.Hwmon@ahb-apb-i2c\x401e78a000-i2c\x2dbus\x40100-dps310\x4076.service: Unit entered failed state.
Jul 07 01:43:53 witherspoon systemd[1]: xyz.openbmc_project.Hwmon@ahb-apb-i2c\x401e78a000-i2c\x2dbus\x40100-dps310\x4076.service: Failed with result 'exit-code'.
Jul 07 01:43:53 witherspoon systemd[1]: xyz.openbmc_project.Hwmon@ahb-apb-i2c\x401e78a000-i2c\x2dbus\x40100-dps310\x4076.service: Service hold-off time over, scheduling restart.
Jul 07 01:43:53 witherspoon systemd[1]: Stopped Phosphor Hwmon Poller.
Jul 07 01:43:53 witherspoon systemd[1]: xyz.openbmc_project.Hwmon@ahb-apb-i2c\x401e78a000-i2c\x2dbus\x40100-dps310\x4076.service: Start request repeated too quickly.
Jul 07 01:43:53 witherspoon systemd[1]: Failed to start Phosphor Hwmon Poller.
Jul 07 01:43:54 witherspoon systemd[1]: xyz.openbmc_project.Hwmon@ahb-apb-i2c\x401e78a000-i2c\x2dbus\x40100-dps310\x4076.service: Unit entered failed state.
Jul 07 01:43:54 witherspoon systemd[1]: xyz.openbmc_project.Hwmon@ahb-apb-i2c\x401e78a000-i2c\x2dbus\x40100-dps310\x4076.service: Failed with result 'exit-code'.
Jul 07 01:43:54 witherspoon systemd[1]: Started Phosphor Log Manager.
Jul 07 01:43:55 witherspoon avahi-daemon[955]: Found user 'avahi' (UID 998) and group 'avahi' (GID 999).
Jul 07 01:43:55 witherspoon avahi-daemon[955]: Successfully dropped root privileges.
Jul 07 01:43:55 witherspoon avahi-daemon[955]: avahi-daemon 0.6.32 starting up.
Jul 07 01:43:55 witherspoon systemd-networkd[961]: Could not create runtime directory: File exists
Jul 07 01:43:55 witherspoon avahi-daemon[955]: Successfully called chroot().
Jul 07 01:43:55 witherspoon systemd-networkd[961]: Could not create runtime directory 'links': File exists
Jul 07 01:43:55 witherspoon avahi-daemon[955]: Successfully dropped remaining capabilities.
Jul 07 01:43:55 witherspoon systemd-networkd[961]: Could not create runtime directory 'leases': File exists
Jul 07 01:43:56 witherspoon avahi-daemon[955]: Loading service file /services/obmc_console.service.
Jul 07 01:43:55 witherspoon systemd[1]: Started Avahi mDNS/DNS-SD Stack.
Jul 07 01:43:56 witherspoon avahi-daemon[955]: Loading service file /services/phosphor_rest.service.
Jul 07 01:43:55 witherspoon systemd-networkd[961]: Enumeration completed
Jul 07 01:43:56 witherspoon avahi-daemon[955]: Loading service file /services/sftp-ssh.service.
Jul 07 01:43:55 witherspoon systemd[1]: Started Network Service.
Jul 07 01:43:56 witherspoon avahi-daemon[955]: Loading service file /services/sftp.service.
Jul 07 01:43:56 witherspoon systemd-networkd[961]: eth0: IPv6 enabled for interface: Success
Jul 07 01:43:56 witherspoon avahi-daemon[955]: Loading service file /services/ssh.service.
Jul 07 01:43:56 witherspoon systemd[1]: Reached target Network.
Jul 07 01:43:56 witherspoon avahi-daemon[955]: Joining mDNS multicast group on interface eth0.IPv6 with address fe80::72e2:84ff:fe14:28a9.
Jul 07 01:43:56 witherspoon systemd[1]: Started Lightweight SLP Server.
Jul 07 01:43:56 witherspoon avahi-daemon[955]: New relevant interface eth0.IPv6 for mDNS.
Jul 07 01:43:56 witherspoon systemd-networkd[961]: eth0: Gained carrier
Jul 07 01:43:56 witherspoon avahi-daemon[955]: Joining mDNS multicast group on interface eth0.IPv4 with address 9.3.21.61.
Jul 07 01:43:56 witherspoon systemd[1]: Starting Permit User Sessions...
Jul 07 01:43:56 witherspoon avahi-daemon[955]: New relevant interface eth0.IPv4 for mDNS.
Jul 07 01:43:56 witherspoon systemd-timesyncd[882]: Network configuration changed, trying to establish connection.
Jul 07 01:43:56 witherspoon avahi-daemon[955]: Network interface enumeration completed.
Jul 07 01:43:56 witherspoon systemd[1]: Started Permit User Sessions.
Jul 07 01:43:56 witherspoon avahi-daemon[955]: Registering new address record for fe80::72e2:84ff:fe14:28a9 on eth0.*.
Jul 07 01:43:56 witherspoon systemd[1]: Started Serial Getty on ttyS4.
Jul 07 01:43:56 witherspoon avahi-daemon[955]: Registering new address record for 9.3.21.61 on eth0.IPv4.
Jul 07 01:43:56 witherspoon systemd[1]: Reached target Login Prompts.
Jul 07 01:43:57 witherspoon avahi-daemon[955]: Server startup complete. Host name is witherspoon.local. Local service cookie is 2284610832.
Jul 07 01:43:56 witherspoon systemd[1]: Reached target Multi-User System.
Jul 07 01:43:57 witherspoon kernel[946]: klogd started: BusyBox v1.24.1 (2017-06-16 19:29:08 UTC)
Jul 07 01:43:56 witherspoon systemd[1]: Started Phosphor Dump Manager.
Jul 07 01:43:57 witherspoon kernel[946]: [    0.000000] Booting Linux on physical CPU 0x0
Jul 07 01:43:57 witherspoon systemd[1]: Started Phosphor Inventory Manager.
Jul 07 01:43:57 witherspoon kernel[946]: [    0.000000] Linux version 4.10.17-990f06c35b7e119f00967e90f0514dbbd2e1b51b (jenkins@openbmc-builder1) (gcc version 6.2.0 (GCC) ) #1 Thu Jul 6 21:19:14 UTC 2017
Jul 07 01:43:57 witherspoon systemd[1]: Started Phosphor BMC0 Control.
Jul 07 01:43:57 witherspoon kernel[946]: [    0.000000] CPU: ARMv6-compatible processor [410fb767] revision 7 (ARMv7), cr=00c5387d
Jul 07 01:43:58 witherspoon systemd[1]: Started Phosphor Version Software Manager.
Jul 07 01:43:57 witherspoon kernel[946]: [    0.000000] CPU: PIPT / VIPT nonaliasing data cache, VIPT nonaliasing instruction cache
Jul 07 01:43:57 witherspoon kernel[946]: [    0.000000] OF: fdt:Machine model: Witherspoon BMC
Jul 07 01:43:57 witherspoon kernel[946]: [    0.000000] Memory policy: Data cache writeback
Jul 07 01:43:57 witherspoon kernel[946]: [    0.000000] SOC Rev: 04030303
Jul 07 01:43:57 witherspoon kernel[946]: [    0.000000] On node 0 totalpages: 110592
Jul 07 01:43:57 witherspoon kernel[946]: [    0.000000] free_area_init_node: node 0, pgdat 805f33fc, node_mem_map 9ec1a000
Jul 07 01:43:57 witherspoon kernel[946]: [    0.000000]   Normal zone: 992 pages used for memmap
Jul 07 01:43:57 witherspoon kernel[946]: [    0.000000]   Normal zone: 0 pages reserved
Jul 07 01:43:57 witherspoon kernel[946]: [    0.000000]   Normal zone: 110592 pages, LIFO batch:31
Jul 07 01:43:57 witherspoon kernel[946]: [    0.000000] pcpu-alloc: s0 r0 d32768 u32768 alloc=1*32768
Jul 07 01:43:57 witherspoon kernel[946]: [    0.000000] pcpu-alloc: [0] 0
Jul 07 01:43:57 witherspoon kernel[946]: [    0.000000] Built 1 zonelists in Zone order, mobility grouping on.  Total pages: 109600
Jul 07 01:43:57 witherspoon kernel[946]: [    0.000000] Kernel command line: console=ttyS4,115200n8 root=/dev/ram rw
Jul 07 01:43:58 witherspoon systemd-networkd[961]: eth0: Gained IPv6LL
Jul 07 01:43:57 witherspoon kernel[946]: [    0.000000] PID hash table entries: 2048 (order: 1, 8192 bytes)
Jul 07 01:44:00 witherspoon kernel: ftgmac100 1e660000.ethernet eth0: NCSI interface up
Jul 07 01:43:57 witherspoon kernel[946]: [    0.000000] Dentry cache hash table entries: 65536 (order: 6, 262144 bytes)
Jul 07 01:43:57 witherspoon kernel[946]: [    0.000000] Inode-cache hash table entries: 32768 (order: 5, 131072 bytes)
Jul 07 01:43:57 witherspoon kernel[946]: [    0.000000] Memory: 430512K/442368K available (4048K kernel code, 280K rwdata, 1172K rodata, 276K init, 111K bss, 11856K reserved, 0K cma-reserved)
Jul 07 01:43:57 witherspoon kernel[946]: [    0.000000] Virtual kernel memory layout:
Jul 07 01:43:57 witherspoon kernel[946]: [    0.000000]     vector  : 0xffff0000 - 0xffff1000   (   4 kB)
Jul 07 01:43:57 witherspoon kernel[946]: [    0.000000]     fixmap  : 0xffc00000 - 0xfff00000   (3072 kB)
Jul 07 01:43:57 witherspoon kernel[946]: [    0.000000]     vmalloc : 0x9f800000 - 0xff800000   (1536 MB)
Jul 07 01:43:57 witherspoon kernel[946]: [    0.000000]     lowmem  : 0x80000000 - 0x9f000000   ( 496 MB)
Jul 07 01:43:57 witherspoon kernel[946]: [    0.000000]       .text : 0x80008000 - 0x803fc590   (4050 kB)
Jul 07 01:43:57 witherspoon kernel[946]: [    0.000000]       .init : 0x8057b000 - 0x805c0000   ( 276 kB)
Jul 07 01:43:57 witherspoon kernel[946]: [    0.000000]       .data : 0x805c0000 - 0x806061a8   ( 281 kB)
Jul 07 01:43:57 witherspoon kernel[946]: [    0.000000]        .bss : 0x806061a8 - 0x80622078   ( 112 kB)
Jul 07 01:43:57 witherspoon kernel[946]: [    0.000000] NR_IRQS:16 nr_irqs:16 16
Jul 07 01:43:57 witherspoon kernel[946]: [    0.000000] i2c controller registered, irq 16
Jul 07 01:43:57 witherspoon kernel[946]: [    0.000000] clocksource: moxart_timer: mask: 0xffffffff max_cycles: 0xffffffff, max_idle_ns: 77222644334 ns
Jul 07 01:43:57 witherspoon kernel[946]: [    0.000000] sched_clock: 32 bits at 100 Hz, resolution 10000000ns, wraps every 21474836475000000ns
Jul 07 01:43:57 witherspoon kernel[946]: [    0.090000] Calibrating delay loop... 789.70 BogoMIPS (lpj=3948544)
Jul 07 01:43:57 witherspoon kernel[946]: [    0.090000] pid_max: default: 32768 minimum: 301
Jul 07 01:43:57 witherspoon kernel[946]: [    0.090000] Mount-cache hash table entries: 1024 (order: 0, 4096 bytes)
Jul 07 01:43:57 witherspoon kernel[946]: [    0.090000] Mountpoint-cache hash table entries: 1024 (order: 0, 4096 bytes)
Jul 07 01:43:57 witherspoon kernel[946]: [    0.090000] CPU: Testing write buffer coherency: ok
Jul 07 01:43:57 witherspoon kernel[946]: [    0.090000] ftrace: allocating 14867 entries in 44 pages
Jul 07 01:43:57 witherspoon kernel[946]: [    0.120000] Setting up static identity map for 0x80008200 - 0x8000825c
Jul 07 01:43:57 witherspoon kernel[946]: [    0.120000] devtmpfs: initialized
Jul 07 01:43:57 witherspoon kernel[946]: [    0.130000] clocksource: jiffies: mask: 0xffffffff max_cycles: 0xffffffff, max_idle_ns: 19112604462750000 ns
Jul 07 01:43:57 witherspoon kernel[946]: [    0.130000] futex hash table entries: 256 (order: -1, 3072 bytes)
Jul 07 01:43:57 witherspoon kernel[946]: [    0.130000] pinctrl core: initialized pinctrl subsystem
Jul 07 01:43:57 witherspoon kernel[946]: [    0.140000] NET: Registered protocol family 16
Jul 07 01:43:57 witherspoon kernel[946]: [    0.140000] DMA: preallocated 256 KiB pool for atomic coherent allocations
Jul 07 01:43:57 witherspoon kernel[946]: [    0.210000] usbcore: registered new interface driver usbfs
Jul 07 01:43:57 witherspoon kernel[946]: [    0.210000] usbcore: registered new interface driver hub
Jul 07 01:43:57 witherspoon kernel[946]: [    0.210000] usbcore: registered new device driver usb
Jul 07 01:43:57 witherspoon kernel[946]: [    0.210000] clocksource: Switched to clocksource moxart_timer
Jul 07 01:43:57 witherspoon kernel[946]: [    0.220000] NET: Registered protocol family 2
Jul 07 01:43:57 witherspoon kernel[946]: [    0.220000] TCP established hash table entries: 4096 (order: 2, 16384 bytes)
Jul 07 01:43:57 witherspoon kernel[946]: [    0.220000] TCP bind hash table entries: 4096 (order: 2, 16384 bytes)
Jul 07 01:43:57 witherspoon kernel[946]: [    0.220000] TCP: Hash tables configured (established 4096 bind 4096)
Jul 07 01:43:57 witherspoon kernel[946]: [    0.220000] UDP hash table entries: 256 (order: 0, 4096 bytes)
Jul 07 01:43:57 witherspoon kernel[946]: [    0.220000] UDP-Lite hash table entries: 256 (order: 0, 4096 bytes)
Jul 07 01:43:57 witherspoon kernel[946]: [    0.220000] NET: Registered protocol family 1
Jul 07 01:43:57 witherspoon kernel[946]: [    0.230000] Trying to unpack rootfs image as initramfs...
Jul 07 01:43:57 witherspoon kernel[946]: [    1.900000] Freeing initrd memory: 1544K
Jul 07 01:43:57 witherspoon kernel[946]: [    1.900000] workingset: timestamp_bits=30 max_order=17 bucket_order=0
Jul 07 01:43:57 witherspoon kernel[946]: [    1.900000] squashfs: version 4.0 (2009/01/31) Phillip Lougher
Jul 07 01:43:57 witherspoon kernel[946]: [    1.900000] jffs2: version 2.2. (SUMMARY)  © 2001-2006 Red Hat, Inc.
Jul 07 01:43:57 witherspoon kernel[946]: [    1.900000] Block layer SCSI generic (bsg) driver version 0.4 loaded (major 250)
Jul 07 01:43:57 witherspoon kernel[946]: [    1.900000] io scheduler noop registered
Jul 07 01:43:57 witherspoon kernel[946]: [    1.900000] io scheduler deadline registered
Jul 07 01:43:57 witherspoon kernel[946]: [    1.900000] io scheduler cfq registered (default)
Jul 07 01:43:57 witherspoon kernel[946]: [    2.050000] ipmi-bt-host 1e789140.ibt: Found bt bmc device
Jul 07 01:43:57 witherspoon kernel[946]: [    2.050000] ipmi-bt-host 1e789140.ibt: Using IRQ 22
Jul 07 01:43:57 witherspoon kernel[946]: [    2.050000] Serial: 8250/16550 driver, 6 ports, IRQ sharing enabled
Jul 07 01:43:57 witherspoon kernel[946]: [    2.050000] 1e783000.serial: ttyS0 at MMIO 0x1e783000 (irq = 23, base_baud = 1500000) is a 16550A
Jul 07 01:43:57 witherspoon kernel[946]: [    2.050000] 1e78d000.serial: ttyS1 at MMIO 0x1e78d000 (irq = 24, base_baud = 1500000) is a 16550A
Jul 07 01:43:57 witherspoon kernel[946]: [    2.050000] 1e784000.serial: ttyS4 at MMIO 0x1e784000 (irq = 25, base_baud = 1500000) is a 16550A
Jul 07 01:43:57 witherspoon kernel[946]: [    2.400000] console [ttyS4] enabled
Jul 07 01:43:57 witherspoon kernel[946]: [    2.400000] 1e787000.vuart: ttyS2 at MMIO 0x1e787000 (irq = 22, base_baud = 1500000) is a 16550A
Jul 07 01:43:57 witherspoon kernel[946]: [    2.590000] timeriomem_rng 1e6e2078.hwrng: 32bits from 0xf00e2078 @ 1us
Jul 07 01:43:57 witherspoon kernel[946]: [    2.630000] brd: module loaded
Jul 07 01:43:57 witherspoon kernel[946]: [    2.660000] loop: module loaded
Jul 07 01:43:57 witherspoon kernel[946]: [    2.660000] aspeed-lpc-ctrl 1e789080.lpc-ctrl: Loaded at 0x98000000 (0x04000000)
Jul 07 01:43:57 witherspoon kernel[946]: [    2.660000] aspeed-smc 1e620000.flash-controller: Using IRQ 18
Jul 07 01:43:57 witherspoon kernel[946]: [    2.660000] aspeed-smc 1e620000.flash-controller: DMA support disabled.
Jul 07 01:43:57 witherspoon kernel[946]: [    2.660000] aspeed-smc 1e620000.flash-controller: mx25l25635e (32768 Kbytes)
Jul 07 01:43:57 witherspoon kernel[946]: [    2.690000] aspeed-smc 1e620000.flash-controller: CE0 window [ 0x20000000 - 0x22000000 ] 32MB
Jul 07 01:43:57 witherspoon kernel[946]: [    2.690000] aspeed-smc 1e620000.flash-controller: CE1 window [ 0x22000000 - 0x2a000000 ] 128MB
Jul 07 01:43:57 witherspoon kernel[946]: [    2.690000] 5 ofpart partitions found on MTD device bmc
Jul 07 01:43:57 witherspoon kernel[946]: [    2.690000] Creating 5 MTD partitions on "bmc":
Jul 07 01:43:57 witherspoon kernel[946]: [    2.690000] 0x000000000000-0x000000060000 : "u-boot"
Jul 07 01:43:57 witherspoon kernel[946]: [    2.730000] 0x000000060000-0x000000080000 : "u-boot-env"
Jul 07 01:43:57 witherspoon kernel[946]: [    2.730000] 0x000000080000-0x0000004c0000 : "kernel"
Jul 07 01:43:57 witherspoon kernel[946]: [    2.730000] 0x0000004c0000-0x000001c00000 : "rofs"
Jul 07 01:43:57 witherspoon kernel[946]: [    2.730000] 0x000001c00000-0x000002000000 : "rwfs"
Jul 07 01:43:57 witherspoon kernel[946]: [    2.730000] aspeed-smc 1e620000.flash-controller: mx25l25635e (32768 Kbytes)
Jul 07 01:43:57 witherspoon kernel[946]: [    2.780000] aspeed-smc 1e620000.flash-controller: CE1 window [ 0x22000000 - 0x24000000 ] 32MB
Jul 07 01:43:57 witherspoon kernel[946]: [    2.780000] aspeed-smc 1e620000.flash-controller: CE2 window [ 0x24000000 - 0x2c000000 ] 128MB
Jul 07 01:43:57 witherspoon kernel[946]: [    2.780000] aspeed-smc 1e630000.flash-controller: mx66l1g45g (131072 Kbytes)
Jul 07 01:43:57 witherspoon kernel[946]: [    2.780000] aspeed-smc 1e630000.flash-controller: CE0 window resized to 120MB (AST2500 HW quirk)
Jul 07 01:43:57 witherspoon kernel[946]: [    2.780000] aspeed-smc 1e630000.flash-controller: CE0 window [ 0x30000000 - 0x37800000 ] 120MB
Jul 07 01:43:57 witherspoon kernel[946]: [    2.780000] aspeed-smc 1e630000.flash-controller: CE0 window too small for chip 128MB
Jul 07 01:43:57 witherspoon kernel[946]: [    2.830000] aspeed-smc 1e630000.flash-controller: CE1 window [ 0x37800000 - 0x38000000 ] 8MB
Jul 07 01:43:57 witherspoon kernel[946]: [    3.530000] libphy: Fixed MDIO Bus: probed
Jul 07 01:43:57 witherspoon kernel[946]: [    3.530000] ftgmac100 1e660000.ethernet: Read MAC address 70:e2:84:14:28:a9 from chip
Jul 07 01:43:57 witherspoon kernel[946]: [    3.630000] ftgmac100 1e660000.ethernet: Using NCSI interface
Jul 07 01:43:57 witherspoon kernel[946]: [    3.630000] ftgmac100 1e660000.ethernet eth0: irq 20, mapped at f0060000
Jul 07 01:43:57 witherspoon kernel[946]: [    3.630000] ehci_hcd: USB 2.0 'Enhanced' Host Controller (EHCI) Driver
Jul 07 01:43:57 witherspoon kernel[946]: [    3.630000] ehci-platform: EHCI generic platform driver
Jul 07 01:43:57 witherspoon kernel[946]: [    3.810000]  fsi0: can't read slave 00:00 -5
Jul 07 01:43:57 witherspoon kernel[946]: [    3.810000] i2c /dev entries driver
Jul 07 01:43:57 witherspoon kernel[946]: [    3.810000] aspeed-i2c-bus 1e78a0c0.i2c-bus: i2c bus 2 registered, irq 26
Jul 07 01:43:57 witherspoon kernel[946]: [    3.810000] aspeed-i2c-bus 1e78a100.i2c-bus: i2c bus 3 registered, irq 27
Jul 07 01:43:57 witherspoon kernel[946]: [    3.810000] aspeed-i2c-bus 1e78a140.i2c-bus: i2c bus 4 registered, irq 28
Jul 07 01:43:57 witherspoon kernel[946]: [    3.810000] aspeed-i2c-bus 1e78a180.i2c-bus: i2c bus 5 registered, irq 29
Jul 07 01:43:57 witherspoon kernel[946]: [    3.810000] aspeed-i2c-bus 1e78a380.i2c-bus: i2c bus 9 registered, irq 30
Jul 07 01:43:57 witherspoon kernel[946]: [    3.810000] aspeed-i2c-bus 1e78a3c0.i2c-bus: i2c bus 10 registered, irq 31
Jul 07 01:43:57 witherspoon kernel[946]: [    3.810000] rtc-rv8803 11-0032: Voltage low, temperature compensation stopped.
Jul 07 01:43:57 witherspoon kernel[946]: [    3.900000] rtc-rv8803 11-0032: rtc core: registered rx8900 as rtc0
Jul 07 01:43:57 witherspoon kernel[946]: [    3.910000] at24 11-0051: 8192 byte 24c64 EEPROM, writable, 1 bytes/write
Jul 07 01:43:57 witherspoon kernel[946]: [    3.920000] aspeed-i2c-bus 1e78a400.i2c-bus: i2c bus 11 registered, irq 32
Jul 07 01:43:57 witherspoon kernel[946]: [    3.920000] aspeed-i2c-bus 1e78a440.i2c-bus: i2c bus 12 registered, irq 33
Jul 07 01:43:57 witherspoon kernel[946]: [    3.940000] aspeed-i2c-bus 1e78a480.i2c-bus: i2c bus 13 registered, irq 34
Jul 07 01:43:57 witherspoon kernel[946]: [    3.940000] Driver for 1-wire Dallas network protocol.
Jul 07 01:43:57 witherspoon kernel[946]: [    3.940000] lm75 9-004a: hwmon0: sensor 'tmp275'
Jul 07 01:43:57 witherspoon kernel[946]: [    3.980000] random: fast init done
Jul 07 01:43:57 witherspoon kernel[946]: [    4.370000] ucd9000 11-0064: Device ID UCD90160|2.3.4.0000|110603
Jul 07 01:43:57 witherspoon kernel[946]: [    4.700000] leds-pca955x 11-0060: leds-pca955x: Using pca9552 16-bit LED driver at slave address 0x60
Jul 07 01:43:57 witherspoon kernel[946]: [    4.720000] leds-pca955x 11-0060: gpios 264...279
Jul 07 01:43:57 witherspoon kernel[946]: [    4.720000] usbcore: registered new interface driver usbhid
Jul 07 01:43:57 witherspoon kernel[946]: [    4.730000] usbhid: USB HID core driver
Jul 07 01:43:57 witherspoon kernel[946]: [    4.730000] bmp280: probe of 3-0077 failed with error -5
Jul 07 01:43:57 witherspoon kernel[946]: [    4.750000] dps310 3-0076: iio:device1: sensor 'dps310'
Jul 07 01:43:57 witherspoon kernel[946]: [    4.760000] NET: Registered protocol family 10
Jul 07 01:43:57 witherspoon kernel[946]: [    4.760000] Segment Routing with IPv6
Jul 07 01:43:57 witherspoon kernel[946]: [    4.760000] NET: Registered protocol family 17
Jul 07 01:43:57 witherspoon kernel[946]: [    4.770000] console [netcon0] enabled
Jul 07 01:43:57 witherspoon kernel[946]: [    4.770000] netconsole: network logging started
Jul 07 01:43:57 witherspoon kernel[946]: [    4.770000] input: gpio-keys as /devices/platform/gpio-keys/input/input0
Jul 07 01:43:57 witherspoon kernel[946]: [    4.800000] rtc-rv8803 11-0032: setting system clock to 2017-07-07 01:43:21 UTC (1499391801)
Jul 07 01:43:57 witherspoon kernel[946]: [    4.810000] Freeing unused kernel memory: 276K
Jul 07 01:43:57 witherspoon kernel[946]: [    4.810000] This architecture does not have kernel memory protection.
Jul 07 01:43:57 witherspoon kernel[946]: [    6.360000] jffs2: notice: (513) jffs2_build_xattr_subsystem: complete building xattr subsystem, 0 of xdatum (0 unchecked, 0 orphan) and 0 of xref (0 dead, 0 orphan) found.
Jul 07 01:43:57 witherspoon kernel[946]: [    8.600000] systemd[1]: Failed to insert module 'autofs4': No such file or directory
Jul 07 01:43:57 witherspoon kernel[946]: [    8.600000] systemd[1]: systemd 232 running in system mode. (+PAM -AUDIT -SELINUX -IMA -APPARMOR -SMACK +SYSVINIT -UTMP -LIBCRYPTSETUP -GCRYPT -GNUTLS +ACL +XZ -LZ4 -SECCOMP +BLKID -ELFUTILS +KMOD -IDN)
Jul 07 01:43:57 witherspoon kernel[946]: [    8.600000] systemd[1]: Detected architecture arm.
Jul 07 01:43:57 witherspoon kernel[946]: [    8.850000] systemd[1]: Set hostname to <witherspoon>.
Jul 07 01:43:57 witherspoon kernel[946]: [   10.420000] systemd[1]: Listening on Journal Socket.
Jul 07 01:43:57 witherspoon kernel[946]: [   10.420000] systemd[1]: Reached target Remote File Systems.
Jul 07 01:43:57 witherspoon kernel[946]: [   10.550000] systemd[1]: Reached target Swap.
Jul 07 01:43:57 witherspoon kernel[946]: [   10.690000] systemd[1]: Listening on udev Control Socket.
Jul 07 01:43:57 witherspoon kernel[946]: [   10.830000] systemd[1]: Started Dispatch Password Requests to Console Directory Watch.
Jul 07 01:43:57 witherspoon kernel[946]: [   10.980000] systemd[1]: Listening on udev Kernel Socket.
Jul 07 01:43:57 witherspoon kernel[946]: [   11.130000] systemd[1]: Listening on Network Service Netlink Socket.
Jul 07 01:43:57 witherspoon kernel[946]: [   13.790000] systemd[1]: Reached target Slices.
Jul 07 01:43:57 witherspoon kernel[946]: [   13.790000] systemd[1]: Created slice system-obmc\x2dconsole.slice.
Jul 07 01:43:57 witherspoon kernel[946]: [   13.790000] systemd[1]: Created slice system-org.openbmc.buttons.Power.slice.
Jul 07 01:43:57 witherspoon kernel[946]: [   14.020000] systemd[1]: Starting Remount Root and Kernel File Systems...
Jul 07 01:43:57 witherspoon kernel[946]: [   14.250000] systemd[1]: Created slice system-phosphor\x2dcooling\x2dtype.slice.
Jul 07 01:43:57 witherspoon kernel[946]: [   14.490000] systemd[1]: Starting Journal Service...
Jul 07 01:43:57 witherspoon kernel[946]: [   14.730000] systemd[1]: Mounting Temporary Directory...
Jul 07 01:43:57 witherspoon kernel[946]: [   14.980000] systemd[1]: Created slice system-org.openbmc.control.Bmc.slice.
Jul 07 01:43:57 witherspoon kernel[946]: [   15.230000] systemd[1]: Created slice system-org.openbmc.control.Power.slice.
Jul 07 01:43:57 witherspoon kernel[946]: [   15.490000] systemd[1]: Created slice system-org.openbmc.buttons.reset.slice.
Jul 07 01:43:57 witherspoon kernel[946]: [   19.620000] systemd-journald[641]: Received request to flush runtime journal from PID 1
Jul 07 01:43:57 witherspoon kernel[946]: [   34.090000] random: crng init done
Jul 07 01:43:58 witherspoon avahi-daemon[955]: Service "witherspoon" (/services/ssh.service) successfully established.
Jul 07 01:43:58 witherspoon avahi-daemon[955]: Service "sftp" (/services/sftp.service) successfully established.
Jul 07 01:43:58 witherspoon avahi-daemon[955]: Service "witherspoon" (/services/sftp-ssh.service) successfully established.
Jul 07 01:43:58 witherspoon avahi-daemon[955]: Service "phosphor_rest" (/services/phosphor_rest.service) successfully established.
Jul 07 01:43:58 witherspoon avahi-daemon[955]: Service "obmc_console" (/services/obmc_console.service) successfully established.
Jul 07 01:44:00 witherspoon kernel[946]: [   43.220000] ftgmac100 1e660000.ethernet eth0: NCSI interface up
Jul 07 01:44:07 witherspoon systemd[1]: Created slice system-dropbear.slice.
Jul 07 01:44:08 witherspoon systemd[1]: Started SSH Per-Connection Server (9.41.165.94:47072).
Jul 07 01:44:08 witherspoon dropbear[984]: Failed loading /etc/dropbear/dropbear_dss_host_key
Jul 07 01:44:08 witherspoon dropbear[984]: Failed loading /etc/dropbear/dropbear_ecdsa_host_key
Jul 07 01:44:08 witherspoon dropbear[984]: Child connection from ::ffff:9.41.165.94:47072
Jul 07 01:44:11 witherspoon systemd-networkd[961]: eth0: Configured
Jul 07 01:44:11 witherspoon systemd-timesyncd[882]: Network configuration changed, trying to establish connection.
Jul 07 01:44:13 witherspoon dropbear[984]: PAM password auth succeeded for 'root' from ::ffff:9.41.165.94:47072
Jul 07 01:44:13 witherspoon dropbear[985]: lastlog_perform_login: Couldn't stat /var/log/lastlog: No such file or directory
Jul 07 01:44:13 witherspoon dropbear[985]: lastlog_openseek: /var/log/lastlog is not a file or directory!
Jul 07 01:44:16 witherspoon inventory_items.py[931]: Loading from cache: /var/cache/obmc/org.openbmc.inventory.system.chassis.motherboard.apss@org.openbmc.InventoryItem.props
Jul 07 01:44:16 witherspoon inventory_items.py[931]: Loading from cache: /var/cache/obmc/org.openbmc.inventory.system.chassis.motherboard@org.openbmc.InventoryItem.props
Jul 07 01:44:16 witherspoon inventory_items.py[931]: Loading from cache: /var/cache/obmc/org.openbmc.inventory.system.chassis.motherboard.refclock@org.openbmc.InventoryItem.props
Jul 07 01:44:16 witherspoon inventory_items.py[931]: Loading from cache: /var/cache/obmc/org.openbmc.inventory.system.chassis.motherboard.todclock@org.openbmc.InventoryItem.props
Jul 07 01:44:16 witherspoon sensor_manager2.py[958]: Setting boot count to 3
Jul 07 01:44:16 witherspoon sensor_manager2.py[958]: Deleting OCC device
Jul 07 01:44:16 witherspoon systemd[1]: Started Phosphor User Manager.
Jul 07 01:44:16 witherspoon obmc-phosphor-userd[947]: Started
Jul 07 01:44:17 witherspoon sensor_manager2.py[958]: sh: /sys/class/i2c-adapter/i2c-3/3-0050/online: No such file or directory
Jul 07 01:44:17 witherspoon sensor_manager2.py[958]: Deleting OCC device
Jul 07 01:44:17 witherspoon sensor_manager2.py[958]: sh: /sys/class/i2c-adapter/i2c-3/3-0050/online: No such file or directory
Jul 07 01:44:17 witherspoon sensor_manager2.py[958]: Starting sensor manager
Jul 07 01:44:17 witherspoon systemd[1]: Started Phosphor Sensor Manager.
Jul 07 01:44:17 witherspoon systemd[1]: Started Phosphor Download Manager.
Jul 07 01:44:17 witherspoon download_manager.py[950]: Running Download Manager
Jul 07 01:44:17 witherspoon phosphor-mapper[941]: ObjectMapper startup complete.  Discovery in progress...
Jul 07 01:44:17 witherspoon systemd[1]: Started Phosphor Chassis0 Control.
Jul 07 01:44:17 witherspoon chassis_control.py[942]: Running ChassisControlService
Jul 07 01:44:17 witherspoon avahi-daemon[977]: ../../avahi-0.6.32/avahi-daemon/chroot.c: open() failed: No such file or directory
Jul 07 01:44:17 witherspoon avahi-daemon[955]: Failed to open /usr/share/dbus-1/interfaces/org.freedesktop.Avahi.Server.xml: Invalid argument
Jul 07 01:44:17 witherspoon avahi-daemon[955]: Failed to load introspection data.
Jul 07 01:44:18 witherspoon inventory_items.py[931]: Loading from cache: /var/cache/obmc/org.openbmc.inventory.system.chassis.motherboard.bmc@org.openbmc.InventoryItem.props
Jul 07 01:44:18 witherspoon inventory_items.py[931]: Caching: /org/openbmc/inventory/system/chassis/motherboard/bmc
Jul 07 01:44:18 witherspoon inventory_items.py[931]: Loading from cache: /var/cache/obmc/org.openbmc.inventory.system.chassis.motherboard.pcieclock@org.openbmc.InventoryItem.props
Jul 07 01:44:18 witherspoon systemd[1]: Started Phosphor Inventory Manager.
Jul 07 01:44:18 witherspoon inventory_items.py[931]: Running Inventory Manager
Jul 07 01:44:18 witherspoon systemd[1]: Started Phosphor Network Manager.
Jul 07 01:44:18 witherspoon netman.py[929]: Started
Jul 07 01:44:31 witherspoon phosphor-mapper[941]: ObjectMapper discovery complete
Jul 07 01:44:31 witherspoon systemd[1]: Started Phosphor DBus Service Discovery Manager.
Jul 07 01:44:31 witherspoon systemd[1]: Reached target Phosphor Object Mapper.
Jul 07 01:44:31 witherspoon systemd[1]: Starting Wait for /org/openbmc/NetworkManager/Interface...
Jul 07 01:44:31 witherspoon systemd[1]: Starting Wait for /org/openbmc/managers/Download...
Jul 07 01:44:31 witherspoon systemd[1]: Starting Wait for /org/openbmc/managers/System...
Jul 07 01:44:31 witherspoon systemd[1]: Starting Wait for /org/openbmc/sensors...
Jul 07 01:44:31 witherspoon systemd[1]: Starting Phosphor Settings Manager...
Jul 07 01:44:31 witherspoon systemd[1]: Starting Wait for /org/openbmc/control/power0...
Jul 07 01:44:31 witherspoon systemd[1]: Starting Wait for /xyz/openbmc_project/inventory...
Jul 07 01:44:31 witherspoon systemd[1]: Starting Wait for /xyz/openbmc_project/led/groups/bmc_booted...
Jul 07 01:44:31 witherspoon systemd[1]: Started Phosphor DBus Monitor.
Jul 07 01:44:31 witherspoon systemd[1]: Reached target Webserver (pre).
Jul 07 01:44:33 witherspoon systemd[1]: Started Phosphor Webserver.
Jul 07 01:44:33 witherspoon systemd[1]: Starting Wait for /xyz/openbmc_project/control/host0...
Jul 07 01:44:33 witherspoon systemd[1]: Starting Wait for /xyz/openbmc_project/led/groups...
Jul 07 01:44:33 witherspoon systemd[1]: Starting Wait for /xyz/openbmc_project/state/chassis0...
Jul 07 01:44:33 witherspoon systemd[1]: Starting Phoshpor System Manager...
Jul 07 01:44:33 witherspoon systemd[1]: Starting Wait for /org/openbmc/control/flash/bios...
Jul 07 01:44:33 witherspoon systemd[1]: Starting Wait for /xyz/openbmc_project/state/host0...
Jul 07 01:44:33 witherspoon systemd[1]: Starting Wait for /org/openbmc/control/bmc0...
Jul 07 01:44:33 witherspoon systemd[1]: Started Wait for /org/openbmc/NetworkManager/Interface.
Jul 07 01:44:33 witherspoon systemd[1]: Started Wait for /org/openbmc/managers/Download.
Jul 07 01:44:33 witherspoon systemd[1]: Started Wait for /org/openbmc/sensors.
Jul 07 01:44:33 witherspoon systemd[1]: Started Wait for /xyz/openbmc_project/inventory.
Jul 07 01:44:33 witherspoon systemd[1]: Started Wait for /xyz/openbmc_project/led/groups/bmc_booted.
Jul 07 01:44:33 witherspoon systemd[1]: Starting Assert bmc_booted LED...
Jul 07 01:44:33 witherspoon systemd[1]: Starting OpenPOWER OCC controller...
Jul 07 01:44:34 witherspoon systemd[1]: Starting Read OpenPOWER-format VPD from EEPROM...
Jul 07 01:44:34 witherspoon systemd[1]: Started Phosphor Cooling Type.
Jul 07 01:44:34 witherspoon systemd[1]: Started Phosphor Hwmon Poller.
Jul 07 01:44:34 witherspoon systemd[1]: Starting Phosphor BIOS Code Update...
Jul 07 01:44:34 witherspoon systemd[1]: Started Phosphor DNS Settings Cache Manager.
Jul 07 01:44:34 witherspoon systemd[1]: Started Wait for /org/openbmc/control/bmc0.
Jul 07 01:44:34 witherspoon systemd[1]: Starting Phosphor BMC Code Update...
Jul 07 01:44:34 witherspoon systemd[1]: Started OpenPOWER OCC controller.
Jul 07 01:44:34 witherspoon systemd[1]: Started Wait for /xyz/openbmc_project/led/groups.
Jul 07 01:44:34 witherspoon systemd[1]: Started FRU Fault monitor service.
Jul 07 01:44:36 witherspoon systemd[1]: Started Phosphor BIOS Code Update.
Jul 07 01:44:37 witherspoon systemd[1]: Started Assert bmc_booted LED.
Jul 07 01:44:40 witherspoon systemd[1]: Started Read OpenPOWER-format VPD from EEPROM.
Jul 07 01:44:45 witherspoon systemd[1]: Started Wait for /org/openbmc/control/flash/bios.
Jul 07 01:44:45 witherspoon systemd[1]: Started Initialize BIOS Flash.
Jul 07 01:44:49 witherspoon flash_bios.exe[1020]: Starting flasher: bios,,/org/openbmc/control/flash/bios,
Jul 07 01:44:49 witherspoon flash_bios.exe[1020]: flasher: , BMC = 1, address = 0x0
Jul 07 01:44:49 witherspoon flash_bios.exe[1020]: Setting up flash
Jul 07 01:44:49 witherspoon systemd[1]: Started Phosphor Settings Manager.
Jul 07 01:44:49 witherspoon systemd[1]: Starting Wait for /org/openbmc/settings/host0...
Jul 07 01:44:49 witherspoon settings_manager.py[997]: Running HostSettingsService
Jul 07 01:44:49 witherspoon flash_bios.exe[1020]: Starting flasher: bios,,/org/openbmc/control/flash/bios,
Jul 07 01:44:49 witherspoon flash_bios.exe[1020]: flasher: , BMC = 1, address = 0x0
Jul 07 01:44:49 witherspoon flash_bios.exe[1020]: Setting up flash
Jul 07 01:44:50 witherspoon hwmon.py[1019]: Starting HWMON sensors
Jul 07 01:44:51 witherspoon systemd[1]: Started Phosphor BMC Code Update.
Jul 07 01:44:51 witherspoon bmc_update.py[1023]: Running Bmc Flash Control
Jul 07 01:44:52 witherspoon systemd[1]: Started Wait for /org/openbmc/settings/host0.
Jul 07 01:44:52 witherspoon systemd[1]: Started Phosphor Inband IPMI.
Jul 07 01:44:52 witherspoon system_manager.py[1011]: Running System State: BASE_APPS
Jul 07 01:44:52 witherspoon system_manager.py[1011]: SystemManager Init Done
Jul 07 01:44:52 witherspoon systemd[1]: Started Phoshpor System Manager.
Jul 07 01:44:52 witherspoon system_manager.py[1011]: Running SystemManager
Jul 07 01:44:53 witherspoon system_manager.py[1011]: SystemManager Goto System State: BMC_STARTING
Jul 07 01:44:53 witherspoon system_manager.py[1011]: Running System State: BMC_STARTING
Jul 07 01:44:54 witherspoon systemd[1]: Started Wait for /org/openbmc/managers/System.
Jul 07 01:44:54 witherspoon systemd[1]: Starting Phosphor Power0 Control...
Jul 07 01:44:54 witherspoon systemd[1]: Starting Phosphor Reset Button0...
Jul 07 01:44:54 witherspoon systemd[1]: Starting Phosphor Host State Manager...
Jul 07 01:44:54 witherspoon systemd[1]: Starting Phosphor Chassis State Manager...
Jul 07 01:44:54 witherspoon systemd[1]: Starting Phosphor BMC State Manager...
Jul 07 01:44:54 witherspoon systemd[1]: Starting Phosphor Power Button0...
Jul 07 01:44:55 witherspoon button_reset.exe[1050]: GPIO Lookup:  RESET_BUTTON = 353,both
Jul 07 01:44:55 witherspoon phosphor-host-state-manager[1051]: Initial Host State will be Off
Jul 07 01:44:55 witherspoon systemd[1]: Started Phosphor Host State Manager.
Jul 07 01:44:55 witherspoon system_manager.py[1011]: New object: /org/openbmc/control/power0 (:1.65)
Jul 07 01:44:55 witherspoon system_manager.py[1011]: Power GPIO config: ['SYS_PWROK_BUFF', '', [('SOFTWARE_PGOOD', True), ('BMC_POWER_UP', True)], [('BMC_CP0_RESET_N', False)], [], 'FSI_DATA', 'FSI_CLK', 'FSI_ENABLE', 'CRONUS_SEL', []]
Jul 07 01:44:57 witherspoon power_control.exe[1049]: Power GPIO latch output:
Jul 07 01:44:57 witherspoon power_control.exe[1049]: Power GPIO power good input: SYS_PWROK_BUFF
Jul 07 01:44:57 witherspoon power_control.exe[1049]: Power GPIO 2 power_up outputs
Jul 07 01:44:57 witherspoon power_control.exe[1049]: Power GPIO power_up[0] = SOFTWARE_PGOOD active HIGH
Jul 07 01:44:57 witherspoon power_control.exe[1049]: Power GPIO power_up[1] = BMC_POWER_UP active HIGH
Jul 07 01:44:57 witherspoon power_control.exe[1049]: Power GPIO 1 reset outputs
Jul 07 01:44:57 witherspoon power_control.exe[1049]: Power GPIO reset[0] = BMC_CP0_RESET_N active LOW
Jul 07 01:44:57 witherspoon power_control.exe[1049]: Power GPIO 0 pci reset outputs
Jul 07 01:44:57 witherspoon power_control.exe[1049]: FSI DATA GPIO: FSI_DATA
Jul 07 01:44:57 witherspoon power_control.exe[1049]: FSI CLK GPIO: FSI_CLK
Jul 07 01:44:57 witherspoon power_control.exe[1049]: FSI ENABLE GPIO: FSI_ENABLE
Jul 07 01:44:57 witherspoon power_control.exe[1049]: CRONUS SEL GPIO: CRONUS_SEL
Jul 07 01:44:57 witherspoon power_control.exe[1049]: Hostctl GPIO optionals: 0
Jul 07 01:44:57 witherspoon power_control.exe[1049]: GPIO Lookup:  SYS_PWROK_BUFF = 306,in
Jul 07 01:44:57 witherspoon power_control.exe[1049]: GPIO Lookup:  SOFTWARE_PGOOD = 417,out
Jul 07 01:44:57 witherspoon power_control.exe[1049]: GPIO Lookup:  BMC_POWER_UP = 305,out
Jul 07 01:44:57 witherspoon power_control.exe[1049]: GPIO Lookup:  BMC_CP0_RESET_N = 281,out
Jul 07 01:44:57 witherspoon power_control.exe[1049]: Pgood state: 0
Jul 07 01:44:55 witherspoon systemd[1]: Started Phosphor Power0 Control.
Jul 07 01:44:56 witherspoon phosphor-bmc-state-manager[1056]: Setting the BMCState field
Jul 07 01:44:56 witherspoon phosphor-bmc-state-manager[1056]: Setting the BMCState field
Jul 07 01:44:56 witherspoon systemd[1]: Started Phosphor BMC State Manager.
Jul 07 01:44:56 witherspoon phosphor-chassis-state-manager[1055]: Initial Chassis State will be Off
Jul 07 01:44:56 witherspoon systemd[1]: Started Phosphor Chassis State Manager.
Jul 07 01:44:56 witherspoon systemd[1]: Started Phosphor Reset Button0.
Jul 07 01:44:58 witherspoon button_power.exe[1057]: GPIO Lookup:  POWER_BUTTON = 347,both
Jul 07 01:44:58 witherspoon systemd[1]: Started Phosphor Power Button0.
Jul 07 01:45:00 witherspoon system_manager.py[1011]: SystemManager Goto System State: BMC_READY
Jul 07 01:45:00 witherspoon system_manager.py[1011]: Running System State: BMC_READY
Jul 07 01:45:01 witherspoon systemd[1]: Started Wait for /xyz/openbmc_project/state/host0.
Jul 07 01:45:01 witherspoon systemd[1]: Started Wait for /org/openbmc/control/power0.
Jul 07 01:45:01 witherspoon systemd[1]: Starting Check Chassis0 pgood and create a file to indicate it...
Jul 07 01:45:01 witherspoon systemd[1]: Starting Phosphor Time Manager daemon...
Jul 07 01:45:01 witherspoon systemd[1]: Started Wait for /xyz/openbmc_project/control/host0.
Jul 07 01:45:01 witherspoon systemd[1]: Started Wait for /xyz/openbmc_project/state/chassis0.
Jul 07 01:45:01 witherspoon systemd[1]: Starting Reboot If Enabled...
Jul 07 01:45:02 witherspoon timemanager[1079]: Registering dbus methods
Jul 07 01:45:02 witherspoon timemanager[1079]: Last known time_mode: MANUAL
Jul 07 01:45:02 witherspoon timemanager[1079]: Last known time_owner: BMC
Jul 07 01:45:02 witherspoon timemanager[1079]: Empty DhcpNtp string
Jul 07 01:45:02 witherspoon timemanager[1079]: Reading Power Control key: pgood
Jul 07 01:45:02 witherspoon systemd[1]: Started Check Chassis0 pgood and create a file to indicate it.
Jul 07 01:45:02 witherspoon systemd[1]: Reached target Chassis0 power on after reset.
Jul 07 01:45:02 witherspoon systemd[1]: Reached target Host0 running after reset.
Jul 07 01:45:02 witherspoon systemd[1]: Reached target Host0 (Reset Check).
Jul 07 01:45:02 witherspoon systemd[1]: Reached target Chassis0 (Reset Check).
Jul 07 01:45:02 witherspoon timemanager[1079]: Changing settings *allowed* now
Jul 07 01:45:02 witherspoon timemanager[1079]: Getting System Settings: time_mode
Jul 07 01:45:03 witherspoon phosphor-discover-system-state[1089]: Host power is off, checking power policy
Jul 07 01:45:03 witherspoon systemd[1]: Started Reboot If Enabled.
Jul 07 01:45:03 witherspoon timemanager[1079]: Requested_Mode: MANUAL Current_Mode: MANUAL
Jul 07 01:45:03 witherspoon timemanager[1079]: Mode is already set to : MANUAL
Jul 07 01:45:03 witherspoon timemanager[1079]: Getting System Settings: time_owner
Jul 07 01:45:03 witherspoon timemanager[1079]: Owner is already set to : BMC
Jul 07 01:45:03 witherspoon timemanager[1079]: Getting System Settings: use_dhcp_ntp
Jul 07 01:45:03 witherspoon timemanager[1079]: use_dhcp_ntp = yes
Jul 07 01:45:03 witherspoon timemanager[1079]: Last known host_offset:0
Jul 07 01:45:03 witherspoon timemanager[1079]: Initial Uptime Usec: 1499391796696725
Jul 07 01:45:03 witherspoon systemd[1]: Started Phosphor Time Manager daemon.
Jul 07 01:45:03 witherspoon systemd[1]: Reached target Phosphor System - Standby.
Jul 07 01:45:03 witherspoon systemd[1]: Startup finished in 8.369s (kernel) + 1min 38.281s (userspace) = 1min 46.651s.
Jul 07 01:45:03 witherspoon phosphor-bmc-state-manager[1056]: BMC_READY
Jul 07 01:45:03 witherspoon phosphor-bmc-state-manager[1056]: Setting the BMCState field
Jul 07 01:45:11 witherspoon phosphor-gevent[1002]: Traceback (most recent call last):
Jul 07 01:45:11 witherspoon phosphor-gevent[1002]:   File "/usr/lib/python2.7/site-packages/gevent/greenlet.py", line 327, in run
Jul 07 01:45:11 witherspoon phosphor-gevent[1002]:     result = self._run(*self.args, **self.kwargs)
Jul 07 01:45:11 witherspoon phosphor-gevent[1002]:   File "/usr/lib/python2.7/site-packages/gevent/server.py", line 102, in wrap_socket_and_handle
Jul 07 01:45:11 witherspoon phosphor-gevent[1002]:     ssl_socket = self.wrap_socket(client_socket, **self.ssl_args)
Jul 07 01:45:11 witherspoon phosphor-gevent[1002]:   File "/usr/lib/python2.7/site-packages/gevent/ssl.py", line 404, in wrap_socket
Jul 07 01:45:11 witherspoon phosphor-gevent[1002]:     ciphers=ciphers)
Jul 07 01:45:11 witherspoon phosphor-gevent[1002]:   File "/usr/lib/python2.7/site-packages/gevent/ssl.py", line 113, in __init__
Jul 07 01:45:11 witherspoon phosphor-gevent[1002]:     self.do_handshake()
Jul 07 01:45:11 witherspoon phosphor-gevent[1002]:   File "/usr/lib/python2.7/site-packages/gevent/ssl.py", line 324, in do_handshake
Jul 07 01:45:11 witherspoon phosphor-gevent[1002]:     return self._sslobj.do_handshake()
Jul 07 01:45:11 witherspoon phosphor-gevent[1002]: SSLEOFError: EOF occurred in violation of protocol (_ssl.c:590)
Jul 07 01:45:11 witherspoon phosphor-gevent[1002]: <Greenlet at 0x7609d300: <bound method WSGIServer.wrap_socket_and_handle of <WSGIServer at 0x760768d0 fileno=5 address=('::3492:f876:b06d:6e76%1986948512', 443, 0, 1986948512)>>(<socket at 0x75f4c2f0 fileno=9>, ('::8079:6c76:8e91:f402%1995930396', 48094, 0, 199)> failed with SSLEOFError
Jul 07 01:45:11 witherspoon phosphor-gevent[1002]: Traceback (most recent call last):
Jul 07 01:45:11 witherspoon phosphor-gevent[1002]:   File "/usr/lib/python2.7/site-packages/gevent/greenlet.py", line 327, in run
Jul 07 01:45:11 witherspoon phosphor-gevent[1002]:     result = self._run(*self.args, **self.kwargs)
Jul 07 01:45:11 witherspoon phosphor-gevent[1002]:   File "/usr/lib/python2.7/site-packages/gevent/server.py", line 102, in wrap_socket_and_handle
Jul 07 01:45:11 witherspoon phosphor-gevent[1002]:     ssl_socket = self.wrap_socket(client_socket, **self.ssl_args)
Jul 07 01:45:11 witherspoon phosphor-gevent[1002]:   File "/usr/lib/python2.7/site-packages/gevent/ssl.py", line 404, in wrap_socket
Jul 07 01:45:11 witherspoon phosphor-gevent[1002]:     ciphers=ciphers)
Jul 07 01:45:11 witherspoon phosphor-gevent[1002]:   File "/usr/lib/python2.7/site-packages/gevent/ssl.py", line 113, in __init__
Jul 07 01:45:11 witherspoon phosphor-gevent[1002]:     self.do_handshake()
Jul 07 01:45:11 witherspoon phosphor-gevent[1002]:   File "/usr/lib/python2.7/site-packages/gevent/ssl.py", line 324, in do_handshake
Jul 07 01:45:11 witherspoon phosphor-gevent[1002]:     return self._sslobj.do_handshake()
Jul 07 01:45:11 witherspoon phosphor-gevent[1002]: SSLEOFError: EOF occurred in violation of protocol (_ssl.c:590)
Jul 07 01:45:11 witherspoon phosphor-gevent[1002]: <Greenlet at 0x7609d5d0: <bound method WSGIServer.wrap_socket_and_handle of <WSGIServer at 0x760768d0 fileno=5 address=('::3492:f876:b06d:6e76%1986948512', 443, 0, 1986948512)>>(<socket at 0x75f4c290 fileno=10>, ('::8079:6c76:8e91:f402%1995930396', 48096, 0, 199)> failed with SSLEOFError
Jul 07 01:45:12 witherspoon phosphor-gevent[1002]: Traceback (most recent call last):
Jul 07 01:45:12 witherspoon phosphor-gevent[1002]:   File "/usr/lib/python2.7/site-packages/gevent/greenlet.py", line 327, in run
Jul 07 01:45:12 witherspoon phosphor-gevent[1002]:     result = self._run(*self.args, **self.kwargs)
Jul 07 01:45:12 witherspoon phosphor-gevent[1002]:   File "/usr/lib/python2.7/site-packages/gevent/server.py", line 102, in wrap_socket_and_handle
Jul 07 01:45:12 witherspoon phosphor-gevent[1002]:     ssl_socket = self.wrap_socket(client_socket, **self.ssl_args)
Jul 07 01:45:12 witherspoon phosphor-gevent[1002]:   File "/usr/lib/python2.7/site-packages/gevent/ssl.py", line 404, in wrap_socket
Jul 07 01:45:12 witherspoon phosphor-gevent[1002]:     ciphers=ciphers)
Jul 07 01:45:12 witherspoon phosphor-gevent[1002]:   File "/usr/lib/python2.7/site-packages/gevent/ssl.py", line 113, in __init__
Jul 07 01:45:12 witherspoon phosphor-gevent[1002]:     self.do_handshake()
Jul 07 01:45:12 witherspoon phosphor-gevent[1002]:   File "/usr/lib/python2.7/site-packages/gevent/ssl.py", line 324, in do_handshake
Jul 07 01:45:12 witherspoon phosphor-gevent[1002]:     return self._sslobj.do_handshake()
Jul 07 01:45:12 witherspoon phosphor-gevent[1002]: SSLEOFError: EOF occurred in violation of protocol (_ssl.c:590)
Jul 07 01:45:12 witherspoon phosphor-gevent[1002]: <Greenlet at 0x7609d2b0: <bound method WSGIServer.wrap_socket_and_handle of <WSGIServer at 0x760768d0 fileno=5 address=('::3492:f876:b06d:6e76%1986948512', 443, 0, 1986948512)>>(<socket at 0x75f4c330 fileno=11>, ('::8079:6c76:8e91:f402%1995930396', 48098, 0, 199)> failed with SSLEOFError
Jul 07 01:45:27 witherspoon phosphor-gevent[1002]: ::8079:6c76:8e91:f402%1995930396 - - [2017-07-07 01:45:27] "POST /login HTTP/1.1" 200 320 0.045605
Jul 07 01:45:27 witherspoon phosphor-gevent[1002]: ::8079:6c76:8e91:f402%1995930396 - - [2017-07-07 01:45:27] "GET /xyz/openbmc_project/state/chassis0//attr/CurrentPowerState HTTP/1.1" 200 216 0.058876
Jul 07 01:45:27 witherspoon phosphor-gevent[1002]: ::8079:6c76:8e91:f402%1995930396 - - [2017-07-07 01:45:27] "POST /login HTTP/1.1" 200 320 0.033621
Jul 07 01:45:27 witherspoon phosphor-gevent[1002]: ::8079:6c76:8e91:f402%1995930396 - - [2017-07-07 01:45:27] "GET /xyz/openbmc_project/state/chassis0//attr/CurrentPowerState HTTP/1.1" 200 216 0.049719
Jul 07 01:45:27 witherspoon phosphor-gevent[1002]: ::8079:6c76:8e91:f402%1995930396 - - [2017-07-07 01:45:27] "POST /login HTTP/1.1" 200 320 0.062943
Jul 07 01:45:27 witherspoon phosphor-gevent[1002]: ::8079:6c76:8e91:f402%1995930396 - - [2017-07-07 01:45:27] "GET /org/openbmc/sensors/host/BootProgress/attr/value HTTP/1.1" 200 170 0.121176
Jul 07 01:45:28 witherspoon phosphor-gevent[1002]: ::8079:6c76:8e91:f402%1995930396 - - [2017-07-07 01:45:28] "POST /login HTTP/1.1" 200 320 0.032909
Jul 07 01:45:28 witherspoon phosphor-gevent[1002]: ::8079:6c76:8e91:f402%1995930396 - - [2017-07-07 01:45:28] "GET /xyz/openbmc_project/state/host0//attr/CurrentHostState HTTP/1.1" 200 212 0.048538
Jul 07 01:45:28 witherspoon phosphor-gevent[1002]: ::8079:6c76:8e91:f402%1995930396 - - [2017-07-07 01:45:28] "POST /login HTTP/1.1" 200 320 0.033066
Jul 07 01:45:28 witherspoon phosphor-gevent[1002]: ::8079:6c76:8e91:f402%1995930396 - - [2017-07-07 01:45:28] "GET /xyz/openbmc_project/logging/entry/list HTTP/1.1" 404 311 0.029725
Jul 07 01:45:28 witherspoon dropbear[984]: Exit (root): Error reading: Connection reset by peer
Jul 07 01:45:28 witherspoon systemd[1]: Started SSH Per-Connection Server (9.41.165.94:47092).
Jul 07 01:45:28 witherspoon dropbear[1098]: Failed loading /etc/dropbear/dropbear_dss_host_key
Jul 07 01:45:28 witherspoon dropbear[1098]: Failed loading /etc/dropbear/dropbear_ecdsa_host_key
Jul 07 01:45:28 witherspoon dropbear[1098]: Child connection from ::ffff:9.41.165.94:47092
Jul 07 01:45:29 witherspoon dropbear[1098]: PAM password auth succeeded for 'root' from ::ffff:9.41.165.94:47092
Jul 07 01:45:29 witherspoon dropbear[1099]: lastlog_perform_login: Couldn't stat /var/log/lastlog: No such file or directory
Jul 07 01:45:29 witherspoon dropbear[1099]: lastlog_openseek: /var/log/lastlog is not a file or directory!
Jul 07 01:45:30 witherspoon phosphor-gevent[1002]: ::8079:6c76:8e91:f402%1995930396 - - [2017-07-07 01:45:30] "POST /login HTTP/1.1" 200 320 0.033612
Jul 07 01:45:30 witherspoon phosphor-gevent[1002]: ::8079:6c76:8e91:f402%1995930396 - - [2017-07-07 01:45:30] "GET /xyz/openbmc_project/state/host0//attr/CurrentHostState HTTP/1.1" 200 212 0.048854
Jul 07 01:45:31 witherspoon dropbear[1098]: Exit (root): Exited normally
Jul 07 01:45:34 witherspoon systemd[1]: Started SSH Per-Connection Server (9.41.165.94:47096).
Jul 07 01:45:34 witherspoon dropbear[1108]: Failed loading /etc/dropbear/dropbear_dss_host_key
Jul 07 01:45:34 witherspoon dropbear[1108]: Failed loading /etc/dropbear/dropbear_ecdsa_host_key
Jul 07 01:45:34 witherspoon dropbear[1108]: Child connection from ::ffff:9.41.165.94:47096
Jul 07 01:45:34 witherspoon dropbear[1108]: PAM password auth succeeded for 'root' from ::ffff:9.41.165.94:47096
Jul 07 01:45:34 witherspoon dropbear[1109]: lastlog_perform_login: Couldn't stat /var/log/lastlog: No such file or directory
Jul 07 01:45:34 witherspoon dropbear[1109]: lastlog_openseek: /var/log/lastlog is not a file or directory!
Jul 07 01:45:36 witherspoon phosphor-gevent[1002]: ::8079:6c76:8e91:f402%1995930396 - - [2017-07-07 01:45:36] "POST /login HTTP/1.1" 200 320 0.033167
Jul 07 01:45:36 witherspoon phosphor-gevent[1002]: ::8079:6c76:8e91:f402%1995930396 - - [2017-07-07 01:45:36] "PUT /org/openbmc/settings/host0/attr/power_policy HTTP/1.1" 200 169 0.175887
Jul 07 01:45:36 witherspoon phosphor-gevent[1002]: ::8079:6c76:8e91:f402%1995930396 - - [2017-07-07 01:45:36] "POST /login HTTP/1.1" 200 320 0.032865
Jul 07 01:45:36 witherspoon phosphor-gevent[1002]: ::8079:6c76:8e91:f402%1995930396 - - [2017-07-07 01:45:36] "GET /org/openbmc/settings/host0/attr/power_policy HTTP/1.1" 200 185 0.070082
Jul 07 01:45:36 witherspoon systemd[1]: Started SSH Per-Connection Server (9.41.165.94:47102).
Jul 07 01:45:37 witherspoon dropbear[1115]: Failed loading /etc/dropbear/dropbear_dss_host_key
Jul 07 01:45:37 witherspoon dropbear[1115]: Failed loading /etc/dropbear/dropbear_ecdsa_host_key
Jul 07 01:45:37 witherspoon dropbear[1115]: Child connection from ::ffff:9.41.165.94:47102
Jul 07 01:45:37 witherspoon dropbear[1115]: PAM password auth succeeded for 'root' from ::ffff:9.41.165.94:47102
Jul 07 01:45:37 witherspoon dropbear[1116]: lastlog_perform_login: Couldn't stat /var/log/lastlog: No such file or directory
Jul 07 01:45:37 witherspoon dropbear[1116]: lastlog_openseek: /var/log/lastlog is not a file or directory!
Jul 07 01:45:38 witherspoon phosphor-gevent[1002]: ::8079:6c76:8e91:f402%1995930396 - - [2017-07-07 01:45:38] "POST /login HTTP/1.1" 200 320 0.033268
Jul 07 01:45:38 witherspoon phosphor-gevent[1002]: ::8079:6c76:8e91:f402%1995930396 - - [2017-07-07 01:45:38] "GET /xyz/openbmc_project/state/chassis0//attr/CurrentPowerState HTTP/1.1" 200 216 0.060094
Jul 07 01:45:39 witherspoon phosphor-gevent[1002]: ::8079:6c76:8e91:f402%1995930396 - - [2017-07-07 01:45:39] "POST /login HTTP/1.1" 200 320 0.036727
Jul 07 01:45:39 witherspoon phosphor-gevent[1002]: ::8079:6c76:8e91:f402%1995930396 - - [2017-07-07 01:45:39] "GET /xyz/openbmc_project/state/bmc0//attr/CurrentBMCState HTTP/1.1" 200 212 0.050364
Jul 07 01:45:39 witherspoon phosphor-gevent[1002]: ::8079:6c76:8e91:f402%1995930396 - - [2017-07-07 01:45:39] "POST /login HTTP/1.1" 200 320 0.085463
Jul 07 01:45:39 witherspoon phosphor-gevent[1002]: ::8079:6c76:8e91:f402%1995930396 - - [2017-07-07 01:45:39] "GET /org/openbmc/sensors/host/BootProgress/attr/value HTTP/1.1" 200 170 0.051885
Jul 07 01:45:39 witherspoon phosphor-gevent[1002]: ::8079:6c76:8e91:f402%1995930396 - - [2017-07-07 01:45:39] "POST /login HTTP/1.1" 200 320 0.033200
Jul 07 01:45:39 witherspoon phosphor-gevent[1002]: ::8079:6c76:8e91:f402%1995930396 - - [2017-07-07 01:45:39] "GET /xyz/openbmc_project/state/host0//attr/CurrentHostState HTTP/1.1" 200 212 0.049875
Jul 07 01:45:40 witherspoon phosphor-gevent[1002]: ::8079:6c76:8e91:f402%1995930396 - - [2017-07-07 01:45:40] "POST /login HTTP/1.1" 200 320 0.041691
Jul 07 01:45:40 witherspoon phosphor-gevent[1002]: ::8079:6c76:8e91:f402%1995930396 - - [2017-07-07 01:45:40] "GET /xyz/openbmc_project/logging/entry/list HTTP/1.1" 404 311 0.044150
Jul 07 01:45:40 witherspoon systemd[1]: Started SSH Per-Connection Server (9.41.165.94:47114).
Jul 07 01:45:40 witherspoon dropbear[1119]: Failed loading /etc/dropbear/dropbear_dss_host_key
Jul 07 01:45:40 witherspoon dropbear[1119]: Failed loading /etc/dropbear/dropbear_ecdsa_host_key
Jul 07 01:45:40 witherspoon dropbear[1119]: Child connection from ::ffff:9.41.165.94:47114
Jul 07 01:45:40 witherspoon dropbear[1119]: PAM password auth succeeded for 'root' from ::ffff:9.41.165.94:47114
Jul 07 01:46:12 witherspoon phosphor-gevent[1002]: ::8079:6c76:8e91:f402%1995930396 - - [2017-07-07 01:46:12] "POST /login HTTP/1.1" 200 320 0.033434
Jul 07 01:46:12 witherspoon phosphor-gevent[1002]: ::8079:6c76:8e91:f402%1995930396 - - [2017-07-07 01:46:12] "POST /org/openbmc/control/flash/bios//action/update HTTP/1.1" 200 169 0.288254
Jul 07 01:46:12 witherspoon flash_bios.exe[1020]: Starting flasher: bios,/tmp/witherspoon_20170628n.pnor,/org/openbmc/control/flash/bios,
Jul 07 01:46:12 witherspoon flash_bios.exe[1020]: flasher: /tmp/witherspoon_20170628n.pnor, BMC = 1, address = 0x0
Jul 07 01:46:12 witherspoon flash_bios.exe[1020]: Setting up flash
Jul 07 01:46:12 witherspoon phosphor-gevent[1002]: ::8079:6c76:8e91:f402%1995930396 - - [2017-07-07 01:46:12] "POST /login HTTP/1.1" 200 320 0.033283
Jul 07 01:46:13 witherspoon phosphor-gevent[1002]: ::8079:6c76:8e91:f402%1995930396 - - [2017-07-07 01:46:13] "GET /org/openbmc/control/flash/bios HTTP/1.1" 200 396 0.368704
Jul 07 01:46:13 witherspoon phosphor-gevent[1002]: ::8079:6c76:8e91:f402%1995930396 - - [2017-07-07 01:46:13] "POST /login HTTP/1.1" 200 320 0.162743
Jul 07 01:46:13 witherspoon phosphor-gevent[1002]: ::8079:6c76:8e91:f402%1995930396 - - [2017-07-07 01:46:13] "GET /org/openbmc/control/flash/bios HTTP/1.1" 200 396 0.068020
Jul 07 01:46:24 witherspoon phosphor-gevent[1002]: ::8079:6c76:8e91:f402%1995930396 - - [2017-07-07 01:46:24] "POST /login HTTP/1.1" 200 320 0.050237
Jul 07 01:46:24 witherspoon phosphor-gevent[1002]: ::8079:6c76:8e91:f402%1995930396 - - [2017-07-07 01:46:24] "GET /org/openbmc/control/flash/bios HTTP/1.1" 200 396 0.067542
Jul 07 01:46:34 witherspoon phosphor-gevent[1002]: ::8079:6c76:8e91:f402%1995930396 - - [2017-07-07 01:46:34] "POST /login HTTP/1.1" 200 320 0.038795
Jul 07 01:46:34 witherspoon phosphor-gevent[1002]: ::8079:6c76:8e91:f402%1995930396 - - [2017-07-07 01:46:34] "GET /org/openbmc/control/flash/bios HTTP/1.1" 200 396 0.067998
Jul 07 01:46:44 witherspoon phosphor-gevent[1002]: ::8079:6c76:8e91:f402%1995930396 - - [2017-07-07 01:46:44] "POST /login HTTP/1.1" 200 320 0.033354
Jul 07 01:46:45 witherspoon phosphor-gevent[1002]: ::8079:6c76:8e91:f402%1995930396 - - [2017-07-07 01:46:45] "GET /org/openbmc/control/flash/bios HTTP/1.1" 200 396 0.067953
Jul 07 01:46:55 witherspoon phosphor-gevent[1002]: ::8079:6c76:8e91:f402%1995930396 - - [2017-07-07 01:46:55] "POST /login HTTP/1.1" 200 320 0.033753
Jul 07 01:46:55 witherspoon phosphor-gevent[1002]: ::8079:6c76:8e91:f402%1995930396 - - [2017-07-07 01:46:55] "GET /org/openbmc/control/flash/bios HTTP/1.1" 200 396 0.068581
Jul 07 01:47:05 witherspoon phosphor-gevent[1002]: ::8079:6c76:8e91:f402%1995930396 - - [2017-07-07 01:47:05] "POST /login HTTP/1.1" 200 320 0.034263
Jul 07 01:47:05 witherspoon phosphor-gevent[1002]: ::8079:6c76:8e91:f402%1995930396 - - [2017-07-07 01:47:05] "GET /org/openbmc/control/flash/bios HTTP/1.1" 200 396 0.068116
Jul 07 01:47:16 witherspoon phosphor-gevent[1002]: ::8079:6c76:8e91:f402%1995930396 - - [2017-07-07 01:47:16] "POST /login HTTP/1.1" 200 320 0.033557
Jul 07 01:47:16 witherspoon phosphor-gevent[1002]: ::8079:6c76:8e91:f402%1995930396 - - [2017-07-07 01:47:16] "GET /org/openbmc/control/flash/bios HTTP/1.1" 200 396 0.067889
Jul 07 01:47:26 witherspoon phosphor-gevent[1002]: ::8079:6c76:8e91:f402%1995930396 - - [2017-07-07 01:47:26] "POST /login HTTP/1.1" 200 320 0.039252
Jul 07 01:47:27 witherspoon phosphor-gevent[1002]: ::8079:6c76:8e91:f402%1995930396 - - [2017-07-07 01:47:27] "GET /org/openbmc/control/flash/bios HTTP/1.1" 200 396 0.068005
Jul 07 01:47:37 witherspoon phosphor-gevent[1002]: ::8079:6c76:8e91:f402%1995930396 - - [2017-07-07 01:47:37] "POST /login HTTP/1.1" 200 320 0.033231
Jul 07 01:47:37 witherspoon phosphor-gevent[1002]: ::8079:6c76:8e91:f402%1995930396 - - [2017-07-07 01:47:37] "GET /org/openbmc/control/flash/bios HTTP/1.1" 200 396 0.068398
Jul 07 01:47:47 witherspoon phosphor-gevent[1002]: ::8079:6c76:8e91:f402%1995930396 - - [2017-07-07 01:47:47] "POST /login HTTP/1.1" 200 320 0.033497
Jul 07 01:47:47 witherspoon phosphor-gevent[1002]: ::8079:6c76:8e91:f402%1995930396 - - [2017-07-07 01:47:47] "GET /org/openbmc/control/flash/bios HTTP/1.1" 200 396 0.067973
Jul 07 01:47:57 witherspoon phosphor-gevent[1002]: ::8079:6c76:8e91:f402%1995930396 - - [2017-07-07 01:47:57] "POST /login HTTP/1.1" 200 320 0.033487
Jul 07 01:47:57 witherspoon phosphor-gevent[1002]: ::8079:6c76:8e91:f402%1995930396 - - [2017-07-07 01:47:57] "GET /org/openbmc/control/flash/bios HTTP/1.1" 200 396 0.068909
Jul 07 01:48:08 witherspoon phosphor-gevent[1002]: ::8079:6c76:8e91:f402%1995930396 - - [2017-07-07 01:48:08] "POST /login HTTP/1.1" 200 320 0.033823
Jul 07 01:48:08 witherspoon phosphor-gevent[1002]: ::8079:6c76:8e91:f402%1995930396 - - [2017-07-07 01:48:08] "GET /org/openbmc/control/flash/bios HTTP/1.1" 200 396 0.068335
Jul 07 01:48:18 witherspoon phosphor-gevent[1002]: ::8079:6c76:8e91:f402%1995930396 - - [2017-07-07 01:48:18] "POST /login HTTP/1.1" 200 320 0.040503
Jul 07 01:48:18 witherspoon phosphor-gevent[1002]: ::8079:6c76:8e91:f402%1995930396 - - [2017-07-07 01:48:18] "GET /org/openbmc/control/flash/bios HTTP/1.1" 200 401 0.067880
Jul 07 01:48:28 witherspoon phosphor-gevent[1002]: ::8079:6c76:8e91:f402%1995930396 - - [2017-07-07 01:48:28] "POST /login HTTP/1.1" 200 320 0.033746
Jul 07 01:48:28 witherspoon phosphor-gevent[1002]: ::8079:6c76:8e91:f402%1995930396 - - [2017-07-07 01:48:28] "GET /org/openbmc/control/flash/bios HTTP/1.1" 200 401 0.068770
Jul 07 01:48:38 witherspoon phosphor-gevent[1002]: ::8079:6c76:8e91:f402%1995930396 - - [2017-07-07 01:48:38] "POST /login HTTP/1.1" 200 320 0.033680
Jul 07 01:48:39 witherspoon phosphor-gevent[1002]: ::8079:6c76:8e91:f402%1995930396 - - [2017-07-07 01:48:39] "GET /org/openbmc/control/flash/bios HTTP/1.1" 200 401 0.068582
Jul 07 01:48:49 witherspoon phosphor-gevent[1002]: ::8079:6c76:8e91:f402%1995930396 - - [2017-07-07 01:48:49] "POST /login HTTP/1.1" 200 320 0.033493
Jul 07 01:48:49 witherspoon phosphor-gevent[1002]: ::8079:6c76:8e91:f402%1995930396 - - [2017-07-07 01:48:49] "GET /org/openbmc/control/flash/bios HTTP/1.1" 200 401 0.068309
Jul 07 01:48:59 witherspoon phosphor-gevent[1002]: ::8079:6c76:8e91:f402%1995930396 - - [2017-07-07 01:48:59] "POST /login HTTP/1.1" 200 320 0.033666
Jul 07 01:48:59 witherspoon phosphor-gevent[1002]: ::8079:6c76:8e91:f402%1995930396 - - [2017-07-07 01:48:59] "GET /org/openbmc/control/flash/bios HTTP/1.1" 200 400 0.068103
Jul 07 01:49:08 witherspoon flash_bios.exe[1020]: Erasing... (may take a while !) done !
Jul 07 01:49:08 witherspoon flash_bios.exe[1020]: About to program "/tmp/witherspoon_20170628n.pnor" at 0x00000000..0x04000000 !
Jul 07 01:49:08 witherspoon flash_bios.exe[1020]: Programming & Verifying...
Jul 07 01:49:08 witherspoon flash_bios.exe[1020]: Flash done
Jul 07 01:49:10 witherspoon phosphor-gevent[1002]: ::8079:6c76:8e91:f402%1995930396 - - [2017-07-07 01:49:10] "POST /login HTTP/1.1" 200 320 0.040996
Jul 07 01:49:10 witherspoon phosphor-gevent[1002]: ::8079:6c76:8e91:f402%1995930396 - - [2017-07-07 01:49:10] "GET /org/openbmc/control/flash/bios HTTP/1.1" 200 398 0.083714
Jul 07 01:49:10 witherspoon systemd[1]: Started SSH Per-Connection Server (9.41.165.94:47164).
Jul 07 01:49:10 witherspoon dropbear[1125]: Failed loading /etc/dropbear/dropbear_dss_host_key
Jul 07 01:49:10 witherspoon dropbear[1125]: Failed loading /etc/dropbear/dropbear_ecdsa_host_key
Jul 07 01:49:10 witherspoon dropbear[1125]: Child connection from ::ffff:9.41.165.94:47164
Jul 07 01:49:10 witherspoon dropbear[1125]: PAM password auth succeeded for 'root' from ::ffff:9.41.165.94:47164
Jul 07 01:49:10 witherspoon dropbear[1126]: lastlog_perform_login: Couldn't stat /var/log/lastlog: No such file or directory
Jul 07 01:49:10 witherspoon dropbear[1126]: lastlog_openseek: /var/log/lastlog is not a file or directory!
Jul 07 01:49:12 witherspoon phosphor-gevent[1002]: ::8079:6c76:8e91:f402%1995930396 - - [2017-07-07 01:49:12] "POST /login HTTP/1.1" 200 320 0.033600
Jul 07 01:49:12 witherspoon phosphor-gevent[1002]: ::8079:6c76:8e91:f402%1995930396 - - [2017-07-07 01:49:12] "GET /xyz/openbmc_project/state/host0//attr/CurrentHostState HTTP/1.1" 200 212 0.068169
Jul 07 01:49:12 witherspoon systemd[1]: Created slice system-obmc\x2dconsole\x2dssh.slice.
Jul 07 01:49:12 witherspoon systemd[1]: Started Phosphor Host Console SSH Per-Connection (9.41.165.94:35718).
Jul 07 01:49:12 witherspoon dropbear[1130]: Failed loading /etc/dropbear/dropbear_dss_host_key
Jul 07 01:49:12 witherspoon dropbear[1130]: Failed loading /etc/dropbear/dropbear_ecdsa_host_key
Jul 07 01:49:12 witherspoon dropbear[1130]: Child connection from ::ffff:9.41.165.94:35718
Jul 07 01:49:13 witherspoon dropbear[1130]: PAM password auth succeeded for 'root' from ::ffff:9.41.165.94:35718
Jul 07 01:49:13 witherspoon dropbear[1131]: lastlog_perform_login: Couldn't stat /var/log/lastlog: No such file or directory
Jul 07 01:49:13 witherspoon dropbear[1131]: lastlog_openseek: /var/log/lastlog is not a file or directory!
Jul 07 01:49:13 witherspoon phosphor-gevent[1002]: ::8079:6c76:8e91:f402%1995930396 - - [2017-07-07 01:49:13] "POST /login HTTP/1.1" 200 320 0.054766
Jul 07 01:49:13 witherspoon phosphor-gevent[1002]: ::8079:6c76:8e91:f402%1995930396 - - [2017-07-07 01:49:13] "PUT /org/openbmc/settings/host0/attr/power_policy HTTP/1.1" 200 169 0.253664
Jul 07 01:49:13 witherspoon phosphor-gevent[1002]: ::8079:6c76:8e91:f402%1995930396 - - [2017-07-07 01:49:13] "POST /login HTTP/1.1" 200 320 0.033584
Jul 07 01:49:13 witherspoon phosphor-gevent[1002]: ::8079:6c76:8e91:f402%1995930396 - - [2017-07-07 01:49:13] "GET /org/openbmc/settings/host0/attr/power_policy HTTP/1.1" 200 185 0.072346
Jul 07 01:49:14 witherspoon dropbear[1132]: Failed loading /etc/dropbear/dropbear_dss_host_key
Jul 07 01:49:14 witherspoon dropbear[1132]: Failed loading /etc/dropbear/dropbear_ecdsa_host_key
Jul 07 01:49:14 witherspoon dropbear[1132]: Child connection from ::ffff:9.41.165.94:47174
Jul 07 01:49:14 witherspoon systemd[1]: Started SSH Per-Connection Server (9.41.165.94:47174).
Jul 07 01:49:14 witherspoon dropbear[1132]: PAM password auth succeeded for 'root' from ::ffff:9.41.165.94:47174
Jul 07 01:49:14 witherspoon dropbear[1133]: lastlog_perform_login: Couldn't stat /var/log/lastlog: No such file or directory
Jul 07 01:49:14 witherspoon dropbear[1133]: lastlog_openseek: /var/log/lastlog is not a file or directory!
Jul 07 01:49:15 witherspoon phosphor-gevent[1002]: ::8079:6c76:8e91:f402%1995930396 - - [2017-07-07 01:49:15] "POST /login HTTP/1.1" 200 320 0.050208
Jul 07 01:49:16 witherspoon phosphor-gevent[1002]: ::8079:6c76:8e91:f402%1995930396 - - [2017-07-07 01:49:16] "GET /xyz/openbmc_project/state/chassis0//attr/CurrentPowerState HTTP/1.1" 200 216 0.053053
Jul 07 01:49:16 witherspoon phosphor-gevent[1002]: ::8079:6c76:8e91:f402%1995930396 - - [2017-07-07 01:49:16] "POST /login HTTP/1.1" 200 320 0.040518
Jul 07 01:49:16 witherspoon phosphor-gevent[1002]: ::8079:6c76:8e91:f402%1995930396 - - [2017-07-07 01:49:16] "GET /xyz/openbmc_project/state/bmc0//attr/CurrentBMCState HTTP/1.1" 200 212 0.050797
Jul 07 01:49:16 witherspoon phosphor-gevent[1002]: ::8079:6c76:8e91:f402%1995930396 - - [2017-07-07 01:49:16] "POST /login HTTP/1.1" 200 320 0.033501
Jul 07 01:49:16 witherspoon phosphor-gevent[1002]: ::8079:6c76:8e91:f402%1995930396 - - [2017-07-07 01:49:16] "GET /org/openbmc/sensors/host/BootProgress/attr/value HTTP/1.1" 200 170 0.052735
Jul 07 01:49:16 witherspoon phosphor-gevent[1002]: ::8079:6c76:8e91:f402%1995930396 - - [2017-07-07 01:49:16] "POST /login HTTP/1.1" 200 320 0.034039
Jul 07 01:49:16 witherspoon phosphor-gevent[1002]: ::8079:6c76:8e91:f402%1995930396 - - [2017-07-07 01:49:16] "GET /xyz/openbmc_project/state/host0//attr/CurrentHostState HTTP/1.1" 200 212 0.056408
Jul 07 01:49:17 witherspoon phosphor-gevent[1002]: ::8079:6c76:8e91:f402%1995930396 - - [2017-07-07 01:49:17] "POST /login HTTP/1.1" 200 320 0.056541
Jul 07 01:49:17 witherspoon phosphor-host-state-manager[1051]: Host State transaction request
Jul 07 01:49:17 witherspoon phosphor-gevent[1002]: ::8079:6c76:8e91:f402%1995930396 - - [2017-07-07 01:49:17] "PUT /xyz/openbmc_project/state/host0//attr/RequestedHostTransition HTTP/1.1" 200 169 0.178994
Jul 07 01:49:17 witherspoon systemd[1]: Created slice system-pcie\x2dslot\x2ddetect.slice.
Jul 07 01:49:17 witherspoon systemd[1]: Starting Wait for /xyz/openbmc_project/led/groups/power_on...
Jul 07 01:49:17 witherspoon systemd[1]: Created slice system-mapper\x2dsubtree\x2dremove.slice.
Jul 07 01:49:17 witherspoon systemd[1]: Created slice system-obmc\x2denable\x2dhost\x2dwatchdog.slice.
Jul 07 01:49:17 witherspoon systemd[1]: Created slice system-phosphor\x2dfan\x2dcontrol\x2dinit.slice.
Jul 07 01:49:17 witherspoon systemd[1]: Created slice system-fsi\x2dbind.slice.
Jul 07 01:49:17 witherspoon systemd[1]: Starting Wait for /org/openbmc/control/chassis0...
Jul 07 01:49:17 witherspoon systemd[1]: Created slice system-phosphor\x2dfan\x2dpresence\x2dtach.slice.
Jul 07 01:49:17 witherspoon systemd[1]: Created slice system-ir35221\x2don\x2dunbind.slice.
Jul 07 01:49:17 witherspoon systemd[1]: Starting power on mode unbind ir35221 device driver devs...
Jul 07 01:49:17 witherspoon systemd[1]: Created slice system-vcs_workaround.slice.
Jul 07 01:49:17 witherspoon systemd[1]: Created slice system-op\x2dwait\x2dpower\x2don.slice.
Jul 07 01:49:17 witherspoon systemd[1]: Created slice system-fsi\x2dscan.slice.
Jul 07 01:49:17 witherspoon systemd[1]: Created slice system-phosphor\x2dwatchdog.slice.
Jul 07 01:49:17 witherspoon systemd[1]: Started Phosphor poweron watchdog.
Jul 07 01:49:18 witherspoon systemd[1]: Created slice system-avsbus\x2dworkaround.slice.
Jul 07 01:49:18 witherspoon systemd[1]: Created slice system-op\x2dpower\x2dstart.slice.
Jul 07 01:49:18 witherspoon systemd[1]: Created slice system-ucd_disable_vcs.slice.
Jul 07 01:49:18 witherspoon systemd[1]: Starting Disable UCD VCS rails...
Jul 07 01:49:18 witherspoon systemd[1]: Created slice system-start_host.slice.
Jul 07 01:49:18 witherspoon systemd[1]: Created slice system-vcs_off.slice.
Jul 07 01:49:18 witherspoon systemd[1]: Created slice system-vrm\x2dcontrol.slice.
Jul 07 01:49:18 witherspoon systemd[1]: Starting Wait for /xyz/openbmc_project/watchdog/host0...
Jul 07 01:49:18 witherspoon systemd[1]: Created slice system-avsbus\x2denable.slice.
Jul 07 01:49:18 witherspoon systemd[1]: Created slice system-phosphor\x2dgpio\x2dmonitor.slice.
Jul 07 01:49:18 witherspoon systemd[1]: Started Phosphor GPIO checkstop monitor.
Jul 07 01:49:18 witherspoon systemd[1]: Reached target Start Host checkstop monitor.
Jul 07 01:49:18 witherspoon phosphor-gevent[1002]: ::8079:6c76:8e91:f402%1995930396 - - [2017-07-07 01:49:18] "POST /login HTTP/1.1" 200 320 0.616781
Jul 07 01:49:19 witherspoon systemd[1]: Created slice system-ir35221\x2don\x2dbind.slice.
Jul 07 01:49:19 witherspoon systemd[1]: Starting Wait for Power0 to turn on...
Jul 07 01:49:19 witherspoon systemd[1]: Starting Witherspoon Fan Watchdog Reset...
Jul 07 01:49:19 witherspoon systemd[1]: Created slice system-vcs_on.slice.
Jul 07 01:49:19 witherspoon systemd[1]: Created slice system-cfam_override.slice.
Jul 07 01:49:19 witherspoon systemd[1]: Created slice system-avsbus\x2ddisable.slice.
Jul 07 01:49:19 witherspoon systemd[1]: Starting mapper subtree-remove /xyz/openbmc_project/software:xyz.openbmc_project.Software.ActivationBlocksTransition...
Jul 07 01:49:19 witherspoon kernel: ucd9000 11-0064: Device ID UCD90160|2.3.4.0000|110603
Jul 07 01:49:19 witherspoon kernel[946]: [  363.220000] ucd9000 11-0064: Device ID UCD90160|2.3.4.0000|110603
Jul 07 01:49:20 witherspoon systemd[1]: Started Wait for /xyz/openbmc_project/led/groups/power_on.
Jul 07 01:49:20 witherspoon systemd[1]: Started Wait for /org/openbmc/control/chassis0.
Jul 07 01:49:20 witherspoon systemd[1]: Started power on mode unbind ir35221 device driver devs.
Jul 07 01:49:20 witherspoon systemd[1]: Started Witherspoon Fan Watchdog Reset.
Jul 07 01:49:20 witherspoon systemd[1]: Started Disable UCD VCS rails.
Jul 07 01:49:20 witherspoon systemd[1]: xyz.openbmc_project.Hwmon@ahb-apb-i2c\x401e78a000-i2c\x2dbus\x40140-ir35221\x4070.service: Unit not needed anymore. Stopping.
Jul 07 01:49:20 witherspoon systemd[1]: xyz.openbmc_project.Hwmon@ahb-apb-i2c\x401e78a000-i2c\x2dbus\x40140-ir35221\x4070.service: Service hold-off time over, scheduling restart.
Jul 07 01:49:20 witherspoon systemd[1]: xyz.openbmc_project.Hwmon@ahb-apb-i2c\x401e78a000-i2c\x2dbus\x40140-ir35221\x4070.service: Stop job pending for unit, delaying automatic restart.
Jul 07 01:49:20 witherspoon systemd[1]: xyz.openbmc_project.Hwmon@ahb-apb-i2c\x401e78a000-i2c\x2dbus\x40180-ir35221\x4070.service: Service hold-off time over, scheduling restart.
Jul 07 01:49:20 witherspoon systemd[1]: xyz.openbmc_project.Hwmon@ahb-apb-i2c\x401e78a000-i2c\x2dbus\x40400-ucd90160\x4064.service: Service hold-off time over, scheduling restart.
Jul 07 01:49:20 witherspoon systemd[1]: xyz.openbmc_project.Hwmon@ahb-apb-i2c\x401e78a000-i2c\x2dbus\x40140-ir35221\x4071.service: Service hold-off time over, scheduling restart.
Jul 07 01:49:20 witherspoon systemd[1]: xyz.openbmc_project.Hwmon@ahb-apb-i2c\x401e78a000-i2c\x2dbus\x40180-ir35221\x4071.service: Service hold-off time over, scheduling restart.
Jul 07 01:49:20 witherspoon systemd[1]: xyz.openbmc_project.Hwmon@ahb-apb-i2c\x401e78a000-i2c\x2dbus\x40140-ir35221\x4071.service: Unit not needed anymore. Stopping.
