-- Logs begin at Thu 2017-08-24 22:29:18 UTC, end at Thu 2017-08-24 22:35:19 UTC. --
Aug 24 22:29:18 witherspoon kernel: Booting Linux on physical CPU 0x0
Aug 24 22:29:18 witherspoon kernel: Linux version 4.10.17-ba30e9ed152bab62f72da24986ee5ca22d6c9b07 (jenkins@openbmc-builder2) (gcc version 6.2.0 (GCC) ) #1 Thu Aug 24 20:47:21 UTC 2017
Aug 24 22:29:18 witherspoon kernel: CPU: ARMv6-compatible processor [410fb767] revision 7 (ARMv7), cr=00c5387d
Aug 24 22:29:18 witherspoon kernel: CPU: PIPT / VIPT nonaliasing data cache, VIPT nonaliasing instruction cache
Aug 24 22:29:18 witherspoon kernel: OF: fdt:Machine model: Witherspoon BMC
Aug 24 22:29:18 witherspoon kernel: Memory policy: Data cache writeback
Aug 24 22:29:18 witherspoon kernel: SOC Rev: 04030303
Aug 24 22:29:18 witherspoon kernel: On node 0 totalpages: 110592
Aug 24 22:29:18 witherspoon kernel: free_area_init_node: node 0, pgdat 80601864, node_mem_map 9ec1a000
Aug 24 22:29:18 witherspoon kernel:   Normal zone: 992 pages used for memmap
Aug 24 22:29:18 witherspoon kernel:   Normal zone: 0 pages reserved
Aug 24 22:29:18 witherspoon kernel:   Normal zone: 110592 pages, LIFO batch:31
Aug 24 22:29:18 witherspoon kernel: pcpu-alloc: s0 r0 d32768 u32768 alloc=1*32768
Aug 24 22:29:18 witherspoon kernel: pcpu-alloc: [0] 0 
Aug 24 22:29:18 witherspoon kernel: Built 1 zonelists in Zone order, mobility grouping on.  Total pages: 109600
Aug 24 22:29:18 witherspoon kernel: Kernel command line: console=ttyS4,115200n8 root=/dev/ram rw
Aug 24 22:29:18 witherspoon kernel: PID hash table entries: 2048 (order: 1, 8192 bytes)
Aug 24 22:29:18 witherspoon kernel: Dentry cache hash table entries: 65536 (order: 6, 262144 bytes)
Aug 24 22:29:18 witherspoon kernel: Inode-cache hash table entries: 32768 (order: 5, 131072 bytes)
Aug 24 22:29:18 witherspoon kernel: Memory: 430420K/442368K available (4074K kernel code, 281K rwdata, 1196K rodata, 280K init, 111K bss, 11948K reserved, 0K cma-reserved)
Aug 24 22:29:18 witherspoon kernel: Virtual kernel memory layout:
                                        vector  : 0xffff0000 - 0xffff1000   (   4 kB)
                                        fixmap  : 0xffc00000 - 0xfff00000   (3072 kB)
                                        vmalloc : 0x9f800000 - 0xff800000   (1536 MB)
                                        lowmem  : 0x80000000 - 0x9f000000   ( 496 MB)
                                          .text : 0x80008000 - 0x80402d80   (4076 kB)
                                          .init : 0x80588000 - 0x805ce000   ( 280 kB)
                                          .data : 0x805ce000 - 0x80614710   ( 282 kB)
                                           .bss : 0x80614710 - 0x806305b8   ( 112 kB)
Aug 24 22:29:18 witherspoon kernel: NR_IRQS:16 nr_irqs:16 16
Aug 24 22:29:18 witherspoon kernel: i2c controller registered, irq 16
Aug 24 22:29:18 witherspoon kernel: clocksource: moxart_timer: mask: 0xffffffff max_cycles: 0xffffffff, max_idle_ns: 77222644334 ns
Aug 24 22:29:18 witherspoon kernel: sched_clock: 32 bits at 100 Hz, resolution 10000000ns, wraps every 21474836475000000ns
Aug 24 22:29:18 witherspoon kernel: Calibrating delay loop... 789.70 BogoMIPS (lpj=3948544)
Aug 24 22:29:18 witherspoon kernel: pid_max: default: 32768 minimum: 301
Aug 24 22:29:18 witherspoon kernel: Mount-cache hash table entries: 1024 (order: 0, 4096 bytes)
Aug 24 22:29:18 witherspoon kernel: Mountpoint-cache hash table entries: 1024 (order: 0, 4096 bytes)
Aug 24 22:29:18 witherspoon kernel: CPU: Testing write buffer coherency: ok
Aug 24 22:29:18 witherspoon kernel: ftrace: allocating 14975 entries in 44 pages
Aug 24 22:29:18 witherspoon kernel: Setting up static identity map for 0x80008200 - 0x8000825c
Aug 24 22:29:18 witherspoon kernel: devtmpfs: initialized
Aug 24 22:29:18 witherspoon kernel: clocksource: jiffies: mask: 0xffffffff max_cycles: 0xffffffff, max_idle_ns: 19112604462750000 ns
Aug 24 22:29:18 witherspoon kernel: futex hash table entries: 256 (order: -1, 3072 bytes)
Aug 24 22:29:18 witherspoon kernel: pinctrl core: initialized pinctrl subsystem
Aug 24 22:29:18 witherspoon kernel: NET: Registered protocol family 16
Aug 24 22:29:18 witherspoon kernel: DMA: preallocated 256 KiB pool for atomic coherent allocations
Aug 24 22:29:18 witherspoon kernel: usbcore: registered new interface driver usbfs
Aug 24 22:29:18 witherspoon kernel: usbcore: registered new interface driver hub
Aug 24 22:29:18 witherspoon kernel: usbcore: registered new device driver usb
Aug 24 22:29:18 witherspoon kernel: clocksource: Switched to clocksource moxart_timer
Aug 24 22:29:18 witherspoon kernel: NET: Registered protocol family 2
Aug 24 22:29:18 witherspoon kernel: TCP established hash table entries: 4096 (order: 2, 16384 bytes)
Aug 24 22:29:18 witherspoon kernel: TCP bind hash table entries: 4096 (order: 2, 16384 bytes)
Aug 24 22:29:18 witherspoon kernel: TCP: Hash tables configured (established 4096 bind 4096)
Aug 24 22:29:18 witherspoon kernel: UDP hash table entries: 256 (order: 0, 4096 bytes)
Aug 24 22:29:18 witherspoon kernel: UDP-Lite hash table entries: 256 (order: 0, 4096 bytes)
Aug 24 22:29:18 witherspoon kernel: NET: Registered protocol family 1
Aug 24 22:29:18 witherspoon kernel: Trying to unpack rootfs image as initramfs...
Aug 24 22:29:18 witherspoon kernel: Freeing initrd memory: 1548K
Aug 24 22:29:18 witherspoon kernel: workingset: timestamp_bits=30 max_order=17 bucket_order=0
Aug 24 22:29:18 witherspoon kernel: squashfs: version 4.0 (2009/01/31) Phillip Lougher
Aug 24 22:29:18 witherspoon kernel: jffs2: version 2.2. (SUMMARY)  © 2001-2006 Red Hat, Inc.
Aug 24 22:29:18 witherspoon kernel: Block layer SCSI generic (bsg) driver version 0.4 loaded (major 250)
Aug 24 22:29:18 witherspoon kernel: io scheduler noop registered
Aug 24 22:29:18 witherspoon kernel: io scheduler deadline registered
Aug 24 22:29:18 witherspoon kernel: io scheduler cfq registered (default)
Aug 24 22:29:18 witherspoon kernel: ipmi-bt-host 1e789140.ibt: Found bt bmc device
Aug 24 22:29:18 witherspoon kernel: ipmi-bt-host 1e789140.ibt: Using IRQ 22
Aug 24 22:29:18 witherspoon kernel: Serial: 8250/16550 driver, 6 ports, IRQ sharing enabled
Aug 24 22:29:18 witherspoon kernel: 1e787000.vuart: ttyS0 at MMIO 0x1e787000 (irq = 22, base_baud = 1500000) is a 16550A
Aug 24 22:29:18 witherspoon kernel: 1e783000.serial: ttyS1 at MMIO 0x1e783000 (irq = 23, base_baud = 1500000) is a 16550A
Aug 24 22:29:18 witherspoon kernel: 1e78d000.serial: ttyS2 at MMIO 0x1e78d000 (irq = 24, base_baud = 1500000) is a 16550A
Aug 24 22:29:18 witherspoon kernel: 1e784000.serial: ttyS4 at MMIO 0x1e784000 (irq = 25, base_baud = 1500000) is a 16550A
Aug 24 22:29:18 witherspoon kernel: console [ttyS4] enabled
Aug 24 22:29:18 witherspoon kernel: timeriomem_rng 1e6e2078.hwrng: 32bits from 0xf00e2078 @ 1us
Aug 24 22:29:18 witherspoon kernel: random: fast init done
Aug 24 22:29:18 witherspoon kernel: random: crng init done
Aug 24 22:29:18 witherspoon kernel: brd: module loaded
Aug 24 22:29:18 witherspoon kernel: loop: module loaded
Aug 24 22:29:18 witherspoon kernel: aspeed-lpc-ctrl 1e789080.lpc-ctrl: Loaded at 0x98000000 (0x04000000)
Aug 24 22:29:18 witherspoon kernel: aspeed-smc 1e620000.flash-controller: Using IRQ 18
Aug 24 22:29:18 witherspoon kernel: aspeed-smc 1e620000.flash-controller: DMA support disabled.
Aug 24 22:29:18 witherspoon kernel: aspeed-smc 1e620000.flash-controller: mx25l25635e (32768 Kbytes)
Aug 24 22:29:18 witherspoon kernel: aspeed-smc 1e620000.flash-controller: CE0 window [ 0x20000000 - 0x22000000 ] 32MB
Aug 24 22:29:18 witherspoon kernel: aspeed-smc 1e620000.flash-controller: CE1 window [ 0x22000000 - 0x2a000000 ] 128MB
Aug 24 22:29:18 witherspoon kernel: 5 ofpart partitions found on MTD device bmc
Aug 24 22:29:18 witherspoon kernel: Creating 5 MTD partitions on "bmc":
Aug 24 22:29:18 witherspoon kernel: 0x000000000000-0x000000060000 : "u-boot"
Aug 24 22:29:18 witherspoon kernel: 0x000000060000-0x000000080000 : "u-boot-env"
Aug 24 22:29:18 witherspoon kernel: 0x000000080000-0x0000004c0000 : "kernel"
Aug 24 22:29:18 witherspoon kernel: 0x0000004c0000-0x000001c00000 : "rofs"
Aug 24 22:29:18 witherspoon kernel: 0x000001c00000-0x000002000000 : "rwfs"
Aug 24 22:29:18 witherspoon kernel: aspeed-smc 1e620000.flash-controller: mx25l25635e (32768 Kbytes)
Aug 24 22:29:18 witherspoon kernel: aspeed-smc 1e620000.flash-controller: CE1 window [ 0x22000000 - 0x24000000 ] 32MB
Aug 24 22:29:18 witherspoon kernel: aspeed-smc 1e620000.flash-controller: CE2 window [ 0x24000000 - 0x2c000000 ] 128MB
Aug 24 22:29:18 witherspoon kernel: aspeed-smc 1e630000.flash-controller: mx66l1g45g (131072 Kbytes)
Aug 24 22:29:18 witherspoon kernel: aspeed-smc 1e630000.flash-controller: CE0 window resized to 120MB (AST2500 HW quirk)
Aug 24 22:29:18 witherspoon kernel: aspeed-smc 1e630000.flash-controller: CE0 window [ 0x30000000 - 0x37800000 ] 120MB
Aug 24 22:29:18 witherspoon kernel: aspeed-smc 1e630000.flash-controller: CE0 window too small for chip 128MB
Aug 24 22:29:18 witherspoon kernel: aspeed-smc 1e630000.flash-controller: CE1 window [ 0x37800000 - 0x38000000 ] 8MB
Aug 24 22:29:18 witherspoon kernel: libphy: Fixed MDIO Bus: probed
Aug 24 22:29:18 witherspoon kernel: ftgmac100 1e660000.ethernet: Read MAC address 70:e2:84:14:28:a9 from chip
Aug 24 22:29:18 witherspoon kernel: ftgmac100 1e660000.ethernet: Using NCSI interface
Aug 24 22:29:18 witherspoon kernel: ftgmac100 1e660000.ethernet eth0: irq 20, mapped at f0060000
Aug 24 22:29:18 witherspoon kernel: ehci_hcd: USB 2.0 'Enhanced' Host Controller (EHCI) Driver
Aug 24 22:29:18 witherspoon kernel: ehci-platform: EHCI generic platform driver
Aug 24 22:29:18 witherspoon kernel:  fsi0: can't read slave 00:00 -5
Aug 24 22:29:18 witherspoon kernel: i2c /dev entries driver
Aug 24 22:29:18 witherspoon kernel: aspeed-i2c-bus 1e78a0c0.i2c-bus: i2c bus 2 registered, irq 26
Aug 24 22:29:18 witherspoon kernel: aspeed-i2c-bus 1e78a100.i2c-bus: i2c bus 3 registered, irq 27
Aug 24 22:29:18 witherspoon kernel: aspeed-i2c-bus 1e78a140.i2c-bus: i2c bus 4 registered, irq 28
Aug 24 22:29:18 witherspoon kernel: aspeed-i2c-bus 1e78a180.i2c-bus: i2c bus 5 registered, irq 29
Aug 24 22:29:18 witherspoon kernel: aspeed-i2c-bus 1e78a380.i2c-bus: i2c bus 9 registered, irq 30
Aug 24 22:29:18 witherspoon kernel: aspeed-i2c-bus 1e78a3c0.i2c-bus: i2c bus 10 registered, irq 31
Aug 24 22:29:18 witherspoon kernel: rtc-rv8803 11-0032: Voltage low, temperature compensation stopped.
Aug 24 22:29:18 witherspoon kernel: rtc-rv8803 11-0032: rtc core: registered rx8900 as rtc0
Aug 24 22:29:18 witherspoon kernel: at24 11-0051: 8192 byte 24c64 EEPROM, writable, 1 bytes/write
Aug 24 22:29:18 witherspoon kernel: aspeed-i2c-bus 1e78a400.i2c-bus: i2c bus 11 registered, irq 32
Aug 24 22:29:18 witherspoon kernel: aspeed-i2c-bus 1e78a440.i2c-bus: i2c bus 12 registered, irq 33
Aug 24 22:29:18 witherspoon kernel: aspeed-i2c-bus 1e78a480.i2c-bus: i2c bus 13 registered, irq 34
Aug 24 22:29:18 witherspoon kernel: Driver for 1-wire Dallas network protocol.
Aug 24 22:29:18 witherspoon kernel: lm75 9-004a: hwmon0: sensor 'tmp275'
Aug 24 22:29:18 witherspoon kernel: ucd9000 11-0064: Device ID UCD90160|2.3.4.0000|110603
Aug 24 22:29:18 witherspoon kernel: leds-pca955x 3-0060: leds-pca955x: Using pca9552 16-bit LED driver at slave address 0x60
Aug 24 22:29:18 witherspoon kernel: leds-pca955x 3-0060: gpios 264...279
Aug 24 22:29:18 witherspoon kernel: leds-pca955x 11-0060: leds-pca955x: Using pca9552 16-bit LED driver at slave address 0x60
Aug 24 22:29:18 witherspoon kernel: leds-pca955x 11-0060: gpios 248...263
Aug 24 22:29:18 witherspoon kernel: usbcore: registered new interface driver usbhid
Aug 24 22:29:18 witherspoon kernel: usbhid: USB HID core driver
Aug 24 22:29:19 witherspoon kernel: dps310 3-0076: iio:device1: sensor 'dps310'
Aug 24 22:29:19 witherspoon kernel: NET: Registered protocol family 10
Aug 24 22:29:19 witherspoon kernel: Segment Routing with IPv6
Aug 24 22:29:19 witherspoon kernel: NET: Registered protocol family 17
Aug 24 22:29:19 witherspoon kernel: 8021q: 802.1Q VLAN Support v1.8
Aug 24 22:29:19 witherspoon kernel: input: gpio-keys-polled as /devices/platform/gpio-keys-polled/input/input1
Aug 24 22:29:19 witherspoon kernel: console [netcon0] enabled
Aug 24 22:29:19 witherspoon kernel: netconsole: network logging started
Aug 24 22:29:19 witherspoon kernel: input: gpio-keys as /devices/platform/gpio-keys/input/input2
Aug 24 22:29:19 witherspoon kernel: rtc-rv8803 11-0032: setting system clock to 2017-08-24 22:29:08 UTC (1503613748)
Aug 24 22:29:19 witherspoon kernel: Freeing unused kernel memory: 280K
Aug 24 22:29:19 witherspoon kernel: This architecture does not have kernel memory protection.
Aug 24 22:29:19 witherspoon kernel: jffs2: notice: (540) jffs2_build_xattr_subsystem: complete building xattr subsystem, 0 of xdatum (0 unchecked, 0 orphan) and 0 of xref (0 dead, 0 orphan) found.
Aug 24 22:29:19 witherspoon systemd[1]: Failed to insert module 'autofs4': No such file or directory
Aug 24 22:29:19 witherspoon systemd[1]: systemd 232 running in system mode. (+PAM -AUDIT -SELINUX -IMA -APPARMOR -SMACK +SYSVINIT -UTMP -LIBCRYPTSETUP -GCRYPT -GNUTLS +ACL +XZ -LZ4 -SECCOMP +BLKID -ELFUTILS +KMOD -IDN)
Aug 24 22:29:19 witherspoon systemd[1]: Detected architecture arm.
Aug 24 22:29:19 witherspoon systemd[1]: Set hostname to <witherspoon>.
Aug 24 22:29:19 witherspoon systemd[1]: Listening on Journal Socket (/dev/log).
Aug 24 22:29:19 witherspoon systemd[1]: Listening on /dev/initctl Compatibility Named Pipe.
Aug 24 22:29:19 witherspoon systemd[1]: Reached target Swap.
Aug 24 22:29:19 witherspoon systemd[1]: Listening on Syslog Socket.
Aug 24 22:29:19 witherspoon systemd[1]: Listening on Network Service Netlink Socket.
Aug 24 22:29:19 witherspoon systemd[1]: Listening on Process Core Dump Socket.
Aug 24 22:29:19 witherspoon systemd[1]: Started Dispatch Password Requests to Console Directory Watch.
Aug 24 22:29:19 witherspoon systemd[1]: Starting Journal Service...
Aug 24 22:29:19 witherspoon systemd[1]: Starting Remount Root and Kernel File Systems...
Aug 24 22:29:19 witherspoon systemd[1]: Mounted Debug File System.
Aug 24 22:29:19 witherspoon systemd[1]: Mounted Temporary Directory.
Aug 24 22:29:19 witherspoon systemd[1]: Started Apply Kernel Variables.
Aug 24 22:29:19 witherspoon systemd[1]: Started Remount Root and Kernel File Systems.
Aug 24 22:29:19 witherspoon systemd[1]: Starting Create System Users...
Aug 24 22:29:19 witherspoon systemd[1]: Started Create System Users.
Aug 24 22:29:19 witherspoon systemd[1]: Starting Create Static Device Nodes in /dev...
Aug 24 22:29:19 witherspoon systemd-journald[564]: Journal started
Aug 24 22:29:19 witherspoon systemd-journald[564]: Runtime journal (/run/log/journal/12c6a00ebfdd479284cf09f39d1bc042) is 0B, max 0B, 0B free.
Aug 24 22:29:19 witherspoon systemd-sysctl[563]: Couldn't write '16' to 'kernel/sysrq', ignoring: No such file or directory
Aug 24 22:29:19 witherspoon systemd-sysctl[563]: Couldn't write 'fq_codel' to 'net/core/default_qdisc', ignoring: No such file or directory
Aug 24 22:29:18 witherspoon systemd-sysusers[677]: Creating group systemd-coredump with gid 989.
Aug 24 22:29:19 witherspoon systemd[1]: Started Journal Service.
Aug 24 22:29:19 witherspoon systemd[1]: Started udev Coldplug all Devices.
Aug 24 22:29:20 witherspoon systemd[1]: Started Create Static Device Nodes in /dev.
Aug 24 22:29:20 witherspoon systemd[1]: Reached target Local File Systems (Pre).
Aug 24 22:29:20 witherspoon systemd[1]: Mounting /usr/local...
Aug 24 22:29:20 witherspoon systemd[1]: Mounting /var/volatile...
Aug 24 22:29:20 witherspoon systemd[1]: Starting udev Kernel Device Manager...
Aug 24 22:29:21 witherspoon systemd[1]: Starting Flush Journal to Persistent Storage...
Aug 24 22:29:21 witherspoon systemd[1]: Mounted /usr/local.
Aug 24 22:29:21 witherspoon systemd[1]: Mounted /var/volatile.
Aug 24 22:29:21 witherspoon systemd[1]: Reached target Local File Systems.
Aug 24 22:29:21 witherspoon systemd[1]: Starting Rebuild Journal Catalog...
Aug 24 22:29:21 witherspoon systemd[1]: Starting Load/Save Random Seed...
Aug 24 22:29:21 witherspoon systemd[1]: Started udev Kernel Device Manager.
Aug 24 22:29:22 witherspoon systemd[1]: Started Rebuild Journal Catalog.
Aug 24 22:29:22 witherspoon systemd[1]: Started Load/Save Random Seed.
Aug 24 22:29:22 witherspoon systemd-udevd[927]: rename '/dev/mtd/.tmp-c90:13' '/dev/mtd/' failed: Not a directory
Aug 24 22:29:22 witherspoon systemd-udevd[930]: rename '/dev/mtd/.tmp-c90:1' '/dev/mtd/' failed: Not a directory
Aug 24 22:29:22 witherspoon systemd-udevd[928]: rename '/dev/mtd/.tmp-c90:11' '/dev/mtd/' failed: Not a directory
Aug 24 22:29:22 witherspoon systemd-udevd[924]: rename '/dev/mtd/.tmp-c90:9' '/dev/mtd/' failed: Not a directory
Aug 24 22:29:22 witherspoon systemd-udevd[923]: rename '/dev/mtd/.tmp-c90:7' '/dev/mtd/' failed: Not a directory
Aug 24 22:29:22 witherspoon systemd-udevd[925]: rename '/dev/mtd/.tmp-c90:5' '/dev/mtd/' failed: Not a directory
Aug 24 22:29:22 witherspoon systemd-udevd[929]: rename '/dev/mtd/.tmp-c90:3' '/dev/mtd/' failed: Not a directory
Aug 24 22:29:22 witherspoon systemd-udevd[931]: rename '/dev/mtd/.tmp-c90:15' '/dev/mtd/' failed: Not a directory
Aug 24 22:29:23 witherspoon systemd[1]: Found device /dev/aspeed-lpc-ctrl.
Aug 24 22:29:23 witherspoon systemd[1]: Found device /dev/aspeed-mbox.
Aug 24 22:29:23 witherspoon systemd[1]: Found device /dev/ttyS4.
Aug 24 22:29:23 witherspoon systemd-journald[564]: Runtime journal (/run/log/journal/12c6a00ebfdd479284cf09f39d1bc042) is 0B, max 0B, 0B free.
Aug 24 22:29:23 witherspoon systemd[1]: Found device /dev/ttyVUART0.
Aug 24 22:29:23 witherspoon systemd[1]: dev-hugepages.mount: Couldn't determine result for ConditionVirtualization=!private-users, assuming failed: No such file or directory
Aug 24 22:29:23 witherspoon systemd[1]: Created slice system-xyz.openbmc_project.Hwmon.slice.
Aug 24 22:29:23 witherspoon systemd[1]: Starting Update is Completed...
Aug 24 22:29:23 witherspoon systemd[1]: Started Flush Journal to Persistent Storage.
Aug 24 22:29:24 witherspoon systemd[1]: dev-hugepages.mount: Couldn't determine result for ConditionVirtualization=!private-users, assuming failed: No such file or directory
Aug 24 22:29:24 witherspoon systemd[1]: Starting Create Volatile Files and Directories...
Aug 24 22:29:24 witherspoon systemd-tmpfiles[948]: "/var/tmp" already exists and is not a directory.
Aug 24 22:29:24 witherspoon systemd-tmpfiles[948]: "/var/log" already exists and is not a directory.
Aug 24 22:29:24 witherspoon systemd[1]: Started Create Volatile Files and Directories.
Aug 24 22:29:24 witherspoon systemd[1]: Started Update is Completed.
Aug 24 22:29:24 witherspoon systemd[1]: Created slice system-xyz.openbmc_project.led.controller.slice.
Aug 24 22:29:24 witherspoon systemd[1]: dev-hugepages.mount: Couldn't determine result for ConditionVirtualization=!private-users, assuming failed: No such file or directory
Aug 24 22:29:24 witherspoon systemd[1]: Starting Network Time Synchronization...
Aug 24 22:29:24 witherspoon systemd[1]: dev-hugepages.mount: Couldn't determine result for ConditionVirtualization=!private-users, assuming failed: No such file or directory
Aug 24 22:29:25 witherspoon systemd[1]: Started Network Time Synchronization.
Aug 24 22:29:25 witherspoon systemd[1]: Reached target System Time Synchronized.
Aug 24 22:29:25 witherspoon systemd[1]: Reached target System Initialization.
Aug 24 22:29:25 witherspoon systemd[1]: Listening on phosphor-ipmi-net.socket.
Aug 24 22:29:25 witherspoon systemd[1]: Listening on D-Bus System Message Bus Socket.
Aug 24 22:29:26 witherspoon systemd[1]: Listening on dropbear.socket.
Aug 24 22:29:26 witherspoon systemd[1]: Listening on Phosphor Webserver socket.
Aug 24 22:29:26 witherspoon systemd[1]: Started Daily Cleanup of Temporary Directories.
Aug 24 22:29:26 witherspoon systemd[1]: Reached target Timers.
Aug 24 22:29:26 witherspoon systemd[1]: Listening on Phosphor Host Console SSH Per-Connection socket.
Aug 24 22:29:26 witherspoon systemd[1]: Listening on Avahi mDNS/DNS-SD Stack Activation Socket.
Aug 24 22:29:26 witherspoon systemd[1]: Listening on Phosphor DBUS Browser socket.
Aug 24 22:29:26 witherspoon systemd[1]: Reached target Sockets.
Aug 24 22:29:26 witherspoon systemd[1]: Reached target Basic System.
Aug 24 22:29:26 witherspoon systemd[1]: Started D-Bus System Message Bus.
Aug 24 22:29:27 witherspoon systemd[1]: Starting Network Service...
Aug 24 22:29:27 witherspoon systemd-networkd[954]: Could not create runtime directory: File exists
Aug 24 22:29:27 witherspoon systemd[1]: Started Phosphor sysfs LED controller.
Aug 24 22:29:27 witherspoon systemd-networkd[954]: Could not create runtime directory 'links': File exists
Aug 24 22:29:27 witherspoon systemd-networkd[954]: Could not create runtime directory 'leases': File exists
Aug 24 22:29:27 witherspoon systemd[1]: Starting Phosphor Network Manager...
Aug 24 22:29:27 witherspoon systemd[1]: Started Phosphor sysfs LED controller.
Aug 24 22:29:27 witherspoon systemd[1]: Started Phosphor sysfs LED controller.
Aug 24 22:29:27 witherspoon systemd[1]: Starting Phosphor Download Manager...
Aug 24 22:29:27 witherspoon systemd[1]: Starting Phosphor Settings Daemon...
Aug 24 22:29:27 witherspoon systemd[1]: Starting Avahi mDNS/DNS-SD Stack...
Aug 24 22:29:27 witherspoon systemd[1]: Started Phosphor sysfs LED controller.
Aug 24 22:29:27 witherspoon systemd[1]: Started Phosphor sysfs LED controller.
Aug 24 22:29:27 witherspoon systemd[1]: Started Phosphor sysfs LED controller.
Aug 24 22:29:27 witherspoon systemd[1]: Started Phosphor sysfs LED controller.
Aug 24 22:29:28 witherspoon systemd[1]: Starting Phosphor Inventory Manager...
Aug 24 22:29:28 witherspoon systemd[1]: Started System Logging Service.
Aug 24 22:29:28 witherspoon avahi-daemon[961]: Found user 'avahi' (UID 998) and group 'avahi' (GID 999).
Aug 24 22:29:28 witherspoon systemd[1]: Starting Phosphor Dump Manager...
Aug 24 22:29:28 witherspoon avahi-daemon[961]: Successfully dropped root privileges.
Aug 24 22:29:28 witherspoon avahi-daemon[961]: avahi-daemon 0.6.32 starting up.
Aug 24 22:29:28 witherspoon systemd[1]: Starting Updates symlinks for active PNOR version...
Aug 24 22:29:28 witherspoon avahi-daemon[961]: Successfully called chroot().
Aug 24 22:29:28 witherspoon avahi-daemon[961]: Successfully dropped remaining capabilities.
Aug 24 22:29:28 witherspoon avahi-daemon[961]: Loading service file /services/obmc_console.service.
Aug 24 22:29:28 witherspoon avahi-daemon[961]: Loading service file /services/phosphor_rest.service.
Aug 24 22:29:28 witherspoon avahi-daemon[961]: Loading service file /services/sftp-ssh.service.
Aug 24 22:29:28 witherspoon avahi-daemon[961]: Loading service file /services/sftp.service.
Aug 24 22:29:28 witherspoon avahi-daemon[961]: Loading service file /services/ssh.service.
Aug 24 22:29:28 witherspoon avahi-daemon[961]: Network interface enumeration completed.
Aug 24 22:29:28 witherspoon avahi-daemon[961]: Server startup complete. Host name is witherspoon.local. Local service cookie is 886578136.
Aug 24 22:29:28 witherspoon avahi-daemon[961]: Service "witherspoon" (/services/ssh.service) successfully established.
Aug 24 22:29:28 witherspoon avahi-daemon[961]: Service "sftp" (/services/sftp.service) successfully established.
Aug 24 22:29:28 witherspoon avahi-daemon[961]: Service "witherspoon" (/services/sftp-ssh.service) successfully established.
Aug 24 22:29:28 witherspoon avahi-daemon[961]: Service "phosphor_rest" (/services/phosphor_rest.service) successfully established.
Aug 24 22:29:28 witherspoon avahi-daemon[961]: Service "obmc_console" (/services/obmc_console.service) successfully established.
Aug 24 22:29:28 witherspoon systemd[1]: Started Phosphor sysfs LED controller.
Aug 24 22:29:29 witherspoon systemd[1]: Starting Phosphor IPMI BT DBus Bridge...
Aug 24 22:29:29 witherspoon systemd[1]: Starting Phosphor Inventory Manager...
Aug 24 22:29:29 witherspoon systemd[1]: Starting Clear one time boot overrides...
Aug 24 22:29:29 witherspoon systemd[1]: Starting Phosphor Log Manager...
Aug 24 22:29:30 witherspoon fw_setenv[975]: Warning: Bad CRC, using default environment
Aug 24 22:29:29 witherspoon systemd[1]: Starting Phosphor Chassis0 Control...
Aug 24 22:29:29 witherspoon systemd[1]: Started Phosphor Console Muxer listening on device /dev/ttyVUART0.
Aug 24 22:29:29 witherspoon systemd[1]: Starting Phosphor LED Group Management Daemon...
Aug 24 22:29:29 witherspoon systemd[1]: Starting Phosphor Sensor Manager...
Aug 24 22:29:30 witherspoon systemd[1]: Started Hardware RNG Entropy Gatherer Daemon.
Aug 24 22:29:30 witherspoon systemd[1]: Starting Remount the squashfs and ubi volumes after a reboot...
Aug 24 22:29:30 witherspoon systemd[1]: Starting Remount the ubi volume after a reboot...
Aug 24 22:29:30 witherspoon systemd[1]: Starting Phosphor BMC0 Control...
Aug 24 22:29:30 witherspoon systemd[1]: Reached target Containers.
Aug 24 22:29:30 witherspoon obmc-flash-bmc[984]: hexdump: /dev/mtd: Is a directory
Aug 24 22:29:30 witherspoon systemd[1]: Started Phosphor sysfs LED controller.
Aug 24 22:29:30 witherspoon kernel: 8021q: adding VLAN 0 to HW filter on device eth0
Aug 24 22:29:30 witherspoon avahi-daemon[961]: Joining mDNS multicast group on interface eth0.IPv4 with address 9.3.21.61.
Aug 24 22:29:30 witherspoon systemd-networkd[954]: Enumeration completed
Aug 24 22:29:30 witherspoon avahi-daemon[961]: New relevant interface eth0.IPv4 for mDNS.
Aug 24 22:29:30 witherspoon systemd[1]: Starting Phosphor DBus Service Discovery Manager...
Aug 24 22:29:30 witherspoon avahi-daemon[961]: Registering new address record for 9.3.21.61 on eth0.IPv4.
Aug 24 22:29:30 witherspoon systemd[1]: Started Kernel Logging Service.
Aug 24 22:29:31 witherspoon kernel[994]: klogd started: BusyBox v1.24.1 (2017-06-16 19:28:48 UTC)
Aug 24 22:29:30 witherspoon systemd[1]: Starting Phosphor User Manager...
Aug 24 22:29:31 witherspoon kernel[994]: [    0.000000] Booting Linux on physical CPU 0x0
Aug 24 22:29:30 witherspoon systemd[1]: Starting Phosphor Download Manager...
Aug 24 22:29:31 witherspoon kernel[994]: [    0.000000] Linux version 4.10.17-ba30e9ed152bab62f72da24986ee5ca22d6c9b07 (jenkins@openbmc-builder2) (gcc version 6.2.0 (GCC) ) #1 Thu Aug 24 20:47:21 UTC 2017
Aug 24 22:29:30 witherspoon systemd[1]: Started Phosphor Dump core monitor..
Aug 24 22:29:31 witherspoon kernel[994]: [    0.000000] CPU: ARMv6-compatible processor [410fb767] revision 7 (ARMv7), cr=00c5387d
Aug 24 22:29:30 witherspoon systemd-networkd[954]: eth0: IPv6 enabled for interface: Success
Aug 24 22:29:31 witherspoon kernel[994]: [    0.000000] CPU: PIPT / VIPT nonaliasing data cache, VIPT nonaliasing instruction cache
Aug 24 22:29:30 witherspoon systemd-networkd[954]: eth0: Gained carrier
Aug 24 22:29:31 witherspoon kernel[994]: [    0.000000] OF: fdt:Machine model: Witherspoon BMC
Aug 24 22:29:30 witherspoon systemd-timesyncd[951]: Network configuration changed, trying to establish connection.
Aug 24 22:29:31 witherspoon kernel[994]: [    0.000000] Memory policy: Data cache writeback
Aug 24 22:29:31 witherspoon systemd[1]: Started Phosphor sysfs LED controller.
Aug 24 22:29:31 witherspoon kernel[994]: [    0.000000] SOC Rev: 04030303
Aug 24 22:29:31 witherspoon kernel[994]: [    0.000000] On node 0 totalpages: 110592
Aug 24 22:29:31 witherspoon kernel[994]: [    0.000000] free_area_init_node: node 0, pgdat 80601864, node_mem_map 9ec1a000
Aug 24 22:29:31 witherspoon kernel[994]: [    0.000000]   Normal zone: 992 pages used for memmap
Aug 24 22:29:31 witherspoon kernel[994]: [    0.000000]   Normal zone: 0 pages reserved
Aug 24 22:29:31 witherspoon kernel[994]: [    0.000000]   Normal zone: 110592 pages, LIFO batch:31
Aug 24 22:29:31 witherspoon kernel[994]: [    0.000000] pcpu-alloc: s0 r0 d32768 u32768 alloc=1*32768
Aug 24 22:29:31 witherspoon systemd[1]: Started Network Service.
Aug 24 22:29:31 witherspoon kernel[994]: [    0.000000] pcpu-alloc: [0] 0
Aug 24 22:29:31 witherspoon kernel[994]: [    0.000000] Built 1 zonelists in Zone order, mobility grouping on.  Total pages: 109600
Aug 24 22:29:31 witherspoon kernel[994]: [    0.000000] Kernel command line: console=ttyS4,115200n8 root=/dev/ram rw
Aug 24 22:29:31 witherspoon kernel[994]: [    0.000000] PID hash table entries: 2048 (order: 1, 8192 bytes)
Aug 24 22:29:31 witherspoon kernel[994]: [    0.000000] Dentry cache hash table entries: 65536 (order: 6, 262144 bytes)
Aug 24 22:29:31 witherspoon kernel[994]: [    0.000000] Inode-cache hash table entries: 32768 (order: 5, 131072 bytes)
Aug 24 22:29:31 witherspoon kernel[994]: [    0.000000] Memory: 430420K/442368K available (4074K kernel code, 281K rwdata, 1196K rodata, 280K init, 111K bss, 11948K reserved, 0K cma-reserved)
Aug 24 22:29:31 witherspoon kernel[994]: [    0.000000] Virtual kernel memory layout:
Aug 24 22:29:31 witherspoon kernel[994]: [    0.000000]     vector  : 0xffff0000 - 0xffff1000   (   4 kB)
Aug 24 22:29:31 witherspoon systemd[1]: Started Remount the squashfs and ubi volumes after a reboot.
Aug 24 22:29:31 witherspoon kernel[994]: [    0.000000]     fixmap  : 0xffc00000 - 0xfff00000   (3072 kB)
Aug 24 22:29:31 witherspoon systemd[1]: Started Avahi mDNS/DNS-SD Stack.
Aug 24 22:29:31 witherspoon kernel[994]: [    0.000000]     vmalloc : 0x9f800000 - 0xff800000   (1536 MB)
Aug 24 22:29:31 witherspoon kernel[994]: [    0.000000]     lowmem  : 0x80000000 - 0x9f000000   ( 496 MB)
Aug 24 22:29:31 witherspoon systemd-networkd[954]: eth0: Gained IPv6LL
Aug 24 22:29:31 witherspoon kernel[994]: [    0.000000]       .text : 0x80008000 - 0x80402d80   (4076 kB)
Aug 24 22:29:32 witherspoon systemd[1]: Started Clear one time boot overrides.
Aug 24 22:29:31 witherspoon kernel[994]: [    0.000000]       .init : 0x80588000 - 0x805ce000   ( 280 kB)
Aug 24 22:29:32 witherspoon systemd[1]: Started Phosphor IPMI BT DBus Bridge.
Aug 24 22:29:31 witherspoon kernel[994]: [    0.000000]       .data : 0x805ce000 - 0x80614710   ( 282 kB)
Aug 24 22:29:32 witherspoon systemd[1]: Starting OpenPower Software Update Manager...
Aug 24 22:29:31 witherspoon kernel[994]: [    0.000000]        .bss : 0x80614710 - 0x806305b8   ( 112 kB)
Aug 24 22:29:32 witherspoon systemd[1]: Reached target Network.
Aug 24 22:29:31 witherspoon kernel[994]: [    0.000000] NR_IRQS:16 nr_irqs:16 16
Aug 24 22:29:32 witherspoon systemd[1]: Started Lightweight SLP Server.
Aug 24 22:29:31 witherspoon kernel[994]: [    0.000000] i2c controller registered, irq 16
Aug 24 22:29:32 witherspoon systemd[1]: Starting Permit User Sessions...
Aug 24 22:29:31 witherspoon kernel[994]: [    0.000000] clocksource: moxart_timer: mask: 0xffffffff max_cycles: 0xffffffff, max_idle_ns: 77222644334 ns
Aug 24 22:29:31 witherspoon kernel[994]: [    0.000000] sched_clock: 32 bits at 100 Hz, resolution 10000000ns, wraps every 21474836475000000ns
Aug 24 22:29:31 witherspoon kernel[994]: [    0.090000] Calibrating delay loop... 789.70 BogoMIPS (lpj=3948544)
Aug 24 22:29:31 witherspoon kernel[994]: [    0.090000] pid_max: default: 32768 minimum: 301
Aug 24 22:29:31 witherspoon kernel[994]: [    0.090000] Mount-cache hash table entries: 1024 (order: 0, 4096 bytes)
Aug 24 22:29:31 witherspoon kernel[994]: [    0.090000] Mountpoint-cache hash table entries: 1024 (order: 0, 4096 bytes)
Aug 24 22:29:31 witherspoon kernel[994]: [    0.090000] CPU: Testing write buffer coherency: ok
Aug 24 22:29:31 witherspoon kernel[994]: [    0.090000] ftrace: allocating 14975 entries in 44 pages
Aug 24 22:29:33 witherspoon obmc-flash-bios[970]: ls: /media/pnor-ro-*: No such file or directory
Aug 24 22:29:31 witherspoon kernel[994]: [    0.120000] Setting up static identity map for 0x80008200 - 0x8000825c
Aug 24 22:29:33 witherspoon systemd[1]: Started Updates symlinks for active PNOR version.
Aug 24 22:29:31 witherspoon kernel[994]: [    0.120000] devtmpfs: initialized
Aug 24 22:29:33 witherspoon systemd[1]: Started Permit User Sessions.
Aug 24 22:29:31 witherspoon kernel[994]: [    0.140000] clocksource: jiffies: mask: 0xffffffff max_cycles: 0xffffffff, max_idle_ns: 19112604462750000 ns
Aug 24 22:29:33 witherspoon systemd[1]: Started Serial Getty on ttyS4.
Aug 24 22:29:31 witherspoon kernel[994]: [    0.140000] futex hash table entries: 256 (order: -1, 3072 bytes)
Aug 24 22:29:31 witherspoon kernel[994]: [    0.140000] pinctrl core: initialized pinctrl subsystem
Aug 24 22:29:31 witherspoon kernel[994]: [    0.150000] NET: Registered protocol family 16
Aug 24 22:29:31 witherspoon kernel[994]: [    0.150000] DMA: preallocated 256 KiB pool for atomic coherent allocations
Aug 24 22:29:31 witherspoon kernel[994]: [    0.210000] usbcore: registered new interface driver usbfs
Aug 24 22:29:31 witherspoon kernel[994]: [    0.210000] usbcore: registered new interface driver hub
Aug 24 22:29:31 witherspoon kernel[994]: [    0.220000] usbcore: registered new device driver usb
Aug 24 22:29:31 witherspoon kernel[994]: [    0.220000] clocksource: Switched to clocksource moxart_timer
Aug 24 22:29:31 witherspoon kernel[994]: [    0.240000] NET: Registered protocol family 2
Aug 24 22:29:31 witherspoon kernel[994]: [    0.240000] TCP established hash table entries: 4096 (order: 2, 16384 bytes)
Aug 24 22:29:31 witherspoon kernel[994]: [    0.240000] TCP bind hash table entries: 4096 (order: 2, 16384 bytes)
Aug 24 22:29:31 witherspoon kernel[994]: [    0.240000] TCP: Hash tables configured (established 4096 bind 4096)
Aug 24 22:29:31 witherspoon kernel[994]: [    0.240000] UDP hash table entries: 256 (order: 0, 4096 bytes)
Aug 24 22:29:31 witherspoon kernel[994]: [    0.240000] UDP-Lite hash table entries: 256 (order: 0, 4096 bytes)
Aug 24 22:29:31 witherspoon kernel[994]: [    0.240000] NET: Registered protocol family 1
Aug 24 22:29:31 witherspoon kernel[994]: [    0.240000] Trying to unpack rootfs image as initramfs...
Aug 24 22:29:31 witherspoon kernel[994]: [    1.910000] Freeing initrd memory: 1548K
Aug 24 22:29:31 witherspoon kernel[994]: [    1.910000] workingset: timestamp_bits=30 max_order=17 bucket_order=0
Aug 24 22:29:31 witherspoon kernel[994]: [    1.910000] squashfs: version 4.0 (2009/01/31) Phillip Lougher
Aug 24 22:29:31 witherspoon kernel[994]: [    1.910000] jffs2: version 2.2. (SUMMARY)  © 2001-2006 Red Hat, Inc.
Aug 24 22:29:31 witherspoon kernel[994]: [    1.910000] Block layer SCSI generic (bsg) driver version 0.4 loaded (major 250)
Aug 24 22:29:35 witherspoon kernel: ftgmac100 1e660000.ethernet eth0: ncsi: removed vlan tag 0 at index 1
Aug 24 22:29:35 witherspoon kernel: ftgmac100 1e660000.ethernet eth0: ncsi: removed vlan tag 0 at index 2
Aug 24 22:29:35 witherspoon kernel: ftgmac100 1e660000.ethernet eth0: no vlan ids left to set
Aug 24 22:29:35 witherspoon kernel: ftgmac100 1e660000.ethernet eth0: NCSI interface up
Aug 24 22:29:31 witherspoon kernel[994]: [    1.910000] io scheduler noop registered
Aug 24 22:29:33 witherspoon systemd[1]: Reached target Login Prompts.
Aug 24 22:29:31 witherspoon kernel[994]: [    1.910000] io scheduler deadline registered
Aug 24 22:29:33 witherspoon systemd[1]: Started Phosphor Inventory Manager.
Aug 24 22:29:31 witherspoon kernel[994]: [    1.910000] io scheduler cfq registered (default)
Aug 24 22:29:34 witherspoon systemd[1]: Started Phosphor LED Group Management Daemon.
Aug 24 22:29:31 witherspoon kernel[994]: [    2.060000] ipmi-bt-host 1e789140.ibt: Found bt bmc device
Aug 24 22:29:35 witherspoon systemd[1]: Started Phosphor Log Manager.
Aug 24 22:29:31 witherspoon kernel[994]: [    2.060000] ipmi-bt-host 1e789140.ibt: Using IRQ 22
Aug 24 22:29:35 witherspoon systemd[1]: Started Phosphor Download Manager.
Aug 24 22:29:31 witherspoon kernel[994]: [    2.060000] Serial: 8250/16550 driver, 6 ports, IRQ sharing enabled
Aug 24 22:29:31 witherspoon kernel[994]: [    2.060000] 1e787000.vuart: ttyS0 at MMIO 0x1e787000 (irq = 22, base_baud = 1500000) is a 16550A
Aug 24 22:29:31 witherspoon kernel[994]: [    2.060000] 1e783000.serial: ttyS1 at MMIO 0x1e783000 (irq = 23, base_baud = 1500000) is a 16550A
Aug 24 22:29:31 witherspoon kernel[994]: [    2.060000] 1e78d000.serial: ttyS2 at MMIO 0x1e78d000 (irq = 24, base_baud = 1500000) is a 16550A
Aug 24 22:29:31 witherspoon kernel[994]: [    2.060000] 1e784000.serial: ttyS4 at MMIO 0x1e784000 (irq = 25, base_baud = 1500000) is a 16550A
Aug 24 22:29:31 witherspoon kernel[994]: [    2.490000] console [ttyS4] enabled
Aug 24 22:29:31 witherspoon kernel[994]: [    2.530000] timeriomem_rng 1e6e2078.hwrng: 32bits from 0xf00e2078 @ 1us
Aug 24 22:29:31 witherspoon kernel[994]: [    2.550000] random: fast init done
Aug 24 22:29:31 witherspoon kernel[994]: [    2.580000] random: crng init done
Aug 24 22:29:31 witherspoon kernel[994]: [    2.590000] brd: module loaded
Aug 24 22:29:31 witherspoon kernel[994]: [    2.620000] loop: module loaded
Aug 24 22:29:31 witherspoon kernel[994]: [    2.620000] aspeed-lpc-ctrl 1e789080.lpc-ctrl: Loaded at 0x98000000 (0x04000000)
Aug 24 22:29:31 witherspoon kernel[994]: [    2.640000] aspeed-smc 1e620000.flash-controller: Using IRQ 18
Aug 24 22:29:31 witherspoon kernel[994]: [    2.640000] aspeed-smc 1e620000.flash-controller: DMA support disabled.
Aug 24 22:29:31 witherspoon kernel[994]: [    2.650000] aspeed-smc 1e620000.flash-controller: mx25l25635e (32768 Kbytes)
Aug 24 22:29:31 witherspoon kernel[994]: [    2.660000] aspeed-smc 1e620000.flash-controller: CE0 window [ 0x20000000 - 0x22000000 ] 32MB
Aug 24 22:29:31 witherspoon kernel[994]: [    2.660000] aspeed-smc 1e620000.flash-controller: CE1 window [ 0x22000000 - 0x2a000000 ] 128MB
Aug 24 22:29:31 witherspoon kernel[994]: [    2.670000] 5 ofpart partitions found on MTD device bmc
Aug 24 22:29:31 witherspoon kernel[994]: [    2.670000] Creating 5 MTD partitions on "bmc":
Aug 24 22:29:31 witherspoon kernel[994]: [    2.670000] 0x000000000000-0x000000060000 : "u-boot"
Aug 24 22:29:31 witherspoon kernel[994]: [    2.700000] 0x000000060000-0x000000080000 : "u-boot-env"
Aug 24 22:29:31 witherspoon kernel[994]: [    2.710000] 0x000000080000-0x0000004c0000 : "kernel"
Aug 24 22:29:31 witherspoon kernel[994]: [    2.710000] 0x0000004c0000-0x000001c00000 : "rofs"
Aug 24 22:29:37 witherspoon systemd[1]: Started Phosphor Settings Daemon.
Aug 24 22:29:31 witherspoon kernel[994]: [    2.730000] 0x000001c00000-0x000002000000 : "rwfs"
Aug 24 22:29:31 witherspoon kernel[994]: [    2.730000] aspeed-smc 1e620000.flash-controller: mx25l25635e (32768 Kbytes)
Aug 24 22:29:31 witherspoon kernel[994]: [    2.740000] aspeed-smc 1e620000.flash-controller: CE1 window [ 0x22000000 - 0x24000000 ] 32MB
Aug 24 22:29:31 witherspoon kernel[994]: [    2.740000] aspeed-smc 1e620000.flash-controller: CE2 window [ 0x24000000 - 0x2c000000 ] 128MB
Aug 24 22:29:31 witherspoon kernel[994]: [    2.770000] aspeed-smc 1e630000.flash-controller: mx66l1g45g (131072 Kbytes)
Aug 24 22:29:31 witherspoon kernel[994]: [    2.780000] aspeed-smc 1e630000.flash-controller: CE0 window resized to 120MB (AST2500 HW quirk)
Aug 24 22:29:31 witherspoon kernel[994]: [    2.780000] aspeed-smc 1e630000.flash-controller: CE0 window [ 0x30000000 - 0x37800000 ] 120MB
Aug 24 22:29:31 witherspoon kernel[994]: [    2.790000] aspeed-smc 1e630000.flash-controller: CE0 window too small for chip 128MB
Aug 24 22:29:31 witherspoon kernel[994]: [    2.790000] aspeed-smc 1e630000.flash-controller: CE1 window [ 0x37800000 - 0x38000000 ] 8MB
Aug 24 22:29:31 witherspoon kernel[994]: [    3.580000] libphy: Fixed MDIO Bus: probed
Aug 24 22:29:31 witherspoon kernel[994]: [    3.590000] ftgmac100 1e660000.ethernet: Read MAC address 70:e2:84:14:28:a9 from chip
Aug 24 22:29:31 witherspoon kernel[994]: [    3.590000] ftgmac100 1e660000.ethernet: Using NCSI interface
Aug 24 22:29:31 witherspoon kernel[994]: [    3.610000] ftgmac100 1e660000.ethernet eth0: irq 20, mapped at f0060000
Aug 24 22:29:31 witherspoon kernel[994]: [    3.610000] ehci_hcd: USB 2.0 'Enhanced' Host Controller (EHCI) Driver
Aug 24 22:29:31 witherspoon kernel[994]: [    3.610000] ehci-platform: EHCI generic platform driver
Aug 24 22:29:31 witherspoon kernel[994]: [    3.780000]  fsi0: can't read slave 00:00 -5
Aug 24 22:29:31 witherspoon kernel[994]: [    3.780000] i2c /dev entries driver
Aug 24 22:29:31 witherspoon kernel[994]: [    3.780000] aspeed-i2c-bus 1e78a0c0.i2c-bus: i2c bus 2 registered, irq 26
Aug 24 22:29:31 witherspoon kernel[994]: [    3.780000] aspeed-i2c-bus 1e78a100.i2c-bus: i2c bus 3 registered, irq 27
Aug 24 22:29:31 witherspoon kernel[994]: [    3.780000] aspeed-i2c-bus 1e78a140.i2c-bus: i2c bus 4 registered, irq 28
Aug 24 22:29:31 witherspoon kernel[994]: [    3.780000] aspeed-i2c-bus 1e78a180.i2c-bus: i2c bus 5 registered, irq 29
Aug 24 22:29:31 witherspoon kernel[994]: [    3.780000] aspeed-i2c-bus 1e78a380.i2c-bus: i2c bus 9 registered, irq 30
Aug 24 22:29:31 witherspoon kernel[994]: [    3.780000] aspeed-i2c-bus 1e78a3c0.i2c-bus: i2c bus 10 registered, irq 31
Aug 24 22:29:31 witherspoon kernel[994]: [    3.780000] rtc-rv8803 11-0032: Voltage low, temperature compensation stopped.
Aug 24 22:29:31 witherspoon kernel[994]: [    3.880000] rtc-rv8803 11-0032: rtc core: registered rx8900 as rtc0
Aug 24 22:29:31 witherspoon kernel[994]: [    3.890000] at24 11-0051: 8192 byte 24c64 EEPROM, writable, 1 bytes/write
Aug 24 22:29:31 witherspoon kernel[994]: [    3.890000] aspeed-i2c-bus 1e78a400.i2c-bus: i2c bus 11 registered, irq 32
Aug 24 22:29:31 witherspoon kernel[994]: [    3.890000] aspeed-i2c-bus 1e78a440.i2c-bus: i2c bus 12 registered, irq 33
Aug 24 22:29:31 witherspoon kernel[994]: [    3.890000] aspeed-i2c-bus 1e78a480.i2c-bus: i2c bus 13 registered, irq 34
Aug 24 22:29:31 witherspoon kernel[994]: [    3.890000] Driver for 1-wire Dallas network protocol.
Aug 24 22:29:31 witherspoon kernel[994]: [    3.890000] lm75 9-004a: hwmon0: sensor 'tmp275'
Aug 24 22:29:31 witherspoon kernel[994]: [    5.570000] ucd9000 11-0064: Device ID UCD90160|2.3.4.0000|110603
Aug 24 22:29:31 witherspoon kernel[994]: [    6.250000] leds-pca955x 3-0060: leds-pca955x: Using pca9552 16-bit LED driver at slave address 0x60
Aug 24 22:29:31 witherspoon kernel[994]: [    6.260000] leds-pca955x 3-0060: gpios 264...279
Aug 24 22:29:31 witherspoon kernel[994]: [    6.270000] leds-pca955x 11-0060: leds-pca955x: Using pca9552 16-bit LED driver at slave address 0x60
Aug 24 22:29:31 witherspoon kernel[994]: [    6.280000] leds-pca955x 11-0060: gpios 248...263
Aug 24 22:29:31 witherspoon kernel[994]: [    6.290000] usbcore: registered new interface driver usbhid
Aug 24 22:29:31 witherspoon kernel[994]: [    6.290000] usbhid: USB HID core driver
Aug 24 22:29:31 witherspoon kernel[994]: [    6.330000] dps310 3-0076: iio:device1: sensor 'dps310'
Aug 24 22:29:31 witherspoon kernel[994]: [    6.330000] NET: Registered protocol family 10
Aug 24 22:29:31 witherspoon kernel[994]: [    6.340000] Segment Routing with IPv6
Aug 24 22:29:31 witherspoon kernel[994]: [    6.340000] NET: Registered protocol family 17
Aug 24 22:29:31 witherspoon kernel[994]: [    6.340000] 8021q: 802.1Q VLAN Support v1.8
Aug 24 22:29:31 witherspoon kernel[994]: [    6.360000] input: gpio-keys-polled as /devices/platform/gpio-keys-polled/input/input1
Aug 24 22:29:31 witherspoon kernel[994]: [    6.390000] console [netcon0] enabled
Aug 24 22:29:31 witherspoon kernel[994]: [    6.390000] netconsole: network logging started
Aug 24 22:29:31 witherspoon kernel[994]: [    6.400000] input: gpio-keys as /devices/platform/gpio-keys/input/input2
Aug 24 22:29:31 witherspoon kernel[994]: [    6.410000] rtc-rv8803 11-0032: setting system clock to 2017-08-24 22:29:08 UTC (1503613748)
Aug 24 22:29:31 witherspoon kernel[994]: [    6.420000] Freeing unused kernel memory: 280K
Aug 24 22:29:31 witherspoon kernel[994]: [    6.420000] This architecture does not have kernel memory protection.
Aug 24 22:29:31 witherspoon kernel[994]: [    7.970000] jffs2: notice: (540) jffs2_build_xattr_subsystem: complete building xattr subsystem, 0 of xdatum (0 unchecked, 0 orphan) and 0 of xref (0 dead, 0 orphan) found.
Aug 24 22:29:37 witherspoon systemd[1]: Started Phosphor Dump Manager.
Aug 24 22:29:31 witherspoon kernel[994]: [   10.210000] systemd[1]: Failed to insert module 'autofs4': No such file or directory
Aug 24 22:29:38 witherspoon systemd[1]: Started Remount the ubi volume after a reboot.
Aug 24 22:29:42 witherspoon mboxd[1039]: terminate called after throwing an instance of 'sdbusplus::xyz::openbmc_project::Common::Error::InternalFailure'
Aug 24 22:29:42 witherspoon mboxd[1039]:   what():  xyz.openbmc_project.Common.Error.InternalFailure: The operation failed internally.
Aug 24 22:29:31 witherspoon kernel[994]: [   10.210000] systemd[1]: systemd 232 running in system mode. (+PAM -AUDIT -SELINUX -IMA -APPARMOR -SMACK +SYSVINIT -UTMP -LIBCRYPTSETUP -GCRYPT -GNUTLS +ACL +XZ -LZ4 -SECCOMP +BLKID -ELFUTILS +KMOD -IDN)
Aug 24 22:29:38 witherspoon systemd[1]: Started OpenPower Software Update Manager.
Aug 24 22:29:31 witherspoon kernel[994]: [   10.210000] systemd[1]: Detected architecture arm.
Aug 24 22:29:38 witherspoon systemd[1]: Started Phosphor MBOX Daemon.
Aug 24 22:29:31 witherspoon kernel[994]: [   10.440000] systemd[1]: Set hostname to <witherspoon>.
Aug 24 22:29:38 witherspoon systemd[1]: Starting Create a ubi volume for pnor patches...
Aug 24 22:29:31 witherspoon kernel[994]: [   12.170000] systemd[1]: Listening on Journal Socket (/dev/log).
Aug 24 22:29:38 witherspoon systemd[1]: Starting OpenBMC Software Update Manager...
Aug 24 22:29:31 witherspoon kernel[994]: [   12.220000] systemd[1]: Listening on /dev/initctl Compatibility Named Pipe.
Aug 24 22:29:38 witherspoon systemd[1]: Reached target Multi-User System.
Aug 24 22:29:31 witherspoon kernel[994]: [   12.260000] systemd[1]: Reached target Swap.
Aug 24 22:29:39 witherspoon systemd[1]: Started Create a ubi volume for pnor patches.
Aug 24 22:29:31 witherspoon kernel[994]: [   12.290000] systemd[1]: Listening on Syslog Socket.
Aug 24 22:29:39 witherspoon mboxd[1039]: The operation failed internally.
Aug 24 22:29:31 witherspoon kernel[994]: [   12.320000] systemd[1]: Listening on Network Service Netlink Socket.
Aug 24 22:29:39 witherspoon systemd[1]: Started OpenBMC Software Update Manager.
Aug 24 22:29:31 witherspoon kernel[994]: [   12.370000] systemd[1]: Listening on Process Core Dump Socket.
Aug 24 22:29:40 witherspoon systemd[1]: Starting Phosphor Version Software Manager...
Aug 24 22:29:31 witherspoon kernel[994]: [   12.420000] systemd[1]: Started Dispatch Password Requests to Console Directory Watch.
Aug 24 22:29:41 witherspoon systemd[1]: Created slice system-systemd\x2dcoredump.slice.
Aug 24 22:29:31 witherspoon kernel[994]: [   15.230000] systemd[1]: Starting Journal Service...
Aug 24 22:29:41 witherspoon systemd[1]: Started Process Core Dump (PID 1048/UID 0).
Aug 24 22:29:31 witherspoon kernel[994]: [   15.460000] systemd[1]: Starting Remount Root and Kernel File Systems...
Aug 24 22:29:31 witherspoon kernel[994]: [   15.700000] systemd[1]: Mounted Debug File System.
Aug 24 22:29:31 witherspoon kernel[994]: [   15.950000] systemd[1]: Mounted Temporary Directory.
Aug 24 22:29:31 witherspoon kernel[994]: [   16.210000] systemd[1]: Started Apply Kernel Variables.
Aug 24 22:29:31 witherspoon kernel[994]: [   16.210000] systemd[1]: Started Remount Root and Kernel File Systems.
Aug 24 22:29:31 witherspoon kernel[994]: [   16.480000] systemd[1]: Starting Create System Users...
Aug 24 22:29:31 witherspoon kernel[994]: [   16.760000] systemd[1]: Started Create System Users.
Aug 24 22:29:31 witherspoon kernel[994]: [   17.050000] systemd[1]: Starting Create Static Device Nodes in /dev...
Aug 24 22:29:31 witherspoon kernel[994]: [   17.350000] systemd[1]: Started Journal Service.
Aug 24 22:29:31 witherspoon kernel[994]: [   21.310000] systemd-journald[564]: Received request to flush runtime journal from PID 1
Aug 24 22:29:31 witherspoon kernel[994]: [   28.710000] 8021q: adding VLAN 0 to HW filter on device eth0
Aug 24 22:29:32 witherspoon avahi-daemon[961]: Joining mDNS multicast group on interface eth0.IPv6 with address fe80::72e2:84ff:fe14:28a9.
Aug 24 22:29:32 witherspoon avahi-daemon[961]: New relevant interface eth0.IPv6 for mDNS.
Aug 24 22:29:33 witherspoon avahi-daemon[961]: Registering new address record for fe80::72e2:84ff:fe14:28a9 on eth0.*.
Aug 24 22:29:34 witherspoon kernel[994]: [   32.430000] ftgmac100 1e660000.ethernet eth0: ncsi: removed vlan tag 0 at index 1
Aug 24 22:29:34 witherspoon kernel[994]: [   32.590000] ftgmac100 1e660000.ethernet eth0: ncsi: removed vlan tag 0 at index 2
Aug 24 22:29:34 witherspoon kernel[994]: [   32.590000] ftgmac100 1e660000.ethernet eth0: no vlan ids left to set
Aug 24 22:29:35 witherspoon kernel[994]: [   32.760000] ftgmac100 1e660000.ethernet eth0: NCSI interface up
Aug 24 22:29:43 witherspoon systemd[1]: Started Phosphor Version Software Manager.
Aug 24 22:29:43 witherspoon systemd[1]: Created slice system-dropbear.slice.
Aug 24 22:29:43 witherspoon systemd[1]: Started SSH Per-Connection Server (9.41.165.94:48038).
Aug 24 22:29:45 witherspoon dropbear[1055]: Failed loading /etc/dropbear/dropbear_dss_host_key
Aug 24 22:29:45 witherspoon systemd-networkd[954]: eth0: Configured
Aug 24 22:29:45 witherspoon dropbear[1055]: Failed loading /etc/dropbear/dropbear_ecdsa_host_key
Aug 24 22:29:45 witherspoon dropbear[1055]: Child connection from ::ffff:9.41.165.94:48038
Aug 24 22:29:45 witherspoon systemd-timesyncd[951]: Network configuration changed, trying to establish connection.
Aug 24 22:29:47 witherspoon systemd[1]: Started Phosphor BMC0 Control.
Aug 24 22:29:47 witherspoon dropbear[1055]: PAM password auth succeeded for 'root' from ::ffff:9.41.165.94:48038
Aug 24 22:29:48 witherspoon dropbear[1058]: lastlog_perform_login: Couldn't stat /var/log/lastlog: No such file or directory
Aug 24 22:29:48 witherspoon dropbear[1058]: lastlog_openseek: /var/log/lastlog is not a file or directory!
Aug 24 22:29:50 witherspoon mboxd[1039]: [ 1503613779.587667237] Partition HBB not found
Aug 24 22:29:50 witherspoon systemd[1]: mboxd.service: Main process exited, code=dumped, status=6/ABRT
Aug 24 22:29:50 witherspoon systemd[1]: mboxd.service: Unit entered failed state.
Aug 24 22:29:50 witherspoon systemd[1]: mboxd.service: Failed with result 'core-dump'.
Aug 24 22:29:51 witherspoon systemd[1]: mboxd.service: Service hold-off time over, scheduling restart.
Aug 24 22:29:51 witherspoon systemd[1]: Stopped Phosphor MBOX Daemon.
Aug 24 22:29:51 witherspoon systemd[1]: Starting Updates symlinks for active PNOR version...
Aug 24 22:29:51 witherspoon obmc-flash-bios[1064]: ls: /media/pnor-ro-*: No such file or directory
Aug 24 22:29:51 witherspoon systemd[1]: Started Updates symlinks for active PNOR version.
Aug 24 22:29:51 witherspoon systemd[1]: Started Phosphor MBOX Daemon.
Aug 24 22:29:54 witherspoon mboxd[1067]: The operation failed internally.
Aug 24 22:29:54 witherspoon mboxd[1067]: terminate called after throwing an instance of 'sdbusplus::xyz::openbmc_project::Common::Error::InternalFailure'
Aug 24 22:29:54 witherspoon mboxd[1067]:   what():  xyz.openbmc_project.Common.Error.InternalFailure: The operation failed internally.
Aug 24 22:29:54 witherspoon systemd[1]: Started Process Core Dump (PID 1069/UID 0).
Aug 24 22:29:54 witherspoon mboxd[1067]: [ 1503613794.109300412] Partition HBB not found
Aug 24 22:29:54 witherspoon systemd[1]: mboxd.service: Main process exited, code=dumped, status=6/ABRT
Aug 24 22:29:56 witherspoon chassis_control.py[977]: Running ChassisControlService
Aug 24 22:29:57 witherspoon systemd[1]: mboxd.service: Unit entered failed state.
Aug 24 22:29:57 witherspoon systemd[1]: mboxd.service: Failed with result 'core-dump'.
Aug 24 22:29:57 witherspoon systemd[1]: Started Phosphor Chassis0 Control.
Aug 24 22:29:57 witherspoon systemd[1]: mboxd.service: Service hold-off time over, scheduling restart.
Aug 24 22:29:57 witherspoon systemd[1]: Stopped Phosphor MBOX Daemon.
Aug 24 22:29:57 witherspoon systemd[1]: Starting Updates symlinks for active PNOR version...
Aug 24 22:29:57 witherspoon systemd[1]: Started Phosphor Download Manager.
Aug 24 22:29:57 witherspoon download_manager.py[998]: Running Download Manager
Aug 24 22:29:57 witherspoon sensor_manager2.py[980]: Setting boot count to 3
Aug 24 22:29:57 witherspoon systemd[1]: Started Phosphor Sensor Manager.
Aug 24 22:29:57 witherspoon sensor_manager2.py[980]: Starting sensor manager
Aug 24 22:29:57 witherspoon obmc-flash-bios[1072]: ls: /media/pnor-ro-*: No such file or directory
Aug 24 22:29:57 witherspoon systemd[1]: Started Updates symlinks for active PNOR version.
Aug 24 22:29:57 witherspoon systemd[1]: Started Phosphor MBOX Daemon.
Aug 24 22:29:58 witherspoon mboxd[1074]: The operation failed internally.
Aug 24 22:29:58 witherspoon mboxd[1074]: terminate called after throwing an instance of 'sdbusplus::xyz::openbmc_project::Common::Error::InternalFailure'
Aug 24 22:29:58 witherspoon mboxd[1074]:   what():  xyz.openbmc_project.Common.Error.InternalFailure: The operation failed internally.
Aug 24 22:29:59 witherspoon systemd[1]: Started Process Core Dump (PID 1076/UID 0).
Aug 24 22:29:59 witherspoon systemd[1]: Started Phosphor User Manager.
Aug 24 22:30:00 witherspoon obmc-phosphor-userd[995]: Started
Aug 24 22:30:00 witherspoon phosphor-mapper[993]: ObjectMapper startup complete.  Discovery in progress...
Aug 24 22:30:01 witherspoon avahi-daemon[968]: ../../avahi-0.6.32/avahi-daemon/chroot.c: open() failed: No such file or directory
Aug 24 22:30:01 witherspoon avahi-daemon[961]: Failed to open /usr/share/dbus-1/interfaces/org.freedesktop.Avahi.Server.xml: Invalid argument
Aug 24 22:30:01 witherspoon avahi-daemon[961]: Failed to load introspection data.
Aug 24 22:30:01 witherspoon inventory_items.py[974]: Loading from cache: /var/cache/obmc/org.openbmc.inventory.system.chassis.motherboard.apss@org.openbmc.InventoryItem.props
Aug 24 22:30:01 witherspoon inventory_items.py[974]: Loading from cache: /var/cache/obmc/org.openbmc.inventory.system.chassis.motherboard@org.openbmc.InventoryItem.props
Aug 24 22:30:01 witherspoon inventory_items.py[974]: Loading from cache: /var/cache/obmc/org.openbmc.inventory.system.chassis.motherboard.refclock@org.openbmc.InventoryItem.props
Aug 24 22:30:01 witherspoon inventory_items.py[974]: Loading from cache: /var/cache/obmc/org.openbmc.inventory.system.chassis.motherboard.cpu1.core7@org.openbmc.InventoryItem.props
Aug 24 22:30:01 witherspoon inventory_items.py[974]: Loading from cache: /var/cache/obmc/org.openbmc.inventory.system.chassis.motherboard.cpu1.core4@org.openbmc.InventoryItem.props
Aug 24 22:30:01 witherspoon inventory_items.py[974]: Loading from cache: /var/cache/obmc/org.openbmc.inventory.system.chassis.motherboard.cpu1.core1@org.openbmc.InventoryItem.props
Aug 24 22:30:01 witherspoon systemd[1]: Started Phosphor Network Manager.
Aug 24 22:30:01 witherspoon netman.py[956]: Started
Aug 24 22:30:03 witherspoon inventory_items.py[974]: Loading from cache: /var/cache/obmc/org.openbmc.inventory.system.chassis.motherboard.cpu1.core10@org.openbmc.InventoryItem.props
Aug 24 22:30:03 witherspoon inventory_items.py[974]: Loading from cache: /var/cache/obmc/org.openbmc.inventory.system.chassis.motherboard.todclock@org.openbmc.InventoryItem.props
Aug 24 22:30:03 witherspoon inventory_items.py[974]: Loading from cache: /var/cache/obmc/org.openbmc.inventory.system.chassis.motherboard.cpu1@org.openbmc.InventoryItem.props
Aug 24 22:30:03 witherspoon inventory_items.py[974]: Loading from cache: /var/cache/obmc/org.openbmc.inventory.system.chassis.motherboard.bmc@org.openbmc.InventoryItem.props
Aug 24 22:30:03 witherspoon inventory_items.py[974]: Caching: /org/openbmc/inventory/system/chassis/motherboard/bmc
Aug 24 22:30:03 witherspoon inventory_items.py[974]: Loading from cache: /var/cache/obmc/org.openbmc.inventory.system.chassis.motherboard.cpu0.core1@org.openbmc.InventoryItem.props
Aug 24 22:30:03 witherspoon inventory_items.py[974]: Loading from cache: /var/cache/obmc/org.openbmc.inventory.system.chassis.motherboard.cpu0.core7@org.openbmc.InventoryItem.props
Aug 24 22:30:03 witherspoon inventory_items.py[974]: Loading from cache: /var/cache/obmc/org.openbmc.inventory.system.chassis.motherboard.cpu0.core4@org.openbmc.InventoryItem.props
Aug 24 22:30:03 witherspoon inventory_items.py[974]: Loading from cache: /var/cache/obmc/org.openbmc.inventory.system.chassis.motherboard.pcieclock@org.openbmc.InventoryItem.props
Aug 24 22:30:03 witherspoon inventory_items.py[974]: Loading from cache: /var/cache/obmc/org.openbmc.inventory.system.chassis.motherboard.cpu0.core10@org.openbmc.InventoryItem.props
Aug 24 22:30:03 witherspoon inventory_items.py[974]: Running Inventory Manager
Aug 24 22:30:03 witherspoon systemd[1]: Started Phosphor Inventory Manager.
Aug 24 22:30:05 witherspoon mboxd[1074]: [ 1503613798.427829382] Partition HBB not found
Aug 24 22:30:05 witherspoon systemd[1]: mboxd.service: Main process exited, code=dumped, status=6/ABRT
Aug 24 22:30:05 witherspoon systemd[1]: mboxd.service: Unit entered failed state.
Aug 24 22:30:05 witherspoon systemd[1]: mboxd.service: Failed with result 'core-dump'.
Aug 24 22:30:06 witherspoon systemd[1]: mboxd.service: Service hold-off time over, scheduling restart.
Aug 24 22:30:06 witherspoon systemd[1]: Stopped Phosphor MBOX Daemon.
Aug 24 22:30:06 witherspoon systemd[1]: Starting Updates symlinks for active PNOR version...
Aug 24 22:30:06 witherspoon obmc-flash-bios[1079]: ls: /media/pnor-ro-*: No such file or directory
Aug 24 22:30:06 witherspoon systemd[1]: Started Updates symlinks for active PNOR version.
Aug 24 22:30:06 witherspoon systemd[1]: Started Phosphor MBOX Daemon.
Aug 24 22:30:06 witherspoon mboxd[1081]: The operation failed internally.
Aug 24 22:30:06 witherspoon mboxd[1081]: terminate called after throwing an instance of 'sdbusplus::xyz::openbmc_project::Common::Error::InternalFailure'
Aug 24 22:30:06 witherspoon mboxd[1081]:   what():  xyz.openbmc_project.Common.Error.InternalFailure: The operation failed internally.
Aug 24 22:30:07 witherspoon systemd[1]: Started Process Core Dump (PID 1083/UID 0).
Aug 24 22:30:14 witherspoon mboxd[1081]: [ 1503613806.956544535] Partition HBB not found
Aug 24 22:30:14 witherspoon systemd[1]: mboxd.service: Main process exited, code=dumped, status=6/ABRT
Aug 24 22:30:14 witherspoon systemd[1]: mboxd.service: Unit entered failed state.
Aug 24 22:30:14 witherspoon systemd[1]: mboxd.service: Failed with result 'core-dump'.
Aug 24 22:30:14 witherspoon systemd[1]: mboxd.service: Service hold-off time over, scheduling restart.
Aug 24 22:30:14 witherspoon systemd[1]: Stopped Phosphor MBOX Daemon.
Aug 24 22:30:14 witherspoon systemd[1]: Starting Updates symlinks for active PNOR version...
Aug 24 22:30:14 witherspoon obmc-flash-bios[1086]: ls: /media/pnor-ro-*: No such file or directory
Aug 24 22:30:14 witherspoon systemd[1]: Started Updates symlinks for active PNOR version.
Aug 24 22:30:14 witherspoon systemd[1]: Started Phosphor MBOX Daemon.
Aug 24 22:30:15 witherspoon mboxd[1088]: The operation failed internally.
Aug 24 22:30:15 witherspoon mboxd[1088]: terminate called after throwing an instance of 'sdbusplus::xyz::openbmc_project::Common::Error::InternalFailure'
Aug 24 22:30:15 witherspoon mboxd[1088]:   what():  xyz.openbmc_project.Common.Error.InternalFailure: The operation failed internally.
Aug 24 22:30:15 witherspoon systemd[1]: Started Process Core Dump (PID 1090/UID 0).
Aug 24 22:30:18 witherspoon systemd-coredump[1053]: Process 1039 (mboxd) of user 0 dumped core.
Aug 24 22:30:18 witherspoon systemd-coredump[1070]: Process 1067 (mboxd) of user 0 dumped core.
Aug 24 22:30:18 witherspoon phosphor-dump-monitor[999]: Error in mapper call
Aug 24 22:30:19 witherspoon mboxd[1088]: [ 1503613815.445696658] Partition HBB not found
Aug 24 22:30:18 witherspoon phosphor-dump-monitor[999]: Error in mapper call
Aug 24 22:30:19 witherspoon systemd[1]: mboxd.service: Main process exited, code=dumped, status=6/ABRT
Aug 24 22:30:19 witherspoon systemd[1]: mboxd.service: Unit entered failed state.
Aug 24 22:30:19 witherspoon systemd[1]: mboxd.service: Failed with result 'core-dump'.
Aug 24 22:30:20 witherspoon systemd[1]: mboxd.service: Service hold-off time over, scheduling restart.
Aug 24 22:30:20 witherspoon systemd[1]: Stopped Phosphor MBOX Daemon.
Aug 24 22:30:20 witherspoon systemd[1]: Starting Updates symlinks for active PNOR version...
Aug 24 22:30:20 witherspoon obmc-flash-bios[1098]: ls: /media/pnor-ro-*: No such file or directory
Aug 24 22:30:20 witherspoon systemd[1]: Started Updates symlinks for active PNOR version.
Aug 24 22:30:20 witherspoon systemd[1]: Started Phosphor MBOX Daemon.
Aug 24 22:30:20 witherspoon mboxd[1100]: The operation failed internally.
Aug 24 22:30:20 witherspoon mboxd[1100]: terminate called after throwing an instance of 'sdbusplus::xyz::openbmc_project::Common::Error::InternalFailure'
Aug 24 22:30:20 witherspoon mboxd[1100]:   what():  xyz.openbmc_project.Common.Error.InternalFailure: The operation failed internally.
Aug 24 22:30:20 witherspoon systemd[1]: Started Process Core Dump (PID 1102/UID 0).
Aug 24 22:30:24 witherspoon systemd-coredump[1077]: Process 1074 (mboxd) of user 0 dumped core.
Aug 24 22:30:25 witherspoon phosphor-dump-monitor[999]: Error in mapper call
Aug 24 22:30:29 witherspoon systemd-coredump[1084]: Process 1081 (mboxd) of user 0 dumped core.
Aug 24 22:30:29 witherspoon phosphor-dump-monitor[999]: Error in mapper call
Aug 24 22:30:34 witherspoon systemd-coredump[1091]: Process 1088 (mboxd) of user 0 dumped core.
Aug 24 22:30:34 witherspoon mboxd[1100]: [ 1503613820.882479325] Partition HBB not found
Aug 24 22:30:34 witherspoon systemd[1]: mboxd.service: Main process exited, code=dumped, status=6/ABRT
Aug 24 22:30:34 witherspoon systemd[1]: mboxd.service: Unit entered failed state.
Aug 24 22:30:34 witherspoon systemd[1]: mboxd.service: Failed with result 'core-dump'.
Aug 24 22:30:34 witherspoon systemd[1]: mboxd.service: Service hold-off time over, scheduling restart.
Aug 24 22:30:34 witherspoon systemd[1]: Stopped Phosphor MBOX Daemon.
Aug 24 22:30:34 witherspoon systemd[1]: Starting Updates symlinks for active PNOR version...
Aug 24 22:30:34 witherspoon phosphor-dump-monitor[999]: Error in mapper call
Aug 24 22:30:35 witherspoon obmc-flash-bios[1110]: ls: /media/pnor-ro-*: No such file or directory
Aug 24 22:30:35 witherspoon systemd[1]: Started Updates symlinks for active PNOR version.
Aug 24 22:30:35 witherspoon systemd[1]: Started Phosphor MBOX Daemon.
Aug 24 22:30:35 witherspoon mboxd[1113]: The operation failed internally.
Aug 24 22:30:35 witherspoon mboxd[1113]: terminate called after throwing an instance of 'sdbusplus::xyz::openbmc_project::Common::Error::InternalFailure'
Aug 24 22:30:35 witherspoon mboxd[1113]:   what():  xyz.openbmc_project.Common.Error.InternalFailure: The operation failed internally.
Aug 24 22:30:35 witherspoon systemd[1]: Started Process Core Dump (PID 1115/UID 0).
Aug 24 22:30:41 witherspoon mboxd[1113]: [ 1503613835.306206964] Partition HBB not found
Aug 24 22:30:41 witherspoon systemd[1]: mboxd.service: Main process exited, code=dumped, status=6/ABRT
Aug 24 22:30:41 witherspoon systemd[1]: mboxd.service: Unit entered failed state.
Aug 24 22:30:41 witherspoon systemd[1]: mboxd.service: Failed with result 'core-dump'.
Aug 24 22:30:42 witherspoon systemd[1]: mboxd.service: Service hold-off time over, scheduling restart.
Aug 24 22:30:42 witherspoon systemd[1]: Stopped Phosphor MBOX Daemon.
Aug 24 22:30:42 witherspoon systemd[1]: Starting Updates symlinks for active PNOR version...
Aug 24 22:30:42 witherspoon obmc-flash-bios[1118]: ls: /media/pnor-ro-*: No such file or directory
Aug 24 22:30:42 witherspoon systemd[1]: Started Updates symlinks for active PNOR version.
Aug 24 22:30:42 witherspoon systemd[1]: Started Phosphor MBOX Daemon.
Aug 24 22:30:42 witherspoon mboxd[1120]: The operation failed internally.
Aug 24 22:30:42 witherspoon mboxd[1120]: terminate called after throwing an instance of 'sdbusplus::xyz::openbmc_project::Common::Error::InternalFailure'
Aug 24 22:30:42 witherspoon mboxd[1120]:   what():  xyz.openbmc_project.Common.Error.InternalFailure: The operation failed internally.
Aug 24 22:30:42 witherspoon systemd[1]: Started Process Core Dump (PID 1122/UID 0).
Aug 24 22:30:48 witherspoon systemd-coredump[1103]: Process 1100 (mboxd) of user 0 dumped core.
Aug 24 22:30:48 witherspoon phosphor-dump-monitor[999]: Error in mapper call
Aug 24 22:30:48 witherspoon mboxd[1120]: [ 1503613842.669388662] Partition HBB not found
Aug 24 22:30:48 witherspoon systemd[1]: mboxd.service: Main process exited, code=dumped, status=6/ABRT
Aug 24 22:30:48 witherspoon systemd[1]: mboxd.service: Unit entered failed state.
Aug 24 22:30:48 witherspoon systemd[1]: mboxd.service: Failed with result 'core-dump'.
Aug 24 22:30:48 witherspoon systemd[1]: mboxd.service: Service hold-off time over, scheduling restart.
Aug 24 22:30:48 witherspoon systemd[1]: Stopped Phosphor MBOX Daemon.
Aug 24 22:30:48 witherspoon systemd[1]: Starting Updates symlinks for active PNOR version...
Aug 24 22:30:48 witherspoon obmc-flash-bios[1127]: ls: /media/pnor-ro-*: No such file or directory
Aug 24 22:30:48 witherspoon systemd[1]: Started Updates symlinks for active PNOR version.
Aug 24 22:30:48 witherspoon systemd[1]: Started Phosphor MBOX Daemon.
Aug 24 22:30:48 witherspoon mboxd[1129]: The operation failed internally.
Aug 24 22:30:48 witherspoon mboxd[1129]: terminate called after throwing an instance of 'sdbusplus::xyz::openbmc_project::Common::Error::InternalFailure'
Aug 24 22:30:48 witherspoon mboxd[1129]:   what():  xyz.openbmc_project.Common.Error.InternalFailure: The operation failed internally.
Aug 24 22:30:49 witherspoon systemd[1]: Started Process Core Dump (PID 1131/UID 0).
Aug 24 22:30:54 witherspoon systemd-coredump[1116]: Process 1113 (mboxd) of user 0 dumped core.
Aug 24 22:30:55 witherspoon phosphor-dump-monitor[999]: Error in mapper call
Aug 24 22:31:03 witherspoon mboxd[1129]: [ 1503613848.967639411] Partition HBB not found
Aug 24 22:31:03 witherspoon systemd[1]: mboxd.service: Main process exited, code=dumped, status=6/ABRT
Aug 24 22:31:03 witherspoon systemd[1]: mboxd.service: Unit entered failed state.
Aug 24 22:31:03 witherspoon systemd[1]: mboxd.service: Failed with result 'core-dump'.
Aug 24 22:31:04 witherspoon systemd[1]: mboxd.service: Service hold-off time over, scheduling restart.
Aug 24 22:31:04 witherspoon systemd[1]: Stopped Phosphor MBOX Daemon.
Aug 24 22:31:04 witherspoon systemd[1]: Starting Updates symlinks for active PNOR version...
Aug 24 22:31:04 witherspoon obmc-flash-bios[1136]: ls: /media/pnor-ro-*: No such file or directory
Aug 24 22:31:04 witherspoon systemd[1]: Started Updates symlinks for active PNOR version.
Aug 24 22:31:04 witherspoon systemd[1]: Started Phosphor MBOX Daemon.
Aug 24 22:31:04 witherspoon mboxd[1138]: The operation failed internally.
Aug 24 22:31:04 witherspoon mboxd[1138]: terminate called after throwing an instance of 'sdbusplus::xyz::openbmc_project::Common::Error::InternalFailure'
Aug 24 22:31:04 witherspoon mboxd[1138]:   what():  xyz.openbmc_project.Common.Error.InternalFailure: The operation failed internally.
Aug 24 22:31:04 witherspoon systemd[1]: Started Process Core Dump (PID 1140/UID 0).
Aug 24 22:31:12 witherspoon systemd-coredump[1123]: Process 1120 (mboxd) of user 0 dumped core.
Aug 24 22:31:12 witherspoon phosphor-dump-monitor[999]: Error in mapper call
Aug 24 22:31:12 witherspoon mboxd[1138]: [ 1503613864.434347818] Partition HBB not found
Aug 24 22:31:12 witherspoon systemd[1]: mboxd.service: Main process exited, code=dumped, status=6/ABRT
Aug 24 22:31:12 witherspoon systemd[1]: mboxd.service: Unit entered failed state.
Aug 24 22:31:12 witherspoon systemd[1]: mboxd.service: Failed with result 'core-dump'.
Aug 24 22:31:13 witherspoon systemd[1]: mboxd.service: Service hold-off time over, scheduling restart.
Aug 24 22:31:13 witherspoon systemd[1]: Stopped Phosphor MBOX Daemon.
Aug 24 22:31:13 witherspoon systemd[1]: Starting Updates symlinks for active PNOR version...
Aug 24 22:31:13 witherspoon obmc-flash-bios[1145]: ls: /media/pnor-ro-*: No such file or directory
Aug 24 22:31:13 witherspoon systemd[1]: Started Updates symlinks for active PNOR version.
Aug 24 22:31:13 witherspoon systemd[1]: Started Phosphor MBOX Daemon.
Aug 24 22:31:13 witherspoon mboxd[1147]: The operation failed internally.
Aug 24 22:31:13 witherspoon mboxd[1147]: terminate called after throwing an instance of 'sdbusplus::xyz::openbmc_project::Common::Error::InternalFailure'
Aug 24 22:31:13 witherspoon mboxd[1147]:   what():  xyz.openbmc_project.Common.Error.InternalFailure: The operation failed internally.
Aug 24 22:31:14 witherspoon systemd[1]: Started Process Core Dump (PID 1149/UID 0).
Aug 24 22:31:22 witherspoon systemd-coredump[1132]: Process 1129 (mboxd) of user 0 dumped core.
Aug 24 22:31:22 witherspoon phosphor-dump-monitor[999]: Error in mapper call
Aug 24 22:31:22 witherspoon mboxd[1147]: [ 1503613873.941391011] Partition HBB not found
Aug 24 22:31:22 witherspoon systemd[1]: mboxd.service: Main process exited, code=dumped, status=6/ABRT
Aug 24 22:31:22 witherspoon systemd[1]: mboxd.service: Unit entered failed state.
Aug 24 22:31:22 witherspoon systemd[1]: mboxd.service: Failed with result 'core-dump'.
Aug 24 22:31:23 witherspoon systemd[1]: mboxd.service: Service hold-off time over, scheduling restart.
Aug 24 22:31:23 witherspoon systemd[1]: Stopped Phosphor MBOX Daemon.
Aug 24 22:31:23 witherspoon systemd[1]: Starting Updates symlinks for active PNOR version...
Aug 24 22:31:23 witherspoon obmc-flash-bios[1154]: ls: /media/pnor-ro-*: No such file or directory
Aug 24 22:31:23 witherspoon systemd[1]: Started Updates symlinks for active PNOR version.
Aug 24 22:31:23 witherspoon systemd[1]: Started Phosphor MBOX Daemon.
Aug 24 22:31:24 witherspoon mboxd[1156]: The operation failed internally.
Aug 24 22:31:24 witherspoon mboxd[1156]: terminate called after throwing an instance of 'sdbusplus::xyz::openbmc_project::Common::Error::InternalFailure'
Aug 24 22:31:24 witherspoon mboxd[1156]:   what():  xyz.openbmc_project.Common.Error.InternalFailure: The operation failed internally.
Aug 24 22:31:24 witherspoon systemd[1]: Started Process Core Dump (PID 1158/UID 0).
Aug 24 22:31:33 witherspoon systemd-coredump[1141]: Process 1138 (mboxd) of user 0 dumped core.
Aug 24 22:31:34 witherspoon phosphor-dump-monitor[999]: Error in mapper call
Aug 24 22:31:34 witherspoon mboxd[1156]: [ 1503613884.142636468] Partition HBB not found
Aug 24 22:31:34 witherspoon systemd[1]: mboxd.service: Main process exited, code=dumped, status=6/ABRT
Aug 24 22:31:34 witherspoon systemd[1]: mboxd.service: Unit entered failed state.
Aug 24 22:31:34 witherspoon systemd[1]: mboxd.service: Failed with result 'core-dump'.
Aug 24 22:31:35 witherspoon systemd[1]: mboxd.service: Service hold-off time over, scheduling restart.
Aug 24 22:31:35 witherspoon systemd[1]: Stopped Phosphor MBOX Daemon.
Aug 24 22:31:35 witherspoon systemd[1]: Starting Updates symlinks for active PNOR version...
Aug 24 22:31:35 witherspoon obmc-flash-bios[1163]: ls: /media/pnor-ro-*: No such file or directory
Aug 24 22:31:35 witherspoon systemd[1]: Started Updates symlinks for active PNOR version.
Aug 24 22:31:35 witherspoon systemd[1]: Started Phosphor MBOX Daemon.
Aug 24 22:31:36 witherspoon mboxd[1165]: The operation failed internally.
Aug 24 22:31:36 witherspoon mboxd[1165]: terminate called after throwing an instance of 'sdbusplus::xyz::openbmc_project::Common::Error::InternalFailure'
Aug 24 22:31:36 witherspoon mboxd[1165]:   what():  xyz.openbmc_project.Common.Error.InternalFailure: The operation failed internally.
Aug 24 22:31:36 witherspoon systemd[1]: Started Process Core Dump (PID 1167/UID 0).
Aug 24 22:31:45 witherspoon systemd-coredump[1150]: Process 1147 (mboxd) of user 0 dumped core.
Aug 24 22:31:45 witherspoon phosphor-dump-monitor[999]: Error in mapper call
Aug 24 22:31:45 witherspoon phosphor-dump-monitor[999]: Error in mapper call
Aug 24 22:31:49 witherspoon mboxd[1165]: [ 1503613896.017464833] Partition HBB not found
Aug 24 22:31:49 witherspoon systemd[1]: mboxd.service: Main process exited, code=dumped, status=6/ABRT
Aug 24 22:31:49 witherspoon systemd[1]: mboxd.service: Unit entered failed state.
Aug 24 22:31:49 witherspoon systemd[1]: mboxd.service: Failed with result 'core-dump'.
Aug 24 22:31:49 witherspoon systemd[1]: mboxd.service: Service hold-off time over, scheduling restart.
Aug 24 22:31:49 witherspoon systemd[1]: Stopped Phosphor MBOX Daemon.
Aug 24 22:31:49 witherspoon systemd[1]: Starting Updates symlinks for active PNOR version...
Aug 24 22:31:49 witherspoon obmc-flash-bios[1172]: ls: /media/pnor-ro-*: No such file or directory
Aug 24 22:31:49 witherspoon systemd[1]: Started Updates symlinks for active PNOR version.
Aug 24 22:31:49 witherspoon systemd[1]: Started Phosphor MBOX Daemon.
Aug 24 22:31:50 witherspoon mboxd[1174]: The operation failed internally.
Aug 24 22:31:50 witherspoon mboxd[1174]: terminate called after throwing an instance of 'sdbusplus::xyz::openbmc_project::Common::Error::InternalFailure'
Aug 24 22:31:50 witherspoon mboxd[1174]:   what():  xyz.openbmc_project.Common.Error.InternalFailure: The operation failed internally.
Aug 24 22:31:50 witherspoon systemd[1]: Started Process Core Dump (PID 1176/UID 0).
Aug 24 22:31:54 witherspoon systemd-coredump[1159]: Process 1156 (mboxd) of user 0 dumped core.
Aug 24 22:31:55 witherspoon phosphor-dump-monitor[999]: Error in mapper call
Aug 24 22:31:59 witherspoon mboxd[1174]: [ 1503613910.380738775] Partition HBB not found
Aug 24 22:31:59 witherspoon systemd[1]: mboxd.service: Main process exited, code=dumped, status=6/ABRT
Aug 24 22:31:59 witherspoon systemd[1]: mboxd.service: Unit entered failed state.
Aug 24 22:31:59 witherspoon systemd[1]: mboxd.service: Failed with result 'core-dump'.
Aug 24 22:31:59 witherspoon systemd[1]: mboxd.service: Service hold-off time over, scheduling restart.
Aug 24 22:31:59 witherspoon systemd[1]: Stopped Phosphor MBOX Daemon.
Aug 24 22:31:59 witherspoon systemd[1]: Starting Updates symlinks for active PNOR version...
Aug 24 22:32:00 witherspoon obmc-flash-bios[1181]: ls: /media/pnor-ro-*: No such file or directory
Aug 24 22:32:00 witherspoon systemd[1]: Started Updates symlinks for active PNOR version.
Aug 24 22:32:00 witherspoon systemd[1]: Started Phosphor MBOX Daemon.
Aug 24 22:32:00 witherspoon mboxd[1184]: The operation failed internally.
Aug 24 22:32:00 witherspoon mboxd[1184]: terminate called after throwing an instance of 'sdbusplus::xyz::openbmc_project::Common::Error::InternalFailure'
Aug 24 22:32:00 witherspoon mboxd[1184]:   what():  xyz.openbmc_project.Common.Error.InternalFailure: The operation failed internally.
Aug 24 22:32:00 witherspoon systemd[1]: Started Process Core Dump (PID 1185/UID 0).
Aug 24 22:32:05 witherspoon mboxd[1184]: [ 1503613920.688965242] Partition HBB not found
Aug 24 22:32:05 witherspoon systemd[1]: mboxd.service: Main process exited, code=dumped, status=6/ABRT
Aug 24 22:32:05 witherspoon systemd[1]: mboxd.service: Unit entered failed state.
Aug 24 22:32:05 witherspoon systemd[1]: mboxd.service: Failed with result 'core-dump'.
Aug 24 22:32:06 witherspoon systemd[1]: mboxd.service: Service hold-off time over, scheduling restart.
Aug 24 22:32:06 witherspoon systemd[1]: Stopped Phosphor MBOX Daemon.
Aug 24 22:32:06 witherspoon systemd[1]: Starting Updates symlinks for active PNOR version...
Aug 24 22:32:06 witherspoon obmc-flash-bios[1188]: ls: /media/pnor-ro-*: No such file or directory
Aug 24 22:32:06 witherspoon systemd[1]: Started Updates symlinks for active PNOR version.
Aug 24 22:32:06 witherspoon systemd[1]: Started Phosphor MBOX Daemon.
Aug 24 22:32:06 witherspoon mboxd[1190]: The operation failed internally.
Aug 24 22:32:06 witherspoon mboxd[1190]: terminate called after throwing an instance of 'sdbusplus::xyz::openbmc_project::Common::Error::InternalFailure'
Aug 24 22:32:06 witherspoon mboxd[1190]:   what():  xyz.openbmc_project.Common.Error.InternalFailure: The operation failed internally.
Aug 24 22:32:06 witherspoon systemd[1]: Started Process Core Dump (PID 1192/UID 0).
Aug 24 22:32:09 witherspoon systemd-coredump[1168]: Process 1165 (mboxd) of user 0 dumped core.
Aug 24 22:32:09 witherspoon phosphor-dump-monitor[999]: Error in mapper call
Aug 24 22:32:09 witherspoon mboxd[1190]: [ 1503613926.516067627] Partition HBB not found
Aug 24 22:32:09 witherspoon systemd[1]: mboxd.service: Main process exited, code=dumped, status=6/ABRT
Aug 24 22:32:09 witherspoon systemd[1]: mboxd.service: Unit entered failed state.
Aug 24 22:32:09 witherspoon systemd[1]: mboxd.service: Failed with result 'core-dump'.
Aug 24 22:32:09 witherspoon systemd[1]: mboxd.service: Service hold-off time over, scheduling restart.
Aug 24 22:32:09 witherspoon systemd[1]: Stopped Phosphor MBOX Daemon.
Aug 24 22:32:09 witherspoon systemd[1]: Starting Updates symlinks for active PNOR version...
Aug 24 22:32:10 witherspoon obmc-flash-bios[1197]: ls: /media/pnor-ro-*: No such file or directory
Aug 24 22:32:10 witherspoon systemd[1]: Started Updates symlinks for active PNOR version.
Aug 24 22:32:10 witherspoon systemd[1]: Started Phosphor MBOX Daemon.
Aug 24 22:32:10 witherspoon mboxd[1199]: The operation failed internally.
Aug 24 22:32:10 witherspoon mboxd[1199]: terminate called after throwing an instance of 'sdbusplus::xyz::openbmc_project::Common::Error::InternalFailure'
Aug 24 22:32:10 witherspoon mboxd[1199]:   what():  xyz.openbmc_project.Common.Error.InternalFailure: The operation failed internally.
Aug 24 22:32:10 witherspoon systemd[1]: Started Process Core Dump (PID 1201/UID 0).
Aug 24 22:32:14 witherspoon mboxd[1199]: [ 1503613930.558327021] Partition HBB not found
Aug 24 22:32:14 witherspoon systemd[1]: mboxd.service: Main process exited, code=dumped, status=6/ABRT
Aug 24 22:32:14 witherspoon systemd[1]: mboxd.service: Unit entered failed state.
Aug 24 22:32:14 witherspoon systemd[1]: mboxd.service: Failed with result 'core-dump'.
Aug 24 22:32:14 witherspoon systemd[1]: mboxd.service: Service hold-off time over, scheduling restart.
Aug 24 22:32:14 witherspoon systemd[1]: Stopped Phosphor MBOX Daemon.
Aug 24 22:32:14 witherspoon systemd[1]: Starting Updates symlinks for active PNOR version...
Aug 24 22:32:14 witherspoon obmc-flash-bios[1204]: ls: /media/pnor-ro-*: No such file or directory
Aug 24 22:32:14 witherspoon systemd[1]: Started Updates symlinks for active PNOR version.
Aug 24 22:32:14 witherspoon systemd[1]: Started Phosphor MBOX Daemon.
Aug 24 22:32:15 witherspoon mboxd[1206]: The operation failed internally.
Aug 24 22:32:15 witherspoon mboxd[1206]: terminate called after throwing an instance of 'sdbusplus::xyz::openbmc_project::Common::Error::InternalFailure'
Aug 24 22:32:15 witherspoon mboxd[1206]:   what():  xyz.openbmc_project.Common.Error.InternalFailure: The operation failed internally.
Aug 24 22:32:15 witherspoon systemd[1]: Started Process Core Dump (PID 1208/UID 0).
Aug 24 22:32:19 witherspoon systemd-coredump[1177]: Process 1174 (mboxd) of user 0 dumped core.
Aug 24 22:32:20 witherspoon phosphor-dump-monitor[999]: Error in mapper call
Aug 24 22:32:26 witherspoon systemd-coredump[1186]: Process 1184 (mboxd) of user 0 dumped core.
Aug 24 22:32:26 witherspoon mboxd[1206]: [ 1503613935.440518618] Partition HBB not found
Aug 24 22:32:26 witherspoon systemd[1]: mboxd.service: Main process exited, code=dumped, status=6/ABRT
Aug 24 22:32:26 witherspoon systemd[1]: mboxd.service: Unit entered failed state.
Aug 24 22:32:26 witherspoon systemd[1]: mboxd.service: Failed with result 'core-dump'.
Aug 24 22:32:26 witherspoon phosphor-dump-monitor[999]: Error in mapper call
Aug 24 22:32:26 witherspoon systemd[1]: mboxd.service: Service hold-off time over, scheduling restart.
Aug 24 22:32:26 witherspoon systemd[1]: Stopped Phosphor MBOX Daemon.
Aug 24 22:32:26 witherspoon systemd[1]: Starting Updates symlinks for active PNOR version...
Aug 24 22:32:26 witherspoon obmc-flash-bios[1215]: ls: /media/pnor-ro-*: No such file or directory
Aug 24 22:32:26 witherspoon systemd[1]: Started Updates symlinks for active PNOR version.
Aug 24 22:32:26 witherspoon systemd[1]: Started Phosphor MBOX Daemon.
Aug 24 22:32:27 witherspoon mboxd[1217]: The operation failed internally.
Aug 24 22:32:27 witherspoon mboxd[1217]: terminate called after throwing an instance of 'sdbusplus::xyz::openbmc_project::Common::Error::InternalFailure'
Aug 24 22:32:27 witherspoon mboxd[1217]:   what():  xyz.openbmc_project.Common.Error.InternalFailure: The operation failed internally.
Aug 24 22:32:27 witherspoon systemd[1]: Started Process Core Dump (PID 1219/UID 0).
Aug 24 22:32:30 witherspoon systemd-coredump[1193]: Process 1190 (mboxd) of user 0 dumped core.
Aug 24 22:32:30 witherspoon phosphor-dump-monitor[999]: Error in mapper call
Aug 24 22:32:30 witherspoon mboxd[1217]: [ 1503613947.155697570] Partition HBB not found
Aug 24 22:32:30 witherspoon systemd[1]: mboxd.service: Main process exited, code=dumped, status=6/ABRT
Aug 24 22:32:30 witherspoon systemd[1]: mboxd.service: Unit entered failed state.
Aug 24 22:32:30 witherspoon systemd[1]: mboxd.service: Failed with result 'core-dump'.
Aug 24 22:32:31 witherspoon systemd[1]: mboxd.service: Service hold-off time over, scheduling restart.
Aug 24 22:32:31 witherspoon systemd[1]: Stopped Phosphor MBOX Daemon.
Aug 24 22:32:31 witherspoon systemd[1]: Starting Updates symlinks for active PNOR version...
Aug 24 22:32:31 witherspoon obmc-flash-bios[1224]: ls: /media/pnor-ro-*: No such file or directory
Aug 24 22:32:31 witherspoon systemd[1]: Started Updates symlinks for active PNOR version.
Aug 24 22:32:31 witherspoon systemd[1]: Started Phosphor MBOX Daemon.
Aug 24 22:32:31 witherspoon mboxd[1226]: The operation failed internally.
Aug 24 22:32:31 witherspoon mboxd[1226]: terminate called after throwing an instance of 'sdbusplus::xyz::openbmc_project::Common::Error::InternalFailure'
Aug 24 22:32:31 witherspoon mboxd[1226]:   what():  xyz.openbmc_project.Common.Error.InternalFailure: The operation failed internally.
Aug 24 22:32:31 witherspoon systemd[1]: Started Process Core Dump (PID 1228/UID 0).
Aug 24 22:32:35 witherspoon mboxd[1226]: [ 1503613951.784933207] Partition HBB not found
Aug 24 22:32:35 witherspoon systemd[1]: mboxd.service: Main process exited, code=dumped, status=6/ABRT
Aug 24 22:32:35 witherspoon systemd[1]: mboxd.service: Unit entered failed state.
Aug 24 22:32:35 witherspoon systemd[1]: mboxd.service: Failed with result 'core-dump'.
Aug 24 22:32:36 witherspoon systemd[1]: mboxd.service: Service hold-off time over, scheduling restart.
Aug 24 22:32:36 witherspoon systemd[1]: Stopped Phosphor MBOX Daemon.
Aug 24 22:32:36 witherspoon systemd[1]: Starting Updates symlinks for active PNOR version...
Aug 24 22:32:36 witherspoon obmc-flash-bios[1231]: ls: /media/pnor-ro-*: No such file or directory
Aug 24 22:32:36 witherspoon systemd[1]: Started Updates symlinks for active PNOR version.
Aug 24 22:32:36 witherspoon systemd[1]: Started Phosphor MBOX Daemon.
Aug 24 22:32:36 witherspoon mboxd[1233]: The operation failed internally.
Aug 24 22:32:36 witherspoon mboxd[1233]: terminate called after throwing an instance of 'sdbusplus::xyz::openbmc_project::Common::Error::InternalFailure'
Aug 24 22:32:36 witherspoon mboxd[1233]:   what():  xyz.openbmc_project.Common.Error.InternalFailure: The operation failed internally.
Aug 24 22:32:36 witherspoon systemd[1]: Started Process Core Dump (PID 1235/UID 0).
Aug 24 22:32:41 witherspoon mboxd[1233]: [ 1503613956.483098056] Partition HBB not found
Aug 24 22:32:41 witherspoon systemd[1]: mboxd.service: Main process exited, code=dumped, status=6/ABRT
Aug 24 22:32:41 witherspoon systemd[1]: mboxd.service: Unit entered failed state.
Aug 24 22:32:41 witherspoon systemd[1]: mboxd.service: Failed with result 'core-dump'.
Aug 24 22:32:41 witherspoon systemd-coredump[1202]: Process 1199 (mboxd) of user 0 dumped core.
Aug 24 22:32:41 witherspoon systemd[1]: mboxd.service: Service hold-off time over, scheduling restart.
Aug 24 22:32:41 witherspoon systemd[1]: Stopped Phosphor MBOX Daemon.
Aug 24 22:32:41 witherspoon systemd[1]: Starting Updates symlinks for active PNOR version...
Aug 24 22:32:41 witherspoon phosphor-dump-monitor[999]: Error in mapper call
Aug 24 22:32:41 witherspoon obmc-flash-bios[1239]: ls: /media/pnor-ro-*: No such file or directory
Aug 24 22:32:41 witherspoon systemd[1]: Started Updates symlinks for active PNOR version.
Aug 24 22:32:41 witherspoon systemd[1]: Started Phosphor MBOX Daemon.
Aug 24 22:32:42 witherspoon mboxd[1242]: The operation failed internally.
Aug 24 22:32:42 witherspoon mboxd[1242]: terminate called after throwing an instance of 'sdbusplus::xyz::openbmc_project::Common::Error::InternalFailure'
Aug 24 22:32:42 witherspoon mboxd[1242]:   what():  xyz.openbmc_project.Common.Error.InternalFailure: The operation failed internally.
Aug 24 22:32:42 witherspoon systemd[1]: Started Process Core Dump (PID 1244/UID 0).
Aug 24 22:32:43 witherspoon mboxd[1242]: [ 1503613962.010540885] Partition HBB not found
Aug 24 22:32:43 witherspoon systemd[1]: mboxd.service: Main process exited, code=dumped, status=6/ABRT
Aug 24 22:32:43 witherspoon systemd[1]: mboxd.service: Unit entered failed state.
Aug 24 22:32:43 witherspoon systemd[1]: mboxd.service: Failed with result 'core-dump'.
Aug 24 22:32:43 witherspoon systemd[1]: mboxd.service: Service hold-off time over, scheduling restart.
Aug 24 22:32:43 witherspoon systemd[1]: Stopped Phosphor MBOX Daemon.
Aug 24 22:32:43 witherspoon systemd[1]: Starting Updates symlinks for active PNOR version...
Aug 24 22:32:43 witherspoon obmc-flash-bios[1247]: ls: /media/pnor-ro-*: No such file or directory
Aug 24 22:32:43 witherspoon systemd[1]: Started Updates symlinks for active PNOR version.
Aug 24 22:32:43 witherspoon systemd[1]: Started Phosphor MBOX Daemon.
Aug 24 22:32:43 witherspoon mboxd[1249]: The operation failed internally.
Aug 24 22:32:43 witherspoon mboxd[1249]: terminate called after throwing an instance of 'sdbusplus::xyz::openbmc_project::Common::Error::InternalFailure'
Aug 24 22:32:43 witherspoon mboxd[1249]:   what():  xyz.openbmc_project.Common.Error.InternalFailure: The operation failed internally.
Aug 24 22:32:43 witherspoon systemd[1]: Started Process Core Dump (PID 1251/UID 0).
Aug 24 22:32:44 witherspoon mboxd[1249]: [ 1503613963.906971916] Partition HBB not found
Aug 24 22:32:44 witherspoon systemd[1]: mboxd.service: Main process exited, code=dumped, status=6/ABRT
Aug 24 22:32:44 witherspoon systemd[1]: mboxd.service: Unit entered failed state.
Aug 24 22:32:44 witherspoon systemd[1]: mboxd.service: Failed with result 'core-dump'.
Aug 24 22:32:44 witherspoon systemd[1]: mboxd.service: Service hold-off time over, scheduling restart.
Aug 24 22:32:44 witherspoon systemd[1]: Stopped Phosphor MBOX Daemon.
Aug 24 22:32:44 witherspoon systemd[1]: Starting Updates symlinks for active PNOR version...
Aug 24 22:32:44 witherspoon obmc-flash-bios[1254]: ls: /media/pnor-ro-*: No such file or directory
Aug 24 22:32:44 witherspoon systemd[1]: Started Updates symlinks for active PNOR version.
Aug 24 22:32:44 witherspoon systemd[1]: Started Phosphor MBOX Daemon.
Aug 24 22:32:44 witherspoon mboxd[1256]: The operation failed internally.
Aug 24 22:32:44 witherspoon mboxd[1256]: terminate called after throwing an instance of 'sdbusplus::xyz::openbmc_project::Common::Error::InternalFailure'
Aug 24 22:32:44 witherspoon mboxd[1256]:   what():  xyz.openbmc_project.Common.Error.InternalFailure: The operation failed internally.
Aug 24 22:32:44 witherspoon systemd[1]: Started Process Core Dump (PID 1258/UID 0).
Aug 24 22:32:45 witherspoon mboxd[1256]: [ 1503613964.881764967] Partition HBB not found
Aug 24 22:32:45 witherspoon systemd[1]: mboxd.service: Main process exited, code=dumped, status=6/ABRT
Aug 24 22:32:45 witherspoon systemd[1]: mboxd.service: Unit entered failed state.
Aug 24 22:32:45 witherspoon systemd[1]: mboxd.service: Failed with result 'core-dump'.
Aug 24 22:32:45 witherspoon systemd[1]: mboxd.service: Service hold-off time over, scheduling restart.
Aug 24 22:32:45 witherspoon systemd[1]: Stopped Phosphor MBOX Daemon.
Aug 24 22:32:45 witherspoon systemd[1]: Starting Updates symlinks for active PNOR version...
Aug 24 22:32:45 witherspoon obmc-flash-bios[1261]: ls: /media/pnor-ro-*: No such file or directory
Aug 24 22:32:45 witherspoon systemd[1]: Started Updates symlinks for active PNOR version.
Aug 24 22:32:45 witherspoon systemd[1]: Started Phosphor MBOX Daemon.
Aug 24 22:32:45 witherspoon mboxd[1263]: The operation failed internally.
Aug 24 22:32:45 witherspoon mboxd[1263]: terminate called after throwing an instance of 'sdbusplus::xyz::openbmc_project::Common::Error::InternalFailure'
Aug 24 22:32:45 witherspoon mboxd[1263]:   what():  xyz.openbmc_project.Common.Error.InternalFailure: The operation failed internally.
Aug 24 22:32:45 witherspoon systemd[1]: Started Process Core Dump (PID 1265/UID 0).
Aug 24 22:32:46 witherspoon mboxd[1263]: [ 1503613965.823368118] Partition HBB not found
Aug 24 22:32:46 witherspoon systemd[1]: mboxd.service: Main process exited, code=dumped, status=6/ABRT
Aug 24 22:32:46 witherspoon systemd[1]: mboxd.service: Unit entered failed state.
Aug 24 22:32:46 witherspoon systemd[1]: mboxd.service: Failed with result 'core-dump'.
Aug 24 22:32:46 witherspoon systemd[1]: mboxd.service: Service hold-off time over, scheduling restart.
Aug 24 22:32:46 witherspoon systemd[1]: Stopped Phosphor MBOX Daemon.
Aug 24 22:32:46 witherspoon systemd[1]: Starting Updates symlinks for active PNOR version...
Aug 24 22:32:46 witherspoon obmc-flash-bios[1268]: ls: /media/pnor-ro-*: No such file or directory
Aug 24 22:32:46 witherspoon systemd[1]: Started Updates symlinks for active PNOR version.
Aug 24 22:32:46 witherspoon systemd[1]: Started Phosphor MBOX Daemon.
Aug 24 22:32:46 witherspoon mboxd[1270]: The operation failed internally.
Aug 24 22:32:46 witherspoon mboxd[1270]: terminate called after throwing an instance of 'sdbusplus::xyz::openbmc_project::Common::Error::InternalFailure'
Aug 24 22:32:46 witherspoon mboxd[1270]:   what():  xyz.openbmc_project.Common.Error.InternalFailure: The operation failed internally.
Aug 24 22:32:46 witherspoon systemd[1]: Started Process Core Dump (PID 1272/UID 0).
Aug 24 22:32:47 witherspoon systemd-coredump[1209]: Process 1206 (mboxd) of user 0 dumped core.
Aug 24 22:32:47 witherspoon phosphor-dump-monitor[999]: Error in mapper call
Aug 24 22:32:47 witherspoon phosphor-dump-monitor[999]: Error in mapper call
Aug 24 22:32:55 witherspoon mboxd[1270]: [ 1503613966.872773613] Partition HBB not found
Aug 24 22:32:55 witherspoon systemd[1]: mboxd.service: Main process exited, code=dumped, status=6/ABRT
Aug 24 22:32:55 witherspoon systemd[1]: mboxd.service: Unit entered failed state.
Aug 24 22:32:55 witherspoon systemd[1]: mboxd.service: Failed with result 'core-dump'.
Aug 24 22:32:56 witherspoon systemd[1]: mboxd.service: Service hold-off time over, scheduling restart.
Aug 24 22:32:56 witherspoon systemd[1]: Stopped Phosphor MBOX Daemon.
Aug 24 22:32:56 witherspoon systemd[1]: Starting Updates symlinks for active PNOR version...
Aug 24 22:32:56 witherspoon obmc-flash-bios[1277]: ls: /media/pnor-ro-*: No such file or directory
Aug 24 22:32:56 witherspoon systemd[1]: Started Updates symlinks for active PNOR version.
Aug 24 22:32:56 witherspoon systemd[1]: Started Phosphor MBOX Daemon.
Aug 24 22:32:56 witherspoon mboxd[1279]: The operation failed internally.
Aug 24 22:32:56 witherspoon mboxd[1279]: terminate called after throwing an instance of 'sdbusplus::xyz::openbmc_project::Common::Error::InternalFailure'
Aug 24 22:32:56 witherspoon mboxd[1279]:   what():  xyz.openbmc_project.Common.Error.InternalFailure: The operation failed internally.
Aug 24 22:32:56 witherspoon systemd[1]: Started Process Core Dump (PID 1281/UID 0).
Aug 24 22:32:57 witherspoon mboxd[1279]: [ 1503613976.842620484] Partition HBB not found
Aug 24 22:32:57 witherspoon systemd[1]: mboxd.service: Main process exited, code=dumped, status=6/ABRT
Aug 24 22:32:57 witherspoon systemd[1]: mboxd.service: Unit entered failed state.
Aug 24 22:32:57 witherspoon systemd[1]: mboxd.service: Failed with result 'core-dump'.
Aug 24 22:32:57 witherspoon systemd[1]: mboxd.service: Service hold-off time over, scheduling restart.
Aug 24 22:32:57 witherspoon systemd[1]: Stopped Phosphor MBOX Daemon.
Aug 24 22:32:57 witherspoon systemd[1]: Starting Updates symlinks for active PNOR version...
Aug 24 22:32:57 witherspoon obmc-flash-bios[1284]: ls: /media/pnor-ro-*: No such file or directory
Aug 24 22:32:57 witherspoon systemd[1]: Started Updates symlinks for active PNOR version.
Aug 24 22:32:57 witherspoon systemd[1]: Started Phosphor MBOX Daemon.
Aug 24 22:32:58 witherspoon mboxd[1286]: The operation failed internally.
Aug 24 22:32:58 witherspoon mboxd[1286]: terminate called after throwing an instance of 'sdbusplus::xyz::openbmc_project::Common::Error::InternalFailure'
Aug 24 22:32:58 witherspoon mboxd[1286]:   what():  xyz.openbmc_project.Common.Error.InternalFailure: The operation failed internally.
Aug 24 22:32:58 witherspoon systemd[1]: Started Process Core Dump (PID 1288/UID 0).
Aug 24 22:33:08 witherspoon systemd-coredump[1229]: Process 1226 (mboxd) of user 0 dumped core.
Aug 24 22:33:08 witherspoon phosphor-dump-monitor[999]: Error in mapper call
Aug 24 22:33:15 witherspoon systemd-coredump[1220]: Process 1217 (mboxd) of user 0 dumped core.
Aug 24 22:33:15 witherspoon systemd-coredump[1236]: Process 1233 (mboxd) of user 0 dumped core.
Aug 24 22:33:15 witherspoon systemd-coredump[1245]: Process 1242 (mboxd) of user 0 dumped core.
Aug 24 22:33:15 witherspoon systemd-coredump[1252]: Process 1249 (mboxd) of user 0 dumped core.
Aug 24 22:33:15 witherspoon phosphor-dump-monitor[999]: Error in mapper call
Aug 24 22:33:15 witherspoon phosphor-dump-monitor[999]: Error in mapper call
Aug 24 22:33:15 witherspoon phosphor-dump-monitor[999]: Error in mapper call
Aug 24 22:33:15 witherspoon phosphor-dump-monitor[999]: Error in mapper call
Aug 24 22:33:21 witherspoon systemd-coredump[1266]: Process 1263 (mboxd) of user 0 dumped core.
Aug 24 22:33:21 witherspoon systemd-coredump[1273]: Process 1270 (mboxd) of user 0 dumped core.
Aug 24 22:33:21 witherspoon systemd-coredump[1282]: Process 1279 (mboxd) of user 0 dumped core.
Aug 24 22:33:21 witherspoon mboxd[1286]: [ 1503613978.042634424] Partition HBB not found
Aug 24 22:33:21 witherspoon systemd[1]: mboxd.service: Main process exited, code=dumped, status=6/ABRT
Aug 24 22:33:21 witherspoon systemd[1]: mboxd.service: Unit entered failed state.
Aug 24 22:33:21 witherspoon systemd[1]: mboxd.service: Failed with result 'core-dump'.
Aug 24 22:33:21 witherspoon phosphor-dump-monitor[999]: Error in mapper call
Aug 24 22:33:21 witherspoon phosphor-dump-monitor[999]: Error in mapper call
Aug 24 22:33:22 witherspoon phosphor-dump-monitor[999]: Error in mapper call
Aug 24 22:33:22 witherspoon systemd[1]: mboxd.service: Service hold-off time over, scheduling restart.
Aug 24 22:33:22 witherspoon systemd[1]: Stopped Phosphor MBOX Daemon.
Aug 24 22:33:22 witherspoon systemd[1]: Starting Updates symlinks for active PNOR version...
Aug 24 22:33:22 witherspoon obmc-flash-bios[1308]: ls: /media/pnor-ro-*: No such file or directory
Aug 24 22:33:22 witherspoon systemd[1]: Started Updates symlinks for active PNOR version.
Aug 24 22:33:22 witherspoon systemd[1]: Started Phosphor MBOX Daemon.
Aug 24 22:33:22 witherspoon mboxd[1310]: The operation failed internally.
Aug 24 22:33:22 witherspoon mboxd[1310]: terminate called after throwing an instance of 'sdbusplus::xyz::openbmc_project::Common::Error::InternalFailure'
Aug 24 22:33:22 witherspoon mboxd[1310]:   what():  xyz.openbmc_project.Common.Error.InternalFailure: The operation failed internally.
Aug 24 22:33:22 witherspoon systemd[1]: Started Process Core Dump (PID 1312/UID 0).
Aug 24 22:33:29 witherspoon systemd-coredump[1259]: Process 1256 (mboxd) of user 0 dumped core.
Aug 24 22:33:30 witherspoon phosphor-dump-monitor[999]: Error in mapper call
Aug 24 22:33:30 witherspoon mboxd[1310]: [ 1503614002.421038226] Partition HBB not found
Aug 24 22:33:30 witherspoon systemd[1]: mboxd.service: Main process exited, code=dumped, status=6/ABRT
Aug 24 22:33:30 witherspoon systemd[1]: mboxd.service: Unit entered failed state.
Aug 24 22:33:30 witherspoon systemd[1]: mboxd.service: Failed with result 'core-dump'.
Aug 24 22:33:31 witherspoon systemd[1]: mboxd.service: Service hold-off time over, scheduling restart.
Aug 24 22:33:31 witherspoon systemd[1]: Stopped Phosphor MBOX Daemon.
Aug 24 22:33:31 witherspoon systemd[1]: Starting Updates symlinks for active PNOR version...
Aug 24 22:33:31 witherspoon obmc-flash-bios[1317]: ls: /media/pnor-ro-*: No such file or directory
Aug 24 22:33:31 witherspoon systemd[1]: Started Updates symlinks for active PNOR version.
Aug 24 22:33:31 witherspoon systemd[1]: Started Phosphor MBOX Daemon.
Aug 24 22:33:31 witherspoon mboxd[1319]: The operation failed internally.
Aug 24 22:33:31 witherspoon mboxd[1319]: terminate called after throwing an instance of 'sdbusplus::xyz::openbmc_project::Common::Error::InternalFailure'
Aug 24 22:33:31 witherspoon mboxd[1319]:   what():  xyz.openbmc_project.Common.Error.InternalFailure: The operation failed internally.
Aug 24 22:33:31 witherspoon systemd[1]: Started Process Core Dump (PID 1321/UID 0).
Aug 24 22:33:32 witherspoon mboxd[1319]: [ 1503614011.521599076] Partition HBB not found
Aug 24 22:33:32 witherspoon systemd[1]: mboxd.service: Main process exited, code=dumped, status=6/ABRT
Aug 24 22:33:32 witherspoon systemd[1]: mboxd.service: Unit entered failed state.
Aug 24 22:33:32 witherspoon systemd[1]: mboxd.service: Failed with result 'core-dump'.
Aug 24 22:33:32 witherspoon systemd[1]: mboxd.service: Service hold-off time over, scheduling restart.
Aug 24 22:33:32 witherspoon systemd[1]: Stopped Phosphor MBOX Daemon.
Aug 24 22:33:32 witherspoon systemd[1]: Starting Updates symlinks for active PNOR version...
Aug 24 22:33:32 witherspoon obmc-flash-bios[1324]: ls: /media/pnor-ro-*: No such file or directory
Aug 24 22:33:32 witherspoon systemd[1]: Started Updates symlinks for active PNOR version.
Aug 24 22:33:32 witherspoon systemd[1]: Started Phosphor MBOX Daemon.
Aug 24 22:33:33 witherspoon mboxd[1326]: The operation failed internally.
Aug 24 22:33:33 witherspoon mboxd[1326]: terminate called after throwing an instance of 'sdbusplus::xyz::openbmc_project::Common::Error::InternalFailure'
Aug 24 22:33:33 witherspoon mboxd[1326]:   what():  xyz.openbmc_project.Common.Error.InternalFailure: The operation failed internally.
Aug 24 22:33:33 witherspoon systemd[1]: Started Process Core Dump (PID 1328/UID 0).
Aug 24 22:33:34 witherspoon mboxd[1326]: [ 1503614013.420307278] Partition HBB not found
Aug 24 22:33:34 witherspoon systemd[1]: mboxd.service: Main process exited, code=dumped, status=6/ABRT
Aug 24 22:33:34 witherspoon systemd[1]: mboxd.service: Unit entered failed state.
Aug 24 22:33:34 witherspoon systemd[1]: mboxd.service: Failed with result 'core-dump'.
Aug 24 22:33:35 witherspoon systemd[1]: mboxd.service: Service hold-off time over, scheduling restart.
Aug 24 22:33:35 witherspoon systemd[1]: Stopped Phosphor MBOX Daemon.
Aug 24 22:33:35 witherspoon systemd[1]: Starting Updates symlinks for active PNOR version...
Aug 24 22:33:35 witherspoon obmc-flash-bios[1331]: ls: /media/pnor-ro-*: No such file or directory
Aug 24 22:33:35 witherspoon systemd[1]: Started Updates symlinks for active PNOR version.
Aug 24 22:33:35 witherspoon systemd[1]: Started Phosphor MBOX Daemon.
