[    0.120000] Setting up static identity map for 0x80008200 - 0x8000825c
[    0.130000] devtmpfs: initialized
[    0.140000] clocksource: jiffies: mask: 0xffffffff max_cycles: 0xffffffff, max_idle_ns: 19112604462750000 ns
[    0.140000] futex hash table entries: 256 (order: -1, 3072 bytes)
[    0.140000] pinctrl core: initialized pinctrl subsystem
[    0.140000] NET: Registered protocol family 16
[    0.140000] DMA: preallocated 256 KiB pool for atomic coherent allocations
[    0.210000] usbcore: registered new interface driver usbfs
[    0.210000] usbcore: registered new interface driver hub
[    0.210000] usbcore: registered new device driver usb
[    0.220000] clocksource: Switched to clocksource moxart_timer
[    0.240000] NET: Registered protocol family 2
[    0.240000] TCP established hash table entries: 4096 (order: 2, 16384 bytes)
[    0.240000] TCP bind hash table entries: 4096 (order: 2, 16384 bytes)
[    0.240000] TCP: Hash tables configured (established 4096 bind 4096)
[    0.240000] UDP hash table entries: 256 (order: 0, 4096 bytes)
[    0.240000] UDP-Lite hash table entries: 256 (order: 0, 4096 bytes)
[    0.240000] NET: Registered protocol family 1
[    0.240000] Trying to unpack rootfs image as initramfs...
[    1.910000] Freeing initrd memory: 1548K
[    1.910000] workingset: timestamp_bits=30 max_order=17 bucket_order=0
[    1.910000] squashfs: version 4.0 (2009/01/31) Phillip Lougher
[    1.910000] jffs2: version 2.2. (SUMMARY)  Â© 2001-2006 Red Hat, Inc.
[    1.910000] Block layer SCSI generic (bsg) driver version 0.4 loaded (major 250)
[    1.910000] io scheduler noop registered
[    1.910000] io scheduler deadline registered
[    1.910000] io scheduler cfq registered (default)
[    2.060000] ipmi-bt-host 1e789140.ibt: Found bt bmc device
[    2.060000] ipmi-bt-host 1e789140.ibt: Using IRQ 22
[    2.060000] Serial: 8250/16550 driver, 6 ports, IRQ sharing enabled
[    2.060000] 1e787000.vuart: ttyS5 at MMIO 0x1e787000 (irq = 22, base_baud = 1500000) is a 16550A
[    2.060000] 1e783000.serial: ttyS0 at MMIO 0x1e783000 (irq = 23, base_baud = 1500000) is a 16550A
[    2.060000] 1e78d000.serial: ttyS1 at MMIO 0x1e78d000 (irq = 24, base_baud = 1500000) is a 16550A
[    2.060000] 1e784000.serial: ttyS4 at MMIO 0x1e784000 (irq = 25, base_baud = 1500000) is a 16550A
[    2.410000] console [ttyS4] enabled
[    2.600000] timeriomem_rng 1e6e2078.hwrng: 32bits from 0xf00e2078 @ 1us
[    2.640000] random: fast init done
[    2.640000] brd: module loaded
[    2.670000] random: crng init done
[    2.680000] loop: module loaded
[    2.680000] aspeed-lpc-ctrl 1e789080.lpc-ctrl: Loaded at 0x98000000 (0x04000000)
[    2.690000] aspeed-smc 1e620000.flash-controller: Using IRQ 18
[    2.690000] aspeed-smc 1e620000.flash-controller: DMA support disabled.
[    2.710000] aspeed-smc 1e620000.flash-controller: mx25l25635e (32768 Kbytes)
[    2.710000] aspeed-smc 1e620000.flash-controller: CE0 window [ 0x20000000 - 0x22000000 ] 32MB
[    2.710000] aspeed-smc 1e620000.flash-controller: CE1 window [ 0x22000000 - 0x2a000000 ] 128MB
[    2.730000] 5 ofpart partitions found on MTD device bmc
[    2.730000] Creating 5 MTD partitions on "bmc":
[    2.730000] 0x000000000000-0x000000060000 : "u-boot"
[    2.730000] 0x000000060000-0x000000080000 : "u-boot-env"
[    2.770000] 0x000000080000-0x0000004c0000 : "kernel"
[    2.770000] 0x0000004c0000-0x000001c00000 : "rofs"
[    2.780000] 0x000001c00000-0x000002000000 : "rwfs"
[    2.800000] aspeed-smc 1e620000.flash-controller: mx25l25635e (32768 Kbytes)
[    2.800000] aspeed-smc 1e620000.flash-controller: CE1 window [ 0x22000000 - 0x24000000 ] 32MB
[    2.810000] aspeed-smc 1e620000.flash-controller: CE2 window [ 0x24000000 - 0x2c000000 ] 128MB
[    2.830000] aspeed-smc 1e630000.flash-controller: mx66l1g45g (131072 Kbytes)
[    2.830000] aspeed-smc 1e630000.flash-controller: CE0 window resized to 120MB (AST2500 HW quirk)
[    2.840000] aspeed-smc 1e630000.flash-controller: CE0 window [ 0x30000000 - 0x37800000 ] 120MB
[    2.850000] aspeed-smc 1e630000.flash-controller: CE0 window too small for chip 128MB
[    2.860000] aspeed-smc 1e630000.flash-controller: CE1 window [ 0x37800000 - 0x38000000 ] 8MB
[    3.570000] libphy: Fixed MDIO Bus: probed
[    3.570000] ftgmac100 1e660000.ethernet: Read MAC address 70:e2:84:14:24:20 from chip
[    3.570000] ftgmac100 1e660000.ethernet: Using NCSI interface
[    3.570000] ftgmac100 1e660000.ethernet eth0: irq 20, mapped at f0060000
[    3.670000] ehci_hcd: USB 2.0 'Enhanced' Host Controller (EHCI) Driver
[    3.670000] ehci-platform: EHCI generic platform driver
[    3.830000] i2c /dev entries driver
[    3.830000] aspeed-i2c-bus 1e78a0c0.i2c-bus: i2c bus 2 registered, irq 26
[    3.830000] aspeed-i2c-bus 1e78a100.i2c-bus: i2c bus 3 registered, irq 27
[    3.830000] aspeed-i2c-bus 1e78a140.i2c-bus: i2c bus 4 registered, irq 28
[    3.830000] aspeed-i2c-bus 1e78a180.i2c-bus: i2c bus 5 registered, irq 29
[    3.830000] aspeed-i2c-bus 1e78a380.i2c-bus: i2c bus 9 registered, irq 30
[    3.830000] aspeed-i2c-bus 1e78a3c0.i2c-bus: i2c bus 10 registered, irq 31
[    3.830000] rtc-rv8803 11-0032: Voltage low, temperature compensation stopped.
[    3.930000] rtc-rv8803 11-0032: rtc core: registered rx8900 as rtc0
[    3.940000] at24 11-0051: 8192 byte 24c64 EEPROM, writable, 1 bytes/write
[    3.940000] aspeed-i2c-bus 1e78a400.i2c-bus: i2c bus 11 registered, irq 32
[    3.940000] aspeed-i2c-bus 1e78a440.i2c-bus: i2c bus 12 registered, irq 33
[    3.940000] aspeed-i2c-bus 1e78a480.i2c-bus: i2c bus 13 registered, irq 34
[    3.940000] Driver for 1-wire Dallas network protocol.
[    3.940000] lm75 9-004a: hwmon0: sensor 'tmp275'
[    5.700000] ucd9000 11-0064: Device ID UCD90160|2.3.4.0000|110603
[    6.410000] leds-pca955x 3-0060: leds-pca955x: Using pca9552 16-bit LED driver at slave address 0x60
[    6.420000] leds-pca955x 3-0060: gpios 238...253
[    6.430000] leds-pca955x 11-0060: leds-pca955x: Using pca9552 16-bit LED driver at slave address 0x60
[    6.440000] leds-pca955x 11-0060: gpios 222...237
[    6.440000] usbcore: registered new interface driver usbhid
[    6.450000] usbhid: USB HID core driver
[    6.500000] NET: Registered protocol family 10
[    6.500000] Segment Routing with IPv6
[    6.510000] NET: Registered protocol family 17
[    6.510000] 8021q: 802.1Q VLAN Support v1.8
[    6.520000] input: gpio-keys-polled as /devices/platform/gpio-keys-polled/input/input1
[    6.550000] console [netcon0] enabled
[    6.560000] netconsole: network logging started
[    6.560000] input: gpio-keys as /devices/platform/gpio-keys/input/input2
[    6.570000] rtc-rv8803 11-0032: setting system clock to 2016-05-28 21:09:25 UTC (1464469765)
[    6.580000] Freeing unused kernel memory: 284K
[    6.580000] This architecture does not have kernel memory protection.
[    7.460000] jffs2: notice: (542) jffs2_build_xattr_subsystem: complete building xattr subsystem, 0 of xdatum (0 unchecked, 0 orphan) and 0 of xref (0 dead, 0 orphan) found.
[    9.620000] systemd[1]: System time before build time, advancing clock.
[    9.620000] systemd[1]: Failed to insert module 'autofs4': No such file or directory
[    9.740000] systemd[1]: systemd 232 running in system mode. (+PAM -AUDIT -SELINUX -IMA -APPARMOR -SMACK +SYSVINIT -UTMP -LIBCRYPTSETUP -GCRYPT -GNUTLS +ACL +XZ -LZ4 -SECCOMP +BLKID -ELFUTILS +KMOD -IDN)
[    9.820000] systemd[1]: Detected architecture arm.
[    9.880000] systemd[1]: Set hostname to <witherspoon>.
[   11.460000] systemd[1]: Listening on udev Kernel Socket.
[   11.620000] systemd[1]: Listening on Syslog Socket.
[   11.650000] systemd[1]: Started Dispatch Password Requests to Console Directory Watch.
[   11.690000] systemd[1]: Reached target Swap.
[   11.720000] systemd[1]: Listening on /dev/initctl Compatibility Named Pipe.
[   11.760000] systemd[1]: Listening on udev Control Socket.
[   11.800000] systemd[1]: Listening on Journal Socket.
[   14.830000] systemd[1]: Created slice system-phosphor\x2dreset\x2dhost\x2drunning.slice.
[   15.070000] systemd[1]: Created slice system-phosphor\x2dcooling\x2dtype.slice.
[   15.320000] systemd[1]: Mounted Debug File System.
[   15.580000] systemd[1]: Mounted Temporary Directory.
[   15.850000] systemd[1]: Started Journal Service.
[   17.680000] systemd-journald[652]: Received request to flush runtime journal from PID 1
[   28.550000] ubi0: default fastmap pool size: 25
[   28.550000] ubi0: default fastmap WL pool size: 12
[   28.590000] ubi0: attaching mtd0
[   28.690000] ubi0: scanning is finished
[   28.690000] ubi0 error: ubi_read_volume_table: the layout volume was not found
[   28.690000] ubi0 error: ubi_attach_mtd_dev: failed to attach mtd0, error -22
[   28.690000] ubi7: default fastmap pool size: 100
[   28.690000] ubi7: default fastmap WL pool size: 50
[   28.690000] ubi7: attaching mtd7
[   29.110000] ubi7: scanning is finished
[   29.110000] ubi7: attached mtd7 (name "pnor", size 128 MiB)
[   29.110000] ubi7: PEB size: 65536 bytes (64 KiB), LEB size: 65408 bytes
[   29.110000] ubi7: min./max. I/O unit sizes: 1/256, sub-page size 1
[   29.110000] ubi7: VID header offset: 64 (aligned 64), data offset: 128
[   29.110000] ubi7: good PEBs: 2048, bad PEBs: 0, corrupted PEBs: 0
[   29.110000] ubi7: user volume: 5, internal volumes: 1, max. volumes count: 128
[   29.110000] ubi7: max/mean erase counter: 15/9, WL threshold: 4096, image sequence number: 545342904
[   29.200000] ubi7: available PEBs: 853, total reserved PEBs: 1195, PEBs reserved for bad PEB handling: 0
[   29.200000] ubi7: background thread "ubi_bgt7d" started, PID 1005
[   41.310000] 8021q: adding VLAN 0 to HW filter on device eth0
[   44.650000] ftgmac100 1e660000.ethernet eth0: ncsi: removed vlan tag 0 at index 1
[   44.650000] ftgmac100 1e660000.ethernet eth0: ncsi: removed vlan tag 0 at index 2
[   44.650000] ftgmac100 1e660000.ethernet eth0: no vlan ids left to set
[   44.650000] ftgmac100 1e660000.ethernet eth0: NCSI interface up
[   45.250000] block ubiblock7_0: created from ubi7:0(pnor-ro-8764baa3)
[   46.690000] UBIFS (ubi7:1): UBIFS: mounted UBI device 7, volume 1, name "pnor-rw-b23e13fc"
[   46.690000] UBIFS (ubi7:1): LEB size: 65408 bytes (63 KiB), min./max. I/O unit sizes: 8 bytes/256 bytes
[   46.690000] UBIFS (ubi7:1): FS size: 16155776 bytes (15 MiB, 247 LEBs), journal size 784896 bytes (0 MiB, 12 LEBs)
[   46.690000] UBIFS (ubi7:1): reserved for root: 763076 bytes (745 KiB)
[   46.690000] UBIFS (ubi7:1): media format: w5/r0 (latest is w5/r0), UUID 6A62DD7E-44FD-4B18-B5F3-49BC36BBFD73, small LPT model
[   46.690000] UBIFS (ubi7:1): background thread "ubifs_bgt7_1" started, PID 1076
[   48.450000] UBIFS (ubi7:2): UBIFS: mounted UBI device 7, volume 2, name "pnor-prsv"
[   48.450000] UBIFS (ubi7:2): LEB size: 65408 bytes (63 KiB), min./max. I/O unit sizes: 8 bytes/256 bytes
[   48.450000] UBIFS (ubi7:2): FS size: 1504384 bytes (1 MiB, 23 LEBs), journal size 523265 bytes (0 MiB, 6 LEBs)
[   48.450000] UBIFS (ubi7:2): reserved for root: 71055 bytes (69 KiB)
[   48.450000] UBIFS (ubi7:2): media format: w5/r0 (latest is w5/r0), UUID 401DF602-AFE0-4DDD-BD33-EF6C2BEA46CD, small LPT model
[   48.450000] UBIFS (ubi7:2): background thread "ubifs_bgt7_2" started, PID 1086
[   50.250000] UBIFS (ubi7:4): UBIFS: mounted UBI device 7, volume 4, name "pnor-rw-8764baa3"
[   50.250000] UBIFS (ubi7:4): LEB size: 65408 bytes (63 KiB), min./max. I/O unit sizes: 8 bytes/256 bytes
[   50.250000] UBIFS (ubi7:4): FS size: 16155776 bytes (15 MiB, 247 LEBs), journal size 784896 bytes (0 MiB, 12 LEBs)
[   50.250000] UBIFS (ubi7:4): reserved for root: 763076 bytes (745 KiB)
[   50.250000] UBIFS (ubi7:4): media format: w5/r0 (latest is w5/r0), UUID 33D77A70-4740-47E1-9A24-9B573495DF09, small LPT model
[   50.250000] UBIFS (ubi7:4): background thread "ubifs_bgt7_4" started, PID 1100
[   88.710000] UBIFS (ubi7:3): background thread "ubifs_bgt7_3" started, PID 1184
[   88.750000] UBIFS (ubi7:3): UBIFS: mounted UBI device 7, volume 3, name "pnor-patch"
[   88.750000] UBIFS (ubi7:3): LEB size: 65408 bytes (63 KiB), min./max. I/O unit sizes: 8 bytes/256 bytes
[   88.750000] UBIFS (ubi7:3): FS size: 16155776 bytes (15 MiB, 247 LEBs), journal size 784896 bytes (0 MiB, 12 LEBs)
[   88.800000] UBIFS (ubi7:3): reserved for root: 763076 bytes (745 KiB)
[   88.800000] UBIFS (ubi7:3): media format: w5/r0 (latest is w5/r0), UUID 83F89C33-EE40-4652-9A67-807FCFE56E4E, small LPT model
[  225.870000] ucd9000 11-0064: Device ID UCD90160|2.3.4.0000|110603
[  228.060000] ucd9000 11-0064: Device ID UCD90160|2.3.4.0000|110603
[  234.790000] occ-hwmon occ1-dev0: failed to get OCC poll response: -19
[  235.700000] occ-hwmon occ2-dev0: failed to get OCC poll response: -19
[  356.530000] ucd9000 11-0064: Device ID UCD90160|2.3.4.0000|110603
[  359.610000] ucd9000 11-0064: Device ID UCD90160|2.3.4.0000|110603
[  367.930000] occ-hwmon occ1-dev0: failed to get OCC poll response: -19
[  368.970000] occ-hwmon occ2-dev0: failed to get OCC poll response: -19
[  482.070000] ucd9000 11-0064: Device ID UCD90160|2.3.4.0000|110603
[  483.960000] ucd9000 11-0064: Device ID UCD90160|2.3.4.0000|110603
[  496.420000] occ-hwmon occ1-dev0: failed to get OCC poll response: -19
[  498.500000] occ-hwmon occ2-dev0: failed to get OCC poll response: -19
