-- Logs begin at Fri 2017-09-15 16:23:54 UTC, end at Fri 2017-09-15 16:37:45 UTC. --
Sep 15 16:23:54 witherspoon kernel: Booting Linux on physical CPU 0x0
Sep 15 16:23:54 witherspoon kernel: Linux version 4.10.17-c4227b43277bbd0992d10d764d4958239786503d (jenkins@openbmc-builder1) (gcc version 6.2.0 (GCC) ) #1 Mon Sep 18 10:04:16 UTC 2017
Sep 15 16:23:54 witherspoon kernel: CPU: ARMv6-compatible processor [410fb767] revision 7 (ARMv7), cr=00c5387d
Sep 15 16:23:54 witherspoon kernel: CPU: PIPT / VIPT nonaliasing data cache, VIPT nonaliasing instruction cache
Sep 15 16:23:54 witherspoon kernel: OF: fdt:Machine model: Witherspoon BMC
Sep 15 16:23:54 witherspoon kernel: Memory policy: Data cache writeback
Sep 15 16:23:54 witherspoon kernel: SOC Rev: 04030303
Sep 15 16:23:54 witherspoon kernel: On node 0 totalpages: 110592
Sep 15 16:23:54 witherspoon kernel: free_area_init_node: node 0, pgdat 806038a4, node_mem_map 9ec1a000
Sep 15 16:23:54 witherspoon kernel:   Normal zone: 992 pages used for memmap
Sep 15 16:23:54 witherspoon kernel:   Normal zone: 0 pages reserved
Sep 15 16:23:54 witherspoon kernel:   Normal zone: 110592 pages, LIFO batch:31
Sep 15 16:23:54 witherspoon kernel: pcpu-alloc: s0 r0 d32768 u32768 alloc=1*32768
Sep 15 16:23:54 witherspoon kernel: pcpu-alloc: [0] 0 
Sep 15 16:23:54 witherspoon kernel: Built 1 zonelists in Zone order, mobility grouping on.  Total pages: 109600
Sep 15 16:23:54 witherspoon kernel: Kernel command line: console=ttyS4,115200n8 root=/dev/ram rw
Sep 15 16:23:54 witherspoon kernel: PID hash table entries: 2048 (order: 1, 8192 bytes)
Sep 15 16:23:54 witherspoon kernel: Dentry cache hash table entries: 65536 (order: 6, 262144 bytes)
Sep 15 16:23:54 witherspoon kernel: Inode-cache hash table entries: 32768 (order: 5, 131072 bytes)
Sep 15 16:23:54 witherspoon kernel: Memory: 430408K/442368K available (4077K kernel code, 281K rwdata, 1196K rodata, 284K init, 111K bss, 11960K reserved, 0K cma-reserved)
Sep 15 16:23:54 witherspoon kernel: Virtual kernel memory layout:
                                        vector  : 0xffff0000 - 0xffff1000   (   4 kB)
                                        fixmap  : 0xffc00000 - 0xfff00000   (3072 kB)
                                        vmalloc : 0x9f800000 - 0xff800000   (1536 MB)
                                        lowmem  : 0x80000000 - 0x9f000000   ( 496 MB)
                                          .text : 0x80008000 - 0x804036e0   (4078 kB)
                                          .init : 0x80589000 - 0x805d0000   ( 284 kB)
                                          .data : 0x805d0000 - 0x806167a8   ( 282 kB)
                                           .bss : 0x806167a8 - 0x80632678   ( 112 kB)
Sep 15 16:23:54 witherspoon kernel: NR_IRQS:16 nr_irqs:16 16
Sep 15 16:23:54 witherspoon kernel: i2c controller registered, irq 16
Sep 15 16:23:54 witherspoon kernel: clocksource: moxart_timer: mask: 0xffffffff max_cycles: 0xffffffff, max_idle_ns: 77222644334 ns
Sep 15 16:23:54 witherspoon kernel: sched_clock: 32 bits at 100 Hz, resolution 10000000ns, wraps every 21474836475000000ns
Sep 15 16:23:54 witherspoon kernel: Calibrating delay loop... 789.70 BogoMIPS (lpj=3948544)
Sep 15 16:23:54 witherspoon kernel: pid_max: default: 32768 minimum: 301
Sep 15 16:23:54 witherspoon kernel: Mount-cache hash table entries: 1024 (order: 0, 4096 bytes)
Sep 15 16:23:54 witherspoon kernel: Mountpoint-cache hash table entries: 1024 (order: 0, 4096 bytes)
Sep 15 16:23:54 witherspoon kernel: CPU: Testing write buffer coherency: ok
Sep 15 16:23:54 witherspoon kernel: ftrace: allocating 14991 entries in 44 pages
Sep 15 16:23:54 witherspoon kernel: Setting up static identity map for 0x80008200 - 0x8000825c
Sep 15 16:23:54 witherspoon kernel: devtmpfs: initialized
Sep 15 16:23:54 witherspoon kernel: clocksource: jiffies: mask: 0xffffffff max_cycles: 0xffffffff, max_idle_ns: 19112604462750000 ns
Sep 15 16:23:54 witherspoon kernel: futex hash table entries: 256 (order: -1, 3072 bytes)
Sep 15 16:23:54 witherspoon kernel: pinctrl core: initialized pinctrl subsystem
Sep 15 16:23:54 witherspoon kernel: NET: Registered protocol family 16
Sep 15 16:23:54 witherspoon kernel: DMA: preallocated 256 KiB pool for atomic coherent allocations
Sep 15 16:23:54 witherspoon kernel: usbcore: registered new interface driver usbfs
Sep 15 16:23:54 witherspoon kernel: usbcore: registered new interface driver hub
Sep 15 16:23:54 witherspoon kernel: usbcore: registered new device driver usb
Sep 15 16:23:54 witherspoon kernel: clocksource: Switched to clocksource moxart_timer
Sep 15 16:23:54 witherspoon kernel: NET: Registered protocol family 2
Sep 15 16:23:54 witherspoon kernel: TCP established hash table entries: 4096 (order: 2, 16384 bytes)
Sep 15 16:23:54 witherspoon kernel: TCP bind hash table entries: 4096 (order: 2, 16384 bytes)
Sep 15 16:23:54 witherspoon kernel: TCP: Hash tables configured (established 4096 bind 4096)
Sep 15 16:23:54 witherspoon kernel: UDP hash table entries: 256 (order: 0, 4096 bytes)
Sep 15 16:23:54 witherspoon kernel: UDP-Lite hash table entries: 256 (order: 0, 4096 bytes)
Sep 15 16:23:54 witherspoon kernel: NET: Registered protocol family 1
Sep 15 16:23:54 witherspoon kernel: Trying to unpack rootfs image as initramfs...
Sep 15 16:23:54 witherspoon kernel: Freeing initrd memory: 1548K
Sep 15 16:23:54 witherspoon kernel: workingset: timestamp_bits=30 max_order=17 bucket_order=0
Sep 15 16:23:54 witherspoon kernel: squashfs: version 4.0 (2009/01/31) Phillip Lougher
Sep 15 16:23:54 witherspoon kernel: jffs2: version 2.2. (SUMMARY)  © 2001-2006 Red Hat, Inc.
Sep 15 16:23:54 witherspoon kernel: Block layer SCSI generic (bsg) driver version 0.4 loaded (major 250)
Sep 15 16:23:54 witherspoon kernel: io scheduler noop registered
Sep 15 16:23:54 witherspoon kernel: io scheduler deadline registered
Sep 15 16:23:54 witherspoon kernel: io scheduler cfq registered (default)
Sep 15 16:23:54 witherspoon kernel: ipmi-bt-host 1e789140.ibt: Found bt bmc device
Sep 15 16:23:54 witherspoon kernel: ipmi-bt-host 1e789140.ibt: Using IRQ 22
Sep 15 16:23:54 witherspoon kernel: Serial: 8250/16550 driver, 6 ports, IRQ sharing enabled
Sep 15 16:23:54 witherspoon kernel: 1e787000.vuart: ttyS5 at MMIO 0x1e787000 (irq = 22, base_baud = 1500000) is a 16550A
Sep 15 16:23:54 witherspoon kernel: 1e783000.serial: ttyS0 at MMIO 0x1e783000 (irq = 23, base_baud = 1500000) is a 16550A
Sep 15 16:23:54 witherspoon kernel: 1e78d000.serial: ttyS1 at MMIO 0x1e78d000 (irq = 24, base_baud = 1500000) is a 16550A
Sep 15 16:23:54 witherspoon kernel: 1e784000.serial: ttyS4 at MMIO 0x1e784000 (irq = 25, base_baud = 1500000) is a 16550A
Sep 15 16:23:54 witherspoon kernel: console [ttyS4] enabled
Sep 15 16:23:54 witherspoon kernel: timeriomem_rng 1e6e2078.hwrng: 32bits from 0xf00e2078 @ 1us
Sep 15 16:23:54 witherspoon kernel: random: fast init done
Sep 15 16:23:54 witherspoon kernel: brd: module loaded
Sep 15 16:23:54 witherspoon kernel: random: crng init done
Sep 15 16:23:54 witherspoon kernel: loop: module loaded
Sep 15 16:23:54 witherspoon kernel: aspeed-lpc-ctrl 1e789080.lpc-ctrl: Loaded at 0x98000000 (0x04000000)
Sep 15 16:23:54 witherspoon kernel: aspeed-smc 1e620000.flash-controller: Using IRQ 18
Sep 15 16:23:54 witherspoon kernel: aspeed-smc 1e620000.flash-controller: DMA support disabled.
Sep 15 16:23:54 witherspoon kernel: aspeed-smc 1e620000.flash-controller: mx25l25635e (32768 Kbytes)
Sep 15 16:23:54 witherspoon kernel: aspeed-smc 1e620000.flash-controller: CE0 window [ 0x20000000 - 0x22000000 ] 32MB
Sep 15 16:23:54 witherspoon kernel: aspeed-smc 1e620000.flash-controller: CE1 window [ 0x22000000 - 0x2a000000 ] 128MB
Sep 15 16:23:54 witherspoon kernel: 5 ofpart partitions found on MTD device bmc
Sep 15 16:23:54 witherspoon kernel: Creating 5 MTD partitions on "bmc":
Sep 15 16:23:54 witherspoon kernel: 0x000000000000-0x000000060000 : "u-boot"
Sep 15 16:23:54 witherspoon kernel: 0x000000060000-0x000000080000 : "u-boot-env"
Sep 15 16:23:54 witherspoon kernel: 0x000000080000-0x0000004c0000 : "kernel"
Sep 15 16:23:54 witherspoon kernel: 0x0000004c0000-0x000001c00000 : "rofs"
Sep 15 16:23:54 witherspoon kernel: 0x000001c00000-0x000002000000 : "rwfs"
Sep 15 16:23:54 witherspoon kernel: aspeed-smc 1e620000.flash-controller: mx25l25635e (32768 Kbytes)
Sep 15 16:23:54 witherspoon kernel: aspeed-smc 1e620000.flash-controller: CE1 window [ 0x22000000 - 0x24000000 ] 32MB
Sep 15 16:23:54 witherspoon kernel: aspeed-smc 1e620000.flash-controller: CE2 window [ 0x24000000 - 0x2c000000 ] 128MB
Sep 15 16:23:54 witherspoon kernel: aspeed-smc 1e630000.flash-controller: mx66l1g45g (131072 Kbytes)
Sep 15 16:23:54 witherspoon kernel: aspeed-smc 1e630000.flash-controller: CE0 window resized to 120MB (AST2500 HW quirk)
Sep 15 16:23:54 witherspoon kernel: aspeed-smc 1e630000.flash-controller: CE0 window [ 0x30000000 - 0x37800000 ] 120MB
Sep 15 16:23:54 witherspoon kernel: aspeed-smc 1e630000.flash-controller: CE0 window too small for chip 128MB
Sep 15 16:23:54 witherspoon kernel: aspeed-smc 1e630000.flash-controller: CE1 window [ 0x37800000 - 0x38000000 ] 8MB
Sep 15 16:23:54 witherspoon kernel: libphy: Fixed MDIO Bus: probed
Sep 15 16:23:54 witherspoon kernel: ftgmac100 1e660000.ethernet: Read MAC address 70:e2:84:14:24:20 from chip
Sep 15 16:23:54 witherspoon kernel: ftgmac100 1e660000.ethernet: Using NCSI interface
Sep 15 16:23:54 witherspoon kernel: ftgmac100 1e660000.ethernet eth0: irq 20, mapped at f0060000
Sep 15 16:23:54 witherspoon kernel: ehci_hcd: USB 2.0 'Enhanced' Host Controller (EHCI) Driver
Sep 15 16:23:54 witherspoon kernel: ehci-platform: EHCI generic platform driver
Sep 15 16:23:54 witherspoon kernel: i2c /dev entries driver
Sep 15 16:23:54 witherspoon kernel: aspeed-i2c-bus 1e78a0c0.i2c-bus: i2c bus 2 registered, irq 26
Sep 15 16:23:54 witherspoon kernel: aspeed-i2c-bus 1e78a100.i2c-bus: i2c bus 3 registered, irq 27
Sep 15 16:23:54 witherspoon kernel: aspeed-i2c-bus 1e78a140.i2c-bus: i2c bus 4 registered, irq 28
Sep 15 16:23:54 witherspoon kernel: aspeed-i2c-bus 1e78a180.i2c-bus: i2c bus 5 registered, irq 29
Sep 15 16:23:54 witherspoon kernel: aspeed-i2c-bus 1e78a380.i2c-bus: i2c bus 9 registered, irq 30
Sep 15 16:23:54 witherspoon kernel: aspeed-i2c-bus 1e78a3c0.i2c-bus: i2c bus 10 registered, irq 31
Sep 15 16:23:54 witherspoon kernel: rtc-rv8803 11-0032: Voltage low, temperature compensation stopped.
Sep 15 16:23:54 witherspoon kernel: rtc-rv8803 11-0032: rtc core: registered rx8900 as rtc0
Sep 15 16:23:54 witherspoon kernel: at24 11-0051: 8192 byte 24c64 EEPROM, writable, 1 bytes/write
Sep 15 16:23:54 witherspoon kernel: aspeed-i2c-bus 1e78a400.i2c-bus: i2c bus 11 registered, irq 32
Sep 15 16:23:54 witherspoon kernel: aspeed-i2c-bus 1e78a440.i2c-bus: i2c bus 12 registered, irq 33
Sep 15 16:23:54 witherspoon kernel: aspeed-i2c-bus 1e78a480.i2c-bus: i2c bus 13 registered, irq 34
Sep 15 16:23:54 witherspoon kernel: Driver for 1-wire Dallas network protocol.
Sep 15 16:23:54 witherspoon kernel: lm75 9-004a: hwmon0: sensor 'tmp275'
Sep 15 16:23:54 witherspoon kernel: ucd9000 11-0064: Device ID UCD90160|2.3.4.0000|110603
Sep 15 16:23:54 witherspoon kernel: leds-pca955x 3-0060: leds-pca955x: Using pca9552 16-bit LED driver at slave address 0x60
Sep 15 16:23:54 witherspoon kernel: leds-pca955x 3-0060: gpios 238...253
Sep 15 16:23:54 witherspoon kernel: leds-pca955x 11-0060: leds-pca955x: Using pca9552 16-bit LED driver at slave address 0x60
Sep 15 16:23:54 witherspoon kernel: leds-pca955x 11-0060: gpios 222...237
Sep 15 16:23:54 witherspoon kernel: usbcore: registered new interface driver usbhid
Sep 15 16:23:54 witherspoon kernel: usbhid: USB HID core driver
Sep 15 16:23:54 witherspoon kernel: NET: Registered protocol family 10
Sep 15 16:23:54 witherspoon kernel: Segment Routing with IPv6
Sep 15 16:23:54 witherspoon kernel: NET: Registered protocol family 17
Sep 15 16:23:54 witherspoon kernel: 8021q: 802.1Q VLAN Support v1.8
Sep 15 16:23:54 witherspoon kernel: input: gpio-keys-polled as /devices/platform/gpio-keys-polled/input/input1
Sep 15 16:23:54 witherspoon kernel: console [netcon0] enabled
Sep 15 16:23:54 witherspoon kernel: netconsole: network logging started
Sep 15 16:23:54 witherspoon kernel: input: gpio-keys as /devices/platform/gpio-keys/input/input2
Sep 15 16:23:54 witherspoon kernel: rtc-rv8803 11-0032: setting system clock to 2016-05-28 21:09:25 UTC (1464469765)
Sep 15 16:23:54 witherspoon kernel: Freeing unused kernel memory: 284K
Sep 15 16:23:54 witherspoon kernel: This architecture does not have kernel memory protection.
Sep 15 16:23:54 witherspoon kernel: jffs2: notice: (542) jffs2_build_xattr_subsystem: complete building xattr subsystem, 0 of xdatum (0 unchecked, 0 orphan) and 0 of xref (0 dead, 0 orphan) found.
Sep 15 16:23:54 witherspoon systemd[1]: System time before build time, advancing clock.
Sep 15 16:23:54 witherspoon systemd[1]: Failed to insert module 'autofs4': No such file or directory
Sep 15 16:23:54 witherspoon systemd[1]: systemd 232 running in system mode. (+PAM -AUDIT -SELINUX -IMA -APPARMOR -SMACK +SYSVINIT -UTMP -LIBCRYPTSETUP -GCRYPT -GNUTLS +ACL +XZ -LZ4 -SECCOMP +BLKID -ELFUTILS +KMOD -IDN)
Sep 15 16:23:54 witherspoon systemd[1]: Detected architecture arm.
Sep 15 16:23:54 witherspoon systemd[1]: Set hostname to <witherspoon>.
Sep 15 16:23:54 witherspoon systemd[1]: Listening on udev Kernel Socket.
Sep 15 16:23:54 witherspoon systemd[1]: Listening on Syslog Socket.
Sep 15 16:23:54 witherspoon systemd[1]: Started Dispatch Password Requests to Console Directory Watch.
Sep 15 16:23:54 witherspoon systemd[1]: Reached target Swap.
Sep 15 16:23:54 witherspoon systemd[1]: Listening on /dev/initctl Compatibility Named Pipe.
Sep 15 16:23:54 witherspoon systemd[1]: Listening on udev Control Socket.
Sep 15 16:23:54 witherspoon systemd[1]: Listening on Journal Socket.
Sep 15 16:23:54 witherspoon systemd-journald[652]: Journal started
Sep 15 16:23:54 witherspoon systemd-journald[652]: Runtime journal (/run/log/journal/98da6a547f8141998b98e23f5894fd04) is 0B, max 0B, 0B free.
Sep 15 16:23:55 witherspoon systemd-sysctl[670]: Couldn't write '16' to 'kernel/sysrq', ignoring: No such file or directory
Sep 15 16:23:55 witherspoon systemd-sysctl[670]: Couldn't write 'fq_codel' to 'net/core/default_qdisc', ignoring: No such file or directory
Sep 15 16:23:56 witherspoon systemd[1]: Created slice system-phosphor\x2dreset\x2dhost\x2drunning.slice.
Sep 15 16:23:56 witherspoon systemd[1]: Created slice system-phosphor\x2dcooling\x2dtype.slice.
Sep 15 16:23:56 witherspoon systemd[1]: Mounted Debug File System.
Sep 15 16:23:57 witherspoon systemd[1]: Mounted Temporary Directory.
Sep 15 16:23:57 witherspoon systemd[1]: Started Journal Service.
Sep 15 16:23:57 witherspoon systemd[1]: Started Apply Kernel Variables.
Sep 15 16:23:57 witherspoon systemd[1]: Started Remount Root and Kernel File Systems.
Sep 15 16:23:57 witherspoon systemd[1]: Starting Create System Users...
Sep 15 16:23:57 witherspoon systemd[1]: Starting Flush Journal to Persistent Storage...
Sep 15 16:23:58 witherspoon systemd[1]: Started udev Coldplug all Devices.
Sep 15 16:23:58 witherspoon systemd[1]: Started Create System Users.
Sep 15 16:23:58 witherspoon systemd[1]: Starting Create Static Device Nodes in /dev...
Sep 15 16:23:59 witherspoon systemd-journald[652]: Runtime journal (/run/log/journal/98da6a547f8141998b98e23f5894fd04) is 0B, max 0B, 0B free.
Sep 15 16:23:59 witherspoon systemd[1]: Started Flush Journal to Persistent Storage.
Sep 15 16:23:59 witherspoon systemd[1]: Started Create Static Device Nodes in /dev.
Sep 15 16:23:59 witherspoon systemd[1]: Starting udev Kernel Device Manager...
Sep 15 16:23:59 witherspoon systemd[1]: Reached target Local File Systems (Pre).
Sep 15 16:23:59 witherspoon systemd[1]: Mounting /var/volatile...
Sep 15 16:23:59 witherspoon systemd[1]: Mounting /usr/local...
Sep 15 16:23:59 witherspoon systemd[1]: Mounted /usr/local.
Sep 15 16:24:00 witherspoon systemd[1]: Mounted /var/volatile.
Sep 15 16:24:00 witherspoon systemd[1]: Starting Load/Save Random Seed...
Sep 15 16:24:00 witherspoon systemd[1]: Reached target Local File Systems.
Sep 15 16:24:00 witherspoon systemd[1]: Starting Create Volatile Files and Directories...
Sep 15 16:24:00 witherspoon systemd[1]: Starting Rebuild Journal Catalog...
Sep 15 16:24:00 witherspoon systemd[1]: Started Rebuild Journal Catalog.
Sep 15 16:24:00 witherspoon systemd[1]: Starting Update is Completed...
Sep 15 16:24:00 witherspoon systemd[1]: Started Update is Completed.
Sep 15 16:24:00 witherspoon systemd[1]: Started udev Kernel Device Manager.
Sep 15 16:24:00 witherspoon systemd[1]: Started Load/Save Random Seed.
Sep 15 16:24:01 witherspoon systemd[1]: Found device /dev/aspeed-lpc-ctrl.
Sep 15 16:24:01 witherspoon systemd[1]: Found device /dev/aspeed-mbox.
Sep 15 16:24:01 witherspoon systemd[1]: dev-hugepages.mount: Couldn't determine result for ConditionVirtualization=!private-users, assuming failed: No such file or directory
Sep 15 16:24:01 witherspoon systemd[1]: Created slice system-xyz.openbmc_project.Hwmon.slice.
Sep 15 16:24:02 witherspoon systemd[1]: Found device /dev/ttyS4.
Sep 15 16:24:02 witherspoon systemd[1]: Found device /dev/ttyVUART0.
Sep 15 16:24:02 witherspoon systemd[1]: dev-hugepages.mount: Couldn't determine result for ConditionVirtualization=!private-users, assuming failed: No such file or directory
Sep 15 16:24:02 witherspoon systemd[1]: dev-hugepages.mount: Couldn't determine result for ConditionVirtualization=!private-users, assuming failed: No such file or directory
Sep 15 16:24:02 witherspoon systemd[1]: dev-hugepages.mount: Couldn't determine result for ConditionVirtualization=!private-users, assuming failed: No such file or directory
Sep 15 16:24:02 witherspoon systemd[1]: dev-hugepages.mount: Couldn't determine result for ConditionVirtualization=!private-users, assuming failed: No such file or directory
Sep 15 16:24:02 witherspoon systemd[1]: dev-hugepages.mount: Couldn't determine result for ConditionVirtualization=!private-users, assuming failed: No such file or directory
Sep 15 16:24:02 witherspoon systemd[1]: Created slice system-xyz.openbmc_project.led.controller.slice.
Sep 15 16:24:03 witherspoon systemd-tmpfiles[928]: "/var/tmp" already exists and is not a directory.
Sep 15 16:24:03 witherspoon systemd-tmpfiles[928]: "/var/log" already exists and is not a directory.
Sep 15 16:24:03 witherspoon systemd[1]: Started Create Volatile Files and Directories.
Sep 15 16:24:04 witherspoon systemd[1]: Starting Network Time Synchronization...
Sep 15 16:24:04 witherspoon systemd[1]: dev-hugepages.mount: Couldn't determine result for ConditionVirtualization=!private-users, assuming failed: No such file or directory
Sep 15 16:24:04 witherspoon systemd[1]: Started Network Time Synchronization.
Sep 15 16:24:04 witherspoon systemd[1]: Reached target System Initialization.
Sep 15 16:24:04 witherspoon systemd[1]: Listening on D-Bus System Message Bus Socket.
Sep 15 16:24:05 witherspoon systemd[1]: Started Daily Cleanup of Temporary Directories.
Sep 15 16:24:05 witherspoon systemd[1]: Reached target Timers.
Sep 15 16:24:05 witherspoon systemd[1]: Listening on Phosphor Host Console SSH Per-Connection socket.
Sep 15 16:24:05 witherspoon systemd[1]: Listening on Phosphor DBUS Browser socket.
Sep 15 16:24:05 witherspoon systemd[1]: Listening on dropbear.socket.
Sep 15 16:24:05 witherspoon systemd[1]: Listening on phosphor-ipmi-net.socket.
Sep 15 16:24:05 witherspoon systemd[1]: Listening on Phosphor Webserver socket.
Sep 15 16:24:06 witherspoon systemd[1]: Listening on Avahi mDNS/DNS-SD Stack Activation Socket.
Sep 15 16:24:06 witherspoon systemd[1]: Reached target Sockets.
Sep 15 16:24:06 witherspoon systemd[1]: Reached target Basic System.
Sep 15 16:24:06 witherspoon systemd[1]: Starting Remount the ubi volume after a reboot...
Sep 15 16:24:06 witherspoon systemd[1]: Started System Logging Service.
Sep 15 16:24:06 witherspoon systemd[1]: Starting Phosphor Sensor Manager...
Sep 15 16:24:06 witherspoon systemd[1]: Reached target Containers.
Sep 15 16:24:06 witherspoon systemd[1]: Starting Phosphor Inventory Manager...
Sep 15 16:24:06 witherspoon systemd[1]: Starting Phosphor Log Manager...
Sep 15 16:24:06 witherspoon systemd[1]: Starting Remount the squashfs and ubi volumes after a reboot...
Sep 15 16:24:07 witherspoon systemd[1]: Started Hardware RNG Entropy Gatherer Daemon.
Sep 15 16:24:07 witherspoon systemd[1]: Starting Clear one time boot overrides...
Sep 15 16:24:07 witherspoon systemd[1]: Started Phosphor sysfs LED controller.
Sep 15 16:24:07 witherspoon systemd[1]: Started Phosphor sysfs LED controller.
Sep 15 16:24:07 witherspoon systemd[1]: Starting Phosphor Settings Daemon...
Sep 15 16:24:07 witherspoon systemd[1]: Starting Phosphor LED Group Management Daemon...
Sep 15 16:24:07 witherspoon systemd[1]: Started Phosphor sysfs LED controller.
Sep 15 16:24:07 witherspoon systemd[1]: Starting Phosphor User Manager...
Sep 15 16:24:07 witherspoon systemd[1]: Starting Phosphor IPMI BT DBus Bridge...
Sep 15 16:24:07 witherspoon systemd[1]: Starting Phosphor Download Manager...
Sep 15 16:24:07 witherspoon systemd[1]: Starting Phosphor Download Manager...
Sep 15 16:24:07 witherspoon systemd[1]: Started Phosphor sysfs LED controller.
Sep 15 16:24:07 witherspoon systemd[1]: Started Kernel Logging Service.
Sep 15 16:24:07 witherspoon systemd[1]: Starting Phosphor Chassis0 Control...
Sep 15 16:24:08 witherspoon kernel[974]: klogd started: BusyBox v1.24.1 (2017-06-16 19:29:08 UTC)
Sep 15 16:24:08 witherspoon kernel[974]: [    0.000000] Booting Linux on physical CPU 0x0
Sep 15 16:24:08 witherspoon kernel[974]: [    0.000000] Linux version 4.10.17-c4227b43277bbd0992d10d764d4958239786503d (jenkins@openbmc-builder1) (gcc version 6.2.0 (GCC) ) #1 Mon Sep 18 10:04:16 UTC 2017
Sep 15 16:24:08 witherspoon kernel[974]: [    0.000000] CPU: ARMv6-compatible processor [410fb767] revision 7 (ARMv7), cr=00c5387d
Sep 15 16:24:08 witherspoon kernel[974]: [    0.000000] CPU: PIPT / VIPT nonaliasing data cache, VIPT nonaliasing instruction cache
Sep 15 16:24:08 witherspoon kernel[974]: [    0.000000] OF: fdt:Machine model: Witherspoon BMC
Sep 15 16:24:08 witherspoon kernel[974]: [    0.000000] Memory policy: Data cache writeback
Sep 15 16:24:08 witherspoon kernel[974]: [    0.000000] SOC Rev: 04030303
Sep 15 16:24:08 witherspoon kernel[974]: [    0.000000] On node 0 totalpages: 110592
Sep 15 16:24:08 witherspoon kernel[974]: [    0.000000] free_area_init_node: node 0, pgdat 806038a4, node_mem_map 9ec1a000
Sep 15 16:24:08 witherspoon kernel[974]: [    0.000000]   Normal zone: 992 pages used for memmap
Sep 15 16:24:08 witherspoon kernel[974]: [    0.000000]   Normal zone: 0 pages reserved
Sep 15 16:24:08 witherspoon kernel[974]: [    0.000000]   Normal zone: 110592 pages, LIFO batch:31
Sep 15 16:24:08 witherspoon kernel[974]: [    0.000000] pcpu-alloc: s0 r0 d32768 u32768 alloc=1*32768
Sep 15 16:24:08 witherspoon kernel[974]: [    0.000000] pcpu-alloc: [0] 0
Sep 15 16:24:08 witherspoon kernel[974]: [    0.000000] Built 1 zonelists in Zone order, mobility grouping on.  Total pages: 109600
Sep 15 16:24:08 witherspoon systemd[1]: Started Phosphor sysfs LED controller.
Sep 15 16:24:08 witherspoon kernel[974]: [    0.000000] Kernel command line: console=ttyS4,115200n8 root=/dev/ram rw
Sep 15 16:24:08 witherspoon systemd[1]: Started D-Bus System Message Bus.
Sep 15 16:24:10 witherspoon kernel: ubi0: default fastmap pool size: 25
Sep 15 16:24:10 witherspoon kernel: ubi0: default fastmap WL pool size: 12
Sep 15 16:24:10 witherspoon kernel: ubi0: attaching mtd0
Sep 15 16:24:10 witherspoon kernel: ubi0: scanning is finished
Sep 15 16:24:10 witherspoon kernel: ubi0 error: ubi_read_volume_table: the layout volume was not found
Sep 15 16:24:10 witherspoon kernel: ubi0 error: ubi_attach_mtd_dev: failed to attach mtd0, error -22
Sep 15 16:24:10 witherspoon kernel: ubi7: default fastmap pool size: 100
Sep 15 16:24:10 witherspoon kernel: ubi7: default fastmap WL pool size: 50
Sep 15 16:24:10 witherspoon kernel: ubi7: attaching mtd7
Sep 15 16:24:08 witherspoon kernel[974]: [    0.000000] PID hash table entries: 2048 (order: 1, 8192 bytes)
Sep 15 16:24:10 witherspoon obmc-flash-bmc[956]: ubinfo: error!: cannot get information about UBI device 0
Sep 15 16:24:10 witherspoon obmc-flash-bmc[956]:         error 2 (No such file or directory)
Sep 15 16:24:08 witherspoon kernel[974]: [    0.000000] Dentry cache hash table entries: 65536 (order: 6, 262144 bytes)
Sep 15 16:24:08 witherspoon kernel[974]: [    0.000000] Inode-cache hash table entries: 32768 (order: 5, 131072 bytes)
Sep 15 16:24:08 witherspoon kernel[974]: [    0.000000] Memory: 430408K/442368K available (4077K kernel code, 281K rwdata, 1196K rodata, 284K init, 111K bss, 11960K reserved, 0K cma-reserved)
Sep 15 16:24:08 witherspoon kernel[974]: [    0.000000] Virtual kernel memory layout:
Sep 15 16:24:08 witherspoon kernel[974]: [    0.000000]     vector  : 0xffff0000 - 0xffff1000   (   4 kB)
Sep 15 16:24:08 witherspoon kernel[974]: [    0.000000]     fixmap  : 0xffc00000 - 0xfff00000   (3072 kB)
Sep 15 16:24:08 witherspoon kernel[974]: [    0.000000]     vmalloc : 0x9f800000 - 0xff800000   (1536 MB)
Sep 15 16:24:08 witherspoon kernel[974]: [    0.000000]     lowmem  : 0x80000000 - 0x9f000000   ( 496 MB)
Sep 15 16:24:08 witherspoon kernel[974]: [    0.000000]       .text : 0x80008000 - 0x804036e0   (4078 kB)
Sep 15 16:24:08 witherspoon kernel[974]: [    0.000000]       .init : 0x80589000 - 0x805d0000   ( 284 kB)
Sep 15 16:24:08 witherspoon kernel[974]: [    0.000000]       .data : 0x805d0000 - 0x806167a8   ( 282 kB)
Sep 15 16:24:08 witherspoon kernel[974]: [    0.000000]        .bss : 0x806167a8 - 0x80632678   ( 112 kB)
Sep 15 16:24:08 witherspoon kernel[974]: [    0.000000] NR_IRQS:16 nr_irqs:16 16
Sep 15 16:24:08 witherspoon kernel[974]: [    0.000000] i2c controller registered, irq 16
Sep 15 16:24:11 witherspoon kernel: ubi7: scanning is finished
Sep 15 16:24:11 witherspoon kernel: ubi7: attached mtd7 (name "pnor", size 128 MiB)
Sep 15 16:24:11 witherspoon kernel: ubi7: PEB size: 65536 bytes (64 KiB), LEB size: 65408 bytes
Sep 15 16:24:11 witherspoon kernel: ubi7: min./max. I/O unit sizes: 1/256, sub-page size 1
Sep 15 16:24:11 witherspoon kernel: ubi7: VID header offset: 64 (aligned 64), data offset: 128
Sep 15 16:24:11 witherspoon kernel: ubi7: good PEBs: 2048, bad PEBs: 0, corrupted PEBs: 0
Sep 15 16:24:11 witherspoon kernel: ubi7: user volume: 5, internal volumes: 1, max. volumes count: 128
Sep 15 16:24:11 witherspoon kernel: ubi7: max/mean erase counter: 15/9, WL threshold: 4096, image sequence number: 545342904
Sep 15 16:24:11 witherspoon kernel: ubi7: available PEBs: 853, total reserved PEBs: 1195, PEBs reserved for bad PEB handling: 0
Sep 15 16:24:11 witherspoon kernel: ubi7: background thread "ubi_bgt7d" started, PID 1005
Sep 15 16:24:08 witherspoon kernel[974]: [    0.000000] clocksource: moxart_timer: mask: 0xffffffff max_cycles: 0xffffffff, max_idle_ns: 77222644334 ns
Sep 15 16:24:08 witherspoon kernel[974]: [    0.000000] sched_clock: 32 bits at 100 Hz, resolution 10000000ns, wraps every 21474836475000000ns
Sep 15 16:24:08 witherspoon kernel[974]: [    0.090000] Calibrating delay loop... 789.70 BogoMIPS (lpj=3948544)
Sep 15 16:24:08 witherspoon kernel[974]: [    0.090000] pid_max: default: 32768 minimum: 301
Sep 15 16:24:08 witherspoon kernel[974]: [    0.090000] Mount-cache hash table entries: 1024 (order: 0, 4096 bytes)
Sep 15 16:24:08 witherspoon kernel[974]: [    0.090000] Mountpoint-cache hash table entries: 1024 (order: 0, 4096 bytes)
Sep 15 16:24:08 witherspoon kernel[974]: [    0.090000] CPU: Testing write buffer coherency: ok
Sep 15 16:24:08 witherspoon kernel[974]: [    0.090000] ftrace: allocating 14991 entries in 44 pages
Sep 15 16:24:08 witherspoon kernel[974]: [    0.120000] Setting up static identity map for 0x80008200 - 0x8000825c
Sep 15 16:24:08 witherspoon kernel[974]: [    0.130000] devtmpfs: initialized
Sep 15 16:24:08 witherspoon kernel[974]: [    0.140000] clocksource: jiffies: mask: 0xffffffff max_cycles: 0xffffffff, max_idle_ns: 19112604462750000 ns
Sep 15 16:24:08 witherspoon kernel[974]: [    0.140000] futex hash table entries: 256 (order: -1, 3072 bytes)
Sep 15 16:24:08 witherspoon kernel[974]: [    0.140000] pinctrl core: initialized pinctrl subsystem
Sep 15 16:24:08 witherspoon kernel[974]: [    0.140000] NET: Registered protocol family 16
Sep 15 16:24:08 witherspoon kernel[974]: [    0.140000] DMA: preallocated 256 KiB pool for atomic coherent allocations
Sep 15 16:24:08 witherspoon kernel[974]: [    0.210000] usbcore: registered new interface driver usbfs
Sep 15 16:24:08 witherspoon kernel[974]: [    0.210000] usbcore: registered new interface driver hub
Sep 15 16:24:08 witherspoon kernel[974]: [    0.210000] usbcore: registered new device driver usb
Sep 15 16:24:08 witherspoon kernel[974]: [    0.220000] clocksource: Switched to clocksource moxart_timer
Sep 15 16:24:08 witherspoon kernel[974]: [    0.240000] NET: Registered protocol family 2
Sep 15 16:24:08 witherspoon kernel[974]: [    0.240000] TCP established hash table entries: 4096 (order: 2, 16384 bytes)
Sep 15 16:24:08 witherspoon kernel[974]: [    0.240000] TCP bind hash table entries: 4096 (order: 2, 16384 bytes)
Sep 15 16:24:08 witherspoon kernel[974]: [    0.240000] TCP: Hash tables configured (established 4096 bind 4096)
Sep 15 16:24:08 witherspoon kernel[974]: [    0.240000] UDP hash table entries: 256 (order: 0, 4096 bytes)
Sep 15 16:24:08 witherspoon kernel[974]: [    0.240000] UDP-Lite hash table entries: 256 (order: 0, 4096 bytes)
Sep 15 16:24:08 witherspoon kernel[974]: [    0.240000] NET: Registered protocol family 1
Sep 15 16:24:08 witherspoon kernel[974]: [    0.240000] Trying to unpack rootfs image as initramfs...
Sep 15 16:24:08 witherspoon kernel[974]: [    1.910000] Freeing initrd memory: 1548K
Sep 15 16:24:08 witherspoon kernel[974]: [    1.910000] workingset: timestamp_bits=30 max_order=17 bucket_order=0
Sep 15 16:24:08 witherspoon kernel[974]: [    1.910000] squashfs: version 4.0 (2009/01/31) Phillip Lougher
Sep 15 16:24:08 witherspoon kernel[974]: [    1.910000] jffs2: version 2.2. (SUMMARY)  © 2001-2006 Red Hat, Inc.
Sep 15 16:24:08 witherspoon kernel[974]: [    1.910000] Block layer SCSI generic (bsg) driver version 0.4 loaded (major 250)
Sep 15 16:24:08 witherspoon kernel[974]: [    1.910000] io scheduler noop registered
Sep 15 16:24:08 witherspoon kernel[974]: [    1.910000] io scheduler deadline registered
Sep 15 16:24:08 witherspoon kernel[974]: [    1.910000] io scheduler cfq registered (default)
Sep 15 16:24:08 witherspoon kernel[974]: [    2.060000] ipmi-bt-host 1e789140.ibt: Found bt bmc device
Sep 15 16:24:08 witherspoon kernel[974]: [    2.060000] ipmi-bt-host 1e789140.ibt: Using IRQ 22
Sep 15 16:24:08 witherspoon kernel[974]: [    2.060000] Serial: 8250/16550 driver, 6 ports, IRQ sharing enabled
Sep 15 16:24:08 witherspoon kernel[974]: [    2.060000] 1e787000.vuart: ttyS5 at MMIO 0x1e787000 (irq = 22, base_baud = 1500000) is a 16550A
Sep 15 16:24:08 witherspoon kernel[974]: [    2.060000] 1e783000.serial: ttyS0 at MMIO 0x1e783000 (irq = 23, base_baud = 1500000) is a 16550A
Sep 15 16:24:08 witherspoon kernel[974]: [    2.060000] 1e78d000.serial: ttyS1 at MMIO 0x1e78d000 (irq = 24, base_baud = 1500000) is a 16550A
Sep 15 16:24:08 witherspoon kernel[974]: [    2.060000] 1e784000.serial: ttyS4 at MMIO 0x1e784000 (irq = 25, base_baud = 1500000) is a 16550A
Sep 15 16:24:08 witherspoon kernel[974]: [    2.410000] console [ttyS4] enabled
Sep 15 16:24:08 witherspoon kernel[974]: [    2.600000] timeriomem_rng 1e6e2078.hwrng: 32bits from 0xf00e2078 @ 1us
Sep 15 16:24:08 witherspoon kernel[974]: [    2.640000] random: fast init done
Sep 15 16:24:08 witherspoon kernel[974]: [    2.640000] brd: module loaded
Sep 15 16:24:08 witherspoon kernel[974]: [    2.670000] random: crng init done
Sep 15 16:24:08 witherspoon kernel[974]: [    2.680000] loop: module loaded
Sep 15 16:24:08 witherspoon kernel[974]: [    2.680000] aspeed-lpc-ctrl 1e789080.lpc-ctrl: Loaded at 0x98000000 (0x04000000)
Sep 15 16:24:08 witherspoon kernel[974]: [    2.690000] aspeed-smc 1e620000.flash-controller: Using IRQ 18
Sep 15 16:24:08 witherspoon kernel[974]: [    2.690000] aspeed-smc 1e620000.flash-controller: DMA support disabled.
Sep 15 16:24:12 witherspoon obmc-flash-bios[961]: UBI device number 7, total 2048 LEBs (133955584 bytes, 127.8 MiB), available 853 LEBs (55793024 bytes, 53.2 MiB), LEB size 65408 bytes (63.9 KiB)
Sep 15 16:24:08 witherspoon kernel[974]: [    2.710000] aspeed-smc 1e620000.flash-controller: mx25l25635e (32768 Kbytes)
Sep 15 16:24:08 witherspoon kernel[974]: [    2.710000] aspeed-smc 1e620000.flash-controller: CE0 window [ 0x20000000 - 0x22000000 ] 32MB
Sep 15 16:24:08 witherspoon kernel[974]: [    2.710000] aspeed-smc 1e620000.flash-controller: CE1 window [ 0x22000000 - 0x2a000000 ] 128MB
Sep 15 16:24:08 witherspoon kernel[974]: [    2.730000] 5 ofpart partitions found on MTD device bmc
Sep 15 16:24:08 witherspoon kernel[974]: [    2.730000] Creating 5 MTD partitions on "bmc":
Sep 15 16:24:08 witherspoon kernel[974]: [    2.730000] 0x000000000000-0x000000060000 : "u-boot"
Sep 15 16:24:08 witherspoon kernel[974]: [    2.730000] 0x000000060000-0x000000080000 : "u-boot-env"
Sep 15 16:24:08 witherspoon kernel[974]: [    2.770000] 0x000000080000-0x0000004c0000 : "kernel"
Sep 15 16:24:08 witherspoon kernel[974]: [    2.770000] 0x0000004c0000-0x000001c00000 : "rofs"
Sep 15 16:24:08 witherspoon kernel[974]: [    2.780000] 0x000001c00000-0x000002000000 : "rwfs"
Sep 15 16:24:08 witherspoon kernel[974]: [    2.800000] aspeed-smc 1e620000.flash-controller: mx25l25635e (32768 Kbytes)
Sep 15 16:24:08 witherspoon kernel[974]: [    2.800000] aspeed-smc 1e620000.flash-controller: CE1 window [ 0x22000000 - 0x24000000 ] 32MB
Sep 15 16:24:08 witherspoon kernel[974]: [    2.810000] aspeed-smc 1e620000.flash-controller: CE2 window [ 0x24000000 - 0x2c000000 ] 128MB
Sep 15 16:24:08 witherspoon kernel[974]: [    2.830000] aspeed-smc 1e630000.flash-controller: mx66l1g45g (131072 Kbytes)
Sep 15 16:24:08 witherspoon kernel[974]: [    2.830000] aspeed-smc 1e630000.flash-controller: CE0 window resized to 120MB (AST2500 HW quirk)
Sep 15 16:24:08 witherspoon kernel[974]: [    2.840000] aspeed-smc 1e630000.flash-controller: CE0 window [ 0x30000000 - 0x37800000 ] 120MB
Sep 15 16:24:08 witherspoon kernel[974]: [    2.850000] aspeed-smc 1e630000.flash-controller: CE0 window too small for chip 128MB
Sep 15 16:24:08 witherspoon kernel[974]: [    2.860000] aspeed-smc 1e630000.flash-controller: CE1 window [ 0x37800000 - 0x38000000 ] 8MB
Sep 15 16:24:08 witherspoon kernel[974]: [    3.570000] libphy: Fixed MDIO Bus: probed
Sep 15 16:24:08 witherspoon kernel[974]: [    3.570000] ftgmac100 1e660000.ethernet: Read MAC address 70:e2:84:14:24:20 from chip
Sep 15 16:24:08 witherspoon kernel[974]: [    3.570000] ftgmac100 1e660000.ethernet: Using NCSI interface
Sep 15 16:24:08 witherspoon kernel[974]: [    3.570000] ftgmac100 1e660000.ethernet eth0: irq 20, mapped at f0060000
Sep 15 16:24:08 witherspoon kernel[974]: [    3.670000] ehci_hcd: USB 2.0 'Enhanced' Host Controller (EHCI) Driver
Sep 15 16:24:08 witherspoon kernel[974]: [    3.670000] ehci-platform: EHCI generic platform driver
Sep 15 16:24:08 witherspoon kernel[974]: [    3.830000] i2c /dev entries driver
Sep 15 16:24:08 witherspoon kernel[974]: [    3.830000] aspeed-i2c-bus 1e78a0c0.i2c-bus: i2c bus 2 registered, irq 26
Sep 15 16:24:08 witherspoon kernel[974]: [    3.830000] aspeed-i2c-bus 1e78a100.i2c-bus: i2c bus 3 registered, irq 27
Sep 15 16:24:08 witherspoon kernel[974]: [    3.830000] aspeed-i2c-bus 1e78a140.i2c-bus: i2c bus 4 registered, irq 28
Sep 15 16:24:08 witherspoon kernel[974]: [    3.830000] aspeed-i2c-bus 1e78a180.i2c-bus: i2c bus 5 registered, irq 29
Sep 15 16:24:08 witherspoon kernel[974]: [    3.830000] aspeed-i2c-bus 1e78a380.i2c-bus: i2c bus 9 registered, irq 30
Sep 15 16:24:08 witherspoon kernel[974]: [    3.830000] aspeed-i2c-bus 1e78a3c0.i2c-bus: i2c bus 10 registered, irq 31
Sep 15 16:24:08 witherspoon kernel[974]: [    3.830000] rtc-rv8803 11-0032: Voltage low, temperature compensation stopped.
Sep 15 16:24:08 witherspoon kernel[974]: [    3.930000] rtc-rv8803 11-0032: rtc core: registered rx8900 as rtc0
Sep 15 16:24:08 witherspoon kernel[974]: [    3.940000] at24 11-0051: 8192 byte 24c64 EEPROM, writable, 1 bytes/write
Sep 15 16:24:08 witherspoon kernel[974]: [    3.940000] aspeed-i2c-bus 1e78a400.i2c-bus: i2c bus 11 registered, irq 32
Sep 15 16:24:08 witherspoon kernel[974]: [    3.940000] aspeed-i2c-bus 1e78a440.i2c-bus: i2c bus 12 registered, irq 33
Sep 15 16:24:08 witherspoon kernel[974]: [    3.940000] aspeed-i2c-bus 1e78a480.i2c-bus: i2c bus 13 registered, irq 34
Sep 15 16:24:08 witherspoon kernel[974]: [    3.940000] Driver for 1-wire Dallas network protocol.
Sep 15 16:24:08 witherspoon kernel[974]: [    3.940000] lm75 9-004a: hwmon0: sensor 'tmp275'
Sep 15 16:24:08 witherspoon kernel[974]: [    5.700000] ucd9000 11-0064: Device ID UCD90160|2.3.4.0000|110603
Sep 15 16:24:08 witherspoon kernel[974]: [    6.410000] leds-pca955x 3-0060: leds-pca955x: Using pca9552 16-bit LED driver at slave address 0x60
Sep 15 16:24:08 witherspoon kernel[974]: [    6.420000] leds-pca955x 3-0060: gpios 238...253
Sep 15 16:24:08 witherspoon kernel[974]: [    6.430000] leds-pca955x 11-0060: leds-pca955x: Using pca9552 16-bit LED driver at slave address 0x60
Sep 15 16:24:08 witherspoon kernel[974]: [    6.440000] leds-pca955x 11-0060: gpios 222...237
Sep 15 16:24:08 witherspoon kernel[974]: [    6.440000] usbcore: registered new interface driver usbhid
Sep 15 16:24:08 witherspoon kernel[974]: [    6.450000] usbhid: USB HID core driver
Sep 15 16:24:08 witherspoon kernel[974]: [    6.500000] NET: Registered protocol family 10
Sep 15 16:24:08 witherspoon kernel[974]: [    6.500000] Segment Routing with IPv6
Sep 15 16:24:08 witherspoon kernel[974]: [    6.510000] NET: Registered protocol family 17
Sep 15 16:24:08 witherspoon kernel[974]: [    6.510000] 8021q: 802.1Q VLAN Support v1.8
Sep 15 16:24:08 witherspoon kernel[974]: [    6.520000] input: gpio-keys-polled as /devices/platform/gpio-keys-polled/input/input1
Sep 15 16:24:08 witherspoon kernel[974]: [    6.550000] console [netcon0] enabled
Sep 15 16:24:08 witherspoon kernel[974]: [    6.560000] netconsole: network logging started
Sep 15 16:24:08 witherspoon kernel[974]: [    6.560000] input: gpio-keys as /devices/platform/gpio-keys/input/input2
Sep 15 16:24:08 witherspoon kernel[974]: [    6.570000] rtc-rv8803 11-0032: setting system clock to 2016-05-28 21:09:25 UTC (1464469765)
Sep 15 16:24:08 witherspoon kernel[974]: [    6.580000] Freeing unused kernel memory: 284K
Sep 15 16:24:08 witherspoon kernel[974]: [    6.580000] This architecture does not have kernel memory protection.
Sep 15 16:24:08 witherspoon kernel[974]: [    7.460000] jffs2: notice: (542) jffs2_build_xattr_subsystem: complete building xattr subsystem, 0 of xdatum (0 unchecked, 0 orphan) and 0 of xref (0 dead, 0 orphan) found.
Sep 15 16:24:08 witherspoon kernel[974]: [    9.620000] systemd[1]: System time before build time, advancing clock.
Sep 15 16:24:08 witherspoon kernel[974]: [    9.620000] systemd[1]: Failed to insert module 'autofs4': No such file or directory
Sep 15 16:24:08 witherspoon kernel[974]: [    9.740000] systemd[1]: systemd 232 running in system mode. (+PAM -AUDIT -SELINUX -IMA -APPARMOR -SMACK +SYSVINIT -UTMP -LIBCRYPTSETUP -GCRYPT -GNUTLS +ACL +XZ -LZ4 -SECCOMP +BLKID -ELFUTILS +KMOD -IDN)
Sep 15 16:24:08 witherspoon kernel[974]: [    9.820000] systemd[1]: Detected architecture arm.
Sep 15 16:24:08 witherspoon kernel[974]: [    9.880000] systemd[1]: Set hostname to <witherspoon>.
Sep 15 16:24:08 witherspoon kernel[974]: [   11.460000] systemd[1]: Listening on udev Kernel Socket.
Sep 15 16:24:08 witherspoon kernel[974]: [   11.620000] systemd[1]: Listening on Syslog Socket.
Sep 15 16:24:08 witherspoon kernel[974]: [   11.650000] systemd[1]: Started Dispatch Password Requests to Console Directory Watch.
Sep 15 16:24:08 witherspoon kernel[974]: [   11.690000] systemd[1]: Reached target Swap.
Sep 15 16:24:08 witherspoon kernel[974]: [   11.720000] systemd[1]: Listening on /dev/initctl Compatibility Named Pipe.
Sep 15 16:24:08 witherspoon kernel[974]: [   11.760000] systemd[1]: Listening on udev Control Socket.
Sep 15 16:24:08 witherspoon kernel[974]: [   11.800000] systemd[1]: Listening on Journal Socket.
Sep 15 16:24:08 witherspoon kernel[974]: [   14.830000] systemd[1]: Created slice system-phosphor\x2dreset\x2dhost\x2drunning.slice.
Sep 15 16:24:08 witherspoon kernel[974]: [   15.070000] systemd[1]: Created slice system-phosphor\x2dcooling\x2dtype.slice.
Sep 15 16:24:08 witherspoon kernel[974]: [   15.320000] systemd[1]: Mounted Debug File System.
Sep 15 16:24:08 witherspoon kernel[974]: [   15.580000] systemd[1]: Mounted Temporary Directory.
Sep 15 16:24:08 witherspoon kernel[974]: [   15.850000] systemd[1]: Started Journal Service.
Sep 15 16:24:08 witherspoon kernel[974]: [   17.680000] systemd-journald[652]: Received request to flush runtime journal from PID 1
Sep 15 16:24:09 witherspoon kernel[974]: [   28.550000] ubi0: default fastmap pool size: 25
Sep 15 16:24:09 witherspoon kernel[974]: [   28.550000] ubi0: default fastmap WL pool size: 12
Sep 15 16:24:09 witherspoon kernel[974]: [   28.590000] ubi0: attaching mtd0
Sep 15 16:24:10 witherspoon kernel[974]: [   28.690000] ubi0: scanning is finished
Sep 15 16:24:10 witherspoon kernel[974]: [   28.690000] ubi0 error: ubi_read_volume_table: the layout volume was not found
Sep 15 16:24:10 witherspoon kernel[974]: [   28.690000] ubi0 error: ubi_attach_mtd_dev: failed to attach mtd0, error -22
Sep 15 16:24:10 witherspoon kernel[974]: [   28.690000] ubi7: default fastmap pool size: 100
Sep 15 16:24:10 witherspoon kernel[974]: [   28.690000] ubi7: default fastmap WL pool size: 50
Sep 15 16:24:10 witherspoon kernel[974]: [   28.690000] ubi7: attaching mtd7
Sep 15 16:24:10 witherspoon kernel[974]: [   29.110000] ubi7: scanning is finished
Sep 15 16:24:10 witherspoon kernel[974]: [   29.110000] ubi7: attached mtd7 (name "pnor", size 128 MiB)
Sep 15 16:24:10 witherspoon kernel[974]: [   29.110000] ubi7: PEB size: 65536 bytes (64 KiB), LEB size: 65408 bytes
Sep 15 16:24:10 witherspoon kernel[974]: [   29.110000] ubi7: min./max. I/O unit sizes: 1/256, sub-page size 1
Sep 15 16:24:10 witherspoon kernel[974]: [   29.110000] ubi7: VID header offset: 64 (aligned 64), data offset: 128
Sep 15 16:24:10 witherspoon kernel[974]: [   29.110000] ubi7: good PEBs: 2048, bad PEBs: 0, corrupted PEBs: 0
Sep 15 16:24:10 witherspoon kernel[974]: [   29.110000] ubi7: user volume: 5, internal volumes: 1, max. volumes count: 128
Sep 15 16:24:10 witherspoon kernel[974]: [   29.110000] ubi7: max/mean erase counter: 15/9, WL threshold: 4096, image sequence number: 545342904
Sep 15 16:24:10 witherspoon kernel[974]: [   29.200000] ubi7: available PEBs: 853, total reserved PEBs: 1195, PEBs reserved for bad PEB handling: 0
Sep 15 16:24:10 witherspoon kernel[974]: [   29.200000] ubi7: background thread "ubi_bgt7d" started, PID 1005
Sep 15 16:24:16 witherspoon systemd[1]: Started Phosphor IPMI BT DBus Bridge.
Sep 15 16:24:16 witherspoon systemd[1]: Started Phosphor LED Group Management Daemon.
Sep 15 16:24:16 witherspoon systemd[1]: Started Phosphor Download Manager.
Sep 15 16:24:16 witherspoon systemd[1]: Started Phosphor Settings Daemon.
Sep 15 16:24:16 witherspoon systemd[1]: Started Phosphor Log Manager.
Sep 15 16:24:16 witherspoon systemd[1]: Starting Network Service...
Sep 15 16:24:16 witherspoon systemd[1]: Started Phosphor Console Muxer listening on device /dev/ttyVUART0.
Sep 15 16:24:16 witherspoon systemd[1]: Starting Phosphor Dump Manager...
Sep 15 16:24:16 witherspoon systemd[1]: Started Phosphor Dump core monitor..
Sep 15 16:24:17 witherspoon systemd[1]: Started Phosphor sysfs LED controller.
Sep 15 16:24:17 witherspoon systemd[1]: Starting Phosphor Inventory Manager...
Sep 15 16:24:17 witherspoon systemd[1]: Started Phosphor sysfs LED controller.
Sep 15 16:24:17 witherspoon systemd[1]: Starting Avahi mDNS/DNS-SD Stack...
Sep 15 16:24:17 witherspoon systemd[1]: Starting Updates symlinks for active PNOR version...
Sep 15 16:24:17 witherspoon systemd[1]: Starting Phosphor Network Manager...
Sep 15 16:24:17 witherspoon systemd[1]: Starting Check PNOR UBI format...
Sep 15 16:24:17 witherspoon systemd[1]: Starting Phosphor BMC0 Control...
Sep 15 16:24:18 witherspoon systemd[1]: Started Phosphor sysfs LED controller.
Sep 15 16:24:18 witherspoon systemd[1]: Started Phosphor sysfs LED controller.
Sep 15 16:24:18 witherspoon systemd[1]: Started Phosphor sysfs LED controller.
Sep 15 16:24:18 witherspoon systemd[1]: Starting Phosphor DBus Service Discovery Manager...
Sep 15 16:24:18 witherspoon systemd[1]: Reached target System Time Synchronized.
Sep 15 16:24:20 witherspoon systemd[1]: Started Remount the ubi volume after a reboot.
Sep 15 16:24:20 witherspoon systemd[1]: Started Clear one time boot overrides.
Sep 15 16:24:20 witherspoon systemd[1]: Started Phosphor Inventory Manager.
Sep 15 16:24:21 witherspoon avahi-daemon[1025]: Found user 'avahi' (UID 999) and group 'avahi' (GID 997).
Sep 15 16:24:21 witherspoon systemd[1]: Started Check PNOR UBI format.
Sep 15 16:24:21 witherspoon avahi-daemon[1025]: Successfully dropped root privileges.
Sep 15 16:24:21 witherspoon avahi-daemon[1025]: avahi-daemon 0.6.32 starting up.
Sep 15 16:24:21 witherspoon obmc-flash-bios[1026]: '/var/lib/phosphor-software-manager/pnor/ro' -> '/media/pnor-ro-8764baa3'
Sep 15 16:24:21 witherspoon systemd[1]: Started Avahi mDNS/DNS-SD Stack.
Sep 15 16:24:21 witherspoon avahi-daemon[1025]: Successfully called chroot().
Sep 15 16:24:21 witherspoon avahi-daemon[1025]: Successfully dropped remaining capabilities.
Sep 15 16:24:21 witherspoon avahi-daemon[1025]: Loading service file /services/obmc_console.service.
Sep 15 16:24:21 witherspoon avahi-daemon[1025]: Loading service file /services/phosphor_rest.service.
Sep 15 16:24:22 witherspoon kernel: 8021q: adding VLAN 0 to HW filter on device eth0
Sep 15 16:24:22 witherspoon systemd[1]: Started Phosphor Dump Manager.
Sep 15 16:24:21 witherspoon avahi-daemon[1025]: Loading service file /services/sftp-ssh.service.
Sep 15 16:24:22 witherspoon obmc-flash-bios[1026]: '/var/lib/phosphor-software-manager/pnor/rw' -> '/media/pnor-rw-8764baa3'
Sep 15 16:24:22 witherspoon systemd[1]: Started Updates symlinks for active PNOR version.
Sep 15 16:24:21 witherspoon avahi-daemon[1025]: Loading service file /services/sftp.service.
Sep 15 16:24:23 witherspoon obmc-flash-bios[1026]: '/var/lib/phosphor-software-manager/pnor/prsv' -> '/media/pnor-prsv'
Sep 15 16:24:22 witherspoon systemd-networkd[1017]: Enumeration completed
Sep 15 16:24:21 witherspoon avahi-daemon[1025]: Loading service file /services/ssh.service.
Sep 15 16:24:22 witherspoon systemd[1]: Started Network Service.
Sep 15 16:24:21 witherspoon avahi-daemon[1025]: Network interface enumeration completed.
Sep 15 16:24:22 witherspoon systemd[1]: Reached target Network.
Sep 15 16:24:21 witherspoon avahi-daemon[1025]: Server startup complete. Host name is witherspoon.local. Local service cookie is 2013563946.
Sep 15 16:24:22 witherspoon systemd-networkd[1017]: eth0: IPv6 enabled for interface: Success
Sep 15 16:24:21 witherspoon avahi-daemon[1025]: Service "witherspoon" (/services/ssh.service) successfully established.
Sep 15 16:24:22 witherspoon systemd[1]: Starting Permit User Sessions...
Sep 15 16:24:21 witherspoon avahi-daemon[1025]: Service "sftp" (/services/sftp.service) successfully established.
Sep 15 16:24:22 witherspoon systemd[1]: Started Lightweight SLP Server.
Sep 15 16:24:21 witherspoon avahi-daemon[1025]: Service "witherspoon" (/services/sftp-ssh.service) successfully established.
Sep 15 16:24:22 witherspoon systemd-networkd[1017]: eth0: Gained carrier
Sep 15 16:24:22 witherspoon avahi-daemon[1025]: Service "phosphor_rest" (/services/phosphor_rest.service) successfully established.
Sep 15 16:24:22 witherspoon systemd-timesyncd[954]: Network configuration changed, trying to establish connection.
Sep 15 16:24:22 witherspoon avahi-daemon[1025]: Service "obmc_console" (/services/obmc_console.service) successfully established.
Sep 15 16:24:23 witherspoon systemd[1]: Started Permit User Sessions.
Sep 15 16:24:22 witherspoon avahi-daemon[1025]: Joining mDNS multicast group on interface eth0.IPv4 with address 9.41.166.169.
Sep 15 16:24:23 witherspoon systemd[1]: Started Serial Getty on ttyS4.
Sep 15 16:24:22 witherspoon avahi-daemon[1025]: New relevant interface eth0.IPv4 for mDNS.
Sep 15 16:24:23 witherspoon systemd[1]: Reached target Login Prompts.
Sep 15 16:24:22 witherspoon avahi-daemon[1025]: Registering new address record for 9.41.166.169 on eth0.IPv4.
Sep 15 16:24:24 witherspoon systemd-networkd[1017]: eth0: Gained IPv6LL
Sep 15 16:24:22 witherspoon kernel[974]: [   41.310000] 8021q: adding VLAN 0 to HW filter on device eth0
Sep 15 16:24:24 witherspoon avahi-daemon[1025]: Joining mDNS multicast group on interface eth0.IPv6 with address fe80::72e2:84ff:fe14:2420.
Sep 15 16:24:24 witherspoon avahi-daemon[1025]: New relevant interface eth0.IPv6 for mDNS.
Sep 15 16:24:24 witherspoon avahi-daemon[1025]: Registering new address record for fe80::72e2:84ff:fe14:2420 on eth0.*.
Sep 15 16:24:25 witherspoon systemd[1]: Started Phosphor BMC0 Control.
Sep 15 16:24:26 witherspoon kernel: ftgmac100 1e660000.ethernet eth0: ncsi: removed vlan tag 0 at index 1
Sep 15 16:24:26 witherspoon kernel: ftgmac100 1e660000.ethernet eth0: ncsi: removed vlan tag 0 at index 2
Sep 15 16:24:26 witherspoon kernel: ftgmac100 1e660000.ethernet eth0: no vlan ids left to set
Sep 15 16:24:26 witherspoon kernel: ftgmac100 1e660000.ethernet eth0: NCSI interface up
Sep 15 16:24:26 witherspoon kernel[974]: [   44.650000] ftgmac100 1e660000.ethernet eth0: ncsi: removed vlan tag 0 at index 1
Sep 15 16:24:26 witherspoon kernel[974]: [   44.650000] ftgmac100 1e660000.ethernet eth0: ncsi: removed vlan tag 0 at index 2
Sep 15 16:24:26 witherspoon kernel[974]: [   44.650000] ftgmac100 1e660000.ethernet eth0: no vlan ids left to set
Sep 15 16:24:26 witherspoon kernel[974]: [   44.650000] ftgmac100 1e660000.ethernet eth0: NCSI interface up
Sep 15 16:24:26 witherspoon kernel: block ubiblock7_0: created from ubi7:0(pnor-ro-8764baa3)
Sep 15 16:24:26 witherspoon kernel[974]: [   45.250000] block ubiblock7_0: created from ubi7:0(pnor-ro-8764baa3)
Sep 15 16:24:28 witherspoon kernel: UBIFS (ubi7:1): UBIFS: mounted UBI device 7, volume 1, name "pnor-rw-b23e13fc"
Sep 15 16:24:28 witherspoon kernel: UBIFS (ubi7:1): LEB size: 65408 bytes (63 KiB), min./max. I/O unit sizes: 8 bytes/256 bytes
Sep 15 16:24:28 witherspoon kernel: UBIFS (ubi7:1): FS size: 16155776 bytes (15 MiB, 247 LEBs), journal size 784896 bytes (0 MiB, 12 LEBs)
Sep 15 16:24:28 witherspoon kernel: UBIFS (ubi7:1): reserved for root: 763076 bytes (745 KiB)
Sep 15 16:24:28 witherspoon kernel: UBIFS (ubi7:1): media format: w5/r0 (latest is w5/r0), UUID 6A62DD7E-44FD-4B18-B5F3-49BC36BBFD73, small LPT model
Sep 15 16:24:28 witherspoon kernel: UBIFS (ubi7:1): background thread "ubifs_bgt7_1" started, PID 1076
Sep 15 16:24:28 witherspoon kernel[974]: [   46.690000] UBIFS (ubi7:1): UBIFS: mounted UBI device 7, volume 1, name "pnor-rw-b23e13fc"
Sep 15 16:24:28 witherspoon kernel[974]: [   46.690000] UBIFS (ubi7:1): LEB size: 65408 bytes (63 KiB), min./max. I/O unit sizes: 8 bytes/256 bytes
Sep 15 16:24:28 witherspoon kernel[974]: [   46.690000] UBIFS (ubi7:1): FS size: 16155776 bytes (15 MiB, 247 LEBs), journal size 784896 bytes (0 MiB, 12 LEBs)
Sep 15 16:24:28 witherspoon kernel[974]: [   46.690000] UBIFS (ubi7:1): reserved for root: 763076 bytes (745 KiB)
Sep 15 16:24:28 witherspoon kernel[974]: [   46.690000] UBIFS (ubi7:1): media format: w5/r0 (latest is w5/r0), UUID 6A62DD7E-44FD-4B18-B5F3-49BC36BBFD73, small LPT model
Sep 15 16:24:28 witherspoon kernel[974]: [   46.690000] UBIFS (ubi7:1): background thread "ubifs_bgt7_1" started, PID 1076
Sep 15 16:24:30 witherspoon kernel: UBIFS (ubi7:2): UBIFS: mounted UBI device 7, volume 2, name "pnor-prsv"
Sep 15 16:24:30 witherspoon kernel: UBIFS (ubi7:2): LEB size: 65408 bytes (63 KiB), min./max. I/O unit sizes: 8 bytes/256 bytes
Sep 15 16:24:30 witherspoon kernel: UBIFS (ubi7:2): FS size: 1504384 bytes (1 MiB, 23 LEBs), journal size 523265 bytes (0 MiB, 6 LEBs)
Sep 15 16:24:30 witherspoon kernel: UBIFS (ubi7:2): reserved for root: 71055 bytes (69 KiB)
Sep 15 16:24:30 witherspoon kernel: UBIFS (ubi7:2): media format: w5/r0 (latest is w5/r0), UUID 401DF602-AFE0-4DDD-BD33-EF6C2BEA46CD, small LPT model
Sep 15 16:24:30 witherspoon kernel: UBIFS (ubi7:2): background thread "ubifs_bgt7_2" started, PID 1086
Sep 15 16:24:30 witherspoon kernel[974]: [   48.450000] UBIFS (ubi7:2): UBIFS: mounted UBI device 7, volume 2, name "pnor-prsv"
Sep 15 16:24:30 witherspoon kernel[974]: [   48.450000] UBIFS (ubi7:2): LEB size: 65408 bytes (63 KiB), min./max. I/O unit sizes: 8 bytes/256 bytes
Sep 15 16:24:30 witherspoon kernel[974]: [   48.450000] UBIFS (ubi7:2): FS size: 1504384 bytes (1 MiB, 23 LEBs), journal size 523265 bytes (0 MiB, 6 LEBs)
Sep 15 16:24:30 witherspoon kernel[974]: [   48.450000] UBIFS (ubi7:2): reserved for root: 71055 bytes (69 KiB)
Sep 15 16:24:30 witherspoon kernel[974]: [   48.450000] UBIFS (ubi7:2): media format: w5/r0 (latest is w5/r0), UUID 401DF602-AFE0-4DDD-BD33-EF6C2BEA46CD, small LPT model
Sep 15 16:24:30 witherspoon kernel[974]: [   48.450000] UBIFS (ubi7:2): background thread "ubifs_bgt7_2" started, PID 1086
Sep 15 16:24:30 witherspoon systemd[1]: Created slice system-dropbear.slice.
Sep 15 16:24:30 witherspoon systemd[1]: Started SSH Per-Connection Server (9.41.165.94:43310).
Sep 15 16:24:31 witherspoon systemd[1]: Started Remount the squashfs and ubi volumes after a reboot.
Sep 15 16:24:31 witherspoon systemd[1]: Reached target Multi-User System.
Sep 15 16:24:31 witherspoon kernel: UBIFS (ubi7:4): UBIFS: mounted UBI device 7, volume 4, name "pnor-rw-8764baa3"
Sep 15 16:24:31 witherspoon kernel: UBIFS (ubi7:4): LEB size: 65408 bytes (63 KiB), min./max. I/O unit sizes: 8 bytes/256 bytes
Sep 15 16:24:31 witherspoon kernel: UBIFS (ubi7:4): FS size: 16155776 bytes (15 MiB, 247 LEBs), journal size 784896 bytes (0 MiB, 12 LEBs)
Sep 15 16:24:31 witherspoon kernel: UBIFS (ubi7:4): reserved for root: 763076 bytes (745 KiB)
Sep 15 16:24:31 witherspoon kernel: UBIFS (ubi7:4): media format: w5/r0 (latest is w5/r0), UUID 33D77A70-4740-47E1-9A24-9B573495DF09, small LPT model
Sep 15 16:24:31 witherspoon kernel: UBIFS (ubi7:4): background thread "ubifs_bgt7_4" started, PID 1100
Sep 15 16:24:31 witherspoon kernel[974]: [   50.250000] UBIFS (ubi7:4): UBIFS: mounted UBI device 7, volume 4, name "pnor-rw-8764baa3"
Sep 15 16:24:31 witherspoon kernel[974]: [   50.250000] UBIFS (ubi7:4): LEB size: 65408 bytes (63 KiB), min./max. I/O unit sizes: 8 bytes/256 bytes
Sep 15 16:24:31 witherspoon kernel[974]: [   50.250000] UBIFS (ubi7:4): FS size: 16155776 bytes (15 MiB, 247 LEBs), journal size 784896 bytes (0 MiB, 12 LEBs)
Sep 15 16:24:31 witherspoon kernel[974]: [   50.250000] UBIFS (ubi7:4): reserved for root: 763076 bytes (745 KiB)
Sep 15 16:24:31 witherspoon kernel[974]: [   50.250000] UBIFS (ubi7:4): media format: w5/r0 (latest is w5/r0), UUID 33D77A70-4740-47E1-9A24-9B573495DF09, small LPT model
Sep 15 16:24:31 witherspoon kernel[974]: [   50.250000] UBIFS (ubi7:4): background thread "ubifs_bgt7_4" started, PID 1100
Sep 15 16:24:35 witherspoon dropbear[1093]: Failed loading /etc/dropbear/dropbear_dss_host_key
Sep 15 16:24:35 witherspoon dropbear[1093]: Failed loading /etc/dropbear/dropbear_ecdsa_host_key
Sep 15 16:24:35 witherspoon dropbear[1093]: Child connection from ::ffff:9.41.165.94:43310
Sep 15 16:24:36 witherspoon download_manager.py[972]: Running Download Manager
Sep 15 16:24:36 witherspoon systemd[1]: Started Phosphor Download Manager.
Sep 15 16:24:36 witherspoon chassis_control.py[976]: Running ChassisControlService
Sep 15 16:24:36 witherspoon systemd[1]: Started Phosphor Chassis0 Control.
Sep 15 16:24:36 witherspoon sensor_manager2.py[958]: Setting boot count to 3
Sep 15 16:24:36 witherspoon systemd[1]: Started Phosphor Sensor Manager.
Sep 15 16:24:36 witherspoon sensor_manager2.py[958]: Starting sensor manager
Sep 15 16:24:36 witherspoon systemd-networkd[1017]: eth0: Configured
Sep 15 16:24:36 witherspoon systemd-timesyncd[954]: Network configuration changed, trying to establish connection.
Sep 15 16:24:37 witherspoon dropbear[1093]: pam_unix(dropbear:account): account root has password changed in future
Sep 15 16:24:37 witherspoon dropbear[1093]: PAM password auth succeeded for 'root' from ::ffff:9.41.165.94:43310
Sep 15 16:24:37 witherspoon dropbear[1102]: lastlog_perform_login: Couldn't stat /var/log/lastlog: No such file or directory
Sep 15 16:24:37 witherspoon dropbear[1102]: lastlog_openseek: /var/log/lastlog is not a file or directory!
Sep 15 16:24:38 witherspoon phosphor-mapper[1033]: ObjectMapper startup complete.  Discovery in progress...
Sep 15 16:24:39 witherspoon inventory_items.py[959]: Loading from cache: /var/cache/obmc/org.openbmc.inventory.system.chassis.motherboard.apss@org.openbmc.InventoryItem.props
Sep 15 16:24:39 witherspoon inventory_items.py[959]: Loading from cache: /var/cache/obmc/org.openbmc.inventory.system.chassis.motherboard@org.openbmc.InventoryItem.props
Sep 15 16:24:39 witherspoon inventory_items.py[959]: Loading from cache: /var/cache/obmc/org.openbmc.inventory.system.chassis.motherboard.refclock@org.openbmc.InventoryItem.props
Sep 15 16:24:39 witherspoon inventory_items.py[959]: Loading from cache: /var/cache/obmc/org.openbmc.inventory.system.chassis.motherboard.cpu1.core7@org.openbmc.InventoryItem.props
Sep 15 16:24:39 witherspoon inventory_items.py[959]: Loading from cache: /var/cache/obmc/org.openbmc.inventory.system.chassis.motherboard.cpu1.core4@org.openbmc.InventoryItem.props
Sep 15 16:24:39 witherspoon inventory_items.py[959]: Loading from cache: /var/cache/obmc/org.openbmc.inventory.system.chassis.motherboard.cpu1.core1@org.openbmc.InventoryItem.props
Sep 15 16:24:39 witherspoon inventory_items.py[959]: Loading from cache: /var/cache/obmc/org.openbmc.inventory.system.chassis.motherboard.cpu1.core10@org.openbmc.InventoryItem.props
Sep 15 16:24:39 witherspoon inventory_items.py[959]: Loading from cache: /var/cache/obmc/org.openbmc.inventory.system.chassis.motherboard.todclock@org.openbmc.InventoryItem.props
Sep 15 16:24:39 witherspoon inventory_items.py[959]: Loading from cache: /var/cache/obmc/org.openbmc.inventory.system.chassis.motherboard.cpu1@org.openbmc.InventoryItem.props
Sep 15 16:24:39 witherspoon inventory_items.py[959]: Loading from cache: /var/cache/obmc/org.openbmc.inventory.system.chassis.motherboard.bmc@org.openbmc.InventoryItem.props
Sep 15 16:24:39 witherspoon inventory_items.py[959]: Caching: /org/openbmc/inventory/system/chassis/motherboard/bmc
Sep 15 16:24:39 witherspoon inventory_items.py[959]: Loading from cache: /var/cache/obmc/org.openbmc.inventory.system.chassis.motherboard.cpu0.core1@org.openbmc.InventoryItem.props
Sep 15 16:24:39 witherspoon inventory_items.py[959]: Loading from cache: /var/cache/obmc/org.openbmc.inventory.system.chassis.motherboard.cpu0.core7@org.openbmc.InventoryItem.props
Sep 15 16:24:39 witherspoon inventory_items.py[959]: Loading from cache: /var/cache/obmc/org.openbmc.inventory.system.chassis.motherboard.cpu0.core4@org.openbmc.InventoryItem.props
Sep 15 16:24:39 witherspoon inventory_items.py[959]: Loading from cache: /var/cache/obmc/org.openbmc.inventory.system.chassis.motherboard.pcieclock@org.openbmc.InventoryItem.props
Sep 15 16:24:39 witherspoon inventory_items.py[959]: Loading from cache: /var/cache/obmc/org.openbmc.inventory.system.chassis.motherboard.cpu0.core10@org.openbmc.InventoryItem.props
Sep 15 16:24:39 witherspoon systemd[1]: Started Phosphor Inventory Manager.
Sep 15 16:24:40 witherspoon avahi-daemon[1048]: ../../avahi-0.6.32/avahi-daemon/chroot.c: open() failed: No such file or directory
Sep 15 16:24:41 witherspoon inventory_items.py[959]: Running Inventory Manager
Sep 15 16:24:40 witherspoon avahi-daemon[1025]: Failed to open /usr/share/dbus-1/interfaces/org.freedesktop.Avahi.Server.xml: Invalid argument
Sep 15 16:24:40 witherspoon avahi-daemon[1025]: Failed to load introspection data.
Sep 15 16:24:42 witherspoon systemd[1]: Started Phosphor User Manager.
Sep 15 16:24:42 witherspoon obmc-phosphor-userd[969]: Started
Sep 15 16:24:45 witherspoon systemd[1]: Started Phosphor Network Manager.
Sep 15 16:24:45 witherspoon netman.py[1027]: Started
Sep 15 16:24:52 witherspoon phosphor-mapper[1033]: ObjectMapper discovery complete
Sep 15 16:24:52 witherspoon systemd[1]: Started Phosphor DBus Service Discovery Manager.
Sep 15 16:24:52 witherspoon systemd[1]: Started Phosphor Hwmon Poller.
Sep 15 16:24:52 witherspoon systemd[1]: Started Phosphor Hwmon Poller.
Sep 15 16:24:53 witherspoon systemd[1]: Started Phosphor Hwmon Poller.
Sep 15 16:24:53 witherspoon systemd[1]: Started Phosphor Hwmon Poller.
Sep 15 16:24:53 witherspoon systemd[1]: Started Phosphor Hwmon Poller.
Sep 15 16:24:53 witherspoon systemd[1]: Started Phosphor Hwmon Poller.
Sep 15 16:24:53 witherspoon systemd[1]: Started Phosphor Hwmon Poller.
Sep 15 16:24:53 witherspoon systemd[1]: Reached target Phosphor Object Mapper.
Sep 15 16:24:53 witherspoon systemd[1]: Starting Wait for /org/openbmc/managers/Download...
Sep 15 16:24:53 witherspoon systemd[1]: Starting Wait for /xyz/openbmc_project/control/host0/boot/one_time...
Sep 15 16:24:53 witherspoon systemd[1]: Starting Wait for /xyz/openbmc_project/led/groups...
Sep 15 16:24:53 witherspoon systemd[1]: Starting Wait for /org/openbmc/control/power0...
Sep 15 16:24:53 witherspoon systemd[1]: Starting OpenPower Software Update Manager...
Sep 15 16:24:53 witherspoon systemd[1]: Starting Wait for /xyz/openbmc_project/control/host0/boot...
Sep 15 16:24:53 witherspoon systemd[1]: Started Phosphor DBus Monitor.
Sep 15 16:24:53 witherspoon systemd[1]: Starting Wait for /xyz/openbmc_project/control/host0/auto_reboot...
Sep 15 16:24:53 witherspoon systemd[1]: Starting Wait for /xyz/openbmc_project/control/host0...
Sep 15 16:24:53 witherspoon systemd[1]: Starting Wait for /org/openbmc/managers/System...
Sep 15 16:24:53 witherspoon systemd[1]: Starting Wait for /xyz/openbmc_project/led/groups/bmc_booted...
Sep 15 16:24:53 witherspoon systemd[1]: Starting Wait for /xyz/openbmc_project/inventory...
Sep 15 16:24:53 witherspoon systemd[1]: Starting Phosphor Network Manager...
Sep 15 16:24:53 witherspoon systemd[1]: Starting Wait for /xyz/openbmc_project/time/sync_method...
Sep 15 16:24:53 witherspoon systemd[1]: Starting Wait for /org/openbmc/control/bmc0...
Sep 15 16:24:53 witherspoon systemd[1]: Starting Wait for /xyz/openbmc_project/control/host0/restriction_mode...
Sep 15 16:24:53 witherspoon systemd[1]: Reached target Webserver (pre).
Sep 15 16:24:53 witherspoon systemd[1]: Started Phosphor Webserver.
Sep 15 16:24:53 witherspoon systemd[1]: Starting Phosphor Settings Manager...
Sep 15 16:24:53 witherspoon systemd[1]: Starting Wait for /xyz/openbmc_project/state/chassis0...
Sep 15 16:24:53 witherspoon systemd[1]: Starting Phoshpor System Manager...
Sep 15 16:24:53 witherspoon systemd[1]: Starting Wait for /xyz/openbmc_project/state/host0...
Sep 15 16:24:53 witherspoon systemd[1]: Starting OpenBMC Software Update Manager...
Sep 15 16:24:53 witherspoon systemd[1]: Starting Wait for /org/openbmc/NetworkManager/Interface...
Sep 15 16:24:53 witherspoon systemd[1]: Starting Wait for /xyz/openbmc_project/time/owner...
Sep 15 16:24:53 witherspoon systemd[1]: Starting Wait for /xyz/openbmc_project/control/host0/power_restore_policy...
Sep 15 16:24:53 witherspoon systemd[1]: Started Phosphor Hwmon Poller.
Sep 15 16:25:01 witherspoon systemd[1]: Started Wait for /xyz/openbmc_project/led/groups.
Sep 15 16:25:01 witherspoon systemd[1]: Started Wait for /org/openbmc/managers/Download.
Sep 15 16:25:01 witherspoon systemd[1]: Started Wait for /xyz/openbmc_project/control/host0/boot/one_time.
Sep 15 16:25:01 witherspoon systemd[1]: Started Wait for /xyz/openbmc_project/control/host0/boot.
Sep 15 16:25:01 witherspoon systemd[1]: Started Wait for /xyz/openbmc_project/inventory.
Sep 15 16:25:01 witherspoon systemd[1]: Started Wait for /xyz/openbmc_project/time/sync_method.
Sep 15 16:25:01 witherspoon systemd[1]: Started Wait for /org/openbmc/control/bmc0.
Sep 15 16:25:01 witherspoon systemd[1]: Started Wait for /xyz/openbmc_project/control/host0/restriction_mode.
Sep 15 16:25:01 witherspoon systemd[1]: Started Wait for /org/openbmc/NetworkManager/Interface.
Sep 15 16:25:01 witherspoon systemd[1]: Started Wait for /xyz/openbmc_project/time/owner.
Sep 15 16:25:01 witherspoon systemd[1]: Started Wait for /xyz/openbmc_project/control/host0/power_restore_policy.
Sep 15 16:25:01 witherspoon systemd[1]: Started Phosphor DNS Settings Cache Manager.
Sep 15 16:25:01 witherspoon systemd[1]: Starting OpenPOWER OCC controller...
Sep 15 16:25:01 witherspoon systemd[1]: Starting Read OpenPOWER-format VPD from EEPROM...
Sep 15 16:25:01 witherspoon systemd[1]: Started Phosphor GPIO 1 Presence.
Sep 15 16:25:01 witherspoon systemd[1]: Started Phosphor Cooling Type.
Sep 15 16:25:01 witherspoon systemd[1]: Starting Phosphor MAX31785 MSL...
Sep 15 16:25:01 witherspoon systemd[1]: Started Phosphor GPIO 0 Presence.
Sep 15 16:25:01 witherspoon systemd[1]: Starting Phosphor BMC Code Update...
Sep 15 16:25:01 witherspoon systemd[1]: Started FRU Fault monitor service.
Sep 15 16:25:04 witherspoon systemd[1]: Started Wait for /xyz/openbmc_project/led/groups/bmc_booted.
Sep 15 16:25:04 witherspoon phosphor-gpio-presence[1160]: Updating inventory present property
Sep 15 16:25:04 witherspoon phosphor-gpio-presence[1157]: Updating inventory present property
Sep 15 16:25:04 witherspoon phosphor-network-manager[1127]: ConfigParser: Key not found
Sep 15 16:25:04 witherspoon phosphor-network-manager[1127]: The operation failed internally.
Sep 15 16:25:04 witherspoon phosphor-network-manager[1127]: Exception occured during getting of DHCP value
Sep 15 16:25:04 witherspoon systemd[1]: Started Phosphor Network Manager.
Sep 15 16:25:05 witherspoon dbus[992]: [system] Activating via systemd: service name='org.freedesktop.hostname1' unit='dbus-org.freedesktop.hostname1.service'
Sep 15 16:25:05 witherspoon systemd[1]: Starting Hostname Service...
Sep 15 16:25:05 witherspoon systemd[1]: Started Wait for /xyz/openbmc_project/control/host0/auto_reboot.
Sep 15 16:25:08 witherspoon system_manager.py[1134]: Running System State: BASE_APPS
Sep 15 16:25:08 witherspoon systemd[1]: Started OpenPower Software Update Manager.
Sep 15 16:25:09 witherspoon system_manager.py[1134]: SystemManager Init Done
Sep 15 16:25:09 witherspoon system_manager.py[1134]: Running SystemManager
Sep 15 16:25:08 witherspoon dbus[992]: [system] Successfully activated service 'org.freedesktop.hostname1'
Sep 15 16:25:08 witherspoon systemd[1]: Started Phosphor MBOX Daemon.
Sep 15 16:25:08 witherspoon systemd[1]: Starting Create a ubi volume for pnor patches...
Sep 15 16:25:08 witherspoon systemd[1]: Started Hostname Service.
Sep 15 16:25:08 witherspoon systemd[1]: Started Phoshpor System Manager.
Sep 15 16:25:09 witherspoon systemd[1]: Started OpenPOWER OCC controller.
Sep 15 16:25:10 witherspoon kernel: UBIFS (ubi7:3): background thread "ubifs_bgt7_3" started, PID 1184
Sep 15 16:25:10 witherspoon kernel[974]: [   88.710000] UBIFS (ubi7:3): background thread "ubifs_bgt7_3" started, PID 1184
Sep 15 16:25:10 witherspoon kernel: UBIFS (ubi7:3): UBIFS: mounted UBI device 7, volume 3, name "pnor-patch"
Sep 15 16:25:10 witherspoon kernel: UBIFS (ubi7:3): LEB size: 65408 bytes (63 KiB), min./max. I/O unit sizes: 8 bytes/256 bytes
Sep 15 16:25:10 witherspoon kernel: UBIFS (ubi7:3): FS size: 16155776 bytes (15 MiB, 247 LEBs), journal size 784896 bytes (0 MiB, 12 LEBs)
Sep 15 16:25:10 witherspoon kernel: UBIFS (ubi7:3): reserved for root: 763076 bytes (745 KiB)
Sep 15 16:25:10 witherspoon kernel: UBIFS (ubi7:3): media format: w5/r0 (latest is w5/r0), UUID 83F89C33-EE40-4652-9A67-807FCFE56E4E, small LPT model
Sep 15 16:25:10 witherspoon kernel[974]: [   88.750000] UBIFS (ubi7:3): UBIFS: mounted UBI device 7, volume 3, name "pnor-patch"
Sep 15 16:25:10 witherspoon kernel[974]: [   88.750000] UBIFS (ubi7:3): LEB size: 65408 bytes (63 KiB), min./max. I/O unit sizes: 8 bytes/256 bytes
Sep 15 16:25:10 witherspoon kernel[974]: [   88.750000] UBIFS (ubi7:3): FS size: 16155776 bytes (15 MiB, 247 LEBs), journal size 784896 bytes (0 MiB, 12 LEBs)
Sep 15 16:25:10 witherspoon kernel[974]: [   88.800000] UBIFS (ubi7:3): reserved for root: 763076 bytes (745 KiB)
Sep 15 16:25:10 witherspoon kernel[974]: [   88.800000] UBIFS (ubi7:3): media format: w5/r0 (latest is w5/r0), UUID 83F89C33-EE40-4652-9A67-807FCFE56E4E, small LPT model
Sep 15 16:25:10 witherspoon systemd[1]: Started Create a ubi volume for pnor patches.
Sep 15 16:25:11 witherspoon phosphor-fru-fault-monitor[1162]: Failed to get response from the method.
Sep 15 16:25:11 witherspoon phosphor-image-updater[1136]: Error in mapper GetSubTreePath
Sep 15 16:25:11 witherspoon systemd[1]: Started OpenBMC Software Update Manager.
Sep 15 16:25:11 witherspoon systemd[1]: Starting Phosphor Version Software Manager...
Sep 15 16:25:13 witherspoon systemd[1]: Started Phosphor Version Software Manager.
Sep 15 16:25:13 witherspoon bmc_update.py[1161]: Running Bmc Flash Control
Sep 15 16:25:13 witherspoon systemd[1]: Started Phosphor BMC Code Update.
Sep 15 16:25:13 witherspoon system_manager.py[1134]: SystemManager Goto System State: BMC_STARTING
Sep 15 16:25:13 witherspoon system_manager.py[1134]: Running System State: BMC_STARTING
Sep 15 16:25:14 witherspoon phosphor-inventory[1023]: Encountered unsupported interface.
Sep 15 16:25:14 witherspoon settings_manager.py[1132]: Running HostSettingsService
Sep 15 16:25:14 witherspoon systemd[1]: Started Phosphor Settings Manager.
Sep 15 16:25:14 witherspoon systemd[1]: Starting Wait for /org/openbmc/settings/host0...
Sep 15 16:25:15 witherspoon dbus[992]: [system] Activating via systemd: service name='org.freedesktop.journal1' unit='dbus-org.freedesktop.journal1.service'
Sep 15 16:25:15 witherspoon systemd[1]: Starting Journal Dbus Service...
Sep 15 16:25:15 witherspoon dbus[992]: [system] Successfully activated service 'org.freedesktop.journal1'
Sep 15 16:25:15 witherspoon systemd[1]: Started Journal Dbus Service.
Sep 15 16:25:17 witherspoon phosphor-fru-fault-monitor[1162]: /xyz/openbmc_project/logging/entry/1
Sep 15 16:25:19 witherspoon systemd[1]: Started Phosphor MAX31785 MSL.
Sep 15 16:25:21 witherspoon phosphor-inventory[1023]: Encountered unsupported interface.
Sep 15 16:25:21 witherspoon systemd[1]: Started Read OpenPOWER-format VPD from EEPROM.
Sep 15 16:25:29 witherspoon systemd[1]: Started Wait for /org/openbmc/managers/System.
Sep 15 16:25:29 witherspoon systemd[1]: Starting Phosphor Chassis State Manager...
Sep 15 16:25:29 witherspoon systemd[1]: Starting Phosphor BMC State Manager...
Sep 15 16:25:29 witherspoon systemd[1]: Starting Phosphor Power Button0...
Sep 15 16:25:29 witherspoon systemd[1]: Starting Phosphor Power0 Control...
Sep 15 16:25:29 witherspoon systemd[1]: Starting Phosphor Reset Button0...
Sep 15 16:25:30 witherspoon phosphor-chassis-state-manager[1201]: Initial Chassis State will be Off
Sep 15 16:25:30 witherspoon systemd[1]: Started Phosphor Chassis State Manager.
Sep 15 16:25:30 witherspoon phosphor-bmc-state-manager[1202]: Setting the BMCState field
Sep 15 16:25:30 witherspoon phosphor-bmc-state-manager[1202]: Setting the BMCState field
Sep 15 16:25:30 witherspoon systemd[1]: Started Phosphor BMC State Manager.
Sep 15 16:25:31 witherspoon systemd[1]: Started Wait for /org/openbmc/settings/host0.
Sep 15 16:25:31 witherspoon systemd[1]: Started Phosphor Inband IPMI.
Sep 15 16:25:31 witherspoon button_reset.exe[1205]: GPIO Lookup:  RESET_BUTTON = 353,both
Sep 15 16:25:31 witherspoon systemd[1]: Started Phosphor Reset Button0.
Sep 15 16:25:32 witherspoon button_power.exe[1203]: GPIO Lookup:  POWER_BUTTON = 347,both
Sep 15 16:25:32 witherspoon systemd[1]: Started Phosphor Power Button0.
Sep 15 16:25:32 witherspoon system_manager.py[1134]: New object: /org/openbmc/control/power0 (:1.89)
Sep 15 16:25:33 witherspoon system_manager.py[1134]: Power GPIO config: ['SYS_PWROK_BUFF', '', [('SOFTWARE_PGOOD', True), ('BMC_POWER_UP', True)], [('BMC_CP0_RESET_N', False)], [], 'FSI_DATA', 'FSI_CLK', 'FSI_ENABLE', 'CRONUS_SEL', []]
Sep 15 16:25:33 witherspoon power_control.exe[1204]: Power GPIO latch output:
Sep 15 16:25:33 witherspoon power_control.exe[1204]: Power GPIO power good input: SYS_PWROK_BUFF
Sep 15 16:25:33 witherspoon power_control.exe[1204]: Power GPIO 2 power_up outputs
Sep 15 16:25:33 witherspoon power_control.exe[1204]: Power GPIO power_up[0] = SOFTWARE_PGOOD active HIGH
Sep 15 16:25:33 witherspoon power_control.exe[1204]: Power GPIO power_up[1] = BMC_POWER_UP active HIGH
Sep 15 16:25:33 witherspoon power_control.exe[1204]: Power GPIO 1 reset outputs
Sep 15 16:25:33 witherspoon power_control.exe[1204]: Power GPIO reset[0] = BMC_CP0_RESET_N active LOW
Sep 15 16:25:33 witherspoon power_control.exe[1204]: Power GPIO 0 pci reset outputs
Sep 15 16:25:33 witherspoon power_control.exe[1204]: FSI DATA GPIO: FSI_DATA
Sep 15 16:25:33 witherspoon power_control.exe[1204]: FSI CLK GPIO: FSI_CLK
Sep 15 16:25:33 witherspoon power_control.exe[1204]: FSI ENABLE GPIO: FSI_ENABLE
Sep 15 16:25:33 witherspoon power_control.exe[1204]: CRONUS SEL GPIO: CRONUS_SEL
Sep 15 16:25:33 witherspoon power_control.exe[1204]: Hostctl GPIO optionals: 0
Sep 15 16:25:33 witherspoon power_control.exe[1204]: GPIO Lookup:  SYS_PWROK_BUFF = 306,in
Sep 15 16:25:33 witherspoon power_control.exe[1204]: GPIO Lookup:  SOFTWARE_PGOOD = 417,out
Sep 15 16:25:33 witherspoon power_control.exe[1204]: GPIO Lookup:  BMC_POWER_UP = 305,out
Sep 15 16:25:33 witherspoon power_control.exe[1204]: GPIO Lookup:  BMC_CP0_RESET_N = 281,out
Sep 15 16:25:33 witherspoon power_control.exe[1204]: Pgood state: 0
Sep 15 16:25:33 witherspoon systemd[1]: Started Phosphor Power0 Control.
Sep 15 16:25:39 witherspoon systemd[1]: Started Wait for /org/openbmc/control/power0.
Sep 15 16:25:39 witherspoon systemd[1]: Starting Phosphor Time Manager daemon...
Sep 15 16:25:39 witherspoon systemd[1]: Starting Check Chassis0 pgood and create a file to indicate it...
Sep 15 16:25:39 witherspoon systemd[1]: Started Wait for /xyz/openbmc_project/state/chassis0.
Sep 15 16:25:40 witherspoon systemd[1]: Started Check Chassis0 pgood and create a file to indicate it.
Sep 15 16:25:40 witherspoon systemd[1]: Reached target Chassis0 power on after reset.
Sep 15 16:25:40 witherspoon systemd[1]: Reached target Chassis0 (Reset Check).
Sep 15 16:25:41 witherspoon timemanager[1230]: Registering dbus methods
Sep 15 16:25:41 witherspoon systemd[1]: Started Wait for /xyz/openbmc_project/control/host0.
Sep 15 16:25:41 witherspoon systemd[1]: Reached target Host0 running after reset.
Sep 15 16:25:41 witherspoon systemd[1]: Reached target Host0 (Reset Check).
Sep 15 16:25:41 witherspoon systemd[1]: Starting Phosphor Host State Manager...
Sep 15 16:25:42 witherspoon timemanager[1230]: Last known time_mode: NTP
Sep 15 16:25:42 witherspoon timemanager[1230]: Last known time_owner: BMC
Sep 15 16:25:42 witherspoon timemanager[1230]: Empty DhcpNtp string
Sep 15 16:25:42 witherspoon timemanager[1230]: Reading Power Control key: pgood
Sep 15 16:25:42 witherspoon timemanager[1230]: Changing settings *allowed* now
Sep 15 16:25:42 witherspoon phosphor-host-state-manager[1243]: Initial Host State will be Off
Sep 15 16:25:42 witherspoon phosphor-host-state-manager[1243]: External request to reset reboot count
Sep 15 16:25:42 witherspoon systemd[1]: Started Phosphor Host State Manager.
Sep 15 16:25:43 witherspoon timemanager[1230]: Owner is already set to : BMC
Sep 15 16:25:43 witherspoon timemanager[1230]: Requested_Mode: NTP Current_Mode: NTP
Sep 15 16:25:43 witherspoon timemanager[1230]: Mode is already set to : NTP
Sep 15 16:25:43 witherspoon timemanager[1230]: Getting System Settings: use_dhcp_ntp
Sep 15 16:25:43 witherspoon timemanager[1230]: use_dhcp_ntp = yes
Sep 15 16:25:43 witherspoon timemanager[1230]: Last known host_offset:0
Sep 15 16:25:43 witherspoon timemanager[1230]: Initial Uptime Usec: 1505492621314226
Sep 15 16:25:43 witherspoon systemd[1]: Started Phosphor Time Manager daemon.
Sep 15 16:25:44 witherspoon phosphor-gevent[1131]: Traceback (most recent call last):
Sep 15 16:25:44 witherspoon phosphor-gevent[1131]:   File "/usr/lib/python2.7/site-packages/gevent/greenlet.py", line 327, in run
Sep 15 16:25:44 witherspoon phosphor-gevent[1131]:     result = self._run(*self.args, **self.kwargs)
Sep 15 16:25:44 witherspoon phosphor-gevent[1131]:   File "/usr/lib/python2.7/site-packages/gevent/server.py", line 102, in wrap_socket_and_handle
Sep 15 16:25:44 witherspoon phosphor-gevent[1131]:     ssl_socket = self.wrap_socket(client_socket, **self.ssl_args)
Sep 15 16:25:44 witherspoon phosphor-gevent[1131]:   File "/usr/lib/python2.7/site-packages/gevent/ssl.py", line 404, in wrap_socket
Sep 15 16:25:44 witherspoon phosphor-gevent[1131]:     ciphers=ciphers)
Sep 15 16:25:44 witherspoon phosphor-gevent[1131]:   File "/usr/lib/python2.7/site-packages/gevent/ssl.py", line 113, in __init__
Sep 15 16:25:44 witherspoon phosphor-gevent[1131]:     self.do_handshake()
Sep 15 16:25:44 witherspoon phosphor-gevent[1131]:   File "/usr/lib/python2.7/site-packages/gevent/ssl.py", line 324, in do_handshake
Sep 15 16:25:44 witherspoon phosphor-gevent[1131]:     return self._sslobj.do_handshake()
Sep 15 16:25:44 witherspoon phosphor-gevent[1131]: SSLEOFError: EOF occurred in violation of protocol (_ssl.c:590)
Sep 15 16:25:44 witherspoon phosphor-gevent[1131]: <Greenlet at 0x76047490: <bound method WSGIServer.wrap_socket_and_handle of <WSGIServer at 0x7601dbd0 fileno=5 address=('::3422:f376:b0fd:6876%1986592160', 443, 0, 1986592160)>>(<socket at 0x75ef48b0 fileno=9>, ('::8009:6776:8e91:f402%1995574044', 59424, 0, 199)> failed with SSLEOFError
Sep 15 16:25:44 witherspoon phosphor-gevent[1131]: Traceback (most recent call last):
Sep 15 16:25:44 witherspoon phosphor-gevent[1131]:   File "/usr/lib/python2.7/site-packages/gevent/greenlet.py", line 327, in run
Sep 15 16:25:44 witherspoon phosphor-gevent[1131]:     result = self._run(*self.args, **self.kwargs)
Sep 15 16:25:44 witherspoon phosphor-gevent[1131]:   File "/usr/lib/python2.7/site-packages/gevent/server.py", line 102, in wrap_socket_and_handle
Sep 15 16:25:44 witherspoon phosphor-gevent[1131]:     ssl_socket = self.wrap_socket(client_socket, **self.ssl_args)
Sep 15 16:25:44 witherspoon phosphor-gevent[1131]:   File "/usr/lib/python2.7/site-packages/gevent/ssl.py", line 404, in wrap_socket
Sep 15 16:25:44 witherspoon phosphor-gevent[1131]:     ciphers=ciphers)
Sep 15 16:25:44 witherspoon phosphor-gevent[1131]:   File "/usr/lib/python2.7/site-packages/gevent/ssl.py", line 113, in __init__
Sep 15 16:25:44 witherspoon phosphor-gevent[1131]:     self.do_handshake()
Sep 15 16:25:44 witherspoon phosphor-gevent[1131]:   File "/usr/lib/python2.7/site-packages/gevent/ssl.py", line 324, in do_handshake
Sep 15 16:25:44 witherspoon phosphor-gevent[1131]:     return self._sslobj.do_handshake()
Sep 15 16:25:44 witherspoon phosphor-gevent[1131]: SSLEOFError: EOF occurred in violation of protocol (_ssl.c:590)
Sep 15 16:25:44 witherspoon phosphor-gevent[1131]: <Greenlet at 0x76047760: <bound method WSGIServer.wrap_socket_and_handle of <WSGIServer at 0x7601dbd0 fileno=5 address=('::3422:f376:b0fd:6876%1986592160', 443, 0, 1986592160)>>(<socket at 0x75ef4850 fileno=10>, ('::8009:6776:8e91:f402%1995574044', 59426, 0, 199)> failed with SSLEOFError
Sep 15 16:25:45 witherspoon phosphor-gevent[1131]: Traceback (most recent call last):
Sep 15 16:25:45 witherspoon phosphor-gevent[1131]:   File "/usr/lib/python2.7/site-packages/gevent/greenlet.py", line 327, in run
Sep 15 16:25:45 witherspoon phosphor-gevent[1131]:     result = self._run(*self.args, **self.kwargs)
Sep 15 16:25:45 witherspoon phosphor-gevent[1131]:   File "/usr/lib/python2.7/site-packages/gevent/server.py", line 102, in wrap_socket_and_handle
Sep 15 16:25:45 witherspoon phosphor-gevent[1131]:     ssl_socket = self.wrap_socket(client_socket, **self.ssl_args)
Sep 15 16:25:45 witherspoon phosphor-gevent[1131]:   File "/usr/lib/python2.7/site-packages/gevent/ssl.py", line 404, in wrap_socket
Sep 15 16:25:45 witherspoon phosphor-gevent[1131]:     ciphers=ciphers)
Sep 15 16:25:45 witherspoon phosphor-gevent[1131]:   File "/usr/lib/python2.7/site-packages/gevent/ssl.py", line 113, in __init__
Sep 15 16:25:45 witherspoon phosphor-gevent[1131]:     self.do_handshake()
Sep 15 16:25:45 witherspoon phosphor-gevent[1131]:   File "/usr/lib/python2.7/site-packages/gevent/ssl.py", line 324, in do_handshake
Sep 15 16:25:45 witherspoon phosphor-gevent[1131]:     return self._sslobj.do_handshake()
Sep 15 16:25:45 witherspoon phosphor-gevent[1131]: SSLEOFError: EOF occurred in violation of protocol (_ssl.c:590)
Sep 15 16:25:45 witherspoon phosphor-gevent[1131]: <Greenlet at 0x76047440: <bound method WSGIServer.wrap_socket_and_handle of <WSGIServer at 0x7601dbd0 fileno=5 address=('::3422:f376:b0fd:6876%1986592160', 443, 0, 1986592160)>>(<socket at 0x75ef48f0 fileno=11>, ('::8009:6776:8e91:f402%1995574044', 59428, 0, 199)> failed with SSLEOFError
Sep 15 16:25:45 witherspoon systemd[1]: Started Wait for /xyz/openbmc_project/state/host0.
Sep 15 16:25:45 witherspoon systemd[1]: Starting Reboot If Enabled...
Sep 15 16:25:46 witherspoon phosphor-discover-system-state[1245]: Host power is off, checking power policy
Sep 15 16:25:46 witherspoon systemd[1]: Started Reboot If Enabled.
Sep 15 16:25:46 witherspoon systemd[1]: Reached target Phosphor System - Standby.
Sep 15 16:25:46 witherspoon systemd[1]: Starting Assert bmc_booted LED...
Sep 15 16:25:46 witherspoon phosphor-bmc-state-manager[1202]: BMC_READY
Sep 15 16:25:46 witherspoon phosphor-bmc-state-manager[1202]: Setting the BMCState field
Sep 15 16:25:46 witherspoon phosphor-ledmanager[967]: Asserting LEDs
Sep 15 16:25:46 witherspoon systemd[1]: Started Assert bmc_booted LED.
Sep 15 16:25:46 witherspoon systemd[1]: Startup finished in 9.433s (kernel) + 1min 55.913s (userspace) = 2min 5.347s.
Sep 15 16:25:51 witherspoon phosphor-gevent[1131]: ::8009:6776:8e91:f402%1995574044 - - [2017-09-15 16:25:51] "POST /login HTTP/1.1" 200 320 0.044755
Sep 15 16:25:51 witherspoon phosphor-gevent[1131]: ::8009:6776:8e91:f402%1995574044 - - [2017-09-15 16:25:51] "GET /xyz/openbmc_project/state/chassis0//attr/CurrentPowerState HTTP/1.1" 200 216 0.064550
Sep 15 16:25:51 witherspoon phosphor-gevent[1131]: ::8009:6776:8e91:f402%1995574044 - - [2017-09-15 16:25:51] "POST /login HTTP/1.1" 200 320 0.033197
Sep 15 16:25:51 witherspoon phosphor-gevent[1131]: ::8009:6776:8e91:f402%1995574044 - - [2017-09-15 16:25:51] "GET /xyz/openbmc_project/state/chassis0//attr/CurrentPowerState HTTP/1.1" 200 216 0.052486
Sep 15 16:25:51 witherspoon phosphor-gevent[1131]: ::8009:6776:8e91:f402%1995574044 - - [2017-09-15 16:25:51] "POST /login HTTP/1.1" 200 320 0.032464
Sep 15 16:25:51 witherspoon phosphor-gevent[1131]: ::8009:6776:8e91:f402%1995574044 - - [2017-09-15 16:25:51] "GET /xyz/openbmc_project/state/host0//attr/BootProgress HTTP/1.1" 200 234 0.076572
Sep 15 16:25:52 witherspoon phosphor-gevent[1131]: ::8009:6776:8e91:f402%1995574044 - - [2017-09-15 16:25:52] "POST /login HTTP/1.1" 200 320 0.032708
Sep 15 16:25:52 witherspoon phosphor-gevent[1131]: ::8009:6776:8e91:f402%1995574044 - - [2017-09-15 16:25:52] "GET /xyz/openbmc_project/state/host0//attr/CurrentHostState HTTP/1.1" 200 212 0.098969
Sep 15 16:25:52 witherspoon phosphor-gevent[1131]: ::8009:6776:8e91:f402%1995574044 - - [2017-09-15 16:25:52] "POST /login HTTP/1.1" 200 320 0.049079
Sep 15 16:25:52 witherspoon phosphor-gevent[1131]: ::8009:6776:8e91:f402%1995574044 - - [2017-09-15 16:25:52] "GET /xyz/openbmc_project/logging/entry//list HTTP/1.1" 200 214 0.046473
Sep 15 16:25:52 witherspoon phosphor-gevent[1131]: ::8009:6776:8e91:f402%1995574044 - - [2017-09-15 16:25:52] "POST /login HTTP/1.1" 200 320 0.104120
Sep 15 16:25:53 witherspoon phosphor-gevent[1131]: ::8009:6776:8e91:f402%1995574044 - - [2017-09-15 16:25:53] "GET /xyz/openbmc_project/logging/entry//list HTTP/1.1" 200 214 1.066865
Sep 15 16:25:54 witherspoon phosphor-gevent[1131]: ::8009:6776:8e91:f402%1995574044 - - [2017-09-15 16:25:54] "POST /login HTTP/1.1" 200 320 0.032949
Sep 15 16:25:54 witherspoon phosphor-gevent[1131]: ::8009:6776:8e91:f402%1995574044 - - [2017-09-15 16:25:54] "DELETE /xyz/openbmc_project/logging/entry/1 HTTP/1.1" 200 169 0.082623
Sep 15 16:25:54 witherspoon phosphor-gevent[1131]: ::8009:6776:8e91:f402%1995574044 - - [2017-09-15 16:25:54] "POST /login HTTP/1.1" 200 320 0.033960
Sep 15 16:25:54 witherspoon phosphor-gevent[1131]: ::8009:6776:8e91:f402%1995574044 - - [2017-09-15 16:25:54] "GET /xyz/openbmc_project/state/host0//attr/CurrentHostState HTTP/1.1" 200 212 0.088591
Sep 15 16:25:54 witherspoon phosphor-gevent[1131]: ::8009:6776:8e91:f402%1995574044 - - [2017-09-15 16:25:54] "POST /login HTTP/1.1" 200 320 0.040082
Sep 15 16:25:54 witherspoon phosphor-gevent[1131]: ::8009:6776:8e91:f402%1995574044 - - [2017-09-15 16:25:54] "GET /xyz/openbmc_project/logging/entry//list HTTP/1.1" 404 311 0.030162
Sep 15 16:25:55 witherspoon phosphor-gevent[1131]: ::8009:6776:8e91:f402%1995574044 - - [2017-09-15 16:25:55] "POST /login HTTP/1.1" 200 320 0.033411
Sep 15 16:25:55 witherspoon phosphor-gevent[1131]: ::8009:6776:8e91:f402%1995574044 - - [2017-09-15 16:25:55] "GET /xyz/openbmc_project/logging/entry//list HTTP/1.1" 404 311 0.029613
Sep 15 16:25:55 witherspoon dropbear[1093]: Exit (root): Exited normally
Sep 15 16:25:58 witherspoon avahi-daemon[1025]: Withdrawing address record for 9.41.166.169 on eth0.
Sep 15 16:25:58 witherspoon avahi-daemon[1025]: Host name conflict, retrying with witherspoon-2
Sep 15 16:25:58 witherspoon avahi-daemon[1025]: Registering new address record for fe80::72e2:84ff:fe14:2420 on eth0.*.
Sep 15 16:25:58 witherspoon avahi-daemon[1025]: Registering new address record for 9.41.166.169 on eth0.IPv4.
Sep 15 16:25:59 witherspoon avahi-daemon[1025]: Withdrawing address record for fe80::72e2:84ff:fe14:2420 on eth0.
Sep 15 16:25:59 witherspoon avahi-daemon[1025]: Host name conflict, retrying with witherspoon-3
Sep 15 16:25:59 witherspoon avahi-daemon[1025]: Registering new address record for fe80::72e2:84ff:fe14:2420 on eth0.*.
Sep 15 16:25:59 witherspoon avahi-daemon[1025]: Registering new address record for 9.41.166.169 on eth0.IPv4.
Sep 15 16:26:00 witherspoon avahi-daemon[1025]: Withdrawing address record for 9.41.166.169 on eth0.
Sep 15 16:26:00 witherspoon avahi-daemon[1025]: Host name conflict, retrying with witherspoon-4
Sep 15 16:26:00 witherspoon avahi-daemon[1025]: Registering new address record for fe80::72e2:84ff:fe14:2420 on eth0.*.
Sep 15 16:26:00 witherspoon avahi-daemon[1025]: Registering new address record for 9.41.166.169 on eth0.IPv4.
Sep 15 16:26:01 witherspoon avahi-daemon[1025]: Withdrawing address record for 9.41.166.169 on eth0.
Sep 15 16:26:01 witherspoon avahi-daemon[1025]: Host name conflict, retrying with witherspoon-5
Sep 15 16:26:01 witherspoon avahi-daemon[1025]: Registering new address record for fe80::72e2:84ff:fe14:2420 on eth0.*.
Sep 15 16:26:01 witherspoon avahi-daemon[1025]: Registering new address record for 9.41.166.169 on eth0.IPv4.
Sep 15 16:26:02 witherspoon avahi-daemon[1025]: Withdrawing address record for 9.41.166.169 on eth0.
Sep 15 16:26:02 witherspoon avahi-daemon[1025]: Host name conflict, retrying with witherspoon-6
Sep 15 16:26:02 witherspoon avahi-daemon[1025]: Registering new address record for fe80::72e2:84ff:fe14:2420 on eth0.*.
Sep 15 16:26:02 witherspoon avahi-daemon[1025]: Registering new address record for 9.41.166.169 on eth0.IPv4.
Sep 15 16:26:03 witherspoon avahi-daemon[1025]: Withdrawing address record for 9.41.166.169 on eth0.
Sep 15 16:26:03 witherspoon avahi-daemon[1025]: Host name conflict, retrying with witherspoon-7
Sep 15 16:26:03 witherspoon avahi-daemon[1025]: Registering new address record for fe80::72e2:84ff:fe14:2420 on eth0.*.
Sep 15 16:26:03 witherspoon avahi-daemon[1025]: Registering new address record for 9.41.166.169 on eth0.IPv4.
Sep 15 16:26:04 witherspoon avahi-daemon[1025]: Withdrawing address record for 9.41.166.169 on eth0.
Sep 15 16:26:04 witherspoon avahi-daemon[1025]: Host name conflict, retrying with witherspoon-8
Sep 15 16:26:04 witherspoon avahi-daemon[1025]: Registering new address record for fe80::72e2:84ff:fe14:2420 on eth0.*.
Sep 15 16:26:04 witherspoon avahi-daemon[1025]: Registering new address record for 9.41.166.169 on eth0.IPv4.
Sep 15 16:26:05 witherspoon avahi-daemon[1025]: Withdrawing address record for 9.41.166.169 on eth0.
Sep 15 16:26:05 witherspoon avahi-daemon[1025]: Host name conflict, retrying with witherspoon-9
Sep 15 16:26:05 witherspoon avahi-daemon[1025]: Registering new address record for fe80::72e2:84ff:fe14:2420 on eth0.*.
Sep 15 16:26:05 witherspoon avahi-daemon[1025]: Registering new address record for 9.41.166.169 on eth0.IPv4.
Sep 15 16:26:06 witherspoon avahi-daemon[1025]: Withdrawing address record for 9.41.166.169 on eth0.
Sep 15 16:26:06 witherspoon avahi-daemon[1025]: Host name conflict, retrying with witherspoon-10
Sep 15 16:26:06 witherspoon avahi-daemon[1025]: Registering new address record for fe80::72e2:84ff:fe14:2420 on eth0.*.
Sep 15 16:26:06 witherspoon avahi-daemon[1025]: Registering new address record for 9.41.166.169 on eth0.IPv4.
Sep 15 16:26:07 witherspoon avahi-daemon[1025]: Withdrawing address record for 9.41.166.169 on eth0.
Sep 15 16:26:07 witherspoon avahi-daemon[1025]: Host name conflict, retrying with witherspoon-11
Sep 15 16:26:07 witherspoon avahi-daemon[1025]: Registering new address record for fe80::72e2:84ff:fe14:2420 on eth0.*.
Sep 15 16:26:07 witherspoon avahi-daemon[1025]: Registering new address record for 9.41.166.169 on eth0.IPv4.
Sep 15 16:26:08 witherspoon avahi-daemon[1025]: Withdrawing address record for 9.41.166.169 on eth0.
Sep 15 16:26:08 witherspoon avahi-daemon[1025]: Host name conflict, retrying with witherspoon-12
Sep 15 16:26:08 witherspoon avahi-daemon[1025]: Registering new address record for fe80::72e2:84ff:fe14:2420 on eth0.*.
Sep 15 16:26:08 witherspoon avahi-daemon[1025]: Registering new address record for 9.41.166.169 on eth0.IPv4.
Sep 15 16:26:09 witherspoon avahi-daemon[1025]: Withdrawing address record for 9.41.166.169 on eth0.
Sep 15 16:26:09 witherspoon avahi-daemon[1025]: Host name conflict, retrying with witherspoon-13
Sep 15 16:26:09 witherspoon avahi-daemon[1025]: Registering new address record for fe80::72e2:84ff:fe14:2420 on eth0.*.
Sep 15 16:26:09 witherspoon avahi-daemon[1025]: Registering new address record for 9.41.166.169 on eth0.IPv4.
Sep 15 16:26:10 witherspoon avahi-daemon[1025]: Withdrawing address record for 9.41.166.169 on eth0.
Sep 15 16:26:10 witherspoon avahi-daemon[1025]: Host name conflict, retrying with witherspoon-14
Sep 15 16:26:10 witherspoon avahi-daemon[1025]: Registering new address record for fe80::72e2:84ff:fe14:2420 on eth0.*.
Sep 15 16:26:10 witherspoon avahi-daemon[1025]: Registering new address record for 9.41.166.169 on eth0.IPv4.
Sep 15 16:26:11 witherspoon avahi-daemon[1025]: Withdrawing address record for 9.41.166.169 on eth0.
Sep 15 16:26:11 witherspoon avahi-daemon[1025]: Host name conflict, retrying with witherspoon-15
Sep 15 16:26:11 witherspoon avahi-daemon[1025]: Registering new address record for fe80::72e2:84ff:fe14:2420 on eth0.*.
Sep 15 16:26:11 witherspoon avahi-daemon[1025]: Registering new address record for 9.41.166.169 on eth0.IPv4.
Sep 15 16:26:12 witherspoon avahi-daemon[1025]: Withdrawing address record for 9.41.166.169 on eth0.
Sep 15 16:26:12 witherspoon avahi-daemon[1025]: Host name conflict, retrying with witherspoon-16
Sep 15 16:26:12 witherspoon avahi-daemon[1025]: Registering new address record for fe80::72e2:84ff:fe14:2420 on eth0.*.
Sep 15 16:26:12 witherspoon avahi-daemon[1025]: Registering new address record for 9.41.166.169 on eth0.IPv4.
Sep 15 16:26:32 witherspoon avahi-daemon[1025]: Withdrawing address record for 9.41.166.169 on eth0.
Sep 15 16:26:32 witherspoon avahi-daemon[1025]: Host name conflict, retrying with witherspoon-17
Sep 15 16:26:32 witherspoon avahi-daemon[1025]: Registering new address record for fe80::72e2:84ff:fe14:2420 on eth0.*.
Sep 15 16:26:32 witherspoon avahi-daemon[1025]: Registering new address record for 9.41.166.169 on eth0.IPv4.
Sep 15 16:26:52 witherspoon avahi-daemon[1025]: Server startup complete. Host name is witherspoon-17.local. Local service cookie is 2013563946.
Sep 15 16:26:53 witherspoon avahi-daemon[1025]: Service name conflict for "sftp" (/services/sftp.service), retrying with "sftp #2".
Sep 15 16:26:53 witherspoon avahi-daemon[1025]: Service name conflict for "obmc_console" (/services/obmc_console.service), retrying with "obmc_console #2".
Sep 15 16:26:53 witherspoon avahi-daemon[1025]: Service name conflict for "phosphor_rest" (/services/phosphor_rest.service), retrying with "phosphor_rest #2".
Sep 15 16:26:53 witherspoon avahi-daemon[1025]: Service "witherspoon-17" (/services/ssh.service) successfully established.
Sep 15 16:26:53 witherspoon avahi-daemon[1025]: Service "witherspoon-17" (/services/sftp-ssh.service) successfully established.
Sep 15 16:26:54 witherspoon avahi-daemon[1025]: Service name conflict for "phosphor_rest" (/services/phosphor_rest.service), retrying with "phosphor_rest #3".
Sep 15 16:26:54 witherspoon avahi-daemon[1025]: Service name conflict for "sftp" (/services/sftp.service), retrying with "sftp #3".
Sep 15 16:26:54 witherspoon avahi-daemon[1025]: Service name conflict for "obmc_console" (/services/obmc_console.service), retrying with "obmc_console #3".
Sep 15 16:26:55 witherspoon avahi-daemon[1025]: Service name conflict for "phosphor_rest" (/services/phosphor_rest.service), retrying with "phosphor_rest #4".
Sep 15 16:26:55 witherspoon avahi-daemon[1025]: Service name conflict for "obmc_console" (/services/obmc_console.service), retrying with "obmc_console #4".
Sep 15 16:26:55 witherspoon avahi-daemon[1025]: Service name conflict for "sftp" (/services/sftp.service), retrying with "sftp #4".
Sep 15 16:26:56 witherspoon avahi-daemon[1025]: Service name conflict for "obmc_console" (/services/obmc_console.service), retrying with "obmc_console #5".
Sep 15 16:26:56 witherspoon avahi-daemon[1025]: Service name conflict for "sftp" (/services/sftp.service), retrying with "sftp #5".
Sep 15 16:26:56 witherspoon avahi-daemon[1025]: Service name conflict for "phosphor_rest" (/services/phosphor_rest.service), retrying with "phosphor_rest #5".
Sep 15 16:26:57 witherspoon avahi-daemon[1025]: Service name conflict for "phosphor_rest" (/services/phosphor_rest.service), retrying with "phosphor_rest #6".
Sep 15 16:26:57 witherspoon avahi-daemon[1025]: Service name conflict for "sftp" (/services/sftp.service), retrying with "sftp #6".
Sep 15 16:26:57 witherspoon avahi-daemon[1025]: Service name conflict for "obmc_console" (/services/obmc_console.service), retrying with "obmc_console #6".
Sep 15 16:26:58 witherspoon avahi-daemon[1025]: Service name conflict for "sftp" (/services/sftp.service), retrying with "sftp #7".
Sep 15 16:26:58 witherspoon avahi-daemon[1025]: Service name conflict for "obmc_console" (/services/obmc_console.service), retrying with "obmc_console #7".
Sep 15 16:26:58 witherspoon avahi-daemon[1025]: Service name conflict for "phosphor_rest" (/services/phosphor_rest.service), retrying with "phosphor_rest #7".
Sep 15 16:26:59 witherspoon avahi-daemon[1025]: Service name conflict for "sftp" (/services/sftp.service), retrying with "sftp #8".
Sep 15 16:26:59 witherspoon avahi-daemon[1025]: Service name conflict for "phosphor_rest" (/services/phosphor_rest.service), retrying with "phosphor_rest #8".
Sep 15 16:26:59 witherspoon avahi-daemon[1025]: Service name conflict for "obmc_console" (/services/obmc_console.service), retrying with "obmc_console #8".
Sep 15 16:27:00 witherspoon avahi-daemon[1025]: Service name conflict for "phosphor_rest" (/services/phosphor_rest.service), retrying with "phosphor_rest #9".
Sep 15 16:27:00 witherspoon avahi-daemon[1025]: Service name conflict for "obmc_console" (/services/obmc_console.service), retrying with "obmc_console #9".
Sep 15 16:27:00 witherspoon avahi-daemon[1025]: Service name conflict for "sftp" (/services/sftp.service), retrying with "sftp #9".
Sep 15 16:27:01 witherspoon avahi-daemon[1025]: Service name conflict for "phosphor_rest" (/services/phosphor_rest.service), retrying with "phosphor_rest #10".
Sep 15 16:27:01 witherspoon avahi-daemon[1025]: Service name conflict for "obmc_console" (/services/obmc_console.service), retrying with "obmc_console #10".
Sep 15 16:27:01 witherspoon avahi-daemon[1025]: Service name conflict for "sftp" (/services/sftp.service), retrying with "sftp #10".
Sep 15 16:27:02 witherspoon avahi-daemon[1025]: Service name conflict for "phosphor_rest" (/services/phosphor_rest.service), retrying with "phosphor_rest #11".
Sep 15 16:27:02 witherspoon avahi-daemon[1025]: Service name conflict for "sftp" (/services/sftp.service), retrying with "sftp #11".
Sep 15 16:27:02 witherspoon avahi-daemon[1025]: Service name conflict for "obmc_console" (/services/obmc_console.service), retrying with "obmc_console #11".
Sep 15 16:27:03 witherspoon avahi-daemon[1025]: Service name conflict for "phosphor_rest" (/services/phosphor_rest.service), retrying with "phosphor_rest #12".
Sep 15 16:27:03 witherspoon avahi-daemon[1025]: Service name conflict for "obmc_console" (/services/obmc_console.service), retrying with "obmc_console #12".
Sep 15 16:27:03 witherspoon avahi-daemon[1025]: Service name conflict for "sftp" (/services/sftp.service), retrying with "sftp #12".
Sep 15 16:27:04 witherspoon avahi-daemon[1025]: Service name conflict for "sftp" (/services/sftp.service), retrying with "sftp #13".
Sep 15 16:27:04 witherspoon avahi-daemon[1025]: Service name conflict for "obmc_console" (/services/obmc_console.service), retrying with "obmc_console #13".
Sep 15 16:27:04 witherspoon avahi-daemon[1025]: Service name conflict for "phosphor_rest" (/services/phosphor_rest.service), retrying with "phosphor_rest #13".
Sep 15 16:27:05 witherspoon avahi-daemon[1025]: Service name conflict for "sftp" (/services/sftp.service), retrying with "sftp #14".
Sep 15 16:27:05 witherspoon avahi-daemon[1025]: Service name conflict for "phosphor_rest" (/services/phosphor_rest.service), retrying with "phosphor_rest #14".
Sep 15 16:27:05 witherspoon avahi-daemon[1025]: Service name conflict for "obmc_console" (/services/obmc_console.service), retrying with "obmc_console #14".
Sep 15 16:27:06 witherspoon avahi-daemon[1025]: Service name conflict for "phosphor_rest" (/services/phosphor_rest.service), retrying with "phosphor_rest #15".
Sep 15 16:27:06 witherspoon avahi-daemon[1025]: Service name conflict for "sftp" (/services/sftp.service), retrying with "sftp #15".
Sep 15 16:27:06 witherspoon avahi-daemon[1025]: Service name conflict for "obmc_console" (/services/obmc_console.service), retrying with "obmc_console #15".
Sep 15 16:27:06 witherspoon systemd[1]: Started SSH Per-Connection Server (9.41.165.94:43358).
Sep 15 16:27:06 witherspoon dropbear[1263]: Failed loading /etc/dropbear/dropbear_dss_host_key
