-- Logs begin at Tue 2017-07-25 16:30:17 UTC, end at Tue 2017-07-25 16:37:36 UTC. --
Jul 25 16:30:17 witherspoon kernel: Booting Linux on physical CPU 0x0
Jul 25 16:30:17 witherspoon kernel: Linux version 4.10.17-d6ae40dc4c4dff3265cc254d404ed6b03fcc2206 (jenkins@openbmc-builder1) (gcc version 6.2.0 (GCC) ) #1 Tue Jul 25 16:15:23 UTC 2017
Jul 25 16:30:17 witherspoon kernel: CPU: ARMv6-compatible processor [410fb767] revision 7 (ARMv7), cr=00c5387d
Jul 25 16:30:17 witherspoon kernel: CPU: PIPT / VIPT nonaliasing data cache, VIPT nonaliasing instruction cache
Jul 25 16:30:17 witherspoon kernel: OF: fdt:Machine model: Witherspoon BMC
Jul 25 16:30:17 witherspoon kernel: Memory policy: Data cache writeback
Jul 25 16:30:17 witherspoon kernel: SOC Rev: 04030303
Jul 25 16:30:17 witherspoon kernel: On node 0 totalpages: 110592
Jul 25 16:30:17 witherspoon kernel: free_area_init_node: node 0, pgdat 805fd514, node_mem_map 9ec1a000
Jul 25 16:30:17 witherspoon kernel:   Normal zone: 992 pages used for memmap
Jul 25 16:30:17 witherspoon kernel:   Normal zone: 0 pages reserved
Jul 25 16:30:17 witherspoon kernel:   Normal zone: 110592 pages, LIFO batch:31
Jul 25 16:30:17 witherspoon kernel: pcpu-alloc: s0 r0 d32768 u32768 alloc=1*32768
Jul 25 16:30:17 witherspoon kernel: pcpu-alloc: [0] 0 
Jul 25 16:30:17 witherspoon kernel: Built 1 zonelists in Zone order, mobility grouping on.  Total pages: 109600
Jul 25 16:30:17 witherspoon kernel: Kernel command line: console=ttyS4,115200n8 root=/dev/ram rw
Jul 25 16:30:17 witherspoon kernel: PID hash table entries: 2048 (order: 1, 8192 bytes)
Jul 25 16:30:17 witherspoon kernel: Dentry cache hash table entries: 65536 (order: 6, 262144 bytes)
Jul 25 16:30:17 witherspoon kernel: Inode-cache hash table entries: 32768 (order: 5, 131072 bytes)
Jul 25 16:30:17 witherspoon kernel: Memory: 430448K/442368K available (4063K kernel code, 280K rwdata, 1188K rodata, 284K init, 111K bss, 11920K reserved, 0K cma-reserved)
Jul 25 16:30:17 witherspoon kernel: Virtual kernel memory layout:
                                        vector  : 0xffff0000 - 0xffff1000   (   4 kB)
                                        fixmap  : 0xffc00000 - 0xfff00000   (3072 kB)
                                        vmalloc : 0x9f800000 - 0xff800000   (1536 MB)
                                        lowmem  : 0x80000000 - 0x9f000000   ( 496 MB)
                                          .text : 0x80008000 - 0x803fff60   (4064 kB)
                                          .init : 0x80583000 - 0x805ca000   ( 284 kB)
                                          .data : 0x805ca000 - 0x806102a8   ( 281 kB)
                                           .bss : 0x806102a8 - 0x8062c158   ( 112 kB)
Jul 25 16:30:17 witherspoon kernel: NR_IRQS:16 nr_irqs:16 16
Jul 25 16:30:17 witherspoon kernel: i2c controller registered, irq 16
Jul 25 16:30:17 witherspoon kernel: clocksource: moxart_timer: mask: 0xffffffff max_cycles: 0xffffffff, max_idle_ns: 77222644334 ns
Jul 25 16:30:17 witherspoon kernel: sched_clock: 32 bits at 100 Hz, resolution 10000000ns, wraps every 21474836475000000ns
Jul 25 16:30:17 witherspoon kernel: Calibrating delay loop... 789.70 BogoMIPS (lpj=3948544)
Jul 25 16:30:17 witherspoon kernel: pid_max: default: 32768 minimum: 301
Jul 25 16:30:17 witherspoon kernel: Mount-cache hash table entries: 1024 (order: 0, 4096 bytes)
Jul 25 16:30:17 witherspoon kernel: Mountpoint-cache hash table entries: 1024 (order: 0, 4096 bytes)
Jul 25 16:30:17 witherspoon kernel: CPU: Testing write buffer coherency: ok
Jul 25 16:30:17 witherspoon kernel: ftrace: allocating 14933 entries in 44 pages
Jul 25 16:30:17 witherspoon kernel: Setting up static identity map for 0x80008200 - 0x8000825c
Jul 25 16:30:17 witherspoon kernel: devtmpfs: initialized
Jul 25 16:30:17 witherspoon kernel: clocksource: jiffies: mask: 0xffffffff max_cycles: 0xffffffff, max_idle_ns: 19112604462750000 ns
Jul 25 16:30:17 witherspoon kernel: futex hash table entries: 256 (order: -1, 3072 bytes)
Jul 25 16:30:17 witherspoon kernel: pinctrl core: initialized pinctrl subsystem
Jul 25 16:30:17 witherspoon kernel: NET: Registered protocol family 16
Jul 25 16:30:17 witherspoon kernel: DMA: preallocated 256 KiB pool for atomic coherent allocations
Jul 25 16:30:17 witherspoon kernel: usbcore: registered new interface driver usbfs
Jul 25 16:30:17 witherspoon kernel: usbcore: registered new interface driver hub
Jul 25 16:30:17 witherspoon kernel: usbcore: registered new device driver usb
Jul 25 16:30:17 witherspoon kernel: clocksource: Switched to clocksource moxart_timer
Jul 25 16:30:17 witherspoon kernel: NET: Registered protocol family 2
Jul 25 16:30:17 witherspoon kernel: TCP established hash table entries: 4096 (order: 2, 16384 bytes)
Jul 25 16:30:17 witherspoon kernel: TCP bind hash table entries: 4096 (order: 2, 16384 bytes)
Jul 25 16:30:17 witherspoon kernel: TCP: Hash tables configured (established 4096 bind 4096)
Jul 25 16:30:17 witherspoon kernel: UDP hash table entries: 256 (order: 0, 4096 bytes)
Jul 25 16:30:17 witherspoon kernel: UDP-Lite hash table entries: 256 (order: 0, 4096 bytes)
Jul 25 16:30:17 witherspoon kernel: NET: Registered protocol family 1
Jul 25 16:30:17 witherspoon kernel: Trying to unpack rootfs image as initramfs...
Jul 25 16:30:17 witherspoon kernel: Freeing initrd memory: 1548K
Jul 25 16:30:17 witherspoon kernel: workingset: timestamp_bits=30 max_order=17 bucket_order=0
Jul 25 16:30:17 witherspoon kernel: squashfs: version 4.0 (2009/01/31) Phillip Lougher
Jul 25 16:30:17 witherspoon kernel: jffs2: version 2.2. (SUMMARY)  © 2001-2006 Red Hat, Inc.
Jul 25 16:30:17 witherspoon kernel: Block layer SCSI generic (bsg) driver version 0.4 loaded (major 250)
Jul 25 16:30:17 witherspoon kernel: io scheduler noop registered
Jul 25 16:30:17 witherspoon kernel: io scheduler deadline registered
Jul 25 16:30:17 witherspoon kernel: io scheduler cfq registered (default)
Jul 25 16:30:17 witherspoon kernel: ipmi-bt-host 1e789140.ibt: Found bt bmc device
Jul 25 16:30:17 witherspoon kernel: ipmi-bt-host 1e789140.ibt: Using IRQ 22
Jul 25 16:30:17 witherspoon kernel: Serial: 8250/16550 driver, 6 ports, IRQ sharing enabled
Jul 25 16:30:17 witherspoon kernel: 1e783000.serial: ttyS0 at MMIO 0x1e783000 (irq = 23, base_baud = 1500000) is a 16550A
Jul 25 16:30:17 witherspoon kernel: 1e78d000.serial: ttyS1 at MMIO 0x1e78d000 (irq = 24, base_baud = 1500000) is a 16550A
Jul 25 16:30:17 witherspoon kernel: 1e784000.serial: ttyS4 at MMIO 0x1e784000 (irq = 25, base_baud = 1500000) is a 16550A
Jul 25 16:30:17 witherspoon kernel: console [ttyS4] enabled
Jul 25 16:30:17 witherspoon kernel: 1e787000.vuart: ttyS2 at MMIO 0x1e787000 (irq = 22, base_baud = 1500000) is a 16550A
Jul 25 16:30:17 witherspoon kernel: timeriomem_rng 1e6e2078.hwrng: 32bits from 0xf00e2078 @ 1us
Jul 25 16:30:17 witherspoon kernel: random: fast init done
Jul 25 16:30:17 witherspoon kernel: brd: module loaded
Jul 25 16:30:17 witherspoon kernel: random: crng init done
Jul 25 16:30:17 witherspoon kernel: loop: module loaded
Jul 25 16:30:17 witherspoon kernel: aspeed-lpc-ctrl 1e789080.lpc-ctrl: Loaded at 0x98000000 (0x04000000)
Jul 25 16:30:17 witherspoon kernel: aspeed-smc 1e620000.flash-controller: Using IRQ 18
Jul 25 16:30:17 witherspoon kernel: aspeed-smc 1e620000.flash-controller: DMA support disabled.
Jul 25 16:30:17 witherspoon kernel: aspeed-smc 1e620000.flash-controller: mx25l25635e (32768 Kbytes)
Jul 25 16:30:17 witherspoon kernel: aspeed-smc 1e620000.flash-controller: CE0 window [ 0x20000000 - 0x22000000 ] 32MB
Jul 25 16:30:17 witherspoon kernel: aspeed-smc 1e620000.flash-controller: CE1 window [ 0x22000000 - 0x2a000000 ] 128MB
Jul 25 16:30:17 witherspoon kernel: 5 ofpart partitions found on MTD device bmc
Jul 25 16:30:17 witherspoon kernel: Creating 5 MTD partitions on "bmc":
Jul 25 16:30:17 witherspoon kernel: 0x000000000000-0x000000060000 : "u-boot"
Jul 25 16:30:17 witherspoon kernel: 0x000000060000-0x000000080000 : "u-boot-env"
Jul 25 16:30:17 witherspoon kernel: 0x000000080000-0x0000004c0000 : "kernel"
Jul 25 16:30:17 witherspoon kernel: 0x0000004c0000-0x000001c00000 : "rofs"
Jul 25 16:30:17 witherspoon kernel: 0x000001c00000-0x000002000000 : "rwfs"
Jul 25 16:30:17 witherspoon kernel: aspeed-smc 1e620000.flash-controller: mx25l25635e (32768 Kbytes)
Jul 25 16:30:17 witherspoon kernel: aspeed-smc 1e620000.flash-controller: CE1 window [ 0x22000000 - 0x24000000 ] 32MB
Jul 25 16:30:17 witherspoon kernel: aspeed-smc 1e620000.flash-controller: CE2 window [ 0x24000000 - 0x2c000000 ] 128MB
Jul 25 16:30:17 witherspoon kernel: aspeed-smc 1e630000.flash-controller: mx66l1g45g (131072 Kbytes)
Jul 25 16:30:17 witherspoon kernel: aspeed-smc 1e630000.flash-controller: CE0 window resized to 120MB (AST2500 HW quirk)
Jul 25 16:30:17 witherspoon kernel: aspeed-smc 1e630000.flash-controller: CE0 window [ 0x30000000 - 0x37800000 ] 120MB
Jul 25 16:30:17 witherspoon kernel: aspeed-smc 1e630000.flash-controller: CE0 window too small for chip 128MB
Jul 25 16:30:17 witherspoon kernel: aspeed-smc 1e630000.flash-controller: CE1 window [ 0x37800000 - 0x38000000 ] 8MB
Jul 25 16:30:17 witherspoon kernel: libphy: Fixed MDIO Bus: probed
Jul 25 16:30:17 witherspoon kernel: ftgmac100 1e660000.ethernet: Read MAC address 70:e2:84:14:28:a9 from chip
Jul 25 16:30:17 witherspoon kernel: ftgmac100 1e660000.ethernet: Using NCSI interface
Jul 25 16:30:17 witherspoon kernel: ftgmac100 1e660000.ethernet eth0: irq 20, mapped at f0060000
Jul 25 16:30:17 witherspoon kernel: ehci_hcd: USB 2.0 'Enhanced' Host Controller (EHCI) Driver
Jul 25 16:30:17 witherspoon kernel: ehci-platform: EHCI generic platform driver
Jul 25 16:30:17 witherspoon kernel:  fsi0: can't read slave 00:00 -5
Jul 25 16:30:17 witherspoon kernel: i2c /dev entries driver
Jul 25 16:30:17 witherspoon kernel: aspeed-i2c-bus 1e78a0c0.i2c-bus: i2c bus 2 registered, irq 26
Jul 25 16:30:17 witherspoon kernel: aspeed-i2c-bus 1e78a100.i2c-bus: i2c bus 3 registered, irq 27
Jul 25 16:30:17 witherspoon kernel: aspeed-i2c-bus 1e78a140.i2c-bus: i2c bus 4 registered, irq 28
Jul 25 16:30:17 witherspoon kernel: aspeed-i2c-bus 1e78a180.i2c-bus: i2c bus 5 registered, irq 29
Jul 25 16:30:17 witherspoon kernel: aspeed-i2c-bus 1e78a380.i2c-bus: i2c bus 9 registered, irq 30
Jul 25 16:30:17 witherspoon kernel: aspeed-i2c-bus 1e78a3c0.i2c-bus: i2c bus 10 registered, irq 31
Jul 25 16:30:17 witherspoon kernel: rtc-rv8803 11-0032: Voltage low, temperature compensation stopped.
Jul 25 16:30:17 witherspoon kernel: rtc-rv8803 11-0032: rtc core: registered rx8900 as rtc0
Jul 25 16:30:17 witherspoon kernel: at24 11-0051: 8192 byte 24c64 EEPROM, writable, 1 bytes/write
Jul 25 16:30:17 witherspoon kernel: aspeed-i2c-bus 1e78a400.i2c-bus: i2c bus 11 registered, irq 32
Jul 25 16:30:17 witherspoon kernel: aspeed-i2c-bus 1e78a440.i2c-bus: i2c bus 12 registered, irq 33
Jul 25 16:30:17 witherspoon kernel: aspeed-i2c-bus 1e78a480.i2c-bus: i2c bus 13 registered, irq 34
Jul 25 16:30:17 witherspoon kernel: Driver for 1-wire Dallas network protocol.
Jul 25 16:30:17 witherspoon kernel: lm75 9-004a: hwmon0: sensor 'tmp275'
Jul 25 16:30:17 witherspoon kernel: ucd9000 11-0064: Device ID UCD90160|2.3.4.0000|110603
Jul 25 16:30:17 witherspoon kernel: leds-pca955x 3-0060: leds-pca955x: Using pca9552 16-bit LED driver at slave address 0x60
Jul 25 16:30:17 witherspoon kernel: leds-pca955x 11-0060: leds-pca955x: Using pca9552 16-bit LED driver at slave address 0x60
Jul 25 16:30:17 witherspoon kernel: leds-pca955x 11-0060: gpios 264...279
Jul 25 16:30:17 witherspoon kernel: usbcore: registered new interface driver usbhid
Jul 25 16:30:17 witherspoon kernel: usbhid: USB HID core driver
Jul 25 16:30:17 witherspoon kernel: bmp280: probe of 3-0077 failed with error -5
Jul 25 16:30:17 witherspoon kernel: dps310 3-0076: iio:device1: sensor 'dps310'
Jul 25 16:30:17 witherspoon kernel: NET: Registered protocol family 10
Jul 25 16:30:17 witherspoon kernel: Segment Routing with IPv6
Jul 25 16:30:17 witherspoon kernel: NET: Registered protocol family 17
Jul 25 16:30:17 witherspoon kernel: 8021q: 802.1Q VLAN Support v1.8
Jul 25 16:30:17 witherspoon kernel: console [netcon0] enabled
Jul 25 16:30:17 witherspoon kernel: netconsole: network logging started
Jul 25 16:30:17 witherspoon kernel: input: gpio-keys as /devices/platform/gpio-keys/input/input0
Jul 25 16:30:17 witherspoon kernel: rtc-rv8803 11-0032: setting system clock to 2017-07-25 16:30:03 UTC (1501000203)
Jul 25 16:30:17 witherspoon kernel: Freeing unused kernel memory: 284K
Jul 25 16:30:17 witherspoon kernel: This architecture does not have kernel memory protection.
Jul 25 16:30:17 witherspoon kernel: jffs2: notice: (526) jffs2_build_xattr_subsystem: complete building xattr subsystem, 0 of xdatum (0 unchecked, 0 orphan) and 0 of xref (0 dead, 0 orphan) found.
Jul 25 16:30:17 witherspoon systemd[1]: Failed to insert module 'autofs4': No such file or directory
Jul 25 16:30:17 witherspoon systemd[1]: systemd 232 running in system mode. (+PAM -AUDIT -SELINUX -IMA -APPARMOR -SMACK +SYSVINIT -UTMP -LIBCRYPTSETUP -GCRYPT -GNUTLS +ACL +XZ -LZ4 -SECCOMP +BLKID -ELFUTILS +KMOD -IDN)
Jul 25 16:30:17 witherspoon systemd[1]: Detected architecture arm.
Jul 25 16:30:17 witherspoon systemd[1]: Set hostname to <witherspoon>.
Jul 25 16:30:17 witherspoon systemd[1]: Listening on Syslog Socket.
Jul 25 16:30:17 witherspoon systemd[1]: Listening on Journal Socket (/dev/log).
Jul 25 16:30:17 witherspoon systemd[1]: Created slice System Slice.
Jul 25 16:30:17 witherspoon systemd[1]: Created slice system-mapper\x2dwait.slice.
Jul 25 16:30:17 witherspoon systemd[1]: Created slice system-phosphor\x2dreset\x2dhost\x2dcheck.slice.
Jul 25 16:30:17 witherspoon systemd[1]: Created slice system-obmc\x2dconsole.slice.
Jul 25 16:30:17 witherspoon systemd[1]: Created slice system-org.openbmc.buttons.reset.slice.
Jul 25 16:30:17 witherspoon systemd[1]: Listening on Network Service Netlink Socket.
Jul 25 16:30:17 witherspoon systemd[1]: Mounting Temporary Directory...
Jul 25 16:30:17 witherspoon systemd[1]: Created slice system-op\x2dreset\x2dchassis\x2drunning.slice.
Jul 25 16:30:17 witherspoon systemd[1]: Listening on /dev/initctl Compatibility Named Pipe.
Jul 25 16:30:17 witherspoon systemd[1]: Mounting Debug File System...
Jul 25 16:30:17 witherspoon systemd[1]: Listening on udev Control Socket.
Jul 25 16:30:17 witherspoon systemd[1]: Created slice system-obmc\x2dled\x2dgroup\x2dstart.slice.
Jul 25 16:30:17 witherspoon systemd[1]: Started Dispatch Password Requests to Console Directory Watch.
Jul 25 16:30:17 witherspoon systemd[1]: Created slice system-serial\x2dgetty.slice.
Jul 25 16:30:17 witherspoon systemd[1]: Started Forward Password Requests to Wall Directory Watch.
Jul 25 16:30:17 witherspoon systemd[1]: Starting udev Coldplug all Devices...
Jul 25 16:30:17 witherspoon systemd-journald[557]: Journal started
Jul 25 16:30:17 witherspoon systemd-journald[557]: Runtime journal (/run/log/journal/12c6a00ebfdd479284cf09f39d1bc042) is 0B, max 0B, 0B free.
Jul 25 16:30:17 witherspoon systemd-sysctl[549]: Couldn't write '16' to 'kernel/sysrq', ignoring: No such file or directory
Jul 25 16:30:17 witherspoon systemd-sysctl[549]: Couldn't write 'fq_codel' to 'net/core/default_qdisc', ignoring: No such file or directory
Jul 25 16:30:18 witherspoon systemd[1]: Created slice system-phosphor\x2dreset\x2dhost\x2drunning.slice.
Jul 25 16:30:18 witherspoon systemd[1]: Created slice system-org.openbmc.control.Power.slice.
Jul 25 16:30:19 witherspoon systemd[1]: Mounted Debug File System.
Jul 25 16:30:19 witherspoon systemd[1]: Mounted Temporary Directory.
Jul 25 16:30:20 witherspoon systemd[1]: Started Journal Service.
Jul 25 16:30:20 witherspoon systemd[1]: Started Apply Kernel Variables.
Jul 25 16:30:20 witherspoon systemd[1]: Started Remount Root and Kernel File Systems.
Jul 25 16:30:20 witherspoon systemd[1]: Starting Create System Users...
Jul 25 16:30:20 witherspoon systemd[1]: Starting Flush Journal to Persistent Storage...
Jul 25 16:30:21 witherspoon systemd[1]: Started udev Coldplug all Devices.
Jul 25 16:30:21 witherspoon systemd[1]: Started Create System Users.
Jul 25 16:30:21 witherspoon systemd[1]: Starting Create Static Device Nodes in /dev...
Jul 25 16:30:22 witherspoon systemd-journald[557]: Runtime journal (/run/log/journal/12c6a00ebfdd479284cf09f39d1bc042) is 0B, max 0B, 0B free.
Jul 25 16:30:22 witherspoon systemd[1]: Started Flush Journal to Persistent Storage.
Jul 25 16:30:22 witherspoon systemd[1]: Started Create Static Device Nodes in /dev.
Jul 25 16:30:23 witherspoon systemd[1]: Starting udev Kernel Device Manager...
Jul 25 16:30:23 witherspoon systemd[1]: Reached target Local File Systems (Pre).
Jul 25 16:30:23 witherspoon systemd[1]: Mounting /var/volatile...
Jul 25 16:30:23 witherspoon systemd[1]: Mounted /var/volatile.
Jul 25 16:30:23 witherspoon systemd[1]: Reached target Local File Systems.
Jul 25 16:30:23 witherspoon systemd[1]: Starting Rebuild Journal Catalog...
Jul 25 16:30:23 witherspoon systemd[1]: Starting Create Volatile Files and Directories...
Jul 25 16:30:23 witherspoon systemd[1]: Starting Load/Save Random Seed...
Jul 25 16:30:23 witherspoon systemd[1]: Started Rebuild Journal Catalog.
Jul 25 16:30:23 witherspoon systemd[1]: Starting Update is Completed...
Jul 25 16:30:23 witherspoon systemd-tmpfiles[896]: "/var/tmp" already exists and is not a directory.
Jul 25 16:30:23 witherspoon systemd-tmpfiles[896]: "/var/log" already exists and is not a directory.
Jul 25 16:30:23 witherspoon systemd[1]: Started Create Volatile Files and Directories.
Jul 25 16:30:23 witherspoon systemd[1]: Starting Network Time Synchronization...
Jul 25 16:30:23 witherspoon systemd[1]: Starting Run pending postinsts...
Jul 25 16:30:24 witherspoon systemd[1]: Started Load/Save Random Seed.
Jul 25 16:30:24 witherspoon systemd[1]: Started Update is Completed.
Jul 25 16:30:24 witherspoon systemd[1]: Started udev Kernel Device Manager.
Jul 25 16:30:24 witherspoon systemd[1]: Started Network Time Synchronization.
Jul 25 16:30:24 witherspoon systemd[1]: Reached target System Time Synchronized.
Jul 25 16:30:25 witherspoon run-postinsts[903]: Running postinst /etc/rpm-postinsts/libglib-2.0-0...
Jul 25 16:30:26 witherspoon systemd[1]: Created slice system-xyz.openbmc_project.Hwmon.slice.
Jul 25 16:30:26 witherspoon systemd[1]: dev-hugepages.mount: Couldn't determine result for ConditionVirtualization=!private-users, assuming failed: No such file or directory
Jul 25 16:30:26 witherspoon systemd[1]: Found device /dev/aspeed-lpc-ctrl.
Jul 25 16:30:26 witherspoon systemd[1]: Found device /dev/aspeed-mbox.
Jul 25 16:30:27 witherspoon systemd[1]: Found device /dev/ttyS4.
Jul 25 16:30:27 witherspoon systemd[1]: Found device /dev/ttyVUART0.
Jul 25 16:30:28 witherspoon systemd[1]: Created slice system-xyz.openbmc_project.led.controller.slice.
Jul 25 16:30:28 witherspoon systemd[1]: dev-hugepages.mount: Couldn't determine result for ConditionVirtualization=!private-users, assuming failed: No such file or directory
Jul 25 16:30:28 witherspoon run-postinsts[903]: rm: can't remove '/etc/rpm-postinsts': Invalid argument
Jul 25 16:30:28 witherspoon run-postinsts[903]:  Removing any system startup links for run-postinsts ...
Jul 25 16:30:29 witherspoon systemctl[935]: Removed /etc/systemd/system/sysinit.target.wants/run-postinsts.service.
Jul 25 16:30:29 witherspoon systemd[1]: Reloading.
Jul 25 16:30:31 witherspoon systemd[1]: Started Run pending postinsts.
Jul 25 16:30:31 witherspoon systemd[1]: Reached target System Initialization.
Jul 25 16:30:31 witherspoon systemd[1]: Started Daily Cleanup of Temporary Directories.
Jul 25 16:30:31 witherspoon systemd[1]: Reached target Timers.
Jul 25 16:30:31 witherspoon systemd[1]: Listening on Phosphor Host Console SSH Per-Connection socket.
Jul 25 16:30:31 witherspoon systemd[1]: Listening on D-Bus System Message Bus Socket.
Jul 25 16:30:31 witherspoon systemd[1]: Listening on Phosphor Webserver socket.
Jul 25 16:30:31 witherspoon systemd[1]: Listening on dropbear.socket.
Jul 25 16:30:31 witherspoon systemd[1]: Listening on Avahi mDNS/DNS-SD Stack Activation Socket.
Jul 25 16:30:31 witherspoon systemd[1]: Listening on Phosphor DBUS Browser socket.
Jul 25 16:30:31 witherspoon systemd[1]: Listening on phosphor-ipmi-net.socket.
Jul 25 16:30:31 witherspoon systemd[1]: Reached target Sockets.
Jul 25 16:30:31 witherspoon systemd[1]: Reached target Basic System.
Jul 25 16:30:31 witherspoon systemd[1]: Started Phosphor Hwmon Poller.
Jul 25 16:30:31 witherspoon systemd[1]: Started Phosphor sysfs LED controller.
Jul 25 16:30:31 witherspoon systemd[1]: Starting OpenBMC Software Update Manager...
Jul 25 16:30:32 witherspoon systemd[1]: Starting Avahi mDNS/DNS-SD Stack...
Jul 25 16:30:32 witherspoon systemd[1]: Started Phosphor sysfs LED controller.
Jul 25 16:30:32 witherspoon systemd[1]: Started Phosphor sysfs LED controller.
Jul 25 16:30:32 witherspoon systemd[1]: Starting Phosphor Network Manager...
Jul 25 16:30:32 witherspoon systemd[1]: Started Phosphor Hwmon Poller.
Jul 25 16:30:32 witherspoon systemd[1]: Started Phosphor Console Muxer listening on device /dev/ttyVUART0.
Jul 25 16:30:32 witherspoon systemd[1]: Starting Phosphor Sensor Manager...
Jul 25 16:30:33 witherspoon systemd[1]: Started Phosphor Hwmon Poller.
Jul 25 16:30:33 witherspoon avahi-daemon[950]: Found user 'avahi' (UID 998) and group 'avahi' (GID 999).
Jul 25 16:30:33 witherspoon systemd[1]: Starting Phosphor Inventory Manager...
Jul 25 16:30:33 witherspoon systemd[1]: Starting Phosphor Settings Daemon...
Jul 25 16:30:33 witherspoon systemd[1]: Started Phosphor Dump core monitor..
Jul 25 16:30:33 witherspoon systemd[1]: Started Phosphor Hwmon Poller.
Jul 25 16:30:33 witherspoon systemd[1]: Started Kernel Logging Service.
Jul 25 16:30:33 witherspoon systemd[1]: Starting Phosphor IPMI BT DBus Bridge...
Jul 25 16:30:34 witherspoon systemd[1]: Started Phosphor MBOX Daemon.
Jul 25 16:30:34 witherspoon systemd[1]: Started Phosphor Hwmon Poller.
Jul 25 16:30:34 witherspoon systemd[1]: Starting Phosphor User Manager...
Jul 25 16:30:34 witherspoon systemd[1]: Started Phosphor sysfs LED controller.
Jul 25 16:30:34 witherspoon systemd[1]: Starting Phosphor LED Group Management Daemon...
Jul 25 16:30:34 witherspoon systemd[1]: Started Phosphor sysfs LED controller.
Jul 25 16:30:34 witherspoon systemd[1]: Started Phosphor sysfs LED controller.
Jul 25 16:30:34 witherspoon systemd[1]: Reached target Containers.
Jul 25 16:30:34 witherspoon systemd[1]: Starting Phosphor Inventory Manager...
Jul 25 16:30:34 witherspoon systemd[1]: Started Phosphor sysfs LED controller.
Jul 25 16:30:34 witherspoon systemd[1]: Starting Phosphor Chassis0 Control...
Jul 25 16:30:34 witherspoon systemd[1]: Starting Phosphor DBus Service Discovery Manager...
Jul 25 16:30:34 witherspoon systemd[1]: Started Phosphor sysfs LED controller.
Jul 25 16:30:34 witherspoon systemd[1]: Starting OpenPower Software Update Manager...
Jul 25 16:30:34 witherspoon systemd[1]: Starting Phosphor Download Manager...
Jul 25 16:30:34 witherspoon systemd[1]: Starting Phosphor Log Manager...
Jul 25 16:30:35 witherspoon kernel[962]: klogd started: BusyBox v1.24.1 (2017-06-16 19:29:08 UTC)
Jul 25 16:30:35 witherspoon kernel[962]: [    0.000000] Booting Linux on physical CPU 0x0
Jul 25 16:30:35 witherspoon kernel[962]: [    0.000000] Linux version 4.10.17-d6ae40dc4c4dff3265cc254d404ed6b03fcc2206 (jenkins@openbmc-builder1) (gcc version 6.2.0 (GCC) ) #1 Tue Jul 25 16:15:23 UTC 2017
Jul 25 16:30:35 witherspoon kernel[962]: [    0.000000] CPU: ARMv6-compatible processor [410fb767] revision 7 (ARMv7), cr=00c5387d
Jul 25 16:30:35 witherspoon kernel[962]: [    0.000000] CPU: PIPT / VIPT nonaliasing data cache, VIPT nonaliasing instruction cache
Jul 25 16:30:35 witherspoon kernel[962]: [    0.000000] OF: fdt:Machine model: Witherspoon BMC
Jul 25 16:30:35 witherspoon kernel[962]: [    0.000000] Memory policy: Data cache writeback
Jul 25 16:30:35 witherspoon kernel[962]: [    0.000000] SOC Rev: 04030303
Jul 25 16:30:35 witherspoon kernel[962]: [    0.000000] On node 0 totalpages: 110592
Jul 25 16:30:35 witherspoon kernel[962]: [    0.000000] free_area_init_node: node 0, pgdat 805fd514, node_mem_map 9ec1a000
Jul 25 16:30:35 witherspoon kernel[962]: [    0.000000]   Normal zone: 992 pages used for memmap
Jul 25 16:30:35 witherspoon kernel[962]: [    0.000000]   Normal zone: 0 pages reserved
Jul 25 16:30:35 witherspoon kernel[962]: [    0.000000]   Normal zone: 110592 pages, LIFO batch:31
Jul 25 16:30:35 witherspoon kernel[962]: [    0.000000] pcpu-alloc: s0 r0 d32768 u32768 alloc=1*32768
Jul 25 16:30:35 witherspoon kernel[962]: [    0.000000] pcpu-alloc: [0] 0
Jul 25 16:30:35 witherspoon kernel[962]: [    0.000000] Built 1 zonelists in Zone order, mobility grouping on.  Total pages: 109600
Jul 25 16:30:35 witherspoon kernel[962]: [    0.000000] Kernel command line: console=ttyS4,115200n8 root=/dev/ram rw
Jul 25 16:30:35 witherspoon kernel[962]: [    0.000000] PID hash table entries: 2048 (order: 1, 8192 bytes)
Jul 25 16:30:35 witherspoon kernel[962]: [    0.000000] Dentry cache hash table entries: 65536 (order: 6, 262144 bytes)
Jul 25 16:30:35 witherspoon kernel[962]: [    0.000000] Inode-cache hash table entries: 32768 (order: 5, 131072 bytes)
Jul 25 16:30:35 witherspoon kernel[962]: [    0.000000] Memory: 430448K/442368K available (4063K kernel code, 280K rwdata, 1188K rodata, 284K init, 111K bss, 11920K reserved, 0K cma-reserved)
Jul 25 16:30:35 witherspoon kernel[962]: [    0.000000] Virtual kernel memory layout:
Jul 25 16:30:35 witherspoon kernel[962]: [    0.000000]     vector  : 0xffff0000 - 0xffff1000   (   4 kB)
Jul 25 16:30:35 witherspoon kernel[962]: [    0.000000]     fixmap  : 0xffc00000 - 0xfff00000   (3072 kB)
Jul 25 16:30:36 witherspoon systemd[1]: Starting Phosphor Download Manager...
Jul 25 16:30:35 witherspoon kernel[962]: [    0.000000]     vmalloc : 0x9f800000 - 0xff800000   (1536 MB)
Jul 25 16:30:35 witherspoon kernel[962]: [    0.000000]     lowmem  : 0x80000000 - 0x9f000000   ( 496 MB)
Jul 25 16:30:35 witherspoon kernel[962]: [    0.000000]       .text : 0x80008000 - 0x803fff60   (4064 kB)
Jul 25 16:30:35 witherspoon kernel[962]: [    0.000000]       .init : 0x80583000 - 0x805ca000   ( 284 kB)
Jul 25 16:30:35 witherspoon kernel[962]: [    0.000000]       .data : 0x805ca000 - 0x806102a8   ( 281 kB)
Jul 25 16:30:35 witherspoon kernel[962]: [    0.000000]        .bss : 0x806102a8 - 0x8062c158   ( 112 kB)
Jul 25 16:30:35 witherspoon kernel[962]: [    0.000000] NR_IRQS:16 nr_irqs:16 16
Jul 25 16:30:35 witherspoon kernel[962]: [    0.000000] i2c controller registered, irq 16
Jul 25 16:30:35 witherspoon kernel[962]: [    0.000000] clocksource: moxart_timer: mask: 0xffffffff max_cycles: 0xffffffff, max_idle_ns: 77222644334 ns
Jul 25 16:30:35 witherspoon kernel[962]: [    0.000000] sched_clock: 32 bits at 100 Hz, resolution 10000000ns, wraps every 21474836475000000ns
Jul 25 16:30:35 witherspoon kernel[962]: [    0.090000] Calibrating delay loop... 789.70 BogoMIPS (lpj=3948544)
Jul 25 16:30:35 witherspoon kernel[962]: [    0.090000] pid_max: default: 32768 minimum: 301
Jul 25 16:30:35 witherspoon kernel[962]: [    0.090000] Mount-cache hash table entries: 1024 (order: 0, 4096 bytes)
Jul 25 16:30:35 witherspoon kernel[962]: [    0.090000] Mountpoint-cache hash table entries: 1024 (order: 0, 4096 bytes)
Jul 25 16:30:35 witherspoon kernel[962]: [    0.090000] CPU: Testing write buffer coherency: ok
Jul 25 16:30:35 witherspoon kernel[962]: [    0.090000] ftrace: allocating 14933 entries in 44 pages
Jul 25 16:30:35 witherspoon kernel[962]: [    0.120000] Setting up static identity map for 0x80008200 - 0x8000825c
Jul 25 16:30:35 witherspoon kernel[962]: [    0.120000] devtmpfs: initialized
Jul 25 16:30:35 witherspoon kernel[962]: [    0.140000] clocksource: jiffies: mask: 0xffffffff max_cycles: 0xffffffff, max_idle_ns: 19112604462750000 ns
Jul 25 16:30:35 witherspoon kernel[962]: [    0.140000] futex hash table entries: 256 (order: -1, 3072 bytes)
Jul 25 16:30:35 witherspoon kernel[962]: [    0.140000] pinctrl core: initialized pinctrl subsystem
Jul 25 16:30:35 witherspoon kernel[962]: [    0.140000] NET: Registered protocol family 16
Jul 25 16:30:35 witherspoon kernel[962]: [    0.140000] DMA: preallocated 256 KiB pool for atomic coherent allocations
Jul 25 16:30:35 witherspoon kernel[962]: [    0.210000] usbcore: registered new interface driver usbfs
Jul 25 16:30:35 witherspoon kernel[962]: [    0.210000] usbcore: registered new interface driver hub
Jul 25 16:30:35 witherspoon kernel[962]: [    0.210000] usbcore: registered new device driver usb
Jul 25 16:30:35 witherspoon kernel[962]: [    0.220000] clocksource: Switched to clocksource moxart_timer
Jul 25 16:30:38 witherspoon systemd[1]: Started Phosphor Hwmon Poller.
Jul 25 16:30:35 witherspoon kernel[962]: [    0.230000] NET: Registered protocol family 2
Jul 25 16:30:38 witherspoon systemd[1]: Started D-Bus System Message Bus.
Jul 25 16:30:35 witherspoon kernel[962]: [    0.240000] TCP established hash table entries: 4096 (order: 2, 16384 bytes)
Jul 25 16:30:35 witherspoon kernel[962]: [    0.240000] TCP bind hash table entries: 4096 (order: 2, 16384 bytes)
Jul 25 16:30:35 witherspoon kernel[962]: [    0.240000] TCP: Hash tables configured (established 4096 bind 4096)
Jul 25 16:30:35 witherspoon kernel[962]: [    0.240000] UDP hash table entries: 256 (order: 0, 4096 bytes)
Jul 25 16:30:35 witherspoon kernel[962]: [    0.240000] UDP-Lite hash table entries: 256 (order: 0, 4096 bytes)
Jul 25 16:30:35 witherspoon kernel[962]: [    0.240000] NET: Registered protocol family 1
Jul 25 16:30:35 witherspoon kernel[962]: [    0.240000] Trying to unpack rootfs image as initramfs...
Jul 25 16:30:35 witherspoon kernel[962]: [    1.910000] Freeing initrd memory: 1548K
Jul 25 16:30:35 witherspoon kernel[962]: [    1.910000] workingset: timestamp_bits=30 max_order=17 bucket_order=0
Jul 25 16:30:35 witherspoon kernel[962]: [    1.910000] squashfs: version 4.0 (2009/01/31) Phillip Lougher
Jul 25 16:30:35 witherspoon kernel[962]: [    1.910000] jffs2: version 2.2. (SUMMARY)  © 2001-2006 Red Hat, Inc.
Jul 25 16:30:35 witherspoon kernel[962]: [    1.910000] Block layer SCSI generic (bsg) driver version 0.4 loaded (major 250)
Jul 25 16:30:35 witherspoon kernel[962]: [    1.910000] io scheduler noop registered
Jul 25 16:30:35 witherspoon kernel[962]: [    1.910000] io scheduler deadline registered
Jul 25 16:30:35 witherspoon kernel[962]: [    1.910000] io scheduler cfq registered (default)
Jul 25 16:30:35 witherspoon kernel[962]: [    2.060000] ipmi-bt-host 1e789140.ibt: Found bt bmc device
Jul 25 16:30:35 witherspoon kernel[962]: [    2.060000] ipmi-bt-host 1e789140.ibt: Using IRQ 22
Jul 25 16:30:35 witherspoon kernel[962]: [    2.060000] Serial: 8250/16550 driver, 6 ports, IRQ sharing enabled
Jul 25 16:30:35 witherspoon kernel[962]: [    2.060000] 1e783000.serial: ttyS0 at MMIO 0x1e783000 (irq = 23, base_baud = 1500000) is a 16550A
Jul 25 16:30:35 witherspoon kernel[962]: [    2.060000] 1e78d000.serial: ttyS1 at MMIO 0x1e78d000 (irq = 24, base_baud = 1500000) is a 16550A
Jul 25 16:30:35 witherspoon kernel[962]: [    2.060000] 1e784000.serial: ttyS4 at MMIO 0x1e784000 (irq = 25, base_baud = 1500000) is a 16550A
Jul 25 16:30:35 witherspoon kernel[962]: [    2.410000] console [ttyS4] enabled
Jul 25 16:30:35 witherspoon kernel[962]: [    2.410000] 1e787000.vuart: ttyS2 at MMIO 0x1e787000 (irq = 22, base_baud = 1500000) is a 16550A
Jul 25 16:30:35 witherspoon kernel[962]: [    2.600000] timeriomem_rng 1e6e2078.hwrng: 32bits from 0xf00e2078 @ 1us
Jul 25 16:30:35 witherspoon kernel[962]: [    2.610000] random: fast init done
Jul 25 16:30:35 witherspoon kernel[962]: [    2.650000] brd: module loaded
Jul 25 16:30:35 witherspoon kernel[962]: [    2.670000] random: crng init done
Jul 25 16:30:35 witherspoon kernel[962]: [    2.680000] loop: module loaded
Jul 25 16:30:35 witherspoon kernel[962]: [    2.690000] aspeed-lpc-ctrl 1e789080.lpc-ctrl: Loaded at 0x98000000 (0x04000000)
Jul 25 16:30:35 witherspoon kernel[962]: [    2.690000] aspeed-smc 1e620000.flash-controller: Using IRQ 18
Jul 25 16:30:35 witherspoon kernel[962]: [    2.690000] aspeed-smc 1e620000.flash-controller: DMA support disabled.
Jul 25 16:30:35 witherspoon kernel[962]: [    2.710000] aspeed-smc 1e620000.flash-controller: mx25l25635e (32768 Kbytes)
Jul 25 16:30:35 witherspoon kernel[962]: [    2.710000] aspeed-smc 1e620000.flash-controller: CE0 window [ 0x20000000 - 0x22000000 ] 32MB
Jul 25 16:30:35 witherspoon kernel[962]: [    2.710000] aspeed-smc 1e620000.flash-controller: CE1 window [ 0x22000000 - 0x2a000000 ] 128MB
Jul 25 16:30:35 witherspoon kernel[962]: [    2.710000] 5 ofpart partitions found on MTD device bmc
Jul 25 16:30:35 witherspoon kernel[962]: [    2.740000] Creating 5 MTD partitions on "bmc":
Jul 25 16:30:35 witherspoon kernel[962]: [    2.750000] 0x000000000000-0x000000060000 : "u-boot"
Jul 25 16:30:35 witherspoon kernel[962]: [    2.750000] 0x000000060000-0x000000080000 : "u-boot-env"
Jul 25 16:30:35 witherspoon kernel[962]: [    2.770000] 0x000000080000-0x0000004c0000 : "kernel"
Jul 25 16:30:35 witherspoon kernel[962]: [    2.770000] 0x0000004c0000-0x000001c00000 : "rofs"
Jul 25 16:30:35 witherspoon kernel[962]: [    2.790000] 0x000001c00000-0x000002000000 : "rwfs"
Jul 25 16:30:35 witherspoon kernel[962]: [    2.790000] aspeed-smc 1e620000.flash-controller: mx25l25635e (32768 Kbytes)
Jul 25 16:30:35 witherspoon kernel[962]: [    2.800000] aspeed-smc 1e620000.flash-controller: CE1 window [ 0x22000000 - 0x24000000 ] 32MB
Jul 25 16:30:35 witherspoon kernel[962]: [    2.800000] aspeed-smc 1e620000.flash-controller: CE2 window [ 0x24000000 - 0x2c000000 ] 128MB
Jul 25 16:30:35 witherspoon kernel[962]: [    2.830000] aspeed-smc 1e630000.flash-controller: mx66l1g45g (131072 Kbytes)
Jul 25 16:30:35 witherspoon kernel[962]: [    2.840000] aspeed-smc 1e630000.flash-controller: CE0 window resized to 120MB (AST2500 HW quirk)
Jul 25 16:30:35 witherspoon kernel[962]: [    2.840000] aspeed-smc 1e630000.flash-controller: CE0 window [ 0x30000000 - 0x37800000 ] 120MB
Jul 25 16:30:35 witherspoon kernel[962]: [    2.840000] aspeed-smc 1e630000.flash-controller: CE0 window too small for chip 128MB
Jul 25 16:30:35 witherspoon kernel[962]: [    2.860000] aspeed-smc 1e630000.flash-controller: CE1 window [ 0x37800000 - 0x38000000 ] 8MB
Jul 25 16:30:35 witherspoon kernel[962]: [    3.610000] libphy: Fixed MDIO Bus: probed
Jul 25 16:30:35 witherspoon kernel[962]: [    3.610000] ftgmac100 1e660000.ethernet: Read MAC address 70:e2:84:14:28:a9 from chip
Jul 25 16:30:35 witherspoon kernel[962]: [    3.610000] ftgmac100 1e660000.ethernet: Using NCSI interface
Jul 25 16:30:35 witherspoon kernel[962]: [    3.610000] ftgmac100 1e660000.ethernet eth0: irq 20, mapped at f0060000
Jul 25 16:30:35 witherspoon kernel[962]: [    3.610000] ehci_hcd: USB 2.0 'Enhanced' Host Controller (EHCI) Driver
Jul 25 16:30:35 witherspoon kernel[962]: [    3.610000] ehci-platform: EHCI generic platform driver
Jul 25 16:30:35 witherspoon kernel[962]: [    3.840000]  fsi0: can't read slave 00:00 -5
Jul 25 16:30:35 witherspoon kernel[962]: [    3.840000] i2c /dev entries driver
Jul 25 16:30:35 witherspoon kernel[962]: [    3.840000] aspeed-i2c-bus 1e78a0c0.i2c-bus: i2c bus 2 registered, irq 26
Jul 25 16:30:35 witherspoon kernel[962]: [    3.840000] aspeed-i2c-bus 1e78a100.i2c-bus: i2c bus 3 registered, irq 27
Jul 25 16:30:35 witherspoon kernel[962]: [    3.840000] aspeed-i2c-bus 1e78a140.i2c-bus: i2c bus 4 registered, irq 28
Jul 25 16:30:35 witherspoon kernel[962]: [    3.840000] aspeed-i2c-bus 1e78a180.i2c-bus: i2c bus 5 registered, irq 29
Jul 25 16:30:35 witherspoon kernel[962]: [    3.840000] aspeed-i2c-bus 1e78a380.i2c-bus: i2c bus 9 registered, irq 30
Jul 25 16:30:35 witherspoon kernel[962]: [    3.840000] aspeed-i2c-bus 1e78a3c0.i2c-bus: i2c bus 10 registered, irq 31
Jul 25 16:30:35 witherspoon kernel[962]: [    3.840000] rtc-rv8803 11-0032: Voltage low, temperature compensation stopped.
Jul 25 16:30:35 witherspoon kernel[962]: [    3.930000] rtc-rv8803 11-0032: rtc core: registered rx8900 as rtc0
Jul 25 16:30:35 witherspoon kernel[962]: [    3.940000] at24 11-0051: 8192 byte 24c64 EEPROM, writable, 1 bytes/write
Jul 25 16:30:35 witherspoon kernel[962]: [    3.940000] aspeed-i2c-bus 1e78a400.i2c-bus: i2c bus 11 registered, irq 32
Jul 25 16:30:35 witherspoon kernel[962]: [    3.940000] aspeed-i2c-bus 1e78a440.i2c-bus: i2c bus 12 registered, irq 33
Jul 25 16:30:35 witherspoon kernel[962]: [    3.940000] aspeed-i2c-bus 1e78a480.i2c-bus: i2c bus 13 registered, irq 34
Jul 25 16:30:35 witherspoon kernel[962]: [    3.940000] Driver for 1-wire Dallas network protocol.
Jul 25 16:30:35 witherspoon kernel[962]: [    3.940000] lm75 9-004a: hwmon0: sensor 'tmp275'
Jul 25 16:30:35 witherspoon kernel[962]: [    4.420000] ucd9000 11-0064: Device ID UCD90160|2.3.4.0000|110603
Jul 25 16:30:35 witherspoon kernel[962]: [    4.750000] leds-pca955x 3-0060: leds-pca955x: Using pca9552 16-bit LED driver at slave address 0x60
Jul 25 16:30:35 witherspoon kernel[962]: [    4.780000] leds-pca955x 11-0060: leds-pca955x: Using pca9552 16-bit LED driver at slave address 0x60
Jul 25 16:30:35 witherspoon kernel[962]: [    4.790000] leds-pca955x 11-0060: gpios 264...279
Jul 25 16:30:35 witherspoon kernel[962]: [    4.790000] usbcore: registered new interface driver usbhid
Jul 25 16:30:35 witherspoon kernel[962]: [    4.800000] usbhid: USB HID core driver
Jul 25 16:30:35 witherspoon kernel[962]: [    4.820000] bmp280: probe of 3-0077 failed with error -5
Jul 25 16:30:35 witherspoon kernel[962]: [    4.830000] dps310 3-0076: iio:device1: sensor 'dps310'
Jul 25 16:30:35 witherspoon kernel[962]: [    4.840000] NET: Registered protocol family 10
Jul 25 16:30:35 witherspoon kernel[962]: [    4.840000] Segment Routing with IPv6
Jul 25 16:30:35 witherspoon kernel[962]: [    4.840000] NET: Registered protocol family 17
Jul 25 16:30:35 witherspoon kernel[962]: [    4.850000] 8021q: 802.1Q VLAN Support v1.8
Jul 25 16:30:35 witherspoon kernel[962]: [    4.850000] console [netcon0] enabled
Jul 25 16:30:35 witherspoon kernel[962]: [    4.850000] netconsole: network logging started
Jul 25 16:30:35 witherspoon kernel[962]: [    4.870000] input: gpio-keys as /devices/platform/gpio-keys/input/input0
Jul 25 16:30:35 witherspoon kernel[962]: [    4.880000] rtc-rv8803 11-0032: setting system clock to 2017-07-25 16:30:03 UTC (1501000203)
Jul 25 16:30:35 witherspoon kernel[962]: [    4.890000] Freeing unused kernel memory: 284K
Jul 25 16:30:35 witherspoon kernel[962]: [    4.890000] This architecture does not have kernel memory protection.
Jul 25 16:30:35 witherspoon kernel[962]: [    6.700000] jffs2: notice: (526) jffs2_build_xattr_subsystem: complete building xattr subsystem, 0 of xdatum (0 unchecked, 0 orphan) and 0 of xref (0 dead, 0 orphan) found.
Jul 25 16:30:35 witherspoon kernel[962]: [    8.880000] systemd[1]: Failed to insert module 'autofs4': No such file or directory
Jul 25 16:30:35 witherspoon kernel[962]: [    8.880000] systemd[1]: systemd 232 running in system mode. (+PAM -AUDIT -SELINUX -IMA -APPARMOR -SMACK +SYSVINIT -UTMP -LIBCRYPTSETUP -GCRYPT -GNUTLS +ACL +XZ -LZ4 -SECCOMP +BLKID -ELFUTILS +KMOD -IDN)
Jul 25 16:30:35 witherspoon kernel[962]: [    8.880000] systemd[1]: Detected architecture arm.
Jul 25 16:30:35 witherspoon kernel[962]: [    9.140000] systemd[1]: Set hostname to <witherspoon>.
Jul 25 16:30:35 witherspoon kernel[962]: [   10.700000] systemd[1]: Listening on Syslog Socket.
Jul 25 16:30:35 witherspoon kernel[962]: [   10.850000] systemd[1]: Listening on Journal Socket (/dev/log).
Jul 25 16:30:35 witherspoon kernel[962]: [   11.010000] systemd[1]: Created slice System Slice.
Jul 25 16:30:35 witherspoon kernel[962]: [   11.170000] systemd[1]: Created slice system-mapper\x2dwait.slice.
Jul 25 16:30:35 witherspoon kernel[962]: [   11.340000] systemd[1]: Created slice system-phosphor\x2dreset\x2dhost\x2dcheck.slice.
Jul 25 16:30:35 witherspoon kernel[962]: [   11.520000] systemd[1]: Created slice system-obmc\x2dconsole.slice.
Jul 25 16:30:35 witherspoon kernel[962]: [   11.700000] systemd[1]: Created slice system-org.openbmc.buttons.reset.slice.
Jul 25 16:30:35 witherspoon kernel[962]: [   13.900000] systemd[1]: Listening on Network Service Netlink Socket.
Jul 25 16:30:35 witherspoon kernel[962]: [   14.160000] systemd[1]: Mounting Temporary Directory...
Jul 25 16:30:35 witherspoon kernel[962]: [   14.420000] systemd[1]: Created slice system-op\x2dreset\x2dchassis\x2drunning.slice.
Jul 25 16:30:35 witherspoon kernel[962]: [   14.690000] systemd[1]: Listening on /dev/initctl Compatibility Named Pipe.
Jul 25 16:30:35 witherspoon kernel[962]: [   14.970000] systemd[1]: Mounting Debug File System...
Jul 25 16:30:35 witherspoon kernel[962]: [   15.250000] systemd[1]: Listening on udev Control Socket.
Jul 25 16:30:35 witherspoon kernel[962]: [   15.540000] systemd[1]: Created slice system-obmc\x2dled\x2dgroup\x2dstart.slice.
Jul 25 16:30:35 witherspoon kernel[962]: [   15.840000] systemd[1]: Started Dispatch Password Requests to Console Directory Watch.
Jul 25 16:30:35 witherspoon kernel[962]: [   16.140000] systemd[1]: Created slice system-serial\x2dgetty.slice.
Jul 25 16:30:35 witherspoon kernel[962]: [   16.450000] systemd[1]: Started Forward Password Requests to Wall Directory Watch.
Jul 25 16:30:35 witherspoon kernel[962]: [   19.170000] systemd[1]: Starting udev Coldplug all Devices...
Jul 25 16:30:35 witherspoon kernel[962]: [   19.540000] systemd[1]: Created slice system-phosphor\x2dreset\x2dhost\x2drunning.slice.
Jul 25 16:30:35 witherspoon kernel[962]: [   19.920000] systemd[1]: Created slice system-org.openbmc.control.Power.slice.
Jul 25 16:30:35 witherspoon kernel[962]: [   20.300000] systemd[1]: Mounted Debug File System.
Jul 25 16:30:35 witherspoon kernel[962]: [   20.690000] systemd[1]: Mounted Temporary Directory.
Jul 25 16:30:35 witherspoon kernel[962]: [   21.090000] systemd[1]: Started Journal Service.
Jul 25 16:30:35 witherspoon kernel[962]: [   23.610000] systemd-journald[557]: Received request to flush runtime journal from PID 1
Jul 25 16:30:35 witherspoon avahi-daemon[950]: Successfully dropped root privileges.
Jul 25 16:30:35 witherspoon avahi-daemon[950]: avahi-daemon 0.6.32 starting up.
Jul 25 16:30:40 witherspoon avahi-daemon[950]: Successfully called chroot().
Jul 25 16:30:40 witherspoon avahi-daemon[950]: Successfully dropped remaining capabilities.
Jul 25 16:30:40 witherspoon avahi-daemon[950]: Loading service file /services/obmc_console.service.
Jul 25 16:30:40 witherspoon openpower-update-manager[976]: Error PNOR current version is empty
Jul 25 16:30:41 witherspoon systemd[1]: Started Phosphor Inventory Manager.
Jul 25 16:30:41 witherspoon avahi-daemon[950]: Loading service file /services/phosphor_rest.service.
Jul 25 16:30:41 witherspoon avahi-daemon[950]: Loading service file /services/sftp-ssh.service.
Jul 25 16:30:41 witherspoon avahi-daemon[950]: Loading service file /services/sftp.service.
Jul 25 16:30:41 witherspoon avahi-daemon[950]: Loading service file /services/ssh.service.
Jul 25 16:30:41 witherspoon avahi-daemon[950]: Network interface enumeration completed.
Jul 25 16:30:41 witherspoon systemd[1]: Started OpenPower Software Update Manager.
Jul 25 16:30:41 witherspoon phosphor-hwmon-readd[965]: Failed to read from device.
Jul 25 16:30:41 witherspoon phosphor-hwmon-readd[965]: Error in mapper call
Jul 25 16:30:41 witherspoon avahi-daemon[950]: Server startup complete. Host name is witherspoon.local. Local service cookie is 4194891750.
Jul 25 16:30:41 witherspoon avahi-daemon[950]: Service "witherspoon" (/services/ssh.service) successfully established.
Jul 25 16:30:41 witherspoon avahi-daemon[950]: Service "sftp" (/services/sftp.service) successfully established.
Jul 25 16:30:41 witherspoon avahi-daemon[950]: Service "witherspoon" (/services/sftp-ssh.service) successfully established.
Jul 25 16:30:41 witherspoon avahi-daemon[950]: Service "phosphor_rest" (/services/phosphor_rest.service) successfully established.
Jul 25 16:30:41 witherspoon avahi-daemon[950]: Service "obmc_console" (/services/obmc_console.service) successfully established.
Jul 25 16:30:41 witherspoon systemd[1]: Started Phosphor LED Group Management Daemon.
Jul 25 16:30:42 witherspoon systemd[1]: Started OpenBMC Software Update Manager.
Jul 25 16:30:42 witherspoon systemd[1]: Started Phosphor Settings Daemon.
Jul 25 16:30:42 witherspoon systemd[1]: Started Phosphor IPMI BT DBus Bridge.
Jul 25 16:30:42 witherspoon systemd[1]: Started Avahi mDNS/DNS-SD Stack.
Jul 25 16:30:43 witherspoon systemd[1]: Started Phosphor Log Manager.
Jul 25 16:30:43 witherspoon systemd[1]: Started Phosphor Download Manager.
Jul 25 16:30:43 witherspoon systemd[1]: Starting Phosphor Version Software Manager...
Jul 25 16:30:43 witherspoon systemd[1]: Starting Network Service...
Jul 25 16:30:43 witherspoon systemd[1]: Started Hardware RNG Entropy Gatherer Daemon.
Jul 25 16:30:44 witherspoon systemd-networkd[985]: Could not create runtime directory: File exists
Jul 25 16:30:44 witherspoon systemd-networkd[985]: Could not create runtime directory 'links': File exists
Jul 25 16:30:44 witherspoon systemd-networkd[985]: Could not create runtime directory 'leases': File exists
Jul 25 16:30:44 witherspoon systemd-networkd[985]: Enumeration completed
Jul 25 16:30:44 witherspoon systemd-networkd[985]: eth0: IPv6 enabled for interface: Success
Jul 25 16:30:44 witherspoon avahi-daemon[950]: Joining mDNS multicast group on interface eth0.IPv4 with address 9.3.21.61.
Jul 25 16:30:44 witherspoon avahi-daemon[950]: New relevant interface eth0.IPv4 for mDNS.
Jul 25 16:30:44 witherspoon systemd-networkd[985]: eth0: Gained carrier
Jul 25 16:30:44 witherspoon avahi-daemon[950]: Registering new address record for 9.3.21.61 on eth0.IPv4.
Jul 25 16:30:44 witherspoon systemd-timesyncd[901]: Network configuration changed, trying to establish connection.
Jul 25 16:30:45 witherspoon systemd[1]: Started System Logging Service.
Jul 25 16:30:45 witherspoon systemd[1]: Started Phosphor sysfs LED controller.
Jul 25 16:30:45 witherspoon systemd[1]: Starting Phosphor BMC0 Control...
Jul 25 16:30:45 witherspoon systemd[1]: Starting Phosphor Dump Manager...
Jul 25 16:30:45 witherspoon systemd[1]: Starting Clear one time boot overrides...
Jul 25 16:30:45 witherspoon systemd[1]: Started Phosphor sysfs LED controller.
Jul 25 16:30:46 witherspoon systemd[1]: Started Network Service.
Jul 25 16:30:46 witherspoon systemd[1]: xyz.openbmc_project.Hwmon@ahb-apb-i2c\x401e78a000-i2c\x2dbus\x40100-dps310\x4076.service: Main process exited, code=exited, status=1/FAILURE
Jul 25 16:30:46 witherspoon systemd[1]: xyz.openbmc_project.Hwmon@ahb-apb-i2c\x401e78a000-i2c\x2dbus\x40100-dps310\x4076.service: Unit entered failed state.
Jul 25 16:30:46 witherspoon systemd[1]: xyz.openbmc_project.Hwmon@ahb-apb-i2c\x401e78a000-i2c\x2dbus\x40100-dps310\x4076.service: Failed with result 'exit-code'.
Jul 25 16:30:47 witherspoon avahi-daemon[950]: Joining mDNS multicast group on interface eth0.IPv6 with address fe80::72e2:84ff:fe14:28a9.
Jul 25 16:30:47 witherspoon systemd-networkd[985]: eth0: Gained IPv6LL
Jul 25 16:30:47 witherspoon avahi-daemon[950]: New relevant interface eth0.IPv6 for mDNS.
Jul 25 16:30:47 witherspoon systemd[1]: Started Clear one time boot overrides.
Jul 25 16:30:47 witherspoon avahi-daemon[950]: Registering new address record for fe80::72e2:84ff:fe14:28a9 on eth0.*.
Jul 25 16:30:47 witherspoon systemd[1]: xyz.openbmc_project.Hwmon@ahb-apb-i2c\x401e78a000-i2c\x2dbus\x40100-dps310\x4076.service: Service hold-off time over, scheduling restart.
Jul 25 16:30:47 witherspoon systemd[1]: Stopped Phosphor Hwmon Poller.
Jul 25 16:30:47 witherspoon systemd[1]: Started Phosphor Hwmon Poller.
Jul 25 16:30:47 witherspoon systemd[1]: Reached target Network.
Jul 25 16:30:47 witherspoon systemd[1]: Starting Permit User Sessions...
Jul 25 16:30:47 witherspoon systemd[1]: Started Lightweight SLP Server.
Jul 25 16:30:47 witherspoon systemd[1]: Started Phosphor Dump Manager.
Jul 25 16:30:48 witherspoon kernel: ftgmac100 1e660000.ethernet eth0: NCSI interface up
Jul 25 16:30:48 witherspoon kernel[962]: [   49.450000] ftgmac100 1e660000.ethernet eth0: NCSI interface up
Jul 25 16:30:48 witherspoon systemd[1]: Started Phosphor Version Software Manager.
Jul 25 16:30:48 witherspoon systemd[1]: Started Permit User Sessions.
Jul 25 16:30:48 witherspoon systemd[1]: Started Serial Getty on ttyS4.
Jul 25 16:30:48 witherspoon systemd[1]: Reached target Login Prompts.
Jul 25 16:30:48 witherspoon systemd[1]: Reached target Multi-User System.
Jul 25 16:30:50 witherspoon systemd[1]: Started Phosphor BMC0 Control.
Jul 25 16:30:52 witherspoon phosphor-hwmon-readd[1000]: Failed to read from device.
Jul 25 16:30:52 witherspoon phosphor-hwmon-readd[1000]: Error in mapper call
Jul 25 16:30:52 witherspoon systemd[1]: xyz.openbmc_project.Hwmon@ahb-apb-i2c\x401e78a000-i2c\x2dbus\x40100-dps310\x4076.service: Main process exited, code=exited, status=1/FAILURE
Jul 25 16:30:52 witherspoon systemd[1]: xyz.openbmc_project.Hwmon@ahb-apb-i2c\x401e78a000-i2c\x2dbus\x40100-dps310\x4076.service: Unit entered failed state.
Jul 25 16:30:52 witherspoon systemd[1]: xyz.openbmc_project.Hwmon@ahb-apb-i2c\x401e78a000-i2c\x2dbus\x40100-dps310\x4076.service: Failed with result 'exit-code'.
Jul 25 16:30:52 witherspoon systemd[1]: xyz.openbmc_project.Hwmon@ahb-apb-i2c\x401e78a000-i2c\x2dbus\x40100-dps310\x4076.service: Service hold-off time over, scheduling restart.
Jul 25 16:30:52 witherspoon systemd[1]: Stopped Phosphor Hwmon Poller.
Jul 25 16:30:52 witherspoon systemd[1]: Started Phosphor Hwmon Poller.
Jul 25 16:30:54 witherspoon systemd[1]: Created slice system-dropbear.slice.
Jul 25 16:30:54 witherspoon systemd[1]: Started SSH Per-Connection Server (9.41.165.94:35840).
Jul 25 16:30:54 witherspoon dropbear[1011]: Failed loading /etc/dropbear/dropbear_dss_host_key
Jul 25 16:30:54 witherspoon dropbear[1011]: Failed loading /etc/dropbear/dropbear_ecdsa_host_key
Jul 25 16:30:54 witherspoon dropbear[1011]: Child connection from ::ffff:9.41.165.94:35840
Jul 25 16:30:55 witherspoon phosphor-hwmon-readd[1009]: Failed to read from device.
Jul 25 16:30:55 witherspoon phosphor-hwmon-readd[1009]: Error in mapper call
Jul 25 16:30:55 witherspoon systemd[1]: xyz.openbmc_project.Hwmon@ahb-apb-i2c\x401e78a000-i2c\x2dbus\x40100-dps310\x4076.service: Main process exited, code=exited, status=1/FAILURE
Jul 25 16:30:55 witherspoon systemd[1]: xyz.openbmc_project.Hwmon@ahb-apb-i2c\x401e78a000-i2c\x2dbus\x40100-dps310\x4076.service: Unit entered failed state.
Jul 25 16:30:55 witherspoon systemd[1]: xyz.openbmc_project.Hwmon@ahb-apb-i2c\x401e78a000-i2c\x2dbus\x40100-dps310\x4076.service: Failed with result 'exit-code'.
Jul 25 16:30:56 witherspoon systemd[1]: xyz.openbmc_project.Hwmon@ahb-apb-i2c\x401e78a000-i2c\x2dbus\x40100-dps310\x4076.service: Service hold-off time over, scheduling restart.
Jul 25 16:30:56 witherspoon systemd[1]: Stopped Phosphor Hwmon Poller.
Jul 25 16:30:56 witherspoon systemd[1]: Started Phosphor Hwmon Poller.
Jul 25 16:30:59 witherspoon systemd-networkd[985]: eth0: Configured
Jul 25 16:30:59 witherspoon systemd-timesyncd[901]: Network configuration changed, trying to establish connection.
Jul 25 16:31:00 witherspoon dropbear[1011]: PAM password auth succeeded for 'root' from ::ffff:9.41.165.94:35840
Jul 25 16:31:00 witherspoon dropbear[1014]: lastlog_perform_login: Couldn't stat /var/log/lastlog: No such file or directory
Jul 25 16:31:00 witherspoon dropbear[1014]: lastlog_openseek: /var/log/lastlog is not a file or directory!
Jul 25 16:31:01 witherspoon phosphor-hwmon-readd[1013]: Failed to read from device.
Jul 25 16:31:01 witherspoon phosphor-hwmon-readd[1013]: Error in mapper call
Jul 25 16:31:01 witherspoon systemd[1]: xyz.openbmc_project.Hwmon@ahb-apb-i2c\x401e78a000-i2c\x2dbus\x40100-dps310\x4076.service: Main process exited, code=exited, status=1/FAILURE
Jul 25 16:31:01 witherspoon systemd[1]: xyz.openbmc_project.Hwmon@ahb-apb-i2c\x401e78a000-i2c\x2dbus\x40100-dps310\x4076.service: Unit entered failed state.
Jul 25 16:31:01 witherspoon systemd[1]: xyz.openbmc_project.Hwmon@ahb-apb-i2c\x401e78a000-i2c\x2dbus\x40100-dps310\x4076.service: Failed with result 'exit-code'.
Jul 25 16:31:02 witherspoon systemd[1]: xyz.openbmc_project.Hwmon@ahb-apb-i2c\x401e78a000-i2c\x2dbus\x40100-dps310\x4076.service: Service hold-off time over, scheduling restart.
Jul 25 16:31:02 witherspoon systemd[1]: Stopped Phosphor Hwmon Poller.
Jul 25 16:31:02 witherspoon systemd[1]: Started Phosphor Hwmon Poller.
Jul 25 16:31:03 witherspoon systemd[1]: Started Phosphor Chassis0 Control.
Jul 25 16:31:03 witherspoon chassis_control.py[973]: Running ChassisControlService
Jul 25 16:31:03 witherspoon systemd[1]: Started Phosphor Download Manager.
Jul 25 16:31:03 witherspoon download_manager.py[980]: Running Download Manager
Jul 25 16:31:05 witherspoon sensor_manager2.py[956]: Setting boot count to 3
Jul 25 16:31:05 witherspoon systemd[1]: Started Phosphor Sensor Manager.
Jul 25 16:31:05 witherspoon sensor_manager2.py[956]: Starting sensor manager
Jul 25 16:31:05 witherspoon phosphor-mapper[974]: ObjectMapper startup complete.  Discovery in progress...
Jul 25 16:31:05 witherspoon phosphor-hwmon-readd[1021]: Failed to read from device.
Jul 25 16:31:05 witherspoon phosphor-hwmon-readd[1021]: Error in mapper call
Jul 25 16:31:05 witherspoon systemd[1]: xyz.openbmc_project.Hwmon@ahb-apb-i2c\x401e78a000-i2c\x2dbus\x40100-dps310\x4076.service: Main process exited, code=exited, status=1/FAILURE
Jul 25 16:31:05 witherspoon systemd[1]: xyz.openbmc_project.Hwmon@ahb-apb-i2c\x401e78a000-i2c\x2dbus\x40100-dps310\x4076.service: Unit entered failed state.
Jul 25 16:31:05 witherspoon systemd[1]: xyz.openbmc_project.Hwmon@ahb-apb-i2c\x401e78a000-i2c\x2dbus\x40100-dps310\x4076.service: Failed with result 'exit-code'.
Jul 25 16:31:06 witherspoon phosphor-mapper[974]: Traceback (most recent call last):
Jul 25 16:31:06 witherspoon phosphor-mapper[974]:   File "/usr/sbin/phosphor-mapper", line 45, in <module>
Jul 25 16:31:06 witherspoon phosphor-mapper[974]:     interface_blacklists=args.interface_blacklists.split()))
Jul 25 16:31:06 witherspoon phosphor-mapper[974]:   File "/usr/lib/python2.7/site-packages/obmc/mapper/server.py", line 773, in server_main
Jul 25 16:31:06 witherspoon systemd[1]: xyz.openbmc_project.Hwmon@ahb-apb-i2c\x401e78a000-i2c\x2dbus\x40100-dps310\x4076.service: Service hold-off time over, scheduling restart.
Jul 25 16:31:06 witherspoon phosphor-mapper[974]:     interface_blacklists)
Jul 25 16:31:06 witherspoon phosphor-mapper[974]:   File "/usr/lib/python2.7/site-packages/obmc/mapper/server.py", line 273, in __init__
Jul 25 16:31:06 witherspoon phosphor-mapper[974]:     self.discover()
Jul 25 16:31:06 witherspoon phosphor-mapper[974]:   File "/usr/lib/python2.7/site-packages/obmc/mapper/server.py", line 483, in discover
Jul 25 16:31:06 witherspoon phosphor-mapper[974]:     owners = [self.bus.get_name_owner(x) for x in owned_names]
Jul 25 16:31:06 witherspoon phosphor-mapper[974]:   File "/usr/lib/python2.7/site-packages/dbus/bus.py", line 361, in get_name_owner
Jul 25 16:31:06 witherspoon phosphor-mapper[974]:     's', (bus_name,), **keywords)
Jul 25 16:31:06 witherspoon phosphor-mapper[974]:   File "/usr/lib/python2.7/site-packages/dbus/connection.py", line 651, in call_blocking
Jul 25 16:31:06 witherspoon phosphor-mapper[974]:     message, timeout)
Jul 25 16:31:06 witherspoon phosphor-mapper[974]: dbus.exceptions.DBusException: org.freedesktop.DBus.Error.NameHasNoOwner: Could not get owner of name 'xyz.openbmc_project.Hwmon.hwmon9': no such name
Jul 25 16:31:06 witherspoon systemd[1]: Stopped Phosphor Hwmon Poller.
Jul 25 16:31:06 witherspoon systemd[1]: Started Phosphor Hwmon Poller.
Jul 25 16:31:06 witherspoon systemd[1]: xyz.openbmc_project.ObjectMapper.service: Main process exited, code=exited, status=1/FAILURE
Jul 25 16:31:06 witherspoon systemd[1]: Failed to start Phosphor DBus Service Discovery Manager.
Jul 25 16:31:06 witherspoon systemd[1]: xyz.openbmc_project.ObjectMapper.service: Unit entered failed state.
Jul 25 16:31:06 witherspoon systemd[1]: xyz.openbmc_project.ObjectMapper.service: Failed with result 'exit-code'.
Jul 25 16:31:06 witherspoon systemd[1]: Reached target Phosphor Object Mapper.
Jul 25 16:31:06 witherspoon systemd[1]: Starting Wait for /xyz/openbmc_project/control/host0...
Jul 25 16:31:06 witherspoon systemd[1]: Starting Wait for /org/openbmc/NetworkManager/Interface...
Jul 25 16:31:06 witherspoon systemd[1]: Starting Wait for /xyz/openbmc_project/led/groups/bmc_booted...
Jul 25 16:31:06 witherspoon systemd[1]: Starting Phosphor Settings Manager...
Jul 25 16:31:06 witherspoon systemd[1]: Starting Wait for /xyz/openbmc_project/led/groups...
Jul 25 16:31:06 witherspoon systemd[1]: Starting Wait for /org/openbmc/managers/System...
Jul 25 16:31:06 witherspoon systemd[1]: Starting Wait for /org/openbmc/control/bmc0...
Jul 25 16:31:06 witherspoon systemd[1]: Starting Wait for /xyz/openbmc_project/state/chassis0...
Jul 25 16:31:06 witherspoon systemd[1]: Reached target Webserver (pre).
Jul 25 16:31:07 witherspoon systemd[1]: Started Phosphor Webserver.
Jul 25 16:31:07 witherspoon systemd[1]: Starting Wait for /org/openbmc/managers/Download...
Jul 25 16:31:07 witherspoon systemd[1]: Starting Wait for /org/openbmc/control/flash/bios...
Jul 25 16:31:07 witherspoon systemd[1]: Starting Wait for /xyz/openbmc_project/state/host0...
Jul 25 16:31:07 witherspoon systemd[1]: Started Phosphor DBus Monitor.
Jul 25 16:31:07 witherspoon systemd[1]: Starting Wait for /org/openbmc/control/power0...
Jul 25 16:31:07 witherspoon systemd[1]: Starting Phoshpor System Manager...
Jul 25 16:31:07 witherspoon systemd[1]: Starting Phosphor Network Manager...
Jul 25 16:31:07 witherspoon systemd[1]: Starting Wait for /xyz/openbmc_project/inventory...
Jul 25 16:31:07 witherspoon systemd[1]: xyz.openbmc_project.ObjectMapper.service: Service hold-off time over, scheduling restart.
Jul 25 16:31:07 witherspoon systemd[1]: Stopped Phosphor DBus Service Discovery Manager.
Jul 25 16:31:07 witherspoon systemd[1]: Starting Phosphor DBus Service Discovery Manager...
Jul 25 16:31:07 witherspoon phosphor-hwmon-readd[1023]: Failed to read from device.
Jul 25 16:31:07 witherspoon obmc-phosphor-userd[966]: Started
Jul 25 16:31:07 witherspoon systemd[1]: Started Phosphor User Manager.
Jul 25 16:31:07 witherspoon phosphor-hwmon-readd[1023]: Error in mapper call
Jul 25 16:31:07 witherspoon systemd[1]: xyz.openbmc_project.Hwmon@ahb-apb-i2c\x401e78a000-i2c\x2dbus\x40100-dps310\x4076.service: Main process exited, code=exited, status=1/FAILURE
Jul 25 16:31:07 witherspoon systemd[1]: xyz.openbmc_project.Hwmon@ahb-apb-i2c\x401e78a000-i2c\x2dbus\x40100-dps310\x4076.service: Unit entered failed state.
Jul 25 16:31:07 witherspoon systemd[1]: xyz.openbmc_project.Hwmon@ahb-apb-i2c\x401e78a000-i2c\x2dbus\x40100-dps310\x4076.service: Failed with result 'exit-code'.
Jul 25 16:31:08 witherspoon systemd[1]: xyz.openbmc_project.Hwmon@ahb-apb-i2c\x401e78a000-i2c\x2dbus\x40100-dps310\x4076.service: Service hold-off time over, scheduling restart.
Jul 25 16:31:08 witherspoon systemd[1]: Stopped Phosphor Hwmon Poller.
Jul 25 16:31:08 witherspoon systemd[1]: Started Phosphor Hwmon Poller.
Jul 25 16:31:09 witherspoon phosphor-hwmon-readd[1044]: Failed to read from device.
Jul 25 16:31:09 witherspoon phosphor-hwmon-readd[1044]: Error in mapper call
Jul 25 16:31:09 witherspoon systemd[1]: xyz.openbmc_project.Hwmon@ahb-apb-i2c\x401e78a000-i2c\x2dbus\x40100-dps310\x4076.service: Main process exited, code=exited, status=1/FAILURE
Jul 25 16:31:09 witherspoon systemd[1]: xyz.openbmc_project.Hwmon@ahb-apb-i2c\x401e78a000-i2c\x2dbus\x40100-dps310\x4076.service: Unit entered failed state.
Jul 25 16:31:09 witherspoon systemd[1]: xyz.openbmc_project.Hwmon@ahb-apb-i2c\x401e78a000-i2c\x2dbus\x40100-dps310\x4076.service: Failed with result 'exit-code'.
Jul 25 16:31:09 witherspoon inventory_items.py[958]: Loading from cache: /var/cache/obmc/org.openbmc.inventory.system.chassis.motherboard.apss@org.openbmc.InventoryItem.props
Jul 25 16:31:09 witherspoon inventory_items.py[958]: Loading from cache: /var/cache/obmc/org.openbmc.inventory.system.chassis.motherboard@org.openbmc.InventoryItem.props
Jul 25 16:31:09 witherspoon inventory_items.py[958]: Loading from cache: /var/cache/obmc/org.openbmc.inventory.system.chassis.motherboard.refclock@org.openbmc.InventoryItem.props
Jul 25 16:31:09 witherspoon inventory_items.py[958]: Loading from cache: /var/cache/obmc/org.openbmc.inventory.system.chassis.motherboard.todclock@org.openbmc.InventoryItem.props
Jul 25 16:31:09 witherspoon systemd[1]: xyz.openbmc_project.Hwmon@ahb-apb-i2c\x401e78a000-i2c\x2dbus\x40100-dps310\x4076.service: Service hold-off time over, scheduling restart.
Jul 25 16:31:09 witherspoon systemd[1]: Stopped Phosphor Hwmon Poller.
Jul 25 16:31:09 witherspoon systemd[1]: Started Phosphor Hwmon Poller.
Jul 25 16:31:11 witherspoon mapper[1031]: Error starting event loop: No route to host
Jul 25 16:31:11 witherspoon systemd[1]: mapper-wait@-xyz-openbmc_project-state-chassis0.service: Main process exited, code=exited, status=1/FAILURE
Jul 25 16:31:11 witherspoon systemd[1]: Failed to start Wait for /xyz/openbmc_project/state/chassis0.
Jul 25 16:31:11 witherspoon systemd[1]: mapper-wait@-xyz-openbmc_project-state-chassis0.service: Unit entered failed state.
Jul 25 16:31:11 witherspoon systemd[1]: mapper-wait@-xyz-openbmc_project-state-chassis0.service: Failed with result 'exit-code'.
Jul 25 16:31:11 witherspoon mapper[1034]: Error starting event loop: No route to host
Jul 25 16:31:11 witherspoon systemd[1]: mapper-wait@-org-openbmc-managers-Download.service: Main process exited, code=exited, status=1/FAILURE
Jul 25 16:31:11 witherspoon systemd[1]: Failed to start Wait for /org/openbmc/managers/Download.
Jul 25 16:31:11 witherspoon systemd[1]: mapper-wait@-org-openbmc-managers-Download.service: Unit entered failed state.
Jul 25 16:31:11 witherspoon systemd[1]: mapper-wait@-org-openbmc-managers-Download.service: Failed with result 'exit-code'.
Jul 25 16:31:11 witherspoon mapper[1035]: Error starting event loop: No route to host
Jul 25 16:31:11 witherspoon mapper[1036]: Error starting event loop: No route to host
Jul 25 16:31:11 witherspoon mapper[1038]: Error starting event loop: No route to host
Jul 25 16:31:11 witherspoon mapper[1041]: Error starting event loop: No route to host
Jul 25 16:31:11 witherspoon mapper[1024]: Error starting event loop: No route to host
Jul 25 16:31:11 witherspoon mapper[1025]: Error starting event loop: No route to host
Jul 25 16:31:11 witherspoon mapper[1028]: Error starting event loop: No route to host
Jul 25 16:31:11 witherspoon mapper[1029]: Error starting event loop: No route to host
Jul 25 16:31:11 witherspoon mapper[1030]: Error starting event loop: No route to host
Jul 25 16:31:12 witherspoon systemd[1]: Starting Phosphor BIOS Code Update...
Jul 25 16:31:12 witherspoon systemd[1]: mapper-wait@-xyz-openbmc_project-control-host0.service: Main process exited, code=exited, status=1/FAILURE
Jul 25 16:31:12 witherspoon systemd[1]: Failed to start Wait for /xyz/openbmc_project/control/host0.
Jul 25 16:31:12 witherspoon systemd[1]: mapper-wait@-xyz-openbmc_project-control-host0.service: Unit entered failed state.
Jul 25 16:31:12 witherspoon systemd[1]: mapper-wait@-xyz-openbmc_project-control-host0.service: Failed with result 'exit-code'.
Jul 25 16:31:12 witherspoon systemd[1]: mapper-wait@-org-openbmc-NetworkManager-Interface.service: Main process exited, code=exited, status=1/FAILURE
Jul 25 16:31:12 witherspoon systemd[1]: Failed to start Wait for /org/openbmc/NetworkManager/Interface.
Jul 25 16:31:12 witherspoon systemd[1]: mapper-wait@-org-openbmc-NetworkManager-Interface.service: Unit entered failed state.
Jul 25 16:31:12 witherspoon systemd[1]: mapper-wait@-org-openbmc-NetworkManager-Interface.service: Failed with result 'exit-code'.
Jul 25 16:31:12 witherspoon systemd[1]: mapper-wait@-xyz-openbmc_project-led-groups.service: Main process exited, code=exited, status=1/FAILURE
Jul 25 16:31:12 witherspoon systemd[1]: Failed to start Wait for /xyz/openbmc_project/led/groups.
Jul 25 16:31:12 witherspoon systemd[1]: mapper-wait@-xyz-openbmc_project-led-groups.service: Unit entered failed state.
Jul 25 16:31:12 witherspoon systemd[1]: mapper-wait@-xyz-openbmc_project-led-groups.service: Failed with result 'exit-code'.
Jul 25 16:31:12 witherspoon systemd[1]: mapper-wait@-org-openbmc-managers-System.service: Main process exited, code=exited, status=1/FAILURE
Jul 25 16:31:12 witherspoon systemd[1]: Failed to start Wait for /org/openbmc/managers/System.
Jul 25 16:31:12 witherspoon systemd[1]: mapper-wait@-org-openbmc-managers-System.service: Unit entered failed state.
Jul 25 16:31:12 witherspoon systemd[1]: mapper-wait@-org-openbmc-managers-System.service: Failed with result 'exit-code'.
Jul 25 16:31:12 witherspoon systemd[1]: mapper-wait@-org-openbmc-control-bmc0.service: Main process exited, code=exited, status=1/FAILURE
Jul 25 16:31:12 witherspoon systemd[1]: Failed to start Wait for /org/openbmc/control/bmc0.
Jul 25 16:31:12 witherspoon systemd[1]: mapper-wait@-org-openbmc-control-bmc0.service: Unit entered failed state.
Jul 25 16:31:12 witherspoon systemd[1]: mapper-wait@-org-openbmc-control-bmc0.service: Failed with result 'exit-code'.
Jul 25 16:31:12 witherspoon systemd[1]: mapper-wait@-org-openbmc-control-flash-bios.service: Main process exited, code=exited, status=1/FAILURE
Jul 25 16:31:12 witherspoon systemd[1]: Failed to start Wait for /org/openbmc/control/flash/bios.
Jul 25 16:31:12 witherspoon systemd[1]: mapper-wait@-org-openbmc-control-flash-bios.service: Unit entered failed state.
Jul 25 16:31:12 witherspoon systemd[1]: mapper-wait@-org-openbmc-control-flash-bios.service: Failed with result 'exit-code'.
Jul 25 16:31:12 witherspoon systemd[1]: mapper-wait@-xyz-openbmc_project-state-host0.service: Main process exited, code=exited, status=1/FAILURE
Jul 25 16:31:13 witherspoon mapper[1026]: Error starting event loop: No route to host
Jul 25 16:31:12 witherspoon systemd[1]: Failed to start Wait for /xyz/openbmc_project/state/host0.
Jul 25 16:31:13 witherspoon netman.py[953]: Started
Jul 25 16:31:12 witherspoon systemd[1]: mapper-wait@-xyz-openbmc_project-state-host0.service: Unit entered failed state.
Jul 25 16:31:12 witherspoon systemd[1]: mapper-wait@-xyz-openbmc_project-state-host0.service: Failed with result 'exit-code'.
Jul 25 16:31:12 witherspoon systemd[1]: mapper-wait@-org-openbmc-control-power0.service: Main process exited, code=exited, status=1/FAILURE
Jul 25 16:31:12 witherspoon systemd[1]: Failed to start Wait for /org/openbmc/control/power0.
Jul 25 16:31:12 witherspoon systemd[1]: mapper-wait@-org-openbmc-control-power0.service: Unit entered failed state.
Jul 25 16:31:13 witherspoon mapper[1065]: Error finding '/org/openbmc/control/flash/bios' service: No route to host
Jul 25 16:31:13 witherspoon sh[1064]: Error finding '/org/openbmc/control/power0' service: No route to host
Jul 25 16:31:12 witherspoon systemd[1]: mapper-wait@-org-openbmc-control-power0.service: Failed with result 'exit-code'.
Jul 25 16:31:12 witherspoon systemd[1]: mapper-wait@-xyz-openbmc_project-inventory.service: Main process exited, code=exited, status=1/FAILURE
Jul 25 16:31:12 witherspoon systemd[1]: Failed to start Wait for /xyz/openbmc_project/inventory.
Jul 25 16:31:12 witherspoon systemd[1]: mapper-wait@-xyz-openbmc_project-inventory.service: Unit entered failed state.
Jul 25 16:31:12 witherspoon systemd[1]: mapper-wait@-xyz-openbmc_project-inventory.service: Failed with result 'exit-code'.
Jul 25 16:31:12 witherspoon systemd[1]: Starting Read OpenPOWER-format VPD from EEPROM...
Jul 25 16:31:12 witherspoon systemd[1]: Started Phosphor Cooling Type.
Jul 25 16:31:12 witherspoon systemd[1]: Starting OpenPOWER OCC controller...
Jul 25 16:31:12 witherspoon systemd[1]: Starting Check Chassis0 pgood and create a file to indicate it...
Jul 25 16:31:12 witherspoon systemd[1]: Started Initialize BIOS Flash.
Jul 25 16:31:14 witherspoon mapper[1085]: Error finding '/xyz/openbmc_project/led/groups/bmc_booted' service: No route to host
Jul 25 16:31:12 witherspoon systemd[1]: Starting Phosphor BMC Code Update...
Jul 25 16:31:12 witherspoon systemd[1]: Starting Phosphor Host State Manager...
Jul 25 16:31:12 witherspoon systemd[1]: Starting Phosphor Power0 Control...
Jul 25 16:31:12 witherspoon systemd[1]: Starting Phosphor BMC State Manager...
Jul 25 16:31:12 witherspoon systemd[1]: Starting Phosphor Chassis State Manager...
Jul 25 16:31:12 witherspoon systemd[1]: Starting Phosphor Power Button0...
Jul 25 16:31:12 witherspoon systemd[1]: Starting Phosphor Reset Button0...
Jul 25 16:31:12 witherspoon systemd[1]: Started FRU Fault monitor service.
Jul 25 16:31:12 witherspoon systemd[1]: Started Phosphor DNS Settings Cache Manager.
Jul 25 16:31:13 witherspoon phosphor-network-manager[1040]: ConfigParser: Section not found
Jul 25 16:31:13 witherspoon phosphor-network-manager[1040]: The operation failed internally.
Jul 25 16:31:13 witherspoon systemd[1]: obmc-flash-init.service: Main process exited, code=exited, status=1/FAILURE
Jul 25 16:31:13 witherspoon systemd[1]: obmc-flash-init.service: Unit entered failed state.
Jul 25 16:31:13 witherspoon systemd[1]: obmc-flash-init.service: Failed with result 'exit-code'.
Jul 25 16:31:13 witherspoon systemd[1]: Started Phosphor Network Manager.
Jul 25 16:31:13 witherspoon systemd[1]: mapper-wait@-xyz-openbmc_project-led-groups-bmc_booted.service: Main process exited, code=exited, status=1/FAILURE
Jul 25 16:31:13 witherspoon systemd[1]: Failed to start Wait for /xyz/openbmc_project/led/groups/bmc_booted.
Jul 25 16:31:13 witherspoon systemd[1]: mapper-wait@-xyz-openbmc_project-led-groups-bmc_booted.service: Unit entered failed state.
Jul 25 16:31:13 witherspoon systemd[1]: mapper-wait@-xyz-openbmc_project-led-groups-bmc_booted.service: Failed with result 'exit-code'.
Jul 25 16:31:13 witherspoon systemd[1]: Starting Assert bmc_booted LED...
Jul 25 16:31:14 witherspoon systemd[1]: obmc-led-group-start@bmc_booted.service: Main process exited, code=exited, status=1/FAILURE
Jul 25 16:31:14 witherspoon systemd[1]: Failed to start Assert bmc_booted LED.
Jul 25 16:31:14 witherspoon systemd[1]: obmc-led-group-start@bmc_booted.service: Unit entered failed state.
Jul 25 16:31:14 witherspoon systemd[1]: obmc-led-group-start@bmc_booted.service: Failed with result 'exit-code'.
Jul 25 16:31:14 witherspoon systemd[1]: Started Phosphor BIOS Code Update.
Jul 25 16:31:15 witherspoon phosphor-hwmon-readd[1046]: Failed to read from device.
Jul 25 16:31:15 witherspoon phosphor-hwmon-readd[1046]: Error in mapper call
Jul 25 16:31:15 witherspoon systemd[1]: xyz.openbmc_project.Hwmon@ahb-apb-i2c\x401e78a000-i2c\x2dbus\x40100-dps310\x4076.service: Main process exited, code=exited, status=1/FAILURE
Jul 25 16:31:15 witherspoon systemd[1]: xyz.openbmc_project.Hwmon@ahb-apb-i2c\x401e78a000-i2c\x2dbus\x40100-dps310\x4076.service: Unit entered failed state.
Jul 25 16:31:15 witherspoon systemd[1]: xyz.openbmc_project.Hwmon@ahb-apb-i2c\x401e78a000-i2c\x2dbus\x40100-dps310\x4076.service: Failed with result 'exit-code'.
Jul 25 16:31:15 witherspoon systemd[1]: xyz.openbmc_project.Hwmon@ahb-apb-i2c\x401e78a000-i2c\x2dbus\x40100-dps310\x4076.service: Service hold-off time over, scheduling restart.
Jul 25 16:31:15 witherspoon systemd[1]: Stopped Phosphor Hwmon Poller.
Jul 25 16:31:15 witherspoon systemd[1]: Started Phosphor Hwmon Poller.
Jul 25 16:31:18 witherspoon phosphor-hwmon-readd[1092]: Failed to read from device.
Jul 25 16:31:18 witherspoon phosphor-hwmon-readd[1092]: Error in mapper call
Jul 25 16:31:18 witherspoon systemd[1]: xyz.openbmc_project.Hwmon@ahb-apb-i2c\x401e78a000-i2c\x2dbus\x40100-dps310\x4076.service: Main process exited, code=exited, status=1/FAILURE
Jul 25 16:31:18 witherspoon systemd[1]: xyz.openbmc_project.Hwmon@ahb-apb-i2c\x401e78a000-i2c\x2dbus\x40100-dps310\x4076.service: Unit entered failed state.
Jul 25 16:31:18 witherspoon systemd[1]: xyz.openbmc_project.Hwmon@ahb-apb-i2c\x401e78a000-i2c\x2dbus\x40100-dps310\x4076.service: Failed with result 'exit-code'.
Jul 25 16:31:18 witherspoon systemd[1]: xyz.openbmc_project.Hwmon@ahb-apb-i2c\x401e78a000-i2c\x2dbus\x40100-dps310\x4076.service: Service hold-off time over, scheduling restart.
Jul 25 16:31:18 witherspoon systemd[1]: Stopped Phosphor Hwmon Poller.
Jul 25 16:31:18 witherspoon systemd[1]: Started Phosphor Hwmon Poller.
Jul 25 16:31:20 witherspoon phosphor-hwmon-readd[1094]: Failed to read from device.
Jul 25 16:31:20 witherspoon phosphor-hwmon-readd[1094]: Error in mapper call
Jul 25 16:31:20 witherspoon systemd[1]: xyz.openbmc_project.Hwmon@ahb-apb-i2c\x401e78a000-i2c\x2dbus\x40100-dps310\x4076.service: Main process exited, code=exited, status=1/FAILURE
Jul 25 16:31:20 witherspoon systemd[1]: xyz.openbmc_project.Hwmon@ahb-apb-i2c\x401e78a000-i2c\x2dbus\x40100-dps310\x4076.service: Unit entered failed state.
Jul 25 16:31:20 witherspoon systemd[1]: xyz.openbmc_project.Hwmon@ahb-apb-i2c\x401e78a000-i2c\x2dbus\x40100-dps310\x4076.service: Failed with result 'exit-code'.
Jul 25 16:31:21 witherspoon inventory_items.py[958]: Loading from cache: /var/cache/obmc/org.openbmc.inventory.system.chassis.motherboard.bmc@org.openbmc.InventoryItem.props
Jul 25 16:31:21 witherspoon inventory_items.py[958]: Caching: /org/openbmc/inventory/system/chassis/motherboard/bmc
Jul 25 16:31:21 witherspoon inventory_items.py[958]: Loading from cache: /var/cache/obmc/org.openbmc.inventory.system.chassis.motherboard.pcieclock@org.openbmc.InventoryItem.props
Jul 25 16:31:21 witherspoon systemd[1]: Started Phosphor Inventory Manager.
Jul 25 16:31:23 witherspoon inventory_items.py[958]: Running Inventory Manager
Jul 25 16:31:22 witherspoon dbus[982]: [system] Activating via systemd: service name='org.freedesktop.hostname1' unit='dbus-org.freedesktop.hostname1.service'
Jul 25 16:31:23 witherspoon sh[1064]: Expects at least four arguments.
Jul 25 16:31:23 witherspoon phosphor-mapper[1042]: ObjectMapper startup complete.  Discovery in progress...
Jul 25 16:31:21 witherspoon systemd[1]: xyz.openbmc_project.Hwmon@ahb-apb-i2c\x401e78a000-i2c\x2dbus\x40100-dps310\x4076.service: Service hold-off time over, scheduling restart.
Jul 25 16:31:21 witherspoon systemd[1]: Stopped Phosphor Hwmon Poller.
Jul 25 16:31:21 witherspoon systemd[1]: Started Phosphor Hwmon Poller.
Jul 25 16:31:24 witherspoon power_control.exe[1068]: Power GPIO: call to getGpioConfiguration failed: GDBus.Error:org.freedesktop.DBus.Error.ServiceUnknown: The name org.openbmc.managers.System was not provided by any .service files
Jul 25 16:31:22 witherspoon phosphor-network-manager[1040]: ConfigParser: Section not found
Jul 25 16:31:22 witherspoon phosphor-network-manager[1040]: The operation failed internally.
Jul 25 16:31:22 witherspoon phosphor-network-manager[1040]: ConfigParser: Key not found
Jul 25 16:31:22 witherspoon phosphor-network-manager[1040]: The operation failed internally.
Jul 25 16:31:22 witherspoon phosphor-network-manager[1040]: Error in mapper call
Jul 25 16:31:22 witherspoon phosphor-chassis-state-manager[1070]: Initial Chassis State will be Off
Jul 25 16:31:22 witherspoon phosphor-host-state-manager[1067]: Initial Host State will be Off
Jul 25 16:31:22 witherspoon systemd[1]: Started Phosphor Chassis State Manager.
Jul 25 16:31:22 witherspoon systemd[1]: Started Phosphor Host State Manager.
Jul 25 16:31:22 witherspoon systemd[1]: Starting Hostname Service...
Jul 25 16:31:22 witherspoon systemd[1103]: systemd-hostnamed.service: Failed at step NETWORK spawning /lib/systemd/systemd-hostnamed: Invalid argument
Jul 25 16:31:22 witherspoon systemd[1]: systemd-hostnamed.service: Main process exited, code=exited, status=225/NETWORK
Jul 25 16:31:22 witherspoon systemd[1]: Failed to start Hostname Service.
Jul 25 16:31:22 witherspoon systemd[1]: systemd-hostnamed.service: Unit entered failed state.
Jul 25 16:31:22 witherspoon systemd[1]: systemd-hostnamed.service: Failed with result 'exit-code'.
Jul 25 16:31:22 witherspoon phosphor-bmc-state-manager[1069]: Setting the BMCState field
Jul 25 16:31:22 witherspoon phosphor-bmc-state-manager[1069]: Setting the BMCState field
Jul 25 16:31:23 witherspoon systemd[1]: Started Phosphor BMC State Manager.
Jul 25 16:31:23 witherspoon systemd[1]: Started OpenPOWER OCC controller.
Jul 25 16:31:23 witherspoon systemd[1]: Started Check Chassis0 pgood and create a file to indicate it.
Jul 25 16:31:23 witherspoon systemd[1]: Reached target Chassis0 power on after reset.
Jul 25 16:31:23 witherspoon systemd[1]: Reached target Host0 running after reset.
Jul 25 16:31:23 witherspoon systemd[1]: Reached target Host0 (Reset Check).
Jul 25 16:31:23 witherspoon systemd[1]: Reached target Chassis0 (Reset Check).
Jul 25 16:31:23 witherspoon systemd[1]: Started Phosphor Power Button0.
Jul 25 16:31:24 witherspoon phosphor-cooling-type[1062]: Error in mapper call to get service name
Jul 25 16:31:24 witherspoon phosphor-cooling-type[1062]: The operation failed internally.
Jul 25 16:31:24 witherspoon phosphor-cooling-type[1062]: xyz.openbmc_project.Common.Error.InternalFailure: The operation failed internally.
Jul 25 16:31:24 witherspoon systemd[1]: phosphor-cooling-type@0.service: Main process exited, code=exited, status=255/n/a
Jul 25 16:31:24 witherspoon systemd[1]: phosphor-cooling-type@0.service: Unit entered failed state.
Jul 25 16:31:24 witherspoon systemd[1]: phosphor-cooling-type@0.service: Failed with result 'exit-code'.
Jul 25 16:31:24 witherspoon openpower-read-vpd[1061]: ObjectMapper GetObject failed
Jul 25 16:31:24 witherspoon openpower-read-vpd[1061]: ObjectMapper GetObject failed
Jul 25 16:31:24 witherspoon systemd[1]: Started Read OpenPOWER-format VPD from EEPROM.
Jul 25 16:31:25 witherspoon systemd[1]: Started Phosphor Reset Button0.
Jul 25 16:31:26 witherspoon avahi-daemon[979]: ../../avahi-0.6.32/avahi-daemon/chroot.c: open() failed: No such file or directory
Jul 25 16:31:26 witherspoon avahi-daemon[950]: Failed to open /usr/share/dbus-1/interfaces/org.freedesktop.Avahi.Server.xml: Invalid argument
Jul 25 16:31:26 witherspoon avahi-daemon[950]: Failed to load introspection data.
Jul 25 16:31:26 witherspoon phosphor-hwmon-readd[1096]: Failed to read from device.
Jul 25 16:31:26 witherspoon phosphor-hwmon-readd[1096]: Error in mapper call
Jul 25 16:31:26 witherspoon systemd[1]: xyz.openbmc_project.Hwmon@ahb-apb-i2c\x401e78a000-i2c\x2dbus\x40100-dps310\x4076.service: Main process exited, code=exited, status=1/FAILURE
Jul 25 16:31:26 witherspoon systemd[1]: xyz.openbmc_project.Hwmon@ahb-apb-i2c\x401e78a000-i2c\x2dbus\x40100-dps310\x4076.service: Unit entered failed state.
Jul 25 16:31:26 witherspoon systemd[1]: xyz.openbmc_project.Hwmon@ahb-apb-i2c\x401e78a000-i2c\x2dbus\x40100-dps310\x4076.service: Failed with result 'exit-code'.
Jul 25 16:31:26 witherspoon systemd[1]: xyz.openbmc_project.Hwmon@ahb-apb-i2c\x401e78a000-i2c\x2dbus\x40100-dps310\x4076.service: Service hold-off time over, scheduling restart.
Jul 25 16:31:26 witherspoon systemd[1]: Stopped Phosphor Hwmon Poller.
Jul 25 16:31:26 witherspoon systemd[1]: Started Phosphor Hwmon Poller.
Jul 25 16:31:27 witherspoon power_control.exe[1068]: ERROR PowerControl: could not read power GPIO configuration
Jul 25 16:31:27 witherspoon power_control.exe[1068]: (process:1068): GLib-CRITICAL **: g_variant_new_string: assertion 'string != NULL' failed
Jul 25 16:31:27 witherspoon power_control.exe[1068]: ERROR PowerControl: GPIO setup (rc=2)
Jul 25 16:31:27 witherspoon systemd[1]: Started Phosphor Power0 Control.
Jul 25 16:31:29 witherspoon phosphor-hwmon-readd[1116]: Failed to read from device.
Jul 25 16:31:29 witherspoon phosphor-hwmon-readd[1116]: Error in mapper call
Jul 25 16:31:29 witherspoon systemd[1]: xyz.openbmc_project.Hwmon@ahb-apb-i2c\x401e78a000-i2c\x2dbus\x40100-dps310\x4076.service: Main process exited, code=exited, status=1/FAILURE
Jul 25 16:31:29 witherspoon systemd[1]: xyz.openbmc_project.Hwmon@ahb-apb-i2c\x401e78a000-i2c\x2dbus\x40100-dps310\x4076.service: Unit entered failed state.
Jul 25 16:31:29 witherspoon systemd[1]: xyz.openbmc_project.Hwmon@ahb-apb-i2c\x401e78a000-i2c\x2dbus\x40100-dps310\x4076.service: Failed with result 'exit-code'.
Jul 25 16:31:29 witherspoon systemd[1]: xyz.openbmc_project.Hwmon@ahb-apb-i2c\x401e78a000-i2c\x2dbus\x40100-dps310\x4076.service: Service hold-off time over, scheduling restart.
Jul 25 16:31:29 witherspoon systemd[1]: Stopped Phosphor Hwmon Poller.
Jul 25 16:31:29 witherspoon systemd[1]: Started Phosphor Hwmon Poller.
Jul 25 16:31:30 witherspoon phosphor-hwmon-readd[1118]: Failed to read from device.
Jul 25 16:31:30 witherspoon phosphor-hwmon-readd[1118]: Error in mapper call
Jul 25 16:31:30 witherspoon systemd[1]: xyz.openbmc_project.Hwmon@ahb-apb-i2c\x401e78a000-i2c\x2dbus\x40100-dps310\x4076.service: Main process exited, code=exited, status=1/FAILURE
Jul 25 16:31:30 witherspoon systemd[1]: xyz.openbmc_project.Hwmon@ahb-apb-i2c\x401e78a000-i2c\x2dbus\x40100-dps310\x4076.service: Unit entered failed state.
Jul 25 16:31:30 witherspoon systemd[1]: xyz.openbmc_project.Hwmon@ahb-apb-i2c\x401e78a000-i2c\x2dbus\x40100-dps310\x4076.service: Failed with result 'exit-code'.
Jul 25 16:31:31 witherspoon power_control.exe[1068]: ERROR PowerControl: GPIO open error (gpio=(null),rc=2)
Jul 25 16:31:30 witherspoon systemd[1]: xyz.openbmc_project.Hwmon@ahb-apb-i2c\x401e78a000-i2c\x2dbus\x40100-dps310\x4076.service: Service hold-off time over, scheduling restart.
Jul 25 16:31:30 witherspoon systemd[1]: Stopped Phosphor Hwmon Poller.
Jul 25 16:31:30 witherspoon systemd[1]: Started Phosphor Hwmon Poller.
Jul 25 16:31:31 witherspoon system_manager.py[1039]: Running System State: BASE_APPS
Jul 25 16:31:31 witherspoon system_manager.py[1039]: Traceback (most recent call last):
Jul 25 16:31:31 witherspoon system_manager.py[1039]:   File "/usr/sbin/system_manager.py", line 210, in <module>
Jul 25 16:31:31 witherspoon system_manager.py[1039]:     obj = SystemManager(bus, OBJ_NAME)
Jul 25 16:31:31 witherspoon system_manager.py[1039]:   File "/usr/sbin/system_manager.py", line 55, in __init__
Jul 25 16:31:31 witherspoon system_manager.py[1039]:     self.SystemStateHandler(System.SYSTEM_STATES[0])
Jul 25 16:31:31 witherspoon system_manager.py[1039]:   File "/usr/sbin/system_manager.py", line 74, in SystemStateHandler
Jul 25 16:31:31 witherspoon system_manager.py[1039]:     callback=self.gotoNextState)
Jul 25 16:31:31 witherspoon system_manager.py[1039]:   File "/usr/lib/python2.7/site-packages/obmc/mapper/utils.py", line 31, in __init__
Jul 25 16:31:31 witherspoon system_manager.py[1039]:     introspect=False)
Jul 25 16:31:31 witherspoon system_manager.py[1039]:   File "/usr/lib/python2.7/site-packages/dbus/bus.py", line 241, in get_object
Jul 25 16:31:31 witherspoon system_manager.py[1039]:     follow_name_owner_changes=follow_name_owner_changes)
Jul 25 16:31:31 witherspoon system_manager.py[1039]:   File "/usr/lib/python2.7/site-packages/dbus/proxies.py", line 248, in __init__
Jul 25 16:31:31 witherspoon system_manager.py[1039]:     self._named_service = conn.activate_name_owner(bus_name)
Jul 25 16:31:31 witherspoon system_manager.py[1039]:   File "/usr/lib/python2.7/site-packages/dbus/bus.py", line 180, in activate_name_owner
Jul 25 16:31:31 witherspoon system_manager.py[1039]:     self.start_service_by_name(bus_name)
Jul 25 16:31:31 witherspoon system_manager.py[1039]:   File "/usr/lib/python2.7/site-packages/dbus/bus.py", line 278, in start_service_by_name
Jul 25 16:31:31 witherspoon system_manager.py[1039]:     'su', (bus_name, flags)))
Jul 25 16:31:31 witherspoon system_manager.py[1039]:   File "/usr/lib/python2.7/site-packages/dbus/connection.py", line 651, in call_blocking
Jul 25 16:31:31 witherspoon system_manager.py[1039]:     message, timeout)
Jul 25 16:31:31 witherspoon system_manager.py[1039]: dbus.exceptions.DBusException: org.freedesktop.DBus.Error.ServiceUnknown: The name xyz.openbmc_project.ObjectMapper was not provided by any .service files
Jul 25 16:31:32 witherspoon phosphor-hwmon-readd[1120]: Failed to read from device.
Jul 25 16:31:32 witherspoon phosphor-hwmon-readd[1120]: Error in mapper call
Jul 25 16:31:32 witherspoon systemd[1]: xyz.openbmc_project.Hwmon@ahb-apb-i2c\x401e78a000-i2c\x2dbus\x40100-dps310\x4076.service: Main process exited, code=exited, status=1/FAILURE
Jul 25 16:31:32 witherspoon systemd[1]: xyz.openbmc_project.Hwmon@ahb-apb-i2c\x401e78a000-i2c\x2dbus\x40100-dps310\x4076.service: Unit entered failed state.
Jul 25 16:31:32 witherspoon systemd[1]: xyz.openbmc_project.Hwmon@ahb-apb-i2c\x401e78a000-i2c\x2dbus\x40100-dps310\x4076.service: Failed with result 'exit-code'.
Jul 25 16:31:32 witherspoon systemd[1]: Started Phosphor BMC Code Update.
Jul 25 16:31:32 witherspoon bmc_update.py[1066]: Running Bmc Flash Control
Jul 25 16:31:32 witherspoon systemd[1]: org.openbmc.managers.System.service: Main process exited, code=exited, status=1/FAILURE
Jul 25 16:31:32 witherspoon systemd[1]: Failed to start Phoshpor System Manager.
Jul 25 16:31:32 witherspoon systemd[1]: org.openbmc.managers.System.service: Unit entered failed state.
Jul 25 16:31:32 witherspoon systemd[1]: org.openbmc.managers.System.service: Failed with result 'exit-code'.
Jul 25 16:31:32 witherspoon systemd[1]: xyz.openbmc_project.Hwmon@ahb-apb-i2c\x401e78a000-i2c\x2dbus\x40100-dps310\x4076.service: Service hold-off time over, scheduling restart.
Jul 25 16:31:32 witherspoon systemd[1]: Stopped Phosphor Hwmon Poller.
Jul 25 16:31:32 witherspoon systemd[1]: Started Phosphor Hwmon Poller.
Jul 25 16:31:32 witherspoon systemd[1]: org.openbmc.managers.System.service: Service hold-off time over, scheduling restart.
Jul 25 16:31:32 witherspoon systemd[1]: Stopped Phoshpor System Manager.
Jul 25 16:31:32 witherspoon systemd[1]: Starting Phoshpor System Manager...
Jul 25 16:31:32 witherspoon settings_manager.py[1027]: Traceback (most recent call last):
Jul 25 16:31:32 witherspoon settings_manager.py[1027]:   File "/usr/sbin/settings_manager.py", line 262, in <module>
Jul 25 16:31:32 witherspoon settings_manager.py[1027]:     allobjects = create_object(s.SETTINGS)
Jul 25 16:31:32 witherspoon settings_manager.py[1027]:   File "/usr/sbin/settings_manager.py", line 45, in create_object
Jul 25 16:31:32 witherspoon settings_manager.py[1027]:     mapper = obmc.mapper.Mapper(bus)
Jul 25 16:31:32 witherspoon settings_manager.py[1027]:   File "/usr/lib/python2.7/site-packages/obmc/mapper/bindings.py", line 32, in __init__
Jul 25 16:31:32 witherspoon settings_manager.py[1027]:     obj = bus.get_object(MAPPER_NAME, MAPPER_PATH, introspect=False)
Jul 25 16:31:32 witherspoon settings_manager.py[1027]:   File "/usr/lib/python2.7/site-packages/dbus/bus.py", line 241, in get_object
Jul 25 16:31:32 witherspoon settings_manager.py[1027]:     follow_name_owner_changes=follow_name_owner_changes)
Jul 25 16:31:32 witherspoon settings_manager.py[1027]:   File "/usr/lib/python2.7/site-packages/dbus/proxies.py", line 248, in __init__
Jul 25 16:31:32 witherspoon settings_manager.py[1027]:     self._named_service = conn.activate_name_owner(bus_name)
Jul 25 16:31:32 witherspoon settings_manager.py[1027]:   File "/usr/lib/python2.7/site-packages/dbus/bus.py", line 180, in activate_name_owner
Jul 25 16:31:32 witherspoon settings_manager.py[1027]:     self.start_service_by_name(bus_name)
Jul 25 16:31:32 witherspoon settings_manager.py[1027]:   File "/usr/lib/python2.7/site-packages/dbus/bus.py", line 278, in start_service_by_name
Jul 25 16:31:32 witherspoon settings_manager.py[1027]:     'su', (bus_name, flags)))
Jul 25 16:31:32 witherspoon settings_manager.py[1027]:   File "/usr/lib/python2.7/site-packages/dbus/connection.py", line 651, in call_blocking
Jul 25 16:31:32 witherspoon settings_manager.py[1027]:     message, timeout)
Jul 25 16:31:32 witherspoon settings_manager.py[1027]: dbus.exceptions.DBusException: org.freedesktop.DBus.Error.ServiceUnknown: The name xyz.openbmc_project.ObjectMapper was not provided by any .service files
Jul 25 16:31:33 witherspoon systemd[1]: org.openbmc.settings.Host.service: Main process exited, code=exited, status=1/FAILURE
Jul 25 16:31:33 witherspoon systemd[1]: Failed to start Phosphor Settings Manager.
Jul 25 16:31:33 witherspoon systemd[1]: org.openbmc.settings.Host.service: Unit entered failed state.
Jul 25 16:31:34 witherspoon mapper[1125]: Error starting event loop: No route to host
Jul 25 16:31:33 witherspoon systemd[1]: org.openbmc.settings.Host.service: Failed with result 'exit-code'.
Jul 25 16:31:33 witherspoon systemd[1]: Starting Wait for /org/openbmc/settings/host0...
Jul 25 16:31:34 witherspoon phosphor-discover-system-state[1130]: terminate called after throwing an instance of 'std::runtime_error'
Jul 25 16:31:34 witherspoon phosphor-discover-system-state[1130]:   what():  Error in mapper call
Jul 25 16:31:33 witherspoon systemd[1]: org.openbmc.settings.Host.service: Service hold-off time over, scheduling restart.
Jul 25 16:31:33 witherspoon systemd[1]: Stopped Phosphor Settings Manager.
Jul 25 16:31:33 witherspoon systemd[1]: Starting Phosphor Settings Manager...
Jul 25 16:31:33 witherspoon systemd[1]: mapper-wait@-org-openbmc-settings-host0.service: Main process exited, code=exited, status=1/FAILURE
Jul 25 16:31:33 witherspoon systemd[1]: Failed to start Wait for /org/openbmc/settings/host0.
Jul 25 16:31:33 witherspoon systemd[1]: mapper-wait@-org-openbmc-settings-host0.service: Unit entered failed state.
Jul 25 16:31:33 witherspoon systemd[1]: mapper-wait@-org-openbmc-settings-host0.service: Failed with result 'exit-code'.
Jul 25 16:31:33 witherspoon systemd[1]: Starting Phosphor Time Manager daemon...
Jul 25 16:31:33 witherspoon systemd[1]: Started Phosphor Inband IPMI.
Jul 25 16:31:33 witherspoon systemd[1]: Starting Reboot If Enabled...
Jul 25 16:31:34 witherspoon phosphor-discover-system-state[1130]: Error in mapper call
Jul 25 16:31:34 witherspoon systemd[1]: phosphor-discover-system-state@0.service: Main process exited, code=dumped, status=6/ABRT
Jul 25 16:31:34 witherspoon systemd[1]: Failed to start Reboot If Enabled.
Jul 25 16:31:34 witherspoon systemd[1]: phosphor-discover-system-state@0.service: Unit entered failed state.
Jul 25 16:31:34 witherspoon systemd[1]: phosphor-discover-system-state@0.service: Failed with result 'core-dump'.
Jul 25 16:31:35 witherspoon phosphor-hwmon-readd[1123]: Failed to read from device.
Jul 25 16:31:35 witherspoon phosphor-hwmon-readd[1123]: Error in mapper call
Jul 25 16:31:35 witherspoon systemd[1]: xyz.openbmc_project.Hwmon@ahb-apb-i2c\x401e78a000-i2c\x2dbus\x40100-dps310\x4076.service: Main process exited, code=exited, status=1/FAILURE
Jul 25 16:31:35 witherspoon systemd[1]: xyz.openbmc_project.Hwmon@ahb-apb-i2c\x401e78a000-i2c\x2dbus\x40100-dps310\x4076.service: Unit entered failed state.
Jul 25 16:31:35 witherspoon systemd[1]: xyz.openbmc_project.Hwmon@ahb-apb-i2c\x401e78a000-i2c\x2dbus\x40100-dps310\x4076.service: Failed with result 'exit-code'.
Jul 25 16:31:35 witherspoon systemd[1]: xyz.openbmc_project.Hwmon@ahb-apb-i2c\x401e78a000-i2c\x2dbus\x40100-dps310\x4076.service: Service hold-off time over, scheduling restart.
Jul 25 16:31:35 witherspoon systemd[1]: Stopped Phosphor Hwmon Poller.
Jul 25 16:31:35 witherspoon systemd[1]: Started Phosphor Hwmon Poller.
Jul 25 16:31:36 witherspoon timemanager[1128]: Registering dbus methods
Jul 25 16:31:36 witherspoon timemanager[1128]: Last known time_mode: MANUAL
Jul 25 16:31:36 witherspoon timemanager[1128]: Last known time_owner: BMC
Jul 25 16:31:36 witherspoon timemanager[1128]: Empty DhcpNtp string
Jul 25 16:31:36 witherspoon timemanager[1128]: Reading Power Control key: pgood
Jul 25 16:31:36 witherspoon timemanager[1128]:  Error getting provider for Power Settings
Jul 25 16:31:36 witherspoon timemanager[1128]: Getting System Settings: time_mode
Jul 25 16:31:36 witherspoon timemanager[1128]: Error Getting service for Settings
Jul 25 16:31:36 witherspoon timemanager[1128]: terminate called after throwing an instance of 'std::logic_error'
Jul 25 16:31:36 witherspoon timemanager[1128]:   what():  basic_string::_M_construct null not valid
Jul 25 16:31:36 witherspoon systemd[1]: org.openbmc.TimeManager.service: Main process exited, code=dumped, status=6/ABRT
Jul 25 16:31:36 witherspoon systemd[1]: Failed to start Phosphor Time Manager daemon.
Jul 25 16:31:36 witherspoon systemd[1]: org.openbmc.TimeManager.service: Unit entered failed state.
Jul 25 16:31:36 witherspoon systemd[1]: org.openbmc.TimeManager.service: Failed with result 'core-dump'.
Jul 25 16:31:36 witherspoon systemd[1]: org.openbmc.TimeManager.service: Service hold-off time over, scheduling restart.
Jul 25 16:31:36 witherspoon systemd[1]: Stopped Phosphor Time Manager daemon.
Jul 25 16:31:36 witherspoon systemd[1]: Starting Wait for /org/openbmc/NetworkManager/Interface...
Jul 25 16:31:36 witherspoon systemd[1]: Starting Wait for /org/openbmc/control/power0...
Jul 25 16:31:37 witherspoon mapper[1141]: Error starting event loop: No route to host
Jul 25 16:31:37 witherspoon systemd[1]: mapper-wait@-org-openbmc-control-power0.service: Main process exited, code=exited, status=1/FAILURE
Jul 25 16:31:37 witherspoon systemd[1]: Failed to start Wait for /org/openbmc/control/power0.
Jul 25 16:31:37 witherspoon systemd[1]: mapper-wait@-org-openbmc-control-power0.service: Unit entered failed state.
Jul 25 16:31:37 witherspoon systemd[1]: mapper-wait@-org-openbmc-control-power0.service: Failed with result 'exit-code'.
Jul 25 16:31:37 witherspoon mapper[1140]: Error starting event loop: No route to host
Jul 25 16:31:37 witherspoon systemd[1]: mapper-wait@-org-openbmc-NetworkManager-Interface.service: Main process exited, code=exited, status=1/FAILURE
Jul 25 16:31:37 witherspoon systemd[1]: Failed to start Wait for /org/openbmc/NetworkManager/Interface.
Jul 25 16:31:37 witherspoon systemd[1]: mapper-wait@-org-openbmc-NetworkManager-Interface.service: Unit entered failed state.
Jul 25 16:31:37 witherspoon systemd[1]: mapper-wait@-org-openbmc-NetworkManager-Interface.service: Failed with result 'exit-code'.
Jul 25 16:31:38 witherspoon phosphor-hwmon-readd[1137]: Failed to read from device.
Jul 25 16:31:38 witherspoon phosphor-hwmon-readd[1137]: Error in mapper call
Jul 25 16:31:38 witherspoon systemd[1]: xyz.openbmc_project.Hwmon@ahb-apb-i2c\x401e78a000-i2c\x2dbus\x40100-dps310\x4076.service: Main process exited, code=exited, status=1/FAILURE
Jul 25 16:31:38 witherspoon systemd[1]: xyz.openbmc_project.Hwmon@ahb-apb-i2c\x401e78a000-i2c\x2dbus\x40100-dps310\x4076.service: Unit entered failed state.
Jul 25 16:31:38 witherspoon systemd[1]: xyz.openbmc_project.Hwmon@ahb-apb-i2c\x401e78a000-i2c\x2dbus\x40100-dps310\x4076.service: Failed with result 'exit-code'.
Jul 25 16:31:38 witherspoon systemd[1]: xyz.openbmc_project.Hwmon@ahb-apb-i2c\x401e78a000-i2c\x2dbus\x40100-dps310\x4076.service: Service hold-off time over, scheduling restart.
Jul 25 16:31:38 witherspoon systemd[1]: Stopped Phosphor Hwmon Poller.
Jul 25 16:31:38 witherspoon systemd[1]: Started Phosphor Hwmon Poller.
Jul 25 16:31:40 witherspoon phosphor-hwmon-readd[1146]: Failed to read from device.
Jul 25 16:31:40 witherspoon phosphor-hwmon-readd[1146]: Error in mapper call
Jul 25 16:31:40 witherspoon systemd[1]: xyz.openbmc_project.Hwmon@ahb-apb-i2c\x401e78a000-i2c\x2dbus\x40100-dps310\x4076.service: Main process exited, code=exited, status=1/FAILURE
Jul 25 16:31:40 witherspoon systemd[1]: xyz.openbmc_project.Hwmon@ahb-apb-i2c\x401e78a000-i2c\x2dbus\x40100-dps310\x4076.service: Unit entered failed state.
Jul 25 16:31:40 witherspoon systemd[1]: xyz.openbmc_project.Hwmon@ahb-apb-i2c\x401e78a000-i2c\x2dbus\x40100-dps310\x4076.service: Failed with result 'exit-code'.
Jul 25 16:31:41 witherspoon systemd[1]: xyz.openbmc_project.Hwmon@ahb-apb-i2c\x401e78a000-i2c\x2dbus\x40100-dps310\x4076.service: Service hold-off time over, scheduling restart.
Jul 25 16:31:41 witherspoon systemd[1]: Stopped Phosphor Hwmon Poller.
Jul 25 16:31:41 witherspoon systemd[1]: Started Phosphor Hwmon Poller.
Jul 25 16:31:42 witherspoon ipmid[1129]: Failed to get /org/openbmc/settings/host0 busname: No route to host
Jul 25 16:31:43 witherspoon phosphor-hwmon-readd[1148]: Failed to read from device.
Jul 25 16:31:43 witherspoon phosphor-hwmon-readd[1148]: Error in mapper call
Jul 25 16:31:43 witherspoon systemd[1]: xyz.openbmc_project.Hwmon@ahb-apb-i2c\x401e78a000-i2c\x2dbus\x40100-dps310\x4076.service: Main process exited, code=exited, status=1/FAILURE
Jul 25 16:31:43 witherspoon systemd[1]: xyz.openbmc_project.Hwmon@ahb-apb-i2c\x401e78a000-i2c\x2dbus\x40100-dps310\x4076.service: Unit entered failed state.
Jul 25 16:31:43 witherspoon systemd[1]: xyz.openbmc_project.Hwmon@ahb-apb-i2c\x401e78a000-i2c\x2dbus\x40100-dps310\x4076.service: Failed with result 'exit-code'.
Jul 25 16:31:43 witherspoon systemd[1]: xyz.openbmc_project.Hwmon@ahb-apb-i2c\x401e78a000-i2c\x2dbus\x40100-dps310\x4076.service: Service hold-off time over, scheduling restart.
Jul 25 16:31:43 witherspoon systemd[1]: Stopped Phosphor Hwmon Poller.
Jul 25 16:31:43 witherspoon systemd[1]: Started Phosphor Hwmon Poller.
Jul 25 16:31:45 witherspoon phosphor-hwmon-readd[1150]: Failed to read from device.
Jul 25 16:31:45 witherspoon phosphor-hwmon-readd[1150]: Error in mapper call
Jul 25 16:31:45 witherspoon systemd[1]: xyz.openbmc_project.Hwmon@ahb-apb-i2c\x401e78a000-i2c\x2dbus\x40100-dps310\x4076.service: Main process exited, code=exited, status=1/FAILURE
Jul 25 16:31:45 witherspoon settings_manager.py[1127]: Traceback (most recent call last):
Jul 25 16:31:45 witherspoon settings_manager.py[1127]:   File "/usr/sbin/settings_manager.py", line 262, in <module>
Jul 25 16:31:45 witherspoon settings_manager.py[1127]:     allobjects = create_object(s.SETTINGS)
Jul 25 16:31:45 witherspoon settings_manager.py[1127]:   File "/usr/sbin/settings_manager.py", line 45, in create_object
Jul 25 16:31:45 witherspoon settings_manager.py[1127]:     mapper = obmc.mapper.Mapper(bus)
Jul 25 16:31:45 witherspoon settings_manager.py[1127]:   File "/usr/lib/python2.7/site-packages/obmc/mapper/bindings.py", line 32, in __init__
Jul 25 16:31:45 witherspoon settings_manager.py[1127]:     obj = bus.get_object(MAPPER_NAME, MAPPER_PATH, introspect=False)
Jul 25 16:31:45 witherspoon settings_manager.py[1127]:   File "/usr/lib/python2.7/site-packages/dbus/bus.py", line 241, in get_object
Jul 25 16:31:45 witherspoon settings_manager.py[1127]:     follow_name_owner_changes=follow_name_owner_changes)
Jul 25 16:31:45 witherspoon settings_manager.py[1127]:   File "/usr/lib/python2.7/site-packages/dbus/proxies.py", line 248, in __init__
Jul 25 16:31:45 witherspoon settings_manager.py[1127]:     self._named_service = conn.activate_name_owner(bus_name)
Jul 25 16:31:45 witherspoon settings_manager.py[1127]:   File "/usr/lib/python2.7/site-packages/dbus/bus.py", line 180, in activate_name_owner
Jul 25 16:31:46 witherspoon systemd[1]: xyz.openbmc_project.Hwmon@ahb-apb-i2c\x401e78a000-i2c\x2dbus\x40100-dps310\x4076.service: Unit entered failed state.
Jul 25 16:31:46 witherspoon settings_manager.py[1127]:     self.start_service_by_name(bus_name)
Jul 25 16:31:46 witherspoon settings_manager.py[1127]:   File "/usr/lib/python2.7/site-packages/dbus/bus.py", line 278, in start_service_by_name
Jul 25 16:31:46 witherspoon settings_manager.py[1127]:     'su', (bus_name, flags)))
Jul 25 16:31:46 witherspoon settings_manager.py[1127]:   File "/usr/lib/python2.7/site-packages/dbus/connection.py", line 651, in call_blocking
