-- Logs begin at Thu 2017-09-14 01:15:24 UTC, end at Thu 2017-09-14 01:16:43 UTC. --
Sep 14 01:15:24 witherspoon kernel: Booting Linux on physical CPU 0x0
Sep 14 01:15:24 witherspoon kernel: Linux version 4.10.17-c4227b43277bbd0992d10d764d4958239786503d (jenkins@openbmc-builder1) (gcc version 6.2.0 (GCC) ) #1 Wed Sep 13 22:26:13 UTC 2017
Sep 14 01:15:24 witherspoon kernel: CPU: ARMv6-compatible processor [410fb767] revision 7 (ARMv7), cr=00c5387d
Sep 14 01:15:24 witherspoon kernel: CPU: PIPT / VIPT nonaliasing data cache, VIPT nonaliasing instruction cache
Sep 14 01:15:24 witherspoon kernel: OF: fdt:Machine model: Witherspoon BMC
Sep 14 01:15:24 witherspoon kernel: Memory policy: Data cache writeback
Sep 14 01:15:24 witherspoon kernel: SOC Rev: 04030303
Sep 14 01:15:24 witherspoon kernel: On node 0 totalpages: 110592
Sep 14 01:15:24 witherspoon kernel: free_area_init_node: node 0, pgdat 806038a4, node_mem_map 9ec1a000
Sep 14 01:15:24 witherspoon kernel:   Normal zone: 992 pages used for memmap
Sep 14 01:15:24 witherspoon kernel:   Normal zone: 0 pages reserved
Sep 14 01:15:24 witherspoon kernel:   Normal zone: 110592 pages, LIFO batch:31
Sep 14 01:15:24 witherspoon kernel: pcpu-alloc: s0 r0 d32768 u32768 alloc=1*32768
Sep 14 01:15:24 witherspoon kernel: pcpu-alloc: [0] 0 
Sep 14 01:15:24 witherspoon kernel: Built 1 zonelists in Zone order, mobility grouping on.  Total pages: 109600
Sep 14 01:15:24 witherspoon kernel: Kernel command line: console=ttyS4,115200n8 root=/dev/ram rw
Sep 14 01:15:24 witherspoon kernel: PID hash table entries: 2048 (order: 1, 8192 bytes)
Sep 14 01:15:24 witherspoon kernel: Dentry cache hash table entries: 65536 (order: 6, 262144 bytes)
Sep 14 01:15:24 witherspoon kernel: Inode-cache hash table entries: 32768 (order: 5, 131072 bytes)
Sep 14 01:15:24 witherspoon kernel: Memory: 430408K/442368K available (4077K kernel code, 281K rwdata, 1196K rodata, 284K init, 111K bss, 11960K reserved, 0K cma-reserved)
Sep 14 01:15:24 witherspoon kernel: Virtual kernel memory layout:
                                        vector  : 0xffff0000 - 0xffff1000   (   4 kB)
                                        fixmap  : 0xffc00000 - 0xfff00000   (3072 kB)
                                        vmalloc : 0x9f800000 - 0xff800000   (1536 MB)
                                        lowmem  : 0x80000000 - 0x9f000000   ( 496 MB)
                                          .text : 0x80008000 - 0x804036e0   (4078 kB)
                                          .init : 0x80589000 - 0x805d0000   ( 284 kB)
                                          .data : 0x805d0000 - 0x806167a8   ( 282 kB)
                                           .bss : 0x806167a8 - 0x80632678   ( 112 kB)
Sep 14 01:15:24 witherspoon kernel: NR_IRQS:16 nr_irqs:16 16
Sep 14 01:15:24 witherspoon kernel: i2c controller registered, irq 16
Sep 14 01:15:24 witherspoon kernel: clocksource: moxart_timer: mask: 0xffffffff max_cycles: 0xffffffff, max_idle_ns: 77222644334 ns
Sep 14 01:15:24 witherspoon kernel: sched_clock: 32 bits at 100 Hz, resolution 10000000ns, wraps every 21474836475000000ns
Sep 14 01:15:24 witherspoon kernel: Calibrating delay loop... 789.70 BogoMIPS (lpj=3948544)
Sep 14 01:15:24 witherspoon kernel: pid_max: default: 32768 minimum: 301
Sep 14 01:15:24 witherspoon kernel: Mount-cache hash table entries: 1024 (order: 0, 4096 bytes)
Sep 14 01:15:24 witherspoon kernel: Mountpoint-cache hash table entries: 1024 (order: 0, 4096 bytes)
Sep 14 01:15:24 witherspoon kernel: CPU: Testing write buffer coherency: ok
Sep 14 01:15:24 witherspoon kernel: ftrace: allocating 14991 entries in 44 pages
Sep 14 01:15:24 witherspoon kernel: Setting up static identity map for 0x80008200 - 0x8000825c
Sep 14 01:15:24 witherspoon kernel: devtmpfs: initialized
Sep 14 01:15:24 witherspoon kernel: clocksource: jiffies: mask: 0xffffffff max_cycles: 0xffffffff, max_idle_ns: 19112604462750000 ns
Sep 14 01:15:24 witherspoon kernel: futex hash table entries: 256 (order: -1, 3072 bytes)
Sep 14 01:15:24 witherspoon kernel: pinctrl core: initialized pinctrl subsystem
Sep 14 01:15:24 witherspoon kernel: NET: Registered protocol family 16
Sep 14 01:15:24 witherspoon kernel: DMA: preallocated 256 KiB pool for atomic coherent allocations
Sep 14 01:15:24 witherspoon kernel: usbcore: registered new interface driver usbfs
Sep 14 01:15:24 witherspoon kernel: usbcore: registered new interface driver hub
Sep 14 01:15:24 witherspoon kernel: usbcore: registered new device driver usb
Sep 14 01:15:24 witherspoon kernel: clocksource: Switched to clocksource moxart_timer
Sep 14 01:15:24 witherspoon kernel: NET: Registered protocol family 2
Sep 14 01:15:24 witherspoon kernel: TCP established hash table entries: 4096 (order: 2, 16384 bytes)
Sep 14 01:15:24 witherspoon kernel: TCP bind hash table entries: 4096 (order: 2, 16384 bytes)
Sep 14 01:15:24 witherspoon kernel: TCP: Hash tables configured (established 4096 bind 4096)
Sep 14 01:15:24 witherspoon kernel: UDP hash table entries: 256 (order: 0, 4096 bytes)
Sep 14 01:15:24 witherspoon kernel: UDP-Lite hash table entries: 256 (order: 0, 4096 bytes)
Sep 14 01:15:24 witherspoon kernel: NET: Registered protocol family 1
Sep 14 01:15:24 witherspoon kernel: Trying to unpack rootfs image as initramfs...
Sep 14 01:15:24 witherspoon kernel: Freeing initrd memory: 1548K
Sep 14 01:15:24 witherspoon kernel: workingset: timestamp_bits=30 max_order=17 bucket_order=0
Sep 14 01:15:24 witherspoon kernel: squashfs: version 4.0 (2009/01/31) Phillip Lougher
Sep 14 01:15:24 witherspoon kernel: jffs2: version 2.2. (SUMMARY)  © 2001-2006 Red Hat, Inc.
Sep 14 01:15:24 witherspoon kernel: Block layer SCSI generic (bsg) driver version 0.4 loaded (major 250)
Sep 14 01:15:24 witherspoon kernel: io scheduler noop registered
Sep 14 01:15:24 witherspoon kernel: io scheduler deadline registered
Sep 14 01:15:24 witherspoon kernel: io scheduler cfq registered (default)
Sep 14 01:15:24 witherspoon kernel: ipmi-bt-host 1e789140.ibt: Found bt bmc device
Sep 14 01:15:24 witherspoon kernel: ipmi-bt-host 1e789140.ibt: Using IRQ 22
Sep 14 01:15:24 witherspoon kernel: Serial: 8250/16550 driver, 6 ports, IRQ sharing enabled
Sep 14 01:15:24 witherspoon kernel: 1e787000.vuart: ttyS5 at MMIO 0x1e787000 (irq = 22, base_baud = 1500000) is a 16550A
Sep 14 01:15:24 witherspoon kernel: 1e783000.serial: ttyS0 at MMIO 0x1e783000 (irq = 23, base_baud = 1500000) is a 16550A
Sep 14 01:15:24 witherspoon kernel: 1e78d000.serial: ttyS1 at MMIO 0x1e78d000 (irq = 24, base_baud = 1500000) is a 16550A
Sep 14 01:15:24 witherspoon kernel: 1e784000.serial: ttyS4 at MMIO 0x1e784000 (irq = 25, base_baud = 1500000) is a 16550A
Sep 14 01:15:24 witherspoon kernel: console [ttyS4] enabled
Sep 14 01:15:24 witherspoon kernel: timeriomem_rng 1e6e2078.hwrng: 32bits from 0xf00e2078 @ 1us
Sep 14 01:15:24 witherspoon kernel: random: fast init done
Sep 14 01:15:24 witherspoon kernel: random: crng init done
Sep 14 01:15:24 witherspoon kernel: brd: module loaded
Sep 14 01:15:24 witherspoon kernel: loop: module loaded
Sep 14 01:15:24 witherspoon kernel: aspeed-lpc-ctrl 1e789080.lpc-ctrl: Loaded at 0x98000000 (0x04000000)
Sep 14 01:15:24 witherspoon kernel: aspeed-smc 1e620000.flash-controller: Using IRQ 18
Sep 14 01:15:24 witherspoon kernel: aspeed-smc 1e620000.flash-controller: DMA support disabled.
Sep 14 01:15:24 witherspoon kernel: aspeed-smc 1e620000.flash-controller: mx25l25635e (32768 Kbytes)
Sep 14 01:15:24 witherspoon kernel: aspeed-smc 1e620000.flash-controller: CE0 window [ 0x20000000 - 0x22000000 ] 32MB
Sep 14 01:15:24 witherspoon kernel: aspeed-smc 1e620000.flash-controller: CE1 window [ 0x22000000 - 0x2a000000 ] 128MB
Sep 14 01:15:24 witherspoon kernel: 5 ofpart partitions found on MTD device bmc
Sep 14 01:15:24 witherspoon kernel: Creating 5 MTD partitions on "bmc":
Sep 14 01:15:24 witherspoon kernel: 0x000000000000-0x000000060000 : "u-boot"
Sep 14 01:15:24 witherspoon kernel: 0x000000060000-0x000000080000 : "u-boot-env"
Sep 14 01:15:24 witherspoon kernel: 0x000000080000-0x0000004c0000 : "kernel"
Sep 14 01:15:24 witherspoon kernel: 0x0000004c0000-0x000001c00000 : "rofs"
Sep 14 01:15:24 witherspoon kernel: 0x000001c00000-0x000002000000 : "rwfs"
Sep 14 01:15:24 witherspoon kernel: aspeed-smc 1e620000.flash-controller: mx25l25635e (32768 Kbytes)
Sep 14 01:15:24 witherspoon kernel: aspeed-smc 1e620000.flash-controller: CE1 window [ 0x22000000 - 0x24000000 ] 32MB
Sep 14 01:15:24 witherspoon kernel: aspeed-smc 1e620000.flash-controller: CE2 window [ 0x24000000 - 0x2c000000 ] 128MB
Sep 14 01:15:24 witherspoon kernel: aspeed-smc 1e630000.flash-controller: mx66l1g45g (131072 Kbytes)
Sep 14 01:15:24 witherspoon kernel: aspeed-smc 1e630000.flash-controller: CE0 window resized to 120MB (AST2500 HW quirk)
Sep 14 01:15:24 witherspoon kernel: aspeed-smc 1e630000.flash-controller: CE0 window [ 0x30000000 - 0x37800000 ] 120MB
Sep 14 01:15:24 witherspoon kernel: aspeed-smc 1e630000.flash-controller: CE0 window too small for chip 128MB
Sep 14 01:15:24 witherspoon kernel: aspeed-smc 1e630000.flash-controller: CE1 window [ 0x37800000 - 0x38000000 ] 8MB
Sep 14 01:15:24 witherspoon kernel: libphy: Fixed MDIO Bus: probed
Sep 14 01:15:24 witherspoon kernel: ftgmac100 1e660000.ethernet: Read MAC address 70:e2:84:14:28:a9 from chip
Sep 14 01:15:24 witherspoon kernel: ftgmac100 1e660000.ethernet: Using NCSI interface
Sep 14 01:15:24 witherspoon kernel: ftgmac100 1e660000.ethernet eth0: irq 20, mapped at f0060000
Sep 14 01:15:24 witherspoon kernel: ehci_hcd: USB 2.0 'Enhanced' Host Controller (EHCI) Driver
Sep 14 01:15:24 witherspoon kernel: ehci-platform: EHCI generic platform driver
Sep 14 01:15:24 witherspoon kernel: i2c /dev entries driver
Sep 14 01:15:24 witherspoon kernel: aspeed-i2c-bus 1e78a0c0.i2c-bus: i2c bus 2 registered, irq 26
Sep 14 01:15:24 witherspoon kernel: aspeed-i2c-bus 1e78a100.i2c-bus: i2c bus 3 registered, irq 27
Sep 14 01:15:24 witherspoon kernel: aspeed-i2c-bus 1e78a140.i2c-bus: i2c bus 4 registered, irq 28
Sep 14 01:15:24 witherspoon kernel: aspeed-i2c-bus 1e78a180.i2c-bus: i2c bus 5 registered, irq 29
Sep 14 01:15:24 witherspoon kernel: aspeed-i2c-bus 1e78a380.i2c-bus: i2c bus 9 registered, irq 30
Sep 14 01:15:24 witherspoon kernel: aspeed-i2c-bus 1e78a3c0.i2c-bus: i2c bus 10 registered, irq 31
Sep 14 01:15:24 witherspoon kernel: rtc-rv8803 11-0032: Voltage low, temperature compensation stopped.
Sep 14 01:15:24 witherspoon kernel: rtc-rv8803 11-0032: rtc core: registered rx8900 as rtc0
Sep 14 01:15:24 witherspoon kernel: at24 11-0051: 8192 byte 24c64 EEPROM, writable, 1 bytes/write
Sep 14 01:15:24 witherspoon kernel: aspeed-i2c-bus 1e78a400.i2c-bus: i2c bus 11 registered, irq 32
Sep 14 01:15:24 witherspoon kernel: aspeed-i2c-bus 1e78a440.i2c-bus: i2c bus 12 registered, irq 33
Sep 14 01:15:24 witherspoon kernel: aspeed-i2c-bus 1e78a480.i2c-bus: i2c bus 13 registered, irq 34
Sep 14 01:15:24 witherspoon kernel: Driver for 1-wire Dallas network protocol.
Sep 14 01:15:24 witherspoon kernel: lm75 9-004a: hwmon0: sensor 'tmp275'
Sep 14 01:15:24 witherspoon kernel: ucd9000 11-0064: Device ID UCD90160|2.3.4.0000|110603
Sep 14 01:15:24 witherspoon kernel: leds-pca955x 3-0060: leds-pca955x: Using pca9552 16-bit LED driver at slave address 0x60
Sep 14 01:15:24 witherspoon kernel: leds-pca955x 3-0060: gpios 238...253
Sep 14 01:15:24 witherspoon kernel: leds-pca955x 11-0060: leds-pca955x: Using pca9552 16-bit LED driver at slave address 0x60
Sep 14 01:15:24 witherspoon kernel: leds-pca955x 11-0060: gpios 222...237
Sep 14 01:15:24 witherspoon kernel: usbcore: registered new interface driver usbhid
Sep 14 01:15:24 witherspoon kernel: usbhid: USB HID core driver
Sep 14 01:15:24 witherspoon kernel: dps310 3-0076: iio:device1: sensor 'dps310'
Sep 14 01:15:24 witherspoon kernel: NET: Registered protocol family 10
Sep 14 01:15:24 witherspoon kernel: Segment Routing with IPv6
Sep 14 01:15:24 witherspoon kernel: NET: Registered protocol family 17
Sep 14 01:15:24 witherspoon kernel: 8021q: 802.1Q VLAN Support v1.8
Sep 14 01:15:24 witherspoon kernel: input: gpio-keys-polled as /devices/platform/gpio-keys-polled/input/input1
Sep 14 01:15:24 witherspoon kernel: console [netcon0] enabled
Sep 14 01:15:24 witherspoon kernel: netconsole: network logging started
Sep 14 01:15:24 witherspoon kernel: input: gpio-keys as /devices/platform/gpio-keys/input/input2
Sep 14 01:15:24 witherspoon kernel: rtc-rv8803 11-0032: setting system clock to 2017-09-14 01:15:16 UTC (1505351716)
Sep 14 01:15:24 witherspoon kernel: Freeing unused kernel memory: 284K
Sep 14 01:15:24 witherspoon kernel: This architecture does not have kernel memory protection.
Sep 14 01:15:24 witherspoon kernel: jffs2: notice: (542) jffs2_build_xattr_subsystem: complete building xattr subsystem, 1 of xdatum (1 unchecked, 0 orphan) and 12 of xref (0 dead, 2 orphan) found.
Sep 14 01:15:24 witherspoon systemd[1]: Failed to insert module 'autofs4': No such file or directory
Sep 14 01:15:24 witherspoon systemd[1]: systemd 232 running in system mode. (+PAM -AUDIT -SELINUX -IMA -APPARMOR -SMACK +SYSVINIT -UTMP -LIBCRYPTSETUP -GCRYPT -GNUTLS +ACL +XZ -LZ4 -SECCOMP +BLKID -ELFUTILS +KMOD -IDN)
Sep 14 01:15:24 witherspoon systemd[1]: Detected architecture arm.
Sep 14 01:15:24 witherspoon systemd[1]: Set hostname to <witherspoon>.
Sep 14 01:15:24 witherspoon systemd[1]: Listening on udev Kernel Socket.
Sep 14 01:15:24 witherspoon systemd[1]: Listening on Journal Socket (/dev/log).
Sep 14 01:15:24 witherspoon systemd[1]: Listening on Syslog Socket.
Sep 14 01:15:24 witherspoon systemd[1]: Listening on Network Service Netlink Socket.
Sep 14 01:15:24 witherspoon systemd[1]: Started Dispatch Password Requests to Console Directory Watch.
Sep 14 01:15:24 witherspoon systemd[1]: Listening on udev Control Socket.
Sep 14 01:15:24 witherspoon systemd[1]: Listening on Process Core Dump Socket.
Sep 14 01:15:24 witherspoon systemd-journald[567]: Journal started
Sep 14 01:15:24 witherspoon systemd-journald[567]: Runtime journal (/run/log/journal/12c6a00ebfdd479284cf09f39d1bc042) is 0B, max 0B, 0B free.
Sep 14 01:15:24 witherspoon systemd-sysctl[566]: Couldn't write '16' to 'kernel/sysrq', ignoring: No such file or directory
Sep 14 01:15:24 witherspoon systemd-sysctl[566]: Couldn't write 'fq_codel' to 'net/core/default_qdisc', ignoring: No such file or directory
Sep 14 01:15:25 witherspoon systemd[1]: Mounted /var/volatile.
Sep 14 01:15:25 witherspoon systemd[1]: Started Journal Service.
Sep 14 01:15:26 witherspoon systemd[1]: Started udev Kernel Device Manager.
Sep 14 01:15:26 witherspoon systemd[1]: Started udev Coldplug all Devices.
Sep 14 01:15:26 witherspoon systemd[1]: Starting Flush Journal to Persistent Storage...
Sep 14 01:15:26 witherspoon systemd[1]: Starting Load/Save Random Seed...
Sep 14 01:15:26 witherspoon systemd[1]: Reached target Local File Systems.
Sep 14 01:15:26 witherspoon systemd[1]: Found device /dev/aspeed-lpc-ctrl.
Sep 14 01:15:26 witherspoon systemd[1]: Found device /dev/aspeed-mbox.
Sep 14 01:15:27 witherspoon systemd-journald[567]: Runtime journal (/run/log/journal/12c6a00ebfdd479284cf09f39d1bc042) is 0B, max 0B, 0B free.
Sep 14 01:15:27 witherspoon systemd[1]: Found device /dev/ttyS4.
Sep 14 01:15:27 witherspoon systemd[1]: Found device /dev/ttyVUART0.
Sep 14 01:15:27 witherspoon systemd[1]: Started Flush Journal to Persistent Storage.
Sep 14 01:15:27 witherspoon systemd[1]: Started Load/Save Random Seed.
Sep 14 01:15:29 witherspoon systemd[1]: Created slice system-xyz.openbmc_project.led.controller.slice.
Sep 14 01:15:29 witherspoon systemd[1]: Created slice system-xyz.openbmc_project.Hwmon.slice.
Sep 14 01:15:29 witherspoon systemd[1]: Starting Create Volatile Files and Directories...
Sep 14 01:15:29 witherspoon systemd[1]: dev-hugepages.mount: Couldn't determine result for ConditionVirtualization=!private-users, assuming failed: No such file or directory
Sep 14 01:15:29 witherspoon systemd-tmpfiles[945]: "/var/tmp" already exists and is not a directory.
Sep 14 01:15:29 witherspoon systemd-tmpfiles[945]: "/var/log" already exists and is not a directory.
Sep 14 01:15:29 witherspoon systemd[1]: Started Create Volatile Files and Directories.
Sep 14 01:15:29 witherspoon systemd[1]: Starting Network Time Synchronization...
Sep 14 01:15:29 witherspoon systemd[1]: Started Network Time Synchronization.
Sep 14 01:15:29 witherspoon systemd[1]: Reached target System Initialization.
Sep 14 01:15:29 witherspoon systemd[1]: Listening on dropbear.socket.
Sep 14 01:15:29 witherspoon systemd[1]: Started Daily Cleanup of Temporary Directories.
Sep 14 01:15:29 witherspoon systemd[1]: Reached target Timers.
Sep 14 01:15:29 witherspoon systemd[1]: Listening on Phosphor Host Console SSH Per-Connection socket.
Sep 14 01:15:29 witherspoon systemd[1]: Listening on Phosphor Webserver socket.
Sep 14 01:15:29 witherspoon systemd[1]: Listening on Phosphor DBUS Browser socket.
Sep 14 01:15:29 witherspoon systemd[1]: Listening on Avahi mDNS/DNS-SD Stack Activation Socket.
Sep 14 01:15:29 witherspoon systemd[1]: Listening on D-Bus System Message Bus Socket.
Sep 14 01:15:29 witherspoon systemd[1]: Listening on phosphor-ipmi-net.socket.
Sep 14 01:15:29 witherspoon systemd[1]: Reached target Sockets.
Sep 14 01:15:29 witherspoon systemd[1]: Reached target Basic System.
Sep 14 01:15:29 witherspoon systemd[1]: Started Phosphor sysfs LED controller.
Sep 14 01:15:30 witherspoon systemd[1]: Started Phosphor Dump core monitor..
Sep 14 01:15:30 witherspoon systemd[1]: Mounting /var/lib/systemd/coredump...
Sep 14 01:15:30 witherspoon systemd[1]: Started Phosphor Console Muxer listening on device /dev/ttyVUART0.
Sep 14 01:15:30 witherspoon systemd[1]: Started System Logging Service.
Sep 14 01:15:30 witherspoon systemd[1]: Started D-Bus System Message Bus.
Sep 14 01:15:31 witherspoon systemd[1]: Started Phosphor sysfs LED controller.
Sep 14 01:15:31 witherspoon systemd[1]: Started Phosphor sysfs LED controller.
Sep 14 01:15:31 witherspoon systemd[1]: Started Phosphor sysfs LED controller.
Sep 14 01:15:32 witherspoon systemd[1]: Starting Remount the ubi volume after a reboot...
Sep 14 01:15:32 witherspoon systemd[1]: Starting Phosphor Download Manager...
Sep 14 01:15:32 witherspoon systemd[1]: Starting Phosphor BMC0 Control...
Sep 14 01:15:32 witherspoon systemd[1]: Reached target Containers.
Sep 14 01:15:32 witherspoon systemd[1]: Started Phosphor sysfs LED controller.
Sep 14 01:15:32 witherspoon systemd[1]: Starting Updates symlinks for active PNOR version...
Sep 14 01:15:32 witherspoon systemd[1]: Starting Phosphor Inventory Manager...
Sep 14 01:15:32 witherspoon systemd[1]: Started Phosphor sysfs LED controller.
Sep 14 01:15:32 witherspoon systemd[1]: Starting Remount the squashfs and ubi volumes after a reboot...
Sep 14 01:15:32 witherspoon systemd[1]: Starting Phosphor Sensor Manager...
Sep 14 01:15:32 witherspoon systemd[1]: Starting Clear one time boot overrides...
Sep 14 01:15:32 witherspoon systemd[1]: Started Hardware RNG Entropy Gatherer Daemon.
Sep 14 01:15:33 witherspoon systemd[1]: Starting Phosphor DBus Service Discovery Manager...
Sep 14 01:15:33 witherspoon systemd[1]: Starting Phosphor Chassis0 Control...
Sep 14 01:15:33 witherspoon systemd[1]: Started Phosphor sysfs LED controller.
Sep 14 01:15:33 witherspoon systemd[1]: Starting Check PNOR UBI format...
Sep 14 01:15:33 witherspoon systemd[1]: Started Kernel Logging Service.
Sep 14 01:15:33 witherspoon systemd[1]: Starting Phosphor User Manager...
Sep 14 01:15:33 witherspoon systemd[1]: Started Phosphor sysfs LED controller.
Sep 14 01:15:33 witherspoon kernel[984]: klogd started: BusyBox v1.24.1 (2017-06-16 19:29:08 UTC)
Sep 14 01:15:33 witherspoon kernel[984]: [    0.000000] Booting Linux on physical CPU 0x0
Sep 14 01:15:33 witherspoon kernel[984]: [    0.000000] Linux version 4.10.17-c4227b43277bbd0992d10d764d4958239786503d (jenkins@openbmc-builder1) (gcc version 6.2.0 (GCC) ) #1 Wed Sep 13 22:26:13 UTC 2017
Sep 14 01:15:33 witherspoon kernel[984]: [    0.000000] CPU: ARMv6-compatible processor [410fb767] revision 7 (ARMv7), cr=00c5387d
Sep 14 01:15:33 witherspoon kernel[984]: [    0.000000] CPU: PIPT / VIPT nonaliasing data cache, VIPT nonaliasing instruction cache
Sep 14 01:15:33 witherspoon kernel[984]: [    0.000000] OF: fdt:Machine model: Witherspoon BMC
Sep 14 01:15:33 witherspoon kernel[984]: [    0.000000] Memory policy: Data cache writeback
Sep 14 01:15:33 witherspoon kernel[984]: [    0.000000] SOC Rev: 04030303
Sep 14 01:15:33 witherspoon kernel[984]: [    0.000000] On node 0 totalpages: 110592
Sep 14 01:15:33 witherspoon kernel[984]: [    0.000000] free_area_init_node: node 0, pgdat 806038a4, node_mem_map 9ec1a000
Sep 14 01:15:33 witherspoon kernel[984]: [    0.000000]   Normal zone: 992 pages used for memmap
Sep 14 01:15:33 witherspoon kernel[984]: [    0.000000]   Normal zone: 0 pages reserved
Sep 14 01:15:33 witherspoon kernel[984]: [    0.000000]   Normal zone: 110592 pages, LIFO batch:31
Sep 14 01:15:33 witherspoon kernel[984]: [    0.000000] pcpu-alloc: s0 r0 d32768 u32768 alloc=1*32768
Sep 14 01:15:33 witherspoon kernel[984]: [    0.000000] pcpu-alloc: [0] 0
Sep 14 01:15:33 witherspoon kernel[984]: [    0.000000] Built 1 zonelists in Zone order, mobility grouping on.  Total pages: 109600
Sep 14 01:15:33 witherspoon kernel[984]: [    0.000000] Kernel command line: console=ttyS4,115200n8 root=/dev/ram rw
Sep 14 01:15:33 witherspoon kernel[984]: [    0.000000] PID hash table entries: 2048 (order: 1, 8192 bytes)
Sep 14 01:15:33 witherspoon kernel[984]: [    0.000000] Dentry cache hash table entries: 65536 (order: 6, 262144 bytes)
Sep 14 01:15:33 witherspoon kernel[984]: [    0.000000] Inode-cache hash table entries: 32768 (order: 5, 131072 bytes)
Sep 14 01:15:33 witherspoon kernel[984]: [    0.000000] Memory: 430408K/442368K available (4077K kernel code, 281K rwdata, 1196K rodata, 284K init, 111K bss, 11960K reserved, 0K cma-reserved)
Sep 14 01:15:33 witherspoon kernel[984]: [    0.000000] Virtual kernel memory layout:
Sep 14 01:15:33 witherspoon kernel[984]: [    0.000000]     vector  : 0xffff0000 - 0xffff1000   (   4 kB)
Sep 14 01:15:33 witherspoon kernel[984]: [    0.000000]     fixmap  : 0xffc00000 - 0xfff00000   (3072 kB)
Sep 14 01:15:33 witherspoon kernel[984]: [    0.000000]     vmalloc : 0x9f800000 - 0xff800000   (1536 MB)
Sep 14 01:15:33 witherspoon kernel[984]: [    0.000000]     lowmem  : 0x80000000 - 0x9f000000   ( 496 MB)
Sep 14 01:15:33 witherspoon kernel[984]: [    0.000000]       .text : 0x80008000 - 0x804036e0   (4078 kB)
Sep 14 01:15:33 witherspoon kernel[984]: [    0.000000]       .init : 0x80589000 - 0x805d0000   ( 284 kB)
Sep 14 01:15:33 witherspoon kernel[984]: [    0.000000]       .data : 0x805d0000 - 0x806167a8   ( 282 kB)
Sep 14 01:15:33 witherspoon kernel[984]: [    0.000000]        .bss : 0x806167a8 - 0x80632678   ( 112 kB)
Sep 14 01:15:33 witherspoon kernel[984]: [    0.000000] NR_IRQS:16 nr_irqs:16 16
Sep 14 01:15:33 witherspoon kernel[984]: [    0.000000] i2c controller registered, irq 16
Sep 14 01:15:33 witherspoon kernel[984]: [    0.000000] clocksource: moxart_timer: mask: 0xffffffff max_cycles: 0xffffffff, max_idle_ns: 77222644334 ns
Sep 14 01:15:33 witherspoon kernel[984]: [    0.000000] sched_clock: 32 bits at 100 Hz, resolution 10000000ns, wraps every 21474836475000000ns
Sep 14 01:15:33 witherspoon kernel[984]: [    0.090000] Calibrating delay loop... 789.70 BogoMIPS (lpj=3948544)
Sep 14 01:15:33 witherspoon kernel[984]: [    0.090000] pid_max: default: 32768 minimum: 301
Sep 14 01:15:33 witherspoon kernel[984]: [    0.090000] Mount-cache hash table entries: 1024 (order: 0, 4096 bytes)
Sep 14 01:15:33 witherspoon kernel[984]: [    0.090000] Mountpoint-cache hash table entries: 1024 (order: 0, 4096 bytes)
Sep 14 01:15:33 witherspoon kernel[984]: [    0.090000] CPU: Testing write buffer coherency: ok
Sep 14 01:15:33 witherspoon kernel[984]: [    0.090000] ftrace: allocating 14991 entries in 44 pages
Sep 14 01:15:33 witherspoon kernel[984]: [    0.120000] Setting up static identity map for 0x80008200 - 0x8000825c
Sep 14 01:15:34 witherspoon kernel[984]: [    0.130000] devtmpfs: initialized
Sep 14 01:15:35 witherspoon kernel: ubi0: default fastmap pool size: 25
Sep 14 01:15:35 witherspoon kernel: ubi0: default fastmap WL pool size: 12
Sep 14 01:15:37 witherspoon kernel: ubi0: attaching mtd0
Sep 14 01:15:37 witherspoon kernel: ubi0: scanning is finished
Sep 14 01:15:37 witherspoon kernel: ubi0 error: ubi_read_volume_table: the layout volume was not found
Sep 14 01:15:37 witherspoon kernel: ubi0 error: ubi_attach_mtd_dev: failed to attach mtd0, error -22
Sep 14 01:15:37 witherspoon kernel: ubi7: default fastmap pool size: 100
Sep 14 01:15:37 witherspoon kernel: ubi7: default fastmap WL pool size: 50
Sep 14 01:15:37 witherspoon kernel: ubi7: attaching mtd7
Sep 14 01:15:37 witherspoon kernel: ubi7: scanning is finished
Sep 14 01:15:37 witherspoon kernel: ubi7: attached mtd7 (name "pnor", size 128 MiB)
Sep 14 01:15:37 witherspoon kernel: ubi7: PEB size: 65536 bytes (64 KiB), LEB size: 65408 bytes
Sep 14 01:15:37 witherspoon kernel: ubi7: min./max. I/O unit sizes: 1/256, sub-page size 1
Sep 14 01:15:37 witherspoon kernel: ubi7: VID header offset: 64 (aligned 64), data offset: 128
Sep 14 01:15:37 witherspoon kernel: ubi7: good PEBs: 2048, bad PEBs: 0, corrupted PEBs: 0
Sep 14 01:15:37 witherspoon kernel: ubi7: user volume: 4, internal volumes: 1, max. volumes count: 128
Sep 14 01:15:37 witherspoon kernel: ubi7: max/mean erase counter: 23/15, WL threshold: 4096, image sequence number: 1192395733
Sep 14 01:15:37 witherspoon kernel: ubi7: available PEBs: 1110, total reserved PEBs: 938, PEBs reserved for bad PEB handling: 0
Sep 14 01:15:37 witherspoon kernel: ubi7: background thread "ubi_bgt7d" started, PID 1024
Sep 14 01:15:34 witherspoon systemd[1]: Started Phosphor sysfs LED controller.
Sep 14 01:15:34 witherspoon kernel[984]: [    0.140000] clocksource: jiffies: mask: 0xffffffff max_cycles: 0xffffffff, max_idle_ns: 19112604462750000 ns
Sep 14 01:15:37 witherspoon obmc-flash-bios[967]: UBI device number 7, total 2048 LEBs (133955584 bytes, 127.8 MiB), available 1110 LEBs (72602880 bytes, 69.2 MiB), LEB size 65408 bytes (63.9 KiB)
Sep 14 01:15:34 witherspoon systemd[1]: Starting Phosphor IPMI BT DBus Bridge...
Sep 14 01:15:34 witherspoon kernel[984]: [    0.140000] futex hash table entries: 256 (order: -1, 3072 bytes)
Sep 14 01:15:34 witherspoon systemd[1]: Started Phosphor sysfs LED controller.
Sep 14 01:15:34 witherspoon kernel[984]: [    0.140000] pinctrl core: initialized pinctrl subsystem
Sep 14 01:15:39 witherspoon obmc-flash-bios[963]: '/var/lib/phosphor-software-manager/pnor/ro' -> '/media/pnor-ro-8764baa3'
Sep 14 01:15:39 witherspoon obmc-flash-bmc[959]: ubinfo: error!: cannot get information about UBI device 0
Sep 14 01:15:39 witherspoon obmc-flash-bmc[959]:         error 2 (No such file or directory)
Sep 14 01:15:34 witherspoon systemd[1]: Starting Phosphor LED Group Management Daemon...
Sep 14 01:15:34 witherspoon kernel[984]: [    0.140000] NET: Registered protocol family 16
Sep 14 01:15:39 witherspoon obmc-flash-bios[963]: '/var/lib/phosphor-software-manager/pnor/rw' -> '/media/pnor-rw-8764baa3'
Sep 14 01:15:34 witherspoon systemd[1]: Starting Phosphor Dump Manager...
Sep 14 01:15:34 witherspoon kernel[984]: [    0.140000] DMA: preallocated 256 KiB pool for atomic coherent allocations
Sep 14 01:15:39 witherspoon obmc-flash-bios[963]: '/var/lib/phosphor-software-manager/pnor/prsv' -> '/media/pnor-prsv'
Sep 14 01:15:34 witherspoon systemd[1]: Starting Avahi mDNS/DNS-SD Stack...
Sep 14 01:15:34 witherspoon kernel[984]: [    0.210000] usbcore: registered new interface driver usbfs
Sep 14 01:15:34 witherspoon systemd[1]: Starting Phosphor Settings Daemon...
Sep 14 01:15:34 witherspoon kernel[984]: [    0.210000] usbcore: registered new interface driver hub
Sep 14 01:15:34 witherspoon systemd[1]: Starting Phosphor Log Manager...
Sep 14 01:15:34 witherspoon kernel[984]: [    0.210000] usbcore: registered new device driver usb
Sep 14 01:15:34 witherspoon systemd[1]: Starting Phosphor Inventory Manager...
Sep 14 01:15:34 witherspoon kernel[984]: [    0.220000] clocksource: Switched to clocksource moxart_timer
Sep 14 01:15:34 witherspoon systemd[1]: Starting Phosphor Download Manager...
Sep 14 01:15:34 witherspoon kernel[984]: [    0.240000] NET: Registered protocol family 2
Sep 14 01:15:34 witherspoon systemd[1]: Starting Network Service...
Sep 14 01:15:34 witherspoon kernel[984]: [    0.240000] TCP established hash table entries: 4096 (order: 2, 16384 bytes)
Sep 14 01:15:34 witherspoon systemd[1]: Starting Phosphor Network Manager...
Sep 14 01:15:34 witherspoon kernel[984]: [    0.240000] TCP bind hash table entries: 4096 (order: 2, 16384 bytes)
Sep 14 01:15:34 witherspoon systemd[1]: Reached target System Time Synchronized.
Sep 14 01:15:34 witherspoon kernel[984]: [    0.240000] TCP: Hash tables configured (established 4096 bind 4096)
Sep 14 01:15:34 witherspoon systemd[1]: Mounted /var/lib/systemd/coredump.
Sep 14 01:15:34 witherspoon kernel[984]: [    0.240000] UDP hash table entries: 256 (order: 0, 4096 bytes)
Sep 14 01:15:41 witherspoon kernel: 8021q: adding VLAN 0 to HW filter on device eth0
Sep 14 01:15:34 witherspoon systemd[1]: Started Phosphor Inventory Manager.
Sep 14 01:15:34 witherspoon kernel[984]: [    0.240000] UDP-Lite hash table entries: 256 (order: 0, 4096 bytes)
Sep 14 01:15:35 witherspoon systemd[1]: Started Phosphor IPMI BT DBus Bridge.
Sep 14 01:15:34 witherspoon kernel[984]: [    0.240000] NET: Registered protocol family 1
Sep 14 01:15:35 witherspoon systemd[1]: Started Phosphor LED Group Management Daemon.
Sep 14 01:15:34 witherspoon kernel[984]: [    0.240000] Trying to unpack rootfs image as initramfs...
Sep 14 01:15:35 witherspoon systemd[1]: Started Phosphor Download Manager.
Sep 14 01:15:34 witherspoon kernel[984]: [    1.910000] Freeing initrd memory: 1548K
Sep 14 01:15:37 witherspoon systemd[1]: Started Clear one time boot overrides.
Sep 14 01:15:34 witherspoon kernel[984]: [    1.910000] workingset: timestamp_bits=30 max_order=17 bucket_order=0
Sep 14 01:15:37 witherspoon systemd[1]: Started Check PNOR UBI format.
Sep 14 01:15:34 witherspoon kernel[984]: [    1.910000] squashfs: version 4.0 (2009/01/31) Phillip Lougher
Sep 14 01:15:37 witherspoon systemd[1]: Started Phosphor Dump Manager.
Sep 14 01:15:34 witherspoon kernel[984]: [    1.910000] jffs2: version 2.2. (SUMMARY)  © 2001-2006 Red Hat, Inc.
Sep 14 01:15:37 witherspoon systemd[1]: Started Remount the ubi volume after a reboot.
Sep 14 01:15:34 witherspoon kernel[984]: [    1.910000] Block layer SCSI generic (bsg) driver version 0.4 loaded (major 250)
Sep 14 01:15:39 witherspoon systemd-networkd[998]: Could not create runtime directory: File exists
Sep 14 01:15:34 witherspoon kernel[984]: [    1.910000] io scheduler noop registered
Sep 14 01:15:39 witherspoon systemd-networkd[998]: Could not create runtime directory 'links': File exists
Sep 14 01:15:34 witherspoon kernel[984]: [    1.910000] io scheduler deadline registered
Sep 14 01:15:39 witherspoon systemd-networkd[998]: Could not create runtime directory 'leases': File exists
Sep 14 01:15:34 witherspoon kernel[984]: [    1.910000] io scheduler cfq registered (default)
Sep 14 01:15:39 witherspoon systemd[1]: Started Updates symlinks for active PNOR version.
Sep 14 01:15:34 witherspoon kernel[984]: [    2.060000] ipmi-bt-host 1e789140.ibt: Found bt bmc device
Sep 14 01:15:39 witherspoon systemd[1]: Started Avahi mDNS/DNS-SD Stack.
Sep 14 01:15:34 witherspoon kernel[984]: [    2.060000] ipmi-bt-host 1e789140.ibt: Using IRQ 22
Sep 14 01:15:39 witherspoon systemd[1]: Started Phosphor Log Manager.
Sep 14 01:15:34 witherspoon kernel[984]: [    2.060000] Serial: 8250/16550 driver, 6 ports, IRQ sharing enabled
Sep 14 01:15:40 witherspoon systemd[1]: Started Phosphor Settings Daemon.
Sep 14 01:15:34 witherspoon kernel[984]: [    2.060000] 1e787000.vuart: ttyS5 at MMIO 0x1e787000 (irq = 22, base_baud = 1500000) is a 16550A
Sep 14 01:15:40 witherspoon systemd-networkd[998]: Enumeration completed
Sep 14 01:15:34 witherspoon kernel[984]: [    2.060000] 1e783000.serial: ttyS0 at MMIO 0x1e783000 (irq = 23, base_baud = 1500000) is a 16550A
Sep 14 01:15:40 witherspoon systemd[1]: Started Network Service.
Sep 14 01:15:34 witherspoon kernel[984]: [    2.060000] 1e78d000.serial: ttyS1 at MMIO 0x1e78d000 (irq = 24, base_baud = 1500000) is a 16550A
Sep 14 01:15:40 witherspoon systemd[1]: Reached target Network.
Sep 14 01:15:34 witherspoon kernel[984]: [    2.060000] 1e784000.serial: ttyS4 at MMIO 0x1e784000 (irq = 25, base_baud = 1500000) is a 16550A
Sep 14 01:15:40 witherspoon systemd-networkd[998]: eth0: IPv6 enabled for interface: Success
Sep 14 01:15:34 witherspoon kernel[984]: [    2.410000] console [ttyS4] enabled
Sep 14 01:15:40 witherspoon systemd[1]: Starting Permit User Sessions...
Sep 14 01:15:34 witherspoon kernel[984]: [    2.600000] timeriomem_rng 1e6e2078.hwrng: 32bits from 0xf00e2078 @ 1us
Sep 14 01:15:40 witherspoon systemd[1]: Started Lightweight SLP Server.
Sep 14 01:15:34 witherspoon kernel[984]: [    2.620000] random: fast init done
Sep 14 01:15:40 witherspoon systemd-networkd[998]: eth0: Gained carrier
Sep 14 01:15:34 witherspoon kernel[984]: [    2.650000] random: crng init done
Sep 14 01:15:41 witherspoon systemd-timesyncd[947]: Network configuration changed, trying to establish connection.
Sep 14 01:15:34 witherspoon kernel[984]: [    2.650000] brd: module loaded
Sep 14 01:15:41 witherspoon systemd[1]: Started Permit User Sessions.
Sep 14 01:15:34 witherspoon kernel[984]: [    2.680000] loop: module loaded
Sep 14 01:15:41 witherspoon systemd[1]: Started Serial Getty on ttyS4.
Sep 14 01:15:34 witherspoon kernel[984]: [    2.690000] aspeed-lpc-ctrl 1e789080.lpc-ctrl: Loaded at 0x98000000 (0x04000000)
Sep 14 01:15:41 witherspoon systemd[1]: Reached target Login Prompts.
Sep 14 01:15:34 witherspoon kernel[984]: [    2.700000] aspeed-smc 1e620000.flash-controller: Using IRQ 18
Sep 14 01:15:34 witherspoon kernel[984]: [    2.700000] aspeed-smc 1e620000.flash-controller: DMA support disabled.
Sep 14 01:15:34 witherspoon kernel[984]: [    2.700000] aspeed-smc 1e620000.flash-controller: mx25l25635e (32768 Kbytes)
Sep 14 01:15:34 witherspoon kernel[984]: [    2.720000] aspeed-smc 1e620000.flash-controller: CE0 window [ 0x20000000 - 0x22000000 ] 32MB
Sep 14 01:15:34 witherspoon kernel[984]: [    2.730000] aspeed-smc 1e620000.flash-controller: CE1 window [ 0x22000000 - 0x2a000000 ] 128MB
Sep 14 01:15:34 witherspoon kernel[984]: [    2.730000] 5 ofpart partitions found on MTD device bmc
Sep 14 01:15:34 witherspoon kernel[984]: [    2.750000] Creating 5 MTD partitions on "bmc":
Sep 14 01:15:34 witherspoon kernel[984]: [    2.750000] 0x000000000000-0x000000060000 : "u-boot"
Sep 14 01:15:34 witherspoon kernel[984]: [    2.760000] 0x000000060000-0x000000080000 : "u-boot-env"
Sep 14 01:15:34 witherspoon kernel[984]: [    2.770000] 0x000000080000-0x0000004c0000 : "kernel"
Sep 14 01:15:34 witherspoon kernel[984]: [    2.780000] 0x0000004c0000-0x000001c00000 : "rofs"
Sep 14 01:15:43 witherspoon systemd[1]: Started Phosphor BMC0 Control.
Sep 14 01:15:34 witherspoon kernel[984]: [    2.790000] 0x000001c00000-0x000002000000 : "rwfs"
Sep 14 01:15:43 witherspoon systemd-networkd[998]: eth0: Gained IPv6LL
Sep 14 01:15:34 witherspoon kernel[984]: [    2.800000] aspeed-smc 1e620000.flash-controller: mx25l25635e (32768 Kbytes)
Sep 14 01:15:34 witherspoon kernel[984]: [    2.810000] aspeed-smc 1e620000.flash-controller: CE1 window [ 0x22000000 - 0x24000000 ] 32MB
Sep 14 01:15:34 witherspoon kernel[984]: [    2.810000] aspeed-smc 1e620000.flash-controller: CE2 window [ 0x24000000 - 0x2c000000 ] 128MB
Sep 14 01:15:34 witherspoon kernel[984]: [    2.840000] aspeed-smc 1e630000.flash-controller: mx66l1g45g (131072 Kbytes)
Sep 14 01:15:34 witherspoon kernel[984]: [    2.840000] aspeed-smc 1e630000.flash-controller: CE0 window resized to 120MB (AST2500 HW quirk)
Sep 14 01:15:34 witherspoon kernel[984]: [    2.850000] aspeed-smc 1e630000.flash-controller: CE0 window [ 0x30000000 - 0x37800000 ] 120MB
Sep 14 01:15:34 witherspoon kernel[984]: [    2.860000] aspeed-smc 1e630000.flash-controller: CE0 window too small for chip 128MB
Sep 14 01:15:34 witherspoon kernel[984]: [    2.870000] aspeed-smc 1e630000.flash-controller: CE1 window [ 0x37800000 - 0x38000000 ] 8MB
Sep 14 01:15:34 witherspoon kernel[984]: [    3.550000] libphy: Fixed MDIO Bus: probed
Sep 14 01:15:34 witherspoon kernel[984]: [    3.550000] ftgmac100 1e660000.ethernet: Read MAC address 70:e2:84:14:28:a9 from chip
Sep 14 01:15:34 witherspoon kernel[984]: [    3.670000] ftgmac100 1e660000.ethernet: Using NCSI interface
Sep 14 01:15:34 witherspoon kernel[984]: [    3.670000] ftgmac100 1e660000.ethernet eth0: irq 20, mapped at f0060000
Sep 14 01:15:34 witherspoon kernel[984]: [    3.670000] ehci_hcd: USB 2.0 'Enhanced' Host Controller (EHCI) Driver
Sep 14 01:15:34 witherspoon kernel[984]: [    3.670000] ehci-platform: EHCI generic platform driver
Sep 14 01:15:34 witherspoon kernel[984]: [    3.840000] i2c /dev entries driver
Sep 14 01:15:34 witherspoon kernel[984]: [    3.840000] aspeed-i2c-bus 1e78a0c0.i2c-bus: i2c bus 2 registered, irq 26
Sep 14 01:15:34 witherspoon kernel[984]: [    3.840000] aspeed-i2c-bus 1e78a100.i2c-bus: i2c bus 3 registered, irq 27
Sep 14 01:15:34 witherspoon kernel[984]: [    3.840000] aspeed-i2c-bus 1e78a140.i2c-bus: i2c bus 4 registered, irq 28
Sep 14 01:15:34 witherspoon kernel[984]: [    3.840000] aspeed-i2c-bus 1e78a180.i2c-bus: i2c bus 5 registered, irq 29
Sep 14 01:15:34 witherspoon kernel[984]: [    3.840000] aspeed-i2c-bus 1e78a380.i2c-bus: i2c bus 9 registered, irq 30
Sep 14 01:15:34 witherspoon kernel[984]: [    3.840000] aspeed-i2c-bus 1e78a3c0.i2c-bus: i2c bus 10 registered, irq 31
Sep 14 01:15:34 witherspoon kernel[984]: [    3.840000] rtc-rv8803 11-0032: Voltage low, temperature compensation stopped.
Sep 14 01:15:34 witherspoon kernel[984]: [    3.940000] rtc-rv8803 11-0032: rtc core: registered rx8900 as rtc0
Sep 14 01:15:34 witherspoon kernel[984]: [    3.950000] at24 11-0051: 8192 byte 24c64 EEPROM, writable, 1 bytes/write
Sep 14 01:15:34 witherspoon kernel[984]: [    3.950000] aspeed-i2c-bus 1e78a400.i2c-bus: i2c bus 11 registered, irq 32
Sep 14 01:15:34 witherspoon kernel[984]: [    3.950000] aspeed-i2c-bus 1e78a440.i2c-bus: i2c bus 12 registered, irq 33
Sep 14 01:15:34 witherspoon kernel[984]: [    3.950000] aspeed-i2c-bus 1e78a480.i2c-bus: i2c bus 13 registered, irq 34
Sep 14 01:15:34 witherspoon kernel[984]: [    3.950000] Driver for 1-wire Dallas network protocol.
Sep 14 01:15:34 witherspoon kernel[984]: [    3.950000] lm75 9-004a: hwmon0: sensor 'tmp275'
Sep 14 01:15:34 witherspoon kernel[984]: [    5.760000] ucd9000 11-0064: Device ID UCD90160|2.3.4.0000|110603
Sep 14 01:15:34 witherspoon kernel[984]: [    6.470000] leds-pca955x 3-0060: leds-pca955x: Using pca9552 16-bit LED driver at slave address 0x60
Sep 14 01:15:34 witherspoon kernel[984]: [    6.480000] leds-pca955x 3-0060: gpios 238...253
Sep 14 01:15:34 witherspoon kernel[984]: [    6.480000] leds-pca955x 11-0060: leds-pca955x: Using pca9552 16-bit LED driver at slave address 0x60
Sep 14 01:15:34 witherspoon kernel[984]: [    6.500000] leds-pca955x 11-0060: gpios 222...237
Sep 14 01:15:34 witherspoon kernel[984]: [    6.500000] usbcore: registered new interface driver usbhid
Sep 14 01:15:34 witherspoon kernel[984]: [    6.510000] usbhid: USB HID core driver
Sep 14 01:15:34 witherspoon kernel[984]: [    6.540000] dps310 3-0076: iio:device1: sensor 'dps310'
Sep 14 01:15:34 witherspoon kernel[984]: [    6.540000] NET: Registered protocol family 10
Sep 14 01:15:34 witherspoon kernel[984]: [    6.550000] Segment Routing with IPv6
Sep 14 01:15:34 witherspoon kernel[984]: [    6.550000] NET: Registered protocol family 17
Sep 14 01:15:34 witherspoon kernel[984]: [    6.550000] 8021q: 802.1Q VLAN Support v1.8
Sep 14 01:15:45 witherspoon kernel: ftgmac100 1e660000.ethernet eth0: ncsi: removed vlan tag 0 at index 1
Sep 14 01:15:45 witherspoon kernel: ftgmac100 1e660000.ethernet eth0: ncsi: removed vlan tag 0 at index 2
Sep 14 01:15:45 witherspoon kernel: ftgmac100 1e660000.ethernet eth0: no vlan ids left to set
Sep 14 01:15:45 witherspoon kernel: ftgmac100 1e660000.ethernet eth0: NCSI interface up
Sep 14 01:15:34 witherspoon kernel[984]: [    6.570000] input: gpio-keys-polled as /devices/platform/gpio-keys-polled/input/input1
Sep 14 01:15:34 witherspoon kernel[984]: [    6.600000] console [netcon0] enabled
Sep 14 01:15:34 witherspoon kernel[984]: [    6.600000] netconsole: network logging started
Sep 14 01:15:34 witherspoon kernel[984]: [    6.610000] input: gpio-keys as /devices/platform/gpio-keys/input/input2
Sep 14 01:15:34 witherspoon kernel[984]: [    6.620000] rtc-rv8803 11-0032: setting system clock to 2017-09-14 01:15:16 UTC (1505351716)
Sep 14 01:15:34 witherspoon kernel[984]: [    6.630000] Freeing unused kernel memory: 284K
Sep 14 01:15:34 witherspoon kernel[984]: [    6.630000] This architecture does not have kernel memory protection.
Sep 14 01:15:34 witherspoon kernel[984]: [    8.060000] jffs2: notice: (542) jffs2_build_xattr_subsystem: complete building xattr subsystem, 1 of xdatum (1 unchecked, 0 orphan) and 12 of xref (0 dead, 2 orphan) found.
Sep 14 01:15:34 witherspoon kernel[984]: [   10.240000] systemd[1]: Failed to insert module 'autofs4': No such file or directory
Sep 14 01:15:34 witherspoon kernel[984]: [   10.440000] systemd[1]: systemd 232 running in system mode. (+PAM -AUDIT -SELINUX -IMA -APPARMOR -SMACK +SYSVINIT -UTMP -LIBCRYPTSETUP -GCRYPT -GNUTLS +ACL +XZ -LZ4 -SECCOMP +BLKID -ELFUTILS +KMOD -IDN)
Sep 14 01:15:34 witherspoon kernel[984]: [   10.440000] systemd[1]: Detected architecture arm.
Sep 14 01:15:34 witherspoon kernel[984]: [   10.530000] systemd[1]: Set hostname to <witherspoon>.
Sep 14 01:15:34 witherspoon kernel[984]: [   12.260000] systemd[1]: Listening on udev Kernel Socket.
Sep 14 01:15:34 witherspoon kernel[984]: [   12.320000] systemd[1]: Listening on Journal Socket (/dev/log).
Sep 14 01:15:34 witherspoon kernel[984]: [   12.360000] systemd[1]: Listening on Syslog Socket.
Sep 14 01:15:34 witherspoon kernel[984]: [   12.390000] systemd[1]: Listening on Network Service Netlink Socket.
Sep 14 01:15:34 witherspoon kernel[984]: [   12.430000] systemd[1]: Started Dispatch Password Requests to Console Directory Watch.
Sep 14 01:15:34 witherspoon kernel[984]: [   12.470000] systemd[1]: Listening on udev Control Socket.
Sep 14 01:15:34 witherspoon kernel[984]: [   12.530000] systemd[1]: Listening on Process Core Dump Socket.
Sep 14 01:15:34 witherspoon kernel[984]: [   15.540000] systemd[1]: Mounted /var/volatile.
Sep 14 01:15:34 witherspoon kernel[984]: [   15.750000] systemd[1]: Started Journal Service.
Sep 14 01:15:34 witherspoon kernel[984]: [   17.220000] systemd-journald[567]: Received request to flush runtime journal from PID 1
Sep 14 01:15:35 witherspoon kernel[984]: [   25.430000] ubi0: default fastmap pool size: 25
Sep 14 01:15:35 witherspoon kernel[984]: [   25.430000] ubi0: default fastmap WL pool size: 12
Sep 14 01:15:35 witherspoon kernel[984]: [   25.430000] ubi0: attaching mtd0
Sep 14 01:15:37 witherspoon kernel[984]: [   27.040000] ubi0: scanning is finished
Sep 14 01:15:37 witherspoon kernel[984]: [   27.040000] ubi0 error: ubi_read_volume_table: the layout volume was not found
Sep 14 01:15:37 witherspoon kernel[984]: [   27.040000] ubi0 error: ubi_attach_mtd_dev: failed to attach mtd0, error -22
Sep 14 01:15:37 witherspoon kernel[984]: [   27.040000] ubi7: default fastmap pool size: 100
Sep 14 01:15:37 witherspoon kernel[984]: [   27.040000] ubi7: default fastmap WL pool size: 50
Sep 14 01:15:37 witherspoon kernel[984]: [   27.040000] ubi7: attaching mtd7
Sep 14 01:15:37 witherspoon kernel[984]: [   27.040000] ubi7: scanning is finished
Sep 14 01:15:37 witherspoon kernel[984]: [   27.190000] ubi7: attached mtd7 (name "pnor", size 128 MiB)
Sep 14 01:15:37 witherspoon kernel[984]: [   27.190000] ubi7: PEB size: 65536 bytes (64 KiB), LEB size: 65408 bytes
Sep 14 01:15:37 witherspoon kernel[984]: [   27.190000] ubi7: min./max. I/O unit sizes: 1/256, sub-page size 1
Sep 14 01:15:37 witherspoon kernel[984]: [   27.190000] ubi7: VID header offset: 64 (aligned 64), data offset: 128
Sep 14 01:15:37 witherspoon kernel[984]: [   27.190000] ubi7: good PEBs: 2048, bad PEBs: 0, corrupted PEBs: 0
Sep 14 01:15:37 witherspoon kernel[984]: [   27.190000] ubi7: user volume: 4, internal volumes: 1, max. volumes count: 128
Sep 14 01:15:37 witherspoon kernel[984]: [   27.190000] ubi7: max/mean erase counter: 23/15, WL threshold: 4096, image sequence number: 1192395733
Sep 14 01:15:37 witherspoon kernel[984]: [   27.190000] ubi7: available PEBs: 1110, total reserved PEBs: 938, PEBs reserved for bad PEB handling: 0
Sep 14 01:15:37 witherspoon kernel[984]: [   27.190000] ubi7: background thread "ubi_bgt7d" started, PID 1024
Sep 14 01:15:39 witherspoon avahi-daemon[993]: Found user 'avahi' (UID 999) and group 'avahi' (GID 999).
Sep 14 01:15:39 witherspoon avahi-daemon[993]: Successfully dropped root privileges.
Sep 14 01:15:39 witherspoon avahi-daemon[993]: avahi-daemon 0.6.32 starting up.
Sep 14 01:15:39 witherspoon avahi-daemon[993]: Successfully called chroot().
Sep 14 01:15:39 witherspoon avahi-daemon[993]: Successfully dropped remaining capabilities.
Sep 14 01:15:39 witherspoon avahi-daemon[993]: Loading service file /services/obmc_console.service.
Sep 14 01:15:39 witherspoon avahi-daemon[993]: Loading service file /services/phosphor_rest.service.
Sep 14 01:15:39 witherspoon avahi-daemon[993]: Loading service file /services/sftp-ssh.service.
Sep 14 01:15:39 witherspoon avahi-daemon[993]: Loading service file /services/sftp.service.
Sep 14 01:15:39 witherspoon avahi-daemon[993]: Loading service file /services/ssh.service.
Sep 14 01:15:39 witherspoon avahi-daemon[993]: Network interface enumeration completed.
Sep 14 01:15:39 witherspoon avahi-daemon[993]: Server startup complete. Host name is witherspoon.local. Local service cookie is 1658285440.
Sep 14 01:15:39 witherspoon avahi-daemon[993]: Service "witherspoon" (/services/ssh.service) successfully established.
Sep 14 01:15:39 witherspoon avahi-daemon[993]: Service "sftp" (/services/sftp.service) successfully established.
Sep 14 01:15:39 witherspoon avahi-daemon[993]: Service "witherspoon" (/services/sftp-ssh.service) successfully established.
Sep 14 01:15:39 witherspoon avahi-daemon[993]: Service "phosphor_rest" (/services/phosphor_rest.service) successfully established.
Sep 14 01:15:39 witherspoon avahi-daemon[993]: Service "obmc_console" (/services/obmc_console.service) successfully established.
Sep 14 01:15:40 witherspoon avahi-daemon[993]: Joining mDNS multicast group on interface eth0.IPv4 with address 9.3.21.61.
Sep 14 01:15:40 witherspoon avahi-daemon[993]: New relevant interface eth0.IPv4 for mDNS.
Sep 14 01:15:40 witherspoon avahi-daemon[993]: Registering new address record for 9.3.21.61 on eth0.IPv4.
Sep 14 01:15:40 witherspoon kernel[984]: [   31.030000] 8021q: adding VLAN 0 to HW filter on device eth0
Sep 14 01:15:44 witherspoon avahi-daemon[993]: Joining mDNS multicast group on interface eth0.IPv6 with address fe80::72e2:84ff:fe14:28a9.
Sep 14 01:15:44 witherspoon avahi-daemon[993]: New relevant interface eth0.IPv6 for mDNS.
Sep 14 01:15:44 witherspoon avahi-daemon[993]: Registering new address record for fe80::72e2:84ff:fe14:28a9 on eth0.*.
Sep 14 01:15:45 witherspoon kernel[984]: [   35.020000] ftgmac100 1e660000.ethernet eth0: ncsi: removed vlan tag 0 at index 1
Sep 14 01:15:45 witherspoon kernel[984]: [   35.020000] ftgmac100 1e660000.ethernet eth0: ncsi: removed vlan tag 0 at index 2
Sep 14 01:15:45 witherspoon kernel[984]: [   35.020000] ftgmac100 1e660000.ethernet eth0: no vlan ids left to set
Sep 14 01:15:45 witherspoon kernel[984]: [   35.020000] ftgmac100 1e660000.ethernet eth0: NCSI interface up
Sep 14 01:15:54 witherspoon kernel: block ubiblock7_0: created from ubi7:0(pnor-ro-8764baa3)
Sep 14 01:15:54 witherspoon kernel[984]: [   43.870000] block ubiblock7_0: created from ubi7:0(pnor-ro-8764baa3)
Sep 14 01:15:54 witherspoon kernel: UBIFS (ubi7:1): UBIFS: mounted UBI device 7, volume 1, name "pnor-rw-8764baa3"
Sep 14 01:15:54 witherspoon kernel: UBIFS (ubi7:1): LEB size: 65408 bytes (63 KiB), min./max. I/O unit sizes: 8 bytes/256 bytes
Sep 14 01:15:54 witherspoon kernel: UBIFS (ubi7:1): FS size: 16155776 bytes (15 MiB, 247 LEBs), journal size 784896 bytes (0 MiB, 12 LEBs)
Sep 14 01:15:54 witherspoon kernel: UBIFS (ubi7:1): reserved for root: 763076 bytes (745 KiB)
Sep 14 01:15:54 witherspoon kernel: UBIFS (ubi7:1): media format: w5/r0 (latest is w5/r0), UUID 2124F4B8-0492-4C14-AC15-464F0A4E03EE, small LPT model
Sep 14 01:15:54 witherspoon kernel: UBIFS (ubi7:1): background thread "ubifs_bgt7_1" started, PID 1069
Sep 14 01:15:54 witherspoon kernel: UBIFS (ubi7:2): UBIFS: mounted UBI device 7, volume 2, name "pnor-prsv"
Sep 14 01:15:54 witherspoon kernel: UBIFS (ubi7:2): LEB size: 65408 bytes (63 KiB), min./max. I/O unit sizes: 8 bytes/256 bytes
Sep 14 01:15:54 witherspoon kernel: UBIFS (ubi7:2): FS size: 1504384 bytes (1 MiB, 23 LEBs), journal size 523265 bytes (0 MiB, 6 LEBs)
Sep 14 01:15:54 witherspoon kernel: UBIFS (ubi7:2): reserved for root: 71055 bytes (69 KiB)
Sep 14 01:15:54 witherspoon kernel: UBIFS (ubi7:2): media format: w5/r0 (latest is w5/r0), UUID CAFEA19E-94DB-4E3F-A597-CD4BE781E174, small LPT model
Sep 14 01:15:54 witherspoon kernel[984]: [   44.200000] UBIFS (ubi7:1): UBIFS: mounted UBI device 7, volume 1, name "pnor-rw-8764baa3"
Sep 14 01:15:54 witherspoon kernel[984]: [   44.200000] UBIFS (ubi7:1): LEB size: 65408 bytes (63 KiB), min./max. I/O unit sizes: 8 bytes/256 bytes
Sep 14 01:15:54 witherspoon kernel[984]: [   44.200000] UBIFS (ubi7:1): FS size: 16155776 bytes (15 MiB, 247 LEBs), journal size 784896 bytes (0 MiB, 12 LEBs)
Sep 14 01:15:54 witherspoon kernel[984]: [   44.200000] UBIFS (ubi7:1): reserved for root: 763076 bytes (745 KiB)
Sep 14 01:15:54 witherspoon kernel[984]: [   44.200000] UBIFS (ubi7:1): media format: w5/r0 (latest is w5/r0), UUID 2124F4B8-0492-4C14-AC15-464F0A4E03EE, small LPT model
Sep 14 01:15:54 witherspoon kernel[984]: [   44.200000] UBIFS (ubi7:1): background thread "ubifs_bgt7_1" started, PID 1069
Sep 14 01:15:54 witherspoon kernel[984]: [   44.200000] UBIFS (ubi7:2): UBIFS: mounted UBI device 7, volume 2, name "pnor-prsv"
Sep 14 01:15:54 witherspoon kernel[984]: [   44.200000] UBIFS (ubi7:2): LEB size: 65408 bytes (63 KiB), min./max. I/O unit sizes: 8 bytes/256 bytes
Sep 14 01:15:54 witherspoon kernel[984]: [   44.540000] UBIFS (ubi7:2): FS size: 1504384 bytes (1 MiB, 23 LEBs), journal size 523265 bytes (0 MiB, 6 LEBs)
Sep 14 01:15:54 witherspoon kernel[984]: [   44.540000] UBIFS (ubi7:2): reserved for root: 71055 bytes (69 KiB)
Sep 14 01:15:54 witherspoon kernel[984]: [   44.540000] UBIFS (ubi7:2): media format: w5/r0 (latest is w5/r0), UUID CAFEA19E-94DB-4E3F-A597-CD4BE781E174, small LPT model
Sep 14 01:15:54 witherspoon kernel: UBIFS (ubi7:2): background thread "ubifs_bgt7_2" started, PID 1076
Sep 14 01:15:54 witherspoon kernel[984]: [   44.540000] UBIFS (ubi7:2): background thread "ubifs_bgt7_2" started, PID 1076
Sep 14 01:15:55 witherspoon systemd[1]: Created slice system-dropbear.slice.
Sep 14 01:15:57 witherspoon systemd-networkd[998]: eth0: Configured
Sep 14 01:15:57 witherspoon systemd-timesyncd[947]: Network configuration changed, trying to establish connection.
Sep 14 01:15:58 witherspoon systemd[1]: Started SSH Per-Connection Server (9.41.165.94:40396).
Sep 14 01:15:58 witherspoon systemd[1]: Started Remount the squashfs and ubi volumes after a reboot.
Sep 14 01:15:58 witherspoon systemd[1]: Reached target Multi-User System.
Sep 14 01:15:58 witherspoon dropbear[1084]: Failed loading /etc/dropbear/dropbear_dss_host_key
Sep 14 01:15:58 witherspoon dropbear[1084]: Failed loading /etc/dropbear/dropbear_ecdsa_host_key
Sep 14 01:15:58 witherspoon dropbear[1084]: Child connection from ::ffff:9.41.165.94:40396
Sep 14 01:15:59 witherspoon systemd[1]: Started Phosphor Chassis0 Control.
Sep 14 01:15:59 witherspoon chassis_control.py[979]: Running ChassisControlService
Sep 14 01:15:59 witherspoon systemd[1]: Started Phosphor Download Manager.
Sep 14 01:15:59 witherspoon download_manager.py[960]: Running Download Manager
Sep 14 01:16:01 witherspoon systemd[1]: Started Phosphor Network Manager.
Sep 14 01:16:01 witherspoon netman.py[1004]: Started
Sep 14 01:16:01 witherspoon inventory_items.py[996]: Loading from cache: /var/cache/obmc/org.openbmc.inventory.system.chassis.motherboard.apss@org.openbmc.InventoryItem.props
Sep 14 01:16:01 witherspoon inventory_items.py[996]: Loading from cache: /var/cache/obmc/org.openbmc.inventory.system.chassis.motherboard@org.openbmc.InventoryItem.props
Sep 14 01:16:02 witherspoon dropbear[1084]: PAM password auth succeeded for 'root' from ::ffff:9.41.165.94:40396
Sep 14 01:16:02 witherspoon dropbear[1085]: lastlog_perform_login: Couldn't stat /var/log/lastlog: No such file or directory
Sep 14 01:16:02 witherspoon dropbear[1085]: lastlog_openseek: /var/log/lastlog is not a file or directory!
Sep 14 01:16:03 witherspoon sensor_manager2.py[971]: Setting boot count to 3
Sep 14 01:16:03 witherspoon systemd[1]: Started Phosphor Sensor Manager.
Sep 14 01:16:03 witherspoon sensor_manager2.py[971]: Starting sensor manager
Sep 14 01:16:03 witherspoon inventory_items.py[996]: Loading from cache: /var/cache/obmc/org.openbmc.inventory.system.chassis.motherboard.refclock@org.openbmc.InventoryItem.props
Sep 14 01:16:03 witherspoon inventory_items.py[996]: Loading from cache: /var/cache/obmc/org.openbmc.inventory.system.chassis.motherboard.cpu1.core7@org.openbmc.InventoryItem.props
Sep 14 01:16:03 witherspoon inventory_items.py[996]: Loading from cache: /var/cache/obmc/org.openbmc.inventory.system.chassis.motherboard.cpu1.core4@org.openbmc.InventoryItem.props
Sep 14 01:16:03 witherspoon inventory_items.py[996]: Loading from cache: /var/cache/obmc/org.openbmc.inventory.system.chassis.motherboard.cpu1.core1@org.openbmc.InventoryItem.props
Sep 14 01:16:03 witherspoon inventory_items.py[996]: Loading from cache: /var/cache/obmc/org.openbmc.inventory.system.chassis.motherboard.cpu1.core10@org.openbmc.InventoryItem.props
Sep 14 01:16:03 witherspoon inventory_items.py[996]: Loading from cache: /var/cache/obmc/org.openbmc.inventory.system.chassis.motherboard.todclock@org.openbmc.InventoryItem.props
Sep 14 01:16:03 witherspoon inventory_items.py[996]: Loading from cache: /var/cache/obmc/org.openbmc.inventory.system.chassis.motherboard.cpu1@org.openbmc.InventoryItem.props
Sep 14 01:16:03 witherspoon inventory_items.py[996]: Loading from cache: /var/cache/obmc/org.openbmc.inventory.system.chassis.motherboard.bmc@org.openbmc.InventoryItem.props
Sep 14 01:16:03 witherspoon inventory_items.py[996]: Caching: /org/openbmc/inventory/system/chassis/motherboard/bmc
Sep 14 01:16:03 witherspoon inventory_items.py[996]: Loading from cache: /var/cache/obmc/org.openbmc.inventory.system.chassis.motherboard.cpu0.core1@org.openbmc.InventoryItem.props
Sep 14 01:16:03 witherspoon phosphor-mapper[976]: ObjectMapper startup complete.  Discovery in progress...
Sep 14 01:16:03 witherspoon avahi-daemon[1047]: ../../avahi-0.6.32/avahi-daemon/chroot.c: open() failed: No such file or directory
Sep 14 01:16:03 witherspoon avahi-daemon[993]: Failed to open /usr/share/dbus-1/interfaces/org.freedesktop.Avahi.Server.xml: Invalid argument
Sep 14 01:16:03 witherspoon avahi-daemon[993]: Failed to load introspection data.
Sep 14 01:16:04 witherspoon systemd[1]: Started Phosphor User Manager.
Sep 14 01:16:04 witherspoon obmc-phosphor-userd[985]: Started
Sep 14 01:16:04 witherspoon inventory_items.py[996]: Loading from cache: /var/cache/obmc/org.openbmc.inventory.system.chassis.motherboard.cpu0.core7@org.openbmc.InventoryItem.props
Sep 14 01:16:04 witherspoon inventory_items.py[996]: Loading from cache: /var/cache/obmc/org.openbmc.inventory.system.chassis.motherboard.cpu0.core4@org.openbmc.InventoryItem.props
Sep 14 01:16:04 witherspoon inventory_items.py[996]: Loading from cache: /var/cache/obmc/org.openbmc.inventory.system.chassis.motherboard.pcieclock@org.openbmc.InventoryItem.props
Sep 14 01:16:04 witherspoon inventory_items.py[996]: Loading from cache: /var/cache/obmc/org.openbmc.inventory.system.chassis.motherboard.cpu0.core10@org.openbmc.InventoryItem.props
Sep 14 01:16:04 witherspoon systemd[1]: Started Phosphor Inventory Manager.
Sep 14 01:16:04 witherspoon inventory_items.py[996]: Running Inventory Manager
Sep 14 01:16:15 witherspoon phosphor-mapper[976]: ObjectMapper discovery complete
Sep 14 01:16:15 witherspoon systemd[1]: Started Phosphor DBus Service Discovery Manager.
Sep 14 01:16:15 witherspoon systemd[1]: Started Phosphor Hwmon Poller.
Sep 14 01:16:15 witherspoon systemd[1]: Started Phosphor Hwmon Poller.
Sep 14 01:16:15 witherspoon systemd[1]: Started Phosphor Hwmon Poller.
Sep 14 01:16:15 witherspoon systemd[1]: Started Phosphor Hwmon Poller.
Sep 14 01:16:15 witherspoon systemd[1]: Started Phosphor Hwmon Poller.
Sep 14 01:16:15 witherspoon systemd[1]: Started Phosphor Hwmon Poller.
Sep 14 01:16:15 witherspoon systemd[1]: Reached target Phosphor Object Mapper.
Sep 14 01:16:15 witherspoon systemd[1]: Starting Phosphor Settings Manager...
Sep 14 01:16:15 witherspoon systemd[1]: Starting Wait for /xyz/openbmc_project/led/groups...
Sep 14 01:16:15 witherspoon systemd[1]: Starting Wait for /xyz/openbmc_project/control/host0/auto_reboot...
Sep 14 01:16:15 witherspoon systemd[1]: Starting Phoshpor System Manager...
Sep 14 01:16:15 witherspoon systemd[1]: Starting Wait for /xyz/openbmc_project/control/host0/restriction_mode...
Sep 14 01:16:15 witherspoon systemd[1]: Starting Wait for /xyz/openbmc_project/control/host0/boot...
Sep 14 01:16:15 witherspoon systemd[1]: Starting Wait for /xyz/openbmc_project/control/host0/boot/one_time...
Sep 14 01:16:15 witherspoon systemd[1]: Starting Phosphor Network Manager...
Sep 14 01:16:15 witherspoon systemd[1]: Starting OpenPower Software Update Manager...
Sep 14 01:16:15 witherspoon systemd[1]: Starting Wait for /org/openbmc/managers/Download...
Sep 14 01:16:15 witherspoon systemd[1]: Starting Wait for /org/openbmc/control/power0...
Sep 14 01:16:15 witherspoon systemd[1]: Starting Wait for /org/openbmc/control/bmc0...
Sep 14 01:16:15 witherspoon systemd[1]: Starting Wait for /xyz/openbmc_project/state/host0...
Sep 14 01:16:15 witherspoon systemd[1]: Started Phosphor DBus Monitor.
Sep 14 01:16:15 witherspoon systemd[1]: Starting Wait for /xyz/openbmc_project/inventory...
Sep 14 01:16:15 witherspoon systemd[1]: Starting Wait for /xyz/openbmc_project/time/sync_method...
Sep 14 01:16:15 witherspoon systemd[1]: Starting Wait for /xyz/openbmc_project/control/host0/power_restore_policy...
Sep 14 01:16:15 witherspoon systemd[1]: Starting Wait for /xyz/openbmc_project/state/chassis0...
Sep 14 01:16:15 witherspoon systemd[1]: Starting OpenBMC Software Update Manager...
Sep 14 01:16:15 witherspoon systemd[1]: Starting Wait for /xyz/openbmc_project/led/groups/bmc_booted...
Sep 14 01:16:15 witherspoon systemd[1]: Starting Wait for /xyz/openbmc_project/control/host0...
Sep 14 01:16:15 witherspoon systemd[1]: Starting Wait for /xyz/openbmc_project/time/owner...
Sep 14 01:16:15 witherspoon systemd[1]: Starting Wait for /org/openbmc/NetworkManager/Interface...
Sep 14 01:16:15 witherspoon systemd[1]: Starting Wait for /org/openbmc/managers/System...
Sep 14 01:16:15 witherspoon systemd[1]: Reached target Webserver (pre).
Sep 14 01:16:15 witherspoon systemd[1]: Started Phosphor Webserver.
Sep 14 01:16:15 witherspoon systemd[1]: Started Phosphor Hwmon Poller.
Sep 14 01:16:15 witherspoon systemd[1]: Started Phosphor Hwmon Poller.
Sep 14 01:16:17 witherspoon systemd[1]: Started Wait for /org/openbmc/NetworkManager/Interface.
Sep 14 01:16:17 witherspoon systemd[1]: Started Phosphor DNS Settings Cache Manager.
Sep 14 01:16:19 witherspoon systemd[1]: Started Wait for /xyz/openbmc_project/control/host0/boot/one_time.
Sep 14 01:16:20 witherspoon systemd[1]: Started Wait for /xyz/openbmc_project/time/sync_method.
Sep 14 01:16:20 witherspoon systemd[1]: Started Wait for /xyz/openbmc_project/control/host0/restriction_mode.
Sep 14 01:16:20 witherspoon systemd[1]: Started Wait for /xyz/openbmc_project/led/groups.
Sep 14 01:16:20 witherspoon systemd[1]: Started FRU Fault monitor service.
Sep 14 01:16:20 witherspoon systemd[1]: Started Wait for /xyz/openbmc_project/control/host0/power_restore_policy.
Sep 14 01:16:20 witherspoon systemd[1]: Started Phosphor Network Manager.
Sep 14 01:16:20 witherspoon phosphor-network-manager[1110]: ConfigParser: Key not found
Sep 14 01:16:20 witherspoon phosphor-network-manager[1110]: The operation failed internally.
Sep 14 01:16:20 witherspoon phosphor-network-manager[1110]: Exception occured during getting of DHCP value
Sep 14 01:16:21 witherspoon dbus[954]: [system] Activating via systemd: service name='org.freedesktop.hostname1' unit='dbus-org.freedesktop.hostname1.service'
Sep 14 01:16:21 witherspoon systemd[1]: Starting Hostname Service...
Sep 14 01:16:21 witherspoon systemd[1]: Started Wait for /org/openbmc/control/bmc0.
Sep 14 01:16:21 witherspoon systemd[1]: Started Wait for /org/openbmc/managers/Download.
Sep 14 01:16:21 witherspoon systemd[1]: Starting Phosphor BMC Code Update...
Sep 14 01:16:22 witherspoon systemd[1]: Started OpenPower Software Update Manager.
Sep 14 01:16:22 witherspoon systemd[1]: Started Phosphor MBOX Daemon.
Sep 14 01:16:22 witherspoon systemd[1]: Starting Create a ubi volume for pnor patches...
Sep 14 01:16:22 witherspoon systemd[1]: Started Wait for /xyz/openbmc_project/time/owner.
Sep 14 01:16:23 witherspoon dbus[954]: [system] Successfully activated service 'org.freedesktop.hostname1'
Sep 14 01:16:23 witherspoon systemd[1]: Started Hostname Service.
Sep 14 01:16:24 witherspoon kernel: UBIFS (ubi7:3): UBIFS: mounted UBI device 7, volume 3, name "pnor-patch"
Sep 14 01:16:24 witherspoon kernel: UBIFS (ubi7:3): LEB size: 65408 bytes (63 KiB), min./max. I/O unit sizes: 8 bytes/256 bytes
Sep 14 01:16:24 witherspoon kernel: UBIFS (ubi7:3): FS size: 16155776 bytes (15 MiB, 247 LEBs), journal size 784896 bytes (0 MiB, 12 LEBs)
Sep 14 01:16:24 witherspoon kernel: UBIFS (ubi7:3): reserved for root: 763076 bytes (745 KiB)
Sep 14 01:16:24 witherspoon kernel: UBIFS (ubi7:3): media format: w5/r0 (latest is w5/r0), UUID BABB1637-BC68-4CC0-9376-4DB953F1E51D, small LPT model
Sep 14 01:16:24 witherspoon kernel[984]: [   74.380000] UBIFS (ubi7:3): UBIFS: mounted UBI device 7, volume 3, name "pnor-patch"
Sep 14 01:16:24 witherspoon kernel[984]: [   74.380000] UBIFS (ubi7:3): LEB size: 65408 bytes (63 KiB), min./max. I/O unit sizes: 8 bytes/256 bytes
Sep 14 01:16:24 witherspoon kernel[984]: [   74.380000] UBIFS (ubi7:3): FS size: 16155776 bytes (15 MiB, 247 LEBs), journal size 784896 bytes (0 MiB, 12 LEBs)
Sep 14 01:16:24 witherspoon kernel[984]: [   74.380000] UBIFS (ubi7:3): reserved for root: 763076 bytes (745 KiB)
Sep 14 01:16:24 witherspoon kernel[984]: [   74.380000] UBIFS (ubi7:3): media format: w5/r0 (latest is w5/r0), UUID BABB1637-BC68-4CC0-9376-4DB953F1E51D, small LPT model
Sep 14 01:16:24 witherspoon kernel: UBIFS (ubi7:3): background thread "ubifs_bgt7_3" started, PID 1158
Sep 14 01:16:24 witherspoon kernel[984]: [   74.490000] UBIFS (ubi7:3): background thread "ubifs_bgt7_3" started, PID 1158
Sep 14 01:16:25 witherspoon systemd[1]: Started Create a ubi volume for pnor patches.
Sep 14 01:16:26 witherspoon systemd[1]: Started Wait for /xyz/openbmc_project/inventory.
Sep 14 01:16:26 witherspoon systemd[1]: Started Phosphor Cooling Type.
Sep 14 01:16:26 witherspoon systemd[1]: Starting OpenPOWER OCC controller...
Sep 14 01:16:26 witherspoon systemd[1]: Started Phosphor GPIO 0 Presence.
Sep 14 01:16:26 witherspoon systemd[1]: Starting Read OpenPOWER-format VPD from EEPROM...
Sep 14 01:16:26 witherspoon systemd[1]: Starting Phosphor MAX31785 MSL...
Sep 14 01:16:26 witherspoon systemd[1]: Started Phosphor GPIO 1 Presence.
Sep 14 01:16:26 witherspoon systemd[1]: Started Wait for /xyz/openbmc_project/control/host0/boot.
Sep 14 01:16:26 witherspoon systemd[1]: Started Wait for /xyz/openbmc_project/led/groups/bmc_booted.
Sep 14 01:16:28 witherspoon phosphor-gpio-presence[1162]: Updating inventory present property
Sep 14 01:16:28 witherspoon systemd[1]: Started OpenBMC Software Update Manager.
Sep 14 01:16:28 witherspoon systemd[1]: Starting Phosphor Version Software Manager...
Sep 14 01:16:28 witherspoon systemd[1]: Started Wait for /xyz/openbmc_project/control/host0/auto_reboot.
Sep 14 01:16:28 witherspoon phosphor-gpio-presence[1165]: Updating inventory present property
Sep 14 01:16:29 witherspoon systemd[1]: Started Phosphor Version Software Manager.
Sep 14 01:16:35 witherspoon system_manager.py[1106]: Running System State: BASE_APPS
Sep 14 01:16:35 witherspoon system_manager.py[1106]: SystemManager Init Done
Sep 14 01:16:35 witherspoon systemd[1]: Started Phoshpor System Manager.
Sep 14 01:16:35 witherspoon system_manager.py[1106]: Running SystemManager
Sep 14 01:16:37 witherspoon systemd[1]: Started Phosphor BMC Code Update.
Sep 14 01:16:37 witherspoon bmc_update.py[1141]: Running Bmc Flash Control
Sep 14 01:16:40 witherspoon systemd[1]: Started OpenPOWER OCC controller.
Sep 14 01:16:40 witherspoon system_manager.py[1106]: SystemManager Goto System State: BMC_STARTING
Sep 14 01:16:40 witherspoon system_manager.py[1106]: Running System State: BMC_STARTING
Sep 14 01:16:41 witherspoon systemd[1]: Started Phosphor Settings Manager.
Sep 14 01:16:41 witherspoon systemd[1]: Starting Wait for /org/openbmc/settings/host0...
Sep 14 01:16:41 witherspoon settings_manager.py[1103]: Running HostSettingsService
Sep 14 01:16:41 witherspoon systemd[1]: Started Phosphor MAX31785 MSL.
Sep 14 01:16:43 witherspoon systemd[1]: Started Read OpenPOWER-format VPD from EEPROM.
