[    0.000000] Memory policy: Data cache writeback
[    0.000000] SOC Rev: 04030303
[    0.000000] On node 0 totalpages: 110592
[    0.000000] free_area_init_node: node 0, pgdat 806038a4, node_mem_map 9ec1a000
[    0.000000]   Normal zone: 992 pages used for memmap
[    0.000000]   Normal zone: 0 pages reserved
[    0.000000]   Normal zone: 110592 pages, LIFO batch:31
[    0.000000] pcpu-alloc: s0 r0 d32768 u32768 alloc=1*32768
[    0.000000] pcpu-alloc: [0] 0 
[    0.000000] Built 1 zonelists in Zone order, mobility grouping on.  Total pages: 109600
[    0.000000] Kernel command line: console=ttyS4,115200n8 root=/dev/ram rw
[    0.000000] PID hash table entries: 2048 (order: 1, 8192 bytes)
[    0.000000] Dentry cache hash table entries: 65536 (order: 6, 262144 bytes)
[    0.000000] Inode-cache hash table entries: 32768 (order: 5, 131072 bytes)
[    0.000000] Memory: 430408K/442368K available (4077K kernel code, 281K rwdata, 1196K rodata, 284K init, 111K bss, 11960K reserved, 0K cma-reserved)
[    0.000000] Virtual kernel memory layout:
[    0.000000]     vector  : 0xffff0000 - 0xffff1000   (   4 kB)
[    0.000000]     fixmap  : 0xffc00000 - 0xfff00000   (3072 kB)
[    0.000000]     vmalloc : 0x9f800000 - 0xff800000   (1536 MB)
[    0.000000]     lowmem  : 0x80000000 - 0x9f000000   ( 496 MB)
[    0.000000]       .text : 0x80008000 - 0x804036e0   (4078 kB)
[    0.000000]       .init : 0x80589000 - 0x805d0000   ( 284 kB)
[    0.000000]       .data : 0x805d0000 - 0x806167a8   ( 282 kB)
[    0.000000]        .bss : 0x806167a8 - 0x80632678   ( 112 kB)
[    0.000000] NR_IRQS:16 nr_irqs:16 16
[    0.000000] i2c controller registered, irq 16
[    0.000000] clocksource: moxart_timer: mask: 0xffffffff max_cycles: 0xffffffff, max_idle_ns: 77222644334 ns
[    0.000000] sched_clock: 32 bits at 100 Hz, resolution 10000000ns, wraps every 21474836475000000ns
[    0.090000] Calibrating delay loop... 789.70 BogoMIPS (lpj=3948544)
[    0.090000] pid_max: default: 32768 minimum: 301
[    0.090000] Mount-cache hash table entries: 1024 (order: 0, 4096 bytes)
[    0.090000] Mountpoint-cache hash table entries: 1024 (order: 0, 4096 bytes)
[    0.090000] CPU: Testing write buffer coherency: ok
[    0.090000] ftrace: allocating 14991 entries in 44 pages
[    0.120000] Setting up static identity map for 0x80008200 - 0x8000825c
[    0.130000] devtmpfs: initialized
[    0.140000] clocksource: jiffies: mask: 0xffffffff max_cycles: 0xffffffff, max_idle_ns: 19112604462750000 ns
[    0.140000] futex hash table entries: 256 (order: -1, 3072 bytes)
[    0.140000] pinctrl core: initialized pinctrl subsystem
[    0.140000] NET: Registered protocol family 16
[    0.140000] DMA: preallocated 256 KiB pool for atomic coherent allocations
[    0.210000] usbcore: registered new interface driver usbfs
[    0.210000] usbcore: registered new interface driver hub
[    0.210000] usbcore: registered new device driver usb
[    0.220000] clocksource: Switched to clocksource moxart_timer
[    0.240000] NET: Registered protocol family 2
[    0.240000] TCP established hash table entries: 4096 (order: 2, 16384 bytes)
[    0.240000] TCP bind hash table entries: 4096 (order: 2, 16384 bytes)
[    0.240000] TCP: Hash tables configured (established 4096 bind 4096)
[    0.240000] UDP hash table entries: 256 (order: 0, 4096 bytes)
[    0.240000] UDP-Lite hash table entries: 256 (order: 0, 4096 bytes)
[    0.240000] NET: Registered protocol family 1
[    0.240000] Trying to unpack rootfs image as initramfs...
[    1.910000] Freeing initrd memory: 1548K
[    1.910000] workingset: timestamp_bits=30 max_order=17 bucket_order=0
[    1.910000] squashfs: version 4.0 (2009/01/31) Phillip Lougher
[    1.910000] jffs2: version 2.2. (SUMMARY)  Â© 2001-2006 Red Hat, Inc.
[    1.910000] Block layer SCSI generic (bsg) driver version 0.4 loaded (major 250)
[    1.910000] io scheduler noop registered
[    1.910000] io scheduler deadline registered
[    1.910000] io scheduler cfq registered (default)
[    2.060000] ipmi-bt-host 1e789140.ibt: Found bt bmc device
[    2.060000] ipmi-bt-host 1e789140.ibt: Using IRQ 22
[    2.060000] Serial: 8250/16550 driver, 6 ports, IRQ sharing enabled
[    2.060000] 1e787000.vuart: ttyS5 at MMIO 0x1e787000 (irq = 22, base_baud = 1500000) is a 16550A
[    2.060000] 1e783000.serial: ttyS0 at MMIO 0x1e783000 (irq = 23, base_baud = 1500000) is a 16550A
[    2.060000] 1e78d000.serial: ttyS1 at MMIO 0x1e78d000 (irq = 24, base_baud = 1500000) is a 16550A
[    2.060000] 1e784000.serial: ttyS4 at MMIO 0x1e784000 (irq = 25, base_baud = 1500000) is a 16550A
[    2.410000] console [ttyS4] enabled
[    2.600000] timeriomem_rng 1e6e2078.hwrng: 32bits from 0xf00e2078 @ 1us
[    2.620000] random: fast init done
[    2.650000] random: crng init done
[    2.650000] brd: module loaded
[    2.680000] loop: module loaded
[    2.690000] aspeed-lpc-ctrl 1e789080.lpc-ctrl: Loaded at 0x98000000 (0x04000000)
[    2.700000] aspeed-smc 1e620000.flash-controller: Using IRQ 18
[    2.700000] aspeed-smc 1e620000.flash-controller: DMA support disabled.
[    2.700000] aspeed-smc 1e620000.flash-controller: mx25l25635e (32768 Kbytes)
[    2.720000] aspeed-smc 1e620000.flash-controller: CE0 window [ 0x20000000 - 0x22000000 ] 32MB
[    2.730000] aspeed-smc 1e620000.flash-controller: CE1 window [ 0x22000000 - 0x2a000000 ] 128MB
[    2.730000] 5 ofpart partitions found on MTD device bmc
[    2.750000] Creating 5 MTD partitions on "bmc":
[    2.750000] 0x000000000000-0x000000060000 : "u-boot"
[    2.760000] 0x000000060000-0x000000080000 : "u-boot-env"
[    2.770000] 0x000000080000-0x0000004c0000 : "kernel"
[    2.780000] 0x0000004c0000-0x000001c00000 : "rofs"
[    2.790000] 0x000001c00000-0x000002000000 : "rwfs"
[    2.800000] aspeed-smc 1e620000.flash-controller: mx25l25635e (32768 Kbytes)
[    2.810000] aspeed-smc 1e620000.flash-controller: CE1 window [ 0x22000000 - 0x24000000 ] 32MB
[    2.810000] aspeed-smc 1e620000.flash-controller: CE2 window [ 0x24000000 - 0x2c000000 ] 128MB
[    2.840000] aspeed-smc 1e630000.flash-controller: mx66l1g45g (131072 Kbytes)
[    2.840000] aspeed-smc 1e630000.flash-controller: CE0 window resized to 120MB (AST2500 HW quirk)
[    2.850000] aspeed-smc 1e630000.flash-controller: CE0 window [ 0x30000000 - 0x37800000 ] 120MB
[    2.860000] aspeed-smc 1e630000.flash-controller: CE0 window too small for chip 128MB
[    2.870000] aspeed-smc 1e630000.flash-controller: CE1 window [ 0x37800000 - 0x38000000 ] 8MB
[    3.550000] libphy: Fixed MDIO Bus: probed
[    3.550000] ftgmac100 1e660000.ethernet: Read MAC address 70:e2:84:14:28:a9 from chip
[    3.670000] ftgmac100 1e660000.ethernet: Using NCSI interface
[    3.670000] ftgmac100 1e660000.ethernet eth0: irq 20, mapped at f0060000
[    3.670000] ehci_hcd: USB 2.0 'Enhanced' Host Controller (EHCI) Driver
[    3.670000] ehci-platform: EHCI generic platform driver
[    3.840000] i2c /dev entries driver
[    3.840000] aspeed-i2c-bus 1e78a0c0.i2c-bus: i2c bus 2 registered, irq 26
[    3.840000] aspeed-i2c-bus 1e78a100.i2c-bus: i2c bus 3 registered, irq 27
[    3.840000] aspeed-i2c-bus 1e78a140.i2c-bus: i2c bus 4 registered, irq 28
[    3.840000] aspeed-i2c-bus 1e78a180.i2c-bus: i2c bus 5 registered, irq 29
[    3.840000] aspeed-i2c-bus 1e78a380.i2c-bus: i2c bus 9 registered, irq 30
[    3.840000] aspeed-i2c-bus 1e78a3c0.i2c-bus: i2c bus 10 registered, irq 31
[    3.840000] rtc-rv8803 11-0032: Voltage low, temperature compensation stopped.
[    3.940000] rtc-rv8803 11-0032: rtc core: registered rx8900 as rtc0
[    3.950000] at24 11-0051: 8192 byte 24c64 EEPROM, writable, 1 bytes/write
[    3.950000] aspeed-i2c-bus 1e78a400.i2c-bus: i2c bus 11 registered, irq 32
[    3.950000] aspeed-i2c-bus 1e78a440.i2c-bus: i2c bus 12 registered, irq 33
[    3.950000] aspeed-i2c-bus 1e78a480.i2c-bus: i2c bus 13 registered, irq 34
[    3.950000] Driver for 1-wire Dallas network protocol.
[    3.950000] lm75 9-004a: hwmon0: sensor 'tmp275'
[    5.760000] ucd9000 11-0064: Device ID UCD90160|2.3.4.0000|110603
[    6.470000] leds-pca955x 3-0060: leds-pca955x: Using pca9552 16-bit LED driver at slave address 0x60
[    6.480000] leds-pca955x 3-0060: gpios 238...253
[    6.480000] leds-pca955x 11-0060: leds-pca955x: Using pca9552 16-bit LED driver at slave address 0x60
[    6.500000] leds-pca955x 11-0060: gpios 222...237
[    6.500000] usbcore: registered new interface driver usbhid
[    6.510000] usbhid: USB HID core driver
[    6.540000] dps310 3-0076: iio:device1: sensor 'dps310'
[    6.540000] NET: Registered protocol family 10
[    6.550000] Segment Routing with IPv6
[    6.550000] NET: Registered protocol family 17
[    6.550000] 8021q: 802.1Q VLAN Support v1.8
[    6.570000] input: gpio-keys-polled as /devices/platform/gpio-keys-polled/input/input1
[    6.600000] console [netcon0] enabled
[    6.600000] netconsole: network logging started
[    6.610000] input: gpio-keys as /devices/platform/gpio-keys/input/input2
[    6.620000] rtc-rv8803 11-0032: setting system clock to 2017-09-14 01:15:16 UTC (1505351716)
[    6.630000] Freeing unused kernel memory: 284K
[    6.630000] This architecture does not have kernel memory protection.
[    8.060000] jffs2: notice: (542) jffs2_build_xattr_subsystem: complete building xattr subsystem, 1 of xdatum (1 unchecked, 0 orphan) and 12 of xref (0 dead, 2 orphan) found.
[   10.240000] systemd[1]: Failed to insert module 'autofs4': No such file or directory
[   10.440000] systemd[1]: systemd 232 running in system mode. (+PAM -AUDIT -SELINUX -IMA -APPARMOR -SMACK +SYSVINIT -UTMP -LIBCRYPTSETUP -GCRYPT -GNUTLS +ACL +XZ -LZ4 -SECCOMP +BLKID -ELFUTILS +KMOD -IDN)
[   10.440000] systemd[1]: Detected architecture arm.
[   10.530000] systemd[1]: Set hostname to <witherspoon>.
[   12.260000] systemd[1]: Listening on udev Kernel Socket.
[   12.320000] systemd[1]: Listening on Journal Socket (/dev/log).
[   12.360000] systemd[1]: Listening on Syslog Socket.
[   12.390000] systemd[1]: Listening on Network Service Netlink Socket.
[   12.430000] systemd[1]: Started Dispatch Password Requests to Console Directory Watch.
[   12.470000] systemd[1]: Listening on udev Control Socket.
[   12.530000] systemd[1]: Listening on Process Core Dump Socket.
[   15.540000] systemd[1]: Mounted /var/volatile.
[   15.750000] systemd[1]: Started Journal Service.
[   17.220000] systemd-journald[567]: Received request to flush runtime journal from PID 1
[   25.430000] ubi0: default fastmap pool size: 25
[   25.430000] ubi0: default fastmap WL pool size: 12
[   25.430000] ubi0: attaching mtd0
[   27.040000] ubi0: scanning is finished
[   27.040000] ubi0 error: ubi_read_volume_table: the layout volume was not found
[   27.040000] ubi0 error: ubi_attach_mtd_dev: failed to attach mtd0, error -22
[   27.040000] ubi7: default fastmap pool size: 100
[   27.040000] ubi7: default fastmap WL pool size: 50
[   27.040000] ubi7: attaching mtd7
[   27.040000] ubi7: scanning is finished
[   27.190000] ubi7: attached mtd7 (name "pnor", size 128 MiB)
[   27.190000] ubi7: PEB size: 65536 bytes (64 KiB), LEB size: 65408 bytes
[   27.190000] ubi7: min./max. I/O unit sizes: 1/256, sub-page size 1
[   27.190000] ubi7: VID header offset: 64 (aligned 64), data offset: 128
[   27.190000] ubi7: good PEBs: 2048, bad PEBs: 0, corrupted PEBs: 0
[   27.190000] ubi7: user volume: 4, internal volumes: 1, max. volumes count: 128
[   27.190000] ubi7: max/mean erase counter: 23/15, WL threshold: 4096, image sequence number: 1192395733
[   27.190000] ubi7: available PEBs: 1110, total reserved PEBs: 938, PEBs reserved for bad PEB handling: 0
[   27.190000] ubi7: background thread "ubi_bgt7d" started, PID 1024
[   31.030000] 8021q: adding VLAN 0 to HW filter on device eth0
[   35.020000] ftgmac100 1e660000.ethernet eth0: ncsi: removed vlan tag 0 at index 1
[   35.020000] ftgmac100 1e660000.ethernet eth0: ncsi: removed vlan tag 0 at index 2
[   35.020000] ftgmac100 1e660000.ethernet eth0: no vlan ids left to set
[   35.020000] ftgmac100 1e660000.ethernet eth0: NCSI interface up
[   43.870000] block ubiblock7_0: created from ubi7:0(pnor-ro-8764baa3)
[   44.200000] UBIFS (ubi7:1): UBIFS: mounted UBI device 7, volume 1, name "pnor-rw-8764baa3"
[   44.200000] UBIFS (ubi7:1): LEB size: 65408 bytes (63 KiB), min./max. I/O unit sizes: 8 bytes/256 bytes
[   44.200000] UBIFS (ubi7:1): FS size: 16155776 bytes (15 MiB, 247 LEBs), journal size 784896 bytes (0 MiB, 12 LEBs)
[   44.200000] UBIFS (ubi7:1): reserved for root: 763076 bytes (745 KiB)
[   44.200000] UBIFS (ubi7:1): media format: w5/r0 (latest is w5/r0), UUID 2124F4B8-0492-4C14-AC15-464F0A4E03EE, small LPT model
[   44.200000] UBIFS (ubi7:1): background thread "ubifs_bgt7_1" started, PID 1069
[   44.200000] UBIFS (ubi7:2): UBIFS: mounted UBI device 7, volume 2, name "pnor-prsv"
[   44.200000] UBIFS (ubi7:2): LEB size: 65408 bytes (63 KiB), min./max. I/O unit sizes: 8 bytes/256 bytes
[   44.540000] UBIFS (ubi7:2): FS size: 1504384 bytes (1 MiB, 23 LEBs), journal size 523265 bytes (0 MiB, 6 LEBs)
[   44.540000] UBIFS (ubi7:2): reserved for root: 71055 bytes (69 KiB)
[   44.540000] UBIFS (ubi7:2): media format: w5/r0 (latest is w5/r0), UUID CAFEA19E-94DB-4E3F-A597-CD4BE781E174, small LPT model
[   44.540000] UBIFS (ubi7:2): background thread "ubifs_bgt7_2" started, PID 1076
[   74.380000] UBIFS (ubi7:3): UBIFS: mounted UBI device 7, volume 3, name "pnor-patch"
[   74.380000] UBIFS (ubi7:3): LEB size: 65408 bytes (63 KiB), min./max. I/O unit sizes: 8 bytes/256 bytes
[   74.380000] UBIFS (ubi7:3): FS size: 16155776 bytes (15 MiB, 247 LEBs), journal size 784896 bytes (0 MiB, 12 LEBs)
[   74.380000] UBIFS (ubi7:3): reserved for root: 763076 bytes (745 KiB)
[   74.380000] UBIFS (ubi7:3): media format: w5/r0 (latest is w5/r0), UUID BABB1637-BC68-4CC0-9376-4DB953F1E51D, small LPT model
[   74.490000] UBIFS (ubi7:3): background thread "ubifs_bgt7_3" started, PID 1158
