[    0.290000] 1e78d000.serial: ttyS1 at MMIO 0x1e78d000 (irq = 24, base_baud = 1500000) is a 16550A
[    0.290000] 1e784000.serial: ttyS4 at MMIO 0x1e784000 (irq = 25, base_baud = 1500000) is a 16550A
[    0.640000] console [ttyS4] enabled
[    0.780000] timeriomem_rng 1e6e2078.hwrng: 32bits from 0xf00e2078 @ 1us
[    0.800000] random: fast init done
[    0.830000] brd: module loaded
[    0.860000] loop: module loaded
[    0.860000] aspeed-lpc-ctrl 1e789080.lpc-ctrl: Loaded at 0x98000000 (0x04000000)
[    0.870000] aspeed-smc 1e620000.flash-controller: Using IRQ 18
[    0.870000] aspeed-smc 1e620000.flash-controller: DMA support disabled.
[    0.890000] aspeed-smc 1e620000.flash-controller: mx25l25635e (32768 Kbytes)
[    0.890000] aspeed-smc 1e620000.flash-controller: CE0 window [ 0x20000000 - 0x22000000 ] 32MB
[    0.890000] aspeed-smc 1e620000.flash-controller: CE1 window [ 0x22000000 - 0x2a000000 ] 128MB
[    0.910000] 3 ofpart partitions found on MTD device bmc
[    0.910000] Creating 3 MTD partitions on "bmc":
[    0.910000] 0x000000000000-0x000000060000 : "u-boot"
[    0.910000] 0x000000060000-0x000000080000 : "u-boot-env"
[    0.950000] 0x000000080000-0x000002000000 : "obmc-ubi"
[    0.950000] aspeed-smc 1e620000.flash-controller: mx25l25635e (32768 Kbytes)
[    0.960000] aspeed-smc 1e620000.flash-controller: CE1 window [ 0x22000000 - 0x24000000 ] 32MB
[    0.960000] aspeed-smc 1e620000.flash-controller: CE2 window [ 0x24000000 - 0x2c000000 ] 128MB
[    0.980000] 3 ofpart partitions found on MTD device alt-bmc
[    0.980000] Creating 3 MTD partitions on "alt-bmc":
[    0.980000] 0x000000000000-0x000000060000 : "alt-u-boot"
[    1.010000] 0x000000060000-0x000000080000 : "alt-u-boot-env"
[    1.010000] 0x000000080000-0x000002000000 : "alt-obmc-ubi"
[    1.030000] aspeed-smc 1e630000.flash-controller: mx66l1g45g (131072 Kbytes)
[    1.030000] aspeed-smc 1e630000.flash-controller: CE0 window resized to 120MB (AST2500 HW quirk)
[    1.040000] aspeed-smc 1e630000.flash-controller: CE0 window [ 0x30000000 - 0x37800000 ] 120MB
[    1.040000] aspeed-smc 1e630000.flash-controller: CE0 window too small for chip 128MB
[    1.040000] aspeed-smc 1e630000.flash-controller: CE1 window [ 0x37800000 - 0x38000000 ] 8MB
[    1.790000] libphy: Fixed MDIO Bus: probed
[    1.790000] ftgmac100 1e660000.ethernet: Read MAC address 70:e2:84:14:23:e1 from chip
[    1.790000] ftgmac100 1e660000.ethernet: Using NCSI interface
[    1.790000] ftgmac100 1e660000.ethernet eth0: irq 20, mapped at f0060000
[    1.790000] ehci_hcd: USB 2.0 'Enhanced' Host Controller (EHCI) Driver
[    1.790000] ehci-platform: EHCI generic platform driver
[    2.040000] i2c /dev entries driver
[    2.040000] aspeed-i2c-bus 1e78a0c0.i2c-bus: i2c bus 2 registered, irq 26
[    2.040000] aspeed-i2c-bus 1e78a100.i2c-bus: i2c bus 3 registered, irq 27
[    2.040000] aspeed-i2c-bus 1e78a140.i2c-bus: i2c bus 4 registered, irq 28
[    2.040000] aspeed-i2c-bus 1e78a180.i2c-bus: i2c bus 5 registered, irq 29
[    2.040000] aspeed-i2c-bus 1e78a380.i2c-bus: i2c bus 9 registered, irq 30
[    2.040000] aspeed-i2c-bus 1e78a3c0.i2c-bus: i2c bus 10 registered, irq 31
[    2.040000] rtc-rv8803 11-0032: Voltage low, temperature compensation stopped.
[    2.040000] rtc-rv8803 11-0032: An alarm maybe have been missed.
[    2.140000] rtc-rv8803 11-0032: rtc core: registered rx8900 as rtc0
[    2.150000] at24 11-0051: 8192 byte 24c64 EEPROM, writable, 1 bytes/write
[    2.150000] aspeed-i2c-bus 1e78a400.i2c-bus: i2c bus 11 registered, irq 32
[    2.150000] aspeed-i2c-bus 1e78a440.i2c-bus: i2c bus 12 registered, irq 33
[    2.150000] aspeed-i2c-bus 1e78a480.i2c-bus: i2c bus 13 registered, irq 34
[    2.150000] Driver for 1-wire Dallas network protocol.
[    2.150000] lm75 9-004a: hwmon0: sensor 'tmp275'
[    2.230000] random: crng init done
[    4.060000] ucd9000 11-0064: Device ID UCD90160|2.3.4.0000|110603
[    4.760000] leds-pca955x 3-0060: leds-pca955x: Using pca9552 16-bit LED driver at slave address 0x60
[    4.770000] leds-pca955x 3-0060: gpios 238...253
[    4.770000] leds-pca955x 11-0060: leds-pca955x: Using pca9552 16-bit LED driver at slave address 0x60
[    4.790000] leds-pca955x 11-0060: gpios 222...237
[    4.790000] usbcore: registered new interface driver usbhid
[    4.800000] usbhid: USB HID core driver
[    4.850000] NET: Registered protocol family 10
[    4.850000] Segment Routing with IPv6
[    4.860000] NET: Registered protocol family 17
[    4.860000] 8021q: 802.1Q VLAN Support v1.8
[    4.880000] input: gpio-keys-polled as /devices/platform/gpio-keys-polled/input/input1
[    4.900000] ubi0: default fastmap pool size: 25
[    4.910000] ubi0: default fastmap WL pool size: 12
[    4.910000] ubi0: attaching mtd3
[    4.920000] ubi0: scanning is finished
[    4.940000] ubi0: attached mtd3 (name "obmc-ubi", size 31 MiB)
[    4.940000] ubi0: PEB size: 65536 bytes (64 KiB), LEB size: 65408 bytes
[    4.960000] ubi0: min./max. I/O unit sizes: 1/256, sub-page size 1
[    4.960000] ubi0: VID header offset: 64 (aligned 64), data offset: 128
[    4.960000] ubi0: good PEBs: 504, bad PEBs: 0, corrupted PEBs: 0
[    4.960000] ubi0: user volume: 4, internal volumes: 1, max. volumes count: 128
[    4.990000] ubi0: max/mean erase counter: 81/68, WL threshold: 4096, image sequence number: 1358235831
[    4.990000] ubi0: available PEBs: 46, total reserved PEBs: 458, PEBs reserved for bad PEB handling: 0
[    4.990000] ubi0: background thread "ubi_bgt0d" started, PID 507
[    4.990000] ubi4: default fastmap pool size: 25
[    4.990000] ubi4: default fastmap WL pool size: 12
[    5.020000] ubi4: attaching mtd7
[    5.060000] ubi4: scanning is finished
[    5.100000] ubi4: attached mtd7 (name "alt-obmc-ubi", size 31 MiB)
[    5.100000] ubi4: PEB size: 65536 bytes (64 KiB), LEB size: 65408 bytes
[    5.100000] ubi4: min./max. I/O unit sizes: 1/256, sub-page size 1
[    5.100000] ubi4: VID header offset: 64 (aligned 64), data offset: 128
[    5.100000] ubi4: good PEBs: 504, bad PEBs: 0, corrupted PEBs: 0
[    5.150000] ubi4: user volume: 4, internal volumes: 1, max. volumes count: 128
[    5.150000] ubi4: max/mean erase counter: 72/57, WL threshold: 4096, image sequence number: 1358235831
[    5.150000] ubi4: available PEBs: 46, total reserved PEBs: 458, PEBs reserved for bad PEB handling: 0
[    5.150000] ubi4: background thread "ubi_bgt4d" started, PID 513
[    7.960000] block ubiblock0_0: created from ubi0:0(rofs-af631876)
[    7.960000] console [netcon0] enabled
[    7.960000] netconsole: network logging started
[    7.960000] input: gpio-keys as /devices/platform/gpio-keys/input/input2
[    7.960000] rtc-rv8803 11-0032: setting system clock to 2017-10-05 01:05:09 UTC (1507165509)
[    7.960000] VFS: Mounted root (squashfs filesystem) readonly on device 254:0.
[    7.960000] devtmpfs: mounted
[    7.960000] Freeing unused kernel memory: 284K
[    7.960000] This architecture does not have kernel memory protection.
[    9.720000] systemd[1]: Failed to insert module 'autofs4': No such file or directory
[    9.880000] systemd[1]: systemd 232 running in system mode. (+PAM -AUDIT -SELINUX -IMA -APPARMOR -SMACK +SYSVINIT -UTMP -LIBCRYPTSETUP -GCRYPT -GNUTLS +ACL +XZ -LZ4 -SECCOMP +BLKID -ELFUTILS +KMOD -IDN)
[    9.880000] systemd[1]: Detected architecture arm.
[   10.090000] systemd[1]: Set hostname to <witherspoon>.
[   10.120000] systemd[1]: Initializing machine ID from random generator.
[   10.120000] systemd[1]: Installed transient /etc/machine-id file.
[   10.970000] systemd[1]: [/lib/systemd/system/obmc-standby.target.requires/../witherspoon-power-supply-monitor@.service:12] Unknown lvalue 'SysLogIdentifier' in section 'Service'
[   10.970000] systemd[1]: [/lib/systemd/system/obmc-standby.target.requires/../witherspoon-power-supply-monitor@.service:12] Unknown lvalue 'SysLogIdentifier' in section 'Service'
[   11.770000] systemd[1]: Reached target Swap.
[   11.930000] systemd[1]: Listening on /dev/initctl Compatibility Named Pipe.
[   11.970000] systemd[1]: Created slice System Slice.
[   14.880000] UBIFS (ubi0:2): background thread "ubifs_bgt0_2" started, PID 653
[   15.060000] UBIFS (ubi0:2): UBIFS: mounted UBI device 0, volume 2, name "rwfs"
[   15.060000] UBIFS (ubi0:2): LEB size: 65408 bytes (63 KiB), min./max. I/O unit sizes: 8 bytes/256 bytes
[   15.060000] UBIFS (ubi0:2): FS size: 3597440 bytes (3 MiB, 55 LEBs), journal size 719488 bytes (0 MiB, 11 LEBs)
[   15.160000] UBIFS (ubi0:2): reserved for root: 0 bytes (0 KiB)
[   15.160000] UBIFS (ubi0:2): media format: w4/r0 (latest is w5/r0), UUID F6AF7850-1C6E-4E2A-94BB-A56899CAF080, small LPT model
[   16.020000] systemd-journald[534]: Received request to flush runtime journal from PID 1
[   29.150000] 8021q: adding VLAN 0 to HW filter on device eth0
[   32.300000] ftgmac100 1e660000.ethernet eth0: ncsi: removed vlan tag 0 at index 1
[   32.300000] ftgmac100 1e660000.ethernet eth0: ncsi: removed vlan tag 0 at index 2
[   32.300000] ftgmac100 1e660000.ethernet eth0: no vlan ids left to set
[   32.300000] ftgmac100 1e660000.ethernet eth0: NCSI interface up
[   34.220000] ubi8: default fastmap pool size: 100
[   34.220000] ubi8: default fastmap WL pool size: 50
[   34.220000] ubi8: attaching mtd8
[   35.440000] ubi8: scanning is finished
[   35.520000] ubi8: attached mtd8 (name "pnor", size 128 MiB)
[   35.520000] ubi8: PEB size: 65536 bytes (64 KiB), LEB size: 65408 bytes
[   35.520000] ubi8: min./max. I/O unit sizes: 1/256, sub-page size 1
[   35.520000] ubi8: VID header offset: 64 (aligned 64), data offset: 128
[   35.520000] ubi8: good PEBs: 2048, bad PEBs: 0, corrupted PEBs: 0
[   35.520000] ubi8: user volume: 6, internal volumes: 1, max. volumes count: 128
[   35.520000] ubi8: max/mean erase counter: 42/29, WL threshold: 4096, image sequence number: 91395301
[   35.520000] ubi8: available PEBs: 468, total reserved PEBs: 1580, PEBs reserved for bad PEB handling: 0
[   35.520000] ubi: ubi0 already exists
[   35.520000] ubi8: background thread "ubi_bgt8d" started, PID 1033
[   38.850000] ubi: ubi4 already exists
[   52.450000] block ubiblock8_0: created from ubi8:0(pnor-ro-7a9ef57c)
[   59.490000] block ubiblock8_1: created from ubi8:1(pnor-ro-8764baa3)
[   59.490000] UBIFS (ubi8:2): UBIFS: mounted UBI device 8, volume 2, name "pnor-prsv"
[   59.970000] UBIFS (ubi8:2): LEB size: 65408 bytes (63 KiB), min./max. I/O unit sizes: 8 bytes/256 bytes
[   59.970000] UBIFS (ubi8:2): FS size: 1504384 bytes (1 MiB, 23 LEBs), journal size 523265 bytes (0 MiB, 6 LEBs)
[   59.970000] UBIFS (ubi8:2): reserved for root: 71055 bytes (69 KiB)
[   59.970000] UBIFS (ubi8:2): media format: w5/r0 (latest is w5/r0), UUID 36B3B1E1-197C-4042-A5BB-1F5E6D63DF0B, small LPT model
[   59.970000] UBIFS (ubi8:2): background thread "ubifs_bgt8_2" started, PID 1111
[   60.950000] UBIFS (ubi8:4): UBIFS: mounted UBI device 8, volume 4, name "pnor-rw-8764baa3"
[   60.950000] UBIFS (ubi8:4): LEB size: 65408 bytes (63 KiB), min./max. I/O unit sizes: 8 bytes/256 bytes
[   60.950000] UBIFS (ubi8:4): FS size: 16155776 bytes (15 MiB, 247 LEBs), journal size 784896 bytes (0 MiB, 12 LEBs)
[   60.950000] UBIFS (ubi8:4): reserved for root: 763076 bytes (745 KiB)
[   60.950000] UBIFS (ubi8:4): media format: w5/r0 (latest is w5/r0), UUID F587F7F2-1BEE-4E77-9577-250237C0F0BC, small LPT model
[   60.950000] UBIFS (ubi8:5): UBIFS: mounted UBI device 8, volume 5, name "pnor-rw-7a9ef57c"
[   60.950000] UBIFS (ubi8:5): LEB size: 65408 bytes (63 KiB), min./max. I/O unit sizes: 8 bytes/256 bytes
[   60.950000] UBIFS (ubi8:5): FS size: 16155776 bytes (15 MiB, 247 LEBs), journal size 784896 bytes (0 MiB, 12 LEBs)
[   60.950000] UBIFS (ubi8:5): reserved for root: 763076 bytes (745 KiB)
[   60.950000] UBIFS (ubi8:5): media format: w5/r0 (latest is w5/r0), UUID 904AA0DA-EE42-403C-B44D-8FB80359592C, small LPT model
[   60.950000] UBIFS (ubi8:5): background thread "ubifs_bgt8_5" started, PID 1133
[   60.950000] UBIFS (ubi8:4): background thread "ubifs_bgt8_4" started, PID 1124
[   75.510000] block ubiblock4_0: created from ubi4:0(rofs-d9364d88)
[   90.330000] UBIFS (ubi8:3): UBIFS: mounted UBI device 8, volume 3, name "pnor-patch"
[   90.330000] UBIFS (ubi8:3): LEB size: 65408 bytes (63 KiB), min./max. I/O unit sizes: 8 bytes/256 bytes
[   90.330000] UBIFS (ubi8:3): FS size: 16155776 bytes (15 MiB, 247 LEBs), journal size 784896 bytes (0 MiB, 12 LEBs)
[   90.330000] UBIFS (ubi8:3): reserved for root: 763076 bytes (745 KiB)
[   90.330000] UBIFS (ubi8:3): media format: w5/r0 (latest is w5/r0), UUID 4D589EF4-9175-4F76-B384-1965B1D7B962, small LPT model
[   90.450000] UBIFS (ubi8:3): background thread "ubifs_bgt8_3" started, PID 1205
[  137.050000] ftgmac100 1e660000.ethernet eth0: NCSI interface down
[  137.480000] 8021q: adding VLAN 0 to HW filter on device eth0
[  138.560000] ftgmac100 1e660000.ethernet eth0: no vlan ids left to set
[  138.560000] ftgmac100 1e660000.ethernet eth0: NCSI interface up
[  161.000000] ftgmac100 1e660000.ethernet eth0: NCSI interface down
[  161.370000] 8021q: adding VLAN 0 to HW filter on device eth0
[  162.420000] ftgmac100 1e660000.ethernet eth0: no vlan ids left to set
[  162.420000] ftgmac100 1e660000.ethernet eth0: NCSI interface up
[  289.950000] ucd9000 11-0064: Device ID UCD90160|2.3.4.0000|110603
[  292.250000] ucd9000 11-0064: Device ID UCD90160|2.3.4.0000|110603
