RPC: Registered tcp NFSv4.1 backchannel transport module.
Trying to unpack rootfs image as initramfs...
Freeing initrd memory: 1548K
workingset: timestamp_bits=30 max_order=17 bucket_order=0
squashfs: version 4.0 (2009/01/31) Phillip Lougher
jffs2: version 2.2. (NAND) (SUMMARY)  Â© 2001-2006 Red Hat, Inc.
io scheduler noop registered (default)
ipmi-bt-host 1e789140.ibt: Found bt bmc device
ipmi-bt-host 1e789140.ibt: Using IRQ 22
Serial: 8250/16550 driver, 6 ports, IRQ sharing enabled
1e783000.serial: ttyS0 at MMIO 0x1e783000 (irq = 23, base_baud = 1500000) is a 16550A
1e78d000.serial: ttyS1 at MMIO 0x1e78d000 (irq = 24, base_baud = 1500000) is a 16550A
1e784000.serial: ttyS4 at MMIO 0x1e784000 (irq = 25, base_baud = 1500000) is a 16550A
console [ttyS4] enabled
1e787000.vuart: ttyS2 at MMIO 0x1e787000 (irq = 22, base_baud = 1500000) is a 16550A
timeriomem_rng 1e6e2078.hwrng: 32bits from 0xf00e2078 @ 1us
brd: module loaded
loop: module loaded
aspeed-lpc-ctrl 1e789080.lpc-ctrl: Loaded at 0x98000000 (0x04000000)
aspeed-smc 1e620000.flash-controller: Using IRQ 18
aspeed-smc 1e620000.flash-controller: DMA support disabled.
aspeed-smc 1e620000.flash-controller: mx25l25635e (32768 Kbytes)
aspeed-smc 1e620000.flash-controller: CE0 window [ 0x20000000- 0x22000000 ] 32MB
aspeed-smc 1e620000.flash-controller: CE1 window [ 0x22000000- 0x2a000000 ] 128MB
5 ofpart partitions found on MTD device bmc
Creating 5 MTD partitions on "bmc":
0x000000000000-0x000000060000 : "u-boot"
0x000000060000-0x000000080000 : "u-boot-env"
0x000000080000-0x0000004c0000 : "kernel"
0x0000004c0000-0x000001c00000 : "rofs"
0x000001c00000-0x000002000000 : "rwfs"
aspeed-smc 1e620000.flash-controller: mx25l25635e (32768 Kbytes)
aspeed-smc 1e620000.flash-controller: CE1 window [ 0x22000000- 0x24000000 ] 32MB
aspeed-smc 1e620000.flash-controller: CE2 window [ 0x24000000- 0x2c000000 ] 128MB
aspeed-smc 1e630000.flash-controller: mx66l1g45g (131072 Kbytes)
aspeed-smc 1e630000.flash-controller: CE0 window resized to 120MB (AST2500 HW quirk)
aspeed-smc 1e630000.flash-controller: CE0 window [ 0x30000000- 0x37800000 ] 120MB
aspeed-smc 1e630000.flash-controller: CE0 window too small for chip 128MB
aspeed-smc 1e630000.flash-controller: CE1 window [ 0x37800000- 0x38000000 ] 8MB
libphy: Fixed MDIO Bus: probed
ftgmac100 1e660000.ethernet: Read MAC address 70:e2:84:14:24:20 from chip
ftgmac100 1e660000.ethernet: Using NCSI interface
ftgmac100 1e660000.ethernet eth0: irq 20, mapped at f0060000
 fsi0: can't read slave 00:00 -5
i2c /dev entries driver
aspeed-i2c-bus 1e78a0c0.i2c-bus: i2c bus 2 registered, irq 26
aspeed-i2c-bus 1e78a100.i2c-bus: i2c bus 3 registered, irq 27
aspeed-i2c-bus 1e78a140.i2c-bus: i2c bus 4 registered, irq 28
aspeed-i2c-bus 1e78a180.i2c-bus: i2c bus 5 registered, irq 29
aspeed-i2c-bus 1e78a380.i2c-bus: i2c bus 9 registered, irq 30
aspeed-i2c-bus 1e78a3c0.i2c-bus: i2c bus 10 registered, irq 31
rtc-rv8803 11-0032: Voltage low, temperature compensation stopped.
rtc-rv8803 11-0032: Voltage low, data loss detected.
rtc-rv8803 11-0032: Voltage low, data is invalid.
rtc-rv8803 11-0032: rtc core: registered rx8900 as rtc0
at24 11-0051: 8192 byte 24c64 EEPROM, writable, 1 bytes/write
aspeed-i2c-bus 1e78a400.i2c-bus: i2c bus 11 registered, irq 32
aspeed-i2c-bus 1e78a440.i2c-bus: i2c bus 12 registered, irq 33
aspeed-i2c-bus 1e78a480.i2c-bus: i2c bus 13 registered, irq 34
Driver for 1-wire Dallas network protocol.
lm75 9-004a: hwmon0: sensor 'tmp275'
random: fast init done
ucd9000 11-0064: Device ID UCD90160|2.3.4.0000|110603
ip_tables: (C) 2000-2006 Netfilter Core Team
NET: Registered protocol family 10
Segment Routing with IPv6
NET: Registered protocol family 17
input: gpio-keys as /devices/platform/gpio-keys/input/input0
rtc-rv8803 11-0032: Voltage low, data is invalid.
rtc-rv8803 11-0032: hctosys: unable to read the hardware clock
Freeing unused kernel memory: 1024K
jffs2: notice: (460) jffs2_build_xattr_subsystem: complete building xattr subsystem, 0 of xdatum (0 unchecked, 0 orphan) and 0 of xref (0 dead, 0 orphan) found.
systemd[1]: System time before build time, advancing clock.
systemd[1]: systemd 232 running in system mode. (+PAM -AUDIT -SELINUX -IMA -APPARMOR -SMACK +SYSVINIT -UTMP -LIBCRYPTSETUP -GCRYPT -GNUTLS +ACL +XZ -LZ4 -SECCOMP +BLKID -ELFUTILS +KMOD -IDN)
systemd[1]: Detected architecture arm.
systemd[1]: Set hostname to <witherspoon>.
systemd[1]: Started Forward Password Requests to Wall Directory Watch.
systemd[1]: Listening on Journal Socket.
systemd[1]: Reached target Swap.
systemd[1]: Listening on Journal Socket (/dev/log).
systemd[1]: Listening on /dev/initctl Compatibility Named Pipe.
systemd[1]: Listening on Network Service Netlink Socket.
systemd[1]: Listening on udev Control Socket.
systemd[1]: Created slice system-serial\x2dgetty.slice.
systemd[1]: Created slice system-op\x2dreset\x2dchassis\x2drunning.slice.
systemd[1]: Created slice system-phosphor\x2dreset\x2dhost\x2drunning.slice.
systemd[1]: dev-hugepages.mount: Couldn't determine result for ConditionVirtualization=!private-users, assuming failed: No such file or directory
systemd[1]: Created slice system-phosphor\x2ddiscover\x2dsystem\x2dstate.slice.
systemd[1]: Starting Apply Kernel Variables...
systemd[1]: Mounting Temporary Directory...
systemd[1]: Created slice system-op\x2dreset\x2dchassis\x2don.slice.
systemd[1]: Created slice system-org.openbmc.control.Power.slice.
systemd[1]: Created slice system-org.openbmc.control.Chassis.slice.
systemd[1]: Starting Remount Root and Kernel File Systems...
systemd[1]: Created slice system-org.openbmc.buttons.reset.slice.
systemd[1]: Mounting Debug File System...
systemd[1]: Starting Journal Service...
systemd[1]: Mounted Debug File System.
systemd[1]: Mounted Temporary Directory.
systemd[1]: Started Journal Service.
systemd-journald[579]: Received request to flush runtime journal from PID 1
ftgmac100 1e660000.ethernet eth0: NCSI interface up
random: crng init done
ucd9000 11-0064: Device ID UCD90160|2.3.4.0000|110603
 fsi0: fsi: found chip c0010d12 at 00:00:00
 slave@00:00: engine[2]: type 4, version 6, addr c00 size 400
 slave@00:00: engine[3]: type 5, version 6, addr 1000 size 400
 slave@00:00: engine[4]: type 6, version 1, addr 1400 size 400
 slave@00:00: engine[5]: type 7, version 2, addr 1800 size 400
 slave@00:00: engine[8]: type 22, version 1, addr 2400 size 400
sbefifo 00:00:00:06: Found sbefifo device
occ sbefifo1-dev0: Found occ device
 slave@00:00: engine[9]: type 20, version 2, addr 2800 size 800
 slave@00:00: engine[11]: type 1a, version 1, addr 3000 size 400
 slave@00:00: engine[12]: type 1c, version 1, addr 3400 size 400
fsi-master-hub 00:00:00:0a: hub version 92010800 (8 links)
 slave@00:00: status: 0x84000510, sisc: 0x01040108
 slave@00:00: status: 0x84000500, sisc: 0x00040108
 fsi1: can't read slave 00:00 -5
 fsi1: fsi: found chip c0010d12 at 01:01:00
 slave@01:00: engine[2]: type 4, version 6, addr c00 size 400
 slave@01:00: engine[3]: type 5, version 6, addr 1000 size 400
 slave@01:00: engine[4]: type 6, version 1, addr 1400 size 400
 slave@01:00: engine[5]: type 7, version 2, addr 1800 size 400
 slave@01:00: engine[8]: type 22, version 1, addr 2400 size 400
sbefifo 01:01:00:06: Found sbefifo device
occ sbefifo2-dev0: Found occ device
 slave@01:00: engine[9]: type 20, version 2, addr 2800 size 800
 slave@01:00: engine[11]: type 1a, version 1, addr 3000 size 400
 slave@01:00: engine[12]: type 1c, version 1, addr 3400 size 400
fsi-master-hub 01:01:00:0a: hub version 92010800 (8 links)
 slave@00:00: status: 0x84000500, sisc: 0x00040108
 slave@00:00: status: 0x84000500, sisc: 0x00040108
 slave@01:00: status: 0x04000510, sisc: 0x01040000
 slave@00:00: status: 0x84000500, sisc: 0x00040108
 slave@00:00: status: 0x84000500, sisc: 0x00040108
 slave@01:00: status: 0x04000500, sisc: 0x00040000
 slave@00:00: status: 0x84000500, sisc: 0x00040108
 slave@00:00: status: 0x84000500, sisc: 0x00040108
 slave@01:00: status: 0x04000500, sisc: 0x00040000
 slave@00:00: status: 0x84000500, sisc: 0x00040108
 slave@00:00: status: 0x84000500, sisc: 0x00040108
 slave@01:00: status: 0x04000500, sisc: 0x00040000
 slave@00:00: status: 0x84000500, sisc: 0x00040108
 slave@00:00: status: 0x84000500, sisc: 0x00040108
 slave@01:00: status: 0x04000500, sisc: 0x00040000
 slave@00:00: status: 0x84000500, sisc: 0x00040108
 slave@00:00: status: 0x84000500, sisc: 0x00040108
 slave@01:00: status: 0x04000500, sisc: 0x00040000
 slave@01:00: status: 0x04000500, sisc: 0x00040000
 slave@01:00: status: 0x04000500, sisc: 0x00040000
 slave@01:00: status: 0x04000500, sisc: 0x00040000
 slave@01:00: status: 0x04000500, sisc: 0x00040000
 slave@01:00: status: 0x04000500, sisc: 0x00040000
 slave@01:00: status: 0x04000500, sisc: 0x00040000
 slave@01:00: status: 0x04000500, sisc: 0x00040000
 slave@01:00: status: 0x04000500, sisc: 0x00040000
 slave@01:00: status: 0x04000500, sisc: 0x00040000
 slave@01:00: status: 0x04000500, sisc: 0x00040000
 slave@01:00: engine[14]: type 1b, version 1, addr 40000 size 8000
 slave@01:00: engine[15]: type 1b, version 1, addr 48000 size 8000
 slave@01:00: engine[16]: type 1b, version 1, addr 50000 size 8000
 slave@01:00: engine[17]: type 1b, version 1, addr 58000 size 8000
 slave@01:00: engine[18]: type 1b, version 1, addr 60000 size 8000
 slave@01:00: engine[19]: type 1b, version 1, addr 68000 size 8000
 slave@01:00: engine[20]: type 1b, version 1, addr 70000 size 8000
 slave@01:00: engine[21]: type 1b, version 1, addr 78000 size 8000
 slave@00:00: status: 0x84000500, sisc: 0x00040108
 slave@00:00: status: 0x84000500, sisc: 0x00040108
 fsi1: can't read slave 02:00 -5
 slave@00:00: status: 0x84000500, sisc: 0x00040108
 slave@00:00: status: 0x84000500, sisc: 0x00040108
 fsi1: can't read slave 03:00 -5
 slave@00:00: status: 0x84000500, sisc: 0x00040108
 slave@00:00: status: 0x84000500, sisc: 0x00040108
 fsi1: can't read slave 04:00 -5
 slave@00:00: status: 0x84000500, sisc: 0x00040108
 slave@00:00: status: 0x84000500, sisc: 0x00040108
 fsi1: can't read slave 05:00 -5
 slave@00:00: status: 0x84000500, sisc: 0x00040108
 slave@00:00: status: 0x84000500, sisc: 0x00040108
 fsi1: can't read slave 06:00 -5
 slave@00:00: status: 0x84000500, sisc: 0x00040108
 slave@00:00: status: 0x84000500, sisc: 0x00040108
 fsi1: can't read slave 07:00 -5
 slave@00:00: engine[14]: type 1b, version 1, addr 40000 size 8000
 slave@00:00: engine[15]: type 1b, version 1, addr 48000 size 8000
 slave@00:00: engine[16]: type 1b, version 1, addr 50000 size 8000
 slave@00:00: engine[17]: type 1b, version 1, addr 58000 size 8000
 slave@00:00: engine[18]: type 1b, version 1, addr 60000 size 8000
 slave@00:00: engine[19]: type 1b, version 1, addr 68000 size 8000
 slave@00:00: engine[20]: type 1b, version 1, addr 70000 size 8000
 slave@00:00: engine[21]: type 1b, version 1, addr 78000 size 8000
