spawn ssh -p 2200 -o StrictHostKeyChecking no root@9.3.86.161
Warning: Permanently added '[9.3.86.161]:2200' (RSA) to the list of known hosts.
root@9.3.86.161's password: 


--== Welcome to Hostboot hostboot-c68be97/hbicore.bin ==--

  3.94769|secure|Booting in non-secure mode.
  3.94770|secure|SecureROM valid - enabling functionality
  8.89356|ISTEP  6. 5 - host_init_fsi
  9.01032|ISTEP  6. 6 - host_set_ipl_parms
  9.04043|ISTEP  6. 7 - host_discover_targets
  9.90295|HWAS|PRESENT> DIMM[03]=FF77000000000000
  9.90295|HWAS|PRESENT> Proc[05]=C000000000000000
  9.92299|ISTEP  6. 8 - host_update_master_tpm
 48.48132|SECURE|Security Access Bit> 0x0000000000000000
 48.48133|SECURE|Secure Mode Disable (via Jumper)> 0xC000000000000000
 48.48161|ISTEP  6. 9 - host_gard
 48.52812|ISTEP  6.10 - host_revert_sbe_mcs_setup
 48.53456|ISTEP  6.11 - host_start_occ_xstop_handler
 48.53568|ISTEP  6.12 - host_voltage_config
 48.56981|ISTEP  7. 2 - mss_volt
 49.09980|ISTEP  7. 3 - mss_freq
 49.22267|ISTEP  7. 4 - mss_eff_config
 51.97766|ISTEP  7. 5 - mss_attr_update
 51.98796|ISTEP  8. 1 - host_slave_sbe_config
 52.02813|ISTEP  8. 2 - host_setup_sbe
 52.03329|ISTEP  8. 3 - host_cbs_start
 52.05946|ISTEP  8. 4 - proc_check_slave_sbe_seeprom_complete
 59.27651|ISTEP  8. 5 - host_attnlisten_proc
 59.27729|ISTEP  8. 6 - host_p9_fbc_eff_config
 59.28206|ISTEP  8. 7 - host_p9_eff_config_links
 59.29260|ISTEP  8. 8 - proc_attr_update
 59.29372|ISTEP  8. 9 - proc_chiplet_fabric_scominit
 59.32419|ISTEP  8.10 - proc_xbus_scominit
 60.87469|ISTEP  8.11 - proc_xbus_enable_ridi
 60.87866|ISTEP  9. 1 - fabric_erepair
 61.16308|ISTEP  9. 2 - fabric_io_dccal
 61.84070|ISTEP  9. 3 - fabric_pre_trainadv
 61.85017|ISTEP  9. 4 - fabric_io_run_training
 61.97473|ISTEP  9. 5 - fabric_post_trainadv
 61.97936|ISTEP  9. 6 - proc_smp_link_layer
 61.98421|ISTEP  9. 7 - proc_fab_iovalid
 62.01751|ISTEP  9. 8 - host_fbc_eff_config_aggregate
 62.02375|ISTEP 10. 1 - proc_build_smp
 62.14831|ISTEP 10. 2 - host_slave_sbe_update
 62.97644|ISTEP 10. 3 - host_set_voltages
 63.02430|ISTEP 10. 4 - proc_cen_ref_clk_enable
 63.03009|ISTEP 10. 5 - proc_enable_osclite
 63.03145|ISTEP 10. 6 - proc_chiplet_scominit
 63.07375|ISTEP 10. 7 - proc_abus_scominit
 63.08553|ISTEP 10. 8 - proc_obus_scominit
 63.15407|ISTEP 10. 9 - proc_npu_scominit
 63.17983|ISTEP 10.10 - proc_pcie_scominit
 63.22425|ISTEP 10.11 - proc_scomoverride_chiplets
 63.23358|ISTEP 10.12 - proc_chiplet_enable_ridi
 63.23642|ISTEP 10.13 - host_rng_bist
 63.23859|ISTEP 10.14 - host_update_redundant_tpm
 63.33622|ISTEP 11. 1 - host_prd_hwreconfig
 63.50845|ISTEP 11. 2 - cen_tp_chiplet_init1
 63.51074|ISTEP 11. 3 - cen_pll_initf
 63.51186|ISTEP 11. 4 - cen_pll_setup
 63.51344|ISTEP 11. 5 - cen_tp_chiplet_init2
 63.51465|ISTEP 11. 6 - cen_tp_arrayinit
 63.51571|ISTEP 11. 7 - cen_tp_chiplet_init3
 63.51681|ISTEP 11. 8 - cen_chiplet_init
 63.51851|ISTEP 11. 9 - cen_arrayinit
 63.51964|ISTEP 11.10 - cen_initf
 63.52173|ISTEP 11.11 - cen_do_manual_inits
 63.52279|ISTEP 11.12 - cen_startclocks
 63.52446|ISTEP 11.13 - cen_scominits
 63.52572|ISTEP 12. 1 - mss_getecid
 63.53046|ISTEP 12. 2 - dmi_attr_update
 63.53175|ISTEP 12. 3 - proc_dmi_scominit
 63.53275|ISTEP 12. 4 - cen_dmi_scominit
 63.53374|ISTEP 12. 5 - dmi_erepair
 63.53471|ISTEP 12. 6 - dmi_io_dccal
 63.53570|ISTEP 12. 7 - dmi_pre_trainadv
 63.53743|ISTEP 12. 8 - dmi_io_run_training
 63.53867|ISTEP 12. 9 - dmi_post_trainadv
 63.53967|ISTEP 12.10 - proc_cen_framelock
 63.54145|ISTEP 12.11 - host_startprd_dmi
 63.54264|ISTEP 12.12 - host_attnlisten_memb
 63.54375|ISTEP 12.13 - cen_set_inband_addr
 63.54547|ISTEP 13. 1 - host_disable_memvolt
 63.70312|ISTEP 13. 2 - mem_pll_reset
 63.71882|ISTEP 13. 3 - mem_pll_initf
 63.76670|ISTEP 13. 4 - mem_pll_setup
 63.79146|ISTEP 13. 6 - mem_startclocks
 63.80970|ISTEP 13. 7 - host_enable_memvolt
 63.81220|ISTEP 13. 8 - mss_scominit
 64.20567|ISTEP 13. 9 - mss_ddr_phy_reset
 64.27880|ISTEP 13.10 - mss_draminit
 64.52565|ISTEP 13.11 - mss_draminit_training
 64.88409|ISTEP 13.12 - mss_draminit_trainadv
 64.88589|ISTEP 13.13 - mss_draminit_mc
 64.91811|ISTEP 14. 1 - mss_memdiag
 75.40879|ISTEP 14. 2 - mss_thermal_init
 75.42995|ISTEP 14. 3 - proc_pcie_config
 75.44730|ISTEP 14. 4 - mss_power_cleanup
 75.44943|ISTEP 14. 5 - proc_setup_bars
 75.49167|ISTEP 14. 6 - proc_htm_setup
 75.50296|ISTEP 14. 7 - proc_exit_cache_contained
 75.51699|ISTEP 15. 1 - host_build_stop_image
 76.55594|ISTEP 15. 2 - proc_set_pba_homer_bar
 76.56068|ISTEP 15. 3 - host_establish_ex_chiplet
 76.56760|ISTEP 15. 4 - host_start_stop_engine
 76.67459|ISTEP 16. 1 - host_activate_master
 77.86582|ISTEP 16. 2 - host_activate_slave_cores
 78.34887|ISTEP 16. 3 - host_secure_rng
 78.36856|ISTEP 16. 4 - mss_scrub
 78.37925|ISTEP 16. 5 - host_ipl_complete
 78.40480|ISTEP 16. 6 - host_load_io_ppe
 78.45378|ISTEP 18.11 - proc_tod_setup
 78.56387|ISTEP 18.12 - proc_tod_init
 78.55649|ISTEP 20. 1 - host_load_payload
 78.97051|ISTEP 20. 2 - host_load_hdat
 82.80005|ISTEP 21. 1 - host_runtime_setup
 96.21297|dw-Setting HDAT HB Reserved Memory Range: ibm,homer-image RangeType 0x4 RangeId 0x0 StartAddress 0x80002017FD800000 EndAddress 0x80002017FDBFFFFF
 96.21301|dw-Setting HDAT HB Reserved Memory Range: ibm,homer-image RangeType 0x4 RangeId 0x8 StartAddress 0x80002017FDC00000 EndAddress 0x80002017FDFFFFFF
 96.21305|dw-Setting HDAT HB Reserved Memory Range: ibm,occ-common-area RangeType 0x4 RangeId 0x0 StartAddress 0x80002017FF800000 EndAddress 0x80002017FFFFFFFF
 96.67518|dw-Setting HDAT HB Reserved Memory Range: ibm,hbrt-data RangeType 0x1 RangeId 0x0 StartAddress 0x80002017FD670000 EndAddress 0x80002017FD7FFFFF
 98.57937|dw-Setting HDAT HB Reserved Memory Range: ibm,hbrt-code-image RangeType 0x1 RangeId 0x0 StartAddress 0x80002017FD390000 EndAddress 0x80002017FD66FFFF
 98.60844|dw-Setting HDAT HB Reserved Memory Range: ibm,sbe-comm RangeType 0x1 RangeId 0x0 StartAddress 0x80002017FD380000 EndAddress 0x80002017FD38FFFF
 98.60848|dw-Setting HDAT HB Reserved Memory Range: ibm,sbe-ffdc RangeType 0x1 RangeId 0x0 StartAddress 0x80002017FD370000 EndAddress 0x80002017FD37FFFF
 98.60814|dw-Setting HDAT HB Reserved Memory Range: ibm,sbe-comm RangeType 0x1 RangeId 0x8 StartAddress 0x80002017FD360000 EndAddress 0x80002017FD36FFFF
 98.60818|dw-Setting HDAT HB Reserved Memory Range: ibm,sbe-ffdc RangeType 0x1 RangeId 0x8 StartAddress 0x80002017FD350000 EndAddress 0x80002017FD35FFFF
 98.61807|dw-Setting HDAT HB Reserved Memory Range: ibm,secure-crypt-algo-code RangeType 0x3 RangeId 0x0 StartAddress 0x80002017FD340000 EndAddress 0x80002017FD34FFFF
 98.91352|dw-Setting HDAT HB Reserved Memory Range: OCC RangeType 0x5 RangeId 0x0 StartAddress 0x80002017FD2A0000 EndAddress 0x80002017FD33FFFF
 98.92848|dw-Setting HDAT HB Reserved Memory Range: WOFDATA RangeType 0x5 RangeId 0x0 StartAddress 0x80002017FD1A0000 EndAddress 0x80002017FD29FFFF
 98.93026|dw-Setting HDAT HB Reserved Memory Range: HCODE RangeType 0x5 RangeId 0x0 StartAddress 0x80002017FD130000 EndAddress 0x80002017FD19FFFF
111.32689|htmgt|OCCs are not active (rc=0x250A). Attempting OCC Reset
123.75464|htmgt|OCCs are now running in ACTIVE state
123.75627|ISTEP 21. 2 - host_verify_hdat
123.76653|ISTEP 21. 3 - host_start_payload
[  143.315819486,5] OPAL skiboot-v5.8-rc1-pd9d2012 starting...
[  143.315823373,7] initial console log level: memory 7, driver 5
[  143.315825476,6] CPU: P9 generation processor (max 4 threads/core)
[  143.315827419,7] CPU: Boot CPU PIR is 0x0028 PVR is 0x004e1200
[  143.315829544,7] CPU: Initial max PIR set to 0x7fff
[  143.316823424,7] OPAL table: 0x300e4740 .. 0x300e4c80, branch table: 0x30002000
[  143.316827196,7] Assigning physical memory map table for nimbus
[  143.316829763,7] Parsing HDAT...
[  143.316831205,5] SPIRA-S found.
[  143.316833589,6] BMC #0: HW version 3, SW version 2, chip DD1.0
[  143.317037214,4] SENSORS: Duplicate sensor ID : 8
[  143.317197734,4] SENSORS: Duplicate sensor ID : 9
[  143.317199704,6] SP Family is openbmc
[  143.317205091,7] LPC: IOPATH chip id = 0
[  143.317206518,7] LPC: FW BAR       = f0000000
[  143.317208159,7] LPC: MEM BAR      = e0000000
[  143.317209722,7] LPC: IO BAR       = d0010000
[  143.317211306,7] LPC: Internal BAR = c0012000
[  143.317224100,7] LPC UART: base addr = 3f8 (3f8) size = 1 clk = 1843200, baud = 115200
[  143.317227000,7] LPC: BT [0, 0] sms_int: 0, bmc_int: 0
[  143.318038564,5] UART: Using UART at 0x60300d00103f8
[  143.320637330,3] I2C: v2 found, but not supported. Parsing as v1
[  143.320989463,3] I2C: v2 found, but not supported. Parsing as v1
[  143.321688998,5] P9 DD2.00 detected
[  143.321768039,5] CHIP: Chip ID 0000 type: P9N DD2.0
[  143.321816050,5] P9 DD2.00 detected
[  143.321859024,5] CHIP: Chip ID 0008 type: P9N DD2.0
[  143.322198343,5] SLW: Enabling: stop0_lite
[  143.322260987,5] SLW: Enabling: stop0
[  143.322419827,5] PLAT: Using virtual UART
[  143.322633856,7] LPC: Routing irq 9, policy: 0 (r=1)
[  143.322635790,7] LPC: SerIRQ 9 using route 0 targetted at OPAL
[  143.322886475,5] PLAT: Detected Witherspoon platform
[  143.322958580,5] PLAT: Detected BMC platform OpenBMC
[  143.364018136,5] CPU: All 176 processors called in...
[  143.363040104,7] XIVE[CPU 082b] Initialized TMA (VP: 1/ab W01=0000000000000000)
[  143.363398475,7] XIVE[CPU 0046] Initialized TMA (VP: 0/c6 W01=0000000000000000)
[    2.457404448,5] FLASH: Found system flash:  id:0
[    2.457622651,5] BT: Interface initialized, IO 0x00e4
[    2.460009974,7] LPC: Routing irq 10, policy: 0 (r=1)
[    2.460011535,7] LPC: SerIRQ 10 using route 1 targetted at OPAL
[    5.497170234,3] BT: seq 0x00 netfn 0x06 cmd 0x36: Retry sending message
[   11.159255311,3] BT: seq 0x01 netfn 0x06 cmd 0x24: Retry sending message
[   15.051813463,5] NVRAM: Size is 576 KB
[   15.255787985,5] STB: secure and trusted boot not supported
[   15.256563400,5] OPAL: Using OPAL UART console
[   15.256598193,7] LPC: Routing irq 4, policy: 0 (r=1)
[   15.256599576,7] LPC: SerIRQ 4 using route 2 targetted at OPAL
[   15.262628965,5] VAS: Initialized chip 0
[   15.263741633,5] VAS: Initialized chip 8
[   15.266424826,5] Found ibm,power9-nx
[   15.267512377,3] NX0: DMA VAS MMIO BAR, 0x0006019100000000, xcfg 0x201105e
[   15.268835084,5] Found ibm,power9-nx
[   15.269982902,3] NX8: DMA VAS MMIO BAR, 0x0006219100000000, xcfg 0x201105e
[   17.487801753,3] FLASH: flash subpartition not found.
[   17.487854041,3] FLASH: Failed to parse subpart info for CAPP
[   17.487995673,3] CAPP: Error loading ucode lid. index=200d1
[   18.000158151,5] PCI: Resetting PHBs and training links...
[   19.036094573,5] PCI: Probing slots...
[   19.092478240,3] PCI: built-in device not found:  (loc: 100)
[   19.093364544,3] PCI: built-in device not found: GPU0 down (loc: 250)
[   19.093411696,3] PCI: built-in device not found: GPU0 (loc: 400)
[   19.094645669,3] PCI: built-in device not found: GPU1 down (loc: 258)
[   19.098263231,3] PCI: built-in device not found: GPU1 (loc: 500)
[   19.099492190,3] PCI: built-in device not found: GPU2 down (loc: 260)
[   19.101918721,3] PCI: built-in device not found: GPU2 (loc: 600)
[   19.103160375,3] PCI: built-in device not found:  (loc: 100)
[   19.104385502,3] PCI: built-in device not found: GPU3 down (loc: 220)
[   19.106809259,3] PCI: built-in device not found: GPU3 (loc: 300)
[   19.109234113,3] PCI: built-in device not found: GPU4 down (loc: 228)
[   19.110464338,3] PCI: built-in device not found: GPU4 (loc: 400)
[   19.111698124,3] PCI: built-in device not found: GPU5 down (loc: 268)
[   19.112943350,3] PCI: built-in device not found: GPU5 (loc: 500)
[   19.114191447,5] PHB#0000:00:00.0 [ROOT] 1014 04c1 R:00 C:060400 B:00..00 
[   19.117823482,5] PHB#0001:00:00.0 [ROOT] 1014 04c1 R:00 C:060400 B:01..01 
[   19.120261628,5] PHB#0001:01:00.0 [EP  ] 104c 8241 R:02 C:0c0330 (      usb-xhci) 
[   19.122697751,5] PHB#0002:00:00.0 [ROOT] 1014 04c1 R:00 C:060400 B:01..02 
[   19.126321182,5] PHB#0002:01:00.0 [ETOX] 1a03 1150 R:04 C:060400 B:02..02 
[   19.128756072,5] PHB#0002:02:00.0 [PCID] 1a03 2000 R:41 C:030000 (           vga) 
[   19.131189296,5] PHB#0003:00:00.0 [ROOT] 1014 04c1 R:00 C:060400 B:00..00 
[   19.131245513,5] PHB#0004:00:00.0 [ROOT] 1014 04c1 R:00 C:060400 B:01..06 
[   19.131322980,5] PHB#0004:01:00.0 [SWUP] 10b5 8725 R:ca C:060400 B:02..06 
[   19.131393829,5] PHB#0004:02:02.0 [SWDN] 10b5 8725 R:ca C:060400 B:03..03 SLOT=S000403 
[   19.131466942,5] PHB#0004:03:00.0 [LGCY] 1b4b 9235 R:11 C:010601 (          sata) LOC_CODE=S000403
[   19.131538034,5] PHB#0004:02:0a.0 [SWDN] 10b5 8725 R:ca C:060400 B:04..04 SLOT=GPU0 down 
[   19.131609383,5] PHB#0004:02:0b.0 [SWDN] 10b5 8725 R:ca C:060400 B:05..05 SLOT=GPU1 down 
[   19.131683212,5] PHB#0004:02:0c.0 [SWDN] 10b5 8725 R:ca C:060400 B:06..06 SLOT=GPU2 down 
[   19.131754695,5] PHB#0004:01:00.1 [EP  ] 10b5 87d0 R:ca C:088000 (system-peripheral) 
[   19.131817365,5] PHB#0004:01:00.2 [EP  ] 10b5 87d0 R:ca C:088000 (system-peripheral) 
[   19.131875094,5] PHB#0004:01:00.3 [EP  ] 10b5 87d0 R:ca C:088000 (system-peripheral) 
[   19.131938057,5] PHB#0004:01:00.4 [EP  ] 10b5 87d0 R:ca C:088000 (system-peripheral) 
[   19.131995723,5] PHB#0005:00:00.0 [ROOT] 1014 04c1 R:00 C:060400 B:01..01 
[   19.132053856,5] PHB#0005:01:00.0 [EP  ] 14e4 1657 R:01 C:020000 (      ethernet) 
[   19.132127507,5] PHB#0005:01:00.1 [EP  ] 14e4 1657 R:01 C:020000 (      ethernet) 
[   19.132189428,5] PHB#0006:00:00.0 [EP  ] 1014 04ea R:01 C:060400 (           pci) SLOT=GPU0 
[   19.132256667,5] PHB#0006:00:00.1 [EP  ] 1014 04ea R:01 C:060400 (           pci) SLOT=GPU0 
[   19.132324052,5] PHB#0006:00:01.0 [EP  ] 1014 04ea R:01 C:060400 (           pci) SLOT=GPU1 
[   19.132394080,5] PHB#0006:00:01.1 [EP  ] 1014 04ea R:01 C:060400 (           pci) SLOT=GPU1 
[   19.132463872,5] PHB#0006:00:02.0 [EP  ] 1014 04ea R:01 C:060400 (           pci) SLOT=GPU2 
[   19.132531820,5] PHB#0006:00:02.1 [EP  ] 1014 04ea R:01 C:060400 (           pci) SLOT=GPU2 
[   19.132598734,5] PHB#0007:00:00.0 [EP  ] 1014 04ea R:01 C:060400 (           pci) SLOT=GPU3 
[   19.132668121,5] PHB#0007:00:00.1 [EP  ] 1014 04ea R:01 C:060400 (           pci) SLOT=GPU3 
[   19.132745243,5] PHB#0007:00:01.0 [EP  ] 1014 04ea R:01 C:060400 (           pci) SLOT=GPU4 
[   19.132815030,5] PHB#0007:00:01.1 [EP  ] 1014 04ea R:01 C:060400 (           pci) SLOT=GPU4 
[   19.132884860,5] PHB#0007:00:02.0 [EP  ] 1014 04ea R:01 C:060400 (           pci) SLOT=GPU5 
[   19.132952220,5] PHB#0007:00:02.1 [EP  ] 1014 04ea R:01 C:060400 (           pci) SLOT=GPU5 
[   19.133029553,5] PHB#0030:00:00.0 [ROOT] 1014 04c1 R:00 C:060400 B:00..00 
[   19.133083466,5] PHB#0033:00:00.0 [ROOT] 1014 04c1 R:00 C:060400 B:00..00 
[   19.133155041,5] PHB#0034:00:00.0 [ROOT] 1014 04c1 R:00 C:060400 B:00..00 
[   19.133213673,5] PHB#0035:00:00.0 [ROOT] 1014 04c1 R:00 C:060400 B:01..08 
[   19.133268903,5] PHB#0035:01:00.0 [SWUP] 10b5 8725 R:ca C:060400 B:02..08 
[   19.133333730,5] PHB#0035:02:08.0 [SWDN] 10b5 8725 R:ca C:060400 B:03..07 
[   19.133402594,5] PHB#0035:02:0d.0 [SWDN] 10b5 8725 R:ca C:060400 B:08..08 SLOT=GPU5 down 
[   20.295494382,3] BT: seq 0x07 netfn 0x04 cmd 0x30: Retry sending message
[   25.468765598,3] BT: seq 0x08 netfn 0x04 cmd 0x30: Retry sending message
[   31.036133700,5] IPMI: Resetting boot count on successful boot
[   31.036229270,5] INIT: Waiting for kernel...
[   31.036260903,5] INIT: 64-bit LE kernel discovered
[   31.036304411,5] OCC: All Chip Rdy after 0 ms
[   31.079180561,5] INIT: Starting kernel at 0x20011000, fdt at 0x30957c98 349535 bytes)
[   32.039366588,5] OPAL: Switch to little-endian OS
[   34.039982110,3] BT: seq 0x09 netfn 0x06 cmd 0x24: Retry sending message
[    0.000000] opal: OPAL detected !
[    0.000000] OF: reserved mem: not enough space all defined regions.
[    0.000000] OF: reserved mem: not enough space all defined regions.
[    0.000000] OF: reserved mem: not enough space all defined regions.
[    0.000000] Page sizes from device-tree:
[    0.000000] Page size shift = 12 AP=0x0
[    0.000000] Page size shift = 16 AP=0x5
[    0.000000] Page size shift = 21 AP=0x1
[    0.000000] Page size shift = 30 AP=0x2
[    0.000000] Initializing Radix MMU
[    0.000000] Partition table c0002017ff7f0000
[    0.000000] Mapped range 0x0 - 0x2000000000 with 0x40000000
[    0.000000] Mapped range 0x200000000000 - 0x200c00000000 with 0x40000000
[    0.000000] Mapped range 0x201000000000 - 0x201800000000 with 0x40000000
[    0.000000] Process table c0002017fe800000 and radix root for kernel: c000000001440000
[    0.000000] Linux version 4.12.8-openpower1 (fspbld@gfwa610.aus.stglabs.ibm.com) (gcc version 6.3.0 (Buildroot 2017.05.2-00163-g8035745) ) #2 SMP Wed Aug 30 16:46:19 CDT 2017
[    0.000000] OPAL: Found memory mapped LPC bus on chip 0
[    0.000000] Using PowerNV machine description
[    0.000000] bootconsole [udbg0] enabled
[    0.000000] CPU maps initialized for 4 threads per core
 -> smp_release_cpus()
spinning_secondaries = 175
 <- smp_release_cpus()
[    0.000000] -----------------------------------------------------
[    0.000000] ppc64_pft_size    = 0x0
[    0.000000] phys_mem_size     = 0x3400000000
[    0.000000] dcache_bsize      = 0x80
[    0.000000] icache_bsize      = 0x80
[    0.000000] cpu_features      = 0x075c7afd18500249
[    0.000000]   possible        = 0x5f7fffff18500649
[    0.000000]   always          = 0x0000000018100040
[    0.000000] cpu_user_features = 0xdc0065c2 0xaee00000
[    0.000000] mmu_features      = 0x3c006041
[    0.000000] firmware_features = 0x0000000010000000
[    0.000000] -----------------------------------------------------
[    0.000000] numa:   NODE_DATA [mem 0x1fffff6700-0x1fffffffff]
[    0.000000] numa:   NODE_DATA [mem 0x2017ff6e2700-0x2017ff6ebfff]
[    0.000000] numa:   NODE_DATA [mem 0x2017ff6a6700-0x2017ff6affff]
[    0.000000] numa:     NODE_DATA(250) on node 8
[    0.000000] numa:   NODE_DATA [mem 0x2017ff69ce00-0x2017ff6a66ff]
[    0.000000] numa:     NODE_DATA(251) on node 8
[    0.000000] numa:   NODE_DATA [mem 0x2017ff693500-0x2017ff69cdff]
[    0.000000] numa:     NODE_DATA(252) on node 8
[    0.000000] numa:   NODE_DATA [mem 0x2017ff689c00-0x2017ff6934ff]
[    0.000000] numa:     NODE_DATA(253) on node 8
[    0.000000] numa:   NODE_DATA [mem 0x2017ff680300-0x2017ff689bff]
[    0.000000] numa:     NODE_DATA(254) on node 8
[    0.000000] numa:   NODE_DATA [mem 0x2017ff676a00-0x2017ff6802ff]
[    0.000000] numa:     NODE_DATA(255) on node 8
[    0.000000] Initializing IODA2 PHB (/pciex@600c3c0000000)
[    0.000000] PCI host bridge /pciex@600c3c0000000 (primary) ranges:
[    0.000000]  MEM 0x000600c000000000..0x000600c07ffeffff -> 0x0000000080000000 
[    0.000000]  MEM 0x0006000000000000..0x0006003fffffffff -> 0x0006000000000000 (M64 #1..31)
[    0.000000]  Using M64 #31 as default window
[    0.000000]   512 (511) PE's M32: 0x80000000 [segment=0x400000]
[    0.000000]                  M64: 0x4000000000 [segment=0x20000000]
[    0.000000]   Allocated bitmap for 4088 MSIs (base IRQ 0xfe000)
[    0.000000] Initializing IODA2 PHB (/pciex@600c3c0100000)
[    0.000000] PCI host bridge /pciex@600c3c0100000  ranges:
[    0.000000]  MEM 0x000600c080000000..0x000600c0fffeffff -> 0x0000000080000000 
[    0.000000]  MEM 0x0006004000000000..0x0006007fffffffff -> 0x0006004000000000 (M64 #1..15)
[    0.000000]  Using M64 #15 as default window
[    0.000000]   256 (255) PE's M32: 0x80000000 [segment=0x800000]
[    0.000000]                  M64: 0x4000000000 [segment=0x40000000]
[    0.000000]   Allocated bitmap for 2040 MSIs (base IRQ 0xfd800)
[    0.000000] Initializing IODA2 PHB (/pciex@600c3c0200000)
[    0.000000] PCI host bridge /pciex@600c3c0200000  ranges:
[    0.000000]  MEM 0x000600c100000000..0x000600c17ffeffff -> 0x0000000080000000 
[    0.000000]  MEM 0x0006008000000000..0x000600bfffffffff -> 0x0006008000000000 (M64 #1..15)
[    0.000000]  Using M64 #15 as default window
[    0.000000]   256 (255) PE's M32: 0x80000000 [segment=0x800000]
[    0.000000]                  M64: 0x4000000000 [segment=0x40000000]
[    0.000000]   Allocated bitmap for 2040 MSIs (base IRQ 0xfd000)
[    0.000000] Initializing IODA2 PHB (/pciex@600c3c0300000)
[    0.000000] PCI host bridge /pciex@600c3c0300000  ranges:
[    0.000000]  MEM 0x000600c180000000..0x000600c1fffeffff -> 0x0000000080000000 
[    0.000000]  MEM 0x0006020000000000..0x0006023fffffffff -> 0x0006020000000000 (M64 #1..31)
[    0.000000]  Using M64 #31 as default window
[    0.000000]   512 (511) PE's M32: 0x80000000 [segment=0x400000]
[    0.000000]                  M64: 0x4000000000 [segment=0x20000000]
[    0.000000]   Allocated bitmap for 4088 MSIs (base IRQ 0xfc000)
[    0.000000] Initializing IODA2 PHB (/pciex@600c3c0400000)
[    0.000000] PCI host bridge /pciex@600c3c0400000  ranges:
[    0.000000]  MEM 0x000600c200000000..0x000600c27ffeffff -> 0x0000000080000000 
[    0.000000]  MEM 0x0006024000000000..0x0006027fffffffff -> 0x0006024000000000 (M64 #1..15)
[    0.000000]  Using M64 #15 as default window
[    0.000000]   256 (255) PE's M32: 0x80000000 [segment=0x800000]
[    0.000000]                  M64: 0x4000000000 [segment=0x40000000]
[    0.000000]   Allocated bitmap for 2040 MSIs (base IRQ 0xfb800)
[    0.000000] Initializing IODA2 PHB (/pciex@600c3c0500000)
[    0.000000] PCI host bridge /pciex@600c3c0500000  ranges:
[    0.000000]  MEM 0x000600c280000000..0x000600c2fffeffff -> 0x0000000080000000 
[    0.000000]  MEM 0x0006028000000000..0x000602bfffffffff -> 0x0006028000000000 (M64 #1..15)
[    0.000000]  Using M64 #15 as default window
[    0.000000]   256 (255) PE's M32: 0x80000000 [segment=0x800000]
[    0.000000]                  M64: 0x4000000000 [segment=0x40000000]
[    0.000000]   Allocated bitmap for 2040 MSIs (base IRQ 0xfb000)
[    0.000000] Initializing IODA2 PHB (/pciex@620c3c0000000)
[    0.000000] PCI host bridge /pciex@620c3c0000000  ranges:
[    0.000000]  MEM 0x000620c000000000..0x000620c07ffeffff -> 0x0000000080000000 
[    0.000000]  MEM 0x0006200000000000..0x0006203fffffffff -> 0x0006200000000000 (M64 #1..31)
[    0.000000]  Using M64 #31 as default window
[    0.000000]   512 (511) PE's M32: 0x80000000 [segment=0x400000]
[    0.000000]                  M64: 0x4000000000 [segment=0x20000000]
[    0.000000]   Allocated bitmap for 4088 MSIs (base IRQ 0x1fe000)
[    0.000000] Initializing IODA2 PHB (/pciex@620c3c0300000)
[    0.000000] PCI host bridge /pciex@620c3c0300000  ranges:
[    0.000000]  MEM 0x000620c180000000..0x000620c1fffeffff -> 0x0000000080000000 
[    0.000000]  MEM 0x0006220000000000..0x0006223fffffffff -> 0x0006220000000000 (M64 #1..31)
[    0.000000]  Using M64 #31 as default window
[    0.000000]   512 (511) PE's M32: 0x80000000 [segment=0x400000]
[    0.000000]                  M64: 0x4000000000 [segment=0x20000000]
[    0.000000]   Allocated bitmap for 4088 MSIs (base IRQ 0x1fd000)
[    0.000000] Initializing IODA2 PHB (/pciex@620c3c0400000)
[    0.000000] PCI host bridge /pciex@620c3c0400000  ranges:
[    0.000000]  MEM 0x000620c200000000..0x000620c27ffeffff -> 0x0000000080000000 
[    0.000000]  MEM 0x0006224000000000..0x0006227fffffffff -> 0x0006224000000000 (M64 #1..15)
[    0.000000]  Using M64 #15 as default window
[    0.000000]   256 (255) PE's M32: 0x80000000 [segment=0x800000]
[    0.000000]                  M64: 0x4000000000 [segment=0x40000000]
[    0.000000]   Allocated bitmap for 2040 MSIs (base IRQ 0x1fc800)
[    0.000000] Initializing IODA2 PHB (/pciex@620c3c0500000)
[    0.000000] PCI host bridge /pciex@620c3c0500000  ranges:
[    0.000000]  MEM 0x000620c280000000..0x000620c2fffeffff -> 0x0000000080000000 
[    0.000000]  MEM 0x0006228000000000..0x000622bfffffffff -> 0x0006228000000000 (M64 #1..15)
[    0.000000]  Using M64 #15 as default window
[    0.000000]   256 (255) PE's M32: 0x80000000 [segment=0x800000]
[    0.000000]                  M64: 0x4000000000 [segment=0x40000000]
[    0.000000]   Allocated bitmap for 2040 MSIs (base IRQ 0x1fc000)
[    0.000000] Initializing NPU PHB (/pciex@6030200000000)
[    0.000000] PCI host bridge /pciex@6030200000000  ranges:
[    0.000000]  MEM 0x0006030201600000..0x000603020171ffff -> 0x0006030201600000 
[    0.000000]   Not support M64 window
[    0.000000]   016 (015) PE's M32: 0x130000 [segment=0x13000]
[    0.000000] Initializing NPU PHB (/pciex@6230200000000)
[    0.000000] PCI host bridge /pciex@6230200000000  ranges:
[    0.000000]  MEM 0x0006230201600000..0x000623020171ffff -> 0x0006230201600000 
[    0.000000]   Not support M64 window
[    0.000000]   016 (015) PE's M32: 0x130000 [segment=0x13000]
[    0.000000] OPAL nvram setup, 589824 bytes
[    0.000000] Zone ranges:
[    0.000000]   DMA      [mem 0x0000000000000000-0x00002017ffffffff]
[    0.000000]   DMA32    empty
[    0.000000]   Normal   empty
[    0.000000] Movable zone start for each node
[    0.000000] Early memory node ranges
[    0.000000]   node   0: [mem 0x0000000000000000-0x0000001fffffffff]
[    0.000000]   node   8: [mem 0x0000200000000000-0x0000200bffffffff]
[    0.000000]   node   8: [mem 0x0000201000000000-0x00002017ffffffff]
[    0.000000] Initmem setup node 0 [mem 0x0000000000000000-0x0000001fffffffff]
[    0.000000] Initmem setup node 8 [mem 0x0000200000000000-0x00002017ffffffff]
[    0.000000] Could not find start_pfn for node 250
[    0.000000] Initmem setup node 250 [mem 0x0000000000000000-0x0000000000000000]
[    0.000000] Could not find start_pfn for node 251
[    0.000000] Initmem setup node 251 [mem 0x0000000000000000-0x0000000000000000]
[    0.000000] Could not find start_pfn for node 252
[    0.000000] Initmem setup node 252 [mem 0x0000000000000000-0x0000000000000000]
[    0.000000] Could not find start_pfn for node 253
[    0.000000] Initmem setup node 253 [mem 0x0000000000000000-0x0000000000000000]
[    0.000000] Could not find start_pfn for node 254
[    0.000000] Initmem setup node 254 [mem 0x0000000000000000-0x0000000000000000]
[    0.000000] Could not find start_pfn for node 255
[    0.000000] Initmem setup node 255 [mem 0x0000000000000000-0x0000000000000000]
[    0.000000] percpu: Embedded 2 pages/cpu @c000001ff84b0000 s67992 r0 d63080 u131072
[    0.000000] Built 8 zonelists in Node order, mobility grouping on.  Total pages: 3404960
[    0.000000] Policy zone: DMA
[    0.000000] Kernel command line: console=tty0 console=hvc0 powersave=off
[    0.000000] log_buf_len individual max cpu contribution: 4096 bytes
[    0.000000] log_buf_len total cpu_extra contributions: 716800 bytes
[    0.000000] log_buf_len min size: 1048576 bytes
[    0.000000] log_buf_len: 2097152 bytes
[    0.000000] early log buf free: 1033784(98%)
[    0.000000] PID hash table entries: 4096 (order: -1, 32768 bytes)
[    0.000000] Memory: 217623296K/218103808K available (6208K kernel code, 1088K rwdata, 1968K rodata, 11456K init, 1693K bss, 480512K reserved, 0K cma-reserved)
[    0.000000] SLUB: HWalign=128, Order=0-3, MinObjects=0, CPUs=176, Nodes=256
[    0.000000] Hierarchical RCU implementation.
[    0.000000] 	RCU debugfs-based tracing is enabled.
[    0.000000] 	RCU restricting CPUs from NR_CPUS=2048 to nr_cpu_ids=176.
[    0.000000] RCU: Adjusting geometry for rcu_fanout_leaf=16, nr_cpu_ids=176
[    0.000000] NR_IRQS:512 nr_irqs:512 16
[    0.000000] xive: VP block alloc, for max VCPUs 176 use order 8
[    0.000000] xive: Interrupt handling intialized with native backend
[    0.000000] xive: Using priority 7 for all interrupts
[    0.000000] xive: Using 64kB queues
[    0.000003] time_init: 56 bit decrementer (max: 7fffffffffffff)
[    0.001217] clocksource: timebase: mask: 0xffffffffffffffff max_cycles: 0x761537d007, max_idle_ns: 440795202126 ns
[    0.002883] clocksource: timebase mult[1f40000] shift[24] registered
[    0.006026] Console: colour dummy device 80x25
[    0.009729] console [tty0] enabled
[    0.010116] console [hvc0] enabled
[    0.010116] console [hvc0] enabled
[    0.013000] bootconsole [udbg0] disabled
[    0.013000] bootconsole [udbg0] disabled
[    0.016361] pid_max: default: 180224 minimum: 1408
[    0.018628] Security Framework initialized
[    0.022015] Dentry cache hash table entries: 33554432 (order: 12, 268435456 bytes)
[    0.114893] Inode-cache hash table entries: 16777216 (order: 11, 134217728 bytes)
[    0.180228] Mount-cache hash table entries: 524288 (order: 6, 4194304 bytes)
[    0.180464] Mountpoint-cache hash table entries: 524288 (order: 6, 4194304 bytes)
[    0.185824] EEH: PowerNV platform initialized
[    0.185960] POWER9 performance monitor hardware support registered
[    0.187316] smp: Bringing up secondary CPUs ...
[    0.661458] smp: Brought up 8 nodes, 176 CPUs
[    0.661648] numa: Node 0 CPUs: 0-87
[    0.661740] numa: Node 8 CPUs: 88-175
[    0.661837] numa: Node 250 CPUs:
[    0.661904] numa: Node 251 CPUs:
[    0.661967] numa: Node 252 CPUs:
[    0.662034] numa: Node 253 CPUs:
[    0.662107] numa: Node 254 CPUs:
[    0.662159] numa: Node 255 CPUs:
[    0.679628] devtmpfs: initialized
[    0.695476] evm: security.capability
[    0.696720] clocksource: jiffies: mask: 0xffffffff max_cycles: 0xffffffff, max_idle_ns: 19112604462750000 ns
[    0.699066] futex hash table entries: 65536 (order: 7, 8388608 bytes)
[    0.706132] NET: Registered protocol family 16
[    0.707965] cpuidle: using governor menu
[   35.245372628,3] LPC: Got LPC reset on chip 0x0 !
[   35.245375971,3] LPC[000]: Unknown LPC error Error address reg: 0x00000000
[   35.245385449,6] IPMI: dropping non severe PEL event
[   35.246547312,7] UART: IRQ functional !
[    0.770073] PCI: Probing PCI hardware
[    0.770184] PCI host bridge to bus 0000:00
[    0.770275] pci_bus 0000:00: root bus resource [mem 0x600c000000000-0x600c07ffeffff] (bus address [0x80000000-0xfffeffff])
[    0.770426] pci_bus 0000:00: root bus resource [mem 0x6000000000000-0x6003fbfffffff 64bit pref]
[    0.770560] pci_bus 0000:00: root bus resource [bus 00-ff]
[    0.770724] pci 0000:00:00.0: Disabling memory decoding and releasing memory resources.
[    0.770849] pci 0000:00:00.0: disabling bridge mem windows
[    0.771069] pci 0000:00:00.0: bridge configuration invalid ([bus 00-00]), reconfiguring
[    0.771227] pci 0000:00:00.0: PCI bridge to [bus 01-ff]
[    0.771365] PCI host bridge to bus 0001:00
[    0.771431] pci_bus 0001:00: root bus resource [mem 0x600c080000000-0x600c0fffeffff] (bus address [0x80000000-0xfffeffff])
[    0.771595] pci_bus 0001:00: root bus resource [mem 0x6004000000000-0x6007f7fffffff 64bit pref]
[    0.771730] pci_bus 0001:00: root bus resource [bus 00-ff]
[    0.771888] pci 0001:00:00.0: Disabling memory decoding and releasing memory resources.
[    0.772010] pci 0001:00:00.0: disabling bridge mem windows
[    0.772383] pci 0001:01:00.0: Disabling memory decoding and releasing memory resources.
[    0.772486] pci 0001:01:00.0: BAR2 [mem size 0x00002000 64bit]: requesting alignment to 0x10000
[    0.772777] pci 0001:00:00.0: PCI bridge to [bus 01]
[    0.772974] PCI host bridge to bus 0002:00
[    0.773028] pci_bus 0002:00: root bus resource [mem 0x600c100000000-0x600c17ffeffff] (bus address [0x80000000-0xfffeffff])
[    0.773194] pci_bus 0002:00: root bus resource [mem 0x6008000000000-0x600bf7fffffff 64bit pref]
[    0.773331] pci_bus 0002:00: root bus resource [bus 00-ff]
[    0.773492] pci 0002:00:00.0: Disabling memory decoding and releasing memory resources.
[    0.773605] pci 0002:00:00.0: disabling bridge mem windows
[    0.773985] pci 0002:01:00.0: Disabling memory decoding and releasing memory resources.
[    0.774083] pci 0002:01:00.0: disabling bridge mem windows
[    0.774338] pci 0002:00:00.0: PCI bridge to [bus 01-02]
[    0.774661] pci 0002:02:00.0: Disabling memory decoding and releasing memory resources.
[    0.774885] pci 0002:01:00.0: PCI bridge to [bus 02]
[    0.775038] PCI host bridge to bus 0003:00
[    0.775084] pci_bus 0003:00: root bus resource [mem 0x600c180000000-0x600c1fffeffff] (bus address [0x80000000-0xfffeffff])
[    0.775227] pci_bus 0003:00: root bus resource [mem 0x6020000000000-0x6023fbfffffff 64bit pref]
[    0.775369] pci_bus 0003:00: root bus resource [bus 00-ff]
[    0.775538] pci 0003:00:00.0: Disabling memory decoding and releasing memory resources.
[    0.775636] pci 0003:00:00.0: disabling bridge mem windows
[    0.775841] pci 0003:00:00.0: bridge configuration invalid ([bus 00-00]), reconfiguring
[    0.775989] pci 0003:00:00.0: PCI bridge to [bus 01-ff]
[    0.776110] PCI host bridge to bus 0004:00
[    0.776180] pci_bus 0004:00: root bus resource [mem 0x600c200000000-0x600c27ffeffff] (bus address [0x80000000-0xfffeffff])
[    0.776299] pci_bus 0004:00: root bus resource [mem 0x6024000000000-0x6027f7fffffff 64bit pref]
[    0.776432] pci_bus 0004:00: root bus resource [bus 00-ff]
[    0.776605] pci 0004:00:00.0: Disabling memory decoding and releasing memory resources.
[    0.776701] pci 0004:00:00.0: disabling bridge mem windows
[    0.777075] pci 0004:01:00.0: Disabling memory decoding and releasing memory resources.
[    0.777164] pci 0004:01:00.0: disabling bridge mem windows
[    0.777563] pci 0004:01:00.1: Disabling memory decoding and releasing memory resources.
[    0.777650] pci 0004:01:00.1: BAR0 [mem size 0x00002000]: requesting alignment to 0x10000
[    0.778030] pci 0004:01:00.2: Disabling memory decoding and releasing memory resources.
[    0.778114] random: fast init done
[    0.778119] pci 0004:01:00.2: BAR0 [mem size 0x00002000]: requesting alignment to 0x10000
[    0.778392] pci 0004:01:00.3: Disabling memory decoding and releasing memory resources.
[    0.778517] pci 0004:01:00.3: BAR0 [mem size 0x00002000]: requesting alignment to 0x10000
[    0.778887] pci 0004:01:00.4: Disabling memory decoding and releasing memory resources.
[    0.778977] pci 0004:01:00.4: BAR0 [mem size 0x00002000]: requesting alignment to 0x10000
[    0.779231] pci 0004:00:00.0: PCI bridge to [bus 01-06]
[    0.779650] pci 0004:02:02.0: Disabling memory decoding and releasing memory resources.
[    0.779738] pci 0004:02:02.0: disabling bridge mem windows
[    0.780093] pci 0004:02:0a.0: Disabling memory decoding and releasing memory resources.
[    0.780202] pci 0004:02:0a.0: disabling bridge mem windows
[    0.780557] pci 0004:02:0b.0: Disabling memory decoding and releasing memory resources.
[    0.780640] pci 0004:02:0b.0: disabling bridge mem windows
[    0.781002] pci 0004:02:0c.0: Disabling memory decoding and releasing memory resources.
[    0.781089] pci 0004:02:0c.0: disabling bridge mem windows
[    0.781333] pci 0004:01:00.0: PCI bridge to [bus 02-06]
[    0.782901] pci 0004:03:00.0: Disabling memory decoding and releasing memory resources.
[    0.782985] pci 0004:03:00.0: BAR5 [mem size 0x00000800]: requesting alignment to 0x10000
[    0.783246] pci 0004:02:02.0: PCI bridge to [bus 03]
[    0.783414] pci 0004:02:0a.0: PCI bridge to [bus 04]
[    0.783561] pci 0004:02:0b.0: PCI bridge to [bus 05]
[    0.783719] pci 0004:02:0c.0: PCI bridge to [bus 06]
[    0.783884] PCI host bridge to bus 0005:00
[    0.783936] pci_bus 0005:00: root bus resource [mem 0x600c280000000-0x600c2fffeffff] (bus address [0x80000000-0xfffeffff])
[    0.784083] pci_bus 0005:00: root bus resource [mem 0x6028000000000-0x602bf7fffffff 64bit pref]
[    0.784235] pci_bus 0005:00: root bus resource [bus 00-ff]
[    0.784376] pci 0005:00:00.0: Disabling memory decoding and releasing memory resources.
[    0.784468] pci 0005:00:00.0: disabling bridge mem windows
[    0.784850] pci 0005:01:00.0: Disabling memory decoding and releasing memory resources.
[    0.785271] pci 0005:01:00.1: Disabling memory decoding and releasing memory resources.
[    0.785544] pci 0005:00:00.0: PCI bridge to [bus 01]
[    0.785749] PCI host bridge to bus 0030:00
[    0.785802] pci_bus 0030:00: root bus resource [mem 0x620c000000000-0x620c07ffeffff] (bus address [0x80000000-0xfffeffff])
[    0.785947] pci_bus 0030:00: root bus resource [mem 0x6200000000000-0x6203fbfffffff 64bit pref]
[    0.786053] pci_bus 0030:00: root bus resource [bus 00-ff]
[    0.786221] pci 0030:00:00.0: Disabling memory decoding and releasing memory resources.
[    0.786353] pci 0030:00:00.0: disabling bridge mem windows
[    0.786565] pci 0030:00:00.0: bridge configuration invalid ([bus 00-00]), reconfiguring
[    0.786725] pci 0030:00:00.0: PCI bridge to [bus 01-ff]
[    0.786861] PCI host bridge to bus 0033:00
[    0.786912] pci_bus 0033:00: root bus resource [mem 0x620c180000000-0x620c1fffeffff] (bus address [0x80000000-0xfffeffff])
[    0.787039] pci_bus 0033:00: root bus resource [mem 0x6220000000000-0x6223fbfffffff 64bit pref]
[    0.787180] pci_bus 0033:00: root bus resource [bus 00-ff]
[    0.787364] pci 0033:00:00.0: Disabling memory decoding and releasing memory resources.
[    0.787457] pci 0033:00:00.0: disabling bridge mem windows
[    0.787682] pci 0033:00:00.0: bridge configuration invalid ([bus 00-00]), reconfiguring
[    0.787841] pci 0033:00:00.0: PCI bridge to [bus 01-ff]
[    0.787974] PCI host bridge to bus 0034:00
[    0.788030] pci_bus 0034:00: root bus resource [mem 0x620c200000000-0x620c27ffeffff] (bus address [0x80000000-0xfffeffff])
[    0.788179] pci_bus 0034:00: root bus resource [mem 0x6224000000000-0x6227f7fffffff 64bit pref]
[    0.788295] pci_bus 0034:00: root bus resource [bus 00-ff]
[    0.788467] pci 0034:00:00.0: Disabling memory decoding and releasing memory resources.
[    0.788556] pci 0034:00:00.0: disabling bridge mem windows
[    0.788789] pci 0034:00:00.0: bridge configuration invalid ([bus 00-00]), reconfiguring
[    0.788955] pci 0034:00:00.0: PCI bridge to [bus 01-ff]
[    0.789091] PCI host bridge to bus 0035:00
[    0.789146] pci_bus 0035:00: root bus resource [mem 0x620c280000000-0x620c2fffeffff] (bus address [0x80000000-0xfffeffff])
[    0.789289] pci_bus 0035:00: root bus resource [mem 0x6228000000000-0x622bf7fffffff 64bit pref]
[    0.789394] pci_bus 0035:00: root bus resource [bus 00-ff]
[    0.789572] pci 0035:00:00.0: Disabling memory decoding and releasing memory resources.
[    0.789698] pci 0035:00:00.0: disabling bridge mem windows
[    0.790120] pci 0035:01:00.0: Disabling memory decoding and releasing memory resources.
[    0.790210] pci 0035:01:00.0: disabling bridge mem windows
[    0.790557] pci 0035:00:00.0: PCI bridge to [bus 01-08]
[    0.790899] pci 0035:02:08.0: Disabling memory decoding and releasing memory resources.
[    0.790988] pci 0035:02:08.0: disabling bridge mem windows
[    0.791415] pci 0035:02:0d.0: Disabling memory decoding and releasing memory resources.
[    0.791504] pci 0035:02:0d.0: disabling bridge mem windows
[    0.791786] pci 0035:01:00.0: PCI bridge to [bus 02-08]
[    0.792692] pci 0035:02:08.0: PCI bridge to [bus 03-07]
[    0.792858] pci 0035:02:0d.0: PCI bridge to [bus 08]
[    0.793041] PCI host bridge to bus 0006:00
[    0.793102] pci_bus 0006:00: root bus resource [mem 0x6030201600000-0x603020171ffff]
[    0.793214] pci_bus 0006:00: root bus resource [bus 00-ff]
[    0.793373] pci 0006:00:00.0: Disabling memory decoding and releasing memory resources.
[    0.793663] pci 0006:00:00.1: Disabling memory decoding and releasing memory resources.
[    0.793950] pci 0006:00:01.0: Disabling memory decoding and releasing memory resources.
[    0.794227] pci 0006:00:01.1: Disabling memory decoding and releasing memory resources.
[    0.794507] pci 0006:00:02.0: Disabling memory decoding and releasing memory resources.
[    0.794795] pci 0006:00:02.1: Disabling memory decoding and releasing memory resources.
[    0.795181] PCI host bridge to bus 0007:00
[    0.795240] pci_bus 0007:00: root bus resource [mem 0x6230201600000-0x623020171ffff]
[    0.795356] pci_bus 0007:00: root bus resource [bus 00-ff]
[    0.795511] pci 0007:00:00.0: Disabling memory decoding and releasing memory resources.
[    0.795802] pci 0007:00:00.1: Disabling memory decoding and releasing memory resources.
[    0.796088] pci 0007:00:01.0: Disabling memory decoding and releasing memory resources.
[    0.796375] pci 0007:00:01.1: Disabling memory decoding and releasing memory resources.
[    0.796659] pci 0007:00:02.0: Disabling memory decoding and releasing memory resources.
[    0.796955] pci 0007:00:02.1: Disabling memory decoding and releasing memory resources.
[    0.797294] pci 0000:00     : [PE# 1fe] Secondary bus 0 associated with PE#1fe
[    0.797712] pci 0000:00:00.0: PCI bridge to [bus 01]
[    0.797817] pci 0001:00:00.0: BAR 8: assigned [mem 0x600c080000000-0x600c0807fffff]
[    0.797938] pci 0001:01:00.0: BAR 0: assigned [mem 0x600c080000000-0x600c08000ffff 64bit]
[    0.798078] pci 0001:01:00.0: BAR 2: assigned [mem 0x600c080010000-0x600c080011fff 64bit]
[    0.798216] pci 0001:00     : [PE# fe] Secondary bus 0 associated with PE#fe
[    0.798620] pci 0001:01     : [PE# fd] Secondary bus 1 associated with PE#fd
[    0.799025] pci 0001:01     : [PE# fd] Setting up 32-bit TCE table at 0..80000000
[    0.805457] IOMMU table initialized, virtual merging enabled
[    0.805525] pci 0001:01     : [PE# fd] Setting up window#0 0..7fffffff pg=1000
[    0.805625] pci 0001:01     : [PE# fd] Enabling 64-bit DMA bypass
[    0.805739] pci 0001:00:00.0: PCI bridge to [bus 01]
[    0.805821] pci 0001:00:00.0:   bridge window [mem 0x600c080000000-0x600c0ffefffff]
[    0.805992] pci 0002:00:00.0: BAR 8: assigned [mem 0x600c100000000-0x600c1017fffff]
[    0.806078] pci 0002:01:00.0: BAR 8: assigned [mem 0x600c100000000-0x600c1017fffff]
[    0.806209] pci 0002:01:00.0: BAR 7: no space for [io  size 0x1000]
[    0.806299] pci 0002:01:00.0: BAR 7: failed to assign [io  size 0x1000]
[    0.806399] pci 0002:02:00.0: BAR 0: assigned [mem 0x600c100000000-0x600c100ffffff]
[    0.806524] pci 0002:02:00.0: BAR 1: assigned [mem 0x600c101000000-0x600c10101ffff]
[    0.806618] pci 0002:02:00.0: BAR 2: no space for [io  size 0x0080]
[    0.806703] pci 0002:02:00.0: BAR 2: failed to assign [io  size 0x0080]
[    0.806787] pci 0002:00     : [PE# fe] Secondary bus 0 associated with PE#fe
[    0.807183] pci 0002:02     : [PE# fd] Secondary bus 2..2 associated with PE#fd
[    0.807574] pci 0002:02     : [PE# fd] Setting up 32-bit TCE table at 0..80000000
[    0.813964] pci 0002:02     : [PE# fd] Setting up window#0 0..7fffffff pg=1000
[    0.814052] pci 0002:02     : [PE# fd] Enabling 64-bit DMA bypass
[    0.814141] pci 0002:01:00.0: PCI bridge to [bus 02]
[    0.814212] pci 0002:01:00.0:   bridge window [mem 0x600c100000000-0x600c17fefffff]
[    0.814325] pci 0002:01     : [PE# fc] Secondary bus 1 associated with PE#fc
[    0.814725] pci 0002:00:00.0: PCI bridge to [bus 01-02]
[    0.814785] pci 0002:00:00.0:   bridge window [mem 0x600c100000000-0x600c17fefffff]
[    0.814903] pci_bus 0002:00: Some PCI device resources are unassigned, try booting with pci=realloc
[    0.815077] pci 0003:00     : [PE# 1fe] Secondary bus 0 associated with PE#1fe
[    0.815485] pci 0003:00:00.0: PCI bridge to [bus 01]
[    0.815650] pci 0004:00:00.0: BAR 9: assigned [mem 0x6024000000000-0x602407fffffff 64bit pref]
[    0.815751] pci 0004:00:00.0: BAR 8: assigned [mem 0x600c200000000-0x600c200ffffff]
[    0.815864] pci 0004:01:00.0: BAR 9: assigned [mem 0x6024000000000-0x602407fffffff 64bit pref]
[    0.815996] pci 0004:01:00.0: BAR 8: assigned [mem 0x600c200000000-0x600c2007fffff]
[    0.816103] pci 0004:01:00.0: BAR 0: assigned [mem 0x600c200800000-0x600c20083ffff]
[    0.816234] pci 0004:01:00.1: BAR 0: assigned [mem 0x600c200840000-0x600c200841fff]
[    0.816364] pci 0004:01:00.2: BAR 0: assigned [mem 0x600c200850000-0x600c200851fff]
[    0.816458] pci 0004:01:00.3: BAR 0: assigned [mem 0x600c200860000-0x600c200861fff]
[    0.816591] pci 0004:01:00.4: BAR 0: assigned [mem 0x600c200870000-0x600c200871fff]
[    0.816718] pci 0004:01:00.0: BAR 7: no space for [io  size 0x1000]
[    0.816804] pci 0004:01:00.0: BAR 7: failed to assign [io  size 0x1000]
[    0.816896] pci 0004:01:00.0: BAR 7: no space for [io  size 0x1000]
[    0.816979] pci 0004:01:00.0: BAR 7: failed to assign [io  size 0x1000]
[    0.817072] pci 0004:02:02.0: BAR 9: assigned [mem 0x6024000000000-0x602403fffffff 64bit pref]
[    0.817206] pci 0004:02:02.0: BAR 8: assigned [mem 0x600c200000000-0x600c2007fffff]
[    0.817294] pci 0004:02:02.0: BAR 7: no space for [io  size 0x1000]
[    0.817372] pci 0004:02:02.0: BAR 7: failed to assign [io  size 0x1000]
[    0.817486] pci 0004:02:02.0: BAR 7: no space for [io  size 0x1000]
[    0.817577] pci 0004:02:02.0: BAR 7: failed to assign [io  size 0x1000]
[    0.817676] pci 0004:03:00.0: BAR 5: assigned [mem 0x600c200000000-0x600c2000007ff]
[    0.817769] pci 0004:03:00.0: BAR 6: assigned [mem 0x600c200010000-0x600c20001ffff pref]
[    0.817892] pci 0004:03:00.0: BAR 4: no space for [io  size 0x0020]
[    0.817996] pci 0004:03:00.0: BAR 4: failed to assign [io  size 0x0020]
[    0.818068] pci 0004:03:00.0: BAR 0: no space for [io  size 0x0008]
[    0.818173] pci 0004:03:00.0: BAR 0: failed to assign [io  size 0x0008]
[    0.818257] pci 0004:03:00.0: BAR 2: no space for [io  size 0x0008]
[    0.818347] pci 0004:03:00.0: BAR 2: failed to assign [io  size 0x0008]
[    0.818436] pci 0004:03:00.0: BAR 1: no space for [io  size 0x0004]
[    0.818526] pci 0004:03:00.0: BAR 1: failed to assign [io  size 0x0004]
[    0.818610] pci 0004:03:00.0: BAR 3: no space for [io  size 0x0004]
[    0.818692] pci 0004:03:00.0: BAR 3: failed to assign [io  size 0x0004]
[    0.818781] pci 0004:00     : [PE# fe] Secondary bus 0 associated with PE#fe
[    0.819194] pci 0004:03     : [PE# fd] Secondary bus 3 associated with PE#fd
[    0.819565] pci 0004:03     : [PE# fd] Setting up 32-bit TCE table at 0..80000000
[    0.825822] pci 0004:03     : [PE# fd] Setting up window#0 0..7fffffff pg=1000
[    0.825911] pci 0004:03     : [PE# fd] Enabling 64-bit DMA bypass
[    0.826006] pci 0004:02:02.0: PCI bridge to [bus 03]
[    0.826084] pci 0004:02:02.0:   bridge window [mem 0x600c200000000-0x600c2007fffff]
[    0.826216] pci 0004:02:02.0:   bridge window [mem 0x6024000000000-0x602403fffffff 64bit pref]
[    0.826354] pci 0004:02:0a.0: PCI bridge to [bus 04]
[    0.826440] pci 0004:02:0b.0: PCI bridge to [bus 05]
[    0.826528] pci 0004:02:0c.0: PCI bridge to [bus 06]
[    0.826615] pci 0004:02     : [PE# fc] Secondary bus 2 associated with PE#fc
[    0.827017] pci 0004:01:00.0: PCI bridge to [bus 02-06]
[    0.827069] pci 0004:01:00.0:   bridge window [mem 0x600c200000000-0x600c27fefffff]
[    0.827171] pci 0004:01:00.0:   bridge window [mem 0x6024000000000-0x6027f7ff0ffff 64bit pref]
[    0.827316] pci 0004:01     : [PE# fb] Secondary bus 1 associated with PE#fb
[    0.827723] pci 0004:01     : [PE# fb] Setting up 32-bit TCE table at 0..80000000
[    0.833997] pci 0004:01     : [PE# fb] Setting up window#0 0..7fffffff pg=1000
[    0.834083] pci 0004:01     : [PE# fb] Enabling 64-bit DMA bypass
[    0.834176] pci 0004:00:00.0: PCI bridge to [bus 01-06]
[    0.834238] pci 0004:00:00.0:   bridge window [mem 0x600c200000000-0x600c27fefffff]
[    0.834347] pci 0004:00:00.0:   bridge window [mem 0x6024000000000-0x6027f7ff0ffff 64bit pref]
[    0.834495] pci_bus 0004:00: Some PCI device resources are unassigned, try booting with pci=realloc
[    0.834689] pci 0005:00:00.0: BAR 9: assigned [mem 0x6028000000000-0x602803fffffff 64bit pref]
[    0.834807] pci 0005:01:00.0: BAR 0: assigned [mem 0x6028000000000-0x602800000ffff 64bit pref]
[    0.834963] pci 0005:01:00.0: BAR 2: assigned [mem 0x6028000010000-0x602800001ffff 64bit pref]
[    0.835089] pci 0005:01:00.0: BAR 4: assigned [mem 0x6028000020000-0x602800002ffff 64bit pref]
[    0.835239] pci 0005:01:00.1: BAR 0: assigned [mem 0x6028000030000-0x602800003ffff 64bit pref]
[    0.835382] pci 0005:01:00.1: BAR 2: assigned [mem 0x6028000040000-0x602800004ffff 64bit pref]
[    0.835502] pci 0005:01:00.1: BAR 4: assigned [mem 0x6028000050000-0x602800005ffff 64bit pref]
[    0.835637] pci 0005:00     : [PE# fe] Secondary bus 0 associated with PE#fe
[    0.836049] pci 0005:01     : [PE# 00] Secondary bus 1 associated with PE#0
[    0.836415] pci 0005:01     : [PE# 00] Setting up 32-bit TCE table at 0..80000000
[    0.842683] pci 0005:01     : [PE# 00] Setting up window#0 0..7fffffff pg=1000
[    0.842767] pci 0005:01     : [PE# 00] Enabling 64-bit DMA bypass
[    0.842876] pci 0005:00:00.0: PCI bridge to [bus 01]
[    0.842939] pci 0005:00:00.0:   bridge window [mem 0x6028000000000-0x602bf7fffffff 64bit pref]
[    0.843099] pci 0030:00     : [PE# 1fe] Secondary bus 0 associated with PE#1fe
[    0.843517] pci 0030:00:00.0: PCI bridge to [bus 01]
[    0.843621] pci 0033:00     : [PE# 1fe] Secondary bus 0 associated with PE#1fe
[    0.844041] pci 0033:00:00.0: PCI bridge to [bus 01]
[    0.844137] pci 0034:00     : [PE# fe] Secondary bus 0 associated with PE#fe
[    0.844532] pci 0034:00:00.0: PCI bridge to [bus 01]
[    0.844676] pci 0035:00:00.0: BAR 8: assigned [mem 0x620c280000000-0x620c2807fffff]
[    0.844772] pci 0035:01:00.0: BAR 0: assigned [mem 0x620c280000000-0x620c28003ffff]
[    0.844912] pci 0035:00     : [PE# fe] Secondary bus 0 associated with PE#fe
[    0.845305] pci 0035:02:08.0: PCI bridge to [bus 03-07]
[    0.845381] pci 0035:02:0d.0: PCI bridge to [bus 08]
[    0.845482] pci 0035:02     : [PE# fd] Secondary bus 2 associated with PE#fd
[    0.845892] pci 0035:01:00.0: PCI bridge to [bus 02-08]
[    0.845969] pci 0035:01     : [PE# fc] Secondary bus 1 associated with PE#fc
[    0.846364] pci 0035:00:00.0: PCI bridge to [bus 01-08]
[    0.846428] pci 0035:00:00.0:   bridge window [mem 0x620c280000000-0x620c2ffefffff]
[    0.846563] pci 0006:00:00.0: BAR 0: assigned [mem 0x6030201600000-0x603020161ffff 64bit]
[    0.846735] pci 0006:00:00.1: BAR 0: assigned [mem 0x6030201620000-0x603020163ffff 64bit]
[    0.846896] pci 0006:00:01.0: BAR 0: assigned [mem 0x6030201640000-0x603020165ffff 64bit]
[    0.847041] pci 0006:00:01.1: BAR 0: assigned [mem 0x6030201660000-0x603020167ffff 64bit]
[    0.847201] pci 0006:00:02.0: BAR 0: assigned [mem 0x6030201680000-0x603020169ffff 64bit]
[    0.847351] pci 0006:00:02.1: BAR 0: assigned [mem 0x60302016a0000-0x60302016bffff 64bit]
[    0.847506] pci 0006:00:00.0: BAR 2: assigned [mem 0x60302016c0000-0x60302016cffff 64bit]
[    0.847657] pci 0006:00:00.1: BAR 2: assigned [mem 0x60302016d0000-0x60302016dffff 64bit]
[    0.847815] pci 0006:00:01.0: BAR 2: assigned [mem 0x60302016e0000-0x60302016effff 64bit]
[    0.847957] pci 0006:00:01.1: BAR 2: assigned [mem 0x60302016f0000-0x60302016fffff 64bit]
[    0.848126] pci 0006:00:02.0: BAR 2: assigned [mem 0x6030201700000-0x603020170ffff 64bit]
[    0.848267] pci 0006:00:02.1: BAR 2: assigned [mem 0x6030201710000-0x603020171ffff 64bit]
[    0.848444] pci 0007:00:00.0: BAR 0: assigned [mem 0x6230201600000-0x623020161ffff 64bit]
[    0.848589] pci 0007:00:00.1: BAR 0: assigned [mem 0x6230201620000-0x623020163ffff 64bit]
[    0.848749] pci 0007:00:01.0: BAR 0: assigned [mem 0x6230201640000-0x623020165ffff 64bit]
[    0.848883] pci 0007:00:01.1: BAR 0: assigned [mem 0x6230201660000-0x623020167ffff 64bit]
[    0.849044] pci 0007:00:02.0: BAR 0: assigned [mem 0x6230201680000-0x623020169ffff 64bit]
[    0.849181] pci 0007:00:02.1: BAR 0: assigned [mem 0x62302016a0000-0x62302016bffff 64bit]
[    0.849358] pci 0007:00:00.0: BAR 2: assigned [mem 0x62302016c0000-0x62302016cffff 64bit]
[    0.849496] pci 0007:00:00.1: BAR 2: assigned [mem 0x62302016d0000-0x62302016dffff 64bit]
[    0.849648] pci 0007:00:01.0: BAR 2: assigned [mem 0x62302016e0000-0x62302016effff 64bit]
[    0.849800] pci 0007:00:01.1: BAR 2: assigned [mem 0x62302016f0000-0x62302016fffff 64bit]
[    0.849940] pci 0007:00:02.0: BAR 2: assigned [mem 0x6230201700000-0x623020170ffff 64bit]
[    0.850107] pci 0007:00:02.1: BAR 2: assigned [mem 0x6230201710000-0x623020171ffff 64bit]
[    0.850252] pci 0006:00:00.0: [PE# 0d] Associated device to PE
[    0.850344] pci 0006:00:00.1: Associating to existing PE d
[    0.850415] pci 0006:00:01.0: Associating to existing PE d
[    0.850501] pci 0006:00:01.1: Associating to existing PE d
[    0.850581] pci 0006:00:02.0: Associating to existing PE d
[    0.850662] pci 0006:00:02.1: Associating to existing PE d
[    0.850772] NPU6: Found 1 MMIO ATSD registers
[    0.850778] pci 0007:00:00.0: [PE# 0d] Associated device to PE
[    0.850919] pci 0007:00:00.1: Associating to existing PE d
[    0.851013] pci 0007:00:01.0: Associating to existing PE d
[    0.851084] pci 0007:00:01.1: Associating to existing PE d
[    0.851172] pci 0007:00:02.0: Associating to existing PE d
[    0.851255] pci 0007:00:02.1: Associating to existing PE d
[    0.851342] NPU7: Found 1 MMIO ATSD registers
[    0.855133] EEH: PCI Enhanced I/O Error Handling Enabled
[    0.863750] pci 0002:02:00.0: vgaarb: VGA device added: decodes=io+mem,owns=none,locks=none
[    0.863867] pci 0002:02:00.0: vgaarb: bridge control possible
[    0.863947] vgaarb: loaded
[    0.864098] SCSI subsystem initialized
[    0.864263] usbcore: registered new interface driver usbfs
[    0.864350] usbcore: registered new interface driver hub
[    0.864933] usbcore: registered new device driver usb
[    0.865037] pps_core: LinuxPPS API ver. 1 registered
[    0.865108] pps_core: Software ver. 5.3.6 - Copyright 2005-2007 Rodolfo Giometti <giometti@linux.it>
[    0.865256] PTP clock support registered
[    0.865987] clocksource: Switched to clocksource timebase
[    0.869006] NET: Registered protocol family 2
[    0.869323] TCP established hash table entries: 524288 (order: 6, 4194304 bytes)
[    0.871818] TCP bind hash table entries: 65536 (order: 4, 1048576 bytes)
[    0.872252] TCP: Hash tables configured (established 524288 bind 65536)
[    0.872550] UDP hash table entries: 65536 (order: 5, 2097152 bytes)
[    0.873398] UDP-Lite hash table entries: 65536 (order: 5, 2097152 bytes)
[    0.874695] NET: Registered protocol family 1
[    0.874791] pci 0001:00:00.0: enabling device (0105 -> 0107)
[    0.874882] pci 0001:01:00.0: enabling device (0140 -> 0142)
[    3.205295] Initialise system trusted keyrings
[    3.205420] workingset: timestamp_bits=54 max_order=22 bucket_order=0
[    3.210452] Key type asymmetric registered
[    3.210493] Asymmetric key parser 'x509' registered
[    3.210561] Block layer SCSI generic (bsg) driver version 0.4 loaded (major 250)
[    3.210632] io scheduler noop registered
[    3.211045] io scheduler cfq registered (default)
[    3.211089] io scheduler mq-deadline registered
[    3.211131] io scheduler kyber registered
[    3.213562] ipmi message handler version 39.2
[    3.213610] ipmi device interface
[    3.213690] ipmi-powernv ibm,opal:ipmi: Unable to map irq from device tree
[   38.478429323,3] BT: seq 0x0a netfn 0x04 cmd 0x30: Retry sending message
[   42.007388787,3] BT: seq 0x0b netfn 0x04 cmd 0x30: Retry sending message
[   45.498909326,3] BT: seq 0x0c netfn 0x06 cmd 0x08: Retry sending message
[   12.337596] ipmi-powernv ibm,opal:ipmi: Found new BMC (man_id: 0x000000, prod_id: 0x0000, dev_id: 0x00)
[   12.351049] hvc0: raw protocol on /ibm,opal/consoles/serial@0 (boot console)
[   12.351119] hvc0: No interrupts property, using OPAL event
[   12.351467] Serial: 8250/16550 driver, 4 ports, IRQ sharing disabled
[   12.351954] [drm] radeon kernel modesetting enabled.
[   12.361790] brd: module loaded
[   12.381455] loop: module loaded
[   12.381606] pci 0004:00:00.0: enabling device (0105 -> 0107)
[   12.381662] pci 0004:01:00.0: enabling device (0545 -> 0547)
[   12.381718] pci 0004:02:02.0: enabling device (0545 -> 0547)
[   12.381771] ahci 0004:03:00.0: enabling device (0141 -> 0143)
[   12.381950] ahci 0004:03:00.0: Using 64-bit DMA iommu bypass
[   12.392087] ahci 0004:03:00.0: AHCI 0001.0000 32 slots 4 ports 6 Gbps 0xf impl SATA mode
[   12.392153] ahci 0004:03:00.0: flags: 64bit ncq sntf led only pmp fbs pio slum part sxs 
[   12.392760] scsi host0: ahci
[   12.392953] scsi host1: ahci
[   12.393147] scsi host2: ahci
[   12.393336] scsi host3: ahci
[   12.393448] ata1: SATA max UDMA/133 abar m2048@0x600c200000000 port 0x600c200000100 irq 88
[   12.393515] ata2: SATA max UDMA/133 abar m2048@0x600c200000000 port 0x600c200000180 irq 88
[   12.393580] ata3: SATA max UDMA/133 abar m2048@0x600c200000000 port 0x600c200000200 irq 88
[   12.393645] ata4: SATA max UDMA/133 abar m2048@0x600c200000000 port 0x600c200000280 irq 88
[   12.393838] libphy: Fixed MDIO Bus: probed
[   12.393896] tg3.c:v3.137 (May 11, 2014)
[   12.393939] pci 0005:00:00.0: enabling device (0105 -> 0107)
[   12.393992] tg3 0005:01:00.0: enabling device (0140 -> 0142)
[   12.421184] tg3 0005:01:00.0: Using 64-bit DMA iommu bypass
[   12.421658] tg3 0005:01:00.0 eth0: Tigon3 [partno(BCM95719) rev 5719001] (PCI Express) MAC address 70:e2:84:14:23:e2
[   12.421739] tg3 0005:01:00.0 eth0: attached PHY is 5719C (10/100/1000Base-T Ethernet) (WireSpeed[1], EEE[1])
[   12.421817] tg3 0005:01:00.0 eth0: RXcsums[1] LinkChgREG[0] MIirq[0] ASF[1] TSOcap[1]
[   12.421882] tg3 0005:01:00.0 eth0: dma_rwctrl[00000000] dma_mask[64-bit]
[   12.422007] tg3 0005:01:00.1: enabling device (0140 -> 0142)
[   12.452672] tg3 0005:01:00.1: Using 64-bit DMA iommu bypass
[   12.453046] tg3 0005:01:00.1 eth1: Tigon3 [partno(BCM95719) rev 5719001] (PCI Express) MAC address 70:e2:84:14:23:e3
[   12.453184] tg3 0005:01:00.1 eth1: attached PHY is 5719C (10/100/1000Base-T Ethernet) (WireSpeed[1], EEE[1])
[   12.453329] tg3 0005:01:00.1 eth1: RXcsums[1] LinkChgREG[0] MIirq[0] ASF[1] TSOcap[1]
[   12.453445] tg3 0005:01:00.1 eth1: dma_rwctrl[00000000] dma_mask[64-bit]
[   12.453715] ehci_hcd: USB 2.0 'Enhanced' Host Controller (EHCI) Driver
[   12.453797] ehci-pci: EHCI PCI platform driver
[   12.453872] ohci_hcd: USB 1.1 'Open' Host Controller (OHCI) Driver
[   12.453959] ohci-pci: OHCI PCI platform driver
[   12.454102] xhci_hcd 0001:01:00.0: xHCI Host Controller
[   12.454219] xhci_hcd 0001:01:00.0: new USB bus registered, assigned bus number 1
[   12.454406] xhci_hcd 0001:01:00.0: Using 64-bit DMA iommu bypass
[   12.454543] xhci_hcd 0001:01:00.0: hcc params 0x0270f06d hci version 0x96 quirks 0x04000000
[   12.455365] hub 1-0:1.0: USB hub found
[   12.455434] hub 1-0:1.0: 4 ports detected
[   12.455639] xhci_hcd 0001:01:00.0: xHCI Host Controller
[   12.455752] xhci_hcd 0001:01:00.0: new USB bus registered, assigned bus number 2
[   12.455919] usb usb2: We don't know the algorithms for LPM for this host, disabling LPM.
[   12.456215] hub 2-0:1.0: USB hub found
[   12.456278] hub 2-0:1.0: 4 ports detected
[   12.456505] usbcore: registered new interface driver usb-storage
[   12.717104] ata4: SATA link down (SStatus 0 SControl 300)
[   12.717232] ata3: SATA link down (SStatus 0 SControl 300)
[   12.895888] ata1: SATA link up 6.0 Gbps (SStatus 133 SControl 300)
[   12.897055] ata1.00: ATA-10: ST1000NX0313         00LY266 00LY265IBM, BE35, max UDMA/133
[   12.897210] ata1.00: 1953525168 sectors, multi 0: LBA48 NCQ (depth 31/32), AA
[   12.897905] ata1.00: configured for UDMA/133
[   12.898500] scsi 0:0:0:0: Direct-Access     ATA      ST1000NX0313     BE35 PQ: 0 ANSI: 5
[   50.115567788,3] BT: seq 0x0d netfn 0x0a cmd 0x48: Retry sending message
[   16.335931] rtc-opal opal-rtc: rtc core: registered rtc-opal as rtc0
[   16.335998] i2c /dev entries driver
[   16.336328] at24 0-0050: 16384 byte 24c128 EEPROM, writable, 1 bytes/write
[   16.336646] at24 1-0054: 16384 byte 24c128 EEPROM, writable, 1 bytes/write
[   16.336962] at24 2-0050: 16384 byte 24c128 EEPROM, writable, 1 bytes/write
[   16.337283] at24 3-0054: 16384 byte 24c128 EEPROM, writable, 1 bytes/write
[   16.337595] at24 4-0050: 16384 byte 24c128 EEPROM, writable, 1 bytes/write
[   51.075428190,3] I2C: Request timeout !
[   51.075901328,3] I2C: Chip 00000000 Eng. 3 Port 0--
 xscom_base=0x00000000000a3000	state=4	bytes_sent=0
[   51.077374359,3] I2C: Request info--
 addr=0x0052	offset_bytes=2	offset=0	len=1
[   51.078137986,3] I2C:  start_time=000000061847831a end_time=0000000618e46fb7 (duration=00000000009cec9d)
[   51.078910462,3] I2C: Register dump--
    cmd:0x1000000001000000	mode:0x004d000801000000	stat:0x01018c0001080000
  estat:0x0800dd1801000000	intm:0x0000ff8001000000	intc:0x0000012a01000000
[   16.525892] ata2: SATA link up 6.0 Gbps (SStatus 133 SControl 300)
[   16.526534] ata2.00: ATA-10: ST1000NX0313         00LY266 00LY265IBM, BE35, max UDMA/133
[   16.526617] ata2.00: 1953525168 sectors, multi 0: LBA48 NCQ (depth 31/32), AA
[   16.527298] ata2.00: configured for UDMA/133
[   16.527751] scsi 1:0:0:0: Direct-Access     ATA      ST1000NX0313     BE35 PQ: 0 ANSI: 5
[   51.169814032,3] I2C: Request timeout !
[   51.169964666,3] I2C: Chip 00000000 Eng. 3 Port 0--
 xscom_base=0x00000000000a3000	state=4	bytes_sent=0
[   51.172854452,3] I2C: Request info--
 addr=0x0053	offset_bytes=2	offset=0	len=1
[   51.174306616,3] I2C:  start_time=000000061de7bcff end_time=000000061e84a711 (duration=00000000009cea12)
[   51.175777244,3] I2C: Register dump--
    cmd:0x1000000001000000	mode:0x004d000801000000	stat:0x01018c0001080000
  estat:0x0800dd1801000000	intm:0x0000ff8001000000	intc:0x0000012a01000000
[   51.282669347,3] I2C: Request timeout !
[   51.283033111,3] I2C: Chip 00000000 Eng. 3 Port 0--
 xscom_base=0x00000000000a3000	state=4	bytes_sent=0
[   51.285209431,3] I2C: Request info--
 addr=0x0054	offset_bytes=2	offset=0	len=1
[   51.286659063,3] I2C:  start_time=0000000624a1c6c6 end_time=00000006253eb050 (duration=00000000009ce98a)
[   51.288826122,3] I2C: Register dump--
    cmd:0x1000000001000000	mode:0x004d000801000000	stat:0x01018c0001080000
  estat:0x0800dd1801000000	intm:0x0000ff8001000000	intc:0x0000012a01000000
[   51.405783900,3] I2C: Request timeout !
[   51.405848755,3] I2C: Chip 00000000 Eng. 3 Port 0--
 xscom_base=0x00000000000a3000	state=4	bytes_sent=0
[   51.405929236,3] I2C: Request info--
 addr=0x0055	offset_bytes=2	offset=0	len=1
[   51.405987263,3] I2C:  start_time=000000062bf85cbf end_time=000000062c95448b (duration=00000000009ce7cc)
[   51.406073467,3] I2C: Register dump--
    cmd:0x1000000001000000	mode:0x004d000801000000	stat:0x01018c0001080000
  estat:0x0800dd1801000000	intm:0x0000ff8001000000	intc:0x0000012a01000000
[   52.025106700,3] I2C: Request timeout !
[   52.025158945,3] I2C: Chip 00000000 Eng. 3 Port 1--
 xscom_base=0x00000000000a3000	state=4	bytes_sent=0
[   52.025239786,3] I2C: Request info--
 addr=0x0052	offset_bytes=2	offset=0	len=1
[   52.025304830,3] I2C:  start_time=0000000633cc3041 end_time=0000000634691813 (duration=00000000009ce7d2)
[   52.025391047,3] I2C: Register dump--
    cmd:0x1000000001000000	mode:0x004d040801000000	stat:0x01018c0001080000
  estat:0x0800dd1801000000	intm:0x0000ff8001000000	intc:0x0000012a01000000
[   52.140014389,3] I2C: Request timeout !
[   52.140066720,3] I2C: Chip 00000000 Eng. 3 Port 1--
 xscom_base=0x00000000000a3000	state=4	bytes_sent=0
[   52.140165037,3] I2C: Request info--
 addr=0x0053	offset_bytes=2	offset=0	len=1
[   52.140229948,3] I2C:  start_time=000000063aa58a87 end_time=000000063b427242 (duration=00000000009ce7bb)
[   52.140333563,3] I2C: Register dump--
    cmd:0x1000000001000000	mode:0x004d040801000000	stat:0x01018c0001080000
  estat:0x0800dd1801000000	intm:0x0000ff8001000000	intc:0x0000012a01000000
[   52.273389056,3] I2C: Request timeout !
[   52.273451369,3] I2C: Chip 00000000 Eng. 3 Port 1--
 xscom_base=0x00000000000a3000	state=4	bytes_sent=0
[   52.273547162,3] I2C: Request info--
 addr=0x0055	offset_bytes=2	offset=0	len=1
[   52.273619725,3] I2C:  start_time=000000064298acff end_time=0000000643359507 (duration=00000000009ce808)
[   52.273718532,3] I2C: Register dump--
    cmd:0x1000000001000000	mode:0x004d040801000000	stat:0x01018c0001080000
  estat:0x0800dd1801000000	intm:0x0000ff8001000000	intc:0x0000012a01000000
[   17.947697] at24 7-0050: 16384 byte 24c128 EEPROM, writable, 1 bytes/write
[   17.948030] at24 8-0054: 16384 byte 24c128 EEPROM, writable, 1 bytes/write
[   17.948353] at24 9-0050: 16384 byte 24c128 EEPROM, writable, 1 bytes/write
[   17.948680] at24 10-0054: 16384 byte 24c128 EEPROM, writable, 1 bytes/write
[   52.381060050,3] I2C: Request timeout !
[   52.381238204,3] I2C: Chip 00000008 Eng. 3 Port 0--
 xscom_base=0x00000000000a3000	state=4	bytes_sent=0
[   52.382502903,3] I2C: Request info--
 addr=0x0053	offset_bytes=2	offset=0	len=1
[   52.384931745,3] I2C:  start_time=0000000649039739 end_time=0000000649a08247 (duration=00000000009ceb0e)
[   52.389772989,3] I2C: Register dump--
    cmd:0x1000000001000000	mode:0x004d000801000000	stat:0x01018c0001080000
  estat:0x0800dd1801000000	intm:0x0000ff8001000000	intc:0x0000012a01000000
[   52.508276592,3] I2C: Request timeout !
[   52.508466835,3] I2C: Chip 00000008 Eng. 3 Port 0--
 xscom_base=0x00000000000a3000	state=4	bytes_sent=0
[   52.510922549,3] I2C: Request info--
 addr=0x0054	offset_bytes=2	offset=0	len=1
[   53.000185308,3] I2C:  start_time=000000065098c4ff end_time=000000065135ae6e (duration=00000000009ce96f)
[   53.000271967,3] I2C: Register dump--
    cmd:0x1000000001000000	mode:0x004d000801000000	stat:0x01018c0001080000
  estat:0x0800dd1801000000	intm:0x0000ff8001000000	intc:0x0000012a01000000
[   53.129653528,3] I2C: Request timeout !
[   53.129806008,3] I2C: Chip 00000008 Eng. 3 Port 0--
 xscom_base=0x00000000000a3000	state=4	bytes_sent=0
[   53.130575345,3] I2C: Request info--
 addr=0x0055	offset_bytes=2	offset=0	len=1
[   53.130654550,3] I2C:  start_time=00000006588bf23e end_time=000000065928da1f (duration=00000000009ce7e1)
[   53.130741518,3] I2C: Register dump--
    cmd:0x1000000001000000	mode:0x004d000801000000	stat:0x01018c0001080000
  estat:0x0800dd1801000000	intm:0x0000ff8001000000	intc:0x0000012a01000000
[   53.244560802,3] I2C: Request timeout !
[   53.245060104,3] I2C: Chip 00000008 Eng. 3 Port 1--
 xscom_base=0x00000000000a3000	state=4	bytes_sent=0
[   53.246535672,3] I2C: Request info--
 addr=0x0053	offset_bytes=2	offset=0	len=1
[   53.248685258,3] I2C:  start_time=000000065f654ac4 end_time=00000006600232ab (duration=00000000009ce7e7)
[   53.250161338,3] I2C: Register dump--
    cmd:0x1000000001000000	mode:0x004d040801000000	stat:0x01018c0001080000
  estat:0x0800dd1801000000	intm:0x0000ff8001000000	intc:0x0000012a01000000
[   53.386140380,3] I2C: Request timeout !
[   53.386353259,3] I2C: Chip 00000008 Eng. 3 Port 1--
 xscom_base=0x00000000000a3000	state=4	bytes_sent=0
[   53.389929480,3] I2C: Request info--
 addr=0x0055	offset_bytes=2	offset=0	len=1
[   53.392079421,3] I2C:  start_time=0000000667d5a0a5 end_time=00000006687287cc (duration=00000000009ce727)
[   53.393555477,3] I2C: Register dump--
    cmd:0x1000000001000000	mode:0x004d040801000000	stat:0x01018c0001080000
  estat:0x0800dd1801000000	intm:0x0000ff8001000000	intc:0x0000012a01000000
[   19.149181] powernv-cpufreq: cpufreq pstate min 101 nominal 50 max 0
[   19.149246] powernv-cpufreq: Workload Optimized Frequency is enabled in the platform
[   19.158801] usbcore: registered new interface driver usbhid
[   19.158846] usbhid: USB HID core driver
[   19.159206] ipip: IPv4 and MPLS over IPv4 tunneling driver
[   19.159507] NET: Registered protocol family 17
[   19.159573] Key type dns_resolver registered
[   19.159845] registered taskstats version 1
[   19.159890] Loading compiled-in X.509 certificates
[   19.166554] Loaded X.509 cert 'Build time autogenerated kernel key: 69b7bd2878a4bab90574770d0a2ffddecb40bd94'
[   19.171896] Key type encrypted registered
[   19.171965] ima: No TPM chip found, activating TPM-bypass! (rc=-19)
[   19.172107] evm: HMAC attrs: 0x1
[   20.575897] rtc-opal opal-rtc: hctosys: unable to read the hardware clock
[   20.578325] Freeing unused kernel memory: 11456K
[   20.578382] This architecture does not have kernel memory protection.
[   20.597753] udevd[2947]: starting version 3.2.2
[   20.602546] udevd[2948]: starting eudev-3.2.2
[   20.654648] pci 0002:00:00.0: enabling device (0105 -> 0107)
[   20.654744] pci 0002:01:00.0: enabling device (0145 -> 0147)
[   20.654835] ast 0002:02:00.0: enabling device (0140 -> 0142)
[   20.655047] [drm] platform has no IO space, trying MMIO
[   20.655102] [drm] VGA not enabled on entry, requesting chip POST
[   20.655175] [drm] Using P2A bridge for configuration
[   20.655229] [drm] AST 2500 detected
[   20.655273] [drm] Analog VGA only
[   20.655356] [drm] dram MCLK=800 Mhz type=7 bus_width=16 size=01000000
[   20.655512] [TTM] Zone  kernel: Available graphics memory: 108817376 kiB
[   20.655573] [TTM] Zone   dma32: Available graphics memory: 2097152 kiB
[   20.655633] [TTM] Initializing pool allocator
[   20.655875] scsi 0:0:0:0: Attached scsi generic sg0 type 0
[   20.655997] scsi 1:0:0:0: Attached scsi generic sg1 type 0
[   20.657032] tg3 0005:01:00.0 enP5p1s0f0: renamed from eth0
[   20.659050] sd 0:0:0:0: [sda] 1953525168 512-byte logical blocks: (1.00 TB/932 GiB)
[   20.659113] sd 1:0:0:0: [sdb] 1953525168 512-byte logical blocks: (1.00 TB/932 GiB)
[   20.659116] sd 1:0:0:0: [sdb] 4096-byte physical blocks
[   20.659133] sd 1:0:0:0: [sdb] Write Protect is off
[   20.659162] sd 1:0:0:0: [sdb] Write cache: enabled, read cache: enabled, doesn't support DPO or FUA
[   20.659326] sd 0:0:0:0: [sda] 4096-byte physical blocks
[   20.659383] sd 0:0:0:0: [sda] Write Protect is off
[   20.659452] sd 0:0:0:0: [sda] Write cache: enabled, read cache: enabled, doesn't support DPO or FUA

[   58.273632360,3] BT: seq 0x0f netfn 0x00 cmd 0x09: Retry sending message
[   63.416992235,3] BT: seq 0x10 netfn 0x00 cmd 0x09: Retry sending message
[   68.447714586,3] BT: seq 0x11 netfn 0x00 cmd 0x09: Retry sending message
[   73.478434152,3] BT: seq 0x12 netfn 0x00 cmd 0x09: Retry sending message
(B)0[1;24r[m[?7h[?1h=[H[J[H[J Petitboot (v1.5.1-p848cad7)[1B [0mqqqqqqqqqqqqqqqqqqqqqqqqqqqqqqqqqqqqqqqqqqqqqqqqqqqqqqqqqqqqqqqqqqqqqqqqqqqqqq[2B  [0mSystem information[1B  System configuration[1B  System status log[1B  Language[1B  Rescan devices[1B  Retrieve config from URL[1B *[0;7mExit to shell           [12B[25D[0mqqqqqqqqqqqqqqqqqqqqqqqqqqqqqqqqqqqqqqqqqqqqqqqqqqqqqqqqqqqqqqqqqqqqqqqqqqqqqq[1B [0mEnter=accept, e=edit, n=new, x=exit, l=language, g=log, h=help[1B Welcome to Petitboot[   78.509155842,3] BT: seq 0x13 netfn 0x00 cmd 0x09: Retry sending message
[   84.027874642,3] BT: seq 0x14 netfn 0x00 cmd 0x09: Retry sending message
[   89.058593966,3] BT: seq 0x15 netfn 0x00 cmd 0x09: Retry sending message
[   94.089314758,3] BT: seq 0x16 netfn 0x00 cmd 0x09: Retry sending message
[   99.232674816,3] BT: seq 0x17 netfn 0x0c cmd 0x02: Retry sending message
[  104.263394317,3] BT: seq 0x18 netfn 0x06 cmd 0x01: Retry sending message
[  109.294114332,3] BT: seq 0x19 netfn 0x3a cmd 0x1a: Retry sending message
[J[1;47H0000000000000000 0000000000000000[23B [3;21r[3;1HMM[1;24r[3;3H[Disk: sda2 / 728d2189-0c67-4551-8857-40e2845ba17b][1B[49DUbuntu[12;27H[0;7m                           [12B[52D[m[4;21r[4;1HM[1;24r[4;5HUbuntu, with Linux 4.10.0-26-generic[20B [4;21r[4;1HM[1;24r[4;5HUbuntu, with Linux 4.10.0-26-generic (recovery mode)[14;54H[0;7m   [10B[55D[m[enP5p1s0f0] Configuring with DHCP Booting in 9 sec: [sda2] Ubuntu   [24;13H8[24;33H[24;13H7[24;33H[24;13H6[24;33H[24;13H5[24;33H[24;13H4[24;33H[24;13H3[24;33H[24;13H2[24;33H[24;13H1[24;33H[  124.166111760,3] BT: seq 0x1b netfn 0x04 cmd 0x30: Retry sending message
[24;10HUbuntu                 [24;16H Loaded kernel image from file:///var/petitboot/mnt/dev/sda2/boot/vmlinux-4.10.[?7l0[?7h[24;9Hinitrd from file:///var/petitboot/mnt/dev/sda2/boot/initrd.img-4.10.0-2[?7l6[?7h Running boot hooks[K Performing kexec loadreboot[  130.360675592,3] BT: seq 0x1c netfn 0x00 cmd 0x09: Retry sending message
[  135.391395566,3] BT: seq 0x1d netfn 0x00 cmd 0x09: Retry sending message
The system is going down NOW!
Sent SIGTERM to all processes
Sent SIGKILL to all processes
[  104.756615] kexec_core: Starting new kernel
[  139.337425013,5] OPAL: Switch to big-endian OS
[  141.459416769,5] OPAL: Switch to little-endian OS
[    0.000000] opal: OPAL detected !
[    0.000000] OF: reserved mem: not enough space all defined regions.
[    0.000000] OF: reserved mem: not enough space all defined regions.
[    0.000000] OF: reserved mem: not enough space all defined regions.
[    0.000000] Page sizes from device-tree:
[    0.000000] Page size shift = 12 AP=0x0
[    0.000000] Page size shift = 16 AP=0x5
[    0.000000] Page size shift = 21 AP=0x1
[    0.000000] Page size shift = 30 AP=0x2
[    0.000000] Initializing Radix MMU
[    0.000000] Partition table c0002017ff7f0000
[    0.000000] Mapped range 0x0 - 0x2000000000 with 0x40000000
[    0.000000] Mapped range 0x200000000000 - 0x200c00000000 with 0x40000000
[    0.000000] Mapped range 0x201000000000 - 0x201800000000 with 0x40000000
[    0.000000] Process table c0002017fe800000 and radix root for kernel: c0000000014a0000
[    0.000000] Linux version 4.10.0-26-generic (buildd@bos01-ppc64el-012) (gcc version 6.3.0 20170406 (Ubuntu 6.3.0-12ubuntu2) ) #30-Ubuntu SMP Tue Jun 27 09:29:34 UTC 2017 (Ubuntu 4.10.0-26.30-generic 4.10.17)
[    0.000000] Found initrd at 0xc000000002d90000:0xc00000000533e9f2
[    0.000000] OPAL: Power8 LPC bus found, chip ID 0
[    0.000000] Using PowerNV machine description
[    0.000000] bootconsole [udbg0] enabled
[    0.000000] CPU maps initialized for 4 threads per core
 -> smp_release_cpus()
spinning_secondaries = 175
 <- smp_release_cpus()
[    0.000000] -----------------------------------------------------
[    0.000000] ppc64_pft_size    = 0x0
[    0.000000] phys_mem_size     = 0x3400000000
[    0.000000] dcache_bsize      = 0x80
[    0.000000] icache_bsize      = 0x80
[    0.000000] cpu_features      = 0x077c7afd18500249
[    0.000000]   possible        = 0x7fffffff18500649
[    0.000000]   always          = 0x0000000018100040
[    0.000000] cpu_user_features = 0xdc0065c2 0xaec00000
[    0.000000] mmu_features      = 0x3c004041
[    0.000000] firmware_features = 0x0000000110000000
[    0.000000] -----------------------------------------------------
[    0.000000] cma: Reserved 10656 MiB at 0x0000201563000000
[    0.000000] numa: Initmem setup node 0 [mem 0x00000000-0x1fffffffff]
[    0.000000] numa:   NODE_DATA [mem 0x1fffff6300-0x1fffffffff]
[    0.000000] numa: Initmem setup node 8 [mem 0x200000000000-0x2017ffffffff]
[    0.000000] numa:   NODE_DATA [mem 0x2017ff6e4d80-0x2017ff6eea7f]
[    0.000000] numa: Initmem setup node 250
[    0.000000] numa:   NODE_DATA [mem 0x2017ff6bb080-0x2017ff6c4d7f]
[    0.000000] numa:     NODE_DATA(250) on node 8
[    0.000000] numa: Initmem setup node 251
[    0.000000] numa:   NODE_DATA [mem 0x2017ff6b1380-0x2017ff6bb07f]
[    0.000000] numa:     NODE_DATA(251) on node 8
[    0.000000] numa: Initmem setup node 252
[    0.000000] numa:   NODE_DATA [mem 0x2017ff6a7680-0x2017ff6b137f]
[    0.000000] numa:     NODE_DATA(252) on node 8
[    0.000000] numa: Initmem setup node 253
[    0.000000] numa:   NODE_DATA [mem 0x2017ff69d980-0x2017ff6a767f]
[    0.000000] numa:     NODE_DATA(253) on node 8
[    0.000000] numa: Initmem setup node 254
[    0.000000] numa:   NODE_DATA [mem 0x2017ff693c80-0x2017ff69d97f]
[    0.000000] numa:     NODE_DATA(254) on node 8
[    0.000000] numa: Initmem setup node 255
[    0.000000] numa:   NODE_DATA [mem 0x2017ff689f80-0x2017ff693c7f]
[    0.000000] numa:     NODE_DATA(255) on node 8
[    0.000000] Initializing IODA2 PHB (/pciex@600c3c0000000)
[    0.000000] PCI host bridge /pciex@600c3c0000000 (primary) ranges:
[    0.000000]  MEM 0x000600c000000000..0x000600c07ffeffff -> 0x0000000080000000 
[    0.000000]  MEM 0x0006000000000000..0x0006003fffffffff -> 0x0006000000000000 (M64 #1..31)
[    0.000000]  Using M64 #31 as default window
[    0.000000]   512 (511) PE's M32: 0x80000000 [segment=0x400000]
[    0.000000]                  M64: 0x4000000000 [segment=0x20000000]
[    0.000000]   Allocated bitmap for 4088 MSIs (base IRQ 0xfe000)
[    0.000000] Initializing IODA2 PHB (/pciex@600c3c0100000)
[    0.000000] PCI host bridge /pciex@600c3c0100000  ranges:
[    0.000000]  MEM 0x000600c080000000..0x000600c0fffeffff -> 0x0000000080000000 
[    0.000000]  MEM 0x0006004000000000..0x0006007fffffffff -> 0x0006004000000000 (M64 #1..15)
[    0.000000]  Using M64 #15 as default window
[    0.000000]   256 (255) PE's M32: 0x80000000 [segment=0x800000]
[    0.000000]                  M64: 0x4000000000 [segment=0x40000000]
[    0.000000]   Allocated bitmap for 2040 MSIs (base IRQ 0xfd800)
[    0.000000] Initializing IODA2 PHB (/pciex@600c3c0200000)
[    0.000000] PCI host bridge /pciex@600c3c0200000  ranges:
[    0.000000]  MEM 0x000600c100000000..0x000600c17ffeffff -> 0x0000000080000000 
[    0.000000]  MEM 0x0006008000000000..0x000600bfffffffff -> 0x0006008000000000 (M64 #1..15)
[    0.000000]  Using M64 #15 as default window
[    0.000000]   256 (255) PE's M32: 0x80000000 [segment=0x800000]
[    0.000000]                  M64: 0x4000000000 [segment=0x40000000]
[    0.000000]   Allocated bitmap for 2040 MSIs (base IRQ 0xfd000)
[    0.000000] Initializing IODA2 PHB (/pciex@600c3c0300000)
[    0.000000] PCI host bridge /pciex@600c3c0300000  ranges:
[    0.000000]  MEM 0x000600c180000000..0x000600c1fffeffff -> 0x0000000080000000 
[    0.000000]  MEM 0x0006020000000000..0x0006023fffffffff -> 0x0006020000000000 (M64 #1..31)
[    0.000000]  Using M64 #31 as default window
[    0.000000]   512 (511) PE's M32: 0x80000000 [segment=0x400000]
[    0.000000]                  M64: 0x4000000000 [segment=0x20000000]
[    0.000000]   Allocated bitmap for 4088 MSIs (base IRQ 0xfc000)
[    0.000000] Initializing IODA2 PHB (/pciex@600c3c0400000)
[    0.000000] PCI host bridge /pciex@600c3c0400000  ranges:
[    0.000000]  MEM 0x000600c200000000..0x000600c27ffeffff -> 0x0000000080000000 
[    0.000000]  MEM 0x0006024000000000..0x0006027fffffffff -> 0x0006024000000000 (M64 #1..15)
[    0.000000]  Using M64 #15 as default window
[    0.000000]   256 (255) PE's M32: 0x80000000 [segment=0x800000]
[    0.000000]                  M64: 0x4000000000 [segment=0x40000000]
[    0.000000]   Allocated bitmap for 2040 MSIs (base IRQ 0xfb800)
[    0.000000] Initializing IODA2 PHB (/pciex@600c3c0500000)
[    0.000000] PCI host bridge /pciex@600c3c0500000  ranges:
[    0.000000]  MEM 0x000600c280000000..0x000600c2fffeffff -> 0x0000000080000000 
[    0.000000]  MEM 0x0006028000000000..0x000602bfffffffff -> 0x0006028000000000 (M64 #1..15)
[    0.000000]  Using M64 #15 as default window
[    0.000000]   256 (255) PE's M32: 0x80000000 [segment=0x800000]
[    0.000000]                  M64: 0x4000000000 [segment=0x40000000]
[    0.000000]   Allocated bitmap for 2040 MSIs (base IRQ 0xfb000)
[    0.000000] Initializing IODA2 PHB (/pciex@620c3c0000000)
[    0.000000] PCI host bridge /pciex@620c3c0000000  ranges:
[    0.000000]  MEM 0x000620c000000000..0x000620c07ffeffff -> 0x0000000080000000 
[    0.000000]  MEM 0x0006200000000000..0x0006203fffffffff -> 0x0006200000000000 (M64 #1..31)
[    0.000000]  Using M64 #31 as default window
[    0.000000]   512 (511) PE's M32: 0x80000000 [segment=0x400000]
[    0.000000]                  M64: 0x4000000000 [segment=0x20000000]
[    0.000000]   Allocated bitmap for 4088 MSIs (base IRQ 0x1fe000)
[    0.000000] Initializing IODA2 PHB (/pciex@620c3c0300000)
[    0.000000] PCI host bridge /pciex@620c3c0300000  ranges:
[    0.000000]  MEM 0x000620c180000000..0x000620c1fffeffff -> 0x0000000080000000 
[    0.000000]  MEM 0x0006220000000000..0x0006223fffffffff -> 0x0006220000000000 (M64 #1..31)
[    0.000000]  Using M64 #31 as default window
[    0.000000]   512 (511) PE's M32: 0x80000000 [segment=0x400000]
[    0.000000]                  M64: 0x4000000000 [segment=0x20000000]
[    0.000000]   Allocated bitmap for 4088 MSIs (base IRQ 0x1fd000)
[    0.000000] Initializing IODA2 PHB (/pciex@620c3c0400000)
[    0.000000] PCI host bridge /pciex@620c3c0400000  ranges:
[    0.000000]  MEM 0x000620c200000000..0x000620c27ffeffff -> 0x0000000080000000 
[    0.000000]  MEM 0x0006224000000000..0x0006227fffffffff -> 0x0006224000000000 (M64 #1..15)
[    0.000000]  Using M64 #15 as default window
[    0.000000]   256 (255) PE's M32: 0x80000000 [segment=0x800000]
[    0.000000]                  M64: 0x4000000000 [segment=0x40000000]
[    0.000000]   Allocated bitmap for 2040 MSIs (base IRQ 0x1fc800)
[    0.000000] Initializing IODA2 PHB (/pciex@620c3c0500000)
[    0.000000] PCI host bridge /pciex@620c3c0500000  ranges:
[    0.000000]  MEM 0x000620c280000000..0x000620c2fffeffff -> 0x0000000080000000 
[    0.000000]  MEM 0x0006228000000000..0x000622bfffffffff -> 0x0006228000000000 (M64 #1..15)
[    0.000000]  Using M64 #15 as default window
[    0.000000]   256 (255) PE's M32: 0x80000000 [segment=0x800000]
[    0.000000]                  M64: 0x4000000000 [segment=0x40000000]
[    0.000000]   Allocated bitmap for 2040 MSIs (base IRQ 0x1fc000)
[    0.000000] Initializing NPU PHB (/pciex@6030200000000)
[    0.000000] PCI host bridge /pciex@6030200000000  ranges:
[    0.000000]  MEM 0x0006030201600000..0x000603020171ffff -> 0x0006030201600000 
[    0.000000]   Not support M64 window
[    0.000000]   016 (015) PE's M32: 0x130000 [segment=0x13000]
[    0.000000] Initializing NPU PHB (/pciex@6230200000000)
[    0.000000] PCI host bridge /pciex@6230200000000  ranges:
[    0.000000]  MEM 0x0006230201600000..0x000623020171ffff -> 0x0006230201600000 
[    0.000000]   Not support M64 window
[    0.000000]   016 (015) PE's M32: 0x130000 [segment=0x13000]
[    0.000000] OPAL nvram setup, 589824 bytes
[    0.000000] Zone ranges:
[    0.000000]   DMA      [mem 0x0000000000000000-0x00002017ffffffff]
[    0.000000]   DMA32    empty
[    0.000000]   Normal   empty
[    0.000000] Movable zone start for each node
[    0.000000] Early memory node ranges
[    0.000000]   node   0: [mem 0x0000000000000000-0x0000001fffffffff]
[    0.000000]   node   8: [mem 0x0000200000000000-0x0000200bffffffff]
[    0.000000]   node   8: [mem 0x0000201000000000-0x00002017ffffffff]
[    0.000000] Initmem setup node 0 [mem 0x0000000000000000-0x0000001fffffffff]
[    0.000000] Initmem setup node 8 [mem 0x0000200000000000-0x00002017ffffffff]
[    0.000000] Could not find start_pfn for node 250
[    0.000000] Initmem setup node 250 [mem 0x0000000000000000-0x0000000000000000]
[    0.000000] Could not find start_pfn for node 251
[    0.000000] Initmem setup node 251 [mem 0x0000000000000000-0x0000000000000000]
[    0.000000] Could not find start_pfn for node 252
[    0.000000] Initmem setup node 252 [mem 0x0000000000000000-0x0000000000000000]
[    0.000000] Could not find start_pfn for node 253
[    0.000000] Initmem setup node 253 [mem 0x0000000000000000-0x0000000000000000]
[    0.000000] Could not find start_pfn for node 254
[    0.000000] Initmem setup node 254 [mem 0x0000000000000000-0x0000000000000000]
[    0.000000] Could not find start_pfn for node 255
[    0.000000] Initmem setup node 255 [mem 0x0000000000000000-0x0000000000000000]
[    0.000000] percpu: Embedded 3 pages/cpu @c000001ff5eb0000 s149272 r0 d47336 u196608
[    0.000000] Built 8 zonelists in Node order, mobility grouping on.  Total pages: 3404544
[    0.000000] Policy zone: DMA
[    0.000000] Kernel command line: root=UUID=728d2189-0c67-4551-8857-40e2845ba17b ro powersave=off
[    0.000000] log_buf_len individual max cpu contribution: 4096 bytes
[    0.000000] log_buf_len total cpu_extra contributions: 716800 bytes
[    0.000000] log_buf_len min size: 131072 bytes
[    0.000000] log_buf_len: 1048576 bytes
[    0.000000] early log buf free: 115232(87%)
[    0.000000] PID hash table entries: 4096 (order: -1, 32768 bytes)
[    0.000000] Memory: 206570240K/218103808K available (11712K kernel code, 1600K rwdata, 3352K rodata, 4416K init, 3045K bss, 621824K reserved, 10911744K cma-reserved)
[    0.000000] SLUB: HWalign=128, Order=0-3, MinObjects=0, CPUs=176, Nodes=256
[    0.000000] Hierarchical RCU implementation.
[    0.000000] 	Build-time adjustment of leaf fanout to 64.
[    0.000000] 	RCU restricting CPUs from NR_CPUS=2048 to nr_cpu_ids=176.
[    0.000000] RCU: Adjusting geometry for rcu_fanout_leaf=64, nr_cpu_ids=176
[    0.000000] NR_IRQS:512 nr_irqs:512 16
[    0.000000] xive: Interrupt handling intialized with native backend
[    0.000000] xive: Using priority 7 for all interrupts
[    0.000000] xive: Using 64kB queues
[  147.332361882,3] BT: seq 0x1e netfn 0x0a cmd 0x48: Retry sending message
[    0.000003] time_init: 56 bit decrementer (max: 7fffffffffffff)
[    0.000419] clocksource: timebase: mask: 0xffffffffffffffff max_cycles: 0x761537d007, max_idle_ns: 440795202126 ns
[    0.001194] clocksource: timebase mult[1f40000] shift[24] registered
[    0.001815] Console: colour dummy device 80x25
[    0.002379] console [hvc0] enabled
[    0.002379] console [hvc0] enabled
[    0.002679] bootconsole [udbg0] disabled
[    0.002679] bootconsole [udbg0] disabled
[    0.003301] mempolicy: Enabling automatic NUMA balancing. Configure with numa_balancing= or the kernel.numa_balancing sysctl
[    0.003409] pid_max: default: 180224 minimum: 1408
[    0.005484] Security Framework initialized
[    0.005519] Yama: becoming mindful.
[    0.005618] AppArmor: AppArmor initialized
[    0.009090] Dentry cache hash table entries: 33554432 (order: 12, 268435456 bytes)
[    0.098644] Inode-cache hash table entries: 16777216 (order: 11, 134217728 bytes)
[    0.151815] Mount-cache hash table entries: 524288 (order: 6, 4194304 bytes)
[    0.151949] Mountpoint-cache hash table entries: 524288 (order: 6, 4194304 bytes)
[    0.155697] ftrace: allocating 30684 entries in 12 pages
[    0.174131] EEH: PowerNV platform initialized
[    0.174176] POWER9 performance monitor hardware support registered
[    0.176495] smp: Bringing up secondary CPUs ...
[    0.651132] smp: Brought up 8 nodes, 176 CPUs
[    0.651194] numa: Node 0 CPUs: 0-87
[    0.651233] numa: Node 8 CPUs: 88-175
[    0.651290] numa: Node 250 CPUs:
[    0.651345] numa: Node 251 CPUs:
[    0.651381] numa: Node 252 CPUs:
[    0.651446] numa: Node 253 CPUs:
[    0.651491] numa: Node 254 CPUs:
[    0.651555] numa: Node 255 CPUs:
[    0.663675] devtmpfs: initialized
[    0.724757] evm: security.selinux
[    0.724793] evm: security.SMACK64
[    0.724827] evm: security.SMACK64EXEC
[    0.724852] evm: security.SMACK64TRANSMUTE
[    0.724886] evm: security.SMACK64MMAP
[    0.724948] evm: security.ima
[    0.725010] evm: security.capability
[    0.726035] clocksource: jiffies: mask: 0xffffffff max_cycles: 0xffffffff, max_idle_ns: 7645041785100000 ns
[    0.726233] futex hash table entries: 65536 (order: 7, 8388608 bytes)
[    0.732316] NET: Registered protocol family 16
[    0.754606] cpuidle: using governor ladder
[    0.778622] cpuidle: using governor menu
[    0.778887] pstore: using zlib compression
[    0.778923] pstore: Registered nvram as persistent store backend
[    0.848804] PCI: Probing PCI hardware
[    0.848930] PCI host bridge to bus 0000:00
[    0.849009] pci_bus 0000:00: root bus resource [mem 0x600c000000000-0x600c07ffeffff] (bus address [0x80000000-0xfffeffff])
[    0.849109] pci_bus 0000:00: root bus resource [mem 0x6000000000000-0x6003fbfffffff 64bit pref]
[    0.849246] pci_bus 0000:00: root bus resource [bus 00-ff]
[    0.849637] pci 0000:00:00.0: PCI bridge to [bus 01]
[    0.849768] PCI host bridge to bus 0001:00
[    0.849813] pci_bus 0001:00: root bus resource [mem 0x600c080000000-0x600c0fffeffff] (bus address [0x80000000-0xfffeffff])
[    0.849940] pci_bus 0001:00: root bus resource [mem 0x6004000000000-0x6007f7fffffff 64bit pref]
[    0.850067] pci_bus 0001:00: root bus resource [bus 00-ff]
[    0.850749] pci 0001:00:00.0: PCI bridge to [bus 01]
[    0.851051] PCI host bridge to bus 0002:00
[    0.851083] pci_bus 0002:00: root bus resource [mem 0x600c100000000-0x600c17ffeffff] (bus address [0x80000000-0xfffeffff])
[    0.851206] pci_bus 0002:00: root bus resource [mem 0x6008000000000-0x600bf7fffffff 64bit pref]
[    0.851316] pci_bus 0002:00: root bus resource [bus 00-ff]
[    0.851923] pci 0002:00:00.0: PCI bridge to [bus 01-02]
[    0.852411] pci 0002:01:00.0: PCI bridge to [bus 02]
[    0.852586] PCI host bridge to bus 0003:00
[    0.852622] pci_bus 0003:00: root bus resource [mem 0x600c180000000-0x600c1fffeffff] (bus address [0x80000000-0xfffeffff])
[    0.852746] pci_bus 0003:00: root bus resource [mem 0x6020000000000-0x6023fbfffffff 64bit pref]
[    0.852850] pci_bus 0003:00: root bus resource [bus 00-ff]
[    0.853190] pci 0003:00:00.0: PCI bridge to [bus 01]
[    0.853320] PCI host bridge to bus 0004:00
[    0.853360] pci_bus 0004:00: root bus resource [mem 0x600c200000000-0x600c27ffeffff] (bus address [0x80000000-0xfffeffff])
[    0.853484] pci_bus 0004:00: root bus resource [mem 0x6024000000000-0x6027f7fffffff 64bit pref]
[    0.853609] pci_bus 0004:00: root bus resource [bus 00-ff]
[    0.855367] pci 0004:00:00.0: PCI bridge to [bus 01-06]
[    0.856913] pci 0004:01:00.0: PCI bridge to [bus 02-06]
[    0.858908] pci 0004:02:02.0: PCI bridge to [bus 03]
[    0.859080] pci 0004:02:0a.0: PCI bridge to [bus 04]
[    0.859224] pci 0004:02:0b.0: PCI bridge to [bus 05]
[    0.859372] pci 0004:02:0c.0: PCI bridge to [bus 06]
[    0.859544] PCI host bridge to bus 0005:00
[    0.859577] pci_bus 0005:00: root bus resource [mem 0x600c280000000-0x600c2fffeffff] (bus address [0x80000000-0xfffeffff])
[    0.859701] pci_bus 0005:00: root bus resource [mem 0x6028000000000-0x602bf7fffffff 64bit pref]
[    0.859835] pci_bus 0005:00: root bus resource [bus 00-ff]
[    0.860920] pci 0005:00:00.0: PCI bridge to [bus 01]
[    0.861140] PCI host bridge to bus 0030:00
[    0.861186] pci_bus 0030:00: root bus resource [mem 0x620c000000000-0x620c07ffeffff] (bus address [0x80000000-0xfffeffff])
[    0.861318] pci_bus 0030:00: root bus resource [mem 0x6200000000000-0x6203fbfffffff 64bit pref]
[    0.861455] pci_bus 0030:00: root bus resource [bus 00-ff]
[    0.861853] pci 0030:00:00.0: PCI bridge to [bus 01]
[    0.861990] PCI host bridge to bus 0033:00
[    0.862039] pci_bus 0033:00: root bus resource [mem 0x620c180000000-0x620c1fffeffff] (bus address [0x80000000-0xfffeffff])
[    0.862101] random: fast init done
[    0.862195] pci_bus 0033:00: root bus resource [mem 0x6220000000000-0x6223fbfffffff 64bit pref]
[    0.862300] pci_bus 0033:00: root bus resource [bus 00-ff]
[    0.862686] pci 0033:00:00.0: PCI bridge to [bus 01]
[    0.862824] PCI host bridge to bus 0034:00
[    0.862865] pci_bus 0034:00: root bus resource [mem 0x620c200000000-0x620c27ffeffff] (bus address [0x80000000-0xfffeffff])
[    0.863021] pci_bus 0034:00: root bus resource [mem 0x6224000000000-0x6227f7fffffff 64bit pref]
[    0.863141] pci_bus 0034:00: root bus resource [bus 00-ff]
[    0.863518] pci 0034:00:00.0: PCI bridge to [bus 01]
[    0.863649] PCI host bridge to bus 0035:00
[    0.863683] pci_bus 0035:00: root bus resource [mem 0x620c280000000-0x620c2fffeffff] (bus address [0x80000000-0xfffeffff])
[    0.863797] pci_bus 0035:00: root bus resource [mem 0x6228000000000-0x622bf7fffffff 64bit pref]
[    0.863922] pci_bus 0035:00: root bus resource [bus 00-ff]
[    0.864741] pci 0035:00:00.0: PCI bridge to [bus 01-08]
[    0.865698] pci 0035:01:00.0: PCI bridge to [bus 02-08]
[    0.866759] pci 0035:02:08.0: PCI bridge to [bus 03-07]
[    0.866919] pci 0035:02:0d.0: PCI bridge to [bus 08]
[    0.867089] PCI host bridge to bus 0006:00
[    0.867123] pci_bus 0006:00: root bus resource [mem 0x6030201600000-0x603020171ffff]
[    0.867214] pci_bus 0006:00: root bus resource [bus 00-ff]
[    0.868463] PCI host bridge to bus 0007:00
[    0.868494] pci_bus 0007:00: root bus resource [mem 0x6230201600000-0x623020171ffff]
[    0.868564] pci_bus 0007:00: root bus resource [bus 00-ff]
[    0.869719] pci 0000:00     : [PE# 1fe] Secondary bus 0 associated with PE#1fe
[    0.870087] pci 0000:00:00.0: PCI bridge to [bus 01]
[    0.870172] pci 0001:00:00.0: BAR 14: assigned [mem 0x600c080000000-0x600c0807fffff]
[    0.870263] pci 0001:01:00.0: BAR 0: assigned [mem 0x600c080000000-0x600c08000ffff 64bit]
[    0.870357] pci 0001:01:00.0: BAR 2: assigned [mem 0x600c080010000-0x600c080011fff 64bit]
[    0.870458] pci 0001:00     : [PE# fe] Secondary bus 0 associated with PE#fe
[    0.870867] pci 0001:01     : [PE# fd] Secondary bus 1 associated with PE#fd
[    0.871251] pci 0001:01     : [PE# fd] Setting up 32-bit TCE table at 0..80000000
[    0.876025] IOMMU table initialized, virtual merging enabled
[    0.876081] pci 0001:01     : [PE# fd] Setting up window#0 0..7fffffff pg=1000
[    0.876173] pci 0001:01     : [PE# fd] Enabling 64-bit DMA bypass
[    0.876238] iommu: Adding device 0001:01:00.0 to group 0
[    0.876310] pci 0001:00:00.0: PCI bridge to [bus 01]
[    0.876388] pci 0001:00:00.0:   bridge window [mem 0x600c080000000-0x600c0ffefffff]
[    0.876530] pci 0002:00:00.0: BAR 14: assigned [mem 0x600c100000000-0x600c1017fffff]
[    0.876639] pci 0002:01:00.0: BAR 14: assigned [mem 0x600c100000000-0x600c1017fffff]
[    0.876754] pci 0002:01:00.0: BAR 13: no space for [io  size 0x1000]
[    0.876845] pci 0002:01:00.0: BAR 13: failed to assign [io  size 0x1000]
[    0.876938] pci 0002:02:00.0: BAR 0: assigned [mem 0x600c100000000-0x600c100ffffff]
[    0.877032] pci 0002:02:00.0: BAR 1: assigned [mem 0x600c101000000-0x600c10101ffff]
[    0.877143] pci 0002:02:00.0: BAR 2: no space for [io  size 0x0080]
[    0.877241] pci 0002:02:00.0: BAR 2: failed to assign [io  size 0x0080]
[    0.877340] pci 0002:00     : [PE# fe] Secondary bus 0 associated with PE#fe
[    0.877723] pci 0002:02     : [PE# fd] Secondary bus 2..2 associated with PE#fd
[    0.878099] pci 0002:02     : [PE# fd] Setting up 32-bit TCE table at 0..80000000
[    0.882870] pci 0002:02     : [PE# fd] Setting up window#0 0..7fffffff pg=1000
[    0.882937] pci 0002:02     : [PE# fd] Enabling 64-bit DMA bypass
[    0.883024] iommu: Adding device 0002:02:00.0 to group 1
[    0.883078] pci 0002:01:00.0: PCI bridge to [bus 02]
[    0.883155] pci 0002:01:00.0:   bridge window [mem 0x600c100000000-0x600c17fefffff]
[    0.883263] pci 0002:01     : [PE# fc] Secondary bus 1 associated with PE#fc
[    0.883669] pci 0002:00:00.0: PCI bridge to [bus 01-02]
[    0.883724] pci 0002:00:00.0:   bridge window [mem 0x600c100000000-0x600c17fefffff]
[    0.883819] pci_bus 0002:00: Some PCI device resources are unassigned, try booting with pci=realloc
[    0.883940] pci 0003:00     : [PE# 1fe] Secondary bus 0 associated with PE#1fe
[    0.884349] pci 0003:00:00.0: PCI bridge to [bus 01]
[    0.884520] pci 0004:00:00.0: BAR 15: assigned [mem 0x6024000000000-0x602403fffffff 64bit pref]
[    0.884621] pci 0004:00:00.0: BAR 14: assigned [mem 0x600c200000000-0x600c200ffffff]
[    0.884708] pci 0004:01:00.0: BAR 15: assigned [mem 0x6024000000000-0x602403fffffff 64bit pref]
[    0.884798] pci 0004:01:00.0: BAR 14: assigned [mem 0x600c200000000-0x600c2007fffff]
[    0.884897] pci 0004:01:00.0: BAR 0: assigned [mem 0x600c200800000-0x600c20083ffff]
[    0.885009] pci 0004:01:00.1: BAR 0: assigned [mem 0x600c200840000-0x600c200841fff]
[    0.885104] pci 0004:01:00.2: BAR 0: assigned [mem 0x600c200842000-0x600c200843fff]
[    0.885224] pci 0004:01:00.3: BAR 0: assigned [mem 0x600c200844000-0x600c200845fff]
[    0.885348] pci 0004:01:00.4: BAR 0: assigned [mem 0x600c200846000-0x600c200847fff]
[    0.885468] pci 0004:01:00.0: BAR 13: no space for [io  size 0x1000]
[    0.885565] pci 0004:01:00.0: BAR 13: failed to assign [io  size 0x1000]
[    0.885658] pci 0004:01:00.0: BAR 13: no space for [io  size 0x1000]
[    0.885756] pci 0004:01:00.0: BAR 13: failed to assign [io  size 0x1000]
[    0.885856] pci 0004:02:02.0: BAR 15: assigned [mem 0x6024000000000-0x602403fffffff 64bit pref]
[    0.885955] pci 0004:02:02.0: BAR 14: assigned [mem 0x600c200000000-0x600c2007fffff]
[    0.886063] pci 0004:02:02.0: BAR 13: no space for [io  size 0x1000]
[    0.886162] pci 0004:02:02.0: BAR 13: failed to assign [io  size 0x1000]
[    0.886248] pci 0004:02:02.0: BAR 13: no space for [io  size 0x1000]
[    0.886331] pci 0004:02:02.0: BAR 13: failed to assign [io  size 0x1000]
[    0.886410] pci 0004:03:00.0: BAR 6: assigned [mem 0x600c200000000-0x600c20000ffff pref]
[    0.886529] pci 0004:03:00.0: BAR 5: assigned [mem 0x600c200010000-0x600c2000107ff]
[    0.886633] pci 0004:03:00.0: BAR 4: no space for [io  size 0x0020]
[    0.886716] pci 0004:03:00.0: BAR 4: failed to assign [io  size 0x0020]
[    0.886796] pci 0004:03:00.0: BAR 0: no space for [io  size 0x0008]
[    0.886886] pci 0004:03:00.0: BAR 0: failed to assign [io  size 0x0008]
[    0.886974] pci 0004:03:00.0: BAR 2: no space for [io  size 0x0008]
[    0.887053] pci 0004:03:00.0: BAR 2: failed to assign [io  size 0x0008]
[    0.887145] pci 0004:03:00.0: BAR 1: no space for [io  size 0x0004]
[    0.887224] pci 0004:03:00.0: BAR 1: failed to assign [io  size 0x0004]
[    0.887303] pci 0004:03:00.0: BAR 3: no space for [io  size 0x0004]
[    0.887396] pci 0004:03:00.0: BAR 3: failed to assign [io  size 0x0004]
[    0.887492] pci 0004:00     : [PE# fe] Secondary bus 0 associated with PE#fe
[    0.887882] pci 0004:03     : [PE# fd] Secondary bus 3 associated with PE#fd
[    0.888252] pci 0004:03     : [PE# fd] Setting up 32-bit TCE table at 0..80000000
[    0.893012] pci 0004:03     : [PE# fd] Setting up window#0 0..7fffffff pg=1000
[    0.893081] pci 0004:03     : [PE# fd] Enabling 64-bit DMA bypass
[    0.893157] iommu: Adding device 0004:03:00.0 to group 2
[    0.893219] pci 0004:02:02.0: PCI bridge to [bus 03]
[    0.893269] pci 0004:02:02.0:   bridge window [mem 0x600c200000000-0x600c2007fffff]
[    0.893362] pci 0004:02:02.0:   bridge window [mem 0x6024000000000-0x602403fffffff 64bit pref]
[    0.893508] pci 0004:02:0a.0: PCI bridge to [bus 04]
[    0.893593] pci 0004:02:0b.0: PCI bridge to [bus 05]
[    0.893681] pci 0004:02:0c.0: PCI bridge to [bus 06]
[    0.893764] pci 0004:02     : [PE# fc] Secondary bus 2 associated with PE#fc
[    0.894151] pci 0004:01:00.0: PCI bridge to [bus 02-06]
[    0.894194] pci 0004:01:00.0:   bridge window [mem 0x600c200000000-0x600c27fefffff]
[    0.894273] pci 0004:01:00.0:   bridge window [mem 0x6024000000000-0x6027f7ff0ffff 64bit pref]
[    0.894388] pci 0004:01     : [PE# fb] Secondary bus 1 associated with PE#fb
[    0.894813] pci 0004:01     : [PE# fb] Setting up 32-bit TCE table at 0..80000000
