-- Logs begin at Fri 2017-08-11 20:47:57 UTC, end at Fri 2017-08-11 21:04:42 UTC. --
Aug 11 20:47:57 witherspoon kernel: Booting Linux on physical CPU 0x0
Aug 11 20:47:57 witherspoon kernel: Linux version 4.10.17-03afe5775baf06c3037d62cc2a15628079af38c9 (jenkins@openbmc-builder1) (gcc version 6.2.0 (GCC) ) #1 Fri Aug 11 20:24:30 UTC 2017
Aug 11 20:47:57 witherspoon kernel: CPU: ARMv6-compatible processor [410fb767] revision 7 (ARMv7), cr=00c5387d
Aug 11 20:47:57 witherspoon kernel: CPU: PIPT / VIPT nonaliasing data cache, VIPT nonaliasing instruction cache
Aug 11 20:47:57 witherspoon kernel: OF: fdt:Machine model: Witherspoon BMC
Aug 11 20:47:57 witherspoon kernel: Memory policy: Data cache writeback
Aug 11 20:47:57 witherspoon kernel: SOC Rev: 04030303
Aug 11 20:47:57 witherspoon kernel: On node 0 totalpages: 110592
Aug 11 20:47:57 witherspoon kernel: free_area_init_node: node 0, pgdat 805ff5f4, node_mem_map 9ec1a000
Aug 11 20:47:57 witherspoon kernel:   Normal zone: 992 pages used for memmap
Aug 11 20:47:57 witherspoon kernel:   Normal zone: 0 pages reserved
Aug 11 20:47:57 witherspoon kernel:   Normal zone: 110592 pages, LIFO batch:31
Aug 11 20:47:57 witherspoon kernel: pcpu-alloc: s0 r0 d32768 u32768 alloc=1*32768
Aug 11 20:47:58 witherspoon kernel: pcpu-alloc: [0] 0 
Aug 11 20:47:58 witherspoon kernel: Built 1 zonelists in Zone order, mobility grouping on.  Total pages: 109600
Aug 11 20:47:58 witherspoon kernel: Kernel command line: console=ttyS4,115200n8 root=/dev/ram rw
Aug 11 20:47:58 witherspoon kernel: PID hash table entries: 2048 (order: 1, 8192 bytes)
Aug 11 20:47:58 witherspoon kernel: Dentry cache hash table entries: 65536 (order: 6, 262144 bytes)
Aug 11 20:47:58 witherspoon kernel: Inode-cache hash table entries: 32768 (order: 5, 131072 bytes)
Aug 11 20:47:58 witherspoon kernel: Memory: 430436K/442368K available (4065K kernel code, 280K rwdata, 1192K rodata, 284K init, 111K bss, 11932K reserved, 0K cma-reserved)
Aug 11 20:47:58 witherspoon kernel: Virtual kernel memory layout:
                                        vector  : 0xffff0000 - 0xffff1000   (   4 kB)
                                        fixmap  : 0xffc00000 - 0xfff00000   (3072 kB)
                                        vmalloc : 0x9f800000 - 0xff800000   (1536 MB)
                                        lowmem  : 0x80000000 - 0x9f000000   ( 496 MB)
                                          .text : 0x80008000 - 0x80400940   (4067 kB)
                                          .init : 0x80585000 - 0x805cc000   ( 284 kB)
                                          .data : 0x805cc000 - 0x80612358   ( 281 kB)
                                           .bss : 0x80612358 - 0x8062e1f8   ( 112 kB)
Aug 11 20:47:58 witherspoon kernel: NR_IRQS:16 nr_irqs:16 16
Aug 11 20:47:58 witherspoon kernel: i2c controller registered, irq 16
Aug 11 20:47:58 witherspoon kernel: clocksource: moxart_timer: mask: 0xffffffff max_cycles: 0xffffffff, max_idle_ns: 77222644334 ns
Aug 11 20:47:58 witherspoon kernel: sched_clock: 32 bits at 100 Hz, resolution 10000000ns, wraps every 21474836475000000ns
Aug 11 20:47:58 witherspoon kernel: Calibrating delay loop... 789.70 BogoMIPS (lpj=3948544)
Aug 11 20:47:58 witherspoon kernel: pid_max: default: 32768 minimum: 301
Aug 11 20:47:58 witherspoon kernel: Mount-cache hash table entries: 1024 (order: 0, 4096 bytes)
Aug 11 20:47:58 witherspoon kernel: Mountpoint-cache hash table entries: 1024 (order: 0, 4096 bytes)
Aug 11 20:47:58 witherspoon kernel: CPU: Testing write buffer coherency: ok
Aug 11 20:47:58 witherspoon kernel: ftrace: allocating 14934 entries in 44 pages
Aug 11 20:47:58 witherspoon kernel: Setting up static identity map for 0x80008200 - 0x8000825c
Aug 11 20:47:58 witherspoon kernel: devtmpfs: initialized
Aug 11 20:47:58 witherspoon kernel: clocksource: jiffies: mask: 0xffffffff max_cycles: 0xffffffff, max_idle_ns: 19112604462750000 ns
Aug 11 20:47:58 witherspoon kernel: futex hash table entries: 256 (order: -1, 3072 bytes)
Aug 11 20:47:58 witherspoon kernel: pinctrl core: initialized pinctrl subsystem
Aug 11 20:47:58 witherspoon kernel: NET: Registered protocol family 16
Aug 11 20:47:58 witherspoon kernel: DMA: preallocated 256 KiB pool for atomic coherent allocations
Aug 11 20:47:58 witherspoon kernel: usbcore: registered new interface driver usbfs
Aug 11 20:47:58 witherspoon kernel: usbcore: registered new interface driver hub
Aug 11 20:47:58 witherspoon kernel: usbcore: registered new device driver usb
Aug 11 20:47:58 witherspoon kernel: clocksource: Switched to clocksource moxart_timer
Aug 11 20:47:58 witherspoon kernel: NET: Registered protocol family 2
Aug 11 20:47:58 witherspoon kernel: TCP established hash table entries: 4096 (order: 2, 16384 bytes)
Aug 11 20:47:58 witherspoon kernel: TCP bind hash table entries: 4096 (order: 2, 16384 bytes)
Aug 11 20:47:58 witherspoon kernel: TCP: Hash tables configured (established 4096 bind 4096)
Aug 11 20:47:58 witherspoon kernel: UDP hash table entries: 256 (order: 0, 4096 bytes)
Aug 11 20:47:58 witherspoon kernel: UDP-Lite hash table entries: 256 (order: 0, 4096 bytes)
Aug 11 20:47:58 witherspoon kernel: NET: Registered protocol family 1
Aug 11 20:47:58 witherspoon kernel: Trying to unpack rootfs image as initramfs...
Aug 11 20:47:58 witherspoon kernel: Freeing initrd memory: 1548K
Aug 11 20:47:58 witherspoon kernel: workingset: timestamp_bits=30 max_order=17 bucket_order=0
Aug 11 20:47:58 witherspoon kernel: squashfs: version 4.0 (2009/01/31) Phillip Lougher
Aug 11 20:47:58 witherspoon kernel: jffs2: version 2.2. (SUMMARY)  © 2001-2006 Red Hat, Inc.
Aug 11 20:47:58 witherspoon kernel: Block layer SCSI generic (bsg) driver version 0.4 loaded (major 250)
Aug 11 20:47:58 witherspoon kernel: io scheduler noop registered
Aug 11 20:47:58 witherspoon kernel: io scheduler deadline registered
Aug 11 20:47:58 witherspoon kernel: io scheduler cfq registered (default)
Aug 11 20:47:58 witherspoon kernel: ipmi-bt-host 1e789140.ibt: Found bt bmc device
Aug 11 20:47:58 witherspoon kernel: ipmi-bt-host 1e789140.ibt: Using IRQ 22
Aug 11 20:47:58 witherspoon kernel: Serial: 8250/16550 driver, 6 ports, IRQ sharing enabled
Aug 11 20:47:58 witherspoon kernel: 1e787000.vuart: ttyS0 at MMIO 0x1e787000 (irq = 22, base_baud = 1500000) is a 16550A
Aug 11 20:47:58 witherspoon kernel: 1e783000.serial: ttyS1 at MMIO 0x1e783000 (irq = 23, base_baud = 1500000) is a 16550A
Aug 11 20:47:58 witherspoon kernel: 1e78d000.serial: ttyS2 at MMIO 0x1e78d000 (irq = 24, base_baud = 1500000) is a 16550A
Aug 11 20:47:58 witherspoon kernel: 1e784000.serial: ttyS4 at MMIO 0x1e784000 (irq = 25, base_baud = 1500000) is a 16550A
Aug 11 20:47:58 witherspoon kernel: console [ttyS4] enabled
Aug 11 20:47:58 witherspoon kernel: timeriomem_rng 1e6e2078.hwrng: 32bits from 0xf00e2078 @ 1us
Aug 11 20:47:58 witherspoon kernel: random: fast init done
Aug 11 20:47:58 witherspoon kernel: brd: module loaded
Aug 11 20:47:58 witherspoon kernel: loop: module loaded
Aug 11 20:47:58 witherspoon kernel: aspeed-lpc-ctrl 1e789080.lpc-ctrl: Loaded at 0x98000000 (0x04000000)
Aug 11 20:47:58 witherspoon kernel: aspeed-smc 1e620000.flash-controller: Using IRQ 18
Aug 11 20:47:58 witherspoon kernel: aspeed-smc 1e620000.flash-controller: DMA support disabled.
Aug 11 20:47:58 witherspoon kernel: aspeed-smc 1e620000.flash-controller: mx25l25635e (32768 Kbytes)
Aug 11 20:47:58 witherspoon kernel: aspeed-smc 1e620000.flash-controller: CE0 window [ 0x20000000 - 0x22000000 ] 32MB
Aug 11 20:47:58 witherspoon kernel: aspeed-smc 1e620000.flash-controller: CE1 window [ 0x22000000 - 0x2a000000 ] 128MB
Aug 11 20:47:58 witherspoon kernel: 5 ofpart partitions found on MTD device bmc
Aug 11 20:47:58 witherspoon kernel: Creating 5 MTD partitions on "bmc":
Aug 11 20:47:58 witherspoon kernel: 0x000000000000-0x000000060000 : "u-boot"
Aug 11 20:47:58 witherspoon kernel: 0x000000060000-0x000000080000 : "u-boot-env"
Aug 11 20:47:58 witherspoon kernel: 0x000000080000-0x0000004c0000 : "kernel"
Aug 11 20:47:58 witherspoon kernel: 0x0000004c0000-0x000001c00000 : "rofs"
Aug 11 20:47:58 witherspoon kernel: 0x000001c00000-0x000002000000 : "rwfs"
Aug 11 20:47:58 witherspoon kernel: aspeed-smc 1e620000.flash-controller: mx25l25635e (32768 Kbytes)
Aug 11 20:47:58 witherspoon kernel: aspeed-smc 1e620000.flash-controller: CE1 window [ 0x22000000 - 0x24000000 ] 32MB
Aug 11 20:47:58 witherspoon kernel: aspeed-smc 1e620000.flash-controller: CE2 window [ 0x24000000 - 0x2c000000 ] 128MB
Aug 11 20:47:58 witherspoon kernel: aspeed-smc 1e630000.flash-controller: mx66l1g45g (131072 Kbytes)
Aug 11 20:47:58 witherspoon kernel: aspeed-smc 1e630000.flash-controller: CE0 window resized to 120MB (AST2500 HW quirk)
Aug 11 20:47:58 witherspoon kernel: aspeed-smc 1e630000.flash-controller: CE0 window [ 0x30000000 - 0x37800000 ] 120MB
Aug 11 20:47:58 witherspoon kernel: aspeed-smc 1e630000.flash-controller: CE0 window too small for chip 128MB
Aug 11 20:47:58 witherspoon kernel: aspeed-smc 1e630000.flash-controller: CE1 window [ 0x37800000 - 0x38000000 ] 8MB
Aug 11 20:47:58 witherspoon kernel: libphy: Fixed MDIO Bus: probed
Aug 11 20:47:58 witherspoon kernel: ftgmac100 1e660000.ethernet: Read MAC address 70:e2:84:14:28:a9 from chip
Aug 11 20:47:58 witherspoon kernel: ftgmac100 1e660000.ethernet: Using NCSI interface
Aug 11 20:47:58 witherspoon kernel: ftgmac100 1e660000.ethernet eth0: irq 20, mapped at f0060000
Aug 11 20:47:58 witherspoon kernel: ehci_hcd: USB 2.0 'Enhanced' Host Controller (EHCI) Driver
Aug 11 20:47:58 witherspoon kernel: ehci-platform: EHCI generic platform driver
Aug 11 20:47:58 witherspoon kernel:  fsi0: can't read slave 00:00 -5
Aug 11 20:47:58 witherspoon kernel: i2c /dev entries driver
Aug 11 20:47:58 witherspoon kernel: aspeed-i2c-bus 1e78a0c0.i2c-bus: i2c bus 2 registered, irq 26
Aug 11 20:47:58 witherspoon kernel: aspeed-i2c-bus 1e78a100.i2c-bus: i2c bus 3 registered, irq 27
Aug 11 20:47:58 witherspoon kernel: aspeed-i2c-bus 1e78a140.i2c-bus: i2c bus 4 registered, irq 28
Aug 11 20:47:58 witherspoon kernel: aspeed-i2c-bus 1e78a180.i2c-bus: i2c bus 5 registered, irq 29
Aug 11 20:47:58 witherspoon kernel: aspeed-i2c-bus 1e78a380.i2c-bus: i2c bus 9 registered, irq 30
Aug 11 20:47:58 witherspoon kernel: aspeed-i2c-bus 1e78a3c0.i2c-bus: i2c bus 10 registered, irq 31
Aug 11 20:47:58 witherspoon kernel: rtc-rv8803 11-0032: Voltage low, temperature compensation stopped.
Aug 11 20:47:58 witherspoon kernel: rtc-rv8803 11-0032: rtc core: registered rx8900 as rtc0
Aug 11 20:47:58 witherspoon kernel: at24 11-0051: 8192 byte 24c64 EEPROM, writable, 1 bytes/write
Aug 11 20:47:58 witherspoon kernel: aspeed-i2c-bus 1e78a400.i2c-bus: i2c bus 11 registered, irq 32
Aug 11 20:47:58 witherspoon kernel: aspeed-i2c-bus 1e78a440.i2c-bus: i2c bus 12 registered, irq 33
Aug 11 20:47:58 witherspoon kernel: aspeed-i2c-bus 1e78a480.i2c-bus: i2c bus 13 registered, irq 34
Aug 11 20:47:58 witherspoon kernel: Driver for 1-wire Dallas network protocol.
Aug 11 20:47:58 witherspoon kernel: lm75 9-004a: hwmon0: sensor 'tmp275'
Aug 11 20:47:58 witherspoon kernel: random: crng init done
Aug 11 20:47:58 witherspoon kernel: ucd9000 11-0064: Device ID UCD90160|2.3.4.0000|110603
Aug 11 20:47:58 witherspoon kernel: leds-pca955x 3-0060: leds-pca955x: Using pca9552 16-bit LED driver at slave address 0x60
Aug 11 20:47:58 witherspoon kernel: leds-pca955x 11-0060: leds-pca955x: Using pca9552 16-bit LED driver at slave address 0x60
Aug 11 20:47:58 witherspoon kernel: leds-pca955x 11-0060: gpios 264...279
Aug 11 20:47:58 witherspoon kernel: usbcore: registered new interface driver usbhid
Aug 11 20:47:58 witherspoon kernel: usbhid: USB HID core driver
Aug 11 20:47:58 witherspoon kernel: dps310 3-0076: iio:device1: sensor 'dps310'
Aug 11 20:47:58 witherspoon kernel: NET: Registered protocol family 10
Aug 11 20:47:58 witherspoon kernel: Segment Routing with IPv6
Aug 11 20:47:58 witherspoon kernel: NET: Registered protocol family 17
Aug 11 20:47:58 witherspoon kernel: 8021q: 802.1Q VLAN Support v1.8
Aug 11 20:47:58 witherspoon kernel: console [netcon0] enabled
Aug 11 20:47:58 witherspoon kernel: netconsole: network logging started
Aug 11 20:47:58 witherspoon kernel: input: gpio-keys as /devices/platform/gpio-keys/input/input0
Aug 11 20:47:58 witherspoon kernel: rtc-rv8803 11-0032: setting system clock to 2017-08-11 20:47:50 UTC (1502484470)
Aug 11 20:47:58 witherspoon kernel: Freeing unused kernel memory: 284K
Aug 11 20:47:58 witherspoon kernel: This architecture does not have kernel memory protection.
Aug 11 20:47:58 witherspoon kernel: jffs2: notice: (526) jffs2_build_xattr_subsystem: complete building xattr subsystem, 1 of xdatum (0 unchecked, 0 orphan) and 11 of xref (0 dead, 1 orphan) found.
Aug 11 20:47:58 witherspoon systemd[1]: Failed to insert module 'autofs4': No such file or directory
Aug 11 20:47:58 witherspoon systemd[1]: systemd 232 running in system mode. (+PAM -AUDIT -SELINUX -IMA -APPARMOR -SMACK +SYSVINIT -UTMP -LIBCRYPTSETUP -GCRYPT -GNUTLS +ACL +XZ -LZ4 -SECCOMP +BLKID -ELFUTILS +KMOD -IDN)
Aug 11 20:47:58 witherspoon systemd[1]: Detected architecture arm.
Aug 11 20:47:58 witherspoon systemd[1]: Set hostname to <witherspoon>.
Aug 11 20:47:58 witherspoon systemd[1]: Listening on udev Kernel Socket.
Aug 11 20:47:58 witherspoon systemd[1]: Listening on udev Control Socket.
Aug 11 20:47:58 witherspoon systemd[1]: Started Dispatch Password Requests to Console Directory Watch.
Aug 11 20:47:58 witherspoon systemd[1]: Listening on Journal Socket (/dev/log).
Aug 11 20:47:58 witherspoon systemd[1]: Listening on Network Service Netlink Socket.
Aug 11 20:47:58 witherspoon systemd[1]: Started Forward Password Requests to Wall Directory Watch.
Aug 11 20:47:58 witherspoon systemd[1]: Reached target Paths.
Aug 11 20:47:58 witherspoon systemd-journald[648]: Journal started
Aug 11 20:47:58 witherspoon systemd-journald[648]: Runtime journal (/run/log/journal/12c6a00ebfdd479284cf09f39d1bc042) is 0B, max 0B, 0B free.
Aug 11 20:47:58 witherspoon systemd-sysctl[652]: Couldn't write '16' to 'kernel/sysrq', ignoring: No such file or directory
Aug 11 20:47:58 witherspoon systemd-sysctl[652]: Couldn't write 'fq_codel' to 'net/core/default_qdisc', ignoring: No such file or directory
Aug 11 20:47:58 witherspoon systemd[1]: Starting Create System Users...
Aug 11 20:47:58 witherspoon systemd[1]: Starting Flush Journal to Persistent Storage...
Aug 11 20:47:58 witherspoon systemd-journald[648]: Runtime journal (/run/log/journal/12c6a00ebfdd479284cf09f39d1bc042) is 0B, max 0B, 0B free.
Aug 11 20:47:58 witherspoon systemd[1]: Started Flush Journal to Persistent Storage.
Aug 11 20:47:59 witherspoon systemd[1]: Started Create System Users.
Aug 11 20:47:59 witherspoon systemd[1]: Starting Create Static Device Nodes in /dev...
Aug 11 20:47:59 witherspoon systemd[1]: Started Create Static Device Nodes in /dev.
Aug 11 20:47:59 witherspoon systemd[1]: Starting udev Kernel Device Manager...
Aug 11 20:47:59 witherspoon systemd[1]: Reached target Local File Systems (Pre).
Aug 11 20:47:59 witherspoon systemd[1]: Mounting /var/volatile...
Aug 11 20:47:59 witherspoon systemd[1]: Started udev Coldplug all Devices.
Aug 11 20:47:59 witherspoon systemd[1]: Mounted /var/volatile.
Aug 11 20:47:59 witherspoon systemd[1]: Starting Load/Save Random Seed...
Aug 11 20:47:59 witherspoon systemd[1]: Reached target Local File Systems.
Aug 11 20:47:59 witherspoon systemd[1]: Starting Rebuild Journal Catalog...
Aug 11 20:47:59 witherspoon systemd[1]: Starting Create Volatile Files and Directories...
Aug 11 20:47:59 witherspoon systemd[1]: Started Rebuild Journal Catalog.
Aug 11 20:47:59 witherspoon systemd[1]: Starting Update is Completed...
Aug 11 20:48:00 witherspoon systemd[1]: Started Load/Save Random Seed.
Aug 11 20:48:00 witherspoon systemd-tmpfiles[900]: "/var/tmp" already exists and is not a directory.
Aug 11 20:48:00 witherspoon systemd-tmpfiles[900]: "/var/log" already exists and is not a directory.
Aug 11 20:48:00 witherspoon systemd[1]: Started Create Volatile Files and Directories.
Aug 11 20:48:00 witherspoon systemd[1]: Starting Network Time Synchronization...
Aug 11 20:48:00 witherspoon systemd[1]: Started Update is Completed.
Aug 11 20:48:00 witherspoon systemd[1]: Started Network Time Synchronization.
Aug 11 20:48:00 witherspoon systemd[1]: Reached target System Time Synchronized.
Aug 11 20:48:00 witherspoon systemd[1]: Started udev Kernel Device Manager.
Aug 11 20:48:00 witherspoon systemd[1]: Reached target System Initialization.
Aug 11 20:48:01 witherspoon systemd[1]: Listening on Phosphor Host Console SSH Per-Connection socket.
Aug 11 20:48:01 witherspoon systemd[1]: Listening on Phosphor DBUS Browser socket.
Aug 11 20:48:01 witherspoon systemd[1]: Listening on Avahi mDNS/DNS-SD Stack Activation Socket.
Aug 11 20:48:01 witherspoon systemd[1]: Listening on D-Bus System Message Bus Socket.
Aug 11 20:48:01 witherspoon systemd[1]: Started Daily Cleanup of Temporary Directories.
Aug 11 20:48:01 witherspoon systemd[1]: Reached target Timers.
Aug 11 20:48:01 witherspoon systemd[1]: Listening on phosphor-ipmi-net.socket.
Aug 11 20:48:01 witherspoon systemd[1]: Listening on dropbear.socket.
Aug 11 20:48:01 witherspoon systemd[1]: Listening on Phosphor Webserver socket.
Aug 11 20:48:01 witherspoon systemd[1]: Reached target Sockets.
Aug 11 20:48:01 witherspoon systemd[1]: Reached target Basic System.
Aug 11 20:48:01 witherspoon systemd[1]: Starting Phosphor Inventory Manager...
Aug 11 20:48:01 witherspoon systemd[1]: Starting Phosphor LED Group Management Daemon...
Aug 11 20:48:01 witherspoon systemd[1]: Starting Remount the squashfs and ubi volumes after a reboot...
Aug 11 20:48:02 witherspoon systemd[1]: Starting Phosphor Settings Daemon...
Aug 11 20:48:02 witherspoon systemd[1]: Starting Phosphor Log Manager...
Aug 11 20:48:02 witherspoon systemd[1]: Starting Phosphor Download Manager...
Aug 11 20:48:02 witherspoon systemd[1]: Starting Phosphor Inventory Manager...
Aug 11 20:48:02 witherspoon systemd[1]: Starting Avahi mDNS/DNS-SD Stack...
Aug 11 20:48:02 witherspoon systemd[1]: Starting Phosphor Network Manager...
Aug 11 20:48:02 witherspoon systemd[1]: Starting Phosphor BMC0 Control...
Aug 11 20:48:02 witherspoon systemd[1]: Starting Phosphor User Manager...
Aug 11 20:48:02 witherspoon systemd[1]: Starting Phosphor Chassis0 Control...
Aug 11 20:48:02 witherspoon systemd[1]: Started System Logging Service.
Aug 11 20:48:02 witherspoon systemd[1]: Starting OpenBMC Software Update Manager...
Aug 11 20:48:02 witherspoon systemd[1]: Started Phosphor Dump core monitor..
Aug 11 20:48:02 witherspoon systemd[1]: Starting Phosphor DBus Service Discovery Manager...
Aug 11 20:48:02 witherspoon systemd[1]: Started Hardware RNG Entropy Gatherer Daemon.
Aug 11 20:48:02 witherspoon systemd[1]: Starting Phosphor Dump Manager...
Aug 11 20:48:02 witherspoon systemd[1]: Starting Phosphor IPMI BT DBus Bridge...
Aug 11 20:48:03 witherspoon systemd[1]: Starting Phosphor Download Manager...
Aug 11 20:48:03 witherspoon systemd[1]: Starting Clear one time boot overrides...
Aug 11 20:48:03 witherspoon systemd[1]: Reached target Containers.
Aug 11 20:48:03 witherspoon systemd[1]: Starting Phosphor Sensor Manager...
Aug 11 20:48:03 witherspoon systemd[1]: Started Kernel Logging Service.
Aug 11 20:48:03 witherspoon kernel[949]: klogd started: BusyBox v1.24.1 (2017-06-16 19:29:08 UTC)
Aug 11 20:48:03 witherspoon kernel[949]: [    0.000000] Booting Linux on physical CPU 0x0
Aug 11 20:48:03 witherspoon kernel[949]: [    0.000000] Linux version 4.10.17-03afe5775baf06c3037d62cc2a15628079af38c9 (jenkins@openbmc-builder1) (gcc version 6.2.0 (GCC) ) #1 Fri Aug 11 20:24:30 UTC 2017
Aug 11 20:48:03 witherspoon kernel[949]: [    0.000000] CPU: ARMv6-compatible processor [410fb767] revision 7 (ARMv7), cr=00c5387d
Aug 11 20:48:03 witherspoon kernel[949]: [    0.000000] CPU: PIPT / VIPT nonaliasing data cache, VIPT nonaliasing instruction cache
Aug 11 20:48:03 witherspoon kernel[949]: [    0.000000] OF: fdt:Machine model: Witherspoon BMC
Aug 11 20:48:03 witherspoon kernel[949]: [    0.000000] Memory policy: Data cache writeback
Aug 11 20:48:03 witherspoon kernel[949]: [    0.000000] SOC Rev: 04030303
Aug 11 20:48:03 witherspoon kernel[949]: [    0.000000] On node 0 totalpages: 110592
Aug 11 20:48:03 witherspoon kernel[949]: [    0.000000] free_area_init_node: node 0, pgdat 805ff5f4, node_mem_map 9ec1a000
Aug 11 20:48:03 witherspoon kernel[949]: [    0.000000]   Normal zone: 992 pages used for memmap
Aug 11 20:48:03 witherspoon kernel[949]: [    0.000000]   Normal zone: 0 pages reserved
Aug 11 20:48:05 witherspoon kernel: ubi7: default fastmap pool size: 100
Aug 11 20:48:05 witherspoon kernel: ubi7: default fastmap WL pool size: 50
Aug 11 20:48:05 witherspoon kernel: ubi7: attaching mtd7
Aug 11 20:48:03 witherspoon systemd[1]: Started D-Bus System Message Bus.
Aug 11 20:48:03 witherspoon kernel[949]: [    0.000000]   Normal zone: 110592 pages, LIFO batch:31
Aug 11 20:48:03 witherspoon kernel[949]: [    0.000000] pcpu-alloc: s0 r0 d32768 u32768 alloc=1*32768
Aug 11 20:48:03 witherspoon kernel[949]: [    0.000000] pcpu-alloc: [0] 0
Aug 11 20:48:03 witherspoon kernel[949]: [    0.000000] Built 1 zonelists in Zone order, mobility grouping on.  Total pages: 109600
Aug 11 20:48:03 witherspoon kernel[949]: [    0.000000] Kernel command line: console=ttyS4,115200n8 root=/dev/ram rw
Aug 11 20:48:03 witherspoon kernel[949]: [    0.000000] PID hash table entries: 2048 (order: 1, 8192 bytes)
Aug 11 20:48:03 witherspoon kernel[949]: [    0.000000] Dentry cache hash table entries: 65536 (order: 6, 262144 bytes)
Aug 11 20:48:03 witherspoon kernel[949]: [    0.000000] Inode-cache hash table entries: 32768 (order: 5, 131072 bytes)
Aug 11 20:48:03 witherspoon kernel[949]: [    0.000000] Memory: 430436K/442368K available (4065K kernel code, 280K rwdata, 1192K rodata, 284K init, 111K bss, 11932K reserved, 0K cma-reserved)
Aug 11 20:48:03 witherspoon kernel[949]: [    0.000000] Virtual kernel memory layout:
Aug 11 20:48:03 witherspoon kernel[949]: [    0.000000]     vector  : 0xffff0000 - 0xffff1000   (   4 kB)
Aug 11 20:48:03 witherspoon kernel[949]: [    0.000000]     fixmap  : 0xffc00000 - 0xfff00000   (3072 kB)
Aug 11 20:48:03 witherspoon kernel[949]: [    0.000000]     vmalloc : 0x9f800000 - 0xff800000   (1536 MB)
Aug 11 20:48:03 witherspoon kernel[949]: [    0.000000]     lowmem  : 0x80000000 - 0x9f000000   ( 496 MB)
Aug 11 20:48:03 witherspoon kernel[949]: [    0.000000]       .text : 0x80008000 - 0x80400940   (4067 kB)
Aug 11 20:48:03 witherspoon kernel[949]: [    0.000000]       .init : 0x80585000 - 0x805cc000   ( 284 kB)
Aug 11 20:48:03 witherspoon kernel[949]: [    0.000000]       .data : 0x805cc000 - 0x80612358   ( 281 kB)
Aug 11 20:48:03 witherspoon kernel[949]: [    0.000000]        .bss : 0x80612358 - 0x8062e1f8   ( 112 kB)
Aug 11 20:48:03 witherspoon kernel[949]: [    0.000000] NR_IRQS:16 nr_irqs:16 16
Aug 11 20:48:03 witherspoon kernel[949]: [    0.000000] i2c controller registered, irq 16
Aug 11 20:48:03 witherspoon kernel[949]: [    0.000000] clocksource: moxart_timer: mask: 0xffffffff max_cycles: 0xffffffff, max_idle_ns: 77222644334 ns
Aug 11 20:48:08 witherspoon kernel: ubi7: scanning is finished
Aug 11 20:48:08 witherspoon kernel: ubi7: attached mtd7 (name "pnor", size 128 MiB)
Aug 11 20:48:08 witherspoon kernel: ubi7: PEB size: 65536 bytes (64 KiB), LEB size: 65408 bytes
Aug 11 20:48:08 witherspoon kernel: ubi7: min./max. I/O unit sizes: 1/256, sub-page size 1
Aug 11 20:48:08 witherspoon kernel: ubi7: VID header offset: 64 (aligned 64), data offset: 128
Aug 11 20:48:08 witherspoon kernel: ubi7: good PEBs: 2048, bad PEBs: 0, corrupted PEBs: 0
Aug 11 20:48:08 witherspoon kernel: ubi7: user volume: 3, internal volumes: 1, max. volumes count: 128
Aug 11 20:48:08 witherspoon kernel: ubi7: max/mean erase counter: 1/0, WL threshold: 4096, image sequence number: 2007814908
Aug 11 20:48:08 witherspoon kernel: ubi7: available PEBs: 1367, total reserved PEBs: 681, PEBs reserved for bad PEB handling: 0
Aug 11 20:48:10 witherspoon kernel: ubi7: background thread "ubi_bgt7d" started, PID 961
Aug 11 20:48:10 witherspoon kernel: UBIFS (ubi7:0): UBIFS: mounted UBI device 7, volume 0, name "pnor-rw-2b6dcac8"
Aug 11 20:48:10 witherspoon kernel: UBIFS (ubi7:0): LEB size: 65408 bytes (63 KiB), min./max. I/O unit sizes: 8 bytes/256 bytes
Aug 11 20:48:10 witherspoon kernel: UBIFS (ubi7:0): FS size: 16155776 bytes (15 MiB, 247 LEBs), journal size 784896 bytes (0 MiB, 12 LEBs)
Aug 11 20:48:10 witherspoon kernel: UBIFS (ubi7:0): reserved for root: 763076 bytes (745 KiB)
Aug 11 20:48:10 witherspoon kernel: UBIFS (ubi7:0): media format: w5/r0 (latest is w5/r0), UUID 0D574D35-43DE-4016-A416-35AE5BEC309A, small LPT model
Aug 11 20:48:10 witherspoon kernel: UBIFS (ubi7:0): background thread "ubifs_bgt7_0" started, PID 969
Aug 11 20:48:03 witherspoon kernel[949]: [    0.000000] sched_clock: 32 bits at 100 Hz, resolution 10000000ns, wraps every 21474836475000000ns
Aug 11 20:48:10 witherspoon obmc-flash-bios[929]: UBI device number 7, total 2048 LEBs (133955584 bytes, 127.8 MiB), available 1367 LEBs (89412736 bytes, 85.3 MiB), LEB size 65408 bytes (63.9 KiB)
Aug 11 20:48:03 witherspoon kernel[949]: [    0.090000] Calibrating delay loop... 789.70 BogoMIPS (lpj=3948544)
Aug 11 20:48:03 witherspoon kernel[949]: [    0.090000] pid_max: default: 32768 minimum: 301
Aug 11 20:48:03 witherspoon kernel[949]: [    0.090000] Mount-cache hash table entries: 1024 (order: 0, 4096 bytes)
Aug 11 20:48:03 witherspoon kernel[949]: [    0.090000] Mountpoint-cache hash table entries: 1024 (order: 0, 4096 bytes)
Aug 11 20:48:03 witherspoon kernel[949]: [    0.090000] CPU: Testing write buffer coherency: ok
Aug 11 20:48:03 witherspoon kernel[949]: [    0.090000] ftrace: allocating 14934 entries in 44 pages
Aug 11 20:48:03 witherspoon kernel[949]: [    0.120000] Setting up static identity map for 0x80008200 - 0x8000825c
Aug 11 20:48:03 witherspoon kernel[949]: [    0.120000] devtmpfs: initialized
Aug 11 20:48:03 witherspoon kernel[949]: [    0.150000] clocksource: jiffies: mask: 0xffffffff max_cycles: 0xffffffff, max_idle_ns: 19112604462750000 ns
Aug 11 20:48:03 witherspoon kernel[949]: [    0.150000] futex hash table entries: 256 (order: -1, 3072 bytes)
Aug 11 20:48:03 witherspoon kernel[949]: [    0.150000] pinctrl core: initialized pinctrl subsystem
Aug 11 20:48:03 witherspoon kernel[949]: [    0.150000] NET: Registered protocol family 16
Aug 11 20:48:03 witherspoon kernel[949]: [    0.150000] DMA: preallocated 256 KiB pool for atomic coherent allocations
Aug 11 20:48:03 witherspoon kernel[949]: [    0.220000] usbcore: registered new interface driver usbfs
Aug 11 20:48:03 witherspoon kernel[949]: [    0.220000] usbcore: registered new interface driver hub
Aug 11 20:48:03 witherspoon kernel[949]: [    0.220000] usbcore: registered new device driver usb
Aug 11 20:48:03 witherspoon kernel[949]: [    0.230000] clocksource: Switched to clocksource moxart_timer
Aug 11 20:48:03 witherspoon kernel[949]: [    0.250000] NET: Registered protocol family 2
Aug 11 20:48:03 witherspoon kernel[949]: [    0.250000] TCP established hash table entries: 4096 (order: 2, 16384 bytes)
Aug 11 20:48:03 witherspoon kernel[949]: [    0.250000] TCP bind hash table entries: 4096 (order: 2, 16384 bytes)
Aug 11 20:48:03 witherspoon kernel[949]: [    0.250000] TCP: Hash tables configured (established 4096 bind 4096)
Aug 11 20:48:03 witherspoon kernel[949]: [    0.250000] UDP hash table entries: 256 (order: 0, 4096 bytes)
Aug 11 20:48:03 witherspoon kernel[949]: [    0.250000] UDP-Lite hash table entries: 256 (order: 0, 4096 bytes)
Aug 11 20:48:03 witherspoon kernel[949]: [    0.250000] NET: Registered protocol family 1
Aug 11 20:48:03 witherspoon kernel[949]: [    0.250000] Trying to unpack rootfs image as initramfs...
Aug 11 20:48:03 witherspoon kernel[949]: [    1.920000] Freeing initrd memory: 1548K
Aug 11 20:48:03 witherspoon kernel[949]: [    1.920000] workingset: timestamp_bits=30 max_order=17 bucket_order=0
Aug 11 20:48:03 witherspoon kernel[949]: [    1.920000] squashfs: version 4.0 (2009/01/31) Phillip Lougher
Aug 11 20:48:03 witherspoon kernel[949]: [    1.920000] jffs2: version 2.2. (SUMMARY)  © 2001-2006 Red Hat, Inc.
Aug 11 20:48:03 witherspoon kernel[949]: [    1.920000] Block layer SCSI generic (bsg) driver version 0.4 loaded (major 250)
Aug 11 20:48:03 witherspoon kernel[949]: [    1.920000] io scheduler noop registered
Aug 11 20:48:03 witherspoon kernel[949]: [    1.920000] io scheduler deadline registered
Aug 11 20:48:03 witherspoon kernel[949]: [    1.920000] io scheduler cfq registered (default)
Aug 11 20:48:03 witherspoon kernel[949]: [    2.070000] ipmi-bt-host 1e789140.ibt: Found bt bmc device
Aug 11 20:48:03 witherspoon kernel[949]: [    2.070000] ipmi-bt-host 1e789140.ibt: Using IRQ 22
Aug 11 20:48:03 witherspoon kernel[949]: [    2.070000] Serial: 8250/16550 driver, 6 ports, IRQ sharing enabled
Aug 11 20:48:03 witherspoon kernel[949]: [    2.070000] 1e787000.vuart: ttyS0 at MMIO 0x1e787000 (irq = 22, base_baud = 1500000) is a 16550A
Aug 11 20:48:03 witherspoon kernel[949]: [    2.070000] 1e783000.serial: ttyS1 at MMIO 0x1e783000 (irq = 23, base_baud = 1500000) is a 16550A
Aug 11 20:48:03 witherspoon kernel[949]: [    2.070000] 1e78d000.serial: ttyS2 at MMIO 0x1e78d000 (irq = 24, base_baud = 1500000) is a 16550A
Aug 11 20:48:03 witherspoon kernel[949]: [    2.070000] 1e784000.serial: ttyS4 at MMIO 0x1e784000 (irq = 25, base_baud = 1500000) is a 16550A
Aug 11 20:48:03 witherspoon kernel[949]: [    2.430000] console [ttyS4] enabled
Aug 11 20:48:03 witherspoon kernel[949]: [    2.600000] timeriomem_rng 1e6e2078.hwrng: 32bits from 0xf00e2078 @ 1us
Aug 11 20:48:03 witherspoon kernel[949]: [    2.610000] random: fast init done
Aug 11 20:48:03 witherspoon kernel[949]: [    2.660000] brd: module loaded
Aug 11 20:48:03 witherspoon kernel[949]: [    2.680000] loop: module loaded
Aug 11 20:48:03 witherspoon kernel[949]: [    2.690000] aspeed-lpc-ctrl 1e789080.lpc-ctrl: Loaded at 0x98000000 (0x04000000)
Aug 11 20:48:03 witherspoon kernel[949]: [    2.700000] aspeed-smc 1e620000.flash-controller: Using IRQ 18
Aug 11 20:48:03 witherspoon kernel[949]: [    2.700000] aspeed-smc 1e620000.flash-controller: DMA support disabled.
Aug 11 20:48:03 witherspoon kernel[949]: [    2.700000] aspeed-smc 1e620000.flash-controller: mx25l25635e (32768 Kbytes)
Aug 11 20:48:03 witherspoon kernel[949]: [    2.720000] aspeed-smc 1e620000.flash-controller: CE0 window [ 0x20000000 - 0x22000000 ] 32MB
Aug 11 20:48:03 witherspoon kernel[949]: [    2.720000] aspeed-smc 1e620000.flash-controller: CE1 window [ 0x22000000 - 0x2a000000 ] 128MB
Aug 11 20:48:03 witherspoon kernel[949]: [    2.720000] 5 ofpart partitions found on MTD device bmc
Aug 11 20:48:03 witherspoon kernel[949]: [    2.720000] Creating 5 MTD partitions on "bmc":
Aug 11 20:48:03 witherspoon kernel[949]: [    2.750000] 0x000000000000-0x000000060000 : "u-boot"
Aug 11 20:48:03 witherspoon kernel[949]: [    2.750000] 0x000000060000-0x000000080000 : "u-boot-env"
Aug 11 20:48:11 witherspoon systemd[1]: Started Phosphor Download Manager.
Aug 11 20:48:03 witherspoon kernel[949]: [    2.750000] 0x000000080000-0x0000004c0000 : "kernel"
Aug 11 20:48:11 witherspoon systemd[1]: Started Avahi mDNS/DNS-SD Stack.
Aug 11 20:48:03 witherspoon kernel[949]: [    2.750000] 0x0000004c0000-0x000001c00000 : "rofs"
Aug 11 20:48:11 witherspoon systemd[1]: Started Phosphor IPMI BT DBus Bridge.
Aug 11 20:48:03 witherspoon kernel[949]: [    2.790000] 0x000001c00000-0x000002000000 : "rwfs"
Aug 11 20:48:12 witherspoon systemd[1]: Started Phosphor LED Group Management Daemon.
Aug 11 20:48:03 witherspoon kernel[949]: [    2.790000] aspeed-smc 1e620000.flash-controller: mx25l25635e (32768 Kbytes)
Aug 11 20:48:12 witherspoon systemd[1]: Started Phosphor Log Manager.
Aug 11 20:48:03 witherspoon kernel[949]: [    2.810000] aspeed-smc 1e620000.flash-controller: CE1 window [ 0x22000000 - 0x24000000 ] 32MB
Aug 11 20:48:12 witherspoon systemd[1]: Started Phosphor Inventory Manager.
Aug 11 20:48:03 witherspoon kernel[949]: [    2.810000] aspeed-smc 1e620000.flash-controller: CE2 window [ 0x24000000 - 0x2c000000 ] 128MB
Aug 11 20:48:12 witherspoon systemd[1]: Started Phosphor Settings Daemon.
Aug 11 20:48:03 witherspoon kernel[949]: [    2.830000] aspeed-smc 1e630000.flash-controller: mx66l1g45g (131072 Kbytes)
Aug 11 20:48:12 witherspoon systemd[1]: Starting Network Service...
Aug 11 20:48:03 witherspoon kernel[949]: [    2.830000] aspeed-smc 1e630000.flash-controller: CE0 window resized to 120MB (AST2500 HW quirk)
Aug 11 20:48:13 witherspoon systemd[1]: Started Clear one time boot overrides.
Aug 11 20:48:03 witherspoon kernel[949]: [    2.830000] aspeed-smc 1e630000.flash-controller: CE0 window [ 0x30000000 - 0x37800000 ] 120MB
Aug 11 20:48:13 witherspoon systemd[1]: Found device /dev/aspeed-lpc-ctrl.
Aug 11 20:48:03 witherspoon kernel[949]: [    2.830000] aspeed-smc 1e630000.flash-controller: CE0 window too small for chip 128MB
Aug 11 20:48:13 witherspoon systemd[1]: Found device /dev/aspeed-mbox.
Aug 11 20:48:03 witherspoon kernel[949]: [    2.860000] aspeed-smc 1e630000.flash-controller: CE1 window [ 0x37800000 - 0x38000000 ] 8MB
Aug 11 20:48:13 witherspoon systemd[1]: Found device /dev/ttyS4.
Aug 11 20:48:03 witherspoon kernel[949]: [    3.650000] libphy: Fixed MDIO Bus: probed
Aug 11 20:48:13 witherspoon systemd[1]: Found device /dev/ttyVUART0.
Aug 11 20:48:03 witherspoon kernel[949]: [    3.650000] ftgmac100 1e660000.ethernet: Read MAC address 70:e2:84:14:28:a9 from chip
Aug 11 20:48:03 witherspoon kernel[949]: [    3.660000] ftgmac100 1e660000.ethernet: Using NCSI interface
Aug 11 20:48:03 witherspoon kernel[949]: [    3.660000] ftgmac100 1e660000.ethernet eth0: irq 20, mapped at f0060000
Aug 11 20:48:03 witherspoon kernel[949]: [    3.660000] ehci_hcd: USB 2.0 'Enhanced' Host Controller (EHCI) Driver
Aug 11 20:48:03 witherspoon kernel[949]: [    3.680000] ehci-platform: EHCI generic platform driver
Aug 11 20:48:03 witherspoon kernel[949]: [    3.840000]  fsi0: can't read slave 00:00 -5
Aug 11 20:48:03 witherspoon kernel[949]: [    3.840000] i2c /dev entries driver
Aug 11 20:48:03 witherspoon kernel[949]: [    3.840000] aspeed-i2c-bus 1e78a0c0.i2c-bus: i2c bus 2 registered, irq 26
Aug 11 20:48:03 witherspoon kernel[949]: [    3.840000] aspeed-i2c-bus 1e78a100.i2c-bus: i2c bus 3 registered, irq 27
Aug 11 20:48:03 witherspoon kernel[949]: [    3.840000] aspeed-i2c-bus 1e78a140.i2c-bus: i2c bus 4 registered, irq 28
Aug 11 20:48:03 witherspoon kernel[949]: [    3.840000] aspeed-i2c-bus 1e78a180.i2c-bus: i2c bus 5 registered, irq 29
Aug 11 20:48:03 witherspoon kernel[949]: [    3.840000] aspeed-i2c-bus 1e78a380.i2c-bus: i2c bus 9 registered, irq 30
Aug 11 20:48:03 witherspoon kernel[949]: [    3.840000] aspeed-i2c-bus 1e78a3c0.i2c-bus: i2c bus 10 registered, irq 31
Aug 11 20:48:03 witherspoon kernel[949]: [    3.840000] rtc-rv8803 11-0032: Voltage low, temperature compensation stopped.
Aug 11 20:48:03 witherspoon kernel[949]: [    3.940000] rtc-rv8803 11-0032: rtc core: registered rx8900 as rtc0
Aug 11 20:48:03 witherspoon kernel[949]: [    3.950000] at24 11-0051: 8192 byte 24c64 EEPROM, writable, 1 bytes/write
Aug 11 20:48:03 witherspoon kernel[949]: [    3.950000] aspeed-i2c-bus 1e78a400.i2c-bus: i2c bus 11 registered, irq 32
Aug 11 20:48:03 witherspoon kernel[949]: [    3.950000] aspeed-i2c-bus 1e78a440.i2c-bus: i2c bus 12 registered, irq 33
Aug 11 20:48:03 witherspoon kernel[949]: [    3.950000] aspeed-i2c-bus 1e78a480.i2c-bus: i2c bus 13 registered, irq 34
Aug 11 20:48:03 witherspoon kernel[949]: [    3.950000] Driver for 1-wire Dallas network protocol.
Aug 11 20:48:03 witherspoon kernel[949]: [    3.950000] lm75 9-004a: hwmon0: sensor 'tmp275'
Aug 11 20:48:03 witherspoon kernel[949]: [    4.030000] random: crng init done
Aug 11 20:48:03 witherspoon kernel[949]: [    4.800000] ucd9000 11-0064: Device ID UCD90160|2.3.4.0000|110603
Aug 11 20:48:03 witherspoon kernel[949]: [    5.130000] leds-pca955x 3-0060: leds-pca955x: Using pca9552 16-bit LED driver at slave address 0x60
Aug 11 20:48:03 witherspoon kernel[949]: [    5.150000] leds-pca955x 11-0060: leds-pca955x: Using pca9552 16-bit LED driver at slave address 0x60
Aug 11 20:48:03 witherspoon kernel[949]: [    5.160000] leds-pca955x 11-0060: gpios 264...279
Aug 11 20:48:03 witherspoon kernel[949]: [    5.170000] usbcore: registered new interface driver usbhid
Aug 11 20:48:03 witherspoon kernel[949]: [    5.170000] usbhid: USB HID core driver
Aug 11 20:48:03 witherspoon kernel[949]: [    5.210000] dps310 3-0076: iio:device1: sensor 'dps310'
Aug 11 20:48:03 witherspoon kernel[949]: [    5.210000] NET: Registered protocol family 10
Aug 11 20:48:03 witherspoon kernel[949]: [    5.220000] Segment Routing with IPv6
Aug 11 20:48:03 witherspoon kernel[949]: [    5.220000] NET: Registered protocol family 17
Aug 11 20:48:03 witherspoon kernel[949]: [    5.220000] 8021q: 802.1Q VLAN Support v1.8
Aug 11 20:48:03 witherspoon kernel[949]: [    5.240000] console [netcon0] enabled
Aug 11 20:48:03 witherspoon kernel[949]: [    5.240000] netconsole: network logging started
Aug 11 20:48:03 witherspoon kernel[949]: [    5.240000] input: gpio-keys as /devices/platform/gpio-keys/input/input0
Aug 11 20:48:03 witherspoon kernel[949]: [    5.260000] rtc-rv8803 11-0032: setting system clock to 2017-08-11 20:47:50 UTC (1502484470)
Aug 11 20:48:03 witherspoon kernel[949]: [    5.270000] Freeing unused kernel memory: 284K
Aug 11 20:48:03 witherspoon kernel[949]: [    5.270000] This architecture does not have kernel memory protection.
Aug 11 20:48:03 witherspoon kernel[949]: [    6.950000] jffs2: notice: (526) jffs2_build_xattr_subsystem: complete building xattr subsystem, 1 of xdatum (0 unchecked, 0 orphan) and 11 of xref (0 dead, 1 orphan) found.
Aug 11 20:48:03 witherspoon kernel[949]: [    9.090000] systemd[1]: Failed to insert module 'autofs4': No such file or directory
Aug 11 20:48:03 witherspoon kernel[949]: [    9.200000] systemd[1]: systemd 232 running in system mode. (+PAM -AUDIT -SELINUX -IMA -APPARMOR -SMACK +SYSVINIT -UTMP -LIBCRYPTSETUP -GCRYPT -GNUTLS +ACL +XZ -LZ4 -SECCOMP +BLKID -ELFUTILS +KMOD -IDN)
Aug 11 20:48:15 witherspoon systemd-networkd[976]: Could not create runtime directory: File exists
Aug 11 20:48:03 witherspoon kernel[949]: [    9.310000] systemd[1]: Detected architecture arm.
Aug 11 20:48:15 witherspoon systemd-networkd[976]: Could not create runtime directory 'links': File exists
Aug 11 20:48:03 witherspoon kernel[949]: [    9.400000] systemd[1]: Set hostname to <witherspoon>.
Aug 11 20:48:15 witherspoon systemd-networkd[976]: Could not create runtime directory 'leases': File exists
Aug 11 20:48:03 witherspoon kernel[949]: [   10.900000] systemd[1]: Listening on udev Kernel Socket.
Aug 11 20:48:03 witherspoon kernel[949]: [   11.100000] systemd[1]: Listening on udev Control Socket.
Aug 11 20:48:03 witherspoon kernel[949]: [   11.140000] systemd[1]: Started Dispatch Password Requests to Console Directory Watch.
Aug 11 20:48:03 witherspoon kernel[949]: [   11.180000] systemd[1]: Listening on Journal Socket (/dev/log).
Aug 11 20:48:03 witherspoon kernel[949]: [   11.220000] systemd[1]: Listening on Network Service Netlink Socket.
Aug 11 20:48:03 witherspoon kernel[949]: [   11.260000] systemd[1]: Started Forward Password Requests to Wall Directory Watch.
Aug 11 20:48:03 witherspoon kernel[949]: [   11.300000] systemd[1]: Reached target Paths.
Aug 11 20:48:03 witherspoon kernel[949]: [   13.540000] systemd-journald[648]: Received request to flush runtime journal from PID 1
Aug 11 20:48:04 witherspoon kernel[949]: [   19.440000] ubi7: default fastmap pool size: 100
Aug 11 20:48:04 witherspoon kernel[949]: [   19.440000] ubi7: default fastmap WL pool size: 50
Aug 11 20:48:04 witherspoon kernel[949]: [   19.440000] ubi7: attaching mtd7
Aug 11 20:48:06 witherspoon kernel[949]: [   21.040000] ubi7: scanning is finished
Aug 11 20:48:06 witherspoon kernel[949]: [   21.040000] ubi7: attached mtd7 (name "pnor", size 128 MiB)
Aug 11 20:48:06 witherspoon kernel[949]: [   21.040000] ubi7: PEB size: 65536 bytes (64 KiB), LEB size: 65408 bytes
Aug 11 20:48:06 witherspoon kernel[949]: [   21.040000] ubi7: min./max. I/O unit sizes: 1/256, sub-page size 1
Aug 11 20:48:06 witherspoon kernel[949]: [   21.040000] ubi7: VID header offset: 64 (aligned 64), data offset: 128
Aug 11 20:48:06 witherspoon kernel[949]: [   21.040000] ubi7: good PEBs: 2048, bad PEBs: 0, corrupted PEBs: 0
Aug 11 20:48:06 witherspoon kernel[949]: [   21.040000] ubi7: user volume: 3, internal volumes: 1, max. volumes count: 128
Aug 11 20:48:06 witherspoon kernel[949]: [   21.040000] ubi7: max/mean erase counter: 1/0, WL threshold: 4096, image sequence number: 2007814908
Aug 11 20:48:06 witherspoon kernel[949]: [   21.040000] ubi7: available PEBs: 1367, total reserved PEBs: 681, PEBs reserved for bad PEB handling: 0
Aug 11 20:48:06 witherspoon kernel[949]: [   21.040000] ubi7: background thread "ubi_bgt7d" started, PID 961
Aug 11 20:48:07 witherspoon kernel[949]: [   22.410000] UBIFS (ubi7:0): UBIFS: mounted UBI device 7, volume 0, name "pnor-rw-2b6dcac8"
Aug 11 20:48:07 witherspoon kernel[949]: [   22.410000] UBIFS (ubi7:0): LEB size: 65408 bytes (63 KiB), min./max. I/O unit sizes: 8 bytes/256 bytes
Aug 11 20:48:07 witherspoon kernel[949]: [   22.580000] UBIFS (ubi7:0): FS size: 16155776 bytes (15 MiB, 247 LEBs), journal size 784896 bytes (0 MiB, 12 LEBs)
Aug 11 20:48:07 witherspoon kernel[949]: [   22.580000] UBIFS (ubi7:0): reserved for root: 763076 bytes (745 KiB)
Aug 11 20:48:07 witherspoon kernel[949]: [   22.580000] UBIFS (ubi7:0): media format: w5/r0 (latest is w5/r0), UUID 0D574D35-43DE-4016-A416-35AE5BEC309A, small LPT model
Aug 11 20:48:07 witherspoon kernel[949]: [   22.580000] UBIFS (ubi7:0): background thread "ubifs_bgt7_0" started, PID 969
Aug 11 20:48:08 witherspoon avahi-daemon[934]: Found user 'avahi' (UID 998) and group 'avahi' (GID 999).
Aug 11 20:48:08 witherspoon avahi-daemon[934]: Successfully dropped root privileges.
Aug 11 20:48:08 witherspoon avahi-daemon[934]: avahi-daemon 0.6.32 starting up.
Aug 11 20:48:17 witherspoon systemd-networkd[976]: Enumeration completed
Aug 11 20:48:11 witherspoon avahi-daemon[934]: Successfully called chroot().
Aug 11 20:48:17 witherspoon systemd-networkd[976]: eth0: IPv6 enabled for interface: Success
Aug 11 20:48:11 witherspoon avahi-daemon[934]: Successfully dropped remaining capabilities.
Aug 11 20:48:17 witherspoon systemd-networkd[976]: eth0: Gained carrier
Aug 11 20:48:11 witherspoon avahi-daemon[934]: Loading service file /services/obmc_console.service.
Aug 11 20:48:17 witherspoon systemd-timesyncd[905]: Network configuration changed, trying to establish connection.
Aug 11 20:48:11 witherspoon avahi-daemon[934]: Loading service file /services/phosphor_rest.service.
Aug 11 20:48:17 witherspoon systemd[1]: Started Network Service.
Aug 11 20:48:11 witherspoon avahi-daemon[934]: Loading service file /services/sftp-ssh.service.
Aug 11 20:48:11 witherspoon avahi-daemon[934]: Loading service file /services/sftp.service.
Aug 11 20:48:11 witherspoon avahi-daemon[934]: Loading service file /services/ssh.service.
Aug 11 20:48:11 witherspoon avahi-daemon[934]: Network interface enumeration completed.
Aug 11 20:48:11 witherspoon avahi-daemon[934]: Server startup complete. Host name is witherspoon.local. Local service cookie is 2522142736.
Aug 11 20:48:11 witherspoon avahi-daemon[934]: Service "witherspoon" (/services/ssh.service) successfully established.
Aug 11 20:48:11 witherspoon avahi-daemon[934]: Service "sftp" (/services/sftp.service) successfully established.
Aug 11 20:48:11 witherspoon avahi-daemon[934]: Service "witherspoon" (/services/sftp-ssh.service) successfully established.
Aug 11 20:48:11 witherspoon avahi-daemon[934]: Service "phosphor_rest" (/services/phosphor_rest.service) successfully established.
Aug 11 20:48:11 witherspoon avahi-daemon[934]: Service "obmc_console" (/services/obmc_console.service) successfully established.
Aug 11 20:48:11 witherspoon dbus[950]: [system] Successfully activated service 'org.freedesktop.systemd1'
Aug 11 20:48:17 witherspoon avahi-daemon[934]: Joining mDNS multicast group on interface eth0.IPv4 with address 9.3.21.61.
Aug 11 20:48:17 witherspoon avahi-daemon[934]: New relevant interface eth0.IPv4 for mDNS.
Aug 11 20:48:17 witherspoon avahi-daemon[934]: Registering new address record for 9.3.21.61 on eth0.IPv4.
Aug 11 20:48:18 witherspoon avahi-daemon[934]: Joining mDNS multicast group on interface eth0.IPv6 with address fe80::72e2:84ff:fe14:28a9.
Aug 11 20:48:18 witherspoon systemd-networkd[976]: eth0: Gained IPv6LL
Aug 11 20:48:18 witherspoon avahi-daemon[934]: New relevant interface eth0.IPv6 for mDNS.
Aug 11 20:48:18 witherspoon avahi-daemon[934]: Registering new address record for fe80::72e2:84ff:fe14:28a9 on eth0.*.
Aug 11 20:48:21 witherspoon kernel: ftgmac100 1e660000.ethernet eth0: NCSI interface up
Aug 11 20:48:21 witherspoon kernel[949]: [   35.860000] ftgmac100 1e660000.ethernet eth0: NCSI interface up
Aug 11 20:48:22 witherspoon systemd[1]: Started Phosphor Dump Manager.
Aug 11 20:48:22 witherspoon systemd[1]: Started Phosphor BMC0 Control.
Aug 11 20:48:22 witherspoon systemd[1]: Started OpenBMC Software Update Manager.
Aug 11 20:48:22 witherspoon systemd[1]: Reached target Network.
Aug 11 20:48:22 witherspoon systemd[1]: Started Lightweight SLP Server.
Aug 11 20:48:22 witherspoon systemd[1]: Starting Permit User Sessions...
Aug 11 20:48:22 witherspoon systemd[1]: Created slice system-xyz.openbmc_project.led.controller.slice.
Aug 11 20:48:22 witherspoon systemd[1]: Started Phosphor sysfs LED controller.
Aug 11 20:48:22 witherspoon systemd[1]: Started Phosphor sysfs LED controller.
Aug 11 20:48:22 witherspoon systemd[1]: Started Phosphor sysfs LED controller.
Aug 11 20:48:22 witherspoon systemd[1]: Started Phosphor sysfs LED controller.
Aug 11 20:48:23 witherspoon systemd[1]: Started Phosphor sysfs LED controller.
Aug 11 20:48:23 witherspoon systemd[1]: Started Phosphor sysfs LED controller.
Aug 11 20:48:23 witherspoon systemd[1]: Started Phosphor sysfs LED controller.
Aug 11 20:48:23 witherspoon systemd[1]: Started Phosphor sysfs LED controller.
Aug 11 20:48:23 witherspoon systemd[1]: Started Phosphor sysfs LED controller.
Aug 11 20:48:23 witherspoon systemd[1]: Started Phosphor sysfs LED controller.
Aug 11 20:48:23 witherspoon systemd[1]: Created slice system-xyz.openbmc_project.Hwmon.slice.
Aug 11 20:48:23 witherspoon systemd[1]: Started Phosphor Console Muxer listening on device /dev/ttyVUART0.
Aug 11 20:48:23 witherspoon systemd[1]: Started Permit User Sessions.
Aug 11 20:48:23 witherspoon systemd[1]: Started Serial Getty on ttyS4.
Aug 11 20:48:23 witherspoon systemd[1]: Reached target Login Prompts.
Aug 11 20:48:25 witherspoon kernel: block ubiblock7_1: created from ubi7:1(pnor-ro-2b6dcac8)
Aug 11 20:48:25 witherspoon kernel[949]: [   39.990000] block ubiblock7_1: created from ubi7:1(pnor-ro-2b6dcac8)
Aug 11 20:48:26 witherspoon kernel: UBIFS (ubi7:2): UBIFS: mounted UBI device 7, volume 2, name "pnor-prsv"
Aug 11 20:48:26 witherspoon kernel: UBIFS (ubi7:2): LEB size: 65408 bytes (63 KiB), min./max. I/O unit sizes: 8 bytes/256 bytes
Aug 11 20:48:26 witherspoon kernel: UBIFS (ubi7:2): FS size: 1504384 bytes (1 MiB, 23 LEBs), journal size 523265 bytes (0 MiB, 6 LEBs)
Aug 11 20:48:26 witherspoon kernel: UBIFS (ubi7:2): reserved for root: 71055 bytes (69 KiB)
Aug 11 20:48:26 witherspoon kernel: UBIFS (ubi7:2): media format: w5/r0 (latest is w5/r0), UUID 8FCA594B-732D-40C8-9888-C86C31299DA3, small LPT model
Aug 11 20:48:26 witherspoon kernel[949]: [   41.430000] UBIFS (ubi7:2): UBIFS: mounted UBI device 7, volume 2, name "pnor-prsv"
Aug 11 20:48:26 witherspoon kernel[949]: [   41.430000] UBIFS (ubi7:2): LEB size: 65408 bytes (63 KiB), min./max. I/O unit sizes: 8 bytes/256 bytes
Aug 11 20:48:26 witherspoon kernel[949]: [   41.430000] UBIFS (ubi7:2): FS size: 1504384 bytes (1 MiB, 23 LEBs), journal size 523265 bytes (0 MiB, 6 LEBs)
Aug 11 20:48:26 witherspoon kernel[949]: [   41.430000] UBIFS (ubi7:2): reserved for root: 71055 bytes (69 KiB)
Aug 11 20:48:26 witherspoon kernel[949]: [   41.430000] UBIFS (ubi7:2): media format: w5/r0 (latest is w5/r0), UUID 8FCA594B-732D-40C8-9888-C86C31299DA3, small LPT model
Aug 11 20:48:27 witherspoon kernel: UBIFS (ubi7:2): background thread "ubifs_bgt7_2" started, PID 1010
Aug 11 20:48:27 witherspoon kernel[949]: [   41.640000] UBIFS (ubi7:2): background thread "ubifs_bgt7_2" started, PID 1010
Aug 11 20:48:28 witherspoon systemd[1]: Started Remount the squashfs and ubi volumes after a reboot.
Aug 11 20:48:28 witherspoon systemd[1]: Reached target Multi-User System.
Aug 11 20:48:28 witherspoon systemd[1]: Starting OpenPower Software Update Manager...
Aug 11 20:48:29 witherspoon openpower-update-manager[1012]: Error in reading file
Aug 11 20:48:29 witherspoon systemd[1]: Started OpenPower Software Update Manager.
Aug 11 20:48:29 witherspoon systemd[1]: Started Phosphor MBOX Daemon.
Aug 11 20:48:29 witherspoon systemd[1]: Starting Phosphor Version Software Manager...
Aug 11 20:48:29 witherspoon systemd[1]: Mounting /usr/local...
Aug 11 20:48:29 witherspoon systemd[1]: Mounted /usr/local.
Aug 11 20:48:29 witherspoon systemd[1]: Starting Create a ubi volume for pnor patches...
Aug 11 20:48:30 witherspoon systemd[1]: Started Phosphor Version Software Manager.
Aug 11 20:48:32 witherspoon systemd-networkd[976]: eth0: Configured
Aug 11 20:48:32 witherspoon systemd-timesyncd[905]: Network configuration changed, trying to establish connection.
Aug 11 20:48:33 witherspoon systemd[1]: Started Phosphor Download Manager.
Aug 11 20:48:33 witherspoon download_manager.py[932]: Running Download Manager
Aug 11 20:48:33 witherspoon systemd[1]: Started Phosphor Chassis0 Control.
Aug 11 20:48:33 witherspoon chassis_control.py[938]: Running ChassisControlService
Aug 11 20:48:33 witherspoon obmc-flash-bios[1017]: Volume ID 3, size 257 LEBs (16809856 bytes, 16.0 MiB), LEB size 65408 bytes (63.9 KiB), dynamic, name "pnor-patch", alignment 1
Aug 11 20:48:34 witherspoon systemd[1]: Started Create a ubi volume for pnor patches.
Aug 11 20:48:34 witherspoon kernel: UBIFS (ubi7:3): default file-system created
Aug 11 20:48:34 witherspoon kernel: UBIFS (ubi7:3): UBIFS: mounted UBI device 7, volume 3, name "pnor-patch"
Aug 11 20:48:34 witherspoon kernel: UBIFS (ubi7:3): LEB size: 65408 bytes (63 KiB), min./max. I/O unit sizes: 8 bytes/256 bytes
Aug 11 20:48:34 witherspoon kernel: UBIFS (ubi7:3): FS size: 16155776 bytes (15 MiB, 247 LEBs), journal size 784896 bytes (0 MiB, 12 LEBs)
Aug 11 20:48:34 witherspoon kernel: UBIFS (ubi7:3): reserved for root: 763076 bytes (745 KiB)
Aug 11 20:48:34 witherspoon kernel: UBIFS (ubi7:3): media format: w5/r0 (latest is w5/r0), UUID CE60127C-6191-408C-92A1-A0B9AF6463AE, small LPT model
Aug 11 20:48:34 witherspoon kernel: UBIFS (ubi7:3): background thread "ubifs_bgt7_3" started, PID 1037
Aug 11 20:48:34 witherspoon kernel[949]: [   49.140000] UBIFS (ubi7:3): default file-system created
Aug 11 20:48:34 witherspoon kernel[949]: [   49.140000] UBIFS (ubi7:3): UBIFS: mounted UBI device 7, volume 3, name "pnor-patch"
Aug 11 20:48:34 witherspoon kernel[949]: [   49.140000] UBIFS (ubi7:3): LEB size: 65408 bytes (63 KiB), min./max. I/O unit sizes: 8 bytes/256 bytes
Aug 11 20:48:34 witherspoon kernel[949]: [   49.140000] UBIFS (ubi7:3): FS size: 16155776 bytes (15 MiB, 247 LEBs), journal size 784896 bytes (0 MiB, 12 LEBs)
Aug 11 20:48:34 witherspoon kernel[949]: [   49.140000] UBIFS (ubi7:3): reserved for root: 763076 bytes (745 KiB)
Aug 11 20:48:34 witherspoon kernel[949]: [   49.140000] UBIFS (ubi7:3): media format: w5/r0 (latest is w5/r0), UUID CE60127C-6191-408C-92A1-A0B9AF6463AE, small LPT model
Aug 11 20:48:34 witherspoon kernel[949]: [   49.140000] UBIFS (ubi7:3): background thread "ubifs_bgt7_3" started, PID 1037
Aug 11 20:48:34 witherspoon inventory_items.py[927]: Loading from cache: /var/cache/obmc/org.openbmc.inventory.system.chassis.motherboard.apss@org.openbmc.InventoryItem.props
Aug 11 20:48:34 witherspoon inventory_items.py[927]: Loading from cache: /var/cache/obmc/org.openbmc.inventory.system.chassis.motherboard@org.openbmc.InventoryItem.props
Aug 11 20:48:34 witherspoon inventory_items.py[927]: Loading from cache: /var/cache/obmc/org.openbmc.inventory.system.chassis.motherboard.refclock@org.openbmc.InventoryItem.props
Aug 11 20:48:34 witherspoon inventory_items.py[927]: Loading from cache: /var/cache/obmc/org.openbmc.inventory.system.chassis.motherboard.cpu1.core7@org.openbmc.InventoryItem.props
Aug 11 20:48:34 witherspoon inventory_items.py[927]: Loading from cache: /var/cache/obmc/org.openbmc.inventory.system.chassis.motherboard.cpu1.core4@org.openbmc.InventoryItem.props
Aug 11 20:48:34 witherspoon inventory_items.py[927]: Loading from cache: /var/cache/obmc/org.openbmc.inventory.system.chassis.motherboard.cpu1.core1@org.openbmc.InventoryItem.props
Aug 11 20:48:34 witherspoon inventory_items.py[927]: Loading from cache: /var/cache/obmc/org.openbmc.inventory.system.chassis.motherboard.cpu1.core10@org.openbmc.InventoryItem.props
Aug 11 20:48:34 witherspoon inventory_items.py[927]: Loading from cache: /var/cache/obmc/org.openbmc.inventory.system.chassis.motherboard.todclock@org.openbmc.InventoryItem.props
Aug 11 20:48:35 witherspoon sensor_manager2.py[948]: Setting boot count to 3
Aug 11 20:48:35 witherspoon systemd[1]: Started Phosphor Sensor Manager.
Aug 11 20:48:35 witherspoon sensor_manager2.py[948]: Starting sensor manager
Aug 11 20:48:35 witherspoon inventory_items.py[927]: Loading from cache: /var/cache/obmc/org.openbmc.inventory.system.chassis.motherboard.cpu1@org.openbmc.InventoryItem.props
Aug 11 20:48:35 witherspoon inventory_items.py[927]: Loading from cache: /var/cache/obmc/org.openbmc.inventory.system.chassis.motherboard.bmc@org.openbmc.InventoryItem.props
Aug 11 20:48:35 witherspoon inventory_items.py[927]: Caching: /org/openbmc/inventory/system/chassis/motherboard/bmc
Aug 11 20:48:35 witherspoon inventory_items.py[927]: Loading from cache: /var/cache/obmc/org.openbmc.inventory.system.chassis.motherboard.cpu0.core1@org.openbmc.InventoryItem.props
Aug 11 20:48:35 witherspoon inventory_items.py[927]: Loading from cache: /var/cache/obmc/org.openbmc.inventory.system.chassis.motherboard.cpu0.core7@org.openbmc.InventoryItem.props
Aug 11 20:48:35 witherspoon inventory_items.py[927]: Loading from cache: /var/cache/obmc/org.openbmc.inventory.system.chassis.motherboard.cpu0.core4@org.openbmc.InventoryItem.props
Aug 11 20:48:35 witherspoon inventory_items.py[927]: Loading from cache: /var/cache/obmc/org.openbmc.inventory.system.chassis.motherboard.pcieclock@org.openbmc.InventoryItem.props
Aug 11 20:48:35 witherspoon inventory_items.py[927]: Loading from cache: /var/cache/obmc/org.openbmc.inventory.system.chassis.motherboard.cpu0.core10@org.openbmc.InventoryItem.props
Aug 11 20:48:35 witherspoon systemd[1]: Started Phosphor Inventory Manager.
Aug 11 20:48:35 witherspoon inventory_items.py[927]: Running Inventory Manager
Aug 11 20:48:36 witherspoon phosphor-mapper[942]: ObjectMapper startup complete.  Discovery in progress...
Aug 11 20:48:36 witherspoon systemd[1]: Started Phosphor Network Manager.
Aug 11 20:48:36 witherspoon netman.py[935]: Started
Aug 11 20:48:37 witherspoon avahi-daemon[970]: ../../avahi-0.6.32/avahi-daemon/chroot.c: open() failed: No such file or directory
Aug 11 20:48:37 witherspoon avahi-daemon[934]: Failed to open /usr/share/dbus-1/interfaces/org.freedesktop.Avahi.Server.xml: Invalid argument
Aug 11 20:48:37 witherspoon avahi-daemon[934]: Failed to load introspection data.
Aug 11 20:48:37 witherspoon systemd[1]: Started Phosphor User Manager.
Aug 11 20:48:37 witherspoon obmc-phosphor-userd[937]: Started
Aug 11 20:48:45 witherspoon phosphor-mapper[942]: ObjectMapper discovery complete
Aug 11 20:48:45 witherspoon systemd[1]: Started Phosphor DBus Service Discovery Manager.
Aug 11 20:48:45 witherspoon systemd[1]: Started Phosphor Hwmon Poller.
Aug 11 20:48:45 witherspoon systemd[1]: Reached target Phosphor Object Mapper.
Aug 11 20:48:45 witherspoon systemd[1]: Starting Phosphor Network Manager...
Aug 11 20:48:45 witherspoon systemd[1]: Starting Wait for /xyz/openbmc_project/state/chassis0...
Aug 11 20:48:45 witherspoon systemd[1]: Starting Wait for /xyz/openbmc_project/control/host0/auto_reboot...
Aug 11 20:48:45 witherspoon systemd[1]: Starting Wait for /xyz/openbmc_project/control/host0/power_restore_policy...
Aug 11 20:48:45 witherspoon systemd[1]: Started Phosphor DBus Monitor.
Aug 11 20:48:46 witherspoon phosphor-network-manager[1040]: ConfigParser: Section not found
Aug 11 20:48:46 witherspoon phosphor-network-manager[1040]: The operation failed internally.
Aug 11 20:48:46 witherspoon phosphor-network-manager[1040]: ConfigParser: Section not found
Aug 11 20:48:46 witherspoon phosphor-network-manager[1040]: The operation failed internally.
Aug 11 20:48:46 witherspoon phosphor-network-manager[1040]: ConfigParser: Key not found
Aug 11 20:48:46 witherspoon phosphor-network-manager[1040]: The operation failed internally.
Aug 11 20:48:46 witherspoon systemd[1]: Starting Wait for /xyz/openbmc_project/led/groups/bmc_booted...
Aug 11 20:48:46 witherspoon systemd[1]: Starting Wait for /org/openbmc/control/power0...
Aug 11 20:48:46 witherspoon systemd[1]: Starting Wait for /org/openbmc/managers/System...
Aug 11 20:48:46 witherspoon systemd[1]: Starting Wait for /xyz/openbmc_project/time/owner...
Aug 11 20:48:46 witherspoon systemd[1]: Starting Wait for /org/openbmc/NetworkManager/Interface...
Aug 11 20:48:46 witherspoon systemd[1]: Starting Wait for /org/openbmc/control/bmc0...
Aug 11 20:48:46 witherspoon systemd[1]: Starting Wait for /xyz/openbmc_project/inventory...
Aug 11 20:48:46 witherspoon systemd[1]: Starting Wait for /xyz/openbmc_project/control/host0/boot_mode...
Aug 11 20:48:46 witherspoon systemd[1]: Reached target Webserver (pre).
Aug 11 20:48:46 witherspoon systemd[1]: Starting Wait for /xyz/openbmc_project/control/host0...
Aug 11 20:48:47 witherspoon dbus[950]: [system] Activating via systemd: service name='org.freedesktop.journal1' unit='dbus-org.freedesktop.journal1.service'
Aug 11 20:48:47 witherspoon systemd[1]: Starting Wait for /org/openbmc/control/flash/bios...
Aug 11 20:48:47 witherspoon systemd[1]: Starting Wait for /xyz/openbmc_project/control/host0/boot_source...
Aug 11 20:48:47 witherspoon systemd[1]: Starting Wait for /org/openbmc/managers/Download...
Aug 11 20:48:47 witherspoon systemd[1]: Starting Wait for /xyz/openbmc_project/state/host0...
Aug 11 20:48:47 witherspoon systemd[1]: Starting Wait for /xyz/openbmc_project/control/host0/restriction_mode...
Aug 11 20:48:47 witherspoon systemd[1]: Starting Wait for /xyz/openbmc_project/led/groups...
Aug 11 20:48:47 witherspoon systemd[1]: Starting Wait for /xyz/openbmc_project/time/sync_method...
Aug 11 20:48:47 witherspoon systemd[1]: Starting Phosphor Settings Manager...
Aug 11 20:48:47 witherspoon systemd[1]: Starting Phoshpor System Manager...
Aug 11 20:48:48 witherspoon systemd[1]: Started Phosphor Hwmon Poller.
Aug 11 20:48:48 witherspoon systemd[1]: Started Phosphor Hwmon Poller.
Aug 11 20:48:48 witherspoon systemd[1]: Started Phosphor Hwmon Poller.
Aug 11 20:48:48 witherspoon systemd[1]: Started Phosphor Hwmon Poller.
Aug 11 20:48:48 witherspoon systemd[1]: Started Phosphor Hwmon Poller.
Aug 11 20:48:49 witherspoon systemd[1]: Started Wait for /xyz/openbmc_project/control/host0/auto_reboot.
Aug 11 20:48:49 witherspoon systemd[1]: Started Wait for /xyz/openbmc_project/control/host0/power_restore_policy.
Aug 11 20:48:49 witherspoon systemd[1]: Started Wait for /xyz/openbmc_project/led/groups/bmc_booted.
Aug 11 20:48:49 witherspoon systemd[1]: Started Wait for /xyz/openbmc_project/time/owner.
Aug 11 20:48:49 witherspoon systemd[1]: Started Wait for /org/openbmc/NetworkManager/Interface.
Aug 11 20:48:49 witherspoon systemd[1]: Started Wait for /org/openbmc/control/bmc0.
Aug 11 20:48:49 witherspoon systemd[1]: Started Wait for /xyz/openbmc_project/inventory.
Aug 11 20:48:49 witherspoon systemd[1]: Starting Journal Dbus Service...
Aug 11 20:48:49 witherspoon systemd[1]: Started Phosphor GPIO 1 Presence.
Aug 11 20:48:50 witherspoon systemd[1]: Starting Read OpenPOWER-format VPD from EEPROM...
Aug 11 20:48:50 witherspoon systemd[1]: Starting OpenPOWER OCC controller...
Aug 11 20:48:50 witherspoon systemd[1]: Started Phosphor Cooling Type.
Aug 11 20:48:50 witherspoon systemd[1]: Started Phosphor GPIO 0 Presence.
Aug 11 20:48:50 witherspoon systemd[1]: Started Phosphor DNS Settings Cache Manager.
Aug 11 20:48:50 witherspoon systemd[1]: Started Wait for /xyz/openbmc_project/control/host0/boot_mode.
Aug 11 20:48:50 witherspoon systemd[1]: Started Wait for /xyz/openbmc_project/control/host0/boot_source.
Aug 11 20:48:50 witherspoon systemd[1]: Started Wait for /org/openbmc/managers/Download.
Aug 11 20:48:50 witherspoon systemd[1]: Started Wait for /xyz/openbmc_project/control/host0/restriction_mode.
Aug 11 20:48:50 witherspoon systemd[1]: Started Wait for /xyz/openbmc_project/led/groups.
Aug 11 20:48:50 witherspoon systemd[1]: Started Wait for /xyz/openbmc_project/time/sync_method.
Aug 11 20:48:51 witherspoon systemd[1]: Started FRU Fault monitor service.
Aug 11 20:48:51 witherspoon systemd[1]: Starting Phosphor BIOS Code Update...
Aug 11 20:48:51 witherspoon systemd[1]: Starting Phosphor BMC Code Update...
Aug 11 20:48:53 witherspoon phosphor-gpio-presence[1076]: Updating inventory present property
Aug 11 20:48:53 witherspoon phosphor-gpio-presence[1087]: Updating inventory present property
Aug 11 20:48:53 witherspoon dbus[950]: [system] Successfully activated service 'org.freedesktop.journal1'
Aug 11 20:48:53 witherspoon systemd[1]: Started Journal Dbus Service.
Aug 11 20:48:54 witherspoon systemd[1]: Started Phosphor BIOS Code Update.
Aug 11 20:48:55 witherspoon phosphor-log-manager[931]: Failed to find metadata
Aug 11 20:48:55 witherspoon phosphor-fru-fault-monitor[1089]: /xyz/openbmc_project/logging/entry/3
Aug 11 20:48:56 witherspoon dbus[950]: [system] Activating via systemd: service name='org.freedesktop.hostname1' unit='dbus-org.freedesktop.hostname1.service'
Aug 11 20:48:56 witherspoon systemd[1]: Starting Hostname Service...
Aug 11 20:48:57 witherspoon dbus[950]: [system] Successfully activated service 'org.freedesktop.hostname1'
Aug 11 20:48:57 witherspoon systemd[1]: Started Hostname Service.
Aug 11 20:48:57 witherspoon systemd[1]: Started Phosphor Network Manager.
Aug 11 20:49:00 witherspoon systemd[1]: Started OpenPOWER OCC controller.
Aug 11 20:49:02 witherspoon system_manager.py[1065]: Running System State: BASE_APPS
Aug 11 20:49:02 witherspoon system_manager.py[1065]: SystemManager Init Done
Aug 11 20:49:02 witherspoon system_manager.py[1065]: Running SystemManager
Aug 11 20:49:02 witherspoon systemd[1]: Started Phoshpor System Manager.
Aug 11 20:49:03 witherspoon systemd[1]: Started Phosphor BMC Code Update.
Aug 11 20:49:03 witherspoon bmc_update.py[1091]: Running Bmc Flash Control
Aug 11 20:49:04 witherspoon systemd[1]: Started Read OpenPOWER-format VPD from EEPROM.
Aug 11 20:49:04 witherspoon system_manager.py[1065]: SystemManager Goto System State: BMC_STARTING
Aug 11 20:49:04 witherspoon system_manager.py[1065]: Running System State: BMC_STARTING
Aug 11 20:49:04 witherspoon settings_manager.py[1064]: Running HostSettingsService
Aug 11 20:49:04 witherspoon systemd[1]: Started Phosphor Settings Manager.
Aug 11 20:49:04 witherspoon systemd[1]: Starting Wait for /org/openbmc/settings/host0...
Aug 11 20:49:09 witherspoon systemd[1]: Started Wait for /org/openbmc/control/flash/bios.
Aug 11 20:49:09 witherspoon systemd[1]: Started Initialize BIOS Flash.
Aug 11 20:49:09 witherspoon systemd[1]: Started Wait for /org/openbmc/managers/System.
Aug 11 20:49:09 witherspoon systemd[1]: Starting Phosphor Host State Manager...
Aug 11 20:49:09 witherspoon systemd[1]: Starting Phosphor Power Button0...
Aug 11 20:49:09 witherspoon systemd[1]: Starting Phosphor Reset Button0...
Aug 11 20:49:09 witherspoon systemd[1]: Starting Phosphor Chassis State Manager...
Aug 11 20:49:10 witherspoon systemd[1]: Starting Phosphor Power0 Control...
Aug 11 20:49:10 witherspoon systemd[1]: Starting Phosphor BMC State Manager...
Aug 11 20:49:11 witherspoon phosphor-bmc-state-manager[1115]: Setting the BMCState field
Aug 11 20:49:11 witherspoon phosphor-bmc-state-manager[1115]: Setting the BMCState field
Aug 11 20:49:11 witherspoon systemd[1]: Started Phosphor BMC State Manager.
Aug 11 20:49:11 witherspoon phosphor-chassis-state-manager[1106]: Initial Chassis State will be Off
Aug 11 20:49:11 witherspoon systemd[1]: Started Phosphor Chassis State Manager.
Aug 11 20:49:11 witherspoon button_reset.exe[1105]: GPIO Lookup:  RESET_BUTTON = 353,both
Aug 11 20:49:11 witherspoon systemd[1]: Started Phosphor Reset Button0.
Aug 11 20:49:11 witherspoon system_manager.py[1065]: New object: /org/openbmc/control/power0 (:1.85)
Aug 11 20:49:11 witherspoon system_manager.py[1065]: Power GPIO config: ['SYS_PWROK_BUFF', '', [('SOFTWARE_PGOOD', True), ('BMC_POWER_UP', True)], [('BMC_CP0_RESET_N', False)], [], 'FSI_DATA', 'FSI_CLK', 'FSI_ENABLE', 'CRONUS_SEL', []]
Aug 11 20:49:11 witherspoon power_control.exe[1114]: Power GPIO latch output:
Aug 11 20:49:11 witherspoon power_control.exe[1114]: Power GPIO power good input: SYS_PWROK_BUFF
Aug 11 20:49:11 witherspoon power_control.exe[1114]: Power GPIO 2 power_up outputs
Aug 11 20:49:11 witherspoon power_control.exe[1114]: Power GPIO power_up[0] = SOFTWARE_PGOOD active HIGH
Aug 11 20:49:11 witherspoon power_control.exe[1114]: Power GPIO power_up[1] = BMC_POWER_UP active HIGH
Aug 11 20:49:11 witherspoon power_control.exe[1114]: Power GPIO 1 reset outputs
Aug 11 20:49:11 witherspoon power_control.exe[1114]: Power GPIO reset[0] = BMC_CP0_RESET_N active LOW
Aug 11 20:49:11 witherspoon power_control.exe[1114]: Power GPIO 0 pci reset outputs
Aug 11 20:49:11 witherspoon power_control.exe[1114]: FSI DATA GPIO: FSI_DATA
Aug 11 20:49:11 witherspoon power_control.exe[1114]: FSI CLK GPIO: FSI_CLK
Aug 11 20:49:11 witherspoon power_control.exe[1114]: FSI ENABLE GPIO: FSI_ENABLE
Aug 11 20:49:11 witherspoon power_control.exe[1114]: CRONUS SEL GPIO: CRONUS_SEL
Aug 11 20:49:11 witherspoon power_control.exe[1114]: Hostctl GPIO optionals: 0
Aug 11 20:49:11 witherspoon power_control.exe[1114]: GPIO Lookup:  SYS_PWROK_BUFF = 306,in
Aug 11 20:49:11 witherspoon button_power.exe[1104]: GPIO Lookup:  POWER_BUTTON = 347,both
Aug 11 20:49:11 witherspoon systemd[1]: Started Phosphor Power Button0.
Aug 11 20:49:11 witherspoon power_control.exe[1114]: GPIO Lookup:  SOFTWARE_PGOOD = 417,out
Aug 11 20:49:12 witherspoon power_control.exe[1114]: GPIO Lookup:  BMC_POWER_UP = 305,out
Aug 11 20:49:12 witherspoon power_control.exe[1114]: GPIO Lookup:  BMC_CP0_RESET_N = 281,out
Aug 11 20:49:12 witherspoon power_control.exe[1114]: Pgood state: 0
Aug 11 20:49:12 witherspoon systemd[1]: Started Phosphor Power0 Control.
Aug 11 20:49:13 witherspoon phosphor-host-state-manager[1103]: Initial Host State will be Off
Aug 11 20:49:13 witherspoon systemd[1]: Started Wait for /org/openbmc/settings/host0.
Aug 11 20:49:13 witherspoon systemd[1]: Started Phosphor Inband IPMI.
Aug 11 20:49:14 witherspoon systemd[1]: Started Phosphor Host State Manager.
Aug 11 20:49:15 witherspoon flash_bios.exe[1090]: Starting flasher: bios,,/org/openbmc/control/flash/bios,
Aug 11 20:49:15 witherspoon flash_bios.exe[1090]: flasher: , BMC = 1, address = 0x0
Aug 11 20:49:15 witherspoon flash_bios.exe[1090]: Setting up flash
Aug 11 20:49:15 witherspoon flash_bios.exe[1090]: Starting flasher: bios,,/org/openbmc/control/flash/bios,
Aug 11 20:49:15 witherspoon flash_bios.exe[1090]: flasher: , BMC = 1, address = 0x0
Aug 11 20:49:15 witherspoon flash_bios.exe[1090]: Setting up flash
Aug 11 20:49:18 witherspoon system_manager.py[1065]: SystemManager Goto System State: BMC_READY
Aug 11 20:49:18 witherspoon system_manager.py[1065]: Running System State: BMC_READY
Aug 11 20:49:18 witherspoon systemd[1]: Started Wait for /org/openbmc/control/power0.
Aug 11 20:49:18 witherspoon systemd[1]: Starting Phosphor Time Manager daemon...
Aug 11 20:49:18 witherspoon systemd[1]: Starting Check Chassis0 pgood and create a file to indicate it...
Aug 11 20:49:18 witherspoon systemd[1]: Started Wait for /xyz/openbmc_project/state/chassis0.
Aug 11 20:49:19 witherspoon timemanager[1142]: Registering dbus methods
Aug 11 20:49:19 witherspoon timemanager[1142]: Last known time_mode: NTP
Aug 11 20:49:19 witherspoon timemanager[1142]: Last known time_owner: BMC
Aug 11 20:49:19 witherspoon timemanager[1142]: Empty DhcpNtp string
Aug 11 20:49:19 witherspoon timemanager[1142]: Reading Power Control key: pgood
Aug 11 20:49:20 witherspoon systemd[1]: Started Check Chassis0 pgood and create a file to indicate it.
Aug 11 20:49:20 witherspoon systemd[1]: Reached target Chassis0 power on after reset.
Aug 11 20:49:20 witherspoon systemd[1]: Reached target Chassis0 (Reset Check).
Aug 11 20:49:20 witherspoon systemd[1]: Started Wait for /xyz/openbmc_project/state/host0.
Aug 11 20:49:20 witherspoon systemd[1]: Starting Reboot If Enabled...
Aug 11 20:49:20 witherspoon systemd[1]: Started Wait for /xyz/openbmc_project/control/host0.
Aug 11 20:49:20 witherspoon systemd[1]: Reached target Host0 running after reset.
Aug 11 20:49:20 witherspoon systemd[1]: Reached target Host0 (Reset Check).
Aug 11 20:49:20 witherspoon timemanager[1142]: Changing settings *allowed* now
Aug 11 20:49:20 witherspoon timemanager[1142]: Owner is already set to : BMC
Aug 11 20:49:20 witherspoon timemanager[1142]: Requested_Mode: NTP Current_Mode: NTP
Aug 11 20:49:20 witherspoon timemanager[1142]: Mode is already set to : NTP
Aug 11 20:49:20 witherspoon timemanager[1142]: Getting System Settings: use_dhcp_ntp
Aug 11 20:49:21 witherspoon timemanager[1142]: use_dhcp_ntp = yes
Aug 11 20:49:21 witherspoon timemanager[1142]: Last known host_offset:0
Aug 11 20:49:21 witherspoon timemanager[1142]: Initial Uptime Usec: 1502484465234014
Aug 11 20:49:21 witherspoon systemd[1]: Started Phosphor Time Manager daemon.
Aug 11 20:49:22 witherspoon phosphor-discover-system-state[1155]: Host power is off, checking power policy
Aug 11 20:49:22 witherspoon systemd[1]: Started Reboot If Enabled.
Aug 11 20:49:22 witherspoon systemd[1]: Reached target Phosphor System - Standby.
Aug 11 20:49:22 witherspoon systemd[1]: Starting Assert bmc_booted LED...
Aug 11 20:49:22 witherspoon phosphor-bmc-state-manager[1115]: BMC_READY
Aug 11 20:49:22 witherspoon phosphor-bmc-state-manager[1115]: Setting the BMCState field
Aug 11 20:49:22 witherspoon systemd[1]: Started Assert bmc_booted LED.
Aug 11 20:49:22 witherspoon systemd[1]: Startup finished in 8.918s (kernel) + 1min 28.348s (userspace) = 1min 37.266s.
Aug 11 20:52:21 witherspoon systemd[1]: Started Phosphor Webserver.
Aug 11 20:52:34 witherspoon phosphor-gevent[1167]: ::80c9:6776:8e91:f402%1995623196 - - [2017-08-11 20:52:34] "POST /login HTTP/1.1" 200 320 0.162874
Aug 11 20:52:34 witherspoon systemd[1]: Created slice system-dropbear.slice.
Aug 11 20:52:34 witherspoon systemd[1]: Started SSH Per-Connection Server (9.41.165.94:46042).
Aug 11 20:52:34 witherspoon dropbear[1169]: Failed loading /etc/dropbear/dropbear_dss_host_key
Aug 11 20:52:34 witherspoon dropbear[1169]: Failed loading /etc/dropbear/dropbear_ecdsa_host_key
Aug 11 20:52:34 witherspoon dropbear[1169]: Child connection from ::ffff:9.41.165.94:46042
Aug 11 20:52:35 witherspoon dropbear[1169]: PAM password auth succeeded for 'root' from ::ffff:9.41.165.94:46042
Aug 11 20:52:35 witherspoon dropbear[1170]: lastlog_perform_login: Couldn't stat /var/log/lastlog: No such file or directory
Aug 11 20:52:35 witherspoon dropbear[1170]: lastlog_openseek: /var/log/lastlog is not a file or directory!
Aug 11 20:52:36 witherspoon systemd[1]: Started SSH Per-Connection Server (9.41.165.94:46044).
Aug 11 20:52:36 witherspoon dropbear[1174]: Failed loading /etc/dropbear/dropbear_dss_host_key
Aug 11 20:52:36 witherspoon dropbear[1174]: Failed loading /etc/dropbear/dropbear_ecdsa_host_key
Aug 11 20:52:36 witherspoon dropbear[1174]: Child connection from ::ffff:9.41.165.94:46044
Aug 11 20:52:36 witherspoon dropbear[1174]: PAM password auth succeeded for 'root' from ::ffff:9.41.165.94:46044
Aug 11 20:52:37 witherspoon dropbear[1175]: lastlog_perform_login: Couldn't stat /var/log/lastlog: No such file or directory
Aug 11 20:52:37 witherspoon dropbear[1175]: lastlog_openseek: /var/log/lastlog is not a file or directory!
Aug 11 20:52:38 witherspoon systemd[1]: Started SSH Per-Connection Server (9.41.165.94:46046).
Aug 11 20:52:38 witherspoon dropbear[1181]: Failed loading /etc/dropbear/dropbear_dss_host_key
Aug 11 20:52:38 witherspoon dropbear[1181]: Failed loading /etc/dropbear/dropbear_ecdsa_host_key
Aug 11 20:52:38 witherspoon dropbear[1181]: Child connection from ::ffff:9.41.165.94:46046
Aug 11 20:52:38 witherspoon dropbear[1181]: PAM password auth succeeded for 'root' from ::ffff:9.41.165.94:46046
Aug 11 20:52:38 witherspoon dropbear[1182]: lastlog_perform_login: Couldn't stat /var/log/lastlog: No such file or directory
Aug 11 20:52:38 witherspoon dropbear[1182]: lastlog_openseek: /var/log/lastlog is not a file or directory!
Aug 11 20:52:40 witherspoon phosphor-gevent[1167]: ::80c9:6776:8e91:f402%1995623196 - - [2017-08-11 20:52:40] "POST /login HTTP/1.1" 200 320 0.049838
Aug 11 20:52:40 witherspoon phosphor-gevent[1167]: ::80c9:6776:8e91:f402%1995623196 - - [2017-08-11 20:52:40] "GET /xyz/openbmc_project/state/host0//attr/CurrentHostState HTTP/1.1" 200 212 0.090969
Aug 11 20:52:40 witherspoon dropbear[1169]: Exit (root): Error reading: Connection reset by peer
Aug 11 20:52:40 witherspoon dropbear[1174]: Exit (root): Exited normally
Aug 11 20:52:40 witherspoon dropbear[1181]: Exit (root): Error reading: Connection reset by peer
Aug 11 20:53:54 witherspoon systemd[1]: Started SSH Per-Connection Server (9.41.165.94:46080).
Aug 11 20:53:54 witherspoon dropbear[1193]: Failed loading /etc/dropbear/dropbear_dss_host_key
Aug 11 20:53:54 witherspoon dropbear[1193]: Failed loading /etc/dropbear/dropbear_ecdsa_host_key
Aug 11 20:53:54 witherspoon dropbear[1193]: Child connection from ::ffff:9.41.165.94:46080
Aug 11 20:53:54 witherspoon dropbear[1193]: PAM password auth succeeded for 'root' from ::ffff:9.41.165.94:46080
Aug 11 20:53:54 witherspoon dropbear[1194]: lastlog_perform_login: Couldn't stat /var/log/lastlog: No such file or directory
Aug 11 20:53:54 witherspoon dropbear[1194]: lastlog_openseek: /var/log/lastlog is not a file or directory!
Aug 11 20:53:56 witherspoon systemd[1]: Started SSH Per-Connection Server (9.41.165.94:46082).
Aug 11 20:53:56 witherspoon dropbear[1203]: Failed loading /etc/dropbear/dropbear_dss_host_key
Aug 11 20:53:56 witherspoon dropbear[1203]: Failed loading /etc/dropbear/dropbear_ecdsa_host_key
Aug 11 20:53:56 witherspoon dropbear[1203]: Child connection from ::ffff:9.41.165.94:46082
Aug 11 20:53:57 witherspoon dropbear[1203]: PAM password auth succeeded for 'root' from ::ffff:9.41.165.94:46082
Aug 11 20:53:57 witherspoon dropbear[1204]: lastlog_perform_login: Couldn't stat /var/log/lastlog: No such file or directory
Aug 11 20:53:57 witherspoon dropbear[1204]: lastlog_openseek: /var/log/lastlog is not a file or directory!
Aug 11 20:53:57 witherspoon systemd[1]: Started SSH Per-Connection Server (9.41.165.94:46084).
Aug 11 20:53:57 witherspoon dropbear[1210]: Failed loading /etc/dropbear/dropbear_dss_host_key
Aug 11 20:53:57 witherspoon dropbear[1210]: Failed loading /etc/dropbear/dropbear_ecdsa_host_key
Aug 11 20:53:57 witherspoon dropbear[1210]: Child connection from ::ffff:9.41.165.94:46084
Aug 11 20:53:57 witherspoon dropbear[1210]: PAM password auth succeeded for 'root' from ::ffff:9.41.165.94:46084
Aug 11 20:53:57 witherspoon dropbear[1211]: lastlog_perform_login: Couldn't stat /var/log/lastlog: No such file or directory
Aug 11 20:53:57 witherspoon dropbear[1211]: lastlog_openseek: /var/log/lastlog is not a file or directory!
Aug 11 20:53:59 witherspoon phosphor-gevent[1167]: ::80c9:6776:8e91:f402%1995623196 - - [2017-08-11 20:53:59] "POST /login HTTP/1.1" 200 320 0.032643
Aug 11 20:53:59 witherspoon phosphor-gevent[1167]: ::80c9:6776:8e91:f402%1995623196 - - [2017-08-11 20:53:59] "POST /login HTTP/1.1" 200 320 0.037433
Aug 11 20:53:59 witherspoon phosphor-gevent[1167]: ::80c9:6776:8e91:f402%1995623196 - - [2017-08-11 20:53:59] "GET /xyz/openbmc_project/state/host0//attr/CurrentHostState HTTP/1.1" 200 212 0.075319
Aug 11 20:53:59 witherspoon systemd[1]: Created slice system-obmc\x2dconsole\x2dssh.slice.
Aug 11 20:53:59 witherspoon systemd[1]: Started Phosphor Host Console SSH Per-Connection (9.41.165.94:34642).
Aug 11 20:54:00 witherspoon dropbear[1217]: Failed loading /etc/dropbear/dropbear_dss_host_key
Aug 11 20:54:00 witherspoon dropbear[1217]: Failed loading /etc/dropbear/dropbear_ecdsa_host_key
Aug 11 20:54:00 witherspoon dropbear[1217]: Child connection from ::ffff:9.41.165.94:34642
Aug 11 20:54:00 witherspoon phosphor-gevent[1167]: ::80c9:6776:8e91:f402%1995623196 - - [2017-08-11 20:54:00] "POST /login HTTP/1.1" 200 320 0.043770
Aug 11 20:54:00 witherspoon phosphor-host-state-manager[1103]: Host State transaction request
Aug 11 20:54:00 witherspoon dropbear[1217]: PAM password auth succeeded for 'root' from ::ffff:9.41.165.94:34642
Aug 11 20:54:00 witherspoon dropbear[1218]: lastlog_perform_login: Couldn't stat /var/log/lastlog: No such file or directory
Aug 11 20:54:00 witherspoon dropbear[1218]: lastlog_openseek: /var/log/lastlog is not a file or directory!
Aug 11 20:54:01 witherspoon phosphor-gevent[1167]: ::80c9:6776:8e91:f402%1995623196 - - [2017-08-11 20:54:01] "PUT /xyz/openbmc_project/state/host0//attr/RequestedHostTransition HTTP/1.1" 200 169 0.572749
Aug 11 20:54:01 witherspoon systemd[1]: Created slice system-op\x2dwait\x2dpower\x2doff.slice.
Aug 11 20:54:01 witherspoon systemd[1]: Starting Wait for /org/openbmc/HostIpmi/1...
Aug 11 20:54:01 witherspoon systemd[1]: Stopped target Host0 running after reset.
Aug 11 20:54:01 witherspoon systemd[1]: Created slice system-ir35221\x2doff\x2dunbind.slice.
Aug 11 20:54:01 witherspoon systemd[1]: Created slice system-obmc\x2dled\x2dgroup\x2dstop.slice.
Aug 11 20:54:01 witherspoon systemd[1]: Reached target Stop Host0 (Pre).
Aug 11 20:54:01 witherspoon systemd[1]: Starting Power off mode unbind ir35221 device driver devs...
Aug 11 20:54:01 witherspoon systemd[1]: Starting Wait for /org/openbmc/control/chassis0...
Aug 11 20:54:01 witherspoon systemd[1]: Stopped target Host0 (Reset Check).
Aug 11 20:54:01 witherspoon systemd[1]: Created slice system-op\x2dpower\x2dstop.slice.
Aug 11 20:54:01 witherspoon systemd[1]: Starting Wait for /xyz/openbmc_project/led/groups/power_on...
Aug 11 20:54:01 witherspoon systemd[1]: Reached target Stop Hosti (Pre).
Aug 11 20:54:01 witherspoon systemd[1]: Reached target Hosti (Stopping).
Aug 11 20:54:01 witherspoon systemd[1]: Reached target Hosti (Stopped).
Aug 11 20:54:01 witherspoon systemd[1]: Reached target Poweri Off (Pre).
Aug 11 20:54:01 witherspoon systemd[1]: Reached target Poweri Off.
Aug 11 20:54:01 witherspoon systemd[1]: Created slice system-ir35221\x2doff\x2dbind.slice.
Aug 11 20:54:01 witherspoon systemd[1]: Created slice system-vcs_off_poweroff.slice.
Aug 11 20:54:02 witherspoon systemd[1]: Started Wait for /org/openbmc/HostIpmi/1.
Aug 11 20:54:02 witherspoon systemd[1]: Started Power off mode unbind ir35221 device driver devs.
Aug 11 20:54:02 witherspoon systemd[1]: Started Wait for /org/openbmc/control/chassis0.
Aug 11 20:54:02 witherspoon systemd[1]: Started Wait for /xyz/openbmc_project/led/groups/power_on.
Aug 11 20:54:02 witherspoon systemd[1]: xyz.openbmc_project.Hwmon@ahb-apb-i2c\x401e78a000-i2c\x2dbus\x40140-ir35221\x4070.service: Unit not needed anymore. Stopping.
Aug 11 20:54:02 witherspoon systemd[1]: xyz.openbmc_project.Hwmon@ahb-apb-i2c\x401e78a000-i2c\x2dbus\x40180-ir35221\x4071.service: Service hold-off time over, scheduling restart.
Aug 11 20:54:02 witherspoon systemd[1]: xyz.openbmc_project.Hwmon@ahb-apb-i2c\x401e78a000-i2c\x2dbus\x40140-ir35221\x4071.service: Unit not needed anymore. Stopping.
Aug 11 20:54:03 witherspoon phosphor-gevent[1167]: ::80c9:6776:8e91:f402%1995623196 - - [2017-08-11 20:54:02] "POST /login HTTP/1.1" 200 320 0.559898
Aug 11 20:54:02 witherspoon systemd[1]: xyz.openbmc_project.Hwmon@ahb-apb-i2c\x401e78a000-i2c\x2dbus\x40180-ir35221\x4071.service: Unit not needed anymore. Stopping.
Aug 11 20:54:02 witherspoon systemd[1]: Requested transaction contradicts existing jobs: Transaction is destructive.
Aug 11 20:54:02 witherspoon systemd[1]: xyz.openbmc_project.Hwmon@ahb-apb-i2c\x401e78a000-i2c\x2dbus\x40180-ir35221\x4071.service: Failed to enqueue stop job, ignoring: Transaction is destructive.
Aug 11 20:54:02 witherspoon systemd[1]: xyz.openbmc_project.Hwmon@ahb-apb-i2c\x401e78a000-i2c\x2dbus\x40180-ir35221\x4070.service: Service hold-off time over, scheduling restart.
Aug 11 20:54:02 witherspoon systemd[1]: xyz.openbmc_project.Hwmon@ahb-apb-i2c\x401e78a000-i2c\x2dbus\x40180-ir35221\x4070.service: Unit not needed anymore. Stopping.
Aug 11 20:54:02 witherspoon systemd[1]: Requested transaction contradicts existing jobs: Transaction is destructive.
Aug 11 20:54:02 witherspoon systemd[1]: xyz.openbmc_project.Hwmon@ahb-apb-i2c\x401e78a000-i2c\x2dbus\x40180-ir35221\x4070.service: Failed to enqueue stop job, ignoring: Transaction is destructive.
Aug 11 20:54:02 witherspoon systemd[1]: xyz.openbmc_project.Hwmon@ahb-apb-i2c\x401e78a000-i2c\x2dbus\x40140-ir35221\x4070.service: Service hold-off time over, scheduling restart.
Aug 11 20:54:02 witherspoon systemd[1]: xyz.openbmc_project.Hwmon@ahb-apb-i2c\x401e78a000-i2c\x2dbus\x40140-ir35221\x4070.service: Stop job pending for unit, delaying automatic restart.
Aug 11 20:54:02 witherspoon systemd[1]: Stopped Phosphor Hwmon Poller.
Aug 11 20:54:02 witherspoon systemd[1]: Started Phosphor Hwmon Poller.
Aug 11 20:54:02 witherspoon systemd[1]: xyz.openbmc_project.Hwmon@ahb-apb-i2c\x401e78a000-i2c\x2dbus\x40180-ir35221\x4070.service: Unit not needed anymore. Stopping.
Aug 11 20:54:02 witherspoon systemd[1]: Stopping Phosphor Hwmon Poller...
Aug 11 20:54:02 witherspoon systemd[1]: Stopping Phosphor Hwmon Poller...
Aug 11 20:54:02 witherspoon systemd[1]: Stopped Phosphor Hwmon Poller.
Aug 11 20:54:02 witherspoon systemd[1]: Started Phosphor Hwmon Poller.
Aug 11 20:54:02 witherspoon systemd[1]: xyz.openbmc_project.Hwmon@ahb-apb-i2c\x401e78a000-i2c\x2dbus\x40180-ir35221\x4071.service: Unit not needed anymore. Stopping.
Aug 11 20:54:02 witherspoon systemd[1]: Stopping Phosphor Hwmon Poller...
Aug 11 20:54:02 witherspoon systemd[1]: Stopped Phosphor Hwmon Poller.
Aug 11 20:54:02 witherspoon systemd[1]: Starting Assert power_on LED...
Aug 11 20:54:02 witherspoon systemd[1]: Starting Soft power off of the host...
Aug 11 20:54:02 witherspoon systemd[1]: Stopped Phosphor Hwmon Poller.
Aug 11 20:54:02 witherspoon systemd[1]: Stopped Phosphor Hwmon Poller.
Aug 11 20:54:02 witherspoon systemd[1]: Stopped Phosphor Hwmon Poller.
Aug 11 20:54:06 witherspoon phosphor-gevent[1167]: ::80c9:6776:8e91:f402%1995623196 - - [2017-08-11 20:54:06] "GET /xyz/openbmc_project/state/chassis0//attr/CurrentPowerState HTTP/1.1" 200 216 3.882935
Aug 11 20:54:07 witherspoon phosphor-gevent[1167]: ::80c9:6776:8e91:f402%1995623196 - - [2017-08-11 20:54:07] "POST /login HTTP/1.1" 200 320 0.032418
Aug 11 20:54:07 witherspoon systemd[1]: Started Assert power_on LED.
Aug 11 20:54:07 witherspoon ipmid[1136]: Pushing cmd on to queue
Aug 11 20:54:07 witherspoon ipmid[1136]: Asserting SMS Attention
Aug 11 20:54:07 witherspoon ipmid[1136]: SMS Attention asserted
Aug 11 20:54:07 witherspoon phosphor-gevent[1167]: ::80c9:6776:8e91:f402%1995623196 - - [2017-08-11 20:54:07] "GET /xyz/openbmc_project/state/host0//attr/CurrentHostState HTTP/1.1" 200 212 0.220226
Aug 11 20:54:07 witherspoon phosphor-gevent[1167]: ::80c9:6776:8e91:f402%1995623196 - - [2017-08-11 20:54:07] "POST /login HTTP/1.1" 200 320 0.078618
Aug 11 20:54:08 witherspoon phosphor-host-state-manager[1103]: Host State transaction request
Aug 11 20:54:08 witherspoon phosphor-gevent[1167]: ::80c9:6776:8e91:f402%1995623196 - - [2017-08-11 20:54:08] "PUT /xyz/openbmc_project/state/host0//attr/RequestedHostTransition HTTP/1.1" 200 169 0.532673
Aug 11 20:54:08 witherspoon systemd[1]: Created slice system-obmc\x2denable\x2dhost\x2dwatchdog.slice.
Aug 11 20:54:08 witherspoon systemd[1]: Created slice system-cfam_override.slice.
Aug 11 20:54:08 witherspoon systemd[1]: Created slice system-phosphor\x2dfan\x2dpresence\x2dtach.slice.
Aug 11 20:54:08 witherspoon systemd[1]: Created slice system-phosphor\x2dfan\x2dcontrol\x2dinit.slice.
Aug 11 20:54:08 witherspoon systemd[1]: Created slice system-op\x2dpower\x2dstart.slice.
Aug 11 20:54:08 witherspoon systemd[1]: Created slice system-fsi\x2dscan.slice.
Aug 11 20:54:08 witherspoon systemd[1]: Created slice system-start_host.slice.
Aug 11 20:54:08 witherspoon systemd[1]: Created slice system-vcs_workaround.slice.
Aug 11 20:54:08 witherspoon systemd[1]: Starting Witherspoon Fan Watchdog Reset...
Aug 11 20:54:08 witherspoon systemd[1]: Created slice system-ir35221\x2don\x2dbind.slice.
Aug 11 20:54:08 witherspoon systemd[1]: Created slice system-fsi\x2dbind.slice.
Aug 11 20:54:08 witherspoon systemd[1]: Created slice system-op\x2dwait\x2dpower\x2don.slice.
Aug 11 20:54:08 witherspoon systemd[1]: Starting Wait for Power0 to turn on...
Aug 11 20:54:08 witherspoon systemd[1]: Created slice system-vrm\x2dcontrol.slice.
Aug 11 20:54:08 witherspoon systemd[1]: Created slice system-power\x2dworkarounds.slice.
Aug 11 20:54:08 witherspoon systemd[1]: Reached target Powerwitherspoon-fan-watchdog (On).
Aug 11 20:54:08 witherspoon systemd[1]: Started Witherspoon Fan Watchdog Daemon.
Aug 11 20:54:08 witherspoon systemd[1]: Created slice system-ucd_disable_vcs.slice.
Aug 11 20:54:08 witherspoon systemd[1]: Starting Disable UCD VCS rails...
Aug 11 20:54:08 witherspoon systemd[1]: Starting Wait for /xyz/openbmc_project/watchdog/host0...
Aug 11 20:54:08 witherspoon systemd[1]: Created slice system-phosphor\x2dwatchdog.slice.
Aug 11 20:54:09 witherspoon phosphor-gevent[1167]: ::80c9:6776:8e91:f402%1995623196 - - [2017-08-11 20:54:09] "POST /login HTTP/1.1" 200 320 0.040525
Aug 11 20:54:09 witherspoon systemd[1]: Started Phosphor poweron watchdog.
Aug 11 20:54:09 witherspoon systemd[1]: Created slice system-vcs_on.slice.
Aug 11 20:54:09 witherspoon systemd[1]: Created slice system-vcs_off.slice.
Aug 11 20:54:09 witherspoon systemd[1]: Starting Assert power_on LED...
Aug 11 20:54:09 witherspoon systemd[1]: Created slice system-avsbus\x2denable.slice.
Aug 11 20:54:09 witherspoon systemd[1]: Created slice system-mapper\x2dsubtree\x2dremove.slice.
Aug 11 20:54:09 witherspoon systemd[1]: Starting mapper subtree-remove /xyz/openbmc_project/software:xyz.openbmc_project.Software.ActivationBlocksTransition...
Aug 11 20:54:09 witherspoon systemd[1]: Created slice system-mboxd\x2dreload.slice.
Aug 11 20:54:09 witherspoon systemd[1]: Starting Reload mboxd during power on...
Aug 11 20:54:09 witherspoon systemd[1]: Created slice system-pcie\x2dslot\x2ddetect.slice.
Aug 11 20:54:09 witherspoon systemd[1]: Created slice system-avsbus\x2ddisable.slice.
Aug 11 20:54:10 witherspoon systemd[1]: Created slice system-ir35221\x2don\x2dunbind.slice.
Aug 11 20:54:10 witherspoon systemd[1]: Starting power on mode unbind ir35221 device driver devs...
Aug 11 20:54:10 witherspoon systemd[1]: Stopped Assert power_on LED.
Aug 11 20:54:10 witherspoon systemd[1]: Stopped Power off mode unbind ir35221 device driver devs.
Aug 11 20:54:10 witherspoon systemd[1]: Stopped target Stop Host0 (Pre).
Aug 11 20:54:10 witherspoon systemd[1]: Started Phosphor Fan Control Initialization.
Aug 11 20:54:10 witherspoon systemd[1]: Created slice system-phosphor\x2dgpio\x2dmonitor.slice.
Aug 11 20:54:10 witherspoon ipmid[1136]: Host control timeout hit!
Aug 11 20:54:10 witherspoon ipmid[1136]: Timer expired
Aug 11 20:54:10 witherspoon phosphor-gevent[1167]: ::80c9:6776:8e91:f402%1995623196 - - [2017-08-11 20:54:10] "GET /xyz/openbmc_project/state/chassis0//attr/CurrentPowerState HTTP/1.1" 200 216 1.374733
Aug 11 20:54:10 witherspoon systemd[1]: Started Phosphor GPIO checkstop monitor.
Aug 11 20:54:11 witherspoon kernel: ucd9000 11-0064: Device ID UCD90160|2.3.4.0000|110603
Aug 11 20:54:11 witherspoon kernel[949]: [  385.770000] ucd9000 11-0064: Device ID UCD90160|2.3.4.0000|110603
Aug 11 20:54:11 witherspoon systemd[1]: xyz.openbmc_project.Ipmi.Internal.SoftPowerOff.service: Main process exited, code=killed, status=15/TERM
Aug 11 20:54:11 witherspoon systemd[1]: Stopped Soft power off of the host.
Aug 11 20:54:11 witherspoon systemd[1]: xyz.openbmc_project.Ipmi.Internal.SoftPowerOff.service: Unit entered failed state.
Aug 11 20:54:11 witherspoon systemd[1]: xyz.openbmc_project.Ipmi.Internal.SoftPowerOff.service: Failed with result 'signal'.
Aug 11 20:54:11 witherspoon systemd[1]: Started Witherspoon Fan Watchdog Reset.
Aug 11 20:54:11 witherspoon mboxctl[1266]: Reset: Success
Aug 11 20:54:11 witherspoon systemd[1]: Started mapper subtree-remove /xyz/openbmc_project/software:xyz.openbmc_project.Software.ActivationBlocksTransition.
Aug 11 20:54:11 witherspoon systemd[1]: Started Disable UCD VCS rails.
Aug 11 20:54:11 witherspoon systemd[1]: Started Reload mboxd during power on.
Aug 11 20:54:11 witherspoon systemd[1]: Started power on mode unbind ir35221 device driver devs.
Aug 11 20:54:11 witherspoon systemd[1]: Starting Perform power workarounds on VRMs...
Aug 11 20:54:12 witherspoon phosphor-host-state-manager[1103]: Received signal that host is off
Aug 11 20:54:12 witherspoon phosphor-host-state-manager[1103]: Change to Host State
Aug 11 20:54:12 witherspoon phosphor-chassis-state-manager[1106]: Received signal that power OFF is complete
Aug 11 20:54:12 witherspoon phosphor-chassis-state-manager[1106]: Change to Chassis Power State
Aug 11 20:54:12 witherspoon kernel: ucd9000 11-0064: Device ID UCD90160|2.3.4.0000|110603
Aug 11 20:54:12 witherspoon kernel[949]: [  387.200000] ucd9000 11-0064: Device ID UCD90160|2.3.4.0000|110603
Aug 11 20:54:13 witherspoon phosphor-ledmanager[928]: Asserting LEDs
Aug 11 20:54:13 witherspoon phosphor-ledmanager[928]: No service providers for physical LED
Aug 11 20:54:13 witherspoon systemd[1]: Started Assert power_on LED.
Aug 11 20:54:13 witherspoon systemd[1]: Started Perform power workarounds on VRMs.
Aug 11 20:54:13 witherspoon systemd[1]: Starting Disable the AVS bus on the VRMs...
Aug 11 20:54:13 witherspoon systemd[1]: Started Disable the AVS bus on the VRMs.
Aug 11 20:54:13 witherspoon systemd[1]: Starting Apply voltage overrides to VRMs...
Aug 11 20:54:14 witherspoon vrm-control.sh[1336]: rail        set        read        current
Aug 11 20:54:14 witherspoon vrm-control.sh[1336]: -------        ------- ------- -------
Aug 11 20:54:14 witherspoon vrm-control.sh[1336]: vdna        0.898V        0.004V        0.000A
Aug 11 20:54:15 witherspoon systemd[1]: Started Wait for /xyz/openbmc_project/watchdog/host0.
Aug 11 20:54:15 witherspoon vrm-control.sh[1336]: vdnb        0.898V        0.004V        0.000A
Aug 11 20:54:15 witherspoon systemd[1]: Started Apply voltage overrides to VRMs.
Aug 11 20:54:15 witherspoon systemd[1]: Starting Enable the AVS bus on VRMs...
Aug 11 20:54:16 witherspoon systemd[1]: Started Enable the AVS bus on VRMs.
Aug 11 20:54:16 witherspoon systemd[1]: Starting Disable VCS before Witherspoon power on...
Aug 11 20:54:16 witherspoon systemd[1]: Started Disable VCS before Witherspoon power on.
Aug 11 20:54:16 witherspoon systemd[1]: Reached target Power0 On (Pre).
Aug 11 20:54:16 witherspoon systemd[1]: Starting Start Power0...
Aug 11 20:54:16 witherspoon power_control.exe[1114]: PowerControl: setting power up SOFTWARE_PGOOD to 1
Aug 11 20:54:16 witherspoon power_control.exe[1114]: PowerControl: setting power up BMC_POWER_UP to 1
Aug 11 20:54:16 witherspoon systemd[1]: Started Start Power0.
Aug 11 20:54:16 witherspoon timemanager[1142]:  PGOOD has changed..
Aug 11 20:54:16 witherspoon system_manager.py[1065]: Running System State: HOST_POWERING_ON
Aug 11 20:54:19 witherspoon power_control.exe[1114]: PowerControl: pgood: 1, setting reset BMC_CP0_RESET_N to 1
Aug 11 20:54:19 witherspoon system_manager.py[1065]: Running System State: HOST_POWERED_ON
Aug 11 20:54:19 witherspoon timemanager[1142]:  User Settings have changed..
Aug 11 20:54:19 witherspoon timemanager[1142]:  PGOOD has changed..
Aug 11 20:54:19 witherspoon timemanager[1142]: Changing time settings is *deferred* now
Aug 11 20:54:19 witherspoon systemd[1]: Started Wait for Power0 to turn on.
Aug 11 20:54:19 witherspoon systemd[1]: Reached target Power0 On.
Aug 11 20:54:19 witherspoon systemd[1]: Reached target Power0 (On).
Aug 11 20:54:19 witherspoon systemd[1]: Started Phosphor Fan Presence Tach Daemon.
Aug 11 20:54:19 witherspoon systemd[1]: Starting Scan FSI devices...
Aug 11 20:54:19 witherspoon systemd[1]: Started Phosphor Fan Control Initialization.
Aug 11 20:54:19 witherspoon systemd[1]: Starting PCIE Slot Presence Detection For Chassis0...
Aug 11 20:54:20 witherspoon kernel:  fsi0: fsi: found chip c0010d12 at 00:00:00
Aug 11 20:54:20 witherspoon kernel:  slave@00:00: engine[2]: type 4, version 6, addr c00 size 400
Aug 11 20:54:20 witherspoon kernel:  slave@00:00: engine[3]: type 5, version 6, addr 1000 size 400
Aug 11 20:54:20 witherspoon kernel[949]: [  395.270000]  fsi0: fsi: found chip c0010d12 at 00:00:00
Aug 11 20:54:20 witherspoon kernel[949]: [  395.270000]  slave@00:00: engine[2]: type 4, version 6, addr c00 size 400
Aug 11 20:54:20 witherspoon kernel[949]: [  395.270000]  slave@00:00: engine[3]: type 5, version 6, addr 1000 size 400
Aug 11 20:54:20 witherspoon kernel:  slave@00:00: engine[4]: type 6, version 1, addr 1400 size 400
Aug 11 20:54:20 witherspoon kernel:  slave@00:00: engine[5]: type 7, version 2, addr 1800 size 400
Aug 11 20:54:20 witherspoon kernel[949]: [  395.410000]  slave@00:00: engine[4]: type 6, version 1, addr 1400 size 400
Aug 11 20:54:20 witherspoon kernel[949]: [  395.410000]  slave@00:00: engine[5]: type 7, version 2, addr 1800 size 400
Aug 11 20:54:21 witherspoon kernel:  slave@00:00: engine[8]: type 22, version 1, addr 2400 size 400
Aug 11 20:54:21 witherspoon kernel: sbefifo 00:00:00:06: Found sbefifo device
Aug 11 20:54:21 witherspoon kernel: occ-hwmon occ1-dev0: failed to get OCC poll response: -19
Aug 11 20:54:21 witherspoon kernel:  slave@00:00: engine[9]: type 20, version 2, addr 2800 size 800
Aug 11 20:54:21 witherspoon kernel:  slave@00:00: engine[11]: type 1a, version 1, addr 3000 size 400
Aug 11 20:54:21 witherspoon kernel:  slave@00:00: engine[12]: type 1c, version 1, addr 3400 size 400
Aug 11 20:54:21 witherspoon kernel: fsi-master-hub 00:00:00:0a: hub version 92010800 (8 links)
Aug 11 20:54:21 witherspoon kernel:  slave@00:00: status: 0x84000510, sisc: 0x01040108
Aug 11 20:54:21 witherspoon kernel:  slave@00:00: status: 0x84000500, sisc: 0x00040108
Aug 11 20:54:21 witherspoon kernel:  fsi1: can't read slave 00:00 -5
Aug 11 20:54:21 witherspoon kernel:  fsi1: fsi: found chip c0010d12 at 01:01:00
Aug 11 20:54:21 witherspoon kernel:  slave@01:00: engine[2]: type 4, version 6, addr c00 size 400
Aug 11 20:54:21 witherspoon kernel:  slave@01:00: engine[3]: type 5, version 6, addr 1000 size 400
Aug 11 20:54:21 witherspoon kernel[949]: [  395.560000]  slave@00:00: engine[8]: type 22, version 1, addr 2400 size 400
Aug 11 20:54:21 witherspoon kernel[949]: [  395.560000] sbefifo 00:00:00:06: Found sbefifo device
Aug 11 20:54:21 witherspoon kernel[949]: [  395.560000] occ-hwmon occ1-dev0: failed to get OCC poll response: -19
Aug 11 20:54:21 witherspoon kernel[949]: [  395.560000]  slave@00:00: engine[9]: type 20, version 2, addr 2800 size 800
Aug 11 20:54:21 witherspoon kernel[949]: [  395.560000]  slave@00:00: engine[11]: type 1a, version 1, addr 3000 size 400
Aug 11 20:54:21 witherspoon kernel[949]: [  395.560000]  slave@00:00: engine[12]: type 1c, version 1, addr 3400 size 400
Aug 11 20:54:21 witherspoon kernel[949]: [  395.560000] fsi-master-hub 00:00:00:0a: hub version 92010800 (8 links)
Aug 11 20:54:21 witherspoon kernel[949]: [  395.710000]  slave@00:00: status: 0x84000510, sisc: 0x01040108
Aug 11 20:54:21 witherspoon kernel[949]: [  395.710000]  slave@00:00: status: 0x84000500, sisc: 0x00040108
Aug 11 20:54:21 witherspoon kernel[949]: [  395.710000]  fsi1: can't read slave 00:00 -5
Aug 11 20:54:21 witherspoon kernel:  slave@01:00: engine[4]: type 6, version 1, addr 1400 size 400
Aug 11 20:54:21 witherspoon kernel:  slave@01:00: engine[5]: type 7, version 2, addr 1800 size 400
Aug 11 20:54:21 witherspoon phosphor-gevent[1167]: ::80c9:6776:8e91:f402%1995623196 - - [2017-08-11 20:54:21] "POST /login HTTP/1.1" 200 320 0.033464
Aug 11 20:54:21 witherspoon systemd[1]: Started PCIE Slot Presence Detection For Chassis0.
Aug 11 20:54:21 witherspoon kernel[949]: [  395.710000]  fsi1: fsi: found chip c0010d12 at 01:01:00
Aug 11 20:54:21 witherspoon kernel[949]: [  395.710000]  slave@01:00: engine[2]: type 4, version 6, addr c00 size 400
Aug 11 20:54:21 witherspoon kernel[949]: [  395.710000]  slave@01:00: engine[3]: type 5, version 6, addr 1000 size 400
Aug 11 20:54:21 witherspoon kernel[949]: [  396.200000]  slave@01:00: engine[4]: type 6, version 1, addr 1400 size 400
Aug 11 20:54:21 witherspoon kernel[949]: [  396.370000]  slave@01:00: engine[5]: type 7, version 2, addr 1800 size 400
Aug 11 20:54:21 witherspoon phosphor-gevent[1167]: ::80c9:6776:8e91:f402%1995623196 - - [2017-08-11 20:54:21] "GET /xyz/openbmc_project/state/chassis0//attr/CurrentPowerState HTTP/1.1" 200 216 0.163598
Aug 11 20:54:23 witherspoon kernel:  slave@01:00: engine[8]: type 22, version 1, addr 2400 size 400
Aug 11 20:54:23 witherspoon kernel: sbefifo 01:01:00:06: Found sbefifo device
Aug 11 20:54:23 witherspoon kernel: occ-hwmon occ2-dev0: failed to get OCC poll response: -19
Aug 11 20:54:23 witherspoon kernel:  slave@01:00: engine[9]: type 20, version 2, addr 2800 size 800
Aug 11 20:54:23 witherspoon kernel:  slave@01:00: engine[11]: type 1a, version 1, addr 3000 size 400
Aug 11 20:54:23 witherspoon kernel:  slave@01:00: engine[12]: type 1c, version 1, addr 3400 size 400
Aug 11 20:54:23 witherspoon kernel: fsi-master-hub 01:01:00:0a: hub version 92010800 (8 links)
Aug 11 20:54:23 witherspoon kernel:  slave@00:00: status: 0x84000500, sisc: 0x00040108
Aug 11 20:54:23 witherspoon kernel:  slave@00:00: status: 0x84000500, sisc: 0x00040108
Aug 11 20:54:23 witherspoon kernel:  slave@01:00: status: 0x04000510, sisc: 0x01040000
Aug 11 20:54:23 witherspoon kernel:  slave@00:00: status: 0x84000500, sisc: 0x00040108
Aug 11 20:54:23 witherspoon kernel:  slave@00:00: status: 0x84000500, sisc: 0x00040108
Aug 11 20:54:23 witherspoon kernel:  slave@01:00: status: 0x04000500, sisc: 0x00040000
Aug 11 20:54:23 witherspoon kernel:  slave@00:00: status: 0x84000500, sisc: 0x00040108
Aug 11 20:54:23 witherspoon kernel:  slave@00:00: status: 0x84000500, sisc: 0x00040108
Aug 11 20:54:23 witherspoon kernel:  slave@01:00: status: 0x04000500, sisc: 0x00040000
Aug 11 20:54:23 witherspoon kernel:  slave@00:00: status: 0x84000500, sisc: 0x00040108
Aug 11 20:54:23 witherspoon kernel:  slave@00:00: status: 0x84000500, sisc: 0x00040108
Aug 11 20:54:23 witherspoon kernel:  slave@01:00: status: 0x04000500, sisc: 0x00040000
Aug 11 20:54:23 witherspoon kernel:  slave@00:00: status: 0x84000500, sisc: 0x00040108
