spawn ssh -p 2200 -o StrictHostKeyChecking no root@9.3.86.161
Warning: Permanently added '[9.3.86.161]:2200' (RSA) to the list of known hosts.
root@9.3.86.161's password: 


--== Welcome to Hostboot hostboot-c68be97/hbicore.bin ==--

  3.91364|secure|Booting in non-secure mode.
  3.91365|secure|SecureROM valid - enabling functionality
  7.05870|ISTEP  6. 5 - host_init_fsi
  7.20798|ISTEP  6. 6 - host_set_ipl_parms
  7.22629|ISTEP  6. 7 - host_discover_targets
  7.86213|HWAS|PRESENT> DIMM[03]=FF77000000000000
  7.86214|HWAS|PRESENT> Proc[05]=C000000000000000
  7.88415|ISTEP  6. 8 - host_update_master_tpm
 18.54268|SECURE|Security Access Bit> 0x0000000000000000
 18.54269|SECURE|Secure Mode Disable (via Jumper)> 0xC000000000000000
 18.54278|ISTEP  6. 9 - host_gard
 18.59592|ISTEP  6.10 - host_revert_sbe_mcs_setup
 18.60141|ISTEP  6.11 - host_start_occ_xstop_handler
 18.60224|ISTEP  6.12 - host_voltage_config
 18.63217|ISTEP  7. 2 - mss_volt
 19.21710|ISTEP  7. 3 - mss_freq
 19.30979|ISTEP  7. 4 - mss_eff_config
 21.97012|ISTEP  7. 5 - mss_attr_update
 21.98091|ISTEP  8. 1 - host_slave_sbe_config
 22.02800|ISTEP  8. 2 - host_setup_sbe
 22.03280|ISTEP  8. 3 - host_cbs_start
 22.06321|ISTEP  8. 4 - proc_check_slave_sbe_seeprom_complete
 29.27904|ISTEP  8. 5 - host_attnlisten_proc
 29.27967|ISTEP  8. 6 - host_p9_fbc_eff_config
 29.28470|ISTEP  8. 7 - host_p9_eff_config_links
 29.29481|ISTEP  8. 8 - proc_attr_update
 29.29629|ISTEP  8. 9 - proc_chiplet_fabric_scominit
 29.32462|ISTEP  8.10 - proc_xbus_scominit
 30.87796|ISTEP  8.11 - proc_xbus_enable_ridi
 30.88083|ISTEP  9. 1 - fabric_erepair
 31.09952|ISTEP  9. 2 - fabric_io_dccal
 31.77069|ISTEP  9. 3 - fabric_pre_trainadv
 31.77964|ISTEP  9. 4 - fabric_io_run_training
 31.90314|ISTEP  9. 5 - fabric_post_trainadv
 31.90739|ISTEP  9. 6 - proc_smp_link_layer
 31.91100|ISTEP  9. 7 - proc_fab_iovalid
 31.94236|ISTEP  9. 8 - host_fbc_eff_config_aggregate
 31.95002|ISTEP 10. 1 - proc_build_smp
 32.06521|ISTEP 10. 2 - host_slave_sbe_update
 32.77567|ISTEP 10. 3 - host_set_voltages
 32.80856|ISTEP 10. 4 - proc_cen_ref_clk_enable
 32.81236|ISTEP 10. 5 - proc_enable_osclite
 32.81321|ISTEP 10. 6 - proc_chiplet_scominit
 32.84249|ISTEP 10. 7 - proc_abus_scominit
 32.85301|ISTEP 10. 8 - proc_obus_scominit
 32.91534|ISTEP 10. 9 - proc_npu_scominit
 32.93707|ISTEP 10.10 - proc_pcie_scominit
 32.99087|ISTEP 10.11 - proc_scomoverride_chiplets
 32.99353|ISTEP 10.12 - proc_chiplet_enable_ridi
 32.99561|ISTEP 10.13 - host_rng_bist
 32.99741|ISTEP 10.14 - host_update_redundant_tpm
 33.06568|ISTEP 11. 1 - host_prd_hwreconfig
 33.07303|ISTEP 11. 2 - cen_tp_chiplet_init1
 33.07414|ISTEP 11. 3 - cen_pll_initf
 33.07520|ISTEP 11. 4 - cen_pll_setup
 33.07709|ISTEP 11. 5 - cen_tp_chiplet_init2
 33.08038|ISTEP 11. 6 - cen_tp_arrayinit
 33.08214|ISTEP 11. 7 - cen_tp_chiplet_init3
 33.08341|ISTEP 11. 8 - cen_chiplet_init
 33.08446|ISTEP 11. 9 - cen_arrayinit
 33.08624|ISTEP 11.10 - cen_initf
 33.08726|ISTEP 11.11 - cen_do_manual_inits
 33.08839|ISTEP 11.12 - cen_startclocks
 33.08948|ISTEP 11.13 - cen_scominits
 33.09230|ISTEP 12. 1 - mss_getecid
 33.09695|ISTEP 12. 2 - dmi_attr_update
 33.09846|ISTEP 12. 3 - proc_dmi_scominit
 33.11191|ISTEP 12. 4 - cen_dmi_scominit
 33.11323|ISTEP 12. 5 - dmi_erepair
 33.11491|ISTEP 12. 6 - dmi_io_dccal
 33.11598|ISTEP 12. 7 - dmi_pre_trainadv
 33.11718|ISTEP 12. 8 - dmi_io_run_training
 33.11891|ISTEP 12. 9 - dmi_post_trainadv
 33.11997|ISTEP 12.10 - proc_cen_framelock
 33.12124|ISTEP 12.11 - host_startprd_dmi
 33.12395|ISTEP 12.12 - host_attnlisten_memb
 33.12498|ISTEP 12.13 - cen_set_inband_addr
 33.12622|ISTEP 13. 1 - host_disable_memvolt
 33.26273|ISTEP 13. 2 - mem_pll_reset
 33.27715|ISTEP 13. 3 - mem_pll_initf
 33.32482|ISTEP 13. 4 - mem_pll_setup
 33.34953|ISTEP 13. 6 - mem_startclocks
 33.36713|ISTEP 13. 7 - host_enable_memvolt
 33.36834|ISTEP 13. 8 - mss_scominit
 33.65638|ISTEP 13. 9 - mss_ddr_phy_reset
 33.72250|ISTEP 13.10 - mss_draminit
 33.97617|ISTEP 13.11 - mss_draminit_training
 34.30948|ISTEP 13.12 - mss_draminit_trainadv
 34.31174|ISTEP 13.13 - mss_draminit_mc
 34.34317|ISTEP 14. 1 - mss_memdiag
 44.72604|ISTEP 14. 2 - mss_thermal_init
 44.74009|ISTEP 14. 3 - proc_pcie_config
 44.75428|ISTEP 14. 4 - mss_power_cleanup
 44.75608|ISTEP 14. 5 - proc_setup_bars
 44.79592|ISTEP 14. 6 - proc_htm_setup
 44.80866|ISTEP 14. 7 - proc_exit_cache_contained
 44.82260|ISTEP 15. 1 - host_build_stop_image
 45.77845|ISTEP 15. 2 - proc_set_pba_homer_bar
 45.78540|ISTEP 15. 3 - host_establish_ex_chiplet
 45.79273|ISTEP 15. 4 - host_start_stop_engine
 45.89837|ISTEP 16. 1 - host_activate_master
  0.00709|ISTEP 16. 2 - host_activate_slave_cores
 47.51136|ISTEP 16. 3 - host_secure_rng
 47.52038|ISTEP 16. 4 - mss_scrub
 47.55646|ISTEP 16. 5 - host_ipl_complete
 47.59508|ISTEP 16. 6 - host_load_io_ppe
 47.63206|ISTEP 18.11 - proc_tod_setup
 47.82233|ISTEP 18.12 - proc_tod_init
 47.82538|ISTEP 20. 1 - host_load_payload
 48.21781|ISTEP 20. 2 - host_load_hdat
 51.98601|ISTEP 21. 1 - host_runtime_setup
 52.32940|dw-Setting HDAT HB Reserved Memory Range: ibm,homer-image RangeType 0x4 RangeId 0x0 StartAddress 0x80002017FD800000 EndAddress 0x80002017FDBFFFFF
 52.32943|dw-Setting HDAT HB Reserved Memory Range: ibm,homer-image RangeType 0x4 RangeId 0x8 StartAddress 0x80002017FDC00000 EndAddress 0x80002017FDFFFFFF
 52.32947|dw-Setting HDAT HB Reserved Memory Range: ibm,occ-common-area RangeType 0x4 RangeId 0x0 StartAddress 0x80002017FF800000 EndAddress 0x80002017FFFFFFFF
 52.72363|dw-Setting HDAT HB Reserved Memory Range: ibm,hbrt-data RangeType 0x1 RangeId 0x0 StartAddress 0x80002017FD670000 EndAddress 0x80002017FD7FFFFF
 54.55362|dw-Setting HDAT HB Reserved Memory Range: ibm,hbrt-code-image RangeType 0x1 RangeId 0x0 StartAddress 0x80002017FD390000 EndAddress 0x80002017FD66FFFF
 54.59265|dw-Setting HDAT HB Reserved Memory Range: ibm,sbe-comm RangeType 0x1 RangeId 0x0 StartAddress 0x80002017FD380000 EndAddress 0x80002017FD38FFFF
 54.59269|dw-Setting HDAT HB Reserved Memory Range: ibm,sbe-ffdc RangeType 0x1 RangeId 0x0 StartAddress 0x80002017FD370000 EndAddress 0x80002017FD37FFFF
 54.59752|dw-Setting HDAT HB Reserved Memory Range: ibm,sbe-comm RangeType 0x1 RangeId 0x8 StartAddress 0x80002017FD360000 EndAddress 0x80002017FD36FFFF
 54.59756|dw-Setting HDAT HB Reserved Memory Range: ibm,sbe-ffdc RangeType 0x1 RangeId 0x8 StartAddress 0x80002017FD350000 EndAddress 0x80002017FD35FFFF
 54.59298|dw-Setting HDAT HB Reserved Memory Range: ibm,secure-crypt-algo-code RangeType 0x3 RangeId 0x0 StartAddress 0x80002017FD340000 EndAddress 0x80002017FD34FFFF
 54.83653|dw-Setting HDAT HB Reserved Memory Range: OCC RangeType 0x5 RangeId 0x0 StartAddress 0x80002017FD2A0000 EndAddress 0x80002017FD33FFFF
 54.86706|dw-Setting HDAT HB Reserved Memory Range: WOFDATA RangeType 0x5 RangeId 0x0 StartAddress 0x80002017FD1A0000 EndAddress 0x80002017FD29FFFF
 54.86900|dw-Setting HDAT HB Reserved Memory Range: HCODE RangeType 0x5 RangeId 0x0 StartAddress 0x80002017FD130000 EndAddress 0x80002017FD19FFFF
 62.33551|htmgt|OCCs are now running in ACTIVE state
 62.34507|ISTEP 21. 2 - host_verify_hdat
 62.35086|ISTEP 21. 3 - host_start_payload
[   77.292811980,5] OPAL skiboot-v5.8-rc1-pd9d2012 starting...
[   77.292815961,7] initial console log level: memory 7, driver 5
[   77.292818091,6] CPU: P9 generation processor (max 4 threads/core)
[   77.292820048,7] CPU: Boot CPU PIR is 0x0020 PVR is 0x004e1200
[   77.292822096,7] CPU: Initial max PIR set to 0x7fff
[   77.293822012,7] OPAL table: 0x300e4740 .. 0x300e4c80, branch table: 0x30002000
[   77.293825482,7] Assigning physical memory map table for nimbus
[   77.293828099,7] Parsing HDAT...
[   77.293829639,5] SPIRA-S found.
[   77.293832008,6] BMC #0: HW version 3, SW version 2, chip DD1.0
[   77.294038201,4] SENSORS: Duplicate sensor ID : 8
[   77.294198035,4] SENSORS: Duplicate sensor ID : 9
[   77.294199967,6] SP Family is openbmc
[   77.294205475,7] LPC: IOPATH chip id = 0
[   77.294206879,7] LPC: FW BAR       = f0000000
[   77.294208439,7] LPC: MEM BAR      = e0000000
[   77.294210013,7] LPC: IO BAR       = d0010000
[   77.294211562,7] LPC: Internal BAR = c0012000
[   77.294224420,7] LPC UART: base addr = 3f8 (3f8) size = 1 clk = 1843200, baud = 115200
[   77.294227342,7] LPC: BT [0, 0] sms_int: 0, bmc_int: 0
[   77.295001223,5] UART: Using UART at 0x60300d00103f8
[   77.297605927,3] I2C: v2 found, but not supported. Parsing as v1
[   77.297929763,3] I2C: v2 found, but not supported. Parsing as v1
[   77.298615066,5] P9 DD2.00 detected
[   77.298659154,5] CHIP: Chip ID 0000 type: P9N DD2.0
[   77.298714307,5] P9 DD2.00 detected
[   77.298746215,5] CHIP: Chip ID 0008 type: P9N DD2.0
[   77.299085950,5] SLW: Enabling: stop0_lite
[   77.299134754,5] SLW: Enabling: stop0
[   77.299295922,5] PLAT: Using virtual UART
[   77.299506199,7] LPC: Routing irq 9, policy: 0 (r=1)
[   77.299508056,7] LPC: SerIRQ 9 using route 0 targetted at OPAL
[   77.299727498,5] PLAT: Detected Witherspoon platform
[   77.299789304,5] PLAT: Detected BMC platform OpenBMC
[   77.340060863,5] CPU: All 176 processors called in...
[    2.463138139,5] FLASH: Found system flash:  id:0
[    2.463230745,5] BT: Interface initialized, IO 0x00e4
[    2.463278691,7] LPC: Routing irq 10, policy: 0 (r=1)
[    2.463280243,7] LPC: SerIRQ 10 using route 1 targetted at OPAL
[    3.412247813,5] NVRAM: Size is 576 KB
[    4.105526490,5] STB: secure and trusted boot not supported
[    4.105595741,5] OPAL: Using OPAL UART console
[    4.105653607,7] LPC: Routing irq 4, policy: 0 (r=1)
[    4.105655028,7] LPC: SerIRQ 4 using route 2 targetted at OPAL
[    4.106939214,5] VAS: Initialized chip 0
[    4.108080114,5] VAS: Initialized chip 8
[    4.108266356,5] Found ibm,power9-nx
[    4.108316249,3] NX0: DMA VAS MMIO BAR, 0x0006019100000000, xcfg 0x201105e
[    4.108447825,5] Found ibm,power9-nx
[    4.108487549,3] NX8: DMA VAS MMIO BAR, 0x0006219100000000, xcfg 0x201105e
[    6.335613156,3] FLASH: flash subpartition not found.
[    6.335683317,3] FLASH: Failed to parse subpart info for CAPP
[    6.338015478,3] CAPP: Error loading ucode lid. index=200d1
[    6.362266031,5] PCI: Resetting PHBs and training links...
[    7.398197681,5] PCI: Probing slots...
[    7.455560041,3] PCI: built-in device not found:  (loc: 100)
[    7.455622053,3] PCI: built-in device not found: GPU0 down (loc: 250)
[    7.455671870,3] PCI: built-in device not found: GPU0 (loc: 400)
[    7.455714916,3] PCI: built-in device not found: GPU1 down (loc: 258)
[    7.455754398,3] PCI: built-in device not found: GPU1 (loc: 500)
[    7.455799866,3] PCI: built-in device not found: GPU2 down (loc: 260)
[    7.455841882,3] PCI: built-in device not found: GPU2 (loc: 600)
[    7.455892893,3] PCI: built-in device not found:  (loc: 100)
[    7.455932058,3] PCI: built-in device not found: GPU3 down (loc: 220)
[    7.455971282,3] PCI: built-in device not found: GPU3 (loc: 300)
[    7.456013960,3] PCI: built-in device not found: GPU4 down (loc: 228)
[    7.456053201,3] PCI: built-in device not found: GPU4 (loc: 400)
[    7.456095890,3] PCI: built-in device not found: GPU5 down (loc: 268)
[    7.456137721,3] PCI: built-in device not found: GPU5 (loc: 500)
[    7.456189633,5] PHB#0000:00:00.0 [ROOT] 1014 04c1 R:00 C:060400 B:00..00 
[    7.456238583,5] PHB#0001:00:00.0 [ROOT] 1014 04c1 R:00 C:060400 B:01..01 
[    7.456289897,5] PHB#0001:01:00.0 [EP  ] 104c 8241 R:02 C:0c0330 (      usb-xhci) 
[    7.456348977,5] PHB#0002:00:00.0 [ROOT] 1014 04c1 R:00 C:060400 B:01..02 
[    7.456404489,5] PHB#0002:01:00.0 [ETOX] 1a03 1150 R:04 C:060400 B:02..02 
[    7.456469982,5] PHB#0002:02:00.0 [PCID] 1a03 2000 R:41 C:030000 (           vga) 
[    7.456523877,5] PHB#0003:00:00.0 [ROOT] 1014 04c1 R:00 C:060400 B:00..00 
[    7.456577377,5] PHB#0004:00:00.0 [ROOT] 1014 04c1 R:00 C:060400 B:01..06 
[    7.456632250,5] PHB#0004:01:00.0 [SWUP] 10b5 8725 R:ca C:060400 B:02..06 
[    7.456705577,5] PHB#0004:02:02.0 [SWDN] 10b5 8725 R:ca C:060400 B:03..03 SLOT=S000403 
[    7.456771343,5] PHB#0004:03:00.0 [LGCY] 1b4b 9235 R:11 C:010601 (          sata) LOC_CODE=S000403
[    7.456842568,5] PHB#0004:02:0a.0 [SWDN] 10b5 8725 R:ca C:060400 B:04..04 SLOT=GPU0 down 
[    7.456916756,5] PHB#0004:02:0b.0 [SWDN] 10b5 8725 R:ca C:060400 B:05..05 SLOT=GPU1 down 
[    7.456990915,5] PHB#0004:02:0c.0 [SWDN] 10b5 8725 R:ca C:060400 B:06..06 SLOT=GPU2 down 
[    7.457057340,5] PHB#0004:01:00.1 [EP  ] 10b5 87d0 R:ca C:088000 (system-peripheral) 
[    7.457114964,5] PHB#0004:01:00.2 [EP  ] 10b5 87d0 R:ca C:088000 (system-peripheral) 
[    7.457177886,5] PHB#0004:01:00.3 [EP  ] 10b5 87d0 R:ca C:088000 (system-peripheral) 
[    7.457240931,5] PHB#0004:01:00.4 [EP  ] 10b5 87d0 R:ca C:088000 (system-peripheral) 
[    7.457296144,5] PHB#0005:00:00.0 [ROOT] 1014 04c1 R:00 C:060400 B:01..01 
[    7.457351772,5] PHB#0005:01:00.0 [EP  ] 14e4 1657 R:01 C:020000 (      ethernet) 
[    7.457413048,5] PHB#0005:01:00.1 [EP  ] 14e4 1657 R:01 C:020000 (      ethernet) 
[    7.457472379,5] PHB#0006:00:00.0 [EP  ] 1014 04ea R:01 C:060400 (           pci) SLOT=GPU0 
[    7.457540014,5] PHB#0006:00:00.1 [EP  ] 1014 04ea R:01 C:060400 (           pci) SLOT=GPU0 
[    7.457607379,5] PHB#0006:00:01.0 [EP  ] 1014 04ea R:01 C:060400 (           pci) SLOT=GPU1 
[    7.457674985,5] PHB#0006:00:01.1 [EP  ] 1014 04ea R:01 C:060400 (           pci) SLOT=GPU1 
[    7.457742400,5] PHB#0006:00:02.0 [EP  ] 1014 04ea R:01 C:060400 (           pci) SLOT=GPU2 
[    7.457807590,5] PHB#0006:00:02.1 [EP  ] 1014 04ea R:01 C:060400 (           pci) SLOT=GPU2 
[    7.457874684,5] PHB#0007:00:00.0 [EP  ] 1014 04ea R:01 C:060400 (           pci) SLOT=GPU3 
[    7.457942329,5] PHB#0007:00:00.1 [EP  ] 1014 04ea R:01 C:060400 (           pci) SLOT=GPU3 
[    7.458009488,5] PHB#0007:00:01.0 [EP  ] 1014 04ea R:01 C:060400 (           pci) SLOT=GPU4 
[    7.458076758,5] PHB#0007:00:01.1 [EP  ] 1014 04ea R:01 C:060400 (           pci) SLOT=GPU4 
[    7.458144009,5] PHB#0007:00:02.0 [EP  ] 1014 04ea R:01 C:060400 (           pci) SLOT=GPU5 
[    7.458211456,5] PHB#0007:00:02.1 [EP  ] 1014 04ea R:01 C:060400 (           pci) SLOT=GPU5 
[    7.458273836,5] PHB#0030:00:00.0 [ROOT] 1014 04c1 R:00 C:060400 B:00..00 
[    7.458327802,5] PHB#0033:00:00.0 [ROOT] 1014 04c1 R:00 C:060400 B:00..00 
[    7.458381741,5] PHB#0034:00:00.0 [ROOT] 1014 04c1 R:00 C:060400 B:00..00 
[    7.458435396,5] PHB#0035:00:00.0 [ROOT] 1014 04c1 R:00 C:060400 B:01..08 
[    7.458490594,5] PHB#0035:01:00.0 [SWUP] 10b5 8725 R:ca C:060400 B:02..08 
[    7.458555414,5] PHB#0035:02:08.0 [SWDN] 10b5 8725 R:ca C:060400 B:03..07 
[    7.458611629,5] PHB#0035:02:0d.0 [SWDN] 10b5 8725 R:ca C:060400 B:08..08 SLOT=GPU5 down 
[   16.261826663,5] IPMI: Resetting boot count on successful boot
[   16.261904498,5] INIT: Waiting for kernel...
[   16.261933864,5] INIT: 64-bit LE kernel discovered
[   16.261974955,5] OCC: All Chip Rdy after 0 ms
[   16.304844022,5] INIT: Starting kernel at 0x20011000, fdt at 0x30957c50 349535 bytes)
[   17.264888485,5] OPAL: Switch to little-endian OS
[    0.000000] opal: OPAL detected !
[    0.000000] OF: reserved mem: not enough space all defined regions.
[    0.000000] OF: reserved mem: not enough space all defined regions.
[    0.000000] OF: reserved mem: not enough space all defined regions.
[    0.000000] Page sizes from device-tree:
[    0.000000] Page size shift = 12 AP=0x0
[    0.000000] Page size shift = 16 AP=0x5
[    0.000000] Page size shift = 21 AP=0x1
[    0.000000] Page size shift = 30 AP=0x2
[    0.000000] Initializing Radix MMU
[    0.000000] Partition table c0002017ff7f0000
[    0.000000] Mapped range 0x0 - 0x2000000000 with 0x40000000
[    0.000000] Mapped range 0x200000000000 - 0x200c00000000 with 0x40000000
[    0.000000] Mapped range 0x201000000000 - 0x201800000000 with 0x40000000
[    0.000000] Process table c0002017fe800000 and radix root for kernel: c000000001440000
[    0.000000] Linux version 4.12.8-openpower1 (fspbld@gfwa610.aus.stglabs.ibm.com) (gcc version 6.3.0 (Buildroot 2017.05.2-00163-g8035745) ) #2 SMP Wed Aug 30 16:46:19 CDT 2017
[    0.000000] OPAL: Found memory mapped LPC bus on chip 0
[    0.000000] Using PowerNV machine description
[    0.000000] bootconsole [udbg0] enabled
[    0.000000] CPU maps initialized for 4 threads per core
 -> smp_release_cpus()
spinning_secondaries = 175
 <- smp_release_cpus()
[    0.000000] -----------------------------------------------------
[    0.000000] ppc64_pft_size    = 0x0
[    0.000000] phys_mem_size     = 0x3400000000
[    0.000000] dcache_bsize      = 0x80
[    0.000000] icache_bsize      = 0x80
[    0.000000] cpu_features      = 0x075c7afd18500249
[    0.000000]   possible        = 0x5f7fffff18500649
[    0.000000]   always          = 0x0000000018100040
[    0.000000] cpu_user_features = 0xdc0065c2 0xaee00000
[    0.000000] mmu_features      = 0x3c006041
[    0.000000] firmware_features = 0x0000000010000000
[    0.000000] -----------------------------------------------------
[    0.000000] numa:   NODE_DATA [mem 0x1fffff6700-0x1fffffffff]
[    0.000000] numa:   NODE_DATA [mem 0x2017ff6e2700-0x2017ff6ebfff]
[    0.000000] numa:   NODE_DATA [mem 0x2017ff6a6700-0x2017ff6affff]
[    0.000000] numa:     NODE_DATA(250) on node 8
[    0.000000] numa:   NODE_DATA [mem 0x2017ff69ce00-0x2017ff6a66ff]
[    0.000000] numa:     NODE_DATA(251) on node 8
[    0.000000] numa:   NODE_DATA [mem 0x2017ff693500-0x2017ff69cdff]
[    0.000000] numa:     NODE_DATA(252) on node 8
[    0.000000] numa:   NODE_DATA [mem 0x2017ff689c00-0x2017ff6934ff]
[    0.000000] numa:     NODE_DATA(253) on node 8
[    0.000000] numa:   NODE_DATA [mem 0x2017ff680300-0x2017ff689bff]
[    0.000000] numa:     NODE_DATA(254) on node 8
[    0.000000] numa:   NODE_DATA [mem 0x2017ff676a00-0x2017ff6802ff]
[    0.000000] numa:     NODE_DATA(255) on node 8
[    0.000000] Initializing IODA2 PHB (/pciex@600c3c0000000)
[    0.000000] PCI host bridge /pciex@600c3c0000000 (primary) ranges:
[    0.000000]  MEM 0x000600c000000000..0x000600c07ffeffff -> 0x0000000080000000 
[    0.000000]  MEM 0x0006000000000000..0x0006003fffffffff -> 0x0006000000000000 (M64 #1..31)
[    0.000000]  Using M64 #31 as default window
[    0.000000]   512 (511) PE's M32: 0x80000000 [segment=0x400000]
[    0.000000]                  M64: 0x4000000000 [segment=0x20000000]
[    0.000000]   Allocated bitmap for 4088 MSIs (base IRQ 0xfe000)
[    0.000000] Initializing IODA2 PHB (/pciex@600c3c0100000)
[    0.000000] PCI host bridge /pciex@600c3c0100000  ranges:
[    0.000000]  MEM 0x000600c080000000..0x000600c0fffeffff -> 0x0000000080000000 
[    0.000000]  MEM 0x0006004000000000..0x0006007fffffffff -> 0x0006004000000000 (M64 #1..15)
[    0.000000]  Using M64 #15 as default window
[    0.000000]   256 (255) PE's M32: 0x80000000 [segment=0x800000]
[    0.000000]                  M64: 0x4000000000 [segment=0x40000000]
[    0.000000]   Allocated bitmap for 2040 MSIs (base IRQ 0xfd800)
[    0.000000] Initializing IODA2 PHB (/pciex@600c3c0200000)
[    0.000000] PCI host bridge /pciex@600c3c0200000  ranges:
[    0.000000]  MEM 0x000600c100000000..0x000600c17ffeffff -> 0x0000000080000000 
[    0.000000]  MEM 0x0006008000000000..0x000600bfffffffff -> 0x0006008000000000 (M64 #1..15)
[    0.000000]  Using M64 #15 as default window
[    0.000000]   256 (255) PE's M32: 0x80000000 [segment=0x800000]
[    0.000000]                  M64: 0x4000000000 [segment=0x40000000]
[    0.000000]   Allocated bitmap for 2040 MSIs (base IRQ 0xfd000)
[    0.000000] Initializing IODA2 PHB (/pciex@600c3c0300000)
[    0.000000] PCI host bridge /pciex@600c3c0300000  ranges:
[    0.000000]  MEM 0x000600c180000000..0x000600c1fffeffff -> 0x0000000080000000 
[    0.000000]  MEM 0x0006020000000000..0x0006023fffffffff -> 0x0006020000000000 (M64 #1..31)
[    0.000000]  Using M64 #31 as default window
[    0.000000]   512 (511) PE's M32: 0x80000000 [segment=0x400000]
[    0.000000]                  M64: 0x4000000000 [segment=0x20000000]
[    0.000000]   Allocated bitmap for 4088 MSIs (base IRQ 0xfc000)
[    0.000000] Initializing IODA2 PHB (/pciex@600c3c0400000)
[    0.000000] PCI host bridge /pciex@600c3c0400000  ranges:
[    0.000000]  MEM 0x000600c200000000..0x000600c27ffeffff -> 0x0000000080000000 
[    0.000000]  MEM 0x0006024000000000..0x0006027fffffffff -> 0x0006024000000000 (M64 #1..15)
[    0.000000]  Using M64 #15 as default window
[    0.000000]   256 (255) PE's M32: 0x80000000 [segment=0x800000]
[    0.000000]                  M64: 0x4000000000 [segment=0x40000000]
[    0.000000]   Allocated bitmap for 2040 MSIs (base IRQ 0xfb800)
[    0.000000] Initializing IODA2 PHB (/pciex@600c3c0500000)
[    0.000000] PCI host bridge /pciex@600c3c0500000  ranges:
[    0.000000]  MEM 0x000600c280000000..0x000600c2fffeffff -> 0x0000000080000000 
[    0.000000]  MEM 0x0006028000000000..0x000602bfffffffff -> 0x0006028000000000 (M64 #1..15)
[    0.000000]  Using M64 #15 as default window
[    0.000000]   256 (255) PE's M32: 0x80000000 [segment=0x800000]
[    0.000000]                  M64: 0x4000000000 [segment=0x40000000]
[    0.000000]   Allocated bitmap for 2040 MSIs (base IRQ 0xfb000)
[    0.000000] Initializing IODA2 PHB (/pciex@620c3c0000000)
[    0.000000] PCI host bridge /pciex@620c3c0000000  ranges:
[    0.000000]  MEM 0x000620c000000000..0x000620c07ffeffff -> 0x0000000080000000 
[    0.000000]  MEM 0x0006200000000000..0x0006203fffffffff -> 0x0006200000000000 (M64 #1..31)
[    0.000000]  Using M64 #31 as default window
[    0.000000]   512 (511) PE's M32: 0x80000000 [segment=0x400000]
[    0.000000]                  M64: 0x4000000000 [segment=0x20000000]
[    0.000000]   Allocated bitmap for 4088 MSIs (base IRQ 0x1fe000)
[    0.000000] Initializing IODA2 PHB (/pciex@620c3c0300000)
[    0.000000] PCI host bridge /pciex@620c3c0300000  ranges:
[    0.000000]  MEM 0x000620c180000000..0x000620c1fffeffff -> 0x0000000080000000 
[    0.000000]  MEM 0x0006220000000000..0x0006223fffffffff -> 0x0006220000000000 (M64 #1..31)
[    0.000000]  Using M64 #31 as default window
[    0.000000]   512 (511) PE's M32: 0x80000000 [segment=0x400000]
[    0.000000]                  M64: 0x4000000000 [segment=0x20000000]
[    0.000000]   Allocated bitmap for 4088 MSIs (base IRQ 0x1fd000)
[    0.000000] Initializing IODA2 PHB (/pciex@620c3c0400000)
[    0.000000] PCI host bridge /pciex@620c3c0400000  ranges:
[    0.000000]  MEM 0x000620c200000000..0x000620c27ffeffff -> 0x0000000080000000 
[    0.000000]  MEM 0x0006224000000000..0x0006227fffffffff -> 0x0006224000000000 (M64 #1..15)
[    0.000000]  Using M64 #15 as default window
[    0.000000]   256 (255) PE's M32: 0x80000000 [segment=0x800000]
[    0.000000]                  M64: 0x4000000000 [segment=0x40000000]
[    0.000000]   Allocated bitmap for 2040 MSIs (base IRQ 0x1fc800)
[    0.000000] Initializing IODA2 PHB (/pciex@620c3c0500000)
[    0.000000] PCI host bridge /pciex@620c3c0500000  ranges:
[    0.000000]  MEM 0x000620c280000000..0x000620c2fffeffff -> 0x0000000080000000 
[    0.000000]  MEM 0x0006228000000000..0x000622bfffffffff -> 0x0006228000000000 (M64 #1..15)
[    0.000000]  Using M64 #15 as default window
[    0.000000]   256 (255) PE's M32: 0x80000000 [segment=0x800000]
[    0.000000]                  M64: 0x4000000000 [segment=0x40000000]
[    0.000000]   Allocated bitmap for 2040 MSIs (base IRQ 0x1fc000)
[    0.000000] Initializing NPU PHB (/pciex@6030200000000)
[    0.000000] PCI host bridge /pciex@6030200000000  ranges:
[    0.000000]  MEM 0x0006030201600000..0x000603020171ffff -> 0x0006030201600000 
[    0.000000]   Not support M64 window
[    0.000000]   016 (015) PE's M32: 0x130000 [segment=0x13000]
[    0.000000] Initializing NPU PHB (/pciex@6230200000000)
[    0.000000] PCI host bridge /pciex@6230200000000  ranges:
[    0.000000]  MEM 0x0006230201600000..0x000623020171ffff -> 0x0006230201600000 
[    0.000000]   Not support M64 window
[    0.000000]   016 (015) PE's M32: 0x130000 [segment=0x13000]
[    0.000000] OPAL nvram setup, 589824 bytes
[    0.000000] Zone ranges:
[    0.000000]   DMA      [mem 0x0000000000000000-0x00002017ffffffff]
[    0.000000]   DMA32    empty
[    0.000000]   Normal   empty
[    0.000000] Movable zone start for each node
[    0.000000] Early memory node ranges
[    0.000000]   node   0: [mem 0x0000000000000000-0x0000001fffffffff]
[    0.000000]   node   8: [mem 0x0000200000000000-0x0000200bffffffff]
[    0.000000]   node   8: [mem 0x0000201000000000-0x00002017ffffffff]
[    0.000000] Initmem setup node 0 [mem 0x0000000000000000-0x0000001fffffffff]
[    0.000000] Initmem setup node 8 [mem 0x0000200000000000-0x00002017ffffffff]
[    0.000000] Could not find start_pfn for node 250
[    0.000000] Initmem setup node 250 [mem 0x0000000000000000-0x0000000000000000]
[    0.000000] Could not find start_pfn for node 251
[    0.000000] Initmem setup node 251 [mem 0x0000000000000000-0x0000000000000000]
[    0.000000] Could not find start_pfn for node 252
[    0.000000] Initmem setup node 252 [mem 0x0000000000000000-0x0000000000000000]
[    0.000000] Could not find start_pfn for node 253
[    0.000000] Initmem setup node 253 [mem 0x0000000000000000-0x0000000000000000]
[    0.000000] Could not find start_pfn for node 254
[    0.000000] Initmem setup node 254 [mem 0x0000000000000000-0x0000000000000000]
[    0.000000] Could not find start_pfn for node 255
[    0.000000] Initmem setup node 255 [mem 0x0000000000000000-0x0000000000000000]
[    0.000000] percpu: Embedded 2 pages/cpu @c000001ff84b0000 s67992 r0 d63080 u131072
[    0.000000] Built 8 zonelists in Node order, mobility grouping on.  Total pages: 3404960
[    0.000000] Policy zone: DMA
[    0.000000] Kernel command line: console=tty0 console=hvc0 powersave=off
[    0.000000] log_buf_len individual max cpu contribution: 4096 bytes
[    0.000000] log_buf_len total cpu_extra contributions: 716800 bytes
[    0.000000] log_buf_len min size: 1048576 bytes
[    0.000000] log_buf_len: 2097152 bytes
[    0.000000] early log buf free: 1033784(98%)
[    0.000000] PID hash table entries: 4096 (order: -1, 32768 bytes)
[    0.000000] Memory: 217623296K/218103808K available (6208K kernel code, 1088K rwdata, 1968K rodata, 11456K init, 1693K bss, 480512K reserved, 0K cma-reserved)
[    0.000000] SLUB: HWalign=128, Order=0-3, MinObjects=0, CPUs=176, Nodes=256
[    0.000000] Hierarchical RCU implementation.
[    0.000000] 	RCU debugfs-based tracing is enabled.
[    0.000000] 	RCU restricting CPUs from NR_CPUS=2048 to nr_cpu_ids=176.
[    0.000000] RCU: Adjusting geometry for rcu_fanout_leaf=16, nr_cpu_ids=176
[    0.000000] NR_IRQS:512 nr_irqs:512 16
[    0.000000] xive: VP block alloc, for max VCPUs 176 use order 8
[    0.000000] xive: Interrupt handling intialized with native backend
[    0.000000] xive: Using priority 7 for all interrupts
[    0.000000] xive: Using 64kB queues
[    0.000003] time_init: 56 bit decrementer (max: 7fffffffffffff)
[    0.004528] clocksource: timebase: mask: 0xffffffffffffffff max_cycles: 0x761537d007, max_idle_ns: 440795202126 ns
[    0.014072] clocksource: timebase mult[1f40000] shift[24] registered
[    0.019130] Console: colour dummy device 80x25
[    0.023805] console [tty0] enabled
[    0.026123] console [hvc0] enabled
[    0.026123] console [hvc0] enabled
[    0.028600] bootconsole [udbg0] disabled
[    0.028600] bootconsole [udbg0] disabled
[    0.033901] pid_max: default: 180224 minimum: 1408
[    0.037139] Security Framework initialized
[    0.041510] Dentry cache hash table entries: 33554432 (order: 12, 268435456 bytes)
[    0.131907] Inode-cache hash table entries: 16777216 (order: 11, 134217728 bytes)
[    0.197153] Mount-cache hash table entries: 524288 (order: 6, 4194304 bytes)
[    0.197376] Mountpoint-cache hash table entries: 524288 (order: 6, 4194304 bytes)
[    0.202713] EEH: PowerNV platform initialized
[    0.202825] POWER9 performance monitor hardware support registered
[    0.204229] smp: Bringing up secondary CPUs ...
[    0.679028] smp: Brought up 8 nodes, 176 CPUs
[    0.679178] numa: Node 0 CPUs: 0-87
[    0.679260] numa: Node 8 CPUs: 88-175
[    0.679328] numa: Node 250 CPUs:
[    0.679391] numa: Node 251 CPUs:
[    0.679463] numa: Node 252 CPUs:
[    0.679531] numa: Node 253 CPUs:
[    0.679588] numa: Node 254 CPUs:
[    0.679661] numa: Node 255 CPUs:
[    0.697077] devtmpfs: initialized
[    0.711667] evm: security.capability
[    0.712366] clocksource: jiffies: mask: 0xffffffff max_cycles: 0xffffffff, max_idle_ns: 19112604462750000 ns
[    0.712667] futex hash table entries: 65536 (order: 7, 8388608 bytes)
[    0.714378] NET: Registered protocol family 16
[    0.715103] cpuidle: using governor menu
[   20.475356646,3] LPC: Got LPC reset on chip 0x0 !
[   20.475359945,3] LPC[000]: Unknown LPC error Error address reg: 0x00000000
[   20.475369238,6] IPMI: dropping non severe PEL event
[   20.475486258,7] UART: IRQ functional !
[    0.775090] PCI: Probing PCI hardware
[    0.775198] PCI host bridge to bus 0000:00
[    0.775274] pci_bus 0000:00: root bus resource [mem 0x600c000000000-0x600c07ffeffff] (bus address [0x80000000-0xfffeffff])
[    0.775426] pci_bus 0000:00: root bus resource [mem 0x6000000000000-0x6003fbfffffff 64bit pref]
[    0.775558] pci_bus 0000:00: root bus resource [bus 00-ff]
[    0.775704] pci 0000:00:00.0: Disabling memory decoding and releasing memory resources.
[    0.775795] pci 0000:00:00.0: disabling bridge mem windows
[    0.775995] pci 0000:00:00.0: bridge configuration invalid ([bus 00-00]), reconfiguring
[    0.776172] pci 0000:00:00.0: PCI bridge to [bus 01-ff]
[    0.776284] PCI host bridge to bus 0001:00
[    0.776325] pci_bus 0001:00: root bus resource [mem 0x600c080000000-0x600c0fffeffff] (bus address [0x80000000-0xfffeffff])
[    0.776463] pci_bus 0001:00: root bus resource [mem 0x6004000000000-0x6007f7fffffff 64bit pref]
[    0.776609] pci_bus 0001:00: root bus resource [bus 00-ff]
[    0.776762] pci 0001:00:00.0: Disabling memory decoding and releasing memory resources.
[    0.776860] pci 0001:00:00.0: disabling bridge mem windows
[    0.777245] pci 0001:01:00.0: Disabling memory decoding and releasing memory resources.
[    0.777339] pci 0001:01:00.0: BAR2 [mem size 0x00002000 64bit]: requesting alignment to 0x10000
[    0.777630] pci 0001:00:00.0: PCI bridge to [bus 01]
[    0.777851] PCI host bridge to bus 0002:00
[    0.777890] pci_bus 0002:00: root bus resource [mem 0x600c100000000-0x600c17ffeffff] (bus address [0x80000000-0xfffeffff])
[    0.778033] pci_bus 0002:00: root bus resource [mem 0x6008000000000-0x600bf7fffffff 64bit pref]
[    0.778180] pci_bus 0002:00: root bus resource [bus 00-ff]
[    0.778317] pci 0002:00:00.0: Disabling memory decoding and releasing memory resources.
[    0.778411] pci 0002:00:00.0: disabling bridge mem windows
[    0.778780] pci 0002:01:00.0: Disabling memory decoding and releasing memory resources.
[    0.778861] pci 0002:01:00.0: disabling bridge mem windows
[    0.779087] pci 0002:00:00.0: PCI bridge to [bus 01-02]
[    0.779410] pci 0002:02:00.0: Disabling memory decoding and releasing memory resources.
[    0.779644] pci 0002:01:00.0: PCI bridge to [bus 02]
[    0.779809] PCI host bridge to bus 0003:00
[    0.779851] pci_bus 0003:00: root bus resource [mem 0x600c180000000-0x600c1fffeffff] (bus address [0x80000000-0xfffeffff])
[    0.779976] pci_bus 0003:00: root bus resource [mem 0x6020000000000-0x6023fbfffffff 64bit pref]
[    0.780092] pci_bus 0003:00: root bus resource [bus 00-ff]
[    0.780262] pci 0003:00:00.0: Disabling memory decoding and releasing memory resources.
[    0.780380] pci 0003:00:00.0: disabling bridge mem windows
[    0.780591] pci 0003:00:00.0: bridge configuration invalid ([bus 00-00]), reconfiguring
[    0.780747] pci 0003:00:00.0: PCI bridge to [bus 01-ff]
[    0.780874] PCI host bridge to bus 0004:00
[    0.780923] pci_bus 0004:00: root bus resource [mem 0x600c200000000-0x600c27ffeffff] (bus address [0x80000000-0xfffeffff])
[    0.781068] pci_bus 0004:00: root bus resource [mem 0x6024000000000-0x6027f7fffffff 64bit pref]
[    0.781202] pci_bus 0004:00: root bus resource [bus 00-ff]
[    0.781349] pci 0004:00:00.0: Disabling memory decoding and releasing memory resources.
[    0.781438] pci 0004:00:00.0: disabling bridge mem windows
[    0.781809] pci 0004:01:00.0: Disabling memory decoding and releasing memory resources.
[    0.781891] pci 0004:01:00.0: disabling bridge mem windows
[    0.782306] pci 0004:01:00.1: Disabling memory decoding and releasing memory resources.
[    0.782402] pci 0004:01:00.1: BAR0 [mem size 0x00002000]: requesting alignment to 0x10000
[    0.782781] pci 0004:01:00.2: Disabling memory decoding and releasing memory resources.
[    0.782881] pci 0004:01:00.2: BAR0 [mem size 0x00002000]: requesting alignment to 0x10000
[    0.782984] random: fast init done
[    0.783323] pci 0004:01:00.3: Disabling memory decoding and releasing memory resources.
[    0.783412] pci 0004:01:00.3: BAR0 [mem size 0x00002000]: requesting alignment to 0x10000
[    0.783805] pci 0004:01:00.4: Disabling memory decoding and releasing memory resources.
[    0.783888] pci 0004:01:00.4: BAR0 [mem size 0x00002000]: requesting alignment to 0x10000
[    0.784151] pci 0004:00:00.0: PCI bridge to [bus 01-06]
[    0.784584] pci 0004:02:02.0: Disabling memory decoding and releasing memory resources.
[    0.784705] pci 0004:02:02.0: disabling bridge mem windows
[    0.785060] pci 0004:02:0a.0: Disabling memory decoding and releasing memory resources.
[    0.785181] pci 0004:02:0a.0: disabling bridge mem windows
[    0.785545] pci 0004:02:0b.0: Disabling memory decoding and releasing memory resources.
[    0.785667] pci 0004:02:0b.0: disabling bridge mem windows
[    0.786032] pci 0004:02:0c.0: Disabling memory decoding and releasing memory resources.
[    0.786138] pci 0004:02:0c.0: disabling bridge mem windows
[    0.786397] pci 0004:01:00.0: PCI bridge to [bus 02-06]
[    0.787974] pci 0004:03:00.0: Disabling memory decoding and releasing memory resources.
[    0.788078] pci 0004:03:00.0: BAR5 [mem size 0x00000800]: requesting alignment to 0x10000
[    0.788342] pci 0004:02:02.0: PCI bridge to [bus 03]
[    0.788521] pci 0004:02:0a.0: PCI bridge to [bus 04]
[    0.788686] pci 0004:02:0b.0: PCI bridge to [bus 05]
[    0.788836] pci 0004:02:0c.0: PCI bridge to [bus 06]
[    0.789003] PCI host bridge to bus 0005:00
[    0.789047] pci_bus 0005:00: root bus resource [mem 0x600c280000000-0x600c2fffeffff] (bus address [0x80000000-0xfffeffff])
[    0.789202] pci_bus 0005:00: root bus resource [mem 0x6028000000000-0x602bf7fffffff 64bit pref]
[    0.789335] pci_bus 0005:00: root bus resource [bus 00-ff]
[    0.789486] pci 0005:00:00.0: Disabling memory decoding and releasing memory resources.
[    0.789560] pci 0005:00:00.0: disabling bridge mem windows
[    0.789948] pci 0005:01:00.0: Disabling memory decoding and releasing memory resources.
[    0.790377] pci 0005:01:00.1: Disabling memory decoding and releasing memory resources.
[    0.790640] pci 0005:00:00.0: PCI bridge to [bus 01]
[    0.790850] PCI host bridge to bus 0030:00
[    0.790912] pci_bus 0030:00: root bus resource [mem 0x620c000000000-0x620c07ffeffff] (bus address [0x80000000-0xfffeffff])
[    0.791054] pci_bus 0030:00: root bus resource [mem 0x6200000000000-0x6203fbfffffff 64bit pref]
[    0.791172] pci_bus 0030:00: root bus resource [bus 00-ff]
[    0.791327] pci 0030:00:00.0: Disabling memory decoding and releasing memory resources.
[    0.791440] pci 0030:00:00.0: disabling bridge mem windows
[    0.791669] pci 0030:00:00.0: bridge configuration invalid ([bus 00-00]), reconfiguring
[    0.791862] pci 0030:00:00.0: PCI bridge to [bus 01-ff]
[    0.791995] PCI host bridge to bus 0033:00
[    0.792038] pci_bus 0033:00: root bus resource [mem 0x620c180000000-0x620c1fffeffff] (bus address [0x80000000-0xfffeffff])
[    0.792190] pci_bus 0033:00: root bus resource [mem 0x6220000000000-0x6223fbfffffff 64bit pref]
[    0.792324] pci_bus 0033:00: root bus resource [bus 00-ff]
[    0.792485] pci 0033:00:00.0: Disabling memory decoding and releasing memory resources.
[    0.792609] pci 0033:00:00.0: disabling bridge mem windows
[    0.792833] pci 0033:00:00.0: bridge configuration invalid ([bus 00-00]), reconfiguring
[    0.792999] pci 0033:00:00.0: PCI bridge to [bus 01-ff]
[    0.793130] PCI host bridge to bus 0034:00
[    0.793181] pci_bus 0034:00: root bus resource [mem 0x620c200000000-0x620c27ffeffff] (bus address [0x80000000-0xfffeffff])
[    0.793316] pci_bus 0034:00: root bus resource [mem 0x6224000000000-0x6227f7fffffff 64bit pref]
[    0.793455] pci_bus 0034:00: root bus resource [bus 00-ff]
[    0.793615] pci 0034:00:00.0: Disabling memory decoding and releasing memory resources.
[    0.793708] pci 0034:00:00.0: disabling bridge mem windows
[    0.793940] pci 0034:00:00.0: bridge configuration invalid ([bus 00-00]), reconfiguring
[    0.794106] pci 0034:00:00.0: PCI bridge to [bus 01-ff]
[    0.794234] PCI host bridge to bus 0035:00
[    0.794283] pci_bus 0035:00: root bus resource [mem 0x620c280000000-0x620c2fffeffff] (bus address [0x80000000-0xfffeffff])
[    0.794441] pci_bus 0035:00: root bus resource [mem 0x6228000000000-0x622bf7fffffff 64bit pref]
[    0.794562] pci_bus 0035:00: root bus resource [bus 00-ff]
[    0.794733] pci 0035:00:00.0: Disabling memory decoding and releasing memory resources.
[    0.794812] pci 0035:00:00.0: disabling bridge mem windows
[    0.795242] pci 0035:01:00.0: Disabling memory decoding and releasing memory resources.
[    0.795325] pci 0035:01:00.0: disabling bridge mem windows
[    0.795646] pci 0035:00:00.0: PCI bridge to [bus 01-08]
[    0.795989] pci 0035:02:08.0: Disabling memory decoding and releasing memory resources.
[    0.796089] pci 0035:02:08.0: disabling bridge mem windows
[    0.796514] pci 0035:02:0d.0: Disabling memory decoding and releasing memory resources.
[    0.796595] pci 0035:02:0d.0: disabling bridge mem windows
[    0.796882] pci 0035:01:00.0: PCI bridge to [bus 02-08]
[    0.797808] pci 0035:02:08.0: PCI bridge to [bus 03-07]
[    0.797993] pci 0035:02:0d.0: PCI bridge to [bus 08]
[    0.798168] PCI host bridge to bus 0006:00
[    0.798232] pci_bus 0006:00: root bus resource [mem 0x6030201600000-0x603020171ffff]
[    0.798344] pci_bus 0006:00: root bus resource [bus 00-ff]
[    0.798510] pci 0006:00:00.0: Disabling memory decoding and releasing memory resources.
[    0.798791] pci 0006:00:00.1: Disabling memory decoding and releasing memory resources.
[    0.799073] pci 0006:00:01.0: Disabling memory decoding and releasing memory resources.
[    0.799349] pci 0006:00:01.1: Disabling memory decoding and releasing memory resources.
[    0.799617] pci 0006:00:02.0: Disabling memory decoding and releasing memory resources.
[    0.799899] pci 0006:00:02.1: Disabling memory decoding and releasing memory resources.
[    0.800294] PCI host bridge to bus 0007:00
[    0.800337] pci_bus 0007:00: root bus resource [mem 0x6230201600000-0x623020171ffff]
[    0.800439] pci_bus 0007:00: root bus resource [bus 00-ff]
[    0.800603] pci 0007:00:00.0: Disabling memory decoding and releasing memory resources.
[    0.800877] pci 0007:00:00.1: Disabling memory decoding and releasing memory resources.
[    0.801135] pci 0007:00:01.0: Disabling memory decoding and releasing memory resources.
[    0.801397] pci 0007:00:01.1: Disabling memory decoding and releasing memory resources.
[    0.801653] pci 0007:00:02.0: Disabling memory decoding and releasing memory resources.
[    0.801911] pci 0007:00:02.1: Disabling memory decoding and releasing memory resources.
[    0.802204] pci 0000:00     : [PE# 1fe] Secondary bus 0 associated with PE#1fe
[    0.802607] pci 0000:00:00.0: PCI bridge to [bus 01]
[    0.802689] pci 0001:00:00.0: BAR 8: assigned [mem 0x600c080000000-0x600c0807fffff]
[    0.802803] pci 0001:01:00.0: BAR 0: assigned [mem 0x600c080000000-0x600c08000ffff 64bit]
[    0.802935] pci 0001:01:00.0: BAR 2: assigned [mem 0x600c080010000-0x600c080011fff 64bit]
[    0.803065] pci 0001:00     : [PE# fe] Secondary bus 0 associated with PE#fe
[    0.803467] pci 0001:01     : [PE# fd] Secondary bus 1 associated with PE#fd
[    0.803855] pci 0001:01     : [PE# fd] Setting up 32-bit TCE table at 0..80000000
[    0.810270] IOMMU table initialized, virtual merging enabled
[    0.810331] pci 0001:01     : [PE# fd] Setting up window#0 0..7fffffff pg=1000
[    0.810438] pci 0001:01     : [PE# fd] Enabling 64-bit DMA bypass
[    0.810507] pci 0001:00:00.0: PCI bridge to [bus 01]
[    0.810574] pci 0001:00:00.0:   bridge window [mem 0x600c080000000-0x600c0ffefffff]
[    0.810721] pci 0002:00:00.0: BAR 8: assigned [mem 0x600c100000000-0x600c1017fffff]
[    0.810830] pci 0002:01:00.0: BAR 8: assigned [mem 0x600c100000000-0x600c1017fffff]
[    0.810958] pci 0002:01:00.0: BAR 7: no space for [io  size 0x1000]
[    0.811051] pci 0002:01:00.0: BAR 7: failed to assign [io  size 0x1000]
[    0.811109] pci 0002:02:00.0: BAR 0: assigned [mem 0x600c100000000-0x600c100ffffff]
[    0.811226] pci 0002:02:00.0: BAR 1: assigned [mem 0x600c101000000-0x600c10101ffff]
[    0.811346] pci 0002:02:00.0: BAR 2: no space for [io  size 0x0080]
[    0.811440] pci 0002:02:00.0: BAR 2: failed to assign [io  size 0x0080]
[    0.811535] pci 0002:00     : [PE# fe] Secondary bus 0 associated with PE#fe
[    0.811898] pci 0002:02     : [PE# fd] Secondary bus 2..2 associated with PE#fd
[    0.812289] pci 0002:02     : [PE# fd] Setting up 32-bit TCE table at 0..80000000
[    0.818682] pci 0002:02     : [PE# fd] Setting up window#0 0..7fffffff pg=1000
[    0.818763] pci 0002:02     : [PE# fd] Enabling 64-bit DMA bypass
[    0.818844] pci 0002:01:00.0: PCI bridge to [bus 02]
[    0.818921] pci 0002:01:00.0:   bridge window [mem 0x600c100000000-0x600c17fefffff]
[    0.819037] pci 0002:01     : [PE# fc] Secondary bus 1 associated with PE#fc
[    0.819437] pci 0002:00:00.0: PCI bridge to [bus 01-02]
[    0.819489] pci 0002:00:00.0:   bridge window [mem 0x600c100000000-0x600c17fefffff]
[    0.819577] pci_bus 0002:00: Some PCI device resources are unassigned, try booting with pci=realloc
[    0.819734] pci 0003:00     : [PE# 1fe] Secondary bus 0 associated with PE#1fe
[    0.820143] pci 0003:00:00.0: PCI bridge to [bus 01]
[    0.820299] pci 0004:00:00.0: BAR 9: assigned [mem 0x6024000000000-0x602407fffffff 64bit pref]
[    0.820423] pci 0004:00:00.0: BAR 8: assigned [mem 0x600c200000000-0x600c200ffffff]
[    0.820540] pci 0004:01:00.0: BAR 9: assigned [mem 0x6024000000000-0x602407fffffff 64bit pref]
[    0.820634] pci 0004:01:00.0: BAR 8: assigned [mem 0x600c200000000-0x600c2007fffff]
[    0.820764] pci 0004:01:00.0: BAR 0: assigned [mem 0x600c200800000-0x600c20083ffff]
[    0.820884] pci 0004:01:00.1: BAR 0: assigned [mem 0x600c200840000-0x600c200841fff]
[    0.820992] pci 0004:01:00.2: BAR 0: assigned [mem 0x600c200850000-0x600c200851fff]
[    0.821079] pci 0004:01:00.3: BAR 0: assigned [mem 0x600c200860000-0x600c200861fff]
[    0.821174] pci 0004:01:00.4: BAR 0: assigned [mem 0x600c200870000-0x600c200871fff]
[    0.821293] pci 0004:01:00.0: BAR 7: no space for [io  size 0x1000]
[    0.821374] pci 0004:01:00.0: BAR 7: failed to assign [io  size 0x1000]
[    0.821470] pci 0004:01:00.0: BAR 7: no space for [io  size 0x1000]
[    0.821555] pci 0004:01:00.0: BAR 7: failed to assign [io  size 0x1000]
[    0.821642] pci 0004:02:02.0: BAR 9: assigned [mem 0x6024000000000-0x602403fffffff 64bit pref]
[    0.821751] pci 0004:02:02.0: BAR 8: assigned [mem 0x600c200000000-0x600c2007fffff]
[    0.821862] pci 0004:02:02.0: BAR 7: no space for [io  size 0x1000]
[    0.821954] pci 0004:02:02.0: BAR 7: failed to assign [io  size 0x1000]
[    0.822008] pci 0004:02:02.0: BAR 7: no space for [io  size 0x1000]
[    0.822094] pci 0004:02:02.0: BAR 7: failed to assign [io  size 0x1000]
[    0.822194] pci 0004:03:00.0: BAR 5: assigned [mem 0x600c200000000-0x600c2000007ff]
[    0.822301] pci 0004:03:00.0: BAR 6: assigned [mem 0x600c200010000-0x600c20001ffff pref]
[    0.822414] pci 0004:03:00.0: BAR 4: no space for [io  size 0x0020]
[    0.822518] pci 0004:03:00.0: BAR 4: failed to assign [io  size 0x0020]
[    0.822613] pci 0004:03:00.0: BAR 0: no space for [io  size 0x0008]
[    0.822670] pci 0004:03:00.0: BAR 0: failed to assign [io  size 0x0008]
[    0.822762] pci 0004:03:00.0: BAR 2: no space for [io  size 0x0008]
[    0.822855] pci 0004:03:00.0: BAR 2: failed to assign [io  size 0x0008]
[    0.822932] pci 0004:03:00.0: BAR 1: no space for [io  size 0x0004]
[    0.823011] pci 0004:03:00.0: BAR 1: failed to assign [io  size 0x0004]
[    0.823107] pci 0004:03:00.0: BAR 3: no space for [io  size 0x0004]
[    0.823201] pci 0004:03:00.0: BAR 3: failed to assign [io  size 0x0004]
[    0.823293] pci 0004:00     : [PE# fe] Secondary bus 0 associated with PE#fe
[    0.823684] pci 0004:03     : [PE# fd] Secondary bus 3 associated with PE#fd
[    0.824054] pci 0004:03     : [PE# fd] Setting up 32-bit TCE table at 0..80000000
[    0.830315] pci 0004:03     : [PE# fd] Setting up window#0 0..7fffffff pg=1000
[    0.830400] pci 0004:03     : [PE# fd] Enabling 64-bit DMA bypass
[    0.830496] pci 0004:02:02.0: PCI bridge to [bus 03]
[    0.830551] pci 0004:02:02.0:   bridge window [mem 0x600c200000000-0x600c2007fffff]
[    0.830674] pci 0004:02:02.0:   bridge window [mem 0x6024000000000-0x602403fffffff 64bit pref]
[    0.830817] pci 0004:02:0a.0: PCI bridge to [bus 04]
[    0.830902] pci 0004:02:0b.0: PCI bridge to [bus 05]
[    0.830978] pci 0004:02:0c.0: PCI bridge to [bus 06]
[    0.831070] pci 0004:02     : [PE# fc] Secondary bus 2 associated with PE#fc
[    0.831469] pci 0004:01:00.0: PCI bridge to [bus 02-06]
[    0.831523] pci 0004:01:00.0:   bridge window [mem 0x600c200000000-0x600c27fefffff]
[    0.831657] pci 0004:01:00.0:   bridge window [mem 0x6024000000000-0x6027f7ff0ffff 64bit pref]
[    0.831792] pci 0004:01     : [PE# fb] Secondary bus 1 associated with PE#fb
[    0.832180] pci 0004:01     : [PE# fb] Setting up 32-bit TCE table at 0..80000000
[    0.838435] pci 0004:01     : [PE# fb] Setting up window#0 0..7fffffff pg=1000
[    0.838513] pci 0004:01     : [PE# fb] Enabling 64-bit DMA bypass
[    0.838618] pci 0004:00:00.0: PCI bridge to [bus 01-06]
[    0.838692] pci 0004:00:00.0:   bridge window [mem 0x600c200000000-0x600c27fefffff]
[    0.838787] pci 0004:00:00.0:   bridge window [mem 0x6024000000000-0x6027f7ff0ffff 64bit pref]
[    0.838918] pci_bus 0004:00: Some PCI device resources are unassigned, try booting with pci=realloc
[    0.839078] pci 0005:00:00.0: BAR 9: assigned [mem 0x6028000000000-0x602803fffffff 64bit pref]
[    0.839207] pci 0005:01:00.0: BAR 0: assigned [mem 0x6028000000000-0x602800000ffff 64bit pref]
[    0.839315] pci 0005:01:00.0: BAR 2: assigned [mem 0x6028000010000-0x602800001ffff 64bit pref]
[    0.839465] pci 0005:01:00.0: BAR 4: assigned [mem 0x6028000020000-0x602800002ffff 64bit pref]
[    0.839599] pci 0005:01:00.1: BAR 0: assigned [mem 0x6028000030000-0x602800003ffff 64bit pref]
[    0.839738] pci 0005:01:00.1: BAR 2: assigned [mem 0x6028000040000-0x602800004ffff 64bit pref]
[    0.839857] pci 0005:01:00.1: BAR 4: assigned [mem 0x6028000050000-0x602800005ffff 64bit pref]
[    0.840008] pci 0005:00     : [PE# fe] Secondary bus 0 associated with PE#fe
[    0.840403] pci 0005:01     : [PE# 00] Secondary bus 1 associated with PE#0
[    0.840761] pci 0005:01     : [PE# 00] Setting up 32-bit TCE table at 0..80000000
[    0.847012] pci 0005:01     : [PE# 00] Setting up window#0 0..7fffffff pg=1000
[    0.847096] pci 0005:01     : [PE# 00] Enabling 64-bit DMA bypass
[    0.847192] pci 0005:00:00.0: PCI bridge to [bus 01]
[    0.847250] pci 0005:00:00.0:   bridge window [mem 0x6028000000000-0x602bf7fffffff 64bit pref]
[    0.847401] pci 0030:00     : [PE# 1fe] Secondary bus 0 associated with PE#1fe
[    0.847794] pci 0030:00:00.0: PCI bridge to [bus 01]
[    0.847879] pci 0033:00     : [PE# 1fe] Secondary bus 0 associated with PE#1fe
[    0.848279] pci 0033:00:00.0: PCI bridge to [bus 01]
[    0.848367] pci 0034:00     : [PE# fe] Secondary bus 0 associated with PE#fe
[    0.848769] pci 0034:00:00.0: PCI bridge to [bus 01]
[    0.848900] pci 0035:00:00.0: BAR 8: assigned [mem 0x620c280000000-0x620c2807fffff]
[    0.849020] pci 0035:01:00.0: BAR 0: assigned [mem 0x620c280000000-0x620c28003ffff]
[    0.849126] pci 0035:00     : [PE# fe] Secondary bus 0 associated with PE#fe
[    0.849524] pci 0035:02:08.0: PCI bridge to [bus 03-07]
[    0.849584] pci 0035:02:0d.0: PCI bridge to [bus 08]
[    0.849682] pci 0035:02     : [PE# fd] Secondary bus 2 associated with PE#fd
[    0.850086] pci 0035:01:00.0: PCI bridge to [bus 02-08]
[    0.850154] pci 0035:01     : [PE# fc] Secondary bus 1 associated with PE#fc
[    0.850571] pci 0035:00:00.0: PCI bridge to [bus 01-08]
[    0.850619] pci 0035:00:00.0:   bridge window [mem 0x620c280000000-0x620c2ffefffff]
[    0.850726] pci 0006:00:00.0: BAR 0: assigned [mem 0x6030201600000-0x603020161ffff 64bit]
[    0.850899] pci 0006:00:00.1: BAR 0: assigned [mem 0x6030201620000-0x603020163ffff 64bit]
[    0.851050] pci 0006:00:01.0: BAR 0: assigned [mem 0x6030201640000-0x603020165ffff 64bit]
[    0.851208] pci 0006:00:01.1: BAR 0: assigned [mem 0x6030201660000-0x603020167ffff 64bit]
[    0.851354] pci 0006:00:02.0: BAR 0: assigned [mem 0x6030201680000-0x603020169ffff 64bit]
[    0.851504] pci 0006:00:02.1: BAR 0: assigned [mem 0x60302016a0000-0x60302016bffff 64bit]
[    0.851649] pci 0006:00:00.0: BAR 2: assigned [mem 0x60302016c0000-0x60302016cffff 64bit]
[    0.851799] pci 0006:00:00.1: BAR 2: assigned [mem 0x60302016d0000-0x60302016dffff 64bit]
[    0.851962] pci 0006:00:01.0: BAR 2: assigned [mem 0x60302016e0000-0x60302016effff 64bit]
[    0.852114] pci 0006:00:01.1: BAR 2: assigned [mem 0x60302016f0000-0x60302016fffff 64bit]
[    0.852262] pci 0006:00:02.0: BAR 2: assigned [mem 0x6030201700000-0x603020170ffff 64bit]
[    0.852411] pci 0006:00:02.1: BAR 2: assigned [mem 0x6030201710000-0x603020171ffff 64bit]
[    0.852557] pci 0007:00:00.0: BAR 0: assigned [mem 0x6230201600000-0x623020161ffff 64bit]
[    0.852719] pci 0007:00:00.1: BAR 0: assigned [mem 0x6230201620000-0x623020163ffff 64bit]
[    0.852863] pci 0007:00:01.0: BAR 0: assigned [mem 0x6230201640000-0x623020165ffff 64bit]
[    0.853031] pci 0007:00:01.1: BAR 0: assigned [mem 0x6230201660000-0x623020167ffff 64bit]
[    0.853176] pci 0007:00:02.0: BAR 0: assigned [mem 0x6230201680000-0x623020169ffff 64bit]
[    0.853332] pci 0007:00:02.1: BAR 0: assigned [mem 0x62302016a0000-0x62302016bffff 64bit]
[    0.853471] pci 0007:00:00.0: BAR 2: assigned [mem 0x62302016c0000-0x62302016cffff 64bit]
[    0.853620] pci 0007:00:00.1: BAR 2: assigned [mem 0x62302016d0000-0x62302016dffff 64bit]
[    0.853779] pci 0007:00:01.0: BAR 2: assigned [mem 0x62302016e0000-0x62302016effff 64bit]
[    0.853943] pci 0007:00:01.1: BAR 2: assigned [mem 0x62302016f0000-0x62302016fffff 64bit]
[    0.854104] pci 0007:00:02.0: BAR 2: assigned [mem 0x6230201700000-0x623020170ffff 64bit]
[    0.854270] pci 0007:00:02.1: BAR 2: assigned [mem 0x6230201710000-0x623020171ffff 64bit]
[    0.854445] pci 0006:00:00.0: [PE# 0d] Associated device to PE
[    0.854536] pci 0006:00:00.1: Associating to existing PE d
[    0.854616] pci 0006:00:01.0: Associating to existing PE d
[    0.854697] pci 0006:00:01.1: Associating to existing PE d
[    0.854765] pci 0006:00:02.0: Associating to existing PE d
[    0.854852] pci 0006:00:02.1: Associating to existing PE d
[    0.854952] NPU6: Found 1 MMIO ATSD registers
[    0.854958] pci 0007:00:00.0: [PE# 0d] Associated device to PE
[    0.855116] pci 0007:00:00.1: Associating to existing PE d
[    0.855200] pci 0007:00:01.0: Associating to existing PE d
[    0.855272] pci 0007:00:01.1: Associating to existing PE d
[    0.855346] pci 0007:00:02.0: Associating to existing PE d
[    0.855422] pci 0007:00:02.1: Associating to existing PE d
[    0.855502] NPU7: Found 1 MMIO ATSD registers
[    0.859233] EEH: PCI Enhanced I/O Error Handling Enabled
[    0.867732] pci 0002:02:00.0: vgaarb: VGA device added: decodes=io+mem,owns=none,locks=none
[    0.867840] pci 0002:02:00.0: vgaarb: bridge control possible
[    0.867926] vgaarb: loaded
[    0.868071] SCSI subsystem initialized
[    0.868223] usbcore: registered new interface driver usbfs
[    0.868296] usbcore: registered new interface driver hub
[    0.868887] usbcore: registered new device driver usb
[    0.868974] pps_core: LinuxPPS API ver. 1 registered
[    0.869050] pps_core: Software ver. 5.3.6 - Copyright 2005-2007 Rodolfo Giometti <giometti@linux.it>
[    0.869179] PTP clock support registered
[    0.869960] clocksource: Switched to clocksource timebase
[    0.873018] NET: Registered protocol family 2
[    0.873337] TCP established hash table entries: 524288 (order: 6, 4194304 bytes)
[    0.875802] TCP bind hash table entries: 65536 (order: 4, 1048576 bytes)
[    0.876244] TCP: Hash tables configured (established 524288 bind 65536)
[    0.876517] UDP hash table entries: 65536 (order: 5, 2097152 bytes)
[    0.877305] UDP-Lite hash table entries: 65536 (order: 5, 2097152 bytes)
[    0.878540] NET: Registered protocol family 1
[    0.878622] pci 0001:00:00.0: enabling device (0105 -> 0107)
[    0.878712] pci 0001:01:00.0: enabling device (0140 -> 0142)
[    3.189582] Initialise system trusted keyrings
[    3.189711] workingset: timestamp_bits=54 max_order=22 bucket_order=0
[    3.194783] Key type asymmetric registered
[    3.194825] Asymmetric key parser 'x509' registered
[    3.194891] Block layer SCSI generic (bsg) driver version 0.4 loaded (major 250)
[    3.194958] io scheduler noop registered
[    3.195370] io scheduler cfq registered (default)
[    3.195412] io scheduler mq-deadline registered
[    3.195451] io scheduler kyber registered
[    3.197992] ipmi message handler version 39.2
[    3.198055] ipmi device interface
[    3.198147] ipmi-powernv ibm,opal:ipmi: Unable to map irq from device tree
[    3.229338] ipmi-powernv ibm,opal:ipmi: Found new BMC (man_id: 0x000000, prod_id: 0x0000, dev_id: 0x00)
[    3.242598] hvc0: raw protocol on /ibm,opal/consoles/serial@0 (boot console)
[    3.242668] hvc0: No interrupts property, using OPAL event
[    3.243028] Serial: 8250/16550 driver, 4 ports, IRQ sharing disabled
[    3.243498] [drm] radeon kernel modesetting enabled.
[    3.253402] brd: module loaded
[    3.272888] loop: module loaded
[    3.273033] pci 0004:00:00.0: enabling device (0105 -> 0107)
[    3.273116] pci 0004:01:00.0: enabling device (0545 -> 0547)
[    3.273209] pci 0004:02:02.0: enabling device (0545 -> 0547)
[    3.273280] ahci 0004:03:00.0: enabling device (0141 -> 0143)
[    3.273510] ahci 0004:03:00.0: Using 64-bit DMA iommu bypass
[    3.283672] ahci 0004:03:00.0: AHCI 0001.0000 32 slots 4 ports 6 Gbps 0xf impl SATA mode
[    3.283753] ahci 0004:03:00.0: flags: 64bit ncq sntf led only pmp fbs pio slum part sxs 
[    3.284414] scsi host0: ahci
[    3.284617] scsi host1: ahci
[    3.284813] scsi host2: ahci
[    3.285012] scsi host3: ahci
[    3.285130] ata1: SATA max UDMA/133 abar m2048@0x600c200000000 port 0x600c200000100 irq 88
[    3.285231] ata2: SATA max UDMA/133 abar m2048@0x600c200000000 port 0x600c200000180 irq 88
[    3.285362] ata3: SATA max UDMA/133 abar m2048@0x600c200000000 port 0x600c200000200 irq 88
[    3.285483] ata4: SATA max UDMA/133 abar m2048@0x600c200000000 port 0x600c200000280 irq 88
[    3.285723] libphy: Fixed MDIO Bus: probed
[    3.285787] tg3.c:v3.137 (May 11, 2014)
[    3.285849] pci 0005:00:00.0: enabling device (0105 -> 0107)
[    3.285948] tg3 0005:01:00.0: enabling device (0140 -> 0142)
[    3.315192] tg3 0005:01:00.0: Using 64-bit DMA iommu bypass
[    3.315608] tg3 0005:01:00.0 eth0: Tigon3 [partno(BCM95719) rev 5719001] (PCI Express) MAC address 70:e2:84:14:23:e2
[    3.315700] tg3 0005:01:00.0 eth0: attached PHY is 5719C (10/100/1000Base-T Ethernet) (WireSpeed[1], EEE[1])
[    3.315876] tg3 0005:01:00.0 eth0: RXcsums[1] LinkChgREG[0] MIirq[0] ASF[1] TSOcap[1]
[    3.316000] tg3 0005:01:00.0 eth0: dma_rwctrl[00000000] dma_mask[64-bit]
[    3.316171] tg3 0005:01:00.1: enabling device (0140 -> 0142)
[    3.346593] tg3 0005:01:00.1: Using 64-bit DMA iommu bypass
[    3.347001] tg3 0005:01:00.1 eth1: Tigon3 [partno(BCM95719) rev 5719001] (PCI Express) MAC address 70:e2:84:14:23:e3
[    3.347100] tg3 0005:01:00.1 eth1: attached PHY is 5719C (10/100/1000Base-T Ethernet) (WireSpeed[1], EEE[1])
[    3.347236] tg3 0005:01:00.1 eth1: RXcsums[1] LinkChgREG[0] MIirq[0] ASF[1] TSOcap[1]
[    3.347319] tg3 0005:01:00.1 eth1: dma_rwctrl[00000000] dma_mask[64-bit]
[    3.347593] ehci_hcd: USB 2.0 'Enhanced' Host Controller (EHCI) Driver
[    3.347676] ehci-pci: EHCI PCI platform driver
[    3.347767] ohci_hcd: USB 1.1 'Open' Host Controller (OHCI) Driver
[    3.347855] ohci-pci: OHCI PCI platform driver
[    3.347993] xhci_hcd 0001:01:00.0: xHCI Host Controller
[    3.348080] xhci_hcd 0001:01:00.0: new USB bus registered, assigned bus number 1
[    3.348259] xhci_hcd 0001:01:00.0: Using 64-bit DMA iommu bypass
[    3.348393] xhci_hcd 0001:01:00.0: hcc params 0x0270f06d hci version 0x96 quirks 0x04000000
[    3.349160] hub 1-0:1.0: USB hub found
[    3.349211] hub 1-0:1.0: 4 ports detected
[    3.349409] xhci_hcd 0001:01:00.0: xHCI Host Controller
[    3.349511] xhci_hcd 0001:01:00.0: new USB bus registered, assigned bus number 2
[    3.349652] usb usb2: We don't know the algorithms for LPM for this host, disabling LPM.
[    3.349963] hub 2-0:1.0: USB hub found
[    3.350015] hub 2-0:1.0: 4 ports detected
[    3.350249] usbcore: registered new interface driver usb-storage
[    3.429876] rtc-opal opal-rtc: rtc core: registered rtc-opal as rtc0
[    3.429951] i2c /dev entries driver
[    3.430300] at24 0-0050: 16384 byte 24c128 EEPROM, writable, 1 bytes/write
[    3.430618] at24 1-0054: 16384 byte 24c128 EEPROM, writable, 1 bytes/write
[    3.430945] at24 2-0050: 16384 byte 24c128 EEPROM, writable, 1 bytes/write
[    3.431263] at24 3-0054: 16384 byte 24c128 EEPROM, writable, 1 bytes/write
[    3.431585] at24 4-0050: 16384 byte 24c128 EEPROM, writable, 1 bytes/write
[   23.354585691,3] I2C: Request timeout !
[   23.354646969,3] I2C: Chip 00000000 Eng. 3 Port 0--
 xscom_base=0x00000000000a3000	state=4	bytes_sent=0
[   23.354730573,3] I2C: Request info--
 addr=0x0052	offset_bytes=2	offset=0	len=1
[   23.354793245,3] I2C:  start_time=00000002d26d1ece end_time=00000002d30a0adf (duration=00000000009cec11)
[   23.354887442,3] I2C: Register dump--
    cmd:0x1000000001000000	mode:0x004d000801000000	stat:0x01018c0001080000
  estat:0x0800dd1801000000	intm:0x0000ff8001000000	intc:0x0000012a01000000
[    3.611060] ata3: SATA link down (SStatus 0 SControl 300)
[    3.611160] ata4: SATA link down (SStatus 0 SControl 300)
[   23.440762591,3] I2C: Request timeout !
[   23.440810127,3] I2C: Chip 00000000 Eng. 3 Port 0--
 xscom_base=0x00000000000a3000	state=4	bytes_sent=0
[   23.440910791,3] I2C: Request info--
 addr=0x0053	offset_bytes=2	offset=0	len=1
[   23.440973298,3] I2C:  start_time=00000002d790171a end_time=00000002d82cffea (duration=00000000009ce8d0)
[   23.441072023,3] I2C: Register dump--
    cmd:0x1000000001000000	mode:0x004d000801000000	stat:0x01018c0001080000
  estat:0x0800dd1801000000	intm:0x0000ff8001000000	intc:0x0000012a01000000
[    3.779844] ata1: SATA link up 6.0 Gbps (SStatus 133 SControl 300)
[    3.779920] ata2: SATA link up 6.0 Gbps (SStatus 133 SControl 300)
[    3.780865] ata1.00: ATA-10: ST1000NX0313         00LY266 00LY265IBM, BE35, max UDMA/133
[    3.780982] ata1.00: 1953525168 sectors, multi 0: LBA48 NCQ (depth 31/32), AA
[    3.781039] ata2.00: ATA-10: ST1000NX0313         00LY266 00LY265IBM, BE35, max UDMA/133
[    3.781104] ata2.00: 1953525168 sectors, multi 0: LBA48 NCQ (depth 31/32), AA
[    3.781635] ata1.00: configured for UDMA/133
[    3.781761] ata2.00: configured for UDMA/133
[    3.782092] scsi 0:0:0:0: Direct-Access     ATA      ST1000NX0313     BE35 PQ: 0 ANSI: 5
[    3.782971] scsi 1:0:0:0: Direct-Access     ATA      ST1000NX0313     BE35 PQ: 0 ANSI: 5
[   24.014943555,3] I2C: Request timeout !
[   24.014990813,3] I2C: Chip 00000000 Eng. 3 Port 0--
 xscom_base=0x00000000000a3000	state=4	bytes_sent=0
[   24.015088984,3] I2C: Request info--
 addr=0x0054	offset_bytes=2	offset=0	len=1
[   24.015161483,3] I2C:  start_time=00000002dcb31ab1 end_time=00000002dd50046a (duration=00000000009ce9b9)
[   24.015270420,3] I2C: Register dump--
    cmd:0x1000000001000000	mode:0x004d000801000000	stat:0x01018c0001080000
  estat:0x0800dd1801000000	intm:0x0000ff8001000000	intc:0x0000012a01000000
[   24.127799013,3] I2C: Request timeout !
[   24.127861346,3] I2C: Chip 00000000 Eng. 3 Port 0--
 xscom_base=0x00000000000a3000	state=4	bytes_sent=0
[   24.127946889,3] I2C: Request info--
 addr=0x0055	offset_bytes=2	offset=0	len=1
[   24.128006921,3] I2C:  start_time=00000002e36d24cf end_time=00000002e40a0df9 (duration=00000000009ce92a)
[   24.128097946,3] I2C: Register dump--
    cmd:0x1000000001000000	mode:0x004d000801000000	stat:0x01018c0001080000
  estat:0x0800dd1801000000	intm:0x0000ff8001000000	intc:0x0000012a01000000
[   24.248862779,3] I2C: Request timeout !
[   24.248922727,3] I2C: Chip 00000000 Eng. 3 Port 1--
 xscom_base=0x00000000000a3000	state=4	bytes_sent=0
[   24.249003206,3] I2C: Request info--
 addr=0x0052	offset_bytes=2	offset=0	len=1
[   24.249076056,3] I2C:  start_time=00000002eaa46cc6 end_time=00000002eb41575c (duration=00000000009cea96)
[   24.249167398,3] I2C: Register dump--
    cmd:0x1000000001000000	mode:0x004d040801000000	stat:0x01018c0001080000
  estat:0x0800dd1801000000	intm:0x0000ff8001000000	intc:0x0000012a01000000
[   24.363769873,3] I2C: Request timeout !
[   24.363819804,3] I2C: Chip 00000000 Eng. 3 Port 1--
 xscom_base=0x00000000000a3000	state=4	bytes_sent=0
[   24.363900290,3] I2C: Request info--
 addr=0x0053	offset_bytes=2	offset=0	len=1
[   24.363967910,3] I2C:  start_time=00000002f17dc588 end_time=00000002f21aaf1a (duration=00000000009ce992)
[   24.364051498,3] I2C: Register dump--
    cmd:0x1000000001000000	mode:0x004d040801000000	stat:0x01018c0001080000
  estat:0x0800dd1801000000	intm:0x0000ff8001000000	intc:0x0000012a01000000
[   24.486884863,3] I2C: Request timeout !
[   24.486936963,3] I2C: Chip 00000000 Eng. 3 Port 1--
 xscom_base=0x00000000000a3000	state=4	bytes_sent=0
[   24.487035104,3] I2C: Request info--
 addr=0x0054	offset_bytes=2	offset=0	len=1
[   24.487100082,3] I2C:  start_time=00000002f8d45bbe end_time=00000002f9714522 (duration=00000000009ce964)
[   24.487198901,3] I2C: Register dump--
    cmd:0x1000000001000000	mode:0x004d040801000000	stat:0x01018c0001080000
  estat:0x0800dd1801000000	intm:0x0000ff8001000000	intc:0x0000012a01000000
[   25.098000111,3] I2C: Request timeout !
[   25.098047409,3] I2C: Chip 00000000 Eng. 3 Port 1--
 xscom_base=0x00000000000a3000	state=4	bytes_sent=0
[   25.098145475,3] I2C: Request info--
 addr=0x0055	offset_bytes=2	offset=0	len=1
[   25.098212917,3] I2C:  start_time=00000003002af2f6 end_time=0000000300c7dc0e (duration=00000000009ce918)
[   25.098311755,3] I2C: Register dump--
    cmd:0x1000000001000000	mode:0x004d040801000000	stat:0x01018c0001080000
  estat:0x0800dd1801000000	intm:0x0000ff8001000000	intc:0x0000012a01000000
[    5.161654] at24 7-0050: 16384 byte 24c128 EEPROM, writable, 1 bytes/write
[    5.161968] at24 8-0054: 16384 byte 24c128 EEPROM, writable, 1 bytes/write
[    5.162288] at24 9-0050: 16384 byte 24c128 EEPROM, writable, 1 bytes/write
[    5.162627] at24 10-0054: 16384 byte 24c128 EEPROM, writable, 1 bytes/write
[   25.214546991,3] I2C: Request timeout !
[   25.214612037,3] I2C: Chip 00000008 Eng. 3 Port 0--
 xscom_base=0x00000000000a3000	state=4	bytes_sent=0
[   25.214708505,3] I2C: Request info--
 addr=0x0053	offset_bytes=2	offset=0	len=1
[   25.214767744,3] I2C:  start_time=00000003071d4dfd end_time=0000000307ba38bb (duration=00000000009ceabe)
[   25.214862300,3] I2C: Register dump--
    cmd:0x1000000001000000	mode:0x004d000801000000	stat:0x01018c0001080000
  estat:0x0800dd1801000000	intm:0x0000ff8001000000	intc:0x0000012a01000000
[   25.333555271,3] I2C: Request timeout !
[   25.333843627,3] I2C: Chip 00000008 Eng. 3 Port 0--
 xscom_base=0x00000000000a3000	state=4	bytes_sent=0
[   25.335313843,3] I2C: Request info--
 addr=0x0054	offset_bytes=2	offset=0	len=1
[   25.336760231,3] I2C:  start_time=000000030e353d9c end_time=000000030ed22538 (duration=00000000009ce79c)
[   25.339623352,3] I2C: Register dump--
    cmd:0x1000000001000000	mode:0x004d000801000000	stat:0x01018c0001080000
  estat:0x0800dd1801000000	intm:0x0000ff8001000000	intc:0x0000012a01000000
[   25.466933019,3] I2C: Request timeout !
[   25.466977228,3] I2C: Chip 00000008 Eng. 3 Port 1--
 xscom_base=0x00000000000a3000	state=4	bytes_sent=0
[   25.467073287,3] I2C: Request info--
 addr=0x0053	offset_bytes=2	offset=0	len=1
[   25.467149838,3] I2C:  start_time=0000000316286b94 end_time=0000000316c55415 (duration=00000000009ce881)
[   25.467244359,3] I2C: Register dump--
    cmd:0x1000000001000000	mode:0x004d040801000000	stat:0x01018c0001080000
  estat:0x0800dd1801000000	intm:0x0000ff8001000000	intc:0x0000012a01000000
[   26.098567468,3] I2C: Request timeout !
[   26.098617395,3] I2C: Chip 00000008 Eng. 3 Port 1--
 xscom_base=0x00000000000a3000	state=4	bytes_sent=0
[   26.098703188,3] I2C: Request info--
 addr=0x0055	offset_bytes=2	offset=0	len=1
[   26.098777333,3] I2C:  start_time=000000031eb81c5d end_time=000000031f55042d (duration=00000000009ce7d0)
[   26.098881483,3] I2C: Register dump--
    cmd:0x1000000001000000	mode:0x004d040801000000	stat:0x01018c0001080000
  estat:0x0800dd1801000000	intm:0x0000ff8001000000	intc:0x0000012a01000000
[    6.143136] powernv-cpufreq: cpufreq pstate min 101 nominal 50 max 0
[    6.143198] powernv-cpufreq: Workload Optimized Frequency is enabled in the platform
[    6.152728] usbcore: registered new interface driver usbhid
[    6.152781] usbhid: USB HID core driver
[    6.153171] ipip: IPv4 and MPLS over IPv4 tunneling driver
[    6.153459] NET: Registered protocol family 17
[    6.153515] Key type dns_resolver registered
[    6.153777] registered taskstats version 1
[    6.153811] Loading compiled-in X.509 certificates
[    6.161273] Loaded X.509 cert 'Build time autogenerated kernel key: 69b7bd2878a4bab90574770d0a2ffddecb40bd94'
[    6.166328] Key type encrypted registered
[    6.166388] ima: No TPM chip found, activating TPM-bypass! (rc=-19)
[    6.166520] evm: HMAC attrs: 0x1
[    6.219981] rtc-opal opal-rtc: setting system clock to 2017-09-28 16:58:33 UTC (1506617913)
[    6.222283] Freeing unused kernel memory: 11456K
[    6.222345] This architecture does not have kernel memory protection.
[    6.240901] udevd[2944]: starting version 3.2.2
[    6.244361] udevd[2945]: starting eudev-3.2.2
[    6.294961] pci 0002:00:00.0: enabling device (0105 -> 0107)
[    6.295046] pci 0002:01:00.0: enabling device (0145 -> 0147)
[    6.295157] ast 0002:02:00.0: enabling device (0140 -> 0142)
[    6.295353] [drm] platform has no IO space, trying MMIO
[    6.295412] [drm] VGA not enabled on entry, requesting chip POST
[    6.295521] [drm] Using P2A bridge for configuration
[    6.295606] [drm] AST 2500 detected
[    6.295666] [drm] Analog VGA only
[    6.295761] [drm] dram MCLK=800 Mhz type=7 bus_width=16 size=01000000
[    6.295986] [TTM] Zone  kernel: Available graphics memory: 108817376 kiB
[    6.296075] [TTM] Zone   dma32: Available graphics memory: 2097152 kiB
[    6.296156] [TTM] Initializing pool allocator
[    6.297864] tg3 0005:01:00.0 enP5p1s0f0: renamed from eth0
[    6.300575] scsi 0:0:0:0: Attached scsi generic sg0 type 0
[    6.300688] scsi 1:0:0:0: Attached scsi generic sg1 type 0

(B)0[1;24r[m[?7h[?1h=[H[J[H[J Petitboot (v1.5.1-p848cad7)[1B [0mqqqqqqqqqqqqqqqqqqqqqqqqqqqqqqqqqqqqqqqqqqqqqqqqqqqqqqqqqqqqqqqqqqqqqqqqqqqqqq[2B  [0mSystem information[1B  System configuration[1B  System status log[1B  Language[1B  Rescan devices[1B  Retrieve config from URL[1B *[0;7mExit to shell           [12B[25D[0mqqqqqqqqqqqqqqqqqqqqqqqqqqqqqqqqqqqqqqqqqqqqqqqqqqqqqqqqqqqqqqqqqqqqqqqqqqqqqq[1B [0mEnter=accept, e=edit, n=new, x=exit, l=language, g=log, h=help[1B Welcome to Petitboot[J[1;47H0000000000000000 0000000000000000[23B [3;21r[3;1HMM[1;24r[3;3H[Disk: sda2 / 728d2189-0c67-4551-8857-40e2845ba17b][1B[49DUbuntu[12;27H[0;7m                           [12B[52D[m[4;21r[4;1HM[1;24r[4;5HUbuntu, with Linux 4.10.0-26-generic[20B [4;21r[4;1HM[1;24r[4;5HUbuntu, with Linux 4.10.0-26-generic (recovery mode)[14;54H[0;7m   [10B[55D[m[enP5p1s0f0] Configuring with DHCP Booting in 9 sec: [sda2] Ubuntu   [24;13H8[24;33H[24;13H7[24;33H[24;13H6[24;33H[24;13H5[24;33H[24;13H4[24;33H[24;13H3[24;33H[24;13H2[24;33H[24;13H1[24;33H[24;10HUbuntu                 [24;16H Loaded kernel image from file:///var/petitboot/mnt/dev/sda2/boot/vmlinux-4.10.[?7l0[?7h[24;9Hinitrd from file:///var/petitboot/mnt/dev/sda2/boot/initrd.img-4.10.0-2[?7l6[?7h Running boot hooks[K Performing kexec loadrebootThe system is going down NOW!
Sent SIGTERM to all processes
Sent SIGKILL to all processes
[   46.060411] kexec_core: Starting new kernel
[   66.212484403,5] OPAL: Switch to big-endian OS
[   68.334384460,5] OPAL: Switch to little-endian OS
[    0.000000] opal: OPAL detected !
[    0.000000] OF: reserved mem: not enough space all defined regions.
[    0.000000] OF: reserved mem: not enough space all defined regions.
[    0.000000] OF: reserved mem: not enough space all defined regions.
[    0.000000] Page sizes from device-tree:
[    0.000000] Page size shift = 12 AP=0x0
[    0.000000] Page size shift = 16 AP=0x5
[    0.000000] Page size shift = 21 AP=0x1
[    0.000000] Page size shift = 30 AP=0x2
[    0.000000] Initializing Radix MMU
[    0.000000] Partition table c0002017ff7f0000
[    0.000000] Mapped range 0x0 - 0x2000000000 with 0x40000000
[    0.000000] Mapped range 0x200000000000 - 0x200c00000000 with 0x40000000
[    0.000000] Mapped range 0x201000000000 - 0x201800000000 with 0x40000000
[    0.000000] Process table c0002017fe800000 and radix root for kernel: c0000000014a0000
[    0.000000] Linux version 4.10.0-26-generic (buildd@bos01-ppc64el-012) (gcc version 6.3.0 20170406 (Ubuntu 6.3.0-12ubuntu2) ) #30-Ubuntu SMP Tue Jun 27 09:29:34 UTC 2017 (Ubuntu 4.10.0-26.30-generic 4.10.17)
[    0.000000] Found initrd at 0xc000000002d90000:0xc00000000533e9f2
[    0.000000] OPAL: Power8 LPC bus found, chip ID 0
[    0.000000] Using PowerNV machine description
[    0.000000] bootconsole [udbg0] enabled
[    0.000000] CPU maps initialized for 4 threads per core
 -> smp_release_cpus()
spinning_secondaries = 175
 <- smp_release_cpus()
[    0.000000] -----------------------------------------------------
[    0.000000] ppc64_pft_size    = 0x0
[    0.000000] phys_mem_size     = 0x3400000000
[    0.000000] dcache_bsize      = 0x80
[    0.000000] icache_bsize      = 0x80
[    0.000000] cpu_features      = 0x077c7afd18500249
[    0.000000]   possible        = 0x7fffffff18500649
[    0.000000]   always          = 0x0000000018100040
[    0.000000] cpu_user_features = 0xdc0065c2 0xaec00000
[    0.000000] mmu_features      = 0x3c004041
[    0.000000] firmware_features = 0x0000000110000000
[    0.000000] -----------------------------------------------------
[    0.000000] cma: Reserved 10656 MiB at 0x0000201563000000
[    0.000000] numa: Initmem setup node 0 [mem 0x00000000-0x1fffffffff]
[    0.000000] numa:   NODE_DATA [mem 0x1fffff6300-0x1fffffffff]
[    0.000000] numa: Initmem setup node 8 [mem 0x200000000000-0x2017ffffffff]
[    0.000000] numa:   NODE_DATA [mem 0x2017ff6e4d80-0x2017ff6eea7f]
[    0.000000] numa: Initmem setup node 250
[    0.000000] numa:   NODE_DATA [mem 0x2017ff6bb080-0x2017ff6c4d7f]
[    0.000000] numa:     NODE_DATA(250) on node 8
[    0.000000] numa: Initmem setup node 251
[    0.000000] numa:   NODE_DATA [mem 0x2017ff6b1380-0x2017ff6bb07f]
[    0.000000] numa:     NODE_DATA(251) on node 8
[    0.000000] numa: Initmem setup node 252
[    0.000000] numa:   NODE_DATA [mem 0x2017ff6a7680-0x2017ff6b137f]
[    0.000000] numa:     NODE_DATA(252) on node 8
[    0.000000] numa: Initmem setup node 253
[    0.000000] numa:   NODE_DATA [mem 0x2017ff69d980-0x2017ff6a767f]
[    0.000000] numa:     NODE_DATA(253) on node 8
[    0.000000] numa: Initmem setup node 254
[    0.000000] numa:   NODE_DATA [mem 0x2017ff693c80-0x2017ff69d97f]
[    0.000000] numa:     NODE_DATA(254) on node 8
[    0.000000] numa: Initmem setup node 255
[    0.000000] numa:   NODE_DATA [mem 0x2017ff689f80-0x2017ff693c7f]
[    0.000000] numa:     NODE_DATA(255) on node 8
[    0.000000] Initializing IODA2 PHB (/pciex@600c3c0000000)
[    0.000000] PCI host bridge /pciex@600c3c0000000 (primary) ranges:
[    0.000000]  MEM 0x000600c000000000..0x000600c07ffeffff -> 0x0000000080000000 
[    0.000000]  MEM 0x0006000000000000..0x0006003fffffffff -> 0x0006000000000000 (M64 #1..31)
[    0.000000]  Using M64 #31 as default window
[    0.000000]   512 (511) PE's M32: 0x80000000 [segment=0x400000]
[    0.000000]                  M64: 0x4000000000 [segment=0x20000000]
[    0.000000]   Allocated bitmap for 4088 MSIs (base IRQ 0xfe000)
[    0.000000] Initializing IODA2 PHB (/pciex@600c3c0100000)
[    0.000000] PCI host bridge /pciex@600c3c0100000  ranges:
[    0.000000]  MEM 0x000600c080000000..0x000600c0fffeffff -> 0x0000000080000000 
[    0.000000]  MEM 0x0006004000000000..0x0006007fffffffff -> 0x0006004000000000 (M64 #1..15)
[    0.000000]  Using M64 #15 as default window
[    0.000000]   256 (255) PE's M32: 0x80000000 [segment=0x800000]
[    0.000000]                  M64: 0x4000000000 [segment=0x40000000]
[    0.000000]   Allocated bitmap for 2040 MSIs (base IRQ 0xfd800)
[    0.000000] Initializing IODA2 PHB (/pciex@600c3c0200000)
[    0.000000] PCI host bridge /pciex@600c3c0200000  ranges:
[    0.000000]  MEM 0x000600c100000000..0x000600c17ffeffff -> 0x0000000080000000 
[    0.000000]  MEM 0x0006008000000000..0x000600bfffffffff -> 0x0006008000000000 (M64 #1..15)
[    0.000000]  Using M64 #15 as default window
[    0.000000]   256 (255) PE's M32: 0x80000000 [segment=0x800000]
[    0.000000]                  M64: 0x4000000000 [segment=0x40000000]
[    0.000000]   Allocated bitmap for 2040 MSIs (base IRQ 0xfd000)
[    0.000000] Initializing IODA2 PHB (/pciex@600c3c0300000)
[    0.000000] PCI host bridge /pciex@600c3c0300000  ranges:
[    0.000000]  MEM 0x000600c180000000..0x000600c1fffeffff -> 0x0000000080000000 
[    0.000000]  MEM 0x0006020000000000..0x0006023fffffffff -> 0x0006020000000000 (M64 #1..31)
[    0.000000]  Using M64 #31 as default window
[    0.000000]   512 (511) PE's M32: 0x80000000 [segment=0x400000]
[    0.000000]                  M64: 0x4000000000 [segment=0x20000000]
[    0.000000]   Allocated bitmap for 4088 MSIs (base IRQ 0xfc000)
[    0.000000] Initializing IODA2 PHB (/pciex@600c3c0400000)
[    0.000000] PCI host bridge /pciex@600c3c0400000  ranges:
[    0.000000]  MEM 0x000600c200000000..0x000600c27ffeffff -> 0x0000000080000000 
[    0.000000]  MEM 0x0006024000000000..0x0006027fffffffff -> 0x0006024000000000 (M64 #1..15)
[    0.000000]  Using M64 #15 as default window
[    0.000000]   256 (255) PE's M32: 0x80000000 [segment=0x800000]
[    0.000000]                  M64: 0x4000000000 [segment=0x40000000]
[    0.000000]   Allocated bitmap for 2040 MSIs (base IRQ 0xfb800)
[    0.000000] Initializing IODA2 PHB (/pciex@600c3c0500000)
[    0.000000] PCI host bridge /pciex@600c3c0500000  ranges:
[    0.000000]  MEM 0x000600c280000000..0x000600c2fffeffff -> 0x0000000080000000 
[    0.000000]  MEM 0x0006028000000000..0x000602bfffffffff -> 0x0006028000000000 (M64 #1..15)
[    0.000000]  Using M64 #15 as default window
[    0.000000]   256 (255) PE's M32: 0x80000000 [segment=0x800000]
[    0.000000]                  M64: 0x4000000000 [segment=0x40000000]
[    0.000000]   Allocated bitmap for 2040 MSIs (base IRQ 0xfb000)
[    0.000000] Initializing IODA2 PHB (/pciex@620c3c0000000)
[    0.000000] PCI host bridge /pciex@620c3c0000000  ranges:
[    0.000000]  MEM 0x000620c000000000..0x000620c07ffeffff -> 0x0000000080000000 
[    0.000000]  MEM 0x0006200000000000..0x0006203fffffffff -> 0x0006200000000000 (M64 #1..31)
[    0.000000]  Using M64 #31 as default window
[    0.000000]   512 (511) PE's M32: 0x80000000 [segment=0x400000]
[    0.000000]                  M64: 0x4000000000 [segment=0x20000000]
[    0.000000]   Allocated bitmap for 4088 MSIs (base IRQ 0x1fe000)
[    0.000000] Initializing IODA2 PHB (/pciex@620c3c0300000)
[    0.000000] PCI host bridge /pciex@620c3c0300000  ranges:
[    0.000000]  MEM 0x000620c180000000..0x000620c1fffeffff -> 0x0000000080000000 
[    0.000000]  MEM 0x0006220000000000..0x0006223fffffffff -> 0x0006220000000000 (M64 #1..31)
[    0.000000]  Using M64 #31 as default window
[    0.000000]   512 (511) PE's M32: 0x80000000 [segment=0x400000]
[    0.000000]                  M64: 0x4000000000 [segment=0x20000000]
[    0.000000]   Allocated bitmap for 4088 MSIs (base IRQ 0x1fd000)
[    0.000000] Initializing IODA2 PHB (/pciex@620c3c0400000)
[    0.000000] PCI host bridge /pciex@620c3c0400000  ranges:
[    0.000000]  MEM 0x000620c200000000..0x000620c27ffeffff -> 0x0000000080000000 
[    0.000000]  MEM 0x0006224000000000..0x0006227fffffffff -> 0x0006224000000000 (M64 #1..15)
[    0.000000]  Using M64 #15 as default window
[    0.000000]   256 (255) PE's M32: 0x80000000 [segment=0x800000]
[    0.000000]                  M64: 0x4000000000 [segment=0x40000000]
[    0.000000]   Allocated bitmap for 2040 MSIs (base IRQ 0x1fc800)
[    0.000000] Initializing IODA2 PHB (/pciex@620c3c0500000)
[    0.000000] PCI host bridge /pciex@620c3c0500000  ranges:
[    0.000000]  MEM 0x000620c280000000..0x000620c2fffeffff -> 0x0000000080000000 
[    0.000000]  MEM 0x0006228000000000..0x000622bfffffffff -> 0x0006228000000000 (M64 #1..15)
[    0.000000]  Using M64 #15 as default window
[    0.000000]   256 (255) PE's M32: 0x80000000 [segment=0x800000]
[    0.000000]                  M64: 0x4000000000 [segment=0x40000000]
[    0.000000]   Allocated bitmap for 2040 MSIs (base IRQ 0x1fc000)
[    0.000000] Initializing NPU PHB (/pciex@6030200000000)
[    0.000000] PCI host bridge /pciex@6030200000000  ranges:
[    0.000000]  MEM 0x0006030201600000..0x000603020171ffff -> 0x0006030201600000 
[    0.000000]   Not support M64 window
[    0.000000]   016 (015) PE's M32: 0x130000 [segment=0x13000]
[    0.000000] Initializing NPU PHB (/pciex@6230200000000)
[    0.000000] PCI host bridge /pciex@6230200000000  ranges:
[    0.000000]  MEM 0x0006230201600000..0x000623020171ffff -> 0x0006230201600000 
[    0.000000]   Not support M64 window
[    0.000000]   016 (015) PE's M32: 0x130000 [segment=0x13000]
[    0.000000] OPAL nvram setup, 589824 bytes
[    0.000000] Zone ranges:
[    0.000000]   DMA      [mem 0x0000000000000000-0x00002017ffffffff]
[    0.000000]   DMA32    empty
[    0.000000]   Normal   empty
[    0.000000] Movable zone start for each node
[    0.000000] Early memory node ranges
[    0.000000]   node   0: [mem 0x0000000000000000-0x0000001fffffffff]
[    0.000000]   node   8: [mem 0x0000200000000000-0x0000200bffffffff]
[    0.000000]   node   8: [mem 0x0000201000000000-0x00002017ffffffff]
[    0.000000] Initmem setup node 0 [mem 0x0000000000000000-0x0000001fffffffff]
[    0.000000] Initmem setup node 8 [mem 0x0000200000000000-0x00002017ffffffff]
[    0.000000] Could not find start_pfn for node 250
[    0.000000] Initmem setup node 250 [mem 0x0000000000000000-0x0000000000000000]
[    0.000000] Could not find start_pfn for node 251
[    0.000000] Initmem setup node 251 [mem 0x0000000000000000-0x0000000000000000]
[    0.000000] Could not find start_pfn for node 252
[    0.000000] Initmem setup node 252 [mem 0x0000000000000000-0x0000000000000000]
[    0.000000] Could not find start_pfn for node 253
[    0.000000] Initmem setup node 253 [mem 0x0000000000000000-0x0000000000000000]
[    0.000000] Could not find start_pfn for node 254
[    0.000000] Initmem setup node 254 [mem 0x0000000000000000-0x0000000000000000]
[    0.000000] Could not find start_pfn for node 255
[    0.000000] Initmem setup node 255 [mem 0x0000000000000000-0x0000000000000000]
[    0.000000] percpu: Embedded 3 pages/cpu @c000001ff5eb0000 s149272 r0 d47336 u196608
[    0.000000] Built 8 zonelists in Node order, mobility grouping on.  Total pages: 3404544
[    0.000000] Policy zone: DMA
[    0.000000] Kernel command line: root=UUID=728d2189-0c67-4551-8857-40e2845ba17b ro powersave=off
[    0.000000] log_buf_len individual max cpu contribution: 4096 bytes
[    0.000000] log_buf_len total cpu_extra contributions: 716800 bytes
[    0.000000] log_buf_len min size: 131072 bytes
[    0.000000] log_buf_len: 1048576 bytes
[    0.000000] early log buf free: 115232(87%)
[    0.000000] PID hash table entries: 4096 (order: -1, 32768 bytes)
[    0.000000] Memory: 206570240K/218103808K available (11712K kernel code, 1600K rwdata, 3352K rodata, 4416K init, 3045K bss, 621824K reserved, 10911744K cma-reserved)
[    0.000000] SLUB: HWalign=128, Order=0-3, MinObjects=0, CPUs=176, Nodes=256
[    0.000000] Hierarchical RCU implementation.
[    0.000000] 	Build-time adjustment of leaf fanout to 64.
[    0.000000] 	RCU restricting CPUs from NR_CPUS=2048 to nr_cpu_ids=176.
[    0.000000] RCU: Adjusting geometry for rcu_fanout_leaf=64, nr_cpu_ids=176
[    0.000000] NR_IRQS:512 nr_irqs:512 16
[    0.000000] xive: Interrupt handling intialized with native backend
[    0.000000] xive: Using priority 7 for all interrupts
[    0.000000] xive: Using 64kB queues
[    0.000003] time_init: 56 bit decrementer (max: 7fffffffffffff)
[    0.000421] clocksource: timebase: mask: 0xffffffffffffffff max_cycles: 0x761537d007, max_idle_ns: 440795202126 ns
[    0.001147] clocksource: timebase mult[1f40000] shift[24] registered
[    0.001766] Console: colour dummy device 80x25
[    0.002325] console [hvc0] enabled
[    0.002325] console [hvc0] enabled
[    0.002628] bootconsole [udbg0] disabled
[    0.002628] bootconsole [udbg0] disabled
[    0.003245] mempolicy: Enabling automatic NUMA balancing. Configure with numa_balancing= or the kernel.numa_balancing sysctl
[    0.003365] pid_max: default: 180224 minimum: 1408
[    0.005449] Security Framework initialized
[    0.005484] Yama: becoming mindful.
[    0.005583] AppArmor: AppArmor initialized
[    0.009063] Dentry cache hash table entries: 33554432 (order: 12, 268435456 bytes)
[    0.098685] Inode-cache hash table entries: 16777216 (order: 11, 134217728 bytes)
[    0.151883] Mount-cache hash table entries: 524288 (order: 6, 4194304 bytes)
[    0.152019] Mountpoint-cache hash table entries: 524288 (order: 6, 4194304 bytes)
[    0.155754] ftrace: allocating 30684 entries in 12 pages
[    0.174176] EEH: PowerNV platform initialized
[    0.174221] POWER9 performance monitor hardware support registered
[    0.176538] smp: Bringing up secondary CPUs ...
[    0.651539] smp: Brought up 8 nodes, 176 CPUs
[    0.651611] numa: Node 0 CPUs: 0-87
[    0.651649] numa: Node 8 CPUs: 88-175
[    0.651688] numa: Node 250 CPUs:
[    0.651725] numa: Node 251 CPUs:
[    0.651761] numa: Node 252 CPUs:
[    0.651806] numa: Node 253 CPUs:
[    0.651852] numa: Node 254 CPUs:
[    0.651925] numa: Node 255 CPUs:
[    0.664090] devtmpfs: initialized
[    0.725148] evm: security.selinux
[    0.725185] evm: security.SMACK64
[    0.725210] evm: security.SMACK64EXEC
[    0.725234] evm: security.SMACK64TRANSMUTE
[    0.725259] evm: security.SMACK64MMAP
[    0.725284] evm: security.ima
[    0.725309] evm: security.capability
[    0.726308] clocksource: jiffies: mask: 0xffffffff max_cycles: 0xffffffff, max_idle_ns: 7645041785100000 ns
[    0.726479] futex hash table entries: 65536 (order: 7, 8388608 bytes)
[    0.732501] NET: Registered protocol family 16
[    0.754669] cpuidle: using governor ladder
[    0.778687] cpuidle: using governor menu
[    0.778951] pstore: using zlib compression
[    0.778987] pstore: Registered nvram as persistent store backend
[    0.849030] PCI: Probing PCI hardware
[    0.849172] PCI host bridge to bus 0000:00
[    0.849242] pci_bus 0000:00: root bus resource [mem 0x600c000000000-0x600c07ffeffff] (bus address [0x80000000-0xfffeffff])
[    0.849390] pci_bus 0000:00: root bus resource [mem 0x6000000000000-0x6003fbfffffff 64bit pref]
[    0.849513] pci_bus 0000:00: root bus resource [bus 00-ff]
[    0.849890] pci 0000:00:00.0: PCI bridge to [bus 01]
[    0.850014] PCI host bridge to bus 0001:00
[    0.850063] pci_bus 0001:00: root bus resource [mem 0x600c080000000-0x600c0fffeffff] (bus address [0x80000000-0xfffeffff])
[    0.850184] pci_bus 0001:00: root bus resource [mem 0x6004000000000-0x6007f7fffffff 64bit pref]
[    0.850321] pci_bus 0001:00: root bus resource [bus 00-ff]
[    0.851001] pci 0001:00:00.0: PCI bridge to [bus 01]
[    0.851298] PCI host bridge to bus 0002:00
[    0.851349] pci_bus 0002:00: root bus resource [mem 0x600c100000000-0x600c17ffeffff] (bus address [0x80000000-0xfffeffff])
[    0.851492] pci_bus 0002:00: root bus resource [mem 0x6008000000000-0x600bf7fffffff 64bit pref]
[    0.851612] pci_bus 0002:00: root bus resource [bus 00-ff]
[    0.852248] pci 0002:00:00.0: PCI bridge to [bus 01-02]
[    0.852732] pci 0002:01:00.0: PCI bridge to [bus 02]
[    0.852925] PCI host bridge to bus 0003:00
[    0.852980] pci_bus 0003:00: root bus resource [mem 0x600c180000000-0x600c1fffeffff] (bus address [0x80000000-0xfffeffff])
[    0.853115] pci_bus 0003:00: root bus resource [mem 0x6020000000000-0x6023fbfffffff 64bit pref]
[    0.853210] pci_bus 0003:00: root bus resource [bus 00-ff]
[    0.853547] pci 0003:00:00.0: PCI bridge to [bus 01]
[    0.853692] PCI host bridge to bus 0004:00
[    0.853747] pci_bus 0004:00: root bus resource [mem 0x600c200000000-0x600c27ffeffff] (bus address [0x80000000-0xfffeffff])
[    0.853875] pci_bus 0004:00: root bus resource [mem 0x6024000000000-0x6027f7fffffff 64bit pref]
[    0.854000] pci_bus 0004:00: root bus resource [bus 00-ff]
[    0.855764] pci 0004:00:00.0: PCI bridge to [bus 01-06]
[    0.857341] pci 0004:01:00.0: PCI bridge to [bus 02-06]
[    0.859361] pci 0004:02:02.0: PCI bridge to [bus 03]
[    0.859535] pci 0004:02:0a.0: PCI bridge to [bus 04]
[    0.859681] pci 0004:02:0b.0: PCI bridge to [bus 05]
[    0.859830] pci 0004:02:0c.0: PCI bridge to [bus 06]
[    0.859999] PCI host bridge to bus 0005:00
[    0.860054] pci_bus 0005:00: root bus resource [mem 0x600c280000000-0x600c2fffeffff] (bus address [0x80000000-0xfffeffff])
[    0.860200] pci_bus 0005:00: root bus resource [mem 0x6028000000000-0x602bf7fffffff 64bit pref]
[    0.860322] pci_bus 0005:00: root bus resource [bus 00-ff]
[    0.860357] random: fast init done
[    0.861440] pci 0005:00:00.0: PCI bridge to [bus 01]
[    0.861659] PCI host bridge to bus 0030:00
[    0.861702] pci_bus 0030:00: root bus resource [mem 0x620c000000000-0x620c07ffeffff] (bus address [0x80000000-0xfffeffff])
[    0.861853] pci_bus 0030:00: root bus resource [mem 0x6200000000000-0x6203fbfffffff 64bit pref]
[    0.861974] pci_bus 0030:00: root bus resource [bus 00-ff]
[    0.862368] pci 0030:00:00.0: PCI bridge to [bus 01]
[    0.862492] PCI host bridge to bus 0033:00
[    0.862542] pci_bus 0033:00: root bus resource [mem 0x620c180000000-0x620c1fffeffff] (bus address [0x80000000-0xfffeffff])
[    0.862652] pci_bus 0033:00: root bus resource [mem 0x6220000000000-0x6223fbfffffff 64bit pref]
[    0.862787] pci_bus 0033:00: root bus resource [bus 00-ff]
[    0.863192] pci 0033:00:00.0: PCI bridge to [bus 01]
[    0.863320] PCI host bridge to bus 0034:00
[    0.863371] pci_bus 0034:00: root bus resource [mem 0x620c200000000-0x620c27ffeffff] (bus address [0x80000000-0xfffeffff])
[    0.863516] pci_bus 0034:00: root bus resource [mem 0x6224000000000-0x6227f7fffffff 64bit pref]
[    0.863636] pci_bus 0034:00: root bus resource [bus 00-ff]
[    0.864035] pci 0034:00:00.0: PCI bridge to [bus 01]
[    0.864167] PCI host bridge to bus 0035:00
[    0.864225] pci_bus 0035:00: root bus resource [mem 0x620c280000000-0x620c2fffeffff] (bus address [0x80000000-0xfffeffff])
[    0.864369] pci_bus 0035:00: root bus resource [mem 0x6228000000000-0x622bf7fffffff 64bit pref]
[    0.864488] pci_bus 0035:00: root bus resource [bus 00-ff]
[    0.865306] pci 0035:00:00.0: PCI bridge to [bus 01-08]
[    0.866266] pci 0035:01:00.0: PCI bridge to [bus 02-08]
[    0.867339] pci 0035:02:08.0: PCI bridge to [bus 03-07]
[    0.867494] pci 0035:02:0d.0: PCI bridge to [bus 08]
[    0.867687] PCI host bridge to bus 0006:00
[    0.867742] pci_bus 0006:00: root bus resource [mem 0x6030201600000-0x603020171ffff]
[    0.867848] pci_bus 0006:00: root bus resource [bus 00-ff]
[    0.869077] PCI host bridge to bus 0007:00
[    0.869109] pci_bus 0007:00: root bus resource [mem 0x6230201600000-0x623020171ffff]
[    0.869189] pci_bus 0007:00: root bus resource [bus 00-ff]
[    0.870355] pci 0000:00     : [PE# 1fe] Secondary bus 0 associated with PE#1fe
[    0.870733] pci 0000:00:00.0: PCI bridge to [bus 01]
[    0.870836] pci 0001:00:00.0: BAR 14: assigned [mem 0x600c080000000-0x600c0807fffff]
[    0.870908] pci 0001:01:00.0: BAR 0: assigned [mem 0x600c080000000-0x600c08000ffff 64bit]
[    0.871030] pci 0001:01:00.0: BAR 2: assigned [mem 0x600c080010000-0x600c080011fff 64bit]
[    0.871153] pci 0001:00     : [PE# fe] Secondary bus 0 associated with PE#fe
[    0.871550] pci 0001:01     : [PE# fd] Secondary bus 1 associated with PE#fd
[    0.871973] pci 0001:01     : [PE# fd] Setting up 32-bit TCE table at 0..80000000
[    0.876777] IOMMU table initialized, virtual merging enabled
[    0.876834] pci 0001:01     : [PE# fd] Setting up window#0 0..7fffffff pg=1000
[    0.876907] pci 0001:01     : [PE# fd] Enabling 64-bit DMA bypass
[    0.876982] iommu: Adding device 0001:01:00.0 to group 0
[    0.877053] pci 0001:00:00.0: PCI bridge to [bus 01]
[    0.877122] pci 0001:00:00.0:   bridge window [mem 0x600c080000000-0x600c0ffefffff]
[    0.877290] pci 0002:00:00.0: BAR 14: assigned [mem 0x600c100000000-0x600c1017fffff]
[    0.877390] pci 0002:01:00.0: BAR 14: assigned [mem 0x600c100000000-0x600c1017fffff]
[    0.877468] pci 0002:01:00.0: BAR 13: no space for [io  size 0x1000]
[    0.877567] pci 0002:01:00.0: BAR 13: failed to assign [io  size 0x1000]
[    0.877659] pci 0002:02:00.0: BAR 0: assigned [mem 0x600c100000000-0x600c100ffffff]
[    0.877786] pci 0002:02:00.0: BAR 1: assigned [mem 0x600c101000000-0x600c10101ffff]
[    0.877914] pci 0002:02:00.0: BAR 2: no space for [io  size 0x0080]
[    0.878016] pci 0002:02:00.0: BAR 2: failed to assign [io  size 0x0080]
[    0.878115] pci 0002:00     : [PE# fe] Secondary bus 0 associated with PE#fe
[    0.878513] pci 0002:02     : [PE# fd] Secondary bus 2..2 associated with PE#fd
[    0.878883] pci 0002:02     : [PE# fd] Setting up 32-bit TCE table at 0..80000000
[    0.883656] pci 0002:02     : [PE# fd] Setting up window#0 0..7fffffff pg=1000
[    0.883732] pci 0002:02     : [PE# fd] Enabling 64-bit DMA bypass
[    0.883816] iommu: Adding device 0002:02:00.0 to group 1
[    0.883883] pci 0002:01:00.0: PCI bridge to [bus 02]
[    0.883935] pci 0002:01:00.0:   bridge window [mem 0x600c100000000-0x600c17fefffff]
[    0.884057] pci 0002:01     : [PE# fc] Secondary bus 1 associated with PE#fc
[    0.884452] pci 0002:00:00.0: PCI bridge to [bus 01-02]
[    0.884508] pci 0002:00:00.0:   bridge window [mem 0x600c100000000-0x600c17fefffff]
[    0.884595] pci_bus 0002:00: Some PCI device resources are unassigned, try booting with pci=realloc
[    0.884753] pci 0003:00     : [PE# 1fe] Secondary bus 0 associated with PE#1fe
[    0.885168] pci 0003:00:00.0: PCI bridge to [bus 01]
[    0.885341] pci 0004:00:00.0: BAR 15: assigned [mem 0x6024000000000-0x602403fffffff 64bit pref]
[    0.885445] pci 0004:00:00.0: BAR 14: assigned [mem 0x600c200000000-0x600c200ffffff]
[    0.885569] pci 0004:01:00.0: BAR 15: assigned [mem 0x6024000000000-0x602403fffffff 64bit pref]
[    0.885687] pci 0004:01:00.0: BAR 14: assigned [mem 0x600c200000000-0x600c2007fffff]
[    0.885788] pci 0004:01:00.0: BAR 0: assigned [mem 0x600c200800000-0x600c20083ffff]
[    0.885872] pci 0004:01:00.1: BAR 0: assigned [mem 0x600c200840000-0x600c200841fff]
[    0.885994] pci 0004:01:00.2: BAR 0: assigned [mem 0x600c200842000-0x600c200843fff]
[    0.886112] pci 0004:01:00.3: BAR 0: assigned [mem 0x600c200844000-0x600c200845fff]
[    0.886217] pci 0004:01:00.4: BAR 0: assigned [mem 0x600c200846000-0x600c200847fff]
[    0.886324] pci 0004:01:00.0: BAR 13: no space for [io  size 0x1000]
[    0.886410] pci 0004:01:00.0: BAR 13: failed to assign [io  size 0x1000]
[    0.886503] pci 0004:01:00.0: BAR 13: no space for [io  size 0x1000]
[    0.886584] pci 0004:01:00.0: BAR 13: failed to assign [io  size 0x1000]
[    0.886679] pci 0004:02:02.0: BAR 15: assigned [mem 0x6024000000000-0x602403fffffff 64bit pref]
[    0.886795] pci 0004:02:02.0: BAR 14: assigned [mem 0x600c200000000-0x600c2007fffff]
[    0.886896] pci 0004:02:02.0: BAR 13: no space for [io  size 0x1000]
[    0.886981] pci 0004:02:02.0: BAR 13: failed to assign [io  size 0x1000]
[    0.887068] pci 0004:02:02.0: BAR 13: no space for [io  size 0x1000]
[    0.887150] pci 0004:02:02.0: BAR 13: failed to assign [io  size 0x1000]
[    0.887239] pci 0004:03:00.0: BAR 6: assigned [mem 0x600c200000000-0x600c20000ffff pref]
[    0.887345] pci 0004:03:00.0: BAR 5: assigned [mem 0x600c200010000-0x600c2000107ff]
[    0.887449] pci 0004:03:00.0: BAR 4: no space for [io  size 0x0020]
[    0.887535] pci 0004:03:00.0: BAR 4: failed to assign [io  size 0x0020]
[    0.887626] pci 0004:03:00.0: BAR 0: no space for [io  size 0x0008]
[    0.887707] pci 0004:03:00.0: BAR 0: failed to assign [io  size 0x0008]
[    0.887788] pci 0004:03:00.0: BAR 2: no space for [io  size 0x0008]
[    0.887872] pci 0004:03:00.0: BAR 2: failed to assign [io  size 0x0008]
[    0.887961] pci 0004:03:00.0: BAR 1: no space for [io  size 0x0004]
[    0.888047] pci 0004:03:00.0: BAR 1: failed to assign [io  size 0x0004]
[    0.888133] pci 0004:03:00.0: BAR 3: no space for [io  size 0x0004]
[    0.888218] pci 0004:03:00.0: BAR 3: failed to assign [io  size 0x0004]
[    0.888302] pci 0004:00     : [PE# fe] Secondary bus 0 associated with PE#fe
[    0.888673] pci 0004:03     : [PE# fd] Secondary bus 3 associated with PE#fd
[    0.889052] pci 0004:03     : [PE# fd] Setting up 32-bit TCE table at 0..80000000
[    0.893819] pci 0004:03     : [PE# fd] Setting up window#0 0..7fffffff pg=1000
[    0.893897] pci 0004:03     : [PE# fd] Enabling 64-bit DMA bypass
[    0.894004] iommu: Adding device 0004:03:00.0 to group 2
[    0.894081] pci 0004:02:02.0: PCI bridge to [bus 03]
[    0.894152] pci 0004:02:02.0:   bridge window [mem 0x600c200000000-0x600c2007fffff]
[    0.894247] pci 0004:02:02.0:   bridge window [mem 0x6024000000000-0x602403fffffff 64bit pref]
[    0.894380] pci 0004:02:0a.0: PCI bridge to [bus 04]
[    0.894440] pci 0004:02:0b.0: PCI bridge to [bus 05]
[    0.894533] pci 0004:02:0c.0: PCI bridge to [bus 06]
[    0.894618] pci 0004:02     : [PE# fc] Secondary bus 2 associated with PE#fc
[    0.895014] pci 0004:01:00.0: PCI bridge to [bus 02-06]
[    0.895067] pci 0004:01:00.0:   bridge window [mem 0x600c200000000-0x600c27fefffff]
[    0.895170] pci 0004:01:00.0:   bridge window [mem 0x6024000000000-0x6027f7ff0ffff 64bit pref]
[    0.895320] pci 0004:01     : [PE# fb] Secondary bus 1 associated with PE#fb
[    0.895728] pci 0004:01     : [PE# fb] Setting up 32-bit TCE table at 0..80000000
[    0.900516] pci 0004:01     : [PE# fb] Setting up window#0 0..7fffffff pg=1000
[    0.900586] pci 0004:01     : [PE# fb] Enabling 64-bit DMA bypass
[    0.900683] iommu: Adding device 0004:01:00.0 to group 3
[    0.900770] iommu: Adding device 0004:01:00.1 to group 3
[    0.900854] iommu: Adding device 0004:01:00.2 to group 3
[    0.900912] iommu: Adding device 0004:01:00.3 to group 3
[    0.900996] iommu: Adding device 0004:01:00.4 to group 3
[    0.901081] pci 0004:00:00.0: PCI bridge to [bus 01-06]
[    0.901149] pci 0004:00:00.0:   bridge window [mem 0x600c200000000-0x600c27fefffff]
[    0.901253] pci 0004:00:00.0:   bridge window [mem 0x6024000000000-0x6027f7ff0ffff 64bit pref]
[    0.901379] pci_bus 0004:00: Some PCI device resources are unassigned, try booting with pci=realloc
[    0.901535] pci 0005:00:00.0: BAR 15: assigned [mem 0x6028000000000-0x602803fffffff 64bit pref]
[    0.901653] pci 0005:01:00.0: BAR 0: assigned [mem 0x6028000000000-0x602800000ffff 64bit pref]
[    0.901776] pci 0005:01:00.0: BAR 2: assigned [mem 0x6028000010000-0x602800001ffff 64bit pref]
[    0.901869] pci 0005:01:00.0: BAR 4: assigned [mem 0x6028000020000-0x602800002ffff 64bit pref]
[    0.902002] pci 0005:01:00.1: BAR 0: assigned [mem 0x6028000030000-0x602800003ffff 64bit pref]
[    0.902157] pci 0005:01:00.1: BAR 2: assigned [mem 0x6028000040000-0x602800004ffff 64bit pref]
[    0.902291] pci 0005:01:00.1: BAR 4: assigned [mem 0x6028000050000-0x602800005ffff 64bit pref]
[    0.902422] pci 0005:00     : [PE# fe] Secondary bus 0 associated with PE#fe
[    0.902797] pci 0005:01     : [PE# 00] Secondary bus 1 associated with PE#0
[    0.903161] pci 0005:01     : [PE# 00] Setting up 32-bit TCE table at 0..80000000
[    0.907938] pci 0005:01     : [PE# 00] Setting up window#0 0..7fffffff pg=1000
[    0.908003] pci 0005:01     : [PE# 00] Enabling 64-bit DMA bypass
[    0.908093] iommu: Adding device 0005:01:00.0 to group 4
[    0.908181] iommu: Adding device 0005:01:00.1 to group 4
[    0.908256] pci 0005:00:00.0: PCI bridge to [bus 01]
[    0.908338] pci 0005:00:00.0:   bridge window [mem 0x6028000000000-0x602bf7fffffff 64bit pref]
[    0.908496] pci 0030:00     : [PE# 1fe] Secondary bus 0 associated with PE#1fe
[    0.908860] pci 0030:00:00.0: PCI bridge to [bus 01]
[    0.908953] pci 0033:00     : [PE# 1fe] Secondary bus 0 associated with PE#1fe
[    0.909350] pci 0033:00:00.0: PCI bridge to [bus 01]
[    0.909437] pci 0034:00     : [PE# fe] Secondary bus 0 associated with PE#fe
[    0.909835] pci 0034:00:00.0: PCI bridge to [bus 01]
[    0.909969] pci 0035:00:00.0: BAR 14: assigned [mem 0x620c280000000-0x620c2807fffff]
