[    0.000000] Booting Linux on physical CPU 0x0
[    0.000000] Linux version 4.10.17-baeb50beb784ac5993d2bfb5d06d909971b60506 (fspcibld@tulpok01p4) (gcc version 6.2.0 (GCC) ) #1 Wed Aug 9 21:47:39 UTC 2017
[    0.000000] CPU: ARMv6-compatible processor [410fb767] revision 7 (ARMv7), cr=00c5387d
[    0.000000] CPU: PIPT / VIPT nonaliasing data cache, VIPT nonaliasing instruction cache
[    0.000000] OF: fdt:Machine model: Witherspoon BMC
[    0.000000] Memory policy: Data cache writeback
[    0.000000] SOC Rev: 04030303
[    0.000000] On node 0 totalpages: 110592
[    0.000000] free_area_init_node: node 0, pgdat 805ff6cc, node_mem_map 9ec1a000
[    0.000000]   Normal zone: 992 pages used for memmap
[    0.000000]   Normal zone: 0 pages reserved
[    0.000000]   Normal zone: 110592 pages, LIFO batch:31
[    0.000000] pcpu-alloc: s0 r0 d32768 u32768 alloc=1*32768
[    0.000000] pcpu-alloc: [0] 0 
[    0.000000] Built 1 zonelists in Zone order, mobility grouping on.  Total pages: 109600
[    0.000000] Kernel command line: console=ttyS4,115200n8 root=/dev/ram rw
[    0.000000] PID hash table entries: 2048 (order: 1, 8192 bytes)
[    0.000000] Dentry cache hash table entries: 65536 (order: 6, 262144 bytes)
[    0.000000] Inode-cache hash table entries: 32768 (order: 5, 131072 bytes)
[    0.000000] Memory: 430428K/442368K available (4070K kernel code, 281K rwdata, 1192K rodata, 280K init, 111K bss, 11940K reserved, 0K cma-reserved)
[    0.000000] Virtual kernel memory layout:
[    0.000000]     vector  : 0xffff0000 - 0xffff1000   (   4 kB)
[    0.000000]     fixmap  : 0xffc00000 - 0xfff00000   (3072 kB)
[    0.000000]     vmalloc : 0x9f800000 - 0xff800000   (1536 MB)
[    0.000000]     lowmem  : 0x80000000 - 0x9f000000   ( 496 MB)
[    0.000000]       .text : 0x80008000 - 0x80401ae0   (4071 kB)
[    0.000000]       .init : 0x80586000 - 0x805cc000   ( 280 kB)
[    0.000000]       .data : 0x805cc000 - 0x806124c0   ( 282 kB)
[    0.000000]        .bss : 0x806124c0 - 0x8062e358   ( 112 kB)
[    0.000000] NR_IRQS:16 nr_irqs:16 16
[    0.000000] i2c controller registered, irq 16
[    0.000000] clocksource: moxart_timer: mask: 0xffffffff max_cycles: 0xffffffff, max_idle_ns: 77222644334 ns
[    0.000000] sched_clock: 32 bits at 100 Hz, resolution 10000000ns, wraps every 21474836475000000ns
[    0.090000] Calibrating delay loop... 789.70 BogoMIPS (lpj=3948544)
[    0.090000] pid_max: default: 32768 minimum: 301
[    0.090000] Mount-cache hash table entries: 1024 (order: 0, 4096 bytes)
[    0.090000] Mountpoint-cache hash table entries: 1024 (order: 0, 4096 bytes)
[    0.090000] CPU: Testing write buffer coherency: ok
[    0.090000] ftrace: allocating 14956 entries in 44 pages
[    0.120000] Setting up static identity map for 0x80008200 - 0x8000825c
[    0.120000] devtmpfs: initialized
[    0.140000] clocksource: jiffies: mask: 0xffffffff max_cycles: 0xffffffff, max_idle_ns: 19112604462750000 ns
[    0.140000] futex hash table entries: 256 (order: -1, 3072 bytes)
[    0.140000] pinctrl core: initialized pinctrl subsystem
[    0.140000] NET: Registered protocol family 16
[    0.140000] DMA: preallocated 256 KiB pool for atomic coherent allocations
[    0.220000] usbcore: registered new interface driver usbfs
[    0.220000] usbcore: registered new interface driver hub
[    0.220000] usbcore: registered new device driver usb
[    0.230000] clocksource: Switched to clocksource moxart_timer
[    0.250000] NET: Registered protocol family 2
[    0.250000] TCP established hash table entries: 4096 (order: 2, 16384 bytes)
[    0.250000] TCP bind hash table entries: 4096 (order: 2, 16384 bytes)
[    0.250000] TCP: Hash tables configured (established 4096 bind 4096)
[    0.250000] UDP hash table entries: 256 (order: 0, 4096 bytes)
[    0.250000] UDP-Lite hash table entries: 256 (order: 0, 4096 bytes)
[    0.250000] NET: Registered protocol family 1
[    0.250000] Trying to unpack rootfs image as initramfs...
[    1.920000] Freeing initrd memory: 1548K
[    1.920000] workingset: timestamp_bits=30 max_order=17 bucket_order=0
[    1.920000] squashfs: version 4.0 (2009/01/31) Phillip Lougher
[    1.920000] jffs2: version 2.2. (SUMMARY)  Â© 2001-2006 Red Hat, Inc.
[    1.920000] Block layer SCSI generic (bsg) driver version 0.4 loaded (major 250)
[    1.920000] io scheduler noop registered
[    1.920000] io scheduler deadline registered
[    1.920000] io scheduler cfq registered (default)
[    2.070000] ipmi-bt-host 1e789140.ibt: Found bt bmc device
[    2.070000] ipmi-bt-host 1e789140.ibt: Using IRQ 22
[    2.070000] Serial: 8250/16550 driver, 6 ports, IRQ sharing enabled
[    2.070000] 1e787000.vuart: ttyS0 at MMIO 0x1e787000 (irq = 22, base_baud = 1500000) is a 16550A
[    2.070000] 1e783000.serial: ttyS1 at MMIO 0x1e783000 (irq = 23, base_baud = 1500000) is a 16550A
[    2.070000] 1e78d000.serial: ttyS2 at MMIO 0x1e78d000 (irq = 24, base_baud = 1500000) is a 16550A
[    2.070000] 1e784000.serial: ttyS4 at MMIO 0x1e784000 (irq = 25, base_baud = 1500000) is a 16550A
[    2.430000] console [ttyS4] enabled
[    2.610000] timeriomem_rng 1e6e2078.hwrng: 32bits from 0xf00e2078 @ 1us
[    2.620000] random: fast init done
[    2.660000] brd: module loaded
[    2.680000] random: crng init done
[    2.690000] loop: module loaded
[    2.700000] aspeed-lpc-ctrl 1e789080.lpc-ctrl: Loaded at 0x98000000 (0x04000000)
[    2.710000] aspeed-smc 1e620000.flash-controller: Using IRQ 18
[    2.710000] aspeed-smc 1e620000.flash-controller: DMA support disabled.
[    2.720000] aspeed-smc 1e620000.flash-controller: mx25l25635e (32768 Kbytes)
[    2.720000] aspeed-smc 1e620000.flash-controller: CE0 window [ 0x20000000 - 0x22000000 ] 32MB
[    2.720000] aspeed-smc 1e620000.flash-controller: CE1 window [ 0x22000000 - 0x2a000000 ] 128MB
[    2.750000] 5 ofpart partitions found on MTD device bmc
[    2.750000] Creating 5 MTD partitions on "bmc":
[    2.760000] 0x000000000000-0x000000060000 : "u-boot"
[    2.760000] 0x000000060000-0x000000080000 : "u-boot-env"
[    2.780000] 0x000000080000-0x0000004c0000 : "kernel"
[    2.790000] 0x0000004c0000-0x000001c00000 : "rofs"
[    2.800000] 0x000001c00000-0x000002000000 : "rwfs"
[    2.810000] aspeed-smc 1e620000.flash-controller: mx25l25635e (32768 Kbytes)
[    2.820000] aspeed-smc 1e620000.flash-controller: CE1 window [ 0x22000000 - 0x24000000 ] 32MB
[    2.820000] aspeed-smc 1e620000.flash-controller: CE2 window [ 0x24000000 - 0x2c000000 ] 128MB
[    2.840000] aspeed-smc 1e630000.flash-controller: mx66l1g45g (131072 Kbytes)
[    2.850000] aspeed-smc 1e630000.flash-controller: CE0 window resized to 120MB (AST2500 HW quirk)
[    2.850000] aspeed-smc 1e630000.flash-controller: CE0 window [ 0x30000000 - 0x37800000 ] 120MB
[    2.870000] aspeed-smc 1e630000.flash-controller: CE0 window too small for chip 128MB
[    2.870000] aspeed-smc 1e630000.flash-controller: CE1 window [ 0x37800000 - 0x38000000 ] 8MB
[    3.640000] libphy: Fixed MDIO Bus: probed
[    3.640000] ftgmac100 1e660000.ethernet: Read MAC address 70:e2:84:14:23:e1 from chip
[    3.640000] ftgmac100 1e660000.ethernet: Using NCSI interface
[    3.640000] ftgmac100 1e660000.ethernet eth0: irq 20, mapped at f0060000
[    3.640000] ehci_hcd: USB 2.0 'Enhanced' Host Controller (EHCI) Driver
[    3.640000] ehci-platform: EHCI generic platform driver
[    3.850000]  fsi0: can't read slave 00:00 -5
[    3.850000] i2c /dev entries driver
[    3.850000] aspeed-i2c-bus 1e78a0c0.i2c-bus: i2c bus 2 registered, irq 26
[    3.850000] aspeed-i2c-bus 1e78a100.i2c-bus: i2c bus 3 registered, irq 27
[    3.850000] aspeed-i2c-bus 1e78a140.i2c-bus: i2c bus 4 registered, irq 28
[    3.850000] aspeed-i2c-bus 1e78a180.i2c-bus: i2c bus 5 registered, irq 29
[    3.850000] aspeed-i2c-bus 1e78a380.i2c-bus: i2c bus 9 registered, irq 30
[    3.850000] aspeed-i2c-bus 1e78a3c0.i2c-bus: i2c bus 10 registered, irq 31
[    3.850000] rtc-rv8803 11-0032: Voltage low, temperature compensation stopped.
[    3.850000] rtc-rv8803 11-0032: An alarm maybe have been missed.
[    3.960000] rtc-rv8803 11-0032: rtc core: registered rx8900 as rtc0
[    3.970000] at24 11-0051: 8192 byte 24c64 EEPROM, writable, 1 bytes/write
[    3.970000] aspeed-i2c-bus 1e78a400.i2c-bus: i2c bus 11 registered, irq 32
[    3.970000] aspeed-i2c-bus 1e78a440.i2c-bus: i2c bus 12 registered, irq 33
[    3.970000] aspeed-i2c-bus 1e78a480.i2c-bus: i2c bus 13 registered, irq 34
[    3.970000] Driver for 1-wire Dallas network protocol.
[    3.970000] lm75 9-004a: hwmon0: sensor 'tmp275'
[    4.790000] ucd9000 11-0064: Device ID UCD90160|2.3.4.0000|110603
[    5.120000] leds-pca955x 3-0060: leds-pca955x: Using pca9552 16-bit LED driver at slave address 0x60
[    5.130000] leds-pca955x 3-0060: gpios 264...279
[    5.140000] leds-pca955x 11-0060: leds-pca955x: Using pca9552 16-bit LED driver at slave address 0x60
[    5.150000] leds-pca955x 11-0060: gpios 248...263
[    5.150000] usbcore: registered new interface driver usbhid
[    5.160000] usbhid: USB HID core driver
[    5.210000] NET: Registered protocol family 10
[    5.210000] Segment Routing with IPv6
[    5.220000] NET: Registered protocol family 17
[    5.220000] 8021q: 802.1Q VLAN Support v1.8
[    5.230000] input: gpio-keys-polled as /devices/platform/gpio-keys-polled/input/input1
[    5.260000] console [netcon0] enabled
[    5.270000] netconsole: network logging started
[    5.270000] input: gpio-keys as /devices/platform/gpio-keys/input/input2
[    5.280000] rtc-rv8803 11-0032: setting system clock to 2017-08-09 22:40:00 UTC (1502318400)
[    5.290000] Freeing unused kernel memory: 280K
[    5.290000] This architecture does not have kernel memory protection.
[    6.970000] jffs2: notice: (542) jffs2_build_xattr_subsystem: complete building xattr subsystem, 1 of xdatum (1 unchecked, 0 orphan) and 13 of xref (0 dead, 3 orphan) found.
[   13.980000] systemd[1]: Failed to insert module 'autofs4': No such file or directory
[   13.980000] systemd[1]: systemd 232 running in system mode. (+PAM -AUDIT -SELINUX -IMA -APPARMOR -SMACK +SYSVINIT -UTMP -LIBCRYPTSETUP -GCRYPT -GNUTLS +ACL +XZ -LZ4 -SECCOMP +BLKID -ELFUTILS +KMOD -IDN)
[   13.980000] systemd[1]: Detected architecture arm.
[   14.250000] systemd[1]: Set hostname to <witherspoon>.
[   15.780000] systemd[1]: Listening on Syslog Socket.
[   15.930000] systemd[1]: Listening on Journal Socket (/dev/log).
[   15.970000] systemd[1]: Listening on Journal Socket.
[   16.010000] systemd[1]: Reached target Swap.
[   16.040000] systemd[1]: Listening on udev Kernel Socket.
[   16.080000] systemd[1]: Listening on /dev/initctl Compatibility Named Pipe.
[   16.120000] systemd[1]: Started Forward Password Requests to Wall Directory Watch.
[   19.340000] systemd-journald[701]: Received request to flush runtime journal from PID 1
[   28.290000] ubi7: default fastmap pool size: 100
[   28.290000] ubi7: default fastmap WL pool size: 50
[   28.290000] ubi7: attaching mtd7
[   28.610000] ubi7: scanning is finished
[   28.610000] ubi7: attached mtd7 (name "pnor", size 128 MiB)
[   28.680000] ubi7: PEB size: 65536 bytes (64 KiB), LEB size: 65408 bytes
[   28.680000] ubi7: min./max. I/O unit sizes: 1/256, sub-page size 1
[   28.680000] ubi7: VID header offset: 64 (aligned 64), data offset: 128
[   28.680000] ubi7: good PEBs: 2048, bad PEBs: 0, corrupted PEBs: 0
[   28.680000] ubi7: user volume: 4, internal volumes: 1, max. volumes count: 128
[   28.680000] ubi7: max/mean erase counter: 1/0, WL threshold: 4096, image sequence number: 1884982609
[   28.680000] ubi7: available PEBs: 1110, total reserved PEBs: 938, PEBs reserved for bad PEB handling: 0
[   28.680000] ubi7: background thread "ubi_bgt7d" started, PID 1030
[   43.370000] block ubiblock7_0: created from ubi7:0(pnor-ro-2b6dcac8)
[   44.380000] UBIFS (ubi7:1): UBIFS: mounted UBI device 7, volume 1, name "pnor-rw-2b6dcac8"
[   44.380000] UBIFS (ubi7:1): LEB size: 65408 bytes (63 KiB), min./max. I/O unit sizes: 8 bytes/256 bytes
[   44.380000] UBIFS (ubi7:1): FS size: 16155776 bytes (15 MiB, 247 LEBs), journal size 784896 bytes (0 MiB, 12 LEBs)
[   44.460000] UBIFS (ubi7:1): reserved for root: 763076 bytes (745 KiB)
[   44.460000] UBIFS (ubi7:1): media format: w5/r0 (latest is w5/r0), UUID D2B7FEE4-F3BA-433D-AEB1-1AD1B5B11ED8, small LPT model
[   44.460000] UBIFS (ubi7:1): background thread "ubifs_bgt7_1" started, PID 1090
[   44.950000] ftgmac100 1e660000.ethernet eth0: NCSI interface up
[   45.180000] UBIFS (ubi7:2): UBIFS: mounted UBI device 7, volume 2, name "pnor-prsv"
[   45.180000] UBIFS (ubi7:2): LEB size: 65408 bytes (63 KiB), min./max. I/O unit sizes: 8 bytes/256 bytes
[   45.310000] UBIFS (ubi7:2): FS size: 1504384 bytes (1 MiB, 23 LEBs), journal size 523265 bytes (0 MiB, 6 LEBs)
[   45.310000] UBIFS (ubi7:2): reserved for root: 71055 bytes (69 KiB)
[   45.310000] UBIFS (ubi7:2): media format: w5/r0 (latest is w5/r0), UUID 17164E04-D459-4140-B89A-98FAF7F99140, small LPT model
[   45.310000] UBIFS (ubi7:2): background thread "ubifs_bgt7_2" started, PID 1099
[   47.690000] UBIFS (ubi7:3): UBIFS: mounted UBI device 7, volume 3, name "pnor-patch"
[   47.690000] UBIFS (ubi7:3): LEB size: 65408 bytes (63 KiB), min./max. I/O unit sizes: 8 bytes/256 bytes
[   47.690000] UBIFS (ubi7:3): FS size: 16155776 bytes (15 MiB, 247 LEBs), journal size 784896 bytes (0 MiB, 12 LEBs)
[   47.690000] UBIFS (ubi7:3): reserved for root: 763076 bytes (745 KiB)
[   47.690000] UBIFS (ubi7:3): media format: w5/r0 (latest is w5/r0), UUID D740968C-3C19-4888-B40E-08ED9DA567D2, small LPT model
[   47.900000] UBIFS (ubi7:3): background thread "ubifs_bgt7_3" started, PID 1125
