-- Logs begin at Tue 2017-08-01 14:29:30 UTC, end at Tue 2017-08-01 14:50:05 UTC. --
Aug 01 14:29:30 witherspoon kernel: Booting Linux on physical CPU 0x0
Aug 01 14:29:30 witherspoon kernel: Linux version 4.10.17-44f0dc8ac43162c4f7082884d6cd79400341bf5b (jenkins@hudson) (gcc version 6.2.0 (GCC) ) #1 Tue Aug 1 13:39:00 UTC 2017
Aug 01 14:29:30 witherspoon kernel: CPU: ARMv6-compatible processor [410fb767] revision 7 (ARMv7), cr=00c5387d
Aug 01 14:29:30 witherspoon kernel: CPU: PIPT / VIPT nonaliasing data cache, VIPT nonaliasing instruction cache
Aug 01 14:29:30 witherspoon kernel: OF: fdt:Machine model: Witherspoon BMC
Aug 01 14:29:30 witherspoon kernel: Memory policy: Data cache writeback
Aug 01 14:29:30 witherspoon kernel: SOC Rev: 04030303
Aug 01 14:29:30 witherspoon kernel: On node 0 totalpages: 110592
Aug 01 14:29:30 witherspoon kernel: free_area_init_node: node 0, pgdat 805ff5e4, node_mem_map 9ec1a000
Aug 01 14:29:30 witherspoon kernel:   Normal zone: 992 pages used for memmap
Aug 01 14:29:30 witherspoon kernel:   Normal zone: 0 pages reserved
Aug 01 14:29:30 witherspoon kernel:   Normal zone: 110592 pages, LIFO batch:31
Aug 01 14:29:30 witherspoon kernel: pcpu-alloc: s0 r0 d32768 u32768 alloc=1*32768
Aug 01 14:29:30 witherspoon kernel: pcpu-alloc: [0] 0 
Aug 01 14:29:30 witherspoon kernel: Built 1 zonelists in Zone order, mobility grouping on.  Total pages: 109600
Aug 01 14:29:30 witherspoon kernel: Kernel command line: console=ttyS4,115200n8 root=/dev/ram rw
Aug 01 14:29:30 witherspoon kernel: PID hash table entries: 2048 (order: 1, 8192 bytes)
Aug 01 14:29:30 witherspoon kernel: Dentry cache hash table entries: 65536 (order: 6, 262144 bytes)
Aug 01 14:29:30 witherspoon kernel: Inode-cache hash table entries: 32768 (order: 5, 131072 bytes)
Aug 01 14:29:30 witherspoon kernel: Memory: 430440K/442368K available (4065K kernel code, 280K rwdata, 1192K rodata, 284K init, 111K bss, 11928K reserved, 0K cma-reserved)
Aug 01 14:29:30 witherspoon kernel: Virtual kernel memory layout:
                                        vector  : 0xffff0000 - 0xffff1000   (   4 kB)
                                        fixmap  : 0xffc00000 - 0xfff00000   (3072 kB)
                                        vmalloc : 0x9f800000 - 0xff800000   (1536 MB)
                                        lowmem  : 0x80000000 - 0x9f000000   ( 496 MB)
                                          .text : 0x80008000 - 0x804007a0   (4066 kB)
                                          .init : 0x80585000 - 0x805cc000   ( 284 kB)
                                          .data : 0x805cc000 - 0x80612358   ( 281 kB)
                                           .bss : 0x80612358 - 0x8062e1f8   ( 112 kB)
Aug 01 14:29:30 witherspoon kernel: NR_IRQS:16 nr_irqs:16 16
Aug 01 14:29:30 witherspoon kernel: i2c controller registered, irq 16
Aug 01 14:29:30 witherspoon kernel: clocksource: moxart_timer: mask: 0xffffffff max_cycles: 0xffffffff, max_idle_ns: 77222644334 ns
Aug 01 14:29:30 witherspoon kernel: sched_clock: 32 bits at 100 Hz, resolution 10000000ns, wraps every 21474836475000000ns
Aug 01 14:29:30 witherspoon kernel: Calibrating delay loop... 789.70 BogoMIPS (lpj=3948544)
Aug 01 14:29:30 witherspoon kernel: pid_max: default: 32768 minimum: 301
Aug 01 14:29:30 witherspoon kernel: Mount-cache hash table entries: 1024 (order: 0, 4096 bytes)
Aug 01 14:29:30 witherspoon kernel: Mountpoint-cache hash table entries: 1024 (order: 0, 4096 bytes)
Aug 01 14:29:30 witherspoon kernel: CPU: Testing write buffer coherency: ok
Aug 01 14:29:30 witherspoon kernel: ftrace: allocating 14932 entries in 44 pages
Aug 01 14:29:30 witherspoon kernel: Setting up static identity map for 0x80008200 - 0x8000825c
Aug 01 14:29:30 witherspoon kernel: devtmpfs: initialized
Aug 01 14:29:30 witherspoon kernel: clocksource: jiffies: mask: 0xffffffff max_cycles: 0xffffffff, max_idle_ns: 19112604462750000 ns
Aug 01 14:29:30 witherspoon kernel: futex hash table entries: 256 (order: -1, 3072 bytes)
Aug 01 14:29:30 witherspoon kernel: pinctrl core: initialized pinctrl subsystem
Aug 01 14:29:30 witherspoon kernel: NET: Registered protocol family 16
Aug 01 14:29:30 witherspoon kernel: DMA: preallocated 256 KiB pool for atomic coherent allocations
Aug 01 14:29:30 witherspoon kernel: usbcore: registered new interface driver usbfs
Aug 01 14:29:30 witherspoon kernel: usbcore: registered new interface driver hub
Aug 01 14:29:30 witherspoon kernel: usbcore: registered new device driver usb
Aug 01 14:29:30 witherspoon kernel: clocksource: Switched to clocksource moxart_timer
Aug 01 14:29:30 witherspoon kernel: NET: Registered protocol family 2
Aug 01 14:29:30 witherspoon kernel: TCP established hash table entries: 4096 (order: 2, 16384 bytes)
Aug 01 14:29:30 witherspoon kernel: TCP bind hash table entries: 4096 (order: 2, 16384 bytes)
Aug 01 14:29:30 witherspoon kernel: TCP: Hash tables configured (established 4096 bind 4096)
Aug 01 14:29:30 witherspoon kernel: UDP hash table entries: 256 (order: 0, 4096 bytes)
Aug 01 14:29:30 witherspoon kernel: UDP-Lite hash table entries: 256 (order: 0, 4096 bytes)
Aug 01 14:29:30 witherspoon kernel: NET: Registered protocol family 1
Aug 01 14:29:30 witherspoon kernel: Trying to unpack rootfs image as initramfs...
Aug 01 14:29:30 witherspoon kernel: Freeing initrd memory: 1544K
Aug 01 14:29:30 witherspoon kernel: workingset: timestamp_bits=30 max_order=17 bucket_order=0
Aug 01 14:29:30 witherspoon kernel: squashfs: version 4.0 (2009/01/31) Phillip Lougher
Aug 01 14:29:30 witherspoon kernel: jffs2: version 2.2. (SUMMARY)  © 2001-2006 Red Hat, Inc.
Aug 01 14:29:30 witherspoon kernel: Block layer SCSI generic (bsg) driver version 0.4 loaded (major 250)
Aug 01 14:29:30 witherspoon kernel: io scheduler noop registered
Aug 01 14:29:30 witherspoon kernel: io scheduler deadline registered
Aug 01 14:29:30 witherspoon kernel: io scheduler cfq registered (default)
Aug 01 14:29:30 witherspoon kernel: ipmi-bt-host 1e789140.ibt: Found bt bmc device
Aug 01 14:29:30 witherspoon kernel: ipmi-bt-host 1e789140.ibt: Using IRQ 22
Aug 01 14:29:30 witherspoon kernel: Serial: 8250/16550 driver, 6 ports, IRQ sharing enabled
Aug 01 14:29:30 witherspoon kernel: 1e783000.serial: ttyS0 at MMIO 0x1e783000 (irq = 23, base_baud = 1500000) is a 16550A
Aug 01 14:29:30 witherspoon kernel: 1e78d000.serial: ttyS1 at MMIO 0x1e78d000 (irq = 24, base_baud = 1500000) is a 16550A
Aug 01 14:29:30 witherspoon kernel: 1e784000.serial: ttyS4 at MMIO 0x1e784000 (irq = 25, base_baud = 1500000) is a 16550A
Aug 01 14:29:30 witherspoon kernel: console [ttyS4] enabled
Aug 01 14:29:30 witherspoon kernel: 1e787000.vuart: ttyS2 at MMIO 0x1e787000 (irq = 22, base_baud = 1500000) is a 16550A
Aug 01 14:29:30 witherspoon kernel: timeriomem_rng 1e6e2078.hwrng: 32bits from 0xf00e2078 @ 1us
Aug 01 14:29:30 witherspoon kernel: random: fast init done
Aug 01 14:29:30 witherspoon kernel: brd: module loaded
Aug 01 14:29:30 witherspoon kernel: loop: module loaded
Aug 01 14:29:30 witherspoon kernel: aspeed-lpc-ctrl 1e789080.lpc-ctrl: Loaded at 0x98000000 (0x04000000)
Aug 01 14:29:30 witherspoon kernel: aspeed-smc 1e620000.flash-controller: Using IRQ 18
Aug 01 14:29:30 witherspoon kernel: aspeed-smc 1e620000.flash-controller: DMA support disabled.
Aug 01 14:29:30 witherspoon kernel: aspeed-smc 1e620000.flash-controller: mx25l25635e (32768 Kbytes)
Aug 01 14:29:30 witherspoon kernel: aspeed-smc 1e620000.flash-controller: CE0 window [ 0x20000000 - 0x22000000 ] 32MB
Aug 01 14:29:30 witherspoon kernel: aspeed-smc 1e620000.flash-controller: CE1 window [ 0x22000000 - 0x2a000000 ] 128MB
Aug 01 14:29:30 witherspoon kernel: 5 ofpart partitions found on MTD device bmc
Aug 01 14:29:30 witherspoon kernel: Creating 5 MTD partitions on "bmc":
Aug 01 14:29:30 witherspoon kernel: 0x000000000000-0x000000060000 : "u-boot"
Aug 01 14:29:30 witherspoon kernel: 0x000000060000-0x000000080000 : "u-boot-env"
Aug 01 14:29:30 witherspoon kernel: 0x000000080000-0x0000004c0000 : "kernel"
Aug 01 14:29:30 witherspoon kernel: random: crng init done
Aug 01 14:29:30 witherspoon kernel: 0x0000004c0000-0x000001c00000 : "rofs"
Aug 01 14:29:30 witherspoon kernel: 0x000001c00000-0x000002000000 : "rwfs"
Aug 01 14:29:30 witherspoon kernel: aspeed-smc 1e620000.flash-controller: mx25l25635e (32768 Kbytes)
Aug 01 14:29:30 witherspoon kernel: aspeed-smc 1e620000.flash-controller: CE1 window [ 0x22000000 - 0x24000000 ] 32MB
Aug 01 14:29:30 witherspoon kernel: aspeed-smc 1e620000.flash-controller: CE2 window [ 0x24000000 - 0x2c000000 ] 128MB
Aug 01 14:29:30 witherspoon kernel: aspeed-smc 1e630000.flash-controller: mx66l1g45g (131072 Kbytes)
Aug 01 14:29:30 witherspoon kernel: aspeed-smc 1e630000.flash-controller: CE0 window resized to 120MB (AST2500 HW quirk)
Aug 01 14:29:30 witherspoon kernel: aspeed-smc 1e630000.flash-controller: CE0 window [ 0x30000000 - 0x37800000 ] 120MB
Aug 01 14:29:30 witherspoon kernel: aspeed-smc 1e630000.flash-controller: CE0 window too small for chip 128MB
Aug 01 14:29:30 witherspoon kernel: aspeed-smc 1e630000.flash-controller: CE1 window [ 0x37800000 - 0x38000000 ] 8MB
Aug 01 14:29:30 witherspoon kernel: libphy: Fixed MDIO Bus: probed
Aug 01 14:29:30 witherspoon kernel: ftgmac100 1e660000.ethernet: Read MAC address 70:e2:84:14:28:a9 from chip
Aug 01 14:29:30 witherspoon kernel: ftgmac100 1e660000.ethernet: Using NCSI interface
Aug 01 14:29:30 witherspoon kernel: ftgmac100 1e660000.ethernet eth0: irq 20, mapped at f0060000
Aug 01 14:29:30 witherspoon kernel: ehci_hcd: USB 2.0 'Enhanced' Host Controller (EHCI) Driver
Aug 01 14:29:30 witherspoon kernel: ehci-platform: EHCI generic platform driver
Aug 01 14:29:30 witherspoon kernel:  fsi0: can't read slave 00:00 -5
Aug 01 14:29:30 witherspoon kernel: i2c /dev entries driver
Aug 01 14:29:30 witherspoon kernel: aspeed-i2c-bus 1e78a0c0.i2c-bus: i2c bus 2 registered, irq 26
Aug 01 14:29:30 witherspoon kernel: aspeed-i2c-bus 1e78a100.i2c-bus: i2c bus 3 registered, irq 27
Aug 01 14:29:30 witherspoon kernel: aspeed-i2c-bus 1e78a140.i2c-bus: i2c bus 4 registered, irq 28
Aug 01 14:29:30 witherspoon kernel: aspeed-i2c-bus 1e78a180.i2c-bus: i2c bus 5 registered, irq 29
Aug 01 14:29:30 witherspoon kernel: aspeed-i2c-bus 1e78a380.i2c-bus: i2c bus 9 registered, irq 30
Aug 01 14:29:30 witherspoon kernel: aspeed-i2c-bus 1e78a3c0.i2c-bus: i2c bus 10 registered, irq 31
Aug 01 14:29:30 witherspoon kernel: rtc-rv8803 11-0032: Voltage low, temperature compensation stopped.
Aug 01 14:29:30 witherspoon kernel: rtc-rv8803 11-0032: rtc core: registered rx8900 as rtc0
Aug 01 14:29:30 witherspoon kernel: at24 11-0051: 8192 byte 24c64 EEPROM, writable, 1 bytes/write
Aug 01 14:29:30 witherspoon kernel: aspeed-i2c-bus 1e78a400.i2c-bus: i2c bus 11 registered, irq 32
Aug 01 14:29:30 witherspoon kernel: aspeed-i2c-bus 1e78a440.i2c-bus: i2c bus 12 registered, irq 33
Aug 01 14:29:30 witherspoon kernel: aspeed-i2c-bus 1e78a480.i2c-bus: i2c bus 13 registered, irq 34
Aug 01 14:29:30 witherspoon kernel: Driver for 1-wire Dallas network protocol.
Aug 01 14:29:30 witherspoon kernel: lm75 9-004a: hwmon0: sensor 'tmp275'
Aug 01 14:29:30 witherspoon kernel: max31785 3-0052: Fan 2 is configured but not installed
Aug 01 14:29:30 witherspoon kernel: max31785 3-0052: Fan 3 is configured but not installed
Aug 01 14:29:30 witherspoon kernel: ucd9000 11-0064: Device ID UCD90160|2.3.4.0000|110603
Aug 01 14:29:30 witherspoon kernel: leds-pca955x 3-0060: leds-pca955x: Using pca9552 16-bit LED driver at slave address 0x60
Aug 01 14:29:30 witherspoon kernel: leds-pca955x 11-0060: leds-pca955x: Using pca9552 16-bit LED driver at slave address 0x60
Aug 01 14:29:30 witherspoon kernel: leds-pca955x 11-0060: gpios 264...279
Aug 01 14:29:30 witherspoon kernel: usbcore: registered new interface driver usbhid
Aug 01 14:29:30 witherspoon kernel: usbhid: USB HID core driver
Aug 01 14:29:30 witherspoon kernel: dps310 3-0076: iio:device1: sensor 'dps310'
Aug 01 14:29:30 witherspoon kernel: NET: Registered protocol family 10
Aug 01 14:29:30 witherspoon kernel: Segment Routing with IPv6
Aug 01 14:29:30 witherspoon kernel: NET: Registered protocol family 17
Aug 01 14:29:30 witherspoon kernel: 8021q: 802.1Q VLAN Support v1.8
Aug 01 14:29:30 witherspoon kernel: console [netcon0] enabled
Aug 01 14:29:30 witherspoon kernel: netconsole: network logging started
Aug 01 14:29:30 witherspoon kernel: input: gpio-keys as /devices/platform/gpio-keys/input/input0
Aug 01 14:29:30 witherspoon kernel: rtc-rv8803 11-0032: setting system clock to 2017-08-01 14:29:18 UTC (1501597758)
Aug 01 14:29:30 witherspoon kernel: Freeing unused kernel memory: 284K
Aug 01 14:29:30 witherspoon kernel: This architecture does not have kernel memory protection.
Aug 01 14:29:30 witherspoon kernel: jffs2: notice: (526) jffs2_build_xattr_subsystem: complete building xattr subsystem, 0 of xdatum (0 unchecked, 0 orphan) and 0 of xref (0 dead, 0 orphan) found.
Aug 01 14:29:30 witherspoon systemd[1]: Failed to insert module 'autofs4': No such file or directory
Aug 01 14:29:30 witherspoon systemd[1]: systemd 232 running in system mode. (+PAM -AUDIT -SELINUX -IMA -APPARMOR -SMACK +SYSVINIT -UTMP -LIBCRYPTSETUP -GCRYPT -GNUTLS +ACL +XZ -LZ4 -SECCOMP +BLKID -ELFUTILS +KMOD -IDN)
Aug 01 14:29:30 witherspoon systemd[1]: Detected architecture arm.
Aug 01 14:29:30 witherspoon systemd[1]: Set hostname to <witherspoon>.
Aug 01 14:29:30 witherspoon systemd[1]: Listening on Journal Socket (/dev/log).
Aug 01 14:29:30 witherspoon systemd[1]: Listening on /dev/initctl Compatibility Named Pipe.
Aug 01 14:29:30 witherspoon systemd[1]: Created slice System Slice.
Aug 01 14:29:30 witherspoon systemd[1]: Created slice system-phosphor\x2dreset\x2dhost\x2dcheck.slice.
Aug 01 14:29:30 witherspoon systemd[1]: Created slice system-obmc\x2dled\x2dgroup\x2dstart.slice.
Aug 01 14:29:30 witherspoon systemd[1]: Mounting Debug File System...
Aug 01 14:29:30 witherspoon systemd[1]: Created slice system-mapper\x2dwait.slice.
Aug 01 14:29:30 witherspoon systemd[1]: Created slice system-phosphor\x2ddiscover\x2dsystem\x2dstate.slice.
Aug 01 14:29:30 witherspoon systemd[1]: Created slice system-op\x2dreset\x2dchassis\x2don.slice.
Aug 01 14:29:30 witherspoon systemd[1]: Listening on Journal Socket.
Aug 01 14:29:30 witherspoon systemd[1]: Starting Remount Root and Kernel File Systems...
Aug 01 14:29:30 witherspoon systemd[1]: Starting Apply Kernel Variables...
Aug 01 14:29:30 witherspoon systemd[1]: Created slice system-org.openbmc.control.Chassis.slice.
Aug 01 14:29:30 witherspoon systemd[1]: Listening on udev Control Socket.
Aug 01 14:29:30 witherspoon systemd[1]: Created slice system-org.openbmc.buttons.Power.slice.
Aug 01 14:29:30 witherspoon systemd[1]: Started Forward Password Requests to Wall Directory Watch.
Aug 01 14:29:30 witherspoon systemd[1]: Created slice system-serial\x2dgetty.slice.
Aug 01 14:29:30 witherspoon systemd-journald[557]: Journal started
Aug 01 14:29:30 witherspoon systemd-journald[557]: Runtime journal (/run/log/journal/12c6a00ebfdd479284cf09f39d1bc042) is 0B, max 0B, 0B free.
Aug 01 14:29:30 witherspoon systemd-sysctl[550]: Couldn't write '16' to 'kernel/sysrq', ignoring: No such file or directory
Aug 01 14:29:30 witherspoon systemd-sysctl[550]: Couldn't write 'fq_codel' to 'net/core/default_qdisc', ignoring: No such file or directory
Aug 01 14:29:32 witherspoon systemd[1]: Mounted Debug File System.
Aug 01 14:29:32 witherspoon systemd[1]: Mounted Temporary Directory.
Aug 01 14:29:33 witherspoon systemd[1]: Started Journal Service.
Aug 01 14:29:33 witherspoon systemd[1]: Started Remount Root and Kernel File Systems.
Aug 01 14:29:33 witherspoon systemd[1]: Started Apply Kernel Variables.
Aug 01 14:29:33 witherspoon systemd[1]: Starting Create System Users...
Aug 01 14:29:33 witherspoon systemd[1]: Starting Flush Journal to Persistent Storage...
Aug 01 14:29:34 witherspoon systemd[1]: Started udev Coldplug all Devices.
Aug 01 14:29:34 witherspoon systemd-journald[557]: Runtime journal (/run/log/journal/12c6a00ebfdd479284cf09f39d1bc042) is 0B, max 0B, 0B free.
Aug 01 14:29:34 witherspoon systemd[1]: Started Flush Journal to Persistent Storage.
Aug 01 14:29:35 witherspoon systemd[1]: Started Create System Users.
Aug 01 14:29:35 witherspoon systemd[1]: Starting Create Static Device Nodes in /dev...
Aug 01 14:29:35 witherspoon systemd[1]: Started Create Static Device Nodes in /dev.
Aug 01 14:29:35 witherspoon systemd[1]: Starting udev Kernel Device Manager...
Aug 01 14:29:35 witherspoon systemd[1]: Reached target Local File Systems (Pre).
Aug 01 14:29:35 witherspoon systemd[1]: Mounting /var/volatile...
Aug 01 14:29:35 witherspoon systemd[1]: Mounted /var/volatile.
Aug 01 14:29:35 witherspoon systemd[1]: Reached target Local File Systems.
Aug 01 14:29:35 witherspoon systemd[1]: Starting Rebuild Journal Catalog...
Aug 01 14:29:35 witherspoon systemd[1]: Starting Create Volatile Files and Directories...
Aug 01 14:29:35 witherspoon systemd[1]: Starting Load/Save Random Seed...
Aug 01 14:29:36 witherspoon systemd-tmpfiles[897]: "/var/tmp" already exists and is not a directory.
Aug 01 14:29:36 witherspoon systemd-tmpfiles[897]: "/var/log" already exists and is not a directory.
Aug 01 14:29:36 witherspoon systemd[1]: Started Create Volatile Files and Directories.
Aug 01 14:29:36 witherspoon systemd[1]: Started Load/Save Random Seed.
Aug 01 14:29:36 witherspoon systemd[1]: Starting Run pending postinsts...
Aug 01 14:29:36 witherspoon systemd[1]: Starting Network Time Synchronization...
Aug 01 14:29:36 witherspoon systemd[1]: Started Rebuild Journal Catalog.
Aug 01 14:29:36 witherspoon systemd[1]: Starting Update is Completed...
Aug 01 14:29:36 witherspoon systemd[1]: Started Network Time Synchronization.
Aug 01 14:29:36 witherspoon systemd[1]: Reached target System Time Synchronized.
Aug 01 14:29:36 witherspoon systemd[1]: Started udev Kernel Device Manager.
Aug 01 14:29:37 witherspoon systemd[1]: Started Update is Completed.
Aug 01 14:29:38 witherspoon systemd[1]: Found device /dev/aspeed-lpc-ctrl.
Aug 01 14:29:38 witherspoon systemd[1]: Found device /dev/aspeed-mbox.
Aug 01 14:29:38 witherspoon systemd[1]: Found device /dev/ttyS4.
Aug 01 14:29:38 witherspoon systemd[1]: Found device /dev/ttyVUART0.
Aug 01 14:29:38 witherspoon run-postinsts[901]: Running postinst /etc/rpm-postinsts/libglib-2.0-0...
Aug 01 14:29:38 witherspoon systemd[1]: Created slice system-xyz.openbmc_project.Hwmon.slice.
Aug 01 14:29:38 witherspoon systemd[1]: dev-hugepages.mount: Couldn't determine result for ConditionVirtualization=!private-users, assuming failed: No such file or directory
Aug 01 14:29:40 witherspoon systemd[1]: dev-hugepages.mount: Couldn't determine result for ConditionVirtualization=!private-users, assuming failed: No such file or directory
Aug 01 14:29:40 witherspoon systemd[1]: Created slice system-xyz.openbmc_project.led.controller.slice.
Aug 01 14:29:40 witherspoon run-postinsts[901]: rm: can't remove '/etc/rpm-postinsts': Invalid argument
Aug 01 14:29:40 witherspoon run-postinsts[901]:  Removing any system startup links for run-postinsts ...
Aug 01 14:29:41 witherspoon systemctl[935]: Removed /etc/systemd/system/sysinit.target.wants/run-postinsts.service.
Aug 01 14:29:41 witherspoon systemd[1]: Reloading.
Aug 01 14:29:43 witherspoon systemd[1]: Started Run pending postinsts.
Aug 01 14:29:43 witherspoon systemd[1]: Reached target System Initialization.
Aug 01 14:29:43 witherspoon systemd[1]: Listening on Phosphor Webserver socket.
Aug 01 14:29:43 witherspoon systemd[1]: Listening on Phosphor Host Console SSH Per-Connection socket.
Aug 01 14:29:43 witherspoon systemd[1]: Listening on D-Bus System Message Bus Socket.
Aug 01 14:29:44 witherspoon systemd[1]: Listening on dropbear.socket.
Aug 01 14:29:44 witherspoon systemd[1]: Listening on phosphor-ipmi-net.socket.
Aug 01 14:29:44 witherspoon systemd[1]: Listening on Avahi mDNS/DNS-SD Stack Activation Socket.
Aug 01 14:29:44 witherspoon systemd[1]: Started Daily Cleanup of Temporary Directories.
Aug 01 14:29:44 witherspoon systemd[1]: Reached target Timers.
Aug 01 14:29:44 witherspoon systemd[1]: Listening on Phosphor DBUS Browser socket.
Aug 01 14:29:44 witherspoon systemd[1]: Reached target Sockets.
Aug 01 14:29:44 witherspoon systemd[1]: Reached target Basic System.
Aug 01 14:29:44 witherspoon systemd[1]: Starting OpenBMC Software Update Manager...
Aug 01 14:29:44 witherspoon systemd[1]: Started Phosphor Console Muxer listening on device /dev/ttyVUART0.
Aug 01 14:29:44 witherspoon systemd[1]: Reached target Containers.
Aug 01 14:29:44 witherspoon systemd[1]: Starting Phosphor BMC0 Control...
Aug 01 14:29:44 witherspoon systemd[1]: Starting Avahi mDNS/DNS-SD Stack...
Aug 01 14:29:44 witherspoon systemd[1]: Starting Phosphor Inventory Manager...
Aug 01 14:29:44 witherspoon systemd[1]: Starting Phosphor Inventory Manager...
Aug 01 14:29:44 witherspoon systemd[1]: Started Phosphor sysfs LED controller.
Aug 01 14:29:44 witherspoon systemd[1]: Started Phosphor sysfs LED controller.
Aug 01 14:29:44 witherspoon systemd[1]: Starting Phosphor User Manager...
Aug 01 14:29:44 witherspoon systemd[1]: Starting Phosphor Download Manager...
Aug 01 14:29:44 witherspoon systemd[1]: Starting Phosphor Download Manager...
Aug 01 14:29:44 witherspoon systemd[1]: Started Hardware RNG Entropy Gatherer Daemon.
Aug 01 14:29:44 witherspoon systemd[1]: Starting Phosphor Sensor Manager...
Aug 01 14:29:45 witherspoon systemd[1]: Started Phosphor sysfs LED controller.
Aug 01 14:29:45 witherspoon systemd[1]: Started Phosphor sysfs LED controller.
Aug 01 14:29:45 witherspoon systemd[1]: Started Phosphor sysfs LED controller.
Aug 01 14:29:45 witherspoon systemd[1]: Started D-Bus System Message Bus.
Aug 01 14:29:47 witherspoon avahi-daemon[950]: Found user 'avahi' (UID 999) and group 'avahi' (GID 999).
Aug 01 14:29:48 witherspoon systemd[1]: Starting Network Service...
Aug 01 14:29:48 witherspoon systemd[1]: Starting Phosphor Settings Daemon...
Aug 01 14:29:48 witherspoon systemd[1]: Starting Phosphor IPMI BT DBus Bridge...
Aug 01 14:29:48 witherspoon systemd[1]: Starting Attach the PNOR mtd device to UBI...
Aug 01 14:29:48 witherspoon systemd[1]: Started Phosphor sysfs LED controller.
Aug 01 14:29:48 witherspoon avahi-daemon[950]: Successfully dropped root privileges.
Aug 01 14:29:48 witherspoon avahi-daemon[950]: avahi-daemon 0.6.32 starting up.
Aug 01 14:29:48 witherspoon avahi-daemon[950]: Successfully called chroot().
Aug 01 14:29:48 witherspoon avahi-daemon[950]: Successfully dropped remaining capabilities.
Aug 01 14:29:48 witherspoon avahi-daemon[950]: Loading service file /services/obmc_console.service.
Aug 01 14:29:48 witherspoon avahi-daemon[950]: Loading service file /services/phosphor_rest.service.
Aug 01 14:29:48 witherspoon avahi-daemon[950]: Loading service file /services/sftp-ssh.service.
Aug 01 14:29:48 witherspoon avahi-daemon[950]: Loading service file /services/sftp.service.
Aug 01 14:29:48 witherspoon avahi-daemon[950]: Loading service file /services/ssh.service.
Aug 01 14:29:48 witherspoon avahi-daemon[950]: Network interface enumeration completed.
Aug 01 14:29:48 witherspoon systemd[1]: Started Phosphor Dump core monitor..
Aug 01 14:29:48 witherspoon avahi-daemon[950]: Server startup complete. Host name is witherspoon.local. Local service cookie is 4168910187.
Aug 01 14:29:48 witherspoon avahi-daemon[950]: Service "witherspoon" (/services/ssh.service) successfully established.
Aug 01 14:29:48 witherspoon avahi-daemon[950]: Service "sftp" (/services/sftp.service) successfully established.
Aug 01 14:29:48 witherspoon avahi-daemon[950]: Service "witherspoon" (/services/sftp-ssh.service) successfully established.
Aug 01 14:29:48 witherspoon avahi-daemon[950]: Service "phosphor_rest" (/services/phosphor_rest.service) successfully established.
Aug 01 14:29:48 witherspoon avahi-daemon[950]: Service "obmc_console" (/services/obmc_console.service) successfully established.
Aug 01 14:29:48 witherspoon systemd[1]: Started Phosphor sysfs LED controller.
Aug 01 14:29:48 witherspoon systemd[1]: Starting Phosphor LED Group Management Daemon...
Aug 01 14:29:48 witherspoon systemd[1]: Started System Logging Service.
Aug 01 14:29:49 witherspoon systemd[1]: Starting Clear one time boot overrides...
Aug 01 14:29:49 witherspoon systemd[1]: Starting Phosphor Log Manager...
Aug 01 14:29:49 witherspoon systemd[1]: Started Kernel Logging Service.
Aug 01 14:29:49 witherspoon systemd[1]: Starting Phosphor Dump Manager...
Aug 01 14:29:49 witherspoon systemd[1]: Started Phosphor sysfs LED controller.
Aug 01 14:29:49 witherspoon systemd[1]: Starting Phosphor Chassis0 Control...
Aug 01 14:29:49 witherspoon systemd[1]: Starting Phosphor Network Manager...
Aug 01 14:29:51 witherspoon kernel: ubi7: default fastmap pool size: 100
Aug 01 14:29:51 witherspoon kernel: ubi7: default fastmap WL pool size: 50
Aug 01 14:29:51 witherspoon kernel: ubi7: attaching mtd7
Aug 01 14:29:51 witherspoon kernel: ubi7: scanning is finished
Aug 01 14:29:51 witherspoon kernel: ubi7: attached mtd7 (name "pnor", size 128 MiB)
Aug 01 14:29:51 witherspoon kernel: ubi7: PEB size: 65536 bytes (64 KiB), LEB size: 65408 bytes
Aug 01 14:29:51 witherspoon kernel: ubi7: min./max. I/O unit sizes: 1/256, sub-page size 1
Aug 01 14:29:51 witherspoon kernel: ubi7: VID header offset: 64 (aligned 64), data offset: 128
Aug 01 14:29:51 witherspoon kernel: ubi7: good PEBs: 2048, bad PEBs: 0, corrupted PEBs: 0
Aug 01 14:29:51 witherspoon kernel: ubi7: user volume: 0, internal volumes: 1, max. volumes count: 128
Aug 01 14:29:51 witherspoon kernel: ubi7: max/mean erase counter: 0/0, WL threshold: 4096, image sequence number: 708337698
Aug 01 14:29:51 witherspoon kernel: ubi7: available PEBs: 2042, total reserved PEBs: 6, PEBs reserved for bad PEB handling: 0
Aug 01 14:29:51 witherspoon kernel: ubi7: background thread "ubi_bgt7d" started, PID 990
Aug 01 14:29:52 witherspoon systemd[1]: Started Phosphor sysfs LED controller.
Aug 01 14:29:52 witherspoon systemd-networkd[964]: Could not create runtime directory: File exists
Aug 01 14:29:52 witherspoon systemd-networkd[964]: Could not create runtime directory 'links': File exists
Aug 01 14:29:52 witherspoon systemd-networkd[964]: Could not create runtime directory 'leases': File exists
Aug 01 14:29:52 witherspoon systemd[1]: Started Phosphor sysfs LED controller.
Aug 01 14:29:52 witherspoon systemd[1]: Starting Phosphor DBus Service Discovery Manager...
Aug 01 14:29:52 witherspoon systemd[1]: Started Clear one time boot overrides.
Aug 01 14:29:52 witherspoon systemd[1]: Started Avahi mDNS/DNS-SD Stack.
Aug 01 14:29:52 witherspoon systemd[1]: Started Phosphor Inventory Manager.
Aug 01 14:29:52 witherspoon systemd[1]: Started Phosphor Download Manager.
Aug 01 14:29:52 witherspoon systemd[1]: Started OpenBMC Software Update Manager.
Aug 01 14:29:52 witherspoon systemd[1]: Started Phosphor Settings Daemon.
Aug 01 14:29:52 witherspoon systemd[1]: Started Phosphor Log Manager.
Aug 01 14:29:52 witherspoon systemd[1]: Started Phosphor IPMI BT DBus Bridge.
Aug 01 14:29:52 witherspoon kernel[978]: klogd started: BusyBox v1.24.1 (2017-06-16 19:26:49 UTC)
Aug 01 14:29:52 witherspoon kernel[978]: [    0.000000] Booting Linux on physical CPU 0x0
Aug 01 14:29:52 witherspoon kernel[978]: [    0.000000] Linux version 4.10.17-44f0dc8ac43162c4f7082884d6cd79400341bf5b (jenkins@hudson) (gcc version 6.2.0 (GCC) ) #1 Tue Aug 1 13:39:00 UTC 2017
Aug 01 14:29:52 witherspoon kernel[978]: [    0.000000] CPU: ARMv6-compatible processor [410fb767] revision 7 (ARMv7), cr=00c5387d
Aug 01 14:29:52 witherspoon kernel[978]: [    0.000000] CPU: PIPT / VIPT nonaliasing data cache, VIPT nonaliasing instruction cache
Aug 01 14:29:52 witherspoon kernel[978]: [    0.000000] OF: fdt:Machine model: Witherspoon BMC
Aug 01 14:29:52 witherspoon kernel[978]: [    0.000000] Memory policy: Data cache writeback
Aug 01 14:29:53 witherspoon kernel[978]: [    0.000000] SOC Rev: 04030303
Aug 01 14:29:53 witherspoon kernel[978]: [    0.000000] On node 0 totalpages: 110592
Aug 01 14:29:53 witherspoon kernel[978]: [    0.000000] free_area_init_node: node 0, pgdat 805ff5e4, node_mem_map 9ec1a000
Aug 01 14:29:53 witherspoon kernel[978]: [    0.000000]   Normal zone: 992 pages used for memmap
Aug 01 14:29:53 witherspoon kernel[978]: [    0.000000]   Normal zone: 0 pages reserved
Aug 01 14:29:53 witherspoon kernel[978]: [    0.000000]   Normal zone: 110592 pages, LIFO batch:31
Aug 01 14:29:53 witherspoon systemd[1]: Started Attach the PNOR mtd device to UBI.
Aug 01 14:29:53 witherspoon obmc-flash-bios[967]: UBI device number 7, total 2048 LEBs (133955584 bytes, 127.8 MiB), available 2042 LEBs (133563136 bytes, 127.4 MiB), LEB size 65408 bytes (63.9 KiB)
Aug 01 14:29:53 witherspoon kernel[978]: [    0.000000] pcpu-alloc: s0 r0 d32768 u32768 alloc=1*32768
Aug 01 14:29:53 witherspoon kernel[978]: [    0.000000] pcpu-alloc: [0] 0
Aug 01 14:29:53 witherspoon kernel[978]: [    0.000000] Built 1 zonelists in Zone order, mobility grouping on.  Total pages: 109600
Aug 01 14:29:53 witherspoon kernel[978]: [    0.000000] Kernel command line: console=ttyS4,115200n8 root=/dev/ram rw
Aug 01 14:29:53 witherspoon kernel[978]: [    0.000000] PID hash table entries: 2048 (order: 1, 8192 bytes)
Aug 01 14:29:53 witherspoon kernel[978]: [    0.000000] Dentry cache hash table entries: 65536 (order: 6, 262144 bytes)
Aug 01 14:29:53 witherspoon kernel[978]: [    0.000000] Inode-cache hash table entries: 32768 (order: 5, 131072 bytes)
Aug 01 14:29:53 witherspoon kernel[978]: [    0.000000] Memory: 430440K/442368K available (4065K kernel code, 280K rwdata, 1192K rodata, 284K init, 111K bss, 11928K reserved, 0K cma-reserved)
Aug 01 14:29:53 witherspoon kernel[978]: [    0.000000] Virtual kernel memory layout:
Aug 01 14:29:53 witherspoon systemd[1]: Starting Remount the squashfs and ubi volumes after a reboot...
Aug 01 14:29:53 witherspoon kernel[978]: [    0.000000]     vector  : 0xffff0000 - 0xffff1000   (   4 kB)
Aug 01 14:29:53 witherspoon systemd[1]: Started Phosphor LED Group Management Daemon.
Aug 01 14:29:53 witherspoon kernel[978]: [    0.000000]     fixmap  : 0xffc00000 - 0xfff00000   (3072 kB)
Aug 01 14:29:53 witherspoon systemd[1]: Started Phosphor BMC0 Control.
Aug 01 14:29:53 witherspoon kernel[978]: [    0.000000]     vmalloc : 0x9f800000 - 0xff800000   (1536 MB)
Aug 01 14:29:53 witherspoon kernel[978]: [    0.000000]     lowmem  : 0x80000000 - 0x9f000000   ( 496 MB)
Aug 01 14:29:53 witherspoon kernel[978]: [    0.000000]       .text : 0x80008000 - 0x804007a0   (4066 kB)
Aug 01 14:29:53 witherspoon kernel[978]: [    0.000000]       .init : 0x80585000 - 0x805cc000   ( 284 kB)
Aug 01 14:29:53 witherspoon kernel[978]: [    0.000000]       .data : 0x805cc000 - 0x80612358   ( 281 kB)
Aug 01 14:29:53 witherspoon kernel[978]: [    0.000000]        .bss : 0x80612358 - 0x8062e1f8   ( 112 kB)
Aug 01 14:29:53 witherspoon kernel[978]: [    0.000000] NR_IRQS:16 nr_irqs:16 16
Aug 01 14:29:53 witherspoon kernel[978]: [    0.000000] i2c controller registered, irq 16
Aug 01 14:29:53 witherspoon kernel[978]: [    0.000000] clocksource: moxart_timer: mask: 0xffffffff max_cycles: 0xffffffff, max_idle_ns: 77222644334 ns
Aug 01 14:29:53 witherspoon kernel[978]: [    0.000000] sched_clock: 32 bits at 100 Hz, resolution 10000000ns, wraps every 21474836475000000ns
Aug 01 14:29:53 witherspoon kernel[978]: [    0.090000] Calibrating delay loop... 789.70 BogoMIPS (lpj=3948544)
Aug 01 14:29:53 witherspoon kernel[978]: [    0.090000] pid_max: default: 32768 minimum: 301
Aug 01 14:29:53 witherspoon kernel[978]: [    0.090000] Mount-cache hash table entries: 1024 (order: 0, 4096 bytes)
Aug 01 14:29:53 witherspoon kernel[978]: [    0.090000] Mountpoint-cache hash table entries: 1024 (order: 0, 4096 bytes)
Aug 01 14:29:53 witherspoon kernel[978]: [    0.090000] CPU: Testing write buffer coherency: ok
Aug 01 14:29:53 witherspoon kernel[978]: [    0.090000] ftrace: allocating 14932 entries in 44 pages
Aug 01 14:29:53 witherspoon kernel[978]: [    0.120000] Setting up static identity map for 0x80008200 - 0x8000825c
Aug 01 14:29:53 witherspoon kernel[978]: [    0.120000] devtmpfs: initialized
Aug 01 14:29:53 witherspoon kernel[978]: [    0.140000] clocksource: jiffies: mask: 0xffffffff max_cycles: 0xffffffff, max_idle_ns: 19112604462750000 ns
Aug 01 14:29:53 witherspoon kernel[978]: [    0.140000] futex hash table entries: 256 (order: -1, 3072 bytes)
Aug 01 14:29:53 witherspoon kernel[978]: [    0.140000] pinctrl core: initialized pinctrl subsystem
Aug 01 14:29:53 witherspoon kernel[978]: [    0.140000] NET: Registered protocol family 16
Aug 01 14:29:53 witherspoon kernel[978]: [    0.140000] DMA: preallocated 256 KiB pool for atomic coherent allocations
Aug 01 14:29:53 witherspoon kernel[978]: [    0.210000] usbcore: registered new interface driver usbfs
Aug 01 14:29:53 witherspoon kernel[978]: [    0.210000] usbcore: registered new interface driver hub
Aug 01 14:29:53 witherspoon kernel[978]: [    0.210000] usbcore: registered new device driver usb
Aug 01 14:29:53 witherspoon kernel[978]: [    0.220000] clocksource: Switched to clocksource moxart_timer
Aug 01 14:29:53 witherspoon kernel[978]: [    0.240000] NET: Registered protocol family 2
Aug 01 14:29:53 witherspoon kernel[978]: [    0.240000] TCP established hash table entries: 4096 (order: 2, 16384 bytes)
Aug 01 14:29:53 witherspoon kernel[978]: [    0.240000] TCP bind hash table entries: 4096 (order: 2, 16384 bytes)
Aug 01 14:29:53 witherspoon kernel[978]: [    0.240000] TCP: Hash tables configured (established 4096 bind 4096)
Aug 01 14:29:53 witherspoon kernel[978]: [    0.240000] UDP hash table entries: 256 (order: 0, 4096 bytes)
Aug 01 14:29:53 witherspoon kernel[978]: [    0.240000] UDP-Lite hash table entries: 256 (order: 0, 4096 bytes)
Aug 01 14:29:53 witherspoon kernel[978]: [    0.240000] NET: Registered protocol family 1
Aug 01 14:29:53 witherspoon kernel[978]: [    0.240000] Trying to unpack rootfs image as initramfs...
Aug 01 14:29:53 witherspoon kernel[978]: [    1.910000] Freeing initrd memory: 1544K
Aug 01 14:29:53 witherspoon kernel[978]: [    1.910000] workingset: timestamp_bits=30 max_order=17 bucket_order=0
Aug 01 14:29:53 witherspoon kernel[978]: [    1.910000] squashfs: version 4.0 (2009/01/31) Phillip Lougher
Aug 01 14:29:53 witherspoon kernel[978]: [    1.910000] jffs2: version 2.2. (SUMMARY)  © 2001-2006 Red Hat, Inc.
Aug 01 14:29:53 witherspoon kernel[978]: [    1.910000] Block layer SCSI generic (bsg) driver version 0.4 loaded (major 250)
Aug 01 14:29:53 witherspoon kernel[978]: [    1.910000] io scheduler noop registered
Aug 01 14:29:53 witherspoon kernel[978]: [    1.910000] io scheduler deadline registered
Aug 01 14:29:53 witherspoon kernel[978]: [    1.910000] io scheduler cfq registered (default)
Aug 01 14:29:53 witherspoon kernel[978]: [    1.910000] ipmi-bt-host 1e789140.ibt: Found bt bmc device
Aug 01 14:29:53 witherspoon kernel[978]: [    1.910000] ipmi-bt-host 1e789140.ibt: Using IRQ 22
Aug 01 14:29:53 witherspoon kernel[978]: [    2.060000] Serial: 8250/16550 driver, 6 ports, IRQ sharing enabled
Aug 01 14:29:53 witherspoon kernel[978]: [    2.060000] 1e783000.serial: ttyS0 at MMIO 0x1e783000 (irq = 23, base_baud = 1500000) is a 16550A
Aug 01 14:29:53 witherspoon kernel[978]: [    2.060000] 1e78d000.serial: ttyS1 at MMIO 0x1e78d000 (irq = 24, base_baud = 1500000) is a 16550A
Aug 01 14:29:53 witherspoon kernel[978]: [    2.060000] 1e784000.serial: ttyS4 at MMIO 0x1e784000 (irq = 25, base_baud = 1500000) is a 16550A
Aug 01 14:29:53 witherspoon kernel[978]: [    2.400000] console [ttyS4] enabled
Aug 01 14:29:53 witherspoon kernel[978]: [    2.400000] 1e787000.vuart: ttyS2 at MMIO 0x1e787000 (irq = 22, base_baud = 1500000) is a 16550A
Aug 01 14:29:53 witherspoon kernel[978]: [    2.610000] timeriomem_rng 1e6e2078.hwrng: 32bits from 0xf00e2078 @ 1us
Aug 01 14:29:53 witherspoon kernel[978]: [    2.630000] random: fast init done
Aug 01 14:29:53 witherspoon kernel[978]: [    2.660000] brd: module loaded
Aug 01 14:29:53 witherspoon kernel[978]: [    2.680000] loop: module loaded
Aug 01 14:29:53 witherspoon kernel[978]: [    2.690000] aspeed-lpc-ctrl 1e789080.lpc-ctrl: Loaded at 0x98000000 (0x04000000)
Aug 01 14:29:53 witherspoon kernel[978]: [    2.700000] aspeed-smc 1e620000.flash-controller: Using IRQ 18
Aug 01 14:29:53 witherspoon kernel[978]: [    2.700000] aspeed-smc 1e620000.flash-controller: DMA support disabled.
Aug 01 14:29:53 witherspoon kernel[978]: [    2.710000] aspeed-smc 1e620000.flash-controller: mx25l25635e (32768 Kbytes)
Aug 01 14:29:53 witherspoon kernel[978]: [    2.710000] aspeed-smc 1e620000.flash-controller: CE0 window [ 0x20000000 - 0x22000000 ] 32MB
Aug 01 14:29:53 witherspoon kernel[978]: [    2.710000] aspeed-smc 1e620000.flash-controller: CE1 window [ 0x22000000 - 0x2a000000 ] 128MB
Aug 01 14:29:53 witherspoon kernel[978]: [    2.740000] 5 ofpart partitions found on MTD device bmc
Aug 01 14:29:53 witherspoon kernel[978]: [    2.740000] Creating 5 MTD partitions on "bmc":
Aug 01 14:29:54 witherspoon systemd-networkd[964]: Enumeration completed
Aug 01 14:29:56 witherspoon obmc-flash-bios[999]: ubinfo: error!: cannot get information about UBI volume 0 on ubi7
Aug 01 14:29:56 witherspoon obmc-flash-bios[999]:         error 2 (No such file or directory)
Aug 01 14:29:53 witherspoon kernel[978]: [    2.750000] 0x000000000000-0x000000060000 : "u-boot"
Aug 01 14:29:54 witherspoon systemd[1]: Started Network Service.
Aug 01 14:29:53 witherspoon kernel[978]: [    2.750000] 0x000000060000-0x000000080000 : "u-boot-env"
Aug 01 14:29:54 witherspoon systemd[1]: Reached target Network.
Aug 01 14:29:53 witherspoon kernel[978]: [    2.770000] 0x000000080000-0x0000004c0000 : "kernel"
Aug 01 14:29:54 witherspoon systemd-networkd[964]: eth0: IPv6 enabled for interface: Success
Aug 01 14:29:53 witherspoon kernel[978]: [    2.780000] random: crng init done
Aug 01 14:29:54 witherspoon systemd-networkd[964]: eth0: Gained carrier
Aug 01 14:29:53 witherspoon kernel[978]: [    2.790000] 0x0000004c0000-0x000001c00000 : "rofs"
Aug 01 14:29:54 witherspoon systemd-timesyncd[902]: Network configuration changed, trying to establish connection.
Aug 01 14:29:53 witherspoon kernel[978]: [    2.790000] 0x000001c00000-0x000002000000 : "rwfs"
Aug 01 14:29:54 witherspoon systemd[1]: Started Lightweight SLP Server.
Aug 01 14:29:53 witherspoon kernel[978]: [    2.800000] aspeed-smc 1e620000.flash-controller: mx25l25635e (32768 Kbytes)
Aug 01 14:29:55 witherspoon systemd[1]: Starting Permit User Sessions...
Aug 01 14:29:53 witherspoon kernel[978]: [    2.810000] aspeed-smc 1e620000.flash-controller: CE1 window [ 0x22000000 - 0x24000000 ] 32MB
Aug 01 14:29:55 witherspoon systemd[1]: Started Remount the squashfs and ubi volumes after a reboot.
Aug 01 14:29:53 witherspoon kernel[978]: [    2.810000] aspeed-smc 1e620000.flash-controller: CE2 window [ 0x24000000 - 0x2c000000 ] 128MB
Aug 01 14:29:55 witherspoon systemd[1]: Starting OpenPower Software Update Manager...
Aug 01 14:29:53 witherspoon kernel[978]: [    2.830000] aspeed-smc 1e630000.flash-controller: mx66l1g45g (131072 Kbytes)
Aug 01 14:29:56 witherspoon openpower-update-manager[1011]: Error PNOR current version is empty
Aug 01 14:29:53 witherspoon kernel[978]: [    2.840000] aspeed-smc 1e630000.flash-controller: CE0 window resized to 120MB (AST2500 HW quirk)
Aug 01 14:29:56 witherspoon systemd[1]: Started OpenPower Software Update Manager.
Aug 01 14:29:53 witherspoon kernel[978]: [    2.840000] aspeed-smc 1e630000.flash-controller: CE0 window [ 0x30000000 - 0x37800000 ] 120MB
Aug 01 14:29:56 witherspoon systemd[1]: Starting Phosphor Version Software Manager...
Aug 01 14:29:53 witherspoon kernel[978]: [    2.860000] aspeed-smc 1e630000.flash-controller: CE0 window too small for chip 128MB
Aug 01 14:29:56 witherspoon systemd[1]: Started Phosphor MBOX Daemon.
Aug 01 14:29:53 witherspoon kernel[978]: [    2.860000] aspeed-smc 1e630000.flash-controller: CE1 window [ 0x37800000 - 0x38000000 ] 8MB
Aug 01 14:29:56 witherspoon systemd-networkd[964]: eth0: Gained IPv6LL
Aug 01 14:29:53 witherspoon kernel[978]: [    3.630000] libphy: Fixed MDIO Bus: probed
Aug 01 14:29:56 witherspoon systemd[1]: Started Permit User Sessions.
Aug 01 14:29:53 witherspoon kernel[978]: [    3.630000] ftgmac100 1e660000.ethernet: Read MAC address 70:e2:84:14:28:a9 from chip
Aug 01 14:29:56 witherspoon systemd[1]: Started Serial Getty on ttyS4.
Aug 01 14:29:53 witherspoon kernel[978]: [    3.630000] ftgmac100 1e660000.ethernet: Using NCSI interface
Aug 01 14:29:56 witherspoon systemd[1]: Reached target Login Prompts.
Aug 01 14:29:53 witherspoon kernel[978]: [    3.630000] ftgmac100 1e660000.ethernet eth0: irq 20, mapped at f0060000
Aug 01 14:29:56 witherspoon systemd[1]: Reached target Multi-User System.
Aug 01 14:29:53 witherspoon kernel[978]: [    3.630000] ehci_hcd: USB 2.0 'Enhanced' Host Controller (EHCI) Driver
Aug 01 14:29:57 witherspoon systemd[1]: Started Phosphor Version Software Manager.
Aug 01 14:29:53 witherspoon kernel[978]: [    3.630000] ehci-platform: EHCI generic platform driver
Aug 01 14:29:57 witherspoon systemd[1]: Started Phosphor Dump Manager.
Aug 01 14:29:53 witherspoon kernel[978]: [    3.840000]  fsi0: can't read slave 00:00 -5
Aug 01 14:29:53 witherspoon kernel[978]: [    3.840000] i2c /dev entries driver
Aug 01 14:29:53 witherspoon kernel[978]: [    3.840000] aspeed-i2c-bus 1e78a0c0.i2c-bus: i2c bus 2 registered, irq 26
Aug 01 14:29:53 witherspoon kernel[978]: [    3.840000] aspeed-i2c-bus 1e78a100.i2c-bus: i2c bus 3 registered, irq 27
Aug 01 14:29:53 witherspoon kernel[978]: [    3.840000] aspeed-i2c-bus 1e78a140.i2c-bus: i2c bus 4 registered, irq 28
Aug 01 14:29:53 witherspoon kernel[978]: [    3.840000] aspeed-i2c-bus 1e78a180.i2c-bus: i2c bus 5 registered, irq 29
Aug 01 14:29:53 witherspoon kernel[978]: [    3.840000] aspeed-i2c-bus 1e78a380.i2c-bus: i2c bus 9 registered, irq 30
Aug 01 14:29:53 witherspoon kernel[978]: [    3.840000] aspeed-i2c-bus 1e78a3c0.i2c-bus: i2c bus 10 registered, irq 31
Aug 01 14:29:53 witherspoon kernel[978]: [    3.840000] rtc-rv8803 11-0032: Voltage low, temperature compensation stopped.
Aug 01 14:29:53 witherspoon kernel[978]: [    3.940000] rtc-rv8803 11-0032: rtc core: registered rx8900 as rtc0
Aug 01 14:29:53 witherspoon kernel[978]: [    3.950000] at24 11-0051: 8192 byte 24c64 EEPROM, writable, 1 bytes/write
Aug 01 14:29:53 witherspoon kernel[978]: [    3.950000] aspeed-i2c-bus 1e78a400.i2c-bus: i2c bus 11 registered, irq 32
Aug 01 14:29:53 witherspoon kernel[978]: [    3.950000] aspeed-i2c-bus 1e78a440.i2c-bus: i2c bus 12 registered, irq 33
Aug 01 14:29:53 witherspoon kernel[978]: [    3.950000] aspeed-i2c-bus 1e78a480.i2c-bus: i2c bus 13 registered, irq 34
Aug 01 14:29:53 witherspoon kernel[978]: [    3.950000] Driver for 1-wire Dallas network protocol.
Aug 01 14:29:53 witherspoon kernel[978]: [    3.950000] lm75 9-004a: hwmon0: sensor 'tmp275'
Aug 01 14:29:53 witherspoon kernel[978]: [    4.400000] max31785 3-0052: Fan 2 is configured but not installed
Aug 01 14:29:53 witherspoon kernel[978]: [    4.410000] max31785 3-0052: Fan 3 is configured but not installed
Aug 01 14:29:53 witherspoon kernel[978]: [    4.790000] ucd9000 11-0064: Device ID UCD90160|2.3.4.0000|110603
Aug 01 14:29:53 witherspoon kernel[978]: [    5.120000] leds-pca955x 3-0060: leds-pca955x: Using pca9552 16-bit LED driver at slave address 0x60
Aug 01 14:29:53 witherspoon kernel[978]: [    5.140000] leds-pca955x 11-0060: leds-pca955x: Using pca9552 16-bit LED driver at slave address 0x60
Aug 01 14:29:53 witherspoon kernel[978]: [    5.150000] leds-pca955x 11-0060: gpios 264...279
Aug 01 14:29:53 witherspoon kernel[978]: [    5.160000] usbcore: registered new interface driver usbhid
Aug 01 14:29:53 witherspoon kernel[978]: [    5.160000] usbhid: USB HID core driver
Aug 01 14:29:53 witherspoon kernel[978]: [    5.190000] dps310 3-0076: iio:device1: sensor 'dps310'
Aug 01 14:29:53 witherspoon kernel[978]: [    5.190000] NET: Registered protocol family 10
Aug 01 14:29:53 witherspoon kernel[978]: [    5.200000] Segment Routing with IPv6
Aug 01 14:29:53 witherspoon kernel[978]: [    5.200000] NET: Registered protocol family 17
Aug 01 14:29:53 witherspoon kernel[978]: [    5.200000] 8021q: 802.1Q VLAN Support v1.8
Aug 01 14:29:53 witherspoon kernel[978]: [    5.220000] console [netcon0] enabled
Aug 01 14:29:53 witherspoon kernel[978]: [    5.220000] netconsole: network logging started
Aug 01 14:29:53 witherspoon kernel[978]: [    5.220000] input: gpio-keys as /devices/platform/gpio-keys/input/input0
Aug 01 14:29:53 witherspoon kernel[978]: [    5.220000] rtc-rv8803 11-0032: setting system clock to 2017-08-01 14:29:18 UTC (1501597758)
Aug 01 14:29:53 witherspoon kernel[978]: [    5.220000] Freeing unused kernel memory: 284K
Aug 01 14:29:53 witherspoon kernel[978]: [    5.220000] This architecture does not have kernel memory protection.
Aug 01 14:29:53 witherspoon kernel[978]: [    6.640000] jffs2: notice: (526) jffs2_build_xattr_subsystem: complete building xattr subsystem, 0 of xdatum (0 unchecked, 0 orphan) and 0 of xref (0 dead, 0 orphan) found.
Aug 01 14:29:53 witherspoon kernel[978]: [    8.950000] systemd[1]: Failed to insert module 'autofs4': No such file or directory
Aug 01 14:29:53 witherspoon kernel[978]: [    8.950000] systemd[1]: systemd 232 running in system mode. (+PAM -AUDIT -SELINUX -IMA -APPARMOR -SMACK +SYSVINIT -UTMP -LIBCRYPTSETUP -GCRYPT -GNUTLS +ACL +XZ -LZ4 -SECCOMP +BLKID -ELFUTILS +KMOD -IDN)
Aug 01 14:29:53 witherspoon kernel[978]: [    8.950000] systemd[1]: Detected architecture arm.
Aug 01 14:29:53 witherspoon kernel[978]: [    9.170000] systemd[1]: Set hostname to <witherspoon>.
Aug 01 14:29:53 witherspoon kernel[978]: [   10.840000] systemd[1]: Listening on Journal Socket (/dev/log).
Aug 01 14:29:53 witherspoon kernel[978]: [   10.970000] systemd[1]: Listening on /dev/initctl Compatibility Named Pipe.
Aug 01 14:29:53 witherspoon kernel[978]: [   11.110000] systemd[1]: Created slice System Slice.
Aug 01 14:29:53 witherspoon kernel[978]: [   11.250000] systemd[1]: Created slice system-phosphor\x2dreset\x2dhost\x2dcheck.slice.
Aug 01 14:29:53 witherspoon kernel[978]: [   11.400000] systemd[1]: Created slice system-obmc\x2dled\x2dgroup\x2dstart.slice.
Aug 01 14:29:53 witherspoon kernel[978]: [   11.550000] systemd[1]: Mounting Debug File System...
Aug 01 14:29:53 witherspoon kernel[978]: [   11.710000] systemd[1]: Created slice system-mapper\x2dwait.slice.
Aug 01 14:29:53 witherspoon kernel[978]: [   13.990000] systemd[1]: Created slice system-phosphor\x2ddiscover\x2dsystem\x2dstate.slice.
Aug 01 14:29:53 witherspoon kernel[978]: [   14.210000] systemd[1]: Created slice system-op\x2dreset\x2dchassis\x2don.slice.
Aug 01 14:29:53 witherspoon kernel[978]: [   14.440000] systemd[1]: Listening on Journal Socket.
Aug 01 14:29:53 witherspoon kernel[978]: [   14.670000] systemd[1]: Starting Remount Root and Kernel File Systems...
Aug 01 14:29:53 witherspoon kernel[978]: [   14.910000] systemd[1]: Starting Apply Kernel Variables...
Aug 01 14:29:53 witherspoon kernel[978]: [   15.150000] systemd[1]: Created slice system-org.openbmc.control.Chassis.slice.
Aug 01 14:29:53 witherspoon kernel[978]: [   15.400000] systemd[1]: Listening on udev Control Socket.
Aug 01 14:29:53 witherspoon kernel[978]: [   15.650000] systemd[1]: Created slice system-org.openbmc.buttons.Power.slice.
Aug 01 14:29:53 witherspoon kernel[978]: [   15.910000] systemd[1]: Started Forward Password Requests to Wall Directory Watch.
Aug 01 14:29:53 witherspoon kernel[978]: [   16.170000] systemd[1]: Created slice system-serial\x2dgetty.slice.
Aug 01 14:29:53 witherspoon kernel[978]: [   19.070000] systemd[1]: Mounted Debug File System.
Aug 01 14:29:53 witherspoon kernel[978]: [   19.390000] systemd[1]: Mounted Temporary Directory.
Aug 01 14:29:53 witherspoon kernel[978]: [   19.710000] systemd[1]: Started Journal Service.
Aug 01 14:29:53 witherspoon kernel[978]: [   21.400000] systemd-journald[557]: Received request to flush runtime journal from PID 1
Aug 01 14:29:53 witherspoon kernel[978]: [   37.650000] ubi7: default fastmap pool size: 100
Aug 01 14:29:53 witherspoon kernel[978]: [   37.650000] ubi7: default fastmap WL pool size: 50
Aug 01 14:29:53 witherspoon kernel[978]: [   37.650000] ubi7: attaching mtd7
Aug 01 14:29:53 witherspoon kernel[978]: [   37.650000] ubi7: scanning is finished
Aug 01 14:29:53 witherspoon kernel[978]: [   37.650000] ubi7: attached mtd7 (name "pnor", size 128 MiB)
Aug 01 14:29:53 witherspoon kernel[978]: [   37.650000] ubi7: PEB size: 65536 bytes (64 KiB), LEB size: 65408 bytes
Aug 01 14:29:53 witherspoon kernel[978]: [   37.650000] ubi7: min./max. I/O unit sizes: 1/256, sub-page size 1
Aug 01 14:29:53 witherspoon kernel[978]: [   37.650000] ubi7: VID header offset: 64 (aligned 64), data offset: 128
Aug 01 14:29:53 witherspoon kernel[978]: [   37.650000] ubi7: good PEBs: 2048, bad PEBs: 0, corrupted PEBs: 0
Aug 01 14:29:53 witherspoon kernel[978]: [   37.650000] ubi7: user volume: 0, internal volumes: 1, max. volumes count: 128
Aug 01 14:29:53 witherspoon kernel[978]: [   37.650000] ubi7: max/mean erase counter: 0/0, WL threshold: 4096, image sequence number: 708337698
Aug 01 14:29:53 witherspoon kernel[978]: [   37.900000] ubi7: available PEBs: 2042, total reserved PEBs: 6, PEBs reserved for bad PEB handling: 0
Aug 01 14:29:53 witherspoon kernel[978]: [   37.900000] ubi7: background thread "ubi_bgt7d" started, PID 990
Aug 01 14:29:54 witherspoon avahi-daemon[950]: Joining mDNS multicast group on interface eth0.IPv4 with address 9.3.21.61.
Aug 01 14:29:54 witherspoon avahi-daemon[950]: New relevant interface eth0.IPv4 for mDNS.
Aug 01 14:29:54 witherspoon avahi-daemon[950]: Registering new address record for 9.3.21.61 on eth0.IPv4.
Aug 01 14:29:56 witherspoon avahi-daemon[950]: Joining mDNS multicast group on interface eth0.IPv6 with address fe80::72e2:84ff:fe14:28a9.
Aug 01 14:29:56 witherspoon avahi-daemon[950]: New relevant interface eth0.IPv6 for mDNS.
Aug 01 14:29:56 witherspoon avahi-daemon[950]: Registering new address record for fe80::72e2:84ff:fe14:28a9 on eth0.*.
Aug 01 14:29:59 witherspoon kernel: ftgmac100 1e660000.ethernet eth0: NCSI interface up
Aug 01 14:29:59 witherspoon kernel[978]: [   46.150000] ftgmac100 1e660000.ethernet eth0: NCSI interface up
Aug 01 14:30:03 witherspoon systemd[1]: Created slice system-dropbear.slice.
Aug 01 14:30:03 witherspoon systemd[1]: Started SSH Per-Connection Server (9.41.165.94:33876).
Aug 01 14:30:03 witherspoon dropbear[1021]: Failed loading /etc/dropbear/dropbear_dss_host_key
Aug 01 14:30:03 witherspoon dropbear[1021]: Failed loading /etc/dropbear/dropbear_ecdsa_host_key
Aug 01 14:30:03 witherspoon dropbear[1021]: Child connection from ::ffff:9.41.165.94:33876
Aug 01 14:30:08 witherspoon dropbear[1021]: PAM password auth succeeded for 'root' from ::ffff:9.41.165.94:33876
Aug 01 14:30:08 witherspoon dropbear[1022]: lastlog_perform_login: Couldn't stat /var/log/lastlog: No such file or directory
Aug 01 14:30:08 witherspoon dropbear[1022]: lastlog_openseek: /var/log/lastlog is not a file or directory!
Aug 01 14:30:09 witherspoon systemd-networkd[964]: eth0: Configured
Aug 01 14:30:09 witherspoon systemd-timesyncd[902]: Network configuration changed, trying to establish connection.
Aug 01 14:30:11 witherspoon systemd[1]: Started Phosphor Download Manager.
Aug 01 14:30:11 witherspoon download_manager.py[957]: Running Download Manager
Aug 01 14:30:13 witherspoon systemd[1]: Started Phosphor Chassis0 Control.
Aug 01 14:30:13 witherspoon chassis_control.py[981]: Running ChassisControlService
Aug 01 14:30:13 witherspoon sensor_manager2.py[959]: Setting boot count to 3
Aug 01 14:30:13 witherspoon systemd[1]: Started Phosphor Sensor Manager.
Aug 01 14:30:13 witherspoon sensor_manager2.py[959]: Starting sensor manager
Aug 01 14:30:13 witherspoon phosphor-mapper[993]: ObjectMapper startup complete.  Discovery in progress...
Aug 01 14:30:14 witherspoon avahi-daemon[971]: ../../avahi-0.6.32/avahi-daemon/chroot.c: open() failed: No such file or directory
Aug 01 14:30:14 witherspoon avahi-daemon[950]: Failed to open /usr/share/dbus-1/interfaces/org.freedesktop.Avahi.Server.xml: Invalid argument
Aug 01 14:30:14 witherspoon avahi-daemon[950]: Failed to load introspection data.
Aug 01 14:30:14 witherspoon systemd[1]: Started Phosphor User Manager.
Aug 01 14:30:14 witherspoon obmc-phosphor-userd[955]: Started
Aug 01 14:30:16 witherspoon inventory_items.py[951]: Loading from cache: /var/cache/obmc/org.openbmc.inventory.system.chassis.motherboard.apss@org.openbmc.InventoryItem.props
Aug 01 14:30:16 witherspoon inventory_items.py[951]: Loading from cache: /var/cache/obmc/org.openbmc.inventory.system.chassis.motherboard@org.openbmc.InventoryItem.props
Aug 01 14:30:16 witherspoon inventory_items.py[951]: Loading from cache: /var/cache/obmc/org.openbmc.inventory.system.chassis.motherboard.refclock@org.openbmc.InventoryItem.props
Aug 01 14:30:16 witherspoon inventory_items.py[951]: Loading from cache: /var/cache/obmc/org.openbmc.inventory.system.chassis.motherboard.todclock@org.openbmc.InventoryItem.props
Aug 01 14:30:16 witherspoon inventory_items.py[951]: Loading from cache: /var/cache/obmc/org.openbmc.inventory.system.chassis.motherboard.bmc@org.openbmc.InventoryItem.props
Aug 01 14:30:16 witherspoon inventory_items.py[951]: Caching: /org/openbmc/inventory/system/chassis/motherboard/bmc
Aug 01 14:30:16 witherspoon inventory_items.py[951]: Loading from cache: /var/cache/obmc/org.openbmc.inventory.system.chassis.motherboard.pcieclock@org.openbmc.InventoryItem.props
Aug 01 14:30:16 witherspoon inventory_items.py[951]: Running Inventory Manager
Aug 01 14:30:16 witherspoon systemd[1]: Started Phosphor Inventory Manager.
Aug 01 14:30:17 witherspoon systemd[1]: Started Phosphor Network Manager.
Aug 01 14:30:17 witherspoon netman.py[982]: Started
Aug 01 14:30:24 witherspoon phosphor-mapper[993]: ObjectMapper discovery complete
Aug 01 14:30:24 witherspoon systemd[1]: Started Phosphor DBus Service Discovery Manager.
Aug 01 14:30:24 witherspoon systemd[1]: Started Phosphor Hwmon Poller.
Aug 01 14:30:24 witherspoon systemd[1]: Started Phosphor Hwmon Poller.
Aug 01 14:30:24 witherspoon systemd[1]: Reached target Phosphor Object Mapper.
Aug 01 14:30:24 witherspoon systemd[1]: Starting Wait for /xyz/openbmc_project/state/chassis0...
Aug 01 14:30:24 witherspoon systemd[1]: Starting Wait for /xyz/openbmc_project/inventory...
Aug 01 14:30:24 witherspoon systemd[1]: Starting Wait for /xyz/openbmc_project/led/groups...
Aug 01 14:30:24 witherspoon systemd[1]: Starting Wait for /org/openbmc/NetworkManager/Interface...
Aug 01 14:30:24 witherspoon systemd[1]: Starting Wait for /org/openbmc/control/flash/bios...
Aug 01 14:30:24 witherspoon systemd[1]: Starting Wait for /xyz/openbmc_project/led/groups/bmc_booted...
Aug 01 14:30:24 witherspoon systemd[1]: Starting Wait for /org/openbmc/control/power0...
Aug 01 14:30:24 witherspoon systemd[1]: Reached target Webserver (pre).
Aug 01 14:30:24 witherspoon systemd[1]: Started Phosphor Webserver.
Aug 01 14:30:24 witherspoon systemd[1]: Started Phosphor DBus Monitor.
Aug 01 14:30:24 witherspoon systemd[1]: Starting Wait for /org/openbmc/control/bmc0...
Aug 01 14:30:24 witherspoon systemd[1]: Starting Wait for /org/openbmc/managers/System...
Aug 01 14:30:24 witherspoon systemd[1]: Starting Wait for /org/openbmc/managers/Download...
Aug 01 14:30:24 witherspoon systemd[1]: Starting Phosphor Settings Manager...
Aug 01 14:30:24 witherspoon systemd[1]: Starting Phoshpor System Manager...
Aug 01 14:30:24 witherspoon systemd[1]: Starting Wait for /xyz/openbmc_project/control/host0...
Aug 01 14:30:24 witherspoon systemd[1]: Starting Phosphor Network Manager...
Aug 01 14:30:24 witherspoon systemd[1]: Starting Wait for /xyz/openbmc_project/state/host0...
Aug 01 14:30:24 witherspoon systemd[1]: Started Phosphor Hwmon Poller.
Aug 01 14:30:24 witherspoon systemd[1]: Started Phosphor Hwmon Poller.
Aug 01 14:30:24 witherspoon systemd[1]: Started Phosphor Hwmon Poller.
Aug 01 14:30:24 witherspoon systemd[1]: Started Phosphor Hwmon Poller.
Aug 01 14:30:26 witherspoon phosphor-network-manager[1045]: ConfigParser: Section not found
Aug 01 14:30:26 witherspoon phosphor-network-manager[1045]: The operation failed internally.
Aug 01 14:30:26 witherspoon phosphor-network-manager[1045]: ConfigParser: Section not found
Aug 01 14:30:26 witherspoon phosphor-network-manager[1045]: The operation failed internally.
Aug 01 14:30:26 witherspoon phosphor-network-manager[1045]: ConfigParser: Key not found
Aug 01 14:30:26 witherspoon phosphor-network-manager[1045]: The operation failed internally.
Aug 01 14:30:29 witherspoon systemd[1]: Started Wait for /org/openbmc/control/bmc0.
Aug 01 14:30:29 witherspoon systemd[1]: Started Wait for /org/openbmc/managers/Download.
Aug 01 14:30:29 witherspoon phosphor-log-manager[977]: Failed to find metadata
Aug 01 14:30:29 witherspoon systemd[1]: Starting Phosphor BIOS Code Update...
Aug 01 14:30:29 witherspoon systemd[1]: Starting Phosphor BMC Code Update...
Aug 01 14:30:30 witherspoon systemd[1]: Started Phosphor BIOS Code Update.
Aug 01 14:30:31 witherspoon systemd[1]: Started Wait for /xyz/openbmc_project/led/groups/bmc_booted.
Aug 01 14:30:31 witherspoon systemd[1]: Starting Assert bmc_booted LED...
Aug 01 14:30:31 witherspoon systemd[1]: Started Wait for /org/openbmc/NetworkManager/Interface.
Aug 01 14:30:32 witherspoon systemd[1]: Started Phosphor DNS Settings Cache Manager.
Aug 01 14:30:33 witherspoon systemd[1]: Started Wait for /xyz/openbmc_project/led/groups.
Aug 01 14:30:33 witherspoon systemd[1]: Started FRU Fault monitor service.
Aug 01 14:30:33 witherspoon systemd[1]: Started Wait for /xyz/openbmc_project/inventory.
Aug 01 14:30:33 witherspoon systemd[1]: Started Phosphor Cooling Type.
Aug 01 14:30:33 witherspoon systemd[1]: Starting Read OpenPOWER-format VPD from EEPROM...
Aug 01 14:30:33 witherspoon systemd[1]: Started Phosphor GPIO 1 Presence.
Aug 01 14:30:33 witherspoon systemd[1]: Starting OpenPOWER OCC controller...
Aug 01 14:30:33 witherspoon dbus[963]: [system] Activating via systemd: service name='org.freedesktop.hostname1' unit='dbus-org.freedesktop.hostname1.service'
Aug 01 14:30:34 witherspoon systemd[1]: Started Phosphor GPIO 0 Presence.
Aug 01 14:30:34 witherspoon systemd[1]: Starting Hostname Service...
Aug 01 14:30:39 witherspoon phosphor-gpio-presence[1069]: Updating inventory present property
Aug 01 14:30:39 witherspoon dbus[963]: [system] Successfully activated service 'org.freedesktop.hostname1'
Aug 01 14:30:40 witherspoon system_manager.py[1043]: Running System State: BASE_APPS
Aug 01 14:30:40 witherspoon system_manager.py[1043]: SystemManager Init Done
Aug 01 14:30:40 witherspoon system_manager.py[1043]: Running SystemManager
Aug 01 14:30:39 witherspoon systemd[1]: Started Hostname Service.
Aug 01 14:30:39 witherspoon systemd[1]: Started Phoshpor System Manager.
Aug 01 14:30:40 witherspoon systemd[1]: Started Phosphor Network Manager.
Aug 01 14:30:40 witherspoon phosphor-gpio-presence[1067]: Updating inventory present property
Aug 01 14:30:41 witherspoon systemd[1]: Started OpenPOWER OCC controller.
Aug 01 14:30:41 witherspoon systemd[1]: Started Assert bmc_booted LED.
Aug 01 14:30:42 witherspoon system_manager.py[1043]: SystemManager Goto System State: BMC_STARTING
Aug 01 14:30:42 witherspoon system_manager.py[1043]: Running System State: BMC_STARTING
Aug 01 14:30:42 witherspoon systemd[1]: Started Phosphor Settings Manager.
Aug 01 14:30:42 witherspoon settings_manager.py[1042]: Running HostSettingsService
Aug 01 14:30:43 witherspoon systemd[1]: Starting Wait for /org/openbmc/settings/host0...
Aug 01 14:30:43 witherspoon systemd[1]: Started Phosphor BMC Code Update.
Aug 01 14:30:43 witherspoon bmc_update.py[1054]: Running Bmc Flash Control
Aug 01 14:30:45 witherspoon systemd[1]: Started Read OpenPOWER-format VPD from EEPROM.
Aug 01 14:30:49 witherspoon systemd[1]: Started Wait for /org/openbmc/control/flash/bios.
Aug 01 14:30:49 witherspoon systemd[1]: Started Initialize BIOS Flash.
Aug 01 14:30:50 witherspoon systemd[1]: Started Wait for /org/openbmc/managers/System.
Aug 01 14:30:50 witherspoon systemd[1]: Starting Phosphor Power Button0...
Aug 01 14:30:50 witherspoon systemd[1]: Starting Phosphor Chassis State Manager...
Aug 01 14:30:50 witherspoon systemd[1]: Starting Phosphor BMC State Manager...
Aug 01 14:30:50 witherspoon systemd[1]: Starting Phosphor Host State Manager...
Aug 01 14:30:50 witherspoon systemd[1]: Starting Phosphor Power0 Control...
Aug 01 14:30:50 witherspoon systemd[1]: Starting Phosphor Reset Button0...
Aug 01 14:30:50 witherspoon phosphor-bmc-state-manager[1086]: Setting the BMCState field
Aug 01 14:30:50 witherspoon phosphor-bmc-state-manager[1086]: Setting the BMCState field
Aug 01 14:30:50 witherspoon systemd[1]: Started Phosphor BMC State Manager.
Aug 01 14:30:52 witherspoon phosphor-chassis-state-manager[1085]: Initial Chassis State will be Off
Aug 01 14:30:52 witherspoon systemd[1]: Started Phosphor Chassis State Manager.
Aug 01 14:30:52 witherspoon systemd[1]: Started Wait for /org/openbmc/settings/host0.
Aug 01 14:30:52 witherspoon systemd[1]: Started Phosphor Inband IPMI.
Aug 01 14:30:52 witherspoon flash_bios.exe[1053]: Starting flasher: bios,,/org/openbmc/control/flash/bios,
Aug 01 14:30:52 witherspoon flash_bios.exe[1053]: flasher: , BMC = 1, address = 0x0
Aug 01 14:30:52 witherspoon flash_bios.exe[1053]: Setting up flash
Aug 01 14:30:53 witherspoon flash_bios.exe[1053]: Starting flasher: bios,,/org/openbmc/control/flash/bios,
Aug 01 14:30:53 witherspoon flash_bios.exe[1053]: flasher: , BMC = 1, address = 0x0
Aug 01 14:30:53 witherspoon flash_bios.exe[1053]: Setting up flash
Aug 01 14:30:54 witherspoon button_power.exe[1084]: GPIO Lookup:  POWER_BUTTON = 347,both
Aug 01 14:30:54 witherspoon button_reset.exe[1089]: GPIO Lookup:  RESET_BUTTON = 353,both
Aug 01 14:30:54 witherspoon systemd[1]: Started Phosphor Power Button0.
Aug 01 14:30:55 witherspoon system_manager.py[1043]: New object: /org/openbmc/control/power0 (:1.78)
Aug 01 14:30:55 witherspoon system_manager.py[1043]: Power GPIO config: ['SYS_PWROK_BUFF', '', [('SOFTWARE_PGOOD', True), ('BMC_POWER_UP', True)], [('BMC_CP0_RESET_N', False)], [], 'FSI_DATA', 'FSI_CLK', 'FSI_ENABLE', 'CRONUS_SEL', []]
Aug 01 14:30:55 witherspoon power_control.exe[1088]: Power GPIO latch output:
Aug 01 14:30:55 witherspoon power_control.exe[1088]: Power GPIO power good input: SYS_PWROK_BUFF
Aug 01 14:30:55 witherspoon power_control.exe[1088]: Power GPIO 2 power_up outputs
Aug 01 14:30:55 witherspoon power_control.exe[1088]: Power GPIO power_up[0] = SOFTWARE_PGOOD active HIGH
Aug 01 14:30:55 witherspoon power_control.exe[1088]: Power GPIO power_up[1] = BMC_POWER_UP active HIGH
Aug 01 14:30:55 witherspoon power_control.exe[1088]: Power GPIO 1 reset outputs
Aug 01 14:30:55 witherspoon power_control.exe[1088]: Power GPIO reset[0] = BMC_CP0_RESET_N active LOW
Aug 01 14:30:55 witherspoon power_control.exe[1088]: Power GPIO 0 pci reset outputs
Aug 01 14:30:55 witherspoon power_control.exe[1088]: FSI DATA GPIO: FSI_DATA
Aug 01 14:30:55 witherspoon power_control.exe[1088]: FSI CLK GPIO: FSI_CLK
Aug 01 14:30:55 witherspoon power_control.exe[1088]: FSI ENABLE GPIO: FSI_ENABLE
Aug 01 14:30:55 witherspoon power_control.exe[1088]: CRONUS SEL GPIO: CRONUS_SEL
Aug 01 14:30:55 witherspoon power_control.exe[1088]: Hostctl GPIO optionals: 0
Aug 01 14:30:55 witherspoon power_control.exe[1088]: GPIO Lookup:  SYS_PWROK_BUFF = 306,in
Aug 01 14:30:55 witherspoon power_control.exe[1088]: GPIO Lookup:  SOFTWARE_PGOOD = 417,out
Aug 01 14:30:55 witherspoon power_control.exe[1088]: GPIO Lookup:  BMC_POWER_UP = 305,out
Aug 01 14:30:55 witherspoon power_control.exe[1088]: GPIO Lookup:  BMC_CP0_RESET_N = 281,out
Aug 01 14:30:55 witherspoon power_control.exe[1088]: Pgood state: 0
Aug 01 14:30:55 witherspoon systemd[1]: Started Phosphor Reset Button0.
Aug 01 14:30:55 witherspoon phosphor-host-state-manager[1087]: Initial Host State will be Off
Aug 01 14:30:55 witherspoon systemd[1]: Started Phosphor Power0 Control.
Aug 01 14:30:56 witherspoon systemd[1]: Started Wait for /xyz/openbmc_project/state/chassis0.
Aug 01 14:30:57 witherspoon systemd[1]: Started Phosphor Host State Manager.
Aug 01 14:30:59 witherspoon systemd[1]: Started Wait for /org/openbmc/control/power0.
Aug 01 14:30:59 witherspoon systemd[1]: Starting Check Chassis0 pgood and create a file to indicate it...
Aug 01 14:30:59 witherspoon systemd[1]: Starting Phosphor Time Manager daemon...
Aug 01 14:30:59 witherspoon system_manager.py[1043]: SystemManager Goto System State: BMC_READY
Aug 01 14:30:59 witherspoon system_manager.py[1043]: Running System State: BMC_READY
Aug 01 14:30:59 witherspoon timemanager[1121]: Registering dbus methods
Aug 01 14:30:59 witherspoon timemanager[1121]: Last known time_mode: MANUAL
Aug 01 14:30:59 witherspoon timemanager[1121]: Last known time_owner: BMC
Aug 01 14:30:59 witherspoon timemanager[1121]: Empty DhcpNtp string
Aug 01 14:30:59 witherspoon timemanager[1121]: Reading Power Control key: pgood
Aug 01 14:31:00 witherspoon timemanager[1121]: Changing settings *allowed* now
Aug 01 14:31:00 witherspoon timemanager[1121]: Getting System Settings: time_mode
Aug 01 14:31:00 witherspoon timemanager[1121]: Requested_Mode: MANUAL Current_Mode: MANUAL
Aug 01 14:31:00 witherspoon timemanager[1121]: Mode is already set to : MANUAL
Aug 01 14:31:00 witherspoon timemanager[1121]: Getting System Settings: time_owner
Aug 01 14:31:00 witherspoon systemd[1]: Started Check Chassis0 pgood and create a file to indicate it.
Aug 01 14:31:00 witherspoon systemd[1]: Reached target Chassis0 power on after reset.
Aug 01 14:31:00 witherspoon systemd[1]: Reached target Chassis0 (Reset Check).
Aug 01 14:31:01 witherspoon timemanager[1121]: Owner is already set to : BMC
Aug 01 14:31:01 witherspoon timemanager[1121]: Getting System Settings: use_dhcp_ntp
Aug 01 14:31:01 witherspoon systemd[1]: Started Wait for /xyz/openbmc_project/control/host0.
Aug 01 14:31:01 witherspoon systemd[1]: Reached target Host0 running after reset.
Aug 01 14:31:01 witherspoon systemd[1]: Reached target Host0 (Reset Check).
Aug 01 14:31:01 witherspoon systemd[1]: Started Wait for /xyz/openbmc_project/state/host0.
Aug 01 14:31:01 witherspoon systemd[1]: Starting Reboot If Enabled...
Aug 01 14:31:01 witherspoon timemanager[1121]: use_dhcp_ntp = yes
Aug 01 14:31:01 witherspoon timemanager[1121]: Last known host_offset:0
Aug 01 14:31:01 witherspoon timemanager[1121]: Initial Uptime Usec: 1501597753255411
Aug 01 14:31:01 witherspoon systemd[1]: Started Phosphor Time Manager daemon.
Aug 01 14:31:02 witherspoon phosphor-discover-system-state[1133]: Host power is off, checking power policy
Aug 01 14:31:02 witherspoon systemd[1]: Started Reboot If Enabled.
Aug 01 14:31:02 witherspoon systemd[1]: Reached target Phosphor System - Standby.
Aug 01 14:31:02 witherspoon systemd[1]: Startup finished in 8.689s (kernel) + 1min 40.701s (userspace) = 1min 49.391s.
Aug 01 14:31:02 witherspoon phosphor-bmc-state-manager[1086]: BMC_READY
Aug 01 14:31:02 witherspoon phosphor-bmc-state-manager[1086]: Setting the BMCState field
Aug 01 14:31:10 witherspoon phosphor-gevent[1037]: Traceback (most recent call last):
Aug 01 14:31:10 witherspoon phosphor-gevent[1037]:   File "/usr/lib/python2.7/site-packages/gevent/greenlet.py", line 327, in run
Aug 01 14:31:10 witherspoon phosphor-gevent[1037]:     result = self._run(*self.args, **self.kwargs)
Aug 01 14:31:10 witherspoon phosphor-gevent[1037]:   File "/usr/lib/python2.7/site-packages/gevent/server.py", line 102, in wrap_socket_and_handle
Aug 01 14:31:10 witherspoon phosphor-gevent[1037]:     ssl_socket = self.wrap_socket(client_socket, **self.ssl_args)
Aug 01 14:31:10 witherspoon phosphor-gevent[1037]:   File "/usr/lib/python2.7/site-packages/gevent/ssl.py", line 404, in wrap_socket
Aug 01 14:31:10 witherspoon phosphor-gevent[1037]:     ciphers=ciphers)
Aug 01 14:31:10 witherspoon phosphor-gevent[1037]:   File "/usr/lib/python2.7/site-packages/gevent/ssl.py", line 113, in __init__
Aug 01 14:31:10 witherspoon phosphor-gevent[1037]:     self.do_handshake()
Aug 01 14:31:10 witherspoon phosphor-gevent[1037]:   File "/usr/lib/python2.7/site-packages/gevent/ssl.py", line 324, in do_handshake
Aug 01 14:31:10 witherspoon phosphor-gevent[1037]:     return self._sslobj.do_handshake()
Aug 01 14:31:10 witherspoon phosphor-gevent[1037]: SSLEOFError: EOF occurred in violation of protocol (_ssl.c:590)
Aug 01 14:31:10 witherspoon phosphor-gevent[1037]: <Greenlet at 0x760ab3f0: <bound method WSGIServer.wrap_socket_and_handle of <WSGIServer at 0x76081b50 fileno=5 address=('::3452:f976:b02d:6f76%1986997664', 443, 0, 1986997664)>>(<socket at 0x75f58830 fileno=9>, ('::8039:6d76:8e91:f402%1995979548', 34898, 0, 199)> failed with SSLEOFError
Aug 01 14:31:10 witherspoon phosphor-gevent[1037]: Traceback (most recent call last):
Aug 01 14:31:10 witherspoon phosphor-gevent[1037]:   File "/usr/lib/python2.7/site-packages/gevent/greenlet.py", line 327, in run
Aug 01 14:31:10 witherspoon phosphor-gevent[1037]:     result = self._run(*self.args, **self.kwargs)
Aug 01 14:31:10 witherspoon phosphor-gevent[1037]:   File "/usr/lib/python2.7/site-packages/gevent/server.py", line 102, in wrap_socket_and_handle
Aug 01 14:31:10 witherspoon phosphor-gevent[1037]:     ssl_socket = self.wrap_socket(client_socket, **self.ssl_args)
Aug 01 14:31:10 witherspoon phosphor-gevent[1037]:   File "/usr/lib/python2.7/site-packages/gevent/ssl.py", line 404, in wrap_socket
Aug 01 14:31:10 witherspoon phosphor-gevent[1037]:     ciphers=ciphers)
Aug 01 14:31:10 witherspoon phosphor-gevent[1037]:   File "/usr/lib/python2.7/site-packages/gevent/ssl.py", line 113, in __init__
Aug 01 14:31:10 witherspoon phosphor-gevent[1037]:     self.do_handshake()
Aug 01 14:31:10 witherspoon phosphor-gevent[1037]:   File "/usr/lib/python2.7/site-packages/gevent/ssl.py", line 324, in do_handshake
Aug 01 14:31:10 witherspoon phosphor-gevent[1037]:     return self._sslobj.do_handshake()
Aug 01 14:31:10 witherspoon phosphor-gevent[1037]: SSLEOFError: EOF occurred in violation of protocol (_ssl.c:590)
Aug 01 14:31:10 witherspoon phosphor-gevent[1037]: <Greenlet at 0x760ab6c0: <bound method WSGIServer.wrap_socket_and_handle of <WSGIServer at 0x76081b50 fileno=5 address=('::3452:f976:b02d:6f76%1986997664', 443, 0, 1986997664)>>(<socket at 0x75f587d0 fileno=10>, ('::8039:6d76:8e91:f402%1995979548', 34902, 0, 199)> failed with SSLEOFError
Aug 01 14:31:10 witherspoon phosphor-gevent[1037]: Traceback (most recent call last):
Aug 01 14:31:10 witherspoon phosphor-gevent[1037]:   File "/usr/lib/python2.7/site-packages/gevent/greenlet.py", line 327, in run
Aug 01 14:31:10 witherspoon phosphor-gevent[1037]:     result = self._run(*self.args, **self.kwargs)
Aug 01 14:31:10 witherspoon phosphor-gevent[1037]:   File "/usr/lib/python2.7/site-packages/gevent/server.py", line 102, in wrap_socket_and_handle
Aug 01 14:31:10 witherspoon phosphor-gevent[1037]:     ssl_socket = self.wrap_socket(client_socket, **self.ssl_args)
Aug 01 14:31:10 witherspoon phosphor-gevent[1037]:   File "/usr/lib/python2.7/site-packages/gevent/ssl.py", line 404, in wrap_socket
Aug 01 14:31:10 witherspoon phosphor-gevent[1037]:     ciphers=ciphers)
Aug 01 14:31:10 witherspoon phosphor-gevent[1037]:   File "/usr/lib/python2.7/site-packages/gevent/ssl.py", line 113, in __init__
Aug 01 14:31:10 witherspoon phosphor-gevent[1037]:     self.do_handshake()
Aug 01 14:31:10 witherspoon phosphor-gevent[1037]:   File "/usr/lib/python2.7/site-packages/gevent/ssl.py", line 324, in do_handshake
Aug 01 14:31:10 witherspoon phosphor-gevent[1037]:     return self._sslobj.do_handshake()
Aug 01 14:31:10 witherspoon phosphor-gevent[1037]: SSLEOFError: EOF occurred in violation of protocol (_ssl.c:590)
Aug 01 14:31:10 witherspoon phosphor-gevent[1037]: <Greenlet at 0x760ab3a0: <bound method WSGIServer.wrap_socket_and_handle of <WSGIServer at 0x76081b50 fileno=5 address=('::3452:f976:b02d:6f76%1986997664', 443, 0, 1986997664)>>(<socket at 0x75f58870 fileno=11>, ('::8039:6d76:8e91:f402%1995979548', 34904, 0, 199)> failed with SSLEOFError
Aug 01 14:31:21 witherspoon phosphor-gevent[1037]: ::8039:6d76:8e91:f402%1995979548 - - [2017-08-01 14:31:21] "POST /login HTTP/1.1" 200 320 0.045439
Aug 01 14:31:21 witherspoon phosphor-gevent[1037]: ::8039:6d76:8e91:f402%1995979548 - - [2017-08-01 14:31:21] "GET /xyz/openbmc_project/state/chassis0//attr/CurrentPowerState HTTP/1.1" 200 216 0.059383
Aug 01 14:31:21 witherspoon phosphor-gevent[1037]: ::8039:6d76:8e91:f402%1995979548 - - [2017-08-01 14:31:21] "POST /login HTTP/1.1" 200 320 0.040938
Aug 01 14:31:21 witherspoon phosphor-gevent[1037]: ::8039:6d76:8e91:f402%1995979548 - - [2017-08-01 14:31:21] "GET /xyz/openbmc_project/state/chassis0//attr/CurrentPowerState HTTP/1.1" 200 216 0.049822
Aug 01 14:31:22 witherspoon phosphor-gevent[1037]: ::8039:6d76:8e91:f402%1995979548 - - [2017-08-01 14:31:22] "POST /login HTTP/1.1" 200 320 0.048929
Aug 01 14:31:22 witherspoon phosphor-gevent[1037]: ::8039:6d76:8e91:f402%1995979548 - - [2017-08-01 14:31:22] "GET /org/openbmc/sensors/host/BootProgress/attr/value HTTP/1.1" 200 170 0.068600
Aug 01 14:31:22 witherspoon phosphor-gevent[1037]: ::8039:6d76:8e91:f402%1995979548 - - [2017-08-01 14:31:22] "POST /login HTTP/1.1" 200 320 0.032920
Aug 01 14:31:22 witherspoon phosphor-gevent[1037]: ::8039:6d76:8e91:f402%1995979548 - - [2017-08-01 14:31:22] "GET /xyz/openbmc_project/state/host0//attr/CurrentHostState HTTP/1.1" 200 212 0.051600
Aug 01 14:31:22 witherspoon phosphor-gevent[1037]: ::8039:6d76:8e91:f402%1995979548 - - [2017-08-01 14:31:22] "POST /login HTTP/1.1" 200 320 0.032903
Aug 01 14:31:22 witherspoon phosphor-gevent[1037]: ::8039:6d76:8e91:f402%1995979548 - - [2017-08-01 14:31:22] "GET /xyz/openbmc_project/logging/entry//list HTTP/1.1" 200 214 0.058684
Aug 01 14:31:22 witherspoon phosphor-gevent[1037]: ::8039:6d76:8e91:f402%1995979548 - - [2017-08-01 14:31:22] "POST /login HTTP/1.1" 200 320 0.033045
Aug 01 14:31:22 witherspoon phosphor-gevent[1037]: ::8039:6d76:8e91:f402%1995979548 - - [2017-08-01 14:31:22] "GET /xyz/openbmc_project/logging/entry//list HTTP/1.1" 200 214 0.054377
Aug 01 14:31:23 witherspoon phosphor-gevent[1037]: ::8039:6d76:8e91:f402%1995979548 - - [2017-08-01 14:31:23] "POST /login HTTP/1.1" 200 320 0.048159
Aug 01 14:31:23 witherspoon phosphor-gevent[1037]: ::8039:6d76:8e91:f402%1995979548 - - [2017-08-01 14:31:23] "DELETE /xyz/openbmc_project/logging/entry/1 HTTP/1.1" 200 169 0.073902
Aug 01 14:31:23 witherspoon systemd[1]: Started SSH Per-Connection Server (9.41.165.94:33900).
Aug 01 14:31:23 witherspoon dropbear[1141]: Failed loading /etc/dropbear/dropbear_dss_host_key
Aug 01 14:31:23 witherspoon dropbear[1141]: Failed loading /etc/dropbear/dropbear_ecdsa_host_key
Aug 01 14:31:23 witherspoon dropbear[1141]: Child connection from ::ffff:9.41.165.94:33900
Aug 01 14:31:23 witherspoon dropbear[1141]: PAM password auth succeeded for 'root' from ::ffff:9.41.165.94:33900
Aug 01 14:31:23 witherspoon dropbear[1142]: lastlog_perform_login: Couldn't stat /var/log/lastlog: No such file or directory
Aug 01 14:31:23 witherspoon dropbear[1142]: lastlog_openseek: /var/log/lastlog is not a file or directory!
Aug 01 14:31:25 witherspoon phosphor-gevent[1037]: ::8039:6d76:8e91:f402%1995979548 - - [2017-08-01 14:31:25] "POST /login HTTP/1.1" 200 320 0.035419
Aug 01 14:31:25 witherspoon phosphor-gevent[1037]: ::8039:6d76:8e91:f402%1995979548 - - [2017-08-01 14:31:25] "GET /xyz/openbmc_project/state/host0//attr/CurrentHostState HTTP/1.1" 200 212 0.060879
Aug 01 14:31:26 witherspoon dropbear[1021]: Exit (root): Exited normally
Aug 01 14:31:26 witherspoon dropbear[1141]: Exit (root): Exited normally
Aug 01 14:31:28 witherspoon systemd[1]: Started SSH Per-Connection Server (9.41.165.94:33904).
Aug 01 14:31:28 witherspoon dropbear[1153]: Failed loading /etc/dropbear/dropbear_dss_host_key
Aug 01 14:31:28 witherspoon dropbear[1153]: Failed loading /etc/dropbear/dropbear_ecdsa_host_key
Aug 01 14:31:28 witherspoon dropbear[1153]: Child connection from ::ffff:9.41.165.94:33904
Aug 01 14:31:29 witherspoon dropbear[1153]: PAM password auth succeeded for 'root' from ::ffff:9.41.165.94:33904
Aug 01 14:31:29 witherspoon dropbear[1154]: lastlog_perform_login: Couldn't stat /var/log/lastlog: No such file or directory
Aug 01 14:31:29 witherspoon dropbear[1154]: lastlog_openseek: /var/log/lastlog is not a file or directory!
Aug 01 14:31:29 witherspoon phosphor-gevent[1037]: ::8039:6d76:8e91:f402%1995979548 - - [2017-08-01 14:31:29] "POST /login HTTP/1.1" 200 320 0.039916
Aug 01 14:31:30 witherspoon phosphor-gevent[1037]: ::8039:6d76:8e91:f402%1995979548 - - [2017-08-01 14:31:30] "PUT /org/openbmc/settings/host0/attr/power_policy HTTP/1.1" 200 169 0.190970
Aug 01 14:31:30 witherspoon phosphor-gevent[1037]: ::8039:6d76:8e91:f402%1995979548 - - [2017-08-01 14:31:30] "POST /login HTTP/1.1" 200 320 0.033509
Aug 01 14:31:30 witherspoon phosphor-gevent[1037]: ::8039:6d76:8e91:f402%1995979548 - - [2017-08-01 14:31:30] "GET /org/openbmc/settings/host0/attr/power_policy HTTP/1.1" 200 185 0.071778
Aug 01 14:31:30 witherspoon phosphor-gevent[1037]: ::8039:6d76:8e91:f402%1995979548 - - [2017-08-01 14:31:30] "POST /login HTTP/1.1" 200 320 0.049065
Aug 01 14:31:30 witherspoon phosphor-gevent[1037]: ::8039:6d76:8e91:f402%1995979548 - - [2017-08-01 14:31:30] "GET /xyz/openbmc_project/state/chassis0//attr/CurrentPowerState HTTP/1.1" 200 216 0.064098
Aug 01 14:31:31 witherspoon phosphor-gevent[1037]: ::8039:6d76:8e91:f402%1995979548 - - [2017-08-01 14:31:31] "POST /login HTTP/1.1" 200 320 0.033184
Aug 01 14:31:31 witherspoon phosphor-gevent[1037]: ::8039:6d76:8e91:f402%1995979548 - - [2017-08-01 14:31:31] "GET /xyz/openbmc_project/state/bmc0//attr/CurrentBMCState HTTP/1.1" 200 212 0.049573
Aug 01 14:31:31 witherspoon phosphor-gevent[1037]: ::8039:6d76:8e91:f402%1995979548 - - [2017-08-01 14:31:31] "POST /login HTTP/1.1" 200 320 0.033838
Aug 01 14:31:31 witherspoon phosphor-gevent[1037]: ::8039:6d76:8e91:f402%1995979548 - - [2017-08-01 14:31:31] "GET /org/openbmc/sensors/host/BootProgress/attr/value HTTP/1.1" 200 170 0.053374
Aug 01 14:31:31 witherspoon phosphor-gevent[1037]: ::8039:6d76:8e91:f402%1995979548 - - [2017-08-01 14:31:31] "POST /login HTTP/1.1" 200 320 0.033319
Aug 01 14:31:31 witherspoon phosphor-gevent[1037]: ::8039:6d76:8e91:f402%1995979548 - - [2017-08-01 14:31:31] "GET /xyz/openbmc_project/state/host0//attr/CurrentHostState HTTP/1.1" 200 212 0.049500
Aug 01 14:31:31 witherspoon phosphor-gevent[1037]: ::8039:6d76:8e91:f402%1995979548 - - [2017-08-01 14:31:31] "POST /login HTTP/1.1" 200 320 0.049952
Aug 01 14:31:32 witherspoon phosphor-gevent[1037]: ::8039:6d76:8e91:f402%1995979548 - - [2017-08-01 14:31:32] "GET /xyz/openbmc_project/logging/entry//list HTTP/1.1" 404 311 0.042309
Aug 01 14:31:32 witherspoon systemd[1]: Started SSH Per-Connection Server (9.41.165.94:33920).
Aug 01 14:31:32 witherspoon dropbear[1160]: Failed loading /etc/dropbear/dropbear_dss_host_key
Aug 01 14:31:32 witherspoon dropbear[1160]: Failed loading /etc/dropbear/dropbear_ecdsa_host_key
Aug 01 14:31:32 witherspoon dropbear[1160]: Child connection from ::ffff:9.41.165.94:33920
Aug 01 14:31:32 witherspoon dropbear[1160]: PAM password auth succeeded for 'root' from ::ffff:9.41.165.94:33920
Aug 01 14:32:02 witherspoon phosphor-gevent[1037]: ::8039:6d76:8e91:f402%1995979548 - - [2017-08-01 14:32:02] "POST /login HTTP/1.1" 200 320 0.033189
Aug 01 14:32:02 witherspoon flash_bios.exe[1053]: Starting flasher: bios,/tmp/witherspoon_910_golden.pnor,/org/openbmc/control/flash/bios,
Aug 01 14:32:02 witherspoon flash_bios.exe[1053]: flasher: /tmp/witherspoon_910_golden.pnor, BMC = 1, address = 0x0
Aug 01 14:32:02 witherspoon flash_bios.exe[1053]: Setting up flash
Aug 01 14:32:02 witherspoon phosphor-gevent[1037]: ::8039:6d76:8e91:f402%1995979548 - - [2017-08-01 14:32:02] "POST /org/openbmc/control/flash/bios//action/update HTTP/1.1" 200 169 0.452916
Aug 01 14:32:02 witherspoon phosphor-gevent[1037]: ::8039:6d76:8e91:f402%1995979548 - - [2017-08-01 14:32:02] "POST /login HTTP/1.1" 200 320 0.136434
Aug 01 14:32:03 witherspoon phosphor-gevent[1037]: ::8039:6d76:8e91:f402%1995979548 - - [2017-08-01 14:32:03] "GET /org/openbmc/control/flash/bios HTTP/1.1" 200 397 0.187533
Aug 01 14:32:03 witherspoon phosphor-gevent[1037]: ::8039:6d76:8e91:f402%1995979548 - - [2017-08-01 14:32:03] "POST /login HTTP/1.1" 200 320 0.179766
Aug 01 14:32:03 witherspoon phosphor-gevent[1037]: ::8039:6d76:8e91:f402%1995979548 - - [2017-08-01 14:32:03] "GET /org/openbmc/control/flash/bios HTTP/1.1" 200 397 0.067170
Aug 01 14:32:13 witherspoon phosphor-gevent[1037]: ::8039:6d76:8e91:f402%1995979548 - - [2017-08-01 14:32:13] "POST /login HTTP/1.1" 200 320 0.043409
Aug 01 14:32:14 witherspoon phosphor-gevent[1037]: ::8039:6d76:8e91:f402%1995979548 - - [2017-08-01 14:32:14] "GET /org/openbmc/control/flash/bios HTTP/1.1" 200 397 0.071537
Aug 01 14:32:24 witherspoon phosphor-gevent[1037]: ::8039:6d76:8e91:f402%1995979548 - - [2017-08-01 14:32:24] "POST /login HTTP/1.1" 200 320 0.032757
Aug 01 14:32:24 witherspoon phosphor-gevent[1037]: ::8039:6d76:8e91:f402%1995979548 - - [2017-08-01 14:32:24] "GET /org/openbmc/control/flash/bios HTTP/1.1" 200 397 0.068354
Aug 01 14:32:32 witherspoon avahi-daemon[950]: Withdrawing address record for 9.3.21.61 on eth0.
Aug 01 14:32:32 witherspoon avahi-daemon[950]: Host name conflict, retrying with witherspoon-2
Aug 01 14:32:32 witherspoon avahi-daemon[950]: Registering new address record for fe80::72e2:84ff:fe14:28a9 on eth0.*.
Aug 01 14:32:32 witherspoon avahi-daemon[950]: Registering new address record for 9.3.21.61 on eth0.IPv4.
Aug 01 14:32:34 witherspoon phosphor-gevent[1037]: ::8039:6d76:8e91:f402%1995979548 - - [2017-08-01 14:32:34] "POST /login HTTP/1.1" 200 320 0.032827
Aug 01 14:32:34 witherspoon phosphor-gevent[1037]: ::8039:6d76:8e91:f402%1995979548 - - [2017-08-01 14:32:34] "GET /org/openbmc/control/flash/bios HTTP/1.1" 200 397 0.069692
Aug 01 14:32:34 witherspoon avahi-daemon[950]: Server startup complete. Host name is witherspoon-2.local. Local service cookie is 4168910187.
Aug 01 14:32:35 witherspoon avahi-daemon[950]: Service name conflict for "sftp" (/services/sftp.service), retrying with "sftp #2".
Aug 01 14:32:35 witherspoon avahi-daemon[950]: Service name conflict for "obmc_console" (/services/obmc_console.service), retrying with "obmc_console #2".
Aug 01 14:32:35 witherspoon avahi-daemon[950]: Service name conflict for "phosphor_rest" (/services/phosphor_rest.service), retrying with "phosphor_rest #2".
Aug 01 14:32:37 witherspoon avahi-daemon[950]: Service "witherspoon-2" (/services/ssh.service) successfully established.
Aug 01 14:32:37 witherspoon avahi-daemon[950]: Service "witherspoon-2" (/services/sftp-ssh.service) successfully established.
Aug 01 14:32:37 witherspoon avahi-daemon[950]: Service name conflict for "phosphor_rest" (/services/phosphor_rest.service), retrying with "phosphor_rest #3".
Aug 01 14:32:37 witherspoon avahi-daemon[950]: Service name conflict for "sftp" (/services/sftp.service), retrying with "sftp #3".
Aug 01 14:32:37 witherspoon avahi-daemon[950]: Service name conflict for "obmc_console" (/services/obmc_console.service), retrying with "obmc_console #3".
Aug 01 14:32:37 witherspoon avahi-daemon[950]: Service name conflict for "sftp" (/services/sftp.service), retrying with "sftp #4".
Aug 01 14:32:37 witherspoon avahi-daemon[950]: Service name conflict for "phosphor_rest" (/services/phosphor_rest.service), retrying with "phosphor_rest #4".
Aug 01 14:32:37 witherspoon avahi-daemon[950]: Service name conflict for "obmc_console" (/services/obmc_console.service), retrying with "obmc_console #4".
Aug 01 14:32:38 witherspoon avahi-daemon[950]: Service name conflict for "sftp" (/services/sftp.service), retrying with "sftp #5".
Aug 01 14:32:38 witherspoon avahi-daemon[950]: Service name conflict for "phosphor_rest" (/services/phosphor_rest.service), retrying with "phosphor_rest #5".
Aug 01 14:32:38 witherspoon avahi-daemon[950]: Service name conflict for "obmc_console" (/services/obmc_console.service), retrying with "obmc_console #5".
Aug 01 14:32:40 witherspoon avahi-daemon[950]: Service name conflict for "sftp" (/services/sftp.service), retrying with "sftp #6".
Aug 01 14:32:40 witherspoon avahi-daemon[950]: Service name conflict for "phosphor_rest" (/services/phosphor_rest.service), retrying with "phosphor_rest #6".
Aug 01 14:32:40 witherspoon avahi-daemon[950]: Service name conflict for "obmc_console" (/services/obmc_console.service), retrying with "obmc_console #6".
Aug 01 14:32:41 witherspoon avahi-daemon[950]: Service name conflict for "phosphor_rest" (/services/phosphor_rest.service), retrying with "phosphor_rest #7".
Aug 01 14:32:41 witherspoon avahi-daemon[950]: Service name conflict for "sftp" (/services/sftp.service), retrying with "sftp #7".
Aug 01 14:32:41 witherspoon avahi-daemon[950]: Service name conflict for "obmc_console" (/services/obmc_console.service), retrying with "obmc_console #7".
Aug 01 14:32:43 witherspoon avahi-daemon[950]: Service "sftp #7" (/services/sftp.service) successfully established.
Aug 01 14:32:43 witherspoon avahi-daemon[950]: Service "phosphor_rest #7" (/services/phosphor_rest.service) successfully established.
Aug 01 14:32:43 witherspoon avahi-daemon[950]: Service "obmc_console #7" (/services/obmc_console.service) successfully established.
Aug 01 14:32:44 witherspoon phosphor-gevent[1037]: ::8039:6d76:8e91:f402%1995979548 - - [2017-08-01 14:32:44] "POST /login HTTP/1.1" 200 320 0.033210
Aug 01 14:32:44 witherspoon phosphor-gevent[1037]: ::8039:6d76:8e91:f402%1995979548 - - [2017-08-01 14:32:44] "GET /org/openbmc/control/flash/bios HTTP/1.1" 200 397 0.072889
Aug 01 14:32:55 witherspoon phosphor-gevent[1037]: ::8039:6d76:8e91:f402%1995979548 - - [2017-08-01 14:32:55] "POST /login HTTP/1.1" 200 320 0.032989
Aug 01 14:32:55 witherspoon phosphor-gevent[1037]: ::8039:6d76:8e91:f402%1995979548 - - [2017-08-01 14:32:55] "GET /org/openbmc/control/flash/bios HTTP/1.1" 200 397 0.067830
Aug 01 14:33:06 witherspoon phosphor-gevent[1037]: ::8039:6d76:8e91:f402%1995979548 - - [2017-08-01 14:33:06] "POST /login HTTP/1.1" 200 320 0.032863
Aug 01 14:33:06 witherspoon phosphor-gevent[1037]: ::8039:6d76:8e91:f402%1995979548 - - [2017-08-01 14:33:06] "GET /org/openbmc/control/flash/bios HTTP/1.1" 200 397 0.074807
Aug 01 14:33:16 witherspoon phosphor-gevent[1037]: ::8039:6d76:8e91:f402%1995979548 - - [2017-08-01 14:33:16] "POST /login HTTP/1.1" 200 320 0.033305
Aug 01 14:33:16 witherspoon phosphor-gevent[1037]: ::8039:6d76:8e91:f402%1995979548 - - [2017-08-01 14:33:16] "GET /org/openbmc/control/flash/bios HTTP/1.1" 200 397 0.071069
Aug 01 14:33:26 witherspoon phosphor-gevent[1037]: ::8039:6d76:8e91:f402%1995979548 - - [2017-08-01 14:33:26] "POST /login HTTP/1.1" 200 320 0.033535
Aug 01 14:33:27 witherspoon phosphor-gevent[1037]: ::8039:6d76:8e91:f402%1995979548 - - [2017-08-01 14:33:27] "GET /org/openbmc/control/flash/bios HTTP/1.1" 200 397 0.999901
Aug 01 14:33:37 witherspoon phosphor-gevent[1037]: ::8039:6d76:8e91:f402%1995979548 - - [2017-08-01 14:33:37] "POST /login HTTP/1.1" 200 320 0.033329
Aug 01 14:33:37 witherspoon phosphor-gevent[1037]: ::8039:6d76:8e91:f402%1995979548 - - [2017-08-01 14:33:37] "GET /org/openbmc/control/flash/bios HTTP/1.1" 200 397 0.069694
Aug 01 14:33:48 witherspoon phosphor-gevent[1037]: ::8039:6d76:8e91:f402%1995979548 - - [2017-08-01 14:33:48] "POST /login HTTP/1.1" 200 320 0.032777
Aug 01 14:33:48 witherspoon phosphor-gevent[1037]: ::8039:6d76:8e91:f402%1995979548 - - [2017-08-01 14:33:48] "GET /org/openbmc/control/flash/bios HTTP/1.1" 200 397 0.072365
Aug 01 14:33:59 witherspoon phosphor-gevent[1037]: ::8039:6d76:8e91:f402%1995979548 - - [2017-08-01 14:33:59] "POST /login HTTP/1.1" 200 320 0.050132
Aug 01 14:33:59 witherspoon phosphor-gevent[1037]: ::8039:6d76:8e91:f402%1995979548 - - [2017-08-01 14:33:59] "GET /org/openbmc/control/flash/bios HTTP/1.1" 200 397 0.067907
Aug 01 14:34:09 witherspoon phosphor-gevent[1037]: ::8039:6d76:8e91:f402%1995979548 - - [2017-08-01 14:34:09] "POST /login HTTP/1.1" 200 320 0.033241
Aug 01 14:34:10 witherspoon phosphor-gevent[1037]: ::8039:6d76:8e91:f402%1995979548 - - [2017-08-01 14:34:09] "GET /org/openbmc/control/flash/bios HTTP/1.1" 200 401 0.068291
Aug 01 14:34:20 witherspoon phosphor-gevent[1037]: ::8039:6d76:8e91:f402%1995979548 - - [2017-08-01 14:34:20] "POST /login HTTP/1.1" 200 320 0.033169
Aug 01 14:34:20 witherspoon phosphor-gevent[1037]: ::8039:6d76:8e91:f402%1995979548 - - [2017-08-01 14:34:20] "GET /org/openbmc/control/flash/bios HTTP/1.1" 200 402 0.067603
Aug 01 14:34:30 witherspoon phosphor-gevent[1037]: ::8039:6d76:8e91:f402%1995979548 - - [2017-08-01 14:34:30] "POST /login HTTP/1.1" 200 320 0.046156
Aug 01 14:34:30 witherspoon phosphor-gevent[1037]: ::8039:6d76:8e91:f402%1995979548 - - [2017-08-01 14:34:30] "GET /org/openbmc/control/flash/bios HTTP/1.1" 200 402 0.068009
Aug 01 14:34:40 witherspoon phosphor-gevent[1037]: ::8039:6d76:8e91:f402%1995979548 - - [2017-08-01 14:34:40] "POST /login HTTP/1.1" 200 320 0.033629
Aug 01 14:34:41 witherspoon phosphor-gevent[1037]: ::8039:6d76:8e91:f402%1995979548 - - [2017-08-01 14:34:41] "GET /org/openbmc/control/flash/bios HTTP/1.1" 200 402 0.511004
Aug 01 14:34:51 witherspoon phosphor-gevent[1037]: ::8039:6d76:8e91:f402%1995979548 - - [2017-08-01 14:34:51] "POST /login HTTP/1.1" 200 320 0.198076
Aug 01 14:34:51 witherspoon phosphor-gevent[1037]: ::8039:6d76:8e91:f402%1995979548 - - [2017-08-01 14:34:51] "GET /org/openbmc/control/flash/bios HTTP/1.1" 200 401 0.069105
Aug 01 14:35:01 witherspoon flash_bios.exe[1053]: Erasing... (may take a while !) done !
Aug 01 14:35:01 witherspoon flash_bios.exe[1053]: About to program "/tmp/witherspoon_910_golden.pnor" at 0x00000000..0x04000000 !
Aug 01 14:35:01 witherspoon flash_bios.exe[1053]: Programming & Verifying...
Aug 01 14:35:01 witherspoon flash_bios.exe[1053]: Flash done
Aug 01 14:35:02 witherspoon phosphor-gevent[1037]: ::8039:6d76:8e91:f402%1995979548 - - [2017-08-01 14:35:02] "POST /login HTTP/1.1" 200 320 0.033343
Aug 01 14:35:02 witherspoon phosphor-gevent[1037]: ::8039:6d76:8e91:f402%1995979548 - - [2017-08-01 14:35:02] "GET /org/openbmc/control/flash/bios HTTP/1.1" 200 399 0.068809
Aug 01 14:35:02 witherspoon systemd[1]: Started SSH Per-Connection Server (9.41.165.94:33970).
Aug 01 14:35:02 witherspoon dropbear[1166]: Failed loading /etc/dropbear/dropbear_dss_host_key
Aug 01 14:35:02 witherspoon dropbear[1166]: Failed loading /etc/dropbear/dropbear_ecdsa_host_key
Aug 01 14:35:02 witherspoon dropbear[1166]: Child connection from ::ffff:9.41.165.94:33970
Aug 01 14:35:02 witherspoon dropbear[1166]: PAM password auth succeeded for 'root' from ::ffff:9.41.165.94:33970
Aug 01 14:35:02 witherspoon dropbear[1167]: lastlog_perform_login: Couldn't stat /var/log/lastlog: No such file or directory
Aug 01 14:35:02 witherspoon dropbear[1167]: lastlog_openseek: /var/log/lastlog is not a file or directory!
Aug 01 14:35:04 witherspoon phosphor-gevent[1037]: ::8039:6d76:8e91:f402%1995979548 - - [2017-08-01 14:35:04] "POST /login HTTP/1.1" 200 320 0.033686
Aug 01 14:35:04 witherspoon phosphor-gevent[1037]: ::8039:6d76:8e91:f402%1995979548 - - [2017-08-01 14:35:04] "GET /xyz/openbmc_project/state/host0//attr/CurrentHostState HTTP/1.1" 200 212 0.050625
Aug 01 14:35:04 witherspoon systemd[1]: Created slice system-obmc\x2dconsole\x2dssh.slice.
Aug 01 14:35:04 witherspoon systemd[1]: Started Phosphor Host Console SSH Per-Connection (9.41.165.94:50756).
Aug 01 14:35:04 witherspoon dropbear[1171]: Failed loading /etc/dropbear/dropbear_dss_host_key
Aug 01 14:35:04 witherspoon dropbear[1171]: Failed loading /etc/dropbear/dropbear_ecdsa_host_key
Aug 01 14:35:04 witherspoon dropbear[1171]: Child connection from ::ffff:9.41.165.94:50756
Aug 01 14:35:05 witherspoon phosphor-gevent[1037]: ::8039:6d76:8e91:f402%1995979548 - - [2017-08-01 14:35:05] "POST /login HTTP/1.1" 200 320 0.122857
Aug 01 14:35:05 witherspoon dropbear[1171]: PAM password auth succeeded for 'root' from ::ffff:9.41.165.94:50756
Aug 01 14:35:05 witherspoon dropbear[1172]: lastlog_perform_login: Couldn't stat /var/log/lastlog: No such file or directory
Aug 01 14:35:05 witherspoon dropbear[1172]: lastlog_openseek: /var/log/lastlog is not a file or directory!
Aug 01 14:35:05 witherspoon phosphor-gevent[1037]: ::8039:6d76:8e91:f402%1995979548 - - [2017-08-01 14:35:05] "PUT /org/openbmc/settings/host0/attr/power_policy HTTP/1.1" 200 169 0.319913
Aug 01 14:35:05 witherspoon phosphor-gevent[1037]: ::8039:6d76:8e91:f402%1995979548 - - [2017-08-01 14:35:05] "POST /login HTTP/1.1" 200 320 0.041216
Aug 01 14:35:05 witherspoon phosphor-gevent[1037]: ::8039:6d76:8e91:f402%1995979548 - - [2017-08-01 14:35:05] "GET /org/openbmc/settings/host0/attr/power_policy HTTP/1.1" 200 185 0.071053
Aug 01 14:35:06 witherspoon phosphor-gevent[1037]: ::8039:6d76:8e91:f402%1995979548 - - [2017-08-01 14:35:06] "POST /login HTTP/1.1" 200 320 0.041670
Aug 01 14:35:06 witherspoon phosphor-gevent[1037]: ::8039:6d76:8e91:f402%1995979548 - - [2017-08-01 14:35:06] "GET /xyz/openbmc_project/state/chassis0//attr/CurrentPowerState HTTP/1.1" 200 216 0.067129
Aug 01 14:35:06 witherspoon phosphor-gevent[1037]: ::8039:6d76:8e91:f402%1995979548 - - [2017-08-01 14:35:06] "POST /login HTTP/1.1" 200 320 0.033743
Aug 01 14:35:06 witherspoon phosphor-gevent[1037]: ::8039:6d76:8e91:f402%1995979548 - - [2017-08-01 14:35:06] "GET /xyz/openbmc_project/state/bmc0//attr/CurrentBMCState HTTP/1.1" 200 212 0.050367
Aug 01 14:35:06 witherspoon phosphor-gevent[1037]: ::8039:6d76:8e91:f402%1995979548 - - [2017-08-01 14:35:06] "POST /login HTTP/1.1" 200 320 0.033180
Aug 01 14:35:06 witherspoon phosphor-gevent[1037]: ::8039:6d76:8e91:f402%1995979548 - - [2017-08-01 14:35:06] "GET /org/openbmc/sensors/host/BootProgress/attr/value HTTP/1.1" 200 170 0.053726
Aug 01 14:35:07 witherspoon phosphor-gevent[1037]: ::8039:6d76:8e91:f402%1995979548 - - [2017-08-01 14:35:07] "POST /login HTTP/1.1" 200 320 0.033557
Aug 01 14:35:07 witherspoon phosphor-gevent[1037]: ::8039:6d76:8e91:f402%1995979548 - - [2017-08-01 14:35:07] "GET /xyz/openbmc_project/state/host0//attr/CurrentHostState HTTP/1.1" 200 212 0.075422
Aug 01 14:35:07 witherspoon phosphor-gevent[1037]: ::8039:6d76:8e91:f402%1995979548 - - [2017-08-01 14:35:07] "POST /login HTTP/1.1" 200 320 0.043747
Aug 01 14:35:07 witherspoon phosphor-host-state-manager[1087]: Host State transaction request
Aug 01 14:35:07 witherspoon phosphor-gevent[1037]: ::8039:6d76:8e91:f402%1995979548 - - [2017-08-01 14:35:07] "PUT /xyz/openbmc_project/state/host0//attr/RequestedHostTransition HTTP/1.1" 200 169 0.205204
Aug 01 14:35:07 witherspoon systemd[1]: Created slice system-mapper\x2dsubtree\x2dremove.slice.
Aug 01 14:35:07 witherspoon systemd[1]: Started Witherspoon Fan Watchdog Daemon.
Aug 01 14:35:07 witherspoon systemd[1]: Starting Witherspoon Fan Watchdog Reset...
Aug 01 14:35:07 witherspoon systemd[1]: Starting Wait for /xyz/openbmc_project/watchdog/host0...
Aug 01 14:35:07 witherspoon systemd[1]: Starting Wait for /xyz/openbmc_project/led/groups/power_on...
Aug 01 14:35:07 witherspoon systemd[1]: Created slice system-avsbus\x2dworkaround.slice.
Aug 01 14:35:07 witherspoon systemd[1]: Created slice system-fsi\x2dbind.slice.
Aug 01 14:35:07 witherspoon systemd[1]: Created slice system-ucd_disable_vcs.slice.
Aug 01 14:35:08 witherspoon systemd[1]: Created slice system-phosphor\x2dgpio\x2dmonitor.slice.
Aug 01 14:35:08 witherspoon systemd[1]: Created slice system-fsi\x2dscan.slice.
Aug 01 14:35:08 witherspoon systemd[1]: Created slice system-start_host.slice.
Aug 01 14:35:08 witherspoon systemd[1]: Created slice system-pcie\x2dslot\x2ddetect.slice.
Aug 01 14:35:08 witherspoon systemd[1]: Created slice system-ir35221\x2don\x2dunbind.slice.
Aug 01 14:35:08 witherspoon systemd[1]: Created slice system-vcs_off.slice.
Aug 01 14:35:08 witherspoon systemd[1]: Created slice system-mboxd\x2dreload.slice.
Aug 01 14:35:08 witherspoon systemd[1]: Created slice system-phosphor\x2dfan\x2dcontrol\x2dinit.slice.
Aug 01 14:35:08 witherspoon systemd[1]: Created slice system-ir35221\x2don\x2dbind.slice.
Aug 01 14:35:08 witherspoon systemd[1]: Created slice system-obmc\x2denable\x2dhost\x2dwatchdog.slice.
Aug 01 14:35:08 witherspoon systemd[1]: Created slice system-vcs_workaround.slice.
Aug 01 14:35:08 witherspoon mboxctl[1183]: Reset: Success
Aug 01 14:35:08 witherspoon systemd[1]: Starting mapper subtree-remove /xyz/openbmc_project/software:xyz.openbmc_project.Software.ActivationBlocksTransition...
Aug 01 14:35:08 witherspoon systemd[1]: Starting power on mode unbind ir35221 device driver devs...
Aug 01 14:35:08 witherspoon systemd[1]: Created slice system-avsbus\x2ddisable.slice.
Aug 01 14:35:08 witherspoon systemd[1]: Starting Wait for /org/openbmc/control/chassis0...
Aug 01 14:35:08 witherspoon systemd[1]: Created slice system-vcs_on.slice.
Aug 01 14:35:08 witherspoon systemd[1]: Created slice system-vrm\x2dcontrol.slice.
Aug 01 14:35:08 witherspoon systemd[1]: Created slice system-avsbus\x2denable.slice.
Aug 01 14:35:08 witherspoon systemd[1]: Created slice system-cfam_override.slice.
Aug 01 14:35:08 witherspoon systemd[1]: Starting Disable UCD VCS rails...
Aug 01 14:35:08 witherspoon systemd[1]: Created slice system-phosphor\x2dfan\x2dpresence\x2dtach.slice.
Aug 01 14:35:08 witherspoon systemd[1]: Created slice system-op\x2dwait\x2dpower\x2don.slice.
Aug 01 14:35:08 witherspoon systemd[1]: Starting Wait for Power0 to turn on...
Aug 01 14:35:08 witherspoon systemd[1]: Starting Reload mboxd during power on...
Aug 01 14:35:10 witherspoon phosphor-gevent[1037]: ::8039:6d76:8e91:f402%1995979548 - - [2017-08-01 14:35:09] "POST /login HTTP/1.1" 200 320 1.792761
Aug 01 14:35:09 witherspoon systemd[1]: Created slice system-phosphor\x2dwatchdog.slice.
Aug 01 14:35:09 witherspoon systemd[1]: Started Phosphor poweron watchdog.
Aug 01 14:35:09 witherspoon systemd[1]: Started Phosphor GPIO checkstop monitor.
Aug 01 14:35:09 witherspoon systemd[1]: Created slice system-op\x2dpower\x2dstart.slice.
Aug 01 14:35:09 witherspoon systemd[1]: Reached target Powerwitherspoon-fan-watchdog (On).
Aug 01 14:35:09 witherspoon systemd[1]: Started Phosphor Fan Control Initialization.
Aug 01 14:35:10 witherspoon systemd[1]: Started Witherspoon Fan Watchdog Reset.
Aug 01 14:35:10 witherspoon systemd[1]: Started Wait for /xyz/openbmc_project/led/groups/power_on.
Aug 01 14:35:10 witherspoon kernel: ucd9000 11-0064: Device ID UCD90160|2.3.4.0000|110603
Aug 01 14:35:10 witherspoon kernel[978]: [  357.190000] ucd9000 11-0064: Device ID UCD90160|2.3.4.0000|110603
Aug 01 14:35:10 witherspoon systemd[1]: Started mapper subtree-remove /xyz/openbmc_project/software:xyz.openbmc_project.Software.ActivationBlocksTransition.
Aug 01 14:35:10 witherspoon systemd[1]: Started power on mode unbind ir35221 device driver devs.
Aug 01 14:35:10 witherspoon systemd[1]: Started Wait for /org/openbmc/control/chassis0.
Aug 01 14:35:10 witherspoon systemd[1]: Started Reload mboxd during power on.
Aug 01 14:35:10 witherspoon systemd[1]: xyz.openbmc_project.Hwmon@ahb-apb-i2c\x401e78a000-i2c\x2dbus\x40140-ir35221\x4070.service: Unit not needed anymore. Stopping.
Aug 01 14:35:10 witherspoon systemd[1]: xyz.openbmc_project.Hwmon@ahb-apb-i2c\x401e78a000-i2c\x2dbus\x40180-ir35221\x4071.service: Service hold-off time over, scheduling restart.
Aug 01 14:35:10 witherspoon systemd[1]: xyz.openbmc_project.Hwmon@ahb-apb-i2c\x401e78a000-i2c\x2dbus\x40140-ir35221\x4071.service: Service hold-off time over, scheduling restart.
