-- Logs begin at Fri 2017-07-28 17:40:29 UTC, end at Fri 2017-07-28 17:43:04 UTC. --
Jul 28 17:40:29 witherspoon kernel: Booting Linux on physical CPU 0x0
Jul 28 17:40:29 witherspoon kernel: Linux version 4.10.17-44f0dc8ac43162c4f7082884d6cd79400341bf5b (jenkins@hudson) (gcc version 6.2.0 (GCC) ) #1 Fri Jul 28 16:38:12 UTC 2017
Jul 28 17:40:29 witherspoon kernel: CPU: ARMv6-compatible processor [410fb767] revision 7 (ARMv7), cr=00c5387d
Jul 28 17:40:29 witherspoon kernel: CPU: PIPT / VIPT nonaliasing data cache, VIPT nonaliasing instruction cache
Jul 28 17:40:29 witherspoon kernel: OF: fdt:Machine model: Witherspoon BMC
Jul 28 17:40:29 witherspoon kernel: Memory policy: Data cache writeback
Jul 28 17:40:29 witherspoon kernel: SOC Rev: 04030303
Jul 28 17:40:29 witherspoon kernel: On node 0 totalpages: 110592
Jul 28 17:40:29 witherspoon kernel: free_area_init_node: node 0, pgdat 805ff5e4, node_mem_map 9ec1a000
Jul 28 17:40:29 witherspoon kernel:   Normal zone: 992 pages used for memmap
Jul 28 17:40:29 witherspoon kernel:   Normal zone: 0 pages reserved
Jul 28 17:40:29 witherspoon kernel:   Normal zone: 110592 pages, LIFO batch:31
Jul 28 17:40:29 witherspoon kernel: pcpu-alloc: s0 r0 d32768 u32768 alloc=1*32768
Jul 28 17:40:29 witherspoon kernel: pcpu-alloc: [0] 0 
Jul 28 17:40:29 witherspoon kernel: Built 1 zonelists in Zone order, mobility grouping on.  Total pages: 109600
Jul 28 17:40:29 witherspoon kernel: Kernel command line: console=ttyS4,115200n8 root=/dev/ram rw
Jul 28 17:40:29 witherspoon kernel: PID hash table entries: 2048 (order: 1, 8192 bytes)
Jul 28 17:40:29 witherspoon kernel: Dentry cache hash table entries: 65536 (order: 6, 262144 bytes)
Jul 28 17:40:29 witherspoon kernel: Inode-cache hash table entries: 32768 (order: 5, 131072 bytes)
Jul 28 17:40:29 witherspoon kernel: Memory: 430440K/442368K available (4065K kernel code, 280K rwdata, 1192K rodata, 284K init, 111K bss, 11928K reserved, 0K cma-reserved)
Jul 28 17:40:29 witherspoon kernel: Virtual kernel memory layout:
                                        vector  : 0xffff0000 - 0xffff1000   (   4 kB)
                                        fixmap  : 0xffc00000 - 0xfff00000   (3072 kB)
                                        vmalloc : 0x9f800000 - 0xff800000   (1536 MB)
                                        lowmem  : 0x80000000 - 0x9f000000   ( 496 MB)
                                          .text : 0x80008000 - 0x80400910   (4067 kB)
                                          .init : 0x80585000 - 0x805cc000   ( 284 kB)
                                          .data : 0x805cc000 - 0x80612358   ( 281 kB)
                                           .bss : 0x80612358 - 0x8062e1f8   ( 112 kB)
Jul 28 17:40:29 witherspoon kernel: NR_IRQS:16 nr_irqs:16 16
Jul 28 17:40:29 witherspoon kernel: i2c controller registered, irq 16
Jul 28 17:40:29 witherspoon kernel: clocksource: moxart_timer: mask: 0xffffffff max_cycles: 0xffffffff, max_idle_ns: 77222644334 ns
Jul 28 17:40:29 witherspoon kernel: sched_clock: 32 bits at 100 Hz, resolution 10000000ns, wraps every 21474836475000000ns
Jul 28 17:40:29 witherspoon kernel: Calibrating delay loop... 789.70 BogoMIPS (lpj=3948544)
Jul 28 17:40:29 witherspoon kernel: pid_max: default: 32768 minimum: 301
Jul 28 17:40:29 witherspoon kernel: Mount-cache hash table entries: 1024 (order: 0, 4096 bytes)
Jul 28 17:40:29 witherspoon kernel: Mountpoint-cache hash table entries: 1024 (order: 0, 4096 bytes)
Jul 28 17:40:29 witherspoon kernel: CPU: Testing write buffer coherency: ok
Jul 28 17:40:29 witherspoon kernel: ftrace: allocating 14934 entries in 44 pages
Jul 28 17:40:29 witherspoon kernel: Setting up static identity map for 0x80008200 - 0x8000825c
Jul 28 17:40:29 witherspoon kernel: devtmpfs: initialized
Jul 28 17:40:29 witherspoon kernel: clocksource: jiffies: mask: 0xffffffff max_cycles: 0xffffffff, max_idle_ns: 19112604462750000 ns
Jul 28 17:40:29 witherspoon kernel: futex hash table entries: 256 (order: -1, 3072 bytes)
Jul 28 17:40:29 witherspoon kernel: pinctrl core: initialized pinctrl subsystem
Jul 28 17:40:29 witherspoon kernel: NET: Registered protocol family 16
Jul 28 17:40:29 witherspoon kernel: DMA: preallocated 256 KiB pool for atomic coherent allocations
Jul 28 17:40:29 witherspoon kernel: usbcore: registered new interface driver usbfs
Jul 28 17:40:29 witherspoon kernel: usbcore: registered new interface driver hub
Jul 28 17:40:29 witherspoon kernel: usbcore: registered new device driver usb
Jul 28 17:40:29 witherspoon kernel: clocksource: Switched to clocksource moxart_timer
Jul 28 17:40:29 witherspoon kernel: NET: Registered protocol family 2
Jul 28 17:40:29 witherspoon kernel: TCP established hash table entries: 4096 (order: 2, 16384 bytes)
Jul 28 17:40:29 witherspoon kernel: TCP bind hash table entries: 4096 (order: 2, 16384 bytes)
Jul 28 17:40:29 witherspoon kernel: TCP: Hash tables configured (established 4096 bind 4096)
Jul 28 17:40:29 witherspoon kernel: UDP hash table entries: 256 (order: 0, 4096 bytes)
Jul 28 17:40:29 witherspoon kernel: UDP-Lite hash table entries: 256 (order: 0, 4096 bytes)
Jul 28 17:40:29 witherspoon kernel: NET: Registered protocol family 1
Jul 28 17:40:29 witherspoon kernel: Trying to unpack rootfs image as initramfs...
Jul 28 17:40:29 witherspoon kernel: Freeing initrd memory: 1544K
Jul 28 17:40:29 witherspoon kernel: workingset: timestamp_bits=30 max_order=17 bucket_order=0
Jul 28 17:40:29 witherspoon kernel: squashfs: version 4.0 (2009/01/31) Phillip Lougher
Jul 28 17:40:29 witherspoon kernel: jffs2: version 2.2. (SUMMARY)  © 2001-2006 Red Hat, Inc.
Jul 28 17:40:29 witherspoon kernel: Block layer SCSI generic (bsg) driver version 0.4 loaded (major 250)
Jul 28 17:40:29 witherspoon kernel: io scheduler noop registered
Jul 28 17:40:29 witherspoon kernel: io scheduler deadline registered
Jul 28 17:40:29 witherspoon kernel: io scheduler cfq registered (default)
Jul 28 17:40:29 witherspoon kernel: ipmi-bt-host 1e789140.ibt: Found bt bmc device
Jul 28 17:40:29 witherspoon kernel: ipmi-bt-host 1e789140.ibt: Using IRQ 22
Jul 28 17:40:29 witherspoon kernel: Serial: 8250/16550 driver, 6 ports, IRQ sharing enabled
Jul 28 17:40:29 witherspoon kernel: 1e783000.serial: ttyS0 at MMIO 0x1e783000 (irq = 23, base_baud = 1500000) is a 16550A
Jul 28 17:40:29 witherspoon kernel: 1e78d000.serial: ttyS1 at MMIO 0x1e78d000 (irq = 24, base_baud = 1500000) is a 16550A
Jul 28 17:40:29 witherspoon kernel: 1e784000.serial: ttyS4 at MMIO 0x1e784000 (irq = 25, base_baud = 1500000) is a 16550A
Jul 28 17:40:29 witherspoon kernel: console [ttyS4] enabled
Jul 28 17:40:29 witherspoon kernel: 1e787000.vuart: ttyS2 at MMIO 0x1e787000 (irq = 22, base_baud = 1500000) is a 16550A
Jul 28 17:40:29 witherspoon kernel: timeriomem_rng 1e6e2078.hwrng: 32bits from 0xf00e2078 @ 1us
Jul 28 17:40:29 witherspoon kernel: random: fast init done
Jul 28 17:40:29 witherspoon kernel: brd: module loaded
Jul 28 17:40:29 witherspoon kernel: loop: module loaded
Jul 28 17:40:29 witherspoon kernel: aspeed-lpc-ctrl 1e789080.lpc-ctrl: Loaded at 0x98000000 (0x04000000)
Jul 28 17:40:29 witherspoon kernel: aspeed-smc 1e620000.flash-controller: Using IRQ 18
Jul 28 17:40:29 witherspoon kernel: aspeed-smc 1e620000.flash-controller: DMA support disabled.
Jul 28 17:40:29 witherspoon kernel: aspeed-smc 1e620000.flash-controller: mx25l25635e (32768 Kbytes)
Jul 28 17:40:29 witherspoon kernel: aspeed-smc 1e620000.flash-controller: CE0 window [ 0x20000000 - 0x22000000 ] 32MB
Jul 28 17:40:29 witherspoon kernel: aspeed-smc 1e620000.flash-controller: CE1 window [ 0x22000000 - 0x2a000000 ] 128MB
Jul 28 17:40:29 witherspoon kernel: 5 ofpart partitions found on MTD device bmc
Jul 28 17:40:29 witherspoon kernel: Creating 5 MTD partitions on "bmc":
Jul 28 17:40:29 witherspoon kernel: 0x000000000000-0x000000060000 : "u-boot"
Jul 28 17:40:29 witherspoon kernel: 0x000000060000-0x000000080000 : "u-boot-env"
Jul 28 17:40:29 witherspoon kernel: 0x000000080000-0x0000004c0000 : "kernel"
Jul 28 17:40:29 witherspoon kernel: 0x0000004c0000-0x000001c00000 : "rofs"
Jul 28 17:40:29 witherspoon kernel: 0x000001c00000-0x000002000000 : "rwfs"
Jul 28 17:40:29 witherspoon kernel: aspeed-smc 1e620000.flash-controller: mx25l25635e (32768 Kbytes)
Jul 28 17:40:29 witherspoon kernel: aspeed-smc 1e620000.flash-controller: CE1 window [ 0x22000000 - 0x24000000 ] 32MB
Jul 28 17:40:29 witherspoon kernel: aspeed-smc 1e620000.flash-controller: CE2 window [ 0x24000000 - 0x2c000000 ] 128MB
Jul 28 17:40:29 witherspoon kernel: random: crng init done
Jul 28 17:40:29 witherspoon kernel: aspeed-smc 1e630000.flash-controller: mx66l1g45g (131072 Kbytes)
Jul 28 17:40:29 witherspoon kernel: aspeed-smc 1e630000.flash-controller: CE0 window resized to 120MB (AST2500 HW quirk)
Jul 28 17:40:29 witherspoon kernel: aspeed-smc 1e630000.flash-controller: CE0 window [ 0x30000000 - 0x37800000 ] 120MB
Jul 28 17:40:29 witherspoon kernel: aspeed-smc 1e630000.flash-controller: CE0 window too small for chip 128MB
Jul 28 17:40:29 witherspoon kernel: aspeed-smc 1e630000.flash-controller: CE1 window [ 0x37800000 - 0x38000000 ] 8MB
Jul 28 17:40:29 witherspoon kernel: libphy: Fixed MDIO Bus: probed
Jul 28 17:40:29 witherspoon kernel: ftgmac100 1e660000.ethernet: Read MAC address 70:e2:84:14:23:e1 from chip
Jul 28 17:40:29 witherspoon kernel: ftgmac100 1e660000.ethernet: Using NCSI interface
Jul 28 17:40:29 witherspoon kernel: ftgmac100 1e660000.ethernet eth0: irq 20, mapped at f0060000
Jul 28 17:40:29 witherspoon kernel: ehci_hcd: USB 2.0 'Enhanced' Host Controller (EHCI) Driver
Jul 28 17:40:29 witherspoon kernel: ehci-platform: EHCI generic platform driver
Jul 28 17:40:29 witherspoon kernel:  fsi0: can't read slave 00:00 -5
Jul 28 17:40:29 witherspoon kernel: i2c /dev entries driver
Jul 28 17:40:29 witherspoon kernel: aspeed-i2c-bus 1e78a0c0.i2c-bus: i2c bus 2 registered, irq 26
Jul 28 17:40:29 witherspoon kernel: aspeed-i2c-bus 1e78a100.i2c-bus: i2c bus 3 registered, irq 27
Jul 28 17:40:29 witherspoon kernel: aspeed-i2c-bus 1e78a140.i2c-bus: i2c bus 4 registered, irq 28
Jul 28 17:40:29 witherspoon kernel: aspeed-i2c-bus 1e78a180.i2c-bus: i2c bus 5 registered, irq 29
Jul 28 17:40:29 witherspoon kernel: aspeed-i2c-bus 1e78a380.i2c-bus: i2c bus 9 registered, irq 30
Jul 28 17:40:29 witherspoon kernel: aspeed-i2c-bus 1e78a3c0.i2c-bus: i2c bus 10 registered, irq 31
Jul 28 17:40:29 witherspoon kernel: rtc-rv8803 11-0032: Voltage low, temperature compensation stopped.
Jul 28 17:40:29 witherspoon kernel: rtc-rv8803 11-0032: An alarm maybe have been missed.
Jul 28 17:40:29 witherspoon kernel: rtc-rv8803 11-0032: rtc core: registered rx8900 as rtc0
Jul 28 17:40:29 witherspoon kernel: at24 11-0051: 8192 byte 24c64 EEPROM, writable, 1 bytes/write
Jul 28 17:40:29 witherspoon kernel: aspeed-i2c-bus 1e78a400.i2c-bus: i2c bus 11 registered, irq 32
Jul 28 17:40:29 witherspoon kernel: aspeed-i2c-bus 1e78a440.i2c-bus: i2c bus 12 registered, irq 33
Jul 28 17:40:29 witherspoon kernel: aspeed-i2c-bus 1e78a480.i2c-bus: i2c bus 13 registered, irq 34
Jul 28 17:40:29 witherspoon kernel: Driver for 1-wire Dallas network protocol.
Jul 28 17:40:29 witherspoon kernel: lm75 9-004a: hwmon0: sensor 'tmp275'
Jul 28 17:40:29 witherspoon kernel: ucd9000 11-0064: Device ID UCD90160|2.3.4.0000|110603
Jul 28 17:40:29 witherspoon kernel: leds-pca955x 3-0060: leds-pca955x: Using pca9552 16-bit LED driver at slave address 0x60
Jul 28 17:40:29 witherspoon kernel: leds-pca955x 11-0060: leds-pca955x: Using pca9552 16-bit LED driver at slave address 0x60
Jul 28 17:40:29 witherspoon kernel: leds-pca955x 11-0060: gpios 264...279
Jul 28 17:40:29 witherspoon kernel: usbcore: registered new interface driver usbhid
Jul 28 17:40:29 witherspoon kernel: usbhid: USB HID core driver
Jul 28 17:40:29 witherspoon kernel: NET: Registered protocol family 10
Jul 28 17:40:29 witherspoon kernel: Segment Routing with IPv6
Jul 28 17:40:29 witherspoon kernel: NET: Registered protocol family 17
Jul 28 17:40:29 witherspoon kernel: 8021q: 802.1Q VLAN Support v1.8
Jul 28 17:40:29 witherspoon kernel: console [netcon0] enabled
Jul 28 17:40:29 witherspoon kernel: netconsole: network logging started
Jul 28 17:40:29 witherspoon kernel: input: gpio-keys as /devices/platform/gpio-keys/input/input0
Jul 28 17:40:29 witherspoon kernel: rtc-rv8803 11-0032: setting system clock to 2017-07-28 17:40:21 UTC (1501263621)
Jul 28 17:40:29 witherspoon kernel: Freeing unused kernel memory: 284K
Jul 28 17:40:29 witherspoon kernel: This architecture does not have kernel memory protection.
Jul 28 17:40:29 witherspoon kernel: jffs2: notice: (526) jffs2_build_xattr_subsystem: complete building xattr subsystem, 0 of xdatum (0 unchecked, 0 orphan) and 0 of xref (0 dead, 0 orphan) found.
Jul 28 17:40:29 witherspoon systemd[1]: Failed to insert module 'autofs4': No such file or directory
Jul 28 17:40:29 witherspoon systemd[1]: systemd 232 running in system mode. (+PAM -AUDIT -SELINUX -IMA -APPARMOR -SMACK +SYSVINIT -UTMP -LIBCRYPTSETUP -GCRYPT -GNUTLS +ACL +XZ -LZ4 -SECCOMP +BLKID -ELFUTILS +KMOD -IDN)
Jul 28 17:40:29 witherspoon systemd[1]: Detected architecture arm.
Jul 28 17:40:29 witherspoon systemd[1]: Set hostname to <witherspoon>.
Jul 28 17:40:29 witherspoon systemd[1]: Listening on Journal Socket (/dev/log).
Jul 28 17:40:29 witherspoon systemd[1]: Listening on Network Service Netlink Socket.
Jul 28 17:40:29 witherspoon systemd[1]: Listening on /dev/initctl Compatibility Named Pipe.
Jul 28 17:40:29 witherspoon systemd[1]: Listening on udev Control Socket.
Jul 28 17:40:29 witherspoon systemd[1]: Reached target Swap.
Jul 28 17:40:29 witherspoon systemd[1]: Reached target Remote File Systems.
Jul 28 17:40:29 witherspoon systemd[1]: Listening on Syslog Socket.
Jul 28 17:40:29 witherspoon systemd-journald[544]: Journal started
Jul 28 17:40:29 witherspoon systemd-journald[544]: Runtime journal (/run/log/journal/cc6e1404d87444e8a089dfdb00a18f7d) is 0B, max 0B, 0B free.
Jul 28 17:40:30 witherspoon systemd[1]: Starting Apply Kernel Variables...
Jul 28 17:40:30 witherspoon systemd-sysctl[654]: Couldn't write '16' to 'kernel/sysrq', ignoring: No such file or directory
Jul 28 17:40:30 witherspoon systemd-sysctl[654]: Couldn't write 'fq_codel' to 'net/core/default_qdisc', ignoring: No such file or directory
Jul 28 17:40:30 witherspoon systemd[1]: dev-hugepages.mount: Couldn't determine result for ConditionVirtualization=!private-users, assuming failed: No such file or directory
Jul 28 17:40:30 witherspoon systemd[1]: Reached target Slices.
Jul 28 17:40:31 witherspoon systemd[1]: Mounting Temporary Directory...
Jul 28 17:40:31 witherspoon systemd[1]: Created slice system-op\x2dreset\x2dchassis\x2don.slice.
Jul 28 17:40:31 witherspoon systemd[1]: Created slice system-mapper\x2dwait.slice.
Jul 28 17:40:32 witherspoon systemd[1]: Created slice system-org.openbmc.buttons.Power.slice.
Jul 28 17:40:32 witherspoon systemd[1]: Created slice system-org.openbmc.control.Chassis.slice.
Jul 28 17:40:32 witherspoon systemd[1]: Mounting Debug File System...
Jul 28 17:40:33 witherspoon systemd[1]: Created slice system-serial\x2dgetty.slice.
Jul 28 17:40:34 witherspoon systemd[1]: Started Remount Root and Kernel File Systems.
Jul 28 17:40:34 witherspoon systemd[1]: Started Apply Kernel Variables.
Jul 28 17:40:34 witherspoon systemd[1]: Starting Create System Users...
Jul 28 17:40:34 witherspoon systemd[1]: Starting Flush Journal to Persistent Storage...
Jul 28 17:40:35 witherspoon systemd[1]: Started udev Coldplug all Devices.
Jul 28 17:40:35 witherspoon systemd[1]: Started Create System Users.
Jul 28 17:40:35 witherspoon systemd[1]: Starting Create Static Device Nodes in /dev...
Jul 28 17:40:36 witherspoon systemd-journald[544]: Runtime journal (/run/log/journal/cc6e1404d87444e8a089dfdb00a18f7d) is 0B, max 0B, 0B free.
Jul 28 17:40:36 witherspoon systemd[1]: Started Flush Journal to Persistent Storage.
Jul 28 17:40:36 witherspoon systemd[1]: Started Create Static Device Nodes in /dev.
Jul 28 17:40:37 witherspoon systemd[1]: Starting udev Kernel Device Manager...
Jul 28 17:40:37 witherspoon systemd[1]: Reached target Local File Systems (Pre).
Jul 28 17:40:37 witherspoon systemd[1]: Mounting /var/volatile...
Jul 28 17:40:37 witherspoon systemd[1]: Mounted /var/volatile.
Jul 28 17:40:37 witherspoon systemd[1]: Starting Load/Save Random Seed...
Jul 28 17:40:37 witherspoon systemd[1]: Reached target Local File Systems.
Jul 28 17:40:37 witherspoon systemd[1]: Starting Rebuild Journal Catalog...
Jul 28 17:40:37 witherspoon systemd[1]: Starting Create Volatile Files and Directories...
Jul 28 17:40:37 witherspoon systemd[1]: Started Rebuild Journal Catalog.
Jul 28 17:40:37 witherspoon systemd[1]: Started Load/Save Random Seed.
Jul 28 17:40:37 witherspoon systemd[1]: Starting Update is Completed...
Jul 28 17:40:37 witherspoon systemd-tmpfiles[898]: "/var/tmp" already exists and is not a directory.
Jul 28 17:40:37 witherspoon systemd-tmpfiles[898]: "/var/log" already exists and is not a directory.
Jul 28 17:40:37 witherspoon systemd[1]: Started Create Volatile Files and Directories.
Jul 28 17:40:37 witherspoon systemd[1]: Starting Run pending postinsts...
Jul 28 17:40:38 witherspoon systemd[1]: Starting Network Time Synchronization...
Jul 28 17:40:38 witherspoon systemd[1]: Started Update is Completed.
Jul 28 17:40:38 witherspoon systemd[1]: Started Network Time Synchronization.
Jul 28 17:40:38 witherspoon systemd[1]: Reached target System Time Synchronized.
Jul 28 17:40:38 witherspoon systemd[1]: Started udev Kernel Device Manager.
Jul 28 17:40:38 witherspoon run-postinsts[903]: Running postinst /etc/rpm-postinsts/libglib-2.0-0...
Jul 28 17:40:41 witherspoon systemd[1]: Found device /dev/aspeed-lpc-ctrl.
Jul 28 17:40:41 witherspoon systemd[1]: Found device /dev/aspeed-mbox.
Jul 28 17:40:41 witherspoon systemd[1]: Found device /dev/ttyS4.
Jul 28 17:40:41 witherspoon systemd[1]: Found device /dev/ttyVUART0.
Jul 28 17:40:41 witherspoon systemd[1]: Created slice system-xyz.openbmc_project.led.controller.slice.
Jul 28 17:40:42 witherspoon systemd[1]: Created slice system-xyz.openbmc_project.Hwmon.slice.
Jul 28 17:40:42 witherspoon systemd[1]: dev-hugepages.mount: Couldn't determine result for ConditionVirtualization=!private-users, assuming failed: No such file or directory
Jul 28 17:40:42 witherspoon run-postinsts[903]: rm: can't remove '/etc/rpm-postinsts': Invalid argument
Jul 28 17:40:42 witherspoon run-postinsts[903]:  Removing any system startup links for run-postinsts ...
Jul 28 17:40:42 witherspoon systemctl[934]: Removed /etc/systemd/system/sysinit.target.wants/run-postinsts.service.
Jul 28 17:40:42 witherspoon systemd[1]: Reloading.
Jul 28 17:40:45 witherspoon systemd[1]: Started Run pending postinsts.
Jul 28 17:40:45 witherspoon systemd[1]: Reached target System Initialization.
Jul 28 17:40:45 witherspoon systemd[1]: Started Daily Cleanup of Temporary Directories.
Jul 28 17:40:45 witherspoon systemd[1]: Listening on Phosphor DBUS Browser socket.
Jul 28 17:40:45 witherspoon systemd[1]: Listening on Avahi mDNS/DNS-SD Stack Activation Socket.
Jul 28 17:40:45 witherspoon systemd[1]: Listening on dropbear.socket.
Jul 28 17:40:45 witherspoon systemd[1]: Reached target Timers.
Jul 28 17:40:45 witherspoon systemd[1]: Listening on Phosphor Host Console SSH Per-Connection socket.
Jul 28 17:40:45 witherspoon systemd[1]: Listening on D-Bus System Message Bus Socket.
Jul 28 17:40:45 witherspoon systemd[1]: Listening on phosphor-ipmi-net.socket.
Jul 28 17:40:45 witherspoon systemd[1]: Listening on Phosphor Webserver socket.
Jul 28 17:40:45 witherspoon systemd[1]: Reached target Sockets.
Jul 28 17:40:46 witherspoon systemd[1]: Reached target Basic System.
Jul 28 17:40:46 witherspoon systemd[1]: Starting Phosphor Inventory Manager...
Jul 28 17:40:46 witherspoon systemd[1]: Started Phosphor sysfs LED controller.
Jul 28 17:40:46 witherspoon systemd[1]: Starting Phosphor Chassis0 Control...
Jul 28 17:40:46 witherspoon systemd[1]: Starting Phosphor Sensor Manager...
Jul 28 17:40:46 witherspoon systemd[1]: Starting Phosphor User Manager...
Jul 28 17:40:46 witherspoon systemd[1]: Starting Phosphor LED Group Management Daemon...
Jul 28 17:40:46 witherspoon systemd[1]: Started Phosphor sysfs LED controller.
Jul 28 17:40:46 witherspoon systemd[1]: Started Phosphor sysfs LED controller.
Jul 28 17:40:46 witherspoon systemd[1]: Starting Clear one time boot overrides...
Jul 28 17:40:47 witherspoon systemd[1]: Started Phosphor MBOX Daemon.
Jul 28 17:40:47 witherspoon systemd[1]: Started D-Bus System Message Bus.
Jul 28 17:40:51 witherspoon systemd[1]: Started Phosphor LED Group Management Daemon.
Jul 28 17:40:51 witherspoon systemd[1]: Started Phosphor Inventory Manager.
Jul 28 17:40:51 witherspoon systemd[1]: Starting Network Service...
Jul 28 17:40:51 witherspoon systemd[1]: Started Phosphor sysfs LED controller.
Jul 28 17:40:51 witherspoon systemd[1]: Started System Logging Service.
Jul 28 17:40:51 witherspoon systemd[1]: Started Phosphor sysfs LED controller.
Jul 28 17:40:51 witherspoon systemd[1]: Starting Phosphor Network Manager...
Jul 28 17:40:51 witherspoon systemd[1]: Started Phosphor Console Muxer listening on device /dev/ttyVUART0.
Jul 28 17:40:52 witherspoon systemd[1]: Starting Phosphor Download Manager...
Jul 28 17:40:52 witherspoon systemd[1]: Starting Phosphor Dump Manager...
Jul 28 17:40:52 witherspoon systemd[1]: Starting OpenBMC Software Update Manager...
Jul 28 17:40:52 witherspoon systemd[1]: Started Phosphor sysfs LED controller.
Jul 28 17:40:52 witherspoon systemd[1]: Started Hardware RNG Entropy Gatherer Daemon.
Jul 28 17:40:53 witherspoon systemd[1]: Starting Phosphor BMC0 Control...
Jul 28 17:40:53 witherspoon systemd[1]: Starting Phosphor DBus Service Discovery Manager...
Jul 28 17:40:53 witherspoon systemd[1]: Started Phosphor sysfs LED controller.
Jul 28 17:40:53 witherspoon systemd[1]: Started Phosphor sysfs LED controller.
Jul 28 17:40:53 witherspoon systemd[1]: Started Phosphor sysfs LED controller.
Jul 28 17:40:53 witherspoon systemd[1]: Started Phosphor Dump core monitor..
Jul 28 17:40:53 witherspoon systemd[1]: Reached target Containers.
Jul 28 17:40:54 witherspoon systemd[1]: Starting Phosphor Settings Daemon...
Jul 28 17:40:54 witherspoon systemd[1]: Started Phosphor sysfs LED controller.
Jul 28 17:40:54 witherspoon systemd[1]: Starting Phosphor Inventory Manager...
Jul 28 17:40:54 witherspoon systemd[1]: Starting OpenPower Software Update Manager...
Jul 28 17:40:55 witherspoon kernel[981]: klogd started: BusyBox v1.24.1 (2017-06-16 19:26:49 UTC)
Jul 28 17:40:54 witherspoon systemd[1]: Starting Phosphor Log Manager...
Jul 28 17:40:55 witherspoon kernel[981]: [    0.000000] Booting Linux on physical CPU 0x0
Jul 28 17:40:54 witherspoon systemd[1]: Started Kernel Logging Service.
Jul 28 17:40:55 witherspoon kernel[981]: [    0.000000] Linux version 4.10.17-44f0dc8ac43162c4f7082884d6cd79400341bf5b (jenkins@hudson) (gcc version 6.2.0 (GCC) ) #1 Fri Jul 28 16:38:12 UTC 2017
Jul 28 17:40:54 witherspoon systemd[1]: Starting Phosphor Download Manager...
Jul 28 17:40:55 witherspoon kernel[981]: [    0.000000] CPU: ARMv6-compatible processor [410fb767] revision 7 (ARMv7), cr=00c5387d
Jul 28 17:40:54 witherspoon systemd[1]: Starting Phosphor IPMI BT DBus Bridge...
Jul 28 17:40:55 witherspoon kernel[981]: [    0.000000] CPU: PIPT / VIPT nonaliasing data cache, VIPT nonaliasing instruction cache
Jul 28 17:40:54 witherspoon systemd[1]: Starting Avahi mDNS/DNS-SD Stack...
Jul 28 17:40:55 witherspoon kernel[981]: [    0.000000] OF: fdt:Machine model: Witherspoon BMC
Jul 28 17:40:55 witherspoon systemd[1]: Started Clear one time boot overrides.
Jul 28 17:40:55 witherspoon kernel[981]: [    0.000000] Memory policy: Data cache writeback
Jul 28 17:40:55 witherspoon systemd[1]: Started OpenBMC Software Update Manager.
Jul 28 17:40:55 witherspoon kernel[981]: [    0.000000] SOC Rev: 04030303
Jul 28 17:40:55 witherspoon systemd[1]: Started Phosphor Download Manager.
Jul 28 17:40:55 witherspoon kernel[981]: [    0.000000] On node 0 totalpages: 110592
Jul 28 17:40:55 witherspoon systemd[1]: Started Phosphor IPMI BT DBus Bridge.
Jul 28 17:40:55 witherspoon kernel[981]: [    0.000000] free_area_init_node: node 0, pgdat 805ff5e4, node_mem_map 9ec1a000
Jul 28 17:40:55 witherspoon systemd-networkd[958]: Enumeration completed
Jul 28 17:40:55 witherspoon kernel[981]: [    0.000000]   Normal zone: 992 pages used for memmap
Jul 28 17:40:55 witherspoon systemd[1]: Started Network Service.
Jul 28 17:40:55 witherspoon kernel[981]: [    0.000000]   Normal zone: 0 pages reserved
Jul 28 17:40:55 witherspoon systemd[1]: Reached target Network.
Jul 28 17:40:55 witherspoon kernel[981]: [    0.000000]   Normal zone: 110592 pages, LIFO batch:31
Jul 28 17:40:55 witherspoon systemd[1]: Started Lightweight SLP Server.
Jul 28 17:40:55 witherspoon kernel[981]: [    0.000000] pcpu-alloc: s0 r0 d32768 u32768 alloc=1*32768
Jul 28 17:40:55 witherspoon systemd[1]: Starting Permit User Sessions...
Jul 28 17:40:55 witherspoon kernel[981]: [    0.000000] pcpu-alloc: [0] 0
Jul 28 17:40:56 witherspoon systemd[1]: Started Phosphor Dump Manager.
Jul 28 17:40:55 witherspoon kernel[981]: [    0.000000] Built 1 zonelists in Zone order, mobility grouping on.  Total pages: 109600
Jul 28 17:40:56 witherspoon systemd[1]: Started Phosphor Log Manager.
Jul 28 17:40:55 witherspoon kernel[981]: [    0.000000] Kernel command line: console=ttyS4,115200n8 root=/dev/ram rw
Jul 28 17:40:56 witherspoon systemd[1]: Started Phosphor Settings Daemon.
Jul 28 17:40:55 witherspoon kernel[981]: [    0.000000] PID hash table entries: 2048 (order: 1, 8192 bytes)
Jul 28 17:40:56 witherspoon openpower-update-manager[979]: Error PNOR current version is empty
Jul 28 17:40:55 witherspoon kernel[981]: [    0.000000] Dentry cache hash table entries: 65536 (order: 6, 262144 bytes)
Jul 28 17:40:56 witherspoon systemd[1]: Started OpenPower Software Update Manager.
Jul 28 17:40:55 witherspoon kernel[981]: [    0.000000] Inode-cache hash table entries: 32768 (order: 5, 131072 bytes)
Jul 28 17:40:56 witherspoon systemd[1]: Starting Phosphor Version Software Manager...
Jul 28 17:40:55 witherspoon kernel[981]: [    0.000000] Memory: 430440K/442368K available (4065K kernel code, 280K rwdata, 1192K rodata, 284K init, 111K bss, 11928K reserved, 0K cma-reserved)
Jul 28 17:40:56 witherspoon systemd-networkd[958]: eth0: IPv6 enabled for interface: Success
Jul 28 17:40:55 witherspoon kernel[981]: [    0.000000] Virtual kernel memory layout:
Jul 28 17:40:56 witherspoon systemd-networkd[958]: eth0: Gained carrier
Jul 28 17:40:55 witherspoon kernel[981]: [    0.000000]     vector  : 0xffff0000 - 0xffff1000   (   4 kB)
Jul 28 17:40:56 witherspoon systemd-timesyncd[904]: Network configuration changed, trying to establish connection.
Jul 28 17:40:55 witherspoon kernel[981]: [    0.000000]     fixmap  : 0xffc00000 - 0xfff00000   (3072 kB)
Jul 28 17:40:56 witherspoon systemd[1]: Started Permit User Sessions.
Jul 28 17:40:55 witherspoon kernel[981]: [    0.000000]     vmalloc : 0x9f800000 - 0xff800000   (1536 MB)
Jul 28 17:40:56 witherspoon systemd[1]: Started Serial Getty on ttyS4.
Jul 28 17:40:55 witherspoon kernel[981]: [    0.000000]     lowmem  : 0x80000000 - 0x9f000000   ( 496 MB)
Jul 28 17:40:57 witherspoon systemd[1]: Reached target Login Prompts.
Jul 28 17:40:55 witherspoon kernel[981]: [    0.000000]       .text : 0x80008000 - 0x80400910   (4067 kB)
Jul 28 17:40:57 witherspoon systemd[1]: Started Phosphor Version Software Manager.
Jul 28 17:40:55 witherspoon kernel[981]: [    0.000000]       .init : 0x80585000 - 0x805cc000   ( 284 kB)
Jul 28 17:40:57 witherspoon systemd[1]: Started Phosphor BMC0 Control.
Jul 28 17:40:55 witherspoon kernel[981]: [    0.000000]       .data : 0x805cc000 - 0x80612358   ( 281 kB)
Jul 28 17:40:55 witherspoon kernel[981]: [    0.000000]        .bss : 0x80612358 - 0x8062e1f8   ( 112 kB)
Jul 28 17:40:55 witherspoon kernel[981]: [    0.000000] NR_IRQS:16 nr_irqs:16 16
Jul 28 17:40:55 witherspoon kernel[981]: [    0.000000] i2c controller registered, irq 16
Jul 28 17:40:55 witherspoon kernel[981]: [    0.000000] clocksource: moxart_timer: mask: 0xffffffff max_cycles: 0xffffffff, max_idle_ns: 77222644334 ns
Jul 28 17:40:55 witherspoon kernel[981]: [    0.000000] sched_clock: 32 bits at 100 Hz, resolution 10000000ns, wraps every 21474836475000000ns
Jul 28 17:40:55 witherspoon kernel[981]: [    0.090000] Calibrating delay loop... 789.70 BogoMIPS (lpj=3948544)
Jul 28 17:40:55 witherspoon kernel[981]: [    0.090000] pid_max: default: 32768 minimum: 301
Jul 28 17:40:58 witherspoon systemd-networkd[958]: eth0: Gained IPv6LL
Jul 28 17:40:55 witherspoon kernel[981]: [    0.090000] Mount-cache hash table entries: 1024 (order: 0, 4096 bytes)
Jul 28 17:40:58 witherspoon systemd[1]: Started Avahi mDNS/DNS-SD Stack.
Jul 28 17:40:55 witherspoon kernel[981]: [    0.090000] Mountpoint-cache hash table entries: 1024 (order: 0, 4096 bytes)
Jul 28 17:40:55 witherspoon kernel[981]: [    0.090000] CPU: Testing write buffer coherency: ok
Jul 28 17:40:55 witherspoon kernel[981]: [    0.090000] ftrace: allocating 14934 entries in 44 pages
Jul 28 17:40:55 witherspoon kernel[981]: [    0.120000] Setting up static identity map for 0x80008200 - 0x8000825c
Jul 28 17:40:55 witherspoon kernel[981]: [    0.120000] devtmpfs: initialized
Jul 28 17:40:55 witherspoon kernel[981]: [    0.150000] clocksource: jiffies: mask: 0xffffffff max_cycles: 0xffffffff, max_idle_ns: 19112604462750000 ns
Jul 28 17:40:55 witherspoon kernel[981]: [    0.150000] futex hash table entries: 256 (order: -1, 3072 bytes)
Jul 28 17:40:55 witherspoon kernel[981]: [    0.150000] pinctrl core: initialized pinctrl subsystem
Jul 28 17:40:55 witherspoon kernel[981]: [    0.150000] NET: Registered protocol family 16
Jul 28 17:40:59 witherspoon systemd[1]: Reached target Multi-User System.
Jul 28 17:40:55 witherspoon kernel[981]: [    0.150000] DMA: preallocated 256 KiB pool for atomic coherent allocations
Jul 28 17:40:55 witherspoon kernel[981]: [    0.220000] usbcore: registered new interface driver usbfs
Jul 28 17:40:55 witherspoon kernel[981]: [    0.220000] usbcore: registered new interface driver hub
Jul 28 17:40:55 witherspoon kernel[981]: [    0.220000] usbcore: registered new device driver usb
Jul 28 17:40:55 witherspoon kernel[981]: [    0.220000] clocksource: Switched to clocksource moxart_timer
Jul 28 17:40:55 witherspoon kernel[981]: [    0.230000] NET: Registered protocol family 2
Jul 28 17:40:55 witherspoon kernel[981]: [    0.230000] TCP established hash table entries: 4096 (order: 2, 16384 bytes)
Jul 28 17:40:55 witherspoon kernel[981]: [    0.230000] TCP bind hash table entries: 4096 (order: 2, 16384 bytes)
Jul 28 17:40:55 witherspoon kernel[981]: [    0.230000] TCP: Hash tables configured (established 4096 bind 4096)
Jul 28 17:40:55 witherspoon kernel[981]: [    0.230000] UDP hash table entries: 256 (order: 0, 4096 bytes)
Jul 28 17:40:55 witherspoon kernel[981]: [    0.230000] UDP-Lite hash table entries: 256 (order: 0, 4096 bytes)
Jul 28 17:40:55 witherspoon kernel[981]: [    0.230000] NET: Registered protocol family 1
Jul 28 17:40:55 witherspoon kernel[981]: [    0.230000] Trying to unpack rootfs image as initramfs...
Jul 28 17:40:55 witherspoon kernel[981]: [    1.910000] Freeing initrd memory: 1544K
Jul 28 17:40:55 witherspoon kernel[981]: [    1.910000] workingset: timestamp_bits=30 max_order=17 bucket_order=0
Jul 28 17:40:55 witherspoon kernel[981]: [    1.910000] squashfs: version 4.0 (2009/01/31) Phillip Lougher
Jul 28 17:40:55 witherspoon kernel[981]: [    1.910000] jffs2: version 2.2. (SUMMARY)  © 2001-2006 Red Hat, Inc.
Jul 28 17:40:55 witherspoon kernel[981]: [    1.910000] Block layer SCSI generic (bsg) driver version 0.4 loaded (major 250)
Jul 28 17:40:55 witherspoon kernel[981]: [    1.910000] io scheduler noop registered
Jul 28 17:40:55 witherspoon kernel[981]: [    1.910000] io scheduler deadline registered
Jul 28 17:40:55 witherspoon kernel[981]: [    1.910000] io scheduler cfq registered (default)
Jul 28 17:40:55 witherspoon kernel[981]: [    2.060000] ipmi-bt-host 1e789140.ibt: Found bt bmc device
Jul 28 17:41:00 witherspoon kernel: ftgmac100 1e660000.ethernet eth0: NCSI interface up
Jul 28 17:40:55 witherspoon kernel[981]: [    2.060000] ipmi-bt-host 1e789140.ibt: Using IRQ 22
Jul 28 17:40:55 witherspoon kernel[981]: [    2.060000] Serial: 8250/16550 driver, 6 ports, IRQ sharing enabled
Jul 28 17:40:55 witherspoon kernel[981]: [    2.060000] 1e783000.serial: ttyS0 at MMIO 0x1e783000 (irq = 23, base_baud = 1500000) is a 16550A
Jul 28 17:40:55 witherspoon kernel[981]: [    2.060000] 1e78d000.serial: ttyS1 at MMIO 0x1e78d000 (irq = 24, base_baud = 1500000) is a 16550A
Jul 28 17:40:55 witherspoon kernel[981]: [    2.060000] 1e784000.serial: ttyS4 at MMIO 0x1e784000 (irq = 25, base_baud = 1500000) is a 16550A
Jul 28 17:40:55 witherspoon kernel[981]: [    2.410000] console [ttyS4] enabled
Jul 28 17:40:55 witherspoon kernel[981]: [    2.410000] 1e787000.vuart: ttyS2 at MMIO 0x1e787000 (irq = 22, base_baud = 1500000) is a 16550A
Jul 28 17:40:55 witherspoon kernel[981]: [    2.600000] timeriomem_rng 1e6e2078.hwrng: 32bits from 0xf00e2078 @ 1us
Jul 28 17:40:55 witherspoon kernel[981]: [    2.610000] random: fast init done
Jul 28 17:40:55 witherspoon kernel[981]: [    2.650000] brd: module loaded
Jul 28 17:40:55 witherspoon kernel[981]: [    2.680000] loop: module loaded
Jul 28 17:40:55 witherspoon kernel[981]: [    2.680000] aspeed-lpc-ctrl 1e789080.lpc-ctrl: Loaded at 0x98000000 (0x04000000)
Jul 28 17:40:55 witherspoon kernel[981]: [    2.690000] aspeed-smc 1e620000.flash-controller: Using IRQ 18
Jul 28 17:40:55 witherspoon kernel[981]: [    2.690000] aspeed-smc 1e620000.flash-controller: DMA support disabled.
Jul 28 17:40:55 witherspoon kernel[981]: [    2.700000] aspeed-smc 1e620000.flash-controller: mx25l25635e (32768 Kbytes)
Jul 28 17:40:55 witherspoon kernel[981]: [    2.700000] aspeed-smc 1e620000.flash-controller: CE0 window [ 0x20000000 - 0x22000000 ] 32MB
Jul 28 17:40:55 witherspoon kernel[981]: [    2.700000] aspeed-smc 1e620000.flash-controller: CE1 window [ 0x22000000 - 0x2a000000 ] 128MB
Jul 28 17:40:55 witherspoon kernel[981]: [    2.730000] 5 ofpart partitions found on MTD device bmc
Jul 28 17:40:55 witherspoon kernel[981]: [    2.730000] Creating 5 MTD partitions on "bmc":
Jul 28 17:40:55 witherspoon kernel[981]: [    2.730000] 0x000000000000-0x000000060000 : "u-boot"
Jul 28 17:40:55 witherspoon kernel[981]: [    2.730000] 0x000000060000-0x000000080000 : "u-boot-env"
Jul 28 17:40:55 witherspoon kernel[981]: [    2.760000] 0x000000080000-0x0000004c0000 : "kernel"
Jul 28 17:40:55 witherspoon kernel[981]: [    2.770000] 0x0000004c0000-0x000001c00000 : "rofs"
Jul 28 17:40:55 witherspoon kernel[981]: [    2.780000] 0x000001c00000-0x000002000000 : "rwfs"
Jul 28 17:40:55 witherspoon kernel[981]: [    2.790000] aspeed-smc 1e620000.flash-controller: mx25l25635e (32768 Kbytes)
Jul 28 17:40:55 witherspoon kernel[981]: [    2.800000] aspeed-smc 1e620000.flash-controller: CE1 window [ 0x22000000 - 0x24000000 ] 32MB
Jul 28 17:40:55 witherspoon kernel[981]: [    2.800000] aspeed-smc 1e620000.flash-controller: CE2 window [ 0x24000000 - 0x2c000000 ] 128MB
Jul 28 17:40:55 witherspoon kernel[981]: [    2.820000] random: crng init done
Jul 28 17:40:55 witherspoon kernel[981]: [    2.830000] aspeed-smc 1e630000.flash-controller: mx66l1g45g (131072 Kbytes)
Jul 28 17:40:55 witherspoon kernel[981]: [    2.840000] aspeed-smc 1e630000.flash-controller: CE0 window resized to 120MB (AST2500 HW quirk)
Jul 28 17:40:55 witherspoon kernel[981]: [    2.840000] aspeed-smc 1e630000.flash-controller: CE0 window [ 0x30000000 - 0x37800000 ] 120MB
Jul 28 17:40:55 witherspoon kernel[981]: [    2.840000] aspeed-smc 1e630000.flash-controller: CE0 window too small for chip 128MB
Jul 28 17:40:55 witherspoon kernel[981]: [    2.860000] aspeed-smc 1e630000.flash-controller: CE1 window [ 0x37800000 - 0x38000000 ] 8MB
Jul 28 17:40:55 witherspoon kernel[981]: [    3.610000] libphy: Fixed MDIO Bus: probed
Jul 28 17:40:55 witherspoon kernel[981]: [    3.610000] ftgmac100 1e660000.ethernet: Read MAC address 70:e2:84:14:23:e1 from chip
Jul 28 17:40:55 witherspoon kernel[981]: [    3.610000] ftgmac100 1e660000.ethernet: Using NCSI interface
Jul 28 17:40:55 witherspoon kernel[981]: [    3.610000] ftgmac100 1e660000.ethernet eth0: irq 20, mapped at f0060000
Jul 28 17:40:55 witherspoon kernel[981]: [    3.610000] ehci_hcd: USB 2.0 'Enhanced' Host Controller (EHCI) Driver
Jul 28 17:40:55 witherspoon kernel[981]: [    3.610000] ehci-platform: EHCI generic platform driver
Jul 28 17:40:55 witherspoon kernel[981]: [    3.840000]  fsi0: can't read slave 00:00 -5
Jul 28 17:40:55 witherspoon kernel[981]: [    3.840000] i2c /dev entries driver
Jul 28 17:40:55 witherspoon kernel[981]: [    3.840000] aspeed-i2c-bus 1e78a0c0.i2c-bus: i2c bus 2 registered, irq 26
Jul 28 17:40:55 witherspoon kernel[981]: [    3.840000] aspeed-i2c-bus 1e78a100.i2c-bus: i2c bus 3 registered, irq 27
Jul 28 17:40:55 witherspoon kernel[981]: [    3.840000] aspeed-i2c-bus 1e78a140.i2c-bus: i2c bus 4 registered, irq 28
Jul 28 17:40:55 witherspoon kernel[981]: [    3.840000] aspeed-i2c-bus 1e78a180.i2c-bus: i2c bus 5 registered, irq 29
Jul 28 17:40:55 witherspoon kernel[981]: [    3.840000] aspeed-i2c-bus 1e78a380.i2c-bus: i2c bus 9 registered, irq 30
Jul 28 17:40:55 witherspoon kernel[981]: [    3.840000] aspeed-i2c-bus 1e78a3c0.i2c-bus: i2c bus 10 registered, irq 31
Jul 28 17:40:55 witherspoon kernel[981]: [    3.840000] rtc-rv8803 11-0032: Voltage low, temperature compensation stopped.
Jul 28 17:40:55 witherspoon kernel[981]: [    3.840000] rtc-rv8803 11-0032: An alarm maybe have been missed.
Jul 28 17:40:55 witherspoon kernel[981]: [    3.940000] rtc-rv8803 11-0032: rtc core: registered rx8900 as rtc0
Jul 28 17:40:55 witherspoon kernel[981]: [    3.950000] at24 11-0051: 8192 byte 24c64 EEPROM, writable, 1 bytes/write
Jul 28 17:40:55 witherspoon kernel[981]: [    3.950000] aspeed-i2c-bus 1e78a400.i2c-bus: i2c bus 11 registered, irq 32
Jul 28 17:40:55 witherspoon kernel[981]: [    3.950000] aspeed-i2c-bus 1e78a440.i2c-bus: i2c bus 12 registered, irq 33
Jul 28 17:40:55 witherspoon kernel[981]: [    3.950000] aspeed-i2c-bus 1e78a480.i2c-bus: i2c bus 13 registered, irq 34
Jul 28 17:40:55 witherspoon kernel[981]: [    3.950000] Driver for 1-wire Dallas network protocol.
Jul 28 17:40:55 witherspoon kernel[981]: [    3.950000] lm75 9-004a: hwmon0: sensor 'tmp275'
Jul 28 17:40:55 witherspoon kernel[981]: [    4.770000] ucd9000 11-0064: Device ID UCD90160|2.3.4.0000|110603
Jul 28 17:40:55 witherspoon kernel[981]: [    5.100000] leds-pca955x 3-0060: leds-pca955x: Using pca9552 16-bit LED driver at slave address 0x60
Jul 28 17:40:55 witherspoon kernel[981]: [    5.120000] leds-pca955x 11-0060: leds-pca955x: Using pca9552 16-bit LED driver at slave address 0x60
Jul 28 17:40:55 witherspoon kernel[981]: [    5.140000] leds-pca955x 11-0060: gpios 264...279
Jul 28 17:40:55 witherspoon kernel[981]: [    5.140000] usbcore: registered new interface driver usbhid
Jul 28 17:40:55 witherspoon kernel[981]: [    5.150000] usbhid: USB HID core driver
Jul 28 17:40:55 witherspoon kernel[981]: [    5.200000] NET: Registered protocol family 10
Jul 28 17:40:55 witherspoon kernel[981]: [    5.200000] Segment Routing with IPv6
Jul 28 17:40:55 witherspoon kernel[981]: [    5.210000] NET: Registered protocol family 17
Jul 28 17:40:55 witherspoon kernel[981]: [    5.210000] 8021q: 802.1Q VLAN Support v1.8
Jul 28 17:40:55 witherspoon kernel[981]: [    5.210000] console [netcon0] enabled
Jul 28 17:40:55 witherspoon kernel[981]: [    5.210000] netconsole: network logging started
Jul 28 17:40:55 witherspoon kernel[981]: [    5.230000] input: gpio-keys as /devices/platform/gpio-keys/input/input0
Jul 28 17:40:55 witherspoon kernel[981]: [    5.240000] rtc-rv8803 11-0032: setting system clock to 2017-07-28 17:40:21 UTC (1501263621)
Jul 28 17:40:55 witherspoon kernel[981]: [    5.250000] Freeing unused kernel memory: 284K
Jul 28 17:40:55 witherspoon kernel[981]: [    5.250000] This architecture does not have kernel memory protection.
Jul 28 17:40:55 witherspoon kernel[981]: [    6.670000] jffs2: notice: (526) jffs2_build_xattr_subsystem: complete building xattr subsystem, 0 of xdatum (0 unchecked, 0 orphan) and 0 of xref (0 dead, 0 orphan) found.
Jul 28 17:40:55 witherspoon kernel[981]: [    8.840000] systemd[1]: Failed to insert module 'autofs4': No such file or directory
Jul 28 17:40:55 witherspoon kernel[981]: [    9.030000] systemd[1]: systemd 232 running in system mode. (+PAM -AUDIT -SELINUX -IMA -APPARMOR -SMACK +SYSVINIT -UTMP -LIBCRYPTSETUP -GCRYPT -GNUTLS +ACL +XZ -LZ4 -SECCOMP +BLKID -ELFUTILS +KMOD -IDN)
Jul 28 17:40:55 witherspoon kernel[981]: [    9.030000] systemd[1]: Detected architecture arm.
Jul 28 17:40:55 witherspoon kernel[981]: [    9.180000] systemd[1]: Set hostname to <witherspoon>.
Jul 28 17:40:55 witherspoon kernel[981]: [   10.620000] systemd[1]: Listening on Journal Socket (/dev/log).
Jul 28 17:40:55 witherspoon kernel[981]: [   10.790000] systemd[1]: Listening on Network Service Netlink Socket.
Jul 28 17:40:55 witherspoon kernel[981]: [   10.830000] systemd[1]: Listening on /dev/initctl Compatibility Named Pipe.
Jul 28 17:40:55 witherspoon kernel[981]: [   10.880000] systemd[1]: Listening on udev Control Socket.
Jul 28 17:40:55 witherspoon kernel[981]: [   10.920000] systemd[1]: Reached target Swap.
Jul 28 17:40:55 witherspoon kernel[981]: [   10.970000] systemd[1]: Reached target Remote File Systems.
Jul 28 17:40:55 witherspoon kernel[981]: [   11.030000] systemd[1]: Listening on Syslog Socket.
Jul 28 17:40:55 witherspoon kernel[981]: [   14.070000] systemd[1]: Starting Apply Kernel Variables...
Jul 28 17:40:55 witherspoon kernel[981]: [   14.330000] systemd[1]: dev-hugepages.mount: Couldn't determine result for ConditionVirtualization=!private-users, assuming failed: No such file or directory
Jul 28 17:40:55 witherspoon kernel[981]: [   14.330000] systemd[1]: Reached target Slices.
Jul 28 17:40:55 witherspoon kernel[981]: [   14.600000] systemd[1]: Mounting Temporary Directory...
Jul 28 17:40:55 witherspoon kernel[981]: [   14.880000] systemd[1]: Created slice system-op\x2dreset\x2dchassis\x2don.slice.
Jul 28 17:40:55 witherspoon kernel[981]: [   15.170000] systemd[1]: Created slice system-mapper\x2dwait.slice.
Jul 28 17:40:55 witherspoon kernel[981]: [   15.470000] systemd[1]: Created slice system-org.openbmc.buttons.Power.slice.
Jul 28 17:40:55 witherspoon kernel[981]: [   15.780000] systemd[1]: Created slice system-org.openbmc.control.Chassis.slice.
Jul 28 17:40:55 witherspoon kernel[981]: [   16.100000] systemd[1]: Mounting Debug File System...
Jul 28 17:40:55 witherspoon kernel[981]: [   16.430000] systemd[1]: Created slice system-serial\x2dgetty.slice.
Jul 28 17:40:55 witherspoon kernel[981]: [   19.850000] systemd-journald[544]: Received request to flush runtime journal from PID 1
Jul 28 17:40:58 witherspoon avahi-daemon[984]: Found user 'avahi' (UID 999) and group 'avahi' (GID 999).
Jul 28 17:40:58 witherspoon avahi-daemon[984]: Successfully dropped root privileges.
Jul 28 17:40:58 witherspoon avahi-daemon[984]: avahi-daemon 0.6.32 starting up.
Jul 28 17:40:58 witherspoon avahi-daemon[984]: Successfully called chroot().
Jul 28 17:40:58 witherspoon avahi-daemon[984]: Successfully dropped remaining capabilities.
Jul 28 17:40:58 witherspoon avahi-daemon[984]: Loading service file /services/obmc_console.service.
Jul 28 17:40:58 witherspoon avahi-daemon[984]: Loading service file /services/phosphor_rest.service.
Jul 28 17:40:58 witherspoon avahi-daemon[984]: Loading service file /services/sftp-ssh.service.
Jul 28 17:40:58 witherspoon avahi-daemon[984]: Loading service file /services/sftp.service.
Jul 28 17:40:58 witherspoon avahi-daemon[984]: Loading service file /services/ssh.service.
Jul 28 17:40:58 witherspoon avahi-daemon[984]: Joining mDNS multicast group on interface eth0.IPv6 with address fe80::72e2:84ff:fe14:23e1.
Jul 28 17:40:58 witherspoon avahi-daemon[984]: New relevant interface eth0.IPv6 for mDNS.
Jul 28 17:40:58 witherspoon avahi-daemon[984]: Joining mDNS multicast group on interface eth0.IPv4 with address 9.3.86.161.
Jul 28 17:40:58 witherspoon avahi-daemon[984]: New relevant interface eth0.IPv4 for mDNS.
Jul 28 17:40:58 witherspoon avahi-daemon[984]: Network interface enumeration completed.
Jul 28 17:40:58 witherspoon avahi-daemon[984]: Registering new address record for fe80::72e2:84ff:fe14:23e1 on eth0.*.
Jul 28 17:40:58 witherspoon avahi-daemon[984]: Registering new address record for 9.3.86.161 on eth0.IPv4.
Jul 28 17:40:59 witherspoon avahi-daemon[984]: Server startup complete. Host name is witherspoon.local. Local service cookie is 1373559040.
Jul 28 17:40:59 witherspoon kernel[981]: [   43.340000] ftgmac100 1e660000.ethernet eth0: NCSI interface up
Jul 28 17:41:02 witherspoon avahi-daemon[984]: Service "witherspoon" (/services/ssh.service) successfully established.
Jul 28 17:41:02 witherspoon avahi-daemon[984]: Service "sftp" (/services/sftp.service) successfully established.
Jul 28 17:41:02 witherspoon avahi-daemon[984]: Service "witherspoon" (/services/sftp-ssh.service) successfully established.
Jul 28 17:41:02 witherspoon avahi-daemon[984]: Service "phosphor_rest" (/services/phosphor_rest.service) successfully established.
Jul 28 17:41:02 witherspoon avahi-daemon[984]: Service "obmc_console" (/services/obmc_console.service) successfully established.
Jul 28 17:41:07 witherspoon systemd[1]: Created slice system-dropbear.slice.
Jul 28 17:41:07 witherspoon systemd[1]: Started SSH Per-Connection Server (9.41.165.94:54058).
Jul 28 17:41:08 witherspoon dropbear[1002]: Failed loading /etc/dropbear/dropbear_dss_host_key
Jul 28 17:41:08 witherspoon dropbear[1002]: Failed loading /etc/dropbear/dropbear_ecdsa_host_key
Jul 28 17:41:08 witherspoon dropbear[1002]: Child connection from ::ffff:9.41.165.94:54058
Jul 28 17:41:11 witherspoon systemd[1]: Started Phosphor Chassis0 Control.
Jul 28 17:41:11 witherspoon chassis_control.py[948]: Running ChassisControlService
Jul 28 17:41:11 witherspoon systemd-networkd[958]: eth0: Configured
Jul 28 17:41:11 witherspoon systemd-timesyncd[904]: Network configuration changed, trying to establish connection.
Jul 28 17:41:13 witherspoon phosphor-mapper[971]: ObjectMapper startup complete.  Discovery in progress...
Jul 28 17:41:13 witherspoon dropbear[1002]: PAM password auth succeeded for 'root' from ::ffff:9.41.165.94:54058
Jul 28 17:41:13 witherspoon dropbear[1003]: lastlog_perform_login: Couldn't stat /var/log/lastlog: No such file or directory
Jul 28 17:41:13 witherspoon dropbear[1003]: lastlog_openseek: /var/log/lastlog is not a file or directory!
Jul 28 17:41:14 witherspoon download_manager.py[964]: Running Download Manager
Jul 28 17:41:14 witherspoon systemd[1]: Started Phosphor Download Manager.
Jul 28 17:41:14 witherspoon sensor_manager2.py[949]: Setting boot count to 3
Jul 28 17:41:14 witherspoon sensor_manager2.py[949]: Starting sensor manager
Jul 28 17:41:14 witherspoon systemd[1]: Started Phosphor Sensor Manager.
Jul 28 17:41:14 witherspoon avahi-daemon[1000]: ../../avahi-0.6.32/avahi-daemon/chroot.c: open() failed: No such file or directory
Jul 28 17:41:14 witherspoon avahi-daemon[984]: Failed to open /usr/share/dbus-1/interfaces/org.freedesktop.Avahi.Server.xml: Invalid argument
Jul 28 17:41:14 witherspoon avahi-daemon[984]: Failed to load introspection data.
Jul 28 17:41:15 witherspoon systemd[1]: Started Phosphor User Manager.
Jul 28 17:41:15 witherspoon obmc-phosphor-userd[950]: Started
Jul 28 17:41:18 witherspoon netman.py[962]: Started
Jul 28 17:41:18 witherspoon systemd[1]: Started Phosphor Network Manager.
Jul 28 17:41:23 witherspoon inventory_items.py[978]: Loading from cache: /var/cache/obmc/org.openbmc.inventory.system.chassis.motherboard.apss@org.openbmc.InventoryItem.props
Jul 28 17:41:23 witherspoon inventory_items.py[978]: Loading from cache: /var/cache/obmc/org.openbmc.inventory.system.chassis.motherboard@org.openbmc.InventoryItem.props
Jul 28 17:41:23 witherspoon inventory_items.py[978]: Loading from cache: /var/cache/obmc/org.openbmc.inventory.system.chassis.motherboard.refclock@org.openbmc.InventoryItem.props
Jul 28 17:41:23 witherspoon inventory_items.py[978]: Loading from cache: /var/cache/obmc/org.openbmc.inventory.system.chassis.motherboard.cpu1.core7@org.openbmc.InventoryItem.props
Jul 28 17:41:23 witherspoon inventory_items.py[978]: Loading from cache: /var/cache/obmc/org.openbmc.inventory.system.chassis.motherboard.cpu1.core4@org.openbmc.InventoryItem.props
Jul 28 17:41:23 witherspoon inventory_items.py[978]: Loading from cache: /var/cache/obmc/org.openbmc.inventory.system.chassis.motherboard.cpu1.core1@org.openbmc.InventoryItem.props
Jul 28 17:41:23 witherspoon inventory_items.py[978]: Loading from cache: /var/cache/obmc/org.openbmc.inventory.system.chassis.motherboard.cpu1.core10@org.openbmc.InventoryItem.props
Jul 28 17:41:23 witherspoon inventory_items.py[978]: Loading from cache: /var/cache/obmc/org.openbmc.inventory.system.chassis.motherboard.todclock@org.openbmc.InventoryItem.props
Jul 28 17:41:23 witherspoon inventory_items.py[978]: Loading from cache: /var/cache/obmc/org.openbmc.inventory.system.chassis.motherboard.cpu1@org.openbmc.InventoryItem.props
Jul 28 17:41:23 witherspoon inventory_items.py[978]: Loading from cache: /var/cache/obmc/org.openbmc.inventory.system.chassis.motherboard.bmc@org.openbmc.InventoryItem.props
Jul 28 17:41:23 witherspoon inventory_items.py[978]: Caching: /org/openbmc/inventory/system/chassis/motherboard/bmc
Jul 28 17:41:23 witherspoon inventory_items.py[978]: Loading from cache: /var/cache/obmc/org.openbmc.inventory.system.chassis.motherboard.cpu0.core1@org.openbmc.InventoryItem.props
Jul 28 17:41:23 witherspoon inventory_items.py[978]: Loading from cache: /var/cache/obmc/org.openbmc.inventory.system.chassis.motherboard.cpu0.core7@org.openbmc.InventoryItem.props
Jul 28 17:41:23 witherspoon inventory_items.py[978]: Loading from cache: /var/cache/obmc/org.openbmc.inventory.system.chassis.motherboard.cpu0.core4@org.openbmc.InventoryItem.props
Jul 28 17:41:24 witherspoon phosphor-mapper[971]: ObjectMapper discovery complete
Jul 28 17:41:24 witherspoon systemd[1]: Started Phosphor DBus Service Discovery Manager.
Jul 28 17:41:24 witherspoon systemd[1]: Started Phosphor Hwmon Poller.
Jul 28 17:41:24 witherspoon systemd[1]: Started Phosphor Hwmon Poller.
Jul 28 17:41:24 witherspoon systemd[1]: Started Phosphor Hwmon Poller.
Jul 28 17:41:24 witherspoon systemd[1]: Started Phosphor Hwmon Poller.
Jul 28 17:41:24 witherspoon systemd[1]: Started Phosphor Hwmon Poller.
Jul 28 17:41:24 witherspoon systemd[1]: Started Phosphor Hwmon Poller.
Jul 28 17:41:24 witherspoon systemd[1]: Reached target Phosphor Object Mapper.
Jul 28 17:41:24 witherspoon systemd[1]: Starting Wait for /xyz/openbmc_project/control/host0...
Jul 28 17:41:24 witherspoon systemd[1]: Starting Phosphor Network Manager...
Jul 28 17:41:24 witherspoon systemd[1]: Starting Wait for /org/openbmc/control/power0...
Jul 28 17:41:24 witherspoon systemd[1]: Starting Phoshpor System Manager...
Jul 28 17:41:24 witherspoon systemd[1]: Reached target Webserver (pre).
Jul 28 17:41:24 witherspoon systemd[1]: Started Phosphor Webserver.
Jul 28 17:41:24 witherspoon systemd[1]: Starting Wait for /org/openbmc/managers/Download...
Jul 28 17:41:24 witherspoon systemd[1]: Started Phosphor DBus Monitor.
Jul 28 17:41:24 witherspoon systemd[1]: Starting Wait for /org/openbmc/control/bmc0...
Jul 28 17:41:24 witherspoon systemd[1]: Starting Wait for /org/openbmc/control/flash/bios...
Jul 28 17:41:24 witherspoon systemd[1]: Starting Wait for /org/openbmc/NetworkManager/Interface...
Jul 28 17:41:24 witherspoon systemd[1]: Starting Wait for /xyz/openbmc_project/led/groups/bmc_booted...
Jul 28 17:41:24 witherspoon systemd[1]: Starting Phosphor Settings Manager...
Jul 28 17:41:24 witherspoon systemd[1]: Starting Wait for /org/openbmc/managers/System...
Jul 28 17:41:24 witherspoon systemd[1]: Starting Wait for /xyz/openbmc_project/inventory...
Jul 28 17:41:24 witherspoon systemd[1]: Starting Wait for /xyz/openbmc_project/led/groups...
Jul 28 17:41:25 witherspoon systemd[1]: Starting Wait for /xyz/openbmc_project/state/chassis0...
Jul 28 17:41:25 witherspoon systemd[1]: Starting Wait for /xyz/openbmc_project/state/host0...
Jul 28 17:41:26 witherspoon inventory_items.py[978]: Loading from cache: /var/cache/obmc/org.openbmc.inventory.system.chassis.motherboard.pcieclock@org.openbmc.InventoryItem.props
Jul 28 17:41:26 witherspoon inventory_items.py[978]: Loading from cache: /var/cache/obmc/org.openbmc.inventory.system.chassis.motherboard.cpu0.core10@org.openbmc.InventoryItem.props
Jul 28 17:41:27 witherspoon inventory_items.py[978]: Running Inventory Manager
Jul 28 17:41:26 witherspoon systemd[1]: Started Phosphor Inventory Manager.
Jul 28 17:41:27 witherspoon phosphor-network-manager[1016]: ConfigParser: Section not found
Jul 28 17:41:27 witherspoon phosphor-network-manager[1016]: The operation failed internally.
Jul 28 17:41:27 witherspoon phosphor-network-manager[1016]: ConfigParser: Section not found
Jul 28 17:41:27 witherspoon phosphor-network-manager[1016]: The operation failed internally.
Jul 28 17:41:27 witherspoon phosphor-network-manager[1016]: ConfigParser: Key not found
Jul 28 17:41:27 witherspoon phosphor-network-manager[1016]: The operation failed internally.
Jul 28 17:41:28 witherspoon systemd[1]: Started Wait for /org/openbmc/managers/Download.
Jul 28 17:41:28 witherspoon systemd[1]: Starting Phosphor BIOS Code Update...
Jul 28 17:41:28 witherspoon systemd[1]: Started Wait for /org/openbmc/control/bmc0.
Jul 28 17:41:28 witherspoon systemd[1]: Starting Phosphor BMC Code Update...
Jul 28 17:41:28 witherspoon systemd[1]: Started Wait for /org/openbmc/NetworkManager/Interface.
Jul 28 17:41:28 witherspoon systemd[1]: Started Phosphor DNS Settings Cache Manager.
Jul 28 17:41:28 witherspoon systemd[1]: Started Wait for /xyz/openbmc_project/led/groups/bmc_booted.
Jul 28 17:41:28 witherspoon systemd[1]: Starting Assert bmc_booted LED...
Jul 28 17:41:28 witherspoon systemd[1]: Started Wait for /xyz/openbmc_project/inventory.
Jul 28 17:41:28 witherspoon systemd[1]: Started Phosphor Cooling Type.
Jul 28 17:41:28 witherspoon systemd[1]: Starting Read OpenPOWER-format VPD from EEPROM...
Jul 28 17:41:28 witherspoon systemd[1]: Starting OpenPOWER OCC controller...
Jul 28 17:41:28 witherspoon systemd[1]: Started Wait for /xyz/openbmc_project/led/groups.
Jul 28 17:41:28 witherspoon systemd[1]: Started FRU Fault monitor service.
Jul 28 17:41:28 witherspoon phosphor-log-manager[980]: Failed to find metadata
Jul 28 17:41:30 witherspoon systemd[1]: Started Phosphor BIOS Code Update.
Jul 28 17:41:35 witherspoon dbus[956]: [system] Activating via systemd: service name='org.freedesktop.hostname1' unit='dbus-org.freedesktop.hostname1.service'
Jul 28 17:41:35 witherspoon systemd[1]: Starting Hostname Service...
Jul 28 17:41:36 witherspoon systemd[1]: Started OpenPOWER OCC controller.
Jul 28 17:41:36 witherspoon dbus[956]: [system] Successfully activated service 'org.freedesktop.hostname1'
Jul 28 17:41:36 witherspoon systemd[1]: Started Hostname Service.
Jul 28 17:41:36 witherspoon systemd[1]: Started Phosphor Network Manager.
Jul 28 17:41:39 witherspoon systemd[1]: Started Assert bmc_booted LED.
Jul 28 17:41:41 witherspoon system_manager.py[1018]: Running System State: BASE_APPS
Jul 28 17:41:41 witherspoon settings_manager.py[1026]: Running HostSettingsService
Jul 28 17:41:41 witherspoon systemd[1]: Started Phosphor Settings Manager.
Jul 28 17:41:41 witherspoon systemd[1]: Starting Wait for /org/openbmc/settings/host0...
Jul 28 17:41:41 witherspoon system_manager.py[1018]: SystemManager Init Done
Jul 28 17:41:41 witherspoon system_manager.py[1018]: Running SystemManager
Jul 28 17:41:41 witherspoon systemd[1]: Started Phoshpor System Manager.
Jul 28 17:41:43 witherspoon systemd[1]: Started Read OpenPOWER-format VPD from EEPROM.
Jul 28 17:41:43 witherspoon system_manager.py[1018]: SystemManager Goto System State: BMC_STARTING
Jul 28 17:41:43 witherspoon system_manager.py[1018]: Running System State: BMC_STARTING
Jul 28 17:41:43 witherspoon bmc_update.py[1034]: Running Bmc Flash Control
Jul 28 17:41:43 witherspoon systemd[1]: Started Phosphor BMC Code Update.
Jul 28 17:41:48 witherspoon systemd[1]: Started Wait for /org/openbmc/control/flash/bios.
Jul 28 17:41:48 witherspoon systemd[1]: Started Initialize BIOS Flash.
Jul 28 17:41:50 witherspoon systemd[1]: Started Wait for /org/openbmc/settings/host0.
Jul 28 17:41:50 witherspoon systemd[1]: Started Phosphor Inband IPMI.
Jul 28 17:41:50 witherspoon systemd[1]: Started Wait for /org/openbmc/managers/System.
Jul 28 17:41:50 witherspoon systemd[1]: Starting Phosphor Reset Button0...
Jul 28 17:41:50 witherspoon systemd[1]: Starting Phosphor BMC State Manager...
Jul 28 17:41:50 witherspoon systemd[1]: Starting Phosphor Power0 Control...
Jul 28 17:41:51 witherspoon systemd[1]: Starting Phosphor Host State Manager...
Jul 28 17:41:51 witherspoon systemd[1]: Starting Phosphor Power Button0...
Jul 28 17:41:51 witherspoon systemd[1]: Starting Phosphor Chassis State Manager...
Jul 28 17:41:51 witherspoon phosphor-bmc-state-manager[1068]: Setting the BMCState field
Jul 28 17:41:51 witherspoon phosphor-bmc-state-manager[1068]: Setting the BMCState field
Jul 28 17:41:51 witherspoon systemd[1]: Started Phosphor BMC State Manager.
Jul 28 17:41:52 witherspoon phosphor-chassis-state-manager[1076]: Initial Chassis State will be Off
Jul 28 17:41:52 witherspoon systemd[1]: Started Phosphor Chassis State Manager.
Jul 28 17:41:52 witherspoon flash_bios.exe[1032]: Starting flasher: bios,,/org/openbmc/control/flash/bios,
Jul 28 17:41:52 witherspoon flash_bios.exe[1032]: flasher: , BMC = 1, address = 0x0
Jul 28 17:41:52 witherspoon flash_bios.exe[1032]: Setting up flash
Jul 28 17:41:53 witherspoon button_power.exe[1075]: GPIO Lookup:  POWER_BUTTON = 347,both
Jul 28 17:41:53 witherspoon systemd[1]: Started Phosphor Power Button0.
Jul 28 17:41:53 witherspoon system_manager.py[1018]: New object: /org/openbmc/control/power0 (:1.76)
Jul 28 17:41:53 witherspoon system_manager.py[1018]: Power GPIO config: ['SYS_PWROK_BUFF', '', [('SOFTWARE_PGOOD', True), ('BMC_POWER_UP', True)], [('BMC_CP0_RESET_N', False)], [], 'FSI_DATA', 'FSI_CLK', 'FSI_ENABLE', 'CRONUS_SEL', []]
Jul 28 17:41:53 witherspoon power_control.exe[1069]: Power GPIO latch output:
Jul 28 17:41:53 witherspoon power_control.exe[1069]: Power GPIO power good input: SYS_PWROK_BUFF
Jul 28 17:41:53 witherspoon power_control.exe[1069]: Power GPIO 2 power_up outputs
Jul 28 17:41:53 witherspoon power_control.exe[1069]: Power GPIO power_up[0] = SOFTWARE_PGOOD active HIGH
Jul 28 17:41:54 witherspoon power_control.exe[1069]: Power GPIO power_up[1] = BMC_POWER_UP active HIGH
Jul 28 17:41:54 witherspoon power_control.exe[1069]: Power GPIO 1 reset outputs
Jul 28 17:41:54 witherspoon power_control.exe[1069]: Power GPIO reset[0] = BMC_CP0_RESET_N active LOW
Jul 28 17:41:54 witherspoon power_control.exe[1069]: Power GPIO 0 pci reset outputs
Jul 28 17:41:54 witherspoon power_control.exe[1069]: FSI DATA GPIO: FSI_DATA
Jul 28 17:41:54 witherspoon power_control.exe[1069]: FSI CLK GPIO: FSI_CLK
Jul 28 17:41:54 witherspoon power_control.exe[1069]: FSI ENABLE GPIO: FSI_ENABLE
Jul 28 17:41:54 witherspoon power_control.exe[1069]: CRONUS SEL GPIO: CRONUS_SEL
Jul 28 17:41:54 witherspoon power_control.exe[1069]: Hostctl GPIO optionals: 0
Jul 28 17:41:54 witherspoon power_control.exe[1069]: GPIO Lookup:  SYS_PWROK_BUFF = 306,in
Jul 28 17:41:54 witherspoon power_control.exe[1069]: GPIO Lookup:  SOFTWARE_PGOOD = 417,out
Jul 28 17:41:54 witherspoon power_control.exe[1069]: GPIO Lookup:  BMC_POWER_UP = 305,out
Jul 28 17:41:54 witherspoon flash_bios.exe[1032]: Starting flasher: bios,,/org/openbmc/control/flash/bios,
Jul 28 17:41:54 witherspoon flash_bios.exe[1032]: flasher: , BMC = 1, address = 0x0
Jul 28 17:41:54 witherspoon flash_bios.exe[1032]: Setting up flash
Jul 28 17:41:54 witherspoon power_control.exe[1069]: GPIO Lookup:  BMC_CP0_RESET_N = 281,out
Jul 28 17:41:54 witherspoon power_control.exe[1069]: Pgood state: 0
Jul 28 17:41:54 witherspoon systemd[1]: Started Phosphor Power0 Control.
Jul 28 17:41:55 witherspoon button_reset.exe[1067]: GPIO Lookup:  RESET_BUTTON = 353,both
Jul 28 17:41:55 witherspoon systemd[1]: Started Phosphor Reset Button0.
Jul 28 17:41:56 witherspoon phosphor-host-state-manager[1074]: Initial Host State will be Off
Jul 28 17:41:56 witherspoon systemd[1]: Started Wait for /xyz/openbmc_project/state/chassis0.
Jul 28 17:41:57 witherspoon systemd[1]: Started Wait for /org/openbmc/control/power0.
Jul 28 17:41:57 witherspoon systemd[1]: Starting Phosphor Time Manager daemon...
Jul 28 17:41:57 witherspoon systemd[1]: Starting Check Chassis0 pgood and create a file to indicate it...
Jul 28 17:41:57 witherspoon system_manager.py[1018]: SystemManager Goto System State: BMC_READY
Jul 28 17:41:57 witherspoon system_manager.py[1018]: Running System State: BMC_READY
Jul 28 17:41:57 witherspoon timemanager[1100]: Registering dbus methods
Jul 28 17:41:57 witherspoon systemd[1]: Started Phosphor Host State Manager.
Jul 28 17:41:57 witherspoon timemanager[1100]: Last known time_mode: NTP
Jul 28 17:41:57 witherspoon timemanager[1100]: Last known time_owner: BMC
Jul 28 17:41:57 witherspoon timemanager[1100]: Empty DhcpNtp string
Jul 28 17:41:57 witherspoon timemanager[1100]: Reading Power Control key: pgood
Jul 28 17:41:58 witherspoon timemanager[1100]: Changing settings *allowed* now
Jul 28 17:41:58 witherspoon timemanager[1100]: Getting System Settings: time_mode
Jul 28 17:41:58 witherspoon timemanager[1100]: Requested_Mode: NTP Current_Mode: NTP
Jul 28 17:41:58 witherspoon timemanager[1100]: Mode is already set to : NTP
Jul 28 17:41:58 witherspoon timemanager[1100]: Getting System Settings: time_owner
Jul 28 17:41:59 witherspoon timemanager[1100]: Owner is already set to : BMC
Jul 28 17:41:59 witherspoon timemanager[1100]: Getting System Settings: use_dhcp_ntp
Jul 28 17:41:59 witherspoon systemd[1]: Started Wait for /xyz/openbmc_project/control/host0.
Jul 28 17:41:59 witherspoon timemanager[1100]: use_dhcp_ntp = yes
Jul 28 17:41:59 witherspoon timemanager[1100]: Last known host_offset:0
Jul 28 17:41:59 witherspoon timemanager[1100]: Initial Uptime Usec: 1501263616250419
Jul 28 17:41:59 witherspoon systemd[1]: Started Phosphor Time Manager daemon.
Jul 28 17:42:00 witherspoon systemd[1]: Started Check Chassis0 pgood and create a file to indicate it.
Jul 28 17:42:00 witherspoon systemd[1]: Reached target Chassis0 power on after reset.
Jul 28 17:42:00 witherspoon systemd[1]: Reached target Host0 running after reset.
Jul 28 17:42:00 witherspoon systemd[1]: Reached target Host0 (Reset Check).
Jul 28 17:42:00 witherspoon systemd[1]: Reached target Chassis0 (Reset Check).
Jul 28 17:42:00 witherspoon systemd[1]: Started Wait for /xyz/openbmc_project/state/host0.
Jul 28 17:42:00 witherspoon systemd[1]: Starting Reboot If Enabled...
Jul 28 17:42:01 witherspoon phosphor-discover-system-state[1113]: Host power is off, checking power policy
Jul 28 17:42:01 witherspoon systemd[1]: Started Reboot If Enabled.
Jul 28 17:42:01 witherspoon systemd[1]: Reached target Phosphor System - Standby.
Jul 28 17:42:01 witherspoon systemd[1]: Startup finished in 8.701s (kernel) + 1min 36.663s (userspace) = 1min 45.365s.
Jul 28 17:42:01 witherspoon phosphor-bmc-state-manager[1068]: BMC_READY
Jul 28 17:42:01 witherspoon phosphor-bmc-state-manager[1068]: Setting the BMCState field
Jul 28 17:42:09 witherspoon phosphor-gevent[1019]: Traceback (most recent call last):
Jul 28 17:42:10 witherspoon phosphor-gevent[1019]:   File "/usr/lib/python2.7/site-packages/gevent/greenlet.py", line 327, in run
Jul 28 17:42:10 witherspoon phosphor-gevent[1019]:     result = self._run(*self.args, **self.kwargs)
Jul 28 17:42:10 witherspoon phosphor-gevent[1019]:   File "/usr/lib/python2.7/site-packages/gevent/server.py", line 102, in wrap_socket_and_handle
Jul 28 17:42:10 witherspoon phosphor-gevent[1019]:     ssl_socket = self.wrap_socket(client_socket, **self.ssl_args)
Jul 28 17:42:10 witherspoon phosphor-gevent[1019]:   File "/usr/lib/python2.7/site-packages/gevent/ssl.py", line 404, in wrap_socket
Jul 28 17:42:10 witherspoon phosphor-gevent[1019]:     ciphers=ciphers)
Jul 28 17:42:10 witherspoon phosphor-gevent[1019]:   File "/usr/lib/python2.7/site-packages/gevent/ssl.py", line 113, in __init__
Jul 28 17:42:10 witherspoon phosphor-gevent[1019]:     self.do_handshake()
Jul 28 17:42:10 witherspoon phosphor-gevent[1019]:   File "/usr/lib/python2.7/site-packages/gevent/ssl.py", line 324, in do_handshake
Jul 28 17:42:10 witherspoon phosphor-gevent[1019]:     return self._sslobj.do_handshake()
Jul 28 17:42:10 witherspoon phosphor-gevent[1019]: SSLEOFError: EOF occurred in violation of protocol (_ssl.c:590)
Jul 28 17:42:10 witherspoon phosphor-gevent[1019]: <Greenlet at 0x75fee3f0: <bound method WSGIServer.wrap_socket_and_handle of <WSGIServer at 0x75fc4b50 fileno=5 address=('::3482:ed76:b05d:6376%1986223520', 443, 0, 1986223520)>>(<socket at 0x75e9b830 fileno=9>, ('::8069:6176:8e91:f402%1995205404', 41532, 0, 199)> failed with SSLEOFError
Jul 28 17:42:10 witherspoon phosphor-gevent[1019]: Traceback (most recent call last):
Jul 28 17:42:10 witherspoon phosphor-gevent[1019]:   File "/usr/lib/python2.7/site-packages/gevent/greenlet.py", line 327, in run
Jul 28 17:42:10 witherspoon phosphor-gevent[1019]:     result = self._run(*self.args, **self.kwargs)
Jul 28 17:42:10 witherspoon phosphor-gevent[1019]:   File "/usr/lib/python2.7/site-packages/gevent/server.py", line 102, in wrap_socket_and_handle
Jul 28 17:42:10 witherspoon phosphor-gevent[1019]:     ssl_socket = self.wrap_socket(client_socket, **self.ssl_args)
Jul 28 17:42:10 witherspoon phosphor-gevent[1019]:   File "/usr/lib/python2.7/site-packages/gevent/ssl.py", line 404, in wrap_socket
Jul 28 17:42:10 witherspoon phosphor-gevent[1019]:     ciphers=ciphers)
Jul 28 17:42:10 witherspoon phosphor-gevent[1019]:   File "/usr/lib/python2.7/site-packages/gevent/ssl.py", line 113, in __init__
Jul 28 17:42:10 witherspoon phosphor-gevent[1019]:     self.do_handshake()
Jul 28 17:42:10 witherspoon phosphor-gevent[1019]:   File "/usr/lib/python2.7/site-packages/gevent/ssl.py", line 324, in do_handshake
Jul 28 17:42:10 witherspoon phosphor-gevent[1019]:     return self._sslobj.do_handshake()
Jul 28 17:42:10 witherspoon phosphor-gevent[1019]: SSLEOFError: EOF occurred in violation of protocol (_ssl.c:590)
Jul 28 17:42:10 witherspoon phosphor-gevent[1019]: <Greenlet at 0x75fee6c0: <bound method WSGIServer.wrap_socket_and_handle of <WSGIServer at 0x75fc4b50 fileno=5 address=('::3482:ed76:b05d:6376%1986223520', 443, 0, 1986223520)>>(<socket at 0x75e9b7d0 fileno=10>, ('::8069:6176:8e91:f402%1995205404', 41542, 0, 199)> failed with SSLEOFError
Jul 28 17:42:10 witherspoon phosphor-gevent[1019]: Traceback (most recent call last):
Jul 28 17:42:10 witherspoon phosphor-gevent[1019]:   File "/usr/lib/python2.7/site-packages/gevent/greenlet.py", line 327, in run
Jul 28 17:42:10 witherspoon phosphor-gevent[1019]:     result = self._run(*self.args, **self.kwargs)
Jul 28 17:42:10 witherspoon phosphor-gevent[1019]:   File "/usr/lib/python2.7/site-packages/gevent/server.py", line 102, in wrap_socket_and_handle
Jul 28 17:42:10 witherspoon phosphor-gevent[1019]:     ssl_socket = self.wrap_socket(client_socket, **self.ssl_args)
Jul 28 17:42:10 witherspoon phosphor-gevent[1019]:   File "/usr/lib/python2.7/site-packages/gevent/ssl.py", line 404, in wrap_socket
Jul 28 17:42:10 witherspoon phosphor-gevent[1019]:     ciphers=ciphers)
Jul 28 17:42:10 witherspoon phosphor-gevent[1019]:   File "/usr/lib/python2.7/site-packages/gevent/ssl.py", line 113, in __init__
Jul 28 17:42:10 witherspoon phosphor-gevent[1019]:     self.do_handshake()
Jul 28 17:42:10 witherspoon phosphor-gevent[1019]:   File "/usr/lib/python2.7/site-packages/gevent/ssl.py", line 324, in do_handshake
Jul 28 17:42:10 witherspoon phosphor-gevent[1019]:     return self._sslobj.do_handshake()
Jul 28 17:42:10 witherspoon phosphor-gevent[1019]: SSLEOFError: EOF occurred in violation of protocol (_ssl.c:590)
Jul 28 17:42:10 witherspoon phosphor-gevent[1019]: <Greenlet at 0x75fee3a0: <bound method WSGIServer.wrap_socket_and_handle of <WSGIServer at 0x75fc4b50 fileno=5 address=('::3482:ed76:b05d:6376%1986223520', 443, 0, 1986223520)>>(<socket at 0x75e9b870 fileno=11>, ('::8069:6176:8e91:f402%1995205404', 41554, 0, 199)> failed with SSLEOFError
Jul 28 17:42:26 witherspoon phosphor-gevent[1019]: ::8069:6176:8e91:f402%1995205404 - - [2017-07-28 17:42:26] "POST /login HTTP/1.1" 200 320 0.045392
Jul 28 17:42:26 witherspoon phosphor-gevent[1019]: ::8069:6176:8e91:f402%1995205404 - - [2017-07-28 17:42:26] "GET /xyz/openbmc_project/state/chassis0//attr/CurrentPowerState HTTP/1.1" 200 216 0.060997
Jul 28 17:42:26 witherspoon phosphor-gevent[1019]: ::8069:6176:8e91:f402%1995205404 - - [2017-07-28 17:42:26] "POST /login HTTP/1.1" 200 320 0.035624
Jul 28 17:42:26 witherspoon phosphor-gevent[1019]: ::8069:6176:8e91:f402%1995205404 - - [2017-07-28 17:42:26] "GET /xyz/openbmc_project/state/chassis0//attr/CurrentPowerState HTTP/1.1" 200 216 0.067536
Jul 28 17:42:26 witherspoon phosphor-gevent[1019]: ::8069:6176:8e91:f402%1995205404 - - [2017-07-28 17:42:26] "POST /login HTTP/1.1" 200 320 0.048060
Jul 28 17:42:26 witherspoon phosphor-gevent[1019]: ::8069:6176:8e91:f402%1995205404 - - [2017-07-28 17:42:26] "GET /org/openbmc/sensors/host/BootProgress/attr/value HTTP/1.1" 200 170 0.055008
Jul 28 17:42:27 witherspoon phosphor-gevent[1019]: ::8069:6176:8e91:f402%1995205404 - - [2017-07-28 17:42:27] "POST /login HTTP/1.1" 200 320 0.045644
Jul 28 17:42:27 witherspoon phosphor-gevent[1019]: ::8069:6176:8e91:f402%1995205404 - - [2017-07-28 17:42:27] "GET /xyz/openbmc_project/state/host0//attr/CurrentHostState HTTP/1.1" 200 212 0.050031
Jul 28 17:42:27 witherspoon phosphor-gevent[1019]: ::8069:6176:8e91:f402%1995205404 - - [2017-07-28 17:42:27] "POST /login HTTP/1.1" 200 320 0.033815
Jul 28 17:42:27 witherspoon phosphor-gevent[1019]: ::8069:6176:8e91:f402%1995205404 - - [2017-07-28 17:42:27] "GET /xyz/openbmc_project/logging/entry//list HTTP/1.1" 200 214 0.047056
Jul 28 17:42:27 witherspoon phosphor-gevent[1019]: ::8069:6176:8e91:f402%1995205404 - - [2017-07-28 17:42:27] "POST /login HTTP/1.1" 200 320 0.033101
Jul 28 17:42:27 witherspoon phosphor-gevent[1019]: ::8069:6176:8e91:f402%1995205404 - - [2017-07-28 17:42:27] "GET /xyz/openbmc_project/logging/entry//list HTTP/1.1" 200 214 0.038944
Jul 28 17:42:28 witherspoon phosphor-gevent[1019]: ::8069:6176:8e91:f402%1995205404 - - [2017-07-28 17:42:28] "POST /login HTTP/1.1" 200 320 0.033312
Jul 28 17:42:28 witherspoon phosphor-gevent[1019]: ::8069:6176:8e91:f402%1995205404 - - [2017-07-28 17:42:28] "DELETE /xyz/openbmc_project/logging/entry/1 HTTP/1.1" 200 169 0.080046
Jul 28 17:42:28 witherspoon systemd[1]: Started SSH Per-Connection Server (9.41.165.94:54148).
Jul 28 17:42:28 witherspoon dropbear[1121]: Failed loading /etc/dropbear/dropbear_dss_host_key
Jul 28 17:42:28 witherspoon dropbear[1121]: Failed loading /etc/dropbear/dropbear_ecdsa_host_key
Jul 28 17:42:28 witherspoon dropbear[1121]: Child connection from ::ffff:9.41.165.94:54148
Jul 28 17:42:28 witherspoon dropbear[1121]: PAM password auth succeeded for 'root' from ::ffff:9.41.165.94:54148
Jul 28 17:42:28 witherspoon dropbear[1122]: lastlog_perform_login: Couldn't stat /var/log/lastlog: No such file or directory
Jul 28 17:42:28 witherspoon dropbear[1122]: lastlog_openseek: /var/log/lastlog is not a file or directory!
Jul 28 17:42:30 witherspoon phosphor-gevent[1019]: ::8069:6176:8e91:f402%1995205404 - - [2017-07-28 17:42:30] "POST /login HTTP/1.1" 200 320 0.042912
Jul 28 17:42:30 witherspoon phosphor-gevent[1019]: ::8069:6176:8e91:f402%1995205404 - - [2017-07-28 17:42:30] "GET /xyz/openbmc_project/state/host0//attr/CurrentHostState HTTP/1.1" 200 212 0.049815
Jul 28 17:42:30 witherspoon dropbear[1002]: Exit (root): Exited normally
Jul 28 17:42:30 witherspoon dropbear[1121]: Exit (root): Exited normally
Jul 28 17:42:33 witherspoon systemd[1]: Started SSH Per-Connection Server (9.41.165.94:54160).
Jul 28 17:42:33 witherspoon dropbear[1133]: Failed loading /etc/dropbear/dropbear_dss_host_key
Jul 28 17:42:33 witherspoon dropbear[1133]: Failed loading /etc/dropbear/dropbear_ecdsa_host_key
Jul 28 17:42:33 witherspoon dropbear[1133]: Child connection from ::ffff:9.41.165.94:54160
Jul 28 17:42:33 witherspoon dropbear[1133]: PAM password auth succeeded for 'root' from ::ffff:9.41.165.94:54160
Jul 28 17:42:33 witherspoon dropbear[1134]: lastlog_perform_login: Couldn't stat /var/log/lastlog: No such file or directory
Jul 28 17:42:33 witherspoon dropbear[1134]: lastlog_openseek: /var/log/lastlog is not a file or directory!
Jul 28 17:42:34 witherspoon phosphor-gevent[1019]: ::8069:6176:8e91:f402%1995205404 - - [2017-07-28 17:42:34] "POST /login HTTP/1.1" 200 320 0.033187
Jul 28 17:42:34 witherspoon phosphor-gevent[1019]: ::8069:6176:8e91:f402%1995205404 - - [2017-07-28 17:42:34] "PUT /org/openbmc/settings/host0/attr/power_policy HTTP/1.1" 200 169 0.177675
Jul 28 17:42:34 witherspoon phosphor-gevent[1019]: ::8069:6176:8e91:f402%1995205404 - - [2017-07-28 17:42:34] "POST /login HTTP/1.1" 200 320 0.033766
Jul 28 17:42:34 witherspoon phosphor-gevent[1019]: ::8069:6176:8e91:f402%1995205404 - - [2017-07-28 17:42:34] "GET /org/openbmc/settings/host0/attr/power_policy HTTP/1.1" 200 185 0.070699
Jul 28 17:42:35 witherspoon phosphor-gevent[1019]: ::8069:6176:8e91:f402%1995205404 - - [2017-07-28 17:42:35] "POST /login HTTP/1.1" 200 320 0.033383
Jul 28 17:42:35 witherspoon phosphor-gevent[1019]: ::8069:6176:8e91:f402%1995205404 - - [2017-07-28 17:42:35] "GET /xyz/openbmc_project/state/chassis0//attr/CurrentPowerState HTTP/1.1" 200 216 0.071451
Jul 28 17:42:35 witherspoon phosphor-gevent[1019]: ::8069:6176:8e91:f402%1995205404 - - [2017-07-28 17:42:35] "POST /login HTTP/1.1" 200 320 0.033716
Jul 28 17:42:35 witherspoon phosphor-gevent[1019]: ::8069:6176:8e91:f402%1995205404 - - [2017-07-28 17:42:35] "GET /xyz/openbmc_project/state/bmc0//attr/CurrentBMCState HTTP/1.1" 200 212 0.049676
Jul 28 17:42:35 witherspoon phosphor-gevent[1019]: ::8069:6176:8e91:f402%1995205404 - - [2017-07-28 17:42:35] "POST /login HTTP/1.1" 200 320 0.033100
Jul 28 17:42:35 witherspoon phosphor-gevent[1019]: ::8069:6176:8e91:f402%1995205404 - - [2017-07-28 17:42:35] "GET /org/openbmc/sensors/host/BootProgress/attr/value HTTP/1.1" 200 170 0.054039
Jul 28 17:42:36 witherspoon phosphor-gevent[1019]: ::8069:6176:8e91:f402%1995205404 - - [2017-07-28 17:42:36] "POST /login HTTP/1.1" 200 320 0.046452
Jul 28 17:42:36 witherspoon phosphor-gevent[1019]: ::8069:6176:8e91:f402%1995205404 - - [2017-07-28 17:42:36] "GET /xyz/openbmc_project/state/host0//attr/CurrentHostState HTTP/1.1" 200 212 0.054123
Jul 28 17:42:36 witherspoon phosphor-gevent[1019]: ::8069:6176:8e91:f402%1995205404 - - [2017-07-28 17:42:36] "POST /login HTTP/1.1" 200 320 0.056464
Jul 28 17:42:36 witherspoon phosphor-gevent[1019]: ::8069:6176:8e91:f402%1995205404 - - [2017-07-28 17:42:36] "GET /xyz/openbmc_project/logging/entry//list HTTP/1.1" 404 311 0.031073
Jul 28 17:42:36 witherspoon systemd[1]: Started SSH Per-Connection Server (9.41.165.94:54176).
Jul 28 17:42:36 witherspoon dropbear[1140]: Failed loading /etc/dropbear/dropbear_dss_host_key
Jul 28 17:42:36 witherspoon dropbear[1140]: Failed loading /etc/dropbear/dropbear_ecdsa_host_key
Jul 28 17:42:36 witherspoon dropbear[1140]: Child connection from ::ffff:9.41.165.94:54176
Jul 28 17:42:37 witherspoon dropbear[1140]: PAM password auth succeeded for 'root' from ::ffff:9.41.165.94:54176
Jul 28 17:42:56 witherspoon phosphor-gevent[1019]: ::8069:6176:8e91:f402%1995205404 - - [2017-07-28 17:42:56] "POST /login HTTP/1.1" 200 320 0.033818
Jul 28 17:42:57 witherspoon phosphor-gevent[1019]: ::8069:6176:8e91:f402%1995205404 - - [2017-07-28 17:42:57] "GET /xyz/openbmc_project/state/host0//attr/CurrentHostState HTTP/1.1" 200 212 0.050568
Jul 28 17:43:02 witherspoon phosphor-gevent[1019]: ::8069:6176:8e91:f402%1995205404 - - [2017-07-28 17:43:02] "POST /login HTTP/1.1" 200 320 0.041565
Jul 28 17:43:02 witherspoon phosphor-gevent[1019]: ::8069:6176:8e91:f402%1995205404 - - [2017-07-28 17:43:02] "GET /xyz/openbmc_project/logging/entry/enumerate HTTP/1.1" 404 311 0.028980
Jul 28 17:43:02 witherspoon phosphor-gevent[1019]: ::8069:6176:8e91:f402%1995205404 - - [2017-07-28 17:43:02] "POST /login HTTP/1.1" 200 320 0.033951
Jul 28 17:43:02 witherspoon phosphor-gevent[1019]: ::8069:6176:8e91:f402%1995205404 - - [2017-07-28 17:43:02] "GET /org/openbmc/sensors/enumerate HTTP/1.1" 200 881 0.175168
Jul 28 17:43:03 witherspoon phosphor-gevent[1019]: ::8069:6176:8e91:f402%1995205404 - - [2017-07-28 17:43:03] "POST /login HTTP/1.1" 200 320 0.032984
Jul 28 17:43:03 witherspoon phosphor-gevent[1019]: ::8069:6176:8e91:f402%1995205404 - - [2017-07-28 17:43:03] "GET /xyz/openbmc_project/inventory/enumerate HTTP/1.1" 200 810 0.139717
Jul 28 17:43:03 witherspoon phosphor-gevent[1019]: ::8069:6176:8e91:f402%1995205404 - - [2017-07-28 17:43:03] "POST /login HTTP/1.1" 200 320 0.065362
Jul 28 17:43:03 witherspoon phosphor-gevent[1019]: ::8069:6176:8e91:f402%1995205404 - - [2017-07-28 17:43:03] "GET /org/openbmc/records/events/enumerate HTTP/1.1" 404 304 0.029202
Jul 28 17:43:03 witherspoon phosphor-gevent[1019]: ::8069:6176:8e91:f402%1995205404 - - [2017-07-28 17:43:03] "POST /login HTTP/1.1" 200 320 0.047968
Jul 28 17:43:03 witherspoon phosphor-gevent[1019]: ::8069:6176:8e91:f402%1995205404 - - [2017-07-28 17:43:03] "GET /org/openbmc/control/led/enumerate HTTP/1.1" 404 301 0.029811
Jul 28 17:43:03 witherspoon systemd[1]: Started SSH Per-Connection Server (9.41.165.94:54244).
Jul 28 17:43:04 witherspoon dropbear[1151]: Failed loading /etc/dropbear/dropbear_dss_host_key
Jul 28 17:43:04 witherspoon dropbear[1151]: Failed loading /etc/dropbear/dropbear_ecdsa_host_key
Jul 28 17:43:04 witherspoon dropbear[1151]: Child connection from ::ffff:9.41.165.94:54244
Jul 28 17:43:04 witherspoon dropbear[1151]: PAM password auth succeeded for 'root' from ::ffff:9.41.165.94:54244
