-- Logs begin at Mon 2017-07-31 17:24:41 UTC, end at Mon 2017-07-31 17:50:02 UTC. --
Jul 31 17:24:41 witherspoon kernel: Booting Linux on physical CPU 0x0
Jul 31 17:24:41 witherspoon kernel: Linux version 4.10.17-44f0dc8ac43162c4f7082884d6cd79400341bf5b (jenkins@openbmc-builder1) (gcc version 6.2.0 (GCC) ) #1 Mon Jul 31 17:02:35 UTC 2017
Jul 31 17:24:41 witherspoon kernel: CPU: ARMv6-compatible processor [410fb767] revision 7 (ARMv7), cr=00c5387d
Jul 31 17:24:41 witherspoon kernel: CPU: PIPT / VIPT nonaliasing data cache, VIPT nonaliasing instruction cache
Jul 31 17:24:41 witherspoon kernel: OF: fdt:Machine model: Witherspoon BMC
Jul 31 17:24:41 witherspoon kernel: Memory policy: Data cache writeback
Jul 31 17:24:41 witherspoon kernel: SOC Rev: 04030303
Jul 31 17:24:41 witherspoon kernel: On node 0 totalpages: 110592
Jul 31 17:24:41 witherspoon kernel: free_area_init_node: node 0, pgdat 805ff5e4, node_mem_map 9ec1a000
Jul 31 17:24:41 witherspoon kernel:   Normal zone: 992 pages used for memmap
Jul 31 17:24:41 witherspoon kernel:   Normal zone: 0 pages reserved
Jul 31 17:24:41 witherspoon kernel:   Normal zone: 110592 pages, LIFO batch:31
Jul 31 17:24:41 witherspoon kernel: pcpu-alloc: s0 r0 d32768 u32768 alloc=1*32768
Jul 31 17:24:41 witherspoon kernel: pcpu-alloc: [0] 0 
Jul 31 17:24:41 witherspoon kernel: Built 1 zonelists in Zone order, mobility grouping on.  Total pages: 109600
Jul 31 17:24:41 witherspoon kernel: Kernel command line: console=ttyS4,115200n8 root=/dev/ram rw
Jul 31 17:24:41 witherspoon kernel: PID hash table entries: 2048 (order: 1, 8192 bytes)
Jul 31 17:24:41 witherspoon kernel: Dentry cache hash table entries: 65536 (order: 6, 262144 bytes)
Jul 31 17:24:41 witherspoon kernel: Inode-cache hash table entries: 32768 (order: 5, 131072 bytes)
Jul 31 17:24:41 witherspoon kernel: Memory: 430440K/442368K available (4065K kernel code, 280K rwdata, 1192K rodata, 284K init, 111K bss, 11928K reserved, 0K cma-reserved)
Jul 31 17:24:41 witherspoon kernel: Virtual kernel memory layout:
                                        vector  : 0xffff0000 - 0xffff1000   (   4 kB)
                                        fixmap  : 0xffc00000 - 0xfff00000   (3072 kB)
                                        vmalloc : 0x9f800000 - 0xff800000   (1536 MB)
                                        lowmem  : 0x80000000 - 0x9f000000   ( 496 MB)
                                          .text : 0x80008000 - 0x804007a0   (4066 kB)
                                          .init : 0x80585000 - 0x805cc000   ( 284 kB)
                                          .data : 0x805cc000 - 0x80612358   ( 281 kB)
                                           .bss : 0x80612358 - 0x8062e1f8   ( 112 kB)
Jul 31 17:24:41 witherspoon kernel: NR_IRQS:16 nr_irqs:16 16
Jul 31 17:24:41 witherspoon kernel: i2c controller registered, irq 16
Jul 31 17:24:41 witherspoon kernel: clocksource: moxart_timer: mask: 0xffffffff max_cycles: 0xffffffff, max_idle_ns: 77222644334 ns
Jul 31 17:24:41 witherspoon kernel: sched_clock: 32 bits at 100 Hz, resolution 10000000ns, wraps every 21474836475000000ns
Jul 31 17:24:41 witherspoon kernel: Calibrating delay loop... 789.70 BogoMIPS (lpj=3948544)
Jul 31 17:24:41 witherspoon kernel: pid_max: default: 32768 minimum: 301
Jul 31 17:24:41 witherspoon kernel: Mount-cache hash table entries: 1024 (order: 0, 4096 bytes)
Jul 31 17:24:41 witherspoon kernel: Mountpoint-cache hash table entries: 1024 (order: 0, 4096 bytes)
Jul 31 17:24:41 witherspoon kernel: CPU: Testing write buffer coherency: ok
Jul 31 17:24:41 witherspoon kernel: ftrace: allocating 14932 entries in 44 pages
Jul 31 17:24:41 witherspoon kernel: Setting up static identity map for 0x80008200 - 0x8000825c
Jul 31 17:24:41 witherspoon kernel: devtmpfs: initialized
Jul 31 17:24:41 witherspoon kernel: clocksource: jiffies: mask: 0xffffffff max_cycles: 0xffffffff, max_idle_ns: 19112604462750000 ns
Jul 31 17:24:41 witherspoon kernel: futex hash table entries: 256 (order: -1, 3072 bytes)
Jul 31 17:24:41 witherspoon kernel: pinctrl core: initialized pinctrl subsystem
Jul 31 17:24:41 witherspoon kernel: NET: Registered protocol family 16
Jul 31 17:24:41 witherspoon kernel: DMA: preallocated 256 KiB pool for atomic coherent allocations
Jul 31 17:24:41 witherspoon kernel: usbcore: registered new interface driver usbfs
Jul 31 17:24:41 witherspoon kernel: usbcore: registered new interface driver hub
Jul 31 17:24:41 witherspoon kernel: usbcore: registered new device driver usb
Jul 31 17:24:41 witherspoon kernel: clocksource: Switched to clocksource moxart_timer
Jul 31 17:24:41 witherspoon kernel: NET: Registered protocol family 2
Jul 31 17:24:41 witherspoon kernel: TCP established hash table entries: 4096 (order: 2, 16384 bytes)
Jul 31 17:24:41 witherspoon kernel: TCP bind hash table entries: 4096 (order: 2, 16384 bytes)
Jul 31 17:24:41 witherspoon kernel: TCP: Hash tables configured (established 4096 bind 4096)
Jul 31 17:24:41 witherspoon kernel: UDP hash table entries: 256 (order: 0, 4096 bytes)
Jul 31 17:24:41 witherspoon kernel: UDP-Lite hash table entries: 256 (order: 0, 4096 bytes)
Jul 31 17:24:41 witherspoon kernel: NET: Registered protocol family 1
Jul 31 17:24:41 witherspoon kernel: Trying to unpack rootfs image as initramfs...
Jul 31 17:24:41 witherspoon kernel: Freeing initrd memory: 1544K
Jul 31 17:24:41 witherspoon kernel: workingset: timestamp_bits=30 max_order=17 bucket_order=0
Jul 31 17:24:41 witherspoon kernel: squashfs: version 4.0 (2009/01/31) Phillip Lougher
Jul 31 17:24:41 witherspoon kernel: jffs2: version 2.2. (SUMMARY)  © 2001-2006 Red Hat, Inc.
Jul 31 17:24:41 witherspoon kernel: Block layer SCSI generic (bsg) driver version 0.4 loaded (major 250)
Jul 31 17:24:41 witherspoon kernel: io scheduler noop registered
Jul 31 17:24:41 witherspoon kernel: io scheduler deadline registered
Jul 31 17:24:41 witherspoon kernel: io scheduler cfq registered (default)
Jul 31 17:24:41 witherspoon kernel: ipmi-bt-host 1e789140.ibt: Found bt bmc device
Jul 31 17:24:41 witherspoon kernel: ipmi-bt-host 1e789140.ibt: Using IRQ 22
Jul 31 17:24:41 witherspoon kernel: Serial: 8250/16550 driver, 6 ports, IRQ sharing enabled
Jul 31 17:24:41 witherspoon kernel: 1e783000.serial: ttyS0 at MMIO 0x1e783000 (irq = 23, base_baud = 1500000) is a 16550A
Jul 31 17:24:41 witherspoon kernel: 1e78d000.serial: ttyS1 at MMIO 0x1e78d000 (irq = 24, base_baud = 1500000) is a 16550A
Jul 31 17:24:41 witherspoon kernel: 1e784000.serial: ttyS4 at MMIO 0x1e784000 (irq = 25, base_baud = 1500000) is a 16550A
Jul 31 17:24:41 witherspoon kernel: console [ttyS4] enabled
Jul 31 17:24:41 witherspoon kernel: 1e787000.vuart: ttyS2 at MMIO 0x1e787000 (irq = 22, base_baud = 1500000) is a 16550A
Jul 31 17:24:41 witherspoon kernel: timeriomem_rng 1e6e2078.hwrng: 32bits from 0xf00e2078 @ 1us
Jul 31 17:24:41 witherspoon kernel: random: fast init done
Jul 31 17:24:41 witherspoon kernel: brd: module loaded
Jul 31 17:24:41 witherspoon kernel: loop: module loaded
Jul 31 17:24:41 witherspoon kernel: aspeed-lpc-ctrl 1e789080.lpc-ctrl: Loaded at 0x98000000 (0x04000000)
Jul 31 17:24:41 witherspoon kernel: aspeed-smc 1e620000.flash-controller: Using IRQ 18
Jul 31 17:24:41 witherspoon kernel: aspeed-smc 1e620000.flash-controller: DMA support disabled.
Jul 31 17:24:41 witherspoon kernel: aspeed-smc 1e620000.flash-controller: mx25l25635e (32768 Kbytes)
Jul 31 17:24:41 witherspoon kernel: aspeed-smc 1e620000.flash-controller: CE0 window [ 0x20000000 - 0x22000000 ] 32MB
Jul 31 17:24:41 witherspoon kernel: aspeed-smc 1e620000.flash-controller: CE1 window [ 0x22000000 - 0x2a000000 ] 128MB
Jul 31 17:24:41 witherspoon kernel: 5 ofpart partitions found on MTD device bmc
Jul 31 17:24:41 witherspoon kernel: Creating 5 MTD partitions on "bmc":
Jul 31 17:24:41 witherspoon kernel: 0x000000000000-0x000000060000 : "u-boot"
Jul 31 17:24:41 witherspoon kernel: 0x000000060000-0x000000080000 : "u-boot-env"
Jul 31 17:24:41 witherspoon kernel: 0x000000080000-0x0000004c0000 : "kernel"
Jul 31 17:24:41 witherspoon kernel: 0x0000004c0000-0x000001c00000 : "rofs"
Jul 31 17:24:41 witherspoon kernel: random: crng init done
Jul 31 17:24:41 witherspoon kernel: 0x000001c00000-0x000002000000 : "rwfs"
Jul 31 17:24:41 witherspoon kernel: aspeed-smc 1e620000.flash-controller: mx25l25635e (32768 Kbytes)
Jul 31 17:24:41 witherspoon kernel: aspeed-smc 1e620000.flash-controller: CE1 window [ 0x22000000 - 0x24000000 ] 32MB
Jul 31 17:24:41 witherspoon kernel: aspeed-smc 1e620000.flash-controller: CE2 window [ 0x24000000 - 0x2c000000 ] 128MB
Jul 31 17:24:41 witherspoon kernel: aspeed-smc 1e630000.flash-controller: mx66l1g45g (131072 Kbytes)
Jul 31 17:24:42 witherspoon kernel: aspeed-smc 1e630000.flash-controller: CE0 window resized to 120MB (AST2500 HW quirk)
Jul 31 17:24:42 witherspoon kernel: aspeed-smc 1e630000.flash-controller: CE0 window [ 0x30000000 - 0x37800000 ] 120MB
Jul 31 17:24:42 witherspoon kernel: aspeed-smc 1e630000.flash-controller: CE0 window too small for chip 128MB
Jul 31 17:24:42 witherspoon kernel: aspeed-smc 1e630000.flash-controller: CE1 window [ 0x37800000 - 0x38000000 ] 8MB
Jul 31 17:24:42 witherspoon kernel: libphy: Fixed MDIO Bus: probed
Jul 31 17:24:42 witherspoon kernel: ftgmac100 1e660000.ethernet: Read MAC address 70:e2:84:14:23:e1 from chip
Jul 31 17:24:42 witherspoon kernel: ftgmac100 1e660000.ethernet: Using NCSI interface
Jul 31 17:24:42 witherspoon kernel: ftgmac100 1e660000.ethernet eth0: irq 20, mapped at f0060000
Jul 31 17:24:42 witherspoon kernel: ehci_hcd: USB 2.0 'Enhanced' Host Controller (EHCI) Driver
Jul 31 17:24:42 witherspoon kernel: ehci-platform: EHCI generic platform driver
Jul 31 17:24:42 witherspoon kernel:  fsi0: can't read slave 00:00 -5
Jul 31 17:24:42 witherspoon kernel: i2c /dev entries driver
Jul 31 17:24:42 witherspoon kernel: aspeed-i2c-bus 1e78a0c0.i2c-bus: i2c bus 2 registered, irq 26
Jul 31 17:24:42 witherspoon kernel: aspeed-i2c-bus 1e78a100.i2c-bus: i2c bus 3 registered, irq 27
Jul 31 17:24:42 witherspoon kernel: aspeed-i2c-bus 1e78a140.i2c-bus: i2c bus 4 registered, irq 28
Jul 31 17:24:42 witherspoon kernel: aspeed-i2c-bus 1e78a180.i2c-bus: i2c bus 5 registered, irq 29
Jul 31 17:24:42 witherspoon kernel: aspeed-i2c-bus 1e78a380.i2c-bus: i2c bus 9 registered, irq 30
Jul 31 17:24:42 witherspoon kernel: aspeed-i2c-bus 1e78a3c0.i2c-bus: i2c bus 10 registered, irq 31
Jul 31 17:24:42 witherspoon kernel: rtc-rv8803 11-0032: Voltage low, temperature compensation stopped.
Jul 31 17:24:42 witherspoon kernel: rtc-rv8803 11-0032: An alarm maybe have been missed.
Jul 31 17:24:42 witherspoon kernel: rtc-rv8803 11-0032: rtc core: registered rx8900 as rtc0
Jul 31 17:24:42 witherspoon kernel: at24 11-0051: 8192 byte 24c64 EEPROM, writable, 1 bytes/write
Jul 31 17:24:42 witherspoon kernel: aspeed-i2c-bus 1e78a400.i2c-bus: i2c bus 11 registered, irq 32
Jul 31 17:24:42 witherspoon kernel: aspeed-i2c-bus 1e78a440.i2c-bus: i2c bus 12 registered, irq 33
Jul 31 17:24:42 witherspoon kernel: aspeed-i2c-bus 1e78a480.i2c-bus: i2c bus 13 registered, irq 34
Jul 31 17:24:42 witherspoon kernel: Driver for 1-wire Dallas network protocol.
Jul 31 17:24:42 witherspoon kernel: lm75 9-004a: hwmon0: sensor 'tmp275'
Jul 31 17:24:42 witherspoon kernel: max31785: probe of 3-0052 failed with error -5
Jul 31 17:24:42 witherspoon kernel: ucd9000 11-0064: Device ID UCD90160|2.3.4.0000|110603
Jul 31 17:24:42 witherspoon kernel: leds-pca955x 3-0060: leds-pca955x: Using pca9552 16-bit LED driver at slave address 0x60
Jul 31 17:24:42 witherspoon kernel: leds-pca955x 11-0060: leds-pca955x: Using pca9552 16-bit LED driver at slave address 0x60
Jul 31 17:24:42 witherspoon kernel: leds-pca955x 11-0060: gpios 264...279
Jul 31 17:24:42 witherspoon kernel: usbcore: registered new interface driver usbhid
Jul 31 17:24:42 witherspoon kernel: usbhid: USB HID core driver
Jul 31 17:24:42 witherspoon kernel: NET: Registered protocol family 10
Jul 31 17:24:42 witherspoon kernel: Segment Routing with IPv6
Jul 31 17:24:42 witherspoon kernel: NET: Registered protocol family 17
Jul 31 17:24:42 witherspoon kernel: 8021q: 802.1Q VLAN Support v1.8
Jul 31 17:24:42 witherspoon kernel: console [netcon0] enabled
Jul 31 17:24:42 witherspoon kernel: netconsole: network logging started
Jul 31 17:24:42 witherspoon kernel: input: gpio-keys as /devices/platform/gpio-keys/input/input0
Jul 31 17:24:42 witherspoon kernel: rtc-rv8803 11-0032: setting system clock to 2017-07-31 17:24:32 UTC (1501521872)
Jul 31 17:24:42 witherspoon kernel: Freeing unused kernel memory: 284K
Jul 31 17:24:42 witherspoon kernel: This architecture does not have kernel memory protection.
Jul 31 17:24:42 witherspoon kernel: jffs2: notice: (524) jffs2_build_xattr_subsystem: complete building xattr subsystem, 0 of xdatum (0 unchecked, 0 orphan) and 0 of xref (0 dead, 0 orphan) found.
Jul 31 17:24:42 witherspoon systemd[1]: Failed to insert module 'autofs4': No such file or directory
Jul 31 17:24:42 witherspoon systemd[1]: systemd 232 running in system mode. (+PAM -AUDIT -SELINUX -IMA -APPARMOR -SMACK +SYSVINIT -UTMP -LIBCRYPTSETUP -GCRYPT -GNUTLS +ACL +XZ -LZ4 -SECCOMP +BLKID -ELFUTILS +KMOD -IDN)
Jul 31 17:24:42 witherspoon systemd[1]: Detected architecture arm.
Jul 31 17:24:42 witherspoon systemd[1]: Set hostname to <witherspoon>.
Jul 31 17:24:42 witherspoon systemd[1]: Reached target Remote File Systems.
Jul 31 17:24:42 witherspoon systemd[1]: Listening on udev Kernel Socket.
Jul 31 17:24:42 witherspoon systemd[1]: Listening on Syslog Socket.
Jul 31 17:24:42 witherspoon systemd[1]: Started Dispatch Password Requests to Console Directory Watch.
Jul 31 17:24:42 witherspoon systemd[1]: Started Forward Password Requests to Wall Directory Watch.
Jul 31 17:24:42 witherspoon systemd[1]: Reached target Paths.
Jul 31 17:24:42 witherspoon systemd[1]: Listening on /dev/initctl Compatibility Named Pipe.
Jul 31 17:24:42 witherspoon systemd[1]: Created slice system-getty.slice.
Jul 31 17:24:42 witherspoon systemd[1]: Created slice system-serial\x2dgetty.slice.
Jul 31 17:24:42 witherspoon systemd[1]: Created slice system-phosphor\x2dcooling\x2dtype.slice.
Jul 31 17:24:42 witherspoon systemd-journald[649]: Journal started
Jul 31 17:24:42 witherspoon systemd-journald[649]: Runtime journal (/run/log/journal/cc6e1404d87444e8a089dfdb00a18f7d) is 0B, max 0B, 0B free.
Jul 31 17:24:42 witherspoon systemd-sysctl[542]: Couldn't write '16' to 'kernel/sysrq', ignoring: No such file or directory
Jul 31 17:24:42 witherspoon systemd[1]: Created slice system-obmc\x2dled\x2dgroup\x2dstart.slice.
Jul 31 17:24:42 witherspoon systemd-sysctl[542]: Couldn't write 'fq_codel' to 'net/core/default_qdisc', ignoring: No such file or directory
Jul 31 17:24:42 witherspoon systemd[1]: Created slice system-op\x2dreset\x2dchassis\x2don.slice.
Jul 31 17:24:42 witherspoon systemd[1]: Created slice system-phosphor\x2dreset\x2dhost\x2drunning.slice.
Jul 31 17:24:42 witherspoon systemd[1]: Created slice system-phosphor\x2dreset\x2dhost\x2dcheck.slice.
Jul 31 17:24:42 witherspoon systemd[1]: dev-hugepages.mount: Couldn't determine result for ConditionVirtualization=!private-users, assuming failed: No such file or directory
Jul 31 17:24:42 witherspoon systemd[1]: Mounted Debug File System.
Jul 31 17:24:42 witherspoon systemd[1]: Mounted Temporary Directory.
Jul 31 17:24:42 witherspoon systemd[1]: Started Apply Kernel Variables.
Jul 31 17:24:42 witherspoon systemd[1]: Started Remount Root and Kernel File Systems.
Jul 31 17:24:42 witherspoon systemd[1]: Starting Create System Users...
Jul 31 17:24:42 witherspoon systemd[1]: Starting Flush Journal to Persistent Storage...
Jul 31 17:24:43 witherspoon systemd-journald[649]: Runtime journal (/run/log/journal/cc6e1404d87444e8a089dfdb00a18f7d) is 0B, max 0B, 0B free.
Jul 31 17:24:43 witherspoon systemd[1]: Started Flush Journal to Persistent Storage.
Jul 31 17:24:43 witherspoon systemd[1]: Started udev Coldplug all Devices.
Jul 31 17:24:43 witherspoon systemd[1]: Started Create System Users.
Jul 31 17:24:43 witherspoon systemd[1]: Starting Create Static Device Nodes in /dev...
Jul 31 17:24:44 witherspoon systemd[1]: Started Create Static Device Nodes in /dev.
Jul 31 17:24:44 witherspoon systemd[1]: Reached target Local File Systems (Pre).
Jul 31 17:24:44 witherspoon systemd[1]: Mounting /var/volatile...
Jul 31 17:24:44 witherspoon systemd[1]: Starting udev Kernel Device Manager...
Jul 31 17:24:44 witherspoon systemd[1]: Mounted /var/volatile.
Jul 31 17:24:44 witherspoon systemd[1]: Starting Load/Save Random Seed...
Jul 31 17:24:44 witherspoon systemd[1]: Reached target Local File Systems.
Jul 31 17:24:44 witherspoon systemd[1]: Starting Rebuild Journal Catalog...
Jul 31 17:24:44 witherspoon systemd[1]: Starting Create Volatile Files and Directories...
Jul 31 17:24:44 witherspoon systemd[1]: Started Rebuild Journal Catalog.
Jul 31 17:24:44 witherspoon systemd[1]: Starting Update is Completed...
Jul 31 17:24:45 witherspoon systemd[1]: Started Load/Save Random Seed.
Jul 31 17:24:45 witherspoon systemd-tmpfiles[896]: "/var/tmp" already exists and is not a directory.
Jul 31 17:24:45 witherspoon systemd-tmpfiles[896]: "/var/log" already exists and is not a directory.
Jul 31 17:24:45 witherspoon systemd[1]: Started Create Volatile Files and Directories.
Jul 31 17:24:45 witherspoon systemd[1]: Starting Network Time Synchronization...
Jul 31 17:24:45 witherspoon systemd[1]: Starting Run pending postinsts...
Jul 31 17:24:45 witherspoon systemd[1]: Started Update is Completed.
Jul 31 17:24:45 witherspoon systemd[1]: Started udev Kernel Device Manager.
Jul 31 17:24:45 witherspoon systemd[1]: Started Network Time Synchronization.
Jul 31 17:24:46 witherspoon systemd[1]: Reached target System Time Synchronized.
Jul 31 17:24:46 witherspoon systemd[1]: Found device /dev/aspeed-lpc-ctrl.
Jul 31 17:24:47 witherspoon systemd[1]: Found device /dev/aspeed-mbox.
Jul 31 17:24:47 witherspoon run-postinsts[902]: Running postinst /etc/rpm-postinsts/libglib-2.0-0...
Jul 31 17:24:47 witherspoon systemd[1]: Found device /dev/ttyS4.
Jul 31 17:24:47 witherspoon systemd[1]: Found device /dev/ttyVUART0.
Jul 31 17:24:49 witherspoon systemd[1]: Created slice system-xyz.openbmc_project.led.controller.slice.
Jul 31 17:24:49 witherspoon systemd[1]: Created slice system-xyz.openbmc_project.Hwmon.slice.
Jul 31 17:24:49 witherspoon systemd[1]: dev-hugepages.mount: Couldn't determine result for ConditionVirtualization=!private-users, assuming failed: No such file or directory
Jul 31 17:24:49 witherspoon run-postinsts[902]: rm: can't remove '/etc/rpm-postinsts': Invalid argument
Jul 31 17:24:49 witherspoon run-postinsts[902]:  Removing any system startup links for run-postinsts ...
Jul 31 17:24:49 witherspoon systemctl[932]: Removed /etc/systemd/system/sysinit.target.wants/run-postinsts.service.
Jul 31 17:24:49 witherspoon systemd[1]: Reloading.
Jul 31 17:24:52 witherspoon systemd[1]: Started Run pending postinsts.
Jul 31 17:24:52 witherspoon systemd[1]: Reached target System Initialization.
Jul 31 17:24:52 witherspoon systemd[1]: Listening on dropbear.socket.
Jul 31 17:24:52 witherspoon systemd[1]: Listening on phosphor-ipmi-net.socket.
Jul 31 17:24:52 witherspoon systemd[1]: Listening on D-Bus System Message Bus Socket.
Jul 31 17:24:52 witherspoon systemd[1]: Listening on Phosphor Host Console SSH Per-Connection socket.
Jul 31 17:24:52 witherspoon systemd[1]: Listening on Phosphor Webserver socket.
Jul 31 17:24:52 witherspoon systemd[1]: Listening on Avahi mDNS/DNS-SD Stack Activation Socket.
Jul 31 17:24:53 witherspoon systemd[1]: Listening on Phosphor DBUS Browser socket.
Jul 31 17:24:53 witherspoon systemd[1]: Reached target Sockets.
Jul 31 17:24:53 witherspoon systemd[1]: Reached target Basic System.
Jul 31 17:24:53 witherspoon systemd[1]: Started Phosphor sysfs LED controller.
Jul 31 17:24:53 witherspoon systemd[1]: Starting Phosphor LED Group Management Daemon...
Jul 31 17:24:53 witherspoon systemd[1]: Started Phosphor sysfs LED controller.
Jul 31 17:24:53 witherspoon systemd[1]: Starting Phosphor IPMI BT DBus Bridge...
Jul 31 17:24:53 witherspoon systemd[1]: Starting Phosphor Chassis0 Control...
Jul 31 17:24:53 witherspoon systemd[1]: Started Phosphor sysfs LED controller.
Jul 31 17:24:53 witherspoon systemd[1]: Starting Phosphor BMC0 Control...
Jul 31 17:24:53 witherspoon systemd[1]: Started Phosphor sysfs LED controller.
Jul 31 17:24:53 witherspoon systemd[1]: Started Phosphor sysfs LED controller.
Jul 31 17:24:53 witherspoon systemd[1]: Starting Phosphor Sensor Manager...
Jul 31 17:24:53 witherspoon systemd[1]: Starting Phosphor Download Manager...
Jul 31 17:24:53 witherspoon systemd[1]: Starting Phosphor Download Manager...
Jul 31 17:24:53 witherspoon systemd[1]: Starting Clear one time boot overrides...
Jul 31 17:24:53 witherspoon systemd[1]: Starting Phosphor Inventory Manager...
Jul 31 17:24:53 witherspoon systemd[1]: Started Phosphor Console Muxer listening on device /dev/ttyVUART0.
Jul 31 17:24:53 witherspoon systemd[1]: Starting OpenBMC Software Update Manager...
Jul 31 17:24:53 witherspoon systemd[1]: Starting Phosphor Settings Daemon...
Jul 31 17:24:53 witherspoon systemd[1]: Started System Logging Service.
Jul 31 17:24:53 witherspoon systemd[1]: Started Kernel Logging Service.
Jul 31 17:24:53 witherspoon systemd[1]: Starting Phosphor User Manager...
Jul 31 17:24:53 witherspoon systemd[1]: Started Phosphor MBOX Daemon.
Jul 31 17:24:53 witherspoon systemd[1]: Started D-Bus System Message Bus.
Jul 31 17:24:55 witherspoon kernel[962]: klogd started: BusyBox v1.24.1 (2017-06-16 19:29:08 UTC)
Jul 31 17:24:55 witherspoon kernel[962]: [    0.000000] Booting Linux on physical CPU 0x0
Jul 31 17:24:55 witherspoon kernel[962]: [    0.000000] Linux version 4.10.17-44f0dc8ac43162c4f7082884d6cd79400341bf5b (jenkins@openbmc-builder1) (gcc version 6.2.0 (GCC) ) #1 Mon Jul 31 17:02:35 UTC 2017
Jul 31 17:24:55 witherspoon kernel[962]: [    0.000000] CPU: ARMv6-compatible processor [410fb767] revision 7 (ARMv7), cr=00c5387d
Jul 31 17:24:55 witherspoon kernel[962]: [    0.000000] CPU: PIPT / VIPT nonaliasing data cache, VIPT nonaliasing instruction cache
Jul 31 17:24:55 witherspoon kernel[962]: [    0.000000] OF: fdt:Machine model: Witherspoon BMC
Jul 31 17:24:55 witherspoon kernel[962]: [    0.000000] Memory policy: Data cache writeback
Jul 31 17:24:55 witherspoon kernel[962]: [    0.000000] SOC Rev: 04030303
Jul 31 17:24:55 witherspoon kernel[962]: [    0.000000] On node 0 totalpages: 110592
Jul 31 17:24:55 witherspoon kernel[962]: [    0.000000] free_area_init_node: node 0, pgdat 805ff5e4, node_mem_map 9ec1a000
Jul 31 17:24:55 witherspoon kernel[962]: [    0.000000]   Normal zone: 992 pages used for memmap
Jul 31 17:24:55 witherspoon kernel[962]: [    0.000000]   Normal zone: 0 pages reserved
Jul 31 17:24:55 witherspoon kernel[962]: [    0.000000]   Normal zone: 110592 pages, LIFO batch:31
Jul 31 17:24:55 witherspoon kernel[962]: [    0.000000] pcpu-alloc: s0 r0 d32768 u32768 alloc=1*32768
Jul 31 17:24:55 witherspoon kernel[962]: [    0.000000] pcpu-alloc: [0] 0
Jul 31 17:24:55 witherspoon kernel[962]: [    0.000000] Built 1 zonelists in Zone order, mobility grouping on.  Total pages: 109600
Jul 31 17:24:55 witherspoon kernel[962]: [    0.000000] Kernel command line: console=ttyS4,115200n8 root=/dev/ram rw
Jul 31 17:24:55 witherspoon kernel[962]: [    0.000000] PID hash table entries: 2048 (order: 1, 8192 bytes)
Jul 31 17:24:55 witherspoon kernel[962]: [    0.000000] Dentry cache hash table entries: 65536 (order: 6, 262144 bytes)
Jul 31 17:24:55 witherspoon kernel[962]: [    0.000000] Inode-cache hash table entries: 32768 (order: 5, 131072 bytes)
Jul 31 17:24:55 witherspoon kernel[962]: [    0.000000] Memory: 430440K/442368K available (4065K kernel code, 280K rwdata, 1192K rodata, 284K init, 111K bss, 11928K reserved, 0K cma-reserved)
Jul 31 17:24:55 witherspoon kernel[962]: [    0.000000] Virtual kernel memory layout:
Jul 31 17:24:55 witherspoon kernel[962]: [    0.000000]     vector  : 0xffff0000 - 0xffff1000   (   4 kB)
Jul 31 17:24:55 witherspoon kernel[962]: [    0.000000]     fixmap  : 0xffc00000 - 0xfff00000   (3072 kB)
Jul 31 17:24:55 witherspoon kernel[962]: [    0.000000]     vmalloc : 0x9f800000 - 0xff800000   (1536 MB)
Jul 31 17:24:55 witherspoon kernel[962]: [    0.000000]     lowmem  : 0x80000000 - 0x9f000000   ( 496 MB)
Jul 31 17:24:55 witherspoon kernel[962]: [    0.000000]       .text : 0x80008000 - 0x804007a0   (4066 kB)
Jul 31 17:24:55 witherspoon kernel[962]: [    0.000000]       .init : 0x80585000 - 0x805cc000   ( 284 kB)
Jul 31 17:24:55 witherspoon kernel[962]: [    0.000000]       .data : 0x805cc000 - 0x80612358   ( 281 kB)
Jul 31 17:24:55 witherspoon kernel[962]: [    0.000000]        .bss : 0x80612358 - 0x8062e1f8   ( 112 kB)
Jul 31 17:24:55 witherspoon kernel[962]: [    0.000000] NR_IRQS:16 nr_irqs:16 16
Jul 31 17:24:55 witherspoon kernel[962]: [    0.000000] i2c controller registered, irq 16
Jul 31 17:24:55 witherspoon kernel[962]: [    0.000000] clocksource: moxart_timer: mask: 0xffffffff max_cycles: 0xffffffff, max_idle_ns: 77222644334 ns
Jul 31 17:24:55 witherspoon kernel[962]: [    0.000000] sched_clock: 32 bits at 100 Hz, resolution 10000000ns, wraps every 21474836475000000ns
Jul 31 17:24:55 witherspoon kernel[962]: [    0.090000] Calibrating delay loop... 789.70 BogoMIPS (lpj=3948544)
Jul 31 17:24:55 witherspoon kernel[962]: [    0.090000] pid_max: default: 32768 minimum: 301
Jul 31 17:24:55 witherspoon kernel[962]: [    0.090000] Mount-cache hash table entries: 1024 (order: 0, 4096 bytes)
Jul 31 17:24:55 witherspoon kernel[962]: [    0.090000] Mountpoint-cache hash table entries: 1024 (order: 0, 4096 bytes)
Jul 31 17:24:55 witherspoon kernel[962]: [    0.090000] CPU: Testing write buffer coherency: ok
Jul 31 17:24:55 witherspoon kernel[962]: [    0.090000] ftrace: allocating 14932 entries in 44 pages
Jul 31 17:24:55 witherspoon kernel[962]: [    0.120000] Setting up static identity map for 0x80008200 - 0x8000825c
Jul 31 17:24:55 witherspoon kernel[962]: [    0.120000] devtmpfs: initialized
Jul 31 17:24:55 witherspoon kernel[962]: [    0.140000] clocksource: jiffies: mask: 0xffffffff max_cycles: 0xffffffff, max_idle_ns: 19112604462750000 ns
Jul 31 17:24:55 witherspoon kernel[962]: [    0.140000] futex hash table entries: 256 (order: -1, 3072 bytes)
Jul 31 17:24:55 witherspoon kernel[962]: [    0.140000] pinctrl core: initialized pinctrl subsystem
Jul 31 17:24:55 witherspoon kernel[962]: [    0.140000] NET: Registered protocol family 16
Jul 31 17:24:55 witherspoon kernel[962]: [    0.140000] DMA: preallocated 256 KiB pool for atomic coherent allocations
Jul 31 17:24:55 witherspoon kernel[962]: [    0.210000] usbcore: registered new interface driver usbfs
Jul 31 17:24:55 witherspoon kernel[962]: [    0.210000] usbcore: registered new interface driver hub
Jul 31 17:24:55 witherspoon kernel[962]: [    0.210000] usbcore: registered new device driver usb
Jul 31 17:24:55 witherspoon kernel[962]: [    0.210000] clocksource: Switched to clocksource moxart_timer
Jul 31 17:24:55 witherspoon kernel[962]: [    0.220000] NET: Registered protocol family 2
Jul 31 17:24:55 witherspoon kernel[962]: [    0.220000] TCP established hash table entries: 4096 (order: 2, 16384 bytes)
Jul 31 17:24:55 witherspoon kernel[962]: [    0.220000] TCP bind hash table entries: 4096 (order: 2, 16384 bytes)
Jul 31 17:24:55 witherspoon kernel[962]: [    0.220000] TCP: Hash tables configured (established 4096 bind 4096)
Jul 31 17:24:55 witherspoon kernel[962]: [    0.220000] UDP hash table entries: 256 (order: 0, 4096 bytes)
Jul 31 17:24:55 witherspoon kernel[962]: [    0.220000] UDP-Lite hash table entries: 256 (order: 0, 4096 bytes)
Jul 31 17:24:55 witherspoon kernel[962]: [    0.220000] NET: Registered protocol family 1
Jul 31 17:24:55 witherspoon kernel[962]: [    0.220000] Trying to unpack rootfs image as initramfs...
Jul 31 17:24:55 witherspoon kernel[962]: [    1.900000] Freeing initrd memory: 1544K
Jul 31 17:24:55 witherspoon kernel[962]: [    1.900000] workingset: timestamp_bits=30 max_order=17 bucket_order=0
Jul 31 17:24:55 witherspoon kernel[962]: [    1.900000] squashfs: version 4.0 (2009/01/31) Phillip Lougher
Jul 31 17:24:55 witherspoon kernel[962]: [    1.900000] jffs2: version 2.2. (SUMMARY)  © 2001-2006 Red Hat, Inc.
Jul 31 17:24:55 witherspoon kernel[962]: [    1.900000] Block layer SCSI generic (bsg) driver version 0.4 loaded (major 250)
Jul 31 17:24:55 witherspoon kernel[962]: [    1.900000] io scheduler noop registered
Jul 31 17:24:55 witherspoon kernel[962]: [    1.900000] io scheduler deadline registered
Jul 31 17:24:55 witherspoon kernel[962]: [    1.900000] io scheduler cfq registered (default)
Jul 31 17:24:55 witherspoon kernel[962]: [    2.050000] ipmi-bt-host 1e789140.ibt: Found bt bmc device
Jul 31 17:24:55 witherspoon kernel[962]: [    2.050000] ipmi-bt-host 1e789140.ibt: Using IRQ 22
Jul 31 17:24:55 witherspoon kernel[962]: [    2.050000] Serial: 8250/16550 driver, 6 ports, IRQ sharing enabled
Jul 31 17:24:55 witherspoon kernel[962]: [    2.050000] 1e783000.serial: ttyS0 at MMIO 0x1e783000 (irq = 23, base_baud = 1500000) is a 16550A
Jul 31 17:24:55 witherspoon kernel[962]: [    2.050000] 1e78d000.serial: ttyS1 at MMIO 0x1e78d000 (irq = 24, base_baud = 1500000) is a 16550A
Jul 31 17:24:55 witherspoon kernel[962]: [    2.050000] 1e784000.serial: ttyS4 at MMIO 0x1e784000 (irq = 25, base_baud = 1500000) is a 16550A
Jul 31 17:24:55 witherspoon kernel[962]: [    2.400000] console [ttyS4] enabled
Jul 31 17:24:55 witherspoon kernel[962]: [    2.400000] 1e787000.vuart: ttyS2 at MMIO 0x1e787000 (irq = 22, base_baud = 1500000) is a 16550A
Jul 31 17:24:55 witherspoon kernel[962]: [    2.590000] timeriomem_rng 1e6e2078.hwrng: 32bits from 0xf00e2078 @ 1us
Jul 31 17:24:55 witherspoon kernel[962]: [    2.600000] random: fast init done
Jul 31 17:24:55 witherspoon kernel[962]: [    2.640000] brd: module loaded
Jul 31 17:24:55 witherspoon kernel[962]: [    2.670000] loop: module loaded
Jul 31 17:24:55 witherspoon kernel[962]: [    2.670000] aspeed-lpc-ctrl 1e789080.lpc-ctrl: Loaded at 0x98000000 (0x04000000)
Jul 31 17:24:55 witherspoon kernel[962]: [    2.680000] aspeed-smc 1e620000.flash-controller: Using IRQ 18
Jul 31 17:24:55 witherspoon kernel[962]: [    2.680000] aspeed-smc 1e620000.flash-controller: DMA support disabled.
Jul 31 17:24:55 witherspoon kernel[962]: [    2.700000] aspeed-smc 1e620000.flash-controller: mx25l25635e (32768 Kbytes)
Jul 31 17:24:55 witherspoon kernel[962]: [    2.700000] aspeed-smc 1e620000.flash-controller: CE0 window [ 0x20000000 - 0x22000000 ] 32MB
Jul 31 17:24:55 witherspoon kernel[962]: [    2.700000] aspeed-smc 1e620000.flash-controller: CE1 window [ 0x22000000 - 0x2a000000 ] 128MB
Jul 31 17:24:55 witherspoon kernel[962]: [    2.700000] 5 ofpart partitions found on MTD device bmc
Jul 31 17:24:55 witherspoon kernel[962]: [    2.730000] Creating 5 MTD partitions on "bmc":
Jul 31 17:24:55 witherspoon kernel[962]: [    2.740000] 0x000000000000-0x000000060000 : "u-boot"
Jul 31 17:24:55 witherspoon kernel[962]: [    2.740000] 0x000000060000-0x000000080000 : "u-boot-env"
Jul 31 17:24:55 witherspoon kernel[962]: [    2.760000] 0x000000080000-0x0000004c0000 : "kernel"
Jul 31 17:24:55 witherspoon kernel[962]: [    2.760000] 0x0000004c0000-0x000001c00000 : "rofs"
Jul 31 17:24:55 witherspoon kernel[962]: [    2.770000] random: crng init done
Jul 31 17:24:55 witherspoon kernel[962]: [    2.780000] 0x000001c00000-0x000002000000 : "rwfs"
Jul 31 17:24:55 witherspoon kernel[962]: [    2.790000] aspeed-smc 1e620000.flash-controller: mx25l25635e (32768 Kbytes)
Jul 31 17:24:55 witherspoon kernel[962]: [    2.800000] aspeed-smc 1e620000.flash-controller: CE1 window [ 0x22000000 - 0x24000000 ] 32MB
Jul 31 17:24:55 witherspoon kernel[962]: [    2.800000] aspeed-smc 1e620000.flash-controller: CE2 window [ 0x24000000 - 0x2c000000 ] 128MB
Jul 31 17:24:55 witherspoon kernel[962]: [    2.820000] aspeed-smc 1e630000.flash-controller: mx66l1g45g (131072 Kbytes)
Jul 31 17:24:55 witherspoon kernel[962]: [    2.830000] aspeed-smc 1e630000.flash-controller: CE0 window resized to 120MB (AST2500 HW quirk)
Jul 31 17:24:55 witherspoon kernel[962]: [    2.830000] aspeed-smc 1e630000.flash-controller: CE0 window [ 0x30000000 - 0x37800000 ] 120MB
Jul 31 17:24:55 witherspoon kernel[962]: [    2.840000] aspeed-smc 1e630000.flash-controller: CE0 window too small for chip 128MB
Jul 31 17:24:55 witherspoon kernel[962]: [    2.840000] aspeed-smc 1e630000.flash-controller: CE1 window [ 0x37800000 - 0x38000000 ] 8MB
Jul 31 17:24:55 witherspoon kernel[962]: [    3.630000] libphy: Fixed MDIO Bus: probed
Jul 31 17:24:55 witherspoon kernel[962]: [    3.640000] ftgmac100 1e660000.ethernet: Read MAC address 70:e2:84:14:23:e1 from chip
Jul 31 17:24:56 witherspoon kernel[962]: [    3.640000] ftgmac100 1e660000.ethernet: Using NCSI interface
Jul 31 17:24:56 witherspoon kernel[962]: [    3.660000] ftgmac100 1e660000.ethernet eth0: irq 20, mapped at f0060000
Jul 31 17:24:56 witherspoon kernel[962]: [    3.660000] ehci_hcd: USB 2.0 'Enhanced' Host Controller (EHCI) Driver
Jul 31 17:24:56 witherspoon kernel[962]: [    3.660000] ehci-platform: EHCI generic platform driver
Jul 31 17:24:56 witherspoon kernel[962]: [    3.830000]  fsi0: can't read slave 00:00 -5
Jul 31 17:24:56 witherspoon kernel[962]: [    3.830000] i2c /dev entries driver
Jul 31 17:24:56 witherspoon kernel[962]: [    3.830000] aspeed-i2c-bus 1e78a0c0.i2c-bus: i2c bus 2 registered, irq 26
Jul 31 17:24:56 witherspoon kernel[962]: [    3.830000] aspeed-i2c-bus 1e78a100.i2c-bus: i2c bus 3 registered, irq 27
Jul 31 17:24:56 witherspoon kernel[962]: [    3.830000] aspeed-i2c-bus 1e78a140.i2c-bus: i2c bus 4 registered, irq 28
Jul 31 17:24:56 witherspoon kernel[962]: [    3.830000] aspeed-i2c-bus 1e78a180.i2c-bus: i2c bus 5 registered, irq 29
Jul 31 17:24:56 witherspoon kernel[962]: [    3.830000] aspeed-i2c-bus 1e78a380.i2c-bus: i2c bus 9 registered, irq 30
Jul 31 17:24:56 witherspoon kernel[962]: [    3.830000] aspeed-i2c-bus 1e78a3c0.i2c-bus: i2c bus 10 registered, irq 31
Jul 31 17:24:56 witherspoon kernel[962]: [    3.830000] rtc-rv8803 11-0032: Voltage low, temperature compensation stopped.
Jul 31 17:24:56 witherspoon kernel[962]: [    3.830000] rtc-rv8803 11-0032: An alarm maybe have been missed.
Jul 31 17:24:56 witherspoon kernel[962]: [    3.940000] rtc-rv8803 11-0032: rtc core: registered rx8900 as rtc0
Jul 31 17:24:56 witherspoon kernel[962]: [    3.940000] at24 11-0051: 8192 byte 24c64 EEPROM, writable, 1 bytes/write
Jul 31 17:24:56 witherspoon kernel[962]: [    3.940000] aspeed-i2c-bus 1e78a400.i2c-bus: i2c bus 11 registered, irq 32
Jul 31 17:24:56 witherspoon kernel[962]: [    3.940000] aspeed-i2c-bus 1e78a440.i2c-bus: i2c bus 12 registered, irq 33
Jul 31 17:24:56 witherspoon kernel[962]: [    3.940000] aspeed-i2c-bus 1e78a480.i2c-bus: i2c bus 13 registered, irq 34
Jul 31 17:24:56 witherspoon kernel[962]: [    3.940000] Driver for 1-wire Dallas network protocol.
Jul 31 17:24:56 witherspoon kernel[962]: [    3.940000] lm75 9-004a: hwmon0: sensor 'tmp275'
Jul 31 17:24:56 witherspoon kernel[962]: [    4.430000] max31785: probe of 3-0052 failed with error -5
Jul 31 17:24:56 witherspoon kernel[962]: [    4.440000] ucd9000 11-0064: Device ID UCD90160|2.3.4.0000|110603
Jul 31 17:24:56 witherspoon kernel[962]: [    4.760000] leds-pca955x 3-0060: leds-pca955x: Using pca9552 16-bit LED driver at slave address 0x60
Jul 31 17:24:56 witherspoon kernel[962]: [    4.790000] leds-pca955x 11-0060: leds-pca955x: Using pca9552 16-bit LED driver at slave address 0x60
Jul 31 17:24:56 witherspoon kernel[962]: [    4.800000] leds-pca955x 11-0060: gpios 264...279
Jul 31 17:24:56 witherspoon kernel[962]: [    4.800000] usbcore: registered new interface driver usbhid
Jul 31 17:24:56 witherspoon kernel[962]: [    4.810000] usbhid: USB HID core driver
Jul 31 17:24:56 witherspoon kernel[962]: [    4.860000] NET: Registered protocol family 10
Jul 31 17:24:56 witherspoon kernel[962]: [    4.860000] Segment Routing with IPv6
Jul 31 17:24:56 witherspoon kernel[962]: [    4.870000] NET: Registered protocol family 17
Jul 31 17:24:56 witherspoon kernel[962]: [    4.870000] 8021q: 802.1Q VLAN Support v1.8
Jul 31 17:24:59 witherspoon systemd[1]: Started Phosphor Settings Daemon.
Jul 31 17:24:56 witherspoon kernel[962]: [    4.870000] console [netcon0] enabled
Jul 31 17:24:59 witherspoon systemd[1]: Started Phosphor IPMI BT DBus Bridge.
Jul 31 17:24:56 witherspoon kernel[962]: [    4.890000] netconsole: network logging started
Jul 31 17:24:56 witherspoon kernel[962]: [    4.890000] input: gpio-keys as /devices/platform/gpio-keys/input/input0
Jul 31 17:24:56 witherspoon kernel[962]: [    4.900000] rtc-rv8803 11-0032: setting system clock to 2017-07-31 17:24:32 UTC (1501521872)
Jul 31 17:24:56 witherspoon kernel[962]: [    4.910000] Freeing unused kernel memory: 284K
Jul 31 17:24:56 witherspoon kernel[962]: [    4.910000] This architecture does not have kernel memory protection.
Jul 31 17:24:56 witherspoon kernel[962]: [    6.710000] jffs2: notice: (524) jffs2_build_xattr_subsystem: complete building xattr subsystem, 0 of xdatum (0 unchecked, 0 orphan) and 0 of xref (0 dead, 0 orphan) found.
Jul 31 17:24:56 witherspoon kernel[962]: [    8.890000] systemd[1]: Failed to insert module 'autofs4': No such file or directory
Jul 31 17:24:56 witherspoon kernel[962]: [    9.090000] systemd[1]: systemd 232 running in system mode. (+PAM -AUDIT -SELINUX -IMA -APPARMOR -SMACK +SYSVINIT -UTMP -LIBCRYPTSETUP -GCRYPT -GNUTLS +ACL +XZ -LZ4 -SECCOMP +BLKID -ELFUTILS +KMOD -IDN)
Jul 31 17:24:56 witherspoon kernel[962]: [    9.090000] systemd[1]: Detected architecture arm.
Jul 31 17:24:56 witherspoon kernel[962]: [    9.210000] systemd[1]: Set hostname to <witherspoon>.
Jul 31 17:24:56 witherspoon kernel[962]: [   10.750000] systemd[1]: Reached target Remote File Systems.
Jul 31 17:24:56 witherspoon kernel[962]: [   10.870000] systemd[1]: Listening on udev Kernel Socket.
Jul 31 17:24:56 witherspoon kernel[962]: [   10.910000] systemd[1]: Listening on Syslog Socket.
Jul 31 17:24:56 witherspoon kernel[962]: [   10.940000] systemd[1]: Started Dispatch Password Requests to Console Directory Watch.
Jul 31 17:24:56 witherspoon kernel[962]: [   11.000000] systemd[1]: Started Forward Password Requests to Wall Directory Watch.
Jul 31 17:24:56 witherspoon kernel[962]: [   11.040000] systemd[1]: Reached target Paths.
Jul 31 17:24:56 witherspoon kernel[962]: [   11.090000] systemd[1]: Listening on /dev/initctl Compatibility Named Pipe.
Jul 31 17:24:56 witherspoon kernel[962]: [   14.280000] systemd[1]: Created slice system-getty.slice.
Jul 31 17:24:56 witherspoon kernel[962]: [   14.540000] systemd[1]: Created slice system-serial\x2dgetty.slice.
Jul 31 17:24:56 witherspoon kernel[962]: [   14.810000] systemd[1]: Created slice system-phosphor\x2dcooling\x2dtype.slice.
Jul 31 17:24:56 witherspoon kernel[962]: [   14.840000] systemd[1]: Created slice system-obmc\x2dled\x2dgroup\x2dstart.slice.
Jul 31 17:24:56 witherspoon kernel[962]: [   14.890000] systemd[1]: Created slice system-op\x2dreset\x2dchassis\x2don.slice.
Jul 31 17:24:56 witherspoon kernel[962]: [   14.920000] systemd[1]: Created slice system-phosphor\x2dreset\x2dhost\x2drunning.slice.
Jul 31 17:24:56 witherspoon kernel[962]: [   14.950000] systemd[1]: Created slice system-phosphor\x2dreset\x2dhost\x2dcheck.slice.
Jul 31 17:24:56 witherspoon kernel[962]: [   14.990000] systemd[1]: dev-hugepages.mount: Couldn't determine result for ConditionVirtualization=!private-users, assuming failed: No such file or directory
Jul 31 17:24:56 witherspoon kernel[962]: [   14.990000] systemd[1]: Mounted Debug File System.
Jul 31 17:24:56 witherspoon kernel[962]: [   15.030000] systemd[1]: Mounted Temporary Directory.
Jul 31 17:24:56 witherspoon kernel[962]: [   15.920000] systemd-journald[649]: Received request to flush runtime journal from PID 1
Jul 31 17:25:00 witherspoon systemd[1]: Started Phosphor sysfs LED controller.
Jul 31 17:25:00 witherspoon systemd[1]: Reached target Containers.
Jul 31 17:25:00 witherspoon systemd[1]: Started Phosphor sysfs LED controller.
Jul 31 17:25:00 witherspoon systemd[1]: Starting Phosphor Dump Manager...
Jul 31 17:25:00 witherspoon systemd[1]: Started Phosphor sysfs LED controller.
Jul 31 17:25:00 witherspoon systemd[1]: Starting Attach the PNOR mtd device to UBI...
Jul 31 17:25:00 witherspoon systemd[1]: Started Phosphor sysfs LED controller.
Jul 31 17:25:00 witherspoon systemd[1]: Started Phosphor Dump core monitor..
Jul 31 17:25:01 witherspoon systemd[1]: Starting Phosphor Network Manager...
Jul 31 17:25:01 witherspoon obmc-flash-bios[974]: ubiattach: error!: cannot attach mtd7
Jul 31 17:25:01 witherspoon obmc-flash-bios[974]:            error 22 (Invalid argument)
Jul 31 17:25:01 witherspoon systemd[1]: Starting Phosphor DBus Service Discovery Manager...
Jul 31 17:25:01 witherspoon systemd[1]: Starting Avahi mDNS/DNS-SD Stack...
Jul 31 17:25:01 witherspoon obmc-flash-bios[974]: Starting ubiformat /dev/mtd7
Jul 31 17:25:01 witherspoon kernel: ubi7: default fastmap pool size: 100
Jul 31 17:25:01 witherspoon kernel: ubi7: default fastmap WL pool size: 50
Jul 31 17:25:01 witherspoon kernel: ubi7: attaching mtd7
Jul 31 17:25:01 witherspoon kernel: ubi7: scanning is finished
Jul 31 17:25:01 witherspoon kernel: ubi7 error: ubi_read_volume_table: the layout volume was not found
Jul 31 17:25:01 witherspoon kernel: ubi7 error: ubi_attach_mtd_dev: failed to attach mtd7, error -22
Jul 31 17:25:01 witherspoon kernel[962]: [   33.780000] ubi7: default fastmap pool size: 100
Jul 31 17:25:01 witherspoon systemd[1]: Starting Phosphor Inventory Manager...
Jul 31 17:25:01 witherspoon kernel[962]: [   33.780000] ubi7: default fastmap WL pool size: 50
Jul 31 17:25:01 witherspoon kernel[962]: [   33.780000] ubi7: attaching mtd7
Jul 31 17:25:01 witherspoon kernel[962]: [   33.780000] ubi7: scanning is finished
Jul 31 17:25:01 witherspoon kernel[962]: [   33.780000] ubi7 error: ubi_read_volume_table: the layout volume was not found
Jul 31 17:25:01 witherspoon kernel[962]: [   33.780000] ubi7 error: ubi_attach_mtd_dev: failed to attach mtd7, error -22
Jul 31 17:25:01 witherspoon systemd[1]: Started Phosphor sysfs LED controller.
Jul 31 17:25:02 witherspoon systemd[1]: Starting Phosphor Log Manager...
Jul 31 17:25:02 witherspoon systemd[1]: Started Daily Cleanup of Temporary Directories.
Jul 31 17:25:02 witherspoon systemd[1]: Reached target Timers.
Jul 31 17:25:02 witherspoon systemd[1]: Started Hardware RNG Entropy Gatherer Daemon.
Jul 31 17:25:02 witherspoon systemd[1]: Starting Network Service...
Jul 31 17:25:02 witherspoon systemd[1]: Started Clear one time boot overrides.
Jul 31 17:25:02 witherspoon systemd[1]: Started Phosphor BMC0 Control.
Jul 31 17:25:02 witherspoon systemd[1]: Started Phosphor Download Manager.
Jul 31 17:25:02 witherspoon systemd[1]: Started Phosphor Inventory Manager.
Jul 31 17:25:02 witherspoon systemd[1]: Started Phosphor LED Group Management Daemon.
Jul 31 17:25:02 witherspoon systemd[1]: Started OpenBMC Software Update Manager.
Jul 31 17:25:03 witherspoon systemd[1]: Started Phosphor Dump Manager.
Jul 31 17:25:03 witherspoon systemd[1]: Started Phosphor Log Manager.
Jul 31 17:25:04 witherspoon avahi-daemon[984]: Found user 'avahi' (UID 999) and group 'avahi' (GID 999).
Jul 31 17:25:04 witherspoon avahi-daemon[984]: Successfully dropped root privileges.
Jul 31 17:25:04 witherspoon avahi-daemon[984]: avahi-daemon 0.6.32 starting up.
Jul 31 17:25:04 witherspoon systemd[1]: Started Avahi mDNS/DNS-SD Stack.
Jul 31 17:25:04 witherspoon avahi-daemon[984]: Successfully called chroot().
Jul 31 17:25:04 witherspoon avahi-daemon[984]: Successfully dropped remaining capabilities.
Jul 31 17:25:04 witherspoon avahi-daemon[984]: Loading service file /services/obmc_console.service.
Jul 31 17:25:04 witherspoon avahi-daemon[984]: Loading service file /services/phosphor_rest.service.
Jul 31 17:25:04 witherspoon avahi-daemon[984]: Loading service file /services/sftp-ssh.service.
Jul 31 17:25:04 witherspoon avahi-daemon[984]: Loading service file /services/sftp.service.
Jul 31 17:25:04 witherspoon avahi-daemon[984]: Loading service file /services/ssh.service.
Jul 31 17:25:04 witherspoon avahi-daemon[984]: Network interface enumeration completed.
Jul 31 17:25:04 witherspoon avahi-daemon[984]: Server startup complete. Host name is witherspoon.local. Local service cookie is 228176368.
Jul 31 17:25:04 witherspoon avahi-daemon[984]: Service "witherspoon" (/services/ssh.service) successfully established.
Jul 31 17:25:04 witherspoon avahi-daemon[984]: Service "sftp" (/services/sftp.service) successfully established.
Jul 31 17:25:04 witherspoon avahi-daemon[984]: Service "witherspoon" (/services/sftp-ssh.service) successfully established.
Jul 31 17:25:05 witherspoon systemd-networkd[991]: Enumeration completed
Jul 31 17:25:04 witherspoon avahi-daemon[984]: Service "phosphor_rest" (/services/phosphor_rest.service) successfully established.
Jul 31 17:25:05 witherspoon systemd[1]: Started Network Service.
Jul 31 17:25:04 witherspoon avahi-daemon[984]: Service "obmc_console" (/services/obmc_console.service) successfully established.
Jul 31 17:25:05 witherspoon systemd[1]: Reached target Network.
Jul 31 17:25:05 witherspoon avahi-daemon[984]: Joining mDNS multicast group on interface eth0.IPv4 with address 9.3.86.161.
Jul 31 17:25:05 witherspoon systemd-networkd[991]: eth0: IPv6 enabled for interface: Success
Jul 31 17:25:05 witherspoon avahi-daemon[984]: New relevant interface eth0.IPv4 for mDNS.
Jul 31 17:25:05 witherspoon systemd-networkd[991]: eth0: Gained carrier
Jul 31 17:25:05 witherspoon avahi-daemon[984]: Registering new address record for 9.3.86.161 on eth0.IPv4.
Jul 31 17:25:05 witherspoon systemd[1]: Starting Permit User Sessions...
Jul 31 17:25:05 witherspoon systemd-timesyncd[901]: Network configuration changed, trying to establish connection.
Jul 31 17:25:05 witherspoon systemd[1]: Started Lightweight SLP Server.
Jul 31 17:25:06 witherspoon systemd[1]: Started Permit User Sessions.
Jul 31 17:25:06 witherspoon systemd[1]: Started Serial Getty on ttyS4.
Jul 31 17:25:06 witherspoon systemd[1]: Reached target Login Prompts.
Jul 31 17:25:06 witherspoon avahi-daemon[984]: Joining mDNS multicast group on interface eth0.IPv6 with address fe80::72e2:84ff:fe14:23e1.
Jul 31 17:25:06 witherspoon systemd-networkd[991]: eth0: Gained IPv6LL
Jul 31 17:25:06 witherspoon avahi-daemon[984]: New relevant interface eth0.IPv6 for mDNS.
Jul 31 17:25:06 witherspoon avahi-daemon[984]: Registering new address record for fe80::72e2:84ff:fe14:23e1 on eth0.*.
Jul 31 17:25:09 witherspoon kernel: ftgmac100 1e660000.ethernet eth0: NCSI interface up
Jul 31 17:25:09 witherspoon kernel[962]: [   42.110000] ftgmac100 1e660000.ethernet eth0: NCSI interface up
Jul 31 17:25:15 witherspoon systemd[1]: Created slice system-dropbear.slice.
Jul 31 17:25:15 witherspoon systemd[1]: Started SSH Per-Connection Server (9.41.165.94:46260).
Jul 31 17:25:16 witherspoon dropbear[1001]: Failed loading /etc/dropbear/dropbear_dss_host_key
Jul 31 17:25:16 witherspoon dropbear[1001]: Failed loading /etc/dropbear/dropbear_ecdsa_host_key
Jul 31 17:25:16 witherspoon dropbear[1001]: Child connection from ::ffff:9.41.165.94:46260
Jul 31 17:25:19 witherspoon systemd-networkd[991]: eth0: Configured
Jul 31 17:25:19 witherspoon systemd-timesyncd[901]: Network configuration changed, trying to establish connection.
Jul 31 17:25:20 witherspoon chassis_control.py[948]: Running ChassisControlService
Jul 31 17:25:20 witherspoon systemd[1]: Started Phosphor Chassis0 Control.
Jul 31 17:25:20 witherspoon sensor_manager2.py[953]: Setting boot count to 3
Jul 31 17:25:20 witherspoon download_manager.py[955]: Running Download Manager
Jul 31 17:25:20 witherspoon systemd[1]: Started Phosphor Download Manager.
Jul 31 17:25:20 witherspoon sensor_manager2.py[953]: Starting sensor manager
Jul 31 17:25:20 witherspoon systemd[1]: Started Phosphor Sensor Manager.
Jul 31 17:25:21 witherspoon dropbear[1001]: PAM password auth succeeded for 'root' from ::ffff:9.41.165.94:46260
Jul 31 17:25:21 witherspoon dropbear[1002]: lastlog_perform_login: Couldn't stat /var/log/lastlog: No such file or directory
Jul 31 17:25:21 witherspoon dropbear[1002]: lastlog_openseek: /var/log/lastlog is not a file or directory!
Jul 31 17:25:24 witherspoon systemd[1]: Started Phosphor User Manager.
Jul 31 17:25:24 witherspoon obmc-phosphor-userd[963]: Started
Jul 31 17:25:24 witherspoon phosphor-mapper[982]: ObjectMapper startup complete.  Discovery in progress...
Jul 31 17:25:25 witherspoon avahi-daemon[995]: ../../avahi-0.6.32/avahi-daemon/chroot.c: open() failed: No such file or directory
Jul 31 17:25:25 witherspoon avahi-daemon[984]: Failed to open /usr/share/dbus-1/interfaces/org.freedesktop.Avahi.Server.xml: Invalid argument
Jul 31 17:25:25 witherspoon avahi-daemon[984]: Failed to load introspection data.
Jul 31 17:25:29 witherspoon inventory_items.py[986]: Loading from cache: /var/cache/obmc/org.openbmc.inventory.system.chassis.motherboard.apss@org.openbmc.InventoryItem.props
Jul 31 17:25:29 witherspoon inventory_items.py[986]: Loading from cache: /var/cache/obmc/org.openbmc.inventory.system.chassis.motherboard@org.openbmc.InventoryItem.props
Jul 31 17:25:29 witherspoon inventory_items.py[986]: Loading from cache: /var/cache/obmc/org.openbmc.inventory.system.chassis.motherboard.refclock@org.openbmc.InventoryItem.props
Jul 31 17:25:29 witherspoon inventory_items.py[986]: Loading from cache: /var/cache/obmc/org.openbmc.inventory.system.chassis.motherboard.cpu1.core7@org.openbmc.InventoryItem.props
Jul 31 17:25:29 witherspoon inventory_items.py[986]: Loading from cache: /var/cache/obmc/org.openbmc.inventory.system.chassis.motherboard.cpu1.core4@org.openbmc.InventoryItem.props
Jul 31 17:25:29 witherspoon inventory_items.py[986]: Loading from cache: /var/cache/obmc/org.openbmc.inventory.system.chassis.motherboard.cpu1.core1@org.openbmc.InventoryItem.props
Jul 31 17:25:29 witherspoon inventory_items.py[986]: Loading from cache: /var/cache/obmc/org.openbmc.inventory.system.chassis.motherboard.cpu1.core10@org.openbmc.InventoryItem.props
Jul 31 17:25:29 witherspoon inventory_items.py[986]: Loading from cache: /var/cache/obmc/org.openbmc.inventory.system.chassis.motherboard.todclock@org.openbmc.InventoryItem.props
Jul 31 17:25:29 witherspoon inventory_items.py[986]: Loading from cache: /var/cache/obmc/org.openbmc.inventory.system.chassis.motherboard.cpu1@org.openbmc.InventoryItem.props
Jul 31 17:25:29 witherspoon inventory_items.py[986]: Loading from cache: /var/cache/obmc/org.openbmc.inventory.system.chassis.motherboard.bmc@org.openbmc.InventoryItem.props
Jul 31 17:25:29 witherspoon inventory_items.py[986]: Caching: /org/openbmc/inventory/system/chassis/motherboard/bmc
Jul 31 17:25:29 witherspoon inventory_items.py[986]: Loading from cache: /var/cache/obmc/org.openbmc.inventory.system.chassis.motherboard.cpu0.core1@org.openbmc.InventoryItem.props
Jul 31 17:25:29 witherspoon inventory_items.py[986]: Loading from cache: /var/cache/obmc/org.openbmc.inventory.system.chassis.motherboard.cpu0.core7@org.openbmc.InventoryItem.props
Jul 31 17:25:29 witherspoon inventory_items.py[986]: Loading from cache: /var/cache/obmc/org.openbmc.inventory.system.chassis.motherboard.cpu0.core4@org.openbmc.InventoryItem.props
Jul 31 17:25:29 witherspoon inventory_items.py[986]: Loading from cache: /var/cache/obmc/org.openbmc.inventory.system.chassis.motherboard.pcieclock@org.openbmc.InventoryItem.props
Jul 31 17:25:29 witherspoon inventory_items.py[986]: Loading from cache: /var/cache/obmc/org.openbmc.inventory.system.chassis.motherboard.cpu0.core10@org.openbmc.InventoryItem.props
Jul 31 17:25:29 witherspoon inventory_items.py[986]: Running Inventory Manager
Jul 31 17:25:29 witherspoon systemd[1]: Started Phosphor Inventory Manager.
Jul 31 17:25:31 witherspoon systemd[1]: Started Phosphor Network Manager.
Jul 31 17:25:31 witherspoon netman.py[981]: Started
Jul 31 17:25:41 witherspoon phosphor-mapper[982]: ObjectMapper discovery complete
Jul 31 17:25:41 witherspoon systemd[1]: Started Phosphor DBus Service Discovery Manager.
Jul 31 17:25:41 witherspoon systemd[1]: Started Phosphor Hwmon Poller.
Jul 31 17:25:41 witherspoon systemd[1]: Reached target Phosphor Object Mapper.
Jul 31 17:25:41 witherspoon systemd[1]: Started Phosphor DBus Monitor.
Jul 31 17:25:41 witherspoon systemd[1]: Reached target Webserver (pre).
Jul 31 17:25:41 witherspoon systemd[1]: Started Phosphor Webserver.
Jul 31 17:25:41 witherspoon systemd[1]: Starting Wait for /xyz/openbmc_project/state/host0...
Jul 31 17:25:41 witherspoon systemd[1]: Starting Wait for /xyz/openbmc_project/led/groups...
Jul 31 17:25:41 witherspoon systemd[1]: Starting Wait for /xyz/openbmc_project/state/chassis0...
Jul 31 17:25:41 witherspoon systemd[1]: Starting Phoshpor System Manager...
Jul 31 17:25:41 witherspoon systemd[1]: Starting Wait for /org/openbmc/control/power0...
Jul 31 17:25:41 witherspoon systemd[1]: Starting Phosphor Network Manager...
Jul 31 17:25:41 witherspoon systemd[1]: Starting Wait for /org/openbmc/managers/Download...
Jul 31 17:25:41 witherspoon systemd[1]: Starting Wait for /xyz/openbmc_project/inventory...
Jul 31 17:25:41 witherspoon systemd[1]: Starting Phosphor Settings Manager...
Jul 31 17:25:41 witherspoon systemd[1]: Starting Wait for /org/openbmc/NetworkManager/Interface...
Jul 31 17:25:41 witherspoon systemd[1]: Starting Wait for /xyz/openbmc_project/led/groups/bmc_booted...
Jul 31 17:25:43 witherspoon systemd[1]: Starting Wait for /org/openbmc/control/flash/bios...
Jul 31 17:25:43 witherspoon systemd[1]: Starting Wait for /org/openbmc/managers/System...
Jul 31 17:25:43 witherspoon systemd[1]: Starting Wait for /org/openbmc/control/bmc0...
Jul 31 17:25:43 witherspoon systemd[1]: Starting Wait for /xyz/openbmc_project/control/host0...
Jul 31 17:25:52 witherspoon systemd[1]: Started Phosphor Hwmon Poller.
Jul 31 17:25:52 witherspoon systemd[1]: Started Phosphor Hwmon Poller.
Jul 31 17:25:52 witherspoon systemd[1]: Started Phosphor Hwmon Poller.
Jul 31 17:25:52 witherspoon systemd[1]: Started Phosphor Hwmon Poller.
Jul 31 17:25:55 witherspoon phosphor-network-manager[1016]: ConfigParser: Section not found
Jul 31 17:25:55 witherspoon phosphor-network-manager[1016]: The operation failed internally.
Jul 31 17:25:55 witherspoon phosphor-network-manager[1016]: ConfigParser: Section not found
Jul 31 17:25:55 witherspoon phosphor-network-manager[1016]: The operation failed internally.
Jul 31 17:25:55 witherspoon phosphor-network-manager[1016]: ConfigParser: Key not found
Jul 31 17:25:55 witherspoon phosphor-network-manager[1016]: The operation failed internally.
Jul 31 17:25:56 witherspoon systemd[1]: Started Wait for /xyz/openbmc_project/led/groups/bmc_booted.
Jul 31 17:25:56 witherspoon systemd[1]: Starting Assert bmc_booted LED...
Jul 31 17:25:56 witherspoon systemd[1]: Started Wait for /xyz/openbmc_project/led/groups.
Jul 31 17:25:56 witherspoon systemd[1]: Started FRU Fault monitor service.
Jul 31 17:25:56 witherspoon systemd[1]: Started Wait for /org/openbmc/managers/Download.
Jul 31 17:25:56 witherspoon systemd[1]: Started Wait for /xyz/openbmc_project/inventory.
Jul 31 17:25:56 witherspoon systemd[1]: Started Wait for /org/openbmc/NetworkManager/Interface.
Jul 31 17:25:56 witherspoon systemd[1]: Started Phosphor DNS Settings Cache Manager.
Jul 31 17:25:56 witherspoon systemd[1]: Starting OpenPOWER OCC controller...
Jul 31 17:25:56 witherspoon systemd[1]: Started Phosphor Cooling Type.
Jul 31 17:25:57 witherspoon systemd[1]: Starting Read OpenPOWER-format VPD from EEPROM...
Jul 31 17:25:57 witherspoon systemd[1]: Starting Phosphor BIOS Code Update...
Jul 31 17:25:57 witherspoon systemd[1]: Started Phosphor BIOS Code Update.
Jul 31 17:25:57 witherspoon systemd[1]: Started Wait for /org/openbmc/control/bmc0.
Jul 31 17:25:57 witherspoon systemd[1]: Starting Phosphor BMC Code Update...
Jul 31 17:25:58 witherspoon phosphor-log-manager[988]: Failed to find metadata
Jul 31 17:25:58 witherspoon phosphor-fru-fault-monitor[1036]: /xyz/openbmc_project/logging/entry/1
Jul 31 17:26:00 witherspoon systemd[1]: Started Assert bmc_booted LED.
Jul 31 17:26:02 witherspoon systemd[1]: Started Wait for /org/openbmc/control/flash/bios.
Jul 31 17:26:03 witherspoon systemd[1]: Started Initialize BIOS Flash.
Jul 31 17:26:05 witherspoon system_manager.py[1014]: Running System State: BASE_APPS
Jul 31 17:26:06 witherspoon settings_manager.py[1019]: Running HostSettingsService
Jul 31 17:26:06 witherspoon systemd[1]: Started Phosphor Settings Manager.
Jul 31 17:26:06 witherspoon systemd[1]: Starting Wait for /org/openbmc/settings/host0...
Jul 31 17:26:06 witherspoon dbus[965]: [system] Activating via systemd: service name='org.freedesktop.hostname1' unit='dbus-org.freedesktop.hostname1.service'
Jul 31 17:26:06 witherspoon system_manager.py[1014]: SystemManager Init Done
Jul 31 17:26:07 witherspoon system_manager.py[1014]: Running SystemManager
Jul 31 17:26:08 witherspoon flash_bios.exe[1041]: Starting flasher: bios,,/org/openbmc/control/flash/bios,
Jul 31 17:26:08 witherspoon flash_bios.exe[1041]: flasher: , BMC = 1, address = 0x0
Jul 31 17:26:08 witherspoon flash_bios.exe[1041]: Setting up flash
Jul 31 17:26:08 witherspoon systemd[1]: Started Phoshpor System Manager.
Jul 31 17:26:08 witherspoon systemd[1]: Started OpenPOWER OCC controller.
Jul 31 17:26:08 witherspoon systemd[1]: Starting Hostname Service...
Jul 31 17:26:09 witherspoon system_manager.py[1014]: SystemManager Goto System State: BMC_STARTING
Jul 31 17:26:09 witherspoon system_manager.py[1014]: Running System State: BMC_STARTING
Jul 31 17:26:09 witherspoon flash_bios.exe[1041]: Starting flasher: bios,,/org/openbmc/control/flash/bios,
Jul 31 17:26:09 witherspoon flash_bios.exe[1041]: flasher: , BMC = 1, address = 0x0
Jul 31 17:26:09 witherspoon flash_bios.exe[1041]: Setting up flash
Jul 31 17:26:10 witherspoon systemd[1]: Started Read OpenPOWER-format VPD from EEPROM.
Jul 31 17:26:11 witherspoon systemd[1]: Started Wait for /org/openbmc/settings/host0.
Jul 31 17:26:11 witherspoon systemd[1]: Started Phosphor Inband IPMI.
Jul 31 17:26:12 witherspoon systemd[1]: Started Wait for /org/openbmc/managers/System.
Jul 31 17:26:12 witherspoon systemd[1]: Starting Phosphor BMC State Manager...
Jul 31 17:26:12 witherspoon systemd[1]: Starting Phosphor Host State Manager...
Jul 31 17:26:12 witherspoon systemd[1]: Starting Phosphor Chassis State Manager...
Jul 31 17:26:12 witherspoon systemd[1]: Starting Phosphor Power Button0...
Jul 31 17:26:12 witherspoon systemd[1]: Starting Phosphor Reset Button0...
Jul 31 17:26:15 witherspoon systemd[1]: Starting Phosphor Power0 Control...
Jul 31 17:26:16 witherspoon dbus[965]: [system] Successfully activated service 'org.freedesktop.hostname1'
Jul 31 17:26:16 witherspoon systemd[1]: Started Hostname Service.
Jul 31 17:26:16 witherspoon bmc_update.py[1045]: Running Bmc Flash Control
Jul 31 17:26:16 witherspoon systemd[1]: Started Phosphor BMC Code Update.
Jul 31 17:26:16 witherspoon phosphor-chassis-state-manager[1069]: Initial Chassis State will be Off
Jul 31 17:26:16 witherspoon systemd[1]: Started Phosphor Network Manager.
Jul 31 17:26:16 witherspoon systemd[1]: Started Phosphor Chassis State Manager.
Jul 31 17:26:16 witherspoon phosphor-bmc-state-manager[1067]: Setting the BMCState field
Jul 31 17:26:16 witherspoon phosphor-bmc-state-manager[1067]: Setting the BMCState field
Jul 31 17:26:16 witherspoon systemd[1]: Started Phosphor BMC State Manager.
Jul 31 17:26:19 witherspoon button_power.exe[1070]: GPIO Lookup:  POWER_BUTTON = 347,both
Jul 31 17:26:19 witherspoon button_reset.exe[1071]: GPIO Lookup:  RESET_BUTTON = 353,both
Jul 31 17:26:19 witherspoon systemd[1]: Started Phosphor Power Button0.
Jul 31 17:26:19 witherspoon systemd[1]: Started Phosphor Reset Button0.
Jul 31 17:26:19 witherspoon phosphor-host-state-manager[1068]: Initial Host State will be Off
Jul 31 17:26:19 witherspoon system_manager.py[1014]: New object: /org/openbmc/control/power0 (:1.74)
Jul 31 17:26:20 witherspoon system_manager.py[1014]: Power GPIO config: ['SYS_PWROK_BUFF', '', [('SOFTWARE_PGOOD', True), ('BMC_POWER_UP', True)], [('BMC_CP0_RESET_N', False)], [], 'FSI_DATA', 'FSI_CLK', 'FSI_ENABLE', 'CRONUS_SEL', []]
Jul 31 17:26:20 witherspoon power_control.exe[1077]: Power GPIO latch output:
Jul 31 17:26:20 witherspoon power_control.exe[1077]: Power GPIO power good input: SYS_PWROK_BUFF
Jul 31 17:26:20 witherspoon power_control.exe[1077]: Power GPIO 2 power_up outputs
Jul 31 17:26:20 witherspoon power_control.exe[1077]: Power GPIO power_up[0] = SOFTWARE_PGOOD active HIGH
Jul 31 17:26:20 witherspoon power_control.exe[1077]: Power GPIO power_up[1] = BMC_POWER_UP active HIGH
Jul 31 17:26:20 witherspoon power_control.exe[1077]: Power GPIO 1 reset outputs
Jul 31 17:26:20 witherspoon power_control.exe[1077]: Power GPIO reset[0] = BMC_CP0_RESET_N active LOW
Jul 31 17:26:20 witherspoon power_control.exe[1077]: Power GPIO 0 pci reset outputs
Jul 31 17:26:20 witherspoon power_control.exe[1077]: FSI DATA GPIO: FSI_DATA
Jul 31 17:26:20 witherspoon power_control.exe[1077]: FSI CLK GPIO: FSI_CLK
Jul 31 17:26:20 witherspoon power_control.exe[1077]: FSI ENABLE GPIO: FSI_ENABLE
Jul 31 17:26:20 witherspoon power_control.exe[1077]: CRONUS SEL GPIO: CRONUS_SEL
Jul 31 17:26:20 witherspoon power_control.exe[1077]: Hostctl GPIO optionals: 0
Jul 31 17:26:20 witherspoon power_control.exe[1077]: GPIO Lookup:  SYS_PWROK_BUFF = 306,in
Jul 31 17:26:20 witherspoon power_control.exe[1077]: GPIO Lookup:  SOFTWARE_PGOOD = 417,out
Jul 31 17:26:20 witherspoon power_control.exe[1077]: GPIO Lookup:  BMC_POWER_UP = 305,out
Jul 31 17:26:21 witherspoon power_control.exe[1077]: GPIO Lookup:  BMC_CP0_RESET_N = 281,out
Jul 31 17:26:21 witherspoon power_control.exe[1077]: Pgood state: 0
Jul 31 17:26:21 witherspoon systemd[1]: Started Phosphor Power0 Control.
Jul 31 17:26:25 witherspoon systemd[1]: Started Phosphor Host State Manager.
Jul 31 17:26:26 witherspoon systemd[1]: Started Wait for /xyz/openbmc_project/state/chassis0.
Jul 31 17:26:28 witherspoon system_manager.py[1014]: SystemManager Goto System State: BMC_READY
Jul 31 17:26:28 witherspoon system_manager.py[1014]: Running System State: BMC_READY
Jul 31 17:26:28 witherspoon systemd[1]: Started Wait for /org/openbmc/control/power0.
Jul 31 17:26:28 witherspoon systemd[1]: Starting Phosphor Time Manager daemon...
Jul 31 17:26:28 witherspoon systemd[1]: Starting Check Chassis0 pgood and create a file to indicate it...
Jul 31 17:26:29 witherspoon timemanager[1097]: Registering dbus methods
Jul 31 17:26:29 witherspoon systemd[1]: Started Wait for /xyz/openbmc_project/state/host0.
Jul 31 17:26:29 witherspoon systemd[1]: Starting Reboot If Enabled...
Jul 31 17:26:30 witherspoon systemd[1]: Started Wait for /xyz/openbmc_project/control/host0.
Jul 31 17:26:30 witherspoon timemanager[1097]: Last known time_mode: NTP
Jul 31 17:26:30 witherspoon timemanager[1097]: Last known time_owner: BMC
Jul 31 17:26:30 witherspoon timemanager[1097]: Empty DhcpNtp string
Jul 31 17:26:30 witherspoon timemanager[1097]: Reading Power Control key: pgood
Jul 31 17:26:30 witherspoon timemanager[1097]: Changing settings *allowed* now
Jul 31 17:26:30 witherspoon timemanager[1097]: Getting System Settings: time_mode
Jul 31 17:26:30 witherspoon systemd[1]: Started Check Chassis0 pgood and create a file to indicate it.
Jul 31 17:26:30 witherspoon systemd[1]: Reached target Chassis0 power on after reset.
Jul 31 17:26:30 witherspoon systemd[1]: Reached target Host0 running after reset.
Jul 31 17:26:30 witherspoon systemd[1]: Reached target Host0 (Reset Check).
Jul 31 17:26:30 witherspoon systemd[1]: Reached target Chassis0 (Reset Check).
Jul 31 17:26:30 witherspoon phosphor-discover-system-state[1106]: Host power is off, checking power policy
Jul 31 17:26:30 witherspoon systemd[1]: Started Reboot If Enabled.
Jul 31 17:26:31 witherspoon timemanager[1097]: Requested_Mode: NTP Current_Mode: NTP
Jul 31 17:26:31 witherspoon timemanager[1097]: Mode is already set to : NTP
Jul 31 17:26:31 witherspoon timemanager[1097]: Getting System Settings: time_owner
Jul 31 17:26:31 witherspoon timemanager[1097]: Owner is already set to : BMC
Jul 31 17:26:31 witherspoon timemanager[1097]: Getting System Settings: use_dhcp_ntp
Jul 31 17:26:31 witherspoon timemanager[1097]: use_dhcp_ntp = yes
Jul 31 17:26:31 witherspoon timemanager[1097]: Last known host_offset:0
Jul 31 17:26:31 witherspoon timemanager[1097]: Initial Uptime Usec: 1501521867590293
Jul 31 17:26:31 witherspoon systemd[1]: Started Phosphor Time Manager daemon.
Jul 31 17:26:51 witherspoon phosphor-gevent[1010]: Traceback (most recent call last):
Jul 31 17:26:51 witherspoon phosphor-gevent[1010]:   File "/usr/lib/python2.7/site-packages/gevent/greenlet.py", line 327, in run
Jul 31 17:26:51 witherspoon phosphor-gevent[1010]:     result = self._run(*self.args, **self.kwargs)
Jul 31 17:26:51 witherspoon phosphor-gevent[1010]:   File "/usr/lib/python2.7/site-packages/gevent/server.py", line 102, in wrap_socket_and_handle
Jul 31 17:26:51 witherspoon phosphor-gevent[1010]:     ssl_socket = self.wrap_socket(client_socket, **self.ssl_args)
Jul 31 17:26:51 witherspoon phosphor-gevent[1010]:   File "/usr/lib/python2.7/site-packages/gevent/ssl.py", line 404, in wrap_socket
Jul 31 17:26:51 witherspoon phosphor-gevent[1010]:     ciphers=ciphers)
Jul 31 17:26:51 witherspoon phosphor-gevent[1010]:   File "/usr/lib/python2.7/site-packages/gevent/ssl.py", line 113, in __init__
Jul 31 17:26:51 witherspoon phosphor-gevent[1010]:     self.do_handshake()
Jul 31 17:26:51 witherspoon phosphor-gevent[1010]:   File "/usr/lib/python2.7/site-packages/gevent/ssl.py", line 324, in do_handshake
Jul 31 17:26:51 witherspoon phosphor-gevent[1010]:     return self._sslobj.do_handshake()
Jul 31 17:26:51 witherspoon phosphor-gevent[1010]: SSLEOFError: EOF occurred in violation of protocol (_ssl.c:590)
Jul 31 17:26:51 witherspoon phosphor-gevent[1010]: <Greenlet at 0x75fd13f0: <bound method WSGIServer.wrap_socket_and_handle of <WSGIServer at 0x75fa7b50 fileno=5 address=('::34b2:eb76:b08d:6176%1986104736', 443, 0, 1986104736)>>(<socket at 0x75e7e830 fileno=9>, ('::8099:5f76:8e91:f402%1995086620', 57648, 0, 199)> failed with SSLEOFError
Jul 31 17:26:52 witherspoon phosphor-gevent[1010]: Traceback (most recent call last):
Jul 31 17:26:52 witherspoon phosphor-gevent[1010]:   File "/usr/lib/python2.7/site-packages/gevent/greenlet.py", line 327, in run
Jul 31 17:26:52 witherspoon phosphor-gevent[1010]:     result = self._run(*self.args, **self.kwargs)
Jul 31 17:26:52 witherspoon phosphor-gevent[1010]:   File "/usr/lib/python2.7/site-packages/gevent/server.py", line 102, in wrap_socket_and_handle
Jul 31 17:26:52 witherspoon phosphor-gevent[1010]:     ssl_socket = self.wrap_socket(client_socket, **self.ssl_args)
Jul 31 17:26:52 witherspoon phosphor-gevent[1010]:   File "/usr/lib/python2.7/site-packages/gevent/ssl.py", line 404, in wrap_socket
Jul 31 17:26:52 witherspoon phosphor-gevent[1010]:     ciphers=ciphers)
Jul 31 17:26:52 witherspoon phosphor-gevent[1010]:   File "/usr/lib/python2.7/site-packages/gevent/ssl.py", line 113, in __init__
Jul 31 17:26:52 witherspoon phosphor-gevent[1010]:     self.do_handshake()
Jul 31 17:26:52 witherspoon phosphor-gevent[1010]:   File "/usr/lib/python2.7/site-packages/gevent/ssl.py", line 324, in do_handshake
Jul 31 17:26:52 witherspoon phosphor-gevent[1010]:     return self._sslobj.do_handshake()
Jul 31 17:26:52 witherspoon phosphor-gevent[1010]: SSLEOFError: EOF occurred in violation of protocol (_ssl.c:590)
Jul 31 17:26:52 witherspoon phosphor-gevent[1010]: <Greenlet at 0x75fd16c0: <bound method WSGIServer.wrap_socket_and_handle of <WSGIServer at 0x75fa7b50 fileno=5 address=('::34b2:eb76:b08d:6176%1986104736', 443, 0, 1986104736)>>(<socket at 0x75e7e7d0 fileno=10>, ('::8099:5f76:8e91:f402%1995086620', 57650, 0, 199)> failed with SSLEOFError
Jul 31 17:26:52 witherspoon phosphor-gevent[1010]: Traceback (most recent call last):
Jul 31 17:26:52 witherspoon phosphor-gevent[1010]:   File "/usr/lib/python2.7/site-packages/gevent/greenlet.py", line 327, in run
Jul 31 17:26:52 witherspoon phosphor-gevent[1010]:     result = self._run(*self.args, **self.kwargs)
Jul 31 17:26:52 witherspoon phosphor-gevent[1010]:   File "/usr/lib/python2.7/site-packages/gevent/server.py", line 102, in wrap_socket_and_handle
Jul 31 17:26:52 witherspoon phosphor-gevent[1010]:     ssl_socket = self.wrap_socket(client_socket, **self.ssl_args)
Jul 31 17:26:52 witherspoon phosphor-gevent[1010]:   File "/usr/lib/python2.7/site-packages/gevent/ssl.py", line 404, in wrap_socket
Jul 31 17:26:52 witherspoon phosphor-gevent[1010]:     ciphers=ciphers)
Jul 31 17:26:52 witherspoon phosphor-gevent[1010]:   File "/usr/lib/python2.7/site-packages/gevent/ssl.py", line 113, in __init__
Jul 31 17:26:52 witherspoon phosphor-gevent[1010]:     self.do_handshake()
Jul 31 17:26:52 witherspoon phosphor-gevent[1010]:   File "/usr/lib/python2.7/site-packages/gevent/ssl.py", line 324, in do_handshake
Jul 31 17:26:52 witherspoon phosphor-gevent[1010]:     return self._sslobj.do_handshake()
Jul 31 17:26:52 witherspoon phosphor-gevent[1010]: SSLEOFError: EOF occurred in violation of protocol (_ssl.c:590)
Jul 31 17:26:52 witherspoon phosphor-gevent[1010]: <Greenlet at 0x75fd13a0: <bound method WSGIServer.wrap_socket_and_handle of <WSGIServer at 0x75fa7b50 fileno=5 address=('::34b2:eb76:b08d:6176%1986104736', 443, 0, 1986104736)>>(<socket at 0x75e7e870 fileno=11>, ('::8099:5f76:8e91:f402%1995086620', 57652, 0, 199)> failed with SSLEOFError
Jul 31 17:26:52 witherspoon phosphor-gevent[1010]: Traceback (most recent call last):
Jul 31 17:26:52 witherspoon phosphor-gevent[1010]:   File "/usr/lib/python2.7/site-packages/gevent/greenlet.py", line 327, in run
Jul 31 17:26:52 witherspoon phosphor-gevent[1010]:     result = self._run(*self.args, **self.kwargs)
Jul 31 17:26:52 witherspoon phosphor-gevent[1010]:   File "/usr/lib/python2.7/site-packages/gevent/server.py", line 102, in wrap_socket_and_handle
Jul 31 17:26:52 witherspoon phosphor-gevent[1010]:     ssl_socket = self.wrap_socket(client_socket, **self.ssl_args)
Jul 31 17:26:52 witherspoon phosphor-gevent[1010]:   File "/usr/lib/python2.7/site-packages/gevent/ssl.py", line 404, in wrap_socket
Jul 31 17:26:52 witherspoon phosphor-gevent[1010]:     ciphers=ciphers)
Jul 31 17:26:52 witherspoon phosphor-gevent[1010]:   File "/usr/lib/python2.7/site-packages/gevent/ssl.py", line 113, in __init__
Jul 31 17:26:52 witherspoon phosphor-gevent[1010]:     self.do_handshake()
Jul 31 17:26:53 witherspoon phosphor-gevent[1010]:   File "/usr/lib/python2.7/site-packages/gevent/ssl.py", line 324, in do_handshake
Jul 31 17:26:53 witherspoon phosphor-gevent[1010]:     return self._sslobj.do_handshake()
Jul 31 17:26:53 witherspoon phosphor-gevent[1010]: SSLEOFError: EOF occurred in violation of protocol (_ssl.c:590)
Jul 31 17:26:53 witherspoon phosphor-gevent[1010]: <Greenlet at 0x75fd1620: <bound method WSGIServer.wrap_socket_and_handle of <WSGIServer at 0x75fa7b50 fileno=5 address=('::34b2:eb76:b08d:6176%1986104736', 443, 0, 1986104736)>>(<socket at 0x75e7e8b0 fileno=12>, ('::8099:5f76:8e91:f402%1995086620', 57654, 0, 199)> failed with SSLEOFError
Jul 31 17:26:53 witherspoon phosphor-gevent[1010]: ::8099:5f76:8e91:f402%1995086620 - - [2017-07-31 17:26:53] "POST /login HTTP/1.1" 200 320 0.045214
Jul 31 17:26:53 witherspoon phosphor-gevent[1010]: ::8099:5f76:8e91:f402%1995086620 - - [2017-07-31 17:26:53] "GET /xyz/openbmc_project/state/chassis0//attr/CurrentPowerState HTTP/1.1" 200 216 0.059300
Jul 31 17:26:53 witherspoon phosphor-gevent[1010]: ::8099:5f76:8e91:f402%1995086620 - - [2017-07-31 17:26:53] "POST /login HTTP/1.1" 200 320 0.032698
Jul 31 17:26:53 witherspoon phosphor-gevent[1010]: ::8099:5f76:8e91:f402%1995086620 - - [2017-07-31 17:26:53] "GET /xyz/openbmc_project/state/chassis0//attr/CurrentPowerState HTTP/1.1" 200 216 0.049930
Jul 31 17:26:54 witherspoon phosphor-gevent[1010]: ::8099:5f76:8e91:f402%1995086620 - - [2017-07-31 17:26:54] "POST /login HTTP/1.1" 200 320 0.160532
Jul 31 17:26:54 witherspoon phosphor-gevent[1010]: ::8099:5f76:8e91:f402%1995086620 - - [2017-07-31 17:26:54] "GET /org/openbmc/sensors/host/BootProgress/attr/value HTTP/1.1" 200 170 0.134468
Jul 31 17:26:55 witherspoon phosphor-gevent[1010]: ::8099:5f76:8e91:f402%1995086620 - - [2017-07-31 17:26:55] "POST /login HTTP/1.1" 200 320 0.161868
Jul 31 17:26:55 witherspoon phosphor-gevent[1010]: ::8099:5f76:8e91:f402%1995086620 - - [2017-07-31 17:26:55] "GET /xyz/openbmc_project/state/host0//attr/CurrentHostState HTTP/1.1" 200 212 0.184339
Jul 31 17:26:55 witherspoon phosphor-gevent[1010]: ::8099:5f76:8e91:f402%1995086620 - - [2017-07-31 17:26:55] "POST /login HTTP/1.1" 200 320 0.033214
Jul 31 17:26:56 witherspoon phosphor-gevent[1010]: ::8099:5f76:8e91:f402%1995086620 - - [2017-07-31 17:26:56] "GET /xyz/openbmc_project/logging/entry//list HTTP/1.1" 200 214 0.352638
Jul 31 17:26:56 witherspoon phosphor-gevent[1010]: ::8099:5f76:8e91:f402%1995086620 - - [2017-07-31 17:26:56] "POST /login HTTP/1.1" 200 320 0.033519
Jul 31 17:26:56 witherspoon phosphor-gevent[1010]: ::8099:5f76:8e91:f402%1995086620 - - [2017-07-31 17:26:56] "GET /xyz/openbmc_project/logging/entry//list HTTP/1.1" 200 214 0.038696
Jul 31 17:26:56 witherspoon phosphor-gevent[1010]: ::8099:5f76:8e91:f402%1995086620 - - [2017-07-31 17:26:56] "POST /login HTTP/1.1" 200 320 0.222215
Jul 31 17:26:58 witherspoon phosphor-gevent[1010]: ::8099:5f76:8e91:f402%1995086620 - - [2017-07-31 17:26:58] "DELETE /xyz/openbmc_project/logging/entry/1 HTTP/1.1" 200 169 0.991691
Jul 31 17:26:58 witherspoon systemd[1]: Started SSH Per-Connection Server (9.41.165.94:46284).
Jul 31 17:26:58 witherspoon dropbear[1118]: Failed loading /etc/dropbear/dropbear_dss_host_key
Jul 31 17:26:58 witherspoon dropbear[1118]: Failed loading /etc/dropbear/dropbear_ecdsa_host_key
Jul 31 17:26:58 witherspoon dropbear[1118]: Child connection from ::ffff:9.41.165.94:46284
Jul 31 17:26:59 witherspoon dropbear[1118]: PAM password auth succeeded for 'root' from ::ffff:9.41.165.94:46284
Jul 31 17:26:59 witherspoon dropbear[1119]: lastlog_perform_login: Couldn't stat /var/log/lastlog: No such file or directory
Jul 31 17:26:59 witherspoon dropbear[1119]: lastlog_openseek: /var/log/lastlog is not a file or directory!
Jul 31 17:27:00 witherspoon phosphor-gevent[1010]: ::8099:5f76:8e91:f402%1995086620 - - [2017-07-31 17:27:00] "POST /login HTTP/1.1" 200 320 0.043269
Jul 31 17:27:00 witherspoon phosphor-gevent[1010]: ::8099:5f76:8e91:f402%1995086620 - - [2017-07-31 17:27:00] "GET /xyz/openbmc_project/state/host0//attr/CurrentHostState HTTP/1.1" 200 212 0.050171
Jul 31 17:27:01 witherspoon dropbear[1001]: Exit (root): Exited normally
Jul 31 17:27:01 witherspoon dropbear[1118]: Exit (root): Exited normally
Jul 31 17:27:03 witherspoon systemd[1]: Started SSH Per-Connection Server (9.41.165.94:46288).
Jul 31 17:27:04 witherspoon dropbear[1130]: Failed loading /etc/dropbear/dropbear_dss_host_key
Jul 31 17:27:04 witherspoon dropbear[1130]: Failed loading /etc/dropbear/dropbear_ecdsa_host_key
Jul 31 17:27:04 witherspoon dropbear[1130]: Child connection from ::ffff:9.41.165.94:46288
Jul 31 17:27:04 witherspoon dropbear[1130]: PAM password auth succeeded for 'root' from ::ffff:9.41.165.94:46288
Jul 31 17:27:05 witherspoon dropbear[1131]: lastlog_perform_login: Couldn't stat /var/log/lastlog: No such file or directory
Jul 31 17:27:05 witherspoon dropbear[1131]: lastlog_openseek: /var/log/lastlog is not a file or directory!
Jul 31 17:27:06 witherspoon phosphor-gevent[1010]: ::8099:5f76:8e91:f402%1995086620 - - [2017-07-31 17:27:06] "POST /login HTTP/1.1" 200 320 0.033500
Jul 31 17:27:06 witherspoon phosphor-gevent[1010]: ::8099:5f76:8e91:f402%1995086620 - - [2017-07-31 17:27:06] "PUT /org/openbmc/settings/host0/attr/power_policy HTTP/1.1" 200 169 0.176054
Jul 31 17:27:07 witherspoon phosphor-gevent[1010]: ::8099:5f76:8e91:f402%1995086620 - - [2017-07-31 17:27:07] "POST /login HTTP/1.1" 200 320 0.033089
Jul 31 17:27:07 witherspoon phosphor-gevent[1010]: ::8099:5f76:8e91:f402%1995086620 - - [2017-07-31 17:27:07] "GET /org/openbmc/settings/host0/attr/power_policy HTTP/1.1" 200 185 0.070242
Jul 31 17:27:07 witherspoon phosphor-gevent[1010]: ::8099:5f76:8e91:f402%1995086620 - - [2017-07-31 17:27:07] "POST /login HTTP/1.1" 200 320 0.033356
Jul 31 17:27:07 witherspoon phosphor-gevent[1010]: ::8099:5f76:8e91:f402%1995086620 - - [2017-07-31 17:27:07] "GET /xyz/openbmc_project/state/chassis0//attr/CurrentPowerState HTTP/1.1" 200 216 0.050506
Jul 31 17:27:08 witherspoon phosphor-gevent[1010]: ::8099:5f76:8e91:f402%1995086620 - - [2017-07-31 17:27:08] "POST /login HTTP/1.1" 200 320 0.033055
Jul 31 17:27:08 witherspoon phosphor-gevent[1010]: ::8099:5f76:8e91:f402%1995086620 - - [2017-07-31 17:27:08] "GET /xyz/openbmc_project/state/bmc0//attr/CurrentBMCState HTTP/1.1" 200 215 0.049752
Jul 31 17:27:08 witherspoon phosphor-gevent[1010]: ::8099:5f76:8e91:f402%1995086620 - - [2017-07-31 17:27:08] "POST /login HTTP/1.1" 200 320 0.034046
Jul 31 17:27:09 witherspoon phosphor-gevent[1010]: ::8099:5f76:8e91:f402%1995086620 - - [2017-07-31 17:27:08] "GET /org/openbmc/sensors/host/BootProgress/attr/value HTTP/1.1" 200 170 0.052465
Jul 31 17:27:09 witherspoon phosphor-gevent[1010]: ::8099:5f76:8e91:f402%1995086620 - - [2017-07-31 17:27:08] "POST /login HTTP/1.1" 200 320 0.042261
Jul 31 17:27:09 witherspoon phosphor-gevent[1010]: ::8099:5f76:8e91:f402%1995086620 - - [2017-07-31 17:27:08] "GET /xyz/openbmc_project/state/host0//attr/CurrentHostState HTTP/1.1" 200 212 0.049969
Jul 31 17:27:09 witherspoon phosphor-gevent[1010]: ::8099:5f76:8e91:f402%1995086620 - - [2017-07-31 17:27:09] "POST /login HTTP/1.1" 200 320 0.033220
Jul 31 17:27:09 witherspoon phosphor-gevent[1010]: ::8099:5f76:8e91:f402%1995086620 - - [2017-07-31 17:27:09] "GET /xyz/openbmc_project/logging/entry//list HTTP/1.1" 404 311 0.030399
Jul 31 17:27:09 witherspoon systemd[1]: Started SSH Per-Connection Server (9.41.165.94:46304).
Jul 31 17:27:09 witherspoon dropbear[1137]: Failed loading /etc/dropbear/dropbear_dss_host_key
Jul 31 17:27:09 witherspoon dropbear[1137]: Failed loading /etc/dropbear/dropbear_ecdsa_host_key
Jul 31 17:27:09 witherspoon dropbear[1137]: Child connection from ::ffff:9.41.165.94:46304
Jul 31 17:27:10 witherspoon dropbear[1137]: PAM password auth succeeded for 'root' from ::ffff:9.41.165.94:46304
Jul 31 17:28:06 witherspoon phosphor-gevent[1010]: ::8099:5f76:8e91:f402%1995086620 - - [2017-07-31 17:28:06] "POST /login HTTP/1.1" 200 320 0.033538
Jul 31 17:28:06 witherspoon phosphor-gevent[1010]: ::8099:5f76:8e91:f402%1995086620 - - [2017-07-31 17:28:06] "POST /org/openbmc/control/flash/bios//action/update HTTP/1.1" 200 169 0.216908
Jul 31 17:28:06 witherspoon phosphor-gevent[1010]: ::8099:5f76:8e91:f402%1995086620 - - [2017-07-31 17:28:06] "POST /login HTTP/1.1" 200 320 0.033495
Jul 31 17:28:06 witherspoon flash_bios.exe[1041]: Starting flasher: bios,/tmp/witherspoon_910_golden.pnor,/org/openbmc/control/flash/bios,
Jul 31 17:28:06 witherspoon flash_bios.exe[1041]: flasher: /tmp/witherspoon_910_golden.pnor, BMC = 1, address = 0x0
Jul 31 17:28:06 witherspoon flash_bios.exe[1041]: Setting up flash
Jul 31 17:28:07 witherspoon phosphor-gevent[1010]: ::8099:5f76:8e91:f402%1995086620 - - [2017-07-31 17:28:07] "GET /org/openbmc/control/flash/bios HTTP/1.1" 200 397 0.625303
Jul 31 17:28:07 witherspoon phosphor-gevent[1010]: ::8099:5f76:8e91:f402%1995086620 - - [2017-07-31 17:28:07] "POST /login HTTP/1.1" 200 320 0.033255
Jul 31 17:28:07 witherspoon phosphor-gevent[1010]: ::8099:5f76:8e91:f402%1995086620 - - [2017-07-31 17:28:07] "GET /org/openbmc/control/flash/bios HTTP/1.1" 200 397 0.067720
Jul 31 17:28:17 witherspoon phosphor-gevent[1010]: ::8099:5f76:8e91:f402%1995086620 - - [2017-07-31 17:28:17] "POST /login HTTP/1.1" 200 320 0.044307
Jul 31 17:28:18 witherspoon phosphor-gevent[1010]: ::8099:5f76:8e91:f402%1995086620 - - [2017-07-31 17:28:18] "GET /org/openbmc/control/flash/bios HTTP/1.1" 200 397 0.067777
Jul 31 17:28:28 witherspoon phosphor-gevent[1010]: ::8099:5f76:8e91:f402%1995086620 - - [2017-07-31 17:28:28] "POST /login HTTP/1.1" 200 320 0.032920
Jul 31 17:28:28 witherspoon phosphor-gevent[1010]: ::8099:5f76:8e91:f402%1995086620 - - [2017-07-31 17:28:28] "GET /org/openbmc/control/flash/bios HTTP/1.1" 200 397 0.068118
Jul 31 17:28:33 witherspoon avahi-daemon[984]: Service name conflict for "phosphor_rest" (/services/phosphor_rest.service), retrying with "phosphor_rest #2".
Jul 31 17:28:33 witherspoon avahi-daemon[984]: Service name conflict for "sftp" (/services/sftp.service), retrying with "sftp #2".
Jul 31 17:28:33 witherspoon avahi-daemon[984]: Service name conflict for "obmc_console" (/services/obmc_console.service), retrying with "obmc_console #2".
Jul 31 17:28:34 witherspoon avahi-daemon[984]: Service name conflict for "sftp" (/services/sftp.service), retrying with "sftp #3".
Jul 31 17:28:34 witherspoon avahi-daemon[984]: Service name conflict for "phosphor_rest" (/services/phosphor_rest.service), retrying with "phosphor_rest #3".
Jul 31 17:28:34 witherspoon avahi-daemon[984]: Service name conflict for "obmc_console" (/services/obmc_console.service), retrying with "obmc_console #3".
Jul 31 17:28:35 witherspoon avahi-daemon[984]: Service name conflict for "phosphor_rest" (/services/phosphor_rest.service), retrying with "phosphor_rest #4".
Jul 31 17:28:35 witherspoon avahi-daemon[984]: Service name conflict for "sftp" (/services/sftp.service), retrying with "sftp #4".
Jul 31 17:28:35 witherspoon avahi-daemon[984]: Service name conflict for "obmc_console" (/services/obmc_console.service), retrying with "obmc_console #4".
Jul 31 17:28:37 witherspoon avahi-daemon[984]: Service name conflict for "obmc_console" (/services/obmc_console.service), retrying with "obmc_console #5".
Jul 31 17:28:37 witherspoon avahi-daemon[984]: Service name conflict for "sftp" (/services/sftp.service), retrying with "sftp #5".
Jul 31 17:28:37 witherspoon avahi-daemon[984]: Service name conflict for "phosphor_rest" (/services/phosphor_rest.service), retrying with "phosphor_rest #5".
Jul 31 17:28:39 witherspoon avahi-daemon[984]: Service name conflict for "sftp" (/services/sftp.service), retrying with "sftp #6".
Jul 31 17:28:39 witherspoon avahi-daemon[984]: Service name conflict for "phosphor_rest" (/services/phosphor_rest.service), retrying with "phosphor_rest #6".
Jul 31 17:28:39 witherspoon avahi-daemon[984]: Service name conflict for "obmc_console" (/services/obmc_console.service), retrying with "obmc_console #6".
Jul 31 17:28:39 witherspoon phosphor-gevent[1010]: ::8099:5f76:8e91:f402%1995086620 - - [2017-07-31 17:28:39] "POST /login HTTP/1.1" 200 320 0.033361
Jul 31 17:28:39 witherspoon phosphor-gevent[1010]: ::8099:5f76:8e91:f402%1995086620 - - [2017-07-31 17:28:39] "GET /org/openbmc/control/flash/bios HTTP/1.1" 200 397 0.067951
Jul 31 17:28:41 witherspoon avahi-daemon[984]: Service name conflict for "obmc_console" (/services/obmc_console.service), retrying with "obmc_console #7".
Jul 31 17:28:41 witherspoon avahi-daemon[984]: Service name conflict for "sftp" (/services/sftp.service), retrying with "sftp #7".
Jul 31 17:28:41 witherspoon avahi-daemon[984]: Service name conflict for "phosphor_rest" (/services/phosphor_rest.service), retrying with "phosphor_rest #7".
Jul 31 17:28:42 witherspoon avahi-daemon[984]: Service name conflict for "obmc_console" (/services/obmc_console.service), retrying with "obmc_console #8".
Jul 31 17:28:42 witherspoon avahi-daemon[984]: Service name conflict for "sftp" (/services/sftp.service), retrying with "sftp #8".
Jul 31 17:28:42 witherspoon avahi-daemon[984]: Service name conflict for "phosphor_rest" (/services/phosphor_rest.service), retrying with "phosphor_rest #8".
Jul 31 17:28:43 witherspoon avahi-daemon[984]: Service name conflict for "sftp" (/services/sftp.service), retrying with "sftp #9".
Jul 31 17:28:43 witherspoon avahi-daemon[984]: Service name conflict for "obmc_console" (/services/obmc_console.service), retrying with "obmc_console #9".
Jul 31 17:28:43 witherspoon avahi-daemon[984]: Service name conflict for "phosphor_rest" (/services/phosphor_rest.service), retrying with "phosphor_rest #9".
Jul 31 17:28:45 witherspoon avahi-daemon[984]: Service name conflict for "phosphor_rest" (/services/phosphor_rest.service), retrying with "phosphor_rest #10".
Jul 31 17:28:45 witherspoon avahi-daemon[984]: Service name conflict for "obmc_console" (/services/obmc_console.service), retrying with "obmc_console #10".
Jul 31 17:28:46 witherspoon avahi-daemon[984]: Service name conflict for "sftp" (/services/sftp.service), retrying with "sftp #10".
Jul 31 17:28:46 witherspoon avahi-daemon[984]: Service name conflict for "phosphor_rest" (/services/phosphor_rest.service), retrying with "phosphor_rest #11".
Jul 31 17:28:46 witherspoon avahi-daemon[984]: Service name conflict for "sftp" (/services/sftp.service), retrying with "sftp #11".
Jul 31 17:28:46 witherspoon avahi-daemon[984]: Service name conflict for "obmc_console" (/services/obmc_console.service), retrying with "obmc_console #11".
Jul 31 17:28:48 witherspoon avahi-daemon[984]: Service name conflict for "obmc_console" (/services/obmc_console.service), retrying with "obmc_console #12".
Jul 31 17:28:48 witherspoon avahi-daemon[984]: Service name conflict for "sftp" (/services/sftp.service), retrying with "sftp #12".
Jul 31 17:28:49 witherspoon phosphor-gevent[1010]: ::8099:5f76:8e91:f402%1995086620 - - [2017-07-31 17:28:49] "POST /login HTTP/1.1" 200 320 0.033258
Jul 31 17:28:49 witherspoon phosphor-gevent[1010]: ::8099:5f76:8e91:f402%1995086620 - - [2017-07-31 17:28:49] "GET /org/openbmc/control/flash/bios HTTP/1.1" 200 397 0.068017
Jul 31 17:28:50 witherspoon avahi-daemon[984]: Service name conflict for "sftp" (/services/sftp.service), retrying with "sftp #13".
Jul 31 17:28:50 witherspoon avahi-daemon[984]: Service name conflict for "obmc_console" (/services/obmc_console.service), retrying with "obmc_console #13".
Jul 31 17:28:50 witherspoon avahi-daemon[984]: Service name conflict for "sftp" (/services/sftp.service), retrying with "sftp #14".
Jul 31 17:28:50 witherspoon avahi-daemon[984]: Service name conflict for "obmc_console" (/services/obmc_console.service), retrying with "obmc_console #14".
Jul 31 17:28:50 witherspoon avahi-daemon[984]: Service "phosphor_rest #11" (/services/phosphor_rest.service) successfully established.
Jul 31 17:28:52 witherspoon avahi-daemon[984]: Service name conflict for "obmc_console" (/services/obmc_console.service), retrying with "obmc_console #15".
Jul 31 17:28:52 witherspoon avahi-daemon[984]: Service name conflict for "sftp" (/services/sftp.service), retrying with "sftp #15".
Jul 31 17:28:53 witherspoon avahi-daemon[984]: Service name conflict for "obmc_console" (/services/obmc_console.service), retrying with "obmc_console #16".
Jul 31 17:28:53 witherspoon avahi-daemon[984]: Service name conflict for "sftp" (/services/sftp.service), retrying with "sftp #16".
Jul 31 17:29:00 witherspoon phosphor-gevent[1010]: ::8099:5f76:8e91:f402%1995086620 - - [2017-07-31 17:29:00] "POST /login HTTP/1.1" 200 320 0.033400
Jul 31 17:29:01 witherspoon phosphor-gevent[1010]: ::8099:5f76:8e91:f402%1995086620 - - [2017-07-31 17:29:00] "GET /org/openbmc/control/flash/bios HTTP/1.1" 200 397 0.071176
Jul 31 17:29:10 witherspoon phosphor-gevent[1010]: ::8099:5f76:8e91:f402%1995086620 - - [2017-07-31 17:29:10] "POST /login HTTP/1.1" 200 320 0.033668
Jul 31 17:29:10 witherspoon phosphor-gevent[1010]: ::8099:5f76:8e91:f402%1995086620 - - [2017-07-31 17:29:10] "GET /org/openbmc/control/flash/bios HTTP/1.1" 200 397 0.071202
Jul 31 17:29:13 witherspoon avahi-daemon[984]: Service name conflict for "obmc_console" (/services/obmc_console.service), retrying with "obmc_console #17".
Jul 31 17:29:13 witherspoon avahi-daemon[984]: Service name conflict for "sftp" (/services/sftp.service), retrying with "sftp #17".
Jul 31 17:29:21 witherspoon phosphor-gevent[1010]: ::8099:5f76:8e91:f402%1995086620 - - [2017-07-31 17:29:21] "POST /login HTTP/1.1" 200 320 0.033477
Jul 31 17:29:21 witherspoon phosphor-gevent[1010]: ::8099:5f76:8e91:f402%1995086620 - - [2017-07-31 17:29:21] "GET /org/openbmc/control/flash/bios HTTP/1.1" 200 397 0.068241
Jul 31 17:29:31 witherspoon phosphor-gevent[1010]: ::8099:5f76:8e91:f402%1995086620 - - [2017-07-31 17:29:31] "POST /login HTTP/1.1" 200 320 0.033724
Jul 31 17:29:31 witherspoon phosphor-gevent[1010]: ::8099:5f76:8e91:f402%1995086620 - - [2017-07-31 17:29:31] "GET /org/openbmc/control/flash/bios HTTP/1.1" 200 397 0.069269
Jul 31 17:29:33 witherspoon avahi-daemon[984]: Service name conflict for "sftp" (/services/sftp.service), retrying with "sftp #18".
Jul 31 17:29:33 witherspoon avahi-daemon[984]: Service name conflict for "obmc_console" (/services/obmc_console.service), retrying with "obmc_console #18".
Jul 31 17:29:42 witherspoon phosphor-gevent[1010]: ::8099:5f76:8e91:f402%1995086620 - - [2017-07-31 17:29:42] "POST /login HTTP/1.1" 200 320 0.033670
Jul 31 17:29:42 witherspoon phosphor-gevent[1010]: ::8099:5f76:8e91:f402%1995086620 - - [2017-07-31 17:29:42] "GET /org/openbmc/control/flash/bios HTTP/1.1" 200 397 0.068553
Jul 31 17:29:52 witherspoon phosphor-gevent[1010]: ::8099:5f76:8e91:f402%1995086620 - - [2017-07-31 17:29:52] "POST /login HTTP/1.1" 200 320 0.033629
Jul 31 17:29:52 witherspoon phosphor-gevent[1010]: ::8099:5f76:8e91:f402%1995086620 - - [2017-07-31 17:29:52] "GET /org/openbmc/control/flash/bios HTTP/1.1" 200 397 0.069387
Jul 31 17:29:54 witherspoon avahi-daemon[984]: Service name conflict for "obmc_console" (/services/obmc_console.service), retrying with "obmc_console #19".
Jul 31 17:29:54 witherspoon avahi-daemon[984]: Service name conflict for "sftp" (/services/sftp.service), retrying with "sftp #19".
Jul 31 17:30:02 witherspoon phosphor-gevent[1010]: ::8099:5f76:8e91:f402%1995086620 - - [2017-07-31 17:30:02] "POST /login HTTP/1.1" 200 320 0.033212
Jul 31 17:30:02 witherspoon phosphor-gevent[1010]: ::8099:5f76:8e91:f402%1995086620 - - [2017-07-31 17:30:02] "GET /org/openbmc/control/flash/bios HTTP/1.1" 200 397 0.069025
Jul 31 17:30:14 witherspoon phosphor-gevent[1010]: ::8099:5f76:8e91:f402%1995086620 - - [2017-07-31 17:30:14] "POST /login HTTP/1.1" 200 320 0.033211
Jul 31 17:30:14 witherspoon phosphor-gevent[1010]: ::8099:5f76:8e91:f402%1995086620 - - [2017-07-31 17:30:14] "GET /org/openbmc/control/flash/bios HTTP/1.1" 200 397 0.068355
Jul 31 17:30:14 witherspoon avahi-daemon[984]: Service name conflict for "sftp" (/services/sftp.service), retrying with "sftp #20".
Jul 31 17:30:14 witherspoon avahi-daemon[984]: Service name conflict for "obmc_console" (/services/obmc_console.service), retrying with "obmc_console #20".
Jul 31 17:30:24 witherspoon phosphor-gevent[1010]: ::8099:5f76:8e91:f402%1995086620 - - [2017-07-31 17:30:24] "POST /login HTTP/1.1" 200 320 0.033102
Jul 31 17:30:24 witherspoon phosphor-gevent[1010]: ::8099:5f76:8e91:f402%1995086620 - - [2017-07-31 17:30:24] "GET /org/openbmc/control/flash/bios HTTP/1.1" 200 397 0.184297
Jul 31 17:30:34 witherspoon avahi-daemon[984]: Service name conflict for "sftp" (/services/sftp.service), retrying with "sftp #21".
Jul 31 17:30:34 witherspoon phosphor-gevent[1010]: ::8099:5f76:8e91:f402%1995086620 - - [2017-07-31 17:30:34] "POST /login HTTP/1.1" 200 320 0.047122
Jul 31 17:30:35 witherspoon avahi-daemon[984]: Service "obmc_console #20" (/services/obmc_console.service) successfully established.
Jul 31 17:30:35 witherspoon phosphor-gevent[1010]: ::8099:5f76:8e91:f402%1995086620 - - [2017-07-31 17:30:35] "GET /org/openbmc/control/flash/bios HTTP/1.1" 200 397 0.432289
Jul 31 17:30:45 witherspoon phosphor-gevent[1010]: ::8099:5f76:8e91:f402%1995086620 - - [2017-07-31 17:30:45] "POST /login HTTP/1.1" 200 320 0.033531
Jul 31 17:30:45 witherspoon phosphor-gevent[1010]: ::8099:5f76:8e91:f402%1995086620 - - [2017-07-31 17:30:45] "GET /org/openbmc/control/flash/bios HTTP/1.1" 200 401 0.069042
Jul 31 17:30:54 witherspoon avahi-daemon[984]: Service name conflict for "sftp" (/services/sftp.service), retrying with "sftp #22".
Jul 31 17:30:55 witherspoon phosphor-gevent[1010]: ::8099:5f76:8e91:f402%1995086620 - - [2017-07-31 17:30:55] "POST /login HTTP/1.1" 200 320 0.033442
Jul 31 17:30:55 witherspoon phosphor-gevent[1010]: ::8099:5f76:8e91:f402%1995086620 - - [2017-07-31 17:30:55] "GET /org/openbmc/control/flash/bios HTTP/1.1" 200 402 0.072068
Jul 31 17:31:07 witherspoon phosphor-gevent[1010]: ::8099:5f76:8e91:f402%1995086620 - - [2017-07-31 17:31:07] "POST /login HTTP/1.1" 200 320 0.033594
Jul 31 17:31:07 witherspoon phosphor-gevent[1010]: ::8099:5f76:8e91:f402%1995086620 - - [2017-07-31 17:31:07] "GET /org/openbmc/control/flash/bios HTTP/1.1" 200 402 0.068284
Jul 31 17:31:16 witherspoon avahi-daemon[984]: Service name conflict for "sftp" (/services/sftp.service), retrying with "sftp #23".
Jul 31 17:31:18 witherspoon phosphor-gevent[1010]: ::8099:5f76:8e91:f402%1995086620 - - [2017-07-31 17:31:18] "POST /login HTTP/1.1" 200 320 0.033658
Jul 31 17:31:18 witherspoon phosphor-gevent[1010]: ::8099:5f76:8e91:f402%1995086620 - - [2017-07-31 17:31:18] "GET /org/openbmc/control/flash/bios HTTP/1.1" 200 402 0.068489
Jul 31 17:31:28 witherspoon phosphor-gevent[1010]: ::8099:5f76:8e91:f402%1995086620 - - [2017-07-31 17:31:28] "POST /login HTTP/1.1" 200 320 0.034263
Jul 31 17:31:28 witherspoon phosphor-gevent[1010]: ::8099:5f76:8e91:f402%1995086620 - - [2017-07-31 17:31:28] "GET /org/openbmc/control/flash/bios HTTP/1.1" 200 402 0.068883
Jul 31 17:31:35 witherspoon avahi-daemon[984]: Service name conflict for "sftp" (/services/sftp.service), retrying with "sftp #24".
Jul 31 17:31:39 witherspoon phosphor-gevent[1010]: ::8099:5f76:8e91:f402%1995086620 - - [2017-07-31 17:31:39] "POST /login HTTP/1.1" 200 320 0.033979
Jul 31 17:31:40 witherspoon phosphor-gevent[1010]: ::8099:5f76:8e91:f402%1995086620 - - [2017-07-31 17:31:39] "GET /org/openbmc/control/flash/bios HTTP/1.1" 200 402 0.077269
Jul 31 17:31:49 witherspoon phosphor-gevent[1010]: ::8099:5f76:8e91:f402%1995086620 - - [2017-07-31 17:31:49] "POST /login HTTP/1.1" 200 320 0.033862
Jul 31 17:31:49 witherspoon phosphor-gevent[1010]: ::8099:5f76:8e91:f402%1995086620 - - [2017-07-31 17:31:49] "GET /org/openbmc/control/flash/bios HTTP/1.1" 200 402 0.069244
Jul 31 17:31:57 witherspoon avahi-daemon[984]: Service name conflict for "sftp" (/services/sftp.service), retrying with "sftp #25".
Jul 31 17:31:59 witherspoon phosphor-gevent[1010]: ::8099:5f76:8e91:f402%1995086620 - - [2017-07-31 17:31:59] "POST /login HTTP/1.1" 200 320 0.033911
Jul 31 17:31:59 witherspoon phosphor-gevent[1010]: ::8099:5f76:8e91:f402%1995086620 - - [2017-07-31 17:31:59] "GET /org/openbmc/control/flash/bios HTTP/1.1" 200 402 0.069746
Jul 31 17:32:10 witherspoon phosphor-gevent[1010]: ::8099:5f76:8e91:f402%1995086620 - - [2017-07-31 17:32:10] "POST /login HTTP/1.1" 200 320 0.033966
Jul 31 17:32:10 witherspoon phosphor-gevent[1010]: ::8099:5f76:8e91:f402%1995086620 - - [2017-07-31 17:32:10] "GET /org/openbmc/control/flash/bios HTTP/1.1" 200 401 0.069147
Jul 31 17:32:17 witherspoon avahi-daemon[984]: Service name conflict for "sftp" (/services/sftp.service), retrying with "sftp #26".
Jul 31 17:32:20 witherspoon phosphor-gevent[1010]: ::8099:5f76:8e91:f402%1995086620 - - [2017-07-31 17:32:20] "POST /login HTTP/1.1" 200 320 0.033500
Jul 31 17:32:20 witherspoon phosphor-gevent[1010]: ::8099:5f76:8e91:f402%1995086620 - - [2017-07-31 17:32:20] "GET /org/openbmc/control/flash/bios HTTP/1.1" 200 402 0.071412
Jul 31 17:32:30 witherspoon phosphor-gevent[1010]: ::8099:5f76:8e91:f402%1995086620 - - [2017-07-31 17:32:30] "POST /login HTTP/1.1" 200 320 0.033732
Jul 31 17:32:30 witherspoon phosphor-gevent[1010]: ::8099:5f76:8e91:f402%1995086620 - - [2017-07-31 17:32:30] "GET /org/openbmc/control/flash/bios HTTP/1.1" 200 402 0.068652
Jul 31 17:32:36 witherspoon flash_bios.exe[1041]: Erasing... (may take a while !) done !
Jul 31 17:32:36 witherspoon flash_bios.exe[1041]: About to program "/tmp/witherspoon_910_golden.pnor" at 0x00000000..0x04000000 !
Jul 31 17:32:36 witherspoon flash_bios.exe[1041]: Programming & Verifying...
Jul 31 17:32:36 witherspoon flash_bios.exe[1041]: Flash done
Jul 31 17:32:37 witherspoon avahi-daemon[984]: Service name conflict for "sftp" (/services/sftp.service), retrying with "sftp #27".
Jul 31 17:32:42 witherspoon phosphor-gevent[1010]: ::8099:5f76:8e91:f402%1995086620 - - [2017-07-31 17:32:42] "POST /login HTTP/1.1" 200 320 0.033748
Jul 31 17:32:42 witherspoon phosphor-gevent[1010]: ::8099:5f76:8e91:f402%1995086620 - - [2017-07-31 17:32:42] "GET /org/openbmc/control/flash/bios HTTP/1.1" 200 399 0.068937
Jul 31 17:32:42 witherspoon systemd[1]: Started SSH Per-Connection Server (9.41.165.94:46364).
Jul 31 17:32:42 witherspoon dropbear[1143]: Failed loading /etc/dropbear/dropbear_dss_host_key
Jul 31 17:32:42 witherspoon dropbear[1143]: Failed loading /etc/dropbear/dropbear_ecdsa_host_key
Jul 31 17:32:42 witherspoon dropbear[1143]: Child connection from ::ffff:9.41.165.94:46364
Jul 31 17:32:43 witherspoon dropbear[1143]: PAM password auth succeeded for 'root' from ::ffff:9.41.165.94:46364
Jul 31 17:32:44 witherspoon dropbear[1144]: lastlog_perform_login: Couldn't stat /var/log/lastlog: No such file or directory
Jul 31 17:32:44 witherspoon dropbear[1144]: lastlog_openseek: /var/log/lastlog is not a file or directory!
Jul 31 17:32:44 witherspoon phosphor-gevent[1010]: ::8099:5f76:8e91:f402%1995086620 - - [2017-07-31 17:32:44] "POST /login HTTP/1.1" 200 320 0.033640
Jul 31 17:32:44 witherspoon phosphor-gevent[1010]: ::8099:5f76:8e91:f402%1995086620 - - [2017-07-31 17:32:44] "GET /xyz/openbmc_project/state/host0//attr/CurrentHostState HTTP/1.1" 200 212 0.050717
Jul 31 17:32:44 witherspoon systemd[1]: Created slice system-obmc\x2dconsole\x2dssh.slice.
Jul 31 17:32:44 witherspoon systemd[1]: Started Phosphor Host Console SSH Per-Connection (9.41.165.94:41646).
Jul 31 17:32:45 witherspoon dropbear[1148]: Failed loading /etc/dropbear/dropbear_dss_host_key
Jul 31 17:32:45 witherspoon dropbear[1148]: Failed loading /etc/dropbear/dropbear_ecdsa_host_key
Jul 31 17:32:45 witherspoon dropbear[1148]: Child connection from ::ffff:9.41.165.94:41646
Jul 31 17:32:45 witherspoon phosphor-gevent[1010]: ::8099:5f76:8e91:f402%1995086620 - - [2017-07-31 17:32:45] "POST /login HTTP/1.1" 200 320 0.044328
Jul 31 17:32:46 witherspoon dropbear[1148]: PAM password auth succeeded for 'root' from ::ffff:9.41.165.94:41646
Jul 31 17:32:46 witherspoon dropbear[1149]: lastlog_perform_login: Couldn't stat /var/log/lastlog: No such file or directory
Jul 31 17:32:46 witherspoon dropbear[1149]: lastlog_openseek: /var/log/lastlog is not a file or directory!
Jul 31 17:32:46 witherspoon phosphor-gevent[1010]: ::8099:5f76:8e91:f402%1995086620 - - [2017-07-31 17:32:46] "PUT /org/openbmc/settings/host0/attr/power_policy HTTP/1.1" 200 169 1.440363
Jul 31 17:32:47 witherspoon phosphor-gevent[1010]: ::8099:5f76:8e91:f402%1995086620 - - [2017-07-31 17:32:47] "POST /login HTTP/1.1" 200 320 0.033566
Jul 31 17:32:47 witherspoon phosphor-gevent[1010]: ::8099:5f76:8e91:f402%1995086620 - - [2017-07-31 17:32:47] "GET /org/openbmc/settings/host0/attr/power_policy HTTP/1.1" 200 185 0.070633
Jul 31 17:32:47 witherspoon phosphor-gevent[1010]: ::8099:5f76:8e91:f402%1995086620 - - [2017-07-31 17:32:47] "POST /login HTTP/1.1" 200 320 0.033967
Jul 31 17:32:47 witherspoon phosphor-gevent[1010]: ::8099:5f76:8e91:f402%1995086620 - - [2017-07-31 17:32:47] "GET /xyz/openbmc_project/state/chassis0//attr/CurrentPowerState HTTP/1.1" 200 216 0.050961
