-- Logs begin at Thu 2017-08-24 20:30:13 UTC, end at Thu 2017-08-24 20:32:40 UTC. --
Aug 24 20:30:13 witherspoon kernel: Booting Linux on physical CPU 0x0
Aug 24 20:30:13 witherspoon kernel: Linux version 4.10.17-ba30e9ed152bab62f72da24986ee5ca22d6c9b07 (jenkins@openbmc-builder2) (gcc version 6.2.0 (GCC) ) #1 Thu Aug 24 19:30:13 UTC 2017
Aug 24 20:30:13 witherspoon kernel: CPU: ARMv6-compatible processor [410fb767] revision 7 (ARMv7), cr=00c5387d
Aug 24 20:30:13 witherspoon kernel: CPU: PIPT / VIPT nonaliasing data cache, VIPT nonaliasing instruction cache
Aug 24 20:30:13 witherspoon kernel: OF: fdt:Machine model: Witherspoon BMC
Aug 24 20:30:13 witherspoon kernel: Memory policy: Data cache writeback
Aug 24 20:30:13 witherspoon kernel: SOC Rev: 04030303
Aug 24 20:30:13 witherspoon kernel: On node 0 totalpages: 110592
Aug 24 20:30:13 witherspoon kernel: free_area_init_node: node 0, pgdat 80601864, node_mem_map 9ec1a000
Aug 24 20:30:13 witherspoon kernel:   Normal zone: 992 pages used for memmap
Aug 24 20:30:13 witherspoon kernel:   Normal zone: 0 pages reserved
Aug 24 20:30:13 witherspoon kernel:   Normal zone: 110592 pages, LIFO batch:31
Aug 24 20:30:13 witherspoon kernel: pcpu-alloc: s0 r0 d32768 u32768 alloc=1*32768
Aug 24 20:30:13 witherspoon kernel: pcpu-alloc: [0] 0 
Aug 24 20:30:13 witherspoon kernel: Built 1 zonelists in Zone order, mobility grouping on.  Total pages: 109600
Aug 24 20:30:13 witherspoon kernel: Kernel command line: console=ttyS4,115200n8 root=/dev/ram rw
Aug 24 20:30:13 witherspoon kernel: PID hash table entries: 2048 (order: 1, 8192 bytes)
Aug 24 20:30:13 witherspoon kernel: Dentry cache hash table entries: 65536 (order: 6, 262144 bytes)
Aug 24 20:30:13 witherspoon kernel: Inode-cache hash table entries: 32768 (order: 5, 131072 bytes)
Aug 24 20:30:13 witherspoon kernel: Memory: 430420K/442368K available (4074K kernel code, 281K rwdata, 1196K rodata, 280K init, 111K bss, 11948K reserved, 0K cma-reserved)
Aug 24 20:30:13 witherspoon kernel: Virtual kernel memory layout:
                                        vector  : 0xffff0000 - 0xffff1000   (   4 kB)
                                        fixmap  : 0xffc00000 - 0xfff00000   (3072 kB)
                                        vmalloc : 0x9f800000 - 0xff800000   (1536 MB)
                                        lowmem  : 0x80000000 - 0x9f000000   ( 496 MB)
                                          .text : 0x80008000 - 0x80402d80   (4076 kB)
                                          .init : 0x80588000 - 0x805ce000   ( 280 kB)
                                          .data : 0x805ce000 - 0x80614710   ( 282 kB)
                                           .bss : 0x80614710 - 0x806305b8   ( 112 kB)
Aug 24 20:30:13 witherspoon kernel: NR_IRQS:16 nr_irqs:16 16
Aug 24 20:30:13 witherspoon kernel: i2c controller registered, irq 16
Aug 24 20:30:13 witherspoon kernel: clocksource: moxart_timer: mask: 0xffffffff max_cycles: 0xffffffff, max_idle_ns: 77222644334 ns
Aug 24 20:30:13 witherspoon kernel: sched_clock: 32 bits at 100 Hz, resolution 10000000ns, wraps every 21474836475000000ns
Aug 24 20:30:13 witherspoon kernel: Calibrating delay loop... 789.70 BogoMIPS (lpj=3948544)
Aug 24 20:30:13 witherspoon kernel: pid_max: default: 32768 minimum: 301
Aug 24 20:30:13 witherspoon kernel: Mount-cache hash table entries: 1024 (order: 0, 4096 bytes)
Aug 24 20:30:13 witherspoon kernel: Mountpoint-cache hash table entries: 1024 (order: 0, 4096 bytes)
Aug 24 20:30:13 witherspoon kernel: CPU: Testing write buffer coherency: ok
Aug 24 20:30:13 witherspoon kernel: ftrace: allocating 14975 entries in 44 pages
Aug 24 20:30:13 witherspoon kernel: Setting up static identity map for 0x80008200 - 0x8000825c
Aug 24 20:30:13 witherspoon kernel: devtmpfs: initialized
Aug 24 20:30:13 witherspoon kernel: clocksource: jiffies: mask: 0xffffffff max_cycles: 0xffffffff, max_idle_ns: 19112604462750000 ns
Aug 24 20:30:13 witherspoon kernel: futex hash table entries: 256 (order: -1, 3072 bytes)
Aug 24 20:30:13 witherspoon kernel: pinctrl core: initialized pinctrl subsystem
Aug 24 20:30:13 witherspoon kernel: NET: Registered protocol family 16
Aug 24 20:30:13 witherspoon kernel: DMA: preallocated 256 KiB pool for atomic coherent allocations
Aug 24 20:30:13 witherspoon kernel: usbcore: registered new interface driver usbfs
Aug 24 20:30:13 witherspoon kernel: usbcore: registered new interface driver hub
Aug 24 20:30:13 witherspoon kernel: usbcore: registered new device driver usb
Aug 24 20:30:13 witherspoon kernel: clocksource: Switched to clocksource moxart_timer
Aug 24 20:30:13 witherspoon kernel: NET: Registered protocol family 2
Aug 24 20:30:13 witherspoon kernel: TCP established hash table entries: 4096 (order: 2, 16384 bytes)
Aug 24 20:30:13 witherspoon kernel: TCP bind hash table entries: 4096 (order: 2, 16384 bytes)
Aug 24 20:30:13 witherspoon kernel: TCP: Hash tables configured (established 4096 bind 4096)
Aug 24 20:30:13 witherspoon kernel: UDP hash table entries: 256 (order: 0, 4096 bytes)
Aug 24 20:30:13 witherspoon kernel: UDP-Lite hash table entries: 256 (order: 0, 4096 bytes)
Aug 24 20:30:13 witherspoon kernel: NET: Registered protocol family 1
Aug 24 20:30:13 witherspoon kernel: Trying to unpack rootfs image as initramfs...
Aug 24 20:30:13 witherspoon kernel: Freeing initrd memory: 1548K
Aug 24 20:30:13 witherspoon kernel: workingset: timestamp_bits=30 max_order=17 bucket_order=0
Aug 24 20:30:13 witherspoon kernel: squashfs: version 4.0 (2009/01/31) Phillip Lougher
Aug 24 20:30:13 witherspoon kernel: jffs2: version 2.2. (SUMMARY)  © 2001-2006 Red Hat, Inc.
Aug 24 20:30:13 witherspoon kernel: Block layer SCSI generic (bsg) driver version 0.4 loaded (major 250)
Aug 24 20:30:13 witherspoon kernel: io scheduler noop registered
Aug 24 20:30:13 witherspoon kernel: io scheduler deadline registered
Aug 24 20:30:13 witherspoon kernel: io scheduler cfq registered (default)
Aug 24 20:30:13 witherspoon kernel: ipmi-bt-host 1e789140.ibt: Found bt bmc device
Aug 24 20:30:13 witherspoon kernel: ipmi-bt-host 1e789140.ibt: Using IRQ 22
Aug 24 20:30:13 witherspoon kernel: Serial: 8250/16550 driver, 6 ports, IRQ sharing enabled
Aug 24 20:30:13 witherspoon kernel: 1e787000.vuart: ttyS0 at MMIO 0x1e787000 (irq = 22, base_baud = 1500000) is a 16550A
Aug 24 20:30:13 witherspoon kernel: 1e783000.serial: ttyS1 at MMIO 0x1e783000 (irq = 23, base_baud = 1500000) is a 16550A
Aug 24 20:30:13 witherspoon kernel: 1e78d000.serial: ttyS2 at MMIO 0x1e78d000 (irq = 24, base_baud = 1500000) is a 16550A
Aug 24 20:30:13 witherspoon kernel: 1e784000.serial: ttyS4 at MMIO 0x1e784000 (irq = 25, base_baud = 1500000) is a 16550A
Aug 24 20:30:13 witherspoon kernel: console [ttyS4] enabled
Aug 24 20:30:13 witherspoon kernel: timeriomem_rng 1e6e2078.hwrng: 32bits from 0xf00e2078 @ 1us
Aug 24 20:30:13 witherspoon kernel: random: fast init done
Aug 24 20:30:13 witherspoon kernel: random: crng init done
Aug 24 20:30:13 witherspoon kernel: brd: module loaded
Aug 24 20:30:13 witherspoon kernel: loop: module loaded
Aug 24 20:30:13 witherspoon kernel: aspeed-lpc-ctrl 1e789080.lpc-ctrl: Loaded at 0x98000000 (0x04000000)
Aug 24 20:30:13 witherspoon kernel: aspeed-smc 1e620000.flash-controller: Using IRQ 18
Aug 24 20:30:13 witherspoon kernel: aspeed-smc 1e620000.flash-controller: DMA support disabled.
Aug 24 20:30:13 witherspoon kernel: aspeed-smc 1e620000.flash-controller: mx25l25635e (32768 Kbytes)
Aug 24 20:30:13 witherspoon kernel: aspeed-smc 1e620000.flash-controller: CE0 window [ 0x20000000 - 0x22000000 ] 32MB
Aug 24 20:30:13 witherspoon kernel: aspeed-smc 1e620000.flash-controller: CE1 window [ 0x22000000 - 0x2a000000 ] 128MB
Aug 24 20:30:13 witherspoon kernel: 5 ofpart partitions found on MTD device bmc
Aug 24 20:30:13 witherspoon kernel: Creating 5 MTD partitions on "bmc":
Aug 24 20:30:13 witherspoon kernel: 0x000000000000-0x000000060000 : "u-boot"
Aug 24 20:30:13 witherspoon kernel: 0x000000060000-0x000000080000 : "u-boot-env"
Aug 24 20:30:13 witherspoon kernel: 0x000000080000-0x0000004c0000 : "kernel"
Aug 24 20:30:13 witherspoon kernel: 0x0000004c0000-0x000001c00000 : "rofs"
Aug 24 20:30:13 witherspoon kernel: 0x000001c00000-0x000002000000 : "rwfs"
Aug 24 20:30:13 witherspoon kernel: aspeed-smc 1e620000.flash-controller: mx25l25635e (32768 Kbytes)
Aug 24 20:30:13 witherspoon kernel: aspeed-smc 1e620000.flash-controller: CE1 window [ 0x22000000 - 0x24000000 ] 32MB
Aug 24 20:30:13 witherspoon kernel: aspeed-smc 1e620000.flash-controller: CE2 window [ 0x24000000 - 0x2c000000 ] 128MB
Aug 24 20:30:13 witherspoon kernel: aspeed-smc 1e630000.flash-controller: mx66l1g45g (131072 Kbytes)
Aug 24 20:30:13 witherspoon kernel: aspeed-smc 1e630000.flash-controller: CE0 window resized to 120MB (AST2500 HW quirk)
Aug 24 20:30:13 witherspoon kernel: aspeed-smc 1e630000.flash-controller: CE0 window [ 0x30000000 - 0x37800000 ] 120MB
Aug 24 20:30:13 witherspoon kernel: aspeed-smc 1e630000.flash-controller: CE0 window too small for chip 128MB
Aug 24 20:30:13 witherspoon kernel: aspeed-smc 1e630000.flash-controller: CE1 window [ 0x37800000 - 0x38000000 ] 8MB
Aug 24 20:30:13 witherspoon kernel: libphy: Fixed MDIO Bus: probed
Aug 24 20:30:13 witherspoon kernel: ftgmac100 1e660000.ethernet: Read MAC address 70:e2:84:14:23:e1 from chip
Aug 24 20:30:13 witherspoon kernel: ftgmac100 1e660000.ethernet: Using NCSI interface
Aug 24 20:30:13 witherspoon kernel: ftgmac100 1e660000.ethernet eth0: irq 20, mapped at f0060000
Aug 24 20:30:13 witherspoon kernel: ehci_hcd: USB 2.0 'Enhanced' Host Controller (EHCI) Driver
Aug 24 20:30:13 witherspoon kernel: ehci-platform: EHCI generic platform driver
Aug 24 20:30:13 witherspoon kernel:  fsi0: can't read slave 00:00 -5
Aug 24 20:30:13 witherspoon kernel: i2c /dev entries driver
Aug 24 20:30:13 witherspoon kernel: aspeed-i2c-bus 1e78a0c0.i2c-bus: i2c bus 2 registered, irq 26
Aug 24 20:30:13 witherspoon kernel: aspeed-i2c-bus 1e78a100.i2c-bus: i2c bus 3 registered, irq 27
Aug 24 20:30:13 witherspoon kernel: aspeed-i2c-bus 1e78a140.i2c-bus: i2c bus 4 registered, irq 28
Aug 24 20:30:13 witherspoon kernel: aspeed-i2c-bus 1e78a180.i2c-bus: i2c bus 5 registered, irq 29
Aug 24 20:30:13 witherspoon kernel: aspeed-i2c-bus 1e78a380.i2c-bus: i2c bus 9 registered, irq 30
Aug 24 20:30:13 witherspoon kernel: aspeed-i2c-bus 1e78a3c0.i2c-bus: i2c bus 10 registered, irq 31
Aug 24 20:30:13 witherspoon kernel: rtc-rv8803 11-0032: Voltage low, temperature compensation stopped.
Aug 24 20:30:13 witherspoon kernel: rtc-rv8803 11-0032: An alarm maybe have been missed.
Aug 24 20:30:13 witherspoon kernel: rtc-rv8803 11-0032: rtc core: registered rx8900 as rtc0
Aug 24 20:30:13 witherspoon kernel: at24 11-0051: 8192 byte 24c64 EEPROM, writable, 1 bytes/write
Aug 24 20:30:13 witherspoon kernel: aspeed-i2c-bus 1e78a400.i2c-bus: i2c bus 11 registered, irq 32
Aug 24 20:30:13 witherspoon kernel: aspeed-i2c-bus 1e78a440.i2c-bus: i2c bus 12 registered, irq 33
Aug 24 20:30:13 witherspoon kernel: aspeed-i2c-bus 1e78a480.i2c-bus: i2c bus 13 registered, irq 34
Aug 24 20:30:13 witherspoon kernel: Driver for 1-wire Dallas network protocol.
Aug 24 20:30:13 witherspoon kernel: lm75 9-004a: hwmon0: sensor 'tmp275'
Aug 24 20:30:13 witherspoon kernel: ucd9000 11-0064: Device ID UCD90160|2.3.4.0000|110603
Aug 24 20:30:13 witherspoon kernel: leds-pca955x 3-0060: leds-pca955x: Using pca9552 16-bit LED driver at slave address 0x60
Aug 24 20:30:13 witherspoon kernel: leds-pca955x 3-0060: gpios 264...279
Aug 24 20:30:13 witherspoon kernel: leds-pca955x 11-0060: leds-pca955x: Using pca9552 16-bit LED driver at slave address 0x60
Aug 24 20:30:13 witherspoon kernel: leds-pca955x 11-0060: gpios 248...263
Aug 24 20:30:13 witherspoon kernel: usbcore: registered new interface driver usbhid
Aug 24 20:30:13 witherspoon kernel: usbhid: USB HID core driver
Aug 24 20:30:13 witherspoon kernel: NET: Registered protocol family 10
Aug 24 20:30:13 witherspoon kernel: Segment Routing with IPv6
Aug 24 20:30:13 witherspoon kernel: NET: Registered protocol family 17
Aug 24 20:30:13 witherspoon kernel: 8021q: 802.1Q VLAN Support v1.8
Aug 24 20:30:13 witherspoon kernel: input: gpio-keys-polled as /devices/platform/gpio-keys-polled/input/input1
Aug 24 20:30:13 witherspoon kernel: console [netcon0] enabled
Aug 24 20:30:13 witherspoon kernel: netconsole: network logging started
Aug 24 20:30:13 witherspoon kernel: input: gpio-keys as /devices/platform/gpio-keys/input/input2
Aug 24 20:30:13 witherspoon kernel: rtc-rv8803 11-0032: setting system clock to 2017-08-24 20:30:00 UTC (1503606600)
Aug 24 20:30:13 witherspoon kernel: Freeing unused kernel memory: 280K
Aug 24 20:30:13 witherspoon kernel: This architecture does not have kernel memory protection.
Aug 24 20:30:13 witherspoon kernel: jffs2: notice: (547) jffs2_build_xattr_subsystem: complete building xattr subsystem, 102 of xdatum (65 unchecked, 37 orphan) and 333 of xref (0 dead, 129 orphan) found.
Aug 24 20:30:13 witherspoon systemd[1]: Failed to insert module 'autofs4': No such file or directory
Aug 24 20:30:13 witherspoon systemd[1]: systemd 232 running in system mode. (+PAM -AUDIT -SELINUX -IMA -APPARMOR -SMACK +SYSVINIT -UTMP -LIBCRYPTSETUP -GCRYPT -GNUTLS +ACL +XZ -LZ4 -SECCOMP +BLKID -ELFUTILS +KMOD -IDN)
Aug 24 20:30:13 witherspoon systemd[1]: Detected architecture arm.
Aug 24 20:30:13 witherspoon systemd[1]: Set hostname to <witherspoon>.
Aug 24 20:30:13 witherspoon systemd[1]: Reached target Remote File Systems.
Aug 24 20:30:13 witherspoon systemd[1]: Listening on udev Kernel Socket.
Aug 24 20:30:13 witherspoon systemd[1]: Started Dispatch Password Requests to Console Directory Watch.
Aug 24 20:30:13 witherspoon systemd[1]: Listening on Network Service Netlink Socket.
Aug 24 20:30:13 witherspoon systemd[1]: Listening on Journal Socket (/dev/log).
Aug 24 20:30:13 witherspoon systemd[1]: Listening on Journal Socket.
Aug 24 20:30:13 witherspoon systemd[1]: Started Forward Password Requests to Wall Directory Watch.
Aug 24 20:30:13 witherspoon systemd-journald[718]: Journal started
Aug 24 20:30:13 witherspoon systemd-journald[718]: Runtime journal (/run/log/journal/cc6e1404d87444e8a089dfdb00a18f7d) is 0B, max 0B, 0B free.
Aug 24 20:30:13 witherspoon systemd-sysctl[604]: Couldn't write '16' to 'kernel/sysrq', ignoring: No such file or directory
Aug 24 20:30:13 witherspoon systemd-sysctl[604]: Couldn't write 'fq_codel' to 'net/core/default_qdisc', ignoring: No such file or directory
Aug 24 20:30:13 witherspoon systemd[1]: Starting Flush Journal to Persistent Storage...
Aug 24 20:30:13 witherspoon systemd[1]: Started Create System Users.
Aug 24 20:30:13 witherspoon systemd[1]: Starting Create Static Device Nodes in /dev...
Aug 24 20:30:13 witherspoon systemd-journald[718]: Runtime journal (/run/log/journal/cc6e1404d87444e8a089dfdb00a18f7d) is 0B, max 0B, 0B free.
Aug 24 20:30:13 witherspoon systemd[1]: Started Flush Journal to Persistent Storage.
Aug 24 20:30:14 witherspoon systemd[1]: Started Create Static Device Nodes in /dev.
Aug 24 20:30:14 witherspoon systemd[1]: Starting udev Kernel Device Manager...
Aug 24 20:30:14 witherspoon systemd[1]: Reached target Local File Systems (Pre).
Aug 24 20:30:14 witherspoon systemd[1]: Mounting /var/volatile...
Aug 24 20:30:14 witherspoon systemd[1]: Mounting /usr/local...
Aug 24 20:30:14 witherspoon systemd[1]: Mounted /usr/local.
Aug 24 20:30:14 witherspoon systemd[1]: Mounted /var/volatile.
Aug 24 20:30:14 witherspoon systemd[1]: Starting Load/Save Random Seed...
Aug 24 20:30:14 witherspoon systemd[1]: Reached target Local File Systems.
Aug 24 20:30:14 witherspoon systemd[1]: Starting Create Volatile Files and Directories...
Aug 24 20:30:14 witherspoon systemd[1]: Starting Rebuild Journal Catalog...
Aug 24 20:30:14 witherspoon systemd[1]: Started Rebuild Journal Catalog.
Aug 24 20:30:14 witherspoon systemd[1]: Starting Update is Completed...
Aug 24 20:30:14 witherspoon systemd[1]: Started Load/Save Random Seed.
Aug 24 20:30:15 witherspoon systemd[1]: Started Update is Completed.
Aug 24 20:30:15 witherspoon systemd-tmpfiles[732]: "/var/tmp" already exists and is not a directory.
Aug 24 20:30:15 witherspoon systemd-tmpfiles[732]: "/var/log" already exists and is not a directory.
Aug 24 20:30:15 witherspoon systemd[1]: Started Create Volatile Files and Directories.
Aug 24 20:30:15 witherspoon systemd[1]: Starting Network Time Synchronization...
Aug 24 20:30:15 witherspoon systemd[1]: Started udev Coldplug all Devices.
Aug 24 20:30:15 witherspoon systemd[1]: Started udev Kernel Device Manager.
Aug 24 20:30:15 witherspoon systemd[1]: Started Network Time Synchronization.
Aug 24 20:30:15 witherspoon systemd[1]: Reached target System Initialization.
Aug 24 20:30:16 witherspoon systemd[1]: Listening on D-Bus System Message Bus Socket.
Aug 24 20:30:16 witherspoon systemd[1]: Listening on dropbear.socket.
Aug 24 20:30:16 witherspoon systemd[1]: Listening on Phosphor Webserver socket.
Aug 24 20:30:16 witherspoon systemd[1]: Listening on Phosphor Host Console SSH Per-Connection socket.
Aug 24 20:30:16 witherspoon systemd[1]: Listening on Avahi mDNS/DNS-SD Stack Activation Socket.
Aug 24 20:30:16 witherspoon systemd[1]: Started Daily Cleanup of Temporary Directories.
Aug 24 20:30:16 witherspoon systemd-udevd[954]: rename '/dev/mtd/.tmp-c90:9' '/dev/mtd/' failed: Not a directory
Aug 24 20:30:16 witherspoon systemd-udevd[955]: rename '/dev/mtd/.tmp-c90:11' '/dev/mtd/' failed: Not a directory
Aug 24 20:30:16 witherspoon systemd-udevd[956]: rename '/dev/mtd/.tmp-c90:1' '/dev/mtd/' failed: Not a directory
Aug 24 20:30:16 witherspoon systemd-udevd[958]: rename '/dev/mtd/.tmp-c90:13' '/dev/mtd/' failed: Not a directory
Aug 24 20:30:16 witherspoon systemd-udevd[953]: rename '/dev/mtd/.tmp-c90:15' '/dev/mtd/' failed: Not a directory
Aug 24 20:30:16 witherspoon systemd[1]: Reached target Timers.
Aug 24 20:30:16 witherspoon systemd[1]: Listening on phosphor-ipmi-net.socket.
Aug 24 20:30:16 witherspoon systemd-udevd[950]: rename '/dev/mtd/.tmp-c90:3' '/dev/mtd/' failed: Not a directory
Aug 24 20:30:16 witherspoon systemd[1]: Listening on Phosphor DBUS Browser socket.
Aug 24 20:30:16 witherspoon systemd-udevd[949]: rename '/dev/mtd/.tmp-c90:7' '/dev/mtd/' failed: Not a directory
Aug 24 20:30:16 witherspoon systemd-udevd[951]: rename '/dev/mtd/.tmp-c90:5' '/dev/mtd/' failed: Not a directory
Aug 24 20:30:17 witherspoon systemd[1]: Reached target Sockets.
Aug 24 20:30:17 witherspoon systemd[1]: Reached target Basic System.
Aug 24 20:30:17 witherspoon systemd[1]: Starting Clear one time boot overrides...
Aug 24 20:30:17 witherspoon systemd[1]: Started D-Bus System Message Bus.
Aug 24 20:30:19 witherspoon systemd[1]: Starting Network Service...
Aug 24 20:30:19 witherspoon systemd[1]: Started System Logging Service.
Aug 24 20:30:19 witherspoon systemd[1]: Started Kernel Logging Service.
Aug 24 20:30:19 witherspoon systemd[1]: Starting Updates symlinks for active PNOR version...
Aug 24 20:30:19 witherspoon systemd[1]: Starting Phosphor BMC0 Control...
Aug 24 20:30:19 witherspoon systemd[1]: Starting Phosphor Dump Manager...
Aug 24 20:30:19 witherspoon systemd[1]: Starting Phosphor Chassis0 Control...
Aug 24 20:30:19 witherspoon systemd[1]: Starting Phosphor IPMI BT DBus Bridge...
Aug 24 20:30:19 witherspoon systemd[1]: Starting Avahi mDNS/DNS-SD Stack...
Aug 24 20:30:19 witherspoon systemd[1]: Starting Phosphor Download Manager...
Aug 24 20:30:19 witherspoon systemd[1]: Starting Phosphor Inventory Manager...
Aug 24 20:30:19 witherspoon systemd[1]: Started Hardware RNG Entropy Gatherer Daemon.
Aug 24 20:30:19 witherspoon obmc-flash-bios[1003]: ls: /media/pnor-ro-*: No such file or directory
Aug 24 20:30:19 witherspoon systemd[1]: Starting Remount the squashfs and ubi volumes after a reboot...
Aug 24 20:30:19 witherspoon systemd[1]: Starting Phosphor Settings Daemon...
Aug 24 20:30:19 witherspoon systemd[1]: Starting Remount the ubi volume after a reboot...
Aug 24 20:30:20 witherspoon systemd[1]: Reached target Containers.
Aug 24 20:30:20 witherspoon systemd[1]: Starting Phosphor LED Group Management Daemon...
Aug 24 20:30:20 witherspoon systemd[1]: Starting Phosphor DBus Service Discovery Manager...
Aug 24 20:30:20 witherspoon systemd[1]: Started Phosphor Dump core monitor..
Aug 24 20:30:20 witherspoon systemd[1]: Starting Phosphor User Manager...
Aug 24 20:30:20 witherspoon systemd[1]: Starting Phosphor Network Manager...
Aug 24 20:30:20 witherspoon systemd[1]: Starting Phosphor Sensor Manager...
Aug 24 20:30:20 witherspoon systemd[1]: Starting Phosphor Inventory Manager...
Aug 24 20:30:20 witherspoon systemd[1]: Starting Phosphor Log Manager...
Aug 24 20:30:20 witherspoon systemd[1]: Starting Phosphor Download Manager...
Aug 24 20:30:20 witherspoon systemd[1]: Reached target System Time Synchronized.
Aug 24 20:30:21 witherspoon systemd[1]: Started Clear one time boot overrides.
Aug 24 20:30:21 witherspoon systemd[1]: Started Updates symlinks for active PNOR version.
Aug 24 20:30:21 witherspoon kernel[1002]: klogd started: BusyBox v1.24.1 (2017-06-16 19:28:48 UTC)
Aug 24 20:30:21 witherspoon kernel[1002]: [    0.000000] Booting Linux on physical CPU 0x0
Aug 24 20:30:21 witherspoon kernel[1002]: [    0.000000] Linux version 4.10.17-ba30e9ed152bab62f72da24986ee5ca22d6c9b07 (jenkins@openbmc-builder2) (gcc version 6.2.0 (GCC) ) #1 Thu Aug 24 19:30:13 UTC 2017
Aug 24 20:30:21 witherspoon kernel[1002]: [    0.000000] CPU: ARMv6-compatible processor [410fb767] revision 7 (ARMv7), cr=00c5387d
Aug 24 20:30:21 witherspoon kernel[1002]: [    0.000000] CPU: PIPT / VIPT nonaliasing data cache, VIPT nonaliasing instruction cache
Aug 24 20:30:21 witherspoon kernel[1002]: [    0.000000] OF: fdt:Machine model: Witherspoon BMC
Aug 24 20:30:21 witherspoon systemd[1]: Started Remount the squashfs and ubi volumes after a reboot.
Aug 24 20:30:21 witherspoon kernel[1002]: [    0.000000] Memory policy: Data cache writeback
Aug 24 20:30:21 witherspoon kernel[1002]: [    0.000000] SOC Rev: 04030303
Aug 24 20:30:21 witherspoon kernel[1002]: [    0.000000] On node 0 totalpages: 110592
Aug 24 20:30:21 witherspoon kernel[1002]: [    0.000000] free_area_init_node: node 0, pgdat 80601864, node_mem_map 9ec1a000
Aug 24 20:30:21 witherspoon kernel[1002]: [    0.000000]   Normal zone: 992 pages used for memmap
Aug 24 20:30:21 witherspoon kernel[1002]: [    0.000000]   Normal zone: 0 pages reserved
Aug 24 20:30:21 witherspoon kernel[1002]: [    0.000000]   Normal zone: 110592 pages, LIFO batch:31
Aug 24 20:30:21 witherspoon kernel[1002]: [    0.000000] pcpu-alloc: s0 r0 d32768 u32768 alloc=1*32768
Aug 24 20:30:21 witherspoon kernel[1002]: [    0.000000] pcpu-alloc: [0] 0
Aug 24 20:30:21 witherspoon kernel[1002]: [    0.000000] Built 1 zonelists in Zone order, mobility grouping on.  Total pages: 109600
Aug 24 20:30:21 witherspoon kernel[1002]: [    0.000000] Kernel command line: console=ttyS4,115200n8 root=/dev/ram rw
Aug 24 20:30:21 witherspoon kernel[1002]: [    0.000000] PID hash table entries: 2048 (order: 1, 8192 bytes)
Aug 24 20:30:21 witherspoon kernel[1002]: [    0.000000] Dentry cache hash table entries: 65536 (order: 6, 262144 bytes)
Aug 24 20:30:21 witherspoon kernel[1002]: [    0.000000] Inode-cache hash table entries: 32768 (order: 5, 131072 bytes)
Aug 24 20:30:21 witherspoon kernel[1002]: [    0.000000] Memory: 430420K/442368K available (4074K kernel code, 281K rwdata, 1196K rodata, 280K init, 111K bss, 11948K reserved, 0K cma-reserved)
Aug 24 20:30:21 witherspoon kernel[1002]: [    0.000000] Virtual kernel memory layout:
Aug 24 20:30:23 witherspoon obmc-flash-bmc[1016]: hexdump: /dev/mtd: Is a directory
Aug 24 20:30:21 witherspoon kernel[1002]: [    0.000000]     vector  : 0xffff0000 - 0xffff1000   (   4 kB)
Aug 24 20:30:21 witherspoon kernel[1002]: [    0.000000]     fixmap  : 0xffc00000 - 0xfff00000   (3072 kB)
Aug 24 20:30:21 witherspoon kernel[1002]: [    0.000000]     vmalloc : 0x9f800000 - 0xff800000   (1536 MB)
Aug 24 20:30:21 witherspoon kernel[1002]: [    0.000000]     lowmem  : 0x80000000 - 0x9f000000   ( 496 MB)
Aug 24 20:30:21 witherspoon kernel[1002]: [    0.000000]       .text : 0x80008000 - 0x80402d80   (4076 kB)
Aug 24 20:30:21 witherspoon kernel[1002]: [    0.000000]       .init : 0x80588000 - 0x805ce000   ( 280 kB)
Aug 24 20:30:21 witherspoon kernel[1002]: [    0.000000]       .data : 0x805ce000 - 0x80614710   ( 282 kB)
Aug 24 20:30:21 witherspoon kernel[1002]: [    0.000000]        .bss : 0x80614710 - 0x806305b8   ( 112 kB)
Aug 24 20:30:21 witherspoon kernel[1002]: [    0.000000] NR_IRQS:16 nr_irqs:16 16
Aug 24 20:30:21 witherspoon kernel[1002]: [    0.000000] i2c controller registered, irq 16
Aug 24 20:30:21 witherspoon kernel[1002]: [    0.000000] clocksource: moxart_timer: mask: 0xffffffff max_cycles: 0xffffffff, max_idle_ns: 77222644334 ns
Aug 24 20:30:21 witherspoon kernel[1002]: [    0.000000] sched_clock: 32 bits at 100 Hz, resolution 10000000ns, wraps every 21474836475000000ns
Aug 24 20:30:21 witherspoon kernel[1002]: [    0.090000] Calibrating delay loop... 789.70 BogoMIPS (lpj=3948544)
Aug 24 20:30:21 witherspoon kernel[1002]: [    0.090000] pid_max: default: 32768 minimum: 301
Aug 24 20:30:21 witherspoon kernel[1002]: [    0.090000] Mount-cache hash table entries: 1024 (order: 0, 4096 bytes)
Aug 24 20:30:21 witherspoon kernel[1002]: [    0.090000] Mountpoint-cache hash table entries: 1024 (order: 0, 4096 bytes)
Aug 24 20:30:21 witherspoon kernel[1002]: [    0.090000] CPU: Testing write buffer coherency: ok
Aug 24 20:30:21 witherspoon kernel[1002]: [    0.090000] ftrace: allocating 14975 entries in 44 pages
Aug 24 20:30:21 witherspoon kernel[1002]: [    0.120000] Setting up static identity map for 0x80008200 - 0x8000825c
Aug 24 20:30:21 witherspoon kernel[1002]: [    0.120000] devtmpfs: initialized
Aug 24 20:30:21 witherspoon kernel[1002]: [    0.140000] clocksource: jiffies: mask: 0xffffffff max_cycles: 0xffffffff, max_idle_ns: 19112604462750000 ns
Aug 24 20:30:21 witherspoon kernel[1002]: [    0.140000] futex hash table entries: 256 (order: -1, 3072 bytes)
Aug 24 20:30:21 witherspoon kernel[1002]: [    0.140000] pinctrl core: initialized pinctrl subsystem
Aug 24 20:30:21 witherspoon kernel[1002]: [    0.150000] NET: Registered protocol family 16
Aug 24 20:30:21 witherspoon kernel[1002]: [    0.150000] DMA: preallocated 256 KiB pool for atomic coherent allocations
Aug 24 20:30:21 witherspoon kernel[1002]: [    0.210000] usbcore: registered new interface driver usbfs
Aug 24 20:30:21 witherspoon kernel[1002]: [    0.210000] usbcore: registered new interface driver hub
Aug 24 20:30:21 witherspoon kernel[1002]: [    0.220000] usbcore: registered new device driver usb
Aug 24 20:30:21 witherspoon kernel[1002]: [    0.220000] clocksource: Switched to clocksource moxart_timer
Aug 24 20:30:21 witherspoon kernel[1002]: [    0.240000] NET: Registered protocol family 2
Aug 24 20:30:21 witherspoon kernel[1002]: [    0.240000] TCP established hash table entries: 4096 (order: 2, 16384 bytes)
Aug 24 20:30:21 witherspoon kernel[1002]: [    0.240000] TCP bind hash table entries: 4096 (order: 2, 16384 bytes)
Aug 24 20:30:21 witherspoon kernel[1002]: [    0.240000] TCP: Hash tables configured (established 4096 bind 4096)
Aug 24 20:30:21 witherspoon kernel[1002]: [    0.240000] UDP hash table entries: 256 (order: 0, 4096 bytes)
Aug 24 20:30:21 witherspoon kernel[1002]: [    0.240000] UDP-Lite hash table entries: 256 (order: 0, 4096 bytes)
Aug 24 20:30:21 witherspoon kernel[1002]: [    0.240000] NET: Registered protocol family 1
Aug 24 20:30:25 witherspoon systemd[1]: Found device /dev/aspeed-lpc-ctrl.
Aug 24 20:30:21 witherspoon kernel[1002]: [    0.240000] Trying to unpack rootfs image as initramfs...
Aug 24 20:30:25 witherspoon systemd[1]: Found device /dev/aspeed-mbox.
Aug 24 20:30:21 witherspoon kernel[1002]: [    1.910000] Freeing initrd memory: 1548K
Aug 24 20:30:25 witherspoon systemd[1]: Found device /dev/ttyS4.
Aug 24 20:30:21 witherspoon kernel[1002]: [    1.910000] workingset: timestamp_bits=30 max_order=17 bucket_order=0
Aug 24 20:30:25 witherspoon systemd[1]: Found device /dev/ttyVUART0.
Aug 24 20:30:21 witherspoon kernel[1002]: [    1.910000] squashfs: version 4.0 (2009/01/31) Phillip Lougher
Aug 24 20:30:26 witherspoon kernel: 8021q: adding VLAN 0 to HW filter on device eth0
Aug 24 20:30:25 witherspoon systemd-networkd[1000]: Enumeration completed
Aug 24 20:30:21 witherspoon kernel[1002]: [    1.910000] jffs2: version 2.2. (SUMMARY)  © 2001-2006 Red Hat, Inc.
Aug 24 20:30:25 witherspoon systemd-networkd[1000]: eth0: IPv6 enabled for interface: Success
Aug 24 20:30:21 witherspoon kernel[1002]: [    1.910000] Block layer SCSI generic (bsg) driver version 0.4 loaded (major 250)
Aug 24 20:30:25 witherspoon systemd-networkd[1000]: eth0: Gained carrier
Aug 24 20:30:21 witherspoon kernel[1002]: [    1.910000] io scheduler noop registered
Aug 24 20:30:26 witherspoon systemd[1]: Started Network Service.
Aug 24 20:30:21 witherspoon kernel[1002]: [    1.910000] io scheduler deadline registered
Aug 24 20:30:26 witherspoon systemd-timesyncd[744]: Network configuration changed, trying to establish connection.
Aug 24 20:30:21 witherspoon kernel[1002]: [    1.910000] io scheduler cfq registered (default)
Aug 24 20:30:21 witherspoon kernel[1002]: [    2.060000] ipmi-bt-host 1e789140.ibt: Found bt bmc device
Aug 24 20:30:21 witherspoon kernel[1002]: [    2.060000] ipmi-bt-host 1e789140.ibt: Using IRQ 22
Aug 24 20:30:21 witherspoon kernel[1002]: [    2.060000] Serial: 8250/16550 driver, 6 ports, IRQ sharing enabled
Aug 24 20:30:21 witherspoon kernel[1002]: [    2.060000] 1e787000.vuart: ttyS0 at MMIO 0x1e787000 (irq = 22, base_baud = 1500000) is a 16550A
Aug 24 20:30:21 witherspoon kernel[1002]: [    2.060000] 1e783000.serial: ttyS1 at MMIO 0x1e783000 (irq = 23, base_baud = 1500000) is a 16550A
Aug 24 20:30:21 witherspoon kernel[1002]: [    2.060000] 1e78d000.serial: ttyS2 at MMIO 0x1e78d000 (irq = 24, base_baud = 1500000) is a 16550A
Aug 24 20:30:21 witherspoon kernel[1002]: [    2.060000] 1e784000.serial: ttyS4 at MMIO 0x1e784000 (irq = 25, base_baud = 1500000) is a 16550A
Aug 24 20:30:21 witherspoon kernel[1002]: [    2.480000] console [ttyS4] enabled
Aug 24 20:30:21 witherspoon kernel[1002]: [    2.540000] timeriomem_rng 1e6e2078.hwrng: 32bits from 0xf00e2078 @ 1us
Aug 24 20:30:21 witherspoon kernel[1002]: [    2.550000] random: fast init done
Aug 24 20:30:21 witherspoon kernel[1002]: [    2.590000] random: crng init done
Aug 24 20:30:21 witherspoon kernel[1002]: [    2.600000] brd: module loaded
Aug 24 20:30:21 witherspoon kernel[1002]: [    2.630000] loop: module loaded
Aug 24 20:30:21 witherspoon kernel[1002]: [    2.630000] aspeed-lpc-ctrl 1e789080.lpc-ctrl: Loaded at 0x98000000 (0x04000000)
Aug 24 20:30:21 witherspoon kernel[1002]: [    2.640000] aspeed-smc 1e620000.flash-controller: Using IRQ 18
Aug 24 20:30:21 witherspoon kernel[1002]: [    2.640000] aspeed-smc 1e620000.flash-controller: DMA support disabled.
Aug 24 20:30:21 witherspoon kernel[1002]: [    2.660000] aspeed-smc 1e620000.flash-controller: mx25l25635e (32768 Kbytes)
Aug 24 20:30:21 witherspoon kernel[1002]: [    2.660000] aspeed-smc 1e620000.flash-controller: CE0 window [ 0x20000000 - 0x22000000 ] 32MB
Aug 24 20:30:21 witherspoon kernel[1002]: [    2.660000] aspeed-smc 1e620000.flash-controller: CE1 window [ 0x22000000 - 0x2a000000 ] 128MB
Aug 24 20:30:21 witherspoon kernel[1002]: [    2.680000] 5 ofpart partitions found on MTD device bmc
Aug 24 20:30:27 witherspoon systemd-networkd[1000]: eth0: Gained IPv6LL
Aug 24 20:30:21 witherspoon kernel[1002]: [    2.680000] Creating 5 MTD partitions on "bmc":
Aug 24 20:30:21 witherspoon kernel[1002]: [    2.680000] 0x000000000000-0x000000060000 : "u-boot"
Aug 24 20:30:21 witherspoon kernel[1002]: [    2.680000] 0x000000060000-0x000000080000 : "u-boot-env"
Aug 24 20:30:21 witherspoon kernel[1002]: [    2.720000] 0x000000080000-0x0000004c0000 : "kernel"
Aug 24 20:30:21 witherspoon kernel[1002]: [    2.720000] 0x0000004c0000-0x000001c00000 : "rofs"
Aug 24 20:30:21 witherspoon kernel[1002]: [    2.740000] 0x000001c00000-0x000002000000 : "rwfs"
Aug 24 20:30:21 witherspoon kernel[1002]: [    2.740000] aspeed-smc 1e620000.flash-controller: mx25l25635e (32768 Kbytes)
Aug 24 20:30:21 witherspoon kernel[1002]: [    2.750000] aspeed-smc 1e620000.flash-controller: CE1 window [ 0x22000000 - 0x24000000 ] 32MB
Aug 24 20:30:21 witherspoon kernel[1002]: [    2.750000] aspeed-smc 1e620000.flash-controller: CE2 window [ 0x24000000 - 0x2c000000 ] 128MB
Aug 24 20:30:21 witherspoon kernel[1002]: [    2.780000] aspeed-smc 1e630000.flash-controller: mx66l1g45g (131072 Kbytes)
Aug 24 20:30:21 witherspoon kernel[1002]: [    2.780000] aspeed-smc 1e630000.flash-controller: CE0 window resized to 120MB (AST2500 HW quirk)
Aug 24 20:30:29 witherspoon kernel: ftgmac100 1e660000.ethernet eth0: ncsi: removed vlan tag 0 at index 1
Aug 24 20:30:29 witherspoon kernel: ftgmac100 1e660000.ethernet eth0: ncsi: removed vlan tag 0 at index 2
Aug 24 20:30:29 witherspoon kernel: ftgmac100 1e660000.ethernet eth0: no vlan ids left to set
Aug 24 20:30:29 witherspoon kernel: ftgmac100 1e660000.ethernet eth0: NCSI interface up
Aug 24 20:30:21 witherspoon kernel[1002]: [    2.790000] aspeed-smc 1e630000.flash-controller: CE0 window [ 0x30000000 - 0x37800000 ] 120MB
Aug 24 20:30:21 witherspoon kernel[1002]: [    2.790000] aspeed-smc 1e630000.flash-controller: CE0 window too small for chip 128MB
Aug 24 20:30:21 witherspoon kernel[1002]: [    2.790000] aspeed-smc 1e630000.flash-controller: CE1 window [ 0x37800000 - 0x38000000 ] 8MB
Aug 24 20:30:21 witherspoon kernel[1002]: [    3.550000] libphy: Fixed MDIO Bus: probed
Aug 24 20:30:21 witherspoon kernel[1002]: [    3.550000] ftgmac100 1e660000.ethernet: Read MAC address 70:e2:84:14:23:e1 from chip
Aug 24 20:30:21 witherspoon kernel[1002]: [    3.550000] ftgmac100 1e660000.ethernet: Using NCSI interface
Aug 24 20:30:21 witherspoon kernel[1002]: [    3.550000] ftgmac100 1e660000.ethernet eth0: irq 20, mapped at f0060000
Aug 24 20:30:21 witherspoon kernel[1002]: [    3.550000] ehci_hcd: USB 2.0 'Enhanced' Host Controller (EHCI) Driver
Aug 24 20:30:21 witherspoon kernel[1002]: [    3.550000] ehci-platform: EHCI generic platform driver
Aug 24 20:30:21 witherspoon kernel[1002]: [    3.790000]  fsi0: can't read slave 00:00 -5
Aug 24 20:30:21 witherspoon kernel[1002]: [    3.790000] i2c /dev entries driver
Aug 24 20:30:21 witherspoon kernel[1002]: [    3.790000] aspeed-i2c-bus 1e78a0c0.i2c-bus: i2c bus 2 registered, irq 26
Aug 24 20:30:21 witherspoon kernel[1002]: [    3.790000] aspeed-i2c-bus 1e78a100.i2c-bus: i2c bus 3 registered, irq 27
Aug 24 20:30:21 witherspoon kernel[1002]: [    3.790000] aspeed-i2c-bus 1e78a140.i2c-bus: i2c bus 4 registered, irq 28
Aug 24 20:30:21 witherspoon kernel[1002]: [    3.790000] aspeed-i2c-bus 1e78a180.i2c-bus: i2c bus 5 registered, irq 29
Aug 24 20:30:21 witherspoon kernel[1002]: [    3.790000] aspeed-i2c-bus 1e78a380.i2c-bus: i2c bus 9 registered, irq 30
Aug 24 20:30:21 witherspoon kernel[1002]: [    3.790000] aspeed-i2c-bus 1e78a3c0.i2c-bus: i2c bus 10 registered, irq 31
Aug 24 20:30:21 witherspoon kernel[1002]: [    3.790000] rtc-rv8803 11-0032: Voltage low, temperature compensation stopped.
Aug 24 20:30:21 witherspoon kernel[1002]: [    3.790000] rtc-rv8803 11-0032: An alarm maybe have been missed.
Aug 24 20:30:21 witherspoon kernel[1002]: [    3.890000] rtc-rv8803 11-0032: rtc core: registered rx8900 as rtc0
Aug 24 20:30:21 witherspoon kernel[1002]: [    3.900000] at24 11-0051: 8192 byte 24c64 EEPROM, writable, 1 bytes/write
Aug 24 20:30:21 witherspoon kernel[1002]: [    3.900000] aspeed-i2c-bus 1e78a400.i2c-bus: i2c bus 11 registered, irq 32
Aug 24 20:30:21 witherspoon kernel[1002]: [    3.900000] aspeed-i2c-bus 1e78a440.i2c-bus: i2c bus 12 registered, irq 33
Aug 24 20:30:21 witherspoon kernel[1002]: [    3.900000] aspeed-i2c-bus 1e78a480.i2c-bus: i2c bus 13 registered, irq 34
Aug 24 20:30:21 witherspoon kernel[1002]: [    3.900000] Driver for 1-wire Dallas network protocol.
Aug 24 20:30:21 witherspoon kernel[1002]: [    3.900000] lm75 9-004a: hwmon0: sensor 'tmp275'
Aug 24 20:30:21 witherspoon kernel[1002]: [    5.670000] ucd9000 11-0064: Device ID UCD90160|2.3.4.0000|110603
Aug 24 20:30:21 witherspoon kernel[1002]: [    6.350000] leds-pca955x 3-0060: leds-pca955x: Using pca9552 16-bit LED driver at slave address 0x60
Aug 24 20:30:21 witherspoon kernel[1002]: [    6.370000] leds-pca955x 3-0060: gpios 264...279
Aug 24 20:30:21 witherspoon kernel[1002]: [    6.370000] leds-pca955x 11-0060: leds-pca955x: Using pca9552 16-bit LED driver at slave address 0x60
Aug 24 20:30:21 witherspoon kernel[1002]: [    6.380000] leds-pca955x 11-0060: gpios 248...263
Aug 24 20:30:30 witherspoon systemd[1]: Started Remount the ubi volume after a reboot.
Aug 24 20:30:21 witherspoon kernel[1002]: [    6.390000] usbcore: registered new interface driver usbhid
Aug 24 20:30:21 witherspoon kernel[1002]: [    6.390000] usbhid: USB HID core driver
Aug 24 20:30:21 witherspoon kernel[1002]: [    6.440000] NET: Registered protocol family 10
Aug 24 20:30:21 witherspoon kernel[1002]: [    6.440000] Segment Routing with IPv6
Aug 24 20:30:21 witherspoon kernel[1002]: [    6.450000] NET: Registered protocol family 17
Aug 24 20:30:21 witherspoon kernel[1002]: [    6.450000] 8021q: 802.1Q VLAN Support v1.8
Aug 24 20:30:21 witherspoon kernel[1002]: [    6.460000] input: gpio-keys-polled as /devices/platform/gpio-keys-polled/input/input1
Aug 24 20:30:21 witherspoon kernel[1002]: [    6.490000] console [netcon0] enabled
Aug 24 20:30:21 witherspoon kernel[1002]: [    6.500000] netconsole: network logging started
Aug 24 20:30:21 witherspoon kernel[1002]: [    6.500000] input: gpio-keys as /devices/platform/gpio-keys/input/input2
Aug 24 20:30:21 witherspoon kernel[1002]: [    6.510000] rtc-rv8803 11-0032: setting system clock to 2017-08-24 20:30:00 UTC (1503606600)
Aug 24 20:30:21 witherspoon kernel[1002]: [    6.520000] Freeing unused kernel memory: 280K
Aug 24 20:30:21 witherspoon kernel[1002]: [    6.530000] This architecture does not have kernel memory protection.
Aug 24 20:30:21 witherspoon kernel[1002]: [    8.210000] jffs2: notice: (547) jffs2_build_xattr_subsystem: complete building xattr subsystem, 102 of xdatum (65 unchecked, 37 orphan) and 333 of xref (0 dead, 129 orphan) found.
Aug 24 20:30:21 witherspoon kernel[1002]: [   15.220000] systemd[1]: Failed to insert module 'autofs4': No such file or directory
Aug 24 20:30:21 witherspoon kernel[1002]: [   15.220000] systemd[1]: systemd 232 running in system mode. (+PAM -AUDIT -SELINUX -IMA -APPARMOR -SMACK +SYSVINIT -UTMP -LIBCRYPTSETUP -GCRYPT -GNUTLS +ACL +XZ -LZ4 -SECCOMP +BLKID -ELFUTILS +KMOD -IDN)
Aug 24 20:30:21 witherspoon kernel[1002]: [   15.530000] systemd[1]: Detected architecture arm.
Aug 24 20:30:21 witherspoon kernel[1002]: [   15.580000] systemd[1]: Set hostname to <witherspoon>.
Aug 24 20:30:21 witherspoon kernel[1002]: [   17.160000] systemd[1]: Reached target Remote File Systems.
Aug 24 20:30:21 witherspoon kernel[1002]: [   17.350000] systemd[1]: Listening on udev Kernel Socket.
Aug 24 20:30:21 witherspoon kernel[1002]: [   17.390000] systemd[1]: Started Dispatch Password Requests to Console Directory Watch.
Aug 24 20:30:21 witherspoon kernel[1002]: [   17.430000] systemd[1]: Listening on Network Service Netlink Socket.
Aug 24 20:30:21 witherspoon kernel[1002]: [   17.470000] systemd[1]: Listening on Journal Socket (/dev/log).
Aug 24 20:30:21 witherspoon kernel[1002]: [   17.510000] systemd[1]: Listening on Journal Socket.
Aug 24 20:30:21 witherspoon kernel[1002]: [   17.550000] systemd[1]: Started Forward Password Requests to Wall Directory Watch.
Aug 24 20:30:21 witherspoon kernel[1002]: [   19.840000] systemd-journald[718]: Received request to flush runtime journal from PID 1
Aug 24 20:30:24 witherspoon avahi-daemon[1009]: Found user 'avahi' (UID 999) and group 'avahi' (GID 999).
Aug 24 20:30:24 witherspoon avahi-daemon[1009]: Successfully dropped root privileges.
Aug 24 20:30:24 witherspoon avahi-daemon[1009]: avahi-daemon 0.6.32 starting up.
Aug 24 20:30:24 witherspoon avahi-daemon[1009]: Successfully called chroot().
Aug 24 20:30:24 witherspoon avahi-daemon[1009]: Successfully dropped remaining capabilities.
Aug 24 20:30:24 witherspoon avahi-daemon[1009]: Loading service file /services/obmc_console.service.
Aug 24 20:30:24 witherspoon avahi-daemon[1009]: Loading service file /services/phosphor_rest.service.
Aug 24 20:30:24 witherspoon avahi-daemon[1009]: Loading service file /services/sftp-ssh.service.
Aug 24 20:30:24 witherspoon avahi-daemon[1009]: Loading service file /services/sftp.service.
Aug 24 20:30:24 witherspoon avahi-daemon[1009]: Loading service file /services/ssh.service.
Aug 24 20:30:24 witherspoon avahi-daemon[1009]: Network interface enumeration completed.
Aug 24 20:30:24 witherspoon avahi-daemon[1009]: Server startup complete. Host name is witherspoon.local. Local service cookie is 1072202512.
Aug 24 20:30:24 witherspoon avahi-daemon[1009]: Service "witherspoon" (/services/ssh.service) successfully established.
Aug 24 20:30:24 witherspoon avahi-daemon[1009]: Service "sftp" (/services/sftp.service) successfully established.
Aug 24 20:30:24 witherspoon avahi-daemon[1009]: Service "witherspoon" (/services/sftp-ssh.service) successfully established.
Aug 24 20:30:24 witherspoon avahi-daemon[1009]: Service "phosphor_rest" (/services/phosphor_rest.service) successfully established.
Aug 24 20:30:24 witherspoon avahi-daemon[1009]: Service "obmc_console" (/services/obmc_console.service) successfully established.
Aug 24 20:30:25 witherspoon avahi-daemon[1009]: Joining mDNS multicast group on interface eth0.IPv4 with address 9.3.86.161.
Aug 24 20:30:25 witherspoon avahi-daemon[1009]: New relevant interface eth0.IPv4 for mDNS.
Aug 24 20:30:25 witherspoon kernel[1002]: [   31.960000] 8021q: adding VLAN 0 to HW filter on device eth0
Aug 24 20:30:25 witherspoon avahi-daemon[1009]: Registering new address record for 9.3.86.161 on eth0.IPv4.
Aug 24 20:30:27 witherspoon avahi-daemon[1009]: Joining mDNS multicast group on interface eth0.IPv6 with address fe80::72e2:84ff:fe14:23e1.
Aug 24 20:30:27 witherspoon avahi-daemon[1009]: New relevant interface eth0.IPv6 for mDNS.
Aug 24 20:30:27 witherspoon avahi-daemon[1009]: Registering new address record for fe80::72e2:84ff:fe14:23e1 on eth0.*.
Aug 24 20:30:29 witherspoon kernel[1002]: [   35.130000] ftgmac100 1e660000.ethernet eth0: ncsi: removed vlan tag 0 at index 1
Aug 24 20:30:29 witherspoon kernel[1002]: [   35.130000] ftgmac100 1e660000.ethernet eth0: ncsi: removed vlan tag 0 at index 2
Aug 24 20:30:29 witherspoon kernel[1002]: [   35.130000] ftgmac100 1e660000.ethernet eth0: no vlan ids left to set
Aug 24 20:30:29 witherspoon kernel[1002]: [   35.130000] ftgmac100 1e660000.ethernet eth0: NCSI interface up
Aug 24 20:30:34 witherspoon systemd[1]: Started Phosphor IPMI BT DBus Bridge.
Aug 24 20:30:34 witherspoon systemd[1]: Started Phosphor Settings Daemon.
Aug 24 20:30:34 witherspoon systemd[1]: Started Phosphor Log Manager.
Aug 24 20:30:34 witherspoon systemd[1]: Started Phosphor LED Group Management Daemon.
Aug 24 20:30:34 witherspoon systemd[1]: Started Avahi mDNS/DNS-SD Stack.
Aug 24 20:30:34 witherspoon systemd[1]: Started Phosphor Download Manager.
Aug 24 20:30:34 witherspoon systemd[1]: Started Phosphor Inventory Manager.
Aug 24 20:30:34 witherspoon systemd[1]: Started Phosphor Dump Manager.
Aug 24 20:30:34 witherspoon systemd[1]: Started Phosphor BMC0 Control.
Aug 24 20:30:34 witherspoon systemd[1]: Starting OpenBMC Software Update Manager...
Aug 24 20:30:34 witherspoon systemd[1]: Created slice system-xyz.openbmc_project.led.controller.slice.
Aug 24 20:30:34 witherspoon systemd[1]: Started Phosphor sysfs LED controller.
Aug 24 20:30:34 witherspoon systemd[1]: Started Phosphor sysfs LED controller.
Aug 24 20:30:34 witherspoon systemd[1]: Started Phosphor sysfs LED controller.
Aug 24 20:30:34 witherspoon systemd[1]: Started Phosphor sysfs LED controller.
Aug 24 20:30:34 witherspoon systemd[1]: Started Phosphor sysfs LED controller.
Aug 24 20:30:34 witherspoon systemd[1]: Started Phosphor sysfs LED controller.
Aug 24 20:30:35 witherspoon systemd[1]: Started Phosphor sysfs LED controller.
Aug 24 20:30:35 witherspoon systemd[1]: Started Phosphor sysfs LED controller.
Aug 24 20:30:35 witherspoon systemd[1]: Started Phosphor sysfs LED controller.
Aug 24 20:30:35 witherspoon systemd[1]: Started Phosphor sysfs LED controller.
Aug 24 20:30:35 witherspoon systemd[1]: Reached target Network.
Aug 24 20:30:35 witherspoon systemd[1]: Starting Permit User Sessions...
Aug 24 20:30:35 witherspoon systemd[1]: Started Lightweight SLP Server.
Aug 24 20:30:35 witherspoon systemd[1]: Started Phosphor Console Muxer listening on device /dev/ttyVUART0.
Aug 24 20:30:35 witherspoon systemd[1]: Created slice system-xyz.openbmc_project.Hwmon.slice.
Aug 24 20:30:35 witherspoon systemd[1]: Starting OpenPower Software Update Manager...
Aug 24 20:30:35 witherspoon systemd[1]: Started Permit User Sessions.
Aug 24 20:30:35 witherspoon systemd[1]: Started Serial Getty on ttyS4.
Aug 24 20:30:35 witherspoon systemd[1]: Reached target Login Prompts.
Aug 24 20:30:35 witherspoon systemd[1]: Reached target Multi-User System.
Aug 24 20:30:37 witherspoon systemd[1]: Started OpenPower Software Update Manager.
Aug 24 20:30:38 witherspoon systemd[1]: Started Phosphor MBOX Daemon.
Aug 24 20:30:38 witherspoon systemd[1]: Starting Create a ubi volume for pnor patches...
Aug 24 20:30:38 witherspoon systemd[1]: Started OpenBMC Software Update Manager.
Aug 24 20:30:38 witherspoon systemd[1]: Starting Phosphor Version Software Manager...
Aug 24 20:30:38 witherspoon systemd[1]: Started Phosphor Version Software Manager.
Aug 24 20:30:38 witherspoon systemd[1]: Started Create a ubi volume for pnor patches.
Aug 24 20:30:40 witherspoon mboxd[1086]: The operation failed internally.
Aug 24 20:30:40 witherspoon mboxd[1086]: terminate called after throwing an instance of 'sdbusplus::xyz::openbmc_project::Common::Error::InternalFailure'
Aug 24 20:30:40 witherspoon mboxd[1086]:   what():  xyz.openbmc_project.Common.Error.InternalFailure: The operation failed internally.
Aug 24 20:30:40 witherspoon systemd-networkd[1000]: eth0: Configured
Aug 24 20:30:40 witherspoon systemd-timesyncd[744]: Network configuration changed, trying to establish connection.
Aug 24 20:30:41 witherspoon systemd[1]: Created slice system-systemd\x2dcoredump.slice.
Aug 24 20:30:41 witherspoon systemd[1]: Started Process Core Dump (PID 1098/UID 0).
Aug 24 20:30:41 witherspoon mboxd[1086]: [ 1503606640.502581259] Partition HBB not found
Aug 24 20:30:41 witherspoon systemd[1]: mboxd.service: Main process exited, code=dumped, status=6/ABRT
Aug 24 20:30:41 witherspoon systemd[1]: mboxd.service: Unit entered failed state.
Aug 24 20:30:41 witherspoon systemd[1]: mboxd.service: Failed with result 'core-dump'.
Aug 24 20:30:41 witherspoon systemd[1]: mboxd.service: Service hold-off time over, scheduling restart.
Aug 24 20:30:41 witherspoon systemd[1]: Stopped Phosphor MBOX Daemon.
Aug 24 20:30:42 witherspoon systemd[1]: Starting Updates symlinks for active PNOR version...
Aug 24 20:30:43 witherspoon obmc-flash-bios[1101]: ls: /media/pnor-ro-*: No such file or directory
Aug 24 20:30:43 witherspoon systemd[1]: Started Updates symlinks for active PNOR version.
Aug 24 20:30:43 witherspoon systemd[1]: Started Phosphor MBOX Daemon.
Aug 24 20:30:44 witherspoon mboxd[1104]: The operation failed internally.
Aug 24 20:30:44 witherspoon mboxd[1104]: terminate called after throwing an instance of 'sdbusplus::xyz::openbmc_project::Common::Error::InternalFailure'
Aug 24 20:30:44 witherspoon mboxd[1104]:   what():  xyz.openbmc_project.Common.Error.InternalFailure: The operation failed internally.
Aug 24 20:30:46 witherspoon systemd[1]: Started Process Core Dump (PID 1106/UID 0).
Aug 24 20:30:46 witherspoon mboxd[1104]: [ 1503606644.490714512] Partition HBB not found
Aug 24 20:30:46 witherspoon systemd[1]: mboxd.service: Main process exited, code=dumped, status=6/ABRT
Aug 24 20:30:46 witherspoon systemd[1]: mboxd.service: Unit entered failed state.
Aug 24 20:30:46 witherspoon systemd[1]: mboxd.service: Failed with result 'core-dump'.
Aug 24 20:30:46 witherspoon systemd[1]: mboxd.service: Service hold-off time over, scheduling restart.
Aug 24 20:30:46 witherspoon systemd[1]: Stopped Phosphor MBOX Daemon.
Aug 24 20:30:46 witherspoon systemd[1]: Starting Updates symlinks for active PNOR version...
Aug 24 20:30:46 witherspoon obmc-flash-bios[1109]: ls: /media/pnor-ro-*: No such file or directory
Aug 24 20:30:46 witherspoon systemd[1]: Started Updates symlinks for active PNOR version.
Aug 24 20:30:46 witherspoon systemd[1]: Started Phosphor MBOX Daemon.
Aug 24 20:30:48 witherspoon systemd[1]: Started Phosphor Chassis0 Control.
Aug 24 20:30:48 witherspoon chassis_control.py[1007]: Running ChassisControlService
Aug 24 20:30:48 witherspoon mboxd[1111]: The operation failed internally.
Aug 24 20:30:48 witherspoon mboxd[1111]: terminate called after throwing an instance of 'sdbusplus::xyz::openbmc_project::Common::Error::InternalFailure'
Aug 24 20:30:48 witherspoon mboxd[1111]:   what():  xyz.openbmc_project.Common.Error.InternalFailure: The operation failed internally.
Aug 24 20:30:48 witherspoon systemd[1]: Started Process Core Dump (PID 1113/UID 0).
Aug 24 20:30:48 witherspoon mboxd[1111]: [ 1503606648.553592654] Partition HBB not found
Aug 24 20:30:48 witherspoon systemd[1]: mboxd.service: Main process exited, code=dumped, status=6/ABRT
Aug 24 20:30:48 witherspoon systemd[1]: mboxd.service: Unit entered failed state.
Aug 24 20:30:48 witherspoon systemd[1]: mboxd.service: Failed with result 'core-dump'.
Aug 24 20:30:49 witherspoon systemd[1]: mboxd.service: Service hold-off time over, scheduling restart.
Aug 24 20:30:49 witherspoon systemd[1]: Stopped Phosphor MBOX Daemon.
Aug 24 20:30:49 witherspoon systemd[1]: Starting Updates symlinks for active PNOR version...
Aug 24 20:30:49 witherspoon obmc-flash-bios[1116]: ls: /media/pnor-ro-*: No such file or directory
Aug 24 20:30:49 witherspoon systemd[1]: Started Updates symlinks for active PNOR version.
Aug 24 20:30:49 witherspoon systemd[1]: Started Phosphor MBOX Daemon.
Aug 24 20:30:49 witherspoon inventory_items.py[1011]: Loading from cache: /var/cache/obmc/org.openbmc.inventory.system.chassis.motherboard.apss@org.openbmc.InventoryItem.props
Aug 24 20:30:49 witherspoon inventory_items.py[1011]: Loading from cache: /var/cache/obmc/org.openbmc.inventory.system.chassis.motherboard@org.openbmc.InventoryItem.props
Aug 24 20:30:50 witherspoon inventory_items.py[1011]: Loading from cache: /var/cache/obmc/org.openbmc.inventory.system.chassis.motherboard.refclock@org.openbmc.InventoryItem.props
Aug 24 20:30:50 witherspoon inventory_items.py[1011]: Loading from cache: /var/cache/obmc/org.openbmc.inventory.system.chassis.motherboard.cpu1.core7@org.openbmc.InventoryItem.props
Aug 24 20:30:50 witherspoon inventory_items.py[1011]: Loading from cache: /var/cache/obmc/org.openbmc.inventory.system.chassis.motherboard.cpu1.core4@org.openbmc.InventoryItem.props
Aug 24 20:30:50 witherspoon inventory_items.py[1011]: Loading from cache: /var/cache/obmc/org.openbmc.inventory.system.chassis.motherboard.cpu1.core1@org.openbmc.InventoryItem.props
Aug 24 20:30:50 witherspoon inventory_items.py[1011]: Loading from cache: /var/cache/obmc/org.openbmc.inventory.system.chassis.motherboard.cpu1.core10@org.openbmc.InventoryItem.props
Aug 24 20:30:50 witherspoon inventory_items.py[1011]: Loading from cache: /var/cache/obmc/org.openbmc.inventory.system.chassis.motherboard.todclock@org.openbmc.InventoryItem.props
Aug 24 20:30:50 witherspoon inventory_items.py[1011]: Loading from cache: /var/cache/obmc/org.openbmc.inventory.system.chassis.motherboard.cpu1@org.openbmc.InventoryItem.props
Aug 24 20:30:51 witherspoon sensor_manager2.py[1022]: Setting boot count to 3
Aug 24 20:30:51 witherspoon sensor_manager2.py[1022]: Starting sensor manager
Aug 24 20:30:51 witherspoon phosphor-mapper[1018]: ObjectMapper startup complete.  Discovery in progress...
Aug 24 20:30:51 witherspoon mboxd[1118]: terminate called after throwing an instance of 'sdbusplus::xyz::openbmc_project::Common::Error::InternalFailure'
Aug 24 20:30:51 witherspoon mboxd[1118]:   what():  xyz.openbmc_project.Common.Error.InternalFailure: The operation failed internally.
Aug 24 20:30:51 witherspoon download_manager.py[1010]: Running Download Manager
Aug 24 20:30:51 witherspoon inventory_items.py[1011]: Loading from cache: /var/cache/obmc/org.openbmc.inventory.system.chassis.motherboard.bmc@org.openbmc.InventoryItem.props
Aug 24 20:30:51 witherspoon inventory_items.py[1011]: Caching: /org/openbmc/inventory/system/chassis/motherboard/bmc
Aug 24 20:30:51 witherspoon inventory_items.py[1011]: Loading from cache: /var/cache/obmc/org.openbmc.inventory.system.chassis.motherboard.cpu0.core1@org.openbmc.InventoryItem.props
Aug 24 20:30:51 witherspoon inventory_items.py[1011]: Loading from cache: /var/cache/obmc/org.openbmc.inventory.system.chassis.motherboard.cpu0.core7@org.openbmc.InventoryItem.props
Aug 24 20:30:51 witherspoon inventory_items.py[1011]: Loading from cache: /var/cache/obmc/org.openbmc.inventory.system.chassis.motherboard.cpu0.core4@org.openbmc.InventoryItem.props
Aug 24 20:30:51 witherspoon inventory_items.py[1011]: Loading from cache: /var/cache/obmc/org.openbmc.inventory.system.chassis.motherboard.pcieclock@org.openbmc.InventoryItem.props
Aug 24 20:30:51 witherspoon inventory_items.py[1011]: Loading from cache: /var/cache/obmc/org.openbmc.inventory.system.chassis.motherboard.cpu0.core10@org.openbmc.InventoryItem.props
Aug 24 20:30:51 witherspoon inventory_items.py[1011]: Running Inventory Manager
Aug 24 20:30:50 witherspoon systemd[1]: Started Phosphor Inventory Manager.
Aug 24 20:30:50 witherspoon systemd[1]: Started Phosphor Sensor Manager.
Aug 24 20:30:50 witherspoon systemd[1]: Started Phosphor Download Manager.
Aug 24 20:30:50 witherspoon mboxd[1118]: The operation failed internally.
Aug 24 20:30:52 witherspoon systemd[1]: Started Process Core Dump (PID 1120/UID 0).
Aug 24 20:30:52 witherspoon mboxd[1118]: [ 1503606650.686781786] Partition HBB not found
Aug 24 20:30:52 witherspoon systemd[1]: mboxd.service: Main process exited, code=dumped, status=6/ABRT
Aug 24 20:30:52 witherspoon systemd[1]: mboxd.service: Unit entered failed state.
Aug 24 20:30:52 witherspoon avahi-daemon[1041]: ../../avahi-0.6.32/avahi-daemon/chroot.c: open() failed: No such file or directory
Aug 24 20:30:52 witherspoon systemd[1]: mboxd.service: Failed with result 'core-dump'.
Aug 24 20:30:52 witherspoon avahi-daemon[1009]: Failed to open /usr/share/dbus-1/interfaces/org.freedesktop.Avahi.Server.xml: Invalid argument
Aug 24 20:30:52 witherspoon systemd[1]: mboxd.service: Service hold-off time over, scheduling restart.
Aug 24 20:30:53 witherspoon obmc-flash-bios[1123]: ls: /media/pnor-ro-*: No such file or directory
Aug 24 20:30:52 witherspoon avahi-daemon[1009]: Failed to load introspection data.
Aug 24 20:30:52 witherspoon systemd[1]: Stopped Phosphor MBOX Daemon.
Aug 24 20:30:52 witherspoon systemd[1]: Starting Updates symlinks for active PNOR version...
Aug 24 20:30:52 witherspoon systemd[1]: Started Updates symlinks for active PNOR version.
Aug 24 20:30:52 witherspoon systemd[1]: Started Phosphor MBOX Daemon.
Aug 24 20:30:54 witherspoon mboxd[1125]: The operation failed internally.
Aug 24 20:30:54 witherspoon mboxd[1125]: terminate called after throwing an instance of 'sdbusplus::xyz::openbmc_project::Common::Error::InternalFailure'
Aug 24 20:30:54 witherspoon mboxd[1125]:   what():  xyz.openbmc_project.Common.Error.InternalFailure: The operation failed internally.
Aug 24 20:30:54 witherspoon netman.py[1021]: Started
Aug 24 20:30:54 witherspoon systemd[1]: Started Phosphor Network Manager.
Aug 24 20:30:54 witherspoon obmc-phosphor-userd[1020]: Started
Aug 24 20:30:54 witherspoon systemd[1]: Started Phosphor User Manager.
Aug 24 20:30:54 witherspoon systemd[1]: Started Process Core Dump (PID 1127/UID 0).
Aug 24 20:30:54 witherspoon mboxd[1125]: [ 1503606654.191997383] Partition HBB not found
Aug 24 20:30:54 witherspoon systemd[1]: mboxd.service: Main process exited, code=dumped, status=6/ABRT
Aug 24 20:30:54 witherspoon systemd[1]: mboxd.service: Unit entered failed state.
Aug 24 20:30:54 witherspoon systemd[1]: mboxd.service: Failed with result 'core-dump'.
Aug 24 20:30:54 witherspoon systemd[1]: mboxd.service: Service hold-off time over, scheduling restart.
Aug 24 20:30:54 witherspoon systemd[1]: Stopped Phosphor MBOX Daemon.
Aug 24 20:30:54 witherspoon systemd[1]: Starting Updates symlinks for active PNOR version...
Aug 24 20:30:54 witherspoon obmc-flash-bios[1130]: ls: /media/pnor-ro-*: No such file or directory
Aug 24 20:30:54 witherspoon systemd[1]: Started Updates symlinks for active PNOR version.
Aug 24 20:30:54 witherspoon systemd[1]: Started Phosphor MBOX Daemon.
Aug 24 20:30:55 witherspoon mboxd[1132]: The operation failed internally.
Aug 24 20:30:55 witherspoon mboxd[1132]: terminate called after throwing an instance of 'sdbusplus::xyz::openbmc_project::Common::Error::InternalFailure'
Aug 24 20:30:55 witherspoon systemd[1]: Started Process Core Dump (PID 1134/UID 0).
Aug 24 20:30:56 witherspoon mboxd[1132]:   what():  xyz.openbmc_project.Common.Error.InternalFailure: The operation failed internally.
Aug 24 20:30:55 witherspoon systemd[1]: mboxd.service: Main process exited, code=dumped, status=6/ABRT
Aug 24 20:30:56 witherspoon mboxd[1132]: [ 1503606655.192901140] Partition HBB not found
Aug 24 20:30:55 witherspoon systemd[1]: mboxd.service: Unit entered failed state.
Aug 24 20:30:55 witherspoon systemd[1]: mboxd.service: Failed with result 'core-dump'.
Aug 24 20:30:56 witherspoon mboxd[1139]: terminate called after throwing an instance of 'sdbusplus::xyz::openbmc_project::Common::Error::InternalFailure'
Aug 24 20:30:56 witherspoon mboxd[1139]:   what():  xyz.openbmc_project.Common.Error.InternalFailure: The operation failed internally.
Aug 24 20:30:56 witherspoon obmc-flash-bios[1137]: ls: /media/pnor-ro-*: No such file or directory
Aug 24 20:30:55 witherspoon systemd[1]: mboxd.service: Service hold-off time over, scheduling restart.
Aug 24 20:30:55 witherspoon systemd[1]: Stopped Phosphor MBOX Daemon.
Aug 24 20:30:55 witherspoon systemd[1]: Starting Updates symlinks for active PNOR version...
Aug 24 20:30:55 witherspoon systemd[1]: Started Updates symlinks for active PNOR version.
Aug 24 20:30:55 witherspoon systemd[1]: Started Phosphor MBOX Daemon.
Aug 24 20:30:55 witherspoon mboxd[1139]: The operation failed internally.
Aug 24 20:30:56 witherspoon systemd[1]: Started Process Core Dump (PID 1141/UID 0).
Aug 24 20:30:57 witherspoon mboxd[1139]: [ 1503606655.913869908] Partition HBB not found
Aug 24 20:30:57 witherspoon systemd[1]: mboxd.service: Main process exited, code=dumped, status=6/ABRT
Aug 24 20:30:57 witherspoon systemd[1]: mboxd.service: Unit entered failed state.
Aug 24 20:30:57 witherspoon systemd[1]: mboxd.service: Failed with result 'core-dump'.
Aug 24 20:30:57 witherspoon systemd[1]: mboxd.service: Service hold-off time over, scheduling restart.
Aug 24 20:30:57 witherspoon systemd[1]: Stopped Phosphor MBOX Daemon.
Aug 24 20:30:57 witherspoon systemd[1]: Starting Updates symlinks for active PNOR version...
Aug 24 20:30:57 witherspoon obmc-flash-bios[1144]: ls: /media/pnor-ro-*: No such file or directory
Aug 24 20:30:57 witherspoon systemd[1]: Started Updates symlinks for active PNOR version.
Aug 24 20:30:57 witherspoon systemd[1]: Started Phosphor MBOX Daemon.
Aug 24 20:30:57 witherspoon mboxd[1146]: The operation failed internally.
Aug 24 20:30:57 witherspoon mboxd[1146]: terminate called after throwing an instance of 'sdbusplus::xyz::openbmc_project::Common::Error::InternalFailure'
Aug 24 20:30:57 witherspoon mboxd[1146]:   what():  xyz.openbmc_project.Common.Error.InternalFailure: The operation failed internally.
Aug 24 20:30:58 witherspoon systemd[1]: Started Process Core Dump (PID 1148/UID 0).
Aug 24 20:30:59 witherspoon mboxd[1146]: [ 1503606657.895346272] Partition HBB not found
Aug 24 20:30:59 witherspoon systemd[1]: mboxd.service: Main process exited, code=dumped, status=6/ABRT
Aug 24 20:30:59 witherspoon systemd[1]: mboxd.service: Unit entered failed state.
Aug 24 20:30:59 witherspoon systemd[1]: mboxd.service: Failed with result 'core-dump'.
Aug 24 20:30:59 witherspoon systemd[1]: mboxd.service: Service hold-off time over, scheduling restart.
Aug 24 20:30:59 witherspoon systemd[1]: Stopped Phosphor MBOX Daemon.
Aug 24 20:30:59 witherspoon systemd[1]: Starting Updates symlinks for active PNOR version...
Aug 24 20:30:59 witherspoon obmc-flash-bios[1151]: ls: /media/pnor-ro-*: No such file or directory
Aug 24 20:30:59 witherspoon systemd[1]: Started Updates symlinks for active PNOR version.
Aug 24 20:30:59 witherspoon systemd[1]: Started Phosphor MBOX Daemon.
Aug 24 20:30:59 witherspoon mboxd[1153]: The operation failed internally.
Aug 24 20:30:59 witherspoon mboxd[1153]: terminate called after throwing an instance of 'sdbusplus::xyz::openbmc_project::Common::Error::InternalFailure'
Aug 24 20:30:59 witherspoon mboxd[1153]:   what():  xyz.openbmc_project.Common.Error.InternalFailure: The operation failed internally.
Aug 24 20:31:00 witherspoon systemd[1]: Started Process Core Dump (PID 1155/UID 0).
Aug 24 20:31:01 witherspoon mboxd[1153]: [ 1503606659.983847889] Partition HBB not found
Aug 24 20:31:01 witherspoon systemd[1]: mboxd.service: Main process exited, code=dumped, status=6/ABRT
Aug 24 20:31:01 witherspoon systemd[1]: mboxd.service: Unit entered failed state.
Aug 24 20:31:01 witherspoon systemd[1]: mboxd.service: Failed with result 'core-dump'.
Aug 24 20:31:01 witherspoon systemd[1]: mboxd.service: Service hold-off time over, scheduling restart.
Aug 24 20:31:01 witherspoon systemd[1]: Stopped Phosphor MBOX Daemon.
Aug 24 20:31:01 witherspoon systemd[1]: obmc-flash-bios-updatesymlinks.service: Start request repeated too quickly.
Aug 24 20:31:01 witherspoon systemd[1]: Failed to start Updates symlinks for active PNOR version.
Aug 24 20:31:01 witherspoon systemd[1]: obmc-flash-bios-updatesymlinks.service: Unit entered failed state.
Aug 24 20:31:01 witherspoon systemd[1]: obmc-flash-bios-updatesymlinks.service: Failed with result 'start-limit-hit'.
Aug 24 20:31:01 witherspoon systemd[1]: Started Phosphor MBOX Daemon.
Aug 24 20:31:01 witherspoon mboxd[1158]: The operation failed internally.
Aug 24 20:31:01 witherspoon mboxd[1158]: terminate called after throwing an instance of 'sdbusplus::xyz::openbmc_project::Common::Error::InternalFailure'
Aug 24 20:31:01 witherspoon mboxd[1158]:   what():  xyz.openbmc_project.Common.Error.InternalFailure: The operation failed internally.
Aug 24 20:31:01 witherspoon systemd[1]: Started Process Core Dump (PID 1159/UID 0).
Aug 24 20:31:01 witherspoon mboxd[1158]: [ 1503606661.596385101] Partition HBB not found
Aug 24 20:31:01 witherspoon systemd[1]: mboxd.service: Main process exited, code=dumped, status=6/ABRT
Aug 24 20:31:01 witherspoon systemd[1]: mboxd.service: Unit entered failed state.
Aug 24 20:31:01 witherspoon systemd[1]: mboxd.service: Failed with result 'core-dump'.
Aug 24 20:31:02 witherspoon systemd[1]: mboxd.service: Service hold-off time over, scheduling restart.
Aug 24 20:31:02 witherspoon systemd[1]: Stopped Phosphor MBOX Daemon.
Aug 24 20:31:02 witherspoon systemd[1]: obmc-flash-bios-updatesymlinks.service: Start request repeated too quickly.
Aug 24 20:31:02 witherspoon systemd[1]: Failed to start Updates symlinks for active PNOR version.
Aug 24 20:31:02 witherspoon systemd[1]: obmc-flash-bios-updatesymlinks.service: Failed with result 'start-limit-hit'.
Aug 24 20:31:02 witherspoon systemd[1]: Started Phosphor MBOX Daemon.
Aug 24 20:31:02 witherspoon mboxd[1162]: The operation failed internally.
Aug 24 20:31:02 witherspoon mboxd[1162]: terminate called after throwing an instance of 'sdbusplus::xyz::openbmc_project::Common::Error::InternalFailure'
Aug 24 20:31:02 witherspoon mboxd[1162]:   what():  xyz.openbmc_project.Common.Error.InternalFailure: The operation failed internally.
Aug 24 20:31:02 witherspoon systemd[1]: Started Process Core Dump (PID 1163/UID 0).
Aug 24 20:31:02 witherspoon mboxd[1162]: [ 1503606662.515676132] Partition HBB not found
Aug 24 20:31:02 witherspoon systemd[1]: mboxd.service: Main process exited, code=dumped, status=6/ABRT
Aug 24 20:31:02 witherspoon systemd[1]: mboxd.service: Unit entered failed state.
Aug 24 20:31:02 witherspoon systemd[1]: mboxd.service: Failed with result 'core-dump'.
Aug 24 20:31:03 witherspoon systemd[1]: mboxd.service: Service hold-off time over, scheduling restart.
Aug 24 20:31:03 witherspoon systemd[1]: Stopped Phosphor MBOX Daemon.
Aug 24 20:31:03 witherspoon systemd[1]: Starting Updates symlinks for active PNOR version...
Aug 24 20:31:03 witherspoon obmc-flash-bios[1166]: ls: /media/pnor-ro-*: No such file or directory
Aug 24 20:31:03 witherspoon systemd[1]: Started Updates symlinks for active PNOR version.
Aug 24 20:31:03 witherspoon systemd[1]: Started Phosphor MBOX Daemon.
Aug 24 20:31:03 witherspoon mboxd[1168]: The operation failed internally.
Aug 24 20:31:04 witherspoon mboxd[1168]: terminate called after throwing an instance of 'sdbusplus::xyz::openbmc_project::Common::Error::InternalFailure'
Aug 24 20:31:04 witherspoon mboxd[1168]:   what():  xyz.openbmc_project.Common.Error.InternalFailure: The operation failed internally.
Aug 24 20:31:04 witherspoon systemd[1]: Started Process Core Dump (PID 1170/UID 0).
Aug 24 20:31:04 witherspoon mboxd[1168]: [ 1503606663.994285102] Partition HBB not found
Aug 24 20:31:04 witherspoon systemd[1]: mboxd.service: Main process exited, code=dumped, status=6/ABRT
Aug 24 20:31:04 witherspoon systemd[1]: mboxd.service: Unit entered failed state.
Aug 24 20:31:04 witherspoon systemd[1]: mboxd.service: Failed with result 'core-dump'.
Aug 24 20:31:04 witherspoon systemd[1]: mboxd.service: Service hold-off time over, scheduling restart.
Aug 24 20:31:04 witherspoon systemd[1]: Stopped Phosphor MBOX Daemon.
Aug 24 20:31:04 witherspoon systemd[1]: Starting Updates symlinks for active PNOR version...
Aug 24 20:31:04 witherspoon obmc-flash-bios[1173]: ls: /media/pnor-ro-*: No such file or directory
Aug 24 20:31:04 witherspoon systemd[1]: Started Updates symlinks for active PNOR version.
Aug 24 20:31:04 witherspoon systemd[1]: Started Phosphor MBOX Daemon.
Aug 24 20:31:05 witherspoon mboxd[1175]: The operation failed internally.
Aug 24 20:31:05 witherspoon mboxd[1175]: terminate called after throwing an instance of 'sdbusplus::xyz::openbmc_project::Common::Error::InternalFailure'
Aug 24 20:31:05 witherspoon mboxd[1175]:   what():  xyz.openbmc_project.Common.Error.InternalFailure: The operation failed internally.
Aug 24 20:31:05 witherspoon systemd[1]: Started Process Core Dump (PID 1177/UID 0).
Aug 24 20:31:05 witherspoon mboxd[1175]: [ 1503606665.014825546] Partition HBB not found
Aug 24 20:31:05 witherspoon systemd[1]: mboxd.service: Main process exited, code=dumped, status=6/ABRT
Aug 24 20:31:05 witherspoon systemd[1]: mboxd.service: Unit entered failed state.
Aug 24 20:31:05 witherspoon systemd[1]: mboxd.service: Failed with result 'core-dump'.
Aug 24 20:31:05 witherspoon systemd[1]: mboxd.service: Service hold-off time over, scheduling restart.
Aug 24 20:31:05 witherspoon systemd[1]: Stopped Phosphor MBOX Daemon.
Aug 24 20:31:05 witherspoon systemd[1]: Starting Updates symlinks for active PNOR version...
Aug 24 20:31:05 witherspoon obmc-flash-bios[1180]: ls: /media/pnor-ro-*: No such file or directory
Aug 24 20:31:05 witherspoon systemd[1]: Started Updates symlinks for active PNOR version.
Aug 24 20:31:05 witherspoon systemd[1]: mboxd.service: Start request repeated too quickly.
Aug 24 20:31:05 witherspoon systemd[1]: Failed to start Phosphor MBOX Daemon.
Aug 24 20:31:05 witherspoon systemd[1]: mboxd.service: Unit entered failed state.
Aug 24 20:31:05 witherspoon systemd[1]: mboxd.service: Failed with result 'core-dump'.
Aug 24 20:31:06 witherspoon systemd[1]: Created slice system-dropbear.slice.
Aug 24 20:31:06 witherspoon systemd[1]: Started SSH Per-Connection Server (9.41.165.94:51150).
Aug 24 20:31:06 witherspoon dropbear[1183]: Failed loading /etc/dropbear/dropbear_dss_host_key
Aug 24 20:31:06 witherspoon dropbear[1183]: Failed loading /etc/dropbear/dropbear_ecdsa_host_key
Aug 24 20:31:06 witherspoon dropbear[1183]: Child connection from ::ffff:9.41.165.94:51150
Aug 24 20:31:08 witherspoon dropbear[1183]: PAM password auth succeeded for 'root' from ::ffff:9.41.165.94:51150
Aug 24 20:31:09 witherspoon dropbear[1184]: lastlog_perform_login: Couldn't stat /var/log/lastlog: No such file or directory
Aug 24 20:31:09 witherspoon dropbear[1184]: lastlog_openseek: /var/log/lastlog is not a file or directory!
Aug 24 20:31:19 witherspoon systemd-coredump[1099]: Process 1086 (mboxd) of user 0 dumped core.
Aug 24 20:31:19 witherspoon phosphor-dump-monitor[1019]: Error in mapper call
Aug 24 20:31:19 witherspoon phosphor-dump-monitor[1019]: Error in mapper call
Aug 24 20:31:20 witherspoon systemd-coredump[1114]: Process 1111 (mboxd) of user 0 dumped core.
Aug 24 20:31:20 witherspoon phosphor-dump-monitor[1019]: Error in mapper call
Aug 24 20:31:20 witherspoon phosphor-dump-monitor[1019]: Error in mapper call
Aug 24 20:31:21 witherspoon systemd-coredump[1149]: Process 1146 (mboxd) of user 0 dumped core.
Aug 24 20:31:21 witherspoon phosphor-dump-monitor[1019]: Error in mapper call
Aug 24 20:31:21 witherspoon phosphor-dump-monitor[1019]: Error in mapper call
Aug 24 20:31:23 witherspoon systemd-coredump[1156]: Process 1153 (mboxd) of user 0 dumped core.
Aug 24 20:31:23 witherspoon phosphor-dump-monitor[1019]: Error in mapper call
Aug 24 20:31:23 witherspoon phosphor-dump-monitor[1019]: Error in mapper call
Aug 24 20:31:26 witherspoon systemd-coredump[1128]: Process 1125 (mboxd) of user 0 dumped core.
Aug 24 20:31:26 witherspoon phosphor-dump-monitor[1019]: Error in mapper call
Aug 24 20:31:26 witherspoon phosphor-dump-monitor[1019]: Error in mapper call
Aug 24 20:31:27 witherspoon systemd-coredump[1171]: Process 1168 (mboxd) of user 0 dumped core.
Aug 24 20:31:27 witherspoon phosphor-dump-monitor[1019]: Error in mapper call
Aug 24 20:31:27 witherspoon phosphor-dump-monitor[1019]: Error in mapper call
Aug 24 20:31:28 witherspoon systemd-coredump[1107]: Process 1104 (mboxd) of user 0 dumped core.
Aug 24 20:31:28 witherspoon phosphor-dump-monitor[1019]: Error in mapper call
Aug 24 20:31:28 witherspoon phosphor-dump-monitor[1019]: Error in mapper call
Aug 24 20:31:29 witherspoon systemd-coredump[1142]: Process 1139 (mboxd) of user 0 dumped core.
Aug 24 20:31:29 witherspoon phosphor-dump-monitor[1019]: Error in mapper call
Aug 24 20:31:29 witherspoon phosphor-dump-monitor[1019]: Error in mapper call
Aug 24 20:31:30 witherspoon phosphor-mapper[1018]: ObjectMapper discovery complete
Aug 24 20:31:30 witherspoon systemd[1]: Started Phosphor DBus Service Discovery Manager.
Aug 24 20:31:30 witherspoon systemd[1]: Reached target Phosphor Object Mapper.
Aug 24 20:31:30 witherspoon systemd[1]: Starting Phosphor Settings Manager...
Aug 24 20:31:30 witherspoon systemd[1]: Starting Wait for /org/openbmc/NetworkManager/Interface...
Aug 24 20:31:30 witherspoon systemd[1]: Starting Wait for /xyz/openbmc_project/led/groups...
Aug 24 20:31:30 witherspoon systemd[1]: Starting Wait for /xyz/openbmc_project/control/host0/power_restore_policy...
Aug 24 20:31:30 witherspoon systemd[1]: Starting Wait for /xyz/openbmc_project/led/groups/bmc_booted...
Aug 24 20:31:31 witherspoon systemd-coredump[1121]: Process 1118 (mboxd) of user 0 dumped core.
Aug 24 20:31:32 witherspoon phosphor-dump-manager[1037]: [49B blob data]
Aug 24 20:31:33 witherspoon phosphor-dump-manager[1037]: [49B blob data]
Aug 24 20:31:33 witherspoon systemd[1]: Starting Wait for /org/openbmc/managers/Download...
Aug 24 20:31:33 witherspoon systemd[1]: Starting Phoshpor System Manager...
Aug 24 20:31:33 witherspoon systemd[1]: Starting Wait for /org/openbmc/control/bmc0...
Aug 24 20:31:33 witherspoon systemd[1]: Starting Wait for /xyz/openbmc_project/control/host0...
Aug 24 20:31:33 witherspoon systemd[1]: Starting Wait for /xyz/openbmc_project/control/host0/boot_mode...
Aug 24 20:31:33 witherspoon systemd[1]: Starting Wait for /xyz/openbmc_project/state/chassis0...
Aug 24 20:31:33 witherspoon systemd[1]: Starting Wait for /xyz/openbmc_project/inventory...
Aug 24 20:31:33 witherspoon systemd[1]: Starting Wait for /org/openbmc/managers/System...
Aug 24 20:31:33 witherspoon systemd[1]: Starting Phosphor Network Manager...
Aug 24 20:31:33 witherspoon systemd[1]: Reached target Webserver (pre).
Aug 24 20:31:34 witherspoon phosphor-network-manager[1271]: ConfigParser: Key not found
Aug 24 20:31:34 witherspoon phosphor-network-manager[1271]: The operation failed internally.
Aug 24 20:31:34 witherspoon phosphor-network-manager[1271]: Exception occured during getting of DHCP value
Aug 24 20:31:34 witherspoon dbus[997]: [system] Activating via systemd: service name='org.freedesktop.hostname1' unit='dbus-org.freedesktop.hostname1.service'
Aug 24 20:31:34 witherspoon systemd[1]: Started Phosphor Webserver.
Aug 24 20:31:34 witherspoon systemd[1]: Starting Wait for /xyz/openbmc_project/control/host0/boot_source...
Aug 24 20:31:34 witherspoon systemd[1]: Starting Wait for /xyz/openbmc_project/time/owner...
Aug 24 20:31:34 witherspoon systemd[1]: Starting Wait for /xyz/openbmc_project/control/host0/auto_reboot...
Aug 24 20:31:36 witherspoon phosphor-dump-manager[1037]: The name xyz.openbmc_project.State.BMC was not provided by any .service files
Aug 24 20:31:34 witherspoon systemd[1]: Starting Wait for /xyz/openbmc_project/time/sync_method...
Aug 24 20:31:34 witherspoon systemd[1]: Starting Wait for /xyz/openbmc_project/control/host0/restriction_mode...
Aug 24 20:31:34 witherspoon systemd[1]: Started Phosphor DBus Monitor.
Aug 24 20:31:35 witherspoon systemd[1]: Starting Wait for /xyz/openbmc_project/state/host0...
Aug 24 20:31:35 witherspoon systemd[1]: Starting Wait for /org/openbmc/control/power0...
Aug 24 20:31:35 witherspoon systemd[1]: Started Phosphor Hwmon Poller.
Aug 24 20:31:35 witherspoon systemd[1]: Started Phosphor Hwmon Poller.
Aug 24 20:31:35 witherspoon systemd[1]: Started Phosphor Hwmon Poller.
Aug 24 20:31:35 witherspoon systemd[1]: Started Phosphor Hwmon Poller.
Aug 24 20:31:35 witherspoon systemd[1]: Started Phosphor Hwmon Poller.
Aug 24 20:31:35 witherspoon systemd[1]: Started Phosphor Hwmon Poller.
Aug 24 20:31:35 witherspoon systemd[1]: Started Phosphor Hwmon Poller.
Aug 24 20:31:35 witherspoon systemd[1]: Started Phosphor Hwmon Poller.
Aug 24 20:31:37 witherspoon systemd[1]: Started Wait for /org/openbmc/NetworkManager/Interface.
Aug 24 20:31:37 witherspoon systemd[1]: Started Wait for /xyz/openbmc_project/led/groups.
Aug 24 20:31:37 witherspoon systemd[1]: Started Wait for /xyz/openbmc_project/control/host0/power_restore_policy.
Aug 24 20:31:37 witherspoon systemd[1]: Started Wait for /xyz/openbmc_project/led/groups/bmc_booted.
Aug 24 20:31:37 witherspoon systemd[1]: Started Wait for /org/openbmc/managers/Download.
Aug 24 20:31:37 witherspoon systemd[1]: Started Phosphor Network Manager.
Aug 24 20:31:38 witherspoon systemd[1]: Starting Hostname Service...
Aug 24 20:31:38 witherspoon systemd[1]: Started FRU Fault monitor service.
Aug 24 20:31:38 witherspoon systemd[1]: Started Phosphor DNS Settings Cache Manager.
Aug 24 20:31:39 witherspoon phosphor-dump-manager[1037]: The name xyz.openbmc_project.State.Host was not provided by any .service files
Aug 24 20:31:40 witherspoon systemd[1]: Started Wait for /xyz/openbmc_project/inventory.
Aug 24 20:31:40 witherspoon systemd[1]: Starting Phosphor MAX31785 MSL...
Aug 24 20:31:40 witherspoon systemd[1]: Starting Read OpenPOWER-format VPD from EEPROM...
Aug 24 20:31:40 witherspoon systemd[1]: Started Phosphor GPIO 1 Presence.
Aug 24 20:31:40 witherspoon systemd[1]: Started Phosphor Cooling Type.
Aug 24 20:31:40 witherspoon systemd[1]: Starting OpenPOWER OCC controller...
Aug 24 20:31:40 witherspoon systemd[1]: Started Phosphor GPIO 0 Presence.
Aug 24 20:31:41 witherspoon systemd[1]: Started Wait for /org/openbmc/control/bmc0.
Aug 24 20:31:41 witherspoon systemd[1]: Starting Phosphor BMC Code Update...
Aug 24 20:31:41 witherspoon systemd[1]: Started Wait for /xyz/openbmc_project/control/host0/boot_source.
Aug 24 20:31:41 witherspoon systemd[1]: Started Wait for /xyz/openbmc_project/time/owner.
Aug 24 20:31:41 witherspoon systemd[1]: Started Wait for /xyz/openbmc_project/time/sync_method.
Aug 24 20:31:42 witherspoon systemd[1]: Started Wait for /xyz/openbmc_project/control/host0/auto_reboot.
Aug 24 20:31:42 witherspoon systemd[1]: Started Wait for /xyz/openbmc_project/control/host0/restriction_mode.
Aug 24 20:31:42 witherspoon phosphor-dump-manager[1037]: The name xyz.openbmc_project.State.BMC was not provided by any .service files
Aug 24 20:31:42 witherspoon dbus[997]: [system] Successfully activated service 'org.freedesktop.hostname1'
Aug 24 20:31:42 witherspoon systemd[1]: Started Hostname Service.
Aug 24 20:31:43 witherspoon systemd[1]: Started Wait for /xyz/openbmc_project/control/host0/boot_mode.
Aug 24 20:31:45 witherspoon phosphor-dump-manager[1037]: The name xyz.openbmc_project.State.Chassis was not provided by any .service files
Aug 24 20:31:44 witherspoon phosphor-gpio-presence[1321]: Updating inventory present property
Aug 24 20:31:45 witherspoon phosphor-dump-manager[1037]: The name xyz.openbmc_project.State.Host was not provided by any .service files
Aug 24 20:31:44 witherspoon phosphor-gpio-presence[1324]: Updating inventory present property
Aug 24 20:31:45 witherspoon phosphor-dump-manager[1037]: The name xyz.openbmc_project.State.Chassis was not provided by any .service files
Aug 24 20:31:44 witherspoon systemd-coredump[1164]: Process 1162 (mboxd) of user 0 dumped core.
Aug 24 20:31:51 witherspoon phosphor-dump-manager[1037]: Thu Aug 24 20:31:51 UTC 2017 Report is available in /var/lib/phosphor-debug-collector/dumps/2
Aug 24 20:31:51 witherspoon phosphor-dump-manager[1037]: Thu Aug 24 20:31:51 UTC 2017 Report is available in /var/lib/phosphor-debug-collector/dumps/1
Aug 24 20:31:51 witherspoon phosphor-dump-manager[1037]: Thu Aug 24 20:31:51 UTC 2017 Sucessfully completed
Aug 24 20:31:52 witherspoon phosphor-dump-manager[1037]: Thu Aug 24 20:31:52 UTC 2017 Sucessfully completed
Aug 24 20:31:53 witherspoon systemd-coredump[1135]: Process 1132 (mboxd) of user 0 dumped core.
Aug 24 20:31:54 witherspoon system_manager.py[1264]: Running System State: BASE_APPS
Aug 24 20:31:55 witherspoon system_manager.py[1264]: SystemManager Init Done
Aug 24 20:31:55 witherspoon system_manager.py[1264]: Running SystemManager
Aug 24 20:31:55 witherspoon systemd[1]: Started Phoshpor System Manager.
Aug 24 20:31:56 witherspoon systemd[1]: Started Phosphor BMC Code Update.
Aug 24 20:31:56 witherspoon bmc_update.py[1326]: Running Bmc Flash Control
Aug 24 20:31:57 witherspoon systemd-coredump[1178]: Process 1175 (mboxd) of user 0 dumped core.
Aug 24 20:31:58 witherspoon systemd-coredump[1160]: Process 1158 (mboxd) of user 0 dumped core.
Aug 24 20:31:59 witherspoon systemd[1]: Started Phosphor MAX31785 MSL.
Aug 24 20:32:00 witherspoon systemd[1]: Started OpenPOWER OCC controller.
Aug 24 20:32:01 witherspoon phosphor-dump-manager[1037]: [49B blob data]
Aug 24 20:32:01 witherspoon systemd[1]: Started Phosphor Settings Manager.
Aug 24 20:32:01 witherspoon systemd[1]: Starting Wait for /org/openbmc/settings/host0...
Aug 24 20:32:01 witherspoon settings_manager.py[1212]: Running HostSettingsService
Aug 24 20:32:02 witherspoon phosphor-dump-manager[1037]: The name xyz.openbmc_project.State.BMC was not provided by any .service files
Aug 24 20:32:03 witherspoon phosphor-dump-manager[1037]: The name xyz.openbmc_project.State.Host was not provided by any .service files
Aug 24 20:32:03 witherspoon system_manager.py[1264]: SystemManager Goto System State: BMC_STARTING
Aug 24 20:32:03 witherspoon system_manager.py[1264]: Running System State: BMC_STARTING
Aug 24 20:32:03 witherspoon phosphor-dump-manager[1037]: The name xyz.openbmc_project.State.Chassis was not provided by any .service files
Aug 24 20:32:06 witherspoon systemd[1]: Started Read OpenPOWER-format VPD from EEPROM.
Aug 24 20:32:06 witherspoon phosphor-dump-manager[1037]: Thu Aug 24 20:32:06 UTC 2017 Report is available in /var/lib/phosphor-debug-collector/dumps/3
Aug 24 20:32:06 witherspoon phosphor-dump-manager[1037]: Thu Aug 24 20:32:06 UTC 2017 Sucessfully completed
Aug 24 20:32:07 witherspoon phosphor-dump-manager[1037]: [49B blob data]
Aug 24 20:32:08 witherspoon phosphor-dump-manager[1037]: The name xyz.openbmc_project.State.BMC was not provided by any .service files
Aug 24 20:32:08 witherspoon phosphor-dump-manager[1037]: The name xyz.openbmc_project.State.Host was not provided by any .service files
Aug 24 20:32:08 witherspoon phosphor-dump-manager[1037]: The name xyz.openbmc_project.State.Chassis was not provided by any .service files
Aug 24 20:32:10 witherspoon phosphor-dump-manager[1037]: [49B blob data]
Aug 24 20:32:11 witherspoon phosphor-dump-manager[1037]: Thu Aug 24 20:32:11 UTC 2017 Report is available in /var/lib/phosphor-debug-collector/dumps/4
Aug 24 20:32:11 witherspoon phosphor-dump-manager[1037]: Thu Aug 24 20:32:11 UTC 2017 Sucessfully completed
Aug 24 20:32:11 witherspoon phosphor-dump-manager[1037]: The name xyz.openbmc_project.State.BMC was not provided by any .service files
Aug 24 20:32:12 witherspoon phosphor-dump-manager[1037]: The name xyz.openbmc_project.State.Host was not provided by any .service files
Aug 24 20:32:12 witherspoon phosphor-dump-manager[1037]: The name xyz.openbmc_project.State.Chassis was not provided by any .service files
Aug 24 20:32:14 witherspoon phosphor-gevent[1284]: Traceback (most recent call last):
Aug 24 20:32:14 witherspoon phosphor-gevent[1284]:   File "/usr/lib/python2.7/site-packages/gevent/greenlet.py", line 327, in run
Aug 24 20:32:14 witherspoon phosphor-gevent[1284]:     result = self._run(*self.args, **self.kwargs)
Aug 24 20:32:14 witherspoon phosphor-gevent[1284]:   File "/usr/lib/python2.7/site-packages/gevent/server.py", line 102, in wrap_socket_and_handle
Aug 24 20:32:14 witherspoon phosphor-gevent[1284]:     ssl_socket = self.wrap_socket(client_socket, **self.ssl_args)
Aug 24 20:32:14 witherspoon phosphor-gevent[1284]:   File "/usr/lib/python2.7/site-packages/gevent/ssl.py", line 404, in wrap_socket
Aug 24 20:32:14 witherspoon phosphor-gevent[1284]:     ciphers=ciphers)
Aug 24 20:32:14 witherspoon phosphor-gevent[1284]:   File "/usr/lib/python2.7/site-packages/gevent/ssl.py", line 113, in __init__
Aug 24 20:32:14 witherspoon phosphor-gevent[1284]:     self.do_handshake()
Aug 24 20:32:14 witherspoon phosphor-gevent[1284]:   File "/usr/lib/python2.7/site-packages/gevent/ssl.py", line 324, in do_handshake
Aug 24 20:32:14 witherspoon phosphor-gevent[1284]:     return self._sslobj.do_handshake()
Aug 24 20:32:14 witherspoon phosphor-gevent[1284]: SSLEOFError: EOF occurred in violation of protocol (_ssl.c:590)
Aug 24 20:32:14 witherspoon phosphor-gevent[1284]: <Greenlet at 0x7605f490: <bound method WSGIServer.wrap_socket_and_handle of <WSGIServer at 0x76036b90 fileno=5 address=('::3492:f476:b06d:6a76%1986686368', 443, 0, 1986686368)>>(<socket at 0x75f0c870 fileno=9>, ('::8079:6876:8e91:f402%1995668252', 34298, 0, 199)> failed with SSLEOFError
Aug 24 20:32:15 witherspoon phosphor-gevent[1284]: Traceback (most recent call last):
Aug 24 20:32:15 witherspoon phosphor-gevent[1284]:   File "/usr/lib/python2.7/site-packages/gevent/greenlet.py", line 327, in run
Aug 24 20:32:15 witherspoon phosphor-gevent[1284]:     result = self._run(*self.args, **self.kwargs)
Aug 24 20:32:15 witherspoon phosphor-gevent[1284]:   File "/usr/lib/python2.7/site-packages/gevent/server.py", line 102, in wrap_socket_and_handle
Aug 24 20:32:15 witherspoon phosphor-gevent[1284]:     ssl_socket = self.wrap_socket(client_socket, **self.ssl_args)
Aug 24 20:32:15 witherspoon phosphor-gevent[1284]:   File "/usr/lib/python2.7/site-packages/gevent/ssl.py", line 404, in wrap_socket
Aug 24 20:32:15 witherspoon phosphor-gevent[1284]:     ciphers=ciphers)
Aug 24 20:32:15 witherspoon phosphor-gevent[1284]:   File "/usr/lib/python2.7/site-packages/gevent/ssl.py", line 113, in __init__
Aug 24 20:32:15 witherspoon phosphor-gevent[1284]:     self.do_handshake()
Aug 24 20:32:15 witherspoon phosphor-gevent[1284]:   File "/usr/lib/python2.7/site-packages/gevent/ssl.py", line 324, in do_handshake
Aug 24 20:32:15 witherspoon phosphor-gevent[1284]:     return self._sslobj.do_handshake()
Aug 24 20:32:15 witherspoon phosphor-gevent[1284]: SSLEOFError: EOF occurred in violation of protocol (_ssl.c:590)
Aug 24 20:32:15 witherspoon phosphor-gevent[1284]: <Greenlet at 0x7605f760: <bound method WSGIServer.wrap_socket_and_handle of <WSGIServer at 0x76036b90 fileno=5 address=('::3492:f476:b06d:6a76%1986686368', 443, 0, 1986686368)>>(<socket at 0x75f0c810 fileno=10>, ('::8079:6876:8e91:f402%1995668252', 34300, 0, 199)> failed with SSLEOFError
Aug 24 20:32:15 witherspoon phosphor-dump-manager[1037]: [49B blob data]
Aug 24 20:32:15 witherspoon phosphor-dump-manager[1037]: Thu Aug 24 20:32:15 UTC 2017 Report is available in /var/lib/phosphor-debug-collector/dumps/5
Aug 24 20:32:16 witherspoon phosphor-gevent[1284]: Traceback (most recent call last):
Aug 24 20:32:16 witherspoon phosphor-gevent[1284]:   File "/usr/lib/python2.7/site-packages/gevent/greenlet.py", line 327, in run
Aug 24 20:32:16 witherspoon phosphor-gevent[1284]:     result = self._run(*self.args, **self.kwargs)
Aug 24 20:32:16 witherspoon phosphor-gevent[1284]:   File "/usr/lib/python2.7/site-packages/gevent/server.py", line 102, in wrap_socket_and_handle
Aug 24 20:32:16 witherspoon phosphor-gevent[1284]:     ssl_socket = self.wrap_socket(client_socket, **self.ssl_args)
Aug 24 20:32:16 witherspoon phosphor-gevent[1284]:   File "/usr/lib/python2.7/site-packages/gevent/ssl.py", line 404, in wrap_socket
Aug 24 20:32:16 witherspoon phosphor-gevent[1284]:     ciphers=ciphers)
Aug 24 20:32:16 witherspoon phosphor-gevent[1284]:   File "/usr/lib/python2.7/site-packages/gevent/ssl.py", line 113, in __init__
Aug 24 20:32:16 witherspoon phosphor-gevent[1284]:     self.do_handshake()
Aug 24 20:32:16 witherspoon phosphor-gevent[1284]:   File "/usr/lib/python2.7/site-packages/gevent/ssl.py", line 324, in do_handshake
Aug 24 20:32:16 witherspoon phosphor-gevent[1284]:     return self._sslobj.do_handshake()
Aug 24 20:32:16 witherspoon phosphor-gevent[1284]: SSLEOFError: EOF occurred in violation of protocol (_ssl.c:590)
Aug 24 20:32:16 witherspoon phosphor-gevent[1284]: <Greenlet at 0x7605f440: <bound method WSGIServer.wrap_socket_and_handle of <WSGIServer at 0x76036b90 fileno=5 address=('::3492:f476:b06d:6a76%1986686368', 443, 0, 1986686368)>>(<socket at 0x75f0c8b0 fileno=11>, ('::8079:6876:8e91:f402%1995668252', 60146, 0, 199)> failed with SSLEOFError
Aug 24 20:32:16 witherspoon phosphor-dump-manager[1037]: Thu Aug 24 20:32:16 UTC 2017 Sucessfully completed
Aug 24 20:32:16 witherspoon phosphor-dump-manager[1037]: The name xyz.openbmc_project.State.BMC was not provided by any .service files
Aug 24 20:32:16 witherspoon phosphor-gevent[1284]: Traceback (most recent call last):
Aug 24 20:32:16 witherspoon phosphor-gevent[1284]:   File "/usr/lib/python2.7/site-packages/gevent/greenlet.py", line 327, in run
Aug 24 20:32:16 witherspoon phosphor-gevent[1284]:     result = self._run(*self.args, **self.kwargs)
Aug 24 20:32:16 witherspoon phosphor-gevent[1284]:   File "/usr/lib/python2.7/site-packages/gevent/server.py", line 102, in wrap_socket_and_handle
Aug 24 20:32:16 witherspoon phosphor-gevent[1284]:     ssl_socket = self.wrap_socket(client_socket, **self.ssl_args)
Aug 24 20:32:16 witherspoon phosphor-gevent[1284]:   File "/usr/lib/python2.7/site-packages/gevent/ssl.py", line 404, in wrap_socket
Aug 24 20:32:16 witherspoon phosphor-gevent[1284]:     ciphers=ciphers)
Aug 24 20:32:16 witherspoon phosphor-gevent[1284]:   File "/usr/lib/python2.7/site-packages/gevent/ssl.py", line 113, in __init__
Aug 24 20:32:16 witherspoon phosphor-gevent[1284]:     self.do_handshake()
Aug 24 20:32:16 witherspoon phosphor-gevent[1284]:   File "/usr/lib/python2.7/site-packages/gevent/ssl.py", line 324, in do_handshake
Aug 24 20:32:16 witherspoon phosphor-gevent[1284]:     return self._sslobj.do_handshake()
Aug 24 20:32:16 witherspoon phosphor-gevent[1284]: SSLEOFError: EOF occurred in violation of protocol (_ssl.c:590)
Aug 24 20:32:16 witherspoon phosphor-gevent[1284]: <Greenlet at 0x7605f6c0: <bound method WSGIServer.wrap_socket_and_handle of <WSGIServer at 0x76036b90 fileno=5 address=('::3492:f476:b06d:6a76%1986686368', 443, 0, 1986686368)>>(<socket at 0x75f0c8f0 fileno=12>, ('::8079:6876:8e91:f402%1995668252', 34302, 0, 199)> failed with SSLEOFError
Aug 24 20:32:16 witherspoon phosphor-dump-manager[1037]: The name xyz.openbmc_project.State.Host was not provided by any .service files
Aug 24 20:32:17 witherspoon phosphor-dump-manager[1037]: The name xyz.openbmc_project.State.Chassis was not provided by any .service files
Aug 24 20:32:17 witherspoon phosphor-gevent[1284]: Traceback (most recent call last):
Aug 24 20:32:17 witherspoon phosphor-gevent[1284]:   File "/usr/lib/python2.7/site-packages/gevent/greenlet.py", line 327, in run
Aug 24 20:32:17 witherspoon phosphor-gevent[1284]:     result = self._run(*self.args, **self.kwargs)
Aug 24 20:32:17 witherspoon phosphor-gevent[1284]:   File "/usr/lib/python2.7/site-packages/gevent/server.py", line 102, in wrap_socket_and_handle
Aug 24 20:32:17 witherspoon phosphor-gevent[1284]:     ssl_socket = self.wrap_socket(client_socket, **self.ssl_args)
Aug 24 20:32:17 witherspoon phosphor-gevent[1284]:   File "/usr/lib/python2.7/site-packages/gevent/ssl.py", line 404, in wrap_socket
Aug 24 20:32:17 witherspoon phosphor-gevent[1284]:     ciphers=ciphers)
Aug 24 20:32:17 witherspoon phosphor-gevent[1284]:   File "/usr/lib/python2.7/site-packages/gevent/ssl.py", line 113, in __init__
Aug 24 20:32:17 witherspoon phosphor-gevent[1284]:     self.do_handshake()
Aug 24 20:32:17 witherspoon phosphor-gevent[1284]:   File "/usr/lib/python2.7/site-packages/gevent/ssl.py", line 324, in do_handshake
Aug 24 20:32:17 witherspoon phosphor-gevent[1284]:     return self._sslobj.do_handshake()
Aug 24 20:32:17 witherspoon phosphor-gevent[1284]: SSLEOFError: EOF occurred in violation of protocol (_ssl.c:590)
Aug 24 20:32:17 witherspoon phosphor-gevent[1284]: <Greenlet at 0x7605f4e0: <bound method WSGIServer.wrap_socket_and_handle of <WSGIServer at 0x76036b90 fileno=5 address=('::3492:f476:b06d:6a76%1986686368', 443, 0, 1986686368)>>(<socket at 0x75f0c930 fileno=13>, ('::8079:6876:8e91:f402%1995668252', 34306, 0, 199)> failed with SSLEOFError
Aug 24 20:32:17 witherspoon phosphor-gevent[1284]: Traceback (most recent call last):
Aug 24 20:32:17 witherspoon phosphor-gevent[1284]:   File "/usr/lib/python2.7/site-packages/gevent/greenlet.py", line 327, in run
Aug 24 20:32:17 witherspoon phosphor-gevent[1284]:     result = self._run(*self.args, **self.kwargs)
Aug 24 20:32:17 witherspoon phosphor-gevent[1284]:   File "/usr/lib/python2.7/site-packages/gevent/server.py", line 102, in wrap_socket_and_handle
Aug 24 20:32:17 witherspoon phosphor-gevent[1284]:     ssl_socket = self.wrap_socket(client_socket, **self.ssl_args)
Aug 24 20:32:17 witherspoon phosphor-gevent[1284]:   File "/usr/lib/python2.7/site-packages/gevent/ssl.py", line 404, in wrap_socket
Aug 24 20:32:17 witherspoon phosphor-gevent[1284]:     ciphers=ciphers)
Aug 24 20:32:17 witherspoon phosphor-gevent[1284]:   File "/usr/lib/python2.7/site-packages/gevent/ssl.py", line 113, in __init__
Aug 24 20:32:17 witherspoon phosphor-gevent[1284]:     self.do_handshake()
Aug 24 20:32:18 witherspoon phosphor-gevent[1284]:   File "/usr/lib/python2.7/site-packages/gevent/ssl.py", line 324, in do_handshake
Aug 24 20:32:18 witherspoon phosphor-gevent[1284]:     return self._sslobj.do_handshake()
Aug 24 20:32:18 witherspoon phosphor-gevent[1284]: SSLEOFError: EOF occurred in violation of protocol (_ssl.c:590)
Aug 24 20:32:18 witherspoon phosphor-gevent[1284]: <Greenlet at 0x7605fc10: <bound method WSGIServer.wrap_socket_and_handle of <WSGIServer at 0x76036b90 fileno=5 address=('::3492:f476:b06d:6a76%1986686368', 443, 0, 1986686368)>>(<socket at 0x75f0c970 fileno=14>, ('::8079:6876:8e91:f402%1995668252', 34310, 0, 199)> failed with SSLEOFError
Aug 24 20:32:18 witherspoon phosphor-gevent[1284]: Traceback (most recent call last):
Aug 24 20:32:18 witherspoon phosphor-gevent[1284]:   File "/usr/lib/python2.7/site-packages/gevent/greenlet.py", line 327, in run
Aug 24 20:32:18 witherspoon phosphor-gevent[1284]:     result = self._run(*self.args, **self.kwargs)
Aug 24 20:32:18 witherspoon phosphor-gevent[1284]:   File "/usr/lib/python2.7/site-packages/gevent/server.py", line 102, in wrap_socket_and_handle
Aug 24 20:32:18 witherspoon phosphor-gevent[1284]:     ssl_socket = self.wrap_socket(client_socket, **self.ssl_args)
Aug 24 20:32:18 witherspoon phosphor-gevent[1284]:   File "/usr/lib/python2.7/site-packages/gevent/ssl.py", line 404, in wrap_socket
Aug 24 20:32:18 witherspoon phosphor-gevent[1284]:     ciphers=ciphers)
Aug 24 20:32:18 witherspoon phosphor-gevent[1284]:   File "/usr/lib/python2.7/site-packages/gevent/ssl.py", line 113, in __init__
Aug 24 20:32:18 witherspoon phosphor-gevent[1284]:     self.do_handshake()
Aug 24 20:32:18 witherspoon phosphor-gevent[1284]:   File "/usr/lib/python2.7/site-packages/gevent/ssl.py", line 324, in do_handshake
Aug 24 20:32:18 witherspoon phosphor-gevent[1284]:     return self._sslobj.do_handshake()
Aug 24 20:32:18 witherspoon phosphor-gevent[1284]: SSLEOFError: EOF occurred in violation of protocol (_ssl.c:590)
Aug 24 20:32:18 witherspoon phosphor-gevent[1284]: <Greenlet at 0x75f05f30: <bound method WSGIServer.wrap_socket_and_handle of <WSGIServer at 0x76036b90 fileno=5 address=('::3492:f476:b06d:6a76%1986686368', 443, 0, 1986686368)>>(<socket at 0x75f0c9b0 fileno=15>, ('::8079:6876:8e91:f402%1995668252', 34312, 0, 199)> failed with SSLEOFError
Aug 24 20:32:19 witherspoon phosphor-dump-manager[1037]: [49B blob data]
Aug 24 20:32:19 witherspoon phosphor-gevent[1284]: Traceback (most recent call last):
Aug 24 20:32:19 witherspoon phosphor-gevent[1284]:   File "/usr/lib/python2.7/site-packages/gevent/greenlet.py", line 327, in run
Aug 24 20:32:19 witherspoon phosphor-gevent[1284]:     result = self._run(*self.args, **self.kwargs)
Aug 24 20:32:19 witherspoon phosphor-gevent[1284]:   File "/usr/lib/python2.7/site-packages/gevent/server.py", line 102, in wrap_socket_and_handle
Aug 24 20:32:19 witherspoon phosphor-gevent[1284]:     ssl_socket = self.wrap_socket(client_socket, **self.ssl_args)
Aug 24 20:32:19 witherspoon phosphor-gevent[1284]:   File "/usr/lib/python2.7/site-packages/gevent/ssl.py", line 404, in wrap_socket
Aug 24 20:32:19 witherspoon phosphor-gevent[1284]:     ciphers=ciphers)
Aug 24 20:32:19 witherspoon phosphor-gevent[1284]:   File "/usr/lib/python2.7/site-packages/gevent/ssl.py", line 113, in __init__
Aug 24 20:32:19 witherspoon phosphor-gevent[1284]:     self.do_handshake()
Aug 24 20:32:19 witherspoon phosphor-gevent[1284]:   File "/usr/lib/python2.7/site-packages/gevent/ssl.py", line 324, in do_handshake
Aug 24 20:32:19 witherspoon phosphor-gevent[1284]:     return self._sslobj.do_handshake()
Aug 24 20:32:19 witherspoon phosphor-gevent[1284]: SSLEOFError: EOF occurred in violation of protocol (_ssl.c:590)
Aug 24 20:32:19 witherspoon phosphor-gevent[1284]: <Greenlet at 0x75f05ee0: <bound method WSGIServer.wrap_socket_and_handle of <WSGIServer at 0x76036b90 fileno=5 address=('::3492:f476:b06d:6a76%1986686368', 443, 0, 1986686368)>>(<socket at 0x75f0c9f0 fileno=16>, ('::8079:6876:8e91:f402%1995668252', 34314, 0, 199)> failed with SSLEOFError
Aug 24 20:32:20 witherspoon phosphor-dump-manager[1037]: The name xyz.openbmc_project.State.BMC was not provided by any .service files
Aug 24 20:32:21 witherspoon phosphor-dump-manager[1037]: The name xyz.openbmc_project.State.Host was not provided by any .service files
Aug 24 20:32:21 witherspoon phosphor-dump-manager[1037]: Thu Aug 24 20:32:21 UTC 2017 Report is available in /var/lib/phosphor-debug-collector/dumps/6
Aug 24 20:32:21 witherspoon phosphor-dump-manager[1037]: Thu Aug 24 20:32:21 UTC 2017 Sucessfully completed
Aug 24 20:32:21 witherspoon phosphor-dump-manager[1037]: The name xyz.openbmc_project.State.Chassis was not provided by any .service files
Aug 24 20:32:21 witherspoon phosphor-gevent[1284]: ::8079:6876:8e91:f402%1995668252 - - [2017-08-24 20:32:21] "GET /org/openbmc/sensors/enumerate HTTP/1.1" 401 230 2.002375
Aug 24 20:32:22 witherspoon phosphor-gevent[1284]: ::8079:6876:8e91:f402%1995668252 - - [2017-08-24 20:32:22] "POST /login HTTP/1.1" 200 320 0.261463
Aug 24 20:32:24 witherspoon systemd[1]: Started Wait for /org/openbmc/managers/System.
Aug 24 20:32:24 witherspoon systemd[1]: Starting Phosphor Chassis State Manager...
Aug 24 20:32:24 witherspoon systemd[1]: Starting Phosphor Reset Button0...
Aug 24 20:32:24 witherspoon systemd[1]: Starting Phosphor BMC State Manager...
Aug 24 20:32:24 witherspoon systemd[1]: Starting Phosphor Power0 Control...
Aug 24 20:32:24 witherspoon systemd[1]: Starting Phosphor Power Button0...
Aug 24 20:32:24 witherspoon systemd[1]: Started Wait for /org/openbmc/settings/host0.
Aug 24 20:32:24 witherspoon systemd[1]: Started Phosphor Inband IPMI.
Aug 24 20:32:25 witherspoon phosphor-gevent[1284]: ::8079:6876:8e91:f402%1995668252 - - [2017-08-24 20:32:25] "GET /xyz/openbmc_project/control/enumerate HTTP/1.1" 200 1163 2.656435
Aug 24 20:32:25 witherspoon phosphor-gevent[1284]: ::8079:6876:8e91:f402%1995668252 - - [2017-08-24 20:32:25] "POST /login HTTP/1.1" 200 320 0.032482
Aug 24 20:32:25 witherspoon phosphor-chassis-state-manager[1736]: Initial Chassis State will be Off
Aug 24 20:32:25 witherspoon systemd[1]: Started Phosphor Chassis State Manager.
Aug 24 20:32:25 witherspoon phosphor-dump-manager[1037]: Thu Aug 24 20:32:25 UTC 2017 Report is available in /var/lib/phosphor-debug-collector/dumps/7
Aug 24 20:32:25 witherspoon phosphor-dump-manager[1037]: Thu Aug 24 20:32:25 UTC 2017 Sucessfully completed
Aug 24 20:32:26 witherspoon phosphor-gevent[1284]: ::8079:6876:8e91:f402%1995668252 - - [2017-08-24 20:32:26] "GET /org/openbmc/control/led/enumerate HTTP/1.1" 404 301 0.466212
Aug 24 20:32:26 witherspoon phosphor-bmc-state-manager[1738]: Setting the BMCState field
Aug 24 20:32:26 witherspoon phosphor-bmc-state-manager[1738]: Setting the BMCState field
Aug 24 20:32:26 witherspoon button_power.exe[1744]: GPIO Lookup:  POWER_BUTTON = 347,both
Aug 24 20:32:26 witherspoon systemd[1]: Started Phosphor BMC State Manager.
Aug 24 20:32:26 witherspoon systemd[1]: Started Phosphor Power Button0.
Aug 24 20:32:26 witherspoon button_reset.exe[1737]: GPIO Lookup:  RESET_BUTTON = 353,both
Aug 24 20:32:26 witherspoon systemd[1]: Started Phosphor Reset Button0.
Aug 24 20:32:27 witherspoon phosphor-gevent[1284]: ::8079:6876:8e91:f402%1995668252 - - [2017-08-24 20:32:27] "POST /login HTTP/1.1" 200 320 0.032663
Aug 24 20:32:27 witherspoon system_manager.py[1264]: New object: /org/openbmc/control/power0 (:1.151)
Aug 24 20:32:27 witherspoon system_manager.py[1264]: Power GPIO config: ['SYS_PWROK_BUFF', '', [('SOFTWARE_PGOOD', True), ('BMC_POWER_UP', True)], [('BMC_CP0_RESET_N', False)], [('BMC_VS1_PERST_N', False, False), ('BMC_CP0_PERST_ENABLE_R', False, False)], 'FSI_DATA', 'FSI_CLK', 'FSI_ENABLE', 'CRONUS_SEL', []]
