-- Logs begin at Thu 2017-08-24 16:34:48 UTC, end at Thu 2017-08-24 16:48:14 UTC. --
Aug 24 16:34:48 witherspoon kernel: Booting Linux on physical CPU 0x0
Aug 24 16:34:48 witherspoon kernel: Linux version 4.10.17-1a4df30c39cf5ee0e3d2528c409787ccbb4a672a (jenkins@openbmc-builder1) (gcc version 6.2.0 (GCC) ) #1 Thu Aug 24 14:30:43 UTC 2017
Aug 24 16:34:48 witherspoon kernel: CPU: ARMv6-compatible processor [410fb767] revision 7 (ARMv7), cr=00c5387d
Aug 24 16:34:48 witherspoon kernel: CPU: PIPT / VIPT nonaliasing data cache, VIPT nonaliasing instruction cache
Aug 24 16:34:48 witherspoon kernel: OF: fdt:Machine model: Witherspoon BMC
Aug 24 16:34:48 witherspoon kernel: Memory policy: Data cache writeback
Aug 24 16:34:48 witherspoon kernel: SOC Rev: 04030303
Aug 24 16:34:48 witherspoon kernel: On node 0 totalpages: 110592
Aug 24 16:34:48 witherspoon kernel: free_area_init_node: node 0, pgdat 80601864, node_mem_map 9ec1a000
Aug 24 16:34:48 witherspoon kernel:   Normal zone: 992 pages used for memmap
Aug 24 16:34:48 witherspoon kernel:   Normal zone: 0 pages reserved
Aug 24 16:34:48 witherspoon kernel:   Normal zone: 110592 pages, LIFO batch:31
Aug 24 16:34:48 witherspoon kernel: pcpu-alloc: s0 r0 d32768 u32768 alloc=1*32768
Aug 24 16:34:48 witherspoon kernel: pcpu-alloc: [0] 0 
Aug 24 16:34:48 witherspoon kernel: Built 1 zonelists in Zone order, mobility grouping on.  Total pages: 109600
Aug 24 16:34:48 witherspoon kernel: Kernel command line: console=ttyS4,115200n8 root=/dev/ram rw
Aug 24 16:34:48 witherspoon kernel: PID hash table entries: 2048 (order: 1, 8192 bytes)
Aug 24 16:34:48 witherspoon kernel: Dentry cache hash table entries: 65536 (order: 6, 262144 bytes)
Aug 24 16:34:48 witherspoon kernel: Inode-cache hash table entries: 32768 (order: 5, 131072 bytes)
Aug 24 16:34:48 witherspoon kernel: Memory: 430420K/442368K available (4074K kernel code, 281K rwdata, 1196K rodata, 280K init, 111K bss, 11948K reserved, 0K cma-reserved)
Aug 24 16:34:48 witherspoon kernel: Virtual kernel memory layout:
                                        vector  : 0xffff0000 - 0xffff1000   (   4 kB)
                                        fixmap  : 0xffc00000 - 0xfff00000   (3072 kB)
                                        vmalloc : 0x9f800000 - 0xff800000   (1536 MB)
                                        lowmem  : 0x80000000 - 0x9f000000   ( 496 MB)
                                          .text : 0x80008000 - 0x80402cb0   (4076 kB)
                                          .init : 0x80588000 - 0x805ce000   ( 280 kB)
                                          .data : 0x805ce000 - 0x80614710   ( 282 kB)
                                           .bss : 0x80614710 - 0x806305b8   ( 112 kB)
Aug 24 16:34:48 witherspoon kernel: NR_IRQS:16 nr_irqs:16 16
Aug 24 16:34:48 witherspoon kernel: i2c controller registered, irq 16
Aug 24 16:34:48 witherspoon kernel: clocksource: moxart_timer: mask: 0xffffffff max_cycles: 0xffffffff, max_idle_ns: 77222644334 ns
Aug 24 16:34:48 witherspoon kernel: sched_clock: 32 bits at 100 Hz, resolution 10000000ns, wraps every 21474836475000000ns
Aug 24 16:34:48 witherspoon kernel: Calibrating delay loop... 789.70 BogoMIPS (lpj=3948544)
Aug 24 16:34:48 witherspoon kernel: pid_max: default: 32768 minimum: 301
Aug 24 16:34:48 witherspoon kernel: Mount-cache hash table entries: 1024 (order: 0, 4096 bytes)
Aug 24 16:34:48 witherspoon kernel: Mountpoint-cache hash table entries: 1024 (order: 0, 4096 bytes)
Aug 24 16:34:48 witherspoon kernel: CPU: Testing write buffer coherency: ok
Aug 24 16:34:48 witherspoon kernel: ftrace: allocating 14972 entries in 44 pages
Aug 24 16:34:48 witherspoon kernel: Setting up static identity map for 0x80008200 - 0x8000825c
Aug 24 16:34:48 witherspoon kernel: devtmpfs: initialized
Aug 24 16:34:48 witherspoon kernel: clocksource: jiffies: mask: 0xffffffff max_cycles: 0xffffffff, max_idle_ns: 19112604462750000 ns
Aug 24 16:34:48 witherspoon kernel: futex hash table entries: 256 (order: -1, 3072 bytes)
Aug 24 16:34:48 witherspoon kernel: pinctrl core: initialized pinctrl subsystem
Aug 24 16:34:48 witherspoon kernel: NET: Registered protocol family 16
Aug 24 16:34:48 witherspoon kernel: DMA: preallocated 256 KiB pool for atomic coherent allocations
Aug 24 16:34:48 witherspoon kernel: usbcore: registered new interface driver usbfs
Aug 24 16:34:48 witherspoon kernel: usbcore: registered new interface driver hub
Aug 24 16:34:48 witherspoon kernel: usbcore: registered new device driver usb
Aug 24 16:34:48 witherspoon kernel: clocksource: Switched to clocksource moxart_timer
Aug 24 16:34:48 witherspoon kernel: NET: Registered protocol family 2
Aug 24 16:34:48 witherspoon kernel: TCP established hash table entries: 4096 (order: 2, 16384 bytes)
Aug 24 16:34:48 witherspoon kernel: TCP bind hash table entries: 4096 (order: 2, 16384 bytes)
Aug 24 16:34:48 witherspoon kernel: TCP: Hash tables configured (established 4096 bind 4096)
Aug 24 16:34:48 witherspoon kernel: UDP hash table entries: 256 (order: 0, 4096 bytes)
Aug 24 16:34:48 witherspoon kernel: UDP-Lite hash table entries: 256 (order: 0, 4096 bytes)
Aug 24 16:34:48 witherspoon kernel: NET: Registered protocol family 1
Aug 24 16:34:48 witherspoon kernel: Trying to unpack rootfs image as initramfs...
Aug 24 16:34:48 witherspoon kernel: Freeing initrd memory: 1548K
Aug 24 16:34:48 witherspoon kernel: workingset: timestamp_bits=30 max_order=17 bucket_order=0
Aug 24 16:34:48 witherspoon kernel: squashfs: version 4.0 (2009/01/31) Phillip Lougher
Aug 24 16:34:48 witherspoon kernel: jffs2: version 2.2. (SUMMARY)  © 2001-2006 Red Hat, Inc.
Aug 24 16:34:48 witherspoon kernel: Block layer SCSI generic (bsg) driver version 0.4 loaded (major 250)
Aug 24 16:34:48 witherspoon kernel: io scheduler noop registered
Aug 24 16:34:48 witherspoon kernel: io scheduler deadline registered
Aug 24 16:34:48 witherspoon kernel: io scheduler cfq registered (default)
Aug 24 16:34:48 witherspoon kernel: ipmi-bt-host 1e789140.ibt: Found bt bmc device
Aug 24 16:34:48 witherspoon kernel: ipmi-bt-host 1e789140.ibt: Using IRQ 22
Aug 24 16:34:48 witherspoon kernel: Serial: 8250/16550 driver, 6 ports, IRQ sharing enabled
Aug 24 16:34:48 witherspoon kernel: 1e787000.vuart: ttyS0 at MMIO 0x1e787000 (irq = 22, base_baud = 1500000) is a 16550A
Aug 24 16:34:48 witherspoon kernel: 1e783000.serial: ttyS1 at MMIO 0x1e783000 (irq = 23, base_baud = 1500000) is a 16550A
Aug 24 16:34:48 witherspoon kernel: 1e78d000.serial: ttyS2 at MMIO 0x1e78d000 (irq = 24, base_baud = 1500000) is a 16550A
Aug 24 16:34:48 witherspoon kernel: 1e784000.serial: ttyS4 at MMIO 0x1e784000 (irq = 25, base_baud = 1500000) is a 16550A
Aug 24 16:34:48 witherspoon kernel: console [ttyS4] enabled
Aug 24 16:34:48 witherspoon kernel: timeriomem_rng 1e6e2078.hwrng: 32bits from 0xf00e2078 @ 1us
Aug 24 16:34:48 witherspoon kernel: random: fast init done
Aug 24 16:34:48 witherspoon kernel: brd: module loaded
Aug 24 16:34:48 witherspoon kernel: loop: module loaded
Aug 24 16:34:48 witherspoon kernel: aspeed-lpc-ctrl 1e789080.lpc-ctrl: Loaded at 0x98000000 (0x04000000)
Aug 24 16:34:48 witherspoon kernel: aspeed-smc 1e620000.flash-controller: Using IRQ 18
Aug 24 16:34:48 witherspoon kernel: aspeed-smc 1e620000.flash-controller: DMA support disabled.
Aug 24 16:34:48 witherspoon kernel: aspeed-smc 1e620000.flash-controller: mx25l25635e (32768 Kbytes)
Aug 24 16:34:48 witherspoon kernel: aspeed-smc 1e620000.flash-controller: CE0 window [ 0x20000000 - 0x22000000 ] 32MB
Aug 24 16:34:48 witherspoon kernel: aspeed-smc 1e620000.flash-controller: CE1 window [ 0x22000000 - 0x2a000000 ] 128MB
Aug 24 16:34:48 witherspoon kernel: 5 ofpart partitions found on MTD device bmc
Aug 24 16:34:48 witherspoon kernel: Creating 5 MTD partitions on "bmc":
Aug 24 16:34:48 witherspoon kernel: 0x000000000000-0x000000060000 : "u-boot"
Aug 24 16:34:48 witherspoon kernel: 0x000000060000-0x000000080000 : "u-boot-env"
Aug 24 16:34:48 witherspoon kernel: random: crng init done
Aug 24 16:34:48 witherspoon kernel: 0x000000080000-0x0000004c0000 : "kernel"
Aug 24 16:34:48 witherspoon kernel: 0x0000004c0000-0x000001c00000 : "rofs"
Aug 24 16:34:48 witherspoon kernel: 0x000001c00000-0x000002000000 : "rwfs"
Aug 24 16:34:48 witherspoon kernel: aspeed-smc 1e620000.flash-controller: mx25l25635e (32768 Kbytes)
Aug 24 16:34:48 witherspoon kernel: aspeed-smc 1e620000.flash-controller: CE1 window [ 0x22000000 - 0x24000000 ] 32MB
Aug 24 16:34:48 witherspoon kernel: aspeed-smc 1e620000.flash-controller: CE2 window [ 0x24000000 - 0x2c000000 ] 128MB
Aug 24 16:34:48 witherspoon kernel: aspeed-smc 1e630000.flash-controller: mx66l1g45g (131072 Kbytes)
Aug 24 16:34:48 witherspoon kernel: aspeed-smc 1e630000.flash-controller: CE0 window resized to 120MB (AST2500 HW quirk)
Aug 24 16:34:48 witherspoon kernel: aspeed-smc 1e630000.flash-controller: CE0 window [ 0x30000000 - 0x37800000 ] 120MB
Aug 24 16:34:48 witherspoon kernel: aspeed-smc 1e630000.flash-controller: CE0 window too small for chip 128MB
Aug 24 16:34:48 witherspoon kernel: aspeed-smc 1e630000.flash-controller: CE1 window [ 0x37800000 - 0x38000000 ] 8MB
Aug 24 16:34:48 witherspoon kernel: libphy: Fixed MDIO Bus: probed
Aug 24 16:34:48 witherspoon kernel: ftgmac100 1e660000.ethernet: Read MAC address 70:e2:84:14:23:e1 from chip
Aug 24 16:34:48 witherspoon kernel: ftgmac100 1e660000.ethernet: Using NCSI interface
Aug 24 16:34:48 witherspoon kernel: ftgmac100 1e660000.ethernet eth0: irq 20, mapped at f0060000
Aug 24 16:34:48 witherspoon kernel: ehci_hcd: USB 2.0 'Enhanced' Host Controller (EHCI) Driver
Aug 24 16:34:48 witherspoon kernel: ehci-platform: EHCI generic platform driver
Aug 24 16:34:48 witherspoon kernel:  fsi0: can't read slave 00:00 -5
Aug 24 16:34:48 witherspoon kernel: i2c /dev entries driver
Aug 24 16:34:48 witherspoon kernel: aspeed-i2c-bus 1e78a0c0.i2c-bus: i2c bus 2 registered, irq 26
Aug 24 16:34:48 witherspoon kernel: aspeed-i2c-bus 1e78a100.i2c-bus: i2c bus 3 registered, irq 27
Aug 24 16:34:48 witherspoon kernel: aspeed-i2c-bus 1e78a140.i2c-bus: i2c bus 4 registered, irq 28
Aug 24 16:34:48 witherspoon kernel: aspeed-i2c-bus 1e78a180.i2c-bus: i2c bus 5 registered, irq 29
Aug 24 16:34:48 witherspoon kernel: aspeed-i2c-bus 1e78a380.i2c-bus: i2c bus 9 registered, irq 30
Aug 24 16:34:48 witherspoon kernel: aspeed-i2c-bus 1e78a3c0.i2c-bus: i2c bus 10 registered, irq 31
Aug 24 16:34:48 witherspoon kernel: rtc-rv8803 11-0032: Voltage low, temperature compensation stopped.
Aug 24 16:34:48 witherspoon kernel: rtc-rv8803 11-0032: An alarm maybe have been missed.
Aug 24 16:34:48 witherspoon kernel: rtc-rv8803 11-0032: rtc core: registered rx8900 as rtc0
Aug 24 16:34:48 witherspoon kernel: at24 11-0051: 8192 byte 24c64 EEPROM, writable, 1 bytes/write
Aug 24 16:34:48 witherspoon kernel: aspeed-i2c-bus 1e78a400.i2c-bus: i2c bus 11 registered, irq 32
Aug 24 16:34:48 witherspoon kernel: aspeed-i2c-bus 1e78a440.i2c-bus: i2c bus 12 registered, irq 33
Aug 24 16:34:48 witherspoon kernel: aspeed-i2c-bus 1e78a480.i2c-bus: i2c bus 13 registered, irq 34
Aug 24 16:34:48 witherspoon kernel: Driver for 1-wire Dallas network protocol.
Aug 24 16:34:48 witherspoon kernel: lm75 9-004a: hwmon0: sensor 'tmp275'
Aug 24 16:34:48 witherspoon kernel: ucd9000 11-0064: Device ID UCD90160|2.3.4.0000|110603
Aug 24 16:34:48 witherspoon kernel: leds-pca955x 3-0060: leds-pca955x: Using pca9552 16-bit LED driver at slave address 0x60
Aug 24 16:34:48 witherspoon kernel: leds-pca955x 3-0060: gpios 264...279
Aug 24 16:34:48 witherspoon kernel: leds-pca955x 11-0060: leds-pca955x: Using pca9552 16-bit LED driver at slave address 0x60
Aug 24 16:34:48 witherspoon kernel: leds-pca955x 11-0060: gpios 248...263
Aug 24 16:34:48 witherspoon kernel: usbcore: registered new interface driver usbhid
Aug 24 16:34:48 witherspoon kernel: usbhid: USB HID core driver
Aug 24 16:34:48 witherspoon kernel: NET: Registered protocol family 10
Aug 24 16:34:48 witherspoon kernel: Segment Routing with IPv6
Aug 24 16:34:48 witherspoon kernel: NET: Registered protocol family 17
Aug 24 16:34:48 witherspoon kernel: 8021q: 802.1Q VLAN Support v1.8
Aug 24 16:34:48 witherspoon kernel: input: gpio-keys-polled as /devices/platform/gpio-keys-polled/input/input1
Aug 24 16:34:48 witherspoon kernel: console [netcon0] enabled
Aug 24 16:34:48 witherspoon kernel: netconsole: network logging started
Aug 24 16:34:48 witherspoon kernel: input: gpio-keys as /devices/platform/gpio-keys/input/input2
Aug 24 16:34:48 witherspoon kernel: rtc-rv8803 11-0032: setting system clock to 2017-08-24 16:34:42 UTC (1503592482)
Aug 24 16:34:48 witherspoon kernel: Freeing unused kernel memory: 280K
Aug 24 16:34:48 witherspoon kernel: This architecture does not have kernel memory protection.
Aug 24 16:34:48 witherspoon kernel: jffs2: notice: (540) jffs2_build_xattr_subsystem: complete building xattr subsystem, 1 of xdatum (0 unchecked, 0 orphan) and 11 of xref (0 dead, 1 orphan) found.
Aug 24 16:34:48 witherspoon systemd[1]: Failed to insert module 'autofs4': No such file or directory
Aug 24 16:34:48 witherspoon systemd[1]: systemd 232 running in system mode. (+PAM -AUDIT -SELINUX -IMA -APPARMOR -SMACK +SYSVINIT -UTMP -LIBCRYPTSETUP -GCRYPT -GNUTLS +ACL +XZ -LZ4 -SECCOMP +BLKID -ELFUTILS +KMOD -IDN)
Aug 24 16:34:48 witherspoon systemd[1]: Detected architecture arm.
Aug 24 16:34:48 witherspoon systemd[1]: Set hostname to <witherspoon>.
Aug 24 16:34:48 witherspoon systemd[1]: [/lib/systemd/system/obmc-flash-bios-updatesymlinks.service:9] Unknown lvalue 'WantedBy' in section 'Service'
Aug 24 16:34:48 witherspoon systemd[1]: Reached target Remote File Systems.
Aug 24 16:34:48 witherspoon systemd[1]: Listening on Journal Socket.
Aug 24 16:34:48 witherspoon systemd[1]: Listening on /dev/initctl Compatibility Named Pipe.
Aug 24 16:34:48 witherspoon systemd[1]: Listening on Syslog Socket.
Aug 24 16:34:48 witherspoon systemd[1]: Started Dispatch Password Requests to Console Directory Watch.
Aug 24 16:34:48 witherspoon systemd[1]: Listening on udev Control Socket.
Aug 24 16:34:48 witherspoon systemd-journald[558]: Journal started
Aug 24 16:34:48 witherspoon systemd-journald[558]: Runtime journal (/run/log/journal/cc6e1404d87444e8a089dfdb00a18f7d) is 0B, max 0B, 0B free.
Aug 24 16:34:49 witherspoon systemd-sysctl[559]: Couldn't write '16' to 'kernel/sysrq', ignoring: No such file or directory
Aug 24 16:34:49 witherspoon systemd-sysctl[559]: Couldn't write 'fq_codel' to 'net/core/default_qdisc', ignoring: No such file or directory
Aug 24 16:34:50 witherspoon systemd[1]: Started Apply Kernel Variables.
Aug 24 16:34:50 witherspoon systemd[1]: Started Remount Root and Kernel File Systems.
Aug 24 16:34:50 witherspoon systemd[1]: Starting Create Static Device Nodes in /dev...
Aug 24 16:34:50 witherspoon systemd[1]: Starting Flush Journal to Persistent Storage...
Aug 24 16:34:50 witherspoon systemd-journald[558]: Runtime journal (/run/log/journal/cc6e1404d87444e8a089dfdb00a18f7d) is 0B, max 0B, 0B free.
Aug 24 16:34:50 witherspoon systemd[1]: Started Flush Journal to Persistent Storage.
Aug 24 16:34:50 witherspoon systemd[1]: Started Create Static Device Nodes in /dev.
Aug 24 16:34:50 witherspoon systemd[1]: Reached target Local File Systems (Pre).
Aug 24 16:34:50 witherspoon systemd[1]: Mounting /usr/local...
Aug 24 16:34:50 witherspoon systemd[1]: Mounting /var/volatile...
Aug 24 16:34:50 witherspoon systemd[1]: Starting udev Kernel Device Manager...
Aug 24 16:34:50 witherspoon systemd[1]: Mounted /var/volatile.
Aug 24 16:34:51 witherspoon systemd[1]: Mounted /usr/local.
Aug 24 16:34:51 witherspoon systemd[1]: Starting Load/Save Random Seed...
Aug 24 16:34:51 witherspoon systemd[1]: Reached target Local File Systems.
Aug 24 16:34:51 witherspoon systemd[1]: Starting Create Volatile Files and Directories...
Aug 24 16:34:51 witherspoon systemd-tmpfiles[686]: "/var/tmp" already exists and is not a directory.
Aug 24 16:34:51 witherspoon systemd-tmpfiles[686]: "/var/log" already exists and is not a directory.
Aug 24 16:34:51 witherspoon systemd[1]: Started udev Kernel Device Manager.
Aug 24 16:34:51 witherspoon systemd[1]: Started Load/Save Random Seed.
Aug 24 16:34:51 witherspoon systemd[1]: Started Create Volatile Files and Directories.
Aug 24 16:34:52 witherspoon systemd[1]: Starting Network Time Synchronization...
Aug 24 16:34:52 witherspoon systemd[1]: Started udev Coldplug all Devices.
Aug 24 16:34:53 witherspoon systemd[1]: Created slice system-xyz.openbmc_project.Hwmon.slice.
Aug 24 16:34:53 witherspoon systemd[1]: dev-hugepages.mount: Couldn't determine result for ConditionVirtualization=!private-users, assuming failed: No such file or directory
Aug 24 16:34:53 witherspoon systemd[1]: Found device /dev/aspeed-lpc-ctrl.
Aug 24 16:34:53 witherspoon systemd[1]: Found device /dev/aspeed-mbox.
Aug 24 16:34:53 witherspoon systemd[1]: Started Network Time Synchronization.
Aug 24 16:34:53 witherspoon systemd[1]: Found device /dev/ttyS4.
Aug 24 16:34:53 witherspoon systemd[1]: Found device /dev/ttyVUART0.
Aug 24 16:34:55 witherspoon systemd[1]: Created slice system-xyz.openbmc_project.led.controller.slice.
Aug 24 16:34:55 witherspoon systemd[1]: dev-hugepages.mount: Couldn't determine result for ConditionVirtualization=!private-users, assuming failed: No such file or directory
Aug 24 16:34:55 witherspoon systemd[1]: Reached target System Initialization.
Aug 24 16:34:55 witherspoon systemd[1]: Listening on Phosphor DBUS Browser socket.
Aug 24 16:34:55 witherspoon systemd[1]: Listening on Avahi mDNS/DNS-SD Stack Activation Socket.
Aug 24 16:34:55 witherspoon systemd[1]: Listening on dropbear.socket.
Aug 24 16:34:55 witherspoon systemd[1]: Listening on D-Bus System Message Bus Socket.
Aug 24 16:34:55 witherspoon systemd[1]: Listening on Phosphor Host Console SSH Per-Connection socket.
Aug 24 16:34:55 witherspoon systemd[1]: Started Daily Cleanup of Temporary Directories.
Aug 24 16:34:55 witherspoon systemd[1]: Reached target Timers.
Aug 24 16:34:55 witherspoon systemd[1]: Listening on Phosphor Webserver socket.
Aug 24 16:34:55 witherspoon systemd[1]: Listening on phosphor-ipmi-net.socket.
Aug 24 16:34:55 witherspoon systemd[1]: Reached target Sockets.
Aug 24 16:34:55 witherspoon systemd[1]: Reached target Basic System.
Aug 24 16:34:55 witherspoon systemd[1]: Starting Updates symlinks for active PNOR version...
Aug 24 16:34:55 witherspoon systemd[1]: Starting Phosphor Sensor Manager...
Aug 24 16:34:55 witherspoon systemd[1]: Starting Phosphor LED Group Management Daemon...
Aug 24 16:34:55 witherspoon systemd[1]: Starting Phosphor Dump Manager...
Aug 24 16:34:55 witherspoon systemd[1]: Started Phosphor Console Muxer listening on device /dev/ttyVUART0.
Aug 24 16:34:55 witherspoon systemd[1]: Starting Avahi mDNS/DNS-SD Stack...
Aug 24 16:34:55 witherspoon systemd[1]: Starting Phosphor Inventory Manager...
Aug 24 16:34:56 witherspoon systemd[1]: Starting Phosphor User Manager...
Aug 24 16:34:56 witherspoon systemd[1]: Started Kernel Logging Service.
Aug 24 16:34:56 witherspoon systemd[1]: Started Phosphor sysfs LED controller.
Aug 24 16:34:56 witherspoon systemd[1]: Starting Phosphor Chassis0 Control...
Aug 24 16:34:56 witherspoon systemd[1]: Starting Remount the squashfs and ubi volumes after a reboot...
Aug 24 16:34:56 witherspoon systemd[1]: Started Phosphor sysfs LED controller.
Aug 24 16:34:56 witherspoon systemd[1]: Started System Logging Service.
Aug 24 16:34:56 witherspoon systemd[1]: Starting Phosphor Inventory Manager...
Aug 24 16:34:56 witherspoon systemd[1]: Started Phosphor sysfs LED controller.
Aug 24 16:34:56 witherspoon systemd[1]: Starting Phosphor Log Manager...
Aug 24 16:34:56 witherspoon systemd[1]: Starting Phosphor Download Manager...
Aug 24 16:34:56 witherspoon systemd[1]: Started Phosphor sysfs LED controller.
Aug 24 16:34:56 witherspoon systemd[1]: Starting OpenBMC Software Update Manager...
Aug 24 16:34:56 witherspoon systemd[1]: Started Phosphor sysfs LED controller.
Aug 24 16:34:56 witherspoon systemd[1]: Reached target Containers.
Aug 24 16:34:56 witherspoon systemd[1]: Started Phosphor sysfs LED controller.
Aug 24 16:34:57 witherspoon systemd[1]: Starting Phosphor DBus Service Discovery Manager...
Aug 24 16:34:57 witherspoon systemd[1]: Starting Phosphor Network Manager...
Aug 24 16:34:57 witherspoon systemd[1]: Started Phosphor sysfs LED controller.
Aug 24 16:34:57 witherspoon systemd[1]: Starting Phosphor BMC0 Control...
Aug 24 16:34:57 witherspoon systemd[1]: Started D-Bus System Message Bus.
Aug 24 16:34:58 witherspoon kernel: ubi7: default fastmap pool size: 100
Aug 24 16:34:58 witherspoon kernel: ubi7: default fastmap WL pool size: 50
Aug 24 16:34:58 witherspoon kernel: ubi7: attaching mtd7
Aug 24 16:34:58 witherspoon obmc-flash-bios[946]: '/var/lib/phosphor-software-manager/pnor/ro' -> '/media/pnor-ro-2b6dcac8'
Aug 24 16:35:00 witherspoon obmc-flash-bios[946]: '/var/lib/phosphor-software-manager/pnor/rw' -> '/media/pnor-rw-2b6dcac8'
Aug 24 16:35:01 witherspoon avahi-daemon[951]: Found user 'avahi' (UID 999) and group 'avahi' (GID 999).
Aug 24 16:35:01 witherspoon avahi-daemon[951]: Successfully dropped root privileges.
Aug 24 16:35:01 witherspoon avahi-daemon[951]: avahi-daemon 0.6.32 starting up.
Aug 24 16:35:01 witherspoon kernel[954]: klogd started: BusyBox v1.24.1 (2017-06-16 19:29:08 UTC)
Aug 24 16:35:01 witherspoon kernel[954]: [    0.000000] Booting Linux on physical CPU 0x0
Aug 24 16:35:01 witherspoon kernel[954]: [    0.000000] Linux version 4.10.17-1a4df30c39cf5ee0e3d2528c409787ccbb4a672a (jenkins@openbmc-builder1) (gcc version 6.2.0 (GCC) ) #1 Thu Aug 24 14:30:43 UTC 2017
Aug 24 16:35:01 witherspoon kernel[954]: [    0.000000] CPU: ARMv6-compatible processor [410fb767] revision 7 (ARMv7), cr=00c5387d
Aug 24 16:35:01 witherspoon kernel[954]: [    0.000000] CPU: PIPT / VIPT nonaliasing data cache, VIPT nonaliasing instruction cache
Aug 24 16:35:01 witherspoon kernel[954]: [    0.000000] OF: fdt:Machine model: Witherspoon BMC
Aug 24 16:35:01 witherspoon kernel[954]: [    0.000000] Memory policy: Data cache writeback
Aug 24 16:35:01 witherspoon kernel[954]: [    0.000000] SOC Rev: 04030303
Aug 24 16:35:01 witherspoon kernel[954]: [    0.000000] On node 0 totalpages: 110592
Aug 24 16:35:01 witherspoon kernel[954]: [    0.000000] free_area_init_node: node 0, pgdat 80601864, node_mem_map 9ec1a000
Aug 24 16:35:01 witherspoon kernel[954]: [    0.000000]   Normal zone: 992 pages used for memmap
Aug 24 16:35:01 witherspoon kernel[954]: [    0.000000]   Normal zone: 0 pages reserved
Aug 24 16:35:01 witherspoon kernel[954]: [    0.000000]   Normal zone: 110592 pages, LIFO batch:31
Aug 24 16:35:01 witherspoon kernel[954]: [    0.000000] pcpu-alloc: s0 r0 d32768 u32768 alloc=1*32768
Aug 24 16:35:01 witherspoon kernel[954]: [    0.000000] pcpu-alloc: [0] 0
Aug 24 16:35:01 witherspoon kernel[954]: [    0.000000] Built 1 zonelists in Zone order, mobility grouping on.  Total pages: 109600
Aug 24 16:35:01 witherspoon kernel[954]: [    0.000000] Kernel command line: console=ttyS4,115200n8 root=/dev/ram rw
Aug 24 16:35:01 witherspoon kernel[954]: [    0.000000] PID hash table entries: 2048 (order: 1, 8192 bytes)
Aug 24 16:35:01 witherspoon kernel[954]: [    0.000000] Dentry cache hash table entries: 65536 (order: 6, 262144 bytes)
Aug 24 16:35:01 witherspoon kernel[954]: [    0.000000] Inode-cache hash table entries: 32768 (order: 5, 131072 bytes)
Aug 24 16:35:01 witherspoon kernel[954]: [    0.000000] Memory: 430420K/442368K available (4074K kernel code, 281K rwdata, 1196K rodata, 280K init, 111K bss, 11948K reserved, 0K cma-reserved)
Aug 24 16:35:01 witherspoon kernel[954]: [    0.000000] Virtual kernel memory layout:
Aug 24 16:35:01 witherspoon kernel[954]: [    0.000000]     vector  : 0xffff0000 - 0xffff1000   (   4 kB)
Aug 24 16:35:01 witherspoon kernel[954]: [    0.000000]     fixmap  : 0xffc00000 - 0xfff00000   (3072 kB)
Aug 24 16:35:01 witherspoon kernel[954]: [    0.000000]     vmalloc : 0x9f800000 - 0xff800000   (1536 MB)
Aug 24 16:35:01 witherspoon kernel[954]: [    0.000000]     lowmem  : 0x80000000 - 0x9f000000   ( 496 MB)
Aug 24 16:35:01 witherspoon kernel[954]: [    0.000000]       .text : 0x80008000 - 0x80402cb0   (4076 kB)
Aug 24 16:35:01 witherspoon kernel[954]: [    0.000000]       .init : 0x80588000 - 0x805ce000   ( 280 kB)
Aug 24 16:35:01 witherspoon kernel[954]: [    0.000000]       .data : 0x805ce000 - 0x80614710   ( 282 kB)
Aug 24 16:35:01 witherspoon kernel[954]: [    0.000000]        .bss : 0x80614710 - 0x806305b8   ( 112 kB)
Aug 24 16:35:01 witherspoon kernel[954]: [    0.000000] NR_IRQS:16 nr_irqs:16 16
Aug 24 16:35:01 witherspoon kernel[954]: [    0.000000] i2c controller registered, irq 16
Aug 24 16:35:01 witherspoon kernel[954]: [    0.000000] clocksource: moxart_timer: mask: 0xffffffff max_cycles: 0xffffffff, max_idle_ns: 77222644334 ns
Aug 24 16:35:01 witherspoon kernel[954]: [    0.000000] sched_clock: 32 bits at 100 Hz, resolution 10000000ns, wraps every 21474836475000000ns
Aug 24 16:35:01 witherspoon kernel[954]: [    0.090000] Calibrating delay loop... 789.70 BogoMIPS (lpj=3948544)
Aug 24 16:35:01 witherspoon kernel[954]: [    0.090000] pid_max: default: 32768 minimum: 301
Aug 24 16:35:01 witherspoon kernel[954]: [    0.090000] Mount-cache hash table entries: 1024 (order: 0, 4096 bytes)
Aug 24 16:35:01 witherspoon kernel[954]: [    0.090000] Mountpoint-cache hash table entries: 1024 (order: 0, 4096 bytes)
Aug 24 16:35:01 witherspoon kernel[954]: [    0.090000] CPU: Testing write buffer coherency: ok
Aug 24 16:35:01 witherspoon kernel[954]: [    0.090000] ftrace: allocating 14972 entries in 44 pages
Aug 24 16:35:01 witherspoon kernel[954]: [    0.120000] Setting up static identity map for 0x80008200 - 0x8000825c
Aug 24 16:35:01 witherspoon kernel[954]: [    0.120000] devtmpfs: initialized
Aug 24 16:35:01 witherspoon kernel[954]: [    0.140000] clocksource: jiffies: mask: 0xffffffff max_cycles: 0xffffffff, max_idle_ns: 19112604462750000 ns
Aug 24 16:35:01 witherspoon kernel[954]: [    0.140000] futex hash table entries: 256 (order: -1, 3072 bytes)
Aug 24 16:35:01 witherspoon kernel[954]: [    0.140000] pinctrl core: initialized pinctrl subsystem
Aug 24 16:35:01 witherspoon kernel[954]: [    0.140000] NET: Registered protocol family 16
Aug 24 16:35:01 witherspoon kernel[954]: [    0.150000] DMA: preallocated 256 KiB pool for atomic coherent allocations
Aug 24 16:35:01 witherspoon kernel[954]: [    0.220000] usbcore: registered new interface driver usbfs
Aug 24 16:35:01 witherspoon kernel[954]: [    0.220000] usbcore: registered new interface driver hub
Aug 24 16:35:01 witherspoon kernel[954]: [    0.220000] usbcore: registered new device driver usb
Aug 24 16:35:01 witherspoon kernel[954]: [    0.220000] clocksource: Switched to clocksource moxart_timer
Aug 24 16:35:01 witherspoon kernel[954]: [    0.230000] NET: Registered protocol family 2
Aug 24 16:35:01 witherspoon kernel[954]: [    0.230000] TCP established hash table entries: 4096 (order: 2, 16384 bytes)
Aug 24 16:35:01 witherspoon kernel[954]: [    0.230000] TCP bind hash table entries: 4096 (order: 2, 16384 bytes)
Aug 24 16:35:01 witherspoon kernel[954]: [    0.230000] TCP: Hash tables configured (established 4096 bind 4096)
Aug 24 16:35:01 witherspoon kernel[954]: [    0.230000] UDP hash table entries: 256 (order: 0, 4096 bytes)
Aug 24 16:35:01 witherspoon kernel[954]: [    0.230000] UDP-Lite hash table entries: 256 (order: 0, 4096 bytes)
Aug 24 16:35:01 witherspoon kernel[954]: [    0.230000] NET: Registered protocol family 1
Aug 24 16:35:01 witherspoon kernel[954]: [    0.240000] Trying to unpack rootfs image as initramfs...
Aug 24 16:35:01 witherspoon kernel[954]: [    1.910000] Freeing initrd memory: 1548K
Aug 24 16:35:01 witherspoon kernel[954]: [    1.910000] workingset: timestamp_bits=30 max_order=17 bucket_order=0
Aug 24 16:35:01 witherspoon kernel[954]: [    1.910000] squashfs: version 4.0 (2009/01/31) Phillip Lougher
Aug 24 16:35:01 witherspoon kernel[954]: [    1.910000] jffs2: version 2.2. (SUMMARY)  © 2001-2006 Red Hat, Inc.
Aug 24 16:35:01 witherspoon kernel[954]: [    1.910000] Block layer SCSI generic (bsg) driver version 0.4 loaded (major 250)
Aug 24 16:35:01 witherspoon kernel[954]: [    1.910000] io scheduler noop registered
Aug 24 16:35:01 witherspoon kernel[954]: [    1.910000] io scheduler deadline registered
Aug 24 16:35:01 witherspoon kernel[954]: [    1.910000] io scheduler cfq registered (default)
Aug 24 16:35:01 witherspoon kernel[954]: [    2.060000] ipmi-bt-host 1e789140.ibt: Found bt bmc device
Aug 24 16:35:01 witherspoon kernel[954]: [    2.060000] ipmi-bt-host 1e789140.ibt: Using IRQ 22
Aug 24 16:35:01 witherspoon kernel[954]: [    2.060000] Serial: 8250/16550 driver, 6 ports, IRQ sharing enabled
Aug 24 16:35:01 witherspoon kernel[954]: [    2.060000] 1e787000.vuart: ttyS0 at MMIO 0x1e787000 (irq = 22, base_baud = 1500000) is a 16550A
Aug 24 16:35:01 witherspoon kernel[954]: [    2.060000] 1e783000.serial: ttyS1 at MMIO 0x1e783000 (irq = 23, base_baud = 1500000) is a 16550A
Aug 24 16:35:01 witherspoon kernel[954]: [    2.060000] 1e78d000.serial: ttyS2 at MMIO 0x1e78d000 (irq = 24, base_baud = 1500000) is a 16550A
Aug 24 16:35:01 witherspoon kernel[954]: [    2.060000] 1e784000.serial: ttyS4 at MMIO 0x1e784000 (irq = 25, base_baud = 1500000) is a 16550A
Aug 24 16:35:01 witherspoon kernel[954]: [    2.410000] console [ttyS4] enabled
Aug 24 16:35:01 witherspoon kernel[954]: [    2.600000] timeriomem_rng 1e6e2078.hwrng: 32bits from 0xf00e2078 @ 1us
Aug 24 16:35:01 witherspoon kernel[954]: [    2.620000] random: fast init done
Aug 24 16:35:01 witherspoon kernel[954]: [    2.650000] brd: module loaded
Aug 24 16:35:01 witherspoon kernel[954]: [    2.670000] loop: module loaded
Aug 24 16:35:01 witherspoon kernel[954]: [    2.680000] aspeed-lpc-ctrl 1e789080.lpc-ctrl: Loaded at 0x98000000 (0x04000000)
Aug 24 16:35:01 witherspoon kernel[954]: [    2.690000] aspeed-smc 1e620000.flash-controller: Using IRQ 18
Aug 24 16:35:01 witherspoon kernel[954]: [    2.690000] aspeed-smc 1e620000.flash-controller: DMA support disabled.
Aug 24 16:35:01 witherspoon kernel[954]: [    2.700000] aspeed-smc 1e620000.flash-controller: mx25l25635e (32768 Kbytes)
Aug 24 16:35:01 witherspoon kernel[954]: [    2.700000] aspeed-smc 1e620000.flash-controller: CE0 window [ 0x20000000 - 0x22000000 ] 32MB
Aug 24 16:35:01 witherspoon kernel[954]: [    2.700000] aspeed-smc 1e620000.flash-controller: CE1 window [ 0x22000000 - 0x2a000000 ] 128MB
Aug 24 16:35:01 witherspoon kernel[954]: [    2.730000] 5 ofpart partitions found on MTD device bmc
Aug 24 16:35:03 witherspoon kernel: ubi7: scanning is finished
Aug 24 16:35:03 witherspoon kernel: ubi7: attached mtd7 (name "pnor", size 128 MiB)
Aug 24 16:35:03 witherspoon kernel: ubi7: PEB size: 65536 bytes (64 KiB), LEB size: 65408 bytes
Aug 24 16:35:03 witherspoon kernel: ubi7: min./max. I/O unit sizes: 1/256, sub-page size 1
Aug 24 16:35:03 witherspoon kernel: ubi7: VID header offset: 64 (aligned 64), data offset: 128
Aug 24 16:35:03 witherspoon kernel: ubi7: good PEBs: 2048, bad PEBs: 0, corrupted PEBs: 0
Aug 24 16:35:03 witherspoon kernel: ubi7: user volume: 3, internal volumes: 1, max. volumes count: 128
Aug 24 16:35:03 witherspoon kernel: ubi7: max/mean erase counter: 1/0, WL threshold: 4096, image sequence number: 1676310779
Aug 24 16:35:03 witherspoon kernel: ubi7: available PEBs: 1367, total reserved PEBs: 681, PEBs reserved for bad PEB handling: 0
Aug 24 16:35:03 witherspoon kernel: ubi7: background thread "ubi_bgt7d" started, PID 1005
Aug 24 16:35:01 witherspoon kernel[954]: [    2.730000] Creating 5 MTD partitions on "bmc":
Aug 24 16:35:03 witherspoon obmc-flash-bios[957]: UBI device number 7, total 2048 LEBs (133955584 bytes, 127.8 MiB), available 1367 LEBs (89412736 bytes, 85.3 MiB), LEB size 65408 bytes (63.9 KiB)
Aug 24 16:35:01 witherspoon kernel[954]: [    2.740000] 0x000000000000-0x000000060000 : "u-boot"
Aug 24 16:35:01 witherspoon kernel[954]: [    2.740000] 0x000000060000-0x000000080000 : "u-boot-env"
Aug 24 16:35:01 witherspoon kernel[954]: [    2.760000] random: crng init done
Aug 24 16:35:01 witherspoon kernel[954]: [    2.760000] 0x000000080000-0x0000004c0000 : "kernel"
Aug 24 16:35:01 witherspoon kernel[954]: [    2.780000] 0x0000004c0000-0x000001c00000 : "rofs"
Aug 24 16:35:01 witherspoon kernel[954]: [    2.780000] 0x000001c00000-0x000002000000 : "rwfs"
Aug 24 16:35:01 witherspoon kernel[954]: [    2.800000] aspeed-smc 1e620000.flash-controller: mx25l25635e (32768 Kbytes)
Aug 24 16:35:01 witherspoon kernel[954]: [    2.800000] aspeed-smc 1e620000.flash-controller: CE1 window [ 0x22000000 - 0x24000000 ] 32MB
Aug 24 16:35:01 witherspoon kernel[954]: [    2.810000] aspeed-smc 1e620000.flash-controller: CE2 window [ 0x24000000 - 0x2c000000 ] 128MB
Aug 24 16:35:01 witherspoon kernel[954]: [    2.810000] aspeed-smc 1e630000.flash-controller: mx66l1g45g (131072 Kbytes)
Aug 24 16:35:01 witherspoon kernel[954]: [    2.830000] aspeed-smc 1e630000.flash-controller: CE0 window resized to 120MB (AST2500 HW quirk)
Aug 24 16:35:01 witherspoon kernel[954]: [    2.830000] aspeed-smc 1e630000.flash-controller: CE0 window [ 0x30000000 - 0x37800000 ] 120MB
Aug 24 16:35:01 witherspoon kernel[954]: [    2.830000] aspeed-smc 1e630000.flash-controller: CE0 window too small for chip 128MB
Aug 24 16:35:01 witherspoon kernel[954]: [    2.860000] aspeed-smc 1e630000.flash-controller: CE1 window [ 0x37800000 - 0x38000000 ] 8MB
Aug 24 16:35:01 witherspoon kernel[954]: [    3.580000] libphy: Fixed MDIO Bus: probed
Aug 24 16:35:01 witherspoon kernel[954]: [    3.580000] ftgmac100 1e660000.ethernet: Read MAC address 70:e2:84:14:23:e1 from chip
Aug 24 16:35:01 witherspoon kernel[954]: [    3.580000] ftgmac100 1e660000.ethernet: Using NCSI interface
Aug 24 16:35:01 witherspoon kernel[954]: [    3.580000] ftgmac100 1e660000.ethernet eth0: irq 20, mapped at f0060000
Aug 24 16:35:01 witherspoon kernel[954]: [    3.670000] ehci_hcd: USB 2.0 'Enhanced' Host Controller (EHCI) Driver
Aug 24 16:35:01 witherspoon kernel[954]: [    3.670000] ehci-platform: EHCI generic platform driver
Aug 24 16:35:01 witherspoon kernel[954]: [    3.830000]  fsi0: can't read slave 00:00 -5
Aug 24 16:35:01 witherspoon kernel[954]: [    3.830000] i2c /dev entries driver
Aug 24 16:35:01 witherspoon kernel[954]: [    3.830000] aspeed-i2c-bus 1e78a0c0.i2c-bus: i2c bus 2 registered, irq 26
Aug 24 16:35:01 witherspoon kernel[954]: [    3.830000] aspeed-i2c-bus 1e78a100.i2c-bus: i2c bus 3 registered, irq 27
Aug 24 16:35:01 witherspoon kernel[954]: [    3.830000] aspeed-i2c-bus 1e78a140.i2c-bus: i2c bus 4 registered, irq 28
Aug 24 16:35:01 witherspoon kernel[954]: [    3.830000] aspeed-i2c-bus 1e78a180.i2c-bus: i2c bus 5 registered, irq 29
Aug 24 16:35:01 witherspoon kernel[954]: [    3.830000] aspeed-i2c-bus 1e78a380.i2c-bus: i2c bus 9 registered, irq 30
Aug 24 16:35:01 witherspoon kernel[954]: [    3.830000] aspeed-i2c-bus 1e78a3c0.i2c-bus: i2c bus 10 registered, irq 31
Aug 24 16:35:01 witherspoon kernel[954]: [    3.830000] rtc-rv8803 11-0032: Voltage low, temperature compensation stopped.
Aug 24 16:35:01 witherspoon kernel[954]: [    3.830000] rtc-rv8803 11-0032: An alarm maybe have been missed.
Aug 24 16:35:01 witherspoon kernel[954]: [    3.940000] rtc-rv8803 11-0032: rtc core: registered rx8900 as rtc0
Aug 24 16:35:01 witherspoon kernel[954]: [    3.950000] at24 11-0051: 8192 byte 24c64 EEPROM, writable, 1 bytes/write
Aug 24 16:35:01 witherspoon kernel[954]: [    3.950000] aspeed-i2c-bus 1e78a400.i2c-bus: i2c bus 11 registered, irq 32
Aug 24 16:35:01 witherspoon kernel[954]: [    3.950000] aspeed-i2c-bus 1e78a440.i2c-bus: i2c bus 12 registered, irq 33
Aug 24 16:35:01 witherspoon kernel[954]: [    3.950000] aspeed-i2c-bus 1e78a480.i2c-bus: i2c bus 13 registered, irq 34
Aug 24 16:35:01 witherspoon kernel[954]: [    3.950000] Driver for 1-wire Dallas network protocol.
Aug 24 16:35:01 witherspoon kernel[954]: [    3.950000] lm75 9-004a: hwmon0: sensor 'tmp275'
Aug 24 16:35:01 witherspoon kernel[954]: [    5.720000] ucd9000 11-0064: Device ID UCD90160|2.3.4.0000|110603
Aug 24 16:35:01 witherspoon kernel[954]: [    6.390000] leds-pca955x 3-0060: leds-pca955x: Using pca9552 16-bit LED driver at slave address 0x60
Aug 24 16:35:01 witherspoon kernel[954]: [    6.410000] leds-pca955x 3-0060: gpios 264...279
Aug 24 16:35:01 witherspoon kernel[954]: [    6.410000] leds-pca955x 11-0060: leds-pca955x: Using pca9552 16-bit LED driver at slave address 0x60
Aug 24 16:35:01 witherspoon kernel[954]: [    6.420000] leds-pca955x 11-0060: gpios 248...263
Aug 24 16:35:01 witherspoon kernel[954]: [    6.430000] usbcore: registered new interface driver usbhid
Aug 24 16:35:01 witherspoon kernel[954]: [    6.430000] usbhid: USB HID core driver
Aug 24 16:35:01 witherspoon kernel[954]: [    6.480000] NET: Registered protocol family 10
Aug 24 16:35:01 witherspoon kernel[954]: [    6.480000] Segment Routing with IPv6
Aug 24 16:35:01 witherspoon kernel[954]: [    6.490000] NET: Registered protocol family 17
Aug 24 16:35:01 witherspoon kernel[954]: [    6.490000] 8021q: 802.1Q VLAN Support v1.8
Aug 24 16:35:01 witherspoon kernel[954]: [    6.510000] input: gpio-keys-polled as /devices/platform/gpio-keys-polled/input/input1
Aug 24 16:35:01 witherspoon kernel[954]: [    6.530000] console [netcon0] enabled
Aug 24 16:35:01 witherspoon kernel[954]: [    6.540000] netconsole: network logging started
Aug 24 16:35:01 witherspoon kernel[954]: [    6.540000] input: gpio-keys as /devices/platform/gpio-keys/input/input2
Aug 24 16:35:01 witherspoon kernel[954]: [    6.550000] rtc-rv8803 11-0032: setting system clock to 2017-08-24 16:34:42 UTC (1503592482)
Aug 24 16:35:01 witherspoon kernel[954]: [    6.560000] Freeing unused kernel memory: 280K
Aug 24 16:35:01 witherspoon kernel[954]: [    6.560000] This architecture does not have kernel memory protection.
Aug 24 16:35:01 witherspoon kernel[954]: [    7.990000] jffs2: notice: (540) jffs2_build_xattr_subsystem: complete building xattr subsystem, 1 of xdatum (0 unchecked, 0 orphan) and 11 of xref (0 dead, 1 orphan) found.
Aug 24 16:35:01 witherspoon kernel[954]: [   10.160000] systemd[1]: Failed to insert module 'autofs4': No such file or directory
Aug 24 16:35:01 witherspoon kernel[954]: [   10.350000] systemd[1]: systemd 232 running in system mode. (+PAM -AUDIT -SELINUX -IMA -APPARMOR -SMACK +SYSVINIT -UTMP -LIBCRYPTSETUP -GCRYPT -GNUTLS +ACL +XZ -LZ4 -SECCOMP +BLKID -ELFUTILS +KMOD -IDN)
Aug 24 16:35:01 witherspoon kernel[954]: [   10.350000] systemd[1]: Detected architecture arm.
Aug 24 16:35:01 witherspoon kernel[954]: [   10.460000] systemd[1]: Set hostname to <witherspoon>.
Aug 24 16:35:01 witherspoon kernel[954]: [   11.760000] systemd[1]: [/lib/systemd/system/obmc-flash-bios-updatesymlinks.service:9] Unknown lvalue 'WantedBy' in section 'Service'
Aug 24 16:35:01 witherspoon kernel[954]: [   12.040000] systemd[1]: Reached target Remote File Systems.
Aug 24 16:35:01 witherspoon kernel[954]: [   12.220000] systemd[1]: Listening on Journal Socket.
Aug 24 16:35:01 witherspoon kernel[954]: [   12.260000] systemd[1]: Listening on /dev/initctl Compatibility Named Pipe.
Aug 24 16:35:01 witherspoon kernel[954]: [   12.300000] systemd[1]: Listening on Syslog Socket.
Aug 24 16:35:01 witherspoon kernel[954]: [   12.330000] systemd[1]: Started Dispatch Password Requests to Console Directory Watch.
Aug 24 16:35:01 witherspoon kernel[954]: [   12.370000] systemd[1]: Listening on udev Control Socket.
Aug 24 16:35:01 witherspoon kernel[954]: [   14.680000] systemd-journald[558]: Received request to flush runtime journal from PID 1
Aug 24 16:35:01 witherspoon kernel[954]: [   22.360000] ubi7: default fastmap pool size: 100
Aug 24 16:35:01 witherspoon kernel[954]: [   22.360000] ubi7: default fastmap WL pool size: 50
Aug 24 16:35:01 witherspoon kernel[954]: [   22.360000] ubi7: attaching mtd7
Aug 24 16:35:03 witherspoon kernel[954]: [   27.240000] ubi7: scanning is finished
Aug 24 16:35:03 witherspoon kernel[954]: [   27.240000] ubi7: attached mtd7 (name "pnor", size 128 MiB)
Aug 24 16:35:03 witherspoon kernel[954]: [   27.240000] ubi7: PEB size: 65536 bytes (64 KiB), LEB size: 65408 bytes
Aug 24 16:35:03 witherspoon kernel[954]: [   27.240000] ubi7: min./max. I/O unit sizes: 1/256, sub-page size 1
Aug 24 16:35:03 witherspoon kernel[954]: [   27.240000] ubi7: VID header offset: 64 (aligned 64), data offset: 128
Aug 24 16:35:03 witherspoon kernel[954]: [   27.240000] ubi7: good PEBs: 2048, bad PEBs: 0, corrupted PEBs: 0
Aug 24 16:35:03 witherspoon kernel[954]: [   27.240000] ubi7: user volume: 3, internal volumes: 1, max. volumes count: 128
Aug 24 16:35:03 witherspoon kernel[954]: [   27.240000] ubi7: max/mean erase counter: 1/0, WL threshold: 4096, image sequence number: 1676310779
Aug 24 16:35:03 witherspoon kernel[954]: [   27.240000] ubi7: available PEBs: 1367, total reserved PEBs: 681, PEBs reserved for bad PEB handling: 0
Aug 24 16:35:03 witherspoon kernel[954]: [   27.240000] ubi7: background thread "ubi_bgt7d" started, PID 1005
Aug 24 16:35:03 witherspoon avahi-daemon[951]: Successfully called chroot().
Aug 24 16:35:03 witherspoon avahi-daemon[951]: Successfully dropped remaining capabilities.
Aug 24 16:35:03 witherspoon avahi-daemon[951]: Loading service file /services/obmc_console.service.
Aug 24 16:35:03 witherspoon avahi-daemon[951]: Loading service file /services/phosphor_rest.service.
Aug 24 16:35:03 witherspoon avahi-daemon[951]: Loading service file /services/sftp-ssh.service.
Aug 24 16:35:03 witherspoon avahi-daemon[951]: Loading service file /services/sftp.service.
Aug 24 16:35:03 witherspoon avahi-daemon[951]: Loading service file /services/ssh.service.
Aug 24 16:35:03 witherspoon avahi-daemon[951]: Network interface enumeration completed.
Aug 24 16:35:03 witherspoon avahi-daemon[951]: Server startup complete. Host name is witherspoon.local. Local service cookie is 4002748860.
Aug 24 16:35:03 witherspoon avahi-daemon[951]: Service "witherspoon" (/services/ssh.service) successfully established.
Aug 24 16:35:03 witherspoon avahi-daemon[951]: Service "sftp" (/services/sftp.service) successfully established.
Aug 24 16:35:03 witherspoon avahi-daemon[951]: Service "witherspoon" (/services/sftp-ssh.service) successfully established.
Aug 24 16:35:03 witherspoon avahi-daemon[951]: Service "phosphor_rest" (/services/phosphor_rest.service) successfully established.
Aug 24 16:35:03 witherspoon avahi-daemon[951]: Service "obmc_console" (/services/obmc_console.service) successfully established.
Aug 24 16:35:08 witherspoon kernel: UBIFS (ubi7:0): UBIFS: mounted UBI device 7, volume 0, name "pnor-rw-fd2cbe15"
Aug 24 16:35:08 witherspoon kernel: UBIFS (ubi7:0): LEB size: 65408 bytes (63 KiB), min./max. I/O unit sizes: 8 bytes/256 bytes
Aug 24 16:35:08 witherspoon kernel: UBIFS (ubi7:0): FS size: 16155776 bytes (15 MiB, 247 LEBs), journal size 784896 bytes (0 MiB, 12 LEBs)
Aug 24 16:35:08 witherspoon kernel: UBIFS (ubi7:0): reserved for root: 763076 bytes (745 KiB)
Aug 24 16:35:08 witherspoon kernel: UBIFS (ubi7:0): media format: w5/r0 (latest is w5/r0), UUID B6ED4420-F9DF-4201-BBA1-FE8997082B26, small LPT model
Aug 24 16:35:08 witherspoon kernel: UBIFS (ubi7:0): background thread "ubifs_bgt7_0" started, PID 1014
Aug 24 16:35:08 witherspoon systemd[1]: Started Phosphor Download Manager.
Aug 24 16:35:04 witherspoon kernel[954]: [   28.440000] UBIFS (ubi7:0): UBIFS: mounted UBI device 7, volume 0, name "pnor-rw-fd2cbe15"
Aug 24 16:35:04 witherspoon kernel[954]: [   28.440000] UBIFS (ubi7:0): LEB size: 65408 bytes (63 KiB), min./max. I/O unit sizes: 8 bytes/256 bytes
Aug 24 16:35:04 witherspoon kernel[954]: [   28.440000] UBIFS (ubi7:0): FS size: 16155776 bytes (15 MiB, 247 LEBs), journal size 784896 bytes (0 MiB, 12 LEBs)
Aug 24 16:35:04 witherspoon kernel[954]: [   28.440000] UBIFS (ubi7:0): reserved for root: 763076 bytes (745 KiB)
Aug 24 16:35:04 witherspoon kernel[954]: [   28.440000] UBIFS (ubi7:0): media format: w5/r0 (latest is w5/r0), UUID B6ED4420-F9DF-4201-BBA1-FE8997082B26, small LPT model
Aug 24 16:35:05 witherspoon kernel[954]: [   28.870000] UBIFS (ubi7:0): background thread "ubifs_bgt7_0" started, PID 1014
Aug 24 16:35:08 witherspoon dbus[972]: [system] Successfully activated service 'org.freedesktop.systemd1'
Aug 24 16:35:08 witherspoon systemd[1]: Started Avahi mDNS/DNS-SD Stack.
Aug 24 16:35:08 witherspoon systemd[1]: Started Phosphor Log Manager.
Aug 24 16:35:08 witherspoon systemd[1]: Started Phosphor Inventory Manager.
Aug 24 16:35:09 witherspoon systemd[1]: Started Phosphor LED Group Management Daemon.
Aug 24 16:35:09 witherspoon systemd[1]: Starting Network Service...
Aug 24 16:35:09 witherspoon systemd[1]: Started Phosphor sysfs LED controller.
Aug 24 16:35:10 witherspoon systemd[1]: Starting Phosphor Download Manager...
Aug 24 16:35:10 witherspoon systemd[1]: Started Phosphor Dump core monitor..
Aug 24 16:35:10 witherspoon systemd[1]: Started Phosphor sysfs LED controller.
Aug 24 16:35:10 witherspoon systemd-networkd[1023]: Enumeration completed
Aug 24 16:35:10 witherspoon systemd[1]: Starting Phosphor Settings Daemon...
Aug 24 16:35:10 witherspoon systemd[1]: Started Phosphor sysfs LED controller.
Aug 24 16:35:10 witherspoon systemd[1]: Starting Phosphor IPMI BT DBus Bridge...
Aug 24 16:35:10 witherspoon systemd[1]: Started Hardware RNG Entropy Gatherer Daemon.
Aug 24 16:35:10 witherspoon systemd-networkd[1023]: eth0: IPv6 enabled for interface: Success
Aug 24 16:35:11 witherspoon kernel: 8021q: adding VLAN 0 to HW filter on device eth0
Aug 24 16:35:11 witherspoon avahi-daemon[951]: Joining mDNS multicast group on interface eth0.IPv4 with address 9.3.86.161.
Aug 24 16:35:10 witherspoon systemd[1]: Starting Clear one time boot overrides...
Aug 24 16:35:11 witherspoon avahi-daemon[951]: New relevant interface eth0.IPv4 for mDNS.
Aug 24 16:35:10 witherspoon systemd[1]: Reached target System Time Synchronized.
Aug 24 16:35:11 witherspoon avahi-daemon[951]: Registering new address record for 9.3.86.161 on eth0.IPv4.
Aug 24 16:35:11 witherspoon systemd-networkd[1023]: eth0: Gained carrier
Aug 24 16:35:11 witherspoon kernel[954]: [   35.050000] 8021q: adding VLAN 0 to HW filter on device eth0
Aug 24 16:35:11 witherspoon systemd-timesyncd[699]: Network configuration changed, trying to establish connection.
Aug 24 16:35:11 witherspoon systemd[1]: Started Network Service.
Aug 24 16:35:12 witherspoon systemd[1]: Started Updates symlinks for active PNOR version.
Aug 24 16:35:12 witherspoon systemd[1]: Started Clear one time boot overrides.
Aug 24 16:35:12 witherspoon systemd[1]: Started Phosphor BMC0 Control.
Aug 24 16:35:12 witherspoon systemd[1]: Started Phosphor IPMI BT DBus Bridge.
Aug 24 16:35:12 witherspoon systemd[1]: Started Phosphor Settings Daemon.
Aug 24 16:35:12 witherspoon systemd[1]: Started OpenBMC Software Update Manager.
Aug 24 16:35:12 witherspoon systemd[1]: Reached target Network.
Aug 24 16:35:12 witherspoon systemd[1]: Started Lightweight SLP Server.
Aug 24 16:35:12 witherspoon systemd[1]: Starting Permit User Sessions...
Aug 24 16:35:12 witherspoon avahi-daemon[951]: Joining mDNS multicast group on interface eth0.IPv6 with address fe80::72e2:84ff:fe14:23e1.
Aug 24 16:35:12 witherspoon systemd-networkd[1023]: eth0: Gained IPv6LL
Aug 24 16:35:12 witherspoon avahi-daemon[951]: New relevant interface eth0.IPv6 for mDNS.
Aug 24 16:35:12 witherspoon avahi-daemon[951]: Registering new address record for fe80::72e2:84ff:fe14:23e1 on eth0.*.
Aug 24 16:35:12 witherspoon systemd[1]: Started Permit User Sessions.
Aug 24 16:35:12 witherspoon systemd[1]: Started Serial Getty on ttyS4.
Aug 24 16:35:12 witherspoon systemd[1]: Reached target Login Prompts.
Aug 24 16:35:12 witherspoon systemd[1]: Started Phosphor Dump Manager.
Aug 24 16:35:14 witherspoon kernel: ftgmac100 1e660000.ethernet eth0: ncsi: removed vlan tag 0 at index 1
Aug 24 16:35:14 witherspoon kernel: ftgmac100 1e660000.ethernet eth0: ncsi: removed vlan tag 0 at index 2
Aug 24 16:35:14 witherspoon kernel: ftgmac100 1e660000.ethernet eth0: no vlan ids left to set
Aug 24 16:35:14 witherspoon kernel: ftgmac100 1e660000.ethernet eth0: NCSI interface up
Aug 24 16:35:14 witherspoon kernel[954]: [   38.170000] ftgmac100 1e660000.ethernet eth0: ncsi: removed vlan tag 0 at index 1
Aug 24 16:35:14 witherspoon kernel[954]: [   38.170000] ftgmac100 1e660000.ethernet eth0: ncsi: removed vlan tag 0 at index 2
Aug 24 16:35:14 witherspoon kernel[954]: [   38.170000] ftgmac100 1e660000.ethernet eth0: no vlan ids left to set
Aug 24 16:35:14 witherspoon kernel[954]: [   38.170000] ftgmac100 1e660000.ethernet eth0: NCSI interface up
Aug 24 16:35:18 witherspoon systemd[1]: Created slice system-dropbear.slice.
Aug 24 16:35:18 witherspoon systemd[1]: Started SSH Per-Connection Server (9.41.165.94:48384).
Aug 24 16:35:18 witherspoon dropbear[1041]: Failed loading /etc/dropbear/dropbear_dss_host_key
Aug 24 16:35:18 witherspoon dropbear[1041]: Failed loading /etc/dropbear/dropbear_ecdsa_host_key
Aug 24 16:35:18 witherspoon dropbear[1041]: Child connection from ::ffff:9.41.165.94:48384
Aug 24 16:35:23 witherspoon kernel: block ubiblock7_1: created from ubi7:1(pnor-ro-fd2cbe15)
Aug 24 16:35:23 witherspoon kernel[954]: [   46.880000] block ubiblock7_1: created from ubi7:1(pnor-ro-fd2cbe15)
Aug 24 16:35:24 witherspoon dropbear[1041]: PAM password auth succeeded for 'root' from ::ffff:9.41.165.94:48384
Aug 24 16:35:24 witherspoon dropbear[1053]: lastlog_perform_login: Couldn't stat /var/log/lastlog: No such file or directory
Aug 24 16:35:24 witherspoon dropbear[1053]: lastlog_openseek: /var/log/lastlog is not a file or directory!
Aug 24 16:35:25 witherspoon systemd-networkd[1023]: eth0: Configured
Aug 24 16:35:25 witherspoon systemd-timesyncd[699]: Network configuration changed, trying to establish connection.
Aug 24 16:35:25 witherspoon systemd[1]: Started Phosphor Chassis0 Control.
Aug 24 16:35:25 witherspoon chassis_control.py[956]: Running ChassisControlService
Aug 24 16:35:25 witherspoon systemd[1]: Started Remount the squashfs and ubi volumes after a reboot.
Aug 24 16:35:25 witherspoon systemd[1]: Reached target Multi-User System.
Aug 24 16:35:25 witherspoon systemd[1]: Starting OpenPower Software Update Manager...
Aug 24 16:35:25 witherspoon kernel: UBIFS (ubi7:2): background thread "ubifs_bgt7_2" started, PID 1056
Aug 24 16:35:25 witherspoon kernel: UBIFS (ubi7:2): UBIFS: mounted UBI device 7, volume 2, name "pnor-prsv"
Aug 24 16:35:25 witherspoon kernel: UBIFS (ubi7:2): LEB size: 65408 bytes (63 KiB), min./max. I/O unit sizes: 8 bytes/256 bytes
Aug 24 16:35:25 witherspoon kernel: UBIFS (ubi7:2): FS size: 1504384 bytes (1 MiB, 23 LEBs), journal size 523265 bytes (0 MiB, 6 LEBs)
Aug 24 16:35:25 witherspoon kernel: UBIFS (ubi7:2): reserved for root: 71055 bytes (69 KiB)
Aug 24 16:35:25 witherspoon kernel: UBIFS (ubi7:2): media format: w5/r0 (latest is w5/r0), UUID FAF5289F-002B-4574-AA55-B6798932898D, small LPT model
Aug 24 16:35:25 witherspoon kernel[954]: [   49.560000] UBIFS (ubi7:2): background thread "ubifs_bgt7_2" started, PID 1056
Aug 24 16:35:25 witherspoon kernel[954]: [   49.560000] UBIFS (ubi7:2): UBIFS: mounted UBI device 7, volume 2, name "pnor-prsv"
Aug 24 16:35:25 witherspoon kernel[954]: [   49.560000] UBIFS (ubi7:2): LEB size: 65408 bytes (63 KiB), min./max. I/O unit sizes: 8 bytes/256 bytes
Aug 24 16:35:25 witherspoon kernel[954]: [   49.560000] UBIFS (ubi7:2): FS size: 1504384 bytes (1 MiB, 23 LEBs), journal size 523265 bytes (0 MiB, 6 LEBs)
Aug 24 16:35:25 witherspoon kernel[954]: [   49.560000] UBIFS (ubi7:2): reserved for root: 71055 bytes (69 KiB)
Aug 24 16:35:25 witherspoon kernel[954]: [   49.560000] UBIFS (ubi7:2): media format: w5/r0 (latest is w5/r0), UUID FAF5289F-002B-4574-AA55-B6798932898D, small LPT model
Aug 24 16:35:26 witherspoon openpower-update-manager[1057]: Error in reading file
Aug 24 16:35:26 witherspoon sensor_manager2.py[947]: Setting boot count to 3
Aug 24 16:35:26 witherspoon sensor_manager2.py[947]: Starting sensor manager
Aug 24 16:35:26 witherspoon obmc-phosphor-userd[953]: Started
Aug 24 16:35:27 witherspoon netman.py[969]: Started
Aug 24 16:35:27 witherspoon systemd[1]: Started Phosphor Sensor Manager.
Aug 24 16:35:27 witherspoon systemd[1]: Started Phosphor User Manager.
Aug 24 16:35:27 witherspoon systemd[1]: Started Phosphor Network Manager.
Aug 24 16:35:27 witherspoon systemd[1]: Started OpenPower Software Update Manager.
Aug 24 16:35:27 witherspoon systemd[1]: Starting Create a ubi volume for pnor patches...
Aug 24 16:35:27 witherspoon systemd[1]: Starting Phosphor Version Software Manager...
Aug 24 16:35:27 witherspoon systemd[1]: Started Phosphor MBOX Daemon.
Aug 24 16:35:27 witherspoon systemd[1]: Started Phosphor Version Software Manager.
Aug 24 16:35:28 witherspoon phosphor-mapper[968]: ObjectMapper startup complete.  Discovery in progress...
Aug 24 16:35:28 witherspoon obmc-flash-bios[1064]: Volume ID 3, size 257 LEBs (16809856 bytes, 16.0 MiB), LEB size 65408 bytes (63.9 KiB), dynamic, name "pnor-patch", alignment 1
Aug 24 16:35:29 witherspoon avahi-daemon[994]: ../../avahi-0.6.32/avahi-daemon/chroot.c: open() failed: No such file or directory
Aug 24 16:35:29 witherspoon avahi-daemon[951]: Failed to open /usr/share/dbus-1/interfaces/org.freedesktop.Avahi.Server.xml: Invalid argument
Aug 24 16:35:29 witherspoon avahi-daemon[951]: Failed to load introspection data.
Aug 24 16:35:29 witherspoon kernel: UBIFS (ubi7:3): default file-system created
Aug 24 16:35:29 witherspoon kernel: UBIFS (ubi7:3): UBIFS: mounted UBI device 7, volume 3, name "pnor-patch"
Aug 24 16:35:29 witherspoon kernel: UBIFS (ubi7:3): LEB size: 65408 bytes (63 KiB), min./max. I/O unit sizes: 8 bytes/256 bytes
Aug 24 16:35:29 witherspoon kernel: UBIFS (ubi7:3): FS size: 16155776 bytes (15 MiB, 247 LEBs), journal size 784896 bytes (0 MiB, 12 LEBs)
Aug 24 16:35:29 witherspoon kernel: UBIFS (ubi7:3): reserved for root: 763076 bytes (745 KiB)
Aug 24 16:35:29 witherspoon kernel: UBIFS (ubi7:3): media format: w5/r0 (latest is w5/r0), UUID E3773DBD-180A-48B8-865C-829BC3E9F825, small LPT model
Aug 24 16:35:29 witherspoon kernel[954]: [   53.240000] UBIFS (ubi7:3): default file-system created
Aug 24 16:35:29 witherspoon kernel[954]: [   53.240000] UBIFS (ubi7:3): UBIFS: mounted UBI device 7, volume 3, name "pnor-patch"
Aug 24 16:35:29 witherspoon kernel[954]: [   53.240000] UBIFS (ubi7:3): LEB size: 65408 bytes (63 KiB), min./max. I/O unit sizes: 8 bytes/256 bytes
Aug 24 16:35:29 witherspoon kernel[954]: [   53.240000] UBIFS (ubi7:3): FS size: 16155776 bytes (15 MiB, 247 LEBs), journal size 784896 bytes (0 MiB, 12 LEBs)
Aug 24 16:35:29 witherspoon kernel[954]: [   53.240000] UBIFS (ubi7:3): reserved for root: 763076 bytes (745 KiB)
Aug 24 16:35:29 witherspoon kernel[954]: [   53.240000] UBIFS (ubi7:3): media format: w5/r0 (latest is w5/r0), UUID E3773DBD-180A-48B8-865C-829BC3E9F825, small LPT model
Aug 24 16:35:29 witherspoon kernel: UBIFS (ubi7:3): background thread "ubifs_bgt7_3" started, PID 1084
Aug 24 16:35:29 witherspoon kernel[954]: [   53.350000] UBIFS (ubi7:3): background thread "ubifs_bgt7_3" started, PID 1084
Aug 24 16:35:29 witherspoon inventory_items.py[960]: Loading from cache: /var/cache/obmc/org.openbmc.inventory.system.chassis.motherboard.apss@org.openbmc.InventoryItem.props
Aug 24 16:35:29 witherspoon inventory_items.py[960]: Loading from cache: /var/cache/obmc/org.openbmc.inventory.system.chassis.motherboard@org.openbmc.InventoryItem.props
Aug 24 16:35:29 witherspoon inventory_items.py[960]: Loading from cache: /var/cache/obmc/org.openbmc.inventory.system.chassis.motherboard.refclock@org.openbmc.InventoryItem.props
Aug 24 16:35:29 witherspoon inventory_items.py[960]: Loading from cache: /var/cache/obmc/org.openbmc.inventory.system.chassis.motherboard.cpu1.core7@org.openbmc.InventoryItem.props
Aug 24 16:35:29 witherspoon inventory_items.py[960]: Loading from cache: /var/cache/obmc/org.openbmc.inventory.system.chassis.motherboard.cpu1.core4@org.openbmc.InventoryItem.props
Aug 24 16:35:29 witherspoon systemd[1]: Started Create a ubi volume for pnor patches.
Aug 24 16:35:29 witherspoon inventory_items.py[960]: Loading from cache: /var/cache/obmc/org.openbmc.inventory.system.chassis.motherboard.cpu1.core1@org.openbmc.InventoryItem.props
Aug 24 16:35:29 witherspoon inventory_items.py[960]: Loading from cache: /var/cache/obmc/org.openbmc.inventory.system.chassis.motherboard.cpu1.core10@org.openbmc.InventoryItem.props
Aug 24 16:35:29 witherspoon inventory_items.py[960]: Loading from cache: /var/cache/obmc/org.openbmc.inventory.system.chassis.motherboard.todclock@org.openbmc.InventoryItem.props
Aug 24 16:35:29 witherspoon inventory_items.py[960]: Loading from cache: /var/cache/obmc/org.openbmc.inventory.system.chassis.motherboard.cpu1@org.openbmc.InventoryItem.props
Aug 24 16:35:29 witherspoon inventory_items.py[960]: Loading from cache: /var/cache/obmc/org.openbmc.inventory.system.chassis.motherboard.bmc@org.openbmc.InventoryItem.props
Aug 24 16:35:29 witherspoon inventory_items.py[960]: Caching: /org/openbmc/inventory/system/chassis/motherboard/bmc
Aug 24 16:35:29 witherspoon inventory_items.py[960]: Loading from cache: /var/cache/obmc/org.openbmc.inventory.system.chassis.motherboard.cpu0.core1@org.openbmc.InventoryItem.props
Aug 24 16:35:30 witherspoon inventory_items.py[960]: Loading from cache: /var/cache/obmc/org.openbmc.inventory.system.chassis.motherboard.cpu0.core7@org.openbmc.InventoryItem.props
Aug 24 16:35:30 witherspoon inventory_items.py[960]: Loading from cache: /var/cache/obmc/org.openbmc.inventory.system.chassis.motherboard.cpu0.core4@org.openbmc.InventoryItem.props
Aug 24 16:35:30 witherspoon inventory_items.py[960]: Loading from cache: /var/cache/obmc/org.openbmc.inventory.system.chassis.motherboard.pcieclock@org.openbmc.InventoryItem.props
Aug 24 16:35:30 witherspoon inventory_items.py[960]: Loading from cache: /var/cache/obmc/org.openbmc.inventory.system.chassis.motherboard.cpu0.core10@org.openbmc.InventoryItem.props
Aug 24 16:35:30 witherspoon inventory_items.py[960]: Running Inventory Manager
Aug 24 16:35:30 witherspoon systemd[1]: Started Phosphor Inventory Manager.
Aug 24 16:35:30 witherspoon systemd[1]: Started Phosphor Download Manager.
Aug 24 16:35:30 witherspoon download_manager.py[1025]: Running Download Manager
Aug 24 16:35:41 witherspoon phosphor-mapper[968]: ObjectMapper discovery complete
Aug 24 16:35:41 witherspoon systemd[1]: Started Phosphor DBus Service Discovery Manager.
Aug 24 16:35:41 witherspoon systemd[1]: Reached target Phosphor Object Mapper.
Aug 24 16:35:41 witherspoon systemd[1]: Starting Phosphor Settings Manager...
Aug 24 16:35:41 witherspoon systemd[1]: Started Phosphor DBus Monitor.
Aug 24 16:35:41 witherspoon systemd[1]: Starting Wait for /xyz/openbmc_project/inventory...
Aug 24 16:35:41 witherspoon systemd[1]: Starting Wait for /xyz/openbmc_project/led/groups/bmc_booted...
Aug 24 16:35:41 witherspoon systemd[1]: Starting Wait for /xyz/openbmc_project/time/owner...
Aug 24 16:35:41 witherspoon systemd[1]: Starting Wait for /org/openbmc/managers/Download...
Aug 24 16:35:41 witherspoon systemd[1]: Starting Phosphor Network Manager...
Aug 24 16:35:41 witherspoon systemd[1]: Starting Wait for /org/openbmc/managers/System...
Aug 24 16:35:41 witherspoon systemd[1]: Starting Wait for /org/openbmc/control/power0...
Aug 24 16:35:41 witherspoon systemd[1]: Starting Wait for /xyz/openbmc_project/led/groups...
Aug 24 16:35:41 witherspoon systemd[1]: Starting Wait for /org/openbmc/NetworkManager/Interface...
Aug 24 16:35:41 witherspoon systemd[1]: Starting Wait for /xyz/openbmc_project/state/host0...
Aug 24 16:35:41 witherspoon systemd[1]: Starting Phoshpor System Manager...
Aug 24 16:35:41 witherspoon systemd[1]: Reached target Webserver (pre).
Aug 24 16:35:43 witherspoon phosphor-network-manager[1092]: ConfigParser: Key not found
Aug 24 16:35:43 witherspoon phosphor-network-manager[1092]: The operation failed internally.
Aug 24 16:35:43 witherspoon phosphor-network-manager[1092]: Exception occured during getting of DHCP value
Aug 24 16:35:43 witherspoon dbus[972]: [system] Activating via systemd: service name='org.freedesktop.hostname1' unit='dbus-org.freedesktop.hostname1.service'
Aug 24 16:35:44 witherspoon systemd[1]: Started Phosphor Webserver.
Aug 24 16:35:44 witherspoon systemd[1]: Starting Wait for /xyz/openbmc_project/control/host0/boot_mode...
Aug 24 16:35:44 witherspoon systemd[1]: Starting Wait for /xyz/openbmc_project/control/host0...
Aug 24 16:35:44 witherspoon systemd[1]: Starting Wait for /xyz/openbmc_project/control/host0/restriction_mode...
Aug 24 16:35:44 witherspoon systemd[1]: Starting Wait for /xyz/openbmc_project/state/chassis0...
Aug 24 16:35:44 witherspoon systemd[1]: Starting Wait for /org/openbmc/control/bmc0...
Aug 24 16:35:44 witherspoon systemd[1]: Starting Wait for /xyz/openbmc_project/control/host0/auto_reboot...
Aug 24 16:35:44 witherspoon systemd[1]: Starting Wait for /xyz/openbmc_project/control/host0/power_restore_policy...
Aug 24 16:35:44 witherspoon systemd[1]: Starting Wait for /xyz/openbmc_project/time/sync_method...
Aug 24 16:35:44 witherspoon systemd[1]: Starting Wait for /xyz/openbmc_project/control/host0/boot_source...
Aug 24 16:35:44 witherspoon systemd[1]: Started Phosphor Hwmon Poller.
Aug 24 16:35:44 witherspoon systemd[1]: Started Phosphor Hwmon Poller.
Aug 24 16:35:44 witherspoon systemd[1]: Started Phosphor Hwmon Poller.
Aug 24 16:35:44 witherspoon systemd[1]: Started Phosphor Hwmon Poller.
Aug 24 16:35:44 witherspoon systemd[1]: Started Phosphor Hwmon Poller.
Aug 24 16:35:44 witherspoon systemd[1]: Started Phosphor Hwmon Poller.
Aug 24 16:35:46 witherspoon systemd[1]: Started Wait for /xyz/openbmc_project/inventory.
Aug 24 16:35:46 witherspoon systemd[1]: Started Wait for /xyz/openbmc_project/led/groups/bmc_booted.
Aug 24 16:35:46 witherspoon systemd[1]: Started Wait for /xyz/openbmc_project/time/owner.
Aug 24 16:35:46 witherspoon systemd[1]: Started Wait for /org/openbmc/managers/Download.
Aug 24 16:35:46 witherspoon systemd[1]: Started Wait for /xyz/openbmc_project/led/groups.
Aug 24 16:35:46 witherspoon systemd[1]: Started Wait for /org/openbmc/NetworkManager/Interface.
Aug 24 16:35:46 witherspoon systemd[1]: Starting Hostname Service...
Aug 24 16:35:46 witherspoon systemd[1]: Started Phosphor DNS Settings Cache Manager.
Aug 24 16:35:46 witherspoon systemd[1]: Started FRU Fault monitor service.
Aug 24 16:35:46 witherspoon systemd[1]: Starting OpenPOWER OCC controller...
Aug 24 16:35:47 witherspoon systemd[1]: Started Phosphor Cooling Type.
Aug 24 16:35:47 witherspoon systemd[1]: Starting Read OpenPOWER-format VPD from EEPROM...
Aug 24 16:35:47 witherspoon systemd[1]: Started Phosphor GPIO 0 Presence.
Aug 24 16:35:47 witherspoon systemd[1]: Started Phosphor GPIO 1 Presence.
Aug 24 16:35:49 witherspoon systemd[1]: Started Wait for /xyz/openbmc_project/control/host0/boot_mode.
Aug 24 16:35:49 witherspoon systemd[1]: Started Wait for /xyz/openbmc_project/control/host0/boot_source.
Aug 24 16:35:49 witherspoon systemd[1]: Started Wait for /xyz/openbmc_project/control/host0/auto_reboot.
Aug 24 16:35:49 witherspoon systemd[1]: Started Wait for /org/openbmc/control/bmc0.
Aug 24 16:35:49 witherspoon phosphor-gpio-presence[1128]: Updating inventory present property
Aug 24 16:35:49 witherspoon phosphor-gpio-presence[1127]: Updating inventory present property
Aug 24 16:35:49 witherspoon dbus[972]: [system] Successfully activated service 'org.freedesktop.hostname1'
Aug 24 16:35:50 witherspoon systemd[1]: Started Wait for /xyz/openbmc_project/control/host0/restriction_mode.
Aug 24 16:35:50 witherspoon systemd[1]: Started Wait for /xyz/openbmc_project/time/sync_method.
Aug 24 16:35:50 witherspoon systemd[1]: Started Hostname Service.
Aug 24 16:35:50 witherspoon systemd[1]: Started Phosphor Network Manager.
Aug 24 16:35:50 witherspoon systemd[1]: Starting Phosphor BMC Code Update...
Aug 24 16:35:55 witherspoon systemd[1]: Started Wait for /xyz/openbmc_project/control/host0/power_restore_policy.
Aug 24 16:36:00 witherspoon system_manager.py[1098]: Running System State: BASE_APPS
Aug 24 16:36:00 witherspoon system_manager.py[1098]: SystemManager Init Done
Aug 24 16:36:00 witherspoon system_manager.py[1098]: Running SystemManager
Aug 24 16:36:00 witherspoon systemd[1]: Started Phoshpor System Manager.
Aug 24 16:36:00 witherspoon systemd[1]: Started OpenPOWER OCC controller.
Aug 24 16:36:02 witherspoon bmc_update.py[1136]: Running Bmc Flash Control
Aug 24 16:36:02 witherspoon systemd[1]: Started Phosphor BMC Code Update.
Aug 24 16:36:03 witherspoon settings_manager.py[1086]: Running HostSettingsService
Aug 24 16:36:03 witherspoon systemd[1]: Started Phosphor Settings Manager.
Aug 24 16:36:03 witherspoon systemd[1]: Starting Wait for /org/openbmc/settings/host0...
Aug 24 16:36:03 witherspoon system_manager.py[1098]: SystemManager Goto System State: BMC_STARTING
Aug 24 16:36:03 witherspoon system_manager.py[1098]: Running System State: BMC_STARTING
Aug 24 16:36:04 witherspoon systemd[1]: Started Read OpenPOWER-format VPD from EEPROM.
Aug 24 16:36:11 witherspoon systemd[1]: Started Wait for /org/openbmc/managers/System.
Aug 24 16:36:11 witherspoon systemd[1]: Starting Phosphor Reset Button0...
Aug 24 16:36:12 witherspoon systemd[1]: Starting Phosphor Power0 Control...
Aug 24 16:36:12 witherspoon systemd[1]: Starting Phosphor BMC State Manager...
Aug 24 16:36:12 witherspoon systemd[1]: Starting Phosphor Chassis State Manager...
Aug 24 16:36:12 witherspoon systemd[1]: Starting Phosphor Power Button0...
Aug 24 16:36:12 witherspoon phosphor-chassis-state-manager[1150]: Initial Chassis State will be Off
Aug 24 16:36:12 witherspoon systemd[1]: Started Phosphor Chassis State Manager.
Aug 24 16:36:12 witherspoon phosphor-bmc-state-manager[1149]: Setting the BMCState field
Aug 24 16:36:12 witherspoon phosphor-bmc-state-manager[1149]: Setting the BMCState field
Aug 24 16:36:12 witherspoon systemd[1]: Started Phosphor BMC State Manager.
Aug 24 16:36:12 witherspoon button_reset.exe[1143]: GPIO Lookup:  RESET_BUTTON = 353,both
Aug 24 16:36:12 witherspoon systemd[1]: Started Phosphor Reset Button0.
Aug 24 16:36:12 witherspoon system_manager.py[1098]: New object: /org/openbmc/control/power0 (:1.78)
Aug 24 16:36:13 witherspoon systemd[1]: Started Wait for /org/openbmc/settings/host0.
Aug 24 16:36:13 witherspoon system_manager.py[1098]: Power GPIO config: ['SYS_PWROK_BUFF', '', [('SOFTWARE_PGOOD', True), ('BMC_POWER_UP', True)], [('BMC_CP0_RESET_N', False)], [], 'FSI_DATA', 'FSI_CLK', 'FSI_ENABLE', 'CRONUS_SEL', []]
Aug 24 16:36:13 witherspoon power_control.exe[1148]: Power GPIO latch output:
Aug 24 16:36:13 witherspoon power_control.exe[1148]: Power GPIO power good input: SYS_PWROK_BUFF
Aug 24 16:36:13 witherspoon power_control.exe[1148]: Power GPIO 2 power_up outputs
Aug 24 16:36:13 witherspoon power_control.exe[1148]: Power GPIO power_up[0] = SOFTWARE_PGOOD active HIGH
Aug 24 16:36:13 witherspoon power_control.exe[1148]: Power GPIO power_up[1] = BMC_POWER_UP active HIGH
Aug 24 16:36:13 witherspoon power_control.exe[1148]: Power GPIO 1 reset outputs
Aug 24 16:36:13 witherspoon power_control.exe[1148]: Power GPIO reset[0] = BMC_CP0_RESET_N active LOW
Aug 24 16:36:13 witherspoon power_control.exe[1148]: Power GPIO 0 pci reset outputs
Aug 24 16:36:13 witherspoon power_control.exe[1148]: FSI DATA GPIO: FSI_DATA
Aug 24 16:36:13 witherspoon power_control.exe[1148]: FSI CLK GPIO: FSI_CLK
Aug 24 16:36:13 witherspoon power_control.exe[1148]: FSI ENABLE GPIO: FSI_ENABLE
Aug 24 16:36:13 witherspoon power_control.exe[1148]: CRONUS SEL GPIO: CRONUS_SEL
Aug 24 16:36:13 witherspoon power_control.exe[1148]: Hostctl GPIO optionals: 0
Aug 24 16:36:13 witherspoon systemd[1]: Started Phosphor Inband IPMI.
Aug 24 16:36:14 witherspoon button_power.exe[1151]: GPIO Lookup:  POWER_BUTTON = 347,both
Aug 24 16:36:14 witherspoon power_control.exe[1148]: GPIO Lookup:  SYS_PWROK_BUFF = 306,in
Aug 24 16:36:14 witherspoon power_control.exe[1148]: GPIO Lookup:  SOFTWARE_PGOOD = 417,out
Aug 24 16:36:14 witherspoon power_control.exe[1148]: GPIO Lookup:  BMC_POWER_UP = 305,out
Aug 24 16:36:14 witherspoon power_control.exe[1148]: GPIO Lookup:  BMC_CP0_RESET_N = 281,out
Aug 24 16:36:14 witherspoon power_control.exe[1148]: Pgood state: 0
Aug 24 16:36:13 witherspoon systemd[1]: Started Phosphor Power Button0.
Aug 24 16:36:14 witherspoon systemd[1]: Started Phosphor Power0 Control.
Aug 24 16:36:15 witherspoon phosphor-gevent[1105]: Traceback (most recent call last):
Aug 24 16:36:15 witherspoon phosphor-gevent[1105]:   File "/usr/lib/python2.7/site-packages/gevent/greenlet.py", line 327, in run
Aug 24 16:36:15 witherspoon phosphor-gevent[1105]:     result = self._run(*self.args, **self.kwargs)
Aug 24 16:36:16 witherspoon phosphor-gevent[1105]:   File "/usr/lib/python2.7/site-packages/gevent/server.py", line 102, in wrap_socket_and_handle
Aug 24 16:36:16 witherspoon phosphor-gevent[1105]:     ssl_socket = self.wrap_socket(client_socket, **self.ssl_args)
Aug 24 16:36:16 witherspoon phosphor-gevent[1105]:   File "/usr/lib/python2.7/site-packages/gevent/ssl.py", line 404, in wrap_socket
Aug 24 16:36:16 witherspoon phosphor-gevent[1105]:     ciphers=ciphers)
Aug 24 16:36:16 witherspoon phosphor-gevent[1105]:   File "/usr/lib/python2.7/site-packages/gevent/ssl.py", line 113, in __init__
Aug 24 16:36:16 witherspoon phosphor-gevent[1105]:     self.do_handshake()
Aug 24 16:36:16 witherspoon phosphor-gevent[1105]:   File "/usr/lib/python2.7/site-packages/gevent/ssl.py", line 324, in do_handshake
Aug 24 16:36:16 witherspoon phosphor-gevent[1105]:     return self._sslobj.do_handshake()
Aug 24 16:36:16 witherspoon phosphor-gevent[1105]: SSLEOFError: EOF occurred in violation of protocol (_ssl.c:590)
Aug 24 16:36:16 witherspoon phosphor-gevent[1105]: <Greenlet at 0x76064490: <bound method WSGIServer.wrap_socket_and_handle of <WSGIServer at 0x7603bbb0 fileno=5 address=('::34e2:f476:b0bd:6a76%1986706848', 443, 0, 1986706848)>>(<socket at 0x75f11890 fileno=9>, ('::80c9:6876:8e91:f402%1995688732', 59772, 0, 199)> failed with SSLEOFError
Aug 24 16:36:16 witherspoon phosphor-gevent[1105]: Traceback (most recent call last):
Aug 24 16:36:16 witherspoon phosphor-gevent[1105]:   File "/usr/lib/python2.7/site-packages/gevent/greenlet.py", line 327, in run
Aug 24 16:36:16 witherspoon phosphor-gevent[1105]:     result = self._run(*self.args, **self.kwargs)
Aug 24 16:36:16 witherspoon phosphor-gevent[1105]:   File "/usr/lib/python2.7/site-packages/gevent/server.py", line 102, in wrap_socket_and_handle
Aug 24 16:36:16 witherspoon phosphor-gevent[1105]:     ssl_socket = self.wrap_socket(client_socket, **self.ssl_args)
Aug 24 16:36:16 witherspoon phosphor-gevent[1105]:   File "/usr/lib/python2.7/site-packages/gevent/ssl.py", line 404, in wrap_socket
Aug 24 16:36:16 witherspoon phosphor-gevent[1105]:     ciphers=ciphers)
Aug 24 16:36:16 witherspoon phosphor-gevent[1105]:   File "/usr/lib/python2.7/site-packages/gevent/ssl.py", line 113, in __init__
Aug 24 16:36:16 witherspoon phosphor-gevent[1105]:     self.do_handshake()
Aug 24 16:36:16 witherspoon phosphor-gevent[1105]:   File "/usr/lib/python2.7/site-packages/gevent/ssl.py", line 324, in do_handshake
Aug 24 16:36:16 witherspoon phosphor-gevent[1105]:     return self._sslobj.do_handshake()
Aug 24 16:36:16 witherspoon phosphor-gevent[1105]: SSLEOFError: EOF occurred in violation of protocol (_ssl.c:590)
Aug 24 16:36:16 witherspoon phosphor-gevent[1105]: <Greenlet at 0x76064760: <bound method WSGIServer.wrap_socket_and_handle of <WSGIServer at 0x7603bbb0 fileno=5 address=('::34e2:f476:b0bd:6a76%1986706848', 443, 0, 1986706848)>>(<socket at 0x75f11830 fileno=10>, ('::80c9:6876:8e91:f402%1995688732', 59776, 0, 199)> failed with SSLEOFError
Aug 24 16:36:17 witherspoon phosphor-gevent[1105]: ::80c9:6876:8e91:f402%1995688732 - - [2017-08-24 16:36:17] "POST /login HTTP/1.1" 200 320 0.431276
Aug 24 16:36:17 witherspoon phosphor-gevent[1105]: ::80c9:6876:8e91:f402%1995688732 - - [2017-08-24 16:36:17] "GET /xyz/openbmc_project/state/chassis0//attr/CurrentPowerState HTTP/1.1" 404 312 0.523045
Aug 24 16:36:18 witherspoon systemd[1]: Started Wait for /xyz/openbmc_project/state/chassis0.
Aug 24 16:36:19 witherspoon systemd[1]: Started Wait for /org/openbmc/control/power0.
Aug 24 16:36:19 witherspoon systemd[1]: Starting Phosphor Time Manager daemon...
Aug 24 16:36:19 witherspoon systemd[1]: Starting Check Chassis0 pgood and create a file to indicate it...
Aug 24 16:36:20 witherspoon phosphor-gevent[1105]: ::80c9:6876:8e91:f402%1995688732 - - [2017-08-24 16:36:20] "POST /login HTTP/1.1" 200 320 0.044300
Aug 24 16:36:20 witherspoon timemanager[1173]: Registering dbus methods
Aug 24 16:36:20 witherspoon timemanager[1173]: Last known time_mode: NTP
Aug 24 16:36:20 witherspoon timemanager[1173]: Last known time_owner: BMC
Aug 24 16:36:20 witherspoon timemanager[1173]: Empty DhcpNtp string
Aug 24 16:36:20 witherspoon timemanager[1173]: Reading Power Control key: pgood
Aug 24 16:36:20 witherspoon phosphor-gevent[1105]: ::80c9:6876:8e91:f402%1995688732 - - [2017-08-24 16:36:20] "GET /xyz/openbmc_project/state/chassis0//attr/CurrentPowerState HTTP/1.1" 200 216 0.538456
Aug 24 16:36:21 witherspoon timemanager[1173]: Changing settings *allowed* now
Aug 24 16:36:21 witherspoon systemd[1]: Started Wait for /xyz/openbmc_project/control/host0.
Aug 24 16:36:21 witherspoon timemanager[1173]: Owner is already set to : BMC
Aug 24 16:36:21 witherspoon systemd[1]: Started Check Chassis0 pgood and create a file to indicate it.
Aug 24 16:36:21 witherspoon systemd[1]: Reached target Chassis0 power on after reset.
Aug 24 16:36:21 witherspoon systemd[1]: Reached target Host0 running after reset.
Aug 24 16:36:21 witherspoon systemd[1]: Starting Phosphor Host State Manager...
Aug 24 16:36:21 witherspoon systemd[1]: Reached target Host0 (Reset Check).
Aug 24 16:36:21 witherspoon systemd[1]: Reached target Chassis0 (Reset Check).
Aug 24 16:36:21 witherspoon timemanager[1173]: Requested_Mode: NTP Current_Mode: NTP
Aug 24 16:36:21 witherspoon timemanager[1173]: Mode is already set to : NTP
Aug 24 16:36:21 witherspoon timemanager[1173]: Getting System Settings: use_dhcp_ntp
Aug 24 16:36:21 witherspoon phosphor-gevent[1105]: ::80c9:6876:8e91:f402%1995688732 - - [2017-08-24 16:36:21] "POST /login HTTP/1.1" 200 320 0.039916
Aug 24 16:36:22 witherspoon phosphor-host-state-manager[1184]: Initial Host State will be Off
Aug 24 16:36:22 witherspoon timemanager[1173]: use_dhcp_ntp = yes
Aug 24 16:36:22 witherspoon timemanager[1173]: Last known host_offset:0
Aug 24 16:36:22 witherspoon timemanager[1173]: Initial Uptime Usec: 1503592475942158
Aug 24 16:36:22 witherspoon systemd[1]: Started Phosphor Time Manager daemon.
Aug 24 16:36:22 witherspoon phosphor-gevent[1105]: ::80c9:6876:8e91:f402%1995688732 - - [2017-08-24 16:36:22] "GET /xyz/openbmc_project/state/chassis0//attr/CurrentPowerState HTTP/1.1" 200 216 0.616919
Aug 24 16:36:22 witherspoon systemd[1]: Started Phosphor Host State Manager.
Aug 24 16:36:22 witherspoon phosphor-gevent[1105]: ::80c9:6876:8e91:f402%1995688732 - - [2017-08-24 16:36:22] "POST /login HTTP/1.1" 200 320 0.033453
Aug 24 16:36:23 witherspoon phosphor-gevent[1105]: ::80c9:6876:8e91:f402%1995688732 - - [2017-08-24 16:36:23] "GET /xyz/openbmc_project/state/host0//attr/CurrentHostState HTTP/1.1" 404 309 0.484288
Aug 24 16:36:24 witherspoon systemd[1]: Started Wait for /xyz/openbmc_project/state/host0.
Aug 24 16:36:24 witherspoon systemd[1]: Starting Reboot If Enabled...
Aug 24 16:36:24 witherspoon phosphor-discover-system-state[1187]: Host power is off, checking power policy
Aug 24 16:36:24 witherspoon systemd[1]: Started Reboot If Enabled.
Aug 24 16:36:24 witherspoon systemd[1]: Reached target Phosphor System - Standby.
Aug 24 16:36:24 witherspoon systemd[1]: Starting Assert bmc_booted LED...
Aug 24 16:36:25 witherspoon phosphor-bmc-state-manager[1149]: BMC_READY
Aug 24 16:36:25 witherspoon phosphor-bmc-state-manager[1149]: Setting the BMCState field
Aug 24 16:36:25 witherspoon phosphor-ledmanager[948]: Asserting LEDs
Aug 24 16:36:25 witherspoon systemd[1]: Started Assert bmc_booted LED.
Aug 24 16:36:25 witherspoon systemd[1]: Startup finished in 9.999s (kernel) + 1min 39.534s (userspace) = 1min 49.533s.
Aug 24 16:36:33 witherspoon phosphor-gevent[1105]: ::80c9:6876:8e91:f402%1995688732 - - [2017-08-24 16:36:33] "POST /login HTTP/1.1" 200 320 0.112359
Aug 24 16:36:34 witherspoon phosphor-gevent[1105]: ::80c9:6876:8e91:f402%1995688732 - - [2017-08-24 16:36:34] "GET /xyz/openbmc_project/state/chassis0//attr/CurrentPowerState HTTP/1.1" 200 216 0.634276
Aug 24 16:36:34 witherspoon phosphor-gevent[1105]: ::80c9:6876:8e91:f402%1995688732 - - [2017-08-24 16:36:34] "POST /login HTTP/1.1" 200 320 0.034508
Aug 24 16:36:34 witherspoon phosphor-gevent[1105]: ::80c9:6876:8e91:f402%1995688732 - - [2017-08-24 16:36:34] "GET /xyz/openbmc_project/state/host0//attr/CurrentHostState HTTP/1.1" 200 212 0.077637
Aug 24 16:36:35 witherspoon phosphor-gevent[1105]: ::80c9:6876:8e91:f402%1995688732 - - [2017-08-24 16:36:35] "POST /login HTTP/1.1" 200 320 0.034540
Aug 24 16:36:35 witherspoon phosphor-gevent[1105]: ::80c9:6876:8e91:f402%1995688732 - - [2017-08-24 16:36:35] "GET /xyz/openbmc_project/logging/entry//list HTTP/1.1" 200 214 0.049703
Aug 24 16:36:35 witherspoon phosphor-gevent[1105]: ::80c9:6876:8e91:f402%1995688732 - - [2017-08-24 16:36:35] "POST /login HTTP/1.1" 200 320 0.039328
Aug 24 16:36:35 witherspoon phosphor-gevent[1105]: ::80c9:6876:8e91:f402%1995688732 - - [2017-08-24 16:36:35] "GET /xyz/openbmc_project/logging/entry//list HTTP/1.1" 200 214 0.061983
Aug 24 16:36:35 witherspoon phosphor-gevent[1105]: ::80c9:6876:8e91:f402%1995688732 - - [2017-08-24 16:36:35] "POST /login HTTP/1.1" 200 320 0.034035
Aug 24 16:36:35 witherspoon phosphor-gevent[1105]: ::80c9:6876:8e91:f402%1995688732 - - [2017-08-24 16:36:35] "DELETE /xyz/openbmc_project/logging/entry/1 HTTP/1.1" 200 169 0.083215
Aug 24 16:36:35 witherspoon systemd[1]: Started SSH Per-Connection Server (9.41.165.94:48410).
Aug 24 16:36:35 witherspoon dropbear[1201]: Failed loading /etc/dropbear/dropbear_dss_host_key
Aug 24 16:36:35 witherspoon dropbear[1201]: Failed loading /etc/dropbear/dropbear_ecdsa_host_key
Aug 24 16:36:35 witherspoon dropbear[1201]: Child connection from ::ffff:9.41.165.94:48410
Aug 24 16:36:36 witherspoon dropbear[1201]: PAM password auth succeeded for 'root' from ::ffff:9.41.165.94:48410
Aug 24 16:36:36 witherspoon dropbear[1202]: lastlog_perform_login: Couldn't stat /var/log/lastlog: No such file or directory
Aug 24 16:36:36 witherspoon dropbear[1202]: lastlog_openseek: /var/log/lastlog is not a file or directory!
Aug 24 16:36:37 witherspoon dropbear[1201]: Exit (root): Error reading: Connection reset by peer
Aug 24 16:36:37 witherspoon phosphor-gevent[1105]: ::80c9:6876:8e91:f402%1995688732 - - [2017-08-24 16:36:37] "POST /login HTTP/1.1" 200 320 0.033932
Aug 24 16:36:37 witherspoon phosphor-gevent[1105]: ::80c9:6876:8e91:f402%1995688732 - - [2017-08-24 16:36:37] "GET /xyz/openbmc_project/state/host0//attr/CurrentHostState HTTP/1.1" 200 212 0.081358
Aug 24 16:36:38 witherspoon dropbear[1041]: Exit (root): Exited normally
Aug 24 16:37:51 witherspoon systemd[1]: Started SSH Per-Connection Server (9.41.165.94:48438).
Aug 24 16:37:51 witherspoon dropbear[1211]: Failed loading /etc/dropbear/dropbear_dss_host_key
Aug 24 16:37:51 witherspoon dropbear[1211]: Failed loading /etc/dropbear/dropbear_ecdsa_host_key
Aug 24 16:37:51 witherspoon dropbear[1211]: Child connection from ::ffff:9.41.165.94:48438
Aug 24 16:37:51 witherspoon dropbear[1211]: PAM password auth succeeded for 'root' from ::ffff:9.41.165.94:48438
Aug 24 16:37:51 witherspoon dropbear[1212]: lastlog_perform_login: Couldn't stat /var/log/lastlog: No such file or directory
Aug 24 16:37:51 witherspoon dropbear[1212]: lastlog_openseek: /var/log/lastlog is not a file or directory!
Aug 24 16:37:53 witherspoon systemd[1]: Started SSH Per-Connection Server (9.41.165.94:48440).
Aug 24 16:37:53 witherspoon dropbear[1221]: Failed loading /etc/dropbear/dropbear_dss_host_key
Aug 24 16:37:53 witherspoon dropbear[1221]: Failed loading /etc/dropbear/dropbear_ecdsa_host_key
Aug 24 16:37:53 witherspoon dropbear[1221]: Child connection from ::ffff:9.41.165.94:48440
Aug 24 16:37:53 witherspoon dropbear[1221]: PAM password auth succeeded for 'root' from ::ffff:9.41.165.94:48440
Aug 24 16:37:53 witherspoon dropbear[1222]: lastlog_perform_login: Couldn't stat /var/log/lastlog: No such file or directory
Aug 24 16:37:53 witherspoon dropbear[1222]: lastlog_openseek: /var/log/lastlog is not a file or directory!
Aug 24 16:37:54 witherspoon systemd[1]: Started SSH Per-Connection Server (9.41.165.94:48442).
Aug 24 16:37:54 witherspoon dropbear[1228]: Failed loading /etc/dropbear/dropbear_dss_host_key
Aug 24 16:37:54 witherspoon dropbear[1228]: Failed loading /etc/dropbear/dropbear_ecdsa_host_key
Aug 24 16:37:54 witherspoon dropbear[1228]: Child connection from ::ffff:9.41.165.94:48442
Aug 24 16:37:54 witherspoon dropbear[1228]: PAM password auth succeeded for 'root' from ::ffff:9.41.165.94:48442
Aug 24 16:37:54 witherspoon dropbear[1229]: lastlog_perform_login: Couldn't stat /var/log/lastlog: No such file or directory
Aug 24 16:37:54 witherspoon dropbear[1229]: lastlog_openseek: /var/log/lastlog is not a file or directory!
Aug 24 16:37:56 witherspoon phosphor-gevent[1105]: ::80c9:6876:8e91:f402%1995688732 - - [2017-08-24 16:37:56] "POST /login HTTP/1.1" 200 320 0.034070
Aug 24 16:37:56 witherspoon phosphor-gevent[1105]: ::80c9:6876:8e91:f402%1995688732 - - [2017-08-24 16:37:56] "POST /login HTTP/1.1" 200 320 0.045176
Aug 24 16:37:56 witherspoon phosphor-gevent[1105]: ::80c9:6876:8e91:f402%1995688732 - - [2017-08-24 16:37:56] "GET /xyz/openbmc_project/state/host0//attr/CurrentHostState HTTP/1.1" 200 212 0.091465
Aug 24 16:37:56 witherspoon systemd[1]: Created slice system-obmc\x2dconsole\x2dssh.slice.
Aug 24 16:37:56 witherspoon systemd[1]: Started Phosphor Host Console SSH Per-Connection (9.41.165.94:43726).
Aug 24 16:37:57 witherspoon dropbear[1235]: Failed loading /etc/dropbear/dropbear_dss_host_key
Aug 24 16:37:57 witherspoon dropbear[1235]: Failed loading /etc/dropbear/dropbear_ecdsa_host_key
Aug 24 16:37:57 witherspoon dropbear[1235]: Child connection from ::ffff:9.41.165.94:43726
Aug 24 16:37:57 witherspoon phosphor-gevent[1105]: ::80c9:6876:8e91:f402%1995688732 - - [2017-08-24 16:37:57] "POST /login HTTP/1.1" 200 320 0.050556
Aug 24 16:37:57 witherspoon phosphor-host-state-manager[1184]: Host State transaction request
Aug 24 16:37:57 witherspoon dropbear[1235]: PAM password auth succeeded for 'root' from ::ffff:9.41.165.94:43726
Aug 24 16:37:57 witherspoon dropbear[1236]: lastlog_perform_login: Couldn't stat /var/log/lastlog: No such file or directory
Aug 24 16:37:57 witherspoon dropbear[1236]: lastlog_openseek: /var/log/lastlog is not a file or directory!
Aug 24 16:37:58 witherspoon phosphor-gevent[1105]: ::80c9:6876:8e91:f402%1995688732 - - [2017-08-24 16:37:58] "PUT /xyz/openbmc_project/state/host0//attr/RequestedHostTransition HTTP/1.1" 200 169 0.632260
Aug 24 16:37:58 witherspoon systemd[1]: Starting Wait for /xyz/openbmc_project/led/groups/power_on...
Aug 24 16:37:58 witherspoon systemd[1]: Reached target Stop Host0 (Pre).
Aug 24 16:37:58 witherspoon systemd[1]: Starting Wait for /org/openbmc/control/chassis0...
Aug 24 16:37:58 witherspoon systemd[1]: Starting Wait for /org/openbmc/HostIpmi/1...
Aug 24 16:37:58 witherspoon systemd[1]: Created slice system-obmc\x2dled\x2dgroup\x2dstop.slice.
Aug 24 16:37:58 witherspoon systemd[1]: Created slice system-op\x2dwait\x2dpower\x2doff.slice.
Aug 24 16:37:58 witherspoon systemd[1]: Created slice system-ir35221\x2doff\x2dunbind.slice.
Aug 24 16:37:58 witherspoon systemd[1]: Starting Power off mode unbind ir35221 device driver devs...
Aug 24 16:37:58 witherspoon systemd[1]: Created slice system-op\x2dpower\x2dstop.slice.
Aug 24 16:37:58 witherspoon systemd[1]: Created slice system-vcs_off_poweroff.slice.
Aug 24 16:37:58 witherspoon systemd[1]: Created slice system-ir35221\x2doff\x2dbind.slice.
Aug 24 16:37:58 witherspoon systemd[1]: Reached target Stop Hosti (Pre).
Aug 24 16:37:58 witherspoon systemd[1]: Reached target Hosti (Stopping).
Aug 24 16:37:58 witherspoon systemd[1]: Reached target Hosti (Stopped).
Aug 24 16:37:58 witherspoon systemd[1]: Reached target Poweri Off (Pre).
Aug 24 16:37:58 witherspoon systemd[1]: Reached target Poweri Off.
Aug 24 16:37:59 witherspoon systemd[1]: Started Power off mode unbind ir35221 device driver devs.
Aug 24 16:37:59 witherspoon systemd[1]: xyz.openbmc_project.Hwmon@ahb-apb-i2c\x401e78a000-i2c\x2dbus\x40180-ir35221\x4070.service: Unit not needed anymore. Stopping.
Aug 24 16:37:59 witherspoon systemd[1]: xyz.openbmc_project.Hwmon@ahb-apb-i2c\x401e78a000-i2c\x2dbus\x40140-ir35221\x4070.service: Unit not needed anymore. Stopping.
Aug 24 16:37:59 witherspoon systemd[1]: xyz.openbmc_project.Hwmon@ahb-apb-i2c\x401e78a000-i2c\x2dbus\x40140-ir35221\x4071.service: Unit not needed anymore. Stopping.
Aug 24 16:37:59 witherspoon systemd[1]: xyz.openbmc_project.Hwmon@ahb-apb-i2c\x401e78a000-i2c\x2dbus\x40180-ir35221\x4071.service: Unit not needed anymore. Stopping.
Aug 24 16:37:59 witherspoon systemd[1]: xyz.openbmc_project.Hwmon@ahb-apb-i2c\x401e78a000-i2c\x2dbus\x40180-ir35221\x4070.service: Service hold-off time over, scheduling restart.
Aug 24 16:37:59 witherspoon systemd[1]: xyz.openbmc_project.Hwmon@ahb-apb-i2c\x401e78a000-i2c\x2dbus\x40180-ir35221\x4070.service: Stop job pending for unit, delaying automatic restart.
Aug 24 16:37:59 witherspoon systemd[1]: xyz.openbmc_project.Hwmon@ahb-apb-i2c\x401e78a000-i2c\x2dbus\x40140-ir35221\x4070.service: Service hold-off time over, scheduling restart.
Aug 24 16:37:59 witherspoon phosphor-gevent[1105]: ::80c9:6876:8e91:f402%1995688732 - - [2017-08-24 16:37:59] "POST /login HTTP/1.1" 200 320 0.033947
Aug 24 16:37:59 witherspoon systemd[1]: xyz.openbmc_project.Hwmon@ahb-apb-i2c\x401e78a000-i2c\x2dbus\x40140-ir35221\x4070.service: Stop job pending for unit, delaying automatic restart.
Aug 24 16:37:59 witherspoon systemd[1]: xyz.openbmc_project.Hwmon@ahb-apb-i2c\x401e78a000-i2c\x2dbus\x40140-ir35221\x4071.service: Service hold-off time over, scheduling restart.
Aug 24 16:37:59 witherspoon systemd[1]: xyz.openbmc_project.Hwmon@ahb-apb-i2c\x401e78a000-i2c\x2dbus\x40140-ir35221\x4071.service: Stop job pending for unit, delaying automatic restart.
Aug 24 16:37:59 witherspoon systemd[1]: Stopped Phosphor Hwmon Poller.
Aug 24 16:37:59 witherspoon systemd[1]: Stopped Phosphor Hwmon Poller.
Aug 24 16:37:59 witherspoon systemd[1]: Stopped Phosphor Hwmon Poller.
Aug 24 16:37:59 witherspoon systemd[1]: Stopped Phosphor Hwmon Poller.
Aug 24 16:38:00 witherspoon systemd[1]: Started Wait for /org/openbmc/HostIpmi/1.
Aug 24 16:38:00 witherspoon systemd[1]: Starting Soft power off of the host...
Aug 24 16:38:01 witherspoon systemd[1]: Started Wait for /org/openbmc/control/chassis0.
Aug 24 16:38:01 witherspoon systemd[1]: Started Wait for /xyz/openbmc_project/led/groups/power_on.
Aug 24 16:38:01 witherspoon systemd[1]: Starting Assert power_on LED...
Aug 24 16:38:03 witherspoon phosphor-gevent[1105]: ::80c9:6876:8e91:f402%1995688732 - - [2017-08-24 16:38:03] "GET /xyz/openbmc_project/state/chassis0//attr/CurrentPowerState HTTP/1.1" 200 216 3.744190
Aug 24 16:38:03 witherspoon ipmid[1165]: Pushing cmd on to queue
Aug 24 16:38:03 witherspoon ipmid[1165]: Pushing cmd on to queue
Aug 24 16:38:03 witherspoon ipmid[1165]: Asserting SMS Attention
Aug 24 16:38:03 witherspoon phosphor-gevent[1105]: ::80c9:6876:8e91:f402%1995688732 - - [2017-08-24 16:38:03] "POST /login HTTP/1.1" 200 320 0.254707
Aug 24 16:38:03 witherspoon ipmid[1165]: SMS Attention asserted
Aug 24 16:38:03 witherspoon systemd[1]: Started Assert power_on LED.
Aug 24 16:38:04 witherspoon phosphor-gevent[1105]: ::80c9:6876:8e91:f402%1995688732 - - [2017-08-24 16:38:04] "GET /xyz/openbmc_project/state/host0//attr/CurrentHostState HTTP/1.1" 200 212 0.362819
Aug 24 16:38:04 witherspoon phosphor-gevent[1105]: ::80c9:6876:8e91:f402%1995688732 - - [2017-08-24 16:38:04] "POST /login HTTP/1.1" 200 320 0.033625
Aug 24 16:38:04 witherspoon phosphor-host-state-manager[1184]: Host State transaction request
Aug 24 16:38:05 witherspoon phosphor-gevent[1105]: ::80c9:6876:8e91:f402%1995688732 - - [2017-08-24 16:38:04] "PUT /xyz/openbmc_project/state/host0//attr/RequestedHostTransition HTTP/1.1" 200 169 0.418881
Aug 24 16:38:05 witherspoon systemd[1]: Created slice system-power\x2dworkarounds.slice.
Aug 24 16:38:05 witherspoon systemd[1]: Created slice system-vcs_off.slice.
Aug 24 16:38:05 witherspoon systemd[1]: Created slice system-cfam_override.slice.
Aug 24 16:38:05 witherspoon systemd[1]: Created slice system-phosphor\x2dgpio\x2dmonitor.slice.
Aug 24 16:38:05 witherspoon systemd[1]: Created slice system-phosphor\x2dwatchdog.slice.
Aug 24 16:38:05 witherspoon systemd[1]: Created slice system-op\x2dwait\x2dpower\x2don.slice.
Aug 24 16:38:05 witherspoon systemd[1]: Starting Wait for Power0 to turn on...
Aug 24 16:38:05 witherspoon systemd[1]: Reached target Powerwitherspoon-fan-watchdog (On).
Aug 24 16:38:05 witherspoon systemd[1]: Created slice system-op\x2dpower\x2dstart.slice.
Aug 24 16:38:05 witherspoon systemd[1]: Created slice system-mapper\x2dsubtree\x2dremove.slice.
Aug 24 16:38:05 witherspoon systemd[1]: Created slice system-phosphor\x2dfan\x2dcontrol\x2dinit.slice.
Aug 24 16:38:05 witherspoon systemd[1]: Starting Assert power_on LED...
Aug 24 16:38:05 witherspoon systemd[1]: Created slice system-phosphor\x2dfan\x2dpresence\x2dtach.slice.
Aug 24 16:38:05 witherspoon systemd[1]: Created slice system-avsbus\x2ddisable.slice.
Aug 24 16:38:05 witherspoon phosphor-gevent[1105]: ::80c9:6876:8e91:f402%1995688732 - - [2017-08-24 16:38:05] "POST /login HTTP/1.1" 200 320 0.469357
Aug 24 16:38:05 witherspoon systemd[1]: Created slice system-start_host.slice.
Aug 24 16:38:05 witherspoon systemd[1]: Started Phosphor GPIO checkstop monitor.
Aug 24 16:38:05 witherspoon systemd[1]: Starting Wait for /xyz/openbmc_project/watchdog/host0...
Aug 24 16:38:05 witherspoon systemd[1]: Created slice system-ir35221\x2don\x2dbind.slice.
Aug 24 16:38:05 witherspoon systemd[1]: Created slice system-vcs_on.slice.
Aug 24 16:38:05 witherspoon systemd[1]: Created slice system-pcie\x2dslot\x2ddetect.slice.
Aug 24 16:38:05 witherspoon systemd[1]: Created slice system-fsi\x2dscan.slice.
Aug 24 16:38:05 witherspoon systemd[1]: Created slice system-avsbus\x2denable.slice.
Aug 24 16:38:05 witherspoon systemd[1]: Starting Updates symlinks for active PNOR version...
Aug 24 16:38:05 witherspoon systemd[1]: Created slice system-vcs_workaround.slice.
Aug 24 16:38:06 witherspoon phosphor-gevent[1105]: ::80c9:6876:8e91:f402%1995688732 - - [2017-08-24 16:38:06] "GET /xyz/openbmc_project/state/chassis0//attr/CurrentPowerState HTTP/1.1" 200 216 0.566818
Aug 24 16:38:06 witherspoon obmc-flash-bios[1268]: '/var/lib/phosphor-software-manager/pnor/ro' -> '/media/pnor-ro-2b6dcac8'
Aug 24 16:38:06 witherspoon obmc-flash-bios[1268]: '/var/lib/phosphor-software-manager/pnor/rw' -> '/media/pnor-rw-2b6dcac8'
Aug 24 16:38:06 witherspoon systemd[1]: Created slice system-ir35221\x2don\x2dunbind.slice.
Aug 24 16:38:06 witherspoon systemd[1]: Starting power on mode unbind ir35221 device driver devs...
Aug 24 16:38:06 witherspoon systemd[1]: Created slice system-fsi\x2dbind.slice.
Aug 24 16:38:06 witherspoon systemd[1]: Starting mapper subtree-remove /xyz/openbmc_project/software:xyz.openbmc_project.Software.ActivationBlocksTransition...
Aug 24 16:38:06 witherspoon systemd[1]: Started Phosphor poweron watchdog.
Aug 24 16:38:06 witherspoon systemd[1]: Created slice system-ucd_disable_vcs.slice.
Aug 24 16:38:06 witherspoon systemd[1]: Starting Disable UCD VCS rails...
Aug 24 16:38:06 witherspoon systemd[1]: Stopped Power off mode unbind ir35221 device driver devs.
Aug 24 16:38:06 witherspoon systemd[1]: Created slice system-obmc\x2denable\x2dhost\x2dwatchdog.slice.
Aug 24 16:38:06 witherspoon systemd[1]: Created slice system-vrm\x2dcontrol.slice.
Aug 24 16:38:06 witherspoon systemd[1]: Starting Witherspoon Fan Watchdog Reset...
Aug 24 16:38:06 witherspoon systemd[1]: Started Witherspoon Fan Watchdog Daemon.
Aug 24 16:38:06 witherspoon systemd[1]: Started Phosphor Fan Control Initialization.
Aug 24 16:38:06 witherspoon systemd[1]: Stopped target Stop Host0 (Pre).
Aug 24 16:38:06 witherspoon systemd[1]: Created slice system-mboxd\x2dreload.slice.
Aug 24 16:38:06 witherspoon systemd[1]: Starting Reload mboxd during power on...
Aug 24 16:38:06 witherspoon systemd[1]: Stopped Assert power_on LED.
Aug 24 16:38:06 witherspoon systemd[1]: xyz.openbmc_project.Ipmi.Internal.SoftPowerOff.service: Main process exited, code=killed, status=15/TERM
Aug 24 16:38:06 witherspoon systemd[1]: Stopped Soft power off of the host.
Aug 24 16:38:06 witherspoon systemd[1]: xyz.openbmc_project.Ipmi.Internal.SoftPowerOff.service: Unit entered failed state.
Aug 24 16:38:06 witherspoon systemd[1]: xyz.openbmc_project.Ipmi.Internal.SoftPowerOff.service: Failed with result 'signal'.
Aug 24 16:38:06 witherspoon systemd[1]: Started Assert power_on LED.
Aug 24 16:38:06 witherspoon systemd[1]: Started Updates symlinks for active PNOR version.
Aug 24 16:38:07 witherspoon ipmid[1165]: Host control timeout hit!
Aug 24 16:38:07 witherspoon ipmid[1165]: Timer expired
Aug 24 16:38:07 witherspoon systemd[1]: Started power on mode unbind ir35221 device driver devs.
Aug 24 16:38:07 witherspoon systemd[1]: Started Witherspoon Fan Watchdog Reset.
Aug 24 16:38:08 witherspoon phosphor-host-state-manager[1184]: Received signal that host is off
Aug 24 16:38:08 witherspoon phosphor-host-state-manager[1184]: Change to Host State
Aug 24 16:38:08 witherspoon phosphor-chassis-state-manager[1150]: Received signal that power OFF is complete
Aug 24 16:38:08 witherspoon phosphor-chassis-state-manager[1150]: Change to Chassis Power State
Aug 24 16:38:08 witherspoon mboxd[1067]: The operation failed internally.
Aug 24 16:38:08 witherspoon mboxd[1067]: terminate called after throwing an instance of 'sdbusplus::xyz::openbmc_project::Common::Error::InternalFailure'
Aug 24 16:38:08 witherspoon mboxd[1067]:   what():  xyz.openbmc_project.Common.Error.InternalFailure: The operation failed internally.
Aug 24 16:38:08 witherspoon mboxctl[1293]: Failed to post message: Connection timed out
Aug 24 16:38:08 witherspoon mboxctl[1293]: Failed to send reset command
Aug 24 16:38:08 witherspoon mboxd[1067]: [ 1503592688.314793975] Partition HBB not found
Aug 24 16:38:08 witherspoon systemd[1]: mboxd-reload@0.service: Main process exited, code=exited, status=255/n/a
Aug 24 16:38:08 witherspoon kernel: ucd9000 11-0064: Device ID UCD90160|2.3.4.0000|110603
Aug 24 16:38:08 witherspoon kernel[954]: [  212.500000] ucd9000 11-0064: Device ID UCD90160|2.3.4.0000|110603
Aug 24 16:38:08 witherspoon systemd[1]: Failed to start Reload mboxd during power on.
Aug 24 16:38:08 witherspoon systemd[1]: mboxd-reload@0.service: Unit entered failed state.
Aug 24 16:38:08 witherspoon systemd[1]: mboxd-reload@0.service: Failed with result 'exit-code'.
Aug 24 16:38:08 witherspoon systemd[1]: mboxd.service: Main process exited, code=dumped, status=6/ABRT
Aug 24 16:38:08 witherspoon systemd[1]: mboxd.service: Unit entered failed state.
Aug 24 16:38:08 witherspoon systemd[1]: mboxd.service: Failed with result 'core-dump'.
Aug 24 16:38:08 witherspoon systemd[1]: Starting Updates symlinks for active PNOR version...
Aug 24 16:38:08 witherspoon systemd[1]: mboxd.service: Service hold-off time over, scheduling restart.
Aug 24 16:38:08 witherspoon systemd[1]: Stopped Phosphor MBOX Daemon.
Aug 24 16:38:08 witherspoon systemd[1]: Started Phosphor MBOX Daemon.
Aug 24 16:38:09 witherspoon obmc-flash-bios[1321]: '/var/lib/phosphor-software-manager/pnor/ro' -> '/media/pnor-ro-2b6dcac8'
Aug 24 16:38:09 witherspoon mboxd[1323]: The operation failed internally.
Aug 24 16:38:09 witherspoon mboxd[1323]: terminate called after throwing an instance of 'sdbusplus::xyz::openbmc_project::Common::Error::InternalFailure'
Aug 24 16:38:09 witherspoon mboxd[1323]:   what():  xyz.openbmc_project.Common.Error.InternalFailure: The operation failed internally.
Aug 24 16:38:09 witherspoon mboxd[1323]: [ 1503592689.246442581] Partition HBB not found
Aug 24 16:38:09 witherspoon systemd[1]: mboxd.service: Main process exited, code=dumped, status=6/ABRT
Aug 24 16:38:09 witherspoon systemd[1]: mboxd.service: Unit entered failed state.
Aug 24 16:38:09 witherspoon systemd[1]: mboxd.service: Failed with result 'core-dump'.
Aug 24 16:38:09 witherspoon systemd[1]: mboxd.service: Service hold-off time over, scheduling restart.
Aug 24 16:38:09 witherspoon systemd[1]: Stopped Phosphor MBOX Daemon.
Aug 24 16:38:09 witherspoon systemd[1]: Started Phosphor MBOX Daemon.
Aug 24 16:38:09 witherspoon obmc-flash-bios[1321]: '/var/lib/phosphor-software-manager/pnor/rw' -> '/media/pnor-rw-2b6dcac8'
Aug 24 16:38:09 witherspoon systemd[1]: Started Disable UCD VCS rails.
Aug 24 16:38:10 witherspoon mboxd[1337]: The operation failed internally.
Aug 24 16:38:10 witherspoon mboxd[1337]: terminate called after throwing an instance of 'sdbusplus::xyz::openbmc_project::Common::Error::InternalFailure'
Aug 24 16:38:10 witherspoon mboxd[1337]:   what():  xyz.openbmc_project.Common.Error.InternalFailure: The operation failed internally.
Aug 24 16:38:10 witherspoon mboxd[1337]: [ 1503592690.031139268] Partition HBB not found
Aug 24 16:38:10 witherspoon systemd[1]: Started Updates symlinks for active PNOR version.
Aug 24 16:38:10 witherspoon systemd[1]: mboxd.service: Main process exited, code=dumped, status=6/ABRT
Aug 24 16:38:10 witherspoon systemd[1]: mboxd.service: Unit entered failed state.
Aug 24 16:38:10 witherspoon systemd[1]: mboxd.service: Failed with result 'core-dump'.
Aug 24 16:38:10 witherspoon systemd[1]: Starting Updates symlinks for active PNOR version...
Aug 24 16:38:10 witherspoon systemd[1]: Starting Perform power workarounds on VRMs...
Aug 24 16:38:10 witherspoon systemd[1]: mboxd.service: Service hold-off time over, scheduling restart.
Aug 24 16:38:10 witherspoon systemd[1]: Stopped Phosphor MBOX Daemon.
Aug 24 16:38:10 witherspoon systemd[1]: Started Phosphor MBOX Daemon.
Aug 24 16:38:11 witherspoon kernel: ucd9000 11-0064: Device ID UCD90160|2.3.4.0000|110603
Aug 24 16:38:11 witherspoon kernel[954]: [  215.060000] ucd9000 11-0064: Device ID UCD90160|2.3.4.0000|110603
Aug 24 16:38:11 witherspoon obmc-flash-bios[1346]: '/var/lib/phosphor-software-manager/pnor/ro' -> '/media/pnor-ro-2b6dcac8'
Aug 24 16:38:11 witherspoon obmc-flash-bios[1346]: '/var/lib/phosphor-software-manager/pnor/rw' -> '/media/pnor-rw-2b6dcac8'
Aug 24 16:38:11 witherspoon systemd[1]: Started Updates symlinks for active PNOR version.
Aug 24 16:38:11 witherspoon mboxd[1363]: The operation failed internally.
Aug 24 16:38:11 witherspoon mboxd[1363]: terminate called after throwing an instance of 'sdbusplus::xyz::openbmc_project::Common::Error::InternalFailure'
Aug 24 16:38:11 witherspoon mboxd[1363]:   what():  xyz.openbmc_project.Common.Error.InternalFailure: The operation failed internally.
Aug 24 16:38:11 witherspoon mboxd[1363]: [ 1503592691.428844481] Partition HBB not found
Aug 24 16:38:11 witherspoon systemd[1]: mboxd.service: Main process exited, code=dumped, status=6/ABRT
Aug 24 16:38:11 witherspoon systemd[1]: mboxd.service: Unit entered failed state.
Aug 24 16:38:11 witherspoon systemd[1]: mboxd.service: Failed with result 'core-dump'.
Aug 24 16:38:11 witherspoon systemd[1]: Starting Updates symlinks for active PNOR version...
