[    0.650000] console [ttyS4] enabled
[    0.790000] timeriomem_rng 1e6e2078.hwrng: 32bits from 0xf00e2078 @ 1us
[    0.810000] random: fast init done
[    0.840000] brd: module loaded
[    0.870000] loop: module loaded
[    0.870000] aspeed-lpc-ctrl 1e789080.lpc-ctrl: Loaded at 0x98000000 (0x04000000)
[    0.880000] aspeed-smc 1e620000.flash-controller: Using IRQ 18
[    0.880000] aspeed-smc 1e620000.flash-controller: DMA support disabled.
[    0.900000] aspeed-smc 1e620000.flash-controller: mx25l25635e (32768 Kbytes)
[    0.900000] aspeed-smc 1e620000.flash-controller: CE0 window [ 0x20000000 - 0x22000000 ] 32MB
[    0.900000] aspeed-smc 1e620000.flash-controller: CE1 window [ 0x22000000 - 0x2a000000 ] 128MB
[    0.920000] 3 ofpart partitions found on MTD device bmc
[    0.920000] Creating 3 MTD partitions on "bmc":
[    0.920000] 0x000000000000-0x000000060000 : "u-boot"
[    0.920000] 0x000000060000-0x000000080000 : "u-boot-env"
[    0.960000] 0x000000080000-0x000002000000 : "obmc-ubi"
[    0.960000] aspeed-smc 1e620000.flash-controller: mx25l25635e (32768 Kbytes)
[    0.970000] aspeed-smc 1e620000.flash-controller: CE1 window [ 0x22000000 - 0x24000000 ] 32MB
[    0.970000] aspeed-smc 1e620000.flash-controller: CE2 window [ 0x24000000 - 0x2c000000 ] 128MB
[    0.990000] 3 ofpart partitions found on MTD device alt-bmc
[    0.990000] Creating 3 MTD partitions on "alt-bmc":
[    0.990000] 0x000000000000-0x000000060000 : "alt-u-boot"
[    1.020000] 0x000000060000-0x000000080000 : "alt-u-boot-env"
[    1.020000] 0x000000080000-0x000002000000 : "alt-obmc-ubi"
[    1.040000] aspeed-smc 1e630000.flash-controller: mx66l1g45g (131072 Kbytes)
[    1.050000] aspeed-smc 1e630000.flash-controller: CE0 window resized to 120MB (AST2500 HW quirk)
[    1.050000] aspeed-smc 1e630000.flash-controller: CE0 window [ 0x30000000 - 0x37800000 ] 120MB
[    1.050000] aspeed-smc 1e630000.flash-controller: CE0 window too small for chip 128MB
[    1.070000] aspeed-smc 1e630000.flash-controller: CE1 window [ 0x37800000 - 0x38000000 ] 8MB
[    1.820000] libphy: Fixed MDIO Bus: probed
[    1.820000] ftgmac100 1e660000.ethernet: Read MAC address 70:e2:84:14:2a:08 from chip
[    1.820000] ftgmac100 1e660000.ethernet: Using NCSI interface
[    1.820000] ftgmac100 1e660000.ethernet eth0: irq 20, mapped at f0060000
[    1.820000] ehci_hcd: USB 2.0 'Enhanced' Host Controller (EHCI) Driver
[    1.820000] ehci-platform: EHCI generic platform driver
[    2.050000] i2c /dev entries driver
[    2.050000] aspeed-i2c-bus 1e78a0c0.i2c-bus: i2c bus 2 registered, irq 26
[    2.050000] aspeed-i2c-bus 1e78a100.i2c-bus: i2c bus 3 registered, irq 27
[    2.050000] aspeed-i2c-bus 1e78a140.i2c-bus: i2c bus 4 registered, irq 28
[    2.050000] aspeed-i2c-bus 1e78a180.i2c-bus: i2c bus 5 registered, irq 29
[    2.050000] aspeed-i2c-bus 1e78a380.i2c-bus: i2c bus 9 registered, irq 30
[    2.050000] aspeed-i2c-bus 1e78a3c0.i2c-bus: i2c bus 10 registered, irq 31
[    2.050000] rtc-rv8803 11-0032: Voltage low, temperature compensation stopped.
[    2.050000] rtc-rv8803 11-0032: An alarm maybe have been missed.
[    2.150000] rtc-rv8803 11-0032: rtc core: registered rx8900 as rtc0
[    2.160000] at24 11-0051: 8192 byte 24c64 EEPROM, writable, 1 bytes/write
[    2.160000] aspeed-i2c-bus 1e78a400.i2c-bus: i2c bus 11 registered, irq 32
[    2.160000] aspeed-i2c-bus 1e78a440.i2c-bus: i2c bus 12 registered, irq 33
[    2.160000] aspeed-i2c-bus 1e78a480.i2c-bus: i2c bus 13 registered, irq 34
[    2.160000] Driver for 1-wire Dallas network protocol.
[    2.160000] lm75 9-004a: hwmon0: sensor 'tmp275'
[    2.240000] random: crng init done
[    3.900000] ucd9000 11-0064: Device ID UCD90160|2.3.4.0000|110603
[    4.590000] leds-pca955x 3-0060: leds-pca955x: Using pca9552 16-bit LED driver at slave address 0x60
[    4.610000] leds-pca955x 3-0060: gpios 238...253
[    4.610000] leds-pca955x 11-0060: leds-pca955x: Using pca9552 16-bit LED driver at slave address 0x60
[    4.620000] leds-pca955x 11-0060: gpios 222...237
[    4.630000] usbcore: registered new interface driver usbhid
[    4.630000] usbhid: USB HID core driver
[    4.660000] dps310 3-0076: iio:device1: sensor 'dps310'
[    4.660000] NET: Registered protocol family 10
[    4.670000] Segment Routing with IPv6
[    4.670000] NET: Registered protocol family 17
[    4.670000] 8021q: 802.1Q VLAN Support v1.8
[    4.690000] input: gpio-keys-polled as /devices/platform/gpio-keys-polled/input/input1
[    4.720000] ubi0: default fastmap pool size: 25
[    4.730000] ubi0: default fastmap WL pool size: 12
[    4.730000] ubi0: attaching mtd3
[    4.740000] ubi0: scanning is finished
[    4.760000] ubi0: attached mtd3 (name "obmc-ubi", size 31 MiB)
[    4.760000] ubi0: PEB size: 65536 bytes (64 KiB), LEB size: 65408 bytes
[    4.780000] ubi0: min./max. I/O unit sizes: 1/256, sub-page size 1
[    4.780000] ubi0: VID header offset: 64 (aligned 64), data offset: 128
[    4.780000] ubi0: good PEBs: 504, bad PEBs: 0, corrupted PEBs: 0
[    4.780000] ubi0: user volume: 4, internal volumes: 1, max. volumes count: 128
[    4.810000] ubi0: max/mean erase counter: 59/37, WL threshold: 4096, image sequence number: 1358235831
[    4.810000] ubi0: available PEBs: 46, total reserved PEBs: 458, PEBs reserved for bad PEB handling: 0
[    4.810000] ubi0: background thread "ubi_bgt0d" started, PID 507
[    4.810000] ubi4: default fastmap pool size: 25
[    4.810000] ubi4: default fastmap WL pool size: 12
[    4.840000] ubi4: attaching mtd7
[    4.880000] ubi4: scanning is finished
[    4.920000] ubi4: attached mtd7 (name "alt-obmc-ubi", size 31 MiB)
[    4.920000] ubi4: PEB size: 65536 bytes (64 KiB), LEB size: 65408 bytes
[    4.920000] ubi4: min./max. I/O unit sizes: 1/256, sub-page size 1
[    4.920000] ubi4: VID header offset: 64 (aligned 64), data offset: 128
[    4.920000] ubi4: good PEBs: 504, bad PEBs: 0, corrupted PEBs: 0
[    4.970000] ubi4: user volume: 4, internal volumes: 1, max. volumes count: 128
[    4.970000] ubi4: max/mean erase counter: 23/18, WL threshold: 4096, image sequence number: 1358235831
[    4.970000] ubi4: available PEBs: 46, total reserved PEBs: 458, PEBs reserved for bad PEB handling: 0
[    4.970000] ubi4: background thread "ubi_bgt4d" started, PID 513
[    7.780000] block ubiblock0_0: created from ubi0:0(rofs-0fab445b)
[    7.780000] console [netcon0] enabled
[    7.780000] netconsole: network logging started
[    7.780000] input: gpio-keys as /devices/platform/gpio-keys/input/input2
[    7.780000] rtc-rv8803 11-0032: setting system clock to 2017-10-26 00:58:24 UTC (1508979504)
[    7.780000] VFS: Mounted root (squashfs filesystem) readonly on device 254:0.
[    7.780000] devtmpfs: mounted
[    7.780000] Freeing unused kernel memory: 284K
[    7.780000] This architecture does not have kernel memory protection.
[    9.580000] systemd[1]: Failed to insert module 'autofs4': No such file or directory
[    9.750000] systemd[1]: systemd 232 running in system mode. (+PAM -AUDIT -SELINUX -IMA -APPARMOR -SMACK +SYSVINIT -UTMP -LIBCRYPTSETUP -GCRYPT -GNUTLS +ACL +XZ -LZ4 -SECCOMP +BLKID -ELFUTILS +KMOD -IDN)
[    9.750000] systemd[1]: Detected architecture arm.
[    9.910000] systemd[1]: Set hostname to <witherspoon>.
[    9.940000] systemd[1]: Initializing machine ID from random generator.
[    9.970000] systemd[1]: Installed transient /etc/machine-id file.
[   11.620000] systemd[1]: Listening on Syslog Socket.
[   11.700000] systemd[1]: Listening on Journal Socket (/dev/log).
[   11.740000] systemd[1]: Listening on Network Service Netlink Socket.
[   11.780000] systemd[1]: Reached target Swap.
[   11.820000] systemd[1]: Listening on Process Core Dump Socket.
[   20.740000] UBIFS (ubi0:2): UBIFS: mounted UBI device 0, volume 2, name "rwfs"
[   20.740000] UBIFS (ubi0:2): LEB size: 65408 bytes (63 KiB), min./max. I/O unit sizes: 8 bytes/256 bytes
[   20.740000] UBIFS (ubi0:2): FS size: 3597440 bytes (3 MiB, 55 LEBs), journal size 719488 bytes (0 MiB, 11 LEBs)
[   20.740000] UBIFS (ubi0:2): reserved for root: 0 bytes (0 KiB)
[   20.740000] UBIFS (ubi0:2): media format: w4/r0 (latest is w5/r0), UUID F6AF7850-1C6E-4E2A-94BB-A56899CAF080, small LPT model
[   20.740000] UBIFS (ubi0:2): background thread "ubifs_bgt0_2" started, PID 941
[   21.570000] systemd-journald[534]: Received request to flush runtime journal from PID 1
[   31.620000] ubi8: default fastmap pool size: 100
[   31.620000] ubi8: default fastmap WL pool size: 50
[   31.620000] ubi8: attaching mtd8
[   33.650000] ubi8: scanning is finished
[   33.710000] ubi8: attached mtd8 (name "pnor", size 128 MiB)
[   33.710000] ubi8: PEB size: 65536 bytes (64 KiB), LEB size: 65408 bytes
[   33.710000] ubi8: min./max. I/O unit sizes: 1/256, sub-page size 1
[   33.750000] ubi8: VID header offset: 64 (aligned 64), data offset: 128
[   33.750000] ubi8: good PEBs: 2048, bad PEBs: 0, corrupted PEBs: 0
[   33.750000] ubi8: user volume: 4, internal volumes: 1, max. volumes count: 128
[   33.750000] ubi8: max/mean erase counter: 1/0, WL threshold: 4096, image sequence number: 567203918
[   33.750000] ubi8: available PEBs: 1110, total reserved PEBs: 938, PEBs reserved for bad PEB handling: 0
[   33.750000] ubi8: background thread "ubi_bgt8d" started, PID 1029
[   34.310000] ubi: ubi0 already exists
[   35.420000] 8021q: adding VLAN 0 to HW filter on device eth0
[   38.970000] ubi: ubi4 already exists
[   39.400000] ftgmac100 1e660000.ethernet eth0: ncsi: removed vlan tag 0 at index 1
[   39.400000] ftgmac100 1e660000.ethernet eth0: ncsi: removed vlan tag 0 at index 2
[   39.400000] ftgmac100 1e660000.ethernet eth0: no vlan ids left to set
[   39.400000] ftgmac100 1e660000.ethernet eth0: NCSI interface up
[   51.520000] block ubiblock8_0: created from ubi8:0(pnor-ro-390e9d0f)
[   51.520000] UBIFS (ubi8:1): UBIFS: mounted UBI device 8, volume 1, name "pnor-rw-390e9d0f"
[   51.520000] UBIFS (ubi8:1): LEB size: 65408 bytes (63 KiB), min./max. I/O unit sizes: 8 bytes/256 bytes
[   51.520000] UBIFS (ubi8:1): FS size: 16155776 bytes (15 MiB, 247 LEBs), journal size 784896 bytes (0 MiB, 12 LEBs)
[   51.520000] UBIFS (ubi8:1): reserved for root: 763076 bytes (745 KiB)
[   51.520000] UBIFS (ubi8:1): media format: w5/r0 (latest is w5/r0), UUID 4D29FA48-B6BF-4AE4-94BE-058B8001E16F, small LPT model
[   51.840000] UBIFS (ubi8:1): background thread "ubifs_bgt8_1" started, PID 1103
[   51.840000] UBIFS (ubi8:2): UBIFS: mounted UBI device 8, volume 2, name "pnor-prsv"
[   51.840000] UBIFS (ubi8:2): LEB size: 65408 bytes (63 KiB), min./max. I/O unit sizes: 8 bytes/256 bytes
[   51.840000] UBIFS (ubi8:2): FS size: 1504384 bytes (1 MiB, 23 LEBs), journal size 523265 bytes (0 MiB, 6 LEBs)
[   51.840000] UBIFS (ubi8:2): reserved for root: 71055 bytes (69 KiB)
[   51.840000] UBIFS (ubi8:2): media format: w5/r0 (latest is w5/r0), UUID 65D2C8B2-CAAA-4F86-8671-DC0B711C9917, small LPT model
[   51.840000] UBIFS (ubi8:2): background thread "ubifs_bgt8_2" started, PID 1112
[   71.760000] block ubiblock4_0: created from ubi4:0(rofs-347855ea)
[   98.220000] UBIFS (ubi8:3): UBIFS: mounted UBI device 8, volume 3, name "pnor-patch"
[   98.220000] UBIFS (ubi8:3): LEB size: 65408 bytes (63 KiB), min./max. I/O unit sizes: 8 bytes/256 bytes
[   98.380000] UBIFS (ubi8:3): FS size: 16155776 bytes (15 MiB, 247 LEBs), journal size 784896 bytes (0 MiB, 12 LEBs)
[   98.380000] UBIFS (ubi8:3): reserved for root: 763076 bytes (745 KiB)
[   98.380000] UBIFS (ubi8:3): media format: w5/r0 (latest is w5/r0), UUID 48C40BD7-B197-4A44-BC5D-4232452EB5F6, small LPT model
[   98.380000] UBIFS (ubi8:3): background thread "ubifs_bgt8_3" started, PID 1231
[  132.070000] ftgmac100 1e660000.ethernet eth0: NCSI interface down
[  132.310000] 8021q: adding VLAN 0 to HW filter on device eth0
[  133.580000] ftgmac100 1e660000.ethernet eth0: no vlan ids left to set
[  133.600000] ftgmac100 1e660000.ethernet eth0: NCSI interface up
[  154.710000] ftgmac100 1e660000.ethernet eth0: NCSI interface down
[  154.860000] 8021q: adding VLAN 0 to HW filter on device eth0
[  156.040000] ftgmac100 1e660000.ethernet eth0: no vlan ids left to set
[  156.040000] ftgmac100 1e660000.ethernet eth0: NCSI interface up
[  245.860000] ucd9000 11-0064: Device ID UCD90160|2.3.4.0000|110603
[  248.620000] ucd9000 11-0064: Device ID UCD90160|2.3.4.0000|110603
[  261.890000] occ-hwmon occ1-dev0: failed to get OCC poll response: -19
[  262.700000] occ-hwmon occ2-dev0: failed to get OCC poll response: -19
[  454.080000] occ-hwmon occ1-dev0: occ bus op failed rc:-125
[  456.420000] occ-hwmon occ2-dev0: occ bus op failed rc:-125
[  505.940000] ucd9000 11-0064: Device ID UCD90160|2.3.4.0000|110603
[  507.970000] ucd9000 11-0064: Device ID UCD90160|2.3.4.0000|110603
[  519.180000] occ-hwmon occ1-dev0: failed to get OCC poll response: -19
[  519.650000] occ-hwmon occ2-dev0: failed to get OCC poll response: -19
[  739.880000] occ-hwmon occ1-dev0: occ bus op failed rc:-125
[  740.790000] occ-hwmon occ2-dev0: occ bus op failed rc:-125
