-- Logs begin at Wed 2017-08-09 00:54:06 UTC, end at Wed 2017-08-09 01:10:30 UTC. --
Aug 09 00:54:06 witherspoon kernel: Booting Linux on physical CPU 0x0
Aug 09 00:54:06 witherspoon kernel: Linux version 4.10.17-baeb50beb784ac5993d2bfb5d06d909971b60506 (jenkins@openbmc-builder1) (gcc version 6.2.0 (GCC) ) #1 Tue Aug 8 21:19:50 UTC 2017
Aug 09 00:54:06 witherspoon kernel: CPU: ARMv6-compatible processor [410fb767] revision 7 (ARMv7), cr=00c5387d
Aug 09 00:54:06 witherspoon kernel: CPU: PIPT / VIPT nonaliasing data cache, VIPT nonaliasing instruction cache
Aug 09 00:54:06 witherspoon kernel: OF: fdt:Machine model: Witherspoon BMC
Aug 09 00:54:06 witherspoon kernel: Memory policy: Data cache writeback
Aug 09 00:54:06 witherspoon kernel: SOC Rev: 04030303
Aug 09 00:54:06 witherspoon kernel: On node 0 totalpages: 110592
Aug 09 00:54:06 witherspoon kernel: free_area_init_node: node 0, pgdat 805ff5f4, node_mem_map 9ec1a000
Aug 09 00:54:06 witherspoon kernel:   Normal zone: 992 pages used for memmap
Aug 09 00:54:06 witherspoon kernel:   Normal zone: 0 pages reserved
Aug 09 00:54:06 witherspoon kernel:   Normal zone: 110592 pages, LIFO batch:31
Aug 09 00:54:06 witherspoon kernel: pcpu-alloc: s0 r0 d32768 u32768 alloc=1*32768
Aug 09 00:54:06 witherspoon kernel: pcpu-alloc: [0] 0 
Aug 09 00:54:06 witherspoon kernel: Built 1 zonelists in Zone order, mobility grouping on.  Total pages: 109600
Aug 09 00:54:06 witherspoon kernel: Kernel command line: console=ttyS4,115200n8 root=/dev/ram rw
Aug 09 00:54:06 witherspoon kernel: PID hash table entries: 2048 (order: 1, 8192 bytes)
Aug 09 00:54:06 witherspoon kernel: Dentry cache hash table entries: 65536 (order: 6, 262144 bytes)
Aug 09 00:54:06 witherspoon kernel: Inode-cache hash table entries: 32768 (order: 5, 131072 bytes)
Aug 09 00:54:06 witherspoon kernel: Memory: 430428K/442368K available (4065K kernel code, 280K rwdata, 1192K rodata, 284K init, 111K bss, 11940K reserved, 0K cma-reserved)
Aug 09 00:54:06 witherspoon kernel: Virtual kernel memory layout:
                                        vector  : 0xffff0000 - 0xffff1000   (   4 kB)
                                        fixmap  : 0xffc00000 - 0xfff00000   (3072 kB)
                                        vmalloc : 0x9f800000 - 0xff800000   (1536 MB)
                                        lowmem  : 0x80000000 - 0x9f000000   ( 496 MB)
                                          .text : 0x80008000 - 0x80400950   (4067 kB)
                                          .init : 0x80585000 - 0x805cc000   ( 284 kB)
                                          .data : 0x805cc000 - 0x80612358   ( 281 kB)
                                           .bss : 0x80612358 - 0x8062e1f8   ( 112 kB)
Aug 09 00:54:06 witherspoon kernel: NR_IRQS:16 nr_irqs:16 16
Aug 09 00:54:06 witherspoon kernel: i2c controller registered, irq 16
Aug 09 00:54:06 witherspoon kernel: clocksource: moxart_timer: mask: 0xffffffff max_cycles: 0xffffffff, max_idle_ns: 77222644334 ns
Aug 09 00:54:06 witherspoon kernel: sched_clock: 32 bits at 100 Hz, resolution 10000000ns, wraps every 21474836475000000ns
Aug 09 00:54:06 witherspoon kernel: Calibrating delay loop... 789.70 BogoMIPS (lpj=3948544)
Aug 09 00:54:06 witherspoon kernel: pid_max: default: 32768 minimum: 301
Aug 09 00:54:06 witherspoon kernel: Mount-cache hash table entries: 1024 (order: 0, 4096 bytes)
Aug 09 00:54:06 witherspoon kernel: Mountpoint-cache hash table entries: 1024 (order: 0, 4096 bytes)
Aug 09 00:54:06 witherspoon kernel: CPU: Testing write buffer coherency: ok
Aug 09 00:54:06 witherspoon kernel: ftrace: allocating 14934 entries in 44 pages
Aug 09 00:54:06 witherspoon kernel: Setting up static identity map for 0x80008200 - 0x8000825c
Aug 09 00:54:06 witherspoon kernel: devtmpfs: initialized
Aug 09 00:54:06 witherspoon kernel: clocksource: jiffies: mask: 0xffffffff max_cycles: 0xffffffff, max_idle_ns: 19112604462750000 ns
Aug 09 00:54:06 witherspoon kernel: futex hash table entries: 256 (order: -1, 3072 bytes)
Aug 09 00:54:06 witherspoon kernel: pinctrl core: initialized pinctrl subsystem
Aug 09 00:54:06 witherspoon kernel: NET: Registered protocol family 16
Aug 09 00:54:06 witherspoon kernel: DMA: preallocated 256 KiB pool for atomic coherent allocations
Aug 09 00:54:06 witherspoon kernel: usbcore: registered new interface driver usbfs
Aug 09 00:54:06 witherspoon kernel: usbcore: registered new interface driver hub
Aug 09 00:54:06 witherspoon kernel: usbcore: registered new device driver usb
Aug 09 00:54:06 witherspoon kernel: clocksource: Switched to clocksource moxart_timer
Aug 09 00:54:06 witherspoon kernel: NET: Registered protocol family 2
Aug 09 00:54:06 witherspoon kernel: TCP established hash table entries: 4096 (order: 2, 16384 bytes)
Aug 09 00:54:06 witherspoon kernel: TCP bind hash table entries: 4096 (order: 2, 16384 bytes)
Aug 09 00:54:06 witherspoon kernel: TCP: Hash tables configured (established 4096 bind 4096)
Aug 09 00:54:06 witherspoon kernel: UDP hash table entries: 256 (order: 0, 4096 bytes)
Aug 09 00:54:06 witherspoon kernel: UDP-Lite hash table entries: 256 (order: 0, 4096 bytes)
Aug 09 00:54:06 witherspoon kernel: NET: Registered protocol family 1
Aug 09 00:54:06 witherspoon kernel: Trying to unpack rootfs image as initramfs...
Aug 09 00:54:06 witherspoon kernel: Freeing initrd memory: 1548K
Aug 09 00:54:06 witherspoon kernel: workingset: timestamp_bits=30 max_order=17 bucket_order=0
Aug 09 00:54:06 witherspoon kernel: squashfs: version 4.0 (2009/01/31) Phillip Lougher
Aug 09 00:54:06 witherspoon kernel: jffs2: version 2.2. (SUMMARY)  © 2001-2006 Red Hat, Inc.
Aug 09 00:54:06 witherspoon kernel: Block layer SCSI generic (bsg) driver version 0.4 loaded (major 250)
Aug 09 00:54:06 witherspoon kernel: io scheduler noop registered
Aug 09 00:54:06 witherspoon kernel: io scheduler deadline registered
Aug 09 00:54:06 witherspoon kernel: io scheduler cfq registered (default)
Aug 09 00:54:06 witherspoon kernel: ipmi-bt-host 1e789140.ibt: Found bt bmc device
Aug 09 00:54:06 witherspoon kernel: ipmi-bt-host 1e789140.ibt: Using IRQ 22
Aug 09 00:54:06 witherspoon kernel: Serial: 8250/16550 driver, 6 ports, IRQ sharing enabled
Aug 09 00:54:06 witherspoon kernel: 1e787000.vuart: ttyS0 at MMIO 0x1e787000 (irq = 22, base_baud = 1500000) is a 16550A
Aug 09 00:54:06 witherspoon kernel: 1e783000.serial: ttyS1 at MMIO 0x1e783000 (irq = 23, base_baud = 1500000) is a 16550A
Aug 09 00:54:06 witherspoon kernel: 1e78d000.serial: ttyS2 at MMIO 0x1e78d000 (irq = 24, base_baud = 1500000) is a 16550A
Aug 09 00:54:06 witherspoon kernel: 1e784000.serial: ttyS4 at MMIO 0x1e784000 (irq = 25, base_baud = 1500000) is a 16550A
Aug 09 00:54:06 witherspoon kernel: console [ttyS4] enabled
Aug 09 00:54:06 witherspoon kernel: timeriomem_rng 1e6e2078.hwrng: 32bits from 0xf00e2078 @ 1us
Aug 09 00:54:06 witherspoon kernel: random: fast init done
Aug 09 00:54:06 witherspoon kernel: random: crng init done
Aug 09 00:54:06 witherspoon kernel: brd: module loaded
Aug 09 00:54:06 witherspoon kernel: loop: module loaded
Aug 09 00:54:06 witherspoon kernel: aspeed-lpc-ctrl 1e789080.lpc-ctrl: Loaded at 0x98000000 (0x04000000)
Aug 09 00:54:06 witherspoon kernel: aspeed-smc 1e620000.flash-controller: Using IRQ 18
Aug 09 00:54:06 witherspoon kernel: aspeed-smc 1e620000.flash-controller: DMA support disabled.
Aug 09 00:54:06 witherspoon kernel: aspeed-smc 1e620000.flash-controller: mx25l25635e (32768 Kbytes)
Aug 09 00:54:06 witherspoon kernel: aspeed-smc 1e620000.flash-controller: CE0 window [ 0x20000000 - 0x22000000 ] 32MB
Aug 09 00:54:06 witherspoon kernel: aspeed-smc 1e620000.flash-controller: CE1 window [ 0x22000000 - 0x2a000000 ] 128MB
Aug 09 00:54:06 witherspoon kernel: 5 ofpart partitions found on MTD device bmc
Aug 09 00:54:06 witherspoon kernel: Creating 5 MTD partitions on "bmc":
Aug 09 00:54:06 witherspoon kernel: 0x000000000000-0x000000060000 : "u-boot"
Aug 09 00:54:06 witherspoon kernel: 0x000000060000-0x000000080000 : "u-boot-env"
Aug 09 00:54:06 witherspoon kernel: 0x000000080000-0x0000004c0000 : "kernel"
Aug 09 00:54:06 witherspoon kernel: 0x0000004c0000-0x000001c00000 : "rofs"
Aug 09 00:54:06 witherspoon kernel: 0x000001c00000-0x000002000000 : "rwfs"
Aug 09 00:54:06 witherspoon kernel: aspeed-smc 1e620000.flash-controller: mx25l25635e (32768 Kbytes)
Aug 09 00:54:06 witherspoon kernel: aspeed-smc 1e620000.flash-controller: CE1 window [ 0x22000000 - 0x24000000 ] 32MB
Aug 09 00:54:06 witherspoon kernel: aspeed-smc 1e620000.flash-controller: CE2 window [ 0x24000000 - 0x2c000000 ] 128MB
Aug 09 00:54:06 witherspoon kernel: aspeed-smc 1e630000.flash-controller: mx66l1g45g (131072 Kbytes)
Aug 09 00:54:06 witherspoon kernel: aspeed-smc 1e630000.flash-controller: CE0 window resized to 120MB (AST2500 HW quirk)
Aug 09 00:54:06 witherspoon kernel: aspeed-smc 1e630000.flash-controller: CE0 window [ 0x30000000 - 0x37800000 ] 120MB
Aug 09 00:54:06 witherspoon kernel: aspeed-smc 1e630000.flash-controller: CE0 window too small for chip 128MB
Aug 09 00:54:06 witherspoon kernel: aspeed-smc 1e630000.flash-controller: CE1 window [ 0x37800000 - 0x38000000 ] 8MB
Aug 09 00:54:06 witherspoon kernel: libphy: Fixed MDIO Bus: probed
Aug 09 00:54:06 witherspoon kernel: ftgmac100 1e660000.ethernet: Read MAC address 70:e2:84:14:23:e1 from chip
Aug 09 00:54:06 witherspoon kernel: ftgmac100 1e660000.ethernet: Using NCSI interface
Aug 09 00:54:06 witherspoon kernel: ftgmac100 1e660000.ethernet eth0: irq 20, mapped at f0060000
Aug 09 00:54:06 witherspoon kernel: ehci_hcd: USB 2.0 'Enhanced' Host Controller (EHCI) Driver
Aug 09 00:54:06 witherspoon kernel: ehci-platform: EHCI generic platform driver
Aug 09 00:54:06 witherspoon kernel:  fsi0: can't read slave 00:00 -5
Aug 09 00:54:06 witherspoon kernel: i2c /dev entries driver
Aug 09 00:54:06 witherspoon kernel: aspeed-i2c-bus 1e78a0c0.i2c-bus: i2c bus 2 registered, irq 26
Aug 09 00:54:06 witherspoon kernel: aspeed-i2c-bus 1e78a100.i2c-bus: i2c bus 3 registered, irq 27
Aug 09 00:54:06 witherspoon kernel: aspeed-i2c-bus 1e78a140.i2c-bus: i2c bus 4 registered, irq 28
Aug 09 00:54:06 witherspoon kernel: aspeed-i2c-bus 1e78a180.i2c-bus: i2c bus 5 registered, irq 29
Aug 09 00:54:06 witherspoon kernel: aspeed-i2c-bus 1e78a380.i2c-bus: i2c bus 9 registered, irq 30
Aug 09 00:54:06 witherspoon kernel: aspeed-i2c-bus 1e78a3c0.i2c-bus: i2c bus 10 registered, irq 31
Aug 09 00:54:06 witherspoon kernel: rtc-rv8803 11-0032: Voltage low, temperature compensation stopped.
Aug 09 00:54:06 witherspoon kernel: rtc-rv8803 11-0032: An alarm maybe have been missed.
Aug 09 00:54:06 witherspoon kernel: rtc-rv8803 11-0032: rtc core: registered rx8900 as rtc0
Aug 09 00:54:06 witherspoon kernel: at24 11-0051: 8192 byte 24c64 EEPROM, writable, 1 bytes/write
Aug 09 00:54:06 witherspoon kernel: aspeed-i2c-bus 1e78a400.i2c-bus: i2c bus 11 registered, irq 32
Aug 09 00:54:06 witherspoon kernel: aspeed-i2c-bus 1e78a440.i2c-bus: i2c bus 12 registered, irq 33
Aug 09 00:54:06 witherspoon kernel: aspeed-i2c-bus 1e78a480.i2c-bus: i2c bus 13 registered, irq 34
Aug 09 00:54:06 witherspoon kernel: Driver for 1-wire Dallas network protocol.
Aug 09 00:54:06 witherspoon kernel: lm75 9-004a: hwmon0: sensor 'tmp275'
Aug 09 00:54:06 witherspoon kernel: ucd9000 11-0064: Device ID UCD90160|2.3.4.0000|110603
Aug 09 00:54:06 witherspoon kernel: leds-pca955x 3-0060: leds-pca955x: Using pca9552 16-bit LED driver at slave address 0x60
Aug 09 00:54:06 witherspoon kernel: leds-pca955x 3-0060: gpios 264...279
Aug 09 00:54:06 witherspoon kernel: leds-pca955x 11-0060: leds-pca955x: Using pca9552 16-bit LED driver at slave address 0x60
Aug 09 00:54:06 witherspoon kernel: leds-pca955x 11-0060: gpios 248...263
Aug 09 00:54:06 witherspoon kernel: usbcore: registered new interface driver usbhid
Aug 09 00:54:06 witherspoon kernel: usbhid: USB HID core driver
Aug 09 00:54:06 witherspoon kernel: NET: Registered protocol family 10
Aug 09 00:54:06 witherspoon kernel: Segment Routing with IPv6
Aug 09 00:54:06 witherspoon kernel: NET: Registered protocol family 17
Aug 09 00:54:06 witherspoon kernel: 8021q: 802.1Q VLAN Support v1.8
Aug 09 00:54:06 witherspoon kernel: console [netcon0] enabled
Aug 09 00:54:06 witherspoon kernel: netconsole: network logging started
Aug 09 00:54:06 witherspoon kernel: input: gpio-keys as /devices/platform/gpio-keys/input/input0
Aug 09 00:54:06 witherspoon kernel: rtc-rv8803 11-0032: setting system clock to 2017-08-09 00:53:59 UTC (1502240039)
Aug 09 00:54:06 witherspoon kernel: Freeing unused kernel memory: 284K
Aug 09 00:54:06 witherspoon kernel: This architecture does not have kernel memory protection.
Aug 09 00:54:06 witherspoon kernel: jffs2: notice: (531) jffs2_build_xattr_subsystem: complete building xattr subsystem, 1 of xdatum (0 unchecked, 0 orphan) and 11 of xref (0 dead, 1 orphan) found.
Aug 09 00:54:06 witherspoon systemd[1]: Failed to insert module 'autofs4': No such file or directory
Aug 09 00:54:06 witherspoon systemd[1]: systemd 232 running in system mode. (+PAM -AUDIT -SELINUX -IMA -APPARMOR -SMACK +SYSVINIT -UTMP -LIBCRYPTSETUP -GCRYPT -GNUTLS +ACL +XZ -LZ4 -SECCOMP +BLKID -ELFUTILS +KMOD -IDN)
Aug 09 00:54:06 witherspoon systemd[1]: Detected architecture arm.
Aug 09 00:54:06 witherspoon systemd[1]: Set hostname to <witherspoon>.
Aug 09 00:54:06 witherspoon systemd[1]: Started Dispatch Password Requests to Console Directory Watch.
Aug 09 00:54:06 witherspoon systemd[1]: Reached target Swap.
Aug 09 00:54:06 witherspoon systemd[1]: Reached target Remote File Systems.
Aug 09 00:54:06 witherspoon systemd[1]: Listening on udev Kernel Socket.
Aug 09 00:54:06 witherspoon systemd[1]: Listening on Network Service Netlink Socket.
Aug 09 00:54:06 witherspoon systemd[1]: Listening on Journal Socket.
Aug 09 00:54:06 witherspoon systemd[1]: Listening on Syslog Socket.
Aug 09 00:54:06 witherspoon systemd-journald[549]: Journal started
Aug 09 00:54:06 witherspoon systemd-journald[549]: Runtime journal (/run/log/journal/cc6e1404d87444e8a089dfdb00a18f7d) is 0B, max 0B, 0B free.
Aug 09 00:54:07 witherspoon systemd[1]: Started Remount Root and Kernel File Systems.
Aug 09 00:54:07 witherspoon systemd[1]: Starting Create System Users...
Aug 09 00:54:07 witherspoon systemd[1]: Starting Flush Journal to Persistent Storage...
Aug 09 00:54:07 witherspoon systemd-sysctl[561]: Couldn't write '16' to 'kernel/sysrq', ignoring: No such file or directory
Aug 09 00:54:07 witherspoon systemd-sysctl[561]: Couldn't write 'fq_codel' to 'net/core/default_qdisc', ignoring: No such file or directory
Aug 09 00:54:07 witherspoon systemd[1]: Started Create System Users.
Aug 09 00:54:07 witherspoon systemd[1]: Started Apply Kernel Variables.
Aug 09 00:54:07 witherspoon systemd[1]: Starting Create Static Device Nodes in /dev...
Aug 09 00:54:07 witherspoon systemd-journald[549]: Runtime journal (/run/log/journal/cc6e1404d87444e8a089dfdb00a18f7d) is 0B, max 0B, 0B free.
Aug 09 00:54:07 witherspoon systemd[1]: Started Flush Journal to Persistent Storage.
Aug 09 00:54:07 witherspoon systemd[1]: Started Create Static Device Nodes in /dev.
Aug 09 00:54:08 witherspoon systemd[1]: Reached target Local File Systems (Pre).
Aug 09 00:54:08 witherspoon systemd[1]: Mounting /var/volatile...
Aug 09 00:54:08 witherspoon systemd[1]: Starting udev Kernel Device Manager...
Aug 09 00:54:08 witherspoon systemd[1]: Mounted /var/volatile.
Aug 09 00:54:08 witherspoon systemd[1]: Reached target Local File Systems.
Aug 09 00:54:08 witherspoon systemd[1]: Starting Rebuild Journal Catalog...
Aug 09 00:54:08 witherspoon systemd[1]: Starting Create Volatile Files and Directories...
Aug 09 00:54:08 witherspoon systemd[1]: Starting Load/Save Random Seed...
Aug 09 00:54:08 witherspoon systemd[1]: Started Load/Save Random Seed.
Aug 09 00:54:08 witherspoon systemd[1]: Started Rebuild Journal Catalog.
Aug 09 00:54:08 witherspoon systemd[1]: Starting Update is Completed...
Aug 09 00:54:08 witherspoon systemd[1]: Started udev Kernel Device Manager.
Aug 09 00:54:09 witherspoon systemd[1]: Started Update is Completed.
Aug 09 00:54:09 witherspoon systemd-tmpfiles[675]: "/var/tmp" already exists and is not a directory.
Aug 09 00:54:09 witherspoon systemd-tmpfiles[675]: "/var/log" already exists and is not a directory.
Aug 09 00:54:09 witherspoon systemd[1]: Started Create Volatile Files and Directories.
Aug 09 00:54:09 witherspoon systemd[1]: Starting Network Time Synchronization...
Aug 09 00:54:10 witherspoon systemd[1]: Started udev Coldplug all Devices.
Aug 09 00:54:10 witherspoon systemd[1]: Found device /dev/aspeed-lpc-ctrl.
Aug 09 00:54:11 witherspoon systemd[1]: Found device /dev/aspeed-mbox.
Aug 09 00:54:11 witherspoon systemd[1]: Created slice system-xyz.openbmc_project.Hwmon.slice.
Aug 09 00:54:11 witherspoon systemd[1]: dev-hugepages.mount: Couldn't determine result for ConditionVirtualization=!private-users, assuming failed: No such file or directory
Aug 09 00:54:11 witherspoon systemd[1]: Started Network Time Synchronization.
Aug 09 00:54:11 witherspoon systemd[1]: Found device /dev/ttyS4.
Aug 09 00:54:11 witherspoon systemd[1]: Reached target System Initialization.
Aug 09 00:54:11 witherspoon systemd[1]: Listening on dropbear.socket.
Aug 09 00:54:11 witherspoon systemd[1]: Listening on Phosphor DBUS Browser socket.
Aug 09 00:54:11 witherspoon systemd[1]: Listening on phosphor-ipmi-net.socket.
Aug 09 00:54:11 witherspoon systemd[1]: Started Daily Cleanup of Temporary Directories.
Aug 09 00:54:12 witherspoon systemd[1]: Reached target Timers.
Aug 09 00:54:12 witherspoon systemd[1]: Listening on D-Bus System Message Bus Socket.
Aug 09 00:54:12 witherspoon systemd[1]: Listening on Avahi mDNS/DNS-SD Stack Activation Socket.
Aug 09 00:54:12 witherspoon systemd[1]: Listening on Phosphor Host Console SSH Per-Connection socket.
Aug 09 00:54:12 witherspoon systemd[1]: Listening on Phosphor Webserver socket.
Aug 09 00:54:12 witherspoon systemd[1]: Reached target Sockets.
Aug 09 00:54:12 witherspoon systemd[1]: Reached target Basic System.
Aug 09 00:54:12 witherspoon systemd[1]: Starting Clear one time boot overrides...
Aug 09 00:54:12 witherspoon systemd[1]: Starting OpenBMC Software Update Manager...
Aug 09 00:54:12 witherspoon systemd[1]: Started Kernel Logging Service.
Aug 09 00:54:12 witherspoon systemd[1]: Starting Phosphor Settings Daemon...
Aug 09 00:54:12 witherspoon systemd[1]: Starting Phosphor Dump Manager...
Aug 09 00:54:12 witherspoon systemd[1]: Started System Logging Service.
Aug 09 00:54:12 witherspoon systemd[1]: Starting Phosphor Sensor Manager...
Aug 09 00:54:12 witherspoon systemd[1]: Starting Phosphor User Manager...
Aug 09 00:54:12 witherspoon systemd[1]: Starting Phosphor Network Manager...
Aug 09 00:54:12 witherspoon systemd[1]: Starting Phosphor Download Manager...
Aug 09 00:54:12 witherspoon systemd[1]: Started D-Bus System Message Bus.
Aug 09 00:54:14 witherspoon kernel[950]: klogd started: BusyBox v1.24.1 (2017-06-16 19:29:08 UTC)
Aug 09 00:54:14 witherspoon kernel[950]: [    0.000000] Booting Linux on physical CPU 0x0
Aug 09 00:54:14 witherspoon kernel[950]: [    0.000000] Linux version 4.10.17-baeb50beb784ac5993d2bfb5d06d909971b60506 (jenkins@openbmc-builder1) (gcc version 6.2.0 (GCC) ) #1 Tue Aug 8 21:19:50 UTC 2017
Aug 09 00:54:14 witherspoon kernel[950]: [    0.000000] CPU: ARMv6-compatible processor [410fb767] revision 7 (ARMv7), cr=00c5387d
Aug 09 00:54:14 witherspoon kernel[950]: [    0.000000] CPU: PIPT / VIPT nonaliasing data cache, VIPT nonaliasing instruction cache
Aug 09 00:54:14 witherspoon kernel[950]: [    0.000000] OF: fdt:Machine model: Witherspoon BMC
Aug 09 00:54:14 witherspoon kernel[950]: [    0.000000] Memory policy: Data cache writeback
Aug 09 00:54:14 witherspoon kernel[950]: [    0.000000] SOC Rev: 04030303
Aug 09 00:54:14 witherspoon kernel[950]: [    0.000000] On node 0 totalpages: 110592
Aug 09 00:54:14 witherspoon kernel[950]: [    0.000000] free_area_init_node: node 0, pgdat 805ff5f4, node_mem_map 9ec1a000
Aug 09 00:54:14 witherspoon kernel[950]: [    0.000000]   Normal zone: 992 pages used for memmap
Aug 09 00:54:14 witherspoon kernel[950]: [    0.000000]   Normal zone: 0 pages reserved
Aug 09 00:54:14 witherspoon kernel[950]: [    0.000000]   Normal zone: 110592 pages, LIFO batch:31
Aug 09 00:54:14 witherspoon kernel[950]: [    0.000000] pcpu-alloc: s0 r0 d32768 u32768 alloc=1*32768
Aug 09 00:54:14 witherspoon kernel[950]: [    0.000000] pcpu-alloc: [0] 0
Aug 09 00:54:14 witherspoon kernel[950]: [    0.000000] Built 1 zonelists in Zone order, mobility grouping on.  Total pages: 109600
Aug 09 00:54:14 witherspoon kernel[950]: [    0.000000] Kernel command line: console=ttyS4,115200n8 root=/dev/ram rw
Aug 09 00:54:14 witherspoon kernel[950]: [    0.000000] PID hash table entries: 2048 (order: 1, 8192 bytes)
Aug 09 00:54:14 witherspoon kernel[950]: [    0.000000] Dentry cache hash table entries: 65536 (order: 6, 262144 bytes)
Aug 09 00:54:14 witherspoon kernel[950]: [    0.000000] Inode-cache hash table entries: 32768 (order: 5, 131072 bytes)
Aug 09 00:54:14 witherspoon kernel[950]: [    0.000000] Memory: 430428K/442368K available (4065K kernel code, 280K rwdata, 1192K rodata, 284K init, 111K bss, 11940K reserved, 0K cma-reserved)
Aug 09 00:54:14 witherspoon kernel[950]: [    0.000000] Virtual kernel memory layout:
Aug 09 00:54:14 witherspoon kernel[950]: [    0.000000]     vector  : 0xffff0000 - 0xffff1000   (   4 kB)
Aug 09 00:54:14 witherspoon kernel[950]: [    0.000000]     fixmap  : 0xffc00000 - 0xfff00000   (3072 kB)
Aug 09 00:54:14 witherspoon kernel[950]: [    0.000000]     vmalloc : 0x9f800000 - 0xff800000   (1536 MB)
Aug 09 00:54:14 witherspoon kernel[950]: [    0.000000]     lowmem  : 0x80000000 - 0x9f000000   ( 496 MB)
Aug 09 00:54:14 witherspoon kernel[950]: [    0.000000]       .text : 0x80008000 - 0x80400950   (4067 kB)
Aug 09 00:54:14 witherspoon kernel[950]: [    0.000000]       .init : 0x80585000 - 0x805cc000   ( 284 kB)
Aug 09 00:54:14 witherspoon kernel[950]: [    0.000000]       .data : 0x805cc000 - 0x80612358   ( 281 kB)
Aug 09 00:54:14 witherspoon kernel[950]: [    0.000000]        .bss : 0x80612358 - 0x8062e1f8   ( 112 kB)
Aug 09 00:54:14 witherspoon kernel[950]: [    0.000000] NR_IRQS:16 nr_irqs:16 16
Aug 09 00:54:14 witherspoon kernel[950]: [    0.000000] i2c controller registered, irq 16
Aug 09 00:54:14 witherspoon kernel[950]: [    0.000000] clocksource: moxart_timer: mask: 0xffffffff max_cycles: 0xffffffff, max_idle_ns: 77222644334 ns
Aug 09 00:54:14 witherspoon kernel[950]: [    0.000000] sched_clock: 32 bits at 100 Hz, resolution 10000000ns, wraps every 21474836475000000ns
Aug 09 00:54:14 witherspoon kernel[950]: [    0.090000] Calibrating delay loop... 789.70 BogoMIPS (lpj=3948544)
Aug 09 00:54:14 witherspoon kernel[950]: [    0.090000] pid_max: default: 32768 minimum: 301
Aug 09 00:54:14 witherspoon kernel[950]: [    0.090000] Mount-cache hash table entries: 1024 (order: 0, 4096 bytes)
Aug 09 00:54:14 witherspoon kernel[950]: [    0.090000] Mountpoint-cache hash table entries: 1024 (order: 0, 4096 bytes)
Aug 09 00:54:14 witherspoon kernel[950]: [    0.090000] CPU: Testing write buffer coherency: ok
Aug 09 00:54:14 witherspoon kernel[950]: [    0.090000] ftrace: allocating 14934 entries in 44 pages
Aug 09 00:54:14 witherspoon kernel[950]: [    0.120000] Setting up static identity map for 0x80008200 - 0x8000825c
Aug 09 00:54:14 witherspoon kernel[950]: [    0.120000] devtmpfs: initialized
Aug 09 00:54:14 witherspoon kernel[950]: [    0.150000] clocksource: jiffies: mask: 0xffffffff max_cycles: 0xffffffff, max_idle_ns: 19112604462750000 ns
Aug 09 00:54:14 witherspoon kernel[950]: [    0.150000] futex hash table entries: 256 (order: -1, 3072 bytes)
Aug 09 00:54:14 witherspoon kernel[950]: [    0.150000] pinctrl core: initialized pinctrl subsystem
Aug 09 00:54:14 witherspoon kernel[950]: [    0.150000] NET: Registered protocol family 16
Aug 09 00:54:14 witherspoon kernel[950]: [    0.150000] DMA: preallocated 256 KiB pool for atomic coherent allocations
Aug 09 00:54:14 witherspoon kernel[950]: [    0.220000] usbcore: registered new interface driver usbfs
Aug 09 00:54:14 witherspoon kernel[950]: [    0.220000] usbcore: registered new interface driver hub
Aug 09 00:54:14 witherspoon kernel[950]: [    0.220000] usbcore: registered new device driver usb
Aug 09 00:54:14 witherspoon kernel[950]: [    0.220000] clocksource: Switched to clocksource moxart_timer
Aug 09 00:54:14 witherspoon kernel[950]: [    0.230000] NET: Registered protocol family 2
Aug 09 00:54:14 witherspoon kernel[950]: [    0.230000] TCP established hash table entries: 4096 (order: 2, 16384 bytes)
Aug 09 00:54:14 witherspoon kernel[950]: [    0.230000] TCP bind hash table entries: 4096 (order: 2, 16384 bytes)
Aug 09 00:54:14 witherspoon kernel[950]: [    0.230000] TCP: Hash tables configured (established 4096 bind 4096)
Aug 09 00:54:14 witherspoon kernel[950]: [    0.230000] UDP hash table entries: 256 (order: 0, 4096 bytes)
Aug 09 00:54:14 witherspoon kernel[950]: [    0.230000] UDP-Lite hash table entries: 256 (order: 0, 4096 bytes)
Aug 09 00:54:14 witherspoon kernel[950]: [    0.230000] NET: Registered protocol family 1
Aug 09 00:54:14 witherspoon kernel[950]: [    0.230000] Trying to unpack rootfs image as initramfs...
Aug 09 00:54:14 witherspoon kernel[950]: [    1.910000] Freeing initrd memory: 1548K
Aug 09 00:54:14 witherspoon kernel[950]: [    1.910000] workingset: timestamp_bits=30 max_order=17 bucket_order=0
Aug 09 00:54:14 witherspoon kernel[950]: [    1.910000] squashfs: version 4.0 (2009/01/31) Phillip Lougher
Aug 09 00:54:14 witherspoon kernel[950]: [    1.910000] jffs2: version 2.2. (SUMMARY)  © 2001-2006 Red Hat, Inc.
Aug 09 00:54:14 witherspoon kernel[950]: [    1.910000] Block layer SCSI generic (bsg) driver version 0.4 loaded (major 250)
Aug 09 00:54:14 witherspoon kernel[950]: [    1.910000] io scheduler noop registered
Aug 09 00:54:16 witherspoon systemd[1]: Started Phosphor Settings Daemon.
Aug 09 00:54:14 witherspoon kernel[950]: [    1.910000] io scheduler deadline registered
Aug 09 00:54:16 witherspoon systemd[1]: Starting Network Service...
Aug 09 00:54:14 witherspoon kernel[950]: [    1.910000] io scheduler cfq registered (default)
Aug 09 00:54:16 witherspoon systemd[1]: Reached target Containers.
Aug 09 00:54:14 witherspoon kernel[950]: [    2.060000] ipmi-bt-host 1e789140.ibt: Found bt bmc device
Aug 09 00:54:16 witherspoon systemd[1]: Starting Phosphor BMC0 Control...
Aug 09 00:54:14 witherspoon kernel[950]: [    2.060000] ipmi-bt-host 1e789140.ibt: Using IRQ 22
Aug 09 00:54:16 witherspoon systemd[1]: Starting Phosphor Chassis0 Control...
Aug 09 00:54:14 witherspoon kernel[950]: [    2.060000] Serial: 8250/16550 driver, 6 ports, IRQ sharing enabled
Aug 09 00:54:16 witherspoon systemd[1]: Started Hardware RNG Entropy Gatherer Daemon.
Aug 09 00:54:14 witherspoon kernel[950]: [    2.060000] 1e787000.vuart: ttyS0 at MMIO 0x1e787000 (irq = 22, base_baud = 1500000) is a 16550A
Aug 09 00:54:17 witherspoon systemd[1]: Starting Phosphor Log Manager...
Aug 09 00:54:14 witherspoon kernel[950]: [    2.060000] 1e783000.serial: ttyS1 at MMIO 0x1e783000 (irq = 23, base_baud = 1500000) is a 16550A
Aug 09 00:54:17 witherspoon systemd[1]: Started Phosphor Dump core monitor..
Aug 09 00:54:14 witherspoon kernel[950]: [    2.060000] 1e78d000.serial: ttyS2 at MMIO 0x1e78d000 (irq = 24, base_baud = 1500000) is a 16550A
Aug 09 00:54:17 witherspoon systemd[1]: Starting Phosphor Inventory Manager...
Aug 09 00:54:14 witherspoon kernel[950]: [    2.060000] 1e784000.serial: ttyS4 at MMIO 0x1e784000 (irq = 25, base_baud = 1500000) is a 16550A
Aug 09 00:54:17 witherspoon systemd[1]: Starting Phosphor DBus Service Discovery Manager...
Aug 09 00:54:14 witherspoon kernel[950]: [    2.480000] console [ttyS4] enabled
Aug 09 00:54:17 witherspoon systemd[1]: Starting Remount the squashfs and ubi volumes after a reboot...
Aug 09 00:54:14 witherspoon kernel[950]: [    2.530000] timeriomem_rng 1e6e2078.hwrng: 32bits from 0xf00e2078 @ 1us
Aug 09 00:54:17 witherspoon systemd[1]: Starting Phosphor LED Group Management Daemon...
Aug 09 00:54:14 witherspoon kernel[950]: [    2.540000] random: fast init done
Aug 09 00:54:17 witherspoon systemd[1]: Starting Phosphor IPMI BT DBus Bridge...
Aug 09 00:54:14 witherspoon kernel[950]: [    2.570000] random: crng init done
Aug 09 00:54:17 witherspoon systemd[1]: Starting Phosphor Inventory Manager...
Aug 09 00:54:14 witherspoon kernel[950]: [    2.590000] brd: module loaded
Aug 09 00:54:17 witherspoon systemd[1]: Starting Phosphor Download Manager...
Aug 09 00:54:14 witherspoon kernel[950]: [    2.620000] loop: module loaded
Aug 09 00:54:17 witherspoon systemd[1]: Starting Avahi mDNS/DNS-SD Stack...
Aug 09 00:54:19 witherspoon kernel: ubi7: default fastmap pool size: 100
Aug 09 00:54:19 witherspoon kernel: ubi7: default fastmap WL pool size: 50
Aug 09 00:54:19 witherspoon kernel: ubi7: attaching mtd7
Aug 09 00:54:19 witherspoon kernel: ubi7: scanning is finished
Aug 09 00:54:14 witherspoon kernel[950]: [    2.620000] aspeed-lpc-ctrl 1e789080.lpc-ctrl: Loaded at 0x98000000 (0x04000000)
Aug 09 00:54:18 witherspoon systemd[1]: Reached target System Time Synchronized.
Aug 09 00:54:14 witherspoon kernel[950]: [    2.630000] aspeed-smc 1e620000.flash-controller: Using IRQ 18
Aug 09 00:54:18 witherspoon systemd[1]: Started Clear one time boot overrides.
Aug 09 00:54:20 witherspoon kernel: ubi7: attached mtd7 (name "pnor", size 128 MiB)
Aug 09 00:54:20 witherspoon kernel: ubi7: PEB size: 65536 bytes (64 KiB), LEB size: 65408 bytes
Aug 09 00:54:20 witherspoon kernel: ubi7: min./max. I/O unit sizes: 1/256, sub-page size 1
Aug 09 00:54:20 witherspoon kernel: ubi7: VID header offset: 64 (aligned 64), data offset: 128
Aug 09 00:54:20 witherspoon kernel: ubi7: good PEBs: 2048, bad PEBs: 0, corrupted PEBs: 0
Aug 09 00:54:20 witherspoon kernel: ubi7: user volume: 3, internal volumes: 1, max. volumes count: 128
Aug 09 00:54:20 witherspoon kernel: ubi7: max/mean erase counter: 1/0, WL threshold: 4096, image sequence number: 820801133
Aug 09 00:54:20 witherspoon kernel: ubi7: available PEBs: 1367, total reserved PEBs: 681, PEBs reserved for bad PEB handling: 0
Aug 09 00:54:20 witherspoon kernel: ubi7: background thread "ubi_bgt7d" started, PID 986
Aug 09 00:54:14 witherspoon kernel[950]: [    2.630000] aspeed-smc 1e620000.flash-controller: DMA support disabled.
Aug 09 00:54:18 witherspoon systemd[1]: Found device /dev/ttyVUART0.
Aug 09 00:54:14 witherspoon kernel[950]: [    2.650000] aspeed-smc 1e620000.flash-controller: mx25l25635e (32768 Kbytes)
Aug 09 00:54:14 witherspoon kernel[950]: [    2.650000] aspeed-smc 1e620000.flash-controller: CE0 window [ 0x20000000 - 0x22000000 ] 32MB
Aug 09 00:54:14 witherspoon kernel[950]: [    2.650000] aspeed-smc 1e620000.flash-controller: CE1 window [ 0x22000000 - 0x2a000000 ] 128MB
Aug 09 00:54:14 witherspoon kernel[950]: [    2.670000] 5 ofpart partitions found on MTD device bmc
Aug 09 00:54:14 witherspoon kernel[950]: [    2.670000] Creating 5 MTD partitions on "bmc":
Aug 09 00:54:14 witherspoon kernel[950]: [    2.670000] 0x000000000000-0x000000060000 : "u-boot"
Aug 09 00:54:14 witherspoon kernel[950]: [    2.670000] 0x000000060000-0x000000080000 : "u-boot-env"
Aug 09 00:54:14 witherspoon kernel[950]: [    2.710000] 0x000000080000-0x0000004c0000 : "kernel"
Aug 09 00:54:14 witherspoon kernel[950]: [    2.710000] 0x0000004c0000-0x000001c00000 : "rofs"
Aug 09 00:54:14 witherspoon kernel[950]: [    2.730000] 0x000001c00000-0x000002000000 : "rwfs"
Aug 09 00:54:14 witherspoon kernel[950]: [    2.730000] aspeed-smc 1e620000.flash-controller: mx25l25635e (32768 Kbytes)
Aug 09 00:54:14 witherspoon kernel[950]: [    2.740000] aspeed-smc 1e620000.flash-controller: CE1 window [ 0x22000000 - 0x24000000 ] 32MB
Aug 09 00:54:14 witherspoon kernel[950]: [    2.740000] aspeed-smc 1e620000.flash-controller: CE2 window [ 0x24000000 - 0x2c000000 ] 128MB
Aug 09 00:54:14 witherspoon kernel[950]: [    2.770000] aspeed-smc 1e630000.flash-controller: mx66l1g45g (131072 Kbytes)
Aug 09 00:54:21 witherspoon obmc-flash-bios[969]: UBI device number 7, total 2048 LEBs (133955584 bytes, 127.8 MiB), available 1367 LEBs (89412736 bytes, 85.3 MiB), LEB size 65408 bytes (63.9 KiB)
Aug 09 00:54:14 witherspoon kernel[950]: [    2.770000] aspeed-smc 1e630000.flash-controller: CE0 window resized to 120MB (AST2500 HW quirk)
Aug 09 00:54:14 witherspoon kernel[950]: [    2.780000] aspeed-smc 1e630000.flash-controller: CE0 window [ 0x30000000 - 0x37800000 ] 120MB
Aug 09 00:54:14 witherspoon kernel[950]: [    2.780000] aspeed-smc 1e630000.flash-controller: CE0 window too small for chip 128MB
Aug 09 00:54:14 witherspoon kernel[950]: [    2.780000] aspeed-smc 1e630000.flash-controller: CE1 window [ 0x37800000 - 0x38000000 ] 8MB
Aug 09 00:54:14 witherspoon kernel[950]: [    3.480000] libphy: Fixed MDIO Bus: probed
Aug 09 00:54:14 witherspoon kernel[950]: [    3.480000] ftgmac100 1e660000.ethernet: Read MAC address 70:e2:84:14:23:e1 from chip
Aug 09 00:54:14 witherspoon kernel[950]: [    3.600000] ftgmac100 1e660000.ethernet: Using NCSI interface
Aug 09 00:54:14 witherspoon kernel[950]: [    3.600000] ftgmac100 1e660000.ethernet eth0: irq 20, mapped at f0060000
Aug 09 00:54:14 witherspoon kernel[950]: [    3.600000] ehci_hcd: USB 2.0 'Enhanced' Host Controller (EHCI) Driver
Aug 09 00:54:14 witherspoon kernel[950]: [    3.600000] ehci-platform: EHCI generic platform driver
Aug 09 00:54:14 witherspoon kernel[950]: [    3.780000]  fsi0: can't read slave 00:00 -5
Aug 09 00:54:14 witherspoon kernel[950]: [    3.780000] i2c /dev entries driver
Aug 09 00:54:14 witherspoon kernel[950]: [    3.780000] aspeed-i2c-bus 1e78a0c0.i2c-bus: i2c bus 2 registered, irq 26
Aug 09 00:54:14 witherspoon kernel[950]: [    3.780000] aspeed-i2c-bus 1e78a100.i2c-bus: i2c bus 3 registered, irq 27
Aug 09 00:54:14 witherspoon kernel[950]: [    3.780000] aspeed-i2c-bus 1e78a140.i2c-bus: i2c bus 4 registered, irq 28
Aug 09 00:54:14 witherspoon kernel[950]: [    3.780000] aspeed-i2c-bus 1e78a180.i2c-bus: i2c bus 5 registered, irq 29
Aug 09 00:54:14 witherspoon kernel[950]: [    3.780000] aspeed-i2c-bus 1e78a380.i2c-bus: i2c bus 9 registered, irq 30
Aug 09 00:54:14 witherspoon kernel[950]: [    3.780000] aspeed-i2c-bus 1e78a3c0.i2c-bus: i2c bus 10 registered, irq 31
Aug 09 00:54:14 witherspoon kernel[950]: [    3.780000] rtc-rv8803 11-0032: Voltage low, temperature compensation stopped.
Aug 09 00:54:14 witherspoon kernel[950]: [    3.780000] rtc-rv8803 11-0032: An alarm maybe have been missed.
Aug 09 00:54:14 witherspoon kernel[950]: [    3.880000] rtc-rv8803 11-0032: rtc core: registered rx8900 as rtc0
Aug 09 00:54:14 witherspoon kernel[950]: [    3.890000] at24 11-0051: 8192 byte 24c64 EEPROM, writable, 1 bytes/write
Aug 09 00:54:14 witherspoon kernel[950]: [    3.890000] aspeed-i2c-bus 1e78a400.i2c-bus: i2c bus 11 registered, irq 32
Aug 09 00:54:14 witherspoon kernel[950]: [    3.890000] aspeed-i2c-bus 1e78a440.i2c-bus: i2c bus 12 registered, irq 33
Aug 09 00:54:14 witherspoon kernel[950]: [    3.890000] aspeed-i2c-bus 1e78a480.i2c-bus: i2c bus 13 registered, irq 34
Aug 09 00:54:14 witherspoon kernel[950]: [    3.890000] Driver for 1-wire Dallas network protocol.
Aug 09 00:54:14 witherspoon kernel[950]: [    3.890000] lm75 9-004a: hwmon0: sensor 'tmp275'
Aug 09 00:54:14 witherspoon kernel[950]: [    4.710000] ucd9000 11-0064: Device ID UCD90160|2.3.4.0000|110603
Aug 09 00:54:14 witherspoon kernel[950]: [    5.040000] leds-pca955x 3-0060: leds-pca955x: Using pca9552 16-bit LED driver at slave address 0x60
Aug 09 00:54:14 witherspoon kernel[950]: [    5.060000] leds-pca955x 3-0060: gpios 264...279
Aug 09 00:54:14 witherspoon kernel[950]: [    5.060000] leds-pca955x 11-0060: leds-pca955x: Using pca9552 16-bit LED driver at slave address 0x60
Aug 09 00:54:14 witherspoon kernel[950]: [    5.070000] leds-pca955x 11-0060: gpios 248...263
Aug 09 00:54:14 witherspoon kernel[950]: [    5.080000] usbcore: registered new interface driver usbhid
Aug 09 00:54:14 witherspoon kernel[950]: [    5.080000] usbhid: USB HID core driver
Aug 09 00:54:14 witherspoon kernel[950]: [    5.140000] NET: Registered protocol family 10
Aug 09 00:54:14 witherspoon kernel[950]: [    5.150000] Segment Routing with IPv6
Aug 09 00:54:14 witherspoon kernel[950]: [    5.150000] NET: Registered protocol family 17
Aug 09 00:54:14 witherspoon kernel[950]: [    5.150000] 8021q: 802.1Q VLAN Support v1.8
Aug 09 00:54:14 witherspoon kernel[950]: [    5.180000] console [netcon0] enabled
Aug 09 00:54:14 witherspoon kernel[950]: [    5.180000] netconsole: network logging started
Aug 09 00:54:14 witherspoon kernel[950]: [    5.190000] input: gpio-keys as /devices/platform/gpio-keys/input/input0
Aug 09 00:54:14 witherspoon kernel[950]: [    5.200000] rtc-rv8803 11-0032: setting system clock to 2017-08-09 00:53:59 UTC (1502240039)
Aug 09 00:54:14 witherspoon kernel[950]: [    5.210000] Freeing unused kernel memory: 284K
Aug 09 00:54:14 witherspoon kernel[950]: [    5.210000] This architecture does not have kernel memory protection.
Aug 09 00:54:14 witherspoon kernel[950]: [    7.020000] jffs2: notice: (531) jffs2_build_xattr_subsystem: complete building xattr subsystem, 1 of xdatum (0 unchecked, 0 orphan) and 11 of xref (0 dead, 1 orphan) found.
Aug 09 00:54:14 witherspoon kernel[950]: [    9.200000] systemd[1]: Failed to insert module 'autofs4': No such file or directory
Aug 09 00:54:14 witherspoon kernel[950]: [    9.200000] systemd[1]: systemd 232 running in system mode. (+PAM -AUDIT -SELINUX -IMA -APPARMOR -SMACK +SYSVINIT -UTMP -LIBCRYPTSETUP -GCRYPT -GNUTLS +ACL +XZ -LZ4 -SECCOMP +BLKID -ELFUTILS +KMOD -IDN)
Aug 09 00:54:14 witherspoon kernel[950]: [    9.200000] systemd[1]: Detected architecture arm.
Aug 09 00:54:14 witherspoon kernel[950]: [    9.450000] systemd[1]: Set hostname to <witherspoon>.
Aug 09 00:54:14 witherspoon kernel[950]: [   11.030000] systemd[1]: Started Dispatch Password Requests to Console Directory Watch.
Aug 09 00:54:14 witherspoon kernel[950]: [   11.150000] systemd[1]: Reached target Swap.
Aug 09 00:54:14 witherspoon kernel[950]: [   11.180000] systemd[1]: Reached target Remote File Systems.
Aug 09 00:54:14 witherspoon kernel[950]: [   11.220000] systemd[1]: Listening on udev Kernel Socket.
Aug 09 00:54:14 witherspoon kernel[950]: [   11.260000] systemd[1]: Listening on Network Service Netlink Socket.
Aug 09 00:54:14 witherspoon kernel[950]: [   11.300000] systemd[1]: Listening on Journal Socket.
Aug 09 00:54:14 witherspoon kernel[950]: [   11.340000] systemd[1]: Listening on Syslog Socket.
Aug 09 00:54:14 witherspoon kernel[950]: [   13.280000] systemd-journald[549]: Received request to flush runtime journal from PID 1
Aug 09 00:54:19 witherspoon kernel[950]: [   25.140000] ubi7: default fastmap pool size: 100
Aug 09 00:54:19 witherspoon kernel[950]: [   25.200000] ubi7: default fastmap WL pool size: 50
Aug 09 00:54:19 witherspoon kernel[950]: [   25.200000] ubi7: attaching mtd7
Aug 09 00:54:19 witherspoon kernel[950]: [   25.540000] ubi7: scanning is finished
Aug 09 00:54:20 witherspoon kernel[950]: [   25.810000] ubi7: attached mtd7 (name "pnor", size 128 MiB)
Aug 09 00:54:20 witherspoon kernel[950]: [   25.810000] ubi7: PEB size: 65536 bytes (64 KiB), LEB size: 65408 bytes
Aug 09 00:54:20 witherspoon kernel[950]: [   25.810000] ubi7: min./max. I/O unit sizes: 1/256, sub-page size 1
Aug 09 00:54:20 witherspoon kernel[950]: [   25.810000] ubi7: VID header offset: 64 (aligned 64), data offset: 128
Aug 09 00:54:20 witherspoon kernel[950]: [   25.870000] ubi7: good PEBs: 2048, bad PEBs: 0, corrupted PEBs: 0
Aug 09 00:54:20 witherspoon kernel[950]: [   25.870000] ubi7: user volume: 3, internal volumes: 1, max. volumes count: 128
Aug 09 00:54:20 witherspoon kernel[950]: [   25.870000] ubi7: max/mean erase counter: 1/0, WL threshold: 4096, image sequence number: 820801133
Aug 09 00:54:20 witherspoon kernel[950]: [   25.870000] ubi7: available PEBs: 1367, total reserved PEBs: 681, PEBs reserved for bad PEB handling: 0
Aug 09 00:54:20 witherspoon kernel[950]: [   25.870000] ubi7: background thread "ubi_bgt7d" started, PID 986
Aug 09 00:54:21 witherspoon avahi-daemon[974]: Found user 'avahi' (UID 999) and group 'avahi' (GID 999).
Aug 09 00:54:21 witherspoon avahi-daemon[974]: Successfully dropped root privileges.
Aug 09 00:54:21 witherspoon avahi-daemon[974]: avahi-daemon 0.6.32 starting up.
Aug 09 00:54:21 witherspoon avahi-daemon[974]: Successfully called chroot().
Aug 09 00:54:21 witherspoon avahi-daemon[974]: Successfully dropped remaining capabilities.
Aug 09 00:54:22 witherspoon systemd-networkd[961]: Enumeration completed
Aug 09 00:54:21 witherspoon avahi-daemon[974]: Loading service file /services/obmc_console.service.
Aug 09 00:54:22 witherspoon systemd[1]: Started Network Service.
Aug 09 00:54:23 witherspoon avahi-daemon[974]: Loading service file /services/phosphor_rest.service.
Aug 09 00:54:22 witherspoon systemd-networkd[961]: eth0: IPv6 enabled for interface: Success
Aug 09 00:54:23 witherspoon avahi-daemon[974]: Loading service file /services/sftp-ssh.service.
Aug 09 00:54:22 witherspoon systemd-networkd[961]: eth0: Gained carrier
Aug 09 00:54:23 witherspoon avahi-daemon[974]: Loading service file /services/sftp.service.
Aug 09 00:54:22 witherspoon systemd-timesyncd[693]: Network configuration changed, trying to establish connection.
Aug 09 00:54:23 witherspoon avahi-daemon[974]: Loading service file /services/ssh.service.
Aug 09 00:54:23 witherspoon avahi-daemon[974]: Joining mDNS multicast group on interface eth0.IPv6 with address fe80::72e2:84ff:fe14:23e1.
Aug 09 00:54:23 witherspoon avahi-daemon[974]: New relevant interface eth0.IPv6 for mDNS.
Aug 09 00:54:23 witherspoon avahi-daemon[974]: Joining mDNS multicast group on interface eth0.IPv4 with address 9.3.86.161.
Aug 09 00:54:23 witherspoon avahi-daemon[974]: New relevant interface eth0.IPv4 for mDNS.
Aug 09 00:54:23 witherspoon avahi-daemon[974]: Network interface enumeration completed.
Aug 09 00:54:23 witherspoon avahi-daemon[974]: Registering new address record for fe80::72e2:84ff:fe14:23e1 on eth0.*.
Aug 09 00:54:23 witherspoon avahi-daemon[974]: Registering new address record for 9.3.86.161 on eth0.IPv4.
Aug 09 00:54:24 witherspoon avahi-daemon[974]: Server startup complete. Host name is witherspoon.local. Local service cookie is 4143426128.
Aug 09 00:54:24 witherspoon systemd-networkd[961]: eth0: Gained IPv6LL
Aug 09 00:54:25 witherspoon avahi-daemon[974]: Service "witherspoon" (/services/ssh.service) successfully established.
Aug 09 00:54:25 witherspoon avahi-daemon[974]: Service "sftp" (/services/sftp.service) successfully established.
Aug 09 00:54:25 witherspoon avahi-daemon[974]: Service "witherspoon" (/services/sftp-ssh.service) successfully established.
Aug 09 00:54:25 witherspoon avahi-daemon[974]: Service "phosphor_rest" (/services/phosphor_rest.service) successfully established.
Aug 09 00:54:25 witherspoon avahi-daemon[974]: Service "obmc_console" (/services/obmc_console.service) successfully established.
Aug 09 00:54:26 witherspoon kernel: ftgmac100 1e660000.ethernet eth0: NCSI interface up
Aug 09 00:54:26 witherspoon kernel[950]: [   31.700000] ftgmac100 1e660000.ethernet eth0: NCSI interface up
Aug 09 00:54:27 witherspoon systemd[1]: Started Phosphor IPMI BT DBus Bridge.
Aug 09 00:54:27 witherspoon systemd[1]: Started Phosphor Download Manager.
Aug 09 00:54:27 witherspoon systemd[1]: Started Phosphor Inventory Manager.
Aug 09 00:54:27 witherspoon systemd[1]: Started Phosphor Dump Manager.
Aug 09 00:54:27 witherspoon systemd[1]: Started Phosphor Log Manager.
Aug 09 00:54:27 witherspoon systemd[1]: Started Avahi mDNS/DNS-SD Stack.
Aug 09 00:54:27 witherspoon systemd[1]: Started Phosphor LED Group Management Daemon.
Aug 09 00:54:27 witherspoon systemd[1]: Started Phosphor BMC0 Control.
Aug 09 00:54:27 witherspoon systemd[1]: Started OpenBMC Software Update Manager.
Aug 09 00:54:27 witherspoon systemd[1]: Reached target Network.
Aug 09 00:54:27 witherspoon systemd[1]: Starting Permit User Sessions...
Aug 09 00:54:27 witherspoon systemd[1]: Started Lightweight SLP Server.
Aug 09 00:54:27 witherspoon systemd[1]: Created slice system-xyz.openbmc_project.led.controller.slice.
Aug 09 00:54:27 witherspoon systemd[1]: Started Phosphor sysfs LED controller.
Aug 09 00:54:27 witherspoon systemd[1]: Started Phosphor sysfs LED controller.
Aug 09 00:54:27 witherspoon systemd[1]: Started Phosphor sysfs LED controller.
Aug 09 00:54:27 witherspoon systemd[1]: Started Phosphor sysfs LED controller.
Aug 09 00:54:27 witherspoon systemd[1]: Started Phosphor sysfs LED controller.
Aug 09 00:54:27 witherspoon systemd[1]: Started Phosphor sysfs LED controller.
Aug 09 00:54:27 witherspoon systemd[1]: Started Phosphor sysfs LED controller.
Aug 09 00:54:27 witherspoon systemd[1]: Started Phosphor sysfs LED controller.
Aug 09 00:54:28 witherspoon systemd[1]: Started Phosphor sysfs LED controller.
Aug 09 00:54:28 witherspoon systemd[1]: Started Phosphor sysfs LED controller.
Aug 09 00:54:28 witherspoon systemd[1]: Started Phosphor Console Muxer listening on device /dev/ttyVUART0.
Aug 09 00:54:28 witherspoon systemd[1]: Started Permit User Sessions.
Aug 09 00:54:29 witherspoon systemd[1]: Started Serial Getty on ttyS4.
Aug 09 00:54:29 witherspoon systemd[1]: Reached target Login Prompts.
Aug 09 00:54:33 witherspoon avahi-daemon[974]: Service name conflict for "phosphor_rest" (/services/phosphor_rest.service), retrying with "phosphor_rest #2".
Aug 09 00:54:33 witherspoon avahi-daemon[974]: Service name conflict for "sftp" (/services/sftp.service), retrying with "sftp #2".
Aug 09 00:54:33 witherspoon avahi-daemon[974]: Service name conflict for "obmc_console" (/services/obmc_console.service), retrying with "obmc_console #2".
Aug 09 00:54:34 witherspoon avahi-daemon[974]: Service name conflict for "sftp" (/services/sftp.service), retrying with "sftp #3".
Aug 09 00:54:34 witherspoon avahi-daemon[974]: Service name conflict for "phosphor_rest" (/services/phosphor_rest.service), retrying with "phosphor_rest #3".
Aug 09 00:54:34 witherspoon avahi-daemon[974]: Service name conflict for "obmc_console" (/services/obmc_console.service), retrying with "obmc_console #3".
Aug 09 00:54:35 witherspoon avahi-daemon[974]: Service name conflict for "sftp" (/services/sftp.service), retrying with "sftp #4".
Aug 09 00:54:35 witherspoon avahi-daemon[974]: Service name conflict for "phosphor_rest" (/services/phosphor_rest.service), retrying with "phosphor_rest #4".
Aug 09 00:54:35 witherspoon avahi-daemon[974]: Service name conflict for "obmc_console" (/services/obmc_console.service), retrying with "obmc_console #4".
Aug 09 00:54:36 witherspoon avahi-daemon[974]: Service name conflict for "sftp" (/services/sftp.service), retrying with "sftp #5".
Aug 09 00:54:36 witherspoon avahi-daemon[974]: Service name conflict for "phosphor_rest" (/services/phosphor_rest.service), retrying with "phosphor_rest #5".
Aug 09 00:54:36 witherspoon avahi-daemon[974]: Service name conflict for "obmc_console" (/services/obmc_console.service), retrying with "obmc_console #5".
Aug 09 00:54:37 witherspoon systemd-networkd[961]: eth0: Configured
Aug 09 00:54:37 witherspoon systemd-timesyncd[693]: Network configuration changed, trying to establish connection.
Aug 09 00:54:37 witherspoon avahi-daemon[974]: Service name conflict for "sftp" (/services/sftp.service), retrying with "sftp #6".
Aug 09 00:54:37 witherspoon avahi-daemon[974]: Service name conflict for "phosphor_rest" (/services/phosphor_rest.service), retrying with "phosphor_rest #6".
Aug 09 00:54:37 witherspoon avahi-daemon[974]: Service name conflict for "obmc_console" (/services/obmc_console.service), retrying with "obmc_console #6".
Aug 09 00:54:38 witherspoon kernel: block ubiblock7_0: created from ubi7:0(pnor-ro-136cf504)
Aug 09 00:54:38 witherspoon kernel: UBIFS (ubi7:1): UBIFS: mounted UBI device 7, volume 1, name "pnor-rw-136cf504"
Aug 09 00:54:38 witherspoon kernel: UBIFS (ubi7:1): LEB size: 65408 bytes (63 KiB), min./max. I/O unit sizes: 8 bytes/256 bytes
Aug 09 00:54:38 witherspoon kernel: UBIFS (ubi7:1): FS size: 16155776 bytes (15 MiB, 247 LEBs), journal size 784896 bytes (0 MiB, 12 LEBs)
Aug 09 00:54:38 witherspoon kernel: UBIFS (ubi7:1): reserved for root: 763076 bytes (745 KiB)
Aug 09 00:54:38 witherspoon kernel: UBIFS (ubi7:1): media format: w5/r0 (latest is w5/r0), UUID 5EA65281-6C71-4508-9709-C85145C452CA, small LPT model
Aug 09 00:54:38 witherspoon kernel: UBIFS (ubi7:1): background thread "ubifs_bgt7_1" started, PID 1028
Aug 09 00:54:38 witherspoon kernel[950]: [   43.980000] block ubiblock7_0: created from ubi7:0(pnor-ro-136cf504)
Aug 09 00:54:38 witherspoon kernel[950]: [   43.980000] UBIFS (ubi7:1): UBIFS: mounted UBI device 7, volume 1, name "pnor-rw-136cf504"
Aug 09 00:54:38 witherspoon kernel[950]: [   43.980000] UBIFS (ubi7:1): LEB size: 65408 bytes (63 KiB), min./max. I/O unit sizes: 8 bytes/256 bytes
Aug 09 00:54:38 witherspoon kernel[950]: [   43.980000] UBIFS (ubi7:1): FS size: 16155776 bytes (15 MiB, 247 LEBs), journal size 784896 bytes (0 MiB, 12 LEBs)
Aug 09 00:54:38 witherspoon kernel[950]: [   43.980000] UBIFS (ubi7:1): reserved for root: 763076 bytes (745 KiB)
Aug 09 00:54:38 witherspoon kernel[950]: [   43.980000] UBIFS (ubi7:1): media format: w5/r0 (latest is w5/r0), UUID 5EA65281-6C71-4508-9709-C85145C452CA, small LPT model
Aug 09 00:54:38 witherspoon kernel[950]: [   43.980000] UBIFS (ubi7:1): background thread "ubifs_bgt7_1" started, PID 1028
Aug 09 00:54:39 witherspoon avahi-daemon[974]: Service name conflict for "obmc_console" (/services/obmc_console.service), retrying with "obmc_console #7".
Aug 09 00:54:39 witherspoon avahi-daemon[974]: Service name conflict for "phosphor_rest" (/services/phosphor_rest.service), retrying with "phosphor_rest #7".
Aug 09 00:54:39 witherspoon avahi-daemon[974]: Service name conflict for "sftp" (/services/sftp.service), retrying with "sftp #7".
Aug 09 00:54:40 witherspoon avahi-daemon[974]: Service name conflict for "phosphor_rest" (/services/phosphor_rest.service), retrying with "phosphor_rest #8".
Aug 09 00:54:40 witherspoon avahi-daemon[974]: Service name conflict for "obmc_console" (/services/obmc_console.service), retrying with "obmc_console #8".
Aug 09 00:54:40 witherspoon avahi-daemon[974]: Service name conflict for "sftp" (/services/sftp.service), retrying with "sftp #8".
Aug 09 00:54:40 witherspoon systemd[1]: Started Phosphor Chassis0 Control.
Aug 09 00:54:40 witherspoon chassis_control.py[963]: Running ChassisControlService
Aug 09 00:54:40 witherspoon systemd[1]: Started Remount the squashfs and ubi volumes after a reboot.
Aug 09 00:54:40 witherspoon systemd[1]: Starting OpenPower Software Update Manager...
Aug 09 00:54:40 witherspoon systemd[1]: Reached target Multi-User System.
Aug 09 00:54:41 witherspoon kernel: UBIFS (ubi7:2): UBIFS: mounted UBI device 7, volume 2, name "pnor-prsv"
Aug 09 00:54:41 witherspoon kernel: UBIFS (ubi7:2): LEB size: 65408 bytes (63 KiB), min./max. I/O unit sizes: 8 bytes/256 bytes
Aug 09 00:54:41 witherspoon kernel: UBIFS (ubi7:2): FS size: 1504384 bytes (1 MiB, 23 LEBs), journal size 523265 bytes (0 MiB, 6 LEBs)
Aug 09 00:54:41 witherspoon kernel: UBIFS (ubi7:2): reserved for root: 71055 bytes (69 KiB)
Aug 09 00:54:41 witherspoon kernel: UBIFS (ubi7:2): media format: w5/r0 (latest is w5/r0), UUID D6C5A5DB-6A77-4020-8DF4-5658F3648F6B, small LPT model
Aug 09 00:54:41 witherspoon kernel[950]: [   46.410000] UBIFS (ubi7:2): UBIFS: mounted UBI device 7, volume 2, name "pnor-prsv"
Aug 09 00:54:41 witherspoon kernel[950]: [   46.410000] UBIFS (ubi7:2): LEB size: 65408 bytes (63 KiB), min./max. I/O unit sizes: 8 bytes/256 bytes
Aug 09 00:54:41 witherspoon kernel[950]: [   46.410000] UBIFS (ubi7:2): FS size: 1504384 bytes (1 MiB, 23 LEBs), journal size 523265 bytes (0 MiB, 6 LEBs)
Aug 09 00:54:41 witherspoon kernel[950]: [   46.410000] UBIFS (ubi7:2): reserved for root: 71055 bytes (69 KiB)
Aug 09 00:54:41 witherspoon kernel[950]: [   46.410000] UBIFS (ubi7:2): media format: w5/r0 (latest is w5/r0), UUID D6C5A5DB-6A77-4020-8DF4-5658F3648F6B, small LPT model
Aug 09 00:54:41 witherspoon kernel: UBIFS (ubi7:2): background thread "ubifs_bgt7_2" started, PID 1036
Aug 09 00:54:41 witherspoon kernel[950]: [   46.780000] UBIFS (ubi7:2): background thread "ubifs_bgt7_2" started, PID 1036
Aug 09 00:54:41 witherspoon avahi-daemon[974]: Service name conflict for "sftp" (/services/sftp.service), retrying with "sftp #9".
Aug 09 00:54:41 witherspoon avahi-daemon[974]: Service name conflict for "obmc_console" (/services/obmc_console.service), retrying with "obmc_console #9".
Aug 09 00:54:41 witherspoon avahi-daemon[974]: Service name conflict for "phosphor_rest" (/services/phosphor_rest.service), retrying with "phosphor_rest #9".
Aug 09 00:54:42 witherspoon openpower-update-manager[1037]: Error in reading file
Aug 09 00:54:42 witherspoon avahi-daemon[974]: Service name conflict for "sftp" (/services/sftp.service), retrying with "sftp #10".
Aug 09 00:54:42 witherspoon avahi-daemon[974]: Service name conflict for "phosphor_rest" (/services/phosphor_rest.service), retrying with "phosphor_rest #10".
Aug 09 00:54:42 witherspoon avahi-daemon[974]: Service name conflict for "obmc_console" (/services/obmc_console.service), retrying with "obmc_console #10".
Aug 09 00:54:42 witherspoon sensor_manager2.py[954]: Setting boot count to 3
Aug 09 00:54:42 witherspoon systemd[1]: Started OpenPower Software Update Manager.
Aug 09 00:54:42 witherspoon systemd[1]: Starting Phosphor Version Software Manager...
Aug 09 00:54:42 witherspoon systemd[1]: Mounting /usr/local...
Aug 09 00:54:42 witherspoon systemd[1]: Started Phosphor MBOX Daemon.
Aug 09 00:54:42 witherspoon download_manager.py[957]: Running Download Manager
Aug 09 00:54:42 witherspoon systemd[1]: Started Phosphor Download Manager.
Aug 09 00:54:42 witherspoon sensor_manager2.py[954]: Starting sensor manager
Aug 09 00:54:42 witherspoon systemd[1]: Started Phosphor Sensor Manager.
Aug 09 00:54:42 witherspoon systemd[1]: Mounted /usr/local.
Aug 09 00:54:44 witherspoon kernel: UBIFS (ubi7:3): default file-system created
Aug 09 00:54:44 witherspoon kernel: UBIFS (ubi7:3): UBIFS: mounted UBI device 7, volume 3, name "pnor-patch"
Aug 09 00:54:44 witherspoon kernel: UBIFS (ubi7:3): LEB size: 65408 bytes (63 KiB), min./max. I/O unit sizes: 8 bytes/256 bytes
Aug 09 00:54:44 witherspoon kernel: UBIFS (ubi7:3): FS size: 16155776 bytes (15 MiB, 247 LEBs), journal size 784896 bytes (0 MiB, 12 LEBs)
Aug 09 00:54:44 witherspoon kernel: UBIFS (ubi7:3): reserved for root: 763076 bytes (745 KiB)
Aug 09 00:54:44 witherspoon kernel: UBIFS (ubi7:3): media format: w5/r0 (latest is w5/r0), UUID EA959014-DC87-4A34-A9E6-05BE4114F256, small LPT model
Aug 09 00:54:44 witherspoon kernel: UBIFS (ubi7:3): background thread "ubifs_bgt7_3" started, PID 1062
Aug 09 00:54:43 witherspoon avahi-daemon[974]: Service name conflict for "sftp" (/services/sftp.service), retrying with "sftp #11".
Aug 09 00:54:42 witherspoon systemd[1]: Starting Create a ubi volume for pnor patches...
Aug 09 00:54:43 witherspoon avahi-daemon[974]: Service name conflict for "obmc_console" (/services/obmc_console.service), retrying with "obmc_console #11".
Aug 09 00:54:43 witherspoon systemd[1]: Started Phosphor Version Software Manager.
Aug 09 00:54:43 witherspoon avahi-daemon[974]: Service name conflict for "phosphor_rest" (/services/phosphor_rest.service), retrying with "phosphor_rest #11".
Aug 09 00:54:44 witherspoon kernel[950]: [   49.980000] UBIFS (ubi7:3): default file-system created
Aug 09 00:54:44 witherspoon obmc-flash-bios[1046]: Volume ID 3, size 257 LEBs (16809856 bytes, 16.0 MiB), LEB size 65408 bytes (63.9 KiB), dynamic, name "pnor-patch", alignment 1
Aug 09 00:54:44 witherspoon kernel[950]: [   49.980000] UBIFS (ubi7:3): UBIFS: mounted UBI device 7, volume 3, name "pnor-patch"
Aug 09 00:54:44 witherspoon kernel[950]: [   49.980000] UBIFS (ubi7:3): LEB size: 65408 bytes (63 KiB), min./max. I/O unit sizes: 8 bytes/256 bytes
Aug 09 00:54:44 witherspoon kernel[950]: [   49.980000] UBIFS (ubi7:3): FS size: 16155776 bytes (15 MiB, 247 LEBs), journal size 784896 bytes (0 MiB, 12 LEBs)
Aug 09 00:54:44 witherspoon kernel[950]: [   49.980000] UBIFS (ubi7:3): reserved for root: 763076 bytes (745 KiB)
Aug 09 00:54:44 witherspoon kernel[950]: [   49.980000] UBIFS (ubi7:3): media format: w5/r0 (latest is w5/r0), UUID EA959014-DC87-4A34-A9E6-05BE4114F256, small LPT model
Aug 09 00:54:44 witherspoon kernel[950]: [   50.070000] UBIFS (ubi7:3): background thread "ubifs_bgt7_3" started, PID 1062
Aug 09 00:54:44 witherspoon avahi-daemon[974]: Service name conflict for "obmc_console" (/services/obmc_console.service), retrying with "obmc_console #12".
Aug 09 00:54:44 witherspoon avahi-daemon[974]: Service name conflict for "sftp" (/services/sftp.service), retrying with "sftp #12".
Aug 09 00:54:44 witherspoon systemd[1]: Started Create a ubi volume for pnor patches.
Aug 09 00:54:44 witherspoon avahi-daemon[974]: Service name conflict for "phosphor_rest" (/services/phosphor_rest.service), retrying with "phosphor_rest #12".
Aug 09 00:54:45 witherspoon inventory_items.py[967]: Loading from cache: /var/cache/obmc/org.openbmc.inventory.system.chassis.motherboard.apss@org.openbmc.InventoryItem.props
Aug 09 00:54:45 witherspoon inventory_items.py[967]: Loading from cache: /var/cache/obmc/org.openbmc.inventory.system.chassis.motherboard@org.openbmc.InventoryItem.props
Aug 09 00:54:45 witherspoon phosphor-mapper[968]: ObjectMapper startup complete.  Discovery in progress...
Aug 09 00:54:45 witherspoon avahi-daemon[974]: Service name conflict for "sftp" (/services/sftp.service), retrying with "sftp #13".
Aug 09 00:54:45 witherspoon avahi-daemon[974]: Service name conflict for "obmc_console" (/services/obmc_console.service), retrying with "obmc_console #13".
Aug 09 00:54:45 witherspoon avahi-daemon[974]: Service name conflict for "phosphor_rest" (/services/phosphor_rest.service), retrying with "phosphor_rest #13".
Aug 09 00:54:45 witherspoon inventory_items.py[967]: Loading from cache: /var/cache/obmc/org.openbmc.inventory.system.chassis.motherboard.refclock@org.openbmc.InventoryItem.props
Aug 09 00:54:45 witherspoon inventory_items.py[967]: Loading from cache: /var/cache/obmc/org.openbmc.inventory.system.chassis.motherboard.cpu1.core7@org.openbmc.InventoryItem.props
Aug 09 00:54:45 witherspoon inventory_items.py[967]: Loading from cache: /var/cache/obmc/org.openbmc.inventory.system.chassis.motherboard.cpu1.core4@org.openbmc.InventoryItem.props
Aug 09 00:54:45 witherspoon inventory_items.py[967]: Loading from cache: /var/cache/obmc/org.openbmc.inventory.system.chassis.motherboard.cpu1.core1@org.openbmc.InventoryItem.props
Aug 09 00:54:46 witherspoon inventory_items.py[967]: Loading from cache: /var/cache/obmc/org.openbmc.inventory.system.chassis.motherboard.cpu1.core10@org.openbmc.InventoryItem.props
Aug 09 00:54:46 witherspoon inventory_items.py[967]: Loading from cache: /var/cache/obmc/org.openbmc.inventory.system.chassis.motherboard.todclock@org.openbmc.InventoryItem.props
Aug 09 00:54:46 witherspoon inventory_items.py[967]: Loading from cache: /var/cache/obmc/org.openbmc.inventory.system.chassis.motherboard.cpu1@org.openbmc.InventoryItem.props
Aug 09 00:54:46 witherspoon inventory_items.py[967]: Loading from cache: /var/cache/obmc/org.openbmc.inventory.system.chassis.motherboard.bmc@org.openbmc.InventoryItem.props
Aug 09 00:54:46 witherspoon inventory_items.py[967]: Caching: /org/openbmc/inventory/system/chassis/motherboard/bmc
Aug 09 00:54:46 witherspoon inventory_items.py[967]: Loading from cache: /var/cache/obmc/org.openbmc.inventory.system.chassis.motherboard.cpu0.core1@org.openbmc.InventoryItem.props
Aug 09 00:54:46 witherspoon inventory_items.py[967]: Loading from cache: /var/cache/obmc/org.openbmc.inventory.system.chassis.motherboard.cpu0.core7@org.openbmc.InventoryItem.props
Aug 09 00:54:46 witherspoon inventory_items.py[967]: Loading from cache: /var/cache/obmc/org.openbmc.inventory.system.chassis.motherboard.cpu0.core4@org.openbmc.InventoryItem.props
Aug 09 00:54:46 witherspoon inventory_items.py[967]: Loading from cache: /var/cache/obmc/org.openbmc.inventory.system.chassis.motherboard.pcieclock@org.openbmc.InventoryItem.props
Aug 09 00:54:46 witherspoon inventory_items.py[967]: Loading from cache: /var/cache/obmc/org.openbmc.inventory.system.chassis.motherboard.cpu0.core10@org.openbmc.InventoryItem.props
Aug 09 00:54:46 witherspoon avahi-daemon[974]: Service name conflict for "obmc_console" (/services/obmc_console.service), retrying with "obmc_console #14".
Aug 09 00:54:46 witherspoon avahi-daemon[974]: Service name conflict for "sftp" (/services/sftp.service), retrying with "sftp #14".
Aug 09 00:54:46 witherspoon avahi-daemon[974]: Service name conflict for "phosphor_rest" (/services/phosphor_rest.service), retrying with "phosphor_rest #14".
Aug 09 00:54:46 witherspoon netman.py[956]: Started
Aug 09 00:54:46 witherspoon avahi-daemon[994]: ../../avahi-0.6.32/avahi-daemon/chroot.c: open() failed: No such file or directory
Aug 09 00:54:47 witherspoon inventory_items.py[967]: Running Inventory Manager
Aug 09 00:54:46 witherspoon systemd[1]: Started Phosphor Network Manager.
Aug 09 00:54:46 witherspoon avahi-daemon[974]: Failed to open /usr/share/dbus-1/interfaces/org.freedesktop.Avahi.Server.xml: Invalid argument
Aug 09 00:54:46 witherspoon systemd[1]: Started Phosphor Inventory Manager.
Aug 09 00:54:46 witherspoon avahi-daemon[974]: Failed to load introspection data.
Aug 09 00:54:47 witherspoon systemd[1]: Started Phosphor User Manager.
Aug 09 00:54:47 witherspoon obmc-phosphor-userd[955]: Started
Aug 09 00:54:48 witherspoon avahi-daemon[974]: Service name conflict for "sftp" (/services/sftp.service), retrying with "sftp #15".
Aug 09 00:54:48 witherspoon avahi-daemon[974]: Service name conflict for "phosphor_rest" (/services/phosphor_rest.service), retrying with "phosphor_rest #15".
Aug 09 00:54:48 witherspoon avahi-daemon[974]: Service name conflict for "obmc_console" (/services/obmc_console.service), retrying with "obmc_console #15".
Aug 09 00:54:49 witherspoon avahi-daemon[974]: Service name conflict for "obmc_console" (/services/obmc_console.service), retrying with "obmc_console #16".
Aug 09 00:54:49 witherspoon avahi-daemon[974]: Service name conflict for "sftp" (/services/sftp.service), retrying with "sftp #16".
Aug 09 00:54:49 witherspoon avahi-daemon[974]: Service name conflict for "phosphor_rest" (/services/phosphor_rest.service), retrying with "phosphor_rest #16".
Aug 09 00:54:58 witherspoon phosphor-mapper[968]: ObjectMapper discovery complete
Aug 09 00:54:58 witherspoon systemd[1]: Started Phosphor DBus Service Discovery Manager.
Aug 09 00:54:58 witherspoon systemd[1]: Started Phosphor Hwmon Poller.
Aug 09 00:54:58 witherspoon systemd[1]: Started Phosphor Hwmon Poller.
Aug 09 00:54:58 witherspoon systemd[1]: Started Phosphor Hwmon Poller.
Aug 09 00:54:58 witherspoon systemd[1]: Reached target Phosphor Object Mapper.
Aug 09 00:54:58 witherspoon systemd[1]: Starting Wait for /xyz/openbmc_project/state/host0...
Aug 09 00:54:58 witherspoon systemd[1]: Starting Wait for /xyz/openbmc_project/inventory...
Aug 09 00:54:58 witherspoon systemd[1]: Starting Wait for /org/openbmc/managers/Download...
Aug 09 00:54:58 witherspoon systemd[1]: Starting Wait for /xyz/openbmc_project/control/host0/boot_source...
Aug 09 00:54:58 witherspoon systemd[1]: Starting Wait for /xyz/openbmc_project/time/sync_method...
Aug 09 00:54:58 witherspoon systemd[1]: Starting Wait for /org/openbmc/control/bmc0...
Aug 09 00:54:58 witherspoon systemd[1]: Starting Wait for /xyz/openbmc_project/time/owner...
Aug 09 00:54:58 witherspoon systemd[1]: Starting Wait for /xyz/openbmc_project/state/chassis0...
Aug 09 00:54:59 witherspoon systemd[1]: Starting Wait for /xyz/openbmc_project/control/host0/power_restore_policy...
Aug 09 00:54:59 witherspoon systemd[1]: Starting Wait for /xyz/openbmc_project/control/host0/restriction_mode...
Aug 09 00:54:59 witherspoon systemd[1]: Starting Wait for /xyz/openbmc_project/control/host0...
Aug 09 00:54:59 witherspoon systemd[1]: Starting Wait for /xyz/openbmc_project/led/groups...
Aug 09 00:54:59 witherspoon systemd[1]: Reached target Webserver (pre).
Aug 09 00:54:59 witherspoon systemd[1]: Starting Wait for /org/openbmc/NetworkManager/Interface...
Aug 09 00:54:59 witherspoon systemd[1]: Starting Phosphor Settings Manager...
Aug 09 00:54:59 witherspoon systemd[1]: Starting Wait for /xyz/openbmc_project/control/host0/auto_reboot...
Aug 09 00:54:59 witherspoon systemd[1]: Starting Wait for /org/openbmc/control/flash/bios...
Aug 09 00:54:59 witherspoon systemd[1]: Starting Phoshpor System Manager...
Aug 09 00:54:59 witherspoon systemd[1]: Starting Wait for /org/openbmc/managers/System...
Aug 09 00:54:59 witherspoon systemd[1]: Starting Phosphor Network Manager...
Aug 09 00:54:59 witherspoon systemd[1]: Starting Wait for /org/openbmc/control/power0...
Aug 09 00:54:59 witherspoon systemd[1]: Starting Wait for /xyz/openbmc_project/control/host0/boot_mode...
Aug 09 00:54:59 witherspoon systemd[1]: Started Phosphor DBus Monitor.
Aug 09 00:54:59 witherspoon systemd[1]: Starting Wait for /xyz/openbmc_project/led/groups/bmc_booted...
Aug 09 00:54:59 witherspoon systemd[1]: Started Phosphor Hwmon Poller.
Aug 09 00:54:59 witherspoon systemd[1]: Started Phosphor Hwmon Poller.
Aug 09 00:54:59 witherspoon systemd[1]: Started Phosphor Hwmon Poller.
Aug 09 00:55:01 witherspoon phosphor-network-manager[1085]: ConfigParser: Section not found
Aug 09 00:55:01 witherspoon phosphor-network-manager[1085]: The operation failed internally.
Aug 09 00:55:01 witherspoon phosphor-network-manager[1085]: ConfigParser: Section not found
Aug 09 00:55:01 witherspoon phosphor-network-manager[1085]: The operation failed internally.
Aug 09 00:55:01 witherspoon phosphor-network-manager[1085]: ConfigParser: Key not found
Aug 09 00:55:01 witherspoon phosphor-network-manager[1085]: The operation failed internally.
Aug 09 00:55:04 witherspoon systemd[1]: Started Wait for /xyz/openbmc_project/control/host0/power_restore_policy.
Aug 09 00:55:04 witherspoon systemd[1]: Started Wait for /xyz/openbmc_project/control/host0/boot_mode.
Aug 09 00:55:04 witherspoon systemd[1]: Started Wait for /xyz/openbmc_project/led/groups.
Aug 09 00:55:04 witherspoon systemd[1]: Started FRU Fault monitor service.
Aug 09 00:55:05 witherspoon systemd[1]: Started Wait for /xyz/openbmc_project/control/host0/restriction_mode.
Aug 09 00:55:05 witherspoon systemd[1]: Started Wait for /org/openbmc/control/bmc0.
Aug 09 00:55:06 witherspoon systemd[1]: Started Wait for /org/openbmc/managers/Download.
Aug 09 00:55:06 witherspoon systemd[1]: Starting Phosphor BMC Code Update...
Aug 09 00:55:06 witherspoon systemd[1]: Starting Phosphor BIOS Code Update...
Aug 09 00:55:06 witherspoon systemd[1]: Started Wait for /xyz/openbmc_project/control/host0/boot_source.
Aug 09 00:55:06 witherspoon systemd[1]: Started Wait for /xyz/openbmc_project/time/owner.
Aug 09 00:55:06 witherspoon systemd[1]: Started Wait for /org/openbmc/NetworkManager/Interface.
Aug 09 00:55:06 witherspoon systemd[1]: Started Phosphor DNS Settings Cache Manager.
Aug 09 00:55:06 witherspoon systemd[1]: Started Wait for /xyz/openbmc_project/led/groups/bmc_booted.
Aug 09 00:55:06 witherspoon systemd[1]: Started Wait for /xyz/openbmc_project/inventory.
Aug 09 00:55:06 witherspoon systemd[1]: Started Phosphor GPIO 1 Presence.
Aug 09 00:55:06 witherspoon systemd[1]: Started Phosphor GPIO 0 Presence.
Aug 09 00:55:06 witherspoon systemd[1]: Starting OpenPOWER OCC controller...
Aug 09 00:55:06 witherspoon systemd[1]: Starting Read OpenPOWER-format VPD from EEPROM...
Aug 09 00:55:06 witherspoon systemd[1]: Started Phosphor Cooling Type.
Aug 09 00:55:06 witherspoon systemd[1]: Started Wait for /xyz/openbmc_project/time/sync_method.
Aug 09 00:55:06 witherspoon systemd[1]: Started Wait for /xyz/openbmc_project/control/host0/auto_reboot.
Aug 09 00:55:07 witherspoon phosphor-gpio-presence[1106]: Updating inventory present property
Aug 09 00:55:07 witherspoon phosphor-gpio-presence[1107]: Updating inventory present property
Aug 09 00:55:07 witherspoon systemd[1]: Started Phosphor BIOS Code Update.
Aug 09 00:55:09 witherspoon avahi-daemon[974]: Service name conflict for "obmc_console" (/services/obmc_console.service), retrying with "obmc_console #17".
Aug 09 00:55:09 witherspoon avahi-daemon[974]: Service name conflict for "phosphor_rest" (/services/phosphor_rest.service), retrying with "phosphor_rest #17".
Aug 09 00:55:09 witherspoon avahi-daemon[974]: Service "sftp #16" (/services/sftp.service) successfully established.
Aug 09 00:55:13 witherspoon system_manager.py[1083]: Running System State: BASE_APPS
Aug 09 00:55:13 witherspoon system_manager.py[1083]: SystemManager Init Done
Aug 09 00:55:13 witherspoon system_manager.py[1083]: Running SystemManager
Aug 09 00:55:13 witherspoon systemd[1]: Started Phoshpor System Manager.
Aug 09 00:55:14 witherspoon dbus[958]: [system] Activating via systemd: service name='org.freedesktop.journal1' unit='dbus-org.freedesktop.journal1.service'
Aug 09 00:55:14 witherspoon systemd[1]: Starting Journal Dbus Service...
Aug 09 00:55:14 witherspoon dbus[958]: [system] Successfully activated service 'org.freedesktop.journal1'
Aug 09 00:55:14 witherspoon systemd[1]: Started Journal Dbus Service.
Aug 09 00:55:14 witherspoon phosphor-log-manager[965]: Failed to find metadata
Aug 09 00:55:14 witherspoon phosphor-fru-fault-monitor[1095]: /xyz/openbmc_project/logging/entry/3
Aug 09 00:55:15 witherspoon dbus[958]: [system] Activating via systemd: service name='org.freedesktop.hostname1' unit='dbus-org.freedesktop.hostname1.service'
Aug 09 00:55:15 witherspoon systemd[1]: Starting Hostname Service...
Aug 09 00:55:15 witherspoon dbus[958]: [system] Successfully activated service 'org.freedesktop.hostname1'
Aug 09 00:55:15 witherspoon systemd[1]: Started Hostname Service.
Aug 09 00:55:15 witherspoon systemd[1]: Started Phosphor Network Manager.
Aug 09 00:55:17 witherspoon systemd[1]: Started OpenPOWER OCC controller.
Aug 09 00:55:17 witherspoon system_manager.py[1083]: SystemManager Goto System State: BMC_STARTING
Aug 09 00:55:17 witherspoon system_manager.py[1083]: Running System State: BMC_STARTING
Aug 09 00:55:18 witherspoon settings_manager.py[1080]: Running HostSettingsService
Aug 09 00:55:18 witherspoon systemd[1]: Started Phosphor Settings Manager.
Aug 09 00:55:18 witherspoon systemd[1]: Starting Wait for /org/openbmc/settings/host0...
Aug 09 00:55:19 witherspoon systemd[1]: Started Phosphor BMC Code Update.
Aug 09 00:55:19 witherspoon bmc_update.py[1099]: Running Bmc Flash Control
Aug 09 00:55:20 witherspoon systemd[1]: Started Read OpenPOWER-format VPD from EEPROM.
Aug 09 00:55:25 witherspoon systemd[1]: Started Wait for /org/openbmc/managers/System.
Aug 09 00:55:25 witherspoon systemd[1]: Starting Phosphor Power Button0...
Aug 09 00:55:25 witherspoon button_power.exe[1127]: GPIO Lookup:  POWER_BUTTON = 347,both
Aug 09 00:55:25 witherspoon systemd[1]: Starting Phosphor Reset Button0...
Aug 09 00:55:25 witherspoon systemd[1]: Starting Phosphor Power0 Control...
Aug 09 00:55:25 witherspoon systemd[1]: Starting Phosphor Chassis State Manager...
Aug 09 00:55:25 witherspoon systemd[1]: Starting Phosphor Host State Manager...
Aug 09 00:55:25 witherspoon systemd[1]: Starting Phosphor BMC State Manager...
Aug 09 00:55:25 witherspoon systemd[1]: Started Wait for /org/openbmc/control/flash/bios.
Aug 09 00:55:25 witherspoon systemd[1]: Started Phosphor Power Button0.
Aug 09 00:55:25 witherspoon systemd[1]: Started Initialize BIOS Flash.
Aug 09 00:55:26 witherspoon phosphor-bmc-state-manager[1141]: Setting the BMCState field
Aug 09 00:55:26 witherspoon phosphor-bmc-state-manager[1141]: Setting the BMCState field
Aug 09 00:55:26 witherspoon systemd[1]: Started Phosphor BMC State Manager.
Aug 09 00:55:26 witherspoon phosphor-chassis-state-manager[1139]: Initial Chassis State will be Off
Aug 09 00:55:26 witherspoon systemd[1]: Started Phosphor Chassis State Manager.
Aug 09 00:55:27 witherspoon button_reset.exe[1128]: GPIO Lookup:  RESET_BUTTON = 353,both
Aug 09 00:55:27 witherspoon systemd[1]: Started Phosphor Reset Button0.
Aug 09 00:55:27 witherspoon system_manager.py[1083]: New object: /org/openbmc/control/power0 (:1.85)
Aug 09 00:55:27 witherspoon systemd[1]: Started Wait for /org/openbmc/settings/host0.
Aug 09 00:55:27 witherspoon power_control.exe[1138]: Power GPIO latch output:
Aug 09 00:55:27 witherspoon power_control.exe[1138]: Power GPIO power good input: SYS_PWROK_BUFF
Aug 09 00:55:27 witherspoon power_control.exe[1138]: Power GPIO 2 power_up outputs
Aug 09 00:55:27 witherspoon power_control.exe[1138]: Power GPIO power_up[0] = SOFTWARE_PGOOD active HIGH
Aug 09 00:55:27 witherspoon power_control.exe[1138]: Power GPIO power_up[1] = BMC_POWER_UP active HIGH
Aug 09 00:55:27 witherspoon power_control.exe[1138]: Power GPIO 1 reset outputs
Aug 09 00:55:27 witherspoon power_control.exe[1138]: Power GPIO reset[0] = BMC_CP0_RESET_N active LOW
Aug 09 00:55:27 witherspoon power_control.exe[1138]: Power GPIO 0 pci reset outputs
Aug 09 00:55:27 witherspoon power_control.exe[1138]: FSI DATA GPIO: FSI_DATA
Aug 09 00:55:27 witherspoon power_control.exe[1138]: FSI CLK GPIO: FSI_CLK
Aug 09 00:55:27 witherspoon power_control.exe[1138]: FSI ENABLE GPIO: FSI_ENABLE
Aug 09 00:55:27 witherspoon power_control.exe[1138]: CRONUS SEL GPIO: CRONUS_SEL
Aug 09 00:55:27 witherspoon power_control.exe[1138]: Hostctl GPIO optionals: 0
Aug 09 00:55:27 witherspoon power_control.exe[1138]: GPIO Lookup:  SYS_PWROK_BUFF = 306,in
Aug 09 00:55:27 witherspoon system_manager.py[1083]: Power GPIO config: ['SYS_PWROK_BUFF', '', [('SOFTWARE_PGOOD', True), ('BMC_POWER_UP', True)], [('BMC_CP0_RESET_N', False)], [], 'FSI_DATA', 'FSI_CLK', 'FSI_ENABLE', 'CRONUS_SEL', []]
Aug 09 00:55:27 witherspoon systemd[1]: Started Phosphor Inband IPMI.
Aug 09 00:55:27 witherspoon power_control.exe[1138]: GPIO Lookup:  SOFTWARE_PGOOD = 417,out
Aug 09 00:55:28 witherspoon power_control.exe[1138]: GPIO Lookup:  BMC_POWER_UP = 305,out
Aug 09 00:55:28 witherspoon power_control.exe[1138]: GPIO Lookup:  BMC_CP0_RESET_N = 281,out
Aug 09 00:55:28 witherspoon power_control.exe[1138]: Pgood state: 0
Aug 09 00:55:28 witherspoon systemd[1]: Started Phosphor Power0 Control.
Aug 09 00:55:28 witherspoon avahi-daemon[974]: Service name conflict for "obmc_console" (/services/obmc_console.service), retrying with "obmc_console #18".
Aug 09 00:55:28 witherspoon avahi-daemon[974]: Service name conflict for "phosphor_rest" (/services/phosphor_rest.service), retrying with "phosphor_rest #18".
Aug 09 00:55:29 witherspoon phosphor-host-state-manager[1140]: Initial Host State will be Off
Aug 09 00:55:30 witherspoon systemd[1]: Started Phosphor Host State Manager.
Aug 09 00:55:31 witherspoon flash_bios.exe[1100]: Starting flasher: bios,,/org/openbmc/control/flash/bios,
Aug 09 00:55:31 witherspoon flash_bios.exe[1100]: flasher: , BMC = 1, address = 0x0
Aug 09 00:55:31 witherspoon flash_bios.exe[1100]: Setting up flash
Aug 09 00:55:32 witherspoon flash_bios.exe[1100]: Starting flasher: bios,,/org/openbmc/control/flash/bios,
Aug 09 00:55:32 witherspoon flash_bios.exe[1100]: flasher: , BMC = 1, address = 0x0
Aug 09 00:55:32 witherspoon flash_bios.exe[1100]: Setting up flash
Aug 09 00:55:34 witherspoon system_manager.py[1083]: SystemManager Goto System State: BMC_READY
Aug 09 00:55:34 witherspoon system_manager.py[1083]: Running System State: BMC_READY
Aug 09 00:55:34 witherspoon systemd[1]: Started Wait for /xyz/openbmc_project/state/chassis0.
Aug 09 00:55:34 witherspoon systemd[1]: Started Wait for /org/openbmc/control/power0.
Aug 09 00:55:34 witherspoon systemd[1]: Starting Check Chassis0 pgood and create a file to indicate it...
Aug 09 00:55:34 witherspoon systemd[1]: Starting Phosphor Time Manager daemon...
Aug 09 00:55:35 witherspoon timemanager[1170]: Registering dbus methods
Aug 09 00:55:35 witherspoon timemanager[1170]: Last known time_mode: NTP
Aug 09 00:55:35 witherspoon timemanager[1170]: Last known time_owner: BMC
Aug 09 00:55:35 witherspoon timemanager[1170]: Empty DhcpNtp string
Aug 09 00:55:35 witherspoon timemanager[1170]: Reading Power Control key: pgood
Aug 09 00:55:35 witherspoon timemanager[1170]: Changing settings *allowed* now
Aug 09 00:55:35 witherspoon systemd[1]: Started Wait for /xyz/openbmc_project/state/host0.
Aug 09 00:55:35 witherspoon systemd[1]: Starting Reboot If Enabled...
Aug 09 00:55:36 witherspoon timemanager[1170]: Owner is already set to : BMC
Aug 09 00:55:35 witherspoon systemd[1]: Started Wait for /xyz/openbmc_project/control/host0.
Aug 09 00:55:36 witherspoon timemanager[1170]: Requested_Mode: NTP Current_Mode: NTP
Aug 09 00:55:36 witherspoon timemanager[1170]: Mode is already set to : NTP
Aug 09 00:55:36 witherspoon timemanager[1170]: Getting System Settings: use_dhcp_ntp
Aug 09 00:55:36 witherspoon systemd[1]: Started Check Chassis0 pgood and create a file to indicate it.
Aug 09 00:55:36 witherspoon systemd[1]: Reached target Chassis0 power on after reset.
Aug 09 00:55:36 witherspoon systemd[1]: Reached target Chassis0 (Reset Check).
Aug 09 00:55:36 witherspoon systemd[1]: Reached target Host0 running after reset.
Aug 09 00:55:36 witherspoon systemd[1]: Reached target Host0 (Reset Check).
Aug 09 00:55:37 witherspoon timemanager[1170]: use_dhcp_ntp = yes
Aug 09 00:55:37 witherspoon timemanager[1170]: Last known host_offset:0
Aug 09 00:55:37 witherspoon timemanager[1170]: Initial Uptime Usec: 1502240034292723
Aug 09 00:55:37 witherspoon systemd[1]: Started Phosphor Time Manager daemon.
Aug 09 00:55:37 witherspoon phosphor-discover-system-state[1179]: Host power is off, checking power policy
Aug 09 00:55:37 witherspoon systemd[1]: Started Reboot If Enabled.
Aug 09 00:55:37 witherspoon systemd[1]: Reached target Phosphor System - Standby.
Aug 09 00:55:37 witherspoon systemd[1]: Starting Assert bmc_booted LED...
Aug 09 00:55:37 witherspoon phosphor-bmc-state-manager[1141]: BMC_READY
Aug 09 00:55:37 witherspoon phosphor-bmc-state-manager[1141]: Setting the BMCState field
Aug 09 00:55:37 witherspoon systemd[1]: Started Assert bmc_booted LED.
Aug 09 00:55:37 witherspoon systemd[1]: Startup finished in 8.983s (kernel) + 1min 34.607s (userspace) = 1min 43.591s.
Aug 09 00:55:48 witherspoon avahi-daemon[974]: Service name conflict for "obmc_console" (/services/obmc_console.service), retrying with "obmc_console #19".
Aug 09 00:55:49 witherspoon avahi-daemon[974]: Service "phosphor_rest #18" (/services/phosphor_rest.service) successfully established.
Aug 09 00:56:08 witherspoon avahi-daemon[974]: Service name conflict for "obmc_console" (/services/obmc_console.service), retrying with "obmc_console #20".
Aug 09 00:56:28 witherspoon avahi-daemon[974]: Service name conflict for "obmc_console" (/services/obmc_console.service), retrying with "obmc_console #21".
Aug 09 00:56:49 witherspoon avahi-daemon[974]: Service "obmc_console #21" (/services/obmc_console.service) successfully established.
Aug 09 00:58:04 witherspoon avahi-daemon[974]: Withdrawing address record for fe80::72e2:84ff:fe14:23e1 on eth0.
Aug 09 00:58:04 witherspoon avahi-daemon[974]: Host name conflict, retrying with witherspoon-2
Aug 09 00:58:04 witherspoon avahi-daemon[974]: Registering new address record for fe80::72e2:84ff:fe14:23e1 on eth0.*.
Aug 09 00:58:04 witherspoon avahi-daemon[974]: Registering new address record for 9.3.86.161 on eth0.IPv4.
Aug 09 00:58:04 witherspoon avahi-daemon[974]: Withdrawing address record for 9.3.86.161 on eth0.
Aug 09 00:58:04 witherspoon avahi-daemon[974]: Host name conflict, retrying with witherspoon-3
Aug 09 00:58:04 witherspoon avahi-daemon[974]: Registering new address record for fe80::72e2:84ff:fe14:23e1 on eth0.*.
Aug 09 00:58:04 witherspoon avahi-daemon[974]: Registering new address record for 9.3.86.161 on eth0.IPv4.
Aug 09 00:58:05 witherspoon avahi-daemon[974]: Withdrawing address record for 9.3.86.161 on eth0.
Aug 09 00:58:05 witherspoon avahi-daemon[974]: Host name conflict, retrying with witherspoon-4
Aug 09 00:58:05 witherspoon avahi-daemon[974]: Registering new address record for fe80::72e2:84ff:fe14:23e1 on eth0.*.
Aug 09 00:58:05 witherspoon avahi-daemon[974]: Registering new address record for 9.3.86.161 on eth0.IPv4.
Aug 09 00:58:06 witherspoon avahi-daemon[974]: Withdrawing address record for 9.3.86.161 on eth0.
Aug 09 00:58:06 witherspoon avahi-daemon[974]: Host name conflict, retrying with witherspoon-5
Aug 09 00:58:06 witherspoon avahi-daemon[974]: Registering new address record for fe80::72e2:84ff:fe14:23e1 on eth0.*.
Aug 09 00:58:06 witherspoon avahi-daemon[974]: Registering new address record for 9.3.86.161 on eth0.IPv4.
Aug 09 00:58:07 witherspoon avahi-daemon[974]: Withdrawing address record for 9.3.86.161 on eth0.
Aug 09 00:58:07 witherspoon avahi-daemon[974]: Host name conflict, retrying with witherspoon-6
Aug 09 00:58:07 witherspoon avahi-daemon[974]: Registering new address record for fe80::72e2:84ff:fe14:23e1 on eth0.*.
Aug 09 00:58:07 witherspoon avahi-daemon[974]: Registering new address record for 9.3.86.161 on eth0.IPv4.
Aug 09 00:58:08 witherspoon avahi-daemon[974]: Withdrawing address record for 9.3.86.161 on eth0.
Aug 09 00:58:08 witherspoon avahi-daemon[974]: Host name conflict, retrying with witherspoon-7
Aug 09 00:58:08 witherspoon avahi-daemon[974]: Registering new address record for fe80::72e2:84ff:fe14:23e1 on eth0.*.
Aug 09 00:58:08 witherspoon avahi-daemon[974]: Registering new address record for 9.3.86.161 on eth0.IPv4.
Aug 09 00:58:09 witherspoon avahi-daemon[974]: Withdrawing address record for 9.3.86.161 on eth0.
Aug 09 00:58:09 witherspoon avahi-daemon[974]: Host name conflict, retrying with witherspoon-8
Aug 09 00:58:09 witherspoon avahi-daemon[974]: Registering new address record for fe80::72e2:84ff:fe14:23e1 on eth0.*.
Aug 09 00:58:09 witherspoon avahi-daemon[974]: Registering new address record for 9.3.86.161 on eth0.IPv4.
Aug 09 00:58:10 witherspoon avahi-daemon[974]: Withdrawing address record for 9.3.86.161 on eth0.
Aug 09 00:58:10 witherspoon avahi-daemon[974]: Host name conflict, retrying with witherspoon-9
Aug 09 00:58:10 witherspoon avahi-daemon[974]: Registering new address record for fe80::72e2:84ff:fe14:23e1 on eth0.*.
Aug 09 00:58:10 witherspoon avahi-daemon[974]: Registering new address record for 9.3.86.161 on eth0.IPv4.
Aug 09 00:58:11 witherspoon avahi-daemon[974]: Withdrawing address record for 9.3.86.161 on eth0.
Aug 09 00:58:11 witherspoon avahi-daemon[974]: Host name conflict, retrying with witherspoon-10
Aug 09 00:58:11 witherspoon avahi-daemon[974]: Registering new address record for fe80::72e2:84ff:fe14:23e1 on eth0.*.
Aug 09 00:58:11 witherspoon avahi-daemon[974]: Registering new address record for 9.3.86.161 on eth0.IPv4.
Aug 09 00:58:12 witherspoon avahi-daemon[974]: Withdrawing address record for 9.3.86.161 on eth0.
Aug 09 00:58:12 witherspoon avahi-daemon[974]: Host name conflict, retrying with witherspoon-11
Aug 09 00:58:12 witherspoon avahi-daemon[974]: Registering new address record for fe80::72e2:84ff:fe14:23e1 on eth0.*.
Aug 09 00:58:12 witherspoon avahi-daemon[974]: Registering new address record for 9.3.86.161 on eth0.IPv4.
Aug 09 00:58:13 witherspoon avahi-daemon[974]: Withdrawing address record for 9.3.86.161 on eth0.
Aug 09 00:58:13 witherspoon avahi-daemon[974]: Host name conflict, retrying with witherspoon-12
Aug 09 00:58:13 witherspoon avahi-daemon[974]: Registering new address record for fe80::72e2:84ff:fe14:23e1 on eth0.*.
Aug 09 00:58:13 witherspoon avahi-daemon[974]: Registering new address record for 9.3.86.161 on eth0.IPv4.
Aug 09 00:58:14 witherspoon avahi-daemon[974]: Withdrawing address record for 9.3.86.161 on eth0.
Aug 09 00:58:14 witherspoon avahi-daemon[974]: Host name conflict, retrying with witherspoon-13
Aug 09 00:58:14 witherspoon avahi-daemon[974]: Registering new address record for fe80::72e2:84ff:fe14:23e1 on eth0.*.
Aug 09 00:58:14 witherspoon avahi-daemon[974]: Registering new address record for 9.3.86.161 on eth0.IPv4.
Aug 09 00:58:15 witherspoon avahi-daemon[974]: Withdrawing address record for 9.3.86.161 on eth0.
Aug 09 00:58:15 witherspoon avahi-daemon[974]: Host name conflict, retrying with witherspoon-14
Aug 09 00:58:15 witherspoon avahi-daemon[974]: Registering new address record for fe80::72e2:84ff:fe14:23e1 on eth0.*.
Aug 09 00:58:15 witherspoon avahi-daemon[974]: Registering new address record for 9.3.86.161 on eth0.IPv4.
Aug 09 00:58:16 witherspoon avahi-daemon[974]: Withdrawing address record for 9.3.86.161 on eth0.
Aug 09 00:58:16 witherspoon avahi-daemon[974]: Host name conflict, retrying with witherspoon-15
Aug 09 00:58:16 witherspoon avahi-daemon[974]: Registering new address record for fe80::72e2:84ff:fe14:23e1 on eth0.*.
Aug 09 00:58:16 witherspoon avahi-daemon[974]: Registering new address record for 9.3.86.161 on eth0.IPv4.
Aug 09 00:58:17 witherspoon avahi-daemon[974]: Withdrawing address record for 9.3.86.161 on eth0.
Aug 09 00:58:17 witherspoon avahi-daemon[974]: Host name conflict, retrying with witherspoon-16
Aug 09 00:58:17 witherspoon avahi-daemon[974]: Registering new address record for fe80::72e2:84ff:fe14:23e1 on eth0.*.
Aug 09 00:58:17 witherspoon avahi-daemon[974]: Registering new address record for 9.3.86.161 on eth0.IPv4.
Aug 09 00:58:30 witherspoon systemd[1]: Started Phosphor Webserver.
Aug 09 00:58:37 witherspoon avahi-daemon[974]: Withdrawing address record for 9.3.86.161 on eth0.
Aug 09 00:58:37 witherspoon avahi-daemon[974]: Host name conflict, retrying with witherspoon-17
Aug 09 00:58:37 witherspoon avahi-daemon[974]: Registering new address record for fe80::72e2:84ff:fe14:23e1 on eth0.*.
Aug 09 00:58:37 witherspoon avahi-daemon[974]: Registering new address record for 9.3.86.161 on eth0.IPv4.
Aug 09 00:58:42 witherspoon phosphor-gevent[1193]: ::80c9:6d76:8e91:f402%1996016412 - - [2017-08-09 00:58:42] "POST /login HTTP/1.1" 200 320 0.046230
Aug 09 00:58:42 witherspoon systemd[1]: Created slice system-dropbear.slice.
Aug 09 00:58:42 witherspoon systemd[1]: Started SSH Per-Connection Server (9.41.165.94:44566).
Aug 09 00:58:42 witherspoon dropbear[1195]: Failed loading /etc/dropbear/dropbear_dss_host_key
Aug 09 00:58:42 witherspoon dropbear[1195]: Failed loading /etc/dropbear/dropbear_ecdsa_host_key
Aug 09 00:58:42 witherspoon dropbear[1195]: Child connection from ::ffff:9.41.165.94:44566
Aug 09 00:58:43 witherspoon dropbear[1195]: PAM password auth succeeded for 'root' from ::ffff:9.41.165.94:44566
Aug 09 00:58:43 witherspoon dropbear[1196]: lastlog_perform_login: Couldn't stat /var/log/lastlog: No such file or directory
Aug 09 00:58:43 witherspoon dropbear[1196]: lastlog_openseek: /var/log/lastlog is not a file or directory!
Aug 09 00:58:44 witherspoon systemd[1]: Started SSH Per-Connection Server (9.41.165.94:44568).
Aug 09 00:58:44 witherspoon dropbear[1200]: Failed loading /etc/dropbear/dropbear_dss_host_key
Aug 09 00:58:44 witherspoon dropbear[1200]: Failed loading /etc/dropbear/dropbear_ecdsa_host_key
Aug 09 00:58:44 witherspoon dropbear[1200]: Child connection from ::ffff:9.41.165.94:44568
Aug 09 00:58:44 witherspoon dropbear[1200]: PAM password auth succeeded for 'root' from ::ffff:9.41.165.94:44568
Aug 09 00:58:44 witherspoon dropbear[1201]: lastlog_perform_login: Couldn't stat /var/log/lastlog: No such file or directory
Aug 09 00:58:44 witherspoon dropbear[1201]: lastlog_openseek: /var/log/lastlog is not a file or directory!
Aug 09 00:58:46 witherspoon systemd[1]: Started SSH Per-Connection Server (9.41.165.94:44570).
Aug 09 00:58:46 witherspoon dropbear[1207]: Failed loading /etc/dropbear/dropbear_dss_host_key
Aug 09 00:58:46 witherspoon dropbear[1207]: Failed loading /etc/dropbear/dropbear_ecdsa_host_key
Aug 09 00:58:46 witherspoon dropbear[1207]: Child connection from ::ffff:9.41.165.94:44570
Aug 09 00:58:46 witherspoon dropbear[1207]: PAM password auth succeeded for 'root' from ::ffff:9.41.165.94:44570
Aug 09 00:58:46 witherspoon dropbear[1208]: lastlog_perform_login: Couldn't stat /var/log/lastlog: No such file or directory
Aug 09 00:58:46 witherspoon dropbear[1208]: lastlog_openseek: /var/log/lastlog is not a file or directory!
Aug 09 00:58:47 witherspoon phosphor-gevent[1193]: ::80c9:6d76:8e91:f402%1996016412 - - [2017-08-09 00:58:47] "POST /login HTTP/1.1" 200 320 0.032553
Aug 09 00:58:48 witherspoon phosphor-gevent[1193]: ::80c9:6d76:8e91:f402%1996016412 - - [2017-08-09 00:58:48] "GET /xyz/openbmc_project/state/host0//attr/CurrentHostState HTTP/1.1" 200 212 0.118307
Aug 09 00:58:48 witherspoon dropbear[1195]: Exit (root): Error reading: Connection reset by peer
Aug 09 00:58:48 witherspoon dropbear[1200]: Exit (root): Error reading: Connection reset by peer
Aug 09 00:58:48 witherspoon dropbear[1207]: Exit (root): Error reading: Connection reset by peer
Aug 09 00:58:57 witherspoon avahi-daemon[974]: Withdrawing address record for 9.3.86.161 on eth0.
Aug 09 00:58:57 witherspoon avahi-daemon[974]: Host name conflict, retrying with witherspoon-18
Aug 09 00:58:57 witherspoon avahi-daemon[974]: Registering new address record for fe80::72e2:84ff:fe14:23e1 on eth0.*.
Aug 09 00:58:57 witherspoon avahi-daemon[974]: Registering new address record for 9.3.86.161 on eth0.IPv4.
Aug 09 00:59:17 witherspoon avahi-daemon[974]: Withdrawing address record for 9.3.86.161 on eth0.
Aug 09 00:59:17 witherspoon avahi-daemon[974]: Host name conflict, retrying with witherspoon-19
Aug 09 00:59:17 witherspoon avahi-daemon[974]: Registering new address record for fe80::72e2:84ff:fe14:23e1 on eth0.*.
Aug 09 00:59:17 witherspoon avahi-daemon[974]: Registering new address record for 9.3.86.161 on eth0.IPv4.
Aug 09 00:59:37 witherspoon avahi-daemon[974]: Withdrawing address record for 9.3.86.161 on eth0.
Aug 09 00:59:37 witherspoon avahi-daemon[974]: Host name conflict, retrying with witherspoon-20
Aug 09 00:59:37 witherspoon avahi-daemon[974]: Registering new address record for fe80::72e2:84ff:fe14:23e1 on eth0.*.
Aug 09 00:59:37 witherspoon avahi-daemon[974]: Registering new address record for 9.3.86.161 on eth0.IPv4.
Aug 09 00:59:57 witherspoon systemd[1]: Started SSH Per-Connection Server (9.41.165.94:44598).
Aug 09 00:59:57 witherspoon avahi-daemon[974]: Withdrawing address record for 9.3.86.161 on eth0.
Aug 09 00:59:57 witherspoon avahi-daemon[974]: Host name conflict, retrying with witherspoon-21
Aug 09 00:59:57 witherspoon avahi-daemon[974]: Registering new address record for fe80::72e2:84ff:fe14:23e1 on eth0.*.
Aug 09 00:59:57 witherspoon avahi-daemon[974]: Registering new address record for 9.3.86.161 on eth0.IPv4.
Aug 09 00:59:57 witherspoon dropbear[1219]: Failed loading /etc/dropbear/dropbear_dss_host_key
Aug 09 00:59:57 witherspoon dropbear[1219]: Failed loading /etc/dropbear/dropbear_ecdsa_host_key
Aug 09 00:59:57 witherspoon dropbear[1219]: Child connection from ::ffff:9.41.165.94:44598
Aug 09 00:59:58 witherspoon dropbear[1219]: PAM password auth succeeded for 'root' from ::ffff:9.41.165.94:44598
Aug 09 00:59:58 witherspoon dropbear[1220]: lastlog_perform_login: Couldn't stat /var/log/lastlog: No such file or directory
Aug 09 00:59:58 witherspoon dropbear[1220]: lastlog_openseek: /var/log/lastlog is not a file or directory!
Aug 09 00:59:59 witherspoon systemd[1]: Started SSH Per-Connection Server (9.41.165.94:44600).
Aug 09 00:59:59 witherspoon dropbear[1229]: Failed loading /etc/dropbear/dropbear_dss_host_key
Aug 09 00:59:59 witherspoon dropbear[1229]: Failed loading /etc/dropbear/dropbear_ecdsa_host_key
Aug 09 00:59:59 witherspoon dropbear[1229]: Child connection from ::ffff:9.41.165.94:44600
Aug 09 01:00:00 witherspoon dropbear[1229]: PAM password auth succeeded for 'root' from ::ffff:9.41.165.94:44600
Aug 09 01:00:00 witherspoon dropbear[1230]: lastlog_perform_login: Couldn't stat /var/log/lastlog: No such file or directory
Aug 09 01:00:00 witherspoon dropbear[1230]: lastlog_openseek: /var/log/lastlog is not a file or directory!
Aug 09 01:00:00 witherspoon systemd[1]: Started SSH Per-Connection Server (9.41.165.94:44602).
Aug 09 01:00:00 witherspoon dropbear[1236]: Failed loading /etc/dropbear/dropbear_dss_host_key
Aug 09 01:00:00 witherspoon dropbear[1236]: Failed loading /etc/dropbear/dropbear_ecdsa_host_key
Aug 09 01:00:00 witherspoon dropbear[1236]: Child connection from ::ffff:9.41.165.94:44602
Aug 09 01:00:01 witherspoon dropbear[1236]: PAM password auth succeeded for 'root' from ::ffff:9.41.165.94:44602
Aug 09 01:00:01 witherspoon dropbear[1237]: lastlog_perform_login: Couldn't stat /var/log/lastlog: No such file or directory
Aug 09 01:00:01 witherspoon dropbear[1237]: lastlog_openseek: /var/log/lastlog is not a file or directory!
Aug 09 01:00:02 witherspoon phosphor-gevent[1193]: ::80c9:6d76:8e91:f402%1996016412 - - [2017-08-09 01:00:02] "POST /login HTTP/1.1" 200 320 0.032780
Aug 09 01:00:02 witherspoon phosphor-gevent[1193]: ::80c9:6d76:8e91:f402%1996016412 - - [2017-08-09 01:00:02] "POST /login HTTP/1.1" 200 320 0.041616
Aug 09 01:00:03 witherspoon phosphor-gevent[1193]: ::80c9:6d76:8e91:f402%1996016412 - - [2017-08-09 01:00:03] "GET /xyz/openbmc_project/state/host0//attr/CurrentHostState HTTP/1.1" 200 212 0.103442
Aug 09 01:00:03 witherspoon systemd[1]: Created slice system-obmc\x2dconsole\x2dssh.slice.
Aug 09 01:00:03 witherspoon systemd[1]: Started Phosphor Host Console SSH Per-Connection (9.41.165.94:39886).
Aug 09 01:00:03 witherspoon dropbear[1243]: Failed loading /etc/dropbear/dropbear_dss_host_key
Aug 09 01:00:03 witherspoon dropbear[1243]: Failed loading /etc/dropbear/dropbear_ecdsa_host_key
Aug 09 01:00:03 witherspoon dropbear[1243]: Child connection from ::ffff:9.41.165.94:39886
Aug 09 01:00:03 witherspoon phosphor-gevent[1193]: ::80c9:6d76:8e91:f402%1996016412 - - [2017-08-09 01:00:03] "POST /login HTTP/1.1" 200 320 0.032359
Aug 09 01:00:04 witherspoon phosphor-host-state-manager[1140]: Host State transaction request
Aug 09 01:00:04 witherspoon dropbear[1243]: PAM password auth succeeded for 'root' from ::ffff:9.41.165.94:39886
Aug 09 01:00:04 witherspoon dropbear[1244]: lastlog_perform_login: Couldn't stat /var/log/lastlog: No such file or directory
Aug 09 01:00:04 witherspoon dropbear[1244]: lastlog_openseek: /var/log/lastlog is not a file or directory!
Aug 09 01:00:04 witherspoon phosphor-gevent[1193]: ::80c9:6d76:8e91:f402%1996016412 - - [2017-08-09 01:00:04] "PUT /xyz/openbmc_project/state/host0//attr/RequestedHostTransition HTTP/1.1" 200 169 0.673216
Aug 09 01:00:04 witherspoon systemd[1]: Created slice system-op\x2dpower\x2dstop.slice.
Aug 09 01:00:04 witherspoon systemd[1]: Stopped target Host0 running after reset.
Aug 09 01:00:04 witherspoon systemd[1]: Created slice system-ir35221\x2doff\x2dbind.slice.
Aug 09 01:00:04 witherspoon systemd[1]: Stopped target Host0 (Reset Check).
Aug 09 01:00:04 witherspoon systemd[1]: Reached target Stop Hosti (Pre).
Aug 09 01:00:04 witherspoon systemd[1]: Reached target Hosti (Stopping).
Aug 09 01:00:04 witherspoon systemd[1]: Reached target Hosti (Stopped).
Aug 09 01:00:04 witherspoon systemd[1]: Reached target Poweri Off (Pre).
Aug 09 01:00:04 witherspoon systemd[1]: Reached target Stop Host0 (Pre).
Aug 09 01:00:04 witherspoon systemd[1]: Created slice system-obmc\x2dled\x2dgroup\x2dstop.slice.
Aug 09 01:00:04 witherspoon systemd[1]: Reached target Poweri Off.
Aug 09 01:00:04 witherspoon systemd[1]: Created slice system-vcs_off_poweroff.slice.
Aug 09 01:00:04 witherspoon systemd[1]: Starting Wait for /org/openbmc/HostIpmi/1...
Aug 09 01:00:04 witherspoon systemd[1]: Starting Wait for /xyz/openbmc_project/led/groups/power_on...
Aug 09 01:00:04 witherspoon systemd[1]: Created slice system-op\x2dwait\x2dpower\x2doff.slice.
Aug 09 01:00:05 witherspoon phosphor-gevent[1193]: ::80c9:6d76:8e91:f402%1996016412 - - [2017-08-09 01:00:05] "POST /login HTTP/1.1" 200 320 0.032599
Aug 09 01:00:05 witherspoon systemd[1]: Starting Wait for /org/openbmc/control/chassis0...
Aug 09 01:00:05 witherspoon systemd[1]: Created slice system-ir35221\x2doff\x2dunbind.slice.
Aug 09 01:00:05 witherspoon systemd[1]: Starting Power off mode unbind ir35221 device driver devs...
Aug 09 01:00:05 witherspoon systemd[1]: Started Wait for /org/openbmc/HostIpmi/1.
Aug 09 01:00:05 witherspoon systemd[1]: Started Wait for /xyz/openbmc_project/led/groups/power_on.
Aug 09 01:00:05 witherspoon systemd[1]: Started Wait for /org/openbmc/control/chassis0.
Aug 09 01:00:05 witherspoon systemd[1]: Started Power off mode unbind ir35221 device driver devs.
Aug 09 01:00:05 witherspoon systemd[1]: xyz.openbmc_project.Hwmon@ahb-apb-i2c\x401e78a000-i2c\x2dbus\x40140-ir35221\x4070.service: Unit not needed anymore. Stopping.
Aug 09 01:00:06 witherspoon phosphor-gevent[1193]: ::80c9:6d76:8e91:f402%1996016412 - - [2017-08-09 01:00:06] "GET /xyz/openbmc_project/state/chassis0//attr/CurrentPowerState HTTP/1.1" 200 216 1.006960
Aug 09 01:00:06 witherspoon systemd[1]: xyz.openbmc_project.Hwmon@ahb-apb-i2c\x401e78a000-i2c\x2dbus\x40140-ir35221\x4071.service: Unit not needed anymore. Stopping.
Aug 09 01:00:06 witherspoon systemd[1]: xyz.openbmc_project.Hwmon@ahb-apb-i2c\x401e78a000-i2c\x2dbus\x40180-ir35221\x4070.service: Unit not needed anymore. Stopping.
Aug 09 01:00:06 witherspoon systemd[1]: xyz.openbmc_project.Hwmon@ahb-apb-i2c\x401e78a000-i2c\x2dbus\x40180-ir35221\x4071.service: Unit not needed anymore. Stopping.
Aug 09 01:00:06 witherspoon systemd[1]: Stopping Phosphor Hwmon Poller...
Aug 09 01:00:06 witherspoon systemd[1]: Stopping Phosphor Hwmon Poller...
Aug 09 01:00:06 witherspoon systemd[1]: Stopping Phosphor Hwmon Poller...
Aug 09 01:00:06 witherspoon systemd[1]: Stopping Phosphor Hwmon Poller...
Aug 09 01:00:06 witherspoon systemd[1]: Starting Assert power_on LED...
Aug 09 01:00:06 witherspoon systemd[1]: Starting Soft power off of the host...
Aug 09 01:00:06 witherspoon systemd[1]: Stopped Phosphor Hwmon Poller.
Aug 09 01:00:06 witherspoon systemd[1]: Stopped Phosphor Hwmon Poller.
Aug 09 01:00:06 witherspoon systemd[1]: Stopped Phosphor Hwmon Poller.
Aug 09 01:00:06 witherspoon systemd[1]: Stopped Phosphor Hwmon Poller.
Aug 09 01:00:06 witherspoon phosphor-gevent[1193]: ::80c9:6d76:8e91:f402%1996016412 - - [2017-08-09 01:00:06] "POST /login HTTP/1.1" 200 320 0.032691
Aug 09 01:00:10 witherspoon ipmid[1151]: Pushing cmd on to queue
Aug 09 01:00:10 witherspoon ipmid[1151]: Asserting SMS Attention
Aug 09 01:00:10 witherspoon systemd[1]: Started Assert power_on LED.
Aug 09 01:00:10 witherspoon ipmid[1151]: SMS Attention asserted
Aug 09 01:00:10 witherspoon phosphor-gevent[1193]: ::80c9:6d76:8e91:f402%1996016412 - - [2017-08-09 01:00:10] "GET /xyz/openbmc_project/state/host0//attr/CurrentHostState HTTP/1.1" 200 212 3.808080
Aug 09 01:00:11 witherspoon phosphor-gevent[1193]: ::80c9:6d76:8e91:f402%1996016412 - - [2017-08-09 01:00:11] "POST /login HTTP/1.1" 200 320 0.033188
Aug 09 01:00:11 witherspoon phosphor-host-state-manager[1140]: Host State transaction request
Aug 09 01:00:11 witherspoon systemd[1]: Created slice system-start_host.slice.
Aug 09 01:00:11 witherspoon systemd[1]: Created slice system-op\x2dwait\x2dpower\x2don.slice.
Aug 09 01:00:11 witherspoon systemd[1]: Created slice system-mapper\x2dsubtree\x2dremove.slice.
Aug 09 01:00:11 witherspoon systemd[1]: Starting mapper subtree-remove /xyz/openbmc_project/software:xyz.openbmc_project.Software.ActivationBlocksTransition...
Aug 09 01:00:11 witherspoon systemd[1]: Created slice system-ucd_disable_vcs.slice.
Aug 09 01:00:11 witherspoon systemd[1]: Starting Disable UCD VCS rails...
