-- Logs begin at Wed 2017-10-25 01:14:00 UTC, end at Wed 2017-10-25 01:16:48 UTC. --
Oct 25 01:14:00 witherspoon kernel: Booting Linux on physical CPU 0x0
Oct 25 01:14:00 witherspoon kernel: Linux version 4.10.17-da78428ac543d6d9ac2493dfa77364eb300a47cb (jenkins@openbmc-builder1) (gcc version 6.2.0 (GCC) ) #1 Fri Oct 20 20:00:41 UTC 2017
Oct 25 01:14:00 witherspoon kernel: CPU: ARMv6-compatible processor [410fb767] revision 7 (ARMv7), cr=00c5387d
Oct 25 01:14:00 witherspoon kernel: CPU: PIPT / VIPT nonaliasing data cache, VIPT nonaliasing instruction cache
Oct 25 01:14:00 witherspoon kernel: OF: fdt:Machine model: Witherspoon BMC
Oct 25 01:14:00 witherspoon kernel: Memory policy: Data cache writeback
Oct 25 01:14:00 witherspoon kernel: SOC Rev: 04030303
Oct 25 01:14:00 witherspoon kernel: On node 0 totalpages: 110592
Oct 25 01:14:00 witherspoon kernel: free_area_init_node: node 0, pgdat 806018a4, node_mem_map 9ec1a000
Oct 25 01:14:00 witherspoon kernel:   Normal zone: 992 pages used for memmap
Oct 25 01:14:00 witherspoon kernel:   Normal zone: 0 pages reserved
Oct 25 01:14:00 witherspoon kernel:   Normal zone: 110592 pages, LIFO batch:31
Oct 25 01:14:00 witherspoon kernel: pcpu-alloc: s0 r0 d32768 u32768 alloc=1*32768
Oct 25 01:14:00 witherspoon kernel: pcpu-alloc: [0] 0 
Oct 25 01:14:00 witherspoon kernel: Built 1 zonelists in Zone order, mobility grouping on.  Total pages: 109600
Oct 25 01:14:00 witherspoon kernel: Kernel command line: console=ttyS4,115200n8 ubi.mtd=obmc-ubi,0,0,0 ubi.mtd=alt-obmc-ubi,0,0,4 ro rootfstype=squashfs ubi.block=4,0 root=/dev/ubiblock4_0
Oct 25 01:14:00 witherspoon kernel: PID hash table entries: 2048 (order: 1, 8192 bytes)
Oct 25 01:14:00 witherspoon kernel: Dentry cache hash table entries: 65536 (order: 6, 262144 bytes)
Oct 25 01:14:00 witherspoon kernel: Inode-cache hash table entries: 32768 (order: 5, 131072 bytes)
Oct 25 01:14:00 witherspoon kernel: Memory: 431968K/442368K available (4077K kernel code, 281K rwdata, 1188K rodata, 284K init, 111K bss, 10400K reserved, 0K cma-reserved)
Oct 25 01:14:00 witherspoon kernel: Virtual kernel memory layout:
                                        vector  : 0xffff0000 - 0xffff1000   (   4 kB)
                                        fixmap  : 0xffc00000 - 0xfff00000   (3072 kB)
                                        vmalloc : 0x9f800000 - 0xff800000   (1536 MB)
                                        lowmem  : 0x80000000 - 0x9f000000   ( 496 MB)
                                          .text : 0x80008000 - 0x804037e0   (4078 kB)
                                          .init : 0x80587000 - 0x805ce000   ( 284 kB)
                                          .data : 0x805ce000 - 0x806147a8   ( 282 kB)
                                           .bss : 0x806147a8 - 0x80630658   ( 112 kB)
Oct 25 01:14:00 witherspoon kernel: NR_IRQS:16 nr_irqs:16 16
Oct 25 01:14:00 witherspoon kernel: i2c controller registered, irq 16
Oct 25 01:14:00 witherspoon kernel: clocksource: moxart_timer: mask: 0xffffffff max_cycles: 0xffffffff, max_idle_ns: 77222644334 ns
Oct 25 01:14:00 witherspoon kernel: sched_clock: 32 bits at 100 Hz, resolution 10000000ns, wraps every 21474836475000000ns
Oct 25 01:14:00 witherspoon kernel: Calibrating delay loop... 789.70 BogoMIPS (lpj=3948544)
Oct 25 01:14:00 witherspoon kernel: pid_max: default: 32768 minimum: 301
Oct 25 01:14:00 witherspoon kernel: Mount-cache hash table entries: 1024 (order: 0, 4096 bytes)
Oct 25 01:14:00 witherspoon kernel: Mountpoint-cache hash table entries: 1024 (order: 0, 4096 bytes)
Oct 25 01:14:00 witherspoon kernel: CPU: Testing write buffer coherency: ok
Oct 25 01:14:00 witherspoon kernel: ftrace: allocating 14995 entries in 44 pages
Oct 25 01:14:00 witherspoon kernel: Setting up static identity map for 0x80008200 - 0x8000825c
Oct 25 01:14:00 witherspoon kernel: devtmpfs: initialized
Oct 25 01:14:00 witherspoon kernel: clocksource: jiffies: mask: 0xffffffff max_cycles: 0xffffffff, max_idle_ns: 19112604462750000 ns
Oct 25 01:14:00 witherspoon kernel: futex hash table entries: 256 (order: -1, 3072 bytes)
Oct 25 01:14:00 witherspoon kernel: pinctrl core: initialized pinctrl subsystem
Oct 25 01:14:00 witherspoon kernel: NET: Registered protocol family 16
Oct 25 01:14:00 witherspoon kernel: DMA: preallocated 256 KiB pool for atomic coherent allocations
Oct 25 01:14:00 witherspoon kernel: usbcore: registered new interface driver usbfs
Oct 25 01:14:00 witherspoon kernel: usbcore: registered new interface driver hub
Oct 25 01:14:00 witherspoon kernel: usbcore: registered new device driver usb
Oct 25 01:14:00 witherspoon kernel: clocksource: Switched to clocksource moxart_timer
Oct 25 01:14:00 witherspoon kernel: NET: Registered protocol family 2
Oct 25 01:14:00 witherspoon kernel: TCP established hash table entries: 4096 (order: 2, 16384 bytes)
Oct 25 01:14:00 witherspoon kernel: TCP bind hash table entries: 4096 (order: 2, 16384 bytes)
Oct 25 01:14:00 witherspoon kernel: TCP: Hash tables configured (established 4096 bind 4096)
Oct 25 01:14:00 witherspoon kernel: UDP hash table entries: 256 (order: 0, 4096 bytes)
Oct 25 01:14:00 witherspoon kernel: UDP-Lite hash table entries: 256 (order: 0, 4096 bytes)
Oct 25 01:14:00 witherspoon kernel: NET: Registered protocol family 1
Oct 25 01:14:00 witherspoon kernel: workingset: timestamp_bits=30 max_order=17 bucket_order=0
Oct 25 01:14:00 witherspoon kernel: squashfs: version 4.0 (2009/01/31) Phillip Lougher
Oct 25 01:14:00 witherspoon kernel: jffs2: version 2.2. (SUMMARY)  © 2001-2006 Red Hat, Inc.
Oct 25 01:14:00 witherspoon kernel: Block layer SCSI generic (bsg) driver version 0.4 loaded (major 250)
Oct 25 01:14:00 witherspoon kernel: io scheduler noop registered
Oct 25 01:14:00 witherspoon kernel: io scheduler deadline registered
Oct 25 01:14:00 witherspoon kernel: io scheduler cfq registered (default)
Oct 25 01:14:00 witherspoon kernel: ipmi-bt-host 1e789140.ibt: Found bt bmc device
Oct 25 01:14:00 witherspoon kernel: ipmi-bt-host 1e789140.ibt: Using IRQ 22
Oct 25 01:14:00 witherspoon kernel: Serial: 8250/16550 driver, 6 ports, IRQ sharing enabled
Oct 25 01:14:00 witherspoon kernel: 1e787000.vuart: ttyS5 at MMIO 0x1e787000 (irq = 22, base_baud = 1500000) is a 16550A
Oct 25 01:14:00 witherspoon kernel: 1e783000.serial: ttyS0 at MMIO 0x1e783000 (irq = 23, base_baud = 1500000) is a 16550A
Oct 25 01:14:00 witherspoon kernel: 1e78d000.serial: ttyS1 at MMIO 0x1e78d000 (irq = 24, base_baud = 1500000) is a 16550A
Oct 25 01:14:00 witherspoon kernel: 1e784000.serial: ttyS4 at MMIO 0x1e784000 (irq = 25, base_baud = 1500000) is a 16550A
Oct 25 01:14:00 witherspoon kernel: console [ttyS4] enabled
Oct 25 01:14:00 witherspoon kernel: timeriomem_rng 1e6e2078.hwrng: 32bits from 0xf00e2078 @ 1us
Oct 25 01:14:00 witherspoon kernel: random: fast init done
Oct 25 01:14:00 witherspoon kernel: brd: module loaded
Oct 25 01:14:00 witherspoon kernel: random: crng init done
Oct 25 01:14:00 witherspoon kernel: loop: module loaded
Oct 25 01:14:00 witherspoon kernel: aspeed-lpc-ctrl 1e789080.lpc-ctrl: Loaded at 0x98000000 (0x04000000)
Oct 25 01:14:00 witherspoon kernel: aspeed-smc 1e620000.flash-controller: Using IRQ 18
Oct 25 01:14:00 witherspoon kernel: aspeed-smc 1e620000.flash-controller: DMA support disabled.
Oct 25 01:14:00 witherspoon kernel: aspeed-smc 1e620000.flash-controller: mx25l25635e (32768 Kbytes)
Oct 25 01:14:00 witherspoon kernel: aspeed-smc 1e620000.flash-controller: CE0 window [ 0x20000000 - 0x22000000 ] 32MB
Oct 25 01:14:00 witherspoon kernel: aspeed-smc 1e620000.flash-controller: CE1 window [ 0x22000000 - 0x2a000000 ] 128MB
Oct 25 01:14:00 witherspoon kernel: 3 ofpart partitions found on MTD device bmc
Oct 25 01:14:00 witherspoon kernel: Creating 3 MTD partitions on "bmc":
Oct 25 01:14:00 witherspoon kernel: 0x000000000000-0x000000060000 : "u-boot"
Oct 25 01:14:00 witherspoon kernel: 0x000000060000-0x000000080000 : "u-boot-env"
Oct 25 01:14:00 witherspoon kernel: 0x000000080000-0x000002000000 : "obmc-ubi"
Oct 25 01:14:00 witherspoon kernel: aspeed-smc 1e620000.flash-controller: mx25l25635e (32768 Kbytes)
Oct 25 01:14:00 witherspoon kernel: aspeed-smc 1e620000.flash-controller: CE1 window [ 0x22000000 - 0x24000000 ] 32MB
Oct 25 01:14:00 witherspoon kernel: aspeed-smc 1e620000.flash-controller: CE2 window [ 0x24000000 - 0x2c000000 ] 128MB
Oct 25 01:14:00 witherspoon kernel: 3 ofpart partitions found on MTD device alt-bmc
Oct 25 01:14:00 witherspoon kernel: Creating 3 MTD partitions on "alt-bmc":
Oct 25 01:14:00 witherspoon kernel: 0x000000000000-0x000000060000 : "alt-u-boot"
Oct 25 01:14:00 witherspoon kernel: 0x000000060000-0x000000080000 : "alt-u-boot-env"
Oct 25 01:14:00 witherspoon kernel: 0x000000080000-0x000002000000 : "alt-obmc-ubi"
Oct 25 01:14:00 witherspoon kernel: aspeed-smc 1e630000.flash-controller: mx66l1g45g (131072 Kbytes)
Oct 25 01:14:00 witherspoon kernel: aspeed-smc 1e630000.flash-controller: CE0 window resized to 120MB (AST2500 HW quirk)
Oct 25 01:14:00 witherspoon kernel: aspeed-smc 1e630000.flash-controller: CE0 window [ 0x30000000 - 0x37800000 ] 120MB
Oct 25 01:14:00 witherspoon kernel: aspeed-smc 1e630000.flash-controller: CE0 window too small for chip 128MB
Oct 25 01:14:00 witherspoon kernel: aspeed-smc 1e630000.flash-controller: CE1 window [ 0x37800000 - 0x38000000 ] 8MB
Oct 25 01:14:00 witherspoon kernel: libphy: Fixed MDIO Bus: probed
Oct 25 01:14:00 witherspoon kernel: ftgmac100 1e660000.ethernet: Read MAC address 70:e2:84:14:23:e1 from chip
Oct 25 01:14:00 witherspoon kernel: ftgmac100 1e660000.ethernet: Using NCSI interface
Oct 25 01:14:00 witherspoon kernel: ftgmac100 1e660000.ethernet eth0: irq 20, mapped at f0060000
Oct 25 01:14:00 witherspoon kernel: ehci_hcd: USB 2.0 'Enhanced' Host Controller (EHCI) Driver
Oct 25 01:14:00 witherspoon kernel: ehci-platform: EHCI generic platform driver
Oct 25 01:14:00 witherspoon kernel: i2c /dev entries driver
Oct 25 01:14:00 witherspoon kernel: aspeed-i2c-bus 1e78a0c0.i2c-bus: i2c bus 2 registered, irq 26
Oct 25 01:14:00 witherspoon kernel: aspeed-i2c-bus 1e78a100.i2c-bus: i2c bus 3 registered, irq 27
Oct 25 01:14:00 witherspoon kernel: aspeed-i2c-bus 1e78a140.i2c-bus: i2c bus 4 registered, irq 28
Oct 25 01:14:00 witherspoon kernel: aspeed-i2c-bus 1e78a180.i2c-bus: i2c bus 5 registered, irq 29
Oct 25 01:14:00 witherspoon kernel: aspeed-i2c-bus 1e78a380.i2c-bus: i2c bus 9 registered, irq 30
Oct 25 01:14:00 witherspoon kernel: aspeed-i2c-bus 1e78a3c0.i2c-bus: i2c bus 10 registered, irq 31
Oct 25 01:14:00 witherspoon kernel: rtc-rv8803 11-0032: Voltage low, temperature compensation stopped.
Oct 25 01:14:00 witherspoon kernel: rtc-rv8803 11-0032: An alarm maybe have been missed.
Oct 25 01:14:00 witherspoon kernel: rtc-rv8803 11-0032: rtc core: registered rx8900 as rtc0
Oct 25 01:14:00 witherspoon kernel: at24 11-0051: 8192 byte 24c64 EEPROM, writable, 1 bytes/write
Oct 25 01:14:00 witherspoon kernel: aspeed-i2c-bus 1e78a400.i2c-bus: i2c bus 11 registered, irq 32
Oct 25 01:14:00 witherspoon kernel: aspeed-i2c-bus 1e78a440.i2c-bus: i2c bus 12 registered, irq 33
Oct 25 01:14:00 witherspoon kernel: aspeed-i2c-bus 1e78a480.i2c-bus: i2c bus 13 registered, irq 34
Oct 25 01:14:00 witherspoon kernel: Driver for 1-wire Dallas network protocol.
Oct 25 01:14:00 witherspoon kernel: lm75 9-004a: hwmon0: sensor 'tmp275'
Oct 25 01:14:00 witherspoon kernel: ucd9000 11-0064: Device ID UCD90160|2.3.4.0000|110603
Oct 25 01:14:00 witherspoon kernel: leds-pca955x 3-0060: leds-pca955x: Using pca9552 16-bit LED driver at slave address 0x60
Oct 25 01:14:00 witherspoon kernel: leds-pca955x 3-0060: gpios 238...253
Oct 25 01:14:00 witherspoon kernel: leds-pca955x 11-0060: leds-pca955x: Using pca9552 16-bit LED driver at slave address 0x60
Oct 25 01:14:00 witherspoon kernel: leds-pca955x 11-0060: gpios 222...237
Oct 25 01:14:00 witherspoon kernel: usbcore: registered new interface driver usbhid
Oct 25 01:14:00 witherspoon kernel: usbhid: USB HID core driver
Oct 25 01:14:00 witherspoon kernel: NET: Registered protocol family 10
Oct 25 01:14:00 witherspoon kernel: Segment Routing with IPv6
Oct 25 01:14:00 witherspoon kernel: NET: Registered protocol family 17
Oct 25 01:14:00 witherspoon kernel: 8021q: 802.1Q VLAN Support v1.8
Oct 25 01:14:00 witherspoon kernel: input: gpio-keys-polled as /devices/platform/gpio-keys-polled/input/input1
Oct 25 01:14:00 witherspoon kernel: ubi0: default fastmap pool size: 25
Oct 25 01:14:00 witherspoon kernel: ubi0: default fastmap WL pool size: 12
Oct 25 01:14:00 witherspoon kernel: ubi0: attaching mtd3
Oct 25 01:14:00 witherspoon kernel: ubi0: scanning is finished
Oct 25 01:14:00 witherspoon kernel: ubi0: attached mtd3 (name "obmc-ubi", size 31 MiB)
Oct 25 01:14:00 witherspoon kernel: ubi0: PEB size: 65536 bytes (64 KiB), LEB size: 65408 bytes
Oct 25 01:14:00 witherspoon kernel: ubi0: min./max. I/O unit sizes: 1/256, sub-page size 1
Oct 25 01:14:00 witherspoon kernel: ubi0: VID header offset: 64 (aligned 64), data offset: 128
Oct 25 01:14:00 witherspoon kernel: ubi0: good PEBs: 504, bad PEBs: 0, corrupted PEBs: 0
Oct 25 01:14:00 witherspoon kernel: ubi0: user volume: 4, internal volumes: 1, max. volumes count: 128
Oct 25 01:14:00 witherspoon kernel: ubi0: max/mean erase counter: 183/160, WL threshold: 4096, image sequence number: 1358235831
Oct 25 01:14:00 witherspoon kernel: ubi0: available PEBs: 46, total reserved PEBs: 458, PEBs reserved for bad PEB handling: 0
Oct 25 01:14:00 witherspoon kernel: ubi0: background thread "ubi_bgt0d" started, PID 507
Oct 25 01:14:00 witherspoon kernel: ubi4: default fastmap pool size: 25
Oct 25 01:14:00 witherspoon kernel: ubi4: default fastmap WL pool size: 12
Oct 25 01:14:00 witherspoon kernel: ubi4: attaching mtd7
Oct 25 01:14:00 witherspoon kernel: ubi4: scanning is finished
Oct 25 01:14:00 witherspoon kernel: ubi4: attached mtd7 (name "alt-obmc-ubi", size 31 MiB)
Oct 25 01:14:00 witherspoon kernel: ubi4: PEB size: 65536 bytes (64 KiB), LEB size: 65408 bytes
Oct 25 01:14:00 witherspoon kernel: ubi4: min./max. I/O unit sizes: 1/256, sub-page size 1
Oct 25 01:14:00 witherspoon kernel: ubi4: VID header offset: 64 (aligned 64), data offset: 128
Oct 25 01:14:00 witherspoon kernel: ubi4: good PEBs: 504, bad PEBs: 0, corrupted PEBs: 0
Oct 25 01:14:00 witherspoon kernel: ubi4: user volume: 4, internal volumes: 1, max. volumes count: 128
Oct 25 01:14:00 witherspoon kernel: ubi4: max/mean erase counter: 162/129, WL threshold: 4096, image sequence number: 1358235831
Oct 25 01:14:00 witherspoon kernel: ubi4: available PEBs: 46, total reserved PEBs: 458, PEBs reserved for bad PEB handling: 0
Oct 25 01:14:00 witherspoon kernel: ubi4: background thread "ubi_bgt4d" started, PID 513
Oct 25 01:14:00 witherspoon kernel: block ubiblock4_0: created from ubi4:0(rofs-96ad31f1)
Oct 25 01:14:00 witherspoon kernel: console [netcon0] enabled
Oct 25 01:14:00 witherspoon kernel: netconsole: network logging started
Oct 25 01:14:00 witherspoon kernel: input: gpio-keys as /devices/platform/gpio-keys/input/input2
Oct 25 01:14:00 witherspoon kernel: rtc-rv8803 11-0032: setting system clock to 2017-10-25 01:13:52 UTC (1508894032)
Oct 25 01:14:00 witherspoon kernel: VFS: Mounted root (squashfs filesystem) readonly on device 254:0.
Oct 25 01:14:00 witherspoon kernel: devtmpfs: mounted
Oct 25 01:14:00 witherspoon kernel: Freeing unused kernel memory: 284K
Oct 25 01:14:00 witherspoon kernel: This architecture does not have kernel memory protection.
Oct 25 01:14:01 witherspoon systemd[1]: Failed to insert module 'autofs4': No such file or directory
Oct 25 01:14:01 witherspoon systemd[1]: systemd 232 running in system mode. (+PAM -AUDIT -SELINUX -IMA -APPARMOR -SMACK +SYSVINIT -UTMP -LIBCRYPTSETUP -GCRYPT -GNUTLS +ACL +XZ -LZ4 -SECCOMP +BLKID -ELFUTILS +KMOD -IDN)
Oct 25 01:14:01 witherspoon systemd[1]: Detected architecture arm.
Oct 25 01:14:01 witherspoon systemd[1]: Set hostname to <witherspoon>.
Oct 25 01:14:01 witherspoon systemd[1]: Initializing machine ID from random generator.
Oct 25 01:14:01 witherspoon systemd[1]: Installed transient /etc/machine-id file.
Oct 25 01:14:01 witherspoon systemd[1]: Created slice System Slice.
Oct 25 01:14:01 witherspoon systemd[1]: Mounting Debug File System...
Oct 25 01:14:01 witherspoon systemd[1]: Listening on Syslog Socket.
Oct 25 01:14:01 witherspoon systemd[1]: Reached target Remote File Systems.
Oct 25 01:14:01 witherspoon systemd[1]: Created slice system-phosphor\x2dreset\x2dhost\x2dcheck.slice.
Oct 25 01:14:01 witherspoon systemd[1]: Started Create Static Device Nodes in /dev.
Oct 25 01:14:01 witherspoon systemd[1]: Reached target Local File Systems (Pre).
Oct 25 01:14:01 witherspoon systemd-journald[535]: Journal started
Oct 25 01:14:01 witherspoon systemd-journald[535]: Runtime journal (/run/log/journal/d4d8205aa9b64aa38e7941e75a449809) is 0B, max 0B, 0B free.
Oct 25 01:14:01 witherspoon systemd-sysctl[534]: Couldn't write '16' to 'kernel/sysrq', ignoring: No such file or directory
Oct 25 01:14:01 witherspoon systemd-sysctl[534]: Couldn't write 'fq_codel' to 'net/core/default_qdisc', ignoring: No such file or directory
Oct 25 01:14:01 witherspoon systemd[1]: Mounting /usr/local...
Oct 25 01:14:01 witherspoon systemd[1]: Mounting /media...
Oct 25 01:14:01 witherspoon systemd[1]: Starting udev Kernel Device Manager...
Oct 25 01:14:01 witherspoon systemd[1]: Started Journal Service.
Oct 25 01:14:01 witherspoon systemd[1]: Mounted /usr/local.
Oct 25 01:14:01 witherspoon systemd[1]: Mounted /media.
Oct 25 01:14:02 witherspoon systemd[1]: Started udev Kernel Device Manager.
Oct 25 01:14:02 witherspoon systemd[1]: Started udev Coldplug all Devices.
Oct 25 01:14:04 witherspoon systemd[1]: Created slice system-xyz.openbmc_project.Hwmon.slice.
Oct 25 01:14:04 witherspoon systemd[1]: dev-hugepages.mount: Couldn't determine result for ConditionVirtualization=!private-users, assuming failed: No such file or directory
Oct 25 01:14:04 witherspoon systemd[1]: Found device /dev/aspeed-lpc-ctrl.
Oct 25 01:14:04 witherspoon systemd[1]: Found device /dev/aspeed-mbox.
Oct 25 01:14:04 witherspoon systemd[1]: Found device /dev/ttyS4.
Oct 25 01:14:04 witherspoon systemd[1]: Found device /dev/ttyVUART0.
Oct 25 01:14:06 witherspoon systemd[1]: Started Factory reset BMC if reset enabled.
Oct 25 01:14:06 witherspoon systemd[1]: Created slice system-xyz.openbmc_project.led.controller.slice.
Oct 25 01:14:06 witherspoon systemd[1]: var.mount: Directory /var to mount over is not empty, mounting anyway.
Oct 25 01:14:06 witherspoon systemd[1]: Mounting /var...
Oct 25 01:14:06 witherspoon systemd[1]: dev-hugepages.mount: Couldn't determine result for ConditionVirtualization=!private-users, assuming failed: No such file or directory
Oct 25 01:14:06 witherspoon kernel: UBIFS (ubi0:2): background thread "ubifs_bgt0_2" started, PID 935
Oct 25 01:14:06 witherspoon kernel: UBIFS (ubi0:2): UBIFS: mounted UBI device 0, volume 2, name "rwfs"
Oct 25 01:14:06 witherspoon kernel: UBIFS (ubi0:2): LEB size: 65408 bytes (63 KiB), min./max. I/O unit sizes: 8 bytes/256 bytes
Oct 25 01:14:06 witherspoon kernel: UBIFS (ubi0:2): FS size: 3597440 bytes (3 MiB, 55 LEBs), journal size 719488 bytes (0 MiB, 11 LEBs)
Oct 25 01:14:06 witherspoon kernel: UBIFS (ubi0:2): reserved for root: 0 bytes (0 KiB)
Oct 25 01:14:06 witherspoon kernel: UBIFS (ubi0:2): media format: w4/r0 (latest is w5/r0), UUID F6AF7850-1C6E-4E2A-94BB-A56899CAF080, small LPT model
Oct 25 01:14:06 witherspoon systemd[1]: Mounted /var.
Oct 25 01:14:06 witherspoon systemd[1]: Starting Flush Journal to Persistent Storage...
Oct 25 01:14:06 witherspoon systemd[1]: Mounting /var/volatile...
Oct 25 01:14:06 witherspoon systemd[1]: Starting Prepare for overlay fs...
Oct 25 01:14:06 witherspoon sh[939]: /etc is not a mountpoint
Oct 25 01:14:06 witherspoon systemd[1]: Started Prepare for overlay fs.
Oct 25 01:14:06 witherspoon systemd[1]: etc.mount: Directory /etc to mount over is not empty, mounting anyway.
Oct 25 01:14:06 witherspoon systemd[1]: Mounting /etc...
Oct 25 01:14:06 witherspoon systemd[1]: home.mount: Directory /home to mount over is not empty, mounting anyway.
Oct 25 01:14:06 witherspoon systemd[1]: Mounting /home...
Oct 25 01:14:07 witherspoon systemd[1]: Mounted /etc.
Oct 25 01:14:07 witherspoon systemd[1]: Mounted /var/volatile.
Oct 25 01:14:07 witherspoon systemd[1]: Mounted /home.
Oct 25 01:14:07 witherspoon systemd-journald[535]: Runtime journal (/run/log/journal/d4d8205aa9b64aa38e7941e75a449809) is 8.0M, max 64.0M, 56.0M free.
Oct 25 01:14:07 witherspoon systemd[1]: Starting Load/Save Random Seed...
Oct 25 01:14:07 witherspoon systemd[1]: Reached target Local File Systems.
Oct 25 01:14:07 witherspoon systemd[1]: Started Flush Journal to Persistent Storage.
Oct 25 01:14:07 witherspoon systemd[1]: Starting Create Volatile Files and Directories...
Oct 25 01:14:07 witherspoon systemd[1]: Started Load/Save Random Seed.
Oct 25 01:14:07 witherspoon systemd[1]: Started Create Volatile Files and Directories.
Oct 25 01:14:07 witherspoon systemd[1]: Starting Network Time Synchronization...
Oct 25 01:14:07 witherspoon systemd[1]: Started Network Time Synchronization.
Oct 25 01:14:08 witherspoon systemd[1]: Reached target System Time Synchronized.
Oct 25 01:14:08 witherspoon systemd[1]: Reached target System Initialization.
Oct 25 01:14:08 witherspoon systemd[1]: Listening on phosphor-ipmi-net.socket.
Oct 25 01:14:08 witherspoon systemd[1]: Listening on dropbear.socket.
Oct 25 01:14:08 witherspoon systemd[1]: Listening on Avahi mDNS/DNS-SD Stack Activation Socket.
Oct 25 01:14:08 witherspoon systemd[1]: Listening on Phosphor Host Console SSH Per-Connection socket.
Oct 25 01:14:08 witherspoon systemd[1]: Listening on Phosphor DBUS Browser socket.
Oct 25 01:14:08 witherspoon systemd[1]: Listening on Phosphor Webserver socket.
Oct 25 01:14:08 witherspoon systemd[1]: Started Daily Cleanup of Temporary Directories.
Oct 25 01:14:08 witherspoon systemd[1]: Reached target Timers.
Oct 25 01:14:08 witherspoon systemd[1]: Listening on D-Bus System Message Bus Socket.
Oct 25 01:14:08 witherspoon systemd[1]: Reached target Sockets.
Oct 25 01:14:08 witherspoon systemd[1]: Reached target Basic System.
Oct 25 01:14:08 witherspoon systemd[1]: Started Hardware RNG Entropy Gatherer Daemon.
Oct 25 01:14:08 witherspoon systemd[1]: Started Phosphor sysfs LED controller.
Oct 25 01:14:08 witherspoon systemd[1]: Started Phosphor Dump core monitor..
Oct 25 01:14:08 witherspoon systemd[1]: Started Phosphor sysfs LED controller.
Oct 25 01:14:08 witherspoon systemd[1]: Started Phosphor sysfs LED controller.
Oct 25 01:14:08 witherspoon systemd[1]: Starting Clear one time boot overrides...
Oct 25 01:14:08 witherspoon systemd[1]: Started Phosphor sysfs LED controller.
Oct 25 01:14:08 witherspoon systemd[1]: Started Phosphor sysfs LED controller.
Oct 25 01:14:08 witherspoon systemd[1]: Reached target Containers.
Oct 25 01:14:09 witherspoon systemd[1]: Started Phosphor sysfs LED controller.
Oct 25 01:14:09 witherspoon systemd[1]: Starting Set U-Boot environment variable...
Oct 25 01:14:09 witherspoon systemd[1]: Started Phosphor sysfs LED controller.
Oct 25 01:14:09 witherspoon systemd[1]: Starting Phosphor BMC0 Control...
Oct 25 01:14:09 witherspoon systemd[1]: Starting Phosphor Log Manager...
Oct 25 01:14:09 witherspoon systemd[1]: Starting Avahi mDNS/DNS-SD Stack...
Oct 25 01:14:09 witherspoon systemd[1]: Starting Phosphor Network Manager...
Oct 25 01:14:09 witherspoon systemd[1]: Starting Phosphor Download Manager...
Oct 25 01:14:09 witherspoon systemd[1]: Starting Phosphor DBus Service Discovery Manager...
Oct 25 01:14:09 witherspoon systemd[1]: Starting Phosphor User Manager...
Oct 25 01:14:09 witherspoon systemd[1]: Starting Phosphor Chassis0 Control...
Oct 25 01:14:09 witherspoon systemd[1]: Starting Phosphor Settings Daemon...
Oct 25 01:14:09 witherspoon systemd[1]: Starting Phosphor IPMI BT DBus Bridge...
Oct 25 01:14:10 witherspoon systemd[1]: Starting Phosphor Sensor Manager...
Oct 25 01:14:10 witherspoon systemd[1]: Starting Phosphor LED Group Management Daemon...
Oct 25 01:14:10 witherspoon systemd[1]: Started Phosphor sysfs LED controller.
Oct 25 01:14:10 witherspoon systemd[1]: Started Phosphor Console Muxer listening on device /dev/ttyVUART0.
Oct 25 01:14:10 witherspoon systemd[1]: Starting Check PNOR UBI format...
Oct 25 01:14:10 witherspoon systemd[1]: Starting Phosphor Inventory Manager...
Oct 25 01:14:10 witherspoon systemd[1]: Started Phosphor sysfs LED controller.
Oct 25 01:14:11 witherspoon systemd[1]: Starting Phosphor Inventory Manager...
Oct 25 01:14:11 witherspoon systemd[1]: Starting Remount the squashfs and ubi volumes after a reboot...
Oct 25 01:14:11 witherspoon systemd[1]: Started Phosphor sysfs LED controller.
Oct 25 01:14:11 witherspoon systemd[1]: Started System Logging Service.
Oct 25 01:14:11 witherspoon systemd[1]: Started D-Bus System Message Bus.
Oct 25 01:14:11 witherspoon kernel: ubi8: default fastmap pool size: 100
Oct 25 01:14:11 witherspoon kernel: ubi8: default fastmap WL pool size: 50
Oct 25 01:14:11 witherspoon kernel: ubi8: attaching mtd8
Oct 25 01:14:11 witherspoon kernel: ubi8: scanning is finished
Oct 25 01:14:11 witherspoon kernel: ubi8: attached mtd8 (name "pnor", size 128 MiB)
Oct 25 01:14:11 witherspoon kernel: ubi8: PEB size: 65536 bytes (64 KiB), LEB size: 65408 bytes
Oct 25 01:14:11 witherspoon kernel: ubi8: min./max. I/O unit sizes: 1/256, sub-page size 1
Oct 25 01:14:11 witherspoon kernel: ubi8: VID header offset: 64 (aligned 64), data offset: 128
Oct 25 01:14:11 witherspoon kernel: ubi8: good PEBs: 2048, bad PEBs: 0, corrupted PEBs: 0
Oct 25 01:14:11 witherspoon kernel: ubi8: user volume: 6, internal volumes: 1, max. volumes count: 128
Oct 25 01:14:11 witherspoon kernel: ubi8: max/mean erase counter: 42/29, WL threshold: 4096, image sequence number: 91395301
Oct 25 01:14:11 witherspoon kernel: ubi8: available PEBs: 468, total reserved PEBs: 1580, PEBs reserved for bad PEB handling: 0
Oct 25 01:14:11 witherspoon kernel: ubi8: background thread "ubi_bgt8d" started, PID 1013
Oct 25 01:14:12 witherspoon obmc-flash-bios[992]: UBI device number 8, total 2048 LEBs (133955584 bytes, 127.8 MiB), available 468 LEBs (30610944 bytes, 29.2 MiB), LEB size 65408 bytes (63.9 KiB)
Oct 25 01:14:16 witherspoon systemd[1]: Started Phosphor IPMI BT DBus Bridge.
Oct 25 01:14:16 witherspoon kernel[1029]: klogd started: BusyBox v1.24.1 (2017-10-11 20:44:07 UTC)
Oct 25 01:14:16 witherspoon systemd[1]: Starting Network Service...
Oct 25 01:14:16 witherspoon kernel[1029]: [    0.000000] Memory policy: Data cache writeback
Oct 25 01:14:16 witherspoon systemd[1]: Started Kernel Logging Service.
Oct 25 01:14:16 witherspoon kernel[1029]: [    0.000000] SOC Rev: 04030303
Oct 25 01:14:16 witherspoon systemd[1]: Starting Phosphor Dump Manager...
Oct 25 01:14:16 witherspoon kernel[1029]: [    0.000000] On node 0 totalpages: 110592
Oct 25 01:14:16 witherspoon systemd[1]: Starting Phosphor Download Manager...
Oct 25 01:14:16 witherspoon kernel[1029]: [    0.000000] free_area_init_node: node 0, pgdat 806018a4, node_mem_map 9ec1a000
Oct 25 01:14:16 witherspoon systemd[1]: Started Clear one time boot overrides.
Oct 25 01:14:16 witherspoon kernel[1029]: [    0.000000]   Normal zone: 992 pages used for memmap
Oct 25 01:14:16 witherspoon systemd[1]: Started Set U-Boot environment variable.
Oct 25 01:14:16 witherspoon kernel[1029]: [    0.000000]   Normal zone: 0 pages reserved
Oct 25 01:14:16 witherspoon systemd[1]: Started Check PNOR UBI format.
Oct 25 01:14:16 witherspoon kernel[1029]: [    0.000000]   Normal zone: 110592 pages, LIFO batch:31
Oct 25 01:14:16 witherspoon systemd[1]: Starting Remount the ubi volume after a reboot...
Oct 25 01:14:16 witherspoon kernel[1029]: [    0.000000] pcpu-alloc: s0 r0 d32768 u32768 alloc=1*32768
Oct 25 01:14:16 witherspoon kernel[1029]: [    0.000000] pcpu-alloc: [0] 0
Oct 25 01:14:16 witherspoon kernel[1029]: [    0.000000] Built 1 zonelists in Zone order, mobility grouping on.  Total pages: 109600
Oct 25 01:14:16 witherspoon kernel[1029]: [    0.000000] Kernel command line: console=ttyS4,115200n8 ubi.mtd=obmc-ubi,0,0,0 ubi.mtd=alt-obmc-ubi,0,0,4 ro rootfstype=squashfs ubi.block=4,0 root=/dev/ubiblock4_0
Oct 25 01:14:16 witherspoon kernel[1029]: [    0.000000] PID hash table entries: 2048 (order: 1, 8192 bytes)
Oct 25 01:14:16 witherspoon kernel[1029]: [    0.000000] Dentry cache hash table entries: 65536 (order: 6, 262144 bytes)
Oct 25 01:14:16 witherspoon kernel[1029]: [    0.000000] Inode-cache hash table entries: 32768 (order: 5, 131072 bytes)
Oct 25 01:14:16 witherspoon kernel[1029]: [    0.000000] Memory: 431968K/442368K available (4077K kernel code, 281K rwdata, 1188K rodata, 284K init, 111K bss, 10400K reserved, 0K cma-reserved)
Oct 25 01:14:16 witherspoon kernel[1029]: [    0.000000] Virtual kernel memory layout:
Oct 25 01:14:16 witherspoon kernel[1029]: [    0.000000]     vector  : 0xffff0000 - 0xffff1000   (   4 kB)
Oct 25 01:14:16 witherspoon kernel[1029]: [    0.000000]     fixmap  : 0xffc00000 - 0xfff00000   (3072 kB)
Oct 25 01:14:16 witherspoon kernel[1029]: [    0.000000]     vmalloc : 0x9f800000 - 0xff800000   (1536 MB)
Oct 25 01:14:16 witherspoon kernel[1029]: [    0.000000]     lowmem  : 0x80000000 - 0x9f000000   ( 496 MB)
Oct 25 01:14:16 witherspoon kernel[1029]: [    0.000000]       .text : 0x80008000 - 0x804037e0   (4078 kB)
Oct 25 01:14:16 witherspoon kernel[1029]: [    0.000000]       .init : 0x80587000 - 0x805ce000   ( 284 kB)
Oct 25 01:14:16 witherspoon kernel[1029]: [    0.000000]       .data : 0x805ce000 - 0x806147a8   ( 282 kB)
Oct 25 01:14:16 witherspoon kernel[1029]: [    0.000000]        .bss : 0x806147a8 - 0x80630658   ( 112 kB)
Oct 25 01:14:16 witherspoon kernel[1029]: [    0.000000] NR_IRQS:16 nr_irqs:16 16
Oct 25 01:14:16 witherspoon kernel[1029]: [    0.000000] i2c controller registered, irq 16
Oct 25 01:14:16 witherspoon kernel[1029]: [    0.000000] clocksource: moxart_timer: mask: 0xffffffff max_cycles: 0xffffffff, max_idle_ns: 77222644334 ns
Oct 25 01:14:16 witherspoon kernel[1029]: [    0.000000] sched_clock: 32 bits at 100 Hz, resolution 10000000ns, wraps every 21474836475000000ns
Oct 25 01:14:16 witherspoon kernel[1029]: [    0.090000] Calibrating delay loop... 789.70 BogoMIPS (lpj=3948544)
Oct 25 01:14:16 witherspoon kernel[1029]: [    0.090000] pid_max: default: 32768 minimum: 301
Oct 25 01:14:16 witherspoon kernel[1029]: [    0.090000] Mount-cache hash table entries: 1024 (order: 0, 4096 bytes)
Oct 25 01:14:16 witherspoon kernel[1029]: [    0.090000] Mountpoint-cache hash table entries: 1024 (order: 0, 4096 bytes)
Oct 25 01:14:16 witherspoon kernel[1029]: [    0.090000] CPU: Testing write buffer coherency: ok
Oct 25 01:14:16 witherspoon kernel[1029]: [    0.090000] ftrace: allocating 14995 entries in 44 pages
Oct 25 01:14:16 witherspoon kernel[1029]: [    0.120000] Setting up static identity map for 0x80008200 - 0x8000825c
Oct 25 01:14:16 witherspoon kernel[1029]: [    0.120000] devtmpfs: initialized
Oct 25 01:14:16 witherspoon kernel[1029]: [    0.140000] clocksource: jiffies: mask: 0xffffffff max_cycles: 0xffffffff, max_idle_ns: 19112604462750000 ns
Oct 25 01:14:16 witherspoon kernel[1029]: [    0.140000] futex hash table entries: 256 (order: -1, 3072 bytes)
Oct 25 01:14:16 witherspoon kernel[1029]: [    0.140000] pinctrl core: initialized pinctrl subsystem
Oct 25 01:14:16 witherspoon kernel[1029]: [    0.140000] NET: Registered protocol family 16
Oct 25 01:14:16 witherspoon kernel[1029]: [    0.140000] DMA: preallocated 256 KiB pool for atomic coherent allocations
Oct 25 01:14:16 witherspoon kernel[1029]: [    0.220000] usbcore: registered new interface driver usbfs
Oct 25 01:14:16 witherspoon kernel[1029]: [    0.220000] usbcore: registered new interface driver hub
Oct 25 01:14:16 witherspoon kernel[1029]: [    0.220000] usbcore: registered new device driver usb
Oct 25 01:14:16 witherspoon kernel[1029]: [    0.230000] clocksource: Switched to clocksource moxart_timer
Oct 25 01:14:16 witherspoon kernel[1029]: [    0.250000] NET: Registered protocol family 2
Oct 25 01:14:16 witherspoon kernel[1029]: [    0.250000] TCP established hash table entries: 4096 (order: 2, 16384 bytes)
Oct 25 01:14:16 witherspoon kernel[1029]: [    0.250000] TCP bind hash table entries: 4096 (order: 2, 16384 bytes)
Oct 25 01:14:16 witherspoon kernel[1029]: [    0.250000] TCP: Hash tables configured (established 4096 bind 4096)
Oct 25 01:14:16 witherspoon kernel[1029]: [    0.250000] UDP hash table entries: 256 (order: 0, 4096 bytes)
Oct 25 01:14:16 witherspoon kernel[1029]: [    0.250000] UDP-Lite hash table entries: 256 (order: 0, 4096 bytes)
Oct 25 01:14:16 witherspoon kernel[1029]: [    0.250000] NET: Registered protocol family 1
Oct 25 01:14:20 witherspoon kernel: ubi: ubi0 already exists
Oct 25 01:14:20 witherspoon kernel: 8021q: adding VLAN 0 to HW filter on device eth0
Oct 25 01:14:20 witherspoon kernel: IPv6: ADDRCONF(NETDEV_CHANGE): eth0: link becomes ready
Oct 25 01:14:16 witherspoon kernel[1029]: [    0.250000] workingset: timestamp_bits=30 max_order=17 bucket_order=0
Oct 25 01:14:20 witherspoon systemd-networkd[1028]: Enumeration completed
Oct 25 01:14:16 witherspoon kernel[1029]: [    0.250000] squashfs: version 4.0 (2009/01/31) Phillip Lougher
Oct 25 01:14:20 witherspoon systemd[1]: Started Network Service.
Oct 25 01:14:16 witherspoon kernel[1029]: [    0.250000] jffs2: version 2.2. (SUMMARY)  © 2001-2006 Red Hat, Inc.
Oct 25 01:14:20 witherspoon systemd[1]: Reached target Network.
Oct 25 01:14:16 witherspoon kernel[1029]: [    0.250000] Block layer SCSI generic (bsg) driver version 0.4 loaded (major 250)
Oct 25 01:14:20 witherspoon systemd-networkd[1028]: eth0: IPv6 disabled for interface: Success
Oct 25 01:14:16 witherspoon kernel[1029]: [    0.250000] io scheduler noop registered
Oct 25 01:14:20 witherspoon systemd[1]: Started Lightweight SLP Server.
Oct 25 01:14:16 witherspoon kernel[1029]: [    0.250000] io scheduler deadline registered
Oct 25 01:14:20 witherspoon systemd-networkd[1028]: eth0: Gained carrier
Oct 25 01:14:16 witherspoon kernel[1029]: [    0.250000] io scheduler cfq registered (default)
Oct 25 01:14:20 witherspoon systemd[1]: Starting Permit User Sessions...
Oct 25 01:14:16 witherspoon kernel[1029]: [    0.270000] ipmi-bt-host 1e789140.ibt: Found bt bmc device
Oct 25 01:14:20 witherspoon systemd-timesyncd[957]: Network configuration changed, trying to establish connection.
Oct 25 01:14:16 witherspoon kernel[1029]: [    0.270000] ipmi-bt-host 1e789140.ibt: Using IRQ 22
Oct 25 01:14:20 witherspoon systemd-networkd[1028]: eth0: Configured
Oct 25 01:14:16 witherspoon kernel[1029]: [    0.270000] Serial: 8250/16550 driver, 6 ports, IRQ sharing enabled
Oct 25 01:14:20 witherspoon systemd[1]: Started Permit User Sessions.
Oct 25 01:14:16 witherspoon kernel[1029]: [    0.300000] 1e787000.vuart: ttyS5 at MMIO 0x1e787000 (irq = 22, base_baud = 1500000) is a 16550A
Oct 25 01:14:20 witherspoon systemd[1]: Started Serial Getty on ttyS4.
Oct 25 01:14:16 witherspoon kernel[1029]: [    0.300000] 1e783000.serial: ttyS0 at MMIO 0x1e783000 (irq = 23, base_baud = 1500000) is a 16550A
Oct 25 01:14:20 witherspoon systemd[1]: Reached target Login Prompts.
Oct 25 01:14:16 witherspoon kernel[1029]: [    0.300000] 1e78d000.serial: ttyS1 at MMIO 0x1e78d000 (irq = 24, base_baud = 1500000) is a 16550A
Oct 25 01:14:16 witherspoon kernel[1029]: [    0.300000] 1e784000.serial: ttyS4 at MMIO 0x1e784000 (irq = 25, base_baud = 1500000) is a 16550A
Oct 25 01:14:16 witherspoon kernel[1029]: [    0.650000] console [ttyS4] enabled
Oct 25 01:14:16 witherspoon kernel[1029]: [    0.790000] timeriomem_rng 1e6e2078.hwrng: 32bits from 0xf00e2078 @ 1us
Oct 25 01:14:16 witherspoon kernel[1029]: [    0.810000] random: fast init done
Oct 25 01:14:16 witherspoon kernel[1029]: [    0.850000] brd: module loaded
Oct 25 01:14:16 witherspoon kernel[1029]: [    0.870000] random: crng init done
Oct 25 01:14:16 witherspoon kernel[1029]: [    0.880000] loop: module loaded
Oct 25 01:14:16 witherspoon kernel[1029]: [    0.880000] aspeed-lpc-ctrl 1e789080.lpc-ctrl: Loaded at 0x98000000 (0x04000000)
Oct 25 01:14:16 witherspoon kernel[1029]: [    0.890000] aspeed-smc 1e620000.flash-controller: Using IRQ 18
Oct 25 01:14:16 witherspoon kernel[1029]: [    0.890000] aspeed-smc 1e620000.flash-controller: DMA support disabled.
Oct 25 01:14:16 witherspoon kernel[1029]: [    0.900000] aspeed-smc 1e620000.flash-controller: mx25l25635e (32768 Kbytes)
Oct 25 01:14:16 witherspoon kernel[1029]: [    0.900000] aspeed-smc 1e620000.flash-controller: CE0 window [ 0x20000000 - 0x22000000 ] 32MB
Oct 25 01:14:16 witherspoon kernel[1029]: [    0.900000] aspeed-smc 1e620000.flash-controller: CE1 window [ 0x22000000 - 0x2a000000 ] 128MB
Oct 25 01:14:16 witherspoon kernel[1029]: [    0.930000] 3 ofpart partitions found on MTD device bmc
Oct 25 01:14:16 witherspoon kernel[1029]: [    0.930000] Creating 3 MTD partitions on "bmc":
Oct 25 01:14:16 witherspoon kernel[1029]: [    0.930000] 0x000000000000-0x000000060000 : "u-boot"
Oct 25 01:14:16 witherspoon kernel[1029]: [    0.930000] 0x000000060000-0x000000080000 : "u-boot-env"
Oct 25 01:14:16 witherspoon kernel[1029]: [    0.960000] 0x000000080000-0x000002000000 : "obmc-ubi"
Oct 25 01:14:16 witherspoon kernel[1029]: [    0.970000] aspeed-smc 1e620000.flash-controller: mx25l25635e (32768 Kbytes)
Oct 25 01:14:16 witherspoon kernel[1029]: [    0.980000] aspeed-smc 1e620000.flash-controller: CE1 window [ 0x22000000 - 0x24000000 ] 32MB
Oct 25 01:14:16 witherspoon kernel[1029]: [    0.980000] aspeed-smc 1e620000.flash-controller: CE2 window [ 0x24000000 - 0x2c000000 ] 128MB
Oct 25 01:14:16 witherspoon kernel[1029]: [    1.000000] 3 ofpart partitions found on MTD device alt-bmc
Oct 25 01:14:16 witherspoon kernel[1029]: [    1.000000] Creating 3 MTD partitions on "alt-bmc":
Oct 25 01:14:16 witherspoon kernel[1029]: [    1.010000] 0x000000000000-0x000000060000 : "alt-u-boot"
Oct 25 01:14:16 witherspoon kernel[1029]: [    1.010000] 0x000000060000-0x000000080000 : "alt-u-boot-env"
Oct 25 01:14:16 witherspoon kernel[1029]: [    1.030000] 0x000000080000-0x000002000000 : "alt-obmc-ubi"
Oct 25 01:14:16 witherspoon kernel[1029]: [    1.040000] aspeed-smc 1e630000.flash-controller: mx66l1g45g (131072 Kbytes)
Oct 25 01:14:16 witherspoon kernel[1029]: [    1.050000] aspeed-smc 1e630000.flash-controller: CE0 window resized to 120MB (AST2500 HW quirk)
Oct 25 01:14:16 witherspoon kernel[1029]: [    1.050000] aspeed-smc 1e630000.flash-controller: CE0 window [ 0x30000000 - 0x37800000 ] 120MB
Oct 25 01:14:16 witherspoon kernel[1029]: [    1.070000] aspeed-smc 1e630000.flash-controller: CE0 window too small for chip 128MB
Oct 25 01:14:16 witherspoon kernel[1029]: [    1.070000] aspeed-smc 1e630000.flash-controller: CE1 window [ 0x37800000 - 0x38000000 ] 8MB
Oct 25 01:14:16 witherspoon kernel[1029]: [    1.840000] libphy: Fixed MDIO Bus: probed
Oct 25 01:14:16 witherspoon kernel[1029]: [    1.840000] ftgmac100 1e660000.ethernet: Read MAC address 70:e2:84:14:23:e1 from chip
Oct 25 01:14:16 witherspoon kernel[1029]: [    1.840000] ftgmac100 1e660000.ethernet: Using NCSI interface
Oct 25 01:14:16 witherspoon kernel[1029]: [    1.840000] ftgmac100 1e660000.ethernet eth0: irq 20, mapped at f0060000
Oct 25 01:14:16 witherspoon kernel[1029]: [    1.840000] ehci_hcd: USB 2.0 'Enhanced' Host Controller (EHCI) Driver
Oct 25 01:14:16 witherspoon kernel[1029]: [    1.840000] ehci-platform: EHCI generic platform driver
Oct 25 01:14:16 witherspoon kernel[1029]: [    2.050000] i2c /dev entries driver
Oct 25 01:14:16 witherspoon kernel[1029]: [    2.050000] aspeed-i2c-bus 1e78a0c0.i2c-bus: i2c bus 2 registered, irq 26
Oct 25 01:14:16 witherspoon kernel[1029]: [    2.050000] aspeed-i2c-bus 1e78a100.i2c-bus: i2c bus 3 registered, irq 27
Oct 25 01:14:16 witherspoon kernel[1029]: [    2.050000] aspeed-i2c-bus 1e78a140.i2c-bus: i2c bus 4 registered, irq 28
Oct 25 01:14:16 witherspoon kernel[1029]: [    2.050000] aspeed-i2c-bus 1e78a180.i2c-bus: i2c bus 5 registered, irq 29
Oct 25 01:14:16 witherspoon kernel[1029]: [    2.050000] aspeed-i2c-bus 1e78a380.i2c-bus: i2c bus 9 registered, irq 30
Oct 25 01:14:16 witherspoon kernel[1029]: [    2.050000] aspeed-i2c-bus 1e78a3c0.i2c-bus: i2c bus 10 registered, irq 31
Oct 25 01:14:16 witherspoon kernel[1029]: [    2.050000] rtc-rv8803 11-0032: Voltage low, temperature compensation stopped.
Oct 25 01:14:16 witherspoon kernel[1029]: [    2.050000] rtc-rv8803 11-0032: An alarm maybe have been missed.
Oct 25 01:14:16 witherspoon kernel[1029]: [    2.160000] rtc-rv8803 11-0032: rtc core: registered rx8900 as rtc0
Oct 25 01:14:16 witherspoon kernel[1029]: [    2.170000] at24 11-0051: 8192 byte 24c64 EEPROM, writable, 1 bytes/write
Oct 25 01:14:16 witherspoon kernel[1029]: [    2.170000] aspeed-i2c-bus 1e78a400.i2c-bus: i2c bus 11 registered, irq 32
Oct 25 01:14:16 witherspoon kernel[1029]: [    2.170000] aspeed-i2c-bus 1e78a440.i2c-bus: i2c bus 12 registered, irq 33
Oct 25 01:14:16 witherspoon kernel[1029]: [    2.170000] aspeed-i2c-bus 1e78a480.i2c-bus: i2c bus 13 registered, irq 34
Oct 25 01:14:16 witherspoon kernel[1029]: [    2.170000] Driver for 1-wire Dallas network protocol.
Oct 25 01:14:16 witherspoon kernel[1029]: [    2.170000] lm75 9-004a: hwmon0: sensor 'tmp275'
Oct 25 01:14:16 witherspoon kernel[1029]: [    3.930000] ucd9000 11-0064: Device ID UCD90160|2.3.4.0000|110603
Oct 25 01:14:16 witherspoon kernel[1029]: [    4.630000] leds-pca955x 3-0060: leds-pca955x: Using pca9552 16-bit LED driver at slave address 0x60
Oct 25 01:14:16 witherspoon kernel[1029]: [    4.640000] leds-pca955x 3-0060: gpios 238...253
Oct 25 01:14:16 witherspoon kernel[1029]: [    4.650000] leds-pca955x 11-0060: leds-pca955x: Using pca9552 16-bit LED driver at slave address 0x60
Oct 25 01:14:16 witherspoon kernel[1029]: [    4.660000] leds-pca955x 11-0060: gpios 222...237
Oct 25 01:14:16 witherspoon kernel[1029]: [    4.670000] usbcore: registered new interface driver usbhid
Oct 25 01:14:16 witherspoon kernel[1029]: [    4.670000] usbhid: USB HID core driver
Oct 25 01:14:16 witherspoon kernel[1029]: [    4.730000] NET: Registered protocol family 10
Oct 25 01:14:16 witherspoon kernel[1029]: [    4.730000] Segment Routing with IPv6
Oct 25 01:14:16 witherspoon kernel[1029]: [    4.740000] NET: Registered protocol family 17
Oct 25 01:14:16 witherspoon kernel[1029]: [    4.740000] 8021q: 802.1Q VLAN Support v1.8
Oct 25 01:14:16 witherspoon kernel[1029]: [    4.760000] input: gpio-keys-polled as /devices/platform/gpio-keys-polled/input/input1
Oct 25 01:14:16 witherspoon kernel[1029]: [    4.780000] ubi0: default fastmap pool size: 25
Oct 25 01:14:16 witherspoon kernel[1029]: [    4.790000] ubi0: default fastmap WL pool size: 12
Oct 25 01:14:16 witherspoon kernel[1029]: [    4.790000] ubi0: attaching mtd3
Oct 25 01:14:16 witherspoon kernel[1029]: [    4.800000] ubi0: scanning is finished
Oct 25 01:14:16 witherspoon kernel[1029]: [    4.820000] ubi0: attached mtd3 (name "obmc-ubi", size 31 MiB)
Oct 25 01:14:16 witherspoon kernel[1029]: [    4.820000] ubi0: PEB size: 65536 bytes (64 KiB), LEB size: 65408 bytes
Oct 25 01:14:16 witherspoon kernel[1029]: [    4.840000] ubi0: min./max. I/O unit sizes: 1/256, sub-page size 1
Oct 25 01:14:25 witherspoon kernel: block ubiblock8_0: created from ubi8:0(pnor-ro-7a9ef57c)
Oct 25 01:14:25 witherspoon kernel: ftgmac100 1e660000.ethernet eth0: ncsi: removed vlan tag 0 at index 1
Oct 25 01:14:25 witherspoon kernel: ftgmac100 1e660000.ethernet eth0: ncsi: removed vlan tag 0 at index 2
Oct 25 01:14:25 witherspoon kernel: ftgmac100 1e660000.ethernet eth0: no vlan ids left to set
Oct 25 01:14:25 witherspoon kernel: ftgmac100 1e660000.ethernet eth0: NCSI interface up
Oct 25 01:14:24 witherspoon systemd[1]: Started Phosphor Log Manager.
Oct 25 01:14:16 witherspoon kernel[1029]: [    4.840000] ubi0: VID header offset: 64 (aligned 64), data offset: 128
Oct 25 01:14:24 witherspoon systemd[1]: Started Avahi mDNS/DNS-SD Stack.
Oct 25 01:14:16 witherspoon kernel[1029]: [    4.840000] ubi0: good PEBs: 504, bad PEBs: 0, corrupted PEBs: 0
Oct 25 01:14:24 witherspoon systemd[1]: Started Phosphor Download Manager.
Oct 25 01:14:16 witherspoon kernel[1029]: [    4.840000] ubi0: user volume: 4, internal volumes: 1, max. volumes count: 128
Oct 25 01:14:16 witherspoon kernel[1029]: [    4.870000] ubi0: max/mean erase counter: 183/160, WL threshold: 4096, image sequence number: 1358235831
Oct 25 01:14:16 witherspoon kernel[1029]: [    4.870000] ubi0: available PEBs: 46, total reserved PEBs: 458, PEBs reserved for bad PEB handling: 0
Oct 25 01:14:16 witherspoon kernel[1029]: [    4.870000] ubi0: background thread "ubi_bgt0d" started, PID 507
Oct 25 01:14:16 witherspoon kernel[1029]: [    4.870000] ubi4: default fastmap pool size: 25
Oct 25 01:14:16 witherspoon kernel[1029]: [    4.870000] ubi4: default fastmap WL pool size: 12
Oct 25 01:14:16 witherspoon kernel[1029]: [    4.900000] ubi4: attaching mtd7
Oct 25 01:14:16 witherspoon kernel[1029]: [    4.940000] ubi4: scanning is finished
Oct 25 01:14:16 witherspoon kernel[1029]: [    4.980000] ubi4: attached mtd7 (name "alt-obmc-ubi", size 31 MiB)
Oct 25 01:14:16 witherspoon kernel[1029]: [    4.980000] ubi4: PEB size: 65536 bytes (64 KiB), LEB size: 65408 bytes
Oct 25 01:14:16 witherspoon kernel[1029]: [    4.980000] ubi4: min./max. I/O unit sizes: 1/256, sub-page size 1
Oct 25 01:14:16 witherspoon kernel[1029]: [    4.980000] ubi4: VID header offset: 64 (aligned 64), data offset: 128
Oct 25 01:14:16 witherspoon kernel[1029]: [    4.980000] ubi4: good PEBs: 504, bad PEBs: 0, corrupted PEBs: 0
Oct 25 01:14:16 witherspoon kernel[1029]: [    5.030000] ubi4: user volume: 4, internal volumes: 1, max. volumes count: 128
Oct 25 01:14:16 witherspoon kernel[1029]: [    5.030000] ubi4: max/mean erase counter: 162/129, WL threshold: 4096, image sequence number: 1358235831
Oct 25 01:14:16 witherspoon kernel[1029]: [    5.030000] ubi4: available PEBs: 46, total reserved PEBs: 458, PEBs reserved for bad PEB handling: 0
Oct 25 01:14:16 witherspoon kernel[1029]: [    5.030000] ubi4: background thread "ubi_bgt4d" started, PID 513
Oct 25 01:14:16 witherspoon kernel[1029]: [   15.020000] block ubiblock4_0: created from ubi4:0(rofs-96ad31f1)
Oct 25 01:14:16 witherspoon kernel[1029]: [   15.020000] console [netcon0] enabled
Oct 25 01:14:16 witherspoon kernel[1029]: [   15.020000] netconsole: network logging started
Oct 25 01:14:16 witherspoon kernel[1029]: [   15.020000] input: gpio-keys as /devices/platform/gpio-keys/input/input2
Oct 25 01:14:16 witherspoon kernel[1029]: [   15.020000] rtc-rv8803 11-0032: setting system clock to 2017-10-25 01:13:52 UTC (1508894032)
Oct 25 01:14:16 witherspoon kernel[1029]: [   15.020000] VFS: Mounted root (squashfs filesystem) readonly on device 254:0.
Oct 25 01:14:16 witherspoon kernel[1029]: [   15.020000] devtmpfs: mounted
Oct 25 01:14:16 witherspoon kernel[1029]: [   15.020000] Freeing unused kernel memory: 284K
Oct 25 01:14:16 witherspoon kernel[1029]: [   15.020000] This architecture does not have kernel memory protection.
Oct 25 01:14:27 witherspoon systemd[1]: Started Phosphor Dump Manager.
Oct 25 01:14:16 witherspoon kernel[1029]: [   17.970000] systemd[1]: Failed to insert module 'autofs4': No such file or directory
Oct 25 01:14:27 witherspoon systemd[1]: Started Phosphor Settings Daemon.
Oct 25 01:14:16 witherspoon kernel[1029]: [   17.970000] systemd[1]: systemd 232 running in system mode. (+PAM -AUDIT -SELINUX -IMA -APPARMOR -SMACK +SYSVINIT -UTMP -LIBCRYPTSETUP -GCRYPT -GNUTLS +ACL +XZ -LZ4 -SECCOMP +BLKID -ELFUTILS +KMOD -IDN)
Oct 25 01:14:27 witherspoon systemd[1]: Started Phosphor BMC0 Control.
Oct 25 01:14:16 witherspoon kernel[1029]: [   17.970000] systemd[1]: Detected architecture arm.
Oct 25 01:14:27 witherspoon systemd[1]: Started Phosphor LED Group Management Daemon.
Oct 25 01:14:16 witherspoon kernel[1029]: [   18.220000] systemd[1]: Set hostname to <witherspoon>.
Oct 25 01:14:27 witherspoon systemd[1]: Started Phosphor Inventory Manager.
Oct 25 01:14:16 witherspoon kernel[1029]: [   18.280000] systemd[1]: Initializing machine ID from random generator.
Oct 25 01:14:27 witherspoon systemd[1]: Started Phosphor User Manager.
Oct 25 01:14:16 witherspoon kernel[1029]: [   18.280000] systemd[1]: Installed transient /etc/machine-id file.
Oct 25 01:14:16 witherspoon kernel[1029]: [   20.120000] systemd[1]: Created slice System Slice.
Oct 25 01:14:16 witherspoon kernel[1029]: [   20.170000] systemd[1]: Mounting Debug File System...
Oct 25 01:14:16 witherspoon kernel[1029]: [   20.260000] systemd[1]: Listening on Syslog Socket.
Oct 25 01:14:16 witherspoon kernel[1029]: [   20.300000] systemd[1]: Reached target Remote File Systems.
Oct 25 01:14:16 witherspoon kernel[1029]: [   20.330000] systemd[1]: Created slice system-phosphor\x2dreset\x2dhost\x2dcheck.slice.
Oct 25 01:14:16 witherspoon kernel[1029]: [   23.070000] systemd[1]: Started Create Static Device Nodes in /dev.
Oct 25 01:14:16 witherspoon kernel[1029]: [   24.100000] systemd[1]: Reached target Local File Systems (Pre).
Oct 25 01:14:16 witherspoon kernel[1029]: [   24.160000] systemd[1]: Mounting /usr/local...
Oct 25 01:14:16 witherspoon kernel[1029]: [   24.180000] systemd[1]: Mounting /media...
Oct 25 01:14:16 witherspoon kernel[1029]: [   24.200000] systemd[1]: Starting udev Kernel Device Manager...
Oct 25 01:14:16 witherspoon kernel[1029]: [   24.200000] systemd[1]: Started Journal Service.
Oct 25 01:14:16 witherspoon kernel[1029]: [   29.320000] UBIFS (ubi0:2): background thread "ubifs_bgt0_2" started, PID 935
Oct 25 01:14:16 witherspoon kernel[1029]: [   29.360000] UBIFS (ubi0:2): UBIFS: mounted UBI device 0, volume 2, name "rwfs"
Oct 25 01:14:16 witherspoon kernel[1029]: [   29.360000] UBIFS (ubi0:2): LEB size: 65408 bytes (63 KiB), min./max. I/O unit sizes: 8 bytes/256 bytes
Oct 25 01:14:16 witherspoon kernel[1029]: [   29.360000] UBIFS (ubi0:2): FS size: 3597440 bytes (3 MiB, 55 LEBs), journal size 719488 bytes (0 MiB, 11 LEBs)
Oct 25 01:14:16 witherspoon kernel[1029]: [   29.360000] UBIFS (ubi0:2): reserved for root: 0 bytes (0 KiB)
Oct 25 01:14:16 witherspoon kernel[1029]: [   29.410000] UBIFS (ubi0:2): media format: w4/r0 (latest is w5/r0), UUID F6AF7850-1C6E-4E2A-94BB-A56899CAF080, small LPT model
Oct 25 01:14:16 witherspoon kernel[1029]: [   30.090000] systemd-journald[535]: Received request to flush runtime journal from PID 1
Oct 25 01:14:16 witherspoon kernel[1029]: [   34.550000] ubi8: default fastmap pool size: 100
Oct 25 01:14:16 witherspoon kernel[1029]: [   34.550000] ubi8: default fastmap WL pool size: 50
Oct 25 01:14:16 witherspoon kernel[1029]: [   34.550000] ubi8: attaching mtd8
Oct 25 01:14:16 witherspoon kernel[1029]: [   34.550000] ubi8: scanning is finished
Oct 25 01:14:16 witherspoon kernel[1029]: [   34.550000] ubi8: attached mtd8 (name "pnor", size 128 MiB)
Oct 25 01:14:16 witherspoon kernel[1029]: [   34.550000] ubi8: PEB size: 65536 bytes (64 KiB), LEB size: 65408 bytes
Oct 25 01:14:16 witherspoon kernel[1029]: [   34.550000] ubi8: min./max. I/O unit sizes: 1/256, sub-page size 1
Oct 25 01:14:16 witherspoon kernel[1029]: [   34.550000] ubi8: VID header offset: 64 (aligned 64), data offset: 128
Oct 25 01:14:16 witherspoon kernel[1029]: [   34.550000] ubi8: good PEBs: 2048, bad PEBs: 0, corrupted PEBs: 0
Oct 25 01:14:16 witherspoon kernel[1029]: [   34.550000] ubi8: user volume: 6, internal volumes: 1, max. volumes count: 128
Oct 25 01:14:16 witherspoon kernel[1029]: [   34.550000] ubi8: max/mean erase counter: 42/29, WL threshold: 4096, image sequence number: 91395301
Oct 25 01:14:16 witherspoon kernel[1029]: [   34.550000] ubi8: available PEBs: 468, total reserved PEBs: 1580, PEBs reserved for bad PEB handling: 0
Oct 25 01:14:16 witherspoon kernel[1029]: [   34.550000] ubi8: background thread "ubi_bgt8d" started, PID 1013
Oct 25 01:14:20 witherspoon kernel[1029]: [   42.710000] ubi: ubi0 already exists
Oct 25 01:14:20 witherspoon kernel[1029]: [   43.100000] 8021q: adding VLAN 0 to HW filter on device eth0
Oct 25 01:14:20 witherspoon kernel[1029]: [   43.110000] IPv6: ADDRCONF(NETDEV_CHANGE): eth0: link becomes ready
Oct 25 01:14:23 witherspoon kernel[1029]: [   46.380000] block ubiblock8_0: created from ubi8:0(pnor-ro-7a9ef57c)
Oct 25 01:14:24 witherspoon avahi-daemon[973]: Found user 'avahi' (UID 999) and group 'avahi' (GID 999).
Oct 25 01:14:24 witherspoon avahi-daemon[973]: Successfully dropped root privileges.
Oct 25 01:14:24 witherspoon avahi-daemon[973]: avahi-daemon 0.6.32 starting up.
Oct 25 01:14:24 witherspoon avahi-daemon[973]: Successfully called chroot().
Oct 25 01:14:24 witherspoon avahi-daemon[973]: Successfully dropped remaining capabilities.
Oct 25 01:14:24 witherspoon avahi-daemon[973]: Loading service file /services/obmc_console.service.
Oct 25 01:14:24 witherspoon avahi-daemon[973]: Loading service file /services/phosphor_rest.service.
Oct 25 01:14:24 witherspoon avahi-daemon[973]: Loading service file /services/sftp-ssh.service.
Oct 25 01:14:24 witherspoon avahi-daemon[973]: Loading service file /services/sftp.service.
Oct 25 01:14:24 witherspoon avahi-daemon[973]: Loading service file /services/ssh.service.
Oct 25 01:14:24 witherspoon avahi-daemon[973]: Joining mDNS multicast group on interface eth0.IPv4 with address 9.3.86.161.
Oct 25 01:14:24 witherspoon avahi-daemon[973]: New relevant interface eth0.IPv4 for mDNS.
Oct 25 01:14:24 witherspoon avahi-daemon[973]: Network interface enumeration completed.
Oct 25 01:14:24 witherspoon avahi-daemon[973]: Registering new address record for 9.3.86.161 on eth0.IPv4.
Oct 25 01:14:25 witherspoon kernel[1029]: [   48.380000] ftgmac100 1e660000.ethernet eth0: ncsi: removed vlan tag 0 at index 1
Oct 25 01:14:25 witherspoon kernel[1029]: [   48.380000] ftgmac100 1e660000.ethernet eth0: ncsi: removed vlan tag 0 at index 2
Oct 25 01:14:25 witherspoon kernel[1029]: [   48.380000] ftgmac100 1e660000.ethernet eth0: no vlan ids left to set
Oct 25 01:14:25 witherspoon kernel[1029]: [   48.380000] ftgmac100 1e660000.ethernet eth0: NCSI interface up
Oct 25 01:14:25 witherspoon avahi-daemon[973]: Server startup complete. Host name is witherspoon.local. Local service cookie is 4143151338.
Oct 25 01:14:28 witherspoon avahi-daemon[973]: Service "witherspoon" (/services/ssh.service) successfully established.
Oct 25 01:14:30 witherspoon systemd[1]: Created slice system-dropbear.slice.
Oct 25 01:14:28 witherspoon avahi-daemon[973]: Service "sftp" (/services/sftp.service) successfully established.
Oct 25 01:14:30 witherspoon systemd[1]: Started SSH Per-Connection Server (9.41.165.94:59016).
Oct 25 01:14:28 witherspoon avahi-daemon[973]: Service "witherspoon" (/services/sftp-ssh.service) successfully established.
Oct 25 01:14:28 witherspoon avahi-daemon[973]: Service "phosphor_rest" (/services/phosphor_rest.service) successfully established.
Oct 25 01:14:28 witherspoon avahi-daemon[973]: Service "obmc_console" (/services/obmc_console.service) successfully established.
Oct 25 01:14:31 witherspoon avahi-daemon[973]: Service name conflict for "sftp" (/services/sftp.service), retrying with "sftp #2".
Oct 25 01:14:31 witherspoon avahi-daemon[973]: Service name conflict for "phosphor_rest" (/services/phosphor_rest.service), retrying with "phosphor_rest #2".
Oct 25 01:14:31 witherspoon avahi-daemon[973]: Service name conflict for "obmc_console" (/services/obmc_console.service), retrying with "obmc_console #2".
Oct 25 01:14:31 witherspoon avahi-daemon[973]: Service name conflict for "phosphor_rest" (/services/phosphor_rest.service), retrying with "phosphor_rest #3".
Oct 25 01:14:31 witherspoon avahi-daemon[973]: Service name conflict for "sftp" (/services/sftp.service), retrying with "sftp #3".
Oct 25 01:14:31 witherspoon avahi-daemon[973]: Service name conflict for "obmc_console" (/services/obmc_console.service), retrying with "obmc_console #3".
Oct 25 01:14:32 witherspoon avahi-daemon[973]: Service name conflict for "phosphor_rest" (/services/phosphor_rest.service), retrying with "phosphor_rest #4".
Oct 25 01:14:32 witherspoon avahi-daemon[973]: Service name conflict for "sftp" (/services/sftp.service), retrying with "sftp #4".
Oct 25 01:14:32 witherspoon avahi-daemon[973]: Service name conflict for "obmc_console" (/services/obmc_console.service), retrying with "obmc_console #4".
Oct 25 01:14:33 witherspoon dropbear[1077]: Failed loading /var/lib/dropbear/dropbear_rsa_host_key
Oct 25 01:14:33 witherspoon dropbear[1077]: Failed loading /etc/dropbear/dropbear_dss_host_key
Oct 25 01:14:33 witherspoon dropbear[1077]: Failed loading /etc/dropbear/dropbear_ecdsa_host_key
Oct 25 01:14:33 witherspoon dropbear[1077]: Child connection from ::ffff:9.41.165.94:59016
Oct 25 01:14:34 witherspoon avahi-daemon[973]: Service name conflict for "phosphor_rest" (/services/phosphor_rest.service), retrying with "phosphor_rest #5".
Oct 25 01:14:34 witherspoon avahi-daemon[973]: Service name conflict for "obmc_console" (/services/obmc_console.service), retrying with "obmc_console #5".
Oct 25 01:14:39 witherspoon kernel: block ubiblock0_0: created from ubi0:0(rofs-b5d4c457)
Oct 25 01:14:34 witherspoon avahi-daemon[973]: Service name conflict for "sftp" (/services/sftp.service), retrying with "sftp #5".
Oct 25 01:14:35 witherspoon avahi-daemon[973]: Service name conflict for "sftp" (/services/sftp.service), retrying with "sftp #6".
Oct 25 01:14:35 witherspoon avahi-daemon[973]: Service name conflict for "phosphor_rest" (/services/phosphor_rest.service), retrying with "phosphor_rest #6".
Oct 25 01:14:35 witherspoon avahi-daemon[973]: Service name conflict for "obmc_console" (/services/obmc_console.service), retrying with "obmc_console #6".
Oct 25 01:14:36 witherspoon avahi-daemon[973]: Service name conflict for "obmc_console" (/services/obmc_console.service), retrying with "obmc_console #7".
Oct 25 01:14:36 witherspoon avahi-daemon[973]: Service name conflict for "sftp" (/services/sftp.service), retrying with "sftp #7".
Oct 25 01:14:36 witherspoon avahi-daemon[973]: Service name conflict for "phosphor_rest" (/services/phosphor_rest.service), retrying with "phosphor_rest #7".
Oct 25 01:14:37 witherspoon avahi-daemon[973]: Service name conflict for "phosphor_rest" (/services/phosphor_rest.service), retrying with "phosphor_rest #8".
Oct 25 01:14:37 witherspoon avahi-daemon[973]: Service name conflict for "obmc_console" (/services/obmc_console.service), retrying with "obmc_console #8".
Oct 25 01:14:37 witherspoon avahi-daemon[973]: Service name conflict for "sftp" (/services/sftp.service), retrying with "sftp #8".
Oct 25 01:14:37 witherspoon dropbear[1077]: PAM password auth succeeded for 'root' from ::ffff:9.41.165.94:59016
Oct 25 01:14:38 witherspoon avahi-daemon[973]: Service name conflict for "obmc_console" (/services/obmc_console.service), retrying with "obmc_console #9".
Oct 25 01:14:38 witherspoon avahi-daemon[973]: Service name conflict for "sftp" (/services/sftp.service), retrying with "sftp #9".
Oct 25 01:14:38 witherspoon avahi-daemon[973]: Service name conflict for "phosphor_rest" (/services/phosphor_rest.service), retrying with "phosphor_rest #9".
Oct 25 01:14:39 witherspoon avahi-daemon[973]: Service name conflict for "sftp" (/services/sftp.service), retrying with "sftp #10".
Oct 25 01:14:39 witherspoon avahi-daemon[973]: Service name conflict for "phosphor_rest" (/services/phosphor_rest.service), retrying with "phosphor_rest #10".
Oct 25 01:14:39 witherspoon avahi-daemon[973]: Service name conflict for "obmc_console" (/services/obmc_console.service), retrying with "obmc_console #10".
Oct 25 01:14:39 witherspoon kernel[1029]: [   62.120000] block ubiblock0_0: created from ubi0:0(rofs-b5d4c457)
Oct 25 01:14:40 witherspoon avahi-daemon[973]: Service name conflict for "obmc_console" (/services/obmc_console.service), retrying with "obmc_console #11".
Oct 25 01:14:40 witherspoon avahi-daemon[973]: Service name conflict for "sftp" (/services/sftp.service), retrying with "sftp #11".
Oct 25 01:14:40 witherspoon avahi-daemon[973]: Service name conflict for "phosphor_rest" (/services/phosphor_rest.service), retrying with "phosphor_rest #11".
Oct 25 01:14:40 witherspoon kernel: ubi: ubi4 already exists
Oct 25 01:14:40 witherspoon kernel: block ubiblock8_1: created from ubi8:1(pnor-ro-8764baa3)
Oct 25 01:14:40 witherspoon kernel[1029]: [   62.400000] ubi: ubi4 already exists
Oct 25 01:14:40 witherspoon kernel[1029]: [   63.100000] block ubiblock8_1: created from ubi8:1(pnor-ro-8764baa3)
Oct 25 01:14:41 witherspoon avahi-daemon[973]: Service name conflict for "phosphor_rest" (/services/phosphor_rest.service), retrying with "phosphor_rest #12".
Oct 25 01:14:41 witherspoon avahi-daemon[973]: Service name conflict for "sftp" (/services/sftp.service), retrying with "sftp #12".
Oct 25 01:14:41 witherspoon avahi-daemon[973]: Service name conflict for "obmc_console" (/services/obmc_console.service), retrying with "obmc_console #12".
Oct 25 01:14:41 witherspoon kernel: UBIFS (ubi8:2): UBIFS: mounted UBI device 8, volume 2, name "pnor-prsv"
Oct 25 01:14:41 witherspoon kernel: UBIFS (ubi8:2): LEB size: 65408 bytes (63 KiB), min./max. I/O unit sizes: 8 bytes/256 bytes
Oct 25 01:14:41 witherspoon kernel: UBIFS (ubi8:2): FS size: 1504384 bytes (1 MiB, 23 LEBs), journal size 523265 bytes (0 MiB, 6 LEBs)
Oct 25 01:14:41 witherspoon kernel: UBIFS (ubi8:2): reserved for root: 71055 bytes (69 KiB)
Oct 25 01:14:41 witherspoon kernel: UBIFS (ubi8:2): media format: w5/r0 (latest is w5/r0), UUID 36B3B1E1-197C-4042-A5BB-1F5E6D63DF0B, small LPT model
Oct 25 01:14:41 witherspoon kernel: UBIFS (ubi8:2): background thread "ubifs_bgt8_2" started, PID 1123
Oct 25 01:14:41 witherspoon kernel[1029]: [   64.260000] UBIFS (ubi8:2): UBIFS: mounted UBI device 8, volume 2, name "pnor-prsv"
Oct 25 01:14:41 witherspoon kernel[1029]: [   64.260000] UBIFS (ubi8:2): LEB size: 65408 bytes (63 KiB), min./max. I/O unit sizes: 8 bytes/256 bytes
Oct 25 01:14:41 witherspoon kernel[1029]: [   64.260000] UBIFS (ubi8:2): FS size: 1504384 bytes (1 MiB, 23 LEBs), journal size 523265 bytes (0 MiB, 6 LEBs)
Oct 25 01:14:41 witherspoon kernel[1029]: [   64.260000] UBIFS (ubi8:2): reserved for root: 71055 bytes (69 KiB)
Oct 25 01:14:41 witherspoon kernel[1029]: [   64.260000] UBIFS (ubi8:2): media format: w5/r0 (latest is w5/r0), UUID 36B3B1E1-197C-4042-A5BB-1F5E6D63DF0B, small LPT model
Oct 25 01:14:41 witherspoon kernel[1029]: [   64.260000] UBIFS (ubi8:2): background thread "ubifs_bgt8_2" started, PID 1123
Oct 25 01:14:42 witherspoon avahi-daemon[973]: Host name conflict, retrying with witherspoon-2
Oct 25 01:14:42 witherspoon avahi-daemon[973]: Registering new address record for 9.3.86.161 on eth0.IPv4.
Oct 25 01:14:42 witherspoon kernel: UBIFS (ubi8:4): UBIFS: mounted UBI device 8, volume 4, name "pnor-rw-8764baa3"
Oct 25 01:14:42 witherspoon kernel: UBIFS (ubi8:4): LEB size: 65408 bytes (63 KiB), min./max. I/O unit sizes: 8 bytes/256 bytes
Oct 25 01:14:42 witherspoon kernel: UBIFS (ubi8:4): FS size: 16155776 bytes (15 MiB, 247 LEBs), journal size 784896 bytes (0 MiB, 12 LEBs)
Oct 25 01:14:42 witherspoon kernel: UBIFS (ubi8:4): reserved for root: 763076 bytes (745 KiB)
Oct 25 01:14:42 witherspoon kernel: UBIFS (ubi8:4): media format: w5/r0 (latest is w5/r0), UUID F587F7F2-1BEE-4E77-9577-250237C0F0BC, small LPT model
Oct 25 01:14:42 witherspoon kernel[1029]: [   65.390000] UBIFS (ubi8:4): UBIFS: mounted UBI device 8, volume 4, name "pnor-rw-8764baa3"
Oct 25 01:14:42 witherspoon kernel[1029]: [   65.390000] UBIFS (ubi8:4): LEB size: 65408 bytes (63 KiB), min./max. I/O unit sizes: 8 bytes/256 bytes
Oct 25 01:14:42 witherspoon kernel[1029]: [   65.390000] UBIFS (ubi8:4): FS size: 16155776 bytes (15 MiB, 247 LEBs), journal size 784896 bytes (0 MiB, 12 LEBs)
Oct 25 01:14:42 witherspoon kernel[1029]: [   65.390000] UBIFS (ubi8:4): reserved for root: 763076 bytes (745 KiB)
Oct 25 01:14:42 witherspoon kernel[1029]: [   65.390000] UBIFS (ubi8:4): media format: w5/r0 (latest is w5/r0), UUID F587F7F2-1BEE-4E77-9577-250237C0F0BC, small LPT model
Oct 25 01:14:42 witherspoon kernel: UBIFS (ubi8:4): background thread "ubifs_bgt8_4" started, PID 1144
Oct 25 01:14:42 witherspoon kernel[1029]: [   65.570000] UBIFS (ubi8:4): background thread "ubifs_bgt8_4" started, PID 1144
Oct 25 01:14:43 witherspoon avahi-daemon[973]: Host name conflict, retrying with witherspoon-3
Oct 25 01:14:43 witherspoon avahi-daemon[973]: Registering new address record for 9.3.86.161 on eth0.IPv4.
Oct 25 01:14:43 witherspoon systemd[1]: Started Remount the ubi volume after a reboot.
Oct 25 01:14:44 witherspoon avahi-daemon[973]: Host name conflict, retrying with witherspoon-4
Oct 25 01:14:44 witherspoon avahi-daemon[973]: Registering new address record for 9.3.86.161 on eth0.IPv4.
Oct 25 01:14:44 witherspoon kernel: UBIFS (ubi8:5): UBIFS: mounted UBI device 8, volume 5, name "pnor-rw-7a9ef57c"
Oct 25 01:14:44 witherspoon kernel: UBIFS (ubi8:5): LEB size: 65408 bytes (63 KiB), min./max. I/O unit sizes: 8 bytes/256 bytes
Oct 25 01:14:44 witherspoon kernel: UBIFS (ubi8:5): FS size: 16155776 bytes (15 MiB, 247 LEBs), journal size 784896 bytes (0 MiB, 12 LEBs)
Oct 25 01:14:44 witherspoon kernel: UBIFS (ubi8:5): reserved for root: 763076 bytes (745 KiB)
Oct 25 01:14:44 witherspoon kernel: UBIFS (ubi8:5): media format: w5/r0 (latest is w5/r0), UUID 904AA0DA-EE42-403C-B44D-8FB80359592C, small LPT model
Oct 25 01:14:44 witherspoon kernel[1029]: [   66.770000] UBIFS (ubi8:5): UBIFS: mounted UBI device 8, volume 5, name "pnor-rw-7a9ef57c"
Oct 25 01:14:44 witherspoon kernel[1029]: [   66.770000] UBIFS (ubi8:5): LEB size: 65408 bytes (63 KiB), min./max. I/O unit sizes: 8 bytes/256 bytes
Oct 25 01:14:44 witherspoon kernel[1029]: [   66.770000] UBIFS (ubi8:5): FS size: 16155776 bytes (15 MiB, 247 LEBs), journal size 784896 bytes (0 MiB, 12 LEBs)
Oct 25 01:14:44 witherspoon kernel[1029]: [   66.770000] UBIFS (ubi8:5): reserved for root: 763076 bytes (745 KiB)
Oct 25 01:14:44 witherspoon kernel[1029]: [   66.770000] UBIFS (ubi8:5): media format: w5/r0 (latest is w5/r0), UUID 904AA0DA-EE42-403C-B44D-8FB80359592C, small LPT model
Oct 25 01:14:44 witherspoon kernel: UBIFS (ubi8:5): background thread "ubifs_bgt8_5" started, PID 1158
Oct 25 01:14:44 witherspoon kernel[1029]: [   66.990000] UBIFS (ubi8:5): background thread "ubifs_bgt8_5" started, PID 1158
Oct 25 01:14:44 witherspoon download_manager.py[975]: Running Download Manager
Oct 25 01:14:44 witherspoon sensor_manager2.py[981]: Setting boot count to 3
Oct 25 01:14:44 witherspoon avahi-daemon[973]: Host name conflict, retrying with witherspoon-5
Oct 25 01:14:44 witherspoon avahi-daemon[973]: Registering new address record for 9.3.86.161 on eth0.IPv4.
Oct 25 01:14:45 witherspoon systemd[1]: Started Remount the squashfs and ubi volumes after a reboot.
Oct 25 01:14:45 witherspoon systemd[1]: Started Phosphor Download Manager.
Oct 25 01:14:45 witherspoon systemd[1]: Reached target Multi-User System.
Oct 25 01:14:45 witherspoon systemd[1]: Started Phosphor Sensor Manager.
Oct 25 01:14:45 witherspoon sensor_manager2.py[981]: Starting sensor manager
Oct 25 01:14:45 witherspoon avahi-daemon[973]: Host name conflict, retrying with witherspoon-6
Oct 25 01:14:45 witherspoon avahi-daemon[973]: Registering new address record for 9.3.86.161 on eth0.IPv4.
Oct 25 01:14:46 witherspoon systemd[1]: Started Phosphor Chassis0 Control.
Oct 25 01:14:46 witherspoon chassis_control.py[978]: Running ChassisControlService
Oct 25 01:14:47 witherspoon avahi-daemon[973]: Host name conflict, retrying with witherspoon-7
Oct 25 01:14:47 witherspoon avahi-daemon[973]: Registering new address record for 9.3.86.161 on eth0.IPv4.
Oct 25 01:14:47 witherspoon inventory_items.py[989]: Loading from cache: /var/cache/obmc/org.openbmc.inventory.system.chassis.motherboard.bmc@org.openbmc.InventoryItem.props
Oct 25 01:14:47 witherspoon inventory_items.py[989]: Caching: /org/openbmc/inventory/system/chassis/motherboard/bmc
Oct 25 01:14:47 witherspoon systemd[1]: Started Phosphor Inventory Manager.
Oct 25 01:14:47 witherspoon inventory_items.py[989]: Running Inventory Manager
Oct 25 01:14:47 witherspoon phosphor-mapper[976]: ObjectMapper startup complete.  Discovery in progress...
Oct 25 01:14:47 witherspoon avahi-daemon[973]: Host name conflict, retrying with witherspoon-8
Oct 25 01:14:47 witherspoon avahi-daemon[973]: Registering new address record for 9.3.86.161 on eth0.IPv4.
Oct 25 01:14:47 witherspoon systemd[1]: Started Phosphor Network Manager.
Oct 25 01:14:47 witherspoon netman.py[974]: Started
Oct 25 01:14:48 witherspoon avahi-daemon[1069]: ../../avahi-0.6.32/avahi-daemon/chroot.c: open() failed: No such file or directory
Oct 25 01:14:48 witherspoon avahi-daemon[973]: Failed to open /usr/share/dbus-1/interfaces/org.freedesktop.Avahi.Server.xml: Invalid argument
Oct 25 01:14:48 witherspoon avahi-daemon[973]: Failed to load introspection data.
Oct 25 01:14:49 witherspoon avahi-daemon[973]: Host name conflict, retrying with witherspoon-9
Oct 25 01:14:49 witherspoon avahi-daemon[973]: Registering new address record for 9.3.86.161 on eth0.IPv4.
Oct 25 01:14:50 witherspoon avahi-daemon[973]: Host name conflict, retrying with witherspoon-10
Oct 25 01:14:50 witherspoon avahi-daemon[973]: Registering new address record for 9.3.86.161 on eth0.IPv4.
Oct 25 01:14:51 witherspoon avahi-daemon[973]: Host name conflict, retrying with witherspoon-11
Oct 25 01:14:51 witherspoon avahi-daemon[973]: Registering new address record for 9.3.86.161 on eth0.IPv4.
Oct 25 01:14:52 witherspoon avahi-daemon[973]: Host name conflict, retrying with witherspoon-12
Oct 25 01:14:52 witherspoon avahi-daemon[973]: Registering new address record for 9.3.86.161 on eth0.IPv4.
Oct 25 01:14:53 witherspoon avahi-daemon[973]: Host name conflict, retrying with witherspoon-13
Oct 25 01:14:53 witherspoon avahi-daemon[973]: Registering new address record for 9.3.86.161 on eth0.IPv4.
Oct 25 01:14:54 witherspoon avahi-daemon[973]: Host name conflict, retrying with witherspoon-14
Oct 25 01:14:54 witherspoon avahi-daemon[973]: Registering new address record for 9.3.86.161 on eth0.IPv4.
Oct 25 01:14:55 witherspoon avahi-daemon[973]: Host name conflict, retrying with witherspoon-15
Oct 25 01:14:55 witherspoon avahi-daemon[973]: Registering new address record for 9.3.86.161 on eth0.IPv4.
Oct 25 01:14:56 witherspoon avahi-daemon[973]: Host name conflict, retrying with witherspoon-16
Oct 25 01:14:56 witherspoon avahi-daemon[973]: Registering new address record for 9.3.86.161 on eth0.IPv4.
Oct 25 01:14:59 witherspoon phosphor-mapper[976]: ObjectMapper discovery complete
Oct 25 01:14:59 witherspoon systemd[1]: Started Phosphor DBus Service Discovery Manager.
Oct 25 01:14:59 witherspoon systemd[1]: Started Phosphor Hwmon Poller.
Oct 25 01:14:59 witherspoon systemd[1]: Started Phosphor Hwmon Poller.
Oct 25 01:14:59 witherspoon systemd[1]: Started Phosphor Hwmon Poller.
Oct 25 01:14:59 witherspoon systemd[1]: Started Phosphor Hwmon Poller.
Oct 25 01:14:59 witherspoon systemd[1]: Started Phosphor Hwmon Poller.
Oct 25 01:14:59 witherspoon systemd[1]: Started Phosphor Hwmon Poller.
Oct 25 01:14:59 witherspoon systemd[1]: Started Phosphor Hwmon Poller.
Oct 25 01:14:59 witherspoon systemd[1]: Reached target Phosphor Object Mapper.
Oct 25 01:14:59 witherspoon systemd[1]: Starting Wait for /xyz/openbmc_project/control/host0/boot...
Oct 25 01:14:59 witherspoon systemd[1]: Starting Wait for /xyz/openbmc_project/inventory/system/chassis/power_supply0...
Oct 25 01:14:59 witherspoon systemd[1]: Reached target Webserver (pre).
Oct 25 01:14:59 witherspoon systemd[1]: Started Phosphor Webserver.
Oct 25 01:14:59 witherspoon systemd[1]: Starting Phosphor Settings Manager...
Oct 25 01:14:59 witherspoon systemd[1]: Starting Phosphor Network Manager...
Oct 25 01:14:59 witherspoon systemd[1]: Starting OpenPower Software Update Manager...
Oct 25 01:14:59 witherspoon systemd[1]: Starting Wait for /xyz/openbmc_project/control/host0/restriction_mode...
Oct 25 01:14:59 witherspoon systemd[1]: Starting Wait for /xyz/openbmc_project/inventory/system/chassis/power_supply1...
Oct 25 01:14:59 witherspoon systemd[1]: Starting Wait for /xyz/openbmc_project/time/sync_method...
Oct 25 01:14:59 witherspoon systemd[1]: Starting Wait for /xyz/openbmc_project/control/host0/power_restore_policy...
Oct 25 01:14:59 witherspoon systemd[1]: Starting Wait for /org/openbmc/control/power0...
Oct 25 01:14:59 witherspoon systemd[1]: Starting Wait for /xyz/openbmc_project/control/host0/auto_reboot...
Oct 25 01:14:59 witherspoon systemd[1]: Starting Wait for /org/openbmc/control/bmc0...
Oct 25 01:14:59 witherspoon systemd[1]: Starting Phoshpor System Manager...
Oct 25 01:14:59 witherspoon systemd[1]: Starting Wait for /xyz/openbmc_project/led/groups/bmc_booted...
Oct 25 01:14:59 witherspoon systemd[1]: Starting Wait for /xyz/openbmc_project/state/chassis0...
Oct 25 01:14:59 witherspoon systemd[1]: Starting Wait for /xyz/openbmc_project/control/host0/boot/one_time...
Oct 25 01:15:02 witherspoon systemd[1]: Starting Wait for /xyz/openbmc_project/control/host0...
Oct 25 01:15:02 witherspoon systemd[1]: Starting Wait for /org/openbmc/managers/Download...
Oct 25 01:15:02 witherspoon systemd[1]: Starting Wait for /xyz/openbmc_project/inventory...
Oct 25 01:15:02 witherspoon systemd[1]: Starting Wait for /xyz/openbmc_project/state/host0...
Oct 25 01:15:02 witherspoon systemd[1]: Starting Wait for /org/openbmc/managers/System...
Oct 25 01:15:02 witherspoon systemd[1]: Starting Wait for /xyz/openbmc_project/time/owner...
Oct 25 01:15:02 witherspoon systemd[1]: Starting Wait for /xyz/openbmc_project/led/groups...
Oct 25 01:15:02 witherspoon systemd[1]: Started Phosphor DBus Monitor.
Oct 25 01:15:02 witherspoon systemd[1]: Starting OpenBMC Software Update Manager...
Oct 25 01:15:02 witherspoon systemd[1]: Starting Wait for /xyz/openbmc_project/network/config...
Oct 25 01:15:02 witherspoon systemd[1]: Started Phosphor Hwmon Poller.
Oct 25 01:15:03 witherspoon systemd[1]: Started Wait for /xyz/openbmc_project/control/host0/restriction_mode.
Oct 25 01:15:03 witherspoon systemd[1]: Started Wait for /xyz/openbmc_project/control/host0/boot/one_time.
Oct 25 01:15:05 witherspoon phosphor-network-manager[1171]: ConfigParser: Key not found
Oct 25 01:15:05 witherspoon phosphor-network-manager[1171]: The operation failed internally.
Oct 25 01:15:05 witherspoon phosphor-network-manager[1171]: Exception occured during getting of DHCP value
Oct 25 01:15:05 witherspoon phosphor-network-manager[1171]: ConfigParser: Key not found
Oct 25 01:15:05 witherspoon phosphor-network-manager[1171]: The operation failed internally.
Oct 25 01:15:05 witherspoon phosphor-network-manager[1171]: Unable to find the NTP server configuration.
Oct 25 01:15:05 witherspoon systemd[1]: Started Phosphor Network Manager.
Oct 25 01:15:06 witherspoon dbus[1004]: [system] Activating via systemd: service name='org.freedesktop.hostname1' unit='dbus-org.freedesktop.hostname1.service'
Oct 25 01:15:06 witherspoon systemd[1]: Starting Hostname Service...
Oct 25 01:15:06 witherspoon systemd[1]: Started Wait for /org/openbmc/control/bmc0.
Oct 25 01:15:09 witherspoon dbus[1004]: [system] Successfully activated service 'org.freedesktop.hostname1'
Oct 25 01:15:09 witherspoon systemd[1]: Started Hostname Service.
Oct 25 01:15:10 witherspoon systemd[1]: Started OpenPower Software Update Manager.
Oct 25 01:15:10 witherspoon systemd[1]: Starting Updates symlinks for active PNOR version...
Oct 25 01:15:10 witherspoon systemd[1]: Starting Create a ubi volume for pnor patches...
Oct 25 01:15:11 witherspoon systemd[1]: Started Updates symlinks for active PNOR version.
Oct 25 01:15:12 witherspoon systemd[1]: Started Wait for /xyz/openbmc_project/control/host0/power_restore_policy.
Oct 25 01:15:12 witherspoon systemd[1]: Started Wait for /xyz/openbmc_project/control/host0/boot.
Oct 25 01:15:12 witherspoon systemd[1]: Started Wait for /xyz/openbmc_project/inventory/system/chassis/power_supply0.
Oct 25 01:15:12 witherspoon systemd[1]: Started Wait for /xyz/openbmc_project/time/sync_method.
Oct 25 01:15:12 witherspoon systemd[1]: Started Wait for /xyz/openbmc_project/control/host0/auto_reboot.
Oct 25 01:15:13 witherspoon systemd[1]: Started Wait for /xyz/openbmc_project/led/groups/bmc_booted.
Oct 25 01:15:13 witherspoon kernel: UBIFS (ubi8:3): background thread "ubifs_bgt8_3" started, PID 1226
Oct 25 01:15:13 witherspoon kernel[1029]: [   96.080000] UBIFS (ubi8:3): background thread "ubifs_bgt8_3" started, PID 1226
Oct 25 01:15:13 witherspoon systemd[1]: Started Wait for /xyz/openbmc_project/inventory.
Oct 25 01:15:13 witherspoon systemd[1]: Started Phosphor GPIO 0 Presence.
Oct 25 01:15:13 witherspoon systemd[1]: Started Phosphor Cooling Type.
Oct 25 01:15:13 witherspoon systemd[1]: Starting Phosphor MAX31785 MSL...
Oct 25 01:15:13 witherspoon systemd[1]: Started Phosphor GPIO 1 Presence.
Oct 25 01:15:13 witherspoon systemd[1]: Starting Read OpenPOWER-format VPD from EEPROM...
Oct 25 01:15:13 witherspoon systemd[1]: Starting OpenPOWER OCC controller...
Oct 25 01:15:14 witherspoon phosphor-gpio-presence[1230]: Updating inventory present property
Oct 25 01:15:15 witherspoon kernel: UBIFS (ubi8:3): UBIFS: mounted UBI device 8, volume 3, name "pnor-patch"
Oct 25 01:15:15 witherspoon kernel: UBIFS (ubi8:3): LEB size: 65408 bytes (63 KiB), min./max. I/O unit sizes: 8 bytes/256 bytes
Oct 25 01:15:15 witherspoon kernel: UBIFS (ubi8:3): FS size: 16155776 bytes (15 MiB, 247 LEBs), journal size 784896 bytes (0 MiB, 12 LEBs)
Oct 25 01:15:15 witherspoon kernel: UBIFS (ubi8:3): reserved for root: 763076 bytes (745 KiB)
Oct 25 01:15:15 witherspoon kernel: UBIFS (ubi8:3): media format: w5/r0 (latest is w5/r0), UUID 4D589EF4-9175-4F76-B384-1965B1D7B962, small LPT model
Oct 25 01:15:15 witherspoon kernel[1029]: [   97.630000] UBIFS (ubi8:3): UBIFS: mounted UBI device 8, volume 3, name "pnor-patch"
Oct 25 01:15:15 witherspoon kernel[1029]: [   97.630000] UBIFS (ubi8:3): LEB size: 65408 bytes (63 KiB), min./max. I/O unit sizes: 8 bytes/256 bytes
Oct 25 01:15:15 witherspoon kernel[1029]: [   97.630000] UBIFS (ubi8:3): FS size: 16155776 bytes (15 MiB, 247 LEBs), journal size 784896 bytes (0 MiB, 12 LEBs)
Oct 25 01:15:15 witherspoon kernel[1029]: [   97.630000] UBIFS (ubi8:3): reserved for root: 763076 bytes (745 KiB)
Oct 25 01:15:15 witherspoon kernel[1029]: [   97.630000] UBIFS (ubi8:3): media format: w5/r0 (latest is w5/r0), UUID 4D589EF4-9175-4F76-B384-1965B1D7B962, small LPT model
Oct 25 01:15:15 witherspoon systemd[1]: Started Wait for /xyz/openbmc_project/time/owner.
Oct 25 01:15:15 witherspoon systemd[1]: Started Wait for /xyz/openbmc_project/led/groups.
Oct 25 01:15:15 witherspoon systemd[1]: Started Create a ubi volume for pnor patches.
Oct 25 01:15:15 witherspoon systemd[1]: Started Phosphor MBOX Daemon.
Oct 25 01:15:15 witherspoon systemd[1]: Started FRU Fault monitor service.
Oct 25 01:15:15 witherspoon phosphor-gpio-presence[1227]: Updating inventory present property
Oct 25 01:15:16 witherspoon avahi-daemon[973]: Host name conflict, retrying with witherspoon-17
Oct 25 01:15:16 witherspoon avahi-daemon[973]: Registering new address record for 9.3.86.161 on eth0.IPv4.
Oct 25 01:15:17 witherspoon system_manager.py[1180]: Running System State: BASE_APPS
Oct 25 01:15:17 witherspoon systemd[1]: Started Wait for /xyz/openbmc_project/inventory/system/chassis/power_supply1.
Oct 25 01:15:17 witherspoon system_manager.py[1180]: SystemManager Init Done
Oct 25 01:15:17 witherspoon system_manager.py[1180]: Running SystemManager
Oct 25 01:15:17 witherspoon systemd[1]: Started Phoshpor System Manager.
Oct 25 01:15:19 witherspoon systemd[1]: Starting Set U-Boot environment variable...
Oct 25 01:15:19 witherspoon phosphor-image-updater[1192]: Failed to update u-boot env variables
Oct 25 01:15:20 witherspoon systemd[1]: Starting Set U-Boot environment variable...
Oct 25 01:15:20 witherspoon systemd[1]: Created slice system-obmc\x2dflash\x2dbmc\x2dupdateubootvars.slice.
Oct 25 01:15:20 witherspoon systemd[1]: Starting Updates the u-boot variable to point BMC version to 96ad31f1...
Oct 25 01:15:20 witherspoon systemd[1]: Started OpenBMC Software Update Manager.
Oct 25 01:15:20 witherspoon systemd[1]: Starting Phosphor Version Software Manager...
Oct 25 01:15:21 witherspoon systemd[1]: Started Set U-Boot environment variable.
Oct 25 01:15:22 witherspoon systemd[1]: Started Phosphor Version Software Manager.
Oct 25 01:15:22 witherspoon systemd[1]: Started Wait for /org/openbmc/managers/Download.
Oct 25 01:15:22 witherspoon systemd[1]: Starting Phosphor BMC Code Update...
Oct 25 01:15:22 witherspoon systemd[1]: Started Set U-Boot environment variable.
Oct 25 01:15:26 witherspoon systemd[1]: Started Updates the u-boot variable to point BMC version to 96ad31f1.
Oct 25 01:15:29 witherspoon systemd[1]: Started Phosphor MAX31785 MSL.
Oct 25 01:15:32 witherspoon system_manager.py[1180]: SystemManager Goto System State: BMC_STARTING
Oct 25 01:15:32 witherspoon system_manager.py[1180]: Running System State: BMC_STARTING
Oct 25 01:15:32 witherspoon settings_manager.py[1170]: Running HostSettingsService
Oct 25 01:15:32 witherspoon systemd[1]: Started Phosphor Settings Manager.
Oct 25 01:15:32 witherspoon systemd[1]: Starting Wait for /org/openbmc/settings/host0...
Oct 25 01:15:32 witherspoon systemd[1]: Started OpenPOWER OCC controller.
Oct 25 01:15:33 witherspoon systemd[1]: Started Phosphor BMC Code Update.
Oct 25 01:15:33 witherspoon bmc_update.py[1256]: Running Bmc Flash Control
Oct 25 01:15:35 witherspoon systemd[1]: Started Read OpenPOWER-format VPD from EEPROM.
Oct 25 01:15:35 witherspoon systemd[1]: Starting Sync system/chassis/motherboard/uuid...
Oct 25 01:15:36 witherspoon avahi-daemon[973]: Host name conflict, retrying with witherspoon-18
Oct 25 01:15:36 witherspoon avahi-daemon[973]: Registering new address record for 9.3.86.161 on eth0.IPv4.
Oct 25 01:15:40 witherspoon phosphor-gevent[1169]: Traceback (most recent call last):
Oct 25 01:15:40 witherspoon phosphor-gevent[1169]:   File "/usr/lib/python2.7/site-packages/gevent/greenlet.py", line 327, in run
Oct 25 01:15:40 witherspoon phosphor-gevent[1169]:     result = self._run(*self.args, **self.kwargs)
Oct 25 01:15:40 witherspoon phosphor-gevent[1169]:   File "/usr/lib/python2.7/site-packages/gevent/server.py", line 102, in wrap_socket_and_handle
Oct 25 01:15:40 witherspoon phosphor-gevent[1169]:     ssl_socket = self.wrap_socket(client_socket, **self.ssl_args)
Oct 25 01:15:40 witherspoon phosphor-gevent[1169]:   File "/usr/lib/python2.7/site-packages/gevent/ssl.py", line 404, in wrap_socket
Oct 25 01:15:40 witherspoon phosphor-gevent[1169]:     ciphers=ciphers)
Oct 25 01:15:40 witherspoon phosphor-gevent[1169]:   File "/usr/lib/python2.7/site-packages/gevent/ssl.py", line 113, in __init__
Oct 25 01:15:40 witherspoon phosphor-gevent[1169]:     self.do_handshake()
Oct 25 01:15:40 witherspoon phosphor-gevent[1169]:   File "/usr/lib/python2.7/site-packages/gevent/ssl.py", line 324, in do_handshake
Oct 25 01:15:40 witherspoon phosphor-gevent[1169]:     return self._sslobj.do_handshake()
Oct 25 01:15:40 witherspoon phosphor-gevent[1169]: SSLEOFError: EOF occurred in violation of protocol (_ssl.c:590)
Oct 25 01:15:40 witherspoon phosphor-gevent[1169]: <Greenlet at 0x76013e40: <bound method WSGIServer.wrap_socket_and_handle of <WSGIServer at 0x75b74e90 fileno=6 address=('::3422:ef76:e:6576%1986334192', 443, 0, 1986334192)>>(<socket at 0x75ab4c50 fileno=10>, ('::c009:6376:8e91:f402%1995311900', 42172, 0, 199)> failed with SSLEOFError
Oct 25 01:15:40 witherspoon phosphor-gevent[1169]: Traceback (most recent call last):
Oct 25 01:15:40 witherspoon phosphor-gevent[1169]:   File "/usr/lib/python2.7/site-packages/gevent/greenlet.py", line 327, in run
Oct 25 01:15:40 witherspoon phosphor-gevent[1169]:     result = self._run(*self.args, **self.kwargs)
Oct 25 01:15:40 witherspoon phosphor-gevent[1169]:   File "/usr/lib/python2.7/site-packages/gevent/server.py", line 102, in wrap_socket_and_handle
Oct 25 01:15:40 witherspoon phosphor-gevent[1169]:     ssl_socket = self.wrap_socket(client_socket, **self.ssl_args)
Oct 25 01:15:40 witherspoon phosphor-gevent[1169]:   File "/usr/lib/python2.7/site-packages/gevent/ssl.py", line 404, in wrap_socket
Oct 25 01:15:40 witherspoon phosphor-gevent[1169]:     ciphers=ciphers)
Oct 25 01:15:40 witherspoon phosphor-gevent[1169]:   File "/usr/lib/python2.7/site-packages/gevent/ssl.py", line 113, in __init__
Oct 25 01:15:40 witherspoon phosphor-gevent[1169]:     self.do_handshake()
Oct 25 01:15:40 witherspoon phosphor-gevent[1169]:   File "/usr/lib/python2.7/site-packages/gevent/ssl.py", line 324, in do_handshake
Oct 25 01:15:40 witherspoon phosphor-gevent[1169]:     return self._sslobj.do_handshake()
Oct 25 01:15:40 witherspoon phosphor-gevent[1169]: SSLEOFError: EOF occurred in violation of protocol (_ssl.c:590)
Oct 25 01:15:40 witherspoon phosphor-gevent[1169]: <Greenlet at 0x76013e90: <bound method WSGIServer.wrap_socket_and_handle of <WSGIServer at 0x75b74e90 fileno=6 address=('::3422:ef76:e:6576%1986334192', 443, 0, 1986334192)>>(<socket at 0x75ab4bf0 fileno=11>, ('::c009:6376:8e91:f402%1995311900', 42174, 0, 199)> failed with SSLEOFError
Oct 25 01:15:40 witherspoon phosphor-gevent[1169]: Traceback (most recent call last):
Oct 25 01:15:41 witherspoon phosphor-gevent[1169]:   File "/usr/lib/python2.7/site-packages/gevent/greenlet.py", line 327, in run
Oct 25 01:15:41 witherspoon phosphor-gevent[1169]:     result = self._run(*self.args, **self.kwargs)
Oct 25 01:15:41 witherspoon phosphor-gevent[1169]:   File "/usr/lib/python2.7/site-packages/gevent/server.py", line 102, in wrap_socket_and_handle
Oct 25 01:15:41 witherspoon phosphor-gevent[1169]:     ssl_socket = self.wrap_socket(client_socket, **self.ssl_args)
Oct 25 01:15:41 witherspoon phosphor-gevent[1169]:   File "/usr/lib/python2.7/site-packages/gevent/ssl.py", line 404, in wrap_socket
Oct 25 01:15:41 witherspoon phosphor-gevent[1169]:     ciphers=ciphers)
Oct 25 01:15:41 witherspoon phosphor-gevent[1169]:   File "/usr/lib/python2.7/site-packages/gevent/ssl.py", line 113, in __init__
Oct 25 01:15:41 witherspoon phosphor-gevent[1169]:     self.do_handshake()
Oct 25 01:15:41 witherspoon phosphor-gevent[1169]:   File "/usr/lib/python2.7/site-packages/gevent/ssl.py", line 324, in do_handshake
Oct 25 01:15:41 witherspoon phosphor-gevent[1169]:     return self._sslobj.do_handshake()
Oct 25 01:15:41 witherspoon phosphor-gevent[1169]: SSLEOFError: EOF occurred in violation of protocol (_ssl.c:590)
Oct 25 01:15:41 witherspoon phosphor-gevent[1169]: <Greenlet at 0x76013ee0: <bound method WSGIServer.wrap_socket_and_handle of <WSGIServer at 0x75b74e90 fileno=6 address=('::3422:ef76:e:6576%1986334192', 443, 0, 1986334192)>>(<socket at 0x75ab4c90 fileno=12>, ('::c009:6376:8e91:f402%1995311900', 42176, 0, 199)> failed with SSLEOFError
Oct 25 01:15:41 witherspoon systemd[1]: Started Sync system/chassis/motherboard/uuid.
Oct 25 01:15:43 witherspoon systemd[1]: Started Wait for /xyz/openbmc_project/network/config.
Oct 25 01:15:43 witherspoon systemd[1]: Starting Sync system/chassis/motherboard/bmc/ethernet...
Oct 25 01:15:48 witherspoon systemd[1]: Started Wait for /org/openbmc/managers/System.
Oct 25 01:15:48 witherspoon systemd[1]: Starting Phosphor BMC State Manager...
Oct 25 01:15:48 witherspoon systemd[1]: Starting Phosphor Power Button0...
Oct 25 01:15:48 witherspoon systemd[1]: Starting Phosphor Chassis State Manager...
Oct 25 01:15:48 witherspoon systemd[1]: Starting Phosphor Reset Button0...
Oct 25 01:15:48 witherspoon systemd[1]: Starting Phosphor Power0 Control...
Oct 25 01:15:48 witherspoon phosphor-bmc-state-manager[1284]: Setting the BMCState field
Oct 25 01:15:48 witherspoon phosphor-bmc-state-manager[1284]: Setting the BMCState field
Oct 25 01:15:49 witherspoon systemd[1]: Started Phosphor BMC State Manager.
Oct 25 01:15:50 witherspoon phosphor-chassis-state-manager[1286]: Initial Chassis State will be Off
Oct 25 01:15:50 witherspoon systemd[1]: Started Phosphor Chassis State Manager.
Oct 25 01:15:50 witherspoon button_reset.exe[1287]: GPIO Lookup:  RESET_BUTTON = 353,both
Oct 25 01:15:50 witherspoon button_power.exe[1285]: GPIO Lookup:  POWER_BUTTON = 347,both
Oct 25 01:15:50 witherspoon systemd[1]: Started Wait for /org/openbmc/settings/host0.
Oct 25 01:15:50 witherspoon systemd[1]: Started Phosphor Inband IPMI.
Oct 25 01:15:50 witherspoon systemd[1]: Started Phosphor Reset Button0.
Oct 25 01:15:50 witherspoon systemd[1]: Started Phosphor Power Button0.
Oct 25 01:15:50 witherspoon system_manager.py[1180]: New object: /org/openbmc/control/power0 (:1.91)
Oct 25 01:15:51 witherspoon sync_inventory_items.py[1283]: Inventory MAC=70:e2:84:14:23:e1,System MAC=70:e2:84:14:23:e1
Oct 25 01:15:51 witherspoon system_manager.py[1180]: Power GPIO config: ['SYS_PWROK_BUFF', '', [('SOFTWARE_PGOOD', True), ('BMC_POWER_UP', True)], [('BMC_CP0_RESET_N', False)], [], 'FSI_DATA', 'FSI_CLK', 'FSI_ENABLE', 'CRONUS_SEL', []]
Oct 25 01:15:51 witherspoon power_control.exe[1288]: Power GPIO latch output:
Oct 25 01:15:51 witherspoon power_control.exe[1288]: Power GPIO power good input: SYS_PWROK_BUFF
Oct 25 01:15:51 witherspoon power_control.exe[1288]: Power GPIO 2 power_up outputs
Oct 25 01:15:51 witherspoon power_control.exe[1288]: Power GPIO power_up[0] = SOFTWARE_PGOOD active HIGH
Oct 25 01:15:51 witherspoon power_control.exe[1288]: Power GPIO power_up[1] = BMC_POWER_UP active HIGH
Oct 25 01:15:51 witherspoon power_control.exe[1288]: Power GPIO 1 reset outputs
Oct 25 01:15:51 witherspoon power_control.exe[1288]: Power GPIO reset[0] = BMC_CP0_RESET_N active LOW
Oct 25 01:15:51 witherspoon power_control.exe[1288]: Power GPIO 0 pci reset outputs
Oct 25 01:15:51 witherspoon power_control.exe[1288]: FSI DATA GPIO: FSI_DATA
Oct 25 01:15:51 witherspoon power_control.exe[1288]: FSI CLK GPIO: FSI_CLK
Oct 25 01:15:51 witherspoon power_control.exe[1288]: FSI ENABLE GPIO: FSI_ENABLE
Oct 25 01:15:51 witherspoon power_control.exe[1288]: CRONUS SEL GPIO: CRONUS_SEL
Oct 25 01:15:51 witherspoon power_control.exe[1288]: Hostctl GPIO optionals: 0
Oct 25 01:15:51 witherspoon power_control.exe[1288]: GPIO Lookup:  SYS_PWROK_BUFF = 306,in
Oct 25 01:15:51 witherspoon power_control.exe[1288]: GPIO Lookup:  SOFTWARE_PGOOD = 417,out
Oct 25 01:15:51 witherspoon power_control.exe[1288]: GPIO Lookup:  BMC_POWER_UP = 305,out
Oct 25 01:15:52 witherspoon power_control.exe[1288]: GPIO Lookup:  BMC_CP0_RESET_N = 281,out
Oct 25 01:15:52 witherspoon power_control.exe[1288]: Pgood state: 0
Oct 25 01:15:52 witherspoon systemd[1]: Started Phosphor Power0 Control.
Oct 25 01:15:54 witherspoon avahi-daemon[973]: Interface eth0.IPv4 no longer relevant for mDNS.
Oct 25 01:15:54 witherspoon systemd-networkd[1028]: eth0: Lost carrier
Oct 25 01:15:54 witherspoon avahi-daemon[973]: Leaving mDNS multicast group on interface eth0.IPv4 with address 9.3.86.161.
Oct 25 01:15:54 witherspoon avahi-daemon[973]: Withdrawing address record for 9.3.86.161 on eth0.
Oct 25 01:15:54 witherspoon avahi-daemon[973]: Withdrawing address record for 9.3.86.161 on eth0.
Oct 25 01:15:54 witherspoon avahi-daemon[973]: Server startup complete. Host name is witherspoon-18.local. Local service cookie is 4143151338.
Oct 25 01:15:54 witherspoon avahi-daemon[973]: Service "witherspoon-18" (/services/ssh.service) successfully established.
Oct 25 01:15:54 witherspoon avahi-daemon[973]: Service "sftp #12" (/services/sftp.service) successfully established.
Oct 25 01:15:54 witherspoon avahi-daemon[973]: Service "witherspoon-18" (/services/sftp-ssh.service) successfully established.
Oct 25 01:15:54 witherspoon avahi-daemon[973]: Service "phosphor_rest #12" (/services/phosphor_rest.service) successfully established.
Oct 25 01:15:54 witherspoon avahi-daemon[973]: Service "obmc_console #12" (/services/obmc_console.service) successfully established.
Oct 25 01:15:54 witherspoon kernel: ftgmac100 1e660000.ethernet eth0: NCSI interface down
Oct 25 01:15:54 witherspoon kernel[1029]: [  136.610000] ftgmac100 1e660000.ethernet eth0: NCSI interface down
Oct 25 01:15:54 witherspoon systemd-networkd[1028]: eth0: Gained carrier
Oct 25 01:15:54 witherspoon systemd-networkd[1028]: Assertion 'link->state == LINK_STATE_SETTING_ROUTES' failed at ../git/src/network/networkd-link.c:692, function link_enter_configured(). Aborting.
Oct 25 01:15:54 witherspoon avahi-daemon[973]: Joining mDNS multicast group on interface eth0.IPv4 with address 9.3.86.161.
Oct 25 01:15:54 witherspoon systemd[1]: systemd-networkd.service: Main process exited, code=killed, status=6/ABRT
Oct 25 01:15:54 witherspoon avahi-daemon[973]: New relevant interface eth0.IPv4 for mDNS.
Oct 25 01:15:54 witherspoon systemd[1]: systemd-networkd.service: Unit entered failed state.
Oct 25 01:15:54 witherspoon avahi-daemon[973]: Registering new address record for 9.3.86.161 on eth0.IPv4.
Oct 25 01:15:54 witherspoon systemd[1]: systemd-networkd.service: Failed with result 'signal'.
Oct 25 01:15:54 witherspoon systemd[1]: systemd-networkd.service: Service has no hold-off time, scheduling restart.
Oct 25 01:15:54 witherspoon systemd[1]: Stopped Network Service.
Oct 25 01:15:54 witherspoon systemd[1]: Starting Network Service...
Oct 25 01:15:54 witherspoon kernel: 8021q: adding VLAN 0 to HW filter on device eth0
Oct 25 01:15:54 witherspoon kernel[1029]: [  136.950000] 8021q: adding VLAN 0 to HW filter on device eth0
Oct 25 01:15:54 witherspoon avahi-daemon[973]: Service name conflict for "obmc_console" (/services/obmc_console.service), retrying with "obmc_console #13".
Oct 25 01:15:54 witherspoon avahi-daemon[973]: Host name conflict, retrying with witherspoon-19
Oct 25 01:15:54 witherspoon avahi-daemon[973]: Registering new address record for 9.3.86.161 on eth0.IPv4.
Oct 25 01:15:54 witherspoon systemd[1]: Started Sync system/chassis/motherboard/bmc/ethernet.
Oct 25 01:15:55 witherspoon systemd-networkd[1318]: Enumeration completed
Oct 25 01:15:55 witherspoon systemd[1]: Started Network Service.
Oct 25 01:15:55 witherspoon systemd-timesyncd[957]: Network configuration changed, trying to establish connection.
Oct 25 01:15:55 witherspoon systemd-timesyncd[957]: Network configuration changed, trying to establish connection.
Oct 25 01:15:55 witherspoon systemd-timesyncd[957]: Network configuration changed, trying to establish connection.
Oct 25 01:15:55 witherspoon kernel: ftgmac100 1e660000.ethernet eth0: no vlan ids left to set
Oct 25 01:15:55 witherspoon kernel: ftgmac100 1e660000.ethernet eth0: NCSI interface up
Oct 25 01:15:55 witherspoon kernel[1029]: [  138.010000] ftgmac100 1e660000.ethernet eth0: no vlan ids left to set
Oct 25 01:15:55 witherspoon systemd-timesyncd[957]: Network configuration changed, trying to establish connection.
Oct 25 01:15:55 witherspoon kernel[1029]: [  138.020000] ftgmac100 1e660000.ethernet eth0: NCSI interface up
Oct 25 01:15:55 witherspoon systemd-networkd[1318]: eth0: Cannot configure IPv6 privacy extension for interface: No such file or directory
Oct 25 01:15:55 witherspoon systemd-networkd[1318]: eth0: Cannot disable kernel IPv6 accept_ra for interface: No such file or directory
Oct 25 01:15:55 witherspoon systemd-timesyncd[957]: Network configuration changed, trying to establish connection.
Oct 25 01:15:55 witherspoon systemd-timesyncd[957]: Network configuration changed, trying to establish connection.
Oct 25 01:15:55 witherspoon systemd-networkd[1318]: eth0: Configured
Oct 25 01:15:55 witherspoon systemd-timesyncd[957]: Network configuration changed, trying to establish connection.
Oct 25 01:15:55 witherspoon avahi-daemon[973]: Host name conflict, retrying with witherspoon-20
Oct 25 01:15:55 witherspoon avahi-daemon[973]: Registering new address record for 9.3.86.161 on eth0.IPv4.
Oct 25 01:15:56 witherspoon avahi-daemon[973]: Host name conflict, retrying with witherspoon-21
Oct 25 01:15:56 witherspoon avahi-daemon[973]: Registering new address record for 9.3.86.161 on eth0.IPv4.
Oct 25 01:15:57 witherspoon avahi-daemon[973]: Host name conflict, retrying with witherspoon-22
Oct 25 01:15:57 witherspoon avahi-daemon[973]: Registering new address record for 9.3.86.161 on eth0.IPv4.
Oct 25 01:15:58 witherspoon avahi-daemon[973]: Host name conflict, retrying with witherspoon-23
Oct 25 01:15:58 witherspoon avahi-daemon[973]: Registering new address record for 9.3.86.161 on eth0.IPv4.
Oct 25 01:15:59 witherspoon avahi-daemon[973]: Host name conflict, retrying with witherspoon-24
Oct 25 01:15:59 witherspoon avahi-daemon[973]: Registering new address record for 9.3.86.161 on eth0.IPv4.
Oct 25 01:16:00 witherspoon systemd[1]: Started Wait for /org/openbmc/control/power0.
Oct 25 01:16:00 witherspoon systemd[1]: Starting Check Chassis0 pgood and create a file to indicate it...
Oct 25 01:16:00 witherspoon systemd[1]: Started Witherspoon Power Supply 1 Monitor.
Oct 25 01:16:00 witherspoon avahi-daemon[973]: Host name conflict, retrying with witherspoon-25
Oct 25 01:16:00 witherspoon avahi-daemon[973]: Registering new address record for 9.3.86.161 on eth0.IPv4.
Oct 25 01:16:00 witherspoon systemd[1]: Started Witherspoon Power Supply 0 Monitor.
Oct 25 01:16:01 witherspoon systemd[1]: Started Wait for /xyz/openbmc_project/state/chassis0.
Oct 25 01:16:02 witherspoon avahi-daemon[973]: Host name conflict, retrying with witherspoon-26
Oct 25 01:16:02 witherspoon avahi-daemon[973]: Registering new address record for 9.3.86.161 on eth0.IPv4.
Oct 25 01:16:02 witherspoon systemd[1]: Started Check Chassis0 pgood and create a file to indicate it.
Oct 25 01:16:02 witherspoon systemd[1]: Reached target Chassis0 power on after reset.
Oct 25 01:16:02 witherspoon systemd[1]: Reached target Chassis0 (Reset Check).
Oct 25 01:16:02 witherspoon phosphor-network-manager[1171]: ConfigParser: Key not found
Oct 25 01:16:02 witherspoon phosphor-network-manager[1171]: The operation failed internally.
Oct 25 01:16:02 witherspoon phosphor-network-manager[1171]: Exception occured during getting of DHCP value
Oct 25 01:16:02 witherspoon phosphor-network-manager[1171]: ConfigParser: Key not found
Oct 25 01:16:02 witherspoon phosphor-network-manager[1171]: The operation failed internally.
Oct 25 01:16:02 witherspoon phosphor-network-manager[1171]: Unable to find the NTP server configuration.
Oct 25 01:16:02 witherspoon systemd[1]: Started Wait for /xyz/openbmc_project/control/host0.
Oct 25 01:16:02 witherspoon systemd[1]: Reached target Host0 running after reset.
Oct 25 01:16:02 witherspoon phosphor-network-manager[1171]: Timer expired
Oct 25 01:16:03 witherspoon avahi-daemon[973]: Host name conflict, retrying with witherspoon-27
Oct 25 01:16:03 witherspoon avahi-daemon[973]: Registering new address record for 9.3.86.161 on eth0.IPv4.
Oct 25 01:16:03 witherspoon systemd[1]: Reached target Host0 (Reset Check).
Oct 25 01:16:03 witherspoon systemd[1]: Starting Phosphor Host State Manager...
Oct 25 01:16:03 witherspoon witherspoon-psu-monitor[1332]: The power supply has indicated an input fault or warn condition.
Oct 25 01:16:03 witherspoon dbus[1004]: [system] Activating via systemd: service name='org.freedesktop.journal1' unit='dbus-org.freedesktop.journal1.service'
Oct 25 01:16:03 witherspoon systemd[1]: Starting Journal Dbus Service...
Oct 25 01:16:04 witherspoon avahi-daemon[973]: Host name conflict, retrying with witherspoon-28
Oct 25 01:16:04 witherspoon avahi-daemon[973]: Registering new address record for 9.3.86.161 on eth0.IPv4.
Oct 25 01:16:04 witherspoon dbus[1004]: [system] Successfully activated service 'org.freedesktop.journal1'
Oct 25 01:16:04 witherspoon systemd[1]: Started Journal Dbus Service.
Oct 25 01:16:04 witherspoon phosphor-fru-fault-monitor[1240]: /xyz/openbmc_project/logging/entry/1
