-- Logs begin at Fri 2017-07-07 00:39:46 UTC, end at Fri 2017-07-07 01:00:48 UTC. --
Jul 07 00:39:46 witherspoon kernel: Booting Linux on physical CPU 0x0
Jul 07 00:39:46 witherspoon kernel: Linux version 4.10.17-990f06c35b7e119f00967e90f0514dbbd2e1b51b (jenkins@hudson) (gcc version 6.2.0 (GCC) ) #1 Thu Jul 6 20:55:18 UTC 2017
Jul 07 00:39:46 witherspoon kernel: CPU: ARMv6-compatible processor [410fb767] revision 7 (ARMv7), cr=00c5387d
Jul 07 00:39:46 witherspoon kernel: CPU: PIPT / VIPT nonaliasing data cache, VIPT nonaliasing instruction cache
Jul 07 00:39:46 witherspoon kernel: OF: fdt:Machine model: Witherspoon BMC
Jul 07 00:39:46 witherspoon kernel: Memory policy: Data cache writeback
Jul 07 00:39:46 witherspoon kernel: SOC Rev: 04030303
Jul 07 00:39:46 witherspoon kernel: On node 0 totalpages: 110592
Jul 07 00:39:46 witherspoon kernel: free_area_init_node: node 0, pgdat 805f33fc, node_mem_map 9ec1a000
Jul 07 00:39:46 witherspoon kernel:   Normal zone: 992 pages used for memmap
Jul 07 00:39:46 witherspoon kernel:   Normal zone: 0 pages reserved
Jul 07 00:39:46 witherspoon kernel:   Normal zone: 110592 pages, LIFO batch:31
Jul 07 00:39:46 witherspoon kernel: pcpu-alloc: s0 r0 d32768 u32768 alloc=1*32768
Jul 07 00:39:46 witherspoon kernel: pcpu-alloc: [0] 0 
Jul 07 00:39:46 witherspoon kernel: Built 1 zonelists in Zone order, mobility grouping on.  Total pages: 109600
Jul 07 00:39:46 witherspoon kernel: Kernel command line: console=ttyS4,115200n8 root=/dev/ram rw
Jul 07 00:39:46 witherspoon kernel: PID hash table entries: 2048 (order: 1, 8192 bytes)
Jul 07 00:39:46 witherspoon kernel: Dentry cache hash table entries: 65536 (order: 6, 262144 bytes)
Jul 07 00:39:46 witherspoon kernel: Inode-cache hash table entries: 32768 (order: 5, 131072 bytes)
Jul 07 00:39:46 witherspoon kernel: Memory: 430512K/442368K available (4048K kernel code, 280K rwdata, 1172K rodata, 276K init, 111K bss, 11856K reserved, 0K cma-reserved)
Jul 07 00:39:46 witherspoon kernel: Virtual kernel memory layout:
                                        vector  : 0xffff0000 - 0xffff1000   (   4 kB)
                                        fixmap  : 0xffc00000 - 0xfff00000   (3072 kB)
                                        vmalloc : 0x9f800000 - 0xff800000   (1536 MB)
                                        lowmem  : 0x80000000 - 0x9f000000   ( 496 MB)
                                          .text : 0x80008000 - 0x803fc590   (4050 kB)
                                          .init : 0x8057b000 - 0x805c0000   ( 276 kB)
                                          .data : 0x805c0000 - 0x806061a8   ( 281 kB)
                                           .bss : 0x806061a8 - 0x80622078   ( 112 kB)
Jul 07 00:39:46 witherspoon kernel: NR_IRQS:16 nr_irqs:16 16
Jul 07 00:39:46 witherspoon kernel: i2c controller registered, irq 16
Jul 07 00:39:46 witherspoon kernel: clocksource: moxart_timer: mask: 0xffffffff max_cycles: 0xffffffff, max_idle_ns: 77222644334 ns
Jul 07 00:39:46 witherspoon kernel: sched_clock: 32 bits at 100 Hz, resolution 10000000ns, wraps every 21474836475000000ns
Jul 07 00:39:46 witherspoon kernel: Calibrating delay loop... 789.70 BogoMIPS (lpj=3948544)
Jul 07 00:39:46 witherspoon kernel: pid_max: default: 32768 minimum: 301
Jul 07 00:39:46 witherspoon kernel: Mount-cache hash table entries: 1024 (order: 0, 4096 bytes)
Jul 07 00:39:46 witherspoon kernel: Mountpoint-cache hash table entries: 1024 (order: 0, 4096 bytes)
Jul 07 00:39:46 witherspoon kernel: CPU: Testing write buffer coherency: ok
Jul 07 00:39:46 witherspoon kernel: ftrace: allocating 14867 entries in 44 pages
Jul 07 00:39:46 witherspoon kernel: Setting up static identity map for 0x80008200 - 0x8000825c
Jul 07 00:39:46 witherspoon kernel: devtmpfs: initialized
Jul 07 00:39:46 witherspoon kernel: clocksource: jiffies: mask: 0xffffffff max_cycles: 0xffffffff, max_idle_ns: 19112604462750000 ns
Jul 07 00:39:46 witherspoon kernel: futex hash table entries: 256 (order: -1, 3072 bytes)
Jul 07 00:39:46 witherspoon kernel: pinctrl core: initialized pinctrl subsystem
Jul 07 00:39:46 witherspoon kernel: NET: Registered protocol family 16
Jul 07 00:39:46 witherspoon kernel: DMA: preallocated 256 KiB pool for atomic coherent allocations
Jul 07 00:39:46 witherspoon kernel: usbcore: registered new interface driver usbfs
Jul 07 00:39:46 witherspoon kernel: usbcore: registered new interface driver hub
Jul 07 00:39:46 witherspoon kernel: usbcore: registered new device driver usb
Jul 07 00:39:46 witherspoon kernel: clocksource: Switched to clocksource moxart_timer
Jul 07 00:39:46 witherspoon kernel: NET: Registered protocol family 2
Jul 07 00:39:46 witherspoon kernel: TCP established hash table entries: 4096 (order: 2, 16384 bytes)
Jul 07 00:39:46 witherspoon kernel: TCP bind hash table entries: 4096 (order: 2, 16384 bytes)
Jul 07 00:39:46 witherspoon kernel: TCP: Hash tables configured (established 4096 bind 4096)
Jul 07 00:39:46 witherspoon kernel: UDP hash table entries: 256 (order: 0, 4096 bytes)
Jul 07 00:39:46 witherspoon kernel: UDP-Lite hash table entries: 256 (order: 0, 4096 bytes)
Jul 07 00:39:46 witherspoon kernel: NET: Registered protocol family 1
Jul 07 00:39:46 witherspoon kernel: Trying to unpack rootfs image as initramfs...
Jul 07 00:39:46 witherspoon kernel: Freeing initrd memory: 1544K
Jul 07 00:39:46 witherspoon kernel: workingset: timestamp_bits=30 max_order=17 bucket_order=0
Jul 07 00:39:46 witherspoon kernel: squashfs: version 4.0 (2009/01/31) Phillip Lougher
Jul 07 00:39:46 witherspoon kernel: jffs2: version 2.2. (SUMMARY)  © 2001-2006 Red Hat, Inc.
Jul 07 00:39:46 witherspoon kernel: Block layer SCSI generic (bsg) driver version 0.4 loaded (major 250)
Jul 07 00:39:46 witherspoon kernel: io scheduler noop registered
Jul 07 00:39:46 witherspoon kernel: io scheduler deadline registered
Jul 07 00:39:46 witherspoon kernel: io scheduler cfq registered (default)
Jul 07 00:39:46 witherspoon kernel: ipmi-bt-host 1e789140.ibt: Found bt bmc device
Jul 07 00:39:46 witherspoon kernel: ipmi-bt-host 1e789140.ibt: Using IRQ 22
Jul 07 00:39:46 witherspoon kernel: Serial: 8250/16550 driver, 6 ports, IRQ sharing enabled
Jul 07 00:39:46 witherspoon kernel: 1e783000.serial: ttyS0 at MMIO 0x1e783000 (irq = 23, base_baud = 1500000) is a 16550A
Jul 07 00:39:46 witherspoon kernel: 1e78d000.serial: ttyS1 at MMIO 0x1e78d000 (irq = 24, base_baud = 1500000) is a 16550A
Jul 07 00:39:46 witherspoon kernel: 1e784000.serial: ttyS4 at MMIO 0x1e784000 (irq = 25, base_baud = 1500000) is a 16550A
Jul 07 00:39:46 witherspoon kernel: console [ttyS4] enabled
Jul 07 00:39:46 witherspoon kernel: 1e787000.vuart: ttyS2 at MMIO 0x1e787000 (irq = 22, base_baud = 1500000) is a 16550A
Jul 07 00:39:46 witherspoon kernel: timeriomem_rng 1e6e2078.hwrng: 32bits from 0xf00e2078 @ 1us
Jul 07 00:39:46 witherspoon kernel: brd: module loaded
Jul 07 00:39:46 witherspoon kernel: loop: module loaded
Jul 07 00:39:46 witherspoon kernel: aspeed-lpc-ctrl 1e789080.lpc-ctrl: Loaded at 0x98000000 (0x04000000)
Jul 07 00:39:46 witherspoon kernel: aspeed-smc 1e620000.flash-controller: Using IRQ 18
Jul 07 00:39:46 witherspoon kernel: aspeed-smc 1e620000.flash-controller: DMA support disabled.
Jul 07 00:39:46 witherspoon kernel: aspeed-smc 1e620000.flash-controller: mx25l25635e (32768 Kbytes)
Jul 07 00:39:46 witherspoon kernel: aspeed-smc 1e620000.flash-controller: CE0 window [ 0x20000000 - 0x22000000 ] 32MB
Jul 07 00:39:46 witherspoon kernel: aspeed-smc 1e620000.flash-controller: CE1 window [ 0x22000000 - 0x2a000000 ] 128MB
Jul 07 00:39:46 witherspoon kernel: 5 ofpart partitions found on MTD device bmc
Jul 07 00:39:46 witherspoon kernel: Creating 5 MTD partitions on "bmc":
Jul 07 00:39:46 witherspoon kernel: 0x000000000000-0x000000060000 : "u-boot"
Jul 07 00:39:46 witherspoon kernel: 0x000000060000-0x000000080000 : "u-boot-env"
Jul 07 00:39:46 witherspoon kernel: 0x000000080000-0x0000004c0000 : "kernel"
Jul 07 00:39:46 witherspoon kernel: 0x0000004c0000-0x000001c00000 : "rofs"
Jul 07 00:39:46 witherspoon kernel: 0x000001c00000-0x000002000000 : "rwfs"
Jul 07 00:39:46 witherspoon kernel: aspeed-smc 1e620000.flash-controller: mx25l25635e (32768 Kbytes)
Jul 07 00:39:46 witherspoon kernel: aspeed-smc 1e620000.flash-controller: CE1 window [ 0x22000000 - 0x24000000 ] 32MB
Jul 07 00:39:46 witherspoon kernel: aspeed-smc 1e620000.flash-controller: CE2 window [ 0x24000000 - 0x2c000000 ] 128MB
Jul 07 00:39:46 witherspoon kernel: aspeed-smc 1e630000.flash-controller: mx66l1g45g (131072 Kbytes)
Jul 07 00:39:46 witherspoon kernel: aspeed-smc 1e630000.flash-controller: CE0 window resized to 120MB (AST2500 HW quirk)
Jul 07 00:39:46 witherspoon kernel: aspeed-smc 1e630000.flash-controller: CE0 window [ 0x30000000 - 0x37800000 ] 120MB
Jul 07 00:39:46 witherspoon kernel: aspeed-smc 1e630000.flash-controller: CE0 window too small for chip 128MB
Jul 07 00:39:46 witherspoon kernel: aspeed-smc 1e630000.flash-controller: CE1 window [ 0x37800000 - 0x38000000 ] 8MB
Jul 07 00:39:46 witherspoon kernel: libphy: Fixed MDIO Bus: probed
Jul 07 00:39:46 witherspoon kernel: ftgmac100 1e660000.ethernet: Read MAC address 70:e2:84:14:23:e1 from chip
Jul 07 00:39:46 witherspoon kernel: ftgmac100 1e660000.ethernet: Using NCSI interface
Jul 07 00:39:46 witherspoon kernel: ftgmac100 1e660000.ethernet eth0: irq 20, mapped at f0060000
Jul 07 00:39:46 witherspoon kernel: ehci_hcd: USB 2.0 'Enhanced' Host Controller (EHCI) Driver
Jul 07 00:39:46 witherspoon kernel: ehci-platform: EHCI generic platform driver
Jul 07 00:39:46 witherspoon kernel:  fsi0: can't read slave 00:00 -5
Jul 07 00:39:46 witherspoon kernel: i2c /dev entries driver
Jul 07 00:39:46 witherspoon kernel: aspeed-i2c-bus 1e78a0c0.i2c-bus: i2c bus 2 registered, irq 26
Jul 07 00:39:46 witherspoon kernel: aspeed-i2c-bus 1e78a100.i2c-bus: i2c bus 3 registered, irq 27
Jul 07 00:39:46 witherspoon kernel: aspeed-i2c-bus 1e78a140.i2c-bus: i2c bus 4 registered, irq 28
Jul 07 00:39:46 witherspoon kernel: aspeed-i2c-bus 1e78a180.i2c-bus: i2c bus 5 registered, irq 29
Jul 07 00:39:46 witherspoon kernel: aspeed-i2c-bus 1e78a380.i2c-bus: i2c bus 9 registered, irq 30
Jul 07 00:39:46 witherspoon kernel: aspeed-i2c-bus 1e78a3c0.i2c-bus: i2c bus 10 registered, irq 31
Jul 07 00:39:46 witherspoon kernel: rtc-rv8803 11-0032: Voltage low, temperature compensation stopped.
Jul 07 00:39:46 witherspoon kernel: rtc-rv8803 11-0032: An alarm maybe have been missed.
Jul 07 00:39:46 witherspoon kernel: rtc-rv8803 11-0032: rtc core: registered rx8900 as rtc0
Jul 07 00:39:46 witherspoon kernel: at24 11-0051: 8192 byte 24c64 EEPROM, writable, 1 bytes/write
Jul 07 00:39:46 witherspoon kernel: aspeed-i2c-bus 1e78a400.i2c-bus: i2c bus 11 registered, irq 32
Jul 07 00:39:46 witherspoon kernel: aspeed-i2c-bus 1e78a440.i2c-bus: i2c bus 12 registered, irq 33
Jul 07 00:39:46 witherspoon kernel: aspeed-i2c-bus 1e78a480.i2c-bus: i2c bus 13 registered, irq 34
Jul 07 00:39:46 witherspoon kernel: Driver for 1-wire Dallas network protocol.
Jul 07 00:39:46 witherspoon kernel: lm75 9-004a: hwmon0: sensor 'tmp275'
Jul 07 00:39:46 witherspoon kernel: random: fast init done
Jul 07 00:39:46 witherspoon kernel: ucd9000 11-0064: Device ID UCD90160|2.3.4.0000|110603
Jul 07 00:39:46 witherspoon kernel: leds-pca955x 11-0060: leds-pca955x: Using pca9552 16-bit LED driver at slave address 0x60
Jul 07 00:39:46 witherspoon kernel: leds-pca955x 11-0060: gpios 264...279
Jul 07 00:39:46 witherspoon kernel: usbcore: registered new interface driver usbhid
Jul 07 00:39:46 witherspoon kernel: usbhid: USB HID core driver
Jul 07 00:39:46 witherspoon kernel: dps310: probe of 3-0076 failed with error -5
Jul 07 00:39:46 witherspoon kernel: NET: Registered protocol family 10
Jul 07 00:39:46 witherspoon kernel: Segment Routing with IPv6
Jul 07 00:39:46 witherspoon kernel: NET: Registered protocol family 17
Jul 07 00:39:46 witherspoon kernel: console [netcon0] enabled
Jul 07 00:39:46 witherspoon kernel: netconsole: network logging started
Jul 07 00:39:46 witherspoon kernel: input: gpio-keys as /devices/platform/gpio-keys/input/input0
Jul 07 00:39:46 witherspoon kernel: rtc-rv8803 11-0032: setting system clock to 2017-07-07 00:39:38 UTC (1499387978)
Jul 07 00:39:46 witherspoon kernel: Freeing unused kernel memory: 276K
Jul 07 00:39:46 witherspoon kernel: This architecture does not have kernel memory protection.
Jul 07 00:39:46 witherspoon kernel: jffs2: notice: (514) jffs2_build_xattr_subsystem: complete building xattr subsystem, 0 of xdatum (0 unchecked, 0 orphan) and 0 of xref (0 dead, 0 orphan) found.
Jul 07 00:39:46 witherspoon systemd[1]: Failed to insert module 'autofs4': No such file or directory
Jul 07 00:39:46 witherspoon systemd[1]: systemd 232 running in system mode. (+PAM -AUDIT -SELINUX -IMA -APPARMOR -SMACK +SYSVINIT -UTMP -LIBCRYPTSETUP -GCRYPT -GNUTLS +ACL +XZ -LZ4 -SECCOMP +BLKID -ELFUTILS +KMOD -IDN)
Jul 07 00:39:46 witherspoon systemd[1]: Detected architecture arm.
Jul 07 00:39:46 witherspoon systemd[1]: Set hostname to <witherspoon>.
Jul 07 00:39:46 witherspoon systemd[1]: Started Dispatch Password Requests to Console Directory Watch.
Jul 07 00:39:46 witherspoon systemd[1]: Started Forward Password Requests to Wall Directory Watch.
Jul 07 00:39:46 witherspoon systemd[1]: Listening on Syslog Socket.
Jul 07 00:39:46 witherspoon systemd[1]: Listening on Journal Socket (/dev/log).
Jul 07 00:39:46 witherspoon systemd[1]: Listening on udev Control Socket.
Jul 07 00:39:46 witherspoon systemd[1]: Reached target Swap.
Jul 07 00:39:46 witherspoon systemd[1]: Listening on Journal Socket.
Jul 07 00:39:46 witherspoon systemd-journald[534]: Journal started
Jul 07 00:39:46 witherspoon systemd-journald[534]: Runtime journal (/run/log/journal/169f9b5a822f4338824a4e146beb5550) is 0B, max 0B, 0B free.
Jul 07 00:39:47 witherspoon systemd[1]: Starting Apply Kernel Variables...
Jul 07 00:39:47 witherspoon systemd-sysctl[639]: Couldn't write '16' to 'kernel/sysrq', ignoring: No such file or directory
Jul 07 00:39:47 witherspoon systemd-sysctl[639]: Couldn't write 'fq_codel' to 'net/core/default_qdisc', ignoring: No such file or directory
Jul 07 00:39:47 witherspoon systemd[1]: Reached target Slices.
Jul 07 00:39:48 witherspoon systemd[1]: Created slice system-org.openbmc.control.Power.slice.
Jul 07 00:39:48 witherspoon systemd[1]: Created slice system-org.openbmc.control.Chassis.slice.
Jul 07 00:39:48 witherspoon systemd[1]: Mounting Debug File System...
Jul 07 00:39:48 witherspoon systemd[1]: Created slice system-phosphor\x2dreset\x2dhost\x2drunning.slice.
Jul 07 00:39:49 witherspoon systemd[1]: Mounted Debug File System.
Jul 07 00:39:49 witherspoon systemd[1]: Mounted Temporary Directory.
Jul 07 00:39:49 witherspoon systemd[1]: Started Journal Service.
Jul 07 00:39:49 witherspoon systemd[1]: Started Remount Root and Kernel File Systems.
Jul 07 00:39:49 witherspoon systemd[1]: Started Apply Kernel Variables.
Jul 07 00:39:49 witherspoon systemd[1]: Starting Create System Users...
Jul 07 00:39:49 witherspoon systemd[1]: Starting Flush Journal to Persistent Storage...
Jul 07 00:39:50 witherspoon systemd[1]: Started udev Coldplug all Devices.
Jul 07 00:39:50 witherspoon systemd[1]: Started Create System Users.
Jul 07 00:39:51 witherspoon systemd[1]: Starting Create Static Device Nodes in /dev...
Jul 07 00:39:51 witherspoon systemd-journald[534]: Runtime journal (/run/log/journal/169f9b5a822f4338824a4e146beb5550) is 0B, max 0B, 0B free.
Jul 07 00:39:51 witherspoon systemd[1]: Started Flush Journal to Persistent Storage.
Jul 07 00:39:51 witherspoon systemd[1]: Started Create Static Device Nodes in /dev.
Jul 07 00:39:51 witherspoon systemd[1]: Reached target Local File Systems (Pre).
Jul 07 00:39:52 witherspoon systemd[1]: Mounting /var/volatile...
Jul 07 00:39:52 witherspoon systemd[1]: Starting udev Kernel Device Manager...
Jul 07 00:39:52 witherspoon systemd[1]: Mounted /var/volatile.
Jul 07 00:39:52 witherspoon systemd[1]: Reached target Local File Systems.
Jul 07 00:39:52 witherspoon systemd[1]: Starting Rebuild Journal Catalog...
Jul 07 00:39:52 witherspoon systemd[1]: Starting Create Volatile Files and Directories...
Jul 07 00:39:52 witherspoon systemd[1]: Starting Load/Save Random Seed...
Jul 07 00:39:52 witherspoon systemd[1]: Started Rebuild Journal Catalog.
Jul 07 00:39:52 witherspoon systemd[1]: Starting Update is Completed...
Jul 07 00:39:52 witherspoon systemd-tmpfiles[876]: "/var/tmp" already exists and is not a directory.
Jul 07 00:39:52 witherspoon systemd-tmpfiles[876]: "/var/log" already exists and is not a directory.
Jul 07 00:39:52 witherspoon systemd[1]: Started Load/Save Random Seed.
Jul 07 00:39:53 witherspoon systemd[1]: Started udev Kernel Device Manager.
Jul 07 00:39:53 witherspoon systemd[1]: Started Create Volatile Files and Directories.
Jul 07 00:39:53 witherspoon systemd[1]: Started Update is Completed.
Jul 07 00:39:53 witherspoon systemd[1]: Starting Run pending postinsts...
Jul 07 00:39:53 witherspoon systemd[1]: Starting Network Time Synchronization...
Jul 07 00:39:54 witherspoon run-postinsts[893]: Running postinst /etc/rpm-postinsts/libglib-2.0-0...
Jul 07 00:39:55 witherspoon systemd[1]: Started Network Time Synchronization.
Jul 07 00:39:55 witherspoon systemd[1]: Found device /dev/aspeed-lpc-ctrl.
Jul 07 00:39:55 witherspoon systemd[1]: Found device /dev/aspeed-mbox.
Jul 07 00:39:55 witherspoon systemd[1]: Found device /dev/ttyS4.
Jul 07 00:39:55 witherspoon systemd[1]: Found device /dev/ttyVUART0.
Jul 07 00:39:57 witherspoon systemd[1]: Created slice system-xyz.openbmc_project.led.controller.slice.
Jul 07 00:39:57 witherspoon systemd[1]: dev-hugepages.mount: Couldn't determine result for ConditionVirtualization=!private-users, assuming failed: No such file or directory
Jul 07 00:39:57 witherspoon systemd[1]: Created slice system-xyz.openbmc_project.Hwmon.slice.
Jul 07 00:39:57 witherspoon run-postinsts[893]: rm: can't remove '/etc/rpm-postinsts': Invalid argument
Jul 07 00:39:57 witherspoon run-postinsts[893]:  Removing any system startup links for run-postinsts ...
Jul 07 00:39:57 witherspoon systemd[1]: Reached target System Time Synchronized.
Jul 07 00:39:58 witherspoon systemctl[914]: Removed /etc/systemd/system/sysinit.target.wants/run-postinsts.service.
Jul 07 00:39:58 witherspoon systemd[1]: Reloading.
Jul 07 00:40:00 witherspoon systemd[1]: Started Run pending postinsts.
Jul 07 00:40:00 witherspoon systemd[1]: Reached target System Initialization.
Jul 07 00:40:00 witherspoon systemd[1]: Listening on phosphor-ipmi-net.socket.
Jul 07 00:40:00 witherspoon systemd[1]: Started Daily Cleanup of Temporary Directories.
Jul 07 00:40:01 witherspoon systemd[1]: Reached target Timers.
Jul 07 00:40:01 witherspoon systemd[1]: Listening on Phosphor DBUS Browser socket.
Jul 07 00:40:01 witherspoon systemd[1]: Listening on D-Bus System Message Bus Socket.
Jul 07 00:40:01 witherspoon systemd[1]: Listening on dropbear.socket.
Jul 07 00:40:01 witherspoon systemd[1]: Listening on Phosphor Webserver socket.
Jul 07 00:40:01 witherspoon systemd[1]: Listening on Phosphor Host Console SSH Per-Connection socket.
Jul 07 00:40:01 witherspoon systemd[1]: Listening on Avahi mDNS/DNS-SD Stack Activation Socket.
Jul 07 00:40:01 witherspoon systemd[1]: Reached target Sockets.
Jul 07 00:40:01 witherspoon systemd[1]: Reached target Basic System.
Jul 07 00:40:01 witherspoon systemd[1]: Starting Phosphor Inventory Manager...
Jul 07 00:40:01 witherspoon systemd[1]: Started Phosphor Hwmon Poller.
Jul 07 00:40:01 witherspoon systemd[1]: Starting Phosphor Sensor Manager...
Jul 07 00:40:01 witherspoon systemd[1]: Started Phosphor Hwmon Poller.
Jul 07 00:40:01 witherspoon systemd[1]: Starting Avahi mDNS/DNS-SD Stack...
Jul 07 00:40:01 witherspoon systemd[1]: Starting Phosphor Network Manager...
Jul 07 00:40:01 witherspoon systemd[1]: Starting Phosphor Dump Manager...
Jul 07 00:40:01 witherspoon systemd[1]: Starting Phosphor Log Manager...
Jul 07 00:40:01 witherspoon systemd[1]: Starting OpenBMC Software Update Manager...
Jul 07 00:40:01 witherspoon systemd[1]: Started Phosphor Hwmon Poller.
Jul 07 00:40:01 witherspoon systemd[1]: Started D-Bus System Message Bus.
Jul 07 00:40:03 witherspoon avahi-daemon[929]: Found user 'avahi' (UID 998) and group 'avahi' (GID 997).
Jul 07 00:40:03 witherspoon avahi-daemon[929]: Successfully dropped root privileges.
Jul 07 00:40:03 witherspoon avahi-daemon[929]: avahi-daemon 0.6.32 starting up.
Jul 07 00:40:05 witherspoon avahi-daemon[929]: Successfully called chroot().
Jul 07 00:40:05 witherspoon avahi-daemon[929]: Successfully dropped remaining capabilities.
Jul 07 00:40:05 witherspoon avahi-daemon[929]: Loading service file /services/obmc_console.service.
Jul 07 00:40:05 witherspoon avahi-daemon[929]: Loading service file /services/phosphor_rest.service.
Jul 07 00:40:05 witherspoon avahi-daemon[929]: Loading service file /services/sftp-ssh.service.
Jul 07 00:40:05 witherspoon avahi-daemon[929]: Loading service file /services/sftp.service.
Jul 07 00:40:05 witherspoon avahi-daemon[929]: Loading service file /services/ssh.service.
Jul 07 00:40:05 witherspoon systemd[1]: Started Avahi mDNS/DNS-SD Stack.
Jul 07 00:40:05 witherspoon avahi-daemon[929]: Network interface enumeration completed.
Jul 07 00:40:05 witherspoon avahi-daemon[929]: Server startup complete. Host name is witherspoon.local. Local service cookie is 280537712.
Jul 07 00:40:05 witherspoon systemd[1]: Started Phosphor Dump Manager.
Jul 07 00:40:05 witherspoon avahi-daemon[929]: Service "witherspoon" (/services/ssh.service) successfully established.
Jul 07 00:40:05 witherspoon avahi-daemon[929]: Service "sftp" (/services/sftp.service) successfully established.
Jul 07 00:40:05 witherspoon avahi-daemon[929]: Service "witherspoon" (/services/sftp-ssh.service) successfully established.
Jul 07 00:40:05 witherspoon avahi-daemon[929]: Service "phosphor_rest" (/services/phosphor_rest.service) successfully established.
Jul 07 00:40:05 witherspoon avahi-daemon[929]: Service "obmc_console" (/services/obmc_console.service) successfully established.
Jul 07 00:40:05 witherspoon systemd[1]: Started OpenBMC Software Update Manager.
Jul 07 00:40:05 witherspoon systemd[1]: Starting Network Service...
Jul 07 00:40:05 witherspoon systemd[1]: Started Phosphor Hwmon Poller.
Jul 07 00:40:05 witherspoon systemd[1]: Starting Clear one time boot overrides...
Jul 07 00:40:05 witherspoon systemd[1]: Starting Phosphor User Manager...
Jul 07 00:40:05 witherspoon systemd[1]: Started Phosphor Hwmon Poller.
Jul 07 00:40:05 witherspoon systemd[1]: Started Phosphor sysfs LED controller.
Jul 07 00:40:05 witherspoon systemd[1]: Starting Phosphor Download Manager...
Jul 07 00:40:05 witherspoon systemd[1]: Started Phosphor Dump core monitor..
Jul 07 00:40:05 witherspoon systemd[1]: Started Phosphor Console Muxer listening on device /dev/ttyVUART0.
Jul 07 00:40:05 witherspoon systemd[1]: Reached target Containers.
Jul 07 00:40:06 witherspoon systemd[1]: Started Phosphor Hwmon Poller.
Jul 07 00:40:06 witherspoon systemd[1]: Starting Phosphor Inventory Manager...
Jul 07 00:40:06 witherspoon systemd[1]: Started Phosphor Hwmon Poller.
Jul 07 00:40:06 witherspoon systemd[1]: Starting Phosphor DBus Service Discovery Manager...
Jul 07 00:40:06 witherspoon systemd[1]: Started Phosphor sysfs LED controller.
Jul 07 00:40:06 witherspoon systemd[1]: Started Kernel Logging Service.
Jul 07 00:40:06 witherspoon systemd[1]: Started Hardware RNG Entropy Gatherer Daemon.
Jul 07 00:40:06 witherspoon systemd[1]: Starting OpenPower Software Update Manager...
Jul 07 00:40:06 witherspoon kernel[951]: klogd started: BusyBox v1.24.1 (2017-06-16 19:26:49 UTC)
Jul 07 00:40:06 witherspoon kernel[951]: [    0.000000] Booting Linux on physical CPU 0x0
Jul 07 00:40:06 witherspoon kernel[951]: [    0.000000] Linux version 4.10.17-990f06c35b7e119f00967e90f0514dbbd2e1b51b (jenkins@hudson) (gcc version 6.2.0 (GCC) ) #1 Thu Jul 6 20:55:18 UTC 2017
Jul 07 00:40:06 witherspoon kernel[951]: [    0.000000] CPU: ARMv6-compatible processor [410fb767] revision 7 (ARMv7), cr=00c5387d
Jul 07 00:40:06 witherspoon kernel[951]: [    0.000000] CPU: PIPT / VIPT nonaliasing data cache, VIPT nonaliasing instruction cache
Jul 07 00:40:06 witherspoon kernel[951]: [    0.000000] OF: fdt:Machine model: Witherspoon BMC
Jul 07 00:40:06 witherspoon kernel[951]: [    0.000000] Memory policy: Data cache writeback
Jul 07 00:40:06 witherspoon kernel[951]: [    0.000000] SOC Rev: 04030303
Jul 07 00:40:06 witherspoon kernel[951]: [    0.000000] On node 0 totalpages: 110592
Jul 07 00:40:06 witherspoon kernel[951]: [    0.000000] free_area_init_node: node 0, pgdat 805f33fc, node_mem_map 9ec1a000
Jul 07 00:40:06 witherspoon kernel[951]: [    0.000000]   Normal zone: 992 pages used for memmap
Jul 07 00:40:06 witherspoon kernel[951]: [    0.000000]   Normal zone: 0 pages reserved
Jul 07 00:40:06 witherspoon kernel[951]: [    0.000000]   Normal zone: 110592 pages, LIFO batch:31
Jul 07 00:40:06 witherspoon kernel[951]: [    0.000000] pcpu-alloc: s0 r0 d32768 u32768 alloc=1*32768
Jul 07 00:40:08 witherspoon kernel: random: crng init done
Jul 07 00:40:06 witherspoon systemd[1]: Starting Phosphor IPMI BT DBus Bridge...
Jul 07 00:40:06 witherspoon kernel[951]: [    0.000000] pcpu-alloc: [0] 0
Jul 07 00:40:06 witherspoon systemd[1]: Started Phosphor sysfs LED controller.
Jul 07 00:40:06 witherspoon kernel[951]: [    0.000000] Built 1 zonelists in Zone order, mobility grouping on.  Total pages: 109600
Jul 07 00:40:07 witherspoon systemd[1]: Started Phosphor Hwmon Poller.
Jul 07 00:40:06 witherspoon kernel[951]: [    0.000000] Kernel command line: console=ttyS4,115200n8 root=/dev/ram rw
Jul 07 00:40:07 witherspoon systemd[1]: Started Phosphor MBOX Daemon.
Jul 07 00:40:06 witherspoon kernel[951]: [    0.000000] PID hash table entries: 2048 (order: 1, 8192 bytes)
Jul 07 00:40:07 witherspoon systemd[1]: Starting Phosphor BMC0 Control...
Jul 07 00:40:06 witherspoon kernel[951]: [    0.000000] Dentry cache hash table entries: 65536 (order: 6, 262144 bytes)
Jul 07 00:40:07 witherspoon systemd[1]: Starting Phosphor Download Manager...
Jul 07 00:40:06 witherspoon kernel[951]: [    0.000000] Inode-cache hash table entries: 32768 (order: 5, 131072 bytes)
Jul 07 00:40:07 witherspoon systemd[1]: Starting Phosphor Chassis0 Control...
Jul 07 00:40:06 witherspoon kernel[951]: [    0.000000] Memory: 430512K/442368K available (4048K kernel code, 280K rwdata, 1172K rodata, 276K init, 111K bss, 11856K reserved, 0K cma-reserved)
Jul 07 00:40:07 witherspoon systemd[1]: Started System Logging Service.
Jul 07 00:40:06 witherspoon kernel[951]: [    0.000000] Virtual kernel memory layout:
Jul 07 00:40:07 witherspoon systemd[1]: Starting Phosphor LED Group Management Daemon...
Jul 07 00:40:06 witherspoon kernel[951]: [    0.000000]     vector  : 0xffff0000 - 0xffff1000   (   4 kB)
Jul 07 00:40:08 witherspoon systemd[1]: Started Clear one time boot overrides.
Jul 07 00:40:06 witherspoon kernel[951]: [    0.000000]     fixmap  : 0xffc00000 - 0xfff00000   (3072 kB)
Jul 07 00:40:08 witherspoon systemd[1]: Started Phosphor Log Manager.
Jul 07 00:40:06 witherspoon kernel[951]: [    0.000000]     vmalloc : 0x9f800000 - 0xff800000   (1536 MB)
Jul 07 00:40:08 witherspoon systemd[1]: Started Phosphor Inventory Manager.
Jul 07 00:40:06 witherspoon kernel[951]: [    0.000000]     lowmem  : 0x80000000 - 0x9f000000   ( 496 MB)
Jul 07 00:40:08 witherspoon systemd[1]: Started Phosphor IPMI BT DBus Bridge.
Jul 07 00:40:06 witherspoon kernel[951]: [    0.000000]       .text : 0x80008000 - 0x803fc590   (4050 kB)
Jul 07 00:40:06 witherspoon kernel[951]: [    0.000000]       .init : 0x8057b000 - 0x805c0000   ( 276 kB)
Jul 07 00:40:06 witherspoon kernel[951]: [    0.000000]       .data : 0x805c0000 - 0x806061a8   ( 281 kB)
Jul 07 00:40:06 witherspoon kernel[951]: [    0.000000]        .bss : 0x806061a8 - 0x80622078   ( 112 kB)
Jul 07 00:40:06 witherspoon kernel[951]: [    0.000000] NR_IRQS:16 nr_irqs:16 16
Jul 07 00:40:06 witherspoon kernel[951]: [    0.000000] i2c controller registered, irq 16
Jul 07 00:40:06 witherspoon kernel[951]: [    0.000000] clocksource: moxart_timer: mask: 0xffffffff max_cycles: 0xffffffff, max_idle_ns: 77222644334 ns
Jul 07 00:40:06 witherspoon kernel[951]: [    0.000000] sched_clock: 32 bits at 100 Hz, resolution 10000000ns, wraps every 21474836475000000ns
Jul 07 00:40:06 witherspoon kernel[951]: [    0.090000] Calibrating delay loop... 789.70 BogoMIPS (lpj=3948544)
Jul 07 00:40:06 witherspoon kernel[951]: [    0.090000] pid_max: default: 32768 minimum: 301
Jul 07 00:40:06 witherspoon kernel[951]: [    0.090000] Mount-cache hash table entries: 1024 (order: 0, 4096 bytes)
Jul 07 00:40:10 witherspoon systemd[1]: Started Phosphor LED Group Management Daemon.
Jul 07 00:40:06 witherspoon kernel[951]: [    0.090000] Mountpoint-cache hash table entries: 1024 (order: 0, 4096 bytes)
Jul 07 00:40:10 witherspoon systemd[1]: Started Phosphor Download Manager.
Jul 07 00:40:06 witherspoon kernel[951]: [    0.090000] CPU: Testing write buffer coherency: ok
Jul 07 00:40:10 witherspoon systemd[1]: Started OpenPower Software Update Manager.
Jul 07 00:40:06 witherspoon kernel[951]: [    0.090000] ftrace: allocating 14867 entries in 44 pages
Jul 07 00:40:06 witherspoon kernel[951]: [    0.120000] Setting up static identity map for 0x80008200 - 0x8000825c
Jul 07 00:40:06 witherspoon kernel[951]: [    0.120000] devtmpfs: initialized
Jul 07 00:40:06 witherspoon kernel[951]: [    0.130000] clocksource: jiffies: mask: 0xffffffff max_cycles: 0xffffffff, max_idle_ns: 19112604462750000 ns
Jul 07 00:40:06 witherspoon kernel[951]: [    0.130000] futex hash table entries: 256 (order: -1, 3072 bytes)
Jul 07 00:40:06 witherspoon kernel[951]: [    0.130000] pinctrl core: initialized pinctrl subsystem
Jul 07 00:40:06 witherspoon kernel[951]: [    0.140000] NET: Registered protocol family 16
Jul 07 00:40:06 witherspoon kernel[951]: [    0.140000] DMA: preallocated 256 KiB pool for atomic coherent allocations
Jul 07 00:40:10 witherspoon systemd[1]: Starting Phosphor Version Software Manager...
Jul 07 00:40:06 witherspoon kernel[951]: [    0.210000] usbcore: registered new interface driver usbfs
Jul 07 00:40:12 witherspoon systemd-networkd[937]: Enumeration completed
Jul 07 00:40:06 witherspoon kernel[951]: [    0.210000] usbcore: registered new interface driver hub
Jul 07 00:40:12 witherspoon systemd[1]: Started Network Service.
Jul 07 00:40:06 witherspoon kernel[951]: [    0.210000] usbcore: registered new device driver usb
Jul 07 00:40:06 witherspoon kernel[951]: [    0.210000] clocksource: Switched to clocksource moxart_timer
Jul 07 00:40:06 witherspoon kernel[951]: [    0.220000] NET: Registered protocol family 2
Jul 07 00:40:06 witherspoon kernel[951]: [    0.220000] TCP established hash table entries: 4096 (order: 2, 16384 bytes)
Jul 07 00:40:06 witherspoon kernel[951]: [    0.220000] TCP bind hash table entries: 4096 (order: 2, 16384 bytes)
Jul 07 00:40:06 witherspoon kernel[951]: [    0.220000] TCP: Hash tables configured (established 4096 bind 4096)
Jul 07 00:40:06 witherspoon kernel[951]: [    0.220000] UDP hash table entries: 256 (order: 0, 4096 bytes)
Jul 07 00:40:06 witherspoon kernel[951]: [    0.220000] UDP-Lite hash table entries: 256 (order: 0, 4096 bytes)
Jul 07 00:40:06 witherspoon kernel[951]: [    0.220000] NET: Registered protocol family 1
Jul 07 00:40:12 witherspoon systemd[1]: Reached target Network.
Jul 07 00:40:06 witherspoon kernel[951]: [    0.230000] Trying to unpack rootfs image as initramfs...
Jul 07 00:40:12 witherspoon systemd-networkd[937]: eth0: IPv6 enabled for interface: Success
Jul 07 00:40:06 witherspoon kernel[951]: [    1.900000] Freeing initrd memory: 1544K
Jul 07 00:40:12 witherspoon systemd[1]: Started Lightweight SLP Server.
Jul 07 00:40:06 witherspoon kernel[951]: [    1.900000] workingset: timestamp_bits=30 max_order=17 bucket_order=0
Jul 07 00:40:12 witherspoon systemd[1]: Starting Permit User Sessions...
Jul 07 00:40:06 witherspoon kernel[951]: [    1.900000] squashfs: version 4.0 (2009/01/31) Phillip Lougher
Jul 07 00:40:12 witherspoon systemd-networkd[937]: eth0: Gained carrier
Jul 07 00:40:06 witherspoon kernel[951]: [    1.900000] jffs2: version 2.2. (SUMMARY)  © 2001-2006 Red Hat, Inc.
Jul 07 00:40:12 witherspoon systemd-timesyncd[894]: Network configuration changed, trying to establish connection.
Jul 07 00:40:06 witherspoon kernel[951]: [    1.900000] Block layer SCSI generic (bsg) driver version 0.4 loaded (major 250)
Jul 07 00:40:12 witherspoon systemd[1]: Started Permit User Sessions.
Jul 07 00:40:06 witherspoon kernel[951]: [    1.900000] io scheduler noop registered
Jul 07 00:40:12 witherspoon systemd[1]: Started Serial Getty on ttyS4.
Jul 07 00:40:06 witherspoon kernel[951]: [    1.900000] io scheduler deadline registered
Jul 07 00:40:13 witherspoon systemd[1]: Reached target Login Prompts.
Jul 07 00:40:06 witherspoon kernel[951]: [    1.900000] io scheduler cfq registered (default)
Jul 07 00:40:13 witherspoon systemd[1]: Reached target Multi-User System.
Jul 07 00:40:06 witherspoon kernel[951]: [    2.050000] ipmi-bt-host 1e789140.ibt: Found bt bmc device
Jul 07 00:40:13 witherspoon systemd[1]: Started Phosphor Version Software Manager.
Jul 07 00:40:06 witherspoon kernel[951]: [    2.050000] ipmi-bt-host 1e789140.ibt: Using IRQ 22
Jul 07 00:40:13 witherspoon systemd-networkd[937]: eth0: Gained IPv6LL
Jul 07 00:40:06 witherspoon kernel[951]: [    2.050000] Serial: 8250/16550 driver, 6 ports, IRQ sharing enabled
Jul 07 00:40:06 witherspoon kernel[951]: [    2.050000] 1e783000.serial: ttyS0 at MMIO 0x1e783000 (irq = 23, base_baud = 1500000) is a 16550A
Jul 07 00:40:06 witherspoon kernel[951]: [    2.050000] 1e78d000.serial: ttyS1 at MMIO 0x1e78d000 (irq = 24, base_baud = 1500000) is a 16550A
Jul 07 00:40:06 witherspoon kernel[951]: [    2.050000] 1e784000.serial: ttyS4 at MMIO 0x1e784000 (irq = 25, base_baud = 1500000) is a 16550A
Jul 07 00:40:06 witherspoon kernel[951]: [    2.400000] console [ttyS4] enabled
Jul 07 00:40:14 witherspoon systemd[1]: Started Phosphor BMC0 Control.
Jul 07 00:40:06 witherspoon kernel[951]: [    2.400000] 1e787000.vuart: ttyS2 at MMIO 0x1e787000 (irq = 22, base_baud = 1500000) is a 16550A
Jul 07 00:40:06 witherspoon kernel[951]: [    2.590000] timeriomem_rng 1e6e2078.hwrng: 32bits from 0xf00e2078 @ 1us
Jul 07 00:40:06 witherspoon kernel[951]: [    2.610000] brd: module loaded
Jul 07 00:40:06 witherspoon kernel[951]: [    2.640000] loop: module loaded
Jul 07 00:40:06 witherspoon kernel[951]: [    2.640000] aspeed-lpc-ctrl 1e789080.lpc-ctrl: Loaded at 0x98000000 (0x04000000)
Jul 07 00:40:06 witherspoon kernel[951]: [    2.670000] aspeed-smc 1e620000.flash-controller: Using IRQ 18
Jul 07 00:40:06 witherspoon kernel[951]: [    2.670000] aspeed-smc 1e620000.flash-controller: DMA support disabled.
Jul 07 00:40:06 witherspoon kernel[951]: [    2.670000] aspeed-smc 1e620000.flash-controller: mx25l25635e (32768 Kbytes)
Jul 07 00:40:06 witherspoon kernel[951]: [    2.670000] aspeed-smc 1e620000.flash-controller: CE0 window [ 0x20000000 - 0x22000000 ] 32MB
Jul 07 00:40:06 witherspoon kernel[951]: [    2.670000] aspeed-smc 1e620000.flash-controller: CE1 window [ 0x22000000 - 0x2a000000 ] 128MB
Jul 07 00:40:06 witherspoon kernel[951]: [    2.710000] 5 ofpart partitions found on MTD device bmc
Jul 07 00:40:06 witherspoon kernel[951]: [    2.710000] Creating 5 MTD partitions on "bmc":
Jul 07 00:40:06 witherspoon kernel[951]: [    2.710000] 0x000000000000-0x000000060000 : "u-boot"
Jul 07 00:40:06 witherspoon kernel[951]: [    2.710000] 0x000000060000-0x000000080000 : "u-boot-env"
Jul 07 00:40:06 witherspoon kernel[951]: [    2.710000] 0x000000080000-0x0000004c0000 : "kernel"
Jul 07 00:40:06 witherspoon kernel[951]: [    2.710000] 0x0000004c0000-0x000001c00000 : "rofs"
Jul 07 00:40:06 witherspoon kernel[951]: [    2.760000] 0x000001c00000-0x000002000000 : "rwfs"
Jul 07 00:40:06 witherspoon kernel[951]: [    2.760000] aspeed-smc 1e620000.flash-controller: mx25l25635e (32768 Kbytes)
Jul 07 00:40:06 witherspoon kernel[951]: [    2.760000] aspeed-smc 1e620000.flash-controller: CE1 window [ 0x22000000 - 0x24000000 ] 32MB
Jul 07 00:40:06 witherspoon kernel[951]: [    2.760000] aspeed-smc 1e620000.flash-controller: CE2 window [ 0x24000000 - 0x2c000000 ] 128MB
Jul 07 00:40:06 witherspoon kernel[951]: [    2.760000] aspeed-smc 1e630000.flash-controller: mx66l1g45g (131072 Kbytes)
Jul 07 00:40:06 witherspoon kernel[951]: [    2.760000] aspeed-smc 1e630000.flash-controller: CE0 window resized to 120MB (AST2500 HW quirk)
Jul 07 00:40:06 witherspoon kernel[951]: [    2.820000] aspeed-smc 1e630000.flash-controller: CE0 window [ 0x30000000 - 0x37800000 ] 120MB
Jul 07 00:40:06 witherspoon kernel[951]: [    2.820000] aspeed-smc 1e630000.flash-controller: CE0 window too small for chip 128MB
Jul 07 00:40:06 witherspoon kernel[951]: [    2.820000] aspeed-smc 1e630000.flash-controller: CE1 window [ 0x37800000 - 0x38000000 ] 8MB
Jul 07 00:40:16 witherspoon kernel: ftgmac100 1e660000.ethernet eth0: NCSI interface up
Jul 07 00:40:06 witherspoon kernel[951]: [    3.560000] libphy: Fixed MDIO Bus: probed
Jul 07 00:40:06 witherspoon kernel[951]: [    3.560000] ftgmac100 1e660000.ethernet: Read MAC address 70:e2:84:14:23:e1 from chip
Jul 07 00:40:06 witherspoon kernel[951]: [    3.560000] ftgmac100 1e660000.ethernet: Using NCSI interface
Jul 07 00:40:06 witherspoon kernel[951]: [    3.560000] ftgmac100 1e660000.ethernet eth0: irq 20, mapped at f0060000
Jul 07 00:40:06 witherspoon kernel[951]: [    3.560000] ehci_hcd: USB 2.0 'Enhanced' Host Controller (EHCI) Driver
Jul 07 00:40:06 witherspoon kernel[951]: [    3.560000] ehci-platform: EHCI generic platform driver
Jul 07 00:40:06 witherspoon kernel[951]: [    3.810000]  fsi0: can't read slave 00:00 -5
Jul 07 00:40:06 witherspoon kernel[951]: [    3.810000] i2c /dev entries driver
Jul 07 00:40:06 witherspoon kernel[951]: [    3.810000] aspeed-i2c-bus 1e78a0c0.i2c-bus: i2c bus 2 registered, irq 26
Jul 07 00:40:06 witherspoon kernel[951]: [    3.810000] aspeed-i2c-bus 1e78a100.i2c-bus: i2c bus 3 registered, irq 27
Jul 07 00:40:06 witherspoon kernel[951]: [    3.810000] aspeed-i2c-bus 1e78a140.i2c-bus: i2c bus 4 registered, irq 28
Jul 07 00:40:06 witherspoon kernel[951]: [    3.810000] aspeed-i2c-bus 1e78a180.i2c-bus: i2c bus 5 registered, irq 29
Jul 07 00:40:06 witherspoon kernel[951]: [    3.810000] aspeed-i2c-bus 1e78a380.i2c-bus: i2c bus 9 registered, irq 30
Jul 07 00:40:06 witherspoon kernel[951]: [    3.810000] aspeed-i2c-bus 1e78a3c0.i2c-bus: i2c bus 10 registered, irq 31
Jul 07 00:40:06 witherspoon kernel[951]: [    3.810000] rtc-rv8803 11-0032: Voltage low, temperature compensation stopped.
Jul 07 00:40:06 witherspoon kernel[951]: [    3.810000] rtc-rv8803 11-0032: An alarm maybe have been missed.
Jul 07 00:40:06 witherspoon kernel[951]: [    3.910000] rtc-rv8803 11-0032: rtc core: registered rx8900 as rtc0
Jul 07 00:40:06 witherspoon kernel[951]: [    3.920000] at24 11-0051: 8192 byte 24c64 EEPROM, writable, 1 bytes/write
Jul 07 00:40:06 witherspoon kernel[951]: [    3.930000] aspeed-i2c-bus 1e78a400.i2c-bus: i2c bus 11 registered, irq 32
Jul 07 00:40:06 witherspoon kernel[951]: [    3.930000] aspeed-i2c-bus 1e78a440.i2c-bus: i2c bus 12 registered, irq 33
Jul 07 00:40:06 witherspoon kernel[951]: [    3.950000] aspeed-i2c-bus 1e78a480.i2c-bus: i2c bus 13 registered, irq 34
Jul 07 00:40:06 witherspoon kernel[951]: [    3.950000] Driver for 1-wire Dallas network protocol.
Jul 07 00:40:06 witherspoon kernel[951]: [    3.950000] lm75 9-004a: hwmon0: sensor 'tmp275'
Jul 07 00:40:06 witherspoon kernel[951]: [    3.990000] random: fast init done
Jul 07 00:40:06 witherspoon kernel[951]: [    4.380000] ucd9000 11-0064: Device ID UCD90160|2.3.4.0000|110603
Jul 07 00:40:06 witherspoon kernel[951]: [    4.710000] leds-pca955x 11-0060: leds-pca955x: Using pca9552 16-bit LED driver at slave address 0x60
Jul 07 00:40:06 witherspoon kernel[951]: [    4.730000] leds-pca955x 11-0060: gpios 264...279
Jul 07 00:40:06 witherspoon kernel[951]: [    4.730000] usbcore: registered new interface driver usbhid
Jul 07 00:40:06 witherspoon kernel[951]: [    4.740000] usbhid: USB HID core driver
Jul 07 00:40:06 witherspoon kernel[951]: [    4.780000] dps310: probe of 3-0076 failed with error -5
Jul 07 00:40:06 witherspoon kernel[951]: [    4.780000] NET: Registered protocol family 10
Jul 07 00:40:06 witherspoon kernel[951]: [    4.790000] Segment Routing with IPv6
Jul 07 00:40:06 witherspoon kernel[951]: [    4.790000] NET: Registered protocol family 17
Jul 07 00:40:06 witherspoon kernel[951]: [    4.790000] console [netcon0] enabled
Jul 07 00:40:06 witherspoon kernel[951]: [    4.790000] netconsole: network logging started
Jul 07 00:40:06 witherspoon kernel[951]: [    4.810000] input: gpio-keys as /devices/platform/gpio-keys/input/input0
Jul 07 00:40:06 witherspoon kernel[951]: [    4.820000] rtc-rv8803 11-0032: setting system clock to 2017-07-07 00:39:38 UTC (1499387978)
Jul 07 00:40:06 witherspoon kernel[951]: [    4.830000] Freeing unused kernel memory: 276K
Jul 07 00:40:06 witherspoon kernel[951]: [    4.830000] This architecture does not have kernel memory protection.
Jul 07 00:40:06 witherspoon kernel[951]: [    6.290000] jffs2: notice: (514) jffs2_build_xattr_subsystem: complete building xattr subsystem, 0 of xdatum (0 unchecked, 0 orphan) and 0 of xref (0 dead, 0 orphan) found.
Jul 07 00:40:06 witherspoon kernel[951]: [    8.450000] systemd[1]: Failed to insert module 'autofs4': No such file or directory
Jul 07 00:40:06 witherspoon kernel[951]: [    8.670000] systemd[1]: systemd 232 running in system mode. (+PAM -AUDIT -SELINUX -IMA -APPARMOR -SMACK +SYSVINIT -UTMP -LIBCRYPTSETUP -GCRYPT -GNUTLS +ACL +XZ -LZ4 -SECCOMP +BLKID -ELFUTILS +KMOD -IDN)
Jul 07 00:40:06 witherspoon kernel[951]: [    8.670000] systemd[1]: Detected architecture arm.
Jul 07 00:40:06 witherspoon kernel[951]: [    8.840000] systemd[1]: Set hostname to <witherspoon>.
Jul 07 00:40:06 witherspoon kernel[951]: [   10.280000] systemd[1]: Started Dispatch Password Requests to Console Directory Watch.
Jul 07 00:40:06 witherspoon kernel[951]: [   10.410000] systemd[1]: Started Forward Password Requests to Wall Directory Watch.
Jul 07 00:40:06 witherspoon kernel[951]: [   10.460000] systemd[1]: Listening on Syslog Socket.
Jul 07 00:40:06 witherspoon kernel[951]: [   10.490000] systemd[1]: Listening on Journal Socket (/dev/log).
Jul 07 00:40:06 witherspoon kernel[951]: [   10.520000] systemd[1]: Listening on udev Control Socket.
Jul 07 00:40:06 witherspoon kernel[951]: [   10.560000] systemd[1]: Reached target Swap.
Jul 07 00:40:06 witherspoon kernel[951]: [   10.610000] systemd[1]: Listening on Journal Socket.
Jul 07 00:40:06 witherspoon kernel[951]: [   13.730000] systemd[1]: Starting Apply Kernel Variables...
Jul 07 00:40:06 witherspoon kernel[951]: [   13.940000] systemd[1]: Reached target Slices.
Jul 07 00:40:06 witherspoon kernel[951]: [   14.160000] systemd[1]: Created slice system-org.openbmc.control.Power.slice.
Jul 07 00:40:06 witherspoon kernel[951]: [   14.390000] systemd[1]: Created slice system-org.openbmc.control.Chassis.slice.
Jul 07 00:40:06 witherspoon kernel[951]: [   14.620000] systemd[1]: Mounting Debug File System...
Jul 07 00:40:06 witherspoon kernel[951]: [   14.860000] systemd[1]: Created slice system-phosphor\x2dreset\x2dhost\x2drunning.slice.
Jul 07 00:40:06 witherspoon kernel[951]: [   15.110000] systemd[1]: Mounted Debug File System.
Jul 07 00:40:06 witherspoon kernel[951]: [   15.360000] systemd[1]: Mounted Temporary Directory.
Jul 07 00:40:06 witherspoon kernel[951]: [   15.620000] systemd[1]: Started Journal Service.
Jul 07 00:40:06 witherspoon kernel[951]: [   17.630000] systemd-journald[534]: Received request to flush runtime journal from PID 1
Jul 07 00:40:06 witherspoon kernel[951]: [   33.270000] random: crng init done
Jul 07 00:40:12 witherspoon avahi-daemon[929]: Joining mDNS multicast group on interface eth0.IPv4 with address 9.3.86.161.
Jul 07 00:40:12 witherspoon avahi-daemon[929]: New relevant interface eth0.IPv4 for mDNS.
Jul 07 00:40:12 witherspoon avahi-daemon[929]: Registering new address record for 9.3.86.161 on eth0.IPv4.
Jul 07 00:40:13 witherspoon avahi-daemon[929]: Joining mDNS multicast group on interface eth0.IPv6 with address fe80::72e2:84ff:fe14:23e1.
Jul 07 00:40:13 witherspoon avahi-daemon[929]: New relevant interface eth0.IPv6 for mDNS.
Jul 07 00:40:13 witherspoon avahi-daemon[929]: Registering new address record for fe80::72e2:84ff:fe14:23e1 on eth0.*.
Jul 07 00:40:15 witherspoon kernel[951]: [   41.990000] ftgmac100 1e660000.ethernet eth0: NCSI interface up
Jul 07 00:40:19 witherspoon systemd[1]: Created slice system-dropbear.slice.
Jul 07 00:40:19 witherspoon systemd[1]: Started SSH Per-Connection Server (9.41.165.94:50278).
Jul 07 00:40:19 witherspoon dropbear[977]: Failed loading /etc/dropbear/dropbear_dss_host_key
Jul 07 00:40:19 witherspoon dropbear[977]: Failed loading /etc/dropbear/dropbear_ecdsa_host_key
Jul 07 00:40:19 witherspoon dropbear[977]: Child connection from ::ffff:9.41.165.94:50278
Jul 07 00:40:25 witherspoon dropbear[977]: PAM password auth succeeded for 'root' from ::ffff:9.41.165.94:50278
Jul 07 00:40:26 witherspoon systemd-networkd[937]: eth0: Configured
Jul 07 00:40:26 witherspoon systemd-timesyncd[894]: Network configuration changed, trying to establish connection.
Jul 07 00:40:27 witherspoon dropbear[978]: lastlog_perform_login: Couldn't stat /var/log/lastlog: No such file or directory
Jul 07 00:40:27 witherspoon dropbear[978]: lastlog_openseek: /var/log/lastlog is not a file or directory!
Jul 07 00:40:30 witherspoon inventory_items.py[925]: Loading from cache: /var/cache/obmc/org.openbmc.inventory.system.chassis.motherboard.apss@org.openbmc.InventoryItem.props
Jul 07 00:40:30 witherspoon inventory_items.py[925]: Loading from cache: /var/cache/obmc/org.openbmc.inventory.system.chassis.motherboard@org.openbmc.InventoryItem.props
Jul 07 00:40:30 witherspoon chassis_control.py[960]: Running ChassisControlService
Jul 07 00:40:30 witherspoon systemd[1]: Started Phosphor Chassis0 Control.
Jul 07 00:40:30 witherspoon systemd[1]: Started Phosphor Download Manager.
Jul 07 00:40:30 witherspoon download_manager.py[943]: Running Download Manager
Jul 07 00:40:31 witherspoon sensor_manager2.py[927]: Setting boot count to 3
Jul 07 00:40:31 witherspoon sensor_manager2.py[927]: Deleting OCC device
Jul 07 00:40:31 witherspoon phosphor-mapper[949]: ObjectMapper startup complete.  Discovery in progress...
Jul 07 00:40:31 witherspoon sensor_manager2.py[927]: sh: /sys/class/i2c-adapter/i2c-3/3-0050/online: No such file or directory
Jul 07 00:40:32 witherspoon sensor_manager2.py[927]: Deleting OCC device
Jul 07 00:40:32 witherspoon sensor_manager2.py[927]: sh: /sys/class/i2c-adapter/i2c-3/3-0050/online: No such file or directory
Jul 07 00:40:32 witherspoon systemd[1]: Started Phosphor Sensor Manager.
Jul 07 00:40:32 witherspoon sensor_manager2.py[927]: Starting sensor manager
Jul 07 00:40:32 witherspoon inventory_items.py[925]: Loading from cache: /var/cache/obmc/org.openbmc.inventory.system.chassis.motherboard.refclock@org.openbmc.InventoryItem.props
Jul 07 00:40:32 witherspoon inventory_items.py[925]: Loading from cache: /var/cache/obmc/org.openbmc.inventory.system.chassis.motherboard.cpu1.core7@org.openbmc.InventoryItem.props
Jul 07 00:40:32 witherspoon inventory_items.py[925]: Loading from cache: /var/cache/obmc/org.openbmc.inventory.system.chassis.motherboard.cpu1.core4@org.openbmc.InventoryItem.props
Jul 07 00:40:32 witherspoon inventory_items.py[925]: Loading from cache: /var/cache/obmc/org.openbmc.inventory.system.chassis.motherboard.cpu1.core1@org.openbmc.InventoryItem.props
Jul 07 00:40:32 witherspoon inventory_items.py[925]: Loading from cache: /var/cache/obmc/org.openbmc.inventory.system.chassis.motherboard.cpu1.core10@org.openbmc.InventoryItem.props
Jul 07 00:40:32 witherspoon inventory_items.py[925]: Loading from cache: /var/cache/obmc/org.openbmc.inventory.system.chassis.motherboard.todclock@org.openbmc.InventoryItem.props
Jul 07 00:40:32 witherspoon inventory_items.py[925]: Loading from cache: /var/cache/obmc/org.openbmc.inventory.system.chassis.motherboard.cpu1@org.openbmc.InventoryItem.props
Jul 07 00:40:32 witherspoon inventory_items.py[925]: Loading from cache: /var/cache/obmc/org.openbmc.inventory.system.chassis.motherboard.bmc@org.openbmc.InventoryItem.props
Jul 07 00:40:32 witherspoon inventory_items.py[925]: Caching: /org/openbmc/inventory/system/chassis/motherboard/bmc
Jul 07 00:40:32 witherspoon inventory_items.py[925]: Loading from cache: /var/cache/obmc/org.openbmc.inventory.system.chassis.motherboard.cpu0.core1@org.openbmc.InventoryItem.props
Jul 07 00:40:32 witherspoon inventory_items.py[925]: Loading from cache: /var/cache/obmc/org.openbmc.inventory.system.chassis.motherboard.cpu0.core7@org.openbmc.InventoryItem.props
Jul 07 00:40:32 witherspoon inventory_items.py[925]: Loading from cache: /var/cache/obmc/org.openbmc.inventory.system.chassis.motherboard.cpu0.core4@org.openbmc.InventoryItem.props
Jul 07 00:40:32 witherspoon inventory_items.py[925]: Loading from cache: /var/cache/obmc/org.openbmc.inventory.system.chassis.motherboard.pcieclock@org.openbmc.InventoryItem.props
Jul 07 00:40:32 witherspoon systemd[1]: Started Phosphor Network Manager.
Jul 07 00:40:32 witherspoon netman.py[930]: Started
Jul 07 00:40:32 witherspoon avahi-daemon[936]: ../../avahi-0.6.32/avahi-daemon/chroot.c: open() failed: No such file or directory
Jul 07 00:40:32 witherspoon avahi-daemon[929]: Failed to open /usr/share/dbus-1/interfaces/org.freedesktop.Avahi.Server.xml: Invalid argument
Jul 07 00:40:32 witherspoon avahi-daemon[929]: Failed to load introspection data.
Jul 07 00:40:33 witherspoon inventory_items.py[925]: Loading from cache: /var/cache/obmc/org.openbmc.inventory.system.chassis.motherboard.cpu0.core10@org.openbmc.InventoryItem.props
Jul 07 00:40:33 witherspoon systemd[1]: Started Phosphor Inventory Manager.
Jul 07 00:40:33 witherspoon inventory_items.py[925]: Running Inventory Manager
Jul 07 00:40:35 witherspoon systemd[1]: Started Phosphor User Manager.
Jul 07 00:40:35 witherspoon obmc-phosphor-userd[940]: Started
Jul 07 00:40:47 witherspoon phosphor-mapper[949]: ObjectMapper discovery complete
Jul 07 00:40:47 witherspoon systemd[1]: Started Phosphor DBus Service Discovery Manager.
Jul 07 00:40:47 witherspoon systemd[1]: Reached target Phosphor Object Mapper.
Jul 07 00:40:47 witherspoon systemd[1]: Starting Wait for /xyz/openbmc_project/state/host0...
Jul 07 00:40:47 witherspoon systemd[1]: Starting Wait for /xyz/openbmc_project/inventory...
Jul 07 00:40:47 witherspoon systemd[1]: Starting Wait for /org/openbmc/sensors...
Jul 07 00:40:47 witherspoon systemd[1]: Starting Wait for /org/openbmc/NetworkManager/Interface...
Jul 07 00:40:47 witherspoon systemd[1]: Reached target Webserver (pre).
Jul 07 00:40:47 witherspoon systemd[1]: Started Phosphor Webserver.
Jul 07 00:40:47 witherspoon systemd[1]: Starting Wait for /org/openbmc/control/flash/bios...
Jul 07 00:40:47 witherspoon systemd[1]: Starting Phosphor Settings Manager...
Jul 07 00:40:47 witherspoon systemd[1]: Starting Wait for /org/openbmc/control/bmc0...
Jul 07 00:40:47 witherspoon systemd[1]: Starting Wait for /xyz/openbmc_project/led/groups...
Jul 07 00:40:47 witherspoon systemd[1]: Starting Wait for /xyz/openbmc_project/led/groups/bmc_booted...
Jul 07 00:40:47 witherspoon systemd[1]: Started Phosphor DBus Monitor.
Jul 07 00:40:47 witherspoon systemd[1]: Starting Wait for /org/openbmc/managers/Download...
Jul 07 00:40:47 witherspoon systemd[1]: Starting Wait for /org/openbmc/managers/System...
Jul 07 00:40:47 witherspoon systemd[1]: Starting Wait for /xyz/openbmc_project/control/host0...
Jul 07 00:40:47 witherspoon systemd[1]: Starting Wait for /org/openbmc/control/power0...
Jul 07 00:40:47 witherspoon systemd[1]: Starting Phoshpor System Manager...
Jul 07 00:40:47 witherspoon systemd[1]: Starting Wait for /xyz/openbmc_project/state/chassis0...
Jul 07 00:40:55 witherspoon systemd[1]: Started Wait for /xyz/openbmc_project/inventory.
Jul 07 00:40:55 witherspoon systemd[1]: Started Wait for /org/openbmc/sensors.
Jul 07 00:40:55 witherspoon systemd[1]: Started Wait for /org/openbmc/NetworkManager/Interface.
Jul 07 00:40:55 witherspoon systemd[1]: Started Wait for /xyz/openbmc_project/led/groups.
Jul 07 00:40:55 witherspoon systemd[1]: Started Wait for /xyz/openbmc_project/led/groups/bmc_booted.
Jul 07 00:40:55 witherspoon systemd[1]: Started Wait for /org/openbmc/managers/Download.
Jul 07 00:40:55 witherspoon systemd[1]: Starting Phosphor BIOS Code Update...
Jul 07 00:40:55 witherspoon systemd[1]: Starting Assert bmc_booted LED...
Jul 07 00:40:55 witherspoon systemd[1]: Started FRU Fault monitor service.
Jul 07 00:40:55 witherspoon systemd[1]: Started Phosphor DNS Settings Cache Manager.
Jul 07 00:40:55 witherspoon systemd[1]: Started Phosphor Hwmon Poller.
Jul 07 00:40:55 witherspoon systemd[1]: Starting Read OpenPOWER-format VPD from EEPROM...
Jul 07 00:40:56 witherspoon systemd[1]: Started Phosphor Cooling Type.
Jul 07 00:40:56 witherspoon systemd[1]: Starting OpenPOWER OCC controller...
Jul 07 00:40:56 witherspoon systemd[1]: Started Phosphor BIOS Code Update.
Jul 07 00:40:56 witherspoon system_manager.py[1001]: Running System State: BASE_APPS
Jul 07 00:40:56 witherspoon systemd[1]: Started OpenPOWER OCC controller.
Jul 07 00:40:57 witherspoon system_manager.py[1001]: SystemManager Init Done
Jul 07 00:40:57 witherspoon systemd[1]: Started Phoshpor System Manager.
Jul 07 00:40:57 witherspoon system_manager.py[1001]: Running SystemManager
Jul 07 00:40:57 witherspoon settings_manager.py[992]: Running HostSettingsService
Jul 07 00:40:57 witherspoon systemd[1]: Started Phosphor Settings Manager.
Jul 07 00:40:57 witherspoon systemd[1]: Starting Wait for /org/openbmc/settings/host0...
Jul 07 00:40:57 witherspoon systemd[1]: Started Assert bmc_booted LED.
Jul 07 00:40:57 witherspoon system_manager.py[1001]: SystemManager Goto System State: BMC_STARTING
Jul 07 00:40:57 witherspoon system_manager.py[1001]: Running System State: BMC_STARTING
Jul 07 00:40:58 witherspoon systemd[1]: Started Wait for /org/openbmc/control/bmc0.
Jul 07 00:40:58 witherspoon systemd[1]: Starting Phosphor BMC Code Update...
Jul 07 00:41:00 witherspoon systemd[1]: Started Read OpenPOWER-format VPD from EEPROM.
Jul 07 00:41:06 witherspoon systemd[1]: Started Wait for /org/openbmc/settings/host0.
Jul 07 00:41:06 witherspoon systemd[1]: Started Phosphor Inband IPMI.
Jul 07 00:41:06 witherspoon systemd[1]: Started Wait for /org/openbmc/control/flash/bios.
Jul 07 00:41:06 witherspoon systemd[1]: Started Initialize BIOS Flash.
Jul 07 00:41:08 witherspoon systemd[1]: Started Wait for /org/openbmc/managers/System.
Jul 07 00:41:08 witherspoon systemd[1]: Starting Phosphor Host State Manager...
Jul 07 00:41:08 witherspoon systemd[1]: Starting Phosphor Reset Button0...
Jul 07 00:41:08 witherspoon systemd[1]: Starting Phosphor Power Button0...
Jul 07 00:41:08 witherspoon systemd[1]: Starting Phosphor BMC State Manager...
Jul 07 00:41:09 witherspoon hwmon.py[1007]: Starting HWMON sensors
Jul 07 00:41:09 witherspoon systemd[1]: Starting Phosphor Power0 Control...
Jul 07 00:41:09 witherspoon systemd[1]: Starting Phosphor Chassis State Manager...
Jul 07 00:41:09 witherspoon phosphor-bmc-state-manager[1039]: Setting the BMCState field
Jul 07 00:41:09 witherspoon phosphor-bmc-state-manager[1039]: Setting the BMCState field
Jul 07 00:41:10 witherspoon systemd[1]: Started Phosphor BMC State Manager.
Jul 07 00:41:11 witherspoon phosphor-chassis-state-manager[1050]: Initial Chassis State will be Off
Jul 07 00:41:11 witherspoon systemd[1]: Started Phosphor Chassis State Manager.
Jul 07 00:41:11 witherspoon flash_bios.exe[1003]: Starting flasher: bios,,/org/openbmc/control/flash/bios,
Jul 07 00:41:11 witherspoon flash_bios.exe[1003]: flasher: , BMC = 1, address = 0x0
Jul 07 00:41:11 witherspoon flash_bios.exe[1003]: Setting up flash
Jul 07 00:41:11 witherspoon systemd[1]: Started Wait for /xyz/openbmc_project/state/chassis0.
Jul 07 00:41:12 witherspoon flash_bios.exe[1003]: Starting flasher: bios,,/org/openbmc/control/flash/bios,
Jul 07 00:41:12 witherspoon flash_bios.exe[1003]: flasher: , BMC = 1, address = 0x0
Jul 07 00:41:12 witherspoon flash_bios.exe[1003]: Setting up flash
Jul 07 00:41:12 witherspoon button_reset.exe[1037]: GPIO Lookup:  RESET_BUTTON = 353,both
Jul 07 00:41:12 witherspoon button_power.exe[1038]: GPIO Lookup:  POWER_BUTTON = 347,both
Jul 07 00:41:12 witherspoon bmc_update.py[1026]: Running Bmc Flash Control
Jul 07 00:41:12 witherspoon systemd[1]: Started Phosphor Reset Button0.
Jul 07 00:41:12 witherspoon systemd[1]: Started Phosphor Power Button0.
Jul 07 00:41:12 witherspoon systemd[1]: Started Phosphor BMC Code Update.
Jul 07 00:41:12 witherspoon phosphor-host-state-manager[1036]: Initial Host State will be Off
Jul 07 00:41:13 witherspoon systemd[1]: Started Phosphor Host State Manager.
Jul 07 00:41:13 witherspoon system_manager.py[1001]: New object: /org/openbmc/control/power0 (:1.69)
Jul 07 00:41:13 witherspoon system_manager.py[1001]: Power GPIO config: ['SYS_PWROK_BUFF', '', [('SOFTWARE_PGOOD', True), ('BMC_POWER_UP', True)], [('BMC_CP0_RESET_N', False)], [], 'FSI_DATA', 'FSI_CLK', 'FSI_ENABLE', 'CRONUS_SEL', []]
Jul 07 00:41:13 witherspoon power_control.exe[1049]: Power GPIO latch output:
Jul 07 00:41:13 witherspoon power_control.exe[1049]: Power GPIO power good input: SYS_PWROK_BUFF
Jul 07 00:41:13 witherspoon power_control.exe[1049]: Power GPIO 2 power_up outputs
Jul 07 00:41:13 witherspoon power_control.exe[1049]: Power GPIO power_up[0] = SOFTWARE_PGOOD active HIGH
Jul 07 00:41:13 witherspoon power_control.exe[1049]: Power GPIO power_up[1] = BMC_POWER_UP active HIGH
Jul 07 00:41:13 witherspoon power_control.exe[1049]: Power GPIO 1 reset outputs
Jul 07 00:41:13 witherspoon power_control.exe[1049]: Power GPIO reset[0] = BMC_CP0_RESET_N active LOW
Jul 07 00:41:14 witherspoon power_control.exe[1049]: Power GPIO 0 pci reset outputs
Jul 07 00:41:14 witherspoon power_control.exe[1049]: FSI DATA GPIO: FSI_DATA
Jul 07 00:41:14 witherspoon power_control.exe[1049]: FSI CLK GPIO: FSI_CLK
Jul 07 00:41:14 witherspoon power_control.exe[1049]: FSI ENABLE GPIO: FSI_ENABLE
Jul 07 00:41:14 witherspoon power_control.exe[1049]: CRONUS SEL GPIO: CRONUS_SEL
Jul 07 00:41:14 witherspoon power_control.exe[1049]: Hostctl GPIO optionals: 0
Jul 07 00:41:14 witherspoon power_control.exe[1049]: GPIO Lookup:  SYS_PWROK_BUFF = 306,in
Jul 07 00:41:14 witherspoon power_control.exe[1049]: GPIO Lookup:  SOFTWARE_PGOOD = 417,out
Jul 07 00:41:14 witherspoon power_control.exe[1049]: GPIO Lookup:  BMC_POWER_UP = 305,out
Jul 07 00:41:14 witherspoon power_control.exe[1049]: GPIO Lookup:  BMC_CP0_RESET_N = 281,out
Jul 07 00:41:14 witherspoon power_control.exe[1049]: Pgood state: 0
Jul 07 00:41:14 witherspoon systemd[1]: Started Phosphor Power0 Control.
Jul 07 00:41:16 witherspoon systemd[1]: Started Wait for /xyz/openbmc_project/control/host0.
Jul 07 00:41:17 witherspoon systemd[1]: Started Wait for /xyz/openbmc_project/state/host0.
Jul 07 00:41:17 witherspoon systemd[1]: Starting Reboot If Enabled...
Jul 07 00:41:17 witherspoon system_manager.py[1001]: SystemManager Goto System State: BMC_READY
Jul 07 00:41:17 witherspoon system_manager.py[1001]: Running System State: BMC_READY
Jul 07 00:41:17 witherspoon systemd[1]: Started Wait for /org/openbmc/control/power0.
Jul 07 00:41:17 witherspoon systemd[1]: Starting Phosphor Time Manager daemon...
Jul 07 00:41:17 witherspoon systemd[1]: Starting Check Chassis0 pgood and create a file to indicate it...
Jul 07 00:41:18 witherspoon timemanager[1075]: Registering dbus methods
Jul 07 00:41:18 witherspoon timemanager[1075]: Last known time_mode: NTP
Jul 07 00:41:18 witherspoon timemanager[1075]: Last known time_owner: BMC
Jul 07 00:41:18 witherspoon timemanager[1075]: Empty DhcpNtp string
Jul 07 00:41:18 witherspoon timemanager[1075]: Reading Power Control key: pgood
Jul 07 00:41:18 witherspoon timemanager[1075]: Changing settings *allowed* now
Jul 07 00:41:18 witherspoon timemanager[1075]: Getting System Settings: time_mode
Jul 07 00:41:18 witherspoon timemanager[1075]: Requested_Mode: NTP Current_Mode: NTP
Jul 07 00:41:18 witherspoon timemanager[1075]: Mode is already set to : NTP
Jul 07 00:41:18 witherspoon timemanager[1075]: Getting System Settings: time_owner
Jul 07 00:41:18 witherspoon phosphor-discover-system-state[1073]: Host power is off, checking power policy
Jul 07 00:41:18 witherspoon systemd[1]: Started Reboot If Enabled.
Jul 07 00:41:18 witherspoon systemd[1]: Started Check Chassis0 pgood and create a file to indicate it.
Jul 07 00:41:18 witherspoon systemd[1]: Reached target Chassis0 power on after reset.
Jul 07 00:41:18 witherspoon systemd[1]: Reached target Host0 running after reset.
Jul 07 00:41:18 witherspoon systemd[1]: Reached target Host0 (Reset Check).
Jul 07 00:41:18 witherspoon systemd[1]: Reached target Chassis0 (Reset Check).
Jul 07 00:41:19 witherspoon timemanager[1075]: Owner is already set to : BMC
Jul 07 00:41:19 witherspoon timemanager[1075]: Getting System Settings: use_dhcp_ntp
Jul 07 00:41:19 witherspoon timemanager[1075]: use_dhcp_ntp = yes
Jul 07 00:41:19 witherspoon timemanager[1075]: Last known host_offset:0
Jul 07 00:41:19 witherspoon timemanager[1075]: Initial Uptime Usec: 1499387973671121
Jul 07 00:41:19 witherspoon systemd[1]: Started Phosphor Time Manager daemon.
Jul 07 00:41:19 witherspoon systemd[1]: Reached target Phosphor System - Standby.
Jul 07 00:41:19 witherspoon phosphor-bmc-state-manager[1039]: BMC_READY
Jul 07 00:41:19 witherspoon phosphor-bmc-state-manager[1039]: Setting the BMCState field
Jul 07 00:41:19 witherspoon systemd[1]: Startup finished in 8.355s (kernel) + 1min 37.896s (userspace) = 1min 46.251s.
Jul 07 00:41:28 witherspoon phosphor-gevent[990]: Traceback (most recent call last):
Jul 07 00:41:28 witherspoon phosphor-gevent[990]:   File "/usr/lib/python2.7/site-packages/gevent/greenlet.py", line 327, in run
Jul 07 00:41:28 witherspoon phosphor-gevent[990]:     result = self._run(*self.args, **self.kwargs)
Jul 07 00:41:28 witherspoon phosphor-gevent[990]:   File "/usr/lib/python2.7/site-packages/gevent/server.py", line 102, in wrap_socket_and_handle
Jul 07 00:41:28 witherspoon phosphor-gevent[990]:     ssl_socket = self.wrap_socket(client_socket, **self.ssl_args)
Jul 07 00:41:28 witherspoon phosphor-gevent[990]:   File "/usr/lib/python2.7/site-packages/gevent/ssl.py", line 404, in wrap_socket
Jul 07 00:41:28 witherspoon phosphor-gevent[990]:     ciphers=ciphers)
Jul 07 00:41:28 witherspoon phosphor-gevent[990]:   File "/usr/lib/python2.7/site-packages/gevent/ssl.py", line 113, in __init__
Jul 07 00:41:28 witherspoon phosphor-gevent[990]:     self.do_handshake()
Jul 07 00:41:28 witherspoon phosphor-gevent[990]:   File "/usr/lib/python2.7/site-packages/gevent/ssl.py", line 324, in do_handshake
Jul 07 00:41:28 witherspoon phosphor-gevent[990]:     return self._sslobj.do_handshake()
Jul 07 00:41:28 witherspoon phosphor-gevent[990]: SSLEOFError: EOF occurred in violation of protocol (_ssl.c:590)
Jul 07 00:41:28 witherspoon phosphor-gevent[990]: <Greenlet at 0x75fe3300: <bound method WSGIServer.wrap_socket_and_handle of <WSGIServer at 0x75fbe8b0 fileno=5 address=('::34f2:ec76:b0cd:6276%1986186656', 443, 0, 1986186656)>>(<socket at 0x75e922d0 fileno=9>, ('::60d9:6076:8e91:f402%1995168540', 33436, 0, 199)> failed with SSLEOFError
Jul 07 00:41:28 witherspoon phosphor-gevent[990]: Traceback (most recent call last):
Jul 07 00:41:28 witherspoon phosphor-gevent[990]:   File "/usr/lib/python2.7/site-packages/gevent/greenlet.py", line 327, in run
Jul 07 00:41:28 witherspoon phosphor-gevent[990]:     result = self._run(*self.args, **self.kwargs)
Jul 07 00:41:28 witherspoon phosphor-gevent[990]:   File "/usr/lib/python2.7/site-packages/gevent/server.py", line 102, in wrap_socket_and_handle
Jul 07 00:41:28 witherspoon phosphor-gevent[990]:     ssl_socket = self.wrap_socket(client_socket, **self.ssl_args)
Jul 07 00:41:28 witherspoon phosphor-gevent[990]:   File "/usr/lib/python2.7/site-packages/gevent/ssl.py", line 404, in wrap_socket
Jul 07 00:41:28 witherspoon phosphor-gevent[990]:     ciphers=ciphers)
Jul 07 00:41:28 witherspoon phosphor-gevent[990]:   File "/usr/lib/python2.7/site-packages/gevent/ssl.py", line 113, in __init__
Jul 07 00:41:28 witherspoon phosphor-gevent[990]:     self.do_handshake()
Jul 07 00:41:28 witherspoon phosphor-gevent[990]:   File "/usr/lib/python2.7/site-packages/gevent/ssl.py", line 324, in do_handshake
Jul 07 00:41:28 witherspoon phosphor-gevent[990]:     return self._sslobj.do_handshake()
Jul 07 00:41:28 witherspoon phosphor-gevent[990]: SSLEOFError: EOF occurred in violation of protocol (_ssl.c:590)
Jul 07 00:41:28 witherspoon phosphor-gevent[990]: <Greenlet at 0x75fe35d0: <bound method WSGIServer.wrap_socket_and_handle of <WSGIServer at 0x75fbe8b0 fileno=5 address=('::34f2:ec76:b0cd:6276%1986186656', 443, 0, 1986186656)>>(<socket at 0x75e92270 fileno=10>, ('::60d9:6076:8e91:f402%1995168540', 33438, 0, 199)> failed with SSLEOFError
Jul 07 00:41:28 witherspoon phosphor-gevent[990]: Traceback (most recent call last):
Jul 07 00:41:28 witherspoon phosphor-gevent[990]:   File "/usr/lib/python2.7/site-packages/gevent/greenlet.py", line 327, in run
Jul 07 00:41:28 witherspoon phosphor-gevent[990]:     result = self._run(*self.args, **self.kwargs)
Jul 07 00:41:28 witherspoon phosphor-gevent[990]:   File "/usr/lib/python2.7/site-packages/gevent/server.py", line 102, in wrap_socket_and_handle
Jul 07 00:41:28 witherspoon phosphor-gevent[990]:     ssl_socket = self.wrap_socket(client_socket, **self.ssl_args)
Jul 07 00:41:28 witherspoon phosphor-gevent[990]:   File "/usr/lib/python2.7/site-packages/gevent/ssl.py", line 404, in wrap_socket
Jul 07 00:41:28 witherspoon phosphor-gevent[990]:     ciphers=ciphers)
Jul 07 00:41:28 witherspoon phosphor-gevent[990]:   File "/usr/lib/python2.7/site-packages/gevent/ssl.py", line 113, in __init__
Jul 07 00:41:28 witherspoon phosphor-gevent[990]:     self.do_handshake()
Jul 07 00:41:28 witherspoon phosphor-gevent[990]:   File "/usr/lib/python2.7/site-packages/gevent/ssl.py", line 324, in do_handshake
Jul 07 00:41:28 witherspoon phosphor-gevent[990]:     return self._sslobj.do_handshake()
Jul 07 00:41:28 witherspoon phosphor-gevent[990]: SSLEOFError: EOF occurred in violation of protocol (_ssl.c:590)
Jul 07 00:41:28 witherspoon phosphor-gevent[990]: <Greenlet at 0x75fe32b0: <bound method WSGIServer.wrap_socket_and_handle of <WSGIServer at 0x75fbe8b0 fileno=5 address=('::34f2:ec76:b0cd:6276%1986186656', 443, 0, 1986186656)>>(<socket at 0x75e92310 fileno=11>, ('::60d9:6076:8e91:f402%1995168540', 33440, 0, 199)> failed with SSLEOFError
Jul 07 00:41:41 witherspoon phosphor-gevent[990]: ::60d9:6076:8e91:f402%1995168540 - - [2017-07-07 00:41:41] "POST /login HTTP/1.1" 200 320 0.045627
Jul 07 00:41:41 witherspoon phosphor-gevent[990]: ::60d9:6076:8e91:f402%1995168540 - - [2017-07-07 00:41:41] "GET /xyz/openbmc_project/state/chassis0//attr/CurrentPowerState HTTP/1.1" 200 216 0.079538
Jul 07 00:41:41 witherspoon phosphor-gevent[990]: ::60d9:6076:8e91:f402%1995168540 - - [2017-07-07 00:41:41] "POST /login HTTP/1.1" 200 320 0.034204
Jul 07 00:41:41 witherspoon phosphor-gevent[990]: ::60d9:6076:8e91:f402%1995168540 - - [2017-07-07 00:41:41] "GET /xyz/openbmc_project/state/chassis0//attr/CurrentPowerState HTTP/1.1" 200 216 0.049829
Jul 07 00:41:41 witherspoon phosphor-gevent[990]: ::60d9:6076:8e91:f402%1995168540 - - [2017-07-07 00:41:41] "POST /login HTTP/1.1" 200 320 0.096840
Jul 07 00:41:41 witherspoon phosphor-gevent[990]: ::60d9:6076:8e91:f402%1995168540 - - [2017-07-07 00:41:41] "GET /org/openbmc/sensors/host/BootProgress/attr/value HTTP/1.1" 200 170 0.055739
Jul 07 00:41:41 witherspoon phosphor-gevent[990]: ::60d9:6076:8e91:f402%1995168540 - - [2017-07-07 00:41:41] "POST /login HTTP/1.1" 200 320 0.048223
Jul 07 00:41:42 witherspoon phosphor-gevent[990]: ::60d9:6076:8e91:f402%1995168540 - - [2017-07-07 00:41:42] "GET /xyz/openbmc_project/state/host0//attr/CurrentHostState HTTP/1.1" 200 212 0.052932
Jul 07 00:41:42 witherspoon phosphor-gevent[990]: ::60d9:6076:8e91:f402%1995168540 - - [2017-07-07 00:41:42] "POST /login HTTP/1.1" 200 320 0.041817
Jul 07 00:41:42 witherspoon phosphor-gevent[990]: ::60d9:6076:8e91:f402%1995168540 - - [2017-07-07 00:41:42] "GET /xyz/openbmc_project/logging/entry/list HTTP/1.1" 404 311 0.031067
Jul 07 00:41:42 witherspoon dropbear[977]: Exit (root): Error reading: Connection reset by peer
Jul 07 00:41:42 witherspoon systemd[1]: Started SSH Per-Connection Server (9.41.165.94:50300).
Jul 07 00:41:42 witherspoon dropbear[1093]: Failed loading /etc/dropbear/dropbear_dss_host_key
Jul 07 00:41:42 witherspoon dropbear[1093]: Failed loading /etc/dropbear/dropbear_ecdsa_host_key
Jul 07 00:41:42 witherspoon dropbear[1093]: Child connection from ::ffff:9.41.165.94:50300
Jul 07 00:41:43 witherspoon dropbear[1093]: PAM password auth succeeded for 'root' from ::ffff:9.41.165.94:50300
Jul 07 00:41:43 witherspoon dropbear[1094]: lastlog_perform_login: Couldn't stat /var/log/lastlog: No such file or directory
Jul 07 00:41:43 witherspoon dropbear[1094]: lastlog_openseek: /var/log/lastlog is not a file or directory!
Jul 07 00:41:44 witherspoon phosphor-gevent[990]: ::60d9:6076:8e91:f402%1995168540 - - [2017-07-07 00:41:44] "POST /login HTTP/1.1" 200 320 0.032900
Jul 07 00:41:44 witherspoon phosphor-gevent[990]: ::60d9:6076:8e91:f402%1995168540 - - [2017-07-07 00:41:44] "GET /xyz/openbmc_project/state/host0//attr/CurrentHostState HTTP/1.1" 200 212 0.049295
Jul 07 00:41:45 witherspoon dropbear[1093]: Exit (root): Exited normally
Jul 07 00:41:48 witherspoon systemd[1]: Started SSH Per-Connection Server (9.41.165.94:50304).
Jul 07 00:41:48 witherspoon dropbear[1103]: Failed loading /etc/dropbear/dropbear_dss_host_key
Jul 07 00:41:48 witherspoon dropbear[1103]: Failed loading /etc/dropbear/dropbear_ecdsa_host_key
Jul 07 00:41:48 witherspoon dropbear[1103]: Child connection from ::ffff:9.41.165.94:50304
Jul 07 00:41:48 witherspoon dropbear[1103]: PAM password auth succeeded for 'root' from ::ffff:9.41.165.94:50304
Jul 07 00:41:48 witherspoon dropbear[1104]: lastlog_perform_login: Couldn't stat /var/log/lastlog: No such file or directory
Jul 07 00:41:48 witherspoon dropbear[1104]: lastlog_openseek: /var/log/lastlog is not a file or directory!
Jul 07 00:41:50 witherspoon phosphor-gevent[990]: ::60d9:6076:8e91:f402%1995168540 - - [2017-07-07 00:41:50] "POST /login HTTP/1.1" 200 320 0.032787
Jul 07 00:41:50 witherspoon phosphor-gevent[990]: ::60d9:6076:8e91:f402%1995168540 - - [2017-07-07 00:41:50] "PUT /org/openbmc/settings/host0/attr/power_policy HTTP/1.1" 200 169 0.225208
Jul 07 00:41:50 witherspoon phosphor-gevent[990]: ::60d9:6076:8e91:f402%1995168540 - - [2017-07-07 00:41:50] "POST /login HTTP/1.1" 200 320 0.034063
Jul 07 00:41:51 witherspoon phosphor-gevent[990]: ::60d9:6076:8e91:f402%1995168540 - - [2017-07-07 00:41:51] "GET /org/openbmc/settings/host0/attr/power_policy HTTP/1.1" 200 185 0.101223
Jul 07 00:41:51 witherspoon systemd[1]: Started SSH Per-Connection Server (9.41.165.94:50310).
Jul 07 00:41:51 witherspoon dropbear[1110]: Failed loading /etc/dropbear/dropbear_dss_host_key
Jul 07 00:41:51 witherspoon dropbear[1110]: Failed loading /etc/dropbear/dropbear_ecdsa_host_key
Jul 07 00:41:51 witherspoon dropbear[1110]: Child connection from ::ffff:9.41.165.94:50310
Jul 07 00:41:51 witherspoon dropbear[1110]: PAM password auth succeeded for 'root' from ::ffff:9.41.165.94:50310
Jul 07 00:41:51 witherspoon dropbear[1111]: lastlog_perform_login: Couldn't stat /var/log/lastlog: No such file or directory
Jul 07 00:41:51 witherspoon dropbear[1111]: lastlog_openseek: /var/log/lastlog is not a file or directory!
Jul 07 00:41:53 witherspoon phosphor-gevent[990]: ::60d9:6076:8e91:f402%1995168540 - - [2017-07-07 00:41:53] "POST /login HTTP/1.1" 200 320 0.033908
Jul 07 00:41:53 witherspoon phosphor-gevent[990]: ::60d9:6076:8e91:f402%1995168540 - - [2017-07-07 00:41:53] "GET /xyz/openbmc_project/state/chassis0//attr/CurrentPowerState HTTP/1.1" 200 216 0.079307
Jul 07 00:41:53 witherspoon phosphor-gevent[990]: ::60d9:6076:8e91:f402%1995168540 - - [2017-07-07 00:41:53] "POST /login HTTP/1.1" 200 320 0.044071
Jul 07 00:41:53 witherspoon phosphor-gevent[990]: ::60d9:6076:8e91:f402%1995168540 - - [2017-07-07 00:41:53] "GET /xyz/openbmc_project/state/bmc0//attr/CurrentBMCState HTTP/1.1" 200 212 0.049130
Jul 07 00:41:53 witherspoon phosphor-gevent[990]: ::60d9:6076:8e91:f402%1995168540 - - [2017-07-07 00:41:53] "POST /login HTTP/1.1" 200 320 0.033365
Jul 07 00:41:53 witherspoon phosphor-gevent[990]: ::60d9:6076:8e91:f402%1995168540 - - [2017-07-07 00:41:53] "GET /org/openbmc/sensors/host/BootProgress/attr/value HTTP/1.1" 200 170 0.075130
Jul 07 00:41:53 witherspoon phosphor-gevent[990]: ::60d9:6076:8e91:f402%1995168540 - - [2017-07-07 00:41:53] "POST /login HTTP/1.1" 200 320 0.033040
Jul 07 00:41:54 witherspoon phosphor-gevent[990]: ::60d9:6076:8e91:f402%1995168540 - - [2017-07-07 00:41:54] "GET /xyz/openbmc_project/state/host0//attr/CurrentHostState HTTP/1.1" 200 212 0.051946
Jul 07 00:41:54 witherspoon phosphor-gevent[990]: ::60d9:6076:8e91:f402%1995168540 - - [2017-07-07 00:41:54] "POST /login HTTP/1.1" 200 320 0.034508
Jul 07 00:41:54 witherspoon phosphor-gevent[990]: ::60d9:6076:8e91:f402%1995168540 - - [2017-07-07 00:41:54] "GET /xyz/openbmc_project/logging/entry/list HTTP/1.1" 404 311 0.041335
Jul 07 00:41:54 witherspoon systemd[1]: Started SSH Per-Connection Server (9.41.165.94:50322).
Jul 07 00:41:54 witherspoon dropbear[1114]: Failed loading /etc/dropbear/dropbear_dss_host_key
Jul 07 00:41:54 witherspoon dropbear[1114]: Failed loading /etc/dropbear/dropbear_ecdsa_host_key
Jul 07 00:41:54 witherspoon dropbear[1114]: Child connection from ::ffff:9.41.165.94:50322
Jul 07 00:41:55 witherspoon dropbear[1114]: PAM password auth succeeded for 'root' from ::ffff:9.41.165.94:50322
Jul 07 00:42:26 witherspoon phosphor-gevent[990]: ::60d9:6076:8e91:f402%1995168540 - - [2017-07-07 00:42:26] "POST /login HTTP/1.1" 200 320 0.103783
Jul 07 00:42:26 witherspoon phosphor-gevent[990]: ::60d9:6076:8e91:f402%1995168540 - - [2017-07-07 00:42:26] "POST /org/openbmc/control/flash/bios//action/update HTTP/1.1" 200 169 0.268644
Jul 07 00:42:27 witherspoon flash_bios.exe[1003]: Starting flasher: bios,/tmp/witherspoon_20170628n.pnor,/org/openbmc/control/flash/bios,
Jul 07 00:42:27 witherspoon flash_bios.exe[1003]: flasher: /tmp/witherspoon_20170628n.pnor, BMC = 1, address = 0x0
Jul 07 00:42:27 witherspoon flash_bios.exe[1003]: Setting up flash
Jul 07 00:42:27 witherspoon phosphor-gevent[990]: ::60d9:6076:8e91:f402%1995168540 - - [2017-07-07 00:42:27] "POST /login HTTP/1.1" 200 320 0.033058
Jul 07 00:42:27 witherspoon phosphor-gevent[990]: ::60d9:6076:8e91:f402%1995168540 - - [2017-07-07 00:42:27] "GET /org/openbmc/control/flash/bios HTTP/1.1" 200 396 0.074336
Jul 07 00:42:28 witherspoon phosphor-gevent[990]: ::60d9:6076:8e91:f402%1995168540 - - [2017-07-07 00:42:28] "POST /login HTTP/1.1" 200 320 0.049590
Jul 07 00:42:28 witherspoon phosphor-gevent[990]: ::60d9:6076:8e91:f402%1995168540 - - [2017-07-07 00:42:28] "GET /org/openbmc/control/flash/bios HTTP/1.1" 200 396 0.224008
Jul 07 00:42:39 witherspoon phosphor-gevent[990]: ::60d9:6076:8e91:f402%1995168540 - - [2017-07-07 00:42:39] "POST /login HTTP/1.1" 200 320 0.032752
Jul 07 00:42:39 witherspoon phosphor-gevent[990]: ::60d9:6076:8e91:f402%1995168540 - - [2017-07-07 00:42:39] "GET /org/openbmc/control/flash/bios HTTP/1.1" 200 396 0.066893
Jul 07 00:42:49 witherspoon phosphor-gevent[990]: ::60d9:6076:8e91:f402%1995168540 - - [2017-07-07 00:42:49] "POST /login HTTP/1.1" 200 320 0.055721
Jul 07 00:42:50 witherspoon phosphor-gevent[990]: ::60d9:6076:8e91:f402%1995168540 - - [2017-07-07 00:42:50] "GET /org/openbmc/control/flash/bios HTTP/1.1" 200 396 0.066597
Jul 07 00:43:00 witherspoon phosphor-gevent[990]: ::60d9:6076:8e91:f402%1995168540 - - [2017-07-07 00:43:00] "POST /login HTTP/1.1" 200 320 0.679000
Jul 07 00:43:01 witherspoon phosphor-gevent[990]: ::60d9:6076:8e91:f402%1995168540 - - [2017-07-07 00:43:01] "GET /org/openbmc/control/flash/bios HTTP/1.1" 200 396 0.067243
Jul 07 00:43:12 witherspoon phosphor-gevent[990]: ::60d9:6076:8e91:f402%1995168540 - - [2017-07-07 00:43:12] "POST /login HTTP/1.1" 200 320 0.033482
Jul 07 00:43:12 witherspoon phosphor-gevent[990]: ::60d9:6076:8e91:f402%1995168540 - - [2017-07-07 00:43:12] "GET /org/openbmc/control/flash/bios HTTP/1.1" 200 396 0.066770
Jul 07 00:43:22 witherspoon phosphor-gevent[990]: ::60d9:6076:8e91:f402%1995168540 - - [2017-07-07 00:43:22] "POST /login HTTP/1.1" 200 320 0.033553
Jul 07 00:43:22 witherspoon phosphor-gevent[990]: ::60d9:6076:8e91:f402%1995168540 - - [2017-07-07 00:43:22] "GET /org/openbmc/control/flash/bios HTTP/1.1" 200 396 0.067334
Jul 07 00:43:32 witherspoon phosphor-gevent[990]: ::60d9:6076:8e91:f402%1995168540 - - [2017-07-07 00:43:32] "POST /login HTTP/1.1" 200 320 0.033340
Jul 07 00:43:32 witherspoon phosphor-gevent[990]: ::60d9:6076:8e91:f402%1995168540 - - [2017-07-07 00:43:32] "GET /org/openbmc/control/flash/bios HTTP/1.1" 200 396 0.068046
Jul 07 00:43:42 witherspoon phosphor-gevent[990]: ::60d9:6076:8e91:f402%1995168540 - - [2017-07-07 00:43:42] "POST /login HTTP/1.1" 200 320 0.039848
Jul 07 00:43:42 witherspoon phosphor-gevent[990]: ::60d9:6076:8e91:f402%1995168540 - - [2017-07-07 00:43:42] "GET /org/openbmc/control/flash/bios HTTP/1.1" 200 396 0.067732
Jul 07 00:43:53 witherspoon phosphor-gevent[990]: ::60d9:6076:8e91:f402%1995168540 - - [2017-07-07 00:43:53] "POST /login HTTP/1.1" 200 320 0.033112
Jul 07 00:43:53 witherspoon phosphor-gevent[990]: ::60d9:6076:8e91:f402%1995168540 - - [2017-07-07 00:43:53] "GET /org/openbmc/control/flash/bios HTTP/1.1" 200 396 0.068080
Jul 07 00:44:03 witherspoon phosphor-gevent[990]: ::60d9:6076:8e91:f402%1995168540 - - [2017-07-07 00:44:03] "POST /login HTTP/1.1" 200 320 0.033411
Jul 07 00:44:03 witherspoon phosphor-gevent[990]: ::60d9:6076:8e91:f402%1995168540 - - [2017-07-07 00:44:03] "GET /org/openbmc/control/flash/bios HTTP/1.1" 200 396 0.067734
Jul 07 00:44:13 witherspoon phosphor-gevent[990]: ::60d9:6076:8e91:f402%1995168540 - - [2017-07-07 00:44:13] "POST /login HTTP/1.1" 200 320 0.033423
Jul 07 00:44:13 witherspoon phosphor-gevent[990]: ::60d9:6076:8e91:f402%1995168540 - - [2017-07-07 00:44:13] "GET /org/openbmc/control/flash/bios HTTP/1.1" 200 396 0.068240
Jul 07 00:44:23 witherspoon phosphor-gevent[990]: ::60d9:6076:8e91:f402%1995168540 - - [2017-07-07 00:44:23] "POST /login HTTP/1.1" 200 320 0.033004
Jul 07 00:44:24 witherspoon phosphor-gevent[990]: ::60d9:6076:8e91:f402%1995168540 - - [2017-07-07 00:44:24] "GET /org/openbmc/control/flash/bios HTTP/1.1" 200 396 0.066625
Jul 07 00:44:34 witherspoon phosphor-gevent[990]: ::60d9:6076:8e91:f402%1995168540 - - [2017-07-07 00:44:34] "POST /login HTTP/1.1" 200 320 0.039480
Jul 07 00:44:34 witherspoon phosphor-gevent[990]: ::60d9:6076:8e91:f402%1995168540 - - [2017-07-07 00:44:34] "GET /org/openbmc/control/flash/bios HTTP/1.1" 200 396 0.066610
Jul 07 00:44:44 witherspoon phosphor-gevent[990]: ::60d9:6076:8e91:f402%1995168540 - - [2017-07-07 00:44:44] "POST /login HTTP/1.1" 200 320 0.033151
Jul 07 00:44:44 witherspoon phosphor-gevent[990]: ::60d9:6076:8e91:f402%1995168540 - - [2017-07-07 00:44:44] "GET /org/openbmc/control/flash/bios HTTP/1.1" 200 396 0.067641
Jul 07 00:44:54 witherspoon phosphor-gevent[990]: ::60d9:6076:8e91:f402%1995168540 - - [2017-07-07 00:44:54] "POST /login HTTP/1.1" 200 320 0.033047
Jul 07 00:44:54 witherspoon phosphor-gevent[990]: ::60d9:6076:8e91:f402%1995168540 - - [2017-07-07 00:44:54] "GET /org/openbmc/control/flash/bios HTTP/1.1" 200 400 0.067080
Jul 07 00:45:05 witherspoon phosphor-gevent[990]: ::60d9:6076:8e91:f402%1995168540 - - [2017-07-07 00:45:05] "POST /login HTTP/1.1" 200 320 0.033319
Jul 07 00:45:05 witherspoon phosphor-gevent[990]: ::60d9:6076:8e91:f402%1995168540 - - [2017-07-07 00:45:05] "GET /org/openbmc/control/flash/bios HTTP/1.1" 200 401 0.066926
Jul 07 00:45:15 witherspoon phosphor-gevent[990]: ::60d9:6076:8e91:f402%1995168540 - - [2017-07-07 00:45:15] "POST /login HTTP/1.1" 200 320 0.032953
Jul 07 00:45:15 witherspoon phosphor-gevent[990]: ::60d9:6076:8e91:f402%1995168540 - - [2017-07-07 00:45:15] "GET /org/openbmc/control/flash/bios HTTP/1.1" 200 401 0.067193
Jul 07 00:45:25 witherspoon phosphor-gevent[990]: ::60d9:6076:8e91:f402%1995168540 - - [2017-07-07 00:45:25] "POST /login HTTP/1.1" 200 320 0.039044
Jul 07 00:45:25 witherspoon phosphor-gevent[990]: ::60d9:6076:8e91:f402%1995168540 - - [2017-07-07 00:45:25] "GET /org/openbmc/control/flash/bios HTTP/1.1" 200 401 0.067124
Jul 07 00:45:35 witherspoon phosphor-gevent[990]: ::60d9:6076:8e91:f402%1995168540 - - [2017-07-07 00:45:35] "POST /login HTTP/1.1" 200 320 0.032928
Jul 07 00:45:36 witherspoon phosphor-gevent[990]: ::60d9:6076:8e91:f402%1995168540 - - [2017-07-07 00:45:36] "GET /org/openbmc/control/flash/bios HTTP/1.1" 200 401 0.067320
Jul 07 00:45:46 witherspoon phosphor-gevent[990]: ::60d9:6076:8e91:f402%1995168540 - - [2017-07-07 00:45:46] "POST /login HTTP/1.1" 200 320 0.032798
Jul 07 00:45:46 witherspoon phosphor-gevent[990]: ::60d9:6076:8e91:f402%1995168540 - - [2017-07-07 00:45:46] "GET /org/openbmc/control/flash/bios HTTP/1.1" 200 401 0.066705
Jul 07 00:45:51 witherspoon flash_bios.exe[1003]: Erasing... (may take a while !) done !
Jul 07 00:45:51 witherspoon flash_bios.exe[1003]: About to program "/tmp/witherspoon_20170628n.pnor" at 0x00000000..0x04000000 !
Jul 07 00:45:51 witherspoon flash_bios.exe[1003]: Programming & Verifying...
Jul 07 00:45:51 witherspoon flash_bios.exe[1003]: Flash done
Jul 07 00:45:56 witherspoon phosphor-gevent[990]: ::60d9:6076:8e91:f402%1995168540 - - [2017-07-07 00:45:56] "POST /login HTTP/1.1" 200 320 0.033125
Jul 07 00:45:56 witherspoon phosphor-gevent[990]: ::60d9:6076:8e91:f402%1995168540 - - [2017-07-07 00:45:56] "GET /org/openbmc/control/flash/bios HTTP/1.1" 200 398 0.068452
Jul 07 00:45:56 witherspoon systemd[1]: Started SSH Per-Connection Server (9.41.165.94:50378).
Jul 07 00:45:56 witherspoon dropbear[1120]: Failed loading /etc/dropbear/dropbear_dss_host_key
Jul 07 00:45:56 witherspoon dropbear[1120]: Failed loading /etc/dropbear/dropbear_ecdsa_host_key
Jul 07 00:45:56 witherspoon dropbear[1120]: Child connection from ::ffff:9.41.165.94:50378
Jul 07 00:45:57 witherspoon dropbear[1120]: PAM password auth succeeded for 'root' from ::ffff:9.41.165.94:50378
Jul 07 00:45:57 witherspoon dropbear[1121]: lastlog_perform_login: Couldn't stat /var/log/lastlog: No such file or directory
Jul 07 00:45:57 witherspoon dropbear[1121]: lastlog_openseek: /var/log/lastlog is not a file or directory!
Jul 07 00:45:58 witherspoon phosphor-gevent[990]: ::60d9:6076:8e91:f402%1995168540 - - [2017-07-07 00:45:58] "POST /login HTTP/1.1" 200 320 0.032949
Jul 07 00:45:58 witherspoon phosphor-gevent[990]: ::60d9:6076:8e91:f402%1995168540 - - [2017-07-07 00:45:58] "GET /xyz/openbmc_project/state/host0//attr/CurrentHostState HTTP/1.1" 200 212 0.049498
Jul 07 00:45:59 witherspoon systemd[1]: Created slice system-obmc\x2dconsole\x2dssh.slice.
Jul 07 00:45:59 witherspoon systemd[1]: Started Phosphor Host Console SSH Per-Connection (9.41.165.94:45660).
Jul 07 00:45:59 witherspoon dropbear[1125]: Failed loading /etc/dropbear/dropbear_dss_host_key
Jul 07 00:45:59 witherspoon dropbear[1125]: Failed loading /etc/dropbear/dropbear_ecdsa_host_key
Jul 07 00:45:59 witherspoon dropbear[1125]: Child connection from ::ffff:9.41.165.94:45660
Jul 07 00:45:59 witherspoon phosphor-gevent[990]: ::60d9:6076:8e91:f402%1995168540 - - [2017-07-07 00:45:59] "POST /login HTTP/1.1" 200 320 0.033051
Jul 07 00:45:59 witherspoon dropbear[1125]: PAM password auth succeeded for 'root' from ::ffff:9.41.165.94:45660
Jul 07 00:45:59 witherspoon dropbear[1126]: lastlog_perform_login: Couldn't stat /var/log/lastlog: No such file or directory
Jul 07 00:45:59 witherspoon dropbear[1126]: lastlog_openseek: /var/log/lastlog is not a file or directory!
Jul 07 00:46:00 witherspoon phosphor-gevent[990]: ::60d9:6076:8e91:f402%1995168540 - - [2017-07-07 00:46:00] "PUT /org/openbmc/settings/host0/attr/power_policy HTTP/1.1" 200 169 0.172638
Jul 07 00:46:00 witherspoon phosphor-gevent[990]: ::60d9:6076:8e91:f402%1995168540 - - [2017-07-07 00:46:00] "POST /login HTTP/1.1" 200 320 0.074745
Jul 07 00:46:00 witherspoon phosphor-gevent[990]: ::60d9:6076:8e91:f402%1995168540 - - [2017-07-07 00:46:00] "GET /org/openbmc/settings/host0/attr/power_policy HTTP/1.1" 200 185 0.081286
Jul 07 00:46:00 witherspoon systemd[1]: Started SSH Per-Connection Server (9.41.165.94:50388).
Jul 07 00:46:00 witherspoon dropbear[1127]: Failed loading /etc/dropbear/dropbear_dss_host_key
Jul 07 00:46:00 witherspoon dropbear[1127]: Failed loading /etc/dropbear/dropbear_ecdsa_host_key
Jul 07 00:46:00 witherspoon dropbear[1127]: Child connection from ::ffff:9.41.165.94:50388
Jul 07 00:46:01 witherspoon dropbear[1127]: PAM password auth succeeded for 'root' from ::ffff:9.41.165.94:50388
Jul 07 00:46:01 witherspoon dropbear[1128]: lastlog_perform_login: Couldn't stat /var/log/lastlog: No such file or directory
Jul 07 00:46:01 witherspoon dropbear[1128]: lastlog_openseek: /var/log/lastlog is not a file or directory!
Jul 07 00:46:02 witherspoon phosphor-gevent[990]: ::60d9:6076:8e91:f402%1995168540 - - [2017-07-07 00:46:02] "POST /login HTTP/1.1" 200 320 0.049876
Jul 07 00:46:02 witherspoon phosphor-gevent[990]: ::60d9:6076:8e91:f402%1995168540 - - [2017-07-07 00:46:02] "GET /xyz/openbmc_project/state/chassis0//attr/CurrentPowerState HTTP/1.1" 200 216 0.089317
Jul 07 00:46:02 witherspoon phosphor-gevent[990]: ::60d9:6076:8e91:f402%1995168540 - - [2017-07-07 00:46:02] "POST /login HTTP/1.1" 200 320 0.033037
Jul 07 00:46:03 witherspoon phosphor-gevent[990]: ::60d9:6076:8e91:f402%1995168540 - - [2017-07-07 00:46:03] "GET /xyz/openbmc_project/state/bmc0//attr/CurrentBMCState HTTP/1.1" 200 212 0.093581
Jul 07 00:46:03 witherspoon phosphor-gevent[990]: ::60d9:6076:8e91:f402%1995168540 - - [2017-07-07 00:46:03] "POST /login HTTP/1.1" 200 320 0.033396
Jul 07 00:46:03 witherspoon phosphor-gevent[990]: ::60d9:6076:8e91:f402%1995168540 - - [2017-07-07 00:46:03] "GET /org/openbmc/sensors/host/BootProgress/attr/value HTTP/1.1" 200 170 0.054461
Jul 07 00:46:03 witherspoon phosphor-gevent[990]: ::60d9:6076:8e91:f402%1995168540 - - [2017-07-07 00:46:03] "POST /login HTTP/1.1" 200 320 0.033523
Jul 07 00:46:03 witherspoon phosphor-gevent[990]: ::60d9:6076:8e91:f402%1995168540 - - [2017-07-07 00:46:03] "GET /xyz/openbmc_project/state/host0//attr/CurrentHostState HTTP/1.1" 200 212 0.055006
Jul 07 00:46:03 witherspoon phosphor-gevent[990]: ::60d9:6076:8e91:f402%1995168540 - - [2017-07-07 00:46:03] "POST /login HTTP/1.1" 200 320 0.064710
Jul 07 00:46:04 witherspoon phosphor-host-state-manager[1036]: Host State transaction request
Jul 07 00:46:04 witherspoon phosphor-gevent[990]: ::60d9:6076:8e91:f402%1995168540 - - [2017-07-07 00:46:04] "PUT /xyz/openbmc_project/state/host0//attr/RequestedHostTransition HTTP/1.1" 200 169 0.280131
Jul 07 00:46:04 witherspoon systemd[1]: Created slice system-mapper\x2dsubtree\x2dremove.slice.
Jul 07 00:46:04 witherspoon systemd[1]: Created slice system-op\x2dwait\x2dpower\x2don.slice.
Jul 07 00:46:04 witherspoon systemd[1]: Starting Wait for Power0 to turn on...
Jul 07 00:46:04 witherspoon systemd[1]: Created slice system-vcs_on.slice.
Jul 07 00:46:04 witherspoon systemd[1]: Starting Witherspoon Fan Watchdog Reset...
Jul 07 00:46:04 witherspoon systemd[1]: Created slice system-ucd_disable_vcs.slice.
Jul 07 00:46:04 witherspoon systemd[1]: Starting Disable UCD VCS rails...
Jul 07 00:46:04 witherspoon systemd[1]: Created slice system-phosphor\x2dwatchdog.slice.
Jul 07 00:46:04 witherspoon systemd[1]: Created slice system-ir35221\x2don\x2dunbind.slice.
Jul 07 00:46:04 witherspoon systemd[1]: Created slice system-pcie\x2dslot\x2ddetect.slice.
Jul 07 00:46:04 witherspoon systemd[1]: Created slice system-phosphor\x2dfan\x2dpresence\x2dtach.slice.
Jul 07 00:46:04 witherspoon systemd[1]: Started Phosphor poweron watchdog.
Jul 07 00:46:04 witherspoon systemd[1]: Created slice system-cfam_override.slice.
Jul 07 00:46:04 witherspoon systemd[1]: Starting Wait for /xyz/openbmc_project/led/groups/power_on...
Jul 07 00:46:04 witherspoon systemd[1]: Created slice system-fsi\x2dbind.slice.
Jul 07 00:46:04 witherspoon systemd[1]: Starting Wait for /org/openbmc/control/chassis0...
Jul 07 00:46:04 witherspoon systemd[1]: Created slice system-avsbus\x2ddisable.slice.
Jul 07 00:46:04 witherspoon systemd[1]: Created slice system-avsbus\x2dworkaround.slice.
Jul 07 00:46:04 witherspoon systemd[1]: Created slice system-ir35221\x2don\x2dbind.slice.
Jul 07 00:46:04 witherspoon systemd[1]: Created slice system-start_host.slice.
Jul 07 00:46:04 witherspoon systemd[1]: Created slice system-vcs_workaround.slice.
Jul 07 00:46:04 witherspoon systemd[1]: Created slice system-vrm\x2dcontrol.slice.
Jul 07 00:46:04 witherspoon systemd[1]: Created slice system-op\x2dpower\x2dstart.slice.
Jul 07 00:46:05 witherspoon systemd[1]: Starting Wait for /xyz/openbmc_project/watchdog/host0...
Jul 07 00:46:05 witherspoon systemd[1]: Created slice system-avsbus\x2denable.slice.
Jul 07 00:46:05 witherspoon systemd[1]: Created slice system-phosphor\x2dfan\x2dcontrol\x2dinit.slice.
Jul 07 00:46:05 witherspoon systemd[1]: Starting mapper subtree-remove /xyz/openbmc_project/software:xyz.openbmc_project.Software.ActivationBlocksTransition...
Jul 07 00:46:05 witherspoon systemd[1]: Created slice system-phosphor\x2dgpio\x2dmonitor.slice.
Jul 07 00:46:05 witherspoon systemd[1]: Started Phosphor GPIO checkstop monitor.
Jul 07 00:46:05 witherspoon systemd[1]: Created slice system-vcs_off.slice.
Jul 07 00:46:05 witherspoon systemd[1]: Reached target Start Host checkstop monitor.
Jul 07 00:46:05 witherspoon systemd[1]: Created slice system-obmc\x2denable\x2dhost\x2dwatchdog.slice.
Jul 07 00:46:05 witherspoon systemd[1]: Starting power on mode unbind ir35221 device driver devs...
Jul 07 00:46:05 witherspoon systemd[1]: Created slice system-fsi\x2dscan.slice.
Jul 07 00:46:05 witherspoon phosphor-gevent[990]: ::60d9:6076:8e91:f402%1995168540 - - [2017-07-07 00:46:05] "POST /login HTTP/1.1" 200 320 0.556844
Jul 07 00:46:06 witherspoon systemd[1]: Started Witherspoon Fan Watchdog Reset.
Jul 07 00:46:06 witherspoon systemd[1]: Started Wait for /org/openbmc/control/chassis0.
Jul 07 00:46:06 witherspoon systemd[1]: Started power on mode unbind ir35221 device driver devs.
Jul 07 00:46:06 witherspoon systemd[1]: xyz.openbmc_project.Hwmon@ahb-apb-i2c\x401e78a000-i2c\x2dbus\x40140-ir35221\x4070.service: Unit not needed anymore. Stopping.
Jul 07 00:46:06 witherspoon systemd[1]: xyz.openbmc_project.Hwmon@ahb-apb-i2c\x401e78a000-i2c\x2dbus\x40140-ir35221\x4071.service: Unit not needed anymore. Stopping.
Jul 07 00:46:06 witherspoon systemd[1]: xyz.openbmc_project.Hwmon@ahb-apb-i2c\x401e78a000-i2c\x2dbus\x40400-ucd90160\x4064.service: Unit not needed anymore. Stopping.
Jul 07 00:46:06 witherspoon systemd[1]: Stopped Phosphor Hwmon Poller.
Jul 07 00:46:06 witherspoon systemd[1]: xyz.openbmc_project.Hwmon@ahb-apb-i2c\x401e78a000-i2c\x2dbus\x40140-ir35221\x4070.service: Unit not needed anymore. Stopping.
Jul 07 00:46:06 witherspoon systemd[1]: Stopped Phosphor Hwmon Poller.
Jul 07 00:46:06 witherspoon systemd[1]: xyz.openbmc_project.Hwmon@ahb-apb-i2c\x401e78a000-i2c\x2dbus\x40140-ir35221\x4071.service: Unit not needed anymore. Stopping.
Jul 07 00:46:06 witherspoon systemd[1]: xyz.openbmc_project.Hwmon@ahb-apb-i2c\x401e78a000-i2c\x2dbus\x40400-ucd90160\x4064.service: Service hold-off time over, scheduling restart.
Jul 07 00:46:06 witherspoon systemd[1]: xyz.openbmc_project.Hwmon@ahb-apb-i2c\x401e78a000-i2c\x2dbus\x40400-ucd90160\x4064.service: Stop job pending for unit, delaying automatic restart.
Jul 07 00:46:06 witherspoon systemd[1]: xyz.openbmc_project.Hwmon@ahb-apb-i2c\x401e78a000-i2c\x2dbus\x40180-ir35221\x4070.service: Unit not needed anymore. Stopping.
Jul 07 00:46:06 witherspoon systemd[1]: xyz.openbmc_project.Hwmon@ahb-apb-i2c\x401e78a000-i2c\x2dbus\x40180-ir35221\x4071.service: Unit not needed anymore. Stopping.
Jul 07 00:46:06 witherspoon systemd[1]: Stopping Phosphor Hwmon Poller...
Jul 07 00:46:06 witherspoon systemd[1]: Stopping Phosphor Hwmon Poller...
Jul 07 00:46:06 witherspoon systemd[1]: Stopped Phosphor Hwmon Poller.
Jul 07 00:46:06 witherspoon systemd[1]: Stopped Phosphor Hwmon Poller.
Jul 07 00:46:06 witherspoon systemd[1]: Stopped Phosphor Hwmon Poller.
Jul 07 00:46:06 witherspoon systemd[1]: Stopped Phosphor Hwmon Poller.
Jul 07 00:46:06 witherspoon systemd[1]: Stopped Phosphor Hwmon Poller.
Jul 07 00:46:07 witherspoon kernel: ucd9000 11-0064: Device ID UCD90160|2.3.4.0000|110603
Jul 07 00:46:07 witherspoon kernel[951]: [  393.260000] ucd9000 11-0064: Device ID UCD90160|2.3.4.0000|110603
Jul 07 00:46:07 witherspoon systemd[1]: Started Disable UCD VCS rails.
Jul 07 00:46:07 witherspoon systemd[1]: Starting Perform AVS bus workaround on VRMs...
Jul 07 00:46:07 witherspoon systemd[1]: Started Phosphor Hwmon Poller.
Jul 07 00:46:07 witherspoon systemd[1]: Started mapper subtree-remove /xyz/openbmc_project/software:xyz.openbmc_project.Software.ActivationBlocksTransition.
Jul 07 00:46:07 witherspoon systemd[1]: Started Wait for /xyz/openbmc_project/led/groups/power_on.
Jul 07 00:46:07 witherspoon systemd[1]: Starting Assert power_on LED...
Jul 07 00:46:08 witherspoon systemd[1]: Started Perform AVS bus workaround on VRMs.
Jul 07 00:46:08 witherspoon systemd[1]: Starting Disable the AVS bus on the VRMs...
Jul 07 00:46:08 witherspoon systemd[1]: Started Disable the AVS bus on the VRMs.
Jul 07 00:46:08 witherspoon systemd[1]: Starting Apply voltage overrides to VRMs...
Jul 07 00:46:08 witherspoon vrm-control.sh[1204]: rail        set        read        current
Jul 07 00:46:08 witherspoon vrm-control.sh[1204]: -------        ------- ------- -------
Jul 07 00:46:09 witherspoon phosphor-gevent[990]: ::60d9:6076:8e91:f402%1995168540 - - [2017-07-07 00:46:09] "GET /xyz/openbmc_project/state/chassis0//attr/CurrentPowerState HTTP/1.1" 200 216 3.472954
Jul 07 00:46:10 witherspoon phosphor-gevent[990]: ::60d9:6076:8e91:f402%1995168540 - - [2017-07-07 00:46:10] "POST /login HTTP/1.1" 200 320 0.033574
Jul 07 00:46:10 witherspoon vrm-control.sh[1204]: vdna        0.898V        0.004V        0.000A
Jul 07 00:46:10 witherspoon vrm-control.sh[1204]: vdnb        0.898V        0.004V        0.000A
Jul 07 00:46:10 witherspoon systemd[1]: Started Apply voltage overrides to VRMs.
Jul 07 00:46:10 witherspoon systemd[1]: Starting Enable the AVS bus on VRMs...
Jul 07 00:46:11 witherspoon systemd[1]: Started Enable the AVS bus on VRMs.
Jul 07 00:46:11 witherspoon systemd[1]: Starting Disable VCS before Witherspoon power on...
Jul 07 00:46:11 witherspoon systemd[1]: Started Disable VCS before Witherspoon power on.
Jul 07 00:46:11 witherspoon systemd[1]: Reached target Power0 On (Pre).
Jul 07 00:46:11 witherspoon systemd[1]: Starting Start Power0...
Jul 07 00:46:12 witherspoon hwmon.py[1007]: Removing: /sys/class/hwmon/hwmon5/
Jul 07 00:46:12 witherspoon hwmon.py[1007]: Removing: /sys/class/hwmon/hwmon8/
Jul 07 00:46:12 witherspoon hwmon.py[1007]: Removing: /sys/class/hwmon/hwmon6/
Jul 07 00:46:12 witherspoon hwmon.py[1007]: Removing: /sys/class/hwmon/hwmon7/
Jul 07 00:46:15 witherspoon power_control.exe[1049]: PowerControl: setting power up SOFTWARE_PGOOD to 1
Jul 07 00:46:15 witherspoon power_control.exe[1049]: PowerControl: setting power up BMC_POWER_UP to 1
Jul 07 00:46:15 witherspoon systemd[1]: Started Start Power0.
Jul 07 00:46:15 witherspoon timemanager[1075]:  PGOOD has changed..
Jul 07 00:46:15 witherspoon system_manager.py[1001]: Running System State: HOST_POWERING_ON
Jul 07 00:46:15 witherspoon phosphor-gevent[990]: ::60d9:6076:8e91:f402%1995168540 - - [2017-07-07 00:46:15] "GET /xyz/openbmc_project/state/bmc0//attr/CurrentBMCState HTTP/1.1" 200 212 5.776404
Jul 07 00:46:16 witherspoon phosphor-gevent[990]: ::60d9:6076:8e91:f402%1995168540 - - [2017-07-07 00:46:16] "POST /login HTTP/1.1" 200 320 0.033026
Jul 07 00:46:16 witherspoon phosphor-ledmanager[962]: Asserting LEDs
Jul 07 00:46:16 witherspoon phosphor-ledmanager[962]: No service providers for physical LED
Jul 07 00:46:16 witherspoon systemd[1]: Started Assert power_on LED.
Jul 07 00:46:16 witherspoon phosphor-gevent[990]: ::60d9:6076:8e91:f402%1995168540 - - [2017-07-07 00:46:16] "GET /org/openbmc/sensors/host/BootProgress/attr/value HTTP/1.1" 200 170 0.466255
Jul 07 00:46:16 witherspoon phosphor-gevent[990]: ::60d9:6076:8e91:f402%1995168540 - - [2017-07-07 00:46:16] "POST /login HTTP/1.1" 200 320 0.032793
Jul 07 00:46:17 witherspoon systemd[1]: Started Wait for /xyz/openbmc_project/watchdog/host0.
Jul 07 00:46:17 witherspoon phosphor-gevent[990]: ::60d9:6076:8e91:f402%1995168540 - - [2017-07-07 00:46:17] "GET /xyz/openbmc_project/state/host0//attr/CurrentHostState HTTP/1.1" 200 212 0.134720
Jul 07 00:46:17 witherspoon power_control.exe[1049]: PowerControl: pgood: 1, setting reset BMC_CP0_RESET_N to 1
Jul 07 00:46:17 witherspoon system_manager.py[1001]: Running System State: HOST_POWERED_ON
Jul 07 00:46:17 witherspoon timemanager[1075]:  PGOOD has changed..
Jul 07 00:46:17 witherspoon timemanager[1075]: Changing time settings is *deferred* now
Jul 07 00:46:17 witherspoon systemd[1]: Started Wait for Power0 to turn on.
Jul 07 00:46:17 witherspoon systemd[1]: Reached target Power0 On.
Jul 07 00:46:17 witherspoon systemd[1]: Reached target Power0 (On).
Jul 07 00:46:17 witherspoon systemd[1]: Started Phosphor Fan Control Initialization.
Jul 07 00:46:17 witherspoon systemd[1]: Starting PCIE Slot Presence Detection For Chassis0...
Jul 07 00:46:17 witherspoon systemd[1]: Started Phosphor Fan Presence Tach Daemon.
Jul 07 00:46:17 witherspoon systemd[1]: Starting Scan FSI devices...
Jul 07 00:46:18 witherspoon timemanager[1075]:  User Settings have changed..
Jul 07 00:46:18 witherspoon kernel:  fsi0: fsi: found chip c0020d1e at 00:00:00
Jul 07 00:46:18 witherspoon kernel:  slave@00:00: engine[2]: type 4, version 6, addr c00 size 400
Jul 07 00:46:18 witherspoon kernel:  slave@00:00: engine[3]: type 5, version 7, addr 1000 size 400
Jul 07 00:46:18 witherspoon kernel:  slave@00:00: engine[4]: type 6, version 1, addr 1400 size 400
Jul 07 00:46:18 witherspoon kernel:  slave@00:00: engine[5]: type 7, version 3, addr 1800 size 400
Jul 07 00:46:18 witherspoon kernel:  slave@00:00: engine[8]: type 22, version 1, addr 2400 size 400
Jul 07 00:46:18 witherspoon kernel: sbefifo 00:00:00:06: Found sbefifo device
Jul 07 00:46:18 witherspoon kernel: occ-hwmon occ1-dev0: failed to get OCC poll response: -19
Jul 07 00:46:18 witherspoon kernel[951]: [  404.460000]  fsi0: fsi: found chip c0020d1e at 00:00:00
Jul 07 00:46:18 witherspoon kernel[951]: [  404.460000]  slave@00:00: engine[2]: type 4, version 6, addr c00 size 400
Jul 07 00:46:18 witherspoon kernel[951]: [  404.460000]  slave@00:00: engine[3]: type 5, version 7, addr 1000 size 400
Jul 07 00:46:18 witherspoon kernel[951]: [  404.460000]  slave@00:00: engine[4]: type 6, version 1, addr 1400 size 400
Jul 07 00:46:18 witherspoon kernel[951]: [  404.460000]  slave@00:00: engine[5]: type 7, version 3, addr 1800 size 400
Jul 07 00:46:18 witherspoon kernel[951]: [  404.460000]  slave@00:00: engine[8]: type 22, version 1, addr 2400 size 400
Jul 07 00:46:18 witherspoon kernel[951]: [  404.460000] sbefifo 00:00:00:06: Found sbefifo device
