[    0.000000] Memory policy: Data cache writeback
[    0.000000] SOC Rev: 04030303
[    0.000000] On node 0 totalpages: 110592
[    0.000000] free_area_init_node: node 0, pgdat 80601864, node_mem_map 9ec1a000
[    0.000000]   Normal zone: 992 pages used for memmap
[    0.000000]   Normal zone: 0 pages reserved
[    0.000000]   Normal zone: 110592 pages, LIFO batch:31
[    0.000000] pcpu-alloc: s0 r0 d32768 u32768 alloc=1*32768
[    0.000000] pcpu-alloc: [0] 0 
[    0.000000] Built 1 zonelists in Zone order, mobility grouping on.  Total pages: 109600
[    0.000000] Kernel command line: console=ttyS4,115200n8 root=/dev/ram rw
[    0.000000] PID hash table entries: 2048 (order: 1, 8192 bytes)
[    0.000000] Dentry cache hash table entries: 65536 (order: 6, 262144 bytes)
[    0.000000] Inode-cache hash table entries: 32768 (order: 5, 131072 bytes)
[    0.000000] Memory: 430416K/442368K available (4075K kernel code, 281K rwdata, 1196K rodata, 280K init, 111K bss, 11952K reserved, 0K cma-reserved)
[    0.000000] Virtual kernel memory layout:
[    0.000000]     vector  : 0xffff0000 - 0xffff1000   (   4 kB)
[    0.000000]     fixmap  : 0xffc00000 - 0xfff00000   (3072 kB)
[    0.000000]     vmalloc : 0x9f800000 - 0xff800000   (1536 MB)
[    0.000000]     lowmem  : 0x80000000 - 0x9f000000   ( 496 MB)
[    0.000000]       .text : 0x80008000 - 0x80402f80   (4076 kB)
[    0.000000]       .init : 0x80588000 - 0x805ce000   ( 280 kB)
[    0.000000]       .data : 0x805ce000 - 0x80614710   ( 282 kB)
[    0.000000]        .bss : 0x80614710 - 0x806305b8   ( 112 kB)
[    0.000000] NR_IRQS:16 nr_irqs:16 16
[    0.000000] i2c controller registered, irq 16
[    0.000000] clocksource: moxart_timer: mask: 0xffffffff max_cycles: 0xffffffff, max_idle_ns: 77222644334 ns
[    0.000000] sched_clock: 32 bits at 100 Hz, resolution 10000000ns, wraps every 21474836475000000ns
[    0.090000] Calibrating delay loop... 789.70 BogoMIPS (lpj=3948544)
[    0.090000] pid_max: default: 32768 minimum: 301
[    0.090000] Mount-cache hash table entries: 1024 (order: 0, 4096 bytes)
[    0.090000] Mountpoint-cache hash table entries: 1024 (order: 0, 4096 bytes)
[    0.090000] CPU: Testing write buffer coherency: ok
[    0.090000] ftrace: allocating 14978 entries in 44 pages
[    0.120000] Setting up static identity map for 0x80008200 - 0x8000825c
[    0.120000] devtmpfs: initialized
[    0.140000] clocksource: jiffies: mask: 0xffffffff max_cycles: 0xffffffff, max_idle_ns: 19112604462750000 ns
[    0.140000] futex hash table entries: 256 (order: -1, 3072 bytes)
[    0.140000] pinctrl core: initialized pinctrl subsystem
[    0.140000] NET: Registered protocol family 16
[    0.140000] DMA: preallocated 256 KiB pool for atomic coherent allocations
[    0.220000] usbcore: registered new interface driver usbfs
[    0.220000] usbcore: registered new interface driver hub
[    0.220000] usbcore: registered new device driver usb
[    0.230000] clocksource: Switched to clocksource moxart_timer
[    0.250000] NET: Registered protocol family 2
[    0.250000] TCP established hash table entries: 4096 (order: 2, 16384 bytes)
[    0.250000] TCP bind hash table entries: 4096 (order: 2, 16384 bytes)
[    0.250000] TCP: Hash tables configured (established 4096 bind 4096)
[    0.250000] UDP hash table entries: 256 (order: 0, 4096 bytes)
[    0.250000] UDP-Lite hash table entries: 256 (order: 0, 4096 bytes)
[    0.250000] NET: Registered protocol family 1
[    0.250000] Trying to unpack rootfs image as initramfs...
[    1.920000] Freeing initrd memory: 1548K
[    1.920000] workingset: timestamp_bits=30 max_order=17 bucket_order=0
[    1.920000] squashfs: version 4.0 (2009/01/31) Phillip Lougher
[    1.920000] jffs2: version 2.2. (SUMMARY)  Â© 2001-2006 Red Hat, Inc.
[    1.920000] Block layer SCSI generic (bsg) driver version 0.4 loaded (major 250)
[    1.920000] io scheduler noop registered
[    1.920000] io scheduler deadline registered
[    1.920000] io scheduler cfq registered (default)
[    1.920000] ipmi-bt-host 1e789140.ibt: Found bt bmc device
[    1.920000] ipmi-bt-host 1e789140.ibt: Using IRQ 22
[    2.070000] Serial: 8250/16550 driver, 6 ports, IRQ sharing enabled
[    2.070000] 1e787000.vuart: ttyS5 at MMIO 0x1e787000 (irq = 22, base_baud = 1500000) is a 16550A
[    2.070000] 1e783000.serial: ttyS0 at MMIO 0x1e783000 (irq = 23, base_baud = 1500000) is a 16550A
[    2.070000] 1e78d000.serial: ttyS1 at MMIO 0x1e78d000 (irq = 24, base_baud = 1500000) is a 16550A
[    2.070000] 1e784000.serial: ttyS4 at MMIO 0x1e784000 (irq = 25, base_baud = 1500000) is a 16550A
[    2.410000] console [ttyS4] enabled
[    2.610000] timeriomem_rng 1e6e2078.hwrng: 32bits from 0xf00e2078 @ 1us
[    2.630000] random: fast init done
[    2.670000] brd: module loaded
[    2.690000] random: crng init done
[    2.700000] loop: module loaded
[    2.700000] aspeed-lpc-ctrl 1e789080.lpc-ctrl: Loaded at 0x98000000 (0x04000000)
[    2.710000] aspeed-smc 1e620000.flash-controller: Using IRQ 18
[    2.710000] aspeed-smc 1e620000.flash-controller: DMA support disabled.
[    2.710000] aspeed-smc 1e620000.flash-controller: mx25l25635e (32768 Kbytes)
[    2.730000] aspeed-smc 1e620000.flash-controller: CE0 window [ 0x20000000 - 0x22000000 ] 32MB
[    2.730000] aspeed-smc 1e620000.flash-controller: CE1 window [ 0x22000000 - 0x2a000000 ] 128MB
[    2.730000] 5 ofpart partitions found on MTD device bmc
[    2.760000] Creating 5 MTD partitions on "bmc":
[    2.770000] 0x000000000000-0x000000060000 : "u-boot"
[    2.770000] 0x000000060000-0x000000080000 : "u-boot-env"
[    2.790000] 0x000000080000-0x0000004c0000 : "kernel"
[    2.800000] 0x0000004c0000-0x000001c00000 : "rofs"
[    2.800000] 0x000001c00000-0x000002000000 : "rwfs"
[    2.820000] aspeed-smc 1e620000.flash-controller: mx25l25635e (32768 Kbytes)
[    2.820000] aspeed-smc 1e620000.flash-controller: CE1 window [ 0x22000000 - 0x24000000 ] 32MB
[    2.830000] aspeed-smc 1e620000.flash-controller: CE2 window [ 0x24000000 - 0x2c000000 ] 128MB
[    2.830000] aspeed-smc 1e630000.flash-controller: mx66l1g45g (131072 Kbytes)
[    2.850000] aspeed-smc 1e630000.flash-controller: CE0 window resized to 120MB (AST2500 HW quirk)
[    2.850000] aspeed-smc 1e630000.flash-controller: CE0 window [ 0x30000000 - 0x37800000 ] 120MB
[    2.850000] aspeed-smc 1e630000.flash-controller: CE0 window too small for chip 128MB
[    2.880000] aspeed-smc 1e630000.flash-controller: CE1 window [ 0x37800000 - 0x38000000 ] 8MB
[    3.600000] libphy: Fixed MDIO Bus: probed
[    3.600000] ftgmac100 1e660000.ethernet: Read MAC address 70:e2:84:14:28:a9 from chip
[    3.600000] ftgmac100 1e660000.ethernet: Using NCSI interface
[    3.600000] ftgmac100 1e660000.ethernet eth0: irq 20, mapped at f0060000
[    3.600000] ehci_hcd: USB 2.0 'Enhanced' Host Controller (EHCI) Driver
[    3.700000] ehci-platform: EHCI generic platform driver
[    3.850000]  fsi0: can't read slave 00:00 -5
[    3.850000] i2c /dev entries driver
[    3.850000] aspeed-i2c-bus 1e78a0c0.i2c-bus: i2c bus 2 registered, irq 26
[    3.850000] aspeed-i2c-bus 1e78a100.i2c-bus: i2c bus 3 registered, irq 27
[    3.850000] aspeed-i2c-bus 1e78a140.i2c-bus: i2c bus 4 registered, irq 28
[    3.850000] aspeed-i2c-bus 1e78a180.i2c-bus: i2c bus 5 registered, irq 29
[    3.850000] aspeed-i2c-bus 1e78a380.i2c-bus: i2c bus 9 registered, irq 30
[    3.850000] aspeed-i2c-bus 1e78a3c0.i2c-bus: i2c bus 10 registered, irq 31
[    3.850000] rtc-rv8803 11-0032: Voltage low, temperature compensation stopped.
[    3.960000] rtc-rv8803 11-0032: rtc core: registered rx8900 as rtc0
[    3.960000] at24 11-0051: 8192 byte 24c64 EEPROM, writable, 1 bytes/write
[    3.960000] aspeed-i2c-bus 1e78a400.i2c-bus: i2c bus 11 registered, irq 32
[    3.960000] aspeed-i2c-bus 1e78a440.i2c-bus: i2c bus 12 registered, irq 33
[    3.960000] aspeed-i2c-bus 1e78a480.i2c-bus: i2c bus 13 registered, irq 34
[    3.960000] Driver for 1-wire Dallas network protocol.
[    3.960000] lm75 9-004a: hwmon0: sensor 'tmp275'
[    5.650000] ucd9000 11-0064: Device ID UCD90160|2.3.4.0000|110603
[    6.330000] leds-pca955x 3-0060: leds-pca955x: Using pca9552 16-bit LED driver at slave address 0x60
[    6.340000] leds-pca955x 3-0060: gpios 264...279
[    6.350000] leds-pca955x 11-0060: leds-pca955x: Using pca9552 16-bit LED driver at slave address 0x60
[    6.360000] leds-pca955x 11-0060: gpios 248...263
[    6.360000] usbcore: registered new interface driver usbhid
[    6.370000] usbhid: USB HID core driver
[    6.400000] dps310 3-0076: iio:device1: sensor 'dps310'
[    6.400000] NET: Registered protocol family 10
[    6.410000] Segment Routing with IPv6
[    6.410000] NET: Registered protocol family 17
[    6.410000] 8021q: 802.1Q VLAN Support v1.8
[    6.430000] input: gpio-keys-polled as /devices/platform/gpio-keys-polled/input/input1
[    6.460000] console [netcon0] enabled
[    6.470000] netconsole: network logging started
[    6.470000] input: gpio-keys as /devices/platform/gpio-keys/input/input2
[    6.480000] rtc-rv8803 11-0032: setting system clock to 2017-09-13 13:44:54 UTC (1505310294)
[    6.490000] Freeing unused kernel memory: 280K
[    6.490000] This architecture does not have kernel memory protection.
[    8.040000] jffs2: notice: (546) jffs2_build_xattr_subsystem: complete building xattr subsystem, 0 of xdatum (0 unchecked, 0 orphan) and 0 of xref (0 dead, 0 orphan) found.
[   15.180000] systemd[1]: Failed to insert module 'autofs4': No such file or directory
[   15.180000] systemd[1]: systemd 232 running in system mode. (+PAM -AUDIT -SELINUX -IMA -APPARMOR -SMACK +SYSVINIT -UTMP -LIBCRYPTSETUP -GCRYPT -GNUTLS +ACL +XZ -LZ4 -SECCOMP +BLKID -ELFUTILS +KMOD -IDN)
[   15.180000] systemd[1]: Detected architecture arm.
[   15.400000] systemd[1]: Set hostname to <witherspoon>.
[   16.980000] systemd[1]: Listening on Syslog Socket.
[   17.130000] systemd[1]: Created slice System Slice.
[   17.170000] systemd[1]: Mounting Debug File System...
[   17.230000] systemd[1]: Created slice system-phosphor\x2dgpio\x2dpresence.slice.
[   17.260000] systemd[1]: Created slice system-phosphor\x2dreset\x2dhost\x2drunning.slice.
[   17.300000] systemd[1]: Created slice system-org.openbmc.control.Chassis.slice.
[   17.350000] systemd[1]: Created slice system-org.openbmc.buttons.reset.slice.
[   19.610000] systemd-journald[603]: Received request to flush runtime journal from PID 1
[   26.640000] ubi7: default fastmap pool size: 100
[   26.640000] ubi7: default fastmap WL pool size: 50
[   26.640000] ubi7: attaching mtd7
[   26.640000] ubi7: scanning is finished
[   26.790000] ubi7: attached mtd7 (name "pnor", size 128 MiB)
[   26.790000] ubi7: PEB size: 65536 bytes (64 KiB), LEB size: 65408 bytes
[   26.790000] ubi7: min./max. I/O unit sizes: 1/256, sub-page size 1
[   26.790000] ubi7: VID header offset: 64 (aligned 64), data offset: 128
[   26.790000] ubi7: good PEBs: 2048, bad PEBs: 0, corrupted PEBs: 0
[   26.790000] ubi7: user volume: 4, internal volumes: 1, max. volumes count: 128
[   26.790000] ubi7: max/mean erase counter: 18/11, WL threshold: 4096, image sequence number: 1192395733
[   26.790000] ubi7: available PEBs: 1110, total reserved PEBs: 938, PEBs reserved for bad PEB handling: 0
[   26.790000] ubi7: background thread "ubi_bgt7d" started, PID 1043
[   26.940000] ubi0: default fastmap pool size: 25
[   26.940000] ubi0: default fastmap WL pool size: 12
[   26.940000] ubi0: attaching mtd0
[   29.300000] ubi0: scanning is finished
[   29.300000] ubi0 error: ubi_read_volume_table: the layout volume was not found
[   29.300000] ubi0 error: ubi_attach_mtd_dev: failed to attach mtd0, error -22
[   35.610000] 8021q: adding VLAN 0 to HW filter on device eth0
[   38.880000] ftgmac100 1e660000.ethernet eth0: ncsi: removed vlan tag 0 at index 1
[   38.880000] ftgmac100 1e660000.ethernet eth0: ncsi: removed vlan tag 0 at index 2
[   38.880000] ftgmac100 1e660000.ethernet eth0: no vlan ids left to set
[   38.880000] ftgmac100 1e660000.ethernet eth0: NCSI interface up
[   47.960000] block ubiblock7_0: created from ubi7:0(pnor-ro-a949160)
[   48.170000] UBIFS (ubi7:1): UBIFS: mounted UBI device 7, volume 1, name "pnor-rw-a949160"
[   48.170000] UBIFS (ubi7:1): LEB size: 65408 bytes (63 KiB), min./max. I/O unit sizes: 8 bytes/256 bytes
[   48.170000] UBIFS (ubi7:1): FS size: 16155776 bytes (15 MiB, 247 LEBs), journal size 784896 bytes (0 MiB, 12 LEBs)
[   48.170000] UBIFS (ubi7:1): reserved for root: 763076 bytes (745 KiB)
[   48.170000] UBIFS (ubi7:1): media format: w5/r0 (latest is w5/r0), UUID CE636DC6-0372-4912-994D-F9516A8FD79D, small LPT model
[   48.170000] UBIFS (ubi7:1): background thread "ubifs_bgt7_1" started, PID 1098
[   50.120000] UBIFS (ubi7:2): UBIFS: mounted UBI device 7, volume 2, name "pnor-prsv"
[   50.120000] UBIFS (ubi7:2): LEB size: 65408 bytes (63 KiB), min./max. I/O unit sizes: 8 bytes/256 bytes
[   50.120000] UBIFS (ubi7:2): FS size: 1504384 bytes (1 MiB, 23 LEBs), journal size 523265 bytes (0 MiB, 6 LEBs)
[   50.120000] UBIFS (ubi7:2): reserved for root: 71055 bytes (69 KiB)
[   50.120000] UBIFS (ubi7:2): media format: w5/r0 (latest is w5/r0), UUID CAFEA19E-94DB-4E3F-A597-CD4BE781E174, small LPT model
[   50.120000] UBIFS (ubi7:2): background thread "ubifs_bgt7_2" started, PID 1108
[   73.880000] UBIFS (ubi7:3): UBIFS: mounted UBI device 7, volume 3, name "pnor-patch"
[   73.970000] UBIFS (ubi7:3): LEB size: 65408 bytes (63 KiB), min./max. I/O unit sizes: 8 bytes/256 bytes
[   73.970000] UBIFS (ubi7:3): FS size: 16155776 bytes (15 MiB, 247 LEBs), journal size 784896 bytes (0 MiB, 12 LEBs)
[   73.970000] UBIFS (ubi7:3): reserved for root: 763076 bytes (745 KiB)
[   73.970000] UBIFS (ubi7:3): media format: w5/r0 (latest is w5/r0), UUID BABB1637-BC68-4CC0-9376-4DB953F1E51D, small LPT model
[   73.970000] UBIFS (ubi7:3): background thread "ubifs_bgt7_3" started, PID 1173
