-- Logs begin at Wed 2017-09-13 13:45:06 UTC, end at Wed 2017-09-13 13:47:18 UTC. --
Sep 13 13:45:06 witherspoon kernel: Booting Linux on physical CPU 0x0
Sep 13 13:45:06 witherspoon kernel: Linux version 4.10.17-b95f53ea200a6573035a25ab6ddebe917635eeb6 (jenkins@openbmc-builder1) (gcc version 6.2.0 (GCC) ) #1 Wed Sep 13 13:15:15 UTC 2017
Sep 13 13:45:06 witherspoon kernel: CPU: ARMv6-compatible processor [410fb767] revision 7 (ARMv7), cr=00c5387d
Sep 13 13:45:06 witherspoon kernel: CPU: PIPT / VIPT nonaliasing data cache, VIPT nonaliasing instruction cache
Sep 13 13:45:06 witherspoon kernel: OF: fdt:Machine model: Witherspoon BMC
Sep 13 13:45:06 witherspoon kernel: Memory policy: Data cache writeback
Sep 13 13:45:06 witherspoon kernel: SOC Rev: 04030303
Sep 13 13:45:06 witherspoon kernel: On node 0 totalpages: 110592
Sep 13 13:45:06 witherspoon kernel: free_area_init_node: node 0, pgdat 80601864, node_mem_map 9ec1a000
Sep 13 13:45:06 witherspoon kernel:   Normal zone: 992 pages used for memmap
Sep 13 13:45:06 witherspoon kernel:   Normal zone: 0 pages reserved
Sep 13 13:45:06 witherspoon kernel:   Normal zone: 110592 pages, LIFO batch:31
Sep 13 13:45:06 witherspoon kernel: pcpu-alloc: s0 r0 d32768 u32768 alloc=1*32768
Sep 13 13:45:06 witherspoon kernel: pcpu-alloc: [0] 0 
Sep 13 13:45:06 witherspoon kernel: Built 1 zonelists in Zone order, mobility grouping on.  Total pages: 109600
Sep 13 13:45:06 witherspoon kernel: Kernel command line: console=ttyS4,115200n8 root=/dev/ram rw
Sep 13 13:45:06 witherspoon kernel: PID hash table entries: 2048 (order: 1, 8192 bytes)
Sep 13 13:45:06 witherspoon kernel: Dentry cache hash table entries: 65536 (order: 6, 262144 bytes)
Sep 13 13:45:06 witherspoon kernel: Inode-cache hash table entries: 32768 (order: 5, 131072 bytes)
Sep 13 13:45:06 witherspoon kernel: Memory: 430416K/442368K available (4075K kernel code, 281K rwdata, 1196K rodata, 280K init, 111K bss, 11952K reserved, 0K cma-reserved)
Sep 13 13:45:06 witherspoon kernel: Virtual kernel memory layout:
                                        vector  : 0xffff0000 - 0xffff1000   (   4 kB)
                                        fixmap  : 0xffc00000 - 0xfff00000   (3072 kB)
                                        vmalloc : 0x9f800000 - 0xff800000   (1536 MB)
                                        lowmem  : 0x80000000 - 0x9f000000   ( 496 MB)
                                          .text : 0x80008000 - 0x80402f80   (4076 kB)
                                          .init : 0x80588000 - 0x805ce000   ( 280 kB)
                                          .data : 0x805ce000 - 0x80614710   ( 282 kB)
                                           .bss : 0x80614710 - 0x806305b8   ( 112 kB)
Sep 13 13:45:06 witherspoon kernel: NR_IRQS:16 nr_irqs:16 16
Sep 13 13:45:06 witherspoon kernel: i2c controller registered, irq 16
Sep 13 13:45:06 witherspoon kernel: clocksource: moxart_timer: mask: 0xffffffff max_cycles: 0xffffffff, max_idle_ns: 77222644334 ns
Sep 13 13:45:06 witherspoon kernel: sched_clock: 32 bits at 100 Hz, resolution 10000000ns, wraps every 21474836475000000ns
Sep 13 13:45:06 witherspoon kernel: Calibrating delay loop... 789.70 BogoMIPS (lpj=3948544)
Sep 13 13:45:06 witherspoon kernel: pid_max: default: 32768 minimum: 301
Sep 13 13:45:06 witherspoon kernel: Mount-cache hash table entries: 1024 (order: 0, 4096 bytes)
Sep 13 13:45:06 witherspoon kernel: Mountpoint-cache hash table entries: 1024 (order: 0, 4096 bytes)
Sep 13 13:45:06 witherspoon kernel: CPU: Testing write buffer coherency: ok
Sep 13 13:45:06 witherspoon kernel: ftrace: allocating 14978 entries in 44 pages
Sep 13 13:45:06 witherspoon kernel: Setting up static identity map for 0x80008200 - 0x8000825c
Sep 13 13:45:06 witherspoon kernel: devtmpfs: initialized
Sep 13 13:45:06 witherspoon kernel: clocksource: jiffies: mask: 0xffffffff max_cycles: 0xffffffff, max_idle_ns: 19112604462750000 ns
Sep 13 13:45:06 witherspoon kernel: futex hash table entries: 256 (order: -1, 3072 bytes)
Sep 13 13:45:06 witherspoon kernel: pinctrl core: initialized pinctrl subsystem
Sep 13 13:45:06 witherspoon kernel: NET: Registered protocol family 16
Sep 13 13:45:06 witherspoon kernel: DMA: preallocated 256 KiB pool for atomic coherent allocations
Sep 13 13:45:06 witherspoon kernel: usbcore: registered new interface driver usbfs
Sep 13 13:45:06 witherspoon kernel: usbcore: registered new interface driver hub
Sep 13 13:45:06 witherspoon kernel: usbcore: registered new device driver usb
Sep 13 13:45:06 witherspoon kernel: clocksource: Switched to clocksource moxart_timer
Sep 13 13:45:06 witherspoon kernel: NET: Registered protocol family 2
Sep 13 13:45:06 witherspoon kernel: TCP established hash table entries: 4096 (order: 2, 16384 bytes)
Sep 13 13:45:06 witherspoon kernel: TCP bind hash table entries: 4096 (order: 2, 16384 bytes)
Sep 13 13:45:06 witherspoon kernel: TCP: Hash tables configured (established 4096 bind 4096)
Sep 13 13:45:06 witherspoon kernel: UDP hash table entries: 256 (order: 0, 4096 bytes)
Sep 13 13:45:06 witherspoon kernel: UDP-Lite hash table entries: 256 (order: 0, 4096 bytes)
Sep 13 13:45:06 witherspoon kernel: NET: Registered protocol family 1
Sep 13 13:45:06 witherspoon kernel: Trying to unpack rootfs image as initramfs...
Sep 13 13:45:06 witherspoon kernel: Freeing initrd memory: 1548K
Sep 13 13:45:06 witherspoon kernel: workingset: timestamp_bits=30 max_order=17 bucket_order=0
Sep 13 13:45:06 witherspoon kernel: squashfs: version 4.0 (2009/01/31) Phillip Lougher
Sep 13 13:45:06 witherspoon kernel: jffs2: version 2.2. (SUMMARY)  © 2001-2006 Red Hat, Inc.
Sep 13 13:45:06 witherspoon kernel: Block layer SCSI generic (bsg) driver version 0.4 loaded (major 250)
Sep 13 13:45:06 witherspoon kernel: io scheduler noop registered
Sep 13 13:45:06 witherspoon kernel: io scheduler deadline registered
Sep 13 13:45:06 witherspoon kernel: io scheduler cfq registered (default)
Sep 13 13:45:06 witherspoon kernel: ipmi-bt-host 1e789140.ibt: Found bt bmc device
Sep 13 13:45:06 witherspoon kernel: ipmi-bt-host 1e789140.ibt: Using IRQ 22
Sep 13 13:45:06 witherspoon kernel: Serial: 8250/16550 driver, 6 ports, IRQ sharing enabled
Sep 13 13:45:06 witherspoon kernel: 1e787000.vuart: ttyS5 at MMIO 0x1e787000 (irq = 22, base_baud = 1500000) is a 16550A
Sep 13 13:45:06 witherspoon kernel: 1e783000.serial: ttyS0 at MMIO 0x1e783000 (irq = 23, base_baud = 1500000) is a 16550A
Sep 13 13:45:06 witherspoon kernel: 1e78d000.serial: ttyS1 at MMIO 0x1e78d000 (irq = 24, base_baud = 1500000) is a 16550A
Sep 13 13:45:06 witherspoon kernel: 1e784000.serial: ttyS4 at MMIO 0x1e784000 (irq = 25, base_baud = 1500000) is a 16550A
Sep 13 13:45:06 witherspoon kernel: console [ttyS4] enabled
Sep 13 13:45:06 witherspoon kernel: timeriomem_rng 1e6e2078.hwrng: 32bits from 0xf00e2078 @ 1us
Sep 13 13:45:06 witherspoon kernel: random: fast init done
Sep 13 13:45:06 witherspoon kernel: brd: module loaded
Sep 13 13:45:06 witherspoon kernel: random: crng init done
Sep 13 13:45:06 witherspoon kernel: loop: module loaded
Sep 13 13:45:06 witherspoon kernel: aspeed-lpc-ctrl 1e789080.lpc-ctrl: Loaded at 0x98000000 (0x04000000)
Sep 13 13:45:06 witherspoon kernel: aspeed-smc 1e620000.flash-controller: Using IRQ 18
Sep 13 13:45:06 witherspoon kernel: aspeed-smc 1e620000.flash-controller: DMA support disabled.
Sep 13 13:45:06 witherspoon kernel: aspeed-smc 1e620000.flash-controller: mx25l25635e (32768 Kbytes)
Sep 13 13:45:06 witherspoon kernel: aspeed-smc 1e620000.flash-controller: CE0 window [ 0x20000000 - 0x22000000 ] 32MB
Sep 13 13:45:06 witherspoon kernel: aspeed-smc 1e620000.flash-controller: CE1 window [ 0x22000000 - 0x2a000000 ] 128MB
Sep 13 13:45:06 witherspoon kernel: 5 ofpart partitions found on MTD device bmc
Sep 13 13:45:06 witherspoon kernel: Creating 5 MTD partitions on "bmc":
Sep 13 13:45:06 witherspoon kernel: 0x000000000000-0x000000060000 : "u-boot"
Sep 13 13:45:06 witherspoon kernel: 0x000000060000-0x000000080000 : "u-boot-env"
Sep 13 13:45:06 witherspoon kernel: 0x000000080000-0x0000004c0000 : "kernel"
Sep 13 13:45:06 witherspoon kernel: 0x0000004c0000-0x000001c00000 : "rofs"
Sep 13 13:45:06 witherspoon kernel: 0x000001c00000-0x000002000000 : "rwfs"
Sep 13 13:45:06 witherspoon kernel: aspeed-smc 1e620000.flash-controller: mx25l25635e (32768 Kbytes)
Sep 13 13:45:06 witherspoon kernel: aspeed-smc 1e620000.flash-controller: CE1 window [ 0x22000000 - 0x24000000 ] 32MB
Sep 13 13:45:06 witherspoon kernel: aspeed-smc 1e620000.flash-controller: CE2 window [ 0x24000000 - 0x2c000000 ] 128MB
Sep 13 13:45:06 witherspoon kernel: aspeed-smc 1e630000.flash-controller: mx66l1g45g (131072 Kbytes)
Sep 13 13:45:06 witherspoon kernel: aspeed-smc 1e630000.flash-controller: CE0 window resized to 120MB (AST2500 HW quirk)
Sep 13 13:45:06 witherspoon kernel: aspeed-smc 1e630000.flash-controller: CE0 window [ 0x30000000 - 0x37800000 ] 120MB
Sep 13 13:45:06 witherspoon kernel: aspeed-smc 1e630000.flash-controller: CE0 window too small for chip 128MB
Sep 13 13:45:06 witherspoon kernel: aspeed-smc 1e630000.flash-controller: CE1 window [ 0x37800000 - 0x38000000 ] 8MB
Sep 13 13:45:06 witherspoon kernel: libphy: Fixed MDIO Bus: probed
Sep 13 13:45:06 witherspoon kernel: ftgmac100 1e660000.ethernet: Read MAC address 70:e2:84:14:28:a9 from chip
Sep 13 13:45:06 witherspoon kernel: ftgmac100 1e660000.ethernet: Using NCSI interface
Sep 13 13:45:06 witherspoon kernel: ftgmac100 1e660000.ethernet eth0: irq 20, mapped at f0060000
Sep 13 13:45:06 witherspoon kernel: ehci_hcd: USB 2.0 'Enhanced' Host Controller (EHCI) Driver
Sep 13 13:45:06 witherspoon kernel: ehci-platform: EHCI generic platform driver
Sep 13 13:45:06 witherspoon kernel:  fsi0: can't read slave 00:00 -5
Sep 13 13:45:06 witherspoon kernel: i2c /dev entries driver
Sep 13 13:45:06 witherspoon kernel: aspeed-i2c-bus 1e78a0c0.i2c-bus: i2c bus 2 registered, irq 26
Sep 13 13:45:06 witherspoon kernel: aspeed-i2c-bus 1e78a100.i2c-bus: i2c bus 3 registered, irq 27
Sep 13 13:45:06 witherspoon kernel: aspeed-i2c-bus 1e78a140.i2c-bus: i2c bus 4 registered, irq 28
Sep 13 13:45:06 witherspoon kernel: aspeed-i2c-bus 1e78a180.i2c-bus: i2c bus 5 registered, irq 29
Sep 13 13:45:06 witherspoon kernel: aspeed-i2c-bus 1e78a380.i2c-bus: i2c bus 9 registered, irq 30
Sep 13 13:45:06 witherspoon kernel: aspeed-i2c-bus 1e78a3c0.i2c-bus: i2c bus 10 registered, irq 31
Sep 13 13:45:06 witherspoon kernel: rtc-rv8803 11-0032: Voltage low, temperature compensation stopped.
Sep 13 13:45:06 witherspoon kernel: rtc-rv8803 11-0032: rtc core: registered rx8900 as rtc0
Sep 13 13:45:06 witherspoon kernel: at24 11-0051: 8192 byte 24c64 EEPROM, writable, 1 bytes/write
Sep 13 13:45:06 witherspoon kernel: aspeed-i2c-bus 1e78a400.i2c-bus: i2c bus 11 registered, irq 32
Sep 13 13:45:06 witherspoon kernel: aspeed-i2c-bus 1e78a440.i2c-bus: i2c bus 12 registered, irq 33
Sep 13 13:45:06 witherspoon kernel: aspeed-i2c-bus 1e78a480.i2c-bus: i2c bus 13 registered, irq 34
Sep 13 13:45:06 witherspoon kernel: Driver for 1-wire Dallas network protocol.
Sep 13 13:45:06 witherspoon kernel: lm75 9-004a: hwmon0: sensor 'tmp275'
Sep 13 13:45:06 witherspoon kernel: ucd9000 11-0064: Device ID UCD90160|2.3.4.0000|110603
Sep 13 13:45:06 witherspoon kernel: leds-pca955x 3-0060: leds-pca955x: Using pca9552 16-bit LED driver at slave address 0x60
Sep 13 13:45:06 witherspoon kernel: leds-pca955x 3-0060: gpios 264...279
Sep 13 13:45:06 witherspoon kernel: leds-pca955x 11-0060: leds-pca955x: Using pca9552 16-bit LED driver at slave address 0x60
Sep 13 13:45:06 witherspoon kernel: leds-pca955x 11-0060: gpios 248...263
Sep 13 13:45:06 witherspoon kernel: usbcore: registered new interface driver usbhid
Sep 13 13:45:06 witherspoon kernel: usbhid: USB HID core driver
Sep 13 13:45:06 witherspoon kernel: dps310 3-0076: iio:device1: sensor 'dps310'
Sep 13 13:45:06 witherspoon kernel: NET: Registered protocol family 10
Sep 13 13:45:06 witherspoon kernel: Segment Routing with IPv6
Sep 13 13:45:06 witherspoon kernel: NET: Registered protocol family 17
Sep 13 13:45:06 witherspoon kernel: 8021q: 802.1Q VLAN Support v1.8
Sep 13 13:45:06 witherspoon kernel: input: gpio-keys-polled as /devices/platform/gpio-keys-polled/input/input1
Sep 13 13:45:06 witherspoon kernel: console [netcon0] enabled
Sep 13 13:45:06 witherspoon kernel: netconsole: network logging started
Sep 13 13:45:06 witherspoon kernel: input: gpio-keys as /devices/platform/gpio-keys/input/input2
Sep 13 13:45:06 witherspoon kernel: rtc-rv8803 11-0032: setting system clock to 2017-09-13 13:44:54 UTC (1505310294)
Sep 13 13:45:06 witherspoon kernel: Freeing unused kernel memory: 280K
Sep 13 13:45:06 witherspoon kernel: This architecture does not have kernel memory protection.
Sep 13 13:45:06 witherspoon kernel: jffs2: notice: (546) jffs2_build_xattr_subsystem: complete building xattr subsystem, 0 of xdatum (0 unchecked, 0 orphan) and 0 of xref (0 dead, 0 orphan) found.
Sep 13 13:45:06 witherspoon systemd[1]: Failed to insert module 'autofs4': No such file or directory
Sep 13 13:45:06 witherspoon systemd[1]: systemd 232 running in system mode. (+PAM -AUDIT -SELINUX -IMA -APPARMOR -SMACK +SYSVINIT -UTMP -LIBCRYPTSETUP -GCRYPT -GNUTLS +ACL +XZ -LZ4 -SECCOMP +BLKID -ELFUTILS +KMOD -IDN)
Sep 13 13:45:06 witherspoon systemd[1]: Detected architecture arm.
Sep 13 13:45:06 witherspoon systemd[1]: Set hostname to <witherspoon>.
Sep 13 13:45:06 witherspoon systemd[1]: Listening on Syslog Socket.
Sep 13 13:45:06 witherspoon systemd[1]: Created slice System Slice.
Sep 13 13:45:06 witherspoon systemd[1]: Mounting Debug File System...
Sep 13 13:45:06 witherspoon systemd[1]: Created slice system-phosphor\x2dgpio\x2dpresence.slice.
Sep 13 13:45:06 witherspoon systemd[1]: Created slice system-phosphor\x2dreset\x2dhost\x2drunning.slice.
Sep 13 13:45:06 witherspoon systemd[1]: Created slice system-org.openbmc.control.Chassis.slice.
Sep 13 13:45:06 witherspoon systemd[1]: Created slice system-org.openbmc.buttons.reset.slice.
Sep 13 13:45:06 witherspoon systemd-journald[603]: Journal started
Sep 13 13:45:06 witherspoon systemd-journald[603]: Runtime journal (/run/log/journal/12c6a00ebfdd479284cf09f39d1bc042) is 0B, max 0B, 0B free.
Sep 13 13:45:06 witherspoon systemd-sysctl[602]: Couldn't write '16' to 'kernel/sysrq', ignoring: No such file or directory
Sep 13 13:45:06 witherspoon systemd-sysctl[602]: Couldn't write 'fq_codel' to 'net/core/default_qdisc', ignoring: No such file or directory
Sep 13 13:45:07 witherspoon systemd[1]: Started Remount Root and Kernel File Systems.
Sep 13 13:45:07 witherspoon systemd[1]: Started Apply Kernel Variables.
Sep 13 13:45:07 witherspoon systemd[1]: Starting Create System Users...
Sep 13 13:45:07 witherspoon systemd[1]: Starting Flush Journal to Persistent Storage...
Sep 13 13:45:07 witherspoon systemd-journald[603]: Runtime journal (/run/log/journal/12c6a00ebfdd479284cf09f39d1bc042) is 0B, max 0B, 0B free.
Sep 13 13:45:07 witherspoon systemd[1]: Started Flush Journal to Persistent Storage.
Sep 13 13:45:07 witherspoon systemd[1]: Started Create System Users.
Sep 13 13:45:07 witherspoon systemd[1]: Starting Create Static Device Nodes in /dev...
Sep 13 13:45:07 witherspoon systemd[1]: Started Create Static Device Nodes in /dev.
Sep 13 13:45:07 witherspoon systemd[1]: Starting udev Kernel Device Manager...
Sep 13 13:45:07 witherspoon systemd[1]: Reached target Local File Systems (Pre).
Sep 13 13:45:08 witherspoon systemd[1]: Mounting /usr/local...
Sep 13 13:45:08 witherspoon systemd[1]: Mounting /var/volatile...
Sep 13 13:45:08 witherspoon systemd[1]: Mounted /var/volatile.
Sep 13 13:45:08 witherspoon systemd[1]: Starting Load/Save Random Seed...
Sep 13 13:45:08 witherspoon systemd[1]: Reached target Local File Systems.
Sep 13 13:45:08 witherspoon systemd[1]: Starting Rebuild Journal Catalog...
Sep 13 13:45:08 witherspoon systemd[1]: Starting Create Volatile Files and Directories...
Sep 13 13:45:08 witherspoon systemd[1]: Mounted /usr/local.
Sep 13 13:45:08 witherspoon systemd[1]: Started Load/Save Random Seed.
Sep 13 13:45:08 witherspoon systemd[1]: Started Rebuild Journal Catalog.
Sep 13 13:45:08 witherspoon systemd[1]: Starting Update is Completed...
Sep 13 13:45:08 witherspoon systemd-tmpfiles[727]: "/var/tmp" already exists and is not a directory.
Sep 13 13:45:08 witherspoon systemd-tmpfiles[727]: "/var/log" already exists and is not a directory.
Sep 13 13:45:09 witherspoon systemd[1]: Started Update is Completed.
Sep 13 13:45:09 witherspoon systemd[1]: Started Create Volatile Files and Directories.
Sep 13 13:45:09 witherspoon systemd[1]: Started udev Kernel Device Manager.
Sep 13 13:45:09 witherspoon systemd[1]: Starting Network Time Synchronization...
Sep 13 13:45:09 witherspoon systemd[1]: Started udev Coldplug all Devices.
Sep 13 13:45:09 witherspoon systemd[1]: Started Network Time Synchronization.
Sep 13 13:45:10 witherspoon systemd[1]: Reached target System Initialization.
Sep 13 13:45:10 witherspoon systemd[1]: Listening on Phosphor Webserver socket.
Sep 13 13:45:10 witherspoon systemd[1]: Listening on Phosphor DBUS Browser socket.
Sep 13 13:45:10 witherspoon systemd[1]: Started Daily Cleanup of Temporary Directories.
Sep 13 13:45:10 witherspoon systemd[1]: Reached target Timers.
Sep 13 13:45:10 witherspoon systemd[1]: Listening on phosphor-ipmi-net.socket.
Sep 13 13:45:10 witherspoon systemd[1]: Listening on dropbear.socket.
Sep 13 13:45:11 witherspoon systemd[1]: Listening on Phosphor Host Console SSH Per-Connection socket.
Sep 13 13:45:11 witherspoon systemd[1]: Listening on Avahi mDNS/DNS-SD Stack Activation Socket.
Sep 13 13:45:11 witherspoon systemd[1]: Listening on D-Bus System Message Bus Socket.
Sep 13 13:45:11 witherspoon systemd[1]: Reached target Sockets.
Sep 13 13:45:11 witherspoon systemd[1]: Reached target Basic System.
Sep 13 13:45:11 witherspoon systemd[1]: Starting Phosphor Inventory Manager...
Sep 13 13:45:11 witherspoon systemd[1]: Starting Check PNOR UBI format...
Sep 13 13:45:11 witherspoon systemd[1]: Starting Clear one time boot overrides...
Sep 13 13:45:11 witherspoon systemd[1]: Starting Updates symlinks for active PNOR version...
Sep 13 13:45:11 witherspoon systemd[1]: Starting Phosphor Settings Daemon...
Sep 13 13:45:11 witherspoon systemd[1]: Starting Remount the squashfs and ubi volumes after a reboot...
Sep 13 13:45:11 witherspoon systemd[1]: Starting Phosphor Sensor Manager...
Sep 13 13:45:11 witherspoon systemd[1]: Starting Phosphor Chassis0 Control...
Sep 13 13:45:11 witherspoon systemd[1]: Started Phosphor Dump core monitor..
Sep 13 13:45:11 witherspoon systemd[1]: Mounting /var/lib/systemd/coredump...
Sep 13 13:45:11 witherspoon systemd[1]: Starting Remount the ubi volume after a reboot...
Sep 13 13:45:12 witherspoon systemd[1]: Starting Phosphor User Manager...
Sep 13 13:45:12 witherspoon systemd[1]: Reached target Containers.
Sep 13 13:45:12 witherspoon systemd[1]: Started Hardware RNG Entropy Gatherer Daemon.
Sep 13 13:45:12 witherspoon systemd[1]: Starting Phosphor IPMI BT DBus Bridge...
Sep 13 13:45:13 witherspoon kernel[1007]: klogd started: BusyBox v1.24.1 (2017-06-16 19:29:08 UTC)
Sep 13 13:45:13 witherspoon kernel[1007]: [    0.000000] Booting Linux on physical CPU 0x0
Sep 13 13:45:13 witherspoon kernel[1007]: [    0.000000] Linux version 4.10.17-b95f53ea200a6573035a25ab6ddebe917635eeb6 (jenkins@openbmc-builder1) (gcc version 6.2.0 (GCC) ) #1 Wed Sep 13 13:15:15 UTC 2017
Sep 13 13:45:13 witherspoon kernel[1007]: [    0.000000] CPU: ARMv6-compatible processor [410fb767] revision 7 (ARMv7), cr=00c5387d
Sep 13 13:45:13 witherspoon kernel[1007]: [    0.000000] CPU: PIPT / VIPT nonaliasing data cache, VIPT nonaliasing instruction cache
Sep 13 13:45:13 witherspoon kernel[1007]: [    0.000000] OF: fdt:Machine model: Witherspoon BMC
Sep 13 13:45:13 witherspoon kernel[1007]: [    0.000000] Memory policy: Data cache writeback
Sep 13 13:45:13 witherspoon systemd[1]: Started Kernel Logging Service.
Sep 13 13:45:14 witherspoon obmc-flash-bios[993]: ls: /media/pnor-ro-*: No such file or directory
Sep 13 13:45:13 witherspoon kernel[1007]: [    0.000000] SOC Rev: 04030303
Sep 13 13:45:13 witherspoon systemd[1]: Starting Phosphor Download Manager...
Sep 13 13:45:13 witherspoon kernel[1007]: [    0.000000] On node 0 totalpages: 110592
Sep 13 13:45:13 witherspoon systemd[1]: Started System Logging Service.
Sep 13 13:45:13 witherspoon kernel[1007]: [    0.000000] free_area_init_node: node 0, pgdat 80601864, node_mem_map 9ec1a000
Sep 13 13:45:13 witherspoon systemd[1]: Starting Phosphor LED Group Management Daemon...
Sep 13 13:45:13 witherspoon kernel[1007]: [    0.000000]   Normal zone: 992 pages used for memmap
Sep 13 13:45:13 witherspoon systemd[1]: Starting Phosphor BMC0 Control...
Sep 13 13:45:13 witherspoon kernel[1007]: [    0.000000]   Normal zone: 0 pages reserved
Sep 13 13:45:13 witherspoon systemd[1]: Starting Avahi mDNS/DNS-SD Stack...
Sep 13 13:45:13 witherspoon kernel[1007]: [    0.000000]   Normal zone: 110592 pages, LIFO batch:31
Sep 13 13:45:14 witherspoon systemd[1]: Starting Phosphor Log Manager...
Sep 13 13:45:13 witherspoon kernel[1007]: [    0.000000] pcpu-alloc: s0 r0 d32768 u32768 alloc=1*32768
Sep 13 13:45:14 witherspoon systemd[1]: Started D-Bus System Message Bus.
Sep 13 13:45:13 witherspoon kernel[1007]: [    0.000000] pcpu-alloc: [0] 0
Sep 13 13:45:13 witherspoon kernel[1007]: [    0.000000] Built 1 zonelists in Zone order, mobility grouping on.  Total pages: 109600
Sep 13 13:45:13 witherspoon kernel[1007]: [    0.000000] Kernel command line: console=ttyS4,115200n8 root=/dev/ram rw
Sep 13 13:45:13 witherspoon kernel[1007]: [    0.000000] PID hash table entries: 2048 (order: 1, 8192 bytes)
Sep 13 13:45:13 witherspoon kernel[1007]: [    0.000000] Dentry cache hash table entries: 65536 (order: 6, 262144 bytes)
Sep 13 13:45:13 witherspoon kernel[1007]: [    0.000000] Inode-cache hash table entries: 32768 (order: 5, 131072 bytes)
Sep 13 13:45:13 witherspoon kernel[1007]: [    0.000000] Memory: 430416K/442368K available (4075K kernel code, 281K rwdata, 1196K rodata, 280K init, 111K bss, 11952K reserved, 0K cma-reserved)
Sep 13 13:45:13 witherspoon kernel[1007]: [    0.000000] Virtual kernel memory layout:
Sep 13 13:45:13 witherspoon kernel[1007]: [    0.000000]     vector  : 0xffff0000 - 0xffff1000   (   4 kB)
Sep 13 13:45:13 witherspoon kernel[1007]: [    0.000000]     fixmap  : 0xffc00000 - 0xfff00000   (3072 kB)
Sep 13 13:45:13 witherspoon kernel[1007]: [    0.000000]     vmalloc : 0x9f800000 - 0xff800000   (1536 MB)
Sep 13 13:45:13 witherspoon kernel[1007]: [    0.000000]     lowmem  : 0x80000000 - 0x9f000000   ( 496 MB)
Sep 13 13:45:17 witherspoon kernel: ubi7: default fastmap pool size: 100
Sep 13 13:45:17 witherspoon kernel: ubi7: default fastmap WL pool size: 50
Sep 13 13:45:17 witherspoon kernel: ubi7: attaching mtd7
Sep 13 13:45:17 witherspoon kernel: ubi7: scanning is finished
Sep 13 13:45:17 witherspoon kernel: ubi7: attached mtd7 (name "pnor", size 128 MiB)
Sep 13 13:45:17 witherspoon kernel: ubi7: PEB size: 65536 bytes (64 KiB), LEB size: 65408 bytes
Sep 13 13:45:17 witherspoon kernel: ubi7: min./max. I/O unit sizes: 1/256, sub-page size 1
Sep 13 13:45:17 witherspoon kernel: ubi7: VID header offset: 64 (aligned 64), data offset: 128
Sep 13 13:45:17 witherspoon kernel: ubi7: good PEBs: 2048, bad PEBs: 0, corrupted PEBs: 0
Sep 13 13:45:17 witherspoon kernel: ubi7: user volume: 4, internal volumes: 1, max. volumes count: 128
Sep 13 13:45:17 witherspoon kernel: ubi7: max/mean erase counter: 18/11, WL threshold: 4096, image sequence number: 1192395733
Sep 13 13:45:17 witherspoon kernel: ubi7: available PEBs: 1110, total reserved PEBs: 938, PEBs reserved for bad PEB handling: 0
Sep 13 13:45:17 witherspoon kernel: ubi7: background thread "ubi_bgt7d" started, PID 1043
Sep 13 13:45:17 witherspoon kernel: ubi0: default fastmap pool size: 25
Sep 13 13:45:17 witherspoon kernel: ubi0: default fastmap WL pool size: 12
Sep 13 13:45:17 witherspoon kernel: ubi0: attaching mtd0
Sep 13 13:45:17 witherspoon obmc-flash-bios[995]: UBI device number 7, total 2048 LEBs (133955584 bytes, 127.8 MiB), available 1110 LEBs (72602880 bytes, 69.2 MiB), LEB size 65408 bytes (63.9 KiB)
Sep 13 13:45:13 witherspoon kernel[1007]: [    0.000000]       .text : 0x80008000 - 0x80402f80   (4076 kB)
Sep 13 13:45:13 witherspoon kernel[1007]: [    0.000000]       .init : 0x80588000 - 0x805ce000   ( 280 kB)
Sep 13 13:45:13 witherspoon kernel[1007]: [    0.000000]       .data : 0x805ce000 - 0x80614710   ( 282 kB)
Sep 13 13:45:13 witherspoon kernel[1007]: [    0.000000]        .bss : 0x80614710 - 0x806305b8   ( 112 kB)
Sep 13 13:45:13 witherspoon kernel[1007]: [    0.000000] NR_IRQS:16 nr_irqs:16 16
Sep 13 13:45:13 witherspoon kernel[1007]: [    0.000000] i2c controller registered, irq 16
Sep 13 13:45:13 witherspoon kernel[1007]: [    0.000000] clocksource: moxart_timer: mask: 0xffffffff max_cycles: 0xffffffff, max_idle_ns: 77222644334 ns
Sep 13 13:45:13 witherspoon kernel[1007]: [    0.000000] sched_clock: 32 bits at 100 Hz, resolution 10000000ns, wraps every 21474836475000000ns
Sep 13 13:45:13 witherspoon kernel[1007]: [    0.090000] Calibrating delay loop... 789.70 BogoMIPS (lpj=3948544)
Sep 13 13:45:13 witherspoon kernel[1007]: [    0.090000] pid_max: default: 32768 minimum: 301
Sep 13 13:45:13 witherspoon kernel[1007]: [    0.090000] Mount-cache hash table entries: 1024 (order: 0, 4096 bytes)
Sep 13 13:45:13 witherspoon kernel[1007]: [    0.090000] Mountpoint-cache hash table entries: 1024 (order: 0, 4096 bytes)
Sep 13 13:45:13 witherspoon kernel[1007]: [    0.090000] CPU: Testing write buffer coherency: ok
Sep 13 13:45:13 witherspoon kernel[1007]: [    0.090000] ftrace: allocating 14978 entries in 44 pages
Sep 13 13:45:13 witherspoon kernel[1007]: [    0.120000] Setting up static identity map for 0x80008200 - 0x8000825c
Sep 13 13:45:13 witherspoon kernel[1007]: [    0.120000] devtmpfs: initialized
Sep 13 13:45:13 witherspoon kernel[1007]: [    0.140000] clocksource: jiffies: mask: 0xffffffff max_cycles: 0xffffffff, max_idle_ns: 19112604462750000 ns
Sep 13 13:45:13 witherspoon kernel[1007]: [    0.140000] futex hash table entries: 256 (order: -1, 3072 bytes)
Sep 13 13:45:13 witherspoon kernel[1007]: [    0.140000] pinctrl core: initialized pinctrl subsystem
Sep 13 13:45:13 witherspoon kernel[1007]: [    0.140000] NET: Registered protocol family 16
Sep 13 13:45:13 witherspoon kernel[1007]: [    0.140000] DMA: preallocated 256 KiB pool for atomic coherent allocations
Sep 13 13:45:13 witherspoon kernel[1007]: [    0.220000] usbcore: registered new interface driver usbfs
Sep 13 13:45:13 witherspoon kernel[1007]: [    0.220000] usbcore: registered new interface driver hub
Sep 13 13:45:13 witherspoon kernel[1007]: [    0.220000] usbcore: registered new device driver usb
Sep 13 13:45:13 witherspoon kernel[1007]: [    0.230000] clocksource: Switched to clocksource moxart_timer
Sep 13 13:45:13 witherspoon kernel[1007]: [    0.250000] NET: Registered protocol family 2
Sep 13 13:45:13 witherspoon kernel[1007]: [    0.250000] TCP established hash table entries: 4096 (order: 2, 16384 bytes)
Sep 13 13:45:13 witherspoon kernel[1007]: [    0.250000] TCP bind hash table entries: 4096 (order: 2, 16384 bytes)
Sep 13 13:45:13 witherspoon kernel[1007]: [    0.250000] TCP: Hash tables configured (established 4096 bind 4096)
Sep 13 13:45:13 witherspoon kernel[1007]: [    0.250000] UDP hash table entries: 256 (order: 0, 4096 bytes)
Sep 13 13:45:13 witherspoon kernel[1007]: [    0.250000] UDP-Lite hash table entries: 256 (order: 0, 4096 bytes)
Sep 13 13:45:13 witherspoon kernel[1007]: [    0.250000] NET: Registered protocol family 1
Sep 13 13:45:13 witherspoon kernel[1007]: [    0.250000] Trying to unpack rootfs image as initramfs...
Sep 13 13:45:13 witherspoon kernel[1007]: [    1.920000] Freeing initrd memory: 1548K
Sep 13 13:45:13 witherspoon kernel[1007]: [    1.920000] workingset: timestamp_bits=30 max_order=17 bucket_order=0
Sep 13 13:45:13 witherspoon kernel[1007]: [    1.920000] squashfs: version 4.0 (2009/01/31) Phillip Lougher
Sep 13 13:45:13 witherspoon kernel[1007]: [    1.920000] jffs2: version 2.2. (SUMMARY)  © 2001-2006 Red Hat, Inc.
Sep 13 13:45:13 witherspoon kernel[1007]: [    1.920000] Block layer SCSI generic (bsg) driver version 0.4 loaded (major 250)
Sep 13 13:45:13 witherspoon kernel[1007]: [    1.920000] io scheduler noop registered
Sep 13 13:45:13 witherspoon kernel[1007]: [    1.920000] io scheduler deadline registered
Sep 13 13:45:13 witherspoon kernel[1007]: [    1.920000] io scheduler cfq registered (default)
Sep 13 13:45:13 witherspoon kernel[1007]: [    1.920000] ipmi-bt-host 1e789140.ibt: Found bt bmc device
Sep 13 13:45:13 witherspoon kernel[1007]: [    1.920000] ipmi-bt-host 1e789140.ibt: Using IRQ 22
Sep 13 13:45:13 witherspoon kernel[1007]: [    2.070000] Serial: 8250/16550 driver, 6 ports, IRQ sharing enabled
Sep 13 13:45:13 witherspoon kernel[1007]: [    2.070000] 1e787000.vuart: ttyS5 at MMIO 0x1e787000 (irq = 22, base_baud = 1500000) is a 16550A
Sep 13 13:45:13 witherspoon kernel[1007]: [    2.070000] 1e783000.serial: ttyS0 at MMIO 0x1e783000 (irq = 23, base_baud = 1500000) is a 16550A
Sep 13 13:45:13 witherspoon kernel[1007]: [    2.070000] 1e78d000.serial: ttyS1 at MMIO 0x1e78d000 (irq = 24, base_baud = 1500000) is a 16550A
Sep 13 13:45:13 witherspoon kernel[1007]: [    2.070000] 1e784000.serial: ttyS4 at MMIO 0x1e784000 (irq = 25, base_baud = 1500000) is a 16550A
Sep 13 13:45:13 witherspoon kernel[1007]: [    2.410000] console [ttyS4] enabled
Sep 13 13:45:13 witherspoon kernel[1007]: [    2.610000] timeriomem_rng 1e6e2078.hwrng: 32bits from 0xf00e2078 @ 1us
Sep 13 13:45:13 witherspoon kernel[1007]: [    2.630000] random: fast init done
Sep 13 13:45:13 witherspoon kernel[1007]: [    2.670000] brd: module loaded
Sep 13 13:45:18 witherspoon kernel: ubi0: scanning is finished
Sep 13 13:45:18 witherspoon kernel: ubi0 error: ubi_read_volume_table: the layout volume was not found
Sep 13 13:45:18 witherspoon kernel: ubi0 error: ubi_attach_mtd_dev: failed to attach mtd0, error -22
Sep 13 13:45:18 witherspoon systemd[1]: Started Avahi mDNS/DNS-SD Stack.
Sep 13 13:45:13 witherspoon kernel[1007]: [    2.690000] random: crng init done
Sep 13 13:45:18 witherspoon obmc-flash-bmc[1000]: ubinfo: error!: cannot get information about UBI device 0
Sep 13 13:45:18 witherspoon obmc-flash-bmc[1000]:         error 2 (No such file or directory)
Sep 13 13:45:18 witherspoon systemd[1]: Started Phosphor IPMI BT DBus Bridge.
Sep 13 13:45:13 witherspoon kernel[1007]: [    2.700000] loop: module loaded
Sep 13 13:45:18 witherspoon systemd[1]: Starting Network Service...
Sep 13 13:45:13 witherspoon kernel[1007]: [    2.700000] aspeed-lpc-ctrl 1e789080.lpc-ctrl: Loaded at 0x98000000 (0x04000000)
Sep 13 13:45:18 witherspoon systemd[1]: Starting Phosphor DBus Service Discovery Manager...
Sep 13 13:45:13 witherspoon kernel[1007]: [    2.710000] aspeed-smc 1e620000.flash-controller: Using IRQ 18
Sep 13 13:45:13 witherspoon kernel[1007]: [    2.710000] aspeed-smc 1e620000.flash-controller: DMA support disabled.
Sep 13 13:45:13 witherspoon kernel[1007]: [    2.710000] aspeed-smc 1e620000.flash-controller: mx25l25635e (32768 Kbytes)
Sep 13 13:45:13 witherspoon kernel[1007]: [    2.730000] aspeed-smc 1e620000.flash-controller: CE0 window [ 0x20000000 - 0x22000000 ] 32MB
Sep 13 13:45:13 witherspoon kernel[1007]: [    2.730000] aspeed-smc 1e620000.flash-controller: CE1 window [ 0x22000000 - 0x2a000000 ] 128MB
Sep 13 13:45:13 witherspoon kernel[1007]: [    2.730000] 5 ofpart partitions found on MTD device bmc
Sep 13 13:45:13 witherspoon kernel[1007]: [    2.760000] Creating 5 MTD partitions on "bmc":
Sep 13 13:45:13 witherspoon kernel[1007]: [    2.770000] 0x000000000000-0x000000060000 : "u-boot"
Sep 13 13:45:13 witherspoon kernel[1007]: [    2.770000] 0x000000060000-0x000000080000 : "u-boot-env"
Sep 13 13:45:13 witherspoon kernel[1007]: [    2.790000] 0x000000080000-0x0000004c0000 : "kernel"
Sep 13 13:45:13 witherspoon kernel[1007]: [    2.800000] 0x0000004c0000-0x000001c00000 : "rofs"
Sep 13 13:45:13 witherspoon kernel[1007]: [    2.800000] 0x000001c00000-0x000002000000 : "rwfs"
Sep 13 13:45:13 witherspoon kernel[1007]: [    2.820000] aspeed-smc 1e620000.flash-controller: mx25l25635e (32768 Kbytes)
Sep 13 13:45:13 witherspoon kernel[1007]: [    2.820000] aspeed-smc 1e620000.flash-controller: CE1 window [ 0x22000000 - 0x24000000 ] 32MB
Sep 13 13:45:13 witherspoon kernel[1007]: [    2.830000] aspeed-smc 1e620000.flash-controller: CE2 window [ 0x24000000 - 0x2c000000 ] 128MB
Sep 13 13:45:13 witherspoon kernel[1007]: [    2.830000] aspeed-smc 1e630000.flash-controller: mx66l1g45g (131072 Kbytes)
Sep 13 13:45:13 witherspoon kernel[1007]: [    2.850000] aspeed-smc 1e630000.flash-controller: CE0 window resized to 120MB (AST2500 HW quirk)
Sep 13 13:45:13 witherspoon kernel[1007]: [    2.850000] aspeed-smc 1e630000.flash-controller: CE0 window [ 0x30000000 - 0x37800000 ] 120MB
Sep 13 13:45:13 witherspoon kernel[1007]: [    2.850000] aspeed-smc 1e630000.flash-controller: CE0 window too small for chip 128MB
Sep 13 13:45:13 witherspoon kernel[1007]: [    2.880000] aspeed-smc 1e630000.flash-controller: CE1 window [ 0x37800000 - 0x38000000 ] 8MB
Sep 13 13:45:13 witherspoon kernel[1007]: [    3.600000] libphy: Fixed MDIO Bus: probed
Sep 13 13:45:13 witherspoon kernel[1007]: [    3.600000] ftgmac100 1e660000.ethernet: Read MAC address 70:e2:84:14:28:a9 from chip
Sep 13 13:45:13 witherspoon kernel[1007]: [    3.600000] ftgmac100 1e660000.ethernet: Using NCSI interface
Sep 13 13:45:13 witherspoon kernel[1007]: [    3.600000] ftgmac100 1e660000.ethernet eth0: irq 20, mapped at f0060000
Sep 13 13:45:13 witherspoon kernel[1007]: [    3.600000] ehci_hcd: USB 2.0 'Enhanced' Host Controller (EHCI) Driver
Sep 13 13:45:13 witherspoon kernel[1007]: [    3.700000] ehci-platform: EHCI generic platform driver
Sep 13 13:45:13 witherspoon kernel[1007]: [    3.850000]  fsi0: can't read slave 00:00 -5
Sep 13 13:45:13 witherspoon kernel[1007]: [    3.850000] i2c /dev entries driver
Sep 13 13:45:13 witherspoon kernel[1007]: [    3.850000] aspeed-i2c-bus 1e78a0c0.i2c-bus: i2c bus 2 registered, irq 26
Sep 13 13:45:13 witherspoon kernel[1007]: [    3.850000] aspeed-i2c-bus 1e78a100.i2c-bus: i2c bus 3 registered, irq 27
Sep 13 13:45:13 witherspoon kernel[1007]: [    3.850000] aspeed-i2c-bus 1e78a140.i2c-bus: i2c bus 4 registered, irq 28
Sep 13 13:45:13 witherspoon kernel[1007]: [    3.850000] aspeed-i2c-bus 1e78a180.i2c-bus: i2c bus 5 registered, irq 29
Sep 13 13:45:13 witherspoon kernel[1007]: [    3.850000] aspeed-i2c-bus 1e78a380.i2c-bus: i2c bus 9 registered, irq 30
Sep 13 13:45:13 witherspoon kernel[1007]: [    3.850000] aspeed-i2c-bus 1e78a3c0.i2c-bus: i2c bus 10 registered, irq 31
Sep 13 13:45:13 witherspoon kernel[1007]: [    3.850000] rtc-rv8803 11-0032: Voltage low, temperature compensation stopped.
Sep 13 13:45:13 witherspoon kernel[1007]: [    3.960000] rtc-rv8803 11-0032: rtc core: registered rx8900 as rtc0
Sep 13 13:45:13 witherspoon kernel[1007]: [    3.960000] at24 11-0051: 8192 byte 24c64 EEPROM, writable, 1 bytes/write
Sep 13 13:45:13 witherspoon kernel[1007]: [    3.960000] aspeed-i2c-bus 1e78a400.i2c-bus: i2c bus 11 registered, irq 32
Sep 13 13:45:13 witherspoon kernel[1007]: [    3.960000] aspeed-i2c-bus 1e78a440.i2c-bus: i2c bus 12 registered, irq 33
Sep 13 13:45:13 witherspoon kernel[1007]: [    3.960000] aspeed-i2c-bus 1e78a480.i2c-bus: i2c bus 13 registered, irq 34
Sep 13 13:45:13 witherspoon kernel[1007]: [    3.960000] Driver for 1-wire Dallas network protocol.
Sep 13 13:45:13 witherspoon kernel[1007]: [    3.960000] lm75 9-004a: hwmon0: sensor 'tmp275'
Sep 13 13:45:13 witherspoon kernel[1007]: [    5.650000] ucd9000 11-0064: Device ID UCD90160|2.3.4.0000|110603
Sep 13 13:45:13 witherspoon kernel[1007]: [    6.330000] leds-pca955x 3-0060: leds-pca955x: Using pca9552 16-bit LED driver at slave address 0x60
Sep 13 13:45:13 witherspoon kernel[1007]: [    6.340000] leds-pca955x 3-0060: gpios 264...279
Sep 13 13:45:13 witherspoon kernel[1007]: [    6.350000] leds-pca955x 11-0060: leds-pca955x: Using pca9552 16-bit LED driver at slave address 0x60
Sep 13 13:45:13 witherspoon kernel[1007]: [    6.360000] leds-pca955x 11-0060: gpios 248...263
Sep 13 13:45:13 witherspoon kernel[1007]: [    6.360000] usbcore: registered new interface driver usbhid
Sep 13 13:45:13 witherspoon kernel[1007]: [    6.370000] usbhid: USB HID core driver
Sep 13 13:45:13 witherspoon kernel[1007]: [    6.400000] dps310 3-0076: iio:device1: sensor 'dps310'
Sep 13 13:45:19 witherspoon systemd[1]: Starting Phosphor Network Manager...
Sep 13 13:45:13 witherspoon kernel[1007]: [    6.400000] NET: Registered protocol family 10
Sep 13 13:45:19 witherspoon systemd[1]: Starting Phosphor Download Manager...
Sep 13 13:45:13 witherspoon kernel[1007]: [    6.410000] Segment Routing with IPv6
Sep 13 13:45:19 witherspoon systemd[1]: Starting Phosphor Inventory Manager...
Sep 13 13:45:13 witherspoon kernel[1007]: [    6.410000] NET: Registered protocol family 17
Sep 13 13:45:20 witherspoon systemd[1]: Starting Phosphor Dump Manager...
Sep 13 13:45:13 witherspoon kernel[1007]: [    6.410000] 8021q: 802.1Q VLAN Support v1.8
Sep 13 13:45:20 witherspoon systemd[1]: Reached target System Time Synchronized.
Sep 13 13:45:13 witherspoon kernel[1007]: [    6.430000] input: gpio-keys-polled as /devices/platform/gpio-keys-polled/input/input1
Sep 13 13:45:20 witherspoon systemd[1]: Mounted /var/lib/systemd/coredump.
Sep 13 13:45:13 witherspoon kernel[1007]: [    6.460000] console [netcon0] enabled
Sep 13 13:45:20 witherspoon systemd[1]: Started Check PNOR UBI format.
Sep 13 13:45:13 witherspoon kernel[1007]: [    6.470000] netconsole: network logging started
Sep 13 13:45:21 witherspoon systemd[1]: Started Clear one time boot overrides.
Sep 13 13:45:13 witherspoon kernel[1007]: [    6.470000] input: gpio-keys as /devices/platform/gpio-keys/input/input2
Sep 13 13:45:21 witherspoon systemd[1]: Started Updates symlinks for active PNOR version.
Sep 13 13:45:13 witherspoon kernel[1007]: [    6.480000] rtc-rv8803 11-0032: setting system clock to 2017-09-13 13:44:54 UTC (1505310294)
Sep 13 13:45:21 witherspoon systemd[1]: Started Remount the ubi volume after a reboot.
Sep 13 13:45:13 witherspoon kernel[1007]: [    6.490000] Freeing unused kernel memory: 280K
Sep 13 13:45:21 witherspoon systemd-networkd[1055]: Could not create runtime directory: File exists
Sep 13 13:45:13 witherspoon kernel[1007]: [    6.490000] This architecture does not have kernel memory protection.
Sep 13 13:45:21 witherspoon systemd-networkd[1055]: Could not create runtime directory 'links': File exists
Sep 13 13:45:13 witherspoon kernel[1007]: [    8.040000] jffs2: notice: (546) jffs2_build_xattr_subsystem: complete building xattr subsystem, 0 of xdatum (0 unchecked, 0 orphan) and 0 of xref (0 dead, 0 orphan) found.
Sep 13 13:45:21 witherspoon systemd-networkd[1055]: Could not create runtime directory 'leases': File exists
Sep 13 13:45:13 witherspoon kernel[1007]: [   15.180000] systemd[1]: Failed to insert module 'autofs4': No such file or directory
Sep 13 13:45:13 witherspoon kernel[1007]: [   15.180000] systemd[1]: systemd 232 running in system mode. (+PAM -AUDIT -SELINUX -IMA -APPARMOR -SMACK +SYSVINIT -UTMP -LIBCRYPTSETUP -GCRYPT -GNUTLS +ACL +XZ -LZ4 -SECCOMP +BLKID -ELFUTILS +KMOD -IDN)
Sep 13 13:45:13 witherspoon kernel[1007]: [   15.180000] systemd[1]: Detected architecture arm.
Sep 13 13:45:13 witherspoon kernel[1007]: [   15.400000] systemd[1]: Set hostname to <witherspoon>.
Sep 13 13:45:13 witherspoon kernel[1007]: [   16.980000] systemd[1]: Listening on Syslog Socket.
Sep 13 13:45:13 witherspoon kernel[1007]: [   17.130000] systemd[1]: Created slice System Slice.
Sep 13 13:45:13 witherspoon kernel[1007]: [   17.170000] systemd[1]: Mounting Debug File System...
Sep 13 13:45:13 witherspoon kernel[1007]: [   17.230000] systemd[1]: Created slice system-phosphor\x2dgpio\x2dpresence.slice.
Sep 13 13:45:13 witherspoon kernel[1007]: [   17.260000] systemd[1]: Created slice system-phosphor\x2dreset\x2dhost\x2drunning.slice.
Sep 13 13:45:13 witherspoon kernel[1007]: [   17.300000] systemd[1]: Created slice system-org.openbmc.control.Chassis.slice.
Sep 13 13:45:13 witherspoon kernel[1007]: [   17.350000] systemd[1]: Created slice system-org.openbmc.buttons.reset.slice.
Sep 13 13:45:13 witherspoon kernel[1007]: [   19.610000] systemd-journald[603]: Received request to flush runtime journal from PID 1
Sep 13 13:45:14 witherspoon kernel[1007]: [   26.640000] ubi7: default fastmap pool size: 100
Sep 13 13:45:14 witherspoon kernel[1007]: [   26.640000] ubi7: default fastmap WL pool size: 50
Sep 13 13:45:14 witherspoon kernel[1007]: [   26.640000] ubi7: attaching mtd7
Sep 13 13:45:14 witherspoon kernel[1007]: [   26.640000] ubi7: scanning is finished
Sep 13 13:45:23 witherspoon kernel: 8021q: adding VLAN 0 to HW filter on device eth0
Sep 13 13:45:14 witherspoon kernel[1007]: [   26.790000] ubi7: attached mtd7 (name "pnor", size 128 MiB)
Sep 13 13:45:23 witherspoon systemd-networkd[1055]: Enumeration completed
Sep 13 13:45:14 witherspoon kernel[1007]: [   26.790000] ubi7: PEB size: 65536 bytes (64 KiB), LEB size: 65408 bytes
Sep 13 13:45:23 witherspoon systemd-networkd[1055]: eth0: IPv6 enabled for interface: Success
Sep 13 13:45:14 witherspoon kernel[1007]: [   26.790000] ubi7: min./max. I/O unit sizes: 1/256, sub-page size 1
Sep 13 13:45:23 witherspoon systemd-networkd[1055]: eth0: Gained carrier
Sep 13 13:45:14 witherspoon kernel[1007]: [   26.790000] ubi7: VID header offset: 64 (aligned 64), data offset: 128
Sep 13 13:45:23 witherspoon systemd[1]: Started Network Service.
Sep 13 13:45:14 witherspoon kernel[1007]: [   26.790000] ubi7: good PEBs: 2048, bad PEBs: 0, corrupted PEBs: 0
Sep 13 13:45:23 witherspoon systemd[1]: Found device /dev/aspeed-lpc-ctrl.
Sep 13 13:45:14 witherspoon kernel[1007]: [   26.790000] ubi7: user volume: 4, internal volumes: 1, max. volumes count: 128
Sep 13 13:45:23 witherspoon systemd-timesyncd[861]: Network configuration changed, trying to establish connection.
Sep 13 13:45:14 witherspoon kernel[1007]: [   26.790000] ubi7: max/mean erase counter: 18/11, WL threshold: 4096, image sequence number: 1192395733
Sep 13 13:45:23 witherspoon systemd[1]: Found device /dev/ttyS4.
Sep 13 13:45:14 witherspoon kernel[1007]: [   26.790000] ubi7: available PEBs: 1110, total reserved PEBs: 938, PEBs reserved for bad PEB handling: 0
Sep 13 13:45:23 witherspoon systemd[1]: Found device /dev/ttyVUART0.
Sep 13 13:45:14 witherspoon kernel[1007]: [   26.790000] ubi7: background thread "ubi_bgt7d" started, PID 1043
Sep 13 13:45:15 witherspoon kernel[1007]: [   26.940000] ubi0: default fastmap pool size: 25
Sep 13 13:45:24 witherspoon systemd-networkd[1055]: eth0: Gained IPv6LL
Sep 13 13:45:15 witherspoon kernel[1007]: [   26.940000] ubi0: default fastmap WL pool size: 12
Sep 13 13:45:15 witherspoon kernel[1007]: [   26.940000] ubi0: attaching mtd0
Sep 13 13:45:17 witherspoon kernel[1007]: [   29.300000] ubi0: scanning is finished
Sep 13 13:45:17 witherspoon kernel[1007]: [   29.300000] ubi0 error: ubi_read_volume_table: the layout volume was not found
Sep 13 13:45:17 witherspoon kernel[1007]: [   29.300000] ubi0 error: ubi_attach_mtd_dev: failed to attach mtd0, error -22
Sep 13 13:45:17 witherspoon avahi-daemon[1030]: Found user 'avahi' (UID 999) and group 'avahi' (GID 999).
Sep 13 13:45:17 witherspoon avahi-daemon[1030]: Successfully dropped root privileges.
Sep 13 13:45:17 witherspoon avahi-daemon[1030]: avahi-daemon 0.6.32 starting up.
Sep 13 13:45:18 witherspoon avahi-daemon[1030]: Successfully called chroot().
Sep 13 13:45:18 witherspoon avahi-daemon[1030]: Successfully dropped remaining capabilities.
Sep 13 13:45:18 witherspoon avahi-daemon[1030]: Loading service file /services/obmc_console.service.
Sep 13 13:45:18 witherspoon avahi-daemon[1030]: Loading service file /services/phosphor_rest.service.
Sep 13 13:45:18 witherspoon avahi-daemon[1030]: Loading service file /services/sftp-ssh.service.
Sep 13 13:45:18 witherspoon avahi-daemon[1030]: Loading service file /services/sftp.service.
Sep 13 13:45:18 witherspoon avahi-daemon[1030]: Loading service file /services/ssh.service.
Sep 13 13:45:18 witherspoon avahi-daemon[1030]: Network interface enumeration completed.
Sep 13 13:45:18 witherspoon avahi-daemon[1030]: Server startup complete. Host name is witherspoon.local. Local service cookie is 599213741.
Sep 13 13:45:18 witherspoon avahi-daemon[1030]: Service "witherspoon" (/services/ssh.service) successfully established.
Sep 13 13:45:18 witherspoon avahi-daemon[1030]: Service "sftp" (/services/sftp.service) successfully established.
Sep 13 13:45:18 witherspoon avahi-daemon[1030]: Service "witherspoon" (/services/sftp-ssh.service) successfully established.
Sep 13 13:45:18 witherspoon avahi-daemon[1030]: Service "phosphor_rest" (/services/phosphor_rest.service) successfully established.
Sep 13 13:45:18 witherspoon avahi-daemon[1030]: Service "obmc_console" (/services/obmc_console.service) successfully established.
Sep 13 13:45:23 witherspoon avahi-daemon[1030]: Joining mDNS multicast group on interface eth0.IPv4 with address 9.3.21.61.
Sep 13 13:45:23 witherspoon avahi-daemon[1030]: New relevant interface eth0.IPv4 for mDNS.
Sep 13 13:45:23 witherspoon avahi-daemon[1030]: Registering new address record for 9.3.21.61 on eth0.IPv4.
Sep 13 13:45:23 witherspoon kernel[1007]: [   35.610000] 8021q: adding VLAN 0 to HW filter on device eth0
Sep 13 13:45:24 witherspoon avahi-daemon[1030]: Joining mDNS multicast group on interface eth0.IPv6 with address fe80::72e2:84ff:fe14:28a9.
Sep 13 13:45:24 witherspoon avahi-daemon[1030]: New relevant interface eth0.IPv6 for mDNS.
Sep 13 13:45:24 witherspoon avahi-daemon[1030]: Registering new address record for fe80::72e2:84ff:fe14:28a9 on eth0.*.
Sep 13 13:45:26 witherspoon kernel: ftgmac100 1e660000.ethernet eth0: ncsi: removed vlan tag 0 at index 1
Sep 13 13:45:26 witherspoon kernel: ftgmac100 1e660000.ethernet eth0: ncsi: removed vlan tag 0 at index 2
Sep 13 13:45:26 witherspoon kernel: ftgmac100 1e660000.ethernet eth0: no vlan ids left to set
Sep 13 13:45:26 witherspoon kernel: ftgmac100 1e660000.ethernet eth0: NCSI interface up
Sep 13 13:45:26 witherspoon kernel[1007]: [   38.880000] ftgmac100 1e660000.ethernet eth0: ncsi: removed vlan tag 0 at index 1
Sep 13 13:45:26 witherspoon kernel[1007]: [   38.880000] ftgmac100 1e660000.ethernet eth0: ncsi: removed vlan tag 0 at index 2
Sep 13 13:45:26 witherspoon kernel[1007]: [   38.880000] ftgmac100 1e660000.ethernet eth0: no vlan ids left to set
Sep 13 13:45:26 witherspoon kernel[1007]: [   38.880000] ftgmac100 1e660000.ethernet eth0: NCSI interface up
Sep 13 13:45:30 witherspoon systemd[1]: Found device /dev/aspeed-mbox.
Sep 13 13:45:31 witherspoon systemd[1]: Started Phosphor Settings Daemon.
Sep 13 13:45:31 witherspoon systemd[1]: Started Phosphor Log Manager.
Sep 13 13:45:31 witherspoon systemd[1]: Started Phosphor Inventory Manager.
Sep 13 13:45:31 witherspoon systemd[1]: Started Phosphor Download Manager.
Sep 13 13:45:31 witherspoon systemd[1]: Started Phosphor LED Group Management Daemon.
Sep 13 13:45:31 witherspoon systemd[1]: Started Phosphor Dump Manager.
Sep 13 13:45:31 witherspoon systemd[1]: Started Phosphor BMC0 Control.
Sep 13 13:45:31 witherspoon systemd[1]: Created slice system-xyz.openbmc_project.led.controller.slice.
Sep 13 13:45:31 witherspoon systemd[1]: Started Phosphor sysfs LED controller.
Sep 13 13:45:31 witherspoon systemd[1]: Started Phosphor sysfs LED controller.
Sep 13 13:45:31 witherspoon systemd[1]: Started Phosphor sysfs LED controller.
Sep 13 13:45:31 witherspoon systemd[1]: Started Phosphor sysfs LED controller.
Sep 13 13:45:31 witherspoon systemd[1]: Started Phosphor sysfs LED controller.
Sep 13 13:45:31 witherspoon systemd[1]: Started Phosphor sysfs LED controller.
Sep 13 13:45:31 witherspoon systemd[1]: Started Phosphor sysfs LED controller.
Sep 13 13:45:31 witherspoon systemd[1]: Started Phosphor sysfs LED controller.
Sep 13 13:45:32 witherspoon systemd[1]: Started Phosphor sysfs LED controller.
Sep 13 13:45:32 witherspoon systemd[1]: Started Phosphor sysfs LED controller.
Sep 13 13:45:32 witherspoon systemd[1]: Started Phosphor Console Muxer listening on device /dev/ttyVUART0.
Sep 13 13:45:32 witherspoon systemd[1]: Reached target Network.
Sep 13 13:45:32 witherspoon systemd[1]: Started Lightweight SLP Server.
Sep 13 13:45:32 witherspoon systemd[1]: Starting Permit User Sessions...
Sep 13 13:45:32 witherspoon systemd[1]: Created slice system-xyz.openbmc_project.Hwmon.slice.
Sep 13 13:45:32 witherspoon systemd[1]: Started Permit User Sessions.
Sep 13 13:45:32 witherspoon systemd[1]: Started Serial Getty on ttyS4.
Sep 13 13:45:32 witherspoon systemd[1]: Reached target Login Prompts.
Sep 13 13:45:34 witherspoon systemd[1]: Created slice system-dropbear.slice.
Sep 13 13:45:35 witherspoon systemd[1]: Started SSH Per-Connection Server (9.41.165.94:35916).
Sep 13 13:45:35 witherspoon dropbear[1083]: Failed loading /etc/dropbear/dropbear_dss_host_key
Sep 13 13:45:35 witherspoon dropbear[1083]: Failed loading /etc/dropbear/dropbear_ecdsa_host_key
Sep 13 13:45:35 witherspoon dropbear[1083]: Child connection from ::ffff:9.41.165.94:35916
Sep 13 13:45:36 witherspoon kernel: block ubiblock7_0: created from ubi7:0(pnor-ro-a949160)
Sep 13 13:45:36 witherspoon kernel[1007]: [   47.960000] block ubiblock7_0: created from ubi7:0(pnor-ro-a949160)
Sep 13 13:45:36 witherspoon kernel: UBIFS (ubi7:1): UBIFS: mounted UBI device 7, volume 1, name "pnor-rw-a949160"
Sep 13 13:45:36 witherspoon kernel: UBIFS (ubi7:1): LEB size: 65408 bytes (63 KiB), min./max. I/O unit sizes: 8 bytes/256 bytes
Sep 13 13:45:36 witherspoon kernel: UBIFS (ubi7:1): FS size: 16155776 bytes (15 MiB, 247 LEBs), journal size 784896 bytes (0 MiB, 12 LEBs)
Sep 13 13:45:36 witherspoon kernel: UBIFS (ubi7:1): reserved for root: 763076 bytes (745 KiB)
Sep 13 13:45:36 witherspoon kernel: UBIFS (ubi7:1): media format: w5/r0 (latest is w5/r0), UUID CE636DC6-0372-4912-994D-F9516A8FD79D, small LPT model
Sep 13 13:45:36 witherspoon kernel: UBIFS (ubi7:1): background thread "ubifs_bgt7_1" started, PID 1098
Sep 13 13:45:36 witherspoon kernel[1007]: [   48.170000] UBIFS (ubi7:1): UBIFS: mounted UBI device 7, volume 1, name "pnor-rw-a949160"
Sep 13 13:45:36 witherspoon kernel[1007]: [   48.170000] UBIFS (ubi7:1): LEB size: 65408 bytes (63 KiB), min./max. I/O unit sizes: 8 bytes/256 bytes
Sep 13 13:45:36 witherspoon kernel[1007]: [   48.170000] UBIFS (ubi7:1): FS size: 16155776 bytes (15 MiB, 247 LEBs), journal size 784896 bytes (0 MiB, 12 LEBs)
Sep 13 13:45:36 witherspoon kernel[1007]: [   48.170000] UBIFS (ubi7:1): reserved for root: 763076 bytes (745 KiB)
Sep 13 13:45:36 witherspoon kernel[1007]: [   48.170000] UBIFS (ubi7:1): media format: w5/r0 (latest is w5/r0), UUID CE636DC6-0372-4912-994D-F9516A8FD79D, small LPT model
Sep 13 13:45:36 witherspoon kernel[1007]: [   48.170000] UBIFS (ubi7:1): background thread "ubifs_bgt7_1" started, PID 1098
Sep 13 13:45:37 witherspoon systemd-networkd[1055]: eth0: Configured
Sep 13 13:45:37 witherspoon systemd-timesyncd[861]: Network configuration changed, trying to establish connection.
Sep 13 13:45:38 witherspoon kernel: UBIFS (ubi7:2): UBIFS: mounted UBI device 7, volume 2, name "pnor-prsv"
Sep 13 13:45:38 witherspoon kernel: UBIFS (ubi7:2): LEB size: 65408 bytes (63 KiB), min./max. I/O unit sizes: 8 bytes/256 bytes
Sep 13 13:45:38 witherspoon kernel: UBIFS (ubi7:2): FS size: 1504384 bytes (1 MiB, 23 LEBs), journal size 523265 bytes (0 MiB, 6 LEBs)
Sep 13 13:45:38 witherspoon kernel: UBIFS (ubi7:2): reserved for root: 71055 bytes (69 KiB)
Sep 13 13:45:38 witherspoon kernel: UBIFS (ubi7:2): media format: w5/r0 (latest is w5/r0), UUID CAFEA19E-94DB-4E3F-A597-CD4BE781E174, small LPT model
Sep 13 13:45:38 witherspoon kernel: UBIFS (ubi7:2): background thread "ubifs_bgt7_2" started, PID 1108
Sep 13 13:45:38 witherspoon kernel[1007]: [   50.120000] UBIFS (ubi7:2): UBIFS: mounted UBI device 7, volume 2, name "pnor-prsv"
Sep 13 13:45:38 witherspoon kernel[1007]: [   50.120000] UBIFS (ubi7:2): LEB size: 65408 bytes (63 KiB), min./max. I/O unit sizes: 8 bytes/256 bytes
Sep 13 13:45:38 witherspoon kernel[1007]: [   50.120000] UBIFS (ubi7:2): FS size: 1504384 bytes (1 MiB, 23 LEBs), journal size 523265 bytes (0 MiB, 6 LEBs)
Sep 13 13:45:38 witherspoon kernel[1007]: [   50.120000] UBIFS (ubi7:2): reserved for root: 71055 bytes (69 KiB)
Sep 13 13:45:38 witherspoon kernel[1007]: [   50.120000] UBIFS (ubi7:2): media format: w5/r0 (latest is w5/r0), UUID CAFEA19E-94DB-4E3F-A597-CD4BE781E174, small LPT model
Sep 13 13:45:38 witherspoon kernel[1007]: [   50.120000] UBIFS (ubi7:2): background thread "ubifs_bgt7_2" started, PID 1108
Sep 13 13:45:40 witherspoon systemd[1]: Started Remount the squashfs and ubi volumes after a reboot.
Sep 13 13:45:40 witherspoon systemd[1]: Reached target Multi-User System.
Sep 13 13:45:41 witherspoon sensor_manager2.py[996]: Setting boot count to 3
Sep 13 13:45:41 witherspoon systemd[1]: Started Phosphor Sensor Manager.
Sep 13 13:45:41 witherspoon sensor_manager2.py[996]: Starting sensor manager
Sep 13 13:45:42 witherspoon chassis_control.py[997]: Running ChassisControlService
Sep 13 13:45:42 witherspoon dropbear[1083]: PAM password auth succeeded for 'root' from ::ffff:9.41.165.94:35916
Sep 13 13:45:43 witherspoon systemd[1]: Started Phosphor Chassis0 Control.
Sep 13 13:45:43 witherspoon dropbear[1114]: lastlog_perform_login: Couldn't stat /var/log/lastlog: No such file or directory
Sep 13 13:45:43 witherspoon dropbear[1114]: lastlog_openseek: /var/log/lastlog is not a file or directory!
Sep 13 13:45:44 witherspoon download_manager.py[1058]: Running Download Manager
Sep 13 13:45:44 witherspoon systemd[1]: Started Phosphor Download Manager.
Sep 13 13:45:45 witherspoon inventory_items.py[1059]: Loading from cache: /var/cache/obmc/org.openbmc.inventory.system.chassis.motherboard.apss@org.openbmc.InventoryItem.props
Sep 13 13:45:45 witherspoon inventory_items.py[1059]: Loading from cache: /var/cache/obmc/org.openbmc.inventory.system.chassis.motherboard@org.openbmc.InventoryItem.props
Sep 13 13:45:45 witherspoon inventory_items.py[1059]: Loading from cache: /var/cache/obmc/org.openbmc.inventory.system.chassis.motherboard.refclock@org.openbmc.InventoryItem.props
Sep 13 13:45:45 witherspoon inventory_items.py[1059]: Loading from cache: /var/cache/obmc/org.openbmc.inventory.system.chassis.motherboard.cpu1.core7@org.openbmc.InventoryItem.props
Sep 13 13:45:45 witherspoon inventory_items.py[1059]: Loading from cache: /var/cache/obmc/org.openbmc.inventory.system.chassis.motherboard.cpu1.core4@org.openbmc.InventoryItem.props
Sep 13 13:45:45 witherspoon inventory_items.py[1059]: Loading from cache: /var/cache/obmc/org.openbmc.inventory.system.chassis.motherboard.cpu1.core1@org.openbmc.InventoryItem.props
Sep 13 13:45:45 witherspoon inventory_items.py[1059]: Loading from cache: /var/cache/obmc/org.openbmc.inventory.system.chassis.motherboard.cpu1.core10@org.openbmc.InventoryItem.props
Sep 13 13:45:45 witherspoon inventory_items.py[1059]: Loading from cache: /var/cache/obmc/org.openbmc.inventory.system.chassis.motherboard.todclock@org.openbmc.InventoryItem.props
Sep 13 13:45:45 witherspoon phosphor-mapper[1056]: ObjectMapper startup complete.  Discovery in progress...
Sep 13 13:45:45 witherspoon inventory_items.py[1059]: Loading from cache: /var/cache/obmc/org.openbmc.inventory.system.chassis.motherboard.cpu1@org.openbmc.InventoryItem.props
Sep 13 13:45:45 witherspoon inventory_items.py[1059]: Loading from cache: /var/cache/obmc/org.openbmc.inventory.system.chassis.motherboard.bmc@org.openbmc.InventoryItem.props
Sep 13 13:45:45 witherspoon inventory_items.py[1059]: Caching: /org/openbmc/inventory/system/chassis/motherboard/bmc
Sep 13 13:45:46 witherspoon inventory_items.py[1059]: Loading from cache: /var/cache/obmc/org.openbmc.inventory.system.chassis.motherboard.cpu0.core1@org.openbmc.InventoryItem.props
Sep 13 13:45:46 witherspoon inventory_items.py[1059]: Loading from cache: /var/cache/obmc/org.openbmc.inventory.system.chassis.motherboard.cpu0.core7@org.openbmc.InventoryItem.props
Sep 13 13:45:46 witherspoon inventory_items.py[1059]: Loading from cache: /var/cache/obmc/org.openbmc.inventory.system.chassis.motherboard.cpu0.core4@org.openbmc.InventoryItem.props
Sep 13 13:45:46 witherspoon inventory_items.py[1059]: Loading from cache: /var/cache/obmc/org.openbmc.inventory.system.chassis.motherboard.pcieclock@org.openbmc.InventoryItem.props
Sep 13 13:45:46 witherspoon inventory_items.py[1059]: Loading from cache: /var/cache/obmc/org.openbmc.inventory.system.chassis.motherboard.cpu0.core10@org.openbmc.InventoryItem.props
Sep 13 13:45:46 witherspoon inventory_items.py[1059]: Running Inventory Manager
Sep 13 13:45:46 witherspoon systemd[1]: Started Phosphor Inventory Manager.
Sep 13 13:45:46 witherspoon avahi-daemon[1054]: ../../avahi-0.6.32/avahi-daemon/chroot.c: open() failed: No such file or directory
Sep 13 13:45:46 witherspoon avahi-daemon[1030]: Failed to open /usr/share/dbus-1/interfaces/org.freedesktop.Avahi.Server.xml: Invalid argument
Sep 13 13:45:46 witherspoon avahi-daemon[1030]: Failed to load introspection data.
Sep 13 13:45:46 witherspoon systemd[1]: Started Phosphor User Manager.
Sep 13 13:45:46 witherspoon obmc-phosphor-userd[1002]: Started
Sep 13 13:45:46 witherspoon systemd[1]: Started Phosphor Network Manager.
Sep 13 13:45:46 witherspoon netman.py[1057]: Started
Sep 13 13:45:57 witherspoon phosphor-mapper[1056]: ObjectMapper discovery complete
Sep 13 13:45:57 witherspoon systemd[1]: Started Phosphor DBus Service Discovery Manager.
Sep 13 13:45:57 witherspoon systemd[1]: Started Phosphor Hwmon Poller.
Sep 13 13:45:57 witherspoon systemd[1]: Started Phosphor Hwmon Poller.
Sep 13 13:45:57 witherspoon systemd[1]: Reached target Phosphor Object Mapper.
Sep 13 13:45:57 witherspoon systemd[1]: Starting Wait for /org/openbmc/managers/System...
Sep 13 13:45:57 witherspoon systemd[1]: Starting Wait for /xyz/openbmc_project/state/host0...
Sep 13 13:45:57 witherspoon systemd[1]: Starting Wait for /xyz/openbmc_project/time/sync_method...
Sep 13 13:45:57 witherspoon systemd[1]: Starting Wait for /xyz/openbmc_project/control/host0/power_restore_policy...
Sep 13 13:45:57 witherspoon systemd[1]: Starting Wait for /org/openbmc/control/bmc0...
Sep 13 13:45:57 witherspoon systemd[1]: Starting Phosphor Settings Manager...
Sep 13 13:45:57 witherspoon systemd[1]: Starting OpenBMC Software Update Manager...
Sep 13 13:45:57 witherspoon systemd[1]: Starting Wait for /xyz/openbmc_project/control/host0/auto_reboot...
Sep 13 13:45:57 witherspoon systemd[1]: Starting Phosphor Network Manager...
Sep 13 13:45:57 witherspoon systemd[1]: Starting OpenPower Software Update Manager...
Sep 13 13:45:57 witherspoon systemd[1]: Starting Wait for /xyz/openbmc_project/control/host0/restriction_mode...
Sep 13 13:45:57 witherspoon systemd[1]: Started Phosphor DBus Monitor.
Sep 13 13:45:57 witherspoon systemd[1]: Starting Wait for /org/openbmc/NetworkManager/Interface...
Sep 13 13:45:57 witherspoon systemd[1]: Starting Wait for /org/openbmc/managers/Download...
Sep 13 13:45:57 witherspoon systemd[1]: Starting Phoshpor System Manager...
Sep 13 13:45:57 witherspoon systemd[1]: Starting Wait for /xyz/openbmc_project/time/owner...
Sep 13 13:45:57 witherspoon systemd[1]: Starting Wait for /xyz/openbmc_project/led/groups/bmc_booted...
Sep 13 13:45:57 witherspoon systemd[1]: Starting Wait for /xyz/openbmc_project/state/chassis0...
Sep 13 13:45:57 witherspoon systemd[1]: Starting Wait for /xyz/openbmc_project/control/host0/boot...
Sep 13 13:45:57 witherspoon systemd[1]: Starting Wait for /xyz/openbmc_project/control/host0...
Sep 13 13:45:57 witherspoon systemd[1]: Starting Wait for /org/openbmc/control/power0...
Sep 13 13:45:57 witherspoon systemd[1]: Starting Wait for /xyz/openbmc_project/control/host0/boot/one_time...
Sep 13 13:46:02 witherspoon kernel: UBIFS (ubi7:3): UBIFS: mounted UBI device 7, volume 3, name "pnor-patch"
Sep 13 13:46:02 witherspoon kernel: UBIFS (ubi7:3): LEB size: 65408 bytes (63 KiB), min./max. I/O unit sizes: 8 bytes/256 bytes
Sep 13 13:46:02 witherspoon kernel: UBIFS (ubi7:3): FS size: 16155776 bytes (15 MiB, 247 LEBs), journal size 784896 bytes (0 MiB, 12 LEBs)
Sep 13 13:46:02 witherspoon kernel: UBIFS (ubi7:3): reserved for root: 763076 bytes (745 KiB)
Sep 13 13:46:02 witherspoon kernel: UBIFS (ubi7:3): media format: w5/r0 (latest is w5/r0), UUID BABB1637-BC68-4CC0-9376-4DB953F1E51D, small LPT model
Sep 13 13:46:02 witherspoon kernel: UBIFS (ubi7:3): background thread "ubifs_bgt7_3" started, PID 1173
Sep 13 13:46:02 witherspoon kernel[1007]: [   73.880000] UBIFS (ubi7:3): UBIFS: mounted UBI device 7, volume 3, name "pnor-patch"
Sep 13 13:45:57 witherspoon systemd[1]: Starting Wait for /xyz/openbmc_project/inventory...
Sep 13 13:46:02 witherspoon kernel[1007]: [   73.970000] UBIFS (ubi7:3): LEB size: 65408 bytes (63 KiB), min./max. I/O unit sizes: 8 bytes/256 bytes
Sep 13 13:45:57 witherspoon systemd[1]: Starting Wait for /xyz/openbmc_project/led/groups...
Sep 13 13:46:02 witherspoon kernel[1007]: [   73.970000] UBIFS (ubi7:3): FS size: 16155776 bytes (15 MiB, 247 LEBs), journal size 784896 bytes (0 MiB, 12 LEBs)
Sep 13 13:45:57 witherspoon systemd[1]: Reached target Webserver (pre).
Sep 13 13:46:02 witherspoon kernel[1007]: [   73.970000] UBIFS (ubi7:3): reserved for root: 763076 bytes (745 KiB)
Sep 13 13:45:57 witherspoon systemd[1]: Started Phosphor Webserver.
Sep 13 13:46:02 witherspoon kernel[1007]: [   73.970000] UBIFS (ubi7:3): media format: w5/r0 (latest is w5/r0), UUID BABB1637-BC68-4CC0-9376-4DB953F1E51D, small LPT model
Sep 13 13:45:57 witherspoon systemd[1]: Started Phosphor Hwmon Poller.
Sep 13 13:46:02 witherspoon kernel[1007]: [   73.970000] UBIFS (ubi7:3): background thread "ubifs_bgt7_3" started, PID 1173
Sep 13 13:45:57 witherspoon systemd[1]: Started Phosphor Hwmon Poller.
Sep 13 13:46:02 witherspoon dbus[1032]: [system] Activating via systemd: service name='org.freedesktop.hostname1' unit='dbus-org.freedesktop.hostname1.service'
Sep 13 13:45:57 witherspoon systemd[1]: Started Phosphor Hwmon Poller.
Sep 13 13:45:57 witherspoon systemd[1]: Started Phosphor Hwmon Poller.
Sep 13 13:45:57 witherspoon systemd[1]: Started Phosphor Hwmon Poller.
Sep 13 13:45:57 witherspoon systemd[1]: Started Phosphor Hwmon Poller.
Sep 13 13:45:59 witherspoon systemd[1]: Started OpenPower Software Update Manager.
Sep 13 13:45:59 witherspoon systemd[1]: Starting Create a ubi volume for pnor patches...
Sep 13 13:45:59 witherspoon systemd[1]: Started Phosphor MBOX Daemon.
Sep 13 13:45:59 witherspoon systemd[1]: Started Wait for /xyz/openbmc_project/control/host0/restriction_mode.
Sep 13 13:45:59 witherspoon systemd[1]: Started Wait for /org/openbmc/NetworkManager/Interface.
Sep 13 13:45:59 witherspoon systemd[1]: Started Phosphor DNS Settings Cache Manager.
Sep 13 13:45:59 witherspoon systemd[1]: Started Wait for /xyz/openbmc_project/control/host0/boot/one_time.
Sep 13 13:46:00 witherspoon systemd[1]: Started Phosphor Network Manager.
Sep 13 13:46:01 witherspoon phosphor-network-manager[1130]: ConfigParser: Key not found
Sep 13 13:46:01 witherspoon phosphor-network-manager[1130]: The operation failed internally.
Sep 13 13:46:01 witherspoon phosphor-network-manager[1130]: Exception occured during getting of DHCP value
Sep 13 13:46:02 witherspoon systemd[1]: Started Create a ubi volume for pnor patches.
Sep 13 13:46:02 witherspoon systemd[1]: Starting Hostname Service...
Sep 13 13:46:05 witherspoon mboxd[1154]: The operation failed internally.
Sep 13 13:46:05 witherspoon dbus[1032]: [system] Successfully activated service 'org.freedesktop.hostname1'
Sep 13 13:46:05 witherspoon systemd[1]: Started Hostname Service.
Sep 13 13:46:06 witherspoon systemd[1]: Started Wait for /xyz/openbmc_project/time/sync_method.
Sep 13 13:46:07 witherspoon systemd[1]: Started Wait for /xyz/openbmc_project/control/host0/power_restore_policy.
Sep 13 13:46:07 witherspoon systemd[1]: Started Wait for /org/openbmc/control/bmc0.
Sep 13 13:46:07 witherspoon systemd[1]: Started Wait for /xyz/openbmc_project/control/host0/auto_reboot.
Sep 13 13:46:07 witherspoon systemd[1]: Started Wait for /xyz/openbmc_project/time/owner.
Sep 13 13:46:07 witherspoon systemd[1]: Started Wait for /xyz/openbmc_project/led/groups/bmc_booted.
Sep 13 13:46:08 witherspoon systemd[1]: Started Wait for /xyz/openbmc_project/control/host0/boot.
Sep 13 13:46:08 witherspoon systemd[1]: Started Wait for /xyz/openbmc_project/led/groups.
Sep 13 13:46:08 witherspoon systemd[1]: Started FRU Fault monitor service.
Sep 13 13:46:08 witherspoon systemd[1]: Started Wait for /xyz/openbmc_project/inventory.
Sep 13 13:46:08 witherspoon systemd[1]: Starting Phosphor MAX31785 MSL...
Sep 13 13:46:08 witherspoon systemd[1]: Started Phosphor GPIO 1 Presence.
Sep 13 13:46:09 witherspoon systemd[1]: Started Phosphor GPIO 0 Presence.
Sep 13 13:46:09 witherspoon systemd[1]: Started Phosphor Cooling Type.
Sep 13 13:46:09 witherspoon systemd[1]: Starting OpenPOWER OCC controller...
Sep 13 13:46:09 witherspoon systemd[1]: Starting Read OpenPOWER-format VPD from EEPROM...
Sep 13 13:46:10 witherspoon phosphor-gpio-presence[1187]: Updating inventory present property
Sep 13 13:46:10 witherspoon phosphor-gpio-presence[1186]: Updating inventory present property
Sep 13 13:46:10 witherspoon systemd[1]: Started Wait for /org/openbmc/managers/Download.
Sep 13 13:46:10 witherspoon systemd[1]: Starting Phosphor BMC Code Update...
Sep 13 13:46:16 witherspoon system_manager.py[1136]: Running System State: BASE_APPS
Sep 13 13:46:16 witherspoon system_manager.py[1136]: SystemManager Init Done
Sep 13 13:46:16 witherspoon systemd[1]: Started Phoshpor System Manager.
Sep 13 13:46:16 witherspoon system_manager.py[1136]: Running SystemManager
Sep 13 13:46:21 witherspoon bmc_update.py[1194]: Running Bmc Flash Control
Sep 13 13:46:21 witherspoon systemd[1]: Started Phosphor BMC Code Update.
Sep 13 13:46:21 witherspoon phosphor-image-updater[1128]: Error in mapper GetSubTreePath
Sep 13 13:46:21 witherspoon systemd[1]: Started OpenBMC Software Update Manager.
Sep 13 13:46:21 witherspoon systemd[1]: Starting Phosphor Version Software Manager...
Sep 13 13:46:22 witherspoon systemd[1]: Started Phosphor Version Software Manager.
Sep 13 13:46:23 witherspoon dbus[1032]: [system] Activating via systemd: service name='org.freedesktop.journal1' unit='dbus-org.freedesktop.journal1.service'
Sep 13 13:46:23 witherspoon systemd[1]: Starting Journal Dbus Service...
Sep 13 13:46:23 witherspoon dbus[1032]: [system] Successfully activated service 'org.freedesktop.journal1'
Sep 13 13:46:23 witherspoon systemd[1]: Started Journal Dbus Service.
Sep 13 13:46:24 witherspoon phosphor-log-manager[1031]: Failed to find metadata
Sep 13 13:46:24 witherspoon phosphor-fru-fault-monitor[1183]: /xyz/openbmc_project/logging/entry/1
Sep 13 13:46:26 witherspoon phosphor-dump-manager[1062]: The name xyz.openbmc_project.State.BMC was not provided by any .service files
Sep 13 13:46:26 witherspoon systemd[1]: Started OpenPOWER OCC controller.
Sep 13 13:46:27 witherspoon systemd[1]: Started Phosphor MAX31785 MSL.
Sep 13 13:46:27 witherspoon phosphor-dump-manager[1062]: The name xyz.openbmc_project.State.Host was not provided by any .service files
Sep 13 13:46:27 witherspoon phosphor-dump-manager[1062]: The name xyz.openbmc_project.State.Chassis was not provided by any .service files
Sep 13 13:46:27 witherspoon settings_manager.py[1127]: Running HostSettingsService
Sep 13 13:46:27 witherspoon systemd[1]: Started Phosphor Settings Manager.
Sep 13 13:46:27 witherspoon system_manager.py[1136]: SystemManager Goto System State: BMC_STARTING
Sep 13 13:46:27 witherspoon system_manager.py[1136]: Running System State: BMC_STARTING
Sep 13 13:46:27 witherspoon systemd[1]: Starting Wait for /org/openbmc/settings/host0...
Sep 13 13:46:32 witherspoon phosphor-dump-manager[1062]: Wed Sep 13 13:46:32 UTC 2017 Report is available in /var/lib/phosphor-debug-collector/dumps/1
Sep 13 13:46:32 witherspoon phosphor-dump-manager[1062]: Wed Sep 13 13:46:32 UTC 2017 Sucessfully completed
Sep 13 13:46:32 witherspoon systemd[1]: Started Read OpenPOWER-format VPD from EEPROM.
Sep 13 13:46:36 witherspoon phosphor-gevent[1146]: Traceback (most recent call last):
Sep 13 13:46:36 witherspoon phosphor-gevent[1146]:   File "/usr/lib/python2.7/site-packages/gevent/greenlet.py", line 327, in run
Sep 13 13:46:36 witherspoon phosphor-gevent[1146]:     result = self._run(*self.args, **self.kwargs)
Sep 13 13:46:36 witherspoon phosphor-gevent[1146]:   File "/usr/lib/python2.7/site-packages/gevent/server.py", line 102, in wrap_socket_and_handle
Sep 13 13:46:37 witherspoon phosphor-gevent[1146]:     ssl_socket = self.wrap_socket(client_socket, **self.ssl_args)
Sep 13 13:46:37 witherspoon phosphor-gevent[1146]:   File "/usr/lib/python2.7/site-packages/gevent/ssl.py", line 404, in wrap_socket
Sep 13 13:46:37 witherspoon phosphor-gevent[1146]:     ciphers=ciphers)
Sep 13 13:46:37 witherspoon phosphor-gevent[1146]:   File "/usr/lib/python2.7/site-packages/gevent/ssl.py", line 113, in __init__
Sep 13 13:46:37 witherspoon phosphor-gevent[1146]:     self.do_handshake()
Sep 13 13:46:37 witherspoon phosphor-gevent[1146]:   File "/usr/lib/python2.7/site-packages/gevent/ssl.py", line 324, in do_handshake
Sep 13 13:46:37 witherspoon phosphor-gevent[1146]:     return self._sslobj.do_handshake()
Sep 13 13:46:37 witherspoon phosphor-gevent[1146]: SSLEOFError: EOF occurred in violation of protocol (_ssl.c:590)
Sep 13 13:46:37 witherspoon phosphor-gevent[1146]: <Greenlet at 0x76082490: <bound method WSGIServer.wrap_socket_and_handle of <WSGIServer at 0x76058bd0 fileno=5 address=('::34d2:f676:b0ad:6c76%1986833824', 443, 0, 1986833824)>>(<socket at 0x75f2f8b0 fileno=9>, ('::80b9:6a76:8e91:f402%1995815708', 36938, 0, 199)> failed with SSLEOFError
Sep 13 13:46:37 witherspoon phosphor-gevent[1146]: Traceback (most recent call last):
Sep 13 13:46:37 witherspoon phosphor-gevent[1146]:   File "/usr/lib/python2.7/site-packages/gevent/greenlet.py", line 327, in run
Sep 13 13:46:37 witherspoon phosphor-gevent[1146]:     result = self._run(*self.args, **self.kwargs)
Sep 13 13:46:37 witherspoon phosphor-gevent[1146]:   File "/usr/lib/python2.7/site-packages/gevent/server.py", line 102, in wrap_socket_and_handle
Sep 13 13:46:37 witherspoon phosphor-gevent[1146]:     ssl_socket = self.wrap_socket(client_socket, **self.ssl_args)
Sep 13 13:46:37 witherspoon phosphor-gevent[1146]:   File "/usr/lib/python2.7/site-packages/gevent/ssl.py", line 404, in wrap_socket
Sep 13 13:46:37 witherspoon phosphor-gevent[1146]:     ciphers=ciphers)
Sep 13 13:46:37 witherspoon phosphor-gevent[1146]:   File "/usr/lib/python2.7/site-packages/gevent/ssl.py", line 113, in __init__
Sep 13 13:46:37 witherspoon phosphor-gevent[1146]:     self.do_handshake()
Sep 13 13:46:37 witherspoon phosphor-gevent[1146]:   File "/usr/lib/python2.7/site-packages/gevent/ssl.py", line 324, in do_handshake
Sep 13 13:46:37 witherspoon phosphor-gevent[1146]:     return self._sslobj.do_handshake()
Sep 13 13:46:37 witherspoon phosphor-gevent[1146]: SSLEOFError: EOF occurred in violation of protocol (_ssl.c:590)
Sep 13 13:46:37 witherspoon phosphor-gevent[1146]: <Greenlet at 0x76082760: <bound method WSGIServer.wrap_socket_and_handle of <WSGIServer at 0x76058bd0 fileno=5 address=('::34d2:f676:b0ad:6c76%1986833824', 443, 0, 1986833824)>>(<socket at 0x75f2f850 fileno=10>, ('::80b9:6a76:8e91:f402%1995815708', 36940, 0, 199)> failed with SSLEOFError
Sep 13 13:46:37 witherspoon phosphor-gevent[1146]: Traceback (most recent call last):
Sep 13 13:46:37 witherspoon phosphor-gevent[1146]:   File "/usr/lib/python2.7/site-packages/gevent/greenlet.py", line 327, in run
Sep 13 13:46:37 witherspoon phosphor-gevent[1146]:     result = self._run(*self.args, **self.kwargs)
Sep 13 13:46:37 witherspoon phosphor-gevent[1146]:   File "/usr/lib/python2.7/site-packages/gevent/server.py", line 102, in wrap_socket_and_handle
Sep 13 13:46:37 witherspoon phosphor-gevent[1146]:     ssl_socket = self.wrap_socket(client_socket, **self.ssl_args)
Sep 13 13:46:37 witherspoon phosphor-gevent[1146]:   File "/usr/lib/python2.7/site-packages/gevent/ssl.py", line 404, in wrap_socket
Sep 13 13:46:37 witherspoon phosphor-gevent[1146]:     ciphers=ciphers)
Sep 13 13:46:37 witherspoon phosphor-gevent[1146]:   File "/usr/lib/python2.7/site-packages/gevent/ssl.py", line 113, in __init__
Sep 13 13:46:37 witherspoon phosphor-gevent[1146]:     self.do_handshake()
Sep 13 13:46:37 witherspoon phosphor-gevent[1146]:   File "/usr/lib/python2.7/site-packages/gevent/ssl.py", line 324, in do_handshake
Sep 13 13:46:37 witherspoon phosphor-gevent[1146]:     return self._sslobj.do_handshake()
Sep 13 13:46:37 witherspoon phosphor-gevent[1146]: SSLEOFError: EOF occurred in violation of protocol (_ssl.c:590)
Sep 13 13:46:37 witherspoon phosphor-gevent[1146]: <Greenlet at 0x76082440: <bound method WSGIServer.wrap_socket_and_handle of <WSGIServer at 0x76058bd0 fileno=5 address=('::34d2:f676:b0ad:6c76%1986833824', 443, 0, 1986833824)>>(<socket at 0x75f2f8f0 fileno=11>, ('::80b9:6a76:8e91:f402%1995815708', 36942, 0, 199)> failed with SSLEOFError
Sep 13 13:46:41 witherspoon systemd[1]: Started Wait for /org/openbmc/managers/System.
Sep 13 13:46:41 witherspoon systemd[1]: Starting Phosphor Power Button0...
Sep 13 13:46:41 witherspoon systemd[1]: Starting Phosphor Reset Button0...
Sep 13 13:46:41 witherspoon systemd[1]: Starting Phosphor Power0 Control...
Sep 13 13:46:41 witherspoon systemd[1]: Starting Phosphor BMC State Manager...
Sep 13 13:46:42 witherspoon system_manager.py[1136]: New object: /org/openbmc/control/power0 (:1.92)
Sep 13 13:46:42 witherspoon systemd[1]: Starting Phosphor Chassis State Manager...
Sep 13 13:46:42 witherspoon phosphor-bmc-state-manager[1280]: Setting the BMCState field
Sep 13 13:46:42 witherspoon phosphor-bmc-state-manager[1280]: Setting the BMCState field
Sep 13 13:46:42 witherspoon systemd[1]: Started Phosphor BMC State Manager.
Sep 13 13:46:42 witherspoon phosphor-chassis-state-manager[1281]: Initial Chassis State will be Off
Sep 13 13:46:42 witherspoon systemd[1]: Started Phosphor Chassis State Manager.
Sep 13 13:46:42 witherspoon system_manager.py[1136]: Power GPIO config: ['SYS_PWROK_BUFF', '', [('SOFTWARE_PGOOD', True), ('BMC_POWER_UP', True)], [('BMC_CP0_RESET_N', False)], [], 'FSI_DATA', 'FSI_CLK', 'FSI_ENABLE', 'CRONUS_SEL', []]
Sep 13 13:46:43 witherspoon power_control.exe[1279]: Power GPIO latch output:
Sep 13 13:46:43 witherspoon power_control.exe[1279]: Power GPIO power good input: SYS_PWROK_BUFF
Sep 13 13:46:43 witherspoon power_control.exe[1279]: Power GPIO 2 power_up outputs
Sep 13 13:46:43 witherspoon power_control.exe[1279]: Power GPIO power_up[0] = SOFTWARE_PGOOD active HIGH
Sep 13 13:46:43 witherspoon power_control.exe[1279]: Power GPIO power_up[1] = BMC_POWER_UP active HIGH
Sep 13 13:46:43 witherspoon power_control.exe[1279]: Power GPIO 1 reset outputs
Sep 13 13:46:43 witherspoon power_control.exe[1279]: Power GPIO reset[0] = BMC_CP0_RESET_N active LOW
Sep 13 13:46:43 witherspoon power_control.exe[1279]: Power GPIO 0 pci reset outputs
Sep 13 13:46:43 witherspoon power_control.exe[1279]: FSI DATA GPIO: FSI_DATA
Sep 13 13:46:43 witherspoon power_control.exe[1279]: FSI CLK GPIO: FSI_CLK
Sep 13 13:46:43 witherspoon power_control.exe[1279]: FSI ENABLE GPIO: FSI_ENABLE
Sep 13 13:46:43 witherspoon power_control.exe[1279]: CRONUS SEL GPIO: CRONUS_SEL
Sep 13 13:46:43 witherspoon power_control.exe[1279]: Hostctl GPIO optionals: 0
Sep 13 13:46:43 witherspoon button_reset.exe[1278]: GPIO Lookup:  RESET_BUTTON = 353,both
Sep 13 13:46:43 witherspoon systemd[1]: Started Phosphor Reset Button0.
Sep 13 13:46:43 witherspoon systemd[1]: Started Wait for /org/openbmc/settings/host0.
Sep 13 13:46:43 witherspoon systemd[1]: Started Phosphor Inband IPMI.
Sep 13 13:46:44 witherspoon button_power.exe[1277]: GPIO Lookup:  POWER_BUTTON = 347,both
Sep 13 13:46:44 witherspoon power_control.exe[1279]: GPIO Lookup:  SYS_PWROK_BUFF = 306,in
Sep 13 13:46:44 witherspoon systemd[1]: Started Phosphor Power Button0.
Sep 13 13:46:44 witherspoon power_control.exe[1279]: GPIO Lookup:  SOFTWARE_PGOOD = 417,out
Sep 13 13:46:44 witherspoon power_control.exe[1279]: GPIO Lookup:  BMC_POWER_UP = 305,out
Sep 13 13:46:44 witherspoon power_control.exe[1279]: GPIO Lookup:  BMC_CP0_RESET_N = 281,out
Sep 13 13:46:44 witherspoon power_control.exe[1279]: Pgood state: 0
Sep 13 13:46:44 witherspoon systemd[1]: Started Phosphor Power0 Control.
Sep 13 13:46:48 witherspoon systemd[1]: Started Wait for /org/openbmc/control/power0.
Sep 13 13:46:48 witherspoon systemd[1]: Starting Check Chassis0 pgood and create a file to indicate it...
Sep 13 13:46:48 witherspoon systemd[1]: Starting Phosphor Time Manager daemon...
Sep 13 13:46:48 witherspoon systemd[1]: Started Wait for /xyz/openbmc_project/state/chassis0.
Sep 13 13:46:50 witherspoon timemanager[1307]: Registering dbus methods
Sep 13 13:46:50 witherspoon timemanager[1307]: Last known time_mode: NTP
Sep 13 13:46:50 witherspoon timemanager[1307]: Last known time_owner: BMC
Sep 13 13:46:50 witherspoon timemanager[1307]: Empty DhcpNtp string
Sep 13 13:46:50 witherspoon timemanager[1307]: Reading Power Control key: pgood
Sep 13 13:46:50 witherspoon timemanager[1307]: Changing settings *allowed* now
Sep 13 13:46:50 witherspoon systemd[1]: Started Check Chassis0 pgood and create a file to indicate it.
Sep 13 13:46:50 witherspoon systemd[1]: Reached target Chassis0 power on after reset.
Sep 13 13:46:50 witherspoon systemd[1]: Reached target Chassis0 (Reset Check).
Sep 13 13:46:50 witherspoon timemanager[1307]: Owner is already set to : BMC
Sep 13 13:46:50 witherspoon systemd[1]: Started Wait for /xyz/openbmc_project/control/host0.
Sep 13 13:46:50 witherspoon systemd[1]: Reached target Host0 running after reset.
Sep 13 13:46:50 witherspoon systemd[1]: Starting Phosphor Host State Manager...
Sep 13 13:46:50 witherspoon systemd[1]: Reached target Host0 (Reset Check).
Sep 13 13:46:51 witherspoon timemanager[1307]: Requested_Mode: NTP Current_Mode: NTP
Sep 13 13:46:51 witherspoon timemanager[1307]: Mode is already set to : NTP
Sep 13 13:46:51 witherspoon timemanager[1307]: Getting System Settings: use_dhcp_ntp
Sep 13 13:46:51 witherspoon timemanager[1307]: use_dhcp_ntp = yes
Sep 13 13:46:51 witherspoon timemanager[1307]: Last known host_offset:0
Sep 13 13:46:51 witherspoon timemanager[1307]: Initial Uptime Usec: 1505310288012329
Sep 13 13:46:51 witherspoon systemd[1]: Started Phosphor Time Manager daemon.
Sep 13 13:46:52 witherspoon phosphor-host-state-manager[1319]: Initial Host State will be Off
Sep 13 13:46:52 witherspoon phosphor-host-state-manager[1319]: External request to reset reboot count
Sep 13 13:46:52 witherspoon systemd[1]: Started Phosphor Host State Manager.
Sep 13 13:46:53 witherspoon systemd[1]: Started Wait for /xyz/openbmc_project/state/host0.
Sep 13 13:46:53 witherspoon systemd[1]: Starting Reboot If Enabled...
Sep 13 13:46:54 witherspoon phosphor-discover-system-state[1321]: Host power is off, checking power policy
Sep 13 13:46:54 witherspoon systemd[1]: Started Reboot If Enabled.
Sep 13 13:46:54 witherspoon systemd[1]: Reached target Phosphor System - Standby.
Sep 13 13:46:54 witherspoon systemd[1]: Starting Assert bmc_booted LED...
Sep 13 13:46:54 witherspoon phosphor-bmc-state-manager[1280]: BMC_READY
Sep 13 13:46:54 witherspoon phosphor-bmc-state-manager[1280]: Setting the BMCState field
Sep 13 13:46:54 witherspoon phosphor-ledmanager[1028]: Asserting LEDs
Sep 13 13:46:54 witherspoon systemd[1]: Started Assert bmc_booted LED.
Sep 13 13:46:54 witherspoon systemd[1]: Startup finished in 14.960s (kernel) + 1min 51.600s (userspace) = 2min 6.560s.
Sep 13 13:46:56 witherspoon phosphor-gevent[1146]: ::80b9:6a76:8e91:f402%1995815708 - - [2017-09-13 13:46:56] "POST /login HTTP/1.1" 200 320 0.045402
Sep 13 13:46:56 witherspoon phosphor-gevent[1146]: ::80b9:6a76:8e91:f402%1995815708 - - [2017-09-13 13:46:56] "GET /xyz/openbmc_project/state/chassis0//attr/CurrentPowerState HTTP/1.1" 200 216 0.057833
Sep 13 13:46:56 witherspoon phosphor-gevent[1146]: ::80b9:6a76:8e91:f402%1995815708 - - [2017-09-13 13:46:56] "POST /login HTTP/1.1" 200 320 0.033357
Sep 13 13:46:56 witherspoon phosphor-gevent[1146]: ::80b9:6a76:8e91:f402%1995815708 - - [2017-09-13 13:46:56] "GET /xyz/openbmc_project/state/chassis0//attr/CurrentPowerState HTTP/1.1" 200 216 0.052952
Sep 13 13:46:57 witherspoon phosphor-gevent[1146]: ::80b9:6a76:8e91:f402%1995815708 - - [2017-09-13 13:46:57] "POST /login HTTP/1.1" 200 320 0.033329
Sep 13 13:46:57 witherspoon phosphor-gevent[1146]: ::80b9:6a76:8e91:f402%1995815708 - - [2017-09-13 13:46:57] "GET /xyz/openbmc_project/state/host0//attr/BootProgress HTTP/1.1" 200 234 0.073747
Sep 13 13:46:57 witherspoon phosphor-gevent[1146]: ::80b9:6a76:8e91:f402%1995815708 - - [2017-09-13 13:46:57] "POST /login HTTP/1.1" 200 320 0.055370
Sep 13 13:46:57 witherspoon phosphor-gevent[1146]: ::80b9:6a76:8e91:f402%1995815708 - - [2017-09-13 13:46:57] "GET /xyz/openbmc_project/state/host0//attr/CurrentHostState HTTP/1.1" 200 212 0.086811
Sep 13 13:46:57 witherspoon phosphor-gevent[1146]: ::80b9:6a76:8e91:f402%1995815708 - - [2017-09-13 13:46:57] "POST /login HTTP/1.1" 200 320 0.045023
Sep 13 13:46:57 witherspoon phosphor-gevent[1146]: ::80b9:6a76:8e91:f402%1995815708 - - [2017-09-13 13:46:57] "GET /xyz/openbmc_project/logging/entry//list HTTP/1.1" 200 214 0.047700
Sep 13 13:46:58 witherspoon phosphor-gevent[1146]: ::80b9:6a76:8e91:f402%1995815708 - - [2017-09-13 13:46:58] "POST /login HTTP/1.1" 200 320 0.059500
Sep 13 13:46:58 witherspoon phosphor-gevent[1146]: ::80b9:6a76:8e91:f402%1995815708 - - [2017-09-13 13:46:58] "GET /xyz/openbmc_project/logging/entry//list HTTP/1.1" 200 214 0.039321
Sep 13 13:46:58 witherspoon phosphor-gevent[1146]: ::80b9:6a76:8e91:f402%1995815708 - - [2017-09-13 13:46:58] "POST /login HTTP/1.1" 200 320 0.039519
Sep 13 13:46:58 witherspoon phosphor-gevent[1146]: ::80b9:6a76:8e91:f402%1995815708 - - [2017-09-13 13:46:58] "DELETE /xyz/openbmc_project/logging/entry/1 HTTP/1.1" 200 169 0.088812
Sep 13 13:46:58 witherspoon systemd[1]: Started SSH Per-Connection Server (9.41.165.94:35938).
Sep 13 13:46:58 witherspoon dropbear[1332]: Failed loading /etc/dropbear/dropbear_dss_host_key
Sep 13 13:46:58 witherspoon dropbear[1332]: Failed loading /etc/dropbear/dropbear_ecdsa_host_key
Sep 13 13:46:58 witherspoon dropbear[1332]: Child connection from ::ffff:9.41.165.94:35938
Sep 13 13:46:59 witherspoon dropbear[1332]: PAM password auth succeeded for 'root' from ::ffff:9.41.165.94:35938
Sep 13 13:46:59 witherspoon dropbear[1333]: lastlog_perform_login: Couldn't stat /var/log/lastlog: No such file or directory
Sep 13 13:46:59 witherspoon dropbear[1333]: lastlog_openseek: /var/log/lastlog is not a file or directory!
Sep 13 13:47:00 witherspoon phosphor-gevent[1146]: ::80b9:6a76:8e91:f402%1995815708 - - [2017-09-13 13:47:00] "POST /login HTTP/1.1" 200 320 0.033202
Sep 13 13:47:00 witherspoon phosphor-gevent[1146]: ::80b9:6a76:8e91:f402%1995815708 - - [2017-09-13 13:47:00] "GET /xyz/openbmc_project/state/host0//attr/CurrentHostState HTTP/1.1" 200 212 0.077163
Sep 13 13:47:01 witherspoon dropbear[1083]: Exit (root): Exited normally
Sep 13 13:47:01 witherspoon dropbear[1332]: Exit (root): Exited normally
Sep 13 13:47:03 witherspoon phosphor-gevent[1146]: ::80b9:6a76:8e91:f402%1995815708 - - [2017-09-13 13:47:03] "POST /login HTTP/1.1" 200 320 0.033321
Sep 13 13:47:03 witherspoon phosphor-gevent[1146]: ::80b9:6a76:8e91:f402%1995815708 - - [2017-09-13 13:47:03] "GET /xyz/openbmc_project/dump/entry/list HTTP/1.1" 200 211 0.039567
Sep 13 13:47:04 witherspoon phosphor-gevent[1146]: ::80b9:6a76:8e91:f402%1995815708 - - [2017-09-13 13:47:04] "POST /login HTTP/1.1" 200 320 0.120877
Sep 13 13:47:05 witherspoon phosphor-gevent[1146]: ::80b9:6a76:8e91:f402%1995815708 - - [2017-09-13 13:47:05] "GET /xyz/openbmc_project/dump/entry//list HTTP/1.1" 200 211 1.027750
Sep 13 13:47:05 witherspoon phosphor-gevent[1146]: ::80b9:6a76:8e91:f402%1995815708 - - [2017-09-13 13:47:05] "POST /login HTTP/1.1" 200 320 0.046617
Sep 13 13:47:05 witherspoon phosphor-gevent[1146]: ::80b9:6a76:8e91:f402%1995815708 - - [2017-09-13 13:47:05] "POST /xyz/openbmc_project/dump/entry//1/action/Delete HTTP/1.1" 200 169 0.211857
Sep 13 13:47:05 witherspoon phosphor-gevent[1146]: ::80b9:6a76:8e91:f402%1995815708 - - [2017-09-13 13:47:05] "POST /login HTTP/1.1" 200 320 0.049485
Sep 13 13:47:06 witherspoon phosphor-gevent[1146]: ::80b9:6a76:8e91:f402%1995815708 - - [2017-09-13 13:47:06] "GET /xyz/openbmc_project/logging/entry//list HTTP/1.1" 404 311 0.054551
Sep 13 13:47:06 witherspoon phosphor-gevent[1146]: ::80b9:6a76:8e91:f402%1995815708 - - [2017-09-13 13:47:06] "POST /login HTTP/1.1" 200 320 0.033554
Sep 13 13:47:06 witherspoon phosphor-gevent[1146]: ::80b9:6a76:8e91:f402%1995815708 - - [2017-09-13 13:47:06] "GET /xyz/openbmc_project/software/ HTTP/1.1" 200 260 0.047315
Sep 13 13:47:06 witherspoon phosphor-gevent[1146]: ::80b9:6a76:8e91:f402%1995815708 - - [2017-09-13 13:47:06] "POST /login HTTP/1.1" 200 320 0.039816
Sep 13 13:47:06 witherspoon phosphor-gevent[1146]: ::80b9:6a76:8e91:f402%1995815708 - - [2017-09-13 13:47:06] "GET /xyz/openbmc_project/software/active/attr/Purpose HTTP/1.1" 404 259 0.050414
Sep 13 13:47:06 witherspoon phosphor-gevent[1146]: ::80b9:6a76:8e91:f402%1995815708 - - [2017-09-13 13:47:06] "POST /login HTTP/1.1" 200 320 0.044815
Sep 13 13:47:06 witherspoon phosphor-gevent[1146]: ::80b9:6a76:8e91:f402%1995815708 - - [2017-09-13 13:47:06] "GET /xyz/openbmc_project/state/host0//attr/CurrentHostState HTTP/1.1" 200 212 0.089128
Sep 13 13:47:10 witherspoon systemd[1]: Started SSH Per-Connection Server (9.41.165.94:35956).
Sep 13 13:47:10 witherspoon dropbear[1348]: Failed loading /etc/dropbear/dropbear_dss_host_key
Sep 13 13:47:10 witherspoon dropbear[1348]: Failed loading /etc/dropbear/dropbear_ecdsa_host_key
Sep 13 13:47:10 witherspoon dropbear[1348]: Child connection from ::ffff:9.41.165.94:35956
Sep 13 13:47:10 witherspoon dropbear[1348]: PAM password auth succeeded for 'root' from ::ffff:9.41.165.94:35956
Sep 13 13:47:10 witherspoon dropbear[1349]: lastlog_perform_login: Couldn't stat /var/log/lastlog: No such file or directory
Sep 13 13:47:10 witherspoon dropbear[1349]: lastlog_openseek: /var/log/lastlog is not a file or directory!
Sep 13 13:47:13 witherspoon phosphor-gevent[1146]: ::80b9:6a76:8e91:f402%1995815708 - - [2017-09-13 13:47:13] "POST /login HTTP/1.1" 200 320 0.033496
Sep 13 13:47:13 witherspoon phosphor-gevent[1146]: ::80b9:6a76:8e91:f402%1995815708 - - [2017-09-13 13:47:13] "GET /xyz/openbmc_project/sensors/enumerate HTTP/1.1" 200 4476 0.524088
Sep 13 13:47:14 witherspoon phosphor-gevent[1146]: ::80b9:6a76:8e91:f402%1995815708 - - [2017-09-13 13:47:14] "POST /login HTTP/1.1" 200 320 0.033507
Sep 13 13:47:14 witherspoon phosphor-gevent[1146]: ::80b9:6a76:8e91:f402%1995815708 - - [2017-09-13 13:47:14] "GET /xyz/openbmc_project/control/enumerate HTTP/1.1" 200 1382 0.214991
Sep 13 13:47:14 witherspoon phosphor-gevent[1146]: ::80b9:6a76:8e91:f402%1995815708 - - [2017-09-13 13:47:14] "POST /login HTTP/1.1" 200 320 0.045447
Sep 13 13:47:16 witherspoon phosphor-gevent[1146]: ::80b9:6a76:8e91:f402%1995815708 - - [2017-09-13 13:47:16] "GET /xyz/openbmc_project/led/enumerate HTTP/1.1" 200 8120 1.742045
Sep 13 13:47:16 witherspoon phosphor-gevent[1146]: ::80b9:6a76:8e91:f402%1995815708 - - [2017-09-13 13:47:16] "POST /login HTTP/1.1" 200 320 0.033996
Sep 13 13:47:16 witherspoon phosphor-gevent[1146]: ::80b9:6a76:8e91:f402%1995815708 - - [2017-09-13 13:47:16] "GET /xyz/openbmc_project/software/enumerate HTTP/1.1" 200 1472 0.170189
Sep 13 13:47:16 witherspoon phosphor-gevent[1146]: ::80b9:6a76:8e91:f402%1995815708 - - [2017-09-13 13:47:16] "POST /login HTTP/1.1" 200 320 0.045944
Sep 13 13:47:16 witherspoon phosphor-gevent[1146]: ::80b9:6a76:8e91:f402%1995815708 - - [2017-09-13 13:47:16] "GET /xyz/openbmc_project/logging/entry/enumerate HTTP/1.1" 404 311 0.029705
Sep 13 13:47:17 witherspoon phosphor-gevent[1146]: ::80b9:6a76:8e91:f402%1995815708 - - [2017-09-13 13:47:17] "POST /login HTTP/1.1" 200 320 0.034061
Sep 13 13:47:17 witherspoon phosphor-gevent[1146]: ::80b9:6a76:8e91:f402%1995815708 - - [2017-09-13 13:47:17] "GET /xyz/openbmc_project/inventory/enumerate HTTP/1.1" 200 1777 0.307472
Sep 13 13:47:17 witherspoon systemd[1]: Started SSH Per-Connection Server (9.41.165.94:35970).
Sep 13 13:47:17 witherspoon dropbear[1362]: Failed loading /etc/dropbear/dropbear_dss_host_key
Sep 13 13:47:17 witherspoon dropbear[1362]: Failed loading /etc/dropbear/dropbear_ecdsa_host_key
Sep 13 13:47:17 witherspoon dropbear[1362]: Child connection from ::ffff:9.41.165.94:35970
Sep 13 13:47:18 witherspoon dropbear[1362]: PAM password auth succeeded for 'root' from ::ffff:9.41.165.94:35970
