-- Logs begin at Tue 2017-07-18 15:37:53 UTC, end at Tue 2017-07-18 15:58:23 UTC. --
Jul 18 15:37:53 witherspoon kernel: Booting Linux on physical CPU 0x0
Jul 18 15:37:53 witherspoon kernel: Linux version 4.10.17-b2cd8101eec3c200940405f12582473617a520f7 (jenkins@hudson) (gcc version 6.2.0 (GCC) ) #1 Tue Jul 18 15:23:59 UTC 2017
Jul 18 15:37:53 witherspoon kernel: CPU: ARMv6-compatible processor [410fb767] revision 7 (ARMv7), cr=00c5387d
Jul 18 15:37:53 witherspoon kernel: CPU: PIPT / VIPT nonaliasing data cache, VIPT nonaliasing instruction cache
Jul 18 15:37:53 witherspoon kernel: OF: fdt:Machine model: Witherspoon BMC
Jul 18 15:37:53 witherspoon kernel: Memory policy: Data cache writeback
Jul 18 15:37:53 witherspoon kernel: SOC Rev: 04030303
Jul 18 15:37:53 witherspoon kernel: On node 0 totalpages: 110592
Jul 18 15:37:53 witherspoon kernel: free_area_init_node: node 0, pgdat 805fd514, node_mem_map 9ec1a000
Jul 18 15:37:53 witherspoon kernel:   Normal zone: 992 pages used for memmap
Jul 18 15:37:53 witherspoon kernel:   Normal zone: 0 pages reserved
Jul 18 15:37:53 witherspoon kernel:   Normal zone: 110592 pages, LIFO batch:31
Jul 18 15:37:53 witherspoon kernel: pcpu-alloc: s0 r0 d32768 u32768 alloc=1*32768
Jul 18 15:37:53 witherspoon kernel: pcpu-alloc: [0] 0 
Jul 18 15:37:53 witherspoon kernel: Built 1 zonelists in Zone order, mobility grouping on.  Total pages: 109600
Jul 18 15:37:53 witherspoon kernel: Kernel command line: console=ttyS4,115200n8 root=/dev/ram rw
Jul 18 15:37:53 witherspoon kernel: PID hash table entries: 2048 (order: 1, 8192 bytes)
Jul 18 15:37:53 witherspoon kernel: Dentry cache hash table entries: 65536 (order: 6, 262144 bytes)
Jul 18 15:37:53 witherspoon kernel: Inode-cache hash table entries: 32768 (order: 5, 131072 bytes)
Jul 18 15:37:53 witherspoon kernel: Memory: 430452K/442368K available (4062K kernel code, 280K rwdata, 1192K rodata, 280K init, 111K bss, 11916K reserved, 0K cma-reserved)
Jul 18 15:37:53 witherspoon kernel: Virtual kernel memory layout:
                                        vector  : 0xffff0000 - 0xffff1000   (   4 kB)
                                        fixmap  : 0xffc00000 - 0xfff00000   (3072 kB)
                                        vmalloc : 0x9f800000 - 0xff800000   (1536 MB)
                                        lowmem  : 0x80000000 - 0x9f000000   ( 496 MB)
                                          .text : 0x80008000 - 0x803ffd20   (4064 kB)
                                          .init : 0x80584000 - 0x805ca000   ( 280 kB)
                                          .data : 0x805ca000 - 0x806102a8   ( 281 kB)
                                           .bss : 0x806102a8 - 0x8062c158   ( 112 kB)
Jul 18 15:37:53 witherspoon kernel: NR_IRQS:16 nr_irqs:16 16
Jul 18 15:37:53 witherspoon kernel: i2c controller registered, irq 16
Jul 18 15:37:53 witherspoon kernel: clocksource: moxart_timer: mask: 0xffffffff max_cycles: 0xffffffff, max_idle_ns: 77222644334 ns
Jul 18 15:37:53 witherspoon kernel: sched_clock: 32 bits at 100 Hz, resolution 10000000ns, wraps every 21474836475000000ns
Jul 18 15:37:53 witherspoon kernel: Calibrating delay loop... 789.70 BogoMIPS (lpj=3948544)
Jul 18 15:37:53 witherspoon kernel: pid_max: default: 32768 minimum: 301
Jul 18 15:37:53 witherspoon kernel: Mount-cache hash table entries: 1024 (order: 0, 4096 bytes)
Jul 18 15:37:53 witherspoon kernel: Mountpoint-cache hash table entries: 1024 (order: 0, 4096 bytes)
Jul 18 15:37:53 witherspoon kernel: CPU: Testing write buffer coherency: ok
Jul 18 15:37:53 witherspoon kernel: ftrace: allocating 14933 entries in 44 pages
Jul 18 15:37:53 witherspoon kernel: Setting up static identity map for 0x80008200 - 0x8000825c
Jul 18 15:37:53 witherspoon kernel: devtmpfs: initialized
Jul 18 15:37:53 witherspoon kernel: clocksource: jiffies: mask: 0xffffffff max_cycles: 0xffffffff, max_idle_ns: 19112604462750000 ns
Jul 18 15:37:53 witherspoon kernel: futex hash table entries: 256 (order: -1, 3072 bytes)
Jul 18 15:37:53 witherspoon kernel: pinctrl core: initialized pinctrl subsystem
Jul 18 15:37:53 witherspoon kernel: NET: Registered protocol family 16
Jul 18 15:37:53 witherspoon kernel: DMA: preallocated 256 KiB pool for atomic coherent allocations
Jul 18 15:37:53 witherspoon kernel: usbcore: registered new interface driver usbfs
Jul 18 15:37:53 witherspoon kernel: usbcore: registered new interface driver hub
Jul 18 15:37:53 witherspoon kernel: usbcore: registered new device driver usb
Jul 18 15:37:53 witherspoon kernel: clocksource: Switched to clocksource moxart_timer
Jul 18 15:37:53 witherspoon kernel: NET: Registered protocol family 2
Jul 18 15:37:53 witherspoon kernel: TCP established hash table entries: 4096 (order: 2, 16384 bytes)
Jul 18 15:37:53 witherspoon kernel: TCP bind hash table entries: 4096 (order: 2, 16384 bytes)
Jul 18 15:37:53 witherspoon kernel: TCP: Hash tables configured (established 4096 bind 4096)
Jul 18 15:37:53 witherspoon kernel: UDP hash table entries: 256 (order: 0, 4096 bytes)
Jul 18 15:37:53 witherspoon kernel: UDP-Lite hash table entries: 256 (order: 0, 4096 bytes)
Jul 18 15:37:53 witherspoon kernel: NET: Registered protocol family 1
Jul 18 15:37:53 witherspoon kernel: Trying to unpack rootfs image as initramfs...
Jul 18 15:37:53 witherspoon kernel: Freeing initrd memory: 1544K
Jul 18 15:37:53 witherspoon kernel: workingset: timestamp_bits=30 max_order=17 bucket_order=0
Jul 18 15:37:53 witherspoon kernel: squashfs: version 4.0 (2009/01/31) Phillip Lougher
Jul 18 15:37:53 witherspoon kernel: jffs2: version 2.2. (SUMMARY)  © 2001-2006 Red Hat, Inc.
Jul 18 15:37:53 witherspoon kernel: Block layer SCSI generic (bsg) driver version 0.4 loaded (major 250)
Jul 18 15:37:53 witherspoon kernel: io scheduler noop registered
Jul 18 15:37:53 witherspoon kernel: io scheduler deadline registered
Jul 18 15:37:53 witherspoon kernel: io scheduler cfq registered (default)
Jul 18 15:37:53 witherspoon kernel: ipmi-bt-host 1e789140.ibt: Found bt bmc device
Jul 18 15:37:53 witherspoon kernel: ipmi-bt-host 1e789140.ibt: Using IRQ 22
Jul 18 15:37:53 witherspoon kernel: Serial: 8250/16550 driver, 6 ports, IRQ sharing enabled
Jul 18 15:37:53 witherspoon kernel: 1e783000.serial: ttyS0 at MMIO 0x1e783000 (irq = 23, base_baud = 1500000) is a 16550A
Jul 18 15:37:53 witherspoon kernel: 1e78d000.serial: ttyS1 at MMIO 0x1e78d000 (irq = 24, base_baud = 1500000) is a 16550A
Jul 18 15:37:53 witherspoon kernel: 1e784000.serial: ttyS4 at MMIO 0x1e784000 (irq = 25, base_baud = 1500000) is a 16550A
Jul 18 15:37:53 witherspoon kernel: console [ttyS4] enabled
Jul 18 15:37:53 witherspoon kernel: 1e787000.vuart: ttyS2 at MMIO 0x1e787000 (irq = 22, base_baud = 1500000) is a 16550A
Jul 18 15:37:53 witherspoon kernel: timeriomem_rng 1e6e2078.hwrng: 32bits from 0xf00e2078 @ 1us
Jul 18 15:37:53 witherspoon kernel: random: fast init done
Jul 18 15:37:53 witherspoon kernel: brd: module loaded
Jul 18 15:37:53 witherspoon kernel: loop: module loaded
Jul 18 15:37:53 witherspoon kernel: aspeed-lpc-ctrl 1e789080.lpc-ctrl: Loaded at 0x98000000 (0x04000000)
Jul 18 15:37:53 witherspoon kernel: aspeed-smc 1e620000.flash-controller: Using IRQ 18
Jul 18 15:37:53 witherspoon kernel: aspeed-smc 1e620000.flash-controller: DMA support disabled.
Jul 18 15:37:53 witherspoon kernel: aspeed-smc 1e620000.flash-controller: mx25l25635e (32768 Kbytes)
Jul 18 15:37:53 witherspoon kernel: aspeed-smc 1e620000.flash-controller: CE0 window [ 0x20000000 - 0x22000000 ] 32MB
Jul 18 15:37:53 witherspoon kernel: aspeed-smc 1e620000.flash-controller: CE1 window [ 0x22000000 - 0x2a000000 ] 128MB
Jul 18 15:37:53 witherspoon kernel: 5 ofpart partitions found on MTD device bmc
Jul 18 15:37:53 witherspoon kernel: Creating 5 MTD partitions on "bmc":
Jul 18 15:37:53 witherspoon kernel: 0x000000000000-0x000000060000 : "u-boot"
Jul 18 15:37:53 witherspoon kernel: 0x000000060000-0x000000080000 : "u-boot-env"
Jul 18 15:37:53 witherspoon kernel: random: crng init done
Jul 18 15:37:53 witherspoon kernel: 0x000000080000-0x0000004c0000 : "kernel"
Jul 18 15:37:53 witherspoon kernel: 0x0000004c0000-0x000001c00000 : "rofs"
Jul 18 15:37:53 witherspoon kernel: 0x000001c00000-0x000002000000 : "rwfs"
Jul 18 15:37:53 witherspoon kernel: aspeed-smc 1e620000.flash-controller: mx25l25635e (32768 Kbytes)
Jul 18 15:37:53 witherspoon kernel: aspeed-smc 1e620000.flash-controller: CE1 window [ 0x22000000 - 0x24000000 ] 32MB
Jul 18 15:37:53 witherspoon kernel: aspeed-smc 1e620000.flash-controller: CE2 window [ 0x24000000 - 0x2c000000 ] 128MB
Jul 18 15:37:53 witherspoon kernel: aspeed-smc 1e630000.flash-controller: mx66l1g45g (131072 Kbytes)
Jul 18 15:37:53 witherspoon kernel: aspeed-smc 1e630000.flash-controller: CE0 window resized to 120MB (AST2500 HW quirk)
Jul 18 15:37:53 witherspoon kernel: aspeed-smc 1e630000.flash-controller: CE0 window [ 0x30000000 - 0x37800000 ] 120MB
Jul 18 15:37:53 witherspoon kernel: aspeed-smc 1e630000.flash-controller: CE0 window too small for chip 128MB
Jul 18 15:37:53 witherspoon kernel: aspeed-smc 1e630000.flash-controller: CE1 window [ 0x37800000 - 0x38000000 ] 8MB
Jul 18 15:37:53 witherspoon kernel: libphy: Fixed MDIO Bus: probed
Jul 18 15:37:53 witherspoon kernel: ftgmac100 1e660000.ethernet: Read MAC address 70:e2:84:14:28:a9 from chip
Jul 18 15:37:53 witherspoon kernel: ftgmac100 1e660000.ethernet: Using NCSI interface
Jul 18 15:37:53 witherspoon kernel: ftgmac100 1e660000.ethernet eth0: irq 20, mapped at f0060000
Jul 18 15:37:53 witherspoon kernel: ehci_hcd: USB 2.0 'Enhanced' Host Controller (EHCI) Driver
Jul 18 15:37:53 witherspoon kernel: ehci-platform: EHCI generic platform driver
Jul 18 15:37:53 witherspoon kernel:  fsi0: can't read slave 00:00 -5
Jul 18 15:37:53 witherspoon kernel: i2c /dev entries driver
Jul 18 15:37:53 witherspoon kernel: aspeed-i2c-bus 1e78a0c0.i2c-bus: i2c bus 2 registered, irq 26
Jul 18 15:37:53 witherspoon kernel: aspeed-i2c-bus 1e78a100.i2c-bus: i2c bus 3 registered, irq 27
Jul 18 15:37:53 witherspoon kernel: aspeed-i2c-bus 1e78a140.i2c-bus: i2c bus 4 registered, irq 28
Jul 18 15:37:53 witherspoon kernel: aspeed-i2c-bus 1e78a180.i2c-bus: i2c bus 5 registered, irq 29
Jul 18 15:37:53 witherspoon kernel: aspeed-i2c-bus 1e78a380.i2c-bus: i2c bus 9 registered, irq 30
Jul 18 15:37:53 witherspoon kernel: aspeed-i2c-bus 1e78a3c0.i2c-bus: i2c bus 10 registered, irq 31
Jul 18 15:37:53 witherspoon kernel: rtc-rv8803 11-0032: Voltage low, temperature compensation stopped.
Jul 18 15:37:53 witherspoon kernel: rtc-rv8803 11-0032: rtc core: registered rx8900 as rtc0
Jul 18 15:37:53 witherspoon kernel: at24 11-0051: 8192 byte 24c64 EEPROM, writable, 1 bytes/write
Jul 18 15:37:53 witherspoon kernel: aspeed-i2c-bus 1e78a400.i2c-bus: i2c bus 11 registered, irq 32
Jul 18 15:37:53 witherspoon kernel: aspeed-i2c-bus 1e78a440.i2c-bus: i2c bus 12 registered, irq 33
Jul 18 15:37:53 witherspoon kernel: aspeed-i2c-bus 1e78a480.i2c-bus: i2c bus 13 registered, irq 34
Jul 18 15:37:53 witherspoon kernel: Driver for 1-wire Dallas network protocol.
Jul 18 15:37:53 witherspoon kernel: lm75 9-004a: hwmon0: sensor 'tmp275'
Jul 18 15:37:53 witherspoon kernel: ucd9000 11-0064: Device ID UCD90160|2.3.4.0000|110603
Jul 18 15:37:53 witherspoon kernel: leds-pca955x 3-0060: leds-pca955x: Using pca9552 16-bit LED driver at slave address 0x60
Jul 18 15:37:53 witherspoon kernel: leds-pca955x 11-0060: leds-pca955x: Using pca9552 16-bit LED driver at slave address 0x60
Jul 18 15:37:53 witherspoon kernel: leds-pca955x 11-0060: gpios 264...279
Jul 18 15:37:53 witherspoon kernel: usbcore: registered new interface driver usbhid
Jul 18 15:37:53 witherspoon kernel: usbhid: USB HID core driver
Jul 18 15:37:53 witherspoon kernel: bmp280: probe of 3-0077 failed with error -5
Jul 18 15:37:53 witherspoon kernel: dps310 3-0076: iio:device1: sensor 'dps310'
Jul 18 15:37:53 witherspoon kernel: NET: Registered protocol family 10
Jul 18 15:37:53 witherspoon kernel: Segment Routing with IPv6
Jul 18 15:37:53 witherspoon kernel: NET: Registered protocol family 17
Jul 18 15:37:53 witherspoon kernel: 8021q: 802.1Q VLAN Support v1.8
Jul 18 15:37:53 witherspoon kernel: console [netcon0] enabled
Jul 18 15:37:53 witherspoon kernel: netconsole: network logging started
Jul 18 15:37:53 witherspoon kernel: input: gpio-keys as /devices/platform/gpio-keys/input/input0
Jul 18 15:37:53 witherspoon kernel: rtc-rv8803 11-0032: setting system clock to 2017-07-18 15:37:38 UTC (1500392258)
Jul 18 15:37:53 witherspoon kernel: Freeing unused kernel memory: 280K
Jul 18 15:37:53 witherspoon kernel: This architecture does not have kernel memory protection.
Jul 18 15:37:53 witherspoon kernel: jffs2: notice: (523) jffs2_build_xattr_subsystem: complete building xattr subsystem, 0 of xdatum (0 unchecked, 0 orphan) and 0 of xref (0 dead, 0 orphan) found.
Jul 18 15:37:53 witherspoon systemd[1]: Failed to insert module 'autofs4': No such file or directory
Jul 18 15:37:53 witherspoon systemd[1]: systemd 232 running in system mode. (+PAM -AUDIT -SELINUX -IMA -APPARMOR -SMACK +SYSVINIT -UTMP -LIBCRYPTSETUP -GCRYPT -GNUTLS +ACL +XZ -LZ4 -SECCOMP +BLKID -ELFUTILS +KMOD -IDN)
Jul 18 15:37:53 witherspoon systemd[1]: Detected architecture arm.
Jul 18 15:37:53 witherspoon systemd[1]: Set hostname to <witherspoon>.
Jul 18 15:37:53 witherspoon systemd[1]: [/lib/systemd/system/xyz.openbmc_project.ObjectMapper.service:9] Unknown lvalue '--blacklists' in section 'Service'
Jul 18 15:37:53 witherspoon systemd[1]: Listening on Journal Socket.
Jul 18 15:37:53 witherspoon systemd[1]: Listening on Network Service Netlink Socket.
Jul 18 15:37:53 witherspoon systemd[1]: Started Forward Password Requests to Wall Directory Watch.
Jul 18 15:37:53 witherspoon systemd[1]: Reached target Remote File Systems.
Jul 18 15:37:53 witherspoon systemd[1]: Listening on udev Control Socket.
Jul 18 15:37:53 witherspoon systemd[1]: Listening on Journal Socket (/dev/log).
Jul 18 15:37:53 witherspoon systemd[1]: Created slice system-serial\x2dgetty.slice.
Jul 18 15:37:53 witherspoon systemd[1]: Created slice system-phosphor\x2dreset\x2dhost\x2dcheck.slice.
Jul 18 15:37:53 witherspoon systemd[1]: Starting Apply Kernel Variables...
Jul 18 15:37:53 witherspoon systemd[1]: Created slice system-mapper\x2dwait.slice.
Jul 18 15:37:53 witherspoon systemd[1]: Created slice system-obmc\x2dconsole.slice.
Jul 18 15:37:53 witherspoon systemd[1]: Mounting Temporary Directory...
Jul 18 15:37:53 witherspoon systemd[1]: Created slice system-phosphor\x2dreset\x2dhost\x2drunning.slice.
Jul 18 15:37:53 witherspoon systemd[1]: Created slice system-org.openbmc.control.Chassis.slice.
Jul 18 15:37:53 witherspoon systemd[1]: Starting Remount Root and Kernel File Systems...
Jul 18 15:37:53 witherspoon systemd[1]: Created slice system-op\x2dreset\x2dchassis\x2don.slice.
Jul 18 15:37:53 witherspoon systemd[1]: Starting Journal Service...
Jul 18 15:37:53 witherspoon systemd[1]: Reached target Slices.
Jul 18 15:37:53 witherspoon systemd-journald[655]: Journal started
Jul 18 15:37:53 witherspoon systemd-journald[655]: Runtime journal (/run/log/journal/12c6a00ebfdd479284cf09f39d1bc042) is 0B, max 0B, 0B free.
Jul 18 15:37:53 witherspoon systemd[1]: Created slice system-org.openbmc.control.Power.slice.
Jul 18 15:37:53 witherspoon systemd-sysctl[541]: Couldn't write '16' to 'kernel/sysrq', ignoring: No such file or directory
Jul 18 15:37:53 witherspoon systemd-sysctl[541]: Couldn't write 'fq_codel' to 'net/core/default_qdisc', ignoring: No such file or directory
Jul 18 15:37:54 witherspoon systemd[1]: Created slice system-phosphor\x2ddiscover\x2dsystem\x2dstate.slice.
Jul 18 15:37:54 witherspoon systemd[1]: Created slice system-phosphor\x2dcooling\x2dtype.slice.
Jul 18 15:37:54 witherspoon systemd[1]: Mounted Debug File System.
Jul 18 15:37:55 witherspoon systemd[1]: Mounted Temporary Directory.
Jul 18 15:37:55 witherspoon systemd[1]: Started Journal Service.
Jul 18 15:37:55 witherspoon systemd[1]: Started Apply Kernel Variables.
Jul 18 15:37:55 witherspoon systemd[1]: Started Remount Root and Kernel File Systems.
Jul 18 15:37:56 witherspoon systemd[1]: Starting Create System Users...
Jul 18 15:37:56 witherspoon systemd[1]: Starting Flush Journal to Persistent Storage...
Jul 18 15:37:57 witherspoon systemd[1]: Started udev Coldplug all Devices.
Jul 18 15:37:57 witherspoon systemd[1]: Started Create System Users.
Jul 18 15:37:57 witherspoon systemd[1]: Starting Create Static Device Nodes in /dev...
Jul 18 15:37:58 witherspoon systemd-journald[655]: Runtime journal (/run/log/journal/12c6a00ebfdd479284cf09f39d1bc042) is 0B, max 0B, 0B free.
Jul 18 15:37:58 witherspoon systemd[1]: Started Flush Journal to Persistent Storage.
Jul 18 15:37:58 witherspoon systemd[1]: Started Create Static Device Nodes in /dev.
Jul 18 15:37:59 witherspoon systemd[1]: Reached target Local File Systems (Pre).
Jul 18 15:37:59 witherspoon systemd[1]: Mounting /var/volatile...
Jul 18 15:37:59 witherspoon systemd[1]: Starting udev Kernel Device Manager...
Jul 18 15:37:59 witherspoon systemd[1]: Mounted /var/volatile.
Jul 18 15:37:59 witherspoon systemd[1]: Starting Load/Save Random Seed...
Jul 18 15:37:59 witherspoon systemd[1]: Reached target Local File Systems.
Jul 18 15:37:59 witherspoon systemd[1]: Starting Rebuild Journal Catalog...
Jul 18 15:37:59 witherspoon systemd[1]: Starting Create Volatile Files and Directories...
Jul 18 15:37:59 witherspoon systemd[1]: Started Load/Save Random Seed.
Jul 18 15:37:59 witherspoon systemd-tmpfiles[892]: "/var/tmp" already exists and is not a directory.
Jul 18 15:37:59 witherspoon systemd-tmpfiles[892]: "/var/log" already exists and is not a directory.
Jul 18 15:38:00 witherspoon systemd[1]: Started Rebuild Journal Catalog.
Jul 18 15:38:00 witherspoon systemd[1]: Starting Update is Completed...
Jul 18 15:38:00 witherspoon systemd[1]: Started Create Volatile Files and Directories.
Jul 18 15:38:00 witherspoon systemd[1]: Starting Run pending postinsts...
Jul 18 15:38:00 witherspoon systemd[1]: Starting Network Time Synchronization...
Jul 18 15:38:00 witherspoon systemd[1]: Started udev Kernel Device Manager.
Jul 18 15:38:01 witherspoon systemd[1]: Started Update is Completed.
Jul 18 15:38:01 witherspoon systemd[1]: Started Network Time Synchronization.
Jul 18 15:38:01 witherspoon systemd[1]: Reached target System Time Synchronized.
Jul 18 15:38:02 witherspoon run-postinsts[897]: Running postinst /etc/rpm-postinsts/libglib-2.0-0...
Jul 18 15:38:02 witherspoon systemd[1]: Created slice system-xyz.openbmc_project.Hwmon.slice.
Jul 18 15:38:02 witherspoon systemd[1]: dev-hugepages.mount: Couldn't determine result for ConditionVirtualization=!private-users, assuming failed: No such file or directory
Jul 18 15:38:02 witherspoon systemd[1]: Found device /dev/aspeed-mbox.
Jul 18 15:38:02 witherspoon systemd[1]: Found device /dev/ttyS4.
Jul 18 15:38:02 witherspoon systemd[1]: Found device /dev/ttyVUART0.
Jul 18 15:38:02 witherspoon systemd[1]: dev-hugepages.mount: Couldn't determine result for ConditionVirtualization=!private-users, assuming failed: No such file or directory
Jul 18 15:38:03 witherspoon systemd[1]: Found device /dev/aspeed-lpc-ctrl.
Jul 18 15:38:04 witherspoon systemd[1]: dev-hugepages.mount: Couldn't determine result for ConditionVirtualization=!private-users, assuming failed: No such file or directory
Jul 18 15:38:04 witherspoon systemd[1]: Created slice system-xyz.openbmc_project.led.controller.slice.
Jul 18 15:38:04 witherspoon run-postinsts[897]: rm: can't remove '/etc/rpm-postinsts': Invalid argument
Jul 18 15:38:04 witherspoon run-postinsts[897]:  Removing any system startup links for run-postinsts ...
Jul 18 15:38:05 witherspoon systemctl[928]: Removed /etc/systemd/system/sysinit.target.wants/run-postinsts.service.
Jul 18 15:38:05 witherspoon systemd[1]: Reloading.
Jul 18 15:38:06 witherspoon systemd[1]: [/lib/systemd/system/xyz.openbmc_project.ObjectMapper.service:9] Unknown lvalue '--blacklists' in section 'Service'
Jul 18 15:38:07 witherspoon systemd[1]: Started Run pending postinsts.
Jul 18 15:38:07 witherspoon systemd[1]: Reached target System Initialization.
Jul 18 15:38:07 witherspoon systemd[1]: Listening on Phosphor Host Console SSH Per-Connection socket.
Jul 18 15:38:07 witherspoon systemd[1]: Listening on Phosphor DBUS Browser socket.
Jul 18 15:38:07 witherspoon systemd[1]: Listening on Phosphor Webserver socket.
Jul 18 15:38:08 witherspoon systemd[1]: Started Daily Cleanup of Temporary Directories.
Jul 18 15:38:08 witherspoon systemd[1]: Listening on phosphor-ipmi-net.socket.
Jul 18 15:38:08 witherspoon systemd[1]: Listening on Avahi mDNS/DNS-SD Stack Activation Socket.
Jul 18 15:38:08 witherspoon systemd[1]: Listening on dropbear.socket.
Jul 18 15:38:08 witherspoon systemd[1]: Listening on D-Bus System Message Bus Socket.
Jul 18 15:38:08 witherspoon systemd[1]: Reached target Sockets.
Jul 18 15:38:08 witherspoon systemd[1]: Reached target Basic System.
Jul 18 15:38:08 witherspoon systemd[1]: Starting Phosphor Dump Manager...
Jul 18 15:38:08 witherspoon systemd[1]: Starting Phosphor Inventory Manager...
Jul 18 15:38:08 witherspoon systemd[1]: Starting OpenBMC Software Update Manager...
Jul 18 15:38:08 witherspoon systemd[1]: Started Phosphor sysfs LED controller.
Jul 18 15:38:08 witherspoon systemd[1]: Starting Phosphor BMC0 Control...
Jul 18 15:38:08 witherspoon systemd[1]: Starting Phosphor LED Group Management Daemon...
Jul 18 15:38:08 witherspoon systemd[1]: Started Phosphor Hwmon Poller.
Jul 18 15:38:08 witherspoon systemd[1]: Starting Phosphor IPMI BT DBus Bridge...
Jul 18 15:38:08 witherspoon systemd[1]: Started Phosphor sysfs LED controller.
Jul 18 15:38:08 witherspoon systemd[1]: Started Phosphor sysfs LED controller.
Jul 18 15:38:08 witherspoon systemd[1]: Starting Phosphor Chassis0 Control...
Jul 18 15:38:08 witherspoon systemd[1]: Started Hardware RNG Entropy Gatherer Daemon.
Jul 18 15:38:08 witherspoon systemd[1]: Starting Phosphor Settings Daemon...
Jul 18 15:38:08 witherspoon systemd[1]: Starting Phosphor Network Manager...
Jul 18 15:38:08 witherspoon systemd[1]: Started Phosphor Hwmon Poller.
Jul 18 15:38:08 witherspoon systemd[1]: Started Phosphor Hwmon Poller.
Jul 18 15:38:09 witherspoon systemd[1]: Starting Avahi mDNS/DNS-SD Stack...
Jul 18 15:38:09 witherspoon systemd[1]: Started Phosphor Hwmon Poller.
Jul 18 15:38:09 witherspoon systemd[1]: Started System Logging Service.
Jul 18 15:38:09 witherspoon systemd[1]: Started Phosphor Hwmon Poller.
Jul 18 15:38:09 witherspoon systemd[1]: Started Phosphor sysfs LED controller.
Jul 18 15:38:09 witherspoon systemd[1]: Started Phosphor Dump core monitor..
Jul 18 15:38:09 witherspoon systemd[1]: Starting Phosphor Download Manager...
Jul 18 15:38:09 witherspoon systemd[1]: Starting Phosphor Log Manager...
Jul 18 15:38:09 witherspoon systemd[1]: Started Phosphor sysfs LED controller.
Jul 18 15:38:09 witherspoon systemd[1]: Started Phosphor sysfs LED controller.
Jul 18 15:38:09 witherspoon systemd[1]: Started Phosphor Console Muxer listening on device /dev/ttyVUART0.
Jul 18 15:38:09 witherspoon systemd[1]: Reached target Containers.
Jul 18 15:38:09 witherspoon systemd[1]: Started Phosphor sysfs LED controller.
Jul 18 15:38:10 witherspoon systemd[1]: Starting Phosphor Inventory Manager...
Jul 18 15:38:10 witherspoon systemd[1]: Started Phosphor sysfs LED controller.
Jul 18 15:38:10 witherspoon systemd[1]: Starting Phosphor User Manager...
Jul 18 15:38:10 witherspoon systemd[1]: Starting Phosphor Network Manager...
Jul 18 15:38:10 witherspoon systemd[1]: Starting Phosphor DBus Service Discovery Manager...
Jul 18 15:38:10 witherspoon systemd[1]: Starting Clear one time boot overrides...
Jul 18 15:38:10 witherspoon systemd[1]: Starting OpenPower Software Update Manager...
Jul 18 15:38:10 witherspoon systemd[1]: Started Kernel Logging Service.
Jul 18 15:38:10 witherspoon systemd[1]: Started Phosphor sysfs LED controller.
Jul 18 15:38:10 witherspoon kernel[976]: klogd started: BusyBox v1.24.1 (2017-06-16 19:26:49 UTC)
Jul 18 15:38:10 witherspoon kernel[976]: [    0.000000] Booting Linux on physical CPU 0x0
Jul 18 15:38:10 witherspoon kernel[976]: [    0.000000] Linux version 4.10.17-b2cd8101eec3c200940405f12582473617a520f7 (jenkins@hudson) (gcc version 6.2.0 (GCC) ) #1 Tue Jul 18 15:23:59 UTC 2017
Jul 18 15:38:10 witherspoon kernel[976]: [    0.000000] CPU: ARMv6-compatible processor [410fb767] revision 7 (ARMv7), cr=00c5387d
Jul 18 15:38:10 witherspoon kernel[976]: [    0.000000] CPU: PIPT / VIPT nonaliasing data cache, VIPT nonaliasing instruction cache
Jul 18 15:38:10 witherspoon kernel[976]: [    0.000000] OF: fdt:Machine model: Witherspoon BMC
Jul 18 15:38:10 witherspoon kernel[976]: [    0.000000] Memory policy: Data cache writeback
Jul 18 15:38:10 witherspoon kernel[976]: [    0.000000] SOC Rev: 04030303
Jul 18 15:38:10 witherspoon kernel[976]: [    0.000000] On node 0 totalpages: 110592
Jul 18 15:38:10 witherspoon systemd[1]: Started D-Bus System Message Bus.
Jul 18 15:38:10 witherspoon kernel[976]: [    0.000000] free_area_init_node: node 0, pgdat 805fd514, node_mem_map 9ec1a000
Jul 18 15:38:10 witherspoon kernel[976]: [    0.000000]   Normal zone: 992 pages used for memmap
Jul 18 15:38:10 witherspoon kernel[976]: [    0.000000]   Normal zone: 0 pages reserved
Jul 18 15:38:10 witherspoon kernel[976]: [    0.000000]   Normal zone: 110592 pages, LIFO batch:31
Jul 18 15:38:10 witherspoon kernel[976]: [    0.000000] pcpu-alloc: s0 r0 d32768 u32768 alloc=1*32768
Jul 18 15:38:10 witherspoon kernel[976]: [    0.000000] pcpu-alloc: [0] 0
Jul 18 15:38:10 witherspoon kernel[976]: [    0.000000] Built 1 zonelists in Zone order, mobility grouping on.  Total pages: 109600
Jul 18 15:38:10 witherspoon kernel[976]: [    0.000000] Kernel command line: console=ttyS4,115200n8 root=/dev/ram rw
Jul 18 15:38:10 witherspoon kernel[976]: [    0.000000] PID hash table entries: 2048 (order: 1, 8192 bytes)
Jul 18 15:38:10 witherspoon kernel[976]: [    0.000000] Dentry cache hash table entries: 65536 (order: 6, 262144 bytes)
Jul 18 15:38:10 witherspoon kernel[976]: [    0.000000] Inode-cache hash table entries: 32768 (order: 5, 131072 bytes)
Jul 18 15:38:10 witherspoon kernel[976]: [    0.000000] Memory: 430452K/442368K available (4062K kernel code, 280K rwdata, 1192K rodata, 280K init, 111K bss, 11916K reserved, 0K cma-reserved)
Jul 18 15:38:10 witherspoon kernel[976]: [    0.000000] Virtual kernel memory layout:
Jul 18 15:38:10 witherspoon kernel[976]: [    0.000000]     vector  : 0xffff0000 - 0xffff1000   (   4 kB)
Jul 18 15:38:10 witherspoon kernel[976]: [    0.000000]     fixmap  : 0xffc00000 - 0xfff00000   (3072 kB)
Jul 18 15:38:10 witherspoon kernel[976]: [    0.000000]     vmalloc : 0x9f800000 - 0xff800000   (1536 MB)
Jul 18 15:38:10 witherspoon kernel[976]: [    0.000000]     lowmem  : 0x80000000 - 0x9f000000   ( 496 MB)
Jul 18 15:38:10 witherspoon kernel[976]: [    0.000000]       .text : 0x80008000 - 0x803ffd20   (4064 kB)
Jul 18 15:38:10 witherspoon kernel[976]: [    0.000000]       .init : 0x80584000 - 0x805ca000   ( 280 kB)
Jul 18 15:38:10 witherspoon kernel[976]: [    0.000000]       .data : 0x805ca000 - 0x806102a8   ( 281 kB)
Jul 18 15:38:10 witherspoon kernel[976]: [    0.000000]        .bss : 0x806102a8 - 0x8062c158   ( 112 kB)
Jul 18 15:38:10 witherspoon kernel[976]: [    0.000000] NR_IRQS:16 nr_irqs:16 16
Jul 18 15:38:10 witherspoon kernel[976]: [    0.000000] i2c controller registered, irq 16
Jul 18 15:38:10 witherspoon kernel[976]: [    0.000000] clocksource: moxart_timer: mask: 0xffffffff max_cycles: 0xffffffff, max_idle_ns: 77222644334 ns
Jul 18 15:38:10 witherspoon kernel[976]: [    0.000000] sched_clock: 32 bits at 100 Hz, resolution 10000000ns, wraps every 21474836475000000ns
Jul 18 15:38:10 witherspoon kernel[976]: [    0.090000] Calibrating delay loop... 789.70 BogoMIPS (lpj=3948544)
Jul 18 15:38:10 witherspoon kernel[976]: [    0.090000] pid_max: default: 32768 minimum: 301
Jul 18 15:38:10 witherspoon kernel[976]: [    0.090000] Mount-cache hash table entries: 1024 (order: 0, 4096 bytes)
Jul 18 15:38:10 witherspoon kernel[976]: [    0.090000] Mountpoint-cache hash table entries: 1024 (order: 0, 4096 bytes)
Jul 18 15:38:10 witherspoon kernel[976]: [    0.090000] CPU: Testing write buffer coherency: ok
Jul 18 15:38:10 witherspoon kernel[976]: [    0.090000] ftrace: allocating 14933 entries in 44 pages
Jul 18 15:38:10 witherspoon kernel[976]: [    0.120000] Setting up static identity map for 0x80008200 - 0x8000825c
Jul 18 15:38:10 witherspoon kernel[976]: [    0.120000] devtmpfs: initialized
Jul 18 15:38:10 witherspoon kernel[976]: [    0.140000] clocksource: jiffies: mask: 0xffffffff max_cycles: 0xffffffff, max_idle_ns: 19112604462750000 ns
Jul 18 15:38:10 witherspoon kernel[976]: [    0.140000] futex hash table entries: 256 (order: -1, 3072 bytes)
Jul 18 15:38:10 witherspoon kernel[976]: [    0.140000] pinctrl core: initialized pinctrl subsystem
Jul 18 15:38:13 witherspoon phosphor-hwmon-readd[956]: Usage: /usr/sbin/phosphor-hwmon-readd [options]
Jul 18 15:38:13 witherspoon phosphor-hwmon-readd[956]: Options:
Jul 18 15:38:13 witherspoon phosphor-hwmon-readd[956]:     --help               print this menu
Jul 18 15:38:13 witherspoon phosphor-hwmon-readd[956]:     --path=<path>        sysfs location to monitor
Jul 18 15:38:13 witherspoon phosphor-hwmon-readd[956]:     --of-name=<path>     open firmware device name to monitor
Jul 18 15:38:13 witherspoon phosphor-hwmon-readd[956]: ERROR: Path not specified or invalid.
Jul 18 15:38:10 witherspoon kernel[976]: [    0.140000] NET: Registered protocol family 16
Jul 18 15:38:10 witherspoon kernel[976]: [    0.140000] DMA: preallocated 256 KiB pool for atomic coherent allocations
Jul 18 15:38:10 witherspoon kernel[976]: [    0.210000] usbcore: registered new interface driver usbfs
Jul 18 15:38:10 witherspoon kernel[976]: [    0.210000] usbcore: registered new interface driver hub
Jul 18 15:38:10 witherspoon kernel[976]: [    0.210000] usbcore: registered new device driver usb
Jul 18 15:38:10 witherspoon kernel[976]: [    0.210000] clocksource: Switched to clocksource moxart_timer
Jul 18 15:38:10 witherspoon kernel[976]: [    0.220000] NET: Registered protocol family 2
Jul 18 15:38:10 witherspoon kernel[976]: [    0.220000] TCP established hash table entries: 4096 (order: 2, 16384 bytes)
Jul 18 15:38:10 witherspoon kernel[976]: [    0.220000] TCP bind hash table entries: 4096 (order: 2, 16384 bytes)
Jul 18 15:38:10 witherspoon kernel[976]: [    0.220000] TCP: Hash tables configured (established 4096 bind 4096)
Jul 18 15:38:10 witherspoon kernel[976]: [    0.220000] UDP hash table entries: 256 (order: 0, 4096 bytes)
Jul 18 15:38:10 witherspoon kernel[976]: [    0.220000] UDP-Lite hash table entries: 256 (order: 0, 4096 bytes)
Jul 18 15:38:10 witherspoon kernel[976]: [    0.230000] NET: Registered protocol family 1
Jul 18 15:38:10 witherspoon kernel[976]: [    0.230000] Trying to unpack rootfs image as initramfs...
Jul 18 15:38:10 witherspoon kernel[976]: [    1.900000] Freeing initrd memory: 1544K
Jul 18 15:38:10 witherspoon kernel[976]: [    1.900000] workingset: timestamp_bits=30 max_order=17 bucket_order=0
Jul 18 15:38:10 witherspoon kernel[976]: [    1.900000] squashfs: version 4.0 (2009/01/31) Phillip Lougher
Jul 18 15:38:10 witherspoon kernel[976]: [    1.900000] jffs2: version 2.2. (SUMMARY)  © 2001-2006 Red Hat, Inc.
Jul 18 15:38:10 witherspoon kernel[976]: [    1.900000] Block layer SCSI generic (bsg) driver version 0.4 loaded (major 250)
Jul 18 15:38:10 witherspoon kernel[976]: [    1.900000] io scheduler noop registered
Jul 18 15:38:10 witherspoon kernel[976]: [    1.900000] io scheduler deadline registered
Jul 18 15:38:10 witherspoon kernel[976]: [    1.900000] io scheduler cfq registered (default)
Jul 18 15:38:10 witherspoon kernel[976]: [    2.050000] ipmi-bt-host 1e789140.ibt: Found bt bmc device
Jul 18 15:38:10 witherspoon kernel[976]: [    2.050000] ipmi-bt-host 1e789140.ibt: Using IRQ 22
Jul 18 15:38:10 witherspoon kernel[976]: [    2.050000] Serial: 8250/16550 driver, 6 ports, IRQ sharing enabled
Jul 18 15:38:10 witherspoon kernel[976]: [    2.050000] 1e783000.serial: ttyS0 at MMIO 0x1e783000 (irq = 23, base_baud = 1500000) is a 16550A
Jul 18 15:38:10 witherspoon kernel[976]: [    2.050000] 1e78d000.serial: ttyS1 at MMIO 0x1e78d000 (irq = 24, base_baud = 1500000) is a 16550A
Jul 18 15:38:10 witherspoon kernel[976]: [    2.050000] 1e784000.serial: ttyS4 at MMIO 0x1e784000 (irq = 25, base_baud = 1500000) is a 16550A
Jul 18 15:38:10 witherspoon kernel[976]: [    2.400000] console [ttyS4] enabled
Jul 18 15:38:10 witherspoon kernel[976]: [    2.400000] 1e787000.vuart: ttyS2 at MMIO 0x1e787000 (irq = 22, base_baud = 1500000) is a 16550A
Jul 18 15:38:10 witherspoon kernel[976]: [    2.590000] timeriomem_rng 1e6e2078.hwrng: 32bits from 0xf00e2078 @ 1us
Jul 18 15:38:10 witherspoon kernel[976]: [    2.610000] random: fast init done
Jul 18 15:38:10 witherspoon kernel[976]: [    2.640000] brd: module loaded
Jul 18 15:38:10 witherspoon kernel[976]: [    2.660000] loop: module loaded
Jul 18 15:38:10 witherspoon kernel[976]: [    2.670000] aspeed-lpc-ctrl 1e789080.lpc-ctrl: Loaded at 0x98000000 (0x04000000)
Jul 18 15:38:10 witherspoon kernel[976]: [    2.680000] aspeed-smc 1e620000.flash-controller: Using IRQ 18
Jul 18 15:38:10 witherspoon kernel[976]: [    2.680000] aspeed-smc 1e620000.flash-controller: DMA support disabled.
Jul 18 15:38:10 witherspoon kernel[976]: [    2.690000] aspeed-smc 1e620000.flash-controller: mx25l25635e (32768 Kbytes)
Jul 18 15:38:10 witherspoon kernel[976]: [    2.690000] aspeed-smc 1e620000.flash-controller: CE0 window [ 0x20000000 - 0x22000000 ] 32MB
Jul 18 15:38:10 witherspoon kernel[976]: [    2.690000] aspeed-smc 1e620000.flash-controller: CE1 window [ 0x22000000 - 0x2a000000 ] 128MB
Jul 18 15:38:10 witherspoon kernel[976]: [    2.720000] 5 ofpart partitions found on MTD device bmc
Jul 18 15:38:10 witherspoon kernel[976]: [    2.720000] Creating 5 MTD partitions on "bmc":
Jul 18 15:38:10 witherspoon kernel[976]: [    2.730000] 0x000000000000-0x000000060000 : "u-boot"
Jul 18 15:38:10 witherspoon kernel[976]: [    2.730000] 0x000000060000-0x000000080000 : "u-boot-env"
Jul 18 15:38:10 witherspoon kernel[976]: [    2.750000] random: crng init done
Jul 18 15:38:10 witherspoon kernel[976]: [    2.750000] 0x000000080000-0x0000004c0000 : "kernel"
Jul 18 15:38:10 witherspoon kernel[976]: [    2.770000] 0x0000004c0000-0x000001c00000 : "rofs"
Jul 18 15:38:10 witherspoon kernel[976]: [    2.770000] 0x000001c00000-0x000002000000 : "rwfs"
Jul 18 15:38:10 witherspoon kernel[976]: [    2.780000] aspeed-smc 1e620000.flash-controller: mx25l25635e (32768 Kbytes)
Jul 18 15:38:10 witherspoon kernel[976]: [    2.790000] aspeed-smc 1e620000.flash-controller: CE1 window [ 0x22000000 - 0x24000000 ] 32MB
Jul 18 15:38:10 witherspoon kernel[976]: [    2.790000] aspeed-smc 1e620000.flash-controller: CE2 window [ 0x24000000 - 0x2c000000 ] 128MB
Jul 18 15:38:10 witherspoon kernel[976]: [    2.810000] aspeed-smc 1e630000.flash-controller: mx66l1g45g (131072 Kbytes)
Jul 18 15:38:10 witherspoon kernel[976]: [    2.820000] aspeed-smc 1e630000.flash-controller: CE0 window resized to 120MB (AST2500 HW quirk)
Jul 18 15:38:10 witherspoon kernel[976]: [    2.820000] aspeed-smc 1e630000.flash-controller: CE0 window [ 0x30000000 - 0x37800000 ] 120MB
Jul 18 15:38:10 witherspoon kernel[976]: [    2.840000] aspeed-smc 1e630000.flash-controller: CE0 window too small for chip 128MB
Jul 18 15:38:10 witherspoon kernel[976]: [    2.840000] aspeed-smc 1e630000.flash-controller: CE1 window [ 0x37800000 - 0x38000000 ] 8MB
Jul 18 15:38:10 witherspoon kernel[976]: [    3.610000] libphy: Fixed MDIO Bus: probed
Jul 18 15:38:10 witherspoon kernel[976]: [    3.610000] ftgmac100 1e660000.ethernet: Read MAC address 70:e2:84:14:28:a9 from chip
Jul 18 15:38:10 witherspoon kernel[976]: [    3.610000] ftgmac100 1e660000.ethernet: Using NCSI interface
Jul 18 15:38:10 witherspoon kernel[976]: [    3.610000] ftgmac100 1e660000.ethernet eth0: irq 20, mapped at f0060000
Jul 18 15:38:10 witherspoon kernel[976]: [    3.610000] ehci_hcd: USB 2.0 'Enhanced' Host Controller (EHCI) Driver
Jul 18 15:38:10 witherspoon kernel[976]: [    3.610000] ehci-platform: EHCI generic platform driver
Jul 18 15:38:10 witherspoon kernel[976]: [    3.820000]  fsi0: can't read slave 00:00 -5
Jul 18 15:38:10 witherspoon kernel[976]: [    3.820000] i2c /dev entries driver
Jul 18 15:38:10 witherspoon kernel[976]: [    3.820000] aspeed-i2c-bus 1e78a0c0.i2c-bus: i2c bus 2 registered, irq 26
Jul 18 15:38:10 witherspoon kernel[976]: [    3.820000] aspeed-i2c-bus 1e78a100.i2c-bus: i2c bus 3 registered, irq 27
Jul 18 15:38:10 witherspoon kernel[976]: [    3.820000] aspeed-i2c-bus 1e78a140.i2c-bus: i2c bus 4 registered, irq 28
Jul 18 15:38:10 witherspoon kernel[976]: [    3.820000] aspeed-i2c-bus 1e78a180.i2c-bus: i2c bus 5 registered, irq 29
Jul 18 15:38:10 witherspoon kernel[976]: [    3.820000] aspeed-i2c-bus 1e78a380.i2c-bus: i2c bus 9 registered, irq 30
Jul 18 15:38:10 witherspoon kernel[976]: [    3.820000] aspeed-i2c-bus 1e78a3c0.i2c-bus: i2c bus 10 registered, irq 31
Jul 18 15:38:10 witherspoon kernel[976]: [    3.820000] rtc-rv8803 11-0032: Voltage low, temperature compensation stopped.
Jul 18 15:38:10 witherspoon kernel[976]: [    3.920000] rtc-rv8803 11-0032: rtc core: registered rx8900 as rtc0
Jul 18 15:38:10 witherspoon kernel[976]: [    3.930000] at24 11-0051: 8192 byte 24c64 EEPROM, writable, 1 bytes/write
Jul 18 15:38:10 witherspoon kernel[976]: [    3.930000] aspeed-i2c-bus 1e78a400.i2c-bus: i2c bus 11 registered, irq 32
Jul 18 15:38:10 witherspoon kernel[976]: [    3.930000] aspeed-i2c-bus 1e78a440.i2c-bus: i2c bus 12 registered, irq 33
Jul 18 15:38:10 witherspoon kernel[976]: [    3.930000] aspeed-i2c-bus 1e78a480.i2c-bus: i2c bus 13 registered, irq 34
Jul 18 15:38:10 witherspoon kernel[976]: [    3.930000] Driver for 1-wire Dallas network protocol.
Jul 18 15:38:10 witherspoon kernel[976]: [    3.930000] lm75 9-004a: hwmon0: sensor 'tmp275'
Jul 18 15:38:10 witherspoon kernel[976]: [    4.400000] ucd9000 11-0064: Device ID UCD90160|2.3.4.0000|110603
Jul 18 15:38:10 witherspoon kernel[976]: [    4.730000] leds-pca955x 3-0060: leds-pca955x: Using pca9552 16-bit LED driver at slave address 0x60
Jul 18 15:38:10 witherspoon kernel[976]: [    4.750000] leds-pca955x 11-0060: leds-pca955x: Using pca9552 16-bit LED driver at slave address 0x60
Jul 18 15:38:10 witherspoon kernel[976]: [    4.760000] leds-pca955x 11-0060: gpios 264...279
Jul 18 15:38:10 witherspoon kernel[976]: [    4.770000] usbcore: registered new interface driver usbhid
Jul 18 15:38:10 witherspoon kernel[976]: [    4.770000] usbhid: USB HID core driver
Jul 18 15:38:10 witherspoon kernel[976]: [    4.780000] bmp280: probe of 3-0077 failed with error -5
Jul 18 15:38:10 witherspoon kernel[976]: [    4.800000] dps310 3-0076: iio:device1: sensor 'dps310'
Jul 18 15:38:10 witherspoon kernel[976]: [    4.800000] NET: Registered protocol family 10
Jul 18 15:38:10 witherspoon kernel[976]: [    4.810000] Segment Routing with IPv6
Jul 18 15:38:10 witherspoon kernel[976]: [    4.810000] NET: Registered protocol family 17
Jul 18 15:38:10 witherspoon kernel[976]: [    4.810000] 8021q: 802.1Q VLAN Support v1.8
Jul 18 15:38:10 witherspoon kernel[976]: [    4.830000] console [netcon0] enabled
Jul 18 15:38:10 witherspoon kernel[976]: [    4.830000] netconsole: network logging started
Jul 18 15:38:10 witherspoon kernel[976]: [    4.830000] input: gpio-keys as /devices/platform/gpio-keys/input/input0
Jul 18 15:38:10 witherspoon kernel[976]: [    4.850000] rtc-rv8803 11-0032: setting system clock to 2017-07-18 15:37:38 UTC (1500392258)
Jul 18 15:38:10 witherspoon kernel[976]: [    4.860000] Freeing unused kernel memory: 280K
Jul 18 15:38:10 witherspoon kernel[976]: [    4.860000] This architecture does not have kernel memory protection.
Jul 18 15:38:10 witherspoon kernel[976]: [    6.290000] jffs2: notice: (523) jffs2_build_xattr_subsystem: complete building xattr subsystem, 0 of xdatum (0 unchecked, 0 orphan) and 0 of xref (0 dead, 0 orphan) found.
Jul 18 15:38:10 witherspoon kernel[976]: [    8.460000] systemd[1]: Failed to insert module 'autofs4': No such file or directory
Jul 18 15:38:10 witherspoon kernel[976]: [    8.650000] systemd[1]: systemd 232 running in system mode. (+PAM -AUDIT -SELINUX -IMA -APPARMOR -SMACK +SYSVINIT -UTMP -LIBCRYPTSETUP -GCRYPT -GNUTLS +ACL +XZ -LZ4 -SECCOMP +BLKID -ELFUTILS +KMOD -IDN)
Jul 18 15:38:10 witherspoon kernel[976]: [    8.650000] systemd[1]: Detected architecture arm.
Jul 18 15:38:10 witherspoon kernel[976]: [    8.790000] systemd[1]: Set hostname to <witherspoon>.
Jul 18 15:38:10 witherspoon kernel[976]: [   10.520000] systemd[1]: [/lib/systemd/system/xyz.openbmc_project.ObjectMapper.service:9] Unknown lvalue '--blacklists' in section 'Service'
Jul 18 15:38:10 witherspoon kernel[976]: [   10.840000] systemd[1]: Listening on Journal Socket.
Jul 18 15:38:10 witherspoon kernel[976]: [   10.840000] systemd[1]: Listening on Network Service Netlink Socket.
Jul 18 15:38:10 witherspoon kernel[976]: [   11.010000] systemd[1]: Started Forward Password Requests to Wall Directory Watch.
Jul 18 15:38:10 witherspoon kernel[976]: [   11.190000] systemd[1]: Reached target Remote File Systems.
Jul 18 15:38:10 witherspoon kernel[976]: [   11.370000] systemd[1]: Listening on udev Control Socket.
Jul 18 15:38:10 witherspoon kernel[976]: [   11.560000] systemd[1]: Listening on Journal Socket (/dev/log).
Jul 18 15:38:10 witherspoon kernel[976]: [   13.830000] systemd[1]: Created slice system-serial\x2dgetty.slice.
Jul 18 15:38:10 witherspoon kernel[976]: [   14.090000] systemd[1]: Created slice system-phosphor\x2dreset\x2dhost\x2dcheck.slice.
Jul 18 15:38:10 witherspoon kernel[976]: [   14.360000] systemd[1]: Starting Apply Kernel Variables...
Jul 18 15:38:10 witherspoon kernel[976]: [   14.640000] systemd[1]: Created slice system-mapper\x2dwait.slice.
Jul 18 15:38:10 witherspoon kernel[976]: [   14.920000] systemd[1]: Created slice system-obmc\x2dconsole.slice.
Jul 18 15:38:10 witherspoon kernel[976]: [   15.210000] systemd[1]: Mounting Temporary Directory...
Jul 18 15:38:10 witherspoon kernel[976]: [   15.510000] systemd[1]: Created slice system-phosphor\x2dreset\x2dhost\x2drunning.slice.
Jul 18 15:38:10 witherspoon kernel[976]: [   15.810000] systemd[1]: Created slice system-org.openbmc.control.Chassis.slice.
Jul 18 15:38:10 witherspoon kernel[976]: [   16.120000] systemd[1]: Starting Remount Root and Kernel File Systems...
Jul 18 15:38:10 witherspoon kernel[976]: [   16.440000] systemd[1]: Created slice system-op\x2dreset\x2dchassis\x2don.slice.
Jul 18 15:38:10 witherspoon kernel[976]: [   18.840000] systemd[1]: Starting Journal Service...
Jul 18 15:38:10 witherspoon kernel[976]: [   19.210000] systemd[1]: Reached target Slices.
Jul 18 15:38:10 witherspoon kernel[976]: [   19.590000] systemd[1]: Created slice system-org.openbmc.control.Power.slice.
Jul 18 15:38:10 witherspoon kernel[976]: [   19.970000] systemd[1]: Created slice system-phosphor\x2ddiscover\x2dsystem\x2dstate.slice.
Jul 18 15:38:10 witherspoon kernel[976]: [   20.360000] systemd[1]: Created slice system-phosphor\x2dcooling\x2dtype.slice.
Jul 18 15:38:10 witherspoon kernel[976]: [   20.760000] systemd[1]: Mounted Debug File System.
Jul 18 15:38:10 witherspoon kernel[976]: [   21.160000] systemd[1]: Mounted Temporary Directory.
Jul 18 15:38:10 witherspoon kernel[976]: [   21.570000] systemd[1]: Started Journal Service.
Jul 18 15:38:10 witherspoon kernel[976]: [   24.630000] systemd-journald[655]: Received request to flush runtime journal from PID 1
Jul 18 15:38:11 witherspoon avahi-daemon[957]: Found user 'avahi' (UID 999) and group 'avahi' (GID 999).
Jul 18 15:38:11 witherspoon avahi-daemon[957]: Successfully dropped root privileges.
Jul 18 15:38:11 witherspoon avahi-daemon[957]: avahi-daemon 0.6.32 starting up.
Jul 18 15:38:16 witherspoon avahi-daemon[957]: Successfully called chroot().
Jul 18 15:38:16 witherspoon avahi-daemon[957]: Successfully dropped remaining capabilities.
Jul 18 15:38:16 witherspoon avahi-daemon[957]: Loading service file /services/obmc_console.service.
Jul 18 15:38:16 witherspoon avahi-daemon[957]: Loading service file /services/phosphor_rest.service.
Jul 18 15:38:16 witherspoon avahi-daemon[957]: Loading service file /services/sftp-ssh.service.
Jul 18 15:38:16 witherspoon avahi-daemon[957]: Loading service file /services/sftp.service.
Jul 18 15:38:16 witherspoon avahi-daemon[957]: Loading service file /services/ssh.service.
Jul 18 15:38:16 witherspoon avahi-daemon[957]: Network interface enumeration completed.
Jul 18 15:38:16 witherspoon avahi-daemon[957]: Server startup complete. Host name is witherspoon.local. Local service cookie is 2259455787.
Jul 18 15:38:16 witherspoon avahi-daemon[957]: Service "witherspoon" (/services/ssh.service) successfully established.
Jul 18 15:38:16 witherspoon avahi-daemon[957]: Service "sftp" (/services/sftp.service) successfully established.
Jul 18 15:38:16 witherspoon avahi-daemon[957]: Service "witherspoon" (/services/sftp-ssh.service) successfully established.
Jul 18 15:38:16 witherspoon systemd[1]: Started Phosphor IPMI BT DBus Bridge.
Jul 18 15:38:16 witherspoon avahi-daemon[957]: Service "phosphor_rest" (/services/phosphor_rest.service) successfully established.
Jul 18 15:38:16 witherspoon avahi-daemon[957]: Service "obmc_console" (/services/obmc_console.service) successfully established.
Jul 18 15:38:17 witherspoon phosphor-network-manager[954]: ConfigParser: Section not found
Jul 18 15:38:17 witherspoon dbus[978]: [system] Activating via systemd: service name='org.freedesktop.hostname1' unit='dbus-org.freedesktop.hostname1.service'
Jul 18 15:38:17 witherspoon phosphor-network-manager[954]: The operation failed internally.
Jul 18 15:38:17 witherspoon systemd[1]: Started Avahi mDNS/DNS-SD Stack.
Jul 18 15:38:17 witherspoon openpower-update-manager[975]: Error PNOR current version is empty
Jul 18 15:38:17 witherspoon phosphor-network-manager[954]: Error in mapper call
Jul 18 15:38:17 witherspoon systemd[1]: Started Phosphor Settings Daemon.
Jul 18 15:38:17 witherspoon systemd[1]: Starting Network Service...
Jul 18 15:38:18 witherspoon systemd[1]: Reached target Timers.
Jul 18 15:38:18 witherspoon systemd[1]: Started Phosphor MBOX Daemon.
Jul 18 15:38:18 witherspoon systemd[1]: Starting Phosphor Download Manager...
Jul 18 15:38:18 witherspoon systemd[1]: Started Phosphor sysfs LED controller.
Jul 18 15:38:18 witherspoon systemd[1]: Starting Phosphor Sensor Manager...
Jul 18 15:38:18 witherspoon systemd[1]: Started Phosphor Hwmon Poller.
Jul 18 15:38:19 witherspoon systemd-networkd[985]: Could not create runtime directory: File exists
Jul 18 15:38:19 witherspoon systemd-networkd[985]: Could not create runtime directory 'links': File exists
Jul 18 15:38:19 witherspoon systemd-networkd[985]: Could not create runtime directory 'leases': File exists
Jul 18 15:38:19 witherspoon systemd[1]: xyz.openbmc_project.Hwmon@ahb-apb-i2c\x401e78a000-i2c\x2dbus\x40100-dps310\x4076.service: Main process exited, code=exited, status=255/n/a
Jul 18 15:38:20 witherspoon systemd[1]: xyz.openbmc_project.Hwmon@ahb-apb-i2c\x401e78a000-i2c\x2dbus\x40100-dps310\x4076.service: Unit entered failed state.
Jul 18 15:38:20 witherspoon systemd[1]: xyz.openbmc_project.Hwmon@ahb-apb-i2c\x401e78a000-i2c\x2dbus\x40100-dps310\x4076.service: Failed with result 'exit-code'.
Jul 18 15:38:20 witherspoon systemd[1]: Started Clear one time boot overrides.
Jul 18 15:38:20 witherspoon systemd[1]: xyz.openbmc_project.Hwmon@ahb-apb-i2c\x401e78a000-i2c\x2dbus\x40100-dps310\x4076.service: Service hold-off time over, scheduling restart.
Jul 18 15:38:20 witherspoon systemd[1]: Started Phosphor Log Manager.
Jul 18 15:38:20 witherspoon systemd[1]: Started Phosphor Inventory Manager.
Jul 18 15:38:20 witherspoon systemd[1]: Started OpenBMC Software Update Manager.
Jul 18 15:38:20 witherspoon systemd[1]: Started OpenPower Software Update Manager.
Jul 18 15:38:20 witherspoon systemd[1]: Started Phosphor Download Manager.
Jul 18 15:38:20 witherspoon systemd-networkd[985]: Enumeration completed
Jul 18 15:38:20 witherspoon systemd-networkd[985]: eth0: IPv6 enabled for interface: Success
Jul 18 15:38:20 witherspoon avahi-daemon[957]: Joining mDNS multicast group on interface eth0.IPv4 with address 9.3.21.61.
Jul 18 15:38:20 witherspoon avahi-daemon[957]: New relevant interface eth0.IPv4 for mDNS.
Jul 18 15:38:20 witherspoon systemd-networkd[985]: eth0: Gained carrier
Jul 18 15:38:20 witherspoon avahi-daemon[957]: Registering new address record for 9.3.21.61 on eth0.IPv4.
Jul 18 15:38:21 witherspoon systemd-timesyncd[898]: Network configuration changed, trying to establish connection.
Jul 18 15:38:21 witherspoon avahi-daemon[957]: Service name conflict for "phosphor_rest" (/services/phosphor_rest.service), retrying with "phosphor_rest #2".
Jul 18 15:38:21 witherspoon systemd[1]: Started Network Service.
Jul 18 15:38:21 witherspoon avahi-daemon[957]: Service name conflict for "obmc_console" (/services/obmc_console.service), retrying with "obmc_console #2".
Jul 18 15:38:21 witherspoon systemd[1]: Started Phosphor LED Group Management Daemon.
Jul 18 15:38:21 witherspoon avahi-daemon[957]: Service name conflict for "sftp" (/services/sftp.service), retrying with "sftp #2".
Jul 18 15:38:21 witherspoon systemd[1]: Started Phosphor BMC0 Control.
Jul 18 15:38:22 witherspoon avahi-daemon[957]: Service "phosphor_rest #2" (/services/phosphor_rest.service) successfully established.
Jul 18 15:38:21 witherspoon systemd[1]: Reached target Network.
Jul 18 15:38:22 witherspoon avahi-daemon[957]: Service "obmc_console #2" (/services/obmc_console.service) successfully established.
Jul 18 15:38:21 witherspoon systemd[1]: Started Lightweight SLP Server.
Jul 18 15:38:22 witherspoon avahi-daemon[957]: Service "sftp #2" (/services/sftp.service) successfully established.
Jul 18 15:38:21 witherspoon systemd[1]: Starting Permit User Sessions...
Jul 18 15:38:21 witherspoon systemd[1]: Starting Hostname Service...
Jul 18 15:38:21 witherspoon systemd[1]: Starting Phosphor Version Software Manager...
Jul 18 15:38:21 witherspoon systemd[1]: Stopped Phosphor Hwmon Poller.
Jul 18 15:38:21 witherspoon systemd[996]: systemd-hostnamed.service: Failed at step NETWORK spawning /lib/systemd/systemd-hostnamed: Invalid argument
Jul 18 15:38:21 witherspoon systemd[1]: Started Phosphor Hwmon Poller.
Jul 18 15:38:21 witherspoon systemd[1]: systemd-hostnamed.service: Main process exited, code=exited, status=225/NETWORK
Jul 18 15:38:21 witherspoon systemd[1]: Failed to start Hostname Service.
Jul 18 15:38:21 witherspoon systemd[1]: systemd-hostnamed.service: Unit entered failed state.
Jul 18 15:38:21 witherspoon systemd[1]: systemd-hostnamed.service: Failed with result 'exit-code'.
Jul 18 15:38:21 witherspoon systemd[1]: Started Phosphor Dump Manager.
Jul 18 15:38:22 witherspoon systemd[1]: Started Permit User Sessions.
Jul 18 15:38:22 witherspoon systemd[1]: Started Serial Getty on ttyS4.
Jul 18 15:38:22 witherspoon systemd[1]: Reached target Login Prompts.
Jul 18 15:38:22 witherspoon systemd[1]: Reached target Multi-User System.
Jul 18 15:38:22 witherspoon systemd[1]: Started Phosphor Version Software Manager.
Jul 18 15:38:23 witherspoon phosphor-hwmon-readd[999]: Usage: /usr/sbin/phosphor-hwmon-readd [options]
Jul 18 15:38:23 witherspoon phosphor-hwmon-readd[999]: Options:
Jul 18 15:38:23 witherspoon phosphor-hwmon-readd[999]:     --help               print this menu
Jul 18 15:38:23 witherspoon phosphor-hwmon-readd[999]:     --path=<path>        sysfs location to monitor
Jul 18 15:38:23 witherspoon phosphor-hwmon-readd[999]:     --of-name=<path>     open firmware device name to monitor
Jul 18 15:38:23 witherspoon phosphor-hwmon-readd[999]: ERROR: Path not specified or invalid.
Jul 18 15:38:23 witherspoon systemd[1]: xyz.openbmc_project.Hwmon@ahb-apb-i2c\x401e78a000-i2c\x2dbus\x40100-dps310\x4076.service: Main process exited, code=exited, status=255/n/a
Jul 18 15:38:23 witherspoon systemd[1]: xyz.openbmc_project.Hwmon@ahb-apb-i2c\x401e78a000-i2c\x2dbus\x40100-dps310\x4076.service: Unit entered failed state.
Jul 18 15:38:23 witherspoon systemd[1]: xyz.openbmc_project.Hwmon@ahb-apb-i2c\x401e78a000-i2c\x2dbus\x40100-dps310\x4076.service: Failed with result 'exit-code'.
Jul 18 15:38:23 witherspoon avahi-daemon[957]: Joining mDNS multicast group on interface eth0.IPv6 with address fe80::72e2:84ff:fe14:28a9.
Jul 18 15:38:23 witherspoon systemd-networkd[985]: eth0: Gained IPv6LL
Jul 18 15:38:23 witherspoon avahi-daemon[957]: New relevant interface eth0.IPv6 for mDNS.
Jul 18 15:38:23 witherspoon avahi-daemon[957]: Registering new address record for fe80::72e2:84ff:fe14:28a9 on eth0.*.
Jul 18 15:38:23 witherspoon systemd[1]: xyz.openbmc_project.Hwmon@ahb-apb-i2c\x401e78a000-i2c\x2dbus\x40100-dps310\x4076.service: Service hold-off time over, scheduling restart.
Jul 18 15:38:23 witherspoon systemd[1]: Stopped Phosphor Hwmon Poller.
Jul 18 15:38:23 witherspoon systemd[1]: Started Phosphor Hwmon Poller.
Jul 18 15:38:24 witherspoon phosphor-hwmon-readd[1009]: Usage: /usr/sbin/phosphor-hwmon-readd [options]
Jul 18 15:38:24 witherspoon phosphor-hwmon-readd[1009]: Options:
Jul 18 15:38:24 witherspoon phosphor-hwmon-readd[1009]:     --help               print this menu
Jul 18 15:38:24 witherspoon phosphor-hwmon-readd[1009]:     --path=<path>        sysfs location to monitor
Jul 18 15:38:24 witherspoon phosphor-hwmon-readd[1009]:     --of-name=<path>     open firmware device name to monitor
Jul 18 15:38:24 witherspoon phosphor-hwmon-readd[1009]: ERROR: Path not specified or invalid.
Jul 18 15:38:24 witherspoon systemd[1]: xyz.openbmc_project.Hwmon@ahb-apb-i2c\x401e78a000-i2c\x2dbus\x40100-dps310\x4076.service: Main process exited, code=exited, status=255/n/a
Jul 18 15:38:24 witherspoon kernel: ftgmac100 1e660000.ethernet eth0: NCSI interface up
Jul 18 15:38:24 witherspoon kernel[976]: [   50.840000] ftgmac100 1e660000.ethernet eth0: NCSI interface up
Jul 18 15:38:24 witherspoon systemd[1]: xyz.openbmc_project.Hwmon@ahb-apb-i2c\x401e78a000-i2c\x2dbus\x40100-dps310\x4076.service: Unit entered failed state.
Jul 18 15:38:24 witherspoon systemd[1]: xyz.openbmc_project.Hwmon@ahb-apb-i2c\x401e78a000-i2c\x2dbus\x40100-dps310\x4076.service: Failed with result 'exit-code'.
Jul 18 15:38:25 witherspoon systemd[1]: xyz.openbmc_project.Hwmon@ahb-apb-i2c\x401e78a000-i2c\x2dbus\x40100-dps310\x4076.service: Service hold-off time over, scheduling restart.
Jul 18 15:38:25 witherspoon systemd[1]: Stopped Phosphor Hwmon Poller.
Jul 18 15:38:25 witherspoon systemd[1]: Started Phosphor Hwmon Poller.
Jul 18 15:38:25 witherspoon phosphor-hwmon-readd[1011]: Usage: /usr/sbin/phosphor-hwmon-readd [options]
Jul 18 15:38:25 witherspoon phosphor-hwmon-readd[1011]: Options:
Jul 18 15:38:25 witherspoon phosphor-hwmon-readd[1011]:     --help               print this menu
Jul 18 15:38:25 witherspoon phosphor-hwmon-readd[1011]:     --path=<path>        sysfs location to monitor
Jul 18 15:38:25 witherspoon phosphor-hwmon-readd[1011]:     --of-name=<path>     open firmware device name to monitor
Jul 18 15:38:25 witherspoon phosphor-hwmon-readd[1011]: ERROR: Path not specified or invalid.
Jul 18 15:38:25 witherspoon systemd[1]: xyz.openbmc_project.Hwmon@ahb-apb-i2c\x401e78a000-i2c\x2dbus\x40100-dps310\x4076.service: Main process exited, code=exited, status=255/n/a
Jul 18 15:38:25 witherspoon systemd[1]: xyz.openbmc_project.Hwmon@ahb-apb-i2c\x401e78a000-i2c\x2dbus\x40100-dps310\x4076.service: Unit entered failed state.
Jul 18 15:38:25 witherspoon systemd[1]: xyz.openbmc_project.Hwmon@ahb-apb-i2c\x401e78a000-i2c\x2dbus\x40100-dps310\x4076.service: Failed with result 'exit-code'.
Jul 18 15:38:26 witherspoon systemd[1]: xyz.openbmc_project.Hwmon@ahb-apb-i2c\x401e78a000-i2c\x2dbus\x40100-dps310\x4076.service: Service hold-off time over, scheduling restart.
Jul 18 15:38:26 witherspoon systemd[1]: Stopped Phosphor Hwmon Poller.
Jul 18 15:38:26 witherspoon systemd[1]: Started Phosphor Hwmon Poller.
Jul 18 15:38:26 witherspoon phosphor-hwmon-readd[1012]: Usage: /usr/sbin/phosphor-hwmon-readd [options]
Jul 18 15:38:26 witherspoon phosphor-hwmon-readd[1012]: Options:
Jul 18 15:38:26 witherspoon phosphor-hwmon-readd[1012]:     --help               print this menu
Jul 18 15:38:26 witherspoon phosphor-hwmon-readd[1012]:     --path=<path>        sysfs location to monitor
Jul 18 15:38:26 witherspoon phosphor-hwmon-readd[1012]:     --of-name=<path>     open firmware device name to monitor
Jul 18 15:38:26 witherspoon phosphor-hwmon-readd[1012]: ERROR: Path not specified or invalid.
Jul 18 15:38:26 witherspoon systemd[1]: xyz.openbmc_project.Hwmon@ahb-apb-i2c\x401e78a000-i2c\x2dbus\x40100-dps310\x4076.service: Main process exited, code=exited, status=255/n/a
Jul 18 15:38:27 witherspoon systemd[1]: xyz.openbmc_project.Hwmon@ahb-apb-i2c\x401e78a000-i2c\x2dbus\x40100-dps310\x4076.service: Unit entered failed state.
Jul 18 15:38:27 witherspoon systemd[1]: xyz.openbmc_project.Hwmon@ahb-apb-i2c\x401e78a000-i2c\x2dbus\x40100-dps310\x4076.service: Failed with result 'exit-code'.
Jul 18 15:38:27 witherspoon systemd[1]: xyz.openbmc_project.Hwmon@ahb-apb-i2c\x401e78a000-i2c\x2dbus\x40100-dps310\x4076.service: Service hold-off time over, scheduling restart.
Jul 18 15:38:27 witherspoon systemd[1]: Stopped Phosphor Hwmon Poller.
Jul 18 15:38:27 witherspoon systemd[1]: Started Phosphor Hwmon Poller.
Jul 18 15:38:27 witherspoon phosphor-hwmon-readd[1015]: Usage: /usr/sbin/phosphor-hwmon-readd [options]
Jul 18 15:38:27 witherspoon phosphor-hwmon-readd[1015]: Options:
Jul 18 15:38:27 witherspoon phosphor-hwmon-readd[1015]:     --help               print this menu
Jul 18 15:38:27 witherspoon phosphor-hwmon-readd[1015]:     --path=<path>        sysfs location to monitor
Jul 18 15:38:27 witherspoon phosphor-hwmon-readd[1015]:     --of-name=<path>     open firmware device name to monitor
Jul 18 15:38:27 witherspoon phosphor-hwmon-readd[1015]: ERROR: Path not specified or invalid.
Jul 18 15:38:27 witherspoon systemd[1]: xyz.openbmc_project.Hwmon@ahb-apb-i2c\x401e78a000-i2c\x2dbus\x40100-dps310\x4076.service: Main process exited, code=exited, status=255/n/a
Jul 18 15:38:27 witherspoon systemd[1]: xyz.openbmc_project.Hwmon@ahb-apb-i2c\x401e78a000-i2c\x2dbus\x40100-dps310\x4076.service: Unit entered failed state.
Jul 18 15:38:27 witherspoon systemd[1]: xyz.openbmc_project.Hwmon@ahb-apb-i2c\x401e78a000-i2c\x2dbus\x40100-dps310\x4076.service: Failed with result 'exit-code'.
Jul 18 15:38:28 witherspoon systemd[1]: xyz.openbmc_project.Hwmon@ahb-apb-i2c\x401e78a000-i2c\x2dbus\x40100-dps310\x4076.service: Service hold-off time over, scheduling restart.
Jul 18 15:38:28 witherspoon systemd[1]: Stopped Phosphor Hwmon Poller.
Jul 18 15:38:28 witherspoon systemd[1]: xyz.openbmc_project.Hwmon@ahb-apb-i2c\x401e78a000-i2c\x2dbus\x40100-dps310\x4076.service: Start request repeated too quickly.
Jul 18 15:38:28 witherspoon systemd[1]: Failed to start Phosphor Hwmon Poller.
Jul 18 15:38:28 witherspoon systemd[1]: xyz.openbmc_project.Hwmon@ahb-apb-i2c\x401e78a000-i2c\x2dbus\x40100-dps310\x4076.service: Unit entered failed state.
Jul 18 15:38:28 witherspoon systemd[1]: xyz.openbmc_project.Hwmon@ahb-apb-i2c\x401e78a000-i2c\x2dbus\x40100-dps310\x4076.service: Failed with result 'exit-code'.
Jul 18 15:38:33 witherspoon systemd[1]: Created slice system-dropbear.slice.
Jul 18 15:38:33 witherspoon systemd[1]: Started SSH Per-Connection Server (9.41.165.94:58166).
Jul 18 15:38:34 witherspoon dropbear[1018]: Failed loading /etc/dropbear/dropbear_dss_host_key
Jul 18 15:38:34 witherspoon dropbear[1018]: Failed loading /etc/dropbear/dropbear_ecdsa_host_key
Jul 18 15:38:34 witherspoon dropbear[1018]: Child connection from ::ffff:9.41.165.94:58166
Jul 18 15:38:36 witherspoon systemd-networkd[985]: eth0: Configured
Jul 18 15:38:36 witherspoon systemd-timesyncd[898]: Network configuration changed, trying to establish connection.
Jul 18 15:38:37 witherspoon chassis_control.py[951]: Running ChassisControlService
Jul 18 15:38:37 witherspoon systemd[1]: Started Phosphor Chassis0 Control.
Jul 18 15:38:37 witherspoon systemd[1]: Started Phosphor Download Manager.
Jul 18 15:38:37 witherspoon download_manager.py[987]: Running Download Manager
Jul 18 15:38:37 witherspoon systemd[1]: Started Phosphor Sensor Manager.
Jul 18 15:38:38 witherspoon dropbear[1018]: PAM password auth succeeded for 'root' from ::ffff:9.41.165.94:58166
Jul 18 15:38:38 witherspoon inventory_items.py[941]: Loading from cache: /var/cache/obmc/org.openbmc.inventory.system.chassis.motherboard.apss@org.openbmc.InventoryItem.props
Jul 18 15:38:38 witherspoon inventory_items.py[941]: Loading from cache: /var/cache/obmc/org.openbmc.inventory.system.chassis.motherboard@org.openbmc.InventoryItem.props
Jul 18 15:38:38 witherspoon sensor_manager2.py[990]: Setting boot count to 3
Jul 18 15:38:38 witherspoon sensor_manager2.py[990]: Starting sensor manager
Jul 18 15:38:38 witherspoon dropbear[1019]: lastlog_perform_login: Couldn't stat /var/log/lastlog: No such file or directory
Jul 18 15:38:39 witherspoon inventory_items.py[941]: Loading from cache: /var/cache/obmc/org.openbmc.inventory.system.chassis.motherboard.refclock@org.openbmc.InventoryItem.props
Jul 18 15:38:39 witherspoon inventory_items.py[941]: Loading from cache: /var/cache/obmc/org.openbmc.inventory.system.chassis.motherboard.todclock@org.openbmc.InventoryItem.props
Jul 18 15:38:39 witherspoon inventory_items.py[941]: Loading from cache: /var/cache/obmc/org.openbmc.inventory.system.chassis.motherboard.bmc@org.openbmc.InventoryItem.props
Jul 18 15:38:39 witherspoon inventory_items.py[941]: Caching: /org/openbmc/inventory/system/chassis/motherboard/bmc
Jul 18 15:38:39 witherspoon inventory_items.py[941]: Loading from cache: /var/cache/obmc/org.openbmc.inventory.system.chassis.motherboard.pcieclock@org.openbmc.InventoryItem.props
Jul 18 15:38:39 witherspoon phosphor-mapper[973]: ObjectMapper startup complete.  Discovery in progress...
Jul 18 15:38:38 witherspoon dropbear[1019]: lastlog_openseek: /var/log/lastlog is not a file or directory!
Jul 18 15:38:39 witherspoon inventory_items.py[941]: Running Inventory Manager
Jul 18 15:38:39 witherspoon systemd[1]: Started Phosphor Inventory Manager.
Jul 18 15:38:40 witherspoon avahi-daemon[980]: ../../avahi-0.6.32/avahi-daemon/chroot.c: open() failed: No such file or directory
Jul 18 15:38:40 witherspoon avahi-daemon[957]: Failed to open /usr/share/dbus-1/interfaces/org.freedesktop.Avahi.Server.xml: Invalid argument
Jul 18 15:38:40 witherspoon avahi-daemon[957]: Failed to load introspection data.
Jul 18 15:38:42 witherspoon dbus[978]: [system] Failed to activate service 'org.freedesktop.hostname1': timed out
Jul 18 15:38:42 witherspoon phosphor-network-manager[954]: Failed to get hostname
Jul 18 15:38:42 witherspoon obmc-phosphor-userd[971]: Started
Jul 18 15:38:42 witherspoon phosphor-network-manager[954]: The operation failed internally.
Jul 18 15:38:42 witherspoon phosphor-network-manager[954]: Error in mapper call
Jul 18 15:38:42 witherspoon systemd[1]: Started Phosphor Network Manager.
Jul 18 15:38:42 witherspoon systemd[1]: Started Phosphor User Manager.
Jul 18 15:38:44 witherspoon systemd[1]: Started Phosphor Network Manager.
Jul 18 15:38:44 witherspoon netman.py[972]: Started
Jul 18 15:38:53 witherspoon phosphor-mapper[973]: ObjectMapper discovery complete
Jul 18 15:38:53 witherspoon systemd[1]: Started Phosphor DBus Service Discovery Manager.
Jul 18 15:38:53 witherspoon systemd[1]: Reached target Phosphor Object Mapper.
Jul 18 15:38:53 witherspoon systemd[1]: Starting Wait for /org/openbmc/control/bmc0...
Jul 18 15:38:53 witherspoon systemd[1]: Starting Phoshpor System Manager...
Jul 18 15:38:53 witherspoon systemd[1]: Starting Wait for /xyz/openbmc_project/state/host0...
Jul 18 15:38:53 witherspoon systemd[1]: Starting Wait for /org/openbmc/control/flash/bios...
Jul 18 15:38:53 witherspoon systemd[1]: Starting Wait for /xyz/openbmc_project/state/chassis0...
Jul 18 15:38:53 witherspoon systemd[1]: Starting Wait for /xyz/openbmc_project/control/host0...
Jul 18 15:38:53 witherspoon systemd[1]: Starting Wait for /org/openbmc/managers/Download...
Jul 18 15:38:53 witherspoon systemd[1]: Started Phosphor DBus Monitor.
Jul 18 15:38:53 witherspoon systemd[1]: Starting Wait for /xyz/openbmc_project/led/groups/bmc_booted...
Jul 18 15:38:53 witherspoon systemd[1]: Starting Wait for /xyz/openbmc_project/led/groups...
Jul 18 15:38:53 witherspoon systemd[1]: Starting Wait for /org/openbmc/control/power0...
Jul 18 15:38:53 witherspoon systemd[1]: Starting Phosphor Settings Manager...
Jul 18 15:38:53 witherspoon systemd[1]: Starting Wait for /org/openbmc/managers/System...
Jul 18 15:38:53 witherspoon systemd[1]: Starting Wait for /xyz/openbmc_project/inventory...
Jul 18 15:38:53 witherspoon systemd[1]: Starting Wait for /org/openbmc/NetworkManager/Interface...
Jul 18 15:38:55 witherspoon systemd[1]: Reached target Webserver (pre).
Jul 18 15:38:55 witherspoon systemd[1]: Started Phosphor Webserver.
Jul 18 15:38:55 witherspoon systemd[1]: Started Wait for /org/openbmc/control/bmc0.
Jul 18 15:38:55 witherspoon systemd[1]: Started Wait for /org/openbmc/managers/Download.
Jul 18 15:38:55 witherspoon systemd[1]: Started Wait for /xyz/openbmc_project/led/groups/bmc_booted.
Jul 18 15:38:55 witherspoon systemd[1]: Started Wait for /xyz/openbmc_project/led/groups.
Jul 18 15:38:55 witherspoon systemd[1]: Started Wait for /xyz/openbmc_project/inventory.
Jul 18 15:38:55 witherspoon systemd[1]: Started Wait for /org/openbmc/NetworkManager/Interface.
Jul 18 15:38:55 witherspoon systemd[1]: Started Phosphor DNS Settings Cache Manager.
Jul 18 15:38:55 witherspoon systemd[1]: Starting OpenPOWER OCC controller...
Jul 18 15:38:55 witherspoon systemd[1]: Starting Read OpenPOWER-format VPD from EEPROM...
Jul 18 15:38:56 witherspoon systemd[1]: Started Phosphor Cooling Type.
Jul 18 15:38:56 witherspoon systemd[1]: Started FRU Fault monitor service.
Jul 18 15:38:56 witherspoon systemd[1]: Starting Assert bmc_booted LED...
Jul 18 15:38:56 witherspoon systemd[1]: Starting Phosphor BIOS Code Update...
Jul 18 15:38:56 witherspoon systemd[1]: Starting Phosphor BMC Code Update...
Jul 18 15:38:57 witherspoon systemd[1]: Started Phosphor BIOS Code Update.
Jul 18 15:38:57 witherspoon systemd[1]: Started OpenPOWER OCC controller.
Jul 18 15:38:58 witherspoon systemd[1]: Started Assert bmc_booted LED.
Jul 18 15:39:00 witherspoon systemd[1]: Started Read OpenPOWER-format VPD from EEPROM.
Jul 18 15:39:01 witherspoon systemd[1]: Started Wait for /org/openbmc/control/flash/bios.
Jul 18 15:39:01 witherspoon systemd[1]: Started Initialize BIOS Flash.
Jul 18 15:39:05 witherspoon flash_bios.exe[1053]: Starting flasher: bios,,/org/openbmc/control/flash/bios,
Jul 18 15:39:05 witherspoon flash_bios.exe[1053]: flasher: , BMC = 1, address = 0x0
Jul 18 15:39:05 witherspoon flash_bios.exe[1053]: Setting up flash
Jul 18 15:39:06 witherspoon flash_bios.exe[1053]: Starting flasher: bios,,/org/openbmc/control/flash/bios,
Jul 18 15:39:06 witherspoon flash_bios.exe[1053]: flasher: , BMC = 1, address = 0x0
Jul 18 15:39:06 witherspoon flash_bios.exe[1053]: Setting up flash
Jul 18 15:39:07 witherspoon system_manager.py[1026]: Running System State: BASE_APPS
Jul 18 15:39:07 witherspoon system_manager.py[1026]: SystemManager Init Done
Jul 18 15:39:07 witherspoon systemd[1]: Started Phoshpor System Manager.
Jul 18 15:39:08 witherspoon system_manager.py[1026]: Running SystemManager
Jul 18 15:39:09 witherspoon system_manager.py[1026]: SystemManager Goto System State: BMC_STARTING
Jul 18 15:39:09 witherspoon system_manager.py[1026]: Running System State: BMC_STARTING
Jul 18 15:39:09 witherspoon settings_manager.py[1036]: Running HostSettingsService
Jul 18 15:39:09 witherspoon systemd[1]: Started Phosphor Settings Manager.
Jul 18 15:39:09 witherspoon systemd[1]: Starting Wait for /org/openbmc/settings/host0...
Jul 18 15:39:10 witherspoon systemd[1]: Started Wait for /org/openbmc/managers/System.
Jul 18 15:39:11 witherspoon bmc_update.py[1054]: Running Bmc Flash Control
Jul 18 15:39:10 witherspoon systemd[1]: Starting Phosphor Reset Button0...
Jul 18 15:39:11 witherspoon button_power.exe[1076]: GPIO Lookup:  POWER_BUTTON = 347,both
Jul 18 15:39:10 witherspoon systemd[1]: Starting Phosphor Power Button0...
Jul 18 15:39:11 witherspoon systemd[1]: Starting Phosphor Host State Manager...
Jul 18 15:39:11 witherspoon systemd[1]: Starting Phosphor Power0 Control...
Jul 18 15:39:11 witherspoon systemd[1]: Starting Phosphor Chassis State Manager...
Jul 18 15:39:11 witherspoon systemd[1]: Starting Phosphor BMC State Manager...
Jul 18 15:39:11 witherspoon systemd[1]: Started Phosphor BMC Code Update.
Jul 18 15:39:11 witherspoon systemd[1]: Started Phosphor Power Button0.
Jul 18 15:39:11 witherspoon phosphor-host-state-manager[1084]: Initial Host State will be Off
Jul 18 15:39:11 witherspoon phosphor-chassis-state-manager[1086]: Initial Chassis State will be Off
Jul 18 15:39:11 witherspoon systemd[1]: Started Phosphor Host State Manager.
Jul 18 15:39:11 witherspoon systemd[1]: Started Phosphor Chassis State Manager.
Jul 18 15:39:12 witherspoon phosphor-bmc-state-manager[1087]: Setting the BMCState field
Jul 18 15:39:12 witherspoon phosphor-bmc-state-manager[1087]: Setting the BMCState field
Jul 18 15:39:12 witherspoon systemd[1]: Started Phosphor BMC State Manager.
Jul 18 15:39:12 witherspoon system_manager.py[1026]: New object: /org/openbmc/control/power0 (:1.73)
Jul 18 15:39:12 witherspoon system_manager.py[1026]: Power GPIO config: ['SYS_PWROK_BUFF', '', [('SOFTWARE_PGOOD', True), ('BMC_POWER_UP', True)], [('BMC_CP0_RESET_N', False)], [], 'FSI_DATA', 'FSI_CLK', 'FSI_ENABLE', 'CRONUS_SEL', []]
Jul 18 15:39:12 witherspoon power_control.exe[1085]: Power GPIO latch output:
Jul 18 15:39:12 witherspoon power_control.exe[1085]: Power GPIO power good input: SYS_PWROK_BUFF
Jul 18 15:39:12 witherspoon power_control.exe[1085]: Power GPIO 2 power_up outputs
Jul 18 15:39:12 witherspoon power_control.exe[1085]: Power GPIO power_up[0] = SOFTWARE_PGOOD active HIGH
Jul 18 15:39:12 witherspoon power_control.exe[1085]: Power GPIO power_up[1] = BMC_POWER_UP active HIGH
Jul 18 15:39:12 witherspoon power_control.exe[1085]: Power GPIO 1 reset outputs
Jul 18 15:39:12 witherspoon power_control.exe[1085]: Power GPIO reset[0] = BMC_CP0_RESET_N active LOW
Jul 18 15:39:12 witherspoon power_control.exe[1085]: Power GPIO 0 pci reset outputs
Jul 18 15:39:12 witherspoon power_control.exe[1085]: FSI DATA GPIO: FSI_DATA
Jul 18 15:39:12 witherspoon power_control.exe[1085]: FSI CLK GPIO: FSI_CLK
Jul 18 15:39:12 witherspoon power_control.exe[1085]: FSI ENABLE GPIO: FSI_ENABLE
Jul 18 15:39:12 witherspoon power_control.exe[1085]: CRONUS SEL GPIO: CRONUS_SEL
Jul 18 15:39:12 witherspoon power_control.exe[1085]: Hostctl GPIO optionals: 0
Jul 18 15:39:12 witherspoon button_reset.exe[1075]: GPIO Lookup:  RESET_BUTTON = 353,both
Jul 18 15:39:12 witherspoon systemd[1]: Started Phosphor Reset Button0.
Jul 18 15:39:13 witherspoon power_control.exe[1085]: GPIO Lookup:  SYS_PWROK_BUFF = 306,in
Jul 18 15:39:13 witherspoon power_control.exe[1085]: GPIO Lookup:  SOFTWARE_PGOOD = 417,out
Jul 18 15:39:13 witherspoon power_control.exe[1085]: GPIO Lookup:  BMC_POWER_UP = 305,out
Jul 18 15:39:13 witherspoon power_control.exe[1085]: GPIO Lookup:  BMC_CP0_RESET_N = 281,out
Jul 18 15:39:13 witherspoon power_control.exe[1085]: Pgood state: 0
Jul 18 15:39:13 witherspoon systemd[1]: Started Phosphor Power0 Control.
Jul 18 15:39:14 witherspoon systemd[1]: Started Wait for /org/openbmc/settings/host0.
Jul 18 15:39:14 witherspoon systemd[1]: Started Phosphor Inband IPMI.
Jul 18 15:39:19 witherspoon system_manager.py[1026]: SystemManager Goto System State: BMC_READY
Jul 18 15:39:19 witherspoon system_manager.py[1026]: Running System State: BMC_READY
Jul 18 15:39:19 witherspoon systemd[1]: Started Wait for /xyz/openbmc_project/state/host0.
Jul 18 15:39:19 witherspoon systemd[1]: Started Wait for /xyz/openbmc_project/state/chassis0.
Jul 18 15:39:19 witherspoon systemd[1]: Starting Reboot If Enabled...
Jul 18 15:39:20 witherspoon systemd[1]: Started Wait for /org/openbmc/control/power0.
Jul 18 15:39:20 witherspoon systemd[1]: Starting Check Chassis0 pgood and create a file to indicate it...
Jul 18 15:39:20 witherspoon systemd[1]: Starting Phosphor Time Manager daemon...
Jul 18 15:39:20 witherspoon timemanager[1109]: Registering dbus methods
Jul 18 15:39:20 witherspoon timemanager[1109]: Last known time_mode: MANUAL
Jul 18 15:39:20 witherspoon timemanager[1109]: Last known time_owner: BMC
Jul 18 15:39:20 witherspoon timemanager[1109]: Empty DhcpNtp string
Jul 18 15:39:20 witherspoon timemanager[1109]: Reading Power Control key: pgood
Jul 18 15:39:21 witherspoon timemanager[1109]: Changing settings *allowed* now
Jul 18 15:39:21 witherspoon timemanager[1109]: Getting System Settings: time_mode
Jul 18 15:39:21 witherspoon phosphor-discover-system-state[1106]: Host power is off, checking power policy
Jul 18 15:39:21 witherspoon systemd[1]: Started Reboot If Enabled.
Jul 18 15:39:21 witherspoon timemanager[1109]: Requested_Mode: MANUAL Current_Mode: MANUAL
Jul 18 15:39:21 witherspoon timemanager[1109]: Mode is already set to : MANUAL
Jul 18 15:39:21 witherspoon timemanager[1109]: Getting System Settings: time_owner
Jul 18 15:39:21 witherspoon systemd[1]: Started Wait for /xyz/openbmc_project/control/host0.
Jul 18 15:39:22 witherspoon timemanager[1109]: Owner is already set to : BMC
Jul 18 15:39:22 witherspoon timemanager[1109]: Getting System Settings: use_dhcp_ntp
Jul 18 15:39:22 witherspoon timemanager[1109]: use_dhcp_ntp = yes
Jul 18 15:39:22 witherspoon timemanager[1109]: Last known host_offset:0
Jul 18 15:39:22 witherspoon timemanager[1109]: Initial Uptime Usec: 1500392253647084
Jul 18 15:39:22 witherspoon systemd[1]: Started Phosphor Time Manager daemon.
Jul 18 15:39:22 witherspoon systemd[1]: Started Check Chassis0 pgood and create a file to indicate it.
Jul 18 15:39:22 witherspoon systemd[1]: Reached target Chassis0 power on after reset.
Jul 18 15:39:22 witherspoon systemd[1]: Reached target Host0 running after reset.
Jul 18 15:39:22 witherspoon systemd[1]: Reached target Host0 (Reset Check).
Jul 18 15:39:22 witherspoon systemd[1]: Reached target Chassis0 (Reset Check).
Jul 18 15:39:22 witherspoon systemd[1]: Reached target Phosphor System - Standby.
Jul 18 15:39:22 witherspoon systemd[1]: Startup finished in 8.309s (kernel) + 1min 40.442s (userspace) = 1min 48.751s.
Jul 18 15:39:22 witherspoon phosphor-bmc-state-manager[1087]: BMC_READY
Jul 18 15:39:22 witherspoon phosphor-bmc-state-manager[1087]: Setting the BMCState field
Jul 18 15:39:26 witherspoon phosphor-gevent[1045]: Traceback (most recent call last):
Jul 18 15:39:26 witherspoon phosphor-gevent[1045]:   File "/usr/lib/python2.7/site-packages/gevent/greenlet.py", line 327, in run
Jul 18 15:39:26 witherspoon phosphor-gevent[1045]:     result = self._run(*self.args, **self.kwargs)
Jul 18 15:39:26 witherspoon phosphor-gevent[1045]:   File "/usr/lib/python2.7/site-packages/gevent/server.py", line 102, in wrap_socket_and_handle
Jul 18 15:39:26 witherspoon phosphor-gevent[1045]:     ssl_socket = self.wrap_socket(client_socket, **self.ssl_args)
Jul 18 15:39:26 witherspoon phosphor-gevent[1045]:   File "/usr/lib/python2.7/site-packages/gevent/ssl.py", line 404, in wrap_socket
Jul 18 15:39:26 witherspoon phosphor-gevent[1045]:     ciphers=ciphers)
Jul 18 15:39:26 witherspoon phosphor-gevent[1045]:   File "/usr/lib/python2.7/site-packages/gevent/ssl.py", line 113, in __init__
Jul 18 15:39:26 witherspoon phosphor-gevent[1045]:     self.do_handshake()
Jul 18 15:39:26 witherspoon phosphor-gevent[1045]:   File "/usr/lib/python2.7/site-packages/gevent/ssl.py", line 324, in do_handshake
Jul 18 15:39:26 witherspoon phosphor-gevent[1045]:     return self._sslobj.do_handshake()
Jul 18 15:39:26 witherspoon phosphor-gevent[1045]: SSLEOFError: EOF occurred in violation of protocol (_ssl.c:590)
Jul 18 15:39:26 witherspoon phosphor-gevent[1045]: <Greenlet at 0x760903f0: <bound method WSGIServer.wrap_socket_and_handle of <WSGIServer at 0x76066b50 fileno=5 address=('::34a2:f776:b07d:6d76%1986887072', 443, 0, 1986887072)>>(<socket at 0x75f3d830 fileno=9>, ('::8089:6b76:8e91:f402%1995868956', 59188, 0, 199)> failed with SSLEOFError
Jul 18 15:39:27 witherspoon phosphor-gevent[1045]: Traceback (most recent call last):
Jul 18 15:39:27 witherspoon phosphor-gevent[1045]:   File "/usr/lib/python2.7/site-packages/gevent/greenlet.py", line 327, in run
Jul 18 15:39:27 witherspoon phosphor-gevent[1045]:     result = self._run(*self.args, **self.kwargs)
Jul 18 15:39:27 witherspoon phosphor-gevent[1045]:   File "/usr/lib/python2.7/site-packages/gevent/server.py", line 102, in wrap_socket_and_handle
Jul 18 15:39:27 witherspoon phosphor-gevent[1045]:     ssl_socket = self.wrap_socket(client_socket, **self.ssl_args)
Jul 18 15:39:27 witherspoon phosphor-gevent[1045]:   File "/usr/lib/python2.7/site-packages/gevent/ssl.py", line 404, in wrap_socket
Jul 18 15:39:27 witherspoon phosphor-gevent[1045]:     ciphers=ciphers)
Jul 18 15:39:27 witherspoon phosphor-gevent[1045]:   File "/usr/lib/python2.7/site-packages/gevent/ssl.py", line 113, in __init__
Jul 18 15:39:27 witherspoon phosphor-gevent[1045]:     self.do_handshake()
Jul 18 15:39:27 witherspoon phosphor-gevent[1045]:   File "/usr/lib/python2.7/site-packages/gevent/ssl.py", line 324, in do_handshake
Jul 18 15:39:27 witherspoon phosphor-gevent[1045]:     return self._sslobj.do_handshake()
Jul 18 15:39:27 witherspoon phosphor-gevent[1045]: SSLEOFError: EOF occurred in violation of protocol (_ssl.c:590)
Jul 18 15:39:27 witherspoon phosphor-gevent[1045]: <Greenlet at 0x760906c0: <bound method WSGIServer.wrap_socket_and_handle of <WSGIServer at 0x76066b50 fileno=5 address=('::34a2:f776:b07d:6d76%1986887072', 443, 0, 1986887072)>>(<socket at 0x75f3d7d0 fileno=10>, ('::8089:6b76:8e91:f402%1995868956', 59190, 0, 199)> failed with SSLEOFError
Jul 18 15:39:27 witherspoon phosphor-gevent[1045]: ::8089:6b76:8e91:f402%1995868956 - - [2017-07-18 15:39:27] "POST /login HTTP/1.1" 200 320 0.055069
Jul 18 15:39:27 witherspoon phosphor-gevent[1045]: ::8089:6b76:8e91:f402%1995868956 - - [2017-07-18 15:39:27] "GET /xyz/openbmc_project/state/chassis0//attr/CurrentPowerState HTTP/1.1" 200 216 0.060337
Jul 18 15:39:27 witherspoon phosphor-gevent[1045]: ::8089:6b76:8e91:f402%1995868956 - - [2017-07-18 15:39:27] "POST /login HTTP/1.1" 200 320 0.034615
Jul 18 15:39:27 witherspoon phosphor-gevent[1045]: ::8089:6b76:8e91:f402%1995868956 - - [2017-07-18 15:39:27] "GET /xyz/openbmc_project/state/chassis0//attr/CurrentPowerState HTTP/1.1" 200 216 0.049868
Jul 18 15:39:27 witherspoon phosphor-gevent[1045]: ::8089:6b76:8e91:f402%1995868956 - - [2017-07-18 15:39:27] "POST /login HTTP/1.1" 200 320 0.049773
Jul 18 15:39:27 witherspoon phosphor-gevent[1045]: ::8089:6b76:8e91:f402%1995868956 - - [2017-07-18 15:39:27] "GET /org/openbmc/sensors/host/BootProgress/attr/value HTTP/1.1" 200 170 0.052756
Jul 18 15:39:28 witherspoon phosphor-gevent[1045]: ::8089:6b76:8e91:f402%1995868956 - - [2017-07-18 15:39:28] "POST /login HTTP/1.1" 200 320 0.047469
Jul 18 15:39:28 witherspoon phosphor-gevent[1045]: ::8089:6b76:8e91:f402%1995868956 - - [2017-07-18 15:39:28] "GET /xyz/openbmc_project/state/host0//attr/CurrentHostState HTTP/1.1" 200 212 0.049555
Jul 18 15:39:28 witherspoon phosphor-gevent[1045]: ::8089:6b76:8e91:f402%1995868956 - - [2017-07-18 15:39:28] "POST /login HTTP/1.1" 200 320 0.033173
Jul 18 15:39:28 witherspoon phosphor-gevent[1045]: ::8089:6b76:8e91:f402%1995868956 - - [2017-07-18 15:39:28] "GET /xyz/openbmc_project/logging/entry//list HTTP/1.1" 404 311 0.032027
Jul 18 15:39:28 witherspoon dropbear[1018]: Exit (root): Error reading: Connection reset by peer
Jul 18 15:39:28 witherspoon systemd[1]: Started SSH Per-Connection Server (9.41.165.94:58182).
Jul 18 15:39:28 witherspoon dropbear[1127]: Failed loading /etc/dropbear/dropbear_dss_host_key
Jul 18 15:39:28 witherspoon dropbear[1127]: Failed loading /etc/dropbear/dropbear_ecdsa_host_key
Jul 18 15:39:28 witherspoon dropbear[1127]: Child connection from ::ffff:9.41.165.94:58182
Jul 18 15:39:29 witherspoon dropbear[1127]: PAM password auth succeeded for 'root' from ::ffff:9.41.165.94:58182
Jul 18 15:39:29 witherspoon dropbear[1128]: lastlog_perform_login: Couldn't stat /var/log/lastlog: No such file or directory
Jul 18 15:39:29 witherspoon dropbear[1128]: lastlog_openseek: /var/log/lastlog is not a file or directory!
Jul 18 15:39:30 witherspoon phosphor-gevent[1045]: ::8089:6b76:8e91:f402%1995868956 - - [2017-07-18 15:39:30] "POST /login HTTP/1.1" 200 320 0.033110
Jul 18 15:39:30 witherspoon phosphor-gevent[1045]: ::8089:6b76:8e91:f402%1995868956 - - [2017-07-18 15:39:30] "GET /xyz/openbmc_project/state/host0//attr/CurrentHostState HTTP/1.1" 200 212 0.050118
Jul 18 15:39:31 witherspoon dropbear[1127]: Exit (root): Exited normally
Jul 18 15:39:33 witherspoon systemd[1]: Started SSH Per-Connection Server (9.41.165.94:58186).
Jul 18 15:39:33 witherspoon dropbear[1137]: Failed loading /etc/dropbear/dropbear_dss_host_key
Jul 18 15:39:33 witherspoon dropbear[1137]: Failed loading /etc/dropbear/dropbear_ecdsa_host_key
Jul 18 15:39:33 witherspoon dropbear[1137]: Child connection from ::ffff:9.41.165.94:58186
Jul 18 15:39:33 witherspoon dropbear[1137]: PAM password auth succeeded for 'root' from ::ffff:9.41.165.94:58186
Jul 18 15:39:33 witherspoon dropbear[1138]: lastlog_perform_login: Couldn't stat /var/log/lastlog: No such file or directory
Jul 18 15:39:33 witherspoon dropbear[1138]: lastlog_openseek: /var/log/lastlog is not a file or directory!
Jul 18 15:39:35 witherspoon phosphor-gevent[1045]: ::8089:6b76:8e91:f402%1995868956 - - [2017-07-18 15:39:35] "POST /login HTTP/1.1" 200 320 0.050255
Jul 18 15:39:35 witherspoon phosphor-gevent[1045]: ::8089:6b76:8e91:f402%1995868956 - - [2017-07-18 15:39:35] "PUT /org/openbmc/settings/host0/attr/power_policy HTTP/1.1" 200 169 0.180409
Jul 18 15:39:35 witherspoon phosphor-gevent[1045]: ::8089:6b76:8e91:f402%1995868956 - - [2017-07-18 15:39:35] "POST /login HTTP/1.1" 200 320 0.047617
Jul 18 15:39:35 witherspoon phosphor-gevent[1045]: ::8089:6b76:8e91:f402%1995868956 - - [2017-07-18 15:39:35] "GET /org/openbmc/settings/host0/attr/power_policy HTTP/1.1" 200 185 0.070318
Jul 18 15:39:36 witherspoon dropbear[1144]: Failed loading /etc/dropbear/dropbear_dss_host_key
Jul 18 15:39:36 witherspoon dropbear[1144]: Failed loading /etc/dropbear/dropbear_ecdsa_host_key
Jul 18 15:39:36 witherspoon systemd[1]: Started SSH Per-Connection Server (9.41.165.94:58192).
Jul 18 15:39:36 witherspoon dropbear[1144]: Child connection from ::ffff:9.41.165.94:58192
Jul 18 15:39:36 witherspoon dropbear[1144]: PAM password auth succeeded for 'root' from ::ffff:9.41.165.94:58192
Jul 18 15:39:36 witherspoon dropbear[1145]: lastlog_perform_login: Couldn't stat /var/log/lastlog: No such file or directory
Jul 18 15:39:36 witherspoon dropbear[1145]: lastlog_openseek: /var/log/lastlog is not a file or directory!
Jul 18 15:39:37 witherspoon phosphor-gevent[1045]: ::8089:6b76:8e91:f402%1995868956 - - [2017-07-18 15:39:37] "POST /login HTTP/1.1" 200 320 0.044450
Jul 18 15:39:38 witherspoon phosphor-gevent[1045]: ::8089:6b76:8e91:f402%1995868956 - - [2017-07-18 15:39:38] "GET /xyz/openbmc_project/state/chassis0//attr/CurrentPowerState HTTP/1.1" 200 216 0.050067
Jul 18 15:39:38 witherspoon phosphor-gevent[1045]: ::8089:6b76:8e91:f402%1995868956 - - [2017-07-18 15:39:38] "POST /login HTTP/1.1" 200 320 0.033506
Jul 18 15:39:38 witherspoon phosphor-gevent[1045]: ::8089:6b76:8e91:f402%1995868956 - - [2017-07-18 15:39:38] "GET /xyz/openbmc_project/state/bmc0//attr/CurrentBMCState HTTP/1.1" 200 212 0.050144
Jul 18 15:39:38 witherspoon phosphor-gevent[1045]: ::8089:6b76:8e91:f402%1995868956 - - [2017-07-18 15:39:38] "POST /login HTTP/1.1" 200 320 0.033075
Jul 18 15:39:38 witherspoon phosphor-gevent[1045]: ::8089:6b76:8e91:f402%1995868956 - - [2017-07-18 15:39:38] "GET /org/openbmc/sensors/host/BootProgress/attr/value HTTP/1.1" 200 170 0.081171
Jul 18 15:39:38 witherspoon phosphor-gevent[1045]: ::8089:6b76:8e91:f402%1995868956 - - [2017-07-18 15:39:38] "POST /login HTTP/1.1" 200 320 0.033718
Jul 18 15:39:38 witherspoon phosphor-gevent[1045]: ::8089:6b76:8e91:f402%1995868956 - - [2017-07-18 15:39:38] "GET /xyz/openbmc_project/state/host0//attr/CurrentHostState HTTP/1.1" 200 212 0.049658
Jul 18 15:39:39 witherspoon phosphor-gevent[1045]: ::8089:6b76:8e91:f402%1995868956 - - [2017-07-18 15:39:39] "POST /login HTTP/1.1" 200 320 0.033345
Jul 18 15:39:39 witherspoon phosphor-gevent[1045]: ::8089:6b76:8e91:f402%1995868956 - - [2017-07-18 15:39:39] "GET /xyz/openbmc_project/logging/entry//list HTTP/1.1" 404 311 0.028948
Jul 18 15:39:39 witherspoon systemd[1]: Started SSH Per-Connection Server (9.41.165.94:58204).
Jul 18 15:39:39 witherspoon dropbear[1148]: Failed loading /etc/dropbear/dropbear_dss_host_key
Jul 18 15:39:39 witherspoon dropbear[1148]: Failed loading /etc/dropbear/dropbear_ecdsa_host_key
Jul 18 15:39:39 witherspoon dropbear[1148]: Child connection from ::ffff:9.41.165.94:58204
Jul 18 15:39:39 witherspoon dropbear[1148]: PAM password auth succeeded for 'root' from ::ffff:9.41.165.94:58204
Jul 18 15:40:07 witherspoon phosphor-gevent[1045]: ::8089:6b76:8e91:f402%1995868956 - - [2017-07-18 15:40:07] "POST /login HTTP/1.1" 200 320 0.047459
Jul 18 15:40:08 witherspoon phosphor-gevent[1045]: ::8089:6b76:8e91:f402%1995868956 - - [2017-07-18 15:40:08] "POST /org/openbmc/control/flash/bios//action/update HTTP/1.1" 200 169 0.217723
Jul 18 15:40:08 witherspoon flash_bios.exe[1053]: Starting flasher: bios,/tmp/witherspoon_20170704n.pnor,/org/openbmc/control/flash/bios,
Jul 18 15:40:08 witherspoon flash_bios.exe[1053]: flasher: /tmp/witherspoon_20170704n.pnor, BMC = 1, address = 0x0
Jul 18 15:40:08 witherspoon flash_bios.exe[1053]: Setting up flash
Jul 18 15:40:08 witherspoon phosphor-gevent[1045]: ::8089:6b76:8e91:f402%1995868956 - - [2017-07-18 15:40:08] "POST /login HTTP/1.1" 200 320 0.033229
Jul 18 15:40:08 witherspoon phosphor-gevent[1045]: ::8089:6b76:8e91:f402%1995868956 - - [2017-07-18 15:40:08] "GET /org/openbmc/control/flash/bios HTTP/1.1" 200 396 0.162403
Jul 18 15:40:09 witherspoon phosphor-gevent[1045]: ::8089:6b76:8e91:f402%1995868956 - - [2017-07-18 15:40:09] "POST /login HTTP/1.1" 200 320 0.033377
Jul 18 15:40:09 witherspoon phosphor-gevent[1045]: ::8089:6b76:8e91:f402%1995868956 - - [2017-07-18 15:40:09] "GET /org/openbmc/control/flash/bios HTTP/1.1" 200 396 0.190529
Jul 18 15:40:19 witherspoon phosphor-gevent[1045]: ::8089:6b76:8e91:f402%1995868956 - - [2017-07-18 15:40:19] "POST /login HTTP/1.1" 200 320 0.038584
Jul 18 15:40:19 witherspoon phosphor-gevent[1045]: ::8089:6b76:8e91:f402%1995868956 - - [2017-07-18 15:40:19] "GET /org/openbmc/control/flash/bios HTTP/1.1" 200 396 0.067830
Jul 18 15:40:30 witherspoon phosphor-gevent[1045]: ::8089:6b76:8e91:f402%1995868956 - - [2017-07-18 15:40:30] "POST /login HTTP/1.1" 200 320 0.033107
Jul 18 15:40:30 witherspoon phosphor-gevent[1045]: ::8089:6b76:8e91:f402%1995868956 - - [2017-07-18 15:40:30] "GET /org/openbmc/control/flash/bios HTTP/1.1" 200 396 0.311554
Jul 18 15:40:41 witherspoon phosphor-gevent[1045]: ::8089:6b76:8e91:f402%1995868956 - - [2017-07-18 15:40:41] "POST /login HTTP/1.1" 200 320 0.047633
Jul 18 15:40:41 witherspoon phosphor-gevent[1045]: ::8089:6b76:8e91:f402%1995868956 - - [2017-07-18 15:40:41] "GET /org/openbmc/control/flash/bios HTTP/1.1" 200 396 0.069535
Jul 18 15:40:52 witherspoon phosphor-gevent[1045]: ::8089:6b76:8e91:f402%1995868956 - - [2017-07-18 15:40:52] "POST /login HTTP/1.1" 200 320 0.033700
Jul 18 15:40:52 witherspoon phosphor-gevent[1045]: ::8089:6b76:8e91:f402%1995868956 - - [2017-07-18 15:40:52] "GET /org/openbmc/control/flash/bios HTTP/1.1" 200 396 0.068453
Jul 18 15:41:02 witherspoon phosphor-gevent[1045]: ::8089:6b76:8e91:f402%1995868956 - - [2017-07-18 15:41:02] "POST /login HTTP/1.1" 200 320 0.033194
Jul 18 15:41:02 witherspoon phosphor-gevent[1045]: ::8089:6b76:8e91:f402%1995868956 - - [2017-07-18 15:41:02] "GET /org/openbmc/control/flash/bios HTTP/1.1" 200 396 0.071140
Jul 18 15:41:13 witherspoon phosphor-gevent[1045]: ::8089:6b76:8e91:f402%1995868956 - - [2017-07-18 15:41:13] "POST /login HTTP/1.1" 200 320 0.033298
Jul 18 15:41:13 witherspoon phosphor-gevent[1045]: ::8089:6b76:8e91:f402%1995868956 - - [2017-07-18 15:41:13] "GET /org/openbmc/control/flash/bios HTTP/1.1" 200 396 0.075859
Jul 18 15:41:23 witherspoon phosphor-gevent[1045]: ::8089:6b76:8e91:f402%1995868956 - - [2017-07-18 15:41:23] "POST /login HTTP/1.1" 200 320 0.033305
Jul 18 15:41:23 witherspoon phosphor-gevent[1045]: ::8089:6b76:8e91:f402%1995868956 - - [2017-07-18 15:41:23] "GET /org/openbmc/control/flash/bios HTTP/1.1" 200 396 0.068659
Jul 18 15:41:34 witherspoon phosphor-gevent[1045]: ::8089:6b76:8e91:f402%1995868956 - - [2017-07-18 15:41:34] "POST /login HTTP/1.1" 200 320 0.034056
Jul 18 15:41:34 witherspoon phosphor-gevent[1045]: ::8089:6b76:8e91:f402%1995868956 - - [2017-07-18 15:41:34] "GET /org/openbmc/control/flash/bios HTTP/1.1" 200 396 0.068789
Jul 18 15:41:44 witherspoon phosphor-gevent[1045]: ::8089:6b76:8e91:f402%1995868956 - - [2017-07-18 15:41:44] "POST /login HTTP/1.1" 200 320 0.033748
Jul 18 15:41:44 witherspoon phosphor-gevent[1045]: ::8089:6b76:8e91:f402%1995868956 - - [2017-07-18 15:41:44] "GET /org/openbmc/control/flash/bios HTTP/1.1" 200 396 0.068642
Jul 18 15:41:54 witherspoon phosphor-gevent[1045]: ::8089:6b76:8e91:f402%1995868956 - - [2017-07-18 15:41:54] "POST /login HTTP/1.1" 200 320 0.033637
Jul 18 15:41:54 witherspoon phosphor-gevent[1045]: ::8089:6b76:8e91:f402%1995868956 - - [2017-07-18 15:41:54] "GET /org/openbmc/control/flash/bios HTTP/1.1" 200 396 0.068720
Jul 18 15:42:04 witherspoon phosphor-gevent[1045]: ::8089:6b76:8e91:f402%1995868956 - - [2017-07-18 15:42:04] "POST /login HTTP/1.1" 200 320 0.033838
Jul 18 15:42:05 witherspoon phosphor-gevent[1045]: ::8089:6b76:8e91:f402%1995868956 - - [2017-07-18 15:42:05] "GET /org/openbmc/control/flash/bios HTTP/1.1" 200 396 0.074930
Jul 18 15:42:15 witherspoon phosphor-gevent[1045]: ::8089:6b76:8e91:f402%1995868956 - - [2017-07-18 15:42:15] "POST /login HTTP/1.1" 200 320 0.033638
Jul 18 15:42:15 witherspoon phosphor-gevent[1045]: ::8089:6b76:8e91:f402%1995868956 - - [2017-07-18 15:42:15] "GET /org/openbmc/control/flash/bios HTTP/1.1" 200 401 0.069242
Jul 18 15:42:25 witherspoon phosphor-gevent[1045]: ::8089:6b76:8e91:f402%1995868956 - - [2017-07-18 15:42:25] "POST /login HTTP/1.1" 200 320 0.033523
Jul 18 15:42:25 witherspoon phosphor-gevent[1045]: ::8089:6b76:8e91:f402%1995868956 - - [2017-07-18 15:42:25] "GET /org/openbmc/control/flash/bios HTTP/1.1" 200 401 0.068803
Jul 18 15:42:35 witherspoon phosphor-gevent[1045]: ::8089:6b76:8e91:f402%1995868956 - - [2017-07-18 15:42:35] "POST /login HTTP/1.1" 200 320 0.033613
Jul 18 15:42:35 witherspoon phosphor-gevent[1045]: ::8089:6b76:8e91:f402%1995868956 - - [2017-07-18 15:42:35] "GET /org/openbmc/control/flash/bios HTTP/1.1" 200 401 0.068816
Jul 18 15:42:46 witherspoon phosphor-gevent[1045]: ::8089:6b76:8e91:f402%1995868956 - - [2017-07-18 15:42:46] "POST /login HTTP/1.1" 200 320 0.033573
Jul 18 15:42:46 witherspoon phosphor-gevent[1045]: ::8089:6b76:8e91:f402%1995868956 - - [2017-07-18 15:42:46] "GET /org/openbmc/control/flash/bios HTTP/1.1" 200 401 0.069346
Jul 18 15:42:57 witherspoon phosphor-gevent[1045]: ::8089:6b76:8e91:f402%1995868956 - - [2017-07-18 15:42:57] "POST /login HTTP/1.1" 200 320 1.253302
Jul 18 15:42:57 witherspoon phosphor-gevent[1045]: ::8089:6b76:8e91:f402%1995868956 - - [2017-07-18 15:42:57] "GET /org/openbmc/control/flash/bios HTTP/1.1" 200 401 0.088857
Jul 18 15:43:02 witherspoon flash_bios.exe[1053]: Erasing... (may take a while !) done !
Jul 18 15:43:02 witherspoon flash_bios.exe[1053]: About to program "/tmp/witherspoon_20170704n.pnor" at 0x00000000..0x04000000 !
Jul 18 15:43:02 witherspoon flash_bios.exe[1053]: Programming & Verifying...
Jul 18 15:43:02 witherspoon flash_bios.exe[1053]: Flash done
Jul 18 15:43:07 witherspoon phosphor-gevent[1045]: ::8089:6b76:8e91:f402%1995868956 - - [2017-07-18 15:43:07] "POST /login HTTP/1.1" 200 320 0.033703
Jul 18 15:43:08 witherspoon phosphor-gevent[1045]: ::8089:6b76:8e91:f402%1995868956 - - [2017-07-18 15:43:08] "GET /org/openbmc/control/flash/bios HTTP/1.1" 200 398 0.069003
Jul 18 15:43:08 witherspoon systemd[1]: Started SSH Per-Connection Server (9.41.165.94:58270).
Jul 18 15:43:08 witherspoon dropbear[1154]: Failed loading /etc/dropbear/dropbear_dss_host_key
Jul 18 15:43:08 witherspoon dropbear[1154]: Failed loading /etc/dropbear/dropbear_ecdsa_host_key
Jul 18 15:43:08 witherspoon dropbear[1154]: Child connection from ::ffff:9.41.165.94:58270
Jul 18 15:43:08 witherspoon dropbear[1154]: PAM password auth succeeded for 'root' from ::ffff:9.41.165.94:58270
Jul 18 15:43:08 witherspoon dropbear[1155]: lastlog_perform_login: Couldn't stat /var/log/lastlog: No such file or directory
Jul 18 15:43:08 witherspoon dropbear[1155]: lastlog_openseek: /var/log/lastlog is not a file or directory!
Jul 18 15:43:09 witherspoon phosphor-gevent[1045]: ::8089:6b76:8e91:f402%1995868956 - - [2017-07-18 15:43:09] "POST /login HTTP/1.1" 200 320 0.033966
Jul 18 15:43:10 witherspoon phosphor-gevent[1045]: ::8089:6b76:8e91:f402%1995868956 - - [2017-07-18 15:43:10] "GET /xyz/openbmc_project/state/host0//attr/CurrentHostState HTTP/1.1" 200 212 0.049257
Jul 18 15:43:10 witherspoon systemd[1]: Created slice system-obmc\x2dconsole\x2dssh.slice.
Jul 18 15:43:10 witherspoon systemd[1]: Started Phosphor Host Console SSH Per-Connection (9.41.165.94:46826).
Jul 18 15:43:10 witherspoon dropbear[1159]: Failed loading /etc/dropbear/dropbear_dss_host_key
Jul 18 15:43:10 witherspoon dropbear[1159]: Failed loading /etc/dropbear/dropbear_ecdsa_host_key
Jul 18 15:43:10 witherspoon dropbear[1159]: Child connection from ::ffff:9.41.165.94:46826
Jul 18 15:43:10 witherspoon phosphor-gevent[1045]: ::8089:6b76:8e91:f402%1995868956 - - [2017-07-18 15:43:10] "POST /login HTTP/1.1" 200 320 0.122275
Jul 18 15:43:11 witherspoon dropbear[1159]: PAM password auth succeeded for 'root' from ::ffff:9.41.165.94:46826
Jul 18 15:43:11 witherspoon dropbear[1160]: lastlog_perform_login: Couldn't stat /var/log/lastlog: No such file or directory
Jul 18 15:43:11 witherspoon dropbear[1160]: lastlog_openseek: /var/log/lastlog is not a file or directory!
Jul 18 15:43:11 witherspoon phosphor-gevent[1045]: ::8089:6b76:8e91:f402%1995868956 - - [2017-07-18 15:43:11] "PUT /org/openbmc/settings/host0/attr/power_policy HTTP/1.1" 200 169 0.269340
Jul 18 15:43:11 witherspoon phosphor-gevent[1045]: ::8089:6b76:8e91:f402%1995868956 - - [2017-07-18 15:43:11] "POST /login HTTP/1.1" 200 320 0.033739
Jul 18 15:43:11 witherspoon phosphor-gevent[1045]: ::8089:6b76:8e91:f402%1995868956 - - [2017-07-18 15:43:11] "GET /org/openbmc/settings/host0/attr/power_policy HTTP/1.1" 200 185 0.119864
Jul 18 15:43:11 witherspoon systemd[1]: Started SSH Per-Connection Server (9.41.165.94:58282).
Jul 18 15:43:11 witherspoon dropbear[1161]: Failed loading /etc/dropbear/dropbear_dss_host_key
Jul 18 15:43:11 witherspoon dropbear[1161]: Failed loading /etc/dropbear/dropbear_ecdsa_host_key
Jul 18 15:43:11 witherspoon dropbear[1161]: Child connection from ::ffff:9.41.165.94:58282
Jul 18 15:43:12 witherspoon dropbear[1161]: PAM password auth succeeded for 'root' from ::ffff:9.41.165.94:58282
Jul 18 15:43:12 witherspoon dropbear[1162]: lastlog_perform_login: Couldn't stat /var/log/lastlog: No such file or directory
Jul 18 15:43:12 witherspoon dropbear[1162]: lastlog_openseek: /var/log/lastlog is not a file or directory!
Jul 18 15:43:13 witherspoon phosphor-gevent[1045]: ::8089:6b76:8e91:f402%1995868956 - - [2017-07-18 15:43:13] "POST /login HTTP/1.1" 200 320 0.033872
Jul 18 15:43:13 witherspoon phosphor-gevent[1045]: ::8089:6b76:8e91:f402%1995868956 - - [2017-07-18 15:43:13] "GET /xyz/openbmc_project/state/chassis0//attr/CurrentPowerState HTTP/1.1" 200 216 0.050467
Jul 18 15:43:13 witherspoon phosphor-gevent[1045]: ::8089:6b76:8e91:f402%1995868956 - - [2017-07-18 15:43:13] "POST /login HTTP/1.1" 200 320 0.041152
Jul 18 15:43:13 witherspoon phosphor-gevent[1045]: ::8089:6b76:8e91:f402%1995868956 - - [2017-07-18 15:43:13] "GET /xyz/openbmc_project/state/bmc0//attr/CurrentBMCState HTTP/1.1" 200 212 0.049401
Jul 18 15:43:14 witherspoon phosphor-gevent[1045]: ::8089:6b76:8e91:f402%1995868956 - - [2017-07-18 15:43:14] "POST /login HTTP/1.1" 200 320 0.034015
Jul 18 15:43:14 witherspoon phosphor-gevent[1045]: ::8089:6b76:8e91:f402%1995868956 - - [2017-07-18 15:43:14] "GET /org/openbmc/sensors/host/BootProgress/attr/value HTTP/1.1" 200 170 0.053133
Jul 18 15:43:14 witherspoon phosphor-gevent[1045]: ::8089:6b76:8e91:f402%1995868956 - - [2017-07-18 15:43:14] "POST /login HTTP/1.1" 200 320 0.033340
Jul 18 15:43:14 witherspoon phosphor-gevent[1045]: ::8089:6b76:8e91:f402%1995868956 - - [2017-07-18 15:43:14] "GET /xyz/openbmc_project/state/host0//attr/CurrentHostState HTTP/1.1" 200 212 0.049968
Jul 18 15:43:14 witherspoon phosphor-gevent[1045]: ::8089:6b76:8e91:f402%1995868956 - - [2017-07-18 15:43:14] "POST /login HTTP/1.1" 200 320 0.033632
Jul 18 15:43:14 witherspoon phosphor-host-state-manager[1084]: Host State transaction request
Jul 18 15:43:14 witherspoon systemd[1]: Started Witherspoon Fan Watchdog Daemon.
Jul 18 15:43:15 witherspoon phosphor-gevent[1045]: ::8089:6b76:8e91:f402%1995868956 - - [2017-07-18 15:43:15] "PUT /xyz/openbmc_project/state/host0//attr/RequestedHostTransition HTTP/1.1" 200 169 0.308860
Jul 18 15:43:15 witherspoon systemd[1]: Created slice system-ir35221\x2don\x2dbind.slice.
Jul 18 15:43:15 witherspoon systemd[1]: Created slice system-phosphor\x2dgpio\x2dmonitor.slice.
Jul 18 15:43:15 witherspoon systemd[1]: Created slice system-start_host.slice.
Jul 18 15:43:15 witherspoon systemd[1]: Started Phosphor GPIO checkstop monitor.
Jul 18 15:43:15 witherspoon systemd[1]: Created slice system-vcs_workaround.slice.
Jul 18 15:43:15 witherspoon systemd[1]: Created slice system-phosphor\x2dfan\x2dpresence\x2dtach.slice.
Jul 18 15:43:15 witherspoon systemd[1]: Created slice system-phosphor\x2dwatchdog.slice.
Jul 18 15:43:15 witherspoon systemd[1]: Created slice system-fsi\x2dbind.slice.
Jul 18 15:43:15 witherspoon systemd[1]: Created slice system-vrm\x2dcontrol.slice.
Jul 18 15:43:15 witherspoon systemd[1]: Created slice system-vcs_on.slice.
Jul 18 15:43:15 witherspoon systemd[1]: Created slice system-ir35221\x2don\x2dunbind.slice.
Jul 18 15:43:15 witherspoon systemd[1]: Created slice system-avsbus\x2dworkaround.slice.
Jul 18 15:43:15 witherspoon systemd[1]: Starting Wait for /xyz/openbmc_project/led/groups/power_on...
Jul 18 15:43:15 witherspoon systemd[1]: Created slice system-obmc\x2denable\x2dhost\x2dwatchdog.slice.
Jul 18 15:43:15 witherspoon systemd[1]: Created slice system-fsi\x2dscan.slice.
Jul 18 15:43:15 witherspoon systemd[1]: Reached target Start Host checkstop monitor.
Jul 18 15:43:15 witherspoon systemd[1]: Reached target Powerwitherspoon-fan-watchdog (On).
Jul 18 15:43:15 witherspoon systemd[1]: Created slice system-ucd_disable_vcs.slice.
Jul 18 15:43:15 witherspoon systemd[1]: Created slice system-op\x2dwait\x2dpower\x2don.slice.
Jul 18 15:43:15 witherspoon systemd[1]: Starting Wait for Power0 to turn on...
Jul 18 15:43:15 witherspoon systemd[1]: Created slice system-vcs_off.slice.
Jul 18 15:43:15 witherspoon systemd[1]: Created slice system-phosphor\x2dfan\x2dcontrol\x2dinit.slice.
Jul 18 15:43:15 witherspoon systemd[1]: Started Phosphor Fan Control Initialization.
