-- Logs begin at Fri 2017-07-07 07:51:48 UTC, end at Fri 2017-07-07 08:06:57 UTC. --
Jul 07 07:51:48 witherspoon kernel: Booting Linux on physical CPU 0x0
Jul 07 07:51:48 witherspoon kernel: Linux version 4.10.17-04c6ddff01cec5e54c6aeedcaa7691913f404796 (jenkins@openbmc-builder1) (gcc version 6.2.0 (GCC) ) #1 Fri Jul 7 06:56:05 UTC 2017
Jul 07 07:51:48 witherspoon kernel: CPU: ARMv6-compatible processor [410fb767] revision 7 (ARMv7), cr=00c5387d
Jul 07 07:51:48 witherspoon kernel: CPU: PIPT / VIPT nonaliasing data cache, VIPT nonaliasing instruction cache
Jul 07 07:51:48 witherspoon kernel: OF: fdt:Machine model: Witherspoon BMC
Jul 07 07:51:48 witherspoon kernel: Memory policy: Data cache writeback
Jul 07 07:51:48 witherspoon kernel: SOC Rev: 04030303
Jul 07 07:51:48 witherspoon kernel: On node 0 totalpages: 110592
Jul 07 07:51:48 witherspoon kernel: free_area_init_node: node 0, pgdat 805f33fc, node_mem_map 9ec1a000
Jul 07 07:51:48 witherspoon kernel:   Normal zone: 992 pages used for memmap
Jul 07 07:51:48 witherspoon kernel:   Normal zone: 0 pages reserved
Jul 07 07:51:48 witherspoon kernel:   Normal zone: 110592 pages, LIFO batch:31
Jul 07 07:51:48 witherspoon kernel: pcpu-alloc: s0 r0 d32768 u32768 alloc=1*32768
Jul 07 07:51:48 witherspoon kernel: pcpu-alloc: [0] 0 
Jul 07 07:51:48 witherspoon kernel: Built 1 zonelists in Zone order, mobility grouping on.  Total pages: 109600
Jul 07 07:51:48 witherspoon kernel: Kernel command line: console=ttyS4,115200n8 root=/dev/ram rw
Jul 07 07:51:48 witherspoon kernel: PID hash table entries: 2048 (order: 1, 8192 bytes)
Jul 07 07:51:48 witherspoon kernel: Dentry cache hash table entries: 65536 (order: 6, 262144 bytes)
Jul 07 07:51:48 witherspoon kernel: Inode-cache hash table entries: 32768 (order: 5, 131072 bytes)
Jul 07 07:51:48 witherspoon kernel: Memory: 430508K/442368K available (4049K kernel code, 280K rwdata, 1172K rodata, 276K init, 111K bss, 11860K reserved, 0K cma-reserved)
Jul 07 07:51:48 witherspoon kernel: Virtual kernel memory layout:
                                        vector  : 0xffff0000 - 0xffff1000   (   4 kB)
                                        fixmap  : 0xffc00000 - 0xfff00000   (3072 kB)
                                        vmalloc : 0x9f800000 - 0xff800000   (1536 MB)
                                        lowmem  : 0x80000000 - 0x9f000000   ( 496 MB)
                                          .text : 0x80008000 - 0x803fc690   (4050 kB)
                                          .init : 0x8057b000 - 0x805c0000   ( 276 kB)
                                          .data : 0x805c0000 - 0x806061a8   ( 281 kB)
                                           .bss : 0x806061a8 - 0x80622078   ( 112 kB)
Jul 07 07:51:48 witherspoon kernel: NR_IRQS:16 nr_irqs:16 16
Jul 07 07:51:48 witherspoon kernel: i2c controller registered, irq 16
Jul 07 07:51:48 witherspoon kernel: clocksource: moxart_timer: mask: 0xffffffff max_cycles: 0xffffffff, max_idle_ns: 77222644334 ns
Jul 07 07:51:48 witherspoon kernel: sched_clock: 32 bits at 100 Hz, resolution 10000000ns, wraps every 21474836475000000ns
Jul 07 07:51:48 witherspoon kernel: Calibrating delay loop... 789.70 BogoMIPS (lpj=3948544)
Jul 07 07:51:48 witherspoon kernel: pid_max: default: 32768 minimum: 301
Jul 07 07:51:48 witherspoon kernel: Mount-cache hash table entries: 1024 (order: 0, 4096 bytes)
Jul 07 07:51:48 witherspoon kernel: Mountpoint-cache hash table entries: 1024 (order: 0, 4096 bytes)
Jul 07 07:51:48 witherspoon kernel: CPU: Testing write buffer coherency: ok
Jul 07 07:51:48 witherspoon kernel: ftrace: allocating 14867 entries in 44 pages
Jul 07 07:51:48 witherspoon kernel: Setting up static identity map for 0x80008200 - 0x8000825c
Jul 07 07:51:48 witherspoon kernel: devtmpfs: initialized
Jul 07 07:51:48 witherspoon kernel: clocksource: jiffies: mask: 0xffffffff max_cycles: 0xffffffff, max_idle_ns: 19112604462750000 ns
Jul 07 07:51:48 witherspoon kernel: futex hash table entries: 256 (order: -1, 3072 bytes)
Jul 07 07:51:48 witherspoon kernel: pinctrl core: initialized pinctrl subsystem
Jul 07 07:51:48 witherspoon kernel: NET: Registered protocol family 16
Jul 07 07:51:48 witherspoon kernel: DMA: preallocated 256 KiB pool for atomic coherent allocations
Jul 07 07:51:48 witherspoon kernel: usbcore: registered new interface driver usbfs
Jul 07 07:51:48 witherspoon kernel: usbcore: registered new interface driver hub
Jul 07 07:51:48 witherspoon kernel: usbcore: registered new device driver usb
Jul 07 07:51:48 witherspoon kernel: clocksource: Switched to clocksource moxart_timer
Jul 07 07:51:48 witherspoon kernel: NET: Registered protocol family 2
Jul 07 07:51:48 witherspoon kernel: TCP established hash table entries: 4096 (order: 2, 16384 bytes)
Jul 07 07:51:48 witherspoon kernel: TCP bind hash table entries: 4096 (order: 2, 16384 bytes)
Jul 07 07:51:48 witherspoon kernel: TCP: Hash tables configured (established 4096 bind 4096)
Jul 07 07:51:48 witherspoon kernel: UDP hash table entries: 256 (order: 0, 4096 bytes)
Jul 07 07:51:48 witherspoon kernel: UDP-Lite hash table entries: 256 (order: 0, 4096 bytes)
Jul 07 07:51:48 witherspoon kernel: NET: Registered protocol family 1
Jul 07 07:51:48 witherspoon kernel: Trying to unpack rootfs image as initramfs...
Jul 07 07:51:48 witherspoon kernel: Freeing initrd memory: 1548K
Jul 07 07:51:48 witherspoon kernel: workingset: timestamp_bits=30 max_order=17 bucket_order=0
Jul 07 07:51:48 witherspoon kernel: squashfs: version 4.0 (2009/01/31) Phillip Lougher
Jul 07 07:51:48 witherspoon kernel: jffs2: version 2.2. (SUMMARY)  © 2001-2006 Red Hat, Inc.
Jul 07 07:51:48 witherspoon kernel: Block layer SCSI generic (bsg) driver version 0.4 loaded (major 250)
Jul 07 07:51:48 witherspoon kernel: io scheduler noop registered
Jul 07 07:51:48 witherspoon kernel: io scheduler deadline registered
Jul 07 07:51:48 witherspoon kernel: io scheduler cfq registered (default)
Jul 07 07:51:48 witherspoon kernel: ipmi-bt-host 1e789140.ibt: Found bt bmc device
Jul 07 07:51:48 witherspoon kernel: ipmi-bt-host 1e789140.ibt: Using IRQ 22
Jul 07 07:51:48 witherspoon kernel: Serial: 8250/16550 driver, 6 ports, IRQ sharing enabled
Jul 07 07:51:48 witherspoon kernel: 1e783000.serial: ttyS0 at MMIO 0x1e783000 (irq = 23, base_baud = 1500000) is a 16550A
Jul 07 07:51:48 witherspoon kernel: 1e78d000.serial: ttyS1 at MMIO 0x1e78d000 (irq = 24, base_baud = 1500000) is a 16550A
Jul 07 07:51:48 witherspoon kernel: 1e784000.serial: ttyS4 at MMIO 0x1e784000 (irq = 25, base_baud = 1500000) is a 16550A
Jul 07 07:51:48 witherspoon kernel: console [ttyS4] enabled
Jul 07 07:51:48 witherspoon kernel: 1e787000.vuart: ttyS2 at MMIO 0x1e787000 (irq = 22, base_baud = 1500000) is a 16550A
Jul 07 07:51:48 witherspoon kernel: timeriomem_rng 1e6e2078.hwrng: 32bits from 0xf00e2078 @ 1us
Jul 07 07:51:48 witherspoon kernel: random: fast init done
Jul 07 07:51:48 witherspoon kernel: brd: module loaded
Jul 07 07:51:48 witherspoon kernel: random: crng init done
Jul 07 07:51:48 witherspoon kernel: loop: module loaded
Jul 07 07:51:48 witherspoon kernel: aspeed-lpc-ctrl 1e789080.lpc-ctrl: Loaded at 0x98000000 (0x04000000)
Jul 07 07:51:48 witherspoon kernel: aspeed-smc 1e620000.flash-controller: Using IRQ 18
Jul 07 07:51:48 witherspoon kernel: aspeed-smc 1e620000.flash-controller: DMA support disabled.
Jul 07 07:51:48 witherspoon kernel: aspeed-smc 1e620000.flash-controller: mx25l25635e (32768 Kbytes)
Jul 07 07:51:48 witherspoon kernel: aspeed-smc 1e620000.flash-controller: CE0 window [ 0x20000000 - 0x22000000 ] 32MB
Jul 07 07:51:48 witherspoon kernel: aspeed-smc 1e620000.flash-controller: CE1 window [ 0x22000000 - 0x2a000000 ] 128MB
Jul 07 07:51:48 witherspoon kernel: 5 ofpart partitions found on MTD device bmc
Jul 07 07:51:48 witherspoon kernel: Creating 5 MTD partitions on "bmc":
Jul 07 07:51:48 witherspoon kernel: 0x000000000000-0x000000060000 : "u-boot"
Jul 07 07:51:48 witherspoon kernel: 0x000000060000-0x000000080000 : "u-boot-env"
Jul 07 07:51:48 witherspoon kernel: 0x000000080000-0x0000004c0000 : "kernel"
Jul 07 07:51:48 witherspoon kernel: 0x0000004c0000-0x000001c00000 : "rofs"
Jul 07 07:51:48 witherspoon kernel: 0x000001c00000-0x000002000000 : "rwfs"
Jul 07 07:51:48 witherspoon kernel: aspeed-smc 1e620000.flash-controller: mx25l25635e (32768 Kbytes)
Jul 07 07:51:48 witherspoon kernel: aspeed-smc 1e620000.flash-controller: CE1 window [ 0x22000000 - 0x24000000 ] 32MB
Jul 07 07:51:48 witherspoon kernel: aspeed-smc 1e620000.flash-controller: CE2 window [ 0x24000000 - 0x2c000000 ] 128MB
Jul 07 07:51:48 witherspoon kernel: aspeed-smc 1e630000.flash-controller: mx66l1g45g (131072 Kbytes)
Jul 07 07:51:48 witherspoon kernel: aspeed-smc 1e630000.flash-controller: CE0 window resized to 120MB (AST2500 HW quirk)
Jul 07 07:51:48 witherspoon kernel: aspeed-smc 1e630000.flash-controller: CE0 window [ 0x30000000 - 0x37800000 ] 120MB
Jul 07 07:51:48 witherspoon kernel: aspeed-smc 1e630000.flash-controller: CE0 window too small for chip 128MB
Jul 07 07:51:48 witherspoon kernel: aspeed-smc 1e630000.flash-controller: CE1 window [ 0x37800000 - 0x38000000 ] 8MB
Jul 07 07:51:48 witherspoon kernel: libphy: Fixed MDIO Bus: probed
Jul 07 07:51:48 witherspoon kernel: ftgmac100 1e660000.ethernet: Read MAC address 70:e2:84:14:28:a9 from chip
Jul 07 07:51:48 witherspoon kernel: ftgmac100 1e660000.ethernet: Using NCSI interface
Jul 07 07:51:48 witherspoon kernel: ftgmac100 1e660000.ethernet eth0: irq 20, mapped at f0060000
Jul 07 07:51:48 witherspoon kernel: ehci_hcd: USB 2.0 'Enhanced' Host Controller (EHCI) Driver
Jul 07 07:51:48 witherspoon kernel: ehci-platform: EHCI generic platform driver
Jul 07 07:51:48 witherspoon kernel:  fsi0: can't read slave 00:00 -5
Jul 07 07:51:48 witherspoon kernel: i2c /dev entries driver
Jul 07 07:51:48 witherspoon kernel: aspeed-i2c-bus 1e78a0c0.i2c-bus: i2c bus 2 registered, irq 26
Jul 07 07:51:48 witherspoon kernel: aspeed-i2c-bus 1e78a100.i2c-bus: i2c bus 3 registered, irq 27
Jul 07 07:51:48 witherspoon kernel: aspeed-i2c-bus 1e78a140.i2c-bus: i2c bus 4 registered, irq 28
Jul 07 07:51:48 witherspoon kernel: aspeed-i2c-bus 1e78a180.i2c-bus: i2c bus 5 registered, irq 29
Jul 07 07:51:48 witherspoon kernel: aspeed-i2c-bus 1e78a380.i2c-bus: i2c bus 9 registered, irq 30
Jul 07 07:51:48 witherspoon kernel: aspeed-i2c-bus 1e78a3c0.i2c-bus: i2c bus 10 registered, irq 31
Jul 07 07:51:48 witherspoon kernel: rtc-rv8803 11-0032: Voltage low, temperature compensation stopped.
Jul 07 07:51:48 witherspoon kernel: rtc-rv8803 11-0032: rtc core: registered rx8900 as rtc0
Jul 07 07:51:48 witherspoon kernel: at24 11-0051: 8192 byte 24c64 EEPROM, writable, 1 bytes/write
Jul 07 07:51:48 witherspoon kernel: aspeed-i2c-bus 1e78a400.i2c-bus: i2c bus 11 registered, irq 32
Jul 07 07:51:48 witherspoon kernel: aspeed-i2c-bus 1e78a440.i2c-bus: i2c bus 12 registered, irq 33
Jul 07 07:51:48 witherspoon kernel: aspeed-i2c-bus 1e78a480.i2c-bus: i2c bus 13 registered, irq 34
Jul 07 07:51:48 witherspoon kernel: Driver for 1-wire Dallas network protocol.
Jul 07 07:51:48 witherspoon kernel: lm75 9-004a: hwmon0: sensor 'tmp275'
Jul 07 07:51:48 witherspoon kernel: ucd9000 11-0064: Device ID UCD90160|2.3.4.0000|110603
Jul 07 07:51:48 witherspoon kernel: leds-pca955x 11-0060: leds-pca955x: Using pca9552 16-bit LED driver at slave address 0x60
Jul 07 07:51:48 witherspoon kernel: leds-pca955x 11-0060: gpios 264...279
Jul 07 07:51:48 witherspoon kernel: usbcore: registered new interface driver usbhid
Jul 07 07:51:48 witherspoon kernel: usbhid: USB HID core driver
Jul 07 07:51:48 witherspoon kernel: bmp280: probe of 3-0077 failed with error -5
Jul 07 07:51:48 witherspoon kernel: dps310 3-0076: iio:device1: sensor 'dps310'
Jul 07 07:51:48 witherspoon kernel: NET: Registered protocol family 10
Jul 07 07:51:48 witherspoon kernel: Segment Routing with IPv6
Jul 07 07:51:48 witherspoon kernel: NET: Registered protocol family 17
Jul 07 07:51:48 witherspoon kernel: console [netcon0] enabled
Jul 07 07:51:48 witherspoon kernel: netconsole: network logging started
Jul 07 07:51:48 witherspoon kernel: input: gpio-keys as /devices/platform/gpio-keys/input/input0
Jul 07 07:51:48 witherspoon kernel: rtc-rv8803 11-0032: setting system clock to 2017-07-07 07:51:39 UTC (1499413899)
Jul 07 07:51:48 witherspoon kernel: Freeing unused kernel memory: 276K
Jul 07 07:51:48 witherspoon kernel: This architecture does not have kernel memory protection.
Jul 07 07:51:48 witherspoon kernel: jffs2: notice: (514) jffs2_build_xattr_subsystem: complete building xattr subsystem, 0 of xdatum (0 unchecked, 0 orphan) and 0 of xref (0 dead, 0 orphan) found.
Jul 07 07:51:48 witherspoon systemd[1]: Failed to insert module 'autofs4': No such file or directory
Jul 07 07:51:48 witherspoon systemd[1]: systemd 232 running in system mode. (+PAM -AUDIT -SELINUX -IMA -APPARMOR -SMACK +SYSVINIT -UTMP -LIBCRYPTSETUP -GCRYPT -GNUTLS +ACL +XZ -LZ4 -SECCOMP +BLKID -ELFUTILS +KMOD -IDN)
Jul 07 07:51:48 witherspoon systemd[1]: Detected architecture arm.
Jul 07 07:51:48 witherspoon systemd[1]: Set hostname to <witherspoon>.
Jul 07 07:51:48 witherspoon systemd[1]: Started Dispatch Password Requests to Console Directory Watch.
Jul 07 07:51:48 witherspoon systemd[1]: Listening on Journal Socket (/dev/log).
Jul 07 07:51:48 witherspoon systemd[1]: Listening on Syslog Socket.
Jul 07 07:51:48 witherspoon systemd[1]: Reached target Remote File Systems.
Jul 07 07:51:48 witherspoon systemd[1]: Listening on Journal Socket.
Jul 07 07:51:48 witherspoon systemd[1]: Listening on udev Kernel Socket.
Jul 07 07:51:48 witherspoon systemd[1]: Listening on Network Service Netlink Socket.
Jul 07 07:51:48 witherspoon systemd-journald[646]: Journal started
Jul 07 07:51:48 witherspoon systemd-journald[646]: Runtime journal (/run/log/journal/12c6a00ebfdd479284cf09f39d1bc042) is 0B, max 0B, 0B free.
Jul 07 07:51:48 witherspoon systemd-sysctl[536]: Couldn't write '16' to 'kernel/sysrq', ignoring: No such file or directory
Jul 07 07:51:48 witherspoon systemd-sysctl[536]: Couldn't write 'fq_codel' to 'net/core/default_qdisc', ignoring: No such file or directory
Jul 07 07:51:48 witherspoon systemd[1]: Created slice system-obmc\x2dconsole.slice.
Jul 07 07:51:49 witherspoon systemd[1]: Created slice system-phosphor\x2dreset\x2dhost\x2drunning.slice.
Jul 07 07:51:49 witherspoon systemd[1]: Created slice system-org.openbmc.control.Power.slice.
Jul 07 07:51:49 witherspoon systemd[1]: Created slice system-op\x2dreset\x2dchassis\x2don.slice.
Jul 07 07:51:49 witherspoon systemd[1]: Mounted Debug File System.
Jul 07 07:51:49 witherspoon systemd[1]: Mounted Temporary Directory.
Jul 07 07:51:49 witherspoon systemd[1]: Started Journal Service.
Jul 07 07:51:49 witherspoon systemd[1]: Started Apply Kernel Variables.
Jul 07 07:51:50 witherspoon systemd[1]: Started Remount Root and Kernel File Systems.
Jul 07 07:51:50 witherspoon systemd[1]: Starting Create System Users...
Jul 07 07:51:50 witherspoon systemd[1]: Starting Flush Journal to Persistent Storage...
Jul 07 07:51:50 witherspoon systemd[1]: Started udev Coldplug all Devices.
Jul 07 07:51:51 witherspoon systemd-journald[646]: Runtime journal (/run/log/journal/12c6a00ebfdd479284cf09f39d1bc042) is 0B, max 0B, 0B free.
Jul 07 07:51:51 witherspoon systemd[1]: Started Flush Journal to Persistent Storage.
Jul 07 07:51:51 witherspoon systemd[1]: Started Create System Users.
Jul 07 07:51:51 witherspoon systemd[1]: Starting Create Static Device Nodes in /dev...
Jul 07 07:51:51 witherspoon systemd[1]: Started Create Static Device Nodes in /dev.
Jul 07 07:51:51 witherspoon systemd[1]: Starting udev Kernel Device Manager...
Jul 07 07:51:51 witherspoon systemd[1]: Reached target Local File Systems (Pre).
Jul 07 07:51:51 witherspoon systemd[1]: Mounting /var/volatile...
Jul 07 07:51:51 witherspoon systemd[1]: Mounted /var/volatile.
Jul 07 07:51:51 witherspoon systemd[1]: Reached target Local File Systems.
Jul 07 07:51:51 witherspoon systemd[1]: Starting Create Volatile Files and Directories...
Jul 07 07:51:52 witherspoon systemd[1]: Starting Rebuild Journal Catalog...
Jul 07 07:51:52 witherspoon systemd[1]: Starting Load/Save Random Seed...
Jul 07 07:51:52 witherspoon systemd[1]: Started Load/Save Random Seed.
Jul 07 07:51:52 witherspoon systemd[1]: Started Rebuild Journal Catalog.
Jul 07 07:51:52 witherspoon systemd[1]: Starting Update is Completed...
Jul 07 07:51:52 witherspoon systemd-tmpfiles[874]: "/var/tmp" already exists and is not a directory.
Jul 07 07:51:52 witherspoon systemd-tmpfiles[874]: "/var/log" already exists and is not a directory.
Jul 07 07:51:52 witherspoon systemd[1]: Started Create Volatile Files and Directories.
Jul 07 07:51:52 witherspoon systemd[1]: Started udev Kernel Device Manager.
Jul 07 07:51:52 witherspoon systemd[1]: Starting Network Time Synchronization...
Jul 07 07:51:54 witherspoon systemd[1]: Starting Run pending postinsts...
Jul 07 07:51:54 witherspoon systemd[1]: Started Update is Completed.
Jul 07 07:51:54 witherspoon systemd[1]: Started Network Time Synchronization.
Jul 07 07:51:55 witherspoon systemd[1]: Found device /dev/aspeed-lpc-ctrl.
Jul 07 07:51:55 witherspoon systemd[1]: Found device /dev/aspeed-mbox.
Jul 07 07:51:55 witherspoon systemd[1]: Found device /dev/ttyS4.
Jul 07 07:51:55 witherspoon run-postinsts[902]: Running postinst /etc/rpm-postinsts/libglib-2.0-0...
Jul 07 07:51:56 witherspoon systemd[1]: Found device /dev/ttyVUART0.
Jul 07 07:51:56 witherspoon systemd[1]: Created slice system-xyz.openbmc_project.led.controller.slice.
Jul 07 07:51:56 witherspoon run-postinsts[902]: rm: can't remove '/etc/rpm-postinsts': Invalid argument
Jul 07 07:51:56 witherspoon systemd[1]: Created slice system-xyz.openbmc_project.Hwmon.slice.
Jul 07 07:51:56 witherspoon run-postinsts[902]:  Removing any system startup links for run-postinsts ...
Jul 07 07:51:57 witherspoon systemd[1]: dev-hugepages.mount: Couldn't determine result for ConditionVirtualization=!private-users, assuming failed: No such file or directory
Jul 07 07:51:57 witherspoon systemd[1]: Reached target System Time Synchronized.
Jul 07 07:51:57 witherspoon systemctl[913]: Removed /etc/systemd/system/sysinit.target.wants/run-postinsts.service.
Jul 07 07:51:57 witherspoon systemd[1]: Reloading.
Jul 07 07:52:00 witherspoon systemd[1]: Started Run pending postinsts.
Jul 07 07:52:00 witherspoon systemd[1]: Reached target System Initialization.
Jul 07 07:52:00 witherspoon systemd[1]: Listening on phosphor-ipmi-net.socket.
Jul 07 07:52:00 witherspoon systemd[1]: Started Daily Cleanup of Temporary Directories.
Jul 07 07:52:00 witherspoon systemd[1]: Reached target Timers.
Jul 07 07:52:00 witherspoon systemd[1]: Listening on Phosphor Webserver socket.
Jul 07 07:52:00 witherspoon systemd[1]: Listening on dropbear.socket.
Jul 07 07:52:00 witherspoon systemd[1]: Listening on D-Bus System Message Bus Socket.
Jul 07 07:52:00 witherspoon systemd[1]: Listening on Phosphor Host Console SSH Per-Connection socket.
Jul 07 07:52:00 witherspoon systemd[1]: Listening on Phosphor DBUS Browser socket.
Jul 07 07:52:00 witherspoon systemd[1]: Listening on Avahi mDNS/DNS-SD Stack Activation Socket.
Jul 07 07:52:00 witherspoon systemd[1]: Reached target Sockets.
Jul 07 07:52:00 witherspoon systemd[1]: Reached target Basic System.
Jul 07 07:52:00 witherspoon systemd[1]: Started Phosphor Hwmon Poller.
Jul 07 07:52:00 witherspoon systemd[1]: Started Phosphor Hwmon Poller.
Jul 07 07:52:00 witherspoon systemd[1]: Starting Phosphor LED Group Management Daemon...
Jul 07 07:52:00 witherspoon systemd[1]: Started Phosphor sysfs LED controller.
Jul 07 07:52:00 witherspoon systemd[1]: Started Hardware RNG Entropy Gatherer Daemon.
Jul 07 07:52:00 witherspoon systemd[1]: Started Phosphor MBOX Daemon.
Jul 07 07:52:00 witherspoon systemd[1]: Starting Phosphor Log Manager...
Jul 07 07:52:00 witherspoon systemd[1]: Starting Phosphor Sensor Manager...
Jul 07 07:52:00 witherspoon systemd[1]: Starting Phosphor Download Manager...
Jul 07 07:52:00 witherspoon systemd[1]: Started Phosphor Hwmon Poller.
Jul 07 07:52:00 witherspoon systemd[1]: Started Phosphor sysfs LED controller.
Jul 07 07:52:00 witherspoon systemd[1]: Starting Phosphor DBus Service Discovery Manager...
Jul 07 07:52:00 witherspoon systemd[1]: Starting Phosphor Network Manager...
Jul 07 07:52:00 witherspoon systemd[1]: Starting Phosphor BMC0 Control...
Jul 07 07:52:00 witherspoon systemd[1]: Starting OpenPower Software Update Manager...
Jul 07 07:52:01 witherspoon systemd[1]: Started Phosphor Hwmon Poller.
Jul 07 07:52:01 witherspoon systemd[1]: Starting Phosphor Inventory Manager...
Jul 07 07:52:01 witherspoon systemd[1]: Starting Phosphor Download Manager...
Jul 07 07:52:01 witherspoon systemd[1]: Starting Phosphor Chassis0 Control...
Jul 07 07:52:01 witherspoon systemd[1]: Started Phosphor Dump core monitor..
Jul 07 07:52:01 witherspoon systemd[1]: Starting Clear one time boot overrides...
Jul 07 07:52:02 witherspoon systemd[1]: Started Phosphor Hwmon Poller.
Jul 07 07:52:02 witherspoon systemd[1]: Reached target Containers.
Jul 07 07:52:02 witherspoon systemd[1]: Starting Phosphor Dump Manager...
Jul 07 07:52:02 witherspoon systemd[1]: Started D-Bus System Message Bus.
Jul 07 07:52:03 witherspoon phosphor-hwmon-readd[924]: Usage: /usr/sbin/phosphor-hwmon-readd [options]
Jul 07 07:52:03 witherspoon phosphor-hwmon-readd[924]: Options:
Jul 07 07:52:03 witherspoon phosphor-hwmon-readd[924]:     --help               print this menu
Jul 07 07:52:03 witherspoon phosphor-hwmon-readd[924]:     --path=<path>        sysfs location to monitor
Jul 07 07:52:03 witherspoon phosphor-hwmon-readd[924]:     --of-name=<path>     open firmware device name to monitor
Jul 07 07:52:03 witherspoon phosphor-hwmon-readd[924]: ERROR: Path not specified or invalid.
Jul 07 07:52:06 witherspoon systemd[1]: Started Phosphor Dump Manager.
Jul 07 07:52:06 witherspoon systemd[1]: Starting Network Service...
Jul 07 07:52:06 witherspoon systemd[1]: Started Phosphor Console Muxer listening on device /dev/ttyVUART0.
Jul 07 07:52:07 witherspoon systemd[1]: Started Phosphor Hwmon Poller.
Jul 07 07:52:07 witherspoon systemd[1]: Starting Phosphor User Manager...
Jul 07 07:52:07 witherspoon systemd[1]: Starting Phosphor Inventory Manager...
Jul 07 07:52:08 witherspoon systemd-networkd[950]: Could not create runtime directory: File exists
Jul 07 07:52:08 witherspoon systemd-networkd[950]: Could not create runtime directory 'links': File exists
Jul 07 07:52:08 witherspoon systemd-networkd[950]: Could not create runtime directory 'leases': File exists
Jul 07 07:52:09 witherspoon systemd[1]: Started Phosphor Hwmon Poller.
Jul 07 07:52:10 witherspoon systemd-networkd[950]: Enumeration completed
Jul 07 07:52:10 witherspoon systemd-networkd[950]: eth0: IPv6 enabled for interface: Success
Jul 07 07:52:10 witherspoon systemd-networkd[950]: eth0: Gained carrier
Jul 07 07:52:10 witherspoon systemd-timesyncd[891]: Network configuration changed, trying to establish connection.
Jul 07 07:52:10 witherspoon systemd[1]: Started Phosphor Hwmon Poller.
Jul 07 07:52:10 witherspoon systemd[1]: Started Kernel Logging Service.
Jul 07 07:52:10 witherspoon systemd[1]: Starting Avahi mDNS/DNS-SD Stack...
Jul 07 07:52:10 witherspoon systemd[1]: Starting Phosphor IPMI BT DBus Bridge...
Jul 07 07:52:10 witherspoon systemd[1]: Starting OpenBMC Software Update Manager...
Jul 07 07:52:11 witherspoon systemd[1]: Started System Logging Service.
Jul 07 07:52:11 witherspoon systemd[1]: Started Phosphor sysfs LED controller.
Jul 07 07:52:11 witherspoon systemd-networkd[950]: eth0: Gained IPv6LL
Jul 07 07:52:11 witherspoon systemd[1]: Started Network Service.
Jul 07 07:52:12 witherspoon systemd[1]: xyz.openbmc_project.Hwmon@ahb-apb-i2c\x401e78a000-i2c\x2dbus\x40100-dps310\x4076.service: Main process exited, code=exited, status=255/n/a
Jul 07 07:52:12 witherspoon kernel[957]: klogd started: BusyBox v1.24.1 (2017-06-16 19:29:08 UTC)
Jul 07 07:52:12 witherspoon kernel[957]: [    0.000000] Booting Linux on physical CPU 0x0
Jul 07 07:52:12 witherspoon kernel[957]: [    0.000000] Linux version 4.10.17-04c6ddff01cec5e54c6aeedcaa7691913f404796 (jenkins@openbmc-builder1) (gcc version 6.2.0 (GCC) ) #1 Fri Jul 7 06:56:05 UTC 2017
Jul 07 07:52:12 witherspoon kernel[957]: [    0.000000] CPU: ARMv6-compatible processor [410fb767] revision 7 (ARMv7), cr=00c5387d
Jul 07 07:52:12 witherspoon kernel[957]: [    0.000000] CPU: PIPT / VIPT nonaliasing data cache, VIPT nonaliasing instruction cache
Jul 07 07:52:12 witherspoon kernel[957]: [    0.000000] OF: fdt:Machine model: Witherspoon BMC
Jul 07 07:52:12 witherspoon kernel[957]: [    0.000000] Memory policy: Data cache writeback
Jul 07 07:52:12 witherspoon kernel[957]: [    0.000000] SOC Rev: 04030303
Jul 07 07:52:12 witherspoon kernel[957]: [    0.000000] On node 0 totalpages: 110592
Jul 07 07:52:12 witherspoon systemd[1]: xyz.openbmc_project.Hwmon@ahb-apb-i2c\x401e78a000-i2c\x2dbus\x40100-dps310\x4076.service: Unit entered failed state.
Jul 07 07:52:12 witherspoon kernel[957]: [    0.000000] free_area_init_node: node 0, pgdat 805f33fc, node_mem_map 9ec1a000
Jul 07 07:52:12 witherspoon systemd[1]: xyz.openbmc_project.Hwmon@ahb-apb-i2c\x401e78a000-i2c\x2dbus\x40100-dps310\x4076.service: Failed with result 'exit-code'.
Jul 07 07:52:12 witherspoon kernel[957]: [    0.000000]   Normal zone: 992 pages used for memmap
Jul 07 07:52:12 witherspoon systemd[1]: Started Clear one time boot overrides.
Jul 07 07:52:13 witherspoon kernel: ftgmac100 1e660000.ethernet eth0: NCSI interface up
Jul 07 07:52:12 witherspoon kernel[957]: [    0.000000]   Normal zone: 0 pages reserved
Jul 07 07:52:12 witherspoon systemd[1]: xyz.openbmc_project.Hwmon@ahb-apb-i2c\x401e78a000-i2c\x2dbus\x40100-dps310\x4076.service: Service hold-off time over, scheduling restart.
Jul 07 07:52:12 witherspoon kernel[957]: [    0.000000]   Normal zone: 110592 pages, LIFO batch:31
Jul 07 07:52:12 witherspoon systemd[1]: Started Phosphor Log Manager.
Jul 07 07:52:12 witherspoon kernel[957]: [    0.000000] pcpu-alloc: s0 r0 d32768 u32768 alloc=1*32768
Jul 07 07:52:12 witherspoon systemd[1]: Started Phosphor Download Manager.
Jul 07 07:52:12 witherspoon kernel[957]: [    0.000000] pcpu-alloc: [0] 0
Jul 07 07:52:12 witherspoon systemd[1]: Started OpenPower Software Update Manager.
Jul 07 07:52:12 witherspoon kernel[957]: [    0.000000] Built 1 zonelists in Zone order, mobility grouping on.  Total pages: 109600
Jul 07 07:52:12 witherspoon systemd[1]: Started Phosphor Inventory Manager.
Jul 07 07:52:12 witherspoon kernel[957]: [    0.000000] Kernel command line: console=ttyS4,115200n8 root=/dev/ram rw
Jul 07 07:52:12 witherspoon systemd[1]: Started Phosphor LED Group Management Daemon.
Jul 07 07:52:12 witherspoon kernel[957]: [    0.000000] PID hash table entries: 2048 (order: 1, 8192 bytes)
Jul 07 07:52:12 witherspoon systemd[1]: Started OpenBMC Software Update Manager.
Jul 07 07:52:12 witherspoon kernel[957]: [    0.000000] Dentry cache hash table entries: 65536 (order: 6, 262144 bytes)
Jul 07 07:52:12 witherspoon systemd[1]: Started Phosphor IPMI BT DBus Bridge.
Jul 07 07:52:12 witherspoon kernel[957]: [    0.000000] Inode-cache hash table entries: 32768 (order: 5, 131072 bytes)
Jul 07 07:52:12 witherspoon systemd[1]: Starting Phosphor Version Software Manager...
Jul 07 07:52:12 witherspoon kernel[957]: [    0.000000] Memory: 430508K/442368K available (4049K kernel code, 280K rwdata, 1172K rodata, 276K init, 111K bss, 11860K reserved, 0K cma-reserved)
Jul 07 07:52:12 witherspoon systemd[1]: Stopped Phosphor Hwmon Poller.
Jul 07 07:52:12 witherspoon kernel[957]: [    0.000000] Virtual kernel memory layout:
Jul 07 07:52:12 witherspoon systemd[1]: Started Phosphor Hwmon Poller.
Jul 07 07:52:12 witherspoon kernel[957]: [    0.000000]     vector  : 0xffff0000 - 0xffff1000   (   4 kB)
Jul 07 07:52:12 witherspoon systemd[1]: Reached target Network.
Jul 07 07:52:15 witherspoon phosphor-hwmon-readd[964]: Usage: /usr/sbin/phosphor-hwmon-readd [options]
Jul 07 07:52:15 witherspoon phosphor-hwmon-readd[964]: Options:
Jul 07 07:52:15 witherspoon phosphor-hwmon-readd[964]:     --help               print this menu
Jul 07 07:52:15 witherspoon phosphor-hwmon-readd[964]:     --path=<path>        sysfs location to monitor
Jul 07 07:52:15 witherspoon phosphor-hwmon-readd[964]:     --of-name=<path>     open firmware device name to monitor
Jul 07 07:52:15 witherspoon phosphor-hwmon-readd[964]: ERROR: Path not specified or invalid.
Jul 07 07:52:12 witherspoon kernel[957]: [    0.000000]     fixmap  : 0xffc00000 - 0xfff00000   (3072 kB)
Jul 07 07:52:12 witherspoon systemd[1]: Starting Permit User Sessions...
Jul 07 07:52:12 witherspoon kernel[957]: [    0.000000]     vmalloc : 0x9f800000 - 0xff800000   (1536 MB)
Jul 07 07:52:13 witherspoon systemd[1]: Started Lightweight SLP Server.
Jul 07 07:52:12 witherspoon kernel[957]: [    0.000000]     lowmem  : 0x80000000 - 0x9f000000   ( 496 MB)
Jul 07 07:52:14 witherspoon systemd[1]: Started Phosphor BMC0 Control.
Jul 07 07:52:12 witherspoon kernel[957]: [    0.000000]       .text : 0x80008000 - 0x803fc690   (4050 kB)
Jul 07 07:52:14 witherspoon systemd[1]: Started Permit User Sessions.
Jul 07 07:52:12 witherspoon kernel[957]: [    0.000000]       .init : 0x8057b000 - 0x805c0000   ( 276 kB)
Jul 07 07:52:14 witherspoon systemd[1]: Started Serial Getty on ttyS4.
Jul 07 07:52:12 witherspoon kernel[957]: [    0.000000]       .data : 0x805c0000 - 0x806061a8   ( 281 kB)
Jul 07 07:52:14 witherspoon systemd[1]: Reached target Login Prompts.
Jul 07 07:52:12 witherspoon kernel[957]: [    0.000000]        .bss : 0x806061a8 - 0x80622078   ( 112 kB)
Jul 07 07:52:14 witherspoon systemd[1]: Started Phosphor Version Software Manager.
Jul 07 07:52:12 witherspoon kernel[957]: [    0.000000] NR_IRQS:16 nr_irqs:16 16
Jul 07 07:52:14 witherspoon systemd[1]: Started Avahi mDNS/DNS-SD Stack.
Jul 07 07:52:12 witherspoon kernel[957]: [    0.000000] i2c controller registered, irq 16
Jul 07 07:52:16 witherspoon phosphor-hwmon-readd[977]: Usage: /usr/sbin/phosphor-hwmon-readd [options]
Jul 07 07:52:16 witherspoon phosphor-hwmon-readd[977]: Options:
Jul 07 07:52:16 witherspoon phosphor-hwmon-readd[977]:     --help               print this menu
Jul 07 07:52:16 witherspoon phosphor-hwmon-readd[977]:     --path=<path>        sysfs location to monitor
Jul 07 07:52:16 witherspoon phosphor-hwmon-readd[977]:     --of-name=<path>     open firmware device name to monitor
Jul 07 07:52:16 witherspoon phosphor-hwmon-readd[977]: ERROR: Path not specified or invalid.
Jul 07 07:52:14 witherspoon systemd[1]: Reached target Multi-User System.
Jul 07 07:52:12 witherspoon kernel[957]: [    0.000000] clocksource: moxart_timer: mask: 0xffffffff max_cycles: 0xffffffff, max_idle_ns: 77222644334 ns
Jul 07 07:52:15 witherspoon systemd[1]: xyz.openbmc_project.Hwmon@ahb-apb-i2c\x401e78a000-i2c\x2dbus\x40100-dps310\x4076.service: Main process exited, code=exited, status=255/n/a
Jul 07 07:52:12 witherspoon kernel[957]: [    0.000000] sched_clock: 32 bits at 100 Hz, resolution 10000000ns, wraps every 21474836475000000ns
Jul 07 07:52:15 witherspoon systemd[1]: xyz.openbmc_project.Hwmon@ahb-apb-i2c\x401e78a000-i2c\x2dbus\x40100-dps310\x4076.service: Unit entered failed state.
Jul 07 07:52:12 witherspoon kernel[957]: [    0.090000] Calibrating delay loop... 789.70 BogoMIPS (lpj=3948544)
Jul 07 07:52:15 witherspoon systemd[1]: xyz.openbmc_project.Hwmon@ahb-apb-i2c\x401e78a000-i2c\x2dbus\x40100-dps310\x4076.service: Failed with result 'exit-code'.
Jul 07 07:52:12 witherspoon kernel[957]: [    0.090000] pid_max: default: 32768 minimum: 301
Jul 07 07:52:15 witherspoon systemd[1]: xyz.openbmc_project.Hwmon@ahb-apb-i2c\x401e78a000-i2c\x2dbus\x40100-dps310\x4076.service: Service hold-off time over, scheduling restart.
Jul 07 07:52:12 witherspoon kernel[957]: [    0.090000] Mount-cache hash table entries: 1024 (order: 0, 4096 bytes)
Jul 07 07:52:15 witherspoon systemd[1]: Stopped Phosphor Hwmon Poller.
Jul 07 07:52:12 witherspoon kernel[957]: [    0.090000] Mountpoint-cache hash table entries: 1024 (order: 0, 4096 bytes)
Jul 07 07:52:15 witherspoon systemd[1]: Started Phosphor Hwmon Poller.
Jul 07 07:52:12 witherspoon kernel[957]: [    0.090000] CPU: Testing write buffer coherency: ok
Jul 07 07:52:16 witherspoon systemd[1]: xyz.openbmc_project.Hwmon@ahb-apb-i2c\x401e78a000-i2c\x2dbus\x40100-dps310\x4076.service: Main process exited, code=exited, status=255/n/a
Jul 07 07:52:12 witherspoon kernel[957]: [    0.090000] ftrace: allocating 14867 entries in 44 pages
Jul 07 07:52:12 witherspoon kernel[957]: [    0.120000] Setting up static identity map for 0x80008200 - 0x8000825c
Jul 07 07:52:16 witherspoon systemd[1]: xyz.openbmc_project.Hwmon@ahb-apb-i2c\x401e78a000-i2c\x2dbus\x40100-dps310\x4076.service: Unit entered failed state.
Jul 07 07:52:12 witherspoon kernel[957]: [    0.120000] devtmpfs: initialized
Jul 07 07:52:16 witherspoon systemd[1]: xyz.openbmc_project.Hwmon@ahb-apb-i2c\x401e78a000-i2c\x2dbus\x40100-dps310\x4076.service: Failed with result 'exit-code'.
Jul 07 07:52:12 witherspoon kernel[957]: [    0.140000] clocksource: jiffies: mask: 0xffffffff max_cycles: 0xffffffff, max_idle_ns: 19112604462750000 ns
Jul 07 07:52:17 witherspoon systemd[1]: xyz.openbmc_project.Hwmon@ahb-apb-i2c\x401e78a000-i2c\x2dbus\x40100-dps310\x4076.service: Service hold-off time over, scheduling restart.
Jul 07 07:52:12 witherspoon kernel[957]: [    0.140000] futex hash table entries: 256 (order: -1, 3072 bytes)
Jul 07 07:52:17 witherspoon systemd[1]: Stopped Phosphor Hwmon Poller.
Jul 07 07:52:12 witherspoon kernel[957]: [    0.140000] pinctrl core: initialized pinctrl subsystem
Jul 07 07:52:17 witherspoon systemd[1]: Started Phosphor Hwmon Poller.
Jul 07 07:52:12 witherspoon kernel[957]: [    0.140000] NET: Registered protocol family 16
Jul 07 07:52:12 witherspoon kernel[957]: [    0.140000] DMA: preallocated 256 KiB pool for atomic coherent allocations
Jul 07 07:52:12 witherspoon kernel[957]: [    0.210000] usbcore: registered new interface driver usbfs
Jul 07 07:52:12 witherspoon kernel[957]: [    0.210000] usbcore: registered new interface driver hub
Jul 07 07:52:12 witherspoon kernel[957]: [    0.210000] usbcore: registered new device driver usb
Jul 07 07:52:12 witherspoon kernel[957]: [    0.210000] clocksource: Switched to clocksource moxart_timer
Jul 07 07:52:12 witherspoon kernel[957]: [    0.220000] NET: Registered protocol family 2
Jul 07 07:52:12 witherspoon kernel[957]: [    0.220000] TCP established hash table entries: 4096 (order: 2, 16384 bytes)
Jul 07 07:52:12 witherspoon kernel[957]: [    0.220000] TCP bind hash table entries: 4096 (order: 2, 16384 bytes)
Jul 07 07:52:12 witherspoon kernel[957]: [    0.220000] TCP: Hash tables configured (established 4096 bind 4096)
Jul 07 07:52:12 witherspoon kernel[957]: [    0.220000] UDP hash table entries: 256 (order: 0, 4096 bytes)
Jul 07 07:52:12 witherspoon kernel[957]: [    0.220000] UDP-Lite hash table entries: 256 (order: 0, 4096 bytes)
Jul 07 07:52:12 witherspoon kernel[957]: [    0.220000] NET: Registered protocol family 1
Jul 07 07:52:12 witherspoon kernel[957]: [    0.240000] Trying to unpack rootfs image as initramfs...
Jul 07 07:52:12 witherspoon kernel[957]: [    1.920000] Freeing initrd memory: 1548K
Jul 07 07:52:12 witherspoon kernel[957]: [    1.920000] workingset: timestamp_bits=30 max_order=17 bucket_order=0
Jul 07 07:52:12 witherspoon kernel[957]: [    1.920000] squashfs: version 4.0 (2009/01/31) Phillip Lougher
Jul 07 07:52:12 witherspoon kernel[957]: [    1.920000] jffs2: version 2.2. (SUMMARY)  © 2001-2006 Red Hat, Inc.
Jul 07 07:52:12 witherspoon kernel[957]: [    1.920000] Block layer SCSI generic (bsg) driver version 0.4 loaded (major 250)
Jul 07 07:52:12 witherspoon kernel[957]: [    1.920000] io scheduler noop registered
Jul 07 07:52:12 witherspoon kernel[957]: [    1.920000] io scheduler deadline registered
Jul 07 07:52:19 witherspoon phosphor-hwmon-readd[979]: Usage: /usr/sbin/phosphor-hwmon-readd [options]
Jul 07 07:52:19 witherspoon phosphor-hwmon-readd[979]: Options:
Jul 07 07:52:19 witherspoon phosphor-hwmon-readd[979]:     --help               print this menu
Jul 07 07:52:19 witherspoon phosphor-hwmon-readd[979]:     --path=<path>        sysfs location to monitor
Jul 07 07:52:19 witherspoon phosphor-hwmon-readd[979]:     --of-name=<path>     open firmware device name to monitor
Jul 07 07:52:19 witherspoon phosphor-hwmon-readd[979]: ERROR: Path not specified or invalid.
Jul 07 07:52:12 witherspoon kernel[957]: [    1.920000] io scheduler cfq registered (default)
Jul 07 07:52:18 witherspoon systemd[1]: xyz.openbmc_project.Hwmon@ahb-apb-i2c\x401e78a000-i2c\x2dbus\x40100-dps310\x4076.service: Main process exited, code=exited, status=255/n/a
Jul 07 07:52:19 witherspoon phosphor-hwmon-readd[981]: Usage: /usr/sbin/phosphor-hwmon-readd [options]
Jul 07 07:52:19 witherspoon phosphor-hwmon-readd[981]: Options:
Jul 07 07:52:19 witherspoon phosphor-hwmon-readd[981]:     --help               print this menu
Jul 07 07:52:19 witherspoon phosphor-hwmon-readd[981]:     --path=<path>        sysfs location to monitor
Jul 07 07:52:19 witherspoon phosphor-hwmon-readd[981]:     --of-name=<path>     open firmware device name to monitor
Jul 07 07:52:19 witherspoon phosphor-hwmon-readd[981]: ERROR: Path not specified or invalid.
Jul 07 07:52:12 witherspoon kernel[957]: [    1.920000] ipmi-bt-host 1e789140.ibt: Found bt bmc device
Jul 07 07:52:18 witherspoon systemd[1]: xyz.openbmc_project.Hwmon@ahb-apb-i2c\x401e78a000-i2c\x2dbus\x40100-dps310\x4076.service: Unit entered failed state.
Jul 07 07:52:12 witherspoon kernel[957]: [    1.920000] ipmi-bt-host 1e789140.ibt: Using IRQ 22
Jul 07 07:52:18 witherspoon systemd[1]: xyz.openbmc_project.Hwmon@ahb-apb-i2c\x401e78a000-i2c\x2dbus\x40100-dps310\x4076.service: Failed with result 'exit-code'.
Jul 07 07:52:12 witherspoon kernel[957]: [    1.920000] Serial: 8250/16550 driver, 6 ports, IRQ sharing enabled
Jul 07 07:52:18 witherspoon systemd[1]: xyz.openbmc_project.Hwmon@ahb-apb-i2c\x401e78a000-i2c\x2dbus\x40100-dps310\x4076.service: Service hold-off time over, scheduling restart.
Jul 07 07:52:12 witherspoon kernel[957]: [    1.920000] 1e783000.serial: ttyS0 at MMIO 0x1e783000 (irq = 23, base_baud = 1500000) is a 16550A
Jul 07 07:52:18 witherspoon systemd[1]: Stopped Phosphor Hwmon Poller.
Jul 07 07:52:12 witherspoon kernel[957]: [    1.920000] 1e78d000.serial: ttyS1 at MMIO 0x1e78d000 (irq = 24, base_baud = 1500000) is a 16550A
Jul 07 07:52:18 witherspoon systemd[1]: Started Phosphor Hwmon Poller.
Jul 07 07:52:12 witherspoon kernel[957]: [    1.920000] 1e784000.serial: ttyS4 at MMIO 0x1e784000 (irq = 25, base_baud = 1500000) is a 16550A
Jul 07 07:52:18 witherspoon systemd[1]: xyz.openbmc_project.Hwmon@ahb-apb-i2c\x401e78a000-i2c\x2dbus\x40100-dps310\x4076.service: Main process exited, code=exited, status=255/n/a
Jul 07 07:52:12 witherspoon kernel[957]: [    2.310000] console [ttyS4] enabled
Jul 07 07:52:20 witherspoon phosphor-hwmon-readd[983]: Usage: /usr/sbin/phosphor-hwmon-readd [options]
Jul 07 07:52:20 witherspoon phosphor-hwmon-readd[983]: Options:
Jul 07 07:52:20 witherspoon phosphor-hwmon-readd[983]:     --help               print this menu
Jul 07 07:52:20 witherspoon phosphor-hwmon-readd[983]:     --path=<path>        sysfs location to monitor
Jul 07 07:52:20 witherspoon phosphor-hwmon-readd[983]:     --of-name=<path>     open firmware device name to monitor
Jul 07 07:52:20 witherspoon phosphor-hwmon-readd[983]: ERROR: Path not specified or invalid.
Jul 07 07:52:18 witherspoon systemd[1]: xyz.openbmc_project.Hwmon@ahb-apb-i2c\x401e78a000-i2c\x2dbus\x40100-dps310\x4076.service: Unit entered failed state.
Jul 07 07:52:12 witherspoon kernel[957]: [    2.310000] 1e787000.vuart: ttyS2 at MMIO 0x1e787000 (irq = 22, base_baud = 1500000) is a 16550A
Jul 07 07:52:18 witherspoon systemd[1]: xyz.openbmc_project.Hwmon@ahb-apb-i2c\x401e78a000-i2c\x2dbus\x40100-dps310\x4076.service: Failed with result 'exit-code'.
Jul 07 07:52:12 witherspoon kernel[957]: [    2.690000] timeriomem_rng 1e6e2078.hwrng: 32bits from 0xf00e2078 @ 1us
Jul 07 07:52:19 witherspoon systemd[1]: xyz.openbmc_project.Hwmon@ahb-apb-i2c\x401e78a000-i2c\x2dbus\x40100-dps310\x4076.service: Service hold-off time over, scheduling restart.
Jul 07 07:52:12 witherspoon kernel[957]: [    2.720000] random: fast init done
Jul 07 07:52:19 witherspoon systemd[1]: Stopped Phosphor Hwmon Poller.
Jul 07 07:52:12 witherspoon kernel[957]: [    2.740000] brd: module loaded
Jul 07 07:52:19 witherspoon systemd[1]: Started Phosphor Hwmon Poller.
Jul 07 07:52:12 witherspoon kernel[957]: [    2.760000] random: crng init done
Jul 07 07:52:19 witherspoon systemd[1]: xyz.openbmc_project.Hwmon@ahb-apb-i2c\x401e78a000-i2c\x2dbus\x40100-dps310\x4076.service: Main process exited, code=exited, status=255/n/a
Jul 07 07:52:12 witherspoon kernel[957]: [    2.770000] loop: module loaded
Jul 07 07:52:19 witherspoon systemd[1]: xyz.openbmc_project.Hwmon@ahb-apb-i2c\x401e78a000-i2c\x2dbus\x40100-dps310\x4076.service: Unit entered failed state.
Jul 07 07:52:12 witherspoon kernel[957]: [    2.770000] aspeed-lpc-ctrl 1e789080.lpc-ctrl: Loaded at 0x98000000 (0x04000000)
Jul 07 07:52:19 witherspoon systemd[1]: xyz.openbmc_project.Hwmon@ahb-apb-i2c\x401e78a000-i2c\x2dbus\x40100-dps310\x4076.service: Failed with result 'exit-code'.
Jul 07 07:52:12 witherspoon kernel[957]: [    2.780000] aspeed-smc 1e620000.flash-controller: Using IRQ 18
Jul 07 07:52:19 witherspoon systemd[1]: xyz.openbmc_project.Hwmon@ahb-apb-i2c\x401e78a000-i2c\x2dbus\x40100-dps310\x4076.service: Service hold-off time over, scheduling restart.
Jul 07 07:52:12 witherspoon kernel[957]: [    2.790000] aspeed-smc 1e620000.flash-controller: DMA support disabled.
Jul 07 07:52:19 witherspoon systemd[1]: Stopped Phosphor Hwmon Poller.
Jul 07 07:52:12 witherspoon kernel[957]: [    2.790000] aspeed-smc 1e620000.flash-controller: mx25l25635e (32768 Kbytes)
Jul 07 07:52:19 witherspoon systemd[1]: xyz.openbmc_project.Hwmon@ahb-apb-i2c\x401e78a000-i2c\x2dbus\x40100-dps310\x4076.service: Start request repeated too quickly.
Jul 07 07:52:12 witherspoon kernel[957]: [    2.790000] aspeed-smc 1e620000.flash-controller: CE0 window [ 0x20000000 - 0x22000000 ] 32MB
Jul 07 07:52:19 witherspoon systemd[1]: Failed to start Phosphor Hwmon Poller.
Jul 07 07:52:12 witherspoon kernel[957]: [    2.810000] aspeed-smc 1e620000.flash-controller: CE1 window [ 0x22000000 - 0x2a000000 ] 128MB
Jul 07 07:52:19 witherspoon systemd[1]: xyz.openbmc_project.Hwmon@ahb-apb-i2c\x401e78a000-i2c\x2dbus\x40100-dps310\x4076.service: Unit entered failed state.
Jul 07 07:52:12 witherspoon kernel[957]: [    2.820000] 5 ofpart partitions found on MTD device bmc
Jul 07 07:52:19 witherspoon systemd[1]: xyz.openbmc_project.Hwmon@ahb-apb-i2c\x401e78a000-i2c\x2dbus\x40100-dps310\x4076.service: Failed with result 'exit-code'.
Jul 07 07:52:12 witherspoon kernel[957]: [    2.840000] Creating 5 MTD partitions on "bmc":
Jul 07 07:52:20 witherspoon systemd[1]: Created slice system-dropbear.slice.
Jul 07 07:52:12 witherspoon kernel[957]: [    2.840000] 0x000000000000-0x000000060000 : "u-boot"
Jul 07 07:52:20 witherspoon systemd[1]: Started SSH Per-Connection Server (9.41.165.94:55556).
Jul 07 07:52:12 witherspoon kernel[957]: [    2.850000] 0x000000060000-0x000000080000 : "u-boot-env"
Jul 07 07:52:12 witherspoon kernel[957]: [    2.860000] 0x000000080000-0x0000004c0000 : "kernel"
Jul 07 07:52:12 witherspoon kernel[957]: [    2.870000] 0x0000004c0000-0x000001c00000 : "rofs"
Jul 07 07:52:12 witherspoon kernel[957]: [    2.880000] 0x000001c00000-0x000002000000 : "rwfs"
Jul 07 07:52:12 witherspoon kernel[957]: [    2.890000] aspeed-smc 1e620000.flash-controller: mx25l25635e (32768 Kbytes)
Jul 07 07:52:12 witherspoon kernel[957]: [    2.900000] aspeed-smc 1e620000.flash-controller: CE1 window [ 0x22000000 - 0x24000000 ] 32MB
Jul 07 07:52:12 witherspoon kernel[957]: [    2.900000] aspeed-smc 1e620000.flash-controller: CE2 window [ 0x24000000 - 0x2c000000 ] 128MB
Jul 07 07:52:12 witherspoon kernel[957]: [    2.920000] aspeed-smc 1e630000.flash-controller: mx66l1g45g (131072 Kbytes)
Jul 07 07:52:12 witherspoon kernel[957]: [    2.930000] aspeed-smc 1e630000.flash-controller: CE0 window resized to 120MB (AST2500 HW quirk)
Jul 07 07:52:12 witherspoon kernel[957]: [    2.930000] aspeed-smc 1e630000.flash-controller: CE0 window [ 0x30000000 - 0x37800000 ] 120MB
Jul 07 07:52:12 witherspoon kernel[957]: [    2.950000] aspeed-smc 1e630000.flash-controller: CE0 window too small for chip 128MB
Jul 07 07:52:12 witherspoon kernel[957]: [    2.960000] aspeed-smc 1e630000.flash-controller: CE1 window [ 0x37800000 - 0x38000000 ] 8MB
Jul 07 07:52:12 witherspoon kernel[957]: [    3.670000] libphy: Fixed MDIO Bus: probed
Jul 07 07:52:12 witherspoon kernel[957]: [    3.670000] ftgmac100 1e660000.ethernet: Read MAC address 70:e2:84:14:28:a9 from chip
Jul 07 07:52:12 witherspoon kernel[957]: [    3.670000] ftgmac100 1e660000.ethernet: Using NCSI interface
Jul 07 07:52:12 witherspoon kernel[957]: [    3.670000] ftgmac100 1e660000.ethernet eth0: irq 20, mapped at f0060000
Jul 07 07:52:12 witherspoon kernel[957]: [    3.670000] ehci_hcd: USB 2.0 'Enhanced' Host Controller (EHCI) Driver
Jul 07 07:52:12 witherspoon kernel[957]: [    3.780000] ehci-platform: EHCI generic platform driver
Jul 07 07:52:12 witherspoon kernel[957]: [    3.930000]  fsi0: can't read slave 00:00 -5
Jul 07 07:52:12 witherspoon kernel[957]: [    3.930000] i2c /dev entries driver
Jul 07 07:52:12 witherspoon kernel[957]: [    3.930000] aspeed-i2c-bus 1e78a0c0.i2c-bus: i2c bus 2 registered, irq 26
Jul 07 07:52:12 witherspoon kernel[957]: [    3.930000] aspeed-i2c-bus 1e78a100.i2c-bus: i2c bus 3 registered, irq 27
Jul 07 07:52:12 witherspoon kernel[957]: [    3.930000] aspeed-i2c-bus 1e78a140.i2c-bus: i2c bus 4 registered, irq 28
Jul 07 07:52:12 witherspoon kernel[957]: [    3.930000] aspeed-i2c-bus 1e78a180.i2c-bus: i2c bus 5 registered, irq 29
Jul 07 07:52:12 witherspoon kernel[957]: [    3.930000] aspeed-i2c-bus 1e78a380.i2c-bus: i2c bus 9 registered, irq 30
Jul 07 07:52:12 witherspoon kernel[957]: [    3.930000] aspeed-i2c-bus 1e78a3c0.i2c-bus: i2c bus 10 registered, irq 31
Jul 07 07:52:12 witherspoon kernel[957]: [    3.930000] rtc-rv8803 11-0032: Voltage low, temperature compensation stopped.
Jul 07 07:52:12 witherspoon kernel[957]: [    4.030000] rtc-rv8803 11-0032: rtc core: registered rx8900 as rtc0
Jul 07 07:52:12 witherspoon kernel[957]: [    4.040000] at24 11-0051: 8192 byte 24c64 EEPROM, writable, 1 bytes/write
Jul 07 07:52:12 witherspoon kernel[957]: [    4.040000] aspeed-i2c-bus 1e78a400.i2c-bus: i2c bus 11 registered, irq 32
Jul 07 07:52:12 witherspoon kernel[957]: [    4.040000] aspeed-i2c-bus 1e78a440.i2c-bus: i2c bus 12 registered, irq 33
Jul 07 07:52:12 witherspoon kernel[957]: [    4.040000] aspeed-i2c-bus 1e78a480.i2c-bus: i2c bus 13 registered, irq 34
Jul 07 07:52:12 witherspoon kernel[957]: [    4.040000] Driver for 1-wire Dallas network protocol.
Jul 07 07:52:12 witherspoon kernel[957]: [    4.040000] lm75 9-004a: hwmon0: sensor 'tmp275'
Jul 07 07:52:12 witherspoon kernel[957]: [    4.500000] ucd9000 11-0064: Device ID UCD90160|2.3.4.0000|110603
Jul 07 07:52:12 witherspoon kernel[957]: [    4.830000] leds-pca955x 11-0060: leds-pca955x: Using pca9552 16-bit LED driver at slave address 0x60
Jul 07 07:52:12 witherspoon kernel[957]: [    4.840000] leds-pca955x 11-0060: gpios 264...279
Jul 07 07:52:12 witherspoon kernel[957]: [    4.850000] usbcore: registered new interface driver usbhid
Jul 07 07:52:12 witherspoon kernel[957]: [    4.850000] usbhid: USB HID core driver
Jul 07 07:52:12 witherspoon kernel[957]: [    4.860000] bmp280: probe of 3-0077 failed with error -5
Jul 07 07:52:12 witherspoon kernel[957]: [    4.880000] dps310 3-0076: iio:device1: sensor 'dps310'
Jul 07 07:52:12 witherspoon kernel[957]: [    4.880000] NET: Registered protocol family 10
Jul 07 07:52:12 witherspoon kernel[957]: [    4.890000] Segment Routing with IPv6
Jul 07 07:52:12 witherspoon kernel[957]: [    4.890000] NET: Registered protocol family 17
Jul 07 07:52:12 witherspoon kernel[957]: [    4.890000] console [netcon0] enabled
Jul 07 07:52:12 witherspoon kernel[957]: [    4.910000] netconsole: network logging started
Jul 07 07:52:12 witherspoon kernel[957]: [    4.910000] input: gpio-keys as /devices/platform/gpio-keys/input/input0
Jul 07 07:52:12 witherspoon kernel[957]: [    4.930000] rtc-rv8803 11-0032: setting system clock to 2017-07-07 07:51:39 UTC (1499413899)
Jul 07 07:52:12 witherspoon kernel[957]: [    4.940000] Freeing unused kernel memory: 276K
Jul 07 07:52:12 witherspoon kernel[957]: [    4.940000] This architecture does not have kernel memory protection.
Jul 07 07:52:12 witherspoon kernel[957]: [    6.640000] jffs2: notice: (514) jffs2_build_xattr_subsystem: complete building xattr subsystem, 0 of xdatum (0 unchecked, 0 orphan) and 0 of xref (0 dead, 0 orphan) found.
Jul 07 07:52:12 witherspoon kernel[957]: [    8.710000] systemd[1]: Failed to insert module 'autofs4': No such file or directory
Jul 07 07:52:12 witherspoon kernel[957]: [    8.990000] systemd[1]: systemd 232 running in system mode. (+PAM -AUDIT -SELINUX -IMA -APPARMOR -SMACK +SYSVINIT -UTMP -LIBCRYPTSETUP -GCRYPT -GNUTLS +ACL +XZ -LZ4 -SECCOMP +BLKID -ELFUTILS +KMOD -IDN)
Jul 07 07:52:12 witherspoon kernel[957]: [    8.990000] systemd[1]: Detected architecture arm.
Jul 07 07:52:12 witherspoon kernel[957]: [    9.130000] systemd[1]: Set hostname to <witherspoon>.
Jul 07 07:52:12 witherspoon kernel[957]: [   10.570000] systemd[1]: Started Dispatch Password Requests to Console Directory Watch.
Jul 07 07:52:12 witherspoon kernel[957]: [   10.680000] systemd[1]: Listening on Journal Socket (/dev/log).
Jul 07 07:52:12 witherspoon kernel[957]: [   10.720000] systemd[1]: Listening on Syslog Socket.
Jul 07 07:52:12 witherspoon kernel[957]: [   10.760000] systemd[1]: Reached target Remote File Systems.
Jul 07 07:52:12 witherspoon kernel[957]: [   10.790000] systemd[1]: Listening on Journal Socket.
Jul 07 07:52:12 witherspoon kernel[957]: [   10.820000] systemd[1]: Listening on udev Kernel Socket.
Jul 07 07:52:12 witherspoon kernel[957]: [   10.860000] systemd[1]: Listening on Network Service Netlink Socket.
Jul 07 07:52:12 witherspoon kernel[957]: [   14.030000] systemd[1]: Created slice system-obmc\x2dconsole.slice.
Jul 07 07:52:12 witherspoon kernel[957]: [   14.240000] systemd[1]: Created slice system-phosphor\x2dreset\x2dhost\x2drunning.slice.
Jul 07 07:52:12 witherspoon kernel[957]: [   14.460000] systemd[1]: Created slice system-org.openbmc.control.Power.slice.
Jul 07 07:52:12 witherspoon kernel[957]: [   14.690000] systemd[1]: Created slice system-op\x2dreset\x2dchassis\x2don.slice.
Jul 07 07:52:12 witherspoon kernel[957]: [   14.920000] systemd[1]: Mounted Debug File System.
Jul 07 07:52:12 witherspoon kernel[957]: [   15.160000] systemd[1]: Mounted Temporary Directory.
Jul 07 07:52:12 witherspoon kernel[957]: [   15.160000] systemd[1]: Started Journal Service.
Jul 07 07:52:12 witherspoon kernel[957]: [   16.460000] systemd-journald[646]: Received request to flush runtime journal from PID 1
Jul 07 07:52:13 witherspoon kernel[957]: [   38.660000] ftgmac100 1e660000.ethernet eth0: NCSI interface up
Jul 07 07:52:24 witherspoon systemd-networkd[950]: eth0: Configured
Jul 07 07:52:14 witherspoon avahi-daemon[958]: Found user 'avahi' (UID 998) and group 'avahi' (GID 999).
Jul 07 07:52:24 witherspoon systemd-timesyncd[891]: Network configuration changed, trying to establish connection.
Jul 07 07:52:14 witherspoon avahi-daemon[958]: Successfully dropped root privileges.
Jul 07 07:52:14 witherspoon avahi-daemon[958]: avahi-daemon 0.6.32 starting up.
Jul 07 07:52:14 witherspoon avahi-daemon[958]: Successfully called chroot().
Jul 07 07:52:14 witherspoon avahi-daemon[958]: Successfully dropped remaining capabilities.
Jul 07 07:52:14 witherspoon avahi-daemon[958]: Loading service file /services/obmc_console.service.
Jul 07 07:52:15 witherspoon avahi-daemon[958]: Loading service file /services/phosphor_rest.service.
Jul 07 07:52:15 witherspoon avahi-daemon[958]: Loading service file /services/sftp-ssh.service.
Jul 07 07:52:15 witherspoon avahi-daemon[958]: Loading service file /services/sftp.service.
Jul 07 07:52:15 witherspoon avahi-daemon[958]: Loading service file /services/ssh.service.
Jul 07 07:52:15 witherspoon avahi-daemon[958]: Joining mDNS multicast group on interface eth0.IPv6 with address fe80::72e2:84ff:fe14:28a9.
Jul 07 07:52:15 witherspoon avahi-daemon[958]: New relevant interface eth0.IPv6 for mDNS.
Jul 07 07:52:15 witherspoon avahi-daemon[958]: Joining mDNS multicast group on interface eth0.IPv4 with address 9.3.21.61.
Jul 07 07:52:15 witherspoon avahi-daemon[958]: New relevant interface eth0.IPv4 for mDNS.
Jul 07 07:52:15 witherspoon avahi-daemon[958]: Network interface enumeration completed.
Jul 07 07:52:15 witherspoon avahi-daemon[958]: Registering new address record for fe80::72e2:84ff:fe14:28a9 on eth0.*.
Jul 07 07:52:15 witherspoon avahi-daemon[958]: Registering new address record for 9.3.21.61 on eth0.IPv4.
Jul 07 07:52:16 witherspoon avahi-daemon[958]: Server startup complete. Host name is witherspoon.local. Local service cookie is 3268708336.
Jul 07 07:52:17 witherspoon avahi-daemon[958]: Service "witherspoon" (/services/ssh.service) successfully established.
Jul 07 07:52:17 witherspoon avahi-daemon[958]: Service "sftp" (/services/sftp.service) successfully established.
Jul 07 07:52:17 witherspoon avahi-daemon[958]: Service "witherspoon" (/services/sftp-ssh.service) successfully established.
Jul 07 07:52:17 witherspoon avahi-daemon[958]: Service "phosphor_rest" (/services/phosphor_rest.service) successfully established.
Jul 07 07:52:17 witherspoon avahi-daemon[958]: Service "obmc_console" (/services/obmc_console.service) successfully established.
Jul 07 07:52:22 witherspoon dropbear[986]: Failed loading /etc/dropbear/dropbear_dss_host_key
Jul 07 07:52:22 witherspoon dropbear[986]: Failed loading /etc/dropbear/dropbear_ecdsa_host_key
Jul 07 07:52:22 witherspoon dropbear[986]: Child connection from ::ffff:9.41.165.94:55556
Jul 07 07:52:27 witherspoon dropbear[986]: PAM password auth succeeded for 'root' from ::ffff:9.41.165.94:55556
Jul 07 07:52:28 witherspoon dropbear[987]: lastlog_perform_login: Couldn't stat /var/log/lastlog: No such file or directory
Jul 07 07:52:28 witherspoon dropbear[987]: lastlog_openseek: /var/log/lastlog is not a file or directory!
Jul 07 07:52:29 witherspoon systemd[1]: Started Phosphor Download Manager.
Jul 07 07:52:29 witherspoon download_manager.py[941]: Running Download Manager
Jul 07 07:52:30 witherspoon chassis_control.py[942]: Running ChassisControlService
Jul 07 07:52:30 witherspoon sensor_manager2.py[931]: Setting boot count to 3
Jul 07 07:52:30 witherspoon sensor_manager2.py[931]: Deleting OCC device
Jul 07 07:52:29 witherspoon systemd[1]: Started Phosphor Chassis0 Control.
Jul 07 07:52:30 witherspoon sensor_manager2.py[931]: sh: /sys/class/i2c-adapter/i2c-3/3-0050/online: No such file or directory
Jul 07 07:52:30 witherspoon systemd[1]: Started Phosphor Sensor Manager.
Jul 07 07:52:30 witherspoon inventory_items.py[940]: Loading from cache: /var/cache/obmc/org.openbmc.inventory.system.chassis.motherboard.apss@org.openbmc.InventoryItem.props
Jul 07 07:52:30 witherspoon inventory_items.py[940]: Loading from cache: /var/cache/obmc/org.openbmc.inventory.system.chassis.motherboard@org.openbmc.InventoryItem.props
Jul 07 07:52:30 witherspoon inventory_items.py[940]: Loading from cache: /var/cache/obmc/org.openbmc.inventory.system.chassis.motherboard.refclock@org.openbmc.InventoryItem.props
Jul 07 07:52:30 witherspoon sensor_manager2.py[931]: Deleting OCC device
Jul 07 07:52:30 witherspoon sensor_manager2.py[931]: sh: /sys/class/i2c-adapter/i2c-3/3-0050/online: No such file or directory
Jul 07 07:52:30 witherspoon sensor_manager2.py[931]: Starting sensor manager
Jul 07 07:52:31 witherspoon phosphor-mapper[935]: ObjectMapper startup complete.  Discovery in progress...
Jul 07 07:52:31 witherspoon avahi-daemon[972]: ../../avahi-0.6.32/avahi-daemon/chroot.c: open() failed: No such file or directory
Jul 07 07:52:31 witherspoon avahi-daemon[958]: Failed to open /usr/share/dbus-1/interfaces/org.freedesktop.Avahi.Server.xml: Invalid argument
Jul 07 07:52:31 witherspoon avahi-daemon[958]: Failed to load introspection data.
Jul 07 07:52:33 witherspoon inventory_items.py[940]: Loading from cache: /var/cache/obmc/org.openbmc.inventory.system.chassis.motherboard.todclock@org.openbmc.InventoryItem.props
Jul 07 07:52:33 witherspoon inventory_items.py[940]: Loading from cache: /var/cache/obmc/org.openbmc.inventory.system.chassis.motherboard.bmc@org.openbmc.InventoryItem.props
Jul 07 07:52:33 witherspoon inventory_items.py[940]: Caching: /org/openbmc/inventory/system/chassis/motherboard/bmc
Jul 07 07:52:34 witherspoon systemd[1]: Started Phosphor Network Manager.
Jul 07 07:52:34 witherspoon netman.py[936]: Started
Jul 07 07:52:35 witherspoon inventory_items.py[940]: Loading from cache: /var/cache/obmc/org.openbmc.inventory.system.chassis.motherboard.pcieclock@org.openbmc.InventoryItem.props
Jul 07 07:52:35 witherspoon inventory_items.py[940]: Running Inventory Manager
Jul 07 07:52:35 witherspoon systemd[1]: Started Phosphor Inventory Manager.
Jul 07 07:52:37 witherspoon systemd[1]: Started Phosphor User Manager.
Jul 07 07:52:37 witherspoon obmc-phosphor-userd[953]: Started
Jul 07 07:52:48 witherspoon phosphor-mapper[935]: ObjectMapper discovery complete
Jul 07 07:52:48 witherspoon systemd[1]: Started Phosphor DBus Service Discovery Manager.
Jul 07 07:52:48 witherspoon systemd[1]: Reached target Phosphor Object Mapper.
Jul 07 07:52:48 witherspoon systemd[1]: Starting Wait for /org/openbmc/control/bmc0...
Jul 07 07:52:48 witherspoon systemd[1]: Starting Wait for /xyz/openbmc_project/led/groups...
Jul 07 07:52:48 witherspoon systemd[1]: Reached target Webserver (pre).
Jul 07 07:52:48 witherspoon systemd[1]: Started Phosphor Webserver.
Jul 07 07:52:48 witherspoon systemd[1]: Starting Wait for /org/openbmc/managers/Download...
Jul 07 07:52:48 witherspoon systemd[1]: Starting Phoshpor System Manager...
Jul 07 07:52:49 witherspoon systemd[1]: Starting Wait for /xyz/openbmc_project/state/chassis0...
Jul 07 07:52:49 witherspoon systemd[1]: Started Phosphor DBus Monitor.
Jul 07 07:52:49 witherspoon systemd[1]: Starting Wait for /org/openbmc/sensors...
Jul 07 07:52:49 witherspoon systemd[1]: Starting Wait for /org/openbmc/NetworkManager/Interface...
Jul 07 07:52:49 witherspoon systemd[1]: Starting Wait for /xyz/openbmc_project/led/groups/bmc_booted...
Jul 07 07:52:49 witherspoon systemd[1]: Starting Wait for /org/openbmc/managers/System...
Jul 07 07:52:49 witherspoon systemd[1]: Starting Wait for /xyz/openbmc_project/inventory...
Jul 07 07:52:49 witherspoon systemd[1]: Starting Wait for /xyz/openbmc_project/control/host0...
Jul 07 07:52:49 witherspoon systemd[1]: Starting Wait for /xyz/openbmc_project/state/host0...
Jul 07 07:52:49 witherspoon systemd[1]: Starting Wait for /org/openbmc/control/flash/bios...
Jul 07 07:52:49 witherspoon systemd[1]: Starting Wait for /org/openbmc/control/power0...
Jul 07 07:52:49 witherspoon systemd[1]: Starting Phosphor Settings Manager...
Jul 07 07:52:51 witherspoon systemd[1]: Started Wait for /org/openbmc/managers/Download.
Jul 07 07:52:51 witherspoon systemd[1]: Starting Phosphor BIOS Code Update...
Jul 07 07:52:51 witherspoon systemd[1]: Started Wait for /org/openbmc/NetworkManager/Interface.
Jul 07 07:52:51 witherspoon systemd[1]: Started Phosphor DNS Settings Cache Manager.
Jul 07 07:52:51 witherspoon systemd[1]: Started Wait for /xyz/openbmc_project/inventory.
Jul 07 07:52:51 witherspoon systemd[1]: Starting OpenPOWER OCC controller...
Jul 07 07:52:51 witherspoon systemd[1]: Started Phosphor Cooling Type.
Jul 07 07:52:51 witherspoon systemd[1]: Starting Read OpenPOWER-format VPD from EEPROM...
Jul 07 07:52:51 witherspoon systemd[1]: Started Wait for /org/openbmc/control/bmc0.
Jul 07 07:52:51 witherspoon systemd[1]: Started Wait for /xyz/openbmc_project/led/groups.
Jul 07 07:52:51 witherspoon systemd[1]: Started Wait for /org/openbmc/sensors.
Jul 07 07:52:52 witherspoon systemd[1]: Started Wait for /xyz/openbmc_project/led/groups/bmc_booted.
Jul 07 07:52:52 witherspoon systemd[1]: Starting Assert bmc_booted LED...
Jul 07 07:52:52 witherspoon systemd[1]: Started Phosphor Hwmon Poller.
Jul 07 07:52:52 witherspoon systemd[1]: Started FRU Fault monitor service.
Jul 07 07:52:52 witherspoon systemd[1]: Starting Phosphor BMC Code Update...
Jul 07 07:52:53 witherspoon systemd[1]: Started Assert bmc_booted LED.
Jul 07 07:52:54 witherspoon systemd[1]: Started Phosphor BIOS Code Update.
Jul 07 07:52:56 witherspoon systemd[1]: Started Wait for /org/openbmc/control/flash/bios.
Jul 07 07:52:56 witherspoon systemd[1]: Started Initialize BIOS Flash.
Jul 07 07:52:57 witherspoon systemd[1]: Started OpenPOWER OCC controller.
Jul 07 07:52:59 witherspoon systemd[1]: Started Read OpenPOWER-format VPD from EEPROM.
Jul 07 07:53:01 witherspoon flash_bios.exe[1012]: Starting flasher: bios,,/org/openbmc/control/flash/bios,
Jul 07 07:53:01 witherspoon flash_bios.exe[1012]: flasher: , BMC = 1, address = 0x0
Jul 07 07:53:01 witherspoon flash_bios.exe[1012]: Setting up flash
Jul 07 07:53:01 witherspoon flash_bios.exe[1012]: Starting flasher: bios,,/org/openbmc/control/flash/bios,
Jul 07 07:53:01 witherspoon flash_bios.exe[1012]: flasher: , BMC = 1, address = 0x0
Jul 07 07:53:01 witherspoon flash_bios.exe[1012]: Setting up flash
Jul 07 07:53:06 witherspoon system_manager.py[999]: Running System State: BASE_APPS
Jul 07 07:53:06 witherspoon system_manager.py[999]: SystemManager Init Done
Jul 07 07:53:06 witherspoon system_manager.py[999]: Running SystemManager
Jul 07 07:53:06 witherspoon systemd[1]: Started Phoshpor System Manager.
Jul 07 07:53:06 witherspoon system_manager.py[999]: SystemManager Goto System State: BMC_STARTING
Jul 07 07:53:06 witherspoon system_manager.py[999]: Running System State: BMC_STARTING
Jul 07 07:53:06 witherspoon settings_manager.py[1011]: Running HostSettingsService
Jul 07 07:53:06 witherspoon systemd[1]: Started Phosphor Settings Manager.
Jul 07 07:53:06 witherspoon systemd[1]: Starting Wait for /org/openbmc/settings/host0...
Jul 07 07:53:08 witherspoon hwmon.py[1027]: Starting HWMON sensors
Jul 07 07:53:08 witherspoon systemd[1]: Started Wait for /org/openbmc/settings/host0.
Jul 07 07:53:08 witherspoon systemd[1]: Started Phosphor Inband IPMI.
Jul 07 07:53:08 witherspoon systemd[1]: Started Wait for /org/openbmc/managers/System.
Jul 07 07:53:08 witherspoon systemd[1]: Starting Phosphor BMC State Manager...
Jul 07 07:53:08 witherspoon systemd[1]: Starting Phosphor Reset Button0...
Jul 07 07:53:08 witherspoon systemd[1]: Starting Phosphor Power Button0...
Jul 07 07:53:08 witherspoon systemd[1]: Starting Phosphor Host State Manager...
Jul 07 07:53:08 witherspoon systemd[1]: Starting Phosphor Chassis State Manager...
Jul 07 07:53:09 witherspoon systemd[1]: Starting Phosphor Power0 Control...
Jul 07 07:53:10 witherspoon phosphor-chassis-state-manager[1056]: Initial Chassis State will be Off
Jul 07 07:53:10 witherspoon systemd[1]: Started Phosphor Chassis State Manager.
Jul 07 07:53:10 witherspoon phosphor-host-state-manager[1055]: Initial Host State will be Off
Jul 07 07:53:10 witherspoon systemd[1]: Started Phosphor Host State Manager.
Jul 07 07:53:10 witherspoon system_manager.py[999]: New object: /org/openbmc/control/power0 (:1.64)
Jul 07 07:53:10 witherspoon button_reset.exe[1053]: GPIO Lookup:  RESET_BUTTON = 353,both
Jul 07 07:53:10 witherspoon systemd[1]: Started Phosphor Reset Button0.
Jul 07 07:53:10 witherspoon systemd[1]: Started Phosphor BMC Code Update.
Jul 07 07:53:10 witherspoon bmc_update.py[1029]: Running Bmc Flash Control
Jul 07 07:53:11 witherspoon system_manager.py[999]: Power GPIO config: ['SYS_PWROK_BUFF', '', [('SOFTWARE_PGOOD', True), ('BMC_POWER_UP', True)], [('BMC_CP0_RESET_N', False)], [], 'FSI_DATA', 'FSI_CLK', 'FSI_ENABLE', 'CRONUS_SEL', []]
Jul 07 07:53:11 witherspoon power_control.exe[1057]: Power GPIO latch output:
Jul 07 07:53:11 witherspoon power_control.exe[1057]: Power GPIO power good input: SYS_PWROK_BUFF
Jul 07 07:53:11 witherspoon power_control.exe[1057]: Power GPIO 2 power_up outputs
Jul 07 07:53:11 witherspoon power_control.exe[1057]: Power GPIO power_up[0] = SOFTWARE_PGOOD active HIGH
Jul 07 07:53:11 witherspoon power_control.exe[1057]: Power GPIO power_up[1] = BMC_POWER_UP active HIGH
Jul 07 07:53:11 witherspoon power_control.exe[1057]: Power GPIO 1 reset outputs
Jul 07 07:53:11 witherspoon power_control.exe[1057]: Power GPIO reset[0] = BMC_CP0_RESET_N active LOW
Jul 07 07:53:11 witherspoon power_control.exe[1057]: Power GPIO 0 pci reset outputs
Jul 07 07:53:11 witherspoon power_control.exe[1057]: FSI DATA GPIO: FSI_DATA
Jul 07 07:53:11 witherspoon power_control.exe[1057]: FSI CLK GPIO: FSI_CLK
Jul 07 07:53:11 witherspoon power_control.exe[1057]: FSI ENABLE GPIO: FSI_ENABLE
Jul 07 07:53:11 witherspoon power_control.exe[1057]: CRONUS SEL GPIO: CRONUS_SEL
Jul 07 07:53:11 witherspoon power_control.exe[1057]: Hostctl GPIO optionals: 0
Jul 07 07:53:11 witherspoon phosphor-bmc-state-manager[1052]: Setting the BMCState field
Jul 07 07:53:11 witherspoon phosphor-bmc-state-manager[1052]: Setting the BMCState field
Jul 07 07:53:11 witherspoon button_power.exe[1054]: GPIO Lookup:  POWER_BUTTON = 347,both
Jul 07 07:53:11 witherspoon systemd[1]: Started Phosphor BMC State Manager.
Jul 07 07:53:11 witherspoon systemd[1]: Started Phosphor Power Button0.
Jul 07 07:53:12 witherspoon power_control.exe[1057]: GPIO Lookup:  SYS_PWROK_BUFF = 306,in
Jul 07 07:53:12 witherspoon power_control.exe[1057]: GPIO Lookup:  SOFTWARE_PGOOD = 417,out
Jul 07 07:53:12 witherspoon power_control.exe[1057]: GPIO Lookup:  BMC_POWER_UP = 305,out
Jul 07 07:53:12 witherspoon power_control.exe[1057]: GPIO Lookup:  BMC_CP0_RESET_N = 281,out
Jul 07 07:53:12 witherspoon power_control.exe[1057]: Pgood state: 0
Jul 07 07:53:12 witherspoon systemd[1]: Started Phosphor Power0 Control.
Jul 07 07:53:18 witherspoon systemd[1]: Started Wait for /xyz/openbmc_project/state/chassis0.
Jul 07 07:53:19 witherspoon systemd[1]: Started Wait for /xyz/openbmc_project/control/host0.
Jul 07 07:53:19 witherspoon systemd[1]: Started Wait for /xyz/openbmc_project/state/host0.
Jul 07 07:53:19 witherspoon systemd[1]: Starting Reboot If Enabled...
Jul 07 07:53:19 witherspoon system_manager.py[999]: SystemManager Goto System State: BMC_READY
Jul 07 07:53:19 witherspoon system_manager.py[999]: Running System State: BMC_READY
Jul 07 07:53:19 witherspoon systemd[1]: Started Wait for /org/openbmc/control/power0.
Jul 07 07:53:19 witherspoon systemd[1]: Starting Phosphor Time Manager daemon...
Jul 07 07:53:19 witherspoon systemd[1]: Starting Check Chassis0 pgood and create a file to indicate it...
Jul 07 07:53:20 witherspoon phosphor-discover-system-state[1082]: Host power is off, checking power policy
Jul 07 07:53:20 witherspoon systemd[1]: Started Reboot If Enabled.
Jul 07 07:53:20 witherspoon timemanager[1084]: Registering dbus methods
Jul 07 07:53:20 witherspoon timemanager[1084]: Last known time_mode: MANUAL
Jul 07 07:53:20 witherspoon timemanager[1084]: Last known time_owner: BMC
Jul 07 07:53:20 witherspoon systemd[1]: Started Check Chassis0 pgood and create a file to indicate it.
Jul 07 07:53:20 witherspoon systemd[1]: Reached target Chassis0 power on after reset.
Jul 07 07:53:20 witherspoon systemd[1]: Reached target Chassis0 (Reset Check).
Jul 07 07:53:21 witherspoon timemanager[1084]: Empty DhcpNtp string
Jul 07 07:53:21 witherspoon timemanager[1084]: Reading Power Control key: pgood
Jul 07 07:53:21 witherspoon timemanager[1084]: Changing settings *allowed* now
Jul 07 07:53:21 witherspoon timemanager[1084]: Getting System Settings: time_mode
Jul 07 07:53:21 witherspoon timemanager[1084]: Requested_Mode: MANUAL Current_Mode: MANUAL
Jul 07 07:53:21 witherspoon timemanager[1084]: Mode is already set to : MANUAL
Jul 07 07:53:21 witherspoon timemanager[1084]: Getting System Settings: time_owner
Jul 07 07:53:21 witherspoon timemanager[1084]: Owner is already set to : BMC
Jul 07 07:53:21 witherspoon timemanager[1084]: Getting System Settings: use_dhcp_ntp
Jul 07 07:53:21 witherspoon systemd[1]: Reached target Host0 running after reset.
Jul 07 07:53:21 witherspoon systemd[1]: Reached target Host0 (Reset Check).
Jul 07 07:53:21 witherspoon timemanager[1084]: use_dhcp_ntp = yes
Jul 07 07:53:21 witherspoon timemanager[1084]: Last known host_offset:0
Jul 07 07:53:21 witherspoon timemanager[1084]: Initial Uptime Usec: 1499413894569905
Jul 07 07:53:21 witherspoon systemd[1]: Started Phosphor Time Manager daemon.
Jul 07 07:53:21 witherspoon systemd[1]: Reached target Phosphor System - Standby.
Jul 07 07:53:21 witherspoon phosphor-bmc-state-manager[1052]: BMC_READY
Jul 07 07:53:21 witherspoon phosphor-bmc-state-manager[1052]: Setting the BMCState field
Jul 07 07:53:21 witherspoon systemd[1]: Startup finished in 8.649s (kernel) + 1min 38.297s (userspace) = 1min 46.946s.
Jul 07 07:53:28 witherspoon phosphor-gevent[997]: Traceback (most recent call last):
Jul 07 07:53:28 witherspoon phosphor-gevent[997]:   File "/usr/lib/python2.7/site-packages/gevent/greenlet.py", line 327, in run
Jul 07 07:53:28 witherspoon phosphor-gevent[997]:     result = self._run(*self.args, **self.kwargs)
Jul 07 07:53:28 witherspoon phosphor-gevent[997]:   File "/usr/lib/python2.7/site-packages/gevent/server.py", line 102, in wrap_socket_and_handle
Jul 07 07:53:28 witherspoon phosphor-gevent[997]:     ssl_socket = self.wrap_socket(client_socket, **self.ssl_args)
Jul 07 07:53:28 witherspoon phosphor-gevent[997]:   File "/usr/lib/python2.7/site-packages/gevent/ssl.py", line 404, in wrap_socket
Jul 07 07:53:28 witherspoon phosphor-gevent[997]:     ciphers=ciphers)
Jul 07 07:53:28 witherspoon phosphor-gevent[997]:   File "/usr/lib/python2.7/site-packages/gevent/ssl.py", line 113, in __init__
Jul 07 07:53:28 witherspoon phosphor-gevent[997]:     self.do_handshake()
Jul 07 07:53:28 witherspoon phosphor-gevent[997]:   File "/usr/lib/python2.7/site-packages/gevent/ssl.py", line 324, in do_handshake
Jul 07 07:53:28 witherspoon phosphor-gevent[997]:     return self._sslobj.do_handshake()
Jul 07 07:53:28 witherspoon phosphor-gevent[997]: SSLEOFError: EOF occurred in violation of protocol (_ssl.c:590)
Jul 07 07:53:28 witherspoon phosphor-gevent[997]: <Greenlet at 0x76086300: <bound method WSGIServer.wrap_socket_and_handle of <WSGIServer at 0x760618b0 fileno=5 address=('::3422:f776:b0fd:6c76%1986854304', 443, 0, 1986854304)>>(<socket at 0x75f352d0 fileno=9>, ('::6009:6b76:8e91:f402%1995836188', 56596, 0, 199)> failed with SSLEOFError
Jul 07 07:53:29 witherspoon phosphor-gevent[997]: Traceback (most recent call last):
Jul 07 07:53:29 witherspoon phosphor-gevent[997]:   File "/usr/lib/python2.7/site-packages/gevent/greenlet.py", line 327, in run
Jul 07 07:53:29 witherspoon phosphor-gevent[997]:     result = self._run(*self.args, **self.kwargs)
Jul 07 07:53:29 witherspoon phosphor-gevent[997]:   File "/usr/lib/python2.7/site-packages/gevent/server.py", line 102, in wrap_socket_and_handle
Jul 07 07:53:29 witherspoon phosphor-gevent[997]:     ssl_socket = self.wrap_socket(client_socket, **self.ssl_args)
Jul 07 07:53:29 witherspoon phosphor-gevent[997]:   File "/usr/lib/python2.7/site-packages/gevent/ssl.py", line 404, in wrap_socket
Jul 07 07:53:29 witherspoon phosphor-gevent[997]:     ciphers=ciphers)
Jul 07 07:53:29 witherspoon phosphor-gevent[997]:   File "/usr/lib/python2.7/site-packages/gevent/ssl.py", line 113, in __init__
Jul 07 07:53:29 witherspoon phosphor-gevent[997]:     self.do_handshake()
Jul 07 07:53:29 witherspoon phosphor-gevent[997]:   File "/usr/lib/python2.7/site-packages/gevent/ssl.py", line 324, in do_handshake
Jul 07 07:53:29 witherspoon phosphor-gevent[997]:     return self._sslobj.do_handshake()
Jul 07 07:53:29 witherspoon phosphor-gevent[997]: SSLEOFError: EOF occurred in violation of protocol (_ssl.c:590)
Jul 07 07:53:29 witherspoon phosphor-gevent[997]: <Greenlet at 0x760865d0: <bound method WSGIServer.wrap_socket_and_handle of <WSGIServer at 0x760618b0 fileno=5 address=('::3422:f776:b0fd:6c76%1986854304', 443, 0, 1986854304)>>(<socket at 0x75f35270 fileno=10>, ('::6009:6b76:8e91:f402%1995836188', 56668, 0, 199)> failed with SSLEOFError
Jul 07 07:53:29 witherspoon phosphor-gevent[997]: Traceback (most recent call last):
Jul 07 07:53:29 witherspoon phosphor-gevent[997]:   File "/usr/lib/python2.7/site-packages/gevent/greenlet.py", line 327, in run
Jul 07 07:53:29 witherspoon phosphor-gevent[997]:     result = self._run(*self.args, **self.kwargs)
Jul 07 07:53:29 witherspoon phosphor-gevent[997]:   File "/usr/lib/python2.7/site-packages/gevent/server.py", line 102, in wrap_socket_and_handle
Jul 07 07:53:29 witherspoon phosphor-gevent[997]:     ssl_socket = self.wrap_socket(client_socket, **self.ssl_args)
Jul 07 07:53:29 witherspoon phosphor-gevent[997]:   File "/usr/lib/python2.7/site-packages/gevent/ssl.py", line 404, in wrap_socket
Jul 07 07:53:29 witherspoon phosphor-gevent[997]:     ciphers=ciphers)
Jul 07 07:53:29 witherspoon phosphor-gevent[997]:   File "/usr/lib/python2.7/site-packages/gevent/ssl.py", line 113, in __init__
Jul 07 07:53:29 witherspoon phosphor-gevent[997]:     self.do_handshake()
Jul 07 07:53:29 witherspoon phosphor-gevent[997]:   File "/usr/lib/python2.7/site-packages/gevent/ssl.py", line 324, in do_handshake
Jul 07 07:53:29 witherspoon phosphor-gevent[997]:     return self._sslobj.do_handshake()
Jul 07 07:53:29 witherspoon phosphor-gevent[997]: SSLEOFError: EOF occurred in violation of protocol (_ssl.c:590)
Jul 07 07:53:29 witherspoon phosphor-gevent[997]: <Greenlet at 0x760862b0: <bound method WSGIServer.wrap_socket_and_handle of <WSGIServer at 0x760618b0 fileno=5 address=('::3422:f776:b0fd:6c76%1986854304', 443, 0, 1986854304)>>(<socket at 0x75f35310 fileno=11>, ('::6009:6b76:8e91:f402%1995836188', 56702, 0, 199)> failed with SSLEOFError
Jul 07 07:53:41 witherspoon phosphor-gevent[997]: ::6009:6b76:8e91:f402%1995836188 - - [2017-07-07 07:53:41] "POST /login HTTP/1.1" 200 320 0.045266
Jul 07 07:53:41 witherspoon phosphor-gevent[997]: ::6009:6b76:8e91:f402%1995836188 - - [2017-07-07 07:53:41] "GET /xyz/openbmc_project/state/chassis0//attr/CurrentPowerState HTTP/1.1" 200 216 0.058857
Jul 07 07:53:42 witherspoon phosphor-gevent[997]: ::6009:6b76:8e91:f402%1995836188 - - [2017-07-07 07:53:42] "POST /login HTTP/1.1" 200 320 0.033246
Jul 07 07:53:42 witherspoon phosphor-gevent[997]: ::6009:6b76:8e91:f402%1995836188 - - [2017-07-07 07:53:42] "GET /xyz/openbmc_project/state/chassis0//attr/CurrentPowerState HTTP/1.1" 200 216 0.049181
Jul 07 07:53:42 witherspoon phosphor-gevent[997]: ::6009:6b76:8e91:f402%1995836188 - - [2017-07-07 07:53:42] "POST /login HTTP/1.1" 200 320 0.075873
Jul 07 07:53:42 witherspoon phosphor-gevent[997]: ::6009:6b76:8e91:f402%1995836188 - - [2017-07-07 07:53:42] "GET /org/openbmc/sensors/host/BootProgress/attr/value HTTP/1.1" 200 170 0.080445
Jul 07 07:53:42 witherspoon phosphor-gevent[997]: ::6009:6b76:8e91:f402%1995836188 - - [2017-07-07 07:53:42] "POST /login HTTP/1.1" 200 320 0.064011
Jul 07 07:53:42 witherspoon phosphor-gevent[997]: ::6009:6b76:8e91:f402%1995836188 - - [2017-07-07 07:53:42] "GET /xyz/openbmc_project/state/host0//attr/CurrentHostState HTTP/1.1" 200 212 0.049680
Jul 07 07:53:42 witherspoon phosphor-gevent[997]: ::6009:6b76:8e91:f402%1995836188 - - [2017-07-07 07:53:42] "POST /login HTTP/1.1" 200 320 0.035329
Jul 07 07:53:42 witherspoon phosphor-gevent[997]: ::6009:6b76:8e91:f402%1995836188 - - [2017-07-07 07:53:42] "GET /xyz/openbmc_project/logging/entry/list HTTP/1.1" 404 311 0.040532
Jul 07 07:53:43 witherspoon dropbear[986]: Exit (root): Error writing: Connection reset by peer
Jul 07 07:53:43 witherspoon dropbear[1102]: Failed loading /etc/dropbear/dropbear_dss_host_key
Jul 07 07:53:43 witherspoon dropbear[1102]: Failed loading /etc/dropbear/dropbear_ecdsa_host_key
Jul 07 07:53:43 witherspoon systemd[1]: Started SSH Per-Connection Server (9.41.165.94:55714).
Jul 07 07:53:43 witherspoon dropbear[1102]: Child connection from ::ffff:9.41.165.94:55714
Jul 07 07:53:43 witherspoon dropbear[1102]: PAM password auth succeeded for 'root' from ::ffff:9.41.165.94:55714
Jul 07 07:53:43 witherspoon dropbear[1103]: lastlog_perform_login: Couldn't stat /var/log/lastlog: No such file or directory
Jul 07 07:53:43 witherspoon dropbear[1103]: lastlog_openseek: /var/log/lastlog is not a file or directory!
Jul 07 07:53:45 witherspoon phosphor-gevent[997]: ::6009:6b76:8e91:f402%1995836188 - - [2017-07-07 07:53:45] "POST /login HTTP/1.1" 200 320 0.032534
Jul 07 07:53:45 witherspoon phosphor-gevent[997]: ::6009:6b76:8e91:f402%1995836188 - - [2017-07-07 07:53:45] "GET /xyz/openbmc_project/state/host0//attr/CurrentHostState HTTP/1.1" 200 212 0.049564
Jul 07 07:53:45 witherspoon dropbear[1102]: Exit (root): Exited normally
Jul 07 07:53:48 witherspoon systemd[1]: Started SSH Per-Connection Server (9.41.165.94:55724).
Jul 07 07:53:48 witherspoon dropbear[1112]: Failed loading /etc/dropbear/dropbear_dss_host_key
Jul 07 07:53:48 witherspoon dropbear[1112]: Failed loading /etc/dropbear/dropbear_ecdsa_host_key
Jul 07 07:53:48 witherspoon dropbear[1112]: Child connection from ::ffff:9.41.165.94:55724
Jul 07 07:53:48 witherspoon dropbear[1112]: PAM password auth succeeded for 'root' from ::ffff:9.41.165.94:55724
Jul 07 07:53:48 witherspoon dropbear[1113]: lastlog_perform_login: Couldn't stat /var/log/lastlog: No such file or directory
Jul 07 07:53:48 witherspoon dropbear[1113]: lastlog_openseek: /var/log/lastlog is not a file or directory!
Jul 07 07:53:50 witherspoon phosphor-gevent[997]: ::6009:6b76:8e91:f402%1995836188 - - [2017-07-07 07:53:50] "POST /login HTTP/1.1" 200 320 0.055761
Jul 07 07:53:50 witherspoon phosphor-gevent[997]: ::6009:6b76:8e91:f402%1995836188 - - [2017-07-07 07:53:50] "PUT /org/openbmc/settings/host0/attr/power_policy HTTP/1.1" 200 169 0.253840
Jul 07 07:53:50 witherspoon phosphor-gevent[997]: ::6009:6b76:8e91:f402%1995836188 - - [2017-07-07 07:53:50] "POST /login HTTP/1.1" 200 320 0.032610
Jul 07 07:53:50 witherspoon phosphor-gevent[997]: ::6009:6b76:8e91:f402%1995836188 - - [2017-07-07 07:53:50] "GET /org/openbmc/settings/host0/attr/power_policy HTTP/1.1" 200 185 0.069326
Jul 07 07:53:51 witherspoon systemd[1]: Started SSH Per-Connection Server (9.41.165.94:55736).
Jul 07 07:53:51 witherspoon dropbear[1119]: Failed loading /etc/dropbear/dropbear_dss_host_key
Jul 07 07:53:51 witherspoon dropbear[1119]: Failed loading /etc/dropbear/dropbear_ecdsa_host_key
Jul 07 07:53:51 witherspoon dropbear[1119]: Child connection from ::ffff:9.41.165.94:55736
Jul 07 07:53:51 witherspoon dropbear[1119]: PAM password auth succeeded for 'root' from ::ffff:9.41.165.94:55736
Jul 07 07:53:51 witherspoon dropbear[1120]: lastlog_perform_login: Couldn't stat /var/log/lastlog: No such file or directory
Jul 07 07:53:51 witherspoon dropbear[1120]: lastlog_openseek: /var/log/lastlog is not a file or directory!
Jul 07 07:53:52 witherspoon phosphor-gevent[997]: ::6009:6b76:8e91:f402%1995836188 - - [2017-07-07 07:53:52] "POST /login HTTP/1.1" 200 320 0.032683
Jul 07 07:53:53 witherspoon phosphor-gevent[997]: ::6009:6b76:8e91:f402%1995836188 - - [2017-07-07 07:53:52] "GET /xyz/openbmc_project/state/chassis0//attr/CurrentPowerState HTTP/1.1" 200 216 0.058703
Jul 07 07:53:53 witherspoon phosphor-gevent[997]: ::6009:6b76:8e91:f402%1995836188 - - [2017-07-07 07:53:53] "POST /login HTTP/1.1" 200 320 0.032518
Jul 07 07:53:53 witherspoon phosphor-gevent[997]: ::6009:6b76:8e91:f402%1995836188 - - [2017-07-07 07:53:53] "GET /xyz/openbmc_project/state/bmc0//attr/CurrentBMCState HTTP/1.1" 200 212 0.063537
Jul 07 07:53:53 witherspoon phosphor-gevent[997]: ::6009:6b76:8e91:f402%1995836188 - - [2017-07-07 07:53:53] "POST /login HTTP/1.1" 200 320 0.055501
Jul 07 07:53:53 witherspoon phosphor-gevent[997]: ::6009:6b76:8e91:f402%1995836188 - - [2017-07-07 07:53:53] "GET /org/openbmc/sensors/host/BootProgress/attr/value HTTP/1.1" 200 170 0.051986
Jul 07 07:53:53 witherspoon phosphor-gevent[997]: ::6009:6b76:8e91:f402%1995836188 - - [2017-07-07 07:53:53] "POST /login HTTP/1.1" 200 320 0.048863
Jul 07 07:53:53 witherspoon phosphor-gevent[997]: ::6009:6b76:8e91:f402%1995836188 - - [2017-07-07 07:53:53] "GET /xyz/openbmc_project/state/host0//attr/CurrentHostState HTTP/1.1" 200 212 0.085952
Jul 07 07:53:54 witherspoon phosphor-gevent[997]: ::6009:6b76:8e91:f402%1995836188 - - [2017-07-07 07:53:54] "POST /login HTTP/1.1" 200 320 0.033233
Jul 07 07:53:54 witherspoon phosphor-gevent[997]: ::6009:6b76:8e91:f402%1995836188 - - [2017-07-07 07:53:54] "GET /xyz/openbmc_project/logging/entry/list HTTP/1.1" 404 311 0.030719
Jul 07 07:53:54 witherspoon systemd[1]: Started SSH Per-Connection Server (9.41.165.94:55766).
Jul 07 07:53:54 witherspoon dropbear[1123]: Failed loading /etc/dropbear/dropbear_dss_host_key
Jul 07 07:53:54 witherspoon dropbear[1123]: Failed loading /etc/dropbear/dropbear_ecdsa_host_key
Jul 07 07:53:54 witherspoon dropbear[1123]: Child connection from ::ffff:9.41.165.94:55766
Jul 07 07:53:55 witherspoon dropbear[1123]: PAM password auth succeeded for 'root' from ::ffff:9.41.165.94:55766
Jul 07 07:54:26 witherspoon phosphor-gevent[997]: ::6009:6b76:8e91:f402%1995836188 - - [2017-07-07 07:54:26] "POST /login HTTP/1.1" 200 320 0.032425
Jul 07 07:54:26 witherspoon phosphor-gevent[997]: ::6009:6b76:8e91:f402%1995836188 - - [2017-07-07 07:54:26] "POST /org/openbmc/control/flash/bios//action/update HTTP/1.1" 200 169 0.220202
Jul 07 07:54:26 witherspoon flash_bios.exe[1012]: Starting flasher: bios,/tmp/witherspoon_20170628n.pnor,/org/openbmc/control/flash/bios,
Jul 07 07:54:26 witherspoon flash_bios.exe[1012]: flasher: /tmp/witherspoon_20170628n.pnor, BMC = 1, address = 0x0
Jul 07 07:54:26 witherspoon flash_bios.exe[1012]: Setting up flash
Jul 07 07:54:27 witherspoon phosphor-gevent[997]: ::6009:6b76:8e91:f402%1995836188 - - [2017-07-07 07:54:27] "POST /login HTTP/1.1" 200 320 0.032324
Jul 07 07:54:27 witherspoon phosphor-gevent[997]: ::6009:6b76:8e91:f402%1995836188 - - [2017-07-07 07:54:27] "GET /org/openbmc/control/flash/bios HTTP/1.1" 200 396 0.151889
Jul 07 07:54:27 witherspoon phosphor-gevent[997]: ::6009:6b76:8e91:f402%1995836188 - - [2017-07-07 07:54:27] "POST /login HTTP/1.1" 200 320 0.102867
Jul 07 07:54:28 witherspoon phosphor-gevent[997]: ::6009:6b76:8e91:f402%1995836188 - - [2017-07-07 07:54:28] "GET /org/openbmc/control/flash/bios HTTP/1.1" 200 396 0.142066
Jul 07 07:54:38 witherspoon phosphor-gevent[997]: ::6009:6b76:8e91:f402%1995836188 - - [2017-07-07 07:54:38] "POST /login HTTP/1.1" 200 320 0.049166
Jul 07 07:54:38 witherspoon phosphor-gevent[997]: ::6009:6b76:8e91:f402%1995836188 - - [2017-07-07 07:54:38] "GET /org/openbmc/control/flash/bios HTTP/1.1" 200 396 0.067625
Jul 07 07:54:49 witherspoon phosphor-gevent[997]: ::6009:6b76:8e91:f402%1995836188 - - [2017-07-07 07:54:49] "POST /login HTTP/1.1" 200 320 0.132673
Jul 07 07:54:49 witherspoon phosphor-gevent[997]: ::6009:6b76:8e91:f402%1995836188 - - [2017-07-07 07:54:49] "GET /org/openbmc/control/flash/bios HTTP/1.1" 200 396 0.130438
Jul 07 07:55:00 witherspoon phosphor-gevent[997]: ::6009:6b76:8e91:f402%1995836188 - - [2017-07-07 07:55:00] "POST /login HTTP/1.1" 200 320 0.118866
Jul 07 07:55:00 witherspoon phosphor-gevent[997]: ::6009:6b76:8e91:f402%1995836188 - - [2017-07-07 07:55:00] "GET /org/openbmc/control/flash/bios HTTP/1.1" 200 396 0.164341
Jul 07 07:55:10 witherspoon phosphor-gevent[997]: ::6009:6b76:8e91:f402%1995836188 - - [2017-07-07 07:55:10] "POST /login HTTP/1.1" 200 320 0.133243
Jul 07 07:55:10 witherspoon phosphor-gevent[997]: ::6009:6b76:8e91:f402%1995836188 - - [2017-07-07 07:55:10] "GET /org/openbmc/control/flash/bios HTTP/1.1" 200 396 0.068154
Jul 07 07:55:20 witherspoon phosphor-gevent[997]: ::6009:6b76:8e91:f402%1995836188 - - [2017-07-07 07:55:20] "POST /login HTTP/1.1" 200 320 0.033009
Jul 07 07:55:21 witherspoon phosphor-gevent[997]: ::6009:6b76:8e91:f402%1995836188 - - [2017-07-07 07:55:21] "GET /org/openbmc/control/flash/bios HTTP/1.1" 200 396 0.067422
Jul 07 07:55:31 witherspoon phosphor-gevent[997]: ::6009:6b76:8e91:f402%1995836188 - - [2017-07-07 07:55:31] "POST /login HTTP/1.1" 200 320 0.032496
Jul 07 07:55:31 witherspoon phosphor-gevent[997]: ::6009:6b76:8e91:f402%1995836188 - - [2017-07-07 07:55:31] "GET /org/openbmc/control/flash/bios HTTP/1.1" 200 396 0.076461
Jul 07 07:55:42 witherspoon phosphor-gevent[997]: ::6009:6b76:8e91:f402%1995836188 - - [2017-07-07 07:55:42] "POST /login HTTP/1.1" 200 320 0.038547
Jul 07 07:55:42 witherspoon phosphor-gevent[997]: ::6009:6b76:8e91:f402%1995836188 - - [2017-07-07 07:55:42] "GET /org/openbmc/control/flash/bios HTTP/1.1" 200 396 0.069060
Jul 07 07:55:52 witherspoon phosphor-gevent[997]: ::6009:6b76:8e91:f402%1995836188 - - [2017-07-07 07:55:52] "POST /login HTTP/1.1" 200 320 0.032609
Jul 07 07:55:52 witherspoon phosphor-gevent[997]: ::6009:6b76:8e91:f402%1995836188 - - [2017-07-07 07:55:52] "GET /org/openbmc/control/flash/bios HTTP/1.1" 200 396 0.072480
Jul 07 07:56:03 witherspoon phosphor-gevent[997]: ::6009:6b76:8e91:f402%1995836188 - - [2017-07-07 07:56:03] "POST /login HTTP/1.1" 200 320 0.032226
Jul 07 07:56:03 witherspoon phosphor-gevent[997]: ::6009:6b76:8e91:f402%1995836188 - - [2017-07-07 07:56:03] "GET /org/openbmc/control/flash/bios HTTP/1.1" 200 396 0.068317
Jul 07 07:56:13 witherspoon phosphor-gevent[997]: ::6009:6b76:8e91:f402%1995836188 - - [2017-07-07 07:56:13] "POST /login HTTP/1.1" 200 320 0.032439
Jul 07 07:56:14 witherspoon phosphor-gevent[997]: ::6009:6b76:8e91:f402%1995836188 - - [2017-07-07 07:56:14] "GET /org/openbmc/control/flash/bios HTTP/1.1" 200 396 0.107767
Jul 07 07:56:24 witherspoon phosphor-gevent[997]: ::6009:6b76:8e91:f402%1995836188 - - [2017-07-07 07:56:24] "POST /login HTTP/1.1" 200 320 0.032862
Jul 07 07:56:24 witherspoon phosphor-gevent[997]: ::6009:6b76:8e91:f402%1995836188 - - [2017-07-07 07:56:24] "GET /org/openbmc/control/flash/bios HTTP/1.1" 200 400 0.068165
Jul 07 07:56:35 witherspoon phosphor-gevent[997]: ::6009:6b76:8e91:f402%1995836188 - - [2017-07-07 07:56:35] "POST /login HTTP/1.1" 200 320 0.038943
Jul 07 07:56:35 witherspoon phosphor-gevent[997]: ::6009:6b76:8e91:f402%1995836188 - - [2017-07-07 07:56:35] "GET /org/openbmc/control/flash/bios HTTP/1.1" 200 401 0.067624
Jul 07 07:56:45 witherspoon phosphor-gevent[997]: ::6009:6b76:8e91:f402%1995836188 - - [2017-07-07 07:56:45] "POST /login HTTP/1.1" 200 320 0.032826
Jul 07 07:56:45 witherspoon phosphor-gevent[997]: ::6009:6b76:8e91:f402%1995836188 - - [2017-07-07 07:56:45] "GET /org/openbmc/control/flash/bios HTTP/1.1" 200 401 0.070823
Jul 07 07:56:55 witherspoon phosphor-gevent[997]: ::6009:6b76:8e91:f402%1995836188 - - [2017-07-07 07:56:55] "POST /login HTTP/1.1" 200 320 0.032854
Jul 07 07:56:55 witherspoon phosphor-gevent[997]: ::6009:6b76:8e91:f402%1995836188 - - [2017-07-07 07:56:55] "GET /org/openbmc/control/flash/bios HTTP/1.1" 200 401 0.072122
Jul 07 07:57:05 witherspoon phosphor-gevent[997]: ::6009:6b76:8e91:f402%1995836188 - - [2017-07-07 07:57:05] "POST /login HTTP/1.1" 200 320 0.032809
Jul 07 07:57:06 witherspoon phosphor-gevent[997]: ::6009:6b76:8e91:f402%1995836188 - - [2017-07-07 07:57:06] "GET /org/openbmc/control/flash/bios HTTP/1.1" 200 401 0.068089
Jul 07 07:57:16 witherspoon phosphor-gevent[997]: ::6009:6b76:8e91:f402%1995836188 - - [2017-07-07 07:57:16] "POST /login HTTP/1.1" 200 320 0.032752
Jul 07 07:57:16 witherspoon phosphor-gevent[997]: ::6009:6b76:8e91:f402%1995836188 - - [2017-07-07 07:57:16] "GET /org/openbmc/control/flash/bios HTTP/1.1" 200 401 0.068296
Jul 07 07:57:22 witherspoon flash_bios.exe[1012]: Erasing... (may take a while !) done !
Jul 07 07:57:22 witherspoon flash_bios.exe[1012]: About to program "/tmp/witherspoon_20170628n.pnor" at 0x00000000..0x04000000 !
Jul 07 07:57:22 witherspoon flash_bios.exe[1012]: Programming & Verifying...
Jul 07 07:57:22 witherspoon flash_bios.exe[1012]: Flash done
Jul 07 07:57:26 witherspoon phosphor-gevent[997]: ::6009:6b76:8e91:f402%1995836188 - - [2017-07-07 07:57:26] "POST /login HTTP/1.1" 200 320 0.039095
Jul 07 07:57:26 witherspoon phosphor-gevent[997]: ::6009:6b76:8e91:f402%1995836188 - - [2017-07-07 07:57:26] "GET /org/openbmc/control/flash/bios HTTP/1.1" 200 398 0.068253
Jul 07 07:57:26 witherspoon systemd[1]: Started SSH Per-Connection Server (9.41.165.94:56104).
Jul 07 07:57:26 witherspoon dropbear[1129]: Failed loading /etc/dropbear/dropbear_dss_host_key
Jul 07 07:57:26 witherspoon dropbear[1129]: Failed loading /etc/dropbear/dropbear_ecdsa_host_key
Jul 07 07:57:26 witherspoon dropbear[1129]: Child connection from ::ffff:9.41.165.94:56104
Jul 07 07:57:27 witherspoon dropbear[1129]: PAM password auth succeeded for 'root' from ::ffff:9.41.165.94:56104
Jul 07 07:57:27 witherspoon dropbear[1130]: lastlog_perform_login: Couldn't stat /var/log/lastlog: No such file or directory
Jul 07 07:57:27 witherspoon dropbear[1130]: lastlog_openseek: /var/log/lastlog is not a file or directory!
Jul 07 07:57:28 witherspoon phosphor-gevent[997]: ::6009:6b76:8e91:f402%1995836188 - - [2017-07-07 07:57:28] "POST /login HTTP/1.1" 200 320 0.032823
Jul 07 07:57:28 witherspoon phosphor-gevent[997]: ::6009:6b76:8e91:f402%1995836188 - - [2017-07-07 07:57:28] "GET /xyz/openbmc_project/state/host0//attr/CurrentHostState HTTP/1.1" 200 212 0.065220
Jul 07 07:57:29 witherspoon systemd[1]: Created slice system-obmc\x2dconsole\x2dssh.slice.
Jul 07 07:57:29 witherspoon systemd[1]: Started Phosphor Host Console SSH Per-Connection (9.41.165.94:44658).
Jul 07 07:57:29 witherspoon dropbear[1134]: Failed loading /etc/dropbear/dropbear_dss_host_key
Jul 07 07:57:29 witherspoon dropbear[1134]: Failed loading /etc/dropbear/dropbear_ecdsa_host_key
Jul 07 07:57:29 witherspoon dropbear[1134]: Child connection from ::ffff:9.41.165.94:44658
Jul 07 07:57:29 witherspoon phosphor-gevent[997]: ::6009:6b76:8e91:f402%1995836188 - - [2017-07-07 07:57:29] "POST /login HTTP/1.1" 200 320 0.044595
Jul 07 07:57:29 witherspoon phosphor-gevent[997]: ::6009:6b76:8e91:f402%1995836188 - - [2017-07-07 07:57:29] "PUT /org/openbmc/settings/host0/attr/power_policy HTTP/1.1" 200 169 0.263435
Jul 07 07:57:29 witherspoon dropbear[1134]: PAM password auth succeeded for 'root' from ::ffff:9.41.165.94:44658
Jul 07 07:57:30 witherspoon dropbear[1135]: lastlog_perform_login: Couldn't stat /var/log/lastlog: No such file or directory
Jul 07 07:57:30 witherspoon dropbear[1135]: lastlog_openseek: /var/log/lastlog is not a file or directory!
Jul 07 07:57:30 witherspoon phosphor-gevent[997]: ::6009:6b76:8e91:f402%1995836188 - - [2017-07-07 07:57:30] "POST /login HTTP/1.1" 200 320 0.034579
Jul 07 07:57:30 witherspoon phosphor-gevent[997]: ::6009:6b76:8e91:f402%1995836188 - - [2017-07-07 07:57:30] "GET /org/openbmc/settings/host0/attr/power_policy HTTP/1.1" 200 185 0.069930
Jul 07 07:57:30 witherspoon systemd[1]: Started SSH Per-Connection Server (9.41.165.94:56114).
Jul 07 07:57:30 witherspoon dropbear[1136]: Failed loading /etc/dropbear/dropbear_dss_host_key
Jul 07 07:57:30 witherspoon dropbear[1136]: Failed loading /etc/dropbear/dropbear_ecdsa_host_key
Jul 07 07:57:30 witherspoon dropbear[1136]: Child connection from ::ffff:9.41.165.94:56114
Jul 07 07:57:31 witherspoon dropbear[1136]: PAM password auth succeeded for 'root' from ::ffff:9.41.165.94:56114
Jul 07 07:57:31 witherspoon dropbear[1137]: lastlog_perform_login: Couldn't stat /var/log/lastlog: No such file or directory
Jul 07 07:57:31 witherspoon dropbear[1137]: lastlog_openseek: /var/log/lastlog is not a file or directory!
Jul 07 07:57:32 witherspoon phosphor-gevent[997]: ::6009:6b76:8e91:f402%1995836188 - - [2017-07-07 07:57:32] "POST /login HTTP/1.1" 200 320 0.044430
Jul 07 07:57:32 witherspoon phosphor-gevent[997]: ::6009:6b76:8e91:f402%1995836188 - - [2017-07-07 07:57:32] "GET /xyz/openbmc_project/state/chassis0//attr/CurrentPowerState HTTP/1.1" 200 216 0.067691
Jul 07 07:57:32 witherspoon phosphor-gevent[997]: ::6009:6b76:8e91:f402%1995836188 - - [2017-07-07 07:57:32] "POST /login HTTP/1.1" 200 320 0.065266
Jul 07 07:57:32 witherspoon phosphor-gevent[997]: ::6009:6b76:8e91:f402%1995836188 - - [2017-07-07 07:57:32] "GET /xyz/openbmc_project/state/bmc0//attr/CurrentBMCState HTTP/1.1" 200 212 0.078713
Jul 07 07:57:33 witherspoon phosphor-gevent[997]: ::6009:6b76:8e91:f402%1995836188 - - [2017-07-07 07:57:33] "POST /login HTTP/1.1" 200 320 0.033013
Jul 07 07:57:33 witherspoon phosphor-gevent[997]: ::6009:6b76:8e91:f402%1995836188 - - [2017-07-07 07:57:33] "GET /org/openbmc/sensors/host/BootProgress/attr/value HTTP/1.1" 200 170 0.054102
Jul 07 07:57:33 witherspoon phosphor-gevent[997]: ::6009:6b76:8e91:f402%1995836188 - - [2017-07-07 07:57:33] "POST /login HTTP/1.1" 200 320 0.032895
Jul 07 07:57:33 witherspoon phosphor-gevent[997]: ::6009:6b76:8e91:f402%1995836188 - - [2017-07-07 07:57:33] "GET /xyz/openbmc_project/state/host0//attr/CurrentHostState HTTP/1.1" 200 212 0.049418
Jul 07 07:57:33 witherspoon phosphor-gevent[997]: ::6009:6b76:8e91:f402%1995836188 - - [2017-07-07 07:57:33] "POST /login HTTP/1.1" 200 320 0.045957
Jul 07 07:57:33 witherspoon phosphor-host-state-manager[1055]: Host State transaction request
Jul 07 07:57:33 witherspoon systemd[1]: Starting Wait for /xyz/openbmc_project/watchdog/host0...
Jul 07 07:57:33 witherspoon systemd[1]: Created slice system-avsbus\x2ddisable.slice.
Jul 07 07:57:33 witherspoon systemd[1]: Created slice system-op\x2dpower\x2dstart.slice.
Jul 07 07:57:34 witherspoon systemd[1]: Created slice system-phosphor\x2dfan\x2dpresence\x2dtach.slice.
Jul 07 07:57:34 witherspoon phosphor-gevent[997]: ::6009:6b76:8e91:f402%1995836188 - - [2017-07-07 07:57:34] "PUT /xyz/openbmc_project/state/host0//attr/RequestedHostTransition HTTP/1.1" 200 169 0.377980
Jul 07 07:57:34 witherspoon systemd[1]: Created slice system-start_host.slice.
Jul 07 07:57:34 witherspoon systemd[1]: Created slice system-vrm\x2dcontrol.slice.
Jul 07 07:57:34 witherspoon systemd[1]: Starting Wait for /org/openbmc/control/chassis0...
Jul 07 07:57:34 witherspoon systemd[1]: Created slice system-pcie\x2dslot\x2ddetect.slice.
Jul 07 07:57:34 witherspoon systemd[1]: Created slice system-fsi\x2dscan.slice.
Jul 07 07:57:34 witherspoon systemd[1]: Created slice system-ir35221\x2don\x2dbind.slice.
Jul 07 07:57:34 witherspoon systemd[1]: Created slice system-vcs_off.slice.
Jul 07 07:57:34 witherspoon systemd[1]: Created slice system-ir35221\x2don\x2dunbind.slice.
Jul 07 07:57:34 witherspoon systemd[1]: Created slice system-phosphor\x2dgpio\x2dmonitor.slice.
Jul 07 07:57:34 witherspoon systemd[1]: Started Phosphor GPIO checkstop monitor.
Jul 07 07:57:34 witherspoon systemd[1]: Reached target Start Host checkstop monitor.
Jul 07 07:57:34 witherspoon systemd[1]: Created slice system-vcs_workaround.slice.
Jul 07 07:57:34 witherspoon systemd[1]: Starting Wait for /xyz/openbmc_project/led/groups/power_on...
Jul 07 07:57:34 witherspoon systemd[1]: Created slice system-obmc\x2denable\x2dhost\x2dwatchdog.slice.
Jul 07 07:57:34 witherspoon systemd[1]: Created slice system-vcs_on.slice.
Jul 07 07:57:35 witherspoon phosphor-gevent[997]: ::6009:6b76:8e91:f402%1995836188 - - [2017-07-07 07:57:35] "POST /login HTTP/1.1" 200 320 0.033213
Jul 07 07:57:34 witherspoon systemd[1]: Created slice system-cfam_override.slice.
Jul 07 07:57:34 witherspoon systemd[1]: Starting power on mode unbind ir35221 device driver devs...
Jul 07 07:57:34 witherspoon systemd[1]: Created slice system-phosphor\x2dfan\x2dcontrol\x2dinit.slice.
Jul 07 07:57:34 witherspoon systemd[1]: Created slice system-phosphor\x2dwatchdog.slice.
Jul 07 07:57:34 witherspoon systemd[1]: Started Phosphor poweron watchdog.
Jul 07 07:57:34 witherspoon systemd[1]: Starting Witherspoon Fan Watchdog Reset...
Jul 07 07:57:34 witherspoon systemd[1]: Created slice system-avsbus\x2dworkaround.slice.
Jul 07 07:57:34 witherspoon systemd[1]: Created slice system-avsbus\x2denable.slice.
Jul 07 07:57:34 witherspoon systemd[1]: Created slice system-op\x2dwait\x2dpower\x2don.slice.
Jul 07 07:57:35 witherspoon systemd[1]: Starting Wait for Power0 to turn on...
Jul 07 07:57:35 witherspoon systemd[1]: Created slice system-mapper\x2dsubtree\x2dremove.slice.
Jul 07 07:57:35 witherspoon systemd[1]: Starting mapper subtree-remove /xyz/openbmc_project/software:xyz.openbmc_project.Software.ActivationBlocksTransition...
Jul 07 07:57:35 witherspoon systemd[1]: Created slice system-fsi\x2dbind.slice.
Jul 07 07:57:35 witherspoon systemd[1]: Created slice system-ucd_disable_vcs.slice.
Jul 07 07:57:35 witherspoon systemd[1]: Starting Disable UCD VCS rails...
Jul 07 07:57:36 witherspoon systemd[1]: Started Wait for /org/openbmc/control/chassis0.
Jul 07 07:57:36 witherspoon systemd[1]: Started Wait for /xyz/openbmc_project/led/groups/power_on.
Jul 07 07:57:36 witherspoon systemd[1]: Started power on mode unbind ir35221 device driver devs.
Jul 07 07:57:36 witherspoon systemd[1]: Started Witherspoon Fan Watchdog Reset.
Jul 07 07:57:36 witherspoon kernel: ucd9000 11-0064: Device ID UCD90160|2.3.4.0000|110603
Jul 07 07:57:36 witherspoon kernel[957]: [  361.930000] ucd9000 11-0064: Device ID UCD90160|2.3.4.0000|110603
Jul 07 07:57:36 witherspoon systemd[1]: xyz.openbmc_project.Hwmon@ahb-apb-i2c\x401e78a000-i2c\x2dbus\x40140-ir35221\x4070.service: Unit not needed anymore. Stopping.
Jul 07 07:57:36 witherspoon systemd[1]: xyz.openbmc_project.Hwmon@ahb-apb-i2c\x401e78a000-i2c\x2dbus\x40180-ir35221\x4070.service: Service hold-off time over, scheduling restart.
Jul 07 07:57:36 witherspoon systemd[1]: xyz.openbmc_project.Hwmon@ahb-apb-i2c\x401e78a000-i2c\x2dbus\x40140-ir35221\x4071.service: Service hold-off time over, scheduling restart.
Jul 07 07:57:36 witherspoon systemd[1]: xyz.openbmc_project.Hwmon@ahb-apb-i2c\x401e78a000-i2c\x2dbus\x40140-ir35221\x4070.service: Service hold-off time over, scheduling restart.
Jul 07 07:57:36 witherspoon systemd[1]: xyz.openbmc_project.Hwmon@ahb-apb-i2c\x401e78a000-i2c\x2dbus\x40140-ir35221\x4070.service: Stop job pending for unit, delaying automatic restart.
Jul 07 07:57:36 witherspoon systemd[1]: xyz.openbmc_project.Hwmon@ahb-apb-i2c\x401e78a000-i2c\x2dbus\x40180-ir35221\x4071.service: Service hold-off time over, scheduling restart.
Jul 07 07:57:36 witherspoon systemd[1]: xyz.openbmc_project.Hwmon@ahb-apb-i2c\x401e78a000-i2c\x2dbus\x40180-ir35221\x4071.service: Unit not needed anymore. Stopping.
Jul 07 07:57:36 witherspoon systemd[1]: Requested transaction contradicts existing jobs: Transaction is destructive.
Jul 07 07:57:36 witherspoon systemd[1]: xyz.openbmc_project.Hwmon@ahb-apb-i2c\x401e78a000-i2c\x2dbus\x40180-ir35221\x4071.service: Failed to enqueue stop job, ignoring: Transaction is destructive.
Jul 07 07:57:36 witherspoon systemd[1]: xyz.openbmc_project.Hwmon@ahb-apb-i2c\x401e78a000-i2c\x2dbus\x40180-ir35221\x4070.service: Unit not needed anymore. Stopping.
Jul 07 07:57:36 witherspoon systemd[1]: Requested transaction contradicts existing jobs: Transaction is destructive.
Jul 07 07:57:36 witherspoon systemd[1]: xyz.openbmc_project.Hwmon@ahb-apb-i2c\x401e78a000-i2c\x2dbus\x40180-ir35221\x4070.service: Failed to enqueue stop job, ignoring: Transaction is destructive.
Jul 07 07:57:36 witherspoon systemd[1]: xyz.openbmc_project.Hwmon@ahb-apb-i2c\x401e78a000-i2c\x2dbus\x40140-ir35221\x4071.service: Unit not needed anymore. Stopping.
Jul 07 07:57:36 witherspoon systemd[1]: Requested transaction contradicts existing jobs: Transaction is destructive.
