-- Logs begin at Mon 2017-07-31 22:00:12 UTC, end at Mon 2017-07-31 22:25:36 UTC. --
Jul 31 22:00:12 witherspoon kernel: Booting Linux on physical CPU 0x0
Jul 31 22:00:12 witherspoon kernel: Linux version 4.10.17-44f0dc8ac43162c4f7082884d6cd79400341bf5b (jenkins@openbmc-builder1) (gcc version 6.2.0 (GCC) ) #1 Mon Jul 31 21:30:01 UTC 2017
Jul 31 22:00:12 witherspoon kernel: CPU: ARMv6-compatible processor [410fb767] revision 7 (ARMv7), cr=00c5387d
Jul 31 22:00:12 witherspoon kernel: CPU: PIPT / VIPT nonaliasing data cache, VIPT nonaliasing instruction cache
Jul 31 22:00:12 witherspoon kernel: OF: fdt:Machine model: Witherspoon BMC
Jul 31 22:00:12 witherspoon kernel: Memory policy: Data cache writeback
Jul 31 22:00:12 witherspoon kernel: SOC Rev: 04030303
Jul 31 22:00:12 witherspoon kernel: On node 0 totalpages: 110592
Jul 31 22:00:12 witherspoon kernel: free_area_init_node: node 0, pgdat 805ff5e4, node_mem_map 9ec1a000
Jul 31 22:00:12 witherspoon kernel:   Normal zone: 992 pages used for memmap
Jul 31 22:00:12 witherspoon kernel:   Normal zone: 0 pages reserved
Jul 31 22:00:12 witherspoon kernel:   Normal zone: 110592 pages, LIFO batch:31
Jul 31 22:00:12 witherspoon kernel: pcpu-alloc: s0 r0 d32768 u32768 alloc=1*32768
Jul 31 22:00:12 witherspoon kernel: pcpu-alloc: [0] 0 
Jul 31 22:00:12 witherspoon kernel: Built 1 zonelists in Zone order, mobility grouping on.  Total pages: 109600
Jul 31 22:00:12 witherspoon kernel: Kernel command line: console=ttyS4,115200n8 root=/dev/ram rw
Jul 31 22:00:12 witherspoon kernel: PID hash table entries: 2048 (order: 1, 8192 bytes)
Jul 31 22:00:12 witherspoon kernel: Dentry cache hash table entries: 65536 (order: 6, 262144 bytes)
Jul 31 22:00:12 witherspoon kernel: Inode-cache hash table entries: 32768 (order: 5, 131072 bytes)
Jul 31 22:00:12 witherspoon kernel: Memory: 430436K/442368K available (4065K kernel code, 280K rwdata, 1192K rodata, 284K init, 111K bss, 11932K reserved, 0K cma-reserved)
Jul 31 22:00:12 witherspoon kernel: Virtual kernel memory layout:
                                        vector  : 0xffff0000 - 0xffff1000   (   4 kB)
                                        fixmap  : 0xffc00000 - 0xfff00000   (3072 kB)
                                        vmalloc : 0x9f800000 - 0xff800000   (1536 MB)
                                        lowmem  : 0x80000000 - 0x9f000000   ( 496 MB)
                                          .text : 0x80008000 - 0x804007a0   (4066 kB)
                                          .init : 0x80585000 - 0x805cc000   ( 284 kB)
                                          .data : 0x805cc000 - 0x80612358   ( 281 kB)
                                           .bss : 0x80612358 - 0x8062e1f8   ( 112 kB)
Jul 31 22:00:12 witherspoon kernel: NR_IRQS:16 nr_irqs:16 16
Jul 31 22:00:12 witherspoon kernel: i2c controller registered, irq 16
Jul 31 22:00:12 witherspoon kernel: clocksource: moxart_timer: mask: 0xffffffff max_cycles: 0xffffffff, max_idle_ns: 77222644334 ns
Jul 31 22:00:12 witherspoon kernel: sched_clock: 32 bits at 100 Hz, resolution 10000000ns, wraps every 21474836475000000ns
Jul 31 22:00:12 witherspoon kernel: Calibrating delay loop... 789.70 BogoMIPS (lpj=3948544)
Jul 31 22:00:12 witherspoon kernel: pid_max: default: 32768 minimum: 301
Jul 31 22:00:12 witherspoon kernel: Mount-cache hash table entries: 1024 (order: 0, 4096 bytes)
Jul 31 22:00:12 witherspoon kernel: Mountpoint-cache hash table entries: 1024 (order: 0, 4096 bytes)
Jul 31 22:00:12 witherspoon kernel: CPU: Testing write buffer coherency: ok
Jul 31 22:00:12 witherspoon kernel: ftrace: allocating 14932 entries in 44 pages
Jul 31 22:00:12 witherspoon kernel: Setting up static identity map for 0x80008200 - 0x8000825c
Jul 31 22:00:12 witherspoon kernel: devtmpfs: initialized
Jul 31 22:00:12 witherspoon kernel: clocksource: jiffies: mask: 0xffffffff max_cycles: 0xffffffff, max_idle_ns: 19112604462750000 ns
Jul 31 22:00:12 witherspoon kernel: futex hash table entries: 256 (order: -1, 3072 bytes)
Jul 31 22:00:12 witherspoon kernel: pinctrl core: initialized pinctrl subsystem
Jul 31 22:00:12 witherspoon kernel: NET: Registered protocol family 16
Jul 31 22:00:12 witherspoon kernel: DMA: preallocated 256 KiB pool for atomic coherent allocations
Jul 31 22:00:12 witherspoon kernel: usbcore: registered new interface driver usbfs
Jul 31 22:00:12 witherspoon kernel: usbcore: registered new interface driver hub
Jul 31 22:00:12 witherspoon kernel: usbcore: registered new device driver usb
Jul 31 22:00:12 witherspoon kernel: clocksource: Switched to clocksource moxart_timer
Jul 31 22:00:12 witherspoon kernel: NET: Registered protocol family 2
Jul 31 22:00:12 witherspoon kernel: TCP established hash table entries: 4096 (order: 2, 16384 bytes)
Jul 31 22:00:12 witherspoon kernel: TCP bind hash table entries: 4096 (order: 2, 16384 bytes)
Jul 31 22:00:12 witherspoon kernel: TCP: Hash tables configured (established 4096 bind 4096)
Jul 31 22:00:12 witherspoon kernel: UDP hash table entries: 256 (order: 0, 4096 bytes)
Jul 31 22:00:12 witherspoon kernel: UDP-Lite hash table entries: 256 (order: 0, 4096 bytes)
Jul 31 22:00:12 witherspoon kernel: NET: Registered protocol family 1
Jul 31 22:00:12 witherspoon kernel: Trying to unpack rootfs image as initramfs...
Jul 31 22:00:12 witherspoon kernel: Freeing initrd memory: 1548K
Jul 31 22:00:12 witherspoon kernel: workingset: timestamp_bits=30 max_order=17 bucket_order=0
Jul 31 22:00:12 witherspoon kernel: squashfs: version 4.0 (2009/01/31) Phillip Lougher
Jul 31 22:00:12 witherspoon kernel: jffs2: version 2.2. (SUMMARY)  © 2001-2006 Red Hat, Inc.
Jul 31 22:00:12 witherspoon kernel: Block layer SCSI generic (bsg) driver version 0.4 loaded (major 250)
Jul 31 22:00:12 witherspoon kernel: io scheduler noop registered
Jul 31 22:00:12 witherspoon kernel: io scheduler deadline registered
Jul 31 22:00:12 witherspoon kernel: io scheduler cfq registered (default)
Jul 31 22:00:12 witherspoon kernel: ipmi-bt-host 1e789140.ibt: Found bt bmc device
Jul 31 22:00:12 witherspoon kernel: ipmi-bt-host 1e789140.ibt: Using IRQ 22
Jul 31 22:00:12 witherspoon kernel: Serial: 8250/16550 driver, 6 ports, IRQ sharing enabled
Jul 31 22:00:12 witherspoon kernel: 1e783000.serial: ttyS0 at MMIO 0x1e783000 (irq = 23, base_baud = 1500000) is a 16550A
Jul 31 22:00:12 witherspoon kernel: 1e78d000.serial: ttyS1 at MMIO 0x1e78d000 (irq = 24, base_baud = 1500000) is a 16550A
Jul 31 22:00:12 witherspoon kernel: 1e784000.serial: ttyS4 at MMIO 0x1e784000 (irq = 25, base_baud = 1500000) is a 16550A
Jul 31 22:00:12 witherspoon kernel: console [ttyS4] enabled
Jul 31 22:00:12 witherspoon kernel: 1e787000.vuart: ttyS2 at MMIO 0x1e787000 (irq = 22, base_baud = 1500000) is a 16550A
Jul 31 22:00:12 witherspoon kernel: timeriomem_rng 1e6e2078.hwrng: 32bits from 0xf00e2078 @ 1us
Jul 31 22:00:12 witherspoon kernel: random: fast init done
Jul 31 22:00:12 witherspoon kernel: brd: module loaded
Jul 31 22:00:12 witherspoon kernel: random: crng init done
Jul 31 22:00:12 witherspoon kernel: loop: module loaded
Jul 31 22:00:12 witherspoon kernel: aspeed-lpc-ctrl 1e789080.lpc-ctrl: Loaded at 0x98000000 (0x04000000)
Jul 31 22:00:12 witherspoon kernel: aspeed-smc 1e620000.flash-controller: Using IRQ 18
Jul 31 22:00:12 witherspoon kernel: aspeed-smc 1e620000.flash-controller: DMA support disabled.
Jul 31 22:00:12 witherspoon kernel: aspeed-smc 1e620000.flash-controller: mx25l25635e (32768 Kbytes)
Jul 31 22:00:12 witherspoon kernel: aspeed-smc 1e620000.flash-controller: CE0 window [ 0x20000000 - 0x22000000 ] 32MB
Jul 31 22:00:12 witherspoon kernel: aspeed-smc 1e620000.flash-controller: CE1 window [ 0x22000000 - 0x2a000000 ] 128MB
Jul 31 22:00:12 witherspoon kernel: 5 ofpart partitions found on MTD device bmc
Jul 31 22:00:12 witherspoon kernel: Creating 5 MTD partitions on "bmc":
Jul 31 22:00:12 witherspoon kernel: 0x000000000000-0x000000060000 : "u-boot"
Jul 31 22:00:12 witherspoon kernel: 0x000000060000-0x000000080000 : "u-boot-env"
Jul 31 22:00:12 witherspoon kernel: 0x000000080000-0x0000004c0000 : "kernel"
Jul 31 22:00:12 witherspoon kernel: 0x0000004c0000-0x000001c00000 : "rofs"
Jul 31 22:00:12 witherspoon kernel: 0x000001c00000-0x000002000000 : "rwfs"
Jul 31 22:00:12 witherspoon kernel: aspeed-smc 1e620000.flash-controller: mx25l25635e (32768 Kbytes)
Jul 31 22:00:12 witherspoon kernel: aspeed-smc 1e620000.flash-controller: CE1 window [ 0x22000000 - 0x24000000 ] 32MB
Jul 31 22:00:12 witherspoon kernel: aspeed-smc 1e620000.flash-controller: CE2 window [ 0x24000000 - 0x2c000000 ] 128MB
Jul 31 22:00:12 witherspoon kernel: aspeed-smc 1e630000.flash-controller: mx66l1g45g (131072 Kbytes)
Jul 31 22:00:12 witherspoon kernel: aspeed-smc 1e630000.flash-controller: CE0 window resized to 120MB (AST2500 HW quirk)
Jul 31 22:00:12 witherspoon kernel: aspeed-smc 1e630000.flash-controller: CE0 window [ 0x30000000 - 0x37800000 ] 120MB
Jul 31 22:00:12 witherspoon kernel: aspeed-smc 1e630000.flash-controller: CE0 window too small for chip 128MB
Jul 31 22:00:12 witherspoon kernel: aspeed-smc 1e630000.flash-controller: CE1 window [ 0x37800000 - 0x38000000 ] 8MB
Jul 31 22:00:12 witherspoon kernel: libphy: Fixed MDIO Bus: probed
Jul 31 22:00:12 witherspoon kernel: ftgmac100 1e660000.ethernet: Read MAC address 70:e2:84:14:23:e1 from chip
Jul 31 22:00:12 witherspoon kernel: ftgmac100 1e660000.ethernet: Using NCSI interface
Jul 31 22:00:12 witherspoon kernel: ftgmac100 1e660000.ethernet eth0: irq 20, mapped at f0060000
Jul 31 22:00:12 witherspoon kernel: ehci_hcd: USB 2.0 'Enhanced' Host Controller (EHCI) Driver
Jul 31 22:00:12 witherspoon kernel: ehci-platform: EHCI generic platform driver
Jul 31 22:00:12 witherspoon kernel:  fsi0: can't read slave 00:00 -5
Jul 31 22:00:12 witherspoon kernel: i2c /dev entries driver
Jul 31 22:00:12 witherspoon kernel: aspeed-i2c-bus 1e78a0c0.i2c-bus: i2c bus 2 registered, irq 26
Jul 31 22:00:12 witherspoon kernel: aspeed-i2c-bus 1e78a100.i2c-bus: i2c bus 3 registered, irq 27
Jul 31 22:00:12 witherspoon kernel: aspeed-i2c-bus 1e78a140.i2c-bus: i2c bus 4 registered, irq 28
Jul 31 22:00:12 witherspoon kernel: aspeed-i2c-bus 1e78a180.i2c-bus: i2c bus 5 registered, irq 29
Jul 31 22:00:12 witherspoon kernel: aspeed-i2c-bus 1e78a380.i2c-bus: i2c bus 9 registered, irq 30
Jul 31 22:00:12 witherspoon kernel: aspeed-i2c-bus 1e78a3c0.i2c-bus: i2c bus 10 registered, irq 31
Jul 31 22:00:12 witherspoon kernel: rtc-rv8803 11-0032: Voltage low, temperature compensation stopped.
Jul 31 22:00:12 witherspoon kernel: rtc-rv8803 11-0032: An alarm maybe have been missed.
Jul 31 22:00:12 witherspoon kernel: rtc-rv8803 11-0032: rtc core: registered rx8900 as rtc0
Jul 31 22:00:12 witherspoon kernel: at24 11-0051: 8192 byte 24c64 EEPROM, writable, 1 bytes/write
Jul 31 22:00:12 witherspoon kernel: aspeed-i2c-bus 1e78a400.i2c-bus: i2c bus 11 registered, irq 32
Jul 31 22:00:12 witherspoon kernel: aspeed-i2c-bus 1e78a440.i2c-bus: i2c bus 12 registered, irq 33
Jul 31 22:00:12 witherspoon kernel: aspeed-i2c-bus 1e78a480.i2c-bus: i2c bus 13 registered, irq 34
Jul 31 22:00:12 witherspoon kernel: Driver for 1-wire Dallas network protocol.
Jul 31 22:00:12 witherspoon kernel: lm75 9-004a: hwmon0: sensor 'tmp275'
Jul 31 22:00:12 witherspoon kernel: ucd9000 11-0064: Device ID UCD90160|2.3.4.0000|110603
Jul 31 22:00:12 witherspoon kernel: leds-pca955x 3-0060: leds-pca955x: Using pca9552 16-bit LED driver at slave address 0x60
Jul 31 22:00:12 witherspoon kernel: leds-pca955x 11-0060: leds-pca955x: Using pca9552 16-bit LED driver at slave address 0x60
Jul 31 22:00:12 witherspoon kernel: leds-pca955x 11-0060: gpios 264...279
Jul 31 22:00:12 witherspoon kernel: usbcore: registered new interface driver usbhid
Jul 31 22:00:12 witherspoon kernel: usbhid: USB HID core driver
Jul 31 22:00:12 witherspoon kernel: NET: Registered protocol family 10
Jul 31 22:00:12 witherspoon kernel: Segment Routing with IPv6
Jul 31 22:00:12 witherspoon kernel: NET: Registered protocol family 17
Jul 31 22:00:12 witherspoon kernel: 8021q: 802.1Q VLAN Support v1.8
Jul 31 22:00:12 witherspoon kernel: console [netcon0] enabled
Jul 31 22:00:12 witherspoon kernel: netconsole: network logging started
Jul 31 22:00:12 witherspoon kernel: input: gpio-keys as /devices/platform/gpio-keys/input/input0
Jul 31 22:00:12 witherspoon kernel: rtc-rv8803 11-0032: setting system clock to 2017-07-31 22:00:03 UTC (1501538403)
Jul 31 22:00:12 witherspoon kernel: Freeing unused kernel memory: 284K
Jul 31 22:00:12 witherspoon kernel: This architecture does not have kernel memory protection.
Jul 31 22:00:12 witherspoon kernel: jffs2: notice: (526) jffs2_build_xattr_subsystem: complete building xattr subsystem, 0 of xdatum (0 unchecked, 0 orphan) and 0 of xref (0 dead, 0 orphan) found.
Jul 31 22:00:12 witherspoon systemd[1]: Failed to insert module 'autofs4': No such file or directory
Jul 31 22:00:12 witherspoon systemd[1]: systemd 232 running in system mode. (+PAM -AUDIT -SELINUX -IMA -APPARMOR -SMACK +SYSVINIT -UTMP -LIBCRYPTSETUP -GCRYPT -GNUTLS +ACL +XZ -LZ4 -SECCOMP +BLKID -ELFUTILS +KMOD -IDN)
Jul 31 22:00:12 witherspoon systemd[1]: Detected architecture arm.
Jul 31 22:00:12 witherspoon systemd[1]: Set hostname to <witherspoon>.
Jul 31 22:00:12 witherspoon systemd[1]: Listening on Journal Socket.
Jul 31 22:00:12 witherspoon systemd[1]: Listening on Syslog Socket.
Jul 31 22:00:12 witherspoon systemd[1]: Listening on Journal Socket (/dev/log).
Jul 31 22:00:12 witherspoon systemd[1]: Listening on /dev/initctl Compatibility Named Pipe.
Jul 31 22:00:12 witherspoon systemd[1]: Reached target Remote File Systems.
Jul 31 22:00:12 witherspoon systemd[1]: Started Dispatch Password Requests to Console Directory Watch.
Jul 31 22:00:12 witherspoon systemd[1]: Reached target Swap.
Jul 31 22:00:12 witherspoon systemd[1]: dev-hugepages.mount: Couldn't determine result for ConditionVirtualization=!private-users, assuming failed: No such file or directory
Jul 31 22:00:12 witherspoon systemd[1]: Starting Journal Service...
Jul 31 22:00:12 witherspoon systemd[1]: Created slice system-org.openbmc.buttons.Power.slice.
Jul 31 22:00:13 witherspoon systemd[1]: Created slice system-op\x2dreset\x2dchassis\x2drunning.slice.
Jul 31 22:00:13 witherspoon systemd-journald[550]: Journal started
Jul 31 22:00:13 witherspoon systemd-journald[550]: Runtime journal (/run/log/journal/cc6e1404d87444e8a089dfdb00a18f7d) is 0B, max 0B, 0B free.
Jul 31 22:00:13 witherspoon systemd-sysctl[545]: Couldn't write '16' to 'kernel/sysrq', ignoring: No such file or directory
Jul 31 22:00:13 witherspoon systemd-sysctl[545]: Couldn't write 'fq_codel' to 'net/core/default_qdisc', ignoring: No such file or directory
Jul 31 22:00:13 witherspoon systemd[1]: Created slice system-obmc\x2dconsole.slice.
Jul 31 22:00:13 witherspoon systemd[1]: Starting udev Coldplug all Devices...
Jul 31 22:00:14 witherspoon systemd[1]: Created slice system-org.openbmc.buttons.reset.slice.
Jul 31 22:00:14 witherspoon systemd[1]: Created slice system-getty.slice.
Jul 31 22:00:14 witherspoon systemd[1]: Reached target Slices.
Jul 31 22:00:15 witherspoon systemd[1]: Mounting Temporary Directory...
Jul 31 22:00:16 witherspoon systemd[1]: Started Apply Kernel Variables.
Jul 31 22:00:16 witherspoon systemd[1]: Started Remount Root and Kernel File Systems.
Jul 31 22:00:17 witherspoon systemd[1]: Starting Create System Users...
Jul 31 22:00:17 witherspoon systemd[1]: Starting Flush Journal to Persistent Storage...
Jul 31 22:00:17 witherspoon systemd[1]: Started udev Coldplug all Devices.
Jul 31 22:00:18 witherspoon systemd-journald[550]: Runtime journal (/run/log/journal/cc6e1404d87444e8a089dfdb00a18f7d) is 0B, max 0B, 0B free.
Jul 31 22:00:18 witherspoon systemd[1]: Started Flush Journal to Persistent Storage.
Jul 31 22:00:18 witherspoon systemd[1]: Started Create System Users.
Jul 31 22:00:18 witherspoon systemd[1]: Starting Create Static Device Nodes in /dev...
Jul 31 22:00:18 witherspoon systemd[1]: Started Create Static Device Nodes in /dev.
Jul 31 22:00:18 witherspoon systemd[1]: Starting udev Kernel Device Manager...
Jul 31 22:00:18 witherspoon systemd[1]: Reached target Local File Systems (Pre).
Jul 31 22:00:19 witherspoon systemd[1]: Mounting /var/volatile...
Jul 31 22:00:19 witherspoon systemd[1]: Mounted /var/volatile.
Jul 31 22:00:19 witherspoon systemd[1]: Reached target Local File Systems.
Jul 31 22:00:19 witherspoon systemd[1]: Starting Rebuild Journal Catalog...
Jul 31 22:00:19 witherspoon systemd[1]: Starting Create Volatile Files and Directories...
Jul 31 22:00:19 witherspoon systemd[1]: Starting Load/Save Random Seed...
Jul 31 22:00:19 witherspoon systemd[1]: Started Rebuild Journal Catalog.
Jul 31 22:00:19 witherspoon systemd[1]: Starting Update is Completed...
Jul 31 22:00:19 witherspoon systemd-tmpfiles[898]: "/var/tmp" already exists and is not a directory.
Jul 31 22:00:19 witherspoon systemd-tmpfiles[898]: "/var/log" already exists and is not a directory.
Jul 31 22:00:19 witherspoon systemd[1]: Started Create Volatile Files and Directories.
Jul 31 22:00:19 witherspoon systemd[1]: Starting Run pending postinsts...
Jul 31 22:00:19 witherspoon systemd[1]: Starting Network Time Synchronization...
Jul 31 22:00:19 witherspoon systemd[1]: Started Load/Save Random Seed.
Jul 31 22:00:20 witherspoon systemd[1]: Started Update is Completed.
Jul 31 22:00:20 witherspoon run-postinsts[904]: Running postinst /etc/rpm-postinsts/libglib-2.0-0...
Jul 31 22:00:20 witherspoon systemd[1]: Started udev Kernel Device Manager.
Jul 31 22:00:20 witherspoon systemd[1]: Started Network Time Synchronization.
Jul 31 22:00:20 witherspoon systemd[1]: Reached target System Time Synchronized.
Jul 31 22:00:23 witherspoon systemd[1]: Found device /dev/aspeed-lpc-ctrl.
Jul 31 22:00:23 witherspoon systemd[1]: Found device /dev/aspeed-mbox.
Jul 31 22:00:23 witherspoon systemd[1]: Found device /dev/ttyS4.
Jul 31 22:00:23 witherspoon systemd[1]: Found device /dev/ttyVUART0.
Jul 31 22:00:23 witherspoon run-postinsts[904]: rm: can't remove '/etc/rpm-postinsts': Invalid argument
Jul 31 22:00:23 witherspoon run-postinsts[904]:  Removing any system startup links for run-postinsts ...
Jul 31 22:00:24 witherspoon systemctl[937]: Removed /etc/systemd/system/sysinit.target.wants/run-postinsts.service.
Jul 31 22:00:24 witherspoon systemd[1]: Reloading.
Jul 31 22:00:26 witherspoon systemd[1]: Started Run pending postinsts.
Jul 31 22:00:27 witherspoon systemd[1]: Created slice system-xyz.openbmc_project.led.controller.slice.
Jul 31 22:00:27 witherspoon systemd[1]: Created slice system-xyz.openbmc_project.Hwmon.slice.
Jul 31 22:00:27 witherspoon systemd[1]: dev-hugepages.mount: Couldn't determine result for ConditionVirtualization=!private-users, assuming failed: No such file or directory
Jul 31 22:00:27 witherspoon systemd[1]: Reached target System Initialization.
Jul 31 22:00:27 witherspoon systemd[1]: Listening on Phosphor Host Console SSH Per-Connection socket.
Jul 31 22:00:27 witherspoon systemd[1]: Listening on dropbear.socket.
Jul 31 22:00:27 witherspoon systemd[1]: Listening on phosphor-ipmi-net.socket.
Jul 31 22:00:27 witherspoon systemd[1]: Listening on D-Bus System Message Bus Socket.
Jul 31 22:00:27 witherspoon systemd[1]: Listening on Avahi mDNS/DNS-SD Stack Activation Socket.
Jul 31 22:00:27 witherspoon systemd[1]: Listening on Phosphor Webserver socket.
Jul 31 22:00:27 witherspoon systemd[1]: Started Daily Cleanup of Temporary Directories.
Jul 31 22:00:27 witherspoon systemd[1]: Reached target Timers.
Jul 31 22:00:27 witherspoon systemd[1]: Listening on Phosphor DBUS Browser socket.
Jul 31 22:00:27 witherspoon systemd[1]: Reached target Sockets.
Jul 31 22:00:27 witherspoon systemd[1]: Reached target Basic System.
Jul 31 22:00:27 witherspoon systemd[1]: Starting Phosphor Chassis0 Control...
Jul 31 22:00:27 witherspoon systemd[1]: Starting Avahi mDNS/DNS-SD Stack...
Jul 31 22:00:27 witherspoon systemd[1]: Starting Phosphor LED Group Management Daemon...
Jul 31 22:00:27 witherspoon systemd[1]: Starting Phosphor BMC0 Control...
Jul 31 22:00:27 witherspoon systemd[1]: Starting Phosphor User Manager...
Jul 31 22:00:28 witherspoon systemd[1]: Starting Phosphor Network Manager...
Jul 31 22:00:28 witherspoon systemd[1]: Starting Phosphor Dump Manager...
Jul 31 22:00:28 witherspoon systemd[1]: Starting Phosphor IPMI BT DBus Bridge...
Jul 31 22:00:28 witherspoon systemd[1]: Starting OpenBMC Software Update Manager...
Jul 31 22:00:28 witherspoon systemd[1]: Starting Attach the PNOR mtd device to UBI...
Jul 31 22:00:28 witherspoon systemd[1]: Starting Phosphor Download Manager...
Jul 31 22:00:28 witherspoon systemd[1]: Starting Phosphor Download Manager...
Jul 31 22:00:28 witherspoon systemd[1]: Starting Phosphor DBus Service Discovery Manager...
Jul 31 22:00:28 witherspoon systemd[1]: Reached target Containers.
Jul 31 22:00:28 witherspoon systemd[1]: Started Phosphor Dump core monitor..
Jul 31 22:00:28 witherspoon systemd[1]: Started Phosphor sysfs LED controller.
Jul 31 22:00:28 witherspoon systemd[1]: Starting Phosphor Log Manager...
Jul 31 22:00:28 witherspoon systemd[1]: Starting Phosphor Inventory Manager...
Jul 31 22:00:28 witherspoon systemd[1]: Starting Phosphor Settings Daemon...
Jul 31 22:00:28 witherspoon systemd[1]: Starting Clear one time boot overrides...
Jul 31 22:00:28 witherspoon systemd[1]: Started Phosphor sysfs LED controller.
Jul 31 22:00:29 witherspoon systemd[1]: Started Hardware RNG Entropy Gatherer Daemon.
Jul 31 22:00:29 witherspoon systemd[1]: Started Phosphor sysfs LED controller.
Jul 31 22:00:29 witherspoon systemd[1]: Starting Phosphor Inventory Manager...
Jul 31 22:00:29 witherspoon systemd[1]: Started System Logging Service.
Jul 31 22:00:32 witherspoon kernel: ubi7: default fastmap pool size: 100
Jul 31 22:00:32 witherspoon kernel: ubi7: default fastmap WL pool size: 50
Jul 31 22:00:32 witherspoon kernel: ubi7: attaching mtd7
Jul 31 22:00:32 witherspoon kernel: ubi7: scanning is finished
Jul 31 22:00:32 witherspoon kernel: ubi7 error: ubi_read_volume_table: the layout volume was not found
Jul 31 22:00:32 witherspoon kernel: ubi7 error: ubi_attach_mtd_dev: failed to attach mtd7, error -22
Jul 31 22:00:32 witherspoon obmc-flash-bios[957]: ubiattach: error!: cannot attach mtd7
Jul 31 22:00:32 witherspoon obmc-flash-bios[957]:            error 22 (Invalid argument)
Jul 31 22:00:32 witherspoon kernel[982]: klogd started: BusyBox v1.24.1 (2017-06-16 19:29:08 UTC)
Jul 31 22:00:29 witherspoon systemd[1]: Started Phosphor sysfs LED controller.
Jul 31 22:00:32 witherspoon obmc-flash-bios[957]: Starting ubiformat /dev/mtd7
Jul 31 22:00:32 witherspoon kernel[982]: [    0.000000] Booting Linux on physical CPU 0x0
Jul 31 22:00:29 witherspoon systemd[1]: Started Phosphor MBOX Daemon.
Jul 31 22:00:32 witherspoon kernel[982]: [    0.000000] Linux version 4.10.17-44f0dc8ac43162c4f7082884d6cd79400341bf5b (jenkins@openbmc-builder1) (gcc version 6.2.0 (GCC) ) #1 Mon Jul 31 21:30:01 UTC 2017
Jul 31 22:00:30 witherspoon systemd[1]: Starting Phosphor Sensor Manager...
Jul 31 22:00:32 witherspoon kernel[982]: [    0.000000] CPU: ARMv6-compatible processor [410fb767] revision 7 (ARMv7), cr=00c5387d
Jul 31 22:00:30 witherspoon systemd[1]: Started Phosphor sysfs LED controller.
Jul 31 22:00:32 witherspoon kernel[982]: [    0.000000] CPU: PIPT / VIPT nonaliasing data cache, VIPT nonaliasing instruction cache
Jul 31 22:00:30 witherspoon systemd[1]: Started Phosphor Console Muxer listening on device /dev/ttyVUART0.
Jul 31 22:00:32 witherspoon kernel[982]: [    0.000000] OF: fdt:Machine model: Witherspoon BMC
Jul 31 22:00:30 witherspoon systemd[1]: Started Kernel Logging Service.
Jul 31 22:00:32 witherspoon kernel[982]: [    0.000000] Memory policy: Data cache writeback
Jul 31 22:00:30 witherspoon systemd[1]: Started D-Bus System Message Bus.
Jul 31 22:00:32 witherspoon kernel[982]: [    0.000000] SOC Rev: 04030303
Jul 31 22:00:32 witherspoon kernel[982]: [    0.000000] On node 0 totalpages: 110592
Jul 31 22:00:32 witherspoon kernel[982]: [    0.000000] free_area_init_node: node 0, pgdat 805ff5e4, node_mem_map 9ec1a000
Jul 31 22:00:32 witherspoon kernel[982]: [    0.000000]   Normal zone: 992 pages used for memmap
Jul 31 22:00:32 witherspoon kernel[982]: [    0.000000]   Normal zone: 0 pages reserved
Jul 31 22:00:32 witherspoon kernel[982]: [    0.000000]   Normal zone: 110592 pages, LIFO batch:31
Jul 31 22:00:32 witherspoon kernel[982]: [    0.000000] pcpu-alloc: s0 r0 d32768 u32768 alloc=1*32768
Jul 31 22:00:32 witherspoon kernel[982]: [    0.000000] pcpu-alloc: [0] 0
Jul 31 22:00:32 witherspoon kernel[982]: [    0.000000] Built 1 zonelists in Zone order, mobility grouping on.  Total pages: 109600
Jul 31 22:00:32 witherspoon kernel[982]: [    0.000000] Kernel command line: console=ttyS4,115200n8 root=/dev/ram rw
Jul 31 22:00:32 witherspoon kernel[982]: [    0.000000] PID hash table entries: 2048 (order: 1, 8192 bytes)
Jul 31 22:00:32 witherspoon kernel[982]: [    0.000000] Dentry cache hash table entries: 65536 (order: 6, 262144 bytes)
Jul 31 22:00:32 witherspoon kernel[982]: [    0.000000] Inode-cache hash table entries: 32768 (order: 5, 131072 bytes)
Jul 31 22:00:32 witherspoon kernel[982]: [    0.000000] Memory: 430436K/442368K available (4065K kernel code, 280K rwdata, 1192K rodata, 284K init, 111K bss, 11932K reserved, 0K cma-reserved)
Jul 31 22:00:32 witherspoon kernel[982]: [    0.000000] Virtual kernel memory layout:
Jul 31 22:00:32 witherspoon kernel[982]: [    0.000000]     vector  : 0xffff0000 - 0xffff1000   (   4 kB)
Jul 31 22:00:32 witherspoon kernel[982]: [    0.000000]     fixmap  : 0xffc00000 - 0xfff00000   (3072 kB)
Jul 31 22:00:32 witherspoon kernel[982]: [    0.000000]     vmalloc : 0x9f800000 - 0xff800000   (1536 MB)
Jul 31 22:00:32 witherspoon kernel[982]: [    0.000000]     lowmem  : 0x80000000 - 0x9f000000   ( 496 MB)
Jul 31 22:00:32 witherspoon kernel[982]: [    0.000000]       .text : 0x80008000 - 0x804007a0   (4066 kB)
Jul 31 22:00:32 witherspoon kernel[982]: [    0.000000]       .init : 0x80585000 - 0x805cc000   ( 284 kB)
Jul 31 22:00:32 witherspoon kernel[982]: [    0.000000]       .data : 0x805cc000 - 0x80612358   ( 281 kB)
Jul 31 22:00:32 witherspoon kernel[982]: [    0.000000]        .bss : 0x80612358 - 0x8062e1f8   ( 112 kB)
Jul 31 22:00:32 witherspoon kernel[982]: [    0.000000] NR_IRQS:16 nr_irqs:16 16
Jul 31 22:00:32 witherspoon kernel[982]: [    0.000000] i2c controller registered, irq 16
Jul 31 22:00:32 witherspoon kernel[982]: [    0.000000] clocksource: moxart_timer: mask: 0xffffffff max_cycles: 0xffffffff, max_idle_ns: 77222644334 ns
Jul 31 22:00:32 witherspoon kernel[982]: [    0.000000] sched_clock: 32 bits at 100 Hz, resolution 10000000ns, wraps every 21474836475000000ns
Jul 31 22:00:32 witherspoon kernel[982]: [    0.090000] Calibrating delay loop... 789.70 BogoMIPS (lpj=3948544)
Jul 31 22:00:32 witherspoon kernel[982]: [    0.090000] pid_max: default: 32768 minimum: 301
Jul 31 22:00:32 witherspoon kernel[982]: [    0.090000] Mount-cache hash table entries: 1024 (order: 0, 4096 bytes)
Jul 31 22:00:32 witherspoon kernel[982]: [    0.090000] Mountpoint-cache hash table entries: 1024 (order: 0, 4096 bytes)
Jul 31 22:00:32 witherspoon kernel[982]: [    0.090000] CPU: Testing write buffer coherency: ok
Jul 31 22:00:32 witherspoon kernel[982]: [    0.090000] ftrace: allocating 14932 entries in 44 pages
Jul 31 22:00:32 witherspoon kernel[982]: [    0.120000] Setting up static identity map for 0x80008200 - 0x8000825c
Jul 31 22:00:32 witherspoon kernel[982]: [    0.120000] devtmpfs: initialized
Jul 31 22:00:32 witherspoon kernel[982]: [    0.140000] clocksource: jiffies: mask: 0xffffffff max_cycles: 0xffffffff, max_idle_ns: 19112604462750000 ns
Jul 31 22:00:32 witherspoon kernel[982]: [    0.140000] futex hash table entries: 256 (order: -1, 3072 bytes)
Jul 31 22:00:32 witherspoon kernel[982]: [    0.140000] pinctrl core: initialized pinctrl subsystem
Jul 31 22:00:32 witherspoon kernel[982]: [    0.140000] NET: Registered protocol family 16
Jul 31 22:00:32 witherspoon kernel[982]: [    0.140000] DMA: preallocated 256 KiB pool for atomic coherent allocations
Jul 31 22:00:32 witherspoon kernel[982]: [    0.210000] usbcore: registered new interface driver usbfs
Jul 31 22:00:32 witherspoon kernel[982]: [    0.210000] usbcore: registered new interface driver hub
Jul 31 22:00:32 witherspoon kernel[982]: [    0.210000] usbcore: registered new device driver usb
Jul 31 22:00:32 witherspoon kernel[982]: [    0.210000] clocksource: Switched to clocksource moxart_timer
Jul 31 22:00:32 witherspoon kernel[982]: [    0.220000] NET: Registered protocol family 2
Jul 31 22:00:32 witherspoon kernel[982]: [    0.220000] TCP established hash table entries: 4096 (order: 2, 16384 bytes)
Jul 31 22:00:32 witherspoon kernel[982]: [    0.220000] TCP bind hash table entries: 4096 (order: 2, 16384 bytes)
Jul 31 22:00:32 witherspoon kernel[982]: [    0.220000] TCP: Hash tables configured (established 4096 bind 4096)
Jul 31 22:00:32 witherspoon kernel[982]: [    0.220000] UDP hash table entries: 256 (order: 0, 4096 bytes)
Jul 31 22:00:32 witherspoon kernel[982]: [    0.220000] UDP-Lite hash table entries: 256 (order: 0, 4096 bytes)
Jul 31 22:00:32 witherspoon kernel[982]: [    0.220000] NET: Registered protocol family 1
Jul 31 22:00:32 witherspoon kernel[982]: [    0.220000] Trying to unpack rootfs image as initramfs...
Jul 31 22:00:32 witherspoon kernel[982]: [    1.900000] Freeing initrd memory: 1548K
Jul 31 22:00:32 witherspoon kernel[982]: [    1.900000] workingset: timestamp_bits=30 max_order=17 bucket_order=0
Jul 31 22:00:32 witherspoon kernel[982]: [    1.900000] squashfs: version 4.0 (2009/01/31) Phillip Lougher
Jul 31 22:00:32 witherspoon kernel[982]: [    1.900000] jffs2: version 2.2. (SUMMARY)  © 2001-2006 Red Hat, Inc.
Jul 31 22:00:32 witherspoon kernel[982]: [    1.900000] Block layer SCSI generic (bsg) driver version 0.4 loaded (major 250)
Jul 31 22:00:32 witherspoon kernel[982]: [    1.900000] io scheduler noop registered
Jul 31 22:00:32 witherspoon kernel[982]: [    1.900000] io scheduler deadline registered
Jul 31 22:00:32 witherspoon kernel[982]: [    1.900000] io scheduler cfq registered (default)
Jul 31 22:00:32 witherspoon kernel[982]: [    2.050000] ipmi-bt-host 1e789140.ibt: Found bt bmc device
Jul 31 22:00:32 witherspoon kernel[982]: [    2.050000] ipmi-bt-host 1e789140.ibt: Using IRQ 22
Jul 31 22:00:32 witherspoon kernel[982]: [    2.050000] Serial: 8250/16550 driver, 6 ports, IRQ sharing enabled
Jul 31 22:00:32 witherspoon kernel[982]: [    2.050000] 1e783000.serial: ttyS0 at MMIO 0x1e783000 (irq = 23, base_baud = 1500000) is a 16550A
Jul 31 22:00:32 witherspoon kernel[982]: [    2.050000] 1e78d000.serial: ttyS1 at MMIO 0x1e78d000 (irq = 24, base_baud = 1500000) is a 16550A
Jul 31 22:00:32 witherspoon kernel[982]: [    2.050000] 1e784000.serial: ttyS4 at MMIO 0x1e784000 (irq = 25, base_baud = 1500000) is a 16550A
Jul 31 22:00:32 witherspoon kernel[982]: [    2.400000] console [ttyS4] enabled
Jul 31 22:00:32 witherspoon kernel[982]: [    2.400000] 1e787000.vuart: ttyS2 at MMIO 0x1e787000 (irq = 22, base_baud = 1500000) is a 16550A
Jul 31 22:00:32 witherspoon kernel[982]: [    2.590000] timeriomem_rng 1e6e2078.hwrng: 32bits from 0xf00e2078 @ 1us
Jul 31 22:00:32 witherspoon kernel[982]: [    2.600000] random: fast init done
Jul 31 22:00:32 witherspoon kernel[982]: [    2.640000] brd: module loaded
Jul 31 22:00:32 witherspoon kernel[982]: [    2.670000] random: crng init done
Jul 31 22:00:32 witherspoon kernel[982]: [    2.670000] loop: module loaded
Jul 31 22:00:32 witherspoon kernel[982]: [    2.680000] aspeed-lpc-ctrl 1e789080.lpc-ctrl: Loaded at 0x98000000 (0x04000000)
Jul 31 22:00:32 witherspoon kernel[982]: [    2.690000] aspeed-smc 1e620000.flash-controller: Using IRQ 18
Jul 31 22:00:32 witherspoon kernel[982]: [    2.690000] aspeed-smc 1e620000.flash-controller: DMA support disabled.
Jul 31 22:00:32 witherspoon kernel[982]: [    2.700000] aspeed-smc 1e620000.flash-controller: mx25l25635e (32768 Kbytes)
Jul 31 22:00:32 witherspoon kernel[982]: [    2.700000] aspeed-smc 1e620000.flash-controller: CE0 window [ 0x20000000 - 0x22000000 ] 32MB
Jul 31 22:00:32 witherspoon kernel[982]: [    2.700000] aspeed-smc 1e620000.flash-controller: CE1 window [ 0x22000000 - 0x2a000000 ] 128MB
Jul 31 22:00:32 witherspoon kernel[982]: [    2.730000] 5 ofpart partitions found on MTD device bmc
Jul 31 22:00:32 witherspoon kernel[982]: [    2.730000] Creating 5 MTD partitions on "bmc":
Jul 31 22:00:32 witherspoon kernel[982]: [    2.740000] 0x000000000000-0x000000060000 : "u-boot"
Jul 31 22:00:32 witherspoon kernel[982]: [    2.740000] 0x000000060000-0x000000080000 : "u-boot-env"
Jul 31 22:00:32 witherspoon kernel[982]: [    2.760000] 0x000000080000-0x0000004c0000 : "kernel"
Jul 31 22:00:32 witherspoon kernel[982]: [    2.770000] 0x0000004c0000-0x000001c00000 : "rofs"
Jul 31 22:00:32 witherspoon kernel[982]: [    2.780000] 0x000001c00000-0x000002000000 : "rwfs"
Jul 31 22:00:32 witherspoon kernel[982]: [    2.790000] aspeed-smc 1e620000.flash-controller: mx25l25635e (32768 Kbytes)
Jul 31 22:00:32 witherspoon kernel[982]: [    2.800000] aspeed-smc 1e620000.flash-controller: CE1 window [ 0x22000000 - 0x24000000 ] 32MB
Jul 31 22:00:32 witherspoon kernel[982]: [    2.800000] aspeed-smc 1e620000.flash-controller: CE2 window [ 0x24000000 - 0x2c000000 ] 128MB
Jul 31 22:00:32 witherspoon kernel[982]: [    2.820000] aspeed-smc 1e630000.flash-controller: mx66l1g45g (131072 Kbytes)
Jul 31 22:00:32 witherspoon kernel[982]: [    2.830000] aspeed-smc 1e630000.flash-controller: CE0 window resized to 120MB (AST2500 HW quirk)
Jul 31 22:00:32 witherspoon kernel[982]: [    2.830000] aspeed-smc 1e630000.flash-controller: CE0 window [ 0x30000000 - 0x37800000 ] 120MB
Jul 31 22:00:32 witherspoon kernel[982]: [    2.850000] aspeed-smc 1e630000.flash-controller: CE0 window too small for chip 128MB
Jul 31 22:00:32 witherspoon kernel[982]: [    2.850000] aspeed-smc 1e630000.flash-controller: CE1 window [ 0x37800000 - 0x38000000 ] 8MB
Jul 31 22:00:32 witherspoon kernel[982]: [    3.620000] libphy: Fixed MDIO Bus: probed
Jul 31 22:00:32 witherspoon kernel[982]: [    3.620000] ftgmac100 1e660000.ethernet: Read MAC address 70:e2:84:14:23:e1 from chip
Jul 31 22:00:32 witherspoon kernel[982]: [    3.620000] ftgmac100 1e660000.ethernet: Using NCSI interface
Jul 31 22:00:32 witherspoon kernel[982]: [    3.620000] ftgmac100 1e660000.ethernet eth0: irq 20, mapped at f0060000
Jul 31 22:00:32 witherspoon kernel[982]: [    3.620000] ehci_hcd: USB 2.0 'Enhanced' Host Controller (EHCI) Driver
Jul 31 22:00:32 witherspoon kernel[982]: [    3.620000] ehci-platform: EHCI generic platform driver
Jul 31 22:00:32 witherspoon kernel[982]: [    3.830000]  fsi0: can't read slave 00:00 -5
Jul 31 22:00:32 witherspoon kernel[982]: [    3.830000] i2c /dev entries driver
Jul 31 22:00:32 witherspoon kernel[982]: [    3.830000] aspeed-i2c-bus 1e78a0c0.i2c-bus: i2c bus 2 registered, irq 26
Jul 31 22:00:32 witherspoon kernel[982]: [    3.830000] aspeed-i2c-bus 1e78a100.i2c-bus: i2c bus 3 registered, irq 27
Jul 31 22:00:32 witherspoon kernel[982]: [    3.830000] aspeed-i2c-bus 1e78a140.i2c-bus: i2c bus 4 registered, irq 28
Jul 31 22:00:32 witherspoon kernel[982]: [    3.830000] aspeed-i2c-bus 1e78a180.i2c-bus: i2c bus 5 registered, irq 29
Jul 31 22:00:32 witherspoon kernel[982]: [    3.830000] aspeed-i2c-bus 1e78a380.i2c-bus: i2c bus 9 registered, irq 30
Jul 31 22:00:32 witherspoon kernel[982]: [    3.830000] aspeed-i2c-bus 1e78a3c0.i2c-bus: i2c bus 10 registered, irq 31
Jul 31 22:00:32 witherspoon kernel[982]: [    3.830000] rtc-rv8803 11-0032: Voltage low, temperature compensation stopped.
Jul 31 22:00:32 witherspoon kernel[982]: [    3.830000] rtc-rv8803 11-0032: An alarm maybe have been missed.
Jul 31 22:00:32 witherspoon kernel[982]: [    3.940000] rtc-rv8803 11-0032: rtc core: registered rx8900 as rtc0
Jul 31 22:00:32 witherspoon kernel[982]: [    3.950000] at24 11-0051: 8192 byte 24c64 EEPROM, writable, 1 bytes/write
Jul 31 22:00:32 witherspoon kernel[982]: [    3.950000] aspeed-i2c-bus 1e78a400.i2c-bus: i2c bus 11 registered, irq 32
Jul 31 22:00:32 witherspoon kernel[982]: [    3.950000] aspeed-i2c-bus 1e78a440.i2c-bus: i2c bus 12 registered, irq 33
Jul 31 22:00:32 witherspoon kernel[982]: [    3.950000] aspeed-i2c-bus 1e78a480.i2c-bus: i2c bus 13 registered, irq 34
Jul 31 22:00:32 witherspoon kernel[982]: [    3.950000] Driver for 1-wire Dallas network protocol.
Jul 31 22:00:32 witherspoon kernel[982]: [    3.950000] lm75 9-004a: hwmon0: sensor 'tmp275'
Jul 31 22:00:32 witherspoon kernel[982]: [    4.770000] ucd9000 11-0064: Device ID UCD90160|2.3.4.0000|110603
Jul 31 22:00:32 witherspoon kernel[982]: [    5.090000] leds-pca955x 3-0060: leds-pca955x: Using pca9552 16-bit LED driver at slave address 0x60
Jul 31 22:00:32 witherspoon kernel[982]: [    5.120000] leds-pca955x 11-0060: leds-pca955x: Using pca9552 16-bit LED driver at slave address 0x60
Jul 31 22:00:32 witherspoon kernel[982]: [    5.130000] leds-pca955x 11-0060: gpios 264...279
Jul 31 22:00:32 witherspoon kernel[982]: [    5.130000] usbcore: registered new interface driver usbhid
Jul 31 22:00:32 witherspoon kernel[982]: [    5.140000] usbhid: USB HID core driver
Jul 31 22:00:32 witherspoon kernel[982]: [    5.190000] NET: Registered protocol family 10
Jul 31 22:00:32 witherspoon kernel[982]: [    5.190000] Segment Routing with IPv6
Jul 31 22:00:32 witherspoon kernel[982]: [    5.200000] NET: Registered protocol family 17
Jul 31 22:00:32 witherspoon kernel[982]: [    5.200000] 8021q: 802.1Q VLAN Support v1.8
Jul 31 22:00:32 witherspoon kernel[982]: [    5.200000] console [netcon0] enabled
Jul 31 22:00:32 witherspoon kernel[982]: [    5.200000] netconsole: network logging started
Jul 31 22:00:32 witherspoon kernel[982]: [    5.220000] input: gpio-keys as /devices/platform/gpio-keys/input/input0
Jul 31 22:00:32 witherspoon kernel[982]: [    5.230000] rtc-rv8803 11-0032: setting system clock to 2017-07-31 22:00:03 UTC (1501538403)
Jul 31 22:00:32 witherspoon kernel[982]: [    5.240000] Freeing unused kernel memory: 284K
Jul 31 22:00:32 witherspoon kernel[982]: [    5.240000] This architecture does not have kernel memory protection.
Jul 31 22:00:32 witherspoon kernel[982]: [    6.660000] jffs2: notice: (526) jffs2_build_xattr_subsystem: complete building xattr subsystem, 0 of xdatum (0 unchecked, 0 orphan) and 0 of xref (0 dead, 0 orphan) found.
Jul 31 22:00:32 witherspoon kernel[982]: [    8.830000] systemd[1]: Failed to insert module 'autofs4': No such file or directory
Jul 31 22:00:32 witherspoon kernel[982]: [    9.020000] systemd[1]: systemd 232 running in system mode. (+PAM -AUDIT -SELINUX -IMA -APPARMOR -SMACK +SYSVINIT -UTMP -LIBCRYPTSETUP -GCRYPT -GNUTLS +ACL +XZ -LZ4 -SECCOMP +BLKID -ELFUTILS +KMOD -IDN)
Jul 31 22:00:32 witherspoon kernel[982]: [    9.020000] systemd[1]: Detected architecture arm.
Jul 31 22:00:32 witherspoon kernel[982]: [    9.160000] systemd[1]: Set hostname to <witherspoon>.
Jul 31 22:00:32 witherspoon kernel[982]: [   10.740000] systemd[1]: Listening on Journal Socket.
Jul 31 22:00:32 witherspoon kernel[982]: [   10.810000] systemd[1]: Listening on Syslog Socket.
Jul 31 22:00:32 witherspoon kernel[982]: [   10.860000] systemd[1]: Listening on Journal Socket (/dev/log).
Jul 31 22:00:32 witherspoon kernel[982]: [   10.900000] systemd[1]: Listening on /dev/initctl Compatibility Named Pipe.
Jul 31 22:00:32 witherspoon kernel[982]: [   10.950000] systemd[1]: Reached target Remote File Systems.
Jul 31 22:00:32 witherspoon kernel[982]: [   11.010000] systemd[1]: Started Dispatch Password Requests to Console Directory Watch.
Jul 31 22:00:32 witherspoon kernel[982]: [   11.080000] systemd[1]: Reached target Swap.
Jul 31 22:00:32 witherspoon kernel[982]: [   14.050000] systemd[1]: dev-hugepages.mount: Couldn't determine result for ConditionVirtualization=!private-users, assuming failed: No such file or directory
Jul 31 22:00:32 witherspoon kernel[982]: [   14.050000] systemd[1]: Starting Journal Service...
Jul 31 22:00:32 witherspoon kernel[982]: [   14.310000] systemd[1]: Created slice system-org.openbmc.buttons.Power.slice.
Jul 31 22:00:32 witherspoon kernel[982]: [   14.580000] systemd[1]: Created slice system-op\x2dreset\x2dchassis\x2drunning.slice.
Jul 31 22:00:32 witherspoon kernel[982]: [   14.860000] systemd[1]: Created slice system-obmc\x2dconsole.slice.
Jul 31 22:00:32 witherspoon kernel[982]: [   15.150000] systemd[1]: Starting udev Coldplug all Devices...
Jul 31 22:00:32 witherspoon kernel[982]: [   15.450000] systemd[1]: Created slice system-org.openbmc.buttons.reset.slice.
Jul 31 22:00:32 witherspoon kernel[982]: [   15.760000] systemd[1]: Created slice system-getty.slice.
Jul 31 22:00:32 witherspoon kernel[982]: [   16.080000] systemd[1]: Reached target Slices.
Jul 31 22:00:32 witherspoon kernel[982]: [   16.410000] systemd[1]: Mounting Temporary Directory...
Jul 31 22:00:32 witherspoon kernel[982]: [   19.830000] systemd-journald[550]: Received request to flush runtime journal from PID 1
Jul 31 22:00:32 witherspoon kernel[982]: [   31.290000] ubi7: default fastmap pool size: 100
Jul 31 22:00:32 witherspoon kernel[982]: [   31.290000] ubi7: default fastmap WL pool size: 50
Jul 31 22:00:32 witherspoon kernel[982]: [   31.290000] ubi7: attaching mtd7
Jul 31 22:00:32 witherspoon kernel[982]: [   31.290000] ubi7: scanning is finished
Jul 31 22:00:32 witherspoon kernel[982]: [   31.290000] ubi7 error: ubi_read_volume_table: the layout volume was not found
Jul 31 22:00:32 witherspoon kernel[982]: [   31.290000] ubi7 error: ubi_attach_mtd_dev: failed to attach mtd7, error -22
Jul 31 22:00:35 witherspoon avahi-daemon[949]: Found user 'avahi' (UID 999) and group 'avahi' (GID 999).
Jul 31 22:00:35 witherspoon avahi-daemon[949]: Successfully dropped root privileges.
Jul 31 22:00:35 witherspoon avahi-daemon[949]: avahi-daemon 0.6.32 starting up.
Jul 31 22:00:38 witherspoon avahi-daemon[949]: Successfully called chroot().
Jul 31 22:00:38 witherspoon avahi-daemon[949]: Successfully dropped remaining capabilities.
Jul 31 22:00:38 witherspoon avahi-daemon[949]: Loading service file /services/obmc_console.service.
Jul 31 22:00:38 witherspoon avahi-daemon[949]: Loading service file /services/phosphor_rest.service.
Jul 31 22:00:38 witherspoon avahi-daemon[949]: Loading service file /services/sftp-ssh.service.
Jul 31 22:00:38 witherspoon avahi-daemon[949]: Loading service file /services/sftp.service.
Jul 31 22:00:38 witherspoon avahi-daemon[949]: Loading service file /services/ssh.service.
Jul 31 22:00:38 witherspoon avahi-daemon[949]: Network interface enumeration completed.
Jul 31 22:00:38 witherspoon avahi-daemon[949]: Server startup complete. Host name is witherspoon.local. Local service cookie is 884506874.
Jul 31 22:00:38 witherspoon avahi-daemon[949]: Service "witherspoon" (/services/ssh.service) successfully established.
Jul 31 22:00:38 witherspoon avahi-daemon[949]: Service "sftp" (/services/sftp.service) successfully established.
Jul 31 22:00:38 witherspoon avahi-daemon[949]: Service "witherspoon" (/services/sftp-ssh.service) successfully established.
Jul 31 22:00:38 witherspoon avahi-daemon[949]: Service "phosphor_rest" (/services/phosphor_rest.service) successfully established.
Jul 31 22:00:38 witherspoon avahi-daemon[949]: Service "obmc_console" (/services/obmc_console.service) successfully established.
Jul 31 22:00:41 witherspoon systemd[1]: Started Phosphor IPMI BT DBus Bridge.
Jul 31 22:00:41 witherspoon systemd[1]: Started Avahi mDNS/DNS-SD Stack.
Jul 31 22:00:41 witherspoon systemd[1]: Started Phosphor Settings Daemon.
Jul 31 22:00:41 witherspoon systemd[1]: Started Phosphor Log Manager.
Jul 31 22:00:41 witherspoon systemd[1]: Starting Network Service...
Jul 31 22:00:41 witherspoon systemd[1]: Started Phosphor sysfs LED controller.
Jul 31 22:00:42 witherspoon systemd[1]: Started Clear one time boot overrides.
Jul 31 22:00:42 witherspoon systemd[1]: Started Phosphor Inventory Manager.
Jul 31 22:00:42 witherspoon systemd[1]: Started Phosphor Download Manager.
Jul 31 22:00:42 witherspoon systemd[1]: Started OpenBMC Software Update Manager.
Jul 31 22:00:42 witherspoon systemd[1]: Started Phosphor LED Group Management Daemon.
Jul 31 22:00:42 witherspoon systemd[1]: Started Phosphor BMC0 Control.
Jul 31 22:00:46 witherspoon systemd[1]: Started Phosphor Dump Manager.
Jul 31 22:00:50 witherspoon systemd-networkd[990]: Enumeration completed
Jul 31 22:00:50 witherspoon systemd[1]: Started Network Service.
Jul 31 22:00:50 witherspoon systemd[1]: Reached target Network.
Jul 31 22:00:50 witherspoon systemd[1]: Started Lightweight SLP Server.
Jul 31 22:00:50 witherspoon systemd[1]: Starting Permit User Sessions...
Jul 31 22:00:50 witherspoon systemd-networkd[990]: eth0: IPv6 enabled for interface: Success
Jul 31 22:00:50 witherspoon avahi-daemon[949]: Joining mDNS multicast group on interface eth0.IPv4 with address 9.3.86.161.
Jul 31 22:00:50 witherspoon avahi-daemon[949]: New relevant interface eth0.IPv4 for mDNS.
Jul 31 22:00:50 witherspoon systemd-networkd[990]: eth0: Gained carrier
Jul 31 22:00:50 witherspoon avahi-daemon[949]: Registering new address record for 9.3.86.161 on eth0.IPv4.
Jul 31 22:00:50 witherspoon systemd-timesyncd[905]: Network configuration changed, trying to establish connection.
Jul 31 22:00:50 witherspoon systemd[1]: Started Permit User Sessions.
Jul 31 22:00:50 witherspoon systemd[1]: Started Serial Getty on ttyS4.
Jul 31 22:00:50 witherspoon systemd[1]: Reached target Login Prompts.
Jul 31 22:00:52 witherspoon avahi-daemon[949]: Joining mDNS multicast group on interface eth0.IPv6 with address fe80::72e2:84ff:fe14:23e1.
Jul 31 22:00:52 witherspoon systemd-networkd[990]: eth0: Gained IPv6LL
Jul 31 22:00:52 witherspoon avahi-daemon[949]: New relevant interface eth0.IPv6 for mDNS.
Jul 31 22:00:52 witherspoon avahi-daemon[949]: Registering new address record for fe80::72e2:84ff:fe14:23e1 on eth0.*.
Jul 31 22:00:53 witherspoon kernel: ftgmac100 1e660000.ethernet eth0: NCSI interface up
Jul 31 22:00:53 witherspoon kernel[982]: [   55.320000] ftgmac100 1e660000.ethernet eth0: NCSI interface up
Jul 31 22:00:59 witherspoon chassis_control.py[948]: Running ChassisControlService
Jul 31 22:00:59 witherspoon systemd[1]: Started Phosphor Chassis0 Control.
Jul 31 22:01:00 witherspoon systemd[1]: Started Phosphor Download Manager.
Jul 31 22:01:00 witherspoon download_manager.py[959]: Running Download Manager
Jul 31 22:01:01 witherspoon sensor_manager2.py[979]: Setting boot count to 3
Jul 31 22:01:01 witherspoon systemd[1]: Started Phosphor Sensor Manager.
Jul 31 22:01:01 witherspoon phosphor-mapper[960]: ObjectMapper startup complete.  Discovery in progress...
Jul 31 22:01:01 witherspoon sensor_manager2.py[979]: Starting sensor manager
Jul 31 22:01:01 witherspoon systemd[1]: Created slice system-dropbear.slice.
Jul 31 22:01:01 witherspoon systemd[1]: Started SSH Per-Connection Server (9.41.165.94:49178).
Jul 31 22:01:01 witherspoon avahi-daemon[987]: ../../avahi-0.6.32/avahi-daemon/chroot.c: open() failed: No such file or directory
Jul 31 22:01:01 witherspoon avahi-daemon[949]: Failed to open /usr/share/dbus-1/interfaces/org.freedesktop.Avahi.Server.xml: Invalid argument
Jul 31 22:01:01 witherspoon avahi-daemon[949]: Failed to load introspection data.
Jul 31 22:01:05 witherspoon inventory_items.py[964]: Loading from cache: /var/cache/obmc/org.openbmc.inventory.system.chassis.motherboard.apss@org.openbmc.InventoryItem.props
Jul 31 22:01:05 witherspoon inventory_items.py[964]: Loading from cache: /var/cache/obmc/org.openbmc.inventory.system.chassis.motherboard@org.openbmc.InventoryItem.props
Jul 31 22:01:05 witherspoon inventory_items.py[964]: Loading from cache: /var/cache/obmc/org.openbmc.inventory.system.chassis.motherboard.refclock@org.openbmc.InventoryItem.props
Jul 31 22:01:05 witherspoon inventory_items.py[964]: Loading from cache: /var/cache/obmc/org.openbmc.inventory.system.chassis.motherboard.cpu1.core7@org.openbmc.InventoryItem.props
Jul 31 22:01:05 witherspoon inventory_items.py[964]: Loading from cache: /var/cache/obmc/org.openbmc.inventory.system.chassis.motherboard.cpu1.core4@org.openbmc.InventoryItem.props
Jul 31 22:01:05 witherspoon inventory_items.py[964]: Loading from cache: /var/cache/obmc/org.openbmc.inventory.system.chassis.motherboard.cpu1.core1@org.openbmc.InventoryItem.props
Jul 31 22:01:05 witherspoon inventory_items.py[964]: Loading from cache: /var/cache/obmc/org.openbmc.inventory.system.chassis.motherboard.cpu1.core10@org.openbmc.InventoryItem.props
Jul 31 22:01:05 witherspoon inventory_items.py[964]: Loading from cache: /var/cache/obmc/org.openbmc.inventory.system.chassis.motherboard.todclock@org.openbmc.InventoryItem.props
Jul 31 22:01:05 witherspoon inventory_items.py[964]: Loading from cache: /var/cache/obmc/org.openbmc.inventory.system.chassis.motherboard.cpu1@org.openbmc.InventoryItem.props
Jul 31 22:01:05 witherspoon inventory_items.py[964]: Loading from cache: /var/cache/obmc/org.openbmc.inventory.system.chassis.motherboard.bmc@org.openbmc.InventoryItem.props
Jul 31 22:01:05 witherspoon inventory_items.py[964]: Caching: /org/openbmc/inventory/system/chassis/motherboard/bmc
Jul 31 22:01:05 witherspoon inventory_items.py[964]: Loading from cache: /var/cache/obmc/org.openbmc.inventory.system.chassis.motherboard.cpu0.core1@org.openbmc.InventoryItem.props
Jul 31 22:01:05 witherspoon inventory_items.py[964]: Loading from cache: /var/cache/obmc/org.openbmc.inventory.system.chassis.motherboard.cpu0.core7@org.openbmc.InventoryItem.props
Jul 31 22:01:05 witherspoon systemd-networkd[990]: eth0: Configured
Jul 31 22:01:05 witherspoon systemd-timesyncd[905]: Network configuration changed, trying to establish connection.
Jul 31 22:01:05 witherspoon dropbear[1000]: Failed loading /etc/dropbear/dropbear_dss_host_key
Jul 31 22:01:05 witherspoon dropbear[1000]: Failed loading /etc/dropbear/dropbear_ecdsa_host_key
Jul 31 22:01:05 witherspoon dropbear[1000]: Child connection from ::ffff:9.41.165.94:49178
Jul 31 22:01:11 witherspoon inventory_items.py[964]: Loading from cache: /var/cache/obmc/org.openbmc.inventory.system.chassis.motherboard.cpu0.core4@org.openbmc.InventoryItem.props
Jul 31 22:01:11 witherspoon inventory_items.py[964]: Loading from cache: /var/cache/obmc/org.openbmc.inventory.system.chassis.motherboard.pcieclock@org.openbmc.InventoryItem.props
Jul 31 22:01:11 witherspoon inventory_items.py[964]: Loading from cache: /var/cache/obmc/org.openbmc.inventory.system.chassis.motherboard.cpu0.core10@org.openbmc.InventoryItem.props
Jul 31 22:01:11 witherspoon inventory_items.py[964]: Running Inventory Manager
Jul 31 22:01:11 witherspoon systemd[1]: Started Phosphor Inventory Manager.
Jul 31 22:01:11 witherspoon dropbear[1000]: PAM password auth succeeded for 'root' from ::ffff:9.41.165.94:49178
Jul 31 22:01:12 witherspoon dropbear[1001]: lastlog_perform_login: Couldn't stat /var/log/lastlog: No such file or directory
Jul 31 22:01:12 witherspoon dropbear[1001]: lastlog_openseek: /var/log/lastlog is not a file or directory!
Jul 31 22:01:13 witherspoon systemd[1]: Started Phosphor Network Manager.
Jul 31 22:01:13 witherspoon netman.py[953]: Started
Jul 31 22:01:16 witherspoon systemd[1]: Started Phosphor User Manager.
Jul 31 22:01:16 witherspoon obmc-phosphor-userd[952]: Started
Jul 31 22:01:18 witherspoon phosphor-mapper[960]: ObjectMapper discovery complete
Jul 31 22:01:18 witherspoon systemd[1]: Started Phosphor DBus Service Discovery Manager.
Jul 31 22:01:18 witherspoon systemd[1]: Started Phosphor Hwmon Poller.
Jul 31 22:01:18 witherspoon systemd[1]: Started Phosphor Hwmon Poller.
Jul 31 22:01:18 witherspoon systemd[1]: Started Phosphor Hwmon Poller.
Jul 31 22:01:18 witherspoon systemd[1]: Reached target Phosphor Object Mapper.
Jul 31 22:01:18 witherspoon systemd[1]: Starting Wait for /xyz/openbmc_project/state/chassis0...
Jul 31 22:01:18 witherspoon systemd[1]: Starting Wait for /org/openbmc/managers/System...
Jul 31 22:01:18 witherspoon systemd[1]: Starting Wait for /xyz/openbmc_project/inventory...
Jul 31 22:01:18 witherspoon systemd[1]: Starting Phoshpor System Manager...
Jul 31 22:01:18 witherspoon systemd[1]: Starting Wait for /xyz/openbmc_project/led/groups...
Jul 31 22:01:18 witherspoon systemd[1]: Starting Wait for /org/openbmc/control/power0...
Jul 31 22:01:18 witherspoon systemd[1]: Starting Wait for /org/openbmc/control/flash/bios...
Jul 31 22:01:19 witherspoon systemd[1]: Starting Wait for /org/openbmc/control/bmc0...
Jul 31 22:01:19 witherspoon systemd[1]: Starting Wait for /xyz/openbmc_project/led/groups/bmc_booted...
Jul 31 22:01:19 witherspoon systemd[1]: Starting Phosphor Network Manager...
Jul 31 22:01:19 witherspoon systemd[1]: Starting Wait for /org/openbmc/managers/Download...
Jul 31 22:01:19 witherspoon systemd[1]: Starting Phosphor Settings Manager...
Jul 31 22:01:19 witherspoon systemd[1]: Started Phosphor DBus Monitor.
Jul 31 22:01:19 witherspoon systemd[1]: Starting Wait for /xyz/openbmc_project/control/host0...
Jul 31 22:01:19 witherspoon systemd[1]: Starting Wait for /xyz/openbmc_project/state/host0...
Jul 31 22:01:19 witherspoon systemd[1]: Starting Wait for /org/openbmc/NetworkManager/Interface...
Jul 31 22:01:19 witherspoon systemd[1]: Reached target Webserver (pre).
Jul 31 22:01:19 witherspoon systemd[1]: Started Phosphor Webserver.
Jul 31 22:01:19 witherspoon systemd[1]: Started Phosphor Hwmon Poller.
Jul 31 22:01:21 witherspoon phosphor-network-manager[1019]: ConfigParser: Section not found
Jul 31 22:01:21 witherspoon phosphor-network-manager[1019]: The operation failed internally.
Jul 31 22:01:22 witherspoon systemd[1]: Started Wait for /xyz/openbmc_project/inventory.
Jul 31 22:01:22 witherspoon systemd[1]: Started Wait for /xyz/openbmc_project/led/groups.
Jul 31 22:01:22 witherspoon systemd[1]: Started Wait for /org/openbmc/control/bmc0.
Jul 31 22:01:22 witherspoon systemd[1]: Started Wait for /xyz/openbmc_project/led/groups/bmc_booted.
Jul 31 22:01:22 witherspoon systemd[1]: Started Wait for /org/openbmc/managers/Download.
Jul 31 22:01:22 witherspoon systemd[1]: Started Wait for /org/openbmc/NetworkManager/Interface.
Jul 31 22:01:22 witherspoon systemd[1]: Started Phosphor DNS Settings Cache Manager.
Jul 31 22:01:22 witherspoon systemd[1]: Starting Phosphor BIOS Code Update...
Jul 31 22:01:22 witherspoon systemd[1]: Starting Assert bmc_booted LED...
Jul 31 22:01:22 witherspoon systemd[1]: Starting Phosphor BMC Code Update...
Jul 31 22:01:22 witherspoon systemd[1]: Started FRU Fault monitor service.
Jul 31 22:01:22 witherspoon systemd[1]: Starting OpenPOWER OCC controller...
Jul 31 22:01:22 witherspoon systemd[1]: Started Phosphor Cooling Type.
Jul 31 22:01:22 witherspoon phosphor-network-manager[1019]: ConfigParser: Section not found
Jul 31 22:01:22 witherspoon phosphor-network-manager[1019]: The operation failed internally.
Jul 31 22:01:22 witherspoon phosphor-network-manager[1019]: ConfigParser: Key not found
Jul 31 22:01:22 witherspoon phosphor-network-manager[1019]: The operation failed internally.
Jul 31 22:01:24 witherspoon phosphor-log-manager[963]: Failed to find metadata
Jul 31 22:01:24 witherspoon phosphor-fru-fault-monitor[1032]: /xyz/openbmc_project/logging/entry/1
Jul 31 22:01:24 witherspoon systemd[1]: Started Phosphor BIOS Code Update.
Jul 31 22:01:29 witherspoon avahi-daemon[949]: Service name conflict for "phosphor_rest" (/services/phosphor_rest.service), retrying with "phosphor_rest #2".
Jul 31 22:01:29 witherspoon avahi-daemon[949]: Service name conflict for "sftp" (/services/sftp.service), retrying with "sftp #2".
Jul 31 22:01:29 witherspoon avahi-daemon[949]: Service name conflict for "obmc_console" (/services/obmc_console.service), retrying with "obmc_console #2".
Jul 31 22:01:29 witherspoon avahi-daemon[949]: Service name conflict for "sftp" (/services/sftp.service), retrying with "sftp #3".
Jul 31 22:01:29 witherspoon avahi-daemon[949]: Service name conflict for "phosphor_rest" (/services/phosphor_rest.service), retrying with "phosphor_rest #3".
Jul 31 22:01:30 witherspoon avahi-daemon[949]: Service name conflict for "obmc_console" (/services/obmc_console.service), retrying with "obmc_console #3".
Jul 31 22:01:30 witherspoon phosphor-ledmanager[950]: Error looking up Physical LED services
Jul 31 22:01:30 witherspoon systemd[1]: Started Assert bmc_booted LED.
Jul 31 22:01:30 witherspoon avahi-daemon[949]: Service name conflict for "obmc_console" (/services/obmc_console.service), retrying with "obmc_console #4".
Jul 31 22:01:30 witherspoon avahi-daemon[949]: Service name conflict for "phosphor_rest" (/services/phosphor_rest.service), retrying with "phosphor_rest #4".
Jul 31 22:01:30 witherspoon avahi-daemon[949]: Service name conflict for "sftp" (/services/sftp.service), retrying with "sftp #4".
Jul 31 22:01:32 witherspoon avahi-daemon[949]: Service name conflict for "obmc_console" (/services/obmc_console.service), retrying with "obmc_console #5".
Jul 31 22:01:32 witherspoon avahi-daemon[949]: Service name conflict for "sftp" (/services/sftp.service), retrying with "sftp #5".
Jul 31 22:01:32 witherspoon avahi-daemon[949]: Service name conflict for "phosphor_rest" (/services/phosphor_rest.service), retrying with "phosphor_rest #5".
Jul 31 22:01:33 witherspoon avahi-daemon[949]: Service name conflict for "sftp" (/services/sftp.service), retrying with "sftp #6".
Jul 31 22:01:33 witherspoon avahi-daemon[949]: Service "phosphor_rest #5" (/services/phosphor_rest.service) successfully established.
Jul 31 22:01:33 witherspoon avahi-daemon[949]: Service "obmc_console #5" (/services/obmc_console.service) successfully established.
Jul 31 22:01:34 witherspoon avahi-daemon[949]: Service name conflict for "sftp" (/services/sftp.service), retrying with "sftp #7".
Jul 31 22:01:35 witherspoon avahi-daemon[949]: Service name conflict for "sftp" (/services/sftp.service), retrying with "sftp #8".
Jul 31 22:01:36 witherspoon avahi-daemon[949]: Service name conflict for "sftp" (/services/sftp.service), retrying with "sftp #9".
Jul 31 22:01:37 witherspoon system_manager.py[1013]: Running System State: BASE_APPS
Jul 31 22:01:37 witherspoon dbus[983]: [system] Activating via systemd: service name='org.freedesktop.hostname1' unit='dbus-org.freedesktop.hostname1.service'
Jul 31 22:01:37 witherspoon systemd[1]: Starting Hostname Service...
Jul 31 22:01:37 witherspoon system_manager.py[1013]: SystemManager Init Done
Jul 31 22:01:37 witherspoon system_manager.py[1013]: Running SystemManager
Jul 31 22:01:37 witherspoon systemd[1]: Started Phoshpor System Manager.
Jul 31 22:01:37 witherspoon systemd[1]: Started OpenPOWER OCC controller.
Jul 31 22:01:38 witherspoon avahi-daemon[949]: Service "sftp #9" (/services/sftp.service) successfully established.
Jul 31 22:01:38 witherspoon systemd[1]: Started Wait for /org/openbmc/control/flash/bios.
Jul 31 22:01:38 witherspoon systemd[1]: Started Initialize BIOS Flash.
Jul 31 22:01:39 witherspoon system_manager.py[1013]: SystemManager Goto System State: BMC_STARTING
Jul 31 22:01:39 witherspoon system_manager.py[1013]: Running System State: BMC_STARTING
Jul 31 22:01:39 witherspoon avahi-daemon[949]: Service name conflict for "sftp" (/services/sftp.service), retrying with "sftp #10".
Jul 31 22:01:39 witherspoon avahi-daemon[949]: Service name conflict for "sftp" (/services/sftp.service), retrying with "sftp #11".
Jul 31 22:01:40 witherspoon avahi-daemon[949]: Service name conflict for "sftp" (/services/sftp.service), retrying with "sftp #12".
Jul 31 22:01:41 witherspoon systemd[1]: Started Wait for /org/openbmc/managers/System.
Jul 31 22:01:41 witherspoon systemd[1]: Starting Phosphor Chassis State Manager...
Jul 31 22:01:41 witherspoon systemd[1]: Starting Phosphor Power Button0...
Jul 31 22:01:41 witherspoon systemd[1]: Starting Phosphor Host State Manager...
Jul 31 22:01:41 witherspoon avahi-daemon[949]: Service name conflict for "sftp" (/services/sftp.service), retrying with "sftp #13".
Jul 31 22:01:42 witherspoon avahi-daemon[949]: Service name conflict for "sftp" (/services/sftp.service), retrying with "sftp #14".
Jul 31 22:01:43 witherspoon systemd[1]: Starting Phosphor Power0 Control...
Jul 31 22:01:43 witherspoon settings_manager.py[1021]: Running HostSettingsService
Jul 31 22:01:43 witherspoon systemd[1]: Starting Phosphor BMC State Manager...
Jul 31 22:01:43 witherspoon systemd[1]: Starting Phosphor Reset Button0...
Jul 31 22:01:43 witherspoon systemd[1]: Started Phosphor Settings Manager.
Jul 31 22:01:43 witherspoon systemd[1]: Starting Wait for /org/openbmc/settings/host0...
Jul 31 22:01:43 witherspoon avahi-daemon[949]: Service name conflict for "sftp" (/services/sftp.service), retrying with "sftp #15".
Jul 31 22:01:43 witherspoon phosphor-chassis-state-manager[1054]: Initial Chassis State will be Off
Jul 31 22:01:43 witherspoon systemd[1]: Started Phosphor Chassis State Manager.
Jul 31 22:01:44 witherspoon dbus[983]: [system] Successfully activated service 'org.freedesktop.hostname1'
Jul 31 22:01:44 witherspoon systemd[1]: Started Hostname Service.
Jul 31 22:01:44 witherspoon systemd[1]: Started Phosphor BMC Code Update.
Jul 31 22:01:44 witherspoon bmc_update.py[1031]: Running Bmc Flash Control
Jul 31 22:01:44 witherspoon systemd[1]: Started Phosphor Network Manager.
Jul 31 22:01:44 witherspoon avahi-daemon[949]: Service name conflict for "sftp" (/services/sftp.service), retrying with "sftp #16".
Jul 31 22:01:46 witherspoon flash_bios.exe[1029]: Starting flasher: bios,,/org/openbmc/control/flash/bios,
Jul 31 22:01:46 witherspoon flash_bios.exe[1029]: flasher: , BMC = 1, address = 0x0
Jul 31 22:01:46 witherspoon flash_bios.exe[1029]: Setting up flash
Jul 31 22:01:46 witherspoon flash_bios.exe[1029]: Starting flasher: bios,,/org/openbmc/control/flash/bios,
Jul 31 22:01:46 witherspoon flash_bios.exe[1029]: flasher: , BMC = 1, address = 0x0
Jul 31 22:01:46 witherspoon flash_bios.exe[1029]: Setting up flash
Jul 31 22:01:47 witherspoon button_reset.exe[1061]: GPIO Lookup:  RESET_BUTTON = 353,both
Jul 31 22:01:47 witherspoon button_power.exe[1055]: GPIO Lookup:  POWER_BUTTON = 347,both
Jul 31 22:01:47 witherspoon systemd[1]: Started Phosphor Reset Button0.
Jul 31 22:01:47 witherspoon systemd[1]: Started Phosphor Power Button0.
Jul 31 22:01:47 witherspoon phosphor-bmc-state-manager[1060]: Setting the BMCState field
Jul 31 22:01:47 witherspoon phosphor-bmc-state-manager[1060]: Setting the BMCState field
Jul 31 22:01:47 witherspoon systemd[1]: Started Phosphor BMC State Manager.
Jul 31 22:01:48 witherspoon system_manager.py[1013]: New object: /org/openbmc/control/power0 (:1.63)
Jul 31 22:01:48 witherspoon systemd[1]: Started Wait for /org/openbmc/settings/host0.
Jul 31 22:01:48 witherspoon systemd[1]: Started Phosphor Inband IPMI.
Jul 31 22:01:48 witherspoon system_manager.py[1013]: Power GPIO config: ['SYS_PWROK_BUFF', '', [('SOFTWARE_PGOOD', True), ('BMC_POWER_UP', True)], [('BMC_CP0_RESET_N', False)], [], 'FSI_DATA', 'FSI_CLK', 'FSI_ENABLE', 'CRONUS_SEL', []]
Jul 31 22:01:48 witherspoon power_control.exe[1059]: Power GPIO latch output:
Jul 31 22:01:48 witherspoon power_control.exe[1059]: Power GPIO power good input: SYS_PWROK_BUFF
Jul 31 22:01:48 witherspoon power_control.exe[1059]: Power GPIO 2 power_up outputs
Jul 31 22:01:48 witherspoon power_control.exe[1059]: Power GPIO power_up[0] = SOFTWARE_PGOOD active HIGH
Jul 31 22:01:48 witherspoon power_control.exe[1059]: Power GPIO power_up[1] = BMC_POWER_UP active HIGH
Jul 31 22:01:48 witherspoon power_control.exe[1059]: Power GPIO 1 reset outputs
Jul 31 22:01:48 witherspoon power_control.exe[1059]: Power GPIO reset[0] = BMC_CP0_RESET_N active LOW
Jul 31 22:01:48 witherspoon power_control.exe[1059]: Power GPIO 0 pci reset outputs
Jul 31 22:01:48 witherspoon power_control.exe[1059]: FSI DATA GPIO: FSI_DATA
Jul 31 22:01:48 witherspoon power_control.exe[1059]: FSI CLK GPIO: FSI_CLK
Jul 31 22:01:48 witherspoon power_control.exe[1059]: FSI ENABLE GPIO: FSI_ENABLE
Jul 31 22:01:48 witherspoon power_control.exe[1059]: CRONUS SEL GPIO: CRONUS_SEL
Jul 31 22:01:48 witherspoon power_control.exe[1059]: Hostctl GPIO optionals: 0
Jul 31 22:01:49 witherspoon power_control.exe[1059]: GPIO Lookup:  SYS_PWROK_BUFF = 306,in
Jul 31 22:01:49 witherspoon power_control.exe[1059]: GPIO Lookup:  SOFTWARE_PGOOD = 417,out
Jul 31 22:01:49 witherspoon power_control.exe[1059]: GPIO Lookup:  BMC_POWER_UP = 305,out
Jul 31 22:01:49 witherspoon phosphor-host-state-manager[1056]: Initial Host State will be Off
Jul 31 22:01:49 witherspoon power_control.exe[1059]: GPIO Lookup:  BMC_CP0_RESET_N = 281,out
Jul 31 22:01:49 witherspoon power_control.exe[1059]: Pgood state: 0
Jul 31 22:01:49 witherspoon systemd[1]: Started Phosphor Power0 Control.
Jul 31 22:01:52 witherspoon systemd[1]: Started Phosphor Host State Manager.
Jul 31 22:01:54 witherspoon systemd[1]: Started Wait for /xyz/openbmc_project/state/chassis0.
Jul 31 22:01:56 witherspoon system_manager.py[1013]: SystemManager Goto System State: BMC_READY
Jul 31 22:01:56 witherspoon system_manager.py[1013]: Running System State: BMC_READY
Jul 31 22:01:57 witherspoon systemd[1]: Started Wait for /org/openbmc/control/power0.
Jul 31 22:01:57 witherspoon systemd[1]: Starting Check Chassis0 pgood and create a file to indicate it...
Jul 31 22:01:57 witherspoon systemd[1]: Starting Phosphor Time Manager daemon...
Jul 31 22:01:57 witherspoon timemanager[1094]: Registering dbus methods
Jul 31 22:01:58 witherspoon systemd[1]: Started Wait for /xyz/openbmc_project/state/host0.
Jul 31 22:01:58 witherspoon systemd[1]: Starting Reboot If Enabled...
Jul 31 22:01:59 witherspoon phosphor-discover-system-state[1103]: Host power is off, checking power policy
Jul 31 22:01:59 witherspoon systemd[1]: Started Reboot If Enabled.
Jul 31 22:01:59 witherspoon systemd[1]: Started Wait for /xyz/openbmc_project/control/host0.
Jul 31 22:02:02 witherspoon timemanager[1094]: Last known time_mode: NTP
Jul 31 22:02:02 witherspoon timemanager[1094]: Last known time_owner: BMC
Jul 31 22:02:02 witherspoon timemanager[1094]: Empty DhcpNtp string
Jul 31 22:02:02 witherspoon timemanager[1094]: Reading Power Control key: pgood
Jul 31 22:02:02 witherspoon timemanager[1094]: Changing settings *allowed* now
Jul 31 22:02:02 witherspoon timemanager[1094]: Getting System Settings: time_mode
Jul 31 22:02:02 witherspoon systemd[1]: Started Check Chassis0 pgood and create a file to indicate it.
Jul 31 22:02:02 witherspoon systemd[1]: Reached target Chassis0 power on after reset.
Jul 31 22:02:02 witherspoon systemd[1]: Reached target Host0 running after reset.
Jul 31 22:02:02 witherspoon systemd[1]: Reached target Host0 (Reset Check).
Jul 31 22:02:02 witherspoon systemd[1]: Reached target Chassis0 (Reset Check).
Jul 31 22:02:02 witherspoon timemanager[1094]: Requested_Mode: NTP Current_Mode: NTP
Jul 31 22:02:02 witherspoon timemanager[1094]: Mode is already set to : NTP
Jul 31 22:02:02 witherspoon timemanager[1094]: Getting System Settings: time_owner
Jul 31 22:02:02 witherspoon timemanager[1094]: Owner is already set to : BMC
Jul 31 22:02:02 witherspoon timemanager[1094]: Getting System Settings: use_dhcp_ntp
Jul 31 22:02:03 witherspoon timemanager[1094]: use_dhcp_ntp = yes
Jul 31 22:02:03 witherspoon timemanager[1094]: Last known host_offset:0
Jul 31 22:02:03 witherspoon timemanager[1094]: Initial Uptime Usec: 1501538398260441
Jul 31 22:02:03 witherspoon systemd[1]: Started Phosphor Time Manager daemon.
Jul 31 22:02:04 witherspoon avahi-daemon[949]: Service name conflict for "sftp" (/services/sftp.service), retrying with "sftp #17".
Jul 31 22:02:22 witherspoon phosphor-gevent[1026]: Traceback (most recent call last):
Jul 31 22:02:22 witherspoon phosphor-gevent[1026]:   File "/usr/lib/python2.7/site-packages/gevent/greenlet.py", line 327, in run
Jul 31 22:02:22 witherspoon phosphor-gevent[1026]:     result = self._run(*self.args, **self.kwargs)
Jul 31 22:02:22 witherspoon phosphor-gevent[1026]:   File "/usr/lib/python2.7/site-packages/gevent/server.py", line 102, in wrap_socket_and_handle
Jul 31 22:02:22 witherspoon phosphor-gevent[1026]:     ssl_socket = self.wrap_socket(client_socket, **self.ssl_args)
Jul 31 22:02:22 witherspoon phosphor-gevent[1026]:   File "/usr/lib/python2.7/site-packages/gevent/ssl.py", line 404, in wrap_socket
Jul 31 22:02:22 witherspoon phosphor-gevent[1026]:     ciphers=ciphers)
Jul 31 22:02:22 witherspoon phosphor-gevent[1026]:   File "/usr/lib/python2.7/site-packages/gevent/ssl.py", line 113, in __init__
Jul 31 22:02:22 witherspoon phosphor-gevent[1026]:     self.do_handshake()
Jul 31 22:02:22 witherspoon phosphor-gevent[1026]:   File "/usr/lib/python2.7/site-packages/gevent/ssl.py", line 324, in do_handshake
Jul 31 22:02:22 witherspoon phosphor-gevent[1026]:     return self._sslobj.do_handshake()
Jul 31 22:02:22 witherspoon phosphor-gevent[1026]: SSLEOFError: EOF occurred in violation of protocol (_ssl.c:590)
Jul 31 22:02:22 witherspoon phosphor-gevent[1026]: <Greenlet at 0x75fdb3f0: <bound method WSGIServer.wrap_socket_and_handle of <WSGIServer at 0x75fb1b50 fileno=5 address=('::3452:ec76:b02d:6276%1986145696', 443, 0, 1986145696)>>(<socket at 0x75e88830 fileno=9>, ('::8039:6076:8e91:f402%1995127580', 60568, 0, 199)> failed with SSLEOFError
Jul 31 22:02:22 witherspoon phosphor-gevent[1026]: Traceback (most recent call last):
Jul 31 22:02:22 witherspoon phosphor-gevent[1026]:   File "/usr/lib/python2.7/site-packages/gevent/greenlet.py", line 327, in run
Jul 31 22:02:22 witherspoon phosphor-gevent[1026]:     result = self._run(*self.args, **self.kwargs)
Jul 31 22:02:22 witherspoon phosphor-gevent[1026]:   File "/usr/lib/python2.7/site-packages/gevent/server.py", line 102, in wrap_socket_and_handle
Jul 31 22:02:22 witherspoon phosphor-gevent[1026]:     ssl_socket = self.wrap_socket(client_socket, **self.ssl_args)
Jul 31 22:02:22 witherspoon phosphor-gevent[1026]:   File "/usr/lib/python2.7/site-packages/gevent/ssl.py", line 404, in wrap_socket
Jul 31 22:02:22 witherspoon phosphor-gevent[1026]:     ciphers=ciphers)
Jul 31 22:02:22 witherspoon phosphor-gevent[1026]:   File "/usr/lib/python2.7/site-packages/gevent/ssl.py", line 113, in __init__
Jul 31 22:02:22 witherspoon phosphor-gevent[1026]:     self.do_handshake()
Jul 31 22:02:22 witherspoon phosphor-gevent[1026]:   File "/usr/lib/python2.7/site-packages/gevent/ssl.py", line 324, in do_handshake
Jul 31 22:02:22 witherspoon phosphor-gevent[1026]:     return self._sslobj.do_handshake()
Jul 31 22:02:22 witherspoon phosphor-gevent[1026]: SSLEOFError: EOF occurred in violation of protocol (_ssl.c:590)
Jul 31 22:02:22 witherspoon phosphor-gevent[1026]: <Greenlet at 0x75fdb6c0: <bound method WSGIServer.wrap_socket_and_handle of <WSGIServer at 0x75fb1b50 fileno=5 address=('::3452:ec76:b02d:6276%1986145696', 443, 0, 1986145696)>>(<socket at 0x75e887d0 fileno=10>, ('::8039:6076:8e91:f402%1995127580', 60570, 0, 199)> failed with SSLEOFError
Jul 31 22:02:22 witherspoon phosphor-gevent[1026]: Traceback (most recent call last):
Jul 31 22:02:22 witherspoon phosphor-gevent[1026]:   File "/usr/lib/python2.7/site-packages/gevent/greenlet.py", line 327, in run
Jul 31 22:02:22 witherspoon phosphor-gevent[1026]:     result = self._run(*self.args, **self.kwargs)
Jul 31 22:02:22 witherspoon phosphor-gevent[1026]:   File "/usr/lib/python2.7/site-packages/gevent/server.py", line 102, in wrap_socket_and_handle
Jul 31 22:02:22 witherspoon phosphor-gevent[1026]:     ssl_socket = self.wrap_socket(client_socket, **self.ssl_args)
Jul 31 22:02:22 witherspoon phosphor-gevent[1026]:   File "/usr/lib/python2.7/site-packages/gevent/ssl.py", line 404, in wrap_socket
Jul 31 22:02:22 witherspoon phosphor-gevent[1026]:     ciphers=ciphers)
Jul 31 22:02:22 witherspoon phosphor-gevent[1026]:   File "/usr/lib/python2.7/site-packages/gevent/ssl.py", line 113, in __init__
Jul 31 22:02:22 witherspoon phosphor-gevent[1026]:     self.do_handshake()
Jul 31 22:02:22 witherspoon phosphor-gevent[1026]:   File "/usr/lib/python2.7/site-packages/gevent/ssl.py", line 324, in do_handshake
Jul 31 22:02:22 witherspoon phosphor-gevent[1026]:     return self._sslobj.do_handshake()
Jul 31 22:02:22 witherspoon phosphor-gevent[1026]: SSLEOFError: EOF occurred in violation of protocol (_ssl.c:590)
Jul 31 22:02:22 witherspoon phosphor-gevent[1026]: <Greenlet at 0x75fdb3a0: <bound method WSGIServer.wrap_socket_and_handle of <WSGIServer at 0x75fb1b50 fileno=5 address=('::3452:ec76:b02d:6276%1986145696', 443, 0, 1986145696)>>(<socket at 0x75e88870 fileno=11>, ('::8039:6076:8e91:f402%1995127580', 60572, 0, 199)> failed with SSLEOFError
Jul 31 22:02:25 witherspoon phosphor-gevent[1026]: ::8039:6076:8e91:f402%1995127580 - - [2017-07-31 22:02:25] "POST /login HTTP/1.1" 200 320 0.045065
Jul 31 22:02:25 witherspoon phosphor-gevent[1026]: ::8039:6076:8e91:f402%1995127580 - - [2017-07-31 22:02:25] "GET /xyz/openbmc_project/state/chassis0//attr/CurrentPowerState HTTP/1.1" 200 216 0.062651
Jul 31 22:02:25 witherspoon phosphor-gevent[1026]: ::8039:6076:8e91:f402%1995127580 - - [2017-07-31 22:02:25] "POST /login HTTP/1.1" 200 320 0.033038
Jul 31 22:02:25 witherspoon avahi-daemon[949]: Service name conflict for "sftp" (/services/sftp.service), retrying with "sftp #18".
Jul 31 22:02:25 witherspoon phosphor-gevent[1026]: ::8039:6076:8e91:f402%1995127580 - - [2017-07-31 22:02:25] "GET /xyz/openbmc_project/state/chassis0//attr/CurrentPowerState HTTP/1.1" 200 216 0.077566
Jul 31 22:02:25 witherspoon phosphor-gevent[1026]: ::8039:6076:8e91:f402%1995127580 - - [2017-07-31 22:02:25] "POST /login HTTP/1.1" 200 320 0.032947
Jul 31 22:02:26 witherspoon phosphor-gevent[1026]: ::8039:6076:8e91:f402%1995127580 - - [2017-07-31 22:02:26] "GET /org/openbmc/sensors/host/BootProgress/attr/value HTTP/1.1" 200 170 0.052388
Jul 31 22:02:26 witherspoon phosphor-gevent[1026]: ::8039:6076:8e91:f402%1995127580 - - [2017-07-31 22:02:26] "POST /login HTTP/1.1" 200 320 0.032887
Jul 31 22:02:26 witherspoon phosphor-gevent[1026]: ::8039:6076:8e91:f402%1995127580 - - [2017-07-31 22:02:26] "GET /xyz/openbmc_project/state/host0//attr/CurrentHostState HTTP/1.1" 200 212 0.372780
Jul 31 22:02:27 witherspoon phosphor-gevent[1026]: ::8039:6076:8e91:f402%1995127580 - - [2017-07-31 22:02:27] "POST /login HTTP/1.1" 200 320 0.032823
Jul 31 22:02:27 witherspoon phosphor-gevent[1026]: ::8039:6076:8e91:f402%1995127580 - - [2017-07-31 22:02:27] "GET /xyz/openbmc_project/logging/entry//list HTTP/1.1" 200 214 0.370096
Jul 31 22:02:27 witherspoon phosphor-gevent[1026]: ::8039:6076:8e91:f402%1995127580 - - [2017-07-31 22:02:27] "POST /login HTTP/1.1" 200 320 0.033181
Jul 31 22:02:27 witherspoon phosphor-gevent[1026]: ::8039:6076:8e91:f402%1995127580 - - [2017-07-31 22:02:27] "GET /xyz/openbmc_project/logging/entry//list HTTP/1.1" 200 214 0.038582
Jul 31 22:02:28 witherspoon phosphor-gevent[1026]: ::8039:6076:8e91:f402%1995127580 - - [2017-07-31 22:02:28] "POST /login HTTP/1.1" 200 320 0.032942
Jul 31 22:02:28 witherspoon phosphor-gevent[1026]: ::8039:6076:8e91:f402%1995127580 - - [2017-07-31 22:02:28] "DELETE /xyz/openbmc_project/logging/entry/1 HTTP/1.1" 200 169 0.079204
Jul 31 22:02:28 witherspoon systemd[1]: Started SSH Per-Connection Server (9.41.165.94:49204).
Jul 31 22:02:28 witherspoon dropbear[1114]: Failed loading /etc/dropbear/dropbear_dss_host_key
Jul 31 22:02:28 witherspoon dropbear[1114]: Failed loading /etc/dropbear/dropbear_ecdsa_host_key
Jul 31 22:02:28 witherspoon dropbear[1114]: Child connection from ::ffff:9.41.165.94:49204
Jul 31 22:02:29 witherspoon dropbear[1114]: PAM password auth succeeded for 'root' from ::ffff:9.41.165.94:49204
Jul 31 22:02:29 witherspoon dropbear[1115]: lastlog_perform_login: Couldn't stat /var/log/lastlog: No such file or directory
Jul 31 22:02:29 witherspoon dropbear[1115]: lastlog_openseek: /var/log/lastlog is not a file or directory!
Jul 31 22:02:30 witherspoon phosphor-gevent[1026]: ::8039:6076:8e91:f402%1995127580 - - [2017-07-31 22:02:30] "POST /login HTTP/1.1" 200 320 0.041565
Jul 31 22:02:31 witherspoon phosphor-gevent[1026]: ::8039:6076:8e91:f402%1995127580 - - [2017-07-31 22:02:31] "GET /xyz/openbmc_project/state/host0//attr/CurrentHostState HTTP/1.1" 200 212 0.051993
Jul 31 22:02:31 witherspoon dropbear[1000]: Exit (root): Exited normally
Jul 31 22:02:31 witherspoon dropbear[1114]: Exit (root): Exited normally
Jul 31 22:02:33 witherspoon systemd[1]: Started SSH Per-Connection Server (9.41.165.94:49208).
Jul 31 22:02:34 witherspoon dropbear[1126]: Failed loading /etc/dropbear/dropbear_dss_host_key
Jul 31 22:02:34 witherspoon dropbear[1126]: Failed loading /etc/dropbear/dropbear_ecdsa_host_key
Jul 31 22:02:34 witherspoon dropbear[1126]: Child connection from ::ffff:9.41.165.94:49208
Jul 31 22:02:35 witherspoon dropbear[1126]: PAM password auth succeeded for 'root' from ::ffff:9.41.165.94:49208
Jul 31 22:02:35 witherspoon dropbear[1127]: lastlog_perform_login: Couldn't stat /var/log/lastlog: No such file or directory
Jul 31 22:02:35 witherspoon dropbear[1127]: lastlog_openseek: /var/log/lastlog is not a file or directory!
Jul 31 22:02:35 witherspoon phosphor-gevent[1026]: ::8039:6076:8e91:f402%1995127580 - - [2017-07-31 22:02:35] "POST /login HTTP/1.1" 200 320 0.033069
Jul 31 22:02:36 witherspoon phosphor-gevent[1026]: ::8039:6076:8e91:f402%1995127580 - - [2017-07-31 22:02:36] "PUT /org/openbmc/settings/host0/attr/power_policy HTTP/1.1" 200 169 0.620759
Jul 31 22:02:36 witherspoon phosphor-gevent[1026]: ::8039:6076:8e91:f402%1995127580 - - [2017-07-31 22:02:36] "POST /login HTTP/1.1" 200 320 0.032930
Jul 31 22:02:36 witherspoon phosphor-gevent[1026]: ::8039:6076:8e91:f402%1995127580 - - [2017-07-31 22:02:36] "GET /org/openbmc/settings/host0/attr/power_policy HTTP/1.1" 200 185 0.070155
Jul 31 22:02:36 witherspoon phosphor-gevent[1026]: ::8039:6076:8e91:f402%1995127580 - - [2017-07-31 22:02:36] "POST /login HTTP/1.1" 200 320 0.032925
Jul 31 22:02:37 witherspoon phosphor-gevent[1026]: ::8039:6076:8e91:f402%1995127580 - - [2017-07-31 22:02:37] "GET /xyz/openbmc_project/state/chassis0//attr/CurrentPowerState HTTP/1.1" 200 216 0.064357
Jul 31 22:02:37 witherspoon phosphor-gevent[1026]: ::8039:6076:8e91:f402%1995127580 - - [2017-07-31 22:02:37] "POST /login HTTP/1.1" 200 320 0.032892
Jul 31 22:02:37 witherspoon phosphor-gevent[1026]: ::8039:6076:8e91:f402%1995127580 - - [2017-07-31 22:02:37] "GET /xyz/openbmc_project/state/bmc0//attr/CurrentBMCState HTTP/1.1" 200 215 0.049890
Jul 31 22:02:37 witherspoon phosphor-gevent[1026]: ::8039:6076:8e91:f402%1995127580 - - [2017-07-31 22:02:37] "POST /login HTTP/1.1" 200 320 0.033111
Jul 31 22:02:38 witherspoon phosphor-gevent[1026]: ::8039:6076:8e91:f402%1995127580 - - [2017-07-31 22:02:38] "GET /org/openbmc/sensors/host/BootProgress/attr/value HTTP/1.1" 200 170 0.052985
Jul 31 22:02:38 witherspoon phosphor-gevent[1026]: ::8039:6076:8e91:f402%1995127580 - - [2017-07-31 22:02:38] "POST /login HTTP/1.1" 200 320 0.062831
Jul 31 22:02:38 witherspoon phosphor-gevent[1026]: ::8039:6076:8e91:f402%1995127580 - - [2017-07-31 22:02:38] "GET /xyz/openbmc_project/state/host0//attr/CurrentHostState HTTP/1.1" 200 212 0.049902
Jul 31 22:02:39 witherspoon phosphor-gevent[1026]: ::8039:6076:8e91:f402%1995127580 - - [2017-07-31 22:02:39] "POST /login HTTP/1.1" 200 320 0.507945
Jul 31 22:02:39 witherspoon phosphor-gevent[1026]: ::8039:6076:8e91:f402%1995127580 - - [2017-07-31 22:02:39] "GET /xyz/openbmc_project/logging/entry//list HTTP/1.1" 404 311 0.029801
Jul 31 22:02:39 witherspoon systemd[1]: Started SSH Per-Connection Server (9.41.165.94:49224).
Jul 31 22:02:39 witherspoon dropbear[1133]: Failed loading /etc/dropbear/dropbear_dss_host_key
Jul 31 22:02:39 witherspoon dropbear[1133]: Failed loading /etc/dropbear/dropbear_ecdsa_host_key
Jul 31 22:02:39 witherspoon dropbear[1133]: Child connection from ::ffff:9.41.165.94:49224
Jul 31 22:02:40 witherspoon dropbear[1133]: PAM password auth succeeded for 'root' from ::ffff:9.41.165.94:49224
Jul 31 22:02:46 witherspoon avahi-daemon[949]: Service name conflict for "sftp" (/services/sftp.service), retrying with "sftp #19".
Jul 31 22:03:05 witherspoon avahi-daemon[949]: Service name conflict for "sftp" (/services/sftp.service), retrying with "sftp #20".
Jul 31 22:03:26 witherspoon avahi-daemon[949]: Service name conflict for "sftp" (/services/sftp.service), retrying with "sftp #21".
Jul 31 22:03:35 witherspoon phosphor-gevent[1026]: ::8039:6076:8e91:f402%1995127580 - - [2017-07-31 22:03:35] "POST /login HTTP/1.1" 200 320 0.033485
Jul 31 22:03:36 witherspoon phosphor-gevent[1026]: ::8039:6076:8e91:f402%1995127580 - - [2017-07-31 22:03:36] "POST /org/openbmc/control/flash/bios//action/update HTTP/1.1" 200 169 0.571417
Jul 31 22:03:36 witherspoon flash_bios.exe[1029]: Starting flasher: bios,/tmp/witherspoon_910_golden.pnor,/org/openbmc/control/flash/bios,
Jul 31 22:03:36 witherspoon flash_bios.exe[1029]: flasher: /tmp/witherspoon_910_golden.pnor, BMC = 1, address = 0x0
Jul 31 22:03:36 witherspoon flash_bios.exe[1029]: Setting up flash
Jul 31 22:03:36 witherspoon phosphor-gevent[1026]: ::8039:6076:8e91:f402%1995127580 - - [2017-07-31 22:03:36] "POST /login HTTP/1.1" 200 320 0.351143
Jul 31 22:03:37 witherspoon phosphor-gevent[1026]: ::8039:6076:8e91:f402%1995127580 - - [2017-07-31 22:03:37] "GET /org/openbmc/control/flash/bios HTTP/1.1" 200 397 0.075307
Jul 31 22:03:37 witherspoon phosphor-gevent[1026]: ::8039:6076:8e91:f402%1995127580 - - [2017-07-31 22:03:37] "POST /login HTTP/1.1" 200 320 0.034182
Jul 31 22:03:37 witherspoon phosphor-gevent[1026]: ::8039:6076:8e91:f402%1995127580 - - [2017-07-31 22:03:37] "GET /org/openbmc/control/flash/bios HTTP/1.1" 200 397 0.503339
Jul 31 22:03:46 witherspoon avahi-daemon[949]: Service name conflict for "sftp" (/services/sftp.service), retrying with "sftp #22".
Jul 31 22:03:47 witherspoon phosphor-gevent[1026]: ::8039:6076:8e91:f402%1995127580 - - [2017-07-31 22:03:47] "POST /login HTTP/1.1" 200 320 0.043426
Jul 31 22:03:48 witherspoon phosphor-gevent[1026]: ::8039:6076:8e91:f402%1995127580 - - [2017-07-31 22:03:48] "GET /org/openbmc/control/flash/bios HTTP/1.1" 200 397 0.458054
Jul 31 22:03:58 witherspoon phosphor-gevent[1026]: ::8039:6076:8e91:f402%1995127580 - - [2017-07-31 22:03:58] "POST /login HTTP/1.1" 200 320 0.032769
Jul 31 22:03:59 witherspoon phosphor-gevent[1026]: ::8039:6076:8e91:f402%1995127580 - - [2017-07-31 22:03:59] "GET /org/openbmc/control/flash/bios HTTP/1.1" 200 397 0.581697
Jul 31 22:04:07 witherspoon avahi-daemon[949]: Service name conflict for "sftp" (/services/sftp.service), retrying with "sftp #23".
Jul 31 22:04:09 witherspoon phosphor-gevent[1026]: ::8039:6076:8e91:f402%1995127580 - - [2017-07-31 22:04:09] "POST /login HTTP/1.1" 200 320 0.033454
Jul 31 22:04:09 witherspoon phosphor-gevent[1026]: ::8039:6076:8e91:f402%1995127580 - - [2017-07-31 22:04:09] "GET /org/openbmc/control/flash/bios HTTP/1.1" 200 397 0.070936
Jul 31 22:04:19 witherspoon phosphor-gevent[1026]: ::8039:6076:8e91:f402%1995127580 - - [2017-07-31 22:04:19] "POST /login HTTP/1.1" 200 320 0.033164
Jul 31 22:04:19 witherspoon phosphor-gevent[1026]: ::8039:6076:8e91:f402%1995127580 - - [2017-07-31 22:04:19] "GET /org/openbmc/control/flash/bios HTTP/1.1" 200 397 0.068672
Jul 31 22:04:26 witherspoon avahi-daemon[949]: Service name conflict for "sftp" (/services/sftp.service), retrying with "sftp #24".
Jul 31 22:04:29 witherspoon phosphor-gevent[1026]: ::8039:6076:8e91:f402%1995127580 - - [2017-07-31 22:04:29] "POST /login HTTP/1.1" 200 320 0.032963
Jul 31 22:04:30 witherspoon phosphor-gevent[1026]: ::8039:6076:8e91:f402%1995127580 - - [2017-07-31 22:04:30] "GET /org/openbmc/control/flash/bios HTTP/1.1" 200 397 0.825419
Jul 31 22:04:40 witherspoon phosphor-gevent[1026]: ::8039:6076:8e91:f402%1995127580 - - [2017-07-31 22:04:40] "POST /login HTTP/1.1" 200 320 0.033024
Jul 31 22:04:41 witherspoon phosphor-gevent[1026]: ::8039:6076:8e91:f402%1995127580 - - [2017-07-31 22:04:41] "GET /org/openbmc/control/flash/bios HTTP/1.1" 200 397 0.893114
Jul 31 22:04:47 witherspoon avahi-daemon[949]: Service name conflict for "sftp" (/services/sftp.service), retrying with "sftp #25".
Jul 31 22:04:52 witherspoon phosphor-gevent[1026]: ::8039:6076:8e91:f402%1995127580 - - [2017-07-31 22:04:52] "POST /login HTTP/1.1" 200 320 0.034170
Jul 31 22:04:52 witherspoon phosphor-gevent[1026]: ::8039:6076:8e91:f402%1995127580 - - [2017-07-31 22:04:52] "GET /org/openbmc/control/flash/bios HTTP/1.1" 200 397 0.068103
Jul 31 22:05:02 witherspoon phosphor-gevent[1026]: ::8039:6076:8e91:f402%1995127580 - - [2017-07-31 22:05:02] "POST /login HTTP/1.1" 200 320 0.033360
Jul 31 22:05:02 witherspoon phosphor-gevent[1026]: ::8039:6076:8e91:f402%1995127580 - - [2017-07-31 22:05:02] "GET /org/openbmc/control/flash/bios HTTP/1.1" 200 397 0.072051
Jul 31 22:05:07 witherspoon avahi-daemon[949]: Service name conflict for "sftp" (/services/sftp.service), retrying with "sftp #26".
Jul 31 22:05:12 witherspoon phosphor-gevent[1026]: ::8039:6076:8e91:f402%1995127580 - - [2017-07-31 22:05:12] "POST /login HTTP/1.1" 200 320 0.032921
Jul 31 22:05:12 witherspoon phosphor-gevent[1026]: ::8039:6076:8e91:f402%1995127580 - - [2017-07-31 22:05:12] "GET /org/openbmc/control/flash/bios HTTP/1.1" 200 397 0.068224
Jul 31 22:05:22 witherspoon phosphor-gevent[1026]: ::8039:6076:8e91:f402%1995127580 - - [2017-07-31 22:05:22] "POST /login HTTP/1.1" 200 320 0.033182
Jul 31 22:05:24 witherspoon phosphor-gevent[1026]: ::8039:6076:8e91:f402%1995127580 - - [2017-07-31 22:05:24] "GET /org/openbmc/control/flash/bios HTTP/1.1" 200 397 0.123949
Jul 31 22:05:29 witherspoon avahi-daemon[949]: Service name conflict for "sftp" (/services/sftp.service), retrying with "sftp #27".
Jul 31 22:05:34 witherspoon phosphor-gevent[1026]: ::8039:6076:8e91:f402%1995127580 - - [2017-07-31 22:05:34] "POST /login HTTP/1.1" 200 320 0.032934
Jul 31 22:05:34 witherspoon phosphor-gevent[1026]: ::8039:6076:8e91:f402%1995127580 - - [2017-07-31 22:05:34] "GET /org/openbmc/control/flash/bios HTTP/1.1" 200 397 0.068230
Jul 31 22:05:44 witherspoon phosphor-gevent[1026]: ::8039:6076:8e91:f402%1995127580 - - [2017-07-31 22:05:44] "POST /login HTTP/1.1" 200 320 0.032805
Jul 31 22:05:44 witherspoon phosphor-gevent[1026]: ::8039:6076:8e91:f402%1995127580 - - [2017-07-31 22:05:44] "GET /org/openbmc/control/flash/bios HTTP/1.1" 200 397 0.068480
Jul 31 22:05:50 witherspoon avahi-daemon[949]: Service name conflict for "sftp" (/services/sftp.service), retrying with "sftp #28".
Jul 31 22:05:54 witherspoon phosphor-gevent[1026]: ::8039:6076:8e91:f402%1995127580 - - [2017-07-31 22:05:54] "POST /login HTTP/1.1" 200 320 0.033166
Jul 31 22:05:55 witherspoon phosphor-gevent[1026]: ::8039:6076:8e91:f402%1995127580 - - [2017-07-31 22:05:55] "GET /org/openbmc/control/flash/bios HTTP/1.1" 200 397 0.068483
Jul 31 22:06:05 witherspoon phosphor-gevent[1026]: ::8039:6076:8e91:f402%1995127580 - - [2017-07-31 22:06:05] "POST /login HTTP/1.1" 200 320 0.045656
Jul 31 22:06:05 witherspoon phosphor-gevent[1026]: ::8039:6076:8e91:f402%1995127580 - - [2017-07-31 22:06:05] "GET /org/openbmc/control/flash/bios HTTP/1.1" 200 397 0.072107
Jul 31 22:06:11 witherspoon avahi-daemon[949]: Service name conflict for "sftp" (/services/sftp.service), retrying with "sftp #29".
Jul 31 22:06:15 witherspoon phosphor-gevent[1026]: ::8039:6076:8e91:f402%1995127580 - - [2017-07-31 22:06:15] "POST /login HTTP/1.1" 200 320 0.033161
Jul 31 22:06:15 witherspoon phosphor-gevent[1026]: ::8039:6076:8e91:f402%1995127580 - - [2017-07-31 22:06:15] "GET /org/openbmc/control/flash/bios HTTP/1.1" 200 401 0.068254
Jul 31 22:06:25 witherspoon phosphor-gevent[1026]: ::8039:6076:8e91:f402%1995127580 - - [2017-07-31 22:06:25] "POST /login HTTP/1.1" 200 320 0.032995
Jul 31 22:06:25 witherspoon phosphor-gevent[1026]: ::8039:6076:8e91:f402%1995127580 - - [2017-07-31 22:06:25] "GET /org/openbmc/control/flash/bios HTTP/1.1" 200 402 0.068194
Jul 31 22:06:32 witherspoon avahi-daemon[949]: Service name conflict for "sftp" (/services/sftp.service), retrying with "sftp #30".
Jul 31 22:06:37 witherspoon phosphor-gevent[1026]: ::8039:6076:8e91:f402%1995127580 - - [2017-07-31 22:06:37] "POST /login HTTP/1.1" 200 320 0.049400
Jul 31 22:06:37 witherspoon phosphor-gevent[1026]: ::8039:6076:8e91:f402%1995127580 - - [2017-07-31 22:06:37] "GET /org/openbmc/control/flash/bios HTTP/1.1" 200 402 0.075915
Jul 31 22:06:47 witherspoon phosphor-gevent[1026]: ::8039:6076:8e91:f402%1995127580 - - [2017-07-31 22:06:47] "POST /login HTTP/1.1" 200 320 0.032867
Jul 31 22:06:47 witherspoon phosphor-gevent[1026]: ::8039:6076:8e91:f402%1995127580 - - [2017-07-31 22:06:47] "GET /org/openbmc/control/flash/bios HTTP/1.1" 200 402 0.068434
Jul 31 22:06:52 witherspoon avahi-daemon[949]: Service name conflict for "sftp" (/services/sftp.service), retrying with "sftp #31".
Jul 31 22:06:58 witherspoon phosphor-gevent[1026]: ::8039:6076:8e91:f402%1995127580 - - [2017-07-31 22:06:58] "POST /login HTTP/1.1" 200 320 0.033270
Jul 31 22:06:58 witherspoon phosphor-gevent[1026]: ::8039:6076:8e91:f402%1995127580 - - [2017-07-31 22:06:58] "GET /org/openbmc/control/flash/bios HTTP/1.1" 200 402 0.068406
Jul 31 22:07:08 witherspoon phosphor-gevent[1026]: ::8039:6076:8e91:f402%1995127580 - - [2017-07-31 22:07:08] "POST /login HTTP/1.1" 200 320 0.033240
Jul 31 22:07:10 witherspoon phosphor-gevent[1026]: ::8039:6076:8e91:f402%1995127580 - - [2017-07-31 22:07:10] "GET /org/openbmc/control/flash/bios HTTP/1.1" 200 402 0.129618
Jul 31 22:07:12 witherspoon avahi-daemon[949]: Service name conflict for "sftp" (/services/sftp.service), retrying with "sftp #32".
Jul 31 22:07:20 witherspoon phosphor-gevent[1026]: ::8039:6076:8e91:f402%1995127580 - - [2017-07-31 22:07:20] "POST /login HTTP/1.1" 200 320 0.033312
Jul 31 22:07:20 witherspoon avahi-daemon[949]: Withdrawing address record for 9.3.86.161 on eth0.
Jul 31 22:07:20 witherspoon avahi-daemon[949]: Host name conflict, retrying with witherspoon-2
Jul 31 22:07:20 witherspoon avahi-daemon[949]: Registering new address record for fe80::72e2:84ff:fe14:23e1 on eth0.*.
Jul 31 22:07:20 witherspoon avahi-daemon[949]: Registering new address record for 9.3.86.161 on eth0.IPv4.
Jul 31 22:07:20 witherspoon avahi-daemon[949]: Withdrawing address record for 9.3.86.161 on eth0.
Jul 31 22:07:20 witherspoon avahi-daemon[949]: Host name conflict, retrying with witherspoon-3
Jul 31 22:07:20 witherspoon avahi-daemon[949]: Registering new address record for fe80::72e2:84ff:fe14:23e1 on eth0.*.
Jul 31 22:07:20 witherspoon avahi-daemon[949]: Registering new address record for 9.3.86.161 on eth0.IPv4.
Jul 31 22:07:21 witherspoon phosphor-gevent[1026]: ::8039:6076:8e91:f402%1995127580 - - [2017-07-31 22:07:21] "GET /org/openbmc/control/flash/bios HTTP/1.1" 200 402 1.599472
Jul 31 22:07:22 witherspoon avahi-daemon[949]: Withdrawing address record for 9.3.86.161 on eth0.
Jul 31 22:07:22 witherspoon avahi-daemon[949]: Host name conflict, retrying with witherspoon-4
Jul 31 22:07:22 witherspoon avahi-daemon[949]: Registering new address record for fe80::72e2:84ff:fe14:23e1 on eth0.*.
Jul 31 22:07:22 witherspoon avahi-daemon[949]: Registering new address record for 9.3.86.161 on eth0.IPv4.
Jul 31 22:07:23 witherspoon avahi-daemon[949]: Withdrawing address record for 9.3.86.161 on eth0.
Jul 31 22:07:23 witherspoon avahi-daemon[949]: Host name conflict, retrying with witherspoon-5
Jul 31 22:07:23 witherspoon avahi-daemon[949]: Registering new address record for fe80::72e2:84ff:fe14:23e1 on eth0.*.
Jul 31 22:07:23 witherspoon avahi-daemon[949]: Registering new address record for 9.3.86.161 on eth0.IPv4.
Jul 31 22:07:24 witherspoon avahi-daemon[949]: Withdrawing address record for 9.3.86.161 on eth0.
Jul 31 22:07:24 witherspoon avahi-daemon[949]: Host name conflict, retrying with witherspoon-6
Jul 31 22:07:24 witherspoon avahi-daemon[949]: Registering new address record for fe80::72e2:84ff:fe14:23e1 on eth0.*.
Jul 31 22:07:24 witherspoon avahi-daemon[949]: Registering new address record for 9.3.86.161 on eth0.IPv4.
Jul 31 22:07:25 witherspoon avahi-daemon[949]: Withdrawing address record for 9.3.86.161 on eth0.
Jul 31 22:07:25 witherspoon avahi-daemon[949]: Host name conflict, retrying with witherspoon-7
Jul 31 22:07:25 witherspoon avahi-daemon[949]: Registering new address record for fe80::72e2:84ff:fe14:23e1 on eth0.*.
Jul 31 22:07:25 witherspoon avahi-daemon[949]: Registering new address record for 9.3.86.161 on eth0.IPv4.
Jul 31 22:07:27 witherspoon avahi-daemon[949]: Server startup complete. Host name is witherspoon-7.local. Local service cookie is 884506874.
Jul 31 22:07:27 witherspoon avahi-daemon[949]: Service name conflict for "obmc_console" (/services/obmc_console.service), retrying with "obmc_console #6".
Jul 31 22:07:27 witherspoon avahi-daemon[949]: Service name conflict for "phosphor_rest" (/services/phosphor_rest.service), retrying with "phosphor_rest #6".
Jul 31 22:07:29 witherspoon avahi-daemon[949]: Service name conflict for "obmc_console" (/services/obmc_console.service), retrying with "obmc_console #7".
Jul 31 22:07:29 witherspoon avahi-daemon[949]: Service name conflict for "phosphor_rest" (/services/phosphor_rest.service), retrying with "phosphor_rest #7".
Jul 31 22:07:29 witherspoon avahi-daemon[949]: Service "witherspoon-7" (/services/ssh.service) successfully established.
Jul 31 22:07:29 witherspoon avahi-daemon[949]: Service "witherspoon-7" (/services/sftp-ssh.service) successfully established.
Jul 31 22:07:30 witherspoon avahi-daemon[949]: Service name conflict for "phosphor_rest" (/services/phosphor_rest.service), retrying with "phosphor_rest #8".
Jul 31 22:07:30 witherspoon avahi-daemon[949]: Service name conflict for "obmc_console" (/services/obmc_console.service), retrying with "obmc_console #8".
Jul 31 22:07:32 witherspoon phosphor-gevent[1026]: ::8039:6076:8e91:f402%1995127580 - - [2017-07-31 22:07:32] "POST /login HTTP/1.1" 200 320 0.032941
Jul 31 22:07:32 witherspoon phosphor-gevent[1026]: ::8039:6076:8e91:f402%1995127580 - - [2017-07-31 22:07:32] "GET /org/openbmc/control/flash/bios HTTP/1.1" 200 402 0.068741
Jul 31 22:07:32 witherspoon avahi-daemon[949]: Service name conflict for "obmc_console" (/services/obmc_console.service), retrying with "obmc_console #9".
Jul 31 22:07:32 witherspoon avahi-daemon[949]: Service name conflict for "phosphor_rest" (/services/phosphor_rest.service), retrying with "phosphor_rest #9".
Jul 31 22:07:34 witherspoon avahi-daemon[949]: Service name conflict for "phosphor_rest" (/services/phosphor_rest.service), retrying with "phosphor_rest #10".
Jul 31 22:07:34 witherspoon avahi-daemon[949]: Service name conflict for "obmc_console" (/services/obmc_console.service), retrying with "obmc_console #10".
Jul 31 22:07:37 witherspoon avahi-daemon[949]: Service name conflict for "phosphor_rest" (/services/phosphor_rest.service), retrying with "phosphor_rest #11".
Jul 31 22:07:37 witherspoon avahi-daemon[949]: Service name conflict for "obmc_console" (/services/obmc_console.service), retrying with "obmc_console #11".
Jul 31 22:07:40 witherspoon avahi-daemon[949]: Service name conflict for "obmc_console" (/services/obmc_console.service), retrying with "obmc_console #12".
Jul 31 22:07:41 witherspoon avahi-daemon[949]: Service name conflict for "obmc_console" (/services/obmc_console.service), retrying with "obmc_console #13".
Jul 31 22:07:41 witherspoon avahi-daemon[949]: Service "phosphor_rest #11" (/services/phosphor_rest.service) successfully established.
Jul 31 22:07:42 witherspoon phosphor-gevent[1026]: ::8039:6076:8e91:f402%1995127580 - - [2017-07-31 22:07:42] "POST /login HTTP/1.1" 200 320 0.033216
Jul 31 22:07:42 witherspoon phosphor-gevent[1026]: ::8039:6076:8e91:f402%1995127580 - - [2017-07-31 22:07:42] "GET /org/openbmc/control/flash/bios HTTP/1.1" 200 401 0.069004
Jul 31 22:07:43 witherspoon avahi-daemon[949]: Service name conflict for "obmc_console" (/services/obmc_console.service), retrying with "obmc_console #14".
Jul 31 22:07:46 witherspoon avahi-daemon[949]: Service name conflict for "obmc_console" (/services/obmc_console.service), retrying with "obmc_console #15".
Jul 31 22:07:48 witherspoon avahi-daemon[949]: Service name conflict for "obmc_console" (/services/obmc_console.service), retrying with "obmc_console #16".
Jul 31 22:07:49 witherspoon avahi-daemon[949]: Service name conflict for "obmc_console" (/services/obmc_console.service), retrying with "obmc_console #17".
Jul 31 22:07:52 witherspoon phosphor-gevent[1026]: ::8039:6076:8e91:f402%1995127580 - - [2017-07-31 22:07:52] "POST /login HTTP/1.1" 200 320 0.033425
Jul 31 22:07:52 witherspoon phosphor-gevent[1026]: ::8039:6076:8e91:f402%1995127580 - - [2017-07-31 22:07:52] "GET /org/openbmc/control/flash/bios HTTP/1.1" 200 402 0.068469
Jul 31 22:07:53 witherspoon avahi-daemon[949]: Service name conflict for "obmc_console" (/services/obmc_console.service), retrying with "obmc_console #18".
Jul 31 22:07:54 witherspoon avahi-daemon[949]: Service name conflict for "sftp" (/services/sftp.service), retrying with "sftp #33".
Jul 31 22:07:54 witherspoon avahi-daemon[949]: Service name conflict for "obmc_console" (/services/obmc_console.service), retrying with "obmc_console #19".
Jul 31 22:08:02 witherspoon flash_bios.exe[1029]: Erasing... (may take a while !) done !
Jul 31 22:08:02 witherspoon flash_bios.exe[1029]: About to program "/tmp/witherspoon_910_golden.pnor" at 0x00000000..0x04000000 !
Jul 31 22:08:02 witherspoon flash_bios.exe[1029]: Programming & Verifying...
Jul 31 22:08:02 witherspoon flash_bios.exe[1029]: Flash done
Jul 31 22:08:02 witherspoon phosphor-gevent[1026]: ::8039:6076:8e91:f402%1995127580 - - [2017-07-31 22:08:02] "POST /login HTTP/1.1" 200 320 0.033002
Jul 31 22:08:04 witherspoon phosphor-gevent[1026]: ::8039:6076:8e91:f402%1995127580 - - [2017-07-31 22:08:04] "GET /org/openbmc/control/flash/bios HTTP/1.1" 200 399 1.929399
Jul 31 22:08:04 witherspoon systemd[1]: Started SSH Per-Connection Server (9.41.165.94:49292).
Jul 31 22:08:04 witherspoon dropbear[1139]: Failed loading /etc/dropbear/dropbear_dss_host_key
Jul 31 22:08:04 witherspoon dropbear[1139]: Failed loading /etc/dropbear/dropbear_ecdsa_host_key
Jul 31 22:08:05 witherspoon dropbear[1139]: Child connection from ::ffff:9.41.165.94:49292
Jul 31 22:08:05 witherspoon dropbear[1139]: PAM password auth succeeded for 'root' from ::ffff:9.41.165.94:49292
Jul 31 22:08:05 witherspoon dropbear[1140]: lastlog_perform_login: Couldn't stat /var/log/lastlog: No such file or directory
Jul 31 22:08:05 witherspoon dropbear[1140]: lastlog_openseek: /var/log/lastlog is not a file or directory!
Jul 31 22:08:08 witherspoon phosphor-gevent[1026]: ::8039:6076:8e91:f402%1995127580 - - [2017-07-31 22:08:08] "POST /login HTTP/1.1" 200 320 0.032997
Jul 31 22:08:08 witherspoon phosphor-gevent[1026]: ::8039:6076:8e91:f402%1995127580 - - [2017-07-31 22:08:08] "GET /xyz/openbmc_project/state/host0//attr/CurrentHostState HTTP/1.1" 200 212 0.051585
Jul 31 22:08:08 witherspoon systemd[1]: Created slice system-obmc\x2dconsole\x2dssh.slice.
Jul 31 22:08:08 witherspoon systemd[1]: Started Phosphor Host Console SSH Per-Connection (9.41.165.94:44574).
Jul 31 22:08:08 witherspoon dropbear[1144]: Failed loading /etc/dropbear/dropbear_dss_host_key
Jul 31 22:08:08 witherspoon dropbear[1144]: Failed loading /etc/dropbear/dropbear_ecdsa_host_key
Jul 31 22:08:08 witherspoon dropbear[1144]: Child connection from ::ffff:9.41.165.94:44574
Jul 31 22:08:08 witherspoon phosphor-gevent[1026]: ::8039:6076:8e91:f402%1995127580 - - [2017-07-31 22:08:08] "POST /login HTTP/1.1" 200 320 0.033207
Jul 31 22:08:09 witherspoon phosphor-gevent[1026]: ::8039:6076:8e91:f402%1995127580 - - [2017-07-31 22:08:09] "PUT /org/openbmc/settings/host0/attr/power_policy HTTP/1.1" 200 169 0.166208
