-- Logs begin at Thu 2017-10-26 12:27:08 UTC, end at Thu 2017-10-26 12:30:07 UTC. --
Oct 26 12:27:08 witherspoon kernel: Booting Linux on physical CPU 0x0
Oct 26 12:27:08 witherspoon kernel: Linux version 4.10.17-da78428ac543d6d9ac2493dfa77364eb300a47cb (jenkins@openbmc-builder1) (gcc version 6.2.0 (GCC) ) #1 Fri Oct 20 20:00:41 UTC 2017
Oct 26 12:27:08 witherspoon kernel: CPU: ARMv6-compatible processor [410fb767] revision 7 (ARMv7), cr=00c5387d
Oct 26 12:27:08 witherspoon kernel: CPU: PIPT / VIPT nonaliasing data cache, VIPT nonaliasing instruction cache
Oct 26 12:27:08 witherspoon kernel: OF: fdt:Machine model: Witherspoon BMC
Oct 26 12:27:08 witherspoon kernel: Memory policy: Data cache writeback
Oct 26 12:27:08 witherspoon kernel: SOC Rev: 04030303
Oct 26 12:27:08 witherspoon kernel: On node 0 totalpages: 110592
Oct 26 12:27:08 witherspoon kernel: free_area_init_node: node 0, pgdat 806018a4, node_mem_map 9ec1a000
Oct 26 12:27:08 witherspoon kernel:   Normal zone: 992 pages used for memmap
Oct 26 12:27:08 witherspoon kernel:   Normal zone: 0 pages reserved
Oct 26 12:27:08 witherspoon kernel:   Normal zone: 110592 pages, LIFO batch:31
Oct 26 12:27:08 witherspoon kernel: pcpu-alloc: s0 r0 d32768 u32768 alloc=1*32768
Oct 26 12:27:08 witherspoon kernel: pcpu-alloc: [0] 0 
Oct 26 12:27:08 witherspoon kernel: Built 1 zonelists in Zone order, mobility grouping on.  Total pages: 109600
Oct 26 12:27:08 witherspoon kernel: Kernel command line: console=ttyS4,115200n8 ubi.mtd=obmc-ubi,0,0,0 ubi.mtd=alt-obmc-ubi,0,0,4 ro rootfstype=squashfs ubi.block=0,0 root=/dev/ubiblock0_0
Oct 26 12:27:08 witherspoon kernel: PID hash table entries: 2048 (order: 1, 8192 bytes)
Oct 26 12:27:08 witherspoon kernel: Dentry cache hash table entries: 65536 (order: 6, 262144 bytes)
Oct 26 12:27:08 witherspoon kernel: Inode-cache hash table entries: 32768 (order: 5, 131072 bytes)
Oct 26 12:27:08 witherspoon kernel: Memory: 431968K/442368K available (4077K kernel code, 281K rwdata, 1188K rodata, 284K init, 111K bss, 10400K reserved, 0K cma-reserved)
Oct 26 12:27:08 witherspoon kernel: Virtual kernel memory layout:
                                        vector  : 0xffff0000 - 0xffff1000   (   4 kB)
                                        fixmap  : 0xffc00000 - 0xfff00000   (3072 kB)
                                        vmalloc : 0x9f800000 - 0xff800000   (1536 MB)
                                        lowmem  : 0x80000000 - 0x9f000000   ( 496 MB)
                                          .text : 0x80008000 - 0x804037e0   (4078 kB)
                                          .init : 0x80587000 - 0x805ce000   ( 284 kB)
                                          .data : 0x805ce000 - 0x806147a8   ( 282 kB)
                                           .bss : 0x806147a8 - 0x80630658   ( 112 kB)
Oct 26 12:27:08 witherspoon kernel: NR_IRQS:16 nr_irqs:16 16
Oct 26 12:27:08 witherspoon kernel: i2c controller registered, irq 16
Oct 26 12:27:08 witherspoon kernel: clocksource: moxart_timer: mask: 0xffffffff max_cycles: 0xffffffff, max_idle_ns: 77222644334 ns
Oct 26 12:27:08 witherspoon kernel: sched_clock: 32 bits at 100 Hz, resolution 10000000ns, wraps every 21474836475000000ns
Oct 26 12:27:08 witherspoon kernel: Calibrating delay loop... 789.70 BogoMIPS (lpj=3948544)
Oct 26 12:27:08 witherspoon kernel: pid_max: default: 32768 minimum: 301
Oct 26 12:27:08 witherspoon kernel: Mount-cache hash table entries: 1024 (order: 0, 4096 bytes)
Oct 26 12:27:08 witherspoon kernel: Mountpoint-cache hash table entries: 1024 (order: 0, 4096 bytes)
Oct 26 12:27:08 witherspoon kernel: CPU: Testing write buffer coherency: ok
Oct 26 12:27:08 witherspoon kernel: ftrace: allocating 14995 entries in 44 pages
Oct 26 12:27:08 witherspoon kernel: Setting up static identity map for 0x80008200 - 0x8000825c
Oct 26 12:27:08 witherspoon kernel: devtmpfs: initialized
Oct 26 12:27:08 witherspoon kernel: clocksource: jiffies: mask: 0xffffffff max_cycles: 0xffffffff, max_idle_ns: 19112604462750000 ns
Oct 26 12:27:08 witherspoon kernel: futex hash table entries: 256 (order: -1, 3072 bytes)
Oct 26 12:27:08 witherspoon kernel: pinctrl core: initialized pinctrl subsystem
Oct 26 12:27:08 witherspoon kernel: NET: Registered protocol family 16
Oct 26 12:27:08 witherspoon kernel: DMA: preallocated 256 KiB pool for atomic coherent allocations
Oct 26 12:27:08 witherspoon kernel: usbcore: registered new interface driver usbfs
Oct 26 12:27:08 witherspoon kernel: usbcore: registered new interface driver hub
Oct 26 12:27:08 witherspoon kernel: usbcore: registered new device driver usb
Oct 26 12:27:08 witherspoon kernel: clocksource: Switched to clocksource moxart_timer
Oct 26 12:27:08 witherspoon kernel: NET: Registered protocol family 2
Oct 26 12:27:08 witherspoon kernel: TCP established hash table entries: 4096 (order: 2, 16384 bytes)
Oct 26 12:27:08 witherspoon kernel: TCP bind hash table entries: 4096 (order: 2, 16384 bytes)
Oct 26 12:27:08 witherspoon kernel: TCP: Hash tables configured (established 4096 bind 4096)
Oct 26 12:27:08 witherspoon kernel: UDP hash table entries: 256 (order: 0, 4096 bytes)
Oct 26 12:27:08 witherspoon kernel: UDP-Lite hash table entries: 256 (order: 0, 4096 bytes)
Oct 26 12:27:08 witherspoon kernel: NET: Registered protocol family 1
Oct 26 12:27:08 witherspoon kernel: workingset: timestamp_bits=30 max_order=17 bucket_order=0
Oct 26 12:27:08 witherspoon kernel: squashfs: version 4.0 (2009/01/31) Phillip Lougher
Oct 26 12:27:08 witherspoon kernel: jffs2: version 2.2. (SUMMARY)  © 2001-2006 Red Hat, Inc.
Oct 26 12:27:08 witherspoon kernel: Block layer SCSI generic (bsg) driver version 0.4 loaded (major 250)
Oct 26 12:27:08 witherspoon kernel: io scheduler noop registered
Oct 26 12:27:08 witherspoon kernel: io scheduler deadline registered
Oct 26 12:27:08 witherspoon kernel: io scheduler cfq registered (default)
Oct 26 12:27:08 witherspoon kernel: ipmi-bt-host 1e789140.ibt: Found bt bmc device
Oct 26 12:27:08 witherspoon kernel: ipmi-bt-host 1e789140.ibt: Using IRQ 22
Oct 26 12:27:08 witherspoon kernel: Serial: 8250/16550 driver, 6 ports, IRQ sharing enabled
Oct 26 12:27:08 witherspoon kernel: 1e787000.vuart: ttyS5 at MMIO 0x1e787000 (irq = 22, base_baud = 1500000) is a 16550A
Oct 26 12:27:08 witherspoon kernel: 1e783000.serial: ttyS0 at MMIO 0x1e783000 (irq = 23, base_baud = 1500000) is a 16550A
Oct 26 12:27:08 witherspoon kernel: 1e78d000.serial: ttyS1 at MMIO 0x1e78d000 (irq = 24, base_baud = 1500000) is a 16550A
Oct 26 12:27:08 witherspoon kernel: 1e784000.serial: ttyS4 at MMIO 0x1e784000 (irq = 25, base_baud = 1500000) is a 16550A
Oct 26 12:27:08 witherspoon kernel: console [ttyS4] enabled
Oct 26 12:27:08 witherspoon kernel: timeriomem_rng 1e6e2078.hwrng: 32bits from 0xf00e2078 @ 1us
Oct 26 12:27:08 witherspoon kernel: random: fast init done
Oct 26 12:27:08 witherspoon kernel: brd: module loaded
Oct 26 12:27:08 witherspoon kernel: random: crng init done
Oct 26 12:27:08 witherspoon kernel: loop: module loaded
Oct 26 12:27:09 witherspoon kernel: aspeed-lpc-ctrl 1e789080.lpc-ctrl: Loaded at 0x98000000 (0x04000000)
Oct 26 12:27:09 witherspoon kernel: aspeed-smc 1e620000.flash-controller: Using IRQ 18
Oct 26 12:27:09 witherspoon kernel: aspeed-smc 1e620000.flash-controller: DMA support disabled.
Oct 26 12:27:09 witherspoon kernel: aspeed-smc 1e620000.flash-controller: mx25l25635e (32768 Kbytes)
Oct 26 12:27:09 witherspoon kernel: aspeed-smc 1e620000.flash-controller: CE0 window [ 0x20000000 - 0x22000000 ] 32MB
Oct 26 12:27:09 witherspoon kernel: aspeed-smc 1e620000.flash-controller: CE1 window [ 0x22000000 - 0x2a000000 ] 128MB
Oct 26 12:27:09 witherspoon kernel: 3 ofpart partitions found on MTD device bmc
Oct 26 12:27:09 witherspoon kernel: Creating 3 MTD partitions on "bmc":
Oct 26 12:27:09 witherspoon kernel: 0x000000000000-0x000000060000 : "u-boot"
Oct 26 12:27:09 witherspoon kernel: 0x000000060000-0x000000080000 : "u-boot-env"
Oct 26 12:27:09 witherspoon kernel: 0x000000080000-0x000002000000 : "obmc-ubi"
Oct 26 12:27:09 witherspoon kernel: aspeed-smc 1e620000.flash-controller: mx25l25635e (32768 Kbytes)
Oct 26 12:27:09 witherspoon kernel: aspeed-smc 1e620000.flash-controller: CE1 window [ 0x22000000 - 0x24000000 ] 32MB
Oct 26 12:27:09 witherspoon kernel: aspeed-smc 1e620000.flash-controller: CE2 window [ 0x24000000 - 0x2c000000 ] 128MB
Oct 26 12:27:09 witherspoon kernel: 3 ofpart partitions found on MTD device alt-bmc
Oct 26 12:27:09 witherspoon kernel: Creating 3 MTD partitions on "alt-bmc":
Oct 26 12:27:09 witherspoon kernel: 0x000000000000-0x000000060000 : "alt-u-boot"
Oct 26 12:27:09 witherspoon kernel: 0x000000060000-0x000000080000 : "alt-u-boot-env"
Oct 26 12:27:09 witherspoon kernel: 0x000000080000-0x000002000000 : "alt-obmc-ubi"
Oct 26 12:27:09 witherspoon kernel: aspeed-smc 1e630000.flash-controller: mx66l1g45g (131072 Kbytes)
Oct 26 12:27:09 witherspoon kernel: aspeed-smc 1e630000.flash-controller: CE0 window resized to 120MB (AST2500 HW quirk)
Oct 26 12:27:09 witherspoon kernel: aspeed-smc 1e630000.flash-controller: CE0 window [ 0x30000000 - 0x37800000 ] 120MB
Oct 26 12:27:09 witherspoon kernel: aspeed-smc 1e630000.flash-controller: CE0 window too small for chip 128MB
Oct 26 12:27:09 witherspoon kernel: aspeed-smc 1e630000.flash-controller: CE1 window [ 0x37800000 - 0x38000000 ] 8MB
Oct 26 12:27:09 witherspoon kernel: libphy: Fixed MDIO Bus: probed
Oct 26 12:27:09 witherspoon kernel: ftgmac100 1e660000.ethernet: Read MAC address 70:e2:84:14:2a:08 from chip
Oct 26 12:27:09 witherspoon kernel: ftgmac100 1e660000.ethernet: Using NCSI interface
Oct 26 12:27:09 witherspoon kernel: ftgmac100 1e660000.ethernet eth0: irq 20, mapped at f0060000
Oct 26 12:27:09 witherspoon kernel: ehci_hcd: USB 2.0 'Enhanced' Host Controller (EHCI) Driver
Oct 26 12:27:09 witherspoon kernel: ehci-platform: EHCI generic platform driver
Oct 26 12:27:09 witherspoon kernel: i2c /dev entries driver
Oct 26 12:27:09 witherspoon kernel: aspeed-i2c-bus 1e78a0c0.i2c-bus: i2c bus 2 registered, irq 26
Oct 26 12:27:09 witherspoon kernel: aspeed-i2c-bus 1e78a100.i2c-bus: i2c bus 3 registered, irq 27
Oct 26 12:27:09 witherspoon kernel: aspeed-i2c-bus 1e78a140.i2c-bus: i2c bus 4 registered, irq 28
Oct 26 12:27:09 witherspoon kernel: aspeed-i2c-bus 1e78a180.i2c-bus: i2c bus 5 registered, irq 29
Oct 26 12:27:09 witherspoon kernel: aspeed-i2c-bus 1e78a380.i2c-bus: i2c bus 9 registered, irq 30
Oct 26 12:27:09 witherspoon kernel: aspeed-i2c-bus 1e78a3c0.i2c-bus: i2c bus 10 registered, irq 31
Oct 26 12:27:09 witherspoon kernel: rtc-rv8803 11-0032: Voltage low, temperature compensation stopped.
Oct 26 12:27:09 witherspoon kernel: rtc-rv8803 11-0032: An alarm maybe have been missed.
Oct 26 12:27:09 witherspoon kernel: rtc-rv8803 11-0032: rtc core: registered rx8900 as rtc0
Oct 26 12:27:09 witherspoon kernel: at24 11-0051: 8192 byte 24c64 EEPROM, writable, 1 bytes/write
Oct 26 12:27:09 witherspoon kernel: aspeed-i2c-bus 1e78a400.i2c-bus: i2c bus 11 registered, irq 32
Oct 26 12:27:09 witherspoon kernel: aspeed-i2c-bus 1e78a440.i2c-bus: i2c bus 12 registered, irq 33
Oct 26 12:27:09 witherspoon kernel: aspeed-i2c-bus 1e78a480.i2c-bus: i2c bus 13 registered, irq 34
Oct 26 12:27:09 witherspoon kernel: Driver for 1-wire Dallas network protocol.
Oct 26 12:27:09 witherspoon kernel: lm75 9-004a: hwmon0: sensor 'tmp275'
Oct 26 12:27:09 witherspoon kernel: ucd9000 11-0064: Device ID UCD90160|2.3.4.0000|110603
Oct 26 12:27:09 witherspoon kernel: leds-pca955x 3-0060: leds-pca955x: Using pca9552 16-bit LED driver at slave address 0x60
Oct 26 12:27:09 witherspoon kernel: leds-pca955x 3-0060: gpios 238...253
Oct 26 12:27:09 witherspoon kernel: leds-pca955x 11-0060: leds-pca955x: Using pca9552 16-bit LED driver at slave address 0x60
Oct 26 12:27:09 witherspoon kernel: leds-pca955x 11-0060: gpios 222...237
Oct 26 12:27:09 witherspoon kernel: usbcore: registered new interface driver usbhid
Oct 26 12:27:09 witherspoon kernel: usbhid: USB HID core driver
Oct 26 12:27:09 witherspoon kernel: dps310 3-0076: iio:device1: sensor 'dps310'
Oct 26 12:27:09 witherspoon kernel: NET: Registered protocol family 10
Oct 26 12:27:09 witherspoon kernel: Segment Routing with IPv6
Oct 26 12:27:09 witherspoon kernel: NET: Registered protocol family 17
Oct 26 12:27:09 witherspoon kernel: 8021q: 802.1Q VLAN Support v1.8
Oct 26 12:27:09 witherspoon kernel: input: gpio-keys-polled as /devices/platform/gpio-keys-polled/input/input1
Oct 26 12:27:09 witherspoon kernel: ubi0: default fastmap pool size: 25
Oct 26 12:27:09 witherspoon kernel: ubi0: default fastmap WL pool size: 12
Oct 26 12:27:09 witherspoon kernel: ubi0: attaching mtd3
Oct 26 12:27:09 witherspoon kernel: ubi0: scanning is finished
Oct 26 12:27:09 witherspoon kernel: ubi0: attached mtd3 (name "obmc-ubi", size 31 MiB)
Oct 26 12:27:09 witherspoon kernel: ubi0: PEB size: 65536 bytes (64 KiB), LEB size: 65408 bytes
Oct 26 12:27:09 witherspoon kernel: ubi0: min./max. I/O unit sizes: 1/256, sub-page size 1
Oct 26 12:27:09 witherspoon kernel: ubi0: VID header offset: 64 (aligned 64), data offset: 128
Oct 26 12:27:09 witherspoon kernel: ubi0: good PEBs: 504, bad PEBs: 0, corrupted PEBs: 0
Oct 26 12:27:09 witherspoon kernel: ubi0: user volume: 4, internal volumes: 1, max. volumes count: 128
Oct 26 12:27:09 witherspoon kernel: ubi0: max/mean erase counter: 61/40, WL threshold: 4096, image sequence number: 1358235831
Oct 26 12:27:09 witherspoon kernel: ubi0: available PEBs: 46, total reserved PEBs: 458, PEBs reserved for bad PEB handling: 0
Oct 26 12:27:09 witherspoon kernel: ubi0: background thread "ubi_bgt0d" started, PID 508
Oct 26 12:27:09 witherspoon kernel: ubi4: default fastmap pool size: 25
Oct 26 12:27:09 witherspoon kernel: ubi4: default fastmap WL pool size: 12
Oct 26 12:27:09 witherspoon kernel: ubi4: attaching mtd7
Oct 26 12:27:09 witherspoon kernel: ubi4: scanning is finished
Oct 26 12:27:09 witherspoon kernel: ubi4: attached mtd7 (name "alt-obmc-ubi", size 31 MiB)
Oct 26 12:27:09 witherspoon kernel: ubi4: PEB size: 65536 bytes (64 KiB), LEB size: 65408 bytes
Oct 26 12:27:09 witherspoon kernel: ubi4: min./max. I/O unit sizes: 1/256, sub-page size 1
Oct 26 12:27:09 witherspoon kernel: ubi4: VID header offset: 64 (aligned 64), data offset: 128
Oct 26 12:27:09 witherspoon kernel: ubi4: good PEBs: 504, bad PEBs: 0, corrupted PEBs: 0
Oct 26 12:27:09 witherspoon kernel: ubi4: user volume: 4, internal volumes: 1, max. volumes count: 128
Oct 26 12:27:09 witherspoon kernel: ubi4: max/mean erase counter: 27/21, WL threshold: 4096, image sequence number: 1358235831
Oct 26 12:27:09 witherspoon kernel: ubi4: available PEBs: 46, total reserved PEBs: 458, PEBs reserved for bad PEB handling: 0
Oct 26 12:27:09 witherspoon kernel: ubi4: background thread "ubi_bgt4d" started, PID 514
Oct 26 12:27:09 witherspoon kernel: block ubiblock0_0: created from ubi0:0(rofs-7413b9c5)
Oct 26 12:27:09 witherspoon kernel: console [netcon0] enabled
Oct 26 12:27:09 witherspoon kernel: netconsole: network logging started
Oct 26 12:27:09 witherspoon kernel: input: gpio-keys as /devices/platform/gpio-keys/input/input2
Oct 26 12:27:09 witherspoon kernel: rtc-rv8803 11-0032: setting system clock to 2017-10-26 12:27:03 UTC (1509020823)
Oct 26 12:27:09 witherspoon kernel: VFS: Mounted root (squashfs filesystem) readonly on device 254:0.
Oct 26 12:27:09 witherspoon kernel: devtmpfs: mounted
Oct 26 12:27:09 witherspoon kernel: Freeing unused kernel memory: 284K
Oct 26 12:27:09 witherspoon kernel: This architecture does not have kernel memory protection.
Oct 26 12:27:09 witherspoon systemd[1]: Failed to insert module 'autofs4': No such file or directory
Oct 26 12:27:09 witherspoon systemd[1]: systemd 232 running in system mode. (+PAM -AUDIT -SELINUX -IMA -APPARMOR -SMACK +SYSVINIT -UTMP -LIBCRYPTSETUP -GCRYPT -GNUTLS +ACL +XZ -LZ4 -SECCOMP +BLKID -ELFUTILS +KMOD -IDN)
Oct 26 12:27:09 witherspoon systemd[1]: Detected architecture arm.
Oct 26 12:27:09 witherspoon systemd[1]: Set hostname to <witherspoon>.
Oct 26 12:27:09 witherspoon systemd[1]: Initializing machine ID from random generator.
Oct 26 12:27:09 witherspoon systemd[1]: Installed transient /etc/machine-id file.
Oct 26 12:27:09 witherspoon systemd[1]: Listening on /dev/initctl Compatibility Named Pipe.
Oct 26 12:27:09 witherspoon systemd[1]: Listening on Syslog Socket.
Oct 26 12:27:09 witherspoon systemd[1]: Listening on Network Service Netlink Socket.
Oct 26 12:27:09 witherspoon systemd[1]: Listening on Process Core Dump Socket.
Oct 26 12:27:09 witherspoon systemd[1]: Reached target Swap.
Oct 26 12:27:09 witherspoon systemd-journald[533]: Journal started
Oct 26 12:27:09 witherspoon systemd-journald[533]: Runtime journal (/run/log/journal/db65bfcf6d5248b2b004c51f93903c7b) is 0B, max 0B, 0B free.
Oct 26 12:27:08 witherspoon systemd-sysctl[535]: Couldn't write '16' to 'kernel/sysrq', ignoring: No such file or directory
Oct 26 12:27:08 witherspoon systemd-sysctl[535]: Couldn't write 'fq_codel' to 'net/core/default_qdisc', ignoring: No such file or directory
Oct 26 12:27:09 witherspoon systemd[1]: Starting Create Static Device Nodes in /dev...
Oct 26 12:27:10 witherspoon systemd[1]: Started Create Static Device Nodes in /dev.
Oct 26 12:27:10 witherspoon systemd[1]: Starting udev Kernel Device Manager...
Oct 26 12:27:10 witherspoon systemd[1]: Reached target Local File Systems (Pre).
Oct 26 12:27:10 witherspoon systemd[1]: Mounting /media...
Oct 26 12:27:10 witherspoon systemd[1]: Mounting /usr/local...
Oct 26 12:27:10 witherspoon systemd[1]: Mounted /usr/local.
Oct 26 12:27:10 witherspoon systemd[1]: Started udev Kernel Device Manager.
Oct 26 12:27:10 witherspoon systemd[1]: Mounted /media.
Oct 26 12:27:12 witherspoon systemd[1]: Started udev Coldplug all Devices.
Oct 26 12:27:13 witherspoon systemd[1]: Started Factory reset BMC if reset enabled.
Oct 26 12:27:13 witherspoon systemd[1]: var.mount: Directory /var to mount over is not empty, mounting anyway.
Oct 26 12:27:13 witherspoon systemd[1]: Mounting /var...
Oct 26 12:27:13 witherspoon kernel: UBIFS (ubi0:2): background thread "ubifs_bgt0_2" started, PID 940
Oct 26 12:27:13 witherspoon systemd[1]: Found device /dev/aspeed-lpc-ctrl.
Oct 26 12:27:13 witherspoon systemd[1]: Found device /dev/aspeed-mbox.
Oct 26 12:27:14 witherspoon kernel: UBIFS (ubi0:2): UBIFS: mounted UBI device 0, volume 2, name "rwfs"
Oct 26 12:27:14 witherspoon kernel: UBIFS (ubi0:2): LEB size: 65408 bytes (63 KiB), min./max. I/O unit sizes: 8 bytes/256 bytes
Oct 26 12:27:14 witherspoon kernel: UBIFS (ubi0:2): FS size: 3597440 bytes (3 MiB, 55 LEBs), journal size 719488 bytes (0 MiB, 11 LEBs)
Oct 26 12:27:14 witherspoon kernel: UBIFS (ubi0:2): reserved for root: 0 bytes (0 KiB)
Oct 26 12:27:14 witherspoon kernel: UBIFS (ubi0:2): media format: w4/r0 (latest is w5/r0), UUID F6AF7850-1C6E-4E2A-94BB-A56899CAF080, small LPT model
Oct 26 12:27:14 witherspoon systemd[1]: Mounted /var.
Oct 26 12:27:14 witherspoon systemd[1]: Found device /dev/ttyS4.
Oct 26 12:27:14 witherspoon systemd[1]: Found device /dev/ttyVUART0.
Oct 26 12:27:15 witherspoon systemd[1]: Created slice system-xyz.openbmc_project.led.controller.slice.
Oct 26 12:27:15 witherspoon systemd[1]: Created slice system-xyz.openbmc_project.Hwmon.slice.
Oct 26 12:27:15 witherspoon systemd[1]: dev-hugepages.mount: Couldn't determine result for ConditionVirtualization=!private-users, assuming failed: No such file or directory
Oct 26 12:27:15 witherspoon systemd[1]: Mounting /var/volatile...
Oct 26 12:27:15 witherspoon systemd[1]: Starting Flush Journal to Persistent Storage...
Oct 26 12:27:15 witherspoon systemd[1]: Starting Prepare for overlay fs...
Oct 26 12:27:16 witherspoon systemd[1]: Mounted /var/volatile.
Oct 26 12:27:16 witherspoon sh[950]: /etc is not a mountpoint
Oct 26 12:27:16 witherspoon systemd[1]: Starting Load/Save Random Seed...
Oct 26 12:27:16 witherspoon systemd-journald[533]: Runtime journal (/run/log/journal/db65bfcf6d5248b2b004c51f93903c7b) is 0B, max 0B, 0B free.
Oct 26 12:27:16 witherspoon systemd[1]: Started Flush Journal to Persistent Storage.
Oct 26 12:27:16 witherspoon systemd[1]: Started Prepare for overlay fs.
Oct 26 12:27:16 witherspoon systemd[1]: Started Load/Save Random Seed.
Oct 26 12:27:16 witherspoon systemd[1]: etc.mount: Directory /etc to mount over is not empty, mounting anyway.
Oct 26 12:27:16 witherspoon systemd[1]: Mounting /etc...
Oct 26 12:27:16 witherspoon systemd[1]: home.mount: Directory /home to mount over is not empty, mounting anyway.
Oct 26 12:27:16 witherspoon systemd[1]: Mounting /home...
Oct 26 12:27:16 witherspoon systemd[1]: Mounted /etc.
Oct 26 12:27:16 witherspoon systemd[1]: Mounted /home.
Oct 26 12:27:16 witherspoon systemd[1]: Reached target Local File Systems.
Oct 26 12:27:16 witherspoon systemd[1]: Starting Create Volatile Files and Directories...
Oct 26 12:27:16 witherspoon systemd[1]: Started Create Volatile Files and Directories.
Oct 26 12:27:16 witherspoon systemd[1]: Starting Network Time Synchronization...
Oct 26 12:27:17 witherspoon systemd[1]: Started Network Time Synchronization.
Oct 26 12:27:17 witherspoon systemd[1]: Reached target System Initialization.
Oct 26 12:27:17 witherspoon systemd[1]: Listening on Phosphor Webserver socket.
Oct 26 12:27:17 witherspoon systemd[1]: Started Daily Cleanup of Temporary Directories.
Oct 26 12:27:17 witherspoon systemd[1]: Reached target Timers.
Oct 26 12:27:17 witherspoon systemd[1]: Listening on dropbear.socket.
Oct 26 12:27:17 witherspoon systemd[1]: Listening on Phosphor DBUS Browser socket.
Oct 26 12:27:17 witherspoon systemd[1]: Listening on Avahi mDNS/DNS-SD Stack Activation Socket.
Oct 26 12:27:17 witherspoon systemd[1]: Listening on phosphor-ipmi-net.socket.
Oct 26 12:27:17 witherspoon systemd[1]: Listening on D-Bus System Message Bus Socket.
Oct 26 12:27:17 witherspoon systemd[1]: Listening on Phosphor Host Console SSH Per-Connection socket.
Oct 26 12:27:17 witherspoon systemd[1]: Reached target Sockets.
Oct 26 12:27:17 witherspoon systemd[1]: Reached target Basic System.
Oct 26 12:27:17 witherspoon systemd[1]: Started Phosphor sysfs LED controller.
Oct 26 12:27:17 witherspoon systemd[1]: Started Phosphor sysfs LED controller.
Oct 26 12:27:17 witherspoon systemd[1]: Started Phosphor Console Muxer listening on device /dev/ttyVUART0.
Oct 26 12:27:17 witherspoon systemd[1]: Started Phosphor Dump core monitor..
Oct 26 12:27:17 witherspoon systemd[1]: Starting Set U-Boot environment variable...
Oct 26 12:27:17 witherspoon systemd[1]: Started Phosphor sysfs LED controller.
Oct 26 12:27:17 witherspoon systemd[1]: Started Phosphor sysfs LED controller.
Oct 26 12:27:18 witherspoon systemd[1]: Starting Phosphor Chassis0 Control...
Oct 26 12:27:18 witherspoon systemd[1]: Started D-Bus System Message Bus.
Oct 26 12:27:20 witherspoon systemd[1]: Starting Network Service...
Oct 26 12:27:20 witherspoon systemd[1]: Starting Phosphor LED Group Management Daemon...
Oct 26 12:27:20 witherspoon systemd[1]: Reached target Containers.
Oct 26 12:27:20 witherspoon systemd[1]: Started Phosphor sysfs LED controller.
Oct 26 12:27:20 witherspoon systemd[1]: Started Phosphor sysfs LED controller.
Oct 26 12:27:20 witherspoon systemd[1]: Started Phosphor sysfs LED controller.
Oct 26 12:27:21 witherspoon systemd[1]: Started Kernel Logging Service.
Oct 26 12:27:21 witherspoon systemd-networkd[979]: Enumeration completed
Oct 26 12:27:21 witherspoon kernel[984]: klogd started: BusyBox v1.24.1 (2017-10-11 20:44:07 UTC)
Oct 26 12:27:21 witherspoon kernel[984]: [    0.000000] Booting Linux on physical CPU 0x0
Oct 26 12:27:21 witherspoon kernel[984]: [    0.000000] Linux version 4.10.17-da78428ac543d6d9ac2493dfa77364eb300a47cb (jenkins@openbmc-builder1) (gcc version 6.2.0 (GCC) ) #1 Fri Oct 20 20:00:41 UTC 2017
Oct 26 12:27:21 witherspoon kernel[984]: [    0.000000] CPU: ARMv6-compatible processor [410fb767] revision 7 (ARMv7), cr=00c5387d
Oct 26 12:27:21 witherspoon kernel[984]: [    0.000000] CPU: PIPT / VIPT nonaliasing data cache, VIPT nonaliasing instruction cache
Oct 26 12:27:21 witherspoon kernel[984]: [    0.000000] OF: fdt:Machine model: Witherspoon BMC
Oct 26 12:27:21 witherspoon kernel[984]: [    0.000000] Memory policy: Data cache writeback
Oct 26 12:27:21 witherspoon kernel[984]: [    0.000000] SOC Rev: 04030303
Oct 26 12:27:21 witherspoon kernel[984]: [    0.000000] On node 0 totalpages: 110592
Oct 26 12:27:21 witherspoon kernel[984]: [    0.000000] free_area_init_node: node 0, pgdat 806018a4, node_mem_map 9ec1a000
Oct 26 12:27:21 witherspoon kernel[984]: [    0.000000]   Normal zone: 992 pages used for memmap
Oct 26 12:27:22 witherspoon kernel: 8021q: adding VLAN 0 to HW filter on device eth0
Oct 26 12:27:21 witherspoon systemd[1]: Starting Phosphor DBus Service Discovery Manager...
Oct 26 12:27:21 witherspoon kernel[984]: [    0.000000]   Normal zone: 0 pages reserved
Oct 26 12:27:21 witherspoon systemd[1]: Starting Phosphor Network Manager...
Oct 26 12:27:21 witherspoon kernel[984]: [    0.000000]   Normal zone: 110592 pages, LIFO batch:31
Oct 26 12:27:21 witherspoon systemd-networkd[979]: eth0: IPv6 enabled for interface: Success
Oct 26 12:27:21 witherspoon kernel[984]: [    0.000000] pcpu-alloc: s0 r0 d32768 u32768 alloc=1*32768
Oct 26 12:27:21 witherspoon systemd[1]: Starting Phosphor BMC0 Control...
Oct 26 12:27:21 witherspoon kernel[984]: [    0.000000] pcpu-alloc: [0] 0
Oct 26 12:27:21 witherspoon systemd[1]: Starting Phosphor Settings Daemon...
Oct 26 12:27:21 witherspoon kernel[984]: [    0.000000] Built 1 zonelists in Zone order, mobility grouping on.  Total pages: 109600
Oct 26 12:27:21 witherspoon systemd-networkd[979]: eth0: Gained carrier
Oct 26 12:27:21 witherspoon kernel[984]: [    0.000000] Kernel command line: console=ttyS4,115200n8 ubi.mtd=obmc-ubi,0,0,0 ubi.mtd=alt-obmc-ubi,0,0,4 ro rootfstype=squashfs ubi.block=0,0 root=/dev/ubiblock0_0
Oct 26 12:27:21 witherspoon systemd[1]: Started Phosphor sysfs LED controller.
Oct 26 12:27:21 witherspoon kernel[984]: [    0.000000] PID hash table entries: 2048 (order: 1, 8192 bytes)
Oct 26 12:27:21 witherspoon systemd-timesyncd[966]: Network configuration changed, trying to establish connection.
Oct 26 12:27:21 witherspoon kernel[984]: [    0.000000] Dentry cache hash table entries: 65536 (order: 6, 262144 bytes)
Oct 26 12:27:21 witherspoon systemd[1]: Starting Phosphor Inventory Manager...
Oct 26 12:27:21 witherspoon kernel[984]: [    0.000000] Inode-cache hash table entries: 32768 (order: 5, 131072 bytes)
Oct 26 12:27:21 witherspoon systemd[1]: Starting Avahi mDNS/DNS-SD Stack...
Oct 26 12:27:21 witherspoon kernel[984]: [    0.000000] Memory: 431968K/442368K available (4077K kernel code, 281K rwdata, 1188K rodata, 284K init, 111K bss, 10400K reserved, 0K cma-reserved)
Oct 26 12:27:21 witherspoon systemd[1]: Starting Phosphor Download Manager...
Oct 26 12:27:21 witherspoon kernel[984]: [    0.000000] Virtual kernel memory layout:
Oct 26 12:27:21 witherspoon systemd[1]: Starting Check PNOR UBI format...
Oct 26 12:27:21 witherspoon kernel[984]: [    0.000000]     vector  : 0xffff0000 - 0xffff1000   (   4 kB)
Oct 26 12:27:24 witherspoon kernel: ubi8: default fastmap pool size: 100
Oct 26 12:27:24 witherspoon kernel: ubi8: default fastmap WL pool size: 50
Oct 26 12:27:24 witherspoon kernel: ubi8: attaching mtd8
Oct 26 12:27:21 witherspoon systemd[1]: Starting Phosphor Dump Manager...
Oct 26 12:27:21 witherspoon kernel[984]: [    0.000000]     fixmap  : 0xffc00000 - 0xfff00000   (3072 kB)
Oct 26 12:27:22 witherspoon systemd[1]: Starting Remount the squashfs and ubi volumes after a reboot...
Oct 26 12:27:21 witherspoon kernel[984]: [    0.000000]     vmalloc : 0x9f800000 - 0xff800000   (1536 MB)
Oct 26 12:27:22 witherspoon systemd[1]: Starting Phosphor Inventory Manager...
Oct 26 12:27:21 witherspoon kernel[984]: [    0.000000]     lowmem  : 0x80000000 - 0x9f000000   ( 496 MB)
Oct 26 12:27:22 witherspoon systemd[1]: Starting Phosphor User Manager...
Oct 26 12:27:21 witherspoon kernel[984]: [    0.000000]       .text : 0x80008000 - 0x804037e0   (4078 kB)
Oct 26 12:27:22 witherspoon systemd[1]: Starting Phosphor IPMI BT DBus Bridge...
Oct 26 12:27:24 witherspoon kernel: ubi8: scanning is finished
Oct 26 12:27:24 witherspoon kernel: ubi8: attached mtd8 (name "pnor", size 128 MiB)
Oct 26 12:27:24 witherspoon kernel: ubi8: PEB size: 65536 bytes (64 KiB), LEB size: 65408 bytes
Oct 26 12:27:24 witherspoon kernel: ubi8: min./max. I/O unit sizes: 1/256, sub-page size 1
Oct 26 12:27:24 witherspoon kernel: ubi8: VID header offset: 64 (aligned 64), data offset: 128
Oct 26 12:27:26 witherspoon kernel: ubi8: good PEBs: 2048, bad PEBs: 0, corrupted PEBs: 0
Oct 26 12:27:26 witherspoon kernel: ubi8: user volume: 4, internal volumes: 1, max. volumes count: 128
Oct 26 12:27:26 witherspoon kernel: ubi8: max/mean erase counter: 1/0, WL threshold: 4096, image sequence number: 567203918
Oct 26 12:27:26 witherspoon kernel: ubi8: available PEBs: 1110, total reserved PEBs: 938, PEBs reserved for bad PEB handling: 0
Oct 26 12:27:26 witherspoon kernel: ubi8: background thread "ubi_bgt8d" started, PID 1035
Oct 26 12:27:26 witherspoon kernel: ftgmac100 1e660000.ethernet eth0: ncsi: removed vlan tag 0 at index 1
Oct 26 12:27:26 witherspoon kernel: ftgmac100 1e660000.ethernet eth0: ncsi: removed vlan tag 0 at index 2
Oct 26 12:27:26 witherspoon kernel: ftgmac100 1e660000.ethernet eth0: no vlan ids left to set
Oct 26 12:27:26 witherspoon kernel: ftgmac100 1e660000.ethernet eth0: NCSI interface up
Oct 26 12:27:21 witherspoon kernel[984]: [    0.000000]       .init : 0x80587000 - 0x805ce000   ( 284 kB)
Oct 26 12:27:22 witherspoon systemd[1]: Starting Phosphor Sensor Manager...
Oct 26 12:27:26 witherspoon obmc-flash-bios[999]: UBI device number 8, total 2048 LEBs (133955584 bytes, 127.8 MiB), available 1110 LEBs (72602880 bytes, 69.2 MiB), LEB size 65408 bytes (63.9 KiB)
Oct 26 12:27:21 witherspoon kernel[984]: [    0.000000]       .data : 0x805ce000 - 0x806147a8   ( 282 kB)
Oct 26 12:27:22 witherspoon systemd[1]: Started Phosphor sysfs LED controller.
Oct 26 12:27:21 witherspoon kernel[984]: [    0.000000]        .bss : 0x806147a8 - 0x80630658   ( 112 kB)
Oct 26 12:27:22 witherspoon systemd[1]: Started System Logging Service.
Oct 26 12:27:21 witherspoon kernel[984]: [    0.000000] NR_IRQS:16 nr_irqs:16 16
Oct 26 12:27:22 witherspoon systemd[1]: Starting Phosphor Download Manager...
Oct 26 12:27:21 witherspoon kernel[984]: [    0.000000] i2c controller registered, irq 16
Oct 26 12:27:22 witherspoon systemd[1]: Starting Clear one time boot overrides...
Oct 26 12:27:21 witherspoon kernel[984]: [    0.000000] clocksource: moxart_timer: mask: 0xffffffff max_cycles: 0xffffffff, max_idle_ns: 77222644334 ns
Oct 26 12:27:22 witherspoon systemd[1]: Started Hardware RNG Entropy Gatherer Daemon.
Oct 26 12:27:21 witherspoon kernel[984]: [    0.000000] sched_clock: 32 bits at 100 Hz, resolution 10000000ns, wraps every 21474836475000000ns
Oct 26 12:27:23 witherspoon systemd[1]: Started Phosphor sysfs LED controller.
Oct 26 12:27:21 witherspoon kernel[984]: [    0.090000] Calibrating delay loop... 789.70 BogoMIPS (lpj=3948544)
Oct 26 12:27:23 witherspoon systemd[1]: Starting Phosphor Log Manager...
Oct 26 12:27:21 witherspoon kernel[984]: [    0.090000] pid_max: default: 32768 minimum: 301
Oct 26 12:27:23 witherspoon systemd-networkd[979]: eth0: Gained IPv6LL
Oct 26 12:27:21 witherspoon kernel[984]: [    0.090000] Mount-cache hash table entries: 1024 (order: 0, 4096 bytes)
Oct 26 12:27:23 witherspoon systemd[1]: Reached target System Time Synchronized.
Oct 26 12:27:21 witherspoon kernel[984]: [    0.090000] Mountpoint-cache hash table entries: 1024 (order: 0, 4096 bytes)
Oct 26 12:27:23 witherspoon systemd[1]: Started Network Service.
Oct 26 12:27:21 witherspoon kernel[984]: [    0.090000] CPU: Testing write buffer coherency: ok
Oct 26 12:27:23 witherspoon systemd[1]: Started Set U-Boot environment variable.
Oct 26 12:27:21 witherspoon kernel[984]: [    0.090000] ftrace: allocating 14995 entries in 44 pages
Oct 26 12:27:23 witherspoon systemd[1]: Started Check PNOR UBI format.
Oct 26 12:27:21 witherspoon kernel[984]: [    0.120000] Setting up static identity map for 0x80008200 - 0x8000825c
Oct 26 12:27:23 witherspoon systemd[1]: Started Phosphor LED Group Management Daemon.
Oct 26 12:27:21 witherspoon kernel[984]: [    0.120000] devtmpfs: initialized
Oct 26 12:27:23 witherspoon systemd[1]: Started Phosphor Download Manager.
Oct 26 12:27:21 witherspoon kernel[984]: [    0.140000] clocksource: jiffies: mask: 0xffffffff max_cycles: 0xffffffff, max_idle_ns: 19112604462750000 ns
Oct 26 12:27:23 witherspoon systemd[1]: Starting Remount the ubi volume after a reboot...
Oct 26 12:27:21 witherspoon kernel[984]: [    0.140000] futex hash table entries: 256 (order: -1, 3072 bytes)
Oct 26 12:27:23 witherspoon systemd[1]: Reached target Network.
Oct 26 12:27:21 witherspoon kernel[984]: [    0.140000] pinctrl core: initialized pinctrl subsystem
Oct 26 12:27:24 witherspoon systemd[1]: Starting Permit User Sessions...
Oct 26 12:27:21 witherspoon kernel[984]: [    0.140000] NET: Registered protocol family 16
Oct 26 12:27:24 witherspoon systemd[1]: Started Lightweight SLP Server.
Oct 26 12:27:21 witherspoon kernel[984]: [    0.140000] DMA: preallocated 256 KiB pool for atomic coherent allocations
Oct 26 12:27:24 witherspoon systemd[1]: Started Phosphor IPMI BT DBus Bridge.
Oct 26 12:27:21 witherspoon kernel[984]: [    0.210000] usbcore: registered new interface driver usbfs
Oct 26 12:27:24 witherspoon systemd[1]: Started Avahi mDNS/DNS-SD Stack.
Oct 26 12:27:21 witherspoon kernel[984]: [    0.210000] usbcore: registered new interface driver hub
Oct 26 12:27:24 witherspoon systemd[1]: Started Permit User Sessions.
Oct 26 12:27:21 witherspoon kernel[984]: [    0.210000] usbcore: registered new device driver usb
Oct 26 12:27:24 witherspoon systemd[1]: Started Serial Getty on ttyS4.
Oct 26 12:27:21 witherspoon kernel[984]: [    0.220000] clocksource: Switched to clocksource moxart_timer
Oct 26 12:27:24 witherspoon systemd[1]: Reached target Login Prompts.
Oct 26 12:27:21 witherspoon kernel[984]: [    0.230000] NET: Registered protocol family 2
Oct 26 12:27:25 witherspoon systemd[1]: Started Phosphor User Manager.
Oct 26 12:27:21 witherspoon kernel[984]: [    0.230000] TCP established hash table entries: 4096 (order: 2, 16384 bytes)
Oct 26 12:27:26 witherspoon systemd[1]: Started Phosphor Settings Daemon.
Oct 26 12:27:21 witherspoon kernel[984]: [    0.230000] TCP bind hash table entries: 4096 (order: 2, 16384 bytes)
Oct 26 12:27:27 witherspoon systemd[1]: Started Phosphor Inventory Manager.
Oct 26 12:27:21 witherspoon kernel[984]: [    0.230000] TCP: Hash tables configured (established 4096 bind 4096)
Oct 26 12:27:27 witherspoon systemd-networkd[979]: eth0: Configured
Oct 26 12:27:21 witherspoon kernel[984]: [    0.230000] UDP hash table entries: 256 (order: 0, 4096 bytes)
Oct 26 12:27:27 witherspoon systemd-timesyncd[966]: Network configuration changed, trying to establish connection.
Oct 26 12:27:21 witherspoon kernel[984]: [    0.230000] UDP-Lite hash table entries: 256 (order: 0, 4096 bytes)
Oct 26 12:27:29 witherspoon systemd[1]: Started Clear one time boot overrides.
Oct 26 12:27:21 witherspoon kernel[984]: [    0.230000] NET: Registered protocol family 1
Oct 26 12:27:21 witherspoon kernel[984]: [    0.240000] workingset: timestamp_bits=30 max_order=17 bucket_order=0
Oct 26 12:27:21 witherspoon kernel[984]: [    0.240000] squashfs: version 4.0 (2009/01/31) Phillip Lougher
Oct 26 12:27:21 witherspoon kernel[984]: [    0.240000] jffs2: version 2.2. (SUMMARY)  © 2001-2006 Red Hat, Inc.
Oct 26 12:27:21 witherspoon kernel[984]: [    0.240000] Block layer SCSI generic (bsg) driver version 0.4 loaded (major 250)
Oct 26 12:27:21 witherspoon kernel[984]: [    0.240000] io scheduler noop registered
Oct 26 12:27:21 witherspoon kernel[984]: [    0.240000] io scheduler deadline registered
Oct 26 12:27:21 witherspoon kernel[984]: [    0.240000] io scheduler cfq registered (default)
Oct 26 12:27:21 witherspoon kernel[984]: [    0.260000] ipmi-bt-host 1e789140.ibt: Found bt bmc device
Oct 26 12:27:21 witherspoon kernel[984]: [    0.260000] ipmi-bt-host 1e789140.ibt: Using IRQ 22
Oct 26 12:27:21 witherspoon kernel[984]: [    0.260000] Serial: 8250/16550 driver, 6 ports, IRQ sharing enabled
Oct 26 12:27:21 witherspoon kernel[984]: [    0.290000] 1e787000.vuart: ttyS5 at MMIO 0x1e787000 (irq = 22, base_baud = 1500000) is a 16550A
Oct 26 12:27:21 witherspoon kernel[984]: [    0.290000] 1e783000.serial: ttyS0 at MMIO 0x1e783000 (irq = 23, base_baud = 1500000) is a 16550A
Oct 26 12:27:21 witherspoon kernel[984]: [    0.290000] 1e78d000.serial: ttyS1 at MMIO 0x1e78d000 (irq = 24, base_baud = 1500000) is a 16550A
Oct 26 12:27:21 witherspoon kernel[984]: [    0.290000] 1e784000.serial: ttyS4 at MMIO 0x1e784000 (irq = 25, base_baud = 1500000) is a 16550A
Oct 26 12:27:21 witherspoon kernel[984]: [    0.640000] console [ttyS4] enabled
Oct 26 12:27:21 witherspoon kernel[984]: [    0.780000] timeriomem_rng 1e6e2078.hwrng: 32bits from 0xf00e2078 @ 1us
Oct 26 12:27:21 witherspoon kernel[984]: [    0.800000] random: fast init done
Oct 26 12:27:21 witherspoon kernel[984]: [    0.840000] brd: module loaded
Oct 26 12:27:21 witherspoon kernel[984]: [    0.850000] random: crng init done
Oct 26 12:27:21 witherspoon kernel[984]: [    0.870000] loop: module loaded
Oct 26 12:27:21 witherspoon kernel[984]: [    0.870000] aspeed-lpc-ctrl 1e789080.lpc-ctrl: Loaded at 0x98000000 (0x04000000)
Oct 26 12:27:30 witherspoon systemd[1]: Started Phosphor Dump Manager.
Oct 26 12:27:21 witherspoon kernel[984]: [    0.880000] aspeed-smc 1e620000.flash-controller: Using IRQ 18
Oct 26 12:27:30 witherspoon systemd[1]: Started Phosphor Log Manager.
Oct 26 12:27:21 witherspoon kernel[984]: [    0.880000] aspeed-smc 1e620000.flash-controller: DMA support disabled.
Oct 26 12:27:21 witherspoon kernel[984]: [    0.900000] aspeed-smc 1e620000.flash-controller: mx25l25635e (32768 Kbytes)
Oct 26 12:27:21 witherspoon kernel[984]: [    0.900000] aspeed-smc 1e620000.flash-controller: CE0 window [ 0x20000000 - 0x22000000 ] 32MB
Oct 26 12:27:21 witherspoon kernel[984]: [    0.900000] aspeed-smc 1e620000.flash-controller: CE1 window [ 0x22000000 - 0x2a000000 ] 128MB
Oct 26 12:27:21 witherspoon kernel[984]: [    0.900000] 3 ofpart partitions found on MTD device bmc
Oct 26 12:27:21 witherspoon kernel[984]: [    0.930000] Creating 3 MTD partitions on "bmc":
Oct 26 12:27:31 witherspoon kernel: ubi: ubi0 already exists
Oct 26 12:27:21 witherspoon kernel[984]: [    0.940000] 0x000000000000-0x000000060000 : "u-boot"
Oct 26 12:27:21 witherspoon kernel[984]: [    0.940000] 0x000000060000-0x000000080000 : "u-boot-env"
Oct 26 12:27:21 witherspoon kernel[984]: [    0.960000] 0x000000080000-0x000002000000 : "obmc-ubi"
Oct 26 12:27:21 witherspoon kernel[984]: [    0.960000] aspeed-smc 1e620000.flash-controller: mx25l25635e (32768 Kbytes)
Oct 26 12:27:21 witherspoon kernel[984]: [    0.970000] aspeed-smc 1e620000.flash-controller: CE1 window [ 0x22000000 - 0x24000000 ] 32MB
Oct 26 12:27:21 witherspoon kernel[984]: [    0.970000] aspeed-smc 1e620000.flash-controller: CE2 window [ 0x24000000 - 0x2c000000 ] 128MB
Oct 26 12:27:21 witherspoon kernel[984]: [    0.990000] 3 ofpart partitions found on MTD device alt-bmc
Oct 26 12:27:21 witherspoon kernel[984]: [    0.990000] Creating 3 MTD partitions on "alt-bmc":
Oct 26 12:27:21 witherspoon kernel[984]: [    0.990000] 0x000000000000-0x000000060000 : "alt-u-boot"
Oct 26 12:27:21 witherspoon kernel[984]: [    1.010000] 0x000000060000-0x000000080000 : "alt-u-boot-env"
Oct 26 12:27:21 witherspoon kernel[984]: [    1.020000] 0x000000080000-0x000002000000 : "alt-obmc-ubi"
Oct 26 12:27:21 witherspoon kernel[984]: [    1.040000] aspeed-smc 1e630000.flash-controller: mx66l1g45g (131072 Kbytes)
Oct 26 12:27:21 witherspoon kernel[984]: [    1.040000] aspeed-smc 1e630000.flash-controller: CE0 window resized to 120MB (AST2500 HW quirk)
Oct 26 12:27:21 witherspoon kernel[984]: [    1.050000] aspeed-smc 1e630000.flash-controller: CE0 window [ 0x30000000 - 0x37800000 ] 120MB
Oct 26 12:27:21 witherspoon kernel[984]: [    1.050000] aspeed-smc 1e630000.flash-controller: CE0 window too small for chip 128MB
Oct 26 12:27:21 witherspoon kernel[984]: [    1.050000] aspeed-smc 1e630000.flash-controller: CE1 window [ 0x37800000 - 0x38000000 ] 8MB
Oct 26 12:27:21 witherspoon kernel[984]: [    1.800000] libphy: Fixed MDIO Bus: probed
Oct 26 12:27:21 witherspoon kernel[984]: [    1.800000] ftgmac100 1e660000.ethernet: Read MAC address 70:e2:84:14:2a:08 from chip
Oct 26 12:27:21 witherspoon kernel[984]: [    1.800000] ftgmac100 1e660000.ethernet: Using NCSI interface
Oct 26 12:27:21 witherspoon kernel[984]: [    1.800000] ftgmac100 1e660000.ethernet eth0: irq 20, mapped at f0060000
Oct 26 12:27:21 witherspoon kernel[984]: [    1.800000] ehci_hcd: USB 2.0 'Enhanced' Host Controller (EHCI) Driver
Oct 26 12:27:21 witherspoon kernel[984]: [    1.800000] ehci-platform: EHCI generic platform driver
Oct 26 12:27:21 witherspoon kernel[984]: [    2.040000] i2c /dev entries driver
Oct 26 12:27:21 witherspoon kernel[984]: [    2.040000] aspeed-i2c-bus 1e78a0c0.i2c-bus: i2c bus 2 registered, irq 26
Oct 26 12:27:21 witherspoon kernel[984]: [    2.040000] aspeed-i2c-bus 1e78a100.i2c-bus: i2c bus 3 registered, irq 27
Oct 26 12:27:21 witherspoon kernel[984]: [    2.040000] aspeed-i2c-bus 1e78a140.i2c-bus: i2c bus 4 registered, irq 28
Oct 26 12:27:21 witherspoon kernel[984]: [    2.040000] aspeed-i2c-bus 1e78a180.i2c-bus: i2c bus 5 registered, irq 29
Oct 26 12:27:21 witherspoon kernel[984]: [    2.040000] aspeed-i2c-bus 1e78a380.i2c-bus: i2c bus 9 registered, irq 30
Oct 26 12:27:32 witherspoon systemd[1]: Created slice system-dropbear.slice.
Oct 26 12:27:21 witherspoon kernel[984]: [    2.040000] aspeed-i2c-bus 1e78a3c0.i2c-bus: i2c bus 10 registered, irq 31
Oct 26 12:27:21 witherspoon kernel[984]: [    2.040000] rtc-rv8803 11-0032: Voltage low, temperature compensation stopped.
Oct 26 12:27:21 witherspoon kernel[984]: [    2.040000] rtc-rv8803 11-0032: An alarm maybe have been missed.
Oct 26 12:27:21 witherspoon kernel[984]: [    2.150000] rtc-rv8803 11-0032: rtc core: registered rx8900 as rtc0
Oct 26 12:27:21 witherspoon kernel[984]: [    2.160000] at24 11-0051: 8192 byte 24c64 EEPROM, writable, 1 bytes/write
Oct 26 12:27:21 witherspoon kernel[984]: [    2.160000] aspeed-i2c-bus 1e78a400.i2c-bus: i2c bus 11 registered, irq 32
Oct 26 12:27:21 witherspoon kernel[984]: [    2.160000] aspeed-i2c-bus 1e78a440.i2c-bus: i2c bus 12 registered, irq 33
Oct 26 12:27:21 witherspoon kernel[984]: [    2.160000] aspeed-i2c-bus 1e78a480.i2c-bus: i2c bus 13 registered, irq 34
Oct 26 12:27:21 witherspoon kernel[984]: [    2.160000] Driver for 1-wire Dallas network protocol.
Oct 26 12:27:21 witherspoon kernel[984]: [    2.160000] lm75 9-004a: hwmon0: sensor 'tmp275'
Oct 26 12:27:21 witherspoon kernel[984]: [    3.950000] ucd9000 11-0064: Device ID UCD90160|2.3.4.0000|110603
Oct 26 12:27:21 witherspoon kernel[984]: [    4.650000] leds-pca955x 3-0060: leds-pca955x: Using pca9552 16-bit LED driver at slave address 0x60
Oct 26 12:27:21 witherspoon kernel[984]: [    4.660000] leds-pca955x 3-0060: gpios 238...253
Oct 26 12:27:21 witherspoon kernel[984]: [    4.670000] leds-pca955x 11-0060: leds-pca955x: Using pca9552 16-bit LED driver at slave address 0x60
Oct 26 12:27:21 witherspoon kernel[984]: [    4.680000] leds-pca955x 11-0060: gpios 222...237
Oct 26 12:27:21 witherspoon kernel[984]: [    4.690000] usbcore: registered new interface driver usbhid
Oct 26 12:27:21 witherspoon kernel[984]: [    4.690000] usbhid: USB HID core driver
Oct 26 12:27:21 witherspoon kernel[984]: [    4.730000] dps310 3-0076: iio:device1: sensor 'dps310'
Oct 26 12:27:21 witherspoon kernel[984]: [    4.730000] NET: Registered protocol family 10
Oct 26 12:27:21 witherspoon kernel[984]: [    4.740000] Segment Routing with IPv6
Oct 26 12:27:21 witherspoon kernel[984]: [    4.740000] NET: Registered protocol family 17
Oct 26 12:27:21 witherspoon kernel[984]: [    4.740000] 8021q: 802.1Q VLAN Support v1.8
Oct 26 12:27:21 witherspoon kernel[984]: [    4.760000] input: gpio-keys-polled as /devices/platform/gpio-keys-polled/input/input1
Oct 26 12:27:21 witherspoon kernel[984]: [    4.790000] ubi0: default fastmap pool size: 25
Oct 26 12:27:21 witherspoon kernel[984]: [    4.800000] ubi0: default fastmap WL pool size: 12
Oct 26 12:27:21 witherspoon kernel[984]: [    4.800000] ubi0: attaching mtd3
Oct 26 12:27:21 witherspoon kernel[984]: [    4.810000] ubi0: scanning is finished
Oct 26 12:27:21 witherspoon kernel[984]: [    4.830000] ubi0: attached mtd3 (name "obmc-ubi", size 31 MiB)
Oct 26 12:27:21 witherspoon kernel[984]: [    4.830000] ubi0: PEB size: 65536 bytes (64 KiB), LEB size: 65408 bytes
Oct 26 12:27:21 witherspoon kernel[984]: [    4.830000] ubi0: min./max. I/O unit sizes: 1/256, sub-page size 1
Oct 26 12:27:21 witherspoon kernel[984]: [    4.860000] ubi0: VID header offset: 64 (aligned 64), data offset: 128
Oct 26 12:27:21 witherspoon kernel[984]: [    4.860000] ubi0: good PEBs: 504, bad PEBs: 0, corrupted PEBs: 0
Oct 26 12:27:21 witherspoon kernel[984]: [    4.860000] ubi0: user volume: 4, internal volumes: 1, max. volumes count: 128
Oct 26 12:27:21 witherspoon kernel[984]: [    4.860000] ubi0: max/mean erase counter: 61/40, WL threshold: 4096, image sequence number: 1358235831
Oct 26 12:27:21 witherspoon kernel[984]: [    4.860000] ubi0: available PEBs: 46, total reserved PEBs: 458, PEBs reserved for bad PEB handling: 0
Oct 26 12:27:21 witherspoon kernel[984]: [    4.890000] ubi0: background thread "ubi_bgt0d" started, PID 508
Oct 26 12:27:21 witherspoon kernel[984]: [    4.890000] ubi4: default fastmap pool size: 25
Oct 26 12:27:21 witherspoon kernel[984]: [    4.890000] ubi4: default fastmap WL pool size: 12
Oct 26 12:27:21 witherspoon kernel[984]: [    4.890000] ubi4: attaching mtd7
Oct 26 12:27:21 witherspoon kernel[984]: [    4.930000] ubi4: scanning is finished
Oct 26 12:27:21 witherspoon kernel[984]: [    4.970000] ubi4: attached mtd7 (name "alt-obmc-ubi", size 31 MiB)
Oct 26 12:27:21 witherspoon kernel[984]: [    4.970000] ubi4: PEB size: 65536 bytes (64 KiB), LEB size: 65408 bytes
Oct 26 12:27:21 witherspoon kernel[984]: [    5.020000] ubi4: min./max. I/O unit sizes: 1/256, sub-page size 1
Oct 26 12:27:21 witherspoon kernel[984]: [    5.020000] ubi4: VID header offset: 64 (aligned 64), data offset: 128
Oct 26 12:27:21 witherspoon kernel[984]: [    5.020000] ubi4: good PEBs: 504, bad PEBs: 0, corrupted PEBs: 0
Oct 26 12:27:21 witherspoon kernel[984]: [    5.020000] ubi4: user volume: 4, internal volumes: 1, max. volumes count: 128
Oct 26 12:27:21 witherspoon kernel[984]: [    5.020000] ubi4: max/mean erase counter: 27/21, WL threshold: 4096, image sequence number: 1358235831
Oct 26 12:27:33 witherspoon systemd[1]: Started SSH Per-Connection Server (9.41.165.94:42236).
Oct 26 12:27:21 witherspoon kernel[984]: [    5.020000] ubi4: available PEBs: 46, total reserved PEBs: 458, PEBs reserved for bad PEB handling: 0
Oct 26 12:27:34 witherspoon systemd[1]: Started Phosphor BMC0 Control.
Oct 26 12:27:21 witherspoon kernel[984]: [    5.020000] ubi4: background thread "ubi_bgt4d" started, PID 514
Oct 26 12:27:21 witherspoon kernel[984]: [    7.830000] block ubiblock0_0: created from ubi0:0(rofs-7413b9c5)
Oct 26 12:27:21 witherspoon kernel[984]: [    7.830000] console [netcon0] enabled
Oct 26 12:27:21 witherspoon kernel[984]: [    7.830000] netconsole: network logging started
Oct 26 12:27:21 witherspoon kernel[984]: [    7.830000] input: gpio-keys as /devices/platform/gpio-keys/input/input2
Oct 26 12:27:21 witherspoon kernel[984]: [    7.830000] rtc-rv8803 11-0032: setting system clock to 2017-10-26 12:27:03 UTC (1509020823)
Oct 26 12:27:21 witherspoon kernel[984]: [    7.830000] VFS: Mounted root (squashfs filesystem) readonly on device 254:0.
Oct 26 12:27:21 witherspoon kernel[984]: [    7.830000] devtmpfs: mounted
Oct 26 12:27:21 witherspoon kernel[984]: [    7.830000] Freeing unused kernel memory: 284K
Oct 26 12:27:21 witherspoon kernel[984]: [    7.830000] This architecture does not have kernel memory protection.
Oct 26 12:27:21 witherspoon kernel[984]: [    9.700000] systemd[1]: Failed to insert module 'autofs4': No such file or directory
Oct 26 12:27:21 witherspoon kernel[984]: [    9.700000] systemd[1]: systemd 232 running in system mode. (+PAM -AUDIT -SELINUX -IMA -APPARMOR -SMACK +SYSVINIT -UTMP -LIBCRYPTSETUP -GCRYPT -GNUTLS +ACL +XZ -LZ4 -SECCOMP +BLKID -ELFUTILS +KMOD -IDN)
Oct 26 12:27:21 witherspoon kernel[984]: [    9.890000] systemd[1]: Detected architecture arm.
Oct 26 12:27:21 witherspoon kernel[984]: [    9.980000] systemd[1]: Set hostname to <witherspoon>.
Oct 26 12:27:21 witherspoon kernel[984]: [   10.010000] systemd[1]: Initializing machine ID from random generator.
Oct 26 12:27:21 witherspoon kernel[984]: [   10.040000] systemd[1]: Installed transient /etc/machine-id file.
Oct 26 12:27:21 witherspoon kernel[984]: [   11.630000] systemd[1]: Listening on /dev/initctl Compatibility Named Pipe.
Oct 26 12:27:21 witherspoon kernel[984]: [   11.810000] systemd[1]: Listening on Syslog Socket.
Oct 26 12:27:21 witherspoon kernel[984]: [   11.840000] systemd[1]: Listening on Network Service Netlink Socket.
Oct 26 12:27:21 witherspoon kernel[984]: [   11.890000] systemd[1]: Listening on Process Core Dump Socket.
Oct 26 12:27:21 witherspoon kernel[984]: [   11.940000] systemd[1]: Reached target Swap.
Oct 26 12:27:21 witherspoon kernel[984]: [   17.830000] UBIFS (ubi0:2): background thread "ubifs_bgt0_2" started, PID 940
Oct 26 12:27:21 witherspoon kernel[984]: [   18.440000] UBIFS (ubi0:2): UBIFS: mounted UBI device 0, volume 2, name "rwfs"
Oct 26 12:27:21 witherspoon kernel[984]: [   18.440000] UBIFS (ubi0:2): LEB size: 65408 bytes (63 KiB), min./max. I/O unit sizes: 8 bytes/256 bytes
Oct 26 12:27:21 witherspoon kernel[984]: [   18.440000] UBIFS (ubi0:2): FS size: 3597440 bytes (3 MiB, 55 LEBs), journal size 719488 bytes (0 MiB, 11 LEBs)
Oct 26 12:27:21 witherspoon kernel[984]: [   18.440000] UBIFS (ubi0:2): reserved for root: 0 bytes (0 KiB)
Oct 26 12:27:21 witherspoon kernel[984]: [   18.440000] UBIFS (ubi0:2): media format: w4/r0 (latest is w5/r0), UUID F6AF7850-1C6E-4E2A-94BB-A56899CAF080, small LPT model
Oct 26 12:27:21 witherspoon kernel[984]: [   20.560000] systemd-journald[533]: Received request to flush runtime journal from PID 1
Oct 26 12:27:21 witherspoon kernel[984]: [   25.800000] 8021q: adding VLAN 0 to HW filter on device eth0
Oct 26 12:27:23 witherspoon avahi-daemon[991]: Found user 'avahi' (UID 999) and group 'avahi' (GID 999).
Oct 26 12:27:23 witherspoon avahi-daemon[991]: Successfully dropped root privileges.
Oct 26 12:27:23 witherspoon avahi-daemon[991]: avahi-daemon 0.6.32 starting up.
Oct 26 12:27:24 witherspoon kernel[984]: [   28.490000] ubi8: default fastmap pool size: 100
Oct 26 12:27:24 witherspoon kernel[984]: [   28.490000] ubi8: default fastmap WL pool size: 50
Oct 26 12:27:24 witherspoon kernel[984]: [   28.490000] ubi8: attaching mtd8
Oct 26 12:27:24 witherspoon avahi-daemon[991]: Successfully called chroot().
Oct 26 12:27:24 witherspoon avahi-daemon[991]: Successfully dropped remaining capabilities.
Oct 26 12:27:24 witherspoon avahi-daemon[991]: Loading service file /services/obmc_console.service.
Oct 26 12:27:24 witherspoon avahi-daemon[991]: Loading service file /services/phosphor_rest.service.
Oct 26 12:27:24 witherspoon avahi-daemon[991]: Loading service file /services/sftp-ssh.service.
Oct 26 12:27:24 witherspoon avahi-daemon[991]: Loading service file /services/sftp.service.
Oct 26 12:27:24 witherspoon avahi-daemon[991]: Loading service file /services/ssh.service.
Oct 26 12:27:24 witherspoon kernel[984]: [   28.840000] ubi8: scanning is finished
Oct 26 12:27:24 witherspoon kernel[984]: [   28.910000] ubi8: attached mtd8 (name "pnor", size 128 MiB)
Oct 26 12:27:24 witherspoon kernel[984]: [   28.910000] ubi8: PEB size: 65536 bytes (64 KiB), LEB size: 65408 bytes
Oct 26 12:27:24 witherspoon kernel[984]: [   28.910000] ubi8: min./max. I/O unit sizes: 1/256, sub-page size 1
Oct 26 12:27:24 witherspoon kernel[984]: [   28.910000] ubi8: VID header offset: 64 (aligned 64), data offset: 128
Oct 26 12:27:24 witherspoon kernel[984]: [   28.910000] ubi8: good PEBs: 2048, bad PEBs: 0, corrupted PEBs: 0
Oct 26 12:27:24 witherspoon kernel[984]: [   28.910000] ubi8: user volume: 4, internal volumes: 1, max. volumes count: 128
Oct 26 12:27:24 witherspoon kernel[984]: [   28.910000] ubi8: max/mean erase counter: 1/0, WL threshold: 4096, image sequence number: 567203918
Oct 26 12:27:24 witherspoon kernel[984]: [   28.910000] ubi8: available PEBs: 1110, total reserved PEBs: 938, PEBs reserved for bad PEB handling: 0
Oct 26 12:27:24 witherspoon kernel[984]: [   28.990000] ubi8: background thread "ubi_bgt8d" started, PID 1035
Oct 26 12:27:24 witherspoon avahi-daemon[991]: Joining mDNS multicast group on interface eth0.IPv6 with address 2002:905:150e:301:72e2:84ff:fe14:2a08.
Oct 26 12:27:24 witherspoon avahi-daemon[991]: New relevant interface eth0.IPv6 for mDNS.
Oct 26 12:27:24 witherspoon avahi-daemon[991]: Joining mDNS multicast group on interface eth0.IPv4 with address 9.5.180.47.
Oct 26 12:27:24 witherspoon avahi-daemon[991]: New relevant interface eth0.IPv4 for mDNS.
Oct 26 12:27:24 witherspoon avahi-daemon[991]: Network interface enumeration completed.
Oct 26 12:27:24 witherspoon avahi-daemon[991]: Registering new address record for 2002:905:150e:301:72e2:84ff:fe14:2a08 on eth0.*.
Oct 26 12:27:24 witherspoon avahi-daemon[991]: Registering new address record for 9.5.180.47 on eth0.IPv4.
Oct 26 12:27:25 witherspoon kernel[984]: [   30.010000] ftgmac100 1e660000.ethernet eth0: ncsi: removed vlan tag 0 at index 1
Oct 26 12:27:25 witherspoon kernel[984]: [   30.010000] ftgmac100 1e660000.ethernet eth0: ncsi: removed vlan tag 0 at index 2
Oct 26 12:27:25 witherspoon kernel[984]: [   30.010000] ftgmac100 1e660000.ethernet eth0: no vlan ids left to set
Oct 26 12:27:26 witherspoon kernel[984]: [   30.450000] ftgmac100 1e660000.ethernet eth0: NCSI interface up
Oct 26 12:27:26 witherspoon avahi-daemon[991]: Server startup complete. Host name is witherspoon.local. Local service cookie is 1876438416.
Oct 26 12:27:27 witherspoon avahi-daemon[991]: Service "witherspoon" (/services/ssh.service) successfully established.
Oct 26 12:27:27 witherspoon avahi-daemon[991]: Service "sftp" (/services/sftp.service) successfully established.
Oct 26 12:27:27 witherspoon avahi-daemon[991]: Service "witherspoon" (/services/sftp-ssh.service) successfully established.
Oct 26 12:27:27 witherspoon avahi-daemon[991]: Service "phosphor_rest" (/services/phosphor_rest.service) successfully established.
Oct 26 12:27:27 witherspoon avahi-daemon[991]: Service "obmc_console" (/services/obmc_console.service) successfully established.
Oct 26 12:27:31 witherspoon kernel[984]: [   30.940000] ubi: ubi0 already exists
Oct 26 12:27:34 witherspoon dropbear[1093]: Failed loading /var/lib/dropbear/dropbear_rsa_host_key
Oct 26 12:27:34 witherspoon dropbear[1093]: Failed loading /etc/dropbear/dropbear_dss_host_key
Oct 26 12:27:34 witherspoon dropbear[1093]: Failed loading /etc/dropbear/dropbear_ecdsa_host_key
Oct 26 12:27:34 witherspoon dropbear[1093]: Child connection from ::ffff:9.41.165.94:42236
Oct 26 12:27:38 witherspoon systemd[1]: Started SSH Per-Connection Server (9.41.179.198:64569).
Oct 26 12:27:38 witherspoon dropbear[1096]: Failed loading /var/lib/dropbear/dropbear_rsa_host_key
Oct 26 12:27:38 witherspoon dropbear[1096]: Failed loading /etc/dropbear/dropbear_dss_host_key
Oct 26 12:27:38 witherspoon dropbear[1096]: Failed loading /etc/dropbear/dropbear_ecdsa_host_key
Oct 26 12:27:38 witherspoon dropbear[1096]: Child connection from ::ffff:9.41.179.198:64569
Oct 26 12:27:40 witherspoon dropbear[1093]: PAM password auth succeeded for 'root' from ::ffff:9.41.165.94:42236
Oct 26 12:27:47 witherspoon systemd[1]: Started Phosphor Chassis0 Control.
Oct 26 12:27:47 witherspoon chassis_control.py[975]: Running ChassisControlService
Oct 26 12:27:47 witherspoon kernel: ubi: ubi4 already exists
Oct 26 12:27:47 witherspoon kernel: block ubiblock8_0: created from ubi8:0(pnor-ro-390e9d0f)
Oct 26 12:27:47 witherspoon kernel[984]: [   35.540000] ubi: ubi4 already exists
Oct 26 12:27:47 witherspoon kernel[984]: [   51.660000] block ubiblock8_0: created from ubi8:0(pnor-ro-390e9d0f)
Oct 26 12:27:48 witherspoon kernel: UBIFS (ubi8:1): background thread "ubifs_bgt8_1" started, PID 1115
Oct 26 12:27:48 witherspoon kernel[984]: [   52.110000] UBIFS (ubi8:1): background thread "ubifs_bgt8_1" started, PID 1115
Oct 26 12:27:48 witherspoon inventory_items.py[990]: Loading from cache: /var/cache/obmc/org.openbmc.inventory.system.chassis.motherboard.bmc@org.openbmc.InventoryItem.props
Oct 26 12:27:48 witherspoon inventory_items.py[990]: Caching: /org/openbmc/inventory/system/chassis/motherboard/bmc
Oct 26 12:27:49 witherspoon systemd[1]: Started Phosphor Inventory Manager.
Oct 26 12:27:49 witherspoon systemd[1]: Started Phosphor Download Manager.
Oct 26 12:27:49 witherspoon download_manager.py[1006]: Running Download Manager
Oct 26 12:27:50 witherspoon kernel: UBIFS (ubi8:1): UBIFS: mounted UBI device 8, volume 1, name "pnor-rw-390e9d0f"
Oct 26 12:27:50 witherspoon kernel: UBIFS (ubi8:1): LEB size: 65408 bytes (63 KiB), min./max. I/O unit sizes: 8 bytes/256 bytes
Oct 26 12:27:50 witherspoon kernel: UBIFS (ubi8:1): FS size: 16155776 bytes (15 MiB, 247 LEBs), journal size 784896 bytes (0 MiB, 12 LEBs)
Oct 26 12:27:50 witherspoon kernel: UBIFS (ubi8:1): reserved for root: 763076 bytes (745 KiB)
Oct 26 12:27:50 witherspoon kernel: UBIFS (ubi8:1): media format: w5/r0 (latest is w5/r0), UUID 4D29FA48-B6BF-4AE4-94BE-058B8001E16F, small LPT model
Oct 26 12:27:50 witherspoon kernel[984]: [   54.440000] UBIFS (ubi8:1): UBIFS: mounted UBI device 8, volume 1, name "pnor-rw-390e9d0f"
Oct 26 12:27:50 witherspoon kernel[984]: [   54.440000] UBIFS (ubi8:1): LEB size: 65408 bytes (63 KiB), min./max. I/O unit sizes: 8 bytes/256 bytes
Oct 26 12:27:50 witherspoon kernel[984]: [   54.440000] UBIFS (ubi8:1): FS size: 16155776 bytes (15 MiB, 247 LEBs), journal size 784896 bytes (0 MiB, 12 LEBs)
Oct 26 12:27:50 witherspoon kernel[984]: [   54.440000] UBIFS (ubi8:1): reserved for root: 763076 bytes (745 KiB)
Oct 26 12:27:50 witherspoon kernel[984]: [   54.440000] UBIFS (ubi8:1): media format: w5/r0 (latest is w5/r0), UUID 4D29FA48-B6BF-4AE4-94BE-058B8001E16F, small LPT model
Oct 26 12:27:50 witherspoon sensor_manager2.py[1003]: Setting boot count to 3
Oct 26 12:27:50 witherspoon systemd[1]: Started Phosphor Sensor Manager.
Oct 26 12:27:50 witherspoon sensor_manager2.py[1003]: Starting sensor manager
Oct 26 12:27:50 witherspoon kernel: UBIFS (ubi8:2): background thread "ubifs_bgt8_2" started, PID 1124
Oct 26 12:27:50 witherspoon kernel[984]: [   54.930000] UBIFS (ubi8:2): background thread "ubifs_bgt8_2" started, PID 1124
Oct 26 12:27:50 witherspoon inventory_items.py[990]: Running Inventory Manager
Oct 26 12:27:52 witherspoon systemd[1]: Started Remount the squashfs and ubi volumes after a reboot.
Oct 26 12:27:52 witherspoon phosphor-mapper[985]: ObjectMapper startup complete.  Discovery in progress...
Oct 26 12:27:52 witherspoon kernel: UBIFS (ubi8:2): UBIFS: mounted UBI device 8, volume 2, name "pnor-prsv"
Oct 26 12:27:52 witherspoon kernel: UBIFS (ubi8:2): LEB size: 65408 bytes (63 KiB), min./max. I/O unit sizes: 8 bytes/256 bytes
Oct 26 12:27:52 witherspoon kernel: UBIFS (ubi8:2): FS size: 1504384 bytes (1 MiB, 23 LEBs), journal size 523265 bytes (0 MiB, 6 LEBs)
Oct 26 12:27:52 witherspoon kernel: UBIFS (ubi8:2): reserved for root: 71055 bytes (69 KiB)
Oct 26 12:27:52 witherspoon kernel: UBIFS (ubi8:2): media format: w5/r0 (latest is w5/r0), UUID 65D2C8B2-CAAA-4F86-8671-DC0B711C9917, small LPT model
Oct 26 12:27:52 witherspoon kernel[984]: [   56.430000] UBIFS (ubi8:2): UBIFS: mounted UBI device 8, volume 2, name "pnor-prsv"
Oct 26 12:27:52 witherspoon kernel[984]: [   56.430000] UBIFS (ubi8:2): LEB size: 65408 bytes (63 KiB), min./max. I/O unit sizes: 8 bytes/256 bytes
Oct 26 12:27:52 witherspoon kernel[984]: [   56.430000] UBIFS (ubi8:2): FS size: 1504384 bytes (1 MiB, 23 LEBs), journal size 523265 bytes (0 MiB, 6 LEBs)
Oct 26 12:27:52 witherspoon kernel[984]: [   56.430000] UBIFS (ubi8:2): reserved for root: 71055 bytes (69 KiB)
Oct 26 12:27:52 witherspoon kernel[984]: [   56.430000] UBIFS (ubi8:2): media format: w5/r0 (latest is w5/r0), UUID 65D2C8B2-CAAA-4F86-8671-DC0B711C9917, small LPT model
Oct 26 12:27:53 witherspoon netman.py[986]: Started
Oct 26 12:27:53 witherspoon systemd[1]: Started Phosphor Network Manager.
Oct 26 12:27:53 witherspoon avahi-daemon[1013]: ../../avahi-0.6.32/avahi-daemon/chroot.c: open() failed: No such file or directory
Oct 26 12:27:53 witherspoon avahi-daemon[991]: Failed to open /usr/share/dbus-1/interfaces/org.freedesktop.Avahi.Server.xml: Invalid argument
Oct 26 12:27:53 witherspoon avahi-daemon[991]: Failed to load introspection data.
Oct 26 12:27:54 witherspoon dropbear[1096]: PAM password auth succeeded for 'root' from ::ffff:9.41.179.198:64569
Oct 26 12:28:00 witherspoon systemd[1]: Started SSH Per-Connection Server (9.41.179.198:64572).
Oct 26 12:28:00 witherspoon dropbear[1133]: Failed loading /var/lib/dropbear/dropbear_rsa_host_key
Oct 26 12:28:00 witherspoon dropbear[1133]: Failed loading /etc/dropbear/dropbear_dss_host_key
Oct 26 12:28:00 witherspoon dropbear[1133]: Failed loading /etc/dropbear/dropbear_ecdsa_host_key
Oct 26 12:28:00 witherspoon dropbear[1133]: Child connection from ::ffff:9.41.179.198:64572
Oct 26 12:28:07 witherspoon dropbear[1133]: PAM password auth succeeded for 'root' from ::ffff:9.41.179.198:64572
Oct 26 12:28:10 witherspoon kernel: block ubiblock4_0: created from ubi4:0(rofs-c5846e44)
Oct 26 12:28:10 witherspoon kernel[984]: [   74.640000] block ubiblock4_0: created from ubi4:0(rofs-c5846e44)
Oct 26 12:28:11 witherspoon systemd[1]: Started Remount the ubi volume after a reboot.
Oct 26 12:28:11 witherspoon systemd[1]: Reached target Multi-User System.
Oct 26 12:28:13 witherspoon phosphor-mapper[985]: ObjectMapper discovery complete
Oct 26 12:28:13 witherspoon systemd[1]: Started Phosphor DBus Service Discovery Manager.
Oct 26 12:28:13 witherspoon systemd[1]: Started Phosphor Hwmon Poller.
Oct 26 12:28:13 witherspoon systemd[1]: Started Phosphor Hwmon Poller.
Oct 26 12:28:13 witherspoon systemd[1]: Started Phosphor Hwmon Poller.
Oct 26 12:28:13 witherspoon systemd[1]: Started Phosphor Hwmon Poller.
Oct 26 12:28:13 witherspoon systemd[1]: Started Phosphor Hwmon Poller.
Oct 26 12:28:13 witherspoon systemd[1]: Started Phosphor Hwmon Poller.
Oct 26 12:28:13 witherspoon systemd[1]: Reached target Phosphor Object Mapper.
Oct 26 12:28:13 witherspoon systemd[1]: Started Phosphor DBus Monitor.
Oct 26 12:28:13 witherspoon systemd[1]: Starting Wait for /xyz/openbmc_project/control/host0/restriction_mode...
Oct 26 12:28:13 witherspoon systemd[1]: Starting Wait for /xyz/openbmc_project/time/owner...
Oct 26 12:28:13 witherspoon systemd[1]: Starting Wait for /xyz/openbmc_project/control/host0...
Oct 26 12:28:13 witherspoon systemd[1]: Starting Wait for /xyz/openbmc_project/control/host0/auto_reboot...
Oct 26 12:28:13 witherspoon systemd[1]: Starting Phoshpor System Manager...
Oct 26 12:28:13 witherspoon systemd[1]: Starting Wait for /org/openbmc/managers/System...
Oct 26 12:28:13 witherspoon systemd[1]: Starting Wait for /org/openbmc/control/bmc0...
Oct 26 12:28:13 witherspoon systemd[1]: Starting Wait for /xyz/openbmc_project/control/host0/boot/one_time...
Oct 26 12:28:13 witherspoon systemd[1]: Starting Wait for /org/openbmc/control/power0...
Oct 26 12:28:13 witherspoon systemd[1]: Starting Wait for /xyz/openbmc_project/inventory/system/chassis/power_supply0...
Oct 26 12:28:13 witherspoon systemd[1]: Starting Wait for /xyz/openbmc_project/state/host0...
Oct 26 12:28:13 witherspoon systemd[1]: Starting Wait for /xyz/openbmc_project/control/host0/power_restore_policy...
Oct 26 12:28:13 witherspoon systemd[1]: Starting Wait for /xyz/openbmc_project/time/sync_method...
Oct 26 12:28:13 witherspoon systemd[1]: Starting Wait for /xyz/openbmc_project/network/config...
Oct 26 12:28:13 witherspoon systemd[1]: Reached target Webserver (pre).
Oct 26 12:28:13 witherspoon systemd[1]: Started Phosphor Webserver.
Oct 26 12:28:13 witherspoon systemd[1]: Starting Phosphor Network Manager...
Oct 26 12:28:13 witherspoon systemd[1]: Starting Wait for /org/openbmc/managers/Download...
Oct 26 12:28:13 witherspoon systemd[1]: Starting Wait for /xyz/openbmc_project/state/chassis0...
Oct 26 12:28:13 witherspoon systemd[1]: Starting OpenPower Software Update Manager...
Oct 26 12:28:14 witherspoon systemd[1]: Starting OpenBMC Software Update Manager...
Oct 26 12:28:14 witherspoon systemd[1]: Starting Wait for /xyz/openbmc_project/inventory/system/chassis/power_supply1...
Oct 26 12:28:14 witherspoon systemd[1]: Starting Wait for /xyz/openbmc_project/control/host0/boot...
Oct 26 12:28:14 witherspoon systemd[1]: Starting Wait for /xyz/openbmc_project/led/groups/bmc_booted...
Oct 26 12:28:14 witherspoon systemd[1]: Starting Wait for /xyz/openbmc_project/led/groups...
Oct 26 12:28:14 witherspoon systemd[1]: Starting Wait for /xyz/openbmc_project/inventory...
Oct 26 12:28:14 witherspoon systemd[1]: Starting Phosphor Settings Manager...
Oct 26 12:28:14 witherspoon systemd[1]: Started Phosphor Hwmon Poller.
Oct 26 12:28:14 witherspoon systemd[1]: Started Phosphor Hwmon Poller.
Oct 26 12:28:14 witherspoon systemd[1]: Started Wait for /xyz/openbmc_project/led/groups/bmc_booted.
Oct 26 12:28:17 witherspoon phosphor-network-manager[1178]: ConfigParser: Key not found
Oct 26 12:28:17 witherspoon phosphor-network-manager[1178]: The operation failed internally.
Oct 26 12:28:17 witherspoon phosphor-network-manager[1178]: Exception occured during getting of DHCP value
Oct 26 12:28:17 witherspoon phosphor-network-manager[1178]: ConfigParser: Key not found
Oct 26 12:28:17 witherspoon phosphor-network-manager[1178]: The operation failed internally.
Oct 26 12:28:17 witherspoon phosphor-network-manager[1178]: Unable to find the NTP server configuration.
Oct 26 12:28:17 witherspoon systemd[1]: Started Phosphor Network Manager.
Oct 26 12:28:17 witherspoon systemd[1]: Started Wait for /org/openbmc/control/bmc0.
Oct 26 12:28:19 witherspoon dbus[976]: [system] Activating via systemd: service name='org.freedesktop.hostname1' unit='dbus-org.freedesktop.hostname1.service'
Oct 26 12:28:19 witherspoon systemd[1]: Starting Hostname Service...
Oct 26 12:28:21 witherspoon systemd[1]: Started Wait for /xyz/openbmc_project/control/host0/boot/one_time.
Oct 26 12:28:23 witherspoon dbus[976]: [system] Successfully activated service 'org.freedesktop.hostname1'
Oct 26 12:28:23 witherspoon systemd[1]: Started Hostname Service.
Oct 26 12:28:23 witherspoon systemd[1]: Started Wait for /xyz/openbmc_project/led/groups.
Oct 26 12:28:23 witherspoon systemd[1]: Started FRU Fault monitor service.
Oct 26 12:28:23 witherspoon systemd[1]: Started Wait for /xyz/openbmc_project/inventory.
Oct 26 12:28:24 witherspoon systemd[1]: Starting Read OpenPOWER-format VPD from EEPROM...
Oct 26 12:28:24 witherspoon systemd[1]: Starting Phosphor MAX31785 MSL...
Oct 26 12:28:24 witherspoon systemd[1]: Started Phosphor Cooling Type.
Oct 26 12:28:24 witherspoon systemd[1]: Started Phosphor GPIO 0 Presence.
Oct 26 12:28:24 witherspoon systemd[1]: Starting OpenPOWER OCC controller...
Oct 26 12:28:24 witherspoon systemd[1]: Started Phosphor GPIO 1 Presence.
Oct 26 12:28:24 witherspoon systemd[1]: Started Wait for /xyz/openbmc_project/control/host0/auto_reboot.
Oct 26 12:28:24 witherspoon systemd[1]: Started Wait for /xyz/openbmc_project/control/host0/power_restore_policy.
Oct 26 12:28:24 witherspoon systemd[1]: Started Wait for /xyz/openbmc_project/time/sync_method.
Oct 26 12:28:25 witherspoon systemd[1]: Started Wait for /xyz/openbmc_project/control/host0/boot.
Oct 26 12:28:25 witherspoon systemd[1]: Started Wait for /org/openbmc/managers/Download.
Oct 26 12:28:25 witherspoon systemd[1]: Starting Phosphor BMC Code Update...
Oct 26 12:28:25 witherspoon systemd[1]: Started Wait for /xyz/openbmc_project/inventory/system/chassis/power_supply0.
Oct 26 12:28:25 witherspoon systemd[1]: Started OpenPower Software Update Manager.
Oct 26 12:28:25 witherspoon phosphor-gpio-presence[1207]: Updating inventory present property
Oct 26 12:28:25 witherspoon phosphor-gpio-presence[1205]: Updating inventory present property
Oct 26 12:28:26 witherspoon systemd[1]: Starting Create a ubi volume for pnor patches...
Oct 26 12:28:26 witherspoon systemd[1]: Starting Updates symlinks for active PNOR version...
Oct 26 12:28:27 witherspoon systemd[1]: Started Wait for /xyz/openbmc_project/time/owner.
Oct 26 12:28:27 witherspoon systemd[1]: Started Updates symlinks for active PNOR version.
Oct 26 12:28:28 witherspoon kernel: UBIFS (ubi8:3): UBIFS: mounted UBI device 8, volume 3, name "pnor-patch"
Oct 26 12:28:28 witherspoon kernel: UBIFS (ubi8:3): LEB size: 65408 bytes (63 KiB), min./max. I/O unit sizes: 8 bytes/256 bytes
Oct 26 12:28:28 witherspoon kernel: UBIFS (ubi8:3): FS size: 16155776 bytes (15 MiB, 247 LEBs), journal size 784896 bytes (0 MiB, 12 LEBs)
Oct 26 12:28:28 witherspoon kernel: UBIFS (ubi8:3): reserved for root: 763076 bytes (745 KiB)
Oct 26 12:28:28 witherspoon kernel: UBIFS (ubi8:3): media format: w5/r0 (latest is w5/r0), UUID 48C40BD7-B197-4A44-BC5D-4232452EB5F6, small LPT model
Oct 26 12:28:28 witherspoon kernel[984]: [   92.490000] UBIFS (ubi8:3): UBIFS: mounted UBI device 8, volume 3, name "pnor-patch"
Oct 26 12:28:28 witherspoon kernel[984]: [   92.490000] UBIFS (ubi8:3): LEB size: 65408 bytes (63 KiB), min./max. I/O unit sizes: 8 bytes/256 bytes
Oct 26 12:28:28 witherspoon kernel[984]: [   92.490000] UBIFS (ubi8:3): FS size: 16155776 bytes (15 MiB, 247 LEBs), journal size 784896 bytes (0 MiB, 12 LEBs)
Oct 26 12:28:28 witherspoon kernel[984]: [   92.490000] UBIFS (ubi8:3): reserved for root: 763076 bytes (745 KiB)
Oct 26 12:28:28 witherspoon kernel[984]: [   92.490000] UBIFS (ubi8:3): media format: w5/r0 (latest is w5/r0), UUID 48C40BD7-B197-4A44-BC5D-4232452EB5F6, small LPT model
Oct 26 12:28:28 witherspoon kernel: UBIFS (ubi8:3): background thread "ubifs_bgt8_3" started, PID 1234
Oct 26 12:28:28 witherspoon kernel[984]: [   92.590000] UBIFS (ubi8:3): background thread "ubifs_bgt8_3" started, PID 1234
Oct 26 12:28:28 witherspoon systemd[1]: Started Create a ubi volume for pnor patches.
Oct 26 12:28:28 witherspoon systemd[1]: Started Phosphor MBOX Daemon.
Oct 26 12:28:33 witherspoon systemd[1]: Started Wait for /xyz/openbmc_project/control/host0/restriction_mode.
Oct 26 12:28:35 witherspoon system_manager.py[1167]: Running System State: BASE_APPS
Oct 26 12:28:35 witherspoon system_manager.py[1167]: SystemManager Init Done
Oct 26 12:28:35 witherspoon system_manager.py[1167]: Running SystemManager
Oct 26 12:28:36 witherspoon systemd[1]: Starting Set U-Boot environment variable...
Oct 26 12:28:36 witherspoon systemd[1]: Started Phoshpor System Manager.
Oct 26 12:28:36 witherspoon systemd[1]: Created slice system-obmc\x2dflash\x2dbmc\x2dupdateubootvars.slice.
Oct 26 12:28:36 witherspoon systemd[1]: Starting Updates the u-boot variable to point BMC version to c5846e44...
Oct 26 12:28:37 witherspoon systemd[1]: Starting Set U-Boot environment variable...
Oct 26 12:28:37 witherspoon systemd[1]: Started OpenBMC Software Update Manager.
Oct 26 12:28:37 witherspoon systemd[1]: Starting Phosphor Version Software Manager...
Oct 26 12:28:38 witherspoon systemd[1]: Started Set U-Boot environment variable.
Oct 26 12:28:39 witherspoon systemd[1]: Started Phosphor Version Software Manager.
Oct 26 12:28:39 witherspoon phosphor-network-manager[1178]: ConfigParser: Key not found
Oct 26 12:28:39 witherspoon phosphor-network-manager[1178]: The operation failed internally.
Oct 26 12:28:39 witherspoon phosphor-network-manager[1178]: Exception occured during getting of DHCP value
Oct 26 12:28:39 witherspoon phosphor-network-manager[1178]: ConfigParser: Key not found
Oct 26 12:28:39 witherspoon phosphor-network-manager[1178]: The operation failed internally.
Oct 26 12:28:39 witherspoon phosphor-network-manager[1178]: Unable to find the NTP server configuration.
Oct 26 12:28:39 witherspoon phosphor-network-manager[1178]: Timer expired
Oct 26 12:28:40 witherspoon systemd[1]: Started Set U-Boot environment variable.
Oct 26 12:28:41 witherspoon systemd[1]: Started Wait for /xyz/openbmc_project/inventory/system/chassis/power_supply1.
Oct 26 12:28:43 witherspoon systemd[1]: Started Updates the u-boot variable to point BMC version to c5846e44.
Oct 26 12:28:45 witherspoon systemd[1]: Started Phosphor BMC Code Update.
Oct 26 12:28:45 witherspoon bmc_update.py[1211]: Running Bmc Flash Control
Oct 26 12:28:47 witherspoon systemd[1]: Started Phosphor MAX31785 MSL.
Oct 26 12:28:47 witherspoon systemd[1]: Started OpenPOWER OCC controller.
Oct 26 12:28:49 witherspoon system_manager.py[1167]: SystemManager Goto System State: BMC_STARTING
Oct 26 12:28:49 witherspoon system_manager.py[1167]: Running System State: BMC_STARTING
Oct 26 12:28:50 witherspoon settings_manager.py[1188]: Running HostSettingsService
Oct 26 12:28:50 witherspoon systemd[1]: Started Phosphor Settings Manager.
Oct 26 12:28:50 witherspoon systemd[1]: Starting Wait for /org/openbmc/settings/host0...
Oct 26 12:28:53 witherspoon systemd[1]: Started Read OpenPOWER-format VPD from EEPROM.
Oct 26 12:28:53 witherspoon systemd[1]: Starting Sync system/chassis/motherboard/uuid...
Oct 26 12:28:58 witherspoon phosphor-gevent[1177]: Traceback (most recent call last):
Oct 26 12:28:58 witherspoon phosphor-gevent[1177]:   File "/usr/lib/python2.7/site-packages/gevent/greenlet.py", line 327, in run
Oct 26 12:28:58 witherspoon phosphor-gevent[1177]:     result = self._run(*self.args, **self.kwargs)
Oct 26 12:28:58 witherspoon phosphor-gevent[1177]:   File "/usr/lib/python2.7/site-packages/gevent/server.py", line 102, in wrap_socket_and_handle
Oct 26 12:28:58 witherspoon phosphor-gevent[1177]:     ssl_socket = self.wrap_socket(client_socket, **self.ssl_args)
Oct 26 12:28:58 witherspoon phosphor-gevent[1177]:   File "/usr/lib/python2.7/site-packages/gevent/ssl.py", line 404, in wrap_socket
Oct 26 12:28:58 witherspoon phosphor-gevent[1177]:     ciphers=ciphers)
Oct 26 12:28:58 witherspoon phosphor-gevent[1177]:   File "/usr/lib/python2.7/site-packages/gevent/ssl.py", line 113, in __init__
Oct 26 12:28:58 witherspoon phosphor-gevent[1177]:     self.do_handshake()
Oct 26 12:28:58 witherspoon phosphor-gevent[1177]:   File "/usr/lib/python2.7/site-packages/gevent/ssl.py", line 324, in do_handshake
Oct 26 12:28:58 witherspoon phosphor-gevent[1177]:     return self._sslobj.do_handshake()
Oct 26 12:28:58 witherspoon phosphor-gevent[1177]: SSLEOFError: EOF occurred in violation of protocol (_ssl.c:590)
Oct 26 12:28:58 witherspoon phosphor-gevent[1177]: <Greenlet at 0x760afe40: <bound method WSGIServer.wrap_socket_and_handle of <WSGIServer at 0x75c10e90 fileno=6 address=('::34e2:f876:ce:6e76%1986973168', 443, 0, 1986973168)>>(<socket at 0x75b50c50 fileno=10>, ('::c0c9:6c76:8e91:f402%1995950876', 45452, 0, 199)> failed with SSLEOFError
Oct 26 12:28:58 witherspoon phosphor-gevent[1177]: Traceback (most recent call last):
Oct 26 12:28:58 witherspoon phosphor-gevent[1177]:   File "/usr/lib/python2.7/site-packages/gevent/greenlet.py", line 327, in run
Oct 26 12:28:58 witherspoon phosphor-gevent[1177]:     result = self._run(*self.args, **self.kwargs)
Oct 26 12:28:58 witherspoon phosphor-gevent[1177]:   File "/usr/lib/python2.7/site-packages/gevent/server.py", line 102, in wrap_socket_and_handle
Oct 26 12:28:58 witherspoon phosphor-gevent[1177]:     ssl_socket = self.wrap_socket(client_socket, **self.ssl_args)
Oct 26 12:28:58 witherspoon phosphor-gevent[1177]:   File "/usr/lib/python2.7/site-packages/gevent/ssl.py", line 404, in wrap_socket
Oct 26 12:28:58 witherspoon phosphor-gevent[1177]:     ciphers=ciphers)
Oct 26 12:28:58 witherspoon phosphor-gevent[1177]:   File "/usr/lib/python2.7/site-packages/gevent/ssl.py", line 113, in __init__
Oct 26 12:28:58 witherspoon phosphor-gevent[1177]:     self.do_handshake()
Oct 26 12:28:58 witherspoon phosphor-gevent[1177]:   File "/usr/lib/python2.7/site-packages/gevent/ssl.py", line 324, in do_handshake
Oct 26 12:28:58 witherspoon phosphor-gevent[1177]:     return self._sslobj.do_handshake()
Oct 26 12:28:58 witherspoon phosphor-gevent[1177]: SSLEOFError: EOF occurred in violation of protocol (_ssl.c:590)
Oct 26 12:28:58 witherspoon phosphor-gevent[1177]: <Greenlet at 0x760afe90: <bound method WSGIServer.wrap_socket_and_handle of <WSGIServer at 0x75c10e90 fileno=6 address=('::34e2:f876:ce:6e76%1986973168', 443, 0, 1986973168)>>(<socket at 0x75b50bf0 fileno=11>, ('::c0c9:6c76:8e91:f402%1995950876', 45454, 0, 199)> failed with SSLEOFError
Oct 26 12:28:59 witherspoon phosphor-gevent[1177]: Traceback (most recent call last):
Oct 26 12:28:59 witherspoon phosphor-gevent[1177]:   File "/usr/lib/python2.7/site-packages/gevent/greenlet.py", line 327, in run
Oct 26 12:28:59 witherspoon phosphor-gevent[1177]:     result = self._run(*self.args, **self.kwargs)
Oct 26 12:28:59 witherspoon phosphor-gevent[1177]:   File "/usr/lib/python2.7/site-packages/gevent/server.py", line 102, in wrap_socket_and_handle
Oct 26 12:28:59 witherspoon phosphor-gevent[1177]:     ssl_socket = self.wrap_socket(client_socket, **self.ssl_args)
Oct 26 12:28:59 witherspoon phosphor-gevent[1177]:   File "/usr/lib/python2.7/site-packages/gevent/ssl.py", line 404, in wrap_socket
Oct 26 12:28:59 witherspoon phosphor-gevent[1177]:     ciphers=ciphers)
Oct 26 12:28:59 witherspoon phosphor-gevent[1177]:   File "/usr/lib/python2.7/site-packages/gevent/ssl.py", line 113, in __init__
Oct 26 12:28:59 witherspoon phosphor-gevent[1177]:     self.do_handshake()
Oct 26 12:28:59 witherspoon phosphor-gevent[1177]:   File "/usr/lib/python2.7/site-packages/gevent/ssl.py", line 324, in do_handshake
Oct 26 12:28:59 witherspoon phosphor-gevent[1177]:     return self._sslobj.do_handshake()
Oct 26 12:28:59 witherspoon phosphor-gevent[1177]: SSLEOFError: EOF occurred in violation of protocol (_ssl.c:590)
Oct 26 12:28:59 witherspoon phosphor-gevent[1177]: <Greenlet at 0x760afee0: <bound method WSGIServer.wrap_socket_and_handle of <WSGIServer at 0x75c10e90 fileno=6 address=('::34e2:f876:ce:6e76%1986973168', 443, 0, 1986973168)>>(<socket at 0x75b50c90 fileno=12>, ('::c0c9:6c76:8e91:f402%1995950876', 45456, 0, 199)> failed with SSLEOFError
Oct 26 12:28:59 witherspoon systemd[1]: Started Sync system/chassis/motherboard/uuid.
Oct 26 12:29:01 witherspoon systemd[1]: Started Wait for /xyz/openbmc_project/network/config.
Oct 26 12:29:02 witherspoon systemd[1]: Starting Sync system/chassis/motherboard/bmc/ethernet...
Oct 26 12:29:07 witherspoon systemd[1]: Started Wait for /org/openbmc/managers/System.
Oct 26 12:29:07 witherspoon systemd[1]: Starting Phosphor Reset Button0...
Oct 26 12:29:07 witherspoon systemd[1]: Starting Phosphor Power0 Control...
Oct 26 12:29:07 witherspoon systemd[1]: Starting Phosphor BMC State Manager...
Oct 26 12:29:07 witherspoon systemd[1]: Starting Phosphor Chassis State Manager...
Oct 26 12:29:07 witherspoon systemd[1]: Starting Phosphor Power Button0...
Oct 26 12:29:08 witherspoon phosphor-chassis-state-manager[1285]: Initial Chassis State will be Off
Oct 26 12:29:09 witherspoon systemd[1]: Started Phosphor Chassis State Manager.
Oct 26 12:29:09 witherspoon button_power.exe[1286]: GPIO Lookup:  POWER_BUTTON = 347,both
Oct 26 12:29:09 witherspoon system_manager.py[1167]: New object: /org/openbmc/control/power0 (:1.93)
Oct 26 12:29:09 witherspoon phosphor-bmc-state-manager[1284]: Setting the BMCState field
Oct 26 12:29:09 witherspoon phosphor-bmc-state-manager[1284]: Setting the BMCState field
Oct 26 12:29:09 witherspoon systemd[1]: Started Phosphor BMC State Manager.
Oct 26 12:29:09 witherspoon systemd[1]: Started Phosphor Power Button0.
Oct 26 12:29:09 witherspoon system_manager.py[1167]: Power GPIO config: ['SYS_PWROK_BUFF', '', [('SOFTWARE_PGOOD', True), ('BMC_POWER_UP', True)], [('BMC_CP0_RESET_N', False)], [], 'FSI_DATA', 'FSI_CLK', 'FSI_ENABLE', 'CRONUS_SEL', []]
Oct 26 12:29:09 witherspoon power_control.exe[1283]: Power GPIO latch output:
Oct 26 12:29:09 witherspoon power_control.exe[1283]: Power GPIO power good input: SYS_PWROK_BUFF
Oct 26 12:29:09 witherspoon power_control.exe[1283]: Power GPIO 2 power_up outputs
Oct 26 12:29:09 witherspoon power_control.exe[1283]: Power GPIO power_up[0] = SOFTWARE_PGOOD active HIGH
Oct 26 12:29:09 witherspoon power_control.exe[1283]: Power GPIO power_up[1] = BMC_POWER_UP active HIGH
Oct 26 12:29:09 witherspoon power_control.exe[1283]: Power GPIO 1 reset outputs
Oct 26 12:29:09 witherspoon power_control.exe[1283]: Power GPIO reset[0] = BMC_CP0_RESET_N active LOW
Oct 26 12:29:09 witherspoon power_control.exe[1283]: Power GPIO 0 pci reset outputs
Oct 26 12:29:09 witherspoon power_control.exe[1283]: FSI DATA GPIO: FSI_DATA
Oct 26 12:29:09 witherspoon power_control.exe[1283]: FSI CLK GPIO: FSI_CLK
Oct 26 12:29:09 witherspoon power_control.exe[1283]: FSI ENABLE GPIO: FSI_ENABLE
Oct 26 12:29:09 witherspoon power_control.exe[1283]: CRONUS SEL GPIO: CRONUS_SEL
Oct 26 12:29:09 witherspoon power_control.exe[1283]: Hostctl GPIO optionals: 0
Oct 26 12:29:09 witherspoon button_reset.exe[1282]: GPIO Lookup:  RESET_BUTTON = 353,both
Oct 26 12:29:09 witherspoon systemd[1]: Started Phosphor Reset Button0.
Oct 26 12:29:09 witherspoon power_control.exe[1283]: GPIO Lookup:  SYS_PWROK_BUFF = 306,in
Oct 26 12:29:10 witherspoon power_control.exe[1283]: GPIO Lookup:  SOFTWARE_PGOOD = 417,out
Oct 26 12:29:10 witherspoon power_control.exe[1283]: GPIO Lookup:  BMC_POWER_UP = 305,out
Oct 26 12:29:10 witherspoon power_control.exe[1283]: GPIO Lookup:  BMC_CP0_RESET_N = 281,out
Oct 26 12:29:10 witherspoon power_control.exe[1283]: Pgood state: 0
Oct 26 12:29:10 witherspoon systemd[1]: Started Phosphor Power0 Control.
Oct 26 12:29:11 witherspoon sync_inventory_items.py[1279]: Inventory MAC=70:e2:84:14:2a:08,System MAC=70:e2:84:14:2a:08
Oct 26 12:29:11 witherspoon systemd[1]: Started Wait for /org/openbmc/settings/host0.
Oct 26 12:29:11 witherspoon systemd[1]: Started Phosphor Inband IPMI.
Oct 26 12:29:14 witherspoon avahi-daemon[991]: Interface eth0.IPv6 no longer relevant for mDNS.
Oct 26 12:29:14 witherspoon systemd-networkd[979]: eth0: Lost carrier
Oct 26 12:29:14 witherspoon avahi-daemon[991]: Leaving mDNS multicast group on interface eth0.IPv6 with address 2002:905:150e:301:72e2:84ff:fe14:2a08.
Oct 26 12:29:14 witherspoon avahi-daemon[991]: Interface eth0.IPv4 no longer relevant for mDNS.
Oct 26 12:29:14 witherspoon avahi-daemon[991]: Leaving mDNS multicast group on interface eth0.IPv4 with address 9.5.180.47.
Oct 26 12:29:14 witherspoon avahi-daemon[991]: Withdrawing address record for 2002:905:150e:301:72e2:84ff:fe14:2a08 on eth0.
Oct 26 12:29:14 witherspoon avahi-daemon[991]: Withdrawing address record for 9.5.180.47 on eth0.
Oct 26 12:29:14 witherspoon kernel: ftgmac100 1e660000.ethernet eth0: NCSI interface down
Oct 26 12:29:14 witherspoon kernel[984]: [  138.800000] ftgmac100 1e660000.ethernet eth0: NCSI interface down
Oct 26 12:29:14 witherspoon systemd-networkd[979]: eth0: Gained carrier
Oct 26 12:29:14 witherspoon avahi-daemon[991]: Joining mDNS multicast group on interface eth0.IPv4 with address 9.5.180.47.
Oct 26 12:29:14 witherspoon systemd-timesyncd[966]: Network configuration changed, trying to establish connection.
Oct 26 12:29:14 witherspoon avahi-daemon[991]: New relevant interface eth0.IPv4 for mDNS.
Oct 26 12:29:14 witherspoon avahi-daemon[991]: Registering new address record for 9.5.180.47 on eth0.IPv4.
Oct 26 12:29:14 witherspoon systemd[1]: Started Sync system/chassis/motherboard/bmc/ethernet.
Oct 26 12:29:14 witherspoon kernel: 8021q: adding VLAN 0 to HW filter on device eth0
Oct 26 12:29:14 witherspoon kernel[984]: [  139.050000] 8021q: adding VLAN 0 to HW filter on device eth0
Oct 26 12:29:15 witherspoon kernel: ftgmac100 1e660000.ethernet eth0: no vlan ids left to set
Oct 26 12:29:15 witherspoon kernel: ftgmac100 1e660000.ethernet eth0: NCSI interface up
Oct 26 12:29:15 witherspoon kernel[984]: [  140.090000] ftgmac100 1e660000.ethernet eth0: no vlan ids left to set
Oct 26 12:29:15 witherspoon kernel[984]: [  140.090000] ftgmac100 1e660000.ethernet eth0: NCSI interface up
Oct 26 12:29:16 witherspoon avahi-daemon[991]: Joining mDNS multicast group on interface eth0.IPv6 with address 2002:905:150e:301:72e2:84ff:fe14:2a08.
Oct 26 12:29:16 witherspoon avahi-daemon[991]: New relevant interface eth0.IPv6 for mDNS.
Oct 26 12:29:16 witherspoon avahi-daemon[991]: Registering new address record for 2002:905:150e:301:72e2:84ff:fe14:2a08 on eth0.*.
Oct 26 12:29:16 witherspoon systemd-networkd[979]: eth0: Gained IPv6LL
Oct 26 12:29:16 witherspoon systemd-networkd[979]: eth0: Configured
Oct 26 12:29:16 witherspoon systemd-timesyncd[966]: Network configuration changed, trying to establish connection.
Oct 26 12:29:20 witherspoon systemd[1]: Started Wait for /xyz/openbmc_project/state/chassis0.
Oct 26 12:29:20 witherspoon systemd[1]: Started Wait for /org/openbmc/control/power0.
Oct 26 12:29:20 witherspoon systemd[1]: Started Witherspoon Power Supply 1 Monitor.
Oct 26 12:29:20 witherspoon systemd[1]: Starting Check Chassis0 pgood and create a file to indicate it...
Oct 26 12:29:20 witherspoon systemd[1]: Started Witherspoon Power Supply 0 Monitor.
Oct 26 12:29:22 witherspoon systemd[1]: Started Check Chassis0 pgood and create a file to indicate it.
Oct 26 12:29:22 witherspoon systemd[1]: Reached target Chassis0 power on after reset.
Oct 26 12:29:22 witherspoon systemd[1]: Reached target Chassis0 (Reset Check).
Oct 26 12:29:22 witherspoon phosphor-network-manager[1178]: ConfigParser: Key not found
Oct 26 12:29:22 witherspoon phosphor-network-manager[1178]: The operation failed internally.
Oct 26 12:29:22 witherspoon phosphor-network-manager[1178]: Exception occured during getting of DHCP value
Oct 26 12:29:22 witherspoon phosphor-network-manager[1178]: ConfigParser: Key not found
Oct 26 12:29:22 witherspoon phosphor-network-manager[1178]: The operation failed internally.
Oct 26 12:29:22 witherspoon phosphor-network-manager[1178]: Unable to find the NTP server configuration.
Oct 26 12:29:22 witherspoon dbus[976]: [system] Activating via systemd: service name='org.freedesktop.hostname1' unit='dbus-org.freedesktop.hostname1.service'
Oct 26 12:29:22 witherspoon systemd[1]: Starting Hostname Service...
Oct 26 12:29:23 witherspoon dbus[976]: [system] Successfully activated service 'org.freedesktop.hostname1'
Oct 26 12:29:23 witherspoon systemd[1]: Started Hostname Service.
Oct 26 12:29:23 witherspoon phosphor-network-manager[1178]: Timer expired
Oct 26 12:29:25 witherspoon systemd[1]: Started Wait for /xyz/openbmc_project/control/host0.
Oct 26 12:29:25 witherspoon systemd[1]: Reached target Host0 running after reset.
Oct 26 12:29:25 witherspoon systemd[1]: Reached target Host0 (Reset Check).
Oct 26 12:29:25 witherspoon systemd[1]: Starting Phosphor Host State Manager...
Oct 26 12:29:27 witherspoon phosphor-host-state-manager[1337]: Initial Host State will be Off
Oct 26 12:29:27 witherspoon phosphor-host-state-manager[1337]: External request to reset reboot count
Oct 26 12:29:27 witherspoon systemd[1]: Started Phosphor Host State Manager.
Oct 26 12:29:28 witherspoon systemd[1]: Started Wait for /xyz/openbmc_project/state/host0.
Oct 26 12:29:28 witherspoon systemd[1]: Starting Phosphor Time Manager daemon...
Oct 26 12:29:28 witherspoon systemd[1]: Starting Reboot If Enabled...
Oct 26 12:29:29 witherspoon phosphor-discover-system-state[1340]: Host power is off, checking power policy
Oct 26 12:29:29 witherspoon phosphor-discover-system-state[1340]: power_policy=RESTORE, restoring last state
Oct 26 12:29:30 witherspoon phosphor-host-state-manager[1337]: Host State transaction request
Oct 26 12:29:30 witherspoon systemd[1]: Created slice system-op\x2dwait\x2dpower\x2doff.slice.
Oct 26 12:29:30 witherspoon systemd[1]: Starting Read OpenPOWER-format VPD from EEPROM...
Oct 26 12:29:30 witherspoon systemd[1]: Created slice system-op\x2docc\x2ddisable.slice.
Oct 26 12:29:30 witherspoon systemd[1]: Stopped target Host0 running after reset.
Oct 26 12:29:30 witherspoon dbus[976]: [system] Activating via systemd: service name='org.freedesktop.timedate1' unit='dbus-org.freedesktop.timedate1.service'
Oct 26 12:29:30 witherspoon systemd[1]: Created slice system-obmc\x2dled\x2dgroup\x2dstop.slice.
Oct 26 12:29:30 witherspoon systemd[1]: Created slice system-op\x2dpower\x2dstop.slice.
Oct 26 12:29:30 witherspoon systemd[1]: Stopped target Chassis0 power on after reset.
Oct 26 12:29:30 witherspoon systemd[1]: Started Phosphor Cooling Type.
Oct 26 12:29:30 witherspoon systemd[1]: Starting Phosphor MAX31785 MSL...
Oct 26 12:29:30 witherspoon systemd[1]: Created slice system-vcs_off_poweroff.slice.
Oct 26 12:29:30 witherspoon systemd[1]: Stopped target Host0 (Reset Check).
Oct 26 12:29:30 witherspoon systemd[1]: Stopped target Chassis0 (Reset Check).
Oct 26 12:29:30 witherspoon systemd[1]: Created slice system-ir35221\x2doff\x2dbind.slice.
Oct 26 12:29:30 witherspoon systemd[1]: Starting Wait for /org/openbmc/HostIpmi/1...
Oct 26 12:29:30 witherspoon systemd[1]: Starting OpenPOWER OCC Active Disable...
Oct 26 12:29:30 witherspoon systemd[1]: Starting Wait for /xyz/openbmc_project/led/groups/power_on...
Oct 26 12:29:30 witherspoon systemd[1]: Created slice system-ir35221\x2doff\x2dunbind.slice.
Oct 26 12:29:30 witherspoon systemd[1]: Starting Wait for /org/openbmc/control/chassis0...
Oct 26 12:29:31 witherspoon systemd[1]: Started Reboot If Enabled.
Oct 26 12:29:31 witherspoon systemd[1]: Starting Time & Date Service...
Oct 26 12:29:31 witherspoon systemd[1]: Started OpenPOWER OCC Active Disable.
Oct 26 12:29:32 witherspoon dbus[976]: [system] Successfully activated service 'org.freedesktop.timedate1'
Oct 26 12:29:32 witherspoon systemd[1]: Started Time & Date Service.
Oct 26 12:29:32 witherspoon systemd-timedated[1351]: /etc/localtime should be a symbolic link to a time zone data file in /usr/share/zoneinfo/.
Oct 26 12:29:32 witherspoon systemd[1]: Started Phosphor Time Manager daemon.
Oct 26 12:29:32 witherspoon systemd[1]: Started Wait for /org/openbmc/control/chassis0.
Oct 26 12:29:33 witherspoon systemd[1]: Started Wait for /xyz/openbmc_project/led/groups/power_on.
Oct 26 12:29:33 witherspoon systemd[1]: Starting Assert power_on LED...
Oct 26 12:29:33 witherspoon systemd[1]: Started Wait for /org/openbmc/HostIpmi/1.
Oct 26 12:29:33 witherspoon systemd[1]: Starting Soft power off of the host...
Oct 26 12:29:34 witherspoon systemd[1]: Started Phosphor MAX31785 MSL.
Oct 26 12:29:34 witherspoon ipmid[1310]: Pushing cmd on to queue
Oct 26 12:29:34 witherspoon ipmid[1310]: Pushing cmd on to queue
Oct 26 12:29:34 witherspoon ipmid[1310]: Asserting SMS Attention
Oct 26 12:29:34 witherspoon systemd[1]: Started Read OpenPOWER-format VPD from EEPROM.
Oct 26 12:29:34 witherspoon systemd[1]: Starting Sync system/chassis/motherboard/bmc/ethernet...
Oct 26 12:29:34 witherspoon systemd[1]: Starting Sync system/chassis/motherboard/uuid...
Oct 26 12:29:35 witherspoon systemd[1]: Started Assert power_on LED.
Oct 26 12:29:35 witherspoon ipmid[1310]: SMS Attention asserted
Oct 26 12:29:38 witherspoon ipmid[1310]: Host control timeout hit!
Oct 26 12:29:38 witherspoon ipmid[1310]: Timer expired
Oct 26 12:29:38 witherspoon phosphor-softpoweroff[1366]: Host control signal values
Oct 26 12:29:38 witherspoon phosphor-softpoweroff[1366]: Timeout on host attention, continue with power down
Oct 26 12:29:38 witherspoon systemd[1]: Started Soft power off of the host.
Oct 26 12:29:39 witherspoon systemd[1]: Started Sync system/chassis/motherboard/uuid.
Oct 26 12:29:41 witherspoon sync_inventory_items.py[1375]: Inventory MAC=70:e2:84:14:2a:08,System MAC=70:e2:84:14:2a:08
Oct 26 12:29:41 witherspoon systemd[1]: Started SSH Per-Connection Server (9.41.165.94:42260).
Oct 26 12:29:42 witherspoon dropbear[1385]: Failed loading /var/lib/dropbear/dropbear_rsa_host_key
Oct 26 12:29:42 witherspoon dropbear[1385]: Failed loading /etc/dropbear/dropbear_dss_host_key
Oct 26 12:29:42 witherspoon dropbear[1385]: Failed loading /etc/dropbear/dropbear_ecdsa_host_key
Oct 26 12:29:42 witherspoon dropbear[1385]: Child connection from ::ffff:9.41.165.94:42260
Oct 26 12:29:42 witherspoon kernel: ftgmac100 1e660000.ethernet eth0: NCSI interface down
Oct 26 12:29:42 witherspoon kernel[984]: [  166.960000] ftgmac100 1e660000.ethernet eth0: NCSI interface down
Oct 26 12:29:42 witherspoon avahi-daemon[991]: Interface eth0.IPv6 no longer relevant for mDNS.
Oct 26 12:29:42 witherspoon systemd-networkd[979]: eth0: Lost carrier
Oct 26 12:29:42 witherspoon avahi-daemon[991]: Leaving mDNS multicast group on interface eth0.IPv6 with address 2002:905:150e:301:72e2:84ff:fe14:2a08.
Oct 26 12:29:42 witherspoon avahi-daemon[991]: Interface eth0.IPv4 no longer relevant for mDNS.
Oct 26 12:29:42 witherspoon avahi-daemon[991]: Leaving mDNS multicast group on interface eth0.IPv4 with address 9.5.180.47.
Oct 26 12:29:42 witherspoon avahi-daemon[991]: Withdrawing address record for 2002:905:150e:301:72e2:84ff:fe14:2a08 on eth0.
Oct 26 12:29:42 witherspoon avahi-daemon[991]: Withdrawing address record for 9.5.180.47 on eth0.
Oct 26 12:29:42 witherspoon systemd-networkd[979]: eth0: Gained carrier
Oct 26 12:29:42 witherspoon kernel: 8021q: adding VLAN 0 to HW filter on device eth0
Oct 26 12:29:42 witherspoon avahi-daemon[991]: Joining mDNS multicast group on interface eth0.IPv4 with address 9.5.180.47.
Oct 26 12:29:42 witherspoon systemd-timesyncd[966]: Network configuration changed, trying to establish connection.
Oct 26 12:29:42 witherspoon avahi-daemon[991]: New relevant interface eth0.IPv4 for mDNS.
Oct 26 12:29:42 witherspoon avahi-daemon[991]: Registering new address record for 9.5.180.47 on eth0.IPv4.
Oct 26 12:29:42 witherspoon kernel[984]: [  167.100000] 8021q: adding VLAN 0 to HW filter on device eth0
Oct 26 12:29:43 witherspoon systemd[1]: Started Sync system/chassis/motherboard/bmc/ethernet.
Oct 26 12:29:43 witherspoon systemd[1]: Reached target Phosphor System - Standby.
Oct 26 12:29:43 witherspoon systemd[1]: Reached target Stop Hosti (Pre).
Oct 26 12:29:43 witherspoon systemd[1]: Reached target Hosti (Stopping).
Oct 26 12:29:43 witherspoon systemd[1]: Reached target Hosti (Stopped).
Oct 26 12:29:43 witherspoon systemd[1]: Reached target Stop Host0 (Pre).
Oct 26 12:29:43 witherspoon systemd[1]: Reached target Host0 (Stopping).
Oct 26 12:29:43 witherspoon phosphor-bmc-state-manager[1284]: BMC_READY
Oct 26 12:29:43 witherspoon phosphor-bmc-state-manager[1284]: Setting the BMCState field
Oct 26 12:29:43 witherspoon systemd[1]: Starting Power off mode unbind ir35221 device driver devs...
Oct 26 12:29:43 witherspoon systemd[1]: Reached target Host0 (Stopped).
Oct 26 12:29:43 witherspoon systemd[1]: Reached target Power0 Off (Pre).
Oct 26 12:29:43 witherspoon systemd[1]: Started Stop Power0.
Oct 26 12:29:43 witherspoon systemd[1]: Starting Wait for Power0 to turn off...
Oct 26 12:29:43 witherspoon systemd[1]: Starting Assert bmc_booted LED...
Oct 26 12:29:43 witherspoon systemd[1]: Reached target Poweri Off (Pre).
Oct 26 12:29:43 witherspoon systemd[1]: Reached target Poweri Off.
Oct 26 12:29:44 witherspoon kernel: ftgmac100 1e660000.ethernet eth0: no vlan ids left to set
Oct 26 12:29:44 witherspoon kernel: ftgmac100 1e660000.ethernet eth0: NCSI interface up
Oct 26 12:29:43 witherspoon kernel[984]: [  168.220000] ftgmac100 1e660000.ethernet eth0: no vlan ids left to set
Oct 26 12:29:43 witherspoon systemd[1]: Started Power off mode unbind ir35221 device driver devs.
Oct 26 12:29:43 witherspoon kernel[984]: [  168.220000] ftgmac100 1e660000.ethernet eth0: NCSI interface up
Oct 26 12:29:43 witherspoon systemd[1]: xyz.openbmc_project.Hwmon@ahb-apb-i2c\x401e78a000-i2c\x2dbus\x40140-ir35221\x4070.service: Unit not needed anymore. Stopping.
Oct 26 12:29:43 witherspoon systemd[1]: xyz.openbmc_project.Hwmon@ahb-apb-i2c\x401e78a000-i2c\x2dbus\x40180-ir35221\x4070.service: Unit not needed anymore. Stopping.
Oct 26 12:29:43 witherspoon systemd[1]: xyz.openbmc_project.Hwmon@ahb-apb-i2c\x401e78a000-i2c\x2dbus\x40140-ir35221\x4071.service: Unit not needed anymore. Stopping.
Oct 26 12:29:43 witherspoon systemd[1]: xyz.openbmc_project.Hwmon@ahb-apb-i2c\x401e78a000-i2c\x2dbus\x40180-ir35221\x4071.service: Unit not needed anymore. Stopping.
Oct 26 12:29:44 witherspoon avahi-daemon[991]: Joining mDNS multicast group on interface eth0.IPv6 with address 2002:905:150e:301:72e2:84ff:fe14:2a08.
Oct 26 12:29:43 witherspoon systemd[1]: Stopping Phosphor Hwmon Poller...
Oct 26 12:29:44 witherspoon avahi-daemon[991]: New relevant interface eth0.IPv6 for mDNS.
Oct 26 12:29:43 witherspoon systemd[1]: Stopping Phosphor Hwmon Poller...
Oct 26 12:29:44 witherspoon avahi-daemon[991]: Registering new address record for 2002:905:150e:301:72e2:84ff:fe14:2a08 on eth0.*.
Oct 26 12:29:43 witherspoon systemd[1]: Stopping Phosphor Hwmon Poller...
Oct 26 12:29:43 witherspoon systemd[1]: Stopping Phosphor Hwmon Poller...
Oct 26 12:29:44 witherspoon systemd[1]: Stopped Phosphor Hwmon Poller.
Oct 26 12:29:44 witherspoon systemd[1]: Stopped Phosphor Hwmon Poller.
Oct 26 12:29:44 witherspoon systemd[1]: Stopped Phosphor Hwmon Poller.
Oct 26 12:29:44 witherspoon systemd[1]: Stopped Phosphor Hwmon Poller.
Oct 26 12:29:44 witherspoon systemd-networkd[979]: eth0: Gained IPv6LL
Oct 26 12:29:44 witherspoon systemd-networkd[979]: eth0: Configured
Oct 26 12:29:44 witherspoon systemd-timesyncd[966]: Network configuration changed, trying to establish connection.
Oct 26 12:29:44 witherspoon power_control.exe[1283]: Power already at requested state: 0
Oct 26 12:29:45 witherspoon dropbear[1385]: PAM password auth succeeded for 'root' from ::ffff:9.41.165.94:42260
Oct 26 12:29:48 witherspoon systemd[1]: Started Wait for Power0 to turn off.
Oct 26 12:29:48 witherspoon systemd[1]: Reached target Power0 Off.
Oct 26 12:29:48 witherspoon systemd[1]: Starting Disable VCS on a power off...
Oct 26 12:29:48 witherspoon systemd[1]: Started Disable VCS on a power off.
Oct 26 12:29:48 witherspoon systemd[1]: Starting Power off mode bind ir35221 device driver devs...
Oct 26 12:29:48 witherspoon systemd[1]: Started Phosphor Hwmon Poller.
Oct 26 12:29:49 witherspoon systemd[1]: Started Phosphor Hwmon Poller.
Oct 26 12:29:49 witherspoon systemd[1]: Started Power off mode bind ir35221 device driver devs.
Oct 26 12:29:49 witherspoon systemd[1]: Started Phosphor Hwmon Poller.
Oct 26 12:29:49 witherspoon systemd[1]: Reached target Chassis0 (Power Off).
Oct 26 12:29:49 witherspoon systemd[1]: Reached target Stop Host0.
Oct 26 12:29:49 witherspoon systemd[1]: Reached target Power0 Host Off.
Oct 26 12:29:49 witherspoon systemd[1]: Started Phosphor Hwmon Poller.
Oct 26 12:29:50 witherspoon phosphor-chassis-state-manager[1285]: Received signal that power OFF is complete
Oct 26 12:29:50 witherspoon phosphor-chassis-state-manager[1285]: Change to Chassis Power State
Oct 26 12:29:50 witherspoon phosphor-host-state-manager[1337]: Received signal that host is off
Oct 26 12:29:50 witherspoon phosphor-host-state-manager[1337]: Change to Host State
Oct 26 12:29:50 witherspoon phosphor-network-manager[1178]: ConfigParser: Key not found
Oct 26 12:29:50 witherspoon phosphor-network-manager[1178]: The operation failed internally.
