[    0.920000] 3 ofpart partitions found on MTD device alt-bmc
[    0.920000] Creating 3 MTD partitions on "alt-bmc":
[    0.920000] 0x000000000000-0x000000060000 : "alt-u-boot"
[    0.920000] 0x000000060000-0x000000080000 : "alt-u-boot-env"
[    0.920000] 0x000000080000-0x000002000000 : "alt-obmc-ubi"
[    0.980000] aspeed-smc 1e630000.flash-controller: mx66l1g45g (131072 Kbytes)
[    0.990000] aspeed-smc 1e630000.flash-controller: CE0 window resized to 120MB (AST2500 HW quirk)
[    0.990000] aspeed-smc 1e630000.flash-controller: CE0 window [ 0x30000000 - 0x37800000 ] 120MB
[    1.000000] aspeed-smc 1e630000.flash-controller: CE0 window too small for chip 128MB
[    1.000000] aspeed-smc 1e630000.flash-controller: CE1 window [ 0x37800000 - 0x38000000 ] 8MB
[    1.790000] libphy: Fixed MDIO Bus: probed
[    1.800000] ftgmac100 1e660000.ethernet: Read MAC address 70:e2:84:14:23:e1 from chip
[    1.800000] ftgmac100 1e660000.ethernet: Using NCSI interface
[    1.820000] ftgmac100 1e660000.ethernet eth0: irq 20, mapped at f0060000
[    1.830000] ehci_hcd: USB 2.0 'Enhanced' Host Controller (EHCI) Driver
[    1.830000] ehci-platform: EHCI generic platform driver
[    2.010000] i2c /dev entries driver
[    2.010000] aspeed-i2c-bus 1e78a0c0.i2c-bus: i2c bus 2 registered, irq 26
[    2.030000] aspeed-i2c-bus 1e78a100.i2c-bus: i2c bus 3 registered, irq 27
[    2.040000] aspeed-i2c-bus 1e78a140.i2c-bus: i2c bus 4 registered, irq 28
[    2.050000] aspeed-i2c-bus 1e78a180.i2c-bus: i2c bus 5 registered, irq 29
[    2.060000] aspeed-i2c-bus 1e78a380.i2c-bus: i2c bus 9 registered, irq 30
[    2.070000] aspeed-i2c-bus 1e78a3c0.i2c-bus: i2c bus 10 registered, irq 31
[    2.080000] rtc-rv8803 11-0032: Voltage low, temperature compensation stopped.
[    2.090000] rtc-rv8803 11-0032: An alarm maybe have been missed.
[    2.100000] rtc-rv8803 11-0032: rtc core: registered rx8900 as rtc0
[    2.110000] at24 11-0051: 8192 byte 24c64 EEPROM, writable, 1 bytes/write
[    2.110000] aspeed-i2c-bus 1e78a400.i2c-bus: i2c bus 11 registered, irq 32
[    2.120000] aspeed-i2c-bus 1e78a440.i2c-bus: i2c bus 12 registered, irq 33
[    2.130000] aspeed-i2c-bus 1e78a480.i2c-bus: i2c bus 13 registered, irq 34
[    2.140000] Driver for 1-wire Dallas network protocol.
[    2.150000] lm75 9-004a: hwmon0: sensor 'tmp275'
[    4.070000] ucd9000 11-0064: Device ID UCD90160|2.3.4.0000|110603
[    4.770000] leds-pca955x 3-0060: leds-pca955x: Using pca9552 16-bit LED driver at slave address 0x60
[    4.780000] leds-pca955x 3-0060: gpios 238...253
[    4.780000] leds-pca955x 11-0060: leds-pca955x: Using pca9552 16-bit LED driver at slave address 0x60
[    4.800000] leds-pca955x 11-0060: gpios 222...237
[    4.800000] usbcore: registered new interface driver usbhid
[    4.810000] usbhid: USB HID core driver
[    4.860000] NET: Registered protocol family 10
[    4.860000] Segment Routing with IPv6
[    4.870000] NET: Registered protocol family 17
[    4.870000] 8021q: 802.1Q VLAN Support v1.8
[    4.890000] input: gpio-keys-polled as /devices/platform/gpio-keys-polled/input/input1
[    4.910000] ubi0: default fastmap pool size: 25
[    4.920000] ubi0: default fastmap WL pool size: 12
[    4.920000] ubi0: attaching mtd3
[    4.930000] ubi0: scanning is finished
[    4.950000] ubi0: attached mtd3 (name "obmc-ubi", size 31 MiB)
[    4.950000] ubi0: PEB size: 65536 bytes (64 KiB), LEB size: 65408 bytes
[    4.970000] ubi0: min./max. I/O unit sizes: 1/256, sub-page size 1
[    4.970000] ubi0: VID header offset: 64 (aligned 64), data offset: 128
[    4.970000] ubi0: good PEBs: 504, bad PEBs: 0, corrupted PEBs: 0
[    4.970000] ubi0: user volume: 4, internal volumes: 1, max. volumes count: 128
[    5.000000] ubi0: max/mean erase counter: 179/155, WL threshold: 4096, image sequence number: 1358235831
[    5.010000] ubi0: available PEBs: 46, total reserved PEBs: 458, PEBs reserved for bad PEB handling: 0
[    5.010000] ubi0: background thread "ubi_bgt0d" started, PID 507
[    5.020000] ubi4: default fastmap pool size: 25
[    5.020000] ubi4: default fastmap WL pool size: 12
[    5.020000] ubi4: attaching mtd7
[    5.090000] ubi4: scanning is finished
[    5.120000] ubi4: attached mtd7 (name "alt-obmc-ubi", size 31 MiB)
[    5.120000] ubi4: PEB size: 65536 bytes (64 KiB), LEB size: 65408 bytes
[    5.120000] ubi4: min./max. I/O unit sizes: 1/256, sub-page size 1
[    5.120000] ubi4: VID header offset: 64 (aligned 64), data offset: 128
[    5.120000] ubi4: good PEBs: 504, bad PEBs: 0, corrupted PEBs: 0
[    5.120000] ubi4: user volume: 4, internal volumes: 1, max. volumes count: 128
[    5.170000] ubi4: max/mean erase counter: 155/124, WL threshold: 4096, image sequence number: 1358235831
[    5.170000] ubi4: available PEBs: 46, total reserved PEBs: 458, PEBs reserved for bad PEB handling: 0
[    5.170000] ubi4: background thread "ubi_bgt4d" started, PID 513
[    7.980000] block ubiblock0_0: created from ubi0:0(rofs-04c3dbaf)
[    7.980000] console [netcon0] enabled
[    7.980000] netconsole: network logging started
[    7.980000] input: gpio-keys as /devices/platform/gpio-keys/input/input2
[    7.980000] rtc-rv8803 11-0032: setting system clock to 2017-10-23 16:32:19 UTC (1508776339)
[    7.980000] VFS: Mounted root (squashfs filesystem) readonly on device 254:0.
[    7.980000] devtmpfs: mounted
[    7.980000] Freeing unused kernel memory: 284K
[    7.980000] This architecture does not have kernel memory protection.
[    9.870000] systemd[1]: Failed to insert module 'autofs4': No such file or directory
[    9.870000] systemd[1]: systemd 232 running in system mode. (+PAM -AUDIT -SELINUX -IMA -APPARMOR -SMACK +SYSVINIT -UTMP -LIBCRYPTSETUP -GCRYPT -GNUTLS +ACL +XZ -LZ4 -SECCOMP +BLKID -ELFUTILS +KMOD -IDN)
[    9.870000] systemd[1]: Detected architecture arm.
[   10.110000] systemd[1]: Set hostname to <witherspoon>.
[   10.140000] systemd[1]: Initializing machine ID from random generator.
[   10.180000] systemd[1]: Installed transient /etc/machine-id file.
[   11.860000] systemd[1]: Started Dispatch Password Requests to Console Directory Watch.
[   11.930000] systemd[1]: Listening on Journal Socket.
[   11.970000] systemd[1]: Listening on udev Control Socket.
[   12.010000] systemd[1]: Started Forward Password Requests to Wall Directory Watch.
[   12.060000] systemd[1]: Listening on Process Core Dump Socket.
[   14.940000] systemd[1]: Mounting /media...
[   15.130000] systemd[1]: Mounting /usr/local...
[   15.330000] systemd[1]: Starting udev Kernel Device Manager...
[   15.540000] systemd[1]: Mounted /usr/local.
[   15.750000] systemd[1]: Mounted /media.
[   15.970000] systemd[1]: Started udev Coldplug all Devices.
[   16.200000] systemd[1]: Started udev Kernel Device Manager.
[   17.430000] systemd[1]: Started Factory reset BMC if reset enabled.
[   17.700000] systemd[1]: var.mount: Directory /var to mount over is not empty, mounting anyway.
[   17.700000] systemd[1]: Mounting /var...
[   19.440000] UBIFS (ubi0:2): background thread "ubifs_bgt0_2" started, PID 934
[   19.440000] UBIFS (ubi0:2): UBIFS: mounted UBI device 0, volume 2, name "rwfs"
[   19.440000] UBIFS (ubi0:2): LEB size: 65408 bytes (63 KiB), min./max. I/O unit sizes: 8 bytes/256 bytes
[   19.440000] UBIFS (ubi0:2): FS size: 3597440 bytes (3 MiB, 55 LEBs), journal size 719488 bytes (0 MiB, 11 LEBs)
[   19.440000] UBIFS (ubi0:2): reserved for root: 0 bytes (0 KiB)
[   19.440000] UBIFS (ubi0:2): media format: w4/r0 (latest is w5/r0), UUID F6AF7850-1C6E-4E2A-94BB-A56899CAF080, small LPT model
[   19.960000] systemd[1]: Created slice system-xyz.openbmc_project.Hwmon.slice.
[   20.010000] systemd[1]: dev-hugepages.mount: Couldn't determine result for ConditionVirtualization=!private-users, assuming failed: No such file or directory
[   20.010000] systemd[1]: Started Prepare for overlay fs.
[   20.070000] systemd[1]: home.mount: Directory /home to mount over is not empty, mounting anyway.
[   20.070000] systemd[1]: Mounting /home...
[   20.140000] systemd[1]: etc.mount: Directory /etc to mount over is not empty, mounting anyway.
[   20.140000] systemd[1]: Mounting /etc...
[   20.220000] systemd[1]: Mounted /etc.
[   20.310000] systemd[1]: Mounted /var/volatile.
[   20.410000] systemd[1]: Mounted /home.
[   21.760000] systemd-journald[953]: Received request to flush runtime journal from PID 1
[   26.390000] ubi8: default fastmap pool size: 100
[   26.390000] ubi8: default fastmap WL pool size: 50
[   26.390000] ubi8: attaching mtd8
[   26.540000] ubi8: scanning is finished
[   26.540000] ubi8: attached mtd8 (name "pnor", size 128 MiB)
[   26.540000] ubi8: PEB size: 65536 bytes (64 KiB), LEB size: 65408 bytes
[   26.540000] ubi8: min./max. I/O unit sizes: 1/256, sub-page size 1
[   26.540000] ubi8: VID header offset: 64 (aligned 64), data offset: 128
[   26.540000] ubi8: good PEBs: 2048, bad PEBs: 0, corrupted PEBs: 0
[   26.540000] ubi8: user volume: 6, internal volumes: 1, max. volumes count: 128
[   26.630000] ubi8: max/mean erase counter: 42/29, WL threshold: 4096, image sequence number: 91395301
[   26.630000] ubi8: available PEBs: 468, total reserved PEBs: 1580, PEBs reserved for bad PEB handling: 0
[   26.630000] ubi8: background thread "ubi_bgt8d" started, PID 1013
[   42.100000] ubi: ubi0 already exists
[   43.580000] block ubiblock8_0: created from ubi8:0(pnor-ro-7a9ef57c)
[   44.180000] 8021q: adding VLAN 0 to HW filter on device eth0
[   45.430000] ubi: ubi4 already exists
[   47.370000] ftgmac100 1e660000.ethernet eth0: ncsi: removed vlan tag 0 at index 1
[   47.370000] ftgmac100 1e660000.ethernet eth0: ncsi: removed vlan tag 0 at index 2
[   47.370000] ftgmac100 1e660000.ethernet eth0: no vlan ids left to set
[   47.370000] ftgmac100 1e660000.ethernet eth0: NCSI interface up
[   61.780000] block ubiblock8_1: created from ubi8:1(pnor-ro-8764baa3)
[   61.780000] UBIFS (ubi8:2): UBIFS: mounted UBI device 8, volume 2, name "pnor-prsv"
[   61.780000] UBIFS (ubi8:2): LEB size: 65408 bytes (63 KiB), min./max. I/O unit sizes: 8 bytes/256 bytes
[   61.780000] UBIFS (ubi8:2): FS size: 1504384 bytes (1 MiB, 23 LEBs), journal size 523265 bytes (0 MiB, 6 LEBs)
[   61.780000] UBIFS (ubi8:2): reserved for root: 71055 bytes (69 KiB)
[   61.780000] UBIFS (ubi8:2): media format: w5/r0 (latest is w5/r0), UUID 36B3B1E1-197C-4042-A5BB-1F5E6D63DF0B, small LPT model
[   62.150000] UBIFS (ubi8:2): background thread "ubifs_bgt8_2" started, PID 1123
[   62.910000] UBIFS (ubi8:4): UBIFS: mounted UBI device 8, volume 4, name "pnor-rw-8764baa3"
[   62.910000] UBIFS (ubi8:4): LEB size: 65408 bytes (63 KiB), min./max. I/O unit sizes: 8 bytes/256 bytes
[   62.910000] UBIFS (ubi8:4): FS size: 16155776 bytes (15 MiB, 247 LEBs), journal size 784896 bytes (0 MiB, 12 LEBs)
[   62.910000] UBIFS (ubi8:4): reserved for root: 763076 bytes (745 KiB)
[   62.910000] UBIFS (ubi8:4): media format: w5/r0 (latest is w5/r0), UUID F587F7F2-1BEE-4E77-9577-250237C0F0BC, small LPT model
[   62.910000] UBIFS (ubi8:5): UBIFS: mounted UBI device 8, volume 5, name "pnor-rw-7a9ef57c"
[   62.910000] UBIFS (ubi8:5): LEB size: 65408 bytes (63 KiB), min./max. I/O unit sizes: 8 bytes/256 bytes
[   62.910000] UBIFS (ubi8:5): FS size: 16155776 bytes (15 MiB, 247 LEBs), journal size 784896 bytes (0 MiB, 12 LEBs)
[   62.910000] UBIFS (ubi8:5): reserved for root: 763076 bytes (745 KiB)
[   62.910000] UBIFS (ubi8:5): media format: w5/r0 (latest is w5/r0), UUID 904AA0DA-EE42-403C-B44D-8FB80359592C, small LPT model
[   63.300000] UBIFS (ubi8:5): background thread "ubifs_bgt8_5" started, PID 1145
[   63.300000] UBIFS (ubi8:4): background thread "ubifs_bgt8_4" started, PID 1136
[   81.150000] block ubiblock4_0: created from ubi4:0(rofs-497776f1)
[   95.960000] UBIFS (ubi8:3): UBIFS: mounted UBI device 8, volume 3, name "pnor-patch"
[   95.960000] UBIFS (ubi8:3): LEB size: 65408 bytes (63 KiB), min./max. I/O unit sizes: 8 bytes/256 bytes
[   95.960000] UBIFS (ubi8:3): FS size: 16155776 bytes (15 MiB, 247 LEBs), journal size 784896 bytes (0 MiB, 12 LEBs)
[   95.960000] UBIFS (ubi8:3): reserved for root: 763076 bytes (745 KiB)
[   95.960000] UBIFS (ubi8:3): media format: w5/r0 (latest is w5/r0), UUID 4D589EF4-9175-4F76-B384-1965B1D7B962, small LPT model
[   96.100000] UBIFS (ubi8:3): background thread "ubifs_bgt8_3" started, PID 1255
[  137.280000] ftgmac100 1e660000.ethernet eth0: NCSI interface down
[  137.760000] 8021q: adding VLAN 0 to HW filter on device eth0
[  138.840000] ftgmac100 1e660000.ethernet eth0: no vlan ids left to set
[  138.850000] ftgmac100 1e660000.ethernet eth0: NCSI interface up
[  162.180000] ftgmac100 1e660000.ethernet eth0: NCSI interface down
[  162.300000] 8021q: adding VLAN 0 to HW filter on device eth0
[  163.380000] ftgmac100 1e660000.ethernet eth0: no vlan ids left to set
[  163.380000] ftgmac100 1e660000.ethernet eth0: NCSI interface up
[  259.240000] ucd9000 11-0064: Device ID UCD90160|2.3.4.0000|110603
[  261.330000] ucd9000 11-0064: Device ID UCD90160|2.3.4.0000|110603
[  276.990000] occ-hwmon occ1-dev0: failed to get OCC poll response: -19
[  278.310000] occ-hwmon occ2-dev0: failed to get OCC poll response: -19
[  494.900000] occ-hwmon occ1-dev0: occ bus op failed rc:-125
[  521.960000] ucd9000 11-0064: Device ID UCD90160|2.3.4.0000|110603
[  524.700000] ucd9000 11-0064: Device ID UCD90160|2.3.4.0000|110603
[  537.600000] occ-hwmon occ1-dev0: failed to get OCC poll response: -19
[  539.040000] occ-hwmon occ2-dev0: failed to get OCC poll response: -19
[  874.840000] occ-hwmon occ1-dev0: occ bus op failed rc:-125
