-- Logs begin at Thu 2017-07-06 17:00:17 UTC, end at Thu 2017-07-06 17:15:37 UTC. --
Jul 06 17:00:17 witherspoon kernel: Booting Linux on physical CPU 0x0
Jul 06 17:00:17 witherspoon kernel: Linux version 4.10.17-990f06c35b7e119f00967e90f0514dbbd2e1b51b (jenkins@openbmc-builder1) (gcc version 6.2.0 (GCC) ) #1 Thu Jul 6 16:30:45 UTC 2017
Jul 06 17:00:17 witherspoon kernel: CPU: ARMv6-compatible processor [410fb767] revision 7 (ARMv7), cr=00c5387d
Jul 06 17:00:17 witherspoon kernel: CPU: PIPT / VIPT nonaliasing data cache, VIPT nonaliasing instruction cache
Jul 06 17:00:17 witherspoon kernel: OF: fdt:Machine model: Witherspoon BMC
Jul 06 17:00:17 witherspoon kernel: Memory policy: Data cache writeback
Jul 06 17:00:17 witherspoon kernel: SOC Rev: 04030303
Jul 06 17:00:17 witherspoon kernel: On node 0 totalpages: 110592
Jul 06 17:00:17 witherspoon kernel: free_area_init_node: node 0, pgdat 805f33fc, node_mem_map 9ec1a000
Jul 06 17:00:17 witherspoon kernel:   Normal zone: 992 pages used for memmap
Jul 06 17:00:17 witherspoon kernel:   Normal zone: 0 pages reserved
Jul 06 17:00:17 witherspoon kernel:   Normal zone: 110592 pages, LIFO batch:31
Jul 06 17:00:17 witherspoon kernel: pcpu-alloc: s0 r0 d32768 u32768 alloc=1*32768
Jul 06 17:00:17 witherspoon kernel: pcpu-alloc: [0] 0 
Jul 06 17:00:17 witherspoon kernel: Built 1 zonelists in Zone order, mobility grouping on.  Total pages: 109600
Jul 06 17:00:17 witherspoon kernel: Kernel command line: console=ttyS4,115200n8 root=/dev/ram rw
Jul 06 17:00:17 witherspoon kernel: PID hash table entries: 2048 (order: 1, 8192 bytes)
Jul 06 17:00:17 witherspoon kernel: Dentry cache hash table entries: 65536 (order: 6, 262144 bytes)
Jul 06 17:00:17 witherspoon kernel: Inode-cache hash table entries: 32768 (order: 5, 131072 bytes)
Jul 06 17:00:17 witherspoon kernel: Memory: 430512K/442368K available (4048K kernel code, 280K rwdata, 1172K rodata, 276K init, 111K bss, 11856K reserved, 0K cma-reserved)
Jul 06 17:00:17 witherspoon kernel: Virtual kernel memory layout:
                                        vector  : 0xffff0000 - 0xffff1000   (   4 kB)
                                        fixmap  : 0xffc00000 - 0xfff00000   (3072 kB)
                                        vmalloc : 0x9f800000 - 0xff800000   (1536 MB)
                                        lowmem  : 0x80000000 - 0x9f000000   ( 496 MB)
                                          .text : 0x80008000 - 0x803fc590   (4050 kB)
                                          .init : 0x8057b000 - 0x805c0000   ( 276 kB)
                                          .data : 0x805c0000 - 0x806061a8   ( 281 kB)
                                           .bss : 0x806061a8 - 0x80622078   ( 112 kB)
Jul 06 17:00:17 witherspoon kernel: NR_IRQS:16 nr_irqs:16 16
Jul 06 17:00:17 witherspoon kernel: i2c controller registered, irq 16
Jul 06 17:00:17 witherspoon kernel: clocksource: moxart_timer: mask: 0xffffffff max_cycles: 0xffffffff, max_idle_ns: 77222644334 ns
Jul 06 17:00:17 witherspoon kernel: sched_clock: 32 bits at 100 Hz, resolution 10000000ns, wraps every 21474836475000000ns
Jul 06 17:00:17 witherspoon kernel: Calibrating delay loop... 789.70 BogoMIPS (lpj=3948544)
Jul 06 17:00:17 witherspoon kernel: pid_max: default: 32768 minimum: 301
Jul 06 17:00:17 witherspoon kernel: Mount-cache hash table entries: 1024 (order: 0, 4096 bytes)
Jul 06 17:00:17 witherspoon kernel: Mountpoint-cache hash table entries: 1024 (order: 0, 4096 bytes)
Jul 06 17:00:17 witherspoon kernel: CPU: Testing write buffer coherency: ok
Jul 06 17:00:17 witherspoon kernel: ftrace: allocating 14867 entries in 44 pages
Jul 06 17:00:17 witherspoon kernel: Setting up static identity map for 0x80008200 - 0x8000825c
Jul 06 17:00:17 witherspoon kernel: devtmpfs: initialized
Jul 06 17:00:17 witherspoon kernel: clocksource: jiffies: mask: 0xffffffff max_cycles: 0xffffffff, max_idle_ns: 19112604462750000 ns
Jul 06 17:00:17 witherspoon kernel: futex hash table entries: 256 (order: -1, 3072 bytes)
Jul 06 17:00:17 witherspoon kernel: pinctrl core: initialized pinctrl subsystem
Jul 06 17:00:17 witherspoon kernel: NET: Registered protocol family 16
Jul 06 17:00:17 witherspoon kernel: DMA: preallocated 256 KiB pool for atomic coherent allocations
Jul 06 17:00:17 witherspoon kernel: usbcore: registered new interface driver usbfs
Jul 06 17:00:17 witherspoon kernel: usbcore: registered new interface driver hub
Jul 06 17:00:17 witherspoon kernel: usbcore: registered new device driver usb
Jul 06 17:00:17 witherspoon kernel: clocksource: Switched to clocksource moxart_timer
Jul 06 17:00:17 witherspoon kernel: NET: Registered protocol family 2
Jul 06 17:00:17 witherspoon kernel: TCP established hash table entries: 4096 (order: 2, 16384 bytes)
Jul 06 17:00:17 witherspoon kernel: TCP bind hash table entries: 4096 (order: 2, 16384 bytes)
Jul 06 17:00:17 witherspoon kernel: TCP: Hash tables configured (established 4096 bind 4096)
Jul 06 17:00:17 witherspoon kernel: UDP hash table entries: 256 (order: 0, 4096 bytes)
Jul 06 17:00:17 witherspoon kernel: UDP-Lite hash table entries: 256 (order: 0, 4096 bytes)
Jul 06 17:00:17 witherspoon kernel: NET: Registered protocol family 1
Jul 06 17:00:17 witherspoon kernel: Trying to unpack rootfs image as initramfs...
Jul 06 17:00:17 witherspoon kernel: Freeing initrd memory: 1544K
Jul 06 17:00:17 witherspoon kernel: workingset: timestamp_bits=30 max_order=17 bucket_order=0
Jul 06 17:00:17 witherspoon kernel: squashfs: version 4.0 (2009/01/31) Phillip Lougher
Jul 06 17:00:17 witherspoon kernel: jffs2: version 2.2. (SUMMARY)  © 2001-2006 Red Hat, Inc.
Jul 06 17:00:17 witherspoon kernel: Block layer SCSI generic (bsg) driver version 0.4 loaded (major 250)
Jul 06 17:00:17 witherspoon kernel: io scheduler noop registered
Jul 06 17:00:17 witherspoon kernel: io scheduler deadline registered
Jul 06 17:00:17 witherspoon kernel: io scheduler cfq registered (default)
Jul 06 17:00:17 witherspoon kernel: ipmi-bt-host 1e789140.ibt: Found bt bmc device
Jul 06 17:00:17 witherspoon kernel: ipmi-bt-host 1e789140.ibt: Using IRQ 22
Jul 06 17:00:17 witherspoon kernel: Serial: 8250/16550 driver, 6 ports, IRQ sharing enabled
Jul 06 17:00:17 witherspoon kernel: 1e783000.serial: ttyS0 at MMIO 0x1e783000 (irq = 23, base_baud = 1500000) is a 16550A
Jul 06 17:00:17 witherspoon kernel: 1e78d000.serial: ttyS1 at MMIO 0x1e78d000 (irq = 24, base_baud = 1500000) is a 16550A
Jul 06 17:00:17 witherspoon kernel: 1e784000.serial: ttyS4 at MMIO 0x1e784000 (irq = 25, base_baud = 1500000) is a 16550A
Jul 06 17:00:17 witherspoon kernel: console [ttyS4] enabled
Jul 06 17:00:17 witherspoon kernel: 1e787000.vuart: ttyS2 at MMIO 0x1e787000 (irq = 22, base_baud = 1500000) is a 16550A
Jul 06 17:00:17 witherspoon kernel: timeriomem_rng 1e6e2078.hwrng: 32bits from 0xf00e2078 @ 1us
Jul 06 17:00:17 witherspoon kernel: brd: module loaded
Jul 06 17:00:17 witherspoon kernel: loop: module loaded
Jul 06 17:00:17 witherspoon kernel: aspeed-lpc-ctrl 1e789080.lpc-ctrl: Loaded at 0x98000000 (0x04000000)
Jul 06 17:00:17 witherspoon kernel: aspeed-smc 1e620000.flash-controller: Using IRQ 18
Jul 06 17:00:17 witherspoon kernel: aspeed-smc 1e620000.flash-controller: DMA support disabled.
Jul 06 17:00:17 witherspoon kernel: aspeed-smc 1e620000.flash-controller: mx25l25635e (32768 Kbytes)
Jul 06 17:00:17 witherspoon kernel: aspeed-smc 1e620000.flash-controller: CE0 window [ 0x20000000 - 0x22000000 ] 32MB
Jul 06 17:00:17 witherspoon kernel: aspeed-smc 1e620000.flash-controller: CE1 window [ 0x22000000 - 0x2a000000 ] 128MB
Jul 06 17:00:17 witherspoon kernel: 5 ofpart partitions found on MTD device bmc
Jul 06 17:00:17 witherspoon kernel: Creating 5 MTD partitions on "bmc":
Jul 06 17:00:17 witherspoon kernel: 0x000000000000-0x000000060000 : "u-boot"
Jul 06 17:00:17 witherspoon kernel: 0x000000060000-0x000000080000 : "u-boot-env"
Jul 06 17:00:17 witherspoon kernel: 0x000000080000-0x0000004c0000 : "kernel"
Jul 06 17:00:17 witherspoon kernel: 0x0000004c0000-0x000001c00000 : "rofs"
Jul 06 17:00:17 witherspoon kernel: 0x000001c00000-0x000002000000 : "rwfs"
Jul 06 17:00:17 witherspoon kernel: aspeed-smc 1e620000.flash-controller: mx25l25635e (32768 Kbytes)
Jul 06 17:00:17 witherspoon kernel: aspeed-smc 1e620000.flash-controller: CE1 window [ 0x22000000 - 0x24000000 ] 32MB
Jul 06 17:00:17 witherspoon kernel: aspeed-smc 1e620000.flash-controller: CE2 window [ 0x24000000 - 0x2c000000 ] 128MB
Jul 06 17:00:17 witherspoon kernel: aspeed-smc 1e630000.flash-controller: mx66l1g45g (131072 Kbytes)
Jul 06 17:00:17 witherspoon kernel: aspeed-smc 1e630000.flash-controller: CE0 window resized to 120MB (AST2500 HW quirk)
Jul 06 17:00:17 witherspoon kernel: aspeed-smc 1e630000.flash-controller: CE0 window [ 0x30000000 - 0x37800000 ] 120MB
Jul 06 17:00:17 witherspoon kernel: aspeed-smc 1e630000.flash-controller: CE0 window too small for chip 128MB
Jul 06 17:00:17 witherspoon kernel: aspeed-smc 1e630000.flash-controller: CE1 window [ 0x37800000 - 0x38000000 ] 8MB
Jul 06 17:00:17 witherspoon kernel: libphy: Fixed MDIO Bus: probed
Jul 06 17:00:17 witherspoon kernel: ftgmac100 1e660000.ethernet: Read MAC address 70:e2:84:14:28:a9 from chip
Jul 06 17:00:17 witherspoon kernel: ftgmac100 1e660000.ethernet: Using NCSI interface
Jul 06 17:00:17 witherspoon kernel: ftgmac100 1e660000.ethernet eth0: irq 20, mapped at f0060000
Jul 06 17:00:17 witherspoon kernel: ehci_hcd: USB 2.0 'Enhanced' Host Controller (EHCI) Driver
Jul 06 17:00:17 witherspoon kernel: ehci-platform: EHCI generic platform driver
Jul 06 17:00:17 witherspoon kernel:  fsi0: can't read slave 00:00 -5
Jul 06 17:00:17 witherspoon kernel: i2c /dev entries driver
Jul 06 17:00:17 witherspoon kernel: aspeed-i2c-bus 1e78a0c0.i2c-bus: i2c bus 2 registered, irq 26
Jul 06 17:00:17 witherspoon kernel: aspeed-i2c-bus 1e78a100.i2c-bus: i2c bus 3 registered, irq 27
Jul 06 17:00:17 witherspoon kernel: aspeed-i2c-bus 1e78a140.i2c-bus: i2c bus 4 registered, irq 28
Jul 06 17:00:17 witherspoon kernel: aspeed-i2c-bus 1e78a180.i2c-bus: i2c bus 5 registered, irq 29
Jul 06 17:00:17 witherspoon kernel: aspeed-i2c-bus 1e78a380.i2c-bus: i2c bus 9 registered, irq 30
Jul 06 17:00:17 witherspoon kernel: aspeed-i2c-bus 1e78a3c0.i2c-bus: i2c bus 10 registered, irq 31
Jul 06 17:00:17 witherspoon kernel: rtc-rv8803 11-0032: Voltage low, temperature compensation stopped.
Jul 06 17:00:17 witherspoon kernel: rtc-rv8803 11-0032: rtc core: registered rx8900 as rtc0
Jul 06 17:00:17 witherspoon kernel: at24 11-0051: 8192 byte 24c64 EEPROM, writable, 1 bytes/write
Jul 06 17:00:17 witherspoon kernel: aspeed-i2c-bus 1e78a400.i2c-bus: i2c bus 11 registered, irq 32
Jul 06 17:00:17 witherspoon kernel: aspeed-i2c-bus 1e78a440.i2c-bus: i2c bus 12 registered, irq 33
Jul 06 17:00:17 witherspoon kernel: aspeed-i2c-bus 1e78a480.i2c-bus: i2c bus 13 registered, irq 34
Jul 06 17:00:17 witherspoon kernel: Driver for 1-wire Dallas network protocol.
Jul 06 17:00:17 witherspoon kernel: lm75 9-004a: hwmon0: sensor 'tmp275'
Jul 06 17:00:17 witherspoon kernel: random: fast init done
Jul 06 17:00:17 witherspoon kernel: ucd9000 11-0064: Device ID UCD90160|2.3.4.0000|110603
Jul 06 17:00:17 witherspoon kernel: leds-pca955x 11-0060: leds-pca955x: Using pca9552 16-bit LED driver at slave address 0x60
Jul 06 17:00:17 witherspoon kernel: leds-pca955x 11-0060: gpios 264...279
Jul 06 17:00:17 witherspoon kernel: usbcore: registered new interface driver usbhid
Jul 06 17:00:17 witherspoon kernel: usbhid: USB HID core driver
Jul 06 17:00:17 witherspoon kernel: bmp280: probe of 3-0077 failed with error -5
Jul 06 17:00:17 witherspoon kernel: dps310 3-0076: iio:device1: sensor 'dps310'
Jul 06 17:00:17 witherspoon kernel: NET: Registered protocol family 10
Jul 06 17:00:17 witherspoon kernel: Segment Routing with IPv6
Jul 06 17:00:17 witherspoon kernel: NET: Registered protocol family 17
Jul 06 17:00:17 witherspoon kernel: console [netcon0] enabled
Jul 06 17:00:17 witherspoon kernel: netconsole: network logging started
Jul 06 17:00:17 witherspoon kernel: input: gpio-keys as /devices/platform/gpio-keys/input/input0
Jul 06 17:00:17 witherspoon kernel: rtc-rv8803 11-0032: setting system clock to 2017-07-06 17:00:07 UTC (1499360407)
Jul 06 17:00:17 witherspoon kernel: Freeing unused kernel memory: 276K
Jul 06 17:00:17 witherspoon kernel: This architecture does not have kernel memory protection.
Jul 06 17:00:17 witherspoon kernel: jffs2: notice: (513) jffs2_build_xattr_subsystem: complete building xattr subsystem, 0 of xdatum (0 unchecked, 0 orphan) and 0 of xref (0 dead, 0 orphan) found.
Jul 06 17:00:17 witherspoon systemd[1]: Failed to insert module 'autofs4': No such file or directory
Jul 06 17:00:17 witherspoon systemd[1]: systemd 232 running in system mode. (+PAM -AUDIT -SELINUX -IMA -APPARMOR -SMACK +SYSVINIT -UTMP -LIBCRYPTSETUP -GCRYPT -GNUTLS +ACL +XZ -LZ4 -SECCOMP +BLKID -ELFUTILS +KMOD -IDN)
Jul 06 17:00:17 witherspoon systemd[1]: Detected architecture arm.
Jul 06 17:00:17 witherspoon systemd[1]: Set hostname to <witherspoon>.
Jul 06 17:00:17 witherspoon systemd[1]: Listening on /dev/initctl Compatibility Named Pipe.
Jul 06 17:00:17 witherspoon systemd[1]: Reached target Remote File Systems.
Jul 06 17:00:17 witherspoon systemd[1]: Listening on udev Control Socket.
Jul 06 17:00:17 witherspoon systemd[1]: Reached target Swap.
Jul 06 17:00:17 witherspoon systemd[1]: Listening on udev Kernel Socket.
Jul 06 17:00:17 witherspoon systemd[1]: Listening on Network Service Netlink Socket.
Jul 06 17:00:17 witherspoon systemd[1]: Started Dispatch Password Requests to Console Directory Watch.
Jul 06 17:00:17 witherspoon systemd[1]: Created slice system-org.openbmc.control.Bmc.slice.
Jul 06 17:00:17 witherspoon systemd[1]: Created slice system-org.openbmc.buttons.reset.slice.
Jul 06 17:00:17 witherspoon systemd[1]: Created slice system-org.openbmc.control.Power.slice.
Jul 06 17:00:17 witherspoon systemd-journald[532]: Journal started
Jul 06 17:00:17 witherspoon systemd-journald[532]: Runtime journal (/run/log/journal/12c6a00ebfdd479284cf09f39d1bc042) is 0B, max 0B, 0B free.
Jul 06 17:00:17 witherspoon systemd[1]: Created slice system-op\x2dreset\x2dchassis\x2drunning.slice.
Jul 06 17:00:17 witherspoon systemd[1]: Created slice system-mapper\x2dwait.slice.
Jul 06 17:00:18 witherspoon systemd[1]: Created slice system-org.openbmc.buttons.Power.slice.
Jul 06 17:00:18 witherspoon systemd[1]: Created slice system-phosphor\x2dreset\x2dhost\x2drunning.slice.
Jul 06 17:00:18 witherspoon systemd[1]: Starting udev Coldplug all Devices...
Jul 06 17:00:19 witherspoon systemd[1]: Created slice system-serial\x2dgetty.slice.
Jul 06 17:00:19 witherspoon systemd[1]: dev-hugepages.mount: Couldn't determine result for ConditionVirtualization=!private-users, assuming failed: No such file or directory
Jul 06 17:00:20 witherspoon systemd-sysctl[636]: Couldn't write '16' to 'kernel/sysrq', ignoring: No such file or directory
Jul 06 17:00:20 witherspoon systemd-sysctl[636]: Couldn't write 'fq_codel' to 'net/core/default_qdisc', ignoring: No such file or directory
Jul 06 17:00:22 witherspoon systemd[1]: Created slice system-phosphor\x2dcooling\x2dtype.slice.
Jul 06 17:00:22 witherspoon systemd[1]: Started Forward Password Requests to Wall Directory Watch.
Jul 06 17:00:23 witherspoon systemd[1]: Reached target Paths.
Jul 06 17:00:23 witherspoon systemd[1]: Created slice system-obmc\x2dled\x2dgroup\x2dstart.slice.
Jul 06 17:00:24 witherspoon systemd[1]: Mounted Debug File System.
Jul 06 17:00:24 witherspoon systemd[1]: Mounted Temporary Directory.
Jul 06 17:00:24 witherspoon systemd[1]: Started Journal Service.
Jul 06 17:00:24 witherspoon systemd[1]: Started Apply Kernel Variables.
Jul 06 17:00:24 witherspoon systemd[1]: Started Remount Root and Kernel File Systems.
Jul 06 17:00:25 witherspoon systemd[1]: Starting Create System Users...
Jul 06 17:00:25 witherspoon systemd[1]: Starting Flush Journal to Persistent Storage...
Jul 06 17:00:25 witherspoon systemd[1]: Started udev Coldplug all Devices.
Jul 06 17:00:26 witherspoon systemd[1]: Started Create System Users.
Jul 06 17:00:26 witherspoon systemd[1]: Starting Create Static Device Nodes in /dev...
Jul 06 17:00:26 witherspoon systemd-journald[532]: Runtime journal (/run/log/journal/12c6a00ebfdd479284cf09f39d1bc042) is 0B, max 0B, 0B free.
Jul 06 17:00:26 witherspoon systemd[1]: Started Flush Journal to Persistent Storage.
Jul 06 17:00:27 witherspoon systemd[1]: Started Create Static Device Nodes in /dev.
Jul 06 17:00:27 witherspoon systemd[1]: Starting udev Kernel Device Manager...
Jul 06 17:00:27 witherspoon systemd[1]: Reached target Local File Systems (Pre).
Jul 06 17:00:27 witherspoon systemd[1]: Mounting /var/volatile...
Jul 06 17:00:28 witherspoon systemd[1]: Mounted /var/volatile.
Jul 06 17:00:28 witherspoon systemd[1]: Reached target Local File Systems.
Jul 06 17:00:28 witherspoon systemd[1]: Starting Rebuild Journal Catalog...
Jul 06 17:00:28 witherspoon systemd[1]: Starting Create Volatile Files and Directories...
Jul 06 17:00:28 witherspoon systemd[1]: Starting Load/Save Random Seed...
Jul 06 17:00:28 witherspoon systemd[1]: Started Rebuild Journal Catalog.
Jul 06 17:00:28 witherspoon systemd[1]: Started Load/Save Random Seed.
Jul 06 17:00:28 witherspoon systemd[1]: Starting Update is Completed...
Jul 06 17:00:28 witherspoon systemd-tmpfiles[872]: "/var/tmp" already exists and is not a directory.
Jul 06 17:00:28 witherspoon systemd-tmpfiles[872]: "/var/log" already exists and is not a directory.
Jul 06 17:00:28 witherspoon systemd[1]: Started Create Volatile Files and Directories.
Jul 06 17:00:28 witherspoon systemd[1]: Starting Run pending postinsts...
Jul 06 17:00:28 witherspoon systemd[1]: Starting Network Time Synchronization...
Jul 06 17:00:29 witherspoon systemd[1]: Started Update is Completed.
Jul 06 17:00:29 witherspoon systemd[1]: Started Network Time Synchronization.
Jul 06 17:00:29 witherspoon systemd[1]: Reached target System Time Synchronized.
Jul 06 17:00:29 witherspoon systemd[1]: Started udev Kernel Device Manager.
Jul 06 17:00:30 witherspoon run-postinsts[879]: Running postinst /etc/rpm-postinsts/libglib-2.0-0...
Jul 06 17:00:32 witherspoon systemd[1]: Found device /dev/aspeed-lpc-ctrl.
Jul 06 17:00:32 witherspoon systemd[1]: Found device /dev/aspeed-mbox.
Jul 06 17:00:32 witherspoon systemd[1]: Found device /dev/ttyS4.
Jul 06 17:00:32 witherspoon systemd[1]: Found device /dev/ttyVUART0.
Jul 06 17:00:33 witherspoon run-postinsts[879]: rm: can't remove '/etc/rpm-postinsts': Invalid argument
Jul 06 17:00:33 witherspoon run-postinsts[879]:  Removing any system startup links for run-postinsts ...
Jul 06 17:00:33 witherspoon systemd[1]: Created slice system-xyz.openbmc_project.led.controller.slice.
Jul 06 17:00:34 witherspoon systemd[1]: Created slice system-xyz.openbmc_project.Hwmon.slice.
Jul 06 17:00:34 witherspoon systemd[1]: dev-hugepages.mount: Couldn't determine result for ConditionVirtualization=!private-users, assuming failed: No such file or directory
Jul 06 17:00:34 witherspoon systemctl[911]: Removed /etc/systemd/system/sysinit.target.wants/run-postinsts.service.
Jul 06 17:00:34 witherspoon systemd[1]: Reloading.
Jul 06 17:00:36 witherspoon systemd[1]: Started Run pending postinsts.
Jul 06 17:00:36 witherspoon systemd[1]: Reached target System Initialization.
Jul 06 17:00:36 witherspoon systemd[1]: Listening on Phosphor Webserver socket.
Jul 06 17:00:36 witherspoon systemd[1]: Listening on Phosphor DBUS Browser socket.
Jul 06 17:00:36 witherspoon systemd[1]: Started Daily Cleanup of Temporary Directories.
Jul 06 17:00:36 witherspoon systemd[1]: Listening on Phosphor Host Console SSH Per-Connection socket.
Jul 06 17:00:36 witherspoon systemd[1]: Listening on phosphor-ipmi-net.socket.
Jul 06 17:00:37 witherspoon systemd[1]: Listening on dropbear.socket.
Jul 06 17:00:37 witherspoon systemd[1]: Listening on D-Bus System Message Bus Socket.
Jul 06 17:00:37 witherspoon systemd[1]: Listening on Avahi mDNS/DNS-SD Stack Activation Socket.
Jul 06 17:00:37 witherspoon systemd[1]: Reached target Sockets.
Jul 06 17:00:37 witherspoon systemd[1]: Reached target Basic System.
Jul 06 17:00:37 witherspoon systemd[1]: Started Phosphor Dump core monitor..
Jul 06 17:00:37 witherspoon systemd[1]: Starting OpenPower Software Update Manager...
Jul 06 17:00:37 witherspoon systemd[1]: Started Phosphor Hwmon Poller.
Jul 06 17:00:37 witherspoon systemd[1]: Started Phosphor Hwmon Poller.
Jul 06 17:00:37 witherspoon systemd[1]: Starting Phosphor Sensor Manager...
Jul 06 17:00:37 witherspoon systemd[1]: Started Kernel Logging Service.
Jul 06 17:00:37 witherspoon systemd[1]: Started System Logging Service.
Jul 06 17:00:37 witherspoon systemd[1]: Started Phosphor Hwmon Poller.
Jul 06 17:00:37 witherspoon systemd[1]: Starting Phosphor Dump Manager...
Jul 06 17:00:37 witherspoon systemd[1]: Starting Clear one time boot overrides...
Jul 06 17:00:37 witherspoon systemd[1]: Starting Phosphor DBus Service Discovery Manager...
Jul 06 17:00:37 witherspoon systemd[1]: Started Phosphor Console Muxer listening on device /dev/ttyVUART0.
Jul 06 17:00:37 witherspoon systemd[1]: Started Phosphor sysfs LED controller.
Jul 06 17:00:37 witherspoon systemd[1]: Starting Phosphor IPMI BT DBus Bridge...
Jul 06 17:00:37 witherspoon systemd[1]: Starting Phosphor Download Manager...
Jul 06 17:00:37 witherspoon systemd[1]: Starting Phosphor Inventory Manager...
Jul 06 17:00:37 witherspoon systemd[1]: Reached target Containers.
Jul 06 17:00:37 witherspoon systemd[1]: Started Phosphor Hwmon Poller.
Jul 06 17:00:38 witherspoon systemd[1]: Starting OpenBMC Software Update Manager...
Jul 06 17:00:38 witherspoon systemd[1]: Started D-Bus System Message Bus.
Jul 06 17:00:38 witherspoon kernel[927]: klogd started: BusyBox v1.24.1 (2017-06-16 19:29:08 UTC)
Jul 06 17:00:38 witherspoon kernel[927]: [    0.000000] Booting Linux on physical CPU 0x0
Jul 06 17:00:38 witherspoon kernel[927]: [    0.000000] Linux version 4.10.17-990f06c35b7e119f00967e90f0514dbbd2e1b51b (jenkins@openbmc-builder1) (gcc version 6.2.0 (GCC) ) #1 Thu Jul 6 16:30:45 UTC 2017
Jul 06 17:00:38 witherspoon kernel[927]: [    0.000000] CPU: ARMv6-compatible processor [410fb767] revision 7 (ARMv7), cr=00c5387d
Jul 06 17:00:38 witherspoon kernel[927]: [    0.000000] CPU: PIPT / VIPT nonaliasing data cache, VIPT nonaliasing instruction cache
Jul 06 17:00:38 witherspoon kernel[927]: [    0.000000] OF: fdt:Machine model: Witherspoon BMC
Jul 06 17:00:38 witherspoon kernel[927]: [    0.000000] Memory policy: Data cache writeback
Jul 06 17:00:38 witherspoon kernel[927]: [    0.000000] SOC Rev: 04030303
Jul 06 17:00:38 witherspoon kernel[927]: [    0.000000] On node 0 totalpages: 110592
Jul 06 17:00:38 witherspoon kernel[927]: [    0.000000] free_area_init_node: node 0, pgdat 805f33fc, node_mem_map 9ec1a000
Jul 06 17:00:38 witherspoon kernel[927]: [    0.000000]   Normal zone: 992 pages used for memmap
Jul 06 17:00:38 witherspoon kernel[927]: [    0.000000]   Normal zone: 0 pages reserved
Jul 06 17:00:38 witherspoon kernel[927]: [    0.000000]   Normal zone: 110592 pages, LIFO batch:31
Jul 06 17:00:38 witherspoon kernel[927]: [    0.000000] pcpu-alloc: s0 r0 d32768 u32768 alloc=1*32768
Jul 06 17:00:38 witherspoon kernel[927]: [    0.000000] pcpu-alloc: [0] 0
Jul 06 17:00:38 witherspoon kernel[927]: [    0.000000] Built 1 zonelists in Zone order, mobility grouping on.  Total pages: 109600
Jul 06 17:00:38 witherspoon kernel[927]: [    0.000000] Kernel command line: console=ttyS4,115200n8 root=/dev/ram rw
Jul 06 17:00:38 witherspoon kernel[927]: [    0.000000] PID hash table entries: 2048 (order: 1, 8192 bytes)
Jul 06 17:00:38 witherspoon kernel[927]: [    0.000000] Dentry cache hash table entries: 65536 (order: 6, 262144 bytes)
Jul 06 17:00:38 witherspoon kernel[927]: [    0.000000] Inode-cache hash table entries: 32768 (order: 5, 131072 bytes)
Jul 06 17:00:38 witherspoon kernel[927]: [    0.000000] Memory: 430512K/442368K available (4048K kernel code, 280K rwdata, 1172K rodata, 276K init, 111K bss, 11856K reserved, 0K cma-reserved)
Jul 06 17:00:38 witherspoon kernel[927]: [    0.000000] Virtual kernel memory layout:
Jul 06 17:00:38 witherspoon kernel[927]: [    0.000000]     vector  : 0xffff0000 - 0xffff1000   (   4 kB)
Jul 06 17:00:38 witherspoon kernel[927]: [    0.000000]     fixmap  : 0xffc00000 - 0xfff00000   (3072 kB)
Jul 06 17:00:38 witherspoon kernel[927]: [    0.000000]     vmalloc : 0x9f800000 - 0xff800000   (1536 MB)
Jul 06 17:00:39 witherspoon kernel[927]: [    0.000000]     lowmem  : 0x80000000 - 0x9f000000   ( 496 MB)
Jul 06 17:00:39 witherspoon kernel[927]: [    0.000000]       .text : 0x80008000 - 0x803fc590   (4050 kB)
Jul 06 17:00:39 witherspoon kernel[927]: [    0.000000]       .init : 0x8057b000 - 0x805c0000   ( 276 kB)
Jul 06 17:00:39 witherspoon kernel[927]: [    0.000000]       .data : 0x805c0000 - 0x806061a8   ( 281 kB)
Jul 06 17:00:39 witherspoon kernel[927]: [    0.000000]        .bss : 0x806061a8 - 0x80622078   ( 112 kB)
Jul 06 17:00:39 witherspoon kernel[927]: [    0.000000] NR_IRQS:16 nr_irqs:16 16
Jul 06 17:00:39 witherspoon kernel[927]: [    0.000000] i2c controller registered, irq 16
Jul 06 17:00:39 witherspoon kernel[927]: [    0.000000] clocksource: moxart_timer: mask: 0xffffffff max_cycles: 0xffffffff, max_idle_ns: 77222644334 ns
Jul 06 17:00:39 witherspoon kernel[927]: [    0.000000] sched_clock: 32 bits at 100 Hz, resolution 10000000ns, wraps every 21474836475000000ns
Jul 06 17:00:39 witherspoon kernel[927]: [    0.090000] Calibrating delay loop... 789.70 BogoMIPS (lpj=3948544)
Jul 06 17:00:39 witherspoon kernel[927]: [    0.090000] pid_max: default: 32768 minimum: 301
Jul 06 17:00:39 witherspoon kernel[927]: [    0.090000] Mount-cache hash table entries: 1024 (order: 0, 4096 bytes)
Jul 06 17:00:39 witherspoon kernel[927]: [    0.090000] Mountpoint-cache hash table entries: 1024 (order: 0, 4096 bytes)
Jul 06 17:00:39 witherspoon kernel[927]: [    0.090000] CPU: Testing write buffer coherency: ok
Jul 06 17:00:39 witherspoon kernel[927]: [    0.090000] ftrace: allocating 14867 entries in 44 pages
Jul 06 17:00:39 witherspoon kernel[927]: [    0.120000] Setting up static identity map for 0x80008200 - 0x8000825c
Jul 06 17:00:39 witherspoon kernel[927]: [    0.120000] devtmpfs: initialized
Jul 06 17:00:39 witherspoon kernel[927]: [    0.130000] clocksource: jiffies: mask: 0xffffffff max_cycles: 0xffffffff, max_idle_ns: 19112604462750000 ns
Jul 06 17:00:39 witherspoon kernel[927]: [    0.130000] futex hash table entries: 256 (order: -1, 3072 bytes)
Jul 06 17:00:39 witherspoon kernel[927]: [    0.130000] pinctrl core: initialized pinctrl subsystem
Jul 06 17:00:39 witherspoon kernel[927]: [    0.140000] NET: Registered protocol family 16
Jul 06 17:00:39 witherspoon kernel[927]: [    0.140000] DMA: preallocated 256 KiB pool for atomic coherent allocations
Jul 06 17:00:39 witherspoon kernel[927]: [    0.210000] usbcore: registered new interface driver usbfs
Jul 06 17:00:39 witherspoon kernel[927]: [    0.210000] usbcore: registered new interface driver hub
Jul 06 17:00:39 witherspoon kernel[927]: [    0.210000] usbcore: registered new device driver usb
Jul 06 17:00:39 witherspoon kernel[927]: [    0.210000] clocksource: Switched to clocksource moxart_timer
Jul 06 17:00:39 witherspoon kernel[927]: [    0.220000] NET: Registered protocol family 2
Jul 06 17:00:39 witherspoon kernel[927]: [    0.220000] TCP established hash table entries: 4096 (order: 2, 16384 bytes)
Jul 06 17:00:39 witherspoon kernel[927]: [    0.220000] TCP bind hash table entries: 4096 (order: 2, 16384 bytes)
Jul 06 17:00:39 witherspoon kernel[927]: [    0.220000] TCP: Hash tables configured (established 4096 bind 4096)
Jul 06 17:00:39 witherspoon kernel[927]: [    0.220000] UDP hash table entries: 256 (order: 0, 4096 bytes)
Jul 06 17:00:39 witherspoon kernel[927]: [    0.220000] UDP-Lite hash table entries: 256 (order: 0, 4096 bytes)
Jul 06 17:00:39 witherspoon kernel[927]: [    0.220000] NET: Registered protocol family 1
Jul 06 17:00:39 witherspoon kernel[927]: [    0.230000] Trying to unpack rootfs image as initramfs...
Jul 06 17:00:39 witherspoon kernel[927]: [    1.900000] Freeing initrd memory: 1544K
Jul 06 17:00:40 witherspoon phosphor-hwmon-readd[924]: Usage: /usr/sbin/phosphor-hwmon-readd [options]
Jul 06 17:00:40 witherspoon phosphor-hwmon-readd[924]: Options:
Jul 06 17:00:40 witherspoon phosphor-hwmon-readd[924]:     --help               print this menu
Jul 06 17:00:40 witherspoon phosphor-hwmon-readd[924]:     --path=<path>        sysfs location to monitor
Jul 06 17:00:40 witherspoon phosphor-hwmon-readd[924]:     --of-name=<path>     open firmware device name to monitor
Jul 06 17:00:40 witherspoon phosphor-hwmon-readd[924]: ERROR: Path not specified or invalid.
Jul 06 17:00:39 witherspoon kernel[927]: [    1.900000] workingset: timestamp_bits=30 max_order=17 bucket_order=0
Jul 06 17:00:39 witherspoon kernel[927]: [    1.900000] squashfs: version 4.0 (2009/01/31) Phillip Lougher
Jul 06 17:00:39 witherspoon kernel[927]: [    1.900000] jffs2: version 2.2. (SUMMARY)  © 2001-2006 Red Hat, Inc.
Jul 06 17:00:39 witherspoon kernel[927]: [    1.900000] Block layer SCSI generic (bsg) driver version 0.4 loaded (major 250)
Jul 06 17:00:39 witherspoon kernel[927]: [    1.900000] io scheduler noop registered
Jul 06 17:00:39 witherspoon kernel[927]: [    1.900000] io scheduler deadline registered
Jul 06 17:00:39 witherspoon kernel[927]: [    1.900000] io scheduler cfq registered (default)
Jul 06 17:00:39 witherspoon kernel[927]: [    2.050000] ipmi-bt-host 1e789140.ibt: Found bt bmc device
Jul 06 17:00:39 witherspoon kernel[927]: [    2.050000] ipmi-bt-host 1e789140.ibt: Using IRQ 22
Jul 06 17:00:39 witherspoon kernel[927]: [    2.050000] Serial: 8250/16550 driver, 6 ports, IRQ sharing enabled
Jul 06 17:00:39 witherspoon kernel[927]: [    2.050000] 1e783000.serial: ttyS0 at MMIO 0x1e783000 (irq = 23, base_baud = 1500000) is a 16550A
Jul 06 17:00:39 witherspoon kernel[927]: [    2.050000] 1e78d000.serial: ttyS1 at MMIO 0x1e78d000 (irq = 24, base_baud = 1500000) is a 16550A
Jul 06 17:00:39 witherspoon kernel[927]: [    2.050000] 1e784000.serial: ttyS4 at MMIO 0x1e784000 (irq = 25, base_baud = 1500000) is a 16550A
Jul 06 17:00:39 witherspoon kernel[927]: [    2.400000] console [ttyS4] enabled
Jul 06 17:00:39 witherspoon kernel[927]: [    2.400000] 1e787000.vuart: ttyS2 at MMIO 0x1e787000 (irq = 22, base_baud = 1500000) is a 16550A
Jul 06 17:00:39 witherspoon kernel[927]: [    2.590000] timeriomem_rng 1e6e2078.hwrng: 32bits from 0xf00e2078 @ 1us
Jul 06 17:00:39 witherspoon kernel[927]: [    2.630000] brd: module loaded
Jul 06 17:00:39 witherspoon kernel[927]: [    2.660000] loop: module loaded
Jul 06 17:00:39 witherspoon kernel[927]: [    2.660000] aspeed-lpc-ctrl 1e789080.lpc-ctrl: Loaded at 0x98000000 (0x04000000)
Jul 06 17:00:39 witherspoon kernel[927]: [    2.660000] aspeed-smc 1e620000.flash-controller: Using IRQ 18
Jul 06 17:00:39 witherspoon kernel[927]: [    2.660000] aspeed-smc 1e620000.flash-controller: DMA support disabled.
Jul 06 17:00:39 witherspoon kernel[927]: [    2.660000] aspeed-smc 1e620000.flash-controller: mx25l25635e (32768 Kbytes)
Jul 06 17:00:39 witherspoon kernel[927]: [    2.690000] aspeed-smc 1e620000.flash-controller: CE0 window [ 0x20000000 - 0x22000000 ] 32MB
Jul 06 17:00:39 witherspoon kernel[927]: [    2.690000] aspeed-smc 1e620000.flash-controller: CE1 window [ 0x22000000 - 0x2a000000 ] 128MB
Jul 06 17:00:39 witherspoon kernel[927]: [    2.690000] 5 ofpart partitions found on MTD device bmc
Jul 06 17:00:39 witherspoon kernel[927]: [    2.690000] Creating 5 MTD partitions on "bmc":
Jul 06 17:00:39 witherspoon kernel[927]: [    2.690000] 0x000000000000-0x000000060000 : "u-boot"
Jul 06 17:00:39 witherspoon kernel[927]: [    2.730000] 0x000000060000-0x000000080000 : "u-boot-env"
Jul 06 17:00:39 witherspoon kernel[927]: [    2.730000] 0x000000080000-0x0000004c0000 : "kernel"
Jul 06 17:00:39 witherspoon kernel[927]: [    2.730000] 0x0000004c0000-0x000001c00000 : "rofs"
Jul 06 17:00:39 witherspoon kernel[927]: [    2.730000] 0x000001c00000-0x000002000000 : "rwfs"
Jul 06 17:00:39 witherspoon kernel[927]: [    2.730000] aspeed-smc 1e620000.flash-controller: mx25l25635e (32768 Kbytes)
Jul 06 17:00:39 witherspoon kernel[927]: [    2.780000] aspeed-smc 1e620000.flash-controller: CE1 window [ 0x22000000 - 0x24000000 ] 32MB
Jul 06 17:00:39 witherspoon kernel[927]: [    2.780000] aspeed-smc 1e620000.flash-controller: CE2 window [ 0x24000000 - 0x2c000000 ] 128MB
Jul 06 17:00:39 witherspoon kernel[927]: [    2.780000] aspeed-smc 1e630000.flash-controller: mx66l1g45g (131072 Kbytes)
Jul 06 17:00:39 witherspoon kernel[927]: [    2.780000] aspeed-smc 1e630000.flash-controller: CE0 window resized to 120MB (AST2500 HW quirk)
Jul 06 17:00:39 witherspoon kernel[927]: [    2.780000] aspeed-smc 1e630000.flash-controller: CE0 window [ 0x30000000 - 0x37800000 ] 120MB
Jul 06 17:00:39 witherspoon kernel[927]: [    2.780000] aspeed-smc 1e630000.flash-controller: CE0 window too small for chip 128MB
Jul 06 17:00:39 witherspoon kernel[927]: [    2.830000] aspeed-smc 1e630000.flash-controller: CE1 window [ 0x37800000 - 0x38000000 ] 8MB
Jul 06 17:00:39 witherspoon kernel[927]: [    3.530000] libphy: Fixed MDIO Bus: probed
Jul 06 17:00:39 witherspoon kernel[927]: [    3.530000] ftgmac100 1e660000.ethernet: Read MAC address 70:e2:84:14:28:a9 from chip
Jul 06 17:00:39 witherspoon kernel[927]: [    3.630000] ftgmac100 1e660000.ethernet: Using NCSI interface
Jul 06 17:00:39 witherspoon kernel[927]: [    3.630000] ftgmac100 1e660000.ethernet eth0: irq 20, mapped at f0060000
Jul 06 17:00:41 witherspoon systemd[1]: Started Phosphor IPMI BT DBus Bridge.
Jul 06 17:00:39 witherspoon kernel[927]: [    3.630000] ehci_hcd: USB 2.0 'Enhanced' Host Controller (EHCI) Driver
Jul 06 17:00:39 witherspoon kernel[927]: [    3.630000] ehci-platform: EHCI generic platform driver
Jul 06 17:00:39 witherspoon kernel[927]: [    3.810000]  fsi0: can't read slave 00:00 -5
Jul 06 17:00:39 witherspoon kernel[927]: [    3.810000] i2c /dev entries driver
Jul 06 17:00:39 witherspoon kernel[927]: [    3.810000] aspeed-i2c-bus 1e78a0c0.i2c-bus: i2c bus 2 registered, irq 26
Jul 06 17:00:39 witherspoon kernel[927]: [    3.810000] aspeed-i2c-bus 1e78a100.i2c-bus: i2c bus 3 registered, irq 27
Jul 06 17:00:39 witherspoon kernel[927]: [    3.810000] aspeed-i2c-bus 1e78a140.i2c-bus: i2c bus 4 registered, irq 28
Jul 06 17:00:41 witherspoon systemd[1]: Started Phosphor Dump Manager.
Jul 06 17:00:39 witherspoon kernel[927]: [    3.810000] aspeed-i2c-bus 1e78a180.i2c-bus: i2c bus 5 registered, irq 29
Jul 06 17:00:39 witherspoon kernel[927]: [    3.810000] aspeed-i2c-bus 1e78a380.i2c-bus: i2c bus 9 registered, irq 30
Jul 06 17:00:39 witherspoon kernel[927]: [    3.810000] aspeed-i2c-bus 1e78a3c0.i2c-bus: i2c bus 10 registered, irq 31
Jul 06 17:00:39 witherspoon kernel[927]: [    3.810000] rtc-rv8803 11-0032: Voltage low, temperature compensation stopped.
Jul 06 17:00:39 witherspoon kernel[927]: [    3.810000] rtc-rv8803 11-0032: rtc core: registered rx8900 as rtc0
Jul 06 17:00:39 witherspoon kernel[927]: [    3.810000] at24 11-0051: 8192 byte 24c64 EEPROM, writable, 1 bytes/write
Jul 06 17:00:39 witherspoon kernel[927]: [    3.810000] aspeed-i2c-bus 1e78a400.i2c-bus: i2c bus 11 registered, irq 32
Jul 06 17:00:39 witherspoon kernel[927]: [    3.810000] aspeed-i2c-bus 1e78a440.i2c-bus: i2c bus 12 registered, irq 33
Jul 06 17:00:39 witherspoon kernel[927]: [    3.810000] aspeed-i2c-bus 1e78a480.i2c-bus: i2c bus 13 registered, irq 34
Jul 06 17:00:39 witherspoon kernel[927]: [    3.810000] Driver for 1-wire Dallas network protocol.
Jul 06 17:00:39 witherspoon kernel[927]: [    3.810000] lm75 9-004a: hwmon0: sensor 'tmp275'
Jul 06 17:00:39 witherspoon kernel[927]: [    3.980000] random: fast init done
Jul 06 17:00:39 witherspoon kernel[927]: [    4.370000] ucd9000 11-0064: Device ID UCD90160|2.3.4.0000|110603
Jul 06 17:00:39 witherspoon kernel[927]: [    4.700000] leds-pca955x 11-0060: leds-pca955x: Using pca9552 16-bit LED driver at slave address 0x60
Jul 06 17:00:39 witherspoon kernel[927]: [    4.720000] leds-pca955x 11-0060: gpios 264...279
Jul 06 17:00:39 witherspoon kernel[927]: [    4.720000] usbcore: registered new interface driver usbhid
Jul 06 17:00:39 witherspoon kernel[927]: [    4.730000] usbhid: USB HID core driver
Jul 06 17:00:39 witherspoon kernel[927]: [    4.730000] bmp280: probe of 3-0077 failed with error -5
Jul 06 17:00:39 witherspoon kernel[927]: [    4.750000] dps310 3-0076: iio:device1: sensor 'dps310'
Jul 06 17:00:39 witherspoon kernel[927]: [    4.760000] NET: Registered protocol family 10
Jul 06 17:00:39 witherspoon kernel[927]: [    4.760000] Segment Routing with IPv6
Jul 06 17:00:39 witherspoon kernel[927]: [    4.760000] NET: Registered protocol family 17
Jul 06 17:00:39 witherspoon kernel[927]: [    4.770000] console [netcon0] enabled
Jul 06 17:00:39 witherspoon kernel[927]: [    4.770000] netconsole: network logging started
Jul 06 17:00:39 witherspoon kernel[927]: [    4.770000] input: gpio-keys as /devices/platform/gpio-keys/input/input0
Jul 06 17:00:39 witherspoon kernel[927]: [    4.800000] rtc-rv8803 11-0032: setting system clock to 2017-07-06 17:00:07 UTC (1499360407)
Jul 06 17:00:39 witherspoon kernel[927]: [    4.810000] Freeing unused kernel memory: 276K
Jul 06 17:00:39 witherspoon kernel[927]: [    4.810000] This architecture does not have kernel memory protection.
Jul 06 17:00:39 witherspoon kernel[927]: [    6.620000] jffs2: notice: (513) jffs2_build_xattr_subsystem: complete building xattr subsystem, 0 of xdatum (0 unchecked, 0 orphan) and 0 of xref (0 dead, 0 orphan) found.
Jul 06 17:00:39 witherspoon kernel[927]: [    8.800000] systemd[1]: Failed to insert module 'autofs4': No such file or directory
Jul 06 17:00:39 witherspoon kernel[927]: [    9.000000] systemd[1]: systemd 232 running in system mode. (+PAM -AUDIT -SELINUX -IMA -APPARMOR -SMACK +SYSVINIT -UTMP -LIBCRYPTSETUP -GCRYPT -GNUTLS +ACL +XZ -LZ4 -SECCOMP +BLKID -ELFUTILS +KMOD -IDN)
Jul 06 17:00:39 witherspoon kernel[927]: [    9.000000] systemd[1]: Detected architecture arm.
Jul 06 17:00:39 witherspoon kernel[927]: [    9.150000] systemd[1]: Set hostname to <witherspoon>.
Jul 06 17:00:39 witherspoon kernel[927]: [   11.200000] systemd[1]: Listening on /dev/initctl Compatibility Named Pipe.
Jul 06 17:00:39 witherspoon kernel[927]: [   11.370000] systemd[1]: Reached target Remote File Systems.
Jul 06 17:00:39 witherspoon kernel[927]: [   11.550000] systemd[1]: Listening on udev Control Socket.
Jul 06 17:00:39 witherspoon kernel[927]: [   11.730000] systemd[1]: Reached target Swap.
Jul 06 17:00:39 witherspoon kernel[927]: [   11.920000] systemd[1]: Listening on udev Kernel Socket.
Jul 06 17:00:39 witherspoon kernel[927]: [   12.120000] systemd[1]: Listening on Network Service Netlink Socket.
Jul 06 17:00:39 witherspoon kernel[927]: [   12.320000] systemd[1]: Started Dispatch Password Requests to Console Directory Watch.
Jul 06 17:00:39 witherspoon kernel[927]: [   14.190000] systemd[1]: Created slice system-org.openbmc.control.Bmc.slice.
Jul 06 17:00:39 witherspoon kernel[927]: [   14.190000] systemd[1]: Created slice system-org.openbmc.buttons.reset.slice.
Jul 06 17:00:39 witherspoon kernel[927]: [   14.450000] systemd[1]: Created slice system-org.openbmc.control.Power.slice.
Jul 06 17:00:39 witherspoon kernel[927]: [   14.720000] systemd[1]: Created slice system-op\x2dreset\x2dchassis\x2drunning.slice.
Jul 06 17:00:39 witherspoon kernel[927]: [   15.000000] systemd[1]: Created slice system-mapper\x2dwait.slice.
Jul 06 17:00:39 witherspoon kernel[927]: [   15.280000] systemd[1]: Created slice system-org.openbmc.buttons.Power.slice.
Jul 06 17:00:39 witherspoon kernel[927]: [   15.570000] systemd[1]: Created slice system-phosphor\x2dreset\x2dhost\x2drunning.slice.
Jul 06 17:00:39 witherspoon kernel[927]: [   15.870000] systemd[1]: Starting udev Coldplug all Devices...
Jul 06 17:00:39 witherspoon kernel[927]: [   16.170000] systemd[1]: Created slice system-serial\x2dgetty.slice.
Jul 06 17:00:39 witherspoon kernel[927]: [   16.480000] systemd[1]: dev-hugepages.mount: Couldn't determine result for ConditionVirtualization=!private-users, assuming failed: No such file or directory
Jul 06 17:00:39 witherspoon kernel[927]: [   19.530000] systemd[1]: Created slice system-phosphor\x2dcooling\x2dtype.slice.
Jul 06 17:00:39 witherspoon kernel[927]: [   19.890000] systemd[1]: Started Forward Password Requests to Wall Directory Watch.
Jul 06 17:00:39 witherspoon kernel[927]: [   20.260000] systemd[1]: Reached target Paths.
Jul 06 17:00:41 witherspoon systemd[1]: Started Phosphor Hwmon Poller.
Jul 06 17:00:39 witherspoon kernel[927]: [   20.630000] systemd[1]: Created slice system-obmc\x2dled\x2dgroup\x2dstart.slice.
Jul 06 17:00:39 witherspoon kernel[927]: [   21.010000] systemd[1]: Mounted Debug File System.
Jul 06 17:00:39 witherspoon kernel[927]: [   21.390000] systemd[1]: Mounted Temporary Directory.
Jul 06 17:00:39 witherspoon kernel[927]: [   21.780000] systemd[1]: Started Journal Service.
Jul 06 17:00:39 witherspoon kernel[927]: [   24.210000] systemd-journald[532]: Received request to flush runtime journal from PID 1
Jul 06 17:00:41 witherspoon systemd[1]: Started Hardware RNG Entropy Gatherer Daemon.
Jul 06 17:00:41 witherspoon systemd[1]: Starting Phosphor LED Group Management Daemon...
Jul 06 17:00:42 witherspoon systemd[1]: Started Phosphor Hwmon Poller.
Jul 06 17:00:42 witherspoon systemd[1]: Started Phosphor Hwmon Poller.
Jul 06 17:00:42 witherspoon systemd[1]: Starting Phosphor Log Manager...
Jul 06 17:00:42 witherspoon systemd[1]: Started Phosphor sysfs LED controller.
Jul 06 17:00:44 witherspoon kernel: random: crng init done
Jul 06 17:00:42 witherspoon systemd[1]: Starting Phosphor Network Manager...
Jul 06 17:00:43 witherspoon kernel[927]: [   41.000000] random: crng init done
Jul 06 17:00:42 witherspoon systemd[1]: Started Phosphor Hwmon Poller.
Jul 06 17:00:44 witherspoon avahi-daemon[952]: Found user 'avahi' (UID 998) and group 'avahi' (GID 999).
Jul 06 17:00:42 witherspoon systemd[1]: Starting Avahi mDNS/DNS-SD Stack...
Jul 06 17:00:44 witherspoon avahi-daemon[952]: Successfully dropped root privileges.
Jul 06 17:00:42 witherspoon systemd[1]: Starting Phosphor BMC0 Control...
Jul 06 17:00:44 witherspoon avahi-daemon[952]: avahi-daemon 0.6.32 starting up.
Jul 06 17:00:42 witherspoon systemd[1]: Starting Phosphor Download Manager...
Jul 06 17:00:42 witherspoon systemd[1]: Starting Network Service...
Jul 06 17:00:42 witherspoon systemd[1]: Starting Phosphor Chassis0 Control...
Jul 06 17:00:42 witherspoon systemd[1]: Started Phosphor MBOX Daemon.
Jul 06 17:00:42 witherspoon systemd[1]: Starting Phosphor Inventory Manager...
Jul 06 17:00:42 witherspoon systemd[1]: Reached target Timers.
Jul 06 17:00:42 witherspoon systemd[1]: Starting Phosphor User Manager...
Jul 06 17:00:42 witherspoon systemd[1]: Started Phosphor sysfs LED controller.
Jul 06 17:00:43 witherspoon systemd[1]: xyz.openbmc_project.Hwmon@ahb-apb-i2c\x401e78a000-i2c\x2dbus\x40100-dps310\x4076.service: Main process exited, code=exited, status=255/n/a
Jul 06 17:00:43 witherspoon systemd[1]: xyz.openbmc_project.Hwmon@ahb-apb-i2c\x401e78a000-i2c\x2dbus\x40100-dps310\x4076.service: Unit entered failed state.
Jul 06 17:00:43 witherspoon systemd[1]: xyz.openbmc_project.Hwmon@ahb-apb-i2c\x401e78a000-i2c\x2dbus\x40100-dps310\x4076.service: Failed with result 'exit-code'.
Jul 06 17:00:43 witherspoon systemd[1]: Started Clear one time boot overrides.
Jul 06 17:00:43 witherspoon systemd[1]: Started OpenBMC Software Update Manager.
Jul 06 17:00:43 witherspoon systemd[1]: Started Phosphor Download Manager.
Jul 06 17:00:46 witherspoon phosphor-hwmon-readd[961]: Usage: /usr/sbin/phosphor-hwmon-readd [options]
Jul 06 17:00:46 witherspoon phosphor-hwmon-readd[961]: Options:
Jul 06 17:00:46 witherspoon phosphor-hwmon-readd[961]:     --help               print this menu
Jul 06 17:00:46 witherspoon phosphor-hwmon-readd[961]:     --path=<path>        sysfs location to monitor
Jul 06 17:00:46 witherspoon phosphor-hwmon-readd[961]:     --of-name=<path>     open firmware device name to monitor
Jul 06 17:00:46 witherspoon phosphor-hwmon-readd[961]: ERROR: Path not specified or invalid.
Jul 06 17:00:43 witherspoon systemd[1]: Started OpenPower Software Update Manager.
Jul 06 17:00:46 witherspoon phosphor-hwmon-readd[969]: Usage: /usr/sbin/phosphor-hwmon-readd [options]
Jul 06 17:00:46 witherspoon phosphor-hwmon-readd[969]: Options:
Jul 06 17:00:46 witherspoon phosphor-hwmon-readd[969]:     --help               print this menu
Jul 06 17:00:46 witherspoon phosphor-hwmon-readd[969]:     --path=<path>        sysfs location to monitor
Jul 06 17:00:46 witherspoon phosphor-hwmon-readd[969]:     --of-name=<path>     open firmware device name to monitor
Jul 06 17:00:46 witherspoon phosphor-hwmon-readd[969]: ERROR: Path not specified or invalid.
Jul 06 17:00:43 witherspoon systemd[1]: xyz.openbmc_project.Hwmon@ahb-apb-i2c\x401e78a000-i2c\x2dbus\x40100-dps310\x4076.service: Service hold-off time over, scheduling restart.
Jul 06 17:00:47 witherspoon avahi-daemon[952]: Successfully called chroot().
Jul 06 17:00:43 witherspoon systemd[1]: Started Phosphor Inventory Manager.
Jul 06 17:00:47 witherspoon avahi-daemon[952]: Successfully dropped remaining capabilities.
Jul 06 17:00:47 witherspoon phosphor-hwmon-readd[971]: Usage: /usr/sbin/phosphor-hwmon-readd [options]
Jul 06 17:00:47 witherspoon phosphor-hwmon-readd[971]: Options:
Jul 06 17:00:47 witherspoon phosphor-hwmon-readd[971]:     --help               print this menu
Jul 06 17:00:47 witherspoon phosphor-hwmon-readd[971]:     --path=<path>        sysfs location to monitor
Jul 06 17:00:47 witherspoon phosphor-hwmon-readd[971]:     --of-name=<path>     open firmware device name to monitor
Jul 06 17:00:47 witherspoon phosphor-hwmon-readd[971]: ERROR: Path not specified or invalid.
Jul 06 17:00:43 witherspoon systemd[1]: Stopped Phosphor Hwmon Poller.
Jul 06 17:00:47 witherspoon avahi-daemon[952]: Loading service file /services/obmc_console.service.
Jul 06 17:00:49 witherspoon phosphor-hwmon-readd[972]: Usage: /usr/sbin/phosphor-hwmon-readd [options]
Jul 06 17:00:49 witherspoon phosphor-hwmon-readd[972]: Options:
Jul 06 17:00:49 witherspoon phosphor-hwmon-readd[972]:     --help               print this menu
Jul 06 17:00:49 witherspoon phosphor-hwmon-readd[972]:     --path=<path>        sysfs location to monitor
Jul 06 17:00:49 witherspoon phosphor-hwmon-readd[972]:     --of-name=<path>     open firmware device name to monitor
Jul 06 17:00:49 witherspoon phosphor-hwmon-readd[972]: ERROR: Path not specified or invalid.
Jul 06 17:00:43 witherspoon systemd[1]: Started Phosphor Hwmon Poller.
Jul 06 17:00:47 witherspoon avahi-daemon[952]: Loading service file /services/phosphor_rest.service.
Jul 06 17:00:49 witherspoon phosphor-hwmon-readd[975]: Usage: /usr/sbin/phosphor-hwmon-readd [options]
Jul 06 17:00:49 witherspoon phosphor-hwmon-readd[975]: Options:
Jul 06 17:00:49 witherspoon phosphor-hwmon-readd[975]:     --help               print this menu
Jul 06 17:00:49 witherspoon phosphor-hwmon-readd[975]:     --path=<path>        sysfs location to monitor
Jul 06 17:00:49 witherspoon phosphor-hwmon-readd[975]:     --of-name=<path>     open firmware device name to monitor
Jul 06 17:00:49 witherspoon phosphor-hwmon-readd[975]: ERROR: Path not specified or invalid.
Jul 06 17:00:43 witherspoon systemd[1]: Starting Phosphor Version Software Manager...
Jul 06 17:00:47 witherspoon avahi-daemon[952]: Loading service file /services/sftp-ssh.service.
Jul 06 17:00:44 witherspoon systemd-networkd[955]: Could not create runtime directory: File exists
Jul 06 17:00:47 witherspoon avahi-daemon[952]: Loading service file /services/sftp.service.
Jul 06 17:00:44 witherspoon systemd-networkd[955]: Could not create runtime directory 'links': File exists
Jul 06 17:00:47 witherspoon avahi-daemon[952]: Loading service file /services/ssh.service.
Jul 06 17:00:49 witherspoon phosphor-hwmon-readd[979]: Usage: /usr/sbin/phosphor-hwmon-readd [options]
Jul 06 17:00:49 witherspoon phosphor-hwmon-readd[979]: Options:
Jul 06 17:00:49 witherspoon phosphor-hwmon-readd[979]:     --help               print this menu
Jul 06 17:00:49 witherspoon phosphor-hwmon-readd[979]:     --path=<path>        sysfs location to monitor
Jul 06 17:00:49 witherspoon phosphor-hwmon-readd[979]:     --of-name=<path>     open firmware device name to monitor
Jul 06 17:00:49 witherspoon phosphor-hwmon-readd[979]: ERROR: Path not specified or invalid.
Jul 06 17:00:44 witherspoon systemd-networkd[955]: Could not create runtime directory 'leases': File exists
Jul 06 17:00:47 witherspoon avahi-daemon[952]: Network interface enumeration completed.
Jul 06 17:00:45 witherspoon systemd[1]: xyz.openbmc_project.Hwmon@ahb-apb-i2c\x401e78a000-i2c\x2dbus\x40100-dps310\x4076.service: Main process exited, code=exited, status=255/n/a
Jul 06 17:00:47 witherspoon avahi-daemon[952]: Server startup complete. Host name is witherspoon.local. Local service cookie is 2989968648.
Jul 06 17:00:45 witherspoon systemd[1]: xyz.openbmc_project.Hwmon@ahb-apb-i2c\x401e78a000-i2c\x2dbus\x40100-dps310\x4076.service: Unit entered failed state.
Jul 06 17:00:47 witherspoon avahi-daemon[952]: Service "witherspoon" (/services/ssh.service) successfully established.
Jul 06 17:00:45 witherspoon systemd[1]: xyz.openbmc_project.Hwmon@ahb-apb-i2c\x401e78a000-i2c\x2dbus\x40100-dps310\x4076.service: Failed with result 'exit-code'.
Jul 06 17:00:47 witherspoon avahi-daemon[952]: Service "sftp" (/services/sftp.service) successfully established.
Jul 06 17:00:45 witherspoon systemd[1]: Started Phosphor Version Software Manager.
Jul 06 17:00:47 witherspoon avahi-daemon[952]: Service "witherspoon" (/services/sftp-ssh.service) successfully established.
Jul 06 17:00:45 witherspoon systemd[1]: xyz.openbmc_project.Hwmon@ahb-apb-i2c\x401e78a000-i2c\x2dbus\x40100-dps310\x4076.service: Service hold-off time over, scheduling restart.
Jul 06 17:00:47 witherspoon avahi-daemon[952]: Service "phosphor_rest" (/services/phosphor_rest.service) successfully established.
Jul 06 17:00:45 witherspoon systemd[1]: Stopped Phosphor Hwmon Poller.
Jul 06 17:00:47 witherspoon avahi-daemon[952]: Service "obmc_console" (/services/obmc_console.service) successfully established.
Jul 06 17:00:46 witherspoon systemd[1]: Started Phosphor Hwmon Poller.
Jul 06 17:00:46 witherspoon systemd[1]: xyz.openbmc_project.Hwmon@ahb-apb-i2c\x401e78a000-i2c\x2dbus\x40100-dps310\x4076.service: Main process exited, code=exited, status=255/n/a
Jul 06 17:00:46 witherspoon systemd[1]: xyz.openbmc_project.Hwmon@ahb-apb-i2c\x401e78a000-i2c\x2dbus\x40100-dps310\x4076.service: Unit entered failed state.
Jul 06 17:00:46 witherspoon systemd[1]: xyz.openbmc_project.Hwmon@ahb-apb-i2c\x401e78a000-i2c\x2dbus\x40100-dps310\x4076.service: Failed with result 'exit-code'.
Jul 06 17:00:46 witherspoon systemd[1]: xyz.openbmc_project.Hwmon@ahb-apb-i2c\x401e78a000-i2c\x2dbus\x40100-dps310\x4076.service: Service hold-off time over, scheduling restart.
Jul 06 17:00:46 witherspoon systemd[1]: Stopped Phosphor Hwmon Poller.
Jul 06 17:00:49 witherspoon avahi-daemon[952]: Joining mDNS multicast group on interface eth0.IPv4 with address 9.3.21.61.
Jul 06 17:00:46 witherspoon systemd[1]: Started Phosphor Hwmon Poller.
Jul 06 17:00:51 witherspoon phosphor-hwmon-readd[986]: Usage: /usr/sbin/phosphor-hwmon-readd [options]
Jul 06 17:00:51 witherspoon phosphor-hwmon-readd[986]: Options:
Jul 06 17:00:51 witherspoon phosphor-hwmon-readd[986]:     --help               print this menu
Jul 06 17:00:51 witherspoon phosphor-hwmon-readd[986]:     --path=<path>        sysfs location to monitor
Jul 06 17:00:51 witherspoon phosphor-hwmon-readd[986]:     --of-name=<path>     open firmware device name to monitor
Jul 06 17:00:51 witherspoon phosphor-hwmon-readd[986]: ERROR: Path not specified or invalid.
Jul 06 17:00:49 witherspoon avahi-daemon[952]: New relevant interface eth0.IPv4 for mDNS.
Jul 06 17:00:46 witherspoon systemd[1]: xyz.openbmc_project.Hwmon@ahb-apb-i2c\x401e78a000-i2c\x2dbus\x40100-dps310\x4076.service: Main process exited, code=exited, status=255/n/a
Jul 06 17:00:51 witherspoon phosphor-hwmon-readd[988]: Usage: /usr/sbin/phosphor-hwmon-readd [options]
Jul 06 17:00:51 witherspoon phosphor-hwmon-readd[988]: Options:
Jul 06 17:00:51 witherspoon phosphor-hwmon-readd[988]:     --help               print this menu
Jul 06 17:00:51 witherspoon phosphor-hwmon-readd[988]:     --path=<path>        sysfs location to monitor
Jul 06 17:00:51 witherspoon phosphor-hwmon-readd[988]:     --of-name=<path>     open firmware device name to monitor
Jul 06 17:00:51 witherspoon phosphor-hwmon-readd[988]: ERROR: Path not specified or invalid.
Jul 06 17:00:49 witherspoon avahi-daemon[952]: Registering new address record for 9.3.21.61 on eth0.IPv4.
Jul 06 17:00:46 witherspoon systemd[1]: xyz.openbmc_project.Hwmon@ahb-apb-i2c\x401e78a000-i2c\x2dbus\x40100-dps310\x4076.service: Unit entered failed state.
Jul 06 17:00:52 witherspoon phosphor-hwmon-readd[991]: Usage: /usr/sbin/phosphor-hwmon-readd [options]
Jul 06 17:00:52 witherspoon phosphor-hwmon-readd[991]: Options:
Jul 06 17:00:52 witherspoon phosphor-hwmon-readd[991]:     --help               print this menu
Jul 06 17:00:52 witherspoon phosphor-hwmon-readd[991]:     --path=<path>        sysfs location to monitor
Jul 06 17:00:52 witherspoon phosphor-hwmon-readd[991]:     --of-name=<path>     open firmware device name to monitor
Jul 06 17:00:52 witherspoon phosphor-hwmon-readd[991]: ERROR: Path not specified or invalid.
Jul 06 17:00:51 witherspoon avahi-daemon[952]: Joining mDNS multicast group on interface eth0.IPv6 with address fe80::72e2:84ff:fe14:28a9.
Jul 06 17:00:46 witherspoon systemd[1]: xyz.openbmc_project.Hwmon@ahb-apb-i2c\x401e78a000-i2c\x2dbus\x40100-dps310\x4076.service: Failed with result 'exit-code'.
Jul 06 17:00:51 witherspoon avahi-daemon[952]: New relevant interface eth0.IPv6 for mDNS.
Jul 06 17:00:46 witherspoon systemd[1]: Started Phosphor LED Group Management Daemon.
Jul 06 17:00:51 witherspoon avahi-daemon[952]: Registering new address record for fe80::72e2:84ff:fe14:28a9 on eth0.*.
Jul 06 17:00:46 witherspoon systemd[1]: Started Phosphor Log Manager.
Jul 06 17:00:47 witherspoon systemd[1]: xyz.openbmc_project.Hwmon@ahb-apb-i2c\x401e78a000-i2c\x2dbus\x40100-dps310\x4076.service: Service hold-off time over, scheduling restart.
Jul 06 17:00:47 witherspoon systemd[1]: Stopped Phosphor Hwmon Poller.
Jul 06 17:00:47 witherspoon systemd[1]: Started Phosphor Hwmon Poller.
Jul 06 17:00:47 witherspoon systemd[1]: xyz.openbmc_project.Hwmon@ahb-apb-i2c\x401e78a000-i2c\x2dbus\x40100-dps310\x4076.service: Main process exited, code=exited, status=255/n/a
Jul 06 17:00:47 witherspoon systemd[1]: xyz.openbmc_project.Hwmon@ahb-apb-i2c\x401e78a000-i2c\x2dbus\x40100-dps310\x4076.service: Unit entered failed state.
Jul 06 17:00:47 witherspoon systemd[1]: xyz.openbmc_project.Hwmon@ahb-apb-i2c\x401e78a000-i2c\x2dbus\x40100-dps310\x4076.service: Failed with result 'exit-code'.
Jul 06 17:00:47 witherspoon systemd[1]: Started Avahi mDNS/DNS-SD Stack.
Jul 06 17:00:47 witherspoon systemd[1]: xyz.openbmc_project.Hwmon@ahb-apb-i2c\x401e78a000-i2c\x2dbus\x40100-dps310\x4076.service: Service hold-off time over, scheduling restart.
Jul 06 17:00:47 witherspoon systemd[1]: Stopped Phosphor Hwmon Poller.
Jul 06 17:00:47 witherspoon systemd[1]: Started Phosphor Hwmon Poller.
Jul 06 17:00:47 witherspoon systemd[1]: xyz.openbmc_project.Hwmon@ahb-apb-i2c\x401e78a000-i2c\x2dbus\x40100-dps310\x4076.service: Main process exited, code=exited, status=255/n/a
Jul 06 17:00:47 witherspoon systemd[1]: xyz.openbmc_project.Hwmon@ahb-apb-i2c\x401e78a000-i2c\x2dbus\x40100-dps310\x4076.service: Unit entered failed state.
Jul 06 17:00:47 witherspoon systemd[1]: xyz.openbmc_project.Hwmon@ahb-apb-i2c\x401e78a000-i2c\x2dbus\x40100-dps310\x4076.service: Failed with result 'exit-code'.
Jul 06 17:00:48 witherspoon systemd-networkd[955]: Enumeration completed
Jul 06 17:00:48 witherspoon systemd[1]: Started Network Service.
Jul 06 17:00:48 witherspoon systemd[1]: xyz.openbmc_project.Hwmon@ahb-apb-i2c\x401e78a000-i2c\x2dbus\x40100-dps310\x4076.service: Service hold-off time over, scheduling restart.
Jul 06 17:00:48 witherspoon systemd[1]: Stopped Phosphor Hwmon Poller.
Jul 06 17:00:48 witherspoon systemd[1]: Started Phosphor Hwmon Poller.
Jul 06 17:00:53 witherspoon kernel: ftgmac100 1e660000.ethernet eth0: NCSI interface up
Jul 06 17:00:53 witherspoon kernel[927]: [   50.950000] ftgmac100 1e660000.ethernet eth0: NCSI interface up
Jul 06 17:00:48 witherspoon systemd[1]: Reached target Network.
Jul 06 17:00:48 witherspoon systemd[1]: Started Lightweight SLP Server.
Jul 06 17:00:48 witherspoon systemd[1]: Starting Permit User Sessions...
Jul 06 17:00:48 witherspoon systemd[1]: Started Permit User Sessions.
Jul 06 17:00:48 witherspoon systemd[1]: Started Serial Getty on ttyS4.
Jul 06 17:00:49 witherspoon systemd[1]: Reached target Login Prompts.
Jul 06 17:00:49 witherspoon systemd[1]: Reached target Multi-User System.
Jul 06 17:00:49 witherspoon systemd[1]: xyz.openbmc_project.Hwmon@ahb-apb-i2c\x401e78a000-i2c\x2dbus\x40100-dps310\x4076.service: Main process exited, code=exited, status=255/n/a
Jul 06 17:00:49 witherspoon systemd[1]: xyz.openbmc_project.Hwmon@ahb-apb-i2c\x401e78a000-i2c\x2dbus\x40100-dps310\x4076.service: Unit entered failed state.
Jul 06 17:00:49 witherspoon systemd[1]: xyz.openbmc_project.Hwmon@ahb-apb-i2c\x401e78a000-i2c\x2dbus\x40100-dps310\x4076.service: Failed with result 'exit-code'.
Jul 06 17:00:49 witherspoon systemd[1]: xyz.openbmc_project.Hwmon@ahb-apb-i2c\x401e78a000-i2c\x2dbus\x40100-dps310\x4076.service: Service hold-off time over, scheduling restart.
Jul 06 17:00:49 witherspoon systemd[1]: Stopped Phosphor Hwmon Poller.
Jul 06 17:00:49 witherspoon systemd[1]: Started Phosphor Hwmon Poller.
Jul 06 17:00:49 witherspoon systemd[1]: xyz.openbmc_project.Hwmon@ahb-apb-i2c\x401e78a000-i2c\x2dbus\x40100-dps310\x4076.service: Main process exited, code=exited, status=255/n/a
Jul 06 17:00:49 witherspoon systemd[1]: xyz.openbmc_project.Hwmon@ahb-apb-i2c\x401e78a000-i2c\x2dbus\x40100-dps310\x4076.service: Unit entered failed state.
Jul 06 17:00:49 witherspoon systemd[1]: xyz.openbmc_project.Hwmon@ahb-apb-i2c\x401e78a000-i2c\x2dbus\x40100-dps310\x4076.service: Failed with result 'exit-code'.
Jul 06 17:00:49 witherspoon systemd-networkd[955]: eth0: IPv6 enabled for interface: Success
Jul 06 17:00:50 witherspoon systemd-networkd[955]: eth0: Gained carrier
Jul 06 17:00:50 witherspoon systemd-timesyncd[880]: Network configuration changed, trying to establish connection.
Jul 06 17:00:50 witherspoon systemd[1]: xyz.openbmc_project.Hwmon@ahb-apb-i2c\x401e78a000-i2c\x2dbus\x40100-dps310\x4076.service: Service hold-off time over, scheduling restart.
Jul 06 17:00:50 witherspoon systemd[1]: Stopped Phosphor Hwmon Poller.
Jul 06 17:00:50 witherspoon systemd[1]: Started Phosphor Hwmon Poller.
Jul 06 17:00:50 witherspoon systemd[1]: xyz.openbmc_project.Hwmon@ahb-apb-i2c\x401e78a000-i2c\x2dbus\x40100-dps310\x4076.service: Main process exited, code=exited, status=255/n/a
Jul 06 17:00:50 witherspoon systemd[1]: xyz.openbmc_project.Hwmon@ahb-apb-i2c\x401e78a000-i2c\x2dbus\x40100-dps310\x4076.service: Unit entered failed state.
Jul 06 17:00:50 witherspoon systemd[1]: xyz.openbmc_project.Hwmon@ahb-apb-i2c\x401e78a000-i2c\x2dbus\x40100-dps310\x4076.service: Failed with result 'exit-code'.
Jul 06 17:00:50 witherspoon systemd[1]: Started Phosphor BMC0 Control.
Jul 06 17:00:50 witherspoon systemd[1]: xyz.openbmc_project.Hwmon@ahb-apb-i2c\x401e78a000-i2c\x2dbus\x40100-dps310\x4076.service: Service hold-off time over, scheduling restart.
Jul 06 17:00:50 witherspoon systemd[1]: Stopped Phosphor Hwmon Poller.
Jul 06 17:00:50 witherspoon systemd[1]: Started Phosphor Hwmon Poller.
Jul 06 17:00:51 witherspoon systemd[1]: xyz.openbmc_project.Hwmon@ahb-apb-i2c\x401e78a000-i2c\x2dbus\x40100-dps310\x4076.service: Main process exited, code=exited, status=255/n/a
Jul 06 17:00:51 witherspoon systemd[1]: xyz.openbmc_project.Hwmon@ahb-apb-i2c\x401e78a000-i2c\x2dbus\x40100-dps310\x4076.service: Unit entered failed state.
Jul 06 17:00:51 witherspoon systemd[1]: xyz.openbmc_project.Hwmon@ahb-apb-i2c\x401e78a000-i2c\x2dbus\x40100-dps310\x4076.service: Failed with result 'exit-code'.
Jul 06 17:00:51 witherspoon systemd-networkd[955]: eth0: Gained IPv6LL
Jul 06 17:00:52 witherspoon systemd[1]: xyz.openbmc_project.Hwmon@ahb-apb-i2c\x401e78a000-i2c\x2dbus\x40100-dps310\x4076.service: Service hold-off time over, scheduling restart.
Jul 06 17:00:52 witherspoon systemd[1]: Stopped Phosphor Hwmon Poller.
Jul 06 17:00:52 witherspoon systemd[1]: xyz.openbmc_project.Hwmon@ahb-apb-i2c\x401e78a000-i2c\x2dbus\x40100-dps310\x4076.service: Start request repeated too quickly.
Jul 06 17:00:52 witherspoon systemd[1]: Failed to start Phosphor Hwmon Poller.
Jul 06 17:00:53 witherspoon systemd[1]: xyz.openbmc_project.Hwmon@ahb-apb-i2c\x401e78a000-i2c\x2dbus\x40100-dps310\x4076.service: Unit entered failed state.
Jul 06 17:00:53 witherspoon systemd[1]: xyz.openbmc_project.Hwmon@ahb-apb-i2c\x401e78a000-i2c\x2dbus\x40100-dps310\x4076.service: Failed with result 'exit-code'.
Jul 06 17:01:01 witherspoon systemd[1]: Created slice system-dropbear.slice.
Jul 06 17:01:01 witherspoon systemd[1]: Started SSH Per-Connection Server (9.41.165.94:36420).
Jul 06 17:01:01 witherspoon dropbear[994]: Failed loading /etc/dropbear/dropbear_dss_host_key
Jul 06 17:01:01 witherspoon dropbear[994]: Failed loading /etc/dropbear/dropbear_ecdsa_host_key
Jul 06 17:01:01 witherspoon dropbear[994]: Child connection from ::ffff:9.41.165.94:36420
Jul 06 17:01:04 witherspoon systemd-networkd[955]: eth0: Configured
Jul 06 17:01:04 witherspoon systemd-timesyncd[880]: Network configuration changed, trying to establish connection.
Jul 06 17:01:07 witherspoon dropbear[994]: PAM password auth succeeded for 'root' from ::ffff:9.41.165.94:36420
Jul 06 17:01:07 witherspoon dropbear[995]: lastlog_perform_login: Couldn't stat /var/log/lastlog: No such file or directory
Jul 06 17:01:07 witherspoon dropbear[995]: lastlog_openseek: /var/log/lastlog is not a file or directory!
Jul 06 17:01:07 witherspoon systemd[1]: Started Phosphor Chassis0 Control.
Jul 06 17:01:07 witherspoon chassis_control.py[956]: Running ChassisControlService
Jul 06 17:01:08 witherspoon sensor_manager2.py[926]: Setting boot count to 3
Jul 06 17:01:08 witherspoon sensor_manager2.py[926]: Deleting OCC device
Jul 06 17:01:08 witherspoon sensor_manager2.py[926]: sh: /sys/class/i2c-adapter/i2c-3/3-0050/online: No such file or directory
Jul 06 17:01:08 witherspoon sensor_manager2.py[926]: Deleting OCC device
Jul 06 17:01:08 witherspoon sensor_manager2.py[926]: sh: /sys/class/i2c-adapter/i2c-3/3-0050/online: No such file or directory
Jul 06 17:01:09 witherspoon systemd[1]: Started Phosphor Download Manager.
Jul 06 17:01:09 witherspoon download_manager.py[954]: Running Download Manager
Jul 06 17:01:10 witherspoon systemd[1]: Started Phosphor Sensor Manager.
Jul 06 17:01:10 witherspoon sensor_manager2.py[926]: Starting sensor manager
Jul 06 17:01:10 witherspoon systemd[1]: Started Phosphor User Manager.
Jul 06 17:01:10 witherspoon obmc-phosphor-userd[959]: Started
Jul 06 17:01:10 witherspoon phosphor-mapper[932]: ObjectMapper startup complete.  Discovery in progress...
Jul 06 17:01:11 witherspoon avahi-daemon[967]: ../../avahi-0.6.32/avahi-daemon/chroot.c: open() failed: No such file or directory
Jul 06 17:01:11 witherspoon avahi-daemon[952]: Failed to open /usr/share/dbus-1/interfaces/org.freedesktop.Avahi.Server.xml: Invalid argument
Jul 06 17:01:11 witherspoon avahi-daemon[952]: Failed to load introspection data.
Jul 06 17:01:14 witherspoon inventory_items.py[958]: Loading from cache: /var/cache/obmc/org.openbmc.inventory.system.chassis.motherboard.apss@org.openbmc.InventoryItem.props
Jul 06 17:01:14 witherspoon inventory_items.py[958]: Loading from cache: /var/cache/obmc/org.openbmc.inventory.system.chassis.motherboard@org.openbmc.InventoryItem.props
Jul 06 17:01:14 witherspoon inventory_items.py[958]: Loading from cache: /var/cache/obmc/org.openbmc.inventory.system.chassis.motherboard.refclock@org.openbmc.InventoryItem.props
Jul 06 17:01:14 witherspoon inventory_items.py[958]: Loading from cache: /var/cache/obmc/org.openbmc.inventory.system.chassis.motherboard.todclock@org.openbmc.InventoryItem.props
Jul 06 17:01:14 witherspoon inventory_items.py[958]: Loading from cache: /var/cache/obmc/org.openbmc.inventory.system.chassis.motherboard.bmc@org.openbmc.InventoryItem.props
Jul 06 17:01:14 witherspoon inventory_items.py[958]: Caching: /org/openbmc/inventory/system/chassis/motherboard/bmc
Jul 06 17:01:14 witherspoon inventory_items.py[958]: Loading from cache: /var/cache/obmc/org.openbmc.inventory.system.chassis.motherboard.pcieclock@org.openbmc.InventoryItem.props
Jul 06 17:01:14 witherspoon systemd[1]: Started Phosphor Inventory Manager.
Jul 06 17:01:14 witherspoon netman.py[950]: Started
Jul 06 17:01:14 witherspoon systemd[1]: Started Phosphor Network Manager.
Jul 06 17:01:15 witherspoon inventory_items.py[958]: Running Inventory Manager
Jul 06 17:01:24 witherspoon phosphor-mapper[932]: ObjectMapper discovery complete
Jul 06 17:01:24 witherspoon systemd[1]: Started Phosphor DBus Service Discovery Manager.
Jul 06 17:01:24 witherspoon systemd[1]: Reached target Phosphor Object Mapper.
Jul 06 17:01:24 witherspoon systemd[1]: Starting Wait for /xyz/openbmc_project/inventory...
Jul 06 17:01:24 witherspoon systemd[1]: Starting Wait for /org/openbmc/control/power0...
Jul 06 17:01:24 witherspoon systemd[1]: Starting Wait for /xyz/openbmc_project/led/groups/bmc_booted...
Jul 06 17:01:24 witherspoon systemd[1]: Starting Wait for /org/openbmc/control/flash/bios...
Jul 06 17:01:24 witherspoon systemd[1]: Starting Wait for /org/openbmc/control/bmc0...
Jul 06 17:01:24 witherspoon systemd[1]: Starting Wait for /org/openbmc/managers/System...
Jul 06 17:01:24 witherspoon systemd[1]: Starting Wait for /org/openbmc/NetworkManager/Interface...
Jul 06 17:01:24 witherspoon systemd[1]: Starting Wait for /xyz/openbmc_project/led/groups...
Jul 06 17:01:24 witherspoon systemd[1]: Starting Wait for /org/openbmc/managers/Download...
Jul 06 17:01:24 witherspoon systemd[1]: Starting Phoshpor System Manager...
Jul 06 17:01:24 witherspoon systemd[1]: Starting Wait for /xyz/openbmc_project/state/chassis0...
Jul 06 17:01:24 witherspoon systemd[1]: Starting Wait for /xyz/openbmc_project/state/host0...
Jul 06 17:01:24 witherspoon systemd[1]: Starting Wait for /org/openbmc/sensors...
Jul 06 17:01:24 witherspoon systemd[1]: Started Phosphor DBus Monitor.
Jul 06 17:01:26 witherspoon systemd[1]: Starting Phosphor Settings Manager...
Jul 06 17:01:26 witherspoon systemd[1]: Reached target Webserver (pre).
Jul 06 17:01:26 witherspoon systemd[1]: Started Phosphor Webserver.
Jul 06 17:01:26 witherspoon systemd[1]: Starting Wait for /xyz/openbmc_project/control/host0...
Jul 06 17:01:26 witherspoon systemd[1]: Started Wait for /xyz/openbmc_project/inventory.
Jul 06 17:01:26 witherspoon systemd[1]: Started Wait for /xyz/openbmc_project/led/groups/bmc_booted.
Jul 06 17:01:26 witherspoon systemd[1]: Started Wait for /org/openbmc/control/bmc0.
Jul 06 17:01:26 witherspoon systemd[1]: Started Wait for /org/openbmc/NetworkManager/Interface.
Jul 06 17:01:26 witherspoon systemd[1]: Started Wait for /xyz/openbmc_project/led/groups.
Jul 06 17:01:26 witherspoon systemd[1]: Started Wait for /org/openbmc/managers/Download.
Jul 06 17:01:26 witherspoon systemd[1]: Started Wait for /org/openbmc/sensors.
Jul 06 17:01:26 witherspoon systemd[1]: Started Phosphor Hwmon Poller.
Jul 06 17:01:26 witherspoon systemd[1]: Starting Phosphor BIOS Code Update...
Jul 06 17:01:26 witherspoon systemd[1]: Started FRU Fault monitor service.
Jul 06 17:01:26 witherspoon systemd[1]: Started Phosphor DNS Settings Cache Manager.
Jul 06 17:01:26 witherspoon systemd[1]: Starting Phosphor BMC Code Update...
Jul 06 17:01:26 witherspoon systemd[1]: Starting Assert bmc_booted LED...
Jul 06 17:01:26 witherspoon systemd[1]: Starting OpenPOWER OCC controller...
Jul 06 17:01:26 witherspoon systemd[1]: Starting Read OpenPOWER-format VPD from EEPROM...
Jul 06 17:01:26 witherspoon systemd[1]: Started Phosphor Cooling Type.
Jul 06 17:01:27 witherspoon systemd[1]: Started OpenPOWER OCC controller.
Jul 06 17:01:28 witherspoon systemd[1]: Started Phosphor BIOS Code Update.
Jul 06 17:01:29 witherspoon systemd[1]: Started Assert bmc_booted LED.
Jul 06 17:01:33 witherspoon systemd[1]: Started Read OpenPOWER-format VPD from EEPROM.
Jul 06 17:01:41 witherspoon systemd[1]: Started Wait for /org/openbmc/control/flash/bios.
Jul 06 17:01:41 witherspoon systemd[1]: Started Initialize BIOS Flash.
Jul 06 17:01:42 witherspoon system_manager.py[1012]: Running System State: BASE_APPS
Jul 06 17:01:42 witherspoon system_manager.py[1012]: SystemManager Init Done
Jul 06 17:01:42 witherspoon system_manager.py[1012]: Running SystemManager
Jul 06 17:01:42 witherspoon systemd[1]: Started Phoshpor System Manager.
Jul 06 17:01:42 witherspoon system_manager.py[1012]: SystemManager Goto System State: BMC_STARTING
Jul 06 17:01:42 witherspoon system_manager.py[1012]: Running System State: BMC_STARTING
Jul 06 17:01:43 witherspoon hwmon.py[1027]: Starting HWMON sensors
Jul 06 17:01:43 witherspoon settings_manager.py[1023]: Running HostSettingsService
Jul 06 17:01:43 witherspoon systemd[1]: Started Phosphor Settings Manager.
Jul 06 17:01:43 witherspoon systemd[1]: Starting Wait for /org/openbmc/settings/host0...
Jul 06 17:01:44 witherspoon systemd[1]: Started Wait for /org/openbmc/managers/System.
Jul 06 17:01:44 witherspoon systemd[1]: Starting Phosphor Power Button0...
Jul 06 17:01:44 witherspoon systemd[1]: Starting Phosphor BMC State Manager...
Jul 06 17:01:44 witherspoon systemd[1]: Starting Phosphor Power0 Control...
Jul 06 17:01:44 witherspoon systemd[1]: Starting Phosphor Reset Button0...
Jul 06 17:01:44 witherspoon systemd[1]: Starting Phosphor Host State Manager...
Jul 06 17:01:44 witherspoon systemd[1]: Starting Phosphor Chassis State Manager...
Jul 06 17:01:44 witherspoon phosphor-bmc-state-manager[1054]: Setting the BMCState field
Jul 06 17:01:44 witherspoon phosphor-bmc-state-manager[1054]: Setting the BMCState field
Jul 06 17:01:44 witherspoon systemd[1]: Started Phosphor BMC State Manager.
Jul 06 17:01:44 witherspoon flash_bios.exe[1028]: Starting flasher: bios,,/org/openbmc/control/flash/bios,
Jul 06 17:01:44 witherspoon flash_bios.exe[1028]: flasher: , BMC = 1, address = 0x0
Jul 06 17:01:44 witherspoon flash_bios.exe[1028]: Setting up flash
Jul 06 17:01:44 witherspoon phosphor-chassis-state-manager[1058]: Initial Chassis State will be Off
Jul 06 17:01:44 witherspoon systemd[1]: Started Phosphor Chassis State Manager.
Jul 06 17:01:45 witherspoon system_manager.py[1012]: New object: /org/openbmc/control/power0 (:1.64)
Jul 06 17:01:45 witherspoon button_power.exe[1053]: GPIO Lookup:  POWER_BUTTON = 347,both
Jul 06 17:01:45 witherspoon systemd[1]: Started Phosphor Power Button0.
Jul 06 17:01:45 witherspoon system_manager.py[1012]: Power GPIO config: ['SYS_PWROK_BUFF', '', [('SOFTWARE_PGOOD', True), ('BMC_POWER_UP', True)], [('BMC_CP0_RESET_N', False)], [], 'FSI_DATA', 'FSI_CLK', 'FSI_ENABLE', 'CRONUS_SEL', []]
Jul 06 17:01:45 witherspoon power_control.exe[1055]: Power GPIO latch output:
Jul 06 17:01:45 witherspoon power_control.exe[1055]: Power GPIO power good input: SYS_PWROK_BUFF
Jul 06 17:01:45 witherspoon power_control.exe[1055]: Power GPIO 2 power_up outputs
Jul 06 17:01:45 witherspoon power_control.exe[1055]: Power GPIO power_up[0] = SOFTWARE_PGOOD active HIGH
Jul 06 17:01:45 witherspoon power_control.exe[1055]: Power GPIO power_up[1] = BMC_POWER_UP active HIGH
Jul 06 17:01:45 witherspoon power_control.exe[1055]: Power GPIO 1 reset outputs
Jul 06 17:01:45 witherspoon power_control.exe[1055]: Power GPIO reset[0] = BMC_CP0_RESET_N active LOW
Jul 06 17:01:46 witherspoon flash_bios.exe[1028]: Starting flasher: bios,,/org/openbmc/control/flash/bios,
Jul 06 17:01:46 witherspoon flash_bios.exe[1028]: flasher: , BMC = 1, address = 0x0
Jul 06 17:01:46 witherspoon flash_bios.exe[1028]: Setting up flash
Jul 06 17:01:46 witherspoon systemd[1]: Started Phosphor Power0 Control.
Jul 06 17:01:46 witherspoon power_control.exe[1055]: Power GPIO 0 pci reset outputs
Jul 06 17:01:46 witherspoon power_control.exe[1055]: FSI DATA GPIO: FSI_DATA
Jul 06 17:01:46 witherspoon power_control.exe[1055]: FSI CLK GPIO: FSI_CLK
Jul 06 17:01:46 witherspoon power_control.exe[1055]: FSI ENABLE GPIO: FSI_ENABLE
Jul 06 17:01:46 witherspoon power_control.exe[1055]: CRONUS SEL GPIO: CRONUS_SEL
Jul 06 17:01:46 witherspoon power_control.exe[1055]: Hostctl GPIO optionals: 0
Jul 06 17:01:46 witherspoon power_control.exe[1055]: GPIO Lookup:  SYS_PWROK_BUFF = 306,in
Jul 06 17:01:46 witherspoon power_control.exe[1055]: GPIO Lookup:  SOFTWARE_PGOOD = 417,out
Jul 06 17:01:46 witherspoon power_control.exe[1055]: GPIO Lookup:  BMC_POWER_UP = 305,out
Jul 06 17:01:46 witherspoon power_control.exe[1055]: GPIO Lookup:  BMC_CP0_RESET_N = 281,out
Jul 06 17:01:46 witherspoon power_control.exe[1055]: Pgood state: 0
Jul 06 17:01:47 witherspoon phosphor-host-state-manager[1057]: Initial Host State will be Off
Jul 06 17:01:47 witherspoon systemd[1]: Started Phosphor Host State Manager.
Jul 06 17:01:47 witherspoon button_reset.exe[1056]: GPIO Lookup:  RESET_BUTTON = 353,both
Jul 06 17:01:47 witherspoon systemd[1]: Started Phosphor Reset Button0.
Jul 06 17:01:49 witherspoon systemd[1]: Started Phosphor BMC Code Update.
Jul 06 17:01:49 witherspoon bmc_update.py[1031]: Running Bmc Flash Control
Jul 06 17:01:52 witherspoon systemd[1]: Started Wait for /org/openbmc/settings/host0.
Jul 06 17:01:52 witherspoon systemd[1]: Started Phosphor Inband IPMI.
Jul 06 17:01:53 witherspoon systemd[1]: Started Wait for /org/openbmc/control/power0.
Jul 06 17:01:53 witherspoon system_manager.py[1012]: SystemManager Goto System State: BMC_READY
Jul 06 17:01:53 witherspoon system_manager.py[1012]: Running System State: BMC_READY
Jul 06 17:01:53 witherspoon timemanager[1087]: Registering dbus methods
Jul 06 17:01:53 witherspoon timemanager[1087]: Last known time_mode: MANUAL
Jul 06 17:01:53 witherspoon timemanager[1087]: Last known time_owner: BMC
Jul 06 17:01:53 witherspoon timemanager[1087]: Empty DhcpNtp string
Jul 06 17:01:53 witherspoon timemanager[1087]: Reading Power Control key: pgood
Jul 06 17:01:53 witherspoon timemanager[1087]: Changing settings *allowed* now
Jul 06 17:01:53 witherspoon timemanager[1087]: Getting System Settings: time_mode
Jul 06 17:01:53 witherspoon timemanager[1087]: Requested_Mode: MANUAL Current_Mode: MANUAL
Jul 06 17:01:53 witherspoon timemanager[1087]: Mode is already set to : MANUAL
Jul 06 17:01:53 witherspoon timemanager[1087]: Getting System Settings: time_owner
Jul 06 17:01:53 witherspoon timemanager[1087]: Owner is already set to : BMC
Jul 06 17:01:53 witherspoon timemanager[1087]: Getting System Settings: use_dhcp_ntp
Jul 06 17:01:53 witherspoon timemanager[1087]: use_dhcp_ntp = yes
Jul 06 17:01:53 witherspoon timemanager[1087]: Last known host_offset:0
Jul 06 17:01:53 witherspoon timemanager[1087]: Initial Uptime Usec: 1499360402696558
Jul 06 17:01:54 witherspoon systemd[1]: Starting Phosphor Time Manager daemon...
Jul 06 17:01:54 witherspoon systemd[1]: Starting Check Chassis0 pgood and create a file to indicate it...
Jul 06 17:01:54 witherspoon systemd[1]: Started Wait for /xyz/openbmc_project/state/chassis0.
Jul 06 17:01:54 witherspoon systemd[1]: Started Wait for /xyz/openbmc_project/state/host0.
Jul 06 17:01:54 witherspoon systemd[1]: Started Phosphor Time Manager daemon.
Jul 06 17:01:54 witherspoon systemd[1]: Starting Reboot If Enabled...
Jul 06 17:01:55 witherspoon systemd[1]: Started Check Chassis0 pgood and create a file to indicate it.
Jul 06 17:01:55 witherspoon systemd[1]: Reached target Chassis0 power on after reset.
Jul 06 17:01:55 witherspoon systemd[1]: Reached target Chassis0 (Reset Check).
Jul 06 17:01:56 witherspoon phosphor-discover-system-state[1097]: Host power is off, checking power policy
Jul 06 17:01:56 witherspoon systemd[1]: Started Reboot If Enabled.
Jul 06 17:01:57 witherspoon systemd[1]: Started Wait for /xyz/openbmc_project/control/host0.
Jul 06 17:01:57 witherspoon systemd[1]: Reached target Host0 running after reset.
Jul 06 17:01:57 witherspoon systemd[1]: Reached target Host0 (Reset Check).
Jul 06 17:01:57 witherspoon systemd[1]: Reached target Phosphor System - Standby.
Jul 06 17:01:57 witherspoon systemd[1]: Startup finished in 8.670s (kernel) + 1min 45.939s (userspace) = 1min 54.609s.
Jul 06 17:01:57 witherspoon phosphor-bmc-state-manager[1054]: BMC_READY
Jul 06 17:01:57 witherspoon phosphor-bmc-state-manager[1054]: Setting the BMCState field
Jul 06 17:02:01 witherspoon phosphor-gevent[1024]: Traceback (most recent call last):
Jul 06 17:02:01 witherspoon phosphor-gevent[1024]:   File "/usr/lib/python2.7/site-packages/gevent/greenlet.py", line 327, in run
Jul 06 17:02:01 witherspoon phosphor-gevent[1024]:     result = self._run(*self.args, **self.kwargs)
Jul 06 17:02:01 witherspoon phosphor-gevent[1024]:   File "/usr/lib/python2.7/site-packages/gevent/server.py", line 102, in wrap_socket_and_handle
Jul 06 17:02:01 witherspoon phosphor-gevent[1024]:     ssl_socket = self.wrap_socket(client_socket, **self.ssl_args)
Jul 06 17:02:01 witherspoon phosphor-gevent[1024]:   File "/usr/lib/python2.7/site-packages/gevent/ssl.py", line 404, in wrap_socket
Jul 06 17:02:01 witherspoon phosphor-gevent[1024]:     ciphers=ciphers)
Jul 06 17:02:01 witherspoon phosphor-gevent[1024]:   File "/usr/lib/python2.7/site-packages/gevent/ssl.py", line 113, in __init__
Jul 06 17:02:01 witherspoon phosphor-gevent[1024]:     self.do_handshake()
Jul 06 17:02:01 witherspoon phosphor-gevent[1024]:   File "/usr/lib/python2.7/site-packages/gevent/ssl.py", line 324, in do_handshake
Jul 06 17:02:01 witherspoon phosphor-gevent[1024]:     return self._sslobj.do_handshake()
Jul 06 17:02:01 witherspoon phosphor-gevent[1024]: SSLEOFError: EOF occurred in violation of protocol (_ssl.c:590)
Jul 06 17:02:01 witherspoon phosphor-gevent[1024]: <Greenlet at 0x76022300: <bound method WSGIServer.wrap_socket_and_handle of <WSGIServer at 0x75ffb8d0 fileno=5 address=('::34e2:f076:b0bd:6676%1986444704', 443, 0, 1986444704)>>(<socket at 0x75ed12f0 fileno=9>, ('::80c9:6476:8e91:f402%1995426588', 37442, 0, 199)> failed with SSLEOFError
Jul 06 17:02:01 witherspoon phosphor-gevent[1024]: Traceback (most recent call last):
Jul 06 17:02:01 witherspoon phosphor-gevent[1024]:   File "/usr/lib/python2.7/site-packages/gevent/greenlet.py", line 327, in run
Jul 06 17:02:01 witherspoon phosphor-gevent[1024]:     result = self._run(*self.args, **self.kwargs)
Jul 06 17:02:01 witherspoon phosphor-gevent[1024]:   File "/usr/lib/python2.7/site-packages/gevent/server.py", line 102, in wrap_socket_and_handle
Jul 06 17:02:01 witherspoon phosphor-gevent[1024]:     ssl_socket = self.wrap_socket(client_socket, **self.ssl_args)
Jul 06 17:02:01 witherspoon phosphor-gevent[1024]:   File "/usr/lib/python2.7/site-packages/gevent/ssl.py", line 404, in wrap_socket
Jul 06 17:02:01 witherspoon phosphor-gevent[1024]:     ciphers=ciphers)
Jul 06 17:02:01 witherspoon phosphor-gevent[1024]:   File "/usr/lib/python2.7/site-packages/gevent/ssl.py", line 113, in __init__
Jul 06 17:02:01 witherspoon phosphor-gevent[1024]:     self.do_handshake()
Jul 06 17:02:01 witherspoon phosphor-gevent[1024]:   File "/usr/lib/python2.7/site-packages/gevent/ssl.py", line 324, in do_handshake
Jul 06 17:02:02 witherspoon phosphor-gevent[1024]:     return self._sslobj.do_handshake()
Jul 06 17:02:02 witherspoon phosphor-gevent[1024]: SSLEOFError: EOF occurred in violation of protocol (_ssl.c:590)
Jul 06 17:02:02 witherspoon phosphor-gevent[1024]: <Greenlet at 0x760225d0: <bound method WSGIServer.wrap_socket_and_handle of <WSGIServer at 0x75ffb8d0 fileno=5 address=('::34e2:f076:b0bd:6676%1986444704', 443, 0, 1986444704)>>(<socket at 0x75ed1290 fileno=10>, ('::80c9:6476:8e91:f402%1995426588', 37444, 0, 199)> failed with SSLEOFError
Jul 06 17:02:02 witherspoon phosphor-gevent[1024]: Traceback (most recent call last):
Jul 06 17:02:02 witherspoon phosphor-gevent[1024]:   File "/usr/lib/python2.7/site-packages/gevent/greenlet.py", line 327, in run
Jul 06 17:02:02 witherspoon phosphor-gevent[1024]:     result = self._run(*self.args, **self.kwargs)
Jul 06 17:02:02 witherspoon phosphor-gevent[1024]:   File "/usr/lib/python2.7/site-packages/gevent/server.py", line 102, in wrap_socket_and_handle
Jul 06 17:02:02 witherspoon phosphor-gevent[1024]:     ssl_socket = self.wrap_socket(client_socket, **self.ssl_args)
Jul 06 17:02:02 witherspoon phosphor-gevent[1024]:   File "/usr/lib/python2.7/site-packages/gevent/ssl.py", line 404, in wrap_socket
Jul 06 17:02:02 witherspoon phosphor-gevent[1024]:     ciphers=ciphers)
Jul 06 17:02:02 witherspoon phosphor-gevent[1024]:   File "/usr/lib/python2.7/site-packages/gevent/ssl.py", line 113, in __init__
Jul 06 17:02:02 witherspoon phosphor-gevent[1024]:     self.do_handshake()
Jul 06 17:02:02 witherspoon phosphor-gevent[1024]:   File "/usr/lib/python2.7/site-packages/gevent/ssl.py", line 324, in do_handshake
Jul 06 17:02:02 witherspoon phosphor-gevent[1024]:     return self._sslobj.do_handshake()
Jul 06 17:02:02 witherspoon phosphor-gevent[1024]: SSLEOFError: EOF occurred in violation of protocol (_ssl.c:590)
Jul 06 17:02:02 witherspoon phosphor-gevent[1024]: <Greenlet at 0x760222b0: <bound method WSGIServer.wrap_socket_and_handle of <WSGIServer at 0x75ffb8d0 fileno=5 address=('::34e2:f076:b0bd:6676%1986444704', 443, 0, 1986444704)>>(<socket at 0x75ed1330 fileno=11>, ('::80c9:6476:8e91:f402%1995426588', 37446, 0, 199)> failed with SSLEOFError
Jul 06 17:02:20 witherspoon phosphor-gevent[1024]: ::80c9:6476:8e91:f402%1995426588 - - [2017-07-06 17:02:20] "POST /login HTTP/1.1" 200 320 0.044940
Jul 06 17:02:20 witherspoon phosphor-gevent[1024]: ::80c9:6476:8e91:f402%1995426588 - - [2017-07-06 17:02:20] "GET /xyz/openbmc_project/state/chassis0//attr/CurrentPowerState HTTP/1.1" 200 216 0.058250
Jul 06 17:02:21 witherspoon phosphor-gevent[1024]: ::80c9:6476:8e91:f402%1995426588 - - [2017-07-06 17:02:21] "POST /login HTTP/1.1" 200 320 0.049186
Jul 06 17:02:21 witherspoon phosphor-gevent[1024]: ::80c9:6476:8e91:f402%1995426588 - - [2017-07-06 17:02:21] "GET /xyz/openbmc_project/state/chassis0//attr/CurrentPowerState HTTP/1.1" 200 216 0.076443
Jul 06 17:02:21 witherspoon phosphor-gevent[1024]: ::80c9:6476:8e91:f402%1995426588 - - [2017-07-06 17:02:21] "POST /login HTTP/1.1" 200 320 0.054628
Jul 06 17:02:21 witherspoon phosphor-gevent[1024]: ::80c9:6476:8e91:f402%1995426588 - - [2017-07-06 17:02:21] "GET /org/openbmc/sensors/host/BootProgress/attr/value HTTP/1.1" 200 170 0.067033
Jul 06 17:02:21 witherspoon phosphor-gevent[1024]: ::80c9:6476:8e91:f402%1995426588 - - [2017-07-06 17:02:21] "POST /login HTTP/1.1" 200 320 0.032942
Jul 06 17:02:21 witherspoon phosphor-gevent[1024]: ::80c9:6476:8e91:f402%1995426588 - - [2017-07-06 17:02:21] "GET /xyz/openbmc_project/state/host0//attr/CurrentHostState HTTP/1.1" 200 212 0.054201
Jul 06 17:02:22 witherspoon phosphor-gevent[1024]: ::80c9:6476:8e91:f402%1995426588 - - [2017-07-06 17:02:22] "POST /login HTTP/1.1" 200 320 0.032424
Jul 06 17:02:22 witherspoon phosphor-gevent[1024]: ::80c9:6476:8e91:f402%1995426588 - - [2017-07-06 17:02:22] "GET /xyz/openbmc_project/logging/entry/list HTTP/1.1" 404 311 0.032378
Jul 06 17:02:22 witherspoon dropbear[994]: Exit (root): Exited normally
Jul 06 17:02:22 witherspoon systemd[1]: Started SSH Per-Connection Server (9.41.165.94:36438).
Jul 06 17:02:22 witherspoon dropbear[1109]: Failed loading /etc/dropbear/dropbear_dss_host_key
Jul 06 17:02:22 witherspoon dropbear[1109]: Failed loading /etc/dropbear/dropbear_ecdsa_host_key
Jul 06 17:02:22 witherspoon dropbear[1109]: Child connection from ::ffff:9.41.165.94:36438
Jul 06 17:02:22 witherspoon dropbear[1109]: PAM password auth succeeded for 'root' from ::ffff:9.41.165.94:36438
Jul 06 17:02:23 witherspoon dropbear[1110]: lastlog_perform_login: Couldn't stat /var/log/lastlog: No such file or directory
Jul 06 17:02:23 witherspoon dropbear[1110]: lastlog_openseek: /var/log/lastlog is not a file or directory!
Jul 06 17:02:24 witherspoon phosphor-gevent[1024]: ::80c9:6476:8e91:f402%1995426588 - - [2017-07-06 17:02:24] "POST /login HTTP/1.1" 200 320 0.032744
Jul 06 17:02:24 witherspoon phosphor-gevent[1024]: ::80c9:6476:8e91:f402%1995426588 - - [2017-07-06 17:02:24] "GET /xyz/openbmc_project/state/host0//attr/CurrentHostState HTTP/1.1" 200 212 0.048808
Jul 06 17:02:24 witherspoon dropbear[1109]: Exit (root): Exited normally
Jul 06 17:02:27 witherspoon systemd[1]: Started SSH Per-Connection Server (9.41.165.94:36442).
Jul 06 17:02:27 witherspoon dropbear[1119]: Failed loading /etc/dropbear/dropbear_dss_host_key
Jul 06 17:02:27 witherspoon dropbear[1119]: Failed loading /etc/dropbear/dropbear_ecdsa_host_key
Jul 06 17:02:27 witherspoon dropbear[1119]: Child connection from ::ffff:9.41.165.94:36442
Jul 06 17:02:28 witherspoon dropbear[1119]: PAM password auth succeeded for 'root' from ::ffff:9.41.165.94:36442
Jul 06 17:02:28 witherspoon dropbear[1120]: lastlog_perform_login: Couldn't stat /var/log/lastlog: No such file or directory
Jul 06 17:02:28 witherspoon dropbear[1120]: lastlog_openseek: /var/log/lastlog is not a file or directory!
Jul 06 17:02:29 witherspoon phosphor-gevent[1024]: ::80c9:6476:8e91:f402%1995426588 - - [2017-07-06 17:02:29] "POST /login HTTP/1.1" 200 320 0.035276
Jul 06 17:02:29 witherspoon phosphor-gevent[1024]: ::80c9:6476:8e91:f402%1995426588 - - [2017-07-06 17:02:29] "PUT /org/openbmc/settings/host0/attr/power_policy HTTP/1.1" 200 169 0.174782
Jul 06 17:02:30 witherspoon phosphor-gevent[1024]: ::80c9:6476:8e91:f402%1995426588 - - [2017-07-06 17:02:30] "POST /login HTTP/1.1" 200 320 0.043392
Jul 06 17:02:30 witherspoon phosphor-gevent[1024]: ::80c9:6476:8e91:f402%1995426588 - - [2017-07-06 17:02:30] "GET /org/openbmc/settings/host0/attr/power_policy HTTP/1.1" 200 185 0.068745
Jul 06 17:02:30 witherspoon systemd[1]: Started SSH Per-Connection Server (9.41.165.94:36448).
Jul 06 17:02:30 witherspoon dropbear[1126]: Failed loading /etc/dropbear/dropbear_dss_host_key
Jul 06 17:02:30 witherspoon dropbear[1126]: Failed loading /etc/dropbear/dropbear_ecdsa_host_key
Jul 06 17:02:30 witherspoon dropbear[1126]: Child connection from ::ffff:9.41.165.94:36448
Jul 06 17:02:31 witherspoon dropbear[1126]: PAM password auth succeeded for 'root' from ::ffff:9.41.165.94:36448
Jul 06 17:02:31 witherspoon dropbear[1127]: lastlog_perform_login: Couldn't stat /var/log/lastlog: No such file or directory
Jul 06 17:02:31 witherspoon dropbear[1127]: lastlog_openseek: /var/log/lastlog is not a file or directory!
Jul 06 17:02:32 witherspoon phosphor-gevent[1024]: ::80c9:6476:8e91:f402%1995426588 - - [2017-07-06 17:02:32] "POST /login HTTP/1.1" 200 320 0.041367
Jul 06 17:02:32 witherspoon phosphor-gevent[1024]: ::80c9:6476:8e91:f402%1995426588 - - [2017-07-06 17:02:32] "GET /xyz/openbmc_project/state/chassis0//attr/CurrentPowerState HTTP/1.1" 200 216 0.059842
Jul 06 17:02:32 witherspoon phosphor-gevent[1024]: ::80c9:6476:8e91:f402%1995426588 - - [2017-07-06 17:02:32] "POST /login HTTP/1.1" 200 320 0.033282
Jul 06 17:02:32 witherspoon phosphor-gevent[1024]: ::80c9:6476:8e91:f402%1995426588 - - [2017-07-06 17:02:32] "GET /xyz/openbmc_project/state/bmc0//attr/CurrentBMCState HTTP/1.1" 200 212 0.050022
Jul 06 17:02:32 witherspoon phosphor-gevent[1024]: ::80c9:6476:8e91:f402%1995426588 - - [2017-07-06 17:02:32] "POST /login HTTP/1.1" 200 320 0.033002
Jul 06 17:02:32 witherspoon phosphor-gevent[1024]: ::80c9:6476:8e91:f402%1995426588 - - [2017-07-06 17:02:32] "GET /org/openbmc/sensors/host/BootProgress/attr/value HTTP/1.1" 200 170 0.063902
Jul 06 17:02:33 witherspoon phosphor-gevent[1024]: ::80c9:6476:8e91:f402%1995426588 - - [2017-07-06 17:02:33] "POST /login HTTP/1.1" 200 320 0.048699
Jul 06 17:02:33 witherspoon phosphor-gevent[1024]: ::80c9:6476:8e91:f402%1995426588 - - [2017-07-06 17:02:33] "GET /xyz/openbmc_project/state/host0//attr/CurrentHostState HTTP/1.1" 200 212 0.061153
Jul 06 17:02:33 witherspoon phosphor-gevent[1024]: ::80c9:6476:8e91:f402%1995426588 - - [2017-07-06 17:02:33] "POST /login HTTP/1.1" 200 320 0.033296
Jul 06 17:02:33 witherspoon phosphor-gevent[1024]: ::80c9:6476:8e91:f402%1995426588 - - [2017-07-06 17:02:33] "GET /xyz/openbmc_project/logging/entry/list HTTP/1.1" 404 311 0.028812
Jul 06 17:02:33 witherspoon systemd[1]: Started SSH Per-Connection Server (9.41.165.94:36460).
Jul 06 17:02:33 witherspoon dropbear[1130]: Failed loading /etc/dropbear/dropbear_dss_host_key
Jul 06 17:02:33 witherspoon dropbear[1130]: Failed loading /etc/dropbear/dropbear_ecdsa_host_key
Jul 06 17:02:33 witherspoon dropbear[1130]: Child connection from ::ffff:9.41.165.94:36460
Jul 06 17:02:34 witherspoon dropbear[1130]: PAM password auth succeeded for 'root' from ::ffff:9.41.165.94:36460
Jul 06 17:03:05 witherspoon phosphor-gevent[1024]: ::80c9:6476:8e91:f402%1995426588 - - [2017-07-06 17:03:05] "POST /login HTTP/1.1" 200 320 0.046557
Jul 06 17:03:05 witherspoon phosphor-gevent[1024]: ::80c9:6476:8e91:f402%1995426588 - - [2017-07-06 17:03:05] "POST /org/openbmc/control/flash/bios//action/update HTTP/1.1" 200 169 0.251338
Jul 06 17:03:05 witherspoon flash_bios.exe[1028]: Starting flasher: bios,/tmp/witherspoon_20170628n.pnor,/org/openbmc/control/flash/bios,
Jul 06 17:03:05 witherspoon flash_bios.exe[1028]: flasher: /tmp/witherspoon_20170628n.pnor, BMC = 1, address = 0x0
Jul 06 17:03:05 witherspoon flash_bios.exe[1028]: Setting up flash
Jul 06 17:03:05 witherspoon phosphor-gevent[1024]: ::80c9:6476:8e91:f402%1995426588 - - [2017-07-06 17:03:05] "POST /login HTTP/1.1" 200 320 0.222405
Jul 06 17:03:06 witherspoon phosphor-gevent[1024]: ::80c9:6476:8e91:f402%1995426588 - - [2017-07-06 17:03:06] "GET /org/openbmc/control/flash/bios HTTP/1.1" 200 396 0.189766
Jul 06 17:03:06 witherspoon phosphor-gevent[1024]: ::80c9:6476:8e91:f402%1995426588 - - [2017-07-06 17:03:06] "POST /login HTTP/1.1" 200 320 0.159892
Jul 06 17:03:06 witherspoon phosphor-gevent[1024]: ::80c9:6476:8e91:f402%1995426588 - - [2017-07-06 17:03:06] "GET /org/openbmc/control/flash/bios HTTP/1.1" 200 396 0.066561
Jul 06 17:03:16 witherspoon phosphor-gevent[1024]: ::80c9:6476:8e91:f402%1995426588 - - [2017-07-06 17:03:16] "POST /login HTTP/1.1" 200 320 0.032937
Jul 06 17:03:17 witherspoon phosphor-gevent[1024]: ::80c9:6476:8e91:f402%1995426588 - - [2017-07-06 17:03:17] "GET /org/openbmc/control/flash/bios HTTP/1.1" 200 396 0.425798
Jul 06 17:03:27 witherspoon phosphor-gevent[1024]: ::80c9:6476:8e91:f402%1995426588 - - [2017-07-06 17:03:27] "POST /login HTTP/1.1" 200 320 0.038070
Jul 06 17:03:27 witherspoon phosphor-gevent[1024]: ::80c9:6476:8e91:f402%1995426588 - - [2017-07-06 17:03:27] "GET /org/openbmc/control/flash/bios HTTP/1.1" 200 396 0.153427
Jul 06 17:03:38 witherspoon phosphor-gevent[1024]: ::80c9:6476:8e91:f402%1995426588 - - [2017-07-06 17:03:38] "POST /login HTTP/1.1" 200 320 0.032520
Jul 06 17:03:38 witherspoon phosphor-gevent[1024]: ::80c9:6476:8e91:f402%1995426588 - - [2017-07-06 17:03:38] "GET /org/openbmc/control/flash/bios HTTP/1.1" 200 396 0.428450
Jul 06 17:03:49 witherspoon phosphor-gevent[1024]: ::80c9:6476:8e91:f402%1995426588 - - [2017-07-06 17:03:49] "POST /login HTTP/1.1" 200 320 0.044467
Jul 06 17:03:49 witherspoon phosphor-gevent[1024]: ::80c9:6476:8e91:f402%1995426588 - - [2017-07-06 17:03:49] "GET /org/openbmc/control/flash/bios HTTP/1.1" 200 396 0.067163
Jul 06 17:04:00 witherspoon phosphor-gevent[1024]: ::80c9:6476:8e91:f402%1995426588 - - [2017-07-06 17:04:00] "POST /login HTTP/1.1" 200 320 0.033302
Jul 06 17:04:00 witherspoon phosphor-gevent[1024]: ::80c9:6476:8e91:f402%1995426588 - - [2017-07-06 17:04:00] "GET /org/openbmc/control/flash/bios HTTP/1.1" 200 396 0.067388
Jul 06 17:04:10 witherspoon phosphor-gevent[1024]: ::80c9:6476:8e91:f402%1995426588 - - [2017-07-06 17:04:10] "POST /login HTTP/1.1" 200 320 0.032865
Jul 06 17:04:10 witherspoon phosphor-gevent[1024]: ::80c9:6476:8e91:f402%1995426588 - - [2017-07-06 17:04:10] "GET /org/openbmc/control/flash/bios HTTP/1.1" 200 396 0.068938
Jul 06 17:04:20 witherspoon phosphor-gevent[1024]: ::80c9:6476:8e91:f402%1995426588 - - [2017-07-06 17:04:20] "POST /login HTTP/1.1" 200 320 0.038968
Jul 06 17:04:20 witherspoon phosphor-gevent[1024]: ::80c9:6476:8e91:f402%1995426588 - - [2017-07-06 17:04:20] "GET /org/openbmc/control/flash/bios HTTP/1.1" 200 396 0.066777
Jul 06 17:04:30 witherspoon phosphor-gevent[1024]: ::80c9:6476:8e91:f402%1995426588 - - [2017-07-06 17:04:30] "POST /login HTTP/1.1" 200 320 0.032657
Jul 06 17:04:31 witherspoon phosphor-gevent[1024]: ::80c9:6476:8e91:f402%1995426588 - - [2017-07-06 17:04:31] "GET /org/openbmc/control/flash/bios HTTP/1.1" 200 396 0.069521
Jul 06 17:04:41 witherspoon phosphor-gevent[1024]: ::80c9:6476:8e91:f402%1995426588 - - [2017-07-06 17:04:41] "POST /login HTTP/1.1" 200 320 0.033331
Jul 06 17:04:41 witherspoon phosphor-gevent[1024]: ::80c9:6476:8e91:f402%1995426588 - - [2017-07-06 17:04:41] "GET /org/openbmc/control/flash/bios HTTP/1.1" 200 396 0.284071
Jul 06 17:04:52 witherspoon phosphor-gevent[1024]: ::80c9:6476:8e91:f402%1995426588 - - [2017-07-06 17:04:52] "POST /login HTTP/1.1" 200 320 0.091253
Jul 06 17:04:52 witherspoon phosphor-gevent[1024]: ::80c9:6476:8e91:f402%1995426588 - - [2017-07-06 17:04:52] "GET /org/openbmc/control/flash/bios HTTP/1.1" 200 396 0.067467
Jul 06 17:05:02 witherspoon phosphor-gevent[1024]: ::80c9:6476:8e91:f402%1995426588 - - [2017-07-06 17:05:02] "POST /login HTTP/1.1" 200 320 0.033031
Jul 06 17:05:02 witherspoon phosphor-gevent[1024]: ::80c9:6476:8e91:f402%1995426588 - - [2017-07-06 17:05:02] "GET /org/openbmc/control/flash/bios HTTP/1.1" 200 400 0.067187
Jul 06 17:05:13 witherspoon phosphor-gevent[1024]: ::80c9:6476:8e91:f402%1995426588 - - [2017-07-06 17:05:13] "POST /login HTTP/1.1" 200 320 0.039655
Jul 06 17:05:13 witherspoon phosphor-gevent[1024]: ::80c9:6476:8e91:f402%1995426588 - - [2017-07-06 17:05:13] "GET /org/openbmc/control/flash/bios HTTP/1.1" 200 401 0.071975
Jul 06 17:05:23 witherspoon phosphor-gevent[1024]: ::80c9:6476:8e91:f402%1995426588 - - [2017-07-06 17:05:23] "POST /login HTTP/1.1" 200 320 0.033105
Jul 06 17:05:23 witherspoon phosphor-gevent[1024]: ::80c9:6476:8e91:f402%1995426588 - - [2017-07-06 17:05:23] "GET /org/openbmc/control/flash/bios HTTP/1.1" 200 401 0.068066
Jul 06 17:05:34 witherspoon phosphor-gevent[1024]: ::80c9:6476:8e91:f402%1995426588 - - [2017-07-06 17:05:34] "POST /login HTTP/1.1" 200 320 0.101800
Jul 06 17:05:34 witherspoon phosphor-gevent[1024]: ::80c9:6476:8e91:f402%1995426588 - - [2017-07-06 17:05:34] "GET /org/openbmc/control/flash/bios HTTP/1.1" 200 401 0.067289
Jul 06 17:05:44 witherspoon phosphor-gevent[1024]: ::80c9:6476:8e91:f402%1995426588 - - [2017-07-06 17:05:44] "POST /login HTTP/1.1" 200 320 0.033315
Jul 06 17:05:44 witherspoon phosphor-gevent[1024]: ::80c9:6476:8e91:f402%1995426588 - - [2017-07-06 17:05:44] "GET /org/openbmc/control/flash/bios HTTP/1.1" 200 401 0.067697
Jul 06 17:05:54 witherspoon phosphor-gevent[1024]: ::80c9:6476:8e91:f402%1995426588 - - [2017-07-06 17:05:54] "POST /login HTTP/1.1" 200 320 0.033393
Jul 06 17:05:55 witherspoon phosphor-gevent[1024]: ::80c9:6476:8e91:f402%1995426588 - - [2017-07-06 17:05:55] "GET /org/openbmc/control/flash/bios HTTP/1.1" 200 401 0.067100
Jul 06 17:06:00 witherspoon flash_bios.exe[1028]: Erasing... (may take a while !) done !
Jul 06 17:06:00 witherspoon flash_bios.exe[1028]: About to program "/tmp/witherspoon_20170628n.pnor" at 0x00000000..0x04000000 !
Jul 06 17:06:00 witherspoon flash_bios.exe[1028]: Programming & Verifying...
Jul 06 17:06:00 witherspoon flash_bios.exe[1028]: Flash done
Jul 06 17:06:05 witherspoon phosphor-gevent[1024]: ::80c9:6476:8e91:f402%1995426588 - - [2017-07-06 17:06:05] "POST /login HTTP/1.1" 200 320 0.057262
Jul 06 17:06:05 witherspoon phosphor-gevent[1024]: ::80c9:6476:8e91:f402%1995426588 - - [2017-07-06 17:06:05] "GET /org/openbmc/control/flash/bios HTTP/1.1" 200 398 0.095057
Jul 06 17:06:05 witherspoon dropbear[1136]: Failed loading /etc/dropbear/dropbear_dss_host_key
Jul 06 17:06:05 witherspoon dropbear[1136]: Failed loading /etc/dropbear/dropbear_ecdsa_host_key
Jul 06 17:06:05 witherspoon dropbear[1136]: Child connection from ::ffff:9.41.165.94:36502
Jul 06 17:06:05 witherspoon systemd[1]: Started SSH Per-Connection Server (9.41.165.94:36502).
Jul 06 17:06:06 witherspoon dropbear[1136]: PAM password auth succeeded for 'root' from ::ffff:9.41.165.94:36502
Jul 06 17:06:06 witherspoon dropbear[1137]: lastlog_perform_login: Couldn't stat /var/log/lastlog: No such file or directory
Jul 06 17:06:06 witherspoon dropbear[1137]: lastlog_openseek: /var/log/lastlog is not a file or directory!
Jul 06 17:06:07 witherspoon phosphor-gevent[1024]: ::80c9:6476:8e91:f402%1995426588 - - [2017-07-06 17:06:07] "POST /login HTTP/1.1" 200 320 0.036540
Jul 06 17:06:07 witherspoon phosphor-gevent[1024]: ::80c9:6476:8e91:f402%1995426588 - - [2017-07-06 17:06:07] "GET /xyz/openbmc_project/state/host0//attr/CurrentHostState HTTP/1.1" 200 212 0.062193
Jul 06 17:06:07 witherspoon systemd[1]: Created slice system-obmc\x2dconsole\x2dssh.slice.
Jul 06 17:06:07 witherspoon systemd[1]: Started Phosphor Host Console SSH Per-Connection (9.41.165.94:53288).
Jul 06 17:06:07 witherspoon dropbear[1141]: Failed loading /etc/dropbear/dropbear_dss_host_key
Jul 06 17:06:07 witherspoon dropbear[1141]: Failed loading /etc/dropbear/dropbear_ecdsa_host_key
Jul 06 17:06:07 witherspoon dropbear[1141]: Child connection from ::ffff:9.41.165.94:53288
Jul 06 17:06:08 witherspoon phosphor-gevent[1024]: ::80c9:6476:8e91:f402%1995426588 - - [2017-07-06 17:06:08] "POST /login HTTP/1.1" 200 320 0.133537
Jul 06 17:06:08 witherspoon dropbear[1141]: PAM password auth succeeded for 'root' from ::ffff:9.41.165.94:53288
Jul 06 17:06:08 witherspoon dropbear[1142]: lastlog_perform_login: Couldn't stat /var/log/lastlog: No such file or directory
Jul 06 17:06:08 witherspoon dropbear[1142]: lastlog_openseek: /var/log/lastlog is not a file or directory!
Jul 06 17:06:08 witherspoon phosphor-gevent[1024]: ::80c9:6476:8e91:f402%1995426588 - - [2017-07-06 17:06:08] "PUT /org/openbmc/settings/host0/attr/power_policy HTTP/1.1" 200 169 0.254342
Jul 06 17:06:09 witherspoon phosphor-gevent[1024]: ::80c9:6476:8e91:f402%1995426588 - - [2017-07-06 17:06:09] "POST /login HTTP/1.1" 200 320 0.033583
Jul 06 17:06:09 witherspoon phosphor-gevent[1024]: ::80c9:6476:8e91:f402%1995426588 - - [2017-07-06 17:06:09] "GET /org/openbmc/settings/host0/attr/power_policy HTTP/1.1" 200 185 0.101575
Jul 06 17:06:09 witherspoon systemd[1]: Started SSH Per-Connection Server (9.41.165.94:36512).
Jul 06 17:06:09 witherspoon dropbear[1143]: Failed loading /etc/dropbear/dropbear_dss_host_key
Jul 06 17:06:09 witherspoon dropbear[1143]: Failed loading /etc/dropbear/dropbear_ecdsa_host_key
Jul 06 17:06:09 witherspoon dropbear[1143]: Child connection from ::ffff:9.41.165.94:36512
Jul 06 17:06:09 witherspoon dropbear[1143]: PAM password auth succeeded for 'root' from ::ffff:9.41.165.94:36512
Jul 06 17:06:10 witherspoon dropbear[1144]: lastlog_perform_login: Couldn't stat /var/log/lastlog: No such file or directory
Jul 06 17:06:10 witherspoon dropbear[1144]: lastlog_openseek: /var/log/lastlog is not a file or directory!
