-- Logs begin at Fri 2017-09-15 22:21:10 UTC, end at Fri 2017-09-15 22:34:53 UTC. --
Sep 15 22:21:10 witherspoon kernel: Booting Linux on physical CPU 0x0
Sep 15 22:21:10 witherspoon kernel: Linux version 4.10.17-c4227b43277bbd0992d10d764d4958239786503d (jenkins@openbmc-builder1) (gcc version 6.2.0 (GCC) ) #1 Fri Sep 15 21:19:45 UTC 2017
Sep 15 22:21:10 witherspoon kernel: CPU: ARMv6-compatible processor [410fb767] revision 7 (ARMv7), cr=00c5387d
Sep 15 22:21:10 witherspoon kernel: CPU: PIPT / VIPT nonaliasing data cache, VIPT nonaliasing instruction cache
Sep 15 22:21:10 witherspoon kernel: OF: fdt:Machine model: Witherspoon BMC
Sep 15 22:21:10 witherspoon kernel: Memory policy: Data cache writeback
Sep 15 22:21:10 witherspoon kernel: SOC Rev: 04030303
Sep 15 22:21:10 witherspoon kernel: On node 0 totalpages: 110592
Sep 15 22:21:10 witherspoon kernel: free_area_init_node: node 0, pgdat 806038a4, node_mem_map 9ec1a000
Sep 15 22:21:10 witherspoon kernel:   Normal zone: 992 pages used for memmap
Sep 15 22:21:10 witherspoon kernel:   Normal zone: 0 pages reserved
Sep 15 22:21:10 witherspoon kernel:   Normal zone: 110592 pages, LIFO batch:31
Sep 15 22:21:10 witherspoon kernel: pcpu-alloc: s0 r0 d32768 u32768 alloc=1*32768
Sep 15 22:21:10 witherspoon kernel: pcpu-alloc: [0] 0 
Sep 15 22:21:10 witherspoon kernel: Built 1 zonelists in Zone order, mobility grouping on.  Total pages: 109600
Sep 15 22:21:10 witherspoon kernel: Kernel command line: console=ttyS4,115200n8 root=/dev/ram rw
Sep 15 22:21:10 witherspoon kernel: PID hash table entries: 2048 (order: 1, 8192 bytes)
Sep 15 22:21:10 witherspoon kernel: Dentry cache hash table entries: 65536 (order: 6, 262144 bytes)
Sep 15 22:21:10 witherspoon kernel: Inode-cache hash table entries: 32768 (order: 5, 131072 bytes)
Sep 15 22:21:10 witherspoon kernel: Memory: 430408K/442368K available (4077K kernel code, 281K rwdata, 1196K rodata, 284K init, 111K bss, 11960K reserved, 0K cma-reserved)
Sep 15 22:21:10 witherspoon kernel: Virtual kernel memory layout:
                                        vector  : 0xffff0000 - 0xffff1000   (   4 kB)
                                        fixmap  : 0xffc00000 - 0xfff00000   (3072 kB)
                                        vmalloc : 0x9f800000 - 0xff800000   (1536 MB)
                                        lowmem  : 0x80000000 - 0x9f000000   ( 496 MB)
                                          .text : 0x80008000 - 0x804036e0   (4078 kB)
                                          .init : 0x80589000 - 0x805d0000   ( 284 kB)
                                          .data : 0x805d0000 - 0x806167a8   ( 282 kB)
                                           .bss : 0x806167a8 - 0x80632678   ( 112 kB)
Sep 15 22:21:10 witherspoon kernel: NR_IRQS:16 nr_irqs:16 16
Sep 15 22:21:10 witherspoon kernel: i2c controller registered, irq 16
Sep 15 22:21:10 witherspoon kernel: clocksource: moxart_timer: mask: 0xffffffff max_cycles: 0xffffffff, max_idle_ns: 77222644334 ns
Sep 15 22:21:10 witherspoon kernel: sched_clock: 32 bits at 100 Hz, resolution 10000000ns, wraps every 21474836475000000ns
Sep 15 22:21:10 witherspoon kernel: Calibrating delay loop... 789.70 BogoMIPS (lpj=3948544)
Sep 15 22:21:10 witherspoon kernel: pid_max: default: 32768 minimum: 301
Sep 15 22:21:10 witherspoon kernel: Mount-cache hash table entries: 1024 (order: 0, 4096 bytes)
Sep 15 22:21:10 witherspoon kernel: Mountpoint-cache hash table entries: 1024 (order: 0, 4096 bytes)
Sep 15 22:21:10 witherspoon kernel: CPU: Testing write buffer coherency: ok
Sep 15 22:21:10 witherspoon kernel: ftrace: allocating 14991 entries in 44 pages
Sep 15 22:21:10 witherspoon kernel: Setting up static identity map for 0x80008200 - 0x8000825c
Sep 15 22:21:10 witherspoon kernel: devtmpfs: initialized
Sep 15 22:21:10 witherspoon kernel: clocksource: jiffies: mask: 0xffffffff max_cycles: 0xffffffff, max_idle_ns: 19112604462750000 ns
Sep 15 22:21:10 witherspoon kernel: futex hash table entries: 256 (order: -1, 3072 bytes)
Sep 15 22:21:10 witherspoon kernel: pinctrl core: initialized pinctrl subsystem
Sep 15 22:21:10 witherspoon kernel: NET: Registered protocol family 16
Sep 15 22:21:10 witherspoon kernel: DMA: preallocated 256 KiB pool for atomic coherent allocations
Sep 15 22:21:10 witherspoon kernel: usbcore: registered new interface driver usbfs
Sep 15 22:21:10 witherspoon kernel: usbcore: registered new interface driver hub
Sep 15 22:21:10 witherspoon kernel: usbcore: registered new device driver usb
Sep 15 22:21:10 witherspoon kernel: clocksource: Switched to clocksource moxart_timer
Sep 15 22:21:10 witherspoon kernel: NET: Registered protocol family 2
Sep 15 22:21:10 witherspoon kernel: TCP established hash table entries: 4096 (order: 2, 16384 bytes)
Sep 15 22:21:10 witherspoon kernel: TCP bind hash table entries: 4096 (order: 2, 16384 bytes)
Sep 15 22:21:10 witherspoon kernel: TCP: Hash tables configured (established 4096 bind 4096)
Sep 15 22:21:10 witherspoon kernel: UDP hash table entries: 256 (order: 0, 4096 bytes)
Sep 15 22:21:10 witherspoon kernel: UDP-Lite hash table entries: 256 (order: 0, 4096 bytes)
Sep 15 22:21:10 witherspoon kernel: NET: Registered protocol family 1
Sep 15 22:21:10 witherspoon kernel: Trying to unpack rootfs image as initramfs...
Sep 15 22:21:10 witherspoon kernel: Freeing initrd memory: 1548K
Sep 15 22:21:10 witherspoon kernel: workingset: timestamp_bits=30 max_order=17 bucket_order=0
Sep 15 22:21:10 witherspoon kernel: squashfs: version 4.0 (2009/01/31) Phillip Lougher
Sep 15 22:21:10 witherspoon kernel: jffs2: version 2.2. (SUMMARY)  © 2001-2006 Red Hat, Inc.
Sep 15 22:21:10 witherspoon kernel: Block layer SCSI generic (bsg) driver version 0.4 loaded (major 250)
Sep 15 22:21:10 witherspoon kernel: io scheduler noop registered
Sep 15 22:21:10 witherspoon kernel: io scheduler deadline registered
Sep 15 22:21:10 witherspoon kernel: io scheduler cfq registered (default)
Sep 15 22:21:10 witherspoon kernel: ipmi-bt-host 1e789140.ibt: Found bt bmc device
Sep 15 22:21:10 witherspoon kernel: ipmi-bt-host 1e789140.ibt: Using IRQ 22
Sep 15 22:21:10 witherspoon kernel: Serial: 8250/16550 driver, 6 ports, IRQ sharing enabled
Sep 15 22:21:10 witherspoon kernel: 1e787000.vuart: ttyS5 at MMIO 0x1e787000 (irq = 22, base_baud = 1500000) is a 16550A
Sep 15 22:21:10 witherspoon kernel: 1e783000.serial: ttyS0 at MMIO 0x1e783000 (irq = 23, base_baud = 1500000) is a 16550A
Sep 15 22:21:10 witherspoon kernel: 1e78d000.serial: ttyS1 at MMIO 0x1e78d000 (irq = 24, base_baud = 1500000) is a 16550A
Sep 15 22:21:10 witherspoon kernel: 1e784000.serial: ttyS4 at MMIO 0x1e784000 (irq = 25, base_baud = 1500000) is a 16550A
Sep 15 22:21:10 witherspoon kernel: console [ttyS4] enabled
Sep 15 22:21:10 witherspoon kernel: timeriomem_rng 1e6e2078.hwrng: 32bits from 0xf00e2078 @ 1us
Sep 15 22:21:10 witherspoon kernel: random: fast init done
Sep 15 22:21:10 witherspoon kernel: random: crng init done
Sep 15 22:21:10 witherspoon kernel: brd: module loaded
Sep 15 22:21:10 witherspoon kernel: loop: module loaded
Sep 15 22:21:10 witherspoon kernel: aspeed-lpc-ctrl 1e789080.lpc-ctrl: Loaded at 0x98000000 (0x04000000)
Sep 15 22:21:10 witherspoon kernel: aspeed-smc 1e620000.flash-controller: Using IRQ 18
Sep 15 22:21:10 witherspoon kernel: aspeed-smc 1e620000.flash-controller: DMA support disabled.
Sep 15 22:21:10 witherspoon kernel: aspeed-smc 1e620000.flash-controller: mx25l25635e (32768 Kbytes)
Sep 15 22:21:10 witherspoon kernel: aspeed-smc 1e620000.flash-controller: CE0 window [ 0x20000000 - 0x22000000 ] 32MB
Sep 15 22:21:10 witherspoon kernel: aspeed-smc 1e620000.flash-controller: CE1 window [ 0x22000000 - 0x2a000000 ] 128MB
Sep 15 22:21:10 witherspoon kernel: 5 ofpart partitions found on MTD device bmc
Sep 15 22:21:10 witherspoon kernel: Creating 5 MTD partitions on "bmc":
Sep 15 22:21:10 witherspoon kernel: 0x000000000000-0x000000060000 : "u-boot"
Sep 15 22:21:10 witherspoon kernel: 0x000000060000-0x000000080000 : "u-boot-env"
Sep 15 22:21:10 witherspoon kernel: 0x000000080000-0x0000004c0000 : "kernel"
Sep 15 22:21:10 witherspoon kernel: 0x0000004c0000-0x000001c00000 : "rofs"
Sep 15 22:21:10 witherspoon kernel: 0x000001c00000-0x000002000000 : "rwfs"
Sep 15 22:21:10 witherspoon kernel: aspeed-smc 1e620000.flash-controller: mx25l25635e (32768 Kbytes)
Sep 15 22:21:10 witherspoon kernel: aspeed-smc 1e620000.flash-controller: CE1 window [ 0x22000000 - 0x24000000 ] 32MB
Sep 15 22:21:10 witherspoon kernel: aspeed-smc 1e620000.flash-controller: CE2 window [ 0x24000000 - 0x2c000000 ] 128MB
Sep 15 22:21:10 witherspoon kernel: aspeed-smc 1e630000.flash-controller: mx66l1g45g (131072 Kbytes)
Sep 15 22:21:10 witherspoon kernel: aspeed-smc 1e630000.flash-controller: CE0 window resized to 120MB (AST2500 HW quirk)
Sep 15 22:21:10 witherspoon kernel: aspeed-smc 1e630000.flash-controller: CE0 window [ 0x30000000 - 0x37800000 ] 120MB
Sep 15 22:21:10 witherspoon kernel: aspeed-smc 1e630000.flash-controller: CE0 window too small for chip 128MB
Sep 15 22:21:10 witherspoon kernel: aspeed-smc 1e630000.flash-controller: CE1 window [ 0x37800000 - 0x38000000 ] 8MB
Sep 15 22:21:10 witherspoon kernel: libphy: Fixed MDIO Bus: probed
Sep 15 22:21:10 witherspoon kernel: ftgmac100 1e660000.ethernet: Read MAC address 70:e2:84:14:28:a9 from chip
Sep 15 22:21:10 witherspoon kernel: ftgmac100 1e660000.ethernet: Using NCSI interface
Sep 15 22:21:10 witherspoon kernel: ftgmac100 1e660000.ethernet eth0: irq 20, mapped at f0060000
Sep 15 22:21:10 witherspoon kernel: ehci_hcd: USB 2.0 'Enhanced' Host Controller (EHCI) Driver
Sep 15 22:21:10 witherspoon kernel: ehci-platform: EHCI generic platform driver
Sep 15 22:21:10 witherspoon kernel: i2c /dev entries driver
Sep 15 22:21:10 witherspoon kernel: aspeed-i2c-bus 1e78a0c0.i2c-bus: i2c bus 2 registered, irq 26
Sep 15 22:21:10 witherspoon kernel: aspeed-i2c-bus 1e78a100.i2c-bus: i2c bus 3 registered, irq 27
Sep 15 22:21:10 witherspoon kernel: aspeed-i2c-bus 1e78a140.i2c-bus: i2c bus 4 registered, irq 28
Sep 15 22:21:10 witherspoon kernel: aspeed-i2c-bus 1e78a180.i2c-bus: i2c bus 5 registered, irq 29
Sep 15 22:21:10 witherspoon kernel: aspeed-i2c-bus 1e78a380.i2c-bus: i2c bus 9 registered, irq 30
Sep 15 22:21:10 witherspoon kernel: aspeed-i2c-bus 1e78a3c0.i2c-bus: i2c bus 10 registered, irq 31
Sep 15 22:21:10 witherspoon kernel: rtc-rv8803 11-0032: Voltage low, temperature compensation stopped.
Sep 15 22:21:10 witherspoon kernel: rtc-rv8803 11-0032: rtc core: registered rx8900 as rtc0
Sep 15 22:21:10 witherspoon kernel: at24 11-0051: 8192 byte 24c64 EEPROM, writable, 1 bytes/write
Sep 15 22:21:10 witherspoon kernel: aspeed-i2c-bus 1e78a400.i2c-bus: i2c bus 11 registered, irq 32
Sep 15 22:21:10 witherspoon kernel: aspeed-i2c-bus 1e78a440.i2c-bus: i2c bus 12 registered, irq 33
Sep 15 22:21:10 witherspoon kernel: aspeed-i2c-bus 1e78a480.i2c-bus: i2c bus 13 registered, irq 34
Sep 15 22:21:10 witherspoon kernel: Driver for 1-wire Dallas network protocol.
Sep 15 22:21:10 witherspoon kernel: lm75 9-004a: hwmon0: sensor 'tmp275'
Sep 15 22:21:10 witherspoon kernel: ucd9000 11-0064: Device ID UCD90160|2.3.4.0000|110603
Sep 15 22:21:10 witherspoon kernel: leds-pca955x 3-0060: leds-pca955x: Using pca9552 16-bit LED driver at slave address 0x60
Sep 15 22:21:10 witherspoon kernel: leds-pca955x 3-0060: gpios 238...253
Sep 15 22:21:10 witherspoon kernel: leds-pca955x 11-0060: leds-pca955x: Using pca9552 16-bit LED driver at slave address 0x60
Sep 15 22:21:10 witherspoon kernel: leds-pca955x 11-0060: gpios 222...237
Sep 15 22:21:10 witherspoon kernel: usbcore: registered new interface driver usbhid
Sep 15 22:21:10 witherspoon kernel: usbhid: USB HID core driver
Sep 15 22:21:10 witherspoon kernel: dps310 3-0076: iio:device1: sensor 'dps310'
Sep 15 22:21:10 witherspoon kernel: NET: Registered protocol family 10
Sep 15 22:21:10 witherspoon kernel: Segment Routing with IPv6
Sep 15 22:21:10 witherspoon kernel: NET: Registered protocol family 17
Sep 15 22:21:10 witherspoon kernel: 8021q: 802.1Q VLAN Support v1.8
Sep 15 22:21:10 witherspoon kernel: input: gpio-keys-polled as /devices/platform/gpio-keys-polled/input/input1
Sep 15 22:21:10 witherspoon kernel: console [netcon0] enabled
Sep 15 22:21:10 witherspoon kernel: netconsole: network logging started
Sep 15 22:21:10 witherspoon kernel: input: gpio-keys as /devices/platform/gpio-keys/input/input2
Sep 15 22:21:10 witherspoon kernel: rtc-rv8803 11-0032: setting system clock to 2017-09-15 22:21:02 UTC (1505514062)
Sep 15 22:21:10 witherspoon kernel: Freeing unused kernel memory: 284K
Sep 15 22:21:10 witherspoon kernel: This architecture does not have kernel memory protection.
Sep 15 22:21:10 witherspoon kernel: jffs2: notice: (542) jffs2_build_xattr_subsystem: complete building xattr subsystem, 0 of xdatum (0 unchecked, 0 orphan) and 0 of xref (0 dead, 0 orphan) found.
Sep 15 22:21:10 witherspoon systemd[1]: Failed to insert module 'autofs4': No such file or directory
Sep 15 22:21:10 witherspoon systemd[1]: systemd 232 running in system mode. (+PAM -AUDIT -SELINUX -IMA -APPARMOR -SMACK +SYSVINIT -UTMP -LIBCRYPTSETUP -GCRYPT -GNUTLS +ACL +XZ -LZ4 -SECCOMP +BLKID -ELFUTILS +KMOD -IDN)
Sep 15 22:21:10 witherspoon systemd[1]: Detected architecture arm.
Sep 15 22:21:10 witherspoon systemd[1]: Set hostname to <witherspoon>.
Sep 15 22:21:10 witherspoon systemd[1]: Reached target Swap.
Sep 15 22:21:10 witherspoon systemd[1]: Reached target Remote File Systems.
Sep 15 22:21:10 witherspoon systemd[1]: Started Forward Password Requests to Wall Directory Watch.
Sep 15 22:21:10 witherspoon systemd[1]: Listening on udev Control Socket.
Sep 15 22:21:10 witherspoon systemd[1]: Listening on Network Service Netlink Socket.
Sep 15 22:21:10 witherspoon systemd[1]: Created slice System Slice.
Sep 15 22:21:10 witherspoon systemd[1]: dev-hugepages.mount: Couldn't determine result for ConditionVirtualization=!private-users, assuming failed: No such file or directory
Sep 15 22:21:10 witherspoon systemd-journald[564]: Journal started
Sep 15 22:21:10 witherspoon systemd-journald[564]: Runtime journal (/run/log/journal/12c6a00ebfdd479284cf09f39d1bc042) is 0B, max 0B, 0B free.
Sep 15 22:21:10 witherspoon systemd-sysctl[566]: Couldn't write '16' to 'kernel/sysrq', ignoring: No such file or directory
Sep 15 22:21:10 witherspoon systemd-sysctl[566]: Couldn't write 'fq_codel' to 'net/core/default_qdisc', ignoring: No such file or directory
Sep 15 22:21:10 witherspoon systemd[1]: Starting Flush Journal to Persistent Storage...
Sep 15 22:21:10 witherspoon systemd-journald[564]: Runtime journal (/run/log/journal/12c6a00ebfdd479284cf09f39d1bc042) is 0B, max 0B, 0B free.
Sep 15 22:21:11 witherspoon systemd[1]: Started Flush Journal to Persistent Storage.
Sep 15 22:21:11 witherspoon systemd[1]: Started Create System Users.
Sep 15 22:21:11 witherspoon systemd[1]: Starting Create Static Device Nodes in /dev...
Sep 15 22:21:11 witherspoon systemd[1]: Started Create Static Device Nodes in /dev.
Sep 15 22:21:11 witherspoon systemd[1]: Starting udev Kernel Device Manager...
Sep 15 22:21:11 witherspoon systemd[1]: Reached target Local File Systems (Pre).
Sep 15 22:21:11 witherspoon systemd[1]: Mounting /usr/local...
Sep 15 22:21:11 witherspoon systemd[1]: Mounting /var/volatile...
Sep 15 22:21:11 witherspoon systemd[1]: Mounted /var/volatile.
Sep 15 22:21:11 witherspoon systemd[1]: Starting Load/Save Random Seed...
Sep 15 22:21:11 witherspoon systemd[1]: Reached target Local File Systems.
Sep 15 22:21:11 witherspoon systemd[1]: Starting Create Volatile Files and Directories...
Sep 15 22:21:11 witherspoon systemd[1]: Starting Rebuild Journal Catalog...
Sep 15 22:21:11 witherspoon systemd[1]: Mounted /usr/local.
Sep 15 22:21:11 witherspoon systemd[1]: Started Load/Save Random Seed.
Sep 15 22:21:12 witherspoon systemd[1]: Started udev Coldplug all Devices.
Sep 15 22:21:12 witherspoon systemd-tmpfiles[691]: "/var/tmp" already exists and is not a directory.
Sep 15 22:21:12 witherspoon systemd-tmpfiles[691]: "/var/log" already exists and is not a directory.
Sep 15 22:21:12 witherspoon systemd[1]: Started Create Volatile Files and Directories.
Sep 15 22:21:12 witherspoon systemd[1]: Started Rebuild Journal Catalog.
Sep 15 22:21:12 witherspoon systemd[1]: Starting Update is Completed...
Sep 15 22:21:12 witherspoon systemd[1]: Starting Network Time Synchronization...
Sep 15 22:21:13 witherspoon systemd[1]: Started Update is Completed.
Sep 15 22:21:13 witherspoon systemd[1]: Started udev Kernel Device Manager.
Sep 15 22:21:14 witherspoon systemd[1]: Found device /dev/aspeed-lpc-ctrl.
Sep 15 22:21:14 witherspoon systemd[1]: Found device /dev/aspeed-mbox.
Sep 15 22:21:14 witherspoon systemd[1]: Created slice system-xyz.openbmc_project.Hwmon.slice.
Sep 15 22:21:14 witherspoon systemd[1]: dev-hugepages.mount: Couldn't determine result for ConditionVirtualization=!private-users, assuming failed: No such file or directory
Sep 15 22:21:14 witherspoon systemd[1]: Found device /dev/ttyS4.
Sep 15 22:21:14 witherspoon systemd[1]: Found device /dev/ttyVUART0.
Sep 15 22:21:16 witherspoon systemd[1]: Started Network Time Synchronization.
Sep 15 22:21:16 witherspoon systemd[1]: Created slice system-xyz.openbmc_project.led.controller.slice.
Sep 15 22:21:16 witherspoon systemd[1]: dev-hugepages.mount: Couldn't determine result for ConditionVirtualization=!private-users, assuming failed: No such file or directory
Sep 15 22:21:16 witherspoon systemd[1]: Reached target System Time Synchronized.
Sep 15 22:21:16 witherspoon systemd[1]: Reached target System Initialization.
Sep 15 22:21:16 witherspoon systemd[1]: Listening on Phosphor Host Console SSH Per-Connection socket.
Sep 15 22:21:17 witherspoon systemd[1]: Listening on phosphor-ipmi-net.socket.
Sep 15 22:21:17 witherspoon systemd[1]: Listening on Phosphor DBUS Browser socket.
Sep 15 22:21:17 witherspoon systemd[1]: Listening on Avahi mDNS/DNS-SD Stack Activation Socket.
Sep 15 22:21:17 witherspoon systemd[1]: Listening on dropbear.socket.
Sep 15 22:21:17 witherspoon systemd[1]: Started Daily Cleanup of Temporary Directories.
Sep 15 22:21:18 witherspoon systemd[1]: Reached target Timers.
Sep 15 22:21:18 witherspoon systemd[1]: Listening on D-Bus System Message Bus Socket.
Sep 15 22:21:18 witherspoon systemd[1]: Listening on Phosphor Webserver socket.
Sep 15 22:21:18 witherspoon systemd[1]: Reached target Sockets.
Sep 15 22:21:18 witherspoon systemd[1]: Reached target Basic System.
Sep 15 22:21:18 witherspoon systemd[1]: Started Phosphor sysfs LED controller.
Sep 15 22:21:18 witherspoon systemd[1]: Starting Phosphor IPMI BT DBus Bridge...
Sep 15 22:21:18 witherspoon systemd[1]: Started Phosphor sysfs LED controller.
Sep 15 22:21:19 witherspoon systemd[1]: Starting Phosphor Network Manager...
Sep 15 22:21:19 witherspoon systemd[1]: Reached target Containers.
Sep 15 22:21:19 witherspoon systemd[1]: Starting Phosphor Log Manager...
Sep 15 22:21:19 witherspoon systemd[1]: Started System Logging Service.
Sep 15 22:21:19 witherspoon systemd[1]: Starting Avahi mDNS/DNS-SD Stack...
Sep 15 22:21:19 witherspoon systemd[1]: Started D-Bus System Message Bus.
Sep 15 22:21:20 witherspoon avahi-daemon[963]: Found user 'avahi' (UID 999) and group 'avahi' (GID 999).
Sep 15 22:21:20 witherspoon avahi-daemon[963]: Successfully dropped root privileges.
Sep 15 22:21:20 witherspoon avahi-daemon[963]: avahi-daemon 0.6.32 starting up.
Sep 15 22:21:21 witherspoon systemd[1]: Started Avahi mDNS/DNS-SD Stack.
Sep 15 22:21:21 witherspoon systemd[1]: Started Phosphor IPMI BT DBus Bridge.
Sep 15 22:21:21 witherspoon systemd[1]: Starting Network Service...
Sep 15 22:21:21 witherspoon systemd[1]: Starting Phosphor Download Manager...
Sep 15 22:21:21 witherspoon systemd[1]: Starting Check PNOR UBI format...
Sep 15 22:21:21 witherspoon systemd[1]: Starting Phosphor DBus Service Discovery Manager...
Sep 15 22:21:21 witherspoon avahi-daemon[963]: Successfully called chroot().
Sep 15 22:21:21 witherspoon avahi-daemon[963]: Successfully dropped remaining capabilities.
Sep 15 22:21:21 witherspoon avahi-daemon[963]: Loading service file /services/obmc_console.service.
Sep 15 22:21:21 witherspoon avahi-daemon[963]: Loading service file /services/phosphor_rest.service.
Sep 15 22:21:21 witherspoon avahi-daemon[963]: Loading service file /services/sftp-ssh.service.
Sep 15 22:21:21 witherspoon avahi-daemon[963]: Loading service file /services/sftp.service.
Sep 15 22:21:21 witherspoon avahi-daemon[963]: Loading service file /services/ssh.service.
Sep 15 22:21:21 witherspoon avahi-daemon[963]: Network interface enumeration completed.
Sep 15 22:21:21 witherspoon avahi-daemon[963]: Server startup complete. Host name is witherspoon.local. Local service cookie is 3713159624.
Sep 15 22:21:21 witherspoon avahi-daemon[963]: Service "witherspoon" (/services/ssh.service) successfully established.
Sep 15 22:21:21 witherspoon avahi-daemon[963]: Service "sftp" (/services/sftp.service) successfully established.
Sep 15 22:21:21 witherspoon avahi-daemon[963]: Service "witherspoon" (/services/sftp-ssh.service) successfully established.
Sep 15 22:21:21 witherspoon avahi-daemon[963]: Service "phosphor_rest" (/services/phosphor_rest.service) successfully established.
Sep 15 22:21:21 witherspoon avahi-daemon[963]: Service "obmc_console" (/services/obmc_console.service) successfully established.
Sep 15 22:21:21 witherspoon systemd[1]: Starting Phosphor User Manager...
Sep 15 22:21:21 witherspoon systemd[1]: Started Phosphor sysfs LED controller.
Sep 15 22:21:22 witherspoon systemd[1]: Starting Phosphor Settings Daemon...
Sep 15 22:21:22 witherspoon systemd[1]: Starting Clear one time boot overrides...
Sep 15 22:21:22 witherspoon systemd[1]: Starting Phosphor Chassis0 Control...
Sep 15 22:21:22 witherspoon systemd[1]: Starting Remount the squashfs and ubi volumes after a reboot...
Sep 15 22:21:22 witherspoon systemd[1]: Starting Phosphor Inventory Manager...
Sep 15 22:21:22 witherspoon systemd[1]: Starting Phosphor Download Manager...
Sep 15 22:21:22 witherspoon systemd[1]: Started Phosphor sysfs LED controller.
Sep 15 22:21:22 witherspoon systemd[1]: Started Hardware RNG Entropy Gatherer Daemon.
Sep 15 22:21:23 witherspoon systemd[1]: Started Phosphor sysfs LED controller.
Sep 15 22:21:23 witherspoon systemd-networkd[966]: Could not create runtime directory: File exists
Sep 15 22:21:23 witherspoon systemd-networkd[966]: Could not create runtime directory 'links': File exists
Sep 15 22:21:23 witherspoon systemd-networkd[966]: Could not create runtime directory 'leases': File exists
Sep 15 22:21:23 witherspoon systemd[1]: Started Phosphor sysfs LED controller.
Sep 15 22:21:24 witherspoon systemd[1]: Started Phosphor sysfs LED controller.
Sep 15 22:21:24 witherspoon systemd[1]: Starting Phosphor LED Group Management Daemon...
Sep 15 22:21:24 witherspoon systemd[1]: Starting Phosphor BMC0 Control...
Sep 15 22:21:24 witherspoon systemd[1]: Starting Phosphor Inventory Manager...
Sep 15 22:21:24 witherspoon systemd[1]: Starting Phosphor Sensor Manager...
Sep 15 22:21:24 witherspoon systemd[1]: Starting Updates symlinks for active PNOR version...
Sep 15 22:21:29 witherspoon kernel: ubi7: default fastmap pool size: 100
Sep 15 22:21:29 witherspoon kernel: ubi7: default fastmap WL pool size: 50
Sep 15 22:21:29 witherspoon kernel: ubi7: attaching mtd7
Sep 15 22:21:29 witherspoon kernel: ubi7: scanning is finished
Sep 15 22:21:29 witherspoon kernel: ubi7: attached mtd7 (name "pnor", size 128 MiB)
Sep 15 22:21:29 witherspoon kernel: ubi7: PEB size: 65536 bytes (64 KiB), LEB size: 65408 bytes
Sep 15 22:21:29 witherspoon kernel: ubi7: min./max. I/O unit sizes: 1/256, sub-page size 1
Sep 15 22:21:29 witherspoon kernel: ubi7: VID header offset: 64 (aligned 64), data offset: 128
Sep 15 22:21:29 witherspoon kernel: ubi7: good PEBs: 2048, bad PEBs: 0, corrupted PEBs: 0
Sep 15 22:21:29 witherspoon kernel: ubi7: user volume: 4, internal volumes: 1, max. volumes count: 128
Sep 15 22:21:29 witherspoon kernel: ubi7: max/mean erase counter: 32/21, WL threshold: 4096, image sequence number: 1192395733
Sep 15 22:21:29 witherspoon kernel: ubi7: available PEBs: 1110, total reserved PEBs: 938, PEBs reserved for bad PEB handling: 0
Sep 15 22:21:29 witherspoon kernel: ubi7: background thread "ubi_bgt7d" started, PID 1013
Sep 15 22:21:29 witherspoon obmc-flash-bios[976]: UBI device number 7, total 2048 LEBs (133955584 bytes, 127.8 MiB), available 1110 LEBs (72602880 bytes, 69.2 MiB), LEB size 65408 bytes (63.9 KiB)
Sep 15 22:21:26 witherspoon kernel[999]: klogd started: BusyBox v1.24.1 (2017-06-16 19:29:08 UTC)
Sep 15 22:21:24 witherspoon systemd[1]: Started Kernel Logging Service.
Sep 15 22:21:26 witherspoon kernel[999]: [    0.000000] Booting Linux on physical CPU 0x0
Sep 15 22:21:24 witherspoon systemd[1]: Starting Phosphor Dump Manager...
Sep 15 22:21:31 witherspoon kernel: ubi0: default fastmap pool size: 25
Sep 15 22:21:31 witherspoon kernel: ubi0: default fastmap WL pool size: 12
Sep 15 22:21:31 witherspoon kernel: ubi0: attaching mtd0
Sep 15 22:21:31 witherspoon kernel: ubi0: scanning is finished
Sep 15 22:21:31 witherspoon kernel: ubi0 error: ubi_read_volume_table: the layout volume was not found
Sep 15 22:21:31 witherspoon kernel: ubi0 error: ubi_attach_mtd_dev: failed to attach mtd0, error -22
Sep 15 22:21:26 witherspoon kernel[999]: [    0.000000] Linux version 4.10.17-c4227b43277bbd0992d10d764d4958239786503d (jenkins@openbmc-builder1) (gcc version 6.2.0 (GCC) ) #1 Fri Sep 15 21:19:45 UTC 2017
Sep 15 22:21:24 witherspoon systemd[1]: Started Phosphor sysfs LED controller.
Sep 15 22:21:26 witherspoon kernel[999]: [    0.000000] CPU: ARMv6-compatible processor [410fb767] revision 7 (ARMv7), cr=00c5387d
Sep 15 22:21:24 witherspoon systemd[1]: Started Phosphor sysfs LED controller.
Sep 15 22:21:26 witherspoon kernel[999]: [    0.000000] CPU: PIPT / VIPT nonaliasing data cache, VIPT nonaliasing instruction cache
Sep 15 22:21:24 witherspoon systemd[1]: Started Phosphor sysfs LED controller.
Sep 15 22:21:26 witherspoon kernel[999]: [    0.000000] OF: fdt:Machine model: Witherspoon BMC
Sep 15 22:21:24 witherspoon systemd[1]: Starting Remount the ubi volume after a reboot...
Sep 15 22:21:26 witherspoon kernel[999]: [    0.000000] Memory policy: Data cache writeback
Sep 15 22:21:24 witherspoon systemd[1]: Started Phosphor Dump core monitor..
Sep 15 22:21:26 witherspoon kernel[999]: [    0.000000] SOC Rev: 04030303
Sep 15 22:21:24 witherspoon systemd[1]: Started Phosphor Console Muxer listening on device /dev/ttyVUART0.
Sep 15 22:21:26 witherspoon kernel[999]: [    0.000000] On node 0 totalpages: 110592
Sep 15 22:21:25 witherspoon systemd[1]: Started Check PNOR UBI format.
Sep 15 22:21:31 witherspoon obmc-flash-bios[998]: ls: /media/pnor-ro-*: No such file or directory
Sep 15 22:21:26 witherspoon kernel[999]: [    0.000000] free_area_init_node: node 0, pgdat 806038a4, node_mem_map 9ec1a000
Sep 15 22:21:25 witherspoon systemd[1]: Started Phosphor Log Manager.
Sep 15 22:21:26 witherspoon kernel[999]: [    0.000000]   Normal zone: 992 pages used for memmap
Sep 15 22:21:25 witherspoon systemd[1]: Started Phosphor Download Manager.
Sep 15 22:21:26 witherspoon kernel[999]: [    0.000000]   Normal zone: 0 pages reserved
Sep 15 22:21:26 witherspoon systemd[1]: Started Updates symlinks for active PNOR version.
Sep 15 22:21:26 witherspoon kernel[999]: [    0.000000]   Normal zone: 110592 pages, LIFO batch:31
Sep 15 22:21:28 witherspoon systemd[1]: Started Phosphor LED Group Management Daemon.
Sep 15 22:21:26 witherspoon kernel[999]: [    0.000000] pcpu-alloc: s0 r0 d32768 u32768 alloc=1*32768
Sep 15 22:21:28 witherspoon systemd[1]: Started Clear one time boot overrides.
Sep 15 22:21:26 witherspoon kernel[999]: [    0.000000] pcpu-alloc: [0] 0
Sep 15 22:21:29 witherspoon systemd[1]: Started Phosphor Inventory Manager.
Sep 15 22:21:31 witherspoon obmc-flash-bmc[1004]: ubinfo: error!: cannot get information about UBI device 0
Sep 15 22:21:31 witherspoon obmc-flash-bmc[1004]:         error 2 (No such file or directory)
Sep 15 22:21:26 witherspoon kernel[999]: [    0.000000] Built 1 zonelists in Zone order, mobility grouping on.  Total pages: 109600
Sep 15 22:21:29 witherspoon systemd[1]: Started Phosphor Settings Daemon.
Sep 15 22:21:26 witherspoon kernel[999]: [    0.000000] Kernel command line: console=ttyS4,115200n8 root=/dev/ram rw
Sep 15 22:21:30 witherspoon systemd[1]: Started Remount the ubi volume after a reboot.
Sep 15 22:21:26 witherspoon kernel[999]: [    0.000000] PID hash table entries: 2048 (order: 1, 8192 bytes)
Sep 15 22:21:31 witherspoon systemd[1]: Started Phosphor Dump Manager.
Sep 15 22:21:26 witherspoon kernel[999]: [    0.000000] Dentry cache hash table entries: 65536 (order: 6, 262144 bytes)
Sep 15 22:21:26 witherspoon kernel[999]: [    0.000000] Inode-cache hash table entries: 32768 (order: 5, 131072 bytes)
Sep 15 22:21:26 witherspoon kernel[999]: [    0.000000] Memory: 430408K/442368K available (4077K kernel code, 281K rwdata, 1196K rodata, 284K init, 111K bss, 11960K reserved, 0K cma-reserved)
Sep 15 22:21:26 witherspoon kernel[999]: [    0.000000] Virtual kernel memory layout:
Sep 15 22:21:26 witherspoon kernel[999]: [    0.000000]     vector  : 0xffff0000 - 0xffff1000   (   4 kB)
Sep 15 22:21:26 witherspoon kernel[999]: [    0.000000]     fixmap  : 0xffc00000 - 0xfff00000   (3072 kB)
Sep 15 22:21:26 witherspoon kernel[999]: [    0.000000]     vmalloc : 0x9f800000 - 0xff800000   (1536 MB)
Sep 15 22:21:26 witherspoon kernel[999]: [    0.000000]     lowmem  : 0x80000000 - 0x9f000000   ( 496 MB)
Sep 15 22:21:32 witherspoon kernel: 8021q: adding VLAN 0 to HW filter on device eth0
Sep 15 22:21:26 witherspoon kernel[999]: [    0.000000]       .text : 0x80008000 - 0x804036e0   (4078 kB)
Sep 15 22:21:31 witherspoon systemd-networkd[966]: Enumeration completed
Sep 15 22:21:26 witherspoon kernel[999]: [    0.000000]       .init : 0x80589000 - 0x805d0000   ( 284 kB)
Sep 15 22:21:31 witherspoon systemd-networkd[966]: eth0: IPv6 enabled for interface: Success
Sep 15 22:21:26 witherspoon kernel[999]: [    0.000000]       .data : 0x805d0000 - 0x806167a8   ( 282 kB)
Sep 15 22:21:32 witherspoon systemd-networkd[966]: eth0: Gained carrier
Sep 15 22:21:26 witherspoon kernel[999]: [    0.000000]        .bss : 0x806167a8 - 0x80632678   ( 112 kB)
Sep 15 22:21:32 witherspoon systemd-timesyncd[935]: Network configuration changed, trying to establish connection.
Sep 15 22:21:26 witherspoon kernel[999]: [    0.000000] NR_IRQS:16 nr_irqs:16 16
Sep 15 22:21:32 witherspoon systemd[1]: Started Network Service.
Sep 15 22:21:26 witherspoon kernel[999]: [    0.000000] i2c controller registered, irq 16
Sep 15 22:21:32 witherspoon systemd[1]: Reached target Network.
Sep 15 22:21:26 witherspoon kernel[999]: [    0.000000] clocksource: moxart_timer: mask: 0xffffffff max_cycles: 0xffffffff, max_idle_ns: 77222644334 ns
Sep 15 22:21:32 witherspoon systemd[1]: Started Lightweight SLP Server.
Sep 15 22:21:26 witherspoon kernel[999]: [    0.000000] sched_clock: 32 bits at 100 Hz, resolution 10000000ns, wraps every 21474836475000000ns
Sep 15 22:21:32 witherspoon systemd[1]: Starting Permit User Sessions...
Sep 15 22:21:26 witherspoon kernel[999]: [    0.090000] Calibrating delay loop... 789.70 BogoMIPS (lpj=3948544)
Sep 15 22:21:26 witherspoon kernel[999]: [    0.090000] pid_max: default: 32768 minimum: 301
Sep 15 22:21:26 witherspoon kernel[999]: [    0.090000] Mount-cache hash table entries: 1024 (order: 0, 4096 bytes)
Sep 15 22:21:26 witherspoon kernel[999]: [    0.090000] Mountpoint-cache hash table entries: 1024 (order: 0, 4096 bytes)
Sep 15 22:21:26 witherspoon kernel[999]: [    0.090000] CPU: Testing write buffer coherency: ok
Sep 15 22:21:26 witherspoon kernel[999]: [    0.090000] ftrace: allocating 14991 entries in 44 pages
Sep 15 22:21:26 witherspoon kernel[999]: [    0.120000] Setting up static identity map for 0x80008200 - 0x8000825c
Sep 15 22:21:26 witherspoon kernel[999]: [    0.130000] devtmpfs: initialized
Sep 15 22:21:26 witherspoon kernel[999]: [    0.140000] clocksource: jiffies: mask: 0xffffffff max_cycles: 0xffffffff, max_idle_ns: 19112604462750000 ns
Sep 15 22:21:26 witherspoon kernel[999]: [    0.140000] futex hash table entries: 256 (order: -1, 3072 bytes)
Sep 15 22:21:32 witherspoon systemd[1]: Started Permit User Sessions.
Sep 15 22:21:26 witherspoon kernel[999]: [    0.140000] pinctrl core: initialized pinctrl subsystem
Sep 15 22:21:32 witherspoon systemd[1]: Started Serial Getty on ttyS4.
Sep 15 22:21:26 witherspoon kernel[999]: [    0.140000] NET: Registered protocol family 16
Sep 15 22:21:32 witherspoon systemd[1]: Reached target Login Prompts.
Sep 15 22:21:26 witherspoon kernel[999]: [    0.140000] DMA: preallocated 256 KiB pool for atomic coherent allocations
Sep 15 22:21:26 witherspoon kernel[999]: [    0.210000] usbcore: registered new interface driver usbfs
Sep 15 22:21:26 witherspoon kernel[999]: [    0.210000] usbcore: registered new interface driver hub
Sep 15 22:21:26 witherspoon kernel[999]: [    0.210000] usbcore: registered new device driver usb
Sep 15 22:21:26 witherspoon kernel[999]: [    0.220000] clocksource: Switched to clocksource moxart_timer
Sep 15 22:21:26 witherspoon kernel[999]: [    0.240000] NET: Registered protocol family 2
Sep 15 22:21:26 witherspoon kernel[999]: [    0.240000] TCP established hash table entries: 4096 (order: 2, 16384 bytes)
Sep 15 22:21:26 witherspoon kernel[999]: [    0.240000] TCP bind hash table entries: 4096 (order: 2, 16384 bytes)
Sep 15 22:21:26 witherspoon kernel[999]: [    0.240000] TCP: Hash tables configured (established 4096 bind 4096)
Sep 15 22:21:26 witherspoon kernel[999]: [    0.240000] UDP hash table entries: 256 (order: 0, 4096 bytes)
Sep 15 22:21:26 witherspoon kernel[999]: [    0.240000] UDP-Lite hash table entries: 256 (order: 0, 4096 bytes)
Sep 15 22:21:26 witherspoon kernel[999]: [    0.240000] NET: Registered protocol family 1
Sep 15 22:21:26 witherspoon kernel[999]: [    0.240000] Trying to unpack rootfs image as initramfs...
Sep 15 22:21:26 witherspoon kernel[999]: [    1.910000] Freeing initrd memory: 1548K
Sep 15 22:21:26 witherspoon kernel[999]: [    1.910000] workingset: timestamp_bits=30 max_order=17 bucket_order=0
Sep 15 22:21:26 witherspoon kernel[999]: [    1.910000] squashfs: version 4.0 (2009/01/31) Phillip Lougher
Sep 15 22:21:26 witherspoon kernel[999]: [    1.910000] jffs2: version 2.2. (SUMMARY)  © 2001-2006 Red Hat, Inc.
Sep 15 22:21:26 witherspoon kernel[999]: [    1.910000] Block layer SCSI generic (bsg) driver version 0.4 loaded (major 250)
Sep 15 22:21:26 witherspoon kernel[999]: [    1.910000] io scheduler noop registered
Sep 15 22:21:26 witherspoon kernel[999]: [    1.910000] io scheduler deadline registered
Sep 15 22:21:26 witherspoon kernel[999]: [    1.910000] io scheduler cfq registered (default)
Sep 15 22:21:26 witherspoon kernel[999]: [    2.060000] ipmi-bt-host 1e789140.ibt: Found bt bmc device
Sep 15 22:21:26 witherspoon kernel[999]: [    2.060000] ipmi-bt-host 1e789140.ibt: Using IRQ 22
Sep 15 22:21:26 witherspoon kernel[999]: [    2.060000] Serial: 8250/16550 driver, 6 ports, IRQ sharing enabled
Sep 15 22:21:26 witherspoon kernel[999]: [    2.060000] 1e787000.vuart: ttyS5 at MMIO 0x1e787000 (irq = 22, base_baud = 1500000) is a 16550A
Sep 15 22:21:26 witherspoon kernel[999]: [    2.060000] 1e783000.serial: ttyS0 at MMIO 0x1e783000 (irq = 23, base_baud = 1500000) is a 16550A
Sep 15 22:21:26 witherspoon kernel[999]: [    2.060000] 1e78d000.serial: ttyS1 at MMIO 0x1e78d000 (irq = 24, base_baud = 1500000) is a 16550A
Sep 15 22:21:26 witherspoon kernel[999]: [    2.060000] 1e784000.serial: ttyS4 at MMIO 0x1e784000 (irq = 25, base_baud = 1500000) is a 16550A
Sep 15 22:21:26 witherspoon kernel[999]: [    2.410000] console [ttyS4] enabled
Sep 15 22:21:26 witherspoon kernel[999]: [    2.590000] timeriomem_rng 1e6e2078.hwrng: 32bits from 0xf00e2078 @ 1us
Sep 15 22:21:26 witherspoon kernel[999]: [    2.620000] random: fast init done
Sep 15 22:21:26 witherspoon kernel[999]: [    2.650000] random: crng init done
Sep 15 22:21:26 witherspoon kernel[999]: [    2.660000] brd: module loaded
Sep 15 22:21:26 witherspoon kernel[999]: [    2.680000] loop: module loaded
Sep 15 22:21:26 witherspoon kernel[999]: [    2.690000] aspeed-lpc-ctrl 1e789080.lpc-ctrl: Loaded at 0x98000000 (0x04000000)
Sep 15 22:21:26 witherspoon kernel[999]: [    2.700000] aspeed-smc 1e620000.flash-controller: Using IRQ 18
Sep 15 22:21:26 witherspoon kernel[999]: [    2.700000] aspeed-smc 1e620000.flash-controller: DMA support disabled.
Sep 15 22:21:26 witherspoon kernel[999]: [    2.700000] aspeed-smc 1e620000.flash-controller: mx25l25635e (32768 Kbytes)
Sep 15 22:21:26 witherspoon kernel[999]: [    2.720000] aspeed-smc 1e620000.flash-controller: CE0 window [ 0x20000000 - 0x22000000 ] 32MB
Sep 15 22:21:26 witherspoon kernel[999]: [    2.730000] aspeed-smc 1e620000.flash-controller: CE1 window [ 0x22000000 - 0x2a000000 ] 128MB
Sep 15 22:21:26 witherspoon kernel[999]: [    2.730000] 5 ofpart partitions found on MTD device bmc
Sep 15 22:21:26 witherspoon kernel[999]: [    2.750000] Creating 5 MTD partitions on "bmc":
Sep 15 22:21:26 witherspoon kernel[999]: [    2.750000] 0x000000000000-0x000000060000 : "u-boot"
Sep 15 22:21:26 witherspoon kernel[999]: [    2.760000] 0x000000060000-0x000000080000 : "u-boot-env"
Sep 15 22:21:26 witherspoon kernel[999]: [    2.770000] 0x000000080000-0x0000004c0000 : "kernel"
Sep 15 22:21:26 witherspoon kernel[999]: [    2.780000] 0x0000004c0000-0x000001c00000 : "rofs"
Sep 15 22:21:26 witherspoon kernel[999]: [    2.790000] 0x000001c00000-0x000002000000 : "rwfs"
Sep 15 22:21:26 witherspoon kernel[999]: [    2.800000] aspeed-smc 1e620000.flash-controller: mx25l25635e (32768 Kbytes)
Sep 15 22:21:26 witherspoon kernel[999]: [    2.810000] aspeed-smc 1e620000.flash-controller: CE1 window [ 0x22000000 - 0x24000000 ] 32MB
Sep 15 22:21:26 witherspoon kernel[999]: [    2.810000] aspeed-smc 1e620000.flash-controller: CE2 window [ 0x24000000 - 0x2c000000 ] 128MB
Sep 15 22:21:26 witherspoon kernel[999]: [    2.830000] aspeed-smc 1e630000.flash-controller: mx66l1g45g (131072 Kbytes)
Sep 15 22:21:26 witherspoon kernel[999]: [    2.840000] aspeed-smc 1e630000.flash-controller: CE0 window resized to 120MB (AST2500 HW quirk)
Sep 15 22:21:26 witherspoon kernel[999]: [    2.840000] aspeed-smc 1e630000.flash-controller: CE0 window [ 0x30000000 - 0x37800000 ] 120MB
Sep 15 22:21:26 witherspoon kernel[999]: [    2.860000] aspeed-smc 1e630000.flash-controller: CE0 window too small for chip 128MB
Sep 15 22:21:26 witherspoon kernel[999]: [    2.870000] aspeed-smc 1e630000.flash-controller: CE1 window [ 0x37800000 - 0x38000000 ] 8MB
Sep 15 22:21:26 witherspoon kernel[999]: [    3.550000] libphy: Fixed MDIO Bus: probed
Sep 15 22:21:26 witherspoon kernel[999]: [    3.550000] ftgmac100 1e660000.ethernet: Read MAC address 70:e2:84:14:28:a9 from chip
Sep 15 22:21:26 witherspoon kernel[999]: [    3.670000] ftgmac100 1e660000.ethernet: Using NCSI interface
Sep 15 22:21:26 witherspoon kernel[999]: [    3.670000] ftgmac100 1e660000.ethernet eth0: irq 20, mapped at f0060000
Sep 15 22:21:26 witherspoon kernel[999]: [    3.670000] ehci_hcd: USB 2.0 'Enhanced' Host Controller (EHCI) Driver
Sep 15 22:21:26 witherspoon kernel[999]: [    3.670000] ehci-platform: EHCI generic platform driver
Sep 15 22:21:26 witherspoon kernel[999]: [    3.840000] i2c /dev entries driver
Sep 15 22:21:26 witherspoon kernel[999]: [    3.840000] aspeed-i2c-bus 1e78a0c0.i2c-bus: i2c bus 2 registered, irq 26
Sep 15 22:21:26 witherspoon kernel[999]: [    3.840000] aspeed-i2c-bus 1e78a100.i2c-bus: i2c bus 3 registered, irq 27
Sep 15 22:21:26 witherspoon kernel[999]: [    3.840000] aspeed-i2c-bus 1e78a140.i2c-bus: i2c bus 4 registered, irq 28
Sep 15 22:21:26 witherspoon kernel[999]: [    3.840000] aspeed-i2c-bus 1e78a180.i2c-bus: i2c bus 5 registered, irq 29
Sep 15 22:21:26 witherspoon kernel[999]: [    3.840000] aspeed-i2c-bus 1e78a380.i2c-bus: i2c bus 9 registered, irq 30
Sep 15 22:21:26 witherspoon kernel[999]: [    3.840000] aspeed-i2c-bus 1e78a3c0.i2c-bus: i2c bus 10 registered, irq 31
Sep 15 22:21:26 witherspoon kernel[999]: [    3.840000] rtc-rv8803 11-0032: Voltage low, temperature compensation stopped.
Sep 15 22:21:26 witherspoon kernel[999]: [    3.940000] rtc-rv8803 11-0032: rtc core: registered rx8900 as rtc0
Sep 15 22:21:26 witherspoon kernel[999]: [    3.950000] at24 11-0051: 8192 byte 24c64 EEPROM, writable, 1 bytes/write
Sep 15 22:21:26 witherspoon kernel[999]: [    3.950000] aspeed-i2c-bus 1e78a400.i2c-bus: i2c bus 11 registered, irq 32
Sep 15 22:21:26 witherspoon kernel[999]: [    3.950000] aspeed-i2c-bus 1e78a440.i2c-bus: i2c bus 12 registered, irq 33
Sep 15 22:21:26 witherspoon kernel[999]: [    3.950000] aspeed-i2c-bus 1e78a480.i2c-bus: i2c bus 13 registered, irq 34
Sep 15 22:21:26 witherspoon kernel[999]: [    3.950000] Driver for 1-wire Dallas network protocol.
Sep 15 22:21:26 witherspoon kernel[999]: [    3.950000] lm75 9-004a: hwmon0: sensor 'tmp275'
Sep 15 22:21:26 witherspoon kernel[999]: [    5.630000] ucd9000 11-0064: Device ID UCD90160|2.3.4.0000|110603
Sep 15 22:21:26 witherspoon kernel[999]: [    6.330000] leds-pca955x 3-0060: leds-pca955x: Using pca9552 16-bit LED driver at slave address 0x60
Sep 15 22:21:26 witherspoon kernel[999]: [    6.350000] leds-pca955x 3-0060: gpios 238...253
Sep 15 22:21:26 witherspoon kernel[999]: [    6.350000] leds-pca955x 11-0060: leds-pca955x: Using pca9552 16-bit LED driver at slave address 0x60
Sep 15 22:21:26 witherspoon kernel[999]: [    6.360000] leds-pca955x 11-0060: gpios 222...237
Sep 15 22:21:26 witherspoon kernel[999]: [    6.370000] usbcore: registered new interface driver usbhid
Sep 15 22:21:35 witherspoon systemd-networkd[966]: eth0: Gained IPv6LL
Sep 15 22:21:26 witherspoon kernel[999]: [    6.370000] usbhid: USB HID core driver
Sep 15 22:21:36 witherspoon systemd[1]: Started Phosphor BMC0 Control.
Sep 15 22:21:26 witherspoon kernel[999]: [    6.400000] dps310 3-0076: iio:device1: sensor 'dps310'
Sep 15 22:21:26 witherspoon kernel[999]: [    6.400000] NET: Registered protocol family 10
Sep 15 22:21:26 witherspoon kernel[999]: [    6.410000] Segment Routing with IPv6
Sep 15 22:21:26 witherspoon kernel[999]: [    6.410000] NET: Registered protocol family 17
Sep 15 22:21:26 witherspoon kernel[999]: [    6.410000] 8021q: 802.1Q VLAN Support v1.8
Sep 15 22:21:26 witherspoon kernel[999]: [    6.430000] input: gpio-keys-polled as /devices/platform/gpio-keys-polled/input/input1
Sep 15 22:21:26 witherspoon kernel[999]: [    6.460000] console [netcon0] enabled
Sep 15 22:21:26 witherspoon kernel[999]: [    6.460000] netconsole: network logging started
Sep 15 22:21:26 witherspoon kernel[999]: [    6.470000] input: gpio-keys as /devices/platform/gpio-keys/input/input2
Sep 15 22:21:26 witherspoon kernel[999]: [    6.480000] rtc-rv8803 11-0032: setting system clock to 2017-09-15 22:21:02 UTC (1505514062)
Sep 15 22:21:26 witherspoon kernel[999]: [    6.490000] Freeing unused kernel memory: 284K
Sep 15 22:21:26 witherspoon kernel[999]: [    6.500000] This architecture does not have kernel memory protection.
Sep 15 22:21:26 witherspoon kernel[999]: [    8.180000] jffs2: notice: (542) jffs2_build_xattr_subsystem: complete building xattr subsystem, 0 of xdatum (0 unchecked, 0 orphan) and 0 of xref (0 dead, 0 orphan) found.
Sep 15 22:21:26 witherspoon kernel[999]: [   10.230000] systemd[1]: Failed to insert module 'autofs4': No such file or directory
Sep 15 22:21:26 witherspoon kernel[999]: [   10.460000] systemd[1]: systemd 232 running in system mode. (+PAM -AUDIT -SELINUX -IMA -APPARMOR -SMACK +SYSVINIT -UTMP -LIBCRYPTSETUP -GCRYPT -GNUTLS +ACL +XZ -LZ4 -SECCOMP +BLKID -ELFUTILS +KMOD -IDN)
Sep 15 22:21:26 witherspoon kernel[999]: [   10.460000] systemd[1]: Detected architecture arm.
Sep 15 22:21:26 witherspoon kernel[999]: [   10.560000] systemd[1]: Set hostname to <witherspoon>.
Sep 15 22:21:26 witherspoon kernel[999]: [   12.140000] systemd[1]: Reached target Swap.
Sep 15 22:21:37 witherspoon kernel: ftgmac100 1e660000.ethernet eth0: ncsi: removed vlan tag 0 at index 1
Sep 15 22:21:37 witherspoon kernel: ftgmac100 1e660000.ethernet eth0: ncsi: removed vlan tag 0 at index 2
Sep 15 22:21:37 witherspoon kernel: ftgmac100 1e660000.ethernet eth0: no vlan ids left to set
Sep 15 22:21:37 witherspoon kernel: ftgmac100 1e660000.ethernet eth0: NCSI interface up
Sep 15 22:21:26 witherspoon kernel[999]: [   12.290000] systemd[1]: Reached target Remote File Systems.
Sep 15 22:21:26 witherspoon kernel[999]: [   12.330000] systemd[1]: Started Forward Password Requests to Wall Directory Watch.
Sep 15 22:21:26 witherspoon kernel[999]: [   12.370000] systemd[1]: Listening on udev Control Socket.
Sep 15 22:21:26 witherspoon kernel[999]: [   12.410000] systemd[1]: Listening on Network Service Netlink Socket.
Sep 15 22:21:26 witherspoon kernel[999]: [   12.450000] systemd[1]: Created slice System Slice.
Sep 15 22:21:26 witherspoon kernel[999]: [   12.490000] systemd[1]: dev-hugepages.mount: Couldn't determine result for ConditionVirtualization=!private-users, assuming failed: No such file or directory
Sep 15 22:21:26 witherspoon kernel[999]: [   14.910000] systemd-journald[564]: Received request to flush runtime journal from PID 1
Sep 15 22:21:26 witherspoon kernel[999]: [   30.540000] ubi7: default fastmap pool size: 100
Sep 15 22:21:26 witherspoon kernel[999]: [   30.540000] ubi7: default fastmap WL pool size: 50
Sep 15 22:21:26 witherspoon kernel[999]: [   30.540000] ubi7: attaching mtd7
Sep 15 22:21:26 witherspoon kernel[999]: [   30.540000] ubi7: scanning is finished
Sep 15 22:21:26 witherspoon kernel[999]: [   30.540000] ubi7: attached mtd7 (name "pnor", size 128 MiB)
Sep 15 22:21:26 witherspoon kernel[999]: [   30.630000] ubi7: PEB size: 65536 bytes (64 KiB), LEB size: 65408 bytes
Sep 15 22:21:26 witherspoon kernel[999]: [   30.630000] ubi7: min./max. I/O unit sizes: 1/256, sub-page size 1
Sep 15 22:21:26 witherspoon kernel[999]: [   30.630000] ubi7: VID header offset: 64 (aligned 64), data offset: 128
Sep 15 22:21:26 witherspoon kernel[999]: [   30.630000] ubi7: good PEBs: 2048, bad PEBs: 0, corrupted PEBs: 0
Sep 15 22:21:26 witherspoon kernel[999]: [   30.630000] ubi7: user volume: 4, internal volumes: 1, max. volumes count: 128
Sep 15 22:21:26 witherspoon kernel[999]: [   30.630000] ubi7: max/mean erase counter: 32/21, WL threshold: 4096, image sequence number: 1192395733
Sep 15 22:21:26 witherspoon kernel[999]: [   30.630000] ubi7: available PEBs: 1110, total reserved PEBs: 938, PEBs reserved for bad PEB handling: 0
Sep 15 22:21:26 witherspoon kernel[999]: [   30.630000] ubi7: background thread "ubi_bgt7d" started, PID 1013
Sep 15 22:21:30 witherspoon kernel[999]: [   34.440000] ubi0: default fastmap pool size: 25
Sep 15 22:21:30 witherspoon kernel[999]: [   34.440000] ubi0: default fastmap WL pool size: 12
Sep 15 22:21:30 witherspoon kernel[999]: [   34.440000] ubi0: attaching mtd0
Sep 15 22:21:30 witherspoon kernel[999]: [   34.440000] ubi0: scanning is finished
Sep 15 22:21:30 witherspoon kernel[999]: [   34.440000] ubi0 error: ubi_read_volume_table: the layout volume was not found
Sep 15 22:21:30 witherspoon kernel[999]: [   34.440000] ubi0 error: ubi_attach_mtd_dev: failed to attach mtd0, error -22
Sep 15 22:21:32 witherspoon avahi-daemon[963]: Joining mDNS multicast group on interface eth0.IPv4 with address 9.3.21.61.
Sep 15 22:21:32 witherspoon avahi-daemon[963]: New relevant interface eth0.IPv4 for mDNS.
Sep 15 22:21:32 witherspoon kernel[999]: [   35.980000] 8021q: adding VLAN 0 to HW filter on device eth0
Sep 15 22:21:32 witherspoon avahi-daemon[963]: Registering new address record for 9.3.21.61 on eth0.IPv4.
Sep 15 22:21:35 witherspoon avahi-daemon[963]: Joining mDNS multicast group on interface eth0.IPv6 with address fe80::72e2:84ff:fe14:28a9.
Sep 15 22:21:35 witherspoon avahi-daemon[963]: New relevant interface eth0.IPv6 for mDNS.
Sep 15 22:21:35 witherspoon avahi-daemon[963]: Registering new address record for fe80::72e2:84ff:fe14:28a9 on eth0.*.
Sep 15 22:21:36 witherspoon kernel[999]: [   40.680000] ftgmac100 1e660000.ethernet eth0: ncsi: removed vlan tag 0 at index 1
Sep 15 22:21:36 witherspoon kernel[999]: [   40.680000] ftgmac100 1e660000.ethernet eth0: ncsi: removed vlan tag 0 at index 2
Sep 15 22:21:36 witherspoon kernel[999]: [   40.680000] ftgmac100 1e660000.ethernet eth0: no vlan ids left to set
Sep 15 22:21:36 witherspoon kernel[999]: [   40.680000] ftgmac100 1e660000.ethernet eth0: NCSI interface up
Sep 15 22:21:39 witherspoon kernel: block ubiblock7_0: created from ubi7:0(pnor-ro-8764baa3)
Sep 15 22:21:39 witherspoon kernel[999]: [   43.080000] block ubiblock7_0: created from ubi7:0(pnor-ro-8764baa3)
Sep 15 22:21:41 witherspoon kernel: UBIFS (ubi7:1): UBIFS: mounted UBI device 7, volume 1, name "pnor-rw-8764baa3"
Sep 15 22:21:41 witherspoon kernel: UBIFS (ubi7:1): LEB size: 65408 bytes (63 KiB), min./max. I/O unit sizes: 8 bytes/256 bytes
Sep 15 22:21:41 witherspoon kernel: UBIFS (ubi7:1): FS size: 16155776 bytes (15 MiB, 247 LEBs), journal size 784896 bytes (0 MiB, 12 LEBs)
Sep 15 22:21:41 witherspoon kernel: UBIFS (ubi7:1): reserved for root: 763076 bytes (745 KiB)
Sep 15 22:21:41 witherspoon kernel: UBIFS (ubi7:1): media format: w5/r0 (latest is w5/r0), UUID 59DA4EF9-A0AD-403D-9AA7-9746AD7DED25, small LPT model
Sep 15 22:21:41 witherspoon kernel: UBIFS (ubi7:1): background thread "ubifs_bgt7_1" started, PID 1066
Sep 15 22:21:41 witherspoon kernel[999]: [   44.760000] UBIFS (ubi7:1): UBIFS: mounted UBI device 7, volume 1, name "pnor-rw-8764baa3"
Sep 15 22:21:41 witherspoon kernel[999]: [   44.760000] UBIFS (ubi7:1): LEB size: 65408 bytes (63 KiB), min./max. I/O unit sizes: 8 bytes/256 bytes
Sep 15 22:21:41 witherspoon kernel[999]: [   44.760000] UBIFS (ubi7:1): FS size: 16155776 bytes (15 MiB, 247 LEBs), journal size 784896 bytes (0 MiB, 12 LEBs)
Sep 15 22:21:41 witherspoon kernel[999]: [   44.760000] UBIFS (ubi7:1): reserved for root: 763076 bytes (745 KiB)
Sep 15 22:21:41 witherspoon kernel[999]: [   44.760000] UBIFS (ubi7:1): media format: w5/r0 (latest is w5/r0), UUID 59DA4EF9-A0AD-403D-9AA7-9746AD7DED25, small LPT model
Sep 15 22:21:41 witherspoon kernel[999]: [   44.760000] UBIFS (ubi7:1): background thread "ubifs_bgt7_1" started, PID 1066
Sep 15 22:21:43 witherspoon systemd[1]: Created slice system-dropbear.slice.
Sep 15 22:21:43 witherspoon systemd[1]: Started SSH Per-Connection Server (9.41.165.94:38310).
Sep 15 22:21:45 witherspoon dropbear[1072]: Failed loading /etc/dropbear/dropbear_dss_host_key
Sep 15 22:21:45 witherspoon dropbear[1072]: Failed loading /etc/dropbear/dropbear_ecdsa_host_key
Sep 15 22:21:45 witherspoon dropbear[1072]: Child connection from ::ffff:9.41.165.94:38310
Sep 15 22:21:46 witherspoon download_manager.py[979]: Running Download Manager
Sep 15 22:21:46 witherspoon systemd[1]: Started Phosphor Download Manager.
Sep 15 22:21:46 witherspoon systemd[1]: Started Phosphor Chassis0 Control.
Sep 15 22:21:46 witherspoon chassis_control.py[975]: Running ChassisControlService
Sep 15 22:21:46 witherspoon kernel: UBIFS (ubi7:2): UBIFS: mounted UBI device 7, volume 2, name "pnor-prsv"
Sep 15 22:21:46 witherspoon kernel: UBIFS (ubi7:2): LEB size: 65408 bytes (63 KiB), min./max. I/O unit sizes: 8 bytes/256 bytes
Sep 15 22:21:46 witherspoon kernel: UBIFS (ubi7:2): FS size: 1504384 bytes (1 MiB, 23 LEBs), journal size 523265 bytes (0 MiB, 6 LEBs)
Sep 15 22:21:46 witherspoon kernel: UBIFS (ubi7:2): reserved for root: 71055 bytes (69 KiB)
Sep 15 22:21:46 witherspoon kernel: UBIFS (ubi7:2): media format: w5/r0 (latest is w5/r0), UUID CAFEA19E-94DB-4E3F-A597-CD4BE781E174, small LPT model
Sep 15 22:21:46 witherspoon kernel: UBIFS (ubi7:2): background thread "ubifs_bgt7_2" started, PID 1076
Sep 15 22:21:46 witherspoon kernel[999]: [   50.030000] UBIFS (ubi7:2): UBIFS: mounted UBI device 7, volume 2, name "pnor-prsv"
Sep 15 22:21:46 witherspoon kernel[999]: [   50.030000] UBIFS (ubi7:2): LEB size: 65408 bytes (63 KiB), min./max. I/O unit sizes: 8 bytes/256 bytes
Sep 15 22:21:46 witherspoon kernel[999]: [   50.030000] UBIFS (ubi7:2): FS size: 1504384 bytes (1 MiB, 23 LEBs), journal size 523265 bytes (0 MiB, 6 LEBs)
Sep 15 22:21:46 witherspoon kernel[999]: [   50.030000] UBIFS (ubi7:2): reserved for root: 71055 bytes (69 KiB)
Sep 15 22:21:46 witherspoon kernel[999]: [   50.030000] UBIFS (ubi7:2): media format: w5/r0 (latest is w5/r0), UUID CAFEA19E-94DB-4E3F-A597-CD4BE781E174, small LPT model
Sep 15 22:21:46 witherspoon kernel[999]: [   50.030000] UBIFS (ubi7:2): background thread "ubifs_bgt7_2" started, PID 1076
Sep 15 22:21:46 witherspoon sensor_manager2.py[997]: Setting boot count to 3
Sep 15 22:21:48 witherspoon systemd[1]: Started Remount the squashfs and ubi volumes after a reboot.
Sep 15 22:21:48 witherspoon systemd[1]: Reached target Multi-User System.
Sep 15 22:21:48 witherspoon systemd-networkd[966]: eth0: Configured
Sep 15 22:21:48 witherspoon systemd-timesyncd[935]: Network configuration changed, trying to establish connection.
Sep 15 22:21:48 witherspoon systemd[1]: Started Phosphor Sensor Manager.
Sep 15 22:21:48 witherspoon sensor_manager2.py[997]: Starting sensor manager
Sep 15 22:21:48 witherspoon inventory_items.py[996]: Loading from cache: /var/cache/obmc/org.openbmc.inventory.system.chassis.motherboard.apss@org.openbmc.InventoryItem.props
Sep 15 22:21:48 witherspoon inventory_items.py[996]: Loading from cache: /var/cache/obmc/org.openbmc.inventory.system.chassis.motherboard@org.openbmc.InventoryItem.props
Sep 15 22:21:48 witherspoon inventory_items.py[996]: Loading from cache: /var/cache/obmc/org.openbmc.inventory.system.chassis.motherboard.refclock@org.openbmc.InventoryItem.props
Sep 15 22:21:48 witherspoon inventory_items.py[996]: Loading from cache: /var/cache/obmc/org.openbmc.inventory.system.chassis.motherboard.cpu1.core7@org.openbmc.InventoryItem.props
Sep 15 22:21:48 witherspoon inventory_items.py[996]: Loading from cache: /var/cache/obmc/org.openbmc.inventory.system.chassis.motherboard.cpu1.core4@org.openbmc.InventoryItem.props
Sep 15 22:21:48 witherspoon inventory_items.py[996]: Loading from cache: /var/cache/obmc/org.openbmc.inventory.system.chassis.motherboard.cpu1.core1@org.openbmc.InventoryItem.props
Sep 15 22:21:48 witherspoon inventory_items.py[996]: Loading from cache: /var/cache/obmc/org.openbmc.inventory.system.chassis.motherboard.cpu1.core10@org.openbmc.InventoryItem.props
Sep 15 22:21:48 witherspoon inventory_items.py[996]: Loading from cache: /var/cache/obmc/org.openbmc.inventory.system.chassis.motherboard.todclock@org.openbmc.InventoryItem.props
Sep 15 22:21:48 witherspoon inventory_items.py[996]: Loading from cache: /var/cache/obmc/org.openbmc.inventory.system.chassis.motherboard.cpu1@org.openbmc.InventoryItem.props
Sep 15 22:21:49 witherspoon inventory_items.py[996]: Loading from cache: /var/cache/obmc/org.openbmc.inventory.system.chassis.motherboard.bmc@org.openbmc.InventoryItem.props
Sep 15 22:21:49 witherspoon inventory_items.py[996]: Caching: /org/openbmc/inventory/system/chassis/motherboard/bmc
Sep 15 22:21:49 witherspoon inventory_items.py[996]: Loading from cache: /var/cache/obmc/org.openbmc.inventory.system.chassis.motherboard.cpu0.core1@org.openbmc.InventoryItem.props
Sep 15 22:21:49 witherspoon inventory_items.py[996]: Loading from cache: /var/cache/obmc/org.openbmc.inventory.system.chassis.motherboard.cpu0.core7@org.openbmc.InventoryItem.props
Sep 15 22:21:49 witherspoon inventory_items.py[996]: Loading from cache: /var/cache/obmc/org.openbmc.inventory.system.chassis.motherboard.cpu0.core4@org.openbmc.InventoryItem.props
Sep 15 22:21:49 witherspoon inventory_items.py[996]: Loading from cache: /var/cache/obmc/org.openbmc.inventory.system.chassis.motherboard.pcieclock@org.openbmc.InventoryItem.props
Sep 15 22:21:49 witherspoon inventory_items.py[996]: Loading from cache: /var/cache/obmc/org.openbmc.inventory.system.chassis.motherboard.cpu0.core10@org.openbmc.InventoryItem.props
Sep 15 22:21:49 witherspoon systemd[1]: Started Phosphor Inventory Manager.
Sep 15 22:21:49 witherspoon inventory_items.py[996]: Running Inventory Manager
Sep 15 22:21:49 witherspoon dropbear[1072]: PAM password auth succeeded for 'root' from ::ffff:9.41.165.94:38310
Sep 15 22:21:49 witherspoon dropbear[1082]: lastlog_perform_login: Couldn't stat /var/log/lastlog: No such file or directory
Sep 15 22:21:49 witherspoon dropbear[1082]: lastlog_openseek: /var/log/lastlog is not a file or directory!
Sep 15 22:21:52 witherspoon systemd[1]: Started Phosphor User Manager.
Sep 15 22:21:52 witherspoon obmc-phosphor-userd[970]: Started
Sep 15 22:21:52 witherspoon phosphor-mapper[969]: ObjectMapper startup complete.  Discovery in progress...
Sep 15 22:21:53 witherspoon avahi-daemon[965]: ../../avahi-0.6.32/avahi-daemon/chroot.c: open() failed: No such file or directory
Sep 15 22:21:53 witherspoon avahi-daemon[963]: Failed to open /usr/share/dbus-1/interfaces/org.freedesktop.Avahi.Server.xml: Invalid argument
Sep 15 22:21:53 witherspoon avahi-daemon[963]: Failed to load introspection data.
Sep 15 22:21:55 witherspoon netman.py[960]: Started
Sep 15 22:21:55 witherspoon systemd[1]: Started Phosphor Network Manager.
Sep 15 22:22:04 witherspoon phosphor-mapper[969]: ObjectMapper discovery complete
Sep 15 22:22:04 witherspoon systemd[1]: Started Phosphor DBus Service Discovery Manager.
Sep 15 22:22:04 witherspoon systemd[1]: Started Phosphor Hwmon Poller.
Sep 15 22:22:04 witherspoon systemd[1]: Started Phosphor Hwmon Poller.
Sep 15 22:22:04 witherspoon systemd[1]: Started Phosphor Hwmon Poller.
Sep 15 22:22:04 witherspoon systemd[1]: Started Phosphor Hwmon Poller.
Sep 15 22:22:04 witherspoon systemd[1]: Started Phosphor Hwmon Poller.
Sep 15 22:22:04 witherspoon systemd[1]: Started Phosphor Hwmon Poller.
Sep 15 22:22:04 witherspoon systemd[1]: Started Phosphor Hwmon Poller.
Sep 15 22:22:04 witherspoon systemd[1]: Reached target Phosphor Object Mapper.
Sep 15 22:22:04 witherspoon systemd[1]: Starting Phoshpor System Manager...
Sep 15 22:22:04 witherspoon systemd[1]: Starting Wait for /xyz/openbmc_project/time/sync_method...
Sep 15 22:22:04 witherspoon systemd[1]: Starting Wait for /xyz/openbmc_project/state/chassis0...
Sep 15 22:22:04 witherspoon systemd[1]: Started Phosphor DBus Monitor.
Sep 15 22:22:04 witherspoon systemd[1]: Starting Phosphor Network Manager...
Sep 15 22:22:04 witherspoon systemd[1]: Starting OpenBMC Software Update Manager...
Sep 15 22:22:04 witherspoon systemd[1]: Starting Wait for /org/openbmc/managers/System...
Sep 15 22:22:04 witherspoon systemd[1]: Reached target Webserver (pre).
Sep 15 22:22:04 witherspoon systemd[1]: Started Phosphor Webserver.
Sep 15 22:22:04 witherspoon systemd[1]: Starting Wait for /xyz/openbmc_project/state/host0...
Sep 15 22:22:04 witherspoon systemd[1]: Starting Wait for /org/openbmc/control/bmc0...
Sep 15 22:22:04 witherspoon systemd[1]: Starting Wait for /org/openbmc/managers/Download...
Sep 15 22:22:04 witherspoon systemd[1]: Starting Wait for /xyz/openbmc_project/led/groups/bmc_booted...
Sep 15 22:22:04 witherspoon systemd[1]: Starting Wait for /xyz/openbmc_project/control/host0/restriction_mode...
Sep 15 22:22:04 witherspoon systemd[1]: Starting Wait for /xyz/openbmc_project/led/groups...
Sep 15 22:22:04 witherspoon systemd[1]: Starting Wait for /xyz/openbmc_project/inventory...
Sep 15 22:22:04 witherspoon systemd[1]: Starting Wait for /xyz/openbmc_project/control/host0...
Sep 15 22:22:04 witherspoon systemd[1]: Starting Wait for /xyz/openbmc_project/control/host0/auto_reboot...
Sep 15 22:22:04 witherspoon systemd[1]: Starting Phosphor Settings Manager...
Sep 15 22:22:04 witherspoon systemd[1]: Starting Wait for /org/openbmc/NetworkManager/Interface...
Sep 15 22:22:04 witherspoon systemd[1]: Starting Wait for /org/openbmc/control/power0...
Sep 15 22:22:04 witherspoon systemd[1]: Starting Wait for /xyz/openbmc_project/control/host0/boot...
Sep 15 22:22:04 witherspoon systemd[1]: Starting OpenPower Software Update Manager...
Sep 15 22:22:09 witherspoon kernel: UBIFS (ubi7:3): background thread "ubifs_bgt7_3" started, PID 1139
Sep 15 22:22:09 witherspoon kernel: UBIFS (ubi7:3): UBIFS: mounted UBI device 7, volume 3, name "pnor-patch"
Sep 15 22:22:09 witherspoon kernel: UBIFS (ubi7:3): LEB size: 65408 bytes (63 KiB), min./max. I/O unit sizes: 8 bytes/256 bytes
Sep 15 22:22:09 witherspoon kernel: UBIFS (ubi7:3): FS size: 16155776 bytes (15 MiB, 247 LEBs), journal size 784896 bytes (0 MiB, 12 LEBs)
Sep 15 22:22:09 witherspoon kernel: UBIFS (ubi7:3): reserved for root: 763076 bytes (745 KiB)
Sep 15 22:22:09 witherspoon kernel: UBIFS (ubi7:3): media format: w5/r0 (latest is w5/r0), UUID BABB1637-BC68-4CC0-9376-4DB953F1E51D, small LPT model
Sep 15 22:22:09 witherspoon kernel[999]: [   72.900000] UBIFS (ubi7:3): background thread "ubifs_bgt7_3" started, PID 1139
Sep 15 22:22:04 witherspoon systemd[1]: Starting Wait for /xyz/openbmc_project/control/host0/power_restore_policy...
Sep 15 22:22:09 witherspoon kernel[999]: [   73.190000] UBIFS (ubi7:3): UBIFS: mounted UBI device 7, volume 3, name "pnor-patch"
Sep 15 22:22:04 witherspoon systemd[1]: Starting Wait for /xyz/openbmc_project/time/owner...
Sep 15 22:22:09 witherspoon kernel[999]: [   73.190000] UBIFS (ubi7:3): LEB size: 65408 bytes (63 KiB), min./max. I/O unit sizes: 8 bytes/256 bytes
Sep 15 22:22:04 witherspoon systemd[1]: Starting Wait for /xyz/openbmc_project/control/host0/boot/one_time...
Sep 15 22:22:09 witherspoon kernel[999]: [   73.190000] UBIFS (ubi7:3): FS size: 16155776 bytes (15 MiB, 247 LEBs), journal size 784896 bytes (0 MiB, 12 LEBs)
Sep 15 22:22:04 witherspoon systemd[1]: Started Phosphor Hwmon Poller.
Sep 15 22:22:09 witherspoon kernel[999]: [   73.190000] UBIFS (ubi7:3): reserved for root: 763076 bytes (745 KiB)
Sep 15 22:22:06 witherspoon systemd[1]: Started OpenPower Software Update Manager.
Sep 15 22:22:09 witherspoon kernel[999]: [   73.190000] UBIFS (ubi7:3): media format: w5/r0 (latest is w5/r0), UUID BABB1637-BC68-4CC0-9376-4DB953F1E51D, small LPT model
Sep 15 22:22:06 witherspoon systemd[1]: Starting Create a ubi volume for pnor patches...
Sep 15 22:22:06 witherspoon systemd[1]: Started Phosphor MBOX Daemon.
Sep 15 22:22:06 witherspoon systemd[1]: Started Wait for /xyz/openbmc_project/control/host0/boot/one_time.
Sep 15 22:22:06 witherspoon systemd[1]: Started Wait for /xyz/openbmc_project/time/owner.
Sep 15 22:22:06 witherspoon systemd[1]: Started Wait for /xyz/openbmc_project/control/host0/power_restore_policy.
Sep 15 22:22:09 witherspoon systemd[1]: Started Create a ubi volume for pnor patches.
Sep 15 22:22:12 witherspoon mboxd[1122]: The operation failed internally.
Sep 15 22:22:12 witherspoon systemd[1]: Started Wait for /xyz/openbmc_project/inventory.
Sep 15 22:22:12 witherspoon systemd[1]: Started Phosphor Cooling Type.
Sep 15 22:22:13 witherspoon systemd[1]: Started Phosphor GPIO 0 Presence.
Sep 15 22:22:13 witherspoon systemd[1]: Starting Phosphor MAX31785 MSL...
Sep 15 22:22:13 witherspoon systemd[1]: Started Phosphor GPIO 1 Presence.
Sep 15 22:22:13 witherspoon systemd[1]: Starting OpenPOWER OCC controller...
Sep 15 22:22:13 witherspoon systemd[1]: Starting Read OpenPOWER-format VPD from EEPROM...
Sep 15 22:22:13 witherspoon systemd[1]: Started Wait for /org/openbmc/managers/Download.
Sep 15 22:22:13 witherspoon systemd[1]: Started Wait for /xyz/openbmc_project/led/groups/bmc_booted.
Sep 15 22:22:13 witherspoon systemd[1]: Started Wait for /xyz/openbmc_project/led/groups.
Sep 15 22:22:13 witherspoon systemd[1]: Started Wait for /xyz/openbmc_project/control/host0/auto_reboot.
Sep 15 22:22:13 witherspoon systemd[1]: Started Wait for /org/openbmc/NetworkManager/Interface.
Sep 15 22:22:13 witherspoon systemd[1]: Started Wait for /xyz/openbmc_project/control/host0/boot.
Sep 15 22:22:13 witherspoon systemd[1]: Started Phosphor DNS Settings Cache Manager.
Sep 15 22:22:13 witherspoon systemd[1]: Started FRU Fault monitor service.
Sep 15 22:22:14 witherspoon phosphor-gpio-presence[1153]: Updating inventory present property
Sep 15 22:22:14 witherspoon phosphor-gpio-presence[1142]: Updating inventory present property
Sep 15 22:22:18 witherspoon systemd[1]: Started Phosphor Network Manager.
Sep 15 22:22:20 witherspoon systemd[1]: Started Wait for /org/openbmc/control/bmc0.
Sep 15 22:22:20 witherspoon systemd[1]: Started Wait for /xyz/openbmc_project/control/host0/restriction_mode.
Sep 15 22:22:20 witherspoon systemd[1]: Starting Phosphor BMC Code Update...
Sep 15 22:22:20 witherspoon systemd[1]: Started Wait for /xyz/openbmc_project/time/sync_method.
Sep 15 22:22:21 witherspoon phosphor-image-updater[1100]: Error in mapper GetSubTreePath
Sep 15 22:22:21 witherspoon systemd[1]: Started OpenBMC Software Update Manager.
Sep 15 22:22:21 witherspoon systemd[1]: Starting Phosphor Version Software Manager...
Sep 15 22:22:22 witherspoon dbus[964]: [system] Activating via systemd: service name='org.freedesktop.journal1' unit='dbus-org.freedesktop.journal1.service'
Sep 15 22:22:22 witherspoon systemd[1]: Starting Journal Dbus Service...
Sep 15 22:22:22 witherspoon dbus[964]: [system] Successfully activated service 'org.freedesktop.journal1'
Sep 15 22:22:22 witherspoon systemd[1]: Started Journal Dbus Service.
Sep 15 22:22:22 witherspoon phosphor-log-manager[961]: Failed to find metadata
Sep 15 22:22:23 witherspoon phosphor-fru-fault-monitor[1157]: /xyz/openbmc_project/logging/entry/1
Sep 15 22:22:23 witherspoon system_manager.py[1095]: Running System State: BASE_APPS
Sep 15 22:22:23 witherspoon phosphor-network-manager[1099]: ConfigParser: Key not found
Sep 15 22:22:23 witherspoon phosphor-network-manager[1099]: The operation failed internally.
Sep 15 22:22:23 witherspoon phosphor-network-manager[1099]: Exception occured during getting of DHCP value
Sep 15 22:22:23 witherspoon system_manager.py[1095]: SystemManager Init Done
Sep 15 22:22:23 witherspoon system_manager.py[1095]: Running SystemManager
Sep 15 22:22:23 witherspoon systemd[1]: Started Phoshpor System Manager.
Sep 15 22:22:24 witherspoon dbus[964]: [system] Activating via systemd: service name='org.freedesktop.hostname1' unit='dbus-org.freedesktop.hostname1.service'
Sep 15 22:22:24 witherspoon systemd[1]: Starting Hostname Service...
Sep 15 22:22:24 witherspoon systemd[1]: Started Phosphor Version Software Manager.
Sep 15 22:22:25 witherspoon systemd[1]: Started OpenPOWER OCC controller.
Sep 15 22:22:26 witherspoon dbus[964]: [system] Successfully activated service 'org.freedesktop.hostname1'
Sep 15 22:22:26 witherspoon systemd[1]: Started Hostname Service.
Sep 15 22:22:28 witherspoon phosphor-dump-manager[1019]: The name xyz.openbmc_project.State.BMC was not provided by any .service files
Sep 15 22:22:28 witherspoon phosphor-dump-manager[1019]: The name xyz.openbmc_project.State.Host was not provided by any .service files
Sep 15 22:22:29 witherspoon system_manager.py[1095]: SystemManager Goto System State: BMC_STARTING
Sep 15 22:22:29 witherspoon system_manager.py[1095]: Running System State: BMC_STARTING
Sep 15 22:22:29 witherspoon phosphor-dump-manager[1019]: The name xyz.openbmc_project.State.Chassis was not provided by any .service files
Sep 15 22:22:31 witherspoon bmc_update.py[1162]: Running Bmc Flash Control
Sep 15 22:22:31 witherspoon systemd[1]: Started Phosphor BMC Code Update.
Sep 15 22:22:37 witherspoon settings_manager.py[1112]: Running HostSettingsService
Sep 15 22:22:36 witherspoon systemd[1]: Started Phosphor Settings Manager.
Sep 15 22:22:36 witherspoon systemd[1]: Starting Wait for /org/openbmc/settings/host0...
Sep 15 22:22:37 witherspoon systemd[1]: Started Read OpenPOWER-format VPD from EEPROM.
Sep 15 22:22:40 witherspoon systemd[1]: Started Phosphor MAX31785 MSL.
Sep 15 22:22:41 witherspoon phosphor-dump-manager[1019]: Fri Sep 15 22:22:41 UTC 2017 Report is available in /var/lib/phosphor-debug-collector/dumps/1
Sep 15 22:22:44 witherspoon phosphor-dump-manager[1019]: Fri Sep 15 22:22:44 UTC 2017 Sucessfully completed
Sep 15 22:22:45 witherspoon systemd[1]: Started Wait for /org/openbmc/managers/System.
Sep 15 22:22:45 witherspoon systemd[1]: Starting Phosphor BMC State Manager...
Sep 15 22:22:45 witherspoon systemd[1]: Starting Phosphor Power Button0...
Sep 15 22:22:45 witherspoon button_power.exe[1246]: GPIO Lookup:  POWER_BUTTON = 347,both
Sep 15 22:22:45 witherspoon systemd[1]: Starting Phosphor Power0 Control...
Sep 15 22:22:45 witherspoon systemd[1]: Starting Phosphor Reset Button0...
Sep 15 22:22:45 witherspoon systemd[1]: Starting Phosphor Chassis State Manager...
Sep 15 22:22:45 witherspoon systemd[1]: Started Phosphor Power Button0.
Sep 15 22:22:46 witherspoon button_reset.exe[1254]: GPIO Lookup:  RESET_BUTTON = 353,both
Sep 15 22:22:46 witherspoon systemd[1]: Started Phosphor Reset Button0.
Sep 15 22:22:46 witherspoon phosphor-bmc-state-manager[1245]: Setting the BMCState field
Sep 15 22:22:46 witherspoon phosphor-bmc-state-manager[1245]: Setting the BMCState field
Sep 15 22:22:46 witherspoon systemd[1]: Started Phosphor BMC State Manager.
Sep 15 22:22:46 witherspoon phosphor-chassis-state-manager[1255]: Initial Chassis State will be Off
Sep 15 22:22:46 witherspoon systemd[1]: Started Phosphor Chassis State Manager.
Sep 15 22:22:47 witherspoon system_manager.py[1095]: New object: /org/openbmc/control/power0 (:1.94)
Sep 15 22:22:47 witherspoon system_manager.py[1095]: Power GPIO config: ['SYS_PWROK_BUFF', '', [('SOFTWARE_PGOOD', True), ('BMC_POWER_UP', True)], [('BMC_CP0_RESET_N', False)], [], 'FSI_DATA', 'FSI_CLK', 'FSI_ENABLE', 'CRONUS_SEL', []]
Sep 15 22:22:47 witherspoon power_control.exe[1253]: Power GPIO latch output:
Sep 15 22:22:47 witherspoon power_control.exe[1253]: Power GPIO power good input: SYS_PWROK_BUFF
Sep 15 22:22:47 witherspoon power_control.exe[1253]: Power GPIO 2 power_up outputs
Sep 15 22:22:47 witherspoon power_control.exe[1253]: Power GPIO power_up[0] = SOFTWARE_PGOOD active HIGH
Sep 15 22:22:47 witherspoon power_control.exe[1253]: Power GPIO power_up[1] = BMC_POWER_UP active HIGH
Sep 15 22:22:47 witherspoon power_control.exe[1253]: Power GPIO 1 reset outputs
Sep 15 22:22:47 witherspoon power_control.exe[1253]: Power GPIO reset[0] = BMC_CP0_RESET_N active LOW
Sep 15 22:22:47 witherspoon power_control.exe[1253]: Power GPIO 0 pci reset outputs
Sep 15 22:22:47 witherspoon power_control.exe[1253]: FSI DATA GPIO: FSI_DATA
Sep 15 22:22:47 witherspoon power_control.exe[1253]: FSI CLK GPIO: FSI_CLK
Sep 15 22:22:47 witherspoon power_control.exe[1253]: FSI ENABLE GPIO: FSI_ENABLE
Sep 15 22:22:47 witherspoon power_control.exe[1253]: CRONUS SEL GPIO: CRONUS_SEL
Sep 15 22:22:47 witherspoon power_control.exe[1253]: Hostctl GPIO optionals: 0
Sep 15 22:22:47 witherspoon power_control.exe[1253]: GPIO Lookup:  SYS_PWROK_BUFF = 306,in
Sep 15 22:22:47 witherspoon power_control.exe[1253]: GPIO Lookup:  SOFTWARE_PGOOD = 417,out
Sep 15 22:22:48 witherspoon power_control.exe[1253]: GPIO Lookup:  BMC_POWER_UP = 305,out
Sep 15 22:22:48 witherspoon power_control.exe[1253]: GPIO Lookup:  BMC_CP0_RESET_N = 281,out
Sep 15 22:22:48 witherspoon power_control.exe[1253]: Pgood state: 0
Sep 15 22:22:48 witherspoon systemd[1]: Started Phosphor Power0 Control.
Sep 15 22:22:51 witherspoon systemd[1]: Started Wait for /org/openbmc/settings/host0.
Sep 15 22:22:51 witherspoon systemd[1]: Started Phosphor Inband IPMI.
Sep 15 22:22:55 witherspoon systemd[1]: Started Wait for /xyz/openbmc_project/state/chassis0.
Sep 15 22:22:55 witherspoon systemd[1]: Started Wait for /org/openbmc/control/power0.
Sep 15 22:22:55 witherspoon systemd[1]: Starting Check Chassis0 pgood and create a file to indicate it...
Sep 15 22:22:55 witherspoon systemd[1]: Starting Phosphor Time Manager daemon...
Sep 15 22:22:56 witherspoon systemd[1]: Started Check Chassis0 pgood and create a file to indicate it.
Sep 15 22:22:56 witherspoon systemd[1]: Reached target Chassis0 power on after reset.
Sep 15 22:22:56 witherspoon systemd[1]: Reached target Chassis0 (Reset Check).
Sep 15 22:22:57 witherspoon timemanager[1278]: Registering dbus methods
Sep 15 22:22:58 witherspoon systemd[1]: Started Wait for /xyz/openbmc_project/control/host0.
Sep 15 22:22:58 witherspoon systemd[1]: Reached target Host0 running after reset.
Sep 15 22:22:58 witherspoon systemd[1]: Starting Phosphor Host State Manager...
Sep 15 22:22:58 witherspoon systemd[1]: Reached target Host0 (Reset Check).
Sep 15 22:22:59 witherspoon timemanager[1278]: Last known time_mode: NTP
Sep 15 22:22:59 witherspoon timemanager[1278]: Last known time_owner: BMC
Sep 15 22:22:59 witherspoon timemanager[1278]: Empty DhcpNtp string
Sep 15 22:22:59 witherspoon timemanager[1278]: Reading Power Control key: pgood
Sep 15 22:22:59 witherspoon timemanager[1278]: Changing settings *allowed* now
Sep 15 22:23:00 witherspoon phosphor-host-state-manager[1288]: Initial Host State will be Off
Sep 15 22:23:00 witherspoon phosphor-host-state-manager[1288]: External request to reset reboot count
Sep 15 22:23:00 witherspoon timemanager[1278]: Owner is already set to : BMC
Sep 15 22:23:00 witherspoon timemanager[1278]: Requested_Mode: NTP Current_Mode: NTP
Sep 15 22:23:00 witherspoon timemanager[1278]: Mode is already set to : NTP
Sep 15 22:23:00 witherspoon timemanager[1278]: Getting System Settings: use_dhcp_ntp
Sep 15 22:23:00 witherspoon timemanager[1278]: use_dhcp_ntp = yes
Sep 15 22:23:00 witherspoon timemanager[1278]: Last known host_offset:0
Sep 15 22:23:00 witherspoon timemanager[1278]: Initial Uptime Usec: 1505514056014660
Sep 15 22:23:00 witherspoon systemd[1]: Started Phosphor Time Manager daemon.
Sep 15 22:23:00 witherspoon systemd[1]: Started Phosphor Host State Manager.
Sep 15 22:23:01 witherspoon phosphor-gevent[1102]: Traceback (most recent call last):
Sep 15 22:23:01 witherspoon phosphor-gevent[1102]:   File "/usr/lib/python2.7/site-packages/gevent/greenlet.py", line 327, in run
Sep 15 22:23:01 witherspoon phosphor-gevent[1102]:     result = self._run(*self.args, **self.kwargs)
Sep 15 22:23:01 witherspoon phosphor-gevent[1102]:   File "/usr/lib/python2.7/site-packages/gevent/server.py", line 102, in wrap_socket_and_handle
Sep 15 22:23:01 witherspoon phosphor-gevent[1102]:     ssl_socket = self.wrap_socket(client_socket, **self.ssl_args)
Sep 15 22:23:01 witherspoon phosphor-gevent[1102]:   File "/usr/lib/python2.7/site-packages/gevent/ssl.py", line 404, in wrap_socket
Sep 15 22:23:01 witherspoon phosphor-gevent[1102]:     ciphers=ciphers)
Sep 15 22:23:01 witherspoon phosphor-gevent[1102]:   File "/usr/lib/python2.7/site-packages/gevent/ssl.py", line 113, in __init__
Sep 15 22:23:01 witherspoon phosphor-gevent[1102]:     self.do_handshake()
Sep 15 22:23:01 witherspoon phosphor-gevent[1102]:   File "/usr/lib/python2.7/site-packages/gevent/ssl.py", line 324, in do_handshake
Sep 15 22:23:01 witherspoon phosphor-gevent[1102]:     return self._sslobj.do_handshake()
Sep 15 22:23:01 witherspoon phosphor-gevent[1102]: SSLEOFError: EOF occurred in violation of protocol (_ssl.c:590)
Sep 15 22:23:01 witherspoon phosphor-gevent[1102]: <Greenlet at 0x76033490: <bound method WSGIServer.wrap_socket_and_handle of <WSGIServer at 0x76009bd0 fileno=5 address=('::34e2:f176:b0bd:6776%1986510240', 443, 0, 1986510240)>>(<socket at 0x75ee08b0 fileno=9>, ('::80c9:6576:8e91:f402%1995492124', 39332, 0, 199)> failed with SSLEOFError
Sep 15 22:23:01 witherspoon phosphor-gevent[1102]: Traceback (most recent call last):
Sep 15 22:23:01 witherspoon phosphor-gevent[1102]:   File "/usr/lib/python2.7/site-packages/gevent/greenlet.py", line 327, in run
Sep 15 22:23:01 witherspoon phosphor-gevent[1102]:     result = self._run(*self.args, **self.kwargs)
Sep 15 22:23:01 witherspoon phosphor-gevent[1102]:   File "/usr/lib/python2.7/site-packages/gevent/server.py", line 102, in wrap_socket_and_handle
Sep 15 22:23:01 witherspoon phosphor-gevent[1102]:     ssl_socket = self.wrap_socket(client_socket, **self.ssl_args)
Sep 15 22:23:01 witherspoon phosphor-gevent[1102]:   File "/usr/lib/python2.7/site-packages/gevent/ssl.py", line 404, in wrap_socket
Sep 15 22:23:01 witherspoon phosphor-gevent[1102]:     ciphers=ciphers)
Sep 15 22:23:01 witherspoon phosphor-gevent[1102]:   File "/usr/lib/python2.7/site-packages/gevent/ssl.py", line 113, in __init__
Sep 15 22:23:01 witherspoon phosphor-gevent[1102]:     self.do_handshake()
Sep 15 22:23:01 witherspoon phosphor-gevent[1102]:   File "/usr/lib/python2.7/site-packages/gevent/ssl.py", line 324, in do_handshake
Sep 15 22:23:01 witherspoon phosphor-gevent[1102]:     return self._sslobj.do_handshake()
Sep 15 22:23:01 witherspoon phosphor-gevent[1102]: SSLEOFError: EOF occurred in violation of protocol (_ssl.c:590)
Sep 15 22:23:01 witherspoon phosphor-gevent[1102]: <Greenlet at 0x76033760: <bound method WSGIServer.wrap_socket_and_handle of <WSGIServer at 0x76009bd0 fileno=5 address=('::34e2:f176:b0bd:6776%1986510240', 443, 0, 1986510240)>>(<socket at 0x75ee0850 fileno=10>, ('::80c9:6576:8e91:f402%1995492124', 39334, 0, 199)> failed with SSLEOFError
Sep 15 22:23:02 witherspoon phosphor-gevent[1102]: Traceback (most recent call last):
Sep 15 22:23:02 witherspoon phosphor-gevent[1102]:   File "/usr/lib/python2.7/site-packages/gevent/greenlet.py", line 327, in run
Sep 15 22:23:02 witherspoon phosphor-gevent[1102]:     result = self._run(*self.args, **self.kwargs)
Sep 15 22:23:02 witherspoon phosphor-gevent[1102]:   File "/usr/lib/python2.7/site-packages/gevent/server.py", line 102, in wrap_socket_and_handle
Sep 15 22:23:02 witherspoon phosphor-gevent[1102]:     ssl_socket = self.wrap_socket(client_socket, **self.ssl_args)
Sep 15 22:23:02 witherspoon phosphor-gevent[1102]:   File "/usr/lib/python2.7/site-packages/gevent/ssl.py", line 404, in wrap_socket
Sep 15 22:23:02 witherspoon phosphor-gevent[1102]:     ciphers=ciphers)
Sep 15 22:23:02 witherspoon phosphor-gevent[1102]:   File "/usr/lib/python2.7/site-packages/gevent/ssl.py", line 113, in __init__
Sep 15 22:23:02 witherspoon phosphor-gevent[1102]:     self.do_handshake()
Sep 15 22:23:02 witherspoon phosphor-gevent[1102]:   File "/usr/lib/python2.7/site-packages/gevent/ssl.py", line 324, in do_handshake
Sep 15 22:23:02 witherspoon phosphor-gevent[1102]:     return self._sslobj.do_handshake()
Sep 15 22:23:02 witherspoon phosphor-gevent[1102]: SSLEOFError: EOF occurred in violation of protocol (_ssl.c:590)
Sep 15 22:23:02 witherspoon phosphor-gevent[1102]: <Greenlet at 0x76033440: <bound method WSGIServer.wrap_socket_and_handle of <WSGIServer at 0x76009bd0 fileno=5 address=('::34e2:f176:b0bd:6776%1986510240', 443, 0, 1986510240)>>(<socket at 0x75ee08f0 fileno=11>, ('::80c9:6576:8e91:f402%1995492124', 39338, 0, 199)> failed with SSLEOFError
Sep 15 22:23:02 witherspoon systemd[1]: Started Wait for /xyz/openbmc_project/state/host0.
Sep 15 22:23:02 witherspoon systemd[1]: Starting Reboot If Enabled...
Sep 15 22:23:02 witherspoon phosphor-gevent[1102]: ::80c9:6576:8e91:f402%1995492124 - - [2017-09-15 22:23:02] "POST /login HTTP/1.1" 200 320 0.255905
Sep 15 22:23:02 witherspoon phosphor-gevent[1102]: ::80c9:6576:8e91:f402%1995492124 - - [2017-09-15 22:23:02] "GET /xyz/openbmc_project/state/chassis0//attr/CurrentPowerState HTTP/1.1" 200 216 0.079154
Sep 15 22:23:03 witherspoon phosphor-gevent[1102]: ::80c9:6576:8e91:f402%1995492124 - - [2017-09-15 22:23:03] "POST /login HTTP/1.1" 200 320 0.032958
Sep 15 22:23:03 witherspoon phosphor-gevent[1102]: ::80c9:6576:8e91:f402%1995492124 - - [2017-09-15 22:23:03] "GET /xyz/openbmc_project/state/chassis0//attr/CurrentPowerState HTTP/1.1" 200 216 0.512443
Sep 15 22:23:03 witherspoon phosphor-discover-system-state[1290]: Host power is off, checking power policy
Sep 15 22:23:03 witherspoon systemd[1]: Started Reboot If Enabled.
Sep 15 22:23:03 witherspoon systemd[1]: Reached target Phosphor System - Standby.
Sep 15 22:23:03 witherspoon systemd[1]: Starting Assert bmc_booted LED...
Sep 15 22:23:03 witherspoon phosphor-bmc-state-manager[1245]: BMC_READY
Sep 15 22:23:03 witherspoon phosphor-bmc-state-manager[1245]: Setting the BMCState field
Sep 15 22:23:04 witherspoon phosphor-ledmanager[994]: Asserting LEDs
Sep 15 22:23:04 witherspoon systemd[1]: Started Assert bmc_booted LED.
Sep 15 22:23:04 witherspoon systemd[1]: Startup finished in 10.118s (kernel) + 1min 58.157s (userspace) = 2min 8.275s.
Sep 15 22:23:04 witherspoon phosphor-gevent[1102]: ::80c9:6576:8e91:f402%1995492124 - - [2017-09-15 22:23:04] "POST /login HTTP/1.1" 200 320 0.050769
Sep 15 22:23:05 witherspoon phosphor-gevent[1102]: ::80c9:6576:8e91:f402%1995492124 - - [2017-09-15 22:23:05] "GET /xyz/openbmc_project/state/host0//attr/BootProgress HTTP/1.1" 200 234 0.931248
Sep 15 22:23:05 witherspoon phosphor-gevent[1102]: ::80c9:6576:8e91:f402%1995492124 - - [2017-09-15 22:23:05] "POST /login HTTP/1.1" 200 320 0.033307
Sep 15 22:23:06 witherspoon phosphor-gevent[1102]: ::80c9:6576:8e91:f402%1995492124 - - [2017-09-15 22:23:06] "GET /xyz/openbmc_project/state/host0//attr/CurrentHostState HTTP/1.1" 200 212 0.073865
Sep 15 22:23:06 witherspoon phosphor-gevent[1102]: ::80c9:6576:8e91:f402%1995492124 - - [2017-09-15 22:23:06] "POST /login HTTP/1.1" 200 320 0.032888
Sep 15 22:23:06 witherspoon phosphor-gevent[1102]: ::80c9:6576:8e91:f402%1995492124 - - [2017-09-15 22:23:06] "GET /xyz/openbmc_project/logging/entry//list HTTP/1.1" 200 214 0.064165
Sep 15 22:23:06 witherspoon phosphor-gevent[1102]: ::80c9:6576:8e91:f402%1995492124 - - [2017-09-15 22:23:06] "POST /login HTTP/1.1" 200 320 0.215677
Sep 15 22:23:07 witherspoon phosphor-gevent[1102]: ::80c9:6576:8e91:f402%1995492124 - - [2017-09-15 22:23:07] "GET /xyz/openbmc_project/logging/entry//list HTTP/1.1" 200 214 1.010453
Sep 15 22:23:08 witherspoon phosphor-gevent[1102]: ::80c9:6576:8e91:f402%1995492124 - - [2017-09-15 22:23:08] "POST /login HTTP/1.1" 200 320 0.033818
Sep 15 22:23:08 witherspoon phosphor-gevent[1102]: ::80c9:6576:8e91:f402%1995492124 - - [2017-09-15 22:23:08] "DELETE /xyz/openbmc_project/logging/entry/1 HTTP/1.1" 200 169 0.299629
Sep 15 22:23:08 witherspoon phosphor-gevent[1102]: ::80c9:6576:8e91:f402%1995492124 - - [2017-09-15 22:23:08] "POST /login HTTP/1.1" 200 320 0.033236
Sep 15 22:23:08 witherspoon phosphor-gevent[1102]: ::80c9:6576:8e91:f402%1995492124 - - [2017-09-15 22:23:08] "GET /xyz/openbmc_project/state/host0//attr/CurrentHostState HTTP/1.1" 200 212 0.072099
Sep 15 22:23:09 witherspoon phosphor-gevent[1102]: ::80c9:6576:8e91:f402%1995492124 - - [2017-09-15 22:23:09] "POST /login HTTP/1.1" 200 320 0.033351
Sep 15 22:23:09 witherspoon phosphor-gevent[1102]: ::80c9:6576:8e91:f402%1995492124 - - [2017-09-15 22:23:09] "GET /xyz/openbmc_project/logging/entry//list HTTP/1.1" 404 311 0.030118
Sep 15 22:23:09 witherspoon phosphor-gevent[1102]: ::80c9:6576:8e91:f402%1995492124 - - [2017-09-15 22:23:09] "POST /login HTTP/1.1" 200 320 0.032799
Sep 15 22:23:09 witherspoon phosphor-gevent[1102]: ::80c9:6576:8e91:f402%1995492124 - - [2017-09-15 22:23:09] "GET /xyz/openbmc_project/logging/entry//list HTTP/1.1" 404 311 0.067903
Sep 15 22:23:10 witherspoon dropbear[1072]: Exit (root): Exited normally
Sep 15 22:24:21 witherspoon systemd[1]: Started SSH Per-Connection Server (9.41.165.94:38362).
Sep 15 22:24:21 witherspoon dropbear[1308]: Failed loading /etc/dropbear/dropbear_dss_host_key
Sep 15 22:24:22 witherspoon dropbear[1308]: Failed loading /etc/dropbear/dropbear_ecdsa_host_key
Sep 15 22:24:22 witherspoon dropbear[1308]: Child connection from ::ffff:9.41.165.94:38362
Sep 15 22:24:22 witherspoon dropbear[1308]: PAM password auth succeeded for 'root' from ::ffff:9.41.165.94:38362
Sep 15 22:24:22 witherspoon dropbear[1309]: lastlog_perform_login: Couldn't stat /var/log/lastlog: No such file or directory
Sep 15 22:24:22 witherspoon dropbear[1309]: lastlog_openseek: /var/log/lastlog is not a file or directory!
Sep 15 22:24:23 witherspoon phosphor-gevent[1102]: ::80c9:6576:8e91:f402%1995492124 - - [2017-09-15 22:24:23] "POST /login HTTP/1.1" 200 320 0.048001
Sep 15 22:24:24 witherspoon phosphor-gevent[1102]: ::80c9:6576:8e91:f402%1995492124 - - [2017-09-15 22:24:24] "GET /xyz/openbmc_project/software/ HTTP/1.1" 200 261 0.083451
Sep 15 22:24:24 witherspoon phosphor-gevent[1102]: ::80c9:6576:8e91:f402%1995492124 - - [2017-09-15 22:24:24] "POST /login HTTP/1.1" 200 320 0.033285
Sep 15 22:24:24 witherspoon phosphor-gevent[1102]: ::80c9:6576:8e91:f402%1995492124 - - [2017-09-15 22:24:24] "GET /xyz/openbmc_project/software/8764baa3/attr/Purpose HTTP/1.1" 200 224 0.098770
Sep 15 22:24:24 witherspoon phosphor-gevent[1102]: ::80c9:6576:8e91:f402%1995492124 - - [2017-09-15 22:24:24] "POST /login HTTP/1.1" 200 320 0.033519
Sep 15 22:24:24 witherspoon phosphor-gevent[1102]: ::80c9:6576:8e91:f402%1995492124 - - [2017-09-15 22:24:24] "GET /xyz/openbmc_project/software/active/attr/Purpose HTTP/1.1" 404 259 0.046163
Sep 15 22:24:24 witherspoon phosphor-gevent[1102]: ::80c9:6576:8e91:f402%1995492124 - - [2017-09-15 22:24:24] "POST /login HTTP/1.1" 200 320 0.032827
Sep 15 22:24:24 witherspoon phosphor-gevent[1102]: ::80c9:6576:8e91:f402%1995492124 - - [2017-09-15 22:24:24] "GET /xyz/openbmc_project/software/8764baa3 HTTP/1.1" 200 970 0.129043
Sep 15 22:24:25 witherspoon systemd[1]: Started SSH Per-Connection Server (9.41.165.94:38372).
Sep 15 22:24:25 witherspoon dropbear[1315]: Failed loading /etc/dropbear/dropbear_dss_host_key
Sep 15 22:24:25 witherspoon dropbear[1315]: Failed loading /etc/dropbear/dropbear_ecdsa_host_key
Sep 15 22:24:25 witherspoon dropbear[1315]: Child connection from ::ffff:9.41.165.94:38372
Sep 15 22:24:25 witherspoon dropbear[1315]: PAM password auth succeeded for 'root' from ::ffff:9.41.165.94:38372
Sep 15 22:24:26 witherspoon dropbear[1316]: lastlog_perform_login: Couldn't stat /var/log/lastlog: No such file or directory
Sep 15 22:24:26 witherspoon dropbear[1316]: lastlog_openseek: /var/log/lastlog is not a file or directory!
Sep 15 22:24:26 witherspoon systemd[1]: Started SSH Per-Connection Server (9.41.165.94:38374).
Sep 15 22:24:26 witherspoon dropbear[1322]: Failed loading /etc/dropbear/dropbear_dss_host_key
Sep 15 22:24:26 witherspoon dropbear[1322]: Failed loading /etc/dropbear/dropbear_ecdsa_host_key
Sep 15 22:24:26 witherspoon dropbear[1322]: Child connection from ::ffff:9.41.165.94:38374
Sep 15 22:24:26 witherspoon dropbear[1322]: PAM password auth succeeded for 'root' from ::ffff:9.41.165.94:38374
Sep 15 22:24:26 witherspoon dropbear[1323]: lastlog_perform_login: Couldn't stat /var/log/lastlog: No such file or directory
Sep 15 22:24:26 witherspoon dropbear[1323]: lastlog_openseek: /var/log/lastlog is not a file or directory!
Sep 15 22:24:28 witherspoon phosphor-gevent[1102]: ::80c9:6576:8e91:f402%1995492124 - - [2017-09-15 22:24:28] "POST /login HTTP/1.1" 200 320 0.032901
Sep 15 22:24:28 witherspoon phosphor-gevent[1102]: ::80c9:6576:8e91:f402%1995492124 - - [2017-09-15 22:24:28] "POST /login HTTP/1.1" 200 320 0.033424
Sep 15 22:24:28 witherspoon phosphor-gevent[1102]: ::80c9:6576:8e91:f402%1995492124 - - [2017-09-15 22:24:28] "GET /xyz/openbmc_project/state/host0//attr/CurrentHostState HTTP/1.1" 200 212 0.083577
Sep 15 22:24:28 witherspoon systemd[1]: Created slice system-obmc\x2dconsole\x2dssh.slice.
Sep 15 22:24:29 witherspoon dropbear[1329]: Failed loading /etc/dropbear/dropbear_dss_host_key
Sep 15 22:24:28 witherspoon systemd[1]: Started Phosphor Host Console SSH Per-Connection (9.41.165.94:55164).
Sep 15 22:24:29 witherspoon dropbear[1329]: Failed loading /etc/dropbear/dropbear_ecdsa_host_key
Sep 15 22:24:29 witherspoon dropbear[1329]: Child connection from ::ffff:9.41.165.94:55164
Sep 15 22:24:29 witherspoon dropbear[1329]: PAM password auth succeeded for 'root' from ::ffff:9.41.165.94:55164
Sep 15 22:24:29 witherspoon dropbear[1330]: lastlog_perform_login: Couldn't stat /var/log/lastlog: No such file or directory
Sep 15 22:24:29 witherspoon dropbear[1330]: lastlog_openseek: /var/log/lastlog is not a file or directory!
Sep 15 22:24:30 witherspoon phosphor-gevent[1102]: ::80c9:6576:8e91:f402%1995492124 - - [2017-09-15 22:24:30] "POST /login HTTP/1.1" 200 320 0.036583
Sep 15 22:24:30 witherspoon phosphor-host-state-manager[1288]: Host State transaction request
Sep 15 22:24:30 witherspoon systemd[1]: Stopped target Host0 (Reset Check).
Sep 15 22:24:30 witherspoon phosphor-gevent[1102]: ::80c9:6576:8e91:f402%1995492124 - - [2017-09-15 22:24:30] "PUT /xyz/openbmc_project/state/host0//attr/RequestedHostTransition HTTP/1.1" 200 169 0.385984
Sep 15 22:24:30 witherspoon systemd[1]: Created slice system-vcs_off_poweroff.slice.
Sep 15 22:24:30 witherspoon systemd[1]: Created slice system-obmc\x2dled\x2dgroup\x2dstop.slice.
Sep 15 22:24:30 witherspoon systemd[1]: Created slice system-ir35221\x2doff\x2dbind.slice.
Sep 15 22:24:30 witherspoon systemd[1]: Starting Wait for /org/openbmc/control/chassis0...
Sep 15 22:24:30 witherspoon systemd[1]: Reached target Stop Hosti (Pre).
Sep 15 22:24:30 witherspoon systemd[1]: Starting Wait for /xyz/openbmc_project/led/groups/power_on...
Sep 15 22:24:30 witherspoon systemd[1]: Reached target Hosti (Stopping).
Sep 15 22:24:30 witherspoon systemd[1]: Stopped target Host0 running after reset.
Sep 15 22:24:30 witherspoon systemd[1]: Reached target Hosti (Stopped).
Sep 15 22:24:30 witherspoon systemd[1]: Created slice system-op\x2docc\x2ddisable.slice.
Sep 15 22:24:30 witherspoon systemd[1]: Starting OpenPOWER OCC Active Disable...
Sep 15 22:24:30 witherspoon systemd[1]: Created slice system-op\x2dpower\x2dstop.slice.
Sep 15 22:24:30 witherspoon systemd[1]: Stopped target Chassis0 power on after reset.
Sep 15 22:24:30 witherspoon systemd[1]: Stopped target Chassis0 (Reset Check).
Sep 15 22:24:30 witherspoon systemd[1]: Created slice system-ir35221\x2doff\x2dunbind.slice.
Sep 15 22:24:30 witherspoon systemd[1]: Reached target Poweri Off (Pre).
Sep 15 22:24:30 witherspoon systemd[1]: Reached target Poweri Off.
Sep 15 22:24:30 witherspoon systemd[1]: Created slice system-op\x2dwait\x2dpower\x2doff.slice.
Sep 15 22:24:30 witherspoon systemd[1]: Starting Wait for /org/openbmc/HostIpmi/1...
Sep 15 22:24:31 witherspoon systemd[1]: Started Wait for /xyz/openbmc_project/led/groups/power_on.
Sep 15 22:24:31 witherspoon systemd[1]: Started Wait for /org/openbmc/HostIpmi/1.
Sep 15 22:24:31 witherspoon systemd[1]: Starting Soft power off of the host...
Sep 15 22:24:31 witherspoon systemd[1]: Starting Assert power_on LED...
Sep 15 22:24:32 witherspoon phosphor-gevent[1102]: ::80c9:6576:8e91:f402%1995492124 - - [2017-09-15 22:24:32] "POST /login HTTP/1.1" 200 320 0.033154
Sep 15 22:24:32 witherspoon systemd[1]: Started OpenPOWER OCC Active Disable.
Sep 15 22:24:32 witherspoon systemd[1]: Reached target Stop Host0 (Pre).
Sep 15 22:24:32 witherspoon systemd[1]: Starting Power off mode unbind ir35221 device driver devs...
Sep 15 22:24:32 witherspoon systemd[1]: Started Power off mode unbind ir35221 device driver devs.
Sep 15 22:24:32 witherspoon systemd[1]: xyz.openbmc_project.Hwmon@ahb-apb-i2c\x401e78a000-i2c\x2dbus\x40180-ir35221\x4071.service: Unit not needed anymore. Stopping.
Sep 15 22:24:32 witherspoon systemd[1]: xyz.openbmc_project.Hwmon@ahb-apb-i2c\x401e78a000-i2c\x2dbus\x40140-ir35221\x4071.service: Unit not needed anymore. Stopping.
Sep 15 22:24:32 witherspoon systemd[1]: xyz.openbmc_project.Hwmon@ahb-apb-i2c\x401e78a000-i2c\x2dbus\x40140-ir35221\x4070.service: Unit not needed anymore. Stopping.
Sep 15 22:24:32 witherspoon systemd[1]: xyz.openbmc_project.Hwmon@ahb-apb-i2c\x401e78a000-i2c\x2dbus\x40180-ir35221\x4070.service: Unit not needed anymore. Stopping.
Sep 15 22:24:32 witherspoon systemd[1]: Stopped Phosphor Hwmon Poller.
Sep 15 22:24:32 witherspoon systemd[1]: Stopping Phosphor Hwmon Poller...
Sep 15 22:24:32 witherspoon systemd[1]: Stopping Phosphor Hwmon Poller...
Sep 15 22:24:32 witherspoon systemd[1]: Stopping Phosphor Hwmon Poller...
Sep 15 22:24:32 witherspoon systemd[1]: Stopped Phosphor Hwmon Poller.
Sep 15 22:24:32 witherspoon systemd[1]: Stopped Phosphor Hwmon Poller.
Sep 15 22:24:32 witherspoon systemd[1]: Stopped Phosphor Hwmon Poller.
Sep 15 22:24:33 witherspoon systemd[1]: Started Wait for /org/openbmc/control/chassis0.
Sep 15 22:24:33 witherspoon phosphor-gevent[1102]: ::80c9:6576:8e91:f402%1995492124 - - [2017-09-15 22:24:33] "GET /xyz/openbmc_project/state/chassis0//attr/CurrentPowerState HTTP/1.1" 200 216 1.118518
Sep 15 22:24:33 witherspoon phosphor-gevent[1102]: ::80c9:6576:8e91:f402%1995492124 - - [2017-09-15 22:24:33] "POST /login HTTP/1.1" 200 320 0.033045
Sep 15 22:24:37 witherspoon systemd[1]: Started Assert power_on LED.
Sep 15 22:24:37 witherspoon ipmid[1272]: Pushing cmd on to queue
Sep 15 22:24:37 witherspoon ipmid[1272]: Pushing cmd on to queue
Sep 15 22:24:37 witherspoon ipmid[1272]: Asserting SMS Attention
Sep 15 22:24:37 witherspoon ipmid[1272]: SMS Attention asserted
Sep 15 22:24:37 witherspoon phosphor-gevent[1102]: ::80c9:6576:8e91:f402%1995492124 - - [2017-09-15 22:24:37] "GET /xyz/openbmc_project/state/host0//attr/CurrentHostState HTTP/1.1" 200 212 4.055505
Sep 15 22:24:37 witherspoon phosphor-gevent[1102]: ::80c9:6576:8e91:f402%1995492124 - - [2017-09-15 22:24:37] "POST /login HTTP/1.1" 200 320 0.055203
Sep 15 22:24:38 witherspoon phosphor-host-state-manager[1288]: Host State transaction request
Sep 15 22:24:38 witherspoon systemd[1]: Created slice system-fsi\x2dscan.slice.
Sep 15 22:24:38 witherspoon systemd[1]: Created slice system-op\x2dwait\x2dpower\x2don.slice.
Sep 15 22:24:38 witherspoon systemd[1]: Created slice system-op\x2docc\x2denable.slice.
Sep 15 22:24:38 witherspoon systemd[1]: Starting Wait for /xyz/openbmc_project/watchdog/host0...
Sep 15 22:24:38 witherspoon systemd[1]: Created slice system-power\x2dworkarounds.slice.
Sep 15 22:24:38 witherspoon systemd[1]: Created slice system-pcie\x2dslot\x2ddetect.slice.
Sep 15 22:24:38 witherspoon systemd[1]: Created slice system-phosphor\x2dfan\x2dpresence\x2dtach.slice.
Sep 15 22:24:38 witherspoon systemd[1]: Created slice system-mapper\x2dsubtree\x2dremove.slice.
Sep 15 22:24:38 witherspoon systemd[1]: Starting Assert power_on LED...
Sep 15 22:24:38 witherspoon systemd[1]: Reached target Powerwitherspoon-fan-watchdog (On).
Sep 15 22:24:38 witherspoon systemd[1]: Created slice system-vcs_workaround.slice.
Sep 15 22:24:38 witherspoon systemd[1]: Starting Wait for Power0 to turn on...
Sep 15 22:24:38 witherspoon systemd[1]: Created slice system-phosphor\x2dfan\x2dcontrol\x2dinit.slice.
Sep 15 22:24:38 witherspoon phosphor-gevent[1102]: ::80c9:6576:8e91:f402%1995492124 - - [2017-09-15 22:24:38] "PUT /xyz/openbmc_project/state/host0//attr/RequestedHostTransition HTTP/1.1" 200 169 0.863271
Sep 15 22:24:39 witherspoon systemd[1]: Created slice system-mboxd\x2dreload.slice.
Sep 15 22:24:39 witherspoon systemd[1]: Created slice system-obmc\x2denable\x2dhost\x2dwatchdog.slice.
Sep 15 22:24:39 witherspoon systemd[1]: Created slice system-vcs_off.slice.
Sep 15 22:24:39 witherspoon systemd[1]: Created slice system-start_host.slice.
Sep 15 22:24:39 witherspoon systemd[1]: Created slice system-ir35221\x2don\x2dunbind.slice.
Sep 15 22:24:39 witherspoon systemd[1]: Created slice system-fsi\x2dhub\x2dscan.slice.
Sep 15 22:24:39 witherspoon systemd[1]: Created slice system-vrm\x2dcontrol.slice.
Sep 15 22:24:39 witherspoon systemd[1]: Starting Witherspoon Fan Watchdog Reset...
Sep 15 22:24:39 witherspoon systemd[1]: Starting mapper subtree-remove /xyz/openbmc_project/software:xyz.openbmc_project.Software.ActivationBlocksTransition...
Sep 15 22:24:39 witherspoon systemd[1]: Starting Updates symlinks for active PNOR version...
Sep 15 22:24:39 witherspoon systemd[1]: Created slice system-fsi\x2dbind.slice.
Sep 15 22:24:39 witherspoon systemd[1]: Starting Phosphor MSL Verification...
Sep 15 22:24:39 witherspoon systemd[1]: Created slice system-phosphor\x2dfan\x2dmonitor\x2dinit.slice.
Sep 15 22:24:39 witherspoon systemd[1]: Created slice system-op\x2dpower\x2dstart.slice.
Sep 15 22:24:39 witherspoon systemd[1]: Created slice system-avsbus\x2denable.slice.
Sep 15 22:24:39 witherspoon systemd[1]: Created slice system-ir35221\x2don\x2dbind.slice.
Sep 15 22:24:39 witherspoon systemd[1]: Starting power on mode unbind ir35221 device driver devs...
Sep 15 22:24:39 witherspoon systemd[1]: Created slice system-cfam_override.slice.
Sep 15 22:24:39 witherspoon systemd[1]: Created slice system-phosphor\x2dgpio\x2dmonitor.slice.
Sep 15 22:24:39 witherspoon systemd[1]: Started Phosphor GPIO checkstop monitor.
Sep 15 22:24:39 witherspoon systemd[1]: Starting Reload mboxd during power on...
Sep 15 22:24:39 witherspoon systemd[1]: Created slice system-vcs_on.slice.
Sep 15 22:24:39 witherspoon systemd[1]: Stopped Power off mode unbind ir35221 device driver devs.
Sep 15 22:24:39 witherspoon systemd[1]: Stopped Assert power_on LED.
Sep 15 22:24:39 witherspoon systemd[1]: Created slice system-avsbus\x2ddisable.slice.
Sep 15 22:24:39 witherspoon systemd[1]: Created slice system-phosphor\x2dwatchdog.slice.
Sep 15 22:24:39 witherspoon systemd[1]: Started Phosphor poweron watchdog.
Sep 15 22:24:39 witherspoon systemd[1]: Stopped target Stop Host0 (Pre).
Sep 15 22:24:39 witherspoon systemd[1]: Started Witherspoon Fan Watchdog Daemon.
Sep 15 22:24:41 witherspoon phosphor-gevent[1102]: ::80c9:6576:8e91:f402%1995492124 - - [2017-09-15 22:24:40] "POST /login HTTP/1.1" 200 320 0.043080
Sep 15 22:24:39 witherspoon systemd[1]: Started Phosphor Fan Control Initialization.
Sep 15 22:24:39 witherspoon systemd[1]: Created slice system-ucd_disable_vcs.slice.
Sep 15 22:24:39 witherspoon systemd[1]: Starting Disable UCD VCS rails...
Sep 15 22:24:40 witherspoon ipmid[1272]: Host control timeout hit!
Sep 15 22:24:40 witherspoon ipmid[1272]: Timer expired
Sep 15 22:24:41 witherspoon obmc-flash-bios[1367]: '/var/lib/phosphor-software-manager/pnor/ro' -> '/media/pnor-ro-8764baa3'
Sep 15 22:24:41 witherspoon systemd[1]: xyz.openbmc_project.Ipmi.Internal.SoftPowerOff.service: Main process exited, code=killed, status=15/TERM
Sep 15 22:24:41 witherspoon systemd[1]: Stopped Soft power off of the host.
Sep 15 22:24:41 witherspoon systemd[1]: xyz.openbmc_project.Ipmi.Internal.SoftPowerOff.service: Unit entered failed state.
Sep 15 22:24:41 witherspoon systemd[1]: xyz.openbmc_project.Ipmi.Internal.SoftPowerOff.service: Failed with result 'signal'.
Sep 15 22:24:41 witherspoon systemd[1]: Started power on mode unbind ir35221 device driver devs.
Sep 15 22:24:41 witherspoon systemd[1]: Started Witherspoon Fan Watchdog Reset.
Sep 15 22:24:41 witherspoon systemd[1]: Started Assert power_on LED.
Sep 15 22:24:42 witherspoon obmc-flash-bios[1367]: '/var/lib/phosphor-software-manager/pnor/rw' -> '/media/pnor-rw-8764baa3'
Sep 15 22:24:42 witherspoon obmc-flash-bios[1367]: '/var/lib/phosphor-software-manager/pnor/prsv' -> '/media/pnor-prsv'
Sep 15 22:24:42 witherspoon systemd[1]: Started Updates symlinks for active PNOR version.
Sep 15 22:24:42 witherspoon kernel: ucd9000 11-0064: Device ID UCD90160|2.3.4.0000|110603
Sep 15 22:24:42 witherspoon kernel[999]: [  226.390000] ucd9000 11-0064: Device ID UCD90160|2.3.4.0000|110603
Sep 15 22:24:42 witherspoon phosphor-host-state-manager[1288]: Received signal that host is off
Sep 15 22:24:42 witherspoon phosphor-host-state-manager[1288]: Change to Host State
Sep 15 22:24:42 witherspoon phosphor-chassis-state-manager[1255]: Received signal that power OFF is complete
Sep 15 22:24:42 witherspoon phosphor-chassis-state-manager[1255]: Change to Chassis Power State
Sep 15 22:24:42 witherspoon mboxctl[1371]: Reset: Success
Sep 15 22:24:42 witherspoon systemd[1]: Started Reload mboxd during power on.
Sep 15 22:24:43 witherspoon systemd[1]: Started Disable UCD VCS rails.
Sep 15 22:24:43 witherspoon systemd[1]: Starting Perform power workarounds on VRMs...
Sep 15 22:24:44 witherspoon kernel: ucd9000 11-0064: Device ID UCD90160|2.3.4.0000|110603
