-- Logs begin at Fri 2017-06-30 15:32:07 UTC, end at Fri 2017-06-30 15:34:10 UTC. --
Jun 30 15:32:07 witherspoon kernel: Booting Linux on physical CPU 0x0
Jun 30 15:32:07 witherspoon kernel: Linux version 4.10.17-9e95993e2d6edc68af5ca3f2345789e0f450d0db (jenkins@openbmc-builder1) (gcc version 6.2.0 (GCC) ) #1 Thu Jun 29 22:19:26 UTC 2017
Jun 30 15:32:07 witherspoon kernel: CPU: ARMv6-compatible processor [410fb767] revision 7 (ARMv7), cr=00c5387d
Jun 30 15:32:07 witherspoon kernel: CPU: PIPT / VIPT nonaliasing data cache, VIPT nonaliasing instruction cache
Jun 30 15:32:07 witherspoon kernel: OF: fdt:Machine model: Witherspoon BMC
Jun 30 15:32:07 witherspoon kernel: Memory policy: Data cache writeback
Jun 30 15:32:07 witherspoon kernel: SOC Rev: 04030303
Jun 30 15:32:07 witherspoon kernel: On node 0 totalpages: 110592
Jun 30 15:32:07 witherspoon kernel: free_area_init_node: node 0, pgdat 805f33fc, node_mem_map 9ec1a000
Jun 30 15:32:07 witherspoon kernel:   Normal zone: 992 pages used for memmap
Jun 30 15:32:07 witherspoon kernel:   Normal zone: 0 pages reserved
Jun 30 15:32:07 witherspoon kernel:   Normal zone: 110592 pages, LIFO batch:31
Jun 30 15:32:07 witherspoon kernel: pcpu-alloc: s0 r0 d32768 u32768 alloc=1*32768
Jun 30 15:32:07 witherspoon kernel: pcpu-alloc: [0] 0 
Jun 30 15:32:07 witherspoon kernel: Built 1 zonelists in Zone order, mobility grouping on.  Total pages: 109600
Jun 30 15:32:07 witherspoon kernel: Kernel command line: console=ttyS4,115200n8 root=/dev/ram rw
Jun 30 15:32:07 witherspoon kernel: PID hash table entries: 2048 (order: 1, 8192 bytes)
Jun 30 15:32:07 witherspoon kernel: Dentry cache hash table entries: 65536 (order: 6, 262144 bytes)
Jun 30 15:32:07 witherspoon kernel: Inode-cache hash table entries: 32768 (order: 5, 131072 bytes)
Jun 30 15:32:07 witherspoon kernel: Memory: 430508K/442368K available (4048K kernel code, 280K rwdata, 1168K rodata, 280K init, 111K bss, 11860K reserved, 0K cma-reserved)
Jun 30 15:32:07 witherspoon kernel: Virtual kernel memory layout:
                                        vector  : 0xffff0000 - 0xffff1000   (   4 kB)
                                        fixmap  : 0xffc00000 - 0xfff00000   (3072 kB)
                                        vmalloc : 0x9f800000 - 0xff800000   (1536 MB)
                                        lowmem  : 0x80000000 - 0x9f000000   ( 496 MB)
                                          .text : 0x80008000 - 0x803fc350   (4049 kB)
                                          .init : 0x8057a000 - 0x805c0000   ( 280 kB)
                                          .data : 0x805c0000 - 0x806061a8   ( 281 kB)
                                           .bss : 0x806061a8 - 0x80622058   ( 112 kB)
Jun 30 15:32:07 witherspoon kernel: NR_IRQS:16 nr_irqs:16 16
Jun 30 15:32:07 witherspoon kernel: i2c controller registered, irq 16
Jun 30 15:32:07 witherspoon kernel: clocksource: moxart_timer: mask: 0xffffffff max_cycles: 0xffffffff, max_idle_ns: 77222644334 ns
Jun 30 15:32:07 witherspoon kernel: sched_clock: 32 bits at 100 Hz, resolution 10000000ns, wraps every 21474836475000000ns
Jun 30 15:32:07 witherspoon kernel: Calibrating delay loop... 789.70 BogoMIPS (lpj=3948544)
Jun 30 15:32:07 witherspoon kernel: pid_max: default: 32768 minimum: 301
Jun 30 15:32:07 witherspoon kernel: Mount-cache hash table entries: 1024 (order: 0, 4096 bytes)
Jun 30 15:32:07 witherspoon kernel: Mountpoint-cache hash table entries: 1024 (order: 0, 4096 bytes)
Jun 30 15:32:07 witherspoon kernel: CPU: Testing write buffer coherency: ok
Jun 30 15:32:07 witherspoon kernel: ftrace: allocating 14866 entries in 44 pages
Jun 30 15:32:07 witherspoon kernel: Setting up static identity map for 0x80008200 - 0x8000825c
Jun 30 15:32:07 witherspoon kernel: devtmpfs: initialized
Jun 30 15:32:07 witherspoon kernel: clocksource: jiffies: mask: 0xffffffff max_cycles: 0xffffffff, max_idle_ns: 19112604462750000 ns
Jun 30 15:32:07 witherspoon kernel: futex hash table entries: 256 (order: -1, 3072 bytes)
Jun 30 15:32:07 witherspoon kernel: pinctrl core: initialized pinctrl subsystem
Jun 30 15:32:07 witherspoon kernel: NET: Registered protocol family 16
Jun 30 15:32:07 witherspoon kernel: DMA: preallocated 256 KiB pool for atomic coherent allocations
Jun 30 15:32:07 witherspoon kernel: usbcore: registered new interface driver usbfs
Jun 30 15:32:07 witherspoon kernel: usbcore: registered new interface driver hub
Jun 30 15:32:07 witherspoon kernel: usbcore: registered new device driver usb
Jun 30 15:32:07 witherspoon kernel: clocksource: Switched to clocksource moxart_timer
Jun 30 15:32:07 witherspoon kernel: NET: Registered protocol family 2
Jun 30 15:32:07 witherspoon kernel: TCP established hash table entries: 4096 (order: 2, 16384 bytes)
Jun 30 15:32:07 witherspoon kernel: TCP bind hash table entries: 4096 (order: 2, 16384 bytes)
Jun 30 15:32:07 witherspoon kernel: TCP: Hash tables configured (established 4096 bind 4096)
Jun 30 15:32:07 witherspoon kernel: UDP hash table entries: 256 (order: 0, 4096 bytes)
Jun 30 15:32:07 witherspoon kernel: UDP-Lite hash table entries: 256 (order: 0, 4096 bytes)
Jun 30 15:32:07 witherspoon kernel: NET: Registered protocol family 1
Jun 30 15:32:07 witherspoon kernel: Trying to unpack rootfs image as initramfs...
Jun 30 15:32:07 witherspoon kernel: Freeing initrd memory: 1548K
Jun 30 15:32:07 witherspoon kernel: workingset: timestamp_bits=30 max_order=17 bucket_order=0
Jun 30 15:32:07 witherspoon kernel: squashfs: version 4.0 (2009/01/31) Phillip Lougher
Jun 30 15:32:07 witherspoon kernel: jffs2: version 2.2. (SUMMARY)  © 2001-2006 Red Hat, Inc.
Jun 30 15:32:07 witherspoon kernel: Block layer SCSI generic (bsg) driver version 0.4 loaded (major 250)
Jun 30 15:32:07 witherspoon kernel: io scheduler noop registered
Jun 30 15:32:07 witherspoon kernel: io scheduler deadline registered
Jun 30 15:32:07 witherspoon kernel: io scheduler cfq registered (default)
Jun 30 15:32:07 witherspoon kernel: ipmi-bt-host 1e789140.ibt: Found bt bmc device
Jun 30 15:32:07 witherspoon kernel: ipmi-bt-host 1e789140.ibt: Using IRQ 22
Jun 30 15:32:07 witherspoon kernel: Serial: 8250/16550 driver, 6 ports, IRQ sharing enabled
Jun 30 15:32:07 witherspoon kernel: 1e783000.serial: ttyS0 at MMIO 0x1e783000 (irq = 23, base_baud = 1500000) is a 16550A
Jun 30 15:32:07 witherspoon kernel: 1e78d000.serial: ttyS1 at MMIO 0x1e78d000 (irq = 24, base_baud = 1500000) is a 16550A
Jun 30 15:32:07 witherspoon kernel: 1e784000.serial: ttyS4 at MMIO 0x1e784000 (irq = 25, base_baud = 1500000) is a 16550A
Jun 30 15:32:07 witherspoon kernel: console [ttyS4] enabled
Jun 30 15:32:07 witherspoon kernel: 1e787000.vuart: ttyS2 at MMIO 0x1e787000 (irq = 22, base_baud = 1500000) is a 16550A
Jun 30 15:32:07 witherspoon kernel: timeriomem_rng 1e6e2078.hwrng: 32bits from 0xf00e2078 @ 1us
Jun 30 15:32:07 witherspoon kernel: brd: module loaded
Jun 30 15:32:07 witherspoon kernel: loop: module loaded
Jun 30 15:32:07 witherspoon kernel: aspeed-lpc-ctrl 1e789080.lpc-ctrl: Loaded at 0x98000000 (0x04000000)
Jun 30 15:32:07 witherspoon kernel: aspeed-smc 1e620000.flash-controller: Using IRQ 18
Jun 30 15:32:07 witherspoon kernel: aspeed-smc 1e620000.flash-controller: DMA support disabled.
Jun 30 15:32:07 witherspoon kernel: aspeed-smc 1e620000.flash-controller: mx25l25635e (32768 Kbytes)
Jun 30 15:32:07 witherspoon kernel: aspeed-smc 1e620000.flash-controller: CE0 window [ 0x20000000 - 0x22000000 ] 32MB
Jun 30 15:32:07 witherspoon kernel: aspeed-smc 1e620000.flash-controller: CE1 window [ 0x22000000 - 0x2a000000 ] 128MB
Jun 30 15:32:07 witherspoon kernel: 5 ofpart partitions found on MTD device bmc
Jun 30 15:32:07 witherspoon kernel: Creating 5 MTD partitions on "bmc":
Jun 30 15:32:07 witherspoon kernel: 0x000000000000-0x000000060000 : "u-boot"
Jun 30 15:32:07 witherspoon kernel: 0x000000060000-0x000000080000 : "u-boot-env"
Jun 30 15:32:07 witherspoon kernel: 0x000000080000-0x0000004c0000 : "kernel"
Jun 30 15:32:07 witherspoon kernel: 0x0000004c0000-0x000001c00000 : "rofs"
Jun 30 15:32:07 witherspoon kernel: 0x000001c00000-0x000002000000 : "rwfs"
Jun 30 15:32:07 witherspoon kernel: aspeed-smc 1e620000.flash-controller: mx25l25635e (32768 Kbytes)
Jun 30 15:32:07 witherspoon kernel: aspeed-smc 1e620000.flash-controller: CE1 window [ 0x22000000 - 0x24000000 ] 32MB
Jun 30 15:32:07 witherspoon kernel: aspeed-smc 1e620000.flash-controller: CE2 window [ 0x24000000 - 0x2c000000 ] 128MB
Jun 30 15:32:07 witherspoon kernel: aspeed-smc 1e630000.flash-controller: mx66l1g45g (131072 Kbytes)
Jun 30 15:32:07 witherspoon kernel: aspeed-smc 1e630000.flash-controller: CE0 window resized to 120MB (AST2500 HW quirk)
Jun 30 15:32:07 witherspoon kernel: aspeed-smc 1e630000.flash-controller: CE0 window [ 0x30000000 - 0x37800000 ] 120MB
Jun 30 15:32:07 witherspoon kernel: aspeed-smc 1e630000.flash-controller: CE0 window too small for chip 128MB
Jun 30 15:32:07 witherspoon kernel: aspeed-smc 1e630000.flash-controller: CE1 window [ 0x37800000 - 0x38000000 ] 8MB
Jun 30 15:32:07 witherspoon kernel: libphy: Fixed MDIO Bus: probed
Jun 30 15:32:07 witherspoon kernel: ftgmac100 1e660000.ethernet: Read MAC address 70:e2:84:14:23:e1 from chip
Jun 30 15:32:07 witherspoon kernel: ftgmac100 1e660000.ethernet: Using NCSI interface
Jun 30 15:32:07 witherspoon kernel: ftgmac100 1e660000.ethernet eth0: irq 20, mapped at f0060000
Jun 30 15:32:07 witherspoon kernel: ehci_hcd: USB 2.0 'Enhanced' Host Controller (EHCI) Driver
Jun 30 15:32:07 witherspoon kernel: ehci-platform: EHCI generic platform driver
Jun 30 15:32:07 witherspoon kernel:  fsi0: can't read slave 00:00 -5
Jun 30 15:32:07 witherspoon kernel: i2c /dev entries driver
Jun 30 15:32:07 witherspoon kernel: aspeed-i2c-bus 1e78a0c0.i2c-bus: i2c bus 2 registered, irq 26
Jun 30 15:32:07 witherspoon kernel: aspeed-i2c-bus 1e78a100.i2c-bus: i2c bus 3 registered, irq 27
Jun 30 15:32:07 witherspoon kernel: aspeed-i2c-bus 1e78a140.i2c-bus: i2c bus 4 registered, irq 28
Jun 30 15:32:07 witherspoon kernel: aspeed-i2c-bus 1e78a180.i2c-bus: i2c bus 5 registered, irq 29
Jun 30 15:32:07 witherspoon kernel: aspeed-i2c-bus 1e78a380.i2c-bus: i2c bus 9 registered, irq 30
Jun 30 15:32:07 witherspoon kernel: aspeed-i2c-bus 1e78a3c0.i2c-bus: i2c bus 10 registered, irq 31
Jun 30 15:32:07 witherspoon kernel: rtc-rv8803 11-0032: Voltage low, temperature compensation stopped.
Jun 30 15:32:07 witherspoon kernel: rtc-rv8803 11-0032: An alarm maybe have been missed.
Jun 30 15:32:07 witherspoon kernel: rtc-rv8803 11-0032: rtc core: registered rx8900 as rtc0
Jun 30 15:32:07 witherspoon kernel: at24 11-0051: 8192 byte 24c64 EEPROM, writable, 1 bytes/write
Jun 30 15:32:07 witherspoon kernel: aspeed-i2c-bus 1e78a400.i2c-bus: i2c bus 11 registered, irq 32
Jun 30 15:32:07 witherspoon kernel: aspeed-i2c-bus 1e78a440.i2c-bus: i2c bus 12 registered, irq 33
Jun 30 15:32:07 witherspoon kernel: aspeed-i2c-bus 1e78a480.i2c-bus: i2c bus 13 registered, irq 34
Jun 30 15:32:07 witherspoon kernel: Driver for 1-wire Dallas network protocol.
Jun 30 15:32:07 witherspoon kernel: lm75 9-004a: hwmon0: sensor 'tmp275'
Jun 30 15:32:07 witherspoon kernel: random: fast init done
Jun 30 15:32:07 witherspoon kernel: ucd9000 11-0064: Device ID UCD90160|2.3.4.0000|110603
Jun 30 15:32:07 witherspoon kernel: leds-pca955x 11-0060: leds-pca955x: Using pca9552 16-bit LED driver at slave address 0x60
Jun 30 15:32:07 witherspoon kernel: leds-pca955x 11-0060: gpios 264...279
Jun 30 15:32:07 witherspoon kernel: usbcore: registered new interface driver usbhid
Jun 30 15:32:07 witherspoon kernel: usbhid: USB HID core driver
Jun 30 15:32:07 witherspoon kernel: dps310: probe of 3-0076 failed with error -5
Jun 30 15:32:07 witherspoon kernel: NET: Registered protocol family 10
Jun 30 15:32:07 witherspoon kernel: Segment Routing with IPv6
Jun 30 15:32:07 witherspoon kernel: NET: Registered protocol family 17
Jun 30 15:32:07 witherspoon kernel: console [netcon0] enabled
Jun 30 15:32:07 witherspoon kernel: netconsole: network logging started
Jun 30 15:32:07 witherspoon kernel: input: gpio-keys as /devices/platform/gpio-keys/input/input0
Jun 30 15:32:07 witherspoon kernel: rtc-rv8803 11-0032: setting system clock to 2017-06-30 15:31:56 UTC (1498836716)
Jun 30 15:32:07 witherspoon kernel: Freeing unused kernel memory: 280K
Jun 30 15:32:07 witherspoon kernel: This architecture does not have kernel memory protection.
Jun 30 15:32:07 witherspoon kernel: jffs2: notice: (523) jffs2_build_xattr_subsystem: complete building xattr subsystem, 1 of xdatum (1 unchecked, 0 orphan) and 5 of xref (0 dead, 1 orphan) found.
Jun 30 15:32:07 witherspoon systemd[1]: Failed to insert module 'autofs4': No such file or directory
Jun 30 15:32:07 witherspoon systemd[1]: systemd 232 running in system mode. (+PAM -AUDIT -SELINUX -IMA -APPARMOR -SMACK +SYSVINIT -UTMP -LIBCRYPTSETUP -GCRYPT -GNUTLS +ACL +XZ -LZ4 -SECCOMP +BLKID -ELFUTILS +KMOD -IDN)
Jun 30 15:32:07 witherspoon systemd[1]: Detected architecture arm.
Jun 30 15:32:07 witherspoon systemd[1]: Set hostname to <witherspoon>.
Jun 30 15:32:07 witherspoon systemd[1]: Listening on Journal Socket (/dev/log).
Jun 30 15:32:07 witherspoon systemd[1]: Listening on Journal Socket.
Jun 30 15:32:07 witherspoon systemd[1]: Listening on Network Service Netlink Socket.
Jun 30 15:32:07 witherspoon systemd[1]: Started Dispatch Password Requests to Console Directory Watch.
Jun 30 15:32:07 witherspoon systemd[1]: Started Forward Password Requests to Wall Directory Watch.
Jun 30 15:32:07 witherspoon systemd[1]: Listening on udev Kernel Socket.
Jun 30 15:32:07 witherspoon systemd[1]: Listening on /dev/initctl Compatibility Named Pipe.
Jun 30 15:32:07 witherspoon systemd-journald[575]: Journal started
Jun 30 15:32:07 witherspoon systemd-journald[575]: Runtime journal (/run/log/journal/169f9b5a822f4338824a4e146beb5550) is 0B, max 0B, 0B free.
Jun 30 15:32:08 witherspoon systemd-sysctl[584]: Couldn't write '16' to 'kernel/sysrq', ignoring: No such file or directory
Jun 30 15:32:08 witherspoon systemd-sysctl[584]: Couldn't write 'fq_codel' to 'net/core/default_qdisc', ignoring: No such file or directory
Jun 30 15:32:08 witherspoon systemd[1]: Started Remount Root and Kernel File Systems.
Jun 30 15:32:08 witherspoon systemd[1]: Started Apply Kernel Variables.
Jun 30 15:32:08 witherspoon systemd[1]: Starting Create System Users...
Jun 30 15:32:08 witherspoon systemd[1]: Starting Flush Journal to Persistent Storage...
Jun 30 15:32:09 witherspoon systemd[1]: Started Create System Users.
Jun 30 15:32:09 witherspoon systemd[1]: Starting Create Static Device Nodes in /dev...
Jun 30 15:32:09 witherspoon systemd-journald[575]: Runtime journal (/run/log/journal/169f9b5a822f4338824a4e146beb5550) is 0B, max 0B, 0B free.
Jun 30 15:32:09 witherspoon systemd[1]: Started Flush Journal to Persistent Storage.
Jun 30 15:32:09 witherspoon systemd[1]: Started Create Static Device Nodes in /dev.
Jun 30 15:32:09 witherspoon systemd[1]: Reached target Local File Systems (Pre).
Jun 30 15:32:09 witherspoon systemd[1]: Mounting /var/volatile...
Jun 30 15:32:09 witherspoon systemd[1]: Starting udev Kernel Device Manager...
Jun 30 15:32:09 witherspoon systemd[1]: Mounted /var/volatile.
Jun 30 15:32:09 witherspoon systemd[1]: Starting Load/Save Random Seed...
Jun 30 15:32:09 witherspoon systemd[1]: Reached target Local File Systems.
Jun 30 15:32:09 witherspoon systemd[1]: Starting Rebuild Journal Catalog...
Jun 30 15:32:09 witherspoon systemd[1]: Starting Create Volatile Files and Directories...
Jun 30 15:32:10 witherspoon systemd[1]: Started Load/Save Random Seed.
Jun 30 15:32:10 witherspoon systemd-tmpfiles[701]: "/var/tmp" already exists and is not a directory.
Jun 30 15:32:10 witherspoon systemd[1]: Started Rebuild Journal Catalog.
Jun 30 15:32:10 witherspoon systemd-tmpfiles[701]: "/var/log" already exists and is not a directory.
Jun 30 15:32:10 witherspoon systemd[1]: Started Create Volatile Files and Directories.
Jun 30 15:32:10 witherspoon systemd[1]: Starting Network Time Synchronization...
Jun 30 15:32:10 witherspoon systemd[1]: Starting Run pending postinsts...
Jun 30 15:32:10 witherspoon systemd[1]: Starting Update is Completed...
Jun 30 15:32:10 witherspoon systemd[1]: Started udev Kernel Device Manager.
Jun 30 15:32:10 witherspoon systemd[1]: Started Update is Completed.
Jun 30 15:32:11 witherspoon systemd[1]: Started udev Coldplug all Devices.
Jun 30 15:32:11 witherspoon systemd[1]: Started Network Time Synchronization.
Jun 30 15:32:11 witherspoon systemd[1]: Reached target System Time Synchronized.
Jun 30 15:32:12 witherspoon run-postinsts[763]: Running postinst /etc/rpm-postinsts/libglib-2.0-0...
Jun 30 15:32:12 witherspoon systemd[1]: Found device /dev/aspeed-lpc-ctrl.
Jun 30 15:32:12 witherspoon systemd[1]: Found device /dev/aspeed-mbox.
Jun 30 15:32:12 witherspoon systemd[1]: dev-hugepages.mount: Couldn't determine result for ConditionVirtualization=!private-users, assuming failed: No such file or directory
Jun 30 15:32:12 witherspoon systemd[1]: Created slice system-xyz.openbmc_project.Hwmon.slice.
Jun 30 15:32:12 witherspoon systemd[1]: Found device /dev/ttyVUART0.
Jun 30 15:32:13 witherspoon systemd[1]: dev-hugepages.mount: Couldn't determine result for ConditionVirtualization=!private-users, assuming failed: No such file or directory
Jun 30 15:32:13 witherspoon systemd[1]: dev-hugepages.mount: Couldn't determine result for ConditionVirtualization=!private-users, assuming failed: No such file or directory
Jun 30 15:32:13 witherspoon systemd[1]: dev-hugepages.mount: Couldn't determine result for ConditionVirtualization=!private-users, assuming failed: No such file or directory
Jun 30 15:32:13 witherspoon systemd[1]: Found device /dev/ttyS4.
Jun 30 15:32:13 witherspoon systemd[1]: dev-hugepages.mount: Couldn't determine result for ConditionVirtualization=!private-users, assuming failed: No such file or directory
Jun 30 15:32:13 witherspoon systemd[1]: dev-hugepages.mount: Couldn't determine result for ConditionVirtualization=!private-users, assuming failed: No such file or directory
Jun 30 15:32:13 witherspoon systemd[1]: dev-hugepages.mount: Couldn't determine result for ConditionVirtualization=!private-users, assuming failed: No such file or directory
Jun 30 15:32:14 witherspoon systemd[1]: Created slice system-xyz.openbmc_project.led.controller.slice.
Jun 30 15:32:14 witherspoon run-postinsts[763]: rm: can't remove '/etc/rpm-postinsts': Operation not supported
Jun 30 15:32:14 witherspoon systemd[1]: dev-hugepages.mount: Couldn't determine result for ConditionVirtualization=!private-users, assuming failed: No such file or directory
Jun 30 15:32:15 witherspoon run-postinsts[763]:  Removing any system startup links for run-postinsts ...
Jun 30 15:32:15 witherspoon systemctl[955]: Removed /etc/systemd/system/sysinit.target.wants/run-postinsts.service.
Jun 30 15:32:15 witherspoon systemd[1]: Reloading.
Jun 30 15:32:17 witherspoon systemd[1]: Started Run pending postinsts.
Jun 30 15:32:17 witherspoon systemd[1]: Reached target System Initialization.
Jun 30 15:32:17 witherspoon systemd[1]: Listening on D-Bus System Message Bus Socket.
Jun 30 15:32:17 witherspoon systemd[1]: Listening on dropbear.socket.
Jun 30 15:32:17 witherspoon systemd[1]: Listening on Avahi mDNS/DNS-SD Stack Activation Socket.
Jun 30 15:32:17 witherspoon systemd[1]: Listening on Phosphor DBUS Browser socket.
Jun 30 15:32:17 witherspoon systemd[1]: Listening on Phosphor Host Console SSH Per-Connection socket.
Jun 30 15:32:17 witherspoon systemd[1]: Listening on Phosphor Webserver socket.
Jun 30 15:32:17 witherspoon systemd[1]: Listening on phosphor-ipmi-net.socket.
Jun 30 15:32:17 witherspoon systemd[1]: Reached target Sockets.
Jun 30 15:32:17 witherspoon systemd[1]: Reached target Basic System.
Jun 30 15:32:17 witherspoon systemd[1]: Started Phosphor Console Muxer listening on device /dev/ttyVUART0.
Jun 30 15:32:17 witherspoon systemd[1]: Starting Phosphor Sensor Manager...
Jun 30 15:32:17 witherspoon systemd[1]: Starting OpenPower Software Update Manager...
Jun 30 15:32:17 witherspoon systemd[1]: Started Phosphor Hwmon Poller.
Jun 30 15:32:17 witherspoon systemd[1]: Started Phosphor Hwmon Poller.
Jun 30 15:32:18 witherspoon systemd[1]: Started System Logging Service.
Jun 30 15:32:18 witherspoon systemd[1]: Starting Phosphor Inventory Manager...
Jun 30 15:32:18 witherspoon systemd[1]: Starting Phosphor Network Manager...
Jun 30 15:32:18 witherspoon systemd[1]: Started Phosphor sysfs LED controller.
Jun 30 15:32:18 witherspoon systemd[1]: Started Phosphor Hwmon Poller.
Jun 30 15:32:18 witherspoon systemd[1]: Started Phosphor Hwmon Poller.
Jun 30 15:32:18 witherspoon systemd[1]: Reached target Containers.
Jun 30 15:32:18 witherspoon systemd[1]: Starting Phosphor Chassis0 Control...
Jun 30 15:32:19 witherspoon kernel[981]: klogd started: BusyBox v1.24.1 (2017-06-16 19:29:08 UTC)
Jun 30 15:32:19 witherspoon systemd[1]: Started Phosphor MBOX Daemon.
Jun 30 15:32:19 witherspoon kernel[981]: [    0.000000] Booting Linux on physical CPU 0x0
Jun 30 15:32:19 witherspoon systemd[1]: Started Phosphor Hwmon Poller.
Jun 30 15:32:19 witherspoon kernel[981]: [    0.000000] Linux version 4.10.17-9e95993e2d6edc68af5ca3f2345789e0f450d0db (jenkins@openbmc-builder1) (gcc version 6.2.0 (GCC) ) #1 Thu Jun 29 22:19:26 UTC 2017
Jun 30 15:32:19 witherspoon systemd[1]: Started Phosphor sysfs LED controller.
Jun 30 15:32:19 witherspoon kernel[981]: [    0.000000] CPU: ARMv6-compatible processor [410fb767] revision 7 (ARMv7), cr=00c5387d
Jun 30 15:32:19 witherspoon systemd[1]: Started Kernel Logging Service.
Jun 30 15:32:19 witherspoon kernel[981]: [    0.000000] CPU: PIPT / VIPT nonaliasing data cache, VIPT nonaliasing instruction cache
Jun 30 15:32:19 witherspoon systemd[1]: Starting Phosphor LED Group Management Daemon...
Jun 30 15:32:19 witherspoon kernel[981]: [    0.000000] OF: fdt:Machine model: Witherspoon BMC
Jun 30 15:32:19 witherspoon systemd[1]: Starting Phosphor Log Manager...
Jun 30 15:32:19 witherspoon kernel[981]: [    0.000000] Memory policy: Data cache writeback
Jun 30 15:32:19 witherspoon systemd[1]: Starting Phosphor Inventory Manager...
Jun 30 15:32:19 witherspoon kernel[981]: [    0.000000] SOC Rev: 04030303
Jun 30 15:32:19 witherspoon systemd[1]: Starting Phosphor Download Manager...
Jun 30 15:32:19 witherspoon kernel[981]: [    0.000000] On node 0 totalpages: 110592
Jun 30 15:32:19 witherspoon systemd[1]: Started Phosphor Dump core monitor..
Jun 30 15:32:19 witherspoon kernel[981]: [    0.000000] free_area_init_node: node 0, pgdat 805f33fc, node_mem_map 9ec1a000
Jun 30 15:32:19 witherspoon systemd[1]: Starting OpenBMC Software Update Manager...
Jun 30 15:32:19 witherspoon kernel[981]: [    0.000000]   Normal zone: 992 pages used for memmap
Jun 30 15:32:19 witherspoon systemd[1]: Started D-Bus System Message Bus.
Jun 30 15:32:19 witherspoon kernel[981]: [    0.000000]   Normal zone: 0 pages reserved
Jun 30 15:32:19 witherspoon kernel[981]: [    0.000000]   Normal zone: 110592 pages, LIFO batch:31
Jun 30 15:32:19 witherspoon kernel[981]: [    0.000000] pcpu-alloc: s0 r0 d32768 u32768 alloc=1*32768
Jun 30 15:32:19 witherspoon kernel[981]: [    0.000000] pcpu-alloc: [0] 0
Jun 30 15:32:19 witherspoon kernel[981]: [    0.000000] Built 1 zonelists in Zone order, mobility grouping on.  Total pages: 109600
Jun 30 15:32:19 witherspoon kernel[981]: [    0.000000] Kernel command line: console=ttyS4,115200n8 root=/dev/ram rw
Jun 30 15:32:19 witherspoon kernel[981]: [    0.000000] PID hash table entries: 2048 (order: 1, 8192 bytes)
Jun 30 15:32:19 witherspoon kernel[981]: [    0.000000] Dentry cache hash table entries: 65536 (order: 6, 262144 bytes)
Jun 30 15:32:19 witherspoon kernel[981]: [    0.000000] Inode-cache hash table entries: 32768 (order: 5, 131072 bytes)
Jun 30 15:32:19 witherspoon kernel[981]: [    0.000000] Memory: 430508K/442368K available (4048K kernel code, 280K rwdata, 1168K rodata, 280K init, 111K bss, 11860K reserved, 0K cma-reserved)
Jun 30 15:32:19 witherspoon kernel[981]: [    0.000000] Virtual kernel memory layout:
Jun 30 15:32:19 witherspoon kernel[981]: [    0.000000]     vector  : 0xffff0000 - 0xffff1000   (   4 kB)
Jun 30 15:32:19 witherspoon kernel[981]: [    0.000000]     fixmap  : 0xffc00000 - 0xfff00000   (3072 kB)
Jun 30 15:32:19 witherspoon kernel[981]: [    0.000000]     vmalloc : 0x9f800000 - 0xff800000   (1536 MB)
Jun 30 15:32:19 witherspoon kernel[981]: [    0.000000]     lowmem  : 0x80000000 - 0x9f000000   ( 496 MB)
Jun 30 15:32:19 witherspoon kernel[981]: [    0.000000]       .text : 0x80008000 - 0x803fc350   (4049 kB)
Jun 30 15:32:19 witherspoon kernel[981]: [    0.000000]       .init : 0x8057a000 - 0x805c0000   ( 280 kB)
Jun 30 15:32:19 witherspoon kernel[981]: [    0.000000]       .data : 0x805c0000 - 0x806061a8   ( 281 kB)
Jun 30 15:32:19 witherspoon kernel[981]: [    0.000000]        .bss : 0x806061a8 - 0x80622058   ( 112 kB)
Jun 30 15:32:19 witherspoon kernel[981]: [    0.000000] NR_IRQS:16 nr_irqs:16 16
Jun 30 15:32:19 witherspoon kernel[981]: [    0.000000] i2c controller registered, irq 16
Jun 30 15:32:19 witherspoon kernel[981]: [    0.000000] clocksource: moxart_timer: mask: 0xffffffff max_cycles: 0xffffffff, max_idle_ns: 77222644334 ns
Jun 30 15:32:19 witherspoon kernel[981]: [    0.000000] sched_clock: 32 bits at 100 Hz, resolution 10000000ns, wraps every 21474836475000000ns
Jun 30 15:32:19 witherspoon kernel[981]: [    0.090000] Calibrating delay loop... 789.70 BogoMIPS (lpj=3948544)
Jun 30 15:32:19 witherspoon kernel[981]: [    0.090000] pid_max: default: 32768 minimum: 301
Jun 30 15:32:19 witherspoon kernel[981]: [    0.090000] Mount-cache hash table entries: 1024 (order: 0, 4096 bytes)
Jun 30 15:32:19 witherspoon kernel[981]: [    0.090000] Mountpoint-cache hash table entries: 1024 (order: 0, 4096 bytes)
Jun 30 15:32:19 witherspoon kernel[981]: [    0.090000] CPU: Testing write buffer coherency: ok
Jun 30 15:32:19 witherspoon kernel[981]: [    0.090000] ftrace: allocating 14866 entries in 44 pages
Jun 30 15:32:19 witherspoon kernel[981]: [    0.120000] Setting up static identity map for 0x80008200 - 0x8000825c
Jun 30 15:32:19 witherspoon kernel[981]: [    0.120000] devtmpfs: initialized
Jun 30 15:32:19 witherspoon kernel[981]: [    0.140000] clocksource: jiffies: mask: 0xffffffff max_cycles: 0xffffffff, max_idle_ns: 19112604462750000 ns
Jun 30 15:32:19 witherspoon kernel[981]: [    0.140000] futex hash table entries: 256 (order: -1, 3072 bytes)
Jun 30 15:32:19 witherspoon kernel[981]: [    0.140000] pinctrl core: initialized pinctrl subsystem
Jun 30 15:32:19 witherspoon kernel[981]: [    0.140000] NET: Registered protocol family 16
Jun 30 15:32:19 witherspoon kernel[981]: [    0.140000] DMA: preallocated 256 KiB pool for atomic coherent allocations
Jun 30 15:32:19 witherspoon kernel[981]: [    0.210000] usbcore: registered new interface driver usbfs
Jun 30 15:32:19 witherspoon kernel[981]: [    0.210000] usbcore: registered new interface driver hub
Jun 30 15:32:19 witherspoon kernel[981]: [    0.210000] usbcore: registered new device driver usb
Jun 30 15:32:19 witherspoon kernel[981]: [    0.220000] clocksource: Switched to clocksource moxart_timer
Jun 30 15:32:19 witherspoon kernel[981]: [    0.240000] NET: Registered protocol family 2
Jun 30 15:32:19 witherspoon kernel[981]: [    0.240000] TCP established hash table entries: 4096 (order: 2, 16384 bytes)
Jun 30 15:32:22 witherspoon systemd[1]: Started Phosphor LED Group Management Daemon.
Jun 30 15:32:19 witherspoon kernel[981]: [    0.240000] TCP bind hash table entries: 4096 (order: 2, 16384 bytes)
Jun 30 15:32:23 witherspoon systemd[1]: Started Phosphor Log Manager.
Jun 30 15:32:19 witherspoon kernel[981]: [    0.240000] TCP: Hash tables configured (established 4096 bind 4096)
Jun 30 15:32:23 witherspoon systemd[1]: Started Phosphor Inventory Manager.
Jun 30 15:32:19 witherspoon kernel[981]: [    0.240000] UDP hash table entries: 256 (order: 0, 4096 bytes)
Jun 30 15:32:19 witherspoon kernel[981]: [    0.240000] UDP-Lite hash table entries: 256 (order: 0, 4096 bytes)
Jun 30 15:32:19 witherspoon kernel[981]: [    0.240000] NET: Registered protocol family 1
Jun 30 15:32:19 witherspoon kernel[981]: [    0.240000] Trying to unpack rootfs image as initramfs...
Jun 30 15:32:19 witherspoon kernel[981]: [    1.910000] Freeing initrd memory: 1548K
Jun 30 15:32:19 witherspoon kernel[981]: [    1.910000] workingset: timestamp_bits=30 max_order=17 bucket_order=0
Jun 30 15:32:19 witherspoon kernel[981]: [    1.910000] squashfs: version 4.0 (2009/01/31) Phillip Lougher
Jun 30 15:32:19 witherspoon kernel[981]: [    1.910000] jffs2: version 2.2. (SUMMARY)  © 2001-2006 Red Hat, Inc.
Jun 30 15:32:19 witherspoon kernel[981]: [    1.910000] Block layer SCSI generic (bsg) driver version 0.4 loaded (major 250)
Jun 30 15:32:19 witherspoon kernel[981]: [    1.910000] io scheduler noop registered
Jun 30 15:32:19 witherspoon kernel[981]: [    1.910000] io scheduler deadline registered
Jun 30 15:32:19 witherspoon kernel[981]: [    1.910000] io scheduler cfq registered (default)
Jun 30 15:32:19 witherspoon kernel[981]: [    2.060000] ipmi-bt-host 1e789140.ibt: Found bt bmc device
Jun 30 15:32:19 witherspoon kernel[981]: [    2.060000] ipmi-bt-host 1e789140.ibt: Using IRQ 22
Jun 30 15:32:19 witherspoon kernel[981]: [    2.060000] Serial: 8250/16550 driver, 6 ports, IRQ sharing enabled
Jun 30 15:32:19 witherspoon kernel[981]: [    2.060000] 1e783000.serial: ttyS0 at MMIO 0x1e783000 (irq = 23, base_baud = 1500000) is a 16550A
Jun 30 15:32:19 witherspoon kernel[981]: [    2.060000] 1e78d000.serial: ttyS1 at MMIO 0x1e78d000 (irq = 24, base_baud = 1500000) is a 16550A
Jun 30 15:32:19 witherspoon kernel[981]: [    2.060000] 1e784000.serial: ttyS4 at MMIO 0x1e784000 (irq = 25, base_baud = 1500000) is a 16550A
Jun 30 15:32:19 witherspoon kernel[981]: [    2.400000] console [ttyS4] enabled
Jun 30 15:32:19 witherspoon kernel[981]: [    2.400000] 1e787000.vuart: ttyS2 at MMIO 0x1e787000 (irq = 22, base_baud = 1500000) is a 16550A
Jun 30 15:32:19 witherspoon kernel[981]: [    2.600000] timeriomem_rng 1e6e2078.hwrng: 32bits from 0xf00e2078 @ 1us
Jun 30 15:32:19 witherspoon kernel[981]: [    2.640000] brd: module loaded
Jun 30 15:32:19 witherspoon kernel[981]: [    2.660000] loop: module loaded
Jun 30 15:32:19 witherspoon kernel[981]: [    2.660000] aspeed-lpc-ctrl 1e789080.lpc-ctrl: Loaded at 0x98000000 (0x04000000)
Jun 30 15:32:19 witherspoon kernel[981]: [    2.690000] aspeed-smc 1e620000.flash-controller: Using IRQ 18
Jun 30 15:32:19 witherspoon kernel[981]: [    2.690000] aspeed-smc 1e620000.flash-controller: DMA support disabled.
Jun 30 15:32:19 witherspoon kernel[981]: [    2.690000] aspeed-smc 1e620000.flash-controller: mx25l25635e (32768 Kbytes)
Jun 30 15:32:19 witherspoon kernel[981]: [    2.690000] aspeed-smc 1e620000.flash-controller: CE0 window [ 0x20000000 - 0x22000000 ] 32MB
Jun 30 15:32:19 witherspoon kernel[981]: [    2.690000] aspeed-smc 1e620000.flash-controller: CE1 window [ 0x22000000 - 0x2a000000 ] 128MB
Jun 30 15:32:19 witherspoon kernel[981]: [    2.730000] 5 ofpart partitions found on MTD device bmc
Jun 30 15:32:19 witherspoon kernel[981]: [    2.730000] Creating 5 MTD partitions on "bmc":
Jun 30 15:32:19 witherspoon kernel[981]: [    2.730000] 0x000000000000-0x000000060000 : "u-boot"
Jun 30 15:32:19 witherspoon kernel[981]: [    2.730000] 0x000000060000-0x000000080000 : "u-boot-env"
Jun 30 15:32:19 witherspoon kernel[981]: [    2.730000] 0x000000080000-0x0000004c0000 : "kernel"
Jun 30 15:32:19 witherspoon kernel[981]: [    2.730000] 0x0000004c0000-0x000001c00000 : "rofs"
Jun 30 15:32:19 witherspoon kernel[981]: [    2.770000] 0x000001c00000-0x000002000000 : "rwfs"
Jun 30 15:32:19 witherspoon kernel[981]: [    2.770000] aspeed-smc 1e620000.flash-controller: mx25l25635e (32768 Kbytes)
Jun 30 15:32:19 witherspoon kernel[981]: [    2.770000] aspeed-smc 1e620000.flash-controller: CE1 window [ 0x22000000 - 0x24000000 ] 32MB
Jun 30 15:32:19 witherspoon kernel[981]: [    2.770000] aspeed-smc 1e620000.flash-controller: CE2 window [ 0x24000000 - 0x2c000000 ] 128MB
Jun 30 15:32:19 witherspoon kernel[981]: [    2.770000] aspeed-smc 1e630000.flash-controller: mx66l1g45g (131072 Kbytes)
Jun 30 15:32:19 witherspoon kernel[981]: [    2.820000] aspeed-smc 1e630000.flash-controller: CE0 window resized to 120MB (AST2500 HW quirk)
Jun 30 15:32:19 witherspoon kernel[981]: [    2.820000] aspeed-smc 1e630000.flash-controller: CE0 window [ 0x30000000 - 0x37800000 ] 120MB
Jun 30 15:32:19 witherspoon kernel[981]: [    2.820000] aspeed-smc 1e630000.flash-controller: CE0 window too small for chip 128MB
Jun 30 15:32:19 witherspoon kernel[981]: [    2.820000] aspeed-smc 1e630000.flash-controller: CE1 window [ 0x37800000 - 0x38000000 ] 8MB
Jun 30 15:32:19 witherspoon kernel[981]: [    3.620000] libphy: Fixed MDIO Bus: probed
Jun 30 15:32:19 witherspoon kernel[981]: [    3.620000] ftgmac100 1e660000.ethernet: Read MAC address 70:e2:84:14:23:e1 from chip
Jun 30 15:32:19 witherspoon kernel[981]: [    3.620000] ftgmac100 1e660000.ethernet: Using NCSI interface
Jun 30 15:32:19 witherspoon kernel[981]: [    3.620000] ftgmac100 1e660000.ethernet eth0: irq 20, mapped at f0060000
Jun 30 15:32:19 witherspoon kernel[981]: [    3.620000] ehci_hcd: USB 2.0 'Enhanced' Host Controller (EHCI) Driver
Jun 30 15:32:19 witherspoon kernel[981]: [    3.620000] ehci-platform: EHCI generic platform driver
Jun 30 15:32:19 witherspoon kernel[981]: [    3.830000]  fsi0: can't read slave 00:00 -5
Jun 30 15:32:19 witherspoon kernel[981]: [    3.830000] i2c /dev entries driver
Jun 30 15:32:19 witherspoon kernel[981]: [    3.830000] aspeed-i2c-bus 1e78a0c0.i2c-bus: i2c bus 2 registered, irq 26
Jun 30 15:32:19 witherspoon kernel[981]: [    3.830000] aspeed-i2c-bus 1e78a100.i2c-bus: i2c bus 3 registered, irq 27
Jun 30 15:32:19 witherspoon kernel[981]: [    3.830000] aspeed-i2c-bus 1e78a140.i2c-bus: i2c bus 4 registered, irq 28
Jun 30 15:32:19 witherspoon kernel[981]: [    3.830000] aspeed-i2c-bus 1e78a180.i2c-bus: i2c bus 5 registered, irq 29
Jun 30 15:32:19 witherspoon kernel[981]: [    3.830000] aspeed-i2c-bus 1e78a380.i2c-bus: i2c bus 9 registered, irq 30
Jun 30 15:32:19 witherspoon kernel[981]: [    3.830000] aspeed-i2c-bus 1e78a3c0.i2c-bus: i2c bus 10 registered, irq 31
Jun 30 15:32:19 witherspoon kernel[981]: [    3.830000] rtc-rv8803 11-0032: Voltage low, temperature compensation stopped.
Jun 30 15:32:19 witherspoon kernel[981]: [    3.830000] rtc-rv8803 11-0032: An alarm maybe have been missed.
Jun 30 15:32:19 witherspoon kernel[981]: [    3.930000] rtc-rv8803 11-0032: rtc core: registered rx8900 as rtc0
Jun 30 15:32:19 witherspoon kernel[981]: [    3.940000] at24 11-0051: 8192 byte 24c64 EEPROM, writable, 1 bytes/write
Jun 30 15:32:19 witherspoon kernel[981]: [    3.950000] aspeed-i2c-bus 1e78a400.i2c-bus: i2c bus 11 registered, irq 32
Jun 30 15:32:19 witherspoon kernel[981]: [    3.950000] aspeed-i2c-bus 1e78a440.i2c-bus: i2c bus 12 registered, irq 33
Jun 30 15:32:19 witherspoon kernel[981]: [    3.960000] aspeed-i2c-bus 1e78a480.i2c-bus: i2c bus 13 registered, irq 34
Jun 30 15:32:19 witherspoon kernel[981]: [    3.960000] Driver for 1-wire Dallas network protocol.
Jun 30 15:32:19 witherspoon kernel[981]: [    3.980000] lm75 9-004a: hwmon0: sensor 'tmp275'
Jun 30 15:32:19 witherspoon kernel[981]: [    4.010000] random: fast init done
Jun 30 15:32:19 witherspoon kernel[981]: [    4.400000] ucd9000 11-0064: Device ID UCD90160|2.3.4.0000|110603
Jun 30 15:32:19 witherspoon kernel[981]: [    4.730000] leds-pca955x 11-0060: leds-pca955x: Using pca9552 16-bit LED driver at slave address 0x60
Jun 30 15:32:19 witherspoon kernel[981]: [    4.750000] leds-pca955x 11-0060: gpios 264...279
Jun 30 15:32:19 witherspoon kernel[981]: [    4.750000] usbcore: registered new interface driver usbhid
Jun 30 15:32:19 witherspoon kernel[981]: [    4.760000] usbhid: USB HID core driver
Jun 30 15:32:26 witherspoon kernel: random: crng init done
Jun 30 15:32:19 witherspoon kernel[981]: [    4.800000] dps310: probe of 3-0076 failed with error -5
Jun 30 15:32:23 witherspoon systemd[1]: Started OpenPower Software Update Manager.
Jun 30 15:32:19 witherspoon kernel[981]: [    4.800000] NET: Registered protocol family 10
Jun 30 15:32:24 witherspoon systemd[1]: Started OpenBMC Software Update Manager.
Jun 30 15:32:19 witherspoon kernel[981]: [    4.810000] Segment Routing with IPv6
Jun 30 15:32:24 witherspoon systemd[1]: Started Phosphor Download Manager.
Jun 30 15:32:19 witherspoon kernel[981]: [    4.810000] NET: Registered protocol family 17
Jun 30 15:32:24 witherspoon systemd[1]: Starting Network Service...
Jun 30 15:32:19 witherspoon kernel[981]: [    4.810000] console [netcon0] enabled
Jun 30 15:32:25 witherspoon systemd[1]: Starting Phosphor BMC0 Control...
Jun 30 15:32:19 witherspoon kernel[981]: [    4.810000] netconsole: network logging started
Jun 30 15:32:25 witherspoon systemd-networkd[989]: Enumeration completed
Jun 30 15:32:19 witherspoon kernel[981]: [    4.830000] input: gpio-keys as /devices/platform/gpio-keys/input/input0
Jun 30 15:32:25 witherspoon systemd[1]: Started Phosphor Hwmon Poller.
Jun 30 15:32:19 witherspoon kernel[981]: [    4.840000] rtc-rv8803 11-0032: setting system clock to 2017-06-30 15:31:56 UTC (1498836716)
Jun 30 15:32:25 witherspoon systemd[1]: Starting Phosphor Dump Manager...
Jun 30 15:32:19 witherspoon kernel[981]: [    4.850000] Freeing unused kernel memory: 280K
Jun 30 15:32:25 witherspoon systemd-networkd[989]: eth0: IPv6 enabled for interface: Success
Jun 30 15:32:19 witherspoon kernel[981]: [    4.850000] This architecture does not have kernel memory protection.
Jun 30 15:32:25 witherspoon systemd[1]: Starting Phosphor DBus Service Discovery Manager...
Jun 30 15:32:19 witherspoon kernel[981]: [    6.400000] jffs2: notice: (523) jffs2_build_xattr_subsystem: complete building xattr subsystem, 1 of xdatum (1 unchecked, 0 orphan) and 5 of xref (0 dead, 1 orphan) found.
Jun 30 15:32:25 witherspoon systemd[1]: Starting Phosphor User Manager...
Jun 30 15:32:19 witherspoon kernel[981]: [   13.540000] systemd[1]: Failed to insert module 'autofs4': No such file or directory
Jun 30 15:32:26 witherspoon systemd[1]: Started Phosphor Hwmon Poller.
Jun 30 15:32:19 witherspoon kernel[981]: [   13.540000] systemd[1]: systemd 232 running in system mode. (+PAM -AUDIT -SELINUX -IMA -APPARMOR -SMACK +SYSVINIT -UTMP -LIBCRYPTSETUP -GCRYPT -GNUTLS +ACL +XZ -LZ4 -SECCOMP +BLKID -ELFUTILS +KMOD -IDN)
Jun 30 15:32:26 witherspoon systemd[1]: Starting Phosphor Version Software Manager...
Jun 30 15:32:19 witherspoon kernel[981]: [   13.540000] systemd[1]: Detected architecture arm.
Jun 30 15:32:26 witherspoon systemd-networkd[989]: eth0: Gained carrier
Jun 30 15:32:19 witherspoon kernel[981]: [   13.790000] systemd[1]: Set hostname to <witherspoon>.
Jun 30 15:32:26 witherspoon systemd-timesyncd[762]: Network configuration changed, trying to establish connection.
Jun 30 15:32:19 witherspoon kernel[981]: [   15.230000] systemd[1]: Listening on Journal Socket (/dev/log).
Jun 30 15:32:26 witherspoon systemd[1]: Started Phosphor Hwmon Poller.
Jun 30 15:32:19 witherspoon kernel[981]: [   15.310000] systemd[1]: Listening on Journal Socket.
Jun 30 15:32:26 witherspoon systemd[1]: Starting Phosphor Download Manager...
Jun 30 15:32:19 witherspoon kernel[981]: [   15.350000] systemd[1]: Listening on Network Service Netlink Socket.
Jun 30 15:32:26 witherspoon systemd[1]: Starting Clear one time boot overrides...
Jun 30 15:32:19 witherspoon kernel[981]: [   15.390000] systemd[1]: Started Dispatch Password Requests to Console Directory Watch.
Jun 30 15:32:26 witherspoon systemd[1]: Started Phosphor sysfs LED controller.
Jun 30 15:32:19 witherspoon kernel[981]: [   15.430000] systemd[1]: Started Forward Password Requests to Wall Directory Watch.
Jun 30 15:32:27 witherspoon systemd[1]: Started Hardware RNG Entropy Gatherer Daemon.
Jun 30 15:32:19 witherspoon kernel[981]: [   15.470000] systemd[1]: Listening on udev Kernel Socket.
Jun 30 15:32:27 witherspoon systemd[1]: Starting Phosphor IPMI BT DBus Bridge...
Jun 30 15:32:19 witherspoon kernel[981]: [   15.510000] systemd[1]: Listening on /dev/initctl Compatibility Named Pipe.
Jun 30 15:32:27 witherspoon systemd[1]: Started Daily Cleanup of Temporary Directories.
Jun 30 15:32:19 witherspoon kernel[981]: [   17.680000] systemd-journald[575]: Received request to flush runtime journal from PID 1
Jun 30 15:32:27 witherspoon systemd[1]: Reached target Timers.
Jun 30 15:32:24 witherspoon kernel[981]: [   32.740000] random: crng init done
Jun 30 15:32:27 witherspoon systemd[1]: Starting Avahi mDNS/DNS-SD Stack...
Jun 30 15:32:27 witherspoon systemd-networkd[989]: eth0: Gained IPv6LL
Jun 30 15:32:27 witherspoon systemd[1]: Started Network Service.
Jun 30 15:32:28 witherspoon systemd[1]: Started Clear one time boot overrides.
Jun 30 15:32:28 witherspoon systemd[1]: Started Phosphor Dump Manager.
Jun 30 15:32:28 witherspoon avahi-daemon[1005]: Found user 'avahi' (UID 998) and group 'avahi' (GID 997).
Jun 30 15:32:28 witherspoon systemd[1]: Started Phosphor IPMI BT DBus Bridge.
Jun 30 15:32:28 witherspoon avahi-daemon[1005]: Successfully dropped root privileges.
Jun 30 15:32:28 witherspoon systemd[1]: Reached target Network.
Jun 30 15:32:28 witherspoon avahi-daemon[1005]: avahi-daemon 0.6.32 starting up.
Jun 30 15:32:28 witherspoon systemd[1]: Started Lightweight SLP Server.
Jun 30 15:32:30 witherspoon kernel: ftgmac100 1e660000.ethernet eth0: NCSI interface up
Jun 30 15:32:28 witherspoon avahi-daemon[1005]: Successfully called chroot().
Jun 30 15:32:28 witherspoon systemd[1]: Starting Permit User Sessions...
Jun 30 15:32:28 witherspoon avahi-daemon[1005]: Successfully dropped remaining capabilities.
Jun 30 15:32:28 witherspoon systemd[1]: Started Avahi mDNS/DNS-SD Stack.
Jun 30 15:32:28 witherspoon avahi-daemon[1005]: Loading service file /services/obmc_console.service.
Jun 30 15:32:29 witherspoon systemd[1]: Started Phosphor Version Software Manager.
Jun 30 15:32:28 witherspoon avahi-daemon[1005]: Loading service file /services/phosphor_rest.service.
Jun 30 15:32:29 witherspoon systemd[1]: Started Permit User Sessions.
Jun 30 15:32:28 witherspoon avahi-daemon[1005]: Loading service file /services/sftp-ssh.service.
Jun 30 15:32:29 witherspoon systemd[1]: Started Serial Getty on ttyS4.
Jun 30 15:32:28 witherspoon avahi-daemon[1005]: Loading service file /services/sftp.service.
Jun 30 15:32:29 witherspoon systemd[1]: Reached target Login Prompts.
Jun 30 15:32:28 witherspoon avahi-daemon[1005]: Loading service file /services/ssh.service.
Jun 30 15:32:29 witherspoon systemd[1]: Reached target Multi-User System.
Jun 30 15:32:28 witherspoon avahi-daemon[1005]: Joining mDNS multicast group on interface eth0.IPv6 with address fe80::72e2:84ff:fe14:23e1.
Jun 30 15:32:28 witherspoon avahi-daemon[1005]: New relevant interface eth0.IPv6 for mDNS.
Jun 30 15:32:28 witherspoon avahi-daemon[1005]: Joining mDNS multicast group on interface eth0.IPv4 with address 9.3.86.161.
Jun 30 15:32:28 witherspoon avahi-daemon[1005]: New relevant interface eth0.IPv4 for mDNS.
Jun 30 15:32:28 witherspoon avahi-daemon[1005]: Network interface enumeration completed.
Jun 30 15:32:28 witherspoon avahi-daemon[1005]: Registering new address record for fe80::72e2:84ff:fe14:23e1 on eth0.*.
Jun 30 15:32:28 witherspoon avahi-daemon[1005]: Registering new address record for 9.3.86.161 on eth0.IPv4.
Jun 30 15:32:29 witherspoon kernel[981]: [   37.540000] ftgmac100 1e660000.ethernet eth0: NCSI interface up
Jun 30 15:32:30 witherspoon avahi-daemon[1005]: Server startup complete. Host name is witherspoon.local. Local service cookie is 1851940498.
Jun 30 15:32:30 witherspoon avahi-daemon[1005]: Service name conflict for "sftp" (/services/sftp.service), retrying with "sftp #2".
Jun 30 15:32:30 witherspoon avahi-daemon[1005]: Service name conflict for "obmc_console" (/services/obmc_console.service), retrying with "obmc_console #2".
Jun 30 15:32:30 witherspoon avahi-daemon[1005]: Service name conflict for "phosphor_rest" (/services/phosphor_rest.service), retrying with "phosphor_rest #2".
Jun 30 15:32:31 witherspoon avahi-daemon[1005]: Service "witherspoon" (/services/ssh.service) successfully established.
Jun 30 15:32:31 witherspoon avahi-daemon[1005]: Service "witherspoon" (/services/sftp-ssh.service) successfully established.
Jun 30 15:32:31 witherspoon avahi-daemon[1005]: Service name conflict for "phosphor_rest" (/services/phosphor_rest.service), retrying with "phosphor_rest #3".
Jun 30 15:32:31 witherspoon avahi-daemon[1005]: Service name conflict for "sftp" (/services/sftp.service), retrying with "sftp #3".
Jun 30 15:32:31 witherspoon avahi-daemon[1005]: Service name conflict for "obmc_console" (/services/obmc_console.service), retrying with "obmc_console #3".
Jun 30 15:32:32 witherspoon avahi-daemon[1005]: Service name conflict for "phosphor_rest" (/services/phosphor_rest.service), retrying with "phosphor_rest #4".
Jun 30 15:32:32 witherspoon avahi-daemon[1005]: Service name conflict for "sftp" (/services/sftp.service), retrying with "sftp #4".
Jun 30 15:32:32 witherspoon avahi-daemon[1005]: Service name conflict for "obmc_console" (/services/obmc_console.service), retrying with "obmc_console #4".
Jun 30 15:32:32 witherspoon systemd[1]: Started Phosphor BMC0 Control.
Jun 30 15:32:33 witherspoon avahi-daemon[1005]: Service name conflict for "sftp" (/services/sftp.service), retrying with "sftp #5".
Jun 30 15:32:33 witherspoon avahi-daemon[1005]: Service name conflict for "phosphor_rest" (/services/phosphor_rest.service), retrying with "phosphor_rest #5".
Jun 30 15:32:33 witherspoon avahi-daemon[1005]: Service name conflict for "obmc_console" (/services/obmc_console.service), retrying with "obmc_console #5".
Jun 30 15:32:34 witherspoon avahi-daemon[1005]: Service name conflict for "phosphor_rest" (/services/phosphor_rest.service), retrying with "phosphor_rest #6".
Jun 30 15:32:34 witherspoon avahi-daemon[1005]: Service name conflict for "obmc_console" (/services/obmc_console.service), retrying with "obmc_console #6".
Jun 30 15:32:34 witherspoon avahi-daemon[1005]: Service name conflict for "sftp" (/services/sftp.service), retrying with "sftp #6".
Jun 30 15:32:35 witherspoon avahi-daemon[1005]: Service name conflict for "phosphor_rest" (/services/phosphor_rest.service), retrying with "phosphor_rest #7".
Jun 30 15:32:35 witherspoon avahi-daemon[1005]: Service name conflict for "obmc_console" (/services/obmc_console.service), retrying with "obmc_console #7".
Jun 30 15:32:35 witherspoon avahi-daemon[1005]: Service name conflict for "sftp" (/services/sftp.service), retrying with "sftp #7".
Jun 30 15:32:36 witherspoon avahi-daemon[1005]: Service name conflict for "obmc_console" (/services/obmc_console.service), retrying with "obmc_console #8".
Jun 30 15:32:36 witherspoon avahi-daemon[1005]: Service name conflict for "phosphor_rest" (/services/phosphor_rest.service), retrying with "phosphor_rest #8".
Jun 30 15:32:36 witherspoon avahi-daemon[1005]: Service name conflict for "sftp" (/services/sftp.service), retrying with "sftp #8".
Jun 30 15:32:38 witherspoon avahi-daemon[1005]: Service name conflict for "sftp" (/services/sftp.service), retrying with "sftp #9".
Jun 30 15:32:38 witherspoon avahi-daemon[1005]: Service "phosphor_rest #8" (/services/phosphor_rest.service) successfully established.
Jun 30 15:32:38 witherspoon avahi-daemon[1005]: Service "obmc_console #8" (/services/obmc_console.service) successfully established.
Jun 30 15:32:39 witherspoon avahi-daemon[1005]: Service name conflict for "sftp" (/services/sftp.service), retrying with "sftp #10".
Jun 30 15:32:40 witherspoon systemd-networkd[989]: eth0: Configured
Jun 30 15:32:40 witherspoon systemd-timesyncd[762]: Network configuration changed, trying to establish connection.
Jun 30 15:32:40 witherspoon avahi-daemon[1005]: Service name conflict for "sftp" (/services/sftp.service), retrying with "sftp #11".
Jun 30 15:32:41 witherspoon avahi-daemon[1005]: Service name conflict for "sftp" (/services/sftp.service), retrying with "sftp #12".
Jun 30 15:32:41 witherspoon avahi-daemon[1005]: Withdrawing address record for fe80::72e2:84ff:fe14:23e1 on eth0.
Jun 30 15:32:41 witherspoon avahi-daemon[1005]: Host name conflict, retrying with witherspoon-2
Jun 30 15:32:41 witherspoon avahi-daemon[1005]: Registering new address record for fe80::72e2:84ff:fe14:23e1 on eth0.*.
Jun 30 15:32:41 witherspoon avahi-daemon[1005]: Registering new address record for 9.3.86.161 on eth0.IPv4.
Jun 30 15:32:42 witherspoon avahi-daemon[1005]: Server startup complete. Host name is witherspoon-2.local. Local service cookie is 1851940498.
Jun 30 15:32:43 witherspoon systemd[1]: Started Phosphor Chassis0 Control.
Jun 30 15:32:43 witherspoon chassis_control.py[977]: Running ChassisControlService
Jun 30 15:32:43 witherspoon avahi-daemon[1005]: Service name conflict for "sftp" (/services/sftp.service), retrying with "sftp #13".
Jun 30 15:32:44 witherspoon inventory_items.py[984]: Loading from cache: /var/cache/obmc/org.openbmc.inventory.system.chassis.motherboard.apss@org.openbmc.InventoryItem.props
Jun 30 15:32:44 witherspoon inventory_items.py[984]: Loading from cache: /var/cache/obmc/org.openbmc.inventory.system.chassis.motherboard@org.openbmc.InventoryItem.props
Jun 30 15:32:44 witherspoon inventory_items.py[984]: Loading from cache: /var/cache/obmc/org.openbmc.inventory.system.chassis.motherboard.refclock@org.openbmc.InventoryItem.props
Jun 30 15:32:44 witherspoon inventory_items.py[984]: Loading from cache: /var/cache/obmc/org.openbmc.inventory.system.chassis.motherboard.cpu1.core7@org.openbmc.InventoryItem.props
Jun 30 15:32:44 witherspoon inventory_items.py[984]: Loading from cache: /var/cache/obmc/org.openbmc.inventory.system.chassis.motherboard.cpu1.core4@org.openbmc.InventoryItem.props
Jun 30 15:32:44 witherspoon inventory_items.py[984]: Loading from cache: /var/cache/obmc/org.openbmc.inventory.system.chassis.motherboard.cpu1.core1@org.openbmc.InventoryItem.props
Jun 30 15:32:44 witherspoon inventory_items.py[984]: Loading from cache: /var/cache/obmc/org.openbmc.inventory.system.chassis.motherboard.cpu1.core10@org.openbmc.InventoryItem.props
Jun 30 15:32:44 witherspoon inventory_items.py[984]: Loading from cache: /var/cache/obmc/org.openbmc.inventory.system.chassis.motherboard.todclock@org.openbmc.InventoryItem.props
Jun 30 15:32:44 witherspoon inventory_items.py[984]: Loading from cache: /var/cache/obmc/org.openbmc.inventory.system.chassis.motherboard.cpu1@org.openbmc.InventoryItem.props
Jun 30 15:32:44 witherspoon inventory_items.py[984]: Loading from cache: /var/cache/obmc/org.openbmc.inventory.system.chassis.motherboard.bmc@org.openbmc.InventoryItem.props
Jun 30 15:32:44 witherspoon inventory_items.py[984]: Caching: /org/openbmc/inventory/system/chassis/motherboard/bmc
Jun 30 15:32:44 witherspoon sensor_manager2.py[967]: Setting boot count to 3
Jun 30 15:32:44 witherspoon sensor_manager2.py[967]: Deleting OCC device
Jun 30 15:32:44 witherspoon sensor_manager2.py[967]: sh: /sys/class/i2c-adapter/i2c-3/3-0050/online: No such file or directory
Jun 30 15:32:44 witherspoon sensor_manager2.py[967]: Deleting OCC device
Jun 30 15:32:44 witherspoon sensor_manager2.py[967]: sh: /sys/class/i2c-adapter/i2c-3/3-0050/online: No such file or directory
Jun 30 15:32:44 witherspoon systemd[1]: Started Phosphor Sensor Manager.
Jun 30 15:32:44 witherspoon sensor_manager2.py[967]: Starting sensor manager
Jun 30 15:32:45 witherspoon avahi-daemon[1005]: Service "witherspoon-2" (/services/ssh.service) successfully established.
Jun 30 15:32:45 witherspoon avahi-daemon[1005]: Service "witherspoon-2" (/services/sftp-ssh.service) successfully established.
Jun 30 15:32:45 witherspoon avahi-daemon[1005]: Service "phosphor_rest #8" (/services/phosphor_rest.service) successfully established.
Jun 30 15:32:45 witherspoon avahi-daemon[1005]: Service "obmc_console #8" (/services/obmc_console.service) successfully established.
Jun 30 15:32:45 witherspoon avahi-daemon[1005]: Service name conflict for "sftp" (/services/sftp.service), retrying with "sftp #14".
Jun 30 15:32:45 witherspoon inventory_items.py[984]: Loading from cache: /var/cache/obmc/org.openbmc.inventory.system.chassis.motherboard.cpu0.core1@org.openbmc.InventoryItem.props
Jun 30 15:32:45 witherspoon inventory_items.py[984]: Loading from cache: /var/cache/obmc/org.openbmc.inventory.system.chassis.motherboard.cpu0.core7@org.openbmc.InventoryItem.props
Jun 30 15:32:45 witherspoon inventory_items.py[984]: Loading from cache: /var/cache/obmc/org.openbmc.inventory.system.chassis.motherboard.cpu0.core4@org.openbmc.InventoryItem.props
Jun 30 15:32:45 witherspoon inventory_items.py[984]: Loading from cache: /var/cache/obmc/org.openbmc.inventory.system.chassis.motherboard.pcieclock@org.openbmc.InventoryItem.props
Jun 30 15:32:45 witherspoon inventory_items.py[984]: Loading from cache: /var/cache/obmc/org.openbmc.inventory.system.chassis.motherboard.cpu0.core10@org.openbmc.InventoryItem.props
Jun 30 15:32:45 witherspoon systemd[1]: Started Phosphor Inventory Manager.
Jun 30 15:32:45 witherspoon inventory_items.py[984]: Running Inventory Manager
Jun 30 15:32:46 witherspoon systemd[1]: Started Phosphor Download Manager.
Jun 30 15:32:46 witherspoon download_manager.py[998]: Running Download Manager
Jun 30 15:32:46 witherspoon phosphor-mapper[993]: ObjectMapper startup complete.  Discovery in progress...
Jun 30 15:32:47 witherspoon avahi-daemon[1010]: ../../avahi-0.6.32/avahi-daemon/chroot.c: open() failed: No such file or directory
Jun 30 15:32:47 witherspoon avahi-daemon[1005]: Failed to open /usr/share/dbus-1/interfaces/org.freedesktop.Avahi.Server.xml: Invalid argument
Jun 30 15:32:47 witherspoon avahi-daemon[1005]: Failed to load introspection data.
Jun 30 15:32:48 witherspoon systemd[1]: Started Phosphor User Manager.
Jun 30 15:32:48 witherspoon obmc-phosphor-userd[994]: Started
Jun 30 15:32:48 witherspoon systemd[1]: Started Phosphor Network Manager.
Jun 30 15:32:48 witherspoon netman.py[973]: Started
Jun 30 15:33:00 witherspoon phosphor-mapper[993]: ObjectMapper discovery complete
Jun 30 15:33:00 witherspoon systemd[1]: Started Phosphor DBus Service Discovery Manager.
Jun 30 15:33:00 witherspoon systemd[1]: Reached target Phosphor Object Mapper.
Jun 30 15:33:00 witherspoon systemd[1]: Starting Phoshpor System Manager...
Jun 30 15:33:00 witherspoon systemd[1]: Starting Wait for /org/openbmc/control/bmc0...
Jun 30 15:33:00 witherspoon systemd[1]: Starting Wait for /xyz/openbmc_project/led/groups...
Jun 30 15:33:00 witherspoon systemd[1]: Starting Wait for /xyz/openbmc_project/inventory...
Jun 30 15:33:00 witherspoon systemd[1]: Reached target Webserver (pre).
Jun 30 15:33:00 witherspoon systemd[1]: Started Phosphor Webserver.
Jun 30 15:33:00 witherspoon systemd[1]: Starting Wait for /org/openbmc/managers/Download...
Jun 30 15:33:00 witherspoon systemd[1]: Starting Wait for /org/openbmc/managers/System...
Jun 30 15:33:00 witherspoon systemd[1]: Starting Wait for /xyz/openbmc_project/control/host0...
Jun 30 15:33:00 witherspoon systemd[1]: Started Phosphor DBus Monitor.
Jun 30 15:33:00 witherspoon systemd[1]: Starting Wait for /xyz/openbmc_project/state/chassis0...
Jun 30 15:33:00 witherspoon systemd[1]: Starting Wait for /org/openbmc/control/power0...
Jun 30 15:33:00 witherspoon systemd[1]: Starting Wait for /org/openbmc/control/flash/bios...
Jun 30 15:33:00 witherspoon systemd[1]: Starting Wait for /org/openbmc/NetworkManager/Interface...
Jun 30 15:33:00 witherspoon systemd[1]: Starting Wait for /xyz/openbmc_project/led/groups/bmc_booted...
Jun 30 15:33:00 witherspoon systemd[1]: Starting Phosphor Settings Manager...
Jun 30 15:33:00 witherspoon systemd[1]: Starting Wait for /org/openbmc/sensors...
Jun 30 15:33:00 witherspoon systemd[1]: Starting Wait for /xyz/openbmc_project/state/host0...
Jun 30 15:33:03 witherspoon systemd[1]: Started Wait for /org/openbmc/NetworkManager/Interface.
Jun 30 15:33:03 witherspoon systemd[1]: Started Phosphor DNS Settings Cache Manager.
Jun 30 15:33:03 witherspoon systemd[1]: Started Wait for /org/openbmc/sensors.
Jun 30 15:33:03 witherspoon systemd[1]: Started Phosphor Hwmon Poller.
Jun 30 15:33:03 witherspoon systemd[1]: Started Wait for /xyz/openbmc_project/led/groups/bmc_booted.
Jun 30 15:33:03 witherspoon systemd[1]: Starting Assert bmc_booted LED...
Jun 30 15:33:03 witherspoon systemd[1]: Started Wait for /org/openbmc/managers/Download.
Jun 30 15:33:03 witherspoon systemd[1]: Starting Phosphor BIOS Code Update...
Jun 30 15:33:04 witherspoon systemd[1]: Started Wait for /xyz/openbmc_project/inventory.
Jun 30 15:33:04 witherspoon systemd[1]: Starting OpenPOWER OCC controller...
Jun 30 15:33:04 witherspoon systemd[1]: Started Phosphor Cooling Type.
Jun 30 15:33:04 witherspoon systemd[1]: Starting Read OpenPOWER-format VPD from EEPROM...
Jun 30 15:33:04 witherspoon systemd[1]: Started Wait for /org/openbmc/control/bmc0.
Jun 30 15:33:04 witherspoon systemd[1]: Starting Phosphor BMC Code Update...
Jun 30 15:33:04 witherspoon systemd[1]: Started Wait for /xyz/openbmc_project/led/groups.
Jun 30 15:33:05 witherspoon systemd[1]: Started FRU Fault monitor service.
Jun 30 15:33:05 witherspoon systemd[1]: Started OpenPOWER OCC controller.
Jun 30 15:33:06 witherspoon systemd[1]: Started Phosphor BIOS Code Update.
Jun 30 15:33:06 witherspoon avahi-daemon[1005]: Service name conflict for "sftp" (/services/sftp.service), retrying with "sftp #15".
Jun 30 15:33:09 witherspoon systemd[1]: Started Assert bmc_booted LED.
Jun 30 15:33:12 witherspoon systemd[1]: Started Read OpenPOWER-format VPD from EEPROM.
Jun 30 15:33:17 witherspoon systemd[1]: Started Wait for /org/openbmc/control/flash/bios.
Jun 30 15:33:17 witherspoon systemd[1]: Started Initialize BIOS Flash.
Jun 30 15:33:18 witherspoon system_manager.py[1019]: Running System State: BASE_APPS
Jun 30 15:33:18 witherspoon system_manager.py[1019]: SystemManager Init Done
Jun 30 15:33:19 witherspoon systemd[1]: Started Phoshpor System Manager.
Jun 30 15:33:20 witherspoon settings_manager.py[1033]: Running HostSettingsService
Jun 30 15:33:20 witherspoon system_manager.py[1019]: Running SystemManager
Jun 30 15:33:20 witherspoon system_manager.py[1019]: SystemManager Goto System State: BMC_STARTING
Jun 30 15:33:20 witherspoon system_manager.py[1019]: Running System State: BMC_STARTING
Jun 30 15:33:19 witherspoon systemd[1]: Started Phosphor Settings Manager.
Jun 30 15:33:19 witherspoon systemd[1]: Starting Wait for /org/openbmc/settings/host0...
Jun 30 15:33:20 witherspoon hwmon.py[1038]: Starting HWMON sensors
Jun 30 15:33:20 witherspoon flash_bios.exe[1041]: Starting flasher: bios,,/org/openbmc/control/flash/bios,
Jun 30 15:33:20 witherspoon flash_bios.exe[1041]: flasher: , BMC = 1, address = 0x0
Jun 30 15:33:20 witherspoon flash_bios.exe[1041]: Setting up flash
Jun 30 15:33:21 witherspoon flash_bios.exe[1041]: Starting flasher: bios,,/org/openbmc/control/flash/bios,
Jun 30 15:33:21 witherspoon flash_bios.exe[1041]: flasher: , BMC = 1, address = 0x0
Jun 30 15:33:21 witherspoon flash_bios.exe[1041]: Setting up flash
Jun 30 15:33:21 witherspoon systemd[1]: Started Wait for /org/openbmc/managers/System.
Jun 30 15:33:21 witherspoon systemd[1]: Starting Phosphor Reset Button0...
Jun 30 15:33:21 witherspoon systemd[1]: Starting Phosphor BMC State Manager...
Jun 30 15:33:21 witherspoon systemd[1]: Starting Phosphor Chassis State Manager...
Jun 30 15:33:21 witherspoon systemd[1]: Starting Phosphor Host State Manager...
Jun 30 15:33:21 witherspoon systemd[1]: Starting Phosphor Power Button0...
Jun 30 15:33:21 witherspoon systemd[1]: Starting Phosphor Power0 Control...
Jun 30 15:33:21 witherspoon bmc_update.py[1052]: Running Bmc Flash Control
Jun 30 15:33:21 witherspoon systemd[1]: Started Phosphor BMC Code Update.
Jun 30 15:33:22 witherspoon phosphor-bmc-state-manager[1075]: Setting the BMCState field
Jun 30 15:33:22 witherspoon phosphor-bmc-state-manager[1075]: Setting the BMCState field
Jun 30 15:33:22 witherspoon systemd[1]: Started Phosphor BMC State Manager.
Jun 30 15:33:22 witherspoon phosphor-chassis-state-manager[1076]: Initial Chassis State will be Off
Jun 30 15:33:22 witherspoon systemd[1]: Started Phosphor Chassis State Manager.
Jun 30 15:33:23 witherspoon system_manager.py[1019]: New object: /org/openbmc/control/power0 (:1.65)
Jun 30 15:33:23 witherspoon button_reset.exe[1074]: GPIO Lookup:  RESET_BUTTON = 353,both
Jun 30 15:33:23 witherspoon systemd[1]: Started Phosphor Reset Button0.
Jun 30 15:33:24 witherspoon phosphor-host-state-manager[1077]: Initial Host State will be Off
Jun 30 15:33:24 witherspoon systemd[1]: Started Phosphor Host State Manager.
Jun 30 15:33:24 witherspoon button_power.exe[1078]: GPIO Lookup:  POWER_BUTTON = 347,both
Jun 30 15:33:24 witherspoon systemd[1]: Started Phosphor Power Button0.
Jun 30 15:33:24 witherspoon system_manager.py[1019]: Power GPIO config: ['SYS_PWROK_BUFF', '', [('SOFTWARE_PGOOD', True), ('BMC_POWER_UP', True)], [('BMC_CP0_RESET_N', False)], [], 'FSI_DATA', 'FSI_CLK', 'FSI_ENABLE', 'CRONUS_SEL', []]
Jun 30 15:33:24 witherspoon power_control.exe[1079]: Power GPIO latch output:
Jun 30 15:33:24 witherspoon power_control.exe[1079]: Power GPIO power good input: SYS_PWROK_BUFF
Jun 30 15:33:24 witherspoon power_control.exe[1079]: Power GPIO 2 power_up outputs
Jun 30 15:33:24 witherspoon power_control.exe[1079]: Power GPIO power_up[0] = SOFTWARE_PGOOD active HIGH
Jun 30 15:33:24 witherspoon power_control.exe[1079]: Power GPIO power_up[1] = BMC_POWER_UP active HIGH
Jun 30 15:33:24 witherspoon power_control.exe[1079]: Power GPIO 1 reset outputs
Jun 30 15:33:24 witherspoon power_control.exe[1079]: Power GPIO reset[0] = BMC_CP0_RESET_N active LOW
Jun 30 15:33:24 witherspoon power_control.exe[1079]: Power GPIO 0 pci reset outputs
Jun 30 15:33:24 witherspoon power_control.exe[1079]: FSI DATA GPIO: FSI_DATA
Jun 30 15:33:24 witherspoon power_control.exe[1079]: FSI CLK GPIO: FSI_CLK
Jun 30 15:33:24 witherspoon power_control.exe[1079]: FSI ENABLE GPIO: FSI_ENABLE
Jun 30 15:33:24 witherspoon power_control.exe[1079]: CRONUS SEL GPIO: CRONUS_SEL
Jun 30 15:33:24 witherspoon power_control.exe[1079]: Hostctl GPIO optionals: 0
Jun 30 15:33:24 witherspoon power_control.exe[1079]: GPIO Lookup:  SYS_PWROK_BUFF = 306,in
Jun 30 15:33:24 witherspoon power_control.exe[1079]: GPIO Lookup:  SOFTWARE_PGOOD = 417,out
Jun 30 15:33:24 witherspoon power_control.exe[1079]: GPIO Lookup:  BMC_POWER_UP = 305,out
Jun 30 15:33:25 witherspoon power_control.exe[1079]: GPIO Lookup:  BMC_CP0_RESET_N = 281,out
Jun 30 15:33:25 witherspoon power_control.exe[1079]: Pgood state: 0
Jun 30 15:33:25 witherspoon systemd[1]: Started Phosphor Power0 Control.
Jun 30 15:33:26 witherspoon avahi-daemon[1005]: Service name conflict for "sftp" (/services/sftp.service), retrying with "sftp #16".
Jun 30 15:33:26 witherspoon systemd[1]: Started Wait for /org/openbmc/settings/host0.
Jun 30 15:33:26 witherspoon systemd[1]: Started Phosphor Inband IPMI.
Jun 30 15:33:30 witherspoon systemd[1]: Started Wait for /xyz/openbmc_project/state/chassis0.
Jun 30 15:33:31 witherspoon system_manager.py[1019]: SystemManager Goto System State: BMC_READY
Jun 30 15:33:31 witherspoon system_manager.py[1019]: Running System State: BMC_READY
Jun 30 15:33:31 witherspoon systemd[1]: Started Wait for /xyz/openbmc_project/state/host0.
Jun 30 15:33:32 witherspoon systemd[1]: Starting Reboot If Enabled...
Jun 30 15:33:32 witherspoon systemd[1]: Started Wait for /org/openbmc/control/power0.
Jun 30 15:33:32 witherspoon systemd[1]: Starting Phosphor Time Manager daemon...
Jun 30 15:33:32 witherspoon systemd[1]: Starting Check Chassis0 pgood and create a file to indicate it...
Jun 30 15:33:32 witherspoon timemanager[1107]: Registering dbus methods
Jun 30 15:33:32 witherspoon timemanager[1107]: Empty DhcpNtp string
Jun 30 15:33:32 witherspoon timemanager[1107]: Reading Power Control key: pgood
Jun 30 15:33:33 witherspoon timemanager[1107]: Changing settings *allowed* now
Jun 30 15:33:33 witherspoon timemanager[1107]: Getting System Settings: time_mode
Jun 30 15:33:33 witherspoon timemanager[1107]: Requested_Mode: NTP Current_Mode: NTP
Jun 30 15:33:33 witherspoon timemanager[1107]: Mode is already set to : NTP
Jun 30 15:33:33 witherspoon timemanager[1107]: Getting System Settings: time_owner
Jun 30 15:33:33 witherspoon timemanager[1107]: Owner is already set to : BMC
Jun 30 15:33:33 witherspoon timemanager[1107]: Getting System Settings: use_dhcp_ntp
Jun 30 15:33:33 witherspoon systemd[1]: Started Wait for /xyz/openbmc_project/control/host0.
Jun 30 15:33:34 witherspoon timemanager[1107]: use_dhcp_ntp = yes
Jun 30 15:33:34 witherspoon timemanager[1107]: Last known host_offset:0
Jun 30 15:33:34 witherspoon timemanager[1107]: Initial Uptime Usec: 1498836711651139
Jun 30 15:33:33 witherspoon systemd[1]: Started Phosphor Time Manager daemon.
Jun 30 15:33:33 witherspoon phosphor-discover-system-state[1105]: Host power is off, checking power policy
Jun 30 15:33:33 witherspoon systemd[1]: Started Reboot If Enabled.
Jun 30 15:33:34 witherspoon systemd[1]: Started Check Chassis0 pgood and create a file to indicate it.
Jun 30 15:33:34 witherspoon systemd[1]: Reached target Chassis0 power on after reset.
Jun 30 15:33:34 witherspoon systemd[1]: Reached target Host0 running after reset.
Jun 30 15:33:34 witherspoon systemd[1]: Reached target Host0 (Reset Check).
Jun 30 15:33:34 witherspoon systemd[1]: Reached target Chassis0 (Reset Check).
Jun 30 15:33:34 witherspoon systemd[1]: Reached target Phosphor System - Standby.
Jun 30 15:33:34 witherspoon systemd[1]: Startup finished in 13.344s (kernel) + 1min 29.115s (userspace) = 1min 42.460s.
Jun 30 15:33:34 witherspoon phosphor-bmc-state-manager[1075]: BMC_READY
Jun 30 15:33:34 witherspoon phosphor-bmc-state-manager[1075]: Setting the BMCState field
Jun 30 15:33:38 witherspoon phosphor-gevent[1023]: Traceback (most recent call last):
Jun 30 15:33:38 witherspoon phosphor-gevent[1023]:   File "/usr/lib/python2.7/site-packages/gevent/greenlet.py", line 327, in run
Jun 30 15:33:38 witherspoon phosphor-gevent[1023]:     result = self._run(*self.args, **self.kwargs)
Jun 30 15:33:38 witherspoon phosphor-gevent[1023]:   File "/usr/lib/python2.7/site-packages/gevent/server.py", line 102, in wrap_socket_and_handle
Jun 30 15:33:38 witherspoon phosphor-gevent[1023]:     ssl_socket = self.wrap_socket(client_socket, **self.ssl_args)
Jun 30 15:33:38 witherspoon phosphor-gevent[1023]:   File "/usr/lib/python2.7/site-packages/gevent/ssl.py", line 404, in wrap_socket
Jun 30 15:33:38 witherspoon phosphor-gevent[1023]:     ciphers=ciphers)
Jun 30 15:33:38 witherspoon phosphor-gevent[1023]:   File "/usr/lib/python2.7/site-packages/gevent/ssl.py", line 113, in __init__
Jun 30 15:33:38 witherspoon phosphor-gevent[1023]:     self.do_handshake()
Jun 30 15:33:38 witherspoon phosphor-gevent[1023]:   File "/usr/lib/python2.7/site-packages/gevent/ssl.py", line 324, in do_handshake
Jun 30 15:33:38 witherspoon phosphor-gevent[1023]:     return self._sslobj.do_handshake()
Jun 30 15:33:38 witherspoon phosphor-gevent[1023]: SSLEOFError: EOF occurred in violation of protocol (_ssl.c:590)
Jun 30 15:33:38 witherspoon phosphor-gevent[1023]: <Greenlet at 0x76005300: <bound method WSGIServer.wrap_socket_and_handle of <WSGIServer at 0x75fde8d0 fileno=5 address=('::3412:ef76:b0ed:6476%1986325920', 443, 0, 1986325920)>>(<socket at 0x75eb42f0 fileno=9>, ('::80f9:6276:8e91:f402%1995307804', 44636, 0, 199)> failed with SSLEOFError
Jun 30 15:33:38 witherspoon phosphor-gevent[1023]: Traceback (most recent call last):
Jun 30 15:33:38 witherspoon phosphor-gevent[1023]:   File "/usr/lib/python2.7/site-packages/gevent/greenlet.py", line 327, in run
Jun 30 15:33:38 witherspoon phosphor-gevent[1023]:     result = self._run(*self.args, **self.kwargs)
Jun 30 15:33:38 witherspoon phosphor-gevent[1023]:   File "/usr/lib/python2.7/site-packages/gevent/server.py", line 102, in wrap_socket_and_handle
Jun 30 15:33:38 witherspoon phosphor-gevent[1023]:     ssl_socket = self.wrap_socket(client_socket, **self.ssl_args)
Jun 30 15:33:38 witherspoon phosphor-gevent[1023]:   File "/usr/lib/python2.7/site-packages/gevent/ssl.py", line 404, in wrap_socket
Jun 30 15:33:38 witherspoon phosphor-gevent[1023]:     ciphers=ciphers)
Jun 30 15:33:38 witherspoon phosphor-gevent[1023]:   File "/usr/lib/python2.7/site-packages/gevent/ssl.py", line 113, in __init__
Jun 30 15:33:38 witherspoon phosphor-gevent[1023]:     self.do_handshake()
Jun 30 15:33:38 witherspoon phosphor-gevent[1023]:   File "/usr/lib/python2.7/site-packages/gevent/ssl.py", line 324, in do_handshake
Jun 30 15:33:38 witherspoon phosphor-gevent[1023]:     return self._sslobj.do_handshake()
Jun 30 15:33:38 witherspoon phosphor-gevent[1023]: SSLEOFError: EOF occurred in violation of protocol (_ssl.c:590)
Jun 30 15:33:38 witherspoon phosphor-gevent[1023]: <Greenlet at 0x760055d0: <bound method WSGIServer.wrap_socket_and_handle of <WSGIServer at 0x75fde8d0 fileno=5 address=('::3412:ef76:b0ed:6476%1986325920', 443, 0, 1986325920)>>(<socket at 0x75eb4290 fileno=10>, ('::80f9:6276:8e91:f402%1995307804', 44662, 0, 199)> failed with SSLEOFError
Jun 30 15:33:43 witherspoon phosphor-gevent[1023]: ::80f9:6276:8e91:f402%1995307804 - - [2017-06-30 15:33:43] "POST /login HTTP/1.1" 200 320 0.072432
Jun 30 15:33:43 witherspoon systemd[1]: Created slice system-dropbear.slice.
Jun 30 15:33:43 witherspoon systemd[1]: Started SSH Per-Connection Server (9.41.165.94:57210).
Jun 30 15:33:43 witherspoon dropbear[1123]: Failed loading /etc/dropbear/dropbear_dss_host_key
Jun 30 15:33:43 witherspoon dropbear[1123]: Failed loading /etc/dropbear/dropbear_ecdsa_host_key
Jun 30 15:33:43 witherspoon dropbear[1123]: Child connection from ::ffff:9.41.165.94:57210
Jun 30 15:33:44 witherspoon dropbear[1123]: PAM password auth succeeded for 'root' from ::ffff:9.41.165.94:57210
Jun 30 15:33:44 witherspoon dropbear[1124]: lastlog_perform_login: Couldn't stat /var/log/lastlog: No such file or directory
Jun 30 15:33:44 witherspoon dropbear[1124]: lastlog_openseek: /var/log/lastlog is not a file or directory!
Jun 30 15:33:45 witherspoon systemd[1]: Started SSH Per-Connection Server (9.41.165.94:57212).
Jun 30 15:33:45 witherspoon dropbear[1128]: Failed loading /etc/dropbear/dropbear_dss_host_key
Jun 30 15:33:45 witherspoon dropbear[1128]: Failed loading /etc/dropbear/dropbear_ecdsa_host_key
Jun 30 15:33:45 witherspoon dropbear[1128]: Child connection from ::ffff:9.41.165.94:57212
Jun 30 15:33:45 witherspoon avahi-daemon[1005]: Service name conflict for "sftp" (/services/sftp.service), retrying with "sftp #17".
Jun 30 15:33:46 witherspoon dropbear[1128]: PAM password auth succeeded for 'root' from ::ffff:9.41.165.94:57212
Jun 30 15:33:46 witherspoon dropbear[1129]: lastlog_perform_login: Couldn't stat /var/log/lastlog: No such file or directory
Jun 30 15:33:46 witherspoon dropbear[1129]: lastlog_openseek: /var/log/lastlog is not a file or directory!
Jun 30 15:33:47 witherspoon phosphor-gevent[1023]: ::80f9:6276:8e91:f402%1995307804 - - [2017-06-30 15:33:47] "POST /login HTTP/1.1" 200 320 0.034235
Jun 30 15:33:47 witherspoon phosphor-gevent[1023]: ::80f9:6276:8e91:f402%1995307804 - - [2017-06-30 15:33:47] "GET /xyz/openbmc_project/state/BMC0/ HTTP/1.1" 404 308 0.030836
Jun 30 15:33:48 witherspoon phosphor-gevent[1023]: ::80f9:6276:8e91:f402%1995307804 - - [2017-06-30 15:33:48] "POST /login HTTP/1.1" 200 320 0.036668
Jun 30 15:33:48 witherspoon phosphor-gevent[1023]: ::80f9:6276:8e91:f402%1995307804 - - [2017-06-30 15:33:48] "GET /xyz/openbmc_project/state/bmc0//attr/CurrentBMCState HTTP/1.1" 200 212 0.082601
Jun 30 15:33:48 witherspoon phosphor-gevent[1023]: ::80f9:6276:8e91:f402%1995307804 - - [2017-06-30 15:33:48] "POST /login HTTP/1.1" 200 320 0.036524
Jun 30 15:33:48 witherspoon phosphor-gevent[1023]: ::80f9:6276:8e91:f402%1995307804 - - [2017-06-30 15:33:48] "PUT /org/openbmc/control/flash/bmc/attr/preserve_network_settings HTTP/1.1" 200 169 0.230475
Jun 30 15:33:48 witherspoon phosphor-gevent[1023]: ::80f9:6276:8e91:f402%1995307804 - - [2017-06-30 15:33:48] "POST /login HTTP/1.1" 200 320 0.032932
Jun 30 15:33:48 witherspoon phosphor-gevent[1023]: ::80f9:6276:8e91:f402%1995307804 - - [2017-06-30 15:33:48] "GET /org/openbmc/control/flash/bmc HTTP/1.1" 200 380 0.085217
Jun 30 15:33:49 witherspoon systemd[1]: Started SSH Per-Connection Server (9.41.165.94:57222).
Jun 30 15:33:49 witherspoon dropbear[1135]: Failed loading /etc/dropbear/dropbear_dss_host_key
Jun 30 15:33:49 witherspoon dropbear[1135]: Failed loading /etc/dropbear/dropbear_ecdsa_host_key
Jun 30 15:33:49 witherspoon dropbear[1135]: Child connection from ::ffff:9.41.165.94:57222
Jun 30 15:33:49 witherspoon dropbear[1135]: PAM password auth succeeded for 'root' from ::ffff:9.41.165.94:57222
Jun 30 15:33:55 witherspoon phosphor-gevent[1023]: ::80f9:6276:8e91:f402%1995307804 - - [2017-06-30 15:33:55] "POST /login HTTP/1.1" 200 320 0.032542
Jun 30 15:33:55 witherspoon phosphor-gevent[1023]: ::80f9:6276:8e91:f402%1995307804 - - [2017-06-30 15:33:55] "GET /xyz/openbmc_project/state/host0//attr/CurrentHostState HTTP/1.1" 200 212 0.048764
Jun 30 15:33:58 witherspoon dropbear[1137]: Failed loading /etc/dropbear/dropbear_dss_host_key
Jun 30 15:33:58 witherspoon dropbear[1137]: Failed loading /etc/dropbear/dropbear_ecdsa_host_key
Jun 30 15:33:58 witherspoon systemd[1]: Started SSH Per-Connection Server (9.41.165.94:57226).
Jun 30 15:33:58 witherspoon dropbear[1137]: Child connection from ::ffff:9.41.165.94:57226
Jun 30 15:33:59 witherspoon dropbear[1137]: PAM password auth succeeded for 'root' from ::ffff:9.41.165.94:57226
Jun 30 15:33:59 witherspoon dropbear[1138]: lastlog_perform_login: Couldn't stat /var/log/lastlog: No such file or directory
Jun 30 15:33:59 witherspoon dropbear[1138]: lastlog_openseek: /var/log/lastlog is not a file or directory!
Jun 30 15:34:00 witherspoon systemd[1]: Started SSH Per-Connection Server (9.41.165.94:57228).
Jun 30 15:34:00 witherspoon dropbear[1144]: Failed loading /etc/dropbear/dropbear_dss_host_key
Jun 30 15:34:00 witherspoon dropbear[1144]: Failed loading /etc/dropbear/dropbear_ecdsa_host_key
Jun 30 15:34:00 witherspoon dropbear[1144]: Child connection from ::ffff:9.41.165.94:57228
Jun 30 15:34:00 witherspoon dropbear[1144]: PAM password auth succeeded for 'root' from ::ffff:9.41.165.94:57228
Jun 30 15:34:01 witherspoon dropbear[1145]: lastlog_perform_login: Couldn't stat /var/log/lastlog: No such file or directory
Jun 30 15:34:01 witherspoon dropbear[1145]: lastlog_openseek: /var/log/lastlog is not a file or directory!
Jun 30 15:34:04 witherspoon systemd[1]: Started SSH Per-Connection Server (9.41.165.94:57232).
Jun 30 15:34:04 witherspoon dropbear[1154]: Failed loading /etc/dropbear/dropbear_dss_host_key
Jun 30 15:34:04 witherspoon dropbear[1154]: Failed loading /etc/dropbear/dropbear_ecdsa_host_key
Jun 30 15:34:04 witherspoon dropbear[1154]: Child connection from ::ffff:9.41.165.94:57232
Jun 30 15:34:04 witherspoon dropbear[1154]: PAM password auth succeeded for 'root' from ::ffff:9.41.165.94:57232
Jun 30 15:34:04 witherspoon dropbear[1155]: lastlog_perform_login: Couldn't stat /var/log/lastlog: No such file or directory
Jun 30 15:34:04 witherspoon dropbear[1155]: lastlog_openseek: /var/log/lastlog is not a file or directory!
Jun 30 15:34:05 witherspoon avahi-daemon[1005]: Service name conflict for "sftp" (/services/sftp.service), retrying with "sftp #18".
Jun 30 15:34:05 witherspoon phosphor-gevent[1023]: ::80f9:6276:8e91:f402%1995307804 - - [2017-06-30 15:34:05] "POST /login HTTP/1.1" 200 320 0.037245
Jun 30 15:34:06 witherspoon phosphor-gevent[1023]: ::80f9:6276:8e91:f402%1995307804 - - [2017-06-30 15:34:06] "GET /xyz/openbmc_project/logging/entry/enumerate HTTP/1.1" 404 311 0.047456
Jun 30 15:34:06 witherspoon phosphor-gevent[1023]: ::80f9:6276:8e91:f402%1995307804 - - [2017-06-30 15:34:06] "POST /login HTTP/1.1" 200 320 0.038792
Jun 30 15:34:06 witherspoon phosphor-gevent[1023]: ::80f9:6276:8e91:f402%1995307804 - - [2017-06-30 15:34:06] "GET /org/openbmc/sensors/enumerate HTTP/1.1" 200 1236 0.228241
Jun 30 15:34:06 witherspoon phosphor-gevent[1023]: ::80f9:6276:8e91:f402%1995307804 - - [2017-06-30 15:34:06] "POST /login HTTP/1.1" 200 320 0.032970
Jun 30 15:34:06 witherspoon phosphor-gevent[1023]: ::80f9:6276:8e91:f402%1995307804 - - [2017-06-30 15:34:06] "GET /xyz/openbmc_project/inventory/enumerate HTTP/1.1" 200 810 0.137021
Jun 30 15:34:07 witherspoon phosphor-gevent[1023]: ::80f9:6276:8e91:f402%1995307804 - - [2017-06-30 15:34:07] "POST /login HTTP/1.1" 200 320 0.069677
Jun 30 15:34:07 witherspoon phosphor-gevent[1023]: ::80f9:6276:8e91:f402%1995307804 - - [2017-06-30 15:34:07] "GET /org/openbmc/records/events/enumerate HTTP/1.1" 404 304 0.037476
Jun 30 15:34:07 witherspoon phosphor-gevent[1023]: ::80f9:6276:8e91:f402%1995307804 - - [2017-06-30 15:34:07] "POST /login HTTP/1.1" 200 320 0.047254
Jun 30 15:34:07 witherspoon phosphor-gevent[1023]: ::80f9:6276:8e91:f402%1995307804 - - [2017-06-30 15:34:07] "GET /org/openbmc/control/led/enumerate HTTP/1.1" 404 301 0.029544
Jun 30 15:34:07 witherspoon systemd[1]: Started SSH Per-Connection Server (9.41.165.94:57244).
Jun 30 15:34:07 witherspoon dropbear[1158]: Failed loading /etc/dropbear/dropbear_dss_host_key
Jun 30 15:34:07 witherspoon dropbear[1158]: Failed loading /etc/dropbear/dropbear_ecdsa_host_key
Jun 30 15:34:07 witherspoon dropbear[1158]: Child connection from ::ffff:9.41.165.94:57244
Jun 30 15:34:08 witherspoon dropbear[1158]: PAM password auth succeeded for 'root' from ::ffff:9.41.165.94:57244
Jun 30 15:34:08 witherspoon dropbear[1159]: lastlog_perform_login: Couldn't stat /var/log/lastlog: No such file or directory
Jun 30 15:34:08 witherspoon dropbear[1159]: lastlog_openseek: /var/log/lastlog is not a file or directory!
Jun 30 15:34:09 witherspoon systemd[1]: Started SSH Per-Connection Server (9.41.165.94:57246).
Jun 30 15:34:09 witherspoon dropbear[1163]: Failed loading /etc/dropbear/dropbear_dss_host_key
Jun 30 15:34:09 witherspoon dropbear[1163]: Failed loading /etc/dropbear/dropbear_ecdsa_host_key
Jun 30 15:34:09 witherspoon dropbear[1163]: Child connection from ::ffff:9.41.165.94:57246
Jun 30 15:34:09 witherspoon dropbear[1163]: PAM password auth succeeded for 'root' from ::ffff:9.41.165.94:57246
Jun 30 15:34:10 witherspoon systemd[1]: Started SSH Per-Connection Server (9.41.165.94:57248).
Jun 30 15:34:10 witherspoon dropbear[1164]: Failed loading /etc/dropbear/dropbear_dss_host_key
Jun 30 15:34:10 witherspoon dropbear[1164]: Failed loading /etc/dropbear/dropbear_ecdsa_host_key
Jun 30 15:34:10 witherspoon dropbear[1164]: Child connection from ::ffff:9.41.165.94:57248
Jun 30 15:34:10 witherspoon dropbear[1164]: PAM password auth succeeded for 'root' from ::ffff:9.41.165.94:57248
Jun 30 15:34:10 witherspoon dropbear[1165]: lastlog_perform_login: Couldn't stat /var/log/lastlog: No such file or directory
Jun 30 15:34:10 witherspoon dropbear[1165]: lastlog_openseek: /var/log/lastlog is not a file or directory!
