-- Logs begin at Mon 2017-07-31 23:03:15 UTC, end at Mon 2017-07-31 23:28:58 UTC. --
Jul 31 23:03:15 witherspoon kernel: Booting Linux on physical CPU 0x0
Jul 31 23:03:15 witherspoon kernel: Linux version 4.10.17-44f0dc8ac43162c4f7082884d6cd79400341bf5b (jenkins@openbmc-builder1) (gcc version 6.2.0 (GCC) ) #1 Mon Jul 31 21:39:39 UTC 2017
Jul 31 23:03:15 witherspoon kernel: CPU: ARMv6-compatible processor [410fb767] revision 7 (ARMv7), cr=00c5387d
Jul 31 23:03:15 witherspoon kernel: CPU: PIPT / VIPT nonaliasing data cache, VIPT nonaliasing instruction cache
Jul 31 23:03:15 witherspoon kernel: OF: fdt:Machine model: Witherspoon BMC
Jul 31 23:03:15 witherspoon kernel: Memory policy: Data cache writeback
Jul 31 23:03:15 witherspoon kernel: SOC Rev: 04030303
Jul 31 23:03:15 witherspoon kernel: On node 0 totalpages: 110592
Jul 31 23:03:15 witherspoon kernel: free_area_init_node: node 0, pgdat 805ff5e4, node_mem_map 9ec1a000
Jul 31 23:03:15 witherspoon kernel:   Normal zone: 992 pages used for memmap
Jul 31 23:03:15 witherspoon kernel:   Normal zone: 0 pages reserved
Jul 31 23:03:15 witherspoon kernel:   Normal zone: 110592 pages, LIFO batch:31
Jul 31 23:03:15 witherspoon kernel: pcpu-alloc: s0 r0 d32768 u32768 alloc=1*32768
Jul 31 23:03:15 witherspoon kernel: pcpu-alloc: [0] 0 
Jul 31 23:03:15 witherspoon kernel: Built 1 zonelists in Zone order, mobility grouping on.  Total pages: 109600
Jul 31 23:03:15 witherspoon kernel: Kernel command line: console=ttyS4,115200n8 root=/dev/ram rw
Jul 31 23:03:15 witherspoon kernel: PID hash table entries: 2048 (order: 1, 8192 bytes)
Jul 31 23:03:15 witherspoon kernel: Dentry cache hash table entries: 65536 (order: 6, 262144 bytes)
Jul 31 23:03:15 witherspoon kernel: Inode-cache hash table entries: 32768 (order: 5, 131072 bytes)
Jul 31 23:03:15 witherspoon kernel: Memory: 430436K/442368K available (4065K kernel code, 280K rwdata, 1192K rodata, 284K init, 111K bss, 11932K reserved, 0K cma-reserved)
Jul 31 23:03:15 witherspoon kernel: Virtual kernel memory layout:
                                        vector  : 0xffff0000 - 0xffff1000   (   4 kB)
                                        fixmap  : 0xffc00000 - 0xfff00000   (3072 kB)
                                        vmalloc : 0x9f800000 - 0xff800000   (1536 MB)
                                        lowmem  : 0x80000000 - 0x9f000000   ( 496 MB)
                                          .text : 0x80008000 - 0x804007a0   (4066 kB)
                                          .init : 0x80585000 - 0x805cc000   ( 284 kB)
                                          .data : 0x805cc000 - 0x80612358   ( 281 kB)
                                           .bss : 0x80612358 - 0x8062e1f8   ( 112 kB)
Jul 31 23:03:15 witherspoon kernel: NR_IRQS:16 nr_irqs:16 16
Jul 31 23:03:15 witherspoon kernel: i2c controller registered, irq 16
Jul 31 23:03:15 witherspoon kernel: clocksource: moxart_timer: mask: 0xffffffff max_cycles: 0xffffffff, max_idle_ns: 77222644334 ns
Jul 31 23:03:15 witherspoon kernel: sched_clock: 32 bits at 100 Hz, resolution 10000000ns, wraps every 21474836475000000ns
Jul 31 23:03:15 witherspoon kernel: Calibrating delay loop... 789.70 BogoMIPS (lpj=3948544)
Jul 31 23:03:15 witherspoon kernel: pid_max: default: 32768 minimum: 301
Jul 31 23:03:15 witherspoon kernel: Mount-cache hash table entries: 1024 (order: 0, 4096 bytes)
Jul 31 23:03:15 witherspoon kernel: Mountpoint-cache hash table entries: 1024 (order: 0, 4096 bytes)
Jul 31 23:03:15 witherspoon kernel: CPU: Testing write buffer coherency: ok
Jul 31 23:03:15 witherspoon kernel: ftrace: allocating 14932 entries in 44 pages
Jul 31 23:03:15 witherspoon kernel: Setting up static identity map for 0x80008200 - 0x8000825c
Jul 31 23:03:15 witherspoon kernel: devtmpfs: initialized
Jul 31 23:03:15 witherspoon kernel: clocksource: jiffies: mask: 0xffffffff max_cycles: 0xffffffff, max_idle_ns: 19112604462750000 ns
Jul 31 23:03:15 witherspoon kernel: futex hash table entries: 256 (order: -1, 3072 bytes)
Jul 31 23:03:15 witherspoon kernel: pinctrl core: initialized pinctrl subsystem
Jul 31 23:03:15 witherspoon kernel: NET: Registered protocol family 16
Jul 31 23:03:15 witherspoon kernel: DMA: preallocated 256 KiB pool for atomic coherent allocations
Jul 31 23:03:15 witherspoon kernel: usbcore: registered new interface driver usbfs
Jul 31 23:03:15 witherspoon kernel: usbcore: registered new interface driver hub
Jul 31 23:03:15 witherspoon kernel: usbcore: registered new device driver usb
Jul 31 23:03:15 witherspoon kernel: clocksource: Switched to clocksource moxart_timer
Jul 31 23:03:15 witherspoon kernel: NET: Registered protocol family 2
Jul 31 23:03:15 witherspoon kernel: TCP established hash table entries: 4096 (order: 2, 16384 bytes)
Jul 31 23:03:15 witherspoon kernel: TCP bind hash table entries: 4096 (order: 2, 16384 bytes)
Jul 31 23:03:15 witherspoon kernel: TCP: Hash tables configured (established 4096 bind 4096)
Jul 31 23:03:15 witherspoon kernel: UDP hash table entries: 256 (order: 0, 4096 bytes)
Jul 31 23:03:15 witherspoon kernel: UDP-Lite hash table entries: 256 (order: 0, 4096 bytes)
Jul 31 23:03:15 witherspoon kernel: NET: Registered protocol family 1
Jul 31 23:03:15 witherspoon kernel: Trying to unpack rootfs image as initramfs...
Jul 31 23:03:15 witherspoon kernel: Freeing initrd memory: 1548K
Jul 31 23:03:15 witherspoon kernel: workingset: timestamp_bits=30 max_order=17 bucket_order=0
Jul 31 23:03:15 witherspoon kernel: squashfs: version 4.0 (2009/01/31) Phillip Lougher
Jul 31 23:03:15 witherspoon kernel: jffs2: version 2.2. (SUMMARY)  © 2001-2006 Red Hat, Inc.
Jul 31 23:03:15 witherspoon kernel: Block layer SCSI generic (bsg) driver version 0.4 loaded (major 250)
Jul 31 23:03:15 witherspoon kernel: io scheduler noop registered
Jul 31 23:03:15 witherspoon kernel: io scheduler deadline registered
Jul 31 23:03:15 witherspoon kernel: io scheduler cfq registered (default)
Jul 31 23:03:15 witherspoon kernel: ipmi-bt-host 1e789140.ibt: Found bt bmc device
Jul 31 23:03:15 witherspoon kernel: ipmi-bt-host 1e789140.ibt: Using IRQ 22
Jul 31 23:03:15 witherspoon kernel: Serial: 8250/16550 driver, 6 ports, IRQ sharing enabled
Jul 31 23:03:15 witherspoon kernel: 1e783000.serial: ttyS0 at MMIO 0x1e783000 (irq = 23, base_baud = 1500000) is a 16550A
Jul 31 23:03:15 witherspoon kernel: 1e78d000.serial: ttyS1 at MMIO 0x1e78d000 (irq = 24, base_baud = 1500000) is a 16550A
Jul 31 23:03:15 witherspoon kernel: 1e784000.serial: ttyS4 at MMIO 0x1e784000 (irq = 25, base_baud = 1500000) is a 16550A
Jul 31 23:03:15 witherspoon kernel: console [ttyS4] enabled
Jul 31 23:03:15 witherspoon kernel: 1e787000.vuart: ttyS2 at MMIO 0x1e787000 (irq = 22, base_baud = 1500000) is a 16550A
Jul 31 23:03:15 witherspoon kernel: timeriomem_rng 1e6e2078.hwrng: 32bits from 0xf00e2078 @ 1us
Jul 31 23:03:15 witherspoon kernel: random: fast init done
Jul 31 23:03:15 witherspoon kernel: brd: module loaded
Jul 31 23:03:15 witherspoon kernel: random: crng init done
Jul 31 23:03:15 witherspoon kernel: loop: module loaded
Jul 31 23:03:15 witherspoon kernel: aspeed-lpc-ctrl 1e789080.lpc-ctrl: Loaded at 0x98000000 (0x04000000)
Jul 31 23:03:15 witherspoon kernel: aspeed-smc 1e620000.flash-controller: Using IRQ 18
Jul 31 23:03:15 witherspoon kernel: aspeed-smc 1e620000.flash-controller: DMA support disabled.
Jul 31 23:03:15 witherspoon kernel: aspeed-smc 1e620000.flash-controller: mx25l25635e (32768 Kbytes)
Jul 31 23:03:15 witherspoon kernel: aspeed-smc 1e620000.flash-controller: CE0 window [ 0x20000000 - 0x22000000 ] 32MB
Jul 31 23:03:15 witherspoon kernel: aspeed-smc 1e620000.flash-controller: CE1 window [ 0x22000000 - 0x2a000000 ] 128MB
Jul 31 23:03:15 witherspoon kernel: 5 ofpart partitions found on MTD device bmc
Jul 31 23:03:15 witherspoon kernel: Creating 5 MTD partitions on "bmc":
Jul 31 23:03:15 witherspoon kernel: 0x000000000000-0x000000060000 : "u-boot"
Jul 31 23:03:15 witherspoon kernel: 0x000000060000-0x000000080000 : "u-boot-env"
Jul 31 23:03:15 witherspoon kernel: 0x000000080000-0x0000004c0000 : "kernel"
Jul 31 23:03:15 witherspoon kernel: 0x0000004c0000-0x000001c00000 : "rofs"
Jul 31 23:03:15 witherspoon kernel: 0x000001c00000-0x000002000000 : "rwfs"
Jul 31 23:03:15 witherspoon kernel: aspeed-smc 1e620000.flash-controller: mx25l25635e (32768 Kbytes)
Jul 31 23:03:15 witherspoon kernel: aspeed-smc 1e620000.flash-controller: CE1 window [ 0x22000000 - 0x24000000 ] 32MB
Jul 31 23:03:15 witherspoon kernel: aspeed-smc 1e620000.flash-controller: CE2 window [ 0x24000000 - 0x2c000000 ] 128MB
Jul 31 23:03:15 witherspoon kernel: aspeed-smc 1e630000.flash-controller: mx66l1g45g (131072 Kbytes)
Jul 31 23:03:15 witherspoon kernel: aspeed-smc 1e630000.flash-controller: CE0 window resized to 120MB (AST2500 HW quirk)
Jul 31 23:03:15 witherspoon kernel: aspeed-smc 1e630000.flash-controller: CE0 window [ 0x30000000 - 0x37800000 ] 120MB
Jul 31 23:03:15 witherspoon kernel: aspeed-smc 1e630000.flash-controller: CE0 window too small for chip 128MB
Jul 31 23:03:15 witherspoon kernel: aspeed-smc 1e630000.flash-controller: CE1 window [ 0x37800000 - 0x38000000 ] 8MB
Jul 31 23:03:15 witherspoon kernel: libphy: Fixed MDIO Bus: probed
Jul 31 23:03:15 witherspoon kernel: ftgmac100 1e660000.ethernet: Read MAC address 70:e2:84:14:23:e1 from chip
Jul 31 23:03:15 witherspoon kernel: ftgmac100 1e660000.ethernet: Using NCSI interface
Jul 31 23:03:15 witherspoon kernel: ftgmac100 1e660000.ethernet eth0: irq 20, mapped at f0060000
Jul 31 23:03:15 witherspoon kernel: ehci_hcd: USB 2.0 'Enhanced' Host Controller (EHCI) Driver
Jul 31 23:03:15 witherspoon kernel: ehci-platform: EHCI generic platform driver
Jul 31 23:03:15 witherspoon kernel:  fsi0: can't read slave 00:00 -5
Jul 31 23:03:15 witherspoon kernel: i2c /dev entries driver
Jul 31 23:03:15 witherspoon kernel: aspeed-i2c-bus 1e78a0c0.i2c-bus: i2c bus 2 registered, irq 26
Jul 31 23:03:15 witherspoon kernel: aspeed-i2c-bus 1e78a100.i2c-bus: i2c bus 3 registered, irq 27
Jul 31 23:03:15 witherspoon kernel: aspeed-i2c-bus 1e78a140.i2c-bus: i2c bus 4 registered, irq 28
Jul 31 23:03:15 witherspoon kernel: aspeed-i2c-bus 1e78a180.i2c-bus: i2c bus 5 registered, irq 29
Jul 31 23:03:15 witherspoon kernel: aspeed-i2c-bus 1e78a380.i2c-bus: i2c bus 9 registered, irq 30
Jul 31 23:03:15 witherspoon kernel: aspeed-i2c-bus 1e78a3c0.i2c-bus: i2c bus 10 registered, irq 31
Jul 31 23:03:15 witherspoon kernel: rtc-rv8803 11-0032: Voltage low, temperature compensation stopped.
Jul 31 23:03:15 witherspoon kernel: rtc-rv8803 11-0032: An alarm maybe have been missed.
Jul 31 23:03:15 witherspoon kernel: rtc-rv8803 11-0032: rtc core: registered rx8900 as rtc0
Jul 31 23:03:15 witherspoon kernel: at24 11-0051: 8192 byte 24c64 EEPROM, writable, 1 bytes/write
Jul 31 23:03:15 witherspoon kernel: aspeed-i2c-bus 1e78a400.i2c-bus: i2c bus 11 registered, irq 32
Jul 31 23:03:15 witherspoon kernel: aspeed-i2c-bus 1e78a440.i2c-bus: i2c bus 12 registered, irq 33
Jul 31 23:03:15 witherspoon kernel: aspeed-i2c-bus 1e78a480.i2c-bus: i2c bus 13 registered, irq 34
Jul 31 23:03:15 witherspoon kernel: Driver for 1-wire Dallas network protocol.
Jul 31 23:03:15 witherspoon kernel: lm75 9-004a: hwmon0: sensor 'tmp275'
Jul 31 23:03:15 witherspoon kernel: ucd9000 11-0064: Device ID UCD90160|2.3.4.0000|110603
Jul 31 23:03:15 witherspoon kernel: leds-pca955x 3-0060: leds-pca955x: Using pca9552 16-bit LED driver at slave address 0x60
Jul 31 23:03:15 witherspoon kernel: leds-pca955x 11-0060: leds-pca955x: Using pca9552 16-bit LED driver at slave address 0x60
Jul 31 23:03:15 witherspoon kernel: leds-pca955x 11-0060: gpios 264...279
Jul 31 23:03:15 witherspoon kernel: usbcore: registered new interface driver usbhid
Jul 31 23:03:15 witherspoon kernel: usbhid: USB HID core driver
Jul 31 23:03:15 witherspoon kernel: NET: Registered protocol family 10
Jul 31 23:03:15 witherspoon kernel: Segment Routing with IPv6
Jul 31 23:03:15 witherspoon kernel: NET: Registered protocol family 17
Jul 31 23:03:15 witherspoon kernel: 8021q: 802.1Q VLAN Support v1.8
Jul 31 23:03:15 witherspoon kernel: console [netcon0] enabled
Jul 31 23:03:15 witherspoon kernel: netconsole: network logging started
Jul 31 23:03:15 witherspoon kernel: input: gpio-keys as /devices/platform/gpio-keys/input/input0
Jul 31 23:03:15 witherspoon kernel: rtc-rv8803 11-0032: setting system clock to 2017-07-31 23:03:06 UTC (1501542186)
Jul 31 23:03:15 witherspoon kernel: Freeing unused kernel memory: 284K
Jul 31 23:03:15 witherspoon kernel: This architecture does not have kernel memory protection.
Jul 31 23:03:15 witherspoon kernel: jffs2: notice: (526) jffs2_build_xattr_subsystem: complete building xattr subsystem, 0 of xdatum (0 unchecked, 0 orphan) and 0 of xref (0 dead, 0 orphan) found.
Jul 31 23:03:15 witherspoon systemd[1]: Failed to insert module 'autofs4': No such file or directory
Jul 31 23:03:15 witherspoon systemd[1]: systemd 232 running in system mode. (+PAM -AUDIT -SELINUX -IMA -APPARMOR -SMACK +SYSVINIT -UTMP -LIBCRYPTSETUP -GCRYPT -GNUTLS +ACL +XZ -LZ4 -SECCOMP +BLKID -ELFUTILS +KMOD -IDN)
Jul 31 23:03:15 witherspoon systemd[1]: Detected architecture arm.
Jul 31 23:03:15 witherspoon systemd[1]: Set hostname to <witherspoon>.
Jul 31 23:03:15 witherspoon systemd[1]: Listening on udev Control Socket.
Jul 31 23:03:15 witherspoon systemd[1]: Started Forward Password Requests to Wall Directory Watch.
Jul 31 23:03:15 witherspoon systemd[1]: Reached target Swap.
Jul 31 23:03:15 witherspoon systemd[1]: Listening on Journal Socket (/dev/log).
Jul 31 23:03:15 witherspoon systemd[1]: Listening on Journal Socket.
Jul 31 23:03:15 witherspoon systemd[1]: Reached target Remote File Systems.
Jul 31 23:03:15 witherspoon systemd[1]: Listening on udev Kernel Socket.
Jul 31 23:03:15 witherspoon systemd-journald[653]: Journal started
Jul 31 23:03:15 witherspoon systemd-journald[653]: Runtime journal (/run/log/journal/cc6e1404d87444e8a089dfdb00a18f7d) is 0B, max 0B, 0B free.
Jul 31 23:03:15 witherspoon systemd-sysctl[649]: Couldn't write '16' to 'kernel/sysrq', ignoring: No such file or directory
Jul 31 23:03:15 witherspoon systemd-sysctl[649]: Couldn't write 'fq_codel' to 'net/core/default_qdisc', ignoring: No such file or directory
Jul 31 23:03:15 witherspoon systemd[1]: Created slice system-op\x2dreset\x2dchassis\x2don.slice.
Jul 31 23:03:16 witherspoon systemd[1]: Created slice system-serial\x2dgetty.slice.
Jul 31 23:03:16 witherspoon systemd[1]: Created slice system-phosphor\x2dcooling\x2dtype.slice.
Jul 31 23:03:16 witherspoon systemd[1]: Starting Remount Root and Kernel File Systems...
Jul 31 23:03:16 witherspoon systemd[1]: Mounted Debug File System.
Jul 31 23:03:17 witherspoon systemd[1]: Mounted Temporary Directory.
Jul 31 23:03:17 witherspoon systemd[1]: Started Journal Service.
Jul 31 23:03:17 witherspoon systemd[1]: Started Apply Kernel Variables.
Jul 31 23:03:17 witherspoon systemd[1]: Started Remount Root and Kernel File Systems.
Jul 31 23:03:17 witherspoon systemd[1]: Starting Create System Users...
Jul 31 23:03:17 witherspoon systemd[1]: Starting Flush Journal to Persistent Storage...
Jul 31 23:03:18 witherspoon systemd[1]: Started udev Coldplug all Devices.
Jul 31 23:03:18 witherspoon systemd-journald[653]: Runtime journal (/run/log/journal/cc6e1404d87444e8a089dfdb00a18f7d) is 0B, max 0B, 0B free.
Jul 31 23:03:18 witherspoon systemd[1]: Started Flush Journal to Persistent Storage.
Jul 31 23:03:18 witherspoon systemd[1]: Started Create System Users.
Jul 31 23:03:18 witherspoon systemd[1]: Starting Create Static Device Nodes in /dev...
Jul 31 23:03:18 witherspoon systemd[1]: Started Create Static Device Nodes in /dev.
Jul 31 23:03:18 witherspoon systemd[1]: Reached target Local File Systems (Pre).
Jul 31 23:03:18 witherspoon systemd[1]: Mounting /var/volatile...
Jul 31 23:03:19 witherspoon systemd[1]: Starting udev Kernel Device Manager...
Jul 31 23:03:19 witherspoon systemd[1]: Mounted /var/volatile.
Jul 31 23:03:19 witherspoon systemd[1]: Starting Load/Save Random Seed...
Jul 31 23:03:19 witherspoon systemd[1]: Reached target Local File Systems.
Jul 31 23:03:19 witherspoon systemd[1]: Starting Rebuild Journal Catalog...
Jul 31 23:03:19 witherspoon systemd[1]: Starting Create Volatile Files and Directories...
Jul 31 23:03:19 witherspoon systemd[1]: Started Load/Save Random Seed.
Jul 31 23:03:19 witherspoon systemd[1]: Started Rebuild Journal Catalog.
Jul 31 23:03:19 witherspoon systemd[1]: Starting Update is Completed...
Jul 31 23:03:19 witherspoon systemd-tmpfiles[899]: "/var/tmp" already exists and is not a directory.
Jul 31 23:03:19 witherspoon systemd-tmpfiles[899]: "/var/log" already exists and is not a directory.
Jul 31 23:03:19 witherspoon systemd[1]: Started Create Volatile Files and Directories.
Jul 31 23:03:19 witherspoon systemd[1]: Starting Run pending postinsts...
Jul 31 23:03:19 witherspoon systemd[1]: Starting Network Time Synchronization...
Jul 31 23:03:20 witherspoon systemd[1]: Started Update is Completed.
Jul 31 23:03:20 witherspoon systemd[1]: Started Network Time Synchronization.
Jul 31 23:03:20 witherspoon systemd[1]: Reached target System Time Synchronized.
Jul 31 23:03:20 witherspoon systemd[1]: Started udev Kernel Device Manager.
Jul 31 23:03:21 witherspoon run-postinsts[905]: Running postinst /etc/rpm-postinsts/libglib-2.0-0...
Jul 31 23:03:22 witherspoon systemd[1]: Found device /dev/aspeed-lpc-ctrl.
Jul 31 23:03:22 witherspoon systemd[1]: Found device /dev/aspeed-mbox.
Jul 31 23:03:22 witherspoon systemd[1]: Found device /dev/ttyS4.
Jul 31 23:03:22 witherspoon systemd[1]: Created slice system-xyz.openbmc_project.Hwmon.slice.
Jul 31 23:03:22 witherspoon systemd[1]: dev-hugepages.mount: Couldn't determine result for ConditionVirtualization=!private-users, assuming failed: No such file or directory
Jul 31 23:03:22 witherspoon systemd[1]: Found device /dev/ttyVUART0.
Jul 31 23:03:22 witherspoon systemd[1]: dev-hugepages.mount: Couldn't determine result for ConditionVirtualization=!private-users, assuming failed: No such file or directory
Jul 31 23:03:22 witherspoon systemd[1]: Created slice system-xyz.openbmc_project.led.controller.slice.
Jul 31 23:03:22 witherspoon systemd[1]: dev-hugepages.mount: Couldn't determine result for ConditionVirtualization=!private-users, assuming failed: No such file or directory
Jul 31 23:03:22 witherspoon systemd[1]: dev-hugepages.mount: Couldn't determine result for ConditionVirtualization=!private-users, assuming failed: No such file or directory
Jul 31 23:03:23 witherspoon systemd[1]: dev-hugepages.mount: Couldn't determine result for ConditionVirtualization=!private-users, assuming failed: No such file or directory
Jul 31 23:03:23 witherspoon systemd[1]: dev-hugepages.mount: Couldn't determine result for ConditionVirtualization=!private-users, assuming failed: No such file or directory
Jul 31 23:03:23 witherspoon systemd[1]: dev-hugepages.mount: Couldn't determine result for ConditionVirtualization=!private-users, assuming failed: No such file or directory
Jul 31 23:03:24 witherspoon systemd[1]: dev-hugepages.mount: Couldn't determine result for ConditionVirtualization=!private-users, assuming failed: No such file or directory
Jul 31 23:03:24 witherspoon run-postinsts[905]: rm: can't remove '/etc/rpm-postinsts': Invalid argument
Jul 31 23:03:24 witherspoon run-postinsts[905]:  Removing any system startup links for run-postinsts ...
Jul 31 23:03:24 witherspoon systemctl[936]: Removed /etc/systemd/system/sysinit.target.wants/run-postinsts.service.
Jul 31 23:03:24 witherspoon systemd[1]: Reloading.
Jul 31 23:03:27 witherspoon systemd[1]: Started Run pending postinsts.
Jul 31 23:03:27 witherspoon systemd[1]: Reached target System Initialization.
Jul 31 23:03:27 witherspoon systemd[1]: Listening on D-Bus System Message Bus Socket.
Jul 31 23:03:27 witherspoon systemd[1]: Listening on Phosphor DBUS Browser socket.
Jul 31 23:03:27 witherspoon systemd[1]: Listening on Phosphor Host Console SSH Per-Connection socket.
Jul 31 23:03:27 witherspoon systemd[1]: Listening on phosphor-ipmi-net.socket.
Jul 31 23:03:27 witherspoon systemd[1]: Started Daily Cleanup of Temporary Directories.
Jul 31 23:03:27 witherspoon systemd[1]: Reached target Timers.
Jul 31 23:03:27 witherspoon systemd[1]: Listening on dropbear.socket.
Jul 31 23:03:27 witherspoon systemd[1]: Listening on Avahi mDNS/DNS-SD Stack Activation Socket.
Jul 31 23:03:28 witherspoon systemd[1]: Listening on Phosphor Webserver socket.
Jul 31 23:03:28 witherspoon systemd[1]: Reached target Sockets.
Jul 31 23:03:28 witherspoon systemd[1]: Reached target Basic System.
Jul 31 23:03:28 witherspoon systemd[1]: Started System Logging Service.
Jul 31 23:03:28 witherspoon systemd[1]: Starting Attach the PNOR mtd device to UBI...
Jul 31 23:03:28 witherspoon systemd[1]: Starting Phosphor Download Manager...
Jul 31 23:03:28 witherspoon systemd[1]: Starting Phosphor DBus Service Discovery Manager...
Jul 31 23:03:28 witherspoon systemd[1]: Starting Phosphor Settings Daemon...
Jul 31 23:03:28 witherspoon systemd[1]: Starting Phosphor Inventory Manager...
Jul 31 23:03:28 witherspoon systemd[1]: Started Phosphor sysfs LED controller.
Jul 31 23:03:28 witherspoon systemd[1]: Starting Avahi mDNS/DNS-SD Stack...
Jul 31 23:03:28 witherspoon systemd[1]: Started Phosphor Dump core monitor..
Jul 31 23:03:28 witherspoon systemd[1]: Started Phosphor sysfs LED controller.
Jul 31 23:03:29 witherspoon kernel[966]: klogd started: BusyBox v1.24.1 (2017-06-16 19:29:08 UTC)
Jul 31 23:03:29 witherspoon kernel: ubi7: default fastmap pool size: 100
Jul 31 23:03:30 witherspoon kernel: ubi7: default fastmap WL pool size: 50
Jul 31 23:03:30 witherspoon kernel: ubi7: attaching mtd7
Jul 31 23:03:28 witherspoon systemd[1]: Starting Phosphor User Manager...
Jul 31 23:03:29 witherspoon kernel[966]: [    0.000000] Booting Linux on physical CPU 0x0
Jul 31 23:03:28 witherspoon systemd[1]: Started Phosphor sysfs LED controller.
Jul 31 23:03:29 witherspoon kernel[966]: [    0.000000] Linux version 4.10.17-44f0dc8ac43162c4f7082884d6cd79400341bf5b (jenkins@openbmc-builder1) (gcc version 6.2.0 (GCC) ) #1 Mon Jul 31 21:39:39 UTC 2017
Jul 31 23:03:28 witherspoon systemd[1]: Started Hardware RNG Entropy Gatherer Daemon.
Jul 31 23:03:29 witherspoon kernel[966]: [    0.000000] CPU: ARMv6-compatible processor [410fb767] revision 7 (ARMv7), cr=00c5387d
Jul 31 23:03:28 witherspoon systemd[1]: Started Phosphor sysfs LED controller.
Jul 31 23:03:29 witherspoon kernel[966]: [    0.000000] CPU: PIPT / VIPT nonaliasing data cache, VIPT nonaliasing instruction cache
Jul 31 23:03:28 witherspoon systemd[1]: Reached target Containers.
Jul 31 23:03:29 witherspoon kernel[966]: [    0.000000] OF: fdt:Machine model: Witherspoon BMC
Jul 31 23:03:29 witherspoon systemd[1]: Started Kernel Logging Service.
Jul 31 23:03:29 witherspoon kernel[966]: [    0.000000] Memory policy: Data cache writeback
Jul 31 23:03:29 witherspoon systemd[1]: Starting Phosphor Download Manager...
Jul 31 23:03:29 witherspoon kernel[966]: [    0.000000] SOC Rev: 04030303
Jul 31 23:03:29 witherspoon systemd[1]: Starting Phosphor Log Manager...
Jul 31 23:03:29 witherspoon kernel[966]: [    0.000000] On node 0 totalpages: 110592
Jul 31 23:03:29 witherspoon systemd[1]: Starting Phosphor Network Manager...
Jul 31 23:03:29 witherspoon kernel[966]: [    0.000000] free_area_init_node: node 0, pgdat 805ff5e4, node_mem_map 9ec1a000
Jul 31 23:03:29 witherspoon systemd[1]: Started Phosphor sysfs LED controller.
Jul 31 23:03:29 witherspoon kernel[966]: [    0.000000]   Normal zone: 992 pages used for memmap
Jul 31 23:03:30 witherspoon systemd[1]: Started Phosphor sysfs LED controller.
Jul 31 23:03:29 witherspoon kernel[966]: [    0.000000]   Normal zone: 0 pages reserved
Jul 31 23:03:30 witherspoon systemd[1]: Starting Phosphor BMC0 Control...
Jul 31 23:03:29 witherspoon kernel[966]: [    0.000000]   Normal zone: 110592 pages, LIFO batch:31
Jul 31 23:03:30 witherspoon systemd[1]: Starting Phosphor Dump Manager...
Jul 31 23:03:29 witherspoon kernel[966]: [    0.000000] pcpu-alloc: s0 r0 d32768 u32768 alloc=1*32768
Jul 31 23:03:30 witherspoon systemd[1]: Started Phosphor sysfs LED controller.
Jul 31 23:03:29 witherspoon kernel[966]: [    0.000000] pcpu-alloc: [0] 0
Jul 31 23:03:30 witherspoon systemd[1]: Starting Phosphor IPMI BT DBus Bridge...
Jul 31 23:03:29 witherspoon kernel[966]: [    0.000000] Built 1 zonelists in Zone order, mobility grouping on.  Total pages: 109600
Jul 31 23:03:30 witherspoon systemd[1]: Starting Phosphor Inventory Manager...
Jul 31 23:03:29 witherspoon kernel[966]: [    0.000000] Kernel command line: console=ttyS4,115200n8 root=/dev/ram rw
Jul 31 23:03:30 witherspoon systemd[1]: Starting Phosphor Sensor Manager...
Jul 31 23:03:29 witherspoon kernel[966]: [    0.000000] PID hash table entries: 2048 (order: 1, 8192 bytes)
Jul 31 23:03:30 witherspoon systemd[1]: Started Phosphor sysfs LED controller.
Jul 31 23:03:29 witherspoon kernel[966]: [    0.000000] Dentry cache hash table entries: 65536 (order: 6, 262144 bytes)
Jul 31 23:03:30 witherspoon systemd[1]: Starting Phosphor Chassis0 Control...
Jul 31 23:03:31 witherspoon kernel: ubi7: scanning is finished
Jul 31 23:03:31 witherspoon kernel: ubi7 error: ubi_read_volume_table: the layout volume was not found
Jul 31 23:03:31 witherspoon kernel: ubi7 error: ubi_attach_mtd_dev: failed to attach mtd7, error -22
Jul 31 23:03:29 witherspoon kernel[966]: [    0.000000] Inode-cache hash table entries: 32768 (order: 5, 131072 bytes)
Jul 31 23:03:30 witherspoon systemd[1]: Starting Phosphor LED Group Management Daemon...
Jul 31 23:03:31 witherspoon obmc-flash-bios[949]: ubiattach: error!: cannot attach mtd7
Jul 31 23:03:31 witherspoon obmc-flash-bios[949]:            error 22 (Invalid argument)
Jul 31 23:03:29 witherspoon kernel[966]: [    0.000000] Memory: 430436K/442368K available (4065K kernel code, 280K rwdata, 1192K rodata, 284K init, 111K bss, 11932K reserved, 0K cma-reserved)
Jul 31 23:03:30 witherspoon systemd[1]: Started Phosphor Console Muxer listening on device /dev/ttyVUART0.
Jul 31 23:03:31 witherspoon obmc-flash-bios[949]: Starting ubiformat /dev/mtd7
Jul 31 23:03:29 witherspoon kernel[966]: [    0.000000] Virtual kernel memory layout:
Jul 31 23:03:30 witherspoon systemd[1]: Started Phosphor MBOX Daemon.
Jul 31 23:03:29 witherspoon kernel[966]: [    0.000000]     vector  : 0xffff0000 - 0xffff1000   (   4 kB)
Jul 31 23:03:30 witherspoon systemd[1]: Started Phosphor sysfs LED controller.
Jul 31 23:03:29 witherspoon kernel[966]: [    0.000000]     fixmap  : 0xffc00000 - 0xfff00000   (3072 kB)
Jul 31 23:03:30 witherspoon systemd[1]: Starting OpenBMC Software Update Manager...
Jul 31 23:03:29 witherspoon kernel[966]: [    0.000000]     vmalloc : 0x9f800000 - 0xff800000   (1536 MB)
Jul 31 23:03:30 witherspoon systemd[1]: Started Phosphor sysfs LED controller.
Jul 31 23:03:29 witherspoon kernel[966]: [    0.000000]     lowmem  : 0x80000000 - 0x9f000000   ( 496 MB)
Jul 31 23:03:30 witherspoon systemd[1]: Started D-Bus System Message Bus.
Jul 31 23:03:29 witherspoon kernel[966]: [    0.000000]       .text : 0x80008000 - 0x804007a0   (4066 kB)
Jul 31 23:03:29 witherspoon kernel[966]: [    0.000000]       .init : 0x80585000 - 0x805cc000   ( 284 kB)
Jul 31 23:03:29 witherspoon kernel[966]: [    0.000000]       .data : 0x805cc000 - 0x80612358   ( 281 kB)
Jul 31 23:03:29 witherspoon kernel[966]: [    0.000000]        .bss : 0x80612358 - 0x8062e1f8   ( 112 kB)
Jul 31 23:03:29 witherspoon kernel[966]: [    0.000000] NR_IRQS:16 nr_irqs:16 16
Jul 31 23:03:29 witherspoon kernel[966]: [    0.000000] i2c controller registered, irq 16
Jul 31 23:03:29 witherspoon kernel[966]: [    0.000000] clocksource: moxart_timer: mask: 0xffffffff max_cycles: 0xffffffff, max_idle_ns: 77222644334 ns
Jul 31 23:03:29 witherspoon kernel[966]: [    0.000000] sched_clock: 32 bits at 100 Hz, resolution 10000000ns, wraps every 21474836475000000ns
Jul 31 23:03:29 witherspoon kernel[966]: [    0.090000] Calibrating delay loop... 789.70 BogoMIPS (lpj=3948544)
Jul 31 23:03:29 witherspoon kernel[966]: [    0.090000] pid_max: default: 32768 minimum: 301
Jul 31 23:03:29 witherspoon kernel[966]: [    0.090000] Mount-cache hash table entries: 1024 (order: 0, 4096 bytes)
Jul 31 23:03:29 witherspoon kernel[966]: [    0.090000] Mountpoint-cache hash table entries: 1024 (order: 0, 4096 bytes)
Jul 31 23:03:29 witherspoon kernel[966]: [    0.090000] CPU: Testing write buffer coherency: ok
Jul 31 23:03:29 witherspoon kernel[966]: [    0.090000] ftrace: allocating 14932 entries in 44 pages
Jul 31 23:03:29 witherspoon kernel[966]: [    0.120000] Setting up static identity map for 0x80008200 - 0x8000825c
Jul 31 23:03:29 witherspoon kernel[966]: [    0.120000] devtmpfs: initialized
Jul 31 23:03:29 witherspoon kernel[966]: [    0.140000] clocksource: jiffies: mask: 0xffffffff max_cycles: 0xffffffff, max_idle_ns: 19112604462750000 ns
Jul 31 23:03:29 witherspoon kernel[966]: [    0.140000] futex hash table entries: 256 (order: -1, 3072 bytes)
Jul 31 23:03:29 witherspoon kernel[966]: [    0.140000] pinctrl core: initialized pinctrl subsystem
Jul 31 23:03:29 witherspoon kernel[966]: [    0.140000] NET: Registered protocol family 16
Jul 31 23:03:29 witherspoon kernel[966]: [    0.140000] DMA: preallocated 256 KiB pool for atomic coherent allocations
Jul 31 23:03:29 witherspoon kernel[966]: [    0.220000] usbcore: registered new interface driver usbfs
Jul 31 23:03:29 witherspoon kernel[966]: [    0.220000] usbcore: registered new interface driver hub
Jul 31 23:03:29 witherspoon kernel[966]: [    0.220000] usbcore: registered new device driver usb
Jul 31 23:03:29 witherspoon kernel[966]: [    0.220000] clocksource: Switched to clocksource moxart_timer
Jul 31 23:03:29 witherspoon kernel[966]: [    0.230000] NET: Registered protocol family 2
Jul 31 23:03:29 witherspoon kernel[966]: [    0.230000] TCP established hash table entries: 4096 (order: 2, 16384 bytes)
Jul 31 23:03:29 witherspoon kernel[966]: [    0.230000] TCP bind hash table entries: 4096 (order: 2, 16384 bytes)
Jul 31 23:03:29 witherspoon kernel[966]: [    0.230000] TCP: Hash tables configured (established 4096 bind 4096)
Jul 31 23:03:29 witherspoon kernel[966]: [    0.230000] UDP hash table entries: 256 (order: 0, 4096 bytes)
Jul 31 23:03:29 witherspoon kernel[966]: [    0.230000] UDP-Lite hash table entries: 256 (order: 0, 4096 bytes)
Jul 31 23:03:29 witherspoon kernel[966]: [    0.230000] NET: Registered protocol family 1
Jul 31 23:03:29 witherspoon kernel[966]: [    0.240000] Trying to unpack rootfs image as initramfs...
Jul 31 23:03:29 witherspoon kernel[966]: [    1.910000] Freeing initrd memory: 1548K
Jul 31 23:03:29 witherspoon kernel[966]: [    1.910000] workingset: timestamp_bits=30 max_order=17 bucket_order=0
Jul 31 23:03:29 witherspoon kernel[966]: [    1.910000] squashfs: version 4.0 (2009/01/31) Phillip Lougher
Jul 31 23:03:29 witherspoon kernel[966]: [    1.910000] jffs2: version 2.2. (SUMMARY)  © 2001-2006 Red Hat, Inc.
Jul 31 23:03:29 witherspoon kernel[966]: [    1.910000] Block layer SCSI generic (bsg) driver version 0.4 loaded (major 250)
Jul 31 23:03:29 witherspoon kernel[966]: [    1.910000] io scheduler noop registered
Jul 31 23:03:29 witherspoon kernel[966]: [    1.910000] io scheduler deadline registered
Jul 31 23:03:29 witherspoon kernel[966]: [    1.910000] io scheduler cfq registered (default)
Jul 31 23:03:29 witherspoon kernel[966]: [    2.060000] ipmi-bt-host 1e789140.ibt: Found bt bmc device
Jul 31 23:03:29 witherspoon kernel[966]: [    2.060000] ipmi-bt-host 1e789140.ibt: Using IRQ 22
Jul 31 23:03:29 witherspoon kernel[966]: [    2.060000] Serial: 8250/16550 driver, 6 ports, IRQ sharing enabled
Jul 31 23:03:29 witherspoon kernel[966]: [    2.060000] 1e783000.serial: ttyS0 at MMIO 0x1e783000 (irq = 23, base_baud = 1500000) is a 16550A
Jul 31 23:03:29 witherspoon kernel[966]: [    2.060000] 1e78d000.serial: ttyS1 at MMIO 0x1e78d000 (irq = 24, base_baud = 1500000) is a 16550A
Jul 31 23:03:29 witherspoon kernel[966]: [    2.060000] 1e784000.serial: ttyS4 at MMIO 0x1e784000 (irq = 25, base_baud = 1500000) is a 16550A
Jul 31 23:03:29 witherspoon kernel[966]: [    2.410000] console [ttyS4] enabled
Jul 31 23:03:29 witherspoon kernel[966]: [    2.410000] 1e787000.vuart: ttyS2 at MMIO 0x1e787000 (irq = 22, base_baud = 1500000) is a 16550A
Jul 31 23:03:29 witherspoon kernel[966]: [    2.600000] timeriomem_rng 1e6e2078.hwrng: 32bits from 0xf00e2078 @ 1us
Jul 31 23:03:29 witherspoon kernel[966]: [    2.610000] random: fast init done
Jul 31 23:03:29 witherspoon kernel[966]: [    2.650000] brd: module loaded
Jul 31 23:03:29 witherspoon kernel[966]: [    2.680000] random: crng init done
Jul 31 23:03:29 witherspoon kernel[966]: [    2.680000] loop: module loaded
Jul 31 23:03:29 witherspoon kernel[966]: [    2.690000] aspeed-lpc-ctrl 1e789080.lpc-ctrl: Loaded at 0x98000000 (0x04000000)
Jul 31 23:03:29 witherspoon kernel[966]: [    2.690000] aspeed-smc 1e620000.flash-controller: Using IRQ 18
Jul 31 23:03:29 witherspoon kernel[966]: [    2.700000] aspeed-smc 1e620000.flash-controller: DMA support disabled.
Jul 31 23:03:29 witherspoon kernel[966]: [    2.700000] aspeed-smc 1e620000.flash-controller: mx25l25635e (32768 Kbytes)
Jul 31 23:03:29 witherspoon kernel[966]: [    2.720000] aspeed-smc 1e620000.flash-controller: CE0 window [ 0x20000000 - 0x22000000 ] 32MB
Jul 31 23:03:29 witherspoon kernel[966]: [    2.720000] aspeed-smc 1e620000.flash-controller: CE1 window [ 0x22000000 - 0x2a000000 ] 128MB
Jul 31 23:03:29 witherspoon kernel[966]: [    2.720000] 5 ofpart partitions found on MTD device bmc
Jul 31 23:03:29 witherspoon kernel[966]: [    2.740000] Creating 5 MTD partitions on "bmc":
Jul 31 23:03:29 witherspoon kernel[966]: [    2.750000] 0x000000000000-0x000000060000 : "u-boot"
Jul 31 23:03:29 witherspoon kernel[966]: [    2.750000] 0x000000060000-0x000000080000 : "u-boot-env"
Jul 31 23:03:29 witherspoon kernel[966]: [    2.760000] 0x000000080000-0x0000004c0000 : "kernel"
Jul 31 23:03:29 witherspoon kernel[966]: [    2.760000] 0x0000004c0000-0x000001c00000 : "rofs"
Jul 31 23:03:29 witherspoon kernel[966]: [    2.790000] 0x000001c00000-0x000002000000 : "rwfs"
Jul 31 23:03:29 witherspoon kernel[966]: [    2.800000] aspeed-smc 1e620000.flash-controller: mx25l25635e (32768 Kbytes)
Jul 31 23:03:29 witherspoon kernel[966]: [    2.800000] aspeed-smc 1e620000.flash-controller: CE1 window [ 0x22000000 - 0x24000000 ] 32MB
Jul 31 23:03:29 witherspoon kernel[966]: [    2.810000] aspeed-smc 1e620000.flash-controller: CE2 window [ 0x24000000 - 0x2c000000 ] 128MB
Jul 31 23:03:29 witherspoon kernel[966]: [    2.810000] aspeed-smc 1e630000.flash-controller: mx66l1g45g (131072 Kbytes)
Jul 31 23:03:29 witherspoon kernel[966]: [    2.840000] aspeed-smc 1e630000.flash-controller: CE0 window resized to 120MB (AST2500 HW quirk)
Jul 31 23:03:29 witherspoon kernel[966]: [    2.840000] aspeed-smc 1e630000.flash-controller: CE0 window [ 0x30000000 - 0x37800000 ] 120MB
Jul 31 23:03:29 witherspoon kernel[966]: [    2.840000] aspeed-smc 1e630000.flash-controller: CE0 window too small for chip 128MB
Jul 31 23:03:29 witherspoon kernel[966]: [    2.840000] aspeed-smc 1e630000.flash-controller: CE1 window [ 0x37800000 - 0x38000000 ] 8MB
Jul 31 23:03:29 witherspoon kernel[966]: [    3.570000] libphy: Fixed MDIO Bus: probed
Jul 31 23:03:29 witherspoon kernel[966]: [    3.570000] ftgmac100 1e660000.ethernet: Read MAC address 70:e2:84:14:23:e1 from chip
Jul 31 23:03:29 witherspoon kernel[966]: [    3.570000] ftgmac100 1e660000.ethernet: Using NCSI interface
Jul 31 23:03:29 witherspoon kernel[966]: [    3.570000] ftgmac100 1e660000.ethernet eth0: irq 20, mapped at f0060000
Jul 31 23:03:29 witherspoon kernel[966]: [    3.570000] ehci_hcd: USB 2.0 'Enhanced' Host Controller (EHCI) Driver
Jul 31 23:03:29 witherspoon kernel[966]: [    3.680000] ehci-platform: EHCI generic platform driver
Jul 31 23:03:29 witherspoon kernel[966]: [    3.840000]  fsi0: can't read slave 00:00 -5
Jul 31 23:03:29 witherspoon kernel[966]: [    3.840000] i2c /dev entries driver
Jul 31 23:03:29 witherspoon kernel[966]: [    3.840000] aspeed-i2c-bus 1e78a0c0.i2c-bus: i2c bus 2 registered, irq 26
Jul 31 23:03:29 witherspoon kernel[966]: [    3.840000] aspeed-i2c-bus 1e78a100.i2c-bus: i2c bus 3 registered, irq 27
Jul 31 23:03:29 witherspoon kernel[966]: [    3.840000] aspeed-i2c-bus 1e78a140.i2c-bus: i2c bus 4 registered, irq 28
Jul 31 23:03:29 witherspoon kernel[966]: [    3.840000] aspeed-i2c-bus 1e78a180.i2c-bus: i2c bus 5 registered, irq 29
Jul 31 23:03:29 witherspoon kernel[966]: [    3.840000] aspeed-i2c-bus 1e78a380.i2c-bus: i2c bus 9 registered, irq 30
Jul 31 23:03:29 witherspoon kernel[966]: [    3.840000] aspeed-i2c-bus 1e78a3c0.i2c-bus: i2c bus 10 registered, irq 31
Jul 31 23:03:29 witherspoon kernel[966]: [    3.840000] rtc-rv8803 11-0032: Voltage low, temperature compensation stopped.
Jul 31 23:03:29 witherspoon kernel[966]: [    3.840000] rtc-rv8803 11-0032: An alarm maybe have been missed.
Jul 31 23:03:29 witherspoon kernel[966]: [    3.940000] rtc-rv8803 11-0032: rtc core: registered rx8900 as rtc0
Jul 31 23:03:29 witherspoon kernel[966]: [    3.950000] at24 11-0051: 8192 byte 24c64 EEPROM, writable, 1 bytes/write
Jul 31 23:03:29 witherspoon kernel[966]: [    3.950000] aspeed-i2c-bus 1e78a400.i2c-bus: i2c bus 11 registered, irq 32
Jul 31 23:03:29 witherspoon kernel[966]: [    3.950000] aspeed-i2c-bus 1e78a440.i2c-bus: i2c bus 12 registered, irq 33
Jul 31 23:03:29 witherspoon kernel[966]: [    3.950000] aspeed-i2c-bus 1e78a480.i2c-bus: i2c bus 13 registered, irq 34
Jul 31 23:03:29 witherspoon kernel[966]: [    3.950000] Driver for 1-wire Dallas network protocol.
Jul 31 23:03:29 witherspoon kernel[966]: [    3.950000] lm75 9-004a: hwmon0: sensor 'tmp275'
Jul 31 23:03:29 witherspoon kernel[966]: [    4.830000] ucd9000 11-0064: Device ID UCD90160|2.3.4.0000|110603
Jul 31 23:03:29 witherspoon kernel[966]: [    5.160000] leds-pca955x 3-0060: leds-pca955x: Using pca9552 16-bit LED driver at slave address 0x60
Jul 31 23:03:29 witherspoon kernel[966]: [    5.180000] leds-pca955x 11-0060: leds-pca955x: Using pca9552 16-bit LED driver at slave address 0x60
Jul 31 23:03:29 witherspoon kernel[966]: [    5.190000] leds-pca955x 11-0060: gpios 264...279
Jul 31 23:03:29 witherspoon kernel[966]: [    5.200000] usbcore: registered new interface driver usbhid
Jul 31 23:03:29 witherspoon kernel[966]: [    5.200000] usbhid: USB HID core driver
Jul 31 23:03:29 witherspoon kernel[966]: [    5.260000] NET: Registered protocol family 10
Jul 31 23:03:29 witherspoon kernel[966]: [    5.260000] Segment Routing with IPv6
Jul 31 23:03:29 witherspoon kernel[966]: [    5.270000] NET: Registered protocol family 17
Jul 31 23:03:29 witherspoon kernel[966]: [    5.270000] 8021q: 802.1Q VLAN Support v1.8
Jul 31 23:03:29 witherspoon kernel[966]: [    5.270000] console [netcon0] enabled
Jul 31 23:03:29 witherspoon kernel[966]: [    5.270000] netconsole: network logging started
Jul 31 23:03:29 witherspoon kernel[966]: [    5.290000] input: gpio-keys as /devices/platform/gpio-keys/input/input0
Jul 31 23:03:29 witherspoon kernel[966]: [    5.300000] rtc-rv8803 11-0032: setting system clock to 2017-07-31 23:03:06 UTC (1501542186)
Jul 31 23:03:29 witherspoon kernel[966]: [    5.310000] Freeing unused kernel memory: 284K
Jul 31 23:03:29 witherspoon kernel[966]: [    5.310000] This architecture does not have kernel memory protection.
Jul 31 23:03:29 witherspoon kernel[966]: [    6.980000] jffs2: notice: (526) jffs2_build_xattr_subsystem: complete building xattr subsystem, 0 of xdatum (0 unchecked, 0 orphan) and 0 of xref (0 dead, 0 orphan) found.
Jul 31 23:03:29 witherspoon kernel[966]: [    9.090000] systemd[1]: Failed to insert module 'autofs4': No such file or directory
Jul 31 23:03:29 witherspoon kernel[966]: [    9.290000] systemd[1]: systemd 232 running in system mode. (+PAM -AUDIT -SELINUX -IMA -APPARMOR -SMACK +SYSVINIT -UTMP -LIBCRYPTSETUP -GCRYPT -GNUTLS +ACL +XZ -LZ4 -SECCOMP +BLKID -ELFUTILS +KMOD -IDN)
Jul 31 23:03:29 witherspoon kernel[966]: [    9.290000] systemd[1]: Detected architecture arm.
Jul 31 23:03:29 witherspoon kernel[966]: [    9.400000] systemd[1]: Set hostname to <witherspoon>.
Jul 31 23:03:29 witherspoon kernel[966]: [   10.980000] systemd[1]: Listening on udev Control Socket.
Jul 31 23:03:29 witherspoon kernel[966]: [   11.030000] systemd[1]: Started Forward Password Requests to Wall Directory Watch.
Jul 31 23:03:29 witherspoon kernel[966]: [   11.070000] systemd[1]: Reached target Swap.
Jul 31 23:03:29 witherspoon kernel[966]: [   11.100000] systemd[1]: Listening on Journal Socket (/dev/log).
Jul 31 23:03:29 witherspoon kernel[966]: [   11.140000] systemd[1]: Listening on Journal Socket.
Jul 31 23:03:29 witherspoon kernel[966]: [   11.190000] systemd[1]: Reached target Remote File Systems.
Jul 31 23:03:29 witherspoon kernel[966]: [   11.220000] systemd[1]: Listening on udev Kernel Socket.
Jul 31 23:03:29 witherspoon kernel[966]: [   14.460000] systemd[1]: Created slice system-op\x2dreset\x2dchassis\x2don.slice.
Jul 31 23:03:29 witherspoon kernel[966]: [   14.670000] systemd[1]: Created slice system-serial\x2dgetty.slice.
Jul 31 23:03:29 witherspoon kernel[966]: [   14.890000] systemd[1]: Created slice system-phosphor\x2dcooling\x2dtype.slice.
Jul 31 23:03:29 witherspoon kernel[966]: [   15.120000] systemd[1]: Starting Remount Root and Kernel File Systems...
Jul 31 23:03:29 witherspoon kernel[966]: [   15.350000] systemd[1]: Mounted Debug File System.
Jul 31 23:03:29 witherspoon kernel[966]: [   15.590000] systemd[1]: Mounted Temporary Directory.
Jul 31 23:03:29 witherspoon kernel[966]: [   15.840000] systemd[1]: Started Journal Service.
Jul 31 23:03:29 witherspoon kernel[966]: [   17.170000] systemd-journald[653]: Received request to flush runtime journal from PID 1
Jul 31 23:03:29 witherspoon kernel[966]: [   27.980000] ubi7: default fastmap pool size: 100
Jul 31 23:03:29 witherspoon kernel[966]: [   28.120000] ubi7: default fastmap WL pool size: 50
Jul 31 23:03:29 witherspoon kernel[966]: [   28.120000] ubi7: attaching mtd7
Jul 31 23:03:31 witherspoon kernel[966]: [   30.350000] ubi7: scanning is finished
Jul 31 23:03:31 witherspoon kernel[966]: [   30.350000] ubi7 error: ubi_read_volume_table: the layout volume was not found
Jul 31 23:03:31 witherspoon kernel[966]: [   30.350000] ubi7 error: ubi_attach_mtd_dev: failed to attach mtd7, error -22
Jul 31 23:03:37 witherspoon avahi-daemon[955]: Found user 'avahi' (UID 999) and group 'avahi' (GID 999).
Jul 31 23:03:37 witherspoon avahi-daemon[955]: Successfully dropped root privileges.
Jul 31 23:03:37 witherspoon avahi-daemon[955]: avahi-daemon 0.6.32 starting up.
Jul 31 23:03:38 witherspoon avahi-daemon[955]: Successfully called chroot().
Jul 31 23:03:38 witherspoon avahi-daemon[955]: Successfully dropped remaining capabilities.
Jul 31 23:03:38 witherspoon avahi-daemon[955]: Loading service file /services/obmc_console.service.
Jul 31 23:03:38 witherspoon avahi-daemon[955]: Loading service file /services/phosphor_rest.service.
Jul 31 23:03:38 witherspoon avahi-daemon[955]: Loading service file /services/sftp-ssh.service.
Jul 31 23:03:38 witherspoon avahi-daemon[955]: Loading service file /services/sftp.service.
Jul 31 23:03:38 witherspoon avahi-daemon[955]: Loading service file /services/ssh.service.
Jul 31 23:03:38 witherspoon avahi-daemon[955]: Network interface enumeration completed.
Jul 31 23:03:38 witherspoon avahi-daemon[955]: Server startup complete. Host name is witherspoon.local. Local service cookie is 13836005.
Jul 31 23:03:38 witherspoon avahi-daemon[955]: Service "witherspoon" (/services/ssh.service) successfully established.
Jul 31 23:03:38 witherspoon avahi-daemon[955]: Service "sftp" (/services/sftp.service) successfully established.
Jul 31 23:03:38 witherspoon avahi-daemon[955]: Service "witherspoon" (/services/sftp-ssh.service) successfully established.
Jul 31 23:03:38 witherspoon avahi-daemon[955]: Service "phosphor_rest" (/services/phosphor_rest.service) successfully established.
Jul 31 23:03:38 witherspoon avahi-daemon[955]: Service "obmc_console" (/services/obmc_console.service) successfully established.
Jul 31 23:03:39 witherspoon systemd[1]: Started Phosphor LED Group Management Daemon.
Jul 31 23:03:39 witherspoon systemd[1]: Started Phosphor Log Manager.
Jul 31 23:03:40 witherspoon systemd[1]: Started Phosphor Download Manager.
Jul 31 23:03:40 witherspoon systemd[1]: Started Phosphor Inventory Manager.
Jul 31 23:03:40 witherspoon systemd[1]: Started Phosphor IPMI BT DBus Bridge.
Jul 31 23:03:41 witherspoon systemd[1]: Started Phosphor Settings Daemon.
Jul 31 23:03:41 witherspoon systemd[1]: Started Avahi mDNS/DNS-SD Stack.
Jul 31 23:03:41 witherspoon systemd[1]: Started OpenBMC Software Update Manager.
Jul 31 23:03:41 witherspoon systemd[1]: Started Phosphor BMC0 Control.
Jul 31 23:03:41 witherspoon systemd[1]: Starting Network Service...
Jul 31 23:03:41 witherspoon systemd[1]: Starting Clear one time boot overrides...
Jul 31 23:03:45 witherspoon systemd[1]: Started Clear one time boot overrides.
Jul 31 23:03:47 witherspoon systemd-networkd[994]: Enumeration completed
Jul 31 23:03:48 witherspoon systemd[1]: Started Network Service.
Jul 31 23:03:48 witherspoon systemd[1]: Reached target Network.
Jul 31 23:03:48 witherspoon systemd-networkd[994]: eth0: IPv6 enabled for interface: Success
Jul 31 23:03:48 witherspoon systemd[1]: Started Lightweight SLP Server.
Jul 31 23:03:48 witherspoon systemd[1]: Starting Permit User Sessions...
Jul 31 23:03:48 witherspoon avahi-daemon[955]: Joining mDNS multicast group on interface eth0.IPv4 with address 9.3.86.161.
Jul 31 23:03:48 witherspoon avahi-daemon[955]: New relevant interface eth0.IPv4 for mDNS.
Jul 31 23:03:48 witherspoon avahi-daemon[955]: Registering new address record for 9.3.86.161 on eth0.IPv4.
Jul 31 23:03:48 witherspoon systemd-networkd[994]: eth0: Gained carrier
Jul 31 23:03:48 witherspoon systemd-timesyncd[906]: Network configuration changed, trying to establish connection.
Jul 31 23:03:48 witherspoon systemd[1]: Started Permit User Sessions.
Jul 31 23:03:48 witherspoon systemd[1]: Started Serial Getty on ttyS4.
Jul 31 23:03:48 witherspoon systemd[1]: Reached target Login Prompts.
Jul 31 23:03:49 witherspoon systemd[1]: Started Phosphor Dump Manager.
Jul 31 23:03:49 witherspoon avahi-daemon[955]: Joining mDNS multicast group on interface eth0.IPv6 with address fe80::72e2:84ff:fe14:23e1.
Jul 31 23:03:49 witherspoon systemd-networkd[994]: eth0: Gained IPv6LL
Jul 31 23:03:49 witherspoon avahi-daemon[955]: New relevant interface eth0.IPv6 for mDNS.
Jul 31 23:03:49 witherspoon avahi-daemon[955]: Registering new address record for fe80::72e2:84ff:fe14:23e1 on eth0.*.
Jul 31 23:03:51 witherspoon kernel: ftgmac100 1e660000.ethernet eth0: NCSI interface up
Jul 31 23:03:51 witherspoon kernel[966]: [   50.290000] ftgmac100 1e660000.ethernet eth0: NCSI interface up
Jul 31 23:03:57 witherspoon systemd[1]: Created slice system-dropbear.slice.
Jul 31 23:03:57 witherspoon systemd[1]: Started SSH Per-Connection Server (9.41.165.94:50202).
Jul 31 23:03:57 witherspoon systemd[1]: Started Phosphor Download Manager.
Jul 31 23:03:57 witherspoon download_manager.py[967]: Running Download Manager
Jul 31 23:03:58 witherspoon sensor_manager2.py[977]: Setting boot count to 3
Jul 31 23:03:58 witherspoon systemd[1]: Started Phosphor Sensor Manager.
Jul 31 23:03:58 witherspoon sensor_manager2.py[977]: Starting sensor manager
Jul 31 23:03:58 witherspoon systemd[1]: Started Phosphor Chassis0 Control.
Jul 31 23:03:58 witherspoon chassis_control.py[979]: Running ChassisControlService
Jul 31 23:04:01 witherspoon phosphor-mapper[951]: ObjectMapper startup complete.  Discovery in progress...
Jul 31 23:04:01 witherspoon avahi-daemon[992]: ../../avahi-0.6.32/avahi-daemon/chroot.c: open() failed: No such file or directory
Jul 31 23:04:01 witherspoon avahi-daemon[955]: Failed to open /usr/share/dbus-1/interfaces/org.freedesktop.Avahi.Server.xml: Invalid argument
Jul 31 23:04:01 witherspoon avahi-daemon[955]: Failed to load introspection data.
Jul 31 23:04:02 witherspoon systemd-networkd[994]: eth0: Configured
Jul 31 23:04:02 witherspoon systemd-timesyncd[906]: Network configuration changed, trying to establish connection.
Jul 31 23:04:03 witherspoon dropbear[1004]: Failed loading /etc/dropbear/dropbear_dss_host_key
Jul 31 23:04:03 witherspoon dropbear[1004]: Failed loading /etc/dropbear/dropbear_ecdsa_host_key
Jul 31 23:04:03 witherspoon dropbear[1004]: Child connection from ::ffff:9.41.165.94:50202
Jul 31 23:04:04 witherspoon inventory_items.py[976]: Loading from cache: /var/cache/obmc/org.openbmc.inventory.system.chassis.motherboard.apss@org.openbmc.InventoryItem.props
Jul 31 23:04:04 witherspoon inventory_items.py[976]: Loading from cache: /var/cache/obmc/org.openbmc.inventory.system.chassis.motherboard@org.openbmc.InventoryItem.props
Jul 31 23:04:04 witherspoon inventory_items.py[976]: Loading from cache: /var/cache/obmc/org.openbmc.inventory.system.chassis.motherboard.refclock@org.openbmc.InventoryItem.props
Jul 31 23:04:04 witherspoon inventory_items.py[976]: Loading from cache: /var/cache/obmc/org.openbmc.inventory.system.chassis.motherboard.cpu1.core7@org.openbmc.InventoryItem.props
Jul 31 23:04:04 witherspoon inventory_items.py[976]: Loading from cache: /var/cache/obmc/org.openbmc.inventory.system.chassis.motherboard.cpu1.core4@org.openbmc.InventoryItem.props
Jul 31 23:04:04 witherspoon inventory_items.py[976]: Loading from cache: /var/cache/obmc/org.openbmc.inventory.system.chassis.motherboard.cpu1.core1@org.openbmc.InventoryItem.props
Jul 31 23:04:04 witherspoon inventory_items.py[976]: Loading from cache: /var/cache/obmc/org.openbmc.inventory.system.chassis.motherboard.cpu1.core10@org.openbmc.InventoryItem.props
Jul 31 23:04:04 witherspoon inventory_items.py[976]: Loading from cache: /var/cache/obmc/org.openbmc.inventory.system.chassis.motherboard.todclock@org.openbmc.InventoryItem.props
Jul 31 23:04:04 witherspoon inventory_items.py[976]: Loading from cache: /var/cache/obmc/org.openbmc.inventory.system.chassis.motherboard.cpu1@org.openbmc.InventoryItem.props
Jul 31 23:04:04 witherspoon inventory_items.py[976]: Loading from cache: /var/cache/obmc/org.openbmc.inventory.system.chassis.motherboard.bmc@org.openbmc.InventoryItem.props
Jul 31 23:04:04 witherspoon inventory_items.py[976]: Caching: /org/openbmc/inventory/system/chassis/motherboard/bmc
Jul 31 23:04:04 witherspoon inventory_items.py[976]: Loading from cache: /var/cache/obmc/org.openbmc.inventory.system.chassis.motherboard.cpu0.core1@org.openbmc.InventoryItem.props
Jul 31 23:04:04 witherspoon inventory_items.py[976]: Loading from cache: /var/cache/obmc/org.openbmc.inventory.system.chassis.motherboard.cpu0.core7@org.openbmc.InventoryItem.props
Jul 31 23:04:04 witherspoon inventory_items.py[976]: Loading from cache: /var/cache/obmc/org.openbmc.inventory.system.chassis.motherboard.cpu0.core4@org.openbmc.InventoryItem.props
Jul 31 23:04:04 witherspoon inventory_items.py[976]: Loading from cache: /var/cache/obmc/org.openbmc.inventory.system.chassis.motherboard.pcieclock@org.openbmc.InventoryItem.props
Jul 31 23:04:04 witherspoon inventory_items.py[976]: Loading from cache: /var/cache/obmc/org.openbmc.inventory.system.chassis.motherboard.cpu0.core10@org.openbmc.InventoryItem.props
Jul 31 23:04:06 witherspoon inventory_items.py[976]: Running Inventory Manager
Jul 31 23:04:04 witherspoon systemd[1]: Started Phosphor Inventory Manager.
Jul 31 23:04:09 witherspoon systemd[1]: Started Phosphor User Manager.
Jul 31 23:04:09 witherspoon obmc-phosphor-userd[962]: Started
Jul 31 23:04:13 witherspoon dropbear[1004]: PAM password auth succeeded for 'root' from ::ffff:9.41.165.94:50202
Jul 31 23:04:13 witherspoon dropbear[1005]: lastlog_perform_login: Couldn't stat /var/log/lastlog: No such file or directory
Jul 31 23:04:13 witherspoon dropbear[1005]: lastlog_openseek: /var/log/lastlog is not a file or directory!
Jul 31 23:04:20 witherspoon phosphor-mapper[951]: ObjectMapper discovery complete
Jul 31 23:04:20 witherspoon systemd[1]: Started Phosphor DBus Service Discovery Manager.
Jul 31 23:04:20 witherspoon systemd[1]: Started Phosphor Hwmon Poller.
Jul 31 23:04:20 witherspoon systemd[1]: Reached target Phosphor Object Mapper.
Jul 31 23:04:20 witherspoon systemd[1]: Starting Phosphor Network Manager...
Jul 31 23:04:20 witherspoon systemd[1]: Starting Wait for /xyz/openbmc_project/control/host0...
Jul 31 23:04:20 witherspoon systemd[1]: Starting Phoshpor System Manager...
Jul 31 23:04:20 witherspoon systemd[1]: Starting Wait for /xyz/openbmc_project/inventory...
Jul 31 23:04:20 witherspoon systemd[1]: Starting Wait for /org/openbmc/control/flash/bios...
Jul 31 23:04:20 witherspoon systemd[1]: Starting Wait for /org/openbmc/NetworkManager/Interface...
Jul 31 23:04:20 witherspoon systemd[1]: Starting Wait for /xyz/openbmc_project/state/host0...
Jul 31 23:04:21 witherspoon systemd[1]: Starting Phosphor Settings Manager...
Jul 31 23:04:21 witherspoon systemd[1]: Starting Wait for /org/openbmc/control/power0...
Jul 31 23:04:21 witherspoon systemd[1]: Starting Wait for /org/openbmc/managers/System...
Jul 31 23:04:21 witherspoon systemd[1]: Starting Wait for /org/openbmc/managers/Download...
Jul 31 23:04:22 witherspoon systemd[1]: Starting Wait for /xyz/openbmc_project/led/groups/bmc_booted...
Jul 31 23:04:22 witherspoon systemd[1]: Starting Wait for /xyz/openbmc_project/led/groups...
Jul 31 23:04:22 witherspoon systemd[1]: Starting Wait for /xyz/openbmc_project/state/chassis0...
Jul 31 23:04:22 witherspoon systemd[1]: Reached target Webserver (pre).
Jul 31 23:04:22 witherspoon systemd[1]: Started Phosphor Webserver.
Jul 31 23:04:22 witherspoon systemd[1]: Starting Wait for /org/openbmc/control/bmc0...
Jul 31 23:04:22 witherspoon systemd[1]: Started Phosphor DBus Monitor.
Jul 31 23:04:22 witherspoon systemd[1]: Started Phosphor Hwmon Poller.
Jul 31 23:04:22 witherspoon systemd[1]: Started Phosphor Hwmon Poller.
Jul 31 23:04:22 witherspoon systemd[1]: Started Phosphor Hwmon Poller.
Jul 31 23:04:22 witherspoon systemd[1]: Started Phosphor Hwmon Poller.
Jul 31 23:04:22 witherspoon systemd[1]: Started Phosphor Hwmon Poller.
Jul 31 23:04:29 witherspoon systemd[1]: Started Phosphor Network Manager.
Jul 31 23:04:29 witherspoon netman.py[969]: Started
Jul 31 23:04:29 witherspoon system_manager.py[1014]: Running System State: BASE_APPS
Jul 31 23:04:29 witherspoon systemd[1]: Started Wait for /org/openbmc/managers/Download.
Jul 31 23:04:29 witherspoon systemd[1]: Started Wait for /xyz/openbmc_project/led/groups/bmc_booted.
Jul 31 23:04:29 witherspoon systemd[1]: Started Wait for /xyz/openbmc_project/led/groups.
Jul 31 23:04:29 witherspoon systemd[1]: Started Wait for /org/openbmc/control/bmc0.
Jul 31 23:04:29 witherspoon systemd[1]: Started FRU Fault monitor service.
Jul 31 23:04:29 witherspoon systemd[1]: Starting Assert bmc_booted LED...
Jul 31 23:04:29 witherspoon systemd[1]: Starting Phosphor BMC Code Update...
Jul 31 23:04:29 witherspoon systemd[1]: Starting Phosphor BIOS Code Update...
Jul 31 23:04:30 witherspoon system_manager.py[1014]: SystemManager Init Done
Jul 31 23:04:30 witherspoon system_manager.py[1014]: Running SystemManager
Jul 31 23:04:30 witherspoon systemd[1]: Started Phoshpor System Manager.
Jul 31 23:04:30 witherspoon systemd[1]: Started Wait for /xyz/openbmc_project/inventory.
Jul 31 23:04:30 witherspoon systemd[1]: Started Phosphor GPIO 0 Presence.
Jul 31 23:04:30 witherspoon systemd[1]: Started Phosphor GPIO 1 Presence.
Jul 31 23:04:30 witherspoon systemd[1]: Starting Read OpenPOWER-format VPD from EEPROM...
Jul 31 23:04:30 witherspoon systemd[1]: Starting OpenPOWER OCC controller...
Jul 31 23:04:30 witherspoon systemd[1]: Started Phosphor Cooling Type.
Jul 31 23:04:31 witherspoon phosphor-network-manager[1012]: ConfigParser: Section not found
Jul 31 23:04:31 witherspoon phosphor-network-manager[1012]: The operation failed internally.
Jul 31 23:04:31 witherspoon system_manager.py[1014]: SystemManager Goto System State: BMC_STARTING
Jul 31 23:04:31 witherspoon system_manager.py[1014]: Running System State: BMC_STARTING
Jul 31 23:04:34 witherspoon phosphor-network-manager[1012]: ConfigParser: Section not found
Jul 31 23:04:34 witherspoon phosphor-network-manager[1012]: The operation failed internally.
Jul 31 23:04:34 witherspoon phosphor-network-manager[1012]: ConfigParser: Key not found
Jul 31 23:04:34 witherspoon phosphor-network-manager[1012]: The operation failed internally.
Jul 31 23:04:34 witherspoon system_manager.py[1014]: New object: /org/openbmc/control/flash/bios (:1.53)
Jul 31 23:04:34 witherspoon systemd[1]: Started Phosphor BIOS Code Update.
Jul 31 23:04:34 witherspoon phosphor-gpio-presence[1043]: Updating inventory present property
Jul 31 23:04:34 witherspoon systemd[1]: Started OpenPOWER OCC controller.
Jul 31 23:04:35 witherspoon phosphor-gpio-presence[1044]: Updating inventory present property
Jul 31 23:04:41 witherspoon systemd[1]: Started Assert bmc_booted LED.
Jul 31 23:04:42 witherspoon phosphor-log-manager[968]: Failed to find metadata
Jul 31 23:04:42 witherspoon phosphor-fru-fault-monitor[1034]: /xyz/openbmc_project/logging/entry/1
Jul 31 23:04:46 witherspoon systemd[1]: Started Read OpenPOWER-format VPD from EEPROM.
Jul 31 23:04:47 witherspoon dbus[986]: [system] Activating via systemd: service name='org.freedesktop.hostname1' unit='dbus-org.freedesktop.hostname1.service'
Jul 31 23:04:47 witherspoon systemd[1]: Starting Hostname Service...
Jul 31 23:04:47 witherspoon bmc_update.py[1036]: Running Bmc Flash Control
Jul 31 23:04:47 witherspoon systemd[1]: Started Phosphor BMC Code Update.
Jul 31 23:04:49 witherspoon systemd[1]: Started Wait for /org/openbmc/NetworkManager/Interface.
Jul 31 23:04:49 witherspoon systemd[1]: Started Phosphor DNS Settings Cache Manager.
Jul 31 23:04:49 witherspoon dbus[986]: [system] Successfully activated service 'org.freedesktop.hostname1'
Jul 31 23:04:49 witherspoon systemd[1]: Started Hostname Service.
Jul 31 23:04:50 witherspoon systemd[1]: Started Phosphor Network Manager.
Jul 31 23:04:51 witherspoon settings_manager.py[1019]: Running HostSettingsService
Jul 31 23:04:51 witherspoon systemd[1]: Started Phosphor Settings Manager.
Jul 31 23:04:51 witherspoon systemd[1]: Starting Wait for /org/openbmc/settings/host0...
Jul 31 23:04:58 witherspoon systemd[1]: Started Wait for /org/openbmc/managers/System.
Jul 31 23:04:58 witherspoon systemd[1]: Starting Phosphor Power0 Control...
Jul 31 23:04:58 witherspoon systemd[1]: Starting Phosphor BMC State Manager...
Jul 31 23:04:58 witherspoon systemd[1]: Starting Phosphor Reset Button0...
Jul 31 23:04:58 witherspoon systemd[1]: Starting Phosphor Chassis State Manager...
Jul 31 23:04:58 witherspoon systemd[1]: Starting Phosphor Host State Manager...
Jul 31 23:04:58 witherspoon systemd[1]: Starting Phosphor Power Button0...
Jul 31 23:04:59 witherspoon systemd[1]: Started Wait for /org/openbmc/control/flash/bios.
Jul 31 23:04:59 witherspoon systemd[1]: Started Initialize BIOS Flash.
Jul 31 23:04:59 witherspoon phosphor-chassis-state-manager[1064]: Initial Chassis State will be Off
Jul 31 23:04:59 witherspoon systemd[1]: Started Phosphor Chassis State Manager.
Jul 31 23:05:00 witherspoon phosphor-bmc-state-manager[1062]: Setting the BMCState field
Jul 31 23:05:00 witherspoon phosphor-bmc-state-manager[1062]: Setting the BMCState field
Jul 31 23:05:00 witherspoon systemd[1]: Started Phosphor BMC State Manager.
Jul 31 23:05:01 witherspoon button_reset.exe[1063]: GPIO Lookup:  RESET_BUTTON = 353,both
Jul 31 23:05:01 witherspoon button_power.exe[1066]: GPIO Lookup:  POWER_BUTTON = 347,both
Jul 31 23:05:01 witherspoon systemd[1]: Started Phosphor Reset Button0.
Jul 31 23:05:01 witherspoon systemd[1]: Started Phosphor Power Button0.
Jul 31 23:05:01 witherspoon phosphor-host-state-manager[1065]: Initial Host State will be Off
Jul 31 23:05:01 witherspoon system_manager.py[1014]: New object: /org/openbmc/control/power0 (:1.74)
Jul 31 23:05:02 witherspoon system_manager.py[1014]: Power GPIO config: ['SYS_PWROK_BUFF', '', [('SOFTWARE_PGOOD', True), ('BMC_POWER_UP', True)], [('BMC_CP0_RESET_N', False)], [], 'FSI_DATA', 'FSI_CLK', 'FSI_ENABLE', 'CRONUS_SEL', []]
Jul 31 23:05:02 witherspoon power_control.exe[1061]: Power GPIO latch output:
Jul 31 23:05:02 witherspoon power_control.exe[1061]: Power GPIO power good input: SYS_PWROK_BUFF
Jul 31 23:05:02 witherspoon power_control.exe[1061]: Power GPIO 2 power_up outputs
Jul 31 23:05:02 witherspoon power_control.exe[1061]: Power GPIO power_up[0] = SOFTWARE_PGOOD active HIGH
Jul 31 23:05:02 witherspoon power_control.exe[1061]: Power GPIO power_up[1] = BMC_POWER_UP active HIGH
Jul 31 23:05:02 witherspoon power_control.exe[1061]: Power GPIO 1 reset outputs
Jul 31 23:05:02 witherspoon power_control.exe[1061]: Power GPIO reset[0] = BMC_CP0_RESET_N active LOW
Jul 31 23:05:02 witherspoon power_control.exe[1061]: Power GPIO 0 pci reset outputs
Jul 31 23:05:02 witherspoon power_control.exe[1061]: FSI DATA GPIO: FSI_DATA
Jul 31 23:05:02 witherspoon power_control.exe[1061]: FSI CLK GPIO: FSI_CLK
Jul 31 23:05:02 witherspoon power_control.exe[1061]: FSI ENABLE GPIO: FSI_ENABLE
Jul 31 23:05:02 witherspoon power_control.exe[1061]: CRONUS SEL GPIO: CRONUS_SEL
Jul 31 23:05:02 witherspoon power_control.exe[1061]: Hostctl GPIO optionals: 0
Jul 31 23:05:02 witherspoon power_control.exe[1061]: GPIO Lookup:  SYS_PWROK_BUFF = 306,in
Jul 31 23:05:02 witherspoon power_control.exe[1061]: GPIO Lookup:  SOFTWARE_PGOOD = 417,out
Jul 31 23:05:02 witherspoon power_control.exe[1061]: GPIO Lookup:  BMC_POWER_UP = 305,out
Jul 31 23:05:02 witherspoon power_control.exe[1061]: GPIO Lookup:  BMC_CP0_RESET_N = 281,out
Jul 31 23:05:02 witherspoon power_control.exe[1061]: Pgood state: 0
Jul 31 23:05:02 witherspoon systemd[1]: Started Phosphor Power0 Control.
Jul 31 23:05:05 witherspoon flash_bios.exe[1037]: Starting flasher: bios,,/org/openbmc/control/flash/bios,
Jul 31 23:05:05 witherspoon flash_bios.exe[1037]: flasher: , BMC = 1, address = 0x0
Jul 31 23:05:05 witherspoon flash_bios.exe[1037]: Setting up flash
Jul 31 23:05:06 witherspoon flash_bios.exe[1037]: Starting flasher: bios,,/org/openbmc/control/flash/bios,
Jul 31 23:05:06 witherspoon flash_bios.exe[1037]: flasher: , BMC = 1, address = 0x0
Jul 31 23:05:06 witherspoon flash_bios.exe[1037]: Setting up flash
Jul 31 23:05:06 witherspoon systemd[1]: Started Phosphor Host State Manager.
Jul 31 23:05:09 witherspoon systemd[1]: Started Wait for /org/openbmc/settings/host0.
Jul 31 23:05:09 witherspoon systemd[1]: Started Phosphor Inband IPMI.
Jul 31 23:05:13 witherspoon system_manager.py[1014]: SystemManager Goto System State: BMC_READY
Jul 31 23:05:13 witherspoon system_manager.py[1014]: Running System State: BMC_READY
Jul 31 23:05:13 witherspoon systemd[1]: Started Wait for /xyz/openbmc_project/state/chassis0.
Jul 31 23:05:13 witherspoon systemd[1]: Started Wait for /org/openbmc/control/power0.
Jul 31 23:05:13 witherspoon systemd[1]: Starting Phosphor Time Manager daemon...
Jul 31 23:05:13 witherspoon systemd[1]: Starting Check Chassis0 pgood and create a file to indicate it...
Jul 31 23:05:16 witherspoon timemanager[1103]: Registering dbus methods
Jul 31 23:05:17 witherspoon systemd[1]: Started Wait for /xyz/openbmc_project/state/host0.
Jul 31 23:05:17 witherspoon systemd[1]: Starting Reboot If Enabled...
Jul 31 23:05:17 witherspoon phosphor-discover-system-state[1113]: Host power is off, checking power policy
Jul 31 23:05:17 witherspoon systemd[1]: Started Reboot If Enabled.
Jul 31 23:05:19 witherspoon systemd[1]: Started Wait for /xyz/openbmc_project/control/host0.
Jul 31 23:05:21 witherspoon timemanager[1103]: Last known time_mode: NTP
Jul 31 23:05:21 witherspoon timemanager[1103]: Last known time_owner: BMC
Jul 31 23:05:21 witherspoon timemanager[1103]: Empty DhcpNtp string
Jul 31 23:05:21 witherspoon timemanager[1103]: Reading Power Control key: pgood
Jul 31 23:05:21 witherspoon timemanager[1103]: Changing settings *allowed* now
Jul 31 23:05:22 witherspoon systemd[1]: Started Check Chassis0 pgood and create a file to indicate it.
Jul 31 23:05:22 witherspoon systemd[1]: Reached target Chassis0 power on after reset.
Jul 31 23:05:22 witherspoon systemd[1]: Reached target Chassis0 (Reset Check).
Jul 31 23:05:22 witherspoon systemd[1]: Reached target Host0 running after reset.
Jul 31 23:05:22 witherspoon systemd[1]: Reached target Host0 (Reset Check).
Jul 31 23:05:22 witherspoon timemanager[1103]: Owner is already set to : BMC
Jul 31 23:05:22 witherspoon timemanager[1103]: Requested_Mode: NTP Current_Mode: NTP
Jul 31 23:05:22 witherspoon timemanager[1103]: Mode is already set to : NTP
Jul 31 23:05:22 witherspoon timemanager[1103]: Getting System Settings: use_dhcp_ntp
Jul 31 23:05:22 witherspoon timemanager[1103]: use_dhcp_ntp = yes
Jul 31 23:05:22 witherspoon timemanager[1103]: Last known host_offset:0
Jul 31 23:05:22 witherspoon timemanager[1103]: Initial Uptime Usec: 1501542181190470
Jul 31 23:05:22 witherspoon systemd[1]: Started Phosphor Time Manager daemon.
Jul 31 23:05:32 witherspoon phosphor-gevent[1026]: Traceback (most recent call last):
Jul 31 23:05:32 witherspoon phosphor-gevent[1026]:   File "/usr/lib/python2.7/site-packages/gevent/greenlet.py", line 327, in run
Jul 31 23:05:32 witherspoon phosphor-gevent[1026]:     result = self._run(*self.args, **self.kwargs)
Jul 31 23:05:32 witherspoon phosphor-gevent[1026]:   File "/usr/lib/python2.7/site-packages/gevent/server.py", line 102, in wrap_socket_and_handle
Jul 31 23:05:32 witherspoon phosphor-gevent[1026]:     ssl_socket = self.wrap_socket(client_socket, **self.ssl_args)
Jul 31 23:05:32 witherspoon phosphor-gevent[1026]:   File "/usr/lib/python2.7/site-packages/gevent/ssl.py", line 404, in wrap_socket
Jul 31 23:05:32 witherspoon phosphor-gevent[1026]:     ciphers=ciphers)
Jul 31 23:05:32 witherspoon phosphor-gevent[1026]:   File "/usr/lib/python2.7/site-packages/gevent/ssl.py", line 113, in __init__
Jul 31 23:05:32 witherspoon phosphor-gevent[1026]:     self.do_handshake()
Jul 31 23:05:32 witherspoon phosphor-gevent[1026]:   File "/usr/lib/python2.7/site-packages/gevent/ssl.py", line 324, in do_handshake
Jul 31 23:05:32 witherspoon phosphor-gevent[1026]:     return self._sslobj.do_handshake()
Jul 31 23:05:32 witherspoon phosphor-gevent[1026]: SSLEOFError: EOF occurred in violation of protocol (_ssl.c:590)
Jul 31 23:05:32 witherspoon phosphor-gevent[1026]: <Greenlet at 0x7605c3f0: <bound method WSGIServer.wrap_socket_and_handle of <WSGIServer at 0x76032b50 fileno=5 address=('::3462:f476:b03d:6a76%1986674080', 443, 0, 1986674080)>>(<socket at 0x75f09830 fileno=9>, ('::8049:6876:8e91:f402%1995655964', 33360, 0, 199)> failed with SSLEOFError
Jul 31 23:05:32 witherspoon phosphor-gevent[1026]: Traceback (most recent call last):
Jul 31 23:05:32 witherspoon phosphor-gevent[1026]:   File "/usr/lib/python2.7/site-packages/gevent/greenlet.py", line 327, in run
Jul 31 23:05:32 witherspoon phosphor-gevent[1026]:     result = self._run(*self.args, **self.kwargs)
Jul 31 23:05:32 witherspoon phosphor-gevent[1026]:   File "/usr/lib/python2.7/site-packages/gevent/server.py", line 102, in wrap_socket_and_handle
Jul 31 23:05:32 witherspoon phosphor-gevent[1026]:     ssl_socket = self.wrap_socket(client_socket, **self.ssl_args)
Jul 31 23:05:32 witherspoon phosphor-gevent[1026]:   File "/usr/lib/python2.7/site-packages/gevent/ssl.py", line 404, in wrap_socket
Jul 31 23:05:32 witherspoon phosphor-gevent[1026]:     ciphers=ciphers)
Jul 31 23:05:32 witherspoon phosphor-gevent[1026]:   File "/usr/lib/python2.7/site-packages/gevent/ssl.py", line 113, in __init__
Jul 31 23:05:32 witherspoon phosphor-gevent[1026]:     self.do_handshake()
Jul 31 23:05:32 witherspoon phosphor-gevent[1026]:   File "/usr/lib/python2.7/site-packages/gevent/ssl.py", line 324, in do_handshake
Jul 31 23:05:32 witherspoon phosphor-gevent[1026]:     return self._sslobj.do_handshake()
Jul 31 23:05:32 witherspoon phosphor-gevent[1026]: SSLEOFError: EOF occurred in violation of protocol (_ssl.c:590)
Jul 31 23:05:32 witherspoon phosphor-gevent[1026]: <Greenlet at 0x7605c6c0: <bound method WSGIServer.wrap_socket_and_handle of <WSGIServer at 0x76032b50 fileno=5 address=('::3462:f476:b03d:6a76%1986674080', 443, 0, 1986674080)>>(<socket at 0x75f097d0 fileno=10>, ('::8049:6876:8e91:f402%1995655964', 33362, 0, 199)> failed with SSLEOFError
Jul 31 23:05:33 witherspoon phosphor-gevent[1026]: Traceback (most recent call last):
Jul 31 23:05:33 witherspoon phosphor-gevent[1026]:   File "/usr/lib/python2.7/site-packages/gevent/greenlet.py", line 327, in run
Jul 31 23:05:33 witherspoon phosphor-gevent[1026]:     result = self._run(*self.args, **self.kwargs)
Jul 31 23:05:33 witherspoon phosphor-gevent[1026]:   File "/usr/lib/python2.7/site-packages/gevent/server.py", line 102, in wrap_socket_and_handle
Jul 31 23:05:33 witherspoon phosphor-gevent[1026]:     ssl_socket = self.wrap_socket(client_socket, **self.ssl_args)
Jul 31 23:05:33 witherspoon phosphor-gevent[1026]:   File "/usr/lib/python2.7/site-packages/gevent/ssl.py", line 404, in wrap_socket
Jul 31 23:05:33 witherspoon phosphor-gevent[1026]:     ciphers=ciphers)
Jul 31 23:05:33 witherspoon phosphor-gevent[1026]:   File "/usr/lib/python2.7/site-packages/gevent/ssl.py", line 113, in __init__
Jul 31 23:05:33 witherspoon phosphor-gevent[1026]:     self.do_handshake()
Jul 31 23:05:33 witherspoon phosphor-gevent[1026]:   File "/usr/lib/python2.7/site-packages/gevent/ssl.py", line 324, in do_handshake
Jul 31 23:05:33 witherspoon phosphor-gevent[1026]:     return self._sslobj.do_handshake()
Jul 31 23:05:33 witherspoon phosphor-gevent[1026]: SSLEOFError: EOF occurred in violation of protocol (_ssl.c:590)
Jul 31 23:05:33 witherspoon phosphor-gevent[1026]: <Greenlet at 0x7605c3a0: <bound method WSGIServer.wrap_socket_and_handle of <WSGIServer at 0x76032b50 fileno=5 address=('::3462:f476:b03d:6a76%1986674080', 443, 0, 1986674080)>>(<socket at 0x75f09870 fileno=11>, ('::8049:6876:8e91:f402%1995655964', 33364, 0, 199)> failed with SSLEOFError
Jul 31 23:05:33 witherspoon phosphor-gevent[1026]: ::8049:6876:8e91:f402%1995655964 - - [2017-07-31 23:05:33] "POST /login HTTP/1.1" 200 320 0.044961
Jul 31 23:05:33 witherspoon phosphor-gevent[1026]: ::8049:6876:8e91:f402%1995655964 - - [2017-07-31 23:05:33] "GET /xyz/openbmc_project/state/chassis0//attr/CurrentPowerState HTTP/1.1" 200 216 0.085943
Jul 31 23:05:34 witherspoon phosphor-gevent[1026]: ::8049:6876:8e91:f402%1995655964 - - [2017-07-31 23:05:34] "POST /login HTTP/1.1" 200 320 0.033098
Jul 31 23:05:34 witherspoon phosphor-gevent[1026]: ::8049:6876:8e91:f402%1995655964 - - [2017-07-31 23:05:34] "GET /xyz/openbmc_project/state/chassis0//attr/CurrentPowerState HTTP/1.1" 200 216 0.049595
Jul 31 23:05:34 witherspoon phosphor-gevent[1026]: ::8049:6876:8e91:f402%1995655964 - - [2017-07-31 23:05:34] "POST /login HTTP/1.1" 200 320 0.032944
Jul 31 23:05:34 witherspoon phosphor-gevent[1026]: ::8049:6876:8e91:f402%1995655964 - - [2017-07-31 23:05:34] "GET /org/openbmc/sensors/host/BootProgress/attr/value HTTP/1.1" 200 170 0.348785
Jul 31 23:05:35 witherspoon phosphor-gevent[1026]: ::8049:6876:8e91:f402%1995655964 - - [2017-07-31 23:05:35] "POST /login HTTP/1.1" 200 320 0.032483
Jul 31 23:05:35 witherspoon phosphor-gevent[1026]: ::8049:6876:8e91:f402%1995655964 - - [2017-07-31 23:05:35] "GET /xyz/openbmc_project/state/host0//attr/CurrentHostState HTTP/1.1" 200 212 0.355060
Jul 31 23:05:35 witherspoon phosphor-gevent[1026]: ::8049:6876:8e91:f402%1995655964 - - [2017-07-31 23:05:35] "POST /login HTTP/1.1" 200 320 0.032706
Jul 31 23:05:36 witherspoon phosphor-gevent[1026]: ::8049:6876:8e91:f402%1995655964 - - [2017-07-31 23:05:36] "GET /xyz/openbmc_project/logging/entry//list HTTP/1.1" 200 214 0.661607
Jul 31 23:05:36 witherspoon phosphor-gevent[1026]: ::8049:6876:8e91:f402%1995655964 - - [2017-07-31 23:05:36] "POST /login HTTP/1.1" 200 320 0.032941
Jul 31 23:05:36 witherspoon phosphor-gevent[1026]: ::8049:6876:8e91:f402%1995655964 - - [2017-07-31 23:05:36] "GET /xyz/openbmc_project/logging/entry//list HTTP/1.1" 200 214 0.039421
Jul 31 23:05:37 witherspoon phosphor-gevent[1026]: ::8049:6876:8e91:f402%1995655964 - - [2017-07-31 23:05:37] "POST /login HTTP/1.1" 200 320 0.033398
Jul 31 23:05:39 witherspoon phosphor-gevent[1026]: ::8049:6876:8e91:f402%1995655964 - - [2017-07-31 23:05:39] "DELETE /xyz/openbmc_project/logging/entry/1 HTTP/1.1" 200 169 2.277350
Jul 31 23:05:39 witherspoon systemd[1]: Started SSH Per-Connection Server (9.41.165.94:50228).
Jul 31 23:05:39 witherspoon dropbear[1124]: Failed loading /etc/dropbear/dropbear_dss_host_key
Jul 31 23:05:39 witherspoon dropbear[1124]: Failed loading /etc/dropbear/dropbear_ecdsa_host_key
Jul 31 23:05:39 witherspoon dropbear[1124]: Child connection from ::ffff:9.41.165.94:50228
Jul 31 23:05:40 witherspoon dropbear[1124]: PAM password auth succeeded for 'root' from ::ffff:9.41.165.94:50228
Jul 31 23:05:40 witherspoon dropbear[1125]: lastlog_perform_login: Couldn't stat /var/log/lastlog: No such file or directory
Jul 31 23:05:40 witherspoon dropbear[1125]: lastlog_openseek: /var/log/lastlog is not a file or directory!
Jul 31 23:05:42 witherspoon phosphor-gevent[1026]: ::8049:6876:8e91:f402%1995655964 - - [2017-07-31 23:05:42] "POST /login HTTP/1.1" 200 320 0.042452
Jul 31 23:05:42 witherspoon phosphor-gevent[1026]: ::8049:6876:8e91:f402%1995655964 - - [2017-07-31 23:05:42] "GET /xyz/openbmc_project/state/host0//attr/CurrentHostState HTTP/1.1" 200 212 0.051124
Jul 31 23:05:42 witherspoon dropbear[1004]: Exit (root): Exited normally
Jul 31 23:05:42 witherspoon dropbear[1124]: Exit (root): Exited normally
Jul 31 23:05:45 witherspoon systemd[1]: Started SSH Per-Connection Server (9.41.165.94:50232).
Jul 31 23:05:45 witherspoon dropbear[1136]: Failed loading /etc/dropbear/dropbear_dss_host_key
Jul 31 23:05:45 witherspoon dropbear[1136]: Failed loading /etc/dropbear/dropbear_ecdsa_host_key
Jul 31 23:05:45 witherspoon dropbear[1136]: Child connection from ::ffff:9.41.165.94:50232
Jul 31 23:05:46 witherspoon dropbear[1136]: PAM password auth succeeded for 'root' from ::ffff:9.41.165.94:50232
Jul 31 23:05:46 witherspoon dropbear[1137]: lastlog_perform_login: Couldn't stat /var/log/lastlog: No such file or directory
Jul 31 23:05:46 witherspoon dropbear[1137]: lastlog_openseek: /var/log/lastlog is not a file or directory!
Jul 31 23:05:47 witherspoon phosphor-gevent[1026]: ::8049:6876:8e91:f402%1995655964 - - [2017-07-31 23:05:47] "POST /login HTTP/1.1" 200 320 0.032771
Jul 31 23:05:47 witherspoon phosphor-gevent[1026]: ::8049:6876:8e91:f402%1995655964 - - [2017-07-31 23:05:47] "PUT /org/openbmc/settings/host0/attr/power_policy HTTP/1.1" 200 169 0.630693
Jul 31 23:05:47 witherspoon phosphor-gevent[1026]: ::8049:6876:8e91:f402%1995655964 - - [2017-07-31 23:05:47] "POST /login HTTP/1.1" 200 320 0.033059
Jul 31 23:05:48 witherspoon phosphor-gevent[1026]: ::8049:6876:8e91:f402%1995655964 - - [2017-07-31 23:05:48] "GET /org/openbmc/settings/host0/attr/power_policy HTTP/1.1" 200 185 0.069970
Jul 31 23:05:48 witherspoon phosphor-gevent[1026]: ::8049:6876:8e91:f402%1995655964 - - [2017-07-31 23:05:48] "POST /login HTTP/1.1" 200 320 0.033454
Jul 31 23:05:48 witherspoon phosphor-gevent[1026]: ::8049:6876:8e91:f402%1995655964 - - [2017-07-31 23:05:48] "GET /xyz/openbmc_project/state/chassis0//attr/CurrentPowerState HTTP/1.1" 200 216 0.049631
Jul 31 23:05:48 witherspoon phosphor-gevent[1026]: ::8049:6876:8e91:f402%1995655964 - - [2017-07-31 23:05:48] "POST /login HTTP/1.1" 200 320 0.034014
Jul 31 23:05:49 witherspoon phosphor-gevent[1026]: ::8049:6876:8e91:f402%1995655964 - - [2017-07-31 23:05:49] "GET /xyz/openbmc_project/state/bmc0//attr/CurrentBMCState HTTP/1.1" 200 215 0.529939
Jul 31 23:05:49 witherspoon phosphor-gevent[1026]: ::8049:6876:8e91:f402%1995655964 - - [2017-07-31 23:05:49] "POST /login HTTP/1.1" 200 320 0.033134
Jul 31 23:05:49 witherspoon phosphor-gevent[1026]: ::8049:6876:8e91:f402%1995655964 - - [2017-07-31 23:05:49] "GET /org/openbmc/sensors/host/BootProgress/attr/value HTTP/1.1" 200 170 0.055316
Jul 31 23:05:50 witherspoon phosphor-gevent[1026]: ::8049:6876:8e91:f402%1995655964 - - [2017-07-31 23:05:50] "POST /login HTTP/1.1" 200 320 0.567091
Jul 31 23:05:50 witherspoon phosphor-gevent[1026]: ::8049:6876:8e91:f402%1995655964 - - [2017-07-31 23:05:50] "GET /xyz/openbmc_project/state/host0//attr/CurrentHostState HTTP/1.1" 200 212 0.069348
Jul 31 23:05:50 witherspoon phosphor-gevent[1026]: ::8049:6876:8e91:f402%1995655964 - - [2017-07-31 23:05:50] "POST /login HTTP/1.1" 200 320 0.033181
Jul 31 23:05:50 witherspoon phosphor-gevent[1026]: ::8049:6876:8e91:f402%1995655964 - - [2017-07-31 23:05:50] "GET /xyz/openbmc_project/logging/entry//list HTTP/1.1" 404 311 0.029944
Jul 31 23:05:50 witherspoon systemd[1]: Started SSH Per-Connection Server (9.41.165.94:50248).
Jul 31 23:05:51 witherspoon dropbear[1143]: Failed loading /etc/dropbear/dropbear_dss_host_key
Jul 31 23:05:51 witherspoon dropbear[1143]: Failed loading /etc/dropbear/dropbear_ecdsa_host_key
Jul 31 23:05:51 witherspoon dropbear[1143]: Child connection from ::ffff:9.41.165.94:50248
Jul 31 23:05:51 witherspoon dropbear[1143]: PAM password auth succeeded for 'root' from ::ffff:9.41.165.94:50248
Jul 31 23:06:43 witherspoon phosphor-gevent[1026]: ::8049:6876:8e91:f402%1995655964 - - [2017-07-31 23:06:43] "POST /login HTTP/1.1" 200 320 0.032897
Jul 31 23:06:44 witherspoon phosphor-gevent[1026]: ::8049:6876:8e91:f402%1995655964 - - [2017-07-31 23:06:44] "POST /org/openbmc/control/flash/bios//action/update HTTP/1.1" 200 169 0.222908
Jul 31 23:06:44 witherspoon phosphor-gevent[1026]: ::8049:6876:8e91:f402%1995655964 - - [2017-07-31 23:06:44] "POST /login HTTP/1.1" 200 320 0.037921
Jul 31 23:06:44 witherspoon phosphor-gevent[1026]: ::8049:6876:8e91:f402%1995655964 - - [2017-07-31 23:06:44] "GET /org/openbmc/control/flash/bios HTTP/1.1" 200 397 0.075347
Jul 31 23:06:44 witherspoon flash_bios.exe[1037]: Starting flasher: bios,/tmp/witherspoon_910_golden.pnor,/org/openbmc/control/flash/bios,
Jul 31 23:06:44 witherspoon flash_bios.exe[1037]: flasher: /tmp/witherspoon_910_golden.pnor, BMC = 1, address = 0x0
Jul 31 23:06:44 witherspoon flash_bios.exe[1037]: Setting up flash
Jul 31 23:06:45 witherspoon phosphor-gevent[1026]: ::8049:6876:8e91:f402%1995655964 - - [2017-07-31 23:06:45] "POST /login HTTP/1.1" 200 320 0.955510
Jul 31 23:06:45 witherspoon phosphor-gevent[1026]: ::8049:6876:8e91:f402%1995655964 - - [2017-07-31 23:06:45] "GET /org/openbmc/control/flash/bios HTTP/1.1" 200 397 0.080689
Jul 31 23:06:55 witherspoon phosphor-gevent[1026]: ::8049:6876:8e91:f402%1995655964 - - [2017-07-31 23:06:55] "POST /login HTTP/1.1" 200 320 0.043595
Jul 31 23:06:56 witherspoon phosphor-gevent[1026]: ::8049:6876:8e91:f402%1995655964 - - [2017-07-31 23:06:56] "GET /org/openbmc/control/flash/bios HTTP/1.1" 200 397 0.209805
Jul 31 23:07:06 witherspoon phosphor-gevent[1026]: ::8049:6876:8e91:f402%1995655964 - - [2017-07-31 23:07:06] "POST /login HTTP/1.1" 200 320 0.038636
Jul 31 23:07:06 witherspoon phosphor-gevent[1026]: ::8049:6876:8e91:f402%1995655964 - - [2017-07-31 23:07:06] "GET /org/openbmc/control/flash/bios HTTP/1.1" 200 397 0.067679
Jul 31 23:07:17 witherspoon phosphor-gevent[1026]: ::8049:6876:8e91:f402%1995655964 - - [2017-07-31 23:07:17] "POST /login HTTP/1.1" 200 320 0.032865
Jul 31 23:07:17 witherspoon phosphor-gevent[1026]: ::8049:6876:8e91:f402%1995655964 - - [2017-07-31 23:07:17] "GET /org/openbmc/control/flash/bios HTTP/1.1" 200 397 0.068188
Jul 31 23:07:27 witherspoon phosphor-gevent[1026]: ::8049:6876:8e91:f402%1995655964 - - [2017-07-31 23:07:27] "POST /login HTTP/1.1" 200 320 0.033130
Jul 31 23:07:27 witherspoon phosphor-gevent[1026]: ::8049:6876:8e91:f402%1995655964 - - [2017-07-31 23:07:27] "GET /org/openbmc/control/flash/bios HTTP/1.1" 200 397 0.381916
Jul 31 23:07:38 witherspoon phosphor-gevent[1026]: ::8049:6876:8e91:f402%1995655964 - - [2017-07-31 23:07:38] "POST /login HTTP/1.1" 200 320 0.033699
Jul 31 23:07:38 witherspoon phosphor-gevent[1026]: ::8049:6876:8e91:f402%1995655964 - - [2017-07-31 23:07:38] "GET /org/openbmc/control/flash/bios HTTP/1.1" 200 397 0.068020
Jul 31 23:07:48 witherspoon phosphor-gevent[1026]: ::8049:6876:8e91:f402%1995655964 - - [2017-07-31 23:07:48] "POST /login HTTP/1.1" 200 320 0.033626
Jul 31 23:07:48 witherspoon phosphor-gevent[1026]: ::8049:6876:8e91:f402%1995655964 - - [2017-07-31 23:07:48] "GET /org/openbmc/control/flash/bios HTTP/1.1" 200 397 0.335586
Jul 31 23:07:59 witherspoon phosphor-gevent[1026]: ::8049:6876:8e91:f402%1995655964 - - [2017-07-31 23:07:59] "POST /login HTTP/1.1" 200 320 0.033542
Jul 31 23:07:59 witherspoon phosphor-gevent[1026]: ::8049:6876:8e91:f402%1995655964 - - [2017-07-31 23:07:59] "GET /org/openbmc/control/flash/bios HTTP/1.1" 200 397 0.069190
Jul 31 23:08:09 witherspoon phosphor-gevent[1026]: ::8049:6876:8e91:f402%1995655964 - - [2017-07-31 23:08:09] "POST /login HTTP/1.1" 200 320 0.033659
Jul 31 23:08:09 witherspoon phosphor-gevent[1026]: ::8049:6876:8e91:f402%1995655964 - - [2017-07-31 23:08:09] "GET /org/openbmc/control/flash/bios HTTP/1.1" 200 397 0.142731
Jul 31 23:08:20 witherspoon phosphor-gevent[1026]: ::8049:6876:8e91:f402%1995655964 - - [2017-07-31 23:08:20] "POST /login HTTP/1.1" 200 320 0.032901
Jul 31 23:08:20 witherspoon phosphor-gevent[1026]: ::8049:6876:8e91:f402%1995655964 - - [2017-07-31 23:08:20] "GET /org/openbmc/control/flash/bios HTTP/1.1" 200 397 0.368500
Jul 31 23:08:30 witherspoon phosphor-gevent[1026]: ::8049:6876:8e91:f402%1995655964 - - [2017-07-31 23:08:30] "POST /login HTTP/1.1" 200 320 0.033988
Jul 31 23:08:30 witherspoon phosphor-gevent[1026]: ::8049:6876:8e91:f402%1995655964 - - [2017-07-31 23:08:30] "GET /org/openbmc/control/flash/bios HTTP/1.1" 200 397 0.068208
Jul 31 23:08:40 witherspoon phosphor-gevent[1026]: ::8049:6876:8e91:f402%1995655964 - - [2017-07-31 23:08:40] "POST /login HTTP/1.1" 200 320 0.033146
Jul 31 23:08:40 witherspoon phosphor-gevent[1026]: ::8049:6876:8e91:f402%1995655964 - - [2017-07-31 23:08:40] "GET /org/openbmc/control/flash/bios HTTP/1.1" 200 397 0.068165
Jul 31 23:08:51 witherspoon phosphor-gevent[1026]: ::8049:6876:8e91:f402%1995655964 - - [2017-07-31 23:08:51] "POST /login HTTP/1.1" 200 320 0.033381
Jul 31 23:08:51 witherspoon phosphor-gevent[1026]: ::8049:6876:8e91:f402%1995655964 - - [2017-07-31 23:08:51] "GET /org/openbmc/control/flash/bios HTTP/1.1" 200 397 0.068146
Jul 31 23:09:01 witherspoon phosphor-gevent[1026]: ::8049:6876:8e91:f402%1995655964 - - [2017-07-31 23:09:01] "POST /login HTTP/1.1" 200 320 0.032998
Jul 31 23:09:02 witherspoon phosphor-gevent[1026]: ::8049:6876:8e91:f402%1995655964 - - [2017-07-31 23:09:02] "GET /org/openbmc/control/flash/bios HTTP/1.1" 200 397 0.697142
Jul 31 23:09:07 witherspoon kernel: INFO: task ubiformat:989 blocked for more than 120 seconds.
Jul 31 23:09:07 witherspoon kernel:       Not tainted 4.10.17-44f0dc8ac43162c4f7082884d6cd79400341bf5b #1
Jul 31 23:09:07 witherspoon kernel: "echo 0 > /proc/sys/kernel/hung_task_timeout_secs" disables this message.
Jul 31 23:09:07 witherspoon kernel: ubiformat       D    0   989    949 0x00000000
Jul 31 23:09:07 witherspoon kernel: [<803fc504>] (__schedule) from [<803fc834>] (schedule+0x54/0xac)
Jul 31 23:09:07 witherspoon kernel: [<803fc834>] (schedule) from [<803fc8a4>] (schedule_preempt_disabled+0x18/0x1c)
Jul 31 23:09:07 witherspoon kernel: [<803fc8a4>] (schedule_preempt_disabled) from [<803fd754>] (__mutex_lock_slowpath+0x178/0x298)
Jul 31 23:09:07 witherspoon kernel: [<803fd754>] (__mutex_lock_slowpath) from [<803fe664>] (mutex_lock+0x4c/0x50)
Jul 31 23:09:07 witherspoon kernel: [<803fe664>] (mutex_lock) from [<8026edf8>] (spi_nor_lock_and_prep+0x28/0x74)
Jul 31 23:09:07 witherspoon kernel: [<8026edf8>] (spi_nor_lock_and_prep) from [<8026f3b0>] (spi_nor_write+0x34/0x188)
Jul 31 23:09:07 witherspoon kernel: [<8026f3b0>] (spi_nor_write) from [<80266f24>] (mtd_write+0x90/0xa8)
Jul 31 23:09:07 witherspoon kernel: [<80266f24>] (mtd_write) from [<8026ca0c>] (mtdchar_write+0xe4/0x248)
Jul 31 23:09:07 witherspoon kernel: [<8026ca0c>] (mtdchar_write) from [<800e24b4>] (__vfs_write+0x3c/0x128)
Jul 31 23:09:07 witherspoon kernel: [<800e24b4>] (__vfs_write) from [<800e2730>] (vfs_write+0xb0/0x178)
Jul 31 23:09:07 witherspoon kernel: [<800e2730>] (vfs_write) from [<800e28e4>] (SyS_write+0x4c/0xa0)
Jul 31 23:09:07 witherspoon kernel: [<800e28e4>] (SyS_write) from [<8000a540>] (ret_fast_syscall+0x0/0x34)
Jul 31 23:09:07 witherspoon kernel[966]: [  366.640000] INFO: task ubiformat:989 blocked for more than 120 seconds.
Jul 31 23:09:07 witherspoon kernel[966]: [  366.640000]       Not tainted 4.10.17-44f0dc8ac43162c4f7082884d6cd79400341bf5b #1
Jul 31 23:09:07 witherspoon kernel[966]: [  366.640000] "echo 0 > /proc/sys/kernel/hung_task_timeout_secs" disables this message.
Jul 31 23:09:07 witherspoon kernel[966]: [  366.640000] ubiformat       D    0   989    949 0x00000000
Jul 31 23:09:07 witherspoon kernel[966]: [  366.640000] [<803fc504>] (__schedule) from [<803fc834>] (schedule+0x54/0xac)
Jul 31 23:09:07 witherspoon kernel[966]: [  366.640000] [<803fc834>] (schedule) from [<803fc8a4>] (schedule_preempt_disabled+0x18/0x1c)
Jul 31 23:09:07 witherspoon kernel[966]: [  366.640000] [<803fc8a4>] (schedule_preempt_disabled) from [<803fd754>] (__mutex_lock_slowpath+0x178/0x298)
Jul 31 23:09:07 witherspoon kernel[966]: [  366.640000] [<803fd754>] (__mutex_lock_slowpath) from [<803fe664>] (mutex_lock+0x4c/0x50)
Jul 31 23:09:07 witherspoon kernel[966]: [  366.640000] [<803fe664>] (mutex_lock) from [<8026edf8>] (spi_nor_lock_and_prep+0x28/0x74)
Jul 31 23:09:07 witherspoon kernel[966]: [  366.640000] [<8026edf8>] (spi_nor_lock_and_prep) from [<8026f3b0>] (spi_nor_write+0x34/0x188)
Jul 31 23:09:07 witherspoon kernel[966]: [  366.640000] [<8026f3b0>] (spi_nor_write) from [<80266f24>] (mtd_write+0x90/0xa8)
Jul 31 23:09:07 witherspoon kernel[966]: [  366.640000] [<80266f24>] (mtd_write) from [<8026ca0c>] (mtdchar_write+0xe4/0x248)
Jul 31 23:09:07 witherspoon kernel[966]: [  366.640000] [<8026ca0c>] (mtdchar_write) from [<800e24b4>] (__vfs_write+0x3c/0x128)
Jul 31 23:09:07 witherspoon kernel[966]: [  366.640000] [<800e24b4>] (__vfs_write) from [<800e2730>] (vfs_write+0xb0/0x178)
Jul 31 23:09:07 witherspoon kernel[966]: [  366.750000] [<800e2730>] (vfs_write) from [<800e28e4>] (SyS_write+0x4c/0xa0)
Jul 31 23:09:07 witherspoon kernel[966]: [  366.750000] [<800e28e4>] (SyS_write) from [<8000a540>] (ret_fast_syscall+0x0/0x34)
Jul 31 23:09:13 witherspoon phosphor-gevent[1026]: ::8049:6876:8e91:f402%1995655964 - - [2017-07-31 23:09:13] "POST /login HTTP/1.1" 200 320 0.045741
Jul 31 23:09:13 witherspoon phosphor-gevent[1026]: ::8049:6876:8e91:f402%1995655964 - - [2017-07-31 23:09:13] "GET /org/openbmc/control/flash/bios HTTP/1.1" 200 397 0.068961
Jul 31 23:09:23 witherspoon phosphor-gevent[1026]: ::8049:6876:8e91:f402%1995655964 - - [2017-07-31 23:09:23] "POST /login HTTP/1.1" 200 320 0.033194
Jul 31 23:09:23 witherspoon phosphor-gevent[1026]: ::8049:6876:8e91:f402%1995655964 - - [2017-07-31 23:09:23] "GET /org/openbmc/control/flash/bios HTTP/1.1" 200 401 0.070468
Jul 31 23:09:33 witherspoon phosphor-gevent[1026]: ::8049:6876:8e91:f402%1995655964 - - [2017-07-31 23:09:33] "POST /login HTTP/1.1" 200 320 0.033992
Jul 31 23:09:33 witherspoon phosphor-gevent[1026]: ::8049:6876:8e91:f402%1995655964 - - [2017-07-31 23:09:33] "GET /org/openbmc/control/flash/bios HTTP/1.1" 200 402 0.068713
Jul 31 23:09:43 witherspoon phosphor-gevent[1026]: ::8049:6876:8e91:f402%1995655964 - - [2017-07-31 23:09:43] "POST /login HTTP/1.1" 200 320 0.032895
Jul 31 23:09:44 witherspoon phosphor-gevent[1026]: ::8049:6876:8e91:f402%1995655964 - - [2017-07-31 23:09:44] "GET /org/openbmc/control/flash/bios HTTP/1.1" 200 402 0.107173
Jul 31 23:09:54 witherspoon phosphor-gevent[1026]: ::8049:6876:8e91:f402%1995655964 - - [2017-07-31 23:09:54] "POST /login HTTP/1.1" 200 320 0.033901
Jul 31 23:09:54 witherspoon phosphor-gevent[1026]: ::8049:6876:8e91:f402%1995655964 - - [2017-07-31 23:09:54] "GET /org/openbmc/control/flash/bios HTTP/1.1" 200 402 0.068777
Jul 31 23:10:05 witherspoon phosphor-gevent[1026]: ::8049:6876:8e91:f402%1995655964 - - [2017-07-31 23:10:05] "POST /login HTTP/1.1" 200 320 0.032941
Jul 31 23:10:05 witherspoon phosphor-gevent[1026]: ::8049:6876:8e91:f402%1995655964 - - [2017-07-31 23:10:05] "GET /org/openbmc/control/flash/bios HTTP/1.1" 200 402 0.067744
Jul 31 23:10:15 witherspoon phosphor-gevent[1026]: ::8049:6876:8e91:f402%1995655964 - - [2017-07-31 23:10:15] "POST /login HTTP/1.1" 200 320 0.033342
Jul 31 23:10:15 witherspoon phosphor-gevent[1026]: ::8049:6876:8e91:f402%1995655964 - - [2017-07-31 23:10:15] "GET /org/openbmc/control/flash/bios HTTP/1.1" 200 402 0.078906
Jul 31 23:10:25 witherspoon phosphor-gevent[1026]: ::8049:6876:8e91:f402%1995655964 - - [2017-07-31 23:10:25] "POST /login HTTP/1.1" 200 320 0.033130
Jul 31 23:10:25 witherspoon phosphor-gevent[1026]: ::8049:6876:8e91:f402%1995655964 - - [2017-07-31 23:10:25] "GET /org/openbmc/control/flash/bios HTTP/1.1" 200 402 0.068347
Jul 31 23:10:36 witherspoon phosphor-gevent[1026]: ::8049:6876:8e91:f402%1995655964 - - [2017-07-31 23:10:36] "POST /login HTTP/1.1" 200 320 0.035864
Jul 31 23:10:36 witherspoon phosphor-gevent[1026]: ::8049:6876:8e91:f402%1995655964 - - [2017-07-31 23:10:36] "GET /org/openbmc/control/flash/bios HTTP/1.1" 200 402 0.068321
Jul 31 23:10:46 witherspoon phosphor-gevent[1026]: ::8049:6876:8e91:f402%1995655964 - - [2017-07-31 23:10:46] "POST /login HTTP/1.1" 200 320 0.033637
Jul 31 23:10:47 witherspoon phosphor-gevent[1026]: ::8049:6876:8e91:f402%1995655964 - - [2017-07-31 23:10:47] "GET /org/openbmc/control/flash/bios HTTP/1.1" 200 402 0.070972
Jul 31 23:10:57 witherspoon phosphor-gevent[1026]: ::8049:6876:8e91:f402%1995655964 - - [2017-07-31 23:10:57] "POST /login HTTP/1.1" 200 320 0.032915
Jul 31 23:10:57 witherspoon phosphor-gevent[1026]: ::8049:6876:8e91:f402%1995655964 - - [2017-07-31 23:10:57] "GET /org/openbmc/control/flash/bios HTTP/1.1" 200 401 0.081435
Jul 31 23:11:08 witherspoon phosphor-gevent[1026]: ::8049:6876:8e91:f402%1995655964 - - [2017-07-31 23:11:08] "POST /login HTTP/1.1" 200 320 0.983713
Jul 31 23:11:08 witherspoon phosphor-gevent[1026]: ::8049:6876:8e91:f402%1995655964 - - [2017-07-31 23:11:08] "GET /org/openbmc/control/flash/bios HTTP/1.1" 200 402 0.077954
Jul 31 23:11:15 witherspoon avahi-daemon[955]: Service name conflict for "phosphor_rest" (/services/phosphor_rest.service), retrying with "phosphor_rest #2".
Jul 31 23:11:15 witherspoon avahi-daemon[955]: Service name conflict for "sftp" (/services/sftp.service), retrying with "sftp #2".
Jul 31 23:11:15 witherspoon avahi-daemon[955]: Service name conflict for "obmc_console" (/services/obmc_console.service), retrying with "obmc_console #2".
Jul 31 23:11:17 witherspoon flash_bios.exe[1037]: Erasing... (may take a while !) done !
Jul 31 23:11:17 witherspoon flash_bios.exe[1037]: About to program "/tmp/witherspoon_910_golden.pnor" at 0x00000000..0x04000000 !
Jul 31 23:11:17 witherspoon flash_bios.exe[1037]: Programming & Verifying...
Jul 31 23:11:17 witherspoon flash_bios.exe[1037]: Flash done
Jul 31 23:11:17 witherspoon avahi-daemon[955]: Service "phosphor_rest #2" (/services/phosphor_rest.service) successfully established.
Jul 31 23:11:17 witherspoon avahi-daemon[955]: Service "sftp #2" (/services/sftp.service) successfully established.
Jul 31 23:11:17 witherspoon avahi-daemon[955]: Service "obmc_console #2" (/services/obmc_console.service) successfully established.
Jul 31 23:11:18 witherspoon phosphor-gevent[1026]: ::8049:6876:8e91:f402%1995655964 - - [2017-07-31 23:11:18] "POST /login HTTP/1.1" 200 320 0.033175
Jul 31 23:11:19 witherspoon phosphor-gevent[1026]: ::8049:6876:8e91:f402%1995655964 - - [2017-07-31 23:11:19] "GET /org/openbmc/control/flash/bios HTTP/1.1" 200 399 0.429611
Jul 31 23:11:19 witherspoon systemd[1]: Started SSH Per-Connection Server (9.41.165.94:50320).
Jul 31 23:11:19 witherspoon dropbear[1149]: Failed loading /etc/dropbear/dropbear_dss_host_key
Jul 31 23:11:19 witherspoon dropbear[1149]: Failed loading /etc/dropbear/dropbear_ecdsa_host_key
Jul 31 23:11:19 witherspoon dropbear[1149]: Child connection from ::ffff:9.41.165.94:50320
Jul 31 23:11:21 witherspoon dropbear[1149]: PAM password auth succeeded for 'root' from ::ffff:9.41.165.94:50320
Jul 31 23:11:21 witherspoon dropbear[1150]: lastlog_perform_login: Couldn't stat /var/log/lastlog: No such file or directory
Jul 31 23:11:21 witherspoon dropbear[1150]: lastlog_openseek: /var/log/lastlog is not a file or directory!
Jul 31 23:11:22 witherspoon phosphor-gevent[1026]: ::8049:6876:8e91:f402%1995655964 - - [2017-07-31 23:11:22] "POST /login HTTP/1.1" 200 320 0.033273
Jul 31 23:11:22 witherspoon phosphor-gevent[1026]: ::8049:6876:8e91:f402%1995655964 - - [2017-07-31 23:11:22] "GET /xyz/openbmc_project/state/host0//attr/CurrentHostState HTTP/1.1" 200 212 0.051527
Jul 31 23:11:23 witherspoon systemd[1]: Created slice system-obmc\x2dconsole\x2dssh.slice.
Jul 31 23:11:23 witherspoon systemd[1]: Started Phosphor Host Console SSH Per-Connection (9.41.165.94:45602).
Jul 31 23:11:23 witherspoon dropbear[1154]: Failed loading /etc/dropbear/dropbear_dss_host_key
Jul 31 23:11:23 witherspoon dropbear[1154]: Failed loading /etc/dropbear/dropbear_ecdsa_host_key
Jul 31 23:11:23 witherspoon dropbear[1154]: Child connection from ::ffff:9.41.165.94:45602
Jul 31 23:11:24 witherspoon dropbear[1154]: PAM password auth succeeded for 'root' from ::ffff:9.41.165.94:45602
Jul 31 23:11:24 witherspoon dropbear[1155]: lastlog_perform_login: Couldn't stat /var/log/lastlog: No such file or directory
Jul 31 23:11:24 witherspoon dropbear[1155]: lastlog_openseek: /var/log/lastlog is not a file or directory!
Jul 31 23:11:24 witherspoon phosphor-gevent[1026]: ::8049:6876:8e91:f402%1995655964 - - [2017-07-31 23:11:24] "POST /login HTTP/1.1" 200 320 0.044084
Jul 31 23:11:24 witherspoon phosphor-gevent[1026]: ::8049:6876:8e91:f402%1995655964 - - [2017-07-31 23:11:24] "PUT /org/openbmc/settings/host0/attr/power_policy HTTP/1.1" 200 169 0.167436
Jul 31 23:11:25 witherspoon phosphor-gevent[1026]: ::8049:6876:8e91:f402%1995655964 - - [2017-07-31 23:11:25] "POST /login HTTP/1.1" 200 320 0.033301
Jul 31 23:11:25 witherspoon phosphor-gevent[1026]: ::8049:6876:8e91:f402%1995655964 - - [2017-07-31 23:11:25] "GET /org/openbmc/settings/host0/attr/power_policy HTTP/1.1" 200 185 0.070962
Jul 31 23:11:26 witherspoon phosphor-gevent[1026]: ::8049:6876:8e91:f402%1995655964 - - [2017-07-31 23:11:26] "POST /login HTTP/1.1" 200 320 0.034371
Jul 31 23:11:26 witherspoon phosphor-gevent[1026]: ::8049:6876:8e91:f402%1995655964 - - [2017-07-31 23:11:26] "GET /xyz/openbmc_project/state/chassis0//attr/CurrentPowerState HTTP/1.1" 200 216 0.050091
Jul 31 23:11:26 witherspoon phosphor-gevent[1026]: ::8049:6876:8e91:f402%1995655964 - - [2017-07-31 23:11:26] "POST /login HTTP/1.1" 200 320 0.033165
Jul 31 23:11:26 witherspoon phosphor-gevent[1026]: ::8049:6876:8e91:f402%1995655964 - - [2017-07-31 23:11:26] "GET /xyz/openbmc_project/state/bmc0//attr/CurrentBMCState HTTP/1.1" 200 215 0.051252
Jul 31 23:11:26 witherspoon phosphor-gevent[1026]: ::8049:6876:8e91:f402%1995655964 - - [2017-07-31 23:11:26] "POST /login HTTP/1.1" 200 320 0.059339
Jul 31 23:11:27 witherspoon phosphor-gevent[1026]: ::8049:6876:8e91:f402%1995655964 - - [2017-07-31 23:11:27] "GET /org/openbmc/sensors/host/BootProgress/attr/value HTTP/1.1" 200 170 0.059203
Jul 31 23:11:28 witherspoon phosphor-gevent[1026]: ::8049:6876:8e91:f402%1995655964 - - [2017-07-31 23:11:28] "POST /login HTTP/1.1" 200 320 0.046895
Jul 31 23:11:28 witherspoon phosphor-gevent[1026]: ::8049:6876:8e91:f402%1995655964 - - [2017-07-31 23:11:28] "GET /xyz/openbmc_project/state/host0//attr/CurrentHostState HTTP/1.1" 200 212 0.049351
Jul 31 23:11:28 witherspoon phosphor-gevent[1026]: ::8049:6876:8e91:f402%1995655964 - - [2017-07-31 23:11:28] "POST /login HTTP/1.1" 200 320 0.032864
Jul 31 23:11:28 witherspoon phosphor-host-state-manager[1065]: Host State transaction request
Jul 31 23:11:28 witherspoon systemd[1]: Started Witherspoon Fan Watchdog Daemon.
Jul 31 23:11:28 witherspoon systemd[1]: Created slice system-ucd_disable_vcs.slice.
Jul 31 23:11:28 witherspoon systemd[1]: Created slice system-obmc\x2denable\x2dhost\x2dwatchdog.slice.
Jul 31 23:11:28 witherspoon systemd[1]: Starting Witherspoon Fan Watchdog Reset...
Jul 31 23:11:28 witherspoon systemd[1]: Created slice system-pcie\x2dslot\x2ddetect.slice.
Jul 31 23:11:28 witherspoon systemd[1]: Starting Disable UCD VCS rails...
Jul 31 23:11:28 witherspoon systemd[1]: Created slice system-vcs_off.slice.
Jul 31 23:11:28 witherspoon systemd[1]: Starting Wait for /org/openbmc/control/chassis0...
Jul 31 23:11:28 witherspoon systemd[1]: Created slice system-vcs_workaround.slice.
Jul 31 23:11:28 witherspoon systemd[1]: Created slice system-avsbus\x2denable.slice.
Jul 31 23:11:28 witherspoon systemd[1]: Starting Reboot If Enabled...
Jul 31 23:11:28 witherspoon systemd[1]: Created slice system-mapper\x2dsubtree\x2dremove.slice.
Jul 31 23:11:28 witherspoon systemd[1]: Created slice system-phosphor\x2dfan\x2dpresence\x2dtach.slice.
Jul 31 23:11:28 witherspoon systemd[1]: Created slice system-vcs_on.slice.
Jul 31 23:11:28 witherspoon systemd[1]: Starting mapper subtree-remove /xyz/openbmc_project/software:xyz.openbmc_project.Software.ActivationBlocksTransition...
Jul 31 23:11:28 witherspoon systemd[1]: Created slice system-avsbus\x2ddisable.slice.
Jul 31 23:11:28 witherspoon systemd[1]: Created slice system-vrm\x2dcontrol.slice.
Jul 31 23:11:28 witherspoon systemd[1]: Created slice system-fsi\x2dbind.slice.
Jul 31 23:11:28 witherspoon systemd[1]: Created slice system-phosphor\x2dfan\x2dcontrol\x2dinit.slice.
Jul 31 23:11:28 witherspoon systemd[1]: Created slice system-ir35221\x2don\x2dunbind.slice.
Jul 31 23:11:28 witherspoon systemd[1]: Created slice system-ir35221\x2don\x2dbind.slice.
Jul 31 23:11:28 witherspoon systemd[1]: Starting power on mode unbind ir35221 device driver devs...
Jul 31 23:11:28 witherspoon systemd[1]: Started Initialize BIOS Flash.
Jul 31 23:11:28 witherspoon systemd[1]: Created slice system-avsbus\x2dworkaround.slice.
Jul 31 23:11:28 witherspoon systemd[1]: Created slice system-op\x2dwait\x2dpower\x2don.slice.
Jul 31 23:11:28 witherspoon systemd[1]: Starting Wait for Power0 to turn on...
Jul 31 23:11:28 witherspoon systemd[1]: Starting Wait for /xyz/openbmc_project/watchdog/host0...
Jul 31 23:11:28 witherspoon systemd[1]: Created slice system-cfam_override.slice.
Jul 31 23:11:28 witherspoon systemd[1]: Created slice system-phosphor\x2dgpio\x2dmonitor.slice.
Jul 31 23:11:28 witherspoon systemd[1]: Started Phosphor GPIO checkstop monitor.
Jul 31 23:11:28 witherspoon systemd[1]: Created slice system-op\x2dpower\x2dstart.slice.
Jul 31 23:11:28 witherspoon systemd[1]: Starting Wait for /xyz/openbmc_project/led/groups/power_on...
Jul 31 23:11:28 witherspoon systemd[1]: Reached target Start Host checkstop monitor.
Jul 31 23:11:28 witherspoon systemd[1]: Created slice system-fsi\x2dscan.slice.
Jul 31 23:11:28 witherspoon systemd[1]: Created slice system-mboxd\x2dreload.slice.
Jul 31 23:11:28 witherspoon systemd[1]: Starting Reload mboxd during power on...
Jul 31 23:11:28 witherspoon systemd[1]: Created slice system-phosphor\x2dwatchdog.slice.
Jul 31 23:11:28 witherspoon systemd[1]: Started Phosphor poweron watchdog.
Jul 31 23:11:28 witherspoon systemd[1]: Created slice system-start_host.slice.
Jul 31 23:11:28 witherspoon systemd[1]: Started Phosphor Cooling Type.
Jul 31 23:11:29 witherspoon systemd[1]: Started power on mode unbind ir35221 device driver devs.
