[    0.290000] 1e787000.vuart: ttyS5 at MMIO 0x1e787000 (irq = 22, base_baud = 1500000) is a 16550A
[    0.290000] 1e783000.serial: ttyS0 at MMIO 0x1e783000 (irq = 23, base_baud = 1500000) is a 16550A
[    0.290000] 1e78d000.serial: ttyS1 at MMIO 0x1e78d000 (irq = 24, base_baud = 1500000) is a 16550A
[    0.290000] 1e784000.serial: ttyS4 at MMIO 0x1e784000 (irq = 25, base_baud = 1500000) is a 16550A
[    0.640000] console [ttyS4] enabled
[    0.780000] timeriomem_rng 1e6e2078.hwrng: 32bits from 0xf00e2078 @ 1us
[    0.800000] random: fast init done
[    0.840000] brd: module loaded
[    0.850000] random: crng init done
[    0.870000] loop: module loaded
[    0.870000] aspeed-lpc-ctrl 1e789080.lpc-ctrl: Loaded at 0x98000000 (0x04000000)
[    0.880000] aspeed-smc 1e620000.flash-controller: Using IRQ 18
[    0.880000] aspeed-smc 1e620000.flash-controller: DMA support disabled.
[    0.900000] aspeed-smc 1e620000.flash-controller: mx25l25635e (32768 Kbytes)
[    0.900000] aspeed-smc 1e620000.flash-controller: CE0 window [ 0x20000000 - 0x22000000 ] 32MB
[    0.900000] aspeed-smc 1e620000.flash-controller: CE1 window [ 0x22000000 - 0x2a000000 ] 128MB
[    0.900000] 3 ofpart partitions found on MTD device bmc
[    0.930000] Creating 3 MTD partitions on "bmc":
[    0.940000] 0x000000000000-0x000000060000 : "u-boot"
[    0.940000] 0x000000060000-0x000000080000 : "u-boot-env"
[    0.960000] 0x000000080000-0x000002000000 : "obmc-ubi"
[    0.960000] aspeed-smc 1e620000.flash-controller: mx25l25635e (32768 Kbytes)
[    0.970000] aspeed-smc 1e620000.flash-controller: CE1 window [ 0x22000000 - 0x24000000 ] 32MB
[    0.970000] aspeed-smc 1e620000.flash-controller: CE2 window [ 0x24000000 - 0x2c000000 ] 128MB
[    0.990000] 3 ofpart partitions found on MTD device alt-bmc
[    0.990000] Creating 3 MTD partitions on "alt-bmc":
[    0.990000] 0x000000000000-0x000000060000 : "alt-u-boot"
[    1.010000] 0x000000060000-0x000000080000 : "alt-u-boot-env"
[    1.020000] 0x000000080000-0x000002000000 : "alt-obmc-ubi"
[    1.040000] aspeed-smc 1e630000.flash-controller: mx66l1g45g (131072 Kbytes)
[    1.040000] aspeed-smc 1e630000.flash-controller: CE0 window resized to 120MB (AST2500 HW quirk)
[    1.050000] aspeed-smc 1e630000.flash-controller: CE0 window [ 0x30000000 - 0x37800000 ] 120MB
[    1.050000] aspeed-smc 1e630000.flash-controller: CE0 window too small for chip 128MB
[    1.050000] aspeed-smc 1e630000.flash-controller: CE1 window [ 0x37800000 - 0x38000000 ] 8MB
[    1.800000] libphy: Fixed MDIO Bus: probed
[    1.800000] ftgmac100 1e660000.ethernet: Read MAC address 70:e2:84:14:23:e1 from chip
[    1.800000] ftgmac100 1e660000.ethernet: Using NCSI interface
[    1.800000] ftgmac100 1e660000.ethernet eth0: irq 20, mapped at f0060000
[    1.800000] ehci_hcd: USB 2.0 'Enhanced' Host Controller (EHCI) Driver
[    1.800000] ehci-platform: EHCI generic platform driver
[    2.040000] i2c /dev entries driver
[    2.040000] aspeed-i2c-bus 1e78a0c0.i2c-bus: i2c bus 2 registered, irq 26
[    2.040000] aspeed-i2c-bus 1e78a100.i2c-bus: i2c bus 3 registered, irq 27
[    2.040000] aspeed-i2c-bus 1e78a140.i2c-bus: i2c bus 4 registered, irq 28
[    2.040000] aspeed-i2c-bus 1e78a180.i2c-bus: i2c bus 5 registered, irq 29
[    2.040000] aspeed-i2c-bus 1e78a380.i2c-bus: i2c bus 9 registered, irq 30
[    2.040000] aspeed-i2c-bus 1e78a3c0.i2c-bus: i2c bus 10 registered, irq 31
[    2.040000] rtc-rv8803 11-0032: Voltage low, temperature compensation stopped.
[    2.040000] rtc-rv8803 11-0032: An alarm maybe have been missed.
[    2.150000] rtc-rv8803 11-0032: rtc core: registered rx8900 as rtc0
[    2.160000] at24 11-0051: 8192 byte 24c64 EEPROM, writable, 1 bytes/write
[    2.160000] aspeed-i2c-bus 1e78a400.i2c-bus: i2c bus 11 registered, irq 32
[    2.160000] aspeed-i2c-bus 1e78a440.i2c-bus: i2c bus 12 registered, irq 33
[    2.160000] aspeed-i2c-bus 1e78a480.i2c-bus: i2c bus 13 registered, irq 34
[    2.160000] Driver for 1-wire Dallas network protocol.
[    2.160000] lm75 9-004a: hwmon0: sensor 'tmp275'
[    3.920000] ucd9000 11-0064: Device ID UCD90160|2.3.4.0000|110603
[    4.630000] leds-pca955x 3-0060: leds-pca955x: Using pca9552 16-bit LED driver at slave address 0x60
[    4.640000] leds-pca955x 3-0060: gpios 238...253
[    4.640000] leds-pca955x 11-0060: leds-pca955x: Using pca9552 16-bit LED driver at slave address 0x60
[    4.660000] leds-pca955x 11-0060: gpios 222...237
[    4.660000] usbcore: registered new interface driver usbhid
[    4.670000] usbhid: USB HID core driver
[    4.720000] NET: Registered protocol family 10
[    4.720000] Segment Routing with IPv6
[    4.730000] NET: Registered protocol family 17
[    4.730000] 8021q: 802.1Q VLAN Support v1.8
[    4.740000] input: gpio-keys-polled as /devices/platform/gpio-keys-polled/input/input1
[    4.770000] ubi0: default fastmap pool size: 25
[    4.780000] ubi0: default fastmap WL pool size: 12
[    4.780000] ubi0: attaching mtd3
[    4.790000] ubi0: scanning is finished
[    4.810000] ubi0: attached mtd3 (name "obmc-ubi", size 31 MiB)
[    4.810000] ubi0: PEB size: 65536 bytes (64 KiB), LEB size: 65408 bytes
[    4.830000] ubi0: min./max. I/O unit sizes: 1/256, sub-page size 1
[    4.830000] ubi0: VID header offset: 64 (aligned 64), data offset: 128
[    4.830000] ubi0: good PEBs: 504, bad PEBs: 0, corrupted PEBs: 0
[    4.830000] ubi0: user volume: 4, internal volumes: 1, max. volumes count: 128
[    4.860000] ubi0: max/mean erase counter: 57/47, WL threshold: 4096, image sequence number: 1358235831
[    4.860000] ubi0: available PEBs: 46, total reserved PEBs: 458, PEBs reserved for bad PEB handling: 0
[    4.860000] ubi0: background thread "ubi_bgt0d" started, PID 507
[    4.860000] ubi4: default fastmap pool size: 25
[    4.860000] ubi4: default fastmap WL pool size: 12
[    4.890000] ubi4: attaching mtd7
[    4.930000] ubi4: scanning is finished
[    4.970000] ubi4: attached mtd7 (name "alt-obmc-ubi", size 31 MiB)
[    4.970000] ubi4: PEB size: 65536 bytes (64 KiB), LEB size: 65408 bytes
[    4.970000] ubi4: min./max. I/O unit sizes: 1/256, sub-page size 1
[    4.970000] ubi4: VID header offset: 64 (aligned 64), data offset: 128
[    4.970000] ubi4: good PEBs: 504, bad PEBs: 0, corrupted PEBs: 0
[    5.020000] ubi4: user volume: 4, internal volumes: 1, max. volumes count: 128
[    5.020000] ubi4: max/mean erase counter: 49/38, WL threshold: 4096, image sequence number: 1358235831
[    5.020000] ubi4: available PEBs: 46, total reserved PEBs: 458, PEBs reserved for bad PEB handling: 0
[    5.020000] ubi4: background thread "ubi_bgt4d" started, PID 513
[    7.830000] block ubiblock0_0: created from ubi0:0(rofs-9f8a416)
[    7.830000] console [netcon0] enabled
[    7.830000] netconsole: network logging started
[    7.830000] input: gpio-keys as /devices/platform/gpio-keys/input/input2
[    7.830000] rtc-rv8803 11-0032: setting system clock to 2017-10-02 02:31:21 UTC (1506911481)
[    7.830000] VFS: Mounted root (squashfs filesystem) readonly on device 254:0.
[    7.830000] devtmpfs: mounted
[    7.830000] Freeing unused kernel memory: 284K
[    7.830000] This architecture does not have kernel memory protection.
[    9.680000] systemd[1]: Failed to insert module 'autofs4': No such file or directory
[    9.680000] systemd[1]: systemd 232 running in system mode. (+PAM -AUDIT -SELINUX -IMA -APPARMOR -SMACK +SYSVINIT -UTMP -LIBCRYPTSETUP -GCRYPT -GNUTLS +ACL +XZ -LZ4 -SECCOMP +BLKID -ELFUTILS +KMOD -IDN)
[    9.680000] systemd[1]: Detected architecture arm.
[    9.940000] systemd[1]: Set hostname to <witherspoon>.
[    9.970000] systemd[1]: Initializing machine ID from random generator.
[    9.970000] systemd[1]: Installed transient /etc/machine-id file.
[   10.820000] systemd[1]: [/lib/systemd/system/obmc-standby.target.requires/../witherspoon-power-supply-monitor@.service:12] Unknown lvalue 'SysLogIdentifier' in section 'Service'
[   10.820000] systemd[1]: [/lib/systemd/system/obmc-standby.target.requires/../witherspoon-power-supply-monitor@.service:12] Unknown lvalue 'SysLogIdentifier' in section 'Service'
[   11.620000] systemd[1]: Listening on udev Control Socket.
[   11.750000] systemd[1]: Started Dispatch Password Requests to Console Directory Watch.
[   11.790000] systemd[1]: Reached target Swap.
[   14.900000] UBIFS (ubi0:2): UBIFS: mounted UBI device 0, volume 2, name "rwfs"
[   14.900000] UBIFS (ubi0:2): LEB size: 65408 bytes (63 KiB), min./max. I/O unit sizes: 8 bytes/256 bytes
[   14.900000] UBIFS (ubi0:2): FS size: 3597440 bytes (3 MiB, 55 LEBs), journal size 719488 bytes (0 MiB, 11 LEBs)
[   14.900000] UBIFS (ubi0:2): reserved for root: 0 bytes (0 KiB)
[   14.900000] UBIFS (ubi0:2): media format: w4/r0 (latest is w5/r0), UUID F6AF7850-1C6E-4E2A-94BB-A56899CAF080, small LPT model
[   15.050000] UBIFS (ubi0:2): background thread "ubifs_bgt0_2" started, PID 685
[   15.950000] systemd-journald[533]: Received request to flush runtime journal from PID 1
[   24.690000] ubi: ubi0 already exists
[   25.840000] ubi8: default fastmap pool size: 100
[   25.840000] ubi8: default fastmap WL pool size: 50
[   25.840000] ubi8: attaching mtd8
[   25.840000] ubi8: scanning is finished
[   25.840000] ubi8: attached mtd8 (name "pnor", size 128 MiB)
[   25.840000] ubi8: PEB size: 65536 bytes (64 KiB), LEB size: 65408 bytes
[   25.840000] ubi8: min./max. I/O unit sizes: 1/256, sub-page size 1
[   25.840000] ubi8: VID header offset: 64 (aligned 64), data offset: 128
[   25.840000] ubi8: good PEBs: 2048, bad PEBs: 0, corrupted PEBs: 0
[   25.840000] ubi8: user volume: 6, internal volumes: 1, max. volumes count: 128
[   25.840000] ubi8: max/mean erase counter: 42/29, WL threshold: 4096, image sequence number: 91395301
[   25.840000] ubi8: available PEBs: 468, total reserved PEBs: 1580, PEBs reserved for bad PEB handling: 0
[   26.020000] ubi8: background thread "ubi_bgt8d" started, PID 1025
[   28.470000] ubi: ubi4 already exists
[   31.850000] 8021q: adding VLAN 0 to HW filter on device eth0
[   35.840000] ftgmac100 1e660000.ethernet eth0: ncsi: removed vlan tag 0 at index 1
[   35.840000] ftgmac100 1e660000.ethernet eth0: ncsi: removed vlan tag 0 at index 2
[   35.840000] ftgmac100 1e660000.ethernet eth0: no vlan ids left to set
[   35.840000] ftgmac100 1e660000.ethernet eth0: NCSI interface up
[   46.600000] block ubiblock8_0: created from ubi8:0(pnor-ro-7a9ef57c)
[   59.290000] block ubiblock8_1: created from ubi8:1(pnor-ro-8764baa3)
[   59.800000] UBIFS (ubi8:2): UBIFS: mounted UBI device 8, volume 2, name "pnor-prsv"
[   59.800000] UBIFS (ubi8:2): LEB size: 65408 bytes (63 KiB), min./max. I/O unit sizes: 8 bytes/256 bytes
[   59.800000] UBIFS (ubi8:2): FS size: 1504384 bytes (1 MiB, 23 LEBs), journal size 523265 bytes (0 MiB, 6 LEBs)
[   59.800000] UBIFS (ubi8:2): reserved for root: 71055 bytes (69 KiB)
[   59.800000] UBIFS (ubi8:2): media format: w5/r0 (latest is w5/r0), UUID 36B3B1E1-197C-4042-A5BB-1F5E6D63DF0B, small LPT model
[   59.800000] UBIFS (ubi8:4): UBIFS: mounted UBI device 8, volume 4, name "pnor-rw-8764baa3"
[   59.800000] UBIFS (ubi8:4): LEB size: 65408 bytes (63 KiB), min./max. I/O unit sizes: 8 bytes/256 bytes
[   59.800000] UBIFS (ubi8:4): FS size: 16155776 bytes (15 MiB, 247 LEBs), journal size 784896 bytes (0 MiB, 12 LEBs)
[   59.800000] UBIFS (ubi8:4): reserved for root: 763076 bytes (745 KiB)
[   59.800000] UBIFS (ubi8:4): media format: w5/r0 (latest is w5/r0), UUID F587F7F2-1BEE-4E77-9577-250237C0F0BC, small LPT model
[   59.800000] UBIFS (ubi8:4): background thread "ubifs_bgt8_4" started, PID 1121
[   59.800000] UBIFS (ubi8:5): UBIFS: mounted UBI device 8, volume 5, name "pnor-rw-7a9ef57c"
[   59.800000] UBIFS (ubi8:5): LEB size: 65408 bytes (63 KiB), min./max. I/O unit sizes: 8 bytes/256 bytes
[   59.800000] UBIFS (ubi8:5): FS size: 16155776 bytes (15 MiB, 247 LEBs), journal size 784896 bytes (0 MiB, 12 LEBs)
[   59.800000] UBIFS (ubi8:5): reserved for root: 763076 bytes (745 KiB)
[   59.800000] UBIFS (ubi8:5): media format: w5/r0 (latest is w5/r0), UUID 904AA0DA-EE42-403C-B44D-8FB80359592C, small LPT model
[   60.320000] UBIFS (ubi8:5): background thread "ubifs_bgt8_5" started, PID 1129
[   60.320000] UBIFS (ubi8:2): background thread "ubifs_bgt8_2" started, PID 1108
[   74.000000] block ubiblock4_0: created from ubi4:0(rofs-aca3ebd6)
[   96.430000] UBIFS (ubi8:3): background thread "ubifs_bgt8_3" started, PID 1245
[   96.430000] UBIFS (ubi8:3): UBIFS: mounted UBI device 8, volume 3, name "pnor-patch"
[   96.450000] UBIFS (ubi8:3): LEB size: 65408 bytes (63 KiB), min./max. I/O unit sizes: 8 bytes/256 bytes
[   96.450000] UBIFS (ubi8:3): FS size: 16155776 bytes (15 MiB, 247 LEBs), journal size 784896 bytes (0 MiB, 12 LEBs)
[   96.450000] UBIFS (ubi8:3): reserved for root: 763076 bytes (745 KiB)
[   96.450000] UBIFS (ubi8:3): media format: w5/r0 (latest is w5/r0), UUID 4D589EF4-9175-4F76-B384-1965B1D7B962, small LPT model
[  248.160000] ucd9000 11-0064: Device ID UCD90160|2.3.4.0000|110603
[  251.020000] ucd9000 11-0064: Device ID UCD90160|2.3.4.0000|110603
[  263.420000] occ-hwmon occ1-dev0: failed to get OCC poll response: -19
[  263.780000] occ-hwmon occ2-dev0: failed to get OCC poll response: -19
[  470.100000] ucd9000 11-0064: Device ID UCD90160|2.3.4.0000|110603
[  471.500000] ucd9000 11-0064: Device ID UCD90160|2.3.4.0000|110603
[  483.370000] occ-hwmon occ1-dev0: failed to get OCC poll response: -19
[  484.500000] occ-hwmon occ2-dev0: failed to get OCC poll response: -19
