-- Logs begin at Mon 2017-10-02 02:31:26 UTC, end at Mon 2017-10-02 02:49:37 UTC. --
Oct 02 02:31:26 witherspoon kernel: Booting Linux on physical CPU 0x0
Oct 02 02:31:26 witherspoon kernel: Linux version 4.10.17-00cd954c889746a65f9022088c5d83f9f43bfddc (jenkins@openbmc-builder1) (gcc version 6.2.0 (GCC) ) #1 Fri Sep 22 12:34:59 UTC 2017
Oct 02 02:31:26 witherspoon kernel: CPU: ARMv6-compatible processor [410fb767] revision 7 (ARMv7), cr=00c5387d
Oct 02 02:31:26 witherspoon kernel: CPU: PIPT / VIPT nonaliasing data cache, VIPT nonaliasing instruction cache
Oct 02 02:31:26 witherspoon kernel: OF: fdt:Machine model: Witherspoon BMC
Oct 02 02:31:26 witherspoon kernel: Memory policy: Data cache writeback
Oct 02 02:31:26 witherspoon kernel: SOC Rev: 04030303
Oct 02 02:31:26 witherspoon kernel: On node 0 totalpages: 110592
Oct 02 02:31:26 witherspoon kernel: free_area_init_node: node 0, pgdat 806038a4, node_mem_map 9ec1a000
Oct 02 02:31:26 witherspoon kernel:   Normal zone: 992 pages used for memmap
Oct 02 02:31:26 witherspoon kernel:   Normal zone: 0 pages reserved
Oct 02 02:31:26 witherspoon kernel:   Normal zone: 110592 pages, LIFO batch:31
Oct 02 02:31:26 witherspoon kernel: pcpu-alloc: s0 r0 d32768 u32768 alloc=1*32768
Oct 02 02:31:26 witherspoon kernel: pcpu-alloc: [0] 0 
Oct 02 02:31:26 witherspoon kernel: Built 1 zonelists in Zone order, mobility grouping on.  Total pages: 109600
Oct 02 02:31:26 witherspoon kernel: Kernel command line: console=ttyS4,115200n8 ubi.mtd=obmc-ubi,0,0,0 ubi.mtd=alt-obmc-ubi,0,0,4 ro rootfstype=squashfs ubi.block=0,0 root=/dev/ubiblock0_0
Oct 02 02:31:26 witherspoon kernel: PID hash table entries: 2048 (order: 1, 8192 bytes)
Oct 02 02:31:26 witherspoon kernel: Dentry cache hash table entries: 65536 (order: 6, 262144 bytes)
Oct 02 02:31:26 witherspoon kernel: Inode-cache hash table entries: 32768 (order: 5, 131072 bytes)
Oct 02 02:31:26 witherspoon kernel: Memory: 431960K/442368K available (4077K kernel code, 281K rwdata, 1196K rodata, 284K init, 111K bss, 10408K reserved, 0K cma-reserved)
Oct 02 02:31:26 witherspoon kernel: Virtual kernel memory layout:
                                        vector  : 0xffff0000 - 0xffff1000   (   4 kB)
                                        fixmap  : 0xffc00000 - 0xfff00000   (3072 kB)
                                        vmalloc : 0x9f800000 - 0xff800000   (1536 MB)
                                        lowmem  : 0x80000000 - 0x9f000000   ( 496 MB)
                                          .text : 0x80008000 - 0x80403740   (4078 kB)
                                          .init : 0x80589000 - 0x805d0000   ( 284 kB)
                                          .data : 0x805d0000 - 0x806167a8   ( 282 kB)
                                           .bss : 0x806167a8 - 0x80632678   ( 112 kB)
Oct 02 02:31:26 witherspoon kernel: NR_IRQS:16 nr_irqs:16 16
Oct 02 02:31:26 witherspoon kernel: i2c controller registered, irq 16
Oct 02 02:31:26 witherspoon kernel: clocksource: moxart_timer: mask: 0xffffffff max_cycles: 0xffffffff, max_idle_ns: 77222644334 ns
Oct 02 02:31:26 witherspoon kernel: sched_clock: 32 bits at 100 Hz, resolution 10000000ns, wraps every 21474836475000000ns
Oct 02 02:31:26 witherspoon kernel: Calibrating delay loop... 789.70 BogoMIPS (lpj=3948544)
Oct 02 02:31:26 witherspoon kernel: pid_max: default: 32768 minimum: 301
Oct 02 02:31:26 witherspoon kernel: Mount-cache hash table entries: 1024 (order: 0, 4096 bytes)
Oct 02 02:31:26 witherspoon kernel: Mountpoint-cache hash table entries: 1024 (order: 0, 4096 bytes)
Oct 02 02:31:26 witherspoon kernel: CPU: Testing write buffer coherency: ok
Oct 02 02:31:26 witherspoon kernel: ftrace: allocating 14991 entries in 44 pages
Oct 02 02:31:26 witherspoon kernel: Setting up static identity map for 0x80008200 - 0x8000825c
Oct 02 02:31:26 witherspoon kernel: devtmpfs: initialized
Oct 02 02:31:26 witherspoon kernel: clocksource: jiffies: mask: 0xffffffff max_cycles: 0xffffffff, max_idle_ns: 19112604462750000 ns
Oct 02 02:31:26 witherspoon kernel: futex hash table entries: 256 (order: -1, 3072 bytes)
Oct 02 02:31:26 witherspoon kernel: pinctrl core: initialized pinctrl subsystem
Oct 02 02:31:26 witherspoon kernel: NET: Registered protocol family 16
Oct 02 02:31:26 witherspoon kernel: DMA: preallocated 256 KiB pool for atomic coherent allocations
Oct 02 02:31:26 witherspoon kernel: usbcore: registered new interface driver usbfs
Oct 02 02:31:26 witherspoon kernel: usbcore: registered new interface driver hub
Oct 02 02:31:26 witherspoon kernel: usbcore: registered new device driver usb
Oct 02 02:31:26 witherspoon kernel: clocksource: Switched to clocksource moxart_timer
Oct 02 02:31:26 witherspoon kernel: NET: Registered protocol family 2
Oct 02 02:31:26 witherspoon kernel: TCP established hash table entries: 4096 (order: 2, 16384 bytes)
Oct 02 02:31:26 witherspoon kernel: TCP bind hash table entries: 4096 (order: 2, 16384 bytes)
Oct 02 02:31:26 witherspoon kernel: TCP: Hash tables configured (established 4096 bind 4096)
Oct 02 02:31:26 witherspoon kernel: UDP hash table entries: 256 (order: 0, 4096 bytes)
Oct 02 02:31:26 witherspoon kernel: UDP-Lite hash table entries: 256 (order: 0, 4096 bytes)
Oct 02 02:31:26 witherspoon kernel: NET: Registered protocol family 1
Oct 02 02:31:26 witherspoon kernel: workingset: timestamp_bits=30 max_order=17 bucket_order=0
Oct 02 02:31:26 witherspoon kernel: squashfs: version 4.0 (2009/01/31) Phillip Lougher
Oct 02 02:31:26 witherspoon kernel: jffs2: version 2.2. (SUMMARY)  © 2001-2006 Red Hat, Inc.
Oct 02 02:31:26 witherspoon kernel: Block layer SCSI generic (bsg) driver version 0.4 loaded (major 250)
Oct 02 02:31:26 witherspoon kernel: io scheduler noop registered
Oct 02 02:31:26 witherspoon kernel: io scheduler deadline registered
Oct 02 02:31:26 witherspoon kernel: io scheduler cfq registered (default)
Oct 02 02:31:26 witherspoon kernel: ipmi-bt-host 1e789140.ibt: Found bt bmc device
Oct 02 02:31:26 witherspoon kernel: ipmi-bt-host 1e789140.ibt: Using IRQ 22
Oct 02 02:31:26 witherspoon kernel: Serial: 8250/16550 driver, 6 ports, IRQ sharing enabled
Oct 02 02:31:26 witherspoon kernel: 1e787000.vuart: ttyS5 at MMIO 0x1e787000 (irq = 22, base_baud = 1500000) is a 16550A
Oct 02 02:31:26 witherspoon kernel: 1e783000.serial: ttyS0 at MMIO 0x1e783000 (irq = 23, base_baud = 1500000) is a 16550A
Oct 02 02:31:26 witherspoon kernel: 1e78d000.serial: ttyS1 at MMIO 0x1e78d000 (irq = 24, base_baud = 1500000) is a 16550A
Oct 02 02:31:26 witherspoon kernel: 1e784000.serial: ttyS4 at MMIO 0x1e784000 (irq = 25, base_baud = 1500000) is a 16550A
Oct 02 02:31:26 witherspoon kernel: console [ttyS4] enabled
Oct 02 02:31:26 witherspoon kernel: timeriomem_rng 1e6e2078.hwrng: 32bits from 0xf00e2078 @ 1us
Oct 02 02:31:26 witherspoon kernel: random: fast init done
Oct 02 02:31:26 witherspoon kernel: brd: module loaded
Oct 02 02:31:26 witherspoon kernel: random: crng init done
Oct 02 02:31:26 witherspoon kernel: loop: module loaded
Oct 02 02:31:26 witherspoon kernel: aspeed-lpc-ctrl 1e789080.lpc-ctrl: Loaded at 0x98000000 (0x04000000)
Oct 02 02:31:26 witherspoon kernel: aspeed-smc 1e620000.flash-controller: Using IRQ 18
Oct 02 02:31:26 witherspoon kernel: aspeed-smc 1e620000.flash-controller: DMA support disabled.
Oct 02 02:31:26 witherspoon kernel: aspeed-smc 1e620000.flash-controller: mx25l25635e (32768 Kbytes)
Oct 02 02:31:26 witherspoon kernel: aspeed-smc 1e620000.flash-controller: CE0 window [ 0x20000000 - 0x22000000 ] 32MB
Oct 02 02:31:26 witherspoon kernel: aspeed-smc 1e620000.flash-controller: CE1 window [ 0x22000000 - 0x2a000000 ] 128MB
Oct 02 02:31:26 witherspoon kernel: 3 ofpart partitions found on MTD device bmc
Oct 02 02:31:26 witherspoon kernel: Creating 3 MTD partitions on "bmc":
Oct 02 02:31:26 witherspoon kernel: 0x000000000000-0x000000060000 : "u-boot"
Oct 02 02:31:26 witherspoon kernel: 0x000000060000-0x000000080000 : "u-boot-env"
Oct 02 02:31:26 witherspoon kernel: 0x000000080000-0x000002000000 : "obmc-ubi"
Oct 02 02:31:26 witherspoon kernel: aspeed-smc 1e620000.flash-controller: mx25l25635e (32768 Kbytes)
Oct 02 02:31:26 witherspoon kernel: aspeed-smc 1e620000.flash-controller: CE1 window [ 0x22000000 - 0x24000000 ] 32MB
Oct 02 02:31:26 witherspoon kernel: aspeed-smc 1e620000.flash-controller: CE2 window [ 0x24000000 - 0x2c000000 ] 128MB
Oct 02 02:31:26 witherspoon kernel: 3 ofpart partitions found on MTD device alt-bmc
Oct 02 02:31:26 witherspoon kernel: Creating 3 MTD partitions on "alt-bmc":
Oct 02 02:31:26 witherspoon kernel: 0x000000000000-0x000000060000 : "alt-u-boot"
Oct 02 02:31:26 witherspoon kernel: 0x000000060000-0x000000080000 : "alt-u-boot-env"
Oct 02 02:31:26 witherspoon kernel: 0x000000080000-0x000002000000 : "alt-obmc-ubi"
Oct 02 02:31:26 witherspoon kernel: aspeed-smc 1e630000.flash-controller: mx66l1g45g (131072 Kbytes)
Oct 02 02:31:26 witherspoon kernel: aspeed-smc 1e630000.flash-controller: CE0 window resized to 120MB (AST2500 HW quirk)
Oct 02 02:31:27 witherspoon kernel: aspeed-smc 1e630000.flash-controller: CE0 window [ 0x30000000 - 0x37800000 ] 120MB
Oct 02 02:31:27 witherspoon kernel: aspeed-smc 1e630000.flash-controller: CE0 window too small for chip 128MB
Oct 02 02:31:27 witherspoon kernel: aspeed-smc 1e630000.flash-controller: CE1 window [ 0x37800000 - 0x38000000 ] 8MB
Oct 02 02:31:27 witherspoon kernel: libphy: Fixed MDIO Bus: probed
Oct 02 02:31:27 witherspoon kernel: ftgmac100 1e660000.ethernet: Read MAC address 70:e2:84:14:23:e1 from chip
Oct 02 02:31:27 witherspoon kernel: ftgmac100 1e660000.ethernet: Using NCSI interface
Oct 02 02:31:27 witherspoon kernel: ftgmac100 1e660000.ethernet eth0: irq 20, mapped at f0060000
Oct 02 02:31:27 witherspoon kernel: ehci_hcd: USB 2.0 'Enhanced' Host Controller (EHCI) Driver
Oct 02 02:31:27 witherspoon kernel: ehci-platform: EHCI generic platform driver
Oct 02 02:31:27 witherspoon kernel: i2c /dev entries driver
Oct 02 02:31:27 witherspoon kernel: aspeed-i2c-bus 1e78a0c0.i2c-bus: i2c bus 2 registered, irq 26
Oct 02 02:31:27 witherspoon kernel: aspeed-i2c-bus 1e78a100.i2c-bus: i2c bus 3 registered, irq 27
Oct 02 02:31:27 witherspoon kernel: aspeed-i2c-bus 1e78a140.i2c-bus: i2c bus 4 registered, irq 28
Oct 02 02:31:27 witherspoon kernel: aspeed-i2c-bus 1e78a180.i2c-bus: i2c bus 5 registered, irq 29
Oct 02 02:31:27 witherspoon kernel: aspeed-i2c-bus 1e78a380.i2c-bus: i2c bus 9 registered, irq 30
Oct 02 02:31:27 witherspoon kernel: aspeed-i2c-bus 1e78a3c0.i2c-bus: i2c bus 10 registered, irq 31
Oct 02 02:31:27 witherspoon kernel: rtc-rv8803 11-0032: Voltage low, temperature compensation stopped.
Oct 02 02:31:27 witherspoon kernel: rtc-rv8803 11-0032: An alarm maybe have been missed.
Oct 02 02:31:27 witherspoon kernel: rtc-rv8803 11-0032: rtc core: registered rx8900 as rtc0
Oct 02 02:31:27 witherspoon kernel: at24 11-0051: 8192 byte 24c64 EEPROM, writable, 1 bytes/write
Oct 02 02:31:27 witherspoon kernel: aspeed-i2c-bus 1e78a400.i2c-bus: i2c bus 11 registered, irq 32
Oct 02 02:31:27 witherspoon kernel: aspeed-i2c-bus 1e78a440.i2c-bus: i2c bus 12 registered, irq 33
Oct 02 02:31:27 witherspoon kernel: aspeed-i2c-bus 1e78a480.i2c-bus: i2c bus 13 registered, irq 34
Oct 02 02:31:27 witherspoon kernel: Driver for 1-wire Dallas network protocol.
Oct 02 02:31:27 witherspoon kernel: lm75 9-004a: hwmon0: sensor 'tmp275'
Oct 02 02:31:27 witherspoon kernel: ucd9000 11-0064: Device ID UCD90160|2.3.4.0000|110603
Oct 02 02:31:27 witherspoon kernel: leds-pca955x 3-0060: leds-pca955x: Using pca9552 16-bit LED driver at slave address 0x60
Oct 02 02:31:27 witherspoon kernel: leds-pca955x 3-0060: gpios 238...253
Oct 02 02:31:27 witherspoon kernel: leds-pca955x 11-0060: leds-pca955x: Using pca9552 16-bit LED driver at slave address 0x60
Oct 02 02:31:27 witherspoon kernel: leds-pca955x 11-0060: gpios 222...237
Oct 02 02:31:27 witherspoon kernel: usbcore: registered new interface driver usbhid
Oct 02 02:31:27 witherspoon kernel: usbhid: USB HID core driver
Oct 02 02:31:27 witherspoon kernel: NET: Registered protocol family 10
Oct 02 02:31:27 witherspoon kernel: Segment Routing with IPv6
Oct 02 02:31:27 witherspoon kernel: NET: Registered protocol family 17
Oct 02 02:31:27 witherspoon kernel: 8021q: 802.1Q VLAN Support v1.8
Oct 02 02:31:27 witherspoon kernel: input: gpio-keys-polled as /devices/platform/gpio-keys-polled/input/input1
Oct 02 02:31:27 witherspoon kernel: ubi0: default fastmap pool size: 25
Oct 02 02:31:27 witherspoon kernel: ubi0: default fastmap WL pool size: 12
Oct 02 02:31:27 witherspoon kernel: ubi0: attaching mtd3
Oct 02 02:31:27 witherspoon kernel: ubi0: scanning is finished
Oct 02 02:31:27 witherspoon kernel: ubi0: attached mtd3 (name "obmc-ubi", size 31 MiB)
Oct 02 02:31:27 witherspoon kernel: ubi0: PEB size: 65536 bytes (64 KiB), LEB size: 65408 bytes
Oct 02 02:31:27 witherspoon kernel: ubi0: min./max. I/O unit sizes: 1/256, sub-page size 1
Oct 02 02:31:27 witherspoon kernel: ubi0: VID header offset: 64 (aligned 64), data offset: 128
Oct 02 02:31:27 witherspoon kernel: ubi0: good PEBs: 504, bad PEBs: 0, corrupted PEBs: 0
Oct 02 02:31:27 witherspoon kernel: ubi0: user volume: 4, internal volumes: 1, max. volumes count: 128
Oct 02 02:31:27 witherspoon kernel: ubi0: max/mean erase counter: 57/47, WL threshold: 4096, image sequence number: 1358235831
Oct 02 02:31:27 witherspoon kernel: ubi0: available PEBs: 46, total reserved PEBs: 458, PEBs reserved for bad PEB handling: 0
Oct 02 02:31:27 witherspoon kernel: ubi0: background thread "ubi_bgt0d" started, PID 507
Oct 02 02:31:27 witherspoon kernel: ubi4: default fastmap pool size: 25
Oct 02 02:31:27 witherspoon kernel: ubi4: default fastmap WL pool size: 12
Oct 02 02:31:27 witherspoon kernel: ubi4: attaching mtd7
Oct 02 02:31:27 witherspoon kernel: ubi4: scanning is finished
Oct 02 02:31:27 witherspoon kernel: ubi4: attached mtd7 (name "alt-obmc-ubi", size 31 MiB)
Oct 02 02:31:27 witherspoon kernel: ubi4: PEB size: 65536 bytes (64 KiB), LEB size: 65408 bytes
Oct 02 02:31:27 witherspoon kernel: ubi4: min./max. I/O unit sizes: 1/256, sub-page size 1
Oct 02 02:31:27 witherspoon kernel: ubi4: VID header offset: 64 (aligned 64), data offset: 128
Oct 02 02:31:27 witherspoon kernel: ubi4: good PEBs: 504, bad PEBs: 0, corrupted PEBs: 0
Oct 02 02:31:27 witherspoon kernel: ubi4: user volume: 4, internal volumes: 1, max. volumes count: 128
Oct 02 02:31:27 witherspoon kernel: ubi4: max/mean erase counter: 49/38, WL threshold: 4096, image sequence number: 1358235831
Oct 02 02:31:27 witherspoon kernel: ubi4: available PEBs: 46, total reserved PEBs: 458, PEBs reserved for bad PEB handling: 0
Oct 02 02:31:27 witherspoon kernel: ubi4: background thread "ubi_bgt4d" started, PID 513
Oct 02 02:31:27 witherspoon kernel: block ubiblock0_0: created from ubi0:0(rofs-9f8a416)
Oct 02 02:31:27 witherspoon kernel: console [netcon0] enabled
Oct 02 02:31:27 witherspoon kernel: netconsole: network logging started
Oct 02 02:31:27 witherspoon kernel: input: gpio-keys as /devices/platform/gpio-keys/input/input2
Oct 02 02:31:27 witherspoon kernel: rtc-rv8803 11-0032: setting system clock to 2017-10-02 02:31:21 UTC (1506911481)
Oct 02 02:31:27 witherspoon kernel: VFS: Mounted root (squashfs filesystem) readonly on device 254:0.
Oct 02 02:31:27 witherspoon kernel: devtmpfs: mounted
Oct 02 02:31:27 witherspoon kernel: Freeing unused kernel memory: 284K
Oct 02 02:31:27 witherspoon kernel: This architecture does not have kernel memory protection.
Oct 02 02:31:27 witherspoon systemd[1]: Failed to insert module 'autofs4': No such file or directory
Oct 02 02:31:27 witherspoon systemd[1]: systemd 232 running in system mode. (+PAM -AUDIT -SELINUX -IMA -APPARMOR -SMACK +SYSVINIT -UTMP -LIBCRYPTSETUP -GCRYPT -GNUTLS +ACL +XZ -LZ4 -SECCOMP +BLKID -ELFUTILS +KMOD -IDN)
Oct 02 02:31:27 witherspoon systemd[1]: Detected architecture arm.
Oct 02 02:31:27 witherspoon systemd[1]: Set hostname to <witherspoon>.
Oct 02 02:31:27 witherspoon systemd[1]: Initializing machine ID from random generator.
Oct 02 02:31:27 witherspoon systemd[1]: Installed transient /etc/machine-id file.
Oct 02 02:31:27 witherspoon systemd[1]: [/lib/systemd/system/obmc-standby.target.requires/../witherspoon-power-supply-monitor@.service:12] Unknown lvalue 'SysLogIdentifier' in section 'Service'
Oct 02 02:31:27 witherspoon systemd[1]: [/lib/systemd/system/obmc-standby.target.requires/../witherspoon-power-supply-monitor@.service:12] Unknown lvalue 'SysLogIdentifier' in section 'Service'
Oct 02 02:31:27 witherspoon systemd[1]: Listening on udev Control Socket.
Oct 02 02:31:27 witherspoon systemd[1]: Started Dispatch Password Requests to Console Directory Watch.
Oct 02 02:31:27 witherspoon systemd[1]: Reached target Swap.
Oct 02 02:31:27 witherspoon systemd-journald[533]: Journal started
Oct 02 02:31:27 witherspoon systemd-journald[533]: Runtime journal (/run/log/journal/89d6b8cc9e454da38259f511ab0f5052) is 0B, max 0B, 0B free.
Oct 02 02:31:26 witherspoon systemd-sysctl[536]: Couldn't write '16' to 'kernel/sysrq', ignoring: No such file or directory
Oct 02 02:31:26 witherspoon systemd-sysctl[536]: Couldn't write 'fq_codel' to 'net/core/default_qdisc', ignoring: No such file or directory
Oct 02 02:31:27 witherspoon systemd[1]: Started Remount Root and Kernel File Systems.
Oct 02 02:31:27 witherspoon systemd[1]: Started Apply Kernel Variables.
Oct 02 02:31:27 witherspoon systemd[1]: Starting Create Static Device Nodes in /dev...
Oct 02 02:31:27 witherspoon systemd[1]: Started Create Static Device Nodes in /dev.
Oct 02 02:31:28 witherspoon systemd[1]: Starting udev Kernel Device Manager...
Oct 02 02:31:28 witherspoon systemd[1]: Reached target Local File Systems (Pre).
Oct 02 02:31:28 witherspoon systemd[1]: Mounting /media...
Oct 02 02:31:28 witherspoon systemd[1]: var.mount: Directory /var to mount over is not empty, mounting anyway.
Oct 02 02:31:28 witherspoon systemd[1]: Mounting /var...
Oct 02 02:31:28 witherspoon systemd[1]: Mounting /usr/local...
Oct 02 02:31:28 witherspoon systemd[1]: Mounted /media.
Oct 02 02:31:28 witherspoon systemd[1]: Mounted /usr/local.
Oct 02 02:31:28 witherspoon systemd[1]: Mounted /var.
Oct 02 02:31:28 witherspoon systemd[1]: Mounting /var/volatile...
Oct 02 02:31:28 witherspoon systemd[1]: Starting Flush Journal to Persistent Storage...
Oct 02 02:31:29 witherspoon kernel: UBIFS (ubi0:2): UBIFS: mounted UBI device 0, volume 2, name "rwfs"
Oct 02 02:31:29 witherspoon kernel: UBIFS (ubi0:2): LEB size: 65408 bytes (63 KiB), min./max. I/O unit sizes: 8 bytes/256 bytes
Oct 02 02:31:29 witherspoon kernel: UBIFS (ubi0:2): FS size: 3597440 bytes (3 MiB, 55 LEBs), journal size 719488 bytes (0 MiB, 11 LEBs)
Oct 02 02:31:29 witherspoon kernel: UBIFS (ubi0:2): reserved for root: 0 bytes (0 KiB)
Oct 02 02:31:29 witherspoon kernel: UBIFS (ubi0:2): media format: w4/r0 (latest is w5/r0), UUID F6AF7850-1C6E-4E2A-94BB-A56899CAF080, small LPT model
Oct 02 02:31:29 witherspoon kernel: UBIFS (ubi0:2): background thread "ubifs_bgt0_2" started, PID 685
Oct 02 02:31:28 witherspoon systemd[1]: Starting Prepare for overlay fs...
Oct 02 02:31:28 witherspoon systemd[1]: Mounted /var/volatile.
Oct 02 02:31:29 witherspoon systemd[1]: Started udev Coldplug all Devices.
Oct 02 02:31:29 witherspoon systemd[1]: Starting Load/Save Random Seed...
Oct 02 02:31:29 witherspoon systemd[1]: Started Load/Save Random Seed.
Oct 02 02:31:29 witherspoon systemd-journald[533]: Runtime journal (/run/log/journal/89d6b8cc9e454da38259f511ab0f5052) is 0B, max 0B, 0B free.
Oct 02 02:31:29 witherspoon systemd[1]: Started Flush Journal to Persistent Storage.
Oct 02 02:31:29 witherspoon systemd[1]: Started udev Kernel Device Manager.
Oct 02 02:31:30 witherspoon systemd[1]: Started Prepare for overlay fs.
Oct 02 02:31:30 witherspoon systemd[1]: home.mount: Directory /home to mount over is not empty, mounting anyway.
Oct 02 02:31:30 witherspoon systemd[1]: Mounting /home...
Oct 02 02:31:30 witherspoon systemd[1]: etc.mount: Directory /etc to mount over is not empty, mounting anyway.
Oct 02 02:31:30 witherspoon systemd[1]: Mounting /etc...
Oct 02 02:31:30 witherspoon systemd[1]: Mounted /home.
Oct 02 02:31:30 witherspoon systemd[1]: Mounted /etc.
Oct 02 02:31:31 witherspoon systemd[1]: Reached target Local File Systems.
Oct 02 02:31:31 witherspoon systemd[1]: Starting Create Volatile Files and Directories...
Oct 02 02:31:31 witherspoon systemd[1]: Found device /dev/aspeed-lpc-ctrl.
Oct 02 02:31:31 witherspoon systemd[1]: Started Create Volatile Files and Directories.
Oct 02 02:31:31 witherspoon systemd[1]: Found device /dev/aspeed-mbox.
Oct 02 02:31:31 witherspoon systemd[1]: Found device /dev/ttyS4.
Oct 02 02:31:31 witherspoon systemd[1]: Found device /dev/ttyVUART0.
Oct 02 02:31:31 witherspoon systemd[1]: dev-hugepages.mount: Couldn't determine result for ConditionVirtualization=!private-users, assuming failed: No such file or directory
Oct 02 02:31:31 witherspoon systemd[1]: Created slice system-xyz.openbmc_project.Hwmon.slice.
Oct 02 02:31:31 witherspoon systemd[1]: Starting Network Time Synchronization...
Oct 02 02:31:32 witherspoon systemd[1]: dev-hugepages.mount: Couldn't determine result for ConditionVirtualization=!private-users, assuming failed: No such file or directory
Oct 02 02:31:32 witherspoon systemd[1]: dev-hugepages.mount: Couldn't determine result for ConditionVirtualization=!private-users, assuming failed: No such file or directory
Oct 02 02:31:32 witherspoon systemd[1]: dev-hugepages.mount: Couldn't determine result for ConditionVirtualization=!private-users, assuming failed: No such file or directory
Oct 02 02:31:32 witherspoon systemd[1]: dev-hugepages.mount: Couldn't determine result for ConditionVirtualization=!private-users, assuming failed: No such file or directory
Oct 02 02:31:33 witherspoon systemd[1]: Started Network Time Synchronization.
Oct 02 02:31:33 witherspoon systemd[1]: Created slice system-xyz.openbmc_project.led.controller.slice.
Oct 02 02:31:33 witherspoon systemd[1]: dev-hugepages.mount: Couldn't determine result for ConditionVirtualization=!private-users, assuming failed: No such file or directory
Oct 02 02:31:33 witherspoon systemd[1]: Reached target System Time Synchronized.
Oct 02 02:31:33 witherspoon systemd[1]: Reached target System Initialization.
Oct 02 02:31:33 witherspoon systemd[1]: Started Daily Cleanup of Temporary Directories.
Oct 02 02:31:33 witherspoon systemd[1]: Reached target Timers.
Oct 02 02:31:34 witherspoon systemd[1]: Listening on Phosphor Host Console SSH Per-Connection socket.
Oct 02 02:31:34 witherspoon systemd[1]: Listening on D-Bus System Message Bus Socket.
Oct 02 02:31:34 witherspoon systemd[1]: Listening on dropbear.socket.
Oct 02 02:31:34 witherspoon systemd[1]: Listening on phosphor-ipmi-net.socket.
Oct 02 02:31:34 witherspoon systemd[1]: Listening on Avahi mDNS/DNS-SD Stack Activation Socket.
Oct 02 02:31:34 witherspoon systemd[1]: Listening on Phosphor Webserver socket.
Oct 02 02:31:34 witherspoon systemd[1]: Listening on Phosphor DBUS Browser socket.
Oct 02 02:31:34 witherspoon systemd[1]: Reached target Sockets.
Oct 02 02:31:34 witherspoon systemd[1]: Reached target Basic System.
Oct 02 02:31:34 witherspoon systemd[1]: Starting Phosphor Inventory Manager...
Oct 02 02:31:34 witherspoon systemd[1]: Starting Phosphor BMC0 Control...
Oct 02 02:31:34 witherspoon systemd[1]: Starting Phosphor Settings Daemon...
Oct 02 02:31:34 witherspoon systemd[1]: Starting Phosphor Inventory Manager...
Oct 02 02:31:34 witherspoon systemd[1]: Starting Phosphor User Manager...
Oct 02 02:31:34 witherspoon systemd[1]: Started Hardware RNG Entropy Gatherer Daemon.
Oct 02 02:31:34 witherspoon systemd[1]: Started Phosphor sysfs LED controller.
Oct 02 02:31:34 witherspoon systemd[1]: Starting Phosphor Sensor Manager...
Oct 02 02:31:34 witherspoon systemd[1]: Starting Remount the squashfs and ubi volumes after a reboot...
Oct 02 02:31:34 witherspoon systemd[1]: Starting Phosphor Download Manager...
Oct 02 02:31:34 witherspoon systemd[1]: Started Phosphor sysfs LED controller.
Oct 02 02:31:34 witherspoon systemd[1]: Starting Phosphor LED Group Management Daemon...
Oct 02 02:31:34 witherspoon systemd[1]: Starting Updates symlinks for active PNOR version...
Oct 02 02:31:34 witherspoon systemd[1]: Starting Remount the ubi volume after a reboot...
Oct 02 02:31:34 witherspoon systemd[1]: Started Phosphor sysfs LED controller.
Oct 02 02:31:35 witherspoon systemd[1]: Started Phosphor sysfs LED controller.
Oct 02 02:31:35 witherspoon systemd[1]: Started Phosphor sysfs LED controller.
Oct 02 02:31:35 witherspoon systemd[1]: Starting Phosphor Download Manager...
Oct 02 02:31:35 witherspoon systemd[1]: Starting Phosphor DBus Service Discovery Manager...
Oct 02 02:31:35 witherspoon systemd[1]: Starting Phosphor IPMI BT DBus Bridge...
Oct 02 02:31:35 witherspoon systemd[1]: Started Phosphor sysfs LED controller.
Oct 02 02:31:35 witherspoon systemd[1]: Started Phosphor sysfs LED controller.
Oct 02 02:31:35 witherspoon systemd[1]: Starting Phosphor Chassis0 Control...
Oct 02 02:31:36 witherspoon systemd[1]: Starting Phosphor Dump Manager...
Oct 02 02:31:36 witherspoon systemd[1]: Reached target Containers.
Oct 02 02:31:36 witherspoon obmc-flash-bios[962]: ls: /media/pnor-ro-*: No such file or directory
Oct 02 02:31:36 witherspoon systemd[1]: Started Phosphor sysfs LED controller.
Oct 02 02:31:36 witherspoon systemd[1]: Starting Check PNOR UBI format...
Oct 02 02:31:36 witherspoon systemd[1]: Starting Clear one time boot overrides...
Oct 02 02:31:36 witherspoon systemd[1]: Started Phosphor sysfs LED controller.
Oct 02 02:31:36 witherspoon systemd[1]: Started Phosphor sysfs LED controller.
Oct 02 02:31:37 witherspoon systemd[1]: Started System Logging Service.
Oct 02 02:31:37 witherspoon systemd[1]: Starting Phosphor Log Manager...
Oct 02 02:31:37 witherspoon systemd[1]: Starting Avahi mDNS/DNS-SD Stack...
Oct 02 02:31:37 witherspoon systemd[1]: Starting Phosphor Network Manager...
Oct 02 02:31:37 witherspoon systemd[1]: Started D-Bus System Message Bus.
Oct 02 02:31:39 witherspoon kernel: ubi: ubi0 already exists
Oct 02 02:31:39 witherspoon kernel: ubi8: default fastmap pool size: 100
Oct 02 02:31:39 witherspoon kernel: ubi8: default fastmap WL pool size: 50
Oct 02 02:31:39 witherspoon kernel: ubi8: attaching mtd8
Oct 02 02:31:39 witherspoon kernel: ubi8: scanning is finished
Oct 02 02:31:39 witherspoon kernel: ubi8: attached mtd8 (name "pnor", size 128 MiB)
Oct 02 02:31:39 witherspoon kernel: ubi8: PEB size: 65536 bytes (64 KiB), LEB size: 65408 bytes
Oct 02 02:31:39 witherspoon kernel: ubi8: min./max. I/O unit sizes: 1/256, sub-page size 1
Oct 02 02:31:39 witherspoon kernel: ubi8: VID header offset: 64 (aligned 64), data offset: 128
Oct 02 02:31:39 witherspoon kernel: ubi8: good PEBs: 2048, bad PEBs: 0, corrupted PEBs: 0
Oct 02 02:31:39 witherspoon kernel: ubi8: user volume: 6, internal volumes: 1, max. volumes count: 128
Oct 02 02:31:39 witherspoon kernel: ubi8: max/mean erase counter: 42/29, WL threshold: 4096, image sequence number: 91395301
Oct 02 02:31:39 witherspoon kernel: ubi8: available PEBs: 468, total reserved PEBs: 1580, PEBs reserved for bad PEB handling: 0
Oct 02 02:31:39 witherspoon kernel: ubi8: background thread "ubi_bgt8d" started, PID 1025
Oct 02 02:31:40 witherspoon systemd[1]: Starting Network Service...
Oct 02 02:31:40 witherspoon systemd[1]: Started Phosphor Dump core monitor..
Oct 02 02:31:40 witherspoon systemd[1]: Started Phosphor Console Muxer listening on device /dev/ttyVUART0.
Oct 02 02:31:40 witherspoon systemd[1]: Started Kernel Logging Service.
Oct 02 02:31:40 witherspoon kernel[1035]: klogd started: BusyBox v1.24.1 (2017-06-16 19:29:08 UTC)
Oct 02 02:31:40 witherspoon kernel[1035]: [    0.000000] OF: fdt:Machine model: Witherspoon BMC
Oct 02 02:31:40 witherspoon kernel[1035]: [    0.000000] Memory policy: Data cache writeback
Oct 02 02:31:40 witherspoon kernel[1035]: [    0.000000] SOC Rev: 04030303
Oct 02 02:31:40 witherspoon kernel[1035]: [    0.000000] On node 0 totalpages: 110592
Oct 02 02:31:40 witherspoon kernel[1035]: [    0.000000] free_area_init_node: node 0, pgdat 806038a4, node_mem_map 9ec1a000
Oct 02 02:31:40 witherspoon kernel[1035]: [    0.000000]   Normal zone: 992 pages used for memmap
Oct 02 02:31:40 witherspoon kernel[1035]: [    0.000000]   Normal zone: 0 pages reserved
Oct 02 02:31:40 witherspoon kernel[1035]: [    0.000000]   Normal zone: 110592 pages, LIFO batch:31
Oct 02 02:31:40 witherspoon kernel[1035]: [    0.000000] pcpu-alloc: s0 r0 d32768 u32768 alloc=1*32768
Oct 02 02:31:40 witherspoon kernel[1035]: [    0.000000] pcpu-alloc: [0] 0
Oct 02 02:31:40 witherspoon kernel[1035]: [    0.000000] Built 1 zonelists in Zone order, mobility grouping on.  Total pages: 109600
Oct 02 02:31:40 witherspoon kernel[1035]: [    0.000000] Kernel command line: console=ttyS4,115200n8 ubi.mtd=obmc-ubi,0,0,0 ubi.mtd=alt-obmc-ubi,0,0,4 ro rootfstype=squashfs ubi.block=0,0 root=/dev/ubiblock0_0
Oct 02 02:31:40 witherspoon kernel[1035]: [    0.000000] PID hash table entries: 2048 (order: 1, 8192 bytes)
Oct 02 02:31:40 witherspoon kernel[1035]: [    0.000000] Dentry cache hash table entries: 65536 (order: 6, 262144 bytes)
Oct 02 02:31:40 witherspoon kernel[1035]: [    0.000000] Inode-cache hash table entries: 32768 (order: 5, 131072 bytes)
Oct 02 02:31:40 witherspoon kernel[1035]: [    0.000000] Memory: 431960K/442368K available (4077K kernel code, 281K rwdata, 1196K rodata, 284K init, 111K bss, 10408K reserved, 0K cma-reserved)
Oct 02 02:31:40 witherspoon kernel[1035]: [    0.000000] Virtual kernel memory layout:
Oct 02 02:31:40 witherspoon kernel[1035]: [    0.000000]     vector  : 0xffff0000 - 0xffff1000   (   4 kB)
Oct 02 02:31:40 witherspoon kernel[1035]: [    0.000000]     fixmap  : 0xffc00000 - 0xfff00000   (3072 kB)
Oct 02 02:31:43 witherspoon obmc-flash-bios[958]: UBI device number 8, total 2048 LEBs (133955584 bytes, 127.8 MiB), available 468 LEBs (30610944 bytes, 29.2 MiB), LEB size 65408 bytes (63.9 KiB)
Oct 02 02:31:41 witherspoon systemd[1]: Started Updates symlinks for active PNOR version.
Oct 02 02:31:40 witherspoon kernel[1035]: [    0.000000]     vmalloc : 0x9f800000 - 0xff800000   (1536 MB)
Oct 02 02:31:41 witherspoon systemd[1]: Started Check PNOR UBI format.
Oct 02 02:31:40 witherspoon kernel[1035]: [    0.000000]     lowmem  : 0x80000000 - 0x9f000000   ( 496 MB)
Oct 02 02:31:41 witherspoon systemd[1]: Started Clear one time boot overrides.
Oct 02 02:31:40 witherspoon kernel[1035]: [    0.000000]       .text : 0x80008000 - 0x80403740   (4078 kB)
Oct 02 02:31:41 witherspoon systemd[1]: Started Phosphor IPMI BT DBus Bridge.
Oct 02 02:31:40 witherspoon kernel[1035]: [    0.000000]       .init : 0x80589000 - 0x805d0000   ( 284 kB)
Oct 02 02:31:41 witherspoon systemd[1]: Started Phosphor Download Manager.
Oct 02 02:31:40 witherspoon kernel[1035]: [    0.000000]       .data : 0x805d0000 - 0x806167a8   ( 282 kB)
Oct 02 02:31:41 witherspoon systemd[1]: Started Phosphor LED Group Management Daemon.
Oct 02 02:31:40 witherspoon kernel[1035]: [    0.000000]        .bss : 0x806167a8 - 0x80632678   ( 112 kB)
Oct 02 02:31:43 witherspoon systemd[1]: Started Phosphor Log Manager.
Oct 02 02:31:40 witherspoon kernel[1035]: [    0.000000] NR_IRQS:16 nr_irqs:16 16
Oct 02 02:31:43 witherspoon systemd[1]: Started Phosphor Dump Manager.
Oct 02 02:31:40 witherspoon kernel[1035]: [    0.000000] i2c controller registered, irq 16
Oct 02 02:31:43 witherspoon systemd[1]: Started Phosphor Settings Daemon.
Oct 02 02:31:40 witherspoon kernel[1035]: [    0.000000] clocksource: moxart_timer: mask: 0xffffffff max_cycles: 0xffffffff, max_idle_ns: 77222644334 ns
Oct 02 02:31:43 witherspoon systemd[1]: Started Avahi mDNS/DNS-SD Stack.
Oct 02 02:31:40 witherspoon kernel[1035]: [    0.000000] sched_clock: 32 bits at 100 Hz, resolution 10000000ns, wraps every 21474836475000000ns
Oct 02 02:31:44 witherspoon systemd[1]: Started Phosphor Inventory Manager.
Oct 02 02:31:40 witherspoon kernel[1035]: [    0.090000] Calibrating delay loop... 789.70 BogoMIPS (lpj=3948544)
Oct 02 02:31:40 witherspoon kernel[1035]: [    0.090000] pid_max: default: 32768 minimum: 301
Oct 02 02:31:40 witherspoon kernel[1035]: [    0.090000] Mount-cache hash table entries: 1024 (order: 0, 4096 bytes)
Oct 02 02:31:45 witherspoon kernel: ubi: ubi4 already exists
Oct 02 02:31:45 witherspoon kernel: 8021q: adding VLAN 0 to HW filter on device eth0
Oct 02 02:31:45 witherspoon systemd-networkd[1032]: Enumeration completed
Oct 02 02:31:40 witherspoon kernel[1035]: [    0.090000] Mountpoint-cache hash table entries: 1024 (order: 0, 4096 bytes)
Oct 02 02:31:45 witherspoon systemd[1]: Started Network Service.
Oct 02 02:31:40 witherspoon kernel[1035]: [    0.090000] CPU: Testing write buffer coherency: ok
Oct 02 02:31:45 witherspoon systemd[1]: Reached target Network.
Oct 02 02:31:40 witherspoon kernel[1035]: [    0.090000] ftrace: allocating 14991 entries in 44 pages
Oct 02 02:31:45 witherspoon systemd[1]: Starting Permit User Sessions...
Oct 02 02:31:40 witherspoon kernel[1035]: [    0.120000] Setting up static identity map for 0x80008200 - 0x8000825c
Oct 02 02:31:45 witherspoon systemd[1]: Started Lightweight SLP Server.
Oct 02 02:31:40 witherspoon kernel[1035]: [    0.130000] devtmpfs: initialized
Oct 02 02:31:45 witherspoon systemd-networkd[1032]: eth0: IPv6 enabled for interface: Success
Oct 02 02:31:40 witherspoon kernel[1035]: [    0.140000] clocksource: jiffies: mask: 0xffffffff max_cycles: 0xffffffff, max_idle_ns: 19112604462750000 ns
Oct 02 02:31:45 witherspoon systemd-networkd[1032]: eth0: Gained carrier
Oct 02 02:31:40 witherspoon kernel[1035]: [    0.140000] futex hash table entries: 256 (order: -1, 3072 bytes)
Oct 02 02:31:45 witherspoon systemd-timesyncd[948]: Network configuration changed, trying to establish connection.
Oct 02 02:31:40 witherspoon kernel[1035]: [    0.140000] pinctrl core: initialized pinctrl subsystem
Oct 02 02:31:45 witherspoon systemd[1]: Started Permit User Sessions.
Oct 02 02:31:40 witherspoon kernel[1035]: [    0.140000] NET: Registered protocol family 16
Oct 02 02:31:45 witherspoon systemd[1]: Started Serial Getty on ttyS4.
Oct 02 02:31:40 witherspoon kernel[1035]: [    0.140000] DMA: preallocated 256 KiB pool for atomic coherent allocations
Oct 02 02:31:45 witherspoon systemd[1]: Reached target Login Prompts.
Oct 02 02:31:40 witherspoon kernel[1035]: [    0.210000] usbcore: registered new interface driver usbfs
Oct 02 02:31:46 witherspoon systemd-networkd[1032]: eth0: Gained IPv6LL
Oct 02 02:31:40 witherspoon kernel[1035]: [    0.210000] usbcore: registered new interface driver hub
Oct 02 02:31:40 witherspoon kernel[1035]: [    0.210000] usbcore: registered new device driver usb
Oct 02 02:31:40 witherspoon kernel[1035]: [    0.220000] clocksource: Switched to clocksource moxart_timer
Oct 02 02:31:40 witherspoon kernel[1035]: [    0.240000] NET: Registered protocol family 2
Oct 02 02:31:40 witherspoon kernel[1035]: [    0.240000] TCP established hash table entries: 4096 (order: 2, 16384 bytes)
Oct 02 02:31:40 witherspoon kernel[1035]: [    0.240000] TCP bind hash table entries: 4096 (order: 2, 16384 bytes)
Oct 02 02:31:40 witherspoon kernel[1035]: [    0.240000] TCP: Hash tables configured (established 4096 bind 4096)
Oct 02 02:31:40 witherspoon kernel[1035]: [    0.240000] UDP hash table entries: 256 (order: 0, 4096 bytes)
Oct 02 02:31:40 witherspoon kernel[1035]: [    0.240000] UDP-Lite hash table entries: 256 (order: 0, 4096 bytes)
Oct 02 02:31:40 witherspoon kernel[1035]: [    0.240000] NET: Registered protocol family 1
Oct 02 02:31:40 witherspoon kernel[1035]: [    0.240000] workingset: timestamp_bits=30 max_order=17 bucket_order=0
Oct 02 02:31:40 witherspoon kernel[1035]: [    0.240000] squashfs: version 4.0 (2009/01/31) Phillip Lougher
Oct 02 02:31:40 witherspoon kernel[1035]: [    0.240000] jffs2: version 2.2. (SUMMARY)  © 2001-2006 Red Hat, Inc.
Oct 02 02:31:40 witherspoon kernel[1035]: [    0.240000] Block layer SCSI generic (bsg) driver version 0.4 loaded (major 250)
Oct 02 02:31:40 witherspoon kernel[1035]: [    0.240000] io scheduler noop registered
Oct 02 02:31:40 witherspoon kernel[1035]: [    0.240000] io scheduler deadline registered
Oct 02 02:31:40 witherspoon kernel[1035]: [    0.240000] io scheduler cfq registered (default)
Oct 02 02:31:40 witherspoon kernel[1035]: [    0.260000] ipmi-bt-host 1e789140.ibt: Found bt bmc device
Oct 02 02:31:40 witherspoon kernel[1035]: [    0.260000] ipmi-bt-host 1e789140.ibt: Using IRQ 22
Oct 02 02:31:40 witherspoon kernel[1035]: [    0.260000] Serial: 8250/16550 driver, 6 ports, IRQ sharing enabled
Oct 02 02:31:40 witherspoon kernel[1035]: [    0.290000] 1e787000.vuart: ttyS5 at MMIO 0x1e787000 (irq = 22, base_baud = 1500000) is a 16550A
Oct 02 02:31:40 witherspoon kernel[1035]: [    0.290000] 1e783000.serial: ttyS0 at MMIO 0x1e783000 (irq = 23, base_baud = 1500000) is a 16550A
Oct 02 02:31:40 witherspoon kernel[1035]: [    0.290000] 1e78d000.serial: ttyS1 at MMIO 0x1e78d000 (irq = 24, base_baud = 1500000) is a 16550A
Oct 02 02:31:40 witherspoon kernel[1035]: [    0.290000] 1e784000.serial: ttyS4 at MMIO 0x1e784000 (irq = 25, base_baud = 1500000) is a 16550A
Oct 02 02:31:40 witherspoon kernel[1035]: [    0.640000] console [ttyS4] enabled
Oct 02 02:31:40 witherspoon kernel[1035]: [    0.780000] timeriomem_rng 1e6e2078.hwrng: 32bits from 0xf00e2078 @ 1us
Oct 02 02:31:40 witherspoon kernel[1035]: [    0.800000] random: fast init done
Oct 02 02:31:40 witherspoon kernel[1035]: [    0.840000] brd: module loaded
Oct 02 02:31:40 witherspoon kernel[1035]: [    0.850000] random: crng init done
Oct 02 02:31:40 witherspoon kernel[1035]: [    0.870000] loop: module loaded
Oct 02 02:31:40 witherspoon kernel[1035]: [    0.870000] aspeed-lpc-ctrl 1e789080.lpc-ctrl: Loaded at 0x98000000 (0x04000000)
Oct 02 02:31:40 witherspoon kernel[1035]: [    0.880000] aspeed-smc 1e620000.flash-controller: Using IRQ 18
Oct 02 02:31:49 witherspoon kernel: ftgmac100 1e660000.ethernet eth0: ncsi: removed vlan tag 0 at index 1
Oct 02 02:31:49 witherspoon kernel: ftgmac100 1e660000.ethernet eth0: ncsi: removed vlan tag 0 at index 2
Oct 02 02:31:49 witherspoon kernel: ftgmac100 1e660000.ethernet eth0: no vlan ids left to set
Oct 02 02:31:49 witherspoon kernel: ftgmac100 1e660000.ethernet eth0: NCSI interface up
Oct 02 02:31:40 witherspoon kernel[1035]: [    0.880000] aspeed-smc 1e620000.flash-controller: DMA support disabled.
Oct 02 02:31:40 witherspoon kernel[1035]: [    0.900000] aspeed-smc 1e620000.flash-controller: mx25l25635e (32768 Kbytes)
Oct 02 02:31:40 witherspoon kernel[1035]: [    0.900000] aspeed-smc 1e620000.flash-controller: CE0 window [ 0x20000000 - 0x22000000 ] 32MB
Oct 02 02:31:40 witherspoon kernel[1035]: [    0.900000] aspeed-smc 1e620000.flash-controller: CE1 window [ 0x22000000 - 0x2a000000 ] 128MB
Oct 02 02:31:40 witherspoon kernel[1035]: [    0.900000] 3 ofpart partitions found on MTD device bmc
Oct 02 02:31:40 witherspoon kernel[1035]: [    0.930000] Creating 3 MTD partitions on "bmc":
Oct 02 02:31:40 witherspoon kernel[1035]: [    0.940000] 0x000000000000-0x000000060000 : "u-boot"
Oct 02 02:31:40 witherspoon kernel[1035]: [    0.940000] 0x000000060000-0x000000080000 : "u-boot-env"
Oct 02 02:31:40 witherspoon kernel[1035]: [    0.960000] 0x000000080000-0x000002000000 : "obmc-ubi"
Oct 02 02:31:40 witherspoon kernel[1035]: [    0.960000] aspeed-smc 1e620000.flash-controller: mx25l25635e (32768 Kbytes)
Oct 02 02:31:40 witherspoon kernel[1035]: [    0.970000] aspeed-smc 1e620000.flash-controller: CE1 window [ 0x22000000 - 0x24000000 ] 32MB
Oct 02 02:31:40 witherspoon kernel[1035]: [    0.970000] aspeed-smc 1e620000.flash-controller: CE2 window [ 0x24000000 - 0x2c000000 ] 128MB
Oct 02 02:31:40 witherspoon kernel[1035]: [    0.990000] 3 ofpart partitions found on MTD device alt-bmc
Oct 02 02:31:40 witherspoon kernel[1035]: [    0.990000] Creating 3 MTD partitions on "alt-bmc":
Oct 02 02:31:40 witherspoon kernel[1035]: [    0.990000] 0x000000000000-0x000000060000 : "alt-u-boot"
Oct 02 02:31:40 witherspoon kernel[1035]: [    1.010000] 0x000000060000-0x000000080000 : "alt-u-boot-env"
Oct 02 02:31:40 witherspoon kernel[1035]: [    1.020000] 0x000000080000-0x000002000000 : "alt-obmc-ubi"
Oct 02 02:31:40 witherspoon kernel[1035]: [    1.040000] aspeed-smc 1e630000.flash-controller: mx66l1g45g (131072 Kbytes)
Oct 02 02:31:40 witherspoon kernel[1035]: [    1.040000] aspeed-smc 1e630000.flash-controller: CE0 window resized to 120MB (AST2500 HW quirk)
Oct 02 02:31:40 witherspoon kernel[1035]: [    1.050000] aspeed-smc 1e630000.flash-controller: CE0 window [ 0x30000000 - 0x37800000 ] 120MB
Oct 02 02:31:40 witherspoon kernel[1035]: [    1.050000] aspeed-smc 1e630000.flash-controller: CE0 window too small for chip 128MB
Oct 02 02:31:40 witherspoon kernel[1035]: [    1.050000] aspeed-smc 1e630000.flash-controller: CE1 window [ 0x37800000 - 0x38000000 ] 8MB
Oct 02 02:31:40 witherspoon kernel[1035]: [    1.800000] libphy: Fixed MDIO Bus: probed
Oct 02 02:31:40 witherspoon kernel[1035]: [    1.800000] ftgmac100 1e660000.ethernet: Read MAC address 70:e2:84:14:23:e1 from chip
Oct 02 02:31:40 witherspoon kernel[1035]: [    1.800000] ftgmac100 1e660000.ethernet: Using NCSI interface
Oct 02 02:31:40 witherspoon kernel[1035]: [    1.800000] ftgmac100 1e660000.ethernet eth0: irq 20, mapped at f0060000
Oct 02 02:31:40 witherspoon kernel[1035]: [    1.800000] ehci_hcd: USB 2.0 'Enhanced' Host Controller (EHCI) Driver
Oct 02 02:31:40 witherspoon kernel[1035]: [    1.800000] ehci-platform: EHCI generic platform driver
Oct 02 02:31:40 witherspoon kernel[1035]: [    2.040000] i2c /dev entries driver
Oct 02 02:31:40 witherspoon kernel[1035]: [    2.040000] aspeed-i2c-bus 1e78a0c0.i2c-bus: i2c bus 2 registered, irq 26
Oct 02 02:31:40 witherspoon kernel[1035]: [    2.040000] aspeed-i2c-bus 1e78a100.i2c-bus: i2c bus 3 registered, irq 27
Oct 02 02:31:40 witherspoon kernel[1035]: [    2.040000] aspeed-i2c-bus 1e78a140.i2c-bus: i2c bus 4 registered, irq 28
Oct 02 02:31:40 witherspoon kernel[1035]: [    2.040000] aspeed-i2c-bus 1e78a180.i2c-bus: i2c bus 5 registered, irq 29
Oct 02 02:31:40 witherspoon kernel[1035]: [    2.040000] aspeed-i2c-bus 1e78a380.i2c-bus: i2c bus 9 registered, irq 30
Oct 02 02:31:40 witherspoon kernel[1035]: [    2.040000] aspeed-i2c-bus 1e78a3c0.i2c-bus: i2c bus 10 registered, irq 31
Oct 02 02:31:40 witherspoon kernel[1035]: [    2.040000] rtc-rv8803 11-0032: Voltage low, temperature compensation stopped.
Oct 02 02:31:40 witherspoon kernel[1035]: [    2.040000] rtc-rv8803 11-0032: An alarm maybe have been missed.
Oct 02 02:31:40 witherspoon kernel[1035]: [    2.150000] rtc-rv8803 11-0032: rtc core: registered rx8900 as rtc0
Oct 02 02:31:40 witherspoon kernel[1035]: [    2.160000] at24 11-0051: 8192 byte 24c64 EEPROM, writable, 1 bytes/write
Oct 02 02:31:50 witherspoon systemd[1]: Started Phosphor BMC0 Control.
Oct 02 02:31:40 witherspoon kernel[1035]: [    2.160000] aspeed-i2c-bus 1e78a400.i2c-bus: i2c bus 11 registered, irq 32
Oct 02 02:31:40 witherspoon kernel[1035]: [    2.160000] aspeed-i2c-bus 1e78a440.i2c-bus: i2c bus 12 registered, irq 33
Oct 02 02:31:40 witherspoon kernel[1035]: [    2.160000] aspeed-i2c-bus 1e78a480.i2c-bus: i2c bus 13 registered, irq 34
Oct 02 02:31:40 witherspoon kernel[1035]: [    2.160000] Driver for 1-wire Dallas network protocol.
Oct 02 02:31:40 witherspoon kernel[1035]: [    2.160000] lm75 9-004a: hwmon0: sensor 'tmp275'
Oct 02 02:31:40 witherspoon kernel[1035]: [    3.920000] ucd9000 11-0064: Device ID UCD90160|2.3.4.0000|110603
Oct 02 02:31:40 witherspoon kernel[1035]: [    4.630000] leds-pca955x 3-0060: leds-pca955x: Using pca9552 16-bit LED driver at slave address 0x60
Oct 02 02:31:40 witherspoon kernel[1035]: [    4.640000] leds-pca955x 3-0060: gpios 238...253
Oct 02 02:31:40 witherspoon kernel[1035]: [    4.640000] leds-pca955x 11-0060: leds-pca955x: Using pca9552 16-bit LED driver at slave address 0x60
Oct 02 02:31:40 witherspoon kernel[1035]: [    4.660000] leds-pca955x 11-0060: gpios 222...237
Oct 02 02:31:40 witherspoon kernel[1035]: [    4.660000] usbcore: registered new interface driver usbhid
Oct 02 02:31:40 witherspoon kernel[1035]: [    4.670000] usbhid: USB HID core driver
Oct 02 02:31:40 witherspoon kernel[1035]: [    4.720000] NET: Registered protocol family 10
Oct 02 02:31:40 witherspoon kernel[1035]: [    4.720000] Segment Routing with IPv6
Oct 02 02:31:40 witherspoon kernel[1035]: [    4.730000] NET: Registered protocol family 17
Oct 02 02:31:40 witherspoon kernel[1035]: [    4.730000] 8021q: 802.1Q VLAN Support v1.8
Oct 02 02:31:40 witherspoon kernel[1035]: [    4.740000] input: gpio-keys-polled as /devices/platform/gpio-keys-polled/input/input1
Oct 02 02:31:40 witherspoon kernel[1035]: [    4.770000] ubi0: default fastmap pool size: 25
Oct 02 02:31:40 witherspoon kernel[1035]: [    4.780000] ubi0: default fastmap WL pool size: 12
Oct 02 02:31:40 witherspoon kernel[1035]: [    4.780000] ubi0: attaching mtd3
Oct 02 02:31:40 witherspoon kernel[1035]: [    4.790000] ubi0: scanning is finished
Oct 02 02:31:40 witherspoon kernel[1035]: [    4.810000] ubi0: attached mtd3 (name "obmc-ubi", size 31 MiB)
Oct 02 02:31:40 witherspoon kernel[1035]: [    4.810000] ubi0: PEB size: 65536 bytes (64 KiB), LEB size: 65408 bytes
Oct 02 02:31:40 witherspoon kernel[1035]: [    4.830000] ubi0: min./max. I/O unit sizes: 1/256, sub-page size 1
Oct 02 02:31:40 witherspoon kernel[1035]: [    4.830000] ubi0: VID header offset: 64 (aligned 64), data offset: 128
Oct 02 02:31:40 witherspoon kernel[1035]: [    4.830000] ubi0: good PEBs: 504, bad PEBs: 0, corrupted PEBs: 0
Oct 02 02:31:40 witherspoon kernel[1035]: [    4.830000] ubi0: user volume: 4, internal volumes: 1, max. volumes count: 128
Oct 02 02:31:40 witherspoon kernel[1035]: [    4.860000] ubi0: max/mean erase counter: 57/47, WL threshold: 4096, image sequence number: 1358235831
Oct 02 02:31:40 witherspoon kernel[1035]: [    4.860000] ubi0: available PEBs: 46, total reserved PEBs: 458, PEBs reserved for bad PEB handling: 0
Oct 02 02:31:40 witherspoon kernel[1035]: [    4.860000] ubi0: background thread "ubi_bgt0d" started, PID 507
Oct 02 02:31:40 witherspoon kernel[1035]: [    4.860000] ubi4: default fastmap pool size: 25
Oct 02 02:31:40 witherspoon kernel[1035]: [    4.860000] ubi4: default fastmap WL pool size: 12
Oct 02 02:31:40 witherspoon kernel[1035]: [    4.890000] ubi4: attaching mtd7
Oct 02 02:31:40 witherspoon kernel[1035]: [    4.930000] ubi4: scanning is finished
Oct 02 02:31:40 witherspoon kernel[1035]: [    4.970000] ubi4: attached mtd7 (name "alt-obmc-ubi", size 31 MiB)
Oct 02 02:31:40 witherspoon kernel[1035]: [    4.970000] ubi4: PEB size: 65536 bytes (64 KiB), LEB size: 65408 bytes
Oct 02 02:31:40 witherspoon kernel[1035]: [    4.970000] ubi4: min./max. I/O unit sizes: 1/256, sub-page size 1
Oct 02 02:31:40 witherspoon kernel[1035]: [    4.970000] ubi4: VID header offset: 64 (aligned 64), data offset: 128
Oct 02 02:31:40 witherspoon kernel[1035]: [    4.970000] ubi4: good PEBs: 504, bad PEBs: 0, corrupted PEBs: 0
Oct 02 02:31:40 witherspoon kernel[1035]: [    5.020000] ubi4: user volume: 4, internal volumes: 1, max. volumes count: 128
Oct 02 02:31:40 witherspoon kernel[1035]: [    5.020000] ubi4: max/mean erase counter: 49/38, WL threshold: 4096, image sequence number: 1358235831
Oct 02 02:31:40 witherspoon kernel[1035]: [    5.020000] ubi4: available PEBs: 46, total reserved PEBs: 458, PEBs reserved for bad PEB handling: 0
Oct 02 02:31:40 witherspoon kernel[1035]: [    5.020000] ubi4: background thread "ubi_bgt4d" started, PID 513
Oct 02 02:31:40 witherspoon kernel[1035]: [    7.830000] block ubiblock0_0: created from ubi0:0(rofs-9f8a416)
Oct 02 02:31:40 witherspoon kernel[1035]: [    7.830000] console [netcon0] enabled
Oct 02 02:31:40 witherspoon kernel[1035]: [    7.830000] netconsole: network logging started
Oct 02 02:31:40 witherspoon kernel[1035]: [    7.830000] input: gpio-keys as /devices/platform/gpio-keys/input/input2
Oct 02 02:31:40 witherspoon kernel[1035]: [    7.830000] rtc-rv8803 11-0032: setting system clock to 2017-10-02 02:31:21 UTC (1506911481)
Oct 02 02:31:40 witherspoon kernel[1035]: [    7.830000] VFS: Mounted root (squashfs filesystem) readonly on device 254:0.
Oct 02 02:31:40 witherspoon kernel[1035]: [    7.830000] devtmpfs: mounted
Oct 02 02:31:40 witherspoon kernel[1035]: [    7.830000] Freeing unused kernel memory: 284K
Oct 02 02:31:40 witherspoon kernel[1035]: [    7.830000] This architecture does not have kernel memory protection.
Oct 02 02:31:40 witherspoon kernel[1035]: [    9.680000] systemd[1]: Failed to insert module 'autofs4': No such file or directory
Oct 02 02:31:40 witherspoon kernel[1035]: [    9.680000] systemd[1]: systemd 232 running in system mode. (+PAM -AUDIT -SELINUX -IMA -APPARMOR -SMACK +SYSVINIT -UTMP -LIBCRYPTSETUP -GCRYPT -GNUTLS +ACL +XZ -LZ4 -SECCOMP +BLKID -ELFUTILS +KMOD -IDN)
Oct 02 02:31:40 witherspoon kernel[1035]: [    9.680000] systemd[1]: Detected architecture arm.
Oct 02 02:31:40 witherspoon kernel[1035]: [    9.940000] systemd[1]: Set hostname to <witherspoon>.
Oct 02 02:31:40 witherspoon kernel[1035]: [    9.970000] systemd[1]: Initializing machine ID from random generator.
Oct 02 02:31:40 witherspoon kernel[1035]: [    9.970000] systemd[1]: Installed transient /etc/machine-id file.
Oct 02 02:31:40 witherspoon kernel[1035]: [   10.820000] systemd[1]: [/lib/systemd/system/obmc-standby.target.requires/../witherspoon-power-supply-monitor@.service:12] Unknown lvalue 'SysLogIdentifier' in section 'Service'
Oct 02 02:31:40 witherspoon kernel[1035]: [   10.820000] systemd[1]: [/lib/systemd/system/obmc-standby.target.requires/../witherspoon-power-supply-monitor@.service:12] Unknown lvalue 'SysLogIdentifier' in section 'Service'
Oct 02 02:31:40 witherspoon kernel[1035]: [   11.620000] systemd[1]: Listening on udev Control Socket.
Oct 02 02:31:40 witherspoon kernel[1035]: [   11.750000] systemd[1]: Started Dispatch Password Requests to Console Directory Watch.
Oct 02 02:31:40 witherspoon kernel[1035]: [   11.790000] systemd[1]: Reached target Swap.
Oct 02 02:31:40 witherspoon kernel[1035]: [   14.900000] UBIFS (ubi0:2): UBIFS: mounted UBI device 0, volume 2, name "rwfs"
Oct 02 02:31:40 witherspoon kernel[1035]: [   14.900000] UBIFS (ubi0:2): LEB size: 65408 bytes (63 KiB), min./max. I/O unit sizes: 8 bytes/256 bytes
Oct 02 02:31:40 witherspoon kernel[1035]: [   14.900000] UBIFS (ubi0:2): FS size: 3597440 bytes (3 MiB, 55 LEBs), journal size 719488 bytes (0 MiB, 11 LEBs)
Oct 02 02:31:40 witherspoon kernel[1035]: [   14.900000] UBIFS (ubi0:2): reserved for root: 0 bytes (0 KiB)
Oct 02 02:31:40 witherspoon kernel[1035]: [   14.900000] UBIFS (ubi0:2): media format: w4/r0 (latest is w5/r0), UUID F6AF7850-1C6E-4E2A-94BB-A56899CAF080, small LPT model
Oct 02 02:31:40 witherspoon kernel[1035]: [   15.050000] UBIFS (ubi0:2): background thread "ubifs_bgt0_2" started, PID 685
Oct 02 02:31:40 witherspoon kernel[1035]: [   15.950000] systemd-journald[533]: Received request to flush runtime journal from PID 1
Oct 02 02:31:40 witherspoon kernel[1035]: [   24.690000] ubi: ubi0 already exists
Oct 02 02:31:40 witherspoon kernel[1035]: [   25.840000] ubi8: default fastmap pool size: 100
Oct 02 02:31:40 witherspoon kernel[1035]: [   25.840000] ubi8: default fastmap WL pool size: 50
Oct 02 02:31:40 witherspoon kernel[1035]: [   25.840000] ubi8: attaching mtd8
Oct 02 02:31:40 witherspoon kernel[1035]: [   25.840000] ubi8: scanning is finished
Oct 02 02:31:40 witherspoon kernel[1035]: [   25.840000] ubi8: attached mtd8 (name "pnor", size 128 MiB)
Oct 02 02:31:40 witherspoon kernel[1035]: [   25.840000] ubi8: PEB size: 65536 bytes (64 KiB), LEB size: 65408 bytes
Oct 02 02:31:40 witherspoon kernel[1035]: [   25.840000] ubi8: min./max. I/O unit sizes: 1/256, sub-page size 1
Oct 02 02:31:40 witherspoon kernel[1035]: [   25.840000] ubi8: VID header offset: 64 (aligned 64), data offset: 128
Oct 02 02:31:40 witherspoon kernel[1035]: [   25.840000] ubi8: good PEBs: 2048, bad PEBs: 0, corrupted PEBs: 0
Oct 02 02:31:40 witherspoon kernel[1035]: [   25.840000] ubi8: user volume: 6, internal volumes: 1, max. volumes count: 128
Oct 02 02:31:40 witherspoon kernel[1035]: [   25.840000] ubi8: max/mean erase counter: 42/29, WL threshold: 4096, image sequence number: 91395301
Oct 02 02:31:40 witherspoon kernel[1035]: [   25.840000] ubi8: available PEBs: 468, total reserved PEBs: 1580, PEBs reserved for bad PEB handling: 0
Oct 02 02:31:40 witherspoon kernel[1035]: [   26.020000] ubi8: background thread "ubi_bgt8d" started, PID 1025
Oct 02 02:31:43 witherspoon avahi-daemon[993]: Found user 'avahi' (UID 999) and group 'avahi' (GID 999).
Oct 02 02:31:43 witherspoon avahi-daemon[993]: Successfully dropped root privileges.
Oct 02 02:31:43 witherspoon avahi-daemon[993]: avahi-daemon 0.6.32 starting up.
Oct 02 02:31:43 witherspoon avahi-daemon[993]: Successfully called chroot().
Oct 02 02:31:43 witherspoon avahi-daemon[993]: Successfully dropped remaining capabilities.
Oct 02 02:31:43 witherspoon avahi-daemon[993]: Loading service file /services/obmc_console.service.
Oct 02 02:31:43 witherspoon avahi-daemon[993]: Loading service file /services/phosphor_rest.service.
Oct 02 02:31:43 witherspoon avahi-daemon[993]: Loading service file /services/sftp-ssh.service.
Oct 02 02:31:43 witherspoon avahi-daemon[993]: Loading service file /services/sftp.service.
Oct 02 02:31:43 witherspoon avahi-daemon[993]: Loading service file /services/ssh.service.
Oct 02 02:31:43 witherspoon avahi-daemon[993]: Network interface enumeration completed.
Oct 02 02:31:43 witherspoon avahi-daemon[993]: Server startup complete. Host name is witherspoon.local. Local service cookie is 334987214.
Oct 02 02:31:43 witherspoon avahi-daemon[993]: Service "witherspoon" (/services/ssh.service) successfully established.
Oct 02 02:31:43 witherspoon avahi-daemon[993]: Service "sftp" (/services/sftp.service) successfully established.
Oct 02 02:31:43 witherspoon avahi-daemon[993]: Service "witherspoon" (/services/sftp-ssh.service) successfully established.
Oct 02 02:31:43 witherspoon avahi-daemon[993]: Service "phosphor_rest" (/services/phosphor_rest.service) successfully established.
Oct 02 02:31:43 witherspoon avahi-daemon[993]: Service "obmc_console" (/services/obmc_console.service) successfully established.
Oct 02 02:31:45 witherspoon avahi-daemon[993]: Joining mDNS multicast group on interface eth0.IPv4 with address 9.3.86.161.
Oct 02 02:31:45 witherspoon avahi-daemon[993]: New relevant interface eth0.IPv4 for mDNS.
Oct 02 02:31:45 witherspoon avahi-daemon[993]: Registering new address record for 9.3.86.161 on eth0.IPv4.
Oct 02 02:31:45 witherspoon kernel[1035]: [   28.470000] ubi: ubi4 already exists
Oct 02 02:31:45 witherspoon kernel[1035]: [   31.850000] 8021q: adding VLAN 0 to HW filter on device eth0
Oct 02 02:31:46 witherspoon avahi-daemon[993]: Joining mDNS multicast group on interface eth0.IPv6 with address fe80::72e2:84ff:fe14:23e1.
Oct 02 02:31:46 witherspoon avahi-daemon[993]: New relevant interface eth0.IPv6 for mDNS.
Oct 02 02:31:46 witherspoon avahi-daemon[993]: Registering new address record for fe80::72e2:84ff:fe14:23e1 on eth0.*.
Oct 02 02:31:49 witherspoon kernel[1035]: [   35.840000] ftgmac100 1e660000.ethernet eth0: ncsi: removed vlan tag 0 at index 1
Oct 02 02:31:49 witherspoon kernel[1035]: [   35.840000] ftgmac100 1e660000.ethernet eth0: ncsi: removed vlan tag 0 at index 2
Oct 02 02:31:49 witherspoon kernel[1035]: [   35.840000] ftgmac100 1e660000.ethernet eth0: no vlan ids left to set
Oct 02 02:31:49 witherspoon kernel[1035]: [   35.840000] ftgmac100 1e660000.ethernet eth0: NCSI interface up
Oct 02 02:31:55 witherspoon systemd[1]: Created slice system-dropbear.slice.
Oct 02 02:31:55 witherspoon systemd[1]: Started SSH Per-Connection Server (9.41.165.94:59666).
Oct 02 02:31:57 witherspoon dropbear[1075]: Failed loading /var/lib/dropbear/dropbear_rsa_host_key
Oct 02 02:31:57 witherspoon dropbear[1075]: Failed loading /etc/dropbear/dropbear_dss_host_key
Oct 02 02:31:57 witherspoon dropbear[1075]: Failed loading /etc/dropbear/dropbear_ecdsa_host_key
Oct 02 02:31:57 witherspoon dropbear[1075]: Child connection from ::ffff:9.41.165.94:59666
Oct 02 02:31:59 witherspoon systemd-networkd[1032]: eth0: Configured
Oct 02 02:31:59 witherspoon systemd-timesyncd[948]: Network configuration changed, trying to establish connection.
Oct 02 02:32:00 witherspoon kernel: block ubiblock8_0: created from ubi8:0(pnor-ro-7a9ef57c)
Oct 02 02:32:00 witherspoon kernel[1035]: [   46.600000] block ubiblock8_0: created from ubi8:0(pnor-ro-7a9ef57c)
Oct 02 02:32:04 witherspoon dropbear[1075]: PAM password auth succeeded for 'root' from ::ffff:9.41.165.94:59666
Oct 02 02:32:09 witherspoon systemd[1]: Started Phosphor Chassis0 Control.
Oct 02 02:32:09 witherspoon chassis_control.py[974]: Running ChassisControlService
Oct 02 02:32:09 witherspoon sensor_manager2.py[957]: Setting boot count to 3
Oct 02 02:32:09 witherspoon systemd[1]: Started Phosphor Sensor Manager.
Oct 02 02:32:09 witherspoon sensor_manager2.py[957]: Starting sensor manager
Oct 02 02:32:09 witherspoon inventory_items.py[950]: Loading from cache: /var/cache/obmc/org.openbmc.inventory.system.chassis.motherboard.bmc@org.openbmc.InventoryItem.props
Oct 02 02:32:09 witherspoon inventory_items.py[950]: Caching: /org/openbmc/inventory/system/chassis/motherboard/bmc
Oct 02 02:32:10 witherspoon systemd[1]: Started Phosphor Download Manager.
Oct 02 02:32:10 witherspoon download_manager.py[959]: Running Download Manager
Oct 02 02:32:11 witherspoon systemd[1]: Started Phosphor Inventory Manager.
Oct 02 02:32:11 witherspoon inventory_items.py[950]: Running Inventory Manager
Oct 02 02:32:12 witherspoon systemd[1]: Started Phosphor User Manager.
Oct 02 02:32:12 witherspoon obmc-phosphor-userd[954]: Started
Oct 02 02:32:13 witherspoon kernel: block ubiblock8_1: created from ubi8:1(pnor-ro-8764baa3)
Oct 02 02:32:13 witherspoon kernel[1035]: [   59.290000] block ubiblock8_1: created from ubi8:1(pnor-ro-8764baa3)
Oct 02 02:32:13 witherspoon kernel: UBIFS (ubi8:2): UBIFS: mounted UBI device 8, volume 2, name "pnor-prsv"
Oct 02 02:32:13 witherspoon kernel: UBIFS (ubi8:2): LEB size: 65408 bytes (63 KiB), min./max. I/O unit sizes: 8 bytes/256 bytes
Oct 02 02:32:13 witherspoon kernel: UBIFS (ubi8:2): FS size: 1504384 bytes (1 MiB, 23 LEBs), journal size 523265 bytes (0 MiB, 6 LEBs)
Oct 02 02:32:13 witherspoon kernel: UBIFS (ubi8:2): reserved for root: 71055 bytes (69 KiB)
Oct 02 02:32:13 witherspoon kernel: UBIFS (ubi8:2): media format: w5/r0 (latest is w5/r0), UUID 36B3B1E1-197C-4042-A5BB-1F5E6D63DF0B, small LPT model
Oct 02 02:32:13 witherspoon kernel: UBIFS (ubi8:4): UBIFS: mounted UBI device 8, volume 4, name "pnor-rw-8764baa3"
Oct 02 02:32:13 witherspoon kernel: UBIFS (ubi8:4): LEB size: 65408 bytes (63 KiB), min./max. I/O unit sizes: 8 bytes/256 bytes
Oct 02 02:32:13 witherspoon kernel: UBIFS (ubi8:4): FS size: 16155776 bytes (15 MiB, 247 LEBs), journal size 784896 bytes (0 MiB, 12 LEBs)
Oct 02 02:32:13 witherspoon kernel: UBIFS (ubi8:4): reserved for root: 763076 bytes (745 KiB)
Oct 02 02:32:13 witherspoon kernel: UBIFS (ubi8:4): media format: w5/r0 (latest is w5/r0), UUID F587F7F2-1BEE-4E77-9577-250237C0F0BC, small LPT model
Oct 02 02:32:13 witherspoon kernel: UBIFS (ubi8:4): background thread "ubifs_bgt8_4" started, PID 1121
Oct 02 02:32:13 witherspoon kernel: UBIFS (ubi8:5): UBIFS: mounted UBI device 8, volume 5, name "pnor-rw-7a9ef57c"
Oct 02 02:32:13 witherspoon kernel: UBIFS (ubi8:5): LEB size: 65408 bytes (63 KiB), min./max. I/O unit sizes: 8 bytes/256 bytes
Oct 02 02:32:13 witherspoon kernel: UBIFS (ubi8:5): FS size: 16155776 bytes (15 MiB, 247 LEBs), journal size 784896 bytes (0 MiB, 12 LEBs)
Oct 02 02:32:13 witherspoon kernel: UBIFS (ubi8:5): reserved for root: 763076 bytes (745 KiB)
Oct 02 02:32:13 witherspoon kernel: UBIFS (ubi8:5): media format: w5/r0 (latest is w5/r0), UUID 904AA0DA-EE42-403C-B44D-8FB80359592C, small LPT model
Oct 02 02:32:13 witherspoon kernel[1035]: [   59.800000] UBIFS (ubi8:2): UBIFS: mounted UBI device 8, volume 2, name "pnor-prsv"
Oct 02 02:32:13 witherspoon kernel[1035]: [   59.800000] UBIFS (ubi8:2): LEB size: 65408 bytes (63 KiB), min./max. I/O unit sizes: 8 bytes/256 bytes
Oct 02 02:32:13 witherspoon kernel[1035]: [   59.800000] UBIFS (ubi8:2): FS size: 1504384 bytes (1 MiB, 23 LEBs), journal size 523265 bytes (0 MiB, 6 LEBs)
Oct 02 02:32:13 witherspoon kernel[1035]: [   59.800000] UBIFS (ubi8:2): reserved for root: 71055 bytes (69 KiB)
Oct 02 02:32:13 witherspoon kernel[1035]: [   59.800000] UBIFS (ubi8:2): media format: w5/r0 (latest is w5/r0), UUID 36B3B1E1-197C-4042-A5BB-1F5E6D63DF0B, small LPT model
Oct 02 02:32:13 witherspoon kernel[1035]: [   59.800000] UBIFS (ubi8:4): UBIFS: mounted UBI device 8, volume 4, name "pnor-rw-8764baa3"
Oct 02 02:32:13 witherspoon kernel[1035]: [   59.800000] UBIFS (ubi8:4): LEB size: 65408 bytes (63 KiB), min./max. I/O unit sizes: 8 bytes/256 bytes
Oct 02 02:32:13 witherspoon kernel[1035]: [   59.800000] UBIFS (ubi8:4): FS size: 16155776 bytes (15 MiB, 247 LEBs), journal size 784896 bytes (0 MiB, 12 LEBs)
Oct 02 02:32:13 witherspoon kernel[1035]: [   59.800000] UBIFS (ubi8:4): reserved for root: 763076 bytes (745 KiB)
Oct 02 02:32:13 witherspoon kernel[1035]: [   59.800000] UBIFS (ubi8:4): media format: w5/r0 (latest is w5/r0), UUID F587F7F2-1BEE-4E77-9577-250237C0F0BC, small LPT model
Oct 02 02:32:13 witherspoon kernel[1035]: [   59.800000] UBIFS (ubi8:4): background thread "ubifs_bgt8_4" started, PID 1121
Oct 02 02:32:13 witherspoon kernel[1035]: [   59.800000] UBIFS (ubi8:5): UBIFS: mounted UBI device 8, volume 5, name "pnor-rw-7a9ef57c"
Oct 02 02:32:13 witherspoon kernel[1035]: [   59.800000] UBIFS (ubi8:5): LEB size: 65408 bytes (63 KiB), min./max. I/O unit sizes: 8 bytes/256 bytes
Oct 02 02:32:13 witherspoon kernel[1035]: [   59.800000] UBIFS (ubi8:5): FS size: 16155776 bytes (15 MiB, 247 LEBs), journal size 784896 bytes (0 MiB, 12 LEBs)
Oct 02 02:32:13 witherspoon kernel[1035]: [   59.800000] UBIFS (ubi8:5): reserved for root: 763076 bytes (745 KiB)
Oct 02 02:32:13 witherspoon kernel[1035]: [   59.800000] UBIFS (ubi8:5): media format: w5/r0 (latest is w5/r0), UUID 904AA0DA-EE42-403C-B44D-8FB80359592C, small LPT model
Oct 02 02:32:14 witherspoon phosphor-mapper[968]: ObjectMapper startup complete.  Discovery in progress...
Oct 02 02:32:14 witherspoon kernel: UBIFS (ubi8:5): background thread "ubifs_bgt8_5" started, PID 1129
Oct 02 02:32:14 witherspoon kernel: UBIFS (ubi8:2): background thread "ubifs_bgt8_2" started, PID 1108
Oct 02 02:32:14 witherspoon kernel[1035]: [   60.320000] UBIFS (ubi8:5): background thread "ubifs_bgt8_5" started, PID 1129
Oct 02 02:32:14 witherspoon kernel[1035]: [   60.320000] UBIFS (ubi8:2): background thread "ubifs_bgt8_2" started, PID 1108
Oct 02 02:32:14 witherspoon netman.py[994]: Started
Oct 02 02:32:14 witherspoon systemd[1]: Started Remount the squashfs and ubi volumes after a reboot.
Oct 02 02:32:14 witherspoon systemd[1]: Started Phosphor Network Manager.
Oct 02 02:32:15 witherspoon avahi-daemon[1061]: ../../avahi-0.6.32/avahi-daemon/chroot.c: open() failed: No such file or directory
Oct 02 02:32:15 witherspoon avahi-daemon[993]: Failed to open /usr/share/dbus-1/interfaces/org.freedesktop.Avahi.Server.xml: Invalid argument
Oct 02 02:32:15 witherspoon avahi-daemon[993]: Failed to load introspection data.
Oct 02 02:32:28 witherspoon systemd[1]: Started Remount the ubi volume after a reboot.
Oct 02 02:32:28 witherspoon systemd[1]: Reached target Multi-User System.
Oct 02 02:32:28 witherspoon kernel: block ubiblock4_0: created from ubi4:0(rofs-aca3ebd6)
Oct 02 02:32:28 witherspoon kernel[1035]: [   74.000000] block ubiblock4_0: created from ubi4:0(rofs-aca3ebd6)
Oct 02 02:32:32 witherspoon phosphor-mapper[968]: ObjectMapper discovery complete
Oct 02 02:32:32 witherspoon systemd[1]: Started Phosphor DBus Service Discovery Manager.
Oct 02 02:32:32 witherspoon systemd[1]: Started Phosphor Hwmon Poller.
Oct 02 02:32:32 witherspoon systemd[1]: Started Phosphor Hwmon Poller.
Oct 02 02:32:32 witherspoon systemd[1]: Started Phosphor Hwmon Poller.
Oct 02 02:32:32 witherspoon systemd[1]: Reached target Phosphor Object Mapper.
Oct 02 02:32:32 witherspoon systemd[1]: Starting Wait for /org/openbmc/control/power0...
Oct 02 02:32:32 witherspoon systemd[1]: Starting Wait for /xyz/openbmc_project/inventory...
Oct 02 02:32:32 witherspoon systemd[1]: Starting Wait for /xyz/openbmc_project/inventory/system/chassis/power_supply0...
Oct 02 02:32:32 witherspoon systemd[1]: Starting Wait for /xyz/openbmc_project/control/host0/boot...
Oct 02 02:32:32 witherspoon systemd[1]: Starting OpenPower Software Update Manager...
Oct 02 02:32:32 witherspoon systemd[1]: Starting Wait for /xyz/openbmc_project/led/groups/bmc_booted...
Oct 02 02:32:32 witherspoon systemd[1]: Starting Wait for /org/openbmc/managers/System...
Oct 02 02:32:32 witherspoon systemd[1]: Starting Wait for /xyz/openbmc_project/led/groups...
Oct 02 02:32:32 witherspoon systemd[1]: Starting OpenBMC Software Update Manager...
Oct 02 02:32:32 witherspoon systemd[1]: Starting Wait for /xyz/openbmc_project/state/chassis0...
Oct 02 02:32:32 witherspoon systemd[1]: Starting Wait for /xyz/openbmc_project/control/host0/restriction_mode...
Oct 02 02:32:32 witherspoon systemd[1]: Starting Wait for /xyz/openbmc_project/control/host0/boot/one_time...
Oct 02 02:32:32 witherspoon systemd[1]: Starting Wait for /xyz/openbmc_project/control/host0/power_restore_policy...
Oct 02 02:32:32 witherspoon systemd[1]: Starting Wait for /xyz/openbmc_project/time/owner...
Oct 02 02:32:32 witherspoon systemd[1]: Starting Wait for /xyz/openbmc_project/time/sync_method...
Oct 02 02:32:32 witherspoon systemd[1]: Starting Wait for /xyz/openbmc_project/inventory/system/chassis/power_supply1...
Oct 02 02:32:32 witherspoon systemd[1]: Reached target Webserver (pre).
Oct 02 02:32:32 witherspoon systemd[1]: Started Phosphor Webserver.
Oct 02 02:32:32 witherspoon systemd[1]: Starting Wait for /xyz/openbmc_project/state/host0...
Oct 02 02:32:32 witherspoon systemd[1]: Starting Wait for /xyz/openbmc_project/control/host0...
Oct 02 02:32:32 witherspoon systemd[1]: Started Phosphor DBus Monitor.
Oct 02 02:32:32 witherspoon systemd[1]: Starting Wait for /xyz/openbmc_project/control/host0/auto_reboot...
Oct 02 02:32:32 witherspoon systemd[1]: Starting Phosphor Network Manager...
Oct 02 02:32:32 witherspoon systemd[1]: Starting Phoshpor System Manager...
Oct 02 02:32:32 witherspoon systemd[1]: Starting Phosphor Settings Manager...
Oct 02 02:32:32 witherspoon systemd[1]: Starting Wait for /org/openbmc/NetworkManager/Interface...
Oct 02 02:32:32 witherspoon systemd[1]: Starting Wait for /org/openbmc/control/bmc0...
Oct 02 02:32:32 witherspoon systemd[1]: Starting Wait for /org/openbmc/managers/Download...
Oct 02 02:32:32 witherspoon systemd[1]: Started Phosphor Hwmon Poller.
Oct 02 02:32:32 witherspoon systemd[1]: Started Phosphor Hwmon Poller.
Oct 02 02:32:32 witherspoon systemd[1]: Started Phosphor Hwmon Poller.
Oct 02 02:32:32 witherspoon systemd[1]: Started Phosphor Hwmon Poller.
Oct 02 02:32:32 witherspoon systemd[1]: Started Phosphor Hwmon Poller.
Oct 02 02:32:37 witherspoon systemd[1]: Started Wait for /xyz/openbmc_project/time/sync_method.
Oct 02 02:32:40 witherspoon phosphor-network-manager[1174]: ConfigParser: Key not found
Oct 02 02:32:40 witherspoon phosphor-network-manager[1174]: The operation failed internally.
Oct 02 02:32:40 witherspoon phosphor-network-manager[1174]: Exception occured during getting of DHCP value
Oct 02 02:32:40 witherspoon dbus[995]: [system] Activating via systemd: service name='org.freedesktop.hostname1' unit='dbus-org.freedesktop.hostname1.service'
Oct 02 02:32:40 witherspoon systemd[1]: Started Wait for /xyz/openbmc_project/led/groups/bmc_booted.
Oct 02 02:32:40 witherspoon systemd[1]: Started Phosphor Network Manager.
Oct 02 02:32:40 witherspoon systemd[1]: Starting Hostname Service...
Oct 02 02:32:41 witherspoon systemd[1]: Started Wait for /xyz/openbmc_project/inventory.
Oct 02 02:32:41 witherspoon systemd[1]: Started Wait for /xyz/openbmc_project/control/host0/boot.
Oct 02 02:32:41 witherspoon systemd[1]: Started Wait for /xyz/openbmc_project/control/host0/boot/one_time.
Oct 02 02:32:41 witherspoon systemd[1]: Started Wait for /xyz/openbmc_project/control/host0/power_restore_policy.
Oct 02 02:32:41 witherspoon systemd[1]: Started Wait for /xyz/openbmc_project/time/owner.
Oct 02 02:32:41 witherspoon systemd[1]: Started Wait for /org/openbmc/NetworkManager/Interface.
Oct 02 02:32:42 witherspoon systemd[1]: Started Wait for /xyz/openbmc_project/inventory/system/chassis/power_supply0.
Oct 02 02:32:42 witherspoon systemd[1]: Started Wait for /xyz/openbmc_project/led/groups.
Oct 02 02:32:42 witherspoon systemd[1]: Started Wait for /xyz/openbmc_project/control/host0/restriction_mode.
Oct 02 02:32:42 witherspoon systemd[1]: Started Wait for /xyz/openbmc_project/inventory/system/chassis/power_supply1.
Oct 02 02:32:42 witherspoon systemd[1]: Started Wait for /xyz/openbmc_project/control/host0/auto_reboot.
Oct 02 02:32:42 witherspoon systemd[1]: Started Wait for /org/openbmc/managers/Download.
Oct 02 02:32:43 witherspoon systemd[1]: Started FRU Fault monitor service.
Oct 02 02:32:43 witherspoon systemd[1]: Started Phosphor DNS Settings Cache Manager.
Oct 02 02:32:43 witherspoon systemd[1]: Started Phosphor Cooling Type.
Oct 02 02:32:43 witherspoon systemd[1]: Starting OpenPOWER OCC controller...
Oct 02 02:32:43 witherspoon systemd[1]: Started Phosphor GPIO 0 Presence.
Oct 02 02:32:43 witherspoon systemd[1]: Starting Phosphor MAX31785 MSL...
Oct 02 02:32:43 witherspoon dbus[995]: [system] Successfully activated service 'org.freedesktop.hostname1'
Oct 02 02:32:44 witherspoon systemd[1]: Started Phosphor GPIO 1 Presence.
Oct 02 02:32:44 witherspoon systemd[1]: Starting Read OpenPOWER-format VPD from EEPROM...
Oct 02 02:32:44 witherspoon phosphor-gpio-presence[1207]: Updating inventory present property
Oct 02 02:32:45 witherspoon systemd[1]: Started Hostname Service.
Oct 02 02:32:45 witherspoon phosphor-gpio-presence[1209]: Updating inventory present property
Oct 02 02:32:45 witherspoon systemd[1]: Started OpenPower Software Update Manager.
Oct 02 02:32:45 witherspoon systemd[1]: Started Phosphor MBOX Daemon.
Oct 02 02:32:45 witherspoon systemd[1]: Starting Create a ubi volume for pnor patches...
Oct 02 02:32:46 witherspoon systemd[1]: Created slice system-obmc\x2dflash\x2dbmc\x2dupdateubootvars.slice.
Oct 02 02:32:46 witherspoon systemd[1]: Starting Updates the u-boot variable to point BMC version to aca3ebd6...
Oct 02 02:32:46 witherspoon systemd[1]: Created slice system-obmc\x2dflash\x2dbmc\x2dsetenv.slice.
Oct 02 02:32:46 witherspoon systemd[1]: Starting Set U-Boot environment variable...
Oct 02 02:32:47 witherspoon systemd[1]: Starting Set U-Boot environment variable...
Oct 02 02:32:47 witherspoon systemd[1]: Starting Updates the u-boot variable to point BMC version to 9f8a416...
Oct 02 02:32:47 witherspoon systemd[1]: Started OpenBMC Software Update Manager.
Oct 02 02:32:47 witherspoon systemd[1]: Starting Phosphor Version Software Manager...
Oct 02 02:32:49 witherspoon systemd[1]: Started Phosphor Version Software Manager.
Oct 02 02:32:50 witherspoon kernel: UBIFS (ubi8:3): background thread "ubifs_bgt8_3" started, PID 1245
Oct 02 02:32:50 witherspoon kernel: UBIFS (ubi8:3): UBIFS: mounted UBI device 8, volume 3, name "pnor-patch"
Oct 02 02:32:50 witherspoon kernel: UBIFS (ubi8:3): LEB size: 65408 bytes (63 KiB), min./max. I/O unit sizes: 8 bytes/256 bytes
Oct 02 02:32:50 witherspoon kernel: UBIFS (ubi8:3): FS size: 16155776 bytes (15 MiB, 247 LEBs), journal size 784896 bytes (0 MiB, 12 LEBs)
Oct 02 02:32:50 witherspoon kernel: UBIFS (ubi8:3): reserved for root: 763076 bytes (745 KiB)
Oct 02 02:32:50 witherspoon kernel: UBIFS (ubi8:3): media format: w5/r0 (latest is w5/r0), UUID 4D589EF4-9175-4F76-B384-1965B1D7B962, small LPT model
Oct 02 02:32:50 witherspoon kernel[1035]: [   96.430000] UBIFS (ubi8:3): background thread "ubifs_bgt8_3" started, PID 1245
Oct 02 02:32:50 witherspoon kernel[1035]: [   96.430000] UBIFS (ubi8:3): UBIFS: mounted UBI device 8, volume 3, name "pnor-patch"
Oct 02 02:32:50 witherspoon kernel[1035]: [   96.450000] UBIFS (ubi8:3): LEB size: 65408 bytes (63 KiB), min./max. I/O unit sizes: 8 bytes/256 bytes
Oct 02 02:32:50 witherspoon kernel[1035]: [   96.450000] UBIFS (ubi8:3): FS size: 16155776 bytes (15 MiB, 247 LEBs), journal size 784896 bytes (0 MiB, 12 LEBs)
Oct 02 02:32:50 witherspoon kernel[1035]: [   96.450000] UBIFS (ubi8:3): reserved for root: 763076 bytes (745 KiB)
Oct 02 02:32:50 witherspoon kernel[1035]: [   96.450000] UBIFS (ubi8:3): media format: w5/r0 (latest is w5/r0), UUID 4D589EF4-9175-4F76-B384-1965B1D7B962, small LPT model
Oct 02 02:32:50 witherspoon systemd[1]: Started Set U-Boot environment variable.
Oct 02 02:32:50 witherspoon systemd[1]: Started Create a ubi volume for pnor patches.
Oct 02 02:32:52 witherspoon systemd[1]: Started Set U-Boot environment variable.
Oct 02 02:32:54 witherspoon system_manager.py[1175]: Running System State: BASE_APPS
Oct 02 02:32:54 witherspoon system_manager.py[1175]: SystemManager Init Done
Oct 02 02:32:54 witherspoon system_manager.py[1175]: Running SystemManager
Oct 02 02:32:54 witherspoon systemd[1]: Started Phoshpor System Manager.
Oct 02 02:32:56 witherspoon systemd[1]: Started Wait for /org/openbmc/control/bmc0.
Oct 02 02:32:56 witherspoon systemd[1]: Starting Phosphor BMC Code Update...
Oct 02 02:32:57 witherspoon systemd[1]: Started Updates the u-boot variable to point BMC version to aca3ebd6.
Oct 02 02:32:58 witherspoon systemd[1]: Started Updates the u-boot variable to point BMC version to 9f8a416.
Oct 02 02:33:00 witherspoon systemd[1]: Started OpenPOWER OCC controller.
Oct 02 02:33:01 witherspoon systemd[1]: Started Phosphor MAX31785 MSL.
Oct 02 02:33:05 witherspoon systemd[1]: Started Phosphor BMC Code Update.
Oct 02 02:33:05 witherspoon bmc_update.py[1260]: Running Bmc Flash Control
Oct 02 02:33:06 witherspoon settings_manager.py[1176]: Running HostSettingsService
Oct 02 02:33:06 witherspoon systemd[1]: Started Phosphor Settings Manager.
Oct 02 02:33:07 witherspoon system_manager.py[1175]: SystemManager Goto System State: BMC_STARTING
Oct 02 02:33:07 witherspoon system_manager.py[1175]: Running System State: BMC_STARTING
Oct 02 02:33:07 witherspoon systemd[1]: Starting Wait for /org/openbmc/settings/host0...
Oct 02 02:33:08 witherspoon systemd[1]: Started Read OpenPOWER-format VPD from EEPROM.
Oct 02 02:33:13 witherspoon phosphor-gevent[1169]: Traceback (most recent call last):
Oct 02 02:33:13 witherspoon phosphor-gevent[1169]:   File "/usr/lib/python2.7/site-packages/gevent/greenlet.py", line 327, in run
Oct 02 02:33:13 witherspoon phosphor-gevent[1169]:     result = self._run(*self.args, **self.kwargs)
Oct 02 02:33:13 witherspoon phosphor-gevent[1169]:   File "/usr/lib/python2.7/site-packages/gevent/server.py", line 102, in wrap_socket_and_handle
Oct 02 02:33:13 witherspoon phosphor-gevent[1169]:     ssl_socket = self.wrap_socket(client_socket, **self.ssl_args)
Oct 02 02:33:13 witherspoon phosphor-gevent[1169]:   File "/usr/lib/python2.7/site-packages/gevent/ssl.py", line 404, in wrap_socket
Oct 02 02:33:13 witherspoon phosphor-gevent[1169]:     ciphers=ciphers)
Oct 02 02:33:13 witherspoon phosphor-gevent[1169]:   File "/usr/lib/python2.7/site-packages/gevent/ssl.py", line 113, in __init__
Oct 02 02:33:13 witherspoon phosphor-gevent[1169]:     self.do_handshake()
Oct 02 02:33:13 witherspoon phosphor-gevent[1169]:   File "/usr/lib/python2.7/site-packages/gevent/ssl.py", line 324, in do_handshake
Oct 02 02:33:13 witherspoon phosphor-gevent[1169]:     return self._sslobj.do_handshake()
Oct 02 02:33:13 witherspoon phosphor-gevent[1169]: SSLEOFError: EOF occurred in violation of protocol (_ssl.c:590)
Oct 02 02:33:13 witherspoon phosphor-gevent[1169]: <Greenlet at 0x76017490: <bound method WSGIServer.wrap_socket_and_handle of <WSGIServer at 0x75fefbb0 fileno=5 address=('::3422:f076:d8fd:6576%1986395592', 443, 0, 1986395592)>>(<socket at 0x75ec4890 fileno=9>, ('::6009:6476:8e91:f402%1995377436', 42822, 0, 199)> failed with SSLEOFError
Oct 02 02:33:13 witherspoon phosphor-gevent[1169]: Traceback (most recent call last):
Oct 02 02:33:13 witherspoon phosphor-gevent[1169]:   File "/usr/lib/python2.7/site-packages/gevent/greenlet.py", line 327, in run
Oct 02 02:33:13 witherspoon phosphor-gevent[1169]:     result = self._run(*self.args, **self.kwargs)
Oct 02 02:33:13 witherspoon phosphor-gevent[1169]:   File "/usr/lib/python2.7/site-packages/gevent/server.py", line 102, in wrap_socket_and_handle
Oct 02 02:33:13 witherspoon phosphor-gevent[1169]:     ssl_socket = self.wrap_socket(client_socket, **self.ssl_args)
Oct 02 02:33:13 witherspoon phosphor-gevent[1169]:   File "/usr/lib/python2.7/site-packages/gevent/ssl.py", line 404, in wrap_socket
Oct 02 02:33:13 witherspoon phosphor-gevent[1169]:     ciphers=ciphers)
Oct 02 02:33:13 witherspoon phosphor-gevent[1169]:   File "/usr/lib/python2.7/site-packages/gevent/ssl.py", line 113, in __init__
Oct 02 02:33:13 witherspoon phosphor-gevent[1169]:     self.do_handshake()
Oct 02 02:33:13 witherspoon phosphor-gevent[1169]:   File "/usr/lib/python2.7/site-packages/gevent/ssl.py", line 324, in do_handshake
Oct 02 02:33:13 witherspoon phosphor-gevent[1169]:     return self._sslobj.do_handshake()
Oct 02 02:33:13 witherspoon phosphor-gevent[1169]: SSLEOFError: EOF occurred in violation of protocol (_ssl.c:590)
Oct 02 02:33:13 witherspoon phosphor-gevent[1169]: <Greenlet at 0x76017760: <bound method WSGIServer.wrap_socket_and_handle of <WSGIServer at 0x75fefbb0 fileno=5 address=('::3422:f076:d8fd:6576%1986395592', 443, 0, 1986395592)>>(<socket at 0x75ec4830 fileno=10>, ('::6009:6476:8e91:f402%1995377436', 42824, 0, 199)> failed with SSLEOFError
Oct 02 02:33:13 witherspoon phosphor-gevent[1169]: Traceback (most recent call last):
Oct 02 02:33:13 witherspoon phosphor-gevent[1169]:   File "/usr/lib/python2.7/site-packages/gevent/greenlet.py", line 327, in run
Oct 02 02:33:13 witherspoon phosphor-gevent[1169]:     result = self._run(*self.args, **self.kwargs)
Oct 02 02:33:13 witherspoon phosphor-gevent[1169]:   File "/usr/lib/python2.7/site-packages/gevent/server.py", line 102, in wrap_socket_and_handle
Oct 02 02:33:13 witherspoon phosphor-gevent[1169]:     ssl_socket = self.wrap_socket(client_socket, **self.ssl_args)
Oct 02 02:33:13 witherspoon phosphor-gevent[1169]:   File "/usr/lib/python2.7/site-packages/gevent/ssl.py", line 404, in wrap_socket
Oct 02 02:33:13 witherspoon phosphor-gevent[1169]:     ciphers=ciphers)
Oct 02 02:33:13 witherspoon phosphor-gevent[1169]:   File "/usr/lib/python2.7/site-packages/gevent/ssl.py", line 113, in __init__
Oct 02 02:33:13 witherspoon phosphor-gevent[1169]:     self.do_handshake()
Oct 02 02:33:13 witherspoon phosphor-gevent[1169]:   File "/usr/lib/python2.7/site-packages/gevent/ssl.py", line 324, in do_handshake
Oct 02 02:33:13 witherspoon phosphor-gevent[1169]:     return self._sslobj.do_handshake()
Oct 02 02:33:13 witherspoon phosphor-gevent[1169]: SSLEOFError: EOF occurred in violation of protocol (_ssl.c:590)
Oct 02 02:33:14 witherspoon phosphor-gevent[1169]: <Greenlet at 0x76017440: <bound method WSGIServer.wrap_socket_and_handle of <WSGIServer at 0x75fefbb0 fileno=5 address=('::3422:f076:d8fd:6576%1986395592', 443, 0, 1986395592)>>(<socket at 0x75ec48d0 fileno=11>, ('::6009:6476:8e91:f402%1995377436', 42826, 0, 199)> failed with SSLEOFError
Oct 02 02:33:17 witherspoon phosphor-gevent[1169]: ::6009:6476:8e91:f402%1995377436 - - [2017-10-02 02:33:17] "POST /login HTTP/1.1" 200 320 0.257027
Oct 02 02:33:17 witherspoon systemd[1]: Started Wait for /org/openbmc/managers/System.
Oct 02 02:33:17 witherspoon systemd[1]: Starting Phosphor BMC State Manager...
Oct 02 02:33:17 witherspoon systemd[1]: Starting Phosphor Power Button0...
Oct 02 02:33:19 witherspoon phosphor-gevent[1169]: ::6009:6476:8e91:f402%1995377436 - - [2017-10-02 02:33:18] "GET /xyz/openbmc_project/state/chassis0//attr/CurrentPowerState HTTP/1.1" 404 312 0.716766
Oct 02 02:33:17 witherspoon systemd[1]: Starting Phosphor Power0 Control...
Oct 02 02:33:17 witherspoon systemd[1]: Starting Phosphor Reset Button0...
Oct 02 02:33:17 witherspoon systemd[1]: Starting Phosphor Chassis State Manager...
Oct 02 02:33:18 witherspoon systemd[1]: Started Wait for /org/openbmc/settings/host0.
Oct 02 02:33:18 witherspoon systemd[1]: Started Phosphor Inband IPMI.
Oct 02 02:33:20 witherspoon phosphor-gevent[1169]: ::6009:6476:8e91:f402%1995377436 - - [2017-10-02 02:33:20] "POST /login HTTP/1.1" 200 320 0.032565
Oct 02 02:33:20 witherspoon button_reset.exe[1280]: GPIO Lookup:  RESET_BUTTON = 353,both
Oct 02 02:33:20 witherspoon systemd[1]: Started Phosphor Reset Button0.
Oct 02 02:33:20 witherspoon phosphor-bmc-state-manager[1277]: Setting the BMCState field
Oct 02 02:33:20 witherspoon phosphor-bmc-state-manager[1277]: Setting the BMCState field
Oct 02 02:33:20 witherspoon systemd[1]: Started Phosphor BMC State Manager.
Oct 02 02:33:20 witherspoon system_manager.py[1175]: New object: /org/openbmc/control/power0 (:1.89)
Oct 02 02:33:20 witherspoon system_manager.py[1175]: Power GPIO config: ['SYS_PWROK_BUFF', '', [('SOFTWARE_PGOOD', True), ('BMC_POWER_UP', True)], [('BMC_CP0_RESET_N', False)], [], 'FSI_DATA', 'FSI_CLK', 'FSI_ENABLE', 'CRONUS_SEL', []]
Oct 02 02:33:20 witherspoon power_control.exe[1279]: Power GPIO latch output:
Oct 02 02:33:20 witherspoon power_control.exe[1279]: Power GPIO power good input: SYS_PWROK_BUFF
Oct 02 02:33:20 witherspoon power_control.exe[1279]: Power GPIO 2 power_up outputs
Oct 02 02:33:20 witherspoon power_control.exe[1279]: Power GPIO power_up[0] = SOFTWARE_PGOOD active HIGH
Oct 02 02:33:20 witherspoon power_control.exe[1279]: Power GPIO power_up[1] = BMC_POWER_UP active HIGH
Oct 02 02:33:20 witherspoon power_control.exe[1279]: Power GPIO 1 reset outputs
Oct 02 02:33:20 witherspoon power_control.exe[1279]: Power GPIO reset[0] = BMC_CP0_RESET_N active LOW
Oct 02 02:33:20 witherspoon power_control.exe[1279]: Power GPIO 0 pci reset outputs
Oct 02 02:33:20 witherspoon power_control.exe[1279]: FSI DATA GPIO: FSI_DATA
Oct 02 02:33:20 witherspoon power_control.exe[1279]: FSI CLK GPIO: FSI_CLK
Oct 02 02:33:20 witherspoon power_control.exe[1279]: FSI ENABLE GPIO: FSI_ENABLE
Oct 02 02:33:20 witherspoon power_control.exe[1279]: CRONUS SEL GPIO: CRONUS_SEL
Oct 02 02:33:20 witherspoon power_control.exe[1279]: Hostctl GPIO optionals: 0
Oct 02 02:33:20 witherspoon power_control.exe[1279]: GPIO Lookup:  SYS_PWROK_BUFF = 306,in
Oct 02 02:33:20 witherspoon phosphor-chassis-state-manager[1281]: Initial Chassis State will be Off
Oct 02 02:33:20 witherspoon systemd[1]: Started Phosphor Chassis State Manager.
Oct 02 02:33:20 witherspoon button_power.exe[1278]: GPIO Lookup:  POWER_BUTTON = 347,both
Oct 02 02:33:21 witherspoon systemd[1]: Started Phosphor Power Button0.
Oct 02 02:33:21 witherspoon power_control.exe[1279]: GPIO Lookup:  SOFTWARE_PGOOD = 417,out
Oct 02 02:33:21 witherspoon power_control.exe[1279]: GPIO Lookup:  BMC_POWER_UP = 305,out
Oct 02 02:33:21 witherspoon power_control.exe[1279]: GPIO Lookup:  BMC_CP0_RESET_N = 281,out
Oct 02 02:33:21 witherspoon power_control.exe[1279]: Pgood state: 0
Oct 02 02:33:21 witherspoon systemd[1]: Started Phosphor Power0 Control.
Oct 02 02:33:22 witherspoon phosphor-gevent[1169]: ::6009:6476:8e91:f402%1995377436 - - [2017-10-02 02:33:22] "GET /xyz/openbmc_project/state/chassis0//attr/CurrentPowerState HTTP/1.1" 404 312 1.922291
Oct 02 02:33:24 witherspoon phosphor-gevent[1169]: ::6009:6476:8e91:f402%1995377436 - - [2017-10-02 02:33:24] "POST /login HTTP/1.1" 200 320 0.036546
Oct 02 02:33:25 witherspoon phosphor-gevent[1169]: ::6009:6476:8e91:f402%1995377436 - - [2017-10-02 02:33:25] "GET /xyz/openbmc_project/state/chassis0//attr/CurrentPowerState HTTP/1.1" 404 312 0.765045
Oct 02 02:33:25 witherspoon systemd[1]: Started Wait for /org/openbmc/control/power0.
Oct 02 02:33:25 witherspoon systemd[1]: Started Witherspoon Power Supply 1 Monitor.
Oct 02 02:33:25 witherspoon systemd[1]: Starting Phosphor Time Manager daemon...
Oct 02 02:33:26 witherspoon systemd[1]: Started Witherspoon Power Supply 0 Monitor.
Oct 02 02:33:26 witherspoon systemd[1]: Starting Check Chassis0 pgood and create a file to indicate it...
Oct 02 02:33:26 witherspoon env[1309]: witherspoon-psu-monitor: unrecognized option '--instance=0'
Oct 02 02:33:26 witherspoon env[1309]: Usage: witherspoon-psu-monitor [options]
Oct 02 02:33:26 witherspoon env[1309]: Options:
Oct 02 02:33:26 witherspoon env[1309]:     --help               print this menu
Oct 02 02:33:26 witherspoon env[1309]:     --path=<objpath>     path to location to monitor
Oct 02 02:33:26 witherspoon systemd[1]: witherspoon-power-supply-monitor@0.service: Main process exited, code=exited, status=255/n/a
Oct 02 02:33:26 witherspoon env[1307]: witherspoon-psu-monitor: unrecognized option '--instance=1'
Oct 02 02:33:26 witherspoon env[1307]: Usage: witherspoon-psu-monitor [options]
Oct 02 02:33:26 witherspoon env[1307]: Options:
Oct 02 02:33:26 witherspoon env[1307]:     --help               print this menu
Oct 02 02:33:26 witherspoon env[1307]:     --path=<objpath>     path to location to monitor
Oct 02 02:33:26 witherspoon systemd[1]: witherspoon-power-supply-monitor@0.service: Unit entered failed state.
Oct 02 02:33:26 witherspoon systemd[1]: witherspoon-power-supply-monitor@0.service: Failed with result 'exit-code'.
Oct 02 02:33:26 witherspoon systemd[1]: witherspoon-power-supply-monitor@1.service: Main process exited, code=exited, status=255/n/a
Oct 02 02:33:27 witherspoon systemd[1]: witherspoon-power-supply-monitor@1.service: Unit entered failed state.
Oct 02 02:33:27 witherspoon systemd[1]: witherspoon-power-supply-monitor@1.service: Failed with result 'exit-code'.
Oct 02 02:33:27 witherspoon systemd[1]: Started Wait for /xyz/openbmc_project/state/chassis0.
Oct 02 02:33:27 witherspoon phosphor-gevent[1169]: ::6009:6476:8e91:f402%1995377436 - - [2017-10-02 02:33:27] "POST /login HTTP/1.1" 200 320 0.032646
Oct 02 02:33:28 witherspoon timemanager[1308]: Registering dbus methods
Oct 02 02:33:28 witherspoon timemanager[1308]: Last known time_mode: NTP
Oct 02 02:33:28 witherspoon timemanager[1308]: Last known time_owner: BMC
Oct 02 02:33:28 witherspoon timemanager[1308]: Empty DhcpNtp string
Oct 02 02:33:28 witherspoon timemanager[1308]: Reading Power Control key: pgood
Oct 02 02:33:28 witherspoon systemd[1]: Started Check Chassis0 pgood and create a file to indicate it.
Oct 02 02:33:28 witherspoon systemd[1]: Reached target Chassis0 power on after reset.
Oct 02 02:33:28 witherspoon systemd[1]: Reached target Chassis0 (Reset Check).
Oct 02 02:33:28 witherspoon systemd[1]: Started Wait for /xyz/openbmc_project/control/host0.
Oct 02 02:33:28 witherspoon systemd[1]: Reached target Host0 running after reset.
Oct 02 02:33:28 witherspoon systemd[1]: Reached target Host0 (Reset Check).
Oct 02 02:33:28 witherspoon systemd[1]: Starting Phosphor Host State Manager...
Oct 02 02:33:28 witherspoon phosphor-gevent[1169]: ::6009:6476:8e91:f402%1995377436 - - [2017-10-02 02:33:28] "GET /xyz/openbmc_project/state/chassis0//attr/CurrentPowerState HTTP/1.1" 200 216 1.151090
Oct 02 02:33:28 witherspoon timemanager[1308]: Changing settings *allowed* now
Oct 02 02:33:29 witherspoon phosphor-gevent[1169]: ::6009:6476:8e91:f402%1995377436 - - [2017-10-02 02:33:29] "POST /login HTTP/1.1" 200 320 0.033007
Oct 02 02:33:29 witherspoon phosphor-gevent[1169]: ::6009:6476:8e91:f402%1995377436 - - [2017-10-02 02:33:29] "GET /xyz/openbmc_project/state/chassis0//attr/CurrentPowerState HTTP/1.1" 200 216 0.190316
Oct 02 02:33:29 witherspoon phosphor-gevent[1169]: ::6009:6476:8e91:f402%1995377436 - - [2017-10-02 02:33:29] "POST /login HTTP/1.1" 200 320 0.032701
Oct 02 02:33:30 witherspoon phosphor-host-state-manager[1324]: Initial Host State will be Off
Oct 02 02:33:30 witherspoon phosphor-host-state-manager[1324]: External request to reset reboot count
Oct 02 02:33:30 witherspoon systemd[1]: Started Phosphor Host State Manager.
Oct 02 02:33:30 witherspoon timemanager[1308]: Owner is already set to : BMC
Oct 02 02:33:30 witherspoon phosphor-gevent[1169]: ::6009:6476:8e91:f402%1995377436 - - [2017-10-02 02:33:30] "GET /xyz/openbmc_project/state/host0//attr/BootProgress HTTP/1.1" 404 309 0.692543
Oct 02 02:33:30 witherspoon timemanager[1308]: Requested_Mode: NTP Current_Mode: NTP
Oct 02 02:33:30 witherspoon timemanager[1308]: Mode is already set to : NTP
Oct 02 02:33:30 witherspoon timemanager[1308]: Getting System Settings: use_dhcp_ntp
Oct 02 02:33:30 witherspoon phosphor-gevent[1169]: ::6009:6476:8e91:f402%1995377436 - - [2017-10-02 02:33:30] "POST /login HTTP/1.1" 200 320 0.287565
Oct 02 02:33:31 witherspoon timemanager[1308]: use_dhcp_ntp = yes
Oct 02 02:33:31 witherspoon timemanager[1308]: Last known host_offset:0
Oct 02 02:33:31 witherspoon timemanager[1308]: Initial Uptime Usec: 1506911473578777
Oct 02 02:33:31 witherspoon systemd[1]: Started Phosphor Time Manager daemon.
Oct 02 02:33:31 witherspoon phosphor-gevent[1169]: ::6009:6476:8e91:f402%1995377436 - - [2017-10-02 02:33:31] "GET /xyz/openbmc_project/state/host0//attr/CurrentHostState HTTP/1.1" 404 309 0.156543
Oct 02 02:33:31 witherspoon systemd[1]: Started Wait for /xyz/openbmc_project/state/host0.
Oct 02 02:33:31 witherspoon systemd[1]: Starting Reboot If Enabled...
Oct 02 02:33:33 witherspoon phosphor-discover-system-state[1326]: Host power is off, checking power policy
Oct 02 02:33:33 witherspoon phosphor-discover-system-state[1326]: power_policy=RESTORE, restoring last state
Oct 02 02:33:33 witherspoon phosphor-host-state-manager[1324]: Host State transaction request
Oct 02 02:33:33 witherspoon systemd[1]: Started Witherspoon Power Supply 0 Monitor.
Oct 02 02:33:33 witherspoon systemd[1]: Starting Phosphor MAX31785 MSL...
Oct 02 02:33:33 witherspoon systemd[1]: Starting Wait for /org/openbmc/HostIpmi/1...
Oct 02 02:33:33 witherspoon systemd[1]: Created slice system-op\x2dwait\x2dpower\x2doff.slice.
Oct 02 02:33:33 witherspoon systemd[1]: Created slice system-obmc\x2dled\x2dgroup\x2dstop.slice.
Oct 02 02:33:33 witherspoon systemd[1]: Started Witherspoon Power Supply 1 Monitor.
Oct 02 02:33:33 witherspoon systemd[1]: Created slice system-ir35221\x2doff\x2dunbind.slice.
Oct 02 02:33:33 witherspoon systemd[1]: Starting Wait for /org/openbmc/control/chassis0...
Oct 02 02:33:33 witherspoon systemd[1]: Created slice system-ir35221\x2doff\x2dbind.slice.
Oct 02 02:33:33 witherspoon systemd[1]: Starting Wait for /xyz/openbmc_project/led/groups/power_on...
Oct 02 02:33:33 witherspoon systemd[1]: Created slice system-op\x2dpower\x2dstop.slice.
Oct 02 02:33:33 witherspoon systemd[1]: Created slice system-vcs_off_poweroff.slice.
Oct 02 02:33:33 witherspoon systemd[1]: Started Phosphor Cooling Type.
Oct 02 02:33:33 witherspoon systemd[1]: Created slice system-op\x2docc\x2ddisable.slice.
Oct 02 02:33:33 witherspoon systemd[1]: Starting OpenPOWER OCC Active Disable...
Oct 02 02:33:33 witherspoon env[1331]: witherspoon-psu-monitor: unrecognized option '--instance=1'
Oct 02 02:33:33 witherspoon env[1331]: Usage: witherspoon-psu-monitor [options]
Oct 02 02:33:33 witherspoon env[1331]: Options:
Oct 02 02:33:33 witherspoon env[1331]:     --help               print this menu
Oct 02 02:33:33 witherspoon env[1331]:     --path=<objpath>     path to location to monitor
Oct 02 02:33:34 witherspoon systemd[1]: Started Reboot If Enabled.
Oct 02 02:33:34 witherspoon systemd[1]: witherspoon-power-supply-monitor@1.service: Main process exited, code=exited, status=255/n/a
Oct 02 02:33:34 witherspoon systemd[1]: witherspoon-power-supply-monitor@1.service: Unit entered failed state.
Oct 02 02:33:34 witherspoon systemd[1]: witherspoon-power-supply-monitor@1.service: Failed with result 'exit-code'.
Oct 02 02:33:34 witherspoon env[1328]: witherspoon-psu-monitor: unrecognized option '--instance=0'
Oct 02 02:33:34 witherspoon env[1328]: Usage: witherspoon-psu-monitor [options]
Oct 02 02:33:34 witherspoon env[1328]: Options:
Oct 02 02:33:34 witherspoon env[1328]:     --help               print this menu
Oct 02 02:33:34 witherspoon env[1328]:     --path=<objpath>     path to location to monitor
Oct 02 02:33:34 witherspoon systemd[1]: witherspoon-power-supply-monitor@0.service: Main process exited, code=exited, status=255/n/a
Oct 02 02:33:34 witherspoon systemd[1]: witherspoon-power-supply-monitor@0.service: Unit entered failed state.
Oct 02 02:33:34 witherspoon systemd[1]: witherspoon-power-supply-monitor@0.service: Failed with result 'exit-code'.
Oct 02 02:33:35 witherspoon systemd[1]: Started Wait for /org/openbmc/control/chassis0.
Oct 02 02:33:35 witherspoon systemd[1]: Started Wait for /xyz/openbmc_project/led/groups/power_on.
Oct 02 02:33:35 witherspoon systemd[1]: Starting Assert power_on LED...
Oct 02 02:33:35 witherspoon systemd[1]: Started Wait for /org/openbmc/HostIpmi/1.
Oct 02 02:33:35 witherspoon systemd[1]: Starting Soft power off of the host...
Oct 02 02:33:36 witherspoon systemd[1]: Started OpenPOWER OCC Active Disable.
Oct 02 02:33:36 witherspoon ipmid[1283]: Pushing cmd on to queue
Oct 02 02:33:36 witherspoon ipmid[1283]: Pushing cmd on to queue
Oct 02 02:33:36 witherspoon ipmid[1283]: Asserting SMS Attention
Oct 02 02:33:36 witherspoon ipmid[1283]: SMS Attention asserted
Oct 02 02:33:36 witherspoon systemd[1]: Started Assert power_on LED.
Oct 02 02:33:37 witherspoon systemd[1]: Started Phosphor MAX31785 MSL.
Oct 02 02:33:37 witherspoon systemd[1]: Reached target Phosphor System - Standby.
Oct 02 02:33:37 witherspoon systemd[1]: Reached target Stop Host0 (Pre).
Oct 02 02:33:37 witherspoon systemd[1]: Starting Power off mode unbind ir35221 device driver devs...
Oct 02 02:33:37 witherspoon systemd[1]: Reached target Stop Hosti (Pre).
Oct 02 02:33:37 witherspoon phosphor-bmc-state-manager[1277]: BMC_READY
Oct 02 02:33:37 witherspoon phosphor-bmc-state-manager[1277]: Setting the BMCState field
Oct 02 02:33:37 witherspoon systemd[1]: Starting Assert bmc_booted LED...
Oct 02 02:33:37 witherspoon systemd[1]: Reached target Hosti (Stopping).
Oct 02 02:33:37 witherspoon systemd[1]: Reached target Hosti (Stopped).
Oct 02 02:33:37 witherspoon systemd[1]: Reached target Poweri Off (Pre).
Oct 02 02:33:37 witherspoon systemd[1]: Reached target Poweri Off.
Oct 02 02:33:37 witherspoon systemd[1]: Started Power off mode unbind ir35221 device driver devs.
Oct 02 02:33:37 witherspoon systemd[1]: xyz.openbmc_project.Hwmon@ahb-apb-i2c\x401e78a000-i2c\x2dbus\x40140-ir35221\x4070.service: Unit not needed anymore. Stopping.
Oct 02 02:33:37 witherspoon systemd[1]: xyz.openbmc_project.Hwmon@ahb-apb-i2c\x401e78a000-i2c\x2dbus\x40140-ir35221\x4071.service: Unit not needed anymore. Stopping.
Oct 02 02:33:37 witherspoon systemd[1]: xyz.openbmc_project.Hwmon@ahb-apb-i2c\x401e78a000-i2c\x2dbus\x40180-ir35221\x4070.service: Unit not needed anymore. Stopping.
Oct 02 02:33:37 witherspoon systemd[1]: Stopping Phosphor Hwmon Poller...
Oct 02 02:33:37 witherspoon systemd[1]: Stopping Phosphor Hwmon Poller...
Oct 02 02:33:37 witherspoon systemd[1]: Stopping Phosphor Hwmon Poller...
Oct 02 02:33:37 witherspoon systemd[1]: Stopped Phosphor Hwmon Poller.
Oct 02 02:33:37 witherspoon systemd[1]: Stopped Phosphor Hwmon Poller.
Oct 02 02:33:37 witherspoon systemd[1]: Stopped Phosphor Hwmon Poller.
Oct 02 02:33:38 witherspoon systemd[1]: xyz.openbmc_project.Hwmon@ahb-apb-i2c\x401e78a000-i2c\x2dbus\x40180-ir35221\x4071.service: Unit not needed anymore. Stopping.
Oct 02 02:33:38 witherspoon systemd[1]: Stopping Phosphor Hwmon Poller...
Oct 02 02:33:38 witherspoon systemd[1]: Stopped Phosphor Hwmon Poller.
Oct 02 02:33:39 witherspoon ipmid[1283]: Host control timeout hit!
Oct 02 02:33:39 witherspoon ipmid[1283]: Timer expired
Oct 02 02:33:39 witherspoon phosphor-softpoweroff[1354]: Host control signal values
Oct 02 02:33:39 witherspoon phosphor-softpoweroff[1354]: Timeout on host attention, continue with power down
Oct 02 02:33:39 witherspoon systemd[1]: Started Soft power off of the host.
Oct 02 02:33:39 witherspoon systemd[1]: Reached target Host0 (Stopping).
Oct 02 02:33:39 witherspoon systemd[1]: Reached target Host0 (Stopped).
Oct 02 02:33:39 witherspoon systemd[1]: Reached target Power0 Off (Pre).
Oct 02 02:33:39 witherspoon systemd[1]: Started Stop Power0.
Oct 02 02:33:39 witherspoon systemd[1]: Starting Wait for Power0 to turn off...
Oct 02 02:33:41 witherspoon phosphor-gevent[1169]: ::6009:6476:8e91:f402%1995377436 - - [2017-10-02 02:33:41] "POST /login HTTP/1.1" 200 320 0.211493
Oct 02 02:33:46 witherspoon phosphor-ledmanager[961]: Asserting LEDs
Oct 02 02:33:46 witherspoon systemd[1]: Started Assert bmc_booted LED.
Oct 02 02:33:46 witherspoon power_control.exe[1279]: Power already at requested state: 0
Oct 02 02:33:46 witherspoon systemd[1]: Started Wait for Power0 to turn off.
Oct 02 02:33:46 witherspoon systemd[1]: Reached target Power0 Off.
Oct 02 02:33:46 witherspoon systemd[1]: Starting Disable VCS on a power off...
Oct 02 02:33:47 witherspoon phosphor-gevent[1169]: ::6009:6476:8e91:f402%1995377436 - - [2017-10-02 02:33:47] "GET /xyz/openbmc_project/state/chassis0//attr/CurrentPowerState HTTP/1.1" 200 216 5.666615
Oct 02 02:33:47 witherspoon systemd[1]: Started Disable VCS on a power off.
Oct 02 02:33:47 witherspoon systemd[1]: Starting Power off mode bind ir35221 device driver devs...
Oct 02 02:33:47 witherspoon phosphor-gevent[1169]: ::6009:6476:8e91:f402%1995377436 - - [2017-10-02 02:33:47] "POST /login HTTP/1.1" 200 320 0.070616
Oct 02 02:33:47 witherspoon systemd[1]: Started Phosphor Hwmon Poller.
Oct 02 02:33:48 witherspoon systemd[1]: Started Phosphor Hwmon Poller.
Oct 02 02:33:48 witherspoon systemd[1]: Started Phosphor Hwmon Poller.
Oct 02 02:33:48 witherspoon phosphor-gevent[1169]: ::6009:6476:8e91:f402%1995377436 - - [2017-10-02 02:33:48] "GET /xyz/openbmc_project/state/host0//attr/BootProgress HTTP/1.1" 200 234 0.559362
Oct 02 02:33:48 witherspoon systemd[1]: Started Power off mode bind ir35221 device driver devs.
Oct 02 02:33:48 witherspoon systemd[1]: Reached target Chassis0 (Power Off).
Oct 02 02:33:48 witherspoon systemd[1]: Reached target Stop Host0.
Oct 02 02:33:48 witherspoon systemd[1]: Reached target Power0 Host Off.
Oct 02 02:33:48 witherspoon systemd[1]: Startup finished in 9.388s (kernel) + 2min 25.738s (userspace) = 2min 35.126s.
Oct 02 02:33:48 witherspoon phosphor-host-state-manager[1324]: Received signal that host is off
Oct 02 02:33:48 witherspoon phosphor-host-state-manager[1324]: Change to Host State
Oct 02 02:33:48 witherspoon phosphor-chassis-state-manager[1281]: Received signal that power OFF is complete
Oct 02 02:33:48 witherspoon phosphor-chassis-state-manager[1281]: Change to Chassis Power State
Oct 02 02:33:49 witherspoon systemd[1]: Started Phosphor Hwmon Poller.
Oct 02 02:33:49 witherspoon phosphor-gevent[1169]: ::6009:6476:8e91:f402%1995377436 - - [2017-10-02 02:33:49] "POST /login HTTP/1.1" 200 320 0.044409
Oct 02 02:33:50 witherspoon phosphor-gevent[1169]: ::6009:6476:8e91:f402%1995377436 - - [2017-10-02 02:33:50] "GET /xyz/openbmc_project/state/host0//attr/CurrentHostState HTTP/1.1" 200 212 0.407195
Oct 02 02:33:50 witherspoon systemd[1]: Started SSH Per-Connection Server (9.41.165.94:59694).
Oct 02 02:33:50 witherspoon dropbear[1426]: Failed loading /var/lib/dropbear/dropbear_rsa_host_key
Oct 02 02:33:50 witherspoon dropbear[1426]: Failed loading /etc/dropbear/dropbear_dss_host_key
Oct 02 02:33:50 witherspoon dropbear[1426]: Failed loading /etc/dropbear/dropbear_ecdsa_host_key
