-- Logs begin at Mon 2017-07-31 08:51:28 UTC, end at Mon 2017-07-31 09:11:36 UTC. --
Jul 31 08:51:28 witherspoon kernel: Booting Linux on physical CPU 0x0
Jul 31 08:51:28 witherspoon kernel: Linux version 4.10.17-44f0dc8ac43162c4f7082884d6cd79400341bf5b (jenkins@openbmc-builder1) (gcc version 6.2.0 (GCC) ) #1 Mon Jul 31 08:37:52 UTC 2017
Jul 31 08:51:28 witherspoon kernel: CPU: ARMv6-compatible processor [410fb767] revision 7 (ARMv7), cr=00c5387d
Jul 31 08:51:28 witherspoon kernel: CPU: PIPT / VIPT nonaliasing data cache, VIPT nonaliasing instruction cache
Jul 31 08:51:28 witherspoon kernel: OF: fdt:Machine model: Witherspoon BMC
Jul 31 08:51:28 witherspoon kernel: Memory policy: Data cache writeback
Jul 31 08:51:28 witherspoon kernel: SOC Rev: 04030303
Jul 31 08:51:28 witherspoon kernel: On node 0 totalpages: 110592
Jul 31 08:51:28 witherspoon kernel: free_area_init_node: node 0, pgdat 805ff5e4, node_mem_map 9ec1a000
Jul 31 08:51:28 witherspoon kernel:   Normal zone: 992 pages used for memmap
Jul 31 08:51:28 witherspoon kernel:   Normal zone: 0 pages reserved
Jul 31 08:51:28 witherspoon kernel:   Normal zone: 110592 pages, LIFO batch:31
Jul 31 08:51:28 witherspoon kernel: pcpu-alloc: s0 r0 d32768 u32768 alloc=1*32768
Jul 31 08:51:28 witherspoon kernel: pcpu-alloc: [0] 0 
Jul 31 08:51:28 witherspoon kernel: Built 1 zonelists in Zone order, mobility grouping on.  Total pages: 109600
Jul 31 08:51:28 witherspoon kernel: Kernel command line: console=ttyS4,115200n8 root=/dev/ram rw
Jul 31 08:51:28 witherspoon kernel: PID hash table entries: 2048 (order: 1, 8192 bytes)
Jul 31 08:51:28 witherspoon kernel: Dentry cache hash table entries: 65536 (order: 6, 262144 bytes)
Jul 31 08:51:28 witherspoon kernel: Inode-cache hash table entries: 32768 (order: 5, 131072 bytes)
Jul 31 08:51:28 witherspoon kernel: Memory: 430436K/442368K available (4065K kernel code, 280K rwdata, 1192K rodata, 284K init, 111K bss, 11932K reserved, 0K cma-reserved)
Jul 31 08:51:28 witherspoon kernel: Virtual kernel memory layout:
                                        vector  : 0xffff0000 - 0xffff1000   (   4 kB)
                                        fixmap  : 0xffc00000 - 0xfff00000   (3072 kB)
                                        vmalloc : 0x9f800000 - 0xff800000   (1536 MB)
                                        lowmem  : 0x80000000 - 0x9f000000   ( 496 MB)
                                          .text : 0x80008000 - 0x804007a0   (4066 kB)
                                          .init : 0x80585000 - 0x805cc000   ( 284 kB)
                                          .data : 0x805cc000 - 0x80612358   ( 281 kB)
                                           .bss : 0x80612358 - 0x8062e1f8   ( 112 kB)
Jul 31 08:51:28 witherspoon kernel: NR_IRQS:16 nr_irqs:16 16
Jul 31 08:51:28 witherspoon kernel: i2c controller registered, irq 16
Jul 31 08:51:28 witherspoon kernel: clocksource: moxart_timer: mask: 0xffffffff max_cycles: 0xffffffff, max_idle_ns: 77222644334 ns
Jul 31 08:51:28 witherspoon kernel: sched_clock: 32 bits at 100 Hz, resolution 10000000ns, wraps every 21474836475000000ns
Jul 31 08:51:28 witherspoon kernel: Calibrating delay loop... 789.70 BogoMIPS (lpj=3948544)
Jul 31 08:51:28 witherspoon kernel: pid_max: default: 32768 minimum: 301
Jul 31 08:51:28 witherspoon kernel: Mount-cache hash table entries: 1024 (order: 0, 4096 bytes)
Jul 31 08:51:28 witherspoon kernel: Mountpoint-cache hash table entries: 1024 (order: 0, 4096 bytes)
Jul 31 08:51:28 witherspoon kernel: CPU: Testing write buffer coherency: ok
Jul 31 08:51:28 witherspoon kernel: ftrace: allocating 14932 entries in 44 pages
Jul 31 08:51:28 witherspoon kernel: Setting up static identity map for 0x80008200 - 0x8000825c
Jul 31 08:51:28 witherspoon kernel: devtmpfs: initialized
Jul 31 08:51:28 witherspoon kernel: clocksource: jiffies: mask: 0xffffffff max_cycles: 0xffffffff, max_idle_ns: 19112604462750000 ns
Jul 31 08:51:28 witherspoon kernel: futex hash table entries: 256 (order: -1, 3072 bytes)
Jul 31 08:51:28 witherspoon kernel: pinctrl core: initialized pinctrl subsystem
Jul 31 08:51:28 witherspoon kernel: NET: Registered protocol family 16
Jul 31 08:51:28 witherspoon kernel: DMA: preallocated 256 KiB pool for atomic coherent allocations
Jul 31 08:51:28 witherspoon kernel: usbcore: registered new interface driver usbfs
Jul 31 08:51:28 witherspoon kernel: usbcore: registered new interface driver hub
Jul 31 08:51:28 witherspoon kernel: usbcore: registered new device driver usb
Jul 31 08:51:28 witherspoon kernel: clocksource: Switched to clocksource moxart_timer
Jul 31 08:51:28 witherspoon kernel: NET: Registered protocol family 2
Jul 31 08:51:28 witherspoon kernel: TCP established hash table entries: 4096 (order: 2, 16384 bytes)
Jul 31 08:51:28 witherspoon kernel: TCP bind hash table entries: 4096 (order: 2, 16384 bytes)
Jul 31 08:51:28 witherspoon kernel: TCP: Hash tables configured (established 4096 bind 4096)
Jul 31 08:51:28 witherspoon kernel: UDP hash table entries: 256 (order: 0, 4096 bytes)
Jul 31 08:51:28 witherspoon kernel: UDP-Lite hash table entries: 256 (order: 0, 4096 bytes)
Jul 31 08:51:28 witherspoon kernel: NET: Registered protocol family 1
Jul 31 08:51:28 witherspoon kernel: Trying to unpack rootfs image as initramfs...
Jul 31 08:51:28 witherspoon kernel: Freeing initrd memory: 1548K
Jul 31 08:51:28 witherspoon kernel: workingset: timestamp_bits=30 max_order=17 bucket_order=0
Jul 31 08:51:28 witherspoon kernel: squashfs: version 4.0 (2009/01/31) Phillip Lougher
Jul 31 08:51:28 witherspoon kernel: jffs2: version 2.2. (SUMMARY)  © 2001-2006 Red Hat, Inc.
Jul 31 08:51:28 witherspoon kernel: Block layer SCSI generic (bsg) driver version 0.4 loaded (major 250)
Jul 31 08:51:28 witherspoon kernel: io scheduler noop registered
Jul 31 08:51:28 witherspoon kernel: io scheduler deadline registered
Jul 31 08:51:28 witherspoon kernel: io scheduler cfq registered (default)
Jul 31 08:51:28 witherspoon kernel: ipmi-bt-host 1e789140.ibt: Found bt bmc device
Jul 31 08:51:28 witherspoon kernel: ipmi-bt-host 1e789140.ibt: Using IRQ 22
Jul 31 08:51:28 witherspoon kernel: Serial: 8250/16550 driver, 6 ports, IRQ sharing enabled
Jul 31 08:51:28 witherspoon kernel: 1e783000.serial: ttyS0 at MMIO 0x1e783000 (irq = 23, base_baud = 1500000) is a 16550A
Jul 31 08:51:28 witherspoon kernel: 1e78d000.serial: ttyS1 at MMIO 0x1e78d000 (irq = 24, base_baud = 1500000) is a 16550A
Jul 31 08:51:28 witherspoon kernel: 1e784000.serial: ttyS4 at MMIO 0x1e784000 (irq = 25, base_baud = 1500000) is a 16550A
Jul 31 08:51:28 witherspoon kernel: console [ttyS4] enabled
Jul 31 08:51:28 witherspoon kernel: 1e787000.vuart: ttyS2 at MMIO 0x1e787000 (irq = 22, base_baud = 1500000) is a 16550A
Jul 31 08:51:28 witherspoon kernel: timeriomem_rng 1e6e2078.hwrng: 32bits from 0xf00e2078 @ 1us
Jul 31 08:51:28 witherspoon kernel: random: fast init done
Jul 31 08:51:28 witherspoon kernel: brd: module loaded
Jul 31 08:51:28 witherspoon kernel: loop: module loaded
Jul 31 08:51:28 witherspoon kernel: aspeed-lpc-ctrl 1e789080.lpc-ctrl: Loaded at 0x98000000 (0x04000000)
Jul 31 08:51:28 witherspoon kernel: aspeed-smc 1e620000.flash-controller: Using IRQ 18
Jul 31 08:51:28 witherspoon kernel: aspeed-smc 1e620000.flash-controller: DMA support disabled.
Jul 31 08:51:28 witherspoon kernel: aspeed-smc 1e620000.flash-controller: mx25l25635e (32768 Kbytes)
Jul 31 08:51:28 witherspoon kernel: aspeed-smc 1e620000.flash-controller: CE0 window [ 0x20000000 - 0x22000000 ] 32MB
Jul 31 08:51:28 witherspoon kernel: aspeed-smc 1e620000.flash-controller: CE1 window [ 0x22000000 - 0x2a000000 ] 128MB
Jul 31 08:51:28 witherspoon kernel: 5 ofpart partitions found on MTD device bmc
Jul 31 08:51:28 witherspoon kernel: Creating 5 MTD partitions on "bmc":
Jul 31 08:51:28 witherspoon kernel: 0x000000000000-0x000000060000 : "u-boot"
Jul 31 08:51:28 witherspoon kernel: 0x000000060000-0x000000080000 : "u-boot-env"
Jul 31 08:51:28 witherspoon kernel: 0x000000080000-0x0000004c0000 : "kernel"
Jul 31 08:51:28 witherspoon kernel: 0x0000004c0000-0x000001c00000 : "rofs"
Jul 31 08:51:28 witherspoon kernel: random: crng init done
Jul 31 08:51:28 witherspoon kernel: 0x000001c00000-0x000002000000 : "rwfs"
Jul 31 08:51:28 witherspoon kernel: aspeed-smc 1e620000.flash-controller: mx25l25635e (32768 Kbytes)
Jul 31 08:51:28 witherspoon kernel: aspeed-smc 1e620000.flash-controller: CE1 window [ 0x22000000 - 0x24000000 ] 32MB
Jul 31 08:51:28 witherspoon kernel: aspeed-smc 1e620000.flash-controller: CE2 window [ 0x24000000 - 0x2c000000 ] 128MB
Jul 31 08:51:28 witherspoon kernel: aspeed-smc 1e630000.flash-controller: mx66l1g45g (131072 Kbytes)
Jul 31 08:51:28 witherspoon kernel: aspeed-smc 1e630000.flash-controller: CE0 window resized to 120MB (AST2500 HW quirk)
Jul 31 08:51:28 witherspoon kernel: aspeed-smc 1e630000.flash-controller: CE0 window [ 0x30000000 - 0x37800000 ] 120MB
Jul 31 08:51:28 witherspoon kernel: aspeed-smc 1e630000.flash-controller: CE0 window too small for chip 128MB
Jul 31 08:51:28 witherspoon kernel: aspeed-smc 1e630000.flash-controller: CE1 window [ 0x37800000 - 0x38000000 ] 8MB
Jul 31 08:51:28 witherspoon kernel: libphy: Fixed MDIO Bus: probed
Jul 31 08:51:28 witherspoon kernel: ftgmac100 1e660000.ethernet: Read MAC address 70:e2:84:14:28:a9 from chip
Jul 31 08:51:28 witherspoon kernel: ftgmac100 1e660000.ethernet: Using NCSI interface
Jul 31 08:51:28 witherspoon kernel: ftgmac100 1e660000.ethernet eth0: irq 20, mapped at f0060000
Jul 31 08:51:28 witherspoon kernel: ehci_hcd: USB 2.0 'Enhanced' Host Controller (EHCI) Driver
Jul 31 08:51:28 witherspoon kernel: ehci-platform: EHCI generic platform driver
Jul 31 08:51:28 witherspoon kernel:  fsi0: can't read slave 00:00 -5
Jul 31 08:51:28 witherspoon kernel: i2c /dev entries driver
Jul 31 08:51:28 witherspoon kernel: aspeed-i2c-bus 1e78a0c0.i2c-bus: i2c bus 2 registered, irq 26
Jul 31 08:51:28 witherspoon kernel: aspeed-i2c-bus 1e78a100.i2c-bus: i2c bus 3 registered, irq 27
Jul 31 08:51:28 witherspoon kernel: aspeed-i2c-bus 1e78a140.i2c-bus: i2c bus 4 registered, irq 28
Jul 31 08:51:28 witherspoon kernel: aspeed-i2c-bus 1e78a180.i2c-bus: i2c bus 5 registered, irq 29
Jul 31 08:51:28 witherspoon kernel: aspeed-i2c-bus 1e78a380.i2c-bus: i2c bus 9 registered, irq 30
Jul 31 08:51:28 witherspoon kernel: aspeed-i2c-bus 1e78a3c0.i2c-bus: i2c bus 10 registered, irq 31
Jul 31 08:51:28 witherspoon kernel: rtc-rv8803 11-0032: Voltage low, temperature compensation stopped.
Jul 31 08:51:28 witherspoon kernel: rtc-rv8803 11-0032: rtc core: registered rx8900 as rtc0
Jul 31 08:51:28 witherspoon kernel: at24 11-0051: 8192 byte 24c64 EEPROM, writable, 1 bytes/write
Jul 31 08:51:28 witherspoon kernel: aspeed-i2c-bus 1e78a400.i2c-bus: i2c bus 11 registered, irq 32
Jul 31 08:51:28 witherspoon kernel: aspeed-i2c-bus 1e78a440.i2c-bus: i2c bus 12 registered, irq 33
Jul 31 08:51:28 witherspoon kernel: aspeed-i2c-bus 1e78a480.i2c-bus: i2c bus 13 registered, irq 34
Jul 31 08:51:28 witherspoon kernel: Driver for 1-wire Dallas network protocol.
Jul 31 08:51:28 witherspoon kernel: lm75 9-004a: hwmon0: sensor 'tmp275'
Jul 31 08:51:28 witherspoon kernel: max31785: probe of 3-0052 failed with error -5
Jul 31 08:51:28 witherspoon kernel: ucd9000 11-0064: Device ID UCD90160|2.3.4.0000|110603
Jul 31 08:51:28 witherspoon kernel: leds-pca955x 3-0060: leds-pca955x: Using pca9552 16-bit LED driver at slave address 0x60
Jul 31 08:51:28 witherspoon kernel: leds-pca955x 11-0060: leds-pca955x: Using pca9552 16-bit LED driver at slave address 0x60
Jul 31 08:51:28 witherspoon kernel: leds-pca955x 11-0060: gpios 264...279
Jul 31 08:51:28 witherspoon kernel: usbcore: registered new interface driver usbhid
Jul 31 08:51:28 witherspoon kernel: usbhid: USB HID core driver
Jul 31 08:51:28 witherspoon kernel: dps310 3-0076: iio:device1: sensor 'dps310'
Jul 31 08:51:28 witherspoon kernel: NET: Registered protocol family 10
Jul 31 08:51:28 witherspoon kernel: Segment Routing with IPv6
Jul 31 08:51:28 witherspoon kernel: NET: Registered protocol family 17
Jul 31 08:51:28 witherspoon kernel: 8021q: 802.1Q VLAN Support v1.8
Jul 31 08:51:28 witherspoon kernel: console [netcon0] enabled
Jul 31 08:51:28 witherspoon kernel: netconsole: network logging started
Jul 31 08:51:28 witherspoon kernel: input: gpio-keys as /devices/platform/gpio-keys/input/input0
Jul 31 08:51:28 witherspoon kernel: rtc-rv8803 11-0032: setting system clock to 2017-07-31 08:51:15 UTC (1501491075)
Jul 31 08:51:28 witherspoon kernel: Freeing unused kernel memory: 284K
Jul 31 08:51:28 witherspoon kernel: This architecture does not have kernel memory protection.
Jul 31 08:51:28 witherspoon kernel: jffs2: notice: (524) jffs2_build_xattr_subsystem: complete building xattr subsystem, 0 of xdatum (0 unchecked, 0 orphan) and 0 of xref (0 dead, 0 orphan) found.
Jul 31 08:51:28 witherspoon systemd[1]: Failed to insert module 'autofs4': No such file or directory
Jul 31 08:51:28 witherspoon systemd[1]: systemd 232 running in system mode. (+PAM -AUDIT -SELINUX -IMA -APPARMOR -SMACK +SYSVINIT -UTMP -LIBCRYPTSETUP -GCRYPT -GNUTLS +ACL +XZ -LZ4 -SECCOMP +BLKID -ELFUTILS +KMOD -IDN)
Jul 31 08:51:28 witherspoon systemd[1]: Detected architecture arm.
Jul 31 08:51:28 witherspoon systemd[1]: Set hostname to <witherspoon>.
Jul 31 08:51:28 witherspoon systemd[1]: Listening on /dev/initctl Compatibility Named Pipe.
Jul 31 08:51:28 witherspoon systemd[1]: Listening on udev Kernel Socket.
Jul 31 08:51:28 witherspoon systemd[1]: Listening on Journal Socket.
Jul 31 08:51:28 witherspoon systemd[1]: Started Forward Password Requests to Wall Directory Watch.
Jul 31 08:51:28 witherspoon systemd[1]: Started Dispatch Password Requests to Console Directory Watch.
Jul 31 08:51:28 witherspoon systemd[1]: Reached target Paths.
Jul 31 08:51:28 witherspoon systemd[1]: Listening on Network Service Netlink Socket.
Jul 31 08:51:28 witherspoon systemd[1]: Mounting Debug File System...
Jul 31 08:51:28 witherspoon systemd[1]: Starting udev Coldplug all Devices...
Jul 31 08:51:28 witherspoon systemd[1]: Created slice system-mapper\x2dwait.slice.
Jul 31 08:51:28 witherspoon systemd[1]: Created slice system-org.openbmc.buttons.Power.slice.
Jul 31 08:51:28 witherspoon systemd[1]: Created slice system-op\x2dreset\x2dchassis\x2don.slice.
Jul 31 08:51:28 witherspoon systemd[1]: Created slice system-org.openbmc.control.Bmc.slice.
Jul 31 08:51:28 witherspoon systemd[1]: Created slice system-phosphor\x2dcooling\x2dtype.slice.
Jul 31 08:51:28 witherspoon systemd[1]: Created slice system-phosphor\x2dreset\x2dhost\x2dcheck.slice.
Jul 31 08:51:28 witherspoon systemd[1]: Created slice system-org.openbmc.control.Chassis.slice.
Jul 31 08:51:28 witherspoon systemd[1]: Created slice system-phosphor\x2ddiscover\x2dsystem\x2dstate.slice.
Jul 31 08:51:28 witherspoon systemd-journald[651]: Journal started
Jul 31 08:51:28 witherspoon systemd-journald[651]: Runtime journal (/run/log/journal/12c6a00ebfdd479284cf09f39d1bc042) is 0B, max 0B, 0B free.
Jul 31 08:51:28 witherspoon systemd-sysctl[650]: Couldn't write '16' to 'kernel/sysrq', ignoring: No such file or directory
Jul 31 08:51:28 witherspoon systemd-sysctl[650]: Couldn't write 'fq_codel' to 'net/core/default_qdisc', ignoring: No such file or directory
Jul 31 08:51:29 witherspoon systemd[1]: Created slice system-phosphor\x2dreset\x2dhost\x2drunning.slice.
Jul 31 08:51:30 witherspoon systemd[1]: Created slice system-serial\x2dgetty.slice.
Jul 31 08:51:30 witherspoon systemd[1]: Mounted Debug File System.
Jul 31 08:51:31 witherspoon systemd[1]: Mounted Temporary Directory.
Jul 31 08:51:31 witherspoon systemd[1]: Started Journal Service.
Jul 31 08:51:31 witherspoon systemd[1]: Started Apply Kernel Variables.
Jul 31 08:51:31 witherspoon systemd[1]: Started Remount Root and Kernel File Systems.
Jul 31 08:51:31 witherspoon systemd[1]: Starting Create System Users...
Jul 31 08:51:31 witherspoon systemd[1]: Starting Flush Journal to Persistent Storage...
Jul 31 08:51:32 witherspoon systemd[1]: Started udev Coldplug all Devices.
Jul 31 08:51:32 witherspoon systemd-journald[651]: Runtime journal (/run/log/journal/12c6a00ebfdd479284cf09f39d1bc042) is 0B, max 0B, 0B free.
Jul 31 08:51:32 witherspoon systemd[1]: Started Flush Journal to Persistent Storage.
Jul 31 08:51:32 witherspoon systemd[1]: Started Create System Users.
Jul 31 08:51:32 witherspoon systemd[1]: Starting Create Static Device Nodes in /dev...
Jul 31 08:51:33 witherspoon systemd[1]: Started Create Static Device Nodes in /dev.
Jul 31 08:51:33 witherspoon systemd[1]: Starting udev Kernel Device Manager...
Jul 31 08:51:33 witherspoon systemd[1]: Reached target Local File Systems (Pre).
Jul 31 08:51:33 witherspoon systemd[1]: Mounting /var/volatile...
Jul 31 08:51:33 witherspoon systemd[1]: Mounted /var/volatile.
Jul 31 08:51:33 witherspoon systemd[1]: Starting Load/Save Random Seed...
Jul 31 08:51:33 witherspoon systemd[1]: Reached target Local File Systems.
Jul 31 08:51:33 witherspoon systemd[1]: Starting Create Volatile Files and Directories...
Jul 31 08:51:33 witherspoon systemd[1]: Starting Rebuild Journal Catalog...
Jul 31 08:51:33 witherspoon systemd[1]: Started Load/Save Random Seed.
Jul 31 08:51:33 witherspoon systemd[1]: Started Rebuild Journal Catalog.
Jul 31 08:51:33 witherspoon systemd[1]: Starting Update is Completed...
Jul 31 08:51:34 witherspoon systemd[1]: Started udev Kernel Device Manager.
Jul 31 08:51:35 witherspoon systemd-tmpfiles[896]: "/var/tmp" already exists and is not a directory.
Jul 31 08:51:35 witherspoon systemd-tmpfiles[896]: "/var/log" already exists and is not a directory.
Jul 31 08:51:35 witherspoon systemd[1]: Started Update is Completed.
Jul 31 08:51:36 witherspoon systemd[1]: Created slice system-xyz.openbmc_project.Hwmon.slice.
Jul 31 08:51:36 witherspoon systemd[1]: dev-hugepages.mount: Couldn't determine result for ConditionVirtualization=!private-users, assuming failed: No such file or directory
Jul 31 08:51:36 witherspoon systemd[1]: Started Create Volatile Files and Directories.
Jul 31 08:51:36 witherspoon systemd[1]: Found device /dev/aspeed-lpc-ctrl.
Jul 31 08:51:37 witherspoon systemd[1]: Found device /dev/aspeed-mbox.
Jul 31 08:51:37 witherspoon systemd[1]: Found device /dev/ttyS4.
Jul 31 08:51:37 witherspoon systemd[1]: Found device /dev/ttyVUART0.
Jul 31 08:51:37 witherspoon systemd[1]: Created slice system-xyz.openbmc_project.led.controller.slice.
Jul 31 08:51:37 witherspoon systemd[1]: dev-hugepages.mount: Couldn't determine result for ConditionVirtualization=!private-users, assuming failed: No such file or directory
Jul 31 08:51:37 witherspoon systemd[1]: Starting Run pending postinsts...
Jul 31 08:51:37 witherspoon systemd[1]: Starting Network Time Synchronization...
Jul 31 08:51:38 witherspoon systemd[1]: Started Network Time Synchronization.
Jul 31 08:51:38 witherspoon systemd[1]: Reached target System Time Synchronized.
Jul 31 08:51:38 witherspoon run-postinsts[923]: Running postinst /etc/rpm-postinsts/libglib-2.0-0...
Jul 31 08:51:39 witherspoon run-postinsts[923]: rm: can't remove '/etc/rpm-postinsts': Invalid argument
Jul 31 08:51:39 witherspoon run-postinsts[923]:  Removing any system startup links for run-postinsts ...
Jul 31 08:51:39 witherspoon systemctl[934]: Removed /etc/systemd/system/sysinit.target.wants/run-postinsts.service.
Jul 31 08:51:39 witherspoon systemd[1]: Reloading.
Jul 31 08:51:42 witherspoon systemd[1]: Started Run pending postinsts.
Jul 31 08:51:42 witherspoon systemd[1]: Reached target System Initialization.
Jul 31 08:51:42 witherspoon systemd[1]: Listening on dropbear.socket.
Jul 31 08:51:42 witherspoon systemd[1]: Listening on Avahi mDNS/DNS-SD Stack Activation Socket.
Jul 31 08:51:42 witherspoon systemd[1]: Listening on phosphor-ipmi-net.socket.
Jul 31 08:51:42 witherspoon systemd[1]: Listening on Phosphor Webserver socket.
Jul 31 08:51:42 witherspoon systemd[1]: Listening on D-Bus System Message Bus Socket.
Jul 31 08:51:42 witherspoon systemd[1]: Listening on Phosphor Host Console SSH Per-Connection socket.
Jul 31 08:51:42 witherspoon systemd[1]: Listening on Phosphor DBUS Browser socket.
Jul 31 08:51:42 witherspoon systemd[1]: Reached target Sockets.
Jul 31 08:51:42 witherspoon systemd[1]: Reached target Basic System.
Jul 31 08:51:42 witherspoon systemd[1]: Reached target Containers.
Jul 31 08:51:42 witherspoon systemd[1]: Starting Phosphor BMC0 Control...
Jul 31 08:51:42 witherspoon systemd[1]: Started Phosphor MBOX Daemon.
Jul 31 08:51:42 witherspoon systemd[1]: Started Phosphor sysfs LED controller.
Jul 31 08:51:42 witherspoon systemd[1]: Starting Phosphor LED Group Management Daemon...
Jul 31 08:51:42 witherspoon systemd[1]: Started Phosphor sysfs LED controller.
Jul 31 08:51:43 witherspoon systemd[1]: Started Phosphor Dump core monitor..
Jul 31 08:51:43 witherspoon systemd[1]: Starting Phosphor Download Manager...
Jul 31 08:51:43 witherspoon systemd[1]: Started Phosphor sysfs LED controller.
Jul 31 08:51:43 witherspoon systemd[1]: Started Kernel Logging Service.
Jul 31 08:51:43 witherspoon systemd[1]: Starting OpenPower Software Update Manager...
Jul 31 08:51:43 witherspoon systemd[1]: Starting OpenBMC Software Update Manager...
Jul 31 08:51:43 witherspoon systemd[1]: Starting Avahi mDNS/DNS-SD Stack...
Jul 31 08:51:43 witherspoon systemd[1]: Starting Phosphor Network Manager...
Jul 31 08:51:43 witherspoon systemd[1]: Starting Phosphor IPMI BT DBus Bridge...
Jul 31 08:51:43 witherspoon systemd[1]: Starting Phosphor Sensor Manager...
Jul 31 08:51:43 witherspoon systemd[1]: Starting Phosphor DBus Service Discovery Manager...
Jul 31 08:51:43 witherspoon systemd[1]: Started D-Bus System Message Bus.
Jul 31 08:51:45 witherspoon avahi-daemon[957]: Found user 'avahi' (UID 998) and group 'avahi' (GID 999).
Jul 31 08:51:45 witherspoon avahi-daemon[957]: Successfully dropped root privileges.
Jul 31 08:51:45 witherspoon avahi-daemon[957]: avahi-daemon 0.6.32 starting up.
Jul 31 08:51:46 witherspoon kernel[954]: klogd started: BusyBox v1.24.1 (2017-06-16 19:29:08 UTC)
Jul 31 08:51:46 witherspoon kernel[954]: [    0.000000] Booting Linux on physical CPU 0x0
Jul 31 08:51:46 witherspoon kernel[954]: [    0.000000] Linux version 4.10.17-44f0dc8ac43162c4f7082884d6cd79400341bf5b (jenkins@openbmc-builder1) (gcc version 6.2.0 (GCC) ) #1 Mon Jul 31 08:37:52 UTC 2017
Jul 31 08:51:46 witherspoon kernel[954]: [    0.000000] CPU: ARMv6-compatible processor [410fb767] revision 7 (ARMv7), cr=00c5387d
Jul 31 08:51:46 witherspoon kernel[954]: [    0.000000] CPU: PIPT / VIPT nonaliasing data cache, VIPT nonaliasing instruction cache
Jul 31 08:51:46 witherspoon kernel[954]: [    0.000000] OF: fdt:Machine model: Witherspoon BMC
Jul 31 08:51:46 witherspoon kernel[954]: [    0.000000] Memory policy: Data cache writeback
Jul 31 08:51:46 witherspoon kernel[954]: [    0.000000] SOC Rev: 04030303
Jul 31 08:51:46 witherspoon kernel[954]: [    0.000000] On node 0 totalpages: 110592
Jul 31 08:51:46 witherspoon kernel[954]: [    0.000000] free_area_init_node: node 0, pgdat 805ff5e4, node_mem_map 9ec1a000
Jul 31 08:51:46 witherspoon kernel[954]: [    0.000000]   Normal zone: 992 pages used for memmap
Jul 31 08:51:46 witherspoon kernel[954]: [    0.000000]   Normal zone: 0 pages reserved
Jul 31 08:51:46 witherspoon kernel[954]: [    0.000000]   Normal zone: 110592 pages, LIFO batch:31
Jul 31 08:51:46 witherspoon kernel[954]: [    0.000000] pcpu-alloc: s0 r0 d32768 u32768 alloc=1*32768
Jul 31 08:51:46 witherspoon kernel[954]: [    0.000000] pcpu-alloc: [0] 0
Jul 31 08:51:46 witherspoon kernel[954]: [    0.000000] Built 1 zonelists in Zone order, mobility grouping on.  Total pages: 109600
Jul 31 08:51:46 witherspoon kernel[954]: [    0.000000] Kernel command line: console=ttyS4,115200n8 root=/dev/ram rw
Jul 31 08:51:46 witherspoon kernel[954]: [    0.000000] PID hash table entries: 2048 (order: 1, 8192 bytes)
Jul 31 08:51:46 witherspoon kernel[954]: [    0.000000] Dentry cache hash table entries: 65536 (order: 6, 262144 bytes)
Jul 31 08:51:46 witherspoon kernel[954]: [    0.000000] Inode-cache hash table entries: 32768 (order: 5, 131072 bytes)
Jul 31 08:51:46 witherspoon kernel[954]: [    0.000000] Memory: 430436K/442368K available (4065K kernel code, 280K rwdata, 1192K rodata, 284K init, 111K bss, 11932K reserved, 0K cma-reserved)
Jul 31 08:51:46 witherspoon kernel[954]: [    0.000000] Virtual kernel memory layout:
Jul 31 08:51:46 witherspoon kernel[954]: [    0.000000]     vector  : 0xffff0000 - 0xffff1000   (   4 kB)
Jul 31 08:51:46 witherspoon kernel[954]: [    0.000000]     fixmap  : 0xffc00000 - 0xfff00000   (3072 kB)
Jul 31 08:51:46 witherspoon kernel[954]: [    0.000000]     vmalloc : 0x9f800000 - 0xff800000   (1536 MB)
Jul 31 08:51:46 witherspoon kernel[954]: [    0.000000]     lowmem  : 0x80000000 - 0x9f000000   ( 496 MB)
Jul 31 08:51:46 witherspoon kernel[954]: [    0.000000]       .text : 0x80008000 - 0x804007a0   (4066 kB)
Jul 31 08:51:46 witherspoon kernel[954]: [    0.000000]       .init : 0x80585000 - 0x805cc000   ( 284 kB)
Jul 31 08:51:46 witherspoon kernel[954]: [    0.000000]       .data : 0x805cc000 - 0x80612358   ( 281 kB)
Jul 31 08:51:46 witherspoon kernel[954]: [    0.000000]        .bss : 0x80612358 - 0x8062e1f8   ( 112 kB)
Jul 31 08:51:46 witherspoon kernel[954]: [    0.000000] NR_IRQS:16 nr_irqs:16 16
Jul 31 08:51:46 witherspoon kernel[954]: [    0.000000] i2c controller registered, irq 16
Jul 31 08:51:46 witherspoon kernel[954]: [    0.000000] clocksource: moxart_timer: mask: 0xffffffff max_cycles: 0xffffffff, max_idle_ns: 77222644334 ns
Jul 31 08:51:46 witherspoon kernel[954]: [    0.000000] sched_clock: 32 bits at 100 Hz, resolution 10000000ns, wraps every 21474836475000000ns
Jul 31 08:51:46 witherspoon kernel[954]: [    0.090000] Calibrating delay loop... 789.70 BogoMIPS (lpj=3948544)
Jul 31 08:51:46 witherspoon kernel[954]: [    0.090000] pid_max: default: 32768 minimum: 301
Jul 31 08:51:46 witherspoon kernel[954]: [    0.090000] Mount-cache hash table entries: 1024 (order: 0, 4096 bytes)
Jul 31 08:51:46 witherspoon kernel[954]: [    0.090000] Mountpoint-cache hash table entries: 1024 (order: 0, 4096 bytes)
Jul 31 08:51:46 witherspoon kernel[954]: [    0.090000] CPU: Testing write buffer coherency: ok
Jul 31 08:51:46 witherspoon kernel[954]: [    0.090000] ftrace: allocating 14932 entries in 44 pages
Jul 31 08:51:46 witherspoon kernel[954]: [    0.120000] Setting up static identity map for 0x80008200 - 0x8000825c
Jul 31 08:51:46 witherspoon kernel[954]: [    0.120000] devtmpfs: initialized
Jul 31 08:51:46 witherspoon kernel[954]: [    0.140000] clocksource: jiffies: mask: 0xffffffff max_cycles: 0xffffffff, max_idle_ns: 19112604462750000 ns
Jul 31 08:51:46 witherspoon kernel[954]: [    0.140000] futex hash table entries: 256 (order: -1, 3072 bytes)
Jul 31 08:51:46 witherspoon kernel[954]: [    0.140000] pinctrl core: initialized pinctrl subsystem
Jul 31 08:51:46 witherspoon kernel[954]: [    0.140000] NET: Registered protocol family 16
Jul 31 08:51:46 witherspoon kernel[954]: [    0.140000] DMA: preallocated 256 KiB pool for atomic coherent allocations
Jul 31 08:51:46 witherspoon kernel[954]: [    0.210000] usbcore: registered new interface driver usbfs
Jul 31 08:51:46 witherspoon kernel[954]: [    0.210000] usbcore: registered new interface driver hub
Jul 31 08:51:46 witherspoon kernel[954]: [    0.210000] usbcore: registered new device driver usb
Jul 31 08:51:46 witherspoon kernel[954]: [    0.210000] clocksource: Switched to clocksource moxart_timer
Jul 31 08:51:46 witherspoon kernel[954]: [    0.220000] NET: Registered protocol family 2
Jul 31 08:51:46 witherspoon kernel[954]: [    0.220000] TCP established hash table entries: 4096 (order: 2, 16384 bytes)
Jul 31 08:51:46 witherspoon kernel[954]: [    0.220000] TCP bind hash table entries: 4096 (order: 2, 16384 bytes)
Jul 31 08:51:46 witherspoon kernel[954]: [    0.220000] TCP: Hash tables configured (established 4096 bind 4096)
Jul 31 08:51:46 witherspoon kernel[954]: [    0.220000] UDP hash table entries: 256 (order: 0, 4096 bytes)
Jul 31 08:51:46 witherspoon kernel[954]: [    0.220000] UDP-Lite hash table entries: 256 (order: 0, 4096 bytes)
Jul 31 08:51:46 witherspoon kernel[954]: [    0.220000] NET: Registered protocol family 1
Jul 31 08:51:46 witherspoon kernel[954]: [    0.220000] Trying to unpack rootfs image as initramfs...
Jul 31 08:51:46 witherspoon kernel[954]: [    1.900000] Freeing initrd memory: 1548K
Jul 31 08:51:46 witherspoon kernel[954]: [    1.900000] workingset: timestamp_bits=30 max_order=17 bucket_order=0
Jul 31 08:51:46 witherspoon kernel[954]: [    1.900000] squashfs: version 4.0 (2009/01/31) Phillip Lougher
Jul 31 08:51:46 witherspoon kernel[954]: [    1.900000] jffs2: version 2.2. (SUMMARY)  © 2001-2006 Red Hat, Inc.
Jul 31 08:51:46 witherspoon kernel[954]: [    1.900000] Block layer SCSI generic (bsg) driver version 0.4 loaded (major 250)
Jul 31 08:51:48 witherspoon openpower-update-manager[955]: Error PNOR current version is empty
Jul 31 08:51:46 witherspoon kernel[954]: [    1.900000] io scheduler noop registered
Jul 31 08:51:46 witherspoon kernel[954]: [    1.900000] io scheduler deadline registered
Jul 31 08:51:46 witherspoon kernel[954]: [    1.900000] io scheduler cfq registered (default)
Jul 31 08:51:46 witherspoon kernel[954]: [    2.050000] ipmi-bt-host 1e789140.ibt: Found bt bmc device
Jul 31 08:51:46 witherspoon kernel[954]: [    2.050000] ipmi-bt-host 1e789140.ibt: Using IRQ 22
Jul 31 08:51:46 witherspoon kernel[954]: [    2.050000] Serial: 8250/16550 driver, 6 ports, IRQ sharing enabled
Jul 31 08:51:46 witherspoon kernel[954]: [    2.050000] 1e783000.serial: ttyS0 at MMIO 0x1e783000 (irq = 23, base_baud = 1500000) is a 16550A
Jul 31 08:51:46 witherspoon kernel[954]: [    2.050000] 1e78d000.serial: ttyS1 at MMIO 0x1e78d000 (irq = 24, base_baud = 1500000) is a 16550A
Jul 31 08:51:46 witherspoon kernel[954]: [    2.050000] 1e784000.serial: ttyS4 at MMIO 0x1e784000 (irq = 25, base_baud = 1500000) is a 16550A
Jul 31 08:51:46 witherspoon kernel[954]: [    2.400000] console [ttyS4] enabled
Jul 31 08:51:46 witherspoon kernel[954]: [    2.400000] 1e787000.vuart: ttyS2 at MMIO 0x1e787000 (irq = 22, base_baud = 1500000) is a 16550A
Jul 31 08:51:46 witherspoon kernel[954]: [    2.590000] timeriomem_rng 1e6e2078.hwrng: 32bits from 0xf00e2078 @ 1us
Jul 31 08:51:46 witherspoon kernel[954]: [    2.600000] random: fast init done
Jul 31 08:51:46 witherspoon kernel[954]: [    2.640000] brd: module loaded
Jul 31 08:51:46 witherspoon kernel[954]: [    2.670000] loop: module loaded
Jul 31 08:51:46 witherspoon kernel[954]: [    2.670000] aspeed-lpc-ctrl 1e789080.lpc-ctrl: Loaded at 0x98000000 (0x04000000)
Jul 31 08:51:46 witherspoon kernel[954]: [    2.680000] aspeed-smc 1e620000.flash-controller: Using IRQ 18
Jul 31 08:51:46 witherspoon kernel[954]: [    2.680000] aspeed-smc 1e620000.flash-controller: DMA support disabled.
Jul 31 08:51:46 witherspoon kernel[954]: [    2.700000] aspeed-smc 1e620000.flash-controller: mx25l25635e (32768 Kbytes)
Jul 31 08:51:46 witherspoon kernel[954]: [    2.700000] aspeed-smc 1e620000.flash-controller: CE0 window [ 0x20000000 - 0x22000000 ] 32MB
Jul 31 08:51:46 witherspoon kernel[954]: [    2.700000] aspeed-smc 1e620000.flash-controller: CE1 window [ 0x22000000 - 0x2a000000 ] 128MB
Jul 31 08:51:46 witherspoon kernel[954]: [    2.720000] 5 ofpart partitions found on MTD device bmc
Jul 31 08:51:46 witherspoon kernel[954]: [    2.720000] Creating 5 MTD partitions on "bmc":
Jul 31 08:51:46 witherspoon kernel[954]: [    2.720000] 0x000000000000-0x000000060000 : "u-boot"
Jul 31 08:51:46 witherspoon kernel[954]: [    2.720000] 0x000000060000-0x000000080000 : "u-boot-env"
Jul 31 08:51:46 witherspoon kernel[954]: [    2.760000] 0x000000080000-0x0000004c0000 : "kernel"
Jul 31 08:51:46 witherspoon kernel[954]: [    2.760000] 0x0000004c0000-0x000001c00000 : "rofs"
Jul 31 08:51:46 witherspoon kernel[954]: [    2.780000] random: crng init done
Jul 31 08:51:46 witherspoon kernel[954]: [    2.780000] 0x000001c00000-0x000002000000 : "rwfs"
Jul 31 08:51:46 witherspoon kernel[954]: [    2.790000] aspeed-smc 1e620000.flash-controller: mx25l25635e (32768 Kbytes)
Jul 31 08:51:46 witherspoon kernel[954]: [    2.800000] aspeed-smc 1e620000.flash-controller: CE1 window [ 0x22000000 - 0x24000000 ] 32MB
Jul 31 08:51:46 witherspoon kernel[954]: [    2.800000] aspeed-smc 1e620000.flash-controller: CE2 window [ 0x24000000 - 0x2c000000 ] 128MB
Jul 31 08:51:46 witherspoon kernel[954]: [    2.810000] aspeed-smc 1e630000.flash-controller: mx66l1g45g (131072 Kbytes)
Jul 31 08:51:46 witherspoon kernel[954]: [    2.810000] aspeed-smc 1e630000.flash-controller: CE0 window resized to 120MB (AST2500 HW quirk)
Jul 31 08:51:46 witherspoon kernel[954]: [    2.840000] aspeed-smc 1e630000.flash-controller: CE0 window [ 0x30000000 - 0x37800000 ] 120MB
Jul 31 08:51:46 witherspoon kernel[954]: [    2.840000] aspeed-smc 1e630000.flash-controller: CE0 window too small for chip 128MB
Jul 31 08:51:46 witherspoon kernel[954]: [    2.840000] aspeed-smc 1e630000.flash-controller: CE1 window [ 0x37800000 - 0x38000000 ] 8MB
Jul 31 08:51:46 witherspoon kernel[954]: [    3.560000] libphy: Fixed MDIO Bus: probed
Jul 31 08:51:46 witherspoon kernel[954]: [    3.560000] ftgmac100 1e660000.ethernet: Read MAC address 70:e2:84:14:28:a9 from chip
Jul 31 08:51:46 witherspoon kernel[954]: [    3.650000] ftgmac100 1e660000.ethernet: Using NCSI interface
Jul 31 08:51:46 witherspoon kernel[954]: [    3.650000] ftgmac100 1e660000.ethernet eth0: irq 20, mapped at f0060000
Jul 31 08:51:46 witherspoon kernel[954]: [    3.650000] ehci_hcd: USB 2.0 'Enhanced' Host Controller (EHCI) Driver
Jul 31 08:51:46 witherspoon kernel[954]: [    3.650000] ehci-platform: EHCI generic platform driver
Jul 31 08:51:46 witherspoon kernel[954]: [    3.830000]  fsi0: can't read slave 00:00 -5
Jul 31 08:51:46 witherspoon kernel[954]: [    3.830000] i2c /dev entries driver
Jul 31 08:51:46 witherspoon kernel[954]: [    3.830000] aspeed-i2c-bus 1e78a0c0.i2c-bus: i2c bus 2 registered, irq 26
Jul 31 08:51:46 witherspoon kernel[954]: [    3.830000] aspeed-i2c-bus 1e78a100.i2c-bus: i2c bus 3 registered, irq 27
Jul 31 08:51:46 witherspoon kernel[954]: [    3.830000] aspeed-i2c-bus 1e78a140.i2c-bus: i2c bus 4 registered, irq 28
Jul 31 08:51:46 witherspoon kernel[954]: [    3.830000] aspeed-i2c-bus 1e78a180.i2c-bus: i2c bus 5 registered, irq 29
Jul 31 08:51:46 witherspoon kernel[954]: [    3.830000] aspeed-i2c-bus 1e78a380.i2c-bus: i2c bus 9 registered, irq 30
Jul 31 08:51:46 witherspoon kernel[954]: [    3.830000] aspeed-i2c-bus 1e78a3c0.i2c-bus: i2c bus 10 registered, irq 31
Jul 31 08:51:46 witherspoon kernel[954]: [    3.830000] rtc-rv8803 11-0032: Voltage low, temperature compensation stopped.
Jul 31 08:51:46 witherspoon kernel[954]: [    3.930000] rtc-rv8803 11-0032: rtc core: registered rx8900 as rtc0
Jul 31 08:51:46 witherspoon kernel[954]: [    3.940000] at24 11-0051: 8192 byte 24c64 EEPROM, writable, 1 bytes/write
Jul 31 08:51:46 witherspoon kernel[954]: [    3.940000] aspeed-i2c-bus 1e78a400.i2c-bus: i2c bus 11 registered, irq 32
Jul 31 08:51:46 witherspoon kernel[954]: [    3.940000] aspeed-i2c-bus 1e78a440.i2c-bus: i2c bus 12 registered, irq 33
Jul 31 08:51:46 witherspoon kernel[954]: [    3.940000] aspeed-i2c-bus 1e78a480.i2c-bus: i2c bus 13 registered, irq 34
Jul 31 08:51:46 witherspoon kernel[954]: [    3.940000] Driver for 1-wire Dallas network protocol.
Jul 31 08:51:46 witherspoon kernel[954]: [    3.940000] lm75 9-004a: hwmon0: sensor 'tmp275'
Jul 31 08:51:46 witherspoon kernel[954]: [    4.420000] max31785: probe of 3-0052 failed with error -5
Jul 31 08:51:46 witherspoon kernel[954]: [    4.430000] ucd9000 11-0064: Device ID UCD90160|2.3.4.0000|110603
Jul 31 08:51:46 witherspoon kernel[954]: [    4.750000] leds-pca955x 3-0060: leds-pca955x: Using pca9552 16-bit LED driver at slave address 0x60
Jul 31 08:51:46 witherspoon kernel[954]: [    4.780000] leds-pca955x 11-0060: leds-pca955x: Using pca9552 16-bit LED driver at slave address 0x60
Jul 31 08:51:46 witherspoon kernel[954]: [    4.790000] leds-pca955x 11-0060: gpios 264...279
Jul 31 08:51:46 witherspoon kernel[954]: [    4.790000] usbcore: registered new interface driver usbhid
Jul 31 08:51:49 witherspoon systemd[1]: Started OpenPower Software Update Manager.
Jul 31 08:51:46 witherspoon kernel[954]: [    4.800000] usbhid: USB HID core driver
Jul 31 08:51:49 witherspoon systemd[1]: Started Phosphor IPMI BT DBus Bridge.
Jul 31 08:51:46 witherspoon kernel[954]: [    4.830000] dps310 3-0076: iio:device1: sensor 'dps310'
Jul 31 08:51:46 witherspoon kernel[954]: [    4.830000] NET: Registered protocol family 10
Jul 31 08:51:46 witherspoon kernel[954]: [    4.840000] Segment Routing with IPv6
Jul 31 08:51:46 witherspoon kernel[954]: [    4.840000] NET: Registered protocol family 17
Jul 31 08:51:46 witherspoon kernel[954]: [    4.840000] 8021q: 802.1Q VLAN Support v1.8
Jul 31 08:51:46 witherspoon kernel[954]: [    4.860000] console [netcon0] enabled
Jul 31 08:51:46 witherspoon kernel[954]: [    4.860000] netconsole: network logging started
Jul 31 08:51:46 witherspoon kernel[954]: [    4.860000] input: gpio-keys as /devices/platform/gpio-keys/input/input0
Jul 31 08:51:46 witherspoon kernel[954]: [    4.880000] rtc-rv8803 11-0032: setting system clock to 2017-07-31 08:51:15 UTC (1501491075)
Jul 31 08:51:46 witherspoon kernel[954]: [    4.890000] Freeing unused kernel memory: 284K
Jul 31 08:51:46 witherspoon kernel[954]: [    4.890000] This architecture does not have kernel memory protection.
Jul 31 08:51:46 witherspoon kernel[954]: [    6.320000] jffs2: notice: (524) jffs2_build_xattr_subsystem: complete building xattr subsystem, 0 of xdatum (0 unchecked, 0 orphan) and 0 of xref (0 dead, 0 orphan) found.
Jul 31 08:51:46 witherspoon kernel[954]: [    8.490000] systemd[1]: Failed to insert module 'autofs4': No such file or directory
Jul 31 08:51:46 witherspoon kernel[954]: [    8.680000] systemd[1]: systemd 232 running in system mode. (+PAM -AUDIT -SELINUX -IMA -APPARMOR -SMACK +SYSVINIT -UTMP -LIBCRYPTSETUP -GCRYPT -GNUTLS +ACL +XZ -LZ4 -SECCOMP +BLKID -ELFUTILS +KMOD -IDN)
Jul 31 08:51:46 witherspoon kernel[954]: [    8.680000] systemd[1]: Detected architecture arm.
Jul 31 08:51:46 witherspoon kernel[954]: [    8.830000] systemd[1]: Set hostname to <witherspoon>.
Jul 31 08:51:46 witherspoon kernel[954]: [   10.560000] systemd[1]: Listening on /dev/initctl Compatibility Named Pipe.
Jul 31 08:51:46 witherspoon kernel[954]: [   10.720000] systemd[1]: Listening on udev Kernel Socket.
Jul 31 08:51:46 witherspoon kernel[954]: [   10.880000] systemd[1]: Listening on Journal Socket.
Jul 31 08:51:46 witherspoon kernel[954]: [   11.050000] systemd[1]: Started Forward Password Requests to Wall Directory Watch.
Jul 31 08:51:46 witherspoon kernel[954]: [   11.230000] systemd[1]: Started Dispatch Password Requests to Console Directory Watch.
Jul 31 08:51:46 witherspoon kernel[954]: [   11.410000] systemd[1]: Reached target Paths.
Jul 31 08:51:46 witherspoon kernel[954]: [   11.600000] systemd[1]: Listening on Network Service Netlink Socket.
Jul 31 08:51:46 witherspoon kernel[954]: [   13.870000] systemd[1]: Mounting Debug File System...
Jul 31 08:51:46 witherspoon kernel[954]: [   14.130000] systemd[1]: Starting udev Coldplug all Devices...
Jul 31 08:51:46 witherspoon kernel[954]: [   14.400000] systemd[1]: Created slice system-mapper\x2dwait.slice.
Jul 31 08:51:46 witherspoon kernel[954]: [   14.400000] systemd[1]: Created slice system-org.openbmc.buttons.Power.slice.
Jul 31 08:51:46 witherspoon kernel[954]: [   14.400000] systemd[1]: Created slice system-op\x2dreset\x2dchassis\x2don.slice.
Jul 31 08:51:46 witherspoon kernel[954]: [   14.680000] systemd[1]: Created slice system-org.openbmc.control.Bmc.slice.
Jul 31 08:51:46 witherspoon kernel[954]: [   14.960000] systemd[1]: Created slice system-phosphor\x2dcooling\x2dtype.slice.
Jul 31 08:51:46 witherspoon kernel[954]: [   15.250000] systemd[1]: Created slice system-phosphor\x2dreset\x2dhost\x2dcheck.slice.
Jul 31 08:51:46 witherspoon kernel[954]: [   15.550000] systemd[1]: Created slice system-org.openbmc.control.Chassis.slice.
Jul 31 08:51:46 witherspoon kernel[954]: [   15.850000] systemd[1]: Created slice system-phosphor\x2ddiscover\x2dsystem\x2dstate.slice.
Jul 31 08:51:46 witherspoon kernel[954]: [   18.880000] systemd[1]: Created slice system-phosphor\x2dreset\x2dhost\x2drunning.slice.
Jul 31 08:51:46 witherspoon kernel[954]: [   19.250000] systemd[1]: Created slice system-serial\x2dgetty.slice.
Jul 31 08:51:46 witherspoon kernel[954]: [   19.630000] systemd[1]: Mounted Debug File System.
Jul 31 08:51:46 witherspoon kernel[954]: [   20.010000] systemd[1]: Mounted Temporary Directory.
Jul 31 08:51:46 witherspoon kernel[954]: [   20.400000] systemd[1]: Started Journal Service.
Jul 31 08:51:46 witherspoon kernel[954]: [   22.030000] systemd-journald[651]: Received request to flush runtime journal from PID 1
Jul 31 08:51:48 witherspoon avahi-daemon[957]: Successfully called chroot().
Jul 31 08:51:48 witherspoon avahi-daemon[957]: Successfully dropped remaining capabilities.
Jul 31 08:51:48 witherspoon avahi-daemon[957]: Loading service file /services/obmc_console.service.
Jul 31 08:51:48 witherspoon avahi-daemon[957]: Loading service file /services/phosphor_rest.service.
Jul 31 08:51:48 witherspoon avahi-daemon[957]: Loading service file /services/sftp-ssh.service.
Jul 31 08:51:48 witherspoon avahi-daemon[957]: Loading service file /services/sftp.service.
Jul 31 08:51:48 witherspoon avahi-daemon[957]: Loading service file /services/ssh.service.
Jul 31 08:51:48 witherspoon avahi-daemon[957]: Network interface enumeration completed.
Jul 31 08:51:48 witherspoon avahi-daemon[957]: Server startup complete. Host name is witherspoon.local. Local service cookie is 1672540888.
Jul 31 08:51:48 witherspoon avahi-daemon[957]: Service "witherspoon" (/services/ssh.service) successfully established.
Jul 31 08:51:48 witherspoon avahi-daemon[957]: Service "sftp" (/services/sftp.service) successfully established.
Jul 31 08:51:48 witherspoon avahi-daemon[957]: Service "witherspoon" (/services/sftp-ssh.service) successfully established.
Jul 31 08:51:48 witherspoon avahi-daemon[957]: Service "phosphor_rest" (/services/phosphor_rest.service) successfully established.
Jul 31 08:51:48 witherspoon avahi-daemon[957]: Service "obmc_console" (/services/obmc_console.service) successfully established.
Jul 31 08:51:49 witherspoon systemd[1]: Started Phosphor Download Manager.
Jul 31 08:51:49 witherspoon systemd[1]: Started Phosphor LED Group Management Daemon.
Jul 31 08:51:50 witherspoon systemd[1]: Started Avahi mDNS/DNS-SD Stack.
Jul 31 08:51:50 witherspoon systemd[1]: Started Phosphor BMC0 Control.
Jul 31 08:51:50 witherspoon systemd[1]: Started OpenBMC Software Update Manager.
Jul 31 08:51:50 witherspoon systemd[1]: Starting Phosphor Chassis0 Control...
Jul 31 08:51:50 witherspoon systemd[1]: Started Phosphor Console Muxer listening on device /dev/ttyVUART0.
Jul 31 08:51:50 witherspoon systemd[1]: Started Phosphor sysfs LED controller.
Jul 31 08:51:51 witherspoon systemd[1]: Started Phosphor sysfs LED controller.
Jul 31 08:51:51 witherspoon systemd[1]: Started Phosphor sysfs LED controller.
Jul 31 08:51:51 witherspoon systemd[1]: Starting Clear one time boot overrides...
Jul 31 08:51:51 witherspoon systemd[1]: Starting Phosphor Version Software Manager...
Jul 31 08:51:52 witherspoon systemd[1]: Started Phosphor sysfs LED controller.
Jul 31 08:51:52 witherspoon systemd[1]: Started Phosphor sysfs LED controller.
Jul 31 08:51:52 witherspoon systemd[1]: Started Hardware RNG Entropy Gatherer Daemon.
Jul 31 08:51:52 witherspoon systemd[1]: Starting Phosphor Inventory Manager...
Jul 31 08:51:53 witherspoon systemd[1]: Started Phosphor sysfs LED controller.
Jul 31 08:51:53 witherspoon systemd[1]: Started Phosphor sysfs LED controller.
Jul 31 08:51:53 witherspoon systemd[1]: Starting Phosphor Dump Manager...
Jul 31 08:51:53 witherspoon systemd[1]: Starting Phosphor Log Manager...
Jul 31 08:51:53 witherspoon systemd[1]: Starting Phosphor User Manager...
Jul 31 08:51:53 witherspoon systemd[1]: Starting Phosphor Settings Daemon...
Jul 31 08:51:53 witherspoon systemd[1]: Started Daily Cleanup of Temporary Directories.
Jul 31 08:51:53 witherspoon systemd[1]: Reached target Timers.
Jul 31 08:51:54 witherspoon systemd[1]: Starting Phosphor Download Manager...
Jul 31 08:51:54 witherspoon systemd[1]: Starting Network Service...
Jul 31 08:51:54 witherspoon systemd[1]: Starting Phosphor Inventory Manager...
Jul 31 08:51:54 witherspoon systemd[1]: Started System Logging Service.
Jul 31 08:51:55 witherspoon systemd[1]: Started Clear one time boot overrides.
Jul 31 08:51:55 witherspoon systemd[1]: Started Phosphor Log Manager.
Jul 31 08:51:55 witherspoon systemd[1]: Started Phosphor Inventory Manager.
Jul 31 08:51:55 witherspoon systemd[1]: Started Phosphor Settings Daemon.
Jul 31 08:51:56 witherspoon systemd-networkd[988]: Could not create runtime directory: File exists
Jul 31 08:51:56 witherspoon systemd-networkd[988]: Could not create runtime directory 'links': File exists
Jul 31 08:51:56 witherspoon systemd-networkd[988]: Could not create runtime directory 'leases': File exists
Jul 31 08:51:57 witherspoon systemd[1]: Started Phosphor Dump Manager.
Jul 31 08:51:57 witherspoon systemd-networkd[988]: Enumeration completed
Jul 31 08:51:58 witherspoon systemd[1]: Started Network Service.
Jul 31 08:51:58 witherspoon systemd[1]: Reached target Network.
Jul 31 08:51:58 witherspoon systemd[1]: Started Lightweight SLP Server.
Jul 31 08:51:58 witherspoon systemd[1]: Starting Permit User Sessions...
Jul 31 08:51:58 witherspoon avahi-daemon[957]: Joining mDNS multicast group on interface eth0.IPv4 with address 9.3.21.61.
Jul 31 08:51:58 witherspoon systemd-networkd[988]: eth0: IPv6 enabled for interface: Success
Jul 31 08:51:58 witherspoon avahi-daemon[957]: New relevant interface eth0.IPv4 for mDNS.
Jul 31 08:51:58 witherspoon systemd-networkd[988]: eth0: Gained carrier
Jul 31 08:51:58 witherspoon avahi-daemon[957]: Registering new address record for 9.3.21.61 on eth0.IPv4.
Jul 31 08:51:58 witherspoon systemd-timesyncd[924]: Network configuration changed, trying to establish connection.
Jul 31 08:51:58 witherspoon systemd[1]: Started Phosphor Version Software Manager.
Jul 31 08:51:58 witherspoon systemd[1]: Started Permit User Sessions.
Jul 31 08:51:58 witherspoon systemd[1]: Started Serial Getty on ttyS4.
Jul 31 08:51:58 witherspoon systemd[1]: Reached target Login Prompts.
Jul 31 08:51:58 witherspoon systemd[1]: Reached target Multi-User System.
Jul 31 08:51:59 witherspoon avahi-daemon[957]: Joining mDNS multicast group on interface eth0.IPv6 with address fe80::72e2:84ff:fe14:28a9.
Jul 31 08:51:59 witherspoon systemd-networkd[988]: eth0: Gained IPv6LL
Jul 31 08:51:59 witherspoon avahi-daemon[957]: New relevant interface eth0.IPv6 for mDNS.
Jul 31 08:51:59 witherspoon avahi-daemon[957]: Registering new address record for fe80::72e2:84ff:fe14:28a9 on eth0.*.
Jul 31 08:52:01 witherspoon kernel: ftgmac100 1e660000.ethernet eth0: NCSI interface up
Jul 31 08:52:01 witherspoon kernel[954]: [   50.690000] ftgmac100 1e660000.ethernet eth0: NCSI interface up
Jul 31 08:52:08 witherspoon systemd[1]: Created slice system-dropbear.slice.
Jul 31 08:52:08 witherspoon systemd[1]: Started SSH Per-Connection Server (9.41.165.94:36106).
Jul 31 08:52:09 witherspoon dropbear[1000]: Failed loading /etc/dropbear/dropbear_dss_host_key
Jul 31 08:52:09 witherspoon dropbear[1000]: Failed loading /etc/dropbear/dropbear_ecdsa_host_key
Jul 31 08:52:09 witherspoon dropbear[1000]: Child connection from ::ffff:9.41.165.94:36106
Jul 31 08:52:10 witherspoon sensor_manager2.py[960]: Setting boot count to 3
Jul 31 08:52:10 witherspoon netman.py[958]: Started
Jul 31 08:52:10 witherspoon systemd[1]: Started Phosphor Network Manager.
Jul 31 08:52:10 witherspoon download_manager.py[987]: Running Download Manager
Jul 31 08:52:10 witherspoon systemd[1]: Started Phosphor Download Manager.
Jul 31 08:52:10 witherspoon sensor_manager2.py[960]: Starting sensor manager
Jul 31 08:52:10 witherspoon systemd[1]: Started Phosphor Sensor Manager.
Jul 31 08:52:10 witherspoon phosphor-mapper[961]: ObjectMapper startup complete.  Discovery in progress...
Jul 31 08:52:10 witherspoon chassis_control.py[967]: Running ChassisControlService
Jul 31 08:52:10 witherspoon systemd[1]: Started Phosphor Chassis0 Control.
Jul 31 08:52:11 witherspoon avahi-daemon[963]: ../../avahi-0.6.32/avahi-daemon/chroot.c: open() failed: No such file or directory
Jul 31 08:52:11 witherspoon avahi-daemon[957]: Failed to open /usr/share/dbus-1/interfaces/org.freedesktop.Avahi.Server.xml: Invalid argument
Jul 31 08:52:11 witherspoon avahi-daemon[957]: Failed to load introspection data.
Jul 31 08:52:11 witherspoon dropbear[1000]: PAM password auth succeeded for 'root' from ::ffff:9.41.165.94:36106
Jul 31 08:52:11 witherspoon dropbear[1001]: lastlog_perform_login: Couldn't stat /var/log/lastlog: No such file or directory
Jul 31 08:52:11 witherspoon dropbear[1001]: lastlog_openseek: /var/log/lastlog is not a file or directory!
Jul 31 08:52:12 witherspoon systemd-networkd[988]: eth0: Configured
Jul 31 08:52:12 witherspoon systemd-timesyncd[924]: Network configuration changed, trying to establish connection.
Jul 31 08:52:14 witherspoon inventory_items.py[979]: Loading from cache: /var/cache/obmc/org.openbmc.inventory.system.chassis.motherboard.apss@org.openbmc.InventoryItem.props
Jul 31 08:52:14 witherspoon inventory_items.py[979]: Loading from cache: /var/cache/obmc/org.openbmc.inventory.system.chassis.motherboard@org.openbmc.InventoryItem.props
Jul 31 08:52:14 witherspoon inventory_items.py[979]: Loading from cache: /var/cache/obmc/org.openbmc.inventory.system.chassis.motherboard.refclock@org.openbmc.InventoryItem.props
Jul 31 08:52:14 witherspoon inventory_items.py[979]: Loading from cache: /var/cache/obmc/org.openbmc.inventory.system.chassis.motherboard.todclock@org.openbmc.InventoryItem.props
Jul 31 08:52:14 witherspoon inventory_items.py[979]: Loading from cache: /var/cache/obmc/org.openbmc.inventory.system.chassis.motherboard.bmc@org.openbmc.InventoryItem.props
Jul 31 08:52:14 witherspoon inventory_items.py[979]: Caching: /org/openbmc/inventory/system/chassis/motherboard/bmc
Jul 31 08:52:14 witherspoon inventory_items.py[979]: Loading from cache: /var/cache/obmc/org.openbmc.inventory.system.chassis.motherboard.pcieclock@org.openbmc.InventoryItem.props
Jul 31 08:52:14 witherspoon inventory_items.py[979]: Running Inventory Manager
Jul 31 08:52:14 witherspoon systemd[1]: Started Phosphor Inventory Manager.
Jul 31 08:52:17 witherspoon systemd[1]: Started Phosphor User Manager.
Jul 31 08:52:17 witherspoon obmc-phosphor-userd[985]: Started
Jul 31 08:52:22 witherspoon phosphor-mapper[961]: ObjectMapper discovery complete
Jul 31 08:52:22 witherspoon systemd[1]: Started Phosphor DBus Service Discovery Manager.
Jul 31 08:52:22 witherspoon systemd[1]: Started Phosphor Hwmon Poller.
Jul 31 08:52:22 witherspoon systemd[1]: Started Phosphor Hwmon Poller.
Jul 31 08:52:22 witherspoon systemd[1]: Reached target Phosphor Object Mapper.
Jul 31 08:52:22 witherspoon systemd[1]: Starting Phoshpor System Manager...
Jul 31 08:52:22 witherspoon systemd[1]: Starting Wait for /org/openbmc/control/power0...
Jul 31 08:52:22 witherspoon systemd[1]: Starting Wait for /xyz/openbmc_project/state/chassis0...
Jul 31 08:52:23 witherspoon systemd[1]: Starting Phosphor Settings Manager...
Jul 31 08:52:23 witherspoon systemd[1]: Reached target Webserver (pre).
Jul 31 08:52:23 witherspoon systemd[1]: Started Phosphor Webserver.
Jul 31 08:52:23 witherspoon systemd[1]: Starting Wait for /org/openbmc/control/bmc0...
Jul 31 08:52:23 witherspoon systemd[1]: Started Phosphor DBus Monitor.
Jul 31 08:52:23 witherspoon systemd[1]: Starting Wait for /xyz/openbmc_project/control/host0...
Jul 31 08:52:23 witherspoon systemd[1]: Starting Phosphor Network Manager...
Jul 31 08:52:23 witherspoon systemd[1]: Starting Wait for /xyz/openbmc_project/led/groups...
Jul 31 08:52:23 witherspoon systemd[1]: Starting Wait for /xyz/openbmc_project/state/host0...
Jul 31 08:52:23 witherspoon systemd[1]: Starting Wait for /org/openbmc/managers/Download...
Jul 31 08:52:23 witherspoon systemd[1]: Starting Wait for /org/openbmc/managers/System...
Jul 31 08:52:23 witherspoon systemd[1]: Starting Wait for /xyz/openbmc_project/led/groups/bmc_booted...
Jul 31 08:52:23 witherspoon systemd[1]: Starting Wait for /xyz/openbmc_project/inventory...
Jul 31 08:52:23 witherspoon systemd[1]: Starting Wait for /org/openbmc/NetworkManager/Interface...
Jul 31 08:52:23 witherspoon systemd[1]: Starting Wait for /org/openbmc/control/flash/bios...
Jul 31 08:52:23 witherspoon systemd[1]: Started Phosphor Hwmon Poller.
Jul 31 08:52:23 witherspoon systemd[1]: Started Phosphor Hwmon Poller.
Jul 31 08:52:23 witherspoon systemd[1]: Started Phosphor Hwmon Poller.
Jul 31 08:52:29 witherspoon phosphor-network-manager[1017]: ConfigParser: Section not found
Jul 31 08:52:29 witherspoon phosphor-network-manager[1017]: The operation failed internally.
Jul 31 08:52:29 witherspoon systemd[1]: Started Wait for /org/openbmc/NetworkManager/Interface.
Jul 31 08:52:29 witherspoon systemd[1]: Started Phosphor DNS Settings Cache Manager.
Jul 31 08:52:29 witherspoon systemd[1]: Started Wait for /xyz/openbmc_project/inventory.
Jul 31 08:52:30 witherspoon systemd[1]: Starting Read OpenPOWER-format VPD from EEPROM...
Jul 31 08:52:30 witherspoon systemd[1]: Started Phosphor Cooling Type.
Jul 31 08:52:30 witherspoon systemd[1]: Starting OpenPOWER OCC controller...
Jul 31 08:52:30 witherspoon systemd[1]: Started Wait for /org/openbmc/control/bmc0.
Jul 31 08:52:30 witherspoon systemd[1]: Started Wait for /xyz/openbmc_project/led/groups.
Jul 31 08:52:30 witherspoon systemd[1]: Started Wait for /org/openbmc/managers/Download.
Jul 31 08:52:30 witherspoon systemd[1]: Started Wait for /xyz/openbmc_project/led/groups/bmc_booted.
Jul 31 08:52:30 witherspoon systemd[1]: Starting Assert bmc_booted LED...
Jul 31 08:52:30 witherspoon systemd[1]: Starting Phosphor BIOS Code Update...
Jul 31 08:52:30 witherspoon systemd[1]: Started FRU Fault monitor service.
Jul 31 08:52:30 witherspoon systemd[1]: Starting Phosphor BMC Code Update...
Jul 31 08:52:31 witherspoon systemd[1]: Started Phosphor BIOS Code Update.
Jul 31 08:52:33 witherspoon systemd[1]: Started Assert bmc_booted LED.
Jul 31 08:52:36 witherspoon systemd[1]: Started Wait for /org/openbmc/control/flash/bios.
Jul 31 08:52:36 witherspoon systemd[1]: Started Initialize BIOS Flash.
Jul 31 08:52:38 witherspoon system_manager.py[1009]: Running System State: BASE_APPS
Jul 31 08:52:37 witherspoon phosphor-network-manager[1017]: ConfigParser: Section not found
Jul 31 08:52:37 witherspoon phosphor-network-manager[1017]: The operation failed internally.
Jul 31 08:52:37 witherspoon phosphor-network-manager[1017]: ConfigParser: Key not found
Jul 31 08:52:37 witherspoon phosphor-network-manager[1017]: The operation failed internally.
Jul 31 08:52:38 witherspoon system_manager.py[1009]: SystemManager Init Done
Jul 31 08:52:38 witherspoon system_manager.py[1009]: Running SystemManager
Jul 31 08:52:38 witherspoon systemd[1]: Started Phoshpor System Manager.
Jul 31 08:52:38 witherspoon systemd[1]: Started OpenPOWER OCC controller.
Jul 31 08:52:38 witherspoon phosphor-log-manager[984]: Failed to find metadata
Jul 31 08:52:38 witherspoon phosphor-fru-fault-monitor[1043]: /xyz/openbmc_project/logging/entry/1
Jul 31 08:52:39 witherspoon dbus[962]: [system] Activating via systemd: service name='org.freedesktop.hostname1' unit='dbus-org.freedesktop.hostname1.service'
Jul 31 08:52:39 witherspoon systemd[1]: Starting Hostname Service...
Jul 31 08:52:39 witherspoon system_manager.py[1009]: SystemManager Goto System State: BMC_STARTING
Jul 31 08:52:39 witherspoon system_manager.py[1009]: Running System State: BMC_STARTING
Jul 31 08:52:39 witherspoon dbus[962]: [system] Successfully activated service 'org.freedesktop.hostname1'
Jul 31 08:52:39 witherspoon systemd[1]: Started Hostname Service.
Jul 31 08:52:40 witherspoon settings_manager.py[1012]: Running HostSettingsService
Jul 31 08:52:39 witherspoon systemd[1]: Started Phosphor Network Manager.
Jul 31 08:52:40 witherspoon systemd[1]: Started Phosphor Settings Manager.
Jul 31 08:52:40 witherspoon systemd[1]: Starting Wait for /org/openbmc/settings/host0...
Jul 31 08:52:40 witherspoon flash_bios.exe[1042]: Starting flasher: bios,,/org/openbmc/control/flash/bios,
Jul 31 08:52:40 witherspoon flash_bios.exe[1042]: flasher: , BMC = 1, address = 0x0
Jul 31 08:52:40 witherspoon flash_bios.exe[1042]: Setting up flash
Jul 31 08:52:40 witherspoon flash_bios.exe[1042]: Starting flasher: bios,,/org/openbmc/control/flash/bios,
Jul 31 08:52:40 witherspoon flash_bios.exe[1042]: flasher: , BMC = 1, address = 0x0
Jul 31 08:52:40 witherspoon flash_bios.exe[1042]: Setting up flash
Jul 31 08:52:41 witherspoon systemd[1]: Started Phosphor BMC Code Update.
Jul 31 08:52:41 witherspoon bmc_update.py[1044]: Running Bmc Flash Control
Jul 31 08:52:43 witherspoon systemd[1]: Started Read OpenPOWER-format VPD from EEPROM.
Jul 31 08:52:45 witherspoon systemd[1]: Started Wait for /org/openbmc/managers/System.
Jul 31 08:52:45 witherspoon systemd[1]: Starting Phosphor Chassis State Manager...
Jul 31 08:52:45 witherspoon systemd[1]: Starting Phosphor Power Button0...
Jul 31 08:52:45 witherspoon systemd[1]: Starting Phosphor Power0 Control...
Jul 31 08:52:45 witherspoon systemd[1]: Starting Phosphor Reset Button0...
Jul 31 08:52:45 witherspoon systemd[1]: Starting Phosphor Host State Manager...
Jul 31 08:52:45 witherspoon systemd[1]: Starting Phosphor BMC State Manager...
Jul 31 08:52:45 witherspoon phosphor-bmc-state-manager[1071]: Setting the BMCState field
Jul 31 08:52:45 witherspoon phosphor-bmc-state-manager[1071]: Setting the BMCState field
Jul 31 08:52:46 witherspoon systemd[1]: Started Phosphor BMC State Manager.
Jul 31 08:52:46 witherspoon systemd[1]: Started Wait for /org/openbmc/settings/host0.
Jul 31 08:52:46 witherspoon systemd[1]: Started Phosphor Inband IPMI.
Jul 31 08:52:47 witherspoon phosphor-chassis-state-manager[1066]: Initial Chassis State will be Off
Jul 31 08:52:47 witherspoon systemd[1]: Started Phosphor Chassis State Manager.
Jul 31 08:52:48 witherspoon button_power.exe[1067]: GPIO Lookup:  POWER_BUTTON = 347,both
Jul 31 08:52:48 witherspoon button_reset.exe[1069]: GPIO Lookup:  RESET_BUTTON = 353,both
Jul 31 08:52:48 witherspoon systemd[1]: Started Phosphor Power Button0.
Jul 31 08:52:48 witherspoon systemd[1]: Started Phosphor Reset Button0.
Jul 31 08:52:49 witherspoon phosphor-host-state-manager[1070]: Initial Host State will be Off
Jul 31 08:52:49 witherspoon system_manager.py[1009]: New object: /org/openbmc/control/power0 (:1.76)
Jul 31 08:52:49 witherspoon system_manager.py[1009]: Power GPIO config: ['SYS_PWROK_BUFF', '', [('SOFTWARE_PGOOD', True), ('BMC_POWER_UP', True)], [('BMC_CP0_RESET_N', False)], [], 'FSI_DATA', 'FSI_CLK', 'FSI_ENABLE', 'CRONUS_SEL', []]
Jul 31 08:52:49 witherspoon power_control.exe[1068]: Power GPIO latch output:
Jul 31 08:52:49 witherspoon power_control.exe[1068]: Power GPIO power good input: SYS_PWROK_BUFF
Jul 31 08:52:49 witherspoon power_control.exe[1068]: Power GPIO 2 power_up outputs
Jul 31 08:52:49 witherspoon power_control.exe[1068]: Power GPIO power_up[0] = SOFTWARE_PGOOD active HIGH
Jul 31 08:52:50 witherspoon power_control.exe[1068]: Power GPIO power_up[1] = BMC_POWER_UP active HIGH
Jul 31 08:52:50 witherspoon power_control.exe[1068]: Power GPIO 1 reset outputs
Jul 31 08:52:50 witherspoon power_control.exe[1068]: Power GPIO reset[0] = BMC_CP0_RESET_N active LOW
Jul 31 08:52:50 witherspoon power_control.exe[1068]: Power GPIO 0 pci reset outputs
Jul 31 08:52:50 witherspoon power_control.exe[1068]: FSI DATA GPIO: FSI_DATA
Jul 31 08:52:50 witherspoon power_control.exe[1068]: FSI CLK GPIO: FSI_CLK
Jul 31 08:52:50 witherspoon power_control.exe[1068]: FSI ENABLE GPIO: FSI_ENABLE
Jul 31 08:52:50 witherspoon power_control.exe[1068]: CRONUS SEL GPIO: CRONUS_SEL
Jul 31 08:52:50 witherspoon power_control.exe[1068]: Hostctl GPIO optionals: 0
Jul 31 08:52:50 witherspoon power_control.exe[1068]: GPIO Lookup:  SYS_PWROK_BUFF = 306,in
Jul 31 08:52:50 witherspoon power_control.exe[1068]: GPIO Lookup:  SOFTWARE_PGOOD = 417,out
Jul 31 08:52:50 witherspoon power_control.exe[1068]: GPIO Lookup:  BMC_POWER_UP = 305,out
Jul 31 08:52:50 witherspoon power_control.exe[1068]: GPIO Lookup:  BMC_CP0_RESET_N = 281,out
Jul 31 08:52:50 witherspoon power_control.exe[1068]: Pgood state: 0
Jul 31 08:52:50 witherspoon systemd[1]: Started Phosphor Power0 Control.
Jul 31 08:52:51 witherspoon systemd[1]: Started Phosphor Host State Manager.
Jul 31 08:52:54 witherspoon systemd[1]: Started Wait for /xyz/openbmc_project/state/chassis0.
Jul 31 08:52:56 witherspoon system_manager.py[1009]: SystemManager Goto System State: BMC_READY
Jul 31 08:52:56 witherspoon system_manager.py[1009]: Running System State: BMC_READY
Jul 31 08:52:56 witherspoon systemd[1]: Started Wait for /org/openbmc/control/power0.
Jul 31 08:52:56 witherspoon systemd[1]: Starting Phosphor Time Manager daemon...
Jul 31 08:52:56 witherspoon systemd[1]: Starting Check Chassis0 pgood and create a file to indicate it...
Jul 31 08:52:56 witherspoon systemd[1]: Started Wait for /xyz/openbmc_project/control/host0.
Jul 31 08:52:56 witherspoon timemanager[1097]: Registering dbus methods
Jul 31 08:52:56 witherspoon timemanager[1097]: Last known time_mode: MANUAL
Jul 31 08:52:56 witherspoon timemanager[1097]: Last known time_owner: BMC
Jul 31 08:52:56 witherspoon timemanager[1097]: Empty DhcpNtp string
Jul 31 08:52:56 witherspoon timemanager[1097]: Reading Power Control key: pgood
Jul 31 08:52:57 witherspoon systemd[1]: Started Wait for /xyz/openbmc_project/state/host0.
Jul 31 08:52:57 witherspoon systemd[1]: Starting Reboot If Enabled...
Jul 31 08:52:57 witherspoon timemanager[1097]: Changing settings *allowed* now
Jul 31 08:52:57 witherspoon timemanager[1097]: Getting System Settings: time_mode
Jul 31 08:52:57 witherspoon systemd[1]: Started Check Chassis0 pgood and create a file to indicate it.
Jul 31 08:52:57 witherspoon systemd[1]: Reached target Chassis0 power on after reset.
Jul 31 08:52:57 witherspoon systemd[1]: Reached target Chassis0 (Reset Check).
Jul 31 08:52:57 witherspoon systemd[1]: Reached target Host0 running after reset.
Jul 31 08:52:57 witherspoon systemd[1]: Reached target Host0 (Reset Check).
Jul 31 08:52:57 witherspoon timemanager[1097]: Requested_Mode: MANUAL Current_Mode: MANUAL
Jul 31 08:52:57 witherspoon timemanager[1097]: Mode is already set to : MANUAL
Jul 31 08:52:57 witherspoon timemanager[1097]: Getting System Settings: time_owner
Jul 31 08:52:57 witherspoon timemanager[1097]: Owner is already set to : BMC
Jul 31 08:52:57 witherspoon timemanager[1097]: Getting System Settings: use_dhcp_ntp
Jul 31 08:52:57 witherspoon phosphor-discover-system-state[1108]: Host power is off, checking power policy
Jul 31 08:52:57 witherspoon systemd[1]: Started Reboot If Enabled.
Jul 31 08:52:58 witherspoon timemanager[1097]: use_dhcp_ntp = yes
Jul 31 08:52:58 witherspoon timemanager[1097]: Last known host_offset:0
Jul 31 08:52:58 witherspoon timemanager[1097]: Initial Uptime Usec: 1501491070613240
Jul 31 08:52:58 witherspoon systemd[1]: Started Phosphor Time Manager daemon.
Jul 31 08:52:58 witherspoon systemd[1]: Reached target Phosphor System - Standby.
Jul 31 08:52:58 witherspoon systemd[1]: Startup finished in 8.351s (kernel) + 1min 39.069s (userspace) = 1min 47.420s.
Jul 31 08:52:58 witherspoon phosphor-bmc-state-manager[1071]: BMC_READY
Jul 31 08:52:58 witherspoon phosphor-bmc-state-manager[1071]: Setting the BMCState field
Jul 31 08:53:03 witherspoon phosphor-gevent[1013]: Traceback (most recent call last):
Jul 31 08:53:03 witherspoon phosphor-gevent[1013]:   File "/usr/lib/python2.7/site-packages/gevent/greenlet.py", line 327, in run
Jul 31 08:53:03 witherspoon phosphor-gevent[1013]:     result = self._run(*self.args, **self.kwargs)
Jul 31 08:53:03 witherspoon phosphor-gevent[1013]:   File "/usr/lib/python2.7/site-packages/gevent/server.py", line 102, in wrap_socket_and_handle
Jul 31 08:53:03 witherspoon phosphor-gevent[1013]:     ssl_socket = self.wrap_socket(client_socket, **self.ssl_args)
Jul 31 08:53:03 witherspoon phosphor-gevent[1013]:   File "/usr/lib/python2.7/site-packages/gevent/ssl.py", line 404, in wrap_socket
Jul 31 08:53:03 witherspoon phosphor-gevent[1013]:     ciphers=ciphers)
Jul 31 08:53:03 witherspoon phosphor-gevent[1013]:   File "/usr/lib/python2.7/site-packages/gevent/ssl.py", line 113, in __init__
Jul 31 08:53:03 witherspoon phosphor-gevent[1013]:     self.do_handshake()
Jul 31 08:53:03 witherspoon phosphor-gevent[1013]:   File "/usr/lib/python2.7/site-packages/gevent/ssl.py", line 324, in do_handshake
Jul 31 08:53:03 witherspoon phosphor-gevent[1013]:     return self._sslobj.do_handshake()
Jul 31 08:53:03 witherspoon phosphor-gevent[1013]: SSLEOFError: EOF occurred in violation of protocol (_ssl.c:590)
Jul 31 08:53:03 witherspoon phosphor-gevent[1013]: <Greenlet at 0x760743f0: <bound method WSGIServer.wrap_socket_and_handle of <WSGIServer at 0x7604ab50 fileno=5 address=('::34e2:f576:b0bd:6b76%1986772384', 443, 0, 1986772384)>>(<socket at 0x75f21830 fileno=9>, ('::80c9:6976:8e91:f402%1995754268', 37128, 0, 199)> failed with SSLEOFError
Jul 31 08:53:03 witherspoon phosphor-gevent[1013]: Traceback (most recent call last):
Jul 31 08:53:03 witherspoon phosphor-gevent[1013]:   File "/usr/lib/python2.7/site-packages/gevent/greenlet.py", line 327, in run
Jul 31 08:53:03 witherspoon phosphor-gevent[1013]:     result = self._run(*self.args, **self.kwargs)
Jul 31 08:53:03 witherspoon phosphor-gevent[1013]:   File "/usr/lib/python2.7/site-packages/gevent/server.py", line 102, in wrap_socket_and_handle
Jul 31 08:53:03 witherspoon phosphor-gevent[1013]:     ssl_socket = self.wrap_socket(client_socket, **self.ssl_args)
Jul 31 08:53:03 witherspoon phosphor-gevent[1013]:   File "/usr/lib/python2.7/site-packages/gevent/ssl.py", line 404, in wrap_socket
Jul 31 08:53:03 witherspoon phosphor-gevent[1013]:     ciphers=ciphers)
Jul 31 08:53:03 witherspoon phosphor-gevent[1013]:   File "/usr/lib/python2.7/site-packages/gevent/ssl.py", line 113, in __init__
Jul 31 08:53:03 witherspoon phosphor-gevent[1013]:     self.do_handshake()
Jul 31 08:53:03 witherspoon phosphor-gevent[1013]:   File "/usr/lib/python2.7/site-packages/gevent/ssl.py", line 324, in do_handshake
Jul 31 08:53:03 witherspoon phosphor-gevent[1013]:     return self._sslobj.do_handshake()
Jul 31 08:53:03 witherspoon phosphor-gevent[1013]: SSLEOFError: EOF occurred in violation of protocol (_ssl.c:590)
Jul 31 08:53:03 witherspoon phosphor-gevent[1013]: <Greenlet at 0x760746c0: <bound method WSGIServer.wrap_socket_and_handle of <WSGIServer at 0x7604ab50 fileno=5 address=('::34e2:f576:b0bd:6b76%1986772384', 443, 0, 1986772384)>>(<socket at 0x75f217d0 fileno=10>, ('::80c9:6976:8e91:f402%1995754268', 37130, 0, 199)> failed with SSLEOFError
Jul 31 08:53:03 witherspoon phosphor-gevent[1013]: ::80c9:6976:8e91:f402%1995754268 - - [2017-07-31 08:53:03] "POST /login HTTP/1.1" 200 320 0.045083
Jul 31 08:53:03 witherspoon phosphor-gevent[1013]: ::80c9:6976:8e91:f402%1995754268 - - [2017-07-31 08:53:03] "GET /xyz/openbmc_project/state/chassis0//attr/CurrentPowerState HTTP/1.1" 200 216 0.062494
Jul 31 08:53:04 witherspoon phosphor-gevent[1013]: ::80c9:6976:8e91:f402%1995754268 - - [2017-07-31 08:53:04] "POST /login HTTP/1.1" 200 320 0.033443
Jul 31 08:53:04 witherspoon phosphor-gevent[1013]: ::80c9:6976:8e91:f402%1995754268 - - [2017-07-31 08:53:04] "GET /xyz/openbmc_project/state/chassis0//attr/CurrentPowerState HTTP/1.1" 200 216 0.049156
Jul 31 08:53:04 witherspoon phosphor-gevent[1013]: ::80c9:6976:8e91:f402%1995754268 - - [2017-07-31 08:53:04] "POST /login HTTP/1.1" 200 320 0.033130
Jul 31 08:53:04 witherspoon phosphor-gevent[1013]: ::80c9:6976:8e91:f402%1995754268 - - [2017-07-31 08:53:04] "GET /org/openbmc/sensors/host/BootProgress/attr/value HTTP/1.1" 200 170 0.052392
Jul 31 08:53:04 witherspoon phosphor-gevent[1013]: ::80c9:6976:8e91:f402%1995754268 - - [2017-07-31 08:53:04] "POST /login HTTP/1.1" 200 320 0.033180
Jul 31 08:53:04 witherspoon phosphor-gevent[1013]: ::80c9:6976:8e91:f402%1995754268 - - [2017-07-31 08:53:04] "GET /xyz/openbmc_project/state/host0//attr/CurrentHostState HTTP/1.1" 200 212 0.072992
Jul 31 08:53:04 witherspoon phosphor-gevent[1013]: ::80c9:6976:8e91:f402%1995754268 - - [2017-07-31 08:53:04] "POST /login HTTP/1.1" 200 320 0.049302
Jul 31 08:53:04 witherspoon phosphor-gevent[1013]: ::80c9:6976:8e91:f402%1995754268 - - [2017-07-31 08:53:04] "GET /xyz/openbmc_project/logging/entry//list HTTP/1.1" 200 214 0.065100
Jul 31 08:53:05 witherspoon phosphor-gevent[1013]: ::80c9:6976:8e91:f402%1995754268 - - [2017-07-31 08:53:05] "POST /login HTTP/1.1" 200 320 0.041864
Jul 31 08:53:05 witherspoon phosphor-gevent[1013]: ::80c9:6976:8e91:f402%1995754268 - - [2017-07-31 08:53:05] "GET /xyz/openbmc_project/logging/entry//list HTTP/1.1" 200 214 0.039251
Jul 31 08:53:05 witherspoon phosphor-gevent[1013]: ::80c9:6976:8e91:f402%1995754268 - - [2017-07-31 08:53:05] "POST /login HTTP/1.1" 200 320 0.033255
Jul 31 08:53:05 witherspoon phosphor-gevent[1013]: ::80c9:6976:8e91:f402%1995754268 - - [2017-07-31 08:53:05] "DELETE /xyz/openbmc_project/logging/entry/1 HTTP/1.1" 200 169 0.062888
Jul 31 08:53:05 witherspoon systemd[1]: Started SSH Per-Connection Server (9.41.165.94:36126).
Jul 31 08:53:05 witherspoon dropbear[1115]: Failed loading /etc/dropbear/dropbear_dss_host_key
Jul 31 08:53:05 witherspoon dropbear[1115]: Failed loading /etc/dropbear/dropbear_ecdsa_host_key
Jul 31 08:53:05 witherspoon dropbear[1115]: Child connection from ::ffff:9.41.165.94:36126
Jul 31 08:53:06 witherspoon dropbear[1115]: PAM password auth succeeded for 'root' from ::ffff:9.41.165.94:36126
Jul 31 08:53:06 witherspoon dropbear[1116]: lastlog_perform_login: Couldn't stat /var/log/lastlog: No such file or directory
Jul 31 08:53:06 witherspoon dropbear[1116]: lastlog_openseek: /var/log/lastlog is not a file or directory!
Jul 31 08:53:07 witherspoon phosphor-gevent[1013]: ::80c9:6976:8e91:f402%1995754268 - - [2017-07-31 08:53:07] "POST /login HTTP/1.1" 200 320 0.042825
Jul 31 08:53:07 witherspoon phosphor-gevent[1013]: ::80c9:6976:8e91:f402%1995754268 - - [2017-07-31 08:53:07] "GET /xyz/openbmc_project/state/host0//attr/CurrentHostState HTTP/1.1" 200 212 0.049112
Jul 31 08:53:08 witherspoon dropbear[1000]: Exit (root): Exited normally
Jul 31 08:53:08 witherspoon dropbear[1115]: Exit (root): Exited normally
Jul 31 08:53:11 witherspoon systemd[1]: Started SSH Per-Connection Server (9.41.165.94:36130).
Jul 31 08:53:11 witherspoon dropbear[1127]: Failed loading /etc/dropbear/dropbear_dss_host_key
Jul 31 08:53:11 witherspoon dropbear[1127]: Failed loading /etc/dropbear/dropbear_ecdsa_host_key
Jul 31 08:53:11 witherspoon dropbear[1127]: Child connection from ::ffff:9.41.165.94:36130
Jul 31 08:53:11 witherspoon dropbear[1127]: PAM password auth succeeded for 'root' from ::ffff:9.41.165.94:36130
Jul 31 08:53:11 witherspoon dropbear[1128]: lastlog_perform_login: Couldn't stat /var/log/lastlog: No such file or directory
Jul 31 08:53:11 witherspoon dropbear[1128]: lastlog_openseek: /var/log/lastlog is not a file or directory!
Jul 31 08:53:12 witherspoon phosphor-gevent[1013]: ::80c9:6976:8e91:f402%1995754268 - - [2017-07-31 08:53:12] "POST /login HTTP/1.1" 200 320 0.033553
Jul 31 08:53:12 witherspoon phosphor-gevent[1013]: ::80c9:6976:8e91:f402%1995754268 - - [2017-07-31 08:53:12] "PUT /org/openbmc/settings/host0/attr/power_policy HTTP/1.1" 200 169 0.177101
Jul 31 08:53:13 witherspoon phosphor-gevent[1013]: ::80c9:6976:8e91:f402%1995754268 - - [2017-07-31 08:53:13] "POST /login HTTP/1.1" 200 320 0.136732
Jul 31 08:53:13 witherspoon phosphor-gevent[1013]: ::80c9:6976:8e91:f402%1995754268 - - [2017-07-31 08:53:13] "GET /org/openbmc/settings/host0/attr/power_policy HTTP/1.1" 200 185 0.570257
Jul 31 08:53:14 witherspoon phosphor-gevent[1013]: ::80c9:6976:8e91:f402%1995754268 - - [2017-07-31 08:53:14] "POST /login HTTP/1.1" 200 320 0.042569
Jul 31 08:53:14 witherspoon phosphor-gevent[1013]: ::80c9:6976:8e91:f402%1995754268 - - [2017-07-31 08:53:14] "GET /xyz/openbmc_project/state/chassis0//attr/CurrentPowerState HTTP/1.1" 200 216 0.065142
Jul 31 08:53:14 witherspoon phosphor-gevent[1013]: ::80c9:6976:8e91:f402%1995754268 - - [2017-07-31 08:53:14] "POST /login HTTP/1.1" 200 320 0.033050
Jul 31 08:53:14 witherspoon phosphor-gevent[1013]: ::80c9:6976:8e91:f402%1995754268 - - [2017-07-31 08:53:14] "GET /xyz/openbmc_project/state/bmc0//attr/CurrentBMCState HTTP/1.1" 200 212 0.051557
Jul 31 08:53:14 witherspoon phosphor-gevent[1013]: ::80c9:6976:8e91:f402%1995754268 - - [2017-07-31 08:53:14] "POST /login HTTP/1.1" 200 320 0.034059
Jul 31 08:53:14 witherspoon phosphor-gevent[1013]: ::80c9:6976:8e91:f402%1995754268 - - [2017-07-31 08:53:14] "GET /org/openbmc/sensors/host/BootProgress/attr/value HTTP/1.1" 200 170 0.053037
Jul 31 08:53:15 witherspoon phosphor-gevent[1013]: ::80c9:6976:8e91:f402%1995754268 - - [2017-07-31 08:53:15] "POST /login HTTP/1.1" 200 320 0.042664
Jul 31 08:53:15 witherspoon phosphor-gevent[1013]: ::80c9:6976:8e91:f402%1995754268 - - [2017-07-31 08:53:15] "GET /xyz/openbmc_project/state/host0//attr/CurrentHostState HTTP/1.1" 200 212 0.048631
Jul 31 08:53:15 witherspoon phosphor-gevent[1013]: ::80c9:6976:8e91:f402%1995754268 - - [2017-07-31 08:53:15] "POST /login HTTP/1.1" 200 320 0.039722
Jul 31 08:53:15 witherspoon phosphor-gevent[1013]: ::80c9:6976:8e91:f402%1995754268 - - [2017-07-31 08:53:15] "GET /xyz/openbmc_project/logging/entry//list HTTP/1.1" 404 311 0.029472
Jul 31 08:53:15 witherspoon systemd[1]: Started SSH Per-Connection Server (9.41.165.94:36146).
Jul 31 08:53:15 witherspoon dropbear[1137]: Failed loading /etc/dropbear/dropbear_dss_host_key
Jul 31 08:53:15 witherspoon dropbear[1137]: Failed loading /etc/dropbear/dropbear_ecdsa_host_key
Jul 31 08:53:15 witherspoon dropbear[1137]: Child connection from ::ffff:9.41.165.94:36146
Jul 31 08:53:16 witherspoon dropbear[1137]: PAM password auth succeeded for 'root' from ::ffff:9.41.165.94:36146
Jul 31 08:53:44 witherspoon phosphor-gevent[1013]: ::80c9:6976:8e91:f402%1995754268 - - [2017-07-31 08:53:44] "POST /login HTTP/1.1" 200 320 0.033516
Jul 31 08:53:44 witherspoon phosphor-gevent[1013]: ::80c9:6976:8e91:f402%1995754268 - - [2017-07-31 08:53:44] "POST /org/openbmc/control/flash/bios//action/update HTTP/1.1" 200 169 0.288829
Jul 31 08:53:44 witherspoon flash_bios.exe[1042]: Starting flasher: bios,/tmp/witherspoon_910_golden.pnor,/org/openbmc/control/flash/bios,
Jul 31 08:53:44 witherspoon flash_bios.exe[1042]: flasher: /tmp/witherspoon_910_golden.pnor, BMC = 1, address = 0x0
Jul 31 08:53:44 witherspoon flash_bios.exe[1042]: Setting up flash
Jul 31 08:53:45 witherspoon phosphor-gevent[1013]: ::80c9:6976:8e91:f402%1995754268 - - [2017-07-31 08:53:45] "POST /login HTTP/1.1" 200 320 0.040646
Jul 31 08:53:45 witherspoon phosphor-gevent[1013]: ::80c9:6976:8e91:f402%1995754268 - - [2017-07-31 08:53:45] "GET /org/openbmc/control/flash/bios HTTP/1.1" 200 397 0.163541
Jul 31 08:53:45 witherspoon phosphor-gevent[1013]: ::80c9:6976:8e91:f402%1995754268 - - [2017-07-31 08:53:45] "POST /login HTTP/1.1" 200 320 0.033162
Jul 31 08:53:45 witherspoon phosphor-gevent[1013]: ::80c9:6976:8e91:f402%1995754268 - - [2017-07-31 08:53:45] "GET /org/openbmc/control/flash/bios HTTP/1.1" 200 397 0.068006
Jul 31 08:53:55 witherspoon phosphor-gevent[1013]: ::80c9:6976:8e91:f402%1995754268 - - [2017-07-31 08:53:55] "POST /login HTTP/1.1" 200 320 0.043943
Jul 31 08:53:56 witherspoon phosphor-gevent[1013]: ::80c9:6976:8e91:f402%1995754268 - - [2017-07-31 08:53:56] "GET /org/openbmc/control/flash/bios HTTP/1.1" 200 397 0.408646
Jul 31 08:54:06 witherspoon phosphor-gevent[1013]: ::80c9:6976:8e91:f402%1995754268 - - [2017-07-31 08:54:06] "POST /login HTTP/1.1" 200 320 0.033577
Jul 31 08:54:06 witherspoon phosphor-gevent[1013]: ::80c9:6976:8e91:f402%1995754268 - - [2017-07-31 08:54:06] "GET /org/openbmc/control/flash/bios HTTP/1.1" 200 397 0.072012
Jul 31 08:54:16 witherspoon phosphor-gevent[1013]: ::80c9:6976:8e91:f402%1995754268 - - [2017-07-31 08:54:16] "POST /login HTTP/1.1" 200 320 0.033331
Jul 31 08:54:17 witherspoon phosphor-gevent[1013]: ::80c9:6976:8e91:f402%1995754268 - - [2017-07-31 08:54:17] "GET /org/openbmc/control/flash/bios HTTP/1.1" 200 397 0.668276
Jul 31 08:54:28 witherspoon phosphor-gevent[1013]: ::80c9:6976:8e91:f402%1995754268 - - [2017-07-31 08:54:28] "POST /login HTTP/1.1" 200 320 0.057705
Jul 31 08:54:28 witherspoon phosphor-gevent[1013]: ::80c9:6976:8e91:f402%1995754268 - - [2017-07-31 08:54:28] "GET /org/openbmc/control/flash/bios HTTP/1.1" 200 397 0.067538
Jul 31 08:54:38 witherspoon phosphor-gevent[1013]: ::80c9:6976:8e91:f402%1995754268 - - [2017-07-31 08:54:38] "POST /login HTTP/1.1" 200 320 0.032824
Jul 31 08:54:38 witherspoon phosphor-gevent[1013]: ::80c9:6976:8e91:f402%1995754268 - - [2017-07-31 08:54:38] "GET /org/openbmc/control/flash/bios HTTP/1.1" 200 397 0.069909
Jul 31 08:54:48 witherspoon phosphor-gevent[1013]: ::80c9:6976:8e91:f402%1995754268 - - [2017-07-31 08:54:48] "POST /login HTTP/1.1" 200 320 0.033341
Jul 31 08:54:49 witherspoon phosphor-gevent[1013]: ::80c9:6976:8e91:f402%1995754268 - - [2017-07-31 08:54:49] "GET /org/openbmc/control/flash/bios HTTP/1.1" 200 397 0.506752
Jul 31 08:54:59 witherspoon phosphor-gevent[1013]: ::80c9:6976:8e91:f402%1995754268 - - [2017-07-31 08:54:59] "POST /login HTTP/1.1" 200 320 0.033013
Jul 31 08:54:59 witherspoon phosphor-gevent[1013]: ::80c9:6976:8e91:f402%1995754268 - - [2017-07-31 08:54:59] "GET /org/openbmc/control/flash/bios HTTP/1.1" 200 397 0.068625
Jul 31 08:55:09 witherspoon phosphor-gevent[1013]: ::80c9:6976:8e91:f402%1995754268 - - [2017-07-31 08:55:09] "POST /login HTTP/1.1" 200 320 0.033500
Jul 31 08:55:09 witherspoon phosphor-gevent[1013]: ::80c9:6976:8e91:f402%1995754268 - - [2017-07-31 08:55:09] "GET /org/openbmc/control/flash/bios HTTP/1.1" 200 397 0.068490
Jul 31 08:55:20 witherspoon phosphor-gevent[1013]: ::80c9:6976:8e91:f402%1995754268 - - [2017-07-31 08:55:20] "POST /login HTTP/1.1" 200 320 0.045086
Jul 31 08:55:20 witherspoon phosphor-gevent[1013]: ::80c9:6976:8e91:f402%1995754268 - - [2017-07-31 08:55:20] "GET /org/openbmc/control/flash/bios HTTP/1.1" 200 397 0.068157
Jul 31 08:55:31 witherspoon phosphor-gevent[1013]: ::80c9:6976:8e91:f402%1995754268 - - [2017-07-31 08:55:31] "POST /login HTTP/1.1" 200 320 0.033631
Jul 31 08:55:32 witherspoon phosphor-gevent[1013]: ::80c9:6976:8e91:f402%1995754268 - - [2017-07-31 08:55:32] "GET /org/openbmc/control/flash/bios HTTP/1.1" 200 397 0.068839
Jul 31 08:55:42 witherspoon phosphor-gevent[1013]: ::80c9:6976:8e91:f402%1995754268 - - [2017-07-31 08:55:42] "POST /login HTTP/1.1" 200 320 0.033248
Jul 31 08:55:42 witherspoon phosphor-gevent[1013]: ::80c9:6976:8e91:f402%1995754268 - - [2017-07-31 08:55:42] "GET /org/openbmc/control/flash/bios HTTP/1.1" 200 397 0.068268
Jul 31 08:55:53 witherspoon phosphor-gevent[1013]: ::80c9:6976:8e91:f402%1995754268 - - [2017-07-31 08:55:53] "POST /login HTTP/1.1" 200 320 0.065715
Jul 31 08:55:53 witherspoon phosphor-gevent[1013]: ::80c9:6976:8e91:f402%1995754268 - - [2017-07-31 08:55:53] "GET /org/openbmc/control/flash/bios HTTP/1.1" 200 402 0.067668
Jul 31 08:56:03 witherspoon phosphor-gevent[1013]: ::80c9:6976:8e91:f402%1995754268 - - [2017-07-31 08:56:03] "POST /login HTTP/1.1" 200 320 0.033575
Jul 31 08:56:03 witherspoon phosphor-gevent[1013]: ::80c9:6976:8e91:f402%1995754268 - - [2017-07-31 08:56:03] "GET /org/openbmc/control/flash/bios HTTP/1.1" 200 402 0.068232
Jul 31 08:56:14 witherspoon phosphor-gevent[1013]: ::80c9:6976:8e91:f402%1995754268 - - [2017-07-31 08:56:14] "POST /login HTTP/1.1" 200 320 0.046519
Jul 31 08:56:14 witherspoon phosphor-gevent[1013]: ::80c9:6976:8e91:f402%1995754268 - - [2017-07-31 08:56:14] "GET /org/openbmc/control/flash/bios HTTP/1.1" 200 402 0.068603
Jul 31 08:56:24 witherspoon phosphor-gevent[1013]: ::80c9:6976:8e91:f402%1995754268 - - [2017-07-31 08:56:24] "POST /login HTTP/1.1" 200 320 0.033609
Jul 31 08:56:24 witherspoon phosphor-gevent[1013]: ::80c9:6976:8e91:f402%1995754268 - - [2017-07-31 08:56:24] "GET /org/openbmc/control/flash/bios HTTP/1.1" 200 402 0.068206
Jul 31 08:56:34 witherspoon phosphor-gevent[1013]: ::80c9:6976:8e91:f402%1995754268 - - [2017-07-31 08:56:34] "POST /login HTTP/1.1" 200 320 0.033330
Jul 31 08:56:34 witherspoon phosphor-gevent[1013]: ::80c9:6976:8e91:f402%1995754268 - - [2017-07-31 08:56:34] "GET /org/openbmc/control/flash/bios HTTP/1.1" 200 402 0.068711
Jul 31 08:56:41 witherspoon flash_bios.exe[1042]: Erasing... (may take a while !) done !
Jul 31 08:56:41 witherspoon flash_bios.exe[1042]: About to program "/tmp/witherspoon_910_golden.pnor" at 0x00000000..0x04000000 !
Jul 31 08:56:41 witherspoon flash_bios.exe[1042]: Programming & Verifying...
Jul 31 08:56:41 witherspoon flash_bios.exe[1042]: Flash done
Jul 31 08:56:45 witherspoon phosphor-gevent[1013]: ::80c9:6976:8e91:f402%1995754268 - - [2017-07-31 08:56:45] "POST /login HTTP/1.1" 200 320 0.142152
Jul 31 08:56:45 witherspoon phosphor-gevent[1013]: ::80c9:6976:8e91:f402%1995754268 - - [2017-07-31 08:56:45] "GET /org/openbmc/control/flash/bios HTTP/1.1" 200 399 0.081461
Jul 31 08:56:45 witherspoon systemd[1]: Started SSH Per-Connection Server (9.41.165.94:36188).
Jul 31 08:56:45 witherspoon dropbear[1143]: Failed loading /etc/dropbear/dropbear_dss_host_key
Jul 31 08:56:45 witherspoon dropbear[1143]: Failed loading /etc/dropbear/dropbear_ecdsa_host_key
Jul 31 08:56:45 witherspoon dropbear[1143]: Child connection from ::ffff:9.41.165.94:36188
Jul 31 08:56:45 witherspoon dropbear[1143]: PAM password auth succeeded for 'root' from ::ffff:9.41.165.94:36188
Jul 31 08:56:45 witherspoon dropbear[1144]: lastlog_perform_login: Couldn't stat /var/log/lastlog: No such file or directory
Jul 31 08:56:45 witherspoon dropbear[1144]: lastlog_openseek: /var/log/lastlog is not a file or directory!
Jul 31 08:56:47 witherspoon phosphor-gevent[1013]: ::80c9:6976:8e91:f402%1995754268 - - [2017-07-31 08:56:47] "POST /login HTTP/1.1" 200 320 0.033648
Jul 31 08:56:47 witherspoon phosphor-gevent[1013]: ::80c9:6976:8e91:f402%1995754268 - - [2017-07-31 08:56:47] "GET /xyz/openbmc_project/state/host0//attr/CurrentHostState HTTP/1.1" 200 212 0.063959
Jul 31 08:56:47 witherspoon systemd[1]: Created slice system-obmc\x2dconsole\x2dssh.slice.
Jul 31 08:56:47 witherspoon dropbear[1148]: Failed loading /etc/dropbear/dropbear_dss_host_key
Jul 31 08:56:47 witherspoon systemd[1]: Started Phosphor Host Console SSH Per-Connection (9.41.165.94:52974).
Jul 31 08:56:47 witherspoon dropbear[1148]: Failed loading /etc/dropbear/dropbear_ecdsa_host_key
Jul 31 08:56:47 witherspoon dropbear[1148]: Child connection from ::ffff:9.41.165.94:52974
Jul 31 08:56:48 witherspoon phosphor-gevent[1013]: ::80c9:6976:8e91:f402%1995754268 - - [2017-07-31 08:56:48] "POST /login HTTP/1.1" 200 320 0.033512
Jul 31 08:56:48 witherspoon dropbear[1148]: PAM password auth succeeded for 'root' from ::ffff:9.41.165.94:52974
Jul 31 08:56:48 witherspoon dropbear[1149]: lastlog_perform_login: Couldn't stat /var/log/lastlog: No such file or directory
Jul 31 08:56:48 witherspoon dropbear[1149]: lastlog_openseek: /var/log/lastlog is not a file or directory!
Jul 31 08:56:48 witherspoon phosphor-gevent[1013]: ::80c9:6976:8e91:f402%1995754268 - - [2017-07-31 08:56:48] "PUT /org/openbmc/settings/host0/attr/power_policy HTTP/1.1" 200 169 0.332457
Jul 31 08:56:48 witherspoon phosphor-gevent[1013]: ::80c9:6976:8e91:f402%1995754268 - - [2017-07-31 08:56:48] "POST /login HTTP/1.1" 200 320 0.033895
Jul 31 08:56:48 witherspoon phosphor-gevent[1013]: ::80c9:6976:8e91:f402%1995754268 - - [2017-07-31 08:56:48] "GET /org/openbmc/settings/host0/attr/power_policy HTTP/1.1" 200 185 0.087454
Jul 31 08:56:49 witherspoon phosphor-gevent[1013]: ::80c9:6976:8e91:f402%1995754268 - - [2017-07-31 08:56:49] "POST /login HTTP/1.1" 200 320 0.033889
Jul 31 08:56:49 witherspoon phosphor-gevent[1013]: ::80c9:6976:8e91:f402%1995754268 - - [2017-07-31 08:56:49] "GET /xyz/openbmc_project/state/chassis0//attr/CurrentPowerState HTTP/1.1" 200 216 0.050169
Jul 31 08:56:49 witherspoon phosphor-gevent[1013]: ::80c9:6976:8e91:f402%1995754268 - - [2017-07-31 08:56:49] "POST /login HTTP/1.1" 200 320 0.049537
Jul 31 08:56:49 witherspoon phosphor-gevent[1013]: ::80c9:6976:8e91:f402%1995754268 - - [2017-07-31 08:56:49] "GET /xyz/openbmc_project/state/bmc0//attr/CurrentBMCState HTTP/1.1" 200 212 0.049943
Jul 31 08:56:49 witherspoon phosphor-gevent[1013]: ::80c9:6976:8e91:f402%1995754268 - - [2017-07-31 08:56:49] "POST /login HTTP/1.1" 200 320 0.033824
Jul 31 08:56:49 witherspoon phosphor-gevent[1013]: ::80c9:6976:8e91:f402%1995754268 - - [2017-07-31 08:56:49] "GET /org/openbmc/sensors/host/BootProgress/attr/value HTTP/1.1" 200 170 0.052453
Jul 31 08:56:49 witherspoon phosphor-gevent[1013]: ::80c9:6976:8e91:f402%1995754268 - - [2017-07-31 08:56:49] "POST /login HTTP/1.1" 200 320 0.033512
Jul 31 08:56:50 witherspoon phosphor-gevent[1013]: ::80c9:6976:8e91:f402%1995754268 - - [2017-07-31 08:56:50] "GET /xyz/openbmc_project/state/host0//attr/CurrentHostState HTTP/1.1" 200 212 0.051869
Jul 31 08:56:50 witherspoon phosphor-gevent[1013]: ::80c9:6976:8e91:f402%1995754268 - - [2017-07-31 08:56:50] "POST /login HTTP/1.1" 200 320 0.033952
Jul 31 08:56:50 witherspoon phosphor-host-state-manager[1070]: Host State transaction request
Jul 31 08:56:50 witherspoon systemd[1]: Reached target Powerwitherspoon-fan-watchdog (On).
Jul 31 08:56:50 witherspoon systemd[1]: Created slice system-vcs_off.slice.
Jul 31 08:56:50 witherspoon systemd[1]: Created slice system-cfam_override.slice.
Jul 31 08:56:50 witherspoon systemd[1]: Created slice system-phosphor\x2dgpio\x2dmonitor.slice.
Jul 31 08:56:50 witherspoon systemd[1]: Created slice system-vcs_on.slice.
Jul 31 08:56:50 witherspoon phosphor-gevent[1013]: ::80c9:6976:8e91:f402%1995754268 - - [2017-07-31 08:56:50] "PUT /xyz/openbmc_project/state/host0//attr/RequestedHostTransition HTTP/1.1" 200 169 0.326285
Jul 31 08:56:50 witherspoon systemd[1]: Started Phosphor GPIO checkstop monitor.
Jul 31 08:56:50 witherspoon systemd[1]: Created slice system-mapper\x2dsubtree\x2dremove.slice.
Jul 31 08:56:50 witherspoon systemd[1]: Created slice system-avsbus\x2ddisable.slice.
Jul 31 08:56:50 witherspoon systemd[1]: Created slice system-op\x2dpower\x2dstart.slice.
Jul 31 08:56:50 witherspoon systemd[1]: Created slice system-mboxd\x2dreload.slice.
Jul 31 08:56:50 witherspoon systemd[1]: Starting Reload mboxd during power on...
Jul 31 08:56:50 witherspoon systemd[1]: Starting Witherspoon Fan Watchdog Reset...
Jul 31 08:56:51 witherspoon mboxctl[1151]: Reset: Success
Jul 31 08:56:51 witherspoon systemd[1]: Starting mapper subtree-remove /xyz/openbmc_project/software:xyz.openbmc_project.Software.ActivationBlocksTransition...
Jul 31 08:56:51 witherspoon systemd[1]: Created slice system-ir35221\x2don\x2dbind.slice.
Jul 31 08:56:51 witherspoon systemd[1]: Created slice system-start_host.slice.
Jul 31 08:56:51 witherspoon systemd[1]: Created slice system-fsi\x2dbind.slice.
Jul 31 08:56:51 witherspoon systemd[1]: Created slice system-ucd_disable_vcs.slice.
Jul 31 08:56:51 witherspoon systemd[1]: Starting Disable UCD VCS rails...
Jul 31 08:56:51 witherspoon systemd[1]: Created slice system-ir35221\x2don\x2dunbind.slice.
Jul 31 08:56:51 witherspoon systemd[1]: Starting power on mode unbind ir35221 device driver devs...
Jul 31 08:56:51 witherspoon systemd[1]: Created slice system-avsbus\x2dworkaround.slice.
Jul 31 08:56:51 witherspoon systemd[1]: Created slice system-vrm\x2dcontrol.slice.
Jul 31 08:56:51 witherspoon systemd[1]: Created slice system-phosphor\x2dfan\x2dcontrol\x2dinit.slice.
Jul 31 08:56:51 witherspoon systemd[1]: Created slice system-vcs_workaround.slice.
Jul 31 08:56:51 witherspoon systemd[1]: Created slice system-op\x2dwait\x2dpower\x2don.slice.
Jul 31 08:56:51 witherspoon systemd[1]: Starting Wait for Power0 to turn on...
Jul 31 08:56:51 witherspoon systemd[1]: Starting Wait for /xyz/openbmc_project/watchdog/host0...
Jul 31 08:56:51 witherspoon systemd[1]: Created slice system-phosphor\x2dfan\x2dpresence\x2dtach.slice.
Jul 31 08:56:52 witherspoon phosphor-gevent[1013]: ::80c9:6976:8e91:f402%1995754268 - - [2017-07-31 08:56:52] "POST /login HTTP/1.1" 200 320 0.033744
Jul 31 08:56:52 witherspoon systemd[1]: Started Witherspoon Fan Watchdog Daemon.
Jul 31 08:56:52 witherspoon systemd[1]: Created slice system-fsi\x2dscan.slice.
Jul 31 08:56:52 witherspoon systemd[1]: Starting Wait for /xyz/openbmc_project/led/groups/power_on...
Jul 31 08:56:52 witherspoon systemd[1]: Created slice system-avsbus\x2denable.slice.
Jul 31 08:56:52 witherspoon systemd[1]: Started Phosphor Fan Control Initialization.
Jul 31 08:56:52 witherspoon systemd[1]: Created slice system-obmc\x2denable\x2dhost\x2dwatchdog.slice.
Jul 31 08:56:52 witherspoon systemd[1]: Created slice system-pcie\x2dslot\x2ddetect.slice.
Jul 31 08:56:52 witherspoon systemd[1]: Starting Wait for /org/openbmc/control/chassis0...
Jul 31 08:56:52 witherspoon systemd[1]: Reached target Start Host checkstop monitor.
Jul 31 08:56:52 witherspoon systemd[1]: Created slice system-phosphor\x2dwatchdog.slice.
Jul 31 08:56:52 witherspoon systemd[1]: Started Phosphor poweron watchdog.
Jul 31 08:56:53 witherspoon systemd[1]: Started Reload mboxd during power on.
Jul 31 08:56:53 witherspoon systemd[1]: Started Witherspoon Fan Watchdog Reset.
Jul 31 08:56:53 witherspoon systemd[1]: Started mapper subtree-remove /xyz/openbmc_project/software:xyz.openbmc_project.Software.ActivationBlocksTransition.
Jul 31 08:56:53 witherspoon systemd[1]: Started power on mode unbind ir35221 device driver devs.
Jul 31 08:56:53 witherspoon systemd[1]: xyz.openbmc_project.Hwmon@ahb-apb-i2c\x401e78a000-i2c\x2dbus\x40180-ir35221\x4070.service: Unit not needed anymore. Stopping.
Jul 31 08:56:53 witherspoon systemd[1]: xyz.openbmc_project.Hwmon@ahb-apb-i2c\x401e78a000-i2c\x2dbus\x40180-ir35221\x4071.service: Service hold-off time over, scheduling restart.
Jul 31 08:56:53 witherspoon systemd[1]: xyz.openbmc_project.Hwmon@ahb-apb-i2c\x401e78a000-i2c\x2dbus\x40140-ir35221\x4070.service: Service hold-off time over, scheduling restart.
Jul 31 08:56:53 witherspoon systemd[1]: xyz.openbmc_project.Hwmon@ahb-apb-i2c\x401e78a000-i2c\x2dbus\x40180-ir35221\x4070.service: Service hold-off time over, scheduling restart.
Jul 31 08:56:53 witherspoon systemd[1]: xyz.openbmc_project.Hwmon@ahb-apb-i2c\x401e78a000-i2c\x2dbus\x40180-ir35221\x4070.service: Stop job pending for unit, delaying automatic restart.
Jul 31 08:56:53 witherspoon systemd[1]: xyz.openbmc_project.Hwmon@ahb-apb-i2c\x401e78a000-i2c\x2dbus\x40140-ir35221\x4071.service: Service hold-off time over, scheduling restart.
Jul 31 08:56:53 witherspoon systemd[1]: xyz.openbmc_project.Hwmon@ahb-apb-i2c\x401e78a000-i2c\x2dbus\x40180-ir35221\x4071.service: Unit not needed anymore. Stopping.
Jul 31 08:56:53 witherspoon systemd[1]: Requested transaction contradicts existing jobs: Transaction is destructive.
Jul 31 08:56:53 witherspoon systemd[1]: xyz.openbmc_project.Hwmon@ahb-apb-i2c\x401e78a000-i2c\x2dbus\x40180-ir35221\x4071.service: Failed to enqueue stop job, ignoring: Transaction is destructive.
Jul 31 08:56:53 witherspoon systemd[1]: xyz.openbmc_project.Hwmon@ahb-apb-i2c\x401e78a000-i2c\x2dbus\x40140-ir35221\x4070.service: Unit not needed anymore. Stopping.
Jul 31 08:56:53 witherspoon systemd[1]: Requested transaction contradicts existing jobs: Transaction is destructive.
Jul 31 08:56:53 witherspoon systemd[1]: xyz.openbmc_project.Hwmon@ahb-apb-i2c\x401e78a000-i2c\x2dbus\x40140-ir35221\x4070.service: Failed to enqueue stop job, ignoring: Transaction is destructive.
Jul 31 08:56:53 witherspoon systemd[1]: xyz.openbmc_project.Hwmon@ahb-apb-i2c\x401e78a000-i2c\x2dbus\x40140-ir35221\x4071.service: Unit not needed anymore. Stopping.
Jul 31 08:56:53 witherspoon systemd[1]: Requested transaction contradicts existing jobs: Transaction is destructive.
Jul 31 08:56:53 witherspoon systemd[1]: xyz.openbmc_project.Hwmon@ahb-apb-i2c\x401e78a000-i2c\x2dbus\x40140-ir35221\x4071.service: Failed to enqueue stop job, ignoring: Transaction is destructive.
Jul 31 08:56:53 witherspoon systemd[1]: xyz.openbmc_project.Hwmon@ahb-apb-i2c\x401e78a000-i2c\x2dbus\x40180-ir35221\x4070.service: Service hold-off time over, scheduling restart.
Jul 31 08:56:53 witherspoon systemd[1]: xyz.openbmc_project.Hwmon@ahb-apb-i2c\x401e78a000-i2c\x2dbus\x40180-ir35221\x4070.service: Stop job pending for unit, delaying automatic restart.
Jul 31 08:56:53 witherspoon systemd[1]: Stopped Phosphor Hwmon Poller.
Jul 31 08:56:53 witherspoon systemd[1]: Started Phosphor Hwmon Poller.
Jul 31 08:56:53 witherspoon systemd[1]: xyz.openbmc_project.Hwmon@ahb-apb-i2c\x401e78a000-i2c\x2dbus\x40140-ir35221\x4071.service: Unit not needed anymore. Stopping.
Jul 31 08:56:53 witherspoon systemd[1]: Stopping Phosphor Hwmon Poller...
Jul 31 08:56:53 witherspoon systemd[1]: Stopped Phosphor Hwmon Poller.
Jul 31 08:56:54 witherspoon kernel: ucd9000 11-0064: Device ID UCD90160|2.3.4.0000|110603
Jul 31 08:56:53 witherspoon kernel[954]: [  343.020000] ucd9000 11-0064: Device ID UCD90160|2.3.4.0000|110603
Jul 31 08:56:53 witherspoon systemd[1]: Started Phosphor Hwmon Poller.
Jul 31 08:56:53 witherspoon systemd[1]: xyz.openbmc_project.Hwmon@ahb-apb-i2c\x401e78a000-i2c\x2dbus\x40140-ir35221\x4070.service: Unit not needed anymore. Stopping.
Jul 31 08:56:53 witherspoon systemd[1]: Stopping Phosphor Hwmon Poller...
Jul 31 08:56:53 witherspoon systemd[1]: Stopped Phosphor Hwmon Poller.
Jul 31 08:56:53 witherspoon systemd[1]: Started Phosphor Hwmon Poller.
Jul 31 08:56:53 witherspoon systemd[1]: xyz.openbmc_project.Hwmon@ahb-apb-i2c\x401e78a000-i2c\x2dbus\x40180-ir35221\x4071.service: Unit not needed anymore. Stopping.
Jul 31 08:56:53 witherspoon systemd[1]: Stopping Phosphor Hwmon Poller...
Jul 31 08:56:53 witherspoon systemd[1]: Stopped Phosphor Hwmon Poller.
Jul 31 08:56:53 witherspoon systemd[1]: Stopped Phosphor Hwmon Poller.
Jul 31 08:56:53 witherspoon systemd[1]: Stopped Phosphor Hwmon Poller.
Jul 31 08:56:54 witherspoon systemd[1]: Stopped Phosphor Hwmon Poller.
Jul 31 08:56:54 witherspoon systemd[1]: Started Disable UCD VCS rails.
Jul 31 08:56:54 witherspoon systemd[1]: Starting Perform AVS bus workaround on VRMs...
Jul 31 08:56:54 witherspoon systemd[1]: Started Perform AVS bus workaround on VRMs.
Jul 31 08:56:54 witherspoon systemd[1]: Starting Disable the AVS bus on the VRMs...
Jul 31 08:56:55 witherspoon systemd[1]: Started Disable the AVS bus on the VRMs.
Jul 31 08:56:55 witherspoon systemd[1]: Starting Apply voltage overrides to VRMs...
Jul 31 08:56:55 witherspoon vrm-control.sh[1228]: rail        set        read        current
Jul 31 08:56:55 witherspoon vrm-control.sh[1228]: -------        ------- ------- -------
Jul 31 08:56:55 witherspoon vrm-control.sh[1228]: vdna        0.898V        0.004V        0.000A
Jul 31 08:56:56 witherspoon vrm-control.sh[1228]: vdnb        0.898V        0.004V        0.000A
Jul 31 08:56:56 witherspoon systemd[1]: Started Apply voltage overrides to VRMs.
Jul 31 08:56:56 witherspoon systemd[1]: Starting Enable the AVS bus on VRMs...
Jul 31 08:56:57 witherspoon systemd[1]: Started Enable the AVS bus on VRMs.
Jul 31 08:56:57 witherspoon systemd[1]: Starting Disable VCS before Witherspoon power on...
Jul 31 08:56:57 witherspoon systemd[1]: Started Disable VCS before Witherspoon power on.
Jul 31 08:56:57 witherspoon systemd[1]: Reached target Power0 On (Pre).
Jul 31 08:56:57 witherspoon systemd[1]: Starting Start Power0...
Jul 31 08:56:58 witherspoon phosphor-gevent[1013]: ::80c9:6976:8e91:f402%1995754268 - - [2017-07-31 08:56:58] "GET /xyz/openbmc_project/state/chassis0//attr/CurrentPowerState HTTP/1.1" 200 216 6.505787
Jul 31 08:56:58 witherspoon systemd[1]: Started Wait for /org/openbmc/control/chassis0.
Jul 31 08:56:58 witherspoon systemd[1]: Started Wait for /xyz/openbmc_project/led/groups/power_on.
Jul 31 08:56:58 witherspoon systemd[1]: Starting Assert power_on LED...
Jul 31 08:56:59 witherspoon phosphor-gevent[1013]: ::80c9:6976:8e91:f402%1995754268 - - [2017-07-31 08:56:59] "POST /login HTTP/1.1" 200 320 0.388545
Jul 31 08:57:00 witherspoon power_control.exe[1068]: PowerControl: setting power up SOFTWARE_PGOOD to 1
Jul 31 08:57:00 witherspoon power_control.exe[1068]: PowerControl: setting power up BMC_POWER_UP to 1
Jul 31 08:57:00 witherspoon systemd[1]: Started Start Power0.
Jul 31 08:57:00 witherspoon timemanager[1097]:  PGOOD has changed..
Jul 31 08:57:00 witherspoon system_manager.py[1009]: Running System State: HOST_POWERING_ON
Jul 31 08:57:00 witherspoon phosphor-gevent[1013]: ::80c9:6976:8e91:f402%1995754268 - - [2017-07-31 08:57:00] "GET /xyz/openbmc_project/state/bmc0//attr/CurrentBMCState HTTP/1.1" 200 212 1.199752
Jul 31 08:57:00 witherspoon phosphor-gevent[1013]: ::80c9:6976:8e91:f402%1995754268 - - [2017-07-31 08:57:00] "POST /login HTTP/1.1" 200 320 0.033358
Jul 31 08:57:00 witherspoon phosphor-ledmanager[949]: Asserting LEDs
Jul 31 08:57:00 witherspoon phosphor-ledmanager[949]: No service providers for physical LED
Jul 31 08:57:02 witherspoon kernel:  fsi0: fsi: found chip c0010d12 at 00:00:00
Jul 31 08:57:02 witherspoon kernel:  slave@00:00: engine[2]: type 4, version 6, addr c00 size 400
Jul 31 08:57:02 witherspoon kernel:  slave@00:00: engine[3]: type 5, version 6, addr 1000 size 400
Jul 31 08:57:02 witherspoon kernel:  slave@00:00: engine[4]: type 6, version 1, addr 1400 size 400
Jul 31 08:57:02 witherspoon kernel:  slave@00:00: engine[5]: type 7, version 2, addr 1800 size 400
Jul 31 08:57:02 witherspoon kernel:  slave@00:00: engine[8]: type 22, version 1, addr 2400 size 400
Jul 31 08:57:02 witherspoon kernel: sbefifo 00:00:00:06: Found sbefifo device
Jul 31 08:57:02 witherspoon kernel: occ-hwmon occ1-dev0: failed to get OCC poll response: -19
Jul 31 08:57:02 witherspoon kernel:  slave@00:00: engine[9]: type 20, version 2, addr 2800 size 800
Jul 31 08:57:02 witherspoon kernel:  slave@00:00: engine[11]: type 1a, version 1, addr 3000 size 400
Jul 31 08:57:02 witherspoon kernel:  slave@00:00: engine[12]: type 1c, version 1, addr 3400 size 400
Jul 31 08:57:02 witherspoon kernel: fsi-master-hub 00:00:00:0a: hub version 92010800 (8 links)
Jul 31 08:57:02 witherspoon kernel:  slave@00:00: status: 0x84000510, sisc: 0x01040108
Jul 31 08:57:02 witherspoon kernel:  slave@00:00: status: 0x84000500, sisc: 0x00040108
Jul 31 08:57:02 witherspoon kernel:  fsi1: can't read slave 00:00 -5
Jul 31 08:57:02 witherspoon kernel:  fsi1: fsi: found chip c0010d12 at 01:01:00
Jul 31 08:57:02 witherspoon kernel:  slave@01:00: engine[2]: type 4, version 6, addr c00 size 400
Jul 31 08:57:02 witherspoon kernel:  slave@01:00: engine[3]: type 5, version 6, addr 1000 size 400
Jul 31 08:57:01 witherspoon kernel[954]: [  350.810000]  fsi0: fsi: found chip c0010d12 at 00:00:00
Jul 31 08:57:02 witherspoon power_control.exe[1068]: PowerControl: pgood: 1, setting reset BMC_CP0_RESET_N to 1
Jul 31 08:57:00 witherspoon systemd[1]: Started Assert power_on LED.
Jul 31 08:57:02 witherspoon phosphor-fan-control[1176]: terminate called after throwing an instance of 'sdbusplus::xyz::openbmc_project::Common::Error::InternalFailure'
Jul 31 08:57:02 witherspoon phosphor-fan-control[1176]:   what():  xyz.openbmc_project.Common.Error.InternalFailure: The operation failed internally.
