-- Logs begin at Thu 2017-08-17 21:00:44 UTC, end at Thu 2017-08-17 21:13:59 UTC. --
Aug 17 21:00:44 witherspoon kernel: Booting Linux on physical CPU 0x0
Aug 17 21:00:44 witherspoon kernel: Linux version 4.10.17-1a4df30c39cf5ee0e3d2528c409787ccbb4a672a (jenkins@openbmc-builder1) (gcc version 6.2.0 (GCC) ) #1 Thu Aug 17 19:25:22 UTC 2017
Aug 17 21:00:44 witherspoon kernel: CPU: ARMv6-compatible processor [410fb767] revision 7 (ARMv7), cr=00c5387d
Aug 17 21:00:44 witherspoon kernel: CPU: PIPT / VIPT nonaliasing data cache, VIPT nonaliasing instruction cache
Aug 17 21:00:44 witherspoon kernel: OF: fdt:Machine model: Witherspoon BMC
Aug 17 21:00:44 witherspoon kernel: Memory policy: Data cache writeback
Aug 17 21:00:44 witherspoon kernel: SOC Rev: 04030303
Aug 17 21:00:44 witherspoon kernel: On node 0 totalpages: 110592
Aug 17 21:00:44 witherspoon kernel: free_area_init_node: node 0, pgdat 80601864, node_mem_map 9ec1a000
Aug 17 21:00:44 witherspoon kernel:   Normal zone: 992 pages used for memmap
Aug 17 21:00:44 witherspoon kernel:   Normal zone: 0 pages reserved
Aug 17 21:00:44 witherspoon kernel:   Normal zone: 110592 pages, LIFO batch:31
Aug 17 21:00:44 witherspoon kernel: pcpu-alloc: s0 r0 d32768 u32768 alloc=1*32768
Aug 17 21:00:44 witherspoon kernel: pcpu-alloc: [0] 0 
Aug 17 21:00:44 witherspoon kernel: Built 1 zonelists in Zone order, mobility grouping on.  Total pages: 109600
Aug 17 21:00:44 witherspoon kernel: Kernel command line: console=ttyS4,115200n8 root=/dev/ram rw
Aug 17 21:00:44 witherspoon kernel: PID hash table entries: 2048 (order: 1, 8192 bytes)
Aug 17 21:00:44 witherspoon kernel: Dentry cache hash table entries: 65536 (order: 6, 262144 bytes)
Aug 17 21:00:44 witherspoon kernel: Inode-cache hash table entries: 32768 (order: 5, 131072 bytes)
Aug 17 21:00:44 witherspoon kernel: Memory: 430420K/442368K available (4074K kernel code, 281K rwdata, 1196K rodata, 280K init, 111K bss, 11948K reserved, 0K cma-reserved)
Aug 17 21:00:44 witherspoon kernel: Virtual kernel memory layout:
                                        vector  : 0xffff0000 - 0xffff1000   (   4 kB)
                                        fixmap  : 0xffc00000 - 0xfff00000   (3072 kB)
                                        vmalloc : 0x9f800000 - 0xff800000   (1536 MB)
                                        lowmem  : 0x80000000 - 0x9f000000   ( 496 MB)
                                          .text : 0x80008000 - 0x80402cb0   (4076 kB)
                                          .init : 0x80588000 - 0x805ce000   ( 280 kB)
                                          .data : 0x805ce000 - 0x80614710   ( 282 kB)
                                           .bss : 0x80614710 - 0x806305b8   ( 112 kB)
Aug 17 21:00:44 witherspoon kernel: NR_IRQS:16 nr_irqs:16 16
Aug 17 21:00:44 witherspoon kernel: i2c controller registered, irq 16
Aug 17 21:00:44 witherspoon kernel: clocksource: moxart_timer: mask: 0xffffffff max_cycles: 0xffffffff, max_idle_ns: 77222644334 ns
Aug 17 21:00:44 witherspoon kernel: sched_clock: 32 bits at 100 Hz, resolution 10000000ns, wraps every 21474836475000000ns
Aug 17 21:00:44 witherspoon kernel: Calibrating delay loop... 789.70 BogoMIPS (lpj=3948544)
Aug 17 21:00:44 witherspoon kernel: pid_max: default: 32768 minimum: 301
Aug 17 21:00:44 witherspoon kernel: Mount-cache hash table entries: 1024 (order: 0, 4096 bytes)
Aug 17 21:00:44 witherspoon kernel: Mountpoint-cache hash table entries: 1024 (order: 0, 4096 bytes)
Aug 17 21:00:44 witherspoon kernel: CPU: Testing write buffer coherency: ok
Aug 17 21:00:44 witherspoon kernel: ftrace: allocating 14972 entries in 44 pages
Aug 17 21:00:44 witherspoon kernel: Setting up static identity map for 0x80008200 - 0x8000825c
Aug 17 21:00:44 witherspoon kernel: devtmpfs: initialized
Aug 17 21:00:44 witherspoon kernel: clocksource: jiffies: mask: 0xffffffff max_cycles: 0xffffffff, max_idle_ns: 19112604462750000 ns
Aug 17 21:00:44 witherspoon kernel: futex hash table entries: 256 (order: -1, 3072 bytes)
Aug 17 21:00:44 witherspoon kernel: pinctrl core: initialized pinctrl subsystem
Aug 17 21:00:44 witherspoon kernel: NET: Registered protocol family 16
Aug 17 21:00:44 witherspoon kernel: DMA: preallocated 256 KiB pool for atomic coherent allocations
Aug 17 21:00:44 witherspoon kernel: usbcore: registered new interface driver usbfs
Aug 17 21:00:44 witherspoon kernel: usbcore: registered new interface driver hub
Aug 17 21:00:44 witherspoon kernel: usbcore: registered new device driver usb
Aug 17 21:00:44 witherspoon kernel: clocksource: Switched to clocksource moxart_timer
Aug 17 21:00:44 witherspoon kernel: NET: Registered protocol family 2
Aug 17 21:00:44 witherspoon kernel: TCP established hash table entries: 4096 (order: 2, 16384 bytes)
Aug 17 21:00:44 witherspoon kernel: TCP bind hash table entries: 4096 (order: 2, 16384 bytes)
Aug 17 21:00:44 witherspoon kernel: TCP: Hash tables configured (established 4096 bind 4096)
Aug 17 21:00:44 witherspoon kernel: UDP hash table entries: 256 (order: 0, 4096 bytes)
Aug 17 21:00:44 witherspoon kernel: UDP-Lite hash table entries: 256 (order: 0, 4096 bytes)
Aug 17 21:00:44 witherspoon kernel: NET: Registered protocol family 1
Aug 17 21:00:44 witherspoon kernel: Trying to unpack rootfs image as initramfs...
Aug 17 21:00:44 witherspoon kernel: Freeing initrd memory: 1548K
Aug 17 21:00:44 witherspoon kernel: workingset: timestamp_bits=30 max_order=17 bucket_order=0
Aug 17 21:00:44 witherspoon kernel: squashfs: version 4.0 (2009/01/31) Phillip Lougher
Aug 17 21:00:44 witherspoon kernel: jffs2: version 2.2. (SUMMARY)  © 2001-2006 Red Hat, Inc.
Aug 17 21:00:44 witherspoon kernel: Block layer SCSI generic (bsg) driver version 0.4 loaded (major 250)
Aug 17 21:00:44 witherspoon kernel: io scheduler noop registered
Aug 17 21:00:44 witherspoon kernel: io scheduler deadline registered
Aug 17 21:00:44 witherspoon kernel: io scheduler cfq registered (default)
Aug 17 21:00:44 witherspoon kernel: ipmi-bt-host 1e789140.ibt: Found bt bmc device
Aug 17 21:00:44 witherspoon kernel: ipmi-bt-host 1e789140.ibt: Using IRQ 22
Aug 17 21:00:44 witherspoon kernel: Serial: 8250/16550 driver, 6 ports, IRQ sharing enabled
Aug 17 21:00:44 witherspoon kernel: 1e787000.vuart: ttyS0 at MMIO 0x1e787000 (irq = 22, base_baud = 1500000) is a 16550A
Aug 17 21:00:44 witherspoon kernel: 1e783000.serial: ttyS1 at MMIO 0x1e783000 (irq = 23, base_baud = 1500000) is a 16550A
Aug 17 21:00:44 witherspoon kernel: 1e78d000.serial: ttyS2 at MMIO 0x1e78d000 (irq = 24, base_baud = 1500000) is a 16550A
Aug 17 21:00:44 witherspoon kernel: 1e784000.serial: ttyS4 at MMIO 0x1e784000 (irq = 25, base_baud = 1500000) is a 16550A
Aug 17 21:00:44 witherspoon kernel: console [ttyS4] enabled
Aug 17 21:00:44 witherspoon kernel: timeriomem_rng 1e6e2078.hwrng: 32bits from 0xf00e2078 @ 1us
Aug 17 21:00:44 witherspoon kernel: random: fast init done
Aug 17 21:00:44 witherspoon kernel: random: crng init done
Aug 17 21:00:44 witherspoon kernel: brd: module loaded
Aug 17 21:00:44 witherspoon kernel: loop: module loaded
Aug 17 21:00:44 witherspoon kernel: aspeed-lpc-ctrl 1e789080.lpc-ctrl: Loaded at 0x98000000 (0x04000000)
Aug 17 21:00:44 witherspoon kernel: aspeed-smc 1e620000.flash-controller: Using IRQ 18
Aug 17 21:00:44 witherspoon kernel: aspeed-smc 1e620000.flash-controller: DMA support disabled.
Aug 17 21:00:44 witherspoon kernel: aspeed-smc 1e620000.flash-controller: mx25l25635e (32768 Kbytes)
Aug 17 21:00:44 witherspoon kernel: aspeed-smc 1e620000.flash-controller: CE0 window [ 0x20000000 - 0x22000000 ] 32MB
Aug 17 21:00:44 witherspoon kernel: aspeed-smc 1e620000.flash-controller: CE1 window [ 0x22000000 - 0x2a000000 ] 128MB
Aug 17 21:00:44 witherspoon kernel: 5 ofpart partitions found on MTD device bmc
Aug 17 21:00:44 witherspoon kernel: Creating 5 MTD partitions on "bmc":
Aug 17 21:00:44 witherspoon kernel: 0x000000000000-0x000000060000 : "u-boot"
Aug 17 21:00:44 witherspoon kernel: 0x000000060000-0x000000080000 : "u-boot-env"
Aug 17 21:00:44 witherspoon kernel: 0x000000080000-0x0000004c0000 : "kernel"
Aug 17 21:00:44 witherspoon kernel: 0x0000004c0000-0x000001c00000 : "rofs"
Aug 17 21:00:44 witherspoon kernel: 0x000001c00000-0x000002000000 : "rwfs"
Aug 17 21:00:44 witherspoon kernel: aspeed-smc 1e620000.flash-controller: mx25l25635e (32768 Kbytes)
Aug 17 21:00:44 witherspoon kernel: aspeed-smc 1e620000.flash-controller: CE1 window [ 0x22000000 - 0x24000000 ] 32MB
Aug 17 21:00:44 witherspoon kernel: aspeed-smc 1e620000.flash-controller: CE2 window [ 0x24000000 - 0x2c000000 ] 128MB
Aug 17 21:00:44 witherspoon kernel: aspeed-smc 1e630000.flash-controller: mx66l1g45g (131072 Kbytes)
Aug 17 21:00:44 witherspoon kernel: aspeed-smc 1e630000.flash-controller: CE0 window resized to 120MB (AST2500 HW quirk)
Aug 17 21:00:44 witherspoon kernel: aspeed-smc 1e630000.flash-controller: CE0 window [ 0x30000000 - 0x37800000 ] 120MB
Aug 17 21:00:44 witherspoon kernel: aspeed-smc 1e630000.flash-controller: CE0 window too small for chip 128MB
Aug 17 21:00:44 witherspoon kernel: aspeed-smc 1e630000.flash-controller: CE1 window [ 0x37800000 - 0x38000000 ] 8MB
Aug 17 21:00:44 witherspoon kernel: libphy: Fixed MDIO Bus: probed
Aug 17 21:00:44 witherspoon kernel: ftgmac100 1e660000.ethernet: Read MAC address 70:e2:84:14:23:e1 from chip
Aug 17 21:00:44 witherspoon kernel: ftgmac100 1e660000.ethernet: Using NCSI interface
Aug 17 21:00:44 witherspoon kernel: ftgmac100 1e660000.ethernet eth0: irq 20, mapped at f0060000
Aug 17 21:00:44 witherspoon kernel: ehci_hcd: USB 2.0 'Enhanced' Host Controller (EHCI) Driver
Aug 17 21:00:44 witherspoon kernel: ehci-platform: EHCI generic platform driver
Aug 17 21:00:44 witherspoon kernel:  fsi0: can't read slave 00:00 -5
Aug 17 21:00:44 witherspoon kernel: i2c /dev entries driver
Aug 17 21:00:44 witherspoon kernel: aspeed-i2c-bus 1e78a0c0.i2c-bus: i2c bus 2 registered, irq 26
Aug 17 21:00:44 witherspoon kernel: aspeed-i2c-bus 1e78a100.i2c-bus: i2c bus 3 registered, irq 27
Aug 17 21:00:44 witherspoon kernel: aspeed-i2c-bus 1e78a140.i2c-bus: i2c bus 4 registered, irq 28
Aug 17 21:00:44 witherspoon kernel: aspeed-i2c-bus 1e78a180.i2c-bus: i2c bus 5 registered, irq 29
Aug 17 21:00:44 witherspoon kernel: aspeed-i2c-bus 1e78a380.i2c-bus: i2c bus 9 registered, irq 30
Aug 17 21:00:44 witherspoon kernel: aspeed-i2c-bus 1e78a3c0.i2c-bus: i2c bus 10 registered, irq 31
Aug 17 21:00:44 witherspoon kernel: rtc-rv8803 11-0032: Voltage low, temperature compensation stopped.
Aug 17 21:00:44 witherspoon kernel: rtc-rv8803 11-0032: An alarm maybe have been missed.
Aug 17 21:00:44 witherspoon kernel: rtc-rv8803 11-0032: rtc core: registered rx8900 as rtc0
Aug 17 21:00:44 witherspoon kernel: at24 11-0051: 8192 byte 24c64 EEPROM, writable, 1 bytes/write
Aug 17 21:00:44 witherspoon kernel: aspeed-i2c-bus 1e78a400.i2c-bus: i2c bus 11 registered, irq 32
Aug 17 21:00:44 witherspoon kernel: aspeed-i2c-bus 1e78a440.i2c-bus: i2c bus 12 registered, irq 33
Aug 17 21:00:44 witherspoon kernel: aspeed-i2c-bus 1e78a480.i2c-bus: i2c bus 13 registered, irq 34
Aug 17 21:00:44 witherspoon kernel: Driver for 1-wire Dallas network protocol.
Aug 17 21:00:44 witherspoon kernel: lm75 9-004a: hwmon0: sensor 'tmp275'
Aug 17 21:00:44 witherspoon kernel: ucd9000 11-0064: Device ID UCD90160|2.3.4.0000|110603
Aug 17 21:00:44 witherspoon kernel: leds-pca955x 3-0060: leds-pca955x: Using pca9552 16-bit LED driver at slave address 0x60
Aug 17 21:00:44 witherspoon kernel: leds-pca955x 3-0060: gpios 264...279
Aug 17 21:00:44 witherspoon kernel: leds-pca955x 11-0060: leds-pca955x: Using pca9552 16-bit LED driver at slave address 0x60
Aug 17 21:00:44 witherspoon kernel: leds-pca955x 11-0060: gpios 248...263
Aug 17 21:00:44 witherspoon kernel: usbcore: registered new interface driver usbhid
Aug 17 21:00:44 witherspoon kernel: usbhid: USB HID core driver
Aug 17 21:00:44 witherspoon kernel: NET: Registered protocol family 10
Aug 17 21:00:44 witherspoon kernel: Segment Routing with IPv6
Aug 17 21:00:44 witherspoon kernel: NET: Registered protocol family 17
Aug 17 21:00:44 witherspoon kernel: 8021q: 802.1Q VLAN Support v1.8
Aug 17 21:00:44 witherspoon kernel: input: gpio-keys-polled as /devices/platform/gpio-keys-polled/input/input1
Aug 17 21:00:44 witherspoon kernel: console [netcon0] enabled
Aug 17 21:00:44 witherspoon kernel: netconsole: network logging started
Aug 17 21:00:44 witherspoon kernel: input: gpio-keys as /devices/platform/gpio-keys/input/input2
Aug 17 21:00:44 witherspoon kernel: rtc-rv8803 11-0032: setting system clock to 2017-08-17 21:00:37 UTC (1503003637)
Aug 17 21:00:44 witherspoon kernel: Freeing unused kernel memory: 280K
Aug 17 21:00:44 witherspoon kernel: This architecture does not have kernel memory protection.
Aug 17 21:00:44 witherspoon kernel: jffs2: notice: (541) jffs2_build_xattr_subsystem: complete building xattr subsystem, 1 of xdatum (0 unchecked, 0 orphan) and 11 of xref (0 dead, 1 orphan) found.
Aug 17 21:00:44 witherspoon systemd[1]: Failed to insert module 'autofs4': No such file or directory
Aug 17 21:00:44 witherspoon systemd[1]: systemd 232 running in system mode. (+PAM -AUDIT -SELINUX -IMA -APPARMOR -SMACK +SYSVINIT -UTMP -LIBCRYPTSETUP -GCRYPT -GNUTLS +ACL +XZ -LZ4 -SECCOMP +BLKID -ELFUTILS +KMOD -IDN)
Aug 17 21:00:44 witherspoon systemd[1]: Detected architecture arm.
Aug 17 21:00:44 witherspoon systemd[1]: Set hostname to <witherspoon>.
Aug 17 21:00:44 witherspoon systemd[1]: [/lib/systemd/system/obmc-flash-bios-updatesymlinks.service:9] Unknown lvalue 'WantedBy' in section 'Service'
Aug 17 21:00:44 witherspoon systemd[1]: Listening on Journal Socket (/dev/log).
Aug 17 21:00:44 witherspoon systemd[1]: Started Forward Password Requests to Wall Directory Watch.
Aug 17 21:00:44 witherspoon systemd[1]: Listening on /dev/initctl Compatibility Named Pipe.
Aug 17 21:00:44 witherspoon systemd[1]: Reached target Remote File Systems.
Aug 17 21:00:44 witherspoon systemd[1]: Listening on udev Kernel Socket.
Aug 17 21:00:44 witherspoon systemd[1]: Started Dispatch Password Requests to Console Directory Watch.
Aug 17 21:00:44 witherspoon systemd-journald[563]: Journal started
Aug 17 21:00:44 witherspoon systemd-journald[563]: Runtime journal (/run/log/journal/cc6e1404d87444e8a089dfdb00a18f7d) is 0B, max 0B, 0B free.
Aug 17 21:00:44 witherspoon systemd-sysctl[564]: Couldn't write '16' to 'kernel/sysrq', ignoring: No such file or directory
Aug 17 21:00:44 witherspoon systemd-sysctl[564]: Couldn't write 'fq_codel' to 'net/core/default_qdisc', ignoring: No such file or directory
Aug 17 21:00:45 witherspoon systemd[1]: Started Apply Kernel Variables.
Aug 17 21:00:45 witherspoon systemd[1]: Started Remount Root and Kernel File Systems.
Aug 17 21:00:45 witherspoon systemd[1]: Starting Create Static Device Nodes in /dev...
Aug 17 21:00:45 witherspoon systemd[1]: Starting Flush Journal to Persistent Storage...
Aug 17 21:00:45 witherspoon systemd-journald[563]: Runtime journal (/run/log/journal/cc6e1404d87444e8a089dfdb00a18f7d) is 0B, max 0B, 0B free.
Aug 17 21:00:45 witherspoon systemd[1]: Started Flush Journal to Persistent Storage.
Aug 17 21:00:45 witherspoon systemd[1]: Started Create Static Device Nodes in /dev.
Aug 17 21:00:45 witherspoon systemd[1]: Reached target Local File Systems (Pre).
Aug 17 21:00:45 witherspoon systemd[1]: Mounting /var/volatile...
Aug 17 21:00:45 witherspoon systemd[1]: Mounting /usr/local...
Aug 17 21:00:45 witherspoon systemd[1]: Starting udev Kernel Device Manager...
Aug 17 21:00:45 witherspoon systemd[1]: Mounted /usr/local.
Aug 17 21:00:45 witherspoon systemd[1]: Mounted /var/volatile.
Aug 17 21:00:45 witherspoon systemd[1]: Starting Load/Save Random Seed...
Aug 17 21:00:46 witherspoon systemd[1]: Reached target Local File Systems.
Aug 17 21:00:46 witherspoon systemd[1]: Starting Create Volatile Files and Directories...
Aug 17 21:00:46 witherspoon systemd[1]: Started Load/Save Random Seed.
Aug 17 21:00:46 witherspoon systemd-tmpfiles[687]: "/var/tmp" already exists and is not a directory.
Aug 17 21:00:46 witherspoon systemd-tmpfiles[687]: "/var/log" already exists and is not a directory.
Aug 17 21:00:46 witherspoon systemd[1]: Started Create Volatile Files and Directories.
Aug 17 21:00:46 witherspoon systemd[1]: Starting Network Time Synchronization...
Aug 17 21:00:46 witherspoon systemd[1]: Started udev Kernel Device Manager.
Aug 17 21:00:47 witherspoon systemd[1]: Started udev Coldplug all Devices.
Aug 17 21:00:47 witherspoon systemd[1]: Started Network Time Synchronization.
Aug 17 21:00:47 witherspoon systemd[1]: Reached target System Initialization.
Aug 17 21:00:47 witherspoon systemd[1]: Listening on D-Bus System Message Bus Socket.
Aug 17 21:00:47 witherspoon systemd[1]: Listening on Phosphor Webserver socket.
Aug 17 21:00:47 witherspoon systemd[1]: Listening on dropbear.socket.
Aug 17 21:00:47 witherspoon systemd[1]: Listening on phosphor-ipmi-net.socket.
Aug 17 21:00:48 witherspoon systemd[1]: Started Daily Cleanup of Temporary Directories.
Aug 17 21:00:48 witherspoon systemd[1]: Reached target Timers.
Aug 17 21:00:48 witherspoon systemd[1]: Listening on Avahi mDNS/DNS-SD Stack Activation Socket.
Aug 17 21:00:48 witherspoon systemd[1]: Listening on Phosphor DBUS Browser socket.
Aug 17 21:00:48 witherspoon systemd[1]: Listening on Phosphor Host Console SSH Per-Connection socket.
Aug 17 21:00:48 witherspoon systemd[1]: Reached target Sockets.
Aug 17 21:00:48 witherspoon systemd[1]: Reached target Basic System.
Aug 17 21:00:48 witherspoon systemd[1]: Starting Phosphor IPMI BT DBus Bridge...
Aug 17 21:00:48 witherspoon systemd[1]: Starting Phosphor Network Manager...
Aug 17 21:00:48 witherspoon systemd[1]: Starting Phosphor BMC0 Control...
Aug 17 21:00:48 witherspoon systemd[1]: Started Phosphor Dump core monitor..
Aug 17 21:00:48 witherspoon systemd[1]: Starting Remount the ubi volume after a reboot...
Aug 17 21:00:48 witherspoon systemd[1]: Starting Phosphor Download Manager...
Aug 17 21:00:48 witherspoon systemd[1]: Started Hardware RNG Entropy Gatherer Daemon.
Aug 17 21:00:48 witherspoon systemd[1]: Starting Avahi mDNS/DNS-SD Stack...
Aug 17 21:00:48 witherspoon systemd[1]: Starting Phosphor DBus Service Discovery Manager...
Aug 17 21:00:49 witherspoon systemd[1]: Reached target Containers.
Aug 17 21:00:49 witherspoon systemd[1]: Starting Clear one time boot overrides...
Aug 17 21:00:49 witherspoon systemd[1]: Starting Phosphor Settings Daemon...
Aug 17 21:00:49 witherspoon systemd[1]: Started System Logging Service.
Aug 17 21:00:49 witherspoon systemd[1]: Starting Phosphor Download Manager...
Aug 17 21:00:49 witherspoon systemd[1]: Started Kernel Logging Service.
Aug 17 21:00:49 witherspoon systemd[1]: Starting Phosphor Sensor Manager...
Aug 17 21:00:49 witherspoon systemd[1]: Starting Phosphor Log Manager...
Aug 17 21:00:49 witherspoon systemd[1]: Starting Phosphor Inventory Manager...
Aug 17 21:00:49 witherspoon systemd[1]: Starting Remount the squashfs and ubi volumes after a reboot...
Aug 17 21:00:49 witherspoon systemd[1]: Started D-Bus System Message Bus.
Aug 17 21:00:50 witherspoon kernel[960]: klogd started: BusyBox v1.24.1 (2017-06-16 19:29:08 UTC)
Aug 17 21:00:50 witherspoon kernel[960]: [    0.000000] Booting Linux on physical CPU 0x0
Aug 17 21:00:50 witherspoon kernel[960]: [    0.000000] Linux version 4.10.17-1a4df30c39cf5ee0e3d2528c409787ccbb4a672a (jenkins@openbmc-builder1) (gcc version 6.2.0 (GCC) ) #1 Thu Aug 17 19:25:22 UTC 2017
Aug 17 21:00:50 witherspoon kernel[960]: [    0.000000] CPU: ARMv6-compatible processor [410fb767] revision 7 (ARMv7), cr=00c5387d
Aug 17 21:00:50 witherspoon kernel[960]: [    0.000000] CPU: PIPT / VIPT nonaliasing data cache, VIPT nonaliasing instruction cache
Aug 17 21:00:50 witherspoon kernel[960]: [    0.000000] OF: fdt:Machine model: Witherspoon BMC
Aug 17 21:00:50 witherspoon kernel[960]: [    0.000000] Memory policy: Data cache writeback
Aug 17 21:00:50 witherspoon kernel[960]: [    0.000000] SOC Rev: 04030303
Aug 17 21:00:50 witherspoon kernel[960]: [    0.000000] On node 0 totalpages: 110592
Aug 17 21:00:50 witherspoon kernel[960]: [    0.000000] free_area_init_node: node 0, pgdat 80601864, node_mem_map 9ec1a000
Aug 17 21:00:50 witherspoon kernel[960]: [    0.000000]   Normal zone: 992 pages used for memmap
Aug 17 21:00:50 witherspoon kernel[960]: [    0.000000]   Normal zone: 0 pages reserved
Aug 17 21:00:50 witherspoon kernel[960]: [    0.000000]   Normal zone: 110592 pages, LIFO batch:31
Aug 17 21:00:50 witherspoon kernel[960]: [    0.000000] pcpu-alloc: s0 r0 d32768 u32768 alloc=1*32768
Aug 17 21:00:50 witherspoon kernel[960]: [    0.000000] pcpu-alloc: [0] 0
Aug 17 21:00:50 witherspoon kernel[960]: [    0.000000] Built 1 zonelists in Zone order, mobility grouping on.  Total pages: 109600
Aug 17 21:00:50 witherspoon kernel[960]: [    0.000000] Kernel command line: console=ttyS4,115200n8 root=/dev/ram rw
Aug 17 21:00:50 witherspoon kernel[960]: [    0.000000] PID hash table entries: 2048 (order: 1, 8192 bytes)
Aug 17 21:00:50 witherspoon kernel[960]: [    0.000000] Dentry cache hash table entries: 65536 (order: 6, 262144 bytes)
Aug 17 21:00:50 witherspoon kernel[960]: [    0.000000] Inode-cache hash table entries: 32768 (order: 5, 131072 bytes)
Aug 17 21:00:50 witherspoon kernel[960]: [    0.000000] Memory: 430420K/442368K available (4074K kernel code, 281K rwdata, 1196K rodata, 280K init, 111K bss, 11948K reserved, 0K cma-reserved)
Aug 17 21:00:50 witherspoon kernel[960]: [    0.000000] Virtual kernel memory layout:
Aug 17 21:00:50 witherspoon kernel[960]: [    0.000000]     vector  : 0xffff0000 - 0xffff1000   (   4 kB)
Aug 17 21:00:50 witherspoon kernel[960]: [    0.000000]     fixmap  : 0xffc00000 - 0xfff00000   (3072 kB)
Aug 17 21:00:50 witherspoon kernel[960]: [    0.000000]     vmalloc : 0x9f800000 - 0xff800000   (1536 MB)
Aug 17 21:00:50 witherspoon kernel[960]: [    0.000000]     lowmem  : 0x80000000 - 0x9f000000   ( 496 MB)
Aug 17 21:00:50 witherspoon kernel[960]: [    0.000000]       .text : 0x80008000 - 0x80402cb0   (4076 kB)
Aug 17 21:00:50 witherspoon kernel[960]: [    0.000000]       .init : 0x80588000 - 0x805ce000   ( 280 kB)
Aug 17 21:00:52 witherspoon kernel: ubi7: default fastmap pool size: 100
Aug 17 21:00:52 witherspoon kernel: ubi7: default fastmap WL pool size: 50
Aug 17 21:00:52 witherspoon kernel: ubi7: attaching mtd7
Aug 17 21:00:52 witherspoon kernel: ubi7: scanning is finished
Aug 17 21:00:52 witherspoon kernel: ubi7: attached mtd7 (name "pnor", size 128 MiB)
Aug 17 21:00:52 witherspoon kernel: ubi7: PEB size: 65536 bytes (64 KiB), LEB size: 65408 bytes
Aug 17 21:00:52 witherspoon kernel: ubi7: min./max. I/O unit sizes: 1/256, sub-page size 1
Aug 17 21:00:52 witherspoon kernel: ubi7: VID header offset: 64 (aligned 64), data offset: 128
Aug 17 21:00:52 witherspoon kernel: ubi7: good PEBs: 2048, bad PEBs: 0, corrupted PEBs: 0
Aug 17 21:00:52 witherspoon kernel: ubi7: user volume: 3, internal volumes: 1, max. volumes count: 128
Aug 17 21:00:52 witherspoon kernel: ubi7: max/mean erase counter: 1/0, WL threshold: 4096, image sequence number: 799043678
Aug 17 21:00:52 witherspoon kernel: ubi7: available PEBs: 1367, total reserved PEBs: 681, PEBs reserved for bad PEB handling: 0
Aug 17 21:00:52 witherspoon kernel: ubi7: background thread "ubi_bgt7d" started, PID 985
Aug 17 21:00:50 witherspoon kernel[960]: [    0.000000]       .data : 0x805ce000 - 0x80614710   ( 282 kB)
Aug 17 21:00:50 witherspoon kernel[960]: [    0.000000]        .bss : 0x80614710 - 0x806305b8   ( 112 kB)
Aug 17 21:00:50 witherspoon kernel[960]: [    0.000000] NR_IRQS:16 nr_irqs:16 16
Aug 17 21:00:50 witherspoon kernel[960]: [    0.000000] i2c controller registered, irq 16
Aug 17 21:00:50 witherspoon kernel[960]: [    0.000000] clocksource: moxart_timer: mask: 0xffffffff max_cycles: 0xffffffff, max_idle_ns: 77222644334 ns
Aug 17 21:00:50 witherspoon kernel[960]: [    0.000000] sched_clock: 32 bits at 100 Hz, resolution 10000000ns, wraps every 21474836475000000ns
Aug 17 21:00:50 witherspoon kernel[960]: [    0.090000] Calibrating delay loop... 789.70 BogoMIPS (lpj=3948544)
Aug 17 21:00:50 witherspoon kernel[960]: [    0.090000] pid_max: default: 32768 minimum: 301
Aug 17 21:00:52 witherspoon obmc-flash-bios[964]: UBI device number 7, total 2048 LEBs (133955584 bytes, 127.8 MiB), available 1367 LEBs (89412736 bytes, 85.3 MiB), LEB size 65408 bytes (63.9 KiB)
Aug 17 21:00:50 witherspoon kernel[960]: [    0.090000] Mount-cache hash table entries: 1024 (order: 0, 4096 bytes)
Aug 17 21:00:50 witherspoon kernel[960]: [    0.090000] Mountpoint-cache hash table entries: 1024 (order: 0, 4096 bytes)
Aug 17 21:00:50 witherspoon kernel[960]: [    0.090000] CPU: Testing write buffer coherency: ok
Aug 17 21:00:50 witherspoon kernel[960]: [    0.090000] ftrace: allocating 14972 entries in 44 pages
Aug 17 21:00:50 witherspoon kernel[960]: [    0.120000] Setting up static identity map for 0x80008200 - 0x8000825c
Aug 17 21:00:50 witherspoon kernel[960]: [    0.120000] devtmpfs: initialized
Aug 17 21:00:50 witherspoon kernel[960]: [    0.140000] clocksource: jiffies: mask: 0xffffffff max_cycles: 0xffffffff, max_idle_ns: 19112604462750000 ns
Aug 17 21:00:50 witherspoon kernel[960]: [    0.140000] futex hash table entries: 256 (order: -1, 3072 bytes)
Aug 17 21:00:50 witherspoon kernel[960]: [    0.140000] pinctrl core: initialized pinctrl subsystem
Aug 17 21:00:50 witherspoon kernel[960]: [    0.140000] NET: Registered protocol family 16
Aug 17 21:00:50 witherspoon kernel[960]: [    0.150000] DMA: preallocated 256 KiB pool for atomic coherent allocations
Aug 17 21:00:50 witherspoon kernel[960]: [    0.210000] usbcore: registered new interface driver usbfs
Aug 17 21:00:50 witherspoon kernel[960]: [    0.210000] usbcore: registered new interface driver hub
Aug 17 21:00:50 witherspoon kernel[960]: [    0.210000] usbcore: registered new device driver usb
Aug 17 21:00:50 witherspoon kernel[960]: [    0.220000] clocksource: Switched to clocksource moxart_timer
Aug 17 21:00:50 witherspoon kernel[960]: [    0.240000] NET: Registered protocol family 2
Aug 17 21:00:50 witherspoon kernel[960]: [    0.240000] TCP established hash table entries: 4096 (order: 2, 16384 bytes)
Aug 17 21:00:50 witherspoon kernel[960]: [    0.240000] TCP bind hash table entries: 4096 (order: 2, 16384 bytes)
Aug 17 21:00:50 witherspoon kernel[960]: [    0.240000] TCP: Hash tables configured (established 4096 bind 4096)
Aug 17 21:00:50 witherspoon kernel[960]: [    0.240000] UDP hash table entries: 256 (order: 0, 4096 bytes)
Aug 17 21:00:50 witherspoon kernel[960]: [    0.240000] UDP-Lite hash table entries: 256 (order: 0, 4096 bytes)
Aug 17 21:00:50 witherspoon kernel[960]: [    0.240000] NET: Registered protocol family 1
Aug 17 21:00:50 witherspoon kernel[960]: [    0.240000] Trying to unpack rootfs image as initramfs...
Aug 17 21:00:50 witherspoon kernel[960]: [    1.910000] Freeing initrd memory: 1548K
Aug 17 21:00:50 witherspoon kernel[960]: [    1.910000] workingset: timestamp_bits=30 max_order=17 bucket_order=0
Aug 17 21:00:50 witherspoon kernel[960]: [    1.910000] squashfs: version 4.0 (2009/01/31) Phillip Lougher
Aug 17 21:00:50 witherspoon kernel[960]: [    1.910000] jffs2: version 2.2. (SUMMARY)  © 2001-2006 Red Hat, Inc.
Aug 17 21:00:50 witherspoon kernel[960]: [    1.910000] Block layer SCSI generic (bsg) driver version 0.4 loaded (major 250)
Aug 17 21:00:50 witherspoon kernel[960]: [    1.910000] io scheduler noop registered
Aug 17 21:00:50 witherspoon kernel[960]: [    1.910000] io scheduler deadline registered
Aug 17 21:00:50 witherspoon kernel[960]: [    1.910000] io scheduler cfq registered (default)
Aug 17 21:00:50 witherspoon kernel[960]: [    2.060000] ipmi-bt-host 1e789140.ibt: Found bt bmc device
Aug 17 21:00:50 witherspoon kernel[960]: [    2.060000] ipmi-bt-host 1e789140.ibt: Using IRQ 22
Aug 17 21:00:50 witherspoon kernel[960]: [    2.060000] Serial: 8250/16550 driver, 6 ports, IRQ sharing enabled
Aug 17 21:00:50 witherspoon kernel[960]: [    2.060000] 1e787000.vuart: ttyS0 at MMIO 0x1e787000 (irq = 22, base_baud = 1500000) is a 16550A
Aug 17 21:00:50 witherspoon kernel[960]: [    2.060000] 1e783000.serial: ttyS1 at MMIO 0x1e783000 (irq = 23, base_baud = 1500000) is a 16550A
Aug 17 21:00:50 witherspoon kernel[960]: [    2.060000] 1e78d000.serial: ttyS2 at MMIO 0x1e78d000 (irq = 24, base_baud = 1500000) is a 16550A
Aug 17 21:00:50 witherspoon kernel[960]: [    2.060000] 1e784000.serial: ttyS4 at MMIO 0x1e784000 (irq = 25, base_baud = 1500000) is a 16550A
Aug 17 21:00:50 witherspoon kernel[960]: [    2.420000] console [ttyS4] enabled
Aug 17 21:00:50 witherspoon kernel[960]: [    2.590000] timeriomem_rng 1e6e2078.hwrng: 32bits from 0xf00e2078 @ 1us
Aug 17 21:00:50 witherspoon kernel[960]: [    2.610000] random: fast init done
Aug 17 21:00:50 witherspoon kernel[960]: [    2.650000] random: crng init done
Aug 17 21:00:50 witherspoon kernel[960]: [    2.650000] brd: module loaded
Aug 17 21:00:50 witherspoon kernel[960]: [    2.680000] loop: module loaded
Aug 17 21:00:50 witherspoon kernel[960]: [    2.680000] aspeed-lpc-ctrl 1e789080.lpc-ctrl: Loaded at 0x98000000 (0x04000000)
Aug 17 21:00:50 witherspoon kernel[960]: [    2.690000] aspeed-smc 1e620000.flash-controller: Using IRQ 18
Aug 17 21:00:50 witherspoon kernel[960]: [    2.690000] aspeed-smc 1e620000.flash-controller: DMA support disabled.
Aug 17 21:00:50 witherspoon kernel[960]: [    2.710000] aspeed-smc 1e620000.flash-controller: mx25l25635e (32768 Kbytes)
Aug 17 21:00:50 witherspoon kernel[960]: [    2.710000] aspeed-smc 1e620000.flash-controller: CE0 window [ 0x20000000 - 0x22000000 ] 32MB
Aug 17 21:00:50 witherspoon kernel[960]: [    2.710000] aspeed-smc 1e620000.flash-controller: CE1 window [ 0x22000000 - 0x2a000000 ] 128MB
Aug 17 21:00:50 witherspoon kernel[960]: [    2.730000] 5 ofpart partitions found on MTD device bmc
Aug 17 21:00:50 witherspoon kernel[960]: [    2.730000] Creating 5 MTD partitions on "bmc":
Aug 17 21:00:50 witherspoon kernel[960]: [    2.730000] 0x000000000000-0x000000060000 : "u-boot"
Aug 17 21:00:50 witherspoon kernel[960]: [    2.730000] 0x000000060000-0x000000080000 : "u-boot-env"
Aug 17 21:00:50 witherspoon kernel[960]: [    2.770000] 0x000000080000-0x0000004c0000 : "kernel"
Aug 17 21:00:50 witherspoon kernel[960]: [    2.770000] 0x0000004c0000-0x000001c00000 : "rofs"
Aug 17 21:00:50 witherspoon kernel[960]: [    2.790000] 0x000001c00000-0x000002000000 : "rwfs"
Aug 17 21:00:50 witherspoon kernel[960]: [    2.790000] aspeed-smc 1e620000.flash-controller: mx25l25635e (32768 Kbytes)
Aug 17 21:00:50 witherspoon kernel[960]: [    2.800000] aspeed-smc 1e620000.flash-controller: CE1 window [ 0x22000000 - 0x24000000 ] 32MB
Aug 17 21:00:50 witherspoon kernel[960]: [    2.800000] aspeed-smc 1e620000.flash-controller: CE2 window [ 0x24000000 - 0x2c000000 ] 128MB
Aug 17 21:00:50 witherspoon kernel[960]: [    2.830000] aspeed-smc 1e630000.flash-controller: mx66l1g45g (131072 Kbytes)
Aug 17 21:00:50 witherspoon kernel[960]: [    2.830000] aspeed-smc 1e630000.flash-controller: CE0 window resized to 120MB (AST2500 HW quirk)
Aug 17 21:00:55 witherspoon systemd[1]: Started Phosphor Settings Daemon.
Aug 17 21:00:50 witherspoon kernel[960]: [    2.840000] aspeed-smc 1e630000.flash-controller: CE0 window [ 0x30000000 - 0x37800000 ] 120MB
Aug 17 21:00:55 witherspoon systemd[1]: Started Avahi mDNS/DNS-SD Stack.
Aug 17 21:00:50 witherspoon kernel[960]: [    2.840000] aspeed-smc 1e630000.flash-controller: CE0 window too small for chip 128MB
Aug 17 21:00:55 witherspoon systemd[1]: Started Phosphor IPMI BT DBus Bridge.
Aug 17 21:00:50 witherspoon kernel[960]: [    2.840000] aspeed-smc 1e630000.flash-controller: CE1 window [ 0x37800000 - 0x38000000 ] 8MB
Aug 17 21:00:55 witherspoon systemd[1]: Starting Network Service...
Aug 17 21:00:50 witherspoon kernel[960]: [    3.590000] libphy: Fixed MDIO Bus: probed
Aug 17 21:00:55 witherspoon systemd[1]: Starting Phosphor Chassis0 Control...
Aug 17 21:00:50 witherspoon kernel[960]: [    3.590000] ftgmac100 1e660000.ethernet: Read MAC address 70:e2:84:14:23:e1 from chip
Aug 17 21:00:55 witherspoon systemd[1]: Starting Phosphor Dump Manager...
Aug 17 21:00:50 witherspoon kernel[960]: [    3.590000] ftgmac100 1e660000.ethernet: Using NCSI interface
Aug 17 21:00:55 witherspoon systemd[1]: Starting Phosphor Inventory Manager...
Aug 17 21:00:50 witherspoon kernel[960]: [    3.590000] ftgmac100 1e660000.ethernet eth0: irq 20, mapped at f0060000
Aug 17 21:00:55 witherspoon systemd[1]: Starting Updates symlinks for active PNOR version...
Aug 17 21:00:50 witherspoon kernel[960]: [    3.590000] ehci_hcd: USB 2.0 'Enhanced' Host Controller (EHCI) Driver
Aug 17 21:00:55 witherspoon systemd[1]: Starting Phosphor User Manager...
Aug 17 21:00:50 witherspoon kernel[960]: [    3.680000] ehci-platform: EHCI generic platform driver
Aug 17 21:00:55 witherspoon systemd[1]: Starting Phosphor LED Group Management Daemon...
Aug 17 21:00:50 witherspoon kernel[960]: [    3.840000]  fsi0: can't read slave 00:00 -5
Aug 17 21:00:55 witherspoon systemd[1]: Reached target System Time Synchronized.
Aug 17 21:00:50 witherspoon kernel[960]: [    3.840000] i2c /dev entries driver
Aug 17 21:00:56 witherspoon systemd[1]: Started Clear one time boot overrides.
Aug 17 21:00:50 witherspoon kernel[960]: [    3.840000] aspeed-i2c-bus 1e78a0c0.i2c-bus: i2c bus 2 registered, irq 26
Aug 17 21:00:50 witherspoon kernel[960]: [    3.840000] aspeed-i2c-bus 1e78a100.i2c-bus: i2c bus 3 registered, irq 27
Aug 17 21:00:50 witherspoon kernel[960]: [    3.840000] aspeed-i2c-bus 1e78a140.i2c-bus: i2c bus 4 registered, irq 28
Aug 17 21:00:50 witherspoon kernel[960]: [    3.840000] aspeed-i2c-bus 1e78a180.i2c-bus: i2c bus 5 registered, irq 29
Aug 17 21:00:50 witherspoon kernel[960]: [    3.840000] aspeed-i2c-bus 1e78a380.i2c-bus: i2c bus 9 registered, irq 30
Aug 17 21:00:50 witherspoon kernel[960]: [    3.840000] aspeed-i2c-bus 1e78a3c0.i2c-bus: i2c bus 10 registered, irq 31
Aug 17 21:00:50 witherspoon kernel[960]: [    3.840000] rtc-rv8803 11-0032: Voltage low, temperature compensation stopped.
Aug 17 21:00:50 witherspoon kernel[960]: [    3.840000] rtc-rv8803 11-0032: An alarm maybe have been missed.
Aug 17 21:00:50 witherspoon kernel[960]: [    3.940000] rtc-rv8803 11-0032: rtc core: registered rx8900 as rtc0
Aug 17 21:00:50 witherspoon kernel[960]: [    3.950000] at24 11-0051: 8192 byte 24c64 EEPROM, writable, 1 bytes/write
Aug 17 21:00:50 witherspoon kernel[960]: [    3.950000] aspeed-i2c-bus 1e78a400.i2c-bus: i2c bus 11 registered, irq 32
Aug 17 21:00:50 witherspoon kernel[960]: [    3.950000] aspeed-i2c-bus 1e78a440.i2c-bus: i2c bus 12 registered, irq 33
Aug 17 21:00:50 witherspoon kernel[960]: [    3.950000] aspeed-i2c-bus 1e78a480.i2c-bus: i2c bus 13 registered, irq 34
Aug 17 21:00:50 witherspoon kernel[960]: [    3.950000] Driver for 1-wire Dallas network protocol.
Aug 17 21:00:50 witherspoon kernel[960]: [    3.950000] lm75 9-004a: hwmon0: sensor 'tmp275'
Aug 17 21:00:50 witherspoon kernel[960]: [    5.710000] ucd9000 11-0064: Device ID UCD90160|2.3.4.0000|110603
Aug 17 21:00:50 witherspoon kernel[960]: [    6.390000] leds-pca955x 3-0060: leds-pca955x: Using pca9552 16-bit LED driver at slave address 0x60
Aug 17 21:00:50 witherspoon kernel[960]: [    6.400000] leds-pca955x 3-0060: gpios 264...279
Aug 17 21:00:50 witherspoon kernel[960]: [    6.410000] leds-pca955x 11-0060: leds-pca955x: Using pca9552 16-bit LED driver at slave address 0x60
Aug 17 21:00:50 witherspoon kernel[960]: [    6.420000] leds-pca955x 11-0060: gpios 248...263
Aug 17 21:00:50 witherspoon kernel[960]: [    6.420000] usbcore: registered new interface driver usbhid
Aug 17 21:00:57 witherspoon systemd[1]: Found device /dev/aspeed-lpc-ctrl.
Aug 17 21:00:50 witherspoon kernel[960]: [    6.430000] usbhid: USB HID core driver
Aug 17 21:00:57 witherspoon systemd[1]: Found device /dev/aspeed-mbox.
Aug 17 21:00:50 witherspoon kernel[960]: [    6.480000] NET: Registered protocol family 10
Aug 17 21:00:57 witherspoon systemd[1]: Found device /dev/ttyS4.
Aug 17 21:00:50 witherspoon kernel[960]: [    6.480000] Segment Routing with IPv6
Aug 17 21:00:57 witherspoon systemd[1]: Found device /dev/ttyVUART0.
Aug 17 21:00:50 witherspoon kernel[960]: [    6.490000] NET: Registered protocol family 17
Aug 17 21:00:50 witherspoon kernel[960]: [    6.490000] 8021q: 802.1Q VLAN Support v1.8
Aug 17 21:00:50 witherspoon kernel[960]: [    6.500000] input: gpio-keys-polled as /devices/platform/gpio-keys-polled/input/input1
Aug 17 21:00:50 witherspoon kernel[960]: [    6.530000] console [netcon0] enabled
Aug 17 21:00:50 witherspoon kernel[960]: [    6.540000] netconsole: network logging started
Aug 17 21:00:50 witherspoon kernel[960]: [    6.540000] input: gpio-keys as /devices/platform/gpio-keys/input/input2
Aug 17 21:00:50 witherspoon kernel[960]: [    6.550000] rtc-rv8803 11-0032: setting system clock to 2017-08-17 21:00:37 UTC (1503003637)
Aug 17 21:00:50 witherspoon kernel[960]: [    6.560000] Freeing unused kernel memory: 280K
Aug 17 21:00:50 witherspoon kernel[960]: [    6.560000] This architecture does not have kernel memory protection.
Aug 17 21:00:50 witherspoon kernel[960]: [    8.110000] jffs2: notice: (541) jffs2_build_xattr_subsystem: complete building xattr subsystem, 1 of xdatum (0 unchecked, 0 orphan) and 11 of xref (0 dead, 1 orphan) found.
Aug 17 21:00:50 witherspoon kernel[960]: [   10.160000] systemd[1]: Failed to insert module 'autofs4': No such file or directory
Aug 17 21:00:50 witherspoon kernel[960]: [   10.350000] systemd[1]: systemd 232 running in system mode. (+PAM -AUDIT -SELINUX -IMA -APPARMOR -SMACK +SYSVINIT -UTMP -LIBCRYPTSETUP -GCRYPT -GNUTLS +ACL +XZ -LZ4 -SECCOMP +BLKID -ELFUTILS +KMOD -IDN)
Aug 17 21:00:50 witherspoon kernel[960]: [   10.350000] systemd[1]: Detected architecture arm.
Aug 17 21:00:50 witherspoon kernel[960]: [   10.510000] systemd[1]: Set hostname to <witherspoon>.
Aug 17 21:00:50 witherspoon kernel[960]: [   11.680000] systemd[1]: [/lib/systemd/system/obmc-flash-bios-updatesymlinks.service:9] Unknown lvalue 'WantedBy' in section 'Service'
Aug 17 21:00:50 witherspoon kernel[960]: [   12.090000] systemd[1]: Listening on Journal Socket (/dev/log).
Aug 17 21:00:50 witherspoon kernel[960]: [   12.250000] systemd[1]: Started Forward Password Requests to Wall Directory Watch.
Aug 17 21:00:50 witherspoon kernel[960]: [   12.300000] systemd[1]: Listening on /dev/initctl Compatibility Named Pipe.
Aug 17 21:00:50 witherspoon kernel[960]: [   12.340000] systemd[1]: Reached target Remote File Systems.
Aug 17 21:00:50 witherspoon kernel[960]: [   12.380000] systemd[1]: Listening on udev Kernel Socket.
Aug 17 21:00:50 witherspoon kernel[960]: [   12.420000] systemd[1]: Started Dispatch Password Requests to Console Directory Watch.
Aug 17 21:00:50 witherspoon kernel[960]: [   14.610000] systemd-journald[563]: Received request to flush runtime journal from PID 1
Aug 17 21:00:52 witherspoon kernel[960]: [   21.180000] ubi7: default fastmap pool size: 100
Aug 17 21:00:59 witherspoon obmc-flash-bios[1006]: '/var/lib/phosphor-software-manager/pnor/ro' -> '/media/pnor-ro-2b6dcac8'
Aug 17 21:00:52 witherspoon kernel[960]: [   21.180000] ubi7: default fastmap WL pool size: 50
Aug 17 21:00:59 witherspoon obmc-flash-bios[1006]: '/var/lib/phosphor-software-manager/pnor/rw' -> '/media/pnor-rw-2b6dcac8'
Aug 17 21:00:52 witherspoon kernel[960]: [   21.180000] ubi7: attaching mtd7
Aug 17 21:00:52 witherspoon kernel[960]: [   21.280000] ubi7: scanning is finished
Aug 17 21:00:52 witherspoon kernel[960]: [   21.280000] ubi7: attached mtd7 (name "pnor", size 128 MiB)
Aug 17 21:00:52 witherspoon kernel[960]: [   21.280000] ubi7: PEB size: 65536 bytes (64 KiB), LEB size: 65408 bytes
Aug 17 21:00:52 witherspoon kernel[960]: [   21.280000] ubi7: min./max. I/O unit sizes: 1/256, sub-page size 1
Aug 17 21:00:52 witherspoon kernel[960]: [   21.280000] ubi7: VID header offset: 64 (aligned 64), data offset: 128
Aug 17 21:00:52 witherspoon kernel[960]: [   21.280000] ubi7: good PEBs: 2048, bad PEBs: 0, corrupted PEBs: 0
Aug 17 21:00:52 witherspoon kernel[960]: [   21.280000] ubi7: user volume: 3, internal volumes: 1, max. volumes count: 128
Aug 17 21:00:52 witherspoon kernel[960]: [   21.340000] ubi7: max/mean erase counter: 1/0, WL threshold: 4096, image sequence number: 799043678
Aug 17 21:00:52 witherspoon kernel[960]: [   21.340000] ubi7: available PEBs: 1367, total reserved PEBs: 681, PEBs reserved for bad PEB handling: 0
Aug 17 21:00:52 witherspoon kernel[960]: [   21.340000] ubi7: background thread "ubi_bgt7d" started, PID 985
Aug 17 21:00:52 witherspoon avahi-daemon[954]: Found user 'avahi' (UID 999) and group 'avahi' (GID 999).
Aug 17 21:01:00 witherspoon kernel: 8021q: adding VLAN 0 to HW filter on device eth0
Aug 17 21:00:52 witherspoon avahi-daemon[954]: Successfully dropped root privileges.
Aug 17 21:00:59 witherspoon systemd-networkd[1002]: Enumeration completed
Aug 17 21:00:52 witherspoon avahi-daemon[954]: avahi-daemon 0.6.32 starting up.
Aug 17 21:00:59 witherspoon systemd-networkd[1002]: eth0: IPv6 enabled for interface: Success
Aug 17 21:00:53 witherspoon avahi-daemon[954]: Successfully called chroot().
Aug 17 21:00:59 witherspoon systemd-networkd[1002]: eth0: Gained carrier
Aug 17 21:00:53 witherspoon avahi-daemon[954]: Successfully dropped remaining capabilities.
Aug 17 21:00:59 witherspoon systemd-timesyncd[690]: Network configuration changed, trying to establish connection.
Aug 17 21:00:53 witherspoon avahi-daemon[954]: Loading service file /services/obmc_console.service.
Aug 17 21:01:00 witherspoon systemd[1]: Started Network Service.
Aug 17 21:00:53 witherspoon avahi-daemon[954]: Loading service file /services/phosphor_rest.service.
Aug 17 21:01:00 witherspoon systemd[1]: Started Updates symlinks for active PNOR version.
Aug 17 21:00:53 witherspoon avahi-daemon[954]: Loading service file /services/sftp-ssh.service.
Aug 17 21:00:53 witherspoon avahi-daemon[954]: Loading service file /services/sftp.service.
Aug 17 21:00:53 witherspoon avahi-daemon[954]: Loading service file /services/ssh.service.
Aug 17 21:00:53 witherspoon avahi-daemon[954]: Network interface enumeration completed.
Aug 17 21:00:53 witherspoon avahi-daemon[954]: Server startup complete. Host name is witherspoon.local. Local service cookie is 3824354528.
Aug 17 21:00:53 witherspoon avahi-daemon[954]: Service "witherspoon" (/services/ssh.service) successfully established.
Aug 17 21:00:53 witherspoon avahi-daemon[954]: Service "sftp" (/services/sftp.service) successfully established.
Aug 17 21:00:53 witherspoon avahi-daemon[954]: Service "witherspoon" (/services/sftp-ssh.service) successfully established.
Aug 17 21:01:01 witherspoon systemd-networkd[1002]: eth0: Gained IPv6LL
Aug 17 21:00:53 witherspoon avahi-daemon[954]: Service "phosphor_rest" (/services/phosphor_rest.service) successfully established.
Aug 17 21:00:53 witherspoon avahi-daemon[954]: Service "obmc_console" (/services/obmc_console.service) successfully established.
Aug 17 21:00:59 witherspoon avahi-daemon[954]: Joining mDNS multicast group on interface eth0.IPv4 with address 9.3.86.161.
Aug 17 21:00:59 witherspoon avahi-daemon[954]: New relevant interface eth0.IPv4 for mDNS.
Aug 17 21:00:59 witherspoon avahi-daemon[954]: Registering new address record for 9.3.86.161 on eth0.IPv4.
Aug 17 21:00:59 witherspoon kernel[960]: [   28.770000] 8021q: adding VLAN 0 to HW filter on device eth0
Aug 17 21:01:01 witherspoon avahi-daemon[954]: Joining mDNS multicast group on interface eth0.IPv6 with address fe80::72e2:84ff:fe14:23e1.
Aug 17 21:01:01 witherspoon avahi-daemon[954]: New relevant interface eth0.IPv6 for mDNS.
Aug 17 21:01:01 witherspoon avahi-daemon[954]: Registering new address record for fe80::72e2:84ff:fe14:23e1 on eth0.*.
Aug 17 21:01:04 witherspoon systemd[1]: Started Remount the ubi volume after a reboot.
Aug 17 21:01:04 witherspoon kernel: ubi: mtd7 is already attached to ubi7
Aug 17 21:01:04 witherspoon kernel: ftgmac100 1e660000.ethernet eth0: ncsi: removed vlan tag 0 at index 1
Aug 17 21:01:04 witherspoon kernel[960]: [   29.310000] ubi: mtd7 is already attached to ubi7
Aug 17 21:01:04 witherspoon kernel[960]: [   33.050000] ftgmac100 1e660000.ethernet eth0: ncsi: removed vlan tag 0 at index 1
Aug 17 21:01:04 witherspoon kernel: ftgmac100 1e660000.ethernet eth0: ncsi: removed vlan tag 0 at index 2
Aug 17 21:01:04 witherspoon kernel[960]: [   33.660000] ftgmac100 1e660000.ethernet eth0: ncsi: removed vlan tag 0 at index 2
Aug 17 21:01:04 witherspoon kernel: ftgmac100 1e660000.ethernet eth0: no vlan ids left to set
Aug 17 21:01:04 witherspoon kernel: ftgmac100 1e660000.ethernet eth0: NCSI interface up
Aug 17 21:01:04 witherspoon kernel[960]: [   33.830000] ftgmac100 1e660000.ethernet eth0: no vlan ids left to set
Aug 17 21:01:04 witherspoon kernel[960]: [   33.830000] ftgmac100 1e660000.ethernet eth0: NCSI interface up
Aug 17 21:01:07 witherspoon systemd[1]: Started Phosphor Download Manager.
Aug 17 21:01:07 witherspoon systemd[1]: Started Phosphor Log Manager.
Aug 17 21:01:07 witherspoon systemd[1]: Started Phosphor Inventory Manager.
Aug 17 21:01:07 witherspoon systemd[1]: Started Phosphor LED Group Management Daemon.
Aug 17 21:01:08 witherspoon systemd[1]: Started Phosphor Dump Manager.
Aug 17 21:01:08 witherspoon systemd[1]: Started Phosphor BMC0 Control.
Aug 17 21:01:08 witherspoon systemd[1]: Created slice system-xyz.openbmc_project.led.controller.slice.
Aug 17 21:01:08 witherspoon systemd[1]: Started Phosphor sysfs LED controller.
Aug 17 21:01:08 witherspoon systemd[1]: Started Phosphor sysfs LED controller.
Aug 17 21:01:08 witherspoon systemd[1]: Started Phosphor sysfs LED controller.
Aug 17 21:01:08 witherspoon systemd[1]: Started Phosphor sysfs LED controller.
Aug 17 21:01:08 witherspoon systemd[1]: Started Phosphor sysfs LED controller.
Aug 17 21:01:08 witherspoon systemd[1]: Started Phosphor sysfs LED controller.
Aug 17 21:01:08 witherspoon systemd[1]: Started Phosphor sysfs LED controller.
Aug 17 21:01:08 witherspoon systemd[1]: Started Phosphor sysfs LED controller.
Aug 17 21:01:08 witherspoon systemd[1]: Started Phosphor sysfs LED controller.
Aug 17 21:01:08 witherspoon systemd[1]: Started Phosphor sysfs LED controller.
Aug 17 21:01:08 witherspoon systemd[1]: Starting OpenBMC Software Update Manager...
Aug 17 21:01:08 witherspoon systemd[1]: Reached target Network.
Aug 17 21:01:09 witherspoon systemd[1]: Starting Permit User Sessions...
Aug 17 21:01:09 witherspoon systemd[1]: Started Lightweight SLP Server.
Aug 17 21:01:09 witherspoon systemd[1]: Started Phosphor Console Muxer listening on device /dev/ttyVUART0.
Aug 17 21:01:09 witherspoon systemd[1]: Created slice system-xyz.openbmc_project.Hwmon.slice.
Aug 17 21:01:09 witherspoon systemd[1]: Started Permit User Sessions.
Aug 17 21:01:09 witherspoon systemd[1]: Started Serial Getty on ttyS4.
Aug 17 21:01:09 witherspoon systemd[1]: Reached target Login Prompts.
Aug 17 21:01:09 witherspoon systemd[1]: Started OpenBMC Software Update Manager.
Aug 17 21:01:11 witherspoon kernel: block ubiblock7_0: created from ubi7:0(pnor-ro-2026f937)
Aug 17 21:01:11 witherspoon kernel[960]: [   40.560000] block ubiblock7_0: created from ubi7:0(pnor-ro-2026f937)
Aug 17 21:01:14 witherspoon systemd-networkd[1002]: eth0: Configured
Aug 17 21:01:14 witherspoon systemd-timesyncd[690]: Network configuration changed, trying to establish connection.
Aug 17 21:01:14 witherspoon kernel: UBIFS (ubi7:1): UBIFS: mounted UBI device 7, volume 1, name "pnor-rw-2026f937"
Aug 17 21:01:14 witherspoon kernel: UBIFS (ubi7:1): LEB size: 65408 bytes (63 KiB), min./max. I/O unit sizes: 8 bytes/256 bytes
Aug 17 21:01:14 witherspoon kernel: UBIFS (ubi7:1): FS size: 16155776 bytes (15 MiB, 247 LEBs), journal size 784896 bytes (0 MiB, 12 LEBs)
Aug 17 21:01:14 witherspoon kernel: UBIFS (ubi7:1): reserved for root: 763076 bytes (745 KiB)
Aug 17 21:01:14 witherspoon kernel: UBIFS (ubi7:1): media format: w5/r0 (latest is w5/r0), UUID 5E912FBB-097D-4B52-8910-18EE398CB427, small LPT model
Aug 17 21:01:14 witherspoon kernel[960]: [   43.450000] UBIFS (ubi7:1): UBIFS: mounted UBI device 7, volume 1, name "pnor-rw-2026f937"
Aug 17 21:01:14 witherspoon kernel[960]: [   43.450000] UBIFS (ubi7:1): LEB size: 65408 bytes (63 KiB), min./max. I/O unit sizes: 8 bytes/256 bytes
Aug 17 21:01:14 witherspoon kernel[960]: [   43.450000] UBIFS (ubi7:1): FS size: 16155776 bytes (15 MiB, 247 LEBs), journal size 784896 bytes (0 MiB, 12 LEBs)
Aug 17 21:01:14 witherspoon kernel[960]: [   43.450000] UBIFS (ubi7:1): reserved for root: 763076 bytes (745 KiB)
Aug 17 21:01:14 witherspoon kernel[960]: [   43.710000] UBIFS (ubi7:1): media format: w5/r0 (latest is w5/r0), UUID 5E912FBB-097D-4B52-8910-18EE398CB427, small LPT model
Aug 17 21:01:14 witherspoon kernel: UBIFS (ubi7:1): background thread "ubifs_bgt7_1" started, PID 1085
Aug 17 21:01:14 witherspoon kernel[960]: [   43.710000] UBIFS (ubi7:1): background thread "ubifs_bgt7_1" started, PID 1085
Aug 17 21:01:16 witherspoon systemd[1]: Started Remount the squashfs and ubi volumes after a reboot.
Aug 17 21:01:16 witherspoon systemd[1]: Starting OpenPower Software Update Manager...
Aug 17 21:01:16 witherspoon systemd[1]: Reached target Multi-User System.
Aug 17 21:01:16 witherspoon kernel: UBIFS (ubi7:2): UBIFS: mounted UBI device 7, volume 2, name "pnor-prsv"
Aug 17 21:01:16 witherspoon kernel: UBIFS (ubi7:2): LEB size: 65408 bytes (63 KiB), min./max. I/O unit sizes: 8 bytes/256 bytes
Aug 17 21:01:16 witherspoon kernel: UBIFS (ubi7:2): FS size: 1504384 bytes (1 MiB, 23 LEBs), journal size 523265 bytes (0 MiB, 6 LEBs)
Aug 17 21:01:16 witherspoon kernel: UBIFS (ubi7:2): reserved for root: 71055 bytes (69 KiB)
Aug 17 21:01:16 witherspoon kernel: UBIFS (ubi7:2): media format: w5/r0 (latest is w5/r0), UUID F22F6ED7-0BD2-4928-9E07-96719E5BB2D6, small LPT model
Aug 17 21:01:16 witherspoon kernel: UBIFS (ubi7:2): background thread "ubifs_bgt7_2" started, PID 1094
Aug 17 21:01:16 witherspoon kernel[960]: [   45.650000] UBIFS (ubi7:2): UBIFS: mounted UBI device 7, volume 2, name "pnor-prsv"
Aug 17 21:01:16 witherspoon kernel[960]: [   45.650000] UBIFS (ubi7:2): LEB size: 65408 bytes (63 KiB), min./max. I/O unit sizes: 8 bytes/256 bytes
Aug 17 21:01:16 witherspoon kernel[960]: [   45.650000] UBIFS (ubi7:2): FS size: 1504384 bytes (1 MiB, 23 LEBs), journal size 523265 bytes (0 MiB, 6 LEBs)
Aug 17 21:01:16 witherspoon kernel[960]: [   45.650000] UBIFS (ubi7:2): reserved for root: 71055 bytes (69 KiB)
Aug 17 21:01:16 witherspoon kernel[960]: [   45.650000] UBIFS (ubi7:2): media format: w5/r0 (latest is w5/r0), UUID F22F6ED7-0BD2-4928-9E07-96719E5BB2D6, small LPT model
Aug 17 21:01:16 witherspoon kernel[960]: [   45.650000] UBIFS (ubi7:2): background thread "ubifs_bgt7_2" started, PID 1094
Aug 17 21:01:17 witherspoon openpower-update-manager[1095]: Error in reading file
Aug 17 21:01:17 witherspoon systemd[1]: Started OpenPower Software Update Manager.
Aug 17 21:01:17 witherspoon systemd[1]: Starting Phosphor Version Software Manager...
Aug 17 21:01:17 witherspoon systemd[1]: Starting Create a ubi volume for pnor patches...
Aug 17 21:01:17 witherspoon systemd[1]: Started Phosphor MBOX Daemon.
Aug 17 21:01:20 witherspoon mboxd[1099]: The operation failed internally.
Aug 17 21:01:20 witherspoon mboxd[1099]: terminate called after throwing an instance of 'sdbusplus::xyz::openbmc_project::Common::Error::InternalFailure'
Aug 17 21:01:20 witherspoon mboxd[1099]:   what():  xyz.openbmc_project.Common.Error.InternalFailure: The operation failed internally.
Aug 17 21:01:20 witherspoon mboxd[1099]: [ 1503003680.321082108] Partition HBB not found
Aug 17 21:01:20 witherspoon systemd[1]: mboxd.service: Main process exited, code=dumped, status=6/ABRT
Aug 17 21:01:20 witherspoon systemd[1]: mboxd.service: Unit entered failed state.
Aug 17 21:01:20 witherspoon systemd[1]: mboxd.service: Failed with result 'core-dump'.
Aug 17 21:01:20 witherspoon systemd[1]: Starting Updates symlinks for active PNOR version...
Aug 17 21:01:20 witherspoon obmc-flash-bios[1115]: '/var/lib/phosphor-software-manager/pnor/ro' -> '/media/pnor-ro-2b6dcac8'
Aug 17 21:01:20 witherspoon obmc-flash-bios[1115]: '/var/lib/phosphor-software-manager/pnor/rw' -> '/media/pnor-rw-2b6dcac8'
Aug 17 21:01:20 witherspoon obmc-flash-bios[1098]: Volume ID 3, size 257 LEBs (16809856 bytes, 16.0 MiB), LEB size 65408 bytes (63.9 KiB), dynamic, name "pnor-patch", alignment 1
Aug 17 21:01:20 witherspoon kernel: UBIFS (ubi7:3): default file-system created
Aug 17 21:01:20 witherspoon kernel: UBIFS (ubi7:3): UBIFS: mounted UBI device 7, volume 3, name "pnor-patch"
Aug 17 21:01:20 witherspoon kernel: UBIFS (ubi7:3): LEB size: 65408 bytes (63 KiB), min./max. I/O unit sizes: 8 bytes/256 bytes
Aug 17 21:01:20 witherspoon kernel: UBIFS (ubi7:3): FS size: 16155776 bytes (15 MiB, 247 LEBs), journal size 784896 bytes (0 MiB, 12 LEBs)
Aug 17 21:01:20 witherspoon kernel: UBIFS (ubi7:3): reserved for root: 763076 bytes (745 KiB)
Aug 17 21:01:20 witherspoon kernel: UBIFS (ubi7:3): media format: w5/r0 (latest is w5/r0), UUID 20F15D04-CEB1-49F5-9E31-01E51FE9C28D, small LPT model
Aug 17 21:01:20 witherspoon kernel[960]: [   49.550000] UBIFS (ubi7:3): default file-system created
Aug 17 21:01:20 witherspoon kernel[960]: [   49.550000] UBIFS (ubi7:3): UBIFS: mounted UBI device 7, volume 3, name "pnor-patch"
Aug 17 21:01:20 witherspoon kernel[960]: [   49.550000] UBIFS (ubi7:3): LEB size: 65408 bytes (63 KiB), min./max. I/O unit sizes: 8 bytes/256 bytes
Aug 17 21:01:20 witherspoon kernel[960]: [   49.550000] UBIFS (ubi7:3): FS size: 16155776 bytes (15 MiB, 247 LEBs), journal size 784896 bytes (0 MiB, 12 LEBs)
Aug 17 21:01:20 witherspoon kernel[960]: [   49.920000] UBIFS (ubi7:3): reserved for root: 763076 bytes (745 KiB)
Aug 17 21:01:20 witherspoon kernel[960]: [   49.920000] UBIFS (ubi7:3): media format: w5/r0 (latest is w5/r0), UUID 20F15D04-CEB1-49F5-9E31-01E51FE9C28D, small LPT model
Aug 17 21:01:21 witherspoon kernel: UBIFS (ubi7:3): background thread "ubifs_bgt7_3" started, PID 1135
Aug 17 21:01:21 witherspoon kernel[960]: [   49.920000] UBIFS (ubi7:3): background thread "ubifs_bgt7_3" started, PID 1135
Aug 17 21:01:21 witherspoon chassis_control.py[1003]: Running ChassisControlService
Aug 17 21:01:22 witherspoon download_manager.py[952]: Running Download Manager
Aug 17 21:01:22 witherspoon systemd[1]: mboxd.service: Service hold-off time over, scheduling restart.
Aug 17 21:01:22 witherspoon systemd[1]: Started Updates symlinks for active PNOR version.
Aug 17 21:01:22 witherspoon systemd[1]: Started Phosphor Version Software Manager.
Aug 17 21:01:22 witherspoon systemd[1]: Started Phosphor Chassis0 Control.
Aug 17 21:01:22 witherspoon systemd[1]: Started Phosphor Download Manager.
Aug 17 21:01:22 witherspoon systemd[1]: Stopped Phosphor MBOX Daemon.
Aug 17 21:01:22 witherspoon systemd[1]: Started Phosphor MBOX Daemon.
Aug 17 21:01:22 witherspoon systemd[1]: Started Create a ubi volume for pnor patches.
Aug 17 21:01:22 witherspoon mboxd[1136]: The operation failed internally.
Aug 17 21:01:22 witherspoon mboxd[1136]: terminate called after throwing an instance of 'sdbusplus::xyz::openbmc_project::Common::Error::InternalFailure'
Aug 17 21:01:22 witherspoon mboxd[1136]:   what():  xyz.openbmc_project.Common.Error.InternalFailure: The operation failed internally.
Aug 17 21:01:23 witherspoon mboxd[1136]: [ 1503003682.925159442] Partition HBB not found
Aug 17 21:01:23 witherspoon systemd[1]: mboxd.service: Main process exited, code=dumped, status=6/ABRT
Aug 17 21:01:23 witherspoon systemd[1]: mboxd.service: Unit entered failed state.
Aug 17 21:01:23 witherspoon systemd[1]: mboxd.service: Failed with result 'core-dump'.
Aug 17 21:01:23 witherspoon systemd[1]: Starting Updates symlinks for active PNOR version...
Aug 17 21:01:23 witherspoon systemd[1]: mboxd.service: Service hold-off time over, scheduling restart.
Aug 17 21:01:23 witherspoon systemd[1]: Stopped Phosphor MBOX Daemon.
Aug 17 21:01:23 witherspoon systemd[1]: Started Phosphor MBOX Daemon.
Aug 17 21:01:24 witherspoon obmc-flash-bios[1139]: '/var/lib/phosphor-software-manager/pnor/ro' -> '/media/pnor-ro-2b6dcac8'
Aug 17 21:01:24 witherspoon mboxd[1142]: The operation failed internally.
Aug 17 21:01:24 witherspoon mboxd[1142]: terminate called after throwing an instance of 'sdbusplus::xyz::openbmc_project::Common::Error::InternalFailure'
Aug 17 21:01:24 witherspoon mboxd[1142]:   what():  xyz.openbmc_project.Common.Error.InternalFailure: The operation failed internally.
Aug 17 21:01:24 witherspoon mboxd[1142]: [ 1503003684.857818755] Partition HBB not found
Aug 17 21:01:24 witherspoon systemd[1]: mboxd.service: Main process exited, code=dumped, status=6/ABRT
Aug 17 21:01:24 witherspoon systemd[1]: mboxd.service: Unit entered failed state.
Aug 17 21:01:24 witherspoon systemd[1]: mboxd.service: Failed with result 'core-dump'.
Aug 17 21:01:25 witherspoon inventory_items.py[963]: Loading from cache: /var/cache/obmc/org.openbmc.inventory.system.chassis.motherboard.apss@org.openbmc.InventoryItem.props
Aug 17 21:01:25 witherspoon inventory_items.py[963]: Loading from cache: /var/cache/obmc/org.openbmc.inventory.system.chassis.motherboard@org.openbmc.InventoryItem.props
Aug 17 21:01:25 witherspoon inventory_items.py[963]: Loading from cache: /var/cache/obmc/org.openbmc.inventory.system.chassis.motherboard.refclock@org.openbmc.InventoryItem.props
Aug 17 21:01:25 witherspoon inventory_items.py[963]: Loading from cache: /var/cache/obmc/org.openbmc.inventory.system.chassis.motherboard.cpu1.core7@org.openbmc.InventoryItem.props
Aug 17 21:01:25 witherspoon inventory_items.py[963]: Loading from cache: /var/cache/obmc/org.openbmc.inventory.system.chassis.motherboard.cpu1.core4@org.openbmc.InventoryItem.props
Aug 17 21:01:25 witherspoon inventory_items.py[963]: Loading from cache: /var/cache/obmc/org.openbmc.inventory.system.chassis.motherboard.cpu1.core1@org.openbmc.InventoryItem.props
Aug 17 21:01:25 witherspoon inventory_items.py[963]: Loading from cache: /var/cache/obmc/org.openbmc.inventory.system.chassis.motherboard.cpu1.core10@org.openbmc.InventoryItem.props
Aug 17 21:01:25 witherspoon inventory_items.py[963]: Loading from cache: /var/cache/obmc/org.openbmc.inventory.system.chassis.motherboard.todclock@org.openbmc.InventoryItem.props
Aug 17 21:01:25 witherspoon inventory_items.py[963]: Loading from cache: /var/cache/obmc/org.openbmc.inventory.system.chassis.motherboard.cpu1@org.openbmc.InventoryItem.props
Aug 17 21:01:25 witherspoon systemd[1]: mboxd.service: Service hold-off time over, scheduling restart.
Aug 17 21:01:25 witherspoon systemd[1]: Stopped Phosphor MBOX Daemon.
Aug 17 21:01:25 witherspoon systemd[1]: Started Phosphor MBOX Daemon.
Aug 17 21:01:25 witherspoon phosphor-mapper[955]: ObjectMapper startup complete.  Discovery in progress...
Aug 17 21:01:25 witherspoon mboxd[1157]: The operation failed internally.
Aug 17 21:01:25 witherspoon mboxd[1157]: terminate called after throwing an instance of 'sdbusplus::xyz::openbmc_project::Common::Error::InternalFailure'
Aug 17 21:01:25 witherspoon mboxd[1157]:   what():  xyz.openbmc_project.Common.Error.InternalFailure: The operation failed internally.
Aug 17 21:01:25 witherspoon mboxd[1157]: [ 1503003685.515567806] Partition HBB not found
Aug 17 21:01:25 witherspoon systemd[1]: mboxd.service: Main process exited, code=dumped, status=6/ABRT
Aug 17 21:01:25 witherspoon systemd[1]: mboxd.service: Unit entered failed state.
Aug 17 21:01:25 witherspoon systemd[1]: mboxd.service: Failed with result 'core-dump'.
Aug 17 21:01:25 witherspoon systemd[1]: Started Phosphor User Manager.
Aug 17 21:01:25 witherspoon systemd[1]: mboxd.service: Service hold-off time over, scheduling restart.
Aug 17 21:01:25 witherspoon systemd[1]: Stopped Phosphor MBOX Daemon.
Aug 17 21:01:25 witherspoon systemd[1]: Started Phosphor MBOX Daemon.
Aug 17 21:01:26 witherspoon inventory_items.py[963]: Loading from cache: /var/cache/obmc/org.openbmc.inventory.system.chassis.motherboard.bmc@org.openbmc.InventoryItem.props
Aug 17 21:01:26 witherspoon inventory_items.py[963]: Caching: /org/openbmc/inventory/system/chassis/motherboard/bmc
Aug 17 21:01:26 witherspoon obmc-phosphor-userd[1007]: Started
Aug 17 21:01:26 witherspoon sensor_manager2.py[961]: Setting boot count to 3
Aug 17 21:01:26 witherspoon sensor_manager2.py[961]: Starting sensor manager
Aug 17 21:01:26 witherspoon obmc-flash-bios[1139]: '/var/lib/phosphor-software-manager/pnor/rw' -> '/media/pnor-rw-2b6dcac8'
Aug 17 21:01:25 witherspoon mboxd[1160]: The operation failed internally.
Aug 17 21:01:26 witherspoon mboxd[1160]: terminate called after throwing an instance of 'sdbusplus::xyz::openbmc_project::Common::Error::InternalFailure'
Aug 17 21:01:26 witherspoon mboxd[1160]:   what():  xyz.openbmc_project.Common.Error.InternalFailure: The operation failed internally.
Aug 17 21:01:25 witherspoon systemd[1]: mboxd.service: Main process exited, code=dumped, status=6/ABRT
Aug 17 21:01:26 witherspoon mboxd[1160]: [ 1503003685.942546553] Partition HBB not found
Aug 17 21:01:25 witherspoon systemd[1]: mboxd.service: Unit entered failed state.
Aug 17 21:01:25 witherspoon systemd[1]: mboxd.service: Failed with result 'core-dump'.
Aug 17 21:01:26 witherspoon systemd[1]: mboxd.service: Service hold-off time over, scheduling restart.
Aug 17 21:01:26 witherspoon systemd[1]: Stopped Phosphor MBOX Daemon.
Aug 17 21:01:26 witherspoon systemd[1]: mboxd.service: Start request repeated too quickly.
Aug 17 21:01:26 witherspoon systemd[1]: Failed to start Phosphor MBOX Daemon.
Aug 17 21:01:26 witherspoon systemd[1]: mboxd.service: Unit entered failed state.
Aug 17 21:01:26 witherspoon systemd[1]: mboxd.service: Failed with result 'core-dump'.
Aug 17 21:01:26 witherspoon systemd[1]: Started Updates symlinks for active PNOR version.
Aug 17 21:01:26 witherspoon systemd[1]: Started Phosphor Sensor Manager.
Aug 17 21:01:27 witherspoon inventory_items.py[963]: Loading from cache: /var/cache/obmc/org.openbmc.inventory.system.chassis.motherboard.cpu0.core1@org.openbmc.InventoryItem.props
Aug 17 21:01:27 witherspoon inventory_items.py[963]: Loading from cache: /var/cache/obmc/org.openbmc.inventory.system.chassis.motherboard.cpu0.core7@org.openbmc.InventoryItem.props
Aug 17 21:01:27 witherspoon inventory_items.py[963]: Loading from cache: /var/cache/obmc/org.openbmc.inventory.system.chassis.motherboard.cpu0.core4@org.openbmc.InventoryItem.props
Aug 17 21:01:27 witherspoon inventory_items.py[963]: Loading from cache: /var/cache/obmc/org.openbmc.inventory.system.chassis.motherboard.pcieclock@org.openbmc.InventoryItem.props
Aug 17 21:01:27 witherspoon inventory_items.py[963]: Loading from cache: /var/cache/obmc/org.openbmc.inventory.system.chassis.motherboard.cpu0.core10@org.openbmc.InventoryItem.props
Aug 17 21:01:27 witherspoon avahi-daemon[990]: ../../avahi-0.6.32/avahi-daemon/chroot.c: open() failed: No such file or directory
Aug 17 21:01:27 witherspoon avahi-daemon[954]: Failed to open /usr/share/dbus-1/interfaces/org.freedesktop.Avahi.Server.xml: Invalid argument
Aug 17 21:01:27 witherspoon avahi-daemon[954]: Failed to load introspection data.
Aug 17 21:01:27 witherspoon netman.py[948]: Started
Aug 17 21:01:27 witherspoon systemd[1]: Started Phosphor Network Manager.
Aug 17 21:01:27 witherspoon inventory_items.py[963]: Running Inventory Manager
Aug 17 21:01:27 witherspoon systemd[1]: Started Phosphor Inventory Manager.
Aug 17 21:01:38 witherspoon phosphor-mapper[955]: ObjectMapper discovery complete
Aug 17 21:01:38 witherspoon systemd[1]: Started Phosphor DBus Service Discovery Manager.
Aug 17 21:01:38 witherspoon systemd[1]: Started Phosphor Hwmon Poller.
Aug 17 21:01:38 witherspoon systemd[1]: Started Phosphor Hwmon Poller.
Aug 17 21:01:38 witherspoon systemd[1]: Started Phosphor Hwmon Poller.
Aug 17 21:01:38 witherspoon systemd[1]: Started Phosphor Hwmon Poller.
Aug 17 21:01:38 witherspoon systemd[1]: Started Phosphor Hwmon Poller.
Aug 17 21:01:38 witherspoon systemd[1]: Reached target Phosphor Object Mapper.
Aug 17 21:01:38 witherspoon systemd[1]: Starting Wait for /org/openbmc/control/power0...
Aug 17 21:01:38 witherspoon systemd[1]: Starting Wait for /xyz/openbmc_project/led/groups...
Aug 17 21:01:38 witherspoon systemd[1]: Starting Wait for /xyz/openbmc_project/inventory...
Aug 17 21:01:38 witherspoon systemd[1]: Starting Wait for /xyz/openbmc_project/time/sync_method...
Aug 17 21:01:38 witherspoon systemd[1]: Starting Phosphor Network Manager...
Aug 17 21:01:38 witherspoon systemd[1]: Starting Wait for /xyz/openbmc_project/control/host0/restriction_mode...
Aug 17 21:01:38 witherspoon systemd[1]: Starting Wait for /org/openbmc/NetworkManager/Interface...
Aug 17 21:01:38 witherspoon systemd[1]: Starting Wait for /xyz/openbmc_project/led/groups/bmc_booted...
Aug 17 21:01:38 witherspoon systemd[1]: Starting Wait for /xyz/openbmc_project/state/chassis0...
Aug 17 21:01:38 witherspoon systemd[1]: Starting Wait for /xyz/openbmc_project/control/host0/power_restore_policy...
Aug 17 21:01:38 witherspoon systemd[1]: Starting Phosphor Settings Manager...
Aug 17 21:01:41 witherspoon phosphor-network-manager[1173]: ConfigParser: Key not found
Aug 17 21:01:41 witherspoon phosphor-network-manager[1173]: The operation failed internally.
Aug 17 21:01:41 witherspoon phosphor-network-manager[1173]: Exception occured during getting of DHCP value
Aug 17 21:01:41 witherspoon dbus[965]: [system] Activating via systemd: service name='org.freedesktop.hostname1' unit='dbus-org.freedesktop.hostname1.service'
Aug 17 21:01:41 witherspoon systemd[1]: Starting Phoshpor System Manager...
Aug 17 21:01:41 witherspoon systemd[1]: Starting Wait for /xyz/openbmc_project/control/host0/boot_source...
Aug 17 21:01:41 witherspoon systemd[1]: Starting Wait for /xyz/openbmc_project/state/host0...
Aug 17 21:01:41 witherspoon systemd[1]: Starting Wait for /org/openbmc/managers/Download...
Aug 17 21:01:41 witherspoon systemd[1]: Starting Wait for /org/openbmc/managers/System...
Aug 17 21:01:42 witherspoon systemd[1]: Starting Wait for /xyz/openbmc_project/control/host0/boot_mode...
Aug 17 21:01:42 witherspoon systemd[1]: Starting Wait for /xyz/openbmc_project/control/host0/auto_reboot...
Aug 17 21:01:42 witherspoon systemd[1]: Reached target Webserver (pre).
Aug 17 21:01:42 witherspoon systemd[1]: Started Phosphor Webserver.
Aug 17 21:01:42 witherspoon systemd[1]: Starting Wait for /xyz/openbmc_project/control/host0...
Aug 17 21:01:42 witherspoon systemd[1]: Starting Wait for /org/openbmc/control/bmc0...
Aug 17 21:01:42 witherspoon systemd[1]: Started Phosphor DBus Monitor.
Aug 17 21:01:42 witherspoon systemd[1]: Starting Wait for /xyz/openbmc_project/time/owner...
Aug 17 21:01:42 witherspoon systemd[1]: Started Phosphor Hwmon Poller.
Aug 17 21:01:44 witherspoon systemd[1]: Started Wait for /xyz/openbmc_project/led/groups.
Aug 17 21:01:44 witherspoon systemd[1]: Started Wait for /xyz/openbmc_project/inventory.
Aug 17 21:01:44 witherspoon systemd[1]: Started Wait for /xyz/openbmc_project/time/sync_method.
Aug 17 21:01:44 witherspoon systemd[1]: Started Wait for /xyz/openbmc_project/control/host0/restriction_mode.
Aug 17 21:01:44 witherspoon systemd[1]: Started Wait for /org/openbmc/NetworkManager/Interface.
Aug 17 21:01:44 witherspoon systemd[1]: Started Wait for /xyz/openbmc_project/led/groups/bmc_booted.
Aug 17 21:01:44 witherspoon systemd[1]: Started Wait for /xyz/openbmc_project/control/host0/power_restore_policy.
Aug 17 21:01:44 witherspoon systemd[1]: Starting Hostname Service...
Aug 17 21:01:44 witherspoon systemd[1]: Started Phosphor DNS Settings Cache Manager.
Aug 17 21:01:44 witherspoon systemd[1]: Starting OpenPOWER OCC controller...
Aug 17 21:01:44 witherspoon systemd[1]: Started Phosphor Cooling Type.
Aug 17 21:01:44 witherspoon systemd[1]: Started Phosphor GPIO 1 Presence.
Aug 17 21:01:45 witherspoon systemd[1]: Started Phosphor GPIO 0 Presence.
Aug 17 21:01:45 witherspoon systemd[1]: Starting Read OpenPOWER-format VPD from EEPROM...
Aug 17 21:01:45 witherspoon systemd[1]: Started FRU Fault monitor service.
Aug 17 21:01:45 witherspoon phosphor-gpio-presence[1206]: Updating inventory present property
Aug 17 21:01:46 witherspoon phosphor-gpio-presence[1205]: Updating inventory present property
Aug 17 21:01:46 witherspoon dbus[965]: [system] Successfully activated service 'org.freedesktop.hostname1'
Aug 17 21:01:46 witherspoon systemd[1]: Started Hostname Service.
Aug 17 21:01:46 witherspoon systemd[1]: Started Phosphor Network Manager.
Aug 17 21:01:47 witherspoon systemd[1]: Started Wait for /xyz/openbmc_project/control/host0/boot_source.
Aug 17 21:01:48 witherspoon systemd[1]: Started Wait for /xyz/openbmc_project/control/host0/boot_mode.
Aug 17 21:01:48 witherspoon systemd[1]: Started Wait for /xyz/openbmc_project/control/host0/auto_reboot.
Aug 17 21:01:48 witherspoon systemd[1]: Started Wait for /org/openbmc/managers/Download.
Aug 17 21:01:48 witherspoon systemd[1]: Started Wait for /org/openbmc/control/bmc0.
Aug 17 21:01:48 witherspoon systemd[1]: Starting Phosphor BMC Code Update...
Aug 17 21:01:50 witherspoon systemd[1]: Started Wait for /xyz/openbmc_project/time/owner.
Aug 17 21:01:54 witherspoon system_manager.py[1180]: Running System State: BASE_APPS
Aug 17 21:01:54 witherspoon system_manager.py[1180]: SystemManager Init Done
Aug 17 21:01:55 witherspoon system_manager.py[1180]: Running SystemManager
Aug 17 21:01:54 witherspoon systemd[1]: Started Phoshpor System Manager.
Aug 17 21:01:56 witherspoon systemd[1]: Started OpenPOWER OCC controller.
Aug 17 21:01:59 witherspoon settings_manager.py[1179]: Running HostSettingsService
Aug 17 21:01:59 witherspoon systemd[1]: Started Phosphor Settings Manager.
Aug 17 21:01:59 witherspoon systemd[1]: Starting Wait for /org/openbmc/settings/host0...
Aug 17 21:01:59 witherspoon system_manager.py[1180]: SystemManager Goto System State: BMC_STARTING
Aug 17 21:01:59 witherspoon system_manager.py[1180]: Running System State: BMC_STARTING
Aug 17 21:01:59 witherspoon systemd[1]: Started Phosphor BMC Code Update.
Aug 17 21:01:59 witherspoon bmc_update.py[1213]: Running Bmc Flash Control
Aug 17 21:02:00 witherspoon systemd[1]: Started Read OpenPOWER-format VPD from EEPROM.
Aug 17 21:02:07 witherspoon systemd[1]: Started Wait for /org/openbmc/managers/System.
Aug 17 21:02:08 witherspoon systemd[1]: Starting Phosphor Power0 Control...
Aug 17 21:02:08 witherspoon systemd[1]: Starting Phosphor Chassis State Manager...
Aug 17 21:02:08 witherspoon systemd[1]: Starting Phosphor BMC State Manager...
Aug 17 21:02:08 witherspoon systemd[1]: Starting Phosphor Power Button0...
Aug 17 21:02:08 witherspoon systemd[1]: Starting Phosphor Reset Button0...
Aug 17 21:02:08 witherspoon systemd[1]: Started Wait for /org/openbmc/settings/host0.
Aug 17 21:02:08 witherspoon systemd[1]: Started Phosphor Inband IPMI.
Aug 17 21:02:09 witherspoon system_manager.py[1180]: New object: /org/openbmc/control/power0 (:1.82)
Aug 17 21:02:09 witherspoon phosphor-chassis-state-manager[1224]: Initial Chassis State will be Off
Aug 17 21:02:09 witherspoon systemd[1]: Started Phosphor Chassis State Manager.
Aug 17 21:02:09 witherspoon phosphor-bmc-state-manager[1225]: Setting the BMCState field
Aug 17 21:02:09 witherspoon phosphor-bmc-state-manager[1225]: Setting the BMCState field
Aug 17 21:02:09 witherspoon systemd[1]: Started Phosphor BMC State Manager.
Aug 17 21:02:09 witherspoon system_manager.py[1180]: Power GPIO config: ['SYS_PWROK_BUFF', '', [('SOFTWARE_PGOOD', True), ('BMC_POWER_UP', True)], [('BMC_CP0_RESET_N', False)], [], 'FSI_DATA', 'FSI_CLK', 'FSI_ENABLE', 'CRONUS_SEL', []]
Aug 17 21:02:09 witherspoon power_control.exe[1223]: Power GPIO latch output:
Aug 17 21:02:09 witherspoon power_control.exe[1223]: Power GPIO power good input: SYS_PWROK_BUFF
Aug 17 21:02:09 witherspoon power_control.exe[1223]: Power GPIO 2 power_up outputs
Aug 17 21:02:09 witherspoon power_control.exe[1223]: Power GPIO power_up[0] = SOFTWARE_PGOOD active HIGH
Aug 17 21:02:09 witherspoon power_control.exe[1223]: Power GPIO power_up[1] = BMC_POWER_UP active HIGH
Aug 17 21:02:09 witherspoon power_control.exe[1223]: Power GPIO 1 reset outputs
Aug 17 21:02:09 witherspoon power_control.exe[1223]: Power GPIO reset[0] = BMC_CP0_RESET_N active LOW
Aug 17 21:02:09 witherspoon power_control.exe[1223]: Power GPIO 0 pci reset outputs
Aug 17 21:02:09 witherspoon power_control.exe[1223]: FSI DATA GPIO: FSI_DATA
Aug 17 21:02:09 witherspoon power_control.exe[1223]: FSI CLK GPIO: FSI_CLK
Aug 17 21:02:09 witherspoon power_control.exe[1223]: FSI ENABLE GPIO: FSI_ENABLE
Aug 17 21:02:09 witherspoon power_control.exe[1223]: CRONUS SEL GPIO: CRONUS_SEL
Aug 17 21:02:09 witherspoon power_control.exe[1223]: Hostctl GPIO optionals: 0
Aug 17 21:02:09 witherspoon button_reset.exe[1227]: GPIO Lookup:  RESET_BUTTON = 353,both
Aug 17 21:02:09 witherspoon systemd[1]: Started Phosphor Reset Button0.
Aug 17 21:02:09 witherspoon power_control.exe[1223]: GPIO Lookup:  SYS_PWROK_BUFF = 306,in
Aug 17 21:02:10 witherspoon power_control.exe[1223]: GPIO Lookup:  SOFTWARE_PGOOD = 417,out
Aug 17 21:02:10 witherspoon button_power.exe[1226]: GPIO Lookup:  POWER_BUTTON = 347,both
Aug 17 21:02:10 witherspoon systemd[1]: Started Phosphor Power Button0.
Aug 17 21:02:10 witherspoon power_control.exe[1223]: GPIO Lookup:  BMC_POWER_UP = 305,out
Aug 17 21:02:10 witherspoon power_control.exe[1223]: GPIO Lookup:  BMC_CP0_RESET_N = 281,out
Aug 17 21:02:10 witherspoon power_control.exe[1223]: Pgood state: 0
Aug 17 21:02:10 witherspoon systemd[1]: Started Phosphor Power0 Control.
Aug 17 21:02:12 witherspoon phosphor-gevent[1194]: Traceback (most recent call last):
Aug 17 21:02:12 witherspoon phosphor-gevent[1194]:   File "/usr/lib/python2.7/site-packages/gevent/greenlet.py", line 327, in run
Aug 17 21:02:12 witherspoon phosphor-gevent[1194]:     result = self._run(*self.args, **self.kwargs)
Aug 17 21:02:12 witherspoon phosphor-gevent[1194]:   File "/usr/lib/python2.7/site-packages/gevent/server.py", line 102, in wrap_socket_and_handle
Aug 17 21:02:12 witherspoon phosphor-gevent[1194]:     ssl_socket = self.wrap_socket(client_socket, **self.ssl_args)
Aug 17 21:02:12 witherspoon phosphor-gevent[1194]:   File "/usr/lib/python2.7/site-packages/gevent/ssl.py", line 404, in wrap_socket
Aug 17 21:02:12 witherspoon phosphor-gevent[1194]:     ciphers=ciphers)
Aug 17 21:02:12 witherspoon phosphor-gevent[1194]:   File "/usr/lib/python2.7/site-packages/gevent/ssl.py", line 113, in __init__
Aug 17 21:02:12 witherspoon phosphor-gevent[1194]:     self.do_handshake()
Aug 17 21:02:12 witherspoon phosphor-gevent[1194]:   File "/usr/lib/python2.7/site-packages/gevent/ssl.py", line 324, in do_handshake
Aug 17 21:02:12 witherspoon phosphor-gevent[1194]:     return self._sslobj.do_handshake()
Aug 17 21:02:12 witherspoon phosphor-gevent[1194]: SSLEOFError: EOF occurred in violation of protocol (_ssl.c:590)
Aug 17 21:02:12 witherspoon phosphor-gevent[1194]: <Greenlet at 0x76050490: <bound method WSGIServer.wrap_socket_and_handle of <WSGIServer at 0x76027bb0 fileno=5 address=('::34a2:f376:b07d:6976%1986624928', 443, 0, 1986624928)>>(<socket at 0x75efd890 fileno=9>, ('::8089:6776:8e91:f402%1995606812', 58278, 0, 199)> failed with SSLEOFError
Aug 17 21:02:12 witherspoon phosphor-gevent[1194]: Traceback (most recent call last):
Aug 17 21:02:12 witherspoon phosphor-gevent[1194]:   File "/usr/lib/python2.7/site-packages/gevent/greenlet.py", line 327, in run
Aug 17 21:02:12 witherspoon phosphor-gevent[1194]:     result = self._run(*self.args, **self.kwargs)
Aug 17 21:02:12 witherspoon phosphor-gevent[1194]:   File "/usr/lib/python2.7/site-packages/gevent/server.py", line 102, in wrap_socket_and_handle
Aug 17 21:02:12 witherspoon phosphor-gevent[1194]:     ssl_socket = self.wrap_socket(client_socket, **self.ssl_args)
Aug 17 21:02:12 witherspoon phosphor-gevent[1194]:   File "/usr/lib/python2.7/site-packages/gevent/ssl.py", line 404, in wrap_socket
Aug 17 21:02:12 witherspoon phosphor-gevent[1194]:     ciphers=ciphers)
Aug 17 21:02:12 witherspoon phosphor-gevent[1194]:   File "/usr/lib/python2.7/site-packages/gevent/ssl.py", line 113, in __init__
Aug 17 21:02:12 witherspoon phosphor-gevent[1194]:     self.do_handshake()
Aug 17 21:02:12 witherspoon phosphor-gevent[1194]:   File "/usr/lib/python2.7/site-packages/gevent/ssl.py", line 324, in do_handshake
Aug 17 21:02:12 witherspoon phosphor-gevent[1194]:     return self._sslobj.do_handshake()
Aug 17 21:02:12 witherspoon phosphor-gevent[1194]: SSLEOFError: EOF occurred in violation of protocol (_ssl.c:590)
Aug 17 21:02:12 witherspoon phosphor-gevent[1194]: <Greenlet at 0x76050760: <bound method WSGIServer.wrap_socket_and_handle of <WSGIServer at 0x76027bb0 fileno=5 address=('::34a2:f376:b07d:6976%1986624928', 443, 0, 1986624928)>>(<socket at 0x75efd830 fileno=10>, ('::8089:6776:8e91:f402%1995606812', 58296, 0, 199)> failed with SSLEOFError
Aug 17 21:02:14 witherspoon systemd[1]: Started Wait for /org/openbmc/control/power0.
Aug 17 21:02:14 witherspoon systemd[1]: Starting Phosphor Time Manager daemon...
Aug 17 21:02:14 witherspoon systemd[1]: Starting Check Chassis0 pgood and create a file to indicate it...
Aug 17 21:02:14 witherspoon systemd[1]: Started Wait for /xyz/openbmc_project/state/chassis0.
Aug 17 21:02:16 witherspoon timemanager[1250]: Registering dbus methods
Aug 17 21:02:16 witherspoon timemanager[1250]: Last known time_mode: NTP
Aug 17 21:02:16 witherspoon timemanager[1250]: Last known time_owner: BMC
Aug 17 21:02:16 witherspoon timemanager[1250]: Empty DhcpNtp string
Aug 17 21:02:16 witherspoon timemanager[1250]: Reading Power Control key: pgood
Aug 17 21:02:16 witherspoon timemanager[1250]: Changing settings *allowed* now
Aug 17 21:02:16 witherspoon systemd[1]: Started Wait for /xyz/openbmc_project/control/host0.
Aug 17 21:02:16 witherspoon timemanager[1250]: Owner is already set to : BMC
Aug 17 21:02:16 witherspoon systemd[1]: Started Check Chassis0 pgood and create a file to indicate it.
Aug 17 21:02:16 witherspoon systemd[1]: Reached target Chassis0 power on after reset.
Aug 17 21:02:16 witherspoon systemd[1]: Reached target Chassis0 (Reset Check).
Aug 17 21:02:16 witherspoon systemd[1]: Reached target Host0 running after reset.
Aug 17 21:02:16 witherspoon systemd[1]: Starting Phosphor Host State Manager...
Aug 17 21:02:16 witherspoon systemd[1]: Reached target Host0 (Reset Check).
Aug 17 21:02:16 witherspoon timemanager[1250]: Requested_Mode: NTP Current_Mode: NTP
Aug 17 21:02:16 witherspoon timemanager[1250]: Mode is already set to : NTP
Aug 17 21:02:16 witherspoon timemanager[1250]: Getting System Settings: use_dhcp_ntp
Aug 17 21:02:17 witherspoon timemanager[1250]: use_dhcp_ntp = yes
Aug 17 21:02:17 witherspoon timemanager[1250]: Last known host_offset:0
Aug 17 21:02:17 witherspoon timemanager[1250]: Initial Uptime Usec: 1503003630942501
Aug 17 21:02:17 witherspoon systemd[1]: Started Phosphor Time Manager daemon.
Aug 17 21:02:17 witherspoon phosphor-host-state-manager[1262]: Initial Host State will be Off
Aug 17 21:02:17 witherspoon systemd[1]: Started Phosphor Host State Manager.
Aug 17 21:02:18 witherspoon phosphor-gevent[1194]: ::8089:6776:8e91:f402%1995606812 - - [2017-08-17 21:02:18] "POST /login HTTP/1.1" 200 320 0.195745
Aug 17 21:02:18 witherspoon systemd[1]: Created slice system-dropbear.slice.
Aug 17 21:02:18 witherspoon systemd[1]: Started SSH Per-Connection Server (9.41.165.94:46922).
Aug 17 21:02:18 witherspoon dropbear[1265]: Failed loading /etc/dropbear/dropbear_dss_host_key
Aug 17 21:02:18 witherspoon dropbear[1265]: Failed loading /etc/dropbear/dropbear_ecdsa_host_key
Aug 17 21:02:18 witherspoon dropbear[1265]: Child connection from ::ffff:9.41.165.94:46922
Aug 17 21:02:19 witherspoon dropbear[1265]: PAM password auth succeeded for 'root' from ::ffff:9.41.165.94:46922
Aug 17 21:02:20 witherspoon dropbear[1266]: lastlog_perform_login: Couldn't stat /var/log/lastlog: No such file or directory
Aug 17 21:02:20 witherspoon dropbear[1266]: lastlog_openseek: /var/log/lastlog is not a file or directory!
Aug 17 21:02:20 witherspoon systemd[1]: Started Wait for /xyz/openbmc_project/state/host0.
Aug 17 21:02:20 witherspoon systemd[1]: Starting Reboot If Enabled...
Aug 17 21:02:21 witherspoon phosphor-discover-system-state[1269]: Host power is off, checking power policy
Aug 17 21:02:21 witherspoon systemd[1]: Started Reboot If Enabled.
Aug 17 21:02:21 witherspoon systemd[1]: Reached target Phosphor System - Standby.
Aug 17 21:02:21 witherspoon systemd[1]: Starting Assert bmc_booted LED...
Aug 17 21:02:21 witherspoon phosphor-bmc-state-manager[1225]: BMC_READY
Aug 17 21:02:21 witherspoon phosphor-bmc-state-manager[1225]: Setting the BMCState field
Aug 17 21:02:21 witherspoon phosphor-gevent[1194]: ::8089:6776:8e91:f402%1995606812 - - [2017-08-17 21:02:21] "POST /login HTTP/1.1" 200 320 0.033540
Aug 17 21:02:21 witherspoon phosphor-gevent[1194]: ::8089:6776:8e91:f402%1995606812 - - [2017-08-17 21:02:21] "GET /xyz/openbmc_project/state/bmc0//attr/CurrentBMCState HTTP/1.1" 200 212 0.090993
Aug 17 21:02:21 witherspoon systemd[1]: Started SSH Per-Connection Server (9.41.165.94:46926).
Aug 17 21:02:21 witherspoon phosphor-ledmanager[1008]: Asserting LEDs
Aug 17 21:02:21 witherspoon systemd[1]: Started Assert bmc_booted LED.
Aug 17 21:02:21 witherspoon systemd[1]: Startup finished in 10.042s (kernel) + 1min 40.919s (userspace) = 1min 50.962s.
Aug 17 21:02:22 witherspoon dropbear[1275]: Failed loading /etc/dropbear/dropbear_dss_host_key
Aug 17 21:02:22 witherspoon dropbear[1275]: Failed loading /etc/dropbear/dropbear_ecdsa_host_key
Aug 17 21:02:22 witherspoon dropbear[1275]: Child connection from ::ffff:9.41.165.94:46926
Aug 17 21:02:22 witherspoon dropbear[1275]: PAM password auth succeeded for 'root' from ::ffff:9.41.165.94:46926
Aug 17 21:02:22 witherspoon dropbear[1282]: lastlog_perform_login: Couldn't stat /var/log/lastlog: No such file or directory
Aug 17 21:02:22 witherspoon dropbear[1282]: lastlog_openseek: /var/log/lastlog is not a file or directory!
Aug 17 21:02:23 witherspoon dropbear[1265]: Exit (root): Error reading: Connection reset by peer
Aug 17 21:02:23 witherspoon dropbear[1275]: Exit (root): Error reading: Connection reset by peer
Aug 17 21:02:24 witherspoon phosphor-gevent[1194]: ::8089:6776:8e91:f402%1995606812 - - [2017-08-17 21:02:24] "POST /login HTTP/1.1" 200 320 0.036639
Aug 17 21:02:24 witherspoon phosphor-gevent[1194]: ::8089:6776:8e91:f402%1995606812 - - [2017-08-17 21:02:24] "GET /xyz/openbmc_project/state/host0//attr/CurrentHostState HTTP/1.1" 200 212 0.078288
Aug 17 21:03:36 witherspoon systemd[1]: Started SSH Per-Connection Server (9.41.165.94:46950).
Aug 17 21:03:36 witherspoon dropbear[1294]: Failed loading /etc/dropbear/dropbear_dss_host_key
Aug 17 21:03:36 witherspoon dropbear[1294]: Failed loading /etc/dropbear/dropbear_ecdsa_host_key
Aug 17 21:03:36 witherspoon dropbear[1294]: Child connection from ::ffff:9.41.165.94:46950
Aug 17 21:03:37 witherspoon dropbear[1294]: PAM password auth succeeded for 'root' from ::ffff:9.41.165.94:46950
Aug 17 21:03:37 witherspoon dropbear[1295]: lastlog_perform_login: Couldn't stat /var/log/lastlog: No such file or directory
Aug 17 21:03:37 witherspoon dropbear[1295]: lastlog_openseek: /var/log/lastlog is not a file or directory!
Aug 17 21:03:39 witherspoon systemd[1]: Started SSH Per-Connection Server (9.41.165.94:46952).
Aug 17 21:03:39 witherspoon dropbear[1304]: Failed loading /etc/dropbear/dropbear_dss_host_key
Aug 17 21:03:39 witherspoon dropbear[1304]: Failed loading /etc/dropbear/dropbear_ecdsa_host_key
Aug 17 21:03:39 witherspoon dropbear[1304]: Child connection from ::ffff:9.41.165.94:46952
Aug 17 21:03:39 witherspoon dropbear[1304]: PAM password auth succeeded for 'root' from ::ffff:9.41.165.94:46952
Aug 17 21:03:39 witherspoon dropbear[1305]: lastlog_perform_login: Couldn't stat /var/log/lastlog: No such file or directory
Aug 17 21:03:39 witherspoon dropbear[1305]: lastlog_openseek: /var/log/lastlog is not a file or directory!
Aug 17 21:03:40 witherspoon systemd[1]: Started SSH Per-Connection Server (9.41.165.94:46954).
Aug 17 21:03:40 witherspoon dropbear[1311]: Failed loading /etc/dropbear/dropbear_dss_host_key
Aug 17 21:03:40 witherspoon dropbear[1311]: Failed loading /etc/dropbear/dropbear_ecdsa_host_key
Aug 17 21:03:40 witherspoon dropbear[1311]: Child connection from ::ffff:9.41.165.94:46954
Aug 17 21:03:40 witherspoon dropbear[1311]: PAM password auth succeeded for 'root' from ::ffff:9.41.165.94:46954
Aug 17 21:03:40 witherspoon dropbear[1312]: lastlog_perform_login: Couldn't stat /var/log/lastlog: No such file or directory
Aug 17 21:03:40 witherspoon dropbear[1312]: lastlog_openseek: /var/log/lastlog is not a file or directory!
Aug 17 21:03:42 witherspoon phosphor-gevent[1194]: ::8089:6776:8e91:f402%1995606812 - - [2017-08-17 21:03:42] "POST /login HTTP/1.1" 200 320 0.045731
Aug 17 21:03:42 witherspoon phosphor-gevent[1194]: ::8089:6776:8e91:f402%1995606812 - - [2017-08-17 21:03:42] "POST /login HTTP/1.1" 200 320 0.033322
Aug 17 21:03:42 witherspoon phosphor-gevent[1194]: ::8089:6776:8e91:f402%1995606812 - - [2017-08-17 21:03:42] "GET /xyz/openbmc_project/state/host0//attr/CurrentHostState HTTP/1.1" 200 212 0.074424
Aug 17 21:03:42 witherspoon systemd[1]: Created slice system-obmc\x2dconsole\x2dssh.slice.
Aug 17 21:03:42 witherspoon systemd[1]: Started Phosphor Host Console SSH Per-Connection (9.41.165.94:42238).
Aug 17 21:03:42 witherspoon dropbear[1318]: Failed loading /etc/dropbear/dropbear_dss_host_key
Aug 17 21:03:42 witherspoon dropbear[1318]: Failed loading /etc/dropbear/dropbear_ecdsa_host_key
Aug 17 21:03:42 witherspoon dropbear[1318]: Child connection from ::ffff:9.41.165.94:42238
Aug 17 21:03:43 witherspoon phosphor-gevent[1194]: ::8089:6776:8e91:f402%1995606812 - - [2017-08-17 21:03:43] "POST /login HTTP/1.1" 200 320 0.033306
Aug 17 21:03:43 witherspoon phosphor-host-state-manager[1262]: Host State transaction request
Aug 17 21:03:43 witherspoon dropbear[1318]: PAM password auth succeeded for 'root' from ::ffff:9.41.165.94:42238
Aug 17 21:03:43 witherspoon phosphor-gevent[1194]: ::8089:6776:8e91:f402%1995606812 - - [2017-08-17 21:03:43] "PUT /xyz/openbmc_project/state/host0//attr/RequestedHostTransition HTTP/1.1" 200 169 0.672890
Aug 17 21:03:43 witherspoon systemd[1]: Starting Wait for /xyz/openbmc_project/led/groups/power_on...
Aug 17 21:03:43 witherspoon systemd[1]: Reached target Stop Hosti (Pre).
Aug 17 21:03:43 witherspoon systemd[1]: Reached target Hosti (Stopping).
Aug 17 21:03:43 witherspoon systemd[1]: Reached target Hosti (Stopped).
Aug 17 21:03:43 witherspoon systemd[1]: Reached target Poweri Off (Pre).
Aug 17 21:03:43 witherspoon systemd[1]: Created slice system-obmc\x2dled\x2dgroup\x2dstop.slice.
Aug 17 21:03:43 witherspoon systemd[1]: Created slice system-op\x2dwait\x2dpower\x2doff.slice.
Aug 17 21:03:43 witherspoon systemd[1]: Stopped target Host0 (Reset Check).
Aug 17 21:03:44 witherspoon systemd[1]: Starting Wait for /org/openbmc/HostIpmi/1...
Aug 17 21:03:44 witherspoon systemd[1]: Created slice system-ir35221\x2doff\x2dbind.slice.
Aug 17 21:03:44 witherspoon systemd[1]: Starting Wait for /org/openbmc/control/chassis0...
Aug 17 21:03:44 witherspoon systemd[1]: Created slice system-vcs_off_poweroff.slice.
Aug 17 21:03:44 witherspoon systemd[1]: Created slice system-ir35221\x2doff\x2dunbind.slice.
Aug 17 21:03:44 witherspoon systemd[1]: Reached target Stop Host0 (Pre).
Aug 17 21:03:44 witherspoon systemd[1]: Starting Power off mode unbind ir35221 device driver devs...
Aug 17 21:03:44 witherspoon systemd[1]: Reached target Poweri Off.
Aug 17 21:03:44 witherspoon systemd[1]: Created slice system-op\x2dpower\x2dstop.slice.
Aug 17 21:03:44 witherspoon dropbear[1319]: lastlog_perform_login: Couldn't stat /var/log/lastlog: No such file or directory
Aug 17 21:03:44 witherspoon dropbear[1319]: lastlog_openseek: /var/log/lastlog is not a file or directory!
Aug 17 21:03:45 witherspoon phosphor-gevent[1194]: ::8089:6776:8e91:f402%1995606812 - - [2017-08-17 21:03:44] "POST /login HTTP/1.1" 200 320 0.039574
Aug 17 21:03:44 witherspoon systemd[1]: Started Power off mode unbind ir35221 device driver devs.
Aug 17 21:03:44 witherspoon systemd[1]: xyz.openbmc_project.Hwmon@ahb-apb-i2c\x401e78a000-i2c\x2dbus\x40180-ir35221\x4070.service: Unit not needed anymore. Stopping.
Aug 17 21:03:44 witherspoon systemd[1]: xyz.openbmc_project.Hwmon@ahb-apb-i2c\x401e78a000-i2c\x2dbus\x40180-ir35221\x4071.service: Unit not needed anymore. Stopping.
Aug 17 21:03:44 witherspoon systemd[1]: xyz.openbmc_project.Hwmon@ahb-apb-i2c\x401e78a000-i2c\x2dbus\x40140-ir35221\x4070.service: Unit not needed anymore. Stopping.
Aug 17 21:03:44 witherspoon systemd[1]: xyz.openbmc_project.Hwmon@ahb-apb-i2c\x401e78a000-i2c\x2dbus\x40140-ir35221\x4071.service: Unit not needed anymore. Stopping.
Aug 17 21:03:44 witherspoon systemd[1]: Stopping Phosphor Hwmon Poller...
Aug 17 21:03:44 witherspoon systemd[1]: Stopped Phosphor Hwmon Poller.
Aug 17 21:03:44 witherspoon systemd[1]: Stopped Phosphor Hwmon Poller.
Aug 17 21:03:44 witherspoon systemd[1]: Stopped Phosphor Hwmon Poller.
Aug 17 21:03:44 witherspoon systemd[1]: Stopped Phosphor Hwmon Poller.
Aug 17 21:03:46 witherspoon systemd[1]: Started Wait for /org/openbmc/HostIpmi/1.
Aug 17 21:03:46 witherspoon systemd[1]: Starting Soft power off of the host...
Aug 17 21:03:46 witherspoon systemd[1]: Started Wait for /xyz/openbmc_project/led/groups/power_on.
Aug 17 21:03:46 witherspoon systemd[1]: Starting Assert power_on LED...
Aug 17 21:03:46 witherspoon phosphor-gevent[1194]: ::8089:6776:8e91:f402%1995606812 - - [2017-08-17 21:03:46] "GET /xyz/openbmc_project/state/chassis0//attr/CurrentPowerState HTTP/1.1" 200 216 1.760087
Aug 17 21:03:46 witherspoon phosphor-gevent[1194]: ::8089:6776:8e91:f402%1995606812 - - [2017-08-17 21:03:46] "POST /login HTTP/1.1" 200 320 0.033027
Aug 17 21:03:49 witherspoon systemd[1]: Started Wait for /org/openbmc/control/chassis0.
Aug 17 21:03:49 witherspoon ipmid[1234]: Pushing cmd on to queue
Aug 17 21:03:49 witherspoon ipmid[1234]: Pushing cmd on to queue
Aug 17 21:03:49 witherspoon ipmid[1234]: Asserting SMS Attention
Aug 17 21:03:49 witherspoon ipmid[1234]: SMS Attention asserted
Aug 17 21:03:49 witherspoon systemd[1]: Started Assert power_on LED.
Aug 17 21:03:49 witherspoon phosphor-gevent[1194]: ::8089:6776:8e91:f402%1995606812 - - [2017-08-17 21:03:49] "GET /xyz/openbmc_project/state/host0//attr/CurrentHostState HTTP/1.1" 200 212 2.931715
Aug 17 21:03:50 witherspoon phosphor-gevent[1194]: ::8089:6776:8e91:f402%1995606812 - - [2017-08-17 21:03:50] "POST /login HTTP/1.1" 200 320 0.033189
Aug 17 21:03:50 witherspoon phosphor-host-state-manager[1262]: Host State transaction request
Aug 17 21:03:50 witherspoon phosphor-gevent[1194]: ::8089:6776:8e91:f402%1995606812 - - [2017-08-17 21:03:50] "PUT /xyz/openbmc_project/state/host0//attr/RequestedHostTransition HTTP/1.1" 200 169 0.598711
Aug 17 21:03:51 witherspoon systemd[1]: Created slice system-start_host.slice.
Aug 17 21:03:51 witherspoon systemd[1]: Created slice system-phosphor\x2dfan\x2dcontrol\x2dinit.slice.
Aug 17 21:03:51 witherspoon systemd[1]: Created slice system-obmc\x2denable\x2dhost\x2dwatchdog.slice.
Aug 17 21:03:51 witherspoon systemd[1]: Created slice system-pcie\x2dslot\x2ddetect.slice.
Aug 17 21:03:51 witherspoon systemd[1]: Starting Wait for /xyz/openbmc_project/watchdog/host0...
Aug 17 21:03:51 witherspoon systemd[1]: Created slice system-mapper\x2dsubtree\x2dremove.slice.
Aug 17 21:03:51 witherspoon systemd[1]: Created slice system-fsi\x2dscan.slice.
Aug 17 21:03:51 witherspoon systemd[1]: Created slice system-vrm\x2dcontrol.slice.
Aug 17 21:03:51 witherspoon systemd[1]: Created slice system-mboxd\x2dreload.slice.
Aug 17 21:03:51 witherspoon systemd[1]: Created slice system-op\x2dwait\x2dpower\x2don.slice.
Aug 17 21:03:51 witherspoon systemd[1]: Starting Wait for Power0 to turn on...
Aug 17 21:03:51 witherspoon systemd[1]: Starting Witherspoon Fan Watchdog Reset...
Aug 17 21:03:51 witherspoon systemd[1]: Created slice system-ucd_disable_vcs.slice.
Aug 17 21:03:51 witherspoon systemd[1]: Starting Reload mboxd during power on...
Aug 17 21:03:52 witherspoon mboxctl[1348]: Failed to post message: No route to host
Aug 17 21:03:52 witherspoon mboxctl[1348]: Failed to send reset command
Aug 17 21:03:51 witherspoon systemd[1]: Created slice system-vcs_workaround.slice.
Aug 17 21:03:51 witherspoon systemd[1]: Created slice system-phosphor\x2dwatchdog.slice.
Aug 17 21:03:51 witherspoon systemd[1]: Started Phosphor poweron watchdog.
Aug 17 21:03:51 witherspoon systemd[1]: Starting mapper subtree-remove /xyz/openbmc_project/software:xyz.openbmc_project.Software.ActivationBlocksTransition...
Aug 17 21:03:51 witherspoon systemd[1]: Created slice system-power\x2dworkarounds.slice.
Aug 17 21:03:51 witherspoon systemd[1]: Created slice system-ir35221\x2don\x2dbind.slice.
Aug 17 21:03:51 witherspoon systemd[1]: Created slice system-avsbus\x2ddisable.slice.
Aug 17 21:03:51 witherspoon systemd[1]: Created slice system-phosphor\x2dfan\x2dpresence\x2dtach.slice.
Aug 17 21:03:51 witherspoon systemd[1]: Starting Disable UCD VCS rails...
Aug 17 21:03:51 witherspoon systemd[1]: Created slice system-phosphor\x2dgpio\x2dmonitor.slice.
Aug 17 21:03:53 witherspoon phosphor-gevent[1194]: ::8089:6776:8e91:f402%1995606812 - - [2017-08-17 21:03:53] "POST /login HTTP/1.1" 200 320 0.832085
Aug 17 21:03:52 witherspoon systemd[1]: Starting Assert power_on LED...
Aug 17 21:03:52 witherspoon systemd[1]: Created slice system-ir35221\x2don\x2dunbind.slice.
Aug 17 21:03:52 witherspoon systemd[1]: Starting power on mode unbind ir35221 device driver devs...
Aug 17 21:03:52 witherspoon systemd[1]: Created slice system-op\x2dpower\x2dstart.slice.
Aug 17 21:03:52 witherspoon systemd[1]: Created slice system-cfam_override.slice.
Aug 17 21:03:52 witherspoon systemd[1]: Created slice system-fsi\x2dbind.slice.
Aug 17 21:03:52 witherspoon systemd[1]: Started Phosphor GPIO checkstop monitor.
Aug 17 21:03:52 witherspoon systemd[1]: Started Witherspoon Fan Watchdog Daemon.
Aug 17 21:03:52 witherspoon systemd[1]: Reached target Powerwitherspoon-fan-watchdog (On).
Aug 17 21:03:52 witherspoon systemd[1]: Started Phosphor Fan Control Initialization.
Aug 17 21:03:52 witherspoon systemd[1]: Created slice system-vcs_on.slice.
Aug 17 21:03:52 witherspoon systemd[1]: Created slice system-avsbus\x2denable.slice.
Aug 17 21:03:52 witherspoon systemd[1]: Stopped Assert power_on LED.
Aug 17 21:03:52 witherspoon systemd[1]: Stopped Power off mode unbind ir35221 device driver devs.
Aug 17 21:03:52 witherspoon systemd[1]: Stopped target Stop Host0 (Pre).
Aug 17 21:03:52 witherspoon systemd[1]: Starting Updates symlinks for active PNOR version...
Aug 17 21:03:52 witherspoon systemd[1]: Created slice system-vcs_off.slice.
Aug 17 21:03:52 witherspoon ipmid[1234]: Host control timeout hit!
Aug 17 21:03:52 witherspoon ipmid[1234]: Timer expired
Aug 17 21:03:53 witherspoon systemd[1]: xyz.openbmc_project.Ipmi.Internal.SoftPowerOff.service: Main process exited, code=killed, status=15/TERM
Aug 17 21:03:53 witherspoon systemd[1]: Stopped Soft power off of the host.
Aug 17 21:03:53 witherspoon systemd[1]: xyz.openbmc_project.Ipmi.Internal.SoftPowerOff.service: Unit entered failed state.
Aug 17 21:03:53 witherspoon systemd[1]: xyz.openbmc_project.Ipmi.Internal.SoftPowerOff.service: Failed with result 'signal'.
Aug 17 21:03:53 witherspoon systemd[1]: Started Witherspoon Fan Watchdog Reset.
Aug 17 21:03:53 witherspoon systemd[1]: mboxd-reload@0.service: Main process exited, code=exited, status=255/n/a
Aug 17 21:03:53 witherspoon systemd[1]: Failed to start Reload mboxd during power on.
Aug 17 21:03:53 witherspoon systemd[1]: mboxd-reload@0.service: Unit entered failed state.
Aug 17 21:03:53 witherspoon systemd[1]: mboxd-reload@0.service: Failed with result 'exit-code'.
Aug 17 21:03:53 witherspoon systemd[1]: Started mapper subtree-remove /xyz/openbmc_project/software:xyz.openbmc_project.Software.ActivationBlocksTransition.
Aug 17 21:03:53 witherspoon systemd[1]: Started power on mode unbind ir35221 device driver devs.
Aug 17 21:03:54 witherspoon obmc-flash-bios[1365]: '/var/lib/phosphor-software-manager/pnor/ro' -> '/media/pnor-ro-2b6dcac8'
Aug 17 21:03:54 witherspoon obmc-flash-bios[1365]: '/var/lib/phosphor-software-manager/pnor/rw' -> '/media/pnor-rw-2b6dcac8'
Aug 17 21:03:54 witherspoon kernel: ucd9000 11-0064: Device ID UCD90160|2.3.4.0000|110603
Aug 17 21:03:54 witherspoon kernel[960]: [  203.260000] ucd9000 11-0064: Device ID UCD90160|2.3.4.0000|110603
Aug 17 21:03:54 witherspoon systemd[1]: Started Updates symlinks for active PNOR version.
Aug 17 21:03:54 witherspoon phosphor-host-state-manager[1262]: Received signal that host is off
Aug 17 21:03:54 witherspoon phosphor-host-state-manager[1262]: Change to Host State
Aug 17 21:03:54 witherspoon phosphor-chassis-state-manager[1224]: Received signal that power OFF is complete
Aug 17 21:03:54 witherspoon phosphor-chassis-state-manager[1224]: Change to Chassis Power State
Aug 17 21:03:55 witherspoon systemd[1]: Started Disable UCD VCS rails.
Aug 17 21:03:55 witherspoon systemd[1]: Starting Perform power workarounds on VRMs...
Aug 17 21:03:55 witherspoon kernel: ucd9000 11-0064: Device ID UCD90160|2.3.4.0000|110603
Aug 17 21:03:55 witherspoon kernel[960]: [  204.830000] ucd9000 11-0064: Device ID UCD90160|2.3.4.0000|110603
Aug 17 21:03:56 witherspoon phosphor-gevent[1194]: ::8089:6776:8e91:f402%1995606812 - - [2017-08-17 21:03:56] "GET /xyz/openbmc_project/state/chassis0//attr/CurrentPowerState HTTP/1.1" 200 216 3.068993
Aug 17 21:03:56 witherspoon systemd[1]: Started Perform power workarounds on VRMs.
Aug 17 21:03:56 witherspoon systemd[1]: Starting Disable the AVS bus on the VRMs...
Aug 17 21:03:57 witherspoon systemd[1]: Started Disable the AVS bus on the VRMs.
Aug 17 21:03:57 witherspoon systemd[1]: Starting Apply voltage overrides to VRMs...
Aug 17 21:03:57 witherspoon vrm-control.sh[1447]: rail        set        read        current
Aug 17 21:03:57 witherspoon vrm-control.sh[1447]: -------        ------- ------- -------
Aug 17 21:03:58 witherspoon systemd[1]: Started Assert power_on LED.
Aug 17 21:03:58 witherspoon vrm-control.sh[1447]: vdna        0.898V        0.004V        0.000A
Aug 17 21:03:58 witherspoon vrm-control.sh[1447]: vdnb        0.898V        0.004V        0.000A
Aug 17 21:03:58 witherspoon systemd[1]: Started Apply voltage overrides to VRMs.
Aug 17 21:03:58 witherspoon systemd[1]: Starting Enable the AVS bus on VRMs...
Aug 17 21:03:59 witherspoon systemd[1]: Started Wait for /xyz/openbmc_project/watchdog/host0.
Aug 17 21:03:59 witherspoon systemd[1]: Started Enable the AVS bus on VRMs.
Aug 17 21:03:59 witherspoon systemd[1]: Starting Disable VCS before Witherspoon power on...
Aug 17 21:03:59 witherspoon systemd[1]: Started Disable VCS before Witherspoon power on.
Aug 17 21:03:59 witherspoon systemd[1]: Reached target Power0 On (Pre).
Aug 17 21:03:59 witherspoon systemd[1]: Starting Start Power0...
Aug 17 21:03:59 witherspoon power_control.exe[1223]: PowerControl: setting power up SOFTWARE_PGOOD to 1
Aug 17 21:03:59 witherspoon power_control.exe[1223]: PowerControl: setting power up BMC_POWER_UP to 1
Aug 17 21:03:59 witherspoon system_manager.py[1180]: Running System State: HOST_POWERING_ON
Aug 17 21:03:59 witherspoon timemanager[1250]:  PGOOD has changed..
Aug 17 21:03:59 witherspoon systemd[1]: Started Start Power0.
Aug 17 21:04:02 witherspoon power_control.exe[1223]: PowerControl: pgood: 1, setting reset BMC_CP0_RESET_N to 1
Aug 17 21:04:02 witherspoon system_manager.py[1180]: Running System State: HOST_POWERED_ON
Aug 17 21:04:02 witherspoon timemanager[1250]:  PGOOD has changed..
