[    2.060000] ipmi-bt-host 1e789140.ibt: Found bt bmc device
[    2.060000] ipmi-bt-host 1e789140.ibt: Using IRQ 22
[    2.060000] Serial: 8250/16550 driver, 6 ports, IRQ sharing enabled
[    2.060000] 1e783000.serial: ttyS0 at MMIO 0x1e783000 (irq = 23, base_baud = 1500000) is a 16550A
[    2.060000] 1e78d000.serial: ttyS1 at MMIO 0x1e78d000 (irq = 24, base_baud = 1500000) is a 16550A
[    2.060000] 1e784000.serial: ttyS4 at MMIO 0x1e784000 (irq = 25, base_baud = 1500000) is a 16550A
[    2.410000] console [ttyS4] enabled
[    2.410000] 1e787000.vuart: ttyS2 at MMIO 0x1e787000 (irq = 22, base_baud = 1500000) is a 16550A
[    2.600000] timeriomem_rng 1e6e2078.hwrng: 32bits from 0xf00e2078 @ 1us
[    2.610000] random: fast init done
[    2.650000] random: crng init done
[    2.660000] brd: module loaded
[    2.690000] loop: module loaded
[    2.690000] aspeed-lpc-ctrl 1e789080.lpc-ctrl: Loaded at 0x98000000 (0x04000000)
[    2.700000] aspeed-smc 1e620000.flash-controller: Using IRQ 18
[    2.700000] aspeed-smc 1e620000.flash-controller: DMA support disabled.
[    2.710000] aspeed-smc 1e620000.flash-controller: mx25l25635e (32768 Kbytes)
[    2.710000] aspeed-smc 1e620000.flash-controller: CE0 window [ 0x20000000 - 0x22000000 ] 32MB
[    2.710000] aspeed-smc 1e620000.flash-controller: CE1 window [ 0x22000000 - 0x2a000000 ] 128MB
[    2.740000] 5 ofpart partitions found on MTD device bmc
[    2.740000] Creating 5 MTD partitions on "bmc":
[    2.750000] 0x000000000000-0x000000060000 : "u-boot"
[    2.750000] 0x000000060000-0x000000080000 : "u-boot-env"
[    2.770000] 0x000000080000-0x0000004c0000 : "kernel"
[    2.780000] 0x0000004c0000-0x000001c00000 : "rofs"
[    2.790000] 0x000001c00000-0x000002000000 : "rwfs"
[    2.800000] aspeed-smc 1e620000.flash-controller: mx25l25635e (32768 Kbytes)
[    2.810000] aspeed-smc 1e620000.flash-controller: CE1 window [ 0x22000000 - 0x24000000 ] 32MB
[    2.810000] aspeed-smc 1e620000.flash-controller: CE2 window [ 0x24000000 - 0x2c000000 ] 128MB
[    2.830000] aspeed-smc 1e630000.flash-controller: mx66l1g45g (131072 Kbytes)
[    2.840000] aspeed-smc 1e630000.flash-controller: CE0 window resized to 120MB (AST2500 HW quirk)
[    2.840000] aspeed-smc 1e630000.flash-controller: CE0 window [ 0x30000000 - 0x37800000 ] 120MB
[    2.860000] aspeed-smc 1e630000.flash-controller: CE0 window too small for chip 128MB
[    2.860000] aspeed-smc 1e630000.flash-controller: CE1 window [ 0x37800000 - 0x38000000 ] 8MB
[    3.630000] libphy: Fixed MDIO Bus: probed
[    3.630000] ftgmac100 1e660000.ethernet: Read MAC address 70:e2:84:14:28:a9 from chip
[    3.630000] ftgmac100 1e660000.ethernet: Using NCSI interface
[    3.630000] ftgmac100 1e660000.ethernet eth0: irq 20, mapped at f0060000
[    3.630000] ehci_hcd: USB 2.0 'Enhanced' Host Controller (EHCI) Driver
[    3.630000] ehci-platform: EHCI generic platform driver
[    3.840000]  fsi0: can't read slave 00:00 -5
[    3.840000] i2c /dev entries driver
[    3.840000] aspeed-i2c-bus 1e78a0c0.i2c-bus: i2c bus 2 registered, irq 26
[    3.840000] aspeed-i2c-bus 1e78a100.i2c-bus: i2c bus 3 registered, irq 27
[    3.840000] aspeed-i2c-bus 1e78a140.i2c-bus: i2c bus 4 registered, irq 28
[    3.840000] aspeed-i2c-bus 1e78a180.i2c-bus: i2c bus 5 registered, irq 29
[    3.840000] aspeed-i2c-bus 1e78a380.i2c-bus: i2c bus 9 registered, irq 30
[    3.840000] aspeed-i2c-bus 1e78a3c0.i2c-bus: i2c bus 10 registered, irq 31
[    3.840000] rtc-rv8803 11-0032: Voltage low, temperature compensation stopped.
[    3.940000] rtc-rv8803 11-0032: rtc core: registered rx8900 as rtc0
[    3.950000] at24 11-0051: 8192 byte 24c64 EEPROM, writable, 1 bytes/write
[    3.950000] aspeed-i2c-bus 1e78a400.i2c-bus: i2c bus 11 registered, irq 32
[    3.950000] aspeed-i2c-bus 1e78a440.i2c-bus: i2c bus 12 registered, irq 33
[    3.950000] aspeed-i2c-bus 1e78a480.i2c-bus: i2c bus 13 registered, irq 34
[    3.950000] Driver for 1-wire Dallas network protocol.
[    3.950000] lm75 9-004a: hwmon0: sensor 'tmp275'
[    4.430000] max31785: probe of 3-0052 failed with error -5
[    4.440000] ucd9000 11-0064: Device ID UCD90160|2.3.4.0000|110603
[    4.770000] leds-pca955x 3-0060: leds-pca955x: Using pca9552 16-bit LED driver at slave address 0x60
[    4.790000] leds-pca955x 11-0060: leds-pca955x: Using pca9552 16-bit LED driver at slave address 0x60
[    4.800000] leds-pca955x 11-0060: gpios 264...279
[    4.810000] usbcore: registered new interface driver usbhid
[    4.810000] usbhid: USB HID core driver
[    4.850000] dps310 3-0076: iio:device1: sensor 'dps310'
[    4.850000] NET: Registered protocol family 10
[    4.860000] Segment Routing with IPv6
[    4.860000] NET: Registered protocol family 17
[    4.860000] 8021q: 802.1Q VLAN Support v1.8
[    4.880000] console [netcon0] enabled
[    4.880000] netconsole: network logging started
[    4.880000] input: gpio-keys as /devices/platform/gpio-keys/input/input0
[    4.900000] rtc-rv8803 11-0032: setting system clock to 2017-07-31 16:32:41 UTC (1501518761)
[    4.910000] Freeing unused kernel memory: 284K
[    4.910000] This architecture does not have kernel memory protection.
[    6.590000] jffs2: notice: (525) jffs2_build_xattr_subsystem: complete building xattr subsystem, 0 of xdatum (0 unchecked, 0 orphan) and 0 of xref (0 dead, 0 orphan) found.
[    8.700000] systemd[1]: Failed to insert module 'autofs4': No such file or directory
[    8.900000] systemd[1]: systemd 232 running in system mode. (+PAM -AUDIT -SELINUX -IMA -APPARMOR -SMACK +SYSVINIT -UTMP -LIBCRYPTSETUP -GCRYPT -GNUTLS +ACL +XZ -LZ4 -SECCOMP +BLKID -ELFUTILS +KMOD -IDN)
[    8.900000] systemd[1]: Detected architecture arm.
[    9.050000] systemd[1]: Set hostname to <witherspoon>.
[   10.630000] systemd[1]: Listening on udev Control Socket.
[   10.780000] systemd[1]: Reached target Remote File Systems.
[   10.940000] systemd[1]: Listening on /dev/initctl Compatibility Named Pipe.
[   11.100000] systemd[1]: Started Forward Password Requests to Wall Directory Watch.
[   11.270000] systemd[1]: Listening on udev Kernel Socket.
[   11.450000] systemd[1]: Listening on Journal Socket (/dev/log).
[   11.630000] systemd[1]: Started Dispatch Password Requests to Console Directory Watch.
[   14.090000] systemd[1]: Starting udev Coldplug all Devices...
[   14.350000] systemd[1]: Created slice system-obmc\x2dconsole.slice.
[   14.620000] systemd[1]: Created slice system-mapper\x2dwait.slice.
[   14.620000] systemd[1]: Mounting Temporary Directory...
[   14.620000] systemd[1]: Created slice system-org.openbmc.control.Power.slice.
[   14.900000] systemd[1]: dev-hugepages.mount: Couldn't determine result for ConditionVirtualization=!private-users, assuming failed: No such file or directory
[   14.900000] systemd[1]: Created slice system-org.openbmc.control.Chassis.slice.
[   15.180000] systemd[1]: Starting Journal Service...
[   15.470000] systemd[1]: Mounting Debug File System...
[   15.770000] systemd[1]: Created slice system-org.openbmc.buttons.Power.slice.
[   19.100000] systemd[1]: Starting Remount Root and Kernel File Systems...
[   19.470000] systemd[1]: Mounted Debug File System.
[   19.850000] systemd[1]: Mounted Temporary Directory.
[   20.230000] systemd[1]: Started Journal Service.
[   21.980000] systemd-journald[648]: Received request to flush runtime journal from PID 1
[   46.290000] ftgmac100 1e660000.ethernet eth0: NCSI interface up
[  362.600000] ucd9000 11-0064: Device ID UCD90160|2.3.4.0000|110603
[  372.510000]  fsi0: fsi: found chip c0010d12 at 00:00:00
[  372.510000]  slave@00:00: engine[2]: type 4, version 6, addr c00 size 400
[  372.510000]  slave@00:00: engine[3]: type 5, version 6, addr 1000 size 400
[  372.980000]  slave@00:00: engine[4]: type 6, version 1, addr 1400 size 400
[  372.980000]  slave@00:00: engine[5]: type 7, version 2, addr 1800 size 400
[  372.980000]  slave@00:00: engine[8]: type 22, version 1, addr 2400 size 400
[  372.980000] sbefifo 00:00:00:06: Found sbefifo device
[  372.980000] occ-hwmon occ1-dev0: failed to get OCC poll response: -19
[  372.980000]  slave@00:00: engine[9]: type 20, version 2, addr 2800 size 800
[  372.980000]  slave@00:00: engine[11]: type 1a, version 1, addr 3000 size 400
[  372.980000]  slave@00:00: engine[12]: type 1c, version 1, addr 3400 size 400
[  372.980000] fsi-master-hub 00:00:00:0a: hub version 92010800 (8 links)
[  373.150000]  slave@00:00: status: 0x84000510, sisc: 0x01040108
[  373.150000]  slave@00:00: status: 0x84000500, sisc: 0x00040108
[  373.150000]  fsi1: can't read slave 00:00 -5
[  373.150000]  fsi1: fsi: found chip c0010d12 at 01:01:00
[  373.150000]  slave@01:00: engine[2]: type 4, version 6, addr c00 size 400
[  373.150000]  slave@01:00: engine[3]: type 5, version 6, addr 1000 size 400
[  373.800000]  slave@01:00: engine[4]: type 6, version 1, addr 1400 size 400
[  373.800000]  slave@01:00: engine[5]: type 7, version 2, addr 1800 size 400
[  373.850000]  slave@01:00: engine[8]: type 22, version 1, addr 2400 size 400
[  373.850000] sbefifo 01:01:00:06: Found sbefifo device
[  373.910000] occ-hwmon occ2-dev0: failed to get OCC poll response: -19
[  374.190000]  slave@01:00: engine[9]: type 20, version 2, addr 2800 size 800
[  374.190000]  slave@01:00: engine[11]: type 1a, version 1, addr 3000 size 400
[  374.190000]  slave@01:00: engine[12]: type 1c, version 1, addr 3400 size 400
[  374.190000] fsi-master-hub 01:01:00:0a: hub version 92010800 (8 links)
[  374.270000]  slave@00:00: status: 0x84000500, sisc: 0x00040108
[  374.270000]  slave@00:00: status: 0x84000500, sisc: 0x00040108
[  374.270000]  slave@01:00: status: 0x04000510, sisc: 0x01040000
[  374.270000]  slave@00:00: status: 0x84000500, sisc: 0x00040108
[  374.270000]  slave@00:00: status: 0x84000500, sisc: 0x00040108
[  374.270000]  slave@01:00: status: 0x04000500, sisc: 0x00040000
[  374.360000]  slave@00:00: status: 0x84000500, sisc: 0x00040108
[  374.360000]  slave@00:00: status: 0x84000500, sisc: 0x00040108
[  374.360000]  slave@01:00: status: 0x04000500, sisc: 0x00040000
[  374.360000]  slave@00:00: status: 0x84000500, sisc: 0x00040108
[  374.360000]  slave@00:00: status: 0x84000500, sisc: 0x00040108
[  374.360000]  slave@01:00: status: 0x04000500, sisc: 0x00040000
[  374.450000]  slave@00:00: status: 0x84000500, sisc: 0x00040108
[  374.450000]  slave@00:00: status: 0x84000500, sisc: 0x00040108
[  374.450000]  slave@01:00: status: 0x04000500, sisc: 0x00040000
[  374.450000]  slave@00:00: status: 0x84000500, sisc: 0x00040108
[  374.450000]  slave@00:00: status: 0x84000500, sisc: 0x00040108
[  374.450000]  slave@01:00: status: 0x04000500, sisc: 0x00040000
[  374.550000]  slave@01:00: status: 0x04000500, sisc: 0x00040000
[  374.550000]  slave@01:00: status: 0x04000500, sisc: 0x00040000
[  374.550000]  slave@01:00: status: 0x04000500, sisc: 0x00040000
[  374.550000]  slave@01:00: status: 0x04000500, sisc: 0x00040000
[  374.550000]  slave@01:00: status: 0x04000500, sisc: 0x00040000
[  374.550000]  slave@01:00: status: 0x04000500, sisc: 0x00040000
[  374.650000]  slave@01:00: status: 0x04000500, sisc: 0x00040000
[  374.650000]  slave@01:00: status: 0x04000500, sisc: 0x00040000
[  374.650000]  slave@01:00: status: 0x04000500, sisc: 0x00040000
[  374.650000]  slave@01:00: status: 0x04000500, sisc: 0x00040000
[  374.650000]  slave@01:00: engine[14]: type 1b, version 1, addr 40000 size 8000
[  374.650000]  slave@01:00: engine[15]: type 1b, version 1, addr 48000 size 8000
[  374.650000]  slave@01:00: engine[16]: type 1b, version 1, addr 50000 size 8000
[  374.760000]  slave@01:00: engine[17]: type 1b, version 1, addr 58000 size 8000
[  374.760000]  slave@01:00: engine[18]: type 1b, version 1, addr 60000 size 8000
[  374.760000]  slave@01:00: engine[19]: type 1b, version 1, addr 68000 size 8000
[  374.760000]  slave@01:00: engine[20]: type 1b, version 1, addr 70000 size 8000
[  374.760000]  slave@01:00: engine[21]: type 1b, version 1, addr 78000 size 8000
[  374.760000]  slave@00:00: status: 0x84000500, sisc: 0x00040108
[  374.880000]  slave@00:00: status: 0x84000500, sisc: 0x00040108
[  374.880000]  fsi1: can't read slave 02:00 -5
[  374.880000]  slave@00:00: status: 0x84000500, sisc: 0x00040108
[  374.880000]  slave@00:00: status: 0x84000500, sisc: 0x00040108
[  374.880000]  fsi1: can't read slave 03:00 -5
[  374.880000]  slave@00:00: status: 0x84000500, sisc: 0x00040108
[  374.880000]  slave@00:00: status: 0x84000500, sisc: 0x00040108
[  374.880000]  fsi1: can't read slave 04:00 -5
[  375.000000]  slave@00:00: status: 0x84000500, sisc: 0x00040108
[  375.000000]  slave@00:00: status: 0x84000500, sisc: 0x00040108
[  375.000000]  fsi1: can't read slave 05:00 -5
[  375.000000]  slave@00:00: status: 0x84000500, sisc: 0x00040108
[  375.000000]  slave@00:00: status: 0x84000500, sisc: 0x00040108
[  375.000000]  fsi1: can't read slave 06:00 -5
[  375.000000]  slave@00:00: status: 0x84000500, sisc: 0x00040108
[  375.000000]  slave@00:00: status: 0x84000500, sisc: 0x00040108
[  375.000000]  fsi1: can't read slave 07:00 -5
[  375.000000]  slave@00:00: engine[14]: type 1b, version 1, addr 40000 size 8000
[  375.000000]  slave@00:00: engine[15]: type 1b, version 1, addr 48000 size 8000
[  375.130000]  slave@00:00: engine[16]: type 1b, version 1, addr 50000 size 8000
[  375.130000]  slave@00:00: engine[17]: type 1b, version 1, addr 58000 size 8000
[  375.130000]  slave@00:00: engine[18]: type 1b, version 1, addr 60000 size 8000
[  375.130000]  slave@00:00: engine[19]: type 1b, version 1, addr 68000 size 8000
[  375.130000]  slave@00:00: engine[20]: type 1b, version 1, addr 70000 size 8000
[  375.130000]  slave@00:00: engine[21]: type 1b, version 1, addr 78000 size 8000
