-- Logs begin at Tue 2017-07-25 16:10:14 UTC, end at Tue 2017-07-25 16:30:43 UTC. --
Jul 25 16:10:14 witherspoon kernel: Booting Linux on physical CPU 0x0
Jul 25 16:10:14 witherspoon kernel: Linux version 4.10.17-d6ae40dc4c4dff3265cc254d404ed6b03fcc2206 (jenkins@openbmc-builder1) (gcc version 6.2.0 (GCC) ) #1 Tue Jul 25 15:55:05 UTC 2017
Jul 25 16:10:14 witherspoon kernel: CPU: ARMv6-compatible processor [410fb767] revision 7 (ARMv7), cr=00c5387d
Jul 25 16:10:14 witherspoon kernel: CPU: PIPT / VIPT nonaliasing data cache, VIPT nonaliasing instruction cache
Jul 25 16:10:14 witherspoon kernel: OF: fdt:Machine model: Witherspoon BMC
Jul 25 16:10:14 witherspoon kernel: Memory policy: Data cache writeback
Jul 25 16:10:14 witherspoon kernel: SOC Rev: 04030303
Jul 25 16:10:14 witherspoon kernel: On node 0 totalpages: 110592
Jul 25 16:10:14 witherspoon kernel: free_area_init_node: node 0, pgdat 805fd514, node_mem_map 9ec1a000
Jul 25 16:10:14 witherspoon kernel:   Normal zone: 992 pages used for memmap
Jul 25 16:10:14 witherspoon kernel:   Normal zone: 0 pages reserved
Jul 25 16:10:14 witherspoon kernel:   Normal zone: 110592 pages, LIFO batch:31
Jul 25 16:10:14 witherspoon kernel: pcpu-alloc: s0 r0 d32768 u32768 alloc=1*32768
Jul 25 16:10:14 witherspoon kernel: pcpu-alloc: [0] 0 
Jul 25 16:10:14 witherspoon kernel: Built 1 zonelists in Zone order, mobility grouping on.  Total pages: 109600
Jul 25 16:10:14 witherspoon kernel: Kernel command line: console=ttyS4,115200n8 root=/dev/ram rw
Jul 25 16:10:14 witherspoon kernel: PID hash table entries: 2048 (order: 1, 8192 bytes)
Jul 25 16:10:14 witherspoon kernel: Dentry cache hash table entries: 65536 (order: 6, 262144 bytes)
Jul 25 16:10:14 witherspoon kernel: Inode-cache hash table entries: 32768 (order: 5, 131072 bytes)
Jul 25 16:10:14 witherspoon kernel: Memory: 430448K/442368K available (4063K kernel code, 280K rwdata, 1188K rodata, 284K init, 111K bss, 11920K reserved, 0K cma-reserved)
Jul 25 16:10:14 witherspoon kernel: Virtual kernel memory layout:
                                        vector  : 0xffff0000 - 0xffff1000   (   4 kB)
                                        fixmap  : 0xffc00000 - 0xfff00000   (3072 kB)
                                        vmalloc : 0x9f800000 - 0xff800000   (1536 MB)
                                        lowmem  : 0x80000000 - 0x9f000000   ( 496 MB)
                                          .text : 0x80008000 - 0x803fff60   (4064 kB)
                                          .init : 0x80583000 - 0x805ca000   ( 284 kB)
                                          .data : 0x805ca000 - 0x806102a8   ( 281 kB)
                                           .bss : 0x806102a8 - 0x8062c158   ( 112 kB)
Jul 25 16:10:14 witherspoon kernel: NR_IRQS:16 nr_irqs:16 16
Jul 25 16:10:14 witherspoon kernel: i2c controller registered, irq 16
Jul 25 16:10:14 witherspoon kernel: clocksource: moxart_timer: mask: 0xffffffff max_cycles: 0xffffffff, max_idle_ns: 77222644334 ns
Jul 25 16:10:14 witherspoon kernel: sched_clock: 32 bits at 100 Hz, resolution 10000000ns, wraps every 21474836475000000ns
Jul 25 16:10:14 witherspoon kernel: Calibrating delay loop... 789.70 BogoMIPS (lpj=3948544)
Jul 25 16:10:14 witherspoon kernel: pid_max: default: 32768 minimum: 301
Jul 25 16:10:14 witherspoon kernel: Mount-cache hash table entries: 1024 (order: 0, 4096 bytes)
Jul 25 16:10:14 witherspoon kernel: Mountpoint-cache hash table entries: 1024 (order: 0, 4096 bytes)
Jul 25 16:10:14 witherspoon kernel: CPU: Testing write buffer coherency: ok
Jul 25 16:10:14 witherspoon kernel: ftrace: allocating 14933 entries in 44 pages
Jul 25 16:10:14 witherspoon kernel: Setting up static identity map for 0x80008200 - 0x8000825c
Jul 25 16:10:14 witherspoon kernel: devtmpfs: initialized
Jul 25 16:10:14 witherspoon kernel: clocksource: jiffies: mask: 0xffffffff max_cycles: 0xffffffff, max_idle_ns: 19112604462750000 ns
Jul 25 16:10:14 witherspoon kernel: futex hash table entries: 256 (order: -1, 3072 bytes)
Jul 25 16:10:14 witherspoon kernel: pinctrl core: initialized pinctrl subsystem
Jul 25 16:10:14 witherspoon kernel: NET: Registered protocol family 16
Jul 25 16:10:14 witherspoon kernel: DMA: preallocated 256 KiB pool for atomic coherent allocations
Jul 25 16:10:14 witherspoon kernel: usbcore: registered new interface driver usbfs
Jul 25 16:10:14 witherspoon kernel: usbcore: registered new interface driver hub
Jul 25 16:10:14 witherspoon kernel: usbcore: registered new device driver usb
Jul 25 16:10:14 witherspoon kernel: clocksource: Switched to clocksource moxart_timer
Jul 25 16:10:14 witherspoon kernel: NET: Registered protocol family 2
Jul 25 16:10:14 witherspoon kernel: TCP established hash table entries: 4096 (order: 2, 16384 bytes)
Jul 25 16:10:14 witherspoon kernel: TCP bind hash table entries: 4096 (order: 2, 16384 bytes)
Jul 25 16:10:14 witherspoon kernel: TCP: Hash tables configured (established 4096 bind 4096)
Jul 25 16:10:14 witherspoon kernel: UDP hash table entries: 256 (order: 0, 4096 bytes)
Jul 25 16:10:14 witherspoon kernel: UDP-Lite hash table entries: 256 (order: 0, 4096 bytes)
Jul 25 16:10:14 witherspoon kernel: NET: Registered protocol family 1
Jul 25 16:10:14 witherspoon kernel: Trying to unpack rootfs image as initramfs...
Jul 25 16:10:14 witherspoon kernel: Freeing initrd memory: 1548K
Jul 25 16:10:14 witherspoon kernel: workingset: timestamp_bits=30 max_order=17 bucket_order=0
Jul 25 16:10:14 witherspoon kernel: squashfs: version 4.0 (2009/01/31) Phillip Lougher
Jul 25 16:10:14 witherspoon kernel: jffs2: version 2.2. (SUMMARY)  © 2001-2006 Red Hat, Inc.
Jul 25 16:10:14 witherspoon kernel: Block layer SCSI generic (bsg) driver version 0.4 loaded (major 250)
Jul 25 16:10:14 witherspoon kernel: io scheduler noop registered
Jul 25 16:10:14 witherspoon kernel: io scheduler deadline registered
Jul 25 16:10:14 witherspoon kernel: io scheduler cfq registered (default)
Jul 25 16:10:14 witherspoon kernel: ipmi-bt-host 1e789140.ibt: Found bt bmc device
Jul 25 16:10:14 witherspoon kernel: ipmi-bt-host 1e789140.ibt: Using IRQ 22
Jul 25 16:10:14 witherspoon kernel: Serial: 8250/16550 driver, 6 ports, IRQ sharing enabled
Jul 25 16:10:14 witherspoon kernel: 1e783000.serial: ttyS0 at MMIO 0x1e783000 (irq = 23, base_baud = 1500000) is a 16550A
Jul 25 16:10:14 witherspoon kernel: 1e78d000.serial: ttyS1 at MMIO 0x1e78d000 (irq = 24, base_baud = 1500000) is a 16550A
Jul 25 16:10:14 witherspoon kernel: 1e784000.serial: ttyS4 at MMIO 0x1e784000 (irq = 25, base_baud = 1500000) is a 16550A
Jul 25 16:10:14 witherspoon kernel: console [ttyS4] enabled
Jul 25 16:10:14 witherspoon kernel: 1e787000.vuart: ttyS2 at MMIO 0x1e787000 (irq = 22, base_baud = 1500000) is a 16550A
Jul 25 16:10:14 witherspoon kernel: timeriomem_rng 1e6e2078.hwrng: 32bits from 0xf00e2078 @ 1us
Jul 25 16:10:14 witherspoon kernel: random: fast init done
Jul 25 16:10:14 witherspoon kernel: random: crng init done
Jul 25 16:10:14 witherspoon kernel: brd: module loaded
Jul 25 16:10:14 witherspoon kernel: loop: module loaded
Jul 25 16:10:14 witherspoon kernel: aspeed-lpc-ctrl 1e789080.lpc-ctrl: Loaded at 0x98000000 (0x04000000)
Jul 25 16:10:14 witherspoon kernel: aspeed-smc 1e620000.flash-controller: Using IRQ 18
Jul 25 16:10:14 witherspoon kernel: aspeed-smc 1e620000.flash-controller: DMA support disabled.
Jul 25 16:10:14 witherspoon kernel: aspeed-smc 1e620000.flash-controller: mx25l25635e (32768 Kbytes)
Jul 25 16:10:14 witherspoon kernel: aspeed-smc 1e620000.flash-controller: CE0 window [ 0x20000000 - 0x22000000 ] 32MB
Jul 25 16:10:14 witherspoon kernel: aspeed-smc 1e620000.flash-controller: CE1 window [ 0x22000000 - 0x2a000000 ] 128MB
Jul 25 16:10:14 witherspoon kernel: 5 ofpart partitions found on MTD device bmc
Jul 25 16:10:14 witherspoon kernel: Creating 5 MTD partitions on "bmc":
Jul 25 16:10:14 witherspoon kernel: 0x000000000000-0x000000060000 : "u-boot"
Jul 25 16:10:14 witherspoon kernel: 0x000000060000-0x000000080000 : "u-boot-env"
Jul 25 16:10:14 witherspoon kernel: 0x000000080000-0x0000004c0000 : "kernel"
Jul 25 16:10:14 witherspoon kernel: 0x0000004c0000-0x000001c00000 : "rofs"
Jul 25 16:10:14 witherspoon kernel: 0x000001c00000-0x000002000000 : "rwfs"
Jul 25 16:10:14 witherspoon kernel: aspeed-smc 1e620000.flash-controller: mx25l25635e (32768 Kbytes)
Jul 25 16:10:14 witherspoon kernel: aspeed-smc 1e620000.flash-controller: CE1 window [ 0x22000000 - 0x24000000 ] 32MB
Jul 25 16:10:14 witherspoon kernel: aspeed-smc 1e620000.flash-controller: CE2 window [ 0x24000000 - 0x2c000000 ] 128MB
Jul 25 16:10:14 witherspoon kernel: aspeed-smc 1e630000.flash-controller: mx66l1g45g (131072 Kbytes)
Jul 25 16:10:14 witherspoon kernel: aspeed-smc 1e630000.flash-controller: CE0 window resized to 120MB (AST2500 HW quirk)
Jul 25 16:10:14 witherspoon kernel: aspeed-smc 1e630000.flash-controller: CE0 window [ 0x30000000 - 0x37800000 ] 120MB
Jul 25 16:10:14 witherspoon kernel: aspeed-smc 1e630000.flash-controller: CE0 window too small for chip 128MB
Jul 25 16:10:14 witherspoon kernel: aspeed-smc 1e630000.flash-controller: CE1 window [ 0x37800000 - 0x38000000 ] 8MB
Jul 25 16:10:14 witherspoon kernel: libphy: Fixed MDIO Bus: probed
Jul 25 16:10:14 witherspoon kernel: ftgmac100 1e660000.ethernet: Read MAC address 70:e2:84:14:23:e1 from chip
Jul 25 16:10:14 witherspoon kernel: ftgmac100 1e660000.ethernet: Using NCSI interface
Jul 25 16:10:14 witherspoon kernel: ftgmac100 1e660000.ethernet eth0: irq 20, mapped at f0060000
Jul 25 16:10:14 witherspoon kernel: ehci_hcd: USB 2.0 'Enhanced' Host Controller (EHCI) Driver
Jul 25 16:10:14 witherspoon kernel: ehci-platform: EHCI generic platform driver
Jul 25 16:10:14 witherspoon kernel:  fsi0: can't read slave 00:00 -5
Jul 25 16:10:14 witherspoon kernel: i2c /dev entries driver
Jul 25 16:10:14 witherspoon kernel: aspeed-i2c-bus 1e78a0c0.i2c-bus: i2c bus 2 registered, irq 26
Jul 25 16:10:14 witherspoon kernel: aspeed-i2c-bus 1e78a100.i2c-bus: i2c bus 3 registered, irq 27
Jul 25 16:10:14 witherspoon kernel: aspeed-i2c-bus 1e78a140.i2c-bus: i2c bus 4 registered, irq 28
Jul 25 16:10:14 witherspoon kernel: aspeed-i2c-bus 1e78a180.i2c-bus: i2c bus 5 registered, irq 29
Jul 25 16:10:14 witherspoon kernel: aspeed-i2c-bus 1e78a380.i2c-bus: i2c bus 9 registered, irq 30
Jul 25 16:10:14 witherspoon kernel: aspeed-i2c-bus 1e78a3c0.i2c-bus: i2c bus 10 registered, irq 31
Jul 25 16:10:14 witherspoon kernel: rtc-rv8803 11-0032: Voltage low, temperature compensation stopped.
Jul 25 16:10:14 witherspoon kernel: rtc-rv8803 11-0032: An alarm maybe have been missed.
Jul 25 16:10:14 witherspoon kernel: rtc-rv8803 11-0032: rtc core: registered rx8900 as rtc0
Jul 25 16:10:14 witherspoon kernel: at24 11-0051: 8192 byte 24c64 EEPROM, writable, 1 bytes/write
Jul 25 16:10:14 witherspoon kernel: aspeed-i2c-bus 1e78a400.i2c-bus: i2c bus 11 registered, irq 32
Jul 25 16:10:14 witherspoon kernel: aspeed-i2c-bus 1e78a440.i2c-bus: i2c bus 12 registered, irq 33
Jul 25 16:10:14 witherspoon kernel: aspeed-i2c-bus 1e78a480.i2c-bus: i2c bus 13 registered, irq 34
Jul 25 16:10:14 witherspoon kernel: Driver for 1-wire Dallas network protocol.
Jul 25 16:10:14 witherspoon kernel: lm75 9-004a: hwmon0: sensor 'tmp275'
Jul 25 16:10:14 witherspoon kernel: ucd9000 11-0064: Device ID UCD90160|2.3.4.0000|110603
Jul 25 16:10:14 witherspoon kernel: leds-pca955x 3-0060: leds-pca955x: Using pca9552 16-bit LED driver at slave address 0x60
Jul 25 16:10:14 witherspoon kernel: leds-pca955x 11-0060: leds-pca955x: Using pca9552 16-bit LED driver at slave address 0x60
Jul 25 16:10:14 witherspoon kernel: leds-pca955x 11-0060: gpios 264...279
Jul 25 16:10:14 witherspoon kernel: usbcore: registered new interface driver usbhid
Jul 25 16:10:14 witherspoon kernel: usbhid: USB HID core driver
Jul 25 16:10:14 witherspoon kernel: dps310: probe of 3-0076 failed with error -5
Jul 25 16:10:14 witherspoon kernel: NET: Registered protocol family 10
Jul 25 16:10:14 witherspoon kernel: Segment Routing with IPv6
Jul 25 16:10:14 witherspoon kernel: NET: Registered protocol family 17
Jul 25 16:10:14 witherspoon kernel: 8021q: 802.1Q VLAN Support v1.8
Jul 25 16:10:14 witherspoon kernel: console [netcon0] enabled
Jul 25 16:10:14 witherspoon kernel: netconsole: network logging started
Jul 25 16:10:14 witherspoon kernel: input: gpio-keys as /devices/platform/gpio-keys/input/input0
Jul 25 16:10:14 witherspoon kernel: rtc-rv8803 11-0032: setting system clock to 2017-07-25 16:10:03 UTC (1500999003)
Jul 25 16:10:14 witherspoon kernel: Freeing unused kernel memory: 284K
Jul 25 16:10:14 witherspoon kernel: This architecture does not have kernel memory protection.
Jul 25 16:10:14 witherspoon kernel: jffs2: notice: (526) jffs2_build_xattr_subsystem: complete building xattr subsystem, 0 of xdatum (0 unchecked, 0 orphan) and 0 of xref (0 dead, 0 orphan) found.
Jul 25 16:10:14 witherspoon systemd[1]: Failed to insert module 'autofs4': No such file or directory
Jul 25 16:10:14 witherspoon systemd[1]: systemd 232 running in system mode. (+PAM -AUDIT -SELINUX -IMA -APPARMOR -SMACK +SYSVINIT -UTMP -LIBCRYPTSETUP -GCRYPT -GNUTLS +ACL +XZ -LZ4 -SECCOMP +BLKID -ELFUTILS +KMOD -IDN)
Jul 25 16:10:14 witherspoon systemd[1]: Detected architecture arm.
Jul 25 16:10:14 witherspoon systemd[1]: Set hostname to <witherspoon>.
Jul 25 16:10:14 witherspoon systemd[1]: Started Forward Password Requests to Wall Directory Watch.
Jul 25 16:10:14 witherspoon systemd[1]: Listening on Syslog Socket.
Jul 25 16:10:14 witherspoon systemd[1]: Listening on /dev/initctl Compatibility Named Pipe.
Jul 25 16:10:14 witherspoon systemd[1]: Listening on Network Service Netlink Socket.
Jul 25 16:10:14 witherspoon systemd[1]: Reached target Swap.
Jul 25 16:10:14 witherspoon systemd[1]: Reached target Remote File Systems.
Jul 25 16:10:14 witherspoon systemd[1]: Listening on udev Kernel Socket.
Jul 25 16:10:14 witherspoon systemd[1]: Starting Apply Kernel Variables...
Jul 25 16:10:14 witherspoon systemd[1]: Created slice system-phosphor\x2dreset\x2dhost\x2dcheck.slice.
Jul 25 16:10:14 witherspoon systemd[1]: Created slice system-mapper\x2dwait.slice.
Jul 25 16:10:14 witherspoon systemd[1]: Created slice system-op\x2dreset\x2dchassis\x2don.slice.
Jul 25 16:10:14 witherspoon systemd[1]: Starting Journal Service...
Jul 25 16:10:14 witherspoon systemd[1]: Created slice system-org.openbmc.buttons.reset.slice.
Jul 25 16:10:14 witherspoon systemd[1]: Created slice system-phosphor\x2ddiscover\x2dsystem\x2dstate.slice.
Jul 25 16:10:14 witherspoon systemd-journald[656]: Journal started
Jul 25 16:10:14 witherspoon systemd-journald[656]: Runtime journal (/run/log/journal/cc6e1404d87444e8a089dfdb00a18f7d) is 0B, max 0B, 0B free.
Jul 25 16:10:14 witherspoon systemd-sysctl[653]: Couldn't write '16' to 'kernel/sysrq', ignoring: No such file or directory
Jul 25 16:10:14 witherspoon systemd-sysctl[653]: Couldn't write 'fq_codel' to 'net/core/default_qdisc', ignoring: No such file or directory
Jul 25 16:10:14 witherspoon systemd[1]: Created slice system-op\x2dreset\x2dchassis\x2drunning.slice.
Jul 25 16:10:15 witherspoon systemd[1]: Created slice system-serial\x2dgetty.slice.
Jul 25 16:10:15 witherspoon systemd[1]: Created slice system-obmc\x2dconsole.slice.
Jul 25 16:10:16 witherspoon systemd[1]: Started Remount Root and Kernel File Systems.
Jul 25 16:10:17 witherspoon systemd[1]: Started Apply Kernel Variables.
Jul 25 16:10:17 witherspoon systemd[1]: Starting Create System Users...
Jul 25 16:10:17 witherspoon systemd[1]: Starting Flush Journal to Persistent Storage...
Jul 25 16:10:17 witherspoon systemd[1]: Started udev Coldplug all Devices.
Jul 25 16:10:17 witherspoon systemd[1]: Started Create System Users.
Jul 25 16:10:18 witherspoon systemd[1]: Starting Create Static Device Nodes in /dev...
Jul 25 16:10:18 witherspoon systemd-journald[656]: Runtime journal (/run/log/journal/cc6e1404d87444e8a089dfdb00a18f7d) is 0B, max 0B, 0B free.
Jul 25 16:10:18 witherspoon systemd[1]: Started Flush Journal to Persistent Storage.
Jul 25 16:10:19 witherspoon systemd[1]: Started Create Static Device Nodes in /dev.
Jul 25 16:10:19 witherspoon systemd[1]: Reached target Local File Systems (Pre).
Jul 25 16:10:19 witherspoon systemd[1]: Mounting /var/volatile...
Jul 25 16:10:19 witherspoon systemd[1]: Starting udev Kernel Device Manager...
Jul 25 16:10:19 witherspoon systemd[1]: Mounted /var/volatile.
Jul 25 16:10:19 witherspoon systemd[1]: Starting Load/Save Random Seed...
Jul 25 16:10:19 witherspoon systemd[1]: Reached target Local File Systems.
Jul 25 16:10:19 witherspoon systemd[1]: Starting Create Volatile Files and Directories...
Jul 25 16:10:20 witherspoon systemd[1]: Starting Rebuild Journal Catalog...
Jul 25 16:10:20 witherspoon systemd[1]: Started Load/Save Random Seed.
Jul 25 16:10:20 witherspoon systemd[1]: Started Rebuild Journal Catalog.
Jul 25 16:10:20 witherspoon systemd[1]: Starting Update is Completed...
Jul 25 16:10:20 witherspoon systemd[1]: Started udev Kernel Device Manager.
Jul 25 16:10:21 witherspoon systemd[1]: Started Update is Completed.
Jul 25 16:10:21 witherspoon systemd-tmpfiles[896]: "/var/tmp" already exists and is not a directory.
Jul 25 16:10:22 witherspoon systemd-tmpfiles[896]: "/var/log" already exists and is not a directory.
Jul 25 16:10:22 witherspoon systemd[1]: Started Create Volatile Files and Directories.
Jul 25 16:10:22 witherspoon systemd[1]: Starting Run pending postinsts...
Jul 25 16:10:22 witherspoon systemd[1]: Starting Network Time Synchronization...
Jul 25 16:10:22 witherspoon systemd[1]: Found device /dev/aspeed-lpc-ctrl.
Jul 25 16:10:22 witherspoon systemd[1]: Found device /dev/aspeed-mbox.
Jul 25 16:10:23 witherspoon systemd[1]: Found device /dev/ttyS4.
Jul 25 16:10:23 witherspoon systemd[1]: Found device /dev/ttyVUART0.
Jul 25 16:10:23 witherspoon systemd[1]: Started Network Time Synchronization.
Jul 25 16:10:24 witherspoon run-postinsts[922]: Running postinst /etc/rpm-postinsts/libglib-2.0-0...
Jul 25 16:10:25 witherspoon run-postinsts[922]: rm: can't remove '/etc/rpm-postinsts': Invalid argument
Jul 25 16:10:25 witherspoon systemd[1]: Created slice system-xyz.openbmc_project.led.controller.slice.
Jul 25 16:10:25 witherspoon run-postinsts[922]:  Removing any system startup links for run-postinsts ...
Jul 25 16:10:25 witherspoon systemd[1]: Created slice system-xyz.openbmc_project.Hwmon.slice.
Jul 25 16:10:25 witherspoon systemd[1]: Reached target System Time Synchronized.
Jul 25 16:10:25 witherspoon systemd[1]: dev-hugepages.mount: Couldn't determine result for ConditionVirtualization=!private-users, assuming failed: No such file or directory
Jul 25 16:10:26 witherspoon systemctl[936]: Removed /etc/systemd/system/sysinit.target.wants/run-postinsts.service.
Jul 25 16:10:26 witherspoon systemd[1]: Reloading.
Jul 25 16:10:29 witherspoon systemd[1]: Started Run pending postinsts.
Jul 25 16:10:29 witherspoon systemd[1]: Reached target System Initialization.
Jul 25 16:10:29 witherspoon systemd[1]: Listening on dropbear.socket.
Jul 25 16:10:29 witherspoon systemd[1]: Listening on Phosphor Host Console SSH Per-Connection socket.
Jul 25 16:10:29 witherspoon systemd[1]: Listening on phosphor-ipmi-net.socket.
Jul 25 16:10:29 witherspoon systemd[1]: Started Daily Cleanup of Temporary Directories.
Jul 25 16:10:29 witherspoon systemd[1]: Reached target Timers.
Jul 25 16:10:29 witherspoon systemd[1]: Listening on Avahi mDNS/DNS-SD Stack Activation Socket.
Jul 25 16:10:29 witherspoon systemd[1]: Listening on Phosphor Webserver socket.
Jul 25 16:10:29 witherspoon systemd[1]: Listening on Phosphor DBUS Browser socket.
Jul 25 16:10:29 witherspoon systemd[1]: Listening on D-Bus System Message Bus Socket.
Jul 25 16:10:29 witherspoon systemd[1]: Reached target Sockets.
Jul 25 16:10:29 witherspoon systemd[1]: Reached target Basic System.
Jul 25 16:10:29 witherspoon systemd[1]: Starting Clear one time boot overrides...
Jul 25 16:10:29 witherspoon systemd[1]: Started Phosphor Hwmon Poller.
Jul 25 16:10:29 witherspoon systemd[1]: Starting OpenPower Software Update Manager...
Jul 25 16:10:29 witherspoon systemd[1]: Started Phosphor Hwmon Poller.
Jul 25 16:10:30 witherspoon systemd[1]: Started Phosphor Hwmon Poller.
Jul 25 16:10:30 witherspoon systemd[1]: Started Phosphor sysfs LED controller.
Jul 25 16:10:30 witherspoon systemd[1]: Started Phosphor sysfs LED controller.
Jul 25 16:10:30 witherspoon systemd[1]: Started Phosphor sysfs LED controller.
Jul 25 16:10:30 witherspoon systemd[1]: Reached target Containers.
Jul 25 16:10:30 witherspoon systemd[1]: Starting Phosphor Dump Manager...
Jul 25 16:10:30 witherspoon systemd[1]: Started Phosphor Console Muxer listening on device /dev/ttyVUART0.
Jul 25 16:10:30 witherspoon systemd[1]: Started Kernel Logging Service.
Jul 25 16:10:30 witherspoon systemd[1]: Started Phosphor Hwmon Poller.
Jul 25 16:10:30 witherspoon systemd[1]: Starting Phosphor LED Group Management Daemon...
Jul 25 16:10:30 witherspoon systemd[1]: Started Hardware RNG Entropy Gatherer Daemon.
Jul 25 16:10:31 witherspoon systemd[1]: Started Phosphor Hwmon Poller.
Jul 25 16:10:31 witherspoon systemd[1]: Started Phosphor sysfs LED controller.
Jul 25 16:10:32 witherspoon systemd[1]: Started Phosphor sysfs LED controller.
Jul 25 16:10:32 witherspoon systemd[1]: Starting Phosphor Network Manager...
Jul 25 16:10:32 witherspoon systemd[1]: Starting Phosphor Log Manager...
Jul 25 16:10:32 witherspoon systemd[1]: Starting Phosphor Inventory Manager...
Jul 25 16:10:32 witherspoon systemd[1]: Started Phosphor sysfs LED controller.
Jul 25 16:10:32 witherspoon systemd[1]: Started D-Bus System Message Bus.
Jul 25 16:10:32 witherspoon kernel[958]: klogd started: BusyBox v1.24.1 (2017-06-16 19:29:08 UTC)
Jul 25 16:10:32 witherspoon kernel[958]: [    0.000000] Booting Linux on physical CPU 0x0
Jul 25 16:10:32 witherspoon kernel[958]: [    0.000000] Linux version 4.10.17-d6ae40dc4c4dff3265cc254d404ed6b03fcc2206 (jenkins@openbmc-builder1) (gcc version 6.2.0 (GCC) ) #1 Tue Jul 25 15:55:05 UTC 2017
Jul 25 16:10:32 witherspoon kernel[958]: [    0.000000] CPU: ARMv6-compatible processor [410fb767] revision 7 (ARMv7), cr=00c5387d
Jul 25 16:10:32 witherspoon kernel[958]: [    0.000000] CPU: PIPT / VIPT nonaliasing data cache, VIPT nonaliasing instruction cache
Jul 25 16:10:32 witherspoon kernel[958]: [    0.000000] OF: fdt:Machine model: Witherspoon BMC
Jul 25 16:10:32 witherspoon kernel[958]: [    0.000000] Memory policy: Data cache writeback
Jul 25 16:10:32 witherspoon kernel[958]: [    0.000000] SOC Rev: 04030303
Jul 25 16:10:32 witherspoon kernel[958]: [    0.000000] On node 0 totalpages: 110592
Jul 25 16:10:32 witherspoon kernel[958]: [    0.000000] free_area_init_node: node 0, pgdat 805fd514, node_mem_map 9ec1a000
Jul 25 16:10:32 witherspoon kernel[958]: [    0.000000]   Normal zone: 992 pages used for memmap
Jul 25 16:10:32 witherspoon kernel[958]: [    0.000000]   Normal zone: 0 pages reserved
Jul 25 16:10:32 witherspoon kernel[958]: [    0.000000]   Normal zone: 110592 pages, LIFO batch:31
Jul 25 16:10:32 witherspoon kernel[958]: [    0.000000] pcpu-alloc: s0 r0 d32768 u32768 alloc=1*32768
Jul 25 16:10:32 witherspoon kernel[958]: [    0.000000] pcpu-alloc: [0] 0
Jul 25 16:10:32 witherspoon kernel[958]: [    0.000000] Built 1 zonelists in Zone order, mobility grouping on.  Total pages: 109600
Jul 25 16:10:32 witherspoon kernel[958]: [    0.000000] Kernel command line: console=ttyS4,115200n8 root=/dev/ram rw
Jul 25 16:10:32 witherspoon kernel[958]: [    0.000000] PID hash table entries: 2048 (order: 1, 8192 bytes)
Jul 25 16:10:32 witherspoon kernel[958]: [    0.000000] Dentry cache hash table entries: 65536 (order: 6, 262144 bytes)
Jul 25 16:10:32 witherspoon kernel[958]: [    0.000000] Inode-cache hash table entries: 32768 (order: 5, 131072 bytes)
Jul 25 16:10:32 witherspoon kernel[958]: [    0.000000] Memory: 430448K/442368K available (4063K kernel code, 280K rwdata, 1188K rodata, 284K init, 111K bss, 11920K reserved, 0K cma-reserved)
Jul 25 16:10:32 witherspoon kernel[958]: [    0.000000] Virtual kernel memory layout:
Jul 25 16:10:32 witherspoon kernel[958]: [    0.000000]     vector  : 0xffff0000 - 0xffff1000   (   4 kB)
Jul 25 16:10:32 witherspoon kernel[958]: [    0.000000]     fixmap  : 0xffc00000 - 0xfff00000   (3072 kB)
Jul 25 16:10:32 witherspoon kernel[958]: [    0.000000]     vmalloc : 0x9f800000 - 0xff800000   (1536 MB)
Jul 25 16:10:32 witherspoon kernel[958]: [    0.000000]     lowmem  : 0x80000000 - 0x9f000000   ( 496 MB)
Jul 25 16:10:32 witherspoon kernel[958]: [    0.000000]       .text : 0x80008000 - 0x803fff60   (4064 kB)
Jul 25 16:10:32 witherspoon kernel[958]: [    0.000000]       .init : 0x80583000 - 0x805ca000   ( 284 kB)
Jul 25 16:10:32 witherspoon kernel[958]: [    0.000000]       .data : 0x805ca000 - 0x806102a8   ( 281 kB)
Jul 25 16:10:32 witherspoon kernel[958]: [    0.000000]        .bss : 0x806102a8 - 0x8062c158   ( 112 kB)
Jul 25 16:10:32 witherspoon kernel[958]: [    0.000000] NR_IRQS:16 nr_irqs:16 16
Jul 25 16:10:32 witherspoon kernel[958]: [    0.000000] i2c controller registered, irq 16
Jul 25 16:10:32 witherspoon kernel[958]: [    0.000000] clocksource: moxart_timer: mask: 0xffffffff max_cycles: 0xffffffff, max_idle_ns: 77222644334 ns
Jul 25 16:10:32 witherspoon kernel[958]: [    0.000000] sched_clock: 32 bits at 100 Hz, resolution 10000000ns, wraps every 21474836475000000ns
Jul 25 16:10:32 witherspoon kernel[958]: [    0.090000] Calibrating delay loop... 789.70 BogoMIPS (lpj=3948544)
Jul 25 16:10:32 witherspoon kernel[958]: [    0.090000] pid_max: default: 32768 minimum: 301
Jul 25 16:10:32 witherspoon kernel[958]: [    0.090000] Mount-cache hash table entries: 1024 (order: 0, 4096 bytes)
Jul 25 16:10:32 witherspoon kernel[958]: [    0.090000] Mountpoint-cache hash table entries: 1024 (order: 0, 4096 bytes)
Jul 25 16:10:32 witherspoon kernel[958]: [    0.090000] CPU: Testing write buffer coherency: ok
Jul 25 16:10:32 witherspoon kernel[958]: [    0.090000] ftrace: allocating 14933 entries in 44 pages
Jul 25 16:10:32 witherspoon kernel[958]: [    0.120000] Setting up static identity map for 0x80008200 - 0x8000825c
Jul 25 16:10:32 witherspoon kernel[958]: [    0.120000] devtmpfs: initialized
Jul 25 16:10:32 witherspoon kernel[958]: [    0.140000] clocksource: jiffies: mask: 0xffffffff max_cycles: 0xffffffff, max_idle_ns: 19112604462750000 ns
Jul 25 16:10:32 witherspoon kernel[958]: [    0.140000] futex hash table entries: 256 (order: -1, 3072 bytes)
Jul 25 16:10:32 witherspoon kernel[958]: [    0.140000] pinctrl core: initialized pinctrl subsystem
Jul 25 16:10:32 witherspoon kernel[958]: [    0.140000] NET: Registered protocol family 16
Jul 25 16:10:32 witherspoon kernel[958]: [    0.140000] DMA: preallocated 256 KiB pool for atomic coherent allocations
Jul 25 16:10:32 witherspoon kernel[958]: [    0.210000] usbcore: registered new interface driver usbfs
Jul 25 16:10:32 witherspoon kernel[958]: [    0.210000] usbcore: registered new interface driver hub
Jul 25 16:10:32 witherspoon kernel[958]: [    0.210000] usbcore: registered new device driver usb
Jul 25 16:10:32 witherspoon kernel[958]: [    0.220000] clocksource: Switched to clocksource moxart_timer
Jul 25 16:10:32 witherspoon kernel[958]: [    0.230000] NET: Registered protocol family 2
Jul 25 16:10:32 witherspoon kernel[958]: [    0.240000] TCP established hash table entries: 4096 (order: 2, 16384 bytes)
Jul 25 16:10:32 witherspoon kernel[958]: [    0.240000] TCP bind hash table entries: 4096 (order: 2, 16384 bytes)
Jul 25 16:10:32 witherspoon kernel[958]: [    0.240000] TCP: Hash tables configured (established 4096 bind 4096)
Jul 25 16:10:32 witherspoon kernel[958]: [    0.240000] UDP hash table entries: 256 (order: 0, 4096 bytes)
Jul 25 16:10:32 witherspoon kernel[958]: [    0.240000] UDP-Lite hash table entries: 256 (order: 0, 4096 bytes)
Jul 25 16:10:32 witherspoon kernel[958]: [    0.240000] NET: Registered protocol family 1
Jul 25 16:10:32 witherspoon kernel[958]: [    0.240000] Trying to unpack rootfs image as initramfs...
Jul 25 16:10:32 witherspoon kernel[958]: [    1.910000] Freeing initrd memory: 1548K
Jul 25 16:10:32 witherspoon kernel[958]: [    1.910000] workingset: timestamp_bits=30 max_order=17 bucket_order=0
Jul 25 16:10:32 witherspoon kernel[958]: [    1.910000] squashfs: version 4.0 (2009/01/31) Phillip Lougher
Jul 25 16:10:32 witherspoon kernel[958]: [    1.910000] jffs2: version 2.2. (SUMMARY)  © 2001-2006 Red Hat, Inc.
Jul 25 16:10:32 witherspoon kernel[958]: [    1.910000] Block layer SCSI generic (bsg) driver version 0.4 loaded (major 250)
Jul 25 16:10:32 witherspoon kernel[958]: [    1.910000] io scheduler noop registered
Jul 25 16:10:32 witherspoon kernel[958]: [    1.910000] io scheduler deadline registered
Jul 25 16:10:32 witherspoon kernel[958]: [    1.910000] io scheduler cfq registered (default)
Jul 25 16:10:32 witherspoon kernel[958]: [    2.060000] ipmi-bt-host 1e789140.ibt: Found bt bmc device
Jul 25 16:10:32 witherspoon kernel[958]: [    2.060000] ipmi-bt-host 1e789140.ibt: Using IRQ 22
Jul 25 16:10:32 witherspoon kernel[958]: [    2.060000] Serial: 8250/16550 driver, 6 ports, IRQ sharing enabled
Jul 25 16:10:32 witherspoon kernel[958]: [    2.060000] 1e783000.serial: ttyS0 at MMIO 0x1e783000 (irq = 23, base_baud = 1500000) is a 16550A
Jul 25 16:10:32 witherspoon kernel[958]: [    2.060000] 1e78d000.serial: ttyS1 at MMIO 0x1e78d000 (irq = 24, base_baud = 1500000) is a 16550A
Jul 25 16:10:32 witherspoon kernel[958]: [    2.060000] 1e784000.serial: ttyS4 at MMIO 0x1e784000 (irq = 25, base_baud = 1500000) is a 16550A
Jul 25 16:10:32 witherspoon kernel[958]: [    2.410000] console [ttyS4] enabled
Jul 25 16:10:32 witherspoon kernel[958]: [    2.410000] 1e787000.vuart: ttyS2 at MMIO 0x1e787000 (irq = 22, base_baud = 1500000) is a 16550A
Jul 25 16:10:32 witherspoon kernel[958]: [    2.600000] timeriomem_rng 1e6e2078.hwrng: 32bits from 0xf00e2078 @ 1us
Jul 25 16:10:32 witherspoon kernel[958]: [    2.620000] random: fast init done
Jul 25 16:10:32 witherspoon kernel[958]: [    2.650000] random: crng init done
Jul 25 16:10:32 witherspoon kernel[958]: [    2.660000] brd: module loaded
Jul 25 16:10:32 witherspoon kernel[958]: [    2.680000] loop: module loaded
Jul 25 16:10:32 witherspoon kernel[958]: [    2.690000] aspeed-lpc-ctrl 1e789080.lpc-ctrl: Loaded at 0x98000000 (0x04000000)
Jul 25 16:10:32 witherspoon kernel[958]: [    2.700000] aspeed-smc 1e620000.flash-controller: Using IRQ 18
Jul 25 16:10:32 witherspoon kernel[958]: [    2.700000] aspeed-smc 1e620000.flash-controller: DMA support disabled.
Jul 25 16:10:32 witherspoon kernel[958]: [    2.700000] aspeed-smc 1e620000.flash-controller: mx25l25635e (32768 Kbytes)
Jul 25 16:10:32 witherspoon kernel[958]: [    2.720000] aspeed-smc 1e620000.flash-controller: CE0 window [ 0x20000000 - 0x22000000 ] 32MB
Jul 25 16:10:32 witherspoon kernel[958]: [    2.720000] aspeed-smc 1e620000.flash-controller: CE1 window [ 0x22000000 - 0x2a000000 ] 128MB
Jul 25 16:10:32 witherspoon kernel[958]: [    2.720000] 5 ofpart partitions found on MTD device bmc
Jul 25 16:10:32 witherspoon kernel[958]: [    2.720000] Creating 5 MTD partitions on "bmc":
Jul 25 16:10:32 witherspoon kernel[958]: [    2.750000] 0x000000000000-0x000000060000 : "u-boot"
Jul 25 16:10:32 witherspoon kernel[958]: [    2.750000] 0x000000060000-0x000000080000 : "u-boot-env"
Jul 25 16:10:32 witherspoon kernel[958]: [    2.750000] 0x000000080000-0x0000004c0000 : "kernel"
Jul 25 16:10:32 witherspoon kernel[958]: [    2.750000] 0x0000004c0000-0x000001c00000 : "rofs"
Jul 25 16:10:32 witherspoon kernel[958]: [    2.790000] 0x000001c00000-0x000002000000 : "rwfs"
Jul 25 16:10:32 witherspoon kernel[958]: [    2.790000] aspeed-smc 1e620000.flash-controller: mx25l25635e (32768 Kbytes)
Jul 25 16:10:32 witherspoon kernel[958]: [    2.810000] aspeed-smc 1e620000.flash-controller: CE1 window [ 0x22000000 - 0x24000000 ] 32MB
Jul 25 16:10:32 witherspoon kernel[958]: [    2.810000] aspeed-smc 1e620000.flash-controller: CE2 window [ 0x24000000 - 0x2c000000 ] 128MB
Jul 25 16:10:32 witherspoon kernel[958]: [    2.830000] aspeed-smc 1e630000.flash-controller: mx66l1g45g (131072 Kbytes)
Jul 25 16:10:32 witherspoon kernel[958]: [    2.840000] aspeed-smc 1e630000.flash-controller: CE0 window resized to 120MB (AST2500 HW quirk)
Jul 25 16:10:32 witherspoon kernel[958]: [    2.840000] aspeed-smc 1e630000.flash-controller: CE0 window [ 0x30000000 - 0x37800000 ] 120MB
Jul 25 16:10:32 witherspoon kernel[958]: [    2.840000] aspeed-smc 1e630000.flash-controller: CE0 window too small for chip 128MB
Jul 25 16:10:32 witherspoon kernel[958]: [    2.860000] aspeed-smc 1e630000.flash-controller: CE1 window [ 0x37800000 - 0x38000000 ] 8MB
Jul 25 16:10:32 witherspoon kernel[958]: [    3.610000] libphy: Fixed MDIO Bus: probed
Jul 25 16:10:32 witherspoon kernel[958]: [    3.610000] ftgmac100 1e660000.ethernet: Read MAC address 70:e2:84:14:23:e1 from chip
Jul 25 16:10:32 witherspoon kernel[958]: [    3.610000] ftgmac100 1e660000.ethernet: Using NCSI interface
Jul 25 16:10:32 witherspoon kernel[958]: [    3.610000] ftgmac100 1e660000.ethernet eth0: irq 20, mapped at f0060000
Jul 25 16:10:32 witherspoon kernel[958]: [    3.610000] ehci_hcd: USB 2.0 'Enhanced' Host Controller (EHCI) Driver
Jul 25 16:10:32 witherspoon kernel[958]: [    3.610000] ehci-platform: EHCI generic platform driver
Jul 25 16:10:32 witherspoon kernel[958]: [    3.840000]  fsi0: can't read slave 00:00 -5
Jul 25 16:10:32 witherspoon kernel[958]: [    3.840000] i2c /dev entries driver
Jul 25 16:10:32 witherspoon kernel[958]: [    3.840000] aspeed-i2c-bus 1e78a0c0.i2c-bus: i2c bus 2 registered, irq 26
Jul 25 16:10:32 witherspoon kernel[958]: [    3.840000] aspeed-i2c-bus 1e78a100.i2c-bus: i2c bus 3 registered, irq 27
Jul 25 16:10:32 witherspoon kernel[958]: [    3.840000] aspeed-i2c-bus 1e78a140.i2c-bus: i2c bus 4 registered, irq 28
Jul 25 16:10:32 witherspoon kernel[958]: [    3.840000] aspeed-i2c-bus 1e78a180.i2c-bus: i2c bus 5 registered, irq 29
Jul 25 16:10:32 witherspoon kernel[958]: [    3.840000] aspeed-i2c-bus 1e78a380.i2c-bus: i2c bus 9 registered, irq 30
Jul 25 16:10:34 witherspoon openpower-update-manager[949]: Error PNOR current version is empty
Jul 25 16:10:32 witherspoon kernel[958]: [    3.840000] aspeed-i2c-bus 1e78a3c0.i2c-bus: i2c bus 10 registered, irq 31
Jul 25 16:10:32 witherspoon kernel[958]: [    3.840000] rtc-rv8803 11-0032: Voltage low, temperature compensation stopped.
Jul 25 16:10:32 witherspoon kernel[958]: [    3.840000] rtc-rv8803 11-0032: An alarm maybe have been missed.
Jul 25 16:10:32 witherspoon kernel[958]: [    3.940000] rtc-rv8803 11-0032: rtc core: registered rx8900 as rtc0
Jul 25 16:10:32 witherspoon kernel[958]: [    3.950000] at24 11-0051: 8192 byte 24c64 EEPROM, writable, 1 bytes/write
Jul 25 16:10:32 witherspoon kernel[958]: [    3.950000] aspeed-i2c-bus 1e78a400.i2c-bus: i2c bus 11 registered, irq 32
Jul 25 16:10:32 witherspoon kernel[958]: [    3.950000] aspeed-i2c-bus 1e78a440.i2c-bus: i2c bus 12 registered, irq 33
Jul 25 16:10:32 witherspoon kernel[958]: [    3.950000] aspeed-i2c-bus 1e78a480.i2c-bus: i2c bus 13 registered, irq 34
Jul 25 16:10:32 witherspoon kernel[958]: [    3.950000] Driver for 1-wire Dallas network protocol.
Jul 25 16:10:32 witherspoon kernel[958]: [    3.950000] lm75 9-004a: hwmon0: sensor 'tmp275'
Jul 25 16:10:32 witherspoon kernel[958]: [    4.440000] ucd9000 11-0064: Device ID UCD90160|2.3.4.0000|110603
Jul 25 16:10:32 witherspoon kernel[958]: [    4.760000] leds-pca955x 3-0060: leds-pca955x: Using pca9552 16-bit LED driver at slave address 0x60
Jul 25 16:10:32 witherspoon kernel[958]: [    4.790000] leds-pca955x 11-0060: leds-pca955x: Using pca9552 16-bit LED driver at slave address 0x60
Jul 25 16:10:32 witherspoon kernel[958]: [    4.800000] leds-pca955x 11-0060: gpios 264...279
Jul 25 16:10:32 witherspoon kernel[958]: [    4.800000] usbcore: registered new interface driver usbhid
Jul 25 16:10:32 witherspoon kernel[958]: [    4.810000] usbhid: USB HID core driver
Jul 25 16:10:32 witherspoon kernel[958]: [    4.860000] dps310: probe of 3-0076 failed with error -5
Jul 25 16:10:32 witherspoon kernel[958]: [    4.860000] NET: Registered protocol family 10
Jul 25 16:10:32 witherspoon kernel[958]: [    4.870000] Segment Routing with IPv6
Jul 25 16:10:32 witherspoon kernel[958]: [    4.870000] NET: Registered protocol family 17
Jul 25 16:10:32 witherspoon kernel[958]: [    4.870000] 8021q: 802.1Q VLAN Support v1.8
Jul 25 16:10:32 witherspoon kernel[958]: [    4.890000] console [netcon0] enabled
Jul 25 16:10:32 witherspoon kernel[958]: [    4.890000] netconsole: network logging started
Jul 25 16:10:32 witherspoon kernel[958]: [    4.890000] input: gpio-keys as /devices/platform/gpio-keys/input/input0
Jul 25 16:10:32 witherspoon kernel[958]: [    4.890000] rtc-rv8803 11-0032: setting system clock to 2017-07-25 16:10:03 UTC (1500999003)
Jul 25 16:10:32 witherspoon kernel[958]: [    4.890000] Freeing unused kernel memory: 284K
Jul 25 16:10:32 witherspoon kernel[958]: [    4.890000] This architecture does not have kernel memory protection.
Jul 25 16:10:32 witherspoon kernel[958]: [    6.560000] jffs2: notice: (526) jffs2_build_xattr_subsystem: complete building xattr subsystem, 0 of xdatum (0 unchecked, 0 orphan) and 0 of xref (0 dead, 0 orphan) found.
Jul 25 16:10:32 witherspoon kernel[958]: [    8.670000] systemd[1]: Failed to insert module 'autofs4': No such file or directory
Jul 25 16:10:32 witherspoon kernel[958]: [    8.870000] systemd[1]: systemd 232 running in system mode. (+PAM -AUDIT -SELINUX -IMA -APPARMOR -SMACK +SYSVINIT -UTMP -LIBCRYPTSETUP -GCRYPT -GNUTLS +ACL +XZ -LZ4 -SECCOMP +BLKID -ELFUTILS +KMOD -IDN)
Jul 25 16:10:32 witherspoon kernel[958]: [    8.870000] systemd[1]: Detected architecture arm.
Jul 25 16:10:32 witherspoon kernel[958]: [    8.990000] systemd[1]: Set hostname to <witherspoon>.
Jul 25 16:10:32 witherspoon kernel[958]: [   10.490000] systemd[1]: Started Forward Password Requests to Wall Directory Watch.
Jul 25 16:10:32 witherspoon kernel[958]: [   10.600000] systemd[1]: Listening on Syslog Socket.
Jul 25 16:10:32 witherspoon kernel[958]: [   10.640000] systemd[1]: Listening on /dev/initctl Compatibility Named Pipe.
Jul 25 16:10:32 witherspoon kernel[958]: [   10.690000] systemd[1]: Listening on Network Service Netlink Socket.
Jul 25 16:10:32 witherspoon kernel[958]: [   10.730000] systemd[1]: Reached target Swap.
Jul 25 16:10:32 witherspoon kernel[958]: [   10.780000] systemd[1]: Reached target Remote File Systems.
Jul 25 16:10:32 witherspoon kernel[958]: [   10.840000] systemd[1]: Listening on udev Kernel Socket.
Jul 25 16:10:32 witherspoon kernel[958]: [   13.880000] systemd[1]: Starting Apply Kernel Variables...
Jul 25 16:10:32 witherspoon kernel[958]: [   14.140000] systemd[1]: Created slice system-phosphor\x2dreset\x2dhost\x2dcheck.slice.
Jul 25 16:10:32 witherspoon kernel[958]: [   14.410000] systemd[1]: Created slice system-mapper\x2dwait.slice.
Jul 25 16:10:32 witherspoon kernel[958]: [   14.690000] systemd[1]: Created slice system-op\x2dreset\x2dchassis\x2don.slice.
Jul 25 16:10:32 witherspoon kernel[958]: [   14.980000] systemd[1]: Starting Journal Service...
Jul 25 16:10:32 witherspoon kernel[958]: [   15.280000] systemd[1]: Created slice system-org.openbmc.buttons.reset.slice.
Jul 25 16:10:32 witherspoon kernel[958]: [   15.590000] systemd[1]: Created slice system-phosphor\x2ddiscover\x2dsystem\x2dstate.slice.
Jul 25 16:10:35 witherspoon systemd[1]: Started OpenPower Software Update Manager.
Jul 25 16:10:32 witherspoon kernel[958]: [   15.910000] systemd[1]: Created slice system-op\x2dreset\x2dchassis\x2drunning.slice.
Jul 25 16:10:32 witherspoon kernel[958]: [   16.240000] systemd[1]: Created slice system-serial\x2dgetty.slice.
Jul 25 16:10:32 witherspoon kernel[958]: [   16.580000] systemd[1]: Created slice system-obmc\x2dconsole.slice.
Jul 25 16:10:32 witherspoon kernel[958]: [   20.090000] systemd-journald[656]: Received request to flush runtime journal from PID 1
Jul 25 16:10:35 witherspoon systemd[1]: Started Phosphor Log Manager.
Jul 25 16:10:35 witherspoon systemd[1]: Started Phosphor Inventory Manager.
Jul 25 16:10:35 witherspoon systemd[1]: Started Phosphor LED Group Management Daemon.
Jul 25 16:10:35 witherspoon systemd[1]: Starting Network Service...
Jul 25 16:10:35 witherspoon systemd[1]: Started Phosphor sysfs LED controller.
Jul 25 16:10:36 witherspoon systemd[1]: Started Phosphor Dump core monitor..
Jul 25 16:10:36 witherspoon systemd[1]: Starting Phosphor Inventory Manager...
Jul 25 16:10:36 witherspoon systemd[1]: Started Phosphor sysfs LED controller.
Jul 25 16:10:36 witherspoon systemd[1]: Started Phosphor sysfs LED controller.
Jul 25 16:10:36 witherspoon systemd[1]: Started Phosphor Hwmon Poller.
Jul 25 16:10:36 witherspoon systemd[1]: Starting Phosphor Sensor Manager...
Jul 25 16:10:36 witherspoon systemd[1]: Started Phosphor MBOX Daemon.
Jul 25 16:10:36 witherspoon systemd[1]: Starting Phosphor IPMI BT DBus Bridge...
Jul 25 16:10:36 witherspoon systemd[1]: Started System Logging Service.
Jul 25 16:10:36 witherspoon systemd[1]: Starting Avahi mDNS/DNS-SD Stack...
Jul 25 16:10:36 witherspoon systemd[1]: Starting Phosphor DBus Service Discovery Manager...
Jul 25 16:10:37 witherspoon systemd[1]: Starting Phosphor Chassis0 Control...
Jul 25 16:10:37 witherspoon systemd[1]: Starting Phosphor Download Manager...
Jul 25 16:10:37 witherspoon systemd[1]: Starting Phosphor Download Manager...
Jul 25 16:10:37 witherspoon systemd[1]: Starting Phosphor Settings Daemon...
Jul 25 16:10:37 witherspoon systemd[1]: Starting Phosphor User Manager...
Jul 25 16:10:37 witherspoon systemd[1]: Starting Phosphor BMC0 Control...
Jul 25 16:10:37 witherspoon systemd[1]: Starting OpenBMC Software Update Manager...
Jul 25 16:10:37 witherspoon systemd[1]: Started Phosphor sysfs LED controller.
Jul 25 16:10:38 witherspoon systemd[1]: Started Clear one time boot overrides.
Jul 25 16:10:38 witherspoon systemd[1]: Started OpenBMC Software Update Manager.
Jul 25 16:10:39 witherspoon systemd[1]: Started Phosphor IPMI BT DBus Bridge.
Jul 25 16:10:39 witherspoon systemd[1]: Starting Phosphor Version Software Manager...
Jul 25 16:10:39 witherspoon systemd[1]: Started Phosphor Settings Daemon.
Jul 25 16:10:39 witherspoon systemd[1]: Started Phosphor Download Manager.
Jul 25 16:10:39 witherspoon avahi-daemon[982]: Found user 'avahi' (UID 999) and group 'avahi' (GID 999).
Jul 25 16:10:39 witherspoon avahi-daemon[982]: Successfully dropped root privileges.
Jul 25 16:10:39 witherspoon avahi-daemon[982]: avahi-daemon 0.6.32 starting up.
Jul 25 16:10:40 witherspoon avahi-daemon[982]: Successfully called chroot().
Jul 25 16:10:40 witherspoon avahi-daemon[982]: Successfully dropped remaining capabilities.
Jul 25 16:10:40 witherspoon avahi-daemon[982]: Loading service file /services/obmc_console.service.
Jul 25 16:10:40 witherspoon avahi-daemon[982]: Loading service file /services/phosphor_rest.service.
Jul 25 16:10:40 witherspoon avahi-daemon[982]: Loading service file /services/sftp-ssh.service.
Jul 25 16:10:40 witherspoon avahi-daemon[982]: Loading service file /services/sftp.service.
Jul 25 16:10:40 witherspoon avahi-daemon[982]: Loading service file /services/ssh.service.
Jul 25 16:10:40 witherspoon systemd[1]: Started Avahi mDNS/DNS-SD Stack.
Jul 25 16:10:40 witherspoon avahi-daemon[982]: Network interface enumeration completed.
Jul 25 16:10:40 witherspoon systemd[1]: Started Phosphor Dump Manager.
Jul 25 16:10:40 witherspoon avahi-daemon[982]: Server startup complete. Host name is witherspoon.local. Local service cookie is 1515954984.
Jul 25 16:10:40 witherspoon avahi-daemon[982]: Service "witherspoon" (/services/ssh.service) successfully established.
Jul 25 16:10:40 witherspoon avahi-daemon[982]: Service "sftp" (/services/sftp.service) successfully established.
Jul 25 16:10:40 witherspoon avahi-daemon[982]: Service "witherspoon" (/services/sftp-ssh.service) successfully established.
Jul 25 16:10:40 witherspoon avahi-daemon[982]: Service "phosphor_rest" (/services/phosphor_rest.service) successfully established.
Jul 25 16:10:40 witherspoon avahi-daemon[982]: Service "obmc_console" (/services/obmc_console.service) successfully established.
Jul 25 16:10:41 witherspoon systemd[1]: Started Phosphor Version Software Manager.
Jul 25 16:10:41 witherspoon systemd[1]: Started Phosphor BMC0 Control.
Jul 25 16:10:42 witherspoon systemd-networkd[971]: Enumeration completed
Jul 25 16:10:42 witherspoon systemd[1]: Started Network Service.
Jul 25 16:10:42 witherspoon systemd[1]: Reached target Network.
Jul 25 16:10:42 witherspoon systemd[1]: Starting Permit User Sessions...
Jul 25 16:10:42 witherspoon systemd[1]: Started Lightweight SLP Server.
Jul 25 16:10:42 witherspoon systemd-networkd[971]: eth0: IPv6 enabled for interface: Success
Jul 25 16:10:42 witherspoon systemd-networkd[971]: eth0: Gained carrier
Jul 25 16:10:42 witherspoon systemd-timesyncd[923]: Network configuration changed, trying to establish connection.
Jul 25 16:10:42 witherspoon avahi-daemon[982]: Joining mDNS multicast group on interface eth0.IPv4 with address 9.3.86.161.
Jul 25 16:10:42 witherspoon avahi-daemon[982]: New relevant interface eth0.IPv4 for mDNS.
Jul 25 16:10:42 witherspoon avahi-daemon[982]: Registering new address record for 9.3.86.161 on eth0.IPv4.
Jul 25 16:10:42 witherspoon systemd[1]: Started Permit User Sessions.
Jul 25 16:10:42 witherspoon systemd[1]: Started Serial Getty on ttyS4.
Jul 25 16:10:42 witherspoon systemd[1]: Reached target Login Prompts.
Jul 25 16:10:43 witherspoon avahi-daemon[982]: Joining mDNS multicast group on interface eth0.IPv6 with address fe80::72e2:84ff:fe14:23e1.
Jul 25 16:10:42 witherspoon systemd[1]: Reached target Multi-User System.
Jul 25 16:10:43 witherspoon avahi-daemon[982]: New relevant interface eth0.IPv6 for mDNS.
Jul 25 16:10:43 witherspoon systemd-networkd[971]: eth0: Gained IPv6LL
Jul 25 16:10:43 witherspoon avahi-daemon[982]: Registering new address record for fe80::72e2:84ff:fe14:23e1 on eth0.*.
Jul 25 16:10:45 witherspoon kernel: ftgmac100 1e660000.ethernet eth0: NCSI interface up
Jul 25 16:10:45 witherspoon kernel[958]: [   47.070000] ftgmac100 1e660000.ethernet eth0: NCSI interface up
Jul 25 16:10:54 witherspoon systemd[1]: Created slice system-dropbear.slice.
Jul 25 16:10:54 witherspoon systemd[1]: Started SSH Per-Connection Server (9.41.165.94:41120).
Jul 25 16:10:56 witherspoon systemd-networkd[971]: eth0: Configured
Jul 25 16:10:56 witherspoon systemd-timesyncd[923]: Network configuration changed, trying to establish connection.
Jul 25 16:10:58 witherspoon dropbear[1007]: Failed loading /etc/dropbear/dropbear_dss_host_key
Jul 25 16:10:58 witherspoon dropbear[1007]: Failed loading /etc/dropbear/dropbear_ecdsa_host_key
Jul 25 16:10:58 witherspoon dropbear[1007]: Child connection from ::ffff:9.41.165.94:41120
Jul 25 16:10:59 witherspoon systemd[1]: Started Phosphor Chassis0 Control.
Jul 25 16:10:59 witherspoon chassis_control.py[984]: Running ChassisControlService
Jul 25 16:10:59 witherspoon systemd[1]: Started Phosphor Network Manager.
Jul 25 16:11:00 witherspoon netman.py[966]: Started
Jul 25 16:11:00 witherspoon download_manager.py[985]: Running Download Manager
Jul 25 16:11:00 witherspoon obmc-phosphor-userd[988]: Started
Jul 25 16:10:59 witherspoon systemd[1]: Started Phosphor User Manager.
Jul 25 16:11:00 witherspoon systemd[1]: Started Phosphor Download Manager.
Jul 25 16:11:00 witherspoon sensor_manager2.py[978]: Setting boot count to 3
Jul 25 16:11:00 witherspoon systemd[1]: Started Phosphor Sensor Manager.
Jul 25 16:11:00 witherspoon sensor_manager2.py[978]: Starting sensor manager
Jul 25 16:11:00 witherspoon phosphor-mapper[983]: ObjectMapper startup complete.  Discovery in progress...
Jul 25 16:11:01 witherspoon avahi-daemon[995]: ../../avahi-0.6.32/avahi-daemon/chroot.c: open() failed: No such file or directory
Jul 25 16:11:01 witherspoon avahi-daemon[982]: Failed to open /usr/share/dbus-1/interfaces/org.freedesktop.Avahi.Server.xml: Invalid argument
Jul 25 16:11:01 witherspoon avahi-daemon[982]: Failed to load introspection data.
Jul 25 16:11:01 witherspoon dropbear[1007]: PAM password auth succeeded for 'root' from ::ffff:9.41.165.94:41120
Jul 25 16:11:01 witherspoon dropbear[1008]: lastlog_perform_login: Couldn't stat /var/log/lastlog: No such file or directory
Jul 25 16:11:01 witherspoon dropbear[1008]: lastlog_openseek: /var/log/lastlog is not a file or directory!
Jul 25 16:11:04 witherspoon inventory_items.py[974]: Loading from cache: /var/cache/obmc/org.openbmc.inventory.system.chassis.motherboard.apss@org.openbmc.InventoryItem.props
Jul 25 16:11:04 witherspoon inventory_items.py[974]: Loading from cache: /var/cache/obmc/org.openbmc.inventory.system.chassis.motherboard@org.openbmc.InventoryItem.props
Jul 25 16:11:04 witherspoon inventory_items.py[974]: Loading from cache: /var/cache/obmc/org.openbmc.inventory.system.chassis.motherboard.refclock@org.openbmc.InventoryItem.props
Jul 25 16:11:04 witherspoon inventory_items.py[974]: Loading from cache: /var/cache/obmc/org.openbmc.inventory.system.chassis.motherboard.cpu1.core7@org.openbmc.InventoryItem.props
Jul 25 16:11:04 witherspoon inventory_items.py[974]: Loading from cache: /var/cache/obmc/org.openbmc.inventory.system.chassis.motherboard.cpu1.core4@org.openbmc.InventoryItem.props
Jul 25 16:11:04 witherspoon inventory_items.py[974]: Loading from cache: /var/cache/obmc/org.openbmc.inventory.system.chassis.motherboard.cpu1.core1@org.openbmc.InventoryItem.props
Jul 25 16:11:04 witherspoon inventory_items.py[974]: Loading from cache: /var/cache/obmc/org.openbmc.inventory.system.chassis.motherboard.cpu1.core10@org.openbmc.InventoryItem.props
Jul 25 16:11:04 witherspoon inventory_items.py[974]: Loading from cache: /var/cache/obmc/org.openbmc.inventory.system.chassis.motherboard.todclock@org.openbmc.InventoryItem.props
Jul 25 16:11:04 witherspoon inventory_items.py[974]: Loading from cache: /var/cache/obmc/org.openbmc.inventory.system.chassis.motherboard.cpu1@org.openbmc.InventoryItem.props
Jul 25 16:11:04 witherspoon inventory_items.py[974]: Loading from cache: /var/cache/obmc/org.openbmc.inventory.system.chassis.motherboard.bmc@org.openbmc.InventoryItem.props
Jul 25 16:11:04 witherspoon inventory_items.py[974]: Caching: /org/openbmc/inventory/system/chassis/motherboard/bmc
Jul 25 16:11:04 witherspoon inventory_items.py[974]: Loading from cache: /var/cache/obmc/org.openbmc.inventory.system.chassis.motherboard.cpu0.core1@org.openbmc.InventoryItem.props
Jul 25 16:11:04 witherspoon inventory_items.py[974]: Loading from cache: /var/cache/obmc/org.openbmc.inventory.system.chassis.motherboard.cpu0.core7@org.openbmc.InventoryItem.props
Jul 25 16:11:04 witherspoon inventory_items.py[974]: Loading from cache: /var/cache/obmc/org.openbmc.inventory.system.chassis.motherboard.cpu0.core4@org.openbmc.InventoryItem.props
Jul 25 16:11:04 witherspoon inventory_items.py[974]: Loading from cache: /var/cache/obmc/org.openbmc.inventory.system.chassis.motherboard.pcieclock@org.openbmc.InventoryItem.props
Jul 25 16:11:04 witherspoon inventory_items.py[974]: Loading from cache: /var/cache/obmc/org.openbmc.inventory.system.chassis.motherboard.cpu0.core10@org.openbmc.InventoryItem.props
Jul 25 16:11:05 witherspoon inventory_items.py[974]: Running Inventory Manager
Jul 25 16:11:04 witherspoon systemd[1]: Started Phosphor Inventory Manager.
Jul 25 16:11:14 witherspoon phosphor-mapper[983]: ObjectMapper discovery complete
Jul 25 16:11:14 witherspoon systemd[1]: Started Phosphor DBus Service Discovery Manager.
Jul 25 16:11:14 witherspoon systemd[1]: Reached target Phosphor Object Mapper.
Jul 25 16:11:14 witherspoon systemd[1]: Starting Wait for /xyz/openbmc_project/led/groups/bmc_booted...
Jul 25 16:11:14 witherspoon systemd[1]: Starting Wait for /org/openbmc/NetworkManager/Interface...
Jul 25 16:11:14 witherspoon systemd[1]: Starting Wait for /xyz/openbmc_project/led/groups...
Jul 25 16:11:14 witherspoon systemd[1]: Starting Wait for /xyz/openbmc_project/state/chassis0...
Jul 25 16:11:14 witherspoon systemd[1]: Starting Wait for /org/openbmc/control/power0...
Jul 25 16:11:14 witherspoon systemd[1]: Reached target Webserver (pre).
Jul 25 16:11:14 witherspoon systemd[1]: Started Phosphor Webserver.
Jul 25 16:11:14 witherspoon systemd[1]: Starting Phosphor Network Manager...
Jul 25 16:11:14 witherspoon systemd[1]: Starting Wait for /org/openbmc/managers/Download...
Jul 25 16:11:14 witherspoon systemd[1]: Starting Wait for /xyz/openbmc_project/inventory...
Jul 25 16:11:14 witherspoon systemd[1]: Starting Phosphor Settings Manager...
Jul 25 16:11:14 witherspoon systemd[1]: Starting Wait for /org/openbmc/control/flash/bios...
Jul 25 16:11:14 witherspoon systemd[1]: Started Phosphor DBus Monitor.
Jul 25 16:11:14 witherspoon systemd[1]: Starting Phoshpor System Manager...
Jul 25 16:11:14 witherspoon systemd[1]: Starting Wait for /org/openbmc/control/bmc0...
Jul 25 16:11:14 witherspoon systemd[1]: Starting Wait for /...
Jul 25 16:11:14 witherspoon systemd[1]: Starting Wait for /xyz/openbmc_project/state/host0...
Jul 25 16:11:14 witherspoon systemd[1]: Starting Wait for /org/openbmc/managers/System...
Jul 25 16:11:15 witherspoon systemd[1]: Starting Wait for /xyz/openbmc_project/control/host0...
Jul 25 16:11:19 witherspoon systemd[1]: Started Wait for /xyz/openbmc_project/led/groups/bmc_booted.
Jul 25 16:11:19 witherspoon systemd[1]: Starting Assert bmc_booted LED...
Jul 25 16:11:19 witherspoon systemd[1]: Started Wait for /org/openbmc/NetworkManager/Interface.
Jul 25 16:11:19 witherspoon systemd[1]: Started Phosphor DNS Settings Cache Manager.
Jul 25 16:11:19 witherspoon systemd[1]: Started Wait for /xyz/openbmc_project/led/groups.
Jul 25 16:11:20 witherspoon systemd[1]: Started FRU Fault monitor service.
Jul 25 16:11:20 witherspoon systemd[1]: Started Wait for /xyz/openbmc_project/inventory.
Jul 25 16:11:20 witherspoon systemd[1]: Started Wait for /org/openbmc/control/bmc0.
Jul 25 16:11:20 witherspoon systemd[1]: Started Wait for /.
Jul 25 16:11:20 witherspoon systemd[1]: Starting Read OpenPOWER-format VPD from EEPROM...
Jul 25 16:11:20 witherspoon systemd[1]: Started Phosphor Cooling Type.
Jul 25 16:11:20 witherspoon systemd[1]: Starting OpenPOWER OCC controller...
Jul 25 16:11:20 witherspoon systemd[1]: Started Wait for /org/openbmc/managers/Download.
Jul 25 16:11:20 witherspoon systemd[1]: Starting Phosphor BIOS Code Update...
Jul 25 16:11:20 witherspoon systemd[1]: Starting Phosphor BMC Code Update...
Jul 25 16:11:20 witherspoon systemd[1]: Started Assert bmc_booted LED.
Jul 25 16:11:21 witherspoon phosphor-network-manager[1020]: ConfigParser: Section not found
Jul 25 16:11:21 witherspoon phosphor-network-manager[1020]: The operation failed internally.
Jul 25 16:11:21 witherspoon phosphor-network-manager[1020]: ConfigParser: Section not found
Jul 25 16:11:21 witherspoon phosphor-network-manager[1020]: The operation failed internally.
Jul 25 16:11:21 witherspoon phosphor-network-manager[1020]: ConfigParser: Key not found
Jul 25 16:11:21 witherspoon phosphor-network-manager[1020]: The operation failed internally.
Jul 25 16:11:21 witherspoon systemd[1]: Started Phosphor BIOS Code Update.
Jul 25 16:11:22 witherspoon phosphor-log-manager[967]: Failed to find metadata
Jul 25 16:11:23 witherspoon systemd[1]: Started OpenPOWER OCC controller.
Jul 25 16:11:24 witherspoon systemd[1]: Started Read OpenPOWER-format VPD from EEPROM.
Jul 25 16:11:26 witherspoon system_manager.py[1026]: Running System State: BASE_APPS
Jul 25 16:11:26 witherspoon dbus[970]: [system] Activating via systemd: service name='org.freedesktop.hostname1' unit='dbus-org.freedesktop.hostname1.service'
Jul 25 16:11:26 witherspoon systemd[1]: Starting Hostname Service...
Jul 25 16:11:26 witherspoon system_manager.py[1026]: SystemManager Init Done
Jul 25 16:11:26 witherspoon system_manager.py[1026]: Running SystemManager
Jul 25 16:11:26 witherspoon systemd[1]: Started Phoshpor System Manager.
Jul 25 16:11:26 witherspoon systemd[1]: Started Wait for /org/openbmc/control/flash/bios.
Jul 25 16:11:26 witherspoon systemd[1]: Started Initialize BIOS Flash.
Jul 25 16:11:27 witherspoon systemd[1055]: systemd-hostnamed.service: Failed at step NETWORK spawning /lib/systemd/systemd-hostnamed: Invalid argument
Jul 25 16:11:27 witherspoon systemd[1]: systemd-hostnamed.service: Main process exited, code=exited, status=225/NETWORK
Jul 25 16:11:27 witherspoon systemd[1]: Failed to start Hostname Service.
Jul 25 16:11:27 witherspoon systemd[1]: systemd-hostnamed.service: Unit entered failed state.
Jul 25 16:11:27 witherspoon systemd[1]: systemd-hostnamed.service: Failed with result 'exit-code'.
Jul 25 16:11:27 witherspoon system_manager.py[1026]: SystemManager Goto System State: BMC_STARTING
Jul 25 16:11:27 witherspoon system_manager.py[1026]: Running System State: BMC_STARTING
Jul 25 16:11:29 witherspoon systemd[1]: Started Wait for /org/openbmc/managers/System.
Jul 25 16:11:29 witherspoon systemd[1]: Starting Phosphor Power Button0...
Jul 25 16:11:29 witherspoon systemd[1]: Starting Phosphor Chassis State Manager...
Jul 25 16:11:29 witherspoon systemd[1]: Starting Phosphor Power0 Control...
Jul 25 16:11:29 witherspoon systemd[1]: Starting Phosphor Reset Button0...
Jul 25 16:11:29 witherspoon systemd[1]: Starting Phosphor Host State Manager...
Jul 25 16:11:29 witherspoon systemd[1]: Starting Phosphor BMC State Manager...
Jul 25 16:11:30 witherspoon settings_manager.py[1023]: Running HostSettingsService
Jul 25 16:11:30 witherspoon systemd[1]: Started Phosphor Settings Manager.
Jul 25 16:11:30 witherspoon systemd[1]: Starting Wait for /org/openbmc/settings/host0...
Jul 25 16:11:31 witherspoon system_manager.py[1026]: New object: /org/openbmc/control/power0 (:1.71)
Jul 25 16:11:31 witherspoon flash_bios.exe[1045]: Starting flasher: bios,,/org/openbmc/control/flash/bios,
Jul 25 16:11:31 witherspoon flash_bios.exe[1045]: flasher: , BMC = 1, address = 0x0
Jul 25 16:11:31 witherspoon flash_bios.exe[1045]: Setting up flash
Jul 25 16:11:31 witherspoon phosphor-chassis-state-manager[1067]: Initial Chassis State will be Off
Jul 25 16:11:31 witherspoon systemd[1]: Started Phosphor Chassis State Manager.
Jul 25 16:11:31 witherspoon phosphor-host-state-manager[1070]: Initial Host State will be Off
Jul 25 16:11:31 witherspoon phosphor-bmc-state-manager[1071]: Setting the BMCState field
Jul 25 16:11:31 witherspoon phosphor-bmc-state-manager[1071]: Setting the BMCState field
Jul 25 16:11:31 witherspoon systemd[1]: Started Phosphor Host State Manager.
Jul 25 16:11:31 witherspoon systemd[1]: Started Phosphor BMC State Manager.
Jul 25 16:11:31 witherspoon system_manager.py[1026]: Power GPIO config: ['SYS_PWROK_BUFF', '', [('SOFTWARE_PGOOD', True), ('BMC_POWER_UP', True)], [('BMC_CP0_RESET_N', False)], [], 'FSI_DATA', 'FSI_CLK', 'FSI_ENABLE', 'CRONUS_SEL', []]
Jul 25 16:11:32 witherspoon flash_bios.exe[1045]: Starting flasher: bios,,/org/openbmc/control/flash/bios,
Jul 25 16:11:32 witherspoon flash_bios.exe[1045]: flasher: , BMC = 1, address = 0x0
Jul 25 16:11:32 witherspoon flash_bios.exe[1045]: Setting up flash
Jul 25 16:11:32 witherspoon button_reset.exe[1069]: GPIO Lookup:  RESET_BUTTON = 353,both
Jul 25 16:11:32 witherspoon button_power.exe[1066]: GPIO Lookup:  POWER_BUTTON = 347,both
Jul 25 16:11:32 witherspoon systemd[1]: Started Phosphor Reset Button0.
Jul 25 16:11:32 witherspoon systemd[1]: Started Phosphor Power Button0.
Jul 25 16:11:33 witherspoon power_control.exe[1068]: Power GPIO latch output:
Jul 25 16:11:33 witherspoon power_control.exe[1068]: Power GPIO power good input: SYS_PWROK_BUFF
Jul 25 16:11:33 witherspoon power_control.exe[1068]: Power GPIO 2 power_up outputs
Jul 25 16:11:33 witherspoon power_control.exe[1068]: Power GPIO power_up[0] = SOFTWARE_PGOOD active HIGH
Jul 25 16:11:33 witherspoon power_control.exe[1068]: Power GPIO power_up[1] = BMC_POWER_UP active HIGH
Jul 25 16:11:33 witherspoon power_control.exe[1068]: Power GPIO 1 reset outputs
Jul 25 16:11:33 witherspoon power_control.exe[1068]: Power GPIO reset[0] = BMC_CP0_RESET_N active LOW
Jul 25 16:11:33 witherspoon power_control.exe[1068]: Power GPIO 0 pci reset outputs
Jul 25 16:11:33 witherspoon power_control.exe[1068]: FSI DATA GPIO: FSI_DATA
Jul 25 16:11:33 witherspoon power_control.exe[1068]: FSI CLK GPIO: FSI_CLK
Jul 25 16:11:33 witherspoon power_control.exe[1068]: FSI ENABLE GPIO: FSI_ENABLE
Jul 25 16:11:33 witherspoon power_control.exe[1068]: CRONUS SEL GPIO: CRONUS_SEL
Jul 25 16:11:33 witherspoon power_control.exe[1068]: Hostctl GPIO optionals: 0
Jul 25 16:11:33 witherspoon bmc_update.py[1046]: Running Bmc Flash Control
Jul 25 16:11:33 witherspoon systemd[1]: Started Phosphor BMC Code Update.
Jul 25 16:11:33 witherspoon power_control.exe[1068]: GPIO Lookup:  SYS_PWROK_BUFF = 306,in
Jul 25 16:11:33 witherspoon power_control.exe[1068]: GPIO Lookup:  SOFTWARE_PGOOD = 417,out
Jul 25 16:11:33 witherspoon power_control.exe[1068]: GPIO Lookup:  BMC_POWER_UP = 305,out
Jul 25 16:11:33 witherspoon power_control.exe[1068]: GPIO Lookup:  BMC_CP0_RESET_N = 281,out
Jul 25 16:11:33 witherspoon power_control.exe[1068]: Pgood state: 0
Jul 25 16:11:33 witherspoon systemd[1]: Started Phosphor Power0 Control.
Jul 25 16:11:38 witherspoon systemd[1]: Started Wait for /org/openbmc/settings/host0.
Jul 25 16:11:38 witherspoon systemd[1]: Started Phosphor Inband IPMI.
Jul 25 16:11:39 witherspoon systemd[1]: Started Wait for /xyz/openbmc_project/state/host0.
Jul 25 16:11:39 witherspoon systemd[1]: Started Wait for /xyz/openbmc_project/state/chassis0.
Jul 25 16:11:39 witherspoon systemd[1]: Starting Reboot If Enabled...
Jul 25 16:11:40 witherspoon system_manager.py[1026]: SystemManager Goto System State: BMC_READY
Jul 25 16:11:40 witherspoon system_manager.py[1026]: Running System State: BMC_READY
Jul 25 16:11:40 witherspoon systemd[1]: Started Wait for /org/openbmc/control/power0.
Jul 25 16:11:40 witherspoon systemd[1]: Starting Phosphor Time Manager daemon...
Jul 25 16:11:41 witherspoon timemanager[1103]: Registering dbus methods
Jul 25 16:11:41 witherspoon systemd[1]: Starting Check Chassis0 pgood and create a file to indicate it...
Jul 25 16:11:41 witherspoon timemanager[1103]: Last known time_mode: NTP
Jul 25 16:11:41 witherspoon timemanager[1103]: Last known time_owner: BMC
Jul 25 16:11:41 witherspoon timemanager[1103]: Empty DhcpNtp string
Jul 25 16:11:41 witherspoon timemanager[1103]: Reading Power Control key: pgood
Jul 25 16:11:42 witherspoon timemanager[1103]: Changing settings *allowed* now
Jul 25 16:11:42 witherspoon timemanager[1103]: Getting System Settings: time_mode
Jul 25 16:11:42 witherspoon phosphor-discover-system-state[1101]: Host power is off, checking power policy
Jul 25 16:11:42 witherspoon systemd[1]: Started Reboot If Enabled.
Jul 25 16:11:42 witherspoon timemanager[1103]: Requested_Mode: NTP Current_Mode: NTP
Jul 25 16:11:42 witherspoon timemanager[1103]: Mode is already set to : NTP
Jul 25 16:11:42 witherspoon timemanager[1103]: Getting System Settings: time_owner
Jul 25 16:11:42 witherspoon systemd[1]: Started Check Chassis0 pgood and create a file to indicate it.
Jul 25 16:11:42 witherspoon systemd[1]: Reached target Chassis0 power on after reset.
Jul 25 16:11:42 witherspoon systemd[1]: Reached target Chassis0 (Reset Check).
Jul 25 16:11:43 witherspoon timemanager[1103]: Owner is already set to : BMC
Jul 25 16:11:43 witherspoon timemanager[1103]: Getting System Settings: use_dhcp_ntp
Jul 25 16:11:43 witherspoon timemanager[1103]: use_dhcp_ntp = yes
Jul 25 16:11:43 witherspoon timemanager[1103]: Last known host_offset:0
Jul 25 16:11:43 witherspoon timemanager[1103]: Initial Uptime Usec: 1500998998586393
Jul 25 16:11:43 witherspoon systemd[1]: Started Phosphor Time Manager daemon.
Jul 25 16:11:43 witherspoon systemd[1]: Started Wait for /xyz/openbmc_project/control/host0.
Jul 25 16:11:43 witherspoon systemd[1]: Reached target Host0 running after reset.
Jul 25 16:11:43 witherspoon systemd[1]: Reached target Host0 (Reset Check).
Jul 25 16:11:50 witherspoon phosphor-gevent[1019]: Traceback (most recent call last):
Jul 25 16:11:50 witherspoon phosphor-gevent[1019]:   File "/usr/lib/python2.7/site-packages/gevent/greenlet.py", line 327, in run
Jul 25 16:11:50 witherspoon phosphor-gevent[1019]:     result = self._run(*self.args, **self.kwargs)
Jul 25 16:11:50 witherspoon phosphor-gevent[1019]:   File "/usr/lib/python2.7/site-packages/gevent/server.py", line 102, in wrap_socket_and_handle
Jul 25 16:11:50 witherspoon phosphor-gevent[1019]:     ssl_socket = self.wrap_socket(client_socket, **self.ssl_args)
Jul 25 16:11:51 witherspoon phosphor-gevent[1019]:   File "/usr/lib/python2.7/site-packages/gevent/ssl.py", line 404, in wrap_socket
Jul 25 16:11:51 witherspoon phosphor-gevent[1019]:     ciphers=ciphers)
Jul 25 16:11:51 witherspoon phosphor-gevent[1019]:   File "/usr/lib/python2.7/site-packages/gevent/ssl.py", line 113, in __init__
Jul 25 16:11:51 witherspoon phosphor-gevent[1019]:     self.do_handshake()
Jul 25 16:11:51 witherspoon phosphor-gevent[1019]:   File "/usr/lib/python2.7/site-packages/gevent/ssl.py", line 324, in do_handshake
Jul 25 16:11:51 witherspoon phosphor-gevent[1019]:     return self._sslobj.do_handshake()
Jul 25 16:11:51 witherspoon phosphor-gevent[1019]: SSLEOFError: EOF occurred in violation of protocol (_ssl.c:590)
Jul 25 16:11:51 witherspoon phosphor-gevent[1019]: <Greenlet at 0x75ff63f0: <bound method WSGIServer.wrap_socket_and_handle of <WSGIServer at 0x75fccb50 fileno=5 address=('::3402:ee76:b0dd:6376%1986256288', 443, 0, 1986256288)>>(<socket at 0x75ea3830 fileno=9>, ('::80e9:6176:8e91:f402%1995238172', 54936, 0, 199)> failed with SSLEOFError
Jul 25 16:11:51 witherspoon phosphor-gevent[1019]: Traceback (most recent call last):
Jul 25 16:11:51 witherspoon phosphor-gevent[1019]:   File "/usr/lib/python2.7/site-packages/gevent/greenlet.py", line 327, in run
Jul 25 16:11:51 witherspoon phosphor-gevent[1019]:     result = self._run(*self.args, **self.kwargs)
Jul 25 16:11:51 witherspoon phosphor-gevent[1019]:   File "/usr/lib/python2.7/site-packages/gevent/server.py", line 102, in wrap_socket_and_handle
Jul 25 16:11:51 witherspoon phosphor-gevent[1019]:     ssl_socket = self.wrap_socket(client_socket, **self.ssl_args)
Jul 25 16:11:51 witherspoon phosphor-gevent[1019]:   File "/usr/lib/python2.7/site-packages/gevent/ssl.py", line 404, in wrap_socket
Jul 25 16:11:51 witherspoon phosphor-gevent[1019]:     ciphers=ciphers)
Jul 25 16:11:51 witherspoon phosphor-gevent[1019]:   File "/usr/lib/python2.7/site-packages/gevent/ssl.py", line 113, in __init__
Jul 25 16:11:51 witherspoon phosphor-gevent[1019]:     self.do_handshake()
Jul 25 16:11:51 witherspoon phosphor-gevent[1019]:   File "/usr/lib/python2.7/site-packages/gevent/ssl.py", line 324, in do_handshake
Jul 25 16:11:51 witherspoon phosphor-gevent[1019]:     return self._sslobj.do_handshake()
Jul 25 16:11:51 witherspoon phosphor-gevent[1019]: SSLEOFError: EOF occurred in violation of protocol (_ssl.c:590)
Jul 25 16:11:51 witherspoon phosphor-network-manager[1020]: Failed to get hostname
Jul 25 16:11:51 witherspoon phosphor-network-manager[1020]: The operation failed internally.
Jul 25 16:11:51 witherspoon phosphor-gevent[1019]: <Greenlet at 0x75ff66c0: <bound method WSGIServer.wrap_socket_and_handle of <WSGIServer at 0x75fccb50 fileno=5 address=('::3402:ee76:b0dd:6376%1986256288', 443, 0, 1986256288)>>(<socket at 0x75ea37d0 fileno=10>, ('::80e9:6176:8e91:f402%1995238172', 54950, 0, 199)> failed with SSLEOFError
Jul 25 16:11:51 witherspoon phosphor-log-manager[967]: Failed to find metadata
Jul 25 16:11:51 witherspoon phosphor-gevent[1019]: ::80e9:6176:8e91:f402%1995238172 - - [2017-07-25 16:11:51] "POST /login HTTP/1.1" 200 320 0.044473
Jul 25 16:11:51 witherspoon systemd[1]: Started Phosphor Network Manager.
Jul 25 16:11:51 witherspoon systemd[1]: Reached target Phosphor System - Standby.
Jul 25 16:11:51 witherspoon systemd[1]: Startup finished in 8.511s (kernel) + 1min 44.539s (userspace) = 1min 53.051s.
Jul 25 16:11:51 witherspoon phosphor-bmc-state-manager[1071]: BMC_READY
Jul 25 16:11:51 witherspoon phosphor-bmc-state-manager[1071]: Setting the BMCState field
Jul 25 16:11:51 witherspoon dbus[970]: [system] Failed to activate service 'org.freedesktop.hostname1': timed out
Jul 25 16:11:52 witherspoon phosphor-gevent[1019]: ::80e9:6176:8e91:f402%1995238172 - - [2017-07-25 16:11:52] "GET /xyz/openbmc_project/state/chassis0//attr/CurrentPowerState HTTP/1.1" 200 216 0.202253
Jul 25 16:11:52 witherspoon phosphor-gevent[1019]: ::80e9:6176:8e91:f402%1995238172 - - [2017-07-25 16:11:52] "POST /login HTTP/1.1" 200 320 0.032274
Jul 25 16:11:52 witherspoon phosphor-gevent[1019]: ::80e9:6176:8e91:f402%1995238172 - - [2017-07-25 16:11:52] "GET /xyz/openbmc_project/state/chassis0//attr/CurrentPowerState HTTP/1.1" 200 216 0.049405
Jul 25 16:11:52 witherspoon phosphor-gevent[1019]: ::80e9:6176:8e91:f402%1995238172 - - [2017-07-25 16:11:52] "POST /login HTTP/1.1" 200 320 0.032839
Jul 25 16:11:52 witherspoon phosphor-gevent[1019]: ::80e9:6176:8e91:f402%1995238172 - - [2017-07-25 16:11:52] "GET /org/openbmc/sensors/host/BootProgress/attr/value HTTP/1.1" 200 170 0.051698
Jul 25 16:11:52 witherspoon phosphor-gevent[1019]: ::80e9:6176:8e91:f402%1995238172 - - [2017-07-25 16:11:52] "POST /login HTTP/1.1" 200 320 0.032195
Jul 25 16:11:53 witherspoon phosphor-gevent[1019]: ::80e9:6176:8e91:f402%1995238172 - - [2017-07-25 16:11:53] "GET /xyz/openbmc_project/state/host0//attr/CurrentHostState HTTP/1.1" 200 212 0.050028
Jul 25 16:11:53 witherspoon phosphor-gevent[1019]: ::80e9:6176:8e91:f402%1995238172 - - [2017-07-25 16:11:53] "POST /login HTTP/1.1" 200 320 0.032786
Jul 25 16:11:53 witherspoon phosphor-gevent[1019]: ::80e9:6176:8e91:f402%1995238172 - - [2017-07-25 16:11:53] "GET /xyz/openbmc_project/logging/entry//list HTTP/1.1" 200 259 0.065459
Jul 25 16:11:53 witherspoon phosphor-gevent[1019]: ::80e9:6176:8e91:f402%1995238172 - - [2017-07-25 16:11:53] "POST /login HTTP/1.1" 200 320 0.032755
Jul 25 16:11:53 witherspoon phosphor-gevent[1019]: ::80e9:6176:8e91:f402%1995238172 - - [2017-07-25 16:11:53] "GET /xyz/openbmc_project/logging/entry//list HTTP/1.1" 200 259 0.040888
Jul 25 16:11:53 witherspoon phosphor-gevent[1019]: ::80e9:6176:8e91:f402%1995238172 - - [2017-07-25 16:11:53] "POST /login HTTP/1.1" 200 320 0.032854
Jul 25 16:11:53 witherspoon phosphor-gevent[1019]: ::80e9:6176:8e91:f402%1995238172 - - [2017-07-25 16:11:53] "DELETE /xyz/openbmc_project/logging/entry/1 HTTP/1.1" 200 169 0.074529
Jul 25 16:11:54 witherspoon phosphor-gevent[1019]: ::80e9:6176:8e91:f402%1995238172 - - [2017-07-25 16:11:54] "POST /login HTTP/1.1" 200 320 0.043529
Jul 25 16:11:54 witherspoon phosphor-gevent[1019]: ::80e9:6176:8e91:f402%1995238172 - - [2017-07-25 16:11:54] "DELETE /xyz/openbmc_project/logging/entry/2 HTTP/1.1" 200 169 0.061157
Jul 25 16:11:54 witherspoon systemd[1]: Started SSH Per-Connection Server (9.41.165.94:41172).
Jul 25 16:11:54 witherspoon dropbear[1121]: Failed loading /etc/dropbear/dropbear_dss_host_key
Jul 25 16:11:54 witherspoon dropbear[1121]: Failed loading /etc/dropbear/dropbear_ecdsa_host_key
Jul 25 16:11:54 witherspoon dropbear[1121]: Child connection from ::ffff:9.41.165.94:41172
Jul 25 16:11:54 witherspoon dropbear[1121]: PAM password auth succeeded for 'root' from ::ffff:9.41.165.94:41172
Jul 25 16:11:54 witherspoon dropbear[1122]: lastlog_perform_login: Couldn't stat /var/log/lastlog: No such file or directory
Jul 25 16:11:54 witherspoon dropbear[1122]: lastlog_openseek: /var/log/lastlog is not a file or directory!
Jul 25 16:11:56 witherspoon phosphor-gevent[1019]: ::80e9:6176:8e91:f402%1995238172 - - [2017-07-25 16:11:56] "POST /login HTTP/1.1" 200 320 0.033322
Jul 25 16:11:56 witherspoon phosphor-gevent[1019]: ::80e9:6176:8e91:f402%1995238172 - - [2017-07-25 16:11:56] "GET /xyz/openbmc_project/state/host0//attr/CurrentHostState HTTP/1.1" 200 212 0.049650
Jul 25 16:11:56 witherspoon dropbear[1007]: Exit (root): Exited normally
Jul 25 16:11:56 witherspoon dropbear[1121]: Exit (root): Exited normally
Jul 25 16:11:58 witherspoon systemd[1]: Started SSH Per-Connection Server (9.41.165.94:37018).
Jul 25 16:11:59 witherspoon dropbear[1133]: Failed loading /etc/dropbear/dropbear_dss_host_key
Jul 25 16:11:59 witherspoon dropbear[1133]: Failed loading /etc/dropbear/dropbear_ecdsa_host_key
Jul 25 16:11:59 witherspoon dropbear[1133]: Child connection from ::ffff:9.41.165.94:37018
Jul 25 16:11:59 witherspoon dropbear[1133]: PAM password auth succeeded for 'root' from ::ffff:9.41.165.94:37018
Jul 25 16:11:59 witherspoon dropbear[1134]: lastlog_perform_login: Couldn't stat /var/log/lastlog: No such file or directory
Jul 25 16:11:59 witherspoon dropbear[1134]: lastlog_openseek: /var/log/lastlog is not a file or directory!
Jul 25 16:12:00 witherspoon phosphor-gevent[1019]: ::80e9:6176:8e91:f402%1995238172 - - [2017-07-25 16:12:00] "POST /login HTTP/1.1" 200 320 0.032749
Jul 25 16:12:00 witherspoon phosphor-gevent[1019]: ::80e9:6176:8e91:f402%1995238172 - - [2017-07-25 16:12:00] "PUT /org/openbmc/settings/host0/attr/power_policy HTTP/1.1" 200 169 0.188681
Jul 25 16:12:00 witherspoon phosphor-gevent[1019]: ::80e9:6176:8e91:f402%1995238172 - - [2017-07-25 16:12:00] "POST /login HTTP/1.1" 200 320 0.032786
Jul 25 16:12:00 witherspoon phosphor-gevent[1019]: ::80e9:6176:8e91:f402%1995238172 - - [2017-07-25 16:12:00] "GET /org/openbmc/settings/host0/attr/power_policy HTTP/1.1" 200 185 0.087194
Jul 25 16:12:01 witherspoon phosphor-gevent[1019]: ::80e9:6176:8e91:f402%1995238172 - - [2017-07-25 16:12:01] "POST /login HTTP/1.1" 200 320 0.032377
Jul 25 16:12:01 witherspoon phosphor-gevent[1019]: ::80e9:6176:8e91:f402%1995238172 - - [2017-07-25 16:12:01] "GET /xyz/openbmc_project/state/chassis0//attr/CurrentPowerState HTTP/1.1" 200 216 0.051993
Jul 25 16:12:01 witherspoon phosphor-gevent[1019]: ::80e9:6176:8e91:f402%1995238172 - - [2017-07-25 16:12:01] "POST /login HTTP/1.1" 200 320 0.033411
Jul 25 16:12:01 witherspoon phosphor-gevent[1019]: ::80e9:6176:8e91:f402%1995238172 - - [2017-07-25 16:12:01] "GET /xyz/openbmc_project/state/bmc0//attr/CurrentBMCState HTTP/1.1" 200 212 0.054439
Jul 25 16:12:01 witherspoon phosphor-gevent[1019]: ::80e9:6176:8e91:f402%1995238172 - - [2017-07-25 16:12:01] "POST /login HTTP/1.1" 200 320 0.053058
Jul 25 16:12:01 witherspoon phosphor-gevent[1019]: ::80e9:6176:8e91:f402%1995238172 - - [2017-07-25 16:12:01] "GET /org/openbmc/sensors/host/BootProgress/attr/value HTTP/1.1" 200 170 0.080279
Jul 25 16:12:01 witherspoon phosphor-gevent[1019]: ::80e9:6176:8e91:f402%1995238172 - - [2017-07-25 16:12:01] "POST /login HTTP/1.1" 200 320 0.032635
Jul 25 16:12:01 witherspoon phosphor-gevent[1019]: ::80e9:6176:8e91:f402%1995238172 - - [2017-07-25 16:12:01] "GET /xyz/openbmc_project/state/host0//attr/CurrentHostState HTTP/1.1" 200 212 0.048935
Jul 25 16:12:02 witherspoon phosphor-gevent[1019]: ::80e9:6176:8e91:f402%1995238172 - - [2017-07-25 16:12:02] "POST /login HTTP/1.1" 200 320 0.033454
Jul 25 16:12:02 witherspoon phosphor-gevent[1019]: ::80e9:6176:8e91:f402%1995238172 - - [2017-07-25 16:12:02] "GET /xyz/openbmc_project/logging/entry//list HTTP/1.1" 404 311 0.030804
Jul 25 16:12:02 witherspoon dropbear[1140]: Failed loading /etc/dropbear/dropbear_dss_host_key
Jul 25 16:12:02 witherspoon dropbear[1140]: Failed loading /etc/dropbear/dropbear_ecdsa_host_key
Jul 25 16:12:02 witherspoon systemd[1]: Started SSH Per-Connection Server (9.41.165.94:37034).
Jul 25 16:12:02 witherspoon dropbear[1140]: Child connection from ::ffff:9.41.165.94:37034
Jul 25 16:12:02 witherspoon dropbear[1140]: PAM password auth succeeded for 'root' from ::ffff:9.41.165.94:37034
Jul 25 16:12:31 witherspoon phosphor-gevent[1019]: ::80e9:6176:8e91:f402%1995238172 - - [2017-07-25 16:12:31] "POST /login HTTP/1.1" 200 320 0.032717
Jul 25 16:12:31 witherspoon phosphor-gevent[1019]: ::80e9:6176:8e91:f402%1995238172 - - [2017-07-25 16:12:31] "POST /org/openbmc/control/flash/bios//action/update HTTP/1.1" 200 169 0.266172
Jul 25 16:12:31 witherspoon flash_bios.exe[1045]: Starting flasher: bios,/tmp/witherspoon_910_golden.pnor,/org/openbmc/control/flash/bios,
Jul 25 16:12:31 witherspoon flash_bios.exe[1045]: flasher: /tmp/witherspoon_910_golden.pnor, BMC = 1, address = 0x0
Jul 25 16:12:31 witherspoon flash_bios.exe[1045]: Setting up flash
Jul 25 16:12:32 witherspoon phosphor-gevent[1019]: ::80e9:6176:8e91:f402%1995238172 - - [2017-07-25 16:12:32] "POST /login HTTP/1.1" 200 320 0.033132
Jul 25 16:12:32 witherspoon phosphor-gevent[1019]: ::80e9:6176:8e91:f402%1995238172 - - [2017-07-25 16:12:32] "GET /org/openbmc/control/flash/bios HTTP/1.1" 200 397 0.189539
Jul 25 16:12:32 witherspoon phosphor-gevent[1019]: ::80e9:6176:8e91:f402%1995238172 - - [2017-07-25 16:12:32] "POST /login HTTP/1.1" 200 320 0.036566
Jul 25 16:12:32 witherspoon phosphor-gevent[1019]: ::80e9:6176:8e91:f402%1995238172 - - [2017-07-25 16:12:32] "GET /org/openbmc/control/flash/bios HTTP/1.1" 200 397 0.076783
Jul 25 16:12:43 witherspoon phosphor-gevent[1019]: ::80e9:6176:8e91:f402%1995238172 - - [2017-07-25 16:12:43] "POST /login HTTP/1.1" 200 320 0.032474
Jul 25 16:12:43 witherspoon phosphor-gevent[1019]: ::80e9:6176:8e91:f402%1995238172 - - [2017-07-25 16:12:43] "GET /org/openbmc/control/flash/bios HTTP/1.1" 200 397 0.239225
Jul 25 16:12:53 witherspoon phosphor-gevent[1019]: ::80e9:6176:8e91:f402%1995238172 - - [2017-07-25 16:12:53] "POST /login HTTP/1.1" 200 320 0.032888
Jul 25 16:12:54 witherspoon phosphor-gevent[1019]: ::80e9:6176:8e91:f402%1995238172 - - [2017-07-25 16:12:54] "GET /org/openbmc/control/flash/bios HTTP/1.1" 200 397 0.315016
Jul 25 16:13:04 witherspoon phosphor-gevent[1019]: ::80e9:6176:8e91:f402%1995238172 - - [2017-07-25 16:13:04] "POST /login HTTP/1.1" 200 320 0.032862
Jul 25 16:13:04 witherspoon phosphor-gevent[1019]: ::80e9:6176:8e91:f402%1995238172 - - [2017-07-25 16:13:04] "GET /org/openbmc/control/flash/bios HTTP/1.1" 200 397 0.069574
Jul 25 16:13:14 witherspoon phosphor-gevent[1019]: ::80e9:6176:8e91:f402%1995238172 - - [2017-07-25 16:13:14] "POST /login HTTP/1.1" 200 320 0.033259
Jul 25 16:13:15 witherspoon phosphor-gevent[1019]: ::80e9:6176:8e91:f402%1995238172 - - [2017-07-25 16:13:15] "GET /org/openbmc/control/flash/bios HTTP/1.1" 200 397 0.583721
Jul 25 16:13:26 witherspoon phosphor-gevent[1019]: ::80e9:6176:8e91:f402%1995238172 - - [2017-07-25 16:13:26] "POST /login HTTP/1.1" 200 320 0.032606
Jul 25 16:13:26 witherspoon phosphor-gevent[1019]: ::80e9:6176:8e91:f402%1995238172 - - [2017-07-25 16:13:26] "GET /org/openbmc/control/flash/bios HTTP/1.1" 200 397 0.067118
Jul 25 16:13:36 witherspoon phosphor-gevent[1019]: ::80e9:6176:8e91:f402%1995238172 - - [2017-07-25 16:13:36] "POST /login HTTP/1.1" 200 320 0.040832
Jul 25 16:13:36 witherspoon phosphor-gevent[1019]: ::80e9:6176:8e91:f402%1995238172 - - [2017-07-25 16:13:36] "GET /org/openbmc/control/flash/bios HTTP/1.1" 200 397 0.067761
Jul 25 16:13:46 witherspoon phosphor-gevent[1019]: ::80e9:6176:8e91:f402%1995238172 - - [2017-07-25 16:13:46] "POST /login HTTP/1.1" 200 320 0.032810
Jul 25 16:13:47 witherspoon phosphor-gevent[1019]: ::80e9:6176:8e91:f402%1995238172 - - [2017-07-25 16:13:47] "GET /org/openbmc/control/flash/bios HTTP/1.1" 200 397 0.863271
Jul 25 16:13:57 witherspoon phosphor-gevent[1019]: ::80e9:6176:8e91:f402%1995238172 - - [2017-07-25 16:13:57] "POST /login HTTP/1.1" 200 320 0.033139
Jul 25 16:13:57 witherspoon phosphor-gevent[1019]: ::80e9:6176:8e91:f402%1995238172 - - [2017-07-25 16:13:57] "GET /org/openbmc/control/flash/bios HTTP/1.1" 200 397 0.067498
Jul 25 16:14:08 witherspoon phosphor-gevent[1019]: ::80e9:6176:8e91:f402%1995238172 - - [2017-07-25 16:14:08] "POST /login HTTP/1.1" 200 320 0.033079
Jul 25 16:14:08 witherspoon phosphor-gevent[1019]: ::80e9:6176:8e91:f402%1995238172 - - [2017-07-25 16:14:08] "GET /org/openbmc/control/flash/bios HTTP/1.1" 200 397 0.067459
Jul 25 16:14:18 witherspoon phosphor-gevent[1019]: ::80e9:6176:8e91:f402%1995238172 - - [2017-07-25 16:14:18] "POST /login HTTP/1.1" 200 320 0.032540
Jul 25 16:14:18 witherspoon phosphor-gevent[1019]: ::80e9:6176:8e91:f402%1995238172 - - [2017-07-25 16:14:18] "GET /org/openbmc/control/flash/bios HTTP/1.1" 200 397 0.067638
Jul 25 16:14:28 witherspoon phosphor-gevent[1019]: ::80e9:6176:8e91:f402%1995238172 - - [2017-07-25 16:14:28] "POST /login HTTP/1.1" 200 320 0.033348
Jul 25 16:14:28 witherspoon phosphor-gevent[1019]: ::80e9:6176:8e91:f402%1995238172 - - [2017-07-25 16:14:28] "GET /org/openbmc/control/flash/bios HTTP/1.1" 200 397 0.067339
Jul 25 16:14:39 witherspoon phosphor-gevent[1019]: ::80e9:6176:8e91:f402%1995238172 - - [2017-07-25 16:14:39] "POST /login HTTP/1.1" 200 320 0.032539
Jul 25 16:14:39 witherspoon phosphor-gevent[1019]: ::80e9:6176:8e91:f402%1995238172 - - [2017-07-25 16:14:39] "GET /org/openbmc/control/flash/bios HTTP/1.1" 200 397 0.066889
Jul 25 16:14:49 witherspoon phosphor-gevent[1019]: ::80e9:6176:8e91:f402%1995238172 - - [2017-07-25 16:14:49] "POST /login HTTP/1.1" 200 320 0.032503
Jul 25 16:14:50 witherspoon phosphor-gevent[1019]: ::80e9:6176:8e91:f402%1995238172 - - [2017-07-25 16:14:50] "GET /org/openbmc/control/flash/bios HTTP/1.1" 200 397 0.081388
Jul 25 16:15:00 witherspoon phosphor-gevent[1019]: ::80e9:6176:8e91:f402%1995238172 - - [2017-07-25 16:15:00] "POST /login HTTP/1.1" 200 320 0.033966
Jul 25 16:15:00 witherspoon phosphor-gevent[1019]: ::80e9:6176:8e91:f402%1995238172 - - [2017-07-25 16:15:00] "GET /org/openbmc/control/flash/bios HTTP/1.1" 200 401 0.629397
Jul 25 16:15:11 witherspoon phosphor-gevent[1019]: ::80e9:6176:8e91:f402%1995238172 - - [2017-07-25 16:15:11] "POST /login HTTP/1.1" 200 320 0.032945
Jul 25 16:15:11 witherspoon phosphor-gevent[1019]: ::80e9:6176:8e91:f402%1995238172 - - [2017-07-25 16:15:11] "GET /org/openbmc/control/flash/bios HTTP/1.1" 200 402 0.067420
Jul 25 16:15:22 witherspoon phosphor-gevent[1019]: ::80e9:6176:8e91:f402%1995238172 - - [2017-07-25 16:15:22] "POST /login HTTP/1.1" 200 320 0.033060
Jul 25 16:15:22 witherspoon phosphor-gevent[1019]: ::80e9:6176:8e91:f402%1995238172 - - [2017-07-25 16:15:22] "GET /org/openbmc/control/flash/bios HTTP/1.1" 200 402 0.067127
Jul 25 16:15:33 witherspoon phosphor-gevent[1019]: ::80e9:6176:8e91:f402%1995238172 - - [2017-07-25 16:15:33] "POST /login HTTP/1.1" 200 320 0.045208
Jul 25 16:15:33 witherspoon phosphor-gevent[1019]: ::80e9:6176:8e91:f402%1995238172 - - [2017-07-25 16:15:33] "GET /org/openbmc/control/flash/bios HTTP/1.1" 200 402 0.066889
Jul 25 16:15:43 witherspoon phosphor-gevent[1019]: ::80e9:6176:8e91:f402%1995238172 - - [2017-07-25 16:15:43] "POST /login HTTP/1.1" 200 320 0.032831
Jul 25 16:15:43 witherspoon phosphor-gevent[1019]: ::80e9:6176:8e91:f402%1995238172 - - [2017-07-25 16:15:43] "GET /org/openbmc/control/flash/bios HTTP/1.1" 200 401 0.067173
Jul 25 16:15:53 witherspoon phosphor-gevent[1019]: ::80e9:6176:8e91:f402%1995238172 - - [2017-07-25 16:15:53] "POST /login HTTP/1.1" 200 320 0.033171
Jul 25 16:15:53 witherspoon phosphor-gevent[1019]: ::80e9:6176:8e91:f402%1995238172 - - [2017-07-25 16:15:53] "GET /org/openbmc/control/flash/bios HTTP/1.1" 200 402 0.075240
Jul 25 16:15:54 witherspoon flash_bios.exe[1045]: Erasing... (may take a while !) done !
Jul 25 16:15:54 witherspoon flash_bios.exe[1045]: About to program "/tmp/witherspoon_910_golden.pnor" at 0x00000000..0x04000000 !
Jul 25 16:15:54 witherspoon flash_bios.exe[1045]: Programming & Verifying...
Jul 25 16:15:54 witherspoon flash_bios.exe[1045]: Flash done
Jul 25 16:16:03 witherspoon phosphor-gevent[1019]: ::80e9:6176:8e91:f402%1995238172 - - [2017-07-25 16:16:03] "POST /login HTTP/1.1" 200 320 0.033435
Jul 25 16:16:04 witherspoon phosphor-gevent[1019]: ::80e9:6176:8e91:f402%1995238172 - - [2017-07-25 16:16:04] "GET /org/openbmc/control/flash/bios HTTP/1.1" 200 399 0.068459
Jul 25 16:16:04 witherspoon systemd[1]: Started SSH Per-Connection Server (9.41.165.94:37214).
Jul 25 16:16:04 witherspoon dropbear[1146]: Failed loading /etc/dropbear/dropbear_dss_host_key
Jul 25 16:16:04 witherspoon dropbear[1146]: Failed loading /etc/dropbear/dropbear_ecdsa_host_key
Jul 25 16:16:04 witherspoon dropbear[1146]: Child connection from ::ffff:9.41.165.94:37214
Jul 25 16:16:04 witherspoon dropbear[1146]: PAM password auth succeeded for 'root' from ::ffff:9.41.165.94:37214
Jul 25 16:16:04 witherspoon dropbear[1147]: lastlog_perform_login: Couldn't stat /var/log/lastlog: No such file or directory
Jul 25 16:16:04 witherspoon dropbear[1147]: lastlog_openseek: /var/log/lastlog is not a file or directory!
Jul 25 16:16:06 witherspoon phosphor-gevent[1019]: ::80e9:6176:8e91:f402%1995238172 - - [2017-07-25 16:16:06] "POST /login HTTP/1.1" 200 320 0.033237
Jul 25 16:16:06 witherspoon phosphor-gevent[1019]: ::80e9:6176:8e91:f402%1995238172 - - [2017-07-25 16:16:06] "GET /xyz/openbmc_project/state/host0//attr/CurrentHostState HTTP/1.1" 200 212 0.051970
Jul 25 16:16:06 witherspoon systemd[1]: Created slice system-obmc\x2dconsole\x2dssh.slice.
Jul 25 16:16:06 witherspoon systemd[1]: Started Phosphor Host Console SSH Per-Connection (9.41.165.94:53752).
Jul 25 16:16:06 witherspoon dropbear[1151]: Failed loading /etc/dropbear/dropbear_dss_host_key
Jul 25 16:16:06 witherspoon dropbear[1151]: Failed loading /etc/dropbear/dropbear_ecdsa_host_key
Jul 25 16:16:06 witherspoon dropbear[1151]: Child connection from ::ffff:9.41.165.94:53752
Jul 25 16:16:06 witherspoon phosphor-gevent[1019]: ::80e9:6176:8e91:f402%1995238172 - - [2017-07-25 16:16:06] "POST /login HTTP/1.1" 200 320 0.033039
Jul 25 16:16:07 witherspoon dropbear[1151]: PAM password auth succeeded for 'root' from ::ffff:9.41.165.94:53752
Jul 25 16:16:07 witherspoon dropbear[1152]: lastlog_perform_login: Couldn't stat /var/log/lastlog: No such file or directory
Jul 25 16:16:07 witherspoon dropbear[1152]: lastlog_openseek: /var/log/lastlog is not a file or directory!
Jul 25 16:16:07 witherspoon phosphor-gevent[1019]: ::80e9:6176:8e91:f402%1995238172 - - [2017-07-25 16:16:07] "PUT /org/openbmc/settings/host0/attr/power_policy HTTP/1.1" 200 169 0.353052
Jul 25 16:16:07 witherspoon phosphor-gevent[1019]: ::80e9:6176:8e91:f402%1995238172 - - [2017-07-25 16:16:07] "POST /login HTTP/1.1" 200 320 0.033109
Jul 25 16:16:07 witherspoon phosphor-gevent[1019]: ::80e9:6176:8e91:f402%1995238172 - - [2017-07-25 16:16:07] "GET /org/openbmc/settings/host0/attr/power_policy HTTP/1.1" 200 185 0.069882
Jul 25 16:16:07 witherspoon phosphor-gevent[1019]: ::80e9:6176:8e91:f402%1995238172 - - [2017-07-25 16:16:07] "POST /login HTTP/1.1" 200 320 0.033129
Jul 25 16:16:07 witherspoon phosphor-gevent[1019]: ::80e9:6176:8e91:f402%1995238172 - - [2017-07-25 16:16:07] "GET /xyz/openbmc_project/state/chassis0//attr/CurrentPowerState HTTP/1.1" 200 216 0.048973
Jul 25 16:16:08 witherspoon phosphor-gevent[1019]: ::80e9:6176:8e91:f402%1995238172 - - [2017-07-25 16:16:08] "POST /login HTTP/1.1" 200 320 0.032785
Jul 25 16:16:08 witherspoon phosphor-gevent[1019]: ::80e9:6176:8e91:f402%1995238172 - - [2017-07-25 16:16:08] "GET /xyz/openbmc_project/state/bmc0//attr/CurrentBMCState HTTP/1.1" 200 212 0.049617
Jul 25 16:16:08 witherspoon phosphor-gevent[1019]: ::80e9:6176:8e91:f402%1995238172 - - [2017-07-25 16:16:08] "POST /login HTTP/1.1" 200 320 0.034253
Jul 25 16:16:08 witherspoon phosphor-gevent[1019]: ::80e9:6176:8e91:f402%1995238172 - - [2017-07-25 16:16:08] "GET /org/openbmc/sensors/host/BootProgress/attr/value HTTP/1.1" 200 170 0.051877
Jul 25 16:16:08 witherspoon phosphor-gevent[1019]: ::80e9:6176:8e91:f402%1995238172 - - [2017-07-25 16:16:08] "POST /login HTTP/1.1" 200 320 0.033255
Jul 25 16:16:08 witherspoon phosphor-gevent[1019]: ::80e9:6176:8e91:f402%1995238172 - - [2017-07-25 16:16:08] "GET /xyz/openbmc_project/state/host0//attr/CurrentHostState HTTP/1.1" 200 212 0.094621
Jul 25 16:16:08 witherspoon phosphor-gevent[1019]: ::80e9:6176:8e91:f402%1995238172 - - [2017-07-25 16:16:08] "POST /login HTTP/1.1" 200 320 0.033557
Jul 25 16:16:09 witherspoon phosphor-host-state-manager[1070]: Host State transaction request
Jul 25 16:16:09 witherspoon phosphor-gevent[1019]: ::80e9:6176:8e91:f402%1995238172 - - [2017-07-25 16:16:09] "PUT /xyz/openbmc_project/state/host0//attr/RequestedHostTransition HTTP/1.1" 200 169 0.181848
Jul 25 16:16:09 witherspoon systemd[1]: Created slice system-phosphor\x2dgpio\x2dmonitor.slice.
Jul 25 16:16:09 witherspoon systemd[1]: Started Phosphor GPIO checkstop monitor.
Jul 25 16:16:09 witherspoon systemd[1]: Created slice system-cfam_override.slice.
Jul 25 16:16:09 witherspoon systemd[1]: Created slice system-ucd_disable_vcs.slice.
Jul 25 16:16:09 witherspoon systemd[1]: Created slice system-phosphor\x2dfan\x2dpresence\x2dtach.slice.
Jul 25 16:16:09 witherspoon systemd[1]: Reached target Powerwitherspoon-fan-watchdog (On).
Jul 25 16:16:09 witherspoon systemd[1]: Created slice system-phosphor\x2dfan\x2dcontrol\x2dinit.slice.
Jul 25 16:16:09 witherspoon systemd[1]: Started Witherspoon Fan Watchdog Daemon.
Jul 25 16:16:09 witherspoon systemd[1]: Started Phosphor Fan Control Initialization.
Jul 25 16:16:09 witherspoon systemd[1]: Created slice system-vcs_off.slice.
Jul 25 16:16:09 witherspoon systemd[1]: Created slice system-obmc\x2denable\x2dhost\x2dwatchdog.slice.
Jul 25 16:16:09 witherspoon systemd[1]: Created slice system-pcie\x2dslot\x2ddetect.slice.
Jul 25 16:16:09 witherspoon systemd[1]: Created slice system-op\x2dwait\x2dpower\x2don.slice.
Jul 25 16:16:09 witherspoon systemd[1]: Created slice system-avsbus\x2dworkaround.slice.
Jul 25 16:16:09 witherspoon systemd[1]: Starting Wait for /org/openbmc/control/chassis0...
Jul 25 16:16:09 witherspoon systemd[1]: Created slice system-ir35221\x2don\x2dbind.slice.
Jul 25 16:16:09 witherspoon systemd[1]: Created slice system-avsbus\x2ddisable.slice.
Jul 25 16:16:09 witherspoon systemd[1]: Created slice system-phosphor\x2dwatchdog.slice.
Jul 25 16:16:09 witherspoon systemd[1]: Started Phosphor poweron watchdog.
Jul 25 16:16:09 witherspoon systemd[1]: Created slice system-start_host.slice.
Jul 25 16:16:09 witherspoon systemd[1]: Starting Wait for /xyz/openbmc_project/watchdog/host0...
Jul 25 16:16:09 witherspoon systemd[1]: Reached target Start Host checkstop monitor.
Jul 25 16:16:09 witherspoon systemd[1]: Created slice system-op\x2dpower\x2dstart.slice.
Jul 25 16:16:09 witherspoon systemd[1]: Created slice system-vcs_on.slice.
Jul 25 16:16:09 witherspoon systemd[1]: Starting Wait for /xyz/openbmc_project/led/groups/power_on...
Jul 25 16:16:09 witherspoon systemd[1]: Created slice system-vrm\x2dcontrol.slice.
Jul 25 16:16:09 witherspoon systemd[1]: Starting Disable UCD VCS rails...
Jul 25 16:16:09 witherspoon systemd[1]: Created slice system-mapper\x2dsubtree\x2dremove.slice.
Jul 25 16:16:09 witherspoon systemd[1]: Starting mapper subtree-remove /xyz/openbmc_project/software:xyz.openbmc_project.Software.ActivationBlocksTransition...
Jul 25 16:16:09 witherspoon systemd[1]: Created slice system-fsi\x2dscan.slice.
Jul 25 16:16:09 witherspoon systemd[1]: Starting Wait for Power0 to turn on...
Jul 25 16:16:09 witherspoon systemd[1]: Created slice system-vcs_workaround.slice.
Jul 25 16:16:09 witherspoon systemd[1]: Created slice system-avsbus\x2denable.slice.
Jul 25 16:16:09 witherspoon systemd[1]: Created slice system-fsi\x2dbind.slice.
Jul 25 16:16:09 witherspoon systemd[1]: Created slice system-ir35221\x2don\x2dunbind.slice.
Jul 25 16:16:09 witherspoon systemd[1]: Starting power on mode unbind ir35221 device driver devs...
Jul 25 16:16:09 witherspoon systemd[1]: Starting Witherspoon Fan Watchdog Reset...
Jul 25 16:16:10 witherspoon systemd[1]: Started power on mode unbind ir35221 device driver devs.
Jul 25 16:16:10 witherspoon systemd[1]: xyz.openbmc_project.Hwmon@ahb-apb-i2c\x401e78a000-i2c\x2dbus\x40140-ir35221\x4070.service: Unit not needed anymore. Stopping.
Jul 25 16:16:10 witherspoon systemd[1]: xyz.openbmc_project.Hwmon@ahb-apb-i2c\x401e78a000-i2c\x2dbus\x40140-ir35221\x4071.service: Unit not needed anymore. Stopping.
Jul 25 16:16:10 witherspoon systemd[1]: xyz.openbmc_project.Hwmon@ahb-apb-i2c\x401e78a000-i2c\x2dbus\x40180-ir35221\x4070.service: Unit not needed anymore. Stopping.
Jul 25 16:16:10 witherspoon systemd[1]: xyz.openbmc_project.Hwmon@ahb-apb-i2c\x401e78a000-i2c\x2dbus\x40180-ir35221\x4071.service: Unit not needed anymore. Stopping.
Jul 25 16:16:10 witherspoon systemd[1]: Stopping Phosphor Hwmon Poller...
Jul 25 16:16:11 witherspoon phosphor-gevent[1019]: ::80e9:6176:8e91:f402%1995238172 - - [2017-07-25 16:16:11] "POST /login HTTP/1.1" 200 320 0.698762
Jul 25 16:16:10 witherspoon systemd[1]: Stopping Phosphor Hwmon Poller...
Jul 25 16:16:10 witherspoon systemd[1]: Stopping Phosphor Hwmon Poller...
Jul 25 16:16:10 witherspoon systemd[1]: Stopping Phosphor Hwmon Poller...
Jul 25 16:16:10 witherspoon systemd[1]: Stopped Phosphor Hwmon Poller.
Jul 25 16:16:10 witherspoon systemd[1]: Stopped Phosphor Hwmon Poller.
Jul 25 16:16:10 witherspoon systemd[1]: Stopped Phosphor Hwmon Poller.
Jul 25 16:16:10 witherspoon systemd[1]: Stopped Phosphor Hwmon Poller.
Jul 25 16:16:10 witherspoon systemd[1]: Started Witherspoon Fan Watchdog Reset.
Jul 25 16:16:12 witherspoon kernel: ucd9000 11-0064: Device ID UCD90160|2.3.4.0000|110603
Jul 25 16:16:12 witherspoon kernel[958]: [  373.570000] ucd9000 11-0064: Device ID UCD90160|2.3.4.0000|110603
Jul 25 16:16:12 witherspoon systemd[1]: Started Disable UCD VCS rails.
Jul 25 16:16:12 witherspoon systemd[1]: Starting Perform AVS bus workaround on VRMs...
Jul 25 16:16:13 witherspoon systemd[1]: Started Perform AVS bus workaround on VRMs.
Jul 25 16:16:13 witherspoon systemd[1]: Starting Disable the AVS bus on the VRMs...
Jul 25 16:16:13 witherspoon systemd[1]: Started Disable the AVS bus on the VRMs.
Jul 25 16:16:13 witherspoon systemd[1]: Starting Apply voltage overrides to VRMs...
Jul 25 16:16:13 witherspoon vrm-control.sh[1221]: rail        set        read        current
Jul 25 16:16:13 witherspoon vrm-control.sh[1221]: -------        ------- ------- -------
Jul 25 16:16:14 witherspoon vrm-control.sh[1221]: vdna        0.898V        0.004V        0.000A
Jul 25 16:16:14 witherspoon vrm-control.sh[1221]: vdnb        0.898V        0.004V        0.000A
Jul 25 16:16:15 witherspoon systemd[1]: Started Apply voltage overrides to VRMs.
Jul 25 16:16:15 witherspoon systemd[1]: Starting Enable the AVS bus on VRMs...
Jul 25 16:16:15 witherspoon systemd[1]: Started Enable the AVS bus on VRMs.
Jul 25 16:16:15 witherspoon systemd[1]: Starting Disable VCS before Witherspoon power on...
Jul 25 16:16:16 witherspoon systemd[1]: Started Disable VCS before Witherspoon power on.
Jul 25 16:16:16 witherspoon systemd[1]: Reached target Power0 On (Pre).
Jul 25 16:16:16 witherspoon systemd[1]: Starting Start Power0...
Jul 25 16:16:17 witherspoon phosphor-gevent[1019]: ::80e9:6176:8e91:f402%1995238172 - - [2017-07-25 16:16:17] "GET /xyz/openbmc_project/state/chassis0//attr/CurrentPowerState HTTP/1.1" 200 216 6.190951
Jul 25 16:16:17 witherspoon systemd[1]: Started mapper subtree-remove /xyz/openbmc_project/software:xyz.openbmc_project.Software.ActivationBlocksTransition.
Jul 25 16:16:17 witherspoon phosphor-gevent[1019]: ::80e9:6176:8e91:f402%1995238172 - - [2017-07-25 16:16:17] "POST /login HTTP/1.1" 200 320 0.361213
Jul 25 16:16:17 witherspoon systemd[1]: Started Wait for /org/openbmc/control/chassis0.
Jul 25 16:16:17 witherspoon systemd[1]: Started Wait for /xyz/openbmc_project/led/groups/power_on.
Jul 25 16:16:17 witherspoon systemd[1]: Starting Assert power_on LED...
Jul 25 16:16:18 witherspoon power_control.exe[1068]: PowerControl: setting power up SOFTWARE_PGOOD to 1
Jul 25 16:16:18 witherspoon power_control.exe[1068]: PowerControl: setting power up BMC_POWER_UP to 1
Jul 25 16:16:18 witherspoon systemd[1]: Started Start Power0.
Jul 25 16:16:18 witherspoon timemanager[1103]:  PGOOD has changed..
Jul 25 16:16:18 witherspoon system_manager.py[1026]: Running System State: HOST_POWERING_ON
Jul 25 16:16:18 witherspoon phosphor-gevent[1019]: ::80e9:6176:8e91:f402%1995238172 - - [2017-07-25 16:16:18] "GET /xyz/openbmc_project/state/bmc0//attr/CurrentBMCState HTTP/1.1" 200 212 0.888096
Jul 25 16:16:19 witherspoon phosphor-gevent[1019]: ::80e9:6176:8e91:f402%1995238172 - - [2017-07-25 16:16:19] "POST /login HTTP/1.1" 200 320 0.176919
Jul 25 16:16:19 witherspoon phosphor-ledmanager[960]: Asserting LEDs
Jul 25 16:16:19 witherspoon phosphor-ledmanager[960]: No service providers for physical LED
Jul 25 16:16:19 witherspoon systemd[1]: Started Assert power_on LED.
Jul 25 16:16:19 witherspoon phosphor-gevent[1019]: ::80e9:6176:8e91:f402%1995238172 - - [2017-07-25 16:16:19] "GET /org/openbmc/sensors/host/BootProgress/attr/value HTTP/1.1" 200 170 0.196747
Jul 25 16:16:19 witherspoon phosphor-gevent[1019]: ::80e9:6176:8e91:f402%1995238172 - - [2017-07-25 16:16:19] "POST /login HTTP/1.1" 200 320 0.032605
Jul 25 16:16:19 witherspoon phosphor-gevent[1019]: ::80e9:6176:8e91:f402%1995238172 - - [2017-07-25 16:16:19] "GET /xyz/openbmc_project/state/host0//attr/CurrentHostState HTTP/1.1" 200 212 0.100047
Jul 25 16:16:19 witherspoon systemd[1]: Started Wait for /xyz/openbmc_project/watchdog/host0.
Jul 25 16:16:21 witherspoon power_control.exe[1068]: PowerControl: pgood: 1, setting reset BMC_CP0_RESET_N to 1
Jul 25 16:16:21 witherspoon systemd[1]: Started Wait for Power0 to turn on.
Jul 25 16:16:21 witherspoon timemanager[1103]:  PGOOD has changed..
Jul 25 16:16:21 witherspoon timemanager[1103]: Changing time settings is *deferred* now
Jul 25 16:16:21 witherspoon systemd[1]: Reached target Power0 On.
Jul 25 16:16:21 witherspoon systemd[1]: Reached target Power0 (On).
Jul 25 16:16:21 witherspoon systemd[1]: Started Phosphor Fan Control Initialization.
Jul 25 16:16:21 witherspoon system_manager.py[1026]: Running System State: HOST_POWERED_ON
Jul 25 16:16:22 witherspoon timemanager[1103]:  User Settings have changed..
Jul 25 16:16:21 witherspoon systemd[1]: Starting PCIE Slot Presence Detection For Chassis0...
Jul 25 16:16:21 witherspoon systemd[1]: Started Phosphor Fan Presence Tach Daemon.
Jul 25 16:16:21 witherspoon systemd[1]: Starting Scan FSI devices...
Jul 25 16:16:22 witherspoon kernel:  fsi0: fsi: found chip c0020d1e at 00:00:00
Jul 25 16:16:22 witherspoon kernel:  slave@00:00: engine[2]: type 4, version 6, addr c00 size 400
Jul 25 16:16:22 witherspoon kernel:  slave@00:00: engine[3]: type 5, version 7, addr 1000 size 400
Jul 25 16:16:22 witherspoon kernel[958]: [  383.400000]  fsi0: fsi: found chip c0020d1e at 00:00:00
Jul 25 16:16:22 witherspoon kernel[958]: [  383.400000]  slave@00:00: engine[2]: type 4, version 6, addr c00 size 400
Jul 25 16:16:22 witherspoon kernel[958]: [  383.400000]  slave@00:00: engine[3]: type 5, version 7, addr 1000 size 400
Jul 25 16:16:22 witherspoon kernel:  slave@00:00: engine[4]: type 6, version 1, addr 1400 size 400
Jul 25 16:16:22 witherspoon kernel:  slave@00:00: engine[5]: type 7, version 3, addr 1800 size 400
Jul 25 16:16:22 witherspoon kernel[958]: [  383.570000]  slave@00:00: engine[4]: type 6, version 1, addr 1400 size 400
Jul 25 16:16:22 witherspoon kernel[958]: [  383.750000]  slave@00:00: engine[5]: type 7, version 3, addr 1800 size 400
Jul 25 16:16:22 witherspoon kernel:  slave@00:00: engine[8]: type 22, version 1, addr 2400 size 400
Jul 25 16:16:22 witherspoon kernel: sbefifo 00:00:00:06: Found sbefifo device
Jul 25 16:16:22 witherspoon kernel: occ-hwmon occ1-dev0: failed to get OCC poll response: -19
Jul 25 16:16:22 witherspoon kernel:  slave@00:00: engine[9]: type 20, version 2, addr 2800 size 800
Jul 25 16:16:22 witherspoon kernel:  slave@00:00: engine[11]: type 1a, version 1, addr 3000 size 400
Jul 25 16:16:22 witherspoon kernel:  slave@00:00: engine[12]: type 1c, version 1, addr 3400 size 400
Jul 25 16:16:22 witherspoon kernel: fsi-master-hub 00:00:00:0a: hub version 92010800 (8 links)
