-- Logs begin at Wed 2017-08-02 14:04:53 UTC, end at Wed 2017-08-02 14:26:30 UTC. --
Aug 02 14:04:53 witherspoon kernel: Booting Linux on physical CPU 0x0
Aug 02 14:04:53 witherspoon kernel: Linux version 4.10.17-03afe5775baf06c3037d62cc2a15628079af38c9 (jenkins@hudson) (gcc version 6.2.0 (GCC) ) #1 Wed Aug 2 12:42:40 UTC 2017
Aug 02 14:04:53 witherspoon kernel: CPU: ARMv6-compatible processor [410fb767] revision 7 (ARMv7), cr=00c5387d
Aug 02 14:04:53 witherspoon kernel: CPU: PIPT / VIPT nonaliasing data cache, VIPT nonaliasing instruction cache
Aug 02 14:04:53 witherspoon kernel: OF: fdt:Machine model: Witherspoon BMC
Aug 02 14:04:53 witherspoon kernel: Memory policy: Data cache writeback
Aug 02 14:04:53 witherspoon kernel: SOC Rev: 04030303
Aug 02 14:04:53 witherspoon kernel: On node 0 totalpages: 110592
Aug 02 14:04:53 witherspoon kernel: free_area_init_node: node 0, pgdat 805ff5f4, node_mem_map 9ec1a000
Aug 02 14:04:53 witherspoon kernel:   Normal zone: 992 pages used for memmap
Aug 02 14:04:53 witherspoon kernel:   Normal zone: 0 pages reserved
Aug 02 14:04:53 witherspoon kernel:   Normal zone: 110592 pages, LIFO batch:31
Aug 02 14:04:53 witherspoon kernel: pcpu-alloc: s0 r0 d32768 u32768 alloc=1*32768
Aug 02 14:04:53 witherspoon kernel: pcpu-alloc: [0] 0 
Aug 02 14:04:53 witherspoon kernel: Built 1 zonelists in Zone order, mobility grouping on.  Total pages: 109600
Aug 02 14:04:53 witherspoon kernel: Kernel command line: console=ttyS4,115200n8 root=/dev/ram rw
Aug 02 14:04:53 witherspoon kernel: PID hash table entries: 2048 (order: 1, 8192 bytes)
Aug 02 14:04:53 witherspoon kernel: Dentry cache hash table entries: 65536 (order: 6, 262144 bytes)
Aug 02 14:04:53 witherspoon kernel: Inode-cache hash table entries: 32768 (order: 5, 131072 bytes)
Aug 02 14:04:53 witherspoon kernel: Memory: 430440K/442368K available (4065K kernel code, 280K rwdata, 1192K rodata, 284K init, 111K bss, 11928K reserved, 0K cma-reserved)
Aug 02 14:04:53 witherspoon kernel: Virtual kernel memory layout:
                                        vector  : 0xffff0000 - 0xffff1000   (   4 kB)
                                        fixmap  : 0xffc00000 - 0xfff00000   (3072 kB)
                                        vmalloc : 0x9f800000 - 0xff800000   (1536 MB)
                                        lowmem  : 0x80000000 - 0x9f000000   ( 496 MB)
                                          .text : 0x80008000 - 0x80400940   (4067 kB)
                                          .init : 0x80585000 - 0x805cc000   ( 284 kB)
                                          .data : 0x805cc000 - 0x80612358   ( 281 kB)
                                           .bss : 0x80612358 - 0x8062e1f8   ( 112 kB)
Aug 02 14:04:53 witherspoon kernel: NR_IRQS:16 nr_irqs:16 16
Aug 02 14:04:53 witherspoon kernel: i2c controller registered, irq 16
Aug 02 14:04:53 witherspoon kernel: clocksource: moxart_timer: mask: 0xffffffff max_cycles: 0xffffffff, max_idle_ns: 77222644334 ns
Aug 02 14:04:53 witherspoon kernel: sched_clock: 32 bits at 100 Hz, resolution 10000000ns, wraps every 21474836475000000ns
Aug 02 14:04:53 witherspoon kernel: Calibrating delay loop... 789.70 BogoMIPS (lpj=3948544)
Aug 02 14:04:53 witherspoon kernel: pid_max: default: 32768 minimum: 301
Aug 02 14:04:53 witherspoon kernel: Mount-cache hash table entries: 1024 (order: 0, 4096 bytes)
Aug 02 14:04:53 witherspoon kernel: Mountpoint-cache hash table entries: 1024 (order: 0, 4096 bytes)
Aug 02 14:04:53 witherspoon kernel: CPU: Testing write buffer coherency: ok
Aug 02 14:04:53 witherspoon kernel: ftrace: allocating 14934 entries in 44 pages
Aug 02 14:04:53 witherspoon kernel: Setting up static identity map for 0x80008200 - 0x8000825c
Aug 02 14:04:53 witherspoon kernel: devtmpfs: initialized
Aug 02 14:04:53 witherspoon kernel: clocksource: jiffies: mask: 0xffffffff max_cycles: 0xffffffff, max_idle_ns: 19112604462750000 ns
Aug 02 14:04:53 witherspoon kernel: futex hash table entries: 256 (order: -1, 3072 bytes)
Aug 02 14:04:53 witherspoon kernel: pinctrl core: initialized pinctrl subsystem
Aug 02 14:04:53 witherspoon kernel: NET: Registered protocol family 16
Aug 02 14:04:53 witherspoon kernel: DMA: preallocated 256 KiB pool for atomic coherent allocations
Aug 02 14:04:53 witherspoon kernel: usbcore: registered new interface driver usbfs
Aug 02 14:04:53 witherspoon kernel: usbcore: registered new interface driver hub
Aug 02 14:04:53 witherspoon kernel: usbcore: registered new device driver usb
Aug 02 14:04:53 witherspoon kernel: clocksource: Switched to clocksource moxart_timer
Aug 02 14:04:53 witherspoon kernel: NET: Registered protocol family 2
Aug 02 14:04:53 witherspoon kernel: TCP established hash table entries: 4096 (order: 2, 16384 bytes)
Aug 02 14:04:53 witherspoon kernel: TCP bind hash table entries: 4096 (order: 2, 16384 bytes)
Aug 02 14:04:53 witherspoon kernel: TCP: Hash tables configured (established 4096 bind 4096)
Aug 02 14:04:53 witherspoon kernel: UDP hash table entries: 256 (order: 0, 4096 bytes)
Aug 02 14:04:53 witherspoon kernel: UDP-Lite hash table entries: 256 (order: 0, 4096 bytes)
Aug 02 14:04:53 witherspoon kernel: NET: Registered protocol family 1
Aug 02 14:04:53 witherspoon kernel: Trying to unpack rootfs image as initramfs...
Aug 02 14:04:53 witherspoon kernel: Freeing initrd memory: 1544K
Aug 02 14:04:53 witherspoon kernel: workingset: timestamp_bits=30 max_order=17 bucket_order=0
Aug 02 14:04:53 witherspoon kernel: squashfs: version 4.0 (2009/01/31) Phillip Lougher
Aug 02 14:04:53 witherspoon kernel: jffs2: version 2.2. (SUMMARY)  © 2001-2006 Red Hat, Inc.
Aug 02 14:04:53 witherspoon kernel: Block layer SCSI generic (bsg) driver version 0.4 loaded (major 250)
Aug 02 14:04:53 witherspoon kernel: io scheduler noop registered
Aug 02 14:04:53 witherspoon kernel: io scheduler deadline registered
Aug 02 14:04:54 witherspoon kernel: io scheduler cfq registered (default)
Aug 02 14:04:54 witherspoon kernel: ipmi-bt-host 1e789140.ibt: Found bt bmc device
Aug 02 14:04:54 witherspoon kernel: ipmi-bt-host 1e789140.ibt: Using IRQ 22
Aug 02 14:04:54 witherspoon kernel: Serial: 8250/16550 driver, 6 ports, IRQ sharing enabled
Aug 02 14:04:54 witherspoon kernel: 1e787000.vuart: ttyS0 at MMIO 0x1e787000 (irq = 22, base_baud = 1500000) is a 16550A
Aug 02 14:04:54 witherspoon kernel: 1e783000.serial: ttyS1 at MMIO 0x1e783000 (irq = 23, base_baud = 1500000) is a 16550A
Aug 02 14:04:54 witherspoon kernel: 1e78d000.serial: ttyS2 at MMIO 0x1e78d000 (irq = 24, base_baud = 1500000) is a 16550A
Aug 02 14:04:54 witherspoon kernel: 1e784000.serial: ttyS4 at MMIO 0x1e784000 (irq = 25, base_baud = 1500000) is a 16550A
Aug 02 14:04:54 witherspoon kernel: console [ttyS4] enabled
Aug 02 14:04:54 witherspoon kernel: timeriomem_rng 1e6e2078.hwrng: 32bits from 0xf00e2078 @ 1us
Aug 02 14:04:54 witherspoon kernel: random: fast init done
Aug 02 14:04:54 witherspoon kernel: brd: module loaded
Aug 02 14:04:54 witherspoon kernel: random: crng init done
Aug 02 14:04:54 witherspoon kernel: loop: module loaded
Aug 02 14:04:54 witherspoon kernel: aspeed-lpc-ctrl 1e789080.lpc-ctrl: Loaded at 0x98000000 (0x04000000)
Aug 02 14:04:54 witherspoon kernel: aspeed-smc 1e620000.flash-controller: Using IRQ 18
Aug 02 14:04:54 witherspoon kernel: aspeed-smc 1e620000.flash-controller: DMA support disabled.
Aug 02 14:04:54 witherspoon kernel: aspeed-smc 1e620000.flash-controller: mx25l25635e (32768 Kbytes)
Aug 02 14:04:54 witherspoon kernel: aspeed-smc 1e620000.flash-controller: CE0 window [ 0x20000000 - 0x22000000 ] 32MB
Aug 02 14:04:54 witherspoon kernel: aspeed-smc 1e620000.flash-controller: CE1 window [ 0x22000000 - 0x2a000000 ] 128MB
Aug 02 14:04:54 witherspoon kernel: 5 ofpart partitions found on MTD device bmc
Aug 02 14:04:54 witherspoon kernel: Creating 5 MTD partitions on "bmc":
Aug 02 14:04:54 witherspoon kernel: 0x000000000000-0x000000060000 : "u-boot"
Aug 02 14:04:54 witherspoon kernel: 0x000000060000-0x000000080000 : "u-boot-env"
Aug 02 14:04:54 witherspoon kernel: 0x000000080000-0x0000004c0000 : "kernel"
Aug 02 14:04:54 witherspoon kernel: 0x0000004c0000-0x000001c00000 : "rofs"
Aug 02 14:04:54 witherspoon kernel: 0x000001c00000-0x000002000000 : "rwfs"
Aug 02 14:04:54 witherspoon kernel: aspeed-smc 1e620000.flash-controller: mx25l25635e (32768 Kbytes)
Aug 02 14:04:54 witherspoon kernel: aspeed-smc 1e620000.flash-controller: CE1 window [ 0x22000000 - 0x24000000 ] 32MB
Aug 02 14:04:54 witherspoon kernel: aspeed-smc 1e620000.flash-controller: CE2 window [ 0x24000000 - 0x2c000000 ] 128MB
Aug 02 14:04:54 witherspoon kernel: aspeed-smc 1e630000.flash-controller: mx66l1g45g (131072 Kbytes)
Aug 02 14:04:54 witherspoon kernel: aspeed-smc 1e630000.flash-controller: CE0 window resized to 120MB (AST2500 HW quirk)
Aug 02 14:04:54 witherspoon kernel: aspeed-smc 1e630000.flash-controller: CE0 window [ 0x30000000 - 0x37800000 ] 120MB
Aug 02 14:04:54 witherspoon kernel: aspeed-smc 1e630000.flash-controller: CE0 window too small for chip 128MB
Aug 02 14:04:54 witherspoon kernel: aspeed-smc 1e630000.flash-controller: CE1 window [ 0x37800000 - 0x38000000 ] 8MB
Aug 02 14:04:54 witherspoon kernel: libphy: Fixed MDIO Bus: probed
Aug 02 14:04:54 witherspoon kernel: ftgmac100 1e660000.ethernet: Read MAC address 70:e2:84:14:23:e1 from chip
Aug 02 14:04:54 witherspoon kernel: ftgmac100 1e660000.ethernet: Using NCSI interface
Aug 02 14:04:54 witherspoon kernel: ftgmac100 1e660000.ethernet eth0: irq 20, mapped at f0060000
Aug 02 14:04:54 witherspoon kernel: ehci_hcd: USB 2.0 'Enhanced' Host Controller (EHCI) Driver
Aug 02 14:04:54 witherspoon kernel: ehci-platform: EHCI generic platform driver
Aug 02 14:04:54 witherspoon kernel:  fsi0: can't read slave 00:00 -5
Aug 02 14:04:54 witherspoon kernel: i2c /dev entries driver
Aug 02 14:04:54 witherspoon kernel: aspeed-i2c-bus 1e78a0c0.i2c-bus: i2c bus 2 registered, irq 26
Aug 02 14:04:54 witherspoon kernel: aspeed-i2c-bus 1e78a100.i2c-bus: i2c bus 3 registered, irq 27
Aug 02 14:04:54 witherspoon kernel: aspeed-i2c-bus 1e78a140.i2c-bus: i2c bus 4 registered, irq 28
Aug 02 14:04:54 witherspoon kernel: aspeed-i2c-bus 1e78a180.i2c-bus: i2c bus 5 registered, irq 29
Aug 02 14:04:54 witherspoon kernel: aspeed-i2c-bus 1e78a380.i2c-bus: i2c bus 9 registered, irq 30
Aug 02 14:04:54 witherspoon kernel: aspeed-i2c-bus 1e78a3c0.i2c-bus: i2c bus 10 registered, irq 31
Aug 02 14:04:54 witherspoon kernel: rtc-rv8803 11-0032: Voltage low, temperature compensation stopped.
Aug 02 14:04:54 witherspoon kernel: rtc-rv8803 11-0032: An alarm maybe have been missed.
Aug 02 14:04:54 witherspoon kernel: rtc-rv8803 11-0032: rtc core: registered rx8900 as rtc0
Aug 02 14:04:54 witherspoon kernel: at24 11-0051: 8192 byte 24c64 EEPROM, writable, 1 bytes/write
Aug 02 14:04:54 witherspoon kernel: aspeed-i2c-bus 1e78a400.i2c-bus: i2c bus 11 registered, irq 32
Aug 02 14:04:54 witherspoon kernel: aspeed-i2c-bus 1e78a440.i2c-bus: i2c bus 12 registered, irq 33
Aug 02 14:04:54 witherspoon kernel: aspeed-i2c-bus 1e78a480.i2c-bus: i2c bus 13 registered, irq 34
Aug 02 14:04:54 witherspoon kernel: Driver for 1-wire Dallas network protocol.
Aug 02 14:04:54 witherspoon kernel: lm75 9-004a: hwmon0: sensor 'tmp275'
Aug 02 14:04:54 witherspoon kernel: ucd9000 11-0064: Device ID UCD90160|2.3.4.0000|110603
Aug 02 14:04:54 witherspoon kernel: leds-pca955x 3-0060: leds-pca955x: Using pca9552 16-bit LED driver at slave address 0x60
Aug 02 14:04:54 witherspoon kernel: leds-pca955x 11-0060: leds-pca955x: Using pca9552 16-bit LED driver at slave address 0x60
Aug 02 14:04:54 witherspoon kernel: leds-pca955x 11-0060: gpios 264...279
Aug 02 14:04:54 witherspoon kernel: usbcore: registered new interface driver usbhid
Aug 02 14:04:54 witherspoon kernel: usbhid: USB HID core driver
Aug 02 14:04:54 witherspoon kernel: NET: Registered protocol family 10
Aug 02 14:04:54 witherspoon kernel: Segment Routing with IPv6
Aug 02 14:04:54 witherspoon kernel: NET: Registered protocol family 17
Aug 02 14:04:54 witherspoon kernel: 8021q: 802.1Q VLAN Support v1.8
Aug 02 14:04:54 witherspoon kernel: console [netcon0] enabled
Aug 02 14:04:54 witherspoon kernel: netconsole: network logging started
Aug 02 14:04:54 witherspoon kernel: input: gpio-keys as /devices/platform/gpio-keys/input/input0
Aug 02 14:04:54 witherspoon kernel: rtc-rv8803 11-0032: setting system clock to 2017-08-02 14:04:46 UTC (1501682686)
Aug 02 14:04:54 witherspoon kernel: Freeing unused kernel memory: 284K
Aug 02 14:04:54 witherspoon kernel: This architecture does not have kernel memory protection.
Aug 02 14:04:54 witherspoon kernel: jffs2: notice: (526) jffs2_build_xattr_subsystem: complete building xattr subsystem, 0 of xdatum (0 unchecked, 0 orphan) and 0 of xref (0 dead, 0 orphan) found.
Aug 02 14:04:54 witherspoon systemd[1]: Failed to insert module 'autofs4': No such file or directory
Aug 02 14:04:54 witherspoon systemd[1]: systemd 232 running in system mode. (+PAM -AUDIT -SELINUX -IMA -APPARMOR -SMACK +SYSVINIT -UTMP -LIBCRYPTSETUP -GCRYPT -GNUTLS +ACL +XZ -LZ4 -SECCOMP +BLKID -ELFUTILS +KMOD -IDN)
Aug 02 14:04:54 witherspoon systemd[1]: Detected architecture arm.
Aug 02 14:04:54 witherspoon systemd[1]: Set hostname to <witherspoon>.
Aug 02 14:04:54 witherspoon systemd[1]: Started Forward Password Requests to Wall Directory Watch.
Aug 02 14:04:54 witherspoon systemd[1]: Listening on Journal Socket.
Aug 02 14:04:54 witherspoon systemd[1]: Reached target Swap.
Aug 02 14:04:54 witherspoon systemd[1]: Listening on udev Kernel Socket.
Aug 02 14:04:54 witherspoon systemd[1]: Listening on Network Service Netlink Socket.
Aug 02 14:04:54 witherspoon systemd[1]: Reached target Remote File Systems.
Aug 02 14:04:54 witherspoon systemd[1]: Listening on Journal Socket (/dev/log).
Aug 02 14:04:54 witherspoon systemd-journald[544]: Journal started
Aug 02 14:04:54 witherspoon systemd-journald[544]: Runtime journal (/run/log/journal/cc6e1404d87444e8a089dfdb00a18f7d) is 0B, max 0B, 0B free.
Aug 02 14:04:54 witherspoon systemd-sysctl[548]: Couldn't write '16' to 'kernel/sysrq', ignoring: No such file or directory
Aug 02 14:04:54 witherspoon systemd-sysctl[548]: Couldn't write 'fq_codel' to 'net/core/default_qdisc', ignoring: No such file or directory
Aug 02 14:04:55 witherspoon systemd[1]: Created slice system-phosphor\x2dgpio\x2dpresence.slice.
Aug 02 14:04:55 witherspoon systemd[1]: Created slice system-org.openbmc.control.Chassis.slice.
Aug 02 14:04:56 witherspoon systemd[1]: Created slice system-getty.slice.
Aug 02 14:04:56 witherspoon systemd[1]: Created slice system-phosphor\x2dreset\x2dhost\x2dcheck.slice.
Aug 02 14:04:56 witherspoon systemd[1]: Mounting Temporary Directory...
Aug 02 14:04:56 witherspoon systemd[1]: Created slice system-obmc\x2dled\x2dgroup\x2dstart.slice.
Aug 02 14:04:56 witherspoon systemd[1]: Mounted Debug File System.
Aug 02 14:04:57 witherspoon systemd[1]: Mounted Temporary Directory.
Aug 02 14:04:57 witherspoon systemd[1]: Started Journal Service.
Aug 02 14:04:57 witherspoon systemd[1]: Started Remount Root and Kernel File Systems.
Aug 02 14:04:57 witherspoon systemd[1]: Started Apply Kernel Variables.
Aug 02 14:04:57 witherspoon systemd[1]: Starting Create System Users...
Aug 02 14:04:57 witherspoon systemd[1]: Starting Flush Journal to Persistent Storage...
Aug 02 14:04:58 witherspoon systemd[1]: Started udev Coldplug all Devices.
Aug 02 14:04:58 witherspoon systemd[1]: Started Create System Users.
Aug 02 14:04:58 witherspoon systemd[1]: Starting Create Static Device Nodes in /dev...
Aug 02 14:04:58 witherspoon systemd-journald[544]: Runtime journal (/run/log/journal/cc6e1404d87444e8a089dfdb00a18f7d) is 0B, max 0B, 0B free.
Aug 02 14:04:58 witherspoon systemd[1]: Started Flush Journal to Persistent Storage.
Aug 02 14:04:59 witherspoon systemd[1]: Started Create Static Device Nodes in /dev.
Aug 02 14:04:59 witherspoon systemd[1]: Starting udev Kernel Device Manager...
Aug 02 14:04:59 witherspoon systemd[1]: Reached target Local File Systems (Pre).
Aug 02 14:04:59 witherspoon systemd[1]: Mounting /var/volatile...
Aug 02 14:04:59 witherspoon systemd[1]: Mounted /var/volatile.
Aug 02 14:04:59 witherspoon systemd[1]: Starting Load/Save Random Seed...
Aug 02 14:04:59 witherspoon systemd[1]: Reached target Local File Systems.
Aug 02 14:04:59 witherspoon systemd[1]: Starting Rebuild Journal Catalog...
Aug 02 14:04:59 witherspoon systemd[1]: Starting Create Volatile Files and Directories...
Aug 02 14:05:00 witherspoon systemd[1]: Started Load/Save Random Seed.
Aug 02 14:05:00 witherspoon systemd[1]: Started Rebuild Journal Catalog.
Aug 02 14:05:00 witherspoon systemd[1]: Starting Update is Completed...
Aug 02 14:05:00 witherspoon systemd-tmpfiles[899]: "/var/tmp" already exists and is not a directory.
Aug 02 14:05:00 witherspoon systemd-tmpfiles[899]: "/var/log" already exists and is not a directory.
Aug 02 14:05:00 witherspoon systemd[1]: Started Create Volatile Files and Directories.
Aug 02 14:05:00 witherspoon systemd[1]: Starting Run pending postinsts...
Aug 02 14:05:00 witherspoon systemd[1]: Starting Network Time Synchronization...
Aug 02 14:05:00 witherspoon systemd[1]: Started Update is Completed.
Aug 02 14:05:01 witherspoon systemd[1]: Started Network Time Synchronization.
Aug 02 14:05:01 witherspoon systemd[1]: Reached target System Time Synchronized.
Aug 02 14:05:01 witherspoon systemd[1]: Started udev Kernel Device Manager.
Aug 02 14:05:03 witherspoon systemd[1]: Found device /dev/aspeed-lpc-ctrl.
Aug 02 14:05:03 witherspoon systemd[1]: Found device /dev/aspeed-mbox.
Aug 02 14:05:03 witherspoon systemd[1]: Found device /dev/ttyS4.
Aug 02 14:05:03 witherspoon systemd[1]: Found device /dev/ttyVUART0.
Aug 02 14:05:03 witherspoon systemd[1]: Created slice system-xyz.openbmc_project.Hwmon.slice.
Aug 02 14:05:03 witherspoon systemd[1]: dev-hugepages.mount: Couldn't determine result for ConditionVirtualization=!private-users, assuming failed: No such file or directory
Aug 02 14:05:03 witherspoon systemd[1]: Created slice system-xyz.openbmc_project.led.controller.slice.
Aug 02 14:05:03 witherspoon systemd[1]: dev-hugepages.mount: Couldn't determine result for ConditionVirtualization=!private-users, assuming failed: No such file or directory
Aug 02 14:05:03 witherspoon systemd[1]: dev-hugepages.mount: Couldn't determine result for ConditionVirtualization=!private-users, assuming failed: No such file or directory
Aug 02 14:05:04 witherspoon run-postinsts[904]: Running postinst /etc/rpm-postinsts/libglib-2.0-0...
Aug 02 14:05:05 witherspoon systemd[1]: dev-hugepages.mount: Couldn't determine result for ConditionVirtualization=!private-users, assuming failed: No such file or directory
Aug 02 14:05:05 witherspoon run-postinsts[904]: rm: can't remove '/etc/rpm-postinsts': Invalid argument
Aug 02 14:05:05 witherspoon run-postinsts[904]:  Removing any system startup links for run-postinsts ...
Aug 02 14:05:06 witherspoon systemctl[935]: Removed /etc/systemd/system/sysinit.target.wants/run-postinsts.service.
Aug 02 14:05:06 witherspoon systemd[1]: Reloading.
Aug 02 14:05:08 witherspoon systemd[1]: Started Run pending postinsts.
Aug 02 14:05:08 witherspoon systemd[1]: Reached target System Initialization.
Aug 02 14:05:08 witherspoon systemd[1]: Listening on Avahi mDNS/DNS-SD Stack Activation Socket.
Aug 02 14:05:09 witherspoon systemd[1]: Listening on phosphor-ipmi-net.socket.
Aug 02 14:05:09 witherspoon systemd[1]: Listening on Phosphor DBUS Browser socket.
Aug 02 14:05:09 witherspoon systemd[1]: Listening on Phosphor Webserver socket.
Aug 02 14:05:09 witherspoon systemd[1]: Listening on Phosphor Host Console SSH Per-Connection socket.
Aug 02 14:05:09 witherspoon systemd[1]: Listening on D-Bus System Message Bus Socket.
Aug 02 14:05:09 witherspoon systemd[1]: Started Daily Cleanup of Temporary Directories.
Aug 02 14:05:09 witherspoon systemd[1]: Reached target Timers.
Aug 02 14:05:09 witherspoon systemd[1]: Listening on dropbear.socket.
Aug 02 14:05:09 witherspoon systemd[1]: Reached target Sockets.
Aug 02 14:05:09 witherspoon systemd[1]: Reached target Basic System.
Aug 02 14:05:09 witherspoon systemd[1]: Started Phosphor sysfs LED controller.
Aug 02 14:05:09 witherspoon systemd[1]: Started Phosphor Dump core monitor..
Aug 02 14:05:09 witherspoon systemd[1]: Started Phosphor sysfs LED controller.
Aug 02 14:05:09 witherspoon systemd[1]: Starting Phosphor IPMI BT DBus Bridge...
Aug 02 14:05:09 witherspoon systemd[1]: Started Phosphor sysfs LED controller.
Aug 02 14:05:09 witherspoon systemd[1]: Started Phosphor Console Muxer listening on device /dev/ttyVUART0.
Aug 02 14:05:09 witherspoon systemd[1]: Starting Phosphor Dump Manager...
Aug 02 14:05:09 witherspoon systemd[1]: Starting OpenBMC Software Update Manager...
Aug 02 14:05:10 witherspoon systemd[1]: Starting Phosphor Download Manager...
Aug 02 14:05:10 witherspoon systemd[1]: Started System Logging Service.
Aug 02 14:05:10 witherspoon systemd[1]: Started Phosphor sysfs LED controller.
Aug 02 14:05:10 witherspoon systemd[1]: Started D-Bus System Message Bus.
Aug 02 14:05:12 witherspoon dbus[959]: [system] Successfully activated service 'org.freedesktop.systemd1'
Aug 02 14:05:12 witherspoon systemd[1]: Started Phosphor IPMI BT DBus Bridge.
Aug 02 14:05:12 witherspoon systemd[1]: Started Phosphor sysfs LED controller.
Aug 02 14:05:12 witherspoon systemd[1]: Starting Phosphor DBus Service Discovery Manager...
Aug 02 14:05:12 witherspoon systemd[1]: Started Hardware RNG Entropy Gatherer Daemon.
Aug 02 14:05:12 witherspoon systemd[1]: Starting Phosphor Chassis0 Control...
Aug 02 14:05:13 witherspoon systemd[1]: Starting Phosphor Inventory Manager...
Aug 02 14:05:13 witherspoon systemd[1]: Starting Phosphor LED Group Management Daemon...
Aug 02 14:05:13 witherspoon systemd[1]: Reached target Containers.
Aug 02 14:05:13 witherspoon systemd[1]: Starting Phosphor Network Manager...
Aug 02 14:05:13 witherspoon systemd[1]: Starting Phosphor User Manager...
Aug 02 14:05:13 witherspoon systemd[1]: Started Phosphor sysfs LED controller.
Aug 02 14:05:13 witherspoon systemd[1]: Starting Phosphor Sensor Manager...
Aug 02 14:05:13 witherspoon systemd[1]: Starting Phosphor Log Manager...
Aug 02 14:05:13 witherspoon systemd[1]: Starting Phosphor Settings Daemon...
Aug 02 14:05:13 witherspoon systemd[1]: Starting Avahi mDNS/DNS-SD Stack...
Aug 02 14:05:13 witherspoon systemd[1]: Started Phosphor sysfs LED controller.
Aug 02 14:05:14 witherspoon kernel[982]: klogd started: BusyBox v1.24.1 (2017-06-16 19:26:49 UTC)
Aug 02 14:05:13 witherspoon systemd[1]: Started Phosphor sysfs LED controller.
Aug 02 14:05:14 witherspoon kernel[982]: [    0.000000] Booting Linux on physical CPU 0x0
Aug 02 14:05:13 witherspoon systemd[1]: Started Phosphor sysfs LED controller.
Aug 02 14:05:14 witherspoon kernel[982]: [    0.000000] Linux version 4.10.17-03afe5775baf06c3037d62cc2a15628079af38c9 (jenkins@hudson) (gcc version 6.2.0 (GCC) ) #1 Wed Aug 2 12:42:40 UTC 2017
Aug 02 14:05:13 witherspoon systemd[1]: Started Phosphor sysfs LED controller.
Aug 02 14:05:14 witherspoon kernel[982]: [    0.000000] CPU: ARMv6-compatible processor [410fb767] revision 7 (ARMv7), cr=00c5387d
Aug 02 14:05:13 witherspoon systemd[1]: Starting Phosphor Inventory Manager...
Aug 02 14:05:14 witherspoon kernel[982]: [    0.000000] CPU: PIPT / VIPT nonaliasing data cache, VIPT nonaliasing instruction cache
Aug 02 14:05:13 witherspoon systemd[1]: Starting Phosphor BMC0 Control...
Aug 02 14:05:14 witherspoon kernel[982]: [    0.000000] OF: fdt:Machine model: Witherspoon BMC
Aug 02 14:05:13 witherspoon systemd[1]: Starting Phosphor Download Manager...
Aug 02 14:05:14 witherspoon kernel[982]: [    0.000000] Memory policy: Data cache writeback
Aug 02 14:05:13 witherspoon systemd[1]: Starting Remount the squashfs and ubi volumes after a reboot...
Aug 02 14:05:14 witherspoon kernel[982]: [    0.000000] SOC Rev: 04030303
Aug 02 14:05:13 witherspoon systemd[1]: Starting Clear one time boot overrides...
Aug 02 14:05:14 witherspoon kernel[982]: [    0.000000] On node 0 totalpages: 110592
Aug 02 14:05:14 witherspoon systemd[1]: Started Kernel Logging Service.
Aug 02 14:05:14 witherspoon kernel[982]: [    0.000000] free_area_init_node: node 0, pgdat 805ff5f4, node_mem_map 9ec1a000
Aug 02 14:05:14 witherspoon systemd[1]: Starting Network Service...
Aug 02 14:05:14 witherspoon kernel[982]: [    0.000000]   Normal zone: 992 pages used for memmap
Aug 02 14:05:14 witherspoon kernel[982]: [    0.000000]   Normal zone: 0 pages reserved
Aug 02 14:05:14 witherspoon kernel[982]: [    0.000000]   Normal zone: 110592 pages, LIFO batch:31
Aug 02 14:05:15 witherspoon systemd[1]: Started Phosphor Inventory Manager.
Aug 02 14:05:14 witherspoon kernel[982]: [    0.000000] pcpu-alloc: s0 r0 d32768 u32768 alloc=1*32768
Aug 02 14:05:15 witherspoon systemd[1]: Started OpenBMC Software Update Manager.
Aug 02 14:05:14 witherspoon kernel[982]: [    0.000000] pcpu-alloc: [0] 0
Aug 02 14:05:15 witherspoon systemd[1]: Started Clear one time boot overrides.
Aug 02 14:05:14 witherspoon kernel[982]: [    0.000000] Built 1 zonelists in Zone order, mobility grouping on.  Total pages: 109600
Aug 02 14:05:15 witherspoon systemd[1]: Started Phosphor Download Manager.
Aug 02 14:05:14 witherspoon kernel[982]: [    0.000000] Kernel command line: console=ttyS4,115200n8 root=/dev/ram rw
Aug 02 14:05:15 witherspoon systemd[1]: Started Phosphor Log Manager.
Aug 02 14:05:14 witherspoon kernel[982]: [    0.000000] PID hash table entries: 2048 (order: 1, 8192 bytes)
Aug 02 14:05:16 witherspoon systemd[1]: Started Phosphor Dump Manager.
Aug 02 14:05:14 witherspoon kernel[982]: [    0.000000] Dentry cache hash table entries: 65536 (order: 6, 262144 bytes)
Aug 02 14:05:16 witherspoon systemd[1]: Started Phosphor LED Group Management Daemon.
Aug 02 14:05:14 witherspoon kernel[982]: [    0.000000] Inode-cache hash table entries: 32768 (order: 5, 131072 bytes)
Aug 02 14:05:14 witherspoon kernel[982]: [    0.000000] Memory: 430440K/442368K available (4065K kernel code, 280K rwdata, 1192K rodata, 284K init, 111K bss, 11928K reserved, 0K cma-reserved)
Aug 02 14:05:14 witherspoon kernel[982]: [    0.000000] Virtual kernel memory layout:
Aug 02 14:05:14 witherspoon kernel[982]: [    0.000000]     vector  : 0xffff0000 - 0xffff1000   (   4 kB)
Aug 02 14:05:14 witherspoon kernel[982]: [    0.000000]     fixmap  : 0xffc00000 - 0xfff00000   (3072 kB)
Aug 02 14:05:14 witherspoon kernel[982]: [    0.000000]     vmalloc : 0x9f800000 - 0xff800000   (1536 MB)
Aug 02 14:05:14 witherspoon kernel[982]: [    0.000000]     lowmem  : 0x80000000 - 0x9f000000   ( 496 MB)
Aug 02 14:05:14 witherspoon kernel[982]: [    0.000000]       .text : 0x80008000 - 0x80400940   (4067 kB)
Aug 02 14:05:17 witherspoon systemd[1]: Started Avahi mDNS/DNS-SD Stack.
Aug 02 14:05:14 witherspoon kernel[982]: [    0.000000]       .init : 0x80585000 - 0x805cc000   ( 284 kB)
Aug 02 14:05:17 witherspoon systemd[1]: Started Phosphor Settings Daemon.
Aug 02 14:05:14 witherspoon kernel[982]: [    0.000000]       .data : 0x805cc000 - 0x80612358   ( 281 kB)
Aug 02 14:05:14 witherspoon kernel[982]: [    0.000000]        .bss : 0x80612358 - 0x8062e1f8   ( 112 kB)
Aug 02 14:05:14 witherspoon kernel[982]: [    0.000000] NR_IRQS:16 nr_irqs:16 16
Aug 02 14:05:14 witherspoon kernel[982]: [    0.000000] i2c controller registered, irq 16
Aug 02 14:05:14 witherspoon kernel[982]: [    0.000000] clocksource: moxart_timer: mask: 0xffffffff max_cycles: 0xffffffff, max_idle_ns: 77222644334 ns
Aug 02 14:05:14 witherspoon kernel[982]: [    0.000000] sched_clock: 32 bits at 100 Hz, resolution 10000000ns, wraps every 21474836475000000ns
Aug 02 14:05:14 witherspoon kernel[982]: [    0.090000] Calibrating delay loop... 789.70 BogoMIPS (lpj=3948544)
Aug 02 14:05:14 witherspoon kernel[982]: [    0.090000] pid_max: default: 32768 minimum: 301
Aug 02 14:05:14 witherspoon kernel[982]: [    0.090000] Mount-cache hash table entries: 1024 (order: 0, 4096 bytes)
Aug 02 14:05:14 witherspoon kernel[982]: [    0.090000] Mountpoint-cache hash table entries: 1024 (order: 0, 4096 bytes)
Aug 02 14:05:14 witherspoon kernel[982]: [    0.090000] CPU: Testing write buffer coherency: ok
Aug 02 14:05:14 witherspoon kernel[982]: [    0.090000] ftrace: allocating 14934 entries in 44 pages
Aug 02 14:05:14 witherspoon kernel[982]: [    0.120000] Setting up static identity map for 0x80008200 - 0x8000825c
Aug 02 14:05:14 witherspoon kernel[982]: [    0.120000] devtmpfs: initialized
Aug 02 14:05:14 witherspoon kernel[982]: [    0.150000] clocksource: jiffies: mask: 0xffffffff max_cycles: 0xffffffff, max_idle_ns: 19112604462750000 ns
Aug 02 14:05:14 witherspoon kernel[982]: [    0.150000] futex hash table entries: 256 (order: -1, 3072 bytes)
Aug 02 14:05:14 witherspoon kernel[982]: [    0.150000] pinctrl core: initialized pinctrl subsystem
Aug 02 14:05:14 witherspoon kernel[982]: [    0.150000] NET: Registered protocol family 16
Aug 02 14:05:14 witherspoon kernel[982]: [    0.150000] DMA: preallocated 256 KiB pool for atomic coherent allocations
Aug 02 14:05:14 witherspoon kernel[982]: [    0.220000] usbcore: registered new interface driver usbfs
Aug 02 14:05:14 witherspoon kernel[982]: [    0.220000] usbcore: registered new interface driver hub
Aug 02 14:05:18 witherspoon kernel: ubi7: default fastmap pool size: 100
Aug 02 14:05:18 witherspoon kernel: ubi7: default fastmap WL pool size: 50
Aug 02 14:05:18 witherspoon kernel: ubi7: attaching mtd7
Aug 02 14:05:18 witherspoon kernel: ubi7: scanning is finished
Aug 02 14:05:18 witherspoon kernel: ubi7 error: ubi_read_volume_table: the layout volume was not found
Aug 02 14:05:18 witherspoon kernel: ubi7 error: ubi_attach_mtd_dev: failed to attach mtd7, error -22
Aug 02 14:05:18 witherspoon obmc-flash-bios[980]: ubiattach: error!: cannot attach mtd7
Aug 02 14:05:18 witherspoon obmc-flash-bios[980]:            error 22 (Invalid argument)
Aug 02 14:05:14 witherspoon kernel[982]: [    0.220000] usbcore: registered new device driver usb
Aug 02 14:05:18 witherspoon systemd[1]: Started Remount the squashfs and ubi volumes after a reboot.
Aug 02 14:05:14 witherspoon kernel[982]: [    0.220000] clocksource: Switched to clocksource moxart_timer
Aug 02 14:05:18 witherspoon systemd[1]: Starting OpenPower Software Update Manager...
Aug 02 14:05:14 witherspoon kernel[982]: [    0.230000] NET: Registered protocol family 2
Aug 02 14:05:18 witherspoon systemd-networkd[983]: Enumeration completed
Aug 02 14:05:14 witherspoon kernel[982]: [    0.240000] TCP established hash table entries: 4096 (order: 2, 16384 bytes)
Aug 02 14:05:18 witherspoon systemd[1]: Started Network Service.
Aug 02 14:05:14 witherspoon kernel[982]: [    0.240000] TCP bind hash table entries: 4096 (order: 2, 16384 bytes)
Aug 02 14:05:18 witherspoon systemd[1]: Reached target Network.
Aug 02 14:05:14 witherspoon kernel[982]: [    0.240000] TCP: Hash tables configured (established 4096 bind 4096)
Aug 02 14:05:18 witherspoon systemd[1]: Started Lightweight SLP Server.
Aug 02 14:05:14 witherspoon kernel[982]: [    0.240000] UDP hash table entries: 256 (order: 0, 4096 bytes)
Aug 02 14:05:18 witherspoon systemd[1]: Starting Permit User Sessions...
Aug 02 14:05:14 witherspoon kernel[982]: [    0.240000] UDP-Lite hash table entries: 256 (order: 0, 4096 bytes)
Aug 02 14:05:18 witherspoon systemd-networkd[983]: eth0: IPv6 enabled for interface: Success
Aug 02 14:05:14 witherspoon kernel[982]: [    0.240000] NET: Registered protocol family 1
Aug 02 14:05:18 witherspoon systemd-networkd[983]: eth0: Gained carrier
Aug 02 14:05:14 witherspoon kernel[982]: [    0.240000] Trying to unpack rootfs image as initramfs...
Aug 02 14:05:18 witherspoon systemd-timesyncd[905]: Network configuration changed, trying to establish connection.
Aug 02 14:05:14 witherspoon kernel[982]: [    1.910000] Freeing initrd memory: 1544K
Aug 02 14:05:14 witherspoon kernel[982]: [    1.910000] workingset: timestamp_bits=30 max_order=17 bucket_order=0
Aug 02 14:05:14 witherspoon kernel[982]: [    1.910000] squashfs: version 4.0 (2009/01/31) Phillip Lougher
Aug 02 14:05:14 witherspoon kernel[982]: [    1.910000] jffs2: version 2.2. (SUMMARY)  © 2001-2006 Red Hat, Inc.
Aug 02 14:05:14 witherspoon kernel[982]: [    1.910000] Block layer SCSI generic (bsg) driver version 0.4 loaded (major 250)
Aug 02 14:05:14 witherspoon kernel[982]: [    1.910000] io scheduler noop registered
Aug 02 14:05:14 witherspoon kernel[982]: [    1.910000] io scheduler deadline registered
Aug 02 14:05:20 witherspoon systemd[1]: Started Permit User Sessions.
Aug 02 14:05:14 witherspoon kernel[982]: [    1.910000] io scheduler cfq registered (default)
Aug 02 14:05:14 witherspoon kernel[982]: [    2.060000] ipmi-bt-host 1e789140.ibt: Found bt bmc device
Aug 02 14:05:14 witherspoon kernel[982]: [    2.060000] ipmi-bt-host 1e789140.ibt: Using IRQ 22
Aug 02 14:05:14 witherspoon kernel[982]: [    2.060000] Serial: 8250/16550 driver, 6 ports, IRQ sharing enabled
Aug 02 14:05:14 witherspoon kernel[982]: [    2.060000] 1e787000.vuart: ttyS0 at MMIO 0x1e787000 (irq = 22, base_baud = 1500000) is a 16550A
Aug 02 14:05:14 witherspoon kernel[982]: [    2.060000] 1e783000.serial: ttyS1 at MMIO 0x1e783000 (irq = 23, base_baud = 1500000) is a 16550A
Aug 02 14:05:14 witherspoon kernel[982]: [    2.060000] 1e78d000.serial: ttyS2 at MMIO 0x1e78d000 (irq = 24, base_baud = 1500000) is a 16550A
Aug 02 14:05:14 witherspoon kernel[982]: [    2.060000] 1e784000.serial: ttyS4 at MMIO 0x1e784000 (irq = 25, base_baud = 1500000) is a 16550A
Aug 02 14:05:14 witherspoon kernel[982]: [    2.410000] console [ttyS4] enabled
Aug 02 14:05:14 witherspoon kernel[982]: [    2.590000] timeriomem_rng 1e6e2078.hwrng: 32bits from 0xf00e2078 @ 1us
Aug 02 14:05:20 witherspoon systemd[1]: Started OpenPower Software Update Manager.
Aug 02 14:05:14 witherspoon kernel[982]: [    2.610000] random: fast init done
Aug 02 14:05:20 witherspoon systemd[1]: Started Phosphor BMC0 Control.
Aug 02 14:05:14 witherspoon kernel[982]: [    2.650000] brd: module loaded
Aug 02 14:05:20 witherspoon systemd[1]: Started Phosphor MBOX Daemon.
Aug 02 14:05:14 witherspoon kernel[982]: [    2.670000] random: crng init done
Aug 02 14:05:20 witherspoon systemd[1]: Starting Phosphor Version Software Manager...
Aug 02 14:05:14 witherspoon kernel[982]: [    2.680000] loop: module loaded
Aug 02 14:05:20 witherspoon systemd[1]: Mounting /usr/local...
Aug 02 14:05:14 witherspoon kernel[982]: [    2.680000] aspeed-lpc-ctrl 1e789080.lpc-ctrl: Loaded at 0x98000000 (0x04000000)
Aug 02 14:05:20 witherspoon systemd-networkd[983]: eth0: Gained IPv6LL
Aug 02 14:05:14 witherspoon kernel[982]: [    2.690000] aspeed-smc 1e620000.flash-controller: Using IRQ 18
Aug 02 14:05:20 witherspoon systemd[1]: Started Serial Getty on ttyS4.
Aug 02 14:05:14 witherspoon kernel[982]: [    2.690000] aspeed-smc 1e620000.flash-controller: DMA support disabled.
Aug 02 14:05:22 witherspoon kernel: ftgmac100 1e660000.ethernet eth0: NCSI interface up
Aug 02 14:05:20 witherspoon systemd[1]: Reached target Login Prompts.
Aug 02 14:05:14 witherspoon kernel[982]: [    2.690000] aspeed-smc 1e620000.flash-controller: mx25l25635e (32768 Kbytes)
Aug 02 14:05:20 witherspoon systemd[1]: Reached target Multi-User System.
Aug 02 14:05:14 witherspoon kernel[982]: [    2.720000] aspeed-smc 1e620000.flash-controller: CE0 window [ 0x20000000 - 0x22000000 ] 32MB
Aug 02 14:05:21 witherspoon systemd[1]: Mounted /usr/local.
Aug 02 14:05:14 witherspoon kernel[982]: [    2.720000] aspeed-smc 1e620000.flash-controller: CE1 window [ 0x22000000 - 0x2a000000 ] 128MB
Aug 02 14:05:21 witherspoon systemd[1]: Started Phosphor Version Software Manager.
Aug 02 14:05:14 witherspoon kernel[982]: [    2.720000] 5 ofpart partitions found on MTD device bmc
Aug 02 14:05:14 witherspoon kernel[982]: [    2.720000] Creating 5 MTD partitions on "bmc":
Aug 02 14:05:14 witherspoon kernel[982]: [    2.750000] 0x000000000000-0x000000060000 : "u-boot"
Aug 02 14:05:14 witherspoon kernel[982]: [    2.750000] 0x000000060000-0x000000080000 : "u-boot-env"
Aug 02 14:05:14 witherspoon kernel[982]: [    2.770000] 0x000000080000-0x0000004c0000 : "kernel"
Aug 02 14:05:14 witherspoon kernel[982]: [    2.770000] 0x0000004c0000-0x000001c00000 : "rofs"
Aug 02 14:05:14 witherspoon kernel[982]: [    2.790000] 0x000001c00000-0x000002000000 : "rwfs"
Aug 02 14:05:14 witherspoon kernel[982]: [    2.790000] aspeed-smc 1e620000.flash-controller: mx25l25635e (32768 Kbytes)
Aug 02 14:05:14 witherspoon kernel[982]: [    2.800000] aspeed-smc 1e620000.flash-controller: CE1 window [ 0x22000000 - 0x24000000 ] 32MB
Aug 02 14:05:14 witherspoon kernel[982]: [    2.800000] aspeed-smc 1e620000.flash-controller: CE2 window [ 0x24000000 - 0x2c000000 ] 128MB
Aug 02 14:05:14 witherspoon kernel[982]: [    2.830000] aspeed-smc 1e630000.flash-controller: mx66l1g45g (131072 Kbytes)
Aug 02 14:05:14 witherspoon kernel[982]: [    2.830000] aspeed-smc 1e630000.flash-controller: CE0 window resized to 120MB (AST2500 HW quirk)
Aug 02 14:05:14 witherspoon kernel[982]: [    2.840000] aspeed-smc 1e630000.flash-controller: CE0 window [ 0x30000000 - 0x37800000 ] 120MB
Aug 02 14:05:14 witherspoon kernel[982]: [    2.840000] aspeed-smc 1e630000.flash-controller: CE0 window too small for chip 128MB
Aug 02 14:05:14 witherspoon kernel[982]: [    2.840000] aspeed-smc 1e630000.flash-controller: CE1 window [ 0x37800000 - 0x38000000 ] 8MB
Aug 02 14:05:14 witherspoon kernel[982]: [    3.590000] libphy: Fixed MDIO Bus: probed
Aug 02 14:05:14 witherspoon kernel[982]: [    3.590000] ftgmac100 1e660000.ethernet: Read MAC address 70:e2:84:14:23:e1 from chip
Aug 02 14:05:14 witherspoon kernel[982]: [    3.590000] ftgmac100 1e660000.ethernet: Using NCSI interface
Aug 02 14:05:14 witherspoon kernel[982]: [    3.590000] ftgmac100 1e660000.ethernet eth0: irq 20, mapped at f0060000
Aug 02 14:05:14 witherspoon kernel[982]: [    3.590000] ehci_hcd: USB 2.0 'Enhanced' Host Controller (EHCI) Driver
Aug 02 14:05:14 witherspoon kernel[982]: [    3.590000] ehci-platform: EHCI generic platform driver
Aug 02 14:05:14 witherspoon kernel[982]: [    3.830000]  fsi0: can't read slave 00:00 -5
Aug 02 14:05:14 witherspoon kernel[982]: [    3.830000] i2c /dev entries driver
Aug 02 14:05:14 witherspoon kernel[982]: [    3.830000] aspeed-i2c-bus 1e78a0c0.i2c-bus: i2c bus 2 registered, irq 26
Aug 02 14:05:14 witherspoon kernel[982]: [    3.830000] aspeed-i2c-bus 1e78a100.i2c-bus: i2c bus 3 registered, irq 27
Aug 02 14:05:14 witherspoon kernel[982]: [    3.830000] aspeed-i2c-bus 1e78a140.i2c-bus: i2c bus 4 registered, irq 28
Aug 02 14:05:14 witherspoon kernel[982]: [    3.830000] aspeed-i2c-bus 1e78a180.i2c-bus: i2c bus 5 registered, irq 29
Aug 02 14:05:14 witherspoon kernel[982]: [    3.830000] aspeed-i2c-bus 1e78a380.i2c-bus: i2c bus 9 registered, irq 30
Aug 02 14:05:14 witherspoon kernel[982]: [    3.830000] aspeed-i2c-bus 1e78a3c0.i2c-bus: i2c bus 10 registered, irq 31
Aug 02 14:05:14 witherspoon kernel[982]: [    3.830000] rtc-rv8803 11-0032: Voltage low, temperature compensation stopped.
Aug 02 14:05:14 witherspoon kernel[982]: [    3.830000] rtc-rv8803 11-0032: An alarm maybe have been missed.
Aug 02 14:05:14 witherspoon kernel[982]: [    3.940000] rtc-rv8803 11-0032: rtc core: registered rx8900 as rtc0
Aug 02 14:05:14 witherspoon kernel[982]: [    3.950000] at24 11-0051: 8192 byte 24c64 EEPROM, writable, 1 bytes/write
Aug 02 14:05:14 witherspoon kernel[982]: [    3.950000] aspeed-i2c-bus 1e78a400.i2c-bus: i2c bus 11 registered, irq 32
Aug 02 14:05:14 witherspoon kernel[982]: [    3.950000] aspeed-i2c-bus 1e78a440.i2c-bus: i2c bus 12 registered, irq 33
Aug 02 14:05:14 witherspoon kernel[982]: [    3.950000] aspeed-i2c-bus 1e78a480.i2c-bus: i2c bus 13 registered, irq 34
Aug 02 14:05:14 witherspoon kernel[982]: [    3.950000] Driver for 1-wire Dallas network protocol.
Aug 02 14:05:14 witherspoon kernel[982]: [    3.950000] lm75 9-004a: hwmon0: sensor 'tmp275'
Aug 02 14:05:14 witherspoon kernel[982]: [    4.770000] ucd9000 11-0064: Device ID UCD90160|2.3.4.0000|110603
Aug 02 14:05:14 witherspoon kernel[982]: [    5.100000] leds-pca955x 3-0060: leds-pca955x: Using pca9552 16-bit LED driver at slave address 0x60
Aug 02 14:05:14 witherspoon kernel[982]: [    5.120000] leds-pca955x 11-0060: leds-pca955x: Using pca9552 16-bit LED driver at slave address 0x60
Aug 02 14:05:14 witherspoon kernel[982]: [    5.130000] leds-pca955x 11-0060: gpios 264...279
Aug 02 14:05:14 witherspoon kernel[982]: [    5.140000] usbcore: registered new interface driver usbhid
Aug 02 14:05:14 witherspoon kernel[982]: [    5.140000] usbhid: USB HID core driver
Aug 02 14:05:14 witherspoon kernel[982]: [    5.190000] NET: Registered protocol family 10
Aug 02 14:05:14 witherspoon kernel[982]: [    5.190000] Segment Routing with IPv6
Aug 02 14:05:14 witherspoon kernel[982]: [    5.200000] NET: Registered protocol family 17
Aug 02 14:05:14 witherspoon kernel[982]: [    5.200000] 8021q: 802.1Q VLAN Support v1.8
Aug 02 14:05:14 witherspoon kernel[982]: [    5.200000] console [netcon0] enabled
Aug 02 14:05:14 witherspoon kernel[982]: [    5.200000] netconsole: network logging started
Aug 02 14:05:14 witherspoon kernel[982]: [    5.220000] input: gpio-keys as /devices/platform/gpio-keys/input/input0
Aug 02 14:05:14 witherspoon kernel[982]: [    5.230000] rtc-rv8803 11-0032: setting system clock to 2017-08-02 14:04:46 UTC (1501682686)
Aug 02 14:05:14 witherspoon kernel[982]: [    5.240000] Freeing unused kernel memory: 284K
Aug 02 14:05:14 witherspoon kernel[982]: [    5.240000] This architecture does not have kernel memory protection.
Aug 02 14:05:14 witherspoon kernel[982]: [    6.660000] jffs2: notice: (526) jffs2_build_xattr_subsystem: complete building xattr subsystem, 0 of xdatum (0 unchecked, 0 orphan) and 0 of xref (0 dead, 0 orphan) found.
Aug 02 14:05:14 witherspoon kernel[982]: [    8.830000] systemd[1]: Failed to insert module 'autofs4': No such file or directory
Aug 02 14:05:14 witherspoon kernel[982]: [    9.020000] systemd[1]: systemd 232 running in system mode. (+PAM -AUDIT -SELINUX -IMA -APPARMOR -SMACK +SYSVINIT -UTMP -LIBCRYPTSETUP -GCRYPT -GNUTLS +ACL +XZ -LZ4 -SECCOMP +BLKID -ELFUTILS +KMOD -IDN)
Aug 02 14:05:14 witherspoon kernel[982]: [    9.020000] systemd[1]: Detected architecture arm.
Aug 02 14:05:14 witherspoon kernel[982]: [    9.150000] systemd[1]: Set hostname to <witherspoon>.
Aug 02 14:05:14 witherspoon kernel[982]: [   10.730000] systemd[1]: Started Forward Password Requests to Wall Directory Watch.
Aug 02 14:05:14 witherspoon kernel[982]: [   10.830000] systemd[1]: Listening on Journal Socket.
Aug 02 14:05:14 witherspoon kernel[982]: [   10.860000] systemd[1]: Reached target Swap.
Aug 02 14:05:14 witherspoon kernel[982]: [   10.890000] systemd[1]: Listening on udev Kernel Socket.
Aug 02 14:05:14 witherspoon kernel[982]: [   10.930000] systemd[1]: Listening on Network Service Netlink Socket.
Aug 02 14:05:14 witherspoon kernel[982]: [   10.980000] systemd[1]: Reached target Remote File Systems.
Aug 02 14:05:14 witherspoon kernel[982]: [   11.030000] systemd[1]: Listening on Journal Socket (/dev/log).
Aug 02 14:05:14 witherspoon kernel[982]: [   14.100000] systemd[1]: Created slice system-phosphor\x2dgpio\x2dpresence.slice.
Aug 02 14:05:14 witherspoon kernel[982]: [   14.310000] systemd[1]: Created slice system-org.openbmc.control.Chassis.slice.
Aug 02 14:05:14 witherspoon kernel[982]: [   14.530000] systemd[1]: Created slice system-getty.slice.
Aug 02 14:05:14 witherspoon kernel[982]: [   14.760000] systemd[1]: Created slice system-phosphor\x2dreset\x2dhost\x2dcheck.slice.
Aug 02 14:05:14 witherspoon kernel[982]: [   14.990000] systemd[1]: Mounting Temporary Directory...
Aug 02 14:05:14 witherspoon kernel[982]: [   15.230000] systemd[1]: Created slice system-obmc\x2dled\x2dgroup\x2dstart.slice.
Aug 02 14:05:14 witherspoon kernel[982]: [   15.480000] systemd[1]: Mounted Debug File System.
Aug 02 14:05:14 witherspoon kernel[982]: [   15.730000] systemd[1]: Mounted Temporary Directory.
Aug 02 14:05:14 witherspoon kernel[982]: [   15.990000] systemd[1]: Started Journal Service.
Aug 02 14:05:14 witherspoon kernel[982]: [   17.690000] systemd-journald[544]: Received request to flush runtime journal from PID 1
Aug 02 14:05:16 witherspoon avahi-daemon[972]: Found user 'avahi' (UID 999) and group 'avahi' (GID 999).
Aug 02 14:05:16 witherspoon avahi-daemon[972]: Successfully dropped root privileges.
Aug 02 14:05:16 witherspoon avahi-daemon[972]: avahi-daemon 0.6.32 starting up.
Aug 02 14:05:17 witherspoon avahi-daemon[972]: Successfully called chroot().
Aug 02 14:05:17 witherspoon avahi-daemon[972]: Successfully dropped remaining capabilities.
Aug 02 14:05:17 witherspoon avahi-daemon[972]: Loading service file /services/obmc_console.service.
Aug 02 14:05:17 witherspoon avahi-daemon[972]: Loading service file /services/phosphor_rest.service.
Aug 02 14:05:17 witherspoon avahi-daemon[972]: Loading service file /services/sftp-ssh.service.
Aug 02 14:05:17 witherspoon avahi-daemon[972]: Loading service file /services/sftp.service.
Aug 02 14:05:17 witherspoon avahi-daemon[972]: Loading service file /services/ssh.service.
Aug 02 14:05:17 witherspoon avahi-daemon[972]: Network interface enumeration completed.
Aug 02 14:05:17 witherspoon avahi-daemon[972]: Server startup complete. Host name is witherspoon.local. Local service cookie is 982884704.
Aug 02 14:05:17 witherspoon avahi-daemon[972]: Service "witherspoon" (/services/ssh.service) successfully established.
Aug 02 14:05:17 witherspoon avahi-daemon[972]: Service "sftp" (/services/sftp.service) successfully established.
Aug 02 14:05:17 witherspoon avahi-daemon[972]: Service "witherspoon" (/services/sftp-ssh.service) successfully established.
Aug 02 14:05:17 witherspoon avahi-daemon[972]: Service "phosphor_rest" (/services/phosphor_rest.service) successfully established.
Aug 02 14:05:17 witherspoon avahi-daemon[972]: Service "obmc_console" (/services/obmc_console.service) successfully established.
Aug 02 14:05:18 witherspoon kernel[982]: [   36.720000] ubi7: default fastmap pool size: 100
Aug 02 14:05:18 witherspoon kernel[982]: [   36.720000] ubi7: default fastmap WL pool size: 50
Aug 02 14:05:18 witherspoon kernel[982]: [   36.720000] ubi7: attaching mtd7
Aug 02 14:05:18 witherspoon kernel[982]: [   36.720000] ubi7: scanning is finished
Aug 02 14:05:18 witherspoon kernel[982]: [   36.720000] ubi7 error: ubi_read_volume_table: the layout volume was not found
Aug 02 14:05:18 witherspoon kernel[982]: [   36.720000] ubi7 error: ubi_attach_mtd_dev: failed to attach mtd7, error -22
Aug 02 14:05:18 witherspoon avahi-daemon[972]: Joining mDNS multicast group on interface eth0.IPv4 with address 9.3.86.161.
Aug 02 14:05:18 witherspoon avahi-daemon[972]: New relevant interface eth0.IPv4 for mDNS.
Aug 02 14:05:18 witherspoon avahi-daemon[972]: Registering new address record for 9.3.86.161 on eth0.IPv4.
Aug 02 14:05:20 witherspoon avahi-daemon[972]: Joining mDNS multicast group on interface eth0.IPv6 with address fe80::72e2:84ff:fe14:23e1.
Aug 02 14:05:20 witherspoon avahi-daemon[972]: New relevant interface eth0.IPv6 for mDNS.
Aug 02 14:05:20 witherspoon avahi-daemon[972]: Registering new address record for fe80::72e2:84ff:fe14:23e1 on eth0.*.
Aug 02 14:05:21 witherspoon kernel[982]: [   40.680000] ftgmac100 1e660000.ethernet eth0: NCSI interface up
Aug 02 14:05:27 witherspoon systemd[1]: Created slice system-dropbear.slice.
Aug 02 14:05:28 witherspoon systemd[1]: Started SSH Per-Connection Server (9.41.165.94:40256).
Aug 02 14:05:28 witherspoon dropbear[1011]: Failed loading /etc/dropbear/dropbear_dss_host_key
Aug 02 14:05:28 witherspoon dropbear[1011]: Failed loading /etc/dropbear/dropbear_ecdsa_host_key
Aug 02 14:05:28 witherspoon dropbear[1011]: Child connection from ::ffff:9.41.165.94:40256
Aug 02 14:05:33 witherspoon systemd-networkd[983]: eth0: Configured
Aug 02 14:05:33 witherspoon systemd-timesyncd[905]: Network configuration changed, trying to establish connection.
Aug 02 14:05:34 witherspoon dropbear[1011]: PAM password auth succeeded for 'root' from ::ffff:9.41.165.94:40256
Aug 02 14:05:34 witherspoon download_manager.py[955]: Running Download Manager
Aug 02 14:05:34 witherspoon systemd[1]: Started Phosphor Download Manager.
Aug 02 14:05:35 witherspoon dropbear[1012]: lastlog_perform_login: Couldn't stat /var/log/lastlog: No such file or directory
Aug 02 14:05:35 witherspoon dropbear[1012]: lastlog_openseek: /var/log/lastlog is not a file or directory!
Aug 02 14:05:35 witherspoon systemd[1]: Started Phosphor Chassis0 Control.
Aug 02 14:05:35 witherspoon chassis_control.py[963]: Running ChassisControlService
Aug 02 14:05:35 witherspoon sensor_manager2.py[969]: Setting boot count to 3
Aug 02 14:05:35 witherspoon systemd[1]: Started Phosphor Sensor Manager.
Aug 02 14:05:35 witherspoon sensor_manager2.py[969]: Starting sensor manager
Aug 02 14:05:36 witherspoon inventory_items.py[977]: Loading from cache: /var/cache/obmc/org.openbmc.inventory.system.chassis.motherboard.apss@org.openbmc.InventoryItem.props
Aug 02 14:05:36 witherspoon inventory_items.py[977]: Loading from cache: /var/cache/obmc/org.openbmc.inventory.system.chassis.motherboard@org.openbmc.InventoryItem.props
Aug 02 14:05:36 witherspoon inventory_items.py[977]: Loading from cache: /var/cache/obmc/org.openbmc.inventory.system.chassis.motherboard.refclock@org.openbmc.InventoryItem.props
Aug 02 14:05:36 witherspoon inventory_items.py[977]: Loading from cache: /var/cache/obmc/org.openbmc.inventory.system.chassis.motherboard.cpu1.core7@org.openbmc.InventoryItem.props
Aug 02 14:05:36 witherspoon inventory_items.py[977]: Loading from cache: /var/cache/obmc/org.openbmc.inventory.system.chassis.motherboard.cpu1.core4@org.openbmc.InventoryItem.props
Aug 02 14:05:36 witherspoon inventory_items.py[977]: Loading from cache: /var/cache/obmc/org.openbmc.inventory.system.chassis.motherboard.cpu1.core1@org.openbmc.InventoryItem.props
Aug 02 14:05:36 witherspoon inventory_items.py[977]: Loading from cache: /var/cache/obmc/org.openbmc.inventory.system.chassis.motherboard.cpu1.core10@org.openbmc.InventoryItem.props
Aug 02 14:05:36 witherspoon inventory_items.py[977]: Loading from cache: /var/cache/obmc/org.openbmc.inventory.system.chassis.motherboard.todclock@org.openbmc.InventoryItem.props
Aug 02 14:05:36 witherspoon inventory_items.py[977]: Loading from cache: /var/cache/obmc/org.openbmc.inventory.system.chassis.motherboard.cpu1@org.openbmc.InventoryItem.props
Aug 02 14:05:36 witherspoon inventory_items.py[977]: Loading from cache: /var/cache/obmc/org.openbmc.inventory.system.chassis.motherboard.bmc@org.openbmc.InventoryItem.props
Aug 02 14:05:36 witherspoon inventory_items.py[977]: Caching: /org/openbmc/inventory/system/chassis/motherboard/bmc
Aug 02 14:05:36 witherspoon inventory_items.py[977]: Loading from cache: /var/cache/obmc/org.openbmc.inventory.system.chassis.motherboard.cpu0.core1@org.openbmc.InventoryItem.props
Aug 02 14:05:36 witherspoon inventory_items.py[977]: Loading from cache: /var/cache/obmc/org.openbmc.inventory.system.chassis.motherboard.cpu0.core7@org.openbmc.InventoryItem.props
Aug 02 14:05:36 witherspoon inventory_items.py[977]: Loading from cache: /var/cache/obmc/org.openbmc.inventory.system.chassis.motherboard.cpu0.core4@org.openbmc.InventoryItem.props
Aug 02 14:05:36 witherspoon inventory_items.py[977]: Loading from cache: /var/cache/obmc/org.openbmc.inventory.system.chassis.motherboard.pcieclock@org.openbmc.InventoryItem.props
Aug 02 14:05:37 witherspoon inventory_items.py[977]: Loading from cache: /var/cache/obmc/org.openbmc.inventory.system.chassis.motherboard.cpu0.core10@org.openbmc.InventoryItem.props
Aug 02 14:05:37 witherspoon systemd[1]: Started Phosphor Inventory Manager.
Aug 02 14:05:37 witherspoon inventory_items.py[977]: Running Inventory Manager
Aug 02 14:05:37 witherspoon phosphor-mapper[961]: ObjectMapper startup complete.  Discovery in progress...
Aug 02 14:05:38 witherspoon avahi-daemon[989]: ../../avahi-0.6.32/avahi-daemon/chroot.c: open() failed: No such file or directory
Aug 02 14:05:38 witherspoon avahi-daemon[972]: Failed to open /usr/share/dbus-1/interfaces/org.freedesktop.Avahi.Server.xml: Invalid argument
Aug 02 14:05:38 witherspoon avahi-daemon[972]: Failed to load introspection data.
Aug 02 14:05:40 witherspoon systemd[1]: Started Phosphor User Manager.
Aug 02 14:05:40 witherspoon obmc-phosphor-userd[967]: Started
Aug 02 14:05:42 witherspoon netman.py[966]: Started
Aug 02 14:05:42 witherspoon systemd[1]: Started Phosphor Network Manager.
Aug 02 14:05:49 witherspoon phosphor-mapper[961]: ObjectMapper discovery complete
Aug 02 14:05:49 witherspoon systemd[1]: Started Phosphor DBus Service Discovery Manager.
Aug 02 14:05:49 witherspoon systemd[1]: Started Phosphor Hwmon Poller.
Aug 02 14:05:49 witherspoon systemd[1]: Started Phosphor Hwmon Poller.
Aug 02 14:05:49 witherspoon systemd[1]: Started Phosphor Hwmon Poller.
Aug 02 14:05:49 witherspoon systemd[1]: Started Phosphor Hwmon Poller.
Aug 02 14:05:49 witherspoon systemd[1]: Started Phosphor Hwmon Poller.
Aug 02 14:05:49 witherspoon systemd[1]: Started Phosphor Hwmon Poller.
Aug 02 14:05:49 witherspoon systemd[1]: Reached target Phosphor Object Mapper.
Aug 02 14:05:49 witherspoon systemd[1]: Starting Wait for /xyz/openbmc_project/time/sync_method...
Aug 02 14:05:49 witherspoon systemd[1]: Starting Wait for /xyz/openbmc_project/control/host0/power_restore_policy...
Aug 02 14:05:49 witherspoon systemd[1]: Starting Wait for /xyz/openbmc_project/state/chassis0...
Aug 02 14:05:49 witherspoon systemd[1]: Starting Phoshpor System Manager...
Aug 02 14:05:49 witherspoon systemd[1]: Starting Wait for /org/openbmc/control/bmc0...
Aug 02 14:05:49 witherspoon systemd[1]: Starting Wait for /xyz/openbmc_project/control/host0/boot_source...
Aug 02 14:05:49 witherspoon systemd[1]: Starting Wait for /xyz/openbmc_project/control/host0/boot_mode...
Aug 02 14:05:49 witherspoon systemd[1]: Starting Wait for /org/openbmc/managers/System...
Aug 02 14:05:49 witherspoon systemd[1]: Starting Wait for /xyz/openbmc_project/led/groups...
Aug 02 14:05:49 witherspoon systemd[1]: Starting Wait for /xyz/openbmc_project/control/host0/restriction_mode...
Aug 02 14:05:49 witherspoon systemd[1]: Starting Wait for /xyz/openbmc_project/control/host0/auto_reboot...
Aug 02 14:05:49 witherspoon systemd[1]: Starting Wait for /xyz/openbmc_project/state/host0...
Aug 02 14:05:49 witherspoon systemd[1]: Starting Phosphor Network Manager...
Aug 02 14:05:49 witherspoon systemd[1]: Starting Wait for /xyz/openbmc_project/time/owner...
Aug 02 14:05:49 witherspoon systemd[1]: Started Phosphor DBus Monitor.
Aug 02 14:05:49 witherspoon systemd[1]: Starting Wait for /xyz/openbmc_project/inventory...
Aug 02 14:05:49 witherspoon systemd[1]: Starting Wait for /xyz/openbmc_project/control/host0...
Aug 02 14:05:49 witherspoon systemd[1]: Starting Wait for /xyz/openbmc_project/led/groups/bmc_booted...
Aug 02 14:05:49 witherspoon systemd[1]: Starting Wait for /org/openbmc/control/power0...
Aug 02 14:05:49 witherspoon systemd[1]: Starting Wait for /org/openbmc/control/flash/bios...
Aug 02 14:05:49 witherspoon systemd[1]: Starting Wait for /org/openbmc/NetworkManager/Interface...
Aug 02 14:05:49 witherspoon systemd[1]: Starting Wait for /org/openbmc/managers/Download...
Aug 02 14:05:49 witherspoon systemd[1]: Reached target Webserver (pre).
Aug 02 14:05:49 witherspoon systemd[1]: Started Phosphor Webserver.
Aug 02 14:05:49 witherspoon systemd[1]: Starting Phosphor Settings Manager...
Aug 02 14:05:55 witherspoon phosphor-network-manager[1036]: ConfigParser: Section not found
Aug 02 14:05:55 witherspoon phosphor-network-manager[1036]: The operation failed internally.
Aug 02 14:05:56 witherspoon systemd[1]: Started Wait for /org/openbmc/managers/Download.
Aug 02 14:05:56 witherspoon systemd[1]: Starting Phosphor BIOS Code Update...
Aug 02 14:05:56 witherspoon systemd[1]: Started Wait for /xyz/openbmc_project/time/sync_method.
Aug 02 14:05:56 witherspoon systemd[1]: Started Wait for /xyz/openbmc_project/control/host0/power_restore_policy.
Aug 02 14:05:56 witherspoon phosphor-network-manager[1036]: ConfigParser: Section not found
Aug 02 14:05:56 witherspoon phosphor-network-manager[1036]: The operation failed internally.
Aug 02 14:05:56 witherspoon phosphor-network-manager[1036]: ConfigParser: Key not found
Aug 02 14:05:56 witherspoon phosphor-network-manager[1036]: The operation failed internally.
Aug 02 14:05:56 witherspoon systemd[1]: Started Wait for /org/openbmc/control/bmc0.
Aug 02 14:05:56 witherspoon systemd[1]: Started Wait for /xyz/openbmc_project/control/host0/boot_source.
Aug 02 14:05:56 witherspoon systemd[1]: Started Wait for /xyz/openbmc_project/control/host0/boot_mode.
Aug 02 14:05:56 witherspoon systemd[1]: Started Wait for /xyz/openbmc_project/led/groups.
Aug 02 14:05:56 witherspoon systemd[1]: Started Wait for /xyz/openbmc_project/control/host0/restriction_mode.
Aug 02 14:05:56 witherspoon systemd[1]: Started Wait for /xyz/openbmc_project/control/host0/auto_reboot.
Aug 02 14:05:56 witherspoon systemd[1]: Started Wait for /xyz/openbmc_project/time/owner.
Aug 02 14:05:56 witherspoon systemd[1]: Started Wait for /xyz/openbmc_project/inventory.
Aug 02 14:05:56 witherspoon systemd[1]: Started Wait for /xyz/openbmc_project/led/groups/bmc_booted.
Aug 02 14:05:57 witherspoon systemd[1]: Started Phosphor Cooling Type.
Aug 02 14:05:57 witherspoon systemd[1]: Started Phosphor GPIO 0 Presence.
Aug 02 14:05:57 witherspoon systemd[1]: Starting Read OpenPOWER-format VPD from EEPROM...
Aug 02 14:05:57 witherspoon systemd[1]: Starting OpenPOWER OCC controller...
Aug 02 14:05:57 witherspoon systemd[1]: Started Phosphor GPIO 1 Presence.
Aug 02 14:05:57 witherspoon systemd[1]: Started FRU Fault monitor service.
Aug 02 14:05:57 witherspoon systemd[1]: Starting Phosphor BMC Code Update...
Aug 02 14:05:58 witherspoon systemd[1]: Started Wait for /org/openbmc/NetworkManager/Interface.
Aug 02 14:05:58 witherspoon systemd[1]: Started Phosphor DNS Settings Cache Manager.
Aug 02 14:05:59 witherspoon systemd[1]: Started Phosphor BIOS Code Update.
Aug 02 14:06:01 witherspoon phosphor-log-manager[970]: Failed to find metadata
Aug 02 14:06:01 witherspoon phosphor-fru-fault-monitor[1070]: /xyz/openbmc_project/logging/entry/1
Aug 02 14:06:04 witherspoon dbus[959]: [system] Activating via systemd: service name='org.freedesktop.hostname1' unit='dbus-org.freedesktop.hostname1.service'
Aug 02 14:06:04 witherspoon systemd[1]: Started Phosphor Settings Manager.
Aug 02 14:06:04 witherspoon settings_manager.py[1047]: Running HostSettingsService
Aug 02 14:06:05 witherspoon system_manager.py[1027]: Running System State: BASE_APPS
Aug 02 14:06:05 witherspoon system_manager.py[1027]: SystemManager Init Done
Aug 02 14:06:04 witherspoon systemd[1]: Starting Hostname Service...
Aug 02 14:06:04 witherspoon phosphor-gpio-presence[1069]: Updating inventory present property
Aug 02 14:06:04 witherspoon systemd[1]: Starting Wait for /org/openbmc/settings/host0...
Aug 02 14:06:05 witherspoon system_manager.py[1027]: Running SystemManager
Aug 02 14:06:05 witherspoon systemd[1]: Started Phoshpor System Manager.
Aug 02 14:06:05 witherspoon phosphor-gpio-presence[1066]: Updating inventory present property
Aug 02 14:06:07 witherspoon dbus[959]: [system] Successfully activated service 'org.freedesktop.hostname1'
Aug 02 14:06:07 witherspoon systemd[1]: Started Hostname Service.
Aug 02 14:06:07 witherspoon systemd[1]: Started Phosphor Network Manager.
Aug 02 14:06:07 witherspoon systemd[1]: Started OpenPOWER OCC controller.
Aug 02 14:06:07 witherspoon system_manager.py[1027]: SystemManager Goto System State: BMC_STARTING
Aug 02 14:06:08 witherspoon system_manager.py[1027]: Running System State: BMC_STARTING
Aug 02 14:06:08 witherspoon bmc_update.py[1071]: Running Bmc Flash Control
Aug 02 14:06:08 witherspoon systemd[1]: Started Phosphor BMC Code Update.
Aug 02 14:06:10 witherspoon systemd[1]: Started Read OpenPOWER-format VPD from EEPROM.
Aug 02 14:06:17 witherspoon systemd[1]: Started Wait for /org/openbmc/settings/host0.
Aug 02 14:06:17 witherspoon systemd[1]: Started Phosphor Inband IPMI.
Aug 02 14:06:17 witherspoon systemd[1]: Started Wait for /org/openbmc/control/flash/bios.
Aug 02 14:06:17 witherspoon systemd[1]: Started Initialize BIOS Flash.
Aug 02 14:06:17 witherspoon systemd[1]: Started Wait for /org/openbmc/managers/System.
Aug 02 14:06:17 witherspoon systemd[1]: Starting Phosphor Chassis State Manager...
Aug 02 14:06:17 witherspoon systemd[1]: Starting Phosphor Host State Manager...
Aug 02 14:06:17 witherspoon systemd[1]: Starting Phosphor BMC State Manager...
Aug 02 14:06:17 witherspoon systemd[1]: Starting Phosphor Power0 Control...
Aug 02 14:06:17 witherspoon systemd[1]: Starting Phosphor Power Button0...
Aug 02 14:06:17 witherspoon systemd[1]: Starting Phosphor Reset Button0...
Aug 02 14:06:18 witherspoon phosphor-chassis-state-manager[1084]: Initial Chassis State will be Off
Aug 02 14:06:18 witherspoon systemd[1]: Started Phosphor Chassis State Manager.
Aug 02 14:06:18 witherspoon phosphor-bmc-state-manager[1086]: Setting the BMCState field
Aug 02 14:06:18 witherspoon phosphor-bmc-state-manager[1086]: Setting the BMCState field
Aug 02 14:06:18 witherspoon systemd[1]: Started Phosphor BMC State Manager.
Aug 02 14:06:20 witherspoon button_power.exe[1089]: GPIO Lookup:  POWER_BUTTON = 347,both
Aug 02 14:06:20 witherspoon systemd[1]: Started Phosphor Power Button0.
Aug 02 14:06:20 witherspoon button_reset.exe[1090]: GPIO Lookup:  RESET_BUTTON = 353,both
Aug 02 14:06:20 witherspoon systemd[1]: Started Phosphor Reset Button0.
Aug 02 14:06:20 witherspoon system_manager.py[1027]: New object: /org/openbmc/control/power0 (:1.83)
Aug 02 14:06:20 witherspoon system_manager.py[1027]: Power GPIO config: ['SYS_PWROK_BUFF', '', [('SOFTWARE_PGOOD', True), ('BMC_POWER_UP', True)], [('BMC_CP0_RESET_N', False)], [], 'FSI_DATA', 'FSI_CLK', 'FSI_ENABLE', 'CRONUS_SEL', []]
Aug 02 14:06:20 witherspoon power_control.exe[1088]: Power GPIO latch output:
Aug 02 14:06:20 witherspoon power_control.exe[1088]: Power GPIO power good input: SYS_PWROK_BUFF
Aug 02 14:06:20 witherspoon power_control.exe[1088]: Power GPIO 2 power_up outputs
Aug 02 14:06:20 witherspoon power_control.exe[1088]: Power GPIO power_up[0] = SOFTWARE_PGOOD active HIGH
Aug 02 14:06:20 witherspoon power_control.exe[1088]: Power GPIO power_up[1] = BMC_POWER_UP active HIGH
Aug 02 14:06:20 witherspoon power_control.exe[1088]: Power GPIO 1 reset outputs
Aug 02 14:06:20 witherspoon power_control.exe[1088]: Power GPIO reset[0] = BMC_CP0_RESET_N active LOW
Aug 02 14:06:20 witherspoon power_control.exe[1088]: Power GPIO 0 pci reset outputs
Aug 02 14:06:20 witherspoon power_control.exe[1088]: FSI DATA GPIO: FSI_DATA
Aug 02 14:06:20 witherspoon power_control.exe[1088]: FSI CLK GPIO: FSI_CLK
Aug 02 14:06:20 witherspoon power_control.exe[1088]: FSI ENABLE GPIO: FSI_ENABLE
Aug 02 14:06:20 witherspoon power_control.exe[1088]: CRONUS SEL GPIO: CRONUS_SEL
Aug 02 14:06:20 witherspoon power_control.exe[1088]: Hostctl GPIO optionals: 0
Aug 02 14:06:20 witherspoon power_control.exe[1088]: GPIO Lookup:  SYS_PWROK_BUFF = 306,in
Aug 02 14:06:21 witherspoon power_control.exe[1088]: GPIO Lookup:  SOFTWARE_PGOOD = 417,out
Aug 02 14:06:21 witherspoon power_control.exe[1088]: GPIO Lookup:  BMC_POWER_UP = 305,out
Aug 02 14:06:21 witherspoon power_control.exe[1088]: GPIO Lookup:  BMC_CP0_RESET_N = 281,out
Aug 02 14:06:21 witherspoon power_control.exe[1088]: Pgood state: 0
Aug 02 14:06:21 witherspoon systemd[1]: Started Phosphor Power0 Control.
Aug 02 14:06:22 witherspoon flash_bios.exe[1048]: Starting flasher: bios,,/org/openbmc/control/flash/bios,
Aug 02 14:06:22 witherspoon flash_bios.exe[1048]: flasher: , BMC = 1, address = 0x0
Aug 02 14:06:22 witherspoon flash_bios.exe[1048]: Setting up flash
Aug 02 14:06:22 witherspoon flash_bios.exe[1048]: Starting flasher: bios,,/org/openbmc/control/flash/bios,
Aug 02 14:06:22 witherspoon flash_bios.exe[1048]: flasher: , BMC = 1, address = 0x0
Aug 02 14:06:22 witherspoon flash_bios.exe[1048]: Setting up flash
Aug 02 14:06:23 witherspoon phosphor-host-state-manager[1085]: Initial Host State will be Off
Aug 02 14:06:25 witherspoon systemd[1]: Started Phosphor Host State Manager.
Aug 02 14:06:26 witherspoon system_manager.py[1027]: SystemManager Goto System State: BMC_READY
Aug 02 14:06:26 witherspoon system_manager.py[1027]: Running System State: BMC_READY
Aug 02 14:06:26 witherspoon systemd[1]: Started Wait for /org/openbmc/control/power0.
Aug 02 14:06:26 witherspoon systemd[1]: Starting Phosphor Time Manager daemon...
Aug 02 14:06:26 witherspoon systemd[1]: Starting Check Chassis0 pgood and create a file to indicate it...
Aug 02 14:06:26 witherspoon systemd[1]: Started Wait for /xyz/openbmc_project/state/chassis0.
Aug 02 14:06:28 witherspoon timemanager[1121]: Registering dbus methods
Aug 02 14:06:28 witherspoon systemd[1]: Started Wait for /xyz/openbmc_project/control/host0.
Aug 02 14:06:29 witherspoon systemd[1]: Started Wait for /xyz/openbmc_project/state/host0.
Aug 02 14:06:29 witherspoon systemd[1]: Starting Reboot If Enabled...
Aug 02 14:06:30 witherspoon phosphor-discover-system-state[1133]: Host power is off, checking power policy
Aug 02 14:06:30 witherspoon systemd[1]: Started Reboot If Enabled.
Aug 02 14:06:30 witherspoon timemanager[1121]: Last known time_mode: NTP
Aug 02 14:06:30 witherspoon timemanager[1121]: Last known time_owner: BMC
Aug 02 14:06:30 witherspoon timemanager[1121]: Empty DhcpNtp string
Aug 02 14:06:30 witherspoon timemanager[1121]: Reading Power Control key: pgood
Aug 02 14:06:31 witherspoon systemd[1]: Started Check Chassis0 pgood and create a file to indicate it.
Aug 02 14:06:31 witherspoon systemd[1]: Reached target Chassis0 power on after reset.
Aug 02 14:06:31 witherspoon systemd[1]: Reached target Chassis0 (Reset Check).
Aug 02 14:06:31 witherspoon systemd[1]: Reached target Host0 running after reset.
Aug 02 14:06:31 witherspoon systemd[1]: Reached target Host0 (Reset Check).
Aug 02 14:06:31 witherspoon timemanager[1121]: Changing settings *allowed* now
Aug 02 14:06:31 witherspoon timemanager[1121]: Owner is already set to : BMC
Aug 02 14:06:31 witherspoon timemanager[1121]: Requested_Mode: NTP Current_Mode: NTP
Aug 02 14:06:31 witherspoon timemanager[1121]: Mode is already set to : NTP
Aug 02 14:06:31 witherspoon timemanager[1121]: Getting System Settings: use_dhcp_ntp
Aug 02 14:06:31 witherspoon timemanager[1121]: use_dhcp_ntp = yes
Aug 02 14:06:31 witherspoon timemanager[1121]: Last known host_offset:0
Aug 02 14:06:31 witherspoon timemanager[1121]: Initial Uptime Usec: 1501682681260340
Aug 02 14:06:31 witherspoon systemd[1]: Started Phosphor Time Manager daemon.
Aug 02 14:06:31 witherspoon systemd[1]: Reached target Phosphor System - Standby.
Aug 02 14:06:31 witherspoon systemd[1]: Starting Assert bmc_booted LED...
Aug 02 14:06:31 witherspoon phosphor-bmc-state-manager[1086]: BMC_READY
Aug 02 14:06:31 witherspoon phosphor-bmc-state-manager[1086]: Setting the BMCState field
Aug 02 14:06:32 witherspoon systemd[1]: Started Assert bmc_booted LED.
Aug 02 14:06:32 witherspoon systemd[1]: Startup finished in 8.678s (kernel) + 1min 42.482s (userspace) = 1min 51.161s.
Aug 02 14:06:39 witherspoon phosphor-gevent[1046]: Traceback (most recent call last):
Aug 02 14:06:39 witherspoon phosphor-gevent[1046]:   File "/usr/lib/python2.7/site-packages/gevent/greenlet.py", line 327, in run
Aug 02 14:06:39 witherspoon phosphor-gevent[1046]:     result = self._run(*self.args, **self.kwargs)
Aug 02 14:06:39 witherspoon phosphor-gevent[1046]:   File "/usr/lib/python2.7/site-packages/gevent/server.py", line 102, in wrap_socket_and_handle
Aug 02 14:06:39 witherspoon phosphor-gevent[1046]:     ssl_socket = self.wrap_socket(client_socket, **self.ssl_args)
Aug 02 14:06:39 witherspoon phosphor-gevent[1046]:   File "/usr/lib/python2.7/site-packages/gevent/ssl.py", line 404, in wrap_socket
Aug 02 14:06:39 witherspoon phosphor-gevent[1046]:     ciphers=ciphers)
Aug 02 14:06:39 witherspoon phosphor-gevent[1046]:   File "/usr/lib/python2.7/site-packages/gevent/ssl.py", line 113, in __init__
Aug 02 14:06:39 witherspoon phosphor-gevent[1046]:     self.do_handshake()
Aug 02 14:06:39 witherspoon phosphor-gevent[1046]:   File "/usr/lib/python2.7/site-packages/gevent/ssl.py", line 324, in do_handshake
Aug 02 14:06:39 witherspoon phosphor-gevent[1046]:     return self._sslobj.do_handshake()
Aug 02 14:06:39 witherspoon phosphor-gevent[1046]: SSLEOFError: EOF occurred in violation of protocol (_ssl.c:590)
Aug 02 14:06:39 witherspoon phosphor-gevent[1046]: <Greenlet at 0x760203f0: <bound method WSGIServer.wrap_socket_and_handle of <WSGIServer at 0x75ff6b50 fileno=5 address=('::34a2:f076:b07d:6676%1986428320', 443, 0, 1986428320)>>(<socket at 0x75ecd830 fileno=9>, ('::8089:6476:8e91:f402%1995410204', 55962, 0, 199)> failed with SSLEOFError
Aug 02 14:06:39 witherspoon phosphor-gevent[1046]: Traceback (most recent call last):
Aug 02 14:06:39 witherspoon phosphor-gevent[1046]:   File "/usr/lib/python2.7/site-packages/gevent/greenlet.py", line 327, in run
Aug 02 14:06:39 witherspoon phosphor-gevent[1046]:     result = self._run(*self.args, **self.kwargs)
Aug 02 14:06:39 witherspoon phosphor-gevent[1046]:   File "/usr/lib/python2.7/site-packages/gevent/server.py", line 102, in wrap_socket_and_handle
Aug 02 14:06:39 witherspoon phosphor-gevent[1046]:     ssl_socket = self.wrap_socket(client_socket, **self.ssl_args)
Aug 02 14:06:39 witherspoon phosphor-gevent[1046]:   File "/usr/lib/python2.7/site-packages/gevent/ssl.py", line 404, in wrap_socket
Aug 02 14:06:39 witherspoon phosphor-gevent[1046]:     ciphers=ciphers)
Aug 02 14:06:39 witherspoon phosphor-gevent[1046]:   File "/usr/lib/python2.7/site-packages/gevent/ssl.py", line 113, in __init__
Aug 02 14:06:39 witherspoon phosphor-gevent[1046]:     self.do_handshake()
Aug 02 14:06:39 witherspoon phosphor-gevent[1046]:   File "/usr/lib/python2.7/site-packages/gevent/ssl.py", line 324, in do_handshake
Aug 02 14:06:39 witherspoon phosphor-gevent[1046]:     return self._sslobj.do_handshake()
Aug 02 14:06:39 witherspoon phosphor-gevent[1046]: SSLEOFError: EOF occurred in violation of protocol (_ssl.c:590)
Aug 02 14:06:39 witherspoon phosphor-gevent[1046]: <Greenlet at 0x760206c0: <bound method WSGIServer.wrap_socket_and_handle of <WSGIServer at 0x75ff6b50 fileno=5 address=('::34a2:f076:b07d:6676%1986428320', 443, 0, 1986428320)>>(<socket at 0x75ecd7d0 fileno=10>, ('::8089:6476:8e91:f402%1995410204', 55970, 0, 199)> failed with SSLEOFError
Aug 02 14:06:40 witherspoon phosphor-gevent[1046]: Traceback (most recent call last):
Aug 02 14:06:40 witherspoon phosphor-gevent[1046]:   File "/usr/lib/python2.7/site-packages/gevent/greenlet.py", line 327, in run
Aug 02 14:06:40 witherspoon phosphor-gevent[1046]:     result = self._run(*self.args, **self.kwargs)
Aug 02 14:06:40 witherspoon phosphor-gevent[1046]:   File "/usr/lib/python2.7/site-packages/gevent/server.py", line 102, in wrap_socket_and_handle
Aug 02 14:06:40 witherspoon phosphor-gevent[1046]:     ssl_socket = self.wrap_socket(client_socket, **self.ssl_args)
Aug 02 14:06:40 witherspoon phosphor-gevent[1046]:   File "/usr/lib/python2.7/site-packages/gevent/ssl.py", line 404, in wrap_socket
Aug 02 14:06:40 witherspoon phosphor-gevent[1046]:     ciphers=ciphers)
Aug 02 14:06:40 witherspoon phosphor-gevent[1046]:   File "/usr/lib/python2.7/site-packages/gevent/ssl.py", line 113, in __init__
Aug 02 14:06:40 witherspoon phosphor-gevent[1046]:     self.do_handshake()
Aug 02 14:06:40 witherspoon phosphor-gevent[1046]:   File "/usr/lib/python2.7/site-packages/gevent/ssl.py", line 324, in do_handshake
Aug 02 14:06:40 witherspoon phosphor-gevent[1046]:     return self._sslobj.do_handshake()
Aug 02 14:06:40 witherspoon phosphor-gevent[1046]: SSLEOFError: EOF occurred in violation of protocol (_ssl.c:590)
Aug 02 14:06:40 witherspoon phosphor-gevent[1046]: <Greenlet at 0x760203a0: <bound method WSGIServer.wrap_socket_and_handle of <WSGIServer at 0x75ff6b50 fileno=5 address=('::34a2:f076:b07d:6676%1986428320', 443, 0, 1986428320)>>(<socket at 0x75ecd870 fileno=11>, ('::8089:6476:8e91:f402%1995410204', 55980, 0, 199)> failed with SSLEOFError
Aug 02 14:06:47 witherspoon phosphor-gevent[1046]: ::8089:6476:8e91:f402%1995410204 - - [2017-08-02 14:06:47] "POST /login HTTP/1.1" 200 320 0.044940
Aug 02 14:06:47 witherspoon phosphor-gevent[1046]: ::8089:6476:8e91:f402%1995410204 - - [2017-08-02 14:06:47] "GET /xyz/openbmc_project/state/chassis0//attr/CurrentPowerState HTTP/1.1" 200 216 0.058806
Aug 02 14:06:48 witherspoon phosphor-gevent[1046]: ::8089:6476:8e91:f402%1995410204 - - [2017-08-02 14:06:48] "POST /login HTTP/1.1" 200 320 0.038347
Aug 02 14:06:48 witherspoon phosphor-gevent[1046]: ::8089:6476:8e91:f402%1995410204 - - [2017-08-02 14:06:48] "GET /xyz/openbmc_project/state/chassis0//attr/CurrentPowerState HTTP/1.1" 200 216 0.048954
Aug 02 14:06:48 witherspoon phosphor-gevent[1046]: ::8089:6476:8e91:f402%1995410204 - - [2017-08-02 14:06:48] "POST /login HTTP/1.1" 200 320 0.032773
Aug 02 14:06:48 witherspoon phosphor-gevent[1046]: ::8089:6476:8e91:f402%1995410204 - - [2017-08-02 14:06:48] "GET /org/openbmc/sensors/host/BootProgress/attr/value HTTP/1.1" 200 170 0.056865
Aug 02 14:06:48 witherspoon phosphor-gevent[1046]: ::8089:6476:8e91:f402%1995410204 - - [2017-08-02 14:06:48] "POST /login HTTP/1.1" 200 320 0.032828
Aug 02 14:06:48 witherspoon phosphor-gevent[1046]: ::8089:6476:8e91:f402%1995410204 - - [2017-08-02 14:06:48] "GET /xyz/openbmc_project/state/host0//attr/CurrentHostState HTTP/1.1" 200 212 0.048799
Aug 02 14:06:48 witherspoon phosphor-gevent[1046]: ::8089:6476:8e91:f402%1995410204 - - [2017-08-02 14:06:48] "POST /login HTTP/1.1" 200 320 0.032892
Aug 02 14:06:49 witherspoon phosphor-gevent[1046]: ::8089:6476:8e91:f402%1995410204 - - [2017-08-02 14:06:49] "GET /xyz/openbmc_project/logging/entry//list HTTP/1.1" 200 214 0.049940
Aug 02 14:06:49 witherspoon phosphor-gevent[1046]: ::8089:6476:8e91:f402%1995410204 - - [2017-08-02 14:06:49] "POST /login HTTP/1.1" 200 320 0.032478
Aug 02 14:06:49 witherspoon phosphor-gevent[1046]: ::8089:6476:8e91:f402%1995410204 - - [2017-08-02 14:06:49] "GET /xyz/openbmc_project/logging/entry//list HTTP/1.1" 200 214 0.037930
Aug 02 14:06:49 witherspoon phosphor-gevent[1046]: ::8089:6476:8e91:f402%1995410204 - - [2017-08-02 14:06:49] "POST /login HTTP/1.1" 200 320 0.032810
Aug 02 14:06:49 witherspoon phosphor-gevent[1046]: ::8089:6476:8e91:f402%1995410204 - - [2017-08-02 14:06:49] "DELETE /xyz/openbmc_project/logging/entry/1 HTTP/1.1" 200 169 0.064162
Aug 02 14:06:49 witherspoon systemd[1]: Started SSH Per-Connection Server (9.41.165.94:40298).
Aug 02 14:06:49 witherspoon dropbear[1146]: Failed loading /etc/dropbear/dropbear_dss_host_key
Aug 02 14:06:49 witherspoon dropbear[1146]: Failed loading /etc/dropbear/dropbear_ecdsa_host_key
Aug 02 14:06:49 witherspoon dropbear[1146]: Child connection from ::ffff:9.41.165.94:40298
Aug 02 14:06:50 witherspoon dropbear[1146]: PAM password auth succeeded for 'root' from ::ffff:9.41.165.94:40298
Aug 02 14:06:50 witherspoon dropbear[1147]: lastlog_perform_login: Couldn't stat /var/log/lastlog: No such file or directory
Aug 02 14:06:50 witherspoon dropbear[1147]: lastlog_openseek: /var/log/lastlog is not a file or directory!
Aug 02 14:06:51 witherspoon phosphor-gevent[1046]: ::8089:6476:8e91:f402%1995410204 - - [2017-08-02 14:06:51] "POST /login HTTP/1.1" 200 320 0.041937
Aug 02 14:06:51 witherspoon phosphor-gevent[1046]: ::8089:6476:8e91:f402%1995410204 - - [2017-08-02 14:06:51] "GET /xyz/openbmc_project/state/host0//attr/CurrentHostState HTTP/1.1" 200 212 0.048901
Aug 02 14:06:52 witherspoon dropbear[1011]: Exit (root): Exited normally
Aug 02 14:06:52 witherspoon dropbear[1146]: Exit (root): Exited normally
Aug 02 14:06:55 witherspoon systemd[1]: Started SSH Per-Connection Server (9.41.165.94:40308).
Aug 02 14:06:55 witherspoon dropbear[1158]: Failed loading /etc/dropbear/dropbear_dss_host_key
Aug 02 14:06:55 witherspoon dropbear[1158]: Failed loading /etc/dropbear/dropbear_ecdsa_host_key
Aug 02 14:06:55 witherspoon dropbear[1158]: Child connection from ::ffff:9.41.165.94:40308
Aug 02 14:06:55 witherspoon dropbear[1158]: PAM password auth succeeded for 'root' from ::ffff:9.41.165.94:40308
Aug 02 14:06:55 witherspoon dropbear[1159]: lastlog_perform_login: Couldn't stat /var/log/lastlog: No such file or directory
Aug 02 14:06:55 witherspoon dropbear[1159]: lastlog_openseek: /var/log/lastlog is not a file or directory!
Aug 02 14:06:56 witherspoon phosphor-gevent[1046]: ::8089:6476:8e91:f402%1995410204 - - [2017-08-02 14:06:56] "POST /login HTTP/1.1" 200 320 0.045389
Aug 02 14:06:56 witherspoon phosphor-gevent[1046]: ::8089:6476:8e91:f402%1995410204 - - [2017-08-02 14:06:56] "PUT /org/openbmc/settings/host0/attr/power_policy HTTP/1.1" 200 169 0.187390
Aug 02 14:06:56 witherspoon phosphor-gevent[1046]: ::8089:6476:8e91:f402%1995410204 - - [2017-08-02 14:06:56] "POST /login HTTP/1.1" 200 320 0.049879
Aug 02 14:06:57 witherspoon phosphor-gevent[1046]: ::8089:6476:8e91:f402%1995410204 - - [2017-08-02 14:06:57] "GET /org/openbmc/settings/host0/attr/power_policy HTTP/1.1" 200 185 0.069662
Aug 02 14:06:57 witherspoon phosphor-gevent[1046]: ::8089:6476:8e91:f402%1995410204 - - [2017-08-02 14:06:57] "POST /login HTTP/1.1" 200 320 0.036130
Aug 02 14:06:57 witherspoon phosphor-gevent[1046]: ::8089:6476:8e91:f402%1995410204 - - [2017-08-02 14:06:57] "GET /xyz/openbmc_project/state/chassis0//attr/CurrentPowerState HTTP/1.1" 200 216 0.054520
Aug 02 14:06:57 witherspoon phosphor-gevent[1046]: ::8089:6476:8e91:f402%1995410204 - - [2017-08-02 14:06:57] "POST /login HTTP/1.1" 200 320 0.032776
Aug 02 14:06:57 witherspoon phosphor-gevent[1046]: ::8089:6476:8e91:f402%1995410204 - - [2017-08-02 14:06:57] "GET /xyz/openbmc_project/state/bmc0//attr/CurrentBMCState HTTP/1.1" 200 212 0.060728
Aug 02 14:06:58 witherspoon phosphor-gevent[1046]: ::8089:6476:8e91:f402%1995410204 - - [2017-08-02 14:06:58] "POST /login HTTP/1.1" 200 320 0.080123
Aug 02 14:06:58 witherspoon phosphor-gevent[1046]: ::8089:6476:8e91:f402%1995410204 - - [2017-08-02 14:06:58] "GET /org/openbmc/sensors/host/BootProgress/attr/value HTTP/1.1" 200 170 0.058052
Aug 02 14:06:58 witherspoon phosphor-gevent[1046]: ::8089:6476:8e91:f402%1995410204 - - [2017-08-02 14:06:58] "POST /login HTTP/1.1" 200 320 0.043746
Aug 02 14:06:58 witherspoon phosphor-gevent[1046]: ::8089:6476:8e91:f402%1995410204 - - [2017-08-02 14:06:58] "GET /xyz/openbmc_project/state/host0//attr/CurrentHostState HTTP/1.1" 200 212 0.054081
Aug 02 14:06:58 witherspoon phosphor-gevent[1046]: ::8089:6476:8e91:f402%1995410204 - - [2017-08-02 14:06:58] "POST /login HTTP/1.1" 200 320 0.033013
Aug 02 14:06:58 witherspoon phosphor-gevent[1046]: ::8089:6476:8e91:f402%1995410204 - - [2017-08-02 14:06:58] "GET /xyz/openbmc_project/logging/entry//list HTTP/1.1" 404 311 0.029565
Aug 02 14:06:58 witherspoon systemd[1]: Started SSH Per-Connection Server (9.41.165.94:40324).
Aug 02 14:06:58 witherspoon dropbear[1165]: Failed loading /etc/dropbear/dropbear_dss_host_key
Aug 02 14:06:58 witherspoon dropbear[1165]: Failed loading /etc/dropbear/dropbear_ecdsa_host_key
Aug 02 14:06:58 witherspoon dropbear[1165]: Child connection from ::ffff:9.41.165.94:40324
Aug 02 14:06:59 witherspoon dropbear[1165]: PAM password auth succeeded for 'root' from ::ffff:9.41.165.94:40324
Aug 02 14:07:28 witherspoon phosphor-gevent[1046]: ::8089:6476:8e91:f402%1995410204 - - [2017-08-02 14:07:28] "POST /login HTTP/1.1" 200 320 0.033162
Aug 02 14:07:28 witherspoon phosphor-gevent[1046]: ::8089:6476:8e91:f402%1995410204 - - [2017-08-02 14:07:28] "POST /org/openbmc/control/flash/bios//action/update HTTP/1.1" 200 169 0.283245
Aug 02 14:07:29 witherspoon flash_bios.exe[1048]: Starting flasher: bios,/tmp/witherspoon_910_golden.pnor,/org/openbmc/control/flash/bios,
Aug 02 14:07:29 witherspoon flash_bios.exe[1048]: flasher: /tmp/witherspoon_910_golden.pnor, BMC = 1, address = 0x0
Aug 02 14:07:29 witherspoon flash_bios.exe[1048]: Setting up flash
Aug 02 14:07:29 witherspoon phosphor-gevent[1046]: ::8089:6476:8e91:f402%1995410204 - - [2017-08-02 14:07:29] "POST /login HTTP/1.1" 200 320 0.032934
Aug 02 14:07:29 witherspoon phosphor-gevent[1046]: ::8089:6476:8e91:f402%1995410204 - - [2017-08-02 14:07:29] "GET /org/openbmc/control/flash/bios HTTP/1.1" 200 397 0.199877
Aug 02 14:07:29 witherspoon phosphor-gevent[1046]: ::8089:6476:8e91:f402%1995410204 - - [2017-08-02 14:07:29] "POST /login HTTP/1.1" 200 320 0.033260
Aug 02 14:07:30 witherspoon phosphor-gevent[1046]: ::8089:6476:8e91:f402%1995410204 - - [2017-08-02 14:07:30] "GET /org/openbmc/control/flash/bios HTTP/1.1" 200 397 0.067473
Aug 02 14:07:40 witherspoon phosphor-gevent[1046]: ::8089:6476:8e91:f402%1995410204 - - [2017-08-02 14:07:40] "POST /login HTTP/1.1" 200 320 0.043093
Aug 02 14:07:40 witherspoon phosphor-gevent[1046]: ::8089:6476:8e91:f402%1995410204 - - [2017-08-02 14:07:40] "GET /org/openbmc/control/flash/bios HTTP/1.1" 200 397 0.406511
Aug 02 14:07:50 witherspoon phosphor-gevent[1046]: ::8089:6476:8e91:f402%1995410204 - - [2017-08-02 14:07:50] "POST /login HTTP/1.1" 200 320 0.032574
Aug 02 14:07:50 witherspoon phosphor-gevent[1046]: ::8089:6476:8e91:f402%1995410204 - - [2017-08-02 14:07:50] "GET /org/openbmc/control/flash/bios HTTP/1.1" 200 397 0.067856
Aug 02 14:08:01 witherspoon phosphor-gevent[1046]: ::8089:6476:8e91:f402%1995410204 - - [2017-08-02 14:08:01] "POST /login HTTP/1.1" 200 320 0.032701
Aug 02 14:08:01 witherspoon phosphor-gevent[1046]: ::8089:6476:8e91:f402%1995410204 - - [2017-08-02 14:08:01] "GET /org/openbmc/control/flash/bios HTTP/1.1" 200 397 0.067832
Aug 02 14:08:12 witherspoon phosphor-gevent[1046]: ::8089:6476:8e91:f402%1995410204 - - [2017-08-02 14:08:12] "POST /login HTTP/1.1" 200 320 0.032786
Aug 02 14:08:12 witherspoon phosphor-gevent[1046]: ::8089:6476:8e91:f402%1995410204 - - [2017-08-02 14:08:12] "GET /org/openbmc/control/flash/bios HTTP/1.1" 200 397 0.067020
Aug 02 14:08:22 witherspoon phosphor-gevent[1046]: ::8089:6476:8e91:f402%1995410204 - - [2017-08-02 14:08:22] "POST /login HTTP/1.1" 200 320 0.032888
Aug 02 14:08:22 witherspoon phosphor-gevent[1046]: ::8089:6476:8e91:f402%1995410204 - - [2017-08-02 14:08:22] "GET /org/openbmc/control/flash/bios HTTP/1.1" 200 397 0.067574
Aug 02 14:08:32 witherspoon phosphor-gevent[1046]: ::8089:6476:8e91:f402%1995410204 - - [2017-08-02 14:08:32] "POST /login HTTP/1.1" 200 320 0.032843
Aug 02 14:08:32 witherspoon phosphor-gevent[1046]: ::8089:6476:8e91:f402%1995410204 - - [2017-08-02 14:08:32] "GET /org/openbmc/control/flash/bios HTTP/1.1" 200 397 0.070419
Aug 02 14:08:43 witherspoon phosphor-gevent[1046]: ::8089:6476:8e91:f402%1995410204 - - [2017-08-02 14:08:43] "POST /login HTTP/1.1" 200 320 0.032939
Aug 02 14:08:43 witherspoon phosphor-gevent[1046]: ::8089:6476:8e91:f402%1995410204 - - [2017-08-02 14:08:43] "GET /org/openbmc/control/flash/bios HTTP/1.1" 200 397 0.339180
Aug 02 14:08:54 witherspoon phosphor-gevent[1046]: ::8089:6476:8e91:f402%1995410204 - - [2017-08-02 14:08:54] "POST /login HTTP/1.1" 200 320 0.033117
Aug 02 14:08:54 witherspoon phosphor-gevent[1046]: ::8089:6476:8e91:f402%1995410204 - - [2017-08-02 14:08:54] "GET /org/openbmc/control/flash/bios HTTP/1.1" 200 397 0.067378
Aug 02 14:09:04 witherspoon phosphor-gevent[1046]: ::8089:6476:8e91:f402%1995410204 - - [2017-08-02 14:09:04] "POST /login HTTP/1.1" 200 320 0.048332
Aug 02 14:09:04 witherspoon phosphor-gevent[1046]: ::8089:6476:8e91:f402%1995410204 - - [2017-08-02 14:09:04] "GET /org/openbmc/control/flash/bios HTTP/1.1" 200 397 0.077082
Aug 02 14:09:15 witherspoon phosphor-gevent[1046]: ::8089:6476:8e91:f402%1995410204 - - [2017-08-02 14:09:15] "POST /login HTTP/1.1" 200 320 0.032517
Aug 02 14:09:15 witherspoon phosphor-gevent[1046]: ::8089:6476:8e91:f402%1995410204 - - [2017-08-02 14:09:15] "GET /org/openbmc/control/flash/bios HTTP/1.1" 200 397 0.067329
Aug 02 14:09:25 witherspoon phosphor-gevent[1046]: ::8089:6476:8e91:f402%1995410204 - - [2017-08-02 14:09:25] "POST /login HTTP/1.1" 200 320 0.033503
Aug 02 14:09:25 witherspoon phosphor-gevent[1046]: ::8089:6476:8e91:f402%1995410204 - - [2017-08-02 14:09:25] "GET /org/openbmc/control/flash/bios HTTP/1.1" 200 397 0.068276
Aug 02 14:09:35 witherspoon phosphor-gevent[1046]: ::8089:6476:8e91:f402%1995410204 - - [2017-08-02 14:09:35] "POST /login HTTP/1.1" 200 320 0.032725
Aug 02 14:09:36 witherspoon phosphor-gevent[1046]: ::8089:6476:8e91:f402%1995410204 - - [2017-08-02 14:09:36] "GET /org/openbmc/control/flash/bios HTTP/1.1" 200 397 0.067887
Aug 02 14:09:46 witherspoon phosphor-gevent[1046]: ::8089:6476:8e91:f402%1995410204 - - [2017-08-02 14:09:46] "POST /login HTTP/1.1" 200 320 0.032926
Aug 02 14:09:46 witherspoon phosphor-gevent[1046]: ::8089:6476:8e91:f402%1995410204 - - [2017-08-02 14:09:46] "GET /org/openbmc/control/flash/bios HTTP/1.1" 200 397 0.067563
Aug 02 14:09:56 witherspoon phosphor-gevent[1046]: ::8089:6476:8e91:f402%1995410204 - - [2017-08-02 14:09:56] "POST /login HTTP/1.1" 200 320 0.045345
Aug 02 14:09:56 witherspoon phosphor-gevent[1046]: ::8089:6476:8e91:f402%1995410204 - - [2017-08-02 14:09:56] "GET /org/openbmc/control/flash/bios HTTP/1.1" 200 401 0.068664
Aug 02 14:10:06 witherspoon phosphor-gevent[1046]: ::8089:6476:8e91:f402%1995410204 - - [2017-08-02 14:10:06] "POST /login HTTP/1.1" 200 320 0.032907
Aug 02 14:10:06 witherspoon phosphor-gevent[1046]: ::8089:6476:8e91:f402%1995410204 - - [2017-08-02 14:10:06] "GET /org/openbmc/control/flash/bios HTTP/1.1" 200 402 0.067630
Aug 02 14:10:17 witherspoon phosphor-gevent[1046]: ::8089:6476:8e91:f402%1995410204 - - [2017-08-02 14:10:17] "POST /login HTTP/1.1" 200 320 0.032891
Aug 02 14:10:17 witherspoon phosphor-gevent[1046]: ::8089:6476:8e91:f402%1995410204 - - [2017-08-02 14:10:17] "GET /org/openbmc/control/flash/bios HTTP/1.1" 200 402 0.067552
Aug 02 14:10:27 witherspoon phosphor-gevent[1046]: ::8089:6476:8e91:f402%1995410204 - - [2017-08-02 14:10:27] "POST /login HTTP/1.1" 200 320 0.032772
Aug 02 14:10:27 witherspoon phosphor-gevent[1046]: ::8089:6476:8e91:f402%1995410204 - - [2017-08-02 14:10:27] "GET /org/openbmc/control/flash/bios HTTP/1.1" 200 402 0.067620
Aug 02 14:10:37 witherspoon phosphor-gevent[1046]: ::8089:6476:8e91:f402%1995410204 - - [2017-08-02 14:10:37] "POST /login HTTP/1.1" 200 320 0.033228
Aug 02 14:10:37 witherspoon phosphor-gevent[1046]: ::8089:6476:8e91:f402%1995410204 - - [2017-08-02 14:10:37] "GET /org/openbmc/control/flash/bios HTTP/1.1" 200 402 0.067641
Aug 02 14:10:49 witherspoon phosphor-gevent[1046]: ::8089:6476:8e91:f402%1995410204 - - [2017-08-02 14:10:49] "POST /login HTTP/1.1" 200 320 1.210222
Aug 02 14:10:49 witherspoon phosphor-gevent[1046]: ::8089:6476:8e91:f402%1995410204 - - [2017-08-02 14:10:49] "GET /org/openbmc/control/flash/bios HTTP/1.1" 200 402 0.091712
Aug 02 14:10:52 witherspoon flash_bios.exe[1048]: Erasing... (may take a while !) done !
Aug 02 14:10:52 witherspoon flash_bios.exe[1048]: About to program "/tmp/witherspoon_910_golden.pnor" at 0x00000000..0x04000000 !
Aug 02 14:10:52 witherspoon flash_bios.exe[1048]: Programming & Verifying...
Aug 02 14:10:52 witherspoon flash_bios.exe[1048]: Flash done
Aug 02 14:10:59 witherspoon phosphor-gevent[1046]: ::8089:6476:8e91:f402%1995410204 - - [2017-08-02 14:10:59] "POST /login HTTP/1.1" 200 320 0.033219
Aug 02 14:10:59 witherspoon phosphor-gevent[1046]: ::8089:6476:8e91:f402%1995410204 - - [2017-08-02 14:10:59] "GET /org/openbmc/control/flash/bios HTTP/1.1" 200 399 0.076558
Aug 02 14:10:59 witherspoon systemd[1]: Started SSH Per-Connection Server (9.41.165.94:40426).
Aug 02 14:10:59 witherspoon dropbear[1171]: Failed loading /etc/dropbear/dropbear_dss_host_key
Aug 02 14:10:59 witherspoon dropbear[1171]: Failed loading /etc/dropbear/dropbear_ecdsa_host_key
Aug 02 14:10:59 witherspoon dropbear[1171]: Child connection from ::ffff:9.41.165.94:40426
Aug 02 14:11:00 witherspoon dropbear[1171]: PAM password auth succeeded for 'root' from ::ffff:9.41.165.94:40426
Aug 02 14:11:00 witherspoon dropbear[1172]: lastlog_perform_login: Couldn't stat /var/log/lastlog: No such file or directory
Aug 02 14:11:00 witherspoon dropbear[1172]: lastlog_openseek: /var/log/lastlog is not a file or directory!
Aug 02 14:11:01 witherspoon phosphor-gevent[1046]: ::8089:6476:8e91:f402%1995410204 - - [2017-08-02 14:11:01] "POST /login HTTP/1.1" 200 320 0.033589
Aug 02 14:11:01 witherspoon phosphor-gevent[1046]: ::8089:6476:8e91:f402%1995410204 - - [2017-08-02 14:11:01] "GET /xyz/openbmc_project/state/host0//attr/CurrentHostState HTTP/1.1" 200 212 0.052678
Aug 02 14:11:01 witherspoon systemd[1]: Created slice system-obmc\x2dconsole\x2dssh.slice.
Aug 02 14:11:01 witherspoon systemd[1]: Started Phosphor Host Console SSH Per-Connection (9.41.165.94:56964).
Aug 02 14:11:01 witherspoon dropbear[1176]: Failed loading /etc/dropbear/dropbear_dss_host_key
Aug 02 14:11:01 witherspoon dropbear[1176]: Failed loading /etc/dropbear/dropbear_ecdsa_host_key
Aug 02 14:11:01 witherspoon dropbear[1176]: Child connection from ::ffff:9.41.165.94:56964
Aug 02 14:11:02 witherspoon dropbear[1176]: PAM password auth succeeded for 'root' from ::ffff:9.41.165.94:56964
Aug 02 14:11:02 witherspoon dropbear[1177]: lastlog_perform_login: Couldn't stat /var/log/lastlog: No such file or directory
Aug 02 14:11:02 witherspoon dropbear[1177]: lastlog_openseek: /var/log/lastlog is not a file or directory!
Aug 02 14:11:02 witherspoon phosphor-gevent[1046]: ::8089:6476:8e91:f402%1995410204 - - [2017-08-02 14:11:02] "POST /login HTTP/1.1" 200 320 0.033315
Aug 02 14:11:02 witherspoon phosphor-gevent[1046]: ::8089:6476:8e91:f402%1995410204 - - [2017-08-02 14:11:02] "PUT /org/openbmc/settings/host0/attr/power_policy HTTP/1.1" 200 169 0.164914
Aug 02 14:11:03 witherspoon phosphor-gevent[1046]: ::8089:6476:8e91:f402%1995410204 - - [2017-08-02 14:11:03] "POST /login HTTP/1.1" 200 320 0.033247
Aug 02 14:11:03 witherspoon phosphor-gevent[1046]: ::8089:6476:8e91:f402%1995410204 - - [2017-08-02 14:11:03] "GET /org/openbmc/settings/host0/attr/power_policy HTTP/1.1" 200 185 0.100070
Aug 02 14:11:03 witherspoon phosphor-gevent[1046]: ::8089:6476:8e91:f402%1995410204 - - [2017-08-02 14:11:03] "POST /login HTTP/1.1" 200 320 0.033113
Aug 02 14:11:03 witherspoon phosphor-gevent[1046]: ::8089:6476:8e91:f402%1995410204 - - [2017-08-02 14:11:03] "GET /xyz/openbmc_project/state/chassis0//attr/CurrentPowerState HTTP/1.1" 200 216 0.048962
Aug 02 14:11:03 witherspoon phosphor-gevent[1046]: ::8089:6476:8e91:f402%1995410204 - - [2017-08-02 14:11:03] "POST /login HTTP/1.1" 200 320 0.032879
Aug 02 14:11:03 witherspoon phosphor-gevent[1046]: ::8089:6476:8e91:f402%1995410204 - - [2017-08-02 14:11:03] "GET /xyz/openbmc_project/state/bmc0//attr/CurrentBMCState HTTP/1.1" 200 212 0.051390
Aug 02 14:11:04 witherspoon phosphor-gevent[1046]: ::8089:6476:8e91:f402%1995410204 - - [2017-08-02 14:11:04] "POST /login HTTP/1.1" 200 320 0.032870
Aug 02 14:11:04 witherspoon phosphor-gevent[1046]: ::8089:6476:8e91:f402%1995410204 - - [2017-08-02 14:11:04] "GET /org/openbmc/sensors/host/BootProgress/attr/value HTTP/1.1" 200 170 0.051690
Aug 02 14:11:04 witherspoon phosphor-gevent[1046]: ::8089:6476:8e91:f402%1995410204 - - [2017-08-02 14:11:04] "POST /login HTTP/1.1" 200 320 0.041703
Aug 02 14:11:04 witherspoon phosphor-gevent[1046]: ::8089:6476:8e91:f402%1995410204 - - [2017-08-02 14:11:04] "GET /xyz/openbmc_project/state/host0//attr/CurrentHostState HTTP/1.1" 200 212 0.057978
Aug 02 14:11:04 witherspoon phosphor-gevent[1046]: ::8089:6476:8e91:f402%1995410204 - - [2017-08-02 14:11:04] "POST /login HTTP/1.1" 200 320 0.033005
Aug 02 14:11:04 witherspoon phosphor-host-state-manager[1085]: Host State transaction request
Aug 02 14:11:04 witherspoon phosphor-gevent[1046]: ::8089:6476:8e91:f402%1995410204 - - [2017-08-02 14:11:04] "PUT /xyz/openbmc_project/state/host0//attr/RequestedHostTransition HTTP/1.1" 200 169 0.262664
Aug 02 14:11:05 witherspoon systemd[1]: Starting Witherspoon Fan Watchdog Reset...
Aug 02 14:11:05 witherspoon systemd[1]: Created slice system-cfam_override.slice.
Aug 02 14:11:05 witherspoon systemd[1]: Created slice system-avsbus\x2denable.slice.
Aug 02 14:11:05 witherspoon systemd[1]: Starting Wait for /org/openbmc/control/chassis0...
Aug 02 14:11:06 witherspoon phosphor-gevent[1046]: ::8089:6476:8e91:f402%1995410204 - - [2017-08-02 14:11:05] "POST /login HTTP/1.1" 200 320 0.045278
Aug 02 14:11:05 witherspoon systemd[1]: Created slice system-start_host.slice.
Aug 02 14:11:05 witherspoon systemd[1]: Created slice system-avsbus\x2ddisable.slice.
Aug 02 14:11:05 witherspoon systemd[1]: Created slice system-vrm\x2dcontrol.slice.
Aug 02 14:11:05 witherspoon systemd[1]: Created slice system-pcie\x2dslot\x2ddetect.slice.
Aug 02 14:11:05 witherspoon systemd[1]: Reached target Powerwitherspoon-fan-watchdog (On).
Aug 02 14:11:05 witherspoon systemd[1]: Created slice system-phosphor\x2dgpio\x2dmonitor.slice.
Aug 02 14:11:05 witherspoon systemd[1]: Created slice system-vcs_workaround.slice.
Aug 02 14:11:05 witherspoon systemd[1]: Created slice system-power\x2dworkarounds.slice.
Aug 02 14:11:05 witherspoon systemd[1]: Started Phosphor GPIO checkstop monitor.
Aug 02 14:11:07 witherspoon mboxctl[1192]: Reset: Success
Aug 02 14:11:05 witherspoon systemd[1]: Created slice system-ir35221\x2don\x2dunbind.slice.
Aug 02 14:11:05 witherspoon systemd[1]: Starting power on mode unbind ir35221 device driver devs...
Aug 02 14:11:05 witherspoon systemd[1]: Created slice system-ir35221\x2don\x2dbind.slice.
Aug 02 14:11:05 witherspoon systemd[1]: Created slice system-phosphor\x2dfan\x2dpresence\x2dtach.slice.
Aug 02 14:11:05 witherspoon systemd[1]: Created slice system-ucd_disable_vcs.slice.
Aug 02 14:11:05 witherspoon systemd[1]: Started Witherspoon Fan Watchdog Daemon.
Aug 02 14:11:05 witherspoon systemd[1]: Created slice system-phosphor\x2dwatchdog.slice.
Aug 02 14:11:05 witherspoon systemd[1]: Created slice system-obmc\x2denable\x2dhost\x2dwatchdog.slice.
Aug 02 14:11:05 witherspoon systemd[1]: Starting Wait for /xyz/openbmc_project/led/groups/power_on...
Aug 02 14:11:05 witherspoon systemd[1]: Created slice system-vcs_on.slice.
Aug 02 14:11:05 witherspoon systemd[1]: Created slice system-op\x2dwait\x2dpower\x2don.slice.
Aug 02 14:11:05 witherspoon systemd[1]: Created slice system-fsi\x2dbind.slice.
Aug 02 14:11:05 witherspoon systemd[1]: Started Phosphor poweron watchdog.
Aug 02 14:11:05 witherspoon systemd[1]: Starting Wait for /xyz/openbmc_project/watchdog/host0...
Aug 02 14:11:05 witherspoon systemd[1]: Created slice system-phosphor\x2dfan\x2dcontrol\x2dinit.slice.
Aug 02 14:11:05 witherspoon systemd[1]: Started Phosphor Fan Control Initialization.
Aug 02 14:11:05 witherspoon systemd[1]: Starting Disable UCD VCS rails...
Aug 02 14:11:05 witherspoon systemd[1]: Created slice system-mapper\x2dsubtree\x2dremove.slice.
Aug 02 14:11:05 witherspoon systemd[1]: Starting mapper subtree-remove /xyz/openbmc_project/software:xyz.openbmc_project.Software.ActivationBlocksTransition...
Aug 02 14:11:06 witherspoon systemd[1]: Created slice system-vcs_off.slice.
Aug 02 14:11:06 witherspoon systemd[1]: Created slice system-fsi\x2dscan.slice.
Aug 02 14:11:06 witherspoon systemd[1]: Created slice system-op\x2dpower\x2dstart.slice.
Aug 02 14:11:06 witherspoon systemd[1]: Starting Wait for Power0 to turn on...
Aug 02 14:11:06 witherspoon systemd[1]: Created slice system-mboxd\x2dreload.slice.
Aug 02 14:11:06 witherspoon systemd[1]: Starting Reload mboxd during power on...
Aug 02 14:11:07 witherspoon systemd[1]: Started Witherspoon Fan Watchdog Reset.
Aug 02 14:11:07 witherspoon systemd[1]: Started power on mode unbind ir35221 device driver devs.
Aug 02 14:11:07 witherspoon systemd[1]: Started Wait for /xyz/openbmc_project/led/groups/power_on.
Aug 02 14:11:07 witherspoon systemd[1]: Started mapper subtree-remove /xyz/openbmc_project/software:xyz.openbmc_project.Software.ActivationBlocksTransition.
Aug 02 14:11:07 witherspoon systemd[1]: Started Reload mboxd during power on.
Aug 02 14:11:07 witherspoon kernel: ucd9000 11-0064: Device ID UCD90160|2.3.4.0000|110603
Aug 02 14:11:07 witherspoon kernel[982]: [  386.620000] ucd9000 11-0064: Device ID UCD90160|2.3.4.0000|110603
Aug 02 14:11:08 witherspoon systemd[1]: xyz.openbmc_project.Hwmon@ahb-apb-i2c\x401e78a000-i2c\x2dbus\x40140-ir35221\x4070.service: Unit not needed anymore. Stopping.
Aug 02 14:11:08 witherspoon systemd[1]: xyz.openbmc_project.Hwmon@ahb-apb-i2c\x401e78a000-i2c\x2dbus\x40180-ir35221\x4070.service: Service hold-off time over, scheduling restart.
Aug 02 14:11:08 witherspoon systemd[1]: xyz.openbmc_project.Hwmon@ahb-apb-i2c\x401e78a000-i2c\x2dbus\x40180-ir35221\x4071.service: Service hold-off time over, scheduling restart.
Aug 02 14:11:08 witherspoon systemd[1]: xyz.openbmc_project.Hwmon@ahb-apb-i2c\x401e78a000-i2c\x2dbus\x40140-ir35221\x4071.service: Service hold-off time over, scheduling restart.
Aug 02 14:11:08 witherspoon systemd[1]: xyz.openbmc_project.Hwmon@ahb-apb-i2c\x401e78a000-i2c\x2dbus\x40140-ir35221\x4070.service: Service hold-off time over, scheduling restart.
Aug 02 14:11:08 witherspoon systemd[1]: xyz.openbmc_project.Hwmon@ahb-apb-i2c\x401e78a000-i2c\x2dbus\x40140-ir35221\x4070.service: Stop job pending for unit, delaying automatic restart.
Aug 02 14:11:08 witherspoon systemd[1]: xyz.openbmc_project.Hwmon@ahb-apb-i2c\x401e78a000-i2c\x2dbus\x40180-ir35221\x4070.service: Unit not needed anymore. Stopping.
Aug 02 14:11:08 witherspoon systemd[1]: Requested transaction contradicts existing jobs: Transaction is destructive.
Aug 02 14:11:08 witherspoon systemd[1]: xyz.openbmc_project.Hwmon@ahb-apb-i2c\x401e78a000-i2c\x2dbus\x40180-ir35221\x4070.service: Failed to enqueue stop job, ignoring: Transaction is destructive.
Aug 02 14:11:08 witherspoon systemd[1]: xyz.openbmc_project.Hwmon@ahb-apb-i2c\x401e78a000-i2c\x2dbus\x40180-ir35221\x4071.service: Unit not needed anymore. Stopping.
Aug 02 14:11:08 witherspoon systemd[1]: Requested transaction contradicts existing jobs: Transaction is destructive.
Aug 02 14:11:08 witherspoon systemd[1]: xyz.openbmc_project.Hwmon@ahb-apb-i2c\x401e78a000-i2c\x2dbus\x40180-ir35221\x4071.service: Failed to enqueue stop job, ignoring: Transaction is destructive.
Aug 02 14:11:08 witherspoon systemd[1]: xyz.openbmc_project.Hwmon@ahb-apb-i2c\x401e78a000-i2c\x2dbus\x40140-ir35221\x4071.service: Unit not needed anymore. Stopping.
Aug 02 14:11:08 witherspoon systemd[1]: Requested transaction contradicts existing jobs: Transaction is destructive.
Aug 02 14:11:08 witherspoon systemd[1]: xyz.openbmc_project.Hwmon@ahb-apb-i2c\x401e78a000-i2c\x2dbus\x40140-ir35221\x4071.service: Failed to enqueue stop job, ignoring: Transaction is destructive.
Aug 02 14:11:08 witherspoon systemd[1]: Stopped Phosphor Hwmon Poller.
Aug 02 14:11:08 witherspoon systemd[1]: Started Phosphor Hwmon Poller.
Aug 02 14:11:08 witherspoon systemd[1]: xyz.openbmc_project.Hwmon@ahb-apb-i2c\x401e78a000-i2c\x2dbus\x40140-ir35221\x4071.service: Unit not needed anymore. Stopping.
Aug 02 14:11:08 witherspoon systemd[1]: Stopping Phosphor Hwmon Poller...
Aug 02 14:11:08 witherspoon systemd[1]: Stopped Phosphor Hwmon Poller.
Aug 02 14:11:08 witherspoon systemd[1]: Started Phosphor Hwmon Poller.
Aug 02 14:11:08 witherspoon systemd[1]: xyz.openbmc_project.Hwmon@ahb-apb-i2c\x401e78a000-i2c\x2dbus\x40180-ir35221\x4071.service: Unit not needed anymore. Stopping.
Aug 02 14:11:08 witherspoon systemd[1]: Stopping Phosphor Hwmon Poller...
Aug 02 14:11:08 witherspoon systemd[1]: Stopped Phosphor Hwmon Poller.
Aug 02 14:11:08 witherspoon systemd[1]: Started Phosphor Hwmon Poller.
