-- Logs begin at Sun 2017-07-30 12:28:16 UTC, end at Sun 2017-07-30 12:37:14 UTC. --
Jul 30 12:28:16 witherspoon kernel: Booting Linux on physical CPU 0x0
Jul 30 12:28:16 witherspoon kernel: Linux version 4.10.17-44f0dc8ac43162c4f7082884d6cd79400341bf5b (jenkins@openbmc-builder1) (gcc version 6.2.0 (GCC) ) #1 Sun Jul 30 12:02:34 UTC 2017
Jul 30 12:28:16 witherspoon kernel: CPU: ARMv6-compatible processor [410fb767] revision 7 (ARMv7), cr=00c5387d
Jul 30 12:28:16 witherspoon kernel: CPU: PIPT / VIPT nonaliasing data cache, VIPT nonaliasing instruction cache
Jul 30 12:28:16 witherspoon kernel: OF: fdt:Machine model: Witherspoon BMC
Jul 30 12:28:16 witherspoon kernel: Memory policy: Data cache writeback
Jul 30 12:28:16 witherspoon kernel: SOC Rev: 04030303
Jul 30 12:28:16 witherspoon kernel: On node 0 totalpages: 110592
Jul 30 12:28:16 witherspoon kernel: free_area_init_node: node 0, pgdat 805ff5e4, node_mem_map 9ec1a000
Jul 30 12:28:16 witherspoon kernel:   Normal zone: 992 pages used for memmap
Jul 30 12:28:16 witherspoon kernel:   Normal zone: 0 pages reserved
Jul 30 12:28:16 witherspoon kernel:   Normal zone: 110592 pages, LIFO batch:31
Jul 30 12:28:16 witherspoon kernel: pcpu-alloc: s0 r0 d32768 u32768 alloc=1*32768
Jul 30 12:28:16 witherspoon kernel: pcpu-alloc: [0] 0 
Jul 30 12:28:16 witherspoon kernel: Built 1 zonelists in Zone order, mobility grouping on.  Total pages: 109600
Jul 30 12:28:16 witherspoon kernel: Kernel command line: console=ttyS4,115200n8 root=/dev/ram rw
Jul 30 12:28:16 witherspoon kernel: PID hash table entries: 2048 (order: 1, 8192 bytes)
Jul 30 12:28:16 witherspoon kernel: Dentry cache hash table entries: 65536 (order: 6, 262144 bytes)
Jul 30 12:28:16 witherspoon kernel: Inode-cache hash table entries: 32768 (order: 5, 131072 bytes)
Jul 30 12:28:16 witherspoon kernel: Memory: 430436K/442368K available (4065K kernel code, 280K rwdata, 1192K rodata, 284K init, 111K bss, 11932K reserved, 0K cma-reserved)
Jul 30 12:28:16 witherspoon kernel: Virtual kernel memory layout:
                                        vector  : 0xffff0000 - 0xffff1000   (   4 kB)
                                        fixmap  : 0xffc00000 - 0xfff00000   (3072 kB)
                                        vmalloc : 0x9f800000 - 0xff800000   (1536 MB)
                                        lowmem  : 0x80000000 - 0x9f000000   ( 496 MB)
                                          .text : 0x80008000 - 0x804007a0   (4066 kB)
                                          .init : 0x80585000 - 0x805cc000   ( 284 kB)
                                          .data : 0x805cc000 - 0x80612358   ( 281 kB)
                                           .bss : 0x80612358 - 0x8062e1f8   ( 112 kB)
Jul 30 12:28:16 witherspoon kernel: NR_IRQS:16 nr_irqs:16 16
Jul 30 12:28:16 witherspoon kernel: i2c controller registered, irq 16
Jul 30 12:28:16 witherspoon kernel: clocksource: moxart_timer: mask: 0xffffffff max_cycles: 0xffffffff, max_idle_ns: 77222644334 ns
Jul 30 12:28:16 witherspoon kernel: sched_clock: 32 bits at 100 Hz, resolution 10000000ns, wraps every 21474836475000000ns
Jul 30 12:28:16 witherspoon kernel: Calibrating delay loop... 789.70 BogoMIPS (lpj=3948544)
Jul 30 12:28:16 witherspoon kernel: pid_max: default: 32768 minimum: 301
Jul 30 12:28:16 witherspoon kernel: Mount-cache hash table entries: 1024 (order: 0, 4096 bytes)
Jul 30 12:28:16 witherspoon kernel: Mountpoint-cache hash table entries: 1024 (order: 0, 4096 bytes)
Jul 30 12:28:16 witherspoon kernel: CPU: Testing write buffer coherency: ok
Jul 30 12:28:16 witherspoon kernel: ftrace: allocating 14932 entries in 44 pages
Jul 30 12:28:16 witherspoon kernel: Setting up static identity map for 0x80008200 - 0x8000825c
Jul 30 12:28:16 witherspoon kernel: devtmpfs: initialized
Jul 30 12:28:16 witherspoon kernel: clocksource: jiffies: mask: 0xffffffff max_cycles: 0xffffffff, max_idle_ns: 19112604462750000 ns
Jul 30 12:28:16 witherspoon kernel: futex hash table entries: 256 (order: -1, 3072 bytes)
Jul 30 12:28:16 witherspoon kernel: pinctrl core: initialized pinctrl subsystem
Jul 30 12:28:16 witherspoon kernel: NET: Registered protocol family 16
Jul 30 12:28:16 witherspoon kernel: DMA: preallocated 256 KiB pool for atomic coherent allocations
Jul 30 12:28:16 witherspoon kernel: usbcore: registered new interface driver usbfs
Jul 30 12:28:16 witherspoon kernel: usbcore: registered new interface driver hub
Jul 30 12:28:16 witherspoon kernel: usbcore: registered new device driver usb
Jul 30 12:28:16 witherspoon kernel: clocksource: Switched to clocksource moxart_timer
Jul 30 12:28:16 witherspoon kernel: NET: Registered protocol family 2
Jul 30 12:28:16 witherspoon kernel: TCP established hash table entries: 4096 (order: 2, 16384 bytes)
Jul 30 12:28:16 witherspoon kernel: TCP bind hash table entries: 4096 (order: 2, 16384 bytes)
Jul 30 12:28:16 witherspoon kernel: TCP: Hash tables configured (established 4096 bind 4096)
Jul 30 12:28:16 witherspoon kernel: UDP hash table entries: 256 (order: 0, 4096 bytes)
Jul 30 12:28:16 witherspoon kernel: UDP-Lite hash table entries: 256 (order: 0, 4096 bytes)
Jul 30 12:28:16 witherspoon kernel: NET: Registered protocol family 1
Jul 30 12:28:16 witherspoon kernel: Trying to unpack rootfs image as initramfs...
Jul 30 12:28:16 witherspoon kernel: Freeing initrd memory: 1548K
Jul 30 12:28:16 witherspoon kernel: workingset: timestamp_bits=30 max_order=17 bucket_order=0
Jul 30 12:28:16 witherspoon kernel: squashfs: version 4.0 (2009/01/31) Phillip Lougher
Jul 30 12:28:16 witherspoon kernel: jffs2: version 2.2. (SUMMARY)  © 2001-2006 Red Hat, Inc.
Jul 30 12:28:16 witherspoon kernel: Block layer SCSI generic (bsg) driver version 0.4 loaded (major 250)
Jul 30 12:28:16 witherspoon kernel: io scheduler noop registered
Jul 30 12:28:16 witherspoon kernel: io scheduler deadline registered
Jul 30 12:28:16 witherspoon kernel: io scheduler cfq registered (default)
Jul 30 12:28:16 witherspoon kernel: ipmi-bt-host 1e789140.ibt: Found bt bmc device
Jul 30 12:28:16 witherspoon kernel: ipmi-bt-host 1e789140.ibt: Using IRQ 22
Jul 30 12:28:16 witherspoon kernel: Serial: 8250/16550 driver, 6 ports, IRQ sharing enabled
Jul 30 12:28:16 witherspoon kernel: 1e783000.serial: ttyS0 at MMIO 0x1e783000 (irq = 23, base_baud = 1500000) is a 16550A
Jul 30 12:28:16 witherspoon kernel: 1e78d000.serial: ttyS1 at MMIO 0x1e78d000 (irq = 24, base_baud = 1500000) is a 16550A
Jul 30 12:28:16 witherspoon kernel: 1e784000.serial: ttyS4 at MMIO 0x1e784000 (irq = 25, base_baud = 1500000) is a 16550A
Jul 30 12:28:16 witherspoon kernel: console [ttyS4] enabled
Jul 30 12:28:16 witherspoon kernel: 1e787000.vuart: ttyS2 at MMIO 0x1e787000 (irq = 22, base_baud = 1500000) is a 16550A
Jul 30 12:28:16 witherspoon kernel: timeriomem_rng 1e6e2078.hwrng: 32bits from 0xf00e2078 @ 1us
Jul 30 12:28:16 witherspoon kernel: random: fast init done
Jul 30 12:28:16 witherspoon kernel: brd: module loaded
Jul 30 12:28:16 witherspoon kernel: loop: module loaded
Jul 30 12:28:16 witherspoon kernel: aspeed-lpc-ctrl 1e789080.lpc-ctrl: Loaded at 0x98000000 (0x04000000)
Jul 30 12:28:16 witherspoon kernel: aspeed-smc 1e620000.flash-controller: Using IRQ 18
Jul 30 12:28:16 witherspoon kernel: aspeed-smc 1e620000.flash-controller: DMA support disabled.
Jul 30 12:28:16 witherspoon kernel: aspeed-smc 1e620000.flash-controller: mx25l25635e (32768 Kbytes)
Jul 30 12:28:16 witherspoon kernel: aspeed-smc 1e620000.flash-controller: CE0 window [ 0x20000000 - 0x22000000 ] 32MB
Jul 30 12:28:16 witherspoon kernel: aspeed-smc 1e620000.flash-controller: CE1 window [ 0x22000000 - 0x2a000000 ] 128MB
Jul 30 12:28:16 witherspoon kernel: 5 ofpart partitions found on MTD device bmc
Jul 30 12:28:16 witherspoon kernel: Creating 5 MTD partitions on "bmc":
Jul 30 12:28:16 witherspoon kernel: 0x000000000000-0x000000060000 : "u-boot"
Jul 30 12:28:16 witherspoon kernel: 0x000000060000-0x000000080000 : "u-boot-env"
Jul 30 12:28:16 witherspoon kernel: 0x000000080000-0x0000004c0000 : "kernel"
Jul 30 12:28:16 witherspoon kernel: 0x0000004c0000-0x000001c00000 : "rofs"
Jul 30 12:28:16 witherspoon kernel: random: crng init done
Jul 30 12:28:16 witherspoon kernel: 0x000001c00000-0x000002000000 : "rwfs"
Jul 30 12:28:16 witherspoon kernel: aspeed-smc 1e620000.flash-controller: mx25l25635e (32768 Kbytes)
Jul 30 12:28:16 witherspoon kernel: aspeed-smc 1e620000.flash-controller: CE1 window [ 0x22000000 - 0x24000000 ] 32MB
Jul 30 12:28:16 witherspoon kernel: aspeed-smc 1e620000.flash-controller: CE2 window [ 0x24000000 - 0x2c000000 ] 128MB
Jul 30 12:28:16 witherspoon kernel: aspeed-smc 1e630000.flash-controller: mx66l1g45g (131072 Kbytes)
Jul 30 12:28:16 witherspoon kernel: aspeed-smc 1e630000.flash-controller: CE0 window resized to 120MB (AST2500 HW quirk)
Jul 30 12:28:16 witherspoon kernel: aspeed-smc 1e630000.flash-controller: CE0 window [ 0x30000000 - 0x37800000 ] 120MB
Jul 30 12:28:16 witherspoon kernel: aspeed-smc 1e630000.flash-controller: CE0 window too small for chip 128MB
Jul 30 12:28:16 witherspoon kernel: aspeed-smc 1e630000.flash-controller: CE1 window [ 0x37800000 - 0x38000000 ] 8MB
Jul 30 12:28:16 witherspoon kernel: libphy: Fixed MDIO Bus: probed
Jul 30 12:28:16 witherspoon kernel: ftgmac100 1e660000.ethernet: Read MAC address 70:e2:84:14:28:a9 from chip
Jul 30 12:28:16 witherspoon kernel: ftgmac100 1e660000.ethernet: Using NCSI interface
Jul 30 12:28:16 witherspoon kernel: ftgmac100 1e660000.ethernet eth0: irq 20, mapped at f0060000
Jul 30 12:28:16 witherspoon kernel: ehci_hcd: USB 2.0 'Enhanced' Host Controller (EHCI) Driver
Jul 30 12:28:16 witherspoon kernel: ehci-platform: EHCI generic platform driver
Jul 30 12:28:16 witherspoon kernel:  fsi0: can't read slave 00:00 -5
Jul 30 12:28:16 witherspoon kernel: i2c /dev entries driver
Jul 30 12:28:16 witherspoon kernel: aspeed-i2c-bus 1e78a0c0.i2c-bus: i2c bus 2 registered, irq 26
Jul 30 12:28:16 witherspoon kernel: aspeed-i2c-bus 1e78a100.i2c-bus: i2c bus 3 registered, irq 27
Jul 30 12:28:16 witherspoon kernel: aspeed-i2c-bus 1e78a140.i2c-bus: i2c bus 4 registered, irq 28
Jul 30 12:28:16 witherspoon kernel: aspeed-i2c-bus 1e78a180.i2c-bus: i2c bus 5 registered, irq 29
Jul 30 12:28:16 witherspoon kernel: aspeed-i2c-bus 1e78a380.i2c-bus: i2c bus 9 registered, irq 30
Jul 30 12:28:16 witherspoon kernel: aspeed-i2c-bus 1e78a3c0.i2c-bus: i2c bus 10 registered, irq 31
Jul 30 12:28:16 witherspoon kernel: rtc-rv8803 11-0032: Voltage low, temperature compensation stopped.
Jul 30 12:28:16 witherspoon kernel: rtc-rv8803 11-0032: rtc core: registered rx8900 as rtc0
Jul 30 12:28:16 witherspoon kernel: at24 11-0051: 8192 byte 24c64 EEPROM, writable, 1 bytes/write
Jul 30 12:28:16 witherspoon kernel: aspeed-i2c-bus 1e78a400.i2c-bus: i2c bus 11 registered, irq 32
Jul 30 12:28:16 witherspoon kernel: aspeed-i2c-bus 1e78a440.i2c-bus: i2c bus 12 registered, irq 33
Jul 30 12:28:16 witherspoon kernel: aspeed-i2c-bus 1e78a480.i2c-bus: i2c bus 13 registered, irq 34
Jul 30 12:28:16 witherspoon kernel: Driver for 1-wire Dallas network protocol.
Jul 30 12:28:16 witherspoon kernel: lm75 9-004a: hwmon0: sensor 'tmp275'
Jul 30 12:28:16 witherspoon kernel: max31785: probe of 3-0052 failed with error -5
Jul 30 12:28:16 witherspoon kernel: ucd9000 11-0064: Device ID UCD90160|2.3.4.0000|110603
Jul 30 12:28:16 witherspoon kernel: leds-pca955x 3-0060: leds-pca955x: Using pca9552 16-bit LED driver at slave address 0x60
Jul 30 12:28:16 witherspoon kernel: leds-pca955x 11-0060: leds-pca955x: Using pca9552 16-bit LED driver at slave address 0x60
Jul 30 12:28:16 witherspoon kernel: leds-pca955x 11-0060: gpios 264...279
Jul 30 12:28:16 witherspoon kernel: usbcore: registered new interface driver usbhid
Jul 30 12:28:16 witherspoon kernel: usbhid: USB HID core driver
Jul 30 12:28:16 witherspoon kernel: dps310 3-0076: iio:device1: sensor 'dps310'
Jul 30 12:28:16 witherspoon kernel: NET: Registered protocol family 10
Jul 30 12:28:16 witherspoon kernel: Segment Routing with IPv6
Jul 30 12:28:16 witherspoon kernel: NET: Registered protocol family 17
Jul 30 12:28:16 witherspoon kernel: 8021q: 802.1Q VLAN Support v1.8
Jul 30 12:28:16 witherspoon kernel: console [netcon0] enabled
Jul 30 12:28:16 witherspoon kernel: netconsole: network logging started
Jul 30 12:28:16 witherspoon kernel: input: gpio-keys as /devices/platform/gpio-keys/input/input0
Jul 30 12:28:16 witherspoon kernel: rtc-rv8803 11-0032: setting system clock to 2017-07-30 12:28:05 UTC (1501417685)
Jul 30 12:28:16 witherspoon kernel: Freeing unused kernel memory: 284K
Jul 30 12:28:16 witherspoon kernel: This architecture does not have kernel memory protection.
Jul 30 12:28:16 witherspoon kernel: jffs2: notice: (524) jffs2_build_xattr_subsystem: complete building xattr subsystem, 0 of xdatum (0 unchecked, 0 orphan) and 0 of xref (0 dead, 0 orphan) found.
Jul 30 12:28:16 witherspoon systemd[1]: Failed to insert module 'autofs4': No such file or directory
Jul 30 12:28:16 witherspoon systemd[1]: systemd 232 running in system mode. (+PAM -AUDIT -SELINUX -IMA -APPARMOR -SMACK +SYSVINIT -UTMP -LIBCRYPTSETUP -GCRYPT -GNUTLS +ACL +XZ -LZ4 -SECCOMP +BLKID -ELFUTILS +KMOD -IDN)
Jul 30 12:28:16 witherspoon systemd[1]: Detected architecture arm.
Jul 30 12:28:16 witherspoon systemd[1]: Set hostname to <witherspoon>.
Jul 30 12:28:16 witherspoon systemd[1]: Listening on Journal Socket.
Jul 30 12:28:16 witherspoon systemd[1]: Listening on Network Service Netlink Socket.
Jul 30 12:28:16 witherspoon systemd[1]: Started Dispatch Password Requests to Console Directory Watch.
Jul 30 12:28:16 witherspoon systemd[1]: Listening on Syslog Socket.
Jul 30 12:28:16 witherspoon systemd[1]: Listening on udev Kernel Socket.
Jul 30 12:28:16 witherspoon systemd[1]: Reached target Swap.
Jul 30 12:28:16 witherspoon systemd[1]: Listening on udev Control Socket.
Jul 30 12:28:16 witherspoon systemd[1]: dev-hugepages.mount: Couldn't determine result for ConditionVirtualization=!private-users, assuming failed: No such file or directory
Jul 30 12:28:16 witherspoon systemd[1]: Created slice system-phosphor\x2dreset\x2dhost\x2drunning.slice.
Jul 30 12:28:16 witherspoon systemd[1]: Created slice system-mapper\x2dwait.slice.
Jul 30 12:28:16 witherspoon systemd[1]: Mounting Temporary Directory...
Jul 30 12:28:16 witherspoon systemd[1]: Created slice system-phosphor\x2dcooling\x2dtype.slice.
Jul 30 12:28:16 witherspoon systemd[1]: Created slice system-org.openbmc.buttons.Power.slice.
Jul 30 12:28:16 witherspoon systemd[1]: Starting Journal Service...
Jul 30 12:28:16 witherspoon systemd[1]: Reached target Slices.
Jul 30 12:28:16 witherspoon systemd[1]: Created slice system-org.openbmc.control.Bmc.slice.
Jul 30 12:28:16 witherspoon systemd-journald[547]: Journal started
Jul 30 12:28:16 witherspoon systemd-journald[547]: Runtime journal (/run/log/journal/12c6a00ebfdd479284cf09f39d1bc042) is 0B, max 0B, 0B free.
Jul 30 12:28:17 witherspoon systemd[1]: Created slice system-op\x2dreset\x2dchassis\x2drunning.slice.
Jul 30 12:28:19 witherspoon systemd-sysctl[555]: Couldn't write '16' to 'kernel/sysrq', ignoring: No such file or directory
Jul 30 12:28:19 witherspoon systemd-sysctl[555]: Couldn't write 'fq_codel' to 'net/core/default_qdisc', ignoring: No such file or directory
Jul 30 12:28:20 witherspoon systemd[1]: Created slice system-org.openbmc.buttons.reset.slice.
Jul 30 12:28:20 witherspoon systemd[1]: Created slice system-serial\x2dgetty.slice.
Jul 30 12:28:21 witherspoon systemd[1]: Created slice system-obmc\x2dled\x2dgroup\x2dstart.slice.
Jul 30 12:28:21 witherspoon systemd[1]: Mounted Debug File System.
Jul 30 12:28:21 witherspoon systemd[1]: Mounted Temporary Directory.
Jul 30 12:28:22 witherspoon systemd[1]: Started Journal Service.
Jul 30 12:28:22 witherspoon systemd[1]: Started Remount Root and Kernel File Systems.
Jul 30 12:28:22 witherspoon systemd[1]: Started Apply Kernel Variables.
Jul 30 12:28:22 witherspoon systemd[1]: Starting Create System Users...
Jul 30 12:28:22 witherspoon systemd[1]: Starting Flush Journal to Persistent Storage...
Jul 30 12:28:23 witherspoon systemd[1]: Started udev Coldplug all Devices.
Jul 30 12:28:24 witherspoon systemd[1]: Started Create System Users.
Jul 30 12:28:24 witherspoon systemd[1]: Starting Create Static Device Nodes in /dev...
Jul 30 12:28:24 witherspoon systemd-journald[547]: Runtime journal (/run/log/journal/12c6a00ebfdd479284cf09f39d1bc042) is 0B, max 0B, 0B free.
Jul 30 12:28:24 witherspoon systemd[1]: Started Flush Journal to Persistent Storage.
Jul 30 12:28:24 witherspoon systemd[1]: Started Create Static Device Nodes in /dev.
Jul 30 12:28:25 witherspoon systemd[1]: Reached target Local File Systems (Pre).
Jul 30 12:28:25 witherspoon systemd[1]: Mounting /var/volatile...
Jul 30 12:28:25 witherspoon systemd[1]: Starting udev Kernel Device Manager...
Jul 30 12:28:25 witherspoon systemd[1]: Mounted /var/volatile.
Jul 30 12:28:25 witherspoon systemd[1]: Starting Load/Save Random Seed...
Jul 30 12:28:25 witherspoon systemd[1]: Reached target Local File Systems.
Jul 30 12:28:25 witherspoon systemd[1]: Starting Create Volatile Files and Directories...
Jul 30 12:28:25 witherspoon systemd[1]: Starting Rebuild Journal Catalog...
Jul 30 12:28:26 witherspoon systemd[1]: Started Load/Save Random Seed.
Jul 30 12:28:26 witherspoon systemd[1]: Started Rebuild Journal Catalog.
Jul 30 12:28:26 witherspoon systemd[1]: Starting Update is Completed...
Jul 30 12:28:26 witherspoon systemd-tmpfiles[894]: "/var/tmp" already exists and is not a directory.
Jul 30 12:28:26 witherspoon systemd-tmpfiles[894]: "/var/log" already exists and is not a directory.
Jul 30 12:28:26 witherspoon systemd[1]: Started Create Volatile Files and Directories.
Jul 30 12:28:26 witherspoon systemd[1]: Started Update is Completed.
Jul 30 12:28:26 witherspoon systemd[1]: Starting Run pending postinsts...
Jul 30 12:28:26 witherspoon systemd[1]: Starting Network Time Synchronization...
Jul 30 12:28:27 witherspoon systemd[1]: Started udev Kernel Device Manager.
Jul 30 12:28:27 witherspoon systemd[1]: Started Network Time Synchronization.
Jul 30 12:28:27 witherspoon systemd[1]: Reached target System Time Synchronized.
Jul 30 12:28:27 witherspoon systemd[1]: Found device /dev/aspeed-lpc-ctrl.
Jul 30 12:28:27 witherspoon systemd[1]: Found device /dev/aspeed-mbox.
Jul 30 12:28:27 witherspoon systemd[1]: Found device /dev/ttyS4.
Jul 30 12:28:27 witherspoon systemd[1]: Found device /dev/ttyVUART0.
Jul 30 12:28:27 witherspoon systemd[1]: dev-hugepages.mount: Couldn't determine result for ConditionVirtualization=!private-users, assuming failed: No such file or directory
Jul 30 12:28:27 witherspoon systemd[1]: Created slice system-xyz.openbmc_project.Hwmon.slice.
Jul 30 12:28:27 witherspoon systemd[1]: dev-hugepages.mount: Couldn't determine result for ConditionVirtualization=!private-users, assuming failed: No such file or directory
Jul 30 12:28:28 witherspoon systemd[1]: dev-hugepages.mount: Couldn't determine result for ConditionVirtualization=!private-users, assuming failed: No such file or directory
Jul 30 12:28:28 witherspoon systemd[1]: dev-hugepages.mount: Couldn't determine result for ConditionVirtualization=!private-users, assuming failed: No such file or directory
Jul 30 12:28:28 witherspoon run-postinsts[903]: Running postinst /etc/rpm-postinsts/libglib-2.0-0...
Jul 30 12:28:30 witherspoon systemd[1]: dev-hugepages.mount: Couldn't determine result for ConditionVirtualization=!private-users, assuming failed: No such file or directory
Jul 30 12:28:30 witherspoon systemd[1]: Created slice system-xyz.openbmc_project.led.controller.slice.
Jul 30 12:28:30 witherspoon run-postinsts[903]: rm: can't remove '/etc/rpm-postinsts': Invalid argument
Jul 30 12:28:31 witherspoon run-postinsts[903]:  Removing any system startup links for run-postinsts ...
Jul 30 12:28:31 witherspoon systemctl[933]: Removed /etc/systemd/system/sysinit.target.wants/run-postinsts.service.
Jul 30 12:28:31 witherspoon systemd[1]: Reloading.
Jul 30 12:28:33 witherspoon systemd[1]: Started Run pending postinsts.
Jul 30 12:28:33 witherspoon systemd[1]: Reached target System Initialization.
Jul 30 12:28:33 witherspoon systemd[1]: Listening on Phosphor Webserver socket.
Jul 30 12:28:33 witherspoon systemd[1]: Listening on Phosphor Host Console SSH Per-Connection socket.
Jul 30 12:28:33 witherspoon systemd[1]: Listening on phosphor-ipmi-net.socket.
Jul 30 12:28:33 witherspoon systemd[1]: Listening on D-Bus System Message Bus Socket.
Jul 30 12:28:33 witherspoon systemd[1]: Started Daily Cleanup of Temporary Directories.
Jul 30 12:28:33 witherspoon systemd[1]: Reached target Timers.
Jul 30 12:28:33 witherspoon systemd[1]: Listening on dropbear.socket.
Jul 30 12:28:33 witherspoon systemd[1]: Listening on Phosphor DBUS Browser socket.
Jul 30 12:28:34 witherspoon systemd[1]: Listening on Avahi mDNS/DNS-SD Stack Activation Socket.
Jul 30 12:28:34 witherspoon systemd[1]: Reached target Sockets.
Jul 30 12:28:34 witherspoon systemd[1]: Reached target Basic System.
Jul 30 12:28:34 witherspoon systemd[1]: Starting Phosphor Download Manager...
Jul 30 12:28:34 witherspoon systemd[1]: Starting Phosphor Dump Manager...
Jul 30 12:28:34 witherspoon systemd[1]: Reached target Containers.
Jul 30 12:28:34 witherspoon systemd[1]: Starting Phosphor Log Manager...
Jul 30 12:28:34 witherspoon systemd[1]: Starting Phosphor User Manager...
Jul 30 12:28:34 witherspoon systemd[1]: Started Phosphor sysfs LED controller.
Jul 30 12:28:34 witherspoon systemd[1]: Started Phosphor sysfs LED controller.
Jul 30 12:28:34 witherspoon systemd[1]: Starting OpenPower Software Update Manager...
Jul 30 12:28:34 witherspoon systemd[1]: Started Phosphor sysfs LED controller.
Jul 30 12:28:34 witherspoon systemd[1]: Starting Phosphor LED Group Management Daemon...
Jul 30 12:28:34 witherspoon systemd[1]: Starting Phosphor IPMI BT DBus Bridge...
Jul 30 12:28:34 witherspoon systemd[1]: Started Phosphor MBOX Daemon.
Jul 30 12:28:34 witherspoon systemd[1]: Started Phosphor sysfs LED controller.
Jul 30 12:28:34 witherspoon systemd[1]: Started Hardware RNG Entropy Gatherer Daemon.
Jul 30 12:28:34 witherspoon systemd[1]: Starting Avahi mDNS/DNS-SD Stack...
Jul 30 12:28:34 witherspoon systemd[1]: Started System Logging Service.
Jul 30 12:28:34 witherspoon systemd[1]: Starting Phosphor BMC0 Control...
Jul 30 12:28:34 witherspoon systemd[1]: Started Phosphor sysfs LED controller.
Jul 30 12:28:34 witherspoon systemd[1]: Starting OpenBMC Software Update Manager...
Jul 30 12:28:34 witherspoon systemd[1]: Started Phosphor sysfs LED controller.
Jul 30 12:28:34 witherspoon systemd[1]: Started Phosphor Dump core monitor..
Jul 30 12:28:34 witherspoon systemd[1]: Starting Phosphor Sensor Manager...
Jul 30 12:28:34 witherspoon systemd[1]: Started Kernel Logging Service.
Jul 30 12:28:34 witherspoon systemd[1]: Started Phosphor Console Muxer listening on device /dev/ttyVUART0.
Jul 30 12:28:35 witherspoon systemd[1]: Started Phosphor sysfs LED controller.
Jul 30 12:28:35 witherspoon systemd[1]: Started D-Bus System Message Bus.
Jul 30 12:28:35 witherspoon kernel[967]: klogd started: BusyBox v1.24.1 (2017-06-16 19:29:08 UTC)
Jul 30 12:28:35 witherspoon kernel[967]: [    0.000000] Booting Linux on physical CPU 0x0
Jul 30 12:28:35 witherspoon kernel[967]: [    0.000000] Linux version 4.10.17-44f0dc8ac43162c4f7082884d6cd79400341bf5b (jenkins@openbmc-builder1) (gcc version 6.2.0 (GCC) ) #1 Sun Jul 30 12:02:34 UTC 2017
Jul 30 12:28:35 witherspoon kernel[967]: [    0.000000] CPU: ARMv6-compatible processor [410fb767] revision 7 (ARMv7), cr=00c5387d
Jul 30 12:28:35 witherspoon kernel[967]: [    0.000000] CPU: PIPT / VIPT nonaliasing data cache, VIPT nonaliasing instruction cache
Jul 30 12:28:35 witherspoon kernel[967]: [    0.000000] OF: fdt:Machine model: Witherspoon BMC
Jul 30 12:28:35 witherspoon kernel[967]: [    0.000000] Memory policy: Data cache writeback
Jul 30 12:28:35 witherspoon kernel[967]: [    0.000000] SOC Rev: 04030303
Jul 30 12:28:35 witherspoon kernel[967]: [    0.000000] On node 0 totalpages: 110592
Jul 30 12:28:35 witherspoon kernel[967]: [    0.000000] free_area_init_node: node 0, pgdat 805ff5e4, node_mem_map 9ec1a000
Jul 30 12:28:35 witherspoon kernel[967]: [    0.000000]   Normal zone: 992 pages used for memmap
Jul 30 12:28:35 witherspoon kernel[967]: [    0.000000]   Normal zone: 0 pages reserved
Jul 30 12:28:35 witherspoon kernel[967]: [    0.000000]   Normal zone: 110592 pages, LIFO batch:31
Jul 30 12:28:35 witherspoon kernel[967]: [    0.000000] pcpu-alloc: s0 r0 d32768 u32768 alloc=1*32768
Jul 30 12:28:35 witherspoon kernel[967]: [    0.000000] pcpu-alloc: [0] 0
Jul 30 12:28:35 witherspoon kernel[967]: [    0.000000] Built 1 zonelists in Zone order, mobility grouping on.  Total pages: 109600
Jul 30 12:28:35 witherspoon kernel[967]: [    0.000000] Kernel command line: console=ttyS4,115200n8 root=/dev/ram rw
Jul 30 12:28:35 witherspoon kernel[967]: [    0.000000] PID hash table entries: 2048 (order: 1, 8192 bytes)
Jul 30 12:28:35 witherspoon kernel[967]: [    0.000000] Dentry cache hash table entries: 65536 (order: 6, 262144 bytes)
Jul 30 12:28:35 witherspoon kernel[967]: [    0.000000] Inode-cache hash table entries: 32768 (order: 5, 131072 bytes)
Jul 30 12:28:35 witherspoon kernel[967]: [    0.000000] Memory: 430436K/442368K available (4065K kernel code, 280K rwdata, 1192K rodata, 284K init, 111K bss, 11932K reserved, 0K cma-reserved)
Jul 30 12:28:35 witherspoon kernel[967]: [    0.000000] Virtual kernel memory layout:
Jul 30 12:28:35 witherspoon kernel[967]: [    0.000000]     vector  : 0xffff0000 - 0xffff1000   (   4 kB)
Jul 30 12:28:35 witherspoon kernel[967]: [    0.000000]     fixmap  : 0xffc00000 - 0xfff00000   (3072 kB)
Jul 30 12:28:35 witherspoon kernel[967]: [    0.000000]     vmalloc : 0x9f800000 - 0xff800000   (1536 MB)
Jul 30 12:28:35 witherspoon kernel[967]: [    0.000000]     lowmem  : 0x80000000 - 0x9f000000   ( 496 MB)
Jul 30 12:28:35 witherspoon kernel[967]: [    0.000000]       .text : 0x80008000 - 0x804007a0   (4066 kB)
Jul 30 12:28:35 witherspoon kernel[967]: [    0.000000]       .init : 0x80585000 - 0x805cc000   ( 284 kB)
Jul 30 12:28:35 witherspoon kernel[967]: [    0.000000]       .data : 0x805cc000 - 0x80612358   ( 281 kB)
Jul 30 12:28:35 witherspoon kernel[967]: [    0.000000]        .bss : 0x80612358 - 0x8062e1f8   ( 112 kB)
Jul 30 12:28:35 witherspoon kernel[967]: [    0.000000] NR_IRQS:16 nr_irqs:16 16
Jul 30 12:28:35 witherspoon kernel[967]: [    0.000000] i2c controller registered, irq 16
Jul 30 12:28:35 witherspoon kernel[967]: [    0.000000] clocksource: moxart_timer: mask: 0xffffffff max_cycles: 0xffffffff, max_idle_ns: 77222644334 ns
Jul 30 12:28:35 witherspoon kernel[967]: [    0.000000] sched_clock: 32 bits at 100 Hz, resolution 10000000ns, wraps every 21474836475000000ns
Jul 30 12:28:35 witherspoon kernel[967]: [    0.090000] Calibrating delay loop... 789.70 BogoMIPS (lpj=3948544)
Jul 30 12:28:35 witherspoon kernel[967]: [    0.090000] pid_max: default: 32768 minimum: 301
Jul 30 12:28:35 witherspoon kernel[967]: [    0.090000] Mount-cache hash table entries: 1024 (order: 0, 4096 bytes)
Jul 30 12:28:35 witherspoon kernel[967]: [    0.090000] Mountpoint-cache hash table entries: 1024 (order: 0, 4096 bytes)
Jul 30 12:28:35 witherspoon kernel[967]: [    0.090000] CPU: Testing write buffer coherency: ok
Jul 30 12:28:35 witherspoon kernel[967]: [    0.090000] ftrace: allocating 14932 entries in 44 pages
Jul 30 12:28:35 witherspoon kernel[967]: [    0.120000] Setting up static identity map for 0x80008200 - 0x8000825c
Jul 30 12:28:35 witherspoon kernel[967]: [    0.120000] devtmpfs: initialized
Jul 30 12:28:35 witherspoon kernel[967]: [    0.140000] clocksource: jiffies: mask: 0xffffffff max_cycles: 0xffffffff, max_idle_ns: 19112604462750000 ns
Jul 30 12:28:35 witherspoon kernel[967]: [    0.140000] futex hash table entries: 256 (order: -1, 3072 bytes)
Jul 30 12:28:35 witherspoon kernel[967]: [    0.140000] pinctrl core: initialized pinctrl subsystem
Jul 30 12:28:35 witherspoon kernel[967]: [    0.140000] NET: Registered protocol family 16
Jul 30 12:28:35 witherspoon kernel[967]: [    0.140000] DMA: preallocated 256 KiB pool for atomic coherent allocations
Jul 30 12:28:35 witherspoon kernel[967]: [    0.210000] usbcore: registered new interface driver usbfs
Jul 30 12:28:35 witherspoon kernel[967]: [    0.210000] usbcore: registered new interface driver hub
Jul 30 12:28:35 witherspoon kernel[967]: [    0.210000] usbcore: registered new device driver usb
Jul 30 12:28:35 witherspoon kernel[967]: [    0.210000] clocksource: Switched to clocksource moxart_timer
Jul 30 12:28:35 witherspoon kernel[967]: [    0.220000] NET: Registered protocol family 2
Jul 30 12:28:35 witherspoon kernel[967]: [    0.220000] TCP established hash table entries: 4096 (order: 2, 16384 bytes)
Jul 30 12:28:35 witherspoon kernel[967]: [    0.220000] TCP bind hash table entries: 4096 (order: 2, 16384 bytes)
Jul 30 12:28:35 witherspoon kernel[967]: [    0.220000] TCP: Hash tables configured (established 4096 bind 4096)
Jul 30 12:28:35 witherspoon kernel[967]: [    0.220000] UDP hash table entries: 256 (order: 0, 4096 bytes)
Jul 30 12:28:35 witherspoon kernel[967]: [    0.220000] UDP-Lite hash table entries: 256 (order: 0, 4096 bytes)
Jul 30 12:28:35 witherspoon kernel[967]: [    0.220000] NET: Registered protocol family 1
Jul 30 12:28:35 witherspoon kernel[967]: [    0.220000] Trying to unpack rootfs image as initramfs...
Jul 30 12:28:35 witherspoon kernel[967]: [    1.900000] Freeing initrd memory: 1548K
Jul 30 12:28:35 witherspoon kernel[967]: [    1.900000] workingset: timestamp_bits=30 max_order=17 bucket_order=0
Jul 30 12:28:35 witherspoon kernel[967]: [    1.900000] squashfs: version 4.0 (2009/01/31) Phillip Lougher
Jul 30 12:28:35 witherspoon kernel[967]: [    1.900000] jffs2: version 2.2. (SUMMARY)  © 2001-2006 Red Hat, Inc.
Jul 30 12:28:35 witherspoon kernel[967]: [    1.900000] Block layer SCSI generic (bsg) driver version 0.4 loaded (major 250)
Jul 30 12:28:35 witherspoon kernel[967]: [    1.900000] io scheduler noop registered
Jul 30 12:28:35 witherspoon kernel[967]: [    1.900000] io scheduler deadline registered
Jul 30 12:28:35 witherspoon kernel[967]: [    1.900000] io scheduler cfq registered (default)
Jul 30 12:28:35 witherspoon kernel[967]: [    2.050000] ipmi-bt-host 1e789140.ibt: Found bt bmc device
Jul 30 12:28:35 witherspoon kernel[967]: [    2.050000] ipmi-bt-host 1e789140.ibt: Using IRQ 22
Jul 30 12:28:35 witherspoon kernel[967]: [    2.050000] Serial: 8250/16550 driver, 6 ports, IRQ sharing enabled
Jul 30 12:28:35 witherspoon kernel[967]: [    2.050000] 1e783000.serial: ttyS0 at MMIO 0x1e783000 (irq = 23, base_baud = 1500000) is a 16550A
Jul 30 12:28:35 witherspoon kernel[967]: [    2.050000] 1e78d000.serial: ttyS1 at MMIO 0x1e78d000 (irq = 24, base_baud = 1500000) is a 16550A
Jul 30 12:28:35 witherspoon kernel[967]: [    2.050000] 1e784000.serial: ttyS4 at MMIO 0x1e784000 (irq = 25, base_baud = 1500000) is a 16550A
Jul 30 12:28:35 witherspoon kernel[967]: [    2.400000] console [ttyS4] enabled
Jul 30 12:28:35 witherspoon kernel[967]: [    2.400000] 1e787000.vuart: ttyS2 at MMIO 0x1e787000 (irq = 22, base_baud = 1500000) is a 16550A
Jul 30 12:28:35 witherspoon kernel[967]: [    2.590000] timeriomem_rng 1e6e2078.hwrng: 32bits from 0xf00e2078 @ 1us
Jul 30 12:28:35 witherspoon kernel[967]: [    2.600000] random: fast init done
Jul 30 12:28:35 witherspoon kernel[967]: [    2.640000] brd: module loaded
Jul 30 12:28:35 witherspoon kernel[967]: [    2.670000] loop: module loaded
Jul 30 12:28:35 witherspoon kernel[967]: [    2.670000] aspeed-lpc-ctrl 1e789080.lpc-ctrl: Loaded at 0x98000000 (0x04000000)
Jul 30 12:28:35 witherspoon kernel[967]: [    2.680000] aspeed-smc 1e620000.flash-controller: Using IRQ 18
Jul 30 12:28:35 witherspoon kernel[967]: [    2.680000] aspeed-smc 1e620000.flash-controller: DMA support disabled.
Jul 30 12:28:35 witherspoon kernel[967]: [    2.700000] aspeed-smc 1e620000.flash-controller: mx25l25635e (32768 Kbytes)
Jul 30 12:28:35 witherspoon kernel[967]: [    2.700000] aspeed-smc 1e620000.flash-controller: CE0 window [ 0x20000000 - 0x22000000 ] 32MB
Jul 30 12:28:35 witherspoon kernel[967]: [    2.700000] aspeed-smc 1e620000.flash-controller: CE1 window [ 0x22000000 - 0x2a000000 ] 128MB
Jul 30 12:28:35 witherspoon kernel[967]: [    2.700000] 5 ofpart partitions found on MTD device bmc
Jul 30 12:28:35 witherspoon kernel[967]: [    2.730000] Creating 5 MTD partitions on "bmc":
Jul 30 12:28:35 witherspoon kernel[967]: [    2.740000] 0x000000000000-0x000000060000 : "u-boot"
Jul 30 12:28:35 witherspoon kernel[967]: [    2.740000] 0x000000060000-0x000000080000 : "u-boot-env"
Jul 30 12:28:35 witherspoon kernel[967]: [    2.760000] 0x000000080000-0x0000004c0000 : "kernel"
Jul 30 12:28:35 witherspoon kernel[967]: [    2.760000] 0x0000004c0000-0x000001c00000 : "rofs"
Jul 30 12:28:35 witherspoon kernel[967]: [    2.770000] random: crng init done
Jul 30 12:28:35 witherspoon kernel[967]: [    2.780000] 0x000001c00000-0x000002000000 : "rwfs"
Jul 30 12:28:35 witherspoon kernel[967]: [    2.790000] aspeed-smc 1e620000.flash-controller: mx25l25635e (32768 Kbytes)
Jul 30 12:28:35 witherspoon kernel[967]: [    2.800000] aspeed-smc 1e620000.flash-controller: CE1 window [ 0x22000000 - 0x24000000 ] 32MB
Jul 30 12:28:35 witherspoon kernel[967]: [    2.800000] aspeed-smc 1e620000.flash-controller: CE2 window [ 0x24000000 - 0x2c000000 ] 128MB
Jul 30 12:28:35 witherspoon kernel[967]: [    2.810000] aspeed-smc 1e630000.flash-controller: mx66l1g45g (131072 Kbytes)
Jul 30 12:28:35 witherspoon kernel[967]: [    2.810000] aspeed-smc 1e630000.flash-controller: CE0 window resized to 120MB (AST2500 HW quirk)
Jul 30 12:28:35 witherspoon kernel[967]: [    2.840000] aspeed-smc 1e630000.flash-controller: CE0 window [ 0x30000000 - 0x37800000 ] 120MB
Jul 30 12:28:35 witherspoon kernel[967]: [    2.840000] aspeed-smc 1e630000.flash-controller: CE0 window too small for chip 128MB
Jul 30 12:28:35 witherspoon kernel[967]: [    2.840000] aspeed-smc 1e630000.flash-controller: CE1 window [ 0x37800000 - 0x38000000 ] 8MB
Jul 30 12:28:35 witherspoon kernel[967]: [    3.560000] libphy: Fixed MDIO Bus: probed
Jul 30 12:28:35 witherspoon kernel[967]: [    3.560000] ftgmac100 1e660000.ethernet: Read MAC address 70:e2:84:14:28:a9 from chip
Jul 30 12:28:35 witherspoon kernel[967]: [    3.650000] ftgmac100 1e660000.ethernet: Using NCSI interface
Jul 30 12:28:35 witherspoon kernel[967]: [    3.650000] ftgmac100 1e660000.ethernet eth0: irq 20, mapped at f0060000
Jul 30 12:28:38 witherspoon openpower-update-manager[952]: Error PNOR current version is empty
Jul 30 12:28:35 witherspoon kernel[967]: [    3.650000] ehci_hcd: USB 2.0 'Enhanced' Host Controller (EHCI) Driver
Jul 30 12:28:38 witherspoon systemd[1]: Started OpenPower Software Update Manager.
Jul 30 12:28:35 witherspoon kernel[967]: [    3.650000] ehci-platform: EHCI generic platform driver
Jul 30 12:28:39 witherspoon systemd[1]: Started Phosphor IPMI BT DBus Bridge.
Jul 30 12:28:35 witherspoon kernel[967]: [    3.830000]  fsi0: can't read slave 00:00 -5
Jul 30 12:28:35 witherspoon kernel[967]: [    3.830000] i2c /dev entries driver
Jul 30 12:28:39 witherspoon systemd[1]: Started Phosphor Download Manager.
Jul 30 12:28:35 witherspoon kernel[967]: [    3.830000] aspeed-i2c-bus 1e78a0c0.i2c-bus: i2c bus 2 registered, irq 26
Jul 30 12:28:35 witherspoon kernel[967]: [    3.830000] aspeed-i2c-bus 1e78a100.i2c-bus: i2c bus 3 registered, irq 27
Jul 30 12:28:35 witherspoon kernel[967]: [    3.830000] aspeed-i2c-bus 1e78a140.i2c-bus: i2c bus 4 registered, irq 28
Jul 30 12:28:35 witherspoon kernel[967]: [    3.830000] aspeed-i2c-bus 1e78a180.i2c-bus: i2c bus 5 registered, irq 29
Jul 30 12:28:35 witherspoon kernel[967]: [    3.830000] aspeed-i2c-bus 1e78a380.i2c-bus: i2c bus 9 registered, irq 30
Jul 30 12:28:35 witherspoon kernel[967]: [    3.830000] aspeed-i2c-bus 1e78a3c0.i2c-bus: i2c bus 10 registered, irq 31
Jul 30 12:28:35 witherspoon kernel[967]: [    3.830000] rtc-rv8803 11-0032: Voltage low, temperature compensation stopped.
Jul 30 12:28:35 witherspoon kernel[967]: [    3.930000] rtc-rv8803 11-0032: rtc core: registered rx8900 as rtc0
Jul 30 12:28:35 witherspoon kernel[967]: [    3.940000] at24 11-0051: 8192 byte 24c64 EEPROM, writable, 1 bytes/write
Jul 30 12:28:35 witherspoon kernel[967]: [    3.940000] aspeed-i2c-bus 1e78a400.i2c-bus: i2c bus 11 registered, irq 32
Jul 30 12:28:35 witherspoon kernel[967]: [    3.940000] aspeed-i2c-bus 1e78a440.i2c-bus: i2c bus 12 registered, irq 33
Jul 30 12:28:35 witherspoon kernel[967]: [    3.940000] aspeed-i2c-bus 1e78a480.i2c-bus: i2c bus 13 registered, irq 34
Jul 30 12:28:35 witherspoon kernel[967]: [    3.940000] Driver for 1-wire Dallas network protocol.
Jul 30 12:28:35 witherspoon kernel[967]: [    3.940000] lm75 9-004a: hwmon0: sensor 'tmp275'
Jul 30 12:28:35 witherspoon kernel[967]: [    4.420000] max31785: probe of 3-0052 failed with error -5
Jul 30 12:28:35 witherspoon kernel[967]: [    4.430000] ucd9000 11-0064: Device ID UCD90160|2.3.4.0000|110603
Jul 30 12:28:35 witherspoon kernel[967]: [    4.760000] leds-pca955x 3-0060: leds-pca955x: Using pca9552 16-bit LED driver at slave address 0x60
Jul 30 12:28:35 witherspoon kernel[967]: [    4.780000] leds-pca955x 11-0060: leds-pca955x: Using pca9552 16-bit LED driver at slave address 0x60
Jul 30 12:28:39 witherspoon systemd[1]: Started Phosphor LED Group Management Daemon.
Jul 30 12:28:35 witherspoon kernel[967]: [    4.790000] leds-pca955x 11-0060: gpios 264...279
Jul 30 12:28:35 witherspoon kernel[967]: [    4.800000] usbcore: registered new interface driver usbhid
Jul 30 12:28:35 witherspoon kernel[967]: [    4.800000] usbhid: USB HID core driver
Jul 30 12:28:35 witherspoon kernel[967]: [    4.840000] dps310 3-0076: iio:device1: sensor 'dps310'
Jul 30 12:28:35 witherspoon kernel[967]: [    4.840000] NET: Registered protocol family 10
Jul 30 12:28:35 witherspoon kernel[967]: [    4.850000] Segment Routing with IPv6
Jul 30 12:28:35 witherspoon kernel[967]: [    4.850000] NET: Registered protocol family 17
Jul 30 12:28:35 witherspoon kernel[967]: [    4.850000] 8021q: 802.1Q VLAN Support v1.8
Jul 30 12:28:35 witherspoon kernel[967]: [    4.870000] console [netcon0] enabled
Jul 30 12:28:35 witherspoon kernel[967]: [    4.870000] netconsole: network logging started
Jul 30 12:28:35 witherspoon kernel[967]: [    4.870000] input: gpio-keys as /devices/platform/gpio-keys/input/input0
Jul 30 12:28:35 witherspoon kernel[967]: [    4.870000] rtc-rv8803 11-0032: setting system clock to 2017-07-30 12:28:05 UTC (1501417685)
Jul 30 12:28:35 witherspoon kernel[967]: [    4.870000] Freeing unused kernel memory: 284K
Jul 30 12:28:35 witherspoon kernel[967]: [    4.870000] This architecture does not have kernel memory protection.
Jul 30 12:28:35 witherspoon kernel[967]: [    6.540000] jffs2: notice: (524) jffs2_build_xattr_subsystem: complete building xattr subsystem, 0 of xdatum (0 unchecked, 0 orphan) and 0 of xref (0 dead, 0 orphan) found.
Jul 30 12:28:35 witherspoon kernel[967]: [    8.650000] systemd[1]: Failed to insert module 'autofs4': No such file or directory
Jul 30 12:28:35 witherspoon kernel[967]: [    8.850000] systemd[1]: systemd 232 running in system mode. (+PAM -AUDIT -SELINUX -IMA -APPARMOR -SMACK +SYSVINIT -UTMP -LIBCRYPTSETUP -GCRYPT -GNUTLS +ACL +XZ -LZ4 -SECCOMP +BLKID -ELFUTILS +KMOD -IDN)
Jul 30 12:28:35 witherspoon kernel[967]: [    8.850000] systemd[1]: Detected architecture arm.
Jul 30 12:28:35 witherspoon kernel[967]: [    9.070000] systemd[1]: Set hostname to <witherspoon>.
Jul 30 12:28:35 witherspoon kernel[967]: [   10.960000] systemd[1]: Listening on Journal Socket.
Jul 30 12:28:35 witherspoon kernel[967]: [   10.960000] systemd[1]: Listening on Network Service Netlink Socket.
Jul 30 12:28:35 witherspoon kernel[967]: [   11.120000] systemd[1]: Started Dispatch Password Requests to Console Directory Watch.
Jul 30 12:28:35 witherspoon kernel[967]: [   11.290000] systemd[1]: Listening on Syslog Socket.
Jul 30 12:28:35 witherspoon kernel[967]: [   11.470000] systemd[1]: Listening on udev Kernel Socket.
Jul 30 12:28:35 witherspoon kernel[967]: [   11.650000] systemd[1]: Reached target Swap.
Jul 30 12:28:35 witherspoon kernel[967]: [   11.840000] systemd[1]: Listening on udev Control Socket.
Jul 30 12:28:35 witherspoon kernel[967]: [   14.110000] systemd[1]: dev-hugepages.mount: Couldn't determine result for ConditionVirtualization=!private-users, assuming failed: No such file or directory
Jul 30 12:28:35 witherspoon kernel[967]: [   14.110000] systemd[1]: Created slice system-phosphor\x2dreset\x2dhost\x2drunning.slice.
Jul 30 12:28:35 witherspoon kernel[967]: [   14.370000] systemd[1]: Created slice system-mapper\x2dwait.slice.
Jul 30 12:28:35 witherspoon kernel[967]: [   14.640000] systemd[1]: Mounting Temporary Directory...
Jul 30 12:28:35 witherspoon kernel[967]: [   14.920000] systemd[1]: Created slice system-phosphor\x2dcooling\x2dtype.slice.
Jul 30 12:28:35 witherspoon kernel[967]: [   15.200000] systemd[1]: Created slice system-org.openbmc.buttons.Power.slice.
Jul 30 12:28:35 witherspoon kernel[967]: [   15.490000] systemd[1]: Starting Journal Service...
Jul 30 12:28:35 witherspoon kernel[967]: [   15.790000] systemd[1]: Reached target Slices.
Jul 30 12:28:35 witherspoon kernel[967]: [   16.090000] systemd[1]: Created slice system-org.openbmc.control.Bmc.slice.
Jul 30 12:28:35 witherspoon kernel[967]: [   16.400000] systemd[1]: Created slice system-op\x2dreset\x2dchassis\x2drunning.slice.
Jul 30 12:28:35 witherspoon kernel[967]: [   19.440000] systemd[1]: Created slice system-org.openbmc.buttons.reset.slice.
Jul 30 12:28:35 witherspoon kernel[967]: [   19.810000] systemd[1]: Created slice system-serial\x2dgetty.slice.
Jul 30 12:28:35 witherspoon kernel[967]: [   20.180000] systemd[1]: Created slice system-obmc\x2dled\x2dgroup\x2dstart.slice.
Jul 30 12:28:35 witherspoon kernel[967]: [   20.560000] systemd[1]: Mounted Debug File System.
Jul 30 12:28:35 witherspoon kernel[967]: [   20.950000] systemd[1]: Mounted Temporary Directory.
Jul 30 12:28:35 witherspoon kernel[967]: [   21.340000] systemd[1]: Started Journal Service.
Jul 30 12:28:35 witherspoon kernel[967]: [   23.840000] systemd-journald[547]: Received request to flush runtime journal from PID 1
Jul 30 12:28:39 witherspoon avahi-daemon[959]: Found user 'avahi' (UID 998) and group 'avahi' (GID 999).
Jul 30 12:28:39 witherspoon avahi-daemon[959]: Successfully dropped root privileges.
Jul 30 12:28:39 witherspoon systemd[1]: Starting Network Service...
Jul 30 12:28:39 witherspoon avahi-daemon[959]: avahi-daemon 0.6.32 starting up.
Jul 30 12:28:39 witherspoon avahi-daemon[959]: Successfully called chroot().
Jul 30 12:28:39 witherspoon avahi-daemon[959]: Successfully dropped remaining capabilities.
Jul 30 12:28:39 witherspoon avahi-daemon[959]: Loading service file /services/obmc_console.service.
Jul 30 12:28:39 witherspoon avahi-daemon[959]: Loading service file /services/phosphor_rest.service.
Jul 30 12:28:39 witherspoon avahi-daemon[959]: Loading service file /services/sftp-ssh.service.
Jul 30 12:28:39 witherspoon avahi-daemon[959]: Loading service file /services/sftp.service.
Jul 30 12:28:39 witherspoon avahi-daemon[959]: Loading service file /services/ssh.service.
Jul 30 12:28:39 witherspoon avahi-daemon[959]: Network interface enumeration completed.
Jul 30 12:28:39 witherspoon avahi-daemon[959]: Server startup complete. Host name is witherspoon.local. Local service cookie is 4028851072.
Jul 30 12:28:39 witherspoon avahi-daemon[959]: Service "witherspoon" (/services/ssh.service) successfully established.
Jul 30 12:28:39 witherspoon avahi-daemon[959]: Service "sftp" (/services/sftp.service) successfully established.
Jul 30 12:28:39 witherspoon avahi-daemon[959]: Service "witherspoon" (/services/sftp-ssh.service) successfully established.
Jul 30 12:28:39 witherspoon avahi-daemon[959]: Service "phosphor_rest" (/services/phosphor_rest.service) successfully established.
Jul 30 12:28:39 witherspoon avahi-daemon[959]: Service "obmc_console" (/services/obmc_console.service) successfully established.
Jul 30 12:28:39 witherspoon systemd[1]: Started Phosphor sysfs LED controller.
Jul 30 12:28:39 witherspoon systemd[1]: Starting Phosphor Chassis0 Control...
Jul 30 12:28:39 witherspoon systemd[1]: Starting Phosphor Network Manager...
Jul 30 12:28:41 witherspoon systemd-networkd[972]: Could not create runtime directory: File exists
Jul 30 12:28:41 witherspoon systemd-networkd[972]: Could not create runtime directory 'links': File exists
Jul 30 12:28:41 witherspoon avahi-daemon[959]: Joining mDNS multicast group on interface eth0.IPv4 with address 9.3.21.61.
Jul 30 12:28:41 witherspoon systemd-networkd[972]: Could not create runtime directory 'leases': File exists
Jul 30 12:28:41 witherspoon avahi-daemon[959]: New relevant interface eth0.IPv4 for mDNS.
Jul 30 12:28:41 witherspoon systemd-networkd[972]: Enumeration completed
Jul 30 12:28:41 witherspoon avahi-daemon[959]: Registering new address record for 9.3.21.61 on eth0.IPv4.
Jul 30 12:28:41 witherspoon systemd[1]: Started Phosphor sysfs LED controller.
Jul 30 12:28:41 witherspoon systemd-networkd[972]: eth0: IPv6 enabled for interface: Success
Jul 30 12:28:41 witherspoon systemd-networkd[972]: eth0: Gained carrier
Jul 30 12:28:41 witherspoon systemd-timesyncd[904]: Network configuration changed, trying to establish connection.
Jul 30 12:28:41 witherspoon systemd[1]: Starting Phosphor DBus Service Discovery Manager...
Jul 30 12:28:41 witherspoon systemd[1]: Starting Phosphor Inventory Manager...
Jul 30 12:28:41 witherspoon systemd[1]: Starting Phosphor Inventory Manager...
Jul 30 12:28:42 witherspoon systemd[1]: Starting Phosphor Settings Daemon...
Jul 30 12:28:42 witherspoon systemd[1]: Starting Clear one time boot overrides...
Jul 30 12:28:42 witherspoon systemd[1]: Starting Phosphor Download Manager...
Jul 30 12:28:42 witherspoon systemd[1]: Started Phosphor sysfs LED controller.
Jul 30 12:28:43 witherspoon systemd[1]: Started Network Service.
Jul 30 12:28:43 witherspoon systemd[1]: Started Clear one time boot overrides.
Jul 30 12:28:43 witherspoon systemd[1]: Started OpenBMC Software Update Manager.
Jul 30 12:28:43 witherspoon systemd[1]: Started Avahi mDNS/DNS-SD Stack.
Jul 30 12:28:43 witherspoon systemd[1]: Started Phosphor Log Manager.
Jul 30 12:28:43 witherspoon systemd[1]: Starting Phosphor Version Software Manager...
Jul 30 12:28:43 witherspoon systemd[1]: Reached target Network.
Jul 30 12:28:43 witherspoon systemd[1]: Started Lightweight SLP Server.
Jul 30 12:28:43 witherspoon systemd[1]: Starting Permit User Sessions...
Jul 30 12:28:43 witherspoon avahi-daemon[959]: Joining mDNS multicast group on interface eth0.IPv6 with address fe80::72e2:84ff:fe14:28a9.
Jul 30 12:28:43 witherspoon systemd-networkd[972]: eth0: Gained IPv6LL
Jul 30 12:28:43 witherspoon avahi-daemon[959]: New relevant interface eth0.IPv6 for mDNS.
Jul 30 12:28:43 witherspoon avahi-daemon[959]: Registering new address record for fe80::72e2:84ff:fe14:28a9 on eth0.*.
Jul 30 12:28:43 witherspoon systemd[1]: Started Permit User Sessions.
Jul 30 12:28:43 witherspoon systemd[1]: Started Serial Getty on ttyS4.
Jul 30 12:28:43 witherspoon systemd[1]: Reached target Login Prompts.
Jul 30 12:28:43 witherspoon systemd[1]: Reached target Multi-User System.
Jul 30 12:28:44 witherspoon kernel: ftgmac100 1e660000.ethernet eth0: NCSI interface up
Jul 30 12:28:44 witherspoon kernel[967]: [   44.170000] ftgmac100 1e660000.ethernet eth0: NCSI interface up
Jul 30 12:28:45 witherspoon systemd[1]: Started Phosphor Inventory Manager.
Jul 30 12:28:45 witherspoon systemd[1]: Started Phosphor Version Software Manager.
Jul 30 12:28:45 witherspoon systemd[1]: Started Phosphor Dump Manager.
Jul 30 12:28:45 witherspoon systemd[1]: Started Phosphor BMC0 Control.
Jul 30 12:28:46 witherspoon systemd[1]: Started Phosphor Settings Daemon.
Jul 30 12:28:50 witherspoon systemd[1]: Created slice system-dropbear.slice.
Jul 30 12:28:50 witherspoon systemd[1]: Started SSH Per-Connection Server (9.41.165.94:51182).
Jul 30 12:28:50 witherspoon dropbear[1000]: Failed loading /etc/dropbear/dropbear_dss_host_key
Jul 30 12:28:50 witherspoon dropbear[1000]: Failed loading /etc/dropbear/dropbear_ecdsa_host_key
Jul 30 12:28:50 witherspoon dropbear[1000]: Child connection from ::ffff:9.41.165.94:51182
Jul 30 12:28:56 witherspoon systemd-networkd[972]: eth0: Configured
Jul 30 12:28:56 witherspoon systemd-timesyncd[904]: Network configuration changed, trying to establish connection.
Jul 30 12:28:57 witherspoon dropbear[1000]: PAM password auth succeeded for 'root' from ::ffff:9.41.165.94:51182
Jul 30 12:28:57 witherspoon dropbear[1001]: lastlog_perform_login: Couldn't stat /var/log/lastlog: No such file or directory
Jul 30 12:28:57 witherspoon dropbear[1001]: lastlog_openseek: /var/log/lastlog is not a file or directory!
Jul 30 12:29:01 witherspoon systemd[1]: Started Phosphor Chassis0 Control.
Jul 30 12:29:02 witherspoon chassis_control.py[974]: Running ChassisControlService
Jul 30 12:29:02 witherspoon netman.py[975]: Started
Jul 30 12:29:02 witherspoon obmc-phosphor-userd[949]: Started
Jul 30 12:29:02 witherspoon systemd[1]: Started Phosphor User Manager.
Jul 30 12:29:02 witherspoon systemd[1]: Started Phosphor Network Manager.
Jul 30 12:29:02 witherspoon download_manager.py[984]: Running Download Manager
Jul 30 12:29:02 witherspoon systemd[1]: Started Phosphor Download Manager.
Jul 30 12:29:02 witherspoon sensor_manager2.py[966]: Setting boot count to 3
Jul 30 12:29:02 witherspoon sensor_manager2.py[966]: Starting sensor manager
Jul 30 12:29:02 witherspoon systemd[1]: Started Phosphor Sensor Manager.
Jul 30 12:29:02 witherspoon inventory_items.py[981]: Loading from cache: /var/cache/obmc/org.openbmc.inventory.system.chassis.motherboard.apss@org.openbmc.InventoryItem.props
Jul 30 12:29:02 witherspoon inventory_items.py[981]: Loading from cache: /var/cache/obmc/org.openbmc.inventory.system.chassis.motherboard@org.openbmc.InventoryItem.props
Jul 30 12:29:03 witherspoon inventory_items.py[981]: Loading from cache: /var/cache/obmc/org.openbmc.inventory.system.chassis.motherboard.refclock@org.openbmc.InventoryItem.props
Jul 30 12:29:03 witherspoon inventory_items.py[981]: Loading from cache: /var/cache/obmc/org.openbmc.inventory.system.chassis.motherboard.todclock@org.openbmc.InventoryItem.props
Jul 30 12:29:03 witherspoon inventory_items.py[981]: Loading from cache: /var/cache/obmc/org.openbmc.inventory.system.chassis.motherboard.bmc@org.openbmc.InventoryItem.props
Jul 30 12:29:03 witherspoon inventory_items.py[981]: Caching: /org/openbmc/inventory/system/chassis/motherboard/bmc
Jul 30 12:29:03 witherspoon inventory_items.py[981]: Loading from cache: /var/cache/obmc/org.openbmc.inventory.system.chassis.motherboard.pcieclock@org.openbmc.InventoryItem.props
Jul 30 12:29:03 witherspoon systemd[1]: Started Phosphor Inventory Manager.
Jul 30 12:29:03 witherspoon inventory_items.py[981]: Running Inventory Manager
Jul 30 12:29:03 witherspoon phosphor-mapper[979]: ObjectMapper startup complete.  Discovery in progress...
Jul 30 12:29:03 witherspoon avahi-daemon[971]: ../../avahi-0.6.32/avahi-daemon/chroot.c: open() failed: No such file or directory
Jul 30 12:29:03 witherspoon avahi-daemon[959]: Failed to open /usr/share/dbus-1/interfaces/org.freedesktop.Avahi.Server.xml: Invalid argument
Jul 30 12:29:03 witherspoon avahi-daemon[959]: Failed to load introspection data.
Jul 30 12:29:13 witherspoon phosphor-mapper[979]: ObjectMapper discovery complete
Jul 30 12:29:13 witherspoon systemd[1]: Started Phosphor DBus Service Discovery Manager.
Jul 30 12:29:13 witherspoon systemd[1]: Started Phosphor Hwmon Poller.
Jul 30 12:29:13 witherspoon systemd[1]: Started Phosphor Hwmon Poller.
Jul 30 12:29:13 witherspoon systemd[1]: Started Phosphor Hwmon Poller.
Jul 30 12:29:13 witherspoon systemd[1]: Started Phosphor Hwmon Poller.
Jul 30 12:29:13 witherspoon systemd[1]: Reached target Phosphor Object Mapper.
Jul 30 12:29:13 witherspoon systemd[1]: Started Phosphor DBus Monitor.
Jul 30 12:29:13 witherspoon systemd[1]: Starting Wait for /org/openbmc/managers/Download...
Jul 30 12:29:13 witherspoon systemd[1]: Starting Phosphor Settings Manager...
Jul 30 12:29:13 witherspoon systemd[1]: Starting Wait for /org/openbmc/control/power0...
Jul 30 12:29:13 witherspoon systemd[1]: Starting Wait for /xyz/openbmc_project/led/groups...
Jul 30 12:29:13 witherspoon systemd[1]: Starting Phosphor Network Manager...
Jul 30 12:29:13 witherspoon systemd[1]: Starting Wait for /xyz/openbmc_project/state/host0...
Jul 30 12:29:13 witherspoon systemd[1]: Starting Wait for /org/openbmc/NetworkManager/Interface...
Jul 30 12:29:13 witherspoon systemd[1]: Starting Wait for /xyz/openbmc_project/inventory...
Jul 30 12:29:13 witherspoon systemd[1]: Starting Phoshpor System Manager...
Jul 30 12:29:13 witherspoon systemd[1]: Starting Wait for /xyz/openbmc_project/control/host0...
Jul 30 12:29:13 witherspoon systemd[1]: Starting Wait for /xyz/openbmc_project/state/chassis0...
Jul 30 12:29:13 witherspoon systemd[1]: Starting Wait for /org/openbmc/control/flash/bios...
Jul 30 12:29:13 witherspoon systemd[1]: Starting Wait for /org/openbmc/control/bmc0...
Jul 30 12:29:13 witherspoon systemd[1]: Starting Wait for /xyz/openbmc_project/led/groups/bmc_booted...
Jul 30 12:29:13 witherspoon systemd[1]: Reached target Webserver (pre).
Jul 30 12:29:13 witherspoon systemd[1]: Started Phosphor Webserver.
Jul 30 12:29:13 witherspoon systemd[1]: Starting Wait for /org/openbmc/managers/System...
Jul 30 12:29:13 witherspoon systemd[1]: Started Phosphor Hwmon Poller.
Jul 30 12:29:18 witherspoon phosphor-network-manager[1016]: ConfigParser: Section not found
Jul 30 12:29:18 witherspoon phosphor-network-manager[1016]: The operation failed internally.
Jul 30 12:29:18 witherspoon systemd[1]: Started Wait for /org/openbmc/managers/Download.
Jul 30 12:29:18 witherspoon systemd[1]: Started Wait for /xyz/openbmc_project/led/groups.
Jul 30 12:29:18 witherspoon systemd[1]: Started Wait for /org/openbmc/NetworkManager/Interface.
Jul 30 12:29:18 witherspoon systemd[1]: Started Wait for /xyz/openbmc_project/inventory.
Jul 30 12:29:18 witherspoon systemd[1]: Started Wait for /xyz/openbmc_project/led/groups/bmc_booted.
Jul 30 12:29:18 witherspoon systemd[1]: Starting Assert bmc_booted LED...
Jul 30 12:29:18 witherspoon systemd[1]: Started Phosphor Cooling Type.
Jul 30 12:29:18 witherspoon systemd[1]: Starting Read OpenPOWER-format VPD from EEPROM...
Jul 30 12:29:18 witherspoon systemd[1]: Starting OpenPOWER OCC controller...
Jul 30 12:29:19 witherspoon dbus[970]: [system] Activating via systemd: service name='org.freedesktop.hostname1' unit='dbus-org.freedesktop.hostname1.service'
Jul 30 12:29:18 witherspoon systemd[1]: Started Phosphor DNS Settings Cache Manager.
Jul 30 12:29:20 witherspoon dbus[970]: [system] Successfully activated service 'org.freedesktop.hostname1'
Jul 30 12:29:18 witherspoon systemd[1]: Started FRU Fault monitor service.
Jul 30 12:29:18 witherspoon systemd[1]: Starting Phosphor BIOS Code Update...
Jul 30 12:29:18 witherspoon phosphor-network-manager[1016]: ConfigParser: Section not found
Jul 30 12:29:18 witherspoon phosphor-network-manager[1016]: The operation failed internally.
Jul 30 12:29:18 witherspoon phosphor-network-manager[1016]: ConfigParser: Key not found
Jul 30 12:29:18 witherspoon phosphor-network-manager[1016]: The operation failed internally.
Jul 30 12:29:19 witherspoon phosphor-log-manager[948]: Failed to find metadata
Jul 30 12:29:19 witherspoon systemd[1]: Starting Hostname Service...
Jul 30 12:29:19 witherspoon systemd[1]: Started OpenPOWER OCC controller.
Jul 30 12:29:20 witherspoon systemd[1]: Started Hostname Service.
Jul 30 12:29:20 witherspoon systemd[1]: Started Wait for /org/openbmc/control/bmc0.
Jul 30 12:29:20 witherspoon systemd[1]: Starting Phosphor BMC Code Update...
Jul 30 12:29:20 witherspoon systemd[1]: Started Phosphor BIOS Code Update.
Jul 30 12:29:21 witherspoon systemd[1]: Started Phosphor Network Manager.
Jul 30 12:29:25 witherspoon system_manager.py[1020]: Running System State: BASE_APPS
Jul 30 12:29:25 witherspoon system_manager.py[1020]: SystemManager Init Done
Jul 30 12:29:25 witherspoon system_manager.py[1020]: Running SystemManager
Jul 30 12:29:25 witherspoon systemd[1]: Started Phoshpor System Manager.
Jul 30 12:29:26 witherspoon settings_manager.py[1013]: Running HostSettingsService
Jul 30 12:29:26 witherspoon systemd[1]: Started Phosphor Settings Manager.
Jul 30 12:29:26 witherspoon systemd[1]: Starting Wait for /org/openbmc/settings/host0...
Jul 30 12:29:27 witherspoon systemd[1]: Started Assert bmc_booted LED.
Jul 30 12:29:28 witherspoon systemd[1]: Started Read OpenPOWER-format VPD from EEPROM.
Jul 30 12:29:28 witherspoon system_manager.py[1020]: SystemManager Goto System State: BMC_STARTING
Jul 30 12:29:28 witherspoon system_manager.py[1020]: Running System State: BMC_STARTING
Jul 30 12:29:31 witherspoon systemd[1]: Started Phosphor BMC Code Update.
Jul 30 12:29:31 witherspoon bmc_update.py[1047]: Running Bmc Flash Control
Jul 30 12:29:36 witherspoon systemd[1]: Started Wait for /org/openbmc/control/flash/bios.
Jul 30 12:29:36 witherspoon systemd[1]: Started Initialize BIOS Flash.
Jul 30 12:29:37 witherspoon systemd[1]: Started Wait for /org/openbmc/settings/host0.
Jul 30 12:29:37 witherspoon systemd[1]: Started Phosphor Inband IPMI.
Jul 30 12:29:37 witherspoon systemd[1]: Started Wait for /org/openbmc/managers/System.
Jul 30 12:29:37 witherspoon systemd[1]: Starting Phosphor Reset Button0...
Jul 30 12:29:37 witherspoon systemd[1]: Starting Phosphor Host State Manager...
Jul 30 12:29:37 witherspoon systemd[1]: Starting Phosphor Chassis State Manager...
Jul 30 12:29:38 witherspoon systemd[1]: Starting Phosphor BMC State Manager...
Jul 30 12:29:38 witherspoon systemd[1]: Starting Phosphor Power0 Control...
Jul 30 12:29:38 witherspoon systemd[1]: Starting Phosphor Power Button0...
Jul 30 12:29:38 witherspoon phosphor-chassis-state-manager[1065]: Initial Chassis State will be Off
Jul 30 12:29:38 witherspoon systemd[1]: Started Phosphor Chassis State Manager.
Jul 30 12:29:38 witherspoon phosphor-host-state-manager[1064]: Initial Host State will be Off
Jul 30 12:29:39 witherspoon button_power.exe[1069]: GPIO Lookup:  POWER_BUTTON = 347,both
Jul 30 12:29:39 witherspoon phosphor-bmc-state-manager[1067]: Setting the BMCState field
Jul 30 12:29:39 witherspoon phosphor-bmc-state-manager[1067]: Setting the BMCState field
Jul 30 12:29:39 witherspoon systemd[1]: Started Phosphor BMC State Manager.
Jul 30 12:29:40 witherspoon system_manager.py[1020]: New object: /org/openbmc/control/power0 (:1.76)
Jul 30 12:29:40 witherspoon systemd[1]: Started Phosphor Power Button0.
Jul 30 12:29:40 witherspoon flash_bios.exe[1035]: Starting flasher: bios,,/org/openbmc/control/flash/bios,
Jul 30 12:29:40 witherspoon flash_bios.exe[1035]: flasher: , BMC = 1, address = 0x0
Jul 30 12:29:40 witherspoon flash_bios.exe[1035]: Setting up flash
Jul 30 12:29:40 witherspoon button_reset.exe[1063]: GPIO Lookup:  RESET_BUTTON = 353,both
Jul 30 12:29:40 witherspoon systemd[1]: Started Phosphor Reset Button0.
Jul 30 12:29:40 witherspoon system_manager.py[1020]: Power GPIO config: ['SYS_PWROK_BUFF', '', [('SOFTWARE_PGOOD', True), ('BMC_POWER_UP', True)], [('BMC_CP0_RESET_N', False)], [], 'FSI_DATA', 'FSI_CLK', 'FSI_ENABLE', 'CRONUS_SEL', []]
Jul 30 12:29:40 witherspoon power_control.exe[1068]: Power GPIO latch output:
Jul 30 12:29:40 witherspoon power_control.exe[1068]: Power GPIO power good input: SYS_PWROK_BUFF
Jul 30 12:29:40 witherspoon power_control.exe[1068]: Power GPIO 2 power_up outputs
Jul 30 12:29:40 witherspoon power_control.exe[1068]: Power GPIO power_up[0] = SOFTWARE_PGOOD active HIGH
Jul 30 12:29:40 witherspoon power_control.exe[1068]: Power GPIO power_up[1] = BMC_POWER_UP active HIGH
Jul 30 12:29:40 witherspoon power_control.exe[1068]: Power GPIO 1 reset outputs
Jul 30 12:29:40 witherspoon power_control.exe[1068]: Power GPIO reset[0] = BMC_CP0_RESET_N active LOW
Jul 30 12:29:40 witherspoon power_control.exe[1068]: Power GPIO 0 pci reset outputs
Jul 30 12:29:40 witherspoon power_control.exe[1068]: FSI DATA GPIO: FSI_DATA
Jul 30 12:29:40 witherspoon power_control.exe[1068]: FSI CLK GPIO: FSI_CLK
Jul 30 12:29:40 witherspoon power_control.exe[1068]: FSI ENABLE GPIO: FSI_ENABLE
Jul 30 12:29:40 witherspoon power_control.exe[1068]: CRONUS SEL GPIO: CRONUS_SEL
Jul 30 12:29:40 witherspoon power_control.exe[1068]: Hostctl GPIO optionals: 0
Jul 30 12:29:40 witherspoon power_control.exe[1068]: GPIO Lookup:  SYS_PWROK_BUFF = 306,in
Jul 30 12:29:41 witherspoon power_control.exe[1068]: GPIO Lookup:  SOFTWARE_PGOOD = 417,out
Jul 30 12:29:41 witherspoon flash_bios.exe[1035]: Starting flasher: bios,,/org/openbmc/control/flash/bios,
Jul 30 12:29:41 witherspoon flash_bios.exe[1035]: flasher: , BMC = 1, address = 0x0
Jul 30 12:29:41 witherspoon flash_bios.exe[1035]: Setting up flash
Jul 30 12:29:41 witherspoon power_control.exe[1068]: GPIO Lookup:  BMC_POWER_UP = 305,out
Jul 30 12:29:42 witherspoon power_control.exe[1068]: GPIO Lookup:  BMC_CP0_RESET_N = 281,out
Jul 30 12:29:42 witherspoon power_control.exe[1068]: Pgood state: 0
Jul 30 12:29:42 witherspoon systemd[1]: Started Phosphor Power0 Control.
Jul 30 12:29:42 witherspoon systemd[1]: Started Phosphor Host State Manager.
Jul 30 12:29:45 witherspoon system_manager.py[1020]: SystemManager Goto System State: BMC_READY
Jul 30 12:29:45 witherspoon system_manager.py[1020]: Running System State: BMC_READY
Jul 30 12:29:45 witherspoon systemd[1]: Started Wait for /xyz/openbmc_project/control/host0.
Jul 30 12:29:45 witherspoon systemd[1]: Started Wait for /org/openbmc/control/power0.
Jul 30 12:29:45 witherspoon systemd[1]: Starting Check Chassis0 pgood and create a file to indicate it...
Jul 30 12:29:45 witherspoon systemd[1]: Starting Phosphor Time Manager daemon...
Jul 30 12:29:46 witherspoon timemanager[1098]: Registering dbus methods
Jul 30 12:29:46 witherspoon systemd[1]: Started Wait for /xyz/openbmc_project/state/chassis0.
Jul 30 12:29:46 witherspoon systemd[1]: Started Wait for /xyz/openbmc_project/state/host0.
Jul 30 12:29:46 witherspoon systemd[1]: Starting Reboot If Enabled...
Jul 30 12:29:46 witherspoon timemanager[1098]: Last known time_mode: MANUAL
Jul 30 12:29:46 witherspoon timemanager[1098]: Last known time_owner: BMC
Jul 30 12:29:46 witherspoon timemanager[1098]: Empty DhcpNtp string
Jul 30 12:29:46 witherspoon timemanager[1098]: Reading Power Control key: pgood
Jul 30 12:29:47 witherspoon timemanager[1098]: Changing settings *allowed* now
Jul 30 12:29:47 witherspoon timemanager[1098]: Getting System Settings: time_mode
Jul 30 12:29:47 witherspoon timemanager[1098]: Requested_Mode: MANUAL Current_Mode: MANUAL
Jul 30 12:29:47 witherspoon timemanager[1098]: Mode is already set to : MANUAL
Jul 30 12:29:47 witherspoon timemanager[1098]: Getting System Settings: time_owner
Jul 30 12:29:47 witherspoon phosphor-discover-system-state[1101]: Host power is off, checking power policy
Jul 30 12:29:47 witherspoon systemd[1]: Started Reboot If Enabled.
Jul 30 12:29:47 witherspoon timemanager[1098]: Owner is already set to : BMC
Jul 30 12:29:47 witherspoon timemanager[1098]: Getting System Settings: use_dhcp_ntp
Jul 30 12:29:47 witherspoon timemanager[1098]: use_dhcp_ntp = yes
Jul 30 12:29:47 witherspoon timemanager[1098]: Last known host_offset:0
Jul 30 12:29:47 witherspoon timemanager[1098]: Initial Uptime Usec: 1501417680607140
Jul 30 12:29:47 witherspoon systemd[1]: Started Phosphor Time Manager daemon.
Jul 30 12:29:47 witherspoon systemd[1]: Started Check Chassis0 pgood and create a file to indicate it.
Jul 30 12:29:47 witherspoon systemd[1]: Reached target Chassis0 power on after reset.
Jul 30 12:29:47 witherspoon systemd[1]: Reached target Chassis0 (Reset Check).
Jul 30 12:29:47 witherspoon systemd[1]: Reached target Host0 running after reset.
Jul 30 12:29:47 witherspoon systemd[1]: Reached target Host0 (Reset Check).
Jul 30 12:29:47 witherspoon systemd[1]: Reached target Phosphor System - Standby.
Jul 30 12:29:47 witherspoon systemd[1]: Startup finished in 8.590s (kernel) + 1min 38.389s (userspace) = 1min 46.980s.
Jul 30 12:29:47 witherspoon phosphor-bmc-state-manager[1067]: BMC_READY
Jul 30 12:29:47 witherspoon phosphor-bmc-state-manager[1067]: Setting the BMCState field
Jul 30 12:29:48 witherspoon phosphor-gevent[1026]: Traceback (most recent call last):
Jul 30 12:29:48 witherspoon phosphor-gevent[1026]:   File "/usr/lib/python2.7/site-packages/gevent/greenlet.py", line 327, in run
Jul 30 12:29:48 witherspoon phosphor-gevent[1026]:     result = self._run(*self.args, **self.kwargs)
Jul 30 12:29:48 witherspoon phosphor-gevent[1026]:   File "/usr/lib/python2.7/site-packages/gevent/server.py", line 102, in wrap_socket_and_handle
Jul 30 12:29:48 witherspoon phosphor-gevent[1026]:     ssl_socket = self.wrap_socket(client_socket, **self.ssl_args)
Jul 30 12:29:48 witherspoon phosphor-gevent[1026]:   File "/usr/lib/python2.7/site-packages/gevent/ssl.py", line 404, in wrap_socket
Jul 30 12:29:48 witherspoon phosphor-gevent[1026]:     ciphers=ciphers)
Jul 30 12:29:48 witherspoon phosphor-gevent[1026]:   File "/usr/lib/python2.7/site-packages/gevent/ssl.py", line 113, in __init__
Jul 30 12:29:48 witherspoon phosphor-gevent[1026]:     self.do_handshake()
Jul 30 12:29:48 witherspoon phosphor-gevent[1026]:   File "/usr/lib/python2.7/site-packages/gevent/ssl.py", line 324, in do_handshake
Jul 30 12:29:48 witherspoon phosphor-gevent[1026]:     return self._sslobj.do_handshake()
Jul 30 12:29:48 witherspoon phosphor-gevent[1026]: SSLEOFError: EOF occurred in violation of protocol (_ssl.c:590)
Jul 30 12:29:48 witherspoon phosphor-gevent[1026]: <Greenlet at 0x7601d3f0: <bound method WSGIServer.wrap_socket_and_handle of <WSGIServer at 0x75ff3b50 fileno=5 address=('::3472:f076:b04d:6676%1986416032', 443, 0, 1986416032)>>(<socket at 0x75eca830 fileno=9>, ('::8059:6476:8e91:f402%1995397916', 52210, 0, 199)> failed with SSLEOFError
Jul 30 12:29:49 witherspoon phosphor-gevent[1026]: Traceback (most recent call last):
Jul 30 12:29:49 witherspoon phosphor-gevent[1026]:   File "/usr/lib/python2.7/site-packages/gevent/greenlet.py", line 327, in run
Jul 30 12:29:49 witherspoon phosphor-gevent[1026]:     result = self._run(*self.args, **self.kwargs)
Jul 30 12:29:49 witherspoon phosphor-gevent[1026]:   File "/usr/lib/python2.7/site-packages/gevent/server.py", line 102, in wrap_socket_and_handle
Jul 30 12:29:49 witherspoon phosphor-gevent[1026]:     ssl_socket = self.wrap_socket(client_socket, **self.ssl_args)
Jul 30 12:29:49 witherspoon phosphor-gevent[1026]:   File "/usr/lib/python2.7/site-packages/gevent/ssl.py", line 404, in wrap_socket
Jul 30 12:29:49 witherspoon phosphor-gevent[1026]:     ciphers=ciphers)
Jul 30 12:29:49 witherspoon phosphor-gevent[1026]:   File "/usr/lib/python2.7/site-packages/gevent/ssl.py", line 113, in __init__
Jul 30 12:29:49 witherspoon phosphor-gevent[1026]:     self.do_handshake()
Jul 30 12:29:49 witherspoon phosphor-gevent[1026]:   File "/usr/lib/python2.7/site-packages/gevent/ssl.py", line 324, in do_handshake
Jul 30 12:29:49 witherspoon phosphor-gevent[1026]:     return self._sslobj.do_handshake()
Jul 30 12:29:49 witherspoon phosphor-gevent[1026]: SSLEOFError: EOF occurred in violation of protocol (_ssl.c:590)
Jul 30 12:29:49 witherspoon phosphor-gevent[1026]: <Greenlet at 0x7601d6c0: <bound method WSGIServer.wrap_socket_and_handle of <WSGIServer at 0x75ff3b50 fileno=5 address=('::3472:f076:b04d:6676%1986416032', 443, 0, 1986416032)>>(<socket at 0x75eca7d0 fileno=10>, ('::8059:6476:8e91:f402%1995397916', 52224, 0, 199)> failed with SSLEOFError
Jul 30 12:29:49 witherspoon phosphor-gevent[1026]: Traceback (most recent call last):
Jul 30 12:29:49 witherspoon phosphor-gevent[1026]:   File "/usr/lib/python2.7/site-packages/gevent/greenlet.py", line 327, in run
Jul 30 12:29:49 witherspoon phosphor-gevent[1026]:     result = self._run(*self.args, **self.kwargs)
Jul 30 12:29:49 witherspoon phosphor-gevent[1026]:   File "/usr/lib/python2.7/site-packages/gevent/server.py", line 102, in wrap_socket_and_handle
Jul 30 12:29:49 witherspoon phosphor-gevent[1026]:     ssl_socket = self.wrap_socket(client_socket, **self.ssl_args)
Jul 30 12:29:49 witherspoon phosphor-gevent[1026]:   File "/usr/lib/python2.7/site-packages/gevent/ssl.py", line 404, in wrap_socket
Jul 30 12:29:49 witherspoon phosphor-gevent[1026]:     ciphers=ciphers)
Jul 30 12:29:49 witherspoon phosphor-gevent[1026]:   File "/usr/lib/python2.7/site-packages/gevent/ssl.py", line 113, in __init__
Jul 30 12:29:49 witherspoon phosphor-gevent[1026]:     self.do_handshake()
Jul 30 12:29:49 witherspoon phosphor-gevent[1026]:   File "/usr/lib/python2.7/site-packages/gevent/ssl.py", line 324, in do_handshake
Jul 30 12:29:49 witherspoon phosphor-gevent[1026]:     return self._sslobj.do_handshake()
Jul 30 12:29:49 witherspoon phosphor-gevent[1026]: SSLEOFError: EOF occurred in violation of protocol (_ssl.c:590)
Jul 30 12:29:49 witherspoon phosphor-gevent[1026]: <Greenlet at 0x7601d3a0: <bound method WSGIServer.wrap_socket_and_handle of <WSGIServer at 0x75ff3b50 fileno=5 address=('::3472:f076:b04d:6676%1986416032', 443, 0, 1986416032)>>(<socket at 0x75eca870 fileno=11>, ('::8059:6476:8e91:f402%1995397916', 52238, 0, 199)> failed with SSLEOFError
Jul 30 12:30:09 witherspoon phosphor-gevent[1026]: ::8059:6476:8e91:f402%1995397916 - - [2017-07-30 12:30:09] "POST /login HTTP/1.1" 200 320 0.075290
Jul 30 12:30:09 witherspoon phosphor-gevent[1026]: ::8059:6476:8e91:f402%1995397916 - - [2017-07-30 12:30:09] "GET /xyz/openbmc_project/state/chassis0//attr/CurrentPowerState HTTP/1.1" 200 216 0.060259
Jul 30 12:30:09 witherspoon phosphor-gevent[1026]: ::8059:6476:8e91:f402%1995397916 - - [2017-07-30 12:30:09] "POST /login HTTP/1.1" 200 320 0.032713
Jul 30 12:30:09 witherspoon phosphor-gevent[1026]: ::8059:6476:8e91:f402%1995397916 - - [2017-07-30 12:30:09] "GET /xyz/openbmc_project/state/chassis0//attr/CurrentPowerState HTTP/1.1" 200 216 0.049315
Jul 30 12:30:10 witherspoon phosphor-gevent[1026]: ::8059:6476:8e91:f402%1995397916 - - [2017-07-30 12:30:10] "POST /login HTTP/1.1" 200 320 0.032653
Jul 30 12:30:10 witherspoon phosphor-gevent[1026]: ::8059:6476:8e91:f402%1995397916 - - [2017-07-30 12:30:10] "GET /org/openbmc/sensors/host/BootProgress/attr/value HTTP/1.1" 200 170 0.052254
Jul 30 12:30:10 witherspoon phosphor-gevent[1026]: ::8059:6476:8e91:f402%1995397916 - - [2017-07-30 12:30:10] "POST /login HTTP/1.1" 200 320 0.032575
Jul 30 12:30:10 witherspoon phosphor-gevent[1026]: ::8059:6476:8e91:f402%1995397916 - - [2017-07-30 12:30:10] "GET /xyz/openbmc_project/state/host0//attr/CurrentHostState HTTP/1.1" 200 212 0.049872
Jul 30 12:30:10 witherspoon phosphor-gevent[1026]: ::8059:6476:8e91:f402%1995397916 - - [2017-07-30 12:30:10] "POST /login HTTP/1.1" 200 320 0.032984
Jul 30 12:30:10 witherspoon phosphor-gevent[1026]: ::8059:6476:8e91:f402%1995397916 - - [2017-07-30 12:30:10] "GET /xyz/openbmc_project/logging/entry//list HTTP/1.1" 200 214 0.046835
Jul 30 12:30:11 witherspoon phosphor-gevent[1026]: ::8059:6476:8e91:f402%1995397916 - - [2017-07-30 12:30:11] "POST /login HTTP/1.1" 200 320 0.032705
Jul 30 12:30:11 witherspoon phosphor-gevent[1026]: ::8059:6476:8e91:f402%1995397916 - - [2017-07-30 12:30:11] "GET /xyz/openbmc_project/logging/entry//list HTTP/1.1" 200 214 0.039155
Jul 30 12:30:11 witherspoon phosphor-gevent[1026]: ::8059:6476:8e91:f402%1995397916 - - [2017-07-30 12:30:11] "POST /login HTTP/1.1" 200 320 0.033423
Jul 30 12:30:11 witherspoon phosphor-gevent[1026]: ::8059:6476:8e91:f402%1995397916 - - [2017-07-30 12:30:11] "DELETE /xyz/openbmc_project/logging/entry/1 HTTP/1.1" 200 169 0.097402
Jul 30 12:30:11 witherspoon systemd[1]: Started SSH Per-Connection Server (9.41.165.94:51248).
Jul 30 12:30:11 witherspoon dropbear[1117]: Failed loading /etc/dropbear/dropbear_dss_host_key
Jul 30 12:30:11 witherspoon dropbear[1117]: Failed loading /etc/dropbear/dropbear_ecdsa_host_key
Jul 30 12:30:11 witherspoon dropbear[1117]: Child connection from ::ffff:9.41.165.94:51248
Jul 30 12:30:12 witherspoon dropbear[1117]: PAM password auth succeeded for 'root' from ::ffff:9.41.165.94:51248
Jul 30 12:30:12 witherspoon dropbear[1118]: lastlog_perform_login: Couldn't stat /var/log/lastlog: No such file or directory
Jul 30 12:30:12 witherspoon dropbear[1118]: lastlog_openseek: /var/log/lastlog is not a file or directory!
Jul 30 12:30:13 witherspoon phosphor-gevent[1026]: ::8059:6476:8e91:f402%1995397916 - - [2017-07-30 12:30:13] "POST /login HTTP/1.1" 200 320 0.042489
Jul 30 12:30:13 witherspoon phosphor-gevent[1026]: ::8059:6476:8e91:f402%1995397916 - - [2017-07-30 12:30:13] "GET /xyz/openbmc_project/state/host0//attr/CurrentHostState HTTP/1.1" 200 212 0.050361
Jul 30 12:30:13 witherspoon dropbear[1000]: Exit (root): Exited normally
Jul 30 12:30:14 witherspoon dropbear[1117]: Exit (root): Exited normally
Jul 30 12:30:16 witherspoon systemd[1]: Started SSH Per-Connection Server (9.41.165.94:51258).
Jul 30 12:30:16 witherspoon dropbear[1129]: Failed loading /etc/dropbear/dropbear_dss_host_key
Jul 30 12:30:16 witherspoon dropbear[1129]: Failed loading /etc/dropbear/dropbear_ecdsa_host_key
Jul 30 12:30:16 witherspoon dropbear[1129]: Child connection from ::ffff:9.41.165.94:51258
Jul 30 12:30:17 witherspoon dropbear[1129]: PAM password auth succeeded for 'root' from ::ffff:9.41.165.94:51258
Jul 30 12:30:17 witherspoon dropbear[1130]: lastlog_perform_login: Couldn't stat /var/log/lastlog: No such file or directory
Jul 30 12:30:17 witherspoon dropbear[1130]: lastlog_openseek: /var/log/lastlog is not a file or directory!
Jul 30 12:30:17 witherspoon phosphor-gevent[1026]: ::8059:6476:8e91:f402%1995397916 - - [2017-07-30 12:30:17] "POST /login HTTP/1.1" 200 320 0.046459
Jul 30 12:30:17 witherspoon phosphor-gevent[1026]: ::8059:6476:8e91:f402%1995397916 - - [2017-07-30 12:30:17] "PUT /org/openbmc/settings/host0/attr/power_policy HTTP/1.1" 200 169 0.179294
Jul 30 12:30:18 witherspoon phosphor-gevent[1026]: ::8059:6476:8e91:f402%1995397916 - - [2017-07-30 12:30:18] "POST /login HTTP/1.1" 200 320 0.049631
Jul 30 12:30:18 witherspoon phosphor-gevent[1026]: ::8059:6476:8e91:f402%1995397916 - - [2017-07-30 12:30:18] "GET /org/openbmc/settings/host0/attr/power_policy HTTP/1.1" 200 185 0.094155
Jul 30 12:30:18 witherspoon phosphor-gevent[1026]: ::8059:6476:8e91:f402%1995397916 - - [2017-07-30 12:30:18] "POST /login HTTP/1.1" 200 320 0.032415
Jul 30 12:30:18 witherspoon phosphor-gevent[1026]: ::8059:6476:8e91:f402%1995397916 - - [2017-07-30 12:30:18] "GET /xyz/openbmc_project/state/chassis0//attr/CurrentPowerState HTTP/1.1" 200 216 0.049586
Jul 30 12:30:18 witherspoon phosphor-gevent[1026]: ::8059:6476:8e91:f402%1995397916 - - [2017-07-30 12:30:18] "POST /login HTTP/1.1" 200 320 0.036474
Jul 30 12:30:18 witherspoon phosphor-gevent[1026]: ::8059:6476:8e91:f402%1995397916 - - [2017-07-30 12:30:18] "GET /xyz/openbmc_project/state/bmc0//attr/CurrentBMCState HTTP/1.1" 200 212 0.049867
Jul 30 12:30:19 witherspoon phosphor-gevent[1026]: ::8059:6476:8e91:f402%1995397916 - - [2017-07-30 12:30:19] "POST /login HTTP/1.1" 200 320 0.043923
Jul 30 12:30:19 witherspoon phosphor-gevent[1026]: ::8059:6476:8e91:f402%1995397916 - - [2017-07-30 12:30:19] "GET /org/openbmc/sensors/host/BootProgress/attr/value HTTP/1.1" 200 170 0.066672
Jul 30 12:30:19 witherspoon phosphor-gevent[1026]: ::8059:6476:8e91:f402%1995397916 - - [2017-07-30 12:30:19] "POST /login HTTP/1.1" 200 320 0.042035
Jul 30 12:30:19 witherspoon phosphor-gevent[1026]: ::8059:6476:8e91:f402%1995397916 - - [2017-07-30 12:30:19] "GET /xyz/openbmc_project/state/host0//attr/CurrentHostState HTTP/1.1" 200 212 0.049660
Jul 30 12:30:19 witherspoon phosphor-gevent[1026]: ::8059:6476:8e91:f402%1995397916 - - [2017-07-30 12:30:19] "POST /login HTTP/1.1" 200 320 0.032863
Jul 30 12:30:19 witherspoon phosphor-gevent[1026]: ::8059:6476:8e91:f402%1995397916 - - [2017-07-30 12:30:19] "GET /xyz/openbmc_project/logging/entry//list HTTP/1.1" 404 311 0.029877
Jul 30 12:30:19 witherspoon systemd[1]: Started SSH Per-Connection Server (9.41.165.94:51274).
Jul 30 12:30:19 witherspoon dropbear[1136]: Failed loading /etc/dropbear/dropbear_dss_host_key
Jul 30 12:30:19 witherspoon dropbear[1136]: Failed loading /etc/dropbear/dropbear_ecdsa_host_key
Jul 30 12:30:19 witherspoon dropbear[1136]: Child connection from ::ffff:9.41.165.94:51274
Jul 30 12:30:20 witherspoon dropbear[1136]: PAM password auth succeeded for 'root' from ::ffff:9.41.165.94:51274
Jul 30 12:31:00 witherspoon phosphor-gevent[1026]: ::8059:6476:8e91:f402%1995397916 - - [2017-07-30 12:31:00] "POST /login HTTP/1.1" 200 320 0.049718
Jul 30 12:31:00 witherspoon phosphor-gevent[1026]: ::8059:6476:8e91:f402%1995397916 - - [2017-07-30 12:31:00] "POST /org/openbmc/control/flash/bios//action/update HTTP/1.1" 200 169 0.211774
Jul 30 12:31:00 witherspoon flash_bios.exe[1035]: Starting flasher: bios,/tmp/witherspoon_910_golden.pnor,/org/openbmc/control/flash/bios,
Jul 30 12:31:00 witherspoon flash_bios.exe[1035]: flasher: /tmp/witherspoon_910_golden.pnor, BMC = 1, address = 0x0
Jul 30 12:31:00 witherspoon flash_bios.exe[1035]: Setting up flash
Jul 30 12:31:00 witherspoon phosphor-gevent[1026]: ::8059:6476:8e91:f402%1995397916 - - [2017-07-30 12:31:00] "POST /login HTTP/1.1" 200 320 0.133031
Jul 30 12:31:01 witherspoon phosphor-gevent[1026]: ::8059:6476:8e91:f402%1995397916 - - [2017-07-30 12:31:01] "GET /org/openbmc/control/flash/bios HTTP/1.1" 200 397 0.167684
Jul 30 12:31:01 witherspoon phosphor-gevent[1026]: ::8059:6476:8e91:f402%1995397916 - - [2017-07-30 12:31:01] "POST /login HTTP/1.1" 200 320 0.153333
Jul 30 12:31:01 witherspoon phosphor-gevent[1026]: ::8059:6476:8e91:f402%1995397916 - - [2017-07-30 12:31:01] "GET /org/openbmc/control/flash/bios HTTP/1.1" 200 397 0.068149
Jul 30 12:31:11 witherspoon phosphor-gevent[1026]: ::8059:6476:8e91:f402%1995397916 - - [2017-07-30 12:31:11] "POST /login HTTP/1.1" 200 320 0.043018
Jul 30 12:31:11 witherspoon phosphor-gevent[1026]: ::8059:6476:8e91:f402%1995397916 - - [2017-07-30 12:31:11] "GET /org/openbmc/control/flash/bios HTTP/1.1" 200 397 0.068233
Jul 30 12:31:22 witherspoon phosphor-gevent[1026]: ::8059:6476:8e91:f402%1995397916 - - [2017-07-30 12:31:22] "POST /login HTTP/1.1" 200 320 0.032822
Jul 30 12:31:22 witherspoon phosphor-gevent[1026]: ::8059:6476:8e91:f402%1995397916 - - [2017-07-30 12:31:22] "GET /org/openbmc/control/flash/bios HTTP/1.1" 200 397 0.068443
Jul 30 12:31:32 witherspoon phosphor-gevent[1026]: ::8059:6476:8e91:f402%1995397916 - - [2017-07-30 12:31:32] "POST /login HTTP/1.1" 200 320 0.033186
Jul 30 12:31:33 witherspoon phosphor-gevent[1026]: ::8059:6476:8e91:f402%1995397916 - - [2017-07-30 12:31:33] "GET /org/openbmc/control/flash/bios HTTP/1.1" 200 397 0.068238
Jul 30 12:31:43 witherspoon phosphor-gevent[1026]: ::8059:6476:8e91:f402%1995397916 - - [2017-07-30 12:31:43] "POST /login HTTP/1.1" 200 320 0.033042
Jul 30 12:31:43 witherspoon phosphor-gevent[1026]: ::8059:6476:8e91:f402%1995397916 - - [2017-07-30 12:31:43] "GET /org/openbmc/control/flash/bios HTTP/1.1" 200 397 0.067986
Jul 30 12:31:54 witherspoon phosphor-gevent[1026]: ::8059:6476:8e91:f402%1995397916 - - [2017-07-30 12:31:54] "POST /login HTTP/1.1" 200 320 0.032734
Jul 30 12:31:54 witherspoon phosphor-gevent[1026]: ::8059:6476:8e91:f402%1995397916 - - [2017-07-30 12:31:54] "GET /org/openbmc/control/flash/bios HTTP/1.1" 200 397 0.068246
Jul 30 12:32:04 witherspoon phosphor-gevent[1026]: ::8059:6476:8e91:f402%1995397916 - - [2017-07-30 12:32:04] "POST /login HTTP/1.1" 200 320 0.032514
Jul 30 12:32:04 witherspoon phosphor-gevent[1026]: ::8059:6476:8e91:f402%1995397916 - - [2017-07-30 12:32:04] "GET /org/openbmc/control/flash/bios HTTP/1.1" 200 397 0.068629
Jul 30 12:32:15 witherspoon phosphor-gevent[1026]: ::8059:6476:8e91:f402%1995397916 - - [2017-07-30 12:32:15] "POST /login HTTP/1.1" 200 320 0.032767
Jul 30 12:32:15 witherspoon phosphor-gevent[1026]: ::8059:6476:8e91:f402%1995397916 - - [2017-07-30 12:32:15] "GET /org/openbmc/control/flash/bios HTTP/1.1" 200 397 0.071481
Jul 30 12:32:25 witherspoon phosphor-gevent[1026]: ::8059:6476:8e91:f402%1995397916 - - [2017-07-30 12:32:25] "POST /login HTTP/1.1" 200 320 0.032708
Jul 30 12:32:25 witherspoon phosphor-gevent[1026]: ::8059:6476:8e91:f402%1995397916 - - [2017-07-30 12:32:25] "GET /org/openbmc/control/flash/bios HTTP/1.1" 200 397 0.068957
Jul 30 12:32:36 witherspoon phosphor-gevent[1026]: ::8059:6476:8e91:f402%1995397916 - - [2017-07-30 12:32:36] "POST /login HTTP/1.1" 200 320 0.032368
Jul 30 12:32:36 witherspoon phosphor-gevent[1026]: ::8059:6476:8e91:f402%1995397916 - - [2017-07-30 12:32:36] "GET /org/openbmc/control/flash/bios HTTP/1.1" 200 397 0.068512
Jul 30 12:32:46 witherspoon phosphor-gevent[1026]: ::8059:6476:8e91:f402%1995397916 - - [2017-07-30 12:32:46] "POST /login HTTP/1.1" 200 320 0.032556
Jul 30 12:32:46 witherspoon phosphor-gevent[1026]: ::8059:6476:8e91:f402%1995397916 - - [2017-07-30 12:32:46] "GET /org/openbmc/control/flash/bios HTTP/1.1" 200 397 0.068802
Jul 30 12:32:56 witherspoon phosphor-gevent[1026]: ::8059:6476:8e91:f402%1995397916 - - [2017-07-30 12:32:56] "POST /login HTTP/1.1" 200 320 0.032940
Jul 30 12:32:56 witherspoon phosphor-gevent[1026]: ::8059:6476:8e91:f402%1995397916 - - [2017-07-30 12:32:56] "GET /org/openbmc/control/flash/bios HTTP/1.1" 200 397 0.068412
Jul 30 12:33:06 witherspoon phosphor-gevent[1026]: ::8059:6476:8e91:f402%1995397916 - - [2017-07-30 12:33:06] "POST /login HTTP/1.1" 200 320 0.032670
Jul 30 12:33:07 witherspoon phosphor-gevent[1026]: ::8059:6476:8e91:f402%1995397916 - - [2017-07-30 12:33:07] "GET /org/openbmc/control/flash/bios HTTP/1.1" 200 402 0.067683
Jul 30 12:33:18 witherspoon phosphor-gevent[1026]: ::8059:6476:8e91:f402%1995397916 - - [2017-07-30 12:33:18] "POST /login HTTP/1.1" 200 320 0.032683
Jul 30 12:33:18 witherspoon phosphor-gevent[1026]: ::8059:6476:8e91:f402%1995397916 - - [2017-07-30 12:33:18] "GET /org/openbmc/control/flash/bios HTTP/1.1" 200 402 0.069145
Jul 30 12:33:28 witherspoon phosphor-gevent[1026]: ::8059:6476:8e91:f402%1995397916 - - [2017-07-30 12:33:28] "POST /login HTTP/1.1" 200 320 0.045363
Jul 30 12:33:28 witherspoon phosphor-gevent[1026]: ::8059:6476:8e91:f402%1995397916 - - [2017-07-30 12:33:28] "GET /org/openbmc/control/flash/bios HTTP/1.1" 200 402 0.071203
Jul 30 12:33:39 witherspoon phosphor-gevent[1026]: ::8059:6476:8e91:f402%1995397916 - - [2017-07-30 12:33:39] "POST /login HTTP/1.1" 200 320 0.032736
Jul 30 12:33:39 witherspoon phosphor-gevent[1026]: ::8059:6476:8e91:f402%1995397916 - - [2017-07-30 12:33:39] "GET /org/openbmc/control/flash/bios HTTP/1.1" 200 402 0.068314
Jul 30 12:33:49 witherspoon phosphor-gevent[1026]: ::8059:6476:8e91:f402%1995397916 - - [2017-07-30 12:33:49] "POST /login HTTP/1.1" 200 320 0.032693
Jul 30 12:33:49 witherspoon phosphor-gevent[1026]: ::8059:6476:8e91:f402%1995397916 - - [2017-07-30 12:33:49] "GET /org/openbmc/control/flash/bios HTTP/1.1" 200 402 0.068666
Jul 30 12:33:57 witherspoon flash_bios.exe[1035]: Erasing... (may take a while !) done !
Jul 30 12:33:57 witherspoon flash_bios.exe[1035]: About to program "/tmp/witherspoon_910_golden.pnor" at 0x00000000..0x04000000 !
Jul 30 12:33:57 witherspoon flash_bios.exe[1035]: Programming & Verifying...
Jul 30 12:33:57 witherspoon flash_bios.exe[1035]: Flash done
Jul 30 12:33:59 witherspoon phosphor-gevent[1026]: ::8059:6476:8e91:f402%1995397916 - - [2017-07-30 12:33:59] "POST /login HTTP/1.1" 200 320 0.033025
Jul 30 12:33:59 witherspoon phosphor-gevent[1026]: ::8059:6476:8e91:f402%1995397916 - - [2017-07-30 12:33:59] "GET /org/openbmc/control/flash/bios HTTP/1.1" 200 399 0.107647
Jul 30 12:33:59 witherspoon systemd[1]: Started SSH Per-Connection Server (9.41.165.94:51470).
Jul 30 12:33:59 witherspoon dropbear[1142]: Failed loading /etc/dropbear/dropbear_dss_host_key
Jul 30 12:33:59 witherspoon dropbear[1142]: Failed loading /etc/dropbear/dropbear_ecdsa_host_key
Jul 30 12:33:59 witherspoon dropbear[1142]: Child connection from ::ffff:9.41.165.94:51470
Jul 30 12:34:00 witherspoon dropbear[1142]: PAM password auth succeeded for 'root' from ::ffff:9.41.165.94:51470
Jul 30 12:34:00 witherspoon dropbear[1143]: lastlog_perform_login: Couldn't stat /var/log/lastlog: No such file or directory
Jul 30 12:34:00 witherspoon dropbear[1143]: lastlog_openseek: /var/log/lastlog is not a file or directory!
Jul 30 12:34:01 witherspoon phosphor-gevent[1026]: ::8059:6476:8e91:f402%1995397916 - - [2017-07-30 12:34:01] "POST /login HTTP/1.1" 200 320 0.033419
Jul 30 12:34:01 witherspoon phosphor-gevent[1026]: ::8059:6476:8e91:f402%1995397916 - - [2017-07-30 12:34:01] "GET /xyz/openbmc_project/state/host0//attr/CurrentHostState HTTP/1.1" 200 212 0.062648
Jul 30 12:34:02 witherspoon systemd[1]: Created slice system-obmc\x2dconsole\x2dssh.slice.
Jul 30 12:34:02 witherspoon systemd[1]: Started Phosphor Host Console SSH Per-Connection (9.41.165.94:40030).
Jul 30 12:34:02 witherspoon dropbear[1147]: Failed loading /etc/dropbear/dropbear_dss_host_key
Jul 30 12:34:02 witherspoon dropbear[1147]: Failed loading /etc/dropbear/dropbear_ecdsa_host_key
Jul 30 12:34:02 witherspoon dropbear[1147]: Child connection from ::ffff:9.41.165.94:40030
Jul 30 12:34:02 witherspoon phosphor-gevent[1026]: ::8059:6476:8e91:f402%1995397916 - - [2017-07-30 12:34:02] "POST /login HTTP/1.1" 200 320 0.151475
Jul 30 12:34:02 witherspoon dropbear[1147]: PAM password auth succeeded for 'root' from ::ffff:9.41.165.94:40030
Jul 30 12:34:03 witherspoon dropbear[1148]: lastlog_perform_login: Couldn't stat /var/log/lastlog: No such file or directory
Jul 30 12:34:03 witherspoon dropbear[1148]: lastlog_openseek: /var/log/lastlog is not a file or directory!
Jul 30 12:34:03 witherspoon phosphor-gevent[1026]: ::8059:6476:8e91:f402%1995397916 - - [2017-07-30 12:34:03] "PUT /org/openbmc/settings/host0/attr/power_policy HTTP/1.1" 200 169 0.314184
Jul 30 12:34:03 witherspoon phosphor-gevent[1026]: ::8059:6476:8e91:f402%1995397916 - - [2017-07-30 12:34:03] "POST /login HTTP/1.1" 200 320 0.033596
Jul 30 12:34:03 witherspoon phosphor-gevent[1026]: ::8059:6476:8e91:f402%1995397916 - - [2017-07-30 12:34:03] "GET /org/openbmc/settings/host0/attr/power_policy HTTP/1.1" 200 185 0.081075
Jul 30 12:34:03 witherspoon phosphor-gevent[1026]: ::8059:6476:8e91:f402%1995397916 - - [2017-07-30 12:34:03] "POST /login HTTP/1.1" 200 320 0.033265
Jul 30 12:34:03 witherspoon phosphor-gevent[1026]: ::8059:6476:8e91:f402%1995397916 - - [2017-07-30 12:34:03] "GET /xyz/openbmc_project/state/chassis0//attr/CurrentPowerState HTTP/1.1" 200 216 0.050051
Jul 30 12:34:04 witherspoon phosphor-gevent[1026]: ::8059:6476:8e91:f402%1995397916 - - [2017-07-30 12:34:04] "POST /login HTTP/1.1" 200 320 0.032757
Jul 30 12:34:04 witherspoon phosphor-gevent[1026]: ::8059:6476:8e91:f402%1995397916 - - [2017-07-30 12:34:04] "GET /xyz/openbmc_project/state/bmc0//attr/CurrentBMCState HTTP/1.1" 200 212 0.068706
Jul 30 12:34:04 witherspoon phosphor-gevent[1026]: ::8059:6476:8e91:f402%1995397916 - - [2017-07-30 12:34:04] "POST /login HTTP/1.1" 200 320 0.037121
Jul 30 12:34:04 witherspoon phosphor-gevent[1026]: ::8059:6476:8e91:f402%1995397916 - - [2017-07-30 12:34:04] "GET /org/openbmc/sensors/host/BootProgress/attr/value HTTP/1.1" 200 170 0.052818
Jul 30 12:34:04 witherspoon phosphor-gevent[1026]: ::8059:6476:8e91:f402%1995397916 - - [2017-07-30 12:34:04] "POST /login HTTP/1.1" 200 320 0.033441
Jul 30 12:34:04 witherspoon phosphor-gevent[1026]: ::8059:6476:8e91:f402%1995397916 - - [2017-07-30 12:34:04] "GET /xyz/openbmc_project/state/host0//attr/CurrentHostState HTTP/1.1" 200 212 0.049742
Jul 30 12:34:04 witherspoon phosphor-gevent[1026]: ::8059:6476:8e91:f402%1995397916 - - [2017-07-30 12:34:04] "POST /login HTTP/1.1" 200 320 0.033297
Jul 30 12:34:04 witherspoon phosphor-host-state-manager[1064]: Host State transaction request
Jul 30 12:34:05 witherspoon phosphor-gevent[1026]: ::8059:6476:8e91:f402%1995397916 - - [2017-07-30 12:34:05] "PUT /xyz/openbmc_project/state/host0//attr/RequestedHostTransition HTTP/1.1" 200 169 0.186605
Jul 30 12:34:05 witherspoon systemd[1]: Created slice system-start_host.slice.
Jul 30 12:34:05 witherspoon systemd[1]: Created slice system-ucd_disable_vcs.slice.
Jul 30 12:34:05 witherspoon systemd[1]: Created slice system-avsbus\x2denable.slice.
Jul 30 12:34:05 witherspoon systemd[1]: Created slice system-mapper\x2dsubtree\x2dremove.slice.
Jul 30 12:34:05 witherspoon systemd[1]: Created slice system-vcs_on.slice.
Jul 30 12:34:05 witherspoon systemd[1]: Created slice system-phosphor\x2dwatchdog.slice.
Jul 30 12:34:05 witherspoon systemd[1]: Started Phosphor poweron watchdog.
Jul 30 12:34:05 witherspoon systemd[1]: Created slice system-op\x2dwait\x2dpower\x2don.slice.
Jul 30 12:34:05 witherspoon systemd[1]: Created slice system-ir35221\x2don\x2dbind.slice.
Jul 30 12:34:05 witherspoon systemd[1]: Starting Wait for /xyz/openbmc_project/led/groups/power_on...
Jul 30 12:34:05 witherspoon systemd[1]: Created slice system-pcie\x2dslot\x2ddetect.slice.
Jul 30 12:34:05 witherspoon systemd[1]: Created slice system-fsi\x2dbind.slice.
Jul 30 12:34:05 witherspoon systemd[1]: Starting Wait for Power0 to turn on...
Jul 30 12:34:05 witherspoon systemd[1]: Starting mapper subtree-remove /xyz/openbmc_project/software:xyz.openbmc_project.Software.ActivationBlocksTransition...
Jul 30 12:34:05 witherspoon systemd[1]: Created slice system-ir35221\x2don\x2dunbind.slice.
Jul 30 12:34:05 witherspoon systemd[1]: Starting power on mode unbind ir35221 device driver devs...
Jul 30 12:34:05 witherspoon systemd[1]: Created slice system-vcs_workaround.slice.
Jul 30 12:34:05 witherspoon systemd[1]: Started Witherspoon Fan Watchdog Daemon.
Jul 30 12:34:05 witherspoon systemd[1]: Created slice system-op\x2dpower\x2dstart.slice.
Jul 30 12:34:05 witherspoon systemd[1]: Created slice system-obmc\x2denable\x2dhost\x2dwatchdog.slice.
Jul 30 12:34:05 witherspoon systemd[1]: Created slice system-avsbus\x2dworkaround.slice.
Jul 30 12:34:05 witherspoon systemd[1]: Created slice system-mboxd\x2dreload.slice.
Jul 30 12:34:05 witherspoon systemd[1]: Starting Reload mboxd during power on...
Jul 30 12:34:05 witherspoon systemd[1]: Created slice system-cfam_override.slice.
Jul 30 12:34:05 witherspoon systemd[1]: Created slice system-phosphor\x2dfan\x2dcontrol\x2dinit.slice.
Jul 30 12:34:05 witherspoon systemd[1]: Created slice system-fsi\x2dscan.slice.
Jul 30 12:34:05 witherspoon systemd[1]: Starting Wait for /org/openbmc/control/chassis0...
Jul 30 12:34:05 witherspoon systemd[1]: Starting Disable UCD VCS rails...
Jul 30 12:34:05 witherspoon systemd[1]: Created slice system-phosphor\x2dfan\x2dpresence\x2dtach.slice.
Jul 30 12:34:06 witherspoon systemd[1]: Reached target Powerwitherspoon-fan-watchdog (On).
Jul 30 12:34:06 witherspoon systemd[1]: Started Phosphor Fan Control Initialization.
Jul 30 12:34:06 witherspoon systemd[1]: Created slice system-avsbus\x2ddisable.slice.
Jul 30 12:34:06 witherspoon systemd[1]: Created slice system-vrm\x2dcontrol.slice.
Jul 30 12:34:06 witherspoon mboxctl[1155]: Reset: Success
Jul 30 12:34:06 witherspoon phosphor-gevent[1026]: ::8059:6476:8e91:f402%1995397916 - - [2017-07-30 12:34:06] "POST /login HTTP/1.1" 200 320 0.667658
Jul 30 12:34:06 witherspoon systemd[1]: Starting Witherspoon Fan Watchdog Reset...
Jul 30 12:34:07 witherspoon systemd[1]: Starting Wait for /xyz/openbmc_project/watchdog/host0...
Jul 30 12:34:07 witherspoon systemd[1]: Created slice system-vcs_off.slice.
Jul 30 12:34:07 witherspoon systemd[1]: Created slice system-phosphor\x2dgpio\x2dmonitor.slice.
Jul 30 12:34:07 witherspoon systemd[1]: Started Phosphor GPIO checkstop monitor.
Jul 30 12:34:07 witherspoon systemd[1]: Reached target Start Host checkstop monitor.
Jul 30 12:34:07 witherspoon kernel: ucd9000 11-0064: Device ID UCD90160|2.3.4.0000|110603
Jul 30 12:34:07 witherspoon kernel[967]: [  366.630000] ucd9000 11-0064: Device ID UCD90160|2.3.4.0000|110603
Jul 30 12:34:08 witherspoon systemd[1]: Started power on mode unbind ir35221 device driver devs.
Jul 30 12:34:08 witherspoon systemd[1]: Started Reload mboxd during power on.
Jul 30 12:34:08 witherspoon systemd[1]: Started Disable UCD VCS rails.
Jul 30 12:34:08 witherspoon systemd[1]: Started Witherspoon Fan Watchdog Reset.
Jul 30 12:34:08 witherspoon systemd[1]: xyz.openbmc_project.Hwmon@ahb-apb-i2c\x401e78a000-i2c\x2dbus\x40140-ir35221\x4070.service: Service hold-off time over, scheduling restart.
Jul 30 12:34:08 witherspoon systemd[1]: xyz.openbmc_project.Hwmon@ahb-apb-i2c\x401e78a000-i2c\x2dbus\x40180-ir35221\x4070.service: Service hold-off time over, scheduling restart.
Jul 30 12:34:08 witherspoon systemd[1]: xyz.openbmc_project.Hwmon@ahb-apb-i2c\x401e78a000-i2c\x2dbus\x40140-ir35221\x4071.service: Service hold-off time over, scheduling restart.
Jul 30 12:34:08 witherspoon systemd[1]: xyz.openbmc_project.Hwmon@ahb-apb-i2c\x401e78a000-i2c\x2dbus\x40180-ir35221\x4071.service: Service hold-off time over, scheduling restart.
Jul 30 12:34:08 witherspoon systemd[1]: xyz.openbmc_project.Hwmon@ahb-apb-i2c\x401e78a000-i2c\x2dbus\x40140-ir35221\x4071.service: Unit not needed anymore. Stopping.
Jul 30 12:34:08 witherspoon systemd[1]: Requested transaction contradicts existing jobs: Transaction is destructive.
Jul 30 12:34:08 witherspoon systemd[1]: xyz.openbmc_project.Hwmon@ahb-apb-i2c\x401e78a000-i2c\x2dbus\x40140-ir35221\x4071.service: Failed to enqueue stop job, ignoring: Transaction is destructive.
Jul 30 12:34:08 witherspoon systemd[1]: xyz.openbmc_project.Hwmon@ahb-apb-i2c\x401e78a000-i2c\x2dbus\x40140-ir35221\x4070.service: Unit not needed anymore. Stopping.
Jul 30 12:34:08 witherspoon systemd[1]: Requested transaction contradicts existing jobs: Transaction is destructive.
Jul 30 12:34:08 witherspoon systemd[1]: xyz.openbmc_project.Hwmon@ahb-apb-i2c\x401e78a000-i2c\x2dbus\x40140-ir35221\x4070.service: Failed to enqueue stop job, ignoring: Transaction is destructive.
Jul 30 12:34:08 witherspoon systemd[1]: xyz.openbmc_project.Hwmon@ahb-apb-i2c\x401e78a000-i2c\x2dbus\x40180-ir35221\x4071.service: Unit not needed anymore. Stopping.
Jul 30 12:34:08 witherspoon systemd[1]: Requested transaction contradicts existing jobs: Transaction is destructive.
Jul 30 12:34:08 witherspoon systemd[1]: xyz.openbmc_project.Hwmon@ahb-apb-i2c\x401e78a000-i2c\x2dbus\x40180-ir35221\x4071.service: Failed to enqueue stop job, ignoring: Transaction is destructive.
Jul 30 12:34:08 witherspoon systemd[1]: xyz.openbmc_project.Hwmon@ahb-apb-i2c\x401e78a000-i2c\x2dbus\x40180-ir35221\x4070.service: Unit not needed anymore. Stopping.
Jul 30 12:34:08 witherspoon systemd[1]: Requested transaction contradicts existing jobs: Transaction is destructive.
Jul 30 12:34:08 witherspoon systemd[1]: xyz.openbmc_project.Hwmon@ahb-apb-i2c\x401e78a000-i2c\x2dbus\x40180-ir35221\x4070.service: Failed to enqueue stop job, ignoring: Transaction is destructive.
Jul 30 12:34:08 witherspoon systemd[1]: Stopped Phosphor Hwmon Poller.
Jul 30 12:34:08 witherspoon systemd[1]: Started Phosphor Hwmon Poller.
Jul 30 12:34:08 witherspoon systemd[1]: xyz.openbmc_project.Hwmon@ahb-apb-i2c\x401e78a000-i2c\x2dbus\x40180-ir35221\x4071.service: Unit not needed anymore. Stopping.
Jul 30 12:34:08 witherspoon systemd[1]: Stopping Phosphor Hwmon Poller...
Jul 30 12:34:08 witherspoon phosphor-hwmon-readd[1197]: Usage: /usr/sbin/phosphor-hwmon-readd [options]
Jul 30 12:34:08 witherspoon phosphor-hwmon-readd[1197]: Options:
Jul 30 12:34:08 witherspoon phosphor-hwmon-readd[1197]:     --help               print this menu
Jul 30 12:34:08 witherspoon phosphor-hwmon-readd[1197]:     --path=<path>        sysfs location to monitor
Jul 30 12:34:08 witherspoon phosphor-hwmon-readd[1197]:     --of-name=<path>     open firmware device name to monitor
Jul 30 12:34:08 witherspoon phosphor-hwmon-readd[1197]: ERROR: Path not specified or invalid.
Jul 30 12:34:08 witherspoon systemd[1]: Stopped Phosphor Hwmon Poller.
Jul 30 12:34:08 witherspoon systemd[1]: Started Phosphor Hwmon Poller.
Jul 30 12:34:08 witherspoon systemd[1]: xyz.openbmc_project.Hwmon@ahb-apb-i2c\x401e78a000-i2c\x2dbus\x40140-ir35221\x4071.service: Unit not needed anymore. Stopping.
Jul 30 12:34:08 witherspoon systemd[1]: Stopping Phosphor Hwmon Poller...
Jul 30 12:34:08 witherspoon systemd[1]: Stopped Phosphor Hwmon Poller.
Jul 30 12:34:08 witherspoon systemd[1]: Started Phosphor Hwmon Poller.
Jul 30 12:34:08 witherspoon systemd[1]: xyz.openbmc_project.Hwmon@ahb-apb-i2c\x401e78a000-i2c\x2dbus\x40180-ir35221\x4070.service: Unit not needed anymore. Stopping.
Jul 30 12:34:08 witherspoon systemd[1]: Stopping Phosphor Hwmon Poller...
Jul 30 12:34:08 witherspoon systemd[1]: Stopped Phosphor Hwmon Poller.
Jul 30 12:34:08 witherspoon systemd[1]: Started Phosphor Hwmon Poller.
Jul 30 12:34:08 witherspoon systemd[1]: xyz.openbmc_project.Hwmon@ahb-apb-i2c\x401e78a000-i2c\x2dbus\x40140-ir35221\x4070.service: Unit not needed anymore. Stopping.
Jul 30 12:34:08 witherspoon systemd[1]: Stopping Phosphor Hwmon Poller...
Jul 30 12:34:08 witherspoon systemd[1]: Starting Perform AVS bus workaround on VRMs...
Jul 30 12:34:08 witherspoon systemd[1]: xyz.openbmc_project.Hwmon@ahb-apb-i2c\x401e78a000-i2c\x2dbus\x40180-ir35221\x4071.service: Main process exited, code=exited, status=255/n/a
Jul 30 12:34:08 witherspoon systemd[1]: Stopped Phosphor Hwmon Poller.
Jul 30 12:34:08 witherspoon systemd[1]: xyz.openbmc_project.Hwmon@ahb-apb-i2c\x401e78a000-i2c\x2dbus\x40180-ir35221\x4071.service: Unit entered failed state.
Jul 30 12:34:08 witherspoon systemd[1]: xyz.openbmc_project.Hwmon@ahb-apb-i2c\x401e78a000-i2c\x2dbus\x40180-ir35221\x4071.service: Failed with result 'exit-code'.
Jul 30 12:34:08 witherspoon systemd[1]: Stopped Phosphor Hwmon Poller.
Jul 30 12:34:08 witherspoon systemd[1]: Stopped Phosphor Hwmon Poller.
Jul 30 12:34:08 witherspoon systemd[1]: Stopped Phosphor Hwmon Poller.
Jul 30 12:34:09 witherspoon systemd[1]: Started Perform AVS bus workaround on VRMs.
Jul 30 12:34:09 witherspoon systemd[1]: Starting Disable the AVS bus on the VRMs...
Jul 30 12:34:09 witherspoon systemd[1]: Started Disable the AVS bus on the VRMs.
Jul 30 12:34:09 witherspoon systemd[1]: Starting Apply voltage overrides to VRMs...
Jul 30 12:34:09 witherspoon vrm-control.sh[1227]: rail        set        read        current
Jul 30 12:34:09 witherspoon vrm-control.sh[1227]: -------        ------- ------- -------
Jul 30 12:34:10 witherspoon systemd[1]: Started mapper subtree-remove /xyz/openbmc_project/software:xyz.openbmc_project.Software.ActivationBlocksTransition.
Jul 30 12:34:10 witherspoon systemd[1]: Started Wait for /xyz/openbmc_project/led/groups/power_on.
Jul 30 12:34:10 witherspoon systemd[1]: Started Wait for /org/openbmc/control/chassis0.
Jul 30 12:34:10 witherspoon systemd[1]: Starting Assert power_on LED...
Jul 30 12:34:10 witherspoon phosphor-gevent[1026]: ::8059:6476:8e91:f402%1995397916 - - [2017-07-30 12:34:10] "GET /xyz/openbmc_project/state/chassis0//attr/CurrentPowerState HTTP/1.1" 200 216 3.898210
Jul 30 12:34:11 witherspoon vrm-control.sh[1227]: vdna        0.898V        0.004V        0.000A
Jul 30 12:34:11 witherspoon phosphor-gevent[1026]: ::8059:6476:8e91:f402%1995397916 - - [2017-07-30 12:34:11] "POST /login HTTP/1.1" 200 320 0.119970
Jul 30 12:34:11 witherspoon vrm-control.sh[1227]: vdnb        0.898V        0.004V        0.000A
Jul 30 12:34:11 witherspoon systemd[1]: Started Apply voltage overrides to VRMs.
Jul 30 12:34:11 witherspoon systemd[1]: Starting Enable the AVS bus on VRMs...
Jul 30 12:34:12 witherspoon systemd[1]: Started Enable the AVS bus on VRMs.
Jul 30 12:34:12 witherspoon systemd[1]: Starting Disable VCS before Witherspoon power on...
