-- Logs begin at Fri 2017-07-07 15:14:23 UTC, end at Fri 2017-07-07 15:35:26 UTC. --
Jul 07 15:14:23 witherspoon kernel: Booting Linux on physical CPU 0x0
Jul 07 15:14:23 witherspoon kernel: Linux version 4.10.17-990f06c35b7e119f00967e90f0514dbbd2e1b51b (jenkins@openbmc-builder1) (gcc version 6.2.0 (GCC) ) #1 Fri Jul 7 14:00:02 UTC 2017
Jul 07 15:14:23 witherspoon kernel: CPU: ARMv6-compatible processor [410fb767] revision 7 (ARMv7), cr=00c5387d
Jul 07 15:14:23 witherspoon kernel: CPU: PIPT / VIPT nonaliasing data cache, VIPT nonaliasing instruction cache
Jul 07 15:14:23 witherspoon kernel: OF: fdt:Machine model: Witherspoon BMC
Jul 07 15:14:23 witherspoon kernel: Memory policy: Data cache writeback
Jul 07 15:14:23 witherspoon kernel: SOC Rev: 04030303
Jul 07 15:14:23 witherspoon kernel: On node 0 totalpages: 110592
Jul 07 15:14:23 witherspoon kernel: free_area_init_node: node 0, pgdat 805f33fc, node_mem_map 9ec1a000
Jul 07 15:14:23 witherspoon kernel:   Normal zone: 992 pages used for memmap
Jul 07 15:14:23 witherspoon kernel:   Normal zone: 0 pages reserved
Jul 07 15:14:23 witherspoon kernel:   Normal zone: 110592 pages, LIFO batch:31
Jul 07 15:14:23 witherspoon kernel: pcpu-alloc: s0 r0 d32768 u32768 alloc=1*32768
Jul 07 15:14:23 witherspoon kernel: pcpu-alloc: [0] 0 
Jul 07 15:14:23 witherspoon kernel: Built 1 zonelists in Zone order, mobility grouping on.  Total pages: 109600
Jul 07 15:14:23 witherspoon kernel: Kernel command line: console=ttyS4,115200n8 root=/dev/ram rw
Jul 07 15:14:23 witherspoon kernel: PID hash table entries: 2048 (order: 1, 8192 bytes)
Jul 07 15:14:23 witherspoon kernel: Dentry cache hash table entries: 65536 (order: 6, 262144 bytes)
Jul 07 15:14:23 witherspoon kernel: Inode-cache hash table entries: 32768 (order: 5, 131072 bytes)
Jul 07 15:14:23 witherspoon kernel: Memory: 430508K/442368K available (4048K kernel code, 280K rwdata, 1172K rodata, 276K init, 111K bss, 11860K reserved, 0K cma-reserved)
Jul 07 15:14:23 witherspoon kernel: Virtual kernel memory layout:
                                        vector  : 0xffff0000 - 0xffff1000   (   4 kB)
                                        fixmap  : 0xffc00000 - 0xfff00000   (3072 kB)
                                        vmalloc : 0x9f800000 - 0xff800000   (1536 MB)
                                        lowmem  : 0x80000000 - 0x9f000000   ( 496 MB)
                                          .text : 0x80008000 - 0x803fc590   (4050 kB)
                                          .init : 0x8057b000 - 0x805c0000   ( 276 kB)
                                          .data : 0x805c0000 - 0x806061a8   ( 281 kB)
                                           .bss : 0x806061a8 - 0x80622078   ( 112 kB)
Jul 07 15:14:23 witherspoon kernel: NR_IRQS:16 nr_irqs:16 16
Jul 07 15:14:23 witherspoon kernel: i2c controller registered, irq 16
Jul 07 15:14:23 witherspoon kernel: clocksource: moxart_timer: mask: 0xffffffff max_cycles: 0xffffffff, max_idle_ns: 77222644334 ns
Jul 07 15:14:23 witherspoon kernel: sched_clock: 32 bits at 100 Hz, resolution 10000000ns, wraps every 21474836475000000ns
Jul 07 15:14:23 witherspoon kernel: Calibrating delay loop... 789.70 BogoMIPS (lpj=3948544)
Jul 07 15:14:23 witherspoon kernel: pid_max: default: 32768 minimum: 301
Jul 07 15:14:23 witherspoon kernel: Mount-cache hash table entries: 1024 (order: 0, 4096 bytes)
Jul 07 15:14:23 witherspoon kernel: Mountpoint-cache hash table entries: 1024 (order: 0, 4096 bytes)
Jul 07 15:14:23 witherspoon kernel: CPU: Testing write buffer coherency: ok
Jul 07 15:14:23 witherspoon kernel: ftrace: allocating 14867 entries in 44 pages
Jul 07 15:14:23 witherspoon kernel: Setting up static identity map for 0x80008200 - 0x8000825c
Jul 07 15:14:23 witherspoon kernel: devtmpfs: initialized
Jul 07 15:14:23 witherspoon kernel: clocksource: jiffies: mask: 0xffffffff max_cycles: 0xffffffff, max_idle_ns: 19112604462750000 ns
Jul 07 15:14:23 witherspoon kernel: futex hash table entries: 256 (order: -1, 3072 bytes)
Jul 07 15:14:23 witherspoon kernel: pinctrl core: initialized pinctrl subsystem
Jul 07 15:14:23 witherspoon kernel: NET: Registered protocol family 16
Jul 07 15:14:23 witherspoon kernel: DMA: preallocated 256 KiB pool for atomic coherent allocations
Jul 07 15:14:23 witherspoon kernel: usbcore: registered new interface driver usbfs
Jul 07 15:14:23 witherspoon kernel: usbcore: registered new interface driver hub
Jul 07 15:14:23 witherspoon kernel: usbcore: registered new device driver usb
Jul 07 15:14:23 witherspoon kernel: clocksource: Switched to clocksource moxart_timer
Jul 07 15:14:23 witherspoon kernel: NET: Registered protocol family 2
Jul 07 15:14:23 witherspoon kernel: TCP established hash table entries: 4096 (order: 2, 16384 bytes)
Jul 07 15:14:23 witherspoon kernel: TCP bind hash table entries: 4096 (order: 2, 16384 bytes)
Jul 07 15:14:23 witherspoon kernel: TCP: Hash tables configured (established 4096 bind 4096)
Jul 07 15:14:23 witherspoon kernel: UDP hash table entries: 256 (order: 0, 4096 bytes)
Jul 07 15:14:23 witherspoon kernel: UDP-Lite hash table entries: 256 (order: 0, 4096 bytes)
Jul 07 15:14:23 witherspoon kernel: NET: Registered protocol family 1
Jul 07 15:14:23 witherspoon kernel: Trying to unpack rootfs image as initramfs...
Jul 07 15:14:23 witherspoon kernel: Freeing initrd memory: 1548K
Jul 07 15:14:23 witherspoon kernel: workingset: timestamp_bits=30 max_order=17 bucket_order=0
Jul 07 15:14:23 witherspoon kernel: squashfs: version 4.0 (2009/01/31) Phillip Lougher
Jul 07 15:14:23 witherspoon kernel: jffs2: version 2.2. (SUMMARY)  © 2001-2006 Red Hat, Inc.
Jul 07 15:14:23 witherspoon kernel: Block layer SCSI generic (bsg) driver version 0.4 loaded (major 250)
Jul 07 15:14:23 witherspoon kernel: io scheduler noop registered
Jul 07 15:14:23 witherspoon kernel: io scheduler deadline registered
Jul 07 15:14:23 witherspoon kernel: io scheduler cfq registered (default)
Jul 07 15:14:23 witherspoon kernel: ipmi-bt-host 1e789140.ibt: Found bt bmc device
Jul 07 15:14:23 witherspoon kernel: ipmi-bt-host 1e789140.ibt: Using IRQ 22
Jul 07 15:14:23 witherspoon kernel: Serial: 8250/16550 driver, 6 ports, IRQ sharing enabled
Jul 07 15:14:23 witherspoon kernel: 1e783000.serial: ttyS0 at MMIO 0x1e783000 (irq = 23, base_baud = 1500000) is a 16550A
Jul 07 15:14:23 witherspoon kernel: 1e78d000.serial: ttyS1 at MMIO 0x1e78d000 (irq = 24, base_baud = 1500000) is a 16550A
Jul 07 15:14:23 witherspoon kernel: 1e784000.serial: ttyS4 at MMIO 0x1e784000 (irq = 25, base_baud = 1500000) is a 16550A
Jul 07 15:14:23 witherspoon kernel: console [ttyS4] enabled
Jul 07 15:14:23 witherspoon kernel: 1e787000.vuart: ttyS2 at MMIO 0x1e787000 (irq = 22, base_baud = 1500000) is a 16550A
Jul 07 15:14:23 witherspoon kernel: timeriomem_rng 1e6e2078.hwrng: 32bits from 0xf00e2078 @ 1us
Jul 07 15:14:23 witherspoon kernel: brd: module loaded
Jul 07 15:14:23 witherspoon kernel: loop: module loaded
Jul 07 15:14:23 witherspoon kernel: aspeed-lpc-ctrl 1e789080.lpc-ctrl: Loaded at 0x98000000 (0x04000000)
Jul 07 15:14:23 witherspoon kernel: aspeed-smc 1e620000.flash-controller: Using IRQ 18
Jul 07 15:14:23 witherspoon kernel: aspeed-smc 1e620000.flash-controller: DMA support disabled.
Jul 07 15:14:23 witherspoon kernel: aspeed-smc 1e620000.flash-controller: mx25l25635e (32768 Kbytes)
Jul 07 15:14:23 witherspoon kernel: aspeed-smc 1e620000.flash-controller: CE0 window [ 0x20000000 - 0x22000000 ] 32MB
Jul 07 15:14:23 witherspoon kernel: aspeed-smc 1e620000.flash-controller: CE1 window [ 0x22000000 - 0x2a000000 ] 128MB
Jul 07 15:14:23 witherspoon kernel: 5 ofpart partitions found on MTD device bmc
Jul 07 15:14:23 witherspoon kernel: Creating 5 MTD partitions on "bmc":
Jul 07 15:14:23 witherspoon kernel: 0x000000000000-0x000000060000 : "u-boot"
Jul 07 15:14:23 witherspoon kernel: 0x000000060000-0x000000080000 : "u-boot-env"
Jul 07 15:14:23 witherspoon kernel: 0x000000080000-0x0000004c0000 : "kernel"
Jul 07 15:14:23 witherspoon kernel: 0x0000004c0000-0x000001c00000 : "rofs"
Jul 07 15:14:23 witherspoon kernel: 0x000001c00000-0x000002000000 : "rwfs"
Jul 07 15:14:23 witherspoon kernel: aspeed-smc 1e620000.flash-controller: mx25l25635e (32768 Kbytes)
Jul 07 15:14:23 witherspoon kernel: aspeed-smc 1e620000.flash-controller: CE1 window [ 0x22000000 - 0x24000000 ] 32MB
Jul 07 15:14:23 witherspoon kernel: aspeed-smc 1e620000.flash-controller: CE2 window [ 0x24000000 - 0x2c000000 ] 128MB
Jul 07 15:14:23 witherspoon kernel: aspeed-smc 1e630000.flash-controller: mx66l1g45g (131072 Kbytes)
Jul 07 15:14:23 witherspoon kernel: aspeed-smc 1e630000.flash-controller: CE0 window resized to 120MB (AST2500 HW quirk)
Jul 07 15:14:23 witherspoon kernel: aspeed-smc 1e630000.flash-controller: CE0 window [ 0x30000000 - 0x37800000 ] 120MB
Jul 07 15:14:23 witherspoon kernel: aspeed-smc 1e630000.flash-controller: CE0 window too small for chip 128MB
Jul 07 15:14:23 witherspoon kernel: aspeed-smc 1e630000.flash-controller: CE1 window [ 0x37800000 - 0x38000000 ] 8MB
Jul 07 15:14:23 witherspoon kernel: libphy: Fixed MDIO Bus: probed
Jul 07 15:14:23 witherspoon kernel: ftgmac100 1e660000.ethernet: Read MAC address 70:e2:84:14:23:e1 from chip
Jul 07 15:14:23 witherspoon kernel: ftgmac100 1e660000.ethernet: Using NCSI interface
Jul 07 15:14:23 witherspoon kernel: ftgmac100 1e660000.ethernet eth0: irq 20, mapped at f0060000
Jul 07 15:14:23 witherspoon kernel: ehci_hcd: USB 2.0 'Enhanced' Host Controller (EHCI) Driver
Jul 07 15:14:23 witherspoon kernel: ehci-platform: EHCI generic platform driver
Jul 07 15:14:23 witherspoon kernel:  fsi0: can't read slave 00:00 -5
Jul 07 15:14:23 witherspoon kernel: i2c /dev entries driver
Jul 07 15:14:23 witherspoon kernel: aspeed-i2c-bus 1e78a0c0.i2c-bus: i2c bus 2 registered, irq 26
Jul 07 15:14:23 witherspoon kernel: aspeed-i2c-bus 1e78a100.i2c-bus: i2c bus 3 registered, irq 27
Jul 07 15:14:23 witherspoon kernel: aspeed-i2c-bus 1e78a140.i2c-bus: i2c bus 4 registered, irq 28
Jul 07 15:14:23 witherspoon kernel: aspeed-i2c-bus 1e78a180.i2c-bus: i2c bus 5 registered, irq 29
Jul 07 15:14:23 witherspoon kernel: aspeed-i2c-bus 1e78a380.i2c-bus: i2c bus 9 registered, irq 30
Jul 07 15:14:23 witherspoon kernel: aspeed-i2c-bus 1e78a3c0.i2c-bus: i2c bus 10 registered, irq 31
Jul 07 15:14:23 witherspoon kernel: rtc-rv8803 11-0032: Voltage low, temperature compensation stopped.
Jul 07 15:14:23 witherspoon kernel: rtc-rv8803 11-0032: An alarm maybe have been missed.
Jul 07 15:14:23 witherspoon kernel: rtc-rv8803 11-0032: rtc core: registered rx8900 as rtc0
Jul 07 15:14:23 witherspoon kernel: at24 11-0051: 8192 byte 24c64 EEPROM, writable, 1 bytes/write
Jul 07 15:14:23 witherspoon kernel: aspeed-i2c-bus 1e78a400.i2c-bus: i2c bus 11 registered, irq 32
Jul 07 15:14:23 witherspoon kernel: aspeed-i2c-bus 1e78a440.i2c-bus: i2c bus 12 registered, irq 33
Jul 07 15:14:23 witherspoon kernel: aspeed-i2c-bus 1e78a480.i2c-bus: i2c bus 13 registered, irq 34
Jul 07 15:14:23 witherspoon kernel: Driver for 1-wire Dallas network protocol.
Jul 07 15:14:23 witherspoon kernel: lm75 9-004a: hwmon0: sensor 'tmp275'
Jul 07 15:14:23 witherspoon kernel: random: fast init done
Jul 07 15:14:23 witherspoon kernel: ucd9000 11-0064: Device ID UCD90160|2.3.4.0000|110603
Jul 07 15:14:23 witherspoon kernel: leds-pca955x 11-0060: leds-pca955x: Using pca9552 16-bit LED driver at slave address 0x60
Jul 07 15:14:23 witherspoon kernel: leds-pca955x 11-0060: gpios 264...279
Jul 07 15:14:23 witherspoon kernel: usbcore: registered new interface driver usbhid
Jul 07 15:14:23 witherspoon kernel: usbhid: USB HID core driver
Jul 07 15:14:23 witherspoon kernel: dps310: probe of 3-0076 failed with error -5
Jul 07 15:14:23 witherspoon kernel: NET: Registered protocol family 10
Jul 07 15:14:23 witherspoon kernel: Segment Routing with IPv6
Jul 07 15:14:23 witherspoon kernel: NET: Registered protocol family 17
Jul 07 15:14:23 witherspoon kernel: console [netcon0] enabled
Jul 07 15:14:23 witherspoon kernel: netconsole: network logging started
Jul 07 15:14:23 witherspoon kernel: input: gpio-keys as /devices/platform/gpio-keys/input/input0
Jul 07 15:14:23 witherspoon kernel: rtc-rv8803 11-0032: setting system clock to 2017-07-07 15:14:13 UTC (1499440453)
Jul 07 15:14:23 witherspoon kernel: Freeing unused kernel memory: 276K
Jul 07 15:14:23 witherspoon kernel: This architecture does not have kernel memory protection.
Jul 07 15:14:23 witherspoon kernel: jffs2: notice: (514) jffs2_build_xattr_subsystem: complete building xattr subsystem, 0 of xdatum (0 unchecked, 0 orphan) and 0 of xref (0 dead, 0 orphan) found.
Jul 07 15:14:23 witherspoon systemd[1]: Failed to insert module 'autofs4': No such file or directory
Jul 07 15:14:23 witherspoon systemd[1]: systemd 232 running in system mode. (+PAM -AUDIT -SELINUX -IMA -APPARMOR -SMACK +SYSVINIT -UTMP -LIBCRYPTSETUP -GCRYPT -GNUTLS +ACL +XZ -LZ4 -SECCOMP +BLKID -ELFUTILS +KMOD -IDN)
Jul 07 15:14:23 witherspoon systemd[1]: Detected architecture arm.
Jul 07 15:14:23 witherspoon systemd[1]: Set hostname to <witherspoon>.
Jul 07 15:14:23 witherspoon systemd[1]: Started Dispatch Password Requests to Console Directory Watch.
Jul 07 15:14:23 witherspoon systemd[1]: Listening on Journal Socket (/dev/log).
Jul 07 15:14:23 witherspoon systemd[1]: Listening on Journal Socket.
Jul 07 15:14:23 witherspoon systemd[1]: Reached target Remote File Systems.
Jul 07 15:14:23 witherspoon systemd[1]: Listening on Network Service Netlink Socket.
Jul 07 15:14:23 witherspoon systemd[1]: Listening on udev Kernel Socket.
Jul 07 15:14:23 witherspoon systemd[1]: Started Forward Password Requests to Wall Directory Watch.
Jul 07 15:14:23 witherspoon systemd[1]: Created slice system-org.openbmc.buttons.reset.slice.
Jul 07 15:14:23 witherspoon systemd[1]: Created slice system-org.openbmc.buttons.Power.slice.
Jul 07 15:14:23 witherspoon systemd[1]: Starting Journal Service...
Jul 07 15:14:23 witherspoon systemd[1]: dev-hugepages.mount: Couldn't determine result for ConditionVirtualization=!private-users, assuming failed: No such file or directory
Jul 07 15:14:23 witherspoon systemd[1]: Created slice system-phosphor\x2dreset\x2dhost\x2dcheck.slice.
Jul 07 15:14:23 witherspoon systemd[1]: Created slice system-getty.slice.
Jul 07 15:14:23 witherspoon systemd-journald[646]: Journal started
Jul 07 15:14:23 witherspoon systemd-journald[646]: Runtime journal (/run/log/journal/169f9b5a822f4338824a4e146beb5550) is 0B, max 0B, 0B free.
Jul 07 15:14:23 witherspoon systemd-sysctl[539]: Couldn't write '16' to 'kernel/sysrq', ignoring: No such file or directory
Jul 07 15:14:23 witherspoon systemd-sysctl[539]: Couldn't write 'fq_codel' to 'net/core/default_qdisc', ignoring: No such file or directory
Jul 07 15:14:24 witherspoon systemd[1]: Created slice system-phosphor\x2ddiscover\x2dsystem\x2dstate.slice.
Jul 07 15:14:24 witherspoon systemd[1]: Mounted Debug File System.
Jul 07 15:14:24 witherspoon systemd[1]: Mounted Temporary Directory.
Jul 07 15:14:25 witherspoon systemd[1]: Started Journal Service.
Jul 07 15:14:25 witherspoon systemd[1]: Started Remount Root and Kernel File Systems.
Jul 07 15:14:25 witherspoon systemd[1]: Started Apply Kernel Variables.
Jul 07 15:14:25 witherspoon systemd[1]: Starting Create System Users...
Jul 07 15:14:25 witherspoon systemd[1]: Starting Flush Journal to Persistent Storage...
Jul 07 15:14:26 witherspoon systemd[1]: Started udev Coldplug all Devices.
Jul 07 15:14:26 witherspoon systemd[1]: Started Create System Users.
Jul 07 15:14:26 witherspoon systemd[1]: Starting Create Static Device Nodes in /dev...
Jul 07 15:14:27 witherspoon systemd-journald[646]: Runtime journal (/run/log/journal/169f9b5a822f4338824a4e146beb5550) is 0B, max 0B, 0B free.
Jul 07 15:14:27 witherspoon systemd[1]: Started Flush Journal to Persistent Storage.
Jul 07 15:14:27 witherspoon systemd[1]: Started Create Static Device Nodes in /dev.
Jul 07 15:14:28 witherspoon systemd[1]: Reached target Local File Systems (Pre).
Jul 07 15:14:28 witherspoon systemd[1]: Mounting /var/volatile...
Jul 07 15:14:28 witherspoon systemd[1]: Starting udev Kernel Device Manager...
Jul 07 15:14:28 witherspoon systemd[1]: Mounted /var/volatile.
Jul 07 15:14:28 witherspoon systemd[1]: Reached target Local File Systems.
Jul 07 15:14:28 witherspoon systemd[1]: Starting Create Volatile Files and Directories...
Jul 07 15:14:28 witherspoon systemd[1]: Starting Rebuild Journal Catalog...
Jul 07 15:14:28 witherspoon systemd[1]: Starting Load/Save Random Seed...
Jul 07 15:14:28 witherspoon systemd[1]: Started Load/Save Random Seed.
Jul 07 15:14:28 witherspoon systemd-tmpfiles[874]: "/var/tmp" already exists and is not a directory.
Jul 07 15:14:28 witherspoon systemd-tmpfiles[874]: "/var/log" already exists and is not a directory.
Jul 07 15:14:28 witherspoon systemd[1]: Started Create Volatile Files and Directories.
Jul 07 15:14:28 witherspoon systemd[1]: Started Rebuild Journal Catalog.
Jul 07 15:14:28 witherspoon systemd[1]: Starting Update is Completed...
Jul 07 15:14:28 witherspoon systemd[1]: Starting Network Time Synchronization...
Jul 07 15:14:28 witherspoon systemd[1]: Starting Run pending postinsts...
Jul 07 15:14:29 witherspoon systemd[1]: Started Update is Completed.
Jul 07 15:14:29 witherspoon systemd[1]: Started Network Time Synchronization.
Jul 07 15:14:29 witherspoon systemd[1]: Reached target System Time Synchronized.
Jul 07 15:14:29 witherspoon run-postinsts[884]: Running postinst /etc/rpm-postinsts/libglib-2.0-0...
Jul 07 15:14:29 witherspoon systemd[1]: Started udev Kernel Device Manager.
Jul 07 15:14:31 witherspoon systemd[1]: dev-hugepages.mount: Couldn't determine result for ConditionVirtualization=!private-users, assuming failed: No such file or directory
Jul 07 15:14:31 witherspoon systemd[1]: Created slice system-xyz.openbmc_project.Hwmon.slice.
Jul 07 15:14:31 witherspoon systemd[1]: Found device /dev/aspeed-lpc-ctrl.
Jul 07 15:14:31 witherspoon systemd[1]: Found device /dev/ttyS4.
Jul 07 15:14:31 witherspoon systemd[1]: Found device /dev/ttyVUART0.
Jul 07 15:14:31 witherspoon systemd[1]: dev-hugepages.mount: Couldn't determine result for ConditionVirtualization=!private-users, assuming failed: No such file or directory
Jul 07 15:14:31 witherspoon systemd[1]: dev-hugepages.mount: Couldn't determine result for ConditionVirtualization=!private-users, assuming failed: No such file or directory
Jul 07 15:14:31 witherspoon systemd[1]: dev-hugepages.mount: Couldn't determine result for ConditionVirtualization=!private-users, assuming failed: No such file or directory
Jul 07 15:14:31 witherspoon systemd[1]: dev-hugepages.mount: Couldn't determine result for ConditionVirtualization=!private-users, assuming failed: No such file or directory
Jul 07 15:14:31 witherspoon systemd[1]: dev-hugepages.mount: Couldn't determine result for ConditionVirtualization=!private-users, assuming failed: No such file or directory
Jul 07 15:14:31 witherspoon systemd[1]: dev-hugepages.mount: Couldn't determine result for ConditionVirtualization=!private-users, assuming failed: No such file or directory
Jul 07 15:14:31 witherspoon systemd[1]: dev-hugepages.mount: Couldn't determine result for ConditionVirtualization=!private-users, assuming failed: No such file or directory
Jul 07 15:14:32 witherspoon systemd[1]: dev-hugepages.mount: Couldn't determine result for ConditionVirtualization=!private-users, assuming failed: No such file or directory
Jul 07 15:14:32 witherspoon systemd[1]: Found device /dev/aspeed-mbox.
Jul 07 15:14:32 witherspoon systemd[1]: Created slice system-xyz.openbmc_project.led.controller.slice.
Jul 07 15:14:32 witherspoon systemd[1]: dev-hugepages.mount: Couldn't determine result for ConditionVirtualization=!private-users, assuming failed: No such file or directory
Jul 07 15:14:32 witherspoon systemd[1]: dev-hugepages.mount: Couldn't determine result for ConditionVirtualization=!private-users, assuming failed: No such file or directory
Jul 07 15:14:33 witherspoon run-postinsts[884]: rm: can't remove '/etc/rpm-postinsts': Invalid argument
Jul 07 15:14:33 witherspoon run-postinsts[884]:  Removing any system startup links for run-postinsts ...
Jul 07 15:14:33 witherspoon systemctl[914]: Removed /etc/systemd/system/sysinit.target.wants/run-postinsts.service.
Jul 07 15:14:33 witherspoon systemd[1]: Reloading.
Jul 07 15:14:36 witherspoon systemd[1]: Started Run pending postinsts.
Jul 07 15:14:36 witherspoon systemd[1]: Reached target System Initialization.
Jul 07 15:14:36 witherspoon systemd[1]: Listening on D-Bus System Message Bus Socket.
Jul 07 15:14:36 witherspoon systemd[1]: Listening on phosphor-ipmi-net.socket.
Jul 07 15:14:36 witherspoon systemd[1]: Listening on Phosphor DBUS Browser socket.
Jul 07 15:14:36 witherspoon systemd[1]: Listening on dropbear.socket.
Jul 07 15:14:36 witherspoon systemd[1]: Started Daily Cleanup of Temporary Directories.
Jul 07 15:14:36 witherspoon systemd[1]: Listening on Avahi mDNS/DNS-SD Stack Activation Socket.
Jul 07 15:14:36 witherspoon systemd[1]: Listening on Phosphor Webserver socket.
Jul 07 15:14:36 witherspoon systemd[1]: Listening on Phosphor Host Console SSH Per-Connection socket.
Jul 07 15:14:37 witherspoon systemd[1]: Reached target Sockets.
Jul 07 15:14:37 witherspoon systemd[1]: Reached target Basic System.
Jul 07 15:14:37 witherspoon systemd[1]: Starting Phosphor DBus Service Discovery Manager...
Jul 07 15:14:37 witherspoon systemd[1]: Starting Phosphor Inventory Manager...
Jul 07 15:14:37 witherspoon systemd[1]: Started System Logging Service.
Jul 07 15:14:37 witherspoon systemd[1]: Starting Phosphor Chassis0 Control...
Jul 07 15:14:37 witherspoon systemd[1]: Started Phosphor sysfs LED controller.
Jul 07 15:14:37 witherspoon systemd[1]: Started Phosphor Console Muxer listening on device /dev/ttyVUART0.
Jul 07 15:14:37 witherspoon systemd[1]: Started Kernel Logging Service.
Jul 07 15:14:37 witherspoon kernel[932]: klogd started: BusyBox v1.24.1 (2017-06-16 19:29:08 UTC)
Jul 07 15:14:37 witherspoon kernel[932]: [    0.000000] Booting Linux on physical CPU 0x0
Jul 07 15:14:37 witherspoon kernel[932]: [    0.000000] Linux version 4.10.17-990f06c35b7e119f00967e90f0514dbbd2e1b51b (jenkins@openbmc-builder1) (gcc version 6.2.0 (GCC) ) #1 Fri Jul 7 14:00:02 UTC 2017
Jul 07 15:14:37 witherspoon kernel[932]: [    0.000000] CPU: ARMv6-compatible processor [410fb767] revision 7 (ARMv7), cr=00c5387d
Jul 07 15:14:37 witherspoon kernel[932]: [    0.000000] CPU: PIPT / VIPT nonaliasing data cache, VIPT nonaliasing instruction cache
Jul 07 15:14:37 witherspoon kernel[932]: [    0.000000] OF: fdt:Machine model: Witherspoon BMC
Jul 07 15:14:37 witherspoon kernel[932]: [    0.000000] Memory policy: Data cache writeback
Jul 07 15:14:38 witherspoon kernel[932]: [    0.000000] SOC Rev: 04030303
Jul 07 15:14:38 witherspoon kernel[932]: [    0.000000] On node 0 totalpages: 110592
Jul 07 15:14:38 witherspoon kernel[932]: [    0.000000] free_area_init_node: node 0, pgdat 805f33fc, node_mem_map 9ec1a000
Jul 07 15:14:38 witherspoon kernel[932]: [    0.000000]   Normal zone: 992 pages used for memmap
Jul 07 15:14:38 witherspoon kernel[932]: [    0.000000]   Normal zone: 0 pages reserved
Jul 07 15:14:38 witherspoon kernel[932]: [    0.000000]   Normal zone: 110592 pages, LIFO batch:31
Jul 07 15:14:38 witherspoon kernel[932]: [    0.000000] pcpu-alloc: s0 r0 d32768 u32768 alloc=1*32768
Jul 07 15:14:38 witherspoon systemd[1]: Started Phosphor Hwmon Poller.
Jul 07 15:14:38 witherspoon kernel[932]: [    0.000000] pcpu-alloc: [0] 0
Jul 07 15:14:38 witherspoon systemd[1]: Starting Phosphor Sensor Manager...
Jul 07 15:14:38 witherspoon kernel[932]: [    0.000000] Built 1 zonelists in Zone order, mobility grouping on.  Total pages: 109600
Jul 07 15:14:38 witherspoon systemd[1]: Starting Avahi mDNS/DNS-SD Stack...
Jul 07 15:14:38 witherspoon kernel[932]: [    0.000000] Kernel command line: console=ttyS4,115200n8 root=/dev/ram rw
Jul 07 15:14:38 witherspoon systemd[1]: Started Phosphor sysfs LED controller.
Jul 07 15:14:38 witherspoon kernel[932]: [    0.000000] PID hash table entries: 2048 (order: 1, 8192 bytes)
Jul 07 15:14:38 witherspoon systemd[1]: Started Phosphor Hwmon Poller.
Jul 07 15:14:38 witherspoon kernel[932]: [    0.000000] Dentry cache hash table entries: 65536 (order: 6, 262144 bytes)
Jul 07 15:14:38 witherspoon systemd[1]: Starting Clear one time boot overrides...
Jul 07 15:14:38 witherspoon kernel[932]: [    0.000000] Inode-cache hash table entries: 32768 (order: 5, 131072 bytes)
Jul 07 15:14:38 witherspoon systemd[1]: Started Phosphor Hwmon Poller.
Jul 07 15:14:38 witherspoon kernel[932]: [    0.000000] Memory: 430508K/442368K available (4048K kernel code, 280K rwdata, 1172K rodata, 276K init, 111K bss, 11860K reserved, 0K cma-reserved)
Jul 07 15:14:38 witherspoon systemd[1]: Starting Phosphor LED Group Management Daemon...
Jul 07 15:14:38 witherspoon kernel[932]: [    0.000000] Virtual kernel memory layout:
Jul 07 15:14:38 witherspoon systemd[1]: Starting Phosphor Dump Manager...
Jul 07 15:14:38 witherspoon kernel[932]: [    0.000000]     vector  : 0xffff0000 - 0xffff1000   (   4 kB)
Jul 07 15:14:38 witherspoon systemd[1]: Starting Phosphor Network Manager...
Jul 07 15:14:38 witherspoon kernel[932]: [    0.000000]     fixmap  : 0xffc00000 - 0xfff00000   (3072 kB)
Jul 07 15:14:38 witherspoon systemd[1]: Started Phosphor sysfs LED controller.
Jul 07 15:14:38 witherspoon kernel[932]: [    0.000000]     vmalloc : 0x9f800000 - 0xff800000   (1536 MB)
Jul 07 15:14:38 witherspoon systemd[1]: Starting Phosphor Inventory Manager...
Jul 07 15:14:38 witherspoon kernel[932]: [    0.000000]     lowmem  : 0x80000000 - 0x9f000000   ( 496 MB)
Jul 07 15:14:38 witherspoon systemd[1]: Started Hardware RNG Entropy Gatherer Daemon.
Jul 07 15:14:38 witherspoon kernel[932]: [    0.000000]       .text : 0x80008000 - 0x803fc590   (4050 kB)
Jul 07 15:14:38 witherspoon systemd[1]: Started Phosphor Hwmon Poller.
Jul 07 15:14:38 witherspoon kernel[932]: [    0.000000]       .init : 0x8057b000 - 0x805c0000   ( 276 kB)
Jul 07 15:14:38 witherspoon systemd[1]: Starting Phosphor Download Manager...
Jul 07 15:14:38 witherspoon kernel[932]: [    0.000000]       .data : 0x805c0000 - 0x806061a8   ( 281 kB)
Jul 07 15:14:38 witherspoon systemd[1]: Starting Phosphor IPMI BT DBus Bridge...
Jul 07 15:14:38 witherspoon kernel[932]: [    0.000000]        .bss : 0x806061a8 - 0x80622078   ( 112 kB)
Jul 07 15:14:38 witherspoon systemd[1]: Started Phosphor Dump core monitor..
Jul 07 15:14:38 witherspoon kernel[932]: [    0.000000] NR_IRQS:16 nr_irqs:16 16
Jul 07 15:14:38 witherspoon systemd[1]: Starting Phosphor BMC0 Control...
Jul 07 15:14:38 witherspoon kernel[932]: [    0.000000] i2c controller registered, irq 16
Jul 07 15:14:38 witherspoon systemd[1]: Reached target Containers.
Jul 07 15:14:38 witherspoon kernel[932]: [    0.000000] clocksource: moxart_timer: mask: 0xffffffff max_cycles: 0xffffffff, max_idle_ns: 77222644334 ns
Jul 07 15:14:38 witherspoon systemd[1]: Started Phosphor MBOX Daemon.
Jul 07 15:14:38 witherspoon kernel[932]: [    0.000000] sched_clock: 32 bits at 100 Hz, resolution 10000000ns, wraps every 21474836475000000ns
Jul 07 15:14:38 witherspoon systemd[1]: Starting OpenBMC Software Update Manager...
Jul 07 15:14:38 witherspoon kernel[932]: [    0.090000] Calibrating delay loop... 789.70 BogoMIPS (lpj=3948544)
Jul 07 15:14:38 witherspoon systemd[1]: Started Phosphor Hwmon Poller.
Jul 07 15:14:38 witherspoon kernel[932]: [    0.090000] pid_max: default: 32768 minimum: 301
Jul 07 15:14:38 witherspoon systemd[1]: Reached target Timers.
Jul 07 15:14:38 witherspoon kernel[932]: [    0.090000] Mount-cache hash table entries: 1024 (order: 0, 4096 bytes)
Jul 07 15:14:39 witherspoon systemd[1]: Started Phosphor Hwmon Poller.
Jul 07 15:14:41 witherspoon kernel: random: crng init done
Jul 07 15:14:38 witherspoon kernel[932]: [    0.090000] Mountpoint-cache hash table entries: 1024 (order: 0, 4096 bytes)
Jul 07 15:14:39 witherspoon systemd[1]: Starting Phosphor Download Manager...
Jul 07 15:14:38 witherspoon kernel[932]: [    0.090000] CPU: Testing write buffer coherency: ok
Jul 07 15:14:39 witherspoon systemd[1]: Starting Phosphor Log Manager...
Jul 07 15:14:38 witherspoon kernel[932]: [    0.090000] ftrace: allocating 14867 entries in 44 pages
Jul 07 15:14:39 witherspoon systemd[1]: Started D-Bus System Message Bus.
Jul 07 15:14:38 witherspoon kernel[932]: [    0.120000] Setting up static identity map for 0x80008200 - 0x8000825c
Jul 07 15:14:38 witherspoon kernel[932]: [    0.120000] devtmpfs: initialized
Jul 07 15:14:38 witherspoon kernel[932]: [    0.130000] clocksource: jiffies: mask: 0xffffffff max_cycles: 0xffffffff, max_idle_ns: 19112604462750000 ns
Jul 07 15:14:38 witherspoon kernel[932]: [    0.130000] futex hash table entries: 256 (order: -1, 3072 bytes)
Jul 07 15:14:38 witherspoon kernel[932]: [    0.130000] pinctrl core: initialized pinctrl subsystem
Jul 07 15:14:38 witherspoon kernel[932]: [    0.140000] NET: Registered protocol family 16
Jul 07 15:14:38 witherspoon kernel[932]: [    0.140000] DMA: preallocated 256 KiB pool for atomic coherent allocations
Jul 07 15:14:38 witherspoon kernel[932]: [    0.200000] usbcore: registered new interface driver usbfs
Jul 07 15:14:38 witherspoon kernel[932]: [    0.200000] usbcore: registered new interface driver hub
Jul 07 15:14:38 witherspoon kernel[932]: [    0.200000] usbcore: registered new device driver usb
Jul 07 15:14:38 witherspoon kernel[932]: [    0.210000] clocksource: Switched to clocksource moxart_timer
Jul 07 15:14:38 witherspoon kernel[932]: [    0.230000] NET: Registered protocol family 2
Jul 07 15:14:38 witherspoon kernel[932]: [    0.230000] TCP established hash table entries: 4096 (order: 2, 16384 bytes)
Jul 07 15:14:38 witherspoon kernel[932]: [    0.230000] TCP bind hash table entries: 4096 (order: 2, 16384 bytes)
Jul 07 15:14:38 witherspoon kernel[932]: [    0.230000] TCP: Hash tables configured (established 4096 bind 4096)
Jul 07 15:14:38 witherspoon kernel[932]: [    0.230000] UDP hash table entries: 256 (order: 0, 4096 bytes)
Jul 07 15:14:38 witherspoon kernel[932]: [    0.230000] UDP-Lite hash table entries: 256 (order: 0, 4096 bytes)
Jul 07 15:14:38 witherspoon kernel[932]: [    0.230000] NET: Registered protocol family 1
Jul 07 15:14:38 witherspoon kernel[932]: [    0.230000] Trying to unpack rootfs image as initramfs...
Jul 07 15:14:38 witherspoon kernel[932]: [    1.900000] Freeing initrd memory: 1548K
Jul 07 15:14:38 witherspoon kernel[932]: [    1.900000] workingset: timestamp_bits=30 max_order=17 bucket_order=0
Jul 07 15:14:38 witherspoon kernel[932]: [    1.900000] squashfs: version 4.0 (2009/01/31) Phillip Lougher
Jul 07 15:14:38 witherspoon kernel[932]: [    1.900000] jffs2: version 2.2. (SUMMARY)  © 2001-2006 Red Hat, Inc.
Jul 07 15:14:38 witherspoon kernel[932]: [    1.900000] Block layer SCSI generic (bsg) driver version 0.4 loaded (major 250)
Jul 07 15:14:38 witherspoon kernel[932]: [    1.900000] io scheduler noop registered
Jul 07 15:14:38 witherspoon kernel[932]: [    1.900000] io scheduler deadline registered
Jul 07 15:14:38 witherspoon kernel[932]: [    1.900000] io scheduler cfq registered (default)
Jul 07 15:14:38 witherspoon kernel[932]: [    2.050000] ipmi-bt-host 1e789140.ibt: Found bt bmc device
Jul 07 15:14:38 witherspoon kernel[932]: [    2.050000] ipmi-bt-host 1e789140.ibt: Using IRQ 22
Jul 07 15:14:38 witherspoon kernel[932]: [    2.050000] Serial: 8250/16550 driver, 6 ports, IRQ sharing enabled
Jul 07 15:14:38 witherspoon kernel[932]: [    2.050000] 1e783000.serial: ttyS0 at MMIO 0x1e783000 (irq = 23, base_baud = 1500000) is a 16550A
Jul 07 15:14:38 witherspoon kernel[932]: [    2.050000] 1e78d000.serial: ttyS1 at MMIO 0x1e78d000 (irq = 24, base_baud = 1500000) is a 16550A
Jul 07 15:14:38 witherspoon kernel[932]: [    2.050000] 1e784000.serial: ttyS4 at MMIO 0x1e784000 (irq = 25, base_baud = 1500000) is a 16550A
Jul 07 15:14:38 witherspoon kernel[932]: [    2.390000] console [ttyS4] enabled
Jul 07 15:14:38 witherspoon kernel[932]: [    2.390000] 1e787000.vuart: ttyS2 at MMIO 0x1e787000 (irq = 22, base_baud = 1500000) is a 16550A
Jul 07 15:14:38 witherspoon kernel[932]: [    2.600000] timeriomem_rng 1e6e2078.hwrng: 32bits from 0xf00e2078 @ 1us
Jul 07 15:14:38 witherspoon kernel[932]: [    2.640000] brd: module loaded
Jul 07 15:14:38 witherspoon kernel[932]: [    2.660000] loop: module loaded
Jul 07 15:14:38 witherspoon kernel[932]: [    2.660000] aspeed-lpc-ctrl 1e789080.lpc-ctrl: Loaded at 0x98000000 (0x04000000)
Jul 07 15:14:38 witherspoon kernel[932]: [    2.660000] aspeed-smc 1e620000.flash-controller: Using IRQ 18
Jul 07 15:14:38 witherspoon kernel[932]: [    2.690000] aspeed-smc 1e620000.flash-controller: DMA support disabled.
Jul 07 15:14:38 witherspoon kernel[932]: [    2.690000] aspeed-smc 1e620000.flash-controller: mx25l25635e (32768 Kbytes)
Jul 07 15:14:38 witherspoon kernel[932]: [    2.690000] aspeed-smc 1e620000.flash-controller: CE0 window [ 0x20000000 - 0x22000000 ] 32MB
Jul 07 15:14:38 witherspoon kernel[932]: [    2.690000] aspeed-smc 1e620000.flash-controller: CE1 window [ 0x22000000 - 0x2a000000 ] 128MB
Jul 07 15:14:38 witherspoon kernel[932]: [    2.690000] 5 ofpart partitions found on MTD device bmc
Jul 07 15:14:38 witherspoon kernel[932]: [    2.730000] Creating 5 MTD partitions on "bmc":
Jul 07 15:14:38 witherspoon kernel[932]: [    2.730000] 0x000000000000-0x000000060000 : "u-boot"
Jul 07 15:14:38 witherspoon kernel[932]: [    2.730000] 0x000000060000-0x000000080000 : "u-boot-env"
Jul 07 15:14:38 witherspoon kernel[932]: [    2.730000] 0x000000080000-0x0000004c0000 : "kernel"
Jul 07 15:14:38 witherspoon kernel[932]: [    2.730000] 0x0000004c0000-0x000001c00000 : "rofs"
Jul 07 15:14:38 witherspoon kernel[932]: [    2.770000] 0x000001c00000-0x000002000000 : "rwfs"
Jul 07 15:14:38 witherspoon kernel[932]: [    2.770000] aspeed-smc 1e620000.flash-controller: mx25l25635e (32768 Kbytes)
Jul 07 15:14:38 witherspoon kernel[932]: [    2.770000] aspeed-smc 1e620000.flash-controller: CE1 window [ 0x22000000 - 0x24000000 ] 32MB
Jul 07 15:14:38 witherspoon kernel[932]: [    2.770000] aspeed-smc 1e620000.flash-controller: CE2 window [ 0x24000000 - 0x2c000000 ] 128MB
Jul 07 15:14:38 witherspoon kernel[932]: [    2.770000] aspeed-smc 1e630000.flash-controller: mx66l1g45g (131072 Kbytes)
Jul 07 15:14:38 witherspoon kernel[932]: [    2.820000] aspeed-smc 1e630000.flash-controller: CE0 window resized to 120MB (AST2500 HW quirk)
Jul 07 15:14:38 witherspoon kernel[932]: [    2.820000] aspeed-smc 1e630000.flash-controller: CE0 window [ 0x30000000 - 0x37800000 ] 120MB
Jul 07 15:14:38 witherspoon kernel[932]: [    2.820000] aspeed-smc 1e630000.flash-controller: CE0 window too small for chip 128MB
Jul 07 15:14:38 witherspoon kernel[932]: [    2.820000] aspeed-smc 1e630000.flash-controller: CE1 window [ 0x37800000 - 0x38000000 ] 8MB
Jul 07 15:14:38 witherspoon kernel[932]: [    3.570000] libphy: Fixed MDIO Bus: probed
Jul 07 15:14:38 witherspoon kernel[932]: [    3.570000] ftgmac100 1e660000.ethernet: Read MAC address 70:e2:84:14:23:e1 from chip
Jul 07 15:14:38 witherspoon kernel[932]: [    3.570000] ftgmac100 1e660000.ethernet: Using NCSI interface
Jul 07 15:14:38 witherspoon kernel[932]: [    3.570000] ftgmac100 1e660000.ethernet eth0: irq 20, mapped at f0060000
Jul 07 15:14:38 witherspoon kernel[932]: [    3.570000] ehci_hcd: USB 2.0 'Enhanced' Host Controller (EHCI) Driver
Jul 07 15:14:38 witherspoon kernel[932]: [    3.570000] ehci-platform: EHCI generic platform driver
Jul 07 15:14:38 witherspoon kernel[932]: [    3.820000]  fsi0: can't read slave 00:00 -5
Jul 07 15:14:38 witherspoon kernel[932]: [    3.820000] i2c /dev entries driver
Jul 07 15:14:38 witherspoon kernel[932]: [    3.820000] aspeed-i2c-bus 1e78a0c0.i2c-bus: i2c bus 2 registered, irq 26
Jul 07 15:14:38 witherspoon kernel[932]: [    3.820000] aspeed-i2c-bus 1e78a100.i2c-bus: i2c bus 3 registered, irq 27
Jul 07 15:14:38 witherspoon kernel[932]: [    3.820000] aspeed-i2c-bus 1e78a140.i2c-bus: i2c bus 4 registered, irq 28
Jul 07 15:14:38 witherspoon kernel[932]: [    3.820000] aspeed-i2c-bus 1e78a180.i2c-bus: i2c bus 5 registered, irq 29
Jul 07 15:14:38 witherspoon kernel[932]: [    3.820000] aspeed-i2c-bus 1e78a380.i2c-bus: i2c bus 9 registered, irq 30
Jul 07 15:14:38 witherspoon kernel[932]: [    3.820000] aspeed-i2c-bus 1e78a3c0.i2c-bus: i2c bus 10 registered, irq 31
Jul 07 15:14:38 witherspoon kernel[932]: [    3.820000] rtc-rv8803 11-0032: Voltage low, temperature compensation stopped.
Jul 07 15:14:38 witherspoon kernel[932]: [    3.820000] rtc-rv8803 11-0032: An alarm maybe have been missed.
Jul 07 15:14:38 witherspoon kernel[932]: [    3.930000] rtc-rv8803 11-0032: rtc core: registered rx8900 as rtc0
Jul 07 15:14:38 witherspoon kernel[932]: [    3.940000] at24 11-0051: 8192 byte 24c64 EEPROM, writable, 1 bytes/write
Jul 07 15:14:38 witherspoon kernel[932]: [    3.940000] aspeed-i2c-bus 1e78a400.i2c-bus: i2c bus 11 registered, irq 32
Jul 07 15:14:38 witherspoon kernel[932]: [    3.950000] aspeed-i2c-bus 1e78a440.i2c-bus: i2c bus 12 registered, irq 33
Jul 07 15:14:38 witherspoon kernel[932]: [    3.950000] aspeed-i2c-bus 1e78a480.i2c-bus: i2c bus 13 registered, irq 34
Jul 07 15:14:38 witherspoon kernel[932]: [    3.970000] Driver for 1-wire Dallas network protocol.
Jul 07 15:14:38 witherspoon kernel[932]: [    3.970000] lm75 9-004a: hwmon0: sensor 'tmp275'
Jul 07 15:14:38 witherspoon kernel[932]: [    4.010000] random: fast init done
Jul 07 15:14:38 witherspoon kernel[932]: [    4.400000] ucd9000 11-0064: Device ID UCD90160|2.3.4.0000|110603
Jul 07 15:14:38 witherspoon kernel[932]: [    4.720000] leds-pca955x 11-0060: leds-pca955x: Using pca9552 16-bit LED driver at slave address 0x60
Jul 07 15:14:38 witherspoon kernel[932]: [    4.740000] leds-pca955x 11-0060: gpios 264...279
Jul 07 15:14:38 witherspoon kernel[932]: [    4.740000] usbcore: registered new interface driver usbhid
Jul 07 15:14:38 witherspoon kernel[932]: [    4.750000] usbhid: USB HID core driver
Jul 07 15:14:38 witherspoon kernel[932]: [    4.790000] dps310: probe of 3-0076 failed with error -5
Jul 07 15:14:38 witherspoon kernel[932]: [    4.790000] NET: Registered protocol family 10
Jul 07 15:14:38 witherspoon kernel[932]: [    4.800000] Segment Routing with IPv6
Jul 07 15:14:38 witherspoon kernel[932]: [    4.800000] NET: Registered protocol family 17
Jul 07 15:14:38 witherspoon kernel[932]: [    4.800000] console [netcon0] enabled
Jul 07 15:14:38 witherspoon kernel[932]: [    4.800000] netconsole: network logging started
Jul 07 15:14:38 witherspoon kernel[932]: [    4.820000] input: gpio-keys as /devices/platform/gpio-keys/input/input0
Jul 07 15:14:38 witherspoon kernel[932]: [    4.830000] rtc-rv8803 11-0032: setting system clock to 2017-07-07 15:14:13 UTC (1499440453)
Jul 07 15:14:38 witherspoon kernel[932]: [    4.840000] Freeing unused kernel memory: 276K
Jul 07 15:14:38 witherspoon kernel[932]: [    4.840000] This architecture does not have kernel memory protection.
Jul 07 15:14:38 witherspoon kernel[932]: [    6.440000] jffs2: notice: (514) jffs2_build_xattr_subsystem: complete building xattr subsystem, 0 of xdatum (0 unchecked, 0 orphan) and 0 of xref (0 dead, 0 orphan) found.
Jul 07 15:14:38 witherspoon kernel[932]: [    8.680000] systemd[1]: Failed to insert module 'autofs4': No such file or directory
Jul 07 15:14:38 witherspoon kernel[932]: [    8.680000] systemd[1]: systemd 232 running in system mode. (+PAM -AUDIT -SELINUX -IMA -APPARMOR -SMACK +SYSVINIT -UTMP -LIBCRYPTSETUP -GCRYPT -GNUTLS +ACL +XZ -LZ4 -SECCOMP +BLKID -ELFUTILS +KMOD -IDN)
Jul 07 15:14:38 witherspoon kernel[932]: [    8.680000] systemd[1]: Detected architecture arm.
Jul 07 15:14:38 witherspoon kernel[932]: [    8.930000] systemd[1]: Set hostname to <witherspoon>.
Jul 07 15:14:38 witherspoon kernel[932]: [   10.370000] systemd[1]: Started Dispatch Password Requests to Console Directory Watch.
Jul 07 15:14:38 witherspoon kernel[932]: [   10.530000] systemd[1]: Listening on Journal Socket (/dev/log).
Jul 07 15:14:38 witherspoon kernel[932]: [   10.570000] systemd[1]: Listening on Journal Socket.
Jul 07 15:14:38 witherspoon kernel[932]: [   10.610000] systemd[1]: Reached target Remote File Systems.
Jul 07 15:14:38 witherspoon kernel[932]: [   10.650000] systemd[1]: Listening on Network Service Netlink Socket.
Jul 07 15:14:38 witherspoon kernel[932]: [   10.690000] systemd[1]: Listening on udev Kernel Socket.
Jul 07 15:14:38 witherspoon kernel[932]: [   10.730000] systemd[1]: Started Forward Password Requests to Wall Directory Watch.
Jul 07 15:14:38 witherspoon kernel[932]: [   13.730000] systemd[1]: Created slice system-org.openbmc.buttons.reset.slice.
Jul 07 15:14:38 witherspoon kernel[932]: [   13.980000] systemd[1]: Created slice system-org.openbmc.buttons.Power.slice.
Jul 07 15:14:38 witherspoon kernel[932]: [   14.240000] systemd[1]: Starting Journal Service...
Jul 07 15:14:38 witherspoon kernel[932]: [   14.510000] systemd[1]: dev-hugepages.mount: Couldn't determine result for ConditionVirtualization=!private-users, assuming failed: No such file or directory
Jul 07 15:14:38 witherspoon kernel[932]: [   14.510000] systemd[1]: Created slice system-phosphor\x2dreset\x2dhost\x2dcheck.slice.
Jul 07 15:14:38 witherspoon kernel[932]: [   14.790000] systemd[1]: Created slice system-getty.slice.
Jul 07 15:14:38 witherspoon kernel[932]: [   15.080000] systemd[1]: Created slice system-phosphor\x2ddiscover\x2dsystem\x2dstate.slice.
Jul 07 15:14:38 witherspoon kernel[932]: [   15.380000] systemd[1]: Mounted Debug File System.
Jul 07 15:14:38 witherspoon kernel[932]: [   15.690000] systemd[1]: Mounted Temporary Directory.
Jul 07 15:14:38 witherspoon kernel[932]: [   16.010000] systemd[1]: Started Journal Service.
Jul 07 15:14:38 witherspoon kernel[932]: [   18.530000] systemd-journald[646]: Received request to flush runtime journal from PID 1
Jul 07 15:14:41 witherspoon kernel[932]: [   32.360000] random: crng init done
Jul 07 15:14:43 witherspoon avahi-daemon[935]: Found user 'avahi' (UID 998) and group 'avahi' (GID 997).
Jul 07 15:14:43 witherspoon avahi-daemon[935]: Successfully dropped root privileges.
Jul 07 15:14:43 witherspoon avahi-daemon[935]: avahi-daemon 0.6.32 starting up.
Jul 07 15:14:46 witherspoon avahi-daemon[935]: Successfully called chroot().
Jul 07 15:14:46 witherspoon avahi-daemon[935]: Successfully dropped remaining capabilities.
Jul 07 15:14:46 witherspoon avahi-daemon[935]: Loading service file /services/obmc_console.service.
Jul 07 15:14:46 witherspoon avahi-daemon[935]: Loading service file /services/phosphor_rest.service.
Jul 07 15:14:46 witherspoon avahi-daemon[935]: Loading service file /services/sftp-ssh.service.
Jul 07 15:14:46 witherspoon avahi-daemon[935]: Loading service file /services/sftp.service.
Jul 07 15:14:46 witherspoon avahi-daemon[935]: Loading service file /services/ssh.service.
Jul 07 15:14:46 witherspoon avahi-daemon[935]: Network interface enumeration completed.
Jul 07 15:14:46 witherspoon avahi-daemon[935]: Server startup complete. Host name is witherspoon.local. Local service cookie is 60657714.
Jul 07 15:14:46 witherspoon avahi-daemon[935]: Service "witherspoon" (/services/ssh.service) successfully established.
Jul 07 15:14:46 witherspoon avahi-daemon[935]: Service "sftp" (/services/sftp.service) successfully established.
Jul 07 15:14:46 witherspoon avahi-daemon[935]: Service "witherspoon" (/services/sftp-ssh.service) successfully established.
Jul 07 15:14:46 witherspoon avahi-daemon[935]: Service "phosphor_rest" (/services/phosphor_rest.service) successfully established.
Jul 07 15:14:46 witherspoon avahi-daemon[935]: Service "obmc_console" (/services/obmc_console.service) successfully established.
Jul 07 15:14:46 witherspoon systemd[1]: Started Phosphor Dump Manager.
Jul 07 15:14:46 witherspoon systemd[1]: Started Avahi mDNS/DNS-SD Stack.
Jul 07 15:14:46 witherspoon systemd[1]: Started Phosphor IPMI BT DBus Bridge.
Jul 07 15:14:46 witherspoon systemd[1]: Starting Network Service...
Jul 07 15:14:46 witherspoon systemd[1]: Started Phosphor Hwmon Poller.
Jul 07 15:14:46 witherspoon systemd[1]: Starting OpenPower Software Update Manager...
Jul 07 15:14:46 witherspoon systemd[1]: Started Phosphor Hwmon Poller.
Jul 07 15:14:46 witherspoon systemd[1]: Starting Phosphor User Manager...
Jul 07 15:14:46 witherspoon systemd[1]: Started Clear one time boot overrides.
Jul 07 15:14:46 witherspoon systemd[1]: Started Phosphor Log Manager.
Jul 07 15:14:46 witherspoon systemd[1]: Started Phosphor Inventory Manager.
Jul 07 15:14:46 witherspoon systemd[1]: Started Phosphor Download Manager.
Jul 07 15:14:47 witherspoon systemd[1]: Started OpenBMC Software Update Manager.
Jul 07 15:14:47 witherspoon systemd[1]: Started Phosphor LED Group Management Daemon.
Jul 07 15:14:48 witherspoon systemd[1]: Started OpenPower Software Update Manager.
Jul 07 15:14:48 witherspoon systemd[1]: Starting Phosphor Version Software Manager...
Jul 07 15:14:49 witherspoon systemd[1]: Started Phosphor Version Software Manager.
Jul 07 15:14:49 witherspoon systemd[1]: Started Phosphor BMC0 Control.
Jul 07 15:14:50 witherspoon systemd-networkd[962]: Enumeration completed
Jul 07 15:14:50 witherspoon systemd[1]: Started Network Service.
Jul 07 15:14:50 witherspoon systemd[1]: Reached target Network.
Jul 07 15:14:50 witherspoon systemd[1]: Starting Permit User Sessions...
Jul 07 15:14:50 witherspoon systemd[1]: Started Lightweight SLP Server.
Jul 07 15:14:50 witherspoon systemd-networkd[962]: eth0: IPv6 enabled for interface: Success
Jul 07 15:14:50 witherspoon systemd-networkd[962]: eth0: Gained carrier
Jul 07 15:14:50 witherspoon avahi-daemon[935]: Joining mDNS multicast group on interface eth0.IPv4 with address 9.3.86.161.
Jul 07 15:14:50 witherspoon avahi-daemon[935]: New relevant interface eth0.IPv4 for mDNS.
Jul 07 15:14:50 witherspoon systemd-timesyncd[883]: Network configuration changed, trying to establish connection.
Jul 07 15:14:50 witherspoon avahi-daemon[935]: Registering new address record for 9.3.86.161 on eth0.IPv4.
Jul 07 15:14:52 witherspoon avahi-daemon[935]: Joining mDNS multicast group on interface eth0.IPv6 with address fe80::72e2:84ff:fe14:23e1.
Jul 07 15:14:52 witherspoon systemd-networkd[962]: eth0: Gained IPv6LL
Jul 07 15:14:52 witherspoon avahi-daemon[935]: New relevant interface eth0.IPv6 for mDNS.
Jul 07 15:14:52 witherspoon avahi-daemon[935]: Registering new address record for fe80::72e2:84ff:fe14:23e1 on eth0.*.
Jul 07 15:14:53 witherspoon systemd[1]: Started Permit User Sessions.
Jul 07 15:14:53 witherspoon systemd[1]: Started Serial Getty on ttyS4.
Jul 07 15:14:53 witherspoon systemd[1]: Reached target Login Prompts.
Jul 07 15:14:53 witherspoon systemd[1]: Reached target Multi-User System.
Jul 07 15:14:55 witherspoon kernel: ftgmac100 1e660000.ethernet eth0: NCSI interface up
Jul 07 15:14:55 witherspoon kernel[932]: [   46.190000] ftgmac100 1e660000.ethernet eth0: NCSI interface up
Jul 07 15:14:59 witherspoon systemd[1]: Created slice system-dropbear.slice.
Jul 07 15:14:59 witherspoon systemd[1]: Started SSH Per-Connection Server (9.41.165.94:39392).
Jul 07 15:14:59 witherspoon dropbear[977]: Failed loading /etc/dropbear/dropbear_dss_host_key
Jul 07 15:14:59 witherspoon dropbear[977]: Failed loading /etc/dropbear/dropbear_ecdsa_host_key
Jul 07 15:14:59 witherspoon dropbear[977]: Child connection from ::ffff:9.41.165.94:39392
Jul 07 15:15:04 witherspoon sensor_manager2.py[934]: Setting boot count to 3
Jul 07 15:15:05 witherspoon dropbear[977]: PAM password auth succeeded for 'root' from ::ffff:9.41.165.94:39392
Jul 07 15:15:06 witherspoon download_manager.py[956]: Running Download Manager
Jul 07 15:15:04 witherspoon systemd-networkd[962]: eth0: Configured
Jul 07 15:15:07 witherspoon inventory_items.py[944]: Loading from cache: /var/cache/obmc/org.openbmc.inventory.system.chassis.motherboard.apss@org.openbmc.InventoryItem.props
Jul 07 15:15:07 witherspoon inventory_items.py[944]: Loading from cache: /var/cache/obmc/org.openbmc.inventory.system.chassis.motherboard@org.openbmc.InventoryItem.props
Jul 07 15:15:07 witherspoon inventory_items.py[944]: Loading from cache: /var/cache/obmc/org.openbmc.inventory.system.chassis.motherboard.refclock@org.openbmc.InventoryItem.props
Jul 07 15:15:07 witherspoon sensor_manager2.py[934]: Deleting OCC device
Jul 07 15:15:05 witherspoon dropbear[980]: lastlog_perform_login: Couldn't stat /var/log/lastlog: No such file or directory
Jul 07 15:15:04 witherspoon systemd-timesyncd[883]: Network configuration changed, trying to establish connection.
Jul 07 15:15:07 witherspoon sensor_manager2.py[934]: sh: /sys/class/i2c-adapter/i2c-3/3-0050/online: No such file or directory
Jul 07 15:15:05 witherspoon dropbear[980]: lastlog_openseek: /var/log/lastlog is not a file or directory!
Jul 07 15:15:05 witherspoon systemd[1]: Started Phosphor Sensor Manager.
Jul 07 15:15:07 witherspoon sensor_manager2.py[934]: Deleting OCC device
Jul 07 15:15:06 witherspoon systemd[1]: Started Phosphor Download Manager.
Jul 07 15:15:07 witherspoon sensor_manager2.py[934]: sh: /sys/class/i2c-adapter/i2c-3/3-0050/online: No such file or directory
Jul 07 15:15:07 witherspoon sensor_manager2.py[934]: Starting sensor manager
Jul 07 15:15:07 witherspoon systemd[1]: Started Phosphor Chassis0 Control.
Jul 07 15:15:07 witherspoon chassis_control.py[929]: Running ChassisControlService
Jul 07 15:15:08 witherspoon inventory_items.py[944]: Loading from cache: /var/cache/obmc/org.openbmc.inventory.system.chassis.motherboard.cpu1.core7@org.openbmc.InventoryItem.props
Jul 07 15:15:08 witherspoon inventory_items.py[944]: Loading from cache: /var/cache/obmc/org.openbmc.inventory.system.chassis.motherboard.cpu1.core4@org.openbmc.InventoryItem.props
Jul 07 15:15:08 witherspoon inventory_items.py[944]: Loading from cache: /var/cache/obmc/org.openbmc.inventory.system.chassis.motherboard.cpu1.core1@org.openbmc.InventoryItem.props
Jul 07 15:15:08 witherspoon inventory_items.py[944]: Loading from cache: /var/cache/obmc/org.openbmc.inventory.system.chassis.motherboard.cpu1.core10@org.openbmc.InventoryItem.props
Jul 07 15:15:08 witherspoon inventory_items.py[944]: Loading from cache: /var/cache/obmc/org.openbmc.inventory.system.chassis.motherboard.todclock@org.openbmc.InventoryItem.props
Jul 07 15:15:08 witherspoon inventory_items.py[944]: Loading from cache: /var/cache/obmc/org.openbmc.inventory.system.chassis.motherboard.cpu1@org.openbmc.InventoryItem.props
Jul 07 15:15:08 witherspoon inventory_items.py[944]: Loading from cache: /var/cache/obmc/org.openbmc.inventory.system.chassis.motherboard.bmc@org.openbmc.InventoryItem.props
Jul 07 15:15:08 witherspoon inventory_items.py[944]: Caching: /org/openbmc/inventory/system/chassis/motherboard/bmc
Jul 07 15:15:08 witherspoon inventory_items.py[944]: Loading from cache: /var/cache/obmc/org.openbmc.inventory.system.chassis.motherboard.cpu0.core1@org.openbmc.InventoryItem.props
Jul 07 15:15:09 witherspoon phosphor-mapper[926]: ObjectMapper startup complete.  Discovery in progress...
Jul 07 15:15:09 witherspoon systemd[1]: Started Phosphor User Manager.
Jul 07 15:15:09 witherspoon obmc-phosphor-userd[966]: Started
Jul 07 15:15:09 witherspoon systemd[1]: Started Phosphor Network Manager.
Jul 07 15:15:09 witherspoon netman.py[942]: Started
Jul 07 15:15:09 witherspoon avahi-daemon[959]: ../../avahi-0.6.32/avahi-daemon/chroot.c: open() failed: No such file or directory
Jul 07 15:15:09 witherspoon avahi-daemon[935]: Failed to open /usr/share/dbus-1/interfaces/org.freedesktop.Avahi.Server.xml: Invalid argument
Jul 07 15:15:09 witherspoon avahi-daemon[935]: Failed to load introspection data.
Jul 07 15:15:10 witherspoon inventory_items.py[944]: Loading from cache: /var/cache/obmc/org.openbmc.inventory.system.chassis.motherboard.cpu0.core7@org.openbmc.InventoryItem.props
Jul 07 15:15:10 witherspoon inventory_items.py[944]: Loading from cache: /var/cache/obmc/org.openbmc.inventory.system.chassis.motherboard.cpu0.core4@org.openbmc.InventoryItem.props
Jul 07 15:15:10 witherspoon inventory_items.py[944]: Loading from cache: /var/cache/obmc/org.openbmc.inventory.system.chassis.motherboard.pcieclock@org.openbmc.InventoryItem.props
Jul 07 15:15:10 witherspoon inventory_items.py[944]: Loading from cache: /var/cache/obmc/org.openbmc.inventory.system.chassis.motherboard.cpu0.core10@org.openbmc.InventoryItem.props
Jul 07 15:15:10 witherspoon inventory_items.py[944]: Running Inventory Manager
Jul 07 15:15:10 witherspoon systemd[1]: Started Phosphor Inventory Manager.
Jul 07 15:15:23 witherspoon phosphor-mapper[926]: ObjectMapper discovery complete
Jul 07 15:15:23 witherspoon systemd[1]: Started Phosphor DBus Service Discovery Manager.
Jul 07 15:15:23 witherspoon systemd[1]: Reached target Phosphor Object Mapper.
Jul 07 15:15:23 witherspoon systemd[1]: Starting Wait for /xyz/openbmc_project/led/groups...
Jul 07 15:15:23 witherspoon systemd[1]: Starting Wait for /xyz/openbmc_project/inventory...
Jul 07 15:15:23 witherspoon systemd[1]: Starting Wait for /xyz/openbmc_project/state/chassis0...
Jul 07 15:15:23 witherspoon systemd[1]: Starting Wait for /org/openbmc/managers/System...
Jul 07 15:15:23 witherspoon systemd[1]: Starting Wait for /xyz/openbmc_project/state/host0...
Jul 07 15:15:23 witherspoon systemd[1]: Starting Phosphor Settings Manager...
Jul 07 15:15:23 witherspoon systemd[1]: Starting Wait for /xyz/openbmc_project/led/groups/bmc_booted...
Jul 07 15:15:23 witherspoon systemd[1]: Starting Wait for /org/openbmc/sensors...
Jul 07 15:15:23 witherspoon systemd[1]: Starting Phoshpor System Manager...
Jul 07 15:15:23 witherspoon systemd[1]: Starting Wait for /xyz/openbmc_project/control/host0...
Jul 07 15:15:23 witherspoon systemd[1]: Starting Wait for /org/openbmc/control/power0...
Jul 07 15:15:23 witherspoon systemd[1]: Starting Wait for /org/openbmc/NetworkManager/Interface...
Jul 07 15:15:23 witherspoon systemd[1]: Reached target Webserver (pre).
Jul 07 15:15:23 witherspoon systemd[1]: Started Phosphor Webserver.
Jul 07 15:15:23 witherspoon systemd[1]: Starting Wait for /org/openbmc/managers/Download...
Jul 07 15:15:23 witherspoon systemd[1]: Starting Wait for /org/openbmc/control/bmc0...
Jul 07 15:15:24 witherspoon systemd[1]: Starting Wait for /org/openbmc/control/flash/bios...
Jul 07 15:15:24 witherspoon systemd[1]: Started Phosphor DBus Monitor.
Jul 07 15:15:30 witherspoon system_manager.py[994]: Running System State: BASE_APPS
Jul 07 15:15:30 witherspoon system_manager.py[994]: SystemManager Init Done
Jul 07 15:15:30 witherspoon systemd[1]: Started Phoshpor System Manager.
Jul 07 15:15:30 witherspoon system_manager.py[994]: Running SystemManager
Jul 07 15:15:30 witherspoon system_manager.py[994]: SystemManager Goto System State: BMC_STARTING
Jul 07 15:15:30 witherspoon system_manager.py[994]: Running System State: BMC_STARTING
Jul 07 15:15:30 witherspoon systemd[1]: Started Wait for /xyz/openbmc_project/led/groups.
Jul 07 15:15:30 witherspoon systemd[1]: Started Wait for /xyz/openbmc_project/inventory.
Jul 07 15:15:30 witherspoon systemd[1]: Started Wait for /xyz/openbmc_project/led/groups/bmc_booted.
Jul 07 15:15:30 witherspoon systemd[1]: Started Wait for /org/openbmc/sensors.
Jul 07 15:15:30 witherspoon systemd[1]: Started Wait for /org/openbmc/NetworkManager/Interface.
Jul 07 15:15:30 witherspoon systemd[1]: Started Wait for /org/openbmc/managers/Download.
Jul 07 15:15:30 witherspoon systemd[1]: Started Wait for /org/openbmc/control/bmc0.
Jul 07 15:15:30 witherspoon systemd[1]: Starting Phosphor BIOS Code Update...
Jul 07 15:15:30 witherspoon systemd[1]: Starting Phosphor BMC Code Update...
Jul 07 15:15:30 witherspoon systemd[1]: Started Phosphor DNS Settings Cache Manager.
Jul 07 15:15:30 witherspoon systemd[1]: Started Phosphor Hwmon Poller.
Jul 07 15:15:30 witherspoon systemd[1]: Starting Assert bmc_booted LED...
Jul 07 15:15:30 witherspoon systemd[1]: Started Phosphor Cooling Type.
Jul 07 15:15:30 witherspoon systemd[1]: Starting Read OpenPOWER-format VPD from EEPROM...
Jul 07 15:15:30 witherspoon systemd[1]: Starting OpenPOWER OCC controller...
Jul 07 15:15:30 witherspoon systemd[1]: Started FRU Fault monitor service.
Jul 07 15:15:31 witherspoon systemd[1]: Started OpenPOWER OCC controller.
Jul 07 15:15:32 witherspoon systemd[1]: Started Phosphor BIOS Code Update.
Jul 07 15:15:32 witherspoon system_manager.py[994]: New object: /org/openbmc/control/flash/bios (:1.51)
Jul 07 15:15:34 witherspoon settings_manager.py[991]: Running HostSettingsService
Jul 07 15:15:34 witherspoon systemd[1]: Started Phosphor Settings Manager.
Jul 07 15:15:34 witherspoon systemd[1]: Starting Wait for /org/openbmc/settings/host0...
Jul 07 15:15:36 witherspoon systemd[1]: Started Assert bmc_booted LED.
Jul 07 15:15:39 witherspoon systemd[1]: Started Read OpenPOWER-format VPD from EEPROM.
Jul 07 15:15:40 witherspoon systemd[1]: Started Wait for /org/openbmc/managers/System.
Jul 07 15:15:40 witherspoon systemd[1]: Starting Phosphor Reset Button0...
Jul 07 15:15:40 witherspoon systemd[1]: Starting Phosphor Chassis State Manager...
Jul 07 15:15:40 witherspoon systemd[1]: Starting Phosphor Power0 Control...
Jul 07 15:15:40 witherspoon systemd[1]: Starting Phosphor Host State Manager...
Jul 07 15:15:40 witherspoon systemd[1]: Starting Phosphor BMC State Manager...
Jul 07 15:15:40 witherspoon systemd[1]: Starting Phosphor Power Button0...
Jul 07 15:15:41 witherspoon hwmon.py[1006]: Starting HWMON sensors
Jul 07 15:15:41 witherspoon phosphor-bmc-state-manager[1033]: Setting the BMCState field
Jul 07 15:15:41 witherspoon phosphor-bmc-state-manager[1033]: Setting the BMCState field
Jul 07 15:15:41 witherspoon systemd[1]: Started Phosphor BMC State Manager.
Jul 07 15:15:41 witherspoon systemd[1]: Started Wait for /org/openbmc/control/flash/bios.
Jul 07 15:15:41 witherspoon systemd[1]: Started Initialize BIOS Flash.
Jul 07 15:15:42 witherspoon systemd[1]: Started Wait for /org/openbmc/settings/host0.
Jul 07 15:15:42 witherspoon systemd[1]: Started Phosphor Inband IPMI.
Jul 07 15:15:43 witherspoon button_power.exe[1034]: GPIO Lookup:  POWER_BUTTON = 347,both
Jul 07 15:15:43 witherspoon systemd[1]: Started Phosphor Power Button0.
Jul 07 15:15:43 witherspoon systemd[1]: Started Phosphor BMC Code Update.
Jul 07 15:15:43 witherspoon bmc_update.py[1004]: Running Bmc Flash Control
Jul 07 15:15:43 witherspoon phosphor-chassis-state-manager[1030]: Initial Chassis State will be Off
Jul 07 15:15:43 witherspoon systemd[1]: Started Phosphor Chassis State Manager.
Jul 07 15:15:44 witherspoon button_reset.exe[1029]: GPIO Lookup:  RESET_BUTTON = 353,both
Jul 07 15:15:44 witherspoon systemd[1]: Started Phosphor Reset Button0.
Jul 07 15:15:44 witherspoon system_manager.py[994]: New object: /org/openbmc/control/power0 (:1.66)
Jul 07 15:15:44 witherspoon system_manager.py[994]: Power GPIO config: ['SYS_PWROK_BUFF', '', [('SOFTWARE_PGOOD', True), ('BMC_POWER_UP', True)], [('BMC_CP0_RESET_N', False)], [], 'FSI_DATA', 'FSI_CLK', 'FSI_ENABLE', 'CRONUS_SEL', []]
Jul 07 15:15:44 witherspoon power_control.exe[1031]: Power GPIO latch output:
Jul 07 15:15:44 witherspoon power_control.exe[1031]: Power GPIO power good input: SYS_PWROK_BUFF
Jul 07 15:15:44 witherspoon power_control.exe[1031]: Power GPIO 2 power_up outputs
Jul 07 15:15:44 witherspoon power_control.exe[1031]: Power GPIO power_up[0] = SOFTWARE_PGOOD active HIGH
Jul 07 15:15:44 witherspoon power_control.exe[1031]: Power GPIO power_up[1] = BMC_POWER_UP active HIGH
Jul 07 15:15:44 witherspoon power_control.exe[1031]: Power GPIO 1 reset outputs
Jul 07 15:15:44 witherspoon power_control.exe[1031]: Power GPIO reset[0] = BMC_CP0_RESET_N active LOW
Jul 07 15:15:44 witherspoon power_control.exe[1031]: Power GPIO 0 pci reset outputs
Jul 07 15:15:44 witherspoon power_control.exe[1031]: FSI DATA GPIO: FSI_DATA
Jul 07 15:15:44 witherspoon power_control.exe[1031]: FSI CLK GPIO: FSI_CLK
Jul 07 15:15:44 witherspoon power_control.exe[1031]: FSI ENABLE GPIO: FSI_ENABLE
Jul 07 15:15:44 witherspoon power_control.exe[1031]: CRONUS SEL GPIO: CRONUS_SEL
Jul 07 15:15:44 witherspoon power_control.exe[1031]: Hostctl GPIO optionals: 0
Jul 07 15:15:45 witherspoon systemd[1]: Started Phosphor Power0 Control.
Jul 07 15:15:45 witherspoon flash_bios.exe[1003]: Starting flasher: bios,,/org/openbmc/control/flash/bios,
Jul 07 15:15:45 witherspoon flash_bios.exe[1003]: flasher: , BMC = 1, address = 0x0
Jul 07 15:15:45 witherspoon flash_bios.exe[1003]: Setting up flash
Jul 07 15:15:45 witherspoon power_control.exe[1031]: GPIO Lookup:  SYS_PWROK_BUFF = 306,in
Jul 07 15:15:45 witherspoon power_control.exe[1031]: GPIO Lookup:  SOFTWARE_PGOOD = 417,out
Jul 07 15:15:45 witherspoon power_control.exe[1031]: GPIO Lookup:  BMC_POWER_UP = 305,out
Jul 07 15:15:45 witherspoon power_control.exe[1031]: GPIO Lookup:  BMC_CP0_RESET_N = 281,out
Jul 07 15:15:45 witherspoon power_control.exe[1031]: Pgood state: 0
Jul 07 15:15:45 witherspoon phosphor-host-state-manager[1032]: Initial Host State will be Off
Jul 07 15:15:45 witherspoon flash_bios.exe[1003]: Starting flasher: bios,,/org/openbmc/control/flash/bios,
Jul 07 15:15:45 witherspoon flash_bios.exe[1003]: flasher: , BMC = 1, address = 0x0
Jul 07 15:15:45 witherspoon flash_bios.exe[1003]: Setting up flash
Jul 07 15:15:45 witherspoon systemd[1]: Started Phosphor Host State Manager.
Jul 07 15:15:49 witherspoon systemd[1]: Started Wait for /org/openbmc/control/power0.
Jul 07 15:15:49 witherspoon systemd[1]: Starting Check Chassis0 pgood and create a file to indicate it...
Jul 07 15:15:49 witherspoon systemd[1]: Starting Phosphor Time Manager daemon...
Jul 07 15:15:49 witherspoon system_manager.py[994]: SystemManager Goto System State: BMC_READY
Jul 07 15:15:49 witherspoon system_manager.py[994]: Running System State: BMC_READY
Jul 07 15:15:49 witherspoon systemd[1]: Started Wait for /xyz/openbmc_project/control/host0.
Jul 07 15:15:50 witherspoon systemd[1]: Started Wait for /xyz/openbmc_project/state/chassis0.
Jul 07 15:15:50 witherspoon timemanager[1071]: Registering dbus methods
Jul 07 15:15:50 witherspoon timemanager[1071]: Last known time_mode: NTP
Jul 07 15:15:50 witherspoon timemanager[1071]: Last known time_owner: BMC
Jul 07 15:15:50 witherspoon timemanager[1071]: Empty DhcpNtp string
Jul 07 15:15:50 witherspoon timemanager[1071]: Reading Power Control key: pgood
Jul 07 15:15:50 witherspoon systemd[1]: Started Wait for /xyz/openbmc_project/state/host0.
Jul 07 15:15:50 witherspoon systemd[1]: Starting Reboot If Enabled...
Jul 07 15:15:50 witherspoon timemanager[1071]: Changing settings *allowed* now
Jul 07 15:15:50 witherspoon timemanager[1071]: Getting System Settings: time_mode
Jul 07 15:15:51 witherspoon systemd[1]: Started Check Chassis0 pgood and create a file to indicate it.
Jul 07 15:15:51 witherspoon systemd[1]: Reached target Chassis0 power on after reset.
Jul 07 15:15:51 witherspoon systemd[1]: Reached target Host0 running after reset.
Jul 07 15:15:51 witherspoon systemd[1]: Reached target Host0 (Reset Check).
Jul 07 15:15:51 witherspoon systemd[1]: Reached target Chassis0 (Reset Check).
Jul 07 15:15:51 witherspoon timemanager[1071]: Requested_Mode: NTP Current_Mode: NTP
Jul 07 15:15:51 witherspoon timemanager[1071]: Mode is already set to : NTP
Jul 07 15:15:51 witherspoon timemanager[1071]: Getting System Settings: time_owner
Jul 07 15:15:51 witherspoon timemanager[1071]: Owner is already set to : BMC
Jul 07 15:15:51 witherspoon timemanager[1071]: Getting System Settings: use_dhcp_ntp
Jul 07 15:15:51 witherspoon timemanager[1071]: use_dhcp_ntp = yes
Jul 07 15:15:51 witherspoon timemanager[1071]: Last known host_offset:0
Jul 07 15:15:51 witherspoon timemanager[1071]: Initial Uptime Usec: 1499440448661094
Jul 07 15:15:51 witherspoon systemd[1]: Started Phosphor Time Manager daemon.
Jul 07 15:15:53 witherspoon phosphor-discover-system-state[1082]: Host power is off, checking power policy
Jul 07 15:15:53 witherspoon systemd[1]: Started Reboot If Enabled.
Jul 07 15:15:53 witherspoon systemd[1]: Reached target Phosphor System - Standby.
Jul 07 15:15:53 witherspoon systemd[1]: Startup finished in 8.451s (kernel) + 1min 36.195s (userspace) = 1min 44.646s.
Jul 07 15:15:53 witherspoon phosphor-bmc-state-manager[1033]: BMC_READY
Jul 07 15:15:53 witherspoon phosphor-bmc-state-manager[1033]: Setting the BMCState field
Jul 07 15:16:03 witherspoon phosphor-gevent[998]: Traceback (most recent call last):
Jul 07 15:16:03 witherspoon phosphor-gevent[998]:   File "/usr/lib/python2.7/site-packages/gevent/greenlet.py", line 327, in run
Jul 07 15:16:03 witherspoon phosphor-gevent[998]:     result = self._run(*self.args, **self.kwargs)
Jul 07 15:16:03 witherspoon phosphor-gevent[998]:   File "/usr/lib/python2.7/site-packages/gevent/server.py", line 102, in wrap_socket_and_handle
Jul 07 15:16:03 witherspoon phosphor-gevent[998]:     ssl_socket = self.wrap_socket(client_socket, **self.ssl_args)
Jul 07 15:16:03 witherspoon phosphor-gevent[998]:   File "/usr/lib/python2.7/site-packages/gevent/ssl.py", line 404, in wrap_socket
Jul 07 15:16:03 witherspoon phosphor-gevent[998]:     ciphers=ciphers)
Jul 07 15:16:03 witherspoon phosphor-gevent[998]:   File "/usr/lib/python2.7/site-packages/gevent/ssl.py", line 113, in __init__
Jul 07 15:16:03 witherspoon phosphor-gevent[998]:     self.do_handshake()
Jul 07 15:16:03 witherspoon phosphor-gevent[998]:   File "/usr/lib/python2.7/site-packages/gevent/ssl.py", line 324, in do_handshake
Jul 07 15:16:03 witherspoon phosphor-gevent[998]:     return self._sslobj.do_handshake()
Jul 07 15:16:03 witherspoon phosphor-gevent[998]: SSLEOFError: EOF occurred in violation of protocol (_ssl.c:590)
Jul 07 15:16:03 witherspoon phosphor-gevent[998]: <Greenlet at 0x75ffb300: <bound method WSGIServer.wrap_socket_and_handle of <WSGIServer at 0x75fd68b0 fileno=5 address=('::3472:ee76:b04d:6476%1986284960', 443, 0, 1986284960)>>(<socket at 0x75eaa2d0 fileno=9>, ('::6059:6276:8e91:f402%1995266844', 50780, 0, 199)> failed with SSLEOFError
Jul 07 15:16:03 witherspoon phosphor-gevent[998]: Traceback (most recent call last):
Jul 07 15:16:03 witherspoon phosphor-gevent[998]:   File "/usr/lib/python2.7/site-packages/gevent/greenlet.py", line 327, in run
Jul 07 15:16:03 witherspoon phosphor-gevent[998]:     result = self._run(*self.args, **self.kwargs)
Jul 07 15:16:03 witherspoon phosphor-gevent[998]:   File "/usr/lib/python2.7/site-packages/gevent/server.py", line 102, in wrap_socket_and_handle
Jul 07 15:16:03 witherspoon phosphor-gevent[998]:     ssl_socket = self.wrap_socket(client_socket, **self.ssl_args)
Jul 07 15:16:03 witherspoon phosphor-gevent[998]:   File "/usr/lib/python2.7/site-packages/gevent/ssl.py", line 404, in wrap_socket
Jul 07 15:16:03 witherspoon phosphor-gevent[998]:     ciphers=ciphers)
Jul 07 15:16:03 witherspoon phosphor-gevent[998]:   File "/usr/lib/python2.7/site-packages/gevent/ssl.py", line 113, in __init__
Jul 07 15:16:03 witherspoon phosphor-gevent[998]:     self.do_handshake()
Jul 07 15:16:03 witherspoon phosphor-gevent[998]:   File "/usr/lib/python2.7/site-packages/gevent/ssl.py", line 324, in do_handshake
Jul 07 15:16:03 witherspoon phosphor-gevent[998]:     return self._sslobj.do_handshake()
Jul 07 15:16:03 witherspoon phosphor-gevent[998]: SSLEOFError: EOF occurred in violation of protocol (_ssl.c:590)
Jul 07 15:16:03 witherspoon phosphor-gevent[998]: <Greenlet at 0x75ffb5d0: <bound method WSGIServer.wrap_socket_and_handle of <WSGIServer at 0x75fd68b0 fileno=5 address=('::3472:ee76:b04d:6476%1986284960', 443, 0, 1986284960)>>(<socket at 0x75eaa270 fileno=10>, ('::6059:6276:8e91:f402%1995266844', 50784, 0, 199)> failed with SSLEOFError
Jul 07 15:16:03 witherspoon phosphor-gevent[998]: Traceback (most recent call last):
Jul 07 15:16:03 witherspoon phosphor-gevent[998]:   File "/usr/lib/python2.7/site-packages/gevent/greenlet.py", line 327, in run
Jul 07 15:16:03 witherspoon phosphor-gevent[998]:     result = self._run(*self.args, **self.kwargs)
Jul 07 15:16:03 witherspoon phosphor-gevent[998]:   File "/usr/lib/python2.7/site-packages/gevent/server.py", line 102, in wrap_socket_and_handle
Jul 07 15:16:03 witherspoon phosphor-gevent[998]:     ssl_socket = self.wrap_socket(client_socket, **self.ssl_args)
Jul 07 15:16:03 witherspoon phosphor-gevent[998]:   File "/usr/lib/python2.7/site-packages/gevent/ssl.py", line 404, in wrap_socket
Jul 07 15:16:03 witherspoon phosphor-gevent[998]:     ciphers=ciphers)
Jul 07 15:16:03 witherspoon phosphor-gevent[998]:   File "/usr/lib/python2.7/site-packages/gevent/ssl.py", line 113, in __init__
Jul 07 15:16:03 witherspoon phosphor-gevent[998]:     self.do_handshake()
Jul 07 15:16:03 witherspoon phosphor-gevent[998]:   File "/usr/lib/python2.7/site-packages/gevent/ssl.py", line 324, in do_handshake
Jul 07 15:16:03 witherspoon phosphor-gevent[998]:     return self._sslobj.do_handshake()
Jul 07 15:16:03 witherspoon phosphor-gevent[998]: SSLEOFError: EOF occurred in violation of protocol (_ssl.c:590)
Jul 07 15:16:03 witherspoon phosphor-gevent[998]: <Greenlet at 0x75ffb2b0: <bound method WSGIServer.wrap_socket_and_handle of <WSGIServer at 0x75fd68b0 fileno=5 address=('::3472:ee76:b04d:6476%1986284960', 443, 0, 1986284960)>>(<socket at 0x75eaa310 fileno=11>, ('::6059:6276:8e91:f402%1995266844', 50786, 0, 199)> failed with SSLEOFError
Jul 07 15:16:19 witherspoon phosphor-gevent[998]: ::6059:6276:8e91:f402%1995266844 - - [2017-07-07 15:16:19] "POST /login HTTP/1.1" 200 320 0.045356
Jul 07 15:16:19 witherspoon phosphor-gevent[998]: ::6059:6276:8e91:f402%1995266844 - - [2017-07-07 15:16:19] "GET /xyz/openbmc_project/state/chassis0//attr/CurrentPowerState HTTP/1.1" 200 216 0.058737
Jul 07 15:16:19 witherspoon phosphor-gevent[998]: ::6059:6276:8e91:f402%1995266844 - - [2017-07-07 15:16:19] "POST /login HTTP/1.1" 200 320 0.056601
Jul 07 15:16:19 witherspoon phosphor-gevent[998]: ::6059:6276:8e91:f402%1995266844 - - [2017-07-07 15:16:19] "GET /xyz/openbmc_project/state/chassis0//attr/CurrentPowerState HTTP/1.1" 200 216 0.058100
Jul 07 15:16:19 witherspoon phosphor-gevent[998]: ::6059:6276:8e91:f402%1995266844 - - [2017-07-07 15:16:19] "POST /login HTTP/1.1" 200 320 0.032338
Jul 07 15:16:19 witherspoon phosphor-gevent[998]: ::6059:6276:8e91:f402%1995266844 - - [2017-07-07 15:16:19] "GET /org/openbmc/sensors/host/BootProgress/attr/value HTTP/1.1" 200 170 0.056489
Jul 07 15:16:19 witherspoon phosphor-gevent[998]: ::6059:6276:8e91:f402%1995266844 - - [2017-07-07 15:16:19] "POST /login HTTP/1.1" 200 320 0.043218
Jul 07 15:16:20 witherspoon phosphor-gevent[998]: ::6059:6276:8e91:f402%1995266844 - - [2017-07-07 15:16:20] "GET /xyz/openbmc_project/state/host0//attr/CurrentHostState HTTP/1.1" 200 212 0.050876
Jul 07 15:16:20 witherspoon phosphor-gevent[998]: ::6059:6276:8e91:f402%1995266844 - - [2017-07-07 15:16:20] "POST /login HTTP/1.1" 200 320 0.032473
Jul 07 15:16:20 witherspoon phosphor-gevent[998]: ::6059:6276:8e91:f402%1995266844 - - [2017-07-07 15:16:20] "GET /xyz/openbmc_project/logging/entry/list HTTP/1.1" 404 311 0.034370
Jul 07 15:16:20 witherspoon dropbear[977]: Exit (root): Error writing: Connection reset by peer
Jul 07 15:16:20 witherspoon systemd[1]: Started SSH Per-Connection Server (9.41.165.94:39414).
Jul 07 15:16:20 witherspoon dropbear[1092]: Failed loading /etc/dropbear/dropbear_dss_host_key
Jul 07 15:16:20 witherspoon dropbear[1092]: Failed loading /etc/dropbear/dropbear_ecdsa_host_key
Jul 07 15:16:20 witherspoon dropbear[1092]: Child connection from ::ffff:9.41.165.94:39414
Jul 07 15:16:21 witherspoon dropbear[1092]: PAM password auth succeeded for 'root' from ::ffff:9.41.165.94:39414
Jul 07 15:16:21 witherspoon dropbear[1093]: lastlog_perform_login: Couldn't stat /var/log/lastlog: No such file or directory
Jul 07 15:16:21 witherspoon dropbear[1093]: lastlog_openseek: /var/log/lastlog is not a file or directory!
Jul 07 15:16:22 witherspoon phosphor-gevent[998]: ::6059:6276:8e91:f402%1995266844 - - [2017-07-07 15:16:22] "POST /login HTTP/1.1" 200 320 0.033249
Jul 07 15:16:22 witherspoon phosphor-gevent[998]: ::6059:6276:8e91:f402%1995266844 - - [2017-07-07 15:16:22] "GET /xyz/openbmc_project/state/host0//attr/CurrentHostState HTTP/1.1" 200 212 0.050400
Jul 07 15:16:23 witherspoon dropbear[1092]: Exit (root): Exited normally
Jul 07 15:16:25 witherspoon systemd[1]: Started SSH Per-Connection Server (9.41.165.94:39418).
Jul 07 15:16:25 witherspoon dropbear[1102]: Failed loading /etc/dropbear/dropbear_dss_host_key
Jul 07 15:16:25 witherspoon dropbear[1102]: Failed loading /etc/dropbear/dropbear_ecdsa_host_key
Jul 07 15:16:25 witherspoon dropbear[1102]: Child connection from ::ffff:9.41.165.94:39418
Jul 07 15:16:26 witherspoon dropbear[1102]: PAM password auth succeeded for 'root' from ::ffff:9.41.165.94:39418
Jul 07 15:16:26 witherspoon dropbear[1103]: lastlog_perform_login: Couldn't stat /var/log/lastlog: No such file or directory
Jul 07 15:16:26 witherspoon dropbear[1103]: lastlog_openseek: /var/log/lastlog is not a file or directory!
Jul 07 15:16:28 witherspoon phosphor-gevent[998]: ::6059:6276:8e91:f402%1995266844 - - [2017-07-07 15:16:28] "POST /login HTTP/1.1" 200 320 0.032794
Jul 07 15:16:28 witherspoon phosphor-gevent[998]: ::6059:6276:8e91:f402%1995266844 - - [2017-07-07 15:16:28] "PUT /org/openbmc/settings/host0/attr/power_policy HTTP/1.1" 200 169 0.176312
Jul 07 15:16:28 witherspoon phosphor-gevent[998]: ::6059:6276:8e91:f402%1995266844 - - [2017-07-07 15:16:28] "POST /login HTTP/1.1" 200 320 0.032559
Jul 07 15:16:28 witherspoon phosphor-gevent[998]: ::6059:6276:8e91:f402%1995266844 - - [2017-07-07 15:16:28] "GET /org/openbmc/settings/host0/attr/power_policy HTTP/1.1" 200 185 0.070140
Jul 07 15:16:28 witherspoon systemd[1]: Started SSH Per-Connection Server (9.41.165.94:39424).
Jul 07 15:16:28 witherspoon dropbear[1109]: Failed loading /etc/dropbear/dropbear_dss_host_key
Jul 07 15:16:28 witherspoon dropbear[1109]: Failed loading /etc/dropbear/dropbear_ecdsa_host_key
Jul 07 15:16:28 witherspoon dropbear[1109]: Child connection from ::ffff:9.41.165.94:39424
Jul 07 15:16:29 witherspoon dropbear[1109]: PAM password auth succeeded for 'root' from ::ffff:9.41.165.94:39424
Jul 07 15:16:29 witherspoon dropbear[1110]: lastlog_perform_login: Couldn't stat /var/log/lastlog: No such file or directory
Jul 07 15:16:29 witherspoon dropbear[1110]: lastlog_openseek: /var/log/lastlog is not a file or directory!
Jul 07 15:16:30 witherspoon phosphor-gevent[998]: ::6059:6276:8e91:f402%1995266844 - - [2017-07-07 15:16:30] "POST /login HTTP/1.1" 200 320 0.033108
Jul 07 15:16:30 witherspoon phosphor-gevent[998]: ::6059:6276:8e91:f402%1995266844 - - [2017-07-07 15:16:30] "GET /xyz/openbmc_project/state/chassis0//attr/CurrentPowerState HTTP/1.1" 200 216 0.072582
Jul 07 15:16:30 witherspoon phosphor-gevent[998]: ::6059:6276:8e91:f402%1995266844 - - [2017-07-07 15:16:30] "POST /login HTTP/1.1" 200 320 0.035878
Jul 07 15:16:31 witherspoon phosphor-gevent[998]: ::6059:6276:8e91:f402%1995266844 - - [2017-07-07 15:16:31] "GET /xyz/openbmc_project/state/bmc0//attr/CurrentBMCState HTTP/1.1" 200 212 0.069954
Jul 07 15:16:31 witherspoon phosphor-gevent[998]: ::6059:6276:8e91:f402%1995266844 - - [2017-07-07 15:16:31] "POST /login HTTP/1.1" 200 320 0.035050
Jul 07 15:16:31 witherspoon phosphor-gevent[998]: ::6059:6276:8e91:f402%1995266844 - - [2017-07-07 15:16:31] "GET /org/openbmc/sensors/host/BootProgress/attr/value HTTP/1.1" 200 170 0.073867
Jul 07 15:16:31 witherspoon phosphor-gevent[998]: ::6059:6276:8e91:f402%1995266844 - - [2017-07-07 15:16:31] "POST /login HTTP/1.1" 200 320 0.032826
Jul 07 15:16:31 witherspoon phosphor-gevent[998]: ::6059:6276:8e91:f402%1995266844 - - [2017-07-07 15:16:31] "GET /xyz/openbmc_project/state/host0//attr/CurrentHostState HTTP/1.1" 200 212 0.049611
Jul 07 15:16:31 witherspoon phosphor-gevent[998]: ::6059:6276:8e91:f402%1995266844 - - [2017-07-07 15:16:31] "POST /login HTTP/1.1" 200 320 0.035235
Jul 07 15:16:31 witherspoon phosphor-gevent[998]: ::6059:6276:8e91:f402%1995266844 - - [2017-07-07 15:16:31] "GET /xyz/openbmc_project/logging/entry/list HTTP/1.1" 404 311 0.034582
Jul 07 15:16:32 witherspoon systemd[1]: Started SSH Per-Connection Server (9.41.165.94:39436).
Jul 07 15:16:32 witherspoon dropbear[1113]: Failed loading /etc/dropbear/dropbear_dss_host_key
Jul 07 15:16:32 witherspoon dropbear[1113]: Failed loading /etc/dropbear/dropbear_ecdsa_host_key
Jul 07 15:16:32 witherspoon dropbear[1113]: Child connection from ::ffff:9.41.165.94:39436
Jul 07 15:16:32 witherspoon dropbear[1113]: PAM password auth succeeded for 'root' from ::ffff:9.41.165.94:39436
Jul 07 15:17:03 witherspoon phosphor-gevent[998]: ::6059:6276:8e91:f402%1995266844 - - [2017-07-07 15:17:03] "POST /login HTTP/1.1" 200 320 0.034089
Jul 07 15:17:04 witherspoon phosphor-gevent[998]: ::6059:6276:8e91:f402%1995266844 - - [2017-07-07 15:17:04] "POST /org/openbmc/control/flash/bios//action/update HTTP/1.1" 200 169 0.277732
Jul 07 15:17:04 witherspoon flash_bios.exe[1003]: Starting flasher: bios,/tmp/witherspoon_20170628n.pnor,/org/openbmc/control/flash/bios,
Jul 07 15:17:04 witherspoon flash_bios.exe[1003]: flasher: /tmp/witherspoon_20170628n.pnor, BMC = 1, address = 0x0
Jul 07 15:17:04 witherspoon flash_bios.exe[1003]: Setting up flash
Jul 07 15:17:04 witherspoon phosphor-gevent[998]: ::6059:6276:8e91:f402%1995266844 - - [2017-07-07 15:17:04] "POST /login HTTP/1.1" 200 320 0.129580
Jul 07 15:17:04 witherspoon phosphor-gevent[998]: ::6059:6276:8e91:f402%1995266844 - - [2017-07-07 15:17:04] "GET /org/openbmc/control/flash/bios HTTP/1.1" 200 396 0.197175
Jul 07 15:17:05 witherspoon phosphor-gevent[998]: ::6059:6276:8e91:f402%1995266844 - - [2017-07-07 15:17:05] "POST /login HTTP/1.1" 200 320 0.032865
Jul 07 15:17:05 witherspoon phosphor-gevent[998]: ::6059:6276:8e91:f402%1995266844 - - [2017-07-07 15:17:05] "GET /org/openbmc/control/flash/bios HTTP/1.1" 200 396 0.208710
Jul 07 15:17:16 witherspoon phosphor-gevent[998]: ::6059:6276:8e91:f402%1995266844 - - [2017-07-07 15:17:16] "POST /login HTTP/1.1" 200 320 0.429817
Jul 07 15:17:16 witherspoon phosphor-gevent[998]: ::6059:6276:8e91:f402%1995266844 - - [2017-07-07 15:17:16] "GET /org/openbmc/control/flash/bios HTTP/1.1" 200 396 0.138152
Jul 07 15:17:26 witherspoon phosphor-gevent[998]: ::6059:6276:8e91:f402%1995266844 - - [2017-07-07 15:17:26] "POST /login HTTP/1.1" 200 320 0.038105
Jul 07 15:17:26 witherspoon phosphor-gevent[998]: ::6059:6276:8e91:f402%1995266844 - - [2017-07-07 15:17:26] "GET /org/openbmc/control/flash/bios HTTP/1.1" 200 396 0.070460
Jul 07 15:17:36 witherspoon phosphor-gevent[998]: ::6059:6276:8e91:f402%1995266844 - - [2017-07-07 15:17:36] "POST /login HTTP/1.1" 200 320 0.032452
Jul 07 15:17:36 witherspoon phosphor-gevent[998]: ::6059:6276:8e91:f402%1995266844 - - [2017-07-07 15:17:36] "GET /org/openbmc/control/flash/bios HTTP/1.1" 200 396 0.082502
Jul 07 15:17:47 witherspoon phosphor-gevent[998]: ::6059:6276:8e91:f402%1995266844 - - [2017-07-07 15:17:47] "POST /login HTTP/1.1" 200 320 0.032814
Jul 07 15:17:47 witherspoon phosphor-gevent[998]: ::6059:6276:8e91:f402%1995266844 - - [2017-07-07 15:17:47] "GET /org/openbmc/control/flash/bios HTTP/1.1" 200 396 0.070395
Jul 07 15:17:58 witherspoon phosphor-gevent[998]: ::6059:6276:8e91:f402%1995266844 - - [2017-07-07 15:17:58] "POST /login HTTP/1.1" 200 320 0.033286
Jul 07 15:17:58 witherspoon phosphor-gevent[998]: ::6059:6276:8e91:f402%1995266844 - - [2017-07-07 15:17:58] "GET /org/openbmc/control/flash/bios HTTP/1.1" 200 396 0.067652
Jul 07 15:18:08 witherspoon phosphor-gevent[998]: ::6059:6276:8e91:f402%1995266844 - - [2017-07-07 15:18:08] "POST /login HTTP/1.1" 200 320 0.032328
Jul 07 15:18:08 witherspoon phosphor-gevent[998]: ::6059:6276:8e91:f402%1995266844 - - [2017-07-07 15:18:08] "GET /org/openbmc/control/flash/bios HTTP/1.1" 200 396 0.067889
Jul 07 15:18:19 witherspoon phosphor-gevent[998]: ::6059:6276:8e91:f402%1995266844 - - [2017-07-07 15:18:19] "POST /login HTTP/1.1" 200 320 0.131792
Jul 07 15:18:19 witherspoon phosphor-gevent[998]: ::6059:6276:8e91:f402%1995266844 - - [2017-07-07 15:18:19] "GET /org/openbmc/control/flash/bios HTTP/1.1" 200 396 0.068101
Jul 07 15:18:29 witherspoon phosphor-gevent[998]: ::6059:6276:8e91:f402%1995266844 - - [2017-07-07 15:18:29] "POST /login HTTP/1.1" 200 320 0.032353
Jul 07 15:18:29 witherspoon phosphor-gevent[998]: ::6059:6276:8e91:f402%1995266844 - - [2017-07-07 15:18:29] "GET /org/openbmc/control/flash/bios HTTP/1.1" 200 396 0.068577
Jul 07 15:18:40 witherspoon phosphor-gevent[998]: ::6059:6276:8e91:f402%1995266844 - - [2017-07-07 15:18:40] "POST /login HTTP/1.1" 200 320 0.032871
Jul 07 15:18:40 witherspoon phosphor-gevent[998]: ::6059:6276:8e91:f402%1995266844 - - [2017-07-07 15:18:40] "GET /org/openbmc/control/flash/bios HTTP/1.1" 200 396 0.068416
Jul 07 15:18:50 witherspoon phosphor-gevent[998]: ::6059:6276:8e91:f402%1995266844 - - [2017-07-07 15:18:50] "POST /login HTTP/1.1" 200 320 0.032791
Jul 07 15:18:50 witherspoon phosphor-gevent[998]: ::6059:6276:8e91:f402%1995266844 - - [2017-07-07 15:18:50] "GET /org/openbmc/control/flash/bios HTTP/1.1" 200 396 0.068192
Jul 07 15:19:00 witherspoon phosphor-gevent[998]: ::6059:6276:8e91:f402%1995266844 - - [2017-07-07 15:19:00] "POST /login HTTP/1.1" 200 320 0.032683
Jul 07 15:19:00 witherspoon phosphor-gevent[998]: ::6059:6276:8e91:f402%1995266844 - - [2017-07-07 15:19:00] "GET /org/openbmc/control/flash/bios HTTP/1.1" 200 396 0.068106
Jul 07 15:19:02 witherspoon avahi-daemon[935]: Withdrawing address record for 9.3.86.161 on eth0.
Jul 07 15:19:02 witherspoon avahi-daemon[935]: Host name conflict, retrying with witherspoon-2
Jul 07 15:19:02 witherspoon avahi-daemon[935]: Registering new address record for fe80::72e2:84ff:fe14:23e1 on eth0.*.
Jul 07 15:19:02 witherspoon avahi-daemon[935]: Registering new address record for 9.3.86.161 on eth0.IPv4.
Jul 07 15:19:03 witherspoon avahi-daemon[935]: Withdrawing address record for 9.3.86.161 on eth0.
Jul 07 15:19:03 witherspoon avahi-daemon[935]: Host name conflict, retrying with witherspoon-3
Jul 07 15:19:03 witherspoon avahi-daemon[935]: Registering new address record for fe80::72e2:84ff:fe14:23e1 on eth0.*.
Jul 07 15:19:03 witherspoon avahi-daemon[935]: Registering new address record for 9.3.86.161 on eth0.IPv4.
Jul 07 15:19:04 witherspoon avahi-daemon[935]: Withdrawing address record for 9.3.86.161 on eth0.
Jul 07 15:19:04 witherspoon avahi-daemon[935]: Host name conflict, retrying with witherspoon-4
Jul 07 15:19:04 witherspoon avahi-daemon[935]: Registering new address record for fe80::72e2:84ff:fe14:23e1 on eth0.*.
Jul 07 15:19:04 witherspoon avahi-daemon[935]: Registering new address record for 9.3.86.161 on eth0.IPv4.
Jul 07 15:19:06 witherspoon avahi-daemon[935]: Withdrawing address record for 9.3.86.161 on eth0.
Jul 07 15:19:06 witherspoon avahi-daemon[935]: Host name conflict, retrying with witherspoon-5
Jul 07 15:19:06 witherspoon avahi-daemon[935]: Registering new address record for fe80::72e2:84ff:fe14:23e1 on eth0.*.
Jul 07 15:19:06 witherspoon avahi-daemon[935]: Registering new address record for 9.3.86.161 on eth0.IPv4.
Jul 07 15:19:08 witherspoon avahi-daemon[935]: Withdrawing address record for 9.3.86.161 on eth0.
Jul 07 15:19:08 witherspoon avahi-daemon[935]: Host name conflict, retrying with witherspoon-6
Jul 07 15:19:08 witherspoon avahi-daemon[935]: Registering new address record for fe80::72e2:84ff:fe14:23e1 on eth0.*.
Jul 07 15:19:08 witherspoon avahi-daemon[935]: Registering new address record for 9.3.86.161 on eth0.IPv4.
Jul 07 15:19:10 witherspoon avahi-daemon[935]: Withdrawing address record for 9.3.86.161 on eth0.
Jul 07 15:19:10 witherspoon avahi-daemon[935]: Host name conflict, retrying with witherspoon-7
Jul 07 15:19:10 witherspoon avahi-daemon[935]: Registering new address record for fe80::72e2:84ff:fe14:23e1 on eth0.*.
Jul 07 15:19:10 witherspoon avahi-daemon[935]: Registering new address record for 9.3.86.161 on eth0.IPv4.
Jul 07 15:19:10 witherspoon avahi-daemon[935]: Withdrawing address record for 9.3.86.161 on eth0.
Jul 07 15:19:10 witherspoon avahi-daemon[935]: Host name conflict, retrying with witherspoon-8
Jul 07 15:19:10 witherspoon avahi-daemon[935]: Registering new address record for fe80::72e2:84ff:fe14:23e1 on eth0.*.
Jul 07 15:19:10 witherspoon avahi-daemon[935]: Registering new address record for 9.3.86.161 on eth0.IPv4.
Jul 07 15:19:11 witherspoon phosphor-gevent[998]: ::6059:6276:8e91:f402%1995266844 - - [2017-07-07 15:19:10] "POST /login HTTP/1.1" 200 320 0.039205
Jul 07 15:19:11 witherspoon phosphor-gevent[998]: ::6059:6276:8e91:f402%1995266844 - - [2017-07-07 15:19:11] "GET /org/openbmc/control/flash/bios HTTP/1.1" 200 396 0.068206
Jul 07 15:19:13 witherspoon avahi-daemon[935]: Withdrawing address record for 9.3.86.161 on eth0.
Jul 07 15:19:13 witherspoon avahi-daemon[935]: Host name conflict, retrying with witherspoon-9
Jul 07 15:19:13 witherspoon avahi-daemon[935]: Registering new address record for fe80::72e2:84ff:fe14:23e1 on eth0.*.
Jul 07 15:19:13 witherspoon avahi-daemon[935]: Registering new address record for 9.3.86.161 on eth0.IPv4.
Jul 07 15:19:15 witherspoon avahi-daemon[935]: Withdrawing address record for 9.3.86.161 on eth0.
Jul 07 15:19:15 witherspoon avahi-daemon[935]: Host name conflict, retrying with witherspoon-10
Jul 07 15:19:15 witherspoon avahi-daemon[935]: Registering new address record for fe80::72e2:84ff:fe14:23e1 on eth0.*.
Jul 07 15:19:15 witherspoon avahi-daemon[935]: Registering new address record for 9.3.86.161 on eth0.IPv4.
Jul 07 15:19:18 witherspoon avahi-daemon[935]: Withdrawing address record for 9.3.86.161 on eth0.
Jul 07 15:19:18 witherspoon avahi-daemon[935]: Host name conflict, retrying with witherspoon-11
Jul 07 15:19:18 witherspoon avahi-daemon[935]: Registering new address record for fe80::72e2:84ff:fe14:23e1 on eth0.*.
Jul 07 15:19:18 witherspoon avahi-daemon[935]: Registering new address record for 9.3.86.161 on eth0.IPv4.
Jul 07 15:19:20 witherspoon avahi-daemon[935]: Withdrawing address record for 9.3.86.161 on eth0.
Jul 07 15:19:20 witherspoon avahi-daemon[935]: Host name conflict, retrying with witherspoon-12
Jul 07 15:19:20 witherspoon avahi-daemon[935]: Registering new address record for fe80::72e2:84ff:fe14:23e1 on eth0.*.
Jul 07 15:19:20 witherspoon avahi-daemon[935]: Registering new address record for 9.3.86.161 on eth0.IPv4.
Jul 07 15:19:21 witherspoon phosphor-gevent[998]: ::6059:6276:8e91:f402%1995266844 - - [2017-07-07 15:19:21] "POST /login HTTP/1.1" 200 320 0.033393
Jul 07 15:19:21 witherspoon phosphor-gevent[998]: ::6059:6276:8e91:f402%1995266844 - - [2017-07-07 15:19:21] "GET /org/openbmc/control/flash/bios HTTP/1.1" 200 396 0.069606
Jul 07 15:19:22 witherspoon avahi-daemon[935]: Withdrawing address record for 9.3.86.161 on eth0.
Jul 07 15:19:22 witherspoon avahi-daemon[935]: Host name conflict, retrying with witherspoon-13
Jul 07 15:19:22 witherspoon avahi-daemon[935]: Registering new address record for fe80::72e2:84ff:fe14:23e1 on eth0.*.
Jul 07 15:19:22 witherspoon avahi-daemon[935]: Registering new address record for 9.3.86.161 on eth0.IPv4.
Jul 07 15:19:24 witherspoon avahi-daemon[935]: Withdrawing address record for 9.3.86.161 on eth0.
Jul 07 15:19:24 witherspoon avahi-daemon[935]: Host name conflict, retrying with witherspoon-14
Jul 07 15:19:24 witherspoon avahi-daemon[935]: Registering new address record for fe80::72e2:84ff:fe14:23e1 on eth0.*.
Jul 07 15:19:24 witherspoon avahi-daemon[935]: Registering new address record for 9.3.86.161 on eth0.IPv4.
Jul 07 15:19:25 witherspoon avahi-daemon[935]: Withdrawing address record for 9.3.86.161 on eth0.
Jul 07 15:19:25 witherspoon avahi-daemon[935]: Host name conflict, retrying with witherspoon-15
Jul 07 15:19:25 witherspoon avahi-daemon[935]: Registering new address record for fe80::72e2:84ff:fe14:23e1 on eth0.*.
Jul 07 15:19:25 witherspoon avahi-daemon[935]: Registering new address record for 9.3.86.161 on eth0.IPv4.
Jul 07 15:19:25 witherspoon avahi-daemon[935]: Withdrawing address record for 9.3.86.161 on eth0.
Jul 07 15:19:25 witherspoon avahi-daemon[935]: Host name conflict, retrying with witherspoon-16
Jul 07 15:19:25 witherspoon avahi-daemon[935]: Registering new address record for fe80::72e2:84ff:fe14:23e1 on eth0.*.
Jul 07 15:19:25 witherspoon avahi-daemon[935]: Registering new address record for 9.3.86.161 on eth0.IPv4.
Jul 07 15:19:31 witherspoon phosphor-gevent[998]: ::6059:6276:8e91:f402%1995266844 - - [2017-07-07 15:19:31] "POST /login HTTP/1.1" 200 320 0.033528
Jul 07 15:19:31 witherspoon phosphor-gevent[998]: ::6059:6276:8e91:f402%1995266844 - - [2017-07-07 15:19:31] "GET /org/openbmc/control/flash/bios HTTP/1.1" 200 400 0.068510
Jul 07 15:19:41 witherspoon phosphor-gevent[998]: ::6059:6276:8e91:f402%1995266844 - - [2017-07-07 15:19:41] "POST /login HTTP/1.1" 200 320 0.032747
Jul 07 15:19:41 witherspoon phosphor-gevent[998]: ::6059:6276:8e91:f402%1995266844 - - [2017-07-07 15:19:41] "GET /org/openbmc/control/flash/bios HTTP/1.1" 200 401 0.068230
Jul 07 15:19:48 witherspoon avahi-daemon[935]: Withdrawing address record for 9.3.86.161 on eth0.
Jul 07 15:19:48 witherspoon avahi-daemon[935]: Host name conflict, retrying with witherspoon-17
Jul 07 15:19:48 witherspoon avahi-daemon[935]: Registering new address record for fe80::72e2:84ff:fe14:23e1 on eth0.*.
Jul 07 15:19:48 witherspoon avahi-daemon[935]: Registering new address record for 9.3.86.161 on eth0.IPv4.
Jul 07 15:19:52 witherspoon phosphor-gevent[998]: ::6059:6276:8e91:f402%1995266844 - - [2017-07-07 15:19:52] "POST /login HTTP/1.1" 200 320 0.032753
Jul 07 15:19:52 witherspoon phosphor-gevent[998]: ::6059:6276:8e91:f402%1995266844 - - [2017-07-07 15:19:52] "GET /org/openbmc/control/flash/bios HTTP/1.1" 200 401 0.068352
Jul 07 15:20:02 witherspoon phosphor-gevent[998]: ::6059:6276:8e91:f402%1995266844 - - [2017-07-07 15:20:02] "POST /login HTTP/1.1" 200 320 0.039016
Jul 07 15:20:02 witherspoon phosphor-gevent[998]: ::6059:6276:8e91:f402%1995266844 - - [2017-07-07 15:20:02] "GET /org/openbmc/control/flash/bios HTTP/1.1" 200 401 0.068348
Jul 07 15:20:09 witherspoon avahi-daemon[935]: Withdrawing address record for 9.3.86.161 on eth0.
Jul 07 15:20:09 witherspoon avahi-daemon[935]: Host name conflict, retrying with witherspoon-18
Jul 07 15:20:09 witherspoon avahi-daemon[935]: Registering new address record for fe80::72e2:84ff:fe14:23e1 on eth0.*.
Jul 07 15:20:09 witherspoon avahi-daemon[935]: Registering new address record for 9.3.86.161 on eth0.IPv4.
Jul 07 15:20:12 witherspoon phosphor-gevent[998]: ::6059:6276:8e91:f402%1995266844 - - [2017-07-07 15:20:12] "POST /login HTTP/1.1" 200 320 0.032561
Jul 07 15:20:12 witherspoon phosphor-gevent[998]: ::6059:6276:8e91:f402%1995266844 - - [2017-07-07 15:20:12] "GET /org/openbmc/control/flash/bios HTTP/1.1" 200 401 0.068665
Jul 07 15:20:22 witherspoon phosphor-gevent[998]: ::6059:6276:8e91:f402%1995266844 - - [2017-07-07 15:20:22] "POST /login HTTP/1.1" 200 320 0.033441
Jul 07 15:20:23 witherspoon phosphor-gevent[998]: ::6059:6276:8e91:f402%1995266844 - - [2017-07-07 15:20:23] "GET /org/openbmc/control/flash/bios HTTP/1.1" 200 401 0.067894
Jul 07 15:20:28 witherspoon flash_bios.exe[1003]: Erasing... (may take a while !) done !
Jul 07 15:20:28 witherspoon flash_bios.exe[1003]: About to program "/tmp/witherspoon_20170628n.pnor" at 0x00000000..0x04000000 !
Jul 07 15:20:28 witherspoon flash_bios.exe[1003]: Programming & Verifying...
Jul 07 15:20:28 witherspoon flash_bios.exe[1003]: Flash done
Jul 07 15:20:29 witherspoon avahi-daemon[935]: Withdrawing address record for 9.3.86.161 on eth0.
Jul 07 15:20:29 witherspoon avahi-daemon[935]: Host name conflict, retrying with witherspoon-19
Jul 07 15:20:29 witherspoon avahi-daemon[935]: Registering new address record for fe80::72e2:84ff:fe14:23e1 on eth0.*.
Jul 07 15:20:29 witherspoon avahi-daemon[935]: Registering new address record for 9.3.86.161 on eth0.IPv4.
Jul 07 15:20:33 witherspoon phosphor-gevent[998]: ::6059:6276:8e91:f402%1995266844 - - [2017-07-07 15:20:33] "POST /login HTTP/1.1" 200 320 0.032997
Jul 07 15:20:33 witherspoon phosphor-gevent[998]: ::6059:6276:8e91:f402%1995266844 - - [2017-07-07 15:20:33] "GET /org/openbmc/control/flash/bios HTTP/1.1" 200 398 0.068083
Jul 07 15:20:33 witherspoon systemd[1]: Started SSH Per-Connection Server (9.41.165.94:39514).
Jul 07 15:20:33 witherspoon dropbear[1119]: Failed loading /etc/dropbear/dropbear_dss_host_key
Jul 07 15:20:33 witherspoon dropbear[1119]: Failed loading /etc/dropbear/dropbear_ecdsa_host_key
Jul 07 15:20:33 witherspoon dropbear[1119]: Child connection from ::ffff:9.41.165.94:39514
Jul 07 15:20:34 witherspoon dropbear[1119]: PAM password auth succeeded for 'root' from ::ffff:9.41.165.94:39514
Jul 07 15:20:34 witherspoon dropbear[1120]: lastlog_perform_login: Couldn't stat /var/log/lastlog: No such file or directory
Jul 07 15:20:34 witherspoon dropbear[1120]: lastlog_openseek: /var/log/lastlog is not a file or directory!
Jul 07 15:20:35 witherspoon phosphor-gevent[998]: ::6059:6276:8e91:f402%1995266844 - - [2017-07-07 15:20:35] "POST /login HTTP/1.1" 200 320 0.048468
Jul 07 15:20:35 witherspoon phosphor-gevent[998]: ::6059:6276:8e91:f402%1995266844 - - [2017-07-07 15:20:35] "GET /xyz/openbmc_project/state/host0//attr/CurrentHostState HTTP/1.1" 200 212 0.071340
Jul 07 15:20:35 witherspoon systemd[1]: Created slice system-obmc\x2dconsole\x2dssh.slice.
Jul 07 15:20:35 witherspoon systemd[1]: Started Phosphor Host Console SSH Per-Connection (9.41.165.94:34798).
Jul 07 15:20:35 witherspoon dropbear[1124]: Failed loading /etc/dropbear/dropbear_dss_host_key
Jul 07 15:20:35 witherspoon dropbear[1124]: Failed loading /etc/dropbear/dropbear_ecdsa_host_key
Jul 07 15:20:35 witherspoon dropbear[1124]: Child connection from ::ffff:9.41.165.94:34798
Jul 07 15:20:36 witherspoon dropbear[1124]: PAM password auth succeeded for 'root' from ::ffff:9.41.165.94:34798
Jul 07 15:20:36 witherspoon dropbear[1125]: lastlog_perform_login: Couldn't stat /var/log/lastlog: No such file or directory
Jul 07 15:20:36 witherspoon dropbear[1125]: lastlog_openseek: /var/log/lastlog is not a file or directory!
Jul 07 15:20:36 witherspoon phosphor-gevent[998]: ::6059:6276:8e91:f402%1995266844 - - [2017-07-07 15:20:36] "POST /login HTTP/1.1" 200 320 0.042001
Jul 07 15:20:36 witherspoon phosphor-gevent[998]: ::6059:6276:8e91:f402%1995266844 - - [2017-07-07 15:20:36] "PUT /org/openbmc/settings/host0/attr/power_policy HTTP/1.1" 200 169 0.257985
Jul 07 15:20:37 witherspoon phosphor-gevent[998]: ::6059:6276:8e91:f402%1995266844 - - [2017-07-07 15:20:37] "POST /login HTTP/1.1" 200 320 0.032937
Jul 07 15:20:37 witherspoon phosphor-gevent[998]: ::6059:6276:8e91:f402%1995266844 - - [2017-07-07 15:20:37] "GET /org/openbmc/settings/host0/attr/power_policy HTTP/1.1" 200 185 0.086137
Jul 07 15:20:37 witherspoon systemd[1]: Started SSH Per-Connection Server (9.41.165.94:39526).
Jul 07 15:20:37 witherspoon dropbear[1126]: Failed loading /etc/dropbear/dropbear_dss_host_key
Jul 07 15:20:37 witherspoon dropbear[1126]: Failed loading /etc/dropbear/dropbear_ecdsa_host_key
Jul 07 15:20:37 witherspoon dropbear[1126]: Child connection from ::ffff:9.41.165.94:39526
Jul 07 15:20:37 witherspoon dropbear[1126]: PAM password auth succeeded for 'root' from ::ffff:9.41.165.94:39526
Jul 07 15:20:37 witherspoon dropbear[1127]: lastlog_perform_login: Couldn't stat /var/log/lastlog: No such file or directory
Jul 07 15:20:37 witherspoon dropbear[1127]: lastlog_openseek: /var/log/lastlog is not a file or directory!
Jul 07 15:20:39 witherspoon phosphor-gevent[998]: ::6059:6276:8e91:f402%1995266844 - - [2017-07-07 15:20:39] "POST /login HTTP/1.1" 200 320 0.040857
Jul 07 15:20:39 witherspoon phosphor-gevent[998]: ::6059:6276:8e91:f402%1995266844 - - [2017-07-07 15:20:39] "GET /xyz/openbmc_project/state/chassis0//attr/CurrentPowerState HTTP/1.1" 200 216 0.051395
Jul 07 15:20:39 witherspoon phosphor-gevent[998]: ::6059:6276:8e91:f402%1995266844 - - [2017-07-07 15:20:39] "POST /login HTTP/1.1" 200 320 0.042955
Jul 07 15:20:39 witherspoon phosphor-gevent[998]: ::6059:6276:8e91:f402%1995266844 - - [2017-07-07 15:20:39] "GET /xyz/openbmc_project/state/bmc0//attr/CurrentBMCState HTTP/1.1" 200 212 0.049730
Jul 07 15:20:39 witherspoon phosphor-gevent[998]: ::6059:6276:8e91:f402%1995266844 - - [2017-07-07 15:20:39] "POST /login HTTP/1.1" 200 320 0.035675
Jul 07 15:20:39 witherspoon phosphor-gevent[998]: ::6059:6276:8e91:f402%1995266844 - - [2017-07-07 15:20:39] "GET /org/openbmc/sensors/host/BootProgress/attr/value HTTP/1.1" 200 170 0.053331
Jul 07 15:20:40 witherspoon phosphor-gevent[998]: ::6059:6276:8e91:f402%1995266844 - - [2017-07-07 15:20:40] "POST /login HTTP/1.1" 200 320 0.036491
Jul 07 15:20:40 witherspoon phosphor-gevent[998]: ::6059:6276:8e91:f402%1995266844 - - [2017-07-07 15:20:40] "GET /xyz/openbmc_project/state/host0//attr/CurrentHostState HTTP/1.1" 200 212 0.065480
Jul 07 15:20:40 witherspoon phosphor-gevent[998]: ::6059:6276:8e91:f402%1995266844 - - [2017-07-07 15:20:40] "POST /login HTTP/1.1" 200 320 0.036184
Jul 07 15:20:40 witherspoon phosphor-host-state-manager[1032]: Host State transaction request
Jul 07 15:20:40 witherspoon systemd[1]: Created slice system-phosphor\x2dfan\x2dcontrol\x2dinit.slice.
Jul 07 15:20:40 witherspoon systemd[1]: Created slice system-fsi\x2dbind.slice.
Jul 07 15:20:40 witherspoon systemd[1]: Created slice system-vcs_on.slice.
Jul 07 15:20:40 witherspoon systemd[1]: Created slice system-avsbus\x2denable.slice.
Jul 07 15:20:40 witherspoon systemd[1]: Created slice system-op\x2dwait\x2dpower\x2don.slice.
Jul 07 15:20:40 witherspoon systemd[1]: Created slice system-pcie\x2dslot\x2ddetect.slice.
Jul 07 15:20:40 witherspoon systemd[1]: Starting Wait for /org/openbmc/control/chassis0...
Jul 07 15:20:40 witherspoon systemd[1]: Created slice system-ucd_disable_vcs.slice.
Jul 07 15:20:40 witherspoon systemd[1]: Starting Disable UCD VCS rails...
Jul 07 15:20:40 witherspoon systemd[1]: Created slice system-ir35221\x2don\x2dunbind.slice.
Jul 07 15:20:40 witherspoon systemd[1]: Starting power on mode unbind ir35221 device driver devs...
Jul 07 15:20:40 witherspoon systemd[1]: Created slice system-vcs_off.slice.
Jul 07 15:20:40 witherspoon systemd[1]: Starting Wait for /xyz/openbmc_project/watchdog/host0...
Jul 07 15:20:40 witherspoon systemd[1]: Created slice system-phosphor\x2dwatchdog.slice.
Jul 07 15:20:40 witherspoon systemd[1]: Created slice system-cfam_override.slice.
Jul 07 15:20:41 witherspoon phosphor-gevent[998]: ::6059:6276:8e91:f402%1995266844 - - [2017-07-07 15:20:41] "PUT /xyz/openbmc_project/state/host0//attr/RequestedHostTransition HTTP/1.1" 200 169 0.588421
Jul 07 15:20:41 witherspoon systemd[1]: Starting Witherspoon Fan Watchdog Reset...
Jul 07 15:20:41 witherspoon systemd[1]: Created slice system-obmc\x2denable\x2dhost\x2dwatchdog.slice.
Jul 07 15:20:41 witherspoon systemd[1]: Created slice system-vrm\x2dcontrol.slice.
Jul 07 15:20:41 witherspoon systemd[1]: Created slice system-fsi\x2dscan.slice.
Jul 07 15:20:41 witherspoon systemd[1]: Created slice system-phosphor\x2dgpio\x2dmonitor.slice.
Jul 07 15:20:41 witherspoon systemd[1]: Created slice system-op\x2dpower\x2dstart.slice.
Jul 07 15:20:41 witherspoon systemd[1]: Starting Wait for Power0 to turn on...
Jul 07 15:20:41 witherspoon systemd[1]: Created slice system-phosphor\x2dfan\x2dpresence\x2dtach.slice.
Jul 07 15:20:41 witherspoon systemd[1]: Created slice system-start_host.slice.
Jul 07 15:20:41 witherspoon systemd[1]: Created slice system-vcs_workaround.slice.
Jul 07 15:20:41 witherspoon systemd[1]: Started Phosphor poweron watchdog.
Jul 07 15:20:42 witherspoon phosphor-gevent[998]: ::6059:6276:8e91:f402%1995266844 - - [2017-07-07 15:20:41] "POST /login HTTP/1.1" 200 320 0.033002
Jul 07 15:20:41 witherspoon systemd[1]: Starting Wait for /xyz/openbmc_project/led/groups/power_on...
