-- Logs begin at Wed 2017-09-13 21:27:23 UTC, end at Wed 2017-09-13 21:41:17 UTC. --
Sep 13 21:27:23 witherspoon kernel: Booting Linux on physical CPU 0x0
Sep 13 21:27:23 witherspoon kernel: Linux version 4.10.17-b95f53ea200a6573035a25ab6ddebe917635eeb6 (jenkins@openbmc-builder1) (gcc version 6.2.0 (GCC) ) #1 Wed Sep 13 13:59:00 UTC 2017
Sep 13 21:27:23 witherspoon kernel: CPU: ARMv6-compatible processor [410fb767] revision 7 (ARMv7), cr=00c5387d
Sep 13 21:27:23 witherspoon kernel: CPU: PIPT / VIPT nonaliasing data cache, VIPT nonaliasing instruction cache
Sep 13 21:27:23 witherspoon kernel: OF: fdt:Machine model: Witherspoon BMC
Sep 13 21:27:23 witherspoon kernel: Memory policy: Data cache writeback
Sep 13 21:27:23 witherspoon kernel: SOC Rev: 04030303
Sep 13 21:27:23 witherspoon kernel: On node 0 totalpages: 110592
Sep 13 21:27:23 witherspoon kernel: free_area_init_node: node 0, pgdat 80601864, node_mem_map 9ec1a000
Sep 13 21:27:23 witherspoon kernel:   Normal zone: 992 pages used for memmap
Sep 13 21:27:23 witherspoon kernel:   Normal zone: 0 pages reserved
Sep 13 21:27:23 witherspoon kernel:   Normal zone: 110592 pages, LIFO batch:31
Sep 13 21:27:23 witherspoon kernel: pcpu-alloc: s0 r0 d32768 u32768 alloc=1*32768
Sep 13 21:27:23 witherspoon kernel: pcpu-alloc: [0] 0 
Sep 13 21:27:23 witherspoon kernel: Built 1 zonelists in Zone order, mobility grouping on.  Total pages: 109600
Sep 13 21:27:23 witherspoon kernel: Kernel command line: console=ttyS4,115200n8 root=/dev/ram rw
Sep 13 21:27:23 witherspoon kernel: PID hash table entries: 2048 (order: 1, 8192 bytes)
Sep 13 21:27:23 witherspoon kernel: Dentry cache hash table entries: 65536 (order: 6, 262144 bytes)
Sep 13 21:27:23 witherspoon kernel: Inode-cache hash table entries: 32768 (order: 5, 131072 bytes)
Sep 13 21:27:23 witherspoon kernel: Memory: 430416K/442368K available (4075K kernel code, 281K rwdata, 1196K rodata, 280K init, 111K bss, 11952K reserved, 0K cma-reserved)
Sep 13 21:27:23 witherspoon kernel: Virtual kernel memory layout:
                                        vector  : 0xffff0000 - 0xffff1000   (   4 kB)
                                        fixmap  : 0xffc00000 - 0xfff00000   (3072 kB)
                                        vmalloc : 0x9f800000 - 0xff800000   (1536 MB)
                                        lowmem  : 0x80000000 - 0x9f000000   ( 496 MB)
                                          .text : 0x80008000 - 0x80402f80   (4076 kB)
                                          .init : 0x80588000 - 0x805ce000   ( 280 kB)
                                          .data : 0x805ce000 - 0x80614710   ( 282 kB)
                                           .bss : 0x80614710 - 0x806305b8   ( 112 kB)
Sep 13 21:27:23 witherspoon kernel: NR_IRQS:16 nr_irqs:16 16
Sep 13 21:27:23 witherspoon kernel: i2c controller registered, irq 16
Sep 13 21:27:23 witherspoon kernel: clocksource: moxart_timer: mask: 0xffffffff max_cycles: 0xffffffff, max_idle_ns: 77222644334 ns
Sep 13 21:27:23 witherspoon kernel: sched_clock: 32 bits at 100 Hz, resolution 10000000ns, wraps every 21474836475000000ns
Sep 13 21:27:23 witherspoon kernel: Calibrating delay loop... 789.70 BogoMIPS (lpj=3948544)
Sep 13 21:27:23 witherspoon kernel: pid_max: default: 32768 minimum: 301
Sep 13 21:27:23 witherspoon kernel: Mount-cache hash table entries: 1024 (order: 0, 4096 bytes)
Sep 13 21:27:23 witherspoon kernel: Mountpoint-cache hash table entries: 1024 (order: 0, 4096 bytes)
Sep 13 21:27:23 witherspoon kernel: CPU: Testing write buffer coherency: ok
Sep 13 21:27:23 witherspoon kernel: ftrace: allocating 14978 entries in 44 pages
Sep 13 21:27:23 witherspoon kernel: Setting up static identity map for 0x80008200 - 0x8000825c
Sep 13 21:27:23 witherspoon kernel: devtmpfs: initialized
Sep 13 21:27:23 witherspoon kernel: clocksource: jiffies: mask: 0xffffffff max_cycles: 0xffffffff, max_idle_ns: 19112604462750000 ns
Sep 13 21:27:23 witherspoon kernel: futex hash table entries: 256 (order: -1, 3072 bytes)
Sep 13 21:27:23 witherspoon kernel: pinctrl core: initialized pinctrl subsystem
Sep 13 21:27:23 witherspoon kernel: NET: Registered protocol family 16
Sep 13 21:27:23 witherspoon kernel: DMA: preallocated 256 KiB pool for atomic coherent allocations
Sep 13 21:27:23 witherspoon kernel: usbcore: registered new interface driver usbfs
Sep 13 21:27:23 witherspoon kernel: usbcore: registered new interface driver hub
Sep 13 21:27:23 witherspoon kernel: usbcore: registered new device driver usb
Sep 13 21:27:23 witherspoon kernel: clocksource: Switched to clocksource moxart_timer
Sep 13 21:27:23 witherspoon kernel: NET: Registered protocol family 2
Sep 13 21:27:23 witherspoon kernel: TCP established hash table entries: 4096 (order: 2, 16384 bytes)
Sep 13 21:27:23 witherspoon kernel: TCP bind hash table entries: 4096 (order: 2, 16384 bytes)
Sep 13 21:27:23 witherspoon kernel: TCP: Hash tables configured (established 4096 bind 4096)
Sep 13 21:27:23 witherspoon kernel: UDP hash table entries: 256 (order: 0, 4096 bytes)
Sep 13 21:27:23 witherspoon kernel: UDP-Lite hash table entries: 256 (order: 0, 4096 bytes)
Sep 13 21:27:23 witherspoon kernel: NET: Registered protocol family 1
Sep 13 21:27:23 witherspoon kernel: Trying to unpack rootfs image as initramfs...
Sep 13 21:27:23 witherspoon kernel: Freeing initrd memory: 1548K
Sep 13 21:27:23 witherspoon kernel: workingset: timestamp_bits=30 max_order=17 bucket_order=0
Sep 13 21:27:23 witherspoon kernel: squashfs: version 4.0 (2009/01/31) Phillip Lougher
Sep 13 21:27:23 witherspoon kernel: jffs2: version 2.2. (SUMMARY)  © 2001-2006 Red Hat, Inc.
Sep 13 21:27:23 witherspoon kernel: Block layer SCSI generic (bsg) driver version 0.4 loaded (major 250)
Sep 13 21:27:23 witherspoon kernel: io scheduler noop registered
Sep 13 21:27:23 witherspoon kernel: io scheduler deadline registered
Sep 13 21:27:23 witherspoon kernel: io scheduler cfq registered (default)
Sep 13 21:27:23 witherspoon kernel: ipmi-bt-host 1e789140.ibt: Found bt bmc device
Sep 13 21:27:23 witherspoon kernel: ipmi-bt-host 1e789140.ibt: Using IRQ 22
Sep 13 21:27:23 witherspoon kernel: Serial: 8250/16550 driver, 6 ports, IRQ sharing enabled
Sep 13 21:27:23 witherspoon kernel: 1e787000.vuart: ttyS5 at MMIO 0x1e787000 (irq = 22, base_baud = 1500000) is a 16550A
Sep 13 21:27:23 witherspoon kernel: 1e783000.serial: ttyS0 at MMIO 0x1e783000 (irq = 23, base_baud = 1500000) is a 16550A
Sep 13 21:27:23 witherspoon kernel: 1e78d000.serial: ttyS1 at MMIO 0x1e78d000 (irq = 24, base_baud = 1500000) is a 16550A
Sep 13 21:27:23 witherspoon kernel: 1e784000.serial: ttyS4 at MMIO 0x1e784000 (irq = 25, base_baud = 1500000) is a 16550A
Sep 13 21:27:23 witherspoon kernel: console [ttyS4] enabled
Sep 13 21:27:23 witherspoon kernel: timeriomem_rng 1e6e2078.hwrng: 32bits from 0xf00e2078 @ 1us
Sep 13 21:27:23 witherspoon kernel: random: fast init done
Sep 13 21:27:23 witherspoon kernel: brd: module loaded
Sep 13 21:27:23 witherspoon kernel: random: crng init done
Sep 13 21:27:23 witherspoon kernel: loop: module loaded
Sep 13 21:27:23 witherspoon kernel: aspeed-lpc-ctrl 1e789080.lpc-ctrl: Loaded at 0x98000000 (0x04000000)
Sep 13 21:27:23 witherspoon kernel: aspeed-smc 1e620000.flash-controller: Using IRQ 18
Sep 13 21:27:23 witherspoon kernel: aspeed-smc 1e620000.flash-controller: DMA support disabled.
Sep 13 21:27:23 witherspoon kernel: aspeed-smc 1e620000.flash-controller: mx25l25635e (32768 Kbytes)
Sep 13 21:27:23 witherspoon kernel: aspeed-smc 1e620000.flash-controller: CE0 window [ 0x20000000 - 0x22000000 ] 32MB
Sep 13 21:27:23 witherspoon kernel: aspeed-smc 1e620000.flash-controller: CE1 window [ 0x22000000 - 0x2a000000 ] 128MB
Sep 13 21:27:23 witherspoon kernel: 5 ofpart partitions found on MTD device bmc
Sep 13 21:27:23 witherspoon kernel: Creating 5 MTD partitions on "bmc":
Sep 13 21:27:23 witherspoon kernel: 0x000000000000-0x000000060000 : "u-boot"
Sep 13 21:27:23 witherspoon kernel: 0x000000060000-0x000000080000 : "u-boot-env"
Sep 13 21:27:23 witherspoon kernel: 0x000000080000-0x0000004c0000 : "kernel"
Sep 13 21:27:23 witherspoon kernel: 0x0000004c0000-0x000001c00000 : "rofs"
Sep 13 21:27:23 witherspoon kernel: 0x000001c00000-0x000002000000 : "rwfs"
Sep 13 21:27:23 witherspoon kernel: aspeed-smc 1e620000.flash-controller: mx25l25635e (32768 Kbytes)
Sep 13 21:27:23 witherspoon kernel: aspeed-smc 1e620000.flash-controller: CE1 window [ 0x22000000 - 0x24000000 ] 32MB
Sep 13 21:27:23 witherspoon kernel: aspeed-smc 1e620000.flash-controller: CE2 window [ 0x24000000 - 0x2c000000 ] 128MB
Sep 13 21:27:23 witherspoon kernel: aspeed-smc 1e630000.flash-controller: mx66l1g45g (131072 Kbytes)
Sep 13 21:27:23 witherspoon kernel: aspeed-smc 1e630000.flash-controller: CE0 window resized to 120MB (AST2500 HW quirk)
Sep 13 21:27:23 witherspoon kernel: aspeed-smc 1e630000.flash-controller: CE0 window [ 0x30000000 - 0x37800000 ] 120MB
Sep 13 21:27:23 witherspoon kernel: aspeed-smc 1e630000.flash-controller: CE0 window too small for chip 128MB
Sep 13 21:27:23 witherspoon kernel: aspeed-smc 1e630000.flash-controller: CE1 window [ 0x37800000 - 0x38000000 ] 8MB
Sep 13 21:27:23 witherspoon kernel: libphy: Fixed MDIO Bus: probed
Sep 13 21:27:23 witherspoon kernel: ftgmac100 1e660000.ethernet: Read MAC address 70:e2:84:14:23:e1 from chip
Sep 13 21:27:23 witherspoon kernel: ftgmac100 1e660000.ethernet: Using NCSI interface
Sep 13 21:27:23 witherspoon kernel: ftgmac100 1e660000.ethernet eth0: irq 20, mapped at f0060000
Sep 13 21:27:23 witherspoon kernel: ehci_hcd: USB 2.0 'Enhanced' Host Controller (EHCI) Driver
Sep 13 21:27:23 witherspoon kernel: ehci-platform: EHCI generic platform driver
Sep 13 21:27:23 witherspoon kernel:  fsi0: can't read slave 00:00 -5
Sep 13 21:27:23 witherspoon kernel: i2c /dev entries driver
Sep 13 21:27:23 witherspoon kernel: aspeed-i2c-bus 1e78a0c0.i2c-bus: i2c bus 2 registered, irq 26
Sep 13 21:27:23 witherspoon kernel: aspeed-i2c-bus 1e78a100.i2c-bus: i2c bus 3 registered, irq 27
Sep 13 21:27:23 witherspoon kernel: aspeed-i2c-bus 1e78a140.i2c-bus: i2c bus 4 registered, irq 28
Sep 13 21:27:23 witherspoon kernel: aspeed-i2c-bus 1e78a180.i2c-bus: i2c bus 5 registered, irq 29
Sep 13 21:27:23 witherspoon kernel: aspeed-i2c-bus 1e78a380.i2c-bus: i2c bus 9 registered, irq 30
Sep 13 21:27:23 witherspoon kernel: aspeed-i2c-bus 1e78a3c0.i2c-bus: i2c bus 10 registered, irq 31
Sep 13 21:27:23 witherspoon kernel: rtc-rv8803 11-0032: Voltage low, temperature compensation stopped.
Sep 13 21:27:23 witherspoon kernel: rtc-rv8803 11-0032: An alarm maybe have been missed.
Sep 13 21:27:23 witherspoon kernel: rtc-rv8803 11-0032: rtc core: registered rx8900 as rtc0
Sep 13 21:27:23 witherspoon kernel: at24 11-0051: 8192 byte 24c64 EEPROM, writable, 1 bytes/write
Sep 13 21:27:23 witherspoon kernel: aspeed-i2c-bus 1e78a400.i2c-bus: i2c bus 11 registered, irq 32
Sep 13 21:27:23 witherspoon kernel: aspeed-i2c-bus 1e78a440.i2c-bus: i2c bus 12 registered, irq 33
Sep 13 21:27:23 witherspoon kernel: aspeed-i2c-bus 1e78a480.i2c-bus: i2c bus 13 registered, irq 34
Sep 13 21:27:23 witherspoon kernel: Driver for 1-wire Dallas network protocol.
Sep 13 21:27:23 witherspoon kernel: lm75 9-004a: hwmon0: sensor 'tmp275'
Sep 13 21:27:23 witherspoon kernel: ucd9000 11-0064: Device ID UCD90160|2.3.4.0000|110603
Sep 13 21:27:23 witherspoon kernel: leds-pca955x 3-0060: leds-pca955x: Using pca9552 16-bit LED driver at slave address 0x60
Sep 13 21:27:23 witherspoon kernel: leds-pca955x 3-0060: gpios 264...279
Sep 13 21:27:23 witherspoon kernel: leds-pca955x 11-0060: leds-pca955x: Using pca9552 16-bit LED driver at slave address 0x60
Sep 13 21:27:23 witherspoon kernel: leds-pca955x 11-0060: gpios 248...263
Sep 13 21:27:23 witherspoon kernel: usbcore: registered new interface driver usbhid
Sep 13 21:27:23 witherspoon kernel: usbhid: USB HID core driver
Sep 13 21:27:23 witherspoon kernel: NET: Registered protocol family 10
Sep 13 21:27:23 witherspoon kernel: Segment Routing with IPv6
Sep 13 21:27:23 witherspoon kernel: NET: Registered protocol family 17
Sep 13 21:27:23 witherspoon kernel: 8021q: 802.1Q VLAN Support v1.8
Sep 13 21:27:23 witherspoon kernel: input: gpio-keys-polled as /devices/platform/gpio-keys-polled/input/input1
Sep 13 21:27:23 witherspoon kernel: console [netcon0] enabled
Sep 13 21:27:23 witherspoon kernel: netconsole: network logging started
Sep 13 21:27:23 witherspoon kernel: input: gpio-keys as /devices/platform/gpio-keys/input/input2
Sep 13 21:27:23 witherspoon kernel: rtc-rv8803 11-0032: setting system clock to 2017-09-13 21:27:16 UTC (1505338036)
Sep 13 21:27:23 witherspoon kernel: Freeing unused kernel memory: 280K
Sep 13 21:27:23 witherspoon kernel: This architecture does not have kernel memory protection.
Sep 13 21:27:23 witherspoon kernel: jffs2: notice: (539) jffs2_build_xattr_subsystem: complete building xattr subsystem, 0 of xdatum (0 unchecked, 0 orphan) and 0 of xref (0 dead, 0 orphan) found.
Sep 13 21:27:23 witherspoon systemd[1]: Failed to insert module 'autofs4': No such file or directory
Sep 13 21:27:23 witherspoon systemd[1]: systemd 232 running in system mode. (+PAM -AUDIT -SELINUX -IMA -APPARMOR -SMACK +SYSVINIT -UTMP -LIBCRYPTSETUP -GCRYPT -GNUTLS +ACL +XZ -LZ4 -SECCOMP +BLKID -ELFUTILS +KMOD -IDN)
Sep 13 21:27:23 witherspoon systemd[1]: Detected architecture arm.
Sep 13 21:27:23 witherspoon systemd[1]: Set hostname to <witherspoon>.
Sep 13 21:27:23 witherspoon systemd[1]: Listening on Network Service Netlink Socket.
Sep 13 21:27:23 witherspoon systemd[1]: Started Dispatch Password Requests to Console Directory Watch.
Sep 13 21:27:23 witherspoon systemd[1]: Reached target Swap.
Sep 13 21:27:23 witherspoon systemd[1]: Listening on Syslog Socket.
Sep 13 21:27:23 witherspoon systemd[1]: Listening on udev Kernel Socket.
Sep 13 21:27:23 witherspoon systemd[1]: Listening on /dev/initctl Compatibility Named Pipe.
Sep 13 21:27:23 witherspoon systemd[1]: Listening on udev Control Socket.
Sep 13 21:27:23 witherspoon systemd-journald[557]: Journal started
Sep 13 21:27:23 witherspoon systemd-journald[557]: Runtime journal (/run/log/journal/cc6e1404d87444e8a089dfdb00a18f7d) is 0B, max 0B, 0B free.
Sep 13 21:27:23 witherspoon systemd-sysctl[563]: Couldn't write '16' to 'kernel/sysrq', ignoring: No such file or directory
Sep 13 21:27:23 witherspoon systemd-sysctl[563]: Couldn't write 'fq_codel' to 'net/core/default_qdisc', ignoring: No such file or directory
Sep 13 21:27:25 witherspoon systemd[1]: Created slice system-phosphor\x2dcooling\x2dtype.slice.
Sep 13 21:27:25 witherspoon systemd[1]: Created slice system-op\x2dreset\x2dchassis\x2don.slice.
Sep 13 21:27:26 witherspoon systemd[1]: Mounted Debug File System.
Sep 13 21:27:26 witherspoon systemd[1]: Mounted Temporary Directory.
Sep 13 21:27:26 witherspoon systemd[1]: Started Journal Service.
Sep 13 21:27:26 witherspoon systemd[1]: Started Remount Root and Kernel File Systems.
Sep 13 21:27:26 witherspoon systemd[1]: Started Apply Kernel Variables.
Sep 13 21:27:27 witherspoon systemd[1]: Starting Create System Users...
Sep 13 21:27:27 witherspoon systemd[1]: Starting Flush Journal to Persistent Storage...
Sep 13 21:27:27 witherspoon systemd[1]: Started udev Coldplug all Devices.
Sep 13 21:27:27 witherspoon systemd[1]: Started Create System Users.
Sep 13 21:27:28 witherspoon systemd[1]: Starting Create Static Device Nodes in /dev...
Sep 13 21:27:28 witherspoon systemd-journald[557]: Runtime journal (/run/log/journal/cc6e1404d87444e8a089dfdb00a18f7d) is 0B, max 0B, 0B free.
Sep 13 21:27:28 witherspoon systemd[1]: Started Flush Journal to Persistent Storage.
Sep 13 21:27:28 witherspoon systemd[1]: Started Create Static Device Nodes in /dev.
Sep 13 21:27:29 witherspoon systemd[1]: Starting udev Kernel Device Manager...
Sep 13 21:27:29 witherspoon systemd[1]: Reached target Local File Systems (Pre).
Sep 13 21:27:29 witherspoon systemd[1]: Mounting /var/volatile...
Sep 13 21:27:29 witherspoon systemd[1]: Mounting /usr/local...
Sep 13 21:27:29 witherspoon systemd[1]: Mounted /usr/local.
Sep 13 21:27:29 witherspoon systemd[1]: Mounted /var/volatile.
Sep 13 21:27:29 witherspoon systemd[1]: Starting Load/Save Random Seed...
Sep 13 21:27:29 witherspoon systemd[1]: Reached target Local File Systems.
Sep 13 21:27:29 witherspoon systemd[1]: Starting Create Volatile Files and Directories...
Sep 13 21:27:29 witherspoon systemd[1]: Starting Rebuild Journal Catalog...
Sep 13 21:27:29 witherspoon systemd[1]: Started Load/Save Random Seed.
Sep 13 21:27:30 witherspoon systemd-tmpfiles[923]: "/var/tmp" already exists and is not a directory.
Sep 13 21:27:30 witherspoon systemd-tmpfiles[923]: "/var/log" already exists and is not a directory.
Sep 13 21:27:30 witherspoon systemd[1]: Started Create Volatile Files and Directories.
Sep 13 21:27:30 witherspoon systemd[1]: Starting Network Time Synchronization...
Sep 13 21:27:30 witherspoon systemd[1]: Started Rebuild Journal Catalog.
Sep 13 21:27:30 witherspoon systemd[1]: Starting Update is Completed...
Sep 13 21:27:30 witherspoon systemd[1]: Started Update is Completed.
Sep 13 21:27:30 witherspoon systemd[1]: Started udev Kernel Device Manager.
Sep 13 21:27:30 witherspoon systemd[1]: Started Network Time Synchronization.
Sep 13 21:27:30 witherspoon systemd[1]: Reached target System Time Synchronized.
Sep 13 21:27:31 witherspoon systemd[1]: Reached target System Initialization.
Sep 13 21:27:31 witherspoon systemd[1]: Started Daily Cleanup of Temporary Directories.
Sep 13 21:27:31 witherspoon systemd[1]: Reached target Timers.
Sep 13 21:27:31 witherspoon systemd[1]: Listening on Phosphor Webserver socket.
Sep 13 21:27:31 witherspoon systemd[1]: Listening on phosphor-ipmi-net.socket.
Sep 13 21:27:31 witherspoon systemd[1]: Listening on D-Bus System Message Bus Socket.
Sep 13 21:27:31 witherspoon systemd[1]: Listening on Phosphor Host Console SSH Per-Connection socket.
Sep 13 21:27:31 witherspoon systemd[1]: Listening on dropbear.socket.
Sep 13 21:27:31 witherspoon systemd[1]: Listening on Avahi mDNS/DNS-SD Stack Activation Socket.
Sep 13 21:27:31 witherspoon systemd[1]: Listening on Phosphor DBUS Browser socket.
Sep 13 21:27:31 witherspoon systemd[1]: Reached target Sockets.
Sep 13 21:27:31 witherspoon systemd[1]: Reached target Basic System.
Sep 13 21:27:31 witherspoon systemd[1]: Starting Clear one time boot overrides...
Sep 13 21:27:32 witherspoon systemd[1]: Starting Updates symlinks for active PNOR version...
Sep 13 21:27:32 witherspoon systemd[1]: Starting Phosphor Log Manager...
Sep 13 21:27:32 witherspoon systemd[1]: Starting Remount the squashfs and ubi volumes after a reboot...
Sep 13 21:27:32 witherspoon systemd[1]: Starting Phosphor Dump Manager...
Sep 13 21:27:32 witherspoon systemd[1]: Starting Phosphor Inventory Manager...
Sep 13 21:27:32 witherspoon systemd[1]: Starting Check PNOR UBI format...
Sep 13 21:27:32 witherspoon systemd[1]: Starting Phosphor Inventory Manager...
Sep 13 21:27:32 witherspoon systemd[1]: Reached target Containers.
Sep 13 21:27:32 witherspoon systemd[1]: Starting Phosphor Chassis0 Control...
Sep 13 21:27:32 witherspoon systemd[1]: Starting Phosphor DBus Service Discovery Manager...
Sep 13 21:27:32 witherspoon systemd[1]: Starting Remount the ubi volume after a reboot...
Sep 13 21:27:32 witherspoon systemd[1]: Started System Logging Service.
Sep 13 21:27:32 witherspoon systemd[1]: Starting Phosphor LED Group Management Daemon...
Sep 13 21:27:32 witherspoon systemd[1]: Started D-Bus System Message Bus.
Sep 13 21:27:34 witherspoon obmc-flash-bios[953]: ls: /media/pnor-ro-*: No such file or directory
Sep 13 21:27:35 witherspoon kernel: ubi7: default fastmap pool size: 100
Sep 13 21:27:35 witherspoon kernel: ubi7: default fastmap WL pool size: 50
Sep 13 21:27:35 witherspoon kernel: ubi7: attaching mtd7
Sep 13 21:27:35 witherspoon kernel: ubi7: scanning is finished
Sep 13 21:27:35 witherspoon kernel: ubi7: attached mtd7 (name "pnor", size 128 MiB)
Sep 13 21:27:35 witherspoon kernel: ubi7: PEB size: 65536 bytes (64 KiB), LEB size: 65408 bytes
Sep 13 21:27:35 witherspoon kernel: ubi7: min./max. I/O unit sizes: 1/256, sub-page size 1
Sep 13 21:27:35 witherspoon kernel: ubi7: VID header offset: 64 (aligned 64), data offset: 128
Sep 13 21:27:35 witherspoon kernel: ubi7: good PEBs: 2048, bad PEBs: 0, corrupted PEBs: 0
Sep 13 21:27:35 witherspoon kernel: ubi7: user volume: 5, internal volumes: 1, max. volumes count: 128
Sep 13 21:27:35 witherspoon kernel: ubi7: max/mean erase counter: 14/9, WL threshold: 4096, image sequence number: 91395301
Sep 13 21:27:35 witherspoon kernel: ubi7: available PEBs: 853, total reserved PEBs: 1195, PEBs reserved for bad PEB handling: 0
Sep 13 21:27:35 witherspoon kernel: ubi7: background thread "ubi_bgt7d" started, PID 997
Sep 13 21:27:37 witherspoon obmc-flash-bios[955]: UBI device number 7, total 2048 LEBs (133955584 bytes, 127.8 MiB), available 853 LEBs (55793024 bytes, 53.2 MiB), LEB size 65408 bytes (63.9 KiB)
Sep 13 21:27:37 witherspoon kernel: ubi0: default fastmap pool size: 25
Sep 13 21:27:37 witherspoon kernel: ubi0: default fastmap WL pool size: 12
Sep 13 21:27:37 witherspoon kernel: ubi0: attaching mtd0
Sep 13 21:27:37 witherspoon kernel: ubi0: scanning is finished
Sep 13 21:27:37 witherspoon kernel: ubi0 error: ubi_read_volume_table: the layout volume was not found
Sep 13 21:27:37 witherspoon kernel: ubi0 error: ubi_attach_mtd_dev: failed to attach mtd0, error -22
Sep 13 21:27:38 witherspoon obmc-flash-bmc[962]: ubinfo: error!: cannot get information about UBI device 0
Sep 13 21:27:38 witherspoon obmc-flash-bmc[962]:         error 2 (No such file or directory)
Sep 13 21:27:41 witherspoon systemd[1]: Started Phosphor Inventory Manager.
Sep 13 21:27:41 witherspoon systemd[1]: Started Phosphor LED Group Management Daemon.
Sep 13 21:27:41 witherspoon systemd[1]: Started Phosphor Log Manager.
Sep 13 21:27:41 witherspoon systemd[1]: Starting Network Service...
Sep 13 21:27:41 witherspoon systemd[1]: Starting Phosphor IPMI BT DBus Bridge...
Sep 13 21:27:41 witherspoon systemd[1]: Starting Phosphor Sensor Manager...
Sep 13 21:27:41 witherspoon systemd[1]: Starting Phosphor Network Manager...
Sep 13 21:27:41 witherspoon systemd[1]: Started Kernel Logging Service.
Sep 13 21:27:41 witherspoon systemd[1]: Starting Avahi mDNS/DNS-SD Stack...
Sep 13 21:27:41 witherspoon systemd[1]: Starting Phosphor User Manager...
Sep 13 21:27:41 witherspoon systemd[1]: Starting Phosphor BMC0 Control...
Sep 13 21:27:41 witherspoon systemd[1]: Starting Phosphor Download Manager...
Sep 13 21:27:41 witherspoon systemd[1]: Started Hardware RNG Entropy Gatherer Daemon.
Sep 13 21:27:41 witherspoon systemd[1]: Starting Phosphor Download Manager...
Sep 13 21:27:41 witherspoon systemd[1]: Starting Phosphor Settings Daemon...
Sep 13 21:27:41 witherspoon systemd[1]: Started Phosphor Dump core monitor..
Sep 13 21:27:41 witherspoon systemd[1]: Mounting /var/lib/systemd/coredump...
Sep 13 21:27:41 witherspoon systemd[1]: Mounted /var/lib/systemd/coredump.
Sep 13 21:27:41 witherspoon kernel[1019]: klogd started: BusyBox v1.24.1 (2017-06-16 19:29:08 UTC)
Sep 13 21:27:41 witherspoon kernel[1019]: [    0.000000] Booting Linux on physical CPU 0x0
Sep 13 21:27:41 witherspoon kernel[1019]: [    0.000000] Linux version 4.10.17-b95f53ea200a6573035a25ab6ddebe917635eeb6 (jenkins@openbmc-builder1) (gcc version 6.2.0 (GCC) ) #1 Wed Sep 13 13:59:00 UTC 2017
Sep 13 21:27:41 witherspoon kernel[1019]: [    0.000000] CPU: ARMv6-compatible processor [410fb767] revision 7 (ARMv7), cr=00c5387d
Sep 13 21:27:41 witherspoon kernel[1019]: [    0.000000] CPU: PIPT / VIPT nonaliasing data cache, VIPT nonaliasing instruction cache
Sep 13 21:27:42 witherspoon systemd[1]: Started Clear one time boot overrides.
Sep 13 21:27:41 witherspoon kernel[1019]: [    0.000000] OF: fdt:Machine model: Witherspoon BMC
Sep 13 21:27:42 witherspoon systemd[1]: Started Updates symlinks for active PNOR version.
Sep 13 21:27:41 witherspoon kernel[1019]: [    0.000000] Memory policy: Data cache writeback
Sep 13 21:27:42 witherspoon systemd[1]: Started Check PNOR UBI format.
Sep 13 21:27:41 witherspoon kernel[1019]: [    0.000000] SOC Rev: 04030303
Sep 13 21:27:41 witherspoon kernel[1019]: [    0.000000] On node 0 totalpages: 110592
Sep 13 21:27:41 witherspoon kernel[1019]: [    0.000000] free_area_init_node: node 0, pgdat 80601864, node_mem_map 9ec1a000
Sep 13 21:27:41 witherspoon kernel[1019]: [    0.000000]   Normal zone: 992 pages used for memmap
Sep 13 21:27:41 witherspoon kernel[1019]: [    0.000000]   Normal zone: 0 pages reserved
Sep 13 21:27:42 witherspoon systemd[1]: Started Remount the ubi volume after a reboot.
Sep 13 21:27:41 witherspoon kernel[1019]: [    0.000000]   Normal zone: 110592 pages, LIFO batch:31
Sep 13 21:27:41 witherspoon kernel[1019]: [    0.000000] pcpu-alloc: s0 r0 d32768 u32768 alloc=1*32768
Sep 13 21:27:41 witherspoon kernel[1019]: [    0.000000] pcpu-alloc: [0] 0
Sep 13 21:27:41 witherspoon kernel[1019]: [    0.000000] Built 1 zonelists in Zone order, mobility grouping on.  Total pages: 109600
Sep 13 21:27:41 witherspoon kernel[1019]: [    0.000000] Kernel command line: console=ttyS4,115200n8 root=/dev/ram rw
Sep 13 21:27:41 witherspoon kernel[1019]: [    0.000000] PID hash table entries: 2048 (order: 1, 8192 bytes)
Sep 13 21:27:41 witherspoon kernel[1019]: [    0.000000] Dentry cache hash table entries: 65536 (order: 6, 262144 bytes)
Sep 13 21:27:41 witherspoon kernel[1019]: [    0.000000] Inode-cache hash table entries: 32768 (order: 5, 131072 bytes)
Sep 13 21:27:41 witherspoon kernel[1019]: [    0.000000] Memory: 430416K/442368K available (4075K kernel code, 281K rwdata, 1196K rodata, 280K init, 111K bss, 11952K reserved, 0K cma-reserved)
Sep 13 21:27:41 witherspoon kernel[1019]: [    0.000000] Virtual kernel memory layout:
Sep 13 21:27:41 witherspoon kernel[1019]: [    0.000000]     vector  : 0xffff0000 - 0xffff1000   (   4 kB)
Sep 13 21:27:41 witherspoon kernel[1019]: [    0.000000]     fixmap  : 0xffc00000 - 0xfff00000   (3072 kB)
Sep 13 21:27:41 witherspoon kernel[1019]: [    0.000000]     vmalloc : 0x9f800000 - 0xff800000   (1536 MB)
Sep 13 21:27:41 witherspoon kernel[1019]: [    0.000000]     lowmem  : 0x80000000 - 0x9f000000   ( 496 MB)
Sep 13 21:27:41 witherspoon kernel[1019]: [    0.000000]       .text : 0x80008000 - 0x80402f80   (4076 kB)
Sep 13 21:27:41 witherspoon kernel[1019]: [    0.000000]       .init : 0x80588000 - 0x805ce000   ( 280 kB)
Sep 13 21:27:41 witherspoon kernel[1019]: [    0.000000]       .data : 0x805ce000 - 0x80614710   ( 282 kB)
Sep 13 21:27:41 witherspoon kernel[1019]: [    0.000000]        .bss : 0x80614710 - 0x806305b8   ( 112 kB)
Sep 13 21:27:41 witherspoon kernel[1019]: [    0.000000] NR_IRQS:16 nr_irqs:16 16
Sep 13 21:27:41 witherspoon kernel[1019]: [    0.000000] i2c controller registered, irq 16
Sep 13 21:27:41 witherspoon kernel[1019]: [    0.000000] clocksource: moxart_timer: mask: 0xffffffff max_cycles: 0xffffffff, max_idle_ns: 77222644334 ns
Sep 13 21:27:41 witherspoon kernel[1019]: [    0.000000] sched_clock: 32 bits at 100 Hz, resolution 10000000ns, wraps every 21474836475000000ns
Sep 13 21:27:41 witherspoon kernel[1019]: [    0.090000] Calibrating delay loop... 789.70 BogoMIPS (lpj=3948544)
Sep 13 21:27:41 witherspoon kernel[1019]: [    0.090000] pid_max: default: 32768 minimum: 301
Sep 13 21:27:41 witherspoon kernel[1019]: [    0.090000] Mount-cache hash table entries: 1024 (order: 0, 4096 bytes)
Sep 13 21:27:41 witherspoon kernel[1019]: [    0.090000] Mountpoint-cache hash table entries: 1024 (order: 0, 4096 bytes)
Sep 13 21:27:41 witherspoon kernel[1019]: [    0.090000] CPU: Testing write buffer coherency: ok
Sep 13 21:27:41 witherspoon kernel[1019]: [    0.090000] ftrace: allocating 14978 entries in 44 pages
Sep 13 21:27:41 witherspoon kernel[1019]: [    0.120000] Setting up static identity map for 0x80008200 - 0x8000825c
Sep 13 21:27:41 witherspoon kernel[1019]: [    0.120000] devtmpfs: initialized
Sep 13 21:27:41 witherspoon kernel[1019]: [    0.140000] clocksource: jiffies: mask: 0xffffffff max_cycles: 0xffffffff, max_idle_ns: 19112604462750000 ns
Sep 13 21:27:41 witherspoon kernel[1019]: [    0.140000] futex hash table entries: 256 (order: -1, 3072 bytes)
Sep 13 21:27:41 witherspoon kernel[1019]: [    0.140000] pinctrl core: initialized pinctrl subsystem
Sep 13 21:27:41 witherspoon kernel[1019]: [    0.140000] NET: Registered protocol family 16
Sep 13 21:27:41 witherspoon kernel[1019]: [    0.140000] DMA: preallocated 256 KiB pool for atomic coherent allocations
Sep 13 21:27:41 witherspoon kernel[1019]: [    0.210000] usbcore: registered new interface driver usbfs
Sep 13 21:27:41 witherspoon kernel[1019]: [    0.210000] usbcore: registered new interface driver hub
Sep 13 21:27:41 witherspoon kernel[1019]: [    0.210000] usbcore: registered new device driver usb
Sep 13 21:27:41 witherspoon kernel[1019]: [    0.220000] clocksource: Switched to clocksource moxart_timer
Sep 13 21:27:41 witherspoon kernel[1019]: [    0.240000] NET: Registered protocol family 2
Sep 13 21:27:41 witherspoon kernel[1019]: [    0.240000] TCP established hash table entries: 4096 (order: 2, 16384 bytes)
Sep 13 21:27:41 witherspoon kernel[1019]: [    0.240000] TCP bind hash table entries: 4096 (order: 2, 16384 bytes)
Sep 13 21:27:41 witherspoon kernel[1019]: [    0.240000] TCP: Hash tables configured (established 4096 bind 4096)
Sep 13 21:27:41 witherspoon kernel[1019]: [    0.240000] UDP hash table entries: 256 (order: 0, 4096 bytes)
Sep 13 21:27:41 witherspoon kernel[1019]: [    0.240000] UDP-Lite hash table entries: 256 (order: 0, 4096 bytes)
Sep 13 21:27:41 witherspoon kernel[1019]: [    0.240000] NET: Registered protocol family 1
Sep 13 21:27:41 witherspoon kernel[1019]: [    0.240000] Trying to unpack rootfs image as initramfs...
Sep 13 21:27:41 witherspoon kernel[1019]: [    1.910000] Freeing initrd memory: 1548K
Sep 13 21:27:41 witherspoon kernel[1019]: [    1.910000] workingset: timestamp_bits=30 max_order=17 bucket_order=0
Sep 13 21:27:41 witherspoon kernel[1019]: [    1.910000] squashfs: version 4.0 (2009/01/31) Phillip Lougher
Sep 13 21:27:41 witherspoon kernel[1019]: [    1.910000] jffs2: version 2.2. (SUMMARY)  © 2001-2006 Red Hat, Inc.
Sep 13 21:27:41 witherspoon kernel[1019]: [    1.910000] Block layer SCSI generic (bsg) driver version 0.4 loaded (major 250)
Sep 13 21:27:41 witherspoon kernel[1019]: [    1.910000] io scheduler noop registered
Sep 13 21:27:41 witherspoon kernel[1019]: [    1.910000] io scheduler deadline registered
Sep 13 21:27:41 witherspoon kernel[1019]: [    1.910000] io scheduler cfq registered (default)
Sep 13 21:27:41 witherspoon kernel[1019]: [    2.060000] ipmi-bt-host 1e789140.ibt: Found bt bmc device
Sep 13 21:27:41 witherspoon kernel[1019]: [    2.060000] ipmi-bt-host 1e789140.ibt: Using IRQ 22
Sep 13 21:27:41 witherspoon kernel[1019]: [    2.060000] Serial: 8250/16550 driver, 6 ports, IRQ sharing enabled
Sep 13 21:27:41 witherspoon kernel[1019]: [    2.060000] 1e787000.vuart: ttyS5 at MMIO 0x1e787000 (irq = 22, base_baud = 1500000) is a 16550A
Sep 13 21:27:41 witherspoon kernel[1019]: [    2.060000] 1e783000.serial: ttyS0 at MMIO 0x1e783000 (irq = 23, base_baud = 1500000) is a 16550A
Sep 13 21:27:41 witherspoon kernel[1019]: [    2.060000] 1e78d000.serial: ttyS1 at MMIO 0x1e78d000 (irq = 24, base_baud = 1500000) is a 16550A
Sep 13 21:27:41 witherspoon kernel[1019]: [    2.060000] 1e784000.serial: ttyS4 at MMIO 0x1e784000 (irq = 25, base_baud = 1500000) is a 16550A
Sep 13 21:27:42 witherspoon systemd[1]: Found device /dev/aspeed-lpc-ctrl.
Sep 13 21:27:41 witherspoon kernel[1019]: [    2.410000] console [ttyS4] enabled
Sep 13 21:27:43 witherspoon systemd[1]: Found device /dev/aspeed-mbox.
Sep 13 21:27:41 witherspoon kernel[1019]: [    2.610000] timeriomem_rng 1e6e2078.hwrng: 32bits from 0xf00e2078 @ 1us
Sep 13 21:27:43 witherspoon systemd[1]: Found device /dev/ttyS4.
Sep 13 21:27:41 witherspoon kernel[1019]: [    2.620000] random: fast init done
Sep 13 21:27:41 witherspoon kernel[1019]: [    2.660000] brd: module loaded
Sep 13 21:27:41 witherspoon kernel[1019]: [    2.680000] random: crng init done
Sep 13 21:27:41 witherspoon kernel[1019]: [    2.690000] loop: module loaded
Sep 13 21:27:41 witherspoon kernel[1019]: [    2.700000] aspeed-lpc-ctrl 1e789080.lpc-ctrl: Loaded at 0x98000000 (0x04000000)
Sep 13 21:27:41 witherspoon kernel[1019]: [    2.700000] aspeed-smc 1e620000.flash-controller: Using IRQ 18
Sep 13 21:27:41 witherspoon kernel[1019]: [    2.710000] aspeed-smc 1e620000.flash-controller: DMA support disabled.
Sep 13 21:27:41 witherspoon kernel[1019]: [    2.710000] aspeed-smc 1e620000.flash-controller: mx25l25635e (32768 Kbytes)
Sep 13 21:27:41 witherspoon kernel[1019]: [    2.730000] aspeed-smc 1e620000.flash-controller: CE0 window [ 0x20000000 - 0x22000000 ] 32MB
Sep 13 21:27:41 witherspoon kernel[1019]: [    2.730000] aspeed-smc 1e620000.flash-controller: CE1 window [ 0x22000000 - 0x2a000000 ] 128MB
Sep 13 21:27:41 witherspoon kernel[1019]: [    2.730000] 5 ofpart partitions found on MTD device bmc
Sep 13 21:27:41 witherspoon kernel[1019]: [    2.750000] Creating 5 MTD partitions on "bmc":
Sep 13 21:27:43 witherspoon systemd[1]: Found device /dev/ttyVUART0.
Sep 13 21:27:41 witherspoon kernel[1019]: [    2.760000] 0x000000000000-0x000000060000 : "u-boot"
Sep 13 21:27:41 witherspoon kernel[1019]: [    2.760000] 0x000000060000-0x000000080000 : "u-boot-env"
Sep 13 21:27:41 witherspoon kernel[1019]: [    2.780000] 0x000000080000-0x0000004c0000 : "kernel"
Sep 13 21:27:41 witherspoon kernel[1019]: [    2.790000] 0x0000004c0000-0x000001c00000 : "rofs"
Sep 13 21:27:41 witherspoon kernel[1019]: [    2.800000] 0x000001c00000-0x000002000000 : "rwfs"
Sep 13 21:27:41 witherspoon kernel[1019]: [    2.800000] aspeed-smc 1e620000.flash-controller: mx25l25635e (32768 Kbytes)
Sep 13 21:27:41 witherspoon kernel[1019]: [    2.820000] aspeed-smc 1e620000.flash-controller: CE1 window [ 0x22000000 - 0x24000000 ] 32MB
Sep 13 21:27:41 witherspoon kernel[1019]: [    2.820000] aspeed-smc 1e620000.flash-controller: CE2 window [ 0x24000000 - 0x2c000000 ] 128MB
Sep 13 21:27:41 witherspoon kernel[1019]: [    2.840000] aspeed-smc 1e630000.flash-controller: mx66l1g45g (131072 Kbytes)
Sep 13 21:27:41 witherspoon kernel[1019]: [    2.850000] aspeed-smc 1e630000.flash-controller: CE0 window resized to 120MB (AST2500 HW quirk)
Sep 13 21:27:41 witherspoon kernel[1019]: [    2.850000] aspeed-smc 1e630000.flash-controller: CE0 window [ 0x30000000 - 0x37800000 ] 120MB
Sep 13 21:27:41 witherspoon kernel[1019]: [    2.850000] aspeed-smc 1e630000.flash-controller: CE0 window too small for chip 128MB
Sep 13 21:27:41 witherspoon kernel[1019]: [    2.870000] aspeed-smc 1e630000.flash-controller: CE1 window [ 0x37800000 - 0x38000000 ] 8MB
Sep 13 21:27:41 witherspoon kernel[1019]: [    3.620000] libphy: Fixed MDIO Bus: probed
Sep 13 21:27:41 witherspoon kernel[1019]: [    3.620000] ftgmac100 1e660000.ethernet: Read MAC address 70:e2:84:14:23:e1 from chip
Sep 13 21:27:41 witherspoon kernel[1019]: [    3.620000] ftgmac100 1e660000.ethernet: Using NCSI interface
Sep 13 21:27:41 witherspoon kernel[1019]: [    3.620000] ftgmac100 1e660000.ethernet eth0: irq 20, mapped at f0060000
Sep 13 21:27:41 witherspoon kernel[1019]: [    3.620000] ehci_hcd: USB 2.0 'Enhanced' Host Controller (EHCI) Driver
Sep 13 21:27:41 witherspoon kernel[1019]: [    3.620000] ehci-platform: EHCI generic platform driver
Sep 13 21:27:41 witherspoon kernel[1019]: [    3.850000]  fsi0: can't read slave 00:00 -5
Sep 13 21:27:41 witherspoon kernel[1019]: [    3.850000] i2c /dev entries driver
Sep 13 21:27:41 witherspoon kernel[1019]: [    3.850000] aspeed-i2c-bus 1e78a0c0.i2c-bus: i2c bus 2 registered, irq 26
Sep 13 21:27:41 witherspoon kernel[1019]: [    3.850000] aspeed-i2c-bus 1e78a100.i2c-bus: i2c bus 3 registered, irq 27
Sep 13 21:27:41 witherspoon kernel[1019]: [    3.850000] aspeed-i2c-bus 1e78a140.i2c-bus: i2c bus 4 registered, irq 28
Sep 13 21:27:41 witherspoon kernel[1019]: [    3.850000] aspeed-i2c-bus 1e78a180.i2c-bus: i2c bus 5 registered, irq 29
Sep 13 21:27:41 witherspoon kernel[1019]: [    3.850000] aspeed-i2c-bus 1e78a380.i2c-bus: i2c bus 9 registered, irq 30
Sep 13 21:27:41 witherspoon kernel[1019]: [    3.850000] aspeed-i2c-bus 1e78a3c0.i2c-bus: i2c bus 10 registered, irq 31
Sep 13 21:27:41 witherspoon kernel[1019]: [    3.850000] rtc-rv8803 11-0032: Voltage low, temperature compensation stopped.
Sep 13 21:27:41 witherspoon kernel[1019]: [    3.850000] rtc-rv8803 11-0032: An alarm maybe have been missed.
Sep 13 21:27:41 witherspoon kernel[1019]: [    3.960000] rtc-rv8803 11-0032: rtc core: registered rx8900 as rtc0
Sep 13 21:27:41 witherspoon kernel[1019]: [    3.970000] at24 11-0051: 8192 byte 24c64 EEPROM, writable, 1 bytes/write
Sep 13 21:27:41 witherspoon kernel[1019]: [    3.970000] aspeed-i2c-bus 1e78a400.i2c-bus: i2c bus 11 registered, irq 32
Sep 13 21:27:41 witherspoon kernel[1019]: [    3.970000] aspeed-i2c-bus 1e78a440.i2c-bus: i2c bus 12 registered, irq 33
Sep 13 21:27:41 witherspoon kernel[1019]: [    3.970000] aspeed-i2c-bus 1e78a480.i2c-bus: i2c bus 13 registered, irq 34
Sep 13 21:27:41 witherspoon kernel[1019]: [    3.970000] Driver for 1-wire Dallas network protocol.
Sep 13 21:27:41 witherspoon kernel[1019]: [    3.970000] lm75 9-004a: hwmon0: sensor 'tmp275'
Sep 13 21:27:41 witherspoon kernel[1019]: [    5.680000] ucd9000 11-0064: Device ID UCD90160|2.3.4.0000|110603
Sep 13 21:27:41 witherspoon kernel[1019]: [    6.360000] leds-pca955x 3-0060: leds-pca955x: Using pca9552 16-bit LED driver at slave address 0x60
Sep 13 21:27:41 witherspoon kernel[1019]: [    6.370000] leds-pca955x 3-0060: gpios 264...279
Sep 13 21:27:41 witherspoon kernel[1019]: [    6.380000] leds-pca955x 11-0060: leds-pca955x: Using pca9552 16-bit LED driver at slave address 0x60
Sep 13 21:27:41 witherspoon kernel[1019]: [    6.390000] leds-pca955x 11-0060: gpios 248...263
Sep 13 21:27:41 witherspoon kernel[1019]: [    6.400000] usbcore: registered new interface driver usbhid
Sep 13 21:27:41 witherspoon kernel[1019]: [    6.400000] usbhid: USB HID core driver
Sep 13 21:27:41 witherspoon kernel[1019]: [    6.460000] NET: Registered protocol family 10
Sep 13 21:27:41 witherspoon kernel[1019]: [    6.460000] Segment Routing with IPv6
Sep 13 21:27:41 witherspoon kernel[1019]: [    6.470000] NET: Registered protocol family 17
Sep 13 21:27:41 witherspoon kernel[1019]: [    6.470000] 8021q: 802.1Q VLAN Support v1.8
Sep 13 21:27:41 witherspoon kernel[1019]: [    6.480000] input: gpio-keys-polled as /devices/platform/gpio-keys-polled/input/input1
Sep 13 21:27:41 witherspoon kernel[1019]: [    6.510000] console [netcon0] enabled
Sep 13 21:27:41 witherspoon kernel[1019]: [    6.520000] netconsole: network logging started
Sep 13 21:27:41 witherspoon kernel[1019]: [    6.520000] input: gpio-keys as /devices/platform/gpio-keys/input/input2
Sep 13 21:27:41 witherspoon kernel[1019]: [    6.530000] rtc-rv8803 11-0032: setting system clock to 2017-09-13 21:27:16 UTC (1505338036)
Sep 13 21:27:41 witherspoon kernel[1019]: [    6.540000] Freeing unused kernel memory: 280K
Sep 13 21:27:41 witherspoon kernel[1019]: [    6.540000] This architecture does not have kernel memory protection.
Sep 13 21:27:41 witherspoon kernel[1019]: [    8.080000] jffs2: notice: (539) jffs2_build_xattr_subsystem: complete building xattr subsystem, 0 of xdatum (0 unchecked, 0 orphan) and 0 of xref (0 dead, 0 orphan) found.
Sep 13 21:27:41 witherspoon kernel[1019]: [   10.260000] systemd[1]: Failed to insert module 'autofs4': No such file or directory
Sep 13 21:27:41 witherspoon kernel[1019]: [   10.260000] systemd[1]: systemd 232 running in system mode. (+PAM -AUDIT -SELINUX -IMA -APPARMOR -SMACK +SYSVINIT -UTMP -LIBCRYPTSETUP -GCRYPT -GNUTLS +ACL +XZ -LZ4 -SECCOMP +BLKID -ELFUTILS +KMOD -IDN)
Sep 13 21:27:41 witherspoon kernel[1019]: [   10.480000] systemd[1]: Detected architecture arm.
Sep 13 21:27:41 witherspoon kernel[1019]: [   10.550000] systemd[1]: Set hostname to <witherspoon>.
Sep 13 21:27:41 witherspoon kernel[1019]: [   12.230000] systemd[1]: Listening on Network Service Netlink Socket.
Sep 13 21:27:41 witherspoon kernel[1019]: [   12.330000] systemd[1]: Started Dispatch Password Requests to Console Directory Watch.
Sep 13 21:27:41 witherspoon kernel[1019]: [   12.370000] systemd[1]: Reached target Swap.
Sep 13 21:27:41 witherspoon kernel[1019]: [   12.400000] systemd[1]: Listening on Syslog Socket.
Sep 13 21:27:41 witherspoon kernel[1019]: [   12.430000] systemd[1]: Listening on udev Kernel Socket.
Sep 13 21:27:41 witherspoon kernel[1019]: [   12.470000] systemd[1]: Listening on /dev/initctl Compatibility Named Pipe.
Sep 13 21:27:41 witherspoon kernel[1019]: [   12.510000] systemd[1]: Listening on udev Control Socket.
Sep 13 21:27:41 witherspoon kernel[1019]: [   15.340000] systemd[1]: Created slice system-phosphor\x2dcooling\x2dtype.slice.
Sep 13 21:27:41 witherspoon kernel[1019]: [   15.570000] systemd[1]: Created slice system-op\x2dreset\x2dchassis\x2don.slice.
Sep 13 21:27:41 witherspoon kernel[1019]: [   15.810000] systemd[1]: Mounted Debug File System.
Sep 13 21:27:41 witherspoon kernel[1019]: [   16.060000] systemd[1]: Mounted Temporary Directory.
Sep 13 21:27:41 witherspoon kernel[1019]: [   16.320000] systemd[1]: Started Journal Service.
Sep 13 21:27:41 witherspoon kernel[1019]: [   18.420000] systemd-journald[557]: Received request to flush runtime journal from PID 1
Sep 13 21:27:41 witherspoon kernel[1019]: [   25.320000] ubi7: default fastmap pool size: 100
Sep 13 21:27:41 witherspoon kernel[1019]: [   25.320000] ubi7: default fastmap WL pool size: 50
Sep 13 21:27:47 witherspoon kernel: 8021q: adding VLAN 0 to HW filter on device eth0
Sep 13 21:27:41 witherspoon kernel[1019]: [   25.320000] ubi7: attaching mtd7
Sep 13 21:27:46 witherspoon systemd-networkd[1015]: Enumeration completed
Sep 13 21:27:41 witherspoon kernel[1019]: [   25.320000] ubi7: scanning is finished
Sep 13 21:27:46 witherspoon systemd-networkd[1015]: eth0: IPv6 enabled for interface: Success
Sep 13 21:27:41 witherspoon kernel[1019]: [   25.320000] ubi7: attached mtd7 (name "pnor", size 128 MiB)
Sep 13 21:27:46 witherspoon systemd-networkd[1015]: eth0: Gained carrier
Sep 13 21:27:41 witherspoon kernel[1019]: [   25.320000] ubi7: PEB size: 65536 bytes (64 KiB), LEB size: 65408 bytes
Sep 13 21:27:46 witherspoon systemd-timesyncd[927]: Network configuration changed, trying to establish connection.
Sep 13 21:27:41 witherspoon kernel[1019]: [   25.320000] ubi7: min./max. I/O unit sizes: 1/256, sub-page size 1
Sep 13 21:27:41 witherspoon kernel[1019]: [   25.320000] ubi7: VID header offset: 64 (aligned 64), data offset: 128
Sep 13 21:27:41 witherspoon kernel[1019]: [   25.320000] ubi7: good PEBs: 2048, bad PEBs: 0, corrupted PEBs: 0
Sep 13 21:27:41 witherspoon kernel[1019]: [   25.320000] ubi7: user volume: 5, internal volumes: 1, max. volumes count: 128
Sep 13 21:27:41 witherspoon kernel[1019]: [   25.320000] ubi7: max/mean erase counter: 14/9, WL threshold: 4096, image sequence number: 91395301
Sep 13 21:27:41 witherspoon kernel[1019]: [   25.610000] ubi7: available PEBs: 853, total reserved PEBs: 1195, PEBs reserved for bad PEB handling: 0
Sep 13 21:27:41 witherspoon kernel[1019]: [   25.610000] ubi7: background thread "ubi_bgt7d" started, PID 997
Sep 13 21:27:41 witherspoon kernel[1019]: [   27.150000] ubi0: default fastmap pool size: 25
Sep 13 21:27:41 witherspoon kernel[1019]: [   27.150000] ubi0: default fastmap WL pool size: 12
Sep 13 21:27:41 witherspoon kernel[1019]: [   27.150000] ubi0: attaching mtd0
Sep 13 21:27:41 witherspoon kernel[1019]: [   27.470000] ubi0: scanning is finished
Sep 13 21:27:42 witherspoon kernel[1019]: [   27.470000] ubi0 error: ubi_read_volume_table: the layout volume was not found
Sep 13 21:27:42 witherspoon kernel[1019]: [   27.470000] ubi0 error: ubi_attach_mtd_dev: failed to attach mtd0, error -22
Sep 13 21:27:46 witherspoon avahi-daemon[1020]: Found user 'avahi' (UID 999) and group 'avahi' (GID 999).
Sep 13 21:27:46 witherspoon avahi-daemon[1020]: Successfully dropped root privileges.
Sep 13 21:27:46 witherspoon avahi-daemon[1020]: avahi-daemon 0.6.32 starting up.
Sep 13 21:27:46 witherspoon avahi-daemon[1020]: Successfully called chroot().
Sep 13 21:27:46 witherspoon avahi-daemon[1020]: Successfully dropped remaining capabilities.
Sep 13 21:27:46 witherspoon avahi-daemon[1020]: Loading service file /services/obmc_console.service.
Sep 13 21:27:46 witherspoon avahi-daemon[1020]: Loading service file /services/phosphor_rest.service.
Sep 13 21:27:48 witherspoon systemd-networkd[1015]: eth0: Gained IPv6LL
Sep 13 21:27:46 witherspoon avahi-daemon[1020]: Loading service file /services/sftp-ssh.service.
Sep 13 21:27:46 witherspoon avahi-daemon[1020]: Loading service file /services/sftp.service.
Sep 13 21:27:46 witherspoon avahi-daemon[1020]: Loading service file /services/ssh.service.
Sep 13 21:27:46 witherspoon avahi-daemon[1020]: Network interface enumeration completed.
Sep 13 21:27:46 witherspoon avahi-daemon[1020]: Server startup complete. Host name is witherspoon.local. Local service cookie is 666649962.
Sep 13 21:27:46 witherspoon avahi-daemon[1020]: Service "witherspoon" (/services/ssh.service) successfully established.
Sep 13 21:27:46 witherspoon avahi-daemon[1020]: Service "sftp" (/services/sftp.service) successfully established.
Sep 13 21:27:46 witherspoon avahi-daemon[1020]: Service "witherspoon" (/services/sftp-ssh.service) successfully established.
Sep 13 21:27:46 witherspoon avahi-daemon[1020]: Service "phosphor_rest" (/services/phosphor_rest.service) successfully established.
Sep 13 21:27:46 witherspoon avahi-daemon[1020]: Service "obmc_console" (/services/obmc_console.service) successfully established.
Sep 13 21:27:48 witherspoon systemd[1]: Started Network Service.
Sep 13 21:27:46 witherspoon avahi-daemon[1020]: Joining mDNS multicast group on interface eth0.IPv4 with address 9.3.86.161.
Sep 13 21:27:46 witherspoon avahi-daemon[1020]: New relevant interface eth0.IPv4 for mDNS.
Sep 13 21:27:46 witherspoon avahi-daemon[1020]: Registering new address record for 9.3.86.161 on eth0.IPv4.
Sep 13 21:27:46 witherspoon kernel[1019]: [   36.940000] 8021q: adding VLAN 0 to HW filter on device eth0
Sep 13 21:27:48 witherspoon avahi-daemon[1020]: Joining mDNS multicast group on interface eth0.IPv6 with address fe80::72e2:84ff:fe14:23e1.
Sep 13 21:27:48 witherspoon avahi-daemon[1020]: New relevant interface eth0.IPv6 for mDNS.
Sep 13 21:27:48 witherspoon avahi-daemon[1020]: Registering new address record for fe80::72e2:84ff:fe14:23e1 on eth0.*.
Sep 13 21:27:50 witherspoon kernel: ftgmac100 1e660000.ethernet eth0: ncsi: removed vlan tag 0 at index 1
Sep 13 21:27:50 witherspoon kernel: ftgmac100 1e660000.ethernet eth0: ncsi: removed vlan tag 0 at index 2
Sep 13 21:27:50 witherspoon kernel: ftgmac100 1e660000.ethernet eth0: no vlan ids left to set
Sep 13 21:27:50 witherspoon kernel: ftgmac100 1e660000.ethernet eth0: NCSI interface up
Sep 13 21:27:50 witherspoon kernel[1019]: [   40.470000] ftgmac100 1e660000.ethernet eth0: ncsi: removed vlan tag 0 at index 1
Sep 13 21:27:50 witherspoon kernel[1019]: [   40.470000] ftgmac100 1e660000.ethernet eth0: ncsi: removed vlan tag 0 at index 2
Sep 13 21:27:50 witherspoon kernel[1019]: [   40.470000] ftgmac100 1e660000.ethernet eth0: no vlan ids left to set
Sep 13 21:27:50 witherspoon kernel[1019]: [   40.470000] ftgmac100 1e660000.ethernet eth0: NCSI interface up
Sep 13 21:27:54 witherspoon systemd[1]: Started Phosphor IPMI BT DBus Bridge.
Sep 13 21:27:54 witherspoon systemd[1]: Started Phosphor Download Manager.
Sep 13 21:27:54 witherspoon kernel: block ubiblock7_0: created from ubi7:0(pnor-ro-8764baa3)
Sep 13 21:27:54 witherspoon kernel[1019]: [   44.130000] block ubiblock7_0: created from ubi7:0(pnor-ro-8764baa3)
Sep 13 21:27:54 witherspoon systemd[1]: Started Phosphor Settings Daemon.
Sep 13 21:27:54 witherspoon systemd[1]: Started Phosphor Dump Manager.
Sep 13 21:27:54 witherspoon systemd[1]: Started Avahi mDNS/DNS-SD Stack.
Sep 13 21:27:54 witherspoon systemd[1]: Started Phosphor BMC0 Control.
Sep 13 21:27:54 witherspoon systemd[1]: Created slice system-xyz.openbmc_project.led.controller.slice.
Sep 13 21:27:54 witherspoon systemd[1]: Started Phosphor sysfs LED controller.
Sep 13 21:27:54 witherspoon systemd[1]: Started Phosphor sysfs LED controller.
Sep 13 21:27:54 witherspoon systemd[1]: Started Phosphor sysfs LED controller.
Sep 13 21:27:54 witherspoon systemd[1]: Started Phosphor sysfs LED controller.
Sep 13 21:27:54 witherspoon systemd[1]: Started Phosphor sysfs LED controller.
Sep 13 21:27:54 witherspoon systemd[1]: Started Phosphor sysfs LED controller.
Sep 13 21:27:54 witherspoon systemd[1]: Started Phosphor sysfs LED controller.
Sep 13 21:27:54 witherspoon systemd[1]: Started Phosphor sysfs LED controller.
Sep 13 21:27:54 witherspoon systemd[1]: Started Phosphor sysfs LED controller.
Sep 13 21:27:54 witherspoon systemd[1]: Started Phosphor sysfs LED controller.
Sep 13 21:27:54 witherspoon systemd[1]: Reached target Network.
Sep 13 21:27:54 witherspoon systemd[1]: Starting Permit User Sessions...
Sep 13 21:27:54 witherspoon systemd[1]: Started Lightweight SLP Server.
Sep 13 21:27:54 witherspoon systemd[1]: Started Phosphor Console Muxer listening on device /dev/ttyVUART0.
Sep 13 21:27:54 witherspoon systemd[1]: Created slice system-xyz.openbmc_project.Hwmon.slice.
Sep 13 21:27:56 witherspoon kernel: UBIFS (ubi7:1): UBIFS: mounted UBI device 7, volume 1, name "pnor-rw-97ef657"
Sep 13 21:27:56 witherspoon kernel: UBIFS (ubi7:1): LEB size: 65408 bytes (63 KiB), min./max. I/O unit sizes: 8 bytes/256 bytes
Sep 13 21:27:56 witherspoon kernel: UBIFS (ubi7:1): FS size: 16155776 bytes (15 MiB, 247 LEBs), journal size 784896 bytes (0 MiB, 12 LEBs)
Sep 13 21:27:56 witherspoon kernel: UBIFS (ubi7:1): reserved for root: 763076 bytes (745 KiB)
Sep 13 21:27:56 witherspoon kernel: UBIFS (ubi7:1): media format: w5/r0 (latest is w5/r0), UUID F5E5C1B3-9E1D-454B-B2C5-8E128E2556D1, small LPT model
Sep 13 21:27:56 witherspoon kernel[1019]: [   46.490000] UBIFS (ubi7:1): UBIFS: mounted UBI device 7, volume 1, name "pnor-rw-97ef657"
Sep 13 21:27:56 witherspoon kernel[1019]: [   46.490000] UBIFS (ubi7:1): LEB size: 65408 bytes (63 KiB), min./max. I/O unit sizes: 8 bytes/256 bytes
Sep 13 21:27:56 witherspoon kernel[1019]: [   46.490000] UBIFS (ubi7:1): FS size: 16155776 bytes (15 MiB, 247 LEBs), journal size 784896 bytes (0 MiB, 12 LEBs)
Sep 13 21:27:56 witherspoon kernel[1019]: [   46.490000] UBIFS (ubi7:1): reserved for root: 763076 bytes (745 KiB)
Sep 13 21:27:56 witherspoon kernel[1019]: [   46.490000] UBIFS (ubi7:1): media format: w5/r0 (latest is w5/r0), UUID F5E5C1B3-9E1D-454B-B2C5-8E128E2556D1, small LPT model
Sep 13 21:27:56 witherspoon kernel: UBIFS (ubi7:1): background thread "ubifs_bgt7_1" started, PID 1063
Sep 13 21:27:56 witherspoon kernel: UBIFS (ubi7:2): UBIFS: mounted UBI device 7, volume 2, name "pnor-prsv"
Sep 13 21:27:56 witherspoon kernel: UBIFS (ubi7:2): LEB size: 65408 bytes (63 KiB), min./max. I/O unit sizes: 8 bytes/256 bytes
Sep 13 21:27:56 witherspoon kernel: UBIFS (ubi7:2): FS size: 1504384 bytes (1 MiB, 23 LEBs), journal size 523265 bytes (0 MiB, 6 LEBs)
Sep 13 21:27:56 witherspoon kernel: UBIFS (ubi7:2): reserved for root: 71055 bytes (69 KiB)
Sep 13 21:27:56 witherspoon kernel: UBIFS (ubi7:2): media format: w5/r0 (latest is w5/r0), UUID 36B3B1E1-197C-4042-A5BB-1F5E6D63DF0B, small LPT model
Sep 13 21:27:56 witherspoon kernel[1019]: [   46.650000] UBIFS (ubi7:1): background thread "ubifs_bgt7_1" started, PID 1063
Sep 13 21:27:56 witherspoon kernel[1019]: [   46.650000] UBIFS (ubi7:2): UBIFS: mounted UBI device 7, volume 2, name "pnor-prsv"
Sep 13 21:27:56 witherspoon kernel[1019]: [   46.650000] UBIFS (ubi7:2): LEB size: 65408 bytes (63 KiB), min./max. I/O unit sizes: 8 bytes/256 bytes
Sep 13 21:27:56 witherspoon kernel[1019]: [   46.820000] UBIFS (ubi7:2): FS size: 1504384 bytes (1 MiB, 23 LEBs), journal size 523265 bytes (0 MiB, 6 LEBs)
Sep 13 21:27:56 witherspoon kernel[1019]: [   46.820000] UBIFS (ubi7:2): reserved for root: 71055 bytes (69 KiB)
Sep 13 21:27:56 witherspoon kernel[1019]: [   46.820000] UBIFS (ubi7:2): media format: w5/r0 (latest is w5/r0), UUID 36B3B1E1-197C-4042-A5BB-1F5E6D63DF0B, small LPT model
Sep 13 21:27:56 witherspoon kernel: UBIFS (ubi7:2): background thread "ubifs_bgt7_2" started, PID 1072
Sep 13 21:27:56 witherspoon kernel[1019]: [   46.820000] UBIFS (ubi7:2): background thread "ubifs_bgt7_2" started, PID 1072
Sep 13 21:27:58 witherspoon systemd[1]: Started Permit User Sessions.
Sep 13 21:27:58 witherspoon systemd[1]: Started Serial Getty on ttyS4.
Sep 13 21:27:58 witherspoon systemd[1]: Reached target Login Prompts.
Sep 13 21:27:58 witherspoon systemd[1]: Started Remount the squashfs and ubi volumes after a reboot.
Sep 13 21:27:58 witherspoon kernel: UBIFS (ubi7:4): UBIFS: mounted UBI device 7, volume 4, name "pnor-rw-8764baa3"
Sep 13 21:27:58 witherspoon kernel: UBIFS (ubi7:4): LEB size: 65408 bytes (63 KiB), min./max. I/O unit sizes: 8 bytes/256 bytes
Sep 13 21:27:58 witherspoon kernel: UBIFS (ubi7:4): FS size: 16155776 bytes (15 MiB, 247 LEBs), journal size 784896 bytes (0 MiB, 12 LEBs)
Sep 13 21:27:58 witherspoon kernel: UBIFS (ubi7:4): reserved for root: 763076 bytes (745 KiB)
Sep 13 21:27:58 witherspoon kernel: UBIFS (ubi7:4): media format: w5/r0 (latest is w5/r0), UUID 2C5AE6E7-EB61-4987-A779-6E1B90541DC3, small LPT model
Sep 13 21:27:58 witherspoon kernel: UBIFS (ubi7:4): background thread "ubifs_bgt7_4" started, PID 1086
Sep 13 21:27:58 witherspoon kernel[1019]: [   48.380000] UBIFS (ubi7:4): UBIFS: mounted UBI device 7, volume 4, name "pnor-rw-8764baa3"
Sep 13 21:27:58 witherspoon kernel[1019]: [   48.380000] UBIFS (ubi7:4): LEB size: 65408 bytes (63 KiB), min./max. I/O unit sizes: 8 bytes/256 bytes
Sep 13 21:27:58 witherspoon kernel[1019]: [   48.380000] UBIFS (ubi7:4): FS size: 16155776 bytes (15 MiB, 247 LEBs), journal size 784896 bytes (0 MiB, 12 LEBs)
Sep 13 21:27:58 witherspoon kernel[1019]: [   48.380000] UBIFS (ubi7:4): reserved for root: 763076 bytes (745 KiB)
Sep 13 21:27:58 witherspoon kernel[1019]: [   48.380000] UBIFS (ubi7:4): media format: w5/r0 (latest is w5/r0), UUID 2C5AE6E7-EB61-4987-A779-6E1B90541DC3, small LPT model
Sep 13 21:27:58 witherspoon kernel[1019]: [   48.380000] UBIFS (ubi7:4): background thread "ubifs_bgt7_4" started, PID 1086
Sep 13 21:27:58 witherspoon systemd[1]: Reached target Multi-User System.
Sep 13 21:27:58 witherspoon systemd[1]: Created slice system-dropbear.slice.
Sep 13 21:27:58 witherspoon systemd[1]: Started SSH Per-Connection Server (9.41.165.94:42710).
Sep 13 21:28:01 witherspoon systemd-networkd[1015]: eth0: Configured
Sep 13 21:28:01 witherspoon systemd-timesyncd[927]: Network configuration changed, trying to establish connection.
Sep 13 21:28:01 witherspoon dropbear[1088]: Failed loading /etc/dropbear/dropbear_dss_host_key
Sep 13 21:28:01 witherspoon dropbear[1088]: Failed loading /etc/dropbear/dropbear_ecdsa_host_key
Sep 13 21:28:01 witherspoon dropbear[1088]: Child connection from ::ffff:9.41.165.94:42710
Sep 13 21:28:02 witherspoon systemd[1]: Started Phosphor Chassis0 Control.
Sep 13 21:28:02 witherspoon chassis_control.py[960]: Running ChassisControlService
Sep 13 21:28:05 witherspoon systemd[1]: Started Phosphor Download Manager.
Sep 13 21:28:05 witherspoon download_manager.py[1023]: Running Download Manager
Sep 13 21:28:05 witherspoon inventory_items.py[959]: Loading from cache: /var/cache/obmc/org.openbmc.inventory.system.chassis.motherboard.apss@org.openbmc.InventoryItem.props
Sep 13 21:28:05 witherspoon inventory_items.py[959]: Loading from cache: /var/cache/obmc/org.openbmc.inventory.system.chassis.motherboard@org.openbmc.InventoryItem.props
Sep 13 21:28:05 witherspoon inventory_items.py[959]: Loading from cache: /var/cache/obmc/org.openbmc.inventory.system.chassis.motherboard.refclock@org.openbmc.InventoryItem.props
Sep 13 21:28:05 witherspoon inventory_items.py[959]: Loading from cache: /var/cache/obmc/org.openbmc.inventory.system.chassis.motherboard.cpu1.core7@org.openbmc.InventoryItem.props
Sep 13 21:28:05 witherspoon inventory_items.py[959]: Loading from cache: /var/cache/obmc/org.openbmc.inventory.system.chassis.motherboard.cpu1.core4@org.openbmc.InventoryItem.props
Sep 13 21:28:05 witherspoon inventory_items.py[959]: Loading from cache: /var/cache/obmc/org.openbmc.inventory.system.chassis.motherboard.cpu1.core1@org.openbmc.InventoryItem.props
Sep 13 21:28:05 witherspoon inventory_items.py[959]: Loading from cache: /var/cache/obmc/org.openbmc.inventory.system.chassis.motherboard.cpu1.core10@org.openbmc.InventoryItem.props
Sep 13 21:28:05 witherspoon inventory_items.py[959]: Loading from cache: /var/cache/obmc/org.openbmc.inventory.system.chassis.motherboard.todclock@org.openbmc.InventoryItem.props
Sep 13 21:28:05 witherspoon inventory_items.py[959]: Loading from cache: /var/cache/obmc/org.openbmc.inventory.system.chassis.motherboard.cpu1@org.openbmc.InventoryItem.props
Sep 13 21:28:05 witherspoon inventory_items.py[959]: Loading from cache: /var/cache/obmc/org.openbmc.inventory.system.chassis.motherboard.bmc@org.openbmc.InventoryItem.props
Sep 13 21:28:05 witherspoon inventory_items.py[959]: Caching: /org/openbmc/inventory/system/chassis/motherboard/bmc
Sep 13 21:28:05 witherspoon inventory_items.py[959]: Loading from cache: /var/cache/obmc/org.openbmc.inventory.system.chassis.motherboard.cpu0.core1@org.openbmc.InventoryItem.props
Sep 13 21:28:05 witherspoon inventory_items.py[959]: Loading from cache: /var/cache/obmc/org.openbmc.inventory.system.chassis.motherboard.cpu0.core7@org.openbmc.InventoryItem.props
Sep 13 21:28:06 witherspoon dropbear[1088]: PAM password auth succeeded for 'root' from ::ffff:9.41.165.94:42710
Sep 13 21:28:07 witherspoon sensor_manager2.py[1017]: Setting boot count to 3
Sep 13 21:28:07 witherspoon sensor_manager2.py[1017]: Starting sensor manager
Sep 13 21:28:05 witherspoon systemd[1]: Started Phosphor Inventory Manager.
Sep 13 21:28:07 witherspoon phosphor-mapper[961]: ObjectMapper startup complete.  Discovery in progress...
Sep 13 21:28:07 witherspoon inventory_items.py[959]: Loading from cache: /var/cache/obmc/org.openbmc.inventory.system.chassis.motherboard.cpu0.core4@org.openbmc.InventoryItem.props
Sep 13 21:28:07 witherspoon inventory_items.py[959]: Loading from cache: /var/cache/obmc/org.openbmc.inventory.system.chassis.motherboard.pcieclock@org.openbmc.InventoryItem.props
Sep 13 21:28:07 witherspoon inventory_items.py[959]: Loading from cache: /var/cache/obmc/org.openbmc.inventory.system.chassis.motherboard.cpu0.core10@org.openbmc.InventoryItem.props
Sep 13 21:28:07 witherspoon inventory_items.py[959]: Running Inventory Manager
Sep 13 21:28:06 witherspoon dropbear[1091]: lastlog_perform_login: Couldn't stat /var/log/lastlog: No such file or directory
Sep 13 21:28:07 witherspoon systemd[1]: Started Phosphor Sensor Manager.
Sep 13 21:28:06 witherspoon dropbear[1091]: lastlog_openseek: /var/log/lastlog is not a file or directory!
Sep 13 21:28:07 witherspoon avahi-daemon[1032]: ../../avahi-0.6.32/avahi-daemon/chroot.c: open() failed: No such file or directory
Sep 13 21:28:07 witherspoon avahi-daemon[1020]: Failed to open /usr/share/dbus-1/interfaces/org.freedesktop.Avahi.Server.xml: Invalid argument
Sep 13 21:28:07 witherspoon avahi-daemon[1020]: Failed to load introspection data.
Sep 13 21:28:08 witherspoon systemd[1]: Started Phosphor User Manager.
Sep 13 21:28:08 witherspoon obmc-phosphor-userd[1021]: Started
Sep 13 21:28:11 witherspoon netman.py[1018]: Started
Sep 13 21:28:11 witherspoon systemd[1]: Started Phosphor Network Manager.
Sep 13 21:28:19 witherspoon phosphor-mapper[961]: ObjectMapper discovery complete
Sep 13 21:28:19 witherspoon systemd[1]: Started Phosphor DBus Service Discovery Manager.
Sep 13 21:28:19 witherspoon systemd[1]: Started Phosphor Hwmon Poller.
Sep 13 21:28:19 witherspoon systemd[1]: Started Phosphor Hwmon Poller.
Sep 13 21:28:19 witherspoon systemd[1]: Started Phosphor Hwmon Poller.
Sep 13 21:28:19 witherspoon systemd[1]: Started Phosphor Hwmon Poller.
Sep 13 21:28:19 witherspoon systemd[1]: Started Phosphor Hwmon Poller.
Sep 13 21:28:19 witherspoon systemd[1]: Started Phosphor Hwmon Poller.
Sep 13 21:28:19 witherspoon systemd[1]: Started Phosphor Hwmon Poller.
Sep 13 21:28:19 witherspoon systemd[1]: Started Phosphor Hwmon Poller.
Sep 13 21:28:19 witherspoon systemd[1]: Reached target Phosphor Object Mapper.
Sep 13 21:28:19 witherspoon systemd[1]: Starting Wait for /xyz/openbmc_project/control/host0/restriction_mode...
Sep 13 21:28:19 witherspoon systemd[1]: Starting Wait for /org/openbmc/NetworkManager/Interface...
Sep 13 21:28:19 witherspoon systemd[1]: Starting Wait for /org/openbmc/managers/System...
Sep 13 21:28:19 witherspoon systemd[1]: Starting Wait for /xyz/openbmc_project/state/chassis0...
Sep 13 21:28:19 witherspoon systemd[1]: Starting Wait for /org/openbmc/managers/Download...
Sep 13 21:28:19 witherspoon systemd[1]: Starting Wait for /xyz/openbmc_project/inventory...
Sep 13 21:28:19 witherspoon systemd[1]: Starting Wait for /xyz/openbmc_project/control/host0/boot...
Sep 13 21:28:19 witherspoon systemd[1]: Starting Wait for /xyz/openbmc_project/control/host0/boot/one_time...
Sep 13 21:28:19 witherspoon systemd[1]: Starting Wait for /org/openbmc/control/power0...
Sep 13 21:28:19 witherspoon systemd[1]: Starting Wait for /org/openbmc/control/bmc0...
Sep 13 21:28:19 witherspoon systemd[1]: Starting Phoshpor System Manager...
Sep 13 21:28:19 witherspoon systemd[1]: Starting Wait for /xyz/openbmc_project/state/host0...
Sep 13 21:28:19 witherspoon systemd[1]: Starting Wait for /xyz/openbmc_project/led/groups...
Sep 13 21:28:19 witherspoon systemd[1]: Starting Wait for /xyz/openbmc_project/control/host0/power_restore_policy...
Sep 13 21:28:19 witherspoon systemd[1]: Starting OpenBMC Software Update Manager...
Sep 13 21:28:19 witherspoon systemd[1]: Starting Phosphor Settings Manager...
Sep 13 21:28:19 witherspoon systemd[1]: Started Phosphor DBus Monitor.
Sep 13 21:28:19 witherspoon systemd[1]: Reached target Webserver (pre).
Sep 13 21:28:19 witherspoon systemd[1]: Started Phosphor Webserver.
Sep 13 21:28:19 witherspoon systemd[1]: Starting Wait for /xyz/openbmc_project/led/groups/bmc_booted...
Sep 13 21:28:19 witherspoon systemd[1]: Starting OpenPower Software Update Manager...
Sep 13 21:28:19 witherspoon systemd[1]: Starting Wait for /xyz/openbmc_project/time/sync_method...
Sep 13 21:28:19 witherspoon systemd[1]: Starting Phosphor Network Manager...
Sep 13 21:28:21 witherspoon systemd[1]: Starting Wait for /xyz/openbmc_project/control/host0/auto_reboot...
Sep 13 21:28:21 witherspoon systemd[1]: Starting Wait for /xyz/openbmc_project/time/owner...
Sep 13 21:28:21 witherspoon systemd[1]: Starting Wait for /xyz/openbmc_project/control/host0...
Sep 13 21:28:24 witherspoon systemd[1]: Started Phosphor Network Manager.
Sep 13 21:28:25 witherspoon systemd[1]: Started Wait for /xyz/openbmc_project/control/host0/boot/one_time.
Sep 13 21:28:25 witherspoon systemd[1]: Started Wait for /org/openbmc/control/bmc0.
Sep 13 21:28:25 witherspoon systemd[1]: Started Wait for /xyz/openbmc_project/led/groups/bmc_booted.
Sep 13 21:28:25 witherspoon systemd[1]: Started Wait for /xyz/openbmc_project/time/sync_method.
Sep 13 21:28:26 witherspoon systemd[1]: Started Wait for /xyz/openbmc_project/led/groups.
Sep 13 21:28:26 witherspoon systemd[1]: Started FRU Fault monitor service.
Sep 13 21:28:26 witherspoon systemd[1]: Started Wait for /xyz/openbmc_project/control/host0/boot.
Sep 13 21:28:26 witherspoon systemd[1]: Started Wait for /xyz/openbmc_project/inventory.
Sep 13 21:28:27 witherspoon systemd[1]: Started Phosphor GPIO 0 Presence.
Sep 13 21:28:27 witherspoon systemd[1]: obmc-read-eeprom@system-chassis-motherboard-bmc-ethernet.service: Failed to load environment files: No such file or directory
Sep 13 21:28:27 witherspoon systemd[1]: obmc-read-eeprom@system-chassis-motherboard-bmc-ethernet.service: Failed to run 'start' task: No such file or directory
Sep 13 21:28:27 witherspoon systemd[1]: Failed to start Read system/chassis/motherboard/bmc/ethernet EEPROM.
Sep 13 21:28:27 witherspoon systemd[1]: obmc-read-eeprom@system-chassis-motherboard-bmc-ethernet.service: Unit entered failed state.
Sep 13 21:28:27 witherspoon systemd[1]: obmc-read-eeprom@system-chassis-motherboard-bmc-ethernet.service: Failed with result 'resources'.
Sep 13 21:28:27 witherspoon systemd[1]: Starting Sync system/chassis/motherboard/bmc/ethernet...
Sep 13 21:28:27 witherspoon systemd[1]: Starting Read OpenPOWER-format VPD from EEPROM...
Sep 13 21:28:27 witherspoon systemd[1]: obmc-read-eeprom@system-chassis-motherboard-uuid.service: Failed to load environment files: No such file or directory
Sep 13 21:28:27 witherspoon systemd[1]: obmc-read-eeprom@system-chassis-motherboard-uuid.service: Failed to run 'start' task: No such file or directory
Sep 13 21:28:27 witherspoon systemd[1]: Failed to start Read system/chassis/motherboard/uuid EEPROM.
Sep 13 21:28:27 witherspoon systemd[1]: obmc-read-eeprom@system-chassis-motherboard-uuid.service: Unit entered failed state.
Sep 13 21:28:27 witherspoon systemd[1]: obmc-read-eeprom@system-chassis-motherboard-uuid.service: Failed with result 'resources'.
Sep 13 21:28:27 witherspoon systemd[1]: Starting Sync system/chassis/motherboard/uuid...
Sep 13 21:28:27 witherspoon systemd[1]: Started Phosphor Cooling Type.
Sep 13 21:28:28 witherspoon phosphor-gpio-presence[1146]: Updating inventory present property
Sep 13 21:28:28 witherspoon systemd[1]: Starting Phosphor MAX31785 MSL...
Sep 13 21:28:29 witherspoon phosphor-network-manager[1126]: ConfigParser: Key not found
Sep 13 21:28:29 witherspoon phosphor-network-manager[1126]: The operation failed internally.
Sep 13 21:28:29 witherspoon phosphor-network-manager[1126]: Exception occured during getting of DHCP value
Sep 13 21:28:30 witherspoon dbus[965]: [system] Activating via systemd: service name='org.freedesktop.hostname1' unit='dbus-org.freedesktop.hostname1.service'
Sep 13 21:28:30 witherspoon systemd[1]: Started Phosphor GPIO 1 Presence.
Sep 13 21:28:30 witherspoon systemd[1]: Starting OpenPOWER OCC controller...
Sep 13 21:28:31 witherspoon systemd[1]: Started Wait for /xyz/openbmc_project/control/host0/restriction_mode.
Sep 13 21:28:31 witherspoon systemd[1]: Started Wait for /org/openbmc/NetworkManager/Interface.
Sep 13 21:28:31 witherspoon systemd[1]: Started Wait for /org/openbmc/managers/Download.
Sep 13 21:28:32 witherspoon systemd[1]: Started Wait for /xyz/openbmc_project/control/host0/power_restore_policy.
Sep 13 21:28:32 witherspoon systemd[1]: Started Wait for /xyz/openbmc_project/control/host0/auto_reboot.
Sep 13 21:28:32 witherspoon systemd[1]: Started Wait for /xyz/openbmc_project/time/owner.
Sep 13 21:28:32 witherspoon systemd[1]: Started OpenPower Software Update Manager.
Sep 13 21:28:32 witherspoon systemd[1]: Started Phosphor MBOX Daemon.
Sep 13 21:28:32 witherspoon systemd[1]: Starting Create a ubi volume for pnor patches...
Sep 13 21:28:32 witherspoon systemd[1]: Starting Hostname Service...
Sep 13 21:28:33 witherspoon phosphor-gpio-presence[1155]: Updating inventory present property
Sep 13 21:28:33 witherspoon systemd[1]: Starting Phosphor BMC Code Update...
Sep 13 21:28:33 witherspoon systemd[1]: Started Phosphor DNS Settings Cache Manager.
Sep 13 21:28:34 witherspoon kernel: UBIFS (ubi7:3): UBIFS: mounted UBI device 7, volume 3, name "pnor-patch"
Sep 13 21:28:34 witherspoon kernel: UBIFS (ubi7:3): LEB size: 65408 bytes (63 KiB), min./max. I/O unit sizes: 8 bytes/256 bytes
Sep 13 21:28:34 witherspoon kernel: UBIFS (ubi7:3): FS size: 16155776 bytes (15 MiB, 247 LEBs), journal size 784896 bytes (0 MiB, 12 LEBs)
Sep 13 21:28:34 witherspoon kernel: UBIFS (ubi7:3): reserved for root: 763076 bytes (745 KiB)
Sep 13 21:28:34 witherspoon kernel: UBIFS (ubi7:3): media format: w5/r0 (latest is w5/r0), UUID 4D589EF4-9175-4F76-B384-1965B1D7B962, small LPT model
Sep 13 21:28:34 witherspoon kernel[1019]: [   84.680000] UBIFS (ubi7:3): UBIFS: mounted UBI device 7, volume 3, name "pnor-patch"
Sep 13 21:28:34 witherspoon kernel[1019]: [   84.680000] UBIFS (ubi7:3): LEB size: 65408 bytes (63 KiB), min./max. I/O unit sizes: 8 bytes/256 bytes
Sep 13 21:28:34 witherspoon kernel[1019]: [   84.680000] UBIFS (ubi7:3): FS size: 16155776 bytes (15 MiB, 247 LEBs), journal size 784896 bytes (0 MiB, 12 LEBs)
Sep 13 21:28:34 witherspoon kernel[1019]: [   84.880000] UBIFS (ubi7:3): reserved for root: 763076 bytes (745 KiB)
Sep 13 21:28:34 witherspoon kernel[1019]: [   84.880000] UBIFS (ubi7:3): media format: w5/r0 (latest is w5/r0), UUID 4D589EF4-9175-4F76-B384-1965B1D7B962, small LPT model
Sep 13 21:28:35 witherspoon kernel: UBIFS (ubi7:3): background thread "ubifs_bgt7_3" started, PID 1176
Sep 13 21:28:35 witherspoon kernel[1019]: [   84.880000] UBIFS (ubi7:3): background thread "ubifs_bgt7_3" started, PID 1176
Sep 13 21:28:35 witherspoon systemd[1]: Started Create a ubi volume for pnor patches.
Sep 13 21:28:36 witherspoon systemd[1]: Started OpenBMC Software Update Manager.
Sep 13 21:28:37 witherspoon systemd[1]: Starting Phosphor Version Software Manager...
Sep 13 21:28:39 witherspoon system_manager.py[1115]: Running System State: BASE_APPS
Sep 13 21:28:39 witherspoon dbus[965]: [system] Successfully activated service 'org.freedesktop.hostname1'
Sep 13 21:28:39 witherspoon system_manager.py[1115]: SystemManager Init Done
Sep 13 21:28:39 witherspoon systemd[1]: Started Hostname Service.
Sep 13 21:28:39 witherspoon system_manager.py[1115]: Running SystemManager
Sep 13 21:28:39 witherspoon systemd[1]: Started Phoshpor System Manager.
Sep 13 21:28:39 witherspoon systemd[1]: Started Phosphor Version Software Manager.
Sep 13 21:28:40 witherspoon mboxd[1159]: The operation failed internally.
Sep 13 21:28:42 witherspoon systemd[1]: Started Sync system/chassis/motherboard/uuid.
Sep 13 21:28:43 witherspoon systemd[1]: obmc-sync-inventory-item@system-chassis-motherboard-bmc-ethernet.service: Main process exited, code=exited, status=1/FAILURE
Sep 13 21:28:43 witherspoon systemd[1]: Failed to start Sync system/chassis/motherboard/bmc/ethernet.
Sep 13 21:28:43 witherspoon systemd[1]: obmc-sync-inventory-item@system-chassis-motherboard-bmc-ethernet.service: Unit entered failed state.
Sep 13 21:28:43 witherspoon systemd[1]: obmc-sync-inventory-item@system-chassis-motherboard-bmc-ethernet.service: Failed with result 'exit-code'.
Sep 13 21:28:44 witherspoon system_manager.py[1115]: SystemManager Goto System State: BMC_STARTING
Sep 13 21:28:44 witherspoon system_manager.py[1115]: Running System State: BMC_STARTING
Sep 13 21:28:44 witherspoon systemd[1]: Started OpenPOWER OCC controller.
Sep 13 21:28:44 witherspoon settings_manager.py[1120]: Running HostSettingsService
Sep 13 21:28:44 witherspoon systemd[1]: Started Phosphor Settings Manager.
Sep 13 21:28:44 witherspoon systemd[1]: Starting Wait for /org/openbmc/settings/host0...
Sep 13 21:28:45 witherspoon systemd[1]: Started Phosphor BMC Code Update.
Sep 13 21:28:45 witherspoon bmc_update.py[1162]: Running Bmc Flash Control
Sep 13 21:28:45 witherspoon systemd[1]: Started Read OpenPOWER-format VPD from EEPROM.
Sep 13 21:28:46 witherspoon dbus[965]: [system] Activating via systemd: service name='org.freedesktop.journal1' unit='dbus-org.freedesktop.journal1.service'
Sep 13 21:28:46 witherspoon systemd[1]: Starting Journal Dbus Service...
Sep 13 21:28:46 witherspoon dbus[965]: [system] Successfully activated service 'org.freedesktop.journal1'
Sep 13 21:28:46 witherspoon systemd[1]: Started Journal Dbus Service.
Sep 13 21:28:46 witherspoon phosphor-log-manager[954]: Failed to find metadata
Sep 13 21:28:46 witherspoon phosphor-fru-fault-monitor[1135]: /xyz/openbmc_project/logging/entry/1
Sep 13 21:28:47 witherspoon systemd[1]: Started Phosphor MAX31785 MSL.
Sep 13 21:28:48 witherspoon phosphor-dump-manager[1029]: The name xyz.openbmc_project.State.BMC was not provided by any .service files
Sep 13 21:28:48 witherspoon phosphor-dump-manager[1029]: The name xyz.openbmc_project.State.Host was not provided by any .service files
Sep 13 21:28:49 witherspoon phosphor-dump-manager[1029]: The name xyz.openbmc_project.State.Chassis was not provided by any .service files
Sep 13 21:28:56 witherspoon phosphor-dump-manager[1029]: Wed Sep 13 21:28:56 UTC 2017 Report is available in /var/lib/phosphor-debug-collector/dumps/1
Sep 13 21:28:57 witherspoon phosphor-dump-manager[1029]: Wed Sep 13 21:28:57 UTC 2017 Sucessfully completed
Sep 13 21:29:03 witherspoon systemd[1]: Started Wait for /org/openbmc/managers/System.
Sep 13 21:29:03 witherspoon systemd[1]: Starting Phosphor Power Button0...
Sep 13 21:29:03 witherspoon systemd[1]: Starting Phosphor BMC State Manager...
Sep 13 21:29:03 witherspoon systemd[1]: Starting Phosphor Power0 Control...
Sep 13 21:29:04 witherspoon button_reset.exe[1264]: GPIO Lookup:  RESET_BUTTON = 353,both
Sep 13 21:29:04 witherspoon systemd[1]: Starting Phosphor Reset Button0...
Sep 13 21:29:04 witherspoon systemd[1]: Starting Phosphor Chassis State Manager...
Sep 13 21:29:04 witherspoon systemd[1]: Started Phosphor Reset Button0.
Sep 13 21:29:04 witherspoon phosphor-chassis-state-manager[1273]: Initial Chassis State will be Off
Sep 13 21:29:04 witherspoon systemd[1]: Started Phosphor Chassis State Manager.
Sep 13 21:29:04 witherspoon phosphor-bmc-state-manager[1262]: Setting the BMCState field
Sep 13 21:29:04 witherspoon phosphor-bmc-state-manager[1262]: Setting the BMCState field
Sep 13 21:29:05 witherspoon systemd[1]: Started Phosphor BMC State Manager.
Sep 13 21:29:05 witherspoon systemd[1]: Started Wait for /org/openbmc/settings/host0.
Sep 13 21:29:05 witherspoon systemd[1]: Started Phosphor Inband IPMI.
Sep 13 21:29:05 witherspoon button_power.exe[1261]: GPIO Lookup:  POWER_BUTTON = 347,both
Sep 13 21:29:05 witherspoon systemd[1]: Started Phosphor Power Button0.
Sep 13 21:29:05 witherspoon system_manager.py[1115]: New object: /org/openbmc/control/power0 (:1.97)
Sep 13 21:29:05 witherspoon system_manager.py[1115]: Power GPIO config: ['SYS_PWROK_BUFF', '', [('SOFTWARE_PGOOD', True), ('BMC_POWER_UP', True)], [('BMC_CP0_RESET_N', False)], [], 'FSI_DATA', 'FSI_CLK', 'FSI_ENABLE', 'CRONUS_SEL', []]
Sep 13 21:29:05 witherspoon power_control.exe[1263]: Power GPIO latch output:
Sep 13 21:29:05 witherspoon power_control.exe[1263]: Power GPIO power good input: SYS_PWROK_BUFF
Sep 13 21:29:05 witherspoon power_control.exe[1263]: Power GPIO 2 power_up outputs
Sep 13 21:29:05 witherspoon power_control.exe[1263]: Power GPIO power_up[0] = SOFTWARE_PGOOD active HIGH
Sep 13 21:29:05 witherspoon power_control.exe[1263]: Power GPIO power_up[1] = BMC_POWER_UP active HIGH
Sep 13 21:29:05 witherspoon power_control.exe[1263]: Power GPIO 1 reset outputs
Sep 13 21:29:05 witherspoon power_control.exe[1263]: Power GPIO reset[0] = BMC_CP0_RESET_N active LOW
Sep 13 21:29:05 witherspoon power_control.exe[1263]: Power GPIO 0 pci reset outputs
Sep 13 21:29:05 witherspoon power_control.exe[1263]: FSI DATA GPIO: FSI_DATA
Sep 13 21:29:05 witherspoon power_control.exe[1263]: FSI CLK GPIO: FSI_CLK
Sep 13 21:29:05 witherspoon power_control.exe[1263]: FSI ENABLE GPIO: FSI_ENABLE
Sep 13 21:29:05 witherspoon power_control.exe[1263]: CRONUS SEL GPIO: CRONUS_SEL
Sep 13 21:29:05 witherspoon power_control.exe[1263]: Hostctl GPIO optionals: 0
Sep 13 21:29:06 witherspoon power_control.exe[1263]: GPIO Lookup:  SYS_PWROK_BUFF = 306,in
Sep 13 21:29:07 witherspoon power_control.exe[1263]: GPIO Lookup:  SOFTWARE_PGOOD = 417,out
Sep 13 21:29:07 witherspoon power_control.exe[1263]: GPIO Lookup:  BMC_POWER_UP = 305,out
Sep 13 21:29:07 witherspoon power_control.exe[1263]: GPIO Lookup:  BMC_CP0_RESET_N = 281,out
Sep 13 21:29:07 witherspoon power_control.exe[1263]: Pgood state: 0
Sep 13 21:29:07 witherspoon systemd[1]: Started Phosphor Power0 Control.
Sep 13 21:29:11 witherspoon systemd[1]: Started Wait for /xyz/openbmc_project/state/chassis0.
Sep 13 21:29:11 witherspoon systemd[1]: Started Wait for /org/openbmc/control/power0.
Sep 13 21:29:11 witherspoon systemd[1]: Starting Check Chassis0 pgood and create a file to indicate it...
Sep 13 21:29:11 witherspoon systemd[1]: Starting Phosphor Time Manager daemon...
Sep 13 21:29:12 witherspoon systemd[1]: Started Check Chassis0 pgood and create a file to indicate it.
Sep 13 21:29:12 witherspoon systemd[1]: Reached target Chassis0 power on after reset.
Sep 13 21:29:12 witherspoon systemd[1]: Reached target Chassis0 (Reset Check).
Sep 13 21:29:13 witherspoon timemanager[1294]: Registering dbus methods
Sep 13 21:29:13 witherspoon systemd[1]: Started Wait for /xyz/openbmc_project/control/host0.
Sep 13 21:29:13 witherspoon systemd[1]: Reached target Host0 running after reset.
Sep 13 21:29:13 witherspoon systemd[1]: Starting Phosphor Host State Manager...
Sep 13 21:29:13 witherspoon systemd[1]: Reached target Host0 (Reset Check).
Sep 13 21:29:15 witherspoon timemanager[1294]: Last known time_mode: NTP
Sep 13 21:29:15 witherspoon timemanager[1294]: Last known time_owner: BMC
Sep 13 21:29:15 witherspoon timemanager[1294]: Empty DhcpNtp string
Sep 13 21:29:15 witherspoon timemanager[1294]: Reading Power Control key: pgood
Sep 13 21:29:15 witherspoon phosphor-gevent[1122]: Traceback (most recent call last):
Sep 13 21:29:15 witherspoon phosphor-gevent[1122]:   File "/usr/lib/python2.7/site-packages/gevent/greenlet.py", line 327, in run
Sep 13 21:29:15 witherspoon phosphor-gevent[1122]:     result = self._run(*self.args, **self.kwargs)
Sep 13 21:29:15 witherspoon phosphor-gevent[1122]:   File "/usr/lib/python2.7/site-packages/gevent/server.py", line 102, in wrap_socket_and_handle
Sep 13 21:29:15 witherspoon timemanager[1294]: Changing settings *allowed* now
Sep 13 21:29:15 witherspoon phosphor-gevent[1122]:     ssl_socket = self.wrap_socket(client_socket, **self.ssl_args)
Sep 13 21:29:15 witherspoon phosphor-gevent[1122]:   File "/usr/lib/python2.7/site-packages/gevent/ssl.py", line 404, in wrap_socket
Sep 13 21:29:15 witherspoon phosphor-gevent[1122]:     ciphers=ciphers)
Sep 13 21:29:15 witherspoon phosphor-gevent[1122]:   File "/usr/lib/python2.7/site-packages/gevent/ssl.py", line 113, in __init__
Sep 13 21:29:15 witherspoon phosphor-gevent[1122]:     self.do_handshake()
Sep 13 21:29:15 witherspoon phosphor-gevent[1122]:   File "/usr/lib/python2.7/site-packages/gevent/ssl.py", line 324, in do_handshake
Sep 13 21:29:15 witherspoon phosphor-gevent[1122]:     return self._sslobj.do_handshake()
Sep 13 21:29:15 witherspoon phosphor-gevent[1122]: SSLEOFError: EOF occurred in violation of protocol (_ssl.c:590)
Sep 13 21:29:15 witherspoon phosphor-gevent[1122]: <Greenlet at 0x75fc4490: <bound method WSGIServer.wrap_socket_and_handle of <WSGIServer at 0x75f9abd0 fileno=5 address=('::34f2:ea76:b0cd:6076%1986055584', 443, 0, 1986055584)>>(<socket at 0x75e718b0 fileno=9>, ('::80d9:5e76:8e91:f402%1995037468', 54098, 0, 199)> failed with SSLEOFError
Sep 13 21:29:15 witherspoon phosphor-gevent[1122]: Traceback (most recent call last):
Sep 13 21:29:15 witherspoon phosphor-gevent[1122]:   File "/usr/lib/python2.7/site-packages/gevent/greenlet.py", line 327, in run
Sep 13 21:29:15 witherspoon phosphor-gevent[1122]:     result = self._run(*self.args, **self.kwargs)
Sep 13 21:29:15 witherspoon phosphor-gevent[1122]:   File "/usr/lib/python2.7/site-packages/gevent/server.py", line 102, in wrap_socket_and_handle
Sep 13 21:29:15 witherspoon phosphor-gevent[1122]:     ssl_socket = self.wrap_socket(client_socket, **self.ssl_args)
Sep 13 21:29:15 witherspoon phosphor-gevent[1122]:   File "/usr/lib/python2.7/site-packages/gevent/ssl.py", line 404, in wrap_socket
Sep 13 21:29:15 witherspoon phosphor-gevent[1122]:     ciphers=ciphers)
Sep 13 21:29:15 witherspoon phosphor-gevent[1122]:   File "/usr/lib/python2.7/site-packages/gevent/ssl.py", line 113, in __init__
Sep 13 21:29:15 witherspoon phosphor-gevent[1122]:     self.do_handshake()
Sep 13 21:29:15 witherspoon phosphor-gevent[1122]:   File "/usr/lib/python2.7/site-packages/gevent/ssl.py", line 324, in do_handshake
Sep 13 21:29:15 witherspoon phosphor-gevent[1122]:     return self._sslobj.do_handshake()
Sep 13 21:29:15 witherspoon phosphor-gevent[1122]: SSLEOFError: EOF occurred in violation of protocol (_ssl.c:590)
Sep 13 21:29:15 witherspoon phosphor-gevent[1122]: <Greenlet at 0x75fc4760: <bound method WSGIServer.wrap_socket_and_handle of <WSGIServer at 0x75f9abd0 fileno=5 address=('::34f2:ea76:b0cd:6076%1986055584', 443, 0, 1986055584)>>(<socket at 0x75e71850 fileno=10>, ('::80d9:5e76:8e91:f402%1995037468', 54100, 0, 199)> failed with SSLEOFError
Sep 13 21:29:16 witherspoon phosphor-gevent[1122]: Traceback (most recent call last):
Sep 13 21:29:16 witherspoon phosphor-gevent[1122]:   File "/usr/lib/python2.7/site-packages/gevent/greenlet.py", line 327, in run
Sep 13 21:29:16 witherspoon phosphor-gevent[1122]:     result = self._run(*self.args, **self.kwargs)
Sep 13 21:29:16 witherspoon phosphor-gevent[1122]:   File "/usr/lib/python2.7/site-packages/gevent/server.py", line 102, in wrap_socket_and_handle
Sep 13 21:29:16 witherspoon phosphor-gevent[1122]:     ssl_socket = self.wrap_socket(client_socket, **self.ssl_args)
Sep 13 21:29:16 witherspoon phosphor-gevent[1122]:   File "/usr/lib/python2.7/site-packages/gevent/ssl.py", line 404, in wrap_socket
Sep 13 21:29:16 witherspoon phosphor-gevent[1122]:     ciphers=ciphers)
Sep 13 21:29:16 witherspoon phosphor-gevent[1122]:   File "/usr/lib/python2.7/site-packages/gevent/ssl.py", line 113, in __init__
Sep 13 21:29:16 witherspoon phosphor-gevent[1122]:     self.do_handshake()
Sep 13 21:29:16 witherspoon phosphor-gevent[1122]:   File "/usr/lib/python2.7/site-packages/gevent/ssl.py", line 324, in do_handshake
Sep 13 21:29:16 witherspoon phosphor-gevent[1122]:     return self._sslobj.do_handshake()
Sep 13 21:29:16 witherspoon phosphor-gevent[1122]: SSLEOFError: EOF occurred in violation of protocol (_ssl.c:590)
Sep 13 21:29:16 witherspoon phosphor-gevent[1122]: <Greenlet at 0x75fc4440: <bound method WSGIServer.wrap_socket_and_handle of <WSGIServer at 0x75f9abd0 fileno=5 address=('::34f2:ea76:b0cd:6076%1986055584', 443, 0, 1986055584)>>(<socket at 0x75e718f0 fileno=11>, ('::80d9:5e76:8e91:f402%1995037468', 54102, 0, 199)> failed with SSLEOFError
Sep 13 21:29:16 witherspoon phosphor-host-state-manager[1304]: Initial Host State will be Off
Sep 13 21:29:16 witherspoon phosphor-host-state-manager[1304]: External request to reset reboot count
Sep 13 21:29:16 witherspoon timemanager[1294]: Owner is already set to : BMC
Sep 13 21:29:16 witherspoon timemanager[1294]: Requested_Mode: NTP Current_Mode: NTP
Sep 13 21:29:16 witherspoon timemanager[1294]: Mode is already set to : NTP
Sep 13 21:29:16 witherspoon timemanager[1294]: Getting System Settings: use_dhcp_ntp
Sep 13 21:29:16 witherspoon timemanager[1294]: use_dhcp_ntp = yes
Sep 13 21:29:16 witherspoon timemanager[1294]: Last known host_offset:0
Sep 13 21:29:16 witherspoon timemanager[1294]: Initial Uptime Usec: 1505338029960452
Sep 13 21:29:16 witherspoon systemd[1]: Started Phosphor Time Manager daemon.
Sep 13 21:29:16 witherspoon systemd[1]: Started Phosphor Host State Manager.
Sep 13 21:29:17 witherspoon systemd[1]: Started Wait for /xyz/openbmc_project/state/host0.
Sep 13 21:29:17 witherspoon systemd[1]: Starting Reboot If Enabled...
Sep 13 21:29:18 witherspoon phosphor-discover-system-state[1306]: Host power is off, checking power policy
Sep 13 21:29:18 witherspoon systemd[1]: Started Reboot If Enabled.
Sep 13 21:29:18 witherspoon systemd[1]: Reached target Phosphor System - Standby.
Sep 13 21:29:18 witherspoon systemd[1]: Starting Assert bmc_booted LED...
Sep 13 21:29:18 witherspoon phosphor-bmc-state-manager[1262]: BMC_READY
Sep 13 21:29:18 witherspoon phosphor-bmc-state-manager[1262]: Setting the BMCState field
Sep 13 21:29:18 witherspoon phosphor-ledmanager[964]: Asserting LEDs
Sep 13 21:29:18 witherspoon systemd[1]: Started Assert bmc_booted LED.
Sep 13 21:29:18 witherspoon systemd[1]: Startup finished in 10.100s (kernel) + 1min 58.815s (userspace) = 2min 8.915s.
Sep 13 21:29:20 witherspoon phosphor-gevent[1122]: ::80d9:5e76:8e91:f402%1995037468 - - [2017-09-13 21:29:20] "POST /login HTTP/1.1" 200 320 0.281266
Sep 13 21:29:20 witherspoon phosphor-gevent[1122]: ::80d9:5e76:8e91:f402%1995037468 - - [2017-09-13 21:29:20] "GET /xyz/openbmc_project/state/chassis0//attr/CurrentPowerState HTTP/1.1" 200 216 0.057637
Sep 13 21:29:20 witherspoon phosphor-gevent[1122]: ::80d9:5e76:8e91:f402%1995037468 - - [2017-09-13 21:29:20] "POST /login HTTP/1.1" 200 320 0.032807
Sep 13 21:29:20 witherspoon phosphor-gevent[1122]: ::80d9:5e76:8e91:f402%1995037468 - - [2017-09-13 21:29:20] "GET /xyz/openbmc_project/state/chassis0//attr/CurrentPowerState HTTP/1.1" 200 216 0.052081
Sep 13 21:29:20 witherspoon phosphor-gevent[1122]: ::80d9:5e76:8e91:f402%1995037468 - - [2017-09-13 21:29:20] "POST /login HTTP/1.1" 200 320 0.032967
Sep 13 21:29:21 witherspoon phosphor-gevent[1122]: ::80d9:5e76:8e91:f402%1995037468 - - [2017-09-13 21:29:21] "GET /xyz/openbmc_project/state/host0//attr/BootProgress HTTP/1.1" 200 234 0.074774
Sep 13 21:29:21 witherspoon phosphor-gevent[1122]: ::80d9:5e76:8e91:f402%1995037468 - - [2017-09-13 21:29:21] "POST /login HTTP/1.1" 200 320 0.032846
Sep 13 21:29:22 witherspoon phosphor-gevent[1122]: ::80d9:5e76:8e91:f402%1995037468 - - [2017-09-13 21:29:22] "GET /xyz/openbmc_project/state/host0//attr/CurrentHostState HTTP/1.1" 200 212 0.902145
Sep 13 21:29:22 witherspoon phosphor-gevent[1122]: ::80d9:5e76:8e91:f402%1995037468 - - [2017-09-13 21:29:22] "POST /login HTTP/1.1" 200 320 0.055309
Sep 13 21:29:22 witherspoon phosphor-gevent[1122]: ::80d9:5e76:8e91:f402%1995037468 - - [2017-09-13 21:29:22] "GET /xyz/openbmc_project/logging/entry//list HTTP/1.1" 200 214 0.054979
Sep 13 21:29:22 witherspoon phosphor-gevent[1122]: ::80d9:5e76:8e91:f402%1995037468 - - [2017-09-13 21:29:22] "POST /login HTTP/1.1" 200 320 0.033370
Sep 13 21:29:22 witherspoon phosphor-gevent[1122]: ::80d9:5e76:8e91:f402%1995037468 - - [2017-09-13 21:29:22] "GET /xyz/openbmc_project/logging/entry//list HTTP/1.1" 200 214 0.038327
Sep 13 21:29:23 witherspoon phosphor-gevent[1122]: ::80d9:5e76:8e91:f402%1995037468 - - [2017-09-13 21:29:23] "POST /login HTTP/1.1" 200 320 0.039036
Sep 13 21:29:23 witherspoon phosphor-gevent[1122]: ::80d9:5e76:8e91:f402%1995037468 - - [2017-09-13 21:29:23] "DELETE /xyz/openbmc_project/logging/entry/1 HTTP/1.1" 200 169 0.086330
Sep 13 21:29:23 witherspoon phosphor-gevent[1122]: ::80d9:5e76:8e91:f402%1995037468 - - [2017-09-13 21:29:23] "POST /login HTTP/1.1" 200 320 0.066090
Sep 13 21:29:23 witherspoon phosphor-gevent[1122]: ::80d9:5e76:8e91:f402%1995037468 - - [2017-09-13 21:29:23] "GET /xyz/openbmc_project/state/host0//attr/CurrentHostState HTTP/1.1" 200 212 0.081072
Sep 13 21:29:24 witherspoon phosphor-gevent[1122]: ::80d9:5e76:8e91:f402%1995037468 - - [2017-09-13 21:29:24] "POST /login HTTP/1.1" 200 320 0.033008
Sep 13 21:29:24 witherspoon phosphor-gevent[1122]: ::80d9:5e76:8e91:f402%1995037468 - - [2017-09-13 21:29:24] "GET /xyz/openbmc_project/logging/entry//list HTTP/1.1" 404 311 0.029839
Sep 13 21:29:24 witherspoon phosphor-gevent[1122]: ::80d9:5e76:8e91:f402%1995037468 - - [2017-09-13 21:29:24] "POST /login HTTP/1.1" 200 320 0.044931
Sep 13 21:29:24 witherspoon phosphor-gevent[1122]: ::80d9:5e76:8e91:f402%1995037468 - - [2017-09-13 21:29:24] "GET /xyz/openbmc_project/logging/entry//list HTTP/1.1" 404 311 0.029362
Sep 13 21:29:24 witherspoon dropbear[1088]: Exit (root): Exited normally
Sep 13 21:30:01 witherspoon avahi-daemon[1020]: Withdrawing address record for fe80::72e2:84ff:fe14:23e1 on eth0.
Sep 13 21:30:01 witherspoon avahi-daemon[1020]: Host name conflict, retrying with witherspoon-2
Sep 13 21:30:01 witherspoon avahi-daemon[1020]: Registering new address record for fe80::72e2:84ff:fe14:23e1 on eth0.*.
Sep 13 21:30:01 witherspoon avahi-daemon[1020]: Registering new address record for 9.3.86.161 on eth0.IPv4.
Sep 13 21:30:02 witherspoon avahi-daemon[1020]: Server startup complete. Host name is witherspoon-2.local. Local service cookie is 666649962.
Sep 13 21:30:02 witherspoon avahi-daemon[1020]: Service name conflict for "sftp" (/services/sftp.service), retrying with "sftp #2".
Sep 13 21:30:02 witherspoon avahi-daemon[1020]: Service name conflict for "obmc_console" (/services/obmc_console.service), retrying with "obmc_console #2".
Sep 13 21:30:02 witherspoon avahi-daemon[1020]: Service name conflict for "phosphor_rest" (/services/phosphor_rest.service), retrying with "phosphor_rest #2".
Sep 13 21:30:03 witherspoon avahi-daemon[1020]: Service "witherspoon-2" (/services/ssh.service) successfully established.
Sep 13 21:30:03 witherspoon avahi-daemon[1020]: Service "witherspoon-2" (/services/sftp-ssh.service) successfully established.
Sep 13 21:30:03 witherspoon avahi-daemon[1020]: Service name conflict for "phosphor_rest" (/services/phosphor_rest.service), retrying with "phosphor_rest #3".
Sep 13 21:30:03 witherspoon avahi-daemon[1020]: Service name conflict for "sftp" (/services/sftp.service), retrying with "sftp #3".
Sep 13 21:30:03 witherspoon avahi-daemon[1020]: Service name conflict for "obmc_console" (/services/obmc_console.service), retrying with "obmc_console #3".
Sep 13 21:30:04 witherspoon avahi-daemon[1020]: Service name conflict for "phosphor_rest" (/services/phosphor_rest.service), retrying with "phosphor_rest #4".
Sep 13 21:30:04 witherspoon avahi-daemon[1020]: Service name conflict for "sftp" (/services/sftp.service), retrying with "sftp #4".
Sep 13 21:30:04 witherspoon avahi-daemon[1020]: Service name conflict for "obmc_console" (/services/obmc_console.service), retrying with "obmc_console #4".
Sep 13 21:30:05 witherspoon avahi-daemon[1020]: Service name conflict for "phosphor_rest" (/services/phosphor_rest.service), retrying with "phosphor_rest #5".
Sep 13 21:30:05 witherspoon avahi-daemon[1020]: Service name conflict for "sftp" (/services/sftp.service), retrying with "sftp #5".
Sep 13 21:30:05 witherspoon avahi-daemon[1020]: Service name conflict for "obmc_console" (/services/obmc_console.service), retrying with "obmc_console #5".
Sep 13 21:30:06 witherspoon avahi-daemon[1020]: Service name conflict for "obmc_console" (/services/obmc_console.service), retrying with "obmc_console #6".
Sep 13 21:30:06 witherspoon avahi-daemon[1020]: Service name conflict for "sftp" (/services/sftp.service), retrying with "sftp #6".
Sep 13 21:30:06 witherspoon avahi-daemon[1020]: Service name conflict for "phosphor_rest" (/services/phosphor_rest.service), retrying with "phosphor_rest #6".
Sep 13 21:30:07 witherspoon avahi-daemon[1020]: Service name conflict for "phosphor_rest" (/services/phosphor_rest.service), retrying with "phosphor_rest #7".
Sep 13 21:30:07 witherspoon avahi-daemon[1020]: Service name conflict for "sftp" (/services/sftp.service), retrying with "sftp #7".
Sep 13 21:30:07 witherspoon avahi-daemon[1020]: Service name conflict for "obmc_console" (/services/obmc_console.service), retrying with "obmc_console #7".
Sep 13 21:30:08 witherspoon avahi-daemon[1020]: Service name conflict for "obmc_console" (/services/obmc_console.service), retrying with "obmc_console #8".
Sep 13 21:30:08 witherspoon avahi-daemon[1020]: Service name conflict for "sftp" (/services/sftp.service), retrying with "sftp #8".
Sep 13 21:30:08 witherspoon avahi-daemon[1020]: Service name conflict for "phosphor_rest" (/services/phosphor_rest.service), retrying with "phosphor_rest #8".
Sep 13 21:30:09 witherspoon avahi-daemon[1020]: Service name conflict for "obmc_console" (/services/obmc_console.service), retrying with "obmc_console #9".
Sep 13 21:30:09 witherspoon avahi-daemon[1020]: Service name conflict for "sftp" (/services/sftp.service), retrying with "sftp #9".
Sep 13 21:30:10 witherspoon avahi-daemon[1020]: Service "phosphor_rest #8" (/services/phosphor_rest.service) successfully established.
Sep 13 21:30:10 witherspoon avahi-daemon[1020]: Service name conflict for "obmc_console" (/services/obmc_console.service), retrying with "obmc_console #10".
Sep 13 21:30:10 witherspoon avahi-daemon[1020]: Service name conflict for "sftp" (/services/sftp.service), retrying with "sftp #10".
Sep 13 21:30:11 witherspoon avahi-daemon[1020]: Service name conflict for "obmc_console" (/services/obmc_console.service), retrying with "obmc_console #11".
Sep 13 21:30:11 witherspoon avahi-daemon[1020]: Service name conflict for "sftp" (/services/sftp.service), retrying with "sftp #11".
Sep 13 21:30:12 witherspoon avahi-daemon[1020]: Service name conflict for "obmc_console" (/services/obmc_console.service), retrying with "obmc_console #12".
Sep 13 21:30:12 witherspoon avahi-daemon[1020]: Service name conflict for "sftp" (/services/sftp.service), retrying with "sftp #12".
Sep 13 21:30:13 witherspoon avahi-daemon[1020]: Service name conflict for "sftp" (/services/sftp.service), retrying with "sftp #13".
Sep 13 21:30:13 witherspoon avahi-daemon[1020]: Service name conflict for "obmc_console" (/services/obmc_console.service), retrying with "obmc_console #13".
Sep 13 21:30:14 witherspoon avahi-daemon[1020]: Service name conflict for "obmc_console" (/services/obmc_console.service), retrying with "obmc_console #14".
Sep 13 21:30:14 witherspoon avahi-daemon[1020]: Service name conflict for "sftp" (/services/sftp.service), retrying with "sftp #14".
Sep 13 21:30:15 witherspoon avahi-daemon[1020]: Service name conflict for "sftp" (/services/sftp.service), retrying with "sftp #15".
Sep 13 21:30:15 witherspoon avahi-daemon[1020]: Service name conflict for "obmc_console" (/services/obmc_console.service), retrying with "obmc_console #15".
Sep 13 21:30:32 witherspoon systemd[1]: Started SSH Per-Connection Server (9.41.165.94:42758).
Sep 13 21:30:32 witherspoon dropbear[1324]: Failed loading /etc/dropbear/dropbear_dss_host_key
Sep 13 21:30:32 witherspoon dropbear[1324]: Failed loading /etc/dropbear/dropbear_ecdsa_host_key
Sep 13 21:30:32 witherspoon dropbear[1324]: Child connection from ::ffff:9.41.165.94:42758
Sep 13 21:30:33 witherspoon dropbear[1324]: PAM password auth succeeded for 'root' from ::ffff:9.41.165.94:42758
Sep 13 21:30:33 witherspoon dropbear[1325]: lastlog_perform_login: Couldn't stat /var/log/lastlog: No such file or directory
Sep 13 21:30:33 witherspoon dropbear[1325]: lastlog_openseek: /var/log/lastlog is not a file or directory!
Sep 13 21:30:34 witherspoon phosphor-gevent[1122]: ::80d9:5e76:8e91:f402%1995037468 - - [2017-09-13 21:30:34] "POST /login HTTP/1.1" 200 320 0.036586
Sep 13 21:30:34 witherspoon phosphor-gevent[1122]: ::80d9:5e76:8e91:f402%1995037468 - - [2017-09-13 21:30:34] "GET /xyz/openbmc_project/software/ HTTP/1.1" 200 261 0.046873
Sep 13 21:30:34 witherspoon phosphor-gevent[1122]: ::80d9:5e76:8e91:f402%1995037468 - - [2017-09-13 21:30:34] "POST /login HTTP/1.1" 200 320 0.033256
Sep 13 21:30:34 witherspoon phosphor-gevent[1122]: ::80d9:5e76:8e91:f402%1995037468 - - [2017-09-13 21:30:34] "GET /xyz/openbmc_project/software/8764baa3/attr/Purpose HTTP/1.1" 200 224 0.120689
Sep 13 21:30:34 witherspoon phosphor-gevent[1122]: ::80d9:5e76:8e91:f402%1995037468 - - [2017-09-13 21:30:34] "POST /login HTTP/1.1" 200 320 0.033141
Sep 13 21:30:35 witherspoon phosphor-gevent[1122]: ::80d9:5e76:8e91:f402%1995037468 - - [2017-09-13 21:30:35] "GET /xyz/openbmc_project/software/active/attr/Purpose HTTP/1.1" 404 259 0.043872
Sep 13 21:30:35 witherspoon phosphor-gevent[1122]: ::80d9:5e76:8e91:f402%1995037468 - - [2017-09-13 21:30:35] "POST /login HTTP/1.1" 200 320 0.032714
Sep 13 21:30:35 witherspoon phosphor-gevent[1122]: ::80d9:5e76:8e91:f402%1995037468 - - [2017-09-13 21:30:35] "GET /xyz/openbmc_project/software/8764baa3 HTTP/1.1" 200 970 0.131411
Sep 13 21:30:35 witherspoon systemd[1]: Started SSH Per-Connection Server (9.41.165.94:42768).
Sep 13 21:30:35 witherspoon dropbear[1331]: Failed loading /etc/dropbear/dropbear_dss_host_key
Sep 13 21:30:35 witherspoon dropbear[1331]: Failed loading /etc/dropbear/dropbear_ecdsa_host_key
Sep 13 21:30:35 witherspoon dropbear[1331]: Child connection from ::ffff:9.41.165.94:42768
Sep 13 21:30:36 witherspoon avahi-daemon[1020]: Service "sftp #15" (/services/sftp.service) successfully established.
Sep 13 21:30:36 witherspoon avahi-daemon[1020]: Service "obmc_console #15" (/services/obmc_console.service) successfully established.
Sep 13 21:30:36 witherspoon dropbear[1331]: PAM password auth succeeded for 'root' from ::ffff:9.41.165.94:42768
Sep 13 21:30:36 witherspoon systemd[1]: Started SSH Per-Connection Server (9.3.62.215:60949).
Sep 13 21:30:36 witherspoon dropbear[1333]: lastlog_perform_login: Couldn't stat /var/log/lastlog: No such file or directory
Sep 13 21:30:36 witherspoon dropbear[1333]: lastlog_openseek: /var/log/lastlog is not a file or directory!
Sep 13 21:30:36 witherspoon dropbear[1332]: Failed loading /etc/dropbear/dropbear_dss_host_key
Sep 13 21:30:36 witherspoon dropbear[1332]: Failed loading /etc/dropbear/dropbear_ecdsa_host_key
Sep 13 21:30:36 witherspoon dropbear[1332]: Child connection from ::ffff:9.3.62.215:60949
Sep 13 21:30:36 witherspoon systemd[1]: Started SSH Per-Connection Server (9.41.165.94:42770).
Sep 13 21:30:36 witherspoon dropbear[1339]: Failed loading /etc/dropbear/dropbear_dss_host_key
Sep 13 21:30:36 witherspoon dropbear[1339]: Failed loading /etc/dropbear/dropbear_ecdsa_host_key
Sep 13 21:30:37 witherspoon dropbear[1339]: Child connection from ::ffff:9.41.165.94:42770
Sep 13 21:30:37 witherspoon dropbear[1332]: PAM password auth succeeded for 'root' from ::ffff:9.3.62.215:60949
Sep 13 21:30:37 witherspoon dropbear[1340]: lastlog_perform_login: Couldn't stat /var/log/lastlog: No such file or directory
Sep 13 21:30:37 witherspoon dropbear[1340]: lastlog_openseek: /var/log/lastlog is not a file or directory!
Sep 13 21:30:38 witherspoon dropbear[1339]: PAM password auth succeeded for 'root' from ::ffff:9.41.165.94:42770
Sep 13 21:30:38 witherspoon dropbear[1344]: lastlog_perform_login: Couldn't stat /var/log/lastlog: No such file or directory
Sep 13 21:30:38 witherspoon dropbear[1344]: lastlog_openseek: /var/log/lastlog is not a file or directory!
Sep 13 21:30:39 witherspoon phosphor-gevent[1122]: ::80d9:5e76:8e91:f402%1995037468 - - [2017-09-13 21:30:39] "POST /login HTTP/1.1" 200 320 0.033055
Sep 13 21:30:39 witherspoon phosphor-gevent[1122]: ::80d9:5e76:8e91:f402%1995037468 - - [2017-09-13 21:30:39] "POST /login HTTP/1.1" 200 320 0.052540
Sep 13 21:30:40 witherspoon phosphor-gevent[1122]: ::80d9:5e76:8e91:f402%1995037468 - - [2017-09-13 21:30:40] "GET /xyz/openbmc_project/state/host0//attr/CurrentHostState HTTP/1.1" 200 212 0.171324
Sep 13 21:30:40 witherspoon systemd[1]: Created slice system-obmc\x2dconsole\x2dssh.slice.
Sep 13 21:30:40 witherspoon systemd[1]: Started Phosphor Host Console SSH Per-Connection (9.41.165.94:38054).
Sep 13 21:30:40 witherspoon dropbear[1352]: Failed loading /etc/dropbear/dropbear_dss_host_key
Sep 13 21:30:40 witherspoon dropbear[1352]: Failed loading /etc/dropbear/dropbear_ecdsa_host_key
Sep 13 21:30:40 witherspoon dropbear[1352]: Child connection from ::ffff:9.41.165.94:38054
Sep 13 21:30:41 witherspoon dropbear[1352]: PAM password auth succeeded for 'root' from ::ffff:9.41.165.94:38054
Sep 13 21:30:41 witherspoon dropbear[1353]: lastlog_perform_login: Couldn't stat /var/log/lastlog: No such file or directory
Sep 13 21:30:41 witherspoon dropbear[1353]: lastlog_openseek: /var/log/lastlog is not a file or directory!
Sep 13 21:30:41 witherspoon phosphor-gevent[1122]: ::80d9:5e76:8e91:f402%1995037468 - - [2017-09-13 21:30:41] "POST /login HTTP/1.1" 200 320 0.042241
Sep 13 21:30:42 witherspoon phosphor-host-state-manager[1304]: Host State transaction request
