-- Logs begin at Thu 2017-07-06 22:08:39 UTC, end at Thu 2017-07-06 22:23:23 UTC. --
Jul 06 22:08:39 witherspoon kernel: Booting Linux on physical CPU 0x0
Jul 06 22:08:39 witherspoon kernel: Linux version 4.10.17-990f06c35b7e119f00967e90f0514dbbd2e1b51b (jenkins@openbmc-builder1) (gcc version 6.2.0 (GCC) ) #1 Thu Jul 6 19:21:19 UTC 2017
Jul 06 22:08:39 witherspoon kernel: CPU: ARMv6-compatible processor [410fb767] revision 7 (ARMv7), cr=00c5387d
Jul 06 22:08:39 witherspoon kernel: CPU: PIPT / VIPT nonaliasing data cache, VIPT nonaliasing instruction cache
Jul 06 22:08:39 witherspoon kernel: OF: fdt:Machine model: Witherspoon BMC
Jul 06 22:08:39 witherspoon kernel: Memory policy: Data cache writeback
Jul 06 22:08:39 witherspoon kernel: SOC Rev: 04030303
Jul 06 22:08:39 witherspoon kernel: On node 0 totalpages: 110592
Jul 06 22:08:39 witherspoon kernel: free_area_init_node: node 0, pgdat 805f33fc, node_mem_map 9ec1a000
Jul 06 22:08:39 witherspoon kernel:   Normal zone: 992 pages used for memmap
Jul 06 22:08:39 witherspoon kernel:   Normal zone: 0 pages reserved
Jul 06 22:08:39 witherspoon kernel:   Normal zone: 110592 pages, LIFO batch:31
Jul 06 22:08:39 witherspoon kernel: pcpu-alloc: s0 r0 d32768 u32768 alloc=1*32768
Jul 06 22:08:39 witherspoon kernel: pcpu-alloc: [0] 0 
Jul 06 22:08:39 witherspoon kernel: Built 1 zonelists in Zone order, mobility grouping on.  Total pages: 109600
Jul 06 22:08:39 witherspoon kernel: Kernel command line: console=ttyS4,115200n8 root=/dev/ram rw
Jul 06 22:08:39 witherspoon kernel: PID hash table entries: 2048 (order: 1, 8192 bytes)
Jul 06 22:08:39 witherspoon kernel: Dentry cache hash table entries: 65536 (order: 6, 262144 bytes)
Jul 06 22:08:39 witherspoon kernel: Inode-cache hash table entries: 32768 (order: 5, 131072 bytes)
Jul 06 22:08:39 witherspoon kernel: Memory: 430508K/442368K available (4048K kernel code, 280K rwdata, 1172K rodata, 276K init, 111K bss, 11860K reserved, 0K cma-reserved)
Jul 06 22:08:39 witherspoon kernel: Virtual kernel memory layout:
                                        vector  : 0xffff0000 - 0xffff1000   (   4 kB)
                                        fixmap  : 0xffc00000 - 0xfff00000   (3072 kB)
                                        vmalloc : 0x9f800000 - 0xff800000   (1536 MB)
                                        lowmem  : 0x80000000 - 0x9f000000   ( 496 MB)
                                          .text : 0x80008000 - 0x803fc590   (4050 kB)
                                          .init : 0x8057b000 - 0x805c0000   ( 276 kB)
                                          .data : 0x805c0000 - 0x806061a8   ( 281 kB)
                                           .bss : 0x806061a8 - 0x80622078   ( 112 kB)
Jul 06 22:08:39 witherspoon kernel: NR_IRQS:16 nr_irqs:16 16
Jul 06 22:08:39 witherspoon kernel: i2c controller registered, irq 16
Jul 06 22:08:39 witherspoon kernel: clocksource: moxart_timer: mask: 0xffffffff max_cycles: 0xffffffff, max_idle_ns: 77222644334 ns
Jul 06 22:08:39 witherspoon kernel: sched_clock: 32 bits at 100 Hz, resolution 10000000ns, wraps every 21474836475000000ns
Jul 06 22:08:39 witherspoon kernel: Calibrating delay loop... 789.70 BogoMIPS (lpj=3948544)
Jul 06 22:08:39 witherspoon kernel: pid_max: default: 32768 minimum: 301
Jul 06 22:08:39 witherspoon kernel: Mount-cache hash table entries: 1024 (order: 0, 4096 bytes)
Jul 06 22:08:39 witherspoon kernel: Mountpoint-cache hash table entries: 1024 (order: 0, 4096 bytes)
Jul 06 22:08:39 witherspoon kernel: CPU: Testing write buffer coherency: ok
Jul 06 22:08:39 witherspoon kernel: ftrace: allocating 14867 entries in 44 pages
Jul 06 22:08:39 witherspoon kernel: Setting up static identity map for 0x80008200 - 0x8000825c
Jul 06 22:08:39 witherspoon kernel: devtmpfs: initialized
Jul 06 22:08:39 witherspoon kernel: clocksource: jiffies: mask: 0xffffffff max_cycles: 0xffffffff, max_idle_ns: 19112604462750000 ns
Jul 06 22:08:39 witherspoon kernel: futex hash table entries: 256 (order: -1, 3072 bytes)
Jul 06 22:08:39 witherspoon kernel: pinctrl core: initialized pinctrl subsystem
Jul 06 22:08:39 witherspoon kernel: NET: Registered protocol family 16
Jul 06 22:08:39 witherspoon kernel: DMA: preallocated 256 KiB pool for atomic coherent allocations
Jul 06 22:08:39 witherspoon kernel: usbcore: registered new interface driver usbfs
Jul 06 22:08:39 witherspoon kernel: usbcore: registered new interface driver hub
Jul 06 22:08:39 witherspoon kernel: usbcore: registered new device driver usb
Jul 06 22:08:39 witherspoon kernel: clocksource: Switched to clocksource moxart_timer
Jul 06 22:08:39 witherspoon kernel: NET: Registered protocol family 2
Jul 06 22:08:39 witherspoon kernel: TCP established hash table entries: 4096 (order: 2, 16384 bytes)
Jul 06 22:08:39 witherspoon kernel: TCP bind hash table entries: 4096 (order: 2, 16384 bytes)
Jul 06 22:08:39 witherspoon kernel: TCP: Hash tables configured (established 4096 bind 4096)
Jul 06 22:08:39 witherspoon kernel: UDP hash table entries: 256 (order: 0, 4096 bytes)
Jul 06 22:08:39 witherspoon kernel: UDP-Lite hash table entries: 256 (order: 0, 4096 bytes)
Jul 06 22:08:39 witherspoon kernel: NET: Registered protocol family 1
Jul 06 22:08:39 witherspoon kernel: Trying to unpack rootfs image as initramfs...
Jul 06 22:08:39 witherspoon kernel: Freeing initrd memory: 1548K
Jul 06 22:08:39 witherspoon kernel: workingset: timestamp_bits=30 max_order=17 bucket_order=0
Jul 06 22:08:39 witherspoon kernel: squashfs: version 4.0 (2009/01/31) Phillip Lougher
Jul 06 22:08:39 witherspoon kernel: jffs2: version 2.2. (SUMMARY)  © 2001-2006 Red Hat, Inc.
Jul 06 22:08:39 witherspoon kernel: Block layer SCSI generic (bsg) driver version 0.4 loaded (major 250)
Jul 06 22:08:39 witherspoon kernel: io scheduler noop registered
Jul 06 22:08:39 witherspoon kernel: io scheduler deadline registered
Jul 06 22:08:39 witherspoon kernel: io scheduler cfq registered (default)
Jul 06 22:08:39 witherspoon kernel: ipmi-bt-host 1e789140.ibt: Found bt bmc device
Jul 06 22:08:39 witherspoon kernel: ipmi-bt-host 1e789140.ibt: Using IRQ 22
Jul 06 22:08:39 witherspoon kernel: Serial: 8250/16550 driver, 6 ports, IRQ sharing enabled
Jul 06 22:08:39 witherspoon kernel: 1e783000.serial: ttyS0 at MMIO 0x1e783000 (irq = 23, base_baud = 1500000) is a 16550A
Jul 06 22:08:39 witherspoon kernel: 1e78d000.serial: ttyS1 at MMIO 0x1e78d000 (irq = 24, base_baud = 1500000) is a 16550A
Jul 06 22:08:39 witherspoon kernel: 1e784000.serial: ttyS4 at MMIO 0x1e784000 (irq = 25, base_baud = 1500000) is a 16550A
Jul 06 22:08:39 witherspoon kernel: console [ttyS4] enabled
Jul 06 22:08:39 witherspoon kernel: 1e787000.vuart: ttyS2 at MMIO 0x1e787000 (irq = 22, base_baud = 1500000) is a 16550A
Jul 06 22:08:39 witherspoon kernel: timeriomem_rng 1e6e2078.hwrng: 32bits from 0xf00e2078 @ 1us
Jul 06 22:08:39 witherspoon kernel: brd: module loaded
Jul 06 22:08:39 witherspoon kernel: loop: module loaded
Jul 06 22:08:39 witherspoon kernel: aspeed-lpc-ctrl 1e789080.lpc-ctrl: Loaded at 0x98000000 (0x04000000)
Jul 06 22:08:39 witherspoon kernel: aspeed-smc 1e620000.flash-controller: Using IRQ 18
Jul 06 22:08:39 witherspoon kernel: aspeed-smc 1e620000.flash-controller: DMA support disabled.
Jul 06 22:08:39 witherspoon kernel: aspeed-smc 1e620000.flash-controller: mx25l25635e (32768 Kbytes)
Jul 06 22:08:39 witherspoon kernel: aspeed-smc 1e620000.flash-controller: CE0 window [ 0x20000000 - 0x22000000 ] 32MB
Jul 06 22:08:39 witherspoon kernel: aspeed-smc 1e620000.flash-controller: CE1 window [ 0x22000000 - 0x2a000000 ] 128MB
Jul 06 22:08:39 witherspoon kernel: 5 ofpart partitions found on MTD device bmc
Jul 06 22:08:39 witherspoon kernel: Creating 5 MTD partitions on "bmc":
Jul 06 22:08:39 witherspoon kernel: 0x000000000000-0x000000060000 : "u-boot"
Jul 06 22:08:39 witherspoon kernel: 0x000000060000-0x000000080000 : "u-boot-env"
Jul 06 22:08:39 witherspoon kernel: 0x000000080000-0x0000004c0000 : "kernel"
Jul 06 22:08:39 witherspoon kernel: 0x0000004c0000-0x000001c00000 : "rofs"
Jul 06 22:08:39 witherspoon kernel: 0x000001c00000-0x000002000000 : "rwfs"
Jul 06 22:08:39 witherspoon kernel: aspeed-smc 1e620000.flash-controller: mx25l25635e (32768 Kbytes)
Jul 06 22:08:39 witherspoon kernel: aspeed-smc 1e620000.flash-controller: CE1 window [ 0x22000000 - 0x24000000 ] 32MB
Jul 06 22:08:39 witherspoon kernel: aspeed-smc 1e620000.flash-controller: CE2 window [ 0x24000000 - 0x2c000000 ] 128MB
Jul 06 22:08:39 witherspoon kernel: aspeed-smc 1e630000.flash-controller: mx66l1g45g (131072 Kbytes)
Jul 06 22:08:39 witherspoon kernel: aspeed-smc 1e630000.flash-controller: CE0 window resized to 120MB (AST2500 HW quirk)
Jul 06 22:08:39 witherspoon kernel: aspeed-smc 1e630000.flash-controller: CE0 window [ 0x30000000 - 0x37800000 ] 120MB
Jul 06 22:08:39 witherspoon kernel: aspeed-smc 1e630000.flash-controller: CE0 window too small for chip 128MB
Jul 06 22:08:39 witherspoon kernel: aspeed-smc 1e630000.flash-controller: CE1 window [ 0x37800000 - 0x38000000 ] 8MB
Jul 06 22:08:39 witherspoon kernel: libphy: Fixed MDIO Bus: probed
Jul 06 22:08:39 witherspoon kernel: ftgmac100 1e660000.ethernet: Read MAC address 70:e2:84:14:28:a9 from chip
Jul 06 22:08:39 witherspoon kernel: ftgmac100 1e660000.ethernet: Using NCSI interface
Jul 06 22:08:39 witherspoon kernel: ftgmac100 1e660000.ethernet eth0: irq 20, mapped at f0060000
Jul 06 22:08:39 witherspoon kernel: ehci_hcd: USB 2.0 'Enhanced' Host Controller (EHCI) Driver
Jul 06 22:08:39 witherspoon kernel: ehci-platform: EHCI generic platform driver
Jul 06 22:08:39 witherspoon kernel:  fsi0: can't read slave 00:00 -5
Jul 06 22:08:39 witherspoon kernel: i2c /dev entries driver
Jul 06 22:08:39 witherspoon kernel: aspeed-i2c-bus 1e78a0c0.i2c-bus: i2c bus 2 registered, irq 26
Jul 06 22:08:39 witherspoon kernel: aspeed-i2c-bus 1e78a100.i2c-bus: i2c bus 3 registered, irq 27
Jul 06 22:08:39 witherspoon kernel: aspeed-i2c-bus 1e78a140.i2c-bus: i2c bus 4 registered, irq 28
Jul 06 22:08:39 witherspoon kernel: aspeed-i2c-bus 1e78a180.i2c-bus: i2c bus 5 registered, irq 29
Jul 06 22:08:39 witherspoon kernel: aspeed-i2c-bus 1e78a380.i2c-bus: i2c bus 9 registered, irq 30
Jul 06 22:08:39 witherspoon kernel: aspeed-i2c-bus 1e78a3c0.i2c-bus: i2c bus 10 registered, irq 31
Jul 06 22:08:39 witherspoon kernel: rtc-rv8803 11-0032: Voltage low, temperature compensation stopped.
Jul 06 22:08:39 witherspoon kernel: rtc-rv8803 11-0032: rtc core: registered rx8900 as rtc0
Jul 06 22:08:39 witherspoon kernel: at24 11-0051: 8192 byte 24c64 EEPROM, writable, 1 bytes/write
Jul 06 22:08:39 witherspoon kernel: aspeed-i2c-bus 1e78a400.i2c-bus: i2c bus 11 registered, irq 32
Jul 06 22:08:39 witherspoon kernel: aspeed-i2c-bus 1e78a440.i2c-bus: i2c bus 12 registered, irq 33
Jul 06 22:08:39 witherspoon kernel: aspeed-i2c-bus 1e78a480.i2c-bus: i2c bus 13 registered, irq 34
Jul 06 22:08:39 witherspoon kernel: Driver for 1-wire Dallas network protocol.
Jul 06 22:08:39 witherspoon kernel: lm75 9-004a: hwmon0: sensor 'tmp275'
Jul 06 22:08:39 witherspoon kernel: random: fast init done
Jul 06 22:08:39 witherspoon kernel: ucd9000 11-0064: Device ID UCD90160|2.3.4.0000|110603
Jul 06 22:08:39 witherspoon kernel: leds-pca955x 11-0060: leds-pca955x: Using pca9552 16-bit LED driver at slave address 0x60
Jul 06 22:08:39 witherspoon kernel: leds-pca955x 11-0060: gpios 264...279
Jul 06 22:08:39 witherspoon kernel: usbcore: registered new interface driver usbhid
Jul 06 22:08:39 witherspoon kernel: usbhid: USB HID core driver
Jul 06 22:08:39 witherspoon kernel: bmp280: probe of 3-0077 failed with error -5
Jul 06 22:08:39 witherspoon kernel: dps310 3-0076: iio:device1: sensor 'dps310'
Jul 06 22:08:39 witherspoon kernel: NET: Registered protocol family 10
Jul 06 22:08:39 witherspoon kernel: Segment Routing with IPv6
Jul 06 22:08:39 witherspoon kernel: NET: Registered protocol family 17
Jul 06 22:08:39 witherspoon kernel: console [netcon0] enabled
Jul 06 22:08:39 witherspoon kernel: netconsole: network logging started
Jul 06 22:08:39 witherspoon kernel: input: gpio-keys as /devices/platform/gpio-keys/input/input0
Jul 06 22:08:39 witherspoon kernel: rtc-rv8803 11-0032: setting system clock to 2017-07-06 22:08:24 UTC (1499378904)
Jul 06 22:08:39 witherspoon kernel: Freeing unused kernel memory: 276K
Jul 06 22:08:39 witherspoon kernel: This architecture does not have kernel memory protection.
Jul 06 22:08:39 witherspoon kernel: jffs2: notice: (513) jffs2_build_xattr_subsystem: complete building xattr subsystem, 0 of xdatum (0 unchecked, 0 orphan) and 0 of xref (0 dead, 0 orphan) found.
Jul 06 22:08:39 witherspoon systemd[1]: Failed to insert module 'autofs4': No such file or directory
Jul 06 22:08:39 witherspoon systemd[1]: systemd 232 running in system mode. (+PAM -AUDIT -SELINUX -IMA -APPARMOR -SMACK +SYSVINIT -UTMP -LIBCRYPTSETUP -GCRYPT -GNUTLS +ACL +XZ -LZ4 -SECCOMP +BLKID -ELFUTILS +KMOD -IDN)
Jul 06 22:08:39 witherspoon systemd[1]: Detected architecture arm.
Jul 06 22:08:39 witherspoon systemd[1]: Set hostname to <witherspoon>.
Jul 06 22:08:39 witherspoon systemd[1]: Listening on Journal Socket (/dev/log).
Jul 06 22:08:39 witherspoon systemd[1]: Created slice System Slice.
Jul 06 22:08:39 witherspoon systemd[1]: Created slice system-org.openbmc.control.Chassis.slice.
Jul 06 22:08:39 witherspoon systemd[1]: Created slice system-org.openbmc.control.Bmc.slice.
Jul 06 22:08:39 witherspoon systemd[1]: Created slice system-obmc\x2dconsole.slice.
Jul 06 22:08:39 witherspoon systemd[1]: Listening on Syslog Socket.
Jul 06 22:08:39 witherspoon systemd[1]: Created slice system-phosphor\x2dreset\x2dhost\x2dcheck.slice.
Jul 06 22:08:39 witherspoon systemd[1]: Started Forward Password Requests to Wall Directory Watch.
Jul 06 22:08:39 witherspoon systemd[1]: Created slice system-phosphor\x2dreset\x2dhost\x2drunning.slice.
Jul 06 22:08:39 witherspoon systemd[1]: Reached target Remote File Systems.
Jul 06 22:08:39 witherspoon systemd[1]: Created slice system-getty.slice.
Jul 06 22:08:39 witherspoon systemd[1]: Created slice system-org.openbmc.control.Power.slice.
Jul 06 22:08:39 witherspoon systemd[1]: Created slice system-obmc\x2dled\x2dgroup\x2dstart.slice.
Jul 06 22:08:39 witherspoon systemd[1]: Started Dispatch Password Requests to Console Directory Watch.
Jul 06 22:08:39 witherspoon systemd[1]: Reached target Paths.
Jul 06 22:08:39 witherspoon systemd[1]: Reached target Slices.
Jul 06 22:08:39 witherspoon systemd[1]: Listening on Journal Socket.
Jul 06 22:08:39 witherspoon systemd[1]: Created slice system-org.openbmc.buttons.Power.slice.
Jul 06 22:08:39 witherspoon systemd[1]: Starting Journal Service...
Jul 06 22:08:39 witherspoon systemd[1]: Created slice system-phosphor\x2ddiscover\x2dsystem\x2dstate.slice.
Jul 06 22:08:39 witherspoon systemd[1]: dev-hugepages.mount: Couldn't determine result for ConditionVirtualization=!private-users, assuming failed: No such file or directory
Jul 06 22:08:39 witherspoon systemd[1]: Created slice system-org.openbmc.buttons.reset.slice.
Jul 06 22:08:39 witherspoon systemd-journald[639]: Journal started
Jul 06 22:08:39 witherspoon systemd-journald[639]: Runtime journal (/run/log/journal/12c6a00ebfdd479284cf09f39d1bc042) is 0B, max 0B, 0B free.
Jul 06 22:08:39 witherspoon systemd-sysctl[536]: Couldn't write '16' to 'kernel/sysrq', ignoring: No such file or directory
Jul 06 22:08:39 witherspoon systemd-sysctl[536]: Couldn't write 'fq_codel' to 'net/core/default_qdisc', ignoring: No such file or directory
Jul 06 22:08:40 witherspoon systemd[1]: Listening on /dev/initctl Compatibility Named Pipe.
Jul 06 22:08:40 witherspoon systemd[1]: Starting Remount Root and Kernel File Systems...
Jul 06 22:08:41 witherspoon systemd[1]: Mounted Debug File System.
Jul 06 22:08:41 witherspoon systemd[1]: Mounted Temporary Directory.
Jul 06 22:08:42 witherspoon systemd[1]: Started Journal Service.
Jul 06 22:08:42 witherspoon systemd[1]: Started Apply Kernel Variables.
Jul 06 22:08:42 witherspoon systemd[1]: Started Remount Root and Kernel File Systems.
Jul 06 22:08:42 witherspoon systemd[1]: Starting Create System Users...
Jul 06 22:08:42 witherspoon systemd[1]: Starting Flush Journal to Persistent Storage...
Jul 06 22:08:43 witherspoon systemd[1]: Started udev Coldplug all Devices.
Jul 06 22:08:43 witherspoon systemd[1]: Started Create System Users.
Jul 06 22:08:43 witherspoon systemd[1]: Starting Create Static Device Nodes in /dev...
Jul 06 22:08:43 witherspoon systemd-journald[639]: Runtime journal (/run/log/journal/12c6a00ebfdd479284cf09f39d1bc042) is 0B, max 0B, 0B free.
Jul 06 22:08:43 witherspoon systemd[1]: Started Flush Journal to Persistent Storage.
Jul 06 22:08:44 witherspoon systemd[1]: Started Create Static Device Nodes in /dev.
Jul 06 22:08:44 witherspoon systemd[1]: Starting udev Kernel Device Manager...
Jul 06 22:08:45 witherspoon systemd[1]: Reached target Local File Systems (Pre).
Jul 06 22:08:45 witherspoon systemd[1]: Mounting /var/volatile...
Jul 06 22:08:45 witherspoon systemd[1]: Mounted /var/volatile.
Jul 06 22:08:45 witherspoon systemd[1]: Starting Load/Save Random Seed...
Jul 06 22:08:45 witherspoon systemd[1]: Reached target Local File Systems.
Jul 06 22:08:45 witherspoon systemd[1]: Starting Rebuild Journal Catalog...
Jul 06 22:08:45 witherspoon systemd[1]: Starting Create Volatile Files and Directories...
Jul 06 22:08:45 witherspoon systemd[1]: Started Load/Save Random Seed.
Jul 06 22:08:45 witherspoon systemd-tmpfiles[873]: "/var/tmp" already exists and is not a directory.
Jul 06 22:08:45 witherspoon systemd-tmpfiles[873]: "/var/log" already exists and is not a directory.
Jul 06 22:08:46 witherspoon systemd[1]: Started udev Kernel Device Manager.
Jul 06 22:08:46 witherspoon systemd[1]: Started Rebuild Journal Catalog.
Jul 06 22:08:46 witherspoon systemd[1]: Started Create Volatile Files and Directories.
Jul 06 22:08:46 witherspoon systemd[1]: Starting Network Time Synchronization...
Jul 06 22:08:46 witherspoon systemd[1]: Starting Run pending postinsts...
Jul 06 22:08:46 witherspoon systemd[1]: Starting Update is Completed...
Jul 06 22:08:47 witherspoon systemd[1]: Found device /dev/aspeed-lpc-ctrl.
Jul 06 22:08:47 witherspoon systemd[1]: Found device /dev/aspeed-mbox.
Jul 06 22:08:47 witherspoon systemd[1]: Found device /dev/ttyS4.
Jul 06 22:08:47 witherspoon systemd[1]: Found device /dev/ttyVUART0.
Jul 06 22:08:48 witherspoon systemd[1]: Created slice system-xyz.openbmc_project.Hwmon.slice.
Jul 06 22:08:48 witherspoon systemd[1]: dev-hugepages.mount: Couldn't determine result for ConditionVirtualization=!private-users, assuming failed: No such file or directory
Jul 06 22:08:48 witherspoon systemd[1]: Started Network Time Synchronization.
Jul 06 22:08:48 witherspoon systemd[1]: Started Update is Completed.
Jul 06 22:08:49 witherspoon run-postinsts[881]: Running postinst /etc/rpm-postinsts/libglib-2.0-0...
Jul 06 22:08:49 witherspoon systemd[1]: Created slice system-xyz.openbmc_project.led.controller.slice.
Jul 06 22:08:49 witherspoon systemd[1]: dev-hugepages.mount: Couldn't determine result for ConditionVirtualization=!private-users, assuming failed: No such file or directory
Jul 06 22:08:49 witherspoon systemd[1]: Reached target System Time Synchronized.
Jul 06 22:08:50 witherspoon run-postinsts[881]: rm: can't remove '/etc/rpm-postinsts': Invalid argument
Jul 06 22:08:50 witherspoon run-postinsts[881]:  Removing any system startup links for run-postinsts ...
Jul 06 22:08:50 witherspoon systemctl[911]: Removed /etc/systemd/system/sysinit.target.wants/run-postinsts.service.
Jul 06 22:08:50 witherspoon systemd[1]: Reloading.
Jul 06 22:08:53 witherspoon systemd[1]: Started Run pending postinsts.
Jul 06 22:08:53 witherspoon systemd[1]: Reached target System Initialization.
Jul 06 22:08:53 witherspoon systemd[1]: Listening on Avahi mDNS/DNS-SD Stack Activation Socket.
Jul 06 22:08:53 witherspoon systemd[1]: Listening on Phosphor Host Console SSH Per-Connection socket.
Jul 06 22:08:53 witherspoon systemd[1]: Listening on D-Bus System Message Bus Socket.
Jul 06 22:08:53 witherspoon systemd[1]: Listening on phosphor-ipmi-net.socket.
Jul 06 22:08:53 witherspoon systemd[1]: Listening on Phosphor Webserver socket.
Jul 06 22:08:53 witherspoon systemd[1]: Listening on dropbear.socket.
Jul 06 22:08:53 witherspoon systemd[1]: Started Daily Cleanup of Temporary Directories.
Jul 06 22:08:53 witherspoon systemd[1]: Reached target Timers.
Jul 06 22:08:53 witherspoon systemd[1]: Listening on Phosphor DBUS Browser socket.
Jul 06 22:08:53 witherspoon systemd[1]: Reached target Sockets.
Jul 06 22:08:53 witherspoon systemd[1]: Reached target Basic System.
Jul 06 22:08:53 witherspoon systemd[1]: Started Phosphor Dump core monitor..
Jul 06 22:08:53 witherspoon systemd[1]: Starting Avahi mDNS/DNS-SD Stack...
Jul 06 22:08:53 witherspoon systemd[1]: Started Phosphor Hwmon Poller.
Jul 06 22:08:53 witherspoon systemd[1]: Started Phosphor sysfs LED controller.
Jul 06 22:08:53 witherspoon systemd[1]: Starting Phosphor Chassis0 Control...
Jul 06 22:08:53 witherspoon systemd[1]: Started Phosphor Hwmon Poller.
Jul 06 22:08:53 witherspoon systemd[1]: Starting Phosphor IPMI BT DBus Bridge...
Jul 06 22:08:53 witherspoon systemd[1]: Started Phosphor sysfs LED controller.
Jul 06 22:08:54 witherspoon systemd[1]: Started System Logging Service.
Jul 06 22:08:54 witherspoon systemd[1]: Starting OpenBMC Software Update Manager...
Jul 06 22:08:55 witherspoon kernel[940]: klogd started: BusyBox v1.24.1 (2017-06-16 19:29:08 UTC)
Jul 06 22:08:54 witherspoon systemd[1]: Starting Phosphor LED Group Management Daemon...
Jul 06 22:08:55 witherspoon kernel[940]: [    0.000000] Booting Linux on physical CPU 0x0
Jul 06 22:08:54 witherspoon systemd[1]: Starting Phosphor DBus Service Discovery Manager...
Jul 06 22:08:55 witherspoon kernel[940]: [    0.000000] Linux version 4.10.17-990f06c35b7e119f00967e90f0514dbbd2e1b51b (jenkins@openbmc-builder1) (gcc version 6.2.0 (GCC) ) #1 Thu Jul 6 19:21:19 UTC 2017
Jul 06 22:08:54 witherspoon systemd[1]: Started Phosphor Hwmon Poller.
Jul 06 22:08:55 witherspoon kernel[940]: [    0.000000] CPU: ARMv6-compatible processor [410fb767] revision 7 (ARMv7), cr=00c5387d
Jul 06 22:08:54 witherspoon systemd[1]: Starting Phosphor Inventory Manager...
Jul 06 22:08:55 witherspoon kernel[940]: [    0.000000] CPU: PIPT / VIPT nonaliasing data cache, VIPT nonaliasing instruction cache
Jul 06 22:08:54 witherspoon systemd[1]: Starting Clear one time boot overrides...
Jul 06 22:08:55 witherspoon kernel[940]: [    0.000000] OF: fdt:Machine model: Witherspoon BMC
Jul 06 22:08:54 witherspoon systemd[1]: Starting Phosphor Sensor Manager...
Jul 06 22:08:55 witherspoon kernel[940]: [    0.000000] Memory policy: Data cache writeback
Jul 06 22:08:54 witherspoon systemd[1]: Started Phosphor Hwmon Poller.
Jul 06 22:08:55 witherspoon kernel[940]: [    0.000000] SOC Rev: 04030303
Jul 06 22:08:55 witherspoon systemd[1]: Started Kernel Logging Service.
Jul 06 22:08:55 witherspoon kernel[940]: [    0.000000] On node 0 totalpages: 110592
Jul 06 22:08:58 witherspoon phosphor-hwmon-readd[925]: Usage: /usr/sbin/phosphor-hwmon-readd [options]
Jul 06 22:08:58 witherspoon phosphor-hwmon-readd[925]: Options:
Jul 06 22:08:58 witherspoon phosphor-hwmon-readd[925]:     --help               print this menu
Jul 06 22:08:58 witherspoon phosphor-hwmon-readd[925]:     --path=<path>        sysfs location to monitor
Jul 06 22:08:58 witherspoon phosphor-hwmon-readd[925]:     --of-name=<path>     open firmware device name to monitor
Jul 06 22:08:58 witherspoon phosphor-hwmon-readd[925]: ERROR: Path not specified or invalid.
Jul 06 22:08:55 witherspoon systemd[1]: Started Phosphor Hwmon Poller.
Jul 06 22:08:55 witherspoon kernel[940]: [    0.000000] free_area_init_node: node 0, pgdat 805f33fc, node_mem_map 9ec1a000
Jul 06 22:08:55 witherspoon systemd[1]: Reached target Containers.
Jul 06 22:08:55 witherspoon kernel[940]: [    0.000000]   Normal zone: 992 pages used for memmap
Jul 06 22:08:55 witherspoon systemd[1]: Starting Phosphor Log Manager...
Jul 06 22:08:55 witherspoon kernel[940]: [    0.000000]   Normal zone: 0 pages reserved
Jul 06 22:08:55 witherspoon systemd[1]: Starting Phosphor Download Manager...
Jul 06 22:08:55 witherspoon kernel[940]: [    0.000000]   Normal zone: 110592 pages, LIFO batch:31
Jul 06 22:08:55 witherspoon systemd[1]: Started Phosphor MBOX Daemon.
Jul 06 22:08:55 witherspoon kernel[940]: [    0.000000] pcpu-alloc: s0 r0 d32768 u32768 alloc=1*32768
Jul 06 22:08:55 witherspoon systemd[1]: Started Phosphor Hwmon Poller.
Jul 06 22:08:55 witherspoon kernel[940]: [    0.000000] pcpu-alloc: [0] 0
Jul 06 22:08:55 witherspoon systemd[1]: Started Hardware RNG Entropy Gatherer Daemon.
Jul 06 22:08:55 witherspoon kernel[940]: [    0.000000] Built 1 zonelists in Zone order, mobility grouping on.  Total pages: 109600
Jul 06 22:08:55 witherspoon systemd[1]: Started Phosphor sysfs LED controller.
Jul 06 22:08:55 witherspoon kernel[940]: [    0.000000] Kernel command line: console=ttyS4,115200n8 root=/dev/ram rw
Jul 06 22:08:55 witherspoon systemd[1]: Starting OpenPower Software Update Manager...
Jul 06 22:08:55 witherspoon kernel[940]: [    0.000000] PID hash table entries: 2048 (order: 1, 8192 bytes)
Jul 06 22:08:56 witherspoon systemd[1]: Starting Phosphor Download Manager...
Jul 06 22:08:55 witherspoon kernel[940]: [    0.000000] Dentry cache hash table entries: 65536 (order: 6, 262144 bytes)
Jul 06 22:08:56 witherspoon systemd[1]: Started Phosphor Console Muxer listening on device /dev/ttyVUART0.
Jul 06 22:08:55 witherspoon kernel[940]: [    0.000000] Inode-cache hash table entries: 32768 (order: 5, 131072 bytes)
Jul 06 22:08:56 witherspoon systemd[1]: Started D-Bus System Message Bus.
Jul 06 22:08:55 witherspoon kernel[940]: [    0.000000] Memory: 430508K/442368K available (4048K kernel code, 280K rwdata, 1172K rodata, 276K init, 111K bss, 11860K reserved, 0K cma-reserved)
Jul 06 22:08:55 witherspoon kernel[940]: [    0.000000] Virtual kernel memory layout:
Jul 06 22:08:55 witherspoon kernel[940]: [    0.000000]     vector  : 0xffff0000 - 0xffff1000   (   4 kB)
Jul 06 22:08:55 witherspoon kernel[940]: [    0.000000]     fixmap  : 0xffc00000 - 0xfff00000   (3072 kB)
Jul 06 22:08:55 witherspoon kernel[940]: [    0.000000]     vmalloc : 0x9f800000 - 0xff800000   (1536 MB)
Jul 06 22:08:55 witherspoon kernel[940]: [    0.000000]     lowmem  : 0x80000000 - 0x9f000000   ( 496 MB)
Jul 06 22:08:55 witherspoon kernel[940]: [    0.000000]       .text : 0x80008000 - 0x803fc590   (4050 kB)
Jul 06 22:08:55 witherspoon kernel[940]: [    0.000000]       .init : 0x8057b000 - 0x805c0000   ( 276 kB)
Jul 06 22:08:55 witherspoon kernel[940]: [    0.000000]       .data : 0x805c0000 - 0x806061a8   ( 281 kB)
Jul 06 22:08:55 witherspoon kernel[940]: [    0.000000]        .bss : 0x806061a8 - 0x80622078   ( 112 kB)
Jul 06 22:08:55 witherspoon kernel[940]: [    0.000000] NR_IRQS:16 nr_irqs:16 16
Jul 06 22:08:55 witherspoon kernel[940]: [    0.000000] i2c controller registered, irq 16
Jul 06 22:08:55 witherspoon kernel[940]: [    0.000000] clocksource: moxart_timer: mask: 0xffffffff max_cycles: 0xffffffff, max_idle_ns: 77222644334 ns
Jul 06 22:08:55 witherspoon kernel[940]: [    0.000000] sched_clock: 32 bits at 100 Hz, resolution 10000000ns, wraps every 21474836475000000ns
Jul 06 22:08:55 witherspoon kernel[940]: [    0.090000] Calibrating delay loop... 789.70 BogoMIPS (lpj=3948544)
Jul 06 22:08:55 witherspoon kernel[940]: [    0.090000] pid_max: default: 32768 minimum: 301
Jul 06 22:08:55 witherspoon kernel[940]: [    0.090000] Mount-cache hash table entries: 1024 (order: 0, 4096 bytes)
Jul 06 22:08:55 witherspoon kernel[940]: [    0.090000] Mountpoint-cache hash table entries: 1024 (order: 0, 4096 bytes)
Jul 06 22:08:55 witherspoon kernel[940]: [    0.090000] CPU: Testing write buffer coherency: ok
Jul 06 22:08:59 witherspoon kernel: random: crng init done
Jul 06 22:08:55 witherspoon kernel[940]: [    0.090000] ftrace: allocating 14867 entries in 44 pages
Jul 06 22:08:55 witherspoon kernel[940]: [    0.120000] Setting up static identity map for 0x80008200 - 0x8000825c
Jul 06 22:08:55 witherspoon kernel[940]: [    0.120000] devtmpfs: initialized
Jul 06 22:08:55 witherspoon kernel[940]: [    0.130000] clocksource: jiffies: mask: 0xffffffff max_cycles: 0xffffffff, max_idle_ns: 19112604462750000 ns
Jul 06 22:08:55 witherspoon kernel[940]: [    0.130000] futex hash table entries: 256 (order: -1, 3072 bytes)
Jul 06 22:08:55 witherspoon kernel[940]: [    0.130000] pinctrl core: initialized pinctrl subsystem
Jul 06 22:08:55 witherspoon kernel[940]: [    0.140000] NET: Registered protocol family 16
Jul 06 22:08:55 witherspoon kernel[940]: [    0.140000] DMA: preallocated 256 KiB pool for atomic coherent allocations
Jul 06 22:08:55 witherspoon kernel[940]: [    0.210000] usbcore: registered new interface driver usbfs
Jul 06 22:08:55 witherspoon kernel[940]: [    0.210000] usbcore: registered new interface driver hub
Jul 06 22:08:55 witherspoon kernel[940]: [    0.210000] usbcore: registered new device driver usb
Jul 06 22:08:55 witherspoon kernel[940]: [    0.210000] clocksource: Switched to clocksource moxart_timer
Jul 06 22:08:55 witherspoon kernel[940]: [    0.220000] NET: Registered protocol family 2
Jul 06 22:08:55 witherspoon kernel[940]: [    0.220000] TCP established hash table entries: 4096 (order: 2, 16384 bytes)
Jul 06 22:08:55 witherspoon kernel[940]: [    0.220000] TCP bind hash table entries: 4096 (order: 2, 16384 bytes)
Jul 06 22:08:55 witherspoon kernel[940]: [    0.220000] TCP: Hash tables configured (established 4096 bind 4096)
Jul 06 22:08:55 witherspoon kernel[940]: [    0.220000] UDP hash table entries: 256 (order: 0, 4096 bytes)
Jul 06 22:08:55 witherspoon kernel[940]: [    0.220000] UDP-Lite hash table entries: 256 (order: 0, 4096 bytes)
Jul 06 22:08:55 witherspoon kernel[940]: [    0.220000] NET: Registered protocol family 1
Jul 06 22:08:55 witherspoon kernel[940]: [    0.230000] Trying to unpack rootfs image as initramfs...
Jul 06 22:08:55 witherspoon kernel[940]: [    1.900000] Freeing initrd memory: 1548K
Jul 06 22:08:55 witherspoon kernel[940]: [    1.900000] workingset: timestamp_bits=30 max_order=17 bucket_order=0
Jul 06 22:08:55 witherspoon kernel[940]: [    1.900000] squashfs: version 4.0 (2009/01/31) Phillip Lougher
Jul 06 22:08:55 witherspoon kernel[940]: [    1.900000] jffs2: version 2.2. (SUMMARY)  © 2001-2006 Red Hat, Inc.
Jul 06 22:08:55 witherspoon kernel[940]: [    1.900000] Block layer SCSI generic (bsg) driver version 0.4 loaded (major 250)
Jul 06 22:09:00 witherspoon systemd[1]: Started Phosphor IPMI BT DBus Bridge.
Jul 06 22:08:55 witherspoon kernel[940]: [    1.900000] io scheduler noop registered
Jul 06 22:08:55 witherspoon kernel[940]: [    1.900000] io scheduler deadline registered
Jul 06 22:09:00 witherspoon systemd[1]: Started Avahi mDNS/DNS-SD Stack.
Jul 06 22:08:55 witherspoon kernel[940]: [    1.900000] io scheduler cfq registered (default)
Jul 06 22:08:55 witherspoon kernel[940]: [    2.050000] ipmi-bt-host 1e789140.ibt: Found bt bmc device
Jul 06 22:08:55 witherspoon kernel[940]: [    2.050000] ipmi-bt-host 1e789140.ibt: Using IRQ 22
Jul 06 22:08:55 witherspoon kernel[940]: [    2.050000] Serial: 8250/16550 driver, 6 ports, IRQ sharing enabled
Jul 06 22:08:55 witherspoon kernel[940]: [    2.050000] 1e783000.serial: ttyS0 at MMIO 0x1e783000 (irq = 23, base_baud = 1500000) is a 16550A
Jul 06 22:08:55 witherspoon kernel[940]: [    2.050000] 1e78d000.serial: ttyS1 at MMIO 0x1e78d000 (irq = 24, base_baud = 1500000) is a 16550A
Jul 06 22:08:55 witherspoon kernel[940]: [    2.050000] 1e784000.serial: ttyS4 at MMIO 0x1e784000 (irq = 25, base_baud = 1500000) is a 16550A
Jul 06 22:08:55 witherspoon kernel[940]: [    2.400000] console [ttyS4] enabled
Jul 06 22:08:55 witherspoon kernel[940]: [    2.400000] 1e787000.vuart: ttyS2 at MMIO 0x1e787000 (irq = 22, base_baud = 1500000) is a 16550A
Jul 06 22:08:55 witherspoon kernel[940]: [    2.590000] timeriomem_rng 1e6e2078.hwrng: 32bits from 0xf00e2078 @ 1us
Jul 06 22:08:55 witherspoon kernel[940]: [    2.610000] brd: module loaded
Jul 06 22:08:55 witherspoon kernel[940]: [    2.630000] loop: module loaded
Jul 06 22:08:55 witherspoon kernel[940]: [    2.660000] aspeed-lpc-ctrl 1e789080.lpc-ctrl: Loaded at 0x98000000 (0x04000000)
Jul 06 22:08:55 witherspoon kernel[940]: [    2.660000] aspeed-smc 1e620000.flash-controller: Using IRQ 18
Jul 06 22:08:55 witherspoon kernel[940]: [    2.660000] aspeed-smc 1e620000.flash-controller: DMA support disabled.
Jul 06 22:08:55 witherspoon kernel[940]: [    2.660000] aspeed-smc 1e620000.flash-controller: mx25l25635e (32768 Kbytes)
Jul 06 22:08:55 witherspoon kernel[940]: [    2.660000] aspeed-smc 1e620000.flash-controller: CE0 window [ 0x20000000 - 0x22000000 ] 32MB
Jul 06 22:08:55 witherspoon kernel[940]: [    2.700000] aspeed-smc 1e620000.flash-controller: CE1 window [ 0x22000000 - 0x2a000000 ] 128MB
Jul 06 22:08:55 witherspoon kernel[940]: [    2.700000] 5 ofpart partitions found on MTD device bmc
Jul 06 22:08:55 witherspoon kernel[940]: [    2.700000] Creating 5 MTD partitions on "bmc":
Jul 06 22:08:55 witherspoon kernel[940]: [    2.700000] 0x000000000000-0x000000060000 : "u-boot"
Jul 06 22:08:55 witherspoon kernel[940]: [    2.700000] 0x000000060000-0x000000080000 : "u-boot-env"
Jul 06 22:08:55 witherspoon kernel[940]: [    2.700000] 0x000000080000-0x0000004c0000 : "kernel"
Jul 06 22:08:55 witherspoon kernel[940]: [    2.750000] 0x0000004c0000-0x000001c00000 : "rofs"
Jul 06 22:08:55 witherspoon kernel[940]: [    2.750000] 0x000001c00000-0x000002000000 : "rwfs"
Jul 06 22:08:55 witherspoon kernel[940]: [    2.750000] aspeed-smc 1e620000.flash-controller: mx25l25635e (32768 Kbytes)
Jul 06 22:08:55 witherspoon kernel[940]: [    2.750000] aspeed-smc 1e620000.flash-controller: CE1 window [ 0x22000000 - 0x24000000 ] 32MB
Jul 06 22:08:55 witherspoon kernel[940]: [    2.750000] aspeed-smc 1e620000.flash-controller: CE2 window [ 0x24000000 - 0x2c000000 ] 128MB
Jul 06 22:08:55 witherspoon kernel[940]: [    2.750000] aspeed-smc 1e630000.flash-controller: mx66l1g45g (131072 Kbytes)
Jul 06 22:08:55 witherspoon kernel[940]: [    2.810000] aspeed-smc 1e630000.flash-controller: CE0 window resized to 120MB (AST2500 HW quirk)
Jul 06 22:08:55 witherspoon kernel[940]: [    2.810000] aspeed-smc 1e630000.flash-controller: CE0 window [ 0x30000000 - 0x37800000 ] 120MB
Jul 06 22:08:55 witherspoon kernel[940]: [    2.810000] aspeed-smc 1e630000.flash-controller: CE0 window too small for chip 128MB
Jul 06 22:09:00 witherspoon systemd[1]: Starting Network Service...
Jul 06 22:08:55 witherspoon kernel[940]: [    2.810000] aspeed-smc 1e630000.flash-controller: CE1 window [ 0x37800000 - 0x38000000 ] 8MB
Jul 06 22:08:55 witherspoon kernel[940]: [    3.550000] libphy: Fixed MDIO Bus: probed
Jul 06 22:08:55 witherspoon kernel[940]: [    3.550000] ftgmac100 1e660000.ethernet: Read MAC address 70:e2:84:14:28:a9 from chip
Jul 06 22:08:55 witherspoon kernel[940]: [    3.550000] ftgmac100 1e660000.ethernet: Using NCSI interface
Jul 06 22:08:55 witherspoon kernel[940]: [    3.550000] ftgmac100 1e660000.ethernet eth0: irq 20, mapped at f0060000
Jul 06 22:08:55 witherspoon kernel[940]: [    3.550000] ehci_hcd: USB 2.0 'Enhanced' Host Controller (EHCI) Driver
Jul 06 22:08:55 witherspoon kernel[940]: [    3.550000] ehci-platform: EHCI generic platform driver
Jul 06 22:08:55 witherspoon kernel[940]: [    3.810000]  fsi0: can't read slave 00:00 -5
Jul 06 22:08:55 witherspoon kernel[940]: [    3.810000] i2c /dev entries driver
Jul 06 22:08:55 witherspoon kernel[940]: [    3.810000] aspeed-i2c-bus 1e78a0c0.i2c-bus: i2c bus 2 registered, irq 26
Jul 06 22:08:55 witherspoon kernel[940]: [    3.810000] aspeed-i2c-bus 1e78a100.i2c-bus: i2c bus 3 registered, irq 27
Jul 06 22:08:55 witherspoon kernel[940]: [    3.810000] aspeed-i2c-bus 1e78a140.i2c-bus: i2c bus 4 registered, irq 28
Jul 06 22:08:55 witherspoon kernel[940]: [    3.810000] aspeed-i2c-bus 1e78a180.i2c-bus: i2c bus 5 registered, irq 29
Jul 06 22:08:55 witherspoon kernel[940]: [    3.810000] aspeed-i2c-bus 1e78a380.i2c-bus: i2c bus 9 registered, irq 30
Jul 06 22:08:55 witherspoon kernel[940]: [    3.810000] aspeed-i2c-bus 1e78a3c0.i2c-bus: i2c bus 10 registered, irq 31
Jul 06 22:08:55 witherspoon kernel[940]: [    3.810000] rtc-rv8803 11-0032: Voltage low, temperature compensation stopped.
Jul 06 22:08:55 witherspoon kernel[940]: [    3.910000] rtc-rv8803 11-0032: rtc core: registered rx8900 as rtc0
Jul 06 22:08:55 witherspoon kernel[940]: [    3.920000] at24 11-0051: 8192 byte 24c64 EEPROM, writable, 1 bytes/write
Jul 06 22:08:55 witherspoon kernel[940]: [    3.920000] aspeed-i2c-bus 1e78a400.i2c-bus: i2c bus 11 registered, irq 32
Jul 06 22:08:55 witherspoon kernel[940]: [    3.930000] aspeed-i2c-bus 1e78a440.i2c-bus: i2c bus 12 registered, irq 33
Jul 06 22:08:55 witherspoon kernel[940]: [    3.930000] aspeed-i2c-bus 1e78a480.i2c-bus: i2c bus 13 registered, irq 34
Jul 06 22:08:55 witherspoon kernel[940]: [    3.930000] Driver for 1-wire Dallas network protocol.
Jul 06 22:08:55 witherspoon kernel[940]: [    3.950000] lm75 9-004a: hwmon0: sensor 'tmp275'
Jul 06 22:08:55 witherspoon kernel[940]: [    3.980000] random: fast init done
Jul 06 22:08:55 witherspoon kernel[940]: [    4.370000] ucd9000 11-0064: Device ID UCD90160|2.3.4.0000|110603
Jul 06 22:08:55 witherspoon kernel[940]: [    4.700000] leds-pca955x 11-0060: leds-pca955x: Using pca9552 16-bit LED driver at slave address 0x60
Jul 06 22:08:55 witherspoon kernel[940]: [    4.720000] leds-pca955x 11-0060: gpios 264...279
Jul 06 22:08:55 witherspoon kernel[940]: [    4.720000] usbcore: registered new interface driver usbhid
Jul 06 22:08:55 witherspoon kernel[940]: [    4.730000] usbhid: USB HID core driver
Jul 06 22:08:55 witherspoon kernel[940]: [    4.730000] bmp280: probe of 3-0077 failed with error -5
Jul 06 22:08:55 witherspoon kernel[940]: [    4.750000] dps310 3-0076: iio:device1: sensor 'dps310'
Jul 06 22:08:55 witherspoon kernel[940]: [    4.760000] NET: Registered protocol family 10
Jul 06 22:08:55 witherspoon kernel[940]: [    4.760000] Segment Routing with IPv6
Jul 06 22:08:55 witherspoon kernel[940]: [    4.760000] NET: Registered protocol family 17
Jul 06 22:08:55 witherspoon kernel[940]: [    4.770000] console [netcon0] enabled
Jul 06 22:08:55 witherspoon kernel[940]: [    4.770000] netconsole: network logging started
Jul 06 22:09:00 witherspoon systemd[1]: Starting Phosphor BMC0 Control...
Jul 06 22:08:55 witherspoon kernel[940]: [    4.770000] input: gpio-keys as /devices/platform/gpio-keys/input/input0
Jul 06 22:08:55 witherspoon kernel[940]: [    4.800000] rtc-rv8803 11-0032: setting system clock to 2017-07-06 22:08:24 UTC (1499378904)
Jul 06 22:08:55 witherspoon kernel[940]: [    4.810000] Freeing unused kernel memory: 276K
Jul 06 22:08:55 witherspoon kernel[940]: [    4.810000] This architecture does not have kernel memory protection.
Jul 06 22:08:55 witherspoon kernel[940]: [    6.360000] jffs2: notice: (513) jffs2_build_xattr_subsystem: complete building xattr subsystem, 0 of xdatum (0 unchecked, 0 orphan) and 0 of xref (0 dead, 0 orphan) found.
Jul 06 22:08:55 witherspoon kernel[940]: [    8.600000] systemd[1]: Failed to insert module 'autofs4': No such file or directory
Jul 06 22:08:55 witherspoon kernel[940]: [    8.600000] systemd[1]: systemd 232 running in system mode. (+PAM -AUDIT -SELINUX -IMA -APPARMOR -SMACK +SYSVINIT -UTMP -LIBCRYPTSETUP -GCRYPT -GNUTLS +ACL +XZ -LZ4 -SECCOMP +BLKID -ELFUTILS +KMOD -IDN)
Jul 06 22:08:55 witherspoon kernel[940]: [    8.820000] systemd[1]: Detected architecture arm.
Jul 06 22:08:55 witherspoon kernel[940]: [    8.870000] systemd[1]: Set hostname to <witherspoon>.
Jul 06 22:08:55 witherspoon kernel[940]: [   10.920000] systemd[1]: Listening on Journal Socket (/dev/log).
Jul 06 22:08:55 witherspoon kernel[940]: [   11.090000] systemd[1]: Created slice System Slice.
Jul 06 22:08:55 witherspoon kernel[940]: [   11.270000] systemd[1]: Created slice system-org.openbmc.control.Chassis.slice.
Jul 06 22:08:55 witherspoon kernel[940]: [   11.450000] systemd[1]: Created slice system-org.openbmc.control.Bmc.slice.
Jul 06 22:08:55 witherspoon kernel[940]: [   11.640000] systemd[1]: Created slice system-obmc\x2dconsole.slice.
Jul 06 22:08:55 witherspoon kernel[940]: [   11.840000] systemd[1]: Listening on Syslog Socket.
Jul 06 22:09:00 witherspoon systemd[1]: Starting Phosphor Dump Manager...
Jul 06 22:08:55 witherspoon kernel[940]: [   12.040000] systemd[1]: Created slice system-phosphor\x2dreset\x2dhost\x2dcheck.slice.
Jul 06 22:08:55 witherspoon kernel[940]: [   13.650000] systemd[1]: Started Forward Password Requests to Wall Directory Watch.
Jul 06 22:08:55 witherspoon kernel[940]: [   13.910000] systemd[1]: Created slice system-phosphor\x2dreset\x2dhost\x2drunning.slice.
Jul 06 22:08:55 witherspoon kernel[940]: [   14.170000] systemd[1]: Reached target Remote File Systems.
Jul 06 22:08:55 witherspoon kernel[940]: [   14.440000] systemd[1]: Created slice system-getty.slice.
Jul 06 22:08:55 witherspoon kernel[940]: [   14.720000] systemd[1]: Created slice system-org.openbmc.control.Power.slice.
Jul 06 22:08:55 witherspoon kernel[940]: [   15.000000] systemd[1]: Created slice system-obmc\x2dled\x2dgroup\x2dstart.slice.
Jul 06 22:08:55 witherspoon kernel[940]: [   15.290000] systemd[1]: Started Dispatch Password Requests to Console Directory Watch.
Jul 06 22:08:55 witherspoon kernel[940]: [   15.590000] systemd[1]: Reached target Paths.
Jul 06 22:08:55 witherspoon kernel[940]: [   15.890000] systemd[1]: Reached target Slices.
Jul 06 22:08:55 witherspoon kernel[940]: [   16.200000] systemd[1]: Listening on Journal Socket.
Jul 06 22:08:55 witherspoon kernel[940]: [   18.920000] systemd[1]: Created slice system-org.openbmc.buttons.Power.slice.
Jul 06 22:08:55 witherspoon kernel[940]: [   19.290000] systemd[1]: Starting Journal Service...
Jul 06 22:08:55 witherspoon kernel[940]: [   19.670000] systemd[1]: Created slice system-phosphor\x2ddiscover\x2dsystem\x2dstate.slice.
Jul 06 22:08:55 witherspoon kernel[940]: [   20.050000] systemd[1]: dev-hugepages.mount: Couldn't determine result for ConditionVirtualization=!private-users, assuming failed: No such file or directory
Jul 06 22:08:55 witherspoon kernel[940]: [   20.050000] systemd[1]: Created slice system-org.openbmc.buttons.reset.slice.
Jul 06 22:08:55 witherspoon kernel[940]: [   20.440000] systemd[1]: Listening on /dev/initctl Compatibility Named Pipe.
Jul 06 22:08:55 witherspoon kernel[940]: [   20.840000] systemd[1]: Starting Remount Root and Kernel File Systems...
Jul 06 22:08:55 witherspoon kernel[940]: [   21.240000] systemd[1]: Mounted Debug File System.
Jul 06 22:08:55 witherspoon kernel[940]: [   21.650000] systemd[1]: Mounted Temporary Directory.
Jul 06 22:08:55 witherspoon kernel[940]: [   22.070000] systemd[1]: Started Journal Service.
Jul 06 22:08:55 witherspoon kernel[940]: [   24.250000] systemd-journald[639]: Received request to flush runtime journal from PID 1
Jul 06 22:08:57 witherspoon avahi-daemon[924]: Found user 'avahi' (UID 998) and group 'avahi' (GID 999).
Jul 06 22:08:57 witherspoon avahi-daemon[924]: Successfully dropped root privileges.
Jul 06 22:08:57 witherspoon avahi-daemon[924]: avahi-daemon 0.6.32 starting up.
Jul 06 22:08:58 witherspoon kernel[940]: [   39.030000] random: crng init done
Jul 06 22:09:00 witherspoon avahi-daemon[924]: Successfully called chroot().
Jul 06 22:09:00 witherspoon avahi-daemon[924]: Successfully dropped remaining capabilities.
Jul 06 22:09:00 witherspoon avahi-daemon[924]: Loading service file /services/obmc_console.service.
Jul 06 22:09:00 witherspoon avahi-daemon[924]: Loading service file /services/phosphor_rest.service.
Jul 06 22:09:00 witherspoon avahi-daemon[924]: Loading service file /services/sftp-ssh.service.
Jul 06 22:09:00 witherspoon avahi-daemon[924]: Loading service file /services/sftp.service.
Jul 06 22:09:00 witherspoon avahi-daemon[924]: Loading service file /services/ssh.service.
Jul 06 22:09:00 witherspoon avahi-daemon[924]: Network interface enumeration completed.
Jul 06 22:09:00 witherspoon avahi-daemon[924]: Server startup complete. Host name is witherspoon.local. Local service cookie is 2585697061.
Jul 06 22:09:00 witherspoon avahi-daemon[924]: Service "witherspoon" (/services/ssh.service) successfully established.
Jul 06 22:09:00 witherspoon avahi-daemon[924]: Service "sftp" (/services/sftp.service) successfully established.
Jul 06 22:09:00 witherspoon avahi-daemon[924]: Service "witherspoon" (/services/sftp-ssh.service) successfully established.
Jul 06 22:09:00 witherspoon avahi-daemon[924]: Service "phosphor_rest" (/services/phosphor_rest.service) successfully established.
Jul 06 22:09:01 witherspoon systemd[1]: Starting Phosphor Inventory Manager...
Jul 06 22:09:00 witherspoon avahi-daemon[924]: Service "obmc_console" (/services/obmc_console.service) successfully established.
Jul 06 22:09:01 witherspoon systemd[1]: Started Phosphor Hwmon Poller.
Jul 06 22:09:01 witherspoon systemd[1]: Started Phosphor Hwmon Poller.
Jul 06 22:09:01 witherspoon systemd[1]: Starting Phosphor User Manager...
Jul 06 22:09:01 witherspoon systemd[1]: Starting Phosphor Network Manager...
Jul 06 22:09:02 witherspoon systemd[1]: xyz.openbmc_project.Hwmon@ahb-apb-i2c\x401e78a000-i2c\x2dbus\x40100-dps310\x4076.service: Main process exited, code=exited, status=255/n/a
Jul 06 22:09:02 witherspoon systemd[1]: xyz.openbmc_project.Hwmon@ahb-apb-i2c\x401e78a000-i2c\x2dbus\x40100-dps310\x4076.service: Unit entered failed state.
Jul 06 22:09:02 witherspoon systemd[1]: xyz.openbmc_project.Hwmon@ahb-apb-i2c\x401e78a000-i2c\x2dbus\x40100-dps310\x4076.service: Failed with result 'exit-code'.
Jul 06 22:09:02 witherspoon systemd[1]: Started Clear one time boot overrides.
Jul 06 22:09:02 witherspoon systemd[1]: Started Phosphor Log Manager.
Jul 06 22:09:02 witherspoon systemd[1]: Started Phosphor Download Manager.
Jul 06 22:09:02 witherspoon systemd[1]: Started Phosphor Inventory Manager.
Jul 06 22:09:02 witherspoon systemd[1]: Started Phosphor LED Group Management Daemon.
Jul 06 22:09:02 witherspoon systemd[1]: xyz.openbmc_project.Hwmon@ahb-apb-i2c\x401e78a000-i2c\x2dbus\x40100-dps310\x4076.service: Service hold-off time over, scheduling restart.
Jul 06 22:09:02 witherspoon systemd[1]: Started OpenBMC Software Update Manager.
Jul 06 22:09:02 witherspoon systemd[1]: Started OpenPower Software Update Manager.
Jul 06 22:09:02 witherspoon systemd[1]: Starting Phosphor Version Software Manager...
Jul 06 22:09:02 witherspoon systemd[1]: Stopped Phosphor Hwmon Poller.
Jul 06 22:09:02 witherspoon systemd[1]: Started Phosphor Hwmon Poller.
Jul 06 22:09:03 witherspoon phosphor-hwmon-readd[964]: Usage: /usr/sbin/phosphor-hwmon-readd [options]
Jul 06 22:09:03 witherspoon phosphor-hwmon-readd[964]: Options:
Jul 06 22:09:03 witherspoon phosphor-hwmon-readd[964]:     --help               print this menu
Jul 06 22:09:03 witherspoon phosphor-hwmon-readd[964]:     --path=<path>        sysfs location to monitor
Jul 06 22:09:03 witherspoon phosphor-hwmon-readd[964]:     --of-name=<path>     open firmware device name to monitor
Jul 06 22:09:03 witherspoon phosphor-hwmon-readd[964]: ERROR: Path not specified or invalid.
Jul 06 22:09:03 witherspoon systemd[1]: xyz.openbmc_project.Hwmon@ahb-apb-i2c\x401e78a000-i2c\x2dbus\x40100-dps310\x4076.service: Main process exited, code=exited, status=255/n/a
Jul 06 22:09:03 witherspoon systemd[1]: xyz.openbmc_project.Hwmon@ahb-apb-i2c\x401e78a000-i2c\x2dbus\x40100-dps310\x4076.service: Unit entered failed state.
Jul 06 22:09:03 witherspoon systemd[1]: xyz.openbmc_project.Hwmon@ahb-apb-i2c\x401e78a000-i2c\x2dbus\x40100-dps310\x4076.service: Failed with result 'exit-code'.
Jul 06 22:09:03 witherspoon systemd[1]: xyz.openbmc_project.Hwmon@ahb-apb-i2c\x401e78a000-i2c\x2dbus\x40100-dps310\x4076.service: Service hold-off time over, scheduling restart.
Jul 06 22:09:03 witherspoon systemd[1]: Stopped Phosphor Hwmon Poller.
Jul 06 22:09:03 witherspoon systemd[1]: Started Phosphor Hwmon Poller.
Jul 06 22:09:03 witherspoon phosphor-hwmon-readd[970]: Usage: /usr/sbin/phosphor-hwmon-readd [options]
Jul 06 22:09:03 witherspoon phosphor-hwmon-readd[970]: Options:
Jul 06 22:09:03 witherspoon phosphor-hwmon-readd[970]:     --help               print this menu
Jul 06 22:09:03 witherspoon phosphor-hwmon-readd[970]:     --path=<path>        sysfs location to monitor
Jul 06 22:09:03 witherspoon phosphor-hwmon-readd[970]:     --of-name=<path>     open firmware device name to monitor
Jul 06 22:09:03 witherspoon phosphor-hwmon-readd[970]: ERROR: Path not specified or invalid.
Jul 06 22:09:03 witherspoon systemd[1]: xyz.openbmc_project.Hwmon@ahb-apb-i2c\x401e78a000-i2c\x2dbus\x40100-dps310\x4076.service: Main process exited, code=exited, status=255/n/a
Jul 06 22:09:03 witherspoon systemd[1]: xyz.openbmc_project.Hwmon@ahb-apb-i2c\x401e78a000-i2c\x2dbus\x40100-dps310\x4076.service: Unit entered failed state.
Jul 06 22:09:03 witherspoon systemd[1]: xyz.openbmc_project.Hwmon@ahb-apb-i2c\x401e78a000-i2c\x2dbus\x40100-dps310\x4076.service: Failed with result 'exit-code'.
Jul 06 22:09:03 witherspoon systemd[1]: xyz.openbmc_project.Hwmon@ahb-apb-i2c\x401e78a000-i2c\x2dbus\x40100-dps310\x4076.service: Service hold-off time over, scheduling restart.
Jul 06 22:09:03 witherspoon systemd[1]: Stopped Phosphor Hwmon Poller.
Jul 06 22:09:03 witherspoon systemd[1]: Started Phosphor Hwmon Poller.
Jul 06 22:09:04 witherspoon systemd[1]: Started Phosphor Dump Manager.
Jul 06 22:09:04 witherspoon phosphor-hwmon-readd[972]: Usage: /usr/sbin/phosphor-hwmon-readd [options]
Jul 06 22:09:04 witherspoon phosphor-hwmon-readd[972]: Options:
Jul 06 22:09:04 witherspoon phosphor-hwmon-readd[972]:     --help               print this menu
Jul 06 22:09:04 witherspoon phosphor-hwmon-readd[972]:     --path=<path>        sysfs location to monitor
Jul 06 22:09:04 witherspoon phosphor-hwmon-readd[972]:     --of-name=<path>     open firmware device name to monitor
Jul 06 22:09:04 witherspoon phosphor-hwmon-readd[972]: ERROR: Path not specified or invalid.
Jul 06 22:09:04 witherspoon systemd[1]: xyz.openbmc_project.Hwmon@ahb-apb-i2c\x401e78a000-i2c\x2dbus\x40100-dps310\x4076.service: Main process exited, code=exited, status=255/n/a
Jul 06 22:09:04 witherspoon systemd[1]: xyz.openbmc_project.Hwmon@ahb-apb-i2c\x401e78a000-i2c\x2dbus\x40100-dps310\x4076.service: Unit entered failed state.
Jul 06 22:09:04 witherspoon systemd[1]: xyz.openbmc_project.Hwmon@ahb-apb-i2c\x401e78a000-i2c\x2dbus\x40100-dps310\x4076.service: Failed with result 'exit-code'.
Jul 06 22:09:04 witherspoon systemd[1]: Started Phosphor Version Software Manager.
Jul 06 22:09:04 witherspoon systemd[1]: xyz.openbmc_project.Hwmon@ahb-apb-i2c\x401e78a000-i2c\x2dbus\x40100-dps310\x4076.service: Service hold-off time over, scheduling restart.
Jul 06 22:09:04 witherspoon systemd[1]: Stopped Phosphor Hwmon Poller.
Jul 06 22:09:04 witherspoon systemd[1]: Started Phosphor Hwmon Poller.
Jul 06 22:09:05 witherspoon phosphor-hwmon-readd[974]: Usage: /usr/sbin/phosphor-hwmon-readd [options]
Jul 06 22:09:05 witherspoon phosphor-hwmon-readd[974]: Options:
Jul 06 22:09:05 witherspoon phosphor-hwmon-readd[974]:     --help               print this menu
Jul 06 22:09:05 witherspoon phosphor-hwmon-readd[974]:     --path=<path>        sysfs location to monitor
Jul 06 22:09:05 witherspoon phosphor-hwmon-readd[974]:     --of-name=<path>     open firmware device name to monitor
Jul 06 22:09:05 witherspoon phosphor-hwmon-readd[974]: ERROR: Path not specified or invalid.
Jul 06 22:09:05 witherspoon systemd[1]: xyz.openbmc_project.Hwmon@ahb-apb-i2c\x401e78a000-i2c\x2dbus\x40100-dps310\x4076.service: Main process exited, code=exited, status=255/n/a
Jul 06 22:09:05 witherspoon systemd[1]: xyz.openbmc_project.Hwmon@ahb-apb-i2c\x401e78a000-i2c\x2dbus\x40100-dps310\x4076.service: Unit entered failed state.
Jul 06 22:09:05 witherspoon systemd[1]: xyz.openbmc_project.Hwmon@ahb-apb-i2c\x401e78a000-i2c\x2dbus\x40100-dps310\x4076.service: Failed with result 'exit-code'.
Jul 06 22:09:05 witherspoon systemd[1]: xyz.openbmc_project.Hwmon@ahb-apb-i2c\x401e78a000-i2c\x2dbus\x40100-dps310\x4076.service: Service hold-off time over, scheduling restart.
Jul 06 22:09:05 witherspoon systemd[1]: Stopped Phosphor Hwmon Poller.
Jul 06 22:09:05 witherspoon systemd[1]: Started Phosphor Hwmon Poller.
Jul 06 22:09:06 witherspoon phosphor-hwmon-readd[976]: Usage: /usr/sbin/phosphor-hwmon-readd [options]
Jul 06 22:09:06 witherspoon phosphor-hwmon-readd[976]: Options:
Jul 06 22:09:06 witherspoon phosphor-hwmon-readd[976]:     --help               print this menu
Jul 06 22:09:06 witherspoon phosphor-hwmon-readd[976]:     --path=<path>        sysfs location to monitor
Jul 06 22:09:06 witherspoon phosphor-hwmon-readd[976]:     --of-name=<path>     open firmware device name to monitor
Jul 06 22:09:06 witherspoon phosphor-hwmon-readd[976]: ERROR: Path not specified or invalid.
Jul 06 22:09:06 witherspoon systemd[1]: xyz.openbmc_project.Hwmon@ahb-apb-i2c\x401e78a000-i2c\x2dbus\x40100-dps310\x4076.service: Main process exited, code=exited, status=255/n/a
Jul 06 22:09:06 witherspoon systemd[1]: xyz.openbmc_project.Hwmon@ahb-apb-i2c\x401e78a000-i2c\x2dbus\x40100-dps310\x4076.service: Unit entered failed state.
Jul 06 22:09:06 witherspoon systemd[1]: xyz.openbmc_project.Hwmon@ahb-apb-i2c\x401e78a000-i2c\x2dbus\x40100-dps310\x4076.service: Failed with result 'exit-code'.
Jul 06 22:09:06 witherspoon systemd[1]: xyz.openbmc_project.Hwmon@ahb-apb-i2c\x401e78a000-i2c\x2dbus\x40100-dps310\x4076.service: Service hold-off time over, scheduling restart.
Jul 06 22:09:06 witherspoon systemd[1]: Stopped Phosphor Hwmon Poller.
Jul 06 22:09:06 witherspoon systemd[1]: Started Phosphor Hwmon Poller.
Jul 06 22:09:07 witherspoon phosphor-hwmon-readd[979]: Usage: /usr/sbin/phosphor-hwmon-readd [options]
Jul 06 22:09:07 witherspoon phosphor-hwmon-readd[979]: Options:
Jul 06 22:09:07 witherspoon phosphor-hwmon-readd[979]:     --help               print this menu
Jul 06 22:09:07 witherspoon phosphor-hwmon-readd[979]:     --path=<path>        sysfs location to monitor
Jul 06 22:09:07 witherspoon phosphor-hwmon-readd[979]:     --of-name=<path>     open firmware device name to monitor
Jul 06 22:09:07 witherspoon phosphor-hwmon-readd[979]: ERROR: Path not specified or invalid.
Jul 06 22:09:07 witherspoon systemd[1]: xyz.openbmc_project.Hwmon@ahb-apb-i2c\x401e78a000-i2c\x2dbus\x40100-dps310\x4076.service: Main process exited, code=exited, status=255/n/a
Jul 06 22:09:07 witherspoon systemd[1]: xyz.openbmc_project.Hwmon@ahb-apb-i2c\x401e78a000-i2c\x2dbus\x40100-dps310\x4076.service: Unit entered failed state.
Jul 06 22:09:07 witherspoon systemd[1]: xyz.openbmc_project.Hwmon@ahb-apb-i2c\x401e78a000-i2c\x2dbus\x40100-dps310\x4076.service: Failed with result 'exit-code'.
Jul 06 22:09:07 witherspoon systemd-networkd[955]: Could not create runtime directory: File exists
Jul 06 22:09:07 witherspoon systemd-networkd[955]: Could not create runtime directory 'links': File exists
Jul 06 22:09:07 witherspoon systemd-networkd[955]: Could not create runtime directory 'leases': File exists
Jul 06 22:09:08 witherspoon systemd[1]: xyz.openbmc_project.Hwmon@ahb-apb-i2c\x401e78a000-i2c\x2dbus\x40100-dps310\x4076.service: Service hold-off time over, scheduling restart.
Jul 06 22:09:08 witherspoon systemd[1]: Stopped Phosphor Hwmon Poller.
Jul 06 22:09:09 witherspoon systemd[1]: Started Phosphor Hwmon Poller.
Jul 06 22:09:09 witherspoon phosphor-hwmon-readd[982]: Usage: /usr/sbin/phosphor-hwmon-readd [options]
Jul 06 22:09:09 witherspoon phosphor-hwmon-readd[982]: Options:
Jul 06 22:09:09 witherspoon phosphor-hwmon-readd[982]:     --help               print this menu
Jul 06 22:09:09 witherspoon phosphor-hwmon-readd[982]:     --path=<path>        sysfs location to monitor
Jul 06 22:09:09 witherspoon phosphor-hwmon-readd[982]:     --of-name=<path>     open firmware device name to monitor
Jul 06 22:09:09 witherspoon phosphor-hwmon-readd[982]: ERROR: Path not specified or invalid.
Jul 06 22:09:09 witherspoon systemd[1]: xyz.openbmc_project.Hwmon@ahb-apb-i2c\x401e78a000-i2c\x2dbus\x40100-dps310\x4076.service: Main process exited, code=exited, status=255/n/a
Jul 06 22:09:09 witherspoon systemd[1]: xyz.openbmc_project.Hwmon@ahb-apb-i2c\x401e78a000-i2c\x2dbus\x40100-dps310\x4076.service: Unit entered failed state.
Jul 06 22:09:09 witherspoon systemd[1]: xyz.openbmc_project.Hwmon@ahb-apb-i2c\x401e78a000-i2c\x2dbus\x40100-dps310\x4076.service: Failed with result 'exit-code'.
Jul 06 22:09:09 witherspoon systemd[1]: xyz.openbmc_project.Hwmon@ahb-apb-i2c\x401e78a000-i2c\x2dbus\x40100-dps310\x4076.service: Service hold-off time over, scheduling restart.
Jul 06 22:09:09 witherspoon systemd[1]: Stopped Phosphor Hwmon Poller.
Jul 06 22:09:09 witherspoon systemd[1]: xyz.openbmc_project.Hwmon@ahb-apb-i2c\x401e78a000-i2c\x2dbus\x40100-dps310\x4076.service: Start request repeated too quickly.
Jul 06 22:09:09 witherspoon systemd[1]: Failed to start Phosphor Hwmon Poller.
Jul 06 22:09:09 witherspoon systemd-networkd[955]: Enumeration completed
Jul 06 22:09:10 witherspoon systemd[1]: xyz.openbmc_project.Hwmon@ahb-apb-i2c\x401e78a000-i2c\x2dbus\x40100-dps310\x4076.service: Unit entered failed state.
Jul 06 22:09:10 witherspoon avahi-daemon[924]: Joining mDNS multicast group on interface eth0.IPv4 with address 9.3.21.61.
Jul 06 22:09:10 witherspoon systemd[1]: xyz.openbmc_project.Hwmon@ahb-apb-i2c\x401e78a000-i2c\x2dbus\x40100-dps310\x4076.service: Failed with result 'exit-code'.
Jul 06 22:09:10 witherspoon avahi-daemon[924]: New relevant interface eth0.IPv4 for mDNS.
Jul 06 22:09:10 witherspoon systemd[1]: Started Network Service.
Jul 06 22:09:10 witherspoon avahi-daemon[924]: Registering new address record for 9.3.21.61 on eth0.IPv4.
Jul 06 22:09:10 witherspoon systemd[1]: Reached target Network.
Jul 06 22:09:10 witherspoon systemd-networkd[955]: eth0: IPv6 enabled for interface: Success
Jul 06 22:09:10 witherspoon systemd[1]: Starting Permit User Sessions...
Jul 06 22:09:10 witherspoon systemd[1]: Started Lightweight SLP Server.
Jul 06 22:09:10 witherspoon systemd-networkd[955]: eth0: Gained carrier
Jul 06 22:09:10 witherspoon systemd-timesyncd[880]: Network configuration changed, trying to establish connection.
Jul 06 22:09:10 witherspoon systemd[1]: Started Phosphor BMC0 Control.
Jul 06 22:09:10 witherspoon systemd[1]: Started Permit User Sessions.
Jul 06 22:09:10 witherspoon systemd[1]: Started Serial Getty on ttyS4.
Jul 06 22:09:10 witherspoon systemd[1]: Reached target Login Prompts.
Jul 06 22:09:10 witherspoon systemd[1]: Reached target Multi-User System.
Jul 06 22:09:12 witherspoon avahi-daemon[924]: Joining mDNS multicast group on interface eth0.IPv6 with address fe80::72e2:84ff:fe14:28a9.
Jul 06 22:09:12 witherspoon systemd-networkd[955]: eth0: Gained IPv6LL
Jul 06 22:09:12 witherspoon avahi-daemon[924]: New relevant interface eth0.IPv6 for mDNS.
Jul 06 22:09:12 witherspoon avahi-daemon[924]: Registering new address record for fe80::72e2:84ff:fe14:28a9 on eth0.*.
Jul 06 22:09:13 witherspoon kernel: ftgmac100 1e660000.ethernet eth0: NCSI interface up
Jul 06 22:09:13 witherspoon kernel[940]: [   53.920000] ftgmac100 1e660000.ethernet eth0: NCSI interface up
Jul 06 22:09:21 witherspoon systemd[1]: Created slice system-dropbear.slice.
Jul 06 22:09:21 witherspoon systemd[1]: Started SSH Per-Connection Server (9.41.165.94:43072).
Jul 06 22:09:24 witherspoon systemd-networkd[955]: eth0: Configured
Jul 06 22:09:24 witherspoon systemd-timesyncd[880]: Network configuration changed, trying to establish connection.
Jul 06 22:09:25 witherspoon netman.py[962]: Started
Jul 06 22:09:25 witherspoon systemd[1]: Started Phosphor Network Manager.
Jul 06 22:09:25 witherspoon systemd[1]: Started Phosphor Download Manager.
Jul 06 22:09:25 witherspoon download_manager.py[943]: Running Download Manager
Jul 06 22:09:25 witherspoon dropbear[990]: Failed loading /etc/dropbear/dropbear_dss_host_key
Jul 06 22:09:25 witherspoon dropbear[990]: Failed loading /etc/dropbear/dropbear_ecdsa_host_key
Jul 06 22:09:25 witherspoon dropbear[990]: Child connection from ::ffff:9.41.165.94:43072
Jul 06 22:09:25 witherspoon chassis_control.py[927]: Running ChassisControlService
Jul 06 22:09:25 witherspoon systemd[1]: Started Phosphor Chassis0 Control.
Jul 06 22:09:25 witherspoon obmc-phosphor-userd[961]: Started
Jul 06 22:09:25 witherspoon systemd[1]: Started Phosphor User Manager.
Jul 06 22:09:25 witherspoon sensor_manager2.py[938]: Setting boot count to 3
Jul 06 22:09:25 witherspoon sensor_manager2.py[938]: Deleting OCC device
Jul 06 22:09:25 witherspoon sensor_manager2.py[938]: sh: /sys/class/i2c-adapter/i2c-3/3-0050/online: No such file or directory
Jul 06 22:09:25 witherspoon sensor_manager2.py[938]: Deleting OCC device
Jul 06 22:09:25 witherspoon sensor_manager2.py[938]: sh: /sys/class/i2c-adapter/i2c-3/3-0050/online: No such file or directory
Jul 06 22:09:25 witherspoon sensor_manager2.py[938]: Starting sensor manager
Jul 06 22:09:25 witherspoon systemd[1]: Started Phosphor Sensor Manager.
Jul 06 22:09:26 witherspoon phosphor-mapper[934]: ObjectMapper startup complete.  Discovery in progress...
Jul 06 22:09:27 witherspoon avahi-daemon[954]: ../../avahi-0.6.32/avahi-daemon/chroot.c: open() failed: No such file or directory
Jul 06 22:09:27 witherspoon avahi-daemon[924]: Failed to open /usr/share/dbus-1/interfaces/org.freedesktop.Avahi.Server.xml: Invalid argument
Jul 06 22:09:27 witherspoon avahi-daemon[924]: Failed to load introspection data.
Jul 06 22:09:27 witherspoon dropbear[990]: PAM password auth succeeded for 'root' from ::ffff:9.41.165.94:43072
Jul 06 22:09:27 witherspoon inventory_items.py[958]: Loading from cache: /var/cache/obmc/org.openbmc.inventory.system.chassis.motherboard.apss@org.openbmc.InventoryItem.props
Jul 06 22:09:27 witherspoon inventory_items.py[958]: Loading from cache: /var/cache/obmc/org.openbmc.inventory.system.chassis.motherboard@org.openbmc.InventoryItem.props
Jul 06 22:09:27 witherspoon inventory_items.py[958]: Loading from cache: /var/cache/obmc/org.openbmc.inventory.system.chassis.motherboard.refclock@org.openbmc.InventoryItem.props
Jul 06 22:09:27 witherspoon dropbear[993]: lastlog_perform_login: Couldn't stat /var/log/lastlog: No such file or directory
Jul 06 22:09:27 witherspoon dropbear[993]: lastlog_openseek: /var/log/lastlog is not a file or directory!
Jul 06 22:09:27 witherspoon inventory_items.py[958]: Loading from cache: /var/cache/obmc/org.openbmc.inventory.system.chassis.motherboard.todclock@org.openbmc.InventoryItem.props
Jul 06 22:09:27 witherspoon inventory_items.py[958]: Loading from cache: /var/cache/obmc/org.openbmc.inventory.system.chassis.motherboard.bmc@org.openbmc.InventoryItem.props
Jul 06 22:09:27 witherspoon inventory_items.py[958]: Caching: /org/openbmc/inventory/system/chassis/motherboard/bmc
Jul 06 22:09:27 witherspoon inventory_items.py[958]: Loading from cache: /var/cache/obmc/org.openbmc.inventory.system.chassis.motherboard.pcieclock@org.openbmc.InventoryItem.props
Jul 06 22:09:28 witherspoon inventory_items.py[958]: Running Inventory Manager
Jul 06 22:09:28 witherspoon systemd[1]: Started Phosphor Inventory Manager.
Jul 06 22:09:40 witherspoon phosphor-mapper[934]: ObjectMapper discovery complete
Jul 06 22:09:40 witherspoon systemd[1]: Started Phosphor DBus Service Discovery Manager.
Jul 06 22:09:40 witherspoon systemd[1]: Reached target Phosphor Object Mapper.
Jul 06 22:09:40 witherspoon systemd[1]: Starting Wait for /org/openbmc/control/bmc0...
Jul 06 22:09:40 witherspoon systemd[1]: Starting Wait for /org/openbmc/control/flash/bios...
Jul 06 22:09:40 witherspoon systemd[1]: Starting Wait for /xyz/openbmc_project/control/host0...
Jul 06 22:09:40 witherspoon systemd[1]: Starting Wait for /org/openbmc/managers/System...
Jul 06 22:09:40 witherspoon systemd[1]: Starting Wait for /xyz/openbmc_project/inventory...
Jul 06 22:09:40 witherspoon systemd[1]: Reached target Webserver (pre).
Jul 06 22:09:40 witherspoon systemd[1]: Started Phosphor Webserver.
Jul 06 22:09:40 witherspoon systemd[1]: Starting Wait for /org/openbmc/control/power0...
Jul 06 22:09:40 witherspoon systemd[1]: Starting Phoshpor System Manager...
Jul 06 22:09:40 witherspoon systemd[1]: Starting Phosphor Settings Manager...
Jul 06 22:09:40 witherspoon systemd[1]: Starting Wait for /xyz/openbmc_project/led/groups...
Jul 06 22:09:40 witherspoon systemd[1]: Starting Wait for /org/openbmc/NetworkManager/Interface...
Jul 06 22:09:40 witherspoon systemd[1]: Starting Wait for /org/openbmc/sensors...
Jul 06 22:09:40 witherspoon systemd[1]: Starting Wait for /org/openbmc/managers/Download...
Jul 06 22:09:40 witherspoon systemd[1]: Started Phosphor DBus Monitor.
Jul 06 22:09:40 witherspoon systemd[1]: Starting Wait for /xyz/openbmc_project/led/groups/bmc_booted...
Jul 06 22:09:40 witherspoon systemd[1]: Starting Wait for /xyz/openbmc_project/state/chassis0...
Jul 06 22:09:40 witherspoon systemd[1]: Starting Wait for /xyz/openbmc_project/state/host0...
Jul 06 22:09:42 witherspoon systemd[1]: Started Wait for /xyz/openbmc_project/inventory.
Jul 06 22:09:42 witherspoon systemd[1]: Started Phosphor Cooling Type.
Jul 06 22:09:42 witherspoon systemd[1]: Starting Read OpenPOWER-format VPD from EEPROM...
Jul 06 22:09:42 witherspoon systemd[1]: Starting OpenPOWER OCC controller...
Jul 06 22:09:42 witherspoon systemd[1]: Started Wait for /org/openbmc/control/bmc0.
Jul 06 22:09:42 witherspoon systemd[1]: Started Wait for /org/openbmc/sensors.
Jul 06 22:09:42 witherspoon systemd[1]: Started Phosphor Hwmon Poller.
Jul 06 22:09:42 witherspoon systemd[1]: Started Wait for /org/openbmc/NetworkManager/Interface.
Jul 06 22:09:42 witherspoon systemd[1]: Started Phosphor DNS Settings Cache Manager.
Jul 06 22:09:43 witherspoon systemd[1]: Started OpenPOWER OCC controller.
Jul 06 22:09:43 witherspoon systemd[1]: Started Wait for /xyz/openbmc_project/led/groups.
Jul 06 22:09:43 witherspoon systemd[1]: Started FRU Fault monitor service.
Jul 06 22:09:44 witherspoon systemd[1]: Started Wait for /xyz/openbmc_project/led/groups/bmc_booted.
Jul 06 22:09:44 witherspoon systemd[1]: Started Wait for /org/openbmc/managers/Download.
Jul 06 22:09:44 witherspoon systemd[1]: Starting Phosphor BIOS Code Update...
Jul 06 22:09:44 witherspoon systemd[1]: Starting Phosphor BMC Code Update...
Jul 06 22:09:44 witherspoon systemd[1]: Starting Assert bmc_booted LED...
Jul 06 22:09:44 witherspoon systemd[1]: Started Phosphor BIOS Code Update.
Jul 06 22:09:49 witherspoon systemd[1]: Started Assert bmc_booted LED.
Jul 06 22:09:49 witherspoon systemd[1]: Started Read OpenPOWER-format VPD from EEPROM.
Jul 06 22:09:55 witherspoon systemd[1]: Started Wait for /org/openbmc/control/flash/bios.
Jul 06 22:09:55 witherspoon systemd[1]: Started Initialize BIOS Flash.
Jul 06 22:09:57 witherspoon system_manager.py[1006]: Running System State: BASE_APPS
Jul 06 22:09:57 witherspoon settings_manager.py[1007]: Running HostSettingsService
Jul 06 22:09:57 witherspoon systemd[1]: Started Phosphor Settings Manager.
Jul 06 22:09:57 witherspoon systemd[1]: Starting Wait for /org/openbmc/settings/host0...
Jul 06 22:09:57 witherspoon system_manager.py[1006]: SystemManager Init Done
Jul 06 22:09:57 witherspoon system_manager.py[1006]: Running SystemManager
Jul 06 22:09:57 witherspoon systemd[1]: Started Phoshpor System Manager.
Jul 06 22:09:57 witherspoon system_manager.py[1006]: SystemManager Goto System State: BMC_STARTING
Jul 06 22:09:57 witherspoon system_manager.py[1006]: Running System State: BMC_STARTING
Jul 06 22:09:59 witherspoon hwmon.py[1023]: Starting HWMON sensors
Jul 06 22:09:59 witherspoon systemd[1]: Started Wait for /org/openbmc/managers/System.
Jul 06 22:09:59 witherspoon systemd[1]: Starting Phosphor Host State Manager...
Jul 06 22:09:59 witherspoon systemd[1]: Starting Phosphor Power Button0...
Jul 06 22:09:59 witherspoon systemd[1]: Starting Phosphor Reset Button0...
Jul 06 22:09:59 witherspoon systemd[1]: Starting Phosphor BMC State Manager...
Jul 06 22:09:59 witherspoon systemd[1]: Starting Phosphor Power0 Control...
Jul 06 22:09:59 witherspoon systemd[1]: Starting Phosphor Chassis State Manager...
Jul 06 22:10:00 witherspoon flash_bios.exe[1030]: Starting flasher: bios,,/org/openbmc/control/flash/bios,
Jul 06 22:10:00 witherspoon flash_bios.exe[1030]: flasher: , BMC = 1, address = 0x0
Jul 06 22:10:00 witherspoon flash_bios.exe[1030]: Setting up flash
Jul 06 22:10:01 witherspoon systemd[1]: Started Wait for /org/openbmc/settings/host0.
Jul 06 22:10:01 witherspoon system_manager.py[1006]: New object: /org/openbmc/control/power0 (:1.64)
Jul 06 22:10:02 witherspoon phosphor-chassis-state-manager[1053]: Initial Chassis State will be Off
Jul 06 22:10:02 witherspoon system_manager.py[1006]: Power GPIO config: ['SYS_PWROK_BUFF', '', [('SOFTWARE_PGOOD', True), ('BMC_POWER_UP', True)], [('BMC_CP0_RESET_N', False)], [], 'FSI_DATA', 'FSI_CLK', 'FSI_ENABLE', 'CRONUS_SEL', []]
Jul 06 22:10:02 witherspoon systemd[1]: Started Phosphor Chassis State Manager.
Jul 06 22:10:02 witherspoon systemd[1]: Started Phosphor Inband IPMI.
Jul 06 22:10:02 witherspoon button_reset.exe[1050]: GPIO Lookup:  RESET_BUTTON = 353,both
Jul 06 22:10:02 witherspoon systemd[1]: Started Phosphor Reset Button0.
Jul 06 22:10:02 witherspoon phosphor-host-state-manager[1048]: Initial Host State will be Off
Jul 06 22:10:02 witherspoon systemd[1]: Started Phosphor Host State Manager.
Jul 06 22:10:03 witherspoon power_control.exe[1052]: Power GPIO latch output:
Jul 06 22:10:03 witherspoon power_control.exe[1052]: Power GPIO power good input: SYS_PWROK_BUFF
Jul 06 22:10:03 witherspoon power_control.exe[1052]: Power GPIO 2 power_up outputs
Jul 06 22:10:03 witherspoon power_control.exe[1052]: Power GPIO power_up[0] = SOFTWARE_PGOOD active HIGH
Jul 06 22:10:03 witherspoon power_control.exe[1052]: Power GPIO power_up[1] = BMC_POWER_UP active HIGH
Jul 06 22:10:03 witherspoon power_control.exe[1052]: Power GPIO 1 reset outputs
Jul 06 22:10:03 witherspoon power_control.exe[1052]: Power GPIO reset[0] = BMC_CP0_RESET_N active LOW
Jul 06 22:10:03 witherspoon power_control.exe[1052]: Power GPIO 0 pci reset outputs
Jul 06 22:10:03 witherspoon power_control.exe[1052]: FSI DATA GPIO: FSI_DATA
Jul 06 22:10:03 witherspoon power_control.exe[1052]: FSI CLK GPIO: FSI_CLK
Jul 06 22:10:03 witherspoon power_control.exe[1052]: FSI ENABLE GPIO: FSI_ENABLE
Jul 06 22:10:03 witherspoon power_control.exe[1052]: CRONUS SEL GPIO: CRONUS_SEL
Jul 06 22:10:03 witherspoon power_control.exe[1052]: Hostctl GPIO optionals: 0
Jul 06 22:10:03 witherspoon phosphor-bmc-state-manager[1051]: Setting the BMCState field
Jul 06 22:10:03 witherspoon phosphor-bmc-state-manager[1051]: Setting the BMCState field
Jul 06 22:10:03 witherspoon button_power.exe[1049]: GPIO Lookup:  POWER_BUTTON = 347,both
Jul 06 22:10:03 witherspoon flash_bios.exe[1030]: Starting flasher: bios,,/org/openbmc/control/flash/bios,
Jul 06 22:10:03 witherspoon flash_bios.exe[1030]: flasher: , BMC = 1, address = 0x0
Jul 06 22:10:03 witherspoon flash_bios.exe[1030]: Setting up flash
Jul 06 22:10:03 witherspoon systemd[1]: Started Phosphor BMC State Manager.
Jul 06 22:10:03 witherspoon systemd[1]: Started Phosphor Power Button0.
Jul 06 22:10:03 witherspoon bmc_update.py[1031]: Running Bmc Flash Control
Jul 06 22:10:03 witherspoon systemd[1]: Started Phosphor BMC Code Update.
Jul 06 22:10:04 witherspoon power_control.exe[1052]: GPIO Lookup:  SYS_PWROK_BUFF = 306,in
Jul 06 22:10:04 witherspoon power_control.exe[1052]: GPIO Lookup:  SOFTWARE_PGOOD = 417,out
Jul 06 22:10:04 witherspoon power_control.exe[1052]: GPIO Lookup:  BMC_POWER_UP = 305,out
Jul 06 22:10:04 witherspoon power_control.exe[1052]: GPIO Lookup:  BMC_CP0_RESET_N = 281,out
Jul 06 22:10:04 witherspoon power_control.exe[1052]: Pgood state: 0
Jul 06 22:10:04 witherspoon systemd[1]: Started Phosphor Power0 Control.
Jul 06 22:10:10 witherspoon systemd[1]: Started Wait for /xyz/openbmc_project/state/chassis0.
Jul 06 22:10:10 witherspoon systemd[1]: Started Wait for /xyz/openbmc_project/state/host0.
Jul 06 22:10:10 witherspoon systemd[1]: Starting Reboot If Enabled...
Jul 06 22:10:11 witherspoon system_manager.py[1006]: SystemManager Goto System State: BMC_READY
Jul 06 22:10:11 witherspoon system_manager.py[1006]: Running System State: BMC_READY
Jul 06 22:10:11 witherspoon systemd[1]: Started Wait for /org/openbmc/control/power0.
Jul 06 22:10:11 witherspoon systemd[1]: Starting Phosphor Time Manager daemon...
Jul 06 22:10:11 witherspoon systemd[1]: Starting Check Chassis0 pgood and create a file to indicate it...
Jul 06 22:10:11 witherspoon timemanager[1085]: Registering dbus methods
Jul 06 22:10:11 witherspoon systemd[1]: Started Wait for /xyz/openbmc_project/control/host0.
Jul 06 22:10:11 witherspoon timemanager[1085]: Last known time_mode: MANUAL
Jul 06 22:10:11 witherspoon timemanager[1085]: Last known time_owner: BMC
Jul 06 22:10:11 witherspoon timemanager[1085]: Empty DhcpNtp string
Jul 06 22:10:11 witherspoon timemanager[1085]: Reading Power Control key: pgood
Jul 06 22:10:12 witherspoon timemanager[1085]: Changing settings *allowed* now
Jul 06 22:10:12 witherspoon timemanager[1085]: Getting System Settings: time_mode
Jul 06 22:10:12 witherspoon systemd[1]: Started Check Chassis0 pgood and create a file to indicate it.
Jul 06 22:10:12 witherspoon systemd[1]: Reached target Chassis0 power on after reset.
Jul 06 22:10:12 witherspoon systemd[1]: Reached target Host0 running after reset.
Jul 06 22:10:12 witherspoon systemd[1]: Reached target Host0 (Reset Check).
Jul 06 22:10:12 witherspoon systemd[1]: Reached target Chassis0 (Reset Check).
Jul 06 22:10:12 witherspoon phosphor-discover-system-state[1083]: Host power is off, checking power policy
Jul 06 22:10:12 witherspoon systemd[1]: Started Reboot If Enabled.
Jul 06 22:10:12 witherspoon timemanager[1085]: Requested_Mode: MANUAL Current_Mode: MANUAL
Jul 06 22:10:12 witherspoon timemanager[1085]: Mode is already set to : MANUAL
Jul 06 22:10:12 witherspoon timemanager[1085]: Getting System Settings: time_owner
Jul 06 22:10:12 witherspoon timemanager[1085]: Owner is already set to : BMC
Jul 06 22:10:12 witherspoon timemanager[1085]: Getting System Settings: use_dhcp_ntp
Jul 06 22:10:12 witherspoon timemanager[1085]: use_dhcp_ntp = yes
Jul 06 22:10:12 witherspoon timemanager[1085]: Last known host_offset:0
Jul 06 22:10:12 witherspoon timemanager[1085]: Initial Uptime Usec: 1499378899695155
Jul 06 22:10:12 witherspoon systemd[1]: Started Phosphor Time Manager daemon.
Jul 06 22:10:12 witherspoon systemd[1]: Reached target Phosphor System - Standby.
Jul 06 22:10:12 witherspoon systemd[1]: Startup finished in 8.391s (kernel) + 1min 44.821s (userspace) = 1min 53.212s.
Jul 06 22:10:13 witherspoon phosphor-bmc-state-manager[1051]: BMC_READY
Jul 06 22:10:13 witherspoon phosphor-bmc-state-manager[1051]: Setting the BMCState field
Jul 06 22:10:17 witherspoon phosphor-gevent[1004]: Traceback (most recent call last):
Jul 06 22:10:17 witherspoon phosphor-gevent[1004]:   File "/usr/lib/python2.7/site-packages/gevent/greenlet.py", line 327, in run
Jul 06 22:10:17 witherspoon phosphor-gevent[1004]:     result = self._run(*self.args, **self.kwargs)
Jul 06 22:10:17 witherspoon phosphor-gevent[1004]:   File "/usr/lib/python2.7/site-packages/gevent/server.py", line 102, in wrap_socket_and_handle
Jul 06 22:10:17 witherspoon phosphor-gevent[1004]:     ssl_socket = self.wrap_socket(client_socket, **self.ssl_args)
Jul 06 22:10:17 witherspoon phosphor-gevent[1004]:   File "/usr/lib/python2.7/site-packages/gevent/ssl.py", line 404, in wrap_socket
Jul 06 22:10:17 witherspoon phosphor-gevent[1004]:     ciphers=ciphers)
Jul 06 22:10:17 witherspoon phosphor-gevent[1004]:   File "/usr/lib/python2.7/site-packages/gevent/ssl.py", line 113, in __init__
Jul 06 22:10:17 witherspoon phosphor-gevent[1004]:     self.do_handshake()
Jul 06 22:10:17 witherspoon phosphor-gevent[1004]:   File "/usr/lib/python2.7/site-packages/gevent/ssl.py", line 324, in do_handshake
Jul 06 22:10:17 witherspoon phosphor-gevent[1004]:     return self._sslobj.do_handshake()
Jul 06 22:10:17 witherspoon phosphor-gevent[1004]: SSLEOFError: EOF occurred in violation of protocol (_ssl.c:590)
Jul 06 22:10:17 witherspoon phosphor-gevent[1004]: <Greenlet at 0x76071300: <bound method WSGIServer.wrap_socket_and_handle of <WSGIServer at 0x7604a8d0 fileno=5 address=('::34d2:f576:b0ad:6b76%1986768288', 443, 0, 1986768288)>>(<socket at 0x75f20310 fileno=9>, ('::80b9:6976:8e91:f402%1995750172', 44094, 0, 199)> failed with SSLEOFError
Jul 06 22:10:17 witherspoon phosphor-gevent[1004]: Traceback (most recent call last):
Jul 06 22:10:17 witherspoon phosphor-gevent[1004]:   File "/usr/lib/python2.7/site-packages/gevent/greenlet.py", line 327, in run
Jul 06 22:10:17 witherspoon phosphor-gevent[1004]:     result = self._run(*self.args, **self.kwargs)
Jul 06 22:10:17 witherspoon phosphor-gevent[1004]:   File "/usr/lib/python2.7/site-packages/gevent/server.py", line 102, in wrap_socket_and_handle
Jul 06 22:10:17 witherspoon phosphor-gevent[1004]:     ssl_socket = self.wrap_socket(client_socket, **self.ssl_args)
Jul 06 22:10:17 witherspoon phosphor-gevent[1004]:   File "/usr/lib/python2.7/site-packages/gevent/ssl.py", line 404, in wrap_socket
Jul 06 22:10:17 witherspoon phosphor-gevent[1004]:     ciphers=ciphers)
Jul 06 22:10:17 witherspoon phosphor-gevent[1004]:   File "/usr/lib/python2.7/site-packages/gevent/ssl.py", line 113, in __init__
Jul 06 22:10:17 witherspoon phosphor-gevent[1004]:     self.do_handshake()
Jul 06 22:10:17 witherspoon phosphor-gevent[1004]:   File "/usr/lib/python2.7/site-packages/gevent/ssl.py", line 324, in do_handshake
Jul 06 22:10:17 witherspoon phosphor-gevent[1004]:     return self._sslobj.do_handshake()
Jul 06 22:10:17 witherspoon phosphor-gevent[1004]: SSLEOFError: EOF occurred in violation of protocol (_ssl.c:590)
Jul 06 22:10:17 witherspoon phosphor-gevent[1004]: <Greenlet at 0x760715d0: <bound method WSGIServer.wrap_socket_and_handle of <WSGIServer at 0x7604a8d0 fileno=5 address=('::34d2:f576:b0ad:6b76%1986768288', 443, 0, 1986768288)>>(<socket at 0x75f20290 fileno=10>, ('::80b9:6976:8e91:f402%1995750172', 44098, 0, 199)> failed with SSLEOFError
Jul 06 22:10:18 witherspoon phosphor-gevent[1004]: ::80b9:6976:8e91:f402%1995750172 - - [2017-07-06 22:10:18] "POST /login HTTP/1.1" 200 320 0.045267
Jul 06 22:10:18 witherspoon phosphor-gevent[1004]: ::80b9:6976:8e91:f402%1995750172 - - [2017-07-06 22:10:18] "GET /xyz/openbmc_project/state/chassis0//attr/CurrentPowerState HTTP/1.1" 200 216 0.059373
Jul 06 22:10:18 witherspoon phosphor-gevent[1004]: ::80b9:6976:8e91:f402%1995750172 - - [2017-07-06 22:10:18] "POST /login HTTP/1.1" 200 320 0.033290
Jul 06 22:10:18 witherspoon phosphor-gevent[1004]: ::80b9:6976:8e91:f402%1995750172 - - [2017-07-06 22:10:18] "GET /xyz/openbmc_project/state/chassis0//attr/CurrentPowerState HTTP/1.1" 200 216 0.064016
Jul 06 22:10:18 witherspoon phosphor-gevent[1004]: ::80b9:6976:8e91:f402%1995750172 - - [2017-07-06 22:10:18] "POST /login HTTP/1.1" 200 320 0.032627
Jul 06 22:10:18 witherspoon phosphor-gevent[1004]: ::80b9:6976:8e91:f402%1995750172 - - [2017-07-06 22:10:18] "GET /org/openbmc/sensors/host/BootProgress/attr/value HTTP/1.1" 200 170 0.069726
Jul 06 22:10:19 witherspoon phosphor-gevent[1004]: ::80b9:6976:8e91:f402%1995750172 - - [2017-07-06 22:10:19] "POST /login HTTP/1.1" 200 320 0.032818
Jul 06 22:10:19 witherspoon phosphor-gevent[1004]: ::80b9:6976:8e91:f402%1995750172 - - [2017-07-06 22:10:19] "GET /xyz/openbmc_project/state/host0//attr/CurrentHostState HTTP/1.1" 200 212 0.048782
Jul 06 22:10:19 witherspoon phosphor-gevent[1004]: ::80b9:6976:8e91:f402%1995750172 - - [2017-07-06 22:10:19] "POST /login HTTP/1.1" 200 320 0.033419
Jul 06 22:10:19 witherspoon phosphor-gevent[1004]: ::80b9:6976:8e91:f402%1995750172 - - [2017-07-06 22:10:19] "GET /xyz/openbmc_project/logging/entry/list HTTP/1.1" 404 311 0.031120
Jul 06 22:10:19 witherspoon dropbear[990]: Exit (root): Error reading: Connection reset by peer
Jul 06 22:10:19 witherspoon systemd[1]: Started SSH Per-Connection Server (9.41.165.94:43090).
Jul 06 22:10:19 witherspoon dropbear[1105]: Failed loading /etc/dropbear/dropbear_dss_host_key
Jul 06 22:10:19 witherspoon dropbear[1105]: Failed loading /etc/dropbear/dropbear_ecdsa_host_key
Jul 06 22:10:19 witherspoon dropbear[1105]: Child connection from ::ffff:9.41.165.94:43090
Jul 06 22:10:20 witherspoon dropbear[1105]: PAM password auth succeeded for 'root' from ::ffff:9.41.165.94:43090
Jul 06 22:10:20 witherspoon dropbear[1106]: lastlog_perform_login: Couldn't stat /var/log/lastlog: No such file or directory
Jul 06 22:10:20 witherspoon dropbear[1106]: lastlog_openseek: /var/log/lastlog is not a file or directory!
Jul 06 22:10:21 witherspoon phosphor-gevent[1004]: ::80b9:6976:8e91:f402%1995750172 - - [2017-07-06 22:10:21] "POST /login HTTP/1.1" 200 320 0.034241
Jul 06 22:10:21 witherspoon phosphor-gevent[1004]: ::80b9:6976:8e91:f402%1995750172 - - [2017-07-06 22:10:21] "GET /xyz/openbmc_project/state/host0//attr/CurrentHostState HTTP/1.1" 200 212 0.050808
Jul 06 22:10:22 witherspoon dropbear[1105]: Exit (root): Exited normally
Jul 06 22:10:25 witherspoon systemd[1]: Started SSH Per-Connection Server (9.41.165.94:43094).
Jul 06 22:10:25 witherspoon dropbear[1115]: Failed loading /etc/dropbear/dropbear_dss_host_key
Jul 06 22:10:25 witherspoon dropbear[1115]: Failed loading /etc/dropbear/dropbear_ecdsa_host_key
Jul 06 22:10:25 witherspoon dropbear[1115]: Child connection from ::ffff:9.41.165.94:43094
Jul 06 22:10:25 witherspoon dropbear[1115]: PAM password auth succeeded for 'root' from ::ffff:9.41.165.94:43094
Jul 06 22:10:25 witherspoon dropbear[1116]: lastlog_perform_login: Couldn't stat /var/log/lastlog: No such file or directory
Jul 06 22:10:25 witherspoon dropbear[1116]: lastlog_openseek: /var/log/lastlog is not a file or directory!
Jul 06 22:10:27 witherspoon phosphor-gevent[1004]: ::80b9:6976:8e91:f402%1995750172 - - [2017-07-06 22:10:27] "POST /login HTTP/1.1" 200 320 0.033336
Jul 06 22:10:27 witherspoon phosphor-gevent[1004]: ::80b9:6976:8e91:f402%1995750172 - - [2017-07-06 22:10:27] "PUT /org/openbmc/settings/host0/attr/power_policy HTTP/1.1" 200 169 0.237190
Jul 06 22:10:27 witherspoon phosphor-gevent[1004]: ::80b9:6976:8e91:f402%1995750172 - - [2017-07-06 22:10:27] "POST /login HTTP/1.1" 200 320 0.032744
Jul 06 22:10:28 witherspoon phosphor-gevent[1004]: ::80b9:6976:8e91:f402%1995750172 - - [2017-07-06 22:10:28] "GET /org/openbmc/settings/host0/attr/power_policy HTTP/1.1" 200 185 0.088264
Jul 06 22:10:28 witherspoon systemd[1]: Started SSH Per-Connection Server (9.41.165.94:43100).
Jul 06 22:10:28 witherspoon dropbear[1122]: Failed loading /etc/dropbear/dropbear_dss_host_key
Jul 06 22:10:28 witherspoon dropbear[1122]: Failed loading /etc/dropbear/dropbear_ecdsa_host_key
Jul 06 22:10:28 witherspoon dropbear[1122]: Child connection from ::ffff:9.41.165.94:43100
Jul 06 22:10:28 witherspoon dropbear[1122]: PAM password auth succeeded for 'root' from ::ffff:9.41.165.94:43100
Jul 06 22:10:28 witherspoon dropbear[1123]: lastlog_perform_login: Couldn't stat /var/log/lastlog: No such file or directory
Jul 06 22:10:28 witherspoon dropbear[1123]: lastlog_openseek: /var/log/lastlog is not a file or directory!
Jul 06 22:10:30 witherspoon phosphor-gevent[1004]: ::80b9:6976:8e91:f402%1995750172 - - [2017-07-06 22:10:30] "POST /login HTTP/1.1" 200 320 0.048877
Jul 06 22:10:30 witherspoon phosphor-gevent[1004]: ::80b9:6976:8e91:f402%1995750172 - - [2017-07-06 22:10:30] "GET /xyz/openbmc_project/state/chassis0//attr/CurrentPowerState HTTP/1.1" 200 216 0.140087
Jul 06 22:10:30 witherspoon phosphor-gevent[1004]: ::80b9:6976:8e91:f402%1995750172 - - [2017-07-06 22:10:30] "POST /login HTTP/1.1" 200 320 0.052002
Jul 06 22:10:30 witherspoon phosphor-gevent[1004]: ::80b9:6976:8e91:f402%1995750172 - - [2017-07-06 22:10:30] "GET /xyz/openbmc_project/state/bmc0//attr/CurrentBMCState HTTP/1.1" 200 212 0.072161
Jul 06 22:10:30 witherspoon phosphor-gevent[1004]: ::80b9:6976:8e91:f402%1995750172 - - [2017-07-06 22:10:30] "POST /login HTTP/1.1" 200 320 0.033426
Jul 06 22:10:30 witherspoon phosphor-gevent[1004]: ::80b9:6976:8e91:f402%1995750172 - - [2017-07-06 22:10:30] "GET /org/openbmc/sensors/host/BootProgress/attr/value HTTP/1.1" 200 170 0.053719
Jul 06 22:10:30 witherspoon phosphor-gevent[1004]: ::80b9:6976:8e91:f402%1995750172 - - [2017-07-06 22:10:30] "POST /login HTTP/1.1" 200 320 0.033209
Jul 06 22:10:31 witherspoon phosphor-gevent[1004]: ::80b9:6976:8e91:f402%1995750172 - - [2017-07-06 22:10:31] "GET /xyz/openbmc_project/state/host0//attr/CurrentHostState HTTP/1.1" 200 212 0.057322
Jul 06 22:10:31 witherspoon phosphor-gevent[1004]: ::80b9:6976:8e91:f402%1995750172 - - [2017-07-06 22:10:31] "POST /login HTTP/1.1" 200 320 0.063974
Jul 06 22:10:31 witherspoon phosphor-gevent[1004]: ::80b9:6976:8e91:f402%1995750172 - - [2017-07-06 22:10:31] "GET /xyz/openbmc_project/logging/entry/list HTTP/1.1" 404 311 0.029331
Jul 06 22:10:31 witherspoon systemd[1]: Started SSH Per-Connection Server (9.41.165.94:43112).
Jul 06 22:10:31 witherspoon dropbear[1126]: Failed loading /etc/dropbear/dropbear_dss_host_key
Jul 06 22:10:31 witherspoon dropbear[1126]: Failed loading /etc/dropbear/dropbear_ecdsa_host_key
Jul 06 22:10:31 witherspoon dropbear[1126]: Child connection from ::ffff:9.41.165.94:43112
Jul 06 22:10:32 witherspoon dropbear[1126]: PAM password auth succeeded for 'root' from ::ffff:9.41.165.94:43112
Jul 06 22:11:03 witherspoon phosphor-gevent[1004]: ::80b9:6976:8e91:f402%1995750172 - - [2017-07-06 22:11:03] "POST /login HTTP/1.1" 200 320 0.033478
Jul 06 22:11:03 witherspoon phosphor-gevent[1004]: ::80b9:6976:8e91:f402%1995750172 - - [2017-07-06 22:11:03] "POST /org/openbmc/control/flash/bios//action/update HTTP/1.1" 200 169 0.357009
Jul 06 22:11:03 witherspoon flash_bios.exe[1030]: Starting flasher: bios,/tmp/witherspoon_20170628n.pnor,/org/openbmc/control/flash/bios,
Jul 06 22:11:03 witherspoon flash_bios.exe[1030]: flasher: /tmp/witherspoon_20170628n.pnor, BMC = 1, address = 0x0
Jul 06 22:11:03 witherspoon flash_bios.exe[1030]: Setting up flash
Jul 06 22:11:03 witherspoon phosphor-gevent[1004]: ::80b9:6976:8e91:f402%1995750172 - - [2017-07-06 22:11:03] "POST /login HTTP/1.1" 200 320 0.132674
Jul 06 22:11:04 witherspoon phosphor-gevent[1004]: ::80b9:6976:8e91:f402%1995750172 - - [2017-07-06 22:11:04] "GET /org/openbmc/control/flash/bios HTTP/1.1" 200 396 0.175395
Jul 06 22:11:04 witherspoon phosphor-gevent[1004]: ::80b9:6976:8e91:f402%1995750172 - - [2017-07-06 22:11:04] "POST /login HTTP/1.1" 200 320 0.033384
Jul 06 22:11:04 witherspoon phosphor-gevent[1004]: ::80b9:6976:8e91:f402%1995750172 - - [2017-07-06 22:11:04] "GET /org/openbmc/control/flash/bios HTTP/1.1" 200 396 0.225292
Jul 06 22:11:14 witherspoon phosphor-gevent[1004]: ::80b9:6976:8e91:f402%1995750172 - - [2017-07-06 22:11:14] "POST /login HTTP/1.1" 200 320 0.033233
Jul 06 22:11:15 witherspoon phosphor-gevent[1004]: ::80b9:6976:8e91:f402%1995750172 - - [2017-07-06 22:11:15] "GET /org/openbmc/control/flash/bios HTTP/1.1" 200 396 0.383279
Jul 06 22:11:25 witherspoon phosphor-gevent[1004]: ::80b9:6976:8e91:f402%1995750172 - - [2017-07-06 22:11:25] "POST /login HTTP/1.1" 200 320 0.038098
Jul 06 22:11:26 witherspoon phosphor-gevent[1004]: ::80b9:6976:8e91:f402%1995750172 - - [2017-07-06 22:11:26] "GET /org/openbmc/control/flash/bios HTTP/1.1" 200 396 0.073674
Jul 06 22:11:36 witherspoon phosphor-gevent[1004]: ::80b9:6976:8e91:f402%1995750172 - - [2017-07-06 22:11:36] "POST /login HTTP/1.1" 200 320 0.033450
Jul 06 22:11:36 witherspoon phosphor-gevent[1004]: ::80b9:6976:8e91:f402%1995750172 - - [2017-07-06 22:11:36] "GET /org/openbmc/control/flash/bios HTTP/1.1" 200 396 0.145573
Jul 06 22:11:46 witherspoon phosphor-gevent[1004]: ::80b9:6976:8e91:f402%1995750172 - - [2017-07-06 22:11:46] "POST /login HTTP/1.1" 200 320 0.033299
Jul 06 22:11:47 witherspoon phosphor-gevent[1004]: ::80b9:6976:8e91:f402%1995750172 - - [2017-07-06 22:11:47] "GET /org/openbmc/control/flash/bios HTTP/1.1" 200 396 0.719211
Jul 06 22:11:57 witherspoon phosphor-gevent[1004]: ::80b9:6976:8e91:f402%1995750172 - - [2017-07-06 22:11:57] "POST /login HTTP/1.1" 200 320 0.033619
Jul 06 22:11:58 witherspoon phosphor-gevent[1004]: ::80b9:6976:8e91:f402%1995750172 - - [2017-07-06 22:11:58] "GET /org/openbmc/control/flash/bios HTTP/1.1" 200 396 0.811873
Jul 06 22:12:08 witherspoon phosphor-gevent[1004]: ::80b9:6976:8e91:f402%1995750172 - - [2017-07-06 22:12:08] "POST /login HTTP/1.1" 200 320 0.033433
Jul 06 22:12:08 witherspoon phosphor-gevent[1004]: ::80b9:6976:8e91:f402%1995750172 - - [2017-07-06 22:12:08] "GET /org/openbmc/control/flash/bios HTTP/1.1" 200 396 0.069150
Jul 06 22:12:19 witherspoon phosphor-gevent[1004]: ::80b9:6976:8e91:f402%1995750172 - - [2017-07-06 22:12:19] "POST /login HTTP/1.1" 200 320 0.926354
Jul 06 22:12:19 witherspoon phosphor-gevent[1004]: ::80b9:6976:8e91:f402%1995750172 - - [2017-07-06 22:12:19] "GET /org/openbmc/control/flash/bios HTTP/1.1" 200 396 0.091534
Jul 06 22:12:30 witherspoon phosphor-gevent[1004]: ::80b9:6976:8e91:f402%1995750172 - - [2017-07-06 22:12:30] "POST /login HTTP/1.1" 200 320 0.032655
Jul 06 22:12:30 witherspoon phosphor-gevent[1004]: ::80b9:6976:8e91:f402%1995750172 - - [2017-07-06 22:12:30] "GET /org/openbmc/control/flash/bios HTTP/1.1" 200 396 0.068549
Jul 06 22:12:40 witherspoon phosphor-gevent[1004]: ::80b9:6976:8e91:f402%1995750172 - - [2017-07-06 22:12:40] "POST /login HTTP/1.1" 200 320 0.033029
Jul 06 22:12:40 witherspoon phosphor-gevent[1004]: ::80b9:6976:8e91:f402%1995750172 - - [2017-07-06 22:12:40] "GET /org/openbmc/control/flash/bios HTTP/1.1" 200 396 0.068890
Jul 06 22:12:50 witherspoon phosphor-gevent[1004]: ::80b9:6976:8e91:f402%1995750172 - - [2017-07-06 22:12:50] "POST /login HTTP/1.1" 200 320 0.032933
Jul 06 22:12:50 witherspoon phosphor-gevent[1004]: ::80b9:6976:8e91:f402%1995750172 - - [2017-07-06 22:12:50] "GET /org/openbmc/control/flash/bios HTTP/1.1" 200 396 0.069301
Jul 06 22:13:00 witherspoon phosphor-gevent[1004]: ::80b9:6976:8e91:f402%1995750172 - - [2017-07-06 22:13:00] "POST /login HTTP/1.1" 200 320 0.033095
Jul 06 22:13:00 witherspoon phosphor-gevent[1004]: ::80b9:6976:8e91:f402%1995750172 - - [2017-07-06 22:13:00] "GET /org/openbmc/control/flash/bios HTTP/1.1" 200 396 0.069190
Jul 06 22:13:12 witherspoon phosphor-gevent[1004]: ::80b9:6976:8e91:f402%1995750172 - - [2017-07-06 22:13:12] "POST /login HTTP/1.1" 200 320 0.039695
Jul 06 22:13:12 witherspoon phosphor-gevent[1004]: ::80b9:6976:8e91:f402%1995750172 - - [2017-07-06 22:13:12] "GET /org/openbmc/control/flash/bios HTTP/1.1" 200 401 0.068570
Jul 06 22:13:22 witherspoon phosphor-gevent[1004]: ::80b9:6976:8e91:f402%1995750172 - - [2017-07-06 22:13:22] "POST /login HTTP/1.1" 200 320 0.033435
Jul 06 22:13:22 witherspoon phosphor-gevent[1004]: ::80b9:6976:8e91:f402%1995750172 - - [2017-07-06 22:13:22] "GET /org/openbmc/control/flash/bios HTTP/1.1" 200 401 0.069353
Jul 06 22:13:33 witherspoon phosphor-gevent[1004]: ::80b9:6976:8e91:f402%1995750172 - - [2017-07-06 22:13:33] "POST /login HTTP/1.1" 200 320 0.033241
Jul 06 22:13:33 witherspoon phosphor-gevent[1004]: ::80b9:6976:8e91:f402%1995750172 - - [2017-07-06 22:13:33] "GET /org/openbmc/control/flash/bios HTTP/1.1" 200 401 0.074117
Jul 06 22:13:43 witherspoon phosphor-gevent[1004]: ::80b9:6976:8e91:f402%1995750172 - - [2017-07-06 22:13:43] "POST /login HTTP/1.1" 200 320 0.033233
Jul 06 22:13:43 witherspoon phosphor-gevent[1004]: ::80b9:6976:8e91:f402%1995750172 - - [2017-07-06 22:13:43] "GET /org/openbmc/control/flash/bios HTTP/1.1" 200 401 0.068844
Jul 06 22:13:53 witherspoon phosphor-gevent[1004]: ::80b9:6976:8e91:f402%1995750172 - - [2017-07-06 22:13:53] "POST /login HTTP/1.1" 200 320 0.033058
Jul 06 22:13:53 witherspoon phosphor-gevent[1004]: ::80b9:6976:8e91:f402%1995750172 - - [2017-07-06 22:13:53] "GET /org/openbmc/control/flash/bios HTTP/1.1" 200 401 0.069429
Jul 06 22:13:59 witherspoon flash_bios.exe[1030]: Erasing... (may take a while !) done !
Jul 06 22:13:59 witherspoon flash_bios.exe[1030]: About to program "/tmp/witherspoon_20170628n.pnor" at 0x00000000..0x04000000 !
Jul 06 22:13:59 witherspoon flash_bios.exe[1030]: Programming & Verifying...
Jul 06 22:13:59 witherspoon flash_bios.exe[1030]: Flash done
Jul 06 22:14:03 witherspoon phosphor-gevent[1004]: ::80b9:6976:8e91:f402%1995750172 - - [2017-07-06 22:14:03] "POST /login HTTP/1.1" 200 320 0.040283
Jul 06 22:14:04 witherspoon phosphor-gevent[1004]: ::80b9:6976:8e91:f402%1995750172 - - [2017-07-06 22:14:04] "GET /org/openbmc/control/flash/bios HTTP/1.1" 200 398 0.069318
Jul 06 22:14:04 witherspoon systemd[1]: Started SSH Per-Connection Server (9.41.165.94:43162).
Jul 06 22:14:04 witherspoon dropbear[1132]: Failed loading /etc/dropbear/dropbear_dss_host_key
Jul 06 22:14:04 witherspoon dropbear[1132]: Failed loading /etc/dropbear/dropbear_ecdsa_host_key
Jul 06 22:14:04 witherspoon dropbear[1132]: Child connection from ::ffff:9.41.165.94:43162
Jul 06 22:14:04 witherspoon dropbear[1132]: PAM password auth succeeded for 'root' from ::ffff:9.41.165.94:43162
Jul 06 22:14:04 witherspoon dropbear[1133]: lastlog_perform_login: Couldn't stat /var/log/lastlog: No such file or directory
Jul 06 22:14:04 witherspoon dropbear[1133]: lastlog_openseek: /var/log/lastlog is not a file or directory!
Jul 06 22:14:06 witherspoon phosphor-gevent[1004]: ::80b9:6976:8e91:f402%1995750172 - - [2017-07-06 22:14:06] "POST /login HTTP/1.1" 200 320 0.043069
Jul 06 22:14:06 witherspoon phosphor-gevent[1004]: ::80b9:6976:8e91:f402%1995750172 - - [2017-07-06 22:14:06] "GET /xyz/openbmc_project/state/host0//attr/CurrentHostState HTTP/1.1" 200 212 0.068451
Jul 06 22:14:06 witherspoon systemd[1]: Created slice system-obmc\x2dconsole\x2dssh.slice.
Jul 06 22:14:06 witherspoon systemd[1]: Started Phosphor Host Console SSH Per-Connection (9.41.165.94:59948).
Jul 06 22:14:06 witherspoon dropbear[1137]: Failed loading /etc/dropbear/dropbear_dss_host_key
Jul 06 22:14:06 witherspoon dropbear[1137]: Failed loading /etc/dropbear/dropbear_ecdsa_host_key
Jul 06 22:14:06 witherspoon dropbear[1137]: Child connection from ::ffff:9.41.165.94:59948
Jul 06 22:14:07 witherspoon dropbear[1137]: PAM password auth succeeded for 'root' from ::ffff:9.41.165.94:59948
Jul 06 22:14:07 witherspoon dropbear[1138]: lastlog_perform_login: Couldn't stat /var/log/lastlog: No such file or directory
Jul 06 22:14:07 witherspoon dropbear[1138]: lastlog_openseek: /var/log/lastlog is not a file or directory!
Jul 06 22:14:07 witherspoon phosphor-gevent[1004]: ::80b9:6976:8e91:f402%1995750172 - - [2017-07-06 22:14:07] "POST /login HTTP/1.1" 200 320 0.125793
Jul 06 22:14:07 witherspoon phosphor-gevent[1004]: ::80b9:6976:8e91:f402%1995750172 - - [2017-07-06 22:14:07] "PUT /org/openbmc/settings/host0/attr/power_policy HTTP/1.1" 200 169 0.265404
Jul 06 22:14:07 witherspoon phosphor-gevent[1004]: ::80b9:6976:8e91:f402%1995750172 - - [2017-07-06 22:14:07] "POST /login HTTP/1.1" 200 320 0.033026
Jul 06 22:14:07 witherspoon phosphor-gevent[1004]: ::80b9:6976:8e91:f402%1995750172 - - [2017-07-06 22:14:07] "GET /org/openbmc/settings/host0/attr/power_policy HTTP/1.1" 200 185 0.088648
Jul 06 22:14:07 witherspoon systemd[1]: Started SSH Per-Connection Server (9.41.165.94:43172).
Jul 06 22:14:07 witherspoon dropbear[1139]: Failed loading /etc/dropbear/dropbear_dss_host_key
Jul 06 22:14:07 witherspoon dropbear[1139]: Failed loading /etc/dropbear/dropbear_ecdsa_host_key
Jul 06 22:14:07 witherspoon dropbear[1139]: Child connection from ::ffff:9.41.165.94:43172
Jul 06 22:14:08 witherspoon dropbear[1139]: PAM password auth succeeded for 'root' from ::ffff:9.41.165.94:43172
Jul 06 22:14:08 witherspoon dropbear[1140]: lastlog_perform_login: Couldn't stat /var/log/lastlog: No such file or directory
Jul 06 22:14:08 witherspoon dropbear[1140]: lastlog_openseek: /var/log/lastlog is not a file or directory!
Jul 06 22:14:09 witherspoon phosphor-gevent[1004]: ::80b9:6976:8e91:f402%1995750172 - - [2017-07-06 22:14:09] "POST /login HTTP/1.1" 200 320 0.054366
Jul 06 22:14:09 witherspoon phosphor-gevent[1004]: ::80b9:6976:8e91:f402%1995750172 - - [2017-07-06 22:14:09] "GET /xyz/openbmc_project/state/chassis0//attr/CurrentPowerState HTTP/1.1" 200 216 0.054017
Jul 06 22:14:10 witherspoon phosphor-gevent[1004]: ::80b9:6976:8e91:f402%1995750172 - - [2017-07-06 22:14:10] "POST /login HTTP/1.1" 200 320 0.064648
Jul 06 22:14:10 witherspoon phosphor-gevent[1004]: ::80b9:6976:8e91:f402%1995750172 - - [2017-07-06 22:14:10] "GET /xyz/openbmc_project/state/bmc0//attr/CurrentBMCState HTTP/1.1" 200 212 0.049300
Jul 06 22:14:10 witherspoon phosphor-gevent[1004]: ::80b9:6976:8e91:f402%1995750172 - - [2017-07-06 22:14:10] "POST /login HTTP/1.1" 200 320 0.033792
Jul 06 22:14:10 witherspoon phosphor-gevent[1004]: ::80b9:6976:8e91:f402%1995750172 - - [2017-07-06 22:14:10] "GET /org/openbmc/sensors/host/BootProgress/attr/value HTTP/1.1" 200 170 0.055663
Jul 06 22:14:10 witherspoon phosphor-gevent[1004]: ::80b9:6976:8e91:f402%1995750172 - - [2017-07-06 22:14:10] "POST /login HTTP/1.1" 200 320 0.033953
Jul 06 22:14:10 witherspoon phosphor-gevent[1004]: ::80b9:6976:8e91:f402%1995750172 - - [2017-07-06 22:14:10] "GET /xyz/openbmc_project/state/host0//attr/CurrentHostState HTTP/1.1" 200 212 0.058965
Jul 06 22:14:10 witherspoon phosphor-gevent[1004]: ::80b9:6976:8e91:f402%1995750172 - - [2017-07-06 22:14:10] "POST /login HTTP/1.1" 200 320 0.048081
Jul 06 22:14:11 witherspoon phosphor-host-state-manager[1048]: Host State transaction request
Jul 06 22:14:11 witherspoon phosphor-gevent[1004]: ::80b9:6976:8e91:f402%1995750172 - - [2017-07-06 22:14:11] "PUT /xyz/openbmc_project/state/host0//attr/RequestedHostTransition HTTP/1.1" 200 169 0.209078
Jul 06 22:14:11 witherspoon systemd[1]: Starting Witherspoon Fan Watchdog Reset...
Jul 06 22:14:11 witherspoon systemd[1]: Starting Wait for /org/openbmc/control/chassis0...
Jul 06 22:14:11 witherspoon systemd[1]: Created slice system-start_host.slice.
Jul 06 22:14:11 witherspoon systemd[1]: Created slice system-op\x2dwait\x2dpower\x2don.slice.
Jul 06 22:14:11 witherspoon systemd[1]: Starting Wait for Power0 to turn on...
Jul 06 22:14:11 witherspoon systemd[1]: Created slice system-avsbus\x2ddisable.slice.
Jul 06 22:14:11 witherspoon systemd[1]: Created slice system-phosphor\x2dfan\x2dpresence\x2dtach.slice.
Jul 06 22:14:11 witherspoon systemd[1]: Starting Wait for /xyz/openbmc_project/led/groups/power_on...
Jul 06 22:14:11 witherspoon systemd[1]: Created slice system-ir35221\x2don\x2dbind.slice.
Jul 06 22:14:11 witherspoon systemd[1]: Created slice system-op\x2dpower\x2dstart.slice.
Jul 06 22:14:11 witherspoon systemd[1]: Created slice system-avsbus\x2denable.slice.
Jul 06 22:14:11 witherspoon systemd[1]: Starting Wait for /xyz/openbmc_project/watchdog/host0...
Jul 06 22:14:11 witherspoon systemd[1]: Created slice system-phosphor\x2dgpio\x2dmonitor.slice.
Jul 06 22:14:11 witherspoon systemd[1]: Started Phosphor GPIO checkstop monitor.
Jul 06 22:14:11 witherspoon systemd[1]: Created slice system-avsbus\x2dworkaround.slice.
Jul 06 22:14:11 witherspoon systemd[1]: Created slice system-mapper\x2dsubtree\x2dremove.slice.
Jul 06 22:14:11 witherspoon systemd[1]: Created slice system-obmc\x2denable\x2dhost\x2dwatchdog.slice.
Jul 06 22:14:11 witherspoon systemd[1]: Created slice system-fsi\x2dscan.slice.
Jul 06 22:14:11 witherspoon systemd[1]: Created slice system-cfam_override.slice.
Jul 06 22:14:11 witherspoon systemd[1]: Created slice system-vrm\x2dcontrol.slice.
Jul 06 22:14:11 witherspoon systemd[1]: Created slice system-ir35221\x2don\x2dunbind.slice.
