-- Logs begin at Fri 2017-08-25 16:16:09 UTC, end at Fri 2017-08-25 16:29:41 UTC. --
Aug 25 16:16:09 witherspoon kernel: Booting Linux on physical CPU 0x0
Aug 25 16:16:09 witherspoon kernel: Linux version 4.10.17-1a4df30c39cf5ee0e3d2528c409787ccbb4a672a (jenkins@openbmc-builder2) (gcc version 6.2.0 (GCC) ) #1 Fri Aug 25 15:35:34 UTC 2017
Aug 25 16:16:09 witherspoon kernel: CPU: ARMv6-compatible processor [410fb767] revision 7 (ARMv7), cr=00c5387d
Aug 25 16:16:09 witherspoon kernel: CPU: PIPT / VIPT nonaliasing data cache, VIPT nonaliasing instruction cache
Aug 25 16:16:09 witherspoon kernel: OF: fdt:Machine model: Witherspoon BMC
Aug 25 16:16:09 witherspoon kernel: Memory policy: Data cache writeback
Aug 25 16:16:09 witherspoon kernel: SOC Rev: 04030303
Aug 25 16:16:09 witherspoon kernel: On node 0 totalpages: 110592
Aug 25 16:16:09 witherspoon kernel: free_area_init_node: node 0, pgdat 80601864, node_mem_map 9ec1a000
Aug 25 16:16:09 witherspoon kernel:   Normal zone: 992 pages used for memmap
Aug 25 16:16:09 witherspoon kernel:   Normal zone: 0 pages reserved
Aug 25 16:16:09 witherspoon kernel:   Normal zone: 110592 pages, LIFO batch:31
Aug 25 16:16:09 witherspoon kernel: pcpu-alloc: s0 r0 d32768 u32768 alloc=1*32768
Aug 25 16:16:09 witherspoon kernel: pcpu-alloc: [0] 0 
Aug 25 16:16:09 witherspoon kernel: Built 1 zonelists in Zone order, mobility grouping on.  Total pages: 109600
Aug 25 16:16:09 witherspoon kernel: Kernel command line: console=ttyS4,115200n8 root=/dev/ram rw
Aug 25 16:16:09 witherspoon kernel: PID hash table entries: 2048 (order: 1, 8192 bytes)
Aug 25 16:16:09 witherspoon kernel: Dentry cache hash table entries: 65536 (order: 6, 262144 bytes)
Aug 25 16:16:09 witherspoon kernel: Inode-cache hash table entries: 32768 (order: 5, 131072 bytes)
Aug 25 16:16:09 witherspoon kernel: Memory: 430424K/442368K available (4074K kernel code, 281K rwdata, 1196K rodata, 280K init, 111K bss, 11944K reserved, 0K cma-reserved)
Aug 25 16:16:09 witherspoon kernel: Virtual kernel memory layout:
                                        vector  : 0xffff0000 - 0xffff1000   (   4 kB)
                                        fixmap  : 0xffc00000 - 0xfff00000   (3072 kB)
                                        vmalloc : 0x9f800000 - 0xff800000   (1536 MB)
                                        lowmem  : 0x80000000 - 0x9f000000   ( 496 MB)
                                          .text : 0x80008000 - 0x80402cb0   (4076 kB)
                                          .init : 0x80588000 - 0x805ce000   ( 280 kB)
                                          .data : 0x805ce000 - 0x80614710   ( 282 kB)
                                           .bss : 0x80614710 - 0x806305b8   ( 112 kB)
Aug 25 16:16:09 witherspoon kernel: NR_IRQS:16 nr_irqs:16 16
Aug 25 16:16:09 witherspoon kernel: i2c controller registered, irq 16
Aug 25 16:16:09 witherspoon kernel: clocksource: moxart_timer: mask: 0xffffffff max_cycles: 0xffffffff, max_idle_ns: 77222644334 ns
Aug 25 16:16:09 witherspoon kernel: sched_clock: 32 bits at 100 Hz, resolution 10000000ns, wraps every 21474836475000000ns
Aug 25 16:16:09 witherspoon kernel: Calibrating delay loop... 789.70 BogoMIPS (lpj=3948544)
Aug 25 16:16:09 witherspoon kernel: pid_max: default: 32768 minimum: 301
Aug 25 16:16:09 witherspoon kernel: Mount-cache hash table entries: 1024 (order: 0, 4096 bytes)
Aug 25 16:16:09 witherspoon kernel: Mountpoint-cache hash table entries: 1024 (order: 0, 4096 bytes)
Aug 25 16:16:09 witherspoon kernel: CPU: Testing write buffer coherency: ok
Aug 25 16:16:09 witherspoon kernel: ftrace: allocating 14972 entries in 44 pages
Aug 25 16:16:09 witherspoon kernel: Setting up static identity map for 0x80008200 - 0x8000825c
Aug 25 16:16:09 witherspoon kernel: devtmpfs: initialized
Aug 25 16:16:09 witherspoon kernel: clocksource: jiffies: mask: 0xffffffff max_cycles: 0xffffffff, max_idle_ns: 19112604462750000 ns
Aug 25 16:16:09 witherspoon kernel: futex hash table entries: 256 (order: -1, 3072 bytes)
Aug 25 16:16:09 witherspoon kernel: pinctrl core: initialized pinctrl subsystem
Aug 25 16:16:09 witherspoon kernel: NET: Registered protocol family 16
Aug 25 16:16:09 witherspoon kernel: DMA: preallocated 256 KiB pool for atomic coherent allocations
Aug 25 16:16:09 witherspoon kernel: usbcore: registered new interface driver usbfs
Aug 25 16:16:09 witherspoon kernel: usbcore: registered new interface driver hub
Aug 25 16:16:09 witherspoon kernel: usbcore: registered new device driver usb
Aug 25 16:16:09 witherspoon kernel: clocksource: Switched to clocksource moxart_timer
Aug 25 16:16:09 witherspoon kernel: NET: Registered protocol family 2
Aug 25 16:16:09 witherspoon kernel: TCP established hash table entries: 4096 (order: 2, 16384 bytes)
Aug 25 16:16:09 witherspoon kernel: TCP bind hash table entries: 4096 (order: 2, 16384 bytes)
Aug 25 16:16:09 witherspoon kernel: TCP: Hash tables configured (established 4096 bind 4096)
Aug 25 16:16:09 witherspoon kernel: UDP hash table entries: 256 (order: 0, 4096 bytes)
Aug 25 16:16:09 witherspoon kernel: UDP-Lite hash table entries: 256 (order: 0, 4096 bytes)
Aug 25 16:16:09 witherspoon kernel: NET: Registered protocol family 1
Aug 25 16:16:09 witherspoon kernel: Trying to unpack rootfs image as initramfs...
Aug 25 16:16:09 witherspoon kernel: Freeing initrd memory: 1544K
Aug 25 16:16:09 witherspoon kernel: workingset: timestamp_bits=30 max_order=17 bucket_order=0
Aug 25 16:16:09 witherspoon kernel: squashfs: version 4.0 (2009/01/31) Phillip Lougher
Aug 25 16:16:09 witherspoon kernel: jffs2: version 2.2. (SUMMARY)  © 2001-2006 Red Hat, Inc.
Aug 25 16:16:09 witherspoon kernel: Block layer SCSI generic (bsg) driver version 0.4 loaded (major 250)
Aug 25 16:16:09 witherspoon kernel: io scheduler noop registered
Aug 25 16:16:09 witherspoon kernel: io scheduler deadline registered
Aug 25 16:16:09 witherspoon kernel: io scheduler cfq registered (default)
Aug 25 16:16:09 witherspoon kernel: ipmi-bt-host 1e789140.ibt: Found bt bmc device
Aug 25 16:16:09 witherspoon kernel: ipmi-bt-host 1e789140.ibt: Using IRQ 22
Aug 25 16:16:09 witherspoon kernel: Serial: 8250/16550 driver, 6 ports, IRQ sharing enabled
Aug 25 16:16:09 witherspoon kernel: 1e787000.vuart: ttyS0 at MMIO 0x1e787000 (irq = 22, base_baud = 1500000) is a 16550A
Aug 25 16:16:09 witherspoon kernel: 1e783000.serial: ttyS1 at MMIO 0x1e783000 (irq = 23, base_baud = 1500000) is a 16550A
Aug 25 16:16:09 witherspoon kernel: 1e78d000.serial: ttyS2 at MMIO 0x1e78d000 (irq = 24, base_baud = 1500000) is a 16550A
Aug 25 16:16:09 witherspoon kernel: 1e784000.serial: ttyS4 at MMIO 0x1e784000 (irq = 25, base_baud = 1500000) is a 16550A
Aug 25 16:16:09 witherspoon kernel: console [ttyS4] enabled
Aug 25 16:16:09 witherspoon kernel: timeriomem_rng 1e6e2078.hwrng: 32bits from 0xf00e2078 @ 1us
Aug 25 16:16:09 witherspoon kernel: random: fast init done
Aug 25 16:16:09 witherspoon kernel: brd: module loaded
Aug 25 16:16:09 witherspoon kernel: loop: module loaded
Aug 25 16:16:09 witherspoon kernel: aspeed-lpc-ctrl 1e789080.lpc-ctrl: Loaded at 0x98000000 (0x04000000)
Aug 25 16:16:09 witherspoon kernel: aspeed-smc 1e620000.flash-controller: Using IRQ 18
Aug 25 16:16:09 witherspoon kernel: aspeed-smc 1e620000.flash-controller: DMA support disabled.
Aug 25 16:16:10 witherspoon kernel: aspeed-smc 1e620000.flash-controller: mx25l25635e (32768 Kbytes)
Aug 25 16:16:10 witherspoon kernel: aspeed-smc 1e620000.flash-controller: CE0 window [ 0x20000000 - 0x22000000 ] 32MB
Aug 25 16:16:10 witherspoon kernel: aspeed-smc 1e620000.flash-controller: CE1 window [ 0x22000000 - 0x2a000000 ] 128MB
Aug 25 16:16:10 witherspoon kernel: 5 ofpart partitions found on MTD device bmc
Aug 25 16:16:10 witherspoon kernel: Creating 5 MTD partitions on "bmc":
Aug 25 16:16:10 witherspoon kernel: 0x000000000000-0x000000060000 : "u-boot"
Aug 25 16:16:10 witherspoon kernel: 0x000000060000-0x000000080000 : "u-boot-env"
Aug 25 16:16:10 witherspoon kernel: 0x000000080000-0x0000004c0000 : "kernel"
Aug 25 16:16:10 witherspoon kernel: random: crng init done
Aug 25 16:16:10 witherspoon kernel: 0x0000004c0000-0x000001c00000 : "rofs"
Aug 25 16:16:10 witherspoon kernel: 0x000001c00000-0x000002000000 : "rwfs"
Aug 25 16:16:10 witherspoon kernel: aspeed-smc 1e620000.flash-controller: mx25l25635e (32768 Kbytes)
Aug 25 16:16:10 witherspoon kernel: aspeed-smc 1e620000.flash-controller: CE1 window [ 0x22000000 - 0x24000000 ] 32MB
Aug 25 16:16:10 witherspoon kernel: aspeed-smc 1e620000.flash-controller: CE2 window [ 0x24000000 - 0x2c000000 ] 128MB
Aug 25 16:16:10 witherspoon kernel: aspeed-smc 1e630000.flash-controller: mx66l1g45g (131072 Kbytes)
Aug 25 16:16:10 witherspoon kernel: aspeed-smc 1e630000.flash-controller: CE0 window resized to 120MB (AST2500 HW quirk)
Aug 25 16:16:10 witherspoon kernel: aspeed-smc 1e630000.flash-controller: CE0 window [ 0x30000000 - 0x37800000 ] 120MB
Aug 25 16:16:10 witherspoon kernel: aspeed-smc 1e630000.flash-controller: CE0 window too small for chip 128MB
Aug 25 16:16:10 witherspoon kernel: aspeed-smc 1e630000.flash-controller: CE1 window [ 0x37800000 - 0x38000000 ] 8MB
Aug 25 16:16:10 witherspoon kernel: libphy: Fixed MDIO Bus: probed
Aug 25 16:16:10 witherspoon kernel: ftgmac100 1e660000.ethernet: Read MAC address 70:e2:84:14:23:e1 from chip
Aug 25 16:16:10 witherspoon kernel: ftgmac100 1e660000.ethernet: Using NCSI interface
Aug 25 16:16:10 witherspoon kernel: ftgmac100 1e660000.ethernet eth0: irq 20, mapped at f0060000
Aug 25 16:16:10 witherspoon kernel: ehci_hcd: USB 2.0 'Enhanced' Host Controller (EHCI) Driver
Aug 25 16:16:10 witherspoon kernel: ehci-platform: EHCI generic platform driver
Aug 25 16:16:10 witherspoon kernel:  fsi0: can't read slave 00:00 -5
Aug 25 16:16:10 witherspoon kernel: i2c /dev entries driver
Aug 25 16:16:10 witherspoon kernel: aspeed-i2c-bus 1e78a0c0.i2c-bus: i2c bus 2 registered, irq 26
Aug 25 16:16:10 witherspoon kernel: aspeed-i2c-bus 1e78a100.i2c-bus: i2c bus 3 registered, irq 27
Aug 25 16:16:10 witherspoon kernel: aspeed-i2c-bus 1e78a140.i2c-bus: i2c bus 4 registered, irq 28
Aug 25 16:16:10 witherspoon kernel: aspeed-i2c-bus 1e78a180.i2c-bus: i2c bus 5 registered, irq 29
Aug 25 16:16:10 witherspoon kernel: aspeed-i2c-bus 1e78a380.i2c-bus: i2c bus 9 registered, irq 30
Aug 25 16:16:10 witherspoon kernel: aspeed-i2c-bus 1e78a3c0.i2c-bus: i2c bus 10 registered, irq 31
Aug 25 16:16:10 witherspoon kernel: rtc-rv8803 11-0032: Voltage low, temperature compensation stopped.
Aug 25 16:16:10 witherspoon kernel: rtc-rv8803 11-0032: An alarm maybe have been missed.
Aug 25 16:16:10 witherspoon kernel: rtc-rv8803 11-0032: rtc core: registered rx8900 as rtc0
Aug 25 16:16:10 witherspoon kernel: at24 11-0051: 8192 byte 24c64 EEPROM, writable, 1 bytes/write
Aug 25 16:16:10 witherspoon kernel: aspeed-i2c-bus 1e78a400.i2c-bus: i2c bus 11 registered, irq 32
Aug 25 16:16:10 witherspoon kernel: aspeed-i2c-bus 1e78a440.i2c-bus: i2c bus 12 registered, irq 33
Aug 25 16:16:10 witherspoon kernel: aspeed-i2c-bus 1e78a480.i2c-bus: i2c bus 13 registered, irq 34
Aug 25 16:16:10 witherspoon kernel: Driver for 1-wire Dallas network protocol.
Aug 25 16:16:10 witherspoon kernel: lm75 9-004a: hwmon0: sensor 'tmp275'
Aug 25 16:16:10 witherspoon kernel: ucd9000 11-0064: Device ID UCD90160|2.3.4.0000|110603
Aug 25 16:16:10 witherspoon kernel: leds-pca955x 3-0060: leds-pca955x: Using pca9552 16-bit LED driver at slave address 0x60
Aug 25 16:16:10 witherspoon kernel: leds-pca955x 3-0060: gpios 264...279
Aug 25 16:16:10 witherspoon kernel: leds-pca955x 11-0060: leds-pca955x: Using pca9552 16-bit LED driver at slave address 0x60
Aug 25 16:16:10 witherspoon kernel: leds-pca955x 11-0060: gpios 248...263
Aug 25 16:16:10 witherspoon kernel: usbcore: registered new interface driver usbhid
Aug 25 16:16:10 witherspoon kernel: usbhid: USB HID core driver
Aug 25 16:16:10 witherspoon kernel: NET: Registered protocol family 10
Aug 25 16:16:10 witherspoon kernel: Segment Routing with IPv6
Aug 25 16:16:10 witherspoon kernel: NET: Registered protocol family 17
Aug 25 16:16:10 witherspoon kernel: 8021q: 802.1Q VLAN Support v1.8
Aug 25 16:16:10 witherspoon kernel: input: gpio-keys-polled as /devices/platform/gpio-keys-polled/input/input1
Aug 25 16:16:10 witherspoon kernel: console [netcon0] enabled
Aug 25 16:16:10 witherspoon kernel: netconsole: network logging started
Aug 25 16:16:10 witherspoon kernel: input: gpio-keys as /devices/platform/gpio-keys/input/input2
Aug 25 16:16:10 witherspoon kernel: rtc-rv8803 11-0032: setting system clock to 2017-08-25 16:16:02 UTC (1503677762)
Aug 25 16:16:10 witherspoon kernel: Freeing unused kernel memory: 280K
Aug 25 16:16:10 witherspoon kernel: This architecture does not have kernel memory protection.
Aug 25 16:16:10 witherspoon kernel: jffs2: notice: (540) jffs2_build_xattr_subsystem: complete building xattr subsystem, 1 of xdatum (0 unchecked, 0 orphan) and 9 of xref (0 dead, 0 orphan) found.
Aug 25 16:16:10 witherspoon systemd[1]: Failed to insert module 'autofs4': No such file or directory
Aug 25 16:16:10 witherspoon systemd[1]: systemd 232 running in system mode. (+PAM -AUDIT -SELINUX -IMA -APPARMOR -SMACK +SYSVINIT -UTMP -LIBCRYPTSETUP -GCRYPT -GNUTLS +ACL +XZ -LZ4 -SECCOMP +BLKID -ELFUTILS +KMOD -IDN)
Aug 25 16:16:10 witherspoon systemd[1]: Detected architecture arm.
Aug 25 16:16:10 witherspoon systemd[1]: Set hostname to <witherspoon>.
Aug 25 16:16:10 witherspoon systemd[1]: phosphor-fan-monitor-init@0.service: Service has Restart= setting other than no, which isn't allowed for Type=oneshot services. Refusing.
Aug 25 16:16:10 witherspoon systemd[1]: [/lib/systemd/system/obmc-flash-bios-updatesymlinks.service:9] Unknown lvalue 'WantedBy' in section 'Service'
Aug 25 16:16:10 witherspoon systemd[1]: Listening on /dev/initctl Compatibility Named Pipe.
Aug 25 16:16:10 witherspoon systemd[1]: Listening on udev Kernel Socket.
Aug 25 16:16:10 witherspoon systemd[1]: Started Forward Password Requests to Wall Directory Watch.
Aug 25 16:16:10 witherspoon systemd[1]: Listening on Journal Socket.
Aug 25 16:16:10 witherspoon systemd[1]: Listening on Network Service Netlink Socket.
Aug 25 16:16:10 witherspoon systemd-journald[567]: Journal started
Aug 25 16:16:10 witherspoon systemd-journald[567]: Runtime journal (/run/log/journal/cc6e1404d87444e8a089dfdb00a18f7d) is 0B, max 0B, 0B free.
Aug 25 16:16:10 witherspoon systemd-sysctl[565]: Couldn't write '16' to 'kernel/sysrq', ignoring: No such file or directory
Aug 25 16:16:10 witherspoon systemd-sysctl[565]: Couldn't write 'fq_codel' to 'net/core/default_qdisc', ignoring: No such file or directory
Aug 25 16:16:10 witherspoon systemd[1]: Starting Create Static Device Nodes in /dev...
Aug 25 16:16:10 witherspoon systemd[1]: Starting Flush Journal to Persistent Storage...
Aug 25 16:16:10 witherspoon systemd[1]: Started Create Static Device Nodes in /dev.
Aug 25 16:16:11 witherspoon systemd[1]: Reached target Local File Systems (Pre).
Aug 25 16:16:11 witherspoon systemd[1]: Mounting /usr/local...
Aug 25 16:16:11 witherspoon systemd[1]: Mounting /var/volatile...
Aug 25 16:16:11 witherspoon systemd[1]: Starting udev Kernel Device Manager...
Aug 25 16:16:11 witherspoon systemd-journald[567]: Runtime journal (/run/log/journal/cc6e1404d87444e8a089dfdb00a18f7d) is 0B, max 0B, 0B free.
Aug 25 16:16:11 witherspoon systemd[1]: Started Flush Journal to Persistent Storage.
Aug 25 16:16:11 witherspoon systemd[1]: Mounted /var/volatile.
Aug 25 16:16:11 witherspoon systemd[1]: Mounted /usr/local.
Aug 25 16:16:11 witherspoon systemd[1]: Starting Load/Save Random Seed...
Aug 25 16:16:11 witherspoon systemd[1]: Reached target Local File Systems.
Aug 25 16:16:11 witherspoon systemd[1]: Starting Create Volatile Files and Directories...
Aug 25 16:16:11 witherspoon systemd[1]: Started udev Coldplug all Devices.
Aug 25 16:16:11 witherspoon systemd[1]: Started Load/Save Random Seed.
Aug 25 16:16:11 witherspoon systemd-tmpfiles[687]: "/var/tmp" already exists and is not a directory.
Aug 25 16:16:11 witherspoon systemd-tmpfiles[687]: "/var/log" already exists and is not a directory.
Aug 25 16:16:12 witherspoon systemd[1]: Started Create Volatile Files and Directories.
Aug 25 16:16:12 witherspoon systemd[1]: Starting Network Time Synchronization...
Aug 25 16:16:12 witherspoon systemd[1]: Started udev Kernel Device Manager.
Aug 25 16:16:13 witherspoon systemd[1]: Started Network Time Synchronization.
Aug 25 16:16:13 witherspoon systemd[1]: Reached target System Initialization.
Aug 25 16:16:13 witherspoon systemd[1]: Listening on Phosphor DBUS Browser socket.
Aug 25 16:16:13 witherspoon systemd[1]: Listening on Avahi mDNS/DNS-SD Stack Activation Socket.
Aug 25 16:16:13 witherspoon systemd-udevd[944]: rename '/dev/mtd/.tmp-c90:3' '/dev/mtd/' failed: Not a directory
Aug 25 16:16:13 witherspoon systemd-udevd[939]: rename '/dev/mtd/.tmp-c90:5' '/dev/mtd/' failed: Not a directory
Aug 25 16:16:13 witherspoon systemd-udevd[940]: rename '/dev/mtd/.tmp-c90:7' '/dev/mtd/' failed: Not a directory
Aug 25 16:16:13 witherspoon systemd-udevd[943]: rename '/dev/mtd/.tmp-c90:9' '/dev/mtd/' failed: Not a directory
Aug 25 16:16:13 witherspoon systemd[1]: Started Daily Cleanup of Temporary Directories.
Aug 25 16:16:13 witherspoon systemd-udevd[946]: rename '/dev/mtd/.tmp-c90:13' '/dev/mtd/' failed: Not a directory
Aug 25 16:16:13 witherspoon systemd-udevd[938]: rename '/dev/mtd/.tmp-c90:1' '/dev/mtd/' failed: Not a directory
Aug 25 16:16:13 witherspoon systemd-udevd[942]: rename '/dev/mtd/.tmp-c90:11' '/dev/mtd/' failed: Not a directory
Aug 25 16:16:13 witherspoon systemd[1]: Reached target Timers.
Aug 25 16:16:13 witherspoon systemd[1]: Listening on Phosphor Host Console SSH Per-Connection socket.
Aug 25 16:16:14 witherspoon systemd[1]: Listening on D-Bus System Message Bus Socket.
Aug 25 16:16:14 witherspoon systemd-udevd[945]: rename '/dev/mtd/.tmp-c90:15' '/dev/mtd/' failed: Not a directory
Aug 25 16:16:14 witherspoon systemd[1]: Listening on Phosphor Webserver socket.
Aug 25 16:16:14 witherspoon systemd[1]: Listening on dropbear.socket.
Aug 25 16:16:14 witherspoon systemd[1]: Listening on phosphor-ipmi-net.socket.
Aug 25 16:16:14 witherspoon systemd[1]: Reached target Sockets.
Aug 25 16:16:14 witherspoon systemd[1]: Reached target Basic System.
Aug 25 16:16:14 witherspoon systemd[1]: Starting Phosphor BMC0 Control...
Aug 25 16:16:14 witherspoon systemd[1]: Starting Phosphor LED Group Management Daemon...
Aug 25 16:16:14 witherspoon systemd[1]: Started Phosphor Dump core monitor..
Aug 25 16:16:15 witherspoon systemd[1]: Starting Remount the squashfs and ubi volumes after a reboot...
Aug 25 16:16:15 witherspoon systemd[1]: Starting Phosphor Download Manager...
Aug 25 16:16:15 witherspoon systemd[1]: Starting Phosphor Chassis0 Control...
Aug 25 16:16:15 witherspoon systemd[1]: Starting Phosphor User Manager...
Aug 25 16:16:15 witherspoon systemd[1]: Starting Phosphor Log Manager...
Aug 25 16:16:15 witherspoon systemd[1]: Starting Phosphor Download Manager...
Aug 25 16:16:15 witherspoon systemd[1]: Starting Phosphor Dump Manager...
Aug 25 16:16:15 witherspoon systemd[1]: Started Hardware RNG Entropy Gatherer Daemon.
Aug 25 16:16:15 witherspoon systemd[1]: Starting Phosphor Settings Daemon...
Aug 25 16:16:15 witherspoon systemd[1]: Reached target Containers.
Aug 25 16:16:15 witherspoon systemd[1]: Starting Phosphor DBus Service Discovery Manager...
Aug 25 16:16:15 witherspoon systemd[1]: Starting Clear one time boot overrides...
Aug 25 16:16:15 witherspoon systemd[1]: Starting Phosphor Sensor Manager...
Aug 25 16:16:15 witherspoon systemd[1]: Starting Updates symlinks for active PNOR version...
Aug 25 16:16:16 witherspoon systemd[1]: Started System Logging Service.
Aug 25 16:16:16 witherspoon systemd[1]: Starting Remount the ubi volume after a reboot...
Aug 25 16:16:16 witherspoon obmc-flash-bmc[977]: hexdump: /dev/mtd: Is a directory
Aug 25 16:16:16 witherspoon systemd[1]: Started Kernel Logging Service.
Aug 25 16:16:16 witherspoon systemd[1]: Starting Phosphor IPMI BT DBus Bridge...
Aug 25 16:16:16 witherspoon systemd[1]: Starting Avahi mDNS/DNS-SD Stack...
Aug 25 16:16:16 witherspoon systemd[1]: Starting Phosphor Inventory Manager...
Aug 25 16:16:16 witherspoon systemd[1]: Starting Phosphor Inventory Manager...
Aug 25 16:16:16 witherspoon systemd[1]: Started D-Bus System Message Bus.
Aug 25 16:16:16 witherspoon kernel[982]: klogd started: BusyBox v1.24.1 (2017-06-16 19:28:48 UTC)
Aug 25 16:16:16 witherspoon kernel[982]: [    0.000000] Booting Linux on physical CPU 0x0
Aug 25 16:16:16 witherspoon kernel[982]: [    0.000000] Linux version 4.10.17-1a4df30c39cf5ee0e3d2528c409787ccbb4a672a (jenkins@openbmc-builder2) (gcc version 6.2.0 (GCC) ) #1 Fri Aug 25 15:35:34 UTC 2017
Aug 25 16:16:16 witherspoon kernel[982]: [    0.000000] CPU: ARMv6-compatible processor [410fb767] revision 7 (ARMv7), cr=00c5387d
Aug 25 16:16:16 witherspoon kernel[982]: [    0.000000] CPU: PIPT / VIPT nonaliasing data cache, VIPT nonaliasing instruction cache
Aug 25 16:16:16 witherspoon kernel[982]: [    0.000000] OF: fdt:Machine model: Witherspoon BMC
Aug 25 16:16:16 witherspoon kernel[982]: [    0.000000] Memory policy: Data cache writeback
Aug 25 16:16:16 witherspoon kernel[982]: [    0.000000] SOC Rev: 04030303
Aug 25 16:16:16 witherspoon kernel[982]: [    0.000000] On node 0 totalpages: 110592
Aug 25 16:16:16 witherspoon kernel[982]: [    0.000000] free_area_init_node: node 0, pgdat 80601864, node_mem_map 9ec1a000
Aug 25 16:16:16 witherspoon kernel[982]: [    0.000000]   Normal zone: 992 pages used for memmap
Aug 25 16:16:16 witherspoon kernel[982]: [    0.000000]   Normal zone: 0 pages reserved
Aug 25 16:16:17 witherspoon kernel[982]: [    0.000000]   Normal zone: 110592 pages, LIFO batch:31
Aug 25 16:16:17 witherspoon kernel[982]: [    0.000000] pcpu-alloc: s0 r0 d32768 u32768 alloc=1*32768
Aug 25 16:16:17 witherspoon kernel[982]: [    0.000000] pcpu-alloc: [0] 0
Aug 25 16:16:17 witherspoon kernel[982]: [    0.000000] Built 1 zonelists in Zone order, mobility grouping on.  Total pages: 109600
Aug 25 16:16:17 witherspoon kernel[982]: [    0.000000] Kernel command line: console=ttyS4,115200n8 root=/dev/ram rw
Aug 25 16:16:17 witherspoon kernel[982]: [    0.000000] PID hash table entries: 2048 (order: 1, 8192 bytes)
Aug 25 16:16:17 witherspoon kernel[982]: [    0.000000] Dentry cache hash table entries: 65536 (order: 6, 262144 bytes)
Aug 25 16:16:17 witherspoon kernel[982]: [    0.000000] Inode-cache hash table entries: 32768 (order: 5, 131072 bytes)
Aug 25 16:16:17 witherspoon kernel[982]: [    0.000000] Memory: 430424K/442368K available (4074K kernel code, 281K rwdata, 1196K rodata, 280K init, 111K bss, 11944K reserved, 0K cma-reserved)
Aug 25 16:16:17 witherspoon kernel[982]: [    0.000000] Virtual kernel memory layout:
Aug 25 16:16:17 witherspoon kernel[982]: [    0.000000]     vector  : 0xffff0000 - 0xffff1000   (   4 kB)
Aug 25 16:16:17 witherspoon kernel[982]: [    0.000000]     fixmap  : 0xffc00000 - 0xfff00000   (3072 kB)
Aug 25 16:16:17 witherspoon kernel[982]: [    0.000000]     vmalloc : 0x9f800000 - 0xff800000   (1536 MB)
Aug 25 16:16:17 witherspoon kernel[982]: [    0.000000]     lowmem  : 0x80000000 - 0x9f000000   ( 496 MB)
Aug 25 16:16:17 witherspoon kernel[982]: [    0.000000]       .text : 0x80008000 - 0x80402cb0   (4076 kB)
Aug 25 16:16:17 witherspoon kernel[982]: [    0.000000]       .init : 0x80588000 - 0x805ce000   ( 280 kB)
Aug 25 16:16:17 witherspoon kernel[982]: [    0.000000]       .data : 0x805ce000 - 0x80614710   ( 282 kB)
Aug 25 16:16:17 witherspoon kernel[982]: [    0.000000]        .bss : 0x80614710 - 0x806305b8   ( 112 kB)
Aug 25 16:16:17 witherspoon kernel[982]: [    0.000000] NR_IRQS:16 nr_irqs:16 16
Aug 25 16:16:17 witherspoon kernel[982]: [    0.000000] i2c controller registered, irq 16
Aug 25 16:16:17 witherspoon kernel[982]: [    0.000000] clocksource: moxart_timer: mask: 0xffffffff max_cycles: 0xffffffff, max_idle_ns: 77222644334 ns
Aug 25 16:16:17 witherspoon kernel[982]: [    0.000000] sched_clock: 32 bits at 100 Hz, resolution 10000000ns, wraps every 21474836475000000ns
Aug 25 16:16:17 witherspoon kernel[982]: [    0.090000] Calibrating delay loop... 789.70 BogoMIPS (lpj=3948544)
Aug 25 16:16:17 witherspoon kernel[982]: [    0.090000] pid_max: default: 32768 minimum: 301
Aug 25 16:16:17 witherspoon kernel[982]: [    0.090000] Mount-cache hash table entries: 1024 (order: 0, 4096 bytes)
Aug 25 16:16:17 witherspoon kernel[982]: [    0.090000] Mountpoint-cache hash table entries: 1024 (order: 0, 4096 bytes)
Aug 25 16:16:17 witherspoon kernel[982]: [    0.090000] CPU: Testing write buffer coherency: ok
Aug 25 16:16:17 witherspoon kernel[982]: [    0.090000] ftrace: allocating 14972 entries in 44 pages
Aug 25 16:16:17 witherspoon kernel[982]: [    0.120000] Setting up static identity map for 0x80008200 - 0x8000825c
Aug 25 16:16:17 witherspoon kernel[982]: [    0.120000] devtmpfs: initialized
Aug 25 16:16:17 witherspoon kernel[982]: [    0.140000] clocksource: jiffies: mask: 0xffffffff max_cycles: 0xffffffff, max_idle_ns: 19112604462750000 ns
Aug 25 16:16:17 witherspoon kernel[982]: [    0.140000] futex hash table entries: 256 (order: -1, 3072 bytes)
Aug 25 16:16:17 witherspoon kernel[982]: [    0.140000] pinctrl core: initialized pinctrl subsystem
Aug 25 16:16:17 witherspoon kernel[982]: [    0.140000] NET: Registered protocol family 16
Aug 25 16:16:17 witherspoon kernel[982]: [    0.150000] DMA: preallocated 256 KiB pool for atomic coherent allocations
Aug 25 16:16:20 witherspoon kernel: ubi7: default fastmap pool size: 100
Aug 25 16:16:20 witherspoon kernel: ubi7: default fastmap WL pool size: 50
Aug 25 16:16:20 witherspoon kernel: ubi7: attaching mtd7
Aug 25 16:16:20 witherspoon kernel: ubi7: scanning is finished
Aug 25 16:16:20 witherspoon kernel: ubi7: attached mtd7 (name "pnor", size 128 MiB)
Aug 25 16:16:20 witherspoon kernel: ubi7: PEB size: 65536 bytes (64 KiB), LEB size: 65408 bytes
Aug 25 16:16:20 witherspoon kernel: ubi7: min./max. I/O unit sizes: 1/256, sub-page size 1
Aug 25 16:16:20 witherspoon kernel: ubi7: VID header offset: 64 (aligned 64), data offset: 128
Aug 25 16:16:20 witherspoon kernel: ubi7: good PEBs: 2048, bad PEBs: 0, corrupted PEBs: 0
Aug 25 16:16:20 witherspoon kernel: ubi7: user volume: 3, internal volumes: 1, max. volumes count: 128
Aug 25 16:16:20 witherspoon kernel: ubi7: max/mean erase counter: 1/0, WL threshold: 4096, image sequence number: 702629894
Aug 25 16:16:20 witherspoon kernel: ubi7: available PEBs: 1367, total reserved PEBs: 681, PEBs reserved for bad PEB handling: 0
Aug 25 16:16:20 witherspoon kernel: ubi7: background thread "ubi_bgt7d" started, PID 998
Aug 25 16:16:20 witherspoon obmc-flash-bios[973]: '/var/lib/phosphor-software-manager/pnor/ro' -> '/media/pnor-ro-fd2cbe15'
Aug 25 16:16:20 witherspoon obmc-flash-bios[960]: UBI device number 7, total 2048 LEBs (133955584 bytes, 127.8 MiB), available 1367 LEBs (89412736 bytes, 85.3 MiB), LEB size 65408 bytes (63.9 KiB)
Aug 25 16:16:17 witherspoon kernel[982]: [    0.220000] usbcore: registered new interface driver usbfs
Aug 25 16:16:20 witherspoon obmc-flash-bios[973]: '/var/lib/phosphor-software-manager/pnor/rw' -> '/media/pnor-rw-fd2cbe15'
Aug 25 16:16:17 witherspoon kernel[982]: [    0.220000] usbcore: registered new interface driver hub
Aug 25 16:16:20 witherspoon obmc-flash-bios[973]: '/var/lib/phosphor-software-manager/pnor/prsv' -> '/media/pnor-prsv'
Aug 25 16:16:17 witherspoon kernel[982]: [    0.220000] usbcore: registered new device driver usb
Aug 25 16:16:17 witherspoon kernel[982]: [    0.230000] clocksource: Switched to clocksource moxart_timer
Aug 25 16:16:17 witherspoon kernel[982]: [    0.250000] NET: Registered protocol family 2
Aug 25 16:16:17 witherspoon kernel[982]: [    0.250000] TCP established hash table entries: 4096 (order: 2, 16384 bytes)
Aug 25 16:16:17 witherspoon kernel[982]: [    0.250000] TCP bind hash table entries: 4096 (order: 2, 16384 bytes)
Aug 25 16:16:17 witherspoon kernel[982]: [    0.250000] TCP: Hash tables configured (established 4096 bind 4096)
Aug 25 16:16:17 witherspoon kernel[982]: [    0.250000] UDP hash table entries: 256 (order: 0, 4096 bytes)
Aug 25 16:16:17 witherspoon kernel[982]: [    0.250000] UDP-Lite hash table entries: 256 (order: 0, 4096 bytes)
Aug 25 16:16:17 witherspoon kernel[982]: [    0.250000] NET: Registered protocol family 1
Aug 25 16:16:17 witherspoon kernel[982]: [    0.250000] Trying to unpack rootfs image as initramfs...
Aug 25 16:16:17 witherspoon kernel[982]: [    1.920000] Freeing initrd memory: 1544K
Aug 25 16:16:17 witherspoon kernel[982]: [    1.920000] workingset: timestamp_bits=30 max_order=17 bucket_order=0
Aug 25 16:16:17 witherspoon kernel[982]: [    1.920000] squashfs: version 4.0 (2009/01/31) Phillip Lougher
Aug 25 16:16:17 witherspoon kernel[982]: [    1.920000] jffs2: version 2.2. (SUMMARY)  © 2001-2006 Red Hat, Inc.
Aug 25 16:16:17 witherspoon kernel[982]: [    1.920000] Block layer SCSI generic (bsg) driver version 0.4 loaded (major 250)
Aug 25 16:16:17 witherspoon kernel[982]: [    1.920000] io scheduler noop registered
Aug 25 16:16:17 witherspoon kernel[982]: [    1.920000] io scheduler deadline registered
Aug 25 16:16:17 witherspoon kernel[982]: [    1.920000] io scheduler cfq registered (default)
Aug 25 16:16:17 witherspoon kernel[982]: [    2.070000] ipmi-bt-host 1e789140.ibt: Found bt bmc device
Aug 25 16:16:17 witherspoon kernel[982]: [    2.070000] ipmi-bt-host 1e789140.ibt: Using IRQ 22
Aug 25 16:16:17 witherspoon kernel[982]: [    2.070000] Serial: 8250/16550 driver, 6 ports, IRQ sharing enabled
Aug 25 16:16:17 witherspoon kernel[982]: [    2.070000] 1e787000.vuart: ttyS0 at MMIO 0x1e787000 (irq = 22, base_baud = 1500000) is a 16550A
Aug 25 16:16:17 witherspoon kernel[982]: [    2.070000] 1e783000.serial: ttyS1 at MMIO 0x1e783000 (irq = 23, base_baud = 1500000) is a 16550A
Aug 25 16:16:17 witherspoon kernel[982]: [    2.070000] 1e78d000.serial: ttyS2 at MMIO 0x1e78d000 (irq = 24, base_baud = 1500000) is a 16550A
Aug 25 16:16:17 witherspoon kernel[982]: [    2.070000] 1e784000.serial: ttyS4 at MMIO 0x1e784000 (irq = 25, base_baud = 1500000) is a 16550A
Aug 25 16:16:17 witherspoon kernel[982]: [    2.430000] console [ttyS4] enabled
Aug 25 16:16:17 witherspoon kernel[982]: [    2.610000] timeriomem_rng 1e6e2078.hwrng: 32bits from 0xf00e2078 @ 1us
Aug 25 16:16:17 witherspoon kernel[982]: [    2.620000] random: fast init done
Aug 25 16:16:17 witherspoon kernel[982]: [    2.660000] brd: module loaded
Aug 25 16:16:17 witherspoon kernel[982]: [    2.690000] loop: module loaded
Aug 25 16:16:17 witherspoon kernel[982]: [    2.690000] aspeed-lpc-ctrl 1e789080.lpc-ctrl: Loaded at 0x98000000 (0x04000000)
Aug 25 16:16:17 witherspoon kernel[982]: [    2.700000] aspeed-smc 1e620000.flash-controller: Using IRQ 18
Aug 25 16:16:17 witherspoon kernel[982]: [    2.700000] aspeed-smc 1e620000.flash-controller: DMA support disabled.
Aug 25 16:16:17 witherspoon kernel[982]: [    2.720000] aspeed-smc 1e620000.flash-controller: mx25l25635e (32768 Kbytes)
Aug 25 16:16:17 witherspoon kernel[982]: [    2.720000] aspeed-smc 1e620000.flash-controller: CE0 window [ 0x20000000 - 0x22000000 ] 32MB
Aug 25 16:16:17 witherspoon kernel[982]: [    2.720000] aspeed-smc 1e620000.flash-controller: CE1 window [ 0x22000000 - 0x2a000000 ] 128MB
Aug 25 16:16:17 witherspoon kernel[982]: [    2.720000] 5 ofpart partitions found on MTD device bmc
Aug 25 16:16:17 witherspoon kernel[982]: [    2.750000] Creating 5 MTD partitions on "bmc":
Aug 25 16:16:17 witherspoon kernel[982]: [    2.760000] 0x000000000000-0x000000060000 : "u-boot"
Aug 25 16:16:17 witherspoon kernel[982]: [    2.760000] 0x000000060000-0x000000080000 : "u-boot-env"
Aug 25 16:16:17 witherspoon kernel[982]: [    2.780000] 0x000000080000-0x0000004c0000 : "kernel"
Aug 25 16:16:17 witherspoon kernel[982]: [    2.780000] random: crng init done
Aug 25 16:16:17 witherspoon kernel[982]: [    2.790000] 0x0000004c0000-0x000001c00000 : "rofs"
Aug 25 16:16:17 witherspoon kernel[982]: [    2.800000] 0x000001c00000-0x000002000000 : "rwfs"
Aug 25 16:16:17 witherspoon kernel[982]: [    2.810000] aspeed-smc 1e620000.flash-controller: mx25l25635e (32768 Kbytes)
Aug 25 16:16:17 witherspoon kernel[982]: [    2.820000] aspeed-smc 1e620000.flash-controller: CE1 window [ 0x22000000 - 0x24000000 ] 32MB
Aug 25 16:16:17 witherspoon kernel[982]: [    2.820000] aspeed-smc 1e620000.flash-controller: CE2 window [ 0x24000000 - 0x2c000000 ] 128MB
Aug 25 16:16:17 witherspoon kernel[982]: [    2.840000] aspeed-smc 1e630000.flash-controller: mx66l1g45g (131072 Kbytes)
Aug 25 16:16:17 witherspoon kernel[982]: [    2.850000] aspeed-smc 1e630000.flash-controller: CE0 window resized to 120MB (AST2500 HW quirk)
Aug 25 16:16:17 witherspoon kernel[982]: [    2.850000] aspeed-smc 1e630000.flash-controller: CE0 window [ 0x30000000 - 0x37800000 ] 120MB
Aug 25 16:16:17 witherspoon kernel[982]: [    2.870000] aspeed-smc 1e630000.flash-controller: CE0 window too small for chip 128MB
Aug 25 16:16:17 witherspoon kernel[982]: [    2.870000] aspeed-smc 1e630000.flash-controller: CE1 window [ 0x37800000 - 0x38000000 ] 8MB
Aug 25 16:16:17 witherspoon kernel[982]: [    3.640000] libphy: Fixed MDIO Bus: probed
Aug 25 16:16:17 witherspoon kernel[982]: [    3.640000] ftgmac100 1e660000.ethernet: Read MAC address 70:e2:84:14:23:e1 from chip
Aug 25 16:16:17 witherspoon kernel[982]: [    3.640000] ftgmac100 1e660000.ethernet: Using NCSI interface
Aug 25 16:16:17 witherspoon kernel[982]: [    3.640000] ftgmac100 1e660000.ethernet eth0: irq 20, mapped at f0060000
Aug 25 16:16:17 witherspoon kernel[982]: [    3.640000] ehci_hcd: USB 2.0 'Enhanced' Host Controller (EHCI) Driver
Aug 25 16:16:17 witherspoon kernel[982]: [    3.640000] ehci-platform: EHCI generic platform driver
Aug 25 16:16:17 witherspoon kernel[982]: [    3.850000]  fsi0: can't read slave 00:00 -5
Aug 25 16:16:17 witherspoon kernel[982]: [    3.850000] i2c /dev entries driver
Aug 25 16:16:17 witherspoon kernel[982]: [    3.850000] aspeed-i2c-bus 1e78a0c0.i2c-bus: i2c bus 2 registered, irq 26
Aug 25 16:16:17 witherspoon kernel[982]: [    3.850000] aspeed-i2c-bus 1e78a100.i2c-bus: i2c bus 3 registered, irq 27
Aug 25 16:16:17 witherspoon kernel[982]: [    3.850000] aspeed-i2c-bus 1e78a140.i2c-bus: i2c bus 4 registered, irq 28
Aug 25 16:16:17 witherspoon kernel[982]: [    3.850000] aspeed-i2c-bus 1e78a180.i2c-bus: i2c bus 5 registered, irq 29
Aug 25 16:16:17 witherspoon kernel[982]: [    3.850000] aspeed-i2c-bus 1e78a380.i2c-bus: i2c bus 9 registered, irq 30
Aug 25 16:16:17 witherspoon kernel[982]: [    3.850000] aspeed-i2c-bus 1e78a3c0.i2c-bus: i2c bus 10 registered, irq 31
Aug 25 16:16:17 witherspoon kernel[982]: [    3.850000] rtc-rv8803 11-0032: Voltage low, temperature compensation stopped.
Aug 25 16:16:17 witherspoon kernel[982]: [    3.850000] rtc-rv8803 11-0032: An alarm maybe have been missed.
Aug 25 16:16:17 witherspoon kernel[982]: [    3.950000] rtc-rv8803 11-0032: rtc core: registered rx8900 as rtc0
Aug 25 16:16:17 witherspoon kernel[982]: [    3.960000] at24 11-0051: 8192 byte 24c64 EEPROM, writable, 1 bytes/write
Aug 25 16:16:17 witherspoon kernel[982]: [    3.960000] aspeed-i2c-bus 1e78a400.i2c-bus: i2c bus 11 registered, irq 32
Aug 25 16:16:17 witherspoon kernel[982]: [    3.960000] aspeed-i2c-bus 1e78a440.i2c-bus: i2c bus 12 registered, irq 33
Aug 25 16:16:17 witherspoon kernel[982]: [    3.960000] aspeed-i2c-bus 1e78a480.i2c-bus: i2c bus 13 registered, irq 34
Aug 25 16:16:17 witherspoon kernel[982]: [    3.960000] Driver for 1-wire Dallas network protocol.
Aug 25 16:16:17 witherspoon kernel[982]: [    3.960000] lm75 9-004a: hwmon0: sensor 'tmp275'
Aug 25 16:16:17 witherspoon kernel[982]: [    5.730000] ucd9000 11-0064: Device ID UCD90160|2.3.4.0000|110603
Aug 25 16:16:17 witherspoon kernel[982]: [    6.400000] leds-pca955x 3-0060: leds-pca955x: Using pca9552 16-bit LED driver at slave address 0x60
Aug 25 16:16:17 witherspoon kernel[982]: [    6.410000] leds-pca955x 3-0060: gpios 264...279
Aug 25 16:16:17 witherspoon kernel[982]: [    6.420000] leds-pca955x 11-0060: leds-pca955x: Using pca9552 16-bit LED driver at slave address 0x60
Aug 25 16:16:17 witherspoon kernel[982]: [    6.430000] leds-pca955x 11-0060: gpios 248...263
Aug 25 16:16:17 witherspoon kernel[982]: [    6.440000] usbcore: registered new interface driver usbhid
Aug 25 16:16:17 witherspoon kernel[982]: [    6.440000] usbhid: USB HID core driver
Aug 25 16:16:17 witherspoon kernel[982]: [    6.500000] NET: Registered protocol family 10
Aug 25 16:16:17 witherspoon kernel[982]: [    6.500000] Segment Routing with IPv6
Aug 25 16:16:17 witherspoon kernel[982]: [    6.510000] NET: Registered protocol family 17
Aug 25 16:16:17 witherspoon kernel[982]: [    6.510000] 8021q: 802.1Q VLAN Support v1.8
Aug 25 16:16:17 witherspoon kernel[982]: [    6.530000] input: gpio-keys-polled as /devices/platform/gpio-keys-polled/input/input1
Aug 25 16:16:17 witherspoon kernel[982]: [    6.550000] console [netcon0] enabled
Aug 25 16:16:17 witherspoon kernel[982]: [    6.560000] netconsole: network logging started
Aug 25 16:16:17 witherspoon kernel[982]: [    6.560000] input: gpio-keys as /devices/platform/gpio-keys/input/input2
Aug 25 16:16:17 witherspoon kernel[982]: [    6.570000] rtc-rv8803 11-0032: setting system clock to 2017-08-25 16:16:02 UTC (1503677762)
Aug 25 16:16:17 witherspoon kernel[982]: [    6.580000] Freeing unused kernel memory: 280K
Aug 25 16:16:17 witherspoon kernel[982]: [    6.580000] This architecture does not have kernel memory protection.
Aug 25 16:16:17 witherspoon kernel[982]: [    8.260000] jffs2: notice: (540) jffs2_build_xattr_subsystem: complete building xattr subsystem, 1 of xdatum (0 unchecked, 0 orphan) and 9 of xref (0 dead, 0 orphan) found.
Aug 25 16:16:17 witherspoon kernel[982]: [   10.360000] systemd[1]: Failed to insert module 'autofs4': No such file or directory
Aug 25 16:16:17 witherspoon kernel[982]: [   10.580000] systemd[1]: systemd 232 running in system mode. (+PAM -AUDIT -SELINUX -IMA -APPARMOR -SMACK +SYSVINIT -UTMP -LIBCRYPTSETUP -GCRYPT -GNUTLS +ACL +XZ -LZ4 -SECCOMP +BLKID -ELFUTILS +KMOD -IDN)
Aug 25 16:16:17 witherspoon kernel[982]: [   10.580000] systemd[1]: Detected architecture arm.
Aug 25 16:16:17 witherspoon kernel[982]: [   10.780000] systemd[1]: Set hostname to <witherspoon>.
Aug 25 16:16:17 witherspoon kernel[982]: [   11.950000] systemd[1]: phosphor-fan-monitor-init@0.service: Service has Restart= setting other than no, which isn't allowed for Type=oneshot services. Refusing.
Aug 25 16:16:17 witherspoon kernel[982]: [   12.080000] systemd[1]: [/lib/systemd/system/obmc-flash-bios-updatesymlinks.service:9] Unknown lvalue 'WantedBy' in section 'Service'
Aug 25 16:16:17 witherspoon kernel[982]: [   12.510000] systemd[1]: Listening on /dev/initctl Compatibility Named Pipe.
Aug 25 16:16:17 witherspoon kernel[982]: [   12.560000] systemd[1]: Listening on udev Kernel Socket.
Aug 25 16:16:17 witherspoon kernel[982]: [   12.600000] systemd[1]: Started Forward Password Requests to Wall Directory Watch.
Aug 25 16:16:17 witherspoon kernel[982]: [   12.640000] systemd[1]: Listening on Journal Socket.
Aug 25 16:16:17 witherspoon kernel[982]: [   12.680000] systemd[1]: Listening on Network Service Netlink Socket.
Aug 25 16:16:17 witherspoon kernel[982]: [   15.250000] systemd-journald[567]: Received request to flush runtime journal from PID 1
Aug 25 16:16:19 witherspoon avahi-daemon[984]: Found user 'avahi' (UID 999) and group 'avahi' (GID 999).
Aug 25 16:16:19 witherspoon avahi-daemon[984]: Successfully dropped root privileges.
Aug 25 16:16:19 witherspoon avahi-daemon[984]: avahi-daemon 0.6.32 starting up.
Aug 25 16:16:19 witherspoon kernel[982]: [   23.030000] ubi7: default fastmap pool size: 100
Aug 25 16:16:19 witherspoon kernel[982]: [   23.030000] ubi7: default fastmap WL pool size: 50
Aug 25 16:16:19 witherspoon kernel[982]: [   23.030000] ubi7: attaching mtd7
Aug 25 16:16:19 witherspoon kernel[982]: [   23.030000] ubi7: scanning is finished
Aug 25 16:16:19 witherspoon kernel[982]: [   23.350000] ubi7: attached mtd7 (name "pnor", size 128 MiB)
Aug 25 16:16:19 witherspoon kernel[982]: [   23.350000] ubi7: PEB size: 65536 bytes (64 KiB), LEB size: 65408 bytes
Aug 25 16:16:19 witherspoon kernel[982]: [   23.350000] ubi7: min./max. I/O unit sizes: 1/256, sub-page size 1
Aug 25 16:16:19 witherspoon kernel[982]: [   23.350000] ubi7: VID header offset: 64 (aligned 64), data offset: 128
Aug 25 16:16:19 witherspoon kernel[982]: [   23.350000] ubi7: good PEBs: 2048, bad PEBs: 0, corrupted PEBs: 0
Aug 25 16:16:19 witherspoon kernel[982]: [   23.350000] ubi7: user volume: 3, internal volumes: 1, max. volumes count: 128
Aug 25 16:16:19 witherspoon kernel[982]: [   23.350000] ubi7: max/mean erase counter: 1/0, WL threshold: 4096, image sequence number: 702629894
Aug 25 16:16:19 witherspoon kernel[982]: [   23.350000] ubi7: available PEBs: 1367, total reserved PEBs: 681, PEBs reserved for bad PEB handling: 0
Aug 25 16:16:19 witherspoon kernel[982]: [   23.350000] ubi7: background thread "ubi_bgt7d" started, PID 998
Aug 25 16:16:27 witherspoon avahi-daemon[984]: Successfully called chroot().
Aug 25 16:16:27 witherspoon avahi-daemon[984]: Successfully dropped remaining capabilities.
Aug 25 16:16:27 witherspoon avahi-daemon[984]: Loading service file /services/obmc_console.service.
Aug 25 16:16:27 witherspoon systemd[1]: Started Phosphor Settings Daemon.
Aug 25 16:16:27 witherspoon systemd[1]: Started Phosphor Inventory Manager.
Aug 25 16:16:27 witherspoon systemd[1]: Started Phosphor IPMI BT DBus Bridge.
Aug 25 16:16:27 witherspoon systemd[1]: Started Phosphor Download Manager.
Aug 25 16:16:27 witherspoon systemd[1]: Started Avahi mDNS/DNS-SD Stack.
Aug 25 16:16:28 witherspoon systemd[1]: Started Phosphor LED Group Management Daemon.
Aug 25 16:16:28 witherspoon systemd[1]: Started Phosphor Log Manager.
Aug 25 16:16:28 witherspoon systemd[1]: Starting Phosphor Network Manager...
Aug 25 16:16:28 witherspoon systemd[1]: Starting Network Service...
Aug 25 16:16:28 witherspoon systemd[1]: Reached target System Time Synchronized.
Aug 25 16:16:28 witherspoon systemd[1]: Started Clear one time boot overrides.
Aug 25 16:16:29 witherspoon systemd[1]: Started Updates symlinks for active PNOR version.
Aug 25 16:16:29 witherspoon avahi-daemon[984]: Loading service file /services/phosphor_rest.service.
Aug 25 16:16:29 witherspoon avahi-daemon[984]: Loading service file /services/sftp-ssh.service.
Aug 25 16:16:29 witherspoon avahi-daemon[984]: Loading service file /services/sftp.service.
Aug 25 16:16:29 witherspoon avahi-daemon[984]: Loading service file /services/ssh.service.
Aug 25 16:16:29 witherspoon avahi-daemon[984]: Network interface enumeration completed.
Aug 25 16:16:29 witherspoon avahi-daemon[984]: Server startup complete. Host name is witherspoon.local. Local service cookie is 3739072780.
Aug 25 16:16:29 witherspoon avahi-daemon[984]: Service "witherspoon" (/services/ssh.service) successfully established.
Aug 25 16:16:29 witherspoon avahi-daemon[984]: Service "sftp" (/services/sftp.service) successfully established.
Aug 25 16:16:29 witherspoon avahi-daemon[984]: Service "witherspoon" (/services/sftp-ssh.service) successfully established.
Aug 25 16:16:29 witherspoon avahi-daemon[984]: Service "phosphor_rest" (/services/phosphor_rest.service) successfully established.
Aug 25 16:16:30 witherspoon systemd[1]: Started Remount the ubi volume after a reboot.
Aug 25 16:16:29 witherspoon avahi-daemon[984]: Service "obmc_console" (/services/obmc_console.service) successfully established.
Aug 25 16:16:30 witherspoon systemd[1]: Found device /dev/aspeed-lpc-ctrl.
Aug 25 16:16:30 witherspoon systemd[1]: Found device /dev/aspeed-mbox.
Aug 25 16:16:30 witherspoon systemd[1]: Found device /dev/ttyS4.
Aug 25 16:16:30 witherspoon systemd[1]: Found device /dev/ttyVUART0.
Aug 25 16:16:30 witherspoon systemd-networkd[1055]: Enumeration completed
Aug 25 16:16:31 witherspoon systemd-networkd[1055]: eth0: IPv6 enabled for interface: Success
Aug 25 16:16:31 witherspoon avahi-daemon[984]: Joining mDNS multicast group on interface eth0.IPv4 with address 9.3.86.161.
Aug 25 16:16:31 witherspoon avahi-daemon[984]: New relevant interface eth0.IPv4 for mDNS.
Aug 25 16:16:31 witherspoon kernel: ubi: mtd7 is already attached to ubi7
Aug 25 16:16:31 witherspoon kernel: 8021q: adding VLAN 0 to HW filter on device eth0
Aug 25 16:16:31 witherspoon systemd-networkd[1055]: eth0: Gained carrier
Aug 25 16:16:31 witherspoon avahi-daemon[984]: Registering new address record for 9.3.86.161 on eth0.IPv4.
Aug 25 16:16:31 witherspoon systemd-timesyncd[926]: Network configuration changed, trying to establish connection.
Aug 25 16:16:31 witherspoon kernel[982]: [   31.190000] ubi: mtd7 is already attached to ubi7
Aug 25 16:16:31 witherspoon kernel[982]: [   35.460000] 8021q: adding VLAN 0 to HW filter on device eth0
Aug 25 16:16:31 witherspoon systemd[1]: Started Network Service.
Aug 25 16:16:33 witherspoon avahi-daemon[984]: Joining mDNS multicast group on interface eth0.IPv6 with address fe80::72e2:84ff:fe14:23e1.
Aug 25 16:16:33 witherspoon systemd-networkd[1055]: eth0: Gained IPv6LL
Aug 25 16:16:33 witherspoon avahi-daemon[984]: New relevant interface eth0.IPv6 for mDNS.
Aug 25 16:16:33 witherspoon avahi-daemon[984]: Registering new address record for fe80::72e2:84ff:fe14:23e1 on eth0.*.
Aug 25 16:16:34 witherspoon kernel: ftgmac100 1e660000.ethernet eth0: ncsi: removed vlan tag 0 at index 1
Aug 25 16:16:34 witherspoon kernel: ftgmac100 1e660000.ethernet eth0: ncsi: removed vlan tag 0 at index 2
Aug 25 16:16:34 witherspoon kernel: ftgmac100 1e660000.ethernet eth0: no vlan ids left to set
Aug 25 16:16:34 witherspoon kernel: ftgmac100 1e660000.ethernet eth0: NCSI interface up
Aug 25 16:16:34 witherspoon kernel[982]: [   38.660000] ftgmac100 1e660000.ethernet eth0: ncsi: removed vlan tag 0 at index 1
Aug 25 16:16:34 witherspoon kernel[982]: [   38.660000] ftgmac100 1e660000.ethernet eth0: ncsi: removed vlan tag 0 at index 2
Aug 25 16:16:34 witherspoon kernel[982]: [   38.660000] ftgmac100 1e660000.ethernet eth0: no vlan ids left to set
Aug 25 16:16:34 witherspoon kernel[982]: [   38.660000] ftgmac100 1e660000.ethernet eth0: NCSI interface up
Aug 25 16:16:37 witherspoon kernel: block ubiblock7_0: created from ubi7:0(pnor-ro-fd2cbe15)
Aug 25 16:16:37 witherspoon kernel[982]: [   41.490000] block ubiblock7_0: created from ubi7:0(pnor-ro-fd2cbe15)
Aug 25 16:16:37 witherspoon avahi-daemon[984]: Service name conflict for "sftp" (/services/sftp.service), retrying with "sftp #2".
Aug 25 16:16:37 witherspoon avahi-daemon[984]: Service name conflict for "obmc_console" (/services/obmc_console.service), retrying with "obmc_console #2".
Aug 25 16:16:37 witherspoon avahi-daemon[984]: Service name conflict for "phosphor_rest" (/services/phosphor_rest.service), retrying with "phosphor_rest #2".
Aug 25 16:16:38 witherspoon systemd[1]: Started Phosphor BMC0 Control.
Aug 25 16:16:38 witherspoon systemd[1]: Started Phosphor Dump Manager.
Aug 25 16:16:38 witherspoon systemd[1]: Created slice system-xyz.openbmc_project.led.controller.slice.
Aug 25 16:16:38 witherspoon systemd[1]: Started Phosphor sysfs LED controller.
Aug 25 16:16:38 witherspoon systemd[1]: Started Phosphor sysfs LED controller.
Aug 25 16:16:38 witherspoon kernel: UBIFS (ubi7:1): UBIFS: mounted UBI device 7, volume 1, name "pnor-rw-fd2cbe15"
Aug 25 16:16:38 witherspoon kernel: UBIFS (ubi7:1): LEB size: 65408 bytes (63 KiB), min./max. I/O unit sizes: 8 bytes/256 bytes
Aug 25 16:16:38 witherspoon kernel: UBIFS (ubi7:1): FS size: 16155776 bytes (15 MiB, 247 LEBs), journal size 784896 bytes (0 MiB, 12 LEBs)
Aug 25 16:16:38 witherspoon kernel: UBIFS (ubi7:1): reserved for root: 763076 bytes (745 KiB)
Aug 25 16:16:38 witherspoon kernel: UBIFS (ubi7:1): media format: w5/r0 (latest is w5/r0), UUID EEDB0281-2BB1-4DB2-8C8F-4D84941A1D6E, small LPT model
Aug 25 16:16:38 witherspoon systemd[1]: Started Phosphor sysfs LED controller.
Aug 25 16:16:38 witherspoon avahi-daemon[984]: Service "sftp #2" (/services/sftp.service) successfully established.
Aug 25 16:16:38 witherspoon avahi-daemon[984]: Service "obmc_console #2" (/services/obmc_console.service) successfully established.
Aug 25 16:16:38 witherspoon avahi-daemon[984]: Service "phosphor_rest #2" (/services/phosphor_rest.service) successfully established.
Aug 25 16:16:38 witherspoon kernel[982]: [   42.770000] UBIFS (ubi7:1): UBIFS: mounted UBI device 7, volume 1, name "pnor-rw-fd2cbe15"
Aug 25 16:16:38 witherspoon kernel[982]: [   42.820000] UBIFS (ubi7:1): LEB size: 65408 bytes (63 KiB), min./max. I/O unit sizes: 8 bytes/256 bytes
Aug 25 16:16:38 witherspoon kernel[982]: [   42.820000] UBIFS (ubi7:1): FS size: 16155776 bytes (15 MiB, 247 LEBs), journal size 784896 bytes (0 MiB, 12 LEBs)
Aug 25 16:16:38 witherspoon kernel[982]: [   42.820000] UBIFS (ubi7:1): reserved for root: 763076 bytes (745 KiB)
Aug 25 16:16:38 witherspoon kernel[982]: [   42.820000] UBIFS (ubi7:1): media format: w5/r0 (latest is w5/r0), UUID EEDB0281-2BB1-4DB2-8C8F-4D84941A1D6E, small LPT model
Aug 25 16:16:38 witherspoon systemd[1]: Started Phosphor sysfs LED controller.
Aug 25 16:16:38 witherspoon kernel: UBIFS (ubi7:1): background thread "ubifs_bgt7_1" started, PID 1077
Aug 25 16:16:38 witherspoon kernel[982]: [   42.930000] UBIFS (ubi7:1): background thread "ubifs_bgt7_1" started, PID 1077
Aug 25 16:16:38 witherspoon systemd[1]: Started Phosphor sysfs LED controller.
Aug 25 16:16:38 witherspoon systemd[1]: Started Phosphor sysfs LED controller.
Aug 25 16:16:39 witherspoon systemd[1]: Started Phosphor sysfs LED controller.
Aug 25 16:16:39 witherspoon systemd[1]: Started Phosphor sysfs LED controller.
Aug 25 16:16:39 witherspoon systemd[1]: Started Phosphor sysfs LED controller.
Aug 25 16:16:39 witherspoon systemd[1]: Started Phosphor sysfs LED controller.
Aug 25 16:16:39 witherspoon systemd[1]: Reached target Network.
Aug 25 16:16:39 witherspoon systemd[1]: Starting Permit User Sessions...
Aug 25 16:16:39 witherspoon systemd[1]: Started Lightweight SLP Server.
Aug 25 16:16:39 witherspoon systemd[1]: Started Phosphor Console Muxer listening on device /dev/ttyVUART0.
Aug 25 16:16:39 witherspoon systemd[1]: Created slice system-xyz.openbmc_project.Hwmon.slice.
Aug 25 16:16:39 witherspoon systemd[1]: Starting OpenBMC Software Update Manager...
Aug 25 16:16:39 witherspoon systemd[1]: Started Permit User Sessions.
Aug 25 16:16:39 witherspoon systemd[1]: Started Serial Getty on ttyS4.
Aug 25 16:16:40 witherspoon systemd[1]: Reached target Login Prompts.
Aug 25 16:16:41 witherspoon systemd[1]: Started OpenBMC Software Update Manager.
Aug 25 16:16:41 witherspoon systemd[1]: Created slice system-dropbear.slice.
Aug 25 16:16:42 witherspoon systemd[1]: Started SSH Per-Connection Server (9.41.165.94:59220).
Aug 25 16:16:42 witherspoon systemd[1]: Started Remount the squashfs and ubi volumes after a reboot.
Aug 25 16:16:42 witherspoon kernel: UBIFS (ubi7:2): UBIFS: mounted UBI device 7, volume 2, name "pnor-prsv"
Aug 25 16:16:42 witherspoon kernel: UBIFS (ubi7:2): LEB size: 65408 bytes (63 KiB), min./max. I/O unit sizes: 8 bytes/256 bytes
Aug 25 16:16:42 witherspoon kernel: UBIFS (ubi7:2): FS size: 1504384 bytes (1 MiB, 23 LEBs), journal size 523265 bytes (0 MiB, 6 LEBs)
Aug 25 16:16:42 witherspoon kernel: UBIFS (ubi7:2): reserved for root: 71055 bytes (69 KiB)
Aug 25 16:16:42 witherspoon kernel: UBIFS (ubi7:2): media format: w5/r0 (latest is w5/r0), UUID DB4B9275-2775-4444-B7E2-5C1A0EA40034, small LPT model
Aug 25 16:16:42 witherspoon kernel: UBIFS (ubi7:2): background thread "ubifs_bgt7_2" started, PID 1101
Aug 25 16:16:42 witherspoon kernel[982]: [   46.140000] UBIFS (ubi7:2): UBIFS: mounted UBI device 7, volume 2, name "pnor-prsv"
Aug 25 16:16:42 witherspoon kernel[982]: [   46.140000] UBIFS (ubi7:2): LEB size: 65408 bytes (63 KiB), min./max. I/O unit sizes: 8 bytes/256 bytes
Aug 25 16:16:42 witherspoon kernel[982]: [   46.140000] UBIFS (ubi7:2): FS size: 1504384 bytes (1 MiB, 23 LEBs), journal size 523265 bytes (0 MiB, 6 LEBs)
Aug 25 16:16:42 witherspoon kernel[982]: [   46.140000] UBIFS (ubi7:2): reserved for root: 71055 bytes (69 KiB)
Aug 25 16:16:42 witherspoon kernel[982]: [   46.140000] UBIFS (ubi7:2): media format: w5/r0 (latest is w5/r0), UUID DB4B9275-2775-4444-B7E2-5C1A0EA40034, small LPT model
Aug 25 16:16:42 witherspoon kernel[982]: [   46.140000] UBIFS (ubi7:2): background thread "ubifs_bgt7_2" started, PID 1101
Aug 25 16:16:42 witherspoon systemd[1]: Reached target Multi-User System.
Aug 25 16:16:42 witherspoon systemd[1]: Starting OpenPower Software Update Manager...
Aug 25 16:16:43 witherspoon download_manager.py[961]: Running Download Manager
Aug 25 16:16:43 witherspoon systemd[1]: Started Phosphor Download Manager.
Aug 25 16:16:43 witherspoon dropbear[1095]: Failed loading /etc/dropbear/dropbear_dss_host_key
Aug 25 16:16:43 witherspoon dropbear[1095]: Failed loading /etc/dropbear/dropbear_ecdsa_host_key
Aug 25 16:16:43 witherspoon dropbear[1095]: Child connection from ::ffff:9.41.165.94:59220
Aug 25 16:16:45 witherspoon systemd[1]: Started Phosphor Chassis0 Control.
Aug 25 16:16:45 witherspoon chassis_control.py[962]: Running ChassisControlService
Aug 25 16:16:45 witherspoon openpower-update-manager[1102]: Error in reading file
Aug 25 16:16:45 witherspoon systemd-networkd[1055]: eth0: Configured
Aug 25 16:16:45 witherspoon systemd-timesyncd[926]: Network configuration changed, trying to establish connection.
Aug 25 16:16:46 witherspoon dropbear[1095]: PAM password auth succeeded for 'root' from ::ffff:9.41.165.94:59220
Aug 25 16:16:46 witherspoon dropbear[1105]: lastlog_perform_login: Couldn't stat /var/log/lastlog: No such file or directory
Aug 25 16:16:46 witherspoon dropbear[1105]: lastlog_openseek: /var/log/lastlog is not a file or directory!
Aug 25 16:16:46 witherspoon systemd[1]: Started OpenPower Software Update Manager.
Aug 25 16:16:46 witherspoon systemd[1]: Starting Phosphor Version Software Manager...
Aug 25 16:16:46 witherspoon systemd[1]: Started Phosphor MBOX Daemon.
Aug 25 16:16:46 witherspoon systemd[1]: Starting Create a ubi volume for pnor patches...
Aug 25 16:16:47 witherspoon systemd[1]: Started Phosphor Version Software Manager.
Aug 25 16:16:47 witherspoon obmc-flash-bios[1113]: Volume ID 3, size 257 LEBs (16809856 bytes, 16.0 MiB), LEB size 65408 bytes (63.9 KiB), dynamic, name "pnor-patch", alignment 1
Aug 25 16:16:48 witherspoon kernel: UBIFS (ubi7:3): default file-system created
Aug 25 16:16:48 witherspoon kernel: UBIFS (ubi7:3): UBIFS: mounted UBI device 7, volume 3, name "pnor-patch"
Aug 25 16:16:48 witherspoon kernel: UBIFS (ubi7:3): LEB size: 65408 bytes (63 KiB), min./max. I/O unit sizes: 8 bytes/256 bytes
Aug 25 16:16:48 witherspoon kernel: UBIFS (ubi7:3): FS size: 16155776 bytes (15 MiB, 247 LEBs), journal size 784896 bytes (0 MiB, 12 LEBs)
Aug 25 16:16:48 witherspoon kernel: UBIFS (ubi7:3): reserved for root: 763076 bytes (745 KiB)
Aug 25 16:16:48 witherspoon kernel: UBIFS (ubi7:3): media format: w5/r0 (latest is w5/r0), UUID 9362DF9F-8410-4B26-B457-0AD4D4111223, small LPT model
Aug 25 16:16:48 witherspoon kernel[982]: [   52.560000] UBIFS (ubi7:3): default file-system created
Aug 25 16:16:48 witherspoon kernel[982]: [   52.560000] UBIFS (ubi7:3): UBIFS: mounted UBI device 7, volume 3, name "pnor-patch"
Aug 25 16:16:48 witherspoon kernel[982]: [   52.560000] UBIFS (ubi7:3): LEB size: 65408 bytes (63 KiB), min./max. I/O unit sizes: 8 bytes/256 bytes
Aug 25 16:16:48 witherspoon kernel[982]: [   52.560000] UBIFS (ubi7:3): FS size: 16155776 bytes (15 MiB, 247 LEBs), journal size 784896 bytes (0 MiB, 12 LEBs)
Aug 25 16:16:48 witherspoon kernel[982]: [   52.560000] UBIFS (ubi7:3): reserved for root: 763076 bytes (745 KiB)
Aug 25 16:16:48 witherspoon kernel[982]: [   52.560000] UBIFS (ubi7:3): media format: w5/r0 (latest is w5/r0), UUID 9362DF9F-8410-4B26-B457-0AD4D4111223, small LPT model
Aug 25 16:16:48 witherspoon kernel: UBIFS (ubi7:3): background thread "ubifs_bgt7_3" started, PID 1132
Aug 25 16:16:48 witherspoon kernel[982]: [   52.670000] UBIFS (ubi7:3): background thread "ubifs_bgt7_3" started, PID 1132
Aug 25 16:16:48 witherspoon sensor_manager2.py[972]: Setting boot count to 3
Aug 25 16:16:49 witherspoon phosphor-mapper[970]: ObjectMapper startup complete.  Discovery in progress...
Aug 25 16:16:49 witherspoon systemd[1]: Started Create a ubi volume for pnor patches.
Aug 25 16:16:49 witherspoon sensor_manager2.py[972]: Starting sensor manager
Aug 25 16:16:49 witherspoon inventory_items.py[985]: Loading from cache: /var/cache/obmc/org.openbmc.inventory.system.chassis.motherboard.apss@org.openbmc.InventoryItem.props
Aug 25 16:16:49 witherspoon inventory_items.py[985]: Loading from cache: /var/cache/obmc/org.openbmc.inventory.system.chassis.motherboard@org.openbmc.InventoryItem.props
Aug 25 16:16:49 witherspoon inventory_items.py[985]: Loading from cache: /var/cache/obmc/org.openbmc.inventory.system.chassis.motherboard.refclock@org.openbmc.InventoryItem.props
Aug 25 16:16:50 witherspoon systemd[1]: Started Phosphor Sensor Manager.
Aug 25 16:16:50 witherspoon systemd[1]: Started Phosphor User Manager.
Aug 25 16:16:50 witherspoon inventory_items.py[985]: Loading from cache: /var/cache/obmc/org.openbmc.inventory.system.chassis.motherboard.cpu1.core7@org.openbmc.InventoryItem.props
Aug 25 16:16:50 witherspoon inventory_items.py[985]: Loading from cache: /var/cache/obmc/org.openbmc.inventory.system.chassis.motherboard.cpu1.core4@org.openbmc.InventoryItem.props
Aug 25 16:16:50 witherspoon inventory_items.py[985]: Loading from cache: /var/cache/obmc/org.openbmc.inventory.system.chassis.motherboard.cpu1.core1@org.openbmc.InventoryItem.props
Aug 25 16:16:50 witherspoon inventory_items.py[985]: Loading from cache: /var/cache/obmc/org.openbmc.inventory.system.chassis.motherboard.cpu1.core10@org.openbmc.InventoryItem.props
Aug 25 16:16:50 witherspoon inventory_items.py[985]: Loading from cache: /var/cache/obmc/org.openbmc.inventory.system.chassis.motherboard.todclock@org.openbmc.InventoryItem.props
Aug 25 16:16:50 witherspoon inventory_items.py[985]: Loading from cache: /var/cache/obmc/org.openbmc.inventory.system.chassis.motherboard.cpu1@org.openbmc.InventoryItem.props
Aug 25 16:16:50 witherspoon inventory_items.py[985]: Loading from cache: /var/cache/obmc/org.openbmc.inventory.system.chassis.motherboard.bmc@org.openbmc.InventoryItem.props
Aug 25 16:16:50 witherspoon inventory_items.py[985]: Caching: /org/openbmc/inventory/system/chassis/motherboard/bmc
Aug 25 16:16:50 witherspoon inventory_items.py[985]: Loading from cache: /var/cache/obmc/org.openbmc.inventory.system.chassis.motherboard.cpu0.core1@org.openbmc.InventoryItem.props
Aug 25 16:16:50 witherspoon inventory_items.py[985]: Loading from cache: /var/cache/obmc/org.openbmc.inventory.system.chassis.motherboard.cpu0.core7@org.openbmc.InventoryItem.props
Aug 25 16:16:50 witherspoon inventory_items.py[985]: Loading from cache: /var/cache/obmc/org.openbmc.inventory.system.chassis.motherboard.cpu0.core4@org.openbmc.InventoryItem.props
Aug 25 16:16:50 witherspoon inventory_items.py[985]: Loading from cache: /var/cache/obmc/org.openbmc.inventory.system.chassis.motherboard.pcieclock@org.openbmc.InventoryItem.props
Aug 25 16:16:50 witherspoon avahi-daemon[992]: ../../avahi-0.6.32/avahi-daemon/chroot.c: open() failed: No such file or directory
Aug 25 16:16:50 witherspoon obmc-phosphor-userd[963]: Started
Aug 25 16:16:50 witherspoon avahi-daemon[984]: Failed to open /usr/share/dbus-1/interfaces/org.freedesktop.Avahi.Server.xml: Invalid argument
Aug 25 16:16:50 witherspoon avahi-daemon[984]: Failed to load introspection data.
Aug 25 16:16:50 witherspoon inventory_items.py[985]: Loading from cache: /var/cache/obmc/org.openbmc.inventory.system.chassis.motherboard.cpu0.core10@org.openbmc.InventoryItem.props
Aug 25 16:16:50 witherspoon systemd[1]: Started Phosphor Inventory Manager.
Aug 25 16:16:50 witherspoon inventory_items.py[985]: Running Inventory Manager
Aug 25 16:16:52 witherspoon systemd[1]: Started Phosphor Network Manager.
Aug 25 16:16:52 witherspoon netman.py[1054]: Started
Aug 25 16:17:03 witherspoon phosphor-mapper[970]: ObjectMapper discovery complete
Aug 25 16:17:03 witherspoon systemd[1]: Started Phosphor DBus Service Discovery Manager.
Aug 25 16:17:03 witherspoon systemd[1]: Started Phosphor Hwmon Poller.
Aug 25 16:17:03 witherspoon systemd[1]: Started Phosphor Hwmon Poller.
Aug 25 16:17:03 witherspoon systemd[1]: Started Phosphor Hwmon Poller.
Aug 25 16:17:03 witherspoon systemd[1]: Started Phosphor Hwmon Poller.
Aug 25 16:17:03 witherspoon systemd[1]: Reached target Phosphor Object Mapper.
Aug 25 16:17:03 witherspoon systemd[1]: Starting Wait for /org/openbmc/NetworkManager/Interface...
Aug 25 16:17:03 witherspoon systemd[1]: Starting Phosphor Network Manager...
Aug 25 16:17:03 witherspoon systemd[1]: Starting Phosphor Settings Manager...
Aug 25 16:17:03 witherspoon systemd[1]: Starting Wait for /xyz/openbmc_project/control/host0/restriction_mode...
Aug 25 16:17:03 witherspoon systemd[1]: Starting Wait for /xyz/openbmc_project/led/groups...
Aug 25 16:17:03 witherspoon systemd[1]: Reached target Webserver (pre).
Aug 25 16:17:03 witherspoon systemd[1]: Started Phosphor Webserver.
Aug 25 16:17:03 witherspoon systemd[1]: Starting Wait for /xyz/openbmc_project/control/host0/power_restore_policy...
Aug 25 16:17:03 witherspoon systemd[1]: Started Phosphor DBus Monitor.
Aug 25 16:17:04 witherspoon systemd[1]: Starting Wait for /xyz/openbmc_project/control/host0/boot_mode...
Aug 25 16:17:04 witherspoon systemd[1]: Starting Wait for /org/openbmc/control/power0...
Aug 25 16:17:04 witherspoon systemd[1]: Starting Wait for /org/openbmc/managers/Download...
Aug 25 16:17:04 witherspoon systemd[1]: Starting Wait for /xyz/openbmc_project/control/host0...
Aug 25 16:17:04 witherspoon systemd[1]: Starting Wait for /xyz/openbmc_project/time/sync_method...
Aug 25 16:17:04 witherspoon systemd[1]: Starting Wait for /xyz/openbmc_project/control/host0/boot_source...
Aug 25 16:17:04 witherspoon systemd[1]: Starting Wait for /xyz/openbmc_project/inventory...
Aug 25 16:17:04 witherspoon systemd[1]: Starting Wait for /org/openbmc/managers/System...
Aug 25 16:17:04 witherspoon systemd[1]: Starting Wait for /xyz/openbmc_project/time/owner...
Aug 25 16:17:04 witherspoon systemd[1]: Starting Wait for /xyz/openbmc_project/state/host0...
Aug 25 16:17:04 witherspoon systemd[1]: Starting Wait for /org/openbmc/control/bmc0...
Aug 25 16:17:04 witherspoon systemd[1]: Starting Wait for /xyz/openbmc_project/control/host0/auto_reboot...
Aug 25 16:17:04 witherspoon systemd[1]: Starting Wait for /xyz/openbmc_project/state/chassis0...
Aug 25 16:17:04 witherspoon systemd[1]: Starting Wait for /xyz/openbmc_project/led/groups/bmc_booted...
Aug 25 16:17:04 witherspoon systemd[1]: Starting Phoshpor System Manager...
Aug 25 16:17:04 witherspoon systemd[1]: Started Phosphor Hwmon Poller.
Aug 25 16:17:04 witherspoon systemd[1]: Started Phosphor Hwmon Poller.
Aug 25 16:17:07 witherspoon phosphor-network-manager[1139]: ConfigParser: Key not found
Aug 25 16:17:07 witherspoon phosphor-network-manager[1139]: The operation failed internally.
Aug 25 16:17:07 witherspoon phosphor-network-manager[1139]: Exception occured during getting of DHCP value
Aug 25 16:17:07 witherspoon dbus[987]: [system] Activating via systemd: service name='org.freedesktop.hostname1' unit='dbus-org.freedesktop.hostname1.service'
Aug 25 16:17:07 witherspoon systemd[1]: Starting Hostname Service...
Aug 25 16:17:08 witherspoon dbus[987]: [system] Successfully activated service 'org.freedesktop.hostname1'
Aug 25 16:17:08 witherspoon systemd[1]: Started Hostname Service.
Aug 25 16:17:08 witherspoon systemd[1]: Started Phosphor Network Manager.
Aug 25 16:17:11 witherspoon systemd[1]: Started Wait for /xyz/openbmc_project/time/sync_method.
Aug 25 16:17:11 witherspoon systemd[1]: Started Wait for /xyz/openbmc_project/control/host0/boot_source.
Aug 25 16:17:11 witherspoon systemd[1]: Started Wait for /xyz/openbmc_project/inventory.
Aug 25 16:17:11 witherspoon systemd[1]: Started Phosphor GPIO 0 Presence.
Aug 25 16:17:11 witherspoon systemd[1]: Starting Read OpenPOWER-format VPD from EEPROM...
Aug 25 16:17:11 witherspoon systemd[1]: Starting OpenPOWER OCC controller...
Aug 25 16:17:11 witherspoon systemd[1]: Started Phosphor GPIO 1 Presence.
Aug 25 16:17:11 witherspoon systemd[1]: Started Phosphor Cooling Type.
Aug 25 16:17:12 witherspoon systemd[1]: Started Wait for /xyz/openbmc_project/time/owner.
Aug 25 16:17:12 witherspoon systemd[1]: Started Wait for /xyz/openbmc_project/control/host0/auto_reboot.
Aug 25 16:17:12 witherspoon systemd[1]: Started Wait for /xyz/openbmc_project/control/host0/restriction_mode.
Aug 25 16:17:12 witherspoon systemd[1]: Started Wait for /xyz/openbmc_project/control/host0/boot_mode.
Aug 25 16:17:12 witherspoon systemd[1]: Started Wait for /xyz/openbmc_project/led/groups/bmc_booted.
Aug 25 16:17:12 witherspoon phosphor-gpio-presence[1169]: Updating inventory present property
Aug 25 16:17:13 witherspoon systemd[1]: Started Wait for /xyz/openbmc_project/control/host0/power_restore_policy.
Aug 25 16:17:13 witherspoon phosphor-gpio-presence[1166]: Updating inventory present property
Aug 25 16:17:13 witherspoon systemd[1]: Started Wait for /org/openbmc/managers/Download.
Aug 25 16:17:14 witherspoon systemd[1]: Started Wait for /org/openbmc/control/bmc0.
Aug 25 16:17:14 witherspoon systemd[1]: Starting Phosphor BMC Code Update...
Aug 25 16:17:18 witherspoon avahi-daemon[984]: Withdrawing address record for fe80::72e2:84ff:fe14:23e1 on eth0.
Aug 25 16:17:19 witherspoon avahi-daemon[984]: Host name conflict, retrying with witherspoon-2
Aug 25 16:17:19 witherspoon avahi-daemon[984]: Registering new address record for fe80::72e2:84ff:fe14:23e1 on eth0.*.
Aug 25 16:17:19 witherspoon avahi-daemon[984]: Registering new address record for 9.3.86.161 on eth0.IPv4.
Aug 25 16:17:19 witherspoon avahi-daemon[984]: Withdrawing address record for 9.3.86.161 on eth0.
Aug 25 16:17:19 witherspoon avahi-daemon[984]: Host name conflict, retrying with witherspoon-3
Aug 25 16:17:19 witherspoon avahi-daemon[984]: Registering new address record for fe80::72e2:84ff:fe14:23e1 on eth0.*.
Aug 25 16:17:19 witherspoon avahi-daemon[984]: Registering new address record for 9.3.86.161 on eth0.IPv4.
Aug 25 16:17:19 witherspoon systemd[1]: Started Wait for /org/openbmc/NetworkManager/Interface.
Aug 25 16:17:19 witherspoon systemd[1]: Started Phosphor DNS Settings Cache Manager.
Aug 25 16:17:20 witherspoon avahi-daemon[984]: Withdrawing address record for 9.3.86.161 on eth0.
Aug 25 16:17:20 witherspoon avahi-daemon[984]: Host name conflict, retrying with witherspoon-4
Aug 25 16:17:20 witherspoon avahi-daemon[984]: Registering new address record for fe80::72e2:84ff:fe14:23e1 on eth0.*.
Aug 25 16:17:20 witherspoon avahi-daemon[984]: Registering new address record for 9.3.86.161 on eth0.IPv4.
Aug 25 16:17:21 witherspoon system_manager.py[1160]: Running System State: BASE_APPS
Aug 25 16:17:21 witherspoon system_manager.py[1160]: SystemManager Init Done
Aug 25 16:17:21 witherspoon systemd[1]: Started Phoshpor System Manager.
Aug 25 16:17:21 witherspoon system_manager.py[1160]: Running SystemManager
Aug 25 16:17:21 witherspoon systemd[1]: Started Wait for /xyz/openbmc_project/led/groups.
Aug 25 16:17:21 witherspoon systemd[1]: Started FRU Fault monitor service.
Aug 25 16:17:21 witherspoon avahi-daemon[984]: Withdrawing address record for 9.3.86.161 on eth0.
Aug 25 16:17:21 witherspoon avahi-daemon[984]: Host name conflict, retrying with witherspoon-5
Aug 25 16:17:21 witherspoon avahi-daemon[984]: Registering new address record for fe80::72e2:84ff:fe14:23e1 on eth0.*.
Aug 25 16:17:21 witherspoon avahi-daemon[984]: Registering new address record for 9.3.86.161 on eth0.IPv4.
Aug 25 16:17:22 witherspoon avahi-daemon[984]: Withdrawing address record for 9.3.86.161 on eth0.
Aug 25 16:17:22 witherspoon avahi-daemon[984]: Host name conflict, retrying with witherspoon-6
Aug 25 16:17:22 witherspoon avahi-daemon[984]: Registering new address record for fe80::72e2:84ff:fe14:23e1 on eth0.*.
Aug 25 16:17:22 witherspoon avahi-daemon[984]: Registering new address record for 9.3.86.161 on eth0.IPv4.
Aug 25 16:17:24 witherspoon avahi-daemon[984]: Server startup complete. Host name is witherspoon-6.local. Local service cookie is 3739072780.
Aug 25 16:17:25 witherspoon avahi-daemon[984]: Service "witherspoon-6" (/services/ssh.service) successfully established.
Aug 25 16:17:25 witherspoon avahi-daemon[984]: Service "sftp #2" (/services/sftp.service) successfully established.
Aug 25 16:17:25 witherspoon avahi-daemon[984]: Service "witherspoon-6" (/services/sftp-ssh.service) successfully established.
Aug 25 16:17:25 witherspoon avahi-daemon[984]: Service "phosphor_rest #2" (/services/phosphor_rest.service) successfully established.
Aug 25 16:17:25 witherspoon avahi-daemon[984]: Service "obmc_console #2" (/services/obmc_console.service) successfully established.
Aug 25 16:17:26 witherspoon systemd[1]: Started Phosphor BMC Code Update.
Aug 25 16:17:26 witherspoon bmc_update.py[1181]: Running Bmc Flash Control
Aug 25 16:17:26 witherspoon systemd[1]: Started OpenPOWER OCC controller.
Aug 25 16:17:28 witherspoon systemd[1]: Started Phosphor Settings Manager.
Aug 25 16:17:28 witherspoon systemd[1]: Starting Wait for /org/openbmc/settings/host0...
Aug 25 16:17:28 witherspoon settings_manager.py[1140]: Running HostSettingsService
Aug 25 16:17:28 witherspoon system_manager.py[1160]: SystemManager Goto System State: BMC_STARTING
Aug 25 16:17:28 witherspoon system_manager.py[1160]: Running System State: BMC_STARTING
Aug 25 16:17:30 witherspoon systemd[1]: Started Read OpenPOWER-format VPD from EEPROM.
Aug 25 16:17:35 witherspoon systemd[1]: Started Wait for /org/openbmc/managers/System.
Aug 25 16:17:35 witherspoon systemd[1]: Starting Phosphor Power Button0...
Aug 25 16:17:35 witherspoon systemd[1]: Starting Phosphor Power0 Control...
Aug 25 16:17:35 witherspoon systemd[1]: Starting Phosphor Reset Button0...
Aug 25 16:17:35 witherspoon systemd[1]: Starting Phosphor BMC State Manager...
Aug 25 16:17:36 witherspoon systemd[1]: Starting Phosphor Chassis State Manager...
Aug 25 16:17:37 witherspoon phosphor-chassis-state-manager[1195]: Initial Chassis State will be Off
Aug 25 16:17:37 witherspoon systemd[1]: Started Phosphor Chassis State Manager.
Aug 25 16:17:37 witherspoon phosphor-bmc-state-manager[1194]: Setting the BMCState field
Aug 25 16:17:37 witherspoon phosphor-bmc-state-manager[1194]: Setting the BMCState field
Aug 25 16:17:37 witherspoon systemd[1]: Started Wait for /org/openbmc/settings/host0.
Aug 25 16:17:37 witherspoon systemd[1]: Started Phosphor Inband IPMI.
Aug 25 16:17:37 witherspoon systemd[1]: Started Phosphor BMC State Manager.
Aug 25 16:17:37 witherspoon system_manager.py[1160]: New object: /org/openbmc/control/power0 (:1.77)
Aug 25 16:17:38 witherspoon system_manager.py[1160]: Power GPIO config: ['SYS_PWROK_BUFF', '', [('SOFTWARE_PGOOD', True), ('BMC_POWER_UP', True)], [('BMC_CP0_RESET_N', False)], [], 'FSI_DATA', 'FSI_CLK', 'FSI_ENABLE', 'CRONUS_SEL', []]
Aug 25 16:17:38 witherspoon power_control.exe[1192]: Power GPIO latch output:
Aug 25 16:17:38 witherspoon power_control.exe[1192]: Power GPIO power good input: SYS_PWROK_BUFF
Aug 25 16:17:38 witherspoon power_control.exe[1192]: Power GPIO 2 power_up outputs
Aug 25 16:17:38 witherspoon power_control.exe[1192]: Power GPIO power_up[0] = SOFTWARE_PGOOD active HIGH
Aug 25 16:17:38 witherspoon power_control.exe[1192]: Power GPIO power_up[1] = BMC_POWER_UP active HIGH
Aug 25 16:17:38 witherspoon power_control.exe[1192]: Power GPIO 1 reset outputs
Aug 25 16:17:38 witherspoon power_control.exe[1192]: Power GPIO reset[0] = BMC_CP0_RESET_N active LOW
Aug 25 16:17:38 witherspoon power_control.exe[1192]: Power GPIO 0 pci reset outputs
Aug 25 16:17:38 witherspoon power_control.exe[1192]: FSI DATA GPIO: FSI_DATA
Aug 25 16:17:38 witherspoon power_control.exe[1192]: FSI CLK GPIO: FSI_CLK
Aug 25 16:17:38 witherspoon power_control.exe[1192]: FSI ENABLE GPIO: FSI_ENABLE
Aug 25 16:17:38 witherspoon power_control.exe[1192]: CRONUS SEL GPIO: CRONUS_SEL
Aug 25 16:17:38 witherspoon power_control.exe[1192]: Hostctl GPIO optionals: 0
Aug 25 16:17:38 witherspoon phosphor-gevent[1143]: Traceback (most recent call last):
Aug 25 16:17:38 witherspoon phosphor-gevent[1143]:   File "/usr/lib/python2.7/site-packages/gevent/greenlet.py", line 327, in run
Aug 25 16:17:38 witherspoon phosphor-gevent[1143]:     result = self._run(*self.args, **self.kwargs)
Aug 25 16:17:38 witherspoon phosphor-gevent[1143]:   File "/usr/lib/python2.7/site-packages/gevent/server.py", line 102, in wrap_socket_and_handle
Aug 25 16:17:39 witherspoon phosphor-gevent[1143]:     ssl_socket = self.wrap_socket(client_socket, **self.ssl_args)
Aug 25 16:17:39 witherspoon phosphor-gevent[1143]:   File "/usr/lib/python2.7/site-packages/gevent/ssl.py", line 404, in wrap_socket
Aug 25 16:17:39 witherspoon phosphor-gevent[1143]:     ciphers=ciphers)
Aug 25 16:17:39 witherspoon phosphor-gevent[1143]:   File "/usr/lib/python2.7/site-packages/gevent/ssl.py", line 113, in __init__
Aug 25 16:17:39 witherspoon phosphor-gevent[1143]:     self.do_handshake()
Aug 25 16:17:39 witherspoon phosphor-gevent[1143]:   File "/usr/lib/python2.7/site-packages/gevent/ssl.py", line 324, in do_handshake
Aug 25 16:17:39 witherspoon phosphor-gevent[1143]:     return self._sslobj.do_handshake()
Aug 25 16:17:39 witherspoon phosphor-gevent[1143]: SSLEOFError: EOF occurred in violation of protocol (_ssl.c:590)
Aug 25 16:17:39 witherspoon phosphor-gevent[1143]: <Greenlet at 0x75fcc490: <bound method WSGIServer.wrap_socket_and_handle of <WSGIServer at 0x75fa3bb0 fileno=5 address=('::3462:eb76:b03d:6176%1986084256', 443, 0, 1986084256)>>(<socket at 0x75e79890 fileno=9>, ('::8049:5f76:8e91:f402%1995066140', 42376, 0, 199)> failed with SSLEOFError
Aug 25 16:17:39 witherspoon button_reset.exe[1193]: GPIO Lookup:  RESET_BUTTON = 353,both
Aug 25 16:17:39 witherspoon systemd[1]: Started Phosphor Reset Button0.
Aug 25 16:17:39 witherspoon button_power.exe[1191]: GPIO Lookup:  POWER_BUTTON = 347,both
Aug 25 16:17:39 witherspoon power_control.exe[1192]: GPIO Lookup:  SYS_PWROK_BUFF = 306,in
Aug 25 16:17:39 witherspoon systemd[1]: Started Phosphor Power Button0.
Aug 25 16:17:39 witherspoon power_control.exe[1192]: GPIO Lookup:  SOFTWARE_PGOOD = 417,out
Aug 25 16:17:39 witherspoon phosphor-gevent[1143]: Traceback (most recent call last):
Aug 25 16:17:39 witherspoon phosphor-gevent[1143]:   File "/usr/lib/python2.7/site-packages/gevent/greenlet.py", line 327, in run
Aug 25 16:17:39 witherspoon phosphor-gevent[1143]:     result = self._run(*self.args, **self.kwargs)
Aug 25 16:17:39 witherspoon phosphor-gevent[1143]:   File "/usr/lib/python2.7/site-packages/gevent/server.py", line 102, in wrap_socket_and_handle
Aug 25 16:17:39 witherspoon phosphor-gevent[1143]:     ssl_socket = self.wrap_socket(client_socket, **self.ssl_args)
Aug 25 16:17:39 witherspoon phosphor-gevent[1143]:   File "/usr/lib/python2.7/site-packages/gevent/ssl.py", line 404, in wrap_socket
Aug 25 16:17:39 witherspoon phosphor-gevent[1143]:     ciphers=ciphers)
Aug 25 16:17:39 witherspoon phosphor-gevent[1143]:   File "/usr/lib/python2.7/site-packages/gevent/ssl.py", line 113, in __init__
Aug 25 16:17:39 witherspoon phosphor-gevent[1143]:     self.do_handshake()
Aug 25 16:17:39 witherspoon phosphor-gevent[1143]:   File "/usr/lib/python2.7/site-packages/gevent/ssl.py", line 324, in do_handshake
Aug 25 16:17:39 witherspoon phosphor-gevent[1143]:     return self._sslobj.do_handshake()
Aug 25 16:17:39 witherspoon phosphor-gevent[1143]: SSLEOFError: EOF occurred in violation of protocol (_ssl.c:590)
Aug 25 16:17:39 witherspoon phosphor-gevent[1143]: <Greenlet at 0x75fcc760: <bound method WSGIServer.wrap_socket_and_handle of <WSGIServer at 0x75fa3bb0 fileno=5 address=('::3462:eb76:b03d:6176%1986084256', 443, 0, 1986084256)>>(<socket at 0x75e79830 fileno=10>, ('::8049:5f76:8e91:f402%1995066140', 42378, 0, 199)> failed with SSLEOFError
Aug 25 16:17:39 witherspoon power_control.exe[1192]: GPIO Lookup:  BMC_POWER_UP = 305,out
Aug 25 16:17:39 witherspoon power_control.exe[1192]: GPIO Lookup:  BMC_CP0_RESET_N = 281,out
Aug 25 16:17:39 witherspoon power_control.exe[1192]: Pgood state: 0
Aug 25 16:17:39 witherspoon systemd[1]: Started Phosphor Power0 Control.
Aug 25 16:17:40 witherspoon phosphor-gevent[1143]: Traceback (most recent call last):
Aug 25 16:17:40 witherspoon phosphor-gevent[1143]:   File "/usr/lib/python2.7/site-packages/gevent/greenlet.py", line 327, in run
Aug 25 16:17:40 witherspoon phosphor-gevent[1143]:     result = self._run(*self.args, **self.kwargs)
Aug 25 16:17:40 witherspoon phosphor-gevent[1143]:   File "/usr/lib/python2.7/site-packages/gevent/server.py", line 102, in wrap_socket_and_handle
Aug 25 16:17:40 witherspoon phosphor-gevent[1143]:     ssl_socket = self.wrap_socket(client_socket, **self.ssl_args)
Aug 25 16:17:40 witherspoon phosphor-gevent[1143]:   File "/usr/lib/python2.7/site-packages/gevent/ssl.py", line 404, in wrap_socket
Aug 25 16:17:40 witherspoon phosphor-gevent[1143]:     ciphers=ciphers)
Aug 25 16:17:40 witherspoon phosphor-gevent[1143]:   File "/usr/lib/python2.7/site-packages/gevent/ssl.py", line 113, in __init__
Aug 25 16:17:40 witherspoon phosphor-gevent[1143]:     self.do_handshake()
Aug 25 16:17:40 witherspoon phosphor-gevent[1143]:   File "/usr/lib/python2.7/site-packages/gevent/ssl.py", line 324, in do_handshake
Aug 25 16:17:40 witherspoon phosphor-gevent[1143]:     return self._sslobj.do_handshake()
Aug 25 16:17:40 witherspoon phosphor-gevent[1143]: SSLEOFError: EOF occurred in violation of protocol (_ssl.c:590)
Aug 25 16:17:40 witherspoon phosphor-gevent[1143]: <Greenlet at 0x75fcc440: <bound method WSGIServer.wrap_socket_and_handle of <WSGIServer at 0x75fa3bb0 fileno=5 address=('::3462:eb76:b03d:6176%1986084256', 443, 0, 1986084256)>>(<socket at 0x75e798d0 fileno=11>, ('::8049:5f76:8e91:f402%1995066140', 42380, 0, 199)> failed with SSLEOFError
Aug 25 16:17:43 witherspoon systemd[1]: Started Wait for /xyz/openbmc_project/state/chassis0.
Aug 25 16:17:43 witherspoon systemd[1]: Started Wait for /org/openbmc/control/power0.
Aug 25 16:17:43 witherspoon systemd[1]: Starting Phosphor Time Manager daemon...
Aug 25 16:17:44 witherspoon systemd[1]: Starting Check Chassis0 pgood and create a file to indicate it...
Aug 25 16:17:44 witherspoon timemanager[1221]: Registering dbus methods
Aug 25 16:17:44 witherspoon timemanager[1221]: Last known time_mode: NTP
Aug 25 16:17:44 witherspoon timemanager[1221]: Last known time_owner: BMC
Aug 25 16:17:44 witherspoon timemanager[1221]: Empty DhcpNtp string
Aug 25 16:17:44 witherspoon timemanager[1221]: Reading Power Control key: pgood
Aug 25 16:17:45 witherspoon systemd[1]: Started Wait for /xyz/openbmc_project/control/host0.
Aug 25 16:17:45 witherspoon timemanager[1221]: Changing settings *allowed* now
Aug 25 16:17:45 witherspoon systemd[1]: Started Check Chassis0 pgood and create a file to indicate it.
Aug 25 16:17:45 witherspoon systemd[1]: Reached target Chassis0 power on after reset.
Aug 25 16:17:45 witherspoon systemd[1]: Reached target Chassis0 (Reset Check).
Aug 25 16:17:45 witherspoon systemd[1]: Reached target Host0 running after reset.
Aug 25 16:17:45 witherspoon systemd[1]: Starting Phosphor Host State Manager...
Aug 25 16:17:45 witherspoon systemd[1]: Reached target Host0 (Reset Check).
Aug 25 16:17:45 witherspoon timemanager[1221]: Owner is already set to : BMC
Aug 25 16:17:46 witherspoon phosphor-host-state-manager[1232]: Initial Host State will be Off
Aug 25 16:17:46 witherspoon timemanager[1221]: Requested_Mode: NTP Current_Mode: NTP
Aug 25 16:17:46 witherspoon timemanager[1221]: Mode is already set to : NTP
Aug 25 16:17:46 witherspoon timemanager[1221]: Getting System Settings: use_dhcp_ntp
Aug 25 16:17:46 witherspoon phosphor-host-state-manager[1232]: External request to reset reboot count
Aug 25 16:17:46 witherspoon systemd[1]: Started Phosphor Host State Manager.
Aug 25 16:17:46 witherspoon timemanager[1221]: use_dhcp_ntp = yes
Aug 25 16:17:46 witherspoon timemanager[1221]: Last known host_offset:0
Aug 25 16:17:46 witherspoon timemanager[1221]: Initial Uptime Usec: 1503677755922162
Aug 25 16:17:46 witherspoon systemd[1]: Started Phosphor Time Manager daemon.
Aug 25 16:17:47 witherspoon systemd[1]: Started Wait for /xyz/openbmc_project/state/host0.
Aug 25 16:17:47 witherspoon systemd[1]: Starting Reboot If Enabled...
Aug 25 16:17:48 witherspoon phosphor-discover-system-state[1236]: Host power is off, checking power policy
Aug 25 16:17:48 witherspoon systemd[1]: Started Reboot If Enabled.
Aug 25 16:17:48 witherspoon systemd[1]: Reached target Phosphor System - Standby.
Aug 25 16:17:48 witherspoon systemd[1]: Starting Assert bmc_booted LED...
Aug 25 16:17:48 witherspoon phosphor-bmc-state-manager[1194]: BMC_READY
Aug 25 16:17:48 witherspoon phosphor-bmc-state-manager[1194]: Setting the BMCState field
Aug 25 16:17:49 witherspoon phosphor-ledmanager[958]: Asserting LEDs
Aug 25 16:17:49 witherspoon systemd[1]: Started Assert bmc_booted LED.
Aug 25 16:17:49 witherspoon systemd[1]: Startup finished in 10.315s (kernel) + 1min 43.265s (userspace) = 1min 53.580s.
Aug 25 16:17:59 witherspoon phosphor-gevent[1143]: ::8049:5f76:8e91:f402%1995066140 - - [2017-08-25 16:17:59] "POST /login HTTP/1.1" 200 320 0.110070
Aug 25 16:18:00 witherspoon phosphor-gevent[1143]: ::8049:5f76:8e91:f402%1995066140 - - [2017-08-25 16:18:00] "GET /xyz/openbmc_project/state/chassis0//attr/CurrentPowerState HTTP/1.1" 200 216 0.794970
Aug 25 16:18:00 witherspoon phosphor-gevent[1143]: ::8049:5f76:8e91:f402%1995066140 - - [2017-08-25 16:18:00] "POST /login HTTP/1.1" 200 320 0.032559
Aug 25 16:18:00 witherspoon phosphor-gevent[1143]: ::8049:5f76:8e91:f402%1995066140 - - [2017-08-25 16:18:00] "GET /xyz/openbmc_project/state/chassis0//attr/CurrentPowerState HTTP/1.1" 200 216 0.055961
Aug 25 16:18:00 witherspoon phosphor-gevent[1143]: ::8049:5f76:8e91:f402%1995066140 - - [2017-08-25 16:18:00] "POST /login HTTP/1.1" 200 320 0.032366
Aug 25 16:18:00 witherspoon phosphor-gevent[1143]: ::8049:5f76:8e91:f402%1995066140 - - [2017-08-25 16:18:00] "GET /xyz/openbmc_project/state/host0//attr/CurrentHostState HTTP/1.1" 200 212 0.074683
Aug 25 16:18:01 witherspoon phosphor-gevent[1143]: ::8049:5f76:8e91:f402%1995066140 - - [2017-08-25 16:18:01] "POST /login HTTP/1.1" 200 320 0.043106
Aug 25 16:18:01 witherspoon phosphor-gevent[1143]: ::8049:5f76:8e91:f402%1995066140 - - [2017-08-25 16:18:01] "GET /xyz/openbmc_project/logging/entry//list HTTP/1.1" 200 214 0.048781
Aug 25 16:18:01 witherspoon phosphor-gevent[1143]: ::8049:5f76:8e91:f402%1995066140 - - [2017-08-25 16:18:01] "POST /login HTTP/1.1" 200 320 0.033510
Aug 25 16:18:01 witherspoon phosphor-gevent[1143]: ::8049:5f76:8e91:f402%1995066140 - - [2017-08-25 16:18:01] "GET /xyz/openbmc_project/logging/entry//list HTTP/1.1" 200 214 0.039708
Aug 25 16:18:01 witherspoon phosphor-gevent[1143]: ::8049:5f76:8e91:f402%1995066140 - - [2017-08-25 16:18:01] "POST /login HTTP/1.1" 200 320 0.044924
Aug 25 16:18:01 witherspoon phosphor-gevent[1143]: ::8049:5f76:8e91:f402%1995066140 - - [2017-08-25 16:18:01] "DELETE /xyz/openbmc_project/logging/entry/1 HTTP/1.1" 200 169 0.095051
Aug 25 16:18:01 witherspoon phosphor-gevent[1143]: ::8049:5f76:8e91:f402%1995066140 - - [2017-08-25 16:18:01] "POST /login HTTP/1.1" 200 320 0.032695
Aug 25 16:18:01 witherspoon phosphor-gevent[1143]: ::8049:5f76:8e91:f402%1995066140 - - [2017-08-25 16:18:01] "GET /xyz/openbmc_project/state/host0//attr/CurrentHostState HTTP/1.1" 200 212 0.102794
Aug 25 16:18:02 witherspoon dropbear[1095]: Exit (root): Exited normally
Aug 25 16:19:12 witherspoon systemd[1]: Started SSH Per-Connection Server (9.41.165.94:59266).
Aug 25 16:19:12 witherspoon dropbear[1252]: Failed loading /etc/dropbear/dropbear_dss_host_key
Aug 25 16:19:12 witherspoon dropbear[1252]: Failed loading /etc/dropbear/dropbear_ecdsa_host_key
Aug 25 16:19:12 witherspoon dropbear[1252]: Child connection from ::ffff:9.41.165.94:59266
Aug 25 16:19:13 witherspoon dropbear[1252]: PAM password auth succeeded for 'root' from ::ffff:9.41.165.94:59266
Aug 25 16:19:13 witherspoon dropbear[1253]: lastlog_perform_login: Couldn't stat /var/log/lastlog: No such file or directory
Aug 25 16:19:13 witherspoon dropbear[1253]: lastlog_openseek: /var/log/lastlog is not a file or directory!
Aug 25 16:19:14 witherspoon systemd[1]: Started SSH Per-Connection Server (9.41.165.94:59268).
Aug 25 16:19:14 witherspoon dropbear[1262]: Failed loading /etc/dropbear/dropbear_dss_host_key
Aug 25 16:19:14 witherspoon dropbear[1262]: Failed loading /etc/dropbear/dropbear_ecdsa_host_key
Aug 25 16:19:14 witherspoon dropbear[1262]: Child connection from ::ffff:9.41.165.94:59268
Aug 25 16:19:15 witherspoon dropbear[1262]: PAM password auth succeeded for 'root' from ::ffff:9.41.165.94:59268
Aug 25 16:19:15 witherspoon dropbear[1263]: lastlog_perform_login: Couldn't stat /var/log/lastlog: No such file or directory
Aug 25 16:19:15 witherspoon dropbear[1263]: lastlog_openseek: /var/log/lastlog is not a file or directory!
Aug 25 16:19:15 witherspoon systemd[1]: Started SSH Per-Connection Server (9.41.165.94:59270).
Aug 25 16:19:15 witherspoon dropbear[1269]: Failed loading /etc/dropbear/dropbear_dss_host_key
Aug 25 16:19:15 witherspoon dropbear[1269]: Failed loading /etc/dropbear/dropbear_ecdsa_host_key
Aug 25 16:19:15 witherspoon dropbear[1269]: Child connection from ::ffff:9.41.165.94:59270
Aug 25 16:19:16 witherspoon dropbear[1269]: PAM password auth succeeded for 'root' from ::ffff:9.41.165.94:59270
Aug 25 16:19:16 witherspoon dropbear[1270]: lastlog_perform_login: Couldn't stat /var/log/lastlog: No such file or directory
Aug 25 16:19:16 witherspoon dropbear[1270]: lastlog_openseek: /var/log/lastlog is not a file or directory!
Aug 25 16:19:17 witherspoon phosphor-gevent[1143]: ::8049:5f76:8e91:f402%1995066140 - - [2017-08-25 16:19:17] "POST /login HTTP/1.1" 200 320 0.035142
Aug 25 16:19:17 witherspoon phosphor-gevent[1143]: ::8049:5f76:8e91:f402%1995066140 - - [2017-08-25 16:19:17] "POST /login HTTP/1.1" 200 320 0.046303
Aug 25 16:19:17 witherspoon phosphor-gevent[1143]: ::8049:5f76:8e91:f402%1995066140 - - [2017-08-25 16:19:17] "GET /xyz/openbmc_project/state/host0//attr/CurrentHostState HTTP/1.1" 200 212 0.103243
Aug 25 16:19:18 witherspoon systemd[1]: Created slice system-obmc\x2dconsole\x2dssh.slice.
Aug 25 16:19:18 witherspoon systemd[1]: Started Phosphor Host Console SSH Per-Connection (9.41.165.94:54554).
Aug 25 16:19:18 witherspoon dropbear[1276]: Failed loading /etc/dropbear/dropbear_dss_host_key
Aug 25 16:19:18 witherspoon dropbear[1276]: Failed loading /etc/dropbear/dropbear_ecdsa_host_key
Aug 25 16:19:18 witherspoon dropbear[1276]: Child connection from ::ffff:9.41.165.94:54554
Aug 25 16:19:18 witherspoon phosphor-gevent[1143]: ::8049:5f76:8e91:f402%1995066140 - - [2017-08-25 16:19:18] "POST /login HTTP/1.1" 200 320 0.032726
Aug 25 16:19:18 witherspoon phosphor-host-state-manager[1232]: Host State transaction request
Aug 25 16:19:19 witherspoon dropbear[1276]: PAM password auth succeeded for 'root' from ::ffff:9.41.165.94:54554
Aug 25 16:19:19 witherspoon dropbear[1277]: lastlog_perform_login: Couldn't stat /var/log/lastlog: No such file or directory
Aug 25 16:19:19 witherspoon dropbear[1277]: lastlog_openseek: /var/log/lastlog is not a file or directory!
Aug 25 16:19:19 witherspoon phosphor-gevent[1143]: ::8049:5f76:8e91:f402%1995066140 - - [2017-08-25 16:19:19] "PUT /xyz/openbmc_project/state/host0//attr/RequestedHostTransition HTTP/1.1" 200 169 0.577817
Aug 25 16:19:19 witherspoon systemd[1]: Stopped target Host0 (Reset Check).
Aug 25 16:19:19 witherspoon systemd[1]: Created slice system-vcs_off_poweroff.slice.
Aug 25 16:19:19 witherspoon systemd[1]: Created slice system-op\x2dwait\x2dpower\x2doff.slice.
Aug 25 16:19:19 witherspoon systemd[1]: Stopped target Host0 running after reset.
Aug 25 16:19:19 witherspoon systemd[1]: Created slice system-obmc\x2dled\x2dgroup\x2dstop.slice.
Aug 25 16:19:19 witherspoon systemd[1]: Reached target Stop Hosti (Pre).
Aug 25 16:19:19 witherspoon systemd[1]: Reached target Hosti (Stopping).
Aug 25 16:19:19 witherspoon systemd[1]: Starting Wait for /org/openbmc/control/chassis0...
Aug 25 16:19:19 witherspoon systemd[1]: Created slice system-op\x2docc\x2ddisable.slice.
Aug 25 16:19:19 witherspoon systemd[1]: Starting OpenPOWER OCC Active Disable...
Aug 25 16:19:19 witherspoon systemd[1]: Starting Wait for /org/openbmc/HostIpmi/1...
Aug 25 16:19:19 witherspoon systemd[1]: Created slice system-op\x2dpower\x2dstop.slice.
Aug 25 16:19:19 witherspoon systemd[1]: Reached target Hosti (Stopped).
Aug 25 16:19:19 witherspoon systemd[1]: Reached target Poweri Off (Pre).
Aug 25 16:19:19 witherspoon systemd[1]: Reached target Poweri Off.
Aug 25 16:19:19 witherspoon systemd[1]: Starting Wait for /xyz/openbmc_project/led/groups/power_on...
Aug 25 16:19:19 witherspoon systemd[1]: Created slice system-ir35221\x2doff\x2dunbind.slice.
Aug 25 16:19:20 witherspoon systemd[1]: Created slice system-ir35221\x2doff\x2dbind.slice.
Aug 25 16:19:20 witherspoon systemd[1]: Started Wait for /org/openbmc/control/chassis0.
Aug 25 16:19:20 witherspoon systemd[1]: Started Wait for /org/openbmc/HostIpmi/1.
Aug 25 16:19:20 witherspoon phosphor-gevent[1143]: ::8049:5f76:8e91:f402%1995066140 - - [2017-08-25 16:19:20] "POST /login HTTP/1.1" 200 320 0.032506
Aug 25 16:19:20 witherspoon systemd[1]: Starting Soft power off of the host...
Aug 25 16:19:20 witherspoon occ-active.sh[1279]: /usr/bin/occ-active.sh: line 16:  1283 Done                    busctl tree org.open_power.OCC.Control --list
Aug 25 16:19:20 witherspoon occ-active.sh[1279]:       1284 Done(1)                 | grep occ
Aug 25 16:19:20 witherspoon occ-active.sh[1279]:       1285 Segmentation fault      | xargs -n1 -I{} busctl set-property org.open_power.OCC.Control {} org.open_power.OCC.Status OccActive b $value
Aug 25 16:19:20 witherspoon systemd[1]: Started OpenPOWER OCC Active Disable.
Aug 25 16:19:20 witherspoon systemd[1]: Reached target Stop Host0 (Pre).
Aug 25 16:19:20 witherspoon systemd[1]: Starting Power off mode unbind ir35221 device driver devs...
Aug 25 16:19:21 witherspoon systemd[1]: Started Power off mode unbind ir35221 device driver devs.
Aug 25 16:19:21 witherspoon systemd[1]: xyz.openbmc_project.Hwmon@ahb-apb-i2c\x401e78a000-i2c\x2dbus\x40140-ir35221\x4071.service: Unit not needed anymore. Stopping.
Aug 25 16:19:21 witherspoon systemd[1]: Stopping Phosphor Hwmon Poller...
Aug 25 16:19:21 witherspoon systemd[1]: Stopped Phosphor Hwmon Poller.
Aug 25 16:19:21 witherspoon systemd[1]: xyz.openbmc_project.Hwmon@ahb-apb-i2c\x401e78a000-i2c\x2dbus\x40180-ir35221\x4071.service: Unit not needed anymore. Stopping.
Aug 25 16:19:21 witherspoon systemd[1]: Stopping Phosphor Hwmon Poller...
Aug 25 16:19:21 witherspoon systemd[1]: Stopped Phosphor Hwmon Poller.
Aug 25 16:19:21 witherspoon systemd[1]: xyz.openbmc_project.Hwmon@ahb-apb-i2c\x401e78a000-i2c\x2dbus\x40180-ir35221\x4070.service: Unit not needed anymore. Stopping.
Aug 25 16:19:21 witherspoon systemd[1]: Stopping Phosphor Hwmon Poller...
Aug 25 16:19:21 witherspoon systemd[1]: xyz.openbmc_project.Hwmon@ahb-apb-i2c\x401e78a000-i2c\x2dbus\x40140-ir35221\x4070.service: Service hold-off time over, scheduling restart.
Aug 25 16:19:21 witherspoon systemd[1]: Stopped Phosphor Hwmon Poller.
Aug 25 16:19:21 witherspoon systemd[1]: Started Phosphor Hwmon Poller.
Aug 25 16:19:21 witherspoon systemd[1]: Started Wait for /xyz/openbmc_project/led/groups/power_on.
Aug 25 16:19:21 witherspoon systemd[1]: Starting Assert power_on LED...
Aug 25 16:19:21 witherspoon systemd[1]: Stopped Phosphor Hwmon Poller.
Aug 25 16:19:21 witherspoon systemd[1]: xyz.openbmc_project.Hwmon@ahb-apb-i2c\x401e78a000-i2c\x2dbus\x40140-ir35221\x4070.service: Unit not needed anymore. Stopping.
Aug 25 16:19:21 witherspoon systemd[1]: Stopping Phosphor Hwmon Poller...
Aug 25 16:19:21 witherspoon systemd[1]: Stopped Phosphor Hwmon Poller.
Aug 25 16:19:21 witherspoon phosphor-gevent[1143]: ::8049:5f76:8e91:f402%1995066140 - - [2017-08-25 16:19:21] "GET /xyz/openbmc_project/state/chassis0//attr/CurrentPowerState HTTP/1.1" 200 216 1.419386
Aug 25 16:19:21 witherspoon ipmid[1204]: Pushing cmd on to queue
Aug 25 16:19:21 witherspoon ipmid[1204]: Pushing cmd on to queue
Aug 25 16:19:21 witherspoon ipmid[1204]: Asserting SMS Attention
Aug 25 16:19:22 witherspoon phosphor-gevent[1143]: ::8049:5f76:8e91:f402%1995066140 - - [2017-08-25 16:19:22] "POST /login HTTP/1.1" 200 320 0.197819
Aug 25 16:19:25 witherspoon ipmid[1204]: SMS Attention asserted
Aug 25 16:19:25 witherspoon phosphor-gevent[1143]: ::8049:5f76:8e91:f402%1995066140 - - [2017-08-25 16:19:25] "GET /xyz/openbmc_project/state/host0//attr/CurrentHostState HTTP/1.1" 200 212 3.433183
Aug 25 16:19:26 witherspoon systemd[1]: Started Assert power_on LED.
Aug 25 16:19:26 witherspoon phosphor-gevent[1143]: ::8049:5f76:8e91:f402%1995066140 - - [2017-08-25 16:19:26] "POST /login HTTP/1.1" 200 320 0.032911
Aug 25 16:19:26 witherspoon phosphor-host-state-manager[1232]: Host State transaction request
Aug 25 16:19:26 witherspoon phosphor-gevent[1143]: ::8049:5f76:8e91:f402%1995066140 - - [2017-08-25 16:19:26] "PUT /xyz/openbmc_project/state/host0//attr/RequestedHostTransition HTTP/1.1" 200 169 0.418415
Aug 25 16:19:27 witherspoon phosphor-gevent[1143]: ::8049:5f76:8e91:f402%1995066140 - - [2017-08-25 16:19:27] "POST /login HTTP/1.1" 200 320 0.033286
Aug 25 16:19:27 witherspoon phosphor-gevent[1143]: ::8049:5f76:8e91:f402%1995066140 - - [2017-08-25 16:19:27] "GET /xyz/openbmc_project/state/chassis0//attr/CurrentPowerState HTTP/1.1" 200 216 0.049089
Aug 25 16:19:29 witherspoon ipmid[1204]: Host control timeout hit!
Aug 25 16:19:29 witherspoon ipmid[1204]: Timer expired
Aug 25 16:19:29 witherspoon phosphor-softpoweroff[1287]: Host control signal values
Aug 25 16:19:29 witherspoon phosphor-softpoweroff[1287]: Timeout on host attention, continue with power down
Aug 25 16:19:29 witherspoon systemd[1]: Started Soft power off of the host.
Aug 25 16:19:29 witherspoon systemd[1]: Reached target Host0 (Stopping).
Aug 25 16:19:29 witherspoon systemd[1]: Reached target Host0 (Stopped).
Aug 25 16:19:29 witherspoon systemd[1]: Reached target Power0 Off (Pre).
Aug 25 16:19:29 witherspoon systemd[1]: Starting Wait for Power0 to turn off...
Aug 25 16:19:29 witherspoon systemd[1]: Started Stop Power0.
Aug 25 16:19:30 witherspoon power_control.exe[1192]: Power already at requested state: 0
Aug 25 16:19:30 witherspoon systemd[1]: Started Wait for Power0 to turn off.
Aug 25 16:19:30 witherspoon systemd[1]: Starting Disable VCS on a power off...
Aug 25 16:19:30 witherspoon systemd[1]: Reached target Power0 Off.
Aug 25 16:19:31 witherspoon systemd[1]: Started Disable VCS on a power off.
Aug 25 16:19:31 witherspoon systemd[1]: Starting Power off mode bind ir35221 device driver devs...
Aug 25 16:19:31 witherspoon systemd[1]: Started Phosphor Hwmon Poller.
Aug 25 16:19:31 witherspoon systemd[1]: Started Phosphor Hwmon Poller.
Aug 25 16:19:31 witherspoon systemd[1]: Started Phosphor Hwmon Poller.
Aug 25 16:19:31 witherspoon systemd[1]: Started Power off mode bind ir35221 device driver devs.
Aug 25 16:19:31 witherspoon systemd[1]: Reached target Chassis0 (Power Off).
Aug 25 16:19:31 witherspoon systemd[1]: Reached target Stop Host0.
Aug 25 16:19:31 witherspoon systemd[1]: Reached target Power0 Host Off.
Aug 25 16:19:32 witherspoon phosphor-chassis-state-manager[1195]: Received signal that power OFF is complete
Aug 25 16:19:32 witherspoon phosphor-chassis-state-manager[1195]: Change to Chassis Power State
Aug 25 16:19:32 witherspoon phosphor-host-state-manager[1232]: Received signal that host is off
Aug 25 16:19:32 witherspoon phosphor-host-state-manager[1232]: Change to Host State
Aug 25 16:19:32 witherspoon systemd[1]: Started Phosphor Hwmon Poller.
Aug 25 16:19:37 witherspoon phosphor-gevent[1143]: ::8049:5f76:8e91:f402%1995066140 - - [2017-08-25 16:19:37] "POST /login HTTP/1.1" 200 320 0.042029
Aug 25 16:19:37 witherspoon phosphor-gevent[1143]: ::8049:5f76:8e91:f402%1995066140 - - [2017-08-25 16:19:37] "GET /xyz/openbmc_project/state/chassis0//attr/CurrentPowerState HTTP/1.1" 200 216 0.061231
Aug 25 16:19:47 witherspoon phosphor-gevent[1143]: ::8049:5f76:8e91:f402%1995066140 - - [2017-08-25 16:19:47] "POST /login HTTP/1.1" 200 320 0.033170
Aug 25 16:19:47 witherspoon phosphor-gevent[1143]: ::8049:5f76:8e91:f402%1995066140 - - [2017-08-25 16:19:47] "GET /xyz/openbmc_project/state/chassis0//attr/CurrentPowerState HTTP/1.1" 200 216 0.060772
Aug 25 16:19:58 witherspoon phosphor-gevent[1143]: ::8049:5f76:8e91:f402%1995066140 - - [2017-08-25 16:19:58] "POST /login HTTP/1.1" 200 320 0.044926
Aug 25 16:19:58 witherspoon phosphor-gevent[1143]: ::8049:5f76:8e91:f402%1995066140 - - [2017-08-25 16:19:58] "GET /xyz/openbmc_project/state/chassis0//attr/CurrentPowerState HTTP/1.1" 200 216 0.049630
Aug 25 16:20:08 witherspoon phosphor-gevent[1143]: ::8049:5f76:8e91:f402%1995066140 - - [2017-08-25 16:20:08] "POST /login HTTP/1.1" 200 320 0.033987
Aug 25 16:20:08 witherspoon phosphor-gevent[1143]: ::8049:5f76:8e91:f402%1995066140 - - [2017-08-25 16:20:08] "GET /xyz/openbmc_project/state/chassis0//attr/CurrentPowerState HTTP/1.1" 200 216 0.061436
Aug 25 16:20:18 witherspoon phosphor-gevent[1143]: ::8049:5f76:8e91:f402%1995066140 - - [2017-08-25 16:20:18] "POST /login HTTP/1.1" 200 320 0.044702
Aug 25 16:20:18 witherspoon phosphor-gevent[1143]: ::8049:5f76:8e91:f402%1995066140 - - [2017-08-25 16:20:18] "GET /xyz/openbmc_project/state/chassis0//attr/CurrentPowerState HTTP/1.1" 200 216 0.068966
Aug 25 16:20:28 witherspoon phosphor-gevent[1143]: ::8049:5f76:8e91:f402%1995066140 - - [2017-08-25 16:20:28] "POST /login HTTP/1.1" 200 320 0.034007
Aug 25 16:20:28 witherspoon phosphor-gevent[1143]: ::8049:5f76:8e91:f402%1995066140 - - [2017-08-25 16:20:28] "GET /xyz/openbmc_project/state/chassis0//attr/CurrentPowerState HTTP/1.1" 200 216 0.067002
Aug 25 16:20:39 witherspoon phosphor-gevent[1143]: ::8049:5f76:8e91:f402%1995066140 - - [2017-08-25 16:20:39] "POST /login HTTP/1.1" 200 320 0.033173
Aug 25 16:20:39 witherspoon phosphor-gevent[1143]: ::8049:5f76:8e91:f402%1995066140 - - [2017-08-25 16:20:39] "GET /xyz/openbmc_project/state/chassis0//attr/CurrentPowerState HTTP/1.1" 200 216 0.054823
Aug 25 16:20:49 witherspoon phosphor-gevent[1143]: ::8049:5f76:8e91:f402%1995066140 - - [2017-08-25 16:20:49] "POST /login HTTP/1.1" 200 320 0.054493
Aug 25 16:20:49 witherspoon phosphor-gevent[1143]: ::8049:5f76:8e91:f402%1995066140 - - [2017-08-25 16:20:49] "GET /xyz/openbmc_project/state/chassis0//attr/CurrentPowerState HTTP/1.1" 200 216 0.062389
Aug 25 16:20:59 witherspoon phosphor-gevent[1143]: ::8049:5f76:8e91:f402%1995066140 - - [2017-08-25 16:20:59] "POST /login HTTP/1.1" 200 320 0.053236
Aug 25 16:20:59 witherspoon phosphor-gevent[1143]: ::8049:5f76:8e91:f402%1995066140 - - [2017-08-25 16:20:59] "GET /xyz/openbmc_project/state/chassis0//attr/CurrentPowerState HTTP/1.1" 200 216 0.049816
Aug 25 16:21:10 witherspoon phosphor-gevent[1143]: ::8049:5f76:8e91:f402%1995066140 - - [2017-08-25 16:21:10] "POST /login HTTP/1.1" 200 320 0.033158
Aug 25 16:21:10 witherspoon phosphor-gevent[1143]: ::8049:5f76:8e91:f402%1995066140 - - [2017-08-25 16:21:10] "GET /xyz/openbmc_project/state/chassis0//attr/CurrentPowerState HTTP/1.1" 200 216 0.051891
