[    0.300000] 1e787000.vuart: ttyS5 at MMIO 0x1e787000 (irq = 22, base_baud = 1500000) is a 16550A
[    0.300000] 1e783000.serial: ttyS0 at MMIO 0x1e783000 (irq = 23, base_baud = 1500000) is a 16550A
[    0.300000] 1e78d000.serial: ttyS1 at MMIO 0x1e78d000 (irq = 24, base_baud = 1500000) is a 16550A
[    0.300000] 1e784000.serial: ttyS4 at MMIO 0x1e784000 (irq = 25, base_baud = 1500000) is a 16550A
[    0.650000] console [ttyS4] enabled
[    0.790000] timeriomem_rng 1e6e2078.hwrng: 32bits from 0xf00e2078 @ 1us
[    0.810000] random: fast init done
[    0.850000] brd: module loaded
[    0.870000] random: crng init done
[    0.880000] loop: module loaded
[    0.880000] aspeed-lpc-ctrl 1e789080.lpc-ctrl: Loaded at 0x98000000 (0x04000000)
[    0.890000] aspeed-smc 1e620000.flash-controller: Using IRQ 18
[    0.890000] aspeed-smc 1e620000.flash-controller: DMA support disabled.
[    0.900000] aspeed-smc 1e620000.flash-controller: mx25l25635e (32768 Kbytes)
[    0.900000] aspeed-smc 1e620000.flash-controller: CE0 window [ 0x20000000 - 0x22000000 ] 32MB
[    0.900000] aspeed-smc 1e620000.flash-controller: CE1 window [ 0x22000000 - 0x2a000000 ] 128MB
[    0.930000] 3 ofpart partitions found on MTD device bmc
[    0.930000] Creating 3 MTD partitions on "bmc":
[    0.940000] 0x000000000000-0x000000060000 : "u-boot"
[    0.940000] 0x000000060000-0x000000080000 : "u-boot-env"
[    0.960000] 0x000000080000-0x000002000000 : "obmc-ubi"
[    0.970000] aspeed-smc 1e620000.flash-controller: mx25l25635e (32768 Kbytes)
[    0.980000] aspeed-smc 1e620000.flash-controller: CE1 window [ 0x22000000 - 0x24000000 ] 32MB
[    0.980000] aspeed-smc 1e620000.flash-controller: CE2 window [ 0x24000000 - 0x2c000000 ] 128MB
[    1.000000] 3 ofpart partitions found on MTD device alt-bmc
[    1.000000] Creating 3 MTD partitions on "alt-bmc":
[    1.000000] 0x000000000000-0x000000060000 : "alt-u-boot"
[    1.020000] 0x000000060000-0x000000080000 : "alt-u-boot-env"
[    1.030000] 0x000000080000-0x000002000000 : "alt-obmc-ubi"
[    1.050000] aspeed-smc 1e630000.flash-controller: mx66l1g45g (131072 Kbytes)
[    1.050000] aspeed-smc 1e630000.flash-controller: CE0 window resized to 120MB (AST2500 HW quirk)
[    1.060000] aspeed-smc 1e630000.flash-controller: CE0 window [ 0x30000000 - 0x37800000 ] 120MB
[    1.060000] aspeed-smc 1e630000.flash-controller: CE0 window too small for chip 128MB
[    1.060000] aspeed-smc 1e630000.flash-controller: CE1 window [ 0x37800000 - 0x38000000 ] 8MB
[    1.810000] libphy: Fixed MDIO Bus: probed
[    1.810000] ftgmac100 1e660000.ethernet: Read MAC address 70:e2:84:14:2a:08 from chip
[    1.810000] ftgmac100 1e660000.ethernet: Using NCSI interface
[    1.810000] ftgmac100 1e660000.ethernet eth0: irq 20, mapped at f0060000
[    1.810000] ehci_hcd: USB 2.0 'Enhanced' Host Controller (EHCI) Driver
[    1.810000] ehci-platform: EHCI generic platform driver
[    2.050000] i2c /dev entries driver
[    2.050000] aspeed-i2c-bus 1e78a0c0.i2c-bus: i2c bus 2 registered, irq 26
[    2.050000] aspeed-i2c-bus 1e78a100.i2c-bus: i2c bus 3 registered, irq 27
[    2.050000] aspeed-i2c-bus 1e78a140.i2c-bus: i2c bus 4 registered, irq 28
[    2.050000] aspeed-i2c-bus 1e78a180.i2c-bus: i2c bus 5 registered, irq 29
[    2.050000] aspeed-i2c-bus 1e78a380.i2c-bus: i2c bus 9 registered, irq 30
[    2.050000] aspeed-i2c-bus 1e78a3c0.i2c-bus: i2c bus 10 registered, irq 31
[    2.050000] rtc-rv8803 11-0032: Voltage low, temperature compensation stopped.
[    2.050000] rtc-rv8803 11-0032: An alarm maybe have been missed.
[    2.160000] rtc-rv8803 11-0032: rtc core: registered rx8900 as rtc0
[    2.170000] at24 11-0051: 8192 byte 24c64 EEPROM, writable, 1 bytes/write
[    2.170000] aspeed-i2c-bus 1e78a400.i2c-bus: i2c bus 11 registered, irq 32
[    2.170000] aspeed-i2c-bus 1e78a440.i2c-bus: i2c bus 12 registered, irq 33
[    2.170000] aspeed-i2c-bus 1e78a480.i2c-bus: i2c bus 13 registered, irq 34
[    2.170000] Driver for 1-wire Dallas network protocol.
[    2.170000] lm75 9-004a: hwmon0: sensor 'tmp275'
[    3.990000] ucd9000 11-0064: Device ID UCD90160|2.3.4.0000|110603
[    4.690000] leds-pca955x 3-0060: leds-pca955x: Using pca9552 16-bit LED driver at slave address 0x60
[    4.700000] leds-pca955x 3-0060: gpios 238...253
[    4.700000] leds-pca955x 11-0060: leds-pca955x: Using pca9552 16-bit LED driver at slave address 0x60
[    4.720000] leds-pca955x 11-0060: gpios 222...237
[    4.720000] usbcore: registered new interface driver usbhid
[    4.730000] usbhid: USB HID core driver
[    4.760000] dps310 3-0076: iio:device1: sensor 'dps310'
[    4.760000] NET: Registered protocol family 10
[    4.770000] Segment Routing with IPv6
[    4.770000] NET: Registered protocol family 17
[    4.770000] 8021q: 802.1Q VLAN Support v1.8
[    4.790000] input: gpio-keys-polled as /devices/platform/gpio-keys-polled/input/input1
[    4.820000] ubi0: default fastmap pool size: 25
[    4.820000] ubi0: default fastmap WL pool size: 12
[    4.830000] ubi0: attaching mtd3
[    4.850000] ubi0: scanning is finished
[    4.850000] ubi0: attached mtd3 (name "obmc-ubi", size 31 MiB)
[    4.870000] ubi0: PEB size: 65536 bytes (64 KiB), LEB size: 65408 bytes
[    4.870000] ubi0: min./max. I/O unit sizes: 1/256, sub-page size 1
[    4.870000] ubi0: VID header offset: 64 (aligned 64), data offset: 128
[    4.870000] ubi0: good PEBs: 504, bad PEBs: 0, corrupted PEBs: 0
[    4.870000] ubi0: user volume: 4, internal volumes: 1, max. volumes count: 128
[    4.910000] ubi0: max/mean erase counter: 61/40, WL threshold: 4096, image sequence number: 1358235831
[    4.910000] ubi0: available PEBs: 46, total reserved PEBs: 458, PEBs reserved for bad PEB handling: 0
[    4.910000] ubi0: background thread "ubi_bgt0d" started, PID 507
[    4.910000] ubi4: default fastmap pool size: 25
[    4.910000] ubi4: default fastmap WL pool size: 12
[    4.910000] ubi4: attaching mtd7
[    4.950000] ubi4: scanning is finished
[    5.000000] ubi4: attached mtd7 (name "alt-obmc-ubi", size 31 MiB)
[    5.000000] ubi4: PEB size: 65536 bytes (64 KiB), LEB size: 65408 bytes
[    5.000000] ubi4: min./max. I/O unit sizes: 1/256, sub-page size 1
[    5.000000] ubi4: VID header offset: 64 (aligned 64), data offset: 128
[    5.060000] ubi4: good PEBs: 504, bad PEBs: 0, corrupted PEBs: 0
[    5.060000] ubi4: user volume: 4, internal volumes: 1, max. volumes count: 128
[    5.060000] ubi4: max/mean erase counter: 27/21, WL threshold: 4096, image sequence number: 1358235831
[    5.060000] ubi4: available PEBs: 46, total reserved PEBs: 458, PEBs reserved for bad PEB handling: 0
[    5.060000] ubi4: background thread "ubi_bgt4d" started, PID 513
[   15.200000] block ubiblock4_0: created from ubi4:0(rofs-aca07270)
[   15.200000] console [netcon0] enabled
[   15.200000] netconsole: network logging started
[   15.200000] input: gpio-keys as /devices/platform/gpio-keys/input/input2
[   15.200000] rtc-rv8803 11-0032: setting system clock to 2017-10-26 13:32:41 UTC (1509024761)
[   15.200000] VFS: Mounted root (squashfs filesystem) readonly on device 254:0.
[   15.200000] devtmpfs: mounted
[   15.200000] Freeing unused kernel memory: 284K
[   15.200000] This architecture does not have kernel memory protection.
[   17.920000] systemd[1]: Failed to insert module 'autofs4': No such file or directory
[   18.110000] systemd[1]: systemd 232 running in system mode. (+PAM -AUDIT -SELINUX -IMA -APPARMOR -SMACK +SYSVINIT -UTMP -LIBCRYPTSETUP -GCRYPT -GNUTLS +ACL +XZ -LZ4 -SECCOMP +BLKID -ELFUTILS +KMOD -IDN)
[   18.110000] systemd[1]: Detected architecture arm.
[   18.270000] systemd[1]: Set hostname to <witherspoon>.
[   18.330000] systemd[1]: Initializing machine ID from random generator.
[   18.330000] systemd[1]: Installed transient /etc/machine-id file.
[   20.170000] systemd[1]: Created slice System Slice.
[   20.240000] systemd[1]: Created slice system-phosphor\x2dreset\x2dhost\x2drunning.slice.
[   20.280000] systemd[1]: Created slice system-serial\x2dgetty.slice.
[   20.320000] systemd[1]: Created slice system-org.openbmc.control.Power.slice.
[   20.360000] systemd[1]: Created slice system-obmc\x2dconsole.slice.
[   23.250000] systemd[1]: Reached target Local File Systems (Pre).
[   23.470000] systemd[1]: Mounting /usr/local...
[   23.700000] systemd[1]: Mounting /media...
[   23.940000] systemd[1]: Starting udev Kernel Device Manager...
[   23.970000] systemd[1]: Mounted /usr/local.
[   24.080000] systemd[1]: Mounted /media.
[   24.120000] systemd[1]: Started Journal Service.
[   29.940000] UBIFS (ubi0:2): background thread "ubifs_bgt0_2" started, PID 941
[   29.940000] UBIFS (ubi0:2): UBIFS: mounted UBI device 0, volume 2, name "rwfs"
[   29.940000] UBIFS (ubi0:2): LEB size: 65408 bytes (63 KiB), min./max. I/O unit sizes: 8 bytes/256 bytes
[   29.940000] UBIFS (ubi0:2): FS size: 3597440 bytes (3 MiB, 55 LEBs), journal size 719488 bytes (0 MiB, 11 LEBs)
[   29.990000] UBIFS (ubi0:2): reserved for root: 0 bytes (0 KiB)
[   29.990000] UBIFS (ubi0:2): media format: w4/r0 (latest is w5/r0), UUID F6AF7850-1C6E-4E2A-94BB-A56899CAF080, small LPT model
[   30.440000] systemd-journald[542]: Received request to flush runtime journal from PID 1
[   33.390000] ubi8: default fastmap pool size: 100
[   33.390000] ubi8: default fastmap WL pool size: 50
[   33.390000] ubi8: attaching mtd8
[   33.670000] ubi8: scanning is finished
[   33.670000] ubi8: attached mtd8 (name "pnor", size 128 MiB)
[   33.670000] ubi8: PEB size: 65536 bytes (64 KiB), LEB size: 65408 bytes
[   33.670000] ubi8: min./max. I/O unit sizes: 1/256, sub-page size 1
[   33.670000] ubi8: VID header offset: 64 (aligned 64), data offset: 128
[   33.670000] ubi8: good PEBs: 2048, bad PEBs: 0, corrupted PEBs: 0
[   33.670000] ubi8: user volume: 4, internal volumes: 1, max. volumes count: 128
[   33.670000] ubi8: max/mean erase counter: 1/0, WL threshold: 4096, image sequence number: 567203918
[   33.760000] ubi8: available PEBs: 1110, total reserved PEBs: 938, PEBs reserved for bad PEB handling: 0
[   33.760000] ubi8: background thread "ubi_bgt8d" started, PID 1000
[   43.840000] ubi: ubi0 already exists
[   47.440000] block ubiblock8_0: created from ubi8:0(pnor-ro-390e9d0f)
[   49.550000] 8021q: adding VLAN 0 to HW filter on device eth0
[   49.840000] UBIFS (ubi8:1): UBIFS: mounted UBI device 8, volume 1, name "pnor-rw-390e9d0f"
[   49.840000] UBIFS (ubi8:1): LEB size: 65408 bytes (63 KiB), min./max. I/O unit sizes: 8 bytes/256 bytes
[   49.900000] UBIFS (ubi8:1): FS size: 16155776 bytes (15 MiB, 247 LEBs), journal size 784896 bytes (0 MiB, 12 LEBs)
[   49.900000] UBIFS (ubi8:1): reserved for root: 763076 bytes (745 KiB)
[   49.900000] UBIFS (ubi8:1): media format: w5/r0 (latest is w5/r0), UUID 4D29FA48-B6BF-4AE4-94BE-058B8001E16F, small LPT model
[   49.960000] UBIFS (ubi8:1): background thread "ubifs_bgt8_1" started, PID 1079
[   50.260000] UBIFS (ubi8:2): UBIFS: mounted UBI device 8, volume 2, name "pnor-prsv"
[   50.350000] UBIFS (ubi8:2): LEB size: 65408 bytes (63 KiB), min./max. I/O unit sizes: 8 bytes/256 bytes
[   50.350000] UBIFS (ubi8:2): FS size: 1504384 bytes (1 MiB, 23 LEBs), journal size 523265 bytes (0 MiB, 6 LEBs)
[   50.350000] UBIFS (ubi8:2): reserved for root: 71055 bytes (69 KiB)
[   50.350000] UBIFS (ubi8:2): media format: w5/r0 (latest is w5/r0), UUID 65D2C8B2-CAAA-4F86-8671-DC0B711C9917, small LPT model
[   50.350000] UBIFS (ubi8:2): background thread "ubifs_bgt8_2" started, PID 1088
[   55.320000] ftgmac100 1e660000.ethernet eth0: ncsi: removed vlan tag 0 at index 1
[   55.320000] ftgmac100 1e660000.ethernet eth0: ncsi: removed vlan tag 0 at index 2
[   55.320000] ftgmac100 1e660000.ethernet eth0: no vlan ids left to set
[   55.320000] ftgmac100 1e660000.ethernet eth0: NCSI interface up
[   57.500000] block ubiblock0_0: created from ubi0:0(rofs-7413b9c5)
[   60.790000] ubi: ubi4 already exists
[   88.620000] UBIFS (ubi8:3): background thread "ubifs_bgt8_3" started, PID 1203
[   89.100000] UBIFS (ubi8:3): UBIFS: mounted UBI device 8, volume 3, name "pnor-patch"
[   89.100000] UBIFS (ubi8:3): LEB size: 65408 bytes (63 KiB), min./max. I/O unit sizes: 8 bytes/256 bytes
[   89.130000] UBIFS (ubi8:3): FS size: 16155776 bytes (15 MiB, 247 LEBs), journal size 784896 bytes (0 MiB, 12 LEBs)
[   89.130000] UBIFS (ubi8:3): reserved for root: 763076 bytes (745 KiB)
[   89.130000] UBIFS (ubi8:3): media format: w5/r0 (latest is w5/r0), UUID 48C40BD7-B197-4A44-BC5D-4232452EB5F6, small LPT model
[  135.030000] ftgmac100 1e660000.ethernet eth0: NCSI interface down
[  135.280000] 8021q: adding VLAN 0 to HW filter on device eth0
[  136.340000] ftgmac100 1e660000.ethernet eth0: no vlan ids left to set
[  136.340000] ftgmac100 1e660000.ethernet eth0: NCSI interface up
[  159.720000] ftgmac100 1e660000.ethernet eth0: NCSI interface down
[  159.850000] 8021q: adding VLAN 0 to HW filter on device eth0
[  160.960000] ftgmac100 1e660000.ethernet eth0: no vlan ids left to set
[  160.960000] ftgmac100 1e660000.ethernet eth0: NCSI interface up
[  208.440000] ucd9000 11-0064: Device ID UCD90160|2.3.4.0000|110603
[  210.730000] ucd9000 11-0064: Device ID UCD90160|2.3.4.0000|110603
[  223.840000] occ-hwmon occ1-dev0: failed to get OCC poll response: -19
[  223.840000] occ-hwmon occ2-dev0: failed to get OCC poll response: -19
