-- Logs begin at Wed 2017-10-25 20:29:55 UTC, end at Wed 2017-10-25 20:32:39 UTC. --
Oct 25 20:29:55 witherspoon kernel: Booting Linux on physical CPU 0x0
Oct 25 20:29:55 witherspoon kernel: Linux version 4.10.17-da78428ac543d6d9ac2493dfa77364eb300a47cb (jenkins@openbmc-builder1) (gcc version 6.2.0 (GCC) ) #1 Fri Oct 20 20:00:41 UTC 2017
Oct 25 20:29:55 witherspoon kernel: CPU: ARMv6-compatible processor [410fb767] revision 7 (ARMv7), cr=00c5387d
Oct 25 20:29:55 witherspoon kernel: CPU: PIPT / VIPT nonaliasing data cache, VIPT nonaliasing instruction cache
Oct 25 20:29:55 witherspoon kernel: OF: fdt:Machine model: Witherspoon BMC
Oct 25 20:29:55 witherspoon kernel: Memory policy: Data cache writeback
Oct 25 20:29:55 witherspoon kernel: SOC Rev: 04030303
Oct 25 20:29:55 witherspoon kernel: On node 0 totalpages: 110592
Oct 25 20:29:55 witherspoon kernel: free_area_init_node: node 0, pgdat 806018a4, node_mem_map 9ec1a000
Oct 25 20:29:55 witherspoon kernel:   Normal zone: 992 pages used for memmap
Oct 25 20:29:55 witherspoon kernel:   Normal zone: 0 pages reserved
Oct 25 20:29:55 witherspoon kernel:   Normal zone: 110592 pages, LIFO batch:31
Oct 25 20:29:55 witherspoon kernel: pcpu-alloc: s0 r0 d32768 u32768 alloc=1*32768
Oct 25 20:29:55 witherspoon kernel: pcpu-alloc: [0] 0 
Oct 25 20:29:55 witherspoon kernel: Built 1 zonelists in Zone order, mobility grouping on.  Total pages: 109600
Oct 25 20:29:55 witherspoon kernel: Kernel command line: console=ttyS4,115200n8 ubi.mtd=obmc-ubi,0,0,0 ubi.mtd=alt-obmc-ubi,0,0,4 ro rootfstype=squashfs ubi.block=4,0 root=/dev/ubiblock4_0
Oct 25 20:29:55 witherspoon kernel: PID hash table entries: 2048 (order: 1, 8192 bytes)
Oct 25 20:29:55 witherspoon kernel: Dentry cache hash table entries: 65536 (order: 6, 262144 bytes)
Oct 25 20:29:55 witherspoon kernel: Inode-cache hash table entries: 32768 (order: 5, 131072 bytes)
Oct 25 20:29:55 witherspoon kernel: Memory: 431968K/442368K available (4077K kernel code, 281K rwdata, 1188K rodata, 284K init, 111K bss, 10400K reserved, 0K cma-reserved)
Oct 25 20:29:55 witherspoon kernel: Virtual kernel memory layout:
                                        vector  : 0xffff0000 - 0xffff1000   (   4 kB)
                                        fixmap  : 0xffc00000 - 0xfff00000   (3072 kB)
                                        vmalloc : 0x9f800000 - 0xff800000   (1536 MB)
                                        lowmem  : 0x80000000 - 0x9f000000   ( 496 MB)
                                          .text : 0x80008000 - 0x804037e0   (4078 kB)
                                          .init : 0x80587000 - 0x805ce000   ( 284 kB)
                                          .data : 0x805ce000 - 0x806147a8   ( 282 kB)
                                           .bss : 0x806147a8 - 0x80630658   ( 112 kB)
Oct 25 20:29:55 witherspoon kernel: NR_IRQS:16 nr_irqs:16 16
Oct 25 20:29:55 witherspoon kernel: i2c controller registered, irq 16
Oct 25 20:29:55 witherspoon kernel: clocksource: moxart_timer: mask: 0xffffffff max_cycles: 0xffffffff, max_idle_ns: 77222644334 ns
Oct 25 20:29:55 witherspoon kernel: sched_clock: 32 bits at 100 Hz, resolution 10000000ns, wraps every 21474836475000000ns
Oct 25 20:29:55 witherspoon kernel: Calibrating delay loop... 789.70 BogoMIPS (lpj=3948544)
Oct 25 20:29:55 witherspoon kernel: pid_max: default: 32768 minimum: 301
Oct 25 20:29:55 witherspoon kernel: Mount-cache hash table entries: 1024 (order: 0, 4096 bytes)
Oct 25 20:29:55 witherspoon kernel: Mountpoint-cache hash table entries: 1024 (order: 0, 4096 bytes)
Oct 25 20:29:55 witherspoon kernel: CPU: Testing write buffer coherency: ok
Oct 25 20:29:55 witherspoon kernel: ftrace: allocating 14995 entries in 44 pages
Oct 25 20:29:55 witherspoon kernel: Setting up static identity map for 0x80008200 - 0x8000825c
Oct 25 20:29:55 witherspoon kernel: devtmpfs: initialized
Oct 25 20:29:55 witherspoon kernel: clocksource: jiffies: mask: 0xffffffff max_cycles: 0xffffffff, max_idle_ns: 19112604462750000 ns
Oct 25 20:29:55 witherspoon kernel: futex hash table entries: 256 (order: -1, 3072 bytes)
Oct 25 20:29:55 witherspoon kernel: pinctrl core: initialized pinctrl subsystem
Oct 25 20:29:55 witherspoon kernel: NET: Registered protocol family 16
Oct 25 20:29:55 witherspoon kernel: DMA: preallocated 256 KiB pool for atomic coherent allocations
Oct 25 20:29:55 witherspoon kernel: usbcore: registered new interface driver usbfs
Oct 25 20:29:55 witherspoon kernel: usbcore: registered new interface driver hub
Oct 25 20:29:55 witherspoon kernel: usbcore: registered new device driver usb
Oct 25 20:29:55 witherspoon kernel: clocksource: Switched to clocksource moxart_timer
Oct 25 20:29:55 witherspoon kernel: NET: Registered protocol family 2
Oct 25 20:29:55 witherspoon kernel: TCP established hash table entries: 4096 (order: 2, 16384 bytes)
Oct 25 20:29:55 witherspoon kernel: TCP bind hash table entries: 4096 (order: 2, 16384 bytes)
Oct 25 20:29:55 witherspoon kernel: TCP: Hash tables configured (established 4096 bind 4096)
Oct 25 20:29:55 witherspoon kernel: UDP hash table entries: 256 (order: 0, 4096 bytes)
Oct 25 20:29:55 witherspoon kernel: UDP-Lite hash table entries: 256 (order: 0, 4096 bytes)
Oct 25 20:29:55 witherspoon kernel: NET: Registered protocol family 1
Oct 25 20:29:55 witherspoon kernel: workingset: timestamp_bits=30 max_order=17 bucket_order=0
Oct 25 20:29:55 witherspoon kernel: squashfs: version 4.0 (2009/01/31) Phillip Lougher
Oct 25 20:29:55 witherspoon kernel: jffs2: version 2.2. (SUMMARY)  © 2001-2006 Red Hat, Inc.
Oct 25 20:29:55 witherspoon kernel: Block layer SCSI generic (bsg) driver version 0.4 loaded (major 250)
Oct 25 20:29:55 witherspoon kernel: io scheduler noop registered
Oct 25 20:29:55 witherspoon kernel: io scheduler deadline registered
Oct 25 20:29:55 witherspoon kernel: io scheduler cfq registered (default)
Oct 25 20:29:55 witherspoon kernel: ipmi-bt-host 1e789140.ibt: Found bt bmc device
Oct 25 20:29:55 witherspoon kernel: ipmi-bt-host 1e789140.ibt: Using IRQ 22
Oct 25 20:29:55 witherspoon kernel: Serial: 8250/16550 driver, 6 ports, IRQ sharing enabled
Oct 25 20:29:55 witherspoon kernel: 1e787000.vuart: ttyS5 at MMIO 0x1e787000 (irq = 22, base_baud = 1500000) is a 16550A
Oct 25 20:29:55 witherspoon kernel: 1e783000.serial: ttyS0 at MMIO 0x1e783000 (irq = 23, base_baud = 1500000) is a 16550A
Oct 25 20:29:55 witherspoon kernel: 1e78d000.serial: ttyS1 at MMIO 0x1e78d000 (irq = 24, base_baud = 1500000) is a 16550A
Oct 25 20:29:55 witherspoon kernel: 1e784000.serial: ttyS4 at MMIO 0x1e784000 (irq = 25, base_baud = 1500000) is a 16550A
Oct 25 20:29:55 witherspoon kernel: console [ttyS4] enabled
Oct 25 20:29:55 witherspoon kernel: timeriomem_rng 1e6e2078.hwrng: 32bits from 0xf00e2078 @ 1us
Oct 25 20:29:55 witherspoon kernel: random: fast init done
Oct 25 20:29:55 witherspoon kernel: brd: module loaded
Oct 25 20:29:55 witherspoon kernel: loop: module loaded
Oct 25 20:29:55 witherspoon kernel: aspeed-lpc-ctrl 1e789080.lpc-ctrl: Loaded at 0x98000000 (0x04000000)
Oct 25 20:29:55 witherspoon kernel: aspeed-smc 1e620000.flash-controller: Using IRQ 18
Oct 25 20:29:55 witherspoon kernel: aspeed-smc 1e620000.flash-controller: DMA support disabled.
Oct 25 20:29:55 witherspoon kernel: aspeed-smc 1e620000.flash-controller: mx25l25635e (32768 Kbytes)
Oct 25 20:29:55 witherspoon kernel: aspeed-smc 1e620000.flash-controller: CE0 window [ 0x20000000 - 0x22000000 ] 32MB
Oct 25 20:29:55 witherspoon kernel: aspeed-smc 1e620000.flash-controller: CE1 window [ 0x22000000 - 0x2a000000 ] 128MB
Oct 25 20:29:55 witherspoon kernel: 3 ofpart partitions found on MTD device bmc
Oct 25 20:29:55 witherspoon kernel: Creating 3 MTD partitions on "bmc":
Oct 25 20:29:55 witherspoon kernel: 0x000000000000-0x000000060000 : "u-boot"
Oct 25 20:29:55 witherspoon kernel: 0x000000060000-0x000000080000 : "u-boot-env"
Oct 25 20:29:55 witherspoon kernel: 0x000000080000-0x000002000000 : "obmc-ubi"
Oct 25 20:29:55 witherspoon kernel: aspeed-smc 1e620000.flash-controller: mx25l25635e (32768 Kbytes)
Oct 25 20:29:55 witherspoon kernel: aspeed-smc 1e620000.flash-controller: CE1 window [ 0x22000000 - 0x24000000 ] 32MB
Oct 25 20:29:55 witherspoon kernel: aspeed-smc 1e620000.flash-controller: CE2 window [ 0x24000000 - 0x2c000000 ] 128MB
Oct 25 20:29:55 witherspoon kernel: 3 ofpart partitions found on MTD device alt-bmc
Oct 25 20:29:55 witherspoon kernel: Creating 3 MTD partitions on "alt-bmc":
Oct 25 20:29:55 witherspoon kernel: 0x000000000000-0x000000060000 : "alt-u-boot"
Oct 25 20:29:55 witherspoon kernel: 0x000000060000-0x000000080000 : "alt-u-boot-env"
Oct 25 20:29:55 witherspoon kernel: 0x000000080000-0x000002000000 : "alt-obmc-ubi"
Oct 25 20:29:55 witherspoon kernel: random: crng init done
Oct 25 20:29:55 witherspoon kernel: aspeed-smc 1e630000.flash-controller: mx66l1g45g (131072 Kbytes)
Oct 25 20:29:55 witherspoon kernel: aspeed-smc 1e630000.flash-controller: CE0 window resized to 120MB (AST2500 HW quirk)
Oct 25 20:29:55 witherspoon kernel: aspeed-smc 1e630000.flash-controller: CE0 window [ 0x30000000 - 0x37800000 ] 120MB
Oct 25 20:29:55 witherspoon kernel: aspeed-smc 1e630000.flash-controller: CE0 window too small for chip 128MB
Oct 25 20:29:55 witherspoon kernel: aspeed-smc 1e630000.flash-controller: CE1 window [ 0x37800000 - 0x38000000 ] 8MB
Oct 25 20:29:55 witherspoon kernel: libphy: Fixed MDIO Bus: probed
Oct 25 20:29:55 witherspoon kernel: ftgmac100 1e660000.ethernet: Read MAC address 70:e2:84:14:2a:08 from chip
Oct 25 20:29:55 witherspoon kernel: ftgmac100 1e660000.ethernet: Using NCSI interface
Oct 25 20:29:55 witherspoon kernel: ftgmac100 1e660000.ethernet eth0: irq 20, mapped at f0060000
Oct 25 20:29:55 witherspoon kernel: ehci_hcd: USB 2.0 'Enhanced' Host Controller (EHCI) Driver
Oct 25 20:29:55 witherspoon kernel: ehci-platform: EHCI generic platform driver
Oct 25 20:29:55 witherspoon kernel: i2c /dev entries driver
Oct 25 20:29:55 witherspoon kernel: aspeed-i2c-bus 1e78a0c0.i2c-bus: i2c bus 2 registered, irq 26
Oct 25 20:29:55 witherspoon kernel: aspeed-i2c-bus 1e78a100.i2c-bus: i2c bus 3 registered, irq 27
Oct 25 20:29:55 witherspoon kernel: aspeed-i2c-bus 1e78a140.i2c-bus: i2c bus 4 registered, irq 28
Oct 25 20:29:55 witherspoon kernel: aspeed-i2c-bus 1e78a180.i2c-bus: i2c bus 5 registered, irq 29
Oct 25 20:29:55 witherspoon kernel: aspeed-i2c-bus 1e78a380.i2c-bus: i2c bus 9 registered, irq 30
Oct 25 20:29:55 witherspoon kernel: aspeed-i2c-bus 1e78a3c0.i2c-bus: i2c bus 10 registered, irq 31
Oct 25 20:29:55 witherspoon kernel: rtc-rv8803 11-0032: Voltage low, temperature compensation stopped.
Oct 25 20:29:55 witherspoon kernel: rtc-rv8803 11-0032: An alarm maybe have been missed.
Oct 25 20:29:55 witherspoon kernel: rtc-rv8803 11-0032: rtc core: registered rx8900 as rtc0
Oct 25 20:29:55 witherspoon kernel: at24 11-0051: 8192 byte 24c64 EEPROM, writable, 1 bytes/write
Oct 25 20:29:55 witherspoon kernel: aspeed-i2c-bus 1e78a400.i2c-bus: i2c bus 11 registered, irq 32
Oct 25 20:29:55 witherspoon kernel: aspeed-i2c-bus 1e78a440.i2c-bus: i2c bus 12 registered, irq 33
Oct 25 20:29:55 witherspoon kernel: aspeed-i2c-bus 1e78a480.i2c-bus: i2c bus 13 registered, irq 34
Oct 25 20:29:55 witherspoon kernel: Driver for 1-wire Dallas network protocol.
Oct 25 20:29:55 witherspoon kernel: lm75 9-004a: hwmon0: sensor 'tmp275'
Oct 25 20:29:55 witherspoon kernel: ucd9000 11-0064: Device ID UCD90160|2.3.4.0000|110603
Oct 25 20:29:55 witherspoon kernel: leds-pca955x 3-0060: leds-pca955x: Using pca9552 16-bit LED driver at slave address 0x60
Oct 25 20:29:55 witherspoon kernel: leds-pca955x 3-0060: gpios 238...253
Oct 25 20:29:55 witherspoon kernel: leds-pca955x 11-0060: leds-pca955x: Using pca9552 16-bit LED driver at slave address 0x60
Oct 25 20:29:55 witherspoon kernel: leds-pca955x 11-0060: gpios 222...237
Oct 25 20:29:55 witherspoon kernel: usbcore: registered new interface driver usbhid
Oct 25 20:29:55 witherspoon kernel: usbhid: USB HID core driver
Oct 25 20:29:55 witherspoon kernel: dps310 3-0076: iio:device1: sensor 'dps310'
Oct 25 20:29:55 witherspoon kernel: NET: Registered protocol family 10
Oct 25 20:29:55 witherspoon kernel: Segment Routing with IPv6
Oct 25 20:29:55 witherspoon kernel: NET: Registered protocol family 17
Oct 25 20:29:55 witherspoon kernel: 8021q: 802.1Q VLAN Support v1.8
Oct 25 20:29:55 witherspoon kernel: input: gpio-keys-polled as /devices/platform/gpio-keys-polled/input/input1
Oct 25 20:29:55 witherspoon kernel: ubi0: default fastmap pool size: 25
Oct 25 20:29:55 witherspoon kernel: ubi0: default fastmap WL pool size: 12
Oct 25 20:29:55 witherspoon kernel: ubi0: attaching mtd3
Oct 25 20:29:55 witherspoon kernel: ubi0: scanning is finished
Oct 25 20:29:55 witherspoon kernel: ubi0: attached mtd3 (name "obmc-ubi", size 31 MiB)
Oct 25 20:29:55 witherspoon kernel: ubi0: PEB size: 65536 bytes (64 KiB), LEB size: 65408 bytes
Oct 25 20:29:55 witherspoon kernel: ubi0: min./max. I/O unit sizes: 1/256, sub-page size 1
Oct 25 20:29:55 witherspoon kernel: ubi0: VID header offset: 64 (aligned 64), data offset: 128
Oct 25 20:29:55 witherspoon kernel: ubi0: good PEBs: 504, bad PEBs: 0, corrupted PEBs: 0
Oct 25 20:29:55 witherspoon kernel: ubi0: user volume: 4, internal volumes: 1, max. volumes count: 128
Oct 25 20:29:55 witherspoon kernel: ubi0: max/mean erase counter: 55/33, WL threshold: 4096, image sequence number: 1358235831
Oct 25 20:29:55 witherspoon kernel: ubi0: available PEBs: 46, total reserved PEBs: 458, PEBs reserved for bad PEB handling: 0
Oct 25 20:29:55 witherspoon kernel: ubi0: background thread "ubi_bgt0d" started, PID 507
Oct 25 20:29:55 witherspoon kernel: ubi4: default fastmap pool size: 25
Oct 25 20:29:55 witherspoon kernel: ubi4: default fastmap WL pool size: 12
Oct 25 20:29:55 witherspoon kernel: ubi4: attaching mtd7
Oct 25 20:29:55 witherspoon kernel: ubi4: scanning is finished
Oct 25 20:29:55 witherspoon kernel: ubi4: attached mtd7 (name "alt-obmc-ubi", size 31 MiB)
Oct 25 20:29:55 witherspoon kernel: ubi4: PEB size: 65536 bytes (64 KiB), LEB size: 65408 bytes
Oct 25 20:29:55 witherspoon kernel: ubi4: min./max. I/O unit sizes: 1/256, sub-page size 1
Oct 25 20:29:55 witherspoon kernel: ubi4: VID header offset: 64 (aligned 64), data offset: 128
Oct 25 20:29:55 witherspoon kernel: ubi4: good PEBs: 504, bad PEBs: 0, corrupted PEBs: 0
Oct 25 20:29:55 witherspoon kernel: ubi4: user volume: 4, internal volumes: 1, max. volumes count: 128
Oct 25 20:29:55 witherspoon kernel: ubi4: max/mean erase counter: 19/14, WL threshold: 4096, image sequence number: 1358235831
Oct 25 20:29:55 witherspoon kernel: ubi4: available PEBs: 46, total reserved PEBs: 458, PEBs reserved for bad PEB handling: 0
Oct 25 20:29:55 witherspoon kernel: ubi4: background thread "ubi_bgt4d" started, PID 513
Oct 25 20:29:55 witherspoon kernel: block ubiblock4_0: created from ubi4:0(rofs-0226d0eb)
Oct 25 20:29:55 witherspoon kernel: console [netcon0] enabled
Oct 25 20:29:55 witherspoon kernel: netconsole: network logging started
Oct 25 20:29:55 witherspoon kernel: input: gpio-keys as /devices/platform/gpio-keys/input/input2
Oct 25 20:29:55 witherspoon kernel: rtc-rv8803 11-0032: setting system clock to 2017-10-25 20:29:47 UTC (1508963387)
Oct 25 20:29:55 witherspoon kernel: VFS: Mounted root (squashfs filesystem) readonly on device 254:0.
Oct 25 20:29:55 witherspoon kernel: devtmpfs: mounted
Oct 25 20:29:55 witherspoon kernel: Freeing unused kernel memory: 284K
Oct 25 20:29:55 witherspoon kernel: This architecture does not have kernel memory protection.
Oct 25 20:29:55 witherspoon systemd[1]: Failed to insert module 'autofs4': No such file or directory
Oct 25 20:29:55 witherspoon systemd[1]: systemd 232 running in system mode. (+PAM -AUDIT -SELINUX -IMA -APPARMOR -SMACK +SYSVINIT -UTMP -LIBCRYPTSETUP -GCRYPT -GNUTLS +ACL +XZ -LZ4 -SECCOMP +BLKID -ELFUTILS +KMOD -IDN)
Oct 25 20:29:55 witherspoon systemd[1]: Detected architecture arm.
Oct 25 20:29:55 witherspoon systemd[1]: Set hostname to <witherspoon>.
Oct 25 20:29:55 witherspoon systemd[1]: Initializing machine ID from random generator.
Oct 25 20:29:55 witherspoon systemd[1]: Installed transient /etc/machine-id file.
Oct 25 20:29:55 witherspoon systemd[1]: Listening on Journal Socket (/dev/log).
Oct 25 20:29:55 witherspoon systemd[1]: Reached target Swap.
Oct 25 20:29:55 witherspoon systemd[1]: Created slice System Slice.
Oct 25 20:29:55 witherspoon systemd[1]: Created slice system-phosphor\x2ddiscover\x2dsystem\x2dstate.slice.
Oct 25 20:29:55 witherspoon systemd[1]: Created slice system-obmc\x2dled\x2dgroup\x2dstart.slice.
Oct 25 20:29:55 witherspoon systemd[1]: Started Create Static Device Nodes in /dev.
Oct 25 20:29:55 witherspoon systemd[1]: Reached target Local File Systems (Pre).
Oct 25 20:29:55 witherspoon systemd[1]: Mounting /usr/local...
Oct 25 20:29:55 witherspoon systemd-journald[539]: Journal started
Oct 25 20:29:55 witherspoon systemd-journald[539]: Runtime journal (/run/log/journal/d7672d09c1844da0bb97c6addb0d83b3) is 0B, max 0B, 0B free.
Oct 25 20:29:55 witherspoon systemd-sysctl[536]: Couldn't write '16' to 'kernel/sysrq', ignoring: No such file or directory
Oct 25 20:29:55 witherspoon systemd-sysctl[536]: Couldn't write 'fq_codel' to 'net/core/default_qdisc', ignoring: No such file or directory
Oct 25 20:29:56 witherspoon systemd[1]: Mounting /media...
Oct 25 20:29:56 witherspoon systemd[1]: Starting udev Kernel Device Manager...
Oct 25 20:29:56 witherspoon systemd[1]: Mounted /usr/local.
Oct 25 20:29:56 witherspoon systemd[1]: Mounted /media.
Oct 25 20:29:57 witherspoon systemd[1]: Started Journal Service.
Oct 25 20:29:57 witherspoon systemd[1]: Started udev Kernel Device Manager.
Oct 25 20:29:57 witherspoon systemd[1]: Started Factory reset BMC if reset enabled.
Oct 25 20:29:57 witherspoon systemd[1]: var.mount: Directory /var to mount over is not empty, mounting anyway.
Oct 25 20:29:57 witherspoon systemd[1]: Mounting /var...
Oct 25 20:29:58 witherspoon systemd[1]: Mounted /var.
Oct 25 20:29:58 witherspoon systemd[1]: Starting Flush Journal to Persistent Storage...
Oct 25 20:29:58 witherspoon kernel: UBIFS (ubi0:2): UBIFS: mounted UBI device 0, volume 2, name "rwfs"
Oct 25 20:29:58 witherspoon kernel: UBIFS (ubi0:2): LEB size: 65408 bytes (63 KiB), min./max. I/O unit sizes: 8 bytes/256 bytes
Oct 25 20:29:58 witherspoon kernel: UBIFS (ubi0:2): FS size: 3597440 bytes (3 MiB, 55 LEBs), journal size 719488 bytes (0 MiB, 11 LEBs)
Oct 25 20:29:58 witherspoon kernel: UBIFS (ubi0:2): reserved for root: 0 bytes (0 KiB)
Oct 25 20:29:58 witherspoon kernel: UBIFS (ubi0:2): media format: w4/r0 (latest is w5/r0), UUID F6AF7850-1C6E-4E2A-94BB-A56899CAF080, small LPT model
Oct 25 20:29:58 witherspoon systemd[1]: Starting Prepare for overlay fs...
Oct 25 20:29:58 witherspoon sh[676]: /etc is not a mountpoint
Oct 25 20:29:58 witherspoon kernel: UBIFS (ubi0:2): background thread "ubifs_bgt0_2" started, PID 673
Oct 25 20:29:58 witherspoon systemd[1]: Mounting /var/volatile...
Oct 25 20:29:58 witherspoon systemd[1]: Started Prepare for overlay fs.
Oct 25 20:29:58 witherspoon systemd[1]: Mounted /var/volatile.
Oct 25 20:29:58 witherspoon systemd[1]: Starting Load/Save Random Seed...
Oct 25 20:29:58 witherspoon systemd[1]: home.mount: Directory /home to mount over is not empty, mounting anyway.
Oct 25 20:29:58 witherspoon systemd[1]: Mounting /home...
Oct 25 20:29:58 witherspoon systemd[1]: etc.mount: Directory /etc to mount over is not empty, mounting anyway.
Oct 25 20:29:58 witherspoon systemd[1]: Mounting /etc...
Oct 25 20:29:58 witherspoon systemd-journald[539]: Runtime journal (/run/log/journal/d7672d09c1844da0bb97c6addb0d83b3) is 0B, max 0B, 0B free.
Oct 25 20:29:58 witherspoon systemd[1]: Started Flush Journal to Persistent Storage.
Oct 25 20:29:59 witherspoon systemd[1]: Started Load/Save Random Seed.
Oct 25 20:29:59 witherspoon systemd[1]: Mounted /home.
Oct 25 20:29:59 witherspoon systemd[1]: Mounted /etc.
Oct 25 20:29:59 witherspoon systemd[1]: Reached target Local File Systems.
Oct 25 20:29:59 witherspoon systemd[1]: Starting Create Volatile Files and Directories...
Oct 25 20:29:59 witherspoon systemd[1]: Found device /dev/aspeed-lpc-ctrl.
Oct 25 20:29:59 witherspoon systemd[1]: Found device /dev/aspeed-mbox.
Oct 25 20:30:00 witherspoon systemd[1]: Started Create Volatile Files and Directories.
Oct 25 20:30:00 witherspoon systemd[1]: Starting Network Time Synchronization...
Oct 25 20:30:00 witherspoon systemd[1]: Started udev Coldplug all Devices.
Oct 25 20:30:01 witherspoon systemd[1]: Found device /dev/ttyS4.
Oct 25 20:30:01 witherspoon systemd[1]: Found device /dev/ttyVUART0.
Oct 25 20:30:01 witherspoon systemd[1]: Started Network Time Synchronization.
Oct 25 20:30:02 witherspoon systemd[1]: Created slice system-xyz.openbmc_project.led.controller.slice.
Oct 25 20:30:02 witherspoon systemd[1]: Reached target System Time Synchronized.
Oct 25 20:30:02 witherspoon systemd[1]: Created slice system-xyz.openbmc_project.Hwmon.slice.
Oct 25 20:30:02 witherspoon systemd[1]: dev-hugepages.mount: Couldn't determine result for ConditionVirtualization=!private-users, assuming failed: No such file or directory
Oct 25 20:30:02 witherspoon systemd[1]: Reached target System Initialization.
Oct 25 20:30:02 witherspoon systemd[1]: Listening on Phosphor DBUS Browser socket.
Oct 25 20:30:02 witherspoon systemd[1]: Listening on Phosphor Webserver socket.
Oct 25 20:30:02 witherspoon systemd[1]: Listening on Avahi mDNS/DNS-SD Stack Activation Socket.
Oct 25 20:30:02 witherspoon systemd[1]: Started Daily Cleanup of Temporary Directories.
Oct 25 20:30:02 witherspoon systemd[1]: Reached target Timers.
Oct 25 20:30:03 witherspoon systemd[1]: Listening on Phosphor Host Console SSH Per-Connection socket.
Oct 25 20:30:03 witherspoon systemd[1]: Listening on phosphor-ipmi-net.socket.
Oct 25 20:30:03 witherspoon systemd[1]: Listening on D-Bus System Message Bus Socket.
Oct 25 20:30:03 witherspoon systemd[1]: Listening on dropbear.socket.
Oct 25 20:30:03 witherspoon systemd[1]: Reached target Sockets.
Oct 25 20:30:03 witherspoon systemd[1]: Reached target Basic System.
Oct 25 20:30:03 witherspoon systemd[1]: Starting Phosphor User Manager...
Oct 25 20:30:03 witherspoon systemd[1]: Starting Set U-Boot environment variable...
Oct 25 20:30:03 witherspoon systemd[1]: Starting Phosphor Inventory Manager...
Oct 25 20:30:03 witherspoon systemd[1]: Started Phosphor sysfs LED controller.
Oct 25 20:30:03 witherspoon systemd[1]: Starting Phosphor Settings Daemon...
Oct 25 20:30:03 witherspoon systemd[1]: Starting Remount the squashfs and ubi volumes after a reboot...
Oct 25 20:30:03 witherspoon systemd[1]: Started Phosphor sysfs LED controller.
Oct 25 20:30:03 witherspoon systemd[1]: Reached target Containers.
Oct 25 20:30:03 witherspoon systemd[1]: Starting Phosphor BMC0 Control...
Oct 25 20:30:03 witherspoon systemd[1]: Starting Clear one time boot overrides...
Oct 25 20:30:03 witherspoon systemd[1]: Started Phosphor sysfs LED controller.
Oct 25 20:30:03 witherspoon systemd[1]: Starting Phosphor Dump Manager...
Oct 25 20:30:03 witherspoon systemd[1]: Started Phosphor sysfs LED controller.
Oct 25 20:30:03 witherspoon systemd[1]: Starting Phosphor IPMI BT DBus Bridge...
Oct 25 20:30:03 witherspoon systemd[1]: Starting Phosphor DBus Service Discovery Manager...
Oct 25 20:30:04 witherspoon systemd[1]: Starting Avahi mDNS/DNS-SD Stack...
Oct 25 20:30:04 witherspoon systemd[1]: Starting Phosphor Download Manager...
Oct 25 20:30:04 witherspoon systemd[1]: Started Phosphor sysfs LED controller.
Oct 25 20:30:04 witherspoon systemd[1]: Started D-Bus System Message Bus.
Oct 25 20:30:05 witherspoon kernel: ubi8: default fastmap pool size: 100
Oct 25 20:30:05 witherspoon kernel: ubi8: default fastmap WL pool size: 50
Oct 25 20:30:05 witherspoon kernel: ubi8: attaching mtd8
Oct 25 20:30:05 witherspoon kernel: ubi8: scanning is finished
Oct 25 20:30:05 witherspoon kernel: ubi8: attached mtd8 (name "pnor", size 128 MiB)
Oct 25 20:30:05 witherspoon kernel: ubi8: PEB size: 65536 bytes (64 KiB), LEB size: 65408 bytes
Oct 25 20:30:05 witherspoon kernel: ubi8: min./max. I/O unit sizes: 1/256, sub-page size 1
Oct 25 20:30:05 witherspoon kernel: ubi8: VID header offset: 64 (aligned 64), data offset: 128
Oct 25 20:30:05 witherspoon kernel: ubi8: good PEBs: 2048, bad PEBs: 0, corrupted PEBs: 0
Oct 25 20:30:05 witherspoon kernel: ubi8: user volume: 4, internal volumes: 1, max. volumes count: 128
Oct 25 20:30:05 witherspoon kernel: ubi8: max/mean erase counter: 1/0, WL threshold: 4096, image sequence number: 567203918
Oct 25 20:30:05 witherspoon kernel: ubi8: available PEBs: 1110, total reserved PEBs: 938, PEBs reserved for bad PEB handling: 0
Oct 25 20:30:05 witherspoon kernel: ubi8: background thread "ubi_bgt8d" started, PID 1006
Oct 25 20:30:05 witherspoon obmc-flash-bios[975]: UBI device number 8, total 2048 LEBs (133955584 bytes, 127.8 MiB), available 1110 LEBs (72602880 bytes, 69.2 MiB), LEB size 65408 bytes (63.9 KiB)
Oct 25 20:30:08 witherspoon avahi-daemon[984]: Found user 'avahi' (UID 999) and group 'avahi' (GID 999).
Oct 25 20:30:08 witherspoon avahi-daemon[984]: Successfully dropped root privileges.
Oct 25 20:30:08 witherspoon avahi-daemon[984]: avahi-daemon 0.6.32 starting up.
Oct 25 20:30:09 witherspoon avahi-daemon[984]: Successfully called chroot().
Oct 25 20:30:09 witherspoon avahi-daemon[984]: Successfully dropped remaining capabilities.
Oct 25 20:30:09 witherspoon avahi-daemon[984]: Loading service file /services/obmc_console.service.
Oct 25 20:30:09 witherspoon avahi-daemon[984]: Loading service file /services/phosphor_rest.service.
Oct 25 20:30:09 witherspoon avahi-daemon[984]: Loading service file /services/sftp-ssh.service.
Oct 25 20:30:09 witherspoon avahi-daemon[984]: Loading service file /services/sftp.service.
Oct 25 20:30:09 witherspoon avahi-daemon[984]: Loading service file /services/ssh.service.
Oct 25 20:30:09 witherspoon avahi-daemon[984]: Network interface enumeration completed.
Oct 25 20:30:09 witherspoon avahi-daemon[984]: Server startup complete. Host name is witherspoon.local. Local service cookie is 1086503740.
Oct 25 20:30:09 witherspoon avahi-daemon[984]: Service "witherspoon" (/services/ssh.service) successfully established.
Oct 25 20:30:09 witherspoon avahi-daemon[984]: Service "sftp" (/services/sftp.service) successfully established.
Oct 25 20:30:09 witherspoon avahi-daemon[984]: Service "witherspoon" (/services/sftp-ssh.service) successfully established.
Oct 25 20:30:09 witherspoon avahi-daemon[984]: Service "phosphor_rest" (/services/phosphor_rest.service) successfully established.
Oct 25 20:30:09 witherspoon avahi-daemon[984]: Service "obmc_console" (/services/obmc_console.service) successfully established.
Oct 25 20:30:12 witherspoon systemd[1]: Started Phosphor Settings Daemon.
Oct 25 20:30:12 witherspoon systemd[1]: Started Avahi mDNS/DNS-SD Stack.
Oct 25 20:30:13 witherspoon systemd[1]: Started Phosphor IPMI BT DBus Bridge.
Oct 25 20:30:13 witherspoon systemd[1]: Started Phosphor User Manager.
Oct 25 20:30:13 witherspoon systemd[1]: Starting Network Service...
Oct 25 20:30:13 witherspoon systemd[1]: Starting Phosphor Network Manager...
Oct 25 20:30:13 witherspoon systemd[1]: Started Hardware RNG Entropy Gatherer Daemon.
Oct 25 20:30:13 witherspoon systemd[1]: Starting Phosphor Sensor Manager...
Oct 25 20:30:13 witherspoon systemd[1]: Started Phosphor Console Muxer listening on device /dev/ttyVUART0.
Oct 25 20:30:13 witherspoon systemd[1]: Starting Phosphor Download Manager...
Oct 25 20:30:13 witherspoon systemd[1]: Starting Check PNOR UBI format...
Oct 25 20:30:13 witherspoon systemd[1]: Started Phosphor sysfs LED controller.
Oct 25 20:30:14 witherspoon systemd[1]: Started Phosphor sysfs LED controller.
Oct 25 20:30:14 witherspoon systemd[1]: Starting Phosphor Log Manager...
Oct 25 20:30:14 witherspoon systemd[1]: Started System Logging Service.
Oct 25 20:30:14 witherspoon systemd[1]: Started Phosphor sysfs LED controller.
Oct 25 20:30:15 witherspoon systemd[1]: Started Phosphor sysfs LED controller.
Oct 25 20:30:15 witherspoon systemd[1]: Starting Phosphor LED Group Management Daemon...
Oct 25 20:30:15 witherspoon systemd[1]: Started Phosphor Dump core monitor..
Oct 25 20:30:15 witherspoon systemd[1]: Started Kernel Logging Service.
Oct 25 20:30:15 witherspoon systemd[1]: Starting Phosphor Inventory Manager...
Oct 25 20:30:15 witherspoon systemd[1]: Starting Phosphor Chassis0 Control...
Oct 25 20:30:15 witherspoon systemd[1]: Started Phosphor sysfs LED controller.
Oct 25 20:30:16 witherspoon kernel[1033]: klogd started: BusyBox v1.24.1 (2017-10-11 20:44:07 UTC)
Oct 25 20:30:16 witherspoon kernel[1033]: [    0.000000]   Normal zone: 0 pages reserved
Oct 25 20:30:16 witherspoon kernel[1033]: [    0.000000]   Normal zone: 110592 pages, LIFO batch:31
Oct 25 20:30:16 witherspoon kernel[1033]: [    0.000000] pcpu-alloc: s0 r0 d32768 u32768 alloc=1*32768
Oct 25 20:30:16 witherspoon kernel[1033]: [    0.000000] pcpu-alloc: [0] 0
Oct 25 20:30:16 witherspoon kernel[1033]: [    0.000000] Built 1 zonelists in Zone order, mobility grouping on.  Total pages: 109600
Oct 25 20:30:16 witherspoon kernel[1033]: [    0.000000] Kernel command line: console=ttyS4,115200n8 ubi.mtd=obmc-ubi,0,0,0 ubi.mtd=alt-obmc-ubi,0,0,4 ro rootfstype=squashfs ubi.block=4,0 root=/dev/ubiblock4_0
Oct 25 20:30:16 witherspoon kernel[1033]: [    0.000000] PID hash table entries: 2048 (order: 1, 8192 bytes)
Oct 25 20:30:16 witherspoon kernel[1033]: [    0.000000] Dentry cache hash table entries: 65536 (order: 6, 262144 bytes)
Oct 25 20:30:16 witherspoon kernel[1033]: [    0.000000] Inode-cache hash table entries: 32768 (order: 5, 131072 bytes)
Oct 25 20:30:16 witherspoon kernel[1033]: [    0.000000] Memory: 431968K/442368K available (4077K kernel code, 281K rwdata, 1188K rodata, 284K init, 111K bss, 10400K reserved, 0K cma-reserved)
Oct 25 20:30:16 witherspoon kernel[1033]: [    0.000000] Virtual kernel memory layout:
Oct 25 20:30:16 witherspoon kernel[1033]: [    0.000000]     vector  : 0xffff0000 - 0xffff1000   (   4 kB)
Oct 25 20:30:16 witherspoon kernel[1033]: [    0.000000]     fixmap  : 0xffc00000 - 0xfff00000   (3072 kB)
Oct 25 20:30:16 witherspoon kernel[1033]: [    0.000000]     vmalloc : 0x9f800000 - 0xff800000   (1536 MB)
Oct 25 20:30:16 witherspoon kernel[1033]: [    0.000000]     lowmem  : 0x80000000 - 0x9f000000   ( 496 MB)
Oct 25 20:30:16 witherspoon kernel[1033]: [    0.000000]       .text : 0x80008000 - 0x804037e0   (4078 kB)
Oct 25 20:30:16 witherspoon kernel[1033]: [    0.000000]       .init : 0x80587000 - 0x805ce000   ( 284 kB)
Oct 25 20:30:16 witherspoon kernel[1033]: [    0.000000]       .data : 0x805ce000 - 0x806147a8   ( 282 kB)
Oct 25 20:30:16 witherspoon kernel[1033]: [    0.000000]        .bss : 0x806147a8 - 0x80630658   ( 112 kB)
Oct 25 20:30:16 witherspoon kernel[1033]: [    0.000000] NR_IRQS:16 nr_irqs:16 16
Oct 25 20:30:16 witherspoon kernel[1033]: [    0.000000] i2c controller registered, irq 16
Oct 25 20:30:16 witherspoon kernel[1033]: [    0.000000] clocksource: moxart_timer: mask: 0xffffffff max_cycles: 0xffffffff, max_idle_ns: 77222644334 ns
Oct 25 20:30:16 witherspoon kernel[1033]: [    0.000000] sched_clock: 32 bits at 100 Hz, resolution 10000000ns, wraps every 21474836475000000ns
Oct 25 20:30:16 witherspoon kernel[1033]: [    0.090000] Calibrating delay loop... 789.70 BogoMIPS (lpj=3948544)
Oct 25 20:30:16 witherspoon kernel[1033]: [    0.090000] pid_max: default: 32768 minimum: 301
Oct 25 20:30:16 witherspoon kernel[1033]: [    0.090000] Mount-cache hash table entries: 1024 (order: 0, 4096 bytes)
Oct 25 20:30:16 witherspoon kernel[1033]: [    0.090000] Mountpoint-cache hash table entries: 1024 (order: 0, 4096 bytes)
Oct 25 20:30:16 witherspoon kernel[1033]: [    0.090000] CPU: Testing write buffer coherency: ok
Oct 25 20:30:16 witherspoon kernel[1033]: [    0.090000] ftrace: allocating 14995 entries in 44 pages
Oct 25 20:30:16 witherspoon kernel[1033]: [    0.120000] Setting up static identity map for 0x80008200 - 0x8000825c
Oct 25 20:30:16 witherspoon kernel[1033]: [    0.120000] devtmpfs: initialized
Oct 25 20:30:16 witherspoon kernel[1033]: [    0.140000] clocksource: jiffies: mask: 0xffffffff max_cycles: 0xffffffff, max_idle_ns: 19112604462750000 ns
Oct 25 20:30:16 witherspoon kernel[1033]: [    0.140000] futex hash table entries: 256 (order: -1, 3072 bytes)
Oct 25 20:30:16 witherspoon kernel[1033]: [    0.140000] pinctrl core: initialized pinctrl subsystem
Oct 25 20:30:17 witherspoon systemd[1]: Started Set U-Boot environment variable.
Oct 25 20:30:16 witherspoon kernel[1033]: [    0.140000] NET: Registered protocol family 16
Oct 25 20:30:17 witherspoon systemd[1]: Starting Remount the ubi volume after a reboot...
Oct 25 20:30:16 witherspoon kernel[1033]: [    0.140000] DMA: preallocated 256 KiB pool for atomic coherent allocations
Oct 25 20:30:17 witherspoon systemd[1]: Started Phosphor Download Manager.
Oct 25 20:30:16 witherspoon kernel[1033]: [    0.220000] usbcore: registered new interface driver usbfs
Oct 25 20:30:16 witherspoon kernel[1033]: [    0.220000] usbcore: registered new interface driver hub
Oct 25 20:30:17 witherspoon systemd[1]: Started Check PNOR UBI format.
Oct 25 20:30:16 witherspoon kernel[1033]: [    0.220000] usbcore: registered new device driver usb
Oct 25 20:30:17 witherspoon systemd[1]: Started Phosphor BMC0 Control.
Oct 25 20:30:16 witherspoon kernel[1033]: [    0.230000] clocksource: Switched to clocksource moxart_timer
Oct 25 20:30:16 witherspoon kernel[1033]: [    0.250000] NET: Registered protocol family 2
Oct 25 20:30:16 witherspoon kernel[1033]: [    0.250000] TCP established hash table entries: 4096 (order: 2, 16384 bytes)
Oct 25 20:30:16 witherspoon kernel[1033]: [    0.250000] TCP bind hash table entries: 4096 (order: 2, 16384 bytes)
Oct 25 20:30:16 witherspoon kernel[1033]: [    0.250000] TCP: Hash tables configured (established 4096 bind 4096)
Oct 25 20:30:16 witherspoon kernel[1033]: [    0.250000] UDP hash table entries: 256 (order: 0, 4096 bytes)
Oct 25 20:30:16 witherspoon kernel[1033]: [    0.250000] UDP-Lite hash table entries: 256 (order: 0, 4096 bytes)
Oct 25 20:30:16 witherspoon kernel[1033]: [    0.250000] NET: Registered protocol family 1
Oct 25 20:30:16 witherspoon kernel[1033]: [    0.250000] workingset: timestamp_bits=30 max_order=17 bucket_order=0
Oct 25 20:30:16 witherspoon kernel[1033]: [    0.250000] squashfs: version 4.0 (2009/01/31) Phillip Lougher
Oct 25 20:30:16 witherspoon kernel[1033]: [    0.250000] jffs2: version 2.2. (SUMMARY)  © 2001-2006 Red Hat, Inc.
Oct 25 20:30:16 witherspoon kernel[1033]: [    0.250000] Block layer SCSI generic (bsg) driver version 0.4 loaded (major 250)
Oct 25 20:30:16 witherspoon kernel[1033]: [    0.250000] io scheduler noop registered
Oct 25 20:30:16 witherspoon kernel[1033]: [    0.250000] io scheduler deadline registered
Oct 25 20:30:16 witherspoon kernel[1033]: [    0.250000] io scheduler cfq registered (default)
Oct 25 20:30:16 witherspoon kernel[1033]: [    0.270000] ipmi-bt-host 1e789140.ibt: Found bt bmc device
Oct 25 20:30:16 witherspoon kernel[1033]: [    0.270000] ipmi-bt-host 1e789140.ibt: Using IRQ 22
Oct 25 20:30:16 witherspoon kernel[1033]: [    0.270000] Serial: 8250/16550 driver, 6 ports, IRQ sharing enabled
Oct 25 20:30:16 witherspoon kernel[1033]: [    0.300000] 1e787000.vuart: ttyS5 at MMIO 0x1e787000 (irq = 22, base_baud = 1500000) is a 16550A
Oct 25 20:30:16 witherspoon kernel[1033]: [    0.300000] 1e783000.serial: ttyS0 at MMIO 0x1e783000 (irq = 23, base_baud = 1500000) is a 16550A
Oct 25 20:30:16 witherspoon kernel[1033]: [    0.300000] 1e78d000.serial: ttyS1 at MMIO 0x1e78d000 (irq = 24, base_baud = 1500000) is a 16550A
Oct 25 20:30:16 witherspoon kernel[1033]: [    0.300000] 1e784000.serial: ttyS4 at MMIO 0x1e784000 (irq = 25, base_baud = 1500000) is a 16550A
Oct 25 20:30:16 witherspoon kernel[1033]: [    0.650000] console [ttyS4] enabled
Oct 25 20:30:16 witherspoon kernel[1033]: [    0.790000] timeriomem_rng 1e6e2078.hwrng: 32bits from 0xf00e2078 @ 1us
Oct 25 20:30:16 witherspoon kernel[1033]: [    0.810000] random: fast init done
Oct 25 20:30:16 witherspoon kernel[1033]: [    0.840000] brd: module loaded
Oct 25 20:30:16 witherspoon kernel[1033]: [    0.870000] loop: module loaded
Oct 25 20:30:16 witherspoon kernel[1033]: [    0.870000] aspeed-lpc-ctrl 1e789080.lpc-ctrl: Loaded at 0x98000000 (0x04000000)
Oct 25 20:30:16 witherspoon kernel[1033]: [    0.880000] aspeed-smc 1e620000.flash-controller: Using IRQ 18
Oct 25 20:30:16 witherspoon kernel[1033]: [    0.880000] aspeed-smc 1e620000.flash-controller: DMA support disabled.
Oct 25 20:30:16 witherspoon kernel[1033]: [    0.900000] aspeed-smc 1e620000.flash-controller: mx25l25635e (32768 Kbytes)
Oct 25 20:30:16 witherspoon kernel[1033]: [    0.900000] aspeed-smc 1e620000.flash-controller: CE0 window [ 0x20000000 - 0x22000000 ] 32MB
Oct 25 20:30:16 witherspoon kernel[1033]: [    0.900000] aspeed-smc 1e620000.flash-controller: CE1 window [ 0x22000000 - 0x2a000000 ] 128MB
Oct 25 20:30:16 witherspoon kernel[1033]: [    0.920000] 3 ofpart partitions found on MTD device bmc
Oct 25 20:30:16 witherspoon kernel[1033]: [    0.920000] Creating 3 MTD partitions on "bmc":
Oct 25 20:30:16 witherspoon kernel[1033]: [    0.920000] 0x000000000000-0x000000060000 : "u-boot"
Oct 25 20:30:16 witherspoon kernel[1033]: [    0.920000] 0x000000060000-0x000000080000 : "u-boot-env"
Oct 25 20:30:16 witherspoon kernel[1033]: [    0.960000] 0x000000080000-0x000002000000 : "obmc-ubi"
Oct 25 20:30:16 witherspoon kernel[1033]: [    0.960000] aspeed-smc 1e620000.flash-controller: mx25l25635e (32768 Kbytes)
Oct 25 20:30:16 witherspoon kernel[1033]: [    0.970000] aspeed-smc 1e620000.flash-controller: CE1 window [ 0x22000000 - 0x24000000 ] 32MB
Oct 25 20:30:16 witherspoon kernel[1033]: [    0.970000] aspeed-smc 1e620000.flash-controller: CE2 window [ 0x24000000 - 0x2c000000 ] 128MB
Oct 25 20:30:16 witherspoon kernel[1033]: [    0.990000] 3 ofpart partitions found on MTD device alt-bmc
Oct 25 20:30:16 witherspoon kernel[1033]: [    0.990000] Creating 3 MTD partitions on "alt-bmc":
Oct 25 20:30:16 witherspoon kernel[1033]: [    0.990000] 0x000000000000-0x000000060000 : "alt-u-boot"
Oct 25 20:30:16 witherspoon kernel[1033]: [    1.020000] 0x000000060000-0x000000080000 : "alt-u-boot-env"
Oct 25 20:30:16 witherspoon kernel[1033]: [    1.020000] 0x000000080000-0x000002000000 : "alt-obmc-ubi"
Oct 25 20:30:16 witherspoon kernel[1033]: [    1.030000] random: crng init done
Oct 25 20:30:16 witherspoon kernel[1033]: [    1.040000] aspeed-smc 1e630000.flash-controller: mx66l1g45g (131072 Kbytes)
Oct 25 20:30:16 witherspoon kernel[1033]: [    1.050000] aspeed-smc 1e630000.flash-controller: CE0 window resized to 120MB (AST2500 HW quirk)
Oct 25 20:30:19 witherspoon kernel: block ubiblock8_0: created from ubi8:0(pnor-ro-390e9d0f)
Oct 25 20:30:18 witherspoon systemd[1]: Started Clear one time boot overrides.
Oct 25 20:30:16 witherspoon kernel[1033]: [    1.050000] aspeed-smc 1e630000.flash-controller: CE0 window [ 0x30000000 - 0x37800000 ] 120MB
Oct 25 20:30:18 witherspoon systemd[1]: Started Phosphor Log Manager.
Oct 25 20:30:16 witherspoon kernel[1033]: [    1.070000] aspeed-smc 1e630000.flash-controller: CE0 window too small for chip 128MB
Oct 25 20:30:19 witherspoon systemd[1]: Started Phosphor LED Group Management Daemon.
Oct 25 20:30:16 witherspoon kernel[1033]: [    1.070000] aspeed-smc 1e630000.flash-controller: CE1 window [ 0x37800000 - 0x38000000 ] 8MB
Oct 25 20:30:16 witherspoon kernel[1033]: [    1.840000] libphy: Fixed MDIO Bus: probed
Oct 25 20:30:16 witherspoon kernel[1033]: [    1.840000] ftgmac100 1e660000.ethernet: Read MAC address 70:e2:84:14:2a:08 from chip
Oct 25 20:30:16 witherspoon kernel[1033]: [    1.840000] ftgmac100 1e660000.ethernet: Using NCSI interface
Oct 25 20:30:16 witherspoon kernel[1033]: [    1.840000] ftgmac100 1e660000.ethernet eth0: irq 20, mapped at f0060000
Oct 25 20:30:16 witherspoon kernel[1033]: [    1.840000] ehci_hcd: USB 2.0 'Enhanced' Host Controller (EHCI) Driver
Oct 25 20:30:16 witherspoon kernel[1033]: [    1.840000] ehci-platform: EHCI generic platform driver
Oct 25 20:30:16 witherspoon kernel[1033]: [    2.050000] i2c /dev entries driver
Oct 25 20:30:16 witherspoon kernel[1033]: [    2.050000] aspeed-i2c-bus 1e78a0c0.i2c-bus: i2c bus 2 registered, irq 26
Oct 25 20:30:16 witherspoon kernel[1033]: [    2.050000] aspeed-i2c-bus 1e78a100.i2c-bus: i2c bus 3 registered, irq 27
Oct 25 20:30:16 witherspoon kernel[1033]: [    2.050000] aspeed-i2c-bus 1e78a140.i2c-bus: i2c bus 4 registered, irq 28
Oct 25 20:30:16 witherspoon kernel[1033]: [    2.050000] aspeed-i2c-bus 1e78a180.i2c-bus: i2c bus 5 registered, irq 29
Oct 25 20:30:16 witherspoon kernel[1033]: [    2.050000] aspeed-i2c-bus 1e78a380.i2c-bus: i2c bus 9 registered, irq 30
Oct 25 20:30:16 witherspoon kernel[1033]: [    2.050000] aspeed-i2c-bus 1e78a3c0.i2c-bus: i2c bus 10 registered, irq 31
Oct 25 20:30:20 witherspoon kernel: 8021q: adding VLAN 0 to HW filter on device eth0
Oct 25 20:30:20 witherspoon kernel: UBIFS (ubi8:1): UBIFS: mounted UBI device 8, volume 1, name "pnor-rw-390e9d0f"
Oct 25 20:30:20 witherspoon kernel: UBIFS (ubi8:1): LEB size: 65408 bytes (63 KiB), min./max. I/O unit sizes: 8 bytes/256 bytes
Oct 25 20:30:20 witherspoon kernel: UBIFS (ubi8:1): FS size: 16155776 bytes (15 MiB, 247 LEBs), journal size 784896 bytes (0 MiB, 12 LEBs)
Oct 25 20:30:20 witherspoon kernel: UBIFS (ubi8:1): reserved for root: 763076 bytes (745 KiB)
Oct 25 20:30:20 witherspoon kernel: UBIFS (ubi8:1): media format: w5/r0 (latest is w5/r0), UUID 4D29FA48-B6BF-4AE4-94BE-058B8001E16F, small LPT model
Oct 25 20:30:20 witherspoon kernel: UBIFS (ubi8:1): background thread "ubifs_bgt8_1" started, PID 1078
Oct 25 20:30:16 witherspoon kernel[1033]: [    2.050000] rtc-rv8803 11-0032: Voltage low, temperature compensation stopped.
Oct 25 20:30:19 witherspoon systemd-networkd[1016]: Enumeration completed
Oct 25 20:30:16 witherspoon kernel[1033]: [    2.050000] rtc-rv8803 11-0032: An alarm maybe have been missed.
Oct 25 20:30:19 witherspoon systemd[1]: Started Network Service.
Oct 25 20:30:16 witherspoon kernel[1033]: [    2.150000] rtc-rv8803 11-0032: rtc core: registered rx8900 as rtc0
Oct 25 20:30:19 witherspoon systemd[1]: Started Phosphor Inventory Manager.
Oct 25 20:30:16 witherspoon kernel[1033]: [    2.160000] at24 11-0051: 8192 byte 24c64 EEPROM, writable, 1 bytes/write
Oct 25 20:30:19 witherspoon systemd-networkd[1016]: eth0: IPv6 enabled for interface: Success
Oct 25 20:30:16 witherspoon kernel[1033]: [    2.160000] aspeed-i2c-bus 1e78a400.i2c-bus: i2c bus 11 registered, irq 32
Oct 25 20:30:19 witherspoon systemd[1]: Reached target Network.
Oct 25 20:30:16 witherspoon kernel[1033]: [    2.160000] aspeed-i2c-bus 1e78a440.i2c-bus: i2c bus 12 registered, irq 33
Oct 25 20:30:19 witherspoon systemd-networkd[1016]: eth0: Gained carrier
Oct 25 20:30:16 witherspoon kernel[1033]: [    2.160000] aspeed-i2c-bus 1e78a480.i2c-bus: i2c bus 13 registered, irq 34
Oct 25 20:30:19 witherspoon systemd[1]: Started Lightweight SLP Server.
Oct 25 20:30:16 witherspoon kernel[1033]: [    2.160000] Driver for 1-wire Dallas network protocol.
Oct 25 20:30:19 witherspoon systemd-timesyncd[829]: Network configuration changed, trying to establish connection.
Oct 25 20:30:16 witherspoon kernel[1033]: [    2.160000] lm75 9-004a: hwmon0: sensor 'tmp275'
Oct 25 20:30:19 witherspoon systemd[1]: Starting Permit User Sessions...
Oct 25 20:30:16 witherspoon kernel[1033]: [    3.920000] ucd9000 11-0064: Device ID UCD90160|2.3.4.0000|110603
Oct 25 20:30:20 witherspoon systemd[1]: Started Permit User Sessions.
Oct 25 20:30:16 witherspoon kernel[1033]: [    4.620000] leds-pca955x 3-0060: leds-pca955x: Using pca9552 16-bit LED driver at slave address 0x60
Oct 25 20:30:20 witherspoon systemd[1]: Started Serial Getty on ttyS4.
Oct 25 20:30:16 witherspoon kernel[1033]: [    4.630000] leds-pca955x 3-0060: gpios 238...253
Oct 25 20:30:22 witherspoon kernel: ubi: ubi0 already exists
Oct 25 20:30:22 witherspoon kernel: UBIFS (ubi8:2): UBIFS: mounted UBI device 8, volume 2, name "pnor-prsv"
Oct 25 20:30:22 witherspoon kernel: UBIFS (ubi8:2): LEB size: 65408 bytes (63 KiB), min./max. I/O unit sizes: 8 bytes/256 bytes
Oct 25 20:30:22 witherspoon kernel: UBIFS (ubi8:2): FS size: 1504384 bytes (1 MiB, 23 LEBs), journal size 523265 bytes (0 MiB, 6 LEBs)
Oct 25 20:30:22 witherspoon kernel: UBIFS (ubi8:2): reserved for root: 71055 bytes (69 KiB)
Oct 25 20:30:22 witherspoon kernel: UBIFS (ubi8:2): media format: w5/r0 (latest is w5/r0), UUID 65D2C8B2-CAAA-4F86-8671-DC0B711C9917, small LPT model
Oct 25 20:30:22 witherspoon kernel: UBIFS (ubi8:2): background thread "ubifs_bgt8_2" started, PID 1095
Oct 25 20:30:20 witherspoon systemd[1]: Reached target Login Prompts.
Oct 25 20:30:16 witherspoon kernel[1033]: [    4.640000] leds-pca955x 11-0060: leds-pca955x: Using pca9552 16-bit LED driver at slave address 0x60
Oct 25 20:30:20 witherspoon systemd[1]: Started Phosphor Dump Manager.
Oct 25 20:30:16 witherspoon kernel[1033]: [    4.650000] leds-pca955x 11-0060: gpios 222...237
Oct 25 20:30:20 witherspoon systemd-networkd[1016]: eth0: Gained IPv6LL
Oct 25 20:30:16 witherspoon kernel[1033]: [    4.660000] usbcore: registered new interface driver usbhid
Oct 25 20:30:16 witherspoon kernel[1033]: [    4.660000] usbhid: USB HID core driver
Oct 25 20:30:16 witherspoon kernel[1033]: [    4.700000] dps310 3-0076: iio:device1: sensor 'dps310'
Oct 25 20:30:16 witherspoon kernel[1033]: [    4.700000] NET: Registered protocol family 10
Oct 25 20:30:16 witherspoon kernel[1033]: [    4.710000] Segment Routing with IPv6
Oct 25 20:30:16 witherspoon kernel[1033]: [    4.710000] NET: Registered protocol family 17
Oct 25 20:30:16 witherspoon kernel[1033]: [    4.710000] 8021q: 802.1Q VLAN Support v1.8
Oct 25 20:30:16 witherspoon kernel[1033]: [    4.730000] input: gpio-keys-polled as /devices/platform/gpio-keys-polled/input/input1
Oct 25 20:30:16 witherspoon kernel[1033]: [    4.760000] ubi0: default fastmap pool size: 25
Oct 25 20:30:16 witherspoon kernel[1033]: [    4.770000] ubi0: default fastmap WL pool size: 12
Oct 25 20:30:16 witherspoon kernel[1033]: [    4.770000] ubi0: attaching mtd3
Oct 25 20:30:16 witherspoon kernel[1033]: [    4.780000] ubi0: scanning is finished
Oct 25 20:30:16 witherspoon kernel[1033]: [    4.800000] ubi0: attached mtd3 (name "obmc-ubi", size 31 MiB)
Oct 25 20:30:16 witherspoon kernel[1033]: [    4.800000] ubi0: PEB size: 65536 bytes (64 KiB), LEB size: 65408 bytes
Oct 25 20:30:16 witherspoon kernel[1033]: [    4.800000] ubi0: min./max. I/O unit sizes: 1/256, sub-page size 1
Oct 25 20:30:23 witherspoon kernel: ftgmac100 1e660000.ethernet eth0: ncsi: removed vlan tag 0 at index 1
Oct 25 20:30:23 witherspoon kernel: ftgmac100 1e660000.ethernet eth0: ncsi: removed vlan tag 0 at index 2
Oct 25 20:30:23 witherspoon kernel: ftgmac100 1e660000.ethernet eth0: no vlan ids left to set
Oct 25 20:30:23 witherspoon kernel: ftgmac100 1e660000.ethernet eth0: NCSI interface up
Oct 25 20:30:16 witherspoon kernel[1033]: [    4.830000] ubi0: VID header offset: 64 (aligned 64), data offset: 128
Oct 25 20:30:22 witherspoon systemd[1]: Started Remount the squashfs and ubi volumes after a reboot.
Oct 25 20:30:16 witherspoon kernel[1033]: [    4.830000] ubi0: good PEBs: 504, bad PEBs: 0, corrupted PEBs: 0
Oct 25 20:30:16 witherspoon kernel[1033]: [    4.830000] ubi0: user volume: 4, internal volumes: 1, max. volumes count: 128
Oct 25 20:30:16 witherspoon kernel[1033]: [    4.830000] ubi0: max/mean erase counter: 55/33, WL threshold: 4096, image sequence number: 1358235831
Oct 25 20:30:16 witherspoon kernel[1033]: [    4.830000] ubi0: available PEBs: 46, total reserved PEBs: 458, PEBs reserved for bad PEB handling: 0
Oct 25 20:30:16 witherspoon kernel[1033]: [    4.860000] ubi0: background thread "ubi_bgt0d" started, PID 507
Oct 25 20:30:16 witherspoon kernel[1033]: [    4.860000] ubi4: default fastmap pool size: 25
Oct 25 20:30:16 witherspoon kernel[1033]: [    4.860000] ubi4: default fastmap WL pool size: 12
Oct 25 20:30:16 witherspoon kernel[1033]: [    4.860000] ubi4: attaching mtd7
Oct 25 20:30:16 witherspoon kernel[1033]: [    4.900000] ubi4: scanning is finished
Oct 25 20:30:16 witherspoon kernel[1033]: [    4.940000] ubi4: attached mtd7 (name "alt-obmc-ubi", size 31 MiB)
Oct 25 20:30:16 witherspoon kernel[1033]: [    4.940000] ubi4: PEB size: 65536 bytes (64 KiB), LEB size: 65408 bytes
Oct 25 20:30:16 witherspoon kernel[1033]: [    4.990000] ubi4: min./max. I/O unit sizes: 1/256, sub-page size 1
Oct 25 20:30:16 witherspoon kernel[1033]: [    4.990000] ubi4: VID header offset: 64 (aligned 64), data offset: 128
Oct 25 20:30:16 witherspoon kernel[1033]: [    4.990000] ubi4: good PEBs: 504, bad PEBs: 0, corrupted PEBs: 0
Oct 25 20:30:16 witherspoon kernel[1033]: [    4.990000] ubi4: user volume: 4, internal volumes: 1, max. volumes count: 128
Oct 25 20:30:16 witherspoon kernel[1033]: [    4.990000] ubi4: max/mean erase counter: 19/14, WL threshold: 4096, image sequence number: 1358235831
Oct 25 20:30:16 witherspoon kernel[1033]: [    4.990000] ubi4: available PEBs: 46, total reserved PEBs: 458, PEBs reserved for bad PEB handling: 0
Oct 25 20:30:16 witherspoon kernel[1033]: [    4.990000] ubi4: background thread "ubi_bgt4d" started, PID 513
Oct 25 20:30:16 witherspoon kernel[1033]: [   14.980000] block ubiblock4_0: created from ubi4:0(rofs-0226d0eb)
Oct 25 20:30:16 witherspoon kernel[1033]: [   14.980000] console [netcon0] enabled
Oct 25 20:30:16 witherspoon kernel[1033]: [   14.980000] netconsole: network logging started
Oct 25 20:30:16 witherspoon kernel[1033]: [   14.980000] input: gpio-keys as /devices/platform/gpio-keys/input/input2
Oct 25 20:30:16 witherspoon kernel[1033]: [   14.980000] rtc-rv8803 11-0032: setting system clock to 2017-10-25 20:29:47 UTC (1508963387)
Oct 25 20:30:16 witherspoon kernel[1033]: [   14.980000] VFS: Mounted root (squashfs filesystem) readonly on device 254:0.
Oct 25 20:30:16 witherspoon kernel[1033]: [   14.980000] devtmpfs: mounted
Oct 25 20:30:16 witherspoon kernel[1033]: [   14.980000] Freeing unused kernel memory: 284K
Oct 25 20:30:16 witherspoon kernel[1033]: [   14.980000] This architecture does not have kernel memory protection.
Oct 25 20:30:16 witherspoon kernel[1033]: [   17.830000] systemd[1]: Failed to insert module 'autofs4': No such file or directory
Oct 25 20:30:16 witherspoon kernel[1033]: [   17.830000] systemd[1]: systemd 232 running in system mode. (+PAM -AUDIT -SELINUX -IMA -APPARMOR -SMACK +SYSVINIT -UTMP -LIBCRYPTSETUP -GCRYPT -GNUTLS +ACL +XZ -LZ4 -SECCOMP +BLKID -ELFUTILS +KMOD -IDN)
Oct 25 20:30:16 witherspoon kernel[1033]: [   17.830000] systemd[1]: Detected architecture arm.
Oct 25 20:30:16 witherspoon kernel[1033]: [   18.200000] systemd[1]: Set hostname to <witherspoon>.
Oct 25 20:30:16 witherspoon kernel[1033]: [   18.260000] systemd[1]: Initializing machine ID from random generator.
Oct 25 20:30:16 witherspoon kernel[1033]: [   18.260000] systemd[1]: Installed transient /etc/machine-id file.
Oct 25 20:30:16 witherspoon kernel[1033]: [   20.100000] systemd[1]: Listening on Journal Socket (/dev/log).
Oct 25 20:30:16 witherspoon kernel[1033]: [   20.160000] systemd[1]: Reached target Swap.
Oct 25 20:30:16 witherspoon kernel[1033]: [   20.200000] systemd[1]: Created slice System Slice.
Oct 25 20:30:16 witherspoon kernel[1033]: [   20.230000] systemd[1]: Created slice system-phosphor\x2ddiscover\x2dsystem\x2dstate.slice.
Oct 25 20:30:16 witherspoon kernel[1033]: [   20.270000] systemd[1]: Created slice system-obmc\x2dled\x2dgroup\x2dstart.slice.
Oct 25 20:30:16 witherspoon kernel[1033]: [   23.020000] systemd[1]: Started Create Static Device Nodes in /dev.
Oct 25 20:30:16 witherspoon kernel[1033]: [   23.230000] systemd[1]: Reached target Local File Systems (Pre).
Oct 25 20:30:16 witherspoon kernel[1033]: [   23.450000] systemd[1]: Mounting /usr/local...
Oct 25 20:30:16 witherspoon kernel[1033]: [   23.680000] systemd[1]: Mounting /media...
Oct 25 20:30:16 witherspoon kernel[1033]: [   23.920000] systemd[1]: Starting udev Kernel Device Manager...
Oct 25 20:30:16 witherspoon kernel[1033]: [   24.170000] systemd[1]: Mounted /usr/local.
Oct 25 20:30:16 witherspoon kernel[1033]: [   24.430000] systemd[1]: Mounted /media.
Oct 25 20:30:16 witherspoon kernel[1033]: [   24.700000] systemd[1]: Started Journal Service.
Oct 25 20:30:16 witherspoon kernel[1033]: [   25.570000] UBIFS (ubi0:2): UBIFS: mounted UBI device 0, volume 2, name "rwfs"
Oct 25 20:30:16 witherspoon kernel[1033]: [   25.570000] UBIFS (ubi0:2): LEB size: 65408 bytes (63 KiB), min./max. I/O unit sizes: 8 bytes/256 bytes
Oct 25 20:30:16 witherspoon kernel[1033]: [   25.570000] UBIFS (ubi0:2): FS size: 3597440 bytes (3 MiB, 55 LEBs), journal size 719488 bytes (0 MiB, 11 LEBs)
Oct 25 20:30:16 witherspoon kernel[1033]: [   25.570000] UBIFS (ubi0:2): reserved for root: 0 bytes (0 KiB)
Oct 25 20:30:16 witherspoon kernel[1033]: [   25.570000] UBIFS (ubi0:2): media format: w4/r0 (latest is w5/r0), UUID F6AF7850-1C6E-4E2A-94BB-A56899CAF080, small LPT model
Oct 25 20:30:16 witherspoon kernel[1033]: [   25.880000] UBIFS (ubi0:2): background thread "ubifs_bgt0_2" started, PID 673
Oct 25 20:30:16 witherspoon kernel[1033]: [   26.530000] systemd-journald[539]: Received request to flush runtime journal from PID 1
Oct 25 20:30:16 witherspoon kernel[1033]: [   33.040000] ubi8: default fastmap pool size: 100
Oct 25 20:30:16 witherspoon kernel[1033]: [   33.040000] ubi8: default fastmap WL pool size: 50
Oct 25 20:30:16 witherspoon kernel[1033]: [   33.040000] ubi8: attaching mtd8
Oct 25 20:30:16 witherspoon kernel[1033]: [   33.040000] ubi8: scanning is finished
Oct 25 20:30:16 witherspoon kernel[1033]: [   33.230000] ubi8: attached mtd8 (name "pnor", size 128 MiB)
Oct 25 20:30:16 witherspoon kernel[1033]: [   33.230000] ubi8: PEB size: 65536 bytes (64 KiB), LEB size: 65408 bytes
Oct 25 20:30:16 witherspoon kernel[1033]: [   33.230000] ubi8: min./max. I/O unit sizes: 1/256, sub-page size 1
Oct 25 20:30:16 witherspoon kernel[1033]: [   33.230000] ubi8: VID header offset: 64 (aligned 64), data offset: 128
Oct 25 20:30:16 witherspoon kernel[1033]: [   33.230000] ubi8: good PEBs: 2048, bad PEBs: 0, corrupted PEBs: 0
Oct 25 20:30:16 witherspoon kernel[1033]: [   33.230000] ubi8: user volume: 4, internal volumes: 1, max. volumes count: 128
Oct 25 20:30:16 witherspoon kernel[1033]: [   33.230000] ubi8: max/mean erase counter: 1/0, WL threshold: 4096, image sequence number: 567203918
Oct 25 20:30:16 witherspoon kernel[1033]: [   33.230000] ubi8: available PEBs: 1110, total reserved PEBs: 938, PEBs reserved for bad PEB handling: 0
Oct 25 20:30:16 witherspoon kernel[1033]: [   33.230000] ubi8: background thread "ubi_bgt8d" started, PID 1006
Oct 25 20:30:19 witherspoon kernel[1033]: [   46.780000] block ubiblock8_0: created from ubi8:0(pnor-ro-390e9d0f)
Oct 25 20:30:19 witherspoon avahi-daemon[984]: Joining mDNS multicast group on interface eth0.IPv4 with address 9.5.180.47.
Oct 25 20:30:19 witherspoon avahi-daemon[984]: New relevant interface eth0.IPv4 for mDNS.
Oct 25 20:30:19 witherspoon avahi-daemon[984]: Registering new address record for 9.5.180.47 on eth0.IPv4.
Oct 25 20:30:19 witherspoon kernel[1033]: [   47.580000] 8021q: adding VLAN 0 to HW filter on device eth0
Oct 25 20:30:20 witherspoon kernel[1033]: [   47.870000] UBIFS (ubi8:1): UBIFS: mounted UBI device 8, volume 1, name "pnor-rw-390e9d0f"
Oct 25 20:30:20 witherspoon kernel[1033]: [   47.870000] UBIFS (ubi8:1): LEB size: 65408 bytes (63 KiB), min./max. I/O unit sizes: 8 bytes/256 bytes
Oct 25 20:30:20 witherspoon kernel[1033]: [   47.910000] UBIFS (ubi8:1): FS size: 16155776 bytes (15 MiB, 247 LEBs), journal size 784896 bytes (0 MiB, 12 LEBs)
Oct 25 20:30:20 witherspoon kernel[1033]: [   47.910000] UBIFS (ubi8:1): reserved for root: 763076 bytes (745 KiB)
Oct 25 20:30:20 witherspoon kernel[1033]: [   47.910000] UBIFS (ubi8:1): media format: w5/r0 (latest is w5/r0), UUID 4D29FA48-B6BF-4AE4-94BE-058B8001E16F, small LPT model
Oct 25 20:30:20 witherspoon kernel[1033]: [   47.910000] UBIFS (ubi8:1): background thread "ubifs_bgt8_1" started, PID 1078
Oct 25 20:30:20 witherspoon avahi-daemon[984]: Joining mDNS multicast group on interface eth0.IPv6 with address fe80::72e2:84ff:fe14:2a08.
Oct 25 20:30:20 witherspoon avahi-daemon[984]: New relevant interface eth0.IPv6 for mDNS.
Oct 25 20:30:25 witherspoon systemd-networkd[1016]: eth0: Configured
Oct 25 20:30:20 witherspoon avahi-daemon[984]: Registering new address record for fe80::72e2:84ff:fe14:2a08 on eth0.*.
Oct 25 20:30:25 witherspoon systemd-timesyncd[829]: Network configuration changed, trying to establish connection.
Oct 25 20:30:21 witherspoon avahi-daemon[984]: Leaving mDNS multicast group on interface eth0.IPv6 with address fe80::72e2:84ff:fe14:2a08.
Oct 25 20:30:21 witherspoon avahi-daemon[984]: Joining mDNS multicast group on interface eth0.IPv6 with address 2002:905:150e:301:72e2:84ff:fe14:2a08.
Oct 25 20:30:21 witherspoon avahi-daemon[984]: Registering new address record for 2002:905:150e:301:72e2:84ff:fe14:2a08 on eth0.*.
Oct 25 20:30:21 witherspoon avahi-daemon[984]: Withdrawing address record for fe80::72e2:84ff:fe14:2a08 on eth0.
Oct 25 20:30:21 witherspoon avahi-daemon[984]: Withdrawing address record for 9.5.180.47 on eth0.
Oct 25 20:30:21 witherspoon avahi-daemon[984]: Host name conflict, retrying with witherspoon-2
Oct 25 20:30:21 witherspoon avahi-daemon[984]: Registering new address record for 2002:905:150e:301:72e2:84ff:fe14:2a08 on eth0.*.
Oct 25 20:30:21 witherspoon avahi-daemon[984]: Registering new address record for 9.5.180.47 on eth0.IPv4.
Oct 25 20:30:21 witherspoon kernel[1033]: [   48.060000] ubi: ubi0 already exists
Oct 25 20:30:21 witherspoon kernel[1033]: [   49.290000] UBIFS (ubi8:2): UBIFS: mounted UBI device 8, volume 2, name "pnor-prsv"
Oct 25 20:30:21 witherspoon kernel[1033]: [   49.290000] UBIFS (ubi8:2): LEB size: 65408 bytes (63 KiB), min./max. I/O unit sizes: 8 bytes/256 bytes
Oct 25 20:30:21 witherspoon kernel[1033]: [   49.290000] UBIFS (ubi8:2): FS size: 1504384 bytes (1 MiB, 23 LEBs), journal size 523265 bytes (0 MiB, 6 LEBs)
Oct 25 20:30:21 witherspoon kernel[1033]: [   49.290000] UBIFS (ubi8:2): reserved for root: 71055 bytes (69 KiB)
Oct 25 20:30:21 witherspoon kernel[1033]: [   49.290000] UBIFS (ubi8:2): media format: w5/r0 (latest is w5/r0), UUID 65D2C8B2-CAAA-4F86-8671-DC0B711C9917, small LPT model
Oct 25 20:30:21 witherspoon kernel[1033]: [   49.380000] UBIFS (ubi8:2): background thread "ubifs_bgt8_2" started, PID 1095
Oct 25 20:30:23 witherspoon kernel[1033]: [   50.800000] ftgmac100 1e660000.ethernet eth0: ncsi: removed vlan tag 0 at index 1
Oct 25 20:30:23 witherspoon kernel[1033]: [   50.800000] ftgmac100 1e660000.ethernet eth0: ncsi: removed vlan tag 0 at index 2
Oct 25 20:30:23 witherspoon kernel[1033]: [   50.800000] ftgmac100 1e660000.ethernet eth0: no vlan ids left to set
Oct 25 20:30:23 witherspoon kernel[1033]: [   50.800000] ftgmac100 1e660000.ethernet eth0: NCSI interface up
Oct 25 20:30:23 witherspoon avahi-daemon[984]: Server startup complete. Host name is witherspoon-2.local. Local service cookie is 1086503740.
Oct 25 20:30:24 witherspoon avahi-daemon[984]: Service "witherspoon-2" (/services/ssh.service) successfully established.
Oct 25 20:30:24 witherspoon avahi-daemon[984]: Service "sftp" (/services/sftp.service) successfully established.
Oct 25 20:30:24 witherspoon avahi-daemon[984]: Service "witherspoon-2" (/services/sftp-ssh.service) successfully established.
Oct 25 20:30:24 witherspoon avahi-daemon[984]: Service "phosphor_rest" (/services/phosphor_rest.service) successfully established.
Oct 25 20:30:24 witherspoon avahi-daemon[984]: Service "obmc_console" (/services/obmc_console.service) successfully established.
Oct 25 20:30:29 witherspoon systemd[1]: Created slice system-dropbear.slice.
Oct 25 20:30:29 witherspoon systemd[1]: Started SSH Per-Connection Server (9.41.165.94:35102).
Oct 25 20:30:29 witherspoon dropbear[1104]: Failed loading /var/lib/dropbear/dropbear_rsa_host_key
Oct 25 20:30:29 witherspoon dropbear[1104]: Failed loading /etc/dropbear/dropbear_dss_host_key
Oct 25 20:30:29 witherspoon dropbear[1104]: Failed loading /etc/dropbear/dropbear_ecdsa_host_key
Oct 25 20:30:29 witherspoon dropbear[1104]: Child connection from ::ffff:9.41.165.94:35102
Oct 25 20:30:35 witherspoon dropbear[1104]: PAM password auth succeeded for 'root' from ::ffff:9.41.165.94:35102
Oct 25 20:30:35 witherspoon kernel: block ubiblock0_0: created from ubi0:0(rofs-0fd14262)
Oct 25 20:30:35 witherspoon kernel[1033]: [   63.220000] block ubiblock0_0: created from ubi0:0(rofs-0fd14262)
Oct 25 20:30:36 witherspoon systemd[1]: Started Phosphor Chassis0 Control.
Oct 25 20:30:36 witherspoon chassis_control.py[1035]: Running ChassisControlService
Oct 25 20:30:37 witherspoon sensor_manager2.py[1019]: Setting boot count to 3
Oct 25 20:30:37 witherspoon systemd[1]: Started Phosphor Sensor Manager.
Oct 25 20:30:37 witherspoon sensor_manager2.py[1019]: Starting sensor manager
Oct 25 20:30:38 witherspoon systemd[1]: Started Phosphor Download Manager.
Oct 25 20:30:38 witherspoon download_manager.py[985]: Running Download Manager
Oct 25 20:30:38 witherspoon inventory_items.py[972]: Loading from cache: /var/cache/obmc/org.openbmc.inventory.system.chassis.motherboard.bmc@org.openbmc.InventoryItem.props
Oct 25 20:30:38 witherspoon inventory_items.py[972]: Caching: /org/openbmc/inventory/system/chassis/motherboard/bmc
Oct 25 20:30:38 witherspoon systemd[1]: Started Phosphor Inventory Manager.
Oct 25 20:30:38 witherspoon inventory_items.py[972]: Running Inventory Manager
Oct 25 20:30:39 witherspoon systemd[1]: Started Remount the ubi volume after a reboot.
Oct 25 20:30:39 witherspoon systemd[1]: Reached target Multi-User System.
Oct 25 20:30:39 witherspoon phosphor-mapper[983]: ObjectMapper startup complete.  Discovery in progress...
Oct 25 20:30:40 witherspoon avahi-daemon[1015]: ../../avahi-0.6.32/avahi-daemon/chroot.c: open() failed: No such file or directory
Oct 25 20:30:40 witherspoon avahi-daemon[984]: Failed to open /usr/share/dbus-1/interfaces/org.freedesktop.Avahi.Server.xml: Invalid argument
Oct 25 20:30:40 witherspoon avahi-daemon[984]: Failed to load introspection data.
Oct 25 20:30:42 witherspoon systemd[1]: Started Phosphor Network Manager.
Oct 25 20:30:42 witherspoon netman.py[1017]: Started
Oct 25 20:30:52 witherspoon phosphor-mapper[983]: ObjectMapper discovery complete
Oct 25 20:30:52 witherspoon systemd[1]: Started Phosphor DBus Service Discovery Manager.
Oct 25 20:30:52 witherspoon systemd[1]: Started Phosphor Hwmon Poller.
Oct 25 20:30:52 witherspoon systemd[1]: Started Phosphor Hwmon Poller.
Oct 25 20:30:52 witherspoon systemd[1]: Started Phosphor Hwmon Poller.
Oct 25 20:30:52 witherspoon systemd[1]: Started Phosphor Hwmon Poller.
Oct 25 20:30:52 witherspoon systemd[1]: Started Phosphor Hwmon Poller.
Oct 25 20:30:52 witherspoon systemd[1]: Reached target Phosphor Object Mapper.
Oct 25 20:30:52 witherspoon systemd[1]: Starting Wait for /org/openbmc/control/bmc0...
Oct 25 20:30:52 witherspoon systemd[1]: Starting Wait for /xyz/openbmc_project/time/sync_method...
Oct 25 20:30:52 witherspoon systemd[1]: Starting Wait for /xyz/openbmc_project/time/owner...
Oct 25 20:30:52 witherspoon systemd[1]: Starting Phoshpor System Manager...
Oct 25 20:30:52 witherspoon systemd[1]: Starting Wait for /xyz/openbmc_project/control/host0/auto_reboot...
Oct 25 20:30:52 witherspoon systemd[1]: Reached target Webserver (pre).
Oct 25 20:30:52 witherspoon systemd[1]: Started Phosphor Webserver.
Oct 25 20:30:52 witherspoon systemd[1]: Starting Wait for /xyz/openbmc_project/state/chassis0...
Oct 25 20:30:52 witherspoon systemd[1]: Starting Wait for /xyz/openbmc_project/control/host0...
Oct 25 20:30:52 witherspoon systemd[1]: Starting Wait for /org/openbmc/managers/System...
Oct 25 20:30:52 witherspoon systemd[1]: Starting Wait for /xyz/openbmc_project/control/host0/boot/one_time...
Oct 25 20:30:52 witherspoon systemd[1]: Starting Wait for /xyz/openbmc_project/control/host0/restriction_mode...
Oct 25 20:30:55 witherspoon systemd[1]: Starting Wait for /xyz/openbmc_project/led/groups...
Oct 25 20:30:55 witherspoon systemd[1]: Starting Wait for /xyz/openbmc_project/inventory...
Oct 25 20:30:55 witherspoon systemd[1]: Starting Wait for /xyz/openbmc_project/state/host0...
Oct 25 20:30:55 witherspoon systemd[1]: Starting OpenPower Software Update Manager...
Oct 25 20:30:55 witherspoon systemd[1]: Started Phosphor DBus Monitor.
Oct 25 20:30:55 witherspoon systemd[1]: Starting Wait for /xyz/openbmc_project/control/host0/power_restore_policy...
Oct 25 20:30:55 witherspoon systemd[1]: Starting Wait for /xyz/openbmc_project/led/groups/bmc_booted...
Oct 25 20:30:55 witherspoon systemd[1]: Starting Phosphor Network Manager...
Oct 25 20:30:55 witherspoon systemd[1]: Starting Wait for /xyz/openbmc_project/network/config...
Oct 25 20:30:56 witherspoon systemd[1]: Starting Wait for /org/openbmc/control/power0...
Oct 25 20:30:56 witherspoon systemd[1]: Starting Wait for /org/openbmc/managers/Download...
Oct 25 20:30:56 witherspoon systemd[1]: Starting Phosphor Settings Manager...
Oct 25 20:30:56 witherspoon systemd[1]: Starting OpenBMC Software Update Manager...
Oct 25 20:30:56 witherspoon systemd[1]: Starting Wait for /xyz/openbmc_project/control/host0/boot...
Oct 25 20:30:57 witherspoon systemd[1]: Starting Wait for /xyz/openbmc_project/inventory/system/chassis/power_supply1...
Oct 25 20:30:57 witherspoon systemd[1]: Starting Wait for /xyz/openbmc_project/inventory/system/chassis/power_supply0...
Oct 25 20:30:57 witherspoon systemd[1]: Started Phosphor Hwmon Poller.
Oct 25 20:30:57 witherspoon systemd[1]: Started Phosphor Hwmon Poller.
Oct 25 20:30:57 witherspoon systemd[1]: Started Phosphor Hwmon Poller.
Oct 25 20:30:57 witherspoon systemd[1]: Started Wait for /org/openbmc/control/bmc0.
Oct 25 20:30:57 witherspoon systemd[1]: Started Wait for /xyz/openbmc_project/time/sync_method.
Oct 25 20:30:58 witherspoon systemd[1]: Started Wait for /xyz/openbmc_project/control/host0/auto_reboot.
Oct 25 20:30:58 witherspoon systemd[1]: Started Wait for /xyz/openbmc_project/control/host0/boot/one_time.
Oct 25 20:30:58 witherspoon systemd[1]: Started Wait for /xyz/openbmc_project/control/host0/restriction_mode.
Oct 25 20:31:01 witherspoon systemd[1]: Started Wait for /xyz/openbmc_project/time/owner.
Oct 25 20:31:01 witherspoon systemd[1]: Started Phosphor Network Manager.
Oct 25 20:31:01 witherspoon phosphor-network-manager[1177]: ConfigParser: Key not found
Oct 25 20:31:01 witherspoon phosphor-network-manager[1177]: The operation failed internally.
Oct 25 20:31:01 witherspoon phosphor-network-manager[1177]: Exception occured during getting of DHCP value
Oct 25 20:31:01 witherspoon phosphor-network-manager[1177]: ConfigParser: Key not found
Oct 25 20:31:01 witherspoon phosphor-network-manager[1177]: The operation failed internally.
Oct 25 20:31:01 witherspoon phosphor-network-manager[1177]: Unable to find the NTP server configuration.
Oct 25 20:31:02 witherspoon systemd[1]: Started Wait for /xyz/openbmc_project/led/groups.
Oct 25 20:31:02 witherspoon systemd[1]: Started FRU Fault monitor service.
Oct 25 20:31:02 witherspoon dbus[987]: [system] Activating via systemd: service name='org.freedesktop.hostname1' unit='dbus-org.freedesktop.hostname1.service'
Oct 25 20:31:03 witherspoon systemd[1]: Started Wait for /xyz/openbmc_project/inventory.
Oct 25 20:31:03 witherspoon systemd[1]: Started Wait for /xyz/openbmc_project/control/host0/power_restore_policy.
Oct 25 20:31:03 witherspoon systemd[1]: Started Wait for /xyz/openbmc_project/led/groups/bmc_booted.
Oct 25 20:31:03 witherspoon systemd[1]: Starting Hostname Service...
Oct 25 20:31:03 witherspoon systemd[1]: Started Phosphor GPIO 1 Presence.
Oct 25 20:31:04 witherspoon systemd[1]: Started Phosphor Cooling Type.
Oct 25 20:31:04 witherspoon systemd[1]: Starting Read OpenPOWER-format VPD from EEPROM...
Oct 25 20:31:04 witherspoon systemd[1]: Starting OpenPOWER OCC controller...
Oct 25 20:31:04 witherspoon systemd[1]: Starting Phosphor MAX31785 MSL...
Oct 25 20:31:04 witherspoon dbus[987]: [system] Successfully activated service 'org.freedesktop.hostname1'
Oct 25 20:31:04 witherspoon systemd[1]: Started Phosphor GPIO 0 Presence.
Oct 25 20:31:04 witherspoon systemd[1]: Started Wait for /org/openbmc/managers/Download.
Oct 25 20:31:04 witherspoon systemd[1]: Started Wait for /xyz/openbmc_project/control/host0/boot.
Oct 25 20:31:04 witherspoon systemd[1]: Started OpenPower Software Update Manager.
Oct 25 20:31:04 witherspoon phosphor-gpio-presence[1196]: Updating inventory present property
Oct 25 20:31:05 witherspoon phosphor-gpio-presence[1204]: Updating inventory present property
Oct 25 20:31:05 witherspoon systemd[1]: Started Wait for /xyz/openbmc_project/inventory/system/chassis/power_supply1.
Oct 25 20:31:05 witherspoon systemd[1]: Started Hostname Service.
Oct 25 20:31:05 witherspoon systemd[1]: Starting Updates symlinks for active PNOR version...
Oct 25 20:31:05 witherspoon systemd[1]: Starting Create a ubi volume for pnor patches...
Oct 25 20:31:06 witherspoon systemd[1]: Starting Phosphor BMC Code Update...
Oct 25 20:31:08 witherspoon kernel: ubi: ubi4 already exists
Oct 25 20:31:08 witherspoon kernel: UBIFS (ubi8:3): UBIFS: mounted UBI device 8, volume 3, name "pnor-patch"
Oct 25 20:31:08 witherspoon kernel: UBIFS (ubi8:3): LEB size: 65408 bytes (63 KiB), min./max. I/O unit sizes: 8 bytes/256 bytes
Oct 25 20:31:08 witherspoon kernel: UBIFS (ubi8:3): FS size: 16155776 bytes (15 MiB, 247 LEBs), journal size 784896 bytes (0 MiB, 12 LEBs)
Oct 25 20:31:08 witherspoon kernel: UBIFS (ubi8:3): reserved for root: 763076 bytes (745 KiB)
Oct 25 20:31:08 witherspoon kernel: UBIFS (ubi8:3): media format: w5/r0 (latest is w5/r0), UUID 48C40BD7-B197-4A44-BC5D-4232452EB5F6, small LPT model
Oct 25 20:31:08 witherspoon kernel[1033]: [   65.420000] ubi: ubi4 already exists
Oct 25 20:31:08 witherspoon kernel[1033]: [   95.730000] UBIFS (ubi8:3): UBIFS: mounted UBI device 8, volume 3, name "pnor-patch"
Oct 25 20:31:08 witherspoon kernel[1033]: [   95.730000] UBIFS (ubi8:3): LEB size: 65408 bytes (63 KiB), min./max. I/O unit sizes: 8 bytes/256 bytes
Oct 25 20:31:08 witherspoon kernel[1033]: [   95.730000] UBIFS (ubi8:3): FS size: 16155776 bytes (15 MiB, 247 LEBs), journal size 784896 bytes (0 MiB, 12 LEBs)
Oct 25 20:31:08 witherspoon kernel[1033]: [   95.850000] UBIFS (ubi8:3): reserved for root: 763076 bytes (745 KiB)
Oct 25 20:31:08 witherspoon kernel[1033]: [   95.850000] UBIFS (ubi8:3): media format: w5/r0 (latest is w5/r0), UUID 48C40BD7-B197-4A44-BC5D-4232452EB5F6, small LPT model
Oct 25 20:31:08 witherspoon kernel: UBIFS (ubi8:3): background thread "ubifs_bgt8_3" started, PID 1226
Oct 25 20:31:08 witherspoon kernel[1033]: [   95.850000] UBIFS (ubi8:3): background thread "ubifs_bgt8_3" started, PID 1226
Oct 25 20:31:09 witherspoon systemd[1]: Started Create a ubi volume for pnor patches.
Oct 25 20:31:09 witherspoon systemd[1]: Started Updates symlinks for active PNOR version.
Oct 25 20:31:09 witherspoon systemd[1]: Started Phosphor MBOX Daemon.
Oct 25 20:31:10 witherspoon systemd[1]: Started Wait for /xyz/openbmc_project/inventory/system/chassis/power_supply0.
Oct 25 20:31:13 witherspoon system_manager.py[1157]: Running System State: BASE_APPS
Oct 25 20:31:13 witherspoon system_manager.py[1157]: SystemManager Init Done
Oct 25 20:31:13 witherspoon systemd[1]: Started Phoshpor System Manager.
Oct 25 20:31:13 witherspoon system_manager.py[1157]: Running SystemManager
Oct 25 20:31:14 witherspoon systemd[1]: Created slice system-obmc\x2dflash\x2dbmc\x2dupdateubootvars.slice.
Oct 25 20:31:14 witherspoon systemd[1]: Starting Updates the u-boot variable to point BMC version to 0226d0eb...
Oct 25 20:31:14 witherspoon systemd[1]: Starting Set U-Boot environment variable...
Oct 25 20:31:16 witherspoon systemd[1]: Starting Set U-Boot environment variable...
Oct 25 20:31:16 witherspoon systemd[1]: Started Set U-Boot environment variable.
Oct 25 20:31:16 witherspoon systemd[1]: Starting Updates the u-boot variable to point BMC version to 0fd14262...
Oct 25 20:31:16 witherspoon systemd[1]: Started OpenBMC Software Update Manager.
Oct 25 20:31:16 witherspoon systemd[1]: Starting Phosphor Version Software Manager...
Oct 25 20:31:18 witherspoon systemd[1]: Started Phosphor Version Software Manager.
Oct 25 20:31:18 witherspoon systemd[1]: Started Set U-Boot environment variable.
Oct 25 20:31:21 witherspoon systemd[1]: Started Updates the u-boot variable to point BMC version to 0226d0eb.
Oct 25 20:31:22 witherspoon systemd[1]: Started Phosphor BMC Code Update.
Oct 25 20:31:22 witherspoon bmc_update.py[1208]: Running Bmc Flash Control
Oct 25 20:31:23 witherspoon systemd[1]: Started Updates the u-boot variable to point BMC version to 0fd14262.
Oct 25 20:31:25 witherspoon systemd[1]: Started OpenPOWER OCC controller.
Oct 25 20:31:26 witherspoon systemd[1]: Started Phosphor MAX31785 MSL.
Oct 25 20:31:27 witherspoon system_manager.py[1157]: SystemManager Goto System State: BMC_STARTING
Oct 25 20:31:27 witherspoon system_manager.py[1157]: Running System State: BMC_STARTING
Oct 25 20:31:27 witherspoon settings_manager.py[1181]: Running HostSettingsService
Oct 25 20:31:27 witherspoon systemd[1]: Started Phosphor Settings Manager.
Oct 25 20:31:27 witherspoon systemd[1]: Starting Wait for /org/openbmc/settings/host0...
Oct 25 20:31:30 witherspoon systemd[1]: Started Read OpenPOWER-format VPD from EEPROM.
Oct 25 20:31:30 witherspoon systemd[1]: Starting Sync system/chassis/motherboard/uuid...
Oct 25 20:31:35 witherspoon phosphor-gevent[1159]: Traceback (most recent call last):
Oct 25 20:31:35 witherspoon phosphor-gevent[1159]:   File "/usr/lib/python2.7/site-packages/gevent/greenlet.py", line 327, in run
Oct 25 20:31:35 witherspoon phosphor-gevent[1159]:     result = self._run(*self.args, **self.kwargs)
Oct 25 20:31:35 witherspoon phosphor-gevent[1159]:   File "/usr/lib/python2.7/site-packages/gevent/server.py", line 102, in wrap_socket_and_handle
Oct 25 20:31:35 witherspoon phosphor-gevent[1159]:     ssl_socket = self.wrap_socket(client_socket, **self.ssl_args)
Oct 25 20:31:35 witherspoon phosphor-gevent[1159]:   File "/usr/lib/python2.7/site-packages/gevent/ssl.py", line 404, in wrap_socket
Oct 25 20:31:35 witherspoon phosphor-gevent[1159]:     ciphers=ciphers)
Oct 25 20:31:35 witherspoon phosphor-gevent[1159]:   File "/usr/lib/python2.7/site-packages/gevent/ssl.py", line 113, in __init__
Oct 25 20:31:35 witherspoon phosphor-gevent[1159]:     self.do_handshake()
Oct 25 20:31:35 witherspoon phosphor-gevent[1159]:   File "/usr/lib/python2.7/site-packages/gevent/ssl.py", line 324, in do_handshake
Oct 25 20:31:35 witherspoon phosphor-gevent[1159]:     return self._sslobj.do_handshake()
Oct 25 20:31:35 witherspoon phosphor-gevent[1159]: SSLEOFError: EOF occurred in violation of protocol (_ssl.c:590)
Oct 25 20:31:35 witherspoon phosphor-gevent[1159]: <Greenlet at 0x76054e40: <bound method WSGIServer.wrap_socket_and_handle of <WSGIServer at 0x75bb5e90 fileno=6 address=('::3432:f376:1e:6976%1986600432', 443, 0, 1986600432)>>(<socket at 0x75af5c50 fileno=10>, ('::c019:6776:8e91:f402%1995578140', 47682, 0, 199)> failed with SSLEOFError
Oct 25 20:31:35 witherspoon systemd[1]: Started Sync system/chassis/motherboard/uuid.
Oct 25 20:31:35 witherspoon phosphor-gevent[1159]: Traceback (most recent call last):
Oct 25 20:31:35 witherspoon phosphor-gevent[1159]:   File "/usr/lib/python2.7/site-packages/gevent/greenlet.py", line 327, in run
Oct 25 20:31:35 witherspoon phosphor-gevent[1159]:     result = self._run(*self.args, **self.kwargs)
Oct 25 20:31:35 witherspoon phosphor-gevent[1159]:   File "/usr/lib/python2.7/site-packages/gevent/server.py", line 102, in wrap_socket_and_handle
Oct 25 20:31:35 witherspoon phosphor-gevent[1159]:     ssl_socket = self.wrap_socket(client_socket, **self.ssl_args)
Oct 25 20:31:35 witherspoon phosphor-gevent[1159]:   File "/usr/lib/python2.7/site-packages/gevent/ssl.py", line 404, in wrap_socket
Oct 25 20:31:35 witherspoon phosphor-gevent[1159]:     ciphers=ciphers)
Oct 25 20:31:35 witherspoon phosphor-gevent[1159]:   File "/usr/lib/python2.7/site-packages/gevent/ssl.py", line 113, in __init__
Oct 25 20:31:35 witherspoon phosphor-gevent[1159]:     self.do_handshake()
Oct 25 20:31:35 witherspoon phosphor-gevent[1159]:   File "/usr/lib/python2.7/site-packages/gevent/ssl.py", line 324, in do_handshake
Oct 25 20:31:35 witherspoon phosphor-gevent[1159]:     return self._sslobj.do_handshake()
Oct 25 20:31:35 witherspoon phosphor-gevent[1159]: SSLEOFError: EOF occurred in violation of protocol (_ssl.c:590)
Oct 25 20:31:36 witherspoon phosphor-gevent[1159]: <Greenlet at 0x76054e90: <bound method WSGIServer.wrap_socket_and_handle of <WSGIServer at 0x75bb5e90 fileno=6 address=('::3432:f376:1e:6976%1986600432', 443, 0, 1986600432)>>(<socket at 0x75af5bf0 fileno=11>, ('::c019:6776:8e91:f402%1995578140', 47684, 0, 199)> failed with SSLEOFError
Oct 25 20:31:36 witherspoon phosphor-gevent[1159]: Traceback (most recent call last):
Oct 25 20:31:36 witherspoon phosphor-gevent[1159]:   File "/usr/lib/python2.7/site-packages/gevent/greenlet.py", line 327, in run
Oct 25 20:31:36 witherspoon phosphor-gevent[1159]:     result = self._run(*self.args, **self.kwargs)
Oct 25 20:31:36 witherspoon phosphor-gevent[1159]:   File "/usr/lib/python2.7/site-packages/gevent/server.py", line 102, in wrap_socket_and_handle
Oct 25 20:31:36 witherspoon phosphor-gevent[1159]:     ssl_socket = self.wrap_socket(client_socket, **self.ssl_args)
Oct 25 20:31:36 witherspoon phosphor-gevent[1159]:   File "/usr/lib/python2.7/site-packages/gevent/ssl.py", line 404, in wrap_socket
Oct 25 20:31:36 witherspoon phosphor-gevent[1159]:     ciphers=ciphers)
Oct 25 20:31:36 witherspoon phosphor-gevent[1159]:   File "/usr/lib/python2.7/site-packages/gevent/ssl.py", line 113, in __init__
Oct 25 20:31:36 witherspoon phosphor-gevent[1159]:     self.do_handshake()
Oct 25 20:31:36 witherspoon phosphor-gevent[1159]:   File "/usr/lib/python2.7/site-packages/gevent/ssl.py", line 324, in do_handshake
Oct 25 20:31:36 witherspoon phosphor-gevent[1159]:     return self._sslobj.do_handshake()
Oct 25 20:31:36 witherspoon phosphor-gevent[1159]: SSLEOFError: EOF occurred in violation of protocol (_ssl.c:590)
Oct 25 20:31:36 witherspoon phosphor-gevent[1159]: <Greenlet at 0x76054ee0: <bound method WSGIServer.wrap_socket_and_handle of <WSGIServer at 0x75bb5e90 fileno=6 address=('::3432:f376:1e:6976%1986600432', 443, 0, 1986600432)>>(<socket at 0x75af5c90 fileno=12>, ('::c019:6776:8e91:f402%1995578140', 47686, 0, 199)> failed with SSLEOFError
Oct 25 20:31:39 witherspoon systemd[1]: Started Wait for /xyz/openbmc_project/network/config.
Oct 25 20:31:39 witherspoon systemd[1]: Starting Sync system/chassis/motherboard/bmc/ethernet...
Oct 25 20:31:44 witherspoon systemd[1]: Started Wait for /org/openbmc/managers/System.
Oct 25 20:31:44 witherspoon systemd[1]: Starting Phosphor Power Button0...
Oct 25 20:31:44 witherspoon systemd[1]: Starting Phosphor Power0 Control...
Oct 25 20:31:44 witherspoon systemd[1]: Starting Phosphor Reset Button0...
Oct 25 20:31:44 witherspoon systemd[1]: Starting Phosphor Chassis State Manager...
Oct 25 20:31:44 witherspoon systemd[1]: Starting Phosphor BMC State Manager...
Oct 25 20:31:44 witherspoon systemd[1]: Started Wait for /org/openbmc/settings/host0.
Oct 25 20:31:44 witherspoon systemd[1]: Started Phosphor Inband IPMI.
Oct 25 20:31:45 witherspoon phosphor-chassis-state-manager[1286]: Initial Chassis State will be Off
Oct 25 20:31:45 witherspoon systemd[1]: Started Phosphor Chassis State Manager.
Oct 25 20:31:45 witherspoon sync_inventory_items.py[1281]: Inventory MAC=70:e2:84:14:2a:08,System MAC=70:e2:84:14:2a:08
Oct 25 20:31:46 witherspoon system_manager.py[1157]: New object: /org/openbmc/control/power0 (:1.92)
Oct 25 20:31:46 witherspoon phosphor-bmc-state-manager[1287]: Setting the BMCState field
Oct 25 20:31:46 witherspoon phosphor-bmc-state-manager[1287]: Setting the BMCState field
Oct 25 20:31:46 witherspoon systemd[1]: Started Phosphor BMC State Manager.
Oct 25 20:31:46 witherspoon system_manager.py[1157]: Power GPIO config: ['SYS_PWROK_BUFF', '', [('SOFTWARE_PGOOD', True), ('BMC_POWER_UP', True)], [('BMC_CP0_RESET_N', False)], [], 'FSI_DATA', 'FSI_CLK', 'FSI_ENABLE', 'CRONUS_SEL', []]
Oct 25 20:31:46 witherspoon power_control.exe[1284]: Power GPIO latch output:
Oct 25 20:31:46 witherspoon power_control.exe[1284]: Power GPIO power good input: SYS_PWROK_BUFF
Oct 25 20:31:46 witherspoon power_control.exe[1284]: Power GPIO 2 power_up outputs
Oct 25 20:31:46 witherspoon power_control.exe[1284]: Power GPIO power_up[0] = SOFTWARE_PGOOD active HIGH
Oct 25 20:31:46 witherspoon power_control.exe[1284]: Power GPIO power_up[1] = BMC_POWER_UP active HIGH
Oct 25 20:31:46 witherspoon power_control.exe[1284]: Power GPIO 1 reset outputs
Oct 25 20:31:46 witherspoon power_control.exe[1284]: Power GPIO reset[0] = BMC_CP0_RESET_N active LOW
Oct 25 20:31:46 witherspoon power_control.exe[1284]: Power GPIO 0 pci reset outputs
Oct 25 20:31:46 witherspoon power_control.exe[1284]: FSI DATA GPIO: FSI_DATA
Oct 25 20:31:46 witherspoon power_control.exe[1284]: FSI CLK GPIO: FSI_CLK
Oct 25 20:31:46 witherspoon power_control.exe[1284]: FSI ENABLE GPIO: FSI_ENABLE
Oct 25 20:31:46 witherspoon power_control.exe[1284]: CRONUS SEL GPIO: CRONUS_SEL
Oct 25 20:31:46 witherspoon power_control.exe[1284]: Hostctl GPIO optionals: 0
Oct 25 20:31:47 witherspoon button_power.exe[1283]: GPIO Lookup:  POWER_BUTTON = 347,both
Oct 25 20:31:47 witherspoon systemd[1]: Started Phosphor Power Button0.
Oct 25 20:31:47 witherspoon power_control.exe[1284]: GPIO Lookup:  SYS_PWROK_BUFF = 306,in
Oct 25 20:31:47 witherspoon power_control.exe[1284]: GPIO Lookup:  SOFTWARE_PGOOD = 417,out
Oct 25 20:31:47 witherspoon button_reset.exe[1285]: GPIO Lookup:  RESET_BUTTON = 353,both
Oct 25 20:31:47 witherspoon systemd[1]: Started Phosphor Reset Button0.
Oct 25 20:31:47 witherspoon power_control.exe[1284]: GPIO Lookup:  BMC_POWER_UP = 305,out
Oct 25 20:31:47 witherspoon power_control.exe[1284]: GPIO Lookup:  BMC_CP0_RESET_N = 281,out
Oct 25 20:31:47 witherspoon power_control.exe[1284]: Pgood state: 0
Oct 25 20:31:47 witherspoon systemd[1]: Started Phosphor Power0 Control.
Oct 25 20:31:48 witherspoon avahi-daemon[984]: Interface eth0.IPv6 no longer relevant for mDNS.
Oct 25 20:31:48 witherspoon systemd-networkd[1016]: eth0: Lost carrier
Oct 25 20:31:48 witherspoon avahi-daemon[984]: Leaving mDNS multicast group on interface eth0.IPv6 with address 2002:905:150e:301:72e2:84ff:fe14:2a08.
Oct 25 20:31:48 witherspoon avahi-daemon[984]: Interface eth0.IPv4 no longer relevant for mDNS.
Oct 25 20:31:48 witherspoon avahi-daemon[984]: Leaving mDNS multicast group on interface eth0.IPv4 with address 9.5.180.47.
Oct 25 20:31:48 witherspoon avahi-daemon[984]: Withdrawing address record for 2002:905:150e:301:72e2:84ff:fe14:2a08 on eth0.
Oct 25 20:31:48 witherspoon avahi-daemon[984]: Withdrawing address record for 9.5.180.47 on eth0.
Oct 25 20:31:48 witherspoon kernel: ftgmac100 1e660000.ethernet eth0: NCSI interface down
Oct 25 20:31:48 witherspoon kernel[1033]: [  136.460000] ftgmac100 1e660000.ethernet eth0: NCSI interface down
Oct 25 20:31:48 witherspoon systemd-networkd[1016]: eth0: Gained carrier
Oct 25 20:31:48 witherspoon systemd-timesyncd[829]: Network configuration changed, trying to establish connection.
Oct 25 20:31:48 witherspoon avahi-daemon[984]: Joining mDNS multicast group on interface eth0.IPv4 with address 9.5.180.47.
Oct 25 20:31:48 witherspoon avahi-daemon[984]: New relevant interface eth0.IPv4 for mDNS.
Oct 25 20:31:48 witherspoon avahi-daemon[984]: Registering new address record for 9.5.180.47 on eth0.IPv4.
Oct 25 20:31:49 witherspoon systemd[1]: Started Sync system/chassis/motherboard/bmc/ethernet.
Oct 25 20:31:49 witherspoon kernel: 8021q: adding VLAN 0 to HW filter on device eth0
Oct 25 20:31:49 witherspoon kernel[1033]: [  136.650000] 8021q: adding VLAN 0 to HW filter on device eth0
Oct 25 20:31:50 witherspoon kernel: ftgmac100 1e660000.ethernet eth0: no vlan ids left to set
Oct 25 20:31:50 witherspoon kernel: ftgmac100 1e660000.ethernet eth0: NCSI interface up
Oct 25 20:31:50 witherspoon kernel[1033]: [  137.700000] ftgmac100 1e660000.ethernet eth0: no vlan ids left to set
Oct 25 20:31:50 witherspoon kernel[1033]: [  137.700000] ftgmac100 1e660000.ethernet eth0: NCSI interface up
Oct 25 20:31:50 witherspoon avahi-daemon[984]: Joining mDNS multicast group on interface eth0.IPv6 with address 2002:905:150e:301:72e2:84ff:fe14:2a08.
Oct 25 20:31:50 witherspoon avahi-daemon[984]: New relevant interface eth0.IPv6 for mDNS.
Oct 25 20:31:50 witherspoon avahi-daemon[984]: Registering new address record for 2002:905:150e:301:72e2:84ff:fe14:2a08 on eth0.*.
Oct 25 20:31:51 witherspoon systemd-networkd[1016]: eth0: Gained IPv6LL
Oct 25 20:31:51 witherspoon systemd-networkd[1016]: eth0: Configured
Oct 25 20:31:51 witherspoon systemd-timesyncd[829]: Network configuration changed, trying to establish connection.
Oct 25 20:31:53 witherspoon systemd[1]: Started Wait for /xyz/openbmc_project/state/chassis0.
Oct 25 20:31:54 witherspoon systemd[1]: Started Wait for /org/openbmc/control/power0.
Oct 25 20:31:54 witherspoon systemd[1]: Starting Check Chassis0 pgood and create a file to indicate it...
Oct 25 20:31:54 witherspoon systemd[1]: Started Witherspoon Power Supply 0 Monitor.
Oct 25 20:31:54 witherspoon systemd[1]: Started Witherspoon Power Supply 1 Monitor.
Oct 25 20:31:55 witherspoon systemd[1]: Started Wait for /xyz/openbmc_project/control/host0.
Oct 25 20:31:55 witherspoon systemd[1]: Started Check Chassis0 pgood and create a file to indicate it.
Oct 25 20:31:55 witherspoon systemd[1]: Reached target Chassis0 power on after reset.
Oct 25 20:31:55 witherspoon systemd[1]: Reached target Host0 running after reset.
Oct 25 20:31:55 witherspoon systemd[1]: Reached target Host0 (Reset Check).
Oct 25 20:31:55 witherspoon systemd[1]: Starting Phosphor Host State Manager...
Oct 25 20:31:55 witherspoon systemd[1]: Reached target Chassis0 (Reset Check).
Oct 25 20:31:57 witherspoon phosphor-network-manager[1177]: ConfigParser: Key not found
Oct 25 20:31:57 witherspoon phosphor-network-manager[1177]: The operation failed internally.
Oct 25 20:31:57 witherspoon phosphor-network-manager[1177]: Exception occured during getting of DHCP value
Oct 25 20:31:57 witherspoon phosphor-network-manager[1177]: ConfigParser: Key not found
Oct 25 20:31:57 witherspoon phosphor-network-manager[1177]: The operation failed internally.
Oct 25 20:31:57 witherspoon phosphor-network-manager[1177]: Unable to find the NTP server configuration.
Oct 25 20:31:57 witherspoon phosphor-network-manager[1177]: Timer expired
Oct 25 20:31:57 witherspoon phosphor-host-state-manager[1332]: Initial Host State will be Off
Oct 25 20:31:57 witherspoon phosphor-host-state-manager[1332]: External request to reset reboot count
Oct 25 20:31:57 witherspoon systemd[1]: Started Phosphor Host State Manager.
Oct 25 20:31:58 witherspoon systemd[1]: Started Wait for /xyz/openbmc_project/state/host0.
Oct 25 20:31:58 witherspoon systemd[1]: Starting Phosphor Time Manager daemon...
Oct 25 20:31:58 witherspoon systemd[1]: Starting Reboot If Enabled...
Oct 25 20:32:00 witherspoon phosphor-discover-system-state[1336]: Host power is off, checking power policy
Oct 25 20:32:00 witherspoon phosphor-discover-system-state[1336]: power_policy=RESTORE, restoring last state
Oct 25 20:32:01 witherspoon phosphor-host-state-manager[1332]: Host State transaction request
Oct 25 20:32:01 witherspoon systemd[1]: Created slice system-ir35221\x2doff\x2dunbind.slice.
Oct 25 20:32:01 witherspoon systemd[1]: Created slice system-obmc\x2dled\x2dgroup\x2dstop.slice.
Oct 25 20:32:01 witherspoon systemd[1]: Stopped target Host0 running after reset.
Oct 25 20:32:01 witherspoon systemd[1]: Created slice system-ir35221\x2doff\x2dbind.slice.
Oct 25 20:32:01 witherspoon systemd[1]: Created slice system-op\x2dwait\x2dpower\x2doff.slice.
Oct 25 20:32:01 witherspoon dbus[987]: [system] Activating via systemd: service name='org.freedesktop.timedate1' unit='dbus-org.freedesktop.timedate1.service'
Oct 25 20:32:01 witherspoon systemd[1]: Starting Phosphor MAX31785 MSL...
Oct 25 20:32:01 witherspoon systemd[1]: Stopped target Host0 (Reset Check).
Oct 25 20:32:01 witherspoon systemd[1]: Created slice system-op\x2docc\x2ddisable.slice.
Oct 25 20:32:01 witherspoon systemd[1]: Starting OpenPOWER OCC Active Disable...
Oct 25 20:32:01 witherspoon systemd[1]: Starting Wait for /org/openbmc/HostIpmi/1...
Oct 25 20:32:01 witherspoon systemd[1]: Created slice system-vcs_off_poweroff.slice.
Oct 25 20:32:01 witherspoon systemd[1]: Started Phosphor Cooling Type.
Oct 25 20:32:01 witherspoon systemd[1]: Starting Wait for /xyz/openbmc_project/led/groups/power_on...
Oct 25 20:32:01 witherspoon systemd[1]: Starting Read OpenPOWER-format VPD from EEPROM...
Oct 25 20:32:01 witherspoon systemd[1]: Starting Wait for /org/openbmc/control/chassis0...
Oct 25 20:32:01 witherspoon systemd[1]: Created slice system-op\x2dpower\x2dstop.slice.
Oct 25 20:32:02 witherspoon systemd[1]: Started Reboot If Enabled.
Oct 25 20:32:02 witherspoon systemd[1]: Starting Time & Date Service...
Oct 25 20:32:03 witherspoon dbus[987]: [system] Successfully activated service 'org.freedesktop.timedate1'
Oct 25 20:32:03 witherspoon systemd-timedated[1354]: /etc/localtime should be a symbolic link to a time zone data file in /usr/share/zoneinfo/.
Oct 25 20:32:03 witherspoon systemd[1]: Started Time & Date Service.
Oct 25 20:32:03 witherspoon systemd[1]: Started Phosphor Time Manager daemon.
Oct 25 20:32:03 witherspoon systemd[1]: Started Wait for /xyz/openbmc_project/led/groups/power_on.
Oct 25 20:32:03 witherspoon systemd[1]: Starting Assert power_on LED...
Oct 25 20:32:03 witherspoon systemd[1]: Started Wait for /org/openbmc/control/chassis0.
Oct 25 20:32:04 witherspoon systemd[1]: Started Phosphor MAX31785 MSL.
Oct 25 20:32:04 witherspoon systemd[1]: Started OpenPOWER OCC Active Disable.
Oct 25 20:32:04 witherspoon systemd[1]: Started Wait for /org/openbmc/HostIpmi/1.
Oct 25 20:32:04 witherspoon systemd[1]: Starting Soft power off of the host...
Oct 25 20:32:05 witherspoon ipmid[1290]: Pushing cmd on to queue
Oct 25 20:32:05 witherspoon ipmid[1290]: Pushing cmd on to queue
Oct 25 20:32:05 witherspoon ipmid[1290]: Asserting SMS Attention
Oct 25 20:32:05 witherspoon systemd[1]: Started Read OpenPOWER-format VPD from EEPROM.
Oct 25 20:32:05 witherspoon systemd[1]: Starting Sync system/chassis/motherboard/uuid...
Oct 25 20:32:05 witherspoon systemd[1]: Starting Sync system/chassis/motherboard/bmc/ethernet...
Oct 25 20:32:06 witherspoon systemd[1]: Started Assert power_on LED.
Oct 25 20:32:06 witherspoon ipmid[1290]: SMS Attention asserted
Oct 25 20:32:09 witherspoon ipmid[1290]: Host control timeout hit!
Oct 25 20:32:09 witherspoon ipmid[1290]: Timer expired
Oct 25 20:32:09 witherspoon phosphor-softpoweroff[1369]: Host control signal values
Oct 25 20:32:09 witherspoon phosphor-softpoweroff[1369]: Timeout on host attention, continue with power down
Oct 25 20:32:09 witherspoon systemd[1]: Started Soft power off of the host.
Oct 25 20:32:12 witherspoon sync_inventory_items.py[1372]: Inventory MAC=70:e2:84:14:2a:08,System MAC=70:e2:84:14:2a:08
Oct 25 20:32:12 witherspoon systemd[1]: Started SSH Per-Connection Server (9.41.165.94:35118).
Oct 25 20:32:12 witherspoon systemd[1]: Started Sync system/chassis/motherboard/uuid.
Oct 25 20:32:12 witherspoon dropbear[1378]: Failed loading /var/lib/dropbear/dropbear_rsa_host_key
Oct 25 20:32:12 witherspoon dropbear[1378]: Failed loading /etc/dropbear/dropbear_dss_host_key
Oct 25 20:32:12 witherspoon dropbear[1378]: Failed loading /etc/dropbear/dropbear_ecdsa_host_key
Oct 25 20:32:12 witherspoon dropbear[1378]: Child connection from ::ffff:9.41.165.94:35118
Oct 25 20:32:13 witherspoon avahi-daemon[984]: Interface eth0.IPv6 no longer relevant for mDNS.
Oct 25 20:32:13 witherspoon systemd-networkd[1016]: eth0: Lost carrier
Oct 25 20:32:13 witherspoon avahi-daemon[984]: Leaving mDNS multicast group on interface eth0.IPv6 with address 2002:905:150e:301:72e2:84ff:fe14:2a08.
Oct 25 20:32:13 witherspoon avahi-daemon[984]: Interface eth0.IPv4 no longer relevant for mDNS.
Oct 25 20:32:13 witherspoon avahi-daemon[984]: Leaving mDNS multicast group on interface eth0.IPv4 with address 9.5.180.47.
Oct 25 20:32:13 witherspoon avahi-daemon[984]: Withdrawing address record for 2002:905:150e:301:72e2:84ff:fe14:2a08 on eth0.
Oct 25 20:32:14 witherspoon kernel: ftgmac100 1e660000.ethernet eth0: NCSI interface down
Oct 25 20:32:14 witherspoon kernel: 8021q: adding VLAN 0 to HW filter on device eth0
Oct 25 20:32:13 witherspoon systemd-networkd[1016]: eth0: Gained carrier
Oct 25 20:32:13 witherspoon avahi-daemon[984]: Withdrawing address record for 9.5.180.47 on eth0.
Oct 25 20:32:13 witherspoon systemd-timesyncd[829]: Network configuration changed, trying to establish connection.
Oct 25 20:32:13 witherspoon kernel[1033]: [  161.360000] ftgmac100 1e660000.ethernet eth0: NCSI interface down
Oct 25 20:32:13 witherspoon avahi-daemon[984]: Joining mDNS multicast group on interface eth0.IPv4 with address 9.5.180.47.
Oct 25 20:32:13 witherspoon avahi-daemon[984]: New relevant interface eth0.IPv4 for mDNS.
Oct 25 20:32:13 witherspoon avahi-daemon[984]: Registering new address record for 9.5.180.47 on eth0.IPv4.
Oct 25 20:32:13 witherspoon kernel[1033]: [  161.610000] 8021q: adding VLAN 0 to HW filter on device eth0
Oct 25 20:32:14 witherspoon systemd[1]: Started Sync system/chassis/motherboard/bmc/ethernet.
Oct 25 20:32:14 witherspoon systemd[1]: Reached target Phosphor System - Standby.
Oct 25 20:32:14 witherspoon systemd[1]: Reached target Stop Host0 (Pre).
Oct 25 20:32:14 witherspoon systemd[1]: Starting Power off mode unbind ir35221 device driver devs...
Oct 25 20:32:14 witherspoon systemd[1]: Starting Assert bmc_booted LED...
Oct 25 20:32:14 witherspoon systemd[1]: Reached target Host0 (Stopping).
Oct 25 20:32:14 witherspoon systemd[1]: Reached target Host0 (Stopped).
Oct 25 20:32:14 witherspoon systemd[1]: Reached target Power0 Off (Pre).
Oct 25 20:32:14 witherspoon systemd[1]: Starting Wait for Power0 to turn off...
Oct 25 20:32:14 witherspoon systemd[1]: Started Stop Power0.
Oct 25 20:32:14 witherspoon systemd[1]: Reached target Stop Hosti (Pre).
Oct 25 20:32:14 witherspoon systemd[1]: Reached target Hosti (Stopping).
Oct 25 20:32:16 witherspoon kernel: ftgmac100 1e660000.ethernet eth0: no vlan ids left to set
Oct 25 20:32:16 witherspoon kernel: ftgmac100 1e660000.ethernet eth0: NCSI interface up
Oct 25 20:32:14 witherspoon dropbear[1378]: PAM password auth succeeded for 'root' from ::ffff:9.41.165.94:35118
Oct 25 20:32:16 witherspoon phosphor-ledmanager[1031]: Asserting LEDs
Oct 25 20:32:14 witherspoon systemd[1]: Reached target Hosti (Stopped).
Oct 25 20:32:15 witherspoon kernel[1033]: [  162.640000] ftgmac100 1e660000.ethernet eth0: no vlan ids left to set
Oct 25 20:32:14 witherspoon systemd[1]: Reached target Poweri Off (Pre).
Oct 25 20:32:15 witherspoon kernel[1033]: [  162.640000] ftgmac100 1e660000.ethernet eth0: NCSI interface up
Oct 25 20:32:14 witherspoon systemd[1]: Reached target Poweri Off.
Oct 25 20:32:15 witherspoon avahi-daemon[984]: Joining mDNS multicast group on interface eth0.IPv6 with address 2002:905:150e:301:72e2:84ff:fe14:2a08.
Oct 25 20:32:14 witherspoon phosphor-bmc-state-manager[1287]: BMC_READY
Oct 25 20:32:15 witherspoon avahi-daemon[984]: New relevant interface eth0.IPv6 for mDNS.
Oct 25 20:32:14 witherspoon phosphor-bmc-state-manager[1287]: Setting the BMCState field
Oct 25 20:32:15 witherspoon avahi-daemon[984]: Registering new address record for 2002:905:150e:301:72e2:84ff:fe14:2a08 on eth0.*.
Oct 25 20:32:15 witherspoon systemd-networkd[1016]: eth0: Gained IPv6LL
Oct 25 20:32:15 witherspoon systemd-networkd[1016]: eth0: Configured
Oct 25 20:32:15 witherspoon systemd-timesyncd[829]: Network configuration changed, trying to establish connection.
Oct 25 20:32:15 witherspoon systemd[1]: Started Wait for Power0 to turn off.
Oct 25 20:32:15 witherspoon systemd[1]: Started Power off mode unbind ir35221 device driver devs.
Oct 25 20:32:16 witherspoon systemd[1]: xyz.openbmc_project.Hwmon@ahb-apb-i2c\x401e78a000-i2c\x2dbus\x40180-ir35221\x4070.service: Unit not needed anymore. Stopping.
Oct 25 20:32:16 witherspoon systemd[1]: xyz.openbmc_project.Hwmon@ahb-apb-i2c\x401e78a000-i2c\x2dbus\x40140-ir35221\x4070.service: Unit not needed anymore. Stopping.
Oct 25 20:32:16 witherspoon systemd[1]: xyz.openbmc_project.Hwmon@ahb-apb-i2c\x401e78a000-i2c\x2dbus\x40180-ir35221\x4071.service: Unit not needed anymore. Stopping.
Oct 25 20:32:16 witherspoon systemd[1]: xyz.openbmc_project.Hwmon@ahb-apb-i2c\x401e78a000-i2c\x2dbus\x40140-ir35221\x4071.service: Unit not needed anymore. Stopping.
Oct 25 20:32:16 witherspoon systemd[1]: Stopping Phosphor Hwmon Poller...
Oct 25 20:32:16 witherspoon systemd[1]: Stopped Phosphor Hwmon Poller.
Oct 25 20:32:16 witherspoon systemd[1]: Stopping Phosphor Hwmon Poller...
Oct 25 20:32:16 witherspoon systemd[1]: Stopped Phosphor Hwmon Poller.
Oct 25 20:32:16 witherspoon systemd[1]: Reached target Power0 Off.
Oct 25 20:32:16 witherspoon systemd[1]: Starting Disable VCS on a power off...
Oct 25 20:32:16 witherspoon systemd[1]: Stopped Phosphor Hwmon Poller.
Oct 25 20:32:16 witherspoon systemd[1]: Stopped Phosphor Hwmon Poller.
Oct 25 20:32:16 witherspoon systemd[1]: Started Assert bmc_booted LED.
Oct 25 20:32:16 witherspoon systemd[1]: Started Disable VCS on a power off.
Oct 25 20:32:16 witherspoon systemd[1]: Starting Power off mode bind ir35221 device driver devs...
Oct 25 20:32:17 witherspoon systemd[1]: Started Phosphor Hwmon Poller.
Oct 25 20:32:17 witherspoon systemd[1]: Started Phosphor Hwmon Poller.
Oct 25 20:32:17 witherspoon systemd[1]: Started Phosphor Hwmon Poller.
Oct 25 20:32:18 witherspoon systemd[1]: Started Phosphor Hwmon Poller.
Oct 25 20:32:18 witherspoon systemd[1]: Started Power off mode bind ir35221 device driver devs.
Oct 25 20:32:18 witherspoon systemd[1]: Reached target Chassis0 (Power Off).
Oct 25 20:32:18 witherspoon systemd[1]: Reached target Stop Host0.
Oct 25 20:32:18 witherspoon systemd[1]: Reached target Power0 Host Off.
Oct 25 20:32:18 witherspoon systemd[1]: Startup finished in 17.471s (kernel) + 2min 28.701s (userspace) = 2min 46.172s.
Oct 25 20:32:18 witherspoon phosphor-chassis-state-manager[1286]: Received signal that power OFF is complete
Oct 25 20:32:18 witherspoon phosphor-chassis-state-manager[1286]: Change to Chassis Power State
Oct 25 20:32:18 witherspoon phosphor-host-state-manager[1332]: Received signal that host is off
Oct 25 20:32:18 witherspoon phosphor-host-state-manager[1332]: Change to Host State
Oct 25 20:32:22 witherspoon phosphor-network-manager[1177]: ConfigParser: Key not found
Oct 25 20:32:22 witherspoon phosphor-network-manager[1177]: The operation failed internally.
Oct 25 20:32:22 witherspoon phosphor-network-manager[1177]: Exception occured during getting of DHCP value
Oct 25 20:32:22 witherspoon phosphor-network-manager[1177]: ConfigParser: Key not found
Oct 25 20:32:22 witherspoon phosphor-network-manager[1177]: The operation failed internally.
Oct 25 20:32:22 witherspoon phosphor-network-manager[1177]: Unable to find the NTP server configuration.
Oct 25 20:32:22 witherspoon phosphor-network-manager[1177]: Timer expired
Oct 25 20:32:22 witherspoon power_control.exe[1284]: Power already at requested state: 0
