-- Logs begin at Tue 2017-07-18 00:15:29 UTC, end at Tue 2017-07-18 00:23:05 UTC. --
Jul 18 00:15:29 witherspoon kernel: Booting Linux on physical CPU 0x0
Jul 18 00:15:29 witherspoon kernel: Linux version 4.10.17-b2cd8101eec3c200940405f12582473617a520f7 (jenkins@openbmc-builder1) (gcc version 6.2.0 (GCC) ) #1 Mon Jul 17 23:59:10 UTC 2017
Jul 18 00:15:29 witherspoon kernel: CPU: ARMv6-compatible processor [410fb767] revision 7 (ARMv7), cr=00c5387d
Jul 18 00:15:29 witherspoon kernel: CPU: PIPT / VIPT nonaliasing data cache, VIPT nonaliasing instruction cache
Jul 18 00:15:29 witherspoon kernel: OF: fdt:Machine model: Witherspoon BMC
Jul 18 00:15:29 witherspoon kernel: Memory policy: Data cache writeback
Jul 18 00:15:29 witherspoon kernel: SOC Rev: 04030303
Jul 18 00:15:29 witherspoon kernel: On node 0 totalpages: 110592
Jul 18 00:15:29 witherspoon kernel: free_area_init_node: node 0, pgdat 805fd514, node_mem_map 9ec1a000
Jul 18 00:15:29 witherspoon kernel:   Normal zone: 992 pages used for memmap
Jul 18 00:15:29 witherspoon kernel:   Normal zone: 0 pages reserved
Jul 18 00:15:29 witherspoon kernel:   Normal zone: 110592 pages, LIFO batch:31
Jul 18 00:15:29 witherspoon kernel: pcpu-alloc: s0 r0 d32768 u32768 alloc=1*32768
Jul 18 00:15:29 witherspoon kernel: pcpu-alloc: [0] 0 
Jul 18 00:15:29 witherspoon kernel: Built 1 zonelists in Zone order, mobility grouping on.  Total pages: 109600
Jul 18 00:15:29 witherspoon kernel: Kernel command line: console=ttyS4,115200n8 root=/dev/ram rw
Jul 18 00:15:29 witherspoon kernel: PID hash table entries: 2048 (order: 1, 8192 bytes)
Jul 18 00:15:29 witherspoon kernel: Dentry cache hash table entries: 65536 (order: 6, 262144 bytes)
Jul 18 00:15:29 witherspoon kernel: Inode-cache hash table entries: 32768 (order: 5, 131072 bytes)
Jul 18 00:15:29 witherspoon kernel: Memory: 430448K/442368K available (4062K kernel code, 280K rwdata, 1192K rodata, 280K init, 111K bss, 11920K reserved, 0K cma-reserved)
Jul 18 00:15:29 witherspoon kernel: Virtual kernel memory layout:
                                        vector  : 0xffff0000 - 0xffff1000   (   4 kB)
                                        fixmap  : 0xffc00000 - 0xfff00000   (3072 kB)
                                        vmalloc : 0x9f800000 - 0xff800000   (1536 MB)
                                        lowmem  : 0x80000000 - 0x9f000000   ( 496 MB)
                                          .text : 0x80008000 - 0x803ffd20   (4064 kB)
                                          .init : 0x80584000 - 0x805ca000   ( 280 kB)
                                          .data : 0x805ca000 - 0x806102a8   ( 281 kB)
                                           .bss : 0x806102a8 - 0x8062c158   ( 112 kB)
Jul 18 00:15:29 witherspoon kernel: NR_IRQS:16 nr_irqs:16 16
Jul 18 00:15:29 witherspoon kernel: i2c controller registered, irq 16
Jul 18 00:15:29 witherspoon kernel: clocksource: moxart_timer: mask: 0xffffffff max_cycles: 0xffffffff, max_idle_ns: 77222644334 ns
Jul 18 00:15:29 witherspoon kernel: sched_clock: 32 bits at 100 Hz, resolution 10000000ns, wraps every 21474836475000000ns
Jul 18 00:15:29 witherspoon kernel: Calibrating delay loop... 789.70 BogoMIPS (lpj=3948544)
Jul 18 00:15:29 witherspoon kernel: pid_max: default: 32768 minimum: 301
Jul 18 00:15:29 witherspoon kernel: Mount-cache hash table entries: 1024 (order: 0, 4096 bytes)
Jul 18 00:15:29 witherspoon kernel: Mountpoint-cache hash table entries: 1024 (order: 0, 4096 bytes)
Jul 18 00:15:29 witherspoon kernel: CPU: Testing write buffer coherency: ok
Jul 18 00:15:29 witherspoon kernel: ftrace: allocating 14933 entries in 44 pages
Jul 18 00:15:29 witherspoon kernel: Setting up static identity map for 0x80008200 - 0x8000825c
Jul 18 00:15:29 witherspoon kernel: devtmpfs: initialized
Jul 18 00:15:29 witherspoon kernel: clocksource: jiffies: mask: 0xffffffff max_cycles: 0xffffffff, max_idle_ns: 19112604462750000 ns
Jul 18 00:15:29 witherspoon kernel: futex hash table entries: 256 (order: -1, 3072 bytes)
Jul 18 00:15:29 witherspoon kernel: pinctrl core: initialized pinctrl subsystem
Jul 18 00:15:29 witherspoon kernel: NET: Registered protocol family 16
Jul 18 00:15:29 witherspoon kernel: DMA: preallocated 256 KiB pool for atomic coherent allocations
Jul 18 00:15:29 witherspoon kernel: usbcore: registered new interface driver usbfs
Jul 18 00:15:29 witherspoon kernel: usbcore: registered new interface driver hub
Jul 18 00:15:29 witherspoon kernel: usbcore: registered new device driver usb
Jul 18 00:15:29 witherspoon kernel: clocksource: Switched to clocksource moxart_timer
Jul 18 00:15:29 witherspoon kernel: NET: Registered protocol family 2
Jul 18 00:15:29 witherspoon kernel: TCP established hash table entries: 4096 (order: 2, 16384 bytes)
Jul 18 00:15:29 witherspoon kernel: TCP bind hash table entries: 4096 (order: 2, 16384 bytes)
Jul 18 00:15:29 witherspoon kernel: TCP: Hash tables configured (established 4096 bind 4096)
Jul 18 00:15:29 witherspoon kernel: UDP hash table entries: 256 (order: 0, 4096 bytes)
Jul 18 00:15:29 witherspoon kernel: UDP-Lite hash table entries: 256 (order: 0, 4096 bytes)
Jul 18 00:15:29 witherspoon kernel: NET: Registered protocol family 1
Jul 18 00:15:29 witherspoon kernel: Trying to unpack rootfs image as initramfs...
Jul 18 00:15:29 witherspoon kernel: Freeing initrd memory: 1548K
Jul 18 00:15:29 witherspoon kernel: workingset: timestamp_bits=30 max_order=17 bucket_order=0
Jul 18 00:15:29 witherspoon kernel: squashfs: version 4.0 (2009/01/31) Phillip Lougher
Jul 18 00:15:29 witherspoon kernel: jffs2: version 2.2. (SUMMARY)  © 2001-2006 Red Hat, Inc.
Jul 18 00:15:29 witherspoon kernel: Block layer SCSI generic (bsg) driver version 0.4 loaded (major 250)
Jul 18 00:15:29 witherspoon kernel: io scheduler noop registered
Jul 18 00:15:29 witherspoon kernel: io scheduler deadline registered
Jul 18 00:15:29 witherspoon kernel: io scheduler cfq registered (default)
Jul 18 00:15:29 witherspoon kernel: ipmi-bt-host 1e789140.ibt: Found bt bmc device
Jul 18 00:15:29 witherspoon kernel: ipmi-bt-host 1e789140.ibt: Using IRQ 22
Jul 18 00:15:29 witherspoon kernel: Serial: 8250/16550 driver, 6 ports, IRQ sharing enabled
Jul 18 00:15:29 witherspoon kernel: 1e783000.serial: ttyS0 at MMIO 0x1e783000 (irq = 23, base_baud = 1500000) is a 16550A
Jul 18 00:15:29 witherspoon kernel: 1e78d000.serial: ttyS1 at MMIO 0x1e78d000 (irq = 24, base_baud = 1500000) is a 16550A
Jul 18 00:15:29 witherspoon kernel: 1e784000.serial: ttyS4 at MMIO 0x1e784000 (irq = 25, base_baud = 1500000) is a 16550A
Jul 18 00:15:29 witherspoon kernel: console [ttyS4] enabled
Jul 18 00:15:29 witherspoon kernel: 1e787000.vuart: ttyS2 at MMIO 0x1e787000 (irq = 22, base_baud = 1500000) is a 16550A
Jul 18 00:15:29 witherspoon kernel: timeriomem_rng 1e6e2078.hwrng: 32bits from 0xf00e2078 @ 1us
Jul 18 00:15:29 witherspoon kernel: random: fast init done
Jul 18 00:15:29 witherspoon kernel: random: crng init done
Jul 18 00:15:29 witherspoon kernel: brd: module loaded
Jul 18 00:15:29 witherspoon kernel: loop: module loaded
Jul 18 00:15:29 witherspoon kernel: aspeed-lpc-ctrl 1e789080.lpc-ctrl: Loaded at 0x98000000 (0x04000000)
Jul 18 00:15:29 witherspoon kernel: aspeed-smc 1e620000.flash-controller: Using IRQ 18
Jul 18 00:15:29 witherspoon kernel: aspeed-smc 1e620000.flash-controller: DMA support disabled.
Jul 18 00:15:29 witherspoon kernel: aspeed-smc 1e620000.flash-controller: mx25l25635e (32768 Kbytes)
Jul 18 00:15:29 witherspoon kernel: aspeed-smc 1e620000.flash-controller: CE0 window [ 0x20000000 - 0x22000000 ] 32MB
Jul 18 00:15:29 witherspoon kernel: aspeed-smc 1e620000.flash-controller: CE1 window [ 0x22000000 - 0x2a000000 ] 128MB
Jul 18 00:15:29 witherspoon kernel: 5 ofpart partitions found on MTD device bmc
Jul 18 00:15:29 witherspoon kernel: Creating 5 MTD partitions on "bmc":
Jul 18 00:15:29 witherspoon kernel: 0x000000000000-0x000000060000 : "u-boot"
Jul 18 00:15:29 witherspoon kernel: 0x000000060000-0x000000080000 : "u-boot-env"
Jul 18 00:15:29 witherspoon kernel: 0x000000080000-0x0000004c0000 : "kernel"
Jul 18 00:15:29 witherspoon kernel: 0x0000004c0000-0x000001c00000 : "rofs"
Jul 18 00:15:29 witherspoon kernel: 0x000001c00000-0x000002000000 : "rwfs"
Jul 18 00:15:29 witherspoon kernel: aspeed-smc 1e620000.flash-controller: mx25l25635e (32768 Kbytes)
Jul 18 00:15:29 witherspoon kernel: aspeed-smc 1e620000.flash-controller: CE1 window [ 0x22000000 - 0x24000000 ] 32MB
Jul 18 00:15:29 witherspoon kernel: aspeed-smc 1e620000.flash-controller: CE2 window [ 0x24000000 - 0x2c000000 ] 128MB
Jul 18 00:15:29 witherspoon kernel: aspeed-smc 1e630000.flash-controller: mx66l1g45g (131072 Kbytes)
Jul 18 00:15:29 witherspoon kernel: aspeed-smc 1e630000.flash-controller: CE0 window resized to 120MB (AST2500 HW quirk)
Jul 18 00:15:29 witherspoon kernel: aspeed-smc 1e630000.flash-controller: CE0 window [ 0x30000000 - 0x37800000 ] 120MB
Jul 18 00:15:29 witherspoon kernel: aspeed-smc 1e630000.flash-controller: CE0 window too small for chip 128MB
Jul 18 00:15:29 witherspoon kernel: aspeed-smc 1e630000.flash-controller: CE1 window [ 0x37800000 - 0x38000000 ] 8MB
Jul 18 00:15:29 witherspoon kernel: libphy: Fixed MDIO Bus: probed
Jul 18 00:15:29 witherspoon kernel: ftgmac100 1e660000.ethernet: Read MAC address 70:e2:84:14:28:a9 from chip
Jul 18 00:15:29 witherspoon kernel: ftgmac100 1e660000.ethernet: Using NCSI interface
Jul 18 00:15:29 witherspoon kernel: ftgmac100 1e660000.ethernet eth0: irq 20, mapped at f0060000
Jul 18 00:15:29 witherspoon kernel: ehci_hcd: USB 2.0 'Enhanced' Host Controller (EHCI) Driver
Jul 18 00:15:29 witherspoon kernel: ehci-platform: EHCI generic platform driver
Jul 18 00:15:29 witherspoon kernel:  fsi0: can't read slave 00:00 -5
Jul 18 00:15:29 witherspoon kernel: i2c /dev entries driver
Jul 18 00:15:29 witherspoon kernel: aspeed-i2c-bus 1e78a0c0.i2c-bus: i2c bus 2 registered, irq 26
Jul 18 00:15:29 witherspoon kernel: aspeed-i2c-bus 1e78a100.i2c-bus: i2c bus 3 registered, irq 27
Jul 18 00:15:29 witherspoon kernel: aspeed-i2c-bus 1e78a140.i2c-bus: i2c bus 4 registered, irq 28
Jul 18 00:15:29 witherspoon kernel: aspeed-i2c-bus 1e78a180.i2c-bus: i2c bus 5 registered, irq 29
Jul 18 00:15:29 witherspoon kernel: aspeed-i2c-bus 1e78a380.i2c-bus: i2c bus 9 registered, irq 30
Jul 18 00:15:29 witherspoon kernel: aspeed-i2c-bus 1e78a3c0.i2c-bus: i2c bus 10 registered, irq 31
Jul 18 00:15:29 witherspoon kernel: rtc-rv8803 11-0032: Voltage low, temperature compensation stopped.
Jul 18 00:15:29 witherspoon kernel: rtc-rv8803 11-0032: rtc core: registered rx8900 as rtc0
Jul 18 00:15:29 witherspoon kernel: at24 11-0051: 8192 byte 24c64 EEPROM, writable, 1 bytes/write
Jul 18 00:15:29 witherspoon kernel: aspeed-i2c-bus 1e78a400.i2c-bus: i2c bus 11 registered, irq 32
Jul 18 00:15:29 witherspoon kernel: aspeed-i2c-bus 1e78a440.i2c-bus: i2c bus 12 registered, irq 33
Jul 18 00:15:29 witherspoon kernel: aspeed-i2c-bus 1e78a480.i2c-bus: i2c bus 13 registered, irq 34
Jul 18 00:15:29 witherspoon kernel: Driver for 1-wire Dallas network protocol.
Jul 18 00:15:29 witherspoon kernel: lm75 9-004a: hwmon0: sensor 'tmp275'
Jul 18 00:15:29 witherspoon kernel: ucd9000 11-0064: Device ID UCD90160|2.3.4.0000|110603
Jul 18 00:15:29 witherspoon kernel: leds-pca955x 3-0060: leds-pca955x: Using pca9552 16-bit LED driver at slave address 0x60
Jul 18 00:15:29 witherspoon kernel: leds-pca955x 11-0060: leds-pca955x: Using pca9552 16-bit LED driver at slave address 0x60
Jul 18 00:15:29 witherspoon kernel: leds-pca955x 11-0060: gpios 264...279
Jul 18 00:15:29 witherspoon kernel: usbcore: registered new interface driver usbhid
Jul 18 00:15:29 witherspoon kernel: usbhid: USB HID core driver
Jul 18 00:15:29 witherspoon kernel: bmp280: probe of 3-0077 failed with error -5
Jul 18 00:15:29 witherspoon kernel: dps310 3-0076: iio:device1: sensor 'dps310'
Jul 18 00:15:29 witherspoon kernel: NET: Registered protocol family 10
Jul 18 00:15:29 witherspoon kernel: Segment Routing with IPv6
Jul 18 00:15:29 witherspoon kernel: NET: Registered protocol family 17
Jul 18 00:15:29 witherspoon kernel: 8021q: 802.1Q VLAN Support v1.8
Jul 18 00:15:29 witherspoon kernel: console [netcon0] enabled
Jul 18 00:15:29 witherspoon kernel: netconsole: network logging started
Jul 18 00:15:29 witherspoon kernel: input: gpio-keys as /devices/platform/gpio-keys/input/input0
Jul 18 00:15:29 witherspoon kernel: rtc-rv8803 11-0032: setting system clock to 2017-07-18 00:15:17 UTC (1500336917)
Jul 18 00:15:29 witherspoon kernel: Freeing unused kernel memory: 280K
Jul 18 00:15:29 witherspoon kernel: This architecture does not have kernel memory protection.
Jul 18 00:15:29 witherspoon kernel: jffs2: notice: (523) jffs2_build_xattr_subsystem: complete building xattr subsystem, 0 of xdatum (0 unchecked, 0 orphan) and 0 of xref (0 dead, 0 orphan) found.
Jul 18 00:15:29 witherspoon systemd[1]: Failed to insert module 'autofs4': No such file or directory
Jul 18 00:15:29 witherspoon systemd[1]: systemd 232 running in system mode. (+PAM -AUDIT -SELINUX -IMA -APPARMOR -SMACK +SYSVINIT -UTMP -LIBCRYPTSETUP -GCRYPT -GNUTLS +ACL +XZ -LZ4 -SECCOMP +BLKID -ELFUTILS +KMOD -IDN)
Jul 18 00:15:29 witherspoon systemd[1]: Detected architecture arm.
Jul 18 00:15:29 witherspoon systemd[1]: Set hostname to <witherspoon>.
Jul 18 00:15:29 witherspoon systemd[1]: Listening on Syslog Socket.
Jul 18 00:15:29 witherspoon systemd[1]: Listening on Journal Socket.
Jul 18 00:15:29 witherspoon systemd[1]: Started Forward Password Requests to Wall Directory Watch.
Jul 18 00:15:29 witherspoon systemd[1]: Listening on /dev/initctl Compatibility Named Pipe.
Jul 18 00:15:29 witherspoon systemd[1]: Listening on udev Kernel Socket.
Jul 18 00:15:29 witherspoon systemd[1]: Listening on Network Service Netlink Socket.
Jul 18 00:15:29 witherspoon systemd[1]: Reached target Swap.
Jul 18 00:15:29 witherspoon systemd[1]: Starting Apply Kernel Variables...
Jul 18 00:15:29 witherspoon systemd[1]: Created slice system-phosphor\x2ddiscover\x2dsystem\x2dstate.slice.
Jul 18 00:15:29 witherspoon systemd[1]: Created slice system-phosphor\x2dcooling\x2dtype.slice.
Jul 18 00:15:29 witherspoon systemd[1]: Created slice system-op\x2dreset\x2dchassis\x2don.slice.
Jul 18 00:15:29 witherspoon systemd[1]: Created slice system-phosphor\x2dreset\x2dhost\x2dcheck.slice.
Jul 18 00:15:29 witherspoon systemd[1]: Created slice system-mapper\x2dwait.slice.
Jul 18 00:15:29 witherspoon systemd[1]: Created slice system-obmc\x2dled\x2dgroup\x2dstart.slice.
Jul 18 00:15:29 witherspoon systemd[1]: Created slice system-org.openbmc.control.Chassis.slice.
Jul 18 00:15:29 witherspoon systemd[1]: Created slice system-org.openbmc.buttons.reset.slice.
Jul 18 00:15:29 witherspoon systemd[1]: Starting Journal Service...
Jul 18 00:15:29 witherspoon systemd-journald[544]: Journal started
Jul 18 00:15:29 witherspoon systemd-journald[544]: Runtime journal (/run/log/journal/12c6a00ebfdd479284cf09f39d1bc042) is 0B, max 0B, 0B free.
Jul 18 00:15:29 witherspoon systemd-sysctl[541]: Couldn't write '16' to 'kernel/sysrq', ignoring: No such file or directory
Jul 18 00:15:29 witherspoon systemd-sysctl[541]: Couldn't write 'fq_codel' to 'net/core/default_qdisc', ignoring: No such file or directory
Jul 18 00:15:31 witherspoon systemd[1]: Started Apply Kernel Variables.
Jul 18 00:15:31 witherspoon systemd[1]: Started Remount Root and Kernel File Systems.
Jul 18 00:15:31 witherspoon systemd[1]: Starting Create System Users...
Jul 18 00:15:31 witherspoon systemd[1]: Starting Flush Journal to Persistent Storage...
Jul 18 00:15:32 witherspoon systemd[1]: Started udev Coldplug all Devices.
Jul 18 00:15:32 witherspoon systemd[1]: Started Create System Users.
Jul 18 00:15:32 witherspoon systemd[1]: Starting Create Static Device Nodes in /dev...
Jul 18 00:15:32 witherspoon systemd[1]: Started Create Static Device Nodes in /dev.
Jul 18 00:15:33 witherspoon systemd[1]: Starting udev Kernel Device Manager...
Jul 18 00:15:33 witherspoon systemd[1]: Reached target Local File Systems (Pre).
Jul 18 00:15:33 witherspoon systemd[1]: Mounting /var/volatile...
Jul 18 00:15:33 witherspoon systemd[1]: Mounted /var/volatile.
Jul 18 00:15:33 witherspoon systemd-journald[544]: Runtime journal (/run/log/journal/12c6a00ebfdd479284cf09f39d1bc042) is 0B, max 0B, 0B free.
Jul 18 00:15:33 witherspoon systemd[1]: Starting Load/Save Random Seed...
Jul 18 00:15:33 witherspoon systemd[1]: Reached target Local File Systems.
Jul 18 00:15:33 witherspoon systemd[1]: Starting Rebuild Journal Catalog...
Jul 18 00:15:33 witherspoon systemd[1]: Started Flush Journal to Persistent Storage.
Jul 18 00:15:33 witherspoon systemd[1]: Starting Create Volatile Files and Directories...
Jul 18 00:15:34 witherspoon systemd[1]: Started Load/Save Random Seed.
Jul 18 00:15:34 witherspoon systemd-tmpfiles[893]: "/var/tmp" already exists and is not a directory.
Jul 18 00:15:34 witherspoon systemd-tmpfiles[893]: "/var/log" already exists and is not a directory.
Jul 18 00:15:34 witherspoon systemd[1]: Started Create Volatile Files and Directories.
Jul 18 00:15:34 witherspoon systemd[1]: Started Rebuild Journal Catalog.
Jul 18 00:15:34 witherspoon systemd[1]: Starting Update is Completed...
Jul 18 00:15:34 witherspoon systemd[1]: Starting Network Time Synchronization...
Jul 18 00:15:34 witherspoon systemd[1]: Starting Run pending postinsts...
Jul 18 00:15:34 witherspoon systemd[1]: Started Update is Completed.
Jul 18 00:15:35 witherspoon systemd[1]: Started udev Kernel Device Manager.
Jul 18 00:15:35 witherspoon systemd[1]: Started Network Time Synchronization.
Jul 18 00:15:35 witherspoon systemd[1]: Reached target System Time Synchronized.
Jul 18 00:15:35 witherspoon run-postinsts[899]: Running postinst /etc/rpm-postinsts/libglib-2.0-0...
Jul 18 00:15:36 witherspoon systemd[1]: Found device /dev/aspeed-lpc-ctrl.
Jul 18 00:15:36 witherspoon systemd[1]: Found device /dev/aspeed-mbox.
Jul 18 00:15:37 witherspoon systemd[1]: Found device /dev/ttyS4.
Jul 18 00:15:37 witherspoon systemd[1]: Found device /dev/ttyVUART0.
Jul 18 00:15:38 witherspoon run-postinsts[899]: rm: can't remove '/etc/rpm-postinsts': Invalid argument
Jul 18 00:15:38 witherspoon run-postinsts[899]:  Removing any system startup links for run-postinsts ...
Jul 18 00:15:39 witherspoon systemctl[930]: Removed /etc/systemd/system/sysinit.target.wants/run-postinsts.service.
Jul 18 00:15:39 witherspoon systemd[1]: Reloading.
Jul 18 00:15:41 witherspoon systemd[1]: Created slice system-xyz.openbmc_project.led.controller.slice.
Jul 18 00:15:41 witherspoon systemd[1]: dev-hugepages.mount: Couldn't determine result for ConditionVirtualization=!private-users, assuming failed: No such file or directory
Jul 18 00:15:41 witherspoon systemd[1]: Created slice system-xyz.openbmc_project.Hwmon.slice.
Jul 18 00:15:41 witherspoon systemd[1]: Started Run pending postinsts.
Jul 18 00:15:41 witherspoon systemd[1]: Reached target System Initialization.
Jul 18 00:15:41 witherspoon systemd[1]: Listening on Avahi mDNS/DNS-SD Stack Activation Socket.
Jul 18 00:15:41 witherspoon systemd[1]: Listening on Phosphor DBUS Browser socket.
Jul 18 00:15:41 witherspoon systemd[1]: Listening on Phosphor Host Console SSH Per-Connection socket.
Jul 18 00:15:41 witherspoon systemd[1]: Listening on Phosphor Webserver socket.
Jul 18 00:15:41 witherspoon systemd[1]: Started Daily Cleanup of Temporary Directories.
Jul 18 00:15:41 witherspoon systemd[1]: Reached target Timers.
Jul 18 00:15:41 witherspoon systemd[1]: Listening on D-Bus System Message Bus Socket.
Jul 18 00:15:42 witherspoon systemd[1]: Listening on phosphor-ipmi-net.socket.
Jul 18 00:15:42 witherspoon systemd[1]: Listening on dropbear.socket.
Jul 18 00:15:42 witherspoon systemd[1]: Reached target Sockets.
Jul 18 00:15:42 witherspoon systemd[1]: Reached target Basic System.
Jul 18 00:15:42 witherspoon systemd[1]: Started Phosphor MBOX Daemon.
Jul 18 00:15:42 witherspoon systemd[1]: Started Phosphor Hwmon Poller.
Jul 18 00:15:42 witherspoon systemd[1]: Starting Phosphor DBus Service Discovery Manager...
Jul 18 00:15:42 witherspoon systemd[1]: Starting Phosphor Sensor Manager...
Jul 18 00:15:42 witherspoon systemd[1]: Starting OpenPower Software Update Manager...
Jul 18 00:15:42 witherspoon systemd[1]: Starting Avahi mDNS/DNS-SD Stack...
Jul 18 00:15:42 witherspoon systemd[1]: Started Hardware RNG Entropy Gatherer Daemon.
Jul 18 00:15:42 witherspoon systemd[1]: Started Phosphor Hwmon Poller.
Jul 18 00:15:42 witherspoon systemd[1]: Starting Phosphor Inventory Manager...
Jul 18 00:15:42 witherspoon systemd[1]: Started Phosphor Dump core monitor..
Jul 18 00:15:42 witherspoon systemd[1]: Started Phosphor sysfs LED controller.
Jul 18 00:15:43 witherspoon systemd[1]: Starting Phosphor Settings Daemon...
Jul 18 00:15:43 witherspoon systemd[1]: Started Phosphor Console Muxer listening on device /dev/ttyVUART0.
Jul 18 00:15:44 witherspoon systemd[1]: Started System Logging Service.
Jul 18 00:15:44 witherspoon systemd[1]: Starting Phosphor Download Manager...
Jul 18 00:15:44 witherspoon systemd[1]: Starting Phosphor Network Manager...
Jul 18 00:15:44 witherspoon systemd[1]: Started Phosphor sysfs LED controller.
Jul 18 00:15:44 witherspoon systemd[1]: Started Phosphor sysfs LED controller.
Jul 18 00:15:44 witherspoon systemd[1]: Starting Phosphor LED Group Management Daemon...
Jul 18 00:15:44 witherspoon systemd[1]: Starting Phosphor Chassis0 Control...
Jul 18 00:15:44 witherspoon systemd[1]: Starting Phosphor Inventory Manager...
Jul 18 00:15:44 witherspoon systemd[1]: Started Phosphor sysfs LED controller.
Jul 18 00:15:44 witherspoon systemd[1]: Started Phosphor Hwmon Poller.
Jul 18 00:15:44 witherspoon systemd[1]: Started Phosphor Hwmon Poller.
Jul 18 00:15:44 witherspoon systemd[1]: Starting Phosphor IPMI BT DBus Bridge...
Jul 18 00:15:44 witherspoon systemd[1]: Started Phosphor sysfs LED controller.
Jul 18 00:15:44 witherspoon systemd[1]: Started Phosphor sysfs LED controller.
Jul 18 00:15:45 witherspoon systemd[1]: Starting OpenBMC Software Update Manager...
Jul 18 00:15:45 witherspoon systemd[1]: Starting Phosphor Log Manager...
Jul 18 00:15:45 witherspoon systemd[1]: Started Kernel Logging Service.
Jul 18 00:15:45 witherspoon systemd[1]: Starting Phosphor Dump Manager...
Jul 18 00:15:45 witherspoon systemd[1]: Started Phosphor sysfs LED controller.
Jul 18 00:15:45 witherspoon systemd[1]: Started Phosphor Hwmon Poller.
Jul 18 00:15:45 witherspoon systemd[1]: Starting Phosphor Download Manager...
Jul 18 00:15:45 witherspoon systemd[1]: Started Phosphor sysfs LED controller.
Jul 18 00:15:45 witherspoon systemd[1]: Started Phosphor Hwmon Poller.
Jul 18 00:15:46 witherspoon systemd[1]: Started Phosphor sysfs LED controller.
Jul 18 00:15:46 witherspoon systemd[1]: Reached target Containers.
Jul 18 00:15:46 witherspoon systemd[1]: Starting Phosphor User Manager...
Jul 18 00:15:46 witherspoon systemd[1]: Starting Phosphor BMC0 Control...
Jul 18 00:15:46 witherspoon systemd[1]: Started D-Bus System Message Bus.
Jul 18 00:15:47 witherspoon kernel[970]: klogd started: BusyBox v1.24.1 (2017-06-16 19:29:08 UTC)
Jul 18 00:15:47 witherspoon kernel[970]: [    0.000000] Booting Linux on physical CPU 0x0
Jul 18 00:15:47 witherspoon kernel[970]: [    0.000000] Linux version 4.10.17-b2cd8101eec3c200940405f12582473617a520f7 (jenkins@openbmc-builder1) (gcc version 6.2.0 (GCC) ) #1 Mon Jul 17 23:59:10 UTC 2017
Jul 18 00:15:47 witherspoon kernel[970]: [    0.000000] CPU: ARMv6-compatible processor [410fb767] revision 7 (ARMv7), cr=00c5387d
Jul 18 00:15:47 witherspoon kernel[970]: [    0.000000] CPU: PIPT / VIPT nonaliasing data cache, VIPT nonaliasing instruction cache
Jul 18 00:15:47 witherspoon kernel[970]: [    0.000000] OF: fdt:Machine model: Witherspoon BMC
Jul 18 00:15:47 witherspoon kernel[970]: [    0.000000] Memory policy: Data cache writeback
Jul 18 00:15:47 witherspoon kernel[970]: [    0.000000] SOC Rev: 04030303
Jul 18 00:15:47 witherspoon kernel[970]: [    0.000000] On node 0 totalpages: 110592
Jul 18 00:15:47 witherspoon kernel[970]: [    0.000000] free_area_init_node: node 0, pgdat 805fd514, node_mem_map 9ec1a000
Jul 18 00:15:47 witherspoon kernel[970]: [    0.000000]   Normal zone: 992 pages used for memmap
Jul 18 00:15:47 witherspoon kernel[970]: [    0.000000]   Normal zone: 0 pages reserved
Jul 18 00:15:47 witherspoon kernel[970]: [    0.000000]   Normal zone: 110592 pages, LIFO batch:31
Jul 18 00:15:47 witherspoon kernel[970]: [    0.000000] pcpu-alloc: s0 r0 d32768 u32768 alloc=1*32768
Jul 18 00:15:47 witherspoon kernel[970]: [    0.000000] pcpu-alloc: [0] 0
Jul 18 00:15:47 witherspoon kernel[970]: [    0.000000] Built 1 zonelists in Zone order, mobility grouping on.  Total pages: 109600
Jul 18 00:15:47 witherspoon kernel[970]: [    0.000000] Kernel command line: console=ttyS4,115200n8 root=/dev/ram rw
Jul 18 00:15:47 witherspoon kernel[970]: [    0.000000] PID hash table entries: 2048 (order: 1, 8192 bytes)
Jul 18 00:15:47 witherspoon kernel[970]: [    0.000000] Dentry cache hash table entries: 65536 (order: 6, 262144 bytes)
Jul 18 00:15:47 witherspoon kernel[970]: [    0.000000] Inode-cache hash table entries: 32768 (order: 5, 131072 bytes)
Jul 18 00:15:47 witherspoon kernel[970]: [    0.000000] Memory: 430448K/442368K available (4062K kernel code, 280K rwdata, 1192K rodata, 280K init, 111K bss, 11920K reserved, 0K cma-reserved)
Jul 18 00:15:47 witherspoon kernel[970]: [    0.000000] Virtual kernel memory layout:
Jul 18 00:15:47 witherspoon kernel[970]: [    0.000000]     vector  : 0xffff0000 - 0xffff1000   (   4 kB)
Jul 18 00:15:47 witherspoon kernel[970]: [    0.000000]     fixmap  : 0xffc00000 - 0xfff00000   (3072 kB)
Jul 18 00:15:47 witherspoon kernel[970]: [    0.000000]     vmalloc : 0x9f800000 - 0xff800000   (1536 MB)
Jul 18 00:15:47 witherspoon kernel[970]: [    0.000000]     lowmem  : 0x80000000 - 0x9f000000   ( 496 MB)
Jul 18 00:15:47 witherspoon kernel[970]: [    0.000000]       .text : 0x80008000 - 0x803ffd20   (4064 kB)
Jul 18 00:15:47 witherspoon kernel[970]: [    0.000000]       .init : 0x80584000 - 0x805ca000   ( 280 kB)
Jul 18 00:15:47 witherspoon kernel[970]: [    0.000000]       .data : 0x805ca000 - 0x806102a8   ( 281 kB)
Jul 18 00:15:47 witherspoon kernel[970]: [    0.000000]        .bss : 0x806102a8 - 0x8062c158   ( 112 kB)
Jul 18 00:15:47 witherspoon kernel[970]: [    0.000000] NR_IRQS:16 nr_irqs:16 16
Jul 18 00:15:47 witherspoon kernel[970]: [    0.000000] i2c controller registered, irq 16
Jul 18 00:15:47 witherspoon kernel[970]: [    0.000000] clocksource: moxart_timer: mask: 0xffffffff max_cycles: 0xffffffff, max_idle_ns: 77222644334 ns
Jul 18 00:15:47 witherspoon kernel[970]: [    0.000000] sched_clock: 32 bits at 100 Hz, resolution 10000000ns, wraps every 21474836475000000ns
Jul 18 00:15:47 witherspoon kernel[970]: [    0.090000] Calibrating delay loop... 789.70 BogoMIPS (lpj=3948544)
Jul 18 00:15:47 witherspoon kernel[970]: [    0.090000] pid_max: default: 32768 minimum: 301
Jul 18 00:15:47 witherspoon kernel[970]: [    0.090000] Mount-cache hash table entries: 1024 (order: 0, 4096 bytes)
Jul 18 00:15:47 witherspoon kernel[970]: [    0.090000] Mountpoint-cache hash table entries: 1024 (order: 0, 4096 bytes)
Jul 18 00:15:47 witherspoon kernel[970]: [    0.090000] CPU: Testing write buffer coherency: ok
Jul 18 00:15:47 witherspoon kernel[970]: [    0.090000] ftrace: allocating 14933 entries in 44 pages
Jul 18 00:15:47 witherspoon kernel[970]: [    0.120000] Setting up static identity map for 0x80008200 - 0x8000825c
Jul 18 00:15:47 witherspoon kernel[970]: [    0.120000] devtmpfs: initialized
Jul 18 00:15:47 witherspoon kernel[970]: [    0.140000] clocksource: jiffies: mask: 0xffffffff max_cycles: 0xffffffff, max_idle_ns: 19112604462750000 ns
Jul 18 00:15:47 witherspoon kernel[970]: [    0.140000] futex hash table entries: 256 (order: -1, 3072 bytes)
Jul 18 00:15:47 witherspoon kernel[970]: [    0.140000] pinctrl core: initialized pinctrl subsystem
Jul 18 00:15:47 witherspoon kernel[970]: [    0.140000] NET: Registered protocol family 16
Jul 18 00:15:47 witherspoon kernel[970]: [    0.140000] DMA: preallocated 256 KiB pool for atomic coherent allocations
Jul 18 00:15:47 witherspoon kernel[970]: [    0.210000] usbcore: registered new interface driver usbfs
Jul 18 00:15:47 witherspoon kernel[970]: [    0.210000] usbcore: registered new interface driver hub
Jul 18 00:15:47 witherspoon kernel[970]: [    0.210000] usbcore: registered new device driver usb
Jul 18 00:15:47 witherspoon kernel[970]: [    0.210000] clocksource: Switched to clocksource moxart_timer
Jul 18 00:15:47 witherspoon kernel[970]: [    0.220000] NET: Registered protocol family 2
Jul 18 00:15:47 witherspoon kernel[970]: [    0.220000] TCP established hash table entries: 4096 (order: 2, 16384 bytes)
Jul 18 00:15:47 witherspoon kernel[970]: [    0.220000] TCP bind hash table entries: 4096 (order: 2, 16384 bytes)
Jul 18 00:15:47 witherspoon kernel[970]: [    0.220000] TCP: Hash tables configured (established 4096 bind 4096)
Jul 18 00:15:47 witherspoon kernel[970]: [    0.220000] UDP hash table entries: 256 (order: 0, 4096 bytes)
Jul 18 00:15:47 witherspoon kernel[970]: [    0.220000] UDP-Lite hash table entries: 256 (order: 0, 4096 bytes)
Jul 18 00:15:47 witherspoon kernel[970]: [    0.230000] NET: Registered protocol family 1
Jul 18 00:15:47 witherspoon kernel[970]: [    0.230000] Trying to unpack rootfs image as initramfs...
Jul 18 00:15:47 witherspoon kernel[970]: [    1.900000] Freeing initrd memory: 1548K
Jul 18 00:15:47 witherspoon kernel[970]: [    1.900000] workingset: timestamp_bits=30 max_order=17 bucket_order=0
Jul 18 00:15:47 witherspoon kernel[970]: [    1.900000] squashfs: version 4.0 (2009/01/31) Phillip Lougher
Jul 18 00:15:47 witherspoon kernel[970]: [    1.900000] jffs2: version 2.2. (SUMMARY)  © 2001-2006 Red Hat, Inc.
Jul 18 00:15:47 witherspoon kernel[970]: [    1.900000] Block layer SCSI generic (bsg) driver version 0.4 loaded (major 250)
Jul 18 00:15:47 witherspoon kernel[970]: [    1.900000] io scheduler noop registered
Jul 18 00:15:47 witherspoon kernel[970]: [    1.900000] io scheduler deadline registered
Jul 18 00:15:50 witherspoon phosphor-hwmon-readd[976]: Usage: /usr/sbin/phosphor-hwmon-readd [options]
Jul 18 00:15:50 witherspoon phosphor-hwmon-readd[976]: Options:
Jul 18 00:15:50 witherspoon phosphor-hwmon-readd[976]:     --help               print this menu
Jul 18 00:15:50 witherspoon phosphor-hwmon-readd[976]:     --path=<path>        sysfs location to monitor
Jul 18 00:15:50 witherspoon phosphor-hwmon-readd[976]:     --of-name=<path>     open firmware device name to monitor
Jul 18 00:15:50 witherspoon phosphor-hwmon-readd[976]: ERROR: Path not specified or invalid.
Jul 18 00:15:47 witherspoon kernel[970]: [    1.900000] io scheduler cfq registered (default)
Jul 18 00:15:47 witherspoon kernel[970]: [    2.050000] ipmi-bt-host 1e789140.ibt: Found bt bmc device
Jul 18 00:15:47 witherspoon kernel[970]: [    2.050000] ipmi-bt-host 1e789140.ibt: Using IRQ 22
Jul 18 00:15:47 witherspoon kernel[970]: [    2.050000] Serial: 8250/16550 driver, 6 ports, IRQ sharing enabled
Jul 18 00:15:47 witherspoon kernel[970]: [    2.050000] 1e783000.serial: ttyS0 at MMIO 0x1e783000 (irq = 23, base_baud = 1500000) is a 16550A
Jul 18 00:15:47 witherspoon kernel[970]: [    2.050000] 1e78d000.serial: ttyS1 at MMIO 0x1e78d000 (irq = 24, base_baud = 1500000) is a 16550A
Jul 18 00:15:47 witherspoon kernel[970]: [    2.050000] 1e784000.serial: ttyS4 at MMIO 0x1e784000 (irq = 25, base_baud = 1500000) is a 16550A
Jul 18 00:15:47 witherspoon kernel[970]: [    2.400000] console [ttyS4] enabled
Jul 18 00:15:47 witherspoon kernel[970]: [    2.400000] 1e787000.vuart: ttyS2 at MMIO 0x1e787000 (irq = 22, base_baud = 1500000) is a 16550A
Jul 18 00:15:47 witherspoon kernel[970]: [    2.590000] timeriomem_rng 1e6e2078.hwrng: 32bits from 0xf00e2078 @ 1us
Jul 18 00:15:47 witherspoon kernel[970]: [    2.600000] random: fast init done
Jul 18 00:15:47 witherspoon kernel[970]: [    2.640000] random: crng init done
Jul 18 00:15:47 witherspoon kernel[970]: [    2.650000] brd: module loaded
Jul 18 00:15:47 witherspoon kernel[970]: [    2.670000] loop: module loaded
Jul 18 00:15:47 witherspoon kernel[970]: [    2.680000] aspeed-lpc-ctrl 1e789080.lpc-ctrl: Loaded at 0x98000000 (0x04000000)
Jul 18 00:15:47 witherspoon kernel[970]: [    2.690000] aspeed-smc 1e620000.flash-controller: Using IRQ 18
Jul 18 00:15:47 witherspoon kernel[970]: [    2.690000] aspeed-smc 1e620000.flash-controller: DMA support disabled.
Jul 18 00:15:47 witherspoon kernel[970]: [    2.700000] aspeed-smc 1e620000.flash-controller: mx25l25635e (32768 Kbytes)
Jul 18 00:15:47 witherspoon kernel[970]: [    2.700000] aspeed-smc 1e620000.flash-controller: CE0 window [ 0x20000000 - 0x22000000 ] 32MB
Jul 18 00:15:47 witherspoon kernel[970]: [    2.700000] aspeed-smc 1e620000.flash-controller: CE1 window [ 0x22000000 - 0x2a000000 ] 128MB
Jul 18 00:15:47 witherspoon kernel[970]: [    2.730000] 5 ofpart partitions found on MTD device bmc
Jul 18 00:15:47 witherspoon kernel[970]: [    2.730000] Creating 5 MTD partitions on "bmc":
Jul 18 00:15:47 witherspoon kernel[970]: [    2.740000] 0x000000000000-0x000000060000 : "u-boot"
Jul 18 00:15:47 witherspoon kernel[970]: [    2.740000] 0x000000060000-0x000000080000 : "u-boot-env"
Jul 18 00:15:47 witherspoon kernel[970]: [    2.760000] 0x000000080000-0x0000004c0000 : "kernel"
Jul 18 00:15:47 witherspoon kernel[970]: [    2.770000] 0x0000004c0000-0x000001c00000 : "rofs"
Jul 18 00:15:47 witherspoon kernel[970]: [    2.780000] 0x000001c00000-0x000002000000 : "rwfs"
Jul 18 00:15:47 witherspoon kernel[970]: [    2.790000] aspeed-smc 1e620000.flash-controller: mx25l25635e (32768 Kbytes)
Jul 18 00:15:47 witherspoon kernel[970]: [    2.800000] aspeed-smc 1e620000.flash-controller: CE1 window [ 0x22000000 - 0x24000000 ] 32MB
Jul 18 00:15:47 witherspoon kernel[970]: [    2.800000] aspeed-smc 1e620000.flash-controller: CE2 window [ 0x24000000 - 0x2c000000 ] 128MB
Jul 18 00:15:47 witherspoon kernel[970]: [    2.820000] aspeed-smc 1e630000.flash-controller: mx66l1g45g (131072 Kbytes)
Jul 18 00:15:47 witherspoon kernel[970]: [    2.830000] aspeed-smc 1e630000.flash-controller: CE0 window resized to 120MB (AST2500 HW quirk)
Jul 18 00:15:47 witherspoon kernel[970]: [    2.830000] aspeed-smc 1e630000.flash-controller: CE0 window [ 0x30000000 - 0x37800000 ] 120MB
Jul 18 00:15:47 witherspoon kernel[970]: [    2.850000] aspeed-smc 1e630000.flash-controller: CE0 window too small for chip 128MB
Jul 18 00:15:47 witherspoon kernel[970]: [    2.850000] aspeed-smc 1e630000.flash-controller: CE1 window [ 0x37800000 - 0x38000000 ] 8MB
Jul 18 00:15:47 witherspoon kernel[970]: [    3.620000] libphy: Fixed MDIO Bus: probed
Jul 18 00:15:47 witherspoon kernel[970]: [    3.620000] ftgmac100 1e660000.ethernet: Read MAC address 70:e2:84:14:28:a9 from chip
Jul 18 00:15:47 witherspoon kernel[970]: [    3.620000] ftgmac100 1e660000.ethernet: Using NCSI interface
Jul 18 00:15:47 witherspoon kernel[970]: [    3.620000] ftgmac100 1e660000.ethernet eth0: irq 20, mapped at f0060000
Jul 18 00:15:51 witherspoon systemd[1]: Started Phosphor Settings Daemon.
Jul 18 00:15:47 witherspoon kernel[970]: [    3.620000] ehci_hcd: USB 2.0 'Enhanced' Host Controller (EHCI) Driver
Jul 18 00:15:47 witherspoon kernel[970]: [    3.620000] ehci-platform: EHCI generic platform driver
Jul 18 00:15:47 witherspoon kernel[970]: [    3.830000]  fsi0: can't read slave 00:00 -5
Jul 18 00:15:47 witherspoon kernel[970]: [    3.830000] i2c /dev entries driver
Jul 18 00:15:47 witherspoon kernel[970]: [    3.830000] aspeed-i2c-bus 1e78a0c0.i2c-bus: i2c bus 2 registered, irq 26
Jul 18 00:15:47 witherspoon kernel[970]: [    3.830000] aspeed-i2c-bus 1e78a100.i2c-bus: i2c bus 3 registered, irq 27
Jul 18 00:15:47 witherspoon kernel[970]: [    3.830000] aspeed-i2c-bus 1e78a140.i2c-bus: i2c bus 4 registered, irq 28
Jul 18 00:15:47 witherspoon kernel[970]: [    3.830000] aspeed-i2c-bus 1e78a180.i2c-bus: i2c bus 5 registered, irq 29
Jul 18 00:15:47 witherspoon kernel[970]: [    3.830000] aspeed-i2c-bus 1e78a380.i2c-bus: i2c bus 9 registered, irq 30
Jul 18 00:15:47 witherspoon kernel[970]: [    3.830000] aspeed-i2c-bus 1e78a3c0.i2c-bus: i2c bus 10 registered, irq 31
Jul 18 00:15:47 witherspoon kernel[970]: [    3.830000] rtc-rv8803 11-0032: Voltage low, temperature compensation stopped.
Jul 18 00:15:47 witherspoon kernel[970]: [    3.930000] rtc-rv8803 11-0032: rtc core: registered rx8900 as rtc0
Jul 18 00:15:47 witherspoon kernel[970]: [    3.940000] at24 11-0051: 8192 byte 24c64 EEPROM, writable, 1 bytes/write
Jul 18 00:15:51 witherspoon systemd[1]: Started Avahi mDNS/DNS-SD Stack.
Jul 18 00:15:47 witherspoon kernel[970]: [    3.940000] aspeed-i2c-bus 1e78a400.i2c-bus: i2c bus 11 registered, irq 32
Jul 18 00:15:47 witherspoon kernel[970]: [    3.940000] aspeed-i2c-bus 1e78a440.i2c-bus: i2c bus 12 registered, irq 33
Jul 18 00:15:47 witherspoon kernel[970]: [    3.940000] aspeed-i2c-bus 1e78a480.i2c-bus: i2c bus 13 registered, irq 34
Jul 18 00:15:47 witherspoon kernel[970]: [    3.940000] Driver for 1-wire Dallas network protocol.
Jul 18 00:15:47 witherspoon kernel[970]: [    3.940000] lm75 9-004a: hwmon0: sensor 'tmp275'
Jul 18 00:15:47 witherspoon kernel[970]: [    4.400000] ucd9000 11-0064: Device ID UCD90160|2.3.4.0000|110603
Jul 18 00:15:47 witherspoon kernel[970]: [    4.730000] leds-pca955x 3-0060: leds-pca955x: Using pca9552 16-bit LED driver at slave address 0x60
Jul 18 00:15:47 witherspoon kernel[970]: [    4.750000] leds-pca955x 11-0060: leds-pca955x: Using pca9552 16-bit LED driver at slave address 0x60
Jul 18 00:15:47 witherspoon kernel[970]: [    4.770000] leds-pca955x 11-0060: gpios 264...279
Jul 18 00:15:47 witherspoon kernel[970]: [    4.770000] usbcore: registered new interface driver usbhid
Jul 18 00:15:47 witherspoon kernel[970]: [    4.780000] usbhid: USB HID core driver
Jul 18 00:15:47 witherspoon kernel[970]: [    4.780000] bmp280: probe of 3-0077 failed with error -5
Jul 18 00:15:47 witherspoon kernel[970]: [    4.800000] dps310 3-0076: iio:device1: sensor 'dps310'
Jul 18 00:15:47 witherspoon kernel[970]: [    4.810000] NET: Registered protocol family 10
Jul 18 00:15:47 witherspoon kernel[970]: [    4.810000] Segment Routing with IPv6
Jul 18 00:15:47 witherspoon kernel[970]: [    4.810000] NET: Registered protocol family 17
Jul 18 00:15:47 witherspoon kernel[970]: [    4.820000] 8021q: 802.1Q VLAN Support v1.8
Jul 18 00:15:47 witherspoon kernel[970]: [    4.820000] console [netcon0] enabled
Jul 18 00:15:47 witherspoon kernel[970]: [    4.820000] netconsole: network logging started
Jul 18 00:15:47 witherspoon kernel[970]: [    4.840000] input: gpio-keys as /devices/platform/gpio-keys/input/input0
Jul 18 00:15:47 witherspoon kernel[970]: [    4.850000] rtc-rv8803 11-0032: setting system clock to 2017-07-18 00:15:17 UTC (1500336917)
Jul 18 00:15:47 witherspoon kernel[970]: [    4.860000] Freeing unused kernel memory: 280K
Jul 18 00:15:47 witherspoon kernel[970]: [    4.860000] This architecture does not have kernel memory protection.
Jul 18 00:15:47 witherspoon kernel[970]: [    6.410000] jffs2: notice: (523) jffs2_build_xattr_subsystem: complete building xattr subsystem, 0 of xdatum (0 unchecked, 0 orphan) and 0 of xref (0 dead, 0 orphan) found.
Jul 18 00:15:47 witherspoon kernel[970]: [    8.650000] systemd[1]: Failed to insert module 'autofs4': No such file or directory
Jul 18 00:15:47 witherspoon kernel[970]: [    8.650000] systemd[1]: systemd 232 running in system mode. (+PAM -AUDIT -SELINUX -IMA -APPARMOR -SMACK +SYSVINIT -UTMP -LIBCRYPTSETUP -GCRYPT -GNUTLS +ACL +XZ -LZ4 -SECCOMP +BLKID -ELFUTILS +KMOD -IDN)
Jul 18 00:15:47 witherspoon kernel[970]: [    8.850000] systemd[1]: Detected architecture arm.
Jul 18 00:15:47 witherspoon kernel[970]: [    8.900000] systemd[1]: Set hostname to <witherspoon>.
Jul 18 00:15:47 witherspoon kernel[970]: [   10.470000] systemd[1]: Listening on Syslog Socket.
Jul 18 00:15:47 witherspoon kernel[970]: [   10.740000] systemd[1]: Listening on Journal Socket.
Jul 18 00:15:47 witherspoon kernel[970]: [   10.880000] systemd[1]: Started Forward Password Requests to Wall Directory Watch.
Jul 18 00:15:47 witherspoon kernel[970]: [   11.030000] systemd[1]: Listening on /dev/initctl Compatibility Named Pipe.
Jul 18 00:15:47 witherspoon kernel[970]: [   11.180000] systemd[1]: Listening on udev Kernel Socket.
Jul 18 00:15:47 witherspoon kernel[970]: [   11.340000] systemd[1]: Listening on Network Service Netlink Socket.
Jul 18 00:15:47 witherspoon kernel[970]: [   11.500000] systemd[1]: Reached target Swap.
Jul 18 00:15:47 witherspoon kernel[970]: [   13.840000] systemd[1]: Starting Apply Kernel Variables...
Jul 18 00:15:47 witherspoon kernel[970]: [   14.070000] systemd[1]: Created slice system-phosphor\x2ddiscover\x2dsystem\x2dstate.slice.
Jul 18 00:15:47 witherspoon kernel[970]: [   14.300000] systemd[1]: Created slice system-phosphor\x2dcooling\x2dtype.slice.
Jul 18 00:15:47 witherspoon kernel[970]: [   14.540000] systemd[1]: Created slice system-op\x2dreset\x2dchassis\x2don.slice.
Jul 18 00:15:47 witherspoon kernel[970]: [   14.780000] systemd[1]: Created slice system-phosphor\x2dreset\x2dhost\x2dcheck.slice.
Jul 18 00:15:47 witherspoon kernel[970]: [   15.030000] systemd[1]: Created slice system-mapper\x2dwait.slice.
Jul 18 00:15:47 witherspoon kernel[970]: [   15.280000] systemd[1]: Created slice system-obmc\x2dled\x2dgroup\x2dstart.slice.
Jul 18 00:15:47 witherspoon kernel[970]: [   15.540000] systemd[1]: Created slice system-org.openbmc.control.Chassis.slice.
Jul 18 00:15:51 witherspoon systemd[1]: Started Phosphor IPMI BT DBus Bridge.
Jul 18 00:15:47 witherspoon kernel[970]: [   15.800000] systemd[1]: Created slice system-org.openbmc.buttons.reset.slice.
Jul 18 00:15:47 witherspoon kernel[970]: [   16.070000] systemd[1]: Starting Journal Service...
Jul 18 00:15:47 witherspoon kernel[970]: [   21.030000] systemd-journald[544]: Received request to flush runtime journal from PID 1
Jul 18 00:15:48 witherspoon avahi-daemon[946]: Found user 'avahi' (UID 998) and group 'avahi' (GID 999).
Jul 18 00:15:48 witherspoon avahi-daemon[946]: Successfully dropped root privileges.
Jul 18 00:15:48 witherspoon avahi-daemon[946]: avahi-daemon 0.6.32 starting up.
Jul 18 00:15:51 witherspoon avahi-daemon[946]: Successfully called chroot().
Jul 18 00:15:51 witherspoon avahi-daemon[946]: Successfully dropped remaining capabilities.
Jul 18 00:15:51 witherspoon avahi-daemon[946]: Loading service file /services/obmc_console.service.
Jul 18 00:15:51 witherspoon avahi-daemon[946]: Loading service file /services/phosphor_rest.service.
Jul 18 00:15:51 witherspoon avahi-daemon[946]: Loading service file /services/sftp-ssh.service.
Jul 18 00:15:51 witherspoon avahi-daemon[946]: Loading service file /services/sftp.service.
Jul 18 00:15:51 witherspoon avahi-daemon[946]: Loading service file /services/ssh.service.
Jul 18 00:15:51 witherspoon avahi-daemon[946]: Network interface enumeration completed.
Jul 18 00:15:51 witherspoon avahi-daemon[946]: Server startup complete. Host name is witherspoon.local. Local service cookie is 876111755.
Jul 18 00:15:51 witherspoon avahi-daemon[946]: Service "witherspoon" (/services/ssh.service) successfully established.
Jul 18 00:15:51 witherspoon avahi-daemon[946]: Service "sftp" (/services/sftp.service) successfully established.
Jul 18 00:15:51 witherspoon avahi-daemon[946]: Service "witherspoon" (/services/sftp-ssh.service) successfully established.
Jul 18 00:15:51 witherspoon avahi-daemon[946]: Service "phosphor_rest" (/services/phosphor_rest.service) successfully established.
Jul 18 00:15:51 witherspoon avahi-daemon[946]: Service "obmc_console" (/services/obmc_console.service) successfully established.
Jul 18 00:15:52 witherspoon systemd[1]: Starting Network Service...
Jul 18 00:15:52 witherspoon systemd[1]: Starting Clear one time boot overrides...
Jul 18 00:15:52 witherspoon systemd[1]: Started Phosphor sysfs LED controller.
Jul 18 00:15:52 witherspoon phosphor-network-manager[956]: ConfigParser: Section not found
Jul 18 00:15:52 witherspoon phosphor-network-manager[956]: The operation failed internally.
Jul 18 00:15:52 witherspoon systemd[1]: Starting Phosphor Network Manager...
Jul 18 00:15:52 witherspoon systemd[1]: xyz.openbmc_project.Hwmon@ahb-apb-i2c\x401e78a000-i2c\x2dbus\x40100-dps310\x4076.service: Main process exited, code=exited, status=255/n/a
Jul 18 00:15:52 witherspoon systemd[1]: xyz.openbmc_project.Hwmon@ahb-apb-i2c\x401e78a000-i2c\x2dbus\x40100-dps310\x4076.service: Unit entered failed state.
Jul 18 00:15:52 witherspoon systemd[1]: xyz.openbmc_project.Hwmon@ahb-apb-i2c\x401e78a000-i2c\x2dbus\x40100-dps310\x4076.service: Failed with result 'exit-code'.
Jul 18 00:15:52 witherspoon systemd[1]: Started Phosphor Log Manager.
Jul 18 00:15:54 witherspoon phosphor-hwmon-readd[990]: Usage: /usr/sbin/phosphor-hwmon-readd [options]
Jul 18 00:15:54 witherspoon phosphor-hwmon-readd[990]: Options:
Jul 18 00:15:54 witherspoon phosphor-hwmon-readd[990]:     --help               print this menu
Jul 18 00:15:54 witherspoon phosphor-hwmon-readd[990]:     --path=<path>        sysfs location to monitor
Jul 18 00:15:54 witherspoon phosphor-hwmon-readd[990]:     --of-name=<path>     open firmware device name to monitor
Jul 18 00:15:54 witherspoon phosphor-hwmon-readd[990]: ERROR: Path not specified or invalid.
Jul 18 00:15:53 witherspoon systemd[1]: xyz.openbmc_project.Hwmon@ahb-apb-i2c\x401e78a000-i2c\x2dbus\x40100-dps310\x4076.service: Service hold-off time over, scheduling restart.
Jul 18 00:15:54 witherspoon phosphor-hwmon-readd[992]: Usage: /usr/sbin/phosphor-hwmon-readd [options]
Jul 18 00:15:54 witherspoon phosphor-hwmon-readd[992]: Options:
Jul 18 00:15:54 witherspoon phosphor-hwmon-readd[992]:     --help               print this menu
Jul 18 00:15:54 witherspoon phosphor-hwmon-readd[992]:     --path=<path>        sysfs location to monitor
Jul 18 00:15:54 witherspoon phosphor-hwmon-readd[992]:     --of-name=<path>     open firmware device name to monitor
Jul 18 00:15:54 witherspoon phosphor-hwmon-readd[992]: ERROR: Path not specified or invalid.
Jul 18 00:15:53 witherspoon systemd[1]: Stopped Phosphor Hwmon Poller.
Jul 18 00:15:53 witherspoon systemd[1]: Started Phosphor Hwmon Poller.
Jul 18 00:15:53 witherspoon systemd[1]: xyz.openbmc_project.Hwmon@ahb-apb-i2c\x401e78a000-i2c\x2dbus\x40100-dps310\x4076.service: Main process exited, code=exited, status=255/n/a
Jul 18 00:15:53 witherspoon systemd[1]: xyz.openbmc_project.Hwmon@ahb-apb-i2c\x401e78a000-i2c\x2dbus\x40100-dps310\x4076.service: Unit entered failed state.
Jul 18 00:15:53 witherspoon systemd[1]: xyz.openbmc_project.Hwmon@ahb-apb-i2c\x401e78a000-i2c\x2dbus\x40100-dps310\x4076.service: Failed with result 'exit-code'.
Jul 18 00:15:53 witherspoon systemd[1]: xyz.openbmc_project.Hwmon@ahb-apb-i2c\x401e78a000-i2c\x2dbus\x40100-dps310\x4076.service: Service hold-off time over, scheduling restart.
Jul 18 00:15:53 witherspoon systemd[1]: Stopped Phosphor Hwmon Poller.
Jul 18 00:15:53 witherspoon systemd[1]: Started Phosphor Hwmon Poller.
Jul 18 00:15:54 witherspoon systemd-networkd[984]: Could not create runtime directory: File exists
Jul 18 00:15:54 witherspoon systemd-networkd[984]: Could not create runtime directory 'links': File exists
Jul 18 00:15:54 witherspoon systemd-networkd[984]: Could not create runtime directory 'leases': File exists
Jul 18 00:15:54 witherspoon systemd[1]: xyz.openbmc_project.Hwmon@ahb-apb-i2c\x401e78a000-i2c\x2dbus\x40100-dps310\x4076.service: Main process exited, code=exited, status=255/n/a
Jul 18 00:15:54 witherspoon systemd[1]: xyz.openbmc_project.Hwmon@ahb-apb-i2c\x401e78a000-i2c\x2dbus\x40100-dps310\x4076.service: Unit entered failed state.
Jul 18 00:15:54 witherspoon systemd[1]: xyz.openbmc_project.Hwmon@ahb-apb-i2c\x401e78a000-i2c\x2dbus\x40100-dps310\x4076.service: Failed with result 'exit-code'.
Jul 18 00:15:54 witherspoon systemd[1]: xyz.openbmc_project.Hwmon@ahb-apb-i2c\x401e78a000-i2c\x2dbus\x40100-dps310\x4076.service: Service hold-off time over, scheduling restart.
Jul 18 00:15:54 witherspoon systemd[1]: Stopped Phosphor Hwmon Poller.
Jul 18 00:15:54 witherspoon systemd[1]: Started Phosphor Hwmon Poller.
Jul 18 00:15:54 witherspoon systemd[1]: Started Clear one time boot overrides.
Jul 18 00:15:55 witherspoon openpower-update-manager[945]: Error PNOR current version is empty
Jul 18 00:15:55 witherspoon systemd[1]: Started Phosphor Download Manager.
Jul 18 00:15:56 witherspoon systemd[1]: Started OpenPower Software Update Manager.
Jul 18 00:15:56 witherspoon phosphor-hwmon-readd[994]: Usage: /usr/sbin/phosphor-hwmon-readd [options]
Jul 18 00:15:56 witherspoon phosphor-hwmon-readd[994]: Options:
Jul 18 00:15:56 witherspoon phosphor-hwmon-readd[994]:     --help               print this menu
Jul 18 00:15:56 witherspoon phosphor-hwmon-readd[994]:     --path=<path>        sysfs location to monitor
Jul 18 00:15:56 witherspoon phosphor-hwmon-readd[994]:     --of-name=<path>     open firmware device name to monitor
Jul 18 00:15:56 witherspoon phosphor-hwmon-readd[994]: ERROR: Path not specified or invalid.
Jul 18 00:15:56 witherspoon systemd[1]: xyz.openbmc_project.Hwmon@ahb-apb-i2c\x401e78a000-i2c\x2dbus\x40100-dps310\x4076.service: Main process exited, code=exited, status=255/n/a
Jul 18 00:15:56 witherspoon systemd[1]: xyz.openbmc_project.Hwmon@ahb-apb-i2c\x401e78a000-i2c\x2dbus\x40100-dps310\x4076.service: Unit entered failed state.
Jul 18 00:15:56 witherspoon systemd[1]: xyz.openbmc_project.Hwmon@ahb-apb-i2c\x401e78a000-i2c\x2dbus\x40100-dps310\x4076.service: Failed with result 'exit-code'.
Jul 18 00:15:56 witherspoon systemd[1]: Started OpenBMC Software Update Manager.
Jul 18 00:15:56 witherspoon systemd[1]: Started Phosphor Inventory Manager.
Jul 18 00:15:56 witherspoon systemd[1]: xyz.openbmc_project.Hwmon@ahb-apb-i2c\x401e78a000-i2c\x2dbus\x40100-dps310\x4076.service: Service hold-off time over, scheduling restart.
Jul 18 00:15:56 witherspoon systemd[1]: Stopped Phosphor Hwmon Poller.
Jul 18 00:15:56 witherspoon systemd[1]: Started Phosphor Hwmon Poller.
Jul 18 00:15:56 witherspoon systemd[1]: Starting Phosphor Version Software Manager...
Jul 18 00:15:56 witherspoon phosphor-hwmon-readd[999]: Usage: /usr/sbin/phosphor-hwmon-readd [options]
Jul 18 00:15:56 witherspoon phosphor-hwmon-readd[999]: Options:
Jul 18 00:15:56 witherspoon phosphor-hwmon-readd[999]:     --help               print this menu
Jul 18 00:15:56 witherspoon phosphor-hwmon-readd[999]:     --path=<path>        sysfs location to monitor
Jul 18 00:15:56 witherspoon phosphor-hwmon-readd[999]:     --of-name=<path>     open firmware device name to monitor
Jul 18 00:15:56 witherspoon phosphor-hwmon-readd[999]: ERROR: Path not specified or invalid.
Jul 18 00:15:56 witherspoon systemd[1]: xyz.openbmc_project.Hwmon@ahb-apb-i2c\x401e78a000-i2c\x2dbus\x40100-dps310\x4076.service: Main process exited, code=exited, status=255/n/a
Jul 18 00:15:56 witherspoon systemd[1]: xyz.openbmc_project.Hwmon@ahb-apb-i2c\x401e78a000-i2c\x2dbus\x40100-dps310\x4076.service: Unit entered failed state.
Jul 18 00:15:56 witherspoon systemd[1]: xyz.openbmc_project.Hwmon@ahb-apb-i2c\x401e78a000-i2c\x2dbus\x40100-dps310\x4076.service: Failed with result 'exit-code'.
Jul 18 00:15:57 witherspoon systemd[1]: xyz.openbmc_project.Hwmon@ahb-apb-i2c\x401e78a000-i2c\x2dbus\x40100-dps310\x4076.service: Service hold-off time over, scheduling restart.
Jul 18 00:15:57 witherspoon systemd[1]: Stopped Phosphor Hwmon Poller.
Jul 18 00:15:57 witherspoon systemd[1]: Started Phosphor Hwmon Poller.
Jul 18 00:15:57 witherspoon phosphor-hwmon-readd[1006]: Usage: /usr/sbin/phosphor-hwmon-readd [options]
Jul 18 00:15:57 witherspoon phosphor-hwmon-readd[1006]: Options:
Jul 18 00:15:57 witherspoon phosphor-hwmon-readd[1006]:     --help               print this menu
Jul 18 00:15:57 witherspoon phosphor-hwmon-readd[1006]:     --path=<path>        sysfs location to monitor
Jul 18 00:15:57 witherspoon phosphor-hwmon-readd[1006]:     --of-name=<path>     open firmware device name to monitor
Jul 18 00:15:57 witherspoon phosphor-hwmon-readd[1006]: ERROR: Path not specified or invalid.
Jul 18 00:15:57 witherspoon systemd[1]: xyz.openbmc_project.Hwmon@ahb-apb-i2c\x401e78a000-i2c\x2dbus\x40100-dps310\x4076.service: Main process exited, code=exited, status=255/n/a
Jul 18 00:15:57 witherspoon systemd[1]: xyz.openbmc_project.Hwmon@ahb-apb-i2c\x401e78a000-i2c\x2dbus\x40100-dps310\x4076.service: Unit entered failed state.
Jul 18 00:15:57 witherspoon systemd[1]: xyz.openbmc_project.Hwmon@ahb-apb-i2c\x401e78a000-i2c\x2dbus\x40100-dps310\x4076.service: Failed with result 'exit-code'.
Jul 18 00:15:57 witherspoon phosphor-network-manager[956]: Error in mapper call
Jul 18 00:15:57 witherspoon systemd[1]: Started Phosphor Dump Manager.
Jul 18 00:15:57 witherspoon systemd[1]: xyz.openbmc_project.Hwmon@ahb-apb-i2c\x401e78a000-i2c\x2dbus\x40100-dps310\x4076.service: Service hold-off time over, scheduling restart.
Jul 18 00:15:57 witherspoon systemd[1]: Stopped Phosphor Hwmon Poller.
Jul 18 00:15:57 witherspoon systemd[1]: Started Phosphor Hwmon Poller.
Jul 18 00:15:57 witherspoon systemd[1]: Started Phosphor LED Group Management Daemon.
Jul 18 00:15:58 witherspoon dbus[981]: [system] Activating via systemd: service name='org.freedesktop.hostname1' unit='dbus-org.freedesktop.hostname1.service'
Jul 18 00:15:58 witherspoon systemd[1]: Started Phosphor Version Software Manager.
Jul 18 00:15:58 witherspoon systemd[1]: Starting Hostname Service...
Jul 18 00:15:58 witherspoon systemd[1010]: systemd-hostnamed.service: Failed at step NETWORK spawning /lib/systemd/systemd-hostnamed: Invalid argument
Jul 18 00:15:58 witherspoon systemd[1]: systemd-hostnamed.service: Main process exited, code=exited, status=225/NETWORK
Jul 18 00:15:58 witherspoon systemd[1]: Failed to start Hostname Service.
Jul 18 00:15:58 witherspoon systemd[1]: systemd-hostnamed.service: Unit entered failed state.
Jul 18 00:15:58 witherspoon systemd[1]: systemd-hostnamed.service: Failed with result 'exit-code'.
Jul 18 00:15:58 witherspoon systemd[1]: Started Phosphor BMC0 Control.
Jul 18 00:15:58 witherspoon phosphor-hwmon-readd[1008]: Usage: /usr/sbin/phosphor-hwmon-readd [options]
Jul 18 00:15:58 witherspoon phosphor-hwmon-readd[1008]: Options:
Jul 18 00:15:58 witherspoon phosphor-hwmon-readd[1008]:     --help               print this menu
Jul 18 00:15:58 witherspoon phosphor-hwmon-readd[1008]:     --path=<path>        sysfs location to monitor
Jul 18 00:15:58 witherspoon phosphor-hwmon-readd[1008]:     --of-name=<path>     open firmware device name to monitor
Jul 18 00:15:58 witherspoon phosphor-hwmon-readd[1008]: ERROR: Path not specified or invalid.
Jul 18 00:15:58 witherspoon systemd[1]: xyz.openbmc_project.Hwmon@ahb-apb-i2c\x401e78a000-i2c\x2dbus\x40100-dps310\x4076.service: Main process exited, code=exited, status=255/n/a
Jul 18 00:15:58 witherspoon systemd-networkd[984]: Enumeration completed
Jul 18 00:15:58 witherspoon systemd-networkd[984]: eth0: IPv6 enabled for interface: Success
Jul 18 00:15:58 witherspoon systemd-networkd[984]: eth0: Gained carrier
Jul 18 00:15:58 witherspoon systemd-timesyncd[898]: Network configuration changed, trying to establish connection.
Jul 18 00:15:58 witherspoon systemd[1]: xyz.openbmc_project.Hwmon@ahb-apb-i2c\x401e78a000-i2c\x2dbus\x40100-dps310\x4076.service: Unit entered failed state.
Jul 18 00:15:58 witherspoon avahi-daemon[946]: Joining mDNS multicast group on interface eth0.IPv4 with address 9.3.21.61.
Jul 18 00:15:58 witherspoon systemd[1]: xyz.openbmc_project.Hwmon@ahb-apb-i2c\x401e78a000-i2c\x2dbus\x40100-dps310\x4076.service: Failed with result 'exit-code'.
Jul 18 00:15:58 witherspoon avahi-daemon[946]: New relevant interface eth0.IPv4 for mDNS.
Jul 18 00:15:58 witherspoon systemd[1]: Started Network Service.
Jul 18 00:15:58 witherspoon avahi-daemon[946]: Registering new address record for 9.3.21.61 on eth0.IPv4.
Jul 18 00:15:58 witherspoon systemd[1]: Reached target Network.
Jul 18 00:15:58 witherspoon systemd[1]: Started Lightweight SLP Server.
Jul 18 00:15:58 witherspoon systemd[1]: Starting Permit User Sessions...
Jul 18 00:15:59 witherspoon systemd[1]: xyz.openbmc_project.Hwmon@ahb-apb-i2c\x401e78a000-i2c\x2dbus\x40100-dps310\x4076.service: Service hold-off time over, scheduling restart.
Jul 18 00:15:59 witherspoon systemd[1]: Stopped Phosphor Hwmon Poller.
Jul 18 00:15:59 witherspoon systemd[1]: Started Phosphor Hwmon Poller.
Jul 18 00:15:59 witherspoon systemd[1]: Started Permit User Sessions.
Jul 18 00:15:59 witherspoon systemd[1]: Started Serial Getty on ttyS4.
Jul 18 00:16:00 witherspoon phosphor-hwmon-readd[1017]: Usage: /usr/sbin/phosphor-hwmon-readd [options]
Jul 18 00:16:00 witherspoon phosphor-hwmon-readd[1017]: Options:
Jul 18 00:16:00 witherspoon phosphor-hwmon-readd[1017]:     --help               print this menu
Jul 18 00:16:00 witherspoon phosphor-hwmon-readd[1017]:     --path=<path>        sysfs location to monitor
Jul 18 00:16:00 witherspoon phosphor-hwmon-readd[1017]:     --of-name=<path>     open firmware device name to monitor
Jul 18 00:16:00 witherspoon phosphor-hwmon-readd[1017]: ERROR: Path not specified or invalid.
Jul 18 00:16:00 witherspoon avahi-daemon[946]: Joining mDNS multicast group on interface eth0.IPv6 with address fe80::72e2:84ff:fe14:28a9.
Jul 18 00:15:59 witherspoon systemd[1]: Reached target Login Prompts.
Jul 18 00:16:00 witherspoon avahi-daemon[946]: New relevant interface eth0.IPv6 for mDNS.
Jul 18 00:15:59 witherspoon systemd[1]: Reached target Multi-User System.
Jul 18 00:16:00 witherspoon avahi-daemon[946]: Registering new address record for fe80::72e2:84ff:fe14:28a9 on eth0.*.
Jul 18 00:16:00 witherspoon systemd-networkd[984]: eth0: Gained IPv6LL
Jul 18 00:16:00 witherspoon systemd[1]: xyz.openbmc_project.Hwmon@ahb-apb-i2c\x401e78a000-i2c\x2dbus\x40100-dps310\x4076.service: Main process exited, code=exited, status=255/n/a
Jul 18 00:16:00 witherspoon systemd[1]: xyz.openbmc_project.Hwmon@ahb-apb-i2c\x401e78a000-i2c\x2dbus\x40100-dps310\x4076.service: Unit entered failed state.
Jul 18 00:16:00 witherspoon systemd[1]: xyz.openbmc_project.Hwmon@ahb-apb-i2c\x401e78a000-i2c\x2dbus\x40100-dps310\x4076.service: Failed with result 'exit-code'.
Jul 18 00:16:01 witherspoon systemd[1]: xyz.openbmc_project.Hwmon@ahb-apb-i2c\x401e78a000-i2c\x2dbus\x40100-dps310\x4076.service: Service hold-off time over, scheduling restart.
Jul 18 00:16:01 witherspoon systemd[1]: Stopped Phosphor Hwmon Poller.
Jul 18 00:16:01 witherspoon systemd[1]: Started Phosphor Hwmon Poller.
Jul 18 00:16:01 witherspoon phosphor-hwmon-readd[1021]: Usage: /usr/sbin/phosphor-hwmon-readd [options]
Jul 18 00:16:01 witherspoon phosphor-hwmon-readd[1021]: Options:
Jul 18 00:16:01 witherspoon phosphor-hwmon-readd[1021]:     --help               print this menu
Jul 18 00:16:01 witherspoon phosphor-hwmon-readd[1021]:     --path=<path>        sysfs location to monitor
Jul 18 00:16:01 witherspoon phosphor-hwmon-readd[1021]:     --of-name=<path>     open firmware device name to monitor
Jul 18 00:16:01 witherspoon phosphor-hwmon-readd[1021]: ERROR: Path not specified or invalid.
Jul 18 00:16:01 witherspoon systemd[1]: xyz.openbmc_project.Hwmon@ahb-apb-i2c\x401e78a000-i2c\x2dbus\x40100-dps310\x4076.service: Main process exited, code=exited, status=255/n/a
Jul 18 00:16:01 witherspoon systemd[1]: xyz.openbmc_project.Hwmon@ahb-apb-i2c\x401e78a000-i2c\x2dbus\x40100-dps310\x4076.service: Unit entered failed state.
Jul 18 00:16:01 witherspoon systemd[1]: xyz.openbmc_project.Hwmon@ahb-apb-i2c\x401e78a000-i2c\x2dbus\x40100-dps310\x4076.service: Failed with result 'exit-code'.
Jul 18 00:16:01 witherspoon systemd[1]: xyz.openbmc_project.Hwmon@ahb-apb-i2c\x401e78a000-i2c\x2dbus\x40100-dps310\x4076.service: Service hold-off time over, scheduling restart.
Jul 18 00:16:01 witherspoon systemd[1]: Stopped Phosphor Hwmon Poller.
Jul 18 00:16:01 witherspoon systemd[1]: xyz.openbmc_project.Hwmon@ahb-apb-i2c\x401e78a000-i2c\x2dbus\x40100-dps310\x4076.service: Start request repeated too quickly.
Jul 18 00:16:01 witherspoon systemd[1]: Failed to start Phosphor Hwmon Poller.
Jul 18 00:16:02 witherspoon kernel: ftgmac100 1e660000.ethernet eth0: NCSI interface up
Jul 18 00:16:02 witherspoon kernel[970]: [   49.280000] ftgmac100 1e660000.ethernet eth0: NCSI interface up
Jul 18 00:16:02 witherspoon systemd[1]: xyz.openbmc_project.Hwmon@ahb-apb-i2c\x401e78a000-i2c\x2dbus\x40100-dps310\x4076.service: Unit entered failed state.
Jul 18 00:16:02 witherspoon systemd[1]: xyz.openbmc_project.Hwmon@ahb-apb-i2c\x401e78a000-i2c\x2dbus\x40100-dps310\x4076.service: Failed with result 'exit-code'.
Jul 18 00:16:10 witherspoon systemd[1]: Created slice system-dropbear.slice.
Jul 18 00:16:10 witherspoon systemd[1]: Started SSH Per-Connection Server (9.41.165.94:41790).
Jul 18 00:16:11 witherspoon dropbear[1024]: Failed loading /etc/dropbear/dropbear_dss_host_key
Jul 18 00:16:11 witherspoon dropbear[1024]: Failed loading /etc/dropbear/dropbear_ecdsa_host_key
Jul 18 00:16:11 witherspoon dropbear[1024]: Child connection from ::ffff:9.41.165.94:41790
Jul 18 00:16:11 witherspoon obmc-phosphor-userd[979]: Started
Jul 18 00:16:11 witherspoon systemd[1]: Started Phosphor User Manager.
Jul 18 00:16:12 witherspoon chassis_control.py[960]: Running ChassisControlService
Jul 18 00:16:12 witherspoon systemd[1]: Started Phosphor Chassis0 Control.
Jul 18 00:16:12 witherspoon inventory_items.py[949]: Loading from cache: /var/cache/obmc/org.openbmc.inventory.system.chassis.motherboard.apss@org.openbmc.InventoryItem.props
Jul 18 00:16:12 witherspoon inventory_items.py[949]: Loading from cache: /var/cache/obmc/org.openbmc.inventory.system.chassis.motherboard@org.openbmc.InventoryItem.props
Jul 18 00:16:12 witherspoon download_manager.py[974]: Running Download Manager
Jul 18 00:16:12 witherspoon systemd[1]: Started Phosphor Download Manager.
Jul 18 00:16:13 witherspoon sensor_manager2.py[944]: Setting boot count to 3
Jul 18 00:16:13 witherspoon sensor_manager2.py[944]: Deleting OCC device
Jul 18 00:16:13 witherspoon sensor_manager2.py[944]: sh: /sys/class/i2c-adapter/i2c-3/3-0050/online: No such file or directory
Jul 18 00:16:13 witherspoon sensor_manager2.py[944]: Deleting OCC device
Jul 18 00:16:13 witherspoon inventory_items.py[949]: Loading from cache: /var/cache/obmc/org.openbmc.inventory.system.chassis.motherboard.refclock@org.openbmc.InventoryItem.props
Jul 18 00:16:13 witherspoon inventory_items.py[949]: Loading from cache: /var/cache/obmc/org.openbmc.inventory.system.chassis.motherboard.todclock@org.openbmc.InventoryItem.props
Jul 18 00:16:13 witherspoon inventory_items.py[949]: Loading from cache: /var/cache/obmc/org.openbmc.inventory.system.chassis.motherboard.bmc@org.openbmc.InventoryItem.props
Jul 18 00:16:13 witherspoon inventory_items.py[949]: Caching: /org/openbmc/inventory/system/chassis/motherboard/bmc
Jul 18 00:16:13 witherspoon systemd-networkd[984]: eth0: Configured
Jul 18 00:16:13 witherspoon systemd-timesyncd[898]: Network configuration changed, trying to establish connection.
Jul 18 00:16:13 witherspoon sensor_manager2.py[944]: sh: /sys/class/i2c-adapter/i2c-3/3-0050/online: No such file or directory
Jul 18 00:16:13 witherspoon sensor_manager2.py[944]: Starting sensor manager
Jul 18 00:16:13 witherspoon systemd[1]: Started Phosphor Sensor Manager.
Jul 18 00:16:14 witherspoon inventory_items.py[949]: Loading from cache: /var/cache/obmc/org.openbmc.inventory.system.chassis.motherboard.pcieclock@org.openbmc.InventoryItem.props
Jul 18 00:16:14 witherspoon systemd[1]: Started Phosphor Inventory Manager.
Jul 18 00:16:14 witherspoon inventory_items.py[949]: Running Inventory Manager
Jul 18 00:16:14 witherspoon phosphor-mapper[943]: usage: phosphor-mapper [-h] -p PATH_NAMESPACES -i INTERFACE_NAMESPACES
Jul 18 00:16:14 witherspoon phosphor-mapper[943]:                        [-b BLACKLISTS] [-n INTERFACE_BLACKLISTS]
Jul 18 00:16:14 witherspoon phosphor-mapper[943]: phosphor-mapper: error: argument -p/--path_namespaces is required
Jul 18 00:16:15 witherspoon dropbear[1024]: PAM password auth succeeded for 'root' from ::ffff:9.41.165.94:41790
Jul 18 00:16:15 witherspoon dropbear[1027]: lastlog_perform_login: Couldn't stat /var/log/lastlog: No such file or directory
Jul 18 00:16:15 witherspoon dropbear[1027]: lastlog_openseek: /var/log/lastlog is not a file or directory!
Jul 18 00:16:15 witherspoon systemd[1]: xyz.openbmc_project.ObjectMapper.service: Main process exited, code=exited, status=2/INVALIDARGUMENT
Jul 18 00:16:15 witherspoon systemd[1]: Failed to start Phosphor DBus Service Discovery Manager.
Jul 18 00:16:15 witherspoon systemd[1]: xyz.openbmc_project.ObjectMapper.service: Unit entered failed state.
Jul 18 00:16:15 witherspoon systemd[1]: xyz.openbmc_project.ObjectMapper.service: Failed with result 'exit-code'.
Jul 18 00:16:15 witherspoon systemd[1]: Reached target Phosphor Object Mapper.
Jul 18 00:16:15 witherspoon systemd[1]: Starting Wait for /org/openbmc/NetworkManager/Interface...
Jul 18 00:16:15 witherspoon systemd[1]: Starting Wait for /org/openbmc/managers/System...
Jul 18 00:16:15 witherspoon systemd[1]: Starting Wait for /xyz/openbmc_project/led/groups...
Jul 18 00:16:15 witherspoon systemd[1]: Starting Wait for /org/openbmc/control/bmc0...
Jul 18 00:16:15 witherspoon systemd[1]: Starting Wait for /xyz/openbmc_project/control/host0...
Jul 18 00:16:15 witherspoon systemd[1]: Starting Wait for /xyz/openbmc_project/inventory...
Jul 18 00:16:15 witherspoon systemd[1]: Starting Wait for /xyz/openbmc_project/state/chassis0...
Jul 18 00:16:15 witherspoon systemd[1]: Starting Phoshpor System Manager...
Jul 18 00:16:15 witherspoon systemd[1]: Reached target Webserver (pre).
Jul 18 00:16:15 witherspoon systemd[1]: Starting Wait for /org/openbmc/control/power0...
Jul 18 00:16:15 witherspoon systemd[1]: Starting Wait for /org/openbmc/sensors...
Jul 18 00:16:15 witherspoon systemd[1]: Starting Phosphor Settings Manager...
Jul 18 00:16:15 witherspoon systemd[1]: Starting Wait for /xyz/openbmc_project/state/host0...
Jul 18 00:16:15 witherspoon systemd[1]: Starting Wait for /xyz/openbmc_project/led/groups/bmc_booted...
Jul 18 00:16:15 witherspoon systemd[1]: Started Phosphor DBus Monitor.
Jul 18 00:16:15 witherspoon systemd[1]: Starting Wait for /org/openbmc/managers/Download...
Jul 18 00:16:15 witherspoon systemd[1]: Starting Wait for /org/openbmc/control/flash/bios...
Jul 18 00:16:15 witherspoon systemd[1]: xyz.openbmc_project.ObjectMapper.service: Service hold-off time over, scheduling restart.
Jul 18 00:16:15 witherspoon systemd[1]: Stopped Phosphor DBus Service Discovery Manager.
Jul 18 00:16:15 witherspoon systemd[1]: Starting Phosphor DBus Service Discovery Manager...
Jul 18 00:16:17 witherspoon systemd[1]: Started Phosphor Webserver.
Jul 18 00:16:20 witherspoon mapper[1044]: Error starting event loop: No route to host
Jul 18 00:16:20 witherspoon mapper[1041]: Error starting event loop: No route to host
Jul 18 00:16:20 witherspoon mapper[1045]: Error starting event loop: No route to host
Jul 18 00:16:20 witherspoon mapper[1031]: Error starting event loop: No route to host
Jul 18 00:16:21 witherspoon mapper[1034]: Error starting event loop: No route to host
Jul 18 00:16:21 witherspoon mapper[1036]: Error starting event loop: No route to host
Jul 18 00:16:21 witherspoon mapper[1032]: Error starting event loop: No route to host
Jul 18 00:16:21 witherspoon mapper[1038]: Error starting event loop: No route to host
Jul 18 00:16:21 witherspoon mapper[1039]: Error starting event loop: No route to host
Jul 18 00:16:21 witherspoon mapper[1035]: Error starting event loop: No route to host
Jul 18 00:16:21 witherspoon mapper[1033]: Error starting event loop: No route to host
Jul 18 00:16:21 witherspoon mapper[1030]: Error starting event loop: No route to host
Jul 18 00:16:20 witherspoon systemd[1]: mapper-wait@-org-openbmc-NetworkManager-Interface.service: Main process exited, code=exited, status=1/FAILURE
Jul 18 00:16:20 witherspoon systemd[1]: Failed to start Wait for /org/openbmc/NetworkManager/Interface.
Jul 18 00:16:20 witherspoon systemd[1]: mapper-wait@-org-openbmc-NetworkManager-Interface.service: Unit entered failed state.
Jul 18 00:16:20 witherspoon systemd[1]: mapper-wait@-org-openbmc-NetworkManager-Interface.service: Failed with result 'exit-code'.
Jul 18 00:16:20 witherspoon systemd[1]: mapper-wait@-org-openbmc-managers-System.service: Main process exited, code=exited, status=1/FAILURE
Jul 18 00:16:21 witherspoon mapper[1052]: Error finding '/org/openbmc/control/flash/bios' service: No route to host
Jul 18 00:16:20 witherspoon systemd[1]: Failed to start Wait for /org/openbmc/managers/System.
Jul 18 00:16:20 witherspoon systemd[1]: mapper-wait@-org-openbmc-managers-System.service: Unit entered failed state.
Jul 18 00:16:20 witherspoon systemd[1]: mapper-wait@-org-openbmc-managers-System.service: Failed with result 'exit-code'.
Jul 18 00:16:20 witherspoon systemd[1]: mapper-wait@-xyz-openbmc_project-led-groups.service: Main process exited, code=exited, status=1/FAILURE
Jul 18 00:16:20 witherspoon systemd[1]: Failed to start Wait for /xyz/openbmc_project/led/groups.
Jul 18 00:16:20 witherspoon systemd[1]: mapper-wait@-xyz-openbmc_project-led-groups.service: Unit entered failed state.
Jul 18 00:16:20 witherspoon systemd[1]: mapper-wait@-xyz-openbmc_project-led-groups.service: Failed with result 'exit-code'.
Jul 18 00:16:20 witherspoon systemd[1]: mapper-wait@-org-openbmc-control-bmc0.service: Main process exited, code=exited, status=1/FAILURE
Jul 18 00:16:20 witherspoon systemd[1]: Failed to start Wait for /org/openbmc/control/bmc0.
Jul 18 00:16:20 witherspoon systemd[1]: mapper-wait@-org-openbmc-control-bmc0.service: Unit entered failed state.
Jul 18 00:16:23 witherspoon sh[1055]: Error finding '/org/openbmc/control/power0' service: No route to host
Jul 18 00:16:23 witherspoon mapper[1042]: Error starting event loop: No route to host
Jul 18 00:16:23 witherspoon netman.py[987]: Started
Jul 18 00:16:23 witherspoon dbus[981]: [system] Failed to activate service 'org.freedesktop.hostname1': timed out
Jul 18 00:16:20 witherspoon systemd[1]: mapper-wait@-org-openbmc-control-bmc0.service: Failed with result 'exit-code'.
Jul 18 00:16:20 witherspoon systemd[1]: mapper-wait@-xyz-openbmc_project-control-host0.service: Main process exited, code=exited, status=1/FAILURE
Jul 18 00:16:20 witherspoon systemd[1]: Failed to start Wait for /xyz/openbmc_project/control/host0.
Jul 18 00:16:20 witherspoon systemd[1]: mapper-wait@-xyz-openbmc_project-control-host0.service: Unit entered failed state.
Jul 18 00:16:20 witherspoon systemd[1]: mapper-wait@-xyz-openbmc_project-control-host0.service: Failed with result 'exit-code'.
Jul 18 00:16:20 witherspoon systemd[1]: mapper-wait@-xyz-openbmc_project-inventory.service: Main process exited, code=exited, status=1/FAILURE
Jul 18 00:16:20 witherspoon systemd[1]: Failed to start Wait for /xyz/openbmc_project/inventory.
Jul 18 00:16:20 witherspoon systemd[1]: mapper-wait@-xyz-openbmc_project-inventory.service: Unit entered failed state.
Jul 18 00:16:20 witherspoon systemd[1]: mapper-wait@-xyz-openbmc_project-inventory.service: Failed with result 'exit-code'.
Jul 18 00:16:20 witherspoon systemd[1]: mapper-wait@-xyz-openbmc_project-state-chassis0.service: Main process exited, code=exited, status=1/FAILURE
Jul 18 00:16:20 witherspoon systemd[1]: Failed to start Wait for /xyz/openbmc_project/state/chassis0.
Jul 18 00:16:20 witherspoon systemd[1]: mapper-wait@-xyz-openbmc_project-state-chassis0.service: Unit entered failed state.
Jul 18 00:16:23 witherspoon mapper[1093]: Error finding '/xyz/openbmc_project/led/groups/bmc_booted' service: No route to host
Jul 18 00:16:20 witherspoon systemd[1]: mapper-wait@-xyz-openbmc_project-state-chassis0.service: Failed with result 'exit-code'.
Jul 18 00:16:20 witherspoon systemd[1]: mapper-wait@-org-openbmc-control-power0.service: Main process exited, code=exited, status=1/FAILURE
Jul 18 00:16:20 witherspoon systemd[1]: Failed to start Wait for /org/openbmc/control/power0.
Jul 18 00:16:20 witherspoon systemd[1]: mapper-wait@-org-openbmc-control-power0.service: Unit entered failed state.
Jul 18 00:16:20 witherspoon systemd[1]: mapper-wait@-org-openbmc-control-power0.service: Failed with result 'exit-code'.
Jul 18 00:16:20 witherspoon systemd[1]: mapper-wait@-org-openbmc-sensors.service: Main process exited, code=exited, status=1/FAILURE
Jul 18 00:16:20 witherspoon systemd[1]: Failed to start Wait for /org/openbmc/sensors.
Jul 18 00:16:20 witherspoon systemd[1]: mapper-wait@-org-openbmc-sensors.service: Unit entered failed state.
Jul 18 00:16:20 witherspoon systemd[1]: mapper-wait@-org-openbmc-sensors.service: Failed with result 'exit-code'.
Jul 18 00:16:20 witherspoon systemd[1]: mapper-wait@-xyz-openbmc_project-state-host0.service: Main process exited, code=exited, status=1/FAILURE
Jul 18 00:16:20 witherspoon systemd[1]: Failed to start Wait for /xyz/openbmc_project/state/host0.
Jul 18 00:16:20 witherspoon systemd[1]: mapper-wait@-xyz-openbmc_project-state-host0.service: Unit entered failed state.
Jul 18 00:16:20 witherspoon systemd[1]: mapper-wait@-xyz-openbmc_project-state-host0.service: Failed with result 'exit-code'.
Jul 18 00:16:20 witherspoon systemd[1]: mapper-wait@-org-openbmc-managers-Download.service: Main process exited, code=exited, status=1/FAILURE
Jul 18 00:16:20 witherspoon systemd[1]: Failed to start Wait for /org/openbmc/managers/Download.
Jul 18 00:16:20 witherspoon systemd[1]: mapper-wait@-org-openbmc-managers-Download.service: Unit entered failed state.
Jul 18 00:16:20 witherspoon systemd[1]: mapper-wait@-org-openbmc-managers-Download.service: Failed with result 'exit-code'.
Jul 18 00:16:21 witherspoon systemd[1]: mapper-wait@-org-openbmc-control-flash-bios.service: Main process exited, code=exited, status=1/FAILURE
Jul 18 00:16:21 witherspoon systemd[1]: Failed to start Wait for /org/openbmc/control/flash/bios.
Jul 18 00:16:21 witherspoon systemd[1]: mapper-wait@-org-openbmc-control-flash-bios.service: Unit entered failed state.
Jul 18 00:16:21 witherspoon systemd[1]: mapper-wait@-org-openbmc-control-flash-bios.service: Failed with result 'exit-code'.
Jul 18 00:16:21 witherspoon systemd[1]: Started Initialize BIOS Flash.
Jul 18 00:16:21 witherspoon systemd[1]: Starting Phosphor BIOS Code Update...
Jul 18 00:16:21 witherspoon systemd[1]: Started Phosphor Hwmon Poller.
Jul 18 00:16:21 witherspoon systemd[1]: Starting Check Chassis0 pgood and create a file to indicate it...
Jul 18 00:16:21 witherspoon systemd[1]: Starting Read OpenPOWER-format VPD from EEPROM...
Jul 18 00:16:21 witherspoon systemd[1]: Starting OpenPOWER OCC controller...
Jul 18 00:16:22 witherspoon systemd[1]: Started Phosphor Cooling Type.
Jul 18 00:16:22 witherspoon systemd[1]: Starting Phosphor BMC Code Update...
Jul 18 00:16:22 witherspoon systemd[1]: Started FRU Fault monitor service.
Jul 18 00:16:22 witherspoon systemd[1]: Starting Phosphor Host State Manager...
Jul 18 00:16:22 witherspoon systemd[1]: Starting Phosphor BMC State Manager...
Jul 18 00:16:22 witherspoon systemd[1]: Starting Phosphor Power Button0...
Jul 18 00:16:22 witherspoon systemd[1]: Starting Phosphor Reset Button0...
Jul 18 00:16:22 witherspoon systemd[1]: Starting Phosphor Power0 Control...
Jul 18 00:16:22 witherspoon systemd[1]: Starting Phosphor Chassis State Manager...
Jul 18 00:16:22 witherspoon systemd[1]: Started Phosphor DNS Settings Cache Manager.
Jul 18 00:16:22 witherspoon systemd[1]: obmc-flash-init.service: Main process exited, code=exited, status=1/FAILURE
Jul 18 00:16:22 witherspoon systemd[1]: obmc-flash-init.service: Unit entered failed state.
Jul 18 00:16:22 witherspoon systemd[1]: obmc-flash-init.service: Failed with result 'exit-code'.
Jul 18 00:16:22 witherspoon phosphor-chassis-state-manager[1084]: Initial Chassis State will be Off
Jul 18 00:16:22 witherspoon systemd[1]: Started Phosphor Chassis State Manager.
Jul 18 00:16:22 witherspoon systemd[1]: Started Phosphor BIOS Code Update.
Jul 18 00:16:23 witherspoon phosphor-network-manager[956]: Failed to get hostname
Jul 18 00:16:23 witherspoon phosphor-network-manager[956]: The operation failed internally.
Jul 18 00:16:23 witherspoon phosphor-network-manager[956]: Error in mapper call
Jul 18 00:16:23 witherspoon systemd[1]: Started Phosphor Network Manager.
Jul 18 00:16:23 witherspoon systemd[1]: Started Phosphor Network Manager.
Jul 18 00:16:23 witherspoon systemd[1]: mapper-wait@-xyz-openbmc_project-led-groups-bmc_booted.service: Main process exited, code=exited, status=1/FAILURE
Jul 18 00:16:23 witherspoon systemd[1]: Failed to start Wait for /xyz/openbmc_project/led/groups/bmc_booted.
Jul 18 00:16:23 witherspoon systemd[1]: mapper-wait@-xyz-openbmc_project-led-groups-bmc_booted.service: Unit entered failed state.
Jul 18 00:16:23 witherspoon systemd[1]: mapper-wait@-xyz-openbmc_project-led-groups-bmc_booted.service: Failed with result 'exit-code'.
Jul 18 00:16:23 witherspoon systemd[1]: Starting Assert bmc_booted LED...
Jul 18 00:16:23 witherspoon systemd[1]: obmc-led-group-start@bmc_booted.service: Main process exited, code=exited, status=1/FAILURE
Jul 18 00:16:23 witherspoon systemd[1]: Failed to start Assert bmc_booted LED.
Jul 18 00:16:23 witherspoon systemd[1]: obmc-led-group-start@bmc_booted.service: Unit entered failed state.
Jul 18 00:16:23 witherspoon systemd[1]: obmc-led-group-start@bmc_booted.service: Failed with result 'exit-code'.
Jul 18 00:16:27 witherspoon phosphor-mapper[1047]: usage: phosphor-mapper [-h] -p PATH_NAMESPACES -i INTERFACE_NAMESPACES
Jul 18 00:16:27 witherspoon phosphor-mapper[1047]:                        [-b BLACKLISTS] [-n INTERFACE_BLACKLISTS]
Jul 18 00:16:27 witherspoon phosphor-mapper[1047]: phosphor-mapper: error: argument -p/--path_namespaces is required
Jul 18 00:16:27 witherspoon systemd[1]: xyz.openbmc_project.ObjectMapper.service: Main process exited, code=exited, status=2/INVALIDARGUMENT
Jul 18 00:16:27 witherspoon systemd[1]: Failed to start Phosphor DBus Service Discovery Manager.
Jul 18 00:16:27 witherspoon systemd[1]: xyz.openbmc_project.ObjectMapper.service: Unit entered failed state.
Jul 18 00:16:27 witherspoon systemd[1]: xyz.openbmc_project.ObjectMapper.service: Failed with result 'exit-code'.
Jul 18 00:16:28 witherspoon phosphor-cooling-type[1076]: Error in mapper call to get service name
Jul 18 00:16:28 witherspoon phosphor-cooling-type[1076]: The operation failed internally.
Jul 18 00:16:28 witherspoon phosphor-cooling-type[1076]: xyz.openbmc_project.Common.Error.InternalFailure: The operation failed internally.
Jul 18 00:16:29 witherspoon power_control.exe[1083]: Power GPIO: call to getGpioConfiguration failed: GDBus.Error:org.freedesktop.DBus.Error.ServiceUnknown: The name org.openbmc.managers.System was not provided by any .service files
Jul 18 00:16:29 witherspoon systemd[1]: phosphor-cooling-type@0.service: Main process exited, code=exited, status=255/n/a
Jul 18 00:16:29 witherspoon systemd[1]: phosphor-cooling-type@0.service: Unit entered failed state.
Jul 18 00:16:30 witherspoon power_control.exe[1083]: ERROR PowerControl: could not read power GPIO configuration
Jul 18 00:16:30 witherspoon power_control.exe[1083]: (process:1083): GLib-CRITICAL **: g_variant_new_string: assertion 'string != NULL' failed
Jul 18 00:16:30 witherspoon power_control.exe[1083]: ERROR PowerControl: GPIO setup (rc=2)
Jul 18 00:16:30 witherspoon sh[1055]: Expects at least four arguments.
Jul 18 00:16:29 witherspoon systemd[1]: phosphor-cooling-type@0.service: Failed with result 'exit-code'.
Jul 18 00:16:30 witherspoon settings_manager.py[1040]: Traceback (most recent call last):
Jul 18 00:16:30 witherspoon settings_manager.py[1040]:   File "/usr/sbin/settings_manager.py", line 262, in <module>
Jul 18 00:16:30 witherspoon settings_manager.py[1040]:     allobjects = create_object(s.SETTINGS)
Jul 18 00:16:30 witherspoon settings_manager.py[1040]:   File "/usr/sbin/settings_manager.py", line 45, in create_object
Jul 18 00:16:30 witherspoon settings_manager.py[1040]:     mapper = obmc.mapper.Mapper(bus)
Jul 18 00:16:30 witherspoon settings_manager.py[1040]:   File "/usr/lib/python2.7/site-packages/obmc/mapper/bindings.py", line 32, in __init__
Jul 18 00:16:30 witherspoon settings_manager.py[1040]:     obj = bus.get_object(MAPPER_NAME, MAPPER_PATH, introspect=False)
Jul 18 00:16:30 witherspoon settings_manager.py[1040]:   File "/usr/lib/python2.7/site-packages/dbus/bus.py", line 241, in get_object
Jul 18 00:16:30 witherspoon settings_manager.py[1040]:     follow_name_owner_changes=follow_name_owner_changes)
Jul 18 00:16:30 witherspoon settings_manager.py[1040]:   File "/usr/lib/python2.7/site-packages/dbus/proxies.py", line 248, in __init__
Jul 18 00:16:29 witherspoon systemd[1]: xyz.openbmc_project.ObjectMapper.service: Service hold-off time over, scheduling restart.
Jul 18 00:16:29 witherspoon systemd[1]: Started OpenPOWER OCC controller.
Jul 18 00:16:29 witherspoon systemd[1]: Started Phosphor Power Button0.
Jul 18 00:16:29 witherspoon phosphor-bmc-state-manager[1080]: Setting the BMCState field
Jul 18 00:16:29 witherspoon phosphor-bmc-state-manager[1080]: Setting the BMCState field
Jul 18 00:16:29 witherspoon systemd[1]: Stopped Phosphor DBus Service Discovery Manager.
Jul 18 00:16:31 witherspoon system_manager.py[1037]: Running System State: BASE_APPS
Jul 18 00:16:31 witherspoon system_manager.py[1037]: Traceback (most recent call last):
Jul 18 00:16:31 witherspoon system_manager.py[1037]:   File "/usr/sbin/system_manager.py", line 210, in <module>
Jul 18 00:16:31 witherspoon system_manager.py[1037]:     obj = SystemManager(bus, OBJ_NAME)
Jul 18 00:16:31 witherspoon system_manager.py[1037]:   File "/usr/sbin/system_manager.py", line 55, in __init__
Jul 18 00:16:31 witherspoon system_manager.py[1037]:     self.SystemStateHandler(System.SYSTEM_STATES[0])
Jul 18 00:16:31 witherspoon system_manager.py[1037]:   File "/usr/sbin/system_manager.py", line 74, in SystemStateHandler
Jul 18 00:16:31 witherspoon system_manager.py[1037]:     callback=self.gotoNextState)
Jul 18 00:16:31 witherspoon system_manager.py[1037]:   File "/usr/lib/python2.7/site-packages/obmc/mapper/utils.py", line 31, in __init__
Jul 18 00:16:31 witherspoon system_manager.py[1037]:     introspect=False)
Jul 18 00:16:31 witherspoon system_manager.py[1037]:   File "/usr/lib/python2.7/site-packages/dbus/bus.py", line 241, in get_object
Jul 18 00:16:31 witherspoon system_manager.py[1037]:     follow_name_owner_changes=follow_name_owner_changes)
Jul 18 00:16:31 witherspoon system_manager.py[1037]:   File "/usr/lib/python2.7/site-packages/dbus/proxies.py", line 248, in __init__
Jul 18 00:16:31 witherspoon system_manager.py[1037]:     self._named_service = conn.activate_name_owner(bus_name)
Jul 18 00:16:31 witherspoon system_manager.py[1037]:   File "/usr/lib/python2.7/site-packages/dbus/bus.py", line 180, in activate_name_owner
Jul 18 00:16:31 witherspoon system_manager.py[1037]:     self.start_service_by_name(bus_name)
Jul 18 00:16:31 witherspoon system_manager.py[1037]:   File "/usr/lib/python2.7/site-packages/dbus/bus.py", line 278, in start_service_by_name
Jul 18 00:16:31 witherspoon system_manager.py[1037]:     'su', (bus_name, flags)))
Jul 18 00:16:31 witherspoon system_manager.py[1037]:   File "/usr/lib/python2.7/site-packages/dbus/connection.py", line 651, in call_blocking
Jul 18 00:16:31 witherspoon system_manager.py[1037]:     message, timeout)
Jul 18 00:16:31 witherspoon system_manager.py[1037]: dbus.exceptions.DBusException: org.freedesktop.DBus.Error.ServiceUnknown: The name xyz.openbmc_project.ObjectMapper was not provided by any .service files
Jul 18 00:16:31 witherspoon settings_manager.py[1040]:     self._named_service = conn.activate_name_owner(bus_name)
Jul 18 00:16:31 witherspoon settings_manager.py[1040]:   File "/usr/lib/python2.7/site-packages/dbus/bus.py", line 180, in activate_name_owner
Jul 18 00:16:31 witherspoon settings_manager.py[1040]:     self.start_service_by_name(bus_name)
Jul 18 00:16:31 witherspoon settings_manager.py[1040]:   File "/usr/lib/python2.7/site-packages/dbus/bus.py", line 278, in start_service_by_name
Jul 18 00:16:31 witherspoon settings_manager.py[1040]:     'su', (bus_name, flags)))
Jul 18 00:16:31 witherspoon settings_manager.py[1040]:   File "/usr/lib/python2.7/site-packages/dbus/connection.py", line 651, in call_blocking
Jul 18 00:16:31 witherspoon settings_manager.py[1040]:     message, timeout)
Jul 18 00:16:31 witherspoon settings_manager.py[1040]: dbus.exceptions.DBusException: org.freedesktop.DBus.Error.ServiceUnknown: The name xyz.openbmc_project.ObjectMapper was not provided by any .service files
Jul 18 00:16:29 witherspoon systemd[1]: Starting Phosphor DBus Service Discovery Manager...
Jul 18 00:16:29 witherspoon openpower-read-vpd[1056]: ObjectMapper GetObject failed
Jul 18 00:16:32 witherspoon mapper[1116]: Error starting event loop: No route to host
Jul 18 00:16:29 witherspoon openpower-read-vpd[1056]: ObjectMapper GetObject failed
Jul 18 00:16:29 witherspoon systemd[1]: Started Check Chassis0 pgood and create a file to indicate it.
Jul 18 00:16:32 witherspoon timemanager[1121]: Registering dbus methods
Jul 18 00:16:32 witherspoon timemanager[1121]: Last known time_mode: MANUAL
Jul 18 00:16:32 witherspoon timemanager[1121]: Last known time_owner: BMC
Jul 18 00:16:32 witherspoon timemanager[1121]: Empty DhcpNtp string
Jul 18 00:16:32 witherspoon timemanager[1121]: Reading Power Control key: pgood
Jul 18 00:16:32 witherspoon timemanager[1121]:  Error getting provider for Power Settings
Jul 18 00:16:32 witherspoon timemanager[1121]: Getting System Settings: time_mode
Jul 18 00:16:32 witherspoon timemanager[1121]: Error Getting service for Settings
Jul 18 00:16:32 witherspoon timemanager[1121]: terminate called after throwing an instance of 'std::logic_error'
Jul 18 00:16:32 witherspoon timemanager[1121]:   what():  basic_string::_M_construct null not valid
Jul 18 00:16:30 witherspoon systemd[1]: Started Read OpenPOWER-format VPD from EEPROM.
Jul 18 00:16:32 witherspoon phosphor-discover-system-state[1120]: terminate called after throwing an instance of 'std::runtime_error'
Jul 18 00:16:32 witherspoon phosphor-discover-system-state[1120]:   what():  Error in mapper call
Jul 18 00:16:30 witherspoon systemd[1]: Started Phosphor Reset Button0.
Jul 18 00:16:30 witherspoon systemd[1]: Started Phosphor BMC State Manager.
Jul 18 00:16:30 witherspoon systemd[1]: Started Phosphor Power0 Control.
Jul 18 00:16:30 witherspoon systemd[1]: Reached target Chassis0 power on after reset.
Jul 18 00:16:30 witherspoon systemd[1]: Reached target Host0 running after reset.
Jul 18 00:16:30 witherspoon systemd[1]: Reached target Host0 (Reset Check).
Jul 18 00:16:30 witherspoon systemd[1]: Reached target Chassis0 (Reset Check).
Jul 18 00:16:31 witherspoon phosphor-host-state-manager[1079]: Initial Host State will be Off
Jul 18 00:16:31 witherspoon systemd[1]: Started Phosphor Host State Manager.
Jul 18 00:16:31 witherspoon systemd[1]: org.openbmc.managers.System.service: Main process exited, code=exited, status=1/FAILURE
Jul 18 00:16:33 witherspoon power_control.exe[1083]: ERROR PowerControl: GPIO open error (gpio=(null),rc=2)
Jul 18 00:16:31 witherspoon systemd[1]: Failed to start Phoshpor System Manager.
Jul 18 00:16:33 witherspoon mapper[1130]: Error starting event loop: No route to host
Jul 18 00:16:31 witherspoon systemd[1]: org.openbmc.managers.System.service: Unit entered failed state.
Jul 18 00:16:33 witherspoon mapper[1129]: Error starting event loop: No route to host
Jul 18 00:16:31 witherspoon systemd[1]: org.openbmc.managers.System.service: Failed with result 'exit-code'.
Jul 18 00:16:31 witherspoon systemd[1]: org.openbmc.managers.System.service: Service hold-off time over, scheduling restart.
Jul 18 00:16:31 witherspoon systemd[1]: Stopped Phoshpor System Manager.
Jul 18 00:16:31 witherspoon systemd[1]: Starting Phoshpor System Manager...
Jul 18 00:16:31 witherspoon systemd[1]: org.openbmc.settings.Host.service: Main process exited, code=exited, status=1/FAILURE
Jul 18 00:16:31 witherspoon systemd[1]: Failed to start Phosphor Settings Manager.
Jul 18 00:16:31 witherspoon systemd[1]: org.openbmc.settings.Host.service: Unit entered failed state.
Jul 18 00:16:31 witherspoon systemd[1]: org.openbmc.settings.Host.service: Failed with result 'exit-code'.
Jul 18 00:16:31 witherspoon systemd[1]: Starting Wait for /org/openbmc/settings/host0...
Jul 18 00:16:32 witherspoon systemd[1]: mapper-wait@-org-openbmc-settings-host0.service: Main process exited, code=exited, status=1/FAILURE
Jul 18 00:16:32 witherspoon systemd[1]: Failed to start Wait for /org/openbmc/settings/host0.
Jul 18 00:16:32 witherspoon systemd[1]: mapper-wait@-org-openbmc-settings-host0.service: Unit entered failed state.
Jul 18 00:16:32 witherspoon systemd[1]: mapper-wait@-org-openbmc-settings-host0.service: Failed with result 'exit-code'.
Jul 18 00:16:32 witherspoon systemd[1]: org.openbmc.settings.Host.service: Service hold-off time over, scheduling restart.
Jul 18 00:16:32 witherspoon systemd[1]: Stopped Phosphor Settings Manager.
Jul 18 00:16:32 witherspoon systemd[1]: Starting Phosphor Settings Manager...
Jul 18 00:16:32 witherspoon systemd[1]: Started Phosphor Inband IPMI.
Jul 18 00:16:32 witherspoon systemd[1]: Starting Reboot If Enabled...
Jul 18 00:16:32 witherspoon systemd[1]: Starting Phosphor Time Manager daemon...
Jul 18 00:16:32 witherspoon phosphor-discover-system-state[1120]: Error in mapper call
Jul 18 00:16:32 witherspoon systemd[1]: org.openbmc.TimeManager.service: Main process exited, code=dumped, status=6/ABRT
Jul 18 00:16:32 witherspoon systemd[1]: Failed to start Phosphor Time Manager daemon.
Jul 18 00:16:32 witherspoon systemd[1]: org.openbmc.TimeManager.service: Unit entered failed state.
Jul 18 00:16:32 witherspoon systemd[1]: org.openbmc.TimeManager.service: Failed with result 'core-dump'.
Jul 18 00:16:32 witherspoon systemd[1]: phosphor-discover-system-state@0.service: Main process exited, code=dumped, status=6/ABRT
Jul 18 00:16:32 witherspoon systemd[1]: Failed to start Reboot If Enabled.
Jul 18 00:16:32 witherspoon systemd[1]: phosphor-discover-system-state@0.service: Unit entered failed state.
Jul 18 00:16:32 witherspoon systemd[1]: phosphor-discover-system-state@0.service: Failed with result 'core-dump'.
Jul 18 00:16:32 witherspoon systemd[1]: org.openbmc.TimeManager.service: Service hold-off time over, scheduling restart.
Jul 18 00:16:32 witherspoon systemd[1]: Stopped Phosphor Time Manager daemon.
Jul 18 00:16:32 witherspoon systemd[1]: Starting Wait for /org/openbmc/NetworkManager/Interface...
Jul 18 00:16:32 witherspoon systemd[1]: Starting Wait for /org/openbmc/control/power0...
Jul 18 00:16:33 witherspoon systemd[1]: mapper-wait@-org-openbmc-control-power0.service: Main process exited, code=exited, status=1/FAILURE
Jul 18 00:16:33 witherspoon systemd[1]: Failed to start Wait for /org/openbmc/control/power0.
Jul 18 00:16:33 witherspoon systemd[1]: mapper-wait@-org-openbmc-control-power0.service: Unit entered failed state.
Jul 18 00:16:33 witherspoon systemd[1]: mapper-wait@-org-openbmc-control-power0.service: Failed with result 'exit-code'.
Jul 18 00:16:33 witherspoon systemd[1]: mapper-wait@-org-openbmc-NetworkManager-Interface.service: Main process exited, code=exited, status=1/FAILURE
Jul 18 00:16:33 witherspoon systemd[1]: Failed to start Wait for /org/openbmc/NetworkManager/Interface.
Jul 18 00:16:33 witherspoon systemd[1]: mapper-wait@-org-openbmc-NetworkManager-Interface.service: Unit entered failed state.
Jul 18 00:16:33 witherspoon systemd[1]: mapper-wait@-org-openbmc-NetworkManager-Interface.service: Failed with result 'exit-code'.
Jul 18 00:16:39 witherspoon ipmid[1119]: Failed to get /org/openbmc/settings/host0 busname: No route to host
Jul 18 00:16:45 witherspoon settings_manager.py[1118]: Traceback (most recent call last):
Jul 18 00:16:45 witherspoon settings_manager.py[1118]:   File "/usr/sbin/settings_manager.py", line 262, in <module>
Jul 18 00:16:45 witherspoon settings_manager.py[1118]:     allobjects = create_object(s.SETTINGS)
Jul 18 00:16:45 witherspoon settings_manager.py[1118]:   File "/usr/sbin/settings_manager.py", line 45, in create_object
Jul 18 00:16:45 witherspoon settings_manager.py[1118]:     mapper = obmc.mapper.Mapper(bus)
Jul 18 00:16:45 witherspoon settings_manager.py[1118]:   File "/usr/lib/python2.7/site-packages/obmc/mapper/bindings.py", line 32, in __init__
Jul 18 00:16:45 witherspoon settings_manager.py[1118]:     obj = bus.get_object(MAPPER_NAME, MAPPER_PATH, introspect=False)
Jul 18 00:16:45 witherspoon settings_manager.py[1118]:   File "/usr/lib/python2.7/site-packages/dbus/bus.py", line 241, in get_object
Jul 18 00:16:45 witherspoon settings_manager.py[1118]:     follow_name_owner_changes=follow_name_owner_changes)
Jul 18 00:16:45 witherspoon settings_manager.py[1118]:   File "/usr/lib/python2.7/site-packages/dbus/proxies.py", line 248, in __init__
Jul 18 00:16:45 witherspoon settings_manager.py[1118]:     self._named_service = conn.activate_name_owner(bus_name)
Jul 18 00:16:45 witherspoon settings_manager.py[1118]:   File "/usr/lib/python2.7/site-packages/dbus/bus.py", line 180, in activate_name_owner
Jul 18 00:16:45 witherspoon settings_manager.py[1118]:     self.start_service_by_name(bus_name)
Jul 18 00:16:45 witherspoon settings_manager.py[1118]:   File "/usr/lib/python2.7/site-packages/dbus/bus.py", line 278, in start_service_by_name
Jul 18 00:16:45 witherspoon settings_manager.py[1118]:     'su', (bus_name, flags)))
Jul 18 00:16:45 witherspoon settings_manager.py[1118]:   File "/usr/lib/python2.7/site-packages/dbus/connection.py", line 651, in call_blocking
Jul 18 00:16:45 witherspoon settings_manager.py[1118]:     message, timeout)
Jul 18 00:16:45 witherspoon settings_manager.py[1118]: dbus.exceptions.DBusException: org.freedesktop.DBus.Error.ServiceUnknown: The name xyz.openbmc_project.ObjectMapper was not provided by any .service files
Jul 18 00:16:45 witherspoon hwmon.py[1054]: Starting HWMON sensors
Jul 18 00:16:45 witherspoon phosphor-mapper[1110]: usage: phosphor-mapper [-h] -p PATH_NAMESPACES -i INTERFACE_NAMESPACES
Jul 18 00:16:45 witherspoon phosphor-mapper[1110]:                        [-b BLACKLISTS] [-n INTERFACE_BLACKLISTS]
Jul 18 00:16:45 witherspoon phosphor-mapper[1110]: phosphor-mapper: error: argument -p/--path_namespaces is required
Jul 18 00:16:46 witherspoon system_manager.py[1115]: Running System State: BASE_APPS
Jul 18 00:16:46 witherspoon system_manager.py[1115]: Traceback (most recent call last):
Jul 18 00:16:46 witherspoon system_manager.py[1115]:   File "/usr/sbin/system_manager.py", line 210, in <module>
Jul 18 00:16:46 witherspoon system_manager.py[1115]:     obj = SystemManager(bus, OBJ_NAME)
Jul 18 00:16:46 witherspoon system_manager.py[1115]:   File "/usr/sbin/system_manager.py", line 55, in __init__
Jul 18 00:16:46 witherspoon system_manager.py[1115]:     self.SystemStateHandler(System.SYSTEM_STATES[0])
Jul 18 00:16:46 witherspoon system_manager.py[1115]:   File "/usr/sbin/system_manager.py", line 74, in SystemStateHandler
Jul 18 00:16:46 witherspoon system_manager.py[1115]:     callback=self.gotoNextState)
Jul 18 00:16:46 witherspoon system_manager.py[1115]:   File "/usr/lib/python2.7/site-packages/obmc/mapper/utils.py", line 31, in __init__
Jul 18 00:16:46 witherspoon system_manager.py[1115]:     introspect=False)
Jul 18 00:16:46 witherspoon system_manager.py[1115]:   File "/usr/lib/python2.7/site-packages/dbus/bus.py", line 241, in get_object
Jul 18 00:16:46 witherspoon system_manager.py[1115]:     follow_name_owner_changes=follow_name_owner_changes)
Jul 18 00:16:46 witherspoon system_manager.py[1115]:   File "/usr/lib/python2.7/site-packages/dbus/proxies.py", line 248, in __init__
Jul 18 00:16:46 witherspoon system_manager.py[1115]:     self._named_service = conn.activate_name_owner(bus_name)
Jul 18 00:16:46 witherspoon system_manager.py[1115]:   File "/usr/lib/python2.7/site-packages/dbus/bus.py", line 180, in activate_name_owner
Jul 18 00:16:46 witherspoon system_manager.py[1115]:     self.start_service_by_name(bus_name)
Jul 18 00:16:46 witherspoon system_manager.py[1115]:   File "/usr/lib/python2.7/site-packages/dbus/bus.py", line 278, in start_service_by_name
Jul 18 00:16:46 witherspoon system_manager.py[1115]:     'su', (bus_name, flags)))
Jul 18 00:16:46 witherspoon system_manager.py[1115]:   File "/usr/lib/python2.7/site-packages/dbus/connection.py", line 651, in call_blocking
Jul 18 00:16:46 witherspoon system_manager.py[1115]:     message, timeout)
Jul 18 00:16:46 witherspoon system_manager.py[1115]: dbus.exceptions.DBusException: org.freedesktop.DBus.Error.ServiceUnknown: The name xyz.openbmc_project.ObjectMapper was not provided by any .service files
Jul 18 00:16:46 witherspoon systemd[1]: org.openbmc.settings.Host.service: Main process exited, code=exited, status=1/FAILURE
Jul 18 00:16:46 witherspoon systemd[1]: Failed to start Phosphor Settings Manager.
Jul 18 00:16:46 witherspoon systemd[1]: org.openbmc.settings.Host.service: Unit entered failed state.
Jul 18 00:16:46 witherspoon systemd[1]: org.openbmc.settings.Host.service: Failed with result 'exit-code'.
Jul 18 00:16:46 witherspoon systemd[1]: Starting Wait for /org/openbmc/settings/host0...
Jul 18 00:16:46 witherspoon systemd[1]: org.openbmc.settings.Host.service: Service hold-off time over, scheduling restart.
Jul 18 00:16:46 witherspoon systemd[1]: Stopped Phosphor Settings Manager.
Jul 18 00:16:46 witherspoon systemd[1]: Starting Phosphor Settings Manager...
Jul 18 00:16:46 witherspoon bmc_update.py[1077]: Running Bmc Flash Control
Jul 18 00:16:46 witherspoon systemd[1]: Started Phosphor BMC Code Update.
Jul 18 00:16:46 witherspoon mapper[1134]: Error starting event loop: No route to host
Jul 18 00:16:46 witherspoon systemd[1]: mapper-wait@-org-openbmc-settings-host0.service: Main process exited, code=exited, status=1/FAILURE
Jul 18 00:16:46 witherspoon systemd[1]: Failed to start Wait for /org/openbmc/settings/host0.
Jul 18 00:16:46 witherspoon systemd[1]: mapper-wait@-org-openbmc-settings-host0.service: Unit entered failed state.
Jul 18 00:16:46 witherspoon systemd[1]: mapper-wait@-org-openbmc-settings-host0.service: Failed with result 'exit-code'.
Jul 18 00:16:46 witherspoon systemd[1]: Starting Phosphor Time Manager daemon...
Jul 18 00:16:47 witherspoon timemanager[1137]: Registering dbus methods
Jul 18 00:16:47 witherspoon timemanager[1137]: Last known time_mode: MANUAL
Jul 18 00:16:47 witherspoon timemanager[1137]: Last known time_owner: BMC
Jul 18 00:16:47 witherspoon timemanager[1137]: Empty DhcpNtp string
Jul 18 00:16:47 witherspoon timemanager[1137]: Reading Power Control key: pgood
Jul 18 00:16:47 witherspoon timemanager[1137]:  Error getting provider for Power Settings
Jul 18 00:16:47 witherspoon timemanager[1137]: Getting System Settings: time_mode
Jul 18 00:16:47 witherspoon timemanager[1137]: Error Getting service for Settings
Jul 18 00:16:47 witherspoon timemanager[1137]: terminate called after throwing an instance of 'std::logic_error'
Jul 18 00:16:47 witherspoon timemanager[1137]:   what():  basic_string::_M_construct null not valid
Jul 18 00:16:47 witherspoon systemd[1]: org.openbmc.TimeManager.service: Main process exited, code=dumped, status=6/ABRT
Jul 18 00:16:47 witherspoon systemd[1]: Failed to start Phosphor Time Manager daemon.
Jul 18 00:16:47 witherspoon systemd[1]: org.openbmc.TimeManager.service: Unit entered failed state.
Jul 18 00:16:47 witherspoon systemd[1]: org.openbmc.TimeManager.service: Failed with result 'core-dump'.
