-- Logs begin at Tue 2017-10-24 18:22:24 UTC, end at Tue 2017-10-24 18:25:01 UTC. --
Oct 24 18:22:24 witherspoon kernel: Booting Linux on physical CPU 0x0
Oct 24 18:22:24 witherspoon kernel: Linux version 4.10.17-da78428ac543d6d9ac2493dfa77364eb300a47cb (fspcibld@tulpok01p4) (gcc version 6.2.0 (GCC) ) #1 Mon Oct 23 03:43:19 UTC 2017
Oct 24 18:22:24 witherspoon kernel: CPU: ARMv6-compatible processor [410fb767] revision 7 (ARMv7), cr=00c5387d
Oct 24 18:22:24 witherspoon kernel: CPU: PIPT / VIPT nonaliasing data cache, VIPT nonaliasing instruction cache
Oct 24 18:22:24 witherspoon kernel: OF: fdt:Machine model: Witherspoon BMC
Oct 24 18:22:24 witherspoon kernel: Memory policy: Data cache writeback
Oct 24 18:22:24 witherspoon kernel: SOC Rev: 04030303
Oct 24 18:22:24 witherspoon kernel: On node 0 totalpages: 110592
Oct 24 18:22:24 witherspoon kernel: free_area_init_node: node 0, pgdat 806018a4, node_mem_map 9ec1a000
Oct 24 18:22:24 witherspoon kernel:   Normal zone: 992 pages used for memmap
Oct 24 18:22:24 witherspoon kernel:   Normal zone: 0 pages reserved
Oct 24 18:22:24 witherspoon kernel:   Normal zone: 110592 pages, LIFO batch:31
Oct 24 18:22:24 witherspoon kernel: pcpu-alloc: s0 r0 d32768 u32768 alloc=1*32768
Oct 24 18:22:24 witherspoon kernel: pcpu-alloc: [0] 0 
Oct 24 18:22:24 witherspoon kernel: Built 1 zonelists in Zone order, mobility grouping on.  Total pages: 109600
Oct 24 18:22:24 witherspoon kernel: Kernel command line: console=ttyS4,115200n8 ubi.mtd=obmc-ubi,0,0,0 ubi.mtd=alt-obmc-ubi,0,0,4 ro rootfstype=squashfs ubi.block=4,0 root=/dev/ubiblock4_0
Oct 24 18:22:24 witherspoon kernel: PID hash table entries: 2048 (order: 1, 8192 bytes)
Oct 24 18:22:24 witherspoon kernel: Dentry cache hash table entries: 65536 (order: 6, 262144 bytes)
Oct 24 18:22:24 witherspoon kernel: Inode-cache hash table entries: 32768 (order: 5, 131072 bytes)
Oct 24 18:22:24 witherspoon kernel: Memory: 431968K/442368K available (4077K kernel code, 281K rwdata, 1188K rodata, 284K init, 111K bss, 10400K reserved, 0K cma-reserved)
Oct 24 18:22:24 witherspoon kernel: Virtual kernel memory layout:
                                        vector  : 0xffff0000 - 0xffff1000   (   4 kB)
                                        fixmap  : 0xffc00000 - 0xfff00000   (3072 kB)
                                        vmalloc : 0x9f800000 - 0xff800000   (1536 MB)
                                        lowmem  : 0x80000000 - 0x9f000000   ( 496 MB)
                                          .text : 0x80008000 - 0x804037e0   (4078 kB)
                                          .init : 0x80587000 - 0x805ce000   ( 284 kB)
                                          .data : 0x805ce000 - 0x806147a8   ( 282 kB)
                                           .bss : 0x806147a8 - 0x80630658   ( 112 kB)
Oct 24 18:22:24 witherspoon kernel: NR_IRQS:16 nr_irqs:16 16
Oct 24 18:22:24 witherspoon kernel: i2c controller registered, irq 16
Oct 24 18:22:24 witherspoon kernel: clocksource: moxart_timer: mask: 0xffffffff max_cycles: 0xffffffff, max_idle_ns: 77222644334 ns
Oct 24 18:22:24 witherspoon kernel: sched_clock: 32 bits at 100 Hz, resolution 10000000ns, wraps every 21474836475000000ns
Oct 24 18:22:24 witherspoon kernel: Calibrating delay loop... 789.70 BogoMIPS (lpj=3948544)
Oct 24 18:22:24 witherspoon kernel: pid_max: default: 32768 minimum: 301
Oct 24 18:22:24 witherspoon kernel: Mount-cache hash table entries: 1024 (order: 0, 4096 bytes)
Oct 24 18:22:24 witherspoon kernel: Mountpoint-cache hash table entries: 1024 (order: 0, 4096 bytes)
Oct 24 18:22:24 witherspoon kernel: CPU: Testing write buffer coherency: ok
Oct 24 18:22:24 witherspoon kernel: ftrace: allocating 14995 entries in 44 pages
Oct 24 18:22:24 witherspoon kernel: Setting up static identity map for 0x80008200 - 0x8000825c
Oct 24 18:22:24 witherspoon kernel: devtmpfs: initialized
Oct 24 18:22:24 witherspoon kernel: clocksource: jiffies: mask: 0xffffffff max_cycles: 0xffffffff, max_idle_ns: 19112604462750000 ns
Oct 24 18:22:24 witherspoon kernel: futex hash table entries: 256 (order: -1, 3072 bytes)
Oct 24 18:22:24 witherspoon kernel: pinctrl core: initialized pinctrl subsystem
Oct 24 18:22:24 witherspoon kernel: NET: Registered protocol family 16
Oct 24 18:22:24 witherspoon kernel: DMA: preallocated 256 KiB pool for atomic coherent allocations
Oct 24 18:22:24 witherspoon kernel: usbcore: registered new interface driver usbfs
Oct 24 18:22:24 witherspoon kernel: usbcore: registered new interface driver hub
Oct 24 18:22:24 witherspoon kernel: usbcore: registered new device driver usb
Oct 24 18:22:24 witherspoon kernel: clocksource: Switched to clocksource moxart_timer
Oct 24 18:22:24 witherspoon kernel: NET: Registered protocol family 2
Oct 24 18:22:24 witherspoon kernel: TCP established hash table entries: 4096 (order: 2, 16384 bytes)
Oct 24 18:22:24 witherspoon kernel: TCP bind hash table entries: 4096 (order: 2, 16384 bytes)
Oct 24 18:22:24 witherspoon kernel: TCP: Hash tables configured (established 4096 bind 4096)
Oct 24 18:22:24 witherspoon kernel: UDP hash table entries: 256 (order: 0, 4096 bytes)
Oct 24 18:22:24 witherspoon kernel: UDP-Lite hash table entries: 256 (order: 0, 4096 bytes)
Oct 24 18:22:24 witherspoon kernel: NET: Registered protocol family 1
Oct 24 18:22:24 witherspoon kernel: workingset: timestamp_bits=30 max_order=17 bucket_order=0
Oct 24 18:22:24 witherspoon kernel: squashfs: version 4.0 (2009/01/31) Phillip Lougher
Oct 24 18:22:24 witherspoon kernel: jffs2: version 2.2. (SUMMARY)  © 2001-2006 Red Hat, Inc.
Oct 24 18:22:24 witherspoon kernel: Block layer SCSI generic (bsg) driver version 0.4 loaded (major 250)
Oct 24 18:22:24 witherspoon kernel: io scheduler noop registered
Oct 24 18:22:24 witherspoon kernel: io scheduler deadline registered
Oct 24 18:22:24 witherspoon kernel: io scheduler cfq registered (default)
Oct 24 18:22:24 witherspoon kernel: ipmi-bt-host 1e789140.ibt: Found bt bmc device
Oct 24 18:22:24 witherspoon kernel: ipmi-bt-host 1e789140.ibt: Using IRQ 22
Oct 24 18:22:24 witherspoon kernel: Serial: 8250/16550 driver, 6 ports, IRQ sharing enabled
Oct 24 18:22:24 witherspoon kernel: 1e787000.vuart: ttyS5 at MMIO 0x1e787000 (irq = 22, base_baud = 1500000) is a 16550A
Oct 24 18:22:24 witherspoon kernel: 1e783000.serial: ttyS0 at MMIO 0x1e783000 (irq = 23, base_baud = 1500000) is a 16550A
Oct 24 18:22:24 witherspoon kernel: 1e78d000.serial: ttyS1 at MMIO 0x1e78d000 (irq = 24, base_baud = 1500000) is a 16550A
Oct 24 18:22:24 witherspoon kernel: 1e784000.serial: ttyS4 at MMIO 0x1e784000 (irq = 25, base_baud = 1500000) is a 16550A
Oct 24 18:22:24 witherspoon kernel: console [ttyS4] enabled
Oct 24 18:22:24 witherspoon kernel: timeriomem_rng 1e6e2078.hwrng: 32bits from 0xf00e2078 @ 1us
Oct 24 18:22:24 witherspoon kernel: random: fast init done
Oct 24 18:22:24 witherspoon kernel: brd: module loaded
Oct 24 18:22:24 witherspoon kernel: random: crng init done
Oct 24 18:22:24 witherspoon kernel: loop: module loaded
Oct 24 18:22:24 witherspoon kernel: aspeed-lpc-ctrl 1e789080.lpc-ctrl: Loaded at 0x98000000 (0x04000000)
Oct 24 18:22:24 witherspoon kernel: aspeed-smc 1e620000.flash-controller: Using IRQ 18
Oct 24 18:22:24 witherspoon kernel: aspeed-smc 1e620000.flash-controller: DMA support disabled.
Oct 24 18:22:24 witherspoon kernel: aspeed-smc 1e620000.flash-controller: mx25l25635e (32768 Kbytes)
Oct 24 18:22:24 witherspoon kernel: aspeed-smc 1e620000.flash-controller: CE0 window [ 0x20000000 - 0x22000000 ] 32MB
Oct 24 18:22:24 witherspoon kernel: aspeed-smc 1e620000.flash-controller: CE1 window [ 0x22000000 - 0x2a000000 ] 128MB
Oct 24 18:22:24 witherspoon kernel: 3 ofpart partitions found on MTD device bmc
Oct 24 18:22:24 witherspoon kernel: Creating 3 MTD partitions on "bmc":
Oct 24 18:22:24 witherspoon kernel: 0x000000000000-0x000000060000 : "u-boot"
Oct 24 18:22:24 witherspoon kernel: 0x000000060000-0x000000080000 : "u-boot-env"
Oct 24 18:22:24 witherspoon kernel: 0x000000080000-0x000002000000 : "obmc-ubi"
Oct 24 18:22:25 witherspoon kernel: aspeed-smc 1e620000.flash-controller: mx25l25635e (32768 Kbytes)
Oct 24 18:22:25 witherspoon kernel: aspeed-smc 1e620000.flash-controller: CE1 window [ 0x22000000 - 0x24000000 ] 32MB
Oct 24 18:22:25 witherspoon kernel: aspeed-smc 1e620000.flash-controller: CE2 window [ 0x24000000 - 0x2c000000 ] 128MB
Oct 24 18:22:25 witherspoon kernel: 3 ofpart partitions found on MTD device alt-bmc
Oct 24 18:22:25 witherspoon kernel: Creating 3 MTD partitions on "alt-bmc":
Oct 24 18:22:25 witherspoon kernel: 0x000000000000-0x000000060000 : "alt-u-boot"
Oct 24 18:22:25 witherspoon kernel: 0x000000060000-0x000000080000 : "alt-u-boot-env"
Oct 24 18:22:25 witherspoon kernel: 0x000000080000-0x000002000000 : "alt-obmc-ubi"
Oct 24 18:22:25 witherspoon kernel: aspeed-smc 1e630000.flash-controller: mx66l1g45g (131072 Kbytes)
Oct 24 18:22:25 witherspoon kernel: aspeed-smc 1e630000.flash-controller: CE0 window resized to 120MB (AST2500 HW quirk)
Oct 24 18:22:25 witherspoon kernel: aspeed-smc 1e630000.flash-controller: CE0 window [ 0x30000000 - 0x37800000 ] 120MB
Oct 24 18:22:25 witherspoon kernel: aspeed-smc 1e630000.flash-controller: CE0 window too small for chip 128MB
Oct 24 18:22:25 witherspoon kernel: aspeed-smc 1e630000.flash-controller: CE1 window [ 0x37800000 - 0x38000000 ] 8MB
Oct 24 18:22:25 witherspoon kernel: libphy: Fixed MDIO Bus: probed
Oct 24 18:22:25 witherspoon kernel: ftgmac100 1e660000.ethernet: Read MAC address 70:e2:84:14:2a:08 from chip
Oct 24 18:22:25 witherspoon kernel: ftgmac100 1e660000.ethernet: Using NCSI interface
Oct 24 18:22:25 witherspoon kernel: ftgmac100 1e660000.ethernet eth0: irq 20, mapped at f0060000
Oct 24 18:22:25 witherspoon kernel: ehci_hcd: USB 2.0 'Enhanced' Host Controller (EHCI) Driver
Oct 24 18:22:25 witherspoon kernel: ehci-platform: EHCI generic platform driver
Oct 24 18:22:25 witherspoon kernel: i2c /dev entries driver
Oct 24 18:22:25 witherspoon kernel: aspeed-i2c-bus 1e78a0c0.i2c-bus: i2c bus 2 registered, irq 26
Oct 24 18:22:25 witherspoon kernel: aspeed-i2c-bus 1e78a100.i2c-bus: i2c bus 3 registered, irq 27
Oct 24 18:22:25 witherspoon kernel: aspeed-i2c-bus 1e78a140.i2c-bus: i2c bus 4 registered, irq 28
Oct 24 18:22:25 witherspoon kernel: aspeed-i2c-bus 1e78a180.i2c-bus: i2c bus 5 registered, irq 29
Oct 24 18:22:25 witherspoon kernel: aspeed-i2c-bus 1e78a380.i2c-bus: i2c bus 9 registered, irq 30
Oct 24 18:22:25 witherspoon kernel: aspeed-i2c-bus 1e78a3c0.i2c-bus: i2c bus 10 registered, irq 31
Oct 24 18:22:25 witherspoon kernel: rtc-rv8803 11-0032: Voltage low, temperature compensation stopped.
Oct 24 18:22:25 witherspoon kernel: rtc-rv8803 11-0032: An alarm maybe have been missed.
Oct 24 18:22:25 witherspoon kernel: rtc-rv8803 11-0032: rtc core: registered rx8900 as rtc0
Oct 24 18:22:25 witherspoon kernel: at24 11-0051: 8192 byte 24c64 EEPROM, writable, 1 bytes/write
Oct 24 18:22:25 witherspoon kernel: aspeed-i2c-bus 1e78a400.i2c-bus: i2c bus 11 registered, irq 32
Oct 24 18:22:25 witherspoon kernel: aspeed-i2c-bus 1e78a440.i2c-bus: i2c bus 12 registered, irq 33
Oct 24 18:22:25 witherspoon kernel: aspeed-i2c-bus 1e78a480.i2c-bus: i2c bus 13 registered, irq 34
Oct 24 18:22:25 witherspoon kernel: Driver for 1-wire Dallas network protocol.
Oct 24 18:22:25 witherspoon kernel: lm75 9-004a: hwmon0: sensor 'tmp275'
Oct 24 18:22:25 witherspoon kernel: ucd9000 11-0064: Device ID UCD90160|2.3.4.0000|110603
Oct 24 18:22:25 witherspoon kernel: leds-pca955x 3-0060: leds-pca955x: Using pca9552 16-bit LED driver at slave address 0x60
Oct 24 18:22:25 witherspoon kernel: leds-pca955x 3-0060: gpios 238...253
Oct 24 18:22:25 witherspoon kernel: leds-pca955x 11-0060: leds-pca955x: Using pca9552 16-bit LED driver at slave address 0x60
Oct 24 18:22:25 witherspoon kernel: leds-pca955x 11-0060: gpios 222...237
Oct 24 18:22:25 witherspoon kernel: usbcore: registered new interface driver usbhid
Oct 24 18:22:25 witherspoon kernel: usbhid: USB HID core driver
Oct 24 18:22:25 witherspoon kernel: dps310 3-0076: iio:device1: sensor 'dps310'
Oct 24 18:22:25 witherspoon kernel: NET: Registered protocol family 10
Oct 24 18:22:25 witherspoon kernel: Segment Routing with IPv6
Oct 24 18:22:25 witherspoon kernel: NET: Registered protocol family 17
Oct 24 18:22:25 witherspoon kernel: 8021q: 802.1Q VLAN Support v1.8
Oct 24 18:22:25 witherspoon kernel: input: gpio-keys-polled as /devices/platform/gpio-keys-polled/input/input1
Oct 24 18:22:25 witherspoon kernel: ubi0: default fastmap pool size: 25
Oct 24 18:22:25 witherspoon kernel: ubi0: default fastmap WL pool size: 12
Oct 24 18:22:25 witherspoon kernel: ubi0: attaching mtd3
Oct 24 18:22:25 witherspoon kernel: ubi0: scanning is finished
Oct 24 18:22:25 witherspoon kernel: ubi0: attached mtd3 (name "obmc-ubi", size 31 MiB)
Oct 24 18:22:25 witherspoon kernel: ubi0: PEB size: 65536 bytes (64 KiB), LEB size: 65408 bytes
Oct 24 18:22:25 witherspoon kernel: ubi0: min./max. I/O unit sizes: 1/256, sub-page size 1
Oct 24 18:22:25 witherspoon kernel: ubi0: VID header offset: 64 (aligned 64), data offset: 128
Oct 24 18:22:26 witherspoon kernel: ubi0: good PEBs: 504, bad PEBs: 0, corrupted PEBs: 0
Oct 24 18:22:26 witherspoon kernel: ubi0: user volume: 4, internal volumes: 1, max. volumes count: 128
Oct 24 18:22:26 witherspoon kernel: ubi0: max/mean erase counter: 52/29, WL threshold: 4096, image sequence number: 1358235831
Oct 24 18:22:26 witherspoon kernel: ubi0: available PEBs: 46, total reserved PEBs: 458, PEBs reserved for bad PEB handling: 0
Oct 24 18:22:26 witherspoon kernel: ubi0: background thread "ubi_bgt0d" started, PID 507
Oct 24 18:22:26 witherspoon kernel: ubi4: default fastmap pool size: 25
Oct 24 18:22:26 witherspoon kernel: ubi4: default fastmap WL pool size: 12
Oct 24 18:22:26 witherspoon kernel: ubi4: attaching mtd7
Oct 24 18:22:26 witherspoon kernel: ubi4: scanning is finished
Oct 24 18:22:26 witherspoon kernel: ubi4: attached mtd7 (name "alt-obmc-ubi", size 31 MiB)
Oct 24 18:22:26 witherspoon kernel: ubi4: PEB size: 65536 bytes (64 KiB), LEB size: 65408 bytes
Oct 24 18:22:26 witherspoon kernel: ubi4: min./max. I/O unit sizes: 1/256, sub-page size 1
Oct 24 18:22:26 witherspoon kernel: ubi4: VID header offset: 64 (aligned 64), data offset: 128
Oct 24 18:22:26 witherspoon kernel: ubi4: good PEBs: 504, bad PEBs: 0, corrupted PEBs: 0
Oct 24 18:22:26 witherspoon kernel: ubi4: user volume: 4, internal volumes: 1, max. volumes count: 128
Oct 24 18:22:26 witherspoon kernel: ubi4: max/mean erase counter: 16/11, WL threshold: 4096, image sequence number: 1358235831
Oct 24 18:22:26 witherspoon kernel: ubi4: available PEBs: 46, total reserved PEBs: 458, PEBs reserved for bad PEB handling: 0
Oct 24 18:22:26 witherspoon kernel: ubi4: background thread "ubi_bgt4d" started, PID 513
Oct 24 18:22:26 witherspoon kernel: block ubiblock4_0: created from ubi4:0(rofs-28c7ce91)
Oct 24 18:22:26 witherspoon kernel: console [netcon0] enabled
Oct 24 18:22:26 witherspoon kernel: netconsole: network logging started
Oct 24 18:22:26 witherspoon kernel: input: gpio-keys as /devices/platform/gpio-keys/input/input2
Oct 24 18:22:26 witherspoon kernel: rtc-rv8803 11-0032: setting system clock to 2017-10-24 18:22:17 UTC (1508869337)
Oct 24 18:22:26 witherspoon kernel: VFS: Mounted root (squashfs filesystem) readonly on device 254:0.
Oct 24 18:22:26 witherspoon kernel: devtmpfs: mounted
Oct 24 18:22:26 witherspoon kernel: Freeing unused kernel memory: 284K
Oct 24 18:22:26 witherspoon kernel: This architecture does not have kernel memory protection.
Oct 24 18:22:26 witherspoon systemd[1]: Failed to insert module 'autofs4': No such file or directory
Oct 24 18:22:26 witherspoon systemd[1]: systemd 232 running in system mode. (+PAM -AUDIT -SELINUX -IMA -APPARMOR -SMACK +SYSVINIT -UTMP -LIBCRYPTSETUP -GCRYPT -GNUTLS +ACL +XZ -LZ4 -SECCOMP +BLKID -ELFUTILS +KMOD -IDN)
Oct 24 18:22:26 witherspoon systemd[1]: Detected architecture arm.
Oct 24 18:22:26 witherspoon systemd[1]: Set hostname to <witherspoon>.
Oct 24 18:22:26 witherspoon systemd[1]: Initializing machine ID from random generator.
Oct 24 18:22:26 witherspoon systemd[1]: Installed transient /etc/machine-id file.
Oct 24 18:22:26 witherspoon systemd[1]: Started Forward Password Requests to Wall Directory Watch.
Oct 24 18:22:26 witherspoon systemd[1]: Listening on udev Kernel Socket.
Oct 24 18:22:26 witherspoon systemd[1]: Listening on udev Control Socket.
Oct 24 18:22:26 witherspoon systemd[1]: Listening on Syslog Socket.
Oct 24 18:22:26 witherspoon systemd[1]: Listening on Network Service Netlink Socket.
Oct 24 18:22:26 witherspoon systemd[1]: Reached target Local File Systems (Pre).
Oct 24 18:22:26 witherspoon systemd[1]: Mounting /media...
Oct 24 18:22:26 witherspoon systemd[1]: Mounting /usr/local...
Oct 24 18:22:26 witherspoon systemd[1]: Starting udev Kernel Device Manager...
Oct 24 18:22:26 witherspoon systemd[1]: Mounted /usr/local.
Oct 24 18:22:26 witherspoon systemd[1]: Mounted /media.
Oct 24 18:22:26 witherspoon systemd-journald[535]: Journal started
Oct 24 18:22:26 witherspoon systemd-journald[535]: Runtime journal (/run/log/journal/217b4026b9f940a0b20a6685c0a98af5) is 0B, max 0B, 0B free.
Oct 24 18:22:26 witherspoon systemd[1]: Started Journal Service.
Oct 24 18:22:26 witherspoon systemd-sysctl[540]: Couldn't write '16' to 'kernel/sysrq', ignoring: No such file or directory
Oct 24 18:22:26 witherspoon systemd-sysctl[540]: Couldn't write 'fq_codel' to 'net/core/default_qdisc', ignoring: No such file or directory
Oct 24 18:22:27 witherspoon systemd[1]: Started udev Kernel Device Manager.
Oct 24 18:22:27 witherspoon systemd[1]: Started Factory reset BMC if reset enabled.
Oct 24 18:22:27 witherspoon systemd[1]: var.mount: Directory /var to mount over is not empty, mounting anyway.
Oct 24 18:22:27 witherspoon systemd[1]: Mounting /var...
Oct 24 18:22:27 witherspoon systemd[1]: Mounted /var.
Oct 24 18:22:27 witherspoon kernel: UBIFS (ubi0:2): UBIFS: mounted UBI device 0, volume 2, name "rwfs"
Oct 24 18:22:27 witherspoon kernel: UBIFS (ubi0:2): LEB size: 65408 bytes (63 KiB), min./max. I/O unit sizes: 8 bytes/256 bytes
Oct 24 18:22:27 witherspoon kernel: UBIFS (ubi0:2): FS size: 3597440 bytes (3 MiB, 55 LEBs), journal size 719488 bytes (0 MiB, 11 LEBs)
Oct 24 18:22:27 witherspoon kernel: UBIFS (ubi0:2): reserved for root: 0 bytes (0 KiB)
Oct 24 18:22:27 witherspoon kernel: UBIFS (ubi0:2): media format: w4/r0 (latest is w5/r0), UUID F6AF7850-1C6E-4E2A-94BB-A56899CAF080, small LPT model
Oct 24 18:22:27 witherspoon kernel: UBIFS (ubi0:2): background thread "ubifs_bgt0_2" started, PID 730
Oct 24 18:22:28 witherspoon systemd[1]: Mounting /var/volatile...
Oct 24 18:22:28 witherspoon systemd[1]: Starting Flush Journal to Persistent Storage...
Oct 24 18:22:28 witherspoon systemd[1]: Starting Prepare for overlay fs...
Oct 24 18:22:28 witherspoon systemd[1]: Mounted /var/volatile.
Oct 24 18:22:28 witherspoon systemd[1]: Starting Load/Save Random Seed...
Oct 24 18:22:28 witherspoon systemd[1]: Started Load/Save Random Seed.
Oct 24 18:22:28 witherspoon systemd[1]: Started udev Coldplug all Devices.
Oct 24 18:22:29 witherspoon sh[748]: /etc is not a mountpoint
Oct 24 18:22:29 witherspoon systemd[1]: Started Prepare for overlay fs.
Oct 24 18:22:29 witherspoon systemd[1]: Found device /dev/aspeed-lpc-ctrl.
Oct 24 18:22:29 witherspoon systemd[1]: Found device /dev/aspeed-mbox.
Oct 24 18:22:30 witherspoon systemd-journald[535]: Runtime journal (/run/log/journal/217b4026b9f940a0b20a6685c0a98af5) is 0B, max 0B, 0B free.
Oct 24 18:22:30 witherspoon systemd[1]: Found device /dev/ttyS4.
Oct 24 18:22:30 witherspoon systemd[1]: Found device /dev/ttyVUART0.
Oct 24 18:22:30 witherspoon systemd[1]: Started Flush Journal to Persistent Storage.
Oct 24 18:22:31 witherspoon systemd[1]: Created slice system-xyz.openbmc_project.led.controller.slice.
Oct 24 18:22:31 witherspoon systemd[1]: Created slice system-xyz.openbmc_project.Hwmon.slice.
Oct 24 18:22:31 witherspoon systemd[1]: dev-hugepages.mount: Couldn't determine result for ConditionVirtualization=!private-users, assuming failed: No such file or directory
Oct 24 18:22:31 witherspoon systemd[1]: Starting Prepare for overlay fs...
Oct 24 18:22:31 witherspoon sh[949]: /etc is not a mountpoint
Oct 24 18:22:31 witherspoon systemd[1]: Started Prepare for overlay fs.
Oct 24 18:22:31 witherspoon systemd[1]: home.mount: Directory /home to mount over is not empty, mounting anyway.
Oct 24 18:22:31 witherspoon systemd[1]: Mounting /home...
Oct 24 18:22:31 witherspoon systemd[1]: etc.mount: Directory /etc to mount over is not empty, mounting anyway.
Oct 24 18:22:31 witherspoon systemd[1]: Mounting /etc...
Oct 24 18:22:31 witherspoon systemd[1]: Mounted /etc.
Oct 24 18:22:31 witherspoon systemd[1]: Mounted /home.
Oct 24 18:22:31 witherspoon systemd[1]: Reached target Local File Systems.
Oct 24 18:22:31 witherspoon systemd[1]: Starting Create Volatile Files and Directories...
Oct 24 18:22:31 witherspoon systemd[1]: Started Create Volatile Files and Directories.
Oct 24 18:22:31 witherspoon systemd[1]: Starting Network Time Synchronization...
Oct 24 18:22:32 witherspoon systemd[1]: Started Network Time Synchronization.
Oct 24 18:22:32 witherspoon systemd[1]: Reached target System Time Synchronized.
Oct 24 18:22:32 witherspoon systemd[1]: Reached target System Initialization.
Oct 24 18:22:32 witherspoon systemd[1]: Started Daily Cleanup of Temporary Directories.
Oct 24 18:22:32 witherspoon systemd[1]: Reached target Timers.
Oct 24 18:22:32 witherspoon systemd[1]: Listening on D-Bus System Message Bus Socket.
Oct 24 18:22:32 witherspoon systemd[1]: Listening on Phosphor Webserver socket.
Oct 24 18:22:32 witherspoon systemd[1]: Listening on Phosphor DBUS Browser socket.
Oct 24 18:22:32 witherspoon systemd[1]: Listening on phosphor-ipmi-net.socket.
Oct 24 18:22:32 witherspoon systemd[1]: Listening on Phosphor Host Console SSH Per-Connection socket.
Oct 24 18:22:32 witherspoon systemd[1]: Listening on dropbear.socket.
Oct 24 18:22:32 witherspoon systemd[1]: Listening on Avahi mDNS/DNS-SD Stack Activation Socket.
Oct 24 18:22:32 witherspoon systemd[1]: Reached target Sockets.
Oct 24 18:22:32 witherspoon systemd[1]: Reached target Basic System.
Oct 24 18:22:32 witherspoon systemd[1]: Started Phosphor Console Muxer listening on device /dev/ttyVUART0.
Oct 24 18:22:32 witherspoon systemd[1]: Started Phosphor sysfs LED controller.
Oct 24 18:22:32 witherspoon systemd[1]: Starting Phosphor Download Manager...
Oct 24 18:22:32 witherspoon systemd[1]: Starting Phosphor IPMI BT DBus Bridge...
Oct 24 18:22:32 witherspoon systemd[1]: Starting Check PNOR UBI format...
Oct 24 18:22:32 witherspoon systemd[1]: Starting Phosphor DBus Service Discovery Manager...
Oct 24 18:22:33 witherspoon systemd[1]: Starting Avahi mDNS/DNS-SD Stack...
Oct 24 18:22:33 witherspoon systemd[1]: Started D-Bus System Message Bus.
Oct 24 18:22:36 witherspoon avahi-daemon[969]: Found user 'avahi' (UID 998) and group 'avahi' (GID 999).
Oct 24 18:22:36 witherspoon avahi-daemon[969]: Successfully dropped root privileges.
Oct 24 18:22:36 witherspoon avahi-daemon[969]: avahi-daemon 0.6.32 starting up.
Oct 24 18:22:36 witherspoon avahi-daemon[969]: Successfully called chroot().
Oct 24 18:22:36 witherspoon avahi-daemon[969]: Successfully dropped remaining capabilities.
Oct 24 18:22:36 witherspoon avahi-daemon[969]: Loading service file /services/obmc_console.service.
Oct 24 18:22:36 witherspoon avahi-daemon[969]: Loading service file /services/phosphor_rest.service.
Oct 24 18:22:36 witherspoon avahi-daemon[969]: Loading service file /services/sftp-ssh.service.
Oct 24 18:22:36 witherspoon avahi-daemon[969]: Loading service file /services/sftp.service.
Oct 24 18:22:36 witherspoon avahi-daemon[969]: Loading service file /services/ssh.service.
Oct 24 18:22:36 witherspoon avahi-daemon[969]: Network interface enumeration completed.
Oct 24 18:22:36 witherspoon avahi-daemon[969]: Server startup complete. Host name is witherspoon.local. Local service cookie is 900544214.
Oct 24 18:22:36 witherspoon avahi-daemon[969]: Service "witherspoon" (/services/ssh.service) successfully established.
Oct 24 18:22:36 witherspoon avahi-daemon[969]: Service "sftp" (/services/sftp.service) successfully established.
Oct 24 18:22:36 witherspoon avahi-daemon[969]: Service "witherspoon" (/services/sftp-ssh.service) successfully established.
Oct 24 18:22:36 witherspoon avahi-daemon[969]: Service "phosphor_rest" (/services/phosphor_rest.service) successfully established.
Oct 24 18:22:36 witherspoon avahi-daemon[969]: Service "obmc_console" (/services/obmc_console.service) successfully established.
Oct 24 18:22:36 witherspoon systemd[1]: Started Phosphor IPMI BT DBus Bridge.
Oct 24 18:22:36 witherspoon systemd[1]: Started Avahi mDNS/DNS-SD Stack.
Oct 24 18:22:36 witherspoon systemd[1]: Started Phosphor Download Manager.
Oct 24 18:22:36 witherspoon systemd[1]: Starting Network Service...
Oct 24 18:22:36 witherspoon systemd[1]: Starting Phosphor Inventory Manager...
Oct 24 18:22:36 witherspoon systemd[1]: Started Phosphor sysfs LED controller.
Oct 24 18:22:37 witherspoon systemd[1]: Starting Phosphor Download Manager...
Oct 24 18:22:37 witherspoon systemd[1]: Started Phosphor sysfs LED controller.
Oct 24 18:22:37 witherspoon systemd[1]: Starting Clear one time boot overrides...
Oct 24 18:22:37 witherspoon systemd[1]: Starting Phosphor User Manager...
Oct 24 18:22:37 witherspoon systemd[1]: Started Phosphor sysfs LED controller.
Oct 24 18:22:37 witherspoon systemd[1]: Starting Phosphor Chassis0 Control...
Oct 24 18:22:37 witherspoon systemd[1]: Started Phosphor Dump core monitor..
Oct 24 18:22:37 witherspoon systemd[1]: Starting Set U-Boot environment variable...
Oct 24 18:22:37 witherspoon systemd[1]: Reached target Containers.
Oct 24 18:22:37 witherspoon systemd[1]: Starting Phosphor LED Group Management Daemon...
Oct 24 18:22:37 witherspoon systemd[1]: Starting Phosphor Inventory Manager...
Oct 24 18:22:37 witherspoon systemd[1]: Started Phosphor sysfs LED controller.
Oct 24 18:22:37 witherspoon systemd[1]: Starting Phosphor Sensor Manager...
Oct 24 18:22:37 witherspoon systemd[1]: Started Phosphor sysfs LED controller.
Oct 24 18:22:37 witherspoon systemd[1]: Started Phosphor sysfs LED controller.
Oct 24 18:22:38 witherspoon systemd[1]: Started Hardware RNG Entropy Gatherer Daemon.
Oct 24 18:22:38 witherspoon systemd[1]: Started Phosphor sysfs LED controller.
Oct 24 18:22:38 witherspoon systemd[1]: Starting Phosphor Network Manager...
Oct 24 18:22:38 witherspoon systemd[1]: Starting Phosphor Settings Daemon...
Oct 24 18:22:38 witherspoon systemd[1]: Started Phosphor sysfs LED controller.
Oct 24 18:22:38 witherspoon systemd[1]: Starting Remount the squashfs and ubi volumes after a reboot...
Oct 24 18:22:38 witherspoon systemd[1]: Starting Phosphor Log Manager...
Oct 24 18:22:38 witherspoon systemd[1]: Starting Phosphor Dump Manager...
Oct 24 18:22:38 witherspoon systemd[1]: Started System Logging Service.
Oct 24 18:22:38 witherspoon systemd[1]: Started Kernel Logging Service.
Oct 24 18:22:38 witherspoon kernel[1004]: klogd started: BusyBox v1.24.1 (2017-10-24 14:38:47 UTC)
Oct 24 18:22:38 witherspoon kernel[1004]: [    0.000000] Booting Linux on physical CPU 0x0
Oct 24 18:22:38 witherspoon kernel[1004]: [    0.000000] Linux version 4.10.17-da78428ac543d6d9ac2493dfa77364eb300a47cb (fspcibld@tulpok01p4) (gcc version 6.2.0 (GCC) ) #1 Mon Oct 23 03:43:19 UTC 2017
Oct 24 18:22:38 witherspoon kernel[1004]: [    0.000000] CPU: ARMv6-compatible processor [410fb767] revision 7 (ARMv7), cr=00c5387d
Oct 24 18:22:38 witherspoon kernel[1004]: [    0.000000] CPU: PIPT / VIPT nonaliasing data cache, VIPT nonaliasing instruction cache
Oct 24 18:22:38 witherspoon kernel[1004]: [    0.000000] OF: fdt:Machine model: Witherspoon BMC
Oct 24 18:22:38 witherspoon kernel[1004]: [    0.000000] Memory policy: Data cache writeback
Oct 24 18:22:38 witherspoon kernel[1004]: [    0.000000] SOC Rev: 04030303
Oct 24 18:22:38 witherspoon kernel[1004]: [    0.000000] On node 0 totalpages: 110592
Oct 24 18:22:38 witherspoon kernel[1004]: [    0.000000] free_area_init_node: node 0, pgdat 806018a4, node_mem_map 9ec1a000
Oct 24 18:22:38 witherspoon kernel[1004]: [    0.000000]   Normal zone: 992 pages used for memmap
Oct 24 18:22:38 witherspoon kernel[1004]: [    0.000000]   Normal zone: 0 pages reserved
Oct 24 18:22:38 witherspoon kernel[1004]: [    0.000000]   Normal zone: 110592 pages, LIFO batch:31
Oct 24 18:22:38 witherspoon kernel[1004]: [    0.000000] pcpu-alloc: s0 r0 d32768 u32768 alloc=1*32768
Oct 24 18:22:38 witherspoon kernel[1004]: [    0.000000] pcpu-alloc: [0] 0
Oct 24 18:22:38 witherspoon systemd[1]: Started Phosphor sysfs LED controller.
Oct 24 18:22:38 witherspoon systemd[1]: Starting Phosphor BMC0 Control...
Oct 24 18:22:39 witherspoon systemd[1]: Started Check PNOR UBI format.
Oct 24 18:22:39 witherspoon systemd[1]: Started Clear one time boot overrides.
Oct 24 18:22:39 witherspoon kernel[1004]: [    0.000000] Built 1 zonelists in Zone order, mobility grouping on.  Total pages: 109600
Oct 24 18:22:39 witherspoon kernel[1004]: [    0.000000] Kernel command line: console=ttyS4,115200n8 ubi.mtd=obmc-ubi,0,0,0 ubi.mtd=alt-obmc-ubi,0,0,4 ro rootfstype=squashfs ubi.block=4,0 root=/dev/ubiblock4_0
Oct 24 18:22:39 witherspoon kernel[1004]: [    0.000000] PID hash table entries: 2048 (order: 1, 8192 bytes)
Oct 24 18:22:39 witherspoon kernel[1004]: [    0.000000] Dentry cache hash table entries: 65536 (order: 6, 262144 bytes)
Oct 24 18:22:39 witherspoon kernel[1004]: [    0.000000] Inode-cache hash table entries: 32768 (order: 5, 131072 bytes)
Oct 24 18:22:39 witherspoon kernel[1004]: [    0.000000] Memory: 431968K/442368K available (4077K kernel code, 281K rwdata, 1188K rodata, 284K init, 111K bss, 10400K reserved, 0K cma-reserved)
Oct 24 18:22:40 witherspoon kernel[1004]: [    0.000000] Virtual kernel memory layout:
Oct 24 18:22:40 witherspoon kernel[1004]: [    0.000000]     vector  : 0xffff0000 - 0xffff1000   (   4 kB)
Oct 24 18:22:40 witherspoon kernel[1004]: [    0.000000]     fixmap  : 0xffc00000 - 0xfff00000   (3072 kB)
Oct 24 18:22:40 witherspoon kernel[1004]: [    0.000000]     vmalloc : 0x9f800000 - 0xff800000   (1536 MB)
Oct 24 18:22:40 witherspoon kernel[1004]: [    0.000000]     lowmem  : 0x80000000 - 0x9f000000   ( 496 MB)
Oct 24 18:22:40 witherspoon kernel[1004]: [    0.000000]       .text : 0x80008000 - 0x804037e0   (4078 kB)
Oct 24 18:22:40 witherspoon kernel[1004]: [    0.000000]       .init : 0x80587000 - 0x805ce000   ( 284 kB)
Oct 24 18:22:40 witherspoon kernel[1004]: [    0.000000]       .data : 0x805ce000 - 0x806147a8   ( 282 kB)
Oct 24 18:22:40 witherspoon kernel[1004]: [    0.000000]        .bss : 0x806147a8 - 0x80630658   ( 112 kB)
Oct 24 18:22:40 witherspoon kernel[1004]: [    0.000000] NR_IRQS:16 nr_irqs:16 16
Oct 24 18:22:40 witherspoon kernel[1004]: [    0.000000] i2c controller registered, irq 16
Oct 24 18:22:40 witherspoon kernel[1004]: [    0.000000] clocksource: moxart_timer: mask: 0xffffffff max_cycles: 0xffffffff, max_idle_ns: 77222644334 ns
Oct 24 18:22:40 witherspoon kernel[1004]: [    0.000000] sched_clock: 32 bits at 100 Hz, resolution 10000000ns, wraps every 21474836475000000ns
Oct 24 18:22:40 witherspoon kernel[1004]: [    0.090000] Calibrating delay loop... 789.70 BogoMIPS (lpj=3948544)
Oct 24 18:22:40 witherspoon kernel[1004]: [    0.090000] pid_max: default: 32768 minimum: 301
Oct 24 18:22:40 witherspoon kernel[1004]: [    0.090000] Mount-cache hash table entries: 1024 (order: 0, 4096 bytes)
Oct 24 18:22:40 witherspoon kernel[1004]: [    0.090000] Mountpoint-cache hash table entries: 1024 (order: 0, 4096 bytes)
Oct 24 18:22:40 witherspoon kernel[1004]: [    0.090000] CPU: Testing write buffer coherency: ok
Oct 24 18:22:40 witherspoon kernel[1004]: [    0.090000] ftrace: allocating 14995 entries in 44 pages
Oct 24 18:22:40 witherspoon kernel[1004]: [    0.120000] Setting up static identity map for 0x80008200 - 0x8000825c
Oct 24 18:22:40 witherspoon systemd[1]: Started Phosphor LED Group Management Daemon.
Oct 24 18:22:40 witherspoon kernel[1004]: [    0.120000] devtmpfs: initialized
Oct 24 18:22:40 witherspoon kernel[1004]: [    0.140000] clocksource: jiffies: mask: 0xffffffff max_cycles: 0xffffffff, max_idle_ns: 19112604462750000 ns
Oct 24 18:22:40 witherspoon kernel[1004]: [    0.140000] futex hash table entries: 256 (order: -1, 3072 bytes)
Oct 24 18:22:40 witherspoon kernel[1004]: [    0.140000] pinctrl core: initialized pinctrl subsystem
Oct 24 18:22:40 witherspoon kernel[1004]: [    0.140000] NET: Registered protocol family 16
Oct 24 18:22:40 witherspoon kernel[1004]: [    0.140000] DMA: preallocated 256 KiB pool for atomic coherent allocations
Oct 24 18:22:40 witherspoon kernel[1004]: [    0.220000] usbcore: registered new interface driver usbfs
Oct 24 18:22:40 witherspoon kernel[1004]: [    0.220000] usbcore: registered new interface driver hub
Oct 24 18:22:40 witherspoon kernel[1004]: [    0.220000] usbcore: registered new device driver usb
Oct 24 18:22:40 witherspoon kernel[1004]: [    0.230000] clocksource: Switched to clocksource moxart_timer
Oct 24 18:22:40 witherspoon kernel[1004]: [    0.250000] NET: Registered protocol family 2
Oct 24 18:22:40 witherspoon kernel[1004]: [    0.250000] TCP established hash table entries: 4096 (order: 2, 16384 bytes)
Oct 24 18:22:40 witherspoon kernel[1004]: [    0.250000] TCP bind hash table entries: 4096 (order: 2, 16384 bytes)
Oct 24 18:22:40 witherspoon kernel[1004]: [    0.250000] TCP: Hash tables configured (established 4096 bind 4096)
Oct 24 18:22:40 witherspoon kernel[1004]: [    0.250000] UDP hash table entries: 256 (order: 0, 4096 bytes)
Oct 24 18:22:40 witherspoon kernel[1004]: [    0.250000] UDP-Lite hash table entries: 256 (order: 0, 4096 bytes)
Oct 24 18:22:40 witherspoon kernel[1004]: [    0.250000] NET: Registered protocol family 1
Oct 24 18:22:40 witherspoon kernel[1004]: [    0.250000] workingset: timestamp_bits=30 max_order=17 bucket_order=0
Oct 24 18:22:40 witherspoon kernel[1004]: [    0.250000] squashfs: version 4.0 (2009/01/31) Phillip Lougher
Oct 24 18:22:40 witherspoon kernel[1004]: [    0.250000] jffs2: version 2.2. (SUMMARY)  © 2001-2006 Red Hat, Inc.
Oct 24 18:22:40 witherspoon kernel[1004]: [    0.250000] Block layer SCSI generic (bsg) driver version 0.4 loaded (major 250)
Oct 24 18:22:41 witherspoon systemd[1]: Started Phosphor Log Manager.
Oct 24 18:22:40 witherspoon kernel[1004]: [    0.250000] io scheduler noop registered
Oct 24 18:22:41 witherspoon systemd[1]: Started Set U-Boot environment variable.
Oct 24 18:22:40 witherspoon kernel[1004]: [    0.250000] io scheduler deadline registered
Oct 24 18:22:41 witherspoon systemd[1]: Starting Remount the ubi volume after a reboot...
Oct 24 18:22:40 witherspoon kernel[1004]: [    0.250000] io scheduler cfq registered (default)
Oct 24 18:22:40 witherspoon kernel[1004]: [    0.270000] ipmi-bt-host 1e789140.ibt: Found bt bmc device
Oct 24 18:22:40 witherspoon kernel[1004]: [    0.270000] ipmi-bt-host 1e789140.ibt: Using IRQ 22
Oct 24 18:22:40 witherspoon kernel[1004]: [    0.270000] Serial: 8250/16550 driver, 6 ports, IRQ sharing enabled
Oct 24 18:22:40 witherspoon kernel[1004]: [    0.300000] 1e787000.vuart: ttyS5 at MMIO 0x1e787000 (irq = 22, base_baud = 1500000) is a 16550A
Oct 24 18:22:42 witherspoon kernel: ubi8: default fastmap pool size: 100
Oct 24 18:22:42 witherspoon kernel: ubi8: default fastmap WL pool size: 50
Oct 24 18:22:42 witherspoon kernel: ubi8: attaching mtd8
Oct 24 18:22:42 witherspoon kernel: ubi8: scanning is finished
Oct 24 18:22:42 witherspoon kernel: ubi8: attached mtd8 (name "pnor", size 128 MiB)
Oct 24 18:22:42 witherspoon kernel: ubi8: PEB size: 65536 bytes (64 KiB), LEB size: 65408 bytes
Oct 24 18:22:42 witherspoon kernel: ubi8: min./max. I/O unit sizes: 1/256, sub-page size 1
Oct 24 18:22:42 witherspoon kernel: ubi8: VID header offset: 64 (aligned 64), data offset: 128
Oct 24 18:22:42 witherspoon kernel: ubi8: good PEBs: 2048, bad PEBs: 0, corrupted PEBs: 0
Oct 24 18:22:42 witherspoon kernel: ubi8: user volume: 4, internal volumes: 1, max. volumes count: 128
Oct 24 18:22:42 witherspoon kernel: ubi8: max/mean erase counter: 1/0, WL threshold: 4096, image sequence number: 567203918
Oct 24 18:22:42 witherspoon kernel: ubi8: available PEBs: 1110, total reserved PEBs: 938, PEBs reserved for bad PEB handling: 0
Oct 24 18:22:42 witherspoon kernel: ubi8: background thread "ubi_bgt8d" started, PID 1025
Oct 24 18:22:40 witherspoon kernel[1004]: [    0.300000] 1e783000.serial: ttyS0 at MMIO 0x1e783000 (irq = 23, base_baud = 1500000) is a 16550A
Oct 24 18:22:40 witherspoon kernel[1004]: [    0.300000] 1e78d000.serial: ttyS1 at MMIO 0x1e78d000 (irq = 24, base_baud = 1500000) is a 16550A
Oct 24 18:22:40 witherspoon kernel[1004]: [    0.300000] 1e784000.serial: ttyS4 at MMIO 0x1e784000 (irq = 25, base_baud = 1500000) is a 16550A
Oct 24 18:22:40 witherspoon kernel[1004]: [    0.650000] console [ttyS4] enabled
Oct 24 18:22:40 witherspoon kernel[1004]: [    0.790000] timeriomem_rng 1e6e2078.hwrng: 32bits from 0xf00e2078 @ 1us
Oct 24 18:22:40 witherspoon kernel[1004]: [    0.810000] random: fast init done
Oct 24 18:22:40 witherspoon kernel[1004]: [    0.850000] brd: module loaded
Oct 24 18:22:40 witherspoon kernel[1004]: [    0.860000] random: crng init done
Oct 24 18:22:40 witherspoon kernel[1004]: [    0.880000] loop: module loaded
Oct 24 18:22:40 witherspoon kernel[1004]: [    0.880000] aspeed-lpc-ctrl 1e789080.lpc-ctrl: Loaded at 0x98000000 (0x04000000)
Oct 24 18:22:40 witherspoon kernel[1004]: [    0.890000] aspeed-smc 1e620000.flash-controller: Using IRQ 18
Oct 24 18:22:40 witherspoon kernel[1004]: [    0.890000] aspeed-smc 1e620000.flash-controller: DMA support disabled.
Oct 24 18:22:40 witherspoon kernel[1004]: [    0.910000] aspeed-smc 1e620000.flash-controller: mx25l25635e (32768 Kbytes)
Oct 24 18:22:40 witherspoon kernel[1004]: [    0.910000] aspeed-smc 1e620000.flash-controller: CE0 window [ 0x20000000 - 0x22000000 ] 32MB
Oct 24 18:22:40 witherspoon kernel[1004]: [    0.910000] aspeed-smc 1e620000.flash-controller: CE1 window [ 0x22000000 - 0x2a000000 ] 128MB
Oct 24 18:22:40 witherspoon kernel[1004]: [    0.910000] 3 ofpart partitions found on MTD device bmc
Oct 24 18:22:40 witherspoon kernel[1004]: [    0.930000] Creating 3 MTD partitions on "bmc":
Oct 24 18:22:40 witherspoon kernel[1004]: [    0.930000] 0x000000000000-0x000000060000 : "u-boot"
Oct 24 18:22:40 witherspoon kernel[1004]: [    0.930000] 0x000000060000-0x000000080000 : "u-boot-env"
Oct 24 18:22:40 witherspoon kernel[1004]: [    0.930000] 0x000000080000-0x000002000000 : "obmc-ubi"
Oct 24 18:22:40 witherspoon kernel[1004]: [    0.970000] aspeed-smc 1e620000.flash-controller: mx25l25635e (32768 Kbytes)
Oct 24 18:22:40 witherspoon kernel[1004]: [    0.980000] aspeed-smc 1e620000.flash-controller: CE1 window [ 0x22000000 - 0x24000000 ] 32MB
Oct 24 18:22:40 witherspoon kernel[1004]: [    0.980000] aspeed-smc 1e620000.flash-controller: CE2 window [ 0x24000000 - 0x2c000000 ] 128MB
Oct 24 18:22:40 witherspoon kernel[1004]: [    1.000000] 3 ofpart partitions found on MTD device alt-bmc
Oct 24 18:22:40 witherspoon kernel[1004]: [    1.000000] Creating 3 MTD partitions on "alt-bmc":
Oct 24 18:22:40 witherspoon kernel[1004]: [    1.010000] 0x000000000000-0x000000060000 : "alt-u-boot"
Oct 24 18:22:40 witherspoon kernel[1004]: [    1.010000] 0x000000060000-0x000000080000 : "alt-u-boot-env"
Oct 24 18:22:40 witherspoon kernel[1004]: [    1.030000] 0x000000080000-0x000002000000 : "alt-obmc-ubi"
Oct 24 18:22:40 witherspoon kernel[1004]: [    1.040000] aspeed-smc 1e630000.flash-controller: mx66l1g45g (131072 Kbytes)
Oct 24 18:22:40 witherspoon kernel[1004]: [    1.050000] aspeed-smc 1e630000.flash-controller: CE0 window resized to 120MB (AST2500 HW quirk)
Oct 24 18:22:40 witherspoon kernel[1004]: [    1.050000] aspeed-smc 1e630000.flash-controller: CE0 window [ 0x30000000 - 0x37800000 ] 120MB
Oct 24 18:22:40 witherspoon kernel[1004]: [    1.070000] aspeed-smc 1e630000.flash-controller: CE0 window too small for chip 128MB
Oct 24 18:22:40 witherspoon kernel[1004]: [    1.070000] aspeed-smc 1e630000.flash-controller: CE1 window [ 0x37800000 - 0x38000000 ] 8MB
Oct 24 18:22:40 witherspoon kernel[1004]: [    1.840000] libphy: Fixed MDIO Bus: probed
Oct 24 18:22:40 witherspoon kernel[1004]: [    1.840000] ftgmac100 1e660000.ethernet: Read MAC address 70:e2:84:14:2a:08 from chip
Oct 24 18:22:40 witherspoon kernel[1004]: [    1.840000] ftgmac100 1e660000.ethernet: Using NCSI interface
Oct 24 18:22:40 witherspoon kernel[1004]: [    1.840000] ftgmac100 1e660000.ethernet eth0: irq 20, mapped at f0060000
Oct 24 18:22:40 witherspoon kernel[1004]: [    1.840000] ehci_hcd: USB 2.0 'Enhanced' Host Controller (EHCI) Driver
Oct 24 18:22:40 witherspoon kernel[1004]: [    1.840000] ehci-platform: EHCI generic platform driver
Oct 24 18:22:43 witherspoon kernel: 8021q: adding VLAN 0 to HW filter on device eth0
Oct 24 18:22:43 witherspoon obmc-flash-bios[1000]: UBI device number 8, total 2048 LEBs (133955584 bytes, 127.8 MiB), available 1110 LEBs (72602880 bytes, 69.2 MiB), LEB size 65408 bytes (63.9 KiB)
Oct 24 18:22:40 witherspoon kernel[1004]: [    2.050000] i2c /dev entries driver
Oct 24 18:22:43 witherspoon systemd-networkd[978]: Enumeration completed
Oct 24 18:22:40 witherspoon kernel[1004]: [    2.050000] aspeed-i2c-bus 1e78a0c0.i2c-bus: i2c bus 2 registered, irq 26
Oct 24 18:22:43 witherspoon systemd[1]: Started Network Service.
Oct 24 18:22:40 witherspoon kernel[1004]: [    2.050000] aspeed-i2c-bus 1e78a100.i2c-bus: i2c bus 3 registered, irq 27
Oct 24 18:22:43 witherspoon systemd[1]: Reached target Network.
Oct 24 18:22:40 witherspoon kernel[1004]: [    2.050000] aspeed-i2c-bus 1e78a140.i2c-bus: i2c bus 4 registered, irq 28
Oct 24 18:22:43 witherspoon systemd-networkd[978]: eth0: IPv6 enabled for interface: Success
Oct 24 18:22:40 witherspoon kernel[1004]: [    2.050000] aspeed-i2c-bus 1e78a180.i2c-bus: i2c bus 5 registered, irq 29
Oct 24 18:22:43 witherspoon systemd[1]: Started Lightweight SLP Server.
Oct 24 18:22:40 witherspoon kernel[1004]: [    2.050000] aspeed-i2c-bus 1e78a380.i2c-bus: i2c bus 9 registered, irq 30
Oct 24 18:22:43 witherspoon systemd-networkd[978]: eth0: Gained carrier
Oct 24 18:22:40 witherspoon kernel[1004]: [    2.050000] aspeed-i2c-bus 1e78a3c0.i2c-bus: i2c bus 10 registered, irq 31
Oct 24 18:22:43 witherspoon systemd[1]: Starting Permit User Sessions...
Oct 24 18:22:40 witherspoon kernel[1004]: [    2.050000] rtc-rv8803 11-0032: Voltage low, temperature compensation stopped.
Oct 24 18:22:43 witherspoon systemd-timesyncd[961]: Network configuration changed, trying to establish connection.
Oct 24 18:22:40 witherspoon kernel[1004]: [    2.050000] rtc-rv8803 11-0032: An alarm maybe have been missed.
Oct 24 18:22:43 witherspoon systemd[1]: Started Permit User Sessions.
Oct 24 18:22:40 witherspoon kernel[1004]: [    2.160000] rtc-rv8803 11-0032: rtc core: registered rx8900 as rtc0
Oct 24 18:22:43 witherspoon systemd[1]: Started Serial Getty on ttyS4.
Oct 24 18:22:40 witherspoon kernel[1004]: [    2.170000] at24 11-0051: 8192 byte 24c64 EEPROM, writable, 1 bytes/write
Oct 24 18:22:43 witherspoon systemd[1]: Reached target Login Prompts.
Oct 24 18:22:40 witherspoon kernel[1004]: [    2.170000] aspeed-i2c-bus 1e78a400.i2c-bus: i2c bus 11 registered, irq 32
Oct 24 18:22:40 witherspoon kernel[1004]: [    2.170000] aspeed-i2c-bus 1e78a440.i2c-bus: i2c bus 12 registered, irq 33
Oct 24 18:22:40 witherspoon kernel[1004]: [    2.170000] aspeed-i2c-bus 1e78a480.i2c-bus: i2c bus 13 registered, irq 34
Oct 24 18:22:40 witherspoon kernel[1004]: [    2.170000] Driver for 1-wire Dallas network protocol.
Oct 24 18:22:40 witherspoon kernel[1004]: [    2.170000] lm75 9-004a: hwmon0: sensor 'tmp275'
Oct 24 18:22:40 witherspoon kernel[1004]: [    3.870000] ucd9000 11-0064: Device ID UCD90160|2.3.4.0000|110603
Oct 24 18:22:40 witherspoon kernel[1004]: [    4.570000] leds-pca955x 3-0060: leds-pca955x: Using pca9552 16-bit LED driver at slave address 0x60
Oct 24 18:22:40 witherspoon kernel[1004]: [    4.580000] leds-pca955x 3-0060: gpios 238...253
Oct 24 18:22:40 witherspoon kernel[1004]: [    4.590000] leds-pca955x 11-0060: leds-pca955x: Using pca9552 16-bit LED driver at slave address 0x60
Oct 24 18:22:40 witherspoon kernel[1004]: [    4.600000] leds-pca955x 11-0060: gpios 222...237
Oct 24 18:22:40 witherspoon kernel[1004]: [    4.610000] usbcore: registered new interface driver usbhid
Oct 24 18:22:40 witherspoon kernel[1004]: [    4.610000] usbhid: USB HID core driver
Oct 24 18:22:40 witherspoon kernel[1004]: [    4.650000] dps310 3-0076: iio:device1: sensor 'dps310'
Oct 24 18:22:40 witherspoon kernel[1004]: [    4.650000] NET: Registered protocol family 10
Oct 24 18:22:40 witherspoon kernel[1004]: [    4.660000] Segment Routing with IPv6
Oct 24 18:22:40 witherspoon kernel[1004]: [    4.660000] NET: Registered protocol family 17
Oct 24 18:22:40 witherspoon kernel[1004]: [    4.660000] 8021q: 802.1Q VLAN Support v1.8
Oct 24 18:22:40 witherspoon kernel[1004]: [    4.680000] input: gpio-keys-polled as /devices/platform/gpio-keys-polled/input/input1
Oct 24 18:22:40 witherspoon kernel[1004]: [    4.710000] ubi0: default fastmap pool size: 25
Oct 24 18:22:40 witherspoon kernel[1004]: [    4.720000] ubi0: default fastmap WL pool size: 12
Oct 24 18:22:40 witherspoon kernel[1004]: [    4.720000] ubi0: attaching mtd3
Oct 24 18:22:40 witherspoon kernel[1004]: [    4.730000] ubi0: scanning is finished
Oct 24 18:22:40 witherspoon kernel[1004]: [    4.750000] ubi0: attached mtd3 (name "obmc-ubi", size 31 MiB)
Oct 24 18:22:40 witherspoon kernel[1004]: [    4.750000] ubi0: PEB size: 65536 bytes (64 KiB), LEB size: 65408 bytes
Oct 24 18:22:45 witherspoon systemd[1]: Started Phosphor Settings Daemon.
Oct 24 18:22:40 witherspoon kernel[1004]: [    4.750000] ubi0: min./max. I/O unit sizes: 1/256, sub-page size 1
Oct 24 18:22:45 witherspoon systemd[1]: Started Phosphor User Manager.
Oct 24 18:22:40 witherspoon kernel[1004]: [    4.780000] ubi0: VID header offset: 64 (aligned 64), data offset: 128
Oct 24 18:22:45 witherspoon systemd[1]: Started Phosphor Inventory Manager.
Oct 24 18:22:40 witherspoon kernel[1004]: [    4.780000] ubi0: good PEBs: 504, bad PEBs: 0, corrupted PEBs: 0
Oct 24 18:22:46 witherspoon systemd-networkd[978]: eth0: Gained IPv6LL
Oct 24 18:22:40 witherspoon kernel[1004]: [    4.780000] ubi0: user volume: 4, internal volumes: 1, max. volumes count: 128
Oct 24 18:22:40 witherspoon kernel[1004]: [    4.780000] ubi0: max/mean erase counter: 52/29, WL threshold: 4096, image sequence number: 1358235831
Oct 24 18:22:40 witherspoon kernel[1004]: [    4.780000] ubi0: available PEBs: 46, total reserved PEBs: 458, PEBs reserved for bad PEB handling: 0
Oct 24 18:22:40 witherspoon kernel[1004]: [    4.810000] ubi0: background thread "ubi_bgt0d" started, PID 507
Oct 24 18:22:40 witherspoon kernel[1004]: [    4.810000] ubi4: default fastmap pool size: 25
Oct 24 18:22:40 witherspoon kernel[1004]: [    4.810000] ubi4: default fastmap WL pool size: 12
Oct 24 18:22:40 witherspoon kernel[1004]: [    4.810000] ubi4: attaching mtd7
Oct 24 18:22:40 witherspoon kernel[1004]: [    4.850000] ubi4: scanning is finished
Oct 24 18:22:40 witherspoon kernel[1004]: [    4.890000] ubi4: attached mtd7 (name "alt-obmc-ubi", size 31 MiB)
Oct 24 18:22:40 witherspoon kernel[1004]: [    4.890000] ubi4: PEB size: 65536 bytes (64 KiB), LEB size: 65408 bytes
Oct 24 18:22:40 witherspoon kernel[1004]: [    4.940000] ubi4: min./max. I/O unit sizes: 1/256, sub-page size 1
Oct 24 18:22:40 witherspoon kernel[1004]: [    4.940000] ubi4: VID header offset: 64 (aligned 64), data offset: 128
Oct 24 18:22:40 witherspoon kernel[1004]: [    4.940000] ubi4: good PEBs: 504, bad PEBs: 0, corrupted PEBs: 0
Oct 24 18:22:40 witherspoon kernel[1004]: [    4.940000] ubi4: user volume: 4, internal volumes: 1, max. volumes count: 128
Oct 24 18:22:46 witherspoon systemd[1]: Started Phosphor Dump Manager.
Oct 24 18:22:40 witherspoon kernel[1004]: [    4.940000] ubi4: max/mean erase counter: 16/11, WL threshold: 4096, image sequence number: 1358235831
Oct 24 18:22:40 witherspoon kernel[1004]: [    4.940000] ubi4: available PEBs: 46, total reserved PEBs: 458, PEBs reserved for bad PEB handling: 0
Oct 24 18:22:40 witherspoon kernel[1004]: [    4.940000] ubi4: background thread "ubi_bgt4d" started, PID 513
Oct 24 18:22:40 witherspoon kernel[1004]: [   15.250000] block ubiblock4_0: created from ubi4:0(rofs-28c7ce91)
Oct 24 18:22:40 witherspoon kernel[1004]: [   15.250000] console [netcon0] enabled
Oct 24 18:22:40 witherspoon kernel[1004]: [   15.250000] netconsole: network logging started
Oct 24 18:22:40 witherspoon kernel[1004]: [   15.250000] input: gpio-keys as /devices/platform/gpio-keys/input/input2
Oct 24 18:22:40 witherspoon kernel[1004]: [   15.250000] rtc-rv8803 11-0032: setting system clock to 2017-10-24 18:22:17 UTC (1508869337)
Oct 24 18:22:40 witherspoon kernel[1004]: [   15.250000] VFS: Mounted root (squashfs filesystem) readonly on device 254:0.
Oct 24 18:22:40 witherspoon kernel[1004]: [   15.250000] devtmpfs: mounted
Oct 24 18:22:40 witherspoon kernel[1004]: [   15.250000] Freeing unused kernel memory: 284K
Oct 24 18:22:40 witherspoon kernel[1004]: [   15.250000] This architecture does not have kernel memory protection.
Oct 24 18:22:40 witherspoon kernel[1004]: [   18.010000] systemd[1]: Failed to insert module 'autofs4': No such file or directory
Oct 24 18:22:40 witherspoon kernel[1004]: [   18.190000] systemd[1]: systemd 232 running in system mode. (+PAM -AUDIT -SELINUX -IMA -APPARMOR -SMACK +SYSVINIT -UTMP -LIBCRYPTSETUP -GCRYPT -GNUTLS +ACL +XZ -LZ4 -SECCOMP +BLKID -ELFUTILS +KMOD -IDN)
Oct 24 18:22:40 witherspoon kernel[1004]: [   18.190000] systemd[1]: Detected architecture arm.
Oct 24 18:22:40 witherspoon kernel[1004]: [   18.290000] systemd[1]: Set hostname to <witherspoon>.
Oct 24 18:22:40 witherspoon kernel[1004]: [   18.350000] systemd[1]: Initializing machine ID from random generator.
Oct 24 18:22:40 witherspoon kernel[1004]: [   18.350000] systemd[1]: Installed transient /etc/machine-id file.
Oct 24 18:22:40 witherspoon kernel[1004]: [   20.190000] systemd[1]: Started Forward Password Requests to Wall Directory Watch.
Oct 24 18:22:40 witherspoon kernel[1004]: [   20.260000] systemd[1]: Listening on udev Kernel Socket.
Oct 24 18:22:40 witherspoon kernel[1004]: [   20.300000] systemd[1]: Listening on udev Control Socket.
Oct 24 18:22:40 witherspoon kernel[1004]: [   20.340000] systemd[1]: Listening on Syslog Socket.
Oct 24 18:22:40 witherspoon kernel[1004]: [   20.370000] systemd[1]: Listening on Network Service Netlink Socket.
Oct 24 18:22:40 witherspoon kernel[1004]: [   23.320000] systemd[1]: Reached target Local File Systems (Pre).
Oct 24 18:22:40 witherspoon kernel[1004]: [   23.320000] systemd[1]: Mounting /media...
Oct 24 18:22:40 witherspoon kernel[1004]: [   23.320000] systemd[1]: Mounting /usr/local...
Oct 24 18:22:40 witherspoon kernel[1004]: [   23.520000] systemd[1]: Starting udev Kernel Device Manager...
Oct 24 18:22:40 witherspoon kernel[1004]: [   23.520000] systemd[1]: Mounted /usr/local.
Oct 24 18:22:40 witherspoon kernel[1004]: [   23.730000] systemd[1]: Mounted /media.
Oct 24 18:22:40 witherspoon kernel[1004]: [   23.850000] systemd[1]: Started Journal Service.
Oct 24 18:22:40 witherspoon kernel[1004]: [   25.540000] UBIFS (ubi0:2): UBIFS: mounted UBI device 0, volume 2, name "rwfs"
Oct 24 18:22:40 witherspoon kernel[1004]: [   25.540000] UBIFS (ubi0:2): LEB size: 65408 bytes (63 KiB), min./max. I/O unit sizes: 8 bytes/256 bytes
Oct 24 18:22:40 witherspoon kernel[1004]: [   25.540000] UBIFS (ubi0:2): FS size: 3597440 bytes (3 MiB, 55 LEBs), journal size 719488 bytes (0 MiB, 11 LEBs)
Oct 24 18:22:40 witherspoon kernel[1004]: [   25.540000] UBIFS (ubi0:2): reserved for root: 0 bytes (0 KiB)
Oct 24 18:22:40 witherspoon kernel[1004]: [   25.540000] UBIFS (ubi0:2): media format: w4/r0 (latest is w5/r0), UUID F6AF7850-1C6E-4E2A-94BB-A56899CAF080, small LPT model
Oct 24 18:22:40 witherspoon kernel[1004]: [   25.670000] UBIFS (ubi0:2): background thread "ubifs_bgt0_2" started, PID 730
Oct 24 18:22:40 witherspoon kernel[1004]: [   27.850000] systemd-journald[535]: Received request to flush runtime journal from PID 1
Oct 24 18:22:42 witherspoon kernel[1004]: [   39.720000] ubi8: default fastmap pool size: 100
Oct 24 18:22:42 witherspoon kernel[1004]: [   39.720000] ubi8: default fastmap WL pool size: 50
Oct 24 18:22:42 witherspoon kernel[1004]: [   39.720000] ubi8: attaching mtd8
Oct 24 18:22:42 witherspoon kernel[1004]: [   39.720000] ubi8: scanning is finished
Oct 24 18:22:42 witherspoon kernel[1004]: [   39.720000] ubi8: attached mtd8 (name "pnor", size 128 MiB)
Oct 24 18:22:42 witherspoon kernel[1004]: [   39.720000] ubi8: PEB size: 65536 bytes (64 KiB), LEB size: 65408 bytes
Oct 24 18:22:42 witherspoon kernel[1004]: [   39.720000] ubi8: min./max. I/O unit sizes: 1/256, sub-page size 1
Oct 24 18:22:42 witherspoon kernel[1004]: [   39.720000] ubi8: VID header offset: 64 (aligned 64), data offset: 128
Oct 24 18:22:42 witherspoon kernel[1004]: [   39.720000] ubi8: good PEBs: 2048, bad PEBs: 0, corrupted PEBs: 0
Oct 24 18:22:42 witherspoon kernel[1004]: [   39.720000] ubi8: user volume: 4, internal volumes: 1, max. volumes count: 128
Oct 24 18:22:42 witherspoon kernel[1004]: [   39.720000] ubi8: max/mean erase counter: 1/0, WL threshold: 4096, image sequence number: 567203918
Oct 24 18:22:42 witherspoon kernel[1004]: [   39.870000] ubi8: available PEBs: 1110, total reserved PEBs: 938, PEBs reserved for bad PEB handling: 0
Oct 24 18:22:48 witherspoon kernel: ubi: ubi0 already exists
Oct 24 18:22:48 witherspoon kernel: ftgmac100 1e660000.ethernet eth0: ncsi: removed vlan tag 0 at index 1
Oct 24 18:22:48 witherspoon kernel: ftgmac100 1e660000.ethernet eth0: ncsi: removed vlan tag 0 at index 2
Oct 24 18:22:48 witherspoon kernel: ftgmac100 1e660000.ethernet eth0: no vlan ids left to set
Oct 24 18:22:48 witherspoon kernel: ftgmac100 1e660000.ethernet eth0: NCSI interface up
Oct 24 18:22:42 witherspoon kernel[1004]: [   39.870000] ubi8: background thread "ubi_bgt8d" started, PID 1025
Oct 24 18:22:43 witherspoon avahi-daemon[969]: Joining mDNS multicast group on interface eth0.IPv4 with address 9.5.180.47.
Oct 24 18:22:43 witherspoon avahi-daemon[969]: New relevant interface eth0.IPv4 for mDNS.
Oct 24 18:22:43 witherspoon avahi-daemon[969]: Registering new address record for 9.5.180.47 on eth0.IPv4.
Oct 24 18:22:43 witherspoon kernel[1004]: [   41.090000] 8021q: adding VLAN 0 to HW filter on device eth0
Oct 24 18:22:46 witherspoon avahi-daemon[969]: Joining mDNS multicast group on interface eth0.IPv6 with address 2002:905:150e:301:72e2:84ff:fe14:2a08.
Oct 24 18:22:46 witherspoon avahi-daemon[969]: New relevant interface eth0.IPv6 for mDNS.
Oct 24 18:22:46 witherspoon avahi-daemon[969]: Registering new address record for 2002:905:150e:301:72e2:84ff:fe14:2a08 on eth0.*.
Oct 24 18:22:48 witherspoon kernel[1004]: [   41.370000] ubi: ubi0 already exists
Oct 24 18:22:48 witherspoon kernel[1004]: [   46.320000] ftgmac100 1e660000.ethernet eth0: ncsi: removed vlan tag 0 at index 1
Oct 24 18:22:48 witherspoon kernel[1004]: [   46.320000] ftgmac100 1e660000.ethernet eth0: ncsi: removed vlan tag 0 at index 2
Oct 24 18:22:48 witherspoon kernel[1004]: [   46.320000] ftgmac100 1e660000.ethernet eth0: no vlan ids left to set
Oct 24 18:22:48 witherspoon kernel[1004]: [   46.450000] ftgmac100 1e660000.ethernet eth0: NCSI interface up
Oct 24 18:22:50 witherspoon systemd-networkd[978]: eth0: Configured
Oct 24 18:22:50 witherspoon systemd-timesyncd[961]: Network configuration changed, trying to establish connection.
Oct 24 18:22:53 witherspoon systemd[1]: Created slice system-dropbear.slice.
Oct 24 18:22:53 witherspoon systemd[1]: Started SSH Per-Connection Server (9.41.165.94:40402).
Oct 24 18:22:54 witherspoon systemd[1]: Started Phosphor BMC0 Control.
Oct 24 18:22:56 witherspoon dropbear[1064]: Failed loading /var/lib/dropbear/dropbear_rsa_host_key
Oct 24 18:22:56 witherspoon dropbear[1064]: Failed loading /etc/dropbear/dropbear_dss_host_key
Oct 24 18:22:56 witherspoon dropbear[1064]: Failed loading /etc/dropbear/dropbear_ecdsa_host_key
Oct 24 18:22:56 witherspoon dropbear[1064]: Child connection from ::ffff:9.41.165.94:40402
Oct 24 18:22:58 witherspoon kernel: block ubiblock0_0: created from ubi0:0(rofs-3badbe1f)
Oct 24 18:22:58 witherspoon kernel[1004]: [   56.450000] block ubiblock0_0: created from ubi0:0(rofs-3badbe1f)
Oct 24 18:23:02 witherspoon kernel: ubi: ubi4 already exists
Oct 24 18:23:02 witherspoon kernel: block ubiblock8_0: created from ubi8:0(pnor-ro-390e9d0f)
Oct 24 18:23:02 witherspoon kernel: UBIFS (ubi8:1): UBIFS: mounted UBI device 8, volume 1, name "pnor-rw-390e9d0f"
Oct 24 18:23:02 witherspoon kernel: UBIFS (ubi8:1): LEB size: 65408 bytes (63 KiB), min./max. I/O unit sizes: 8 bytes/256 bytes
Oct 24 18:23:02 witherspoon kernel: UBIFS (ubi8:1): FS size: 16155776 bytes (15 MiB, 247 LEBs), journal size 784896 bytes (0 MiB, 12 LEBs)
Oct 24 18:23:02 witherspoon kernel: UBIFS (ubi8:1): reserved for root: 763076 bytes (745 KiB)
Oct 24 18:23:02 witherspoon kernel: UBIFS (ubi8:1): media format: w5/r0 (latest is w5/r0), UUID 4D29FA48-B6BF-4AE4-94BE-058B8001E16F, small LPT model
Oct 24 18:23:02 witherspoon kernel: UBIFS (ubi8:1): background thread "ubifs_bgt8_1" started, PID 1115
Oct 24 18:23:02 witherspoon kernel[1004]: [   58.580000] ubi: ubi4 already exists
Oct 24 18:23:02 witherspoon kernel[1004]: [   59.710000] block ubiblock8_0: created from ubi8:0(pnor-ro-390e9d0f)
Oct 24 18:23:02 witherspoon kernel[1004]: [   59.710000] UBIFS (ubi8:1): UBIFS: mounted UBI device 8, volume 1, name "pnor-rw-390e9d0f"
Oct 24 18:23:02 witherspoon kernel[1004]: [   59.710000] UBIFS (ubi8:1): LEB size: 65408 bytes (63 KiB), min./max. I/O unit sizes: 8 bytes/256 bytes
Oct 24 18:23:02 witherspoon kernel[1004]: [   59.710000] UBIFS (ubi8:1): FS size: 16155776 bytes (15 MiB, 247 LEBs), journal size 784896 bytes (0 MiB, 12 LEBs)
Oct 24 18:23:02 witherspoon kernel[1004]: [   59.710000] UBIFS (ubi8:1): reserved for root: 763076 bytes (745 KiB)
Oct 24 18:23:02 witherspoon kernel[1004]: [   59.710000] UBIFS (ubi8:1): media format: w5/r0 (latest is w5/r0), UUID 4D29FA48-B6BF-4AE4-94BE-058B8001E16F, small LPT model
Oct 24 18:23:02 witherspoon kernel[1004]: [   59.710000] UBIFS (ubi8:1): background thread "ubifs_bgt8_1" started, PID 1115
Oct 24 18:23:02 witherspoon dropbear[1064]: PAM password auth succeeded for 'root' from ::ffff:9.41.165.94:40402
Oct 24 18:23:02 witherspoon kernel: UBIFS (ubi8:2): background thread "ubifs_bgt8_2" started, PID 1124
Oct 24 18:23:02 witherspoon kernel[1004]: [   60.100000] UBIFS (ubi8:2): background thread "ubifs_bgt8_2" started, PID 1124
Oct 24 18:23:03 witherspoon systemd[1]: Started Phosphor Chassis0 Control.
Oct 24 18:23:03 witherspoon chassis_control.py[986]: Running ChassisControlService
Oct 24 18:23:03 witherspoon dropbear[1125]: lastlog_perform_login: Couldn't stat /var/log/lastlog: No such file or directory
Oct 24 18:23:03 witherspoon dropbear[1125]: lastlog_openseek: /var/log/lastlog is not a file or directory!
Oct 24 18:23:03 witherspoon systemd[1]: Started Remount the ubi volume after a reboot.
Oct 24 18:23:04 witherspoon systemd[1]: Started Remount the squashfs and ubi volumes after a reboot.
Oct 24 18:23:04 witherspoon systemd[1]: Reached target Multi-User System.
Oct 24 18:23:04 witherspoon kernel: UBIFS (ubi8:2): UBIFS: mounted UBI device 8, volume 2, name "pnor-prsv"
Oct 24 18:23:04 witherspoon kernel: UBIFS (ubi8:2): LEB size: 65408 bytes (63 KiB), min./max. I/O unit sizes: 8 bytes/256 bytes
Oct 24 18:23:04 witherspoon kernel: UBIFS (ubi8:2): FS size: 1504384 bytes (1 MiB, 23 LEBs), journal size 523265 bytes (0 MiB, 6 LEBs)
Oct 24 18:23:04 witherspoon kernel: UBIFS (ubi8:2): reserved for root: 71055 bytes (69 KiB)
Oct 24 18:23:04 witherspoon kernel: UBIFS (ubi8:2): media format: w5/r0 (latest is w5/r0), UUID 65D2C8B2-CAAA-4F86-8671-DC0B711C9917, small LPT model
Oct 24 18:23:04 witherspoon kernel[1004]: [   62.110000] UBIFS (ubi8:2): UBIFS: mounted UBI device 8, volume 2, name "pnor-prsv"
Oct 24 18:23:04 witherspoon kernel[1004]: [   62.110000] UBIFS (ubi8:2): LEB size: 65408 bytes (63 KiB), min./max. I/O unit sizes: 8 bytes/256 bytes
Oct 24 18:23:04 witherspoon kernel[1004]: [   62.110000] UBIFS (ubi8:2): FS size: 1504384 bytes (1 MiB, 23 LEBs), journal size 523265 bytes (0 MiB, 6 LEBs)
Oct 24 18:23:04 witherspoon kernel[1004]: [   62.110000] UBIFS (ubi8:2): reserved for root: 71055 bytes (69 KiB)
Oct 24 18:23:04 witherspoon kernel[1004]: [   62.110000] UBIFS (ubi8:2): media format: w5/r0 (latest is w5/r0), UUID 65D2C8B2-CAAA-4F86-8671-DC0B711C9917, small LPT model
Oct 24 18:23:05 witherspoon systemd[1]: Started Phosphor Download Manager.
Oct 24 18:23:05 witherspoon download_manager.py[981]: Running Download Manager
Oct 24 18:23:07 witherspoon inventory_items.py[979]: Loading from cache: /var/cache/obmc/org.openbmc.inventory.system.chassis.motherboard.bmc@org.openbmc.InventoryItem.props
Oct 24 18:23:07 witherspoon inventory_items.py[979]: Caching: /org/openbmc/inventory/system/chassis/motherboard/bmc
Oct 24 18:23:07 witherspoon systemd[1]: Started Phosphor Inventory Manager.
Oct 24 18:23:07 witherspoon inventory_items.py[979]: Running Inventory Manager
Oct 24 18:23:07 witherspoon sensor_manager2.py[992]: Setting boot count to 3
Oct 24 18:23:07 witherspoon systemd[1]: Started Phosphor Sensor Manager.
Oct 24 18:23:07 witherspoon sensor_manager2.py[992]: Starting sensor manager
Oct 24 18:23:08 witherspoon systemd[1]: Started Phosphor Network Manager.
Oct 24 18:23:08 witherspoon netman.py[997]: Started
Oct 24 18:23:08 witherspoon phosphor-mapper[968]: ObjectMapper startup complete.  Discovery in progress...
Oct 24 18:23:08 witherspoon avahi-daemon[977]: ../../avahi-0.6.32/avahi-daemon/chroot.c: open() failed: No such file or directory
Oct 24 18:23:08 witherspoon avahi-daemon[969]: Failed to open /usr/share/dbus-1/interfaces/org.freedesktop.Avahi.Server.xml: Invalid argument
Oct 24 18:23:08 witherspoon avahi-daemon[969]: Failed to load introspection data.
Oct 24 18:23:20 witherspoon phosphor-mapper[968]: ObjectMapper discovery complete
Oct 24 18:23:20 witherspoon systemd[1]: Started Phosphor DBus Service Discovery Manager.
Oct 24 18:23:20 witherspoon systemd[1]: Started Phosphor Hwmon Poller.
Oct 24 18:23:20 witherspoon systemd[1]: Started Phosphor Hwmon Poller.
Oct 24 18:23:20 witherspoon systemd[1]: Reached target Phosphor Object Mapper.
Oct 24 18:23:20 witherspoon systemd[1]: Starting Wait for /xyz/openbmc_project/control/host0/power_restore_policy...
Oct 24 18:23:20 witherspoon systemd[1]: Starting Phosphor Settings Manager...
Oct 24 18:23:20 witherspoon systemd[1]: Starting Wait for /org/openbmc/NetworkManager/Interface...
Oct 24 18:23:20 witherspoon systemd[1]: Starting OpenBMC Software Update Manager...
Oct 24 18:23:20 witherspoon systemd[1]: Starting Wait for /xyz/openbmc_project/control/host0...
Oct 24 18:23:20 witherspoon systemd[1]: Starting Wait for /xyz/openbmc_project/led/groups...
Oct 24 18:23:20 witherspoon systemd[1]: Starting Wait for /xyz/openbmc_project/control/host0/auto_reboot...
Oct 24 18:23:20 witherspoon systemd[1]: Starting Wait for /xyz/openbmc_project/control/host0/boot...
Oct 24 18:23:20 witherspoon systemd[1]: Starting Wait for /org/openbmc/managers/System...
Oct 24 18:23:20 witherspoon systemd[1]: Starting Wait for /xyz/openbmc_project/inventory/system/chassis/power_supply0...
Oct 24 18:23:20 witherspoon systemd[1]: Starting Wait for /xyz/openbmc_project/inventory...
Oct 24 18:23:22 witherspoon systemd[1]: Starting Wait for /org/openbmc/control/power0...
Oct 24 18:23:22 witherspoon systemd[1]: Starting Wait for /xyz/openbmc_project/led/groups/bmc_booted...
Oct 24 18:23:22 witherspoon systemd[1]: Starting Phoshpor System Manager...
Oct 24 18:23:22 witherspoon systemd[1]: Starting Wait for /org/openbmc/control/bmc0...
Oct 24 18:23:22 witherspoon systemd[1]: Starting Wait for /xyz/openbmc_project/time/owner...
Oct 24 18:23:22 witherspoon systemd[1]: Starting Wait for /xyz/openbmc_project/network/config...
Oct 24 18:23:22 witherspoon systemd[1]: Starting OpenPower Software Update Manager...
Oct 24 18:23:22 witherspoon systemd[1]: Started Phosphor DBus Monitor.
Oct 24 18:23:22 witherspoon systemd[1]: Starting Wait for /xyz/openbmc_project/state/chassis0...
Oct 24 18:23:22 witherspoon systemd[1]: Starting Wait for /xyz/openbmc_project/time/sync_method...
Oct 24 18:23:22 witherspoon systemd[1]: Reached target Webserver (pre).
Oct 24 18:23:22 witherspoon systemd[1]: Started Phosphor Webserver.
Oct 24 18:23:22 witherspoon systemd[1]: Starting Wait for /xyz/openbmc_project/control/host0/restriction_mode...
Oct 24 18:23:22 witherspoon systemd[1]: Starting Wait for /xyz/openbmc_project/control/host0/boot/one_time...
Oct 24 18:23:22 witherspoon systemd[1]: Starting Wait for /xyz/openbmc_project/inventory/system/chassis/power_supply1...
Oct 24 18:23:22 witherspoon systemd[1]: Starting Phosphor Network Manager...
Oct 24 18:23:22 witherspoon systemd[1]: Starting Wait for /org/openbmc/managers/Download...
Oct 24 18:23:22 witherspoon systemd[1]: Starting Wait for /xyz/openbmc_project/state/host0...
Oct 24 18:23:22 witherspoon systemd[1]: Started Phosphor Hwmon Poller.
Oct 24 18:23:22 witherspoon systemd[1]: Started Phosphor Hwmon Poller.
Oct 24 18:23:24 witherspoon systemd[1]: Started Phosphor Hwmon Poller.
Oct 24 18:23:24 witherspoon systemd[1]: Started Phosphor Hwmon Poller.
Oct 24 18:23:24 witherspoon systemd[1]: Started Phosphor Hwmon Poller.
Oct 24 18:23:24 witherspoon systemd[1]: Started Phosphor Hwmon Poller.
Oct 24 18:23:24 witherspoon systemd[1]: Started Wait for /xyz/openbmc_project/control/host0/power_restore_policy.
Oct 24 18:23:24 witherspoon systemd[1]: Started Wait for /org/openbmc/NetworkManager/Interface.
Oct 24 18:23:24 witherspoon systemd[1]: Started Wait for /xyz/openbmc_project/led/groups.
Oct 24 18:23:24 witherspoon systemd[1]: Started Wait for /xyz/openbmc_project/control/host0/auto_reboot.
Oct 24 18:23:24 witherspoon systemd[1]: Started Wait for /xyz/openbmc_project/control/host0/boot.
Oct 24 18:23:24 witherspoon systemd[1]: Started Wait for /xyz/openbmc_project/inventory/system/chassis/power_supply0.
Oct 24 18:23:24 witherspoon systemd[1]: Started Wait for /xyz/openbmc_project/inventory.
Oct 24 18:23:26 witherspoon systemd[1]: Started Wait for /xyz/openbmc_project/time/owner.
Oct 24 18:23:26 witherspoon systemd[1]: Started Wait for /xyz/openbmc_project/control/host0/restriction_mode.
Oct 24 18:23:26 witherspoon systemd[1]: Started Wait for /xyz/openbmc_project/control/host0/boot/one_time.
Oct 24 18:23:26 witherspoon systemd[1]: Started Phosphor Cooling Type.
Oct 24 18:23:26 witherspoon systemd[1]: Started Phosphor GPIO 0 Presence.
Oct 24 18:23:26 witherspoon systemd[1]: Starting OpenPOWER OCC controller...
Oct 24 18:23:26 witherspoon systemd[1]: Starting Phosphor MAX31785 MSL...
Oct 24 18:23:26 witherspoon systemd[1]: Starting Read OpenPOWER-format VPD from EEPROM...
Oct 24 18:23:26 witherspoon systemd[1]: Started Phosphor GPIO 1 Presence.
Oct 24 18:23:26 witherspoon systemd[1]: Started FRU Fault monitor service.
Oct 24 18:23:26 witherspoon systemd[1]: Started Phosphor DNS Settings Cache Manager.
Oct 24 18:23:27 witherspoon phosphor-network-manager[1174]: ConfigParser: Key not found
Oct 24 18:23:27 witherspoon dbus[970]: [system] Activating via systemd: service name='org.freedesktop.hostname1' unit='dbus-org.freedesktop.hostname1.service'
Oct 24 18:23:27 witherspoon phosphor-network-manager[1174]: The operation failed internally.
Oct 24 18:23:27 witherspoon phosphor-network-manager[1174]: Exception occured during getting of DHCP value
Oct 24 18:23:27 witherspoon phosphor-network-manager[1174]: ConfigParser: Key not found
Oct 24 18:23:27 witherspoon phosphor-network-manager[1174]: The operation failed internally.
Oct 24 18:23:27 witherspoon phosphor-network-manager[1174]: Unable to find the NTP server configuration.
Oct 24 18:23:28 witherspoon systemd[1]: Started Phosphor Network Manager.
Oct 24 18:23:28 witherspoon systemd[1]: Starting Hostname Service...
Oct 24 18:23:31 witherspoon systemd[1]: Started Wait for /org/openbmc/control/bmc0.
Oct 24 18:23:31 witherspoon systemd[1]: Started Wait for /org/openbmc/managers/Download.
Oct 24 18:23:31 witherspoon systemd[1]: Starting Phosphor BMC Code Update...
Oct 24 18:23:31 witherspoon systemd[1]: Started Wait for /xyz/openbmc_project/time/sync_method.
Oct 24 18:23:31 witherspoon systemd[1]: Started Wait for /xyz/openbmc_project/led/groups/bmc_booted.
Oct 24 18:23:31 witherspoon phosphor-gpio-presence[1187]: Updating inventory present property
Oct 24 18:23:31 witherspoon phosphor-gpio-presence[1191]: Updating inventory present property
Oct 24 18:23:32 witherspoon dbus[970]: [system] Successfully activated service 'org.freedesktop.hostname1'
Oct 24 18:23:32 witherspoon systemd[1]: Started Hostname Service.
Oct 24 18:23:32 witherspoon systemd[1]: Starting Set U-Boot environment variable...
Oct 24 18:23:32 witherspoon phosphor-image-updater[1144]: Failed to update u-boot env variables
Oct 24 18:23:32 witherspoon systemd[1]: Started OpenPower Software Update Manager.
Oct 24 18:23:32 witherspoon systemd[1]: Starting Updates symlinks for active PNOR version...
Oct 24 18:23:32 witherspoon systemd[1]: Starting Create a ubi volume for pnor patches...
Oct 24 18:23:33 witherspoon systemd[1]: Started Updates symlinks for active PNOR version.
Oct 24 18:23:33 witherspoon systemd[1]: Starting Set U-Boot environment variable...
Oct 24 18:23:34 witherspoon systemd[1]: Created slice system-obmc\x2dflash\x2dbmc\x2dupdateubootvars.slice.
Oct 24 18:23:34 witherspoon systemd[1]: Starting Updates the u-boot variable to point BMC version to 28c7ce91...
Oct 24 18:23:34 witherspoon systemd[1]: Started OpenBMC Software Update Manager.
Oct 24 18:23:34 witherspoon systemd[1]: Starting Phosphor Version Software Manager...
Oct 24 18:23:35 witherspoon kernel: UBIFS (ubi8:3): UBIFS: mounted UBI device 8, volume 3, name "pnor-patch"
Oct 24 18:23:35 witherspoon kernel: UBIFS (ubi8:3): LEB size: 65408 bytes (63 KiB), min./max. I/O unit sizes: 8 bytes/256 bytes
Oct 24 18:23:35 witherspoon kernel: UBIFS (ubi8:3): FS size: 16155776 bytes (15 MiB, 247 LEBs), journal size 784896 bytes (0 MiB, 12 LEBs)
Oct 24 18:23:35 witherspoon kernel: UBIFS (ubi8:3): reserved for root: 763076 bytes (745 KiB)
Oct 24 18:23:35 witherspoon kernel: UBIFS (ubi8:3): media format: w5/r0 (latest is w5/r0), UUID 48C40BD7-B197-4A44-BC5D-4232452EB5F6, small LPT model
Oct 24 18:23:35 witherspoon kernel: UBIFS (ubi8:3): background thread "ubifs_bgt8_3" started, PID 1230
Oct 24 18:23:35 witherspoon kernel[1004]: [   93.320000] UBIFS (ubi8:3): UBIFS: mounted UBI device 8, volume 3, name "pnor-patch"
Oct 24 18:23:35 witherspoon kernel[1004]: [   93.430000] UBIFS (ubi8:3): LEB size: 65408 bytes (63 KiB), min./max. I/O unit sizes: 8 bytes/256 bytes
Oct 24 18:23:35 witherspoon kernel[1004]: [   93.430000] UBIFS (ubi8:3): FS size: 16155776 bytes (15 MiB, 247 LEBs), journal size 784896 bytes (0 MiB, 12 LEBs)
Oct 24 18:23:35 witherspoon kernel[1004]: [   93.430000] UBIFS (ubi8:3): reserved for root: 763076 bytes (745 KiB)
Oct 24 18:23:35 witherspoon kernel[1004]: [   93.430000] UBIFS (ubi8:3): media format: w5/r0 (latest is w5/r0), UUID 48C40BD7-B197-4A44-BC5D-4232452EB5F6, small LPT model
Oct 24 18:23:35 witherspoon kernel[1004]: [   93.430000] UBIFS (ubi8:3): background thread "ubifs_bgt8_3" started, PID 1230
Oct 24 18:23:36 witherspoon systemd[1]: Started Wait for /xyz/openbmc_project/inventory/system/chassis/power_supply1.
Oct 24 18:23:36 witherspoon systemd[1]: Started Phosphor Version Software Manager.
Oct 24 18:23:36 witherspoon systemd[1]: Started Set U-Boot environment variable.
Oct 24 18:23:36 witherspoon systemd[1]: Started Create a ubi volume for pnor patches.
Oct 24 18:23:36 witherspoon systemd[1]: Started Phosphor MBOX Daemon.
Oct 24 18:23:37 witherspoon systemd[1]: Started Set U-Boot environment variable.
Oct 24 18:23:39 witherspoon systemd[1]: Started Updates the u-boot variable to point BMC version to 28c7ce91.
Oct 24 18:23:43 witherspoon system_manager.py[1162]: Running System State: BASE_APPS
Oct 24 18:23:43 witherspoon system_manager.py[1162]: SystemManager Init Done
Oct 24 18:23:43 witherspoon system_manager.py[1162]: Running SystemManager
Oct 24 18:23:43 witherspoon systemd[1]: Started Phoshpor System Manager.
Oct 24 18:23:46 witherspoon systemd[1]: Started Phosphor BMC Code Update.
Oct 24 18:23:46 witherspoon bmc_update.py[1198]: Running Bmc Flash Control
Oct 24 18:23:48 witherspoon systemd[1]: Started OpenPOWER OCC controller.
Oct 24 18:23:48 witherspoon systemd[1]: Started Phosphor MAX31785 MSL.
Oct 24 18:23:52 witherspoon settings_manager.py[1142]: Running HostSettingsService
Oct 24 18:23:52 witherspoon systemd[1]: Started Phosphor Settings Manager.
Oct 24 18:23:52 witherspoon systemd[1]: Starting Wait for /org/openbmc/settings/host0...
Oct 24 18:23:52 witherspoon system_manager.py[1162]: SystemManager Goto System State: BMC_STARTING
Oct 24 18:23:52 witherspoon system_manager.py[1162]: Running System State: BMC_STARTING
Oct 24 18:23:53 witherspoon systemd[1]: Started Read OpenPOWER-format VPD from EEPROM.
Oct 24 18:23:53 witherspoon systemd[1]: Starting Sync system/chassis/motherboard/uuid...
Oct 24 18:23:59 witherspoon systemd[1]: Started Sync system/chassis/motherboard/uuid.
Oct 24 18:24:02 witherspoon systemd[1]: Started Wait for /xyz/openbmc_project/network/config.
Oct 24 18:24:03 witherspoon systemd[1]: Starting Sync system/chassis/motherboard/bmc/ethernet...
Oct 24 18:24:04 witherspoon phosphor-gevent[1170]: Traceback (most recent call last):
Oct 24 18:24:04 witherspoon phosphor-gevent[1170]:   File "/usr/lib/python2.7/site-packages/gevent/greenlet.py", line 327, in run
Oct 24 18:24:04 witherspoon phosphor-gevent[1170]:     result = self._run(*self.args, **self.kwargs)
Oct 24 18:24:04 witherspoon phosphor-gevent[1170]:   File "/usr/lib/python2.7/site-packages/gevent/server.py", line 102, in wrap_socket_and_handle
Oct 24 18:24:04 witherspoon phosphor-gevent[1170]:     ssl_socket = self.wrap_socket(client_socket, **self.ssl_args)
Oct 24 18:24:04 witherspoon phosphor-gevent[1170]:   File "/usr/lib/python2.7/site-packages/gevent/ssl.py", line 404, in wrap_socket
Oct 24 18:24:04 witherspoon phosphor-gevent[1170]:     ciphers=ciphers)
Oct 24 18:24:04 witherspoon phosphor-gevent[1170]:   File "/usr/lib/python2.7/site-packages/gevent/ssl.py", line 113, in __init__
Oct 24 18:24:04 witherspoon phosphor-gevent[1170]:     self.do_handshake()
Oct 24 18:24:04 witherspoon phosphor-gevent[1170]:   File "/usr/lib/python2.7/site-packages/gevent/ssl.py", line 324, in do_handshake
Oct 24 18:24:04 witherspoon phosphor-gevent[1170]:     return self._sslobj.do_handshake()
Oct 24 18:24:04 witherspoon phosphor-gevent[1170]: SSLEOFError: EOF occurred in violation of protocol (_ssl.c:590)
Oct 24 18:24:04 witherspoon phosphor-gevent[1170]: <Greenlet at 0x76575e40: <bound method WSGIServer.wrap_socket_and_handle of <WSGIServer at 0x7612ee90 fileno=6 address=('::34c2:304d:d8bd:b976%1991884232', 443, 0, 1991884232)>>(<socket at 0x7606fc50 fileno=10>, ('::c0b9:b776:8e91:f402%1294969628', 52982, 0, 129)> failed with SSLEOFError
Oct 24 18:24:04 witherspoon phosphor-gevent[1170]: Traceback (most recent call last):
Oct 24 18:24:04 witherspoon phosphor-gevent[1170]:   File "/usr/lib/python2.7/site-packages/gevent/greenlet.py", line 327, in run
Oct 24 18:24:04 witherspoon phosphor-gevent[1170]:     result = self._run(*self.args, **self.kwargs)
Oct 24 18:24:04 witherspoon phosphor-gevent[1170]:   File "/usr/lib/python2.7/site-packages/gevent/server.py", line 102, in wrap_socket_and_handle
Oct 24 18:24:04 witherspoon phosphor-gevent[1170]:     ssl_socket = self.wrap_socket(client_socket, **self.ssl_args)
Oct 24 18:24:04 witherspoon phosphor-gevent[1170]:   File "/usr/lib/python2.7/site-packages/gevent/ssl.py", line 404, in wrap_socket
Oct 24 18:24:04 witherspoon phosphor-gevent[1170]:     ciphers=ciphers)
Oct 24 18:24:04 witherspoon phosphor-gevent[1170]:   File "/usr/lib/python2.7/site-packages/gevent/ssl.py", line 113, in __init__
Oct 24 18:24:04 witherspoon phosphor-gevent[1170]:     self.do_handshake()
Oct 24 18:24:04 witherspoon phosphor-gevent[1170]:   File "/usr/lib/python2.7/site-packages/gevent/ssl.py", line 324, in do_handshake
Oct 24 18:24:04 witherspoon phosphor-gevent[1170]:     return self._sslobj.do_handshake()
Oct 24 18:24:04 witherspoon phosphor-gevent[1170]: SSLEOFError: EOF occurred in violation of protocol (_ssl.c:590)
Oct 24 18:24:04 witherspoon phosphor-gevent[1170]: <Greenlet at 0x76575e90: <bound method WSGIServer.wrap_socket_and_handle of <WSGIServer at 0x7612ee90 fileno=6 address=('::34c2:304d:d8bd:b976%1991884232', 443, 0, 1991884232)>>(<socket at 0x7606fbf0 fileno=11>, ('::c0b9:b776:8e91:f402%1294969628', 52988, 0, 129)> failed with SSLEOFError
Oct 24 18:24:05 witherspoon phosphor-gevent[1170]: Traceback (most recent call last):
Oct 24 18:24:05 witherspoon phosphor-gevent[1170]:   File "/usr/lib/python2.7/site-packages/gevent/greenlet.py", line 327, in run
Oct 24 18:24:05 witherspoon phosphor-gevent[1170]:     result = self._run(*self.args, **self.kwargs)
Oct 24 18:24:05 witherspoon phosphor-gevent[1170]:   File "/usr/lib/python2.7/site-packages/gevent/server.py", line 102, in wrap_socket_and_handle
Oct 24 18:24:05 witherspoon phosphor-gevent[1170]:     ssl_socket = self.wrap_socket(client_socket, **self.ssl_args)
Oct 24 18:24:05 witherspoon phosphor-gevent[1170]:   File "/usr/lib/python2.7/site-packages/gevent/ssl.py", line 404, in wrap_socket
Oct 24 18:24:05 witherspoon phosphor-gevent[1170]:     ciphers=ciphers)
Oct 24 18:24:05 witherspoon phosphor-gevent[1170]:   File "/usr/lib/python2.7/site-packages/gevent/ssl.py", line 113, in __init__
Oct 24 18:24:05 witherspoon phosphor-gevent[1170]:     self.do_handshake()
Oct 24 18:24:05 witherspoon phosphor-gevent[1170]:   File "/usr/lib/python2.7/site-packages/gevent/ssl.py", line 324, in do_handshake
Oct 24 18:24:05 witherspoon phosphor-gevent[1170]:     return self._sslobj.do_handshake()
Oct 24 18:24:05 witherspoon phosphor-gevent[1170]: SSLEOFError: EOF occurred in violation of protocol (_ssl.c:590)
Oct 24 18:24:05 witherspoon phosphor-gevent[1170]: <Greenlet at 0x76575ee0: <bound method WSGIServer.wrap_socket_and_handle of <WSGIServer at 0x7612ee90 fileno=6 address=('::34c2:304d:d8bd:b976%1991884232', 443, 0, 1991884232)>>(<socket at 0x7606fc90 fileno=12>, ('::c0b9:b776:8e91:f402%1294969628', 52990, 0, 129)> failed with SSLEOFError
Oct 24 18:24:08 witherspoon systemd[1]: Started Wait for /org/openbmc/managers/System.
Oct 24 18:24:08 witherspoon systemd[1]: Starting Phosphor Power0 Control...
Oct 24 18:24:08 witherspoon systemd[1]: Starting Phosphor Power Button0...
Oct 24 18:24:08 witherspoon system_manager.py[1162]: New object: /org/openbmc/control/power0 (:1.88)
Oct 24 18:24:08 witherspoon systemd[1]: Starting Phosphor Reset Button0...
Oct 24 18:24:08 witherspoon systemd[1]: Starting Phosphor BMC State Manager...
Oct 24 18:24:08 witherspoon systemd[1]: Starting Phosphor Chassis State Manager...
Oct 24 18:24:09 witherspoon phosphor-bmc-state-manager[1272]: Setting the BMCState field
Oct 24 18:24:09 witherspoon phosphor-bmc-state-manager[1272]: Setting the BMCState field
Oct 24 18:24:09 witherspoon systemd[1]: Started Phosphor BMC State Manager.
Oct 24 18:24:09 witherspoon phosphor-chassis-state-manager[1273]: Initial Chassis State will be Off
Oct 24 18:24:09 witherspoon systemd[1]: Started Phosphor Chassis State Manager.
Oct 24 18:24:09 witherspoon system_manager.py[1162]: Power GPIO config: ['SYS_PWROK_BUFF', '', [('SOFTWARE_PGOOD', True), ('BMC_POWER_UP', True)], [('BMC_CP0_RESET_N', False)], [], 'FSI_DATA', 'FSI_CLK', 'FSI_ENABLE', 'CRONUS_SEL', []]
Oct 24 18:24:09 witherspoon power_control.exe[1265]: Power GPIO latch output:
Oct 24 18:24:09 witherspoon power_control.exe[1265]: Power GPIO power good input: SYS_PWROK_BUFF
Oct 24 18:24:09 witherspoon power_control.exe[1265]: Power GPIO 2 power_up outputs
Oct 24 18:24:09 witherspoon power_control.exe[1265]: Power GPIO power_up[0] = SOFTWARE_PGOOD active HIGH
Oct 24 18:24:09 witherspoon power_control.exe[1265]: Power GPIO power_up[1] = BMC_POWER_UP active HIGH
Oct 24 18:24:09 witherspoon power_control.exe[1265]: Power GPIO 1 reset outputs
Oct 24 18:24:09 witherspoon power_control.exe[1265]: Power GPIO reset[0] = BMC_CP0_RESET_N active LOW
Oct 24 18:24:09 witherspoon power_control.exe[1265]: Power GPIO 0 pci reset outputs
Oct 24 18:24:09 witherspoon power_control.exe[1265]: FSI DATA GPIO: FSI_DATA
Oct 24 18:24:09 witherspoon power_control.exe[1265]: FSI CLK GPIO: FSI_CLK
Oct 24 18:24:09 witherspoon power_control.exe[1265]: FSI ENABLE GPIO: FSI_ENABLE
Oct 24 18:24:09 witherspoon power_control.exe[1265]: CRONUS SEL GPIO: CRONUS_SEL
Oct 24 18:24:09 witherspoon power_control.exe[1265]: Hostctl GPIO optionals: 0
Oct 24 18:24:09 witherspoon systemd[1]: Started Phosphor Reset Button0.
Oct 24 18:24:10 witherspoon button_reset.exe[1271]: GPIO Lookup:  RESET_BUTTON = 353,both
Oct 24 18:24:10 witherspoon button_power.exe[1266]: GPIO Lookup:  POWER_BUTTON = 347,both
Oct 24 18:24:10 witherspoon power_control.exe[1265]: GPIO Lookup:  SYS_PWROK_BUFF = 306,in
Oct 24 18:24:09 witherspoon systemd[1]: Started Phosphor Power Button0.
Oct 24 18:24:09 witherspoon systemd[1]: Started Wait for /org/openbmc/settings/host0.
Oct 24 18:24:09 witherspoon systemd[1]: Started Phosphor Inband IPMI.
Oct 24 18:24:10 witherspoon power_control.exe[1265]: GPIO Lookup:  SOFTWARE_PGOOD = 417,out
Oct 24 18:24:10 witherspoon power_control.exe[1265]: GPIO Lookup:  BMC_POWER_UP = 305,out
Oct 24 18:24:10 witherspoon power_control.exe[1265]: GPIO Lookup:  BMC_CP0_RESET_N = 281,out
Oct 24 18:24:10 witherspoon power_control.exe[1265]: Pgood state: 0
Oct 24 18:24:10 witherspoon systemd[1]: Started Phosphor Power0 Control.
Oct 24 18:24:11 witherspoon sync_inventory_items.py[1264]: Inventory MAC=70:e2:84:14:2a:08,System MAC=70:e2:84:14:2a:08
Oct 24 18:24:13 witherspoon avahi-daemon[969]: Interface eth0.IPv6 no longer relevant for mDNS.
Oct 24 18:24:13 witherspoon systemd-networkd[978]: eth0: Lost carrier
Oct 24 18:24:13 witherspoon avahi-daemon[969]: Leaving mDNS multicast group on interface eth0.IPv6 with address 2002:905:150e:301:72e2:84ff:fe14:2a08.
Oct 24 18:24:13 witherspoon avahi-daemon[969]: Interface eth0.IPv4 no longer relevant for mDNS.
Oct 24 18:24:13 witherspoon avahi-daemon[969]: Leaving mDNS multicast group on interface eth0.IPv4 with address 9.5.180.47.
Oct 24 18:24:13 witherspoon avahi-daemon[969]: Withdrawing address record for 2002:905:150e:301:72e2:84ff:fe14:2a08 on eth0.
Oct 24 18:24:13 witherspoon avahi-daemon[969]: Withdrawing address record for 9.5.180.47 on eth0.
Oct 24 18:24:14 witherspoon kernel: ftgmac100 1e660000.ethernet eth0: NCSI interface down
Oct 24 18:24:14 witherspoon kernel[1004]: [  131.710000] ftgmac100 1e660000.ethernet eth0: NCSI interface down
Oct 24 18:24:14 witherspoon systemd-networkd[978]: eth0: Gained carrier
Oct 24 18:24:14 witherspoon systemd-timesyncd[961]: Network configuration changed, trying to establish connection.
Oct 24 18:24:14 witherspoon avahi-daemon[969]: Joining mDNS multicast group on interface eth0.IPv4 with address 9.5.180.47.
Oct 24 18:24:14 witherspoon avahi-daemon[969]: New relevant interface eth0.IPv4 for mDNS.
Oct 24 18:24:14 witherspoon avahi-daemon[969]: Registering new address record for 9.5.180.47 on eth0.IPv4.
Oct 24 18:24:14 witherspoon systemd[1]: Started Sync system/chassis/motherboard/bmc/ethernet.
Oct 24 18:24:14 witherspoon kernel: 8021q: adding VLAN 0 to HW filter on device eth0
Oct 24 18:24:14 witherspoon kernel[1004]: [  131.910000] 8021q: adding VLAN 0 to HW filter on device eth0
Oct 24 18:24:15 witherspoon kernel: ftgmac100 1e660000.ethernet eth0: no vlan ids left to set
Oct 24 18:24:15 witherspoon kernel: ftgmac100 1e660000.ethernet eth0: NCSI interface up
Oct 24 18:24:15 witherspoon kernel[1004]: [  133.000000] ftgmac100 1e660000.ethernet eth0: no vlan ids left to set
Oct 24 18:24:15 witherspoon kernel[1004]: [  133.000000] ftgmac100 1e660000.ethernet eth0: NCSI interface up
Oct 24 18:24:15 witherspoon avahi-daemon[969]: Joining mDNS multicast group on interface eth0.IPv6 with address 2002:905:150e:301:72e2:84ff:fe14:2a08.
Oct 24 18:24:15 witherspoon avahi-daemon[969]: New relevant interface eth0.IPv6 for mDNS.
Oct 24 18:24:15 witherspoon avahi-daemon[969]: Registering new address record for 2002:905:150e:301:72e2:84ff:fe14:2a08 on eth0.*.
Oct 24 18:24:16 witherspoon systemd-networkd[978]: eth0: Gained IPv6LL
Oct 24 18:24:16 witherspoon systemd-networkd[978]: eth0: Configured
Oct 24 18:24:16 witherspoon systemd-timesyncd[961]: Network configuration changed, trying to establish connection.
Oct 24 18:24:17 witherspoon systemd[1]: Started Wait for /org/openbmc/control/power0.
Oct 24 18:24:17 witherspoon systemd[1]: Started Witherspoon Power Supply 1 Monitor.
Oct 24 18:24:17 witherspoon systemd[1]: Started Witherspoon Power Supply 0 Monitor.
Oct 24 18:24:18 witherspoon systemd[1]: Starting Check Chassis0 pgood and create a file to indicate it...
Oct 24 18:24:18 witherspoon systemd[1]: Started Wait for /xyz/openbmc_project/state/chassis0.
Oct 24 18:24:19 witherspoon systemd[1]: Started Check Chassis0 pgood and create a file to indicate it.
Oct 24 18:24:19 witherspoon systemd[1]: Reached target Chassis0 power on after reset.
Oct 24 18:24:19 witherspoon systemd[1]: Reached target Chassis0 (Reset Check).
Oct 24 18:24:19 witherspoon systemd[1]: Started Wait for /xyz/openbmc_project/control/host0.
Oct 24 18:24:19 witherspoon systemd[1]: Reached target Host0 running after reset.
Oct 24 18:24:19 witherspoon systemd[1]: Reached target Host0 (Reset Check).
Oct 24 18:24:19 witherspoon systemd[1]: Starting Phosphor Host State Manager...
Oct 24 18:24:20 witherspoon phosphor-host-state-manager[1315]: Initial Host State will be Off
Oct 24 18:24:20 witherspoon phosphor-host-state-manager[1315]: External request to reset reboot count
Oct 24 18:24:20 witherspoon systemd[1]: Started Phosphor Host State Manager.
Oct 24 18:24:21 witherspoon systemd[1]: Started Wait for /xyz/openbmc_project/state/host0.
Oct 24 18:24:21 witherspoon systemd[1]: Starting Phosphor Time Manager daemon...
Oct 24 18:24:21 witherspoon systemd[1]: Starting Reboot If Enabled...
Oct 24 18:24:22 witherspoon phosphor-network-manager[1174]: ConfigParser: Key not found
Oct 24 18:24:22 witherspoon phosphor-network-manager[1174]: The operation failed internally.
Oct 24 18:24:22 witherspoon phosphor-network-manager[1174]: Exception occured during getting of DHCP value
Oct 24 18:24:22 witherspoon phosphor-network-manager[1174]: ConfigParser: Key not found
Oct 24 18:24:22 witherspoon phosphor-network-manager[1174]: The operation failed internally.
Oct 24 18:24:22 witherspoon phosphor-network-manager[1174]: Unable to find the NTP server configuration.
Oct 24 18:24:22 witherspoon phosphor-network-manager[1174]: Timer expired
Oct 24 18:24:24 witherspoon phosphor-discover-system-state[1318]: Host power is off, checking power policy
Oct 24 18:24:24 witherspoon phosphor-discover-system-state[1318]: power_policy=RESTORE, restoring last state
Oct 24 18:24:24 witherspoon dbus[970]: [system] Activating via systemd: service name='org.freedesktop.timedate1' unit='dbus-org.freedesktop.timedate1.service'
Oct 24 18:24:24 witherspoon systemd[1]: Starting Time & Date Service...
Oct 24 18:24:24 witherspoon phosphor-host-state-manager[1315]: Host State transaction request
Oct 24 18:24:24 witherspoon systemd[1]: Started Phosphor Cooling Type.
Oct 24 18:24:24 witherspoon systemd[1]: Starting Wait for /org/openbmc/control/chassis0...
Oct 24 18:24:24 witherspoon systemd[1]: Starting Wait for /org/openbmc/HostIpmi/1...
Oct 24 18:24:24 witherspoon systemd[1]: Created slice system-vcs_off_poweroff.slice.
Oct 24 18:24:24 witherspoon systemd[1]: Created slice system-obmc\x2dled\x2dgroup\x2dstop.slice.
Oct 24 18:24:24 witherspoon systemd[1]: Stopped target Host0 (Reset Check).
Oct 24 18:24:24 witherspoon systemd[1]: Starting Read OpenPOWER-format VPD from EEPROM...
Oct 24 18:24:24 witherspoon systemd[1]: Starting Phosphor MAX31785 MSL...
Oct 24 18:24:24 witherspoon systemd[1]: Starting Wait for /xyz/openbmc_project/led/groups/power_on...
Oct 24 18:24:24 witherspoon systemd[1]: Stopped target Host0 running after reset.
Oct 24 18:24:24 witherspoon systemd[1]: Stopped target Chassis0 (Reset Check).
Oct 24 18:24:24 witherspoon systemd[1]: Created slice system-op\x2docc\x2ddisable.slice.
Oct 24 18:24:24 witherspoon systemd[1]: Starting OpenPOWER OCC Active Disable...
Oct 24 18:24:24 witherspoon systemd[1]: Created slice system-op\x2dpower\x2dstop.slice.
Oct 24 18:24:25 witherspoon systemd[1]: Created slice system-op\x2dwait\x2dpower\x2doff.slice.
Oct 24 18:24:25 witherspoon systemd[1]: Created slice system-ir35221\x2doff\x2dunbind.slice.
Oct 24 18:24:25 witherspoon systemd[1]: Created slice system-ir35221\x2doff\x2dbind.slice.
Oct 24 18:24:25 witherspoon dbus[970]: [system] Successfully activated service 'org.freedesktop.timedate1'
Oct 24 18:24:25 witherspoon systemd-timedated[1320]: /etc/localtime should be a symbolic link to a time zone data file in /usr/share/zoneinfo/.
Oct 24 18:24:25 witherspoon systemd[1]: Started Reboot If Enabled.
Oct 24 18:24:25 witherspoon systemd[1]: Started Time & Date Service.
Oct 24 18:24:26 witherspoon systemd[1]: Started Phosphor Time Manager daemon.
Oct 24 18:24:26 witherspoon systemd[1]: Started OpenPOWER OCC Active Disable.
Oct 24 18:24:26 witherspoon systemd[1]: Started Wait for /org/openbmc/control/chassis0.
Oct 24 18:24:27 witherspoon systemd[1]: Started Wait for /org/openbmc/HostIpmi/1.
Oct 24 18:24:27 witherspoon systemd[1]: Starting Soft power off of the host...
Oct 24 18:24:27 witherspoon systemd[1]: Started Wait for /xyz/openbmc_project/led/groups/power_on.
Oct 24 18:24:27 witherspoon systemd[1]: Starting Assert power_on LED...
Oct 24 18:24:28 witherspoon systemd[1]: Started Phosphor MAX31785 MSL.
Oct 24 18:24:28 witherspoon ipmid[1287]: Pushing cmd on to queue
Oct 24 18:24:28 witherspoon ipmid[1287]: Pushing cmd on to queue
Oct 24 18:24:28 witherspoon ipmid[1287]: Asserting SMS Attention
Oct 24 18:24:28 witherspoon systemd[1]: Started Read OpenPOWER-format VPD from EEPROM.
Oct 24 18:24:28 witherspoon systemd[1]: Starting Sync system/chassis/motherboard/bmc/ethernet...
Oct 24 18:24:28 witherspoon systemd[1]: Starting Sync system/chassis/motherboard/uuid...
Oct 24 18:24:29 witherspoon systemd[1]: Started Assert power_on LED.
Oct 24 18:24:29 witherspoon ipmid[1287]: SMS Attention asserted
Oct 24 18:24:32 witherspoon ipmid[1287]: Host control timeout hit!
Oct 24 18:24:32 witherspoon ipmid[1287]: Timer expired
Oct 24 18:24:32 witherspoon phosphor-softpoweroff[1346]: Host control signal values
Oct 24 18:24:32 witherspoon phosphor-softpoweroff[1346]: Timeout on host attention, continue with power down
Oct 24 18:24:32 witherspoon systemd[1]: Started Soft power off of the host.
Oct 24 18:24:33 witherspoon systemd[1]: Started SSH Per-Connection Server (9.41.165.94:40422).
Oct 24 18:24:33 witherspoon dropbear[1359]: Failed loading /var/lib/dropbear/dropbear_rsa_host_key
Oct 24 18:24:33 witherspoon dropbear[1359]: Failed loading /etc/dropbear/dropbear_dss_host_key
Oct 24 18:24:33 witherspoon dropbear[1359]: Failed loading /etc/dropbear/dropbear_ecdsa_host_key
Oct 24 18:24:33 witherspoon dropbear[1359]: Child connection from ::ffff:9.41.165.94:40422
Oct 24 18:24:34 witherspoon dropbear[1359]: PAM password auth succeeded for 'root' from ::ffff:9.41.165.94:40422
Oct 24 18:24:35 witherspoon dropbear[1360]: lastlog_perform_login: Couldn't stat /var/log/lastlog: No such file or directory
Oct 24 18:24:35 witherspoon dropbear[1360]: lastlog_openseek: /var/log/lastlog is not a file or directory!
Oct 24 18:24:36 witherspoon systemd[1]: Started Sync system/chassis/motherboard/uuid.
Oct 24 18:24:36 witherspoon sync_inventory_items.py[1353]: Inventory MAC=70:e2:84:14:2a:08,System MAC=70:e2:84:14:2a:08
Oct 24 18:24:37 witherspoon avahi-daemon[969]: Interface eth0.IPv6 no longer relevant for mDNS.
Oct 24 18:24:37 witherspoon systemd-networkd[978]: eth0: Lost carrier
Oct 24 18:24:37 witherspoon avahi-daemon[969]: Leaving mDNS multicast group on interface eth0.IPv6 with address 2002:905:150e:301:72e2:84ff:fe14:2a08.
Oct 24 18:24:37 witherspoon avahi-daemon[969]: Interface eth0.IPv4 no longer relevant for mDNS.
Oct 24 18:24:37 witherspoon avahi-daemon[969]: Leaving mDNS multicast group on interface eth0.IPv4 with address 9.5.180.47.
Oct 24 18:24:37 witherspoon avahi-daemon[969]: Withdrawing address record for 2002:905:150e:301:72e2:84ff:fe14:2a08 on eth0.
Oct 24 18:24:37 witherspoon avahi-daemon[969]: Withdrawing address record for 9.5.180.47 on eth0.
Oct 24 18:24:37 witherspoon kernel: ftgmac100 1e660000.ethernet eth0: NCSI interface down
Oct 24 18:24:37 witherspoon kernel[1004]: [  154.940000] ftgmac100 1e660000.ethernet eth0: NCSI interface down
Oct 24 18:24:37 witherspoon kernel: 8021q: adding VLAN 0 to HW filter on device eth0
Oct 24 18:24:37 witherspoon kernel[1004]: [  155.320000] 8021q: adding VLAN 0 to HW filter on device eth0
Oct 24 18:24:37 witherspoon systemd-networkd[978]: eth0: Gained carrier
Oct 24 18:24:37 witherspoon avahi-daemon[969]: Joining mDNS multicast group on interface eth0.IPv4 with address 9.5.180.47.
Oct 24 18:24:37 witherspoon systemd-timesyncd[961]: Network configuration changed, trying to establish connection.
Oct 24 18:24:37 witherspoon avahi-daemon[969]: New relevant interface eth0.IPv4 for mDNS.
Oct 24 18:24:37 witherspoon avahi-daemon[969]: Registering new address record for 9.5.180.47 on eth0.IPv4.
Oct 24 18:24:37 witherspoon systemd[1]: Started Sync system/chassis/motherboard/bmc/ethernet.
Oct 24 18:24:37 witherspoon systemd[1]: Reached target Phosphor System - Standby.
Oct 24 18:24:37 witherspoon phosphor-bmc-state-manager[1272]: BMC_READY
Oct 24 18:24:37 witherspoon phosphor-bmc-state-manager[1272]: Setting the BMCState field
Oct 24 18:24:37 witherspoon systemd[1]: Starting Assert bmc_booted LED...
Oct 24 18:24:37 witherspoon systemd[1]: Reached target Stop Host0 (Pre).
Oct 24 18:24:37 witherspoon systemd[1]: Starting Power off mode unbind ir35221 device driver devs...
Oct 24 18:24:37 witherspoon systemd[1]: Reached target Host0 (Stopping).
Oct 24 18:24:37 witherspoon systemd[1]: Reached target Host0 (Stopped).
Oct 24 18:24:37 witherspoon systemd[1]: Reached target Power0 Off (Pre).
Oct 24 18:24:38 witherspoon systemd[1]: Starting Wait for Power0 to turn off...
Oct 24 18:24:38 witherspoon systemd[1]: Started Stop Power0.
Oct 24 18:24:38 witherspoon systemd[1]: Reached target Stop Hosti (Pre).
Oct 24 18:24:38 witherspoon systemd[1]: Reached target Hosti (Stopping).
Oct 24 18:24:38 witherspoon systemd[1]: Reached target Hosti (Stopped).
Oct 24 18:24:38 witherspoon systemd[1]: Reached target Poweri Off (Pre).
Oct 24 18:24:38 witherspoon systemd[1]: Reached target Poweri Off.
Oct 24 18:24:38 witherspoon kernel: ftgmac100 1e660000.ethernet eth0: no vlan ids left to set
Oct 24 18:24:38 witherspoon kernel: ftgmac100 1e660000.ethernet eth0: NCSI interface up
Oct 24 18:24:38 witherspoon systemd[1]: Started Power off mode unbind ir35221 device driver devs.
Oct 24 18:24:38 witherspoon avahi-daemon[969]: Joining mDNS multicast group on interface eth0.IPv6 with address 2002:905:150e:301:72e2:84ff:fe14:2a08.
Oct 24 18:24:38 witherspoon systemd[1]: xyz.openbmc_project.Hwmon@ahb-apb-i2c\x401e78a000-i2c\x2dbus\x40180-ir35221\x4070.service: Unit not needed anymore. Stopping.
Oct 24 18:24:38 witherspoon avahi-daemon[969]: New relevant interface eth0.IPv6 for mDNS.
Oct 24 18:24:38 witherspoon systemd[1]: xyz.openbmc_project.Hwmon@ahb-apb-i2c\x401e78a000-i2c\x2dbus\x40140-ir35221\x4070.service: Unit not needed anymore. Stopping.
Oct 24 18:24:38 witherspoon avahi-daemon[969]: Registering new address record for 2002:905:150e:301:72e2:84ff:fe14:2a08 on eth0.*.
Oct 24 18:24:38 witherspoon systemd[1]: xyz.openbmc_project.Hwmon@ahb-apb-i2c\x401e78a000-i2c\x2dbus\x40140-ir35221\x4071.service: Unit not needed anymore. Stopping.
Oct 24 18:24:38 witherspoon kernel[1004]: [  156.440000] ftgmac100 1e660000.ethernet eth0: no vlan ids left to set
Oct 24 18:24:38 witherspoon systemd[1]: xyz.openbmc_project.Hwmon@ahb-apb-i2c\x401e78a000-i2c\x2dbus\x40180-ir35221\x4071.service: Unit not needed anymore. Stopping.
Oct 24 18:24:38 witherspoon kernel[1004]: [  156.440000] ftgmac100 1e660000.ethernet eth0: NCSI interface up
Oct 24 18:24:38 witherspoon systemd[1]: Stopping Phosphor Hwmon Poller...
Oct 24 18:24:38 witherspoon systemd[1]: Stopped Phosphor Hwmon Poller.
Oct 24 18:24:38 witherspoon systemd[1]: Stopped Phosphor Hwmon Poller.
Oct 24 18:24:38 witherspoon systemd[1]: Stopping Phosphor Hwmon Poller...
Oct 24 18:24:38 witherspoon systemd[1]: Stopped Phosphor Hwmon Poller.
Oct 24 18:24:38 witherspoon systemd[1]: Stopped Phosphor Hwmon Poller.
Oct 24 18:24:39 witherspoon systemd-networkd[978]: eth0: Gained IPv6LL
Oct 24 18:24:39 witherspoon systemd-networkd[978]: eth0: Configured
Oct 24 18:24:39 witherspoon systemd-timesyncd[961]: Network configuration changed, trying to establish connection.
Oct 24 18:24:45 witherspoon phosphor-network-manager[1174]: ConfigParser: Key not found
Oct 24 18:24:45 witherspoon phosphor-network-manager[1174]: The operation failed internally.
Oct 24 18:24:45 witherspoon phosphor-network-manager[1174]: Exception occured during getting of DHCP value
Oct 24 18:24:45 witherspoon phosphor-network-manager[1174]: ConfigParser: Key not found
Oct 24 18:24:45 witherspoon phosphor-network-manager[1174]: The operation failed internally.
Oct 24 18:24:45 witherspoon phosphor-network-manager[1174]: Unable to find the NTP server configuration.
Oct 24 18:24:45 witherspoon phosphor-network-manager[1174]: Timer expired
Oct 24 18:24:47 witherspoon power_control.exe[1265]: Power already at requested state: 0
Oct 24 18:24:47 witherspoon phosphor-ledmanager[989]: Asserting LEDs
Oct 24 18:24:47 witherspoon systemd[1]: Started Assert bmc_booted LED.
Oct 24 18:24:47 witherspoon systemd[1]: Started Wait for Power0 to turn off.
Oct 24 18:24:47 witherspoon systemd[1]: Starting Disable VCS on a power off...
Oct 24 18:24:47 witherspoon systemd[1]: Reached target Power0 Off.
Oct 24 18:24:47 witherspoon systemd[1]: Started Disable VCS on a power off.
Oct 24 18:24:47 witherspoon systemd[1]: Starting Power off mode bind ir35221 device driver devs...
Oct 24 18:24:48 witherspoon systemd[1]: Started Phosphor Hwmon Poller.
Oct 24 18:24:48 witherspoon systemd[1]: Started Power off mode bind ir35221 device driver devs.
Oct 24 18:24:48 witherspoon systemd[1]: Reached target Chassis0 (Power Off).
Oct 24 18:24:48 witherspoon systemd[1]: Reached target Power0 Host Off.
Oct 24 18:24:48 witherspoon systemd[1]: Reached target Stop Host0.
Oct 24 18:24:48 witherspoon systemd[1]: Started Phosphor Hwmon Poller.
Oct 24 18:24:48 witherspoon systemd[1]: Started Phosphor Hwmon Poller.
Oct 24 18:24:48 witherspoon systemd[1]: Startup finished in 17.624s (kernel) + 2min 29.147s (userspace) = 2min 46.771s.
Oct 24 18:24:49 witherspoon phosphor-chassis-state-manager[1273]: Received signal that power OFF is complete
Oct 24 18:24:49 witherspoon phosphor-chassis-state-manager[1273]: Change to Chassis Power State
Oct 24 18:24:49 witherspoon phosphor-host-state-manager[1315]: Received signal that host is off
Oct 24 18:24:49 witherspoon phosphor-host-state-manager[1315]: Change to Host State
