-- Logs begin at Tue 2017-08-01 00:57:40 UTC, end at Tue 2017-08-01 01:08:34 UTC. --
Aug 01 00:57:40 witherspoon kernel: Booting Linux on physical CPU 0x0
Aug 01 00:57:40 witherspoon kernel: Linux version 4.10.17-44f0dc8ac43162c4f7082884d6cd79400341bf5b (jenkins@openbmc-builder1) (gcc version 6.2.0 (GCC) ) #1 Mon Jul 31 21:49:27 UTC 2017
Aug 01 00:57:40 witherspoon kernel: CPU: ARMv6-compatible processor [410fb767] revision 7 (ARMv7), cr=00c5387d
Aug 01 00:57:40 witherspoon kernel: CPU: PIPT / VIPT nonaliasing data cache, VIPT nonaliasing instruction cache
Aug 01 00:57:40 witherspoon kernel: OF: fdt:Machine model: Witherspoon BMC
Aug 01 00:57:40 witherspoon kernel: Memory policy: Data cache writeback
Aug 01 00:57:40 witherspoon kernel: SOC Rev: 04030303
Aug 01 00:57:40 witherspoon kernel: On node 0 totalpages: 110592
Aug 01 00:57:40 witherspoon kernel: free_area_init_node: node 0, pgdat 805ff5e4, node_mem_map 9ec1a000
Aug 01 00:57:40 witherspoon kernel:   Normal zone: 992 pages used for memmap
Aug 01 00:57:40 witherspoon kernel:   Normal zone: 0 pages reserved
Aug 01 00:57:40 witherspoon kernel:   Normal zone: 110592 pages, LIFO batch:31
Aug 01 00:57:40 witherspoon kernel: pcpu-alloc: s0 r0 d32768 u32768 alloc=1*32768
Aug 01 00:57:40 witherspoon kernel: pcpu-alloc: [0] 0 
Aug 01 00:57:40 witherspoon kernel: Built 1 zonelists in Zone order, mobility grouping on.  Total pages: 109600
Aug 01 00:57:40 witherspoon kernel: Kernel command line: console=ttyS4,115200n8 root=/dev/ram rw
Aug 01 00:57:40 witherspoon kernel: PID hash table entries: 2048 (order: 1, 8192 bytes)
Aug 01 00:57:40 witherspoon kernel: Dentry cache hash table entries: 65536 (order: 6, 262144 bytes)
Aug 01 00:57:40 witherspoon kernel: Inode-cache hash table entries: 32768 (order: 5, 131072 bytes)
Aug 01 00:57:40 witherspoon kernel: Memory: 430436K/442368K available (4065K kernel code, 280K rwdata, 1192K rodata, 284K init, 111K bss, 11932K reserved, 0K cma-reserved)
Aug 01 00:57:40 witherspoon kernel: Virtual kernel memory layout:
                                        vector  : 0xffff0000 - 0xffff1000   (   4 kB)
                                        fixmap  : 0xffc00000 - 0xfff00000   (3072 kB)
                                        vmalloc : 0x9f800000 - 0xff800000   (1536 MB)
                                        lowmem  : 0x80000000 - 0x9f000000   ( 496 MB)
                                          .text : 0x80008000 - 0x804007a0   (4066 kB)
                                          .init : 0x80585000 - 0x805cc000   ( 284 kB)
                                          .data : 0x805cc000 - 0x80612358   ( 281 kB)
                                           .bss : 0x80612358 - 0x8062e1f8   ( 112 kB)
Aug 01 00:57:40 witherspoon kernel: NR_IRQS:16 nr_irqs:16 16
Aug 01 00:57:40 witherspoon kernel: i2c controller registered, irq 16
Aug 01 00:57:40 witherspoon kernel: clocksource: moxart_timer: mask: 0xffffffff max_cycles: 0xffffffff, max_idle_ns: 77222644334 ns
Aug 01 00:57:40 witherspoon kernel: sched_clock: 32 bits at 100 Hz, resolution 10000000ns, wraps every 21474836475000000ns
Aug 01 00:57:40 witherspoon kernel: Calibrating delay loop... 789.70 BogoMIPS (lpj=3948544)
Aug 01 00:57:40 witherspoon kernel: pid_max: default: 32768 minimum: 301
Aug 01 00:57:40 witherspoon kernel: Mount-cache hash table entries: 1024 (order: 0, 4096 bytes)
Aug 01 00:57:40 witherspoon kernel: Mountpoint-cache hash table entries: 1024 (order: 0, 4096 bytes)
Aug 01 00:57:40 witherspoon kernel: CPU: Testing write buffer coherency: ok
Aug 01 00:57:40 witherspoon kernel: ftrace: allocating 14932 entries in 44 pages
Aug 01 00:57:40 witherspoon kernel: Setting up static identity map for 0x80008200 - 0x8000825c
Aug 01 00:57:40 witherspoon kernel: devtmpfs: initialized
Aug 01 00:57:40 witherspoon kernel: clocksource: jiffies: mask: 0xffffffff max_cycles: 0xffffffff, max_idle_ns: 19112604462750000 ns
Aug 01 00:57:40 witherspoon kernel: futex hash table entries: 256 (order: -1, 3072 bytes)
Aug 01 00:57:40 witherspoon kernel: pinctrl core: initialized pinctrl subsystem
Aug 01 00:57:40 witherspoon kernel: NET: Registered protocol family 16
Aug 01 00:57:40 witherspoon kernel: DMA: preallocated 256 KiB pool for atomic coherent allocations
Aug 01 00:57:40 witherspoon kernel: usbcore: registered new interface driver usbfs
Aug 01 00:57:40 witherspoon kernel: usbcore: registered new interface driver hub
Aug 01 00:57:40 witherspoon kernel: usbcore: registered new device driver usb
Aug 01 00:57:40 witherspoon kernel: clocksource: Switched to clocksource moxart_timer
Aug 01 00:57:40 witherspoon kernel: NET: Registered protocol family 2
Aug 01 00:57:40 witherspoon kernel: TCP established hash table entries: 4096 (order: 2, 16384 bytes)
Aug 01 00:57:40 witherspoon kernel: TCP bind hash table entries: 4096 (order: 2, 16384 bytes)
Aug 01 00:57:40 witherspoon kernel: TCP: Hash tables configured (established 4096 bind 4096)
Aug 01 00:57:40 witherspoon kernel: UDP hash table entries: 256 (order: 0, 4096 bytes)
Aug 01 00:57:40 witherspoon kernel: UDP-Lite hash table entries: 256 (order: 0, 4096 bytes)
Aug 01 00:57:40 witherspoon kernel: NET: Registered protocol family 1
Aug 01 00:57:40 witherspoon kernel: Trying to unpack rootfs image as initramfs...
Aug 01 00:57:40 witherspoon kernel: Freeing initrd memory: 1548K
Aug 01 00:57:40 witherspoon kernel: workingset: timestamp_bits=30 max_order=17 bucket_order=0
Aug 01 00:57:40 witherspoon kernel: squashfs: version 4.0 (2009/01/31) Phillip Lougher
Aug 01 00:57:40 witherspoon kernel: jffs2: version 2.2. (SUMMARY)  © 2001-2006 Red Hat, Inc.
Aug 01 00:57:40 witherspoon kernel: Block layer SCSI generic (bsg) driver version 0.4 loaded (major 250)
Aug 01 00:57:40 witherspoon kernel: io scheduler noop registered
Aug 01 00:57:40 witherspoon kernel: io scheduler deadline registered
Aug 01 00:57:40 witherspoon kernel: io scheduler cfq registered (default)
Aug 01 00:57:40 witherspoon kernel: ipmi-bt-host 1e789140.ibt: Found bt bmc device
Aug 01 00:57:40 witherspoon kernel: ipmi-bt-host 1e789140.ibt: Using IRQ 22
Aug 01 00:57:40 witherspoon kernel: Serial: 8250/16550 driver, 6 ports, IRQ sharing enabled
Aug 01 00:57:40 witherspoon kernel: 1e783000.serial: ttyS0 at MMIO 0x1e783000 (irq = 23, base_baud = 1500000) is a 16550A
Aug 01 00:57:40 witherspoon kernel: 1e78d000.serial: ttyS1 at MMIO 0x1e78d000 (irq = 24, base_baud = 1500000) is a 16550A
Aug 01 00:57:40 witherspoon kernel: 1e784000.serial: ttyS4 at MMIO 0x1e784000 (irq = 25, base_baud = 1500000) is a 16550A
Aug 01 00:57:40 witherspoon kernel: console [ttyS4] enabled
Aug 01 00:57:40 witherspoon kernel: 1e787000.vuart: ttyS2 at MMIO 0x1e787000 (irq = 22, base_baud = 1500000) is a 16550A
Aug 01 00:57:40 witherspoon kernel: timeriomem_rng 1e6e2078.hwrng: 32bits from 0xf00e2078 @ 1us
Aug 01 00:57:40 witherspoon kernel: random: fast init done
Aug 01 00:57:40 witherspoon kernel: brd: module loaded
Aug 01 00:57:40 witherspoon kernel: loop: module loaded
Aug 01 00:57:40 witherspoon kernel: aspeed-lpc-ctrl 1e789080.lpc-ctrl: Loaded at 0x98000000 (0x04000000)
Aug 01 00:57:40 witherspoon kernel: aspeed-smc 1e620000.flash-controller: Using IRQ 18
Aug 01 00:57:40 witherspoon kernel: aspeed-smc 1e620000.flash-controller: DMA support disabled.
Aug 01 00:57:40 witherspoon kernel: aspeed-smc 1e620000.flash-controller: mx25l25635e (32768 Kbytes)
Aug 01 00:57:40 witherspoon kernel: aspeed-smc 1e620000.flash-controller: CE0 window [ 0x20000000 - 0x22000000 ] 32MB
Aug 01 00:57:40 witherspoon kernel: aspeed-smc 1e620000.flash-controller: CE1 window [ 0x22000000 - 0x2a000000 ] 128MB
Aug 01 00:57:40 witherspoon kernel: 5 ofpart partitions found on MTD device bmc
Aug 01 00:57:40 witherspoon kernel: Creating 5 MTD partitions on "bmc":
Aug 01 00:57:40 witherspoon kernel: 0x000000000000-0x000000060000 : "u-boot"
Aug 01 00:57:40 witherspoon kernel: 0x000000060000-0x000000080000 : "u-boot-env"
Aug 01 00:57:40 witherspoon kernel: 0x000000080000-0x0000004c0000 : "kernel"
Aug 01 00:57:40 witherspoon kernel: random: crng init done
Aug 01 00:57:40 witherspoon kernel: 0x0000004c0000-0x000001c00000 : "rofs"
Aug 01 00:57:40 witherspoon kernel: 0x000001c00000-0x000002000000 : "rwfs"
Aug 01 00:57:40 witherspoon kernel: aspeed-smc 1e620000.flash-controller: mx25l25635e (32768 Kbytes)
Aug 01 00:57:40 witherspoon kernel: aspeed-smc 1e620000.flash-controller: CE1 window [ 0x22000000 - 0x24000000 ] 32MB
Aug 01 00:57:40 witherspoon kernel: aspeed-smc 1e620000.flash-controller: CE2 window [ 0x24000000 - 0x2c000000 ] 128MB
Aug 01 00:57:40 witherspoon kernel: aspeed-smc 1e630000.flash-controller: mx66l1g45g (131072 Kbytes)
Aug 01 00:57:40 witherspoon kernel: aspeed-smc 1e630000.flash-controller: CE0 window resized to 120MB (AST2500 HW quirk)
Aug 01 00:57:40 witherspoon kernel: aspeed-smc 1e630000.flash-controller: CE0 window [ 0x30000000 - 0x37800000 ] 120MB
Aug 01 00:57:40 witherspoon kernel: aspeed-smc 1e630000.flash-controller: CE0 window too small for chip 128MB
Aug 01 00:57:40 witherspoon kernel: aspeed-smc 1e630000.flash-controller: CE1 window [ 0x37800000 - 0x38000000 ] 8MB
Aug 01 00:57:40 witherspoon kernel: libphy: Fixed MDIO Bus: probed
Aug 01 00:57:40 witherspoon kernel: ftgmac100 1e660000.ethernet: Read MAC address 70:e2:84:14:28:a9 from chip
Aug 01 00:57:40 witherspoon kernel: ftgmac100 1e660000.ethernet: Using NCSI interface
Aug 01 00:57:40 witherspoon kernel: ftgmac100 1e660000.ethernet eth0: irq 20, mapped at f0060000
Aug 01 00:57:40 witherspoon kernel: ehci_hcd: USB 2.0 'Enhanced' Host Controller (EHCI) Driver
Aug 01 00:57:40 witherspoon kernel: ehci-platform: EHCI generic platform driver
Aug 01 00:57:40 witherspoon kernel:  fsi0: can't read slave 00:00 -5
Aug 01 00:57:40 witherspoon kernel: i2c /dev entries driver
Aug 01 00:57:40 witherspoon kernel: aspeed-i2c-bus 1e78a0c0.i2c-bus: i2c bus 2 registered, irq 26
Aug 01 00:57:40 witherspoon kernel: aspeed-i2c-bus 1e78a100.i2c-bus: i2c bus 3 registered, irq 27
Aug 01 00:57:40 witherspoon kernel: aspeed-i2c-bus 1e78a140.i2c-bus: i2c bus 4 registered, irq 28
Aug 01 00:57:40 witherspoon kernel: aspeed-i2c-bus 1e78a180.i2c-bus: i2c bus 5 registered, irq 29
Aug 01 00:57:40 witherspoon kernel: aspeed-i2c-bus 1e78a380.i2c-bus: i2c bus 9 registered, irq 30
Aug 01 00:57:40 witherspoon kernel: aspeed-i2c-bus 1e78a3c0.i2c-bus: i2c bus 10 registered, irq 31
Aug 01 00:57:40 witherspoon kernel: rtc-rv8803 11-0032: Voltage low, temperature compensation stopped.
Aug 01 00:57:40 witherspoon kernel: rtc-rv8803 11-0032: rtc core: registered rx8900 as rtc0
Aug 01 00:57:40 witherspoon kernel: at24 11-0051: 8192 byte 24c64 EEPROM, writable, 1 bytes/write
Aug 01 00:57:40 witherspoon kernel: aspeed-i2c-bus 1e78a400.i2c-bus: i2c bus 11 registered, irq 32
Aug 01 00:57:40 witherspoon kernel: aspeed-i2c-bus 1e78a440.i2c-bus: i2c bus 12 registered, irq 33
Aug 01 00:57:40 witherspoon kernel: aspeed-i2c-bus 1e78a480.i2c-bus: i2c bus 13 registered, irq 34
Aug 01 00:57:40 witherspoon kernel: Driver for 1-wire Dallas network protocol.
Aug 01 00:57:40 witherspoon kernel: lm75 9-004a: hwmon0: sensor 'tmp275'
Aug 01 00:57:40 witherspoon kernel: max31785: probe of 3-0052 failed with error -5
Aug 01 00:57:40 witherspoon kernel: ucd9000 11-0064: Device ID UCD90160|2.3.4.0000|110603
Aug 01 00:57:40 witherspoon kernel: leds-pca955x 3-0060: leds-pca955x: Using pca9552 16-bit LED driver at slave address 0x60
Aug 01 00:57:40 witherspoon kernel: leds-pca955x 11-0060: leds-pca955x: Using pca9552 16-bit LED driver at slave address 0x60
Aug 01 00:57:40 witherspoon kernel: leds-pca955x 11-0060: gpios 264...279
Aug 01 00:57:40 witherspoon kernel: usbcore: registered new interface driver usbhid
Aug 01 00:57:40 witherspoon kernel: usbhid: USB HID core driver
Aug 01 00:57:40 witherspoon kernel: dps310 3-0076: iio:device1: sensor 'dps310'
Aug 01 00:57:40 witherspoon kernel: NET: Registered protocol family 10
Aug 01 00:57:40 witherspoon kernel: Segment Routing with IPv6
Aug 01 00:57:40 witherspoon kernel: NET: Registered protocol family 17
Aug 01 00:57:40 witherspoon kernel: 8021q: 802.1Q VLAN Support v1.8
Aug 01 00:57:40 witherspoon kernel: console [netcon0] enabled
Aug 01 00:57:40 witherspoon kernel: netconsole: network logging started
Aug 01 00:57:40 witherspoon kernel: input: gpio-keys as /devices/platform/gpio-keys/input/input0
Aug 01 00:57:40 witherspoon kernel: rtc-rv8803 11-0032: setting system clock to 2017-08-01 00:57:24 UTC (1501549044)
Aug 01 00:57:40 witherspoon kernel: Freeing unused kernel memory: 284K
Aug 01 00:57:40 witherspoon kernel: This architecture does not have kernel memory protection.
Aug 01 00:57:40 witherspoon kernel: jffs2: notice: (525) jffs2_build_xattr_subsystem: complete building xattr subsystem, 0 of xdatum (0 unchecked, 0 orphan) and 0 of xref (0 dead, 0 orphan) found.
Aug 01 00:57:40 witherspoon systemd[1]: Failed to insert module 'autofs4': No such file or directory
Aug 01 00:57:40 witherspoon systemd[1]: systemd 232 running in system mode. (+PAM -AUDIT -SELINUX -IMA -APPARMOR -SMACK +SYSVINIT -UTMP -LIBCRYPTSETUP -GCRYPT -GNUTLS +ACL +XZ -LZ4 -SECCOMP +BLKID -ELFUTILS +KMOD -IDN)
Aug 01 00:57:40 witherspoon systemd[1]: Detected architecture arm.
Aug 01 00:57:40 witherspoon systemd[1]: Set hostname to <witherspoon>.
Aug 01 00:57:40 witherspoon systemd[1]: Reached target Remote File Systems.
Aug 01 00:57:40 witherspoon systemd[1]: Listening on udev Control Socket.
Aug 01 00:57:40 witherspoon systemd[1]: Started Forward Password Requests to Wall Directory Watch.
Aug 01 00:57:40 witherspoon systemd[1]: Listening on Journal Socket.
Aug 01 00:57:40 witherspoon systemd[1]: Listening on Syslog Socket.
Aug 01 00:57:40 witherspoon systemd[1]: Listening on udev Kernel Socket.
Aug 01 00:57:40 witherspoon systemd[1]: Listening on /dev/initctl Compatibility Named Pipe.
Aug 01 00:57:40 witherspoon systemd[1]: Mounting Temporary Directory...
Aug 01 00:57:40 witherspoon systemd[1]: dev-hugepages.mount: Couldn't determine result for ConditionVirtualization=!private-users, assuming failed: No such file or directory
Aug 01 00:57:40 witherspoon systemd[1]: Created slice system-op\x2dreset\x2dchassis\x2drunning.slice.
Aug 01 00:57:40 witherspoon systemd[1]: Created slice system-getty.slice.
Aug 01 00:57:40 witherspoon systemd[1]: Mounting Debug File System...
Aug 01 00:57:40 witherspoon systemd[1]: Starting udev Coldplug all Devices...
Aug 01 00:57:40 witherspoon systemd[1]: Created slice system-op\x2dreset\x2dchassis\x2don.slice.
Aug 01 00:57:40 witherspoon systemd[1]: Created slice system-obmc\x2dled\x2dgroup\x2dstart.slice.
Aug 01 00:57:40 witherspoon systemd[1]: Created slice system-org.openbmc.buttons.reset.slice.
Aug 01 00:57:40 witherspoon systemd[1]: Created slice system-phosphor\x2dreset\x2dhost\x2dcheck.slice.
Aug 01 00:57:40 witherspoon systemd[1]: Created slice system-phosphor\x2dreset\x2dhost\x2drunning.slice.
Aug 01 00:57:40 witherspoon systemd[1]: Created slice system-org.openbmc.buttons.Power.slice.
Aug 01 00:57:40 witherspoon systemd[1]: Starting Journal Service...
Aug 01 00:57:40 witherspoon systemd[1]: Starting Remount Root and Kernel File Systems...
Aug 01 00:57:40 witherspoon systemd[1]: Mounted Debug File System.
Aug 01 00:57:40 witherspoon systemd-journald[652]: Journal started
Aug 01 00:57:40 witherspoon systemd-journald[652]: Runtime journal (/run/log/journal/12c6a00ebfdd479284cf09f39d1bc042) is 0B, max 0B, 0B free.
Aug 01 00:57:40 witherspoon systemd-sysctl[650]: Couldn't write '16' to 'kernel/sysrq', ignoring: No such file or directory
Aug 01 00:57:40 witherspoon systemd-sysctl[650]: Couldn't write 'fq_codel' to 'net/core/default_qdisc', ignoring: No such file or directory
Aug 01 00:57:40 witherspoon systemd[1]: Mounted Temporary Directory.
Aug 01 00:57:41 witherspoon systemd[1]: Started Journal Service.
Aug 01 00:57:41 witherspoon systemd[1]: Started Apply Kernel Variables.
Aug 01 00:57:41 witherspoon systemd[1]: Started Remount Root and Kernel File Systems.
Aug 01 00:57:41 witherspoon systemd[1]: Starting Create System Users...
Aug 01 00:57:41 witherspoon systemd[1]: Starting Flush Journal to Persistent Storage...
Aug 01 00:57:42 witherspoon systemd[1]: Started udev Coldplug all Devices.
Aug 01 00:57:42 witherspoon systemd-journald[652]: Runtime journal (/run/log/journal/12c6a00ebfdd479284cf09f39d1bc042) is 0B, max 0B, 0B free.
Aug 01 00:57:42 witherspoon systemd[1]: Started Flush Journal to Persistent Storage.
Aug 01 00:57:43 witherspoon systemd[1]: Started Create System Users.
Aug 01 00:57:43 witherspoon systemd[1]: Starting Create Static Device Nodes in /dev...
Aug 01 00:57:43 witherspoon systemd[1]: Started Create Static Device Nodes in /dev.
Aug 01 00:57:43 witherspoon systemd[1]: Reached target Local File Systems (Pre).
Aug 01 00:57:43 witherspoon systemd[1]: Mounting /var/volatile...
Aug 01 00:57:43 witherspoon systemd[1]: Starting udev Kernel Device Manager...
Aug 01 00:57:43 witherspoon systemd[1]: Mounted /var/volatile.
Aug 01 00:57:43 witherspoon systemd[1]: Starting Load/Save Random Seed...
Aug 01 00:57:43 witherspoon systemd[1]: Reached target Local File Systems.
Aug 01 00:57:43 witherspoon systemd[1]: Starting Rebuild Journal Catalog...
Aug 01 00:57:43 witherspoon systemd[1]: Starting Create Volatile Files and Directories...
Aug 01 00:57:44 witherspoon systemd[1]: Started Load/Save Random Seed.
Aug 01 00:57:44 witherspoon systemd[1]: Started Rebuild Journal Catalog.
Aug 01 00:57:44 witherspoon systemd[1]: Starting Update is Completed...
Aug 01 00:57:44 witherspoon systemd-tmpfiles[897]: "/var/tmp" already exists and is not a directory.
Aug 01 00:57:44 witherspoon systemd-tmpfiles[897]: "/var/log" already exists and is not a directory.
Aug 01 00:57:44 witherspoon systemd[1]: Started Create Volatile Files and Directories.
Aug 01 00:57:44 witherspoon systemd[1]: Starting Network Time Synchronization...
Aug 01 00:57:44 witherspoon systemd[1]: Starting Run pending postinsts...
Aug 01 00:57:44 witherspoon systemd[1]: Started Update is Completed.
Aug 01 00:57:45 witherspoon run-postinsts[904]: Running postinst /etc/rpm-postinsts/libglib-2.0-0...
Aug 01 00:57:45 witherspoon systemd[1]: Started udev Kernel Device Manager.
Aug 01 00:57:45 witherspoon systemd[1]: Started Network Time Synchronization.
Aug 01 00:57:45 witherspoon systemd[1]: Reached target System Time Synchronized.
Aug 01 00:57:47 witherspoon systemd[1]: Found device /dev/aspeed-lpc-ctrl.
Aug 01 00:57:48 witherspoon systemd[1]: Found device /dev/aspeed-mbox.
Aug 01 00:57:48 witherspoon systemd[1]: Found device /dev/ttyS4.
Aug 01 00:57:48 witherspoon systemd[1]: Found device /dev/ttyVUART0.
Aug 01 00:57:49 witherspoon run-postinsts[904]: rm: can't remove '/etc/rpm-postinsts': Invalid argument
Aug 01 00:57:49 witherspoon run-postinsts[904]:  Removing any system startup links for run-postinsts ...
Aug 01 00:57:50 witherspoon systemctl[945]: Removed /etc/systemd/system/sysinit.target.wants/run-postinsts.service.
Aug 01 00:57:50 witherspoon systemd[1]: Reloading.
Aug 01 00:57:52 witherspoon systemd[1]: Started Run pending postinsts.
Aug 01 00:57:52 witherspoon systemd[1]: Created slice system-xyz.openbmc_project.Hwmon.slice.
Aug 01 00:57:52 witherspoon systemd[1]: Created slice system-xyz.openbmc_project.led.controller.slice.
Aug 01 00:57:52 witherspoon systemd[1]: dev-hugepages.mount: Couldn't determine result for ConditionVirtualization=!private-users, assuming failed: No such file or directory
Aug 01 00:57:52 witherspoon systemd[1]: Reached target System Initialization.
Aug 01 00:57:52 witherspoon systemd[1]: Listening on Avahi mDNS/DNS-SD Stack Activation Socket.
Aug 01 00:57:52 witherspoon systemd[1]: Listening on phosphor-ipmi-net.socket.
Aug 01 00:57:52 witherspoon systemd[1]: Listening on D-Bus System Message Bus Socket.
Aug 01 00:57:52 witherspoon systemd[1]: Listening on Phosphor DBUS Browser socket.
Aug 01 00:57:52 witherspoon systemd[1]: Listening on dropbear.socket.
Aug 01 00:57:52 witherspoon systemd[1]: Listening on Phosphor Webserver socket.
Aug 01 00:57:53 witherspoon systemd[1]: Started Daily Cleanup of Temporary Directories.
Aug 01 00:57:53 witherspoon systemd[1]: Reached target Timers.
Aug 01 00:57:53 witherspoon systemd[1]: Listening on Phosphor Host Console SSH Per-Connection socket.
Aug 01 00:57:53 witherspoon systemd[1]: Reached target Sockets.
Aug 01 00:57:53 witherspoon systemd[1]: Reached target Basic System.
Aug 01 00:57:53 witherspoon systemd[1]: Started Phosphor sysfs LED controller.
Aug 01 00:57:53 witherspoon systemd[1]: Started Phosphor sysfs LED controller.
Aug 01 00:57:53 witherspoon systemd[1]: Starting Attach the PNOR mtd device to UBI...
Aug 01 00:57:53 witherspoon systemd[1]: Starting Phosphor DBus Service Discovery Manager...
Aug 01 00:57:53 witherspoon systemd[1]: Starting Phosphor Download Manager...
Aug 01 00:57:53 witherspoon systemd[1]: Starting Phosphor Network Manager...
Aug 01 00:57:53 witherspoon systemd[1]: Started Phosphor Dump core monitor..
Aug 01 00:57:53 witherspoon systemd[1]: Starting Phosphor Chassis0 Control...
Aug 01 00:57:53 witherspoon systemd[1]: Started Phosphor sysfs LED controller.
Aug 01 00:57:53 witherspoon systemd[1]: Starting Avahi mDNS/DNS-SD Stack...
Aug 01 00:57:53 witherspoon systemd[1]: Starting OpenBMC Software Update Manager...
Aug 01 00:57:54 witherspoon systemd[1]: Started Phosphor sysfs LED controller.
Aug 01 00:57:54 witherspoon systemd[1]: Starting Phosphor Inventory Manager...
Aug 01 00:57:54 witherspoon systemd[1]: Started Phosphor sysfs LED controller.
Aug 01 00:57:54 witherspoon systemd[1]: Started Phosphor MBOX Daemon.
Aug 01 00:57:54 witherspoon systemd[1]: Starting Phosphor Dump Manager...
Aug 01 00:57:54 witherspoon systemd[1]: Starting Clear one time boot overrides...
Aug 01 00:57:54 witherspoon systemd[1]: Started Phosphor sysfs LED controller.
Aug 01 00:57:54 witherspoon systemd[1]: Starting Phosphor User Manager...
Aug 01 00:57:54 witherspoon systemd[1]: Started Phosphor Console Muxer listening on device /dev/ttyVUART0.
Aug 01 00:57:54 witherspoon systemd[1]: Starting Phosphor LED Group Management Daemon...
Aug 01 00:57:54 witherspoon systemd[1]: Started Phosphor sysfs LED controller.
Aug 01 00:57:55 witherspoon kernel: ubi7: default fastmap pool size: 100
Aug 01 00:57:55 witherspoon kernel: ubi7: default fastmap WL pool size: 50
Aug 01 00:57:55 witherspoon kernel: ubi7: attaching mtd7
Aug 01 00:57:55 witherspoon systemd[1]: Started System Logging Service.
Aug 01 00:57:55 witherspoon systemd[1]: Starting Phosphor Log Manager...
Aug 01 00:57:55 witherspoon systemd[1]: Started Phosphor sysfs LED controller.
Aug 01 00:57:55 witherspoon systemd[1]: Starting Phosphor IPMI BT DBus Bridge...
Aug 01 00:57:55 witherspoon systemd[1]: Reached target Containers.
Aug 01 00:57:55 witherspoon systemd[1]: Starting Phosphor Inventory Manager...
Aug 01 00:57:55 witherspoon systemd[1]: Starting Phosphor Settings Daemon...
Aug 01 00:57:55 witherspoon systemd[1]: Starting Phosphor BMC0 Control...
Aug 01 00:57:55 witherspoon systemd[1]: Started Phosphor sysfs LED controller.
Aug 01 00:57:55 witherspoon systemd[1]: Starting Phosphor Sensor Manager...
Aug 01 00:57:55 witherspoon systemd[1]: Started D-Bus System Message Bus.
Aug 01 00:57:55 witherspoon obmc-flash-bios[958]: ubiattach: error!: cannot attach mtd7
Aug 01 00:57:55 witherspoon obmc-flash-bios[958]:            error 22 (Invalid argument)
Aug 01 00:57:56 witherspoon kernel: ubi7: scanning is finished
Aug 01 00:57:56 witherspoon kernel: ubi7 error: ubi_read_volume_table: the layout volume was not found
Aug 01 00:57:56 witherspoon kernel: ubi7 error: ubi_attach_mtd_dev: failed to attach mtd7, error -22
Aug 01 00:57:57 witherspoon obmc-flash-bios[958]: Starting ubiformat /dev/mtd7
Aug 01 00:57:59 witherspoon avahi-daemon[965]: Found user 'avahi' (UID 998) and group 'avahi' (GID 999).
Aug 01 00:57:59 witherspoon avahi-daemon[965]: Successfully dropped root privileges.
Aug 01 00:57:59 witherspoon avahi-daemon[965]: avahi-daemon 0.6.32 starting up.
Aug 01 00:58:05 witherspoon avahi-daemon[965]: Successfully called chroot().
Aug 01 00:58:05 witherspoon avahi-daemon[965]: Successfully dropped remaining capabilities.
Aug 01 00:58:05 witherspoon avahi-daemon[965]: Loading service file /services/obmc_console.service.
Aug 01 00:58:05 witherspoon avahi-daemon[965]: Loading service file /services/phosphor_rest.service.
Aug 01 00:58:05 witherspoon avahi-daemon[965]: Loading service file /services/sftp-ssh.service.
Aug 01 00:58:05 witherspoon avahi-daemon[965]: Loading service file /services/sftp.service.
Aug 01 00:58:05 witherspoon avahi-daemon[965]: Loading service file /services/ssh.service.
Aug 01 00:58:05 witherspoon avahi-daemon[965]: Network interface enumeration completed.
Aug 01 00:58:05 witherspoon avahi-daemon[965]: Server startup complete. Host name is witherspoon.local. Local service cookie is 3522679639.
Aug 01 00:58:05 witherspoon avahi-daemon[965]: Service "witherspoon" (/services/ssh.service) successfully established.
Aug 01 00:58:05 witherspoon avahi-daemon[965]: Service "sftp" (/services/sftp.service) successfully established.
Aug 01 00:58:05 witherspoon avahi-daemon[965]: Service "witherspoon" (/services/sftp-ssh.service) successfully established.
Aug 01 00:58:05 witherspoon avahi-daemon[965]: Service "phosphor_rest" (/services/phosphor_rest.service) successfully established.
Aug 01 00:58:05 witherspoon avahi-daemon[965]: Service "obmc_console" (/services/obmc_console.service) successfully established.
Aug 01 00:58:05 witherspoon systemd[1]: Started Phosphor IPMI BT DBus Bridge.
Aug 01 00:58:05 witherspoon systemd[1]: Started Avahi mDNS/DNS-SD Stack.
Aug 01 00:58:05 witherspoon systemd[1]: Started Phosphor LED Group Management Daemon.
Aug 01 00:58:05 witherspoon systemd[1]: Started Phosphor Inventory Manager.
Aug 01 00:58:06 witherspoon systemd[1]: Started Phosphor Settings Daemon.
Aug 01 00:58:06 witherspoon systemd[1]: Started OpenBMC Software Update Manager.
Aug 01 00:58:06 witherspoon systemd[1]: Starting Network Service...
Aug 01 00:58:06 witherspoon systemd[1]: Started Hardware RNG Entropy Gatherer Daemon.
Aug 01 00:58:07 witherspoon systemd[1]: Starting Phosphor Download Manager...
Aug 01 00:58:07 witherspoon systemd[1]: Started Kernel Logging Service.
Aug 01 00:58:07 witherspoon kernel[1003]: klogd started: BusyBox v1.24.1 (2017-06-16 19:29:08 UTC)
Aug 01 00:58:07 witherspoon kernel[1003]: [    0.000000] Booting Linux on physical CPU 0x0
Aug 01 00:58:07 witherspoon kernel[1003]: [    0.000000] Linux version 4.10.17-44f0dc8ac43162c4f7082884d6cd79400341bf5b (jenkins@openbmc-builder1) (gcc version 6.2.0 (GCC) ) #1 Mon Jul 31 21:49:27 UTC 2017
Aug 01 00:58:07 witherspoon kernel[1003]: [    0.000000] CPU: ARMv6-compatible processor [410fb767] revision 7 (ARMv7), cr=00c5387d
Aug 01 00:58:07 witherspoon kernel[1003]: [    0.000000] CPU: PIPT / VIPT nonaliasing data cache, VIPT nonaliasing instruction cache
Aug 01 00:58:07 witherspoon kernel[1003]: [    0.000000] OF: fdt:Machine model: Witherspoon BMC
Aug 01 00:58:07 witherspoon kernel[1003]: [    0.000000] Memory policy: Data cache writeback
Aug 01 00:58:07 witherspoon kernel[1003]: [    0.000000] SOC Rev: 04030303
Aug 01 00:58:07 witherspoon kernel[1003]: [    0.000000] On node 0 totalpages: 110592
Aug 01 00:58:07 witherspoon kernel[1003]: [    0.000000] free_area_init_node: node 0, pgdat 805ff5e4, node_mem_map 9ec1a000
Aug 01 00:58:07 witherspoon kernel[1003]: [    0.000000]   Normal zone: 992 pages used for memmap
Aug 01 00:58:07 witherspoon kernel[1003]: [    0.000000]   Normal zone: 0 pages reserved
Aug 01 00:58:07 witherspoon kernel[1003]: [    0.000000]   Normal zone: 110592 pages, LIFO batch:31
Aug 01 00:58:07 witherspoon kernel[1003]: [    0.000000] pcpu-alloc: s0 r0 d32768 u32768 alloc=1*32768
Aug 01 00:58:07 witherspoon systemd[1]: Started Clear one time boot overrides.
Aug 01 00:58:07 witherspoon kernel[1003]: [    0.000000] pcpu-alloc: [0] 0
Aug 01 00:58:07 witherspoon systemd[1]: Started Phosphor BMC0 Control.
Aug 01 00:58:07 witherspoon kernel[1003]: [    0.000000] Built 1 zonelists in Zone order, mobility grouping on.  Total pages: 109600
Aug 01 00:58:07 witherspoon kernel[1003]: [    0.000000] Kernel command line: console=ttyS4,115200n8 root=/dev/ram rw
Aug 01 00:58:07 witherspoon kernel[1003]: [    0.000000] PID hash table entries: 2048 (order: 1, 8192 bytes)
Aug 01 00:58:07 witherspoon kernel[1003]: [    0.000000] Dentry cache hash table entries: 65536 (order: 6, 262144 bytes)
Aug 01 00:58:07 witherspoon kernel[1003]: [    0.000000] Inode-cache hash table entries: 32768 (order: 5, 131072 bytes)
Aug 01 00:58:07 witherspoon kernel[1003]: [    0.000000] Memory: 430436K/442368K available (4065K kernel code, 280K rwdata, 1192K rodata, 284K init, 111K bss, 11932K reserved, 0K cma-reserved)
Aug 01 00:58:07 witherspoon kernel[1003]: [    0.000000] Virtual kernel memory layout:
Aug 01 00:58:07 witherspoon kernel[1003]: [    0.000000]     vector  : 0xffff0000 - 0xffff1000   (   4 kB)
Aug 01 00:58:07 witherspoon kernel[1003]: [    0.000000]     fixmap  : 0xffc00000 - 0xfff00000   (3072 kB)
Aug 01 00:58:07 witherspoon kernel[1003]: [    0.000000]     vmalloc : 0x9f800000 - 0xff800000   (1536 MB)
Aug 01 00:58:07 witherspoon kernel[1003]: [    0.000000]     lowmem  : 0x80000000 - 0x9f000000   ( 496 MB)
Aug 01 00:58:07 witherspoon kernel[1003]: [    0.000000]       .text : 0x80008000 - 0x804007a0   (4066 kB)
Aug 01 00:58:07 witherspoon kernel[1003]: [    0.000000]       .init : 0x80585000 - 0x805cc000   ( 284 kB)
Aug 01 00:58:07 witherspoon kernel[1003]: [    0.000000]       .data : 0x805cc000 - 0x80612358   ( 281 kB)
Aug 01 00:58:07 witherspoon kernel[1003]: [    0.000000]        .bss : 0x80612358 - 0x8062e1f8   ( 112 kB)
Aug 01 00:58:07 witherspoon kernel[1003]: [    0.000000] NR_IRQS:16 nr_irqs:16 16
Aug 01 00:58:07 witherspoon kernel[1003]: [    0.000000] i2c controller registered, irq 16
Aug 01 00:58:07 witherspoon kernel[1003]: [    0.000000] clocksource: moxart_timer: mask: 0xffffffff max_cycles: 0xffffffff, max_idle_ns: 77222644334 ns
Aug 01 00:58:07 witherspoon kernel[1003]: [    0.000000] sched_clock: 32 bits at 100 Hz, resolution 10000000ns, wraps every 21474836475000000ns
Aug 01 00:58:07 witherspoon kernel[1003]: [    0.090000] Calibrating delay loop... 789.70 BogoMIPS (lpj=3948544)
Aug 01 00:58:07 witherspoon kernel[1003]: [    0.090000] pid_max: default: 32768 minimum: 301
Aug 01 00:58:07 witherspoon kernel[1003]: [    0.090000] Mount-cache hash table entries: 1024 (order: 0, 4096 bytes)
Aug 01 00:58:07 witherspoon kernel[1003]: [    0.090000] Mountpoint-cache hash table entries: 1024 (order: 0, 4096 bytes)
Aug 01 00:58:07 witherspoon kernel[1003]: [    0.090000] CPU: Testing write buffer coherency: ok
Aug 01 00:58:07 witherspoon kernel[1003]: [    0.090000] ftrace: allocating 14932 entries in 44 pages
Aug 01 00:58:07 witherspoon kernel[1003]: [    0.120000] Setting up static identity map for 0x80008200 - 0x8000825c
Aug 01 00:58:07 witherspoon kernel[1003]: [    0.120000] devtmpfs: initialized
Aug 01 00:58:07 witherspoon kernel[1003]: [    0.140000] clocksource: jiffies: mask: 0xffffffff max_cycles: 0xffffffff, max_idle_ns: 19112604462750000 ns
Aug 01 00:58:07 witherspoon kernel[1003]: [    0.140000] futex hash table entries: 256 (order: -1, 3072 bytes)
Aug 01 00:58:07 witherspoon kernel[1003]: [    0.140000] pinctrl core: initialized pinctrl subsystem
Aug 01 00:58:07 witherspoon kernel[1003]: [    0.140000] NET: Registered protocol family 16
Aug 01 00:58:07 witherspoon kernel[1003]: [    0.140000] DMA: preallocated 256 KiB pool for atomic coherent allocations
Aug 01 00:58:07 witherspoon kernel[1003]: [    0.210000] usbcore: registered new interface driver usbfs
Aug 01 00:58:07 witherspoon kernel[1003]: [    0.210000] usbcore: registered new interface driver hub
Aug 01 00:58:07 witherspoon kernel[1003]: [    0.210000] usbcore: registered new device driver usb
Aug 01 00:58:07 witherspoon kernel[1003]: [    0.210000] clocksource: Switched to clocksource moxart_timer
Aug 01 00:58:07 witherspoon kernel[1003]: [    0.220000] NET: Registered protocol family 2
Aug 01 00:58:07 witherspoon kernel[1003]: [    0.220000] TCP established hash table entries: 4096 (order: 2, 16384 bytes)
Aug 01 00:58:07 witherspoon kernel[1003]: [    0.220000] TCP bind hash table entries: 4096 (order: 2, 16384 bytes)
Aug 01 00:58:07 witherspoon kernel[1003]: [    0.220000] TCP: Hash tables configured (established 4096 bind 4096)
Aug 01 00:58:07 witherspoon kernel[1003]: [    0.220000] UDP hash table entries: 256 (order: 0, 4096 bytes)
Aug 01 00:58:07 witherspoon kernel[1003]: [    0.220000] UDP-Lite hash table entries: 256 (order: 0, 4096 bytes)
Aug 01 00:58:07 witherspoon kernel[1003]: [    0.220000] NET: Registered protocol family 1
Aug 01 00:58:07 witherspoon kernel[1003]: [    0.220000] Trying to unpack rootfs image as initramfs...
Aug 01 00:58:07 witherspoon kernel[1003]: [    1.900000] Freeing initrd memory: 1548K
Aug 01 00:58:07 witherspoon kernel[1003]: [    1.900000] workingset: timestamp_bits=30 max_order=17 bucket_order=0
Aug 01 00:58:07 witherspoon kernel[1003]: [    1.900000] squashfs: version 4.0 (2009/01/31) Phillip Lougher
Aug 01 00:58:07 witherspoon kernel[1003]: [    1.900000] jffs2: version 2.2. (SUMMARY)  © 2001-2006 Red Hat, Inc.
Aug 01 00:58:07 witherspoon kernel[1003]: [    1.900000] Block layer SCSI generic (bsg) driver version 0.4 loaded (major 250)
Aug 01 00:58:07 witherspoon kernel[1003]: [    1.900000] io scheduler noop registered
Aug 01 00:58:07 witherspoon kernel[1003]: [    1.900000] io scheduler deadline registered
Aug 01 00:58:07 witherspoon kernel[1003]: [    1.900000] io scheduler cfq registered (default)
Aug 01 00:58:07 witherspoon kernel[1003]: [    2.050000] ipmi-bt-host 1e789140.ibt: Found bt bmc device
Aug 01 00:58:07 witherspoon kernel[1003]: [    2.050000] ipmi-bt-host 1e789140.ibt: Using IRQ 22
Aug 01 00:58:07 witherspoon kernel[1003]: [    2.050000] Serial: 8250/16550 driver, 6 ports, IRQ sharing enabled
Aug 01 00:58:07 witherspoon kernel[1003]: [    2.050000] 1e783000.serial: ttyS0 at MMIO 0x1e783000 (irq = 23, base_baud = 1500000) is a 16550A
Aug 01 00:58:07 witherspoon kernel[1003]: [    2.050000] 1e78d000.serial: ttyS1 at MMIO 0x1e78d000 (irq = 24, base_baud = 1500000) is a 16550A
Aug 01 00:58:07 witherspoon kernel[1003]: [    2.050000] 1e784000.serial: ttyS4 at MMIO 0x1e784000 (irq = 25, base_baud = 1500000) is a 16550A
Aug 01 00:58:07 witherspoon kernel[1003]: [    2.400000] console [ttyS4] enabled
Aug 01 00:58:07 witherspoon kernel[1003]: [    2.400000] 1e787000.vuart: ttyS2 at MMIO 0x1e787000 (irq = 22, base_baud = 1500000) is a 16550A
Aug 01 00:58:07 witherspoon kernel[1003]: [    2.590000] timeriomem_rng 1e6e2078.hwrng: 32bits from 0xf00e2078 @ 1us
Aug 01 00:58:07 witherspoon kernel[1003]: [    2.600000] random: fast init done
Aug 01 00:58:07 witherspoon kernel[1003]: [    2.640000] brd: module loaded
Aug 01 00:58:07 witherspoon kernel[1003]: [    2.670000] loop: module loaded
Aug 01 00:58:07 witherspoon kernel[1003]: [    2.670000] aspeed-lpc-ctrl 1e789080.lpc-ctrl: Loaded at 0x98000000 (0x04000000)
Aug 01 00:58:07 witherspoon kernel[1003]: [    2.680000] aspeed-smc 1e620000.flash-controller: Using IRQ 18
Aug 01 00:58:07 witherspoon kernel[1003]: [    2.680000] aspeed-smc 1e620000.flash-controller: DMA support disabled.
Aug 01 00:58:07 witherspoon kernel[1003]: [    2.700000] aspeed-smc 1e620000.flash-controller: mx25l25635e (32768 Kbytes)
Aug 01 00:58:07 witherspoon kernel[1003]: [    2.700000] aspeed-smc 1e620000.flash-controller: CE0 window [ 0x20000000 - 0x22000000 ] 32MB
Aug 01 00:58:07 witherspoon kernel[1003]: [    2.700000] aspeed-smc 1e620000.flash-controller: CE1 window [ 0x22000000 - 0x2a000000 ] 128MB
Aug 01 00:58:07 witherspoon kernel[1003]: [    2.700000] 5 ofpart partitions found on MTD device bmc
Aug 01 00:58:07 witherspoon kernel[1003]: [    2.730000] Creating 5 MTD partitions on "bmc":
Aug 01 00:58:07 witherspoon kernel[1003]: [    2.740000] 0x000000000000-0x000000060000 : "u-boot"
Aug 01 00:58:07 witherspoon kernel[1003]: [    2.740000] 0x000000060000-0x000000080000 : "u-boot-env"
Aug 01 00:58:07 witherspoon kernel[1003]: [    2.760000] 0x000000080000-0x0000004c0000 : "kernel"
Aug 01 00:58:07 witherspoon kernel[1003]: [    2.760000] random: crng init done
Aug 01 00:58:07 witherspoon kernel[1003]: [    2.770000] 0x0000004c0000-0x000001c00000 : "rofs"
Aug 01 00:58:07 witherspoon kernel[1003]: [    2.770000] 0x000001c00000-0x000002000000 : "rwfs"
Aug 01 00:58:07 witherspoon kernel[1003]: [    2.790000] aspeed-smc 1e620000.flash-controller: mx25l25635e (32768 Kbytes)
Aug 01 00:58:07 witherspoon kernel[1003]: [    2.800000] aspeed-smc 1e620000.flash-controller: CE1 window [ 0x22000000 - 0x24000000 ] 32MB
Aug 01 00:58:07 witherspoon kernel[1003]: [    2.800000] aspeed-smc 1e620000.flash-controller: CE2 window [ 0x24000000 - 0x2c000000 ] 128MB
Aug 01 00:58:07 witherspoon kernel[1003]: [    2.820000] aspeed-smc 1e630000.flash-controller: mx66l1g45g (131072 Kbytes)
Aug 01 00:58:07 witherspoon kernel[1003]: [    2.830000] aspeed-smc 1e630000.flash-controller: CE0 window resized to 120MB (AST2500 HW quirk)
Aug 01 00:58:07 witherspoon kernel[1003]: [    2.830000] aspeed-smc 1e630000.flash-controller: CE0 window [ 0x30000000 - 0x37800000 ] 120MB
Aug 01 00:58:07 witherspoon kernel[1003]: [    2.850000] aspeed-smc 1e630000.flash-controller: CE0 window too small for chip 128MB
Aug 01 00:58:07 witherspoon kernel[1003]: [    2.850000] aspeed-smc 1e630000.flash-controller: CE1 window [ 0x37800000 - 0x38000000 ] 8MB
Aug 01 00:58:07 witherspoon kernel[1003]: [    3.570000] libphy: Fixed MDIO Bus: probed
Aug 01 00:58:07 witherspoon kernel[1003]: [    3.570000] ftgmac100 1e660000.ethernet: Read MAC address 70:e2:84:14:28:a9 from chip
Aug 01 00:58:07 witherspoon kernel[1003]: [    3.570000] ftgmac100 1e660000.ethernet: Using NCSI interface
Aug 01 00:58:07 witherspoon kernel[1003]: [    3.570000] ftgmac100 1e660000.ethernet eth0: irq 20, mapped at f0060000
Aug 01 00:58:07 witherspoon kernel[1003]: [    3.570000] ehci_hcd: USB 2.0 'Enhanced' Host Controller (EHCI) Driver
Aug 01 00:58:07 witherspoon kernel[1003]: [    3.670000] ehci-platform: EHCI generic platform driver
Aug 01 00:58:07 witherspoon kernel[1003]: [    3.830000]  fsi0: can't read slave 00:00 -5
Aug 01 00:58:07 witherspoon kernel[1003]: [    3.830000] i2c /dev entries driver
Aug 01 00:58:07 witherspoon kernel[1003]: [    3.830000] aspeed-i2c-bus 1e78a0c0.i2c-bus: i2c bus 2 registered, irq 26
Aug 01 00:58:07 witherspoon kernel[1003]: [    3.830000] aspeed-i2c-bus 1e78a100.i2c-bus: i2c bus 3 registered, irq 27
Aug 01 00:58:07 witherspoon kernel[1003]: [    3.830000] aspeed-i2c-bus 1e78a140.i2c-bus: i2c bus 4 registered, irq 28
Aug 01 00:58:07 witherspoon kernel[1003]: [    3.830000] aspeed-i2c-bus 1e78a180.i2c-bus: i2c bus 5 registered, irq 29
Aug 01 00:58:07 witherspoon kernel[1003]: [    3.830000] aspeed-i2c-bus 1e78a380.i2c-bus: i2c bus 9 registered, irq 30
Aug 01 00:58:07 witherspoon kernel[1003]: [    3.830000] aspeed-i2c-bus 1e78a3c0.i2c-bus: i2c bus 10 registered, irq 31
Aug 01 00:58:07 witherspoon kernel[1003]: [    3.830000] rtc-rv8803 11-0032: Voltage low, temperature compensation stopped.
Aug 01 00:58:07 witherspoon kernel[1003]: [    3.930000] rtc-rv8803 11-0032: rtc core: registered rx8900 as rtc0
Aug 01 00:58:07 witherspoon kernel[1003]: [    3.940000] at24 11-0051: 8192 byte 24c64 EEPROM, writable, 1 bytes/write
Aug 01 00:58:07 witherspoon kernel[1003]: [    3.940000] aspeed-i2c-bus 1e78a400.i2c-bus: i2c bus 11 registered, irq 32
Aug 01 00:58:07 witherspoon kernel[1003]: [    3.940000] aspeed-i2c-bus 1e78a440.i2c-bus: i2c bus 12 registered, irq 33
Aug 01 00:58:07 witherspoon kernel[1003]: [    3.940000] aspeed-i2c-bus 1e78a480.i2c-bus: i2c bus 13 registered, irq 34
Aug 01 00:58:07 witherspoon kernel[1003]: [    3.940000] Driver for 1-wire Dallas network protocol.
Aug 01 00:58:07 witherspoon kernel[1003]: [    3.940000] lm75 9-004a: hwmon0: sensor 'tmp275'
Aug 01 00:58:07 witherspoon kernel[1003]: [    4.410000] max31785: probe of 3-0052 failed with error -5
Aug 01 00:58:07 witherspoon kernel[1003]: [    4.420000] ucd9000 11-0064: Device ID UCD90160|2.3.4.0000|110603
Aug 01 00:58:07 witherspoon kernel[1003]: [    4.750000] leds-pca955x 3-0060: leds-pca955x: Using pca9552 16-bit LED driver at slave address 0x60
Aug 01 00:58:07 witherspoon kernel[1003]: [    4.770000] leds-pca955x 11-0060: leds-pca955x: Using pca9552 16-bit LED driver at slave address 0x60
Aug 01 00:58:07 witherspoon kernel[1003]: [    4.790000] leds-pca955x 11-0060: gpios 264...279
Aug 01 00:58:07 witherspoon kernel[1003]: [    4.790000] usbcore: registered new interface driver usbhid
Aug 01 00:58:07 witherspoon kernel[1003]: [    4.800000] usbhid: USB HID core driver
Aug 01 00:58:07 witherspoon kernel[1003]: [    4.830000] dps310 3-0076: iio:device1: sensor 'dps310'
Aug 01 00:58:07 witherspoon kernel[1003]: [    4.830000] NET: Registered protocol family 10
Aug 01 00:58:07 witherspoon kernel[1003]: [    4.840000] Segment Routing with IPv6
Aug 01 00:58:07 witherspoon kernel[1003]: [    4.840000] NET: Registered protocol family 17
Aug 01 00:58:07 witherspoon kernel[1003]: [    4.840000] 8021q: 802.1Q VLAN Support v1.8
Aug 01 00:58:07 witherspoon kernel[1003]: [    4.860000] console [netcon0] enabled
Aug 01 00:58:07 witherspoon kernel[1003]: [    4.860000] netconsole: network logging started
Aug 01 00:58:07 witherspoon kernel[1003]: [    4.860000] input: gpio-keys as /devices/platform/gpio-keys/input/input0
Aug 01 00:58:07 witherspoon kernel[1003]: [    4.860000] rtc-rv8803 11-0032: setting system clock to 2017-08-01 00:57:24 UTC (1501549044)
Aug 01 00:58:07 witherspoon kernel[1003]: [    4.860000] Freeing unused kernel memory: 284K
Aug 01 00:58:07 witherspoon kernel[1003]: [    4.860000] This architecture does not have kernel memory protection.
Aug 01 00:58:07 witherspoon kernel[1003]: [    6.400000] jffs2: notice: (525) jffs2_build_xattr_subsystem: complete building xattr subsystem, 0 of xdatum (0 unchecked, 0 orphan) and 0 of xref (0 dead, 0 orphan) found.
Aug 01 00:58:07 witherspoon kernel[1003]: [    8.580000] systemd[1]: Failed to insert module 'autofs4': No such file or directory
Aug 01 00:58:07 witherspoon kernel[1003]: [    8.780000] systemd[1]: systemd 232 running in system mode. (+PAM -AUDIT -SELINUX -IMA -APPARMOR -SMACK +SYSVINIT -UTMP -LIBCRYPTSETUP -GCRYPT -GNUTLS +ACL +XZ -LZ4 -SECCOMP +BLKID -ELFUTILS +KMOD -IDN)
Aug 01 00:58:07 witherspoon kernel[1003]: [    8.780000] systemd[1]: Detected architecture arm.
Aug 01 00:58:07 witherspoon kernel[1003]: [    8.940000] systemd[1]: Set hostname to <witherspoon>.
Aug 01 00:58:07 witherspoon kernel[1003]: [   10.520000] systemd[1]: Reached target Remote File Systems.
Aug 01 00:58:07 witherspoon kernel[1003]: [   10.670000] systemd[1]: Listening on udev Control Socket.
Aug 01 00:58:07 witherspoon kernel[1003]: [   10.830000] systemd[1]: Started Forward Password Requests to Wall Directory Watch.
Aug 01 00:58:07 witherspoon kernel[1003]: [   10.990000] systemd[1]: Listening on Journal Socket.
Aug 01 00:58:07 witherspoon kernel[1003]: [   11.160000] systemd[1]: Listening on Syslog Socket.
Aug 01 00:58:07 witherspoon kernel[1003]: [   11.340000] systemd[1]: Listening on udev Kernel Socket.
Aug 01 00:58:07 witherspoon kernel[1003]: [   11.520000] systemd[1]: Listening on /dev/initctl Compatibility Named Pipe.
Aug 01 00:58:07 witherspoon kernel[1003]: [   13.980000] systemd[1]: Mounting Temporary Directory...
Aug 01 00:58:07 witherspoon kernel[1003]: [   14.240000] systemd[1]: dev-hugepages.mount: Couldn't determine result for ConditionVirtualization=!private-users, assuming failed: No such file or directory
Aug 01 00:58:07 witherspoon kernel[1003]: [   14.240000] systemd[1]: Created slice system-op\x2dreset\x2dchassis\x2drunning.slice.
Aug 01 00:58:07 witherspoon kernel[1003]: [   14.510000] systemd[1]: Created slice system-getty.slice.
Aug 01 00:58:07 witherspoon kernel[1003]: [   14.790000] systemd[1]: Mounting Debug File System...
Aug 01 00:58:07 witherspoon kernel[1003]: [   15.070000] systemd[1]: Starting udev Coldplug all Devices...
Aug 01 00:58:07 witherspoon kernel[1003]: [   15.360000] systemd[1]: Created slice system-op\x2dreset\x2dchassis\x2don.slice.
Aug 01 00:58:07 witherspoon kernel[1003]: [   15.660000] systemd[1]: Created slice system-obmc\x2dled\x2dgroup\x2dstart.slice.
Aug 01 00:58:07 witherspoon kernel[1003]: [   15.960000] systemd[1]: Created slice system-org.openbmc.buttons.reset.slice.
Aug 01 00:58:07 witherspoon kernel[1003]: [   16.270000] systemd[1]: Created slice system-phosphor\x2dreset\x2dhost\x2dcheck.slice.
Aug 01 00:58:07 witherspoon kernel[1003]: [   18.990000] systemd[1]: Created slice system-phosphor\x2dreset\x2dhost\x2drunning.slice.
Aug 01 00:58:07 witherspoon kernel[1003]: [   19.360000] systemd[1]: Created slice system-org.openbmc.buttons.Power.slice.
Aug 01 00:58:07 witherspoon kernel[1003]: [   19.740000] systemd[1]: Starting Journal Service...
Aug 01 00:58:07 witherspoon kernel[1003]: [   20.120000] systemd[1]: Starting Remount Root and Kernel File Systems...
Aug 01 00:58:07 witherspoon kernel[1003]: [   20.510000] systemd[1]: Mounted Debug File System.
Aug 01 00:58:07 witherspoon kernel[1003]: [   20.910000] systemd[1]: Mounted Temporary Directory.
Aug 01 00:58:07 witherspoon kernel[1003]: [   21.310000] systemd[1]: Started Journal Service.
Aug 01 00:58:07 witherspoon kernel[1003]: [   22.990000] systemd-journald[652]: Received request to flush runtime journal from PID 1
Aug 01 00:58:07 witherspoon kernel[1003]: [   35.230000] ubi7: default fastmap pool size: 100
Aug 01 00:58:07 witherspoon kernel[1003]: [   35.230000] ubi7: default fastmap WL pool size: 50
Aug 01 00:58:07 witherspoon kernel[1003]: [   35.230000] ubi7: attaching mtd7
Aug 01 00:58:07 witherspoon kernel[1003]: [   36.220000] ubi7: scanning is finished
Aug 01 00:58:07 witherspoon kernel[1003]: [   36.220000] ubi7 error: ubi_read_volume_table: the layout volume was not found
Aug 01 00:58:07 witherspoon kernel[1003]: [   36.220000] ubi7 error: ubi_attach_mtd_dev: failed to attach mtd7, error -22
Aug 01 00:58:10 witherspoon systemd[1]: Started Phosphor Log Manager.
Aug 01 00:58:12 witherspoon systemd-networkd[1000]: Could not create runtime directory: File exists
Aug 01 00:58:12 witherspoon systemd-networkd[1000]: Could not create runtime directory 'links': File exists
Aug 01 00:58:12 witherspoon systemd-networkd[1000]: Could not create runtime directory 'leases': File exists
Aug 01 00:58:12 witherspoon systemd[1]: Started Phosphor Download Manager.
Aug 01 00:58:15 witherspoon systemd-networkd[1000]: Enumeration completed
Aug 01 00:58:15 witherspoon systemd[1]: Started Network Service.
Aug 01 00:58:15 witherspoon systemd[1]: Reached target Network.
Aug 01 00:58:15 witherspoon avahi-daemon[965]: Joining mDNS multicast group on interface eth0.IPv4 with address 9.3.21.61.
Aug 01 00:58:15 witherspoon systemd-networkd[1000]: eth0: IPv6 enabled for interface: Success
Aug 01 00:58:15 witherspoon avahi-daemon[965]: New relevant interface eth0.IPv4 for mDNS.
Aug 01 00:58:15 witherspoon systemd[1]: Starting Permit User Sessions...
Aug 01 00:58:15 witherspoon avahi-daemon[965]: Registering new address record for 9.3.21.61 on eth0.IPv4.
Aug 01 00:58:15 witherspoon systemd-networkd[1000]: eth0: Gained carrier
Aug 01 00:58:15 witherspoon systemd-timesyncd[903]: Network configuration changed, trying to establish connection.
Aug 01 00:58:15 witherspoon systemd[1]: Started Lightweight SLP Server.
Aug 01 00:58:15 witherspoon systemd[1]: Started Permit User Sessions.
Aug 01 00:58:15 witherspoon systemd[1]: Started Serial Getty on ttyS4.
Aug 01 00:58:15 witherspoon systemd[1]: Reached target Login Prompts.
Aug 01 00:58:15 witherspoon systemd[1]: Started Phosphor Dump Manager.
Aug 01 00:58:16 witherspoon avahi-daemon[965]: Joining mDNS multicast group on interface eth0.IPv6 with address fe80::72e2:84ff:fe14:28a9.
Aug 01 00:58:16 witherspoon systemd-networkd[1000]: eth0: Gained IPv6LL
Aug 01 00:58:16 witherspoon avahi-daemon[965]: New relevant interface eth0.IPv6 for mDNS.
Aug 01 00:58:16 witherspoon avahi-daemon[965]: Registering new address record for fe80::72e2:84ff:fe14:28a9 on eth0.*.
Aug 01 00:58:18 witherspoon kernel: ftgmac100 1e660000.ethernet eth0: NCSI interface up
Aug 01 00:58:18 witherspoon kernel[1003]: [   58.910000] ftgmac100 1e660000.ethernet eth0: NCSI interface up
Aug 01 00:58:22 witherspoon systemd[1]: Created slice system-dropbear.slice.
Aug 01 00:58:22 witherspoon systemd[1]: Started SSH Per-Connection Server (9.41.165.94:46402).
Aug 01 00:58:24 witherspoon download_manager.py[960]: Running Download Manager
Aug 01 00:58:24 witherspoon systemd[1]: Started Phosphor Download Manager.
Aug 01 00:58:24 witherspoon chassis_control.py[963]: Running ChassisControlService
Aug 01 00:58:24 witherspoon systemd[1]: Started Phosphor Chassis0 Control.
Aug 01 00:58:25 witherspoon sensor_manager2.py[990]: Setting boot count to 3
Aug 01 00:58:25 witherspoon systemd[1]: Started Phosphor Sensor Manager.
Aug 01 00:58:25 witherspoon sensor_manager2.py[990]: Starting sensor manager
Aug 01 00:58:26 witherspoon phosphor-mapper[959]: ObjectMapper startup complete.  Discovery in progress...
Aug 01 00:58:26 witherspoon avahi-daemon[996]: ../../avahi-0.6.32/avahi-daemon/chroot.c: open() failed: No such file or directory
Aug 01 00:58:26 witherspoon avahi-daemon[965]: Failed to open /usr/share/dbus-1/interfaces/org.freedesktop.Avahi.Server.xml: Invalid argument
Aug 01 00:58:26 witherspoon avahi-daemon[965]: Failed to load introspection data.
Aug 01 00:58:29 witherspoon systemd-networkd[1000]: eth0: Configured
Aug 01 00:58:29 witherspoon systemd-timesyncd[903]: Network configuration changed, trying to establish connection.
Aug 01 00:58:30 witherspoon inventory_items.py[969]: Loading from cache: /var/cache/obmc/org.openbmc.inventory.system.chassis.motherboard.apss@org.openbmc.InventoryItem.props
Aug 01 00:58:30 witherspoon inventory_items.py[969]: Loading from cache: /var/cache/obmc/org.openbmc.inventory.system.chassis.motherboard@org.openbmc.InventoryItem.props
Aug 01 00:58:30 witherspoon inventory_items.py[969]: Loading from cache: /var/cache/obmc/org.openbmc.inventory.system.chassis.motherboard.refclock@org.openbmc.InventoryItem.props
Aug 01 00:58:30 witherspoon inventory_items.py[969]: Loading from cache: /var/cache/obmc/org.openbmc.inventory.system.chassis.motherboard.todclock@org.openbmc.InventoryItem.props
Aug 01 00:58:30 witherspoon inventory_items.py[969]: Loading from cache: /var/cache/obmc/org.openbmc.inventory.system.chassis.motherboard.bmc@org.openbmc.InventoryItem.props
Aug 01 00:58:30 witherspoon inventory_items.py[969]: Caching: /org/openbmc/inventory/system/chassis/motherboard/bmc
Aug 01 00:58:30 witherspoon inventory_items.py[969]: Loading from cache: /var/cache/obmc/org.openbmc.inventory.system.chassis.motherboard.pcieclock@org.openbmc.InventoryItem.props
Aug 01 00:58:31 witherspoon inventory_items.py[969]: Running Inventory Manager
Aug 01 00:58:31 witherspoon systemd[1]: Started Phosphor Inventory Manager.
Aug 01 00:58:31 witherspoon dropbear[1010]: Failed loading /etc/dropbear/dropbear_dss_host_key
Aug 01 00:58:31 witherspoon dropbear[1010]: Failed loading /etc/dropbear/dropbear_ecdsa_host_key
Aug 01 00:58:31 witherspoon dropbear[1010]: Child connection from ::ffff:9.41.165.94:46402
Aug 01 00:58:33 witherspoon dropbear[1010]: PAM password auth succeeded for 'root' from ::ffff:9.41.165.94:46402
Aug 01 00:58:34 witherspoon dropbear[1012]: lastlog_perform_login: Couldn't stat /var/log/lastlog: No such file or directory
Aug 01 00:58:34 witherspoon dropbear[1012]: lastlog_openseek: /var/log/lastlog is not a file or directory!
Aug 01 00:58:37 witherspoon systemd[1]: Started Phosphor User Manager.
Aug 01 00:58:37 witherspoon obmc-phosphor-userd[975]: Started
Aug 01 00:58:41 witherspoon netman.py[961]: Started
Aug 01 00:58:41 witherspoon systemd[1]: Started Phosphor Network Manager.
Aug 01 00:58:44 witherspoon phosphor-mapper[959]: ObjectMapper discovery complete
Aug 01 00:58:44 witherspoon systemd[1]: Started Phosphor DBus Service Discovery Manager.
Aug 01 00:58:44 witherspoon systemd[1]: Started Phosphor Hwmon Poller.
Aug 01 00:58:44 witherspoon systemd[1]: Started Phosphor Hwmon Poller.
Aug 01 00:58:44 witherspoon systemd[1]: Started Phosphor Hwmon Poller.
Aug 01 00:58:44 witherspoon systemd[1]: Started Phosphor Hwmon Poller.
Aug 01 00:58:44 witherspoon systemd[1]: Reached target Phosphor Object Mapper.
Aug 01 00:58:44 witherspoon systemd[1]: Starting Wait for /xyz/openbmc_project/control/host0...
Aug 01 00:58:44 witherspoon systemd[1]: Reached target Webserver (pre).
Aug 01 00:58:44 witherspoon systemd[1]: Started Phosphor Webserver.
Aug 01 00:58:44 witherspoon systemd[1]: Starting Wait for /org/openbmc/control/power0...
Aug 01 00:58:44 witherspoon systemd[1]: Starting Phosphor Settings Manager...
Aug 01 00:58:44 witherspoon systemd[1]: Starting Wait for /org/openbmc/managers/Download...
Aug 01 00:58:44 witherspoon systemd[1]: Starting Wait for /org/openbmc/control/bmc0...
Aug 01 00:58:44 witherspoon systemd[1]: Started Phosphor DBus Monitor.
Aug 01 00:58:44 witherspoon systemd[1]: Starting Wait for /xyz/openbmc_project/inventory...
Aug 01 00:58:44 witherspoon systemd[1]: Starting Wait for /org/openbmc/managers/System...
Aug 01 00:58:44 witherspoon systemd[1]: Starting Wait for /xyz/openbmc_project/state/host0...
Aug 01 00:58:44 witherspoon systemd[1]: Starting Phoshpor System Manager...
Aug 01 00:58:44 witherspoon systemd[1]: Starting Wait for /xyz/openbmc_project/led/groups...
Aug 01 00:58:44 witherspoon systemd[1]: Starting Phosphor Network Manager...
Aug 01 00:58:44 witherspoon systemd[1]: Starting Wait for /org/openbmc/control/flash/bios...
Aug 01 00:58:44 witherspoon systemd[1]: Starting Wait for /org/openbmc/NetworkManager/Interface...
Aug 01 00:58:44 witherspoon systemd[1]: Starting Wait for /xyz/openbmc_project/led/groups/bmc_booted...
Aug 01 00:58:45 witherspoon systemd[1]: Starting Wait for /xyz/openbmc_project/state/chassis0...
Aug 01 00:58:45 witherspoon systemd[1]: Started Phosphor Hwmon Poller.
Aug 01 00:58:51 witherspoon phosphor-network-manager[1034]: ConfigParser: Section not found
Aug 01 00:58:51 witherspoon phosphor-network-manager[1034]: The operation failed internally.
Aug 01 00:58:52 witherspoon systemd[1]: Started Wait for /org/openbmc/managers/Download.
Aug 01 00:58:52 witherspoon systemd[1]: Starting Phosphor BIOS Code Update...
Aug 01 00:58:52 witherspoon systemd[1]: Started Wait for /org/openbmc/control/bmc0.
Aug 01 00:58:52 witherspoon systemd[1]: Starting Phosphor BMC Code Update...
Aug 01 00:58:52 witherspoon systemd[1]: Started Wait for /xyz/openbmc_project/inventory.
Aug 01 00:58:52 witherspoon systemd[1]: Starting Read OpenPOWER-format VPD from EEPROM...
Aug 01 00:58:52 witherspoon systemd[1]: Started Phosphor GPIO 0 Presence.
Aug 01 00:58:52 witherspoon systemd[1]: Started Phosphor Cooling Type.
Aug 01 00:58:52 witherspoon systemd[1]: Starting OpenPOWER OCC controller...
Aug 01 00:58:52 witherspoon systemd[1]: Started Phosphor GPIO 1 Presence.
Aug 01 00:58:52 witherspoon systemd[1]: Started Wait for /xyz/openbmc_project/led/groups.
Aug 01 00:58:52 witherspoon systemd[1]: Started FRU Fault monitor service.
Aug 01 00:58:52 witherspoon systemd[1]: Started Wait for /org/openbmc/NetworkManager/Interface.
Aug 01 00:58:52 witherspoon systemd[1]: Started Phosphor DNS Settings Cache Manager.
Aug 01 00:58:52 witherspoon systemd[1]: Started Wait for /xyz/openbmc_project/led/groups/bmc_booted.
Aug 01 00:58:52 witherspoon systemd[1]: Starting Assert bmc_booted LED...
Aug 01 00:58:53 witherspoon systemd[1]: Started Phosphor BIOS Code Update.
Aug 01 00:58:56 witherspoon systemd[1]: Started Assert bmc_booted LED.
Aug 01 00:59:00 witherspoon systemd[1]: Started Wait for /org/openbmc/control/flash/bios.
Aug 01 00:59:00 witherspoon systemd[1]: Started Initialize BIOS Flash.
Aug 01 00:59:01 witherspoon phosphor-network-manager[1034]: ConfigParser: Section not found
Aug 01 00:59:01 witherspoon phosphor-network-manager[1034]: The operation failed internally.
Aug 01 00:59:01 witherspoon phosphor-network-manager[1034]: ConfigParser: Key not found
Aug 01 00:59:01 witherspoon phosphor-network-manager[1034]: The operation failed internally.
Aug 01 00:59:02 witherspoon phosphor-gpio-presence[1045]: Updating inventory present property
Aug 01 00:59:02 witherspoon phosphor-log-manager[983]: Failed to find metadata
Aug 01 00:59:03 witherspoon phosphor-fru-fault-monitor[1050]: /xyz/openbmc_project/logging/entry/1
Aug 01 00:59:03 witherspoon phosphor-gpio-presence[1048]: Updating inventory present property
Aug 01 00:59:04 witherspoon dbus[991]: [system] Activating via systemd: service name='org.freedesktop.hostname1' unit='dbus-org.freedesktop.hostname1.service'
Aug 01 00:59:04 witherspoon flash_bios.exe[1040]: Starting flasher: bios,,/org/openbmc/control/flash/bios,
Aug 01 00:59:04 witherspoon flash_bios.exe[1040]: flasher: , BMC = 1, address = 0x0
Aug 01 00:59:04 witherspoon flash_bios.exe[1040]: Setting up flash
Aug 01 00:59:04 witherspoon systemd[1]: Started OpenPOWER OCC controller.
Aug 01 00:59:05 witherspoon systemd[1]: Starting Hostname Service...
Aug 01 00:59:05 witherspoon flash_bios.exe[1040]: Starting flasher: bios,,/org/openbmc/control/flash/bios,
Aug 01 00:59:05 witherspoon flash_bios.exe[1040]: flasher: , BMC = 1, address = 0x0
Aug 01 00:59:05 witherspoon flash_bios.exe[1040]: Setting up flash
Aug 01 00:59:05 witherspoon system_manager.py[1032]: Running System State: BASE_APPS
Aug 01 00:59:05 witherspoon system_manager.py[1032]: SystemManager Init Done
Aug 01 00:59:05 witherspoon systemd[1]: Started Phoshpor System Manager.
Aug 01 00:59:05 witherspoon system_manager.py[1032]: Running SystemManager
Aug 01 00:59:05 witherspoon dbus[991]: [system] Successfully activated service 'org.freedesktop.hostname1'
Aug 01 00:59:05 witherspoon systemd[1]: Started Hostname Service.
Aug 01 00:59:05 witherspoon systemd[1]: Started Phosphor Network Manager.
Aug 01 00:59:06 witherspoon systemd[1]: Started Read OpenPOWER-format VPD from EEPROM.
Aug 01 00:59:07 witherspoon system_manager.py[1032]: SystemManager Goto System State: BMC_STARTING
Aug 01 00:59:07 witherspoon system_manager.py[1032]: Running System State: BMC_STARTING
Aug 01 00:59:07 witherspoon settings_manager.py[1025]: Running HostSettingsService
Aug 01 00:59:07 witherspoon systemd[1]: Started Phosphor Settings Manager.
Aug 01 00:59:07 witherspoon systemd[1]: Starting Wait for /org/openbmc/settings/host0...
Aug 01 00:59:14 witherspoon systemd[1]: Started Phosphor BMC Code Update.
Aug 01 00:59:14 witherspoon bmc_update.py[1042]: Running Bmc Flash Control
Aug 01 00:59:15 witherspoon systemd[1]: Started Wait for /org/openbmc/managers/System.
Aug 01 00:59:15 witherspoon systemd[1]: Starting Phosphor Power0 Control...
Aug 01 00:59:15 witherspoon systemd[1]: Starting Phosphor BMC State Manager...
Aug 01 00:59:15 witherspoon systemd[1]: Starting Phosphor Power Button0...
Aug 01 00:59:15 witherspoon systemd[1]: Starting Phosphor Reset Button0...
Aug 01 00:59:15 witherspoon systemd[1]: Starting Phosphor Chassis State Manager...
Aug 01 00:59:15 witherspoon systemd[1]: Starting Phosphor Host State Manager...
Aug 01 00:59:15 witherspoon systemd[1]: Started Wait for /org/openbmc/settings/host0.
Aug 01 00:59:15 witherspoon systemd[1]: Started Phosphor Inband IPMI.
Aug 01 00:59:16 witherspoon phosphor-bmc-state-manager[1080]: Setting the BMCState field
Aug 01 00:59:16 witherspoon phosphor-bmc-state-manager[1080]: Setting the BMCState field
Aug 01 00:59:16 witherspoon systemd[1]: Started Phosphor BMC State Manager.
Aug 01 00:59:17 witherspoon system_manager.py[1032]: New object: /org/openbmc/control/power0 (:1.73)
Aug 01 00:59:17 witherspoon system_manager.py[1032]: Power GPIO config: ['SYS_PWROK_BUFF', '', [('SOFTWARE_PGOOD', True), ('BMC_POWER_UP', True)], [('BMC_CP0_RESET_N', False)], [], 'FSI_DATA', 'FSI_CLK', 'FSI_ENABLE', 'CRONUS_SEL', []]
Aug 01 00:59:17 witherspoon power_control.exe[1079]: Power GPIO latch output:
Aug 01 00:59:17 witherspoon power_control.exe[1079]: Power GPIO power good input: SYS_PWROK_BUFF
Aug 01 00:59:17 witherspoon power_control.exe[1079]: Power GPIO 2 power_up outputs
Aug 01 00:59:17 witherspoon power_control.exe[1079]: Power GPIO power_up[0] = SOFTWARE_PGOOD active HIGH
Aug 01 00:59:17 witherspoon power_control.exe[1079]: Power GPIO power_up[1] = BMC_POWER_UP active HIGH
Aug 01 00:59:17 witherspoon power_control.exe[1079]: Power GPIO 1 reset outputs
Aug 01 00:59:17 witherspoon power_control.exe[1079]: Power GPIO reset[0] = BMC_CP0_RESET_N active LOW
Aug 01 00:59:17 witherspoon power_control.exe[1079]: Power GPIO 0 pci reset outputs
Aug 01 00:59:17 witherspoon power_control.exe[1079]: FSI DATA GPIO: FSI_DATA
Aug 01 00:59:17 witherspoon power_control.exe[1079]: FSI CLK GPIO: FSI_CLK
Aug 01 00:59:17 witherspoon power_control.exe[1079]: FSI ENABLE GPIO: FSI_ENABLE
Aug 01 00:59:17 witherspoon power_control.exe[1079]: CRONUS SEL GPIO: CRONUS_SEL
Aug 01 00:59:17 witherspoon power_control.exe[1079]: Hostctl GPIO optionals: 0
Aug 01 00:59:17 witherspoon phosphor-chassis-state-manager[1083]: Initial Chassis State will be Off
Aug 01 00:59:18 witherspoon button_reset.exe[1082]: GPIO Lookup:  RESET_BUTTON = 353,both
Aug 01 00:59:18 witherspoon power_control.exe[1079]: GPIO Lookup:  SYS_PWROK_BUFF = 306,in
Aug 01 00:59:17 witherspoon systemd[1]: Started Phosphor Chassis State Manager.
Aug 01 00:59:18 witherspoon systemd[1]: Started Phosphor Reset Button0.
Aug 01 00:59:18 witherspoon power_control.exe[1079]: GPIO Lookup:  SOFTWARE_PGOOD = 417,out
Aug 01 00:59:18 witherspoon button_power.exe[1081]: GPIO Lookup:  POWER_BUTTON = 347,both
Aug 01 00:59:18 witherspoon systemd[1]: Started Phosphor Power Button0.
Aug 01 00:59:18 witherspoon power_control.exe[1079]: GPIO Lookup:  BMC_POWER_UP = 305,out
Aug 01 00:59:18 witherspoon power_control.exe[1079]: GPIO Lookup:  BMC_CP0_RESET_N = 281,out
Aug 01 00:59:18 witherspoon power_control.exe[1079]: Pgood state: 0
Aug 01 00:59:18 witherspoon systemd[1]: Started Phosphor Power0 Control.
Aug 01 00:59:19 witherspoon phosphor-host-state-manager[1084]: Initial Host State will be Off
Aug 01 00:59:21 witherspoon systemd[1]: Started Phosphor Host State Manager.
Aug 01 00:59:28 witherspoon systemd[1]: Started Wait for /xyz/openbmc_project/control/host0.
Aug 01 00:59:28 witherspoon system_manager.py[1032]: SystemManager Goto System State: BMC_READY
Aug 01 00:59:28 witherspoon system_manager.py[1032]: Running System State: BMC_READY
Aug 01 00:59:29 witherspoon systemd[1]: Started Wait for /org/openbmc/control/power0.
Aug 01 00:59:29 witherspoon systemd[1]: Starting Check Chassis0 pgood and create a file to indicate it...
Aug 01 00:59:29 witherspoon systemd[1]: Starting Phosphor Time Manager daemon...
Aug 01 00:59:29 witherspoon timemanager[1112]: Registering dbus methods
Aug 01 00:59:29 witherspoon timemanager[1112]: Last known time_mode: MANUAL
Aug 01 00:59:29 witherspoon timemanager[1112]: Last known time_owner: BMC
Aug 01 00:59:29 witherspoon timemanager[1112]: Empty DhcpNtp string
Aug 01 00:59:29 witherspoon timemanager[1112]: Reading Power Control key: pgood
Aug 01 00:59:29 witherspoon systemd[1]: Started Wait for /xyz/openbmc_project/state/chassis0.
Aug 01 00:59:29 witherspoon timemanager[1112]: Changing settings *allowed* now
Aug 01 00:59:29 witherspoon timemanager[1112]: Getting System Settings: time_mode
Aug 01 00:59:30 witherspoon systemd[1]: Started Check Chassis0 pgood and create a file to indicate it.
Aug 01 00:59:30 witherspoon systemd[1]: Reached target Chassis0 power on after reset.
Aug 01 00:59:30 witherspoon systemd[1]: Reached target Host0 running after reset.
Aug 01 00:59:30 witherspoon systemd[1]: Reached target Host0 (Reset Check).
Aug 01 00:59:30 witherspoon systemd[1]: Reached target Chassis0 (Reset Check).
Aug 01 00:59:30 witherspoon systemd[1]: Started Wait for /xyz/openbmc_project/state/host0.
Aug 01 00:59:30 witherspoon systemd[1]: Starting Reboot If Enabled...
Aug 01 00:59:30 witherspoon timemanager[1112]: Requested_Mode: MANUAL Current_Mode: MANUAL
Aug 01 00:59:30 witherspoon timemanager[1112]: Mode is already set to : MANUAL
Aug 01 00:59:30 witherspoon timemanager[1112]: Getting System Settings: time_owner
Aug 01 00:59:30 witherspoon timemanager[1112]: Owner is already set to : BMC
Aug 01 00:59:30 witherspoon timemanager[1112]: Getting System Settings: use_dhcp_ntp
Aug 01 00:59:30 witherspoon timemanager[1112]: use_dhcp_ntp = yes
Aug 01 00:59:30 witherspoon timemanager[1112]: Last known host_offset:0
Aug 01 00:59:30 witherspoon timemanager[1112]: Initial Uptime Usec: 1501549039616690
Aug 01 00:59:30 witherspoon systemd[1]: Started Phosphor Time Manager daemon.
Aug 01 00:59:32 witherspoon phosphor-discover-system-state[1124]: Host power is off, checking power policy
Aug 01 00:59:32 witherspoon systemd[1]: Started Reboot If Enabled.
Aug 01 00:59:33 witherspoon phosphor-gevent[1023]: Traceback (most recent call last):
Aug 01 00:59:33 witherspoon phosphor-gevent[1023]:   File "/usr/lib/python2.7/site-packages/gevent/greenlet.py", line 327, in run
Aug 01 00:59:33 witherspoon phosphor-gevent[1023]:     result = self._run(*self.args, **self.kwargs)
Aug 01 00:59:33 witherspoon phosphor-gevent[1023]:   File "/usr/lib/python2.7/site-packages/gevent/server.py", line 102, in wrap_socket_and_handle
Aug 01 00:59:33 witherspoon phosphor-gevent[1023]:     ssl_socket = self.wrap_socket(client_socket, **self.ssl_args)
Aug 01 00:59:33 witherspoon phosphor-gevent[1023]:   File "/usr/lib/python2.7/site-packages/gevent/ssl.py", line 404, in wrap_socket
Aug 01 00:59:33 witherspoon phosphor-gevent[1023]:     ciphers=ciphers)
Aug 01 00:59:33 witherspoon phosphor-gevent[1023]:   File "/usr/lib/python2.7/site-packages/gevent/ssl.py", line 113, in __init__
Aug 01 00:59:33 witherspoon phosphor-gevent[1023]:     self.do_handshake()
Aug 01 00:59:33 witherspoon phosphor-gevent[1023]:   File "/usr/lib/python2.7/site-packages/gevent/ssl.py", line 324, in do_handshake
Aug 01 00:59:33 witherspoon phosphor-gevent[1023]:     return self._sslobj.do_handshake()
Aug 01 00:59:33 witherspoon phosphor-gevent[1023]: SSLEOFError: EOF occurred in violation of protocol (_ssl.c:590)
Aug 01 00:59:33 witherspoon phosphor-gevent[1023]: <Greenlet at 0x75fd23f0: <bound method WSGIServer.wrap_socket_and_handle of <WSGIServer at 0x75fa8b50 fileno=5 address=('::34c2:eb76:b09d:6176%1986108832', 443, 0, 1986108832)>>(<socket at 0x75e7f830 fileno=9>, ('::80a9:5f76:8e91:f402%1995090716', 47426, 0, 199)> failed with SSLEOFError
Aug 01 00:59:34 witherspoon phosphor-gevent[1023]: Traceback (most recent call last):
Aug 01 00:59:34 witherspoon phosphor-gevent[1023]:   File "/usr/lib/python2.7/site-packages/gevent/greenlet.py", line 327, in run
Aug 01 00:59:34 witherspoon phosphor-gevent[1023]:     result = self._run(*self.args, **self.kwargs)
Aug 01 00:59:34 witherspoon phosphor-gevent[1023]:   File "/usr/lib/python2.7/site-packages/gevent/server.py", line 102, in wrap_socket_and_handle
Aug 01 00:59:34 witherspoon phosphor-gevent[1023]:     ssl_socket = self.wrap_socket(client_socket, **self.ssl_args)
Aug 01 00:59:34 witherspoon phosphor-gevent[1023]:   File "/usr/lib/python2.7/site-packages/gevent/ssl.py", line 404, in wrap_socket
Aug 01 00:59:34 witherspoon phosphor-gevent[1023]:     ciphers=ciphers)
Aug 01 00:59:34 witherspoon phosphor-gevent[1023]:   File "/usr/lib/python2.7/site-packages/gevent/ssl.py", line 113, in __init__
Aug 01 00:59:34 witherspoon phosphor-gevent[1023]:     self.do_handshake()
Aug 01 00:59:34 witherspoon phosphor-gevent[1023]:   File "/usr/lib/python2.7/site-packages/gevent/ssl.py", line 324, in do_handshake
Aug 01 00:59:34 witherspoon phosphor-gevent[1023]:     return self._sslobj.do_handshake()
Aug 01 00:59:34 witherspoon phosphor-gevent[1023]: SSLEOFError: EOF occurred in violation of protocol (_ssl.c:590)
Aug 01 00:59:34 witherspoon phosphor-gevent[1023]: <Greenlet at 0x75fd26c0: <bound method WSGIServer.wrap_socket_and_handle of <WSGIServer at 0x75fa8b50 fileno=5 address=('::34c2:eb76:b09d:6176%1986108832', 443, 0, 1986108832)>>(<socket at 0x75e7f7d0 fileno=10>, ('::80a9:5f76:8e91:f402%1995090716', 47428, 0, 199)> failed with SSLEOFError
Aug 01 00:59:34 witherspoon phosphor-gevent[1023]: Traceback (most recent call last):
Aug 01 00:59:34 witherspoon phosphor-gevent[1023]:   File "/usr/lib/python2.7/site-packages/gevent/greenlet.py", line 327, in run
Aug 01 00:59:34 witherspoon phosphor-gevent[1023]:     result = self._run(*self.args, **self.kwargs)
Aug 01 00:59:34 witherspoon phosphor-gevent[1023]:   File "/usr/lib/python2.7/site-packages/gevent/server.py", line 102, in wrap_socket_and_handle
Aug 01 00:59:34 witherspoon phosphor-gevent[1023]:     ssl_socket = self.wrap_socket(client_socket, **self.ssl_args)
Aug 01 00:59:34 witherspoon phosphor-gevent[1023]:   File "/usr/lib/python2.7/site-packages/gevent/ssl.py", line 404, in wrap_socket
Aug 01 00:59:34 witherspoon phosphor-gevent[1023]:     ciphers=ciphers)
Aug 01 00:59:34 witherspoon phosphor-gevent[1023]:   File "/usr/lib/python2.7/site-packages/gevent/ssl.py", line 113, in __init__
Aug 01 00:59:34 witherspoon phosphor-gevent[1023]:     self.do_handshake()
Aug 01 00:59:34 witherspoon phosphor-gevent[1023]:   File "/usr/lib/python2.7/site-packages/gevent/ssl.py", line 324, in do_handshake
Aug 01 00:59:34 witherspoon phosphor-gevent[1023]:     return self._sslobj.do_handshake()
Aug 01 00:59:34 witherspoon phosphor-gevent[1023]: SSLEOFError: EOF occurred in violation of protocol (_ssl.c:590)
Aug 01 00:59:34 witherspoon phosphor-gevent[1023]: <Greenlet at 0x75fd23a0: <bound method WSGIServer.wrap_socket_and_handle of <WSGIServer at 0x75fa8b50 fileno=5 address=('::34c2:eb76:b09d:6176%1986108832', 443, 0, 1986108832)>>(<socket at 0x75e7f870 fileno=11>, ('::80a9:5f76:8e91:f402%1995090716', 47430, 0, 199)> failed with SSLEOFError
Aug 01 00:59:47 witherspoon phosphor-gevent[1023]: ::80a9:5f76:8e91:f402%1995090716 - - [2017-08-01 00:59:47] "POST /login HTTP/1.1" 200 320 0.046609
Aug 01 00:59:47 witherspoon phosphor-gevent[1023]: ::80a9:5f76:8e91:f402%1995090716 - - [2017-08-01 00:59:47] "GET /xyz/openbmc_project/state/chassis0//attr/CurrentPowerState HTTP/1.1" 200 216 0.260416
Aug 01 00:59:47 witherspoon phosphor-gevent[1023]: ::80a9:5f76:8e91:f402%1995090716 - - [2017-08-01 00:59:47] "POST /login HTTP/1.1" 200 320 0.076725
Aug 01 00:59:47 witherspoon phosphor-gevent[1023]: ::80a9:5f76:8e91:f402%1995090716 - - [2017-08-01 00:59:47] "GET /xyz/openbmc_project/state/chassis0//attr/CurrentPowerState HTTP/1.1" 200 216 0.049571
Aug 01 00:59:48 witherspoon phosphor-gevent[1023]: ::80a9:5f76:8e91:f402%1995090716 - - [2017-08-01 00:59:48] "POST /login HTTP/1.1" 200 320 0.034240
Aug 01 00:59:48 witherspoon phosphor-gevent[1023]: ::80a9:5f76:8e91:f402%1995090716 - - [2017-08-01 00:59:48] "GET /org/openbmc/sensors/host/BootProgress/attr/value HTTP/1.1" 200 170 0.293749
Aug 01 00:59:48 witherspoon phosphor-gevent[1023]: ::80a9:5f76:8e91:f402%1995090716 - - [2017-08-01 00:59:48] "POST /login HTTP/1.1" 200 320 0.034090
Aug 01 00:59:49 witherspoon phosphor-gevent[1023]: ::80a9:5f76:8e91:f402%1995090716 - - [2017-08-01 00:59:49] "GET /xyz/openbmc_project/state/host0//attr/CurrentHostState HTTP/1.1" 200 212 0.309088
Aug 01 00:59:49 witherspoon phosphor-gevent[1023]: ::80a9:5f76:8e91:f402%1995090716 - - [2017-08-01 00:59:49] "POST /login HTTP/1.1" 200 320 0.113660
Aug 01 00:59:49 witherspoon phosphor-gevent[1023]: ::80a9:5f76:8e91:f402%1995090716 - - [2017-08-01 00:59:49] "GET /xyz/openbmc_project/logging/entry//list HTTP/1.1" 200 214 0.047336
Aug 01 00:59:50 witherspoon phosphor-gevent[1023]: ::80a9:5f76:8e91:f402%1995090716 - - [2017-08-01 00:59:50] "POST /login HTTP/1.1" 200 320 0.146961
Aug 01 00:59:50 witherspoon phosphor-gevent[1023]: ::80a9:5f76:8e91:f402%1995090716 - - [2017-08-01 00:59:50] "GET /xyz/openbmc_project/logging/entry//list HTTP/1.1" 200 214 0.067664
Aug 01 00:59:50 witherspoon phosphor-gevent[1023]: ::80a9:5f76:8e91:f402%1995090716 - - [2017-08-01 00:59:50] "POST /login HTTP/1.1" 200 320 0.035139
Aug 01 00:59:50 witherspoon phosphor-gevent[1023]: ::80a9:5f76:8e91:f402%1995090716 - - [2017-08-01 00:59:50] "DELETE /xyz/openbmc_project/logging/entry/1 HTTP/1.1" 200 169 0.223631
Aug 01 00:59:50 witherspoon systemd[1]: Started SSH Per-Connection Server (9.41.165.94:46428).
Aug 01 00:59:50 witherspoon dropbear[1131]: Failed loading /etc/dropbear/dropbear_dss_host_key
Aug 01 00:59:50 witherspoon dropbear[1131]: Failed loading /etc/dropbear/dropbear_ecdsa_host_key
Aug 01 00:59:50 witherspoon dropbear[1131]: Child connection from ::ffff:9.41.165.94:46428
Aug 01 00:59:51 witherspoon dropbear[1131]: PAM password auth succeeded for 'root' from ::ffff:9.41.165.94:46428
Aug 01 00:59:51 witherspoon dropbear[1132]: lastlog_perform_login: Couldn't stat /var/log/lastlog: No such file or directory
Aug 01 00:59:51 witherspoon dropbear[1132]: lastlog_openseek: /var/log/lastlog is not a file or directory!
Aug 01 00:59:53 witherspoon phosphor-gevent[1023]: ::80a9:5f76:8e91:f402%1995090716 - - [2017-08-01 00:59:53] "POST /login HTTP/1.1" 200 320 0.043225
Aug 01 00:59:53 witherspoon phosphor-gevent[1023]: ::80a9:5f76:8e91:f402%1995090716 - - [2017-08-01 00:59:53] "GET /xyz/openbmc_project/state/host0//attr/CurrentHostState HTTP/1.1" 200 212 0.050242
Aug 01 00:59:53 witherspoon dropbear[1010]: Exit (root): Exited normally
Aug 01 00:59:54 witherspoon dropbear[1131]: Exit (root): Exited normally
Aug 01 00:59:56 witherspoon systemd[1]: Started SSH Per-Connection Server (9.41.165.94:46432).
Aug 01 00:59:56 witherspoon dropbear[1143]: Failed loading /etc/dropbear/dropbear_dss_host_key
Aug 01 00:59:56 witherspoon dropbear[1143]: Failed loading /etc/dropbear/dropbear_ecdsa_host_key
Aug 01 00:59:56 witherspoon dropbear[1143]: Child connection from ::ffff:9.41.165.94:46432
Aug 01 00:59:57 witherspoon dropbear[1143]: PAM password auth succeeded for 'root' from ::ffff:9.41.165.94:46432
Aug 01 00:59:57 witherspoon dropbear[1144]: lastlog_perform_login: Couldn't stat /var/log/lastlog: No such file or directory
Aug 01 00:59:57 witherspoon dropbear[1144]: lastlog_openseek: /var/log/lastlog is not a file or directory!
Aug 01 00:59:58 witherspoon phosphor-gevent[1023]: ::80a9:5f76:8e91:f402%1995090716 - - [2017-08-01 00:59:58] "POST /login HTTP/1.1" 200 320 0.033985
Aug 01 00:59:59 witherspoon phosphor-gevent[1023]: ::80a9:5f76:8e91:f402%1995090716 - - [2017-08-01 00:59:59] "PUT /org/openbmc/settings/host0/attr/power_policy HTTP/1.1" 200 169 0.539603
Aug 01 00:59:59 witherspoon phosphor-gevent[1023]: ::80a9:5f76:8e91:f402%1995090716 - - [2017-08-01 00:59:59] "POST /login HTTP/1.1" 200 320 0.034059
Aug 01 00:59:59 witherspoon phosphor-gevent[1023]: ::80a9:5f76:8e91:f402%1995090716 - - [2017-08-01 00:59:59] "GET /org/openbmc/settings/host0/attr/power_policy HTTP/1.1" 200 185 0.070142
Aug 01 00:59:59 witherspoon phosphor-gevent[1023]: ::80a9:5f76:8e91:f402%1995090716 - - [2017-08-01 00:59:59] "POST /login HTTP/1.1" 200 320 0.034347
Aug 01 00:59:59 witherspoon phosphor-gevent[1023]: ::80a9:5f76:8e91:f402%1995090716 - - [2017-08-01 00:59:59] "GET /xyz/openbmc_project/state/chassis0//attr/CurrentPowerState HTTP/1.1" 200 216 0.049826
Aug 01 01:00:00 witherspoon phosphor-gevent[1023]: ::80a9:5f76:8e91:f402%1995090716 - - [2017-08-01 01:00:00] "POST /login HTTP/1.1" 200 320 0.033585
Aug 01 01:00:00 witherspoon phosphor-gevent[1023]: ::80a9:5f76:8e91:f402%1995090716 - - [2017-08-01 01:00:00] "GET /xyz/openbmc_project/state/bmc0//attr/CurrentBMCState HTTP/1.1" 200 215 0.050120
Aug 01 01:00:00 witherspoon phosphor-gevent[1023]: ::80a9:5f76:8e91:f402%1995090716 - - [2017-08-01 01:00:00] "POST /login HTTP/1.1" 200 320 0.034231
Aug 01 01:00:01 witherspoon phosphor-gevent[1023]: ::80a9:5f76:8e91:f402%1995090716 - - [2017-08-01 01:00:01] "GET /org/openbmc/sensors/host/BootProgress/attr/value HTTP/1.1" 200 170 0.562764
Aug 01 01:00:01 witherspoon phosphor-gevent[1023]: ::80a9:5f76:8e91:f402%1995090716 - - [2017-08-01 01:00:01] "POST /login HTTP/1.1" 200 320 0.042592
Aug 01 01:00:01 witherspoon phosphor-gevent[1023]: ::80a9:5f76:8e91:f402%1995090716 - - [2017-08-01 01:00:01] "GET /xyz/openbmc_project/state/host0//attr/CurrentHostState HTTP/1.1" 200 212 0.458393
Aug 01 01:00:01 witherspoon phosphor-gevent[1023]: ::80a9:5f76:8e91:f402%1995090716 - - [2017-08-01 01:00:01] "POST /login HTTP/1.1" 200 320 0.033667
Aug 01 01:00:02 witherspoon phosphor-gevent[1023]: ::80a9:5f76:8e91:f402%1995090716 - - [2017-08-01 01:00:02] "GET /xyz/openbmc_project/logging/entry//list HTTP/1.1" 404 311 0.029847
Aug 01 01:00:02 witherspoon systemd[1]: Started SSH Per-Connection Server (9.41.165.94:46448).
Aug 01 01:00:02 witherspoon dropbear[1150]: Failed loading /etc/dropbear/dropbear_dss_host_key
Aug 01 01:00:02 witherspoon dropbear[1150]: Failed loading /etc/dropbear/dropbear_ecdsa_host_key
Aug 01 01:00:02 witherspoon dropbear[1150]: Child connection from ::ffff:9.41.165.94:46448
Aug 01 01:00:03 witherspoon dropbear[1150]: PAM password auth succeeded for 'root' from ::ffff:9.41.165.94:46448
Aug 01 01:00:59 witherspoon phosphor-gevent[1023]: ::80a9:5f76:8e91:f402%1995090716 - - [2017-08-01 01:00:59] "POST /login HTTP/1.1" 200 320 0.034178
Aug 01 01:00:59 witherspoon phosphor-gevent[1023]: ::80a9:5f76:8e91:f402%1995090716 - - [2017-08-01 01:00:59] "POST /org/openbmc/control/flash/bios//action/update HTTP/1.1" 200 169 0.281323
Aug 01 01:00:59 witherspoon phosphor-gevent[1023]: ::80a9:5f76:8e91:f402%1995090716 - - [2017-08-01 01:00:59] "POST /login HTTP/1.1" 200 320 0.033930
Aug 01 01:00:59 witherspoon phosphor-gevent[1023]: ::80a9:5f76:8e91:f402%1995090716 - - [2017-08-01 01:00:59] "GET /org/openbmc/control/flash/bios HTTP/1.1" 200 397 0.075882
Aug 01 01:01:00 witherspoon flash_bios.exe[1040]: Starting flasher: bios,/tmp/witherspoon_910_golden.pnor,/org/openbmc/control/flash/bios,
Aug 01 01:01:00 witherspoon flash_bios.exe[1040]: flasher: /tmp/witherspoon_910_golden.pnor, BMC = 1, address = 0x0
Aug 01 01:01:00 witherspoon flash_bios.exe[1040]: Setting up flash
Aug 01 01:01:01 witherspoon phosphor-gevent[1023]: ::80a9:5f76:8e91:f402%1995090716 - - [2017-08-01 01:01:01] "POST /login HTTP/1.1" 200 320 0.034012
Aug 01 01:01:01 witherspoon phosphor-gevent[1023]: ::80a9:5f76:8e91:f402%1995090716 - - [2017-08-01 01:01:01] "GET /org/openbmc/control/flash/bios HTTP/1.1" 200 397 0.068363
Aug 01 01:01:11 witherspoon phosphor-gevent[1023]: ::80a9:5f76:8e91:f402%1995090716 - - [2017-08-01 01:01:11] "POST /login HTTP/1.1" 200 320 0.044439
Aug 01 01:01:11 witherspoon phosphor-gevent[1023]: ::80a9:5f76:8e91:f402%1995090716 - - [2017-08-01 01:01:11] "GET /org/openbmc/control/flash/bios HTTP/1.1" 200 397 0.068935
Aug 01 01:01:21 witherspoon phosphor-gevent[1023]: ::80a9:5f76:8e91:f402%1995090716 - - [2017-08-01 01:01:21] "POST /login HTTP/1.1" 200 320 0.033817
Aug 01 01:01:21 witherspoon phosphor-gevent[1023]: ::80a9:5f76:8e91:f402%1995090716 - - [2017-08-01 01:01:21] "GET /org/openbmc/control/flash/bios HTTP/1.1" 200 397 0.068835
Aug 01 01:01:32 witherspoon phosphor-gevent[1023]: ::80a9:5f76:8e91:f402%1995090716 - - [2017-08-01 01:01:32] "POST /login HTTP/1.1" 200 320 0.034292
Aug 01 01:01:32 witherspoon phosphor-gevent[1023]: ::80a9:5f76:8e91:f402%1995090716 - - [2017-08-01 01:01:32] "GET /org/openbmc/control/flash/bios HTTP/1.1" 200 397 0.069764
Aug 01 01:01:43 witherspoon phosphor-gevent[1023]: ::80a9:5f76:8e91:f402%1995090716 - - [2017-08-01 01:01:43] "POST /login HTTP/1.1" 200 320 0.905128
Aug 01 01:01:43 witherspoon phosphor-gevent[1023]: ::80a9:5f76:8e91:f402%1995090716 - - [2017-08-01 01:01:43] "GET /org/openbmc/control/flash/bios HTTP/1.1" 200 397 0.068323
Aug 01 01:01:53 witherspoon phosphor-gevent[1023]: ::80a9:5f76:8e91:f402%1995090716 - - [2017-08-01 01:01:53] "POST /login HTTP/1.1" 200 320 0.033788
Aug 01 01:01:53 witherspoon phosphor-gevent[1023]: ::80a9:5f76:8e91:f402%1995090716 - - [2017-08-01 01:01:53] "GET /org/openbmc/control/flash/bios HTTP/1.1" 200 397 0.068360
Aug 01 01:02:03 witherspoon phosphor-gevent[1023]: ::80a9:5f76:8e91:f402%1995090716 - - [2017-08-01 01:02:03] "POST /login HTTP/1.1" 200 320 0.034210
Aug 01 01:02:03 witherspoon phosphor-gevent[1023]: ::80a9:5f76:8e91:f402%1995090716 - - [2017-08-01 01:02:03] "GET /org/openbmc/control/flash/bios HTTP/1.1" 200 397 0.071901
Aug 01 01:02:14 witherspoon phosphor-gevent[1023]: ::80a9:5f76:8e91:f402%1995090716 - - [2017-08-01 01:02:14] "POST /login HTTP/1.1" 200 320 0.033975
Aug 01 01:02:14 witherspoon phosphor-gevent[1023]: ::80a9:5f76:8e91:f402%1995090716 - - [2017-08-01 01:02:14] "GET /org/openbmc/control/flash/bios HTTP/1.1" 200 397 0.068697
Aug 01 01:02:24 witherspoon phosphor-gevent[1023]: ::80a9:5f76:8e91:f402%1995090716 - - [2017-08-01 01:02:24] "POST /login HTTP/1.1" 200 320 0.034338
Aug 01 01:02:24 witherspoon phosphor-gevent[1023]: ::80a9:5f76:8e91:f402%1995090716 - - [2017-08-01 01:02:24] "GET /org/openbmc/control/flash/bios HTTP/1.1" 200 397 0.068999
Aug 01 01:02:34 witherspoon phosphor-gevent[1023]: ::80a9:5f76:8e91:f402%1995090716 - - [2017-08-01 01:02:34] "POST /login HTTP/1.1" 200 320 0.034250
Aug 01 01:02:34 witherspoon phosphor-gevent[1023]: ::80a9:5f76:8e91:f402%1995090716 - - [2017-08-01 01:02:34] "GET /org/openbmc/control/flash/bios HTTP/1.1" 200 397 0.069844
Aug 01 01:02:44 witherspoon phosphor-gevent[1023]: ::80a9:5f76:8e91:f402%1995090716 - - [2017-08-01 01:02:44] "POST /login HTTP/1.1" 200 320 0.034362
Aug 01 01:02:44 witherspoon phosphor-gevent[1023]: ::80a9:5f76:8e91:f402%1995090716 - - [2017-08-01 01:02:44] "GET /org/openbmc/control/flash/bios HTTP/1.1" 200 397 0.069355
Aug 01 01:02:56 witherspoon phosphor-gevent[1023]: ::80a9:5f76:8e91:f402%1995090716 - - [2017-08-01 01:02:56] "POST /login HTTP/1.1" 200 320 0.034076
Aug 01 01:02:56 witherspoon phosphor-gevent[1023]: ::80a9:5f76:8e91:f402%1995090716 - - [2017-08-01 01:02:56] "GET /org/openbmc/control/flash/bios HTTP/1.1" 200 397 0.069117
Aug 01 01:03:06 witherspoon phosphor-gevent[1023]: ::80a9:5f76:8e91:f402%1995090716 - - [2017-08-01 01:03:06] "POST /login HTTP/1.1" 200 320 0.034077
Aug 01 01:03:06 witherspoon phosphor-gevent[1023]: ::80a9:5f76:8e91:f402%1995090716 - - [2017-08-01 01:03:06] "GET /org/openbmc/control/flash/bios HTTP/1.1" 200 401 0.068843
Aug 01 01:03:16 witherspoon phosphor-gevent[1023]: ::80a9:5f76:8e91:f402%1995090716 - - [2017-08-01 01:03:16] "POST /login HTTP/1.1" 200 320 0.033749
Aug 01 01:03:17 witherspoon phosphor-gevent[1023]: ::80a9:5f76:8e91:f402%1995090716 - - [2017-08-01 01:03:17] "GET /org/openbmc/control/flash/bios HTTP/1.1" 200 402 0.068709
Aug 01 01:03:27 witherspoon phosphor-gevent[1023]: ::80a9:5f76:8e91:f402%1995090716 - - [2017-08-01 01:03:27] "POST /login HTTP/1.1" 200 320 0.046851
Aug 01 01:03:27 witherspoon phosphor-gevent[1023]: ::80a9:5f76:8e91:f402%1995090716 - - [2017-08-01 01:03:27] "GET /org/openbmc/control/flash/bios HTTP/1.1" 200 402 0.069158
Aug 01 01:03:37 witherspoon phosphor-gevent[1023]: ::80a9:5f76:8e91:f402%1995090716 - - [2017-08-01 01:03:37] "POST /login HTTP/1.1" 200 320 0.034277
Aug 01 01:03:37 witherspoon phosphor-gevent[1023]: ::80a9:5f76:8e91:f402%1995090716 - - [2017-08-01 01:03:37] "GET /org/openbmc/control/flash/bios HTTP/1.1" 200 402 0.069121
Aug 01 01:03:47 witherspoon phosphor-gevent[1023]: ::80a9:5f76:8e91:f402%1995090716 - - [2017-08-01 01:03:47] "POST /login HTTP/1.1" 200 320 0.034076
Aug 01 01:03:47 witherspoon phosphor-gevent[1023]: ::80a9:5f76:8e91:f402%1995090716 - - [2017-08-01 01:03:47] "GET /org/openbmc/control/flash/bios HTTP/1.1" 200 402 0.071559
Aug 01 01:03:58 witherspoon phosphor-gevent[1023]: ::80a9:5f76:8e91:f402%1995090716 - - [2017-08-01 01:03:58] "POST /login HTTP/1.1" 200 320 0.034152
Aug 01 01:03:58 witherspoon phosphor-gevent[1023]: ::80a9:5f76:8e91:f402%1995090716 - - [2017-08-01 01:03:58] "GET /org/openbmc/control/flash/bios HTTP/1.1" 200 402 0.069457
Aug 01 01:04:08 witherspoon phosphor-gevent[1023]: ::80a9:5f76:8e91:f402%1995090716 - - [2017-08-01 01:04:08] "POST /login HTTP/1.1" 200 320 0.034639
Aug 01 01:04:08 witherspoon phosphor-gevent[1023]: ::80a9:5f76:8e91:f402%1995090716 - - [2017-08-01 01:04:08] "GET /org/openbmc/control/flash/bios HTTP/1.1" 200 402 0.069238
Aug 01 01:04:18 witherspoon phosphor-gevent[1023]: ::80a9:5f76:8e91:f402%1995090716 - - [2017-08-01 01:04:18] "POST /login HTTP/1.1" 200 320 0.034099
Aug 01 01:04:18 witherspoon phosphor-gevent[1023]: ::80a9:5f76:8e91:f402%1995090716 - - [2017-08-01 01:04:18] "GET /org/openbmc/control/flash/bios HTTP/1.1" 200 402 0.071676
Aug 01 01:04:28 witherspoon phosphor-gevent[1023]: ::80a9:5f76:8e91:f402%1995090716 - - [2017-08-01 01:04:28] "POST /login HTTP/1.1" 200 320 0.034378
Aug 01 01:04:29 witherspoon phosphor-gevent[1023]: ::80a9:5f76:8e91:f402%1995090716 - - [2017-08-01 01:04:29] "GET /org/openbmc/control/flash/bios HTTP/1.1" 200 402 0.077443
Aug 01 01:04:39 witherspoon phosphor-gevent[1023]: ::80a9:5f76:8e91:f402%1995090716 - - [2017-08-01 01:04:39] "POST /login HTTP/1.1" 200 320 0.034245
Aug 01 01:04:39 witherspoon phosphor-gevent[1023]: ::80a9:5f76:8e91:f402%1995090716 - - [2017-08-01 01:04:39] "GET /org/openbmc/control/flash/bios HTTP/1.1" 200 401 0.069636
Aug 01 01:04:49 witherspoon phosphor-gevent[1023]: ::80a9:5f76:8e91:f402%1995090716 - - [2017-08-01 01:04:49] "POST /login HTTP/1.1" 200 320 0.034010
Aug 01 01:04:49 witherspoon phosphor-gevent[1023]: ::80a9:5f76:8e91:f402%1995090716 - - [2017-08-01 01:04:49] "GET /org/openbmc/control/flash/bios HTTP/1.1" 200 402 0.069907
Aug 01 01:04:57 witherspoon flash_bios.exe[1040]: Erasing... (may take a while !) done !
Aug 01 01:04:57 witherspoon flash_bios.exe[1040]: About to program "/tmp/witherspoon_910_golden.pnor" at 0x00000000..0x04000000 !
Aug 01 01:04:57 witherspoon flash_bios.exe[1040]: Programming & Verifying...
Aug 01 01:04:57 witherspoon flash_bios.exe[1040]: Flash done
Aug 01 01:05:01 witherspoon phosphor-gevent[1023]: ::80a9:5f76:8e91:f402%1995090716 - - [2017-08-01 01:05:01] "POST /login HTTP/1.1" 200 320 0.034020
Aug 01 01:05:01 witherspoon phosphor-gevent[1023]: ::80a9:5f76:8e91:f402%1995090716 - - [2017-08-01 01:05:01] "GET /org/openbmc/control/flash/bios HTTP/1.1" 200 399 0.069462
Aug 01 01:05:01 witherspoon systemd[1]: Started SSH Per-Connection Server (9.41.165.94:46512).
Aug 01 01:05:01 witherspoon dropbear[1156]: Failed loading /etc/dropbear/dropbear_dss_host_key
Aug 01 01:05:01 witherspoon dropbear[1156]: Failed loading /etc/dropbear/dropbear_ecdsa_host_key
Aug 01 01:05:01 witherspoon dropbear[1156]: Child connection from ::ffff:9.41.165.94:46512
Aug 01 01:05:02 witherspoon dropbear[1156]: PAM password auth succeeded for 'root' from ::ffff:9.41.165.94:46512
Aug 01 01:05:02 witherspoon dropbear[1157]: lastlog_perform_login: Couldn't stat /var/log/lastlog: No such file or directory
Aug 01 01:05:02 witherspoon dropbear[1157]: lastlog_openseek: /var/log/lastlog is not a file or directory!
Aug 01 01:05:05 witherspoon phosphor-gevent[1023]: ::80a9:5f76:8e91:f402%1995090716 - - [2017-08-01 01:05:05] "POST /login HTTP/1.1" 200 320 0.034724
Aug 01 01:05:05 witherspoon phosphor-gevent[1023]: ::80a9:5f76:8e91:f402%1995090716 - - [2017-08-01 01:05:05] "GET /xyz/openbmc_project/state/host0//attr/CurrentHostState HTTP/1.1" 200 212 0.051048
Aug 01 01:05:05 witherspoon systemd[1]: Created slice system-obmc\x2dconsole\x2dssh.slice.
Aug 01 01:05:05 witherspoon systemd[1]: Started Phosphor Host Console SSH Per-Connection (9.41.165.94:35066).
Aug 01 01:05:05 witherspoon dropbear[1161]: Failed loading /etc/dropbear/dropbear_dss_host_key
Aug 01 01:05:05 witherspoon dropbear[1161]: Failed loading /etc/dropbear/dropbear_ecdsa_host_key
Aug 01 01:05:05 witherspoon dropbear[1161]: Child connection from ::ffff:9.41.165.94:35066
Aug 01 01:05:05 witherspoon phosphor-gevent[1023]: ::80a9:5f76:8e91:f402%1995090716 - - [2017-08-01 01:05:05] "POST /login HTTP/1.1" 200 320 0.034631
Aug 01 01:05:05 witherspoon phosphor-gevent[1023]: ::80a9:5f76:8e91:f402%1995090716 - - [2017-08-01 01:05:05] "PUT /org/openbmc/settings/host0/attr/power_policy HTTP/1.1" 200 169 0.167127
Aug 01 01:05:06 witherspoon phosphor-gevent[1023]: ::80a9:5f76:8e91:f402%1995090716 - - [2017-08-01 01:05:06] "POST /login HTTP/1.1" 200 320 0.033988
Aug 01 01:05:06 witherspoon phosphor-gevent[1023]: ::80a9:5f76:8e91:f402%1995090716 - - [2017-08-01 01:05:06] "GET /org/openbmc/settings/host0/attr/power_policy HTTP/1.1" 200 185 0.070876
Aug 01 01:05:06 witherspoon dropbear[1161]: PAM password auth succeeded for 'root' from ::ffff:9.41.165.94:35066
Aug 01 01:05:06 witherspoon dropbear[1162]: lastlog_perform_login: Couldn't stat /var/log/lastlog: No such file or directory
Aug 01 01:05:06 witherspoon dropbear[1162]: lastlog_openseek: /var/log/lastlog is not a file or directory!
Aug 01 01:05:08 witherspoon phosphor-gevent[1023]: ::80a9:5f76:8e91:f402%1995090716 - - [2017-08-01 01:05:08] "POST /login HTTP/1.1" 200 320 0.052805
Aug 01 01:05:08 witherspoon phosphor-gevent[1023]: ::80a9:5f76:8e91:f402%1995090716 - - [2017-08-01 01:05:08] "GET /xyz/openbmc_project/state/chassis0//attr/CurrentPowerState HTTP/1.1" 200 216 0.050566
Aug 01 01:05:08 witherspoon phosphor-gevent[1023]: ::80a9:5f76:8e91:f402%1995090716 - - [2017-08-01 01:05:08] "POST /login HTTP/1.1" 200 320 0.045387
Aug 01 01:05:08 witherspoon phosphor-gevent[1023]: ::80a9:5f76:8e91:f402%1995090716 - - [2017-08-01 01:05:08] "GET /xyz/openbmc_project/state/bmc0//attr/CurrentBMCState HTTP/1.1" 200 215 0.050280
Aug 01 01:05:08 witherspoon phosphor-gevent[1023]: ::80a9:5f76:8e91:f402%1995090716 - - [2017-08-01 01:05:08] "POST /login HTTP/1.1" 200 320 0.034199
Aug 01 01:05:08 witherspoon phosphor-gevent[1023]: ::80a9:5f76:8e91:f402%1995090716 - - [2017-08-01 01:05:08] "GET /org/openbmc/sensors/host/BootProgress/attr/value HTTP/1.1" 200 170 0.053330
Aug 01 01:05:09 witherspoon phosphor-gevent[1023]: ::80a9:5f76:8e91:f402%1995090716 - - [2017-08-01 01:05:09] "POST /login HTTP/1.1" 200 320 0.034282
Aug 01 01:05:09 witherspoon phosphor-gevent[1023]: ::80a9:5f76:8e91:f402%1995090716 - - [2017-08-01 01:05:09] "GET /xyz/openbmc_project/state/host0//attr/CurrentHostState HTTP/1.1" 200 212 0.050344
Aug 01 01:05:09 witherspoon phosphor-gevent[1023]: ::80a9:5f76:8e91:f402%1995090716 - - [2017-08-01 01:05:09] "POST /login HTTP/1.1" 200 320 0.033802
Aug 01 01:05:09 witherspoon phosphor-host-state-manager[1084]: Host State transaction request
Aug 01 01:05:09 witherspoon systemd[1]: Created slice system-pcie\x2dslot\x2ddetect.slice.
Aug 01 01:05:09 witherspoon systemd[1]: Starting Wait for /org/openbmc/control/chassis0...
Aug 01 01:05:09 witherspoon systemd[1]: Created slice system-start_host.slice.
Aug 01 01:05:09 witherspoon systemd[1]: Created slice system-op\x2dpower\x2dstart.slice.
Aug 01 01:05:09 witherspoon systemd[1]: Created slice system-mboxd\x2dreload.slice.
Aug 01 01:05:09 witherspoon systemd[1]: Created slice system-vcs_on.slice.
Aug 01 01:05:09 witherspoon systemd[1]: Created slice system-mapper\x2dsubtree\x2dremove.slice.
Aug 01 01:05:09 witherspoon systemd[1]: Starting Wait for /xyz/openbmc_project/watchdog/host0...
Aug 01 01:05:09 witherspoon systemd[1]: Created slice system-fsi\x2dbind.slice.
Aug 01 01:05:09 witherspoon systemd[1]: Created slice system-op\x2dwait\x2dpower\x2don.slice.
Aug 01 01:05:09 witherspoon systemd[1]: Created slice system-vcs_workaround.slice.
Aug 01 01:05:09 witherspoon systemd[1]: Created slice system-vcs_off.slice.
Aug 01 01:05:09 witherspoon systemd[1]: Created slice system-avsbus\x2dworkaround.slice.
Aug 01 01:05:09 witherspoon systemd[1]: Starting Reload mboxd during power on...
Aug 01 01:05:09 witherspoon systemd[1]: Started Witherspoon Fan Watchdog Daemon.
Aug 01 01:05:09 witherspoon systemd[1]: Created slice system-cfam_override.slice.
Aug 01 01:05:09 witherspoon systemd[1]: Starting Reboot If Enabled...
Aug 01 01:05:09 witherspoon systemd[1]: Starting Witherspoon Fan Watchdog Reset...
Aug 01 01:05:09 witherspoon systemd[1]: Created slice system-avsbus\x2ddisable.slice.
Aug 01 01:05:09 witherspoon systemd[1]: Starting Wait for /xyz/openbmc_project/led/groups/power_on...
Aug 01 01:05:09 witherspoon systemd[1]: Created slice system-vrm\x2dcontrol.slice.
Aug 01 01:05:09 witherspoon systemd[1]: Starting Wait for Power0 to turn on...
Aug 01 01:05:09 witherspoon systemd[1]: Starting mapper subtree-remove /xyz/openbmc_project/software:xyz.openbmc_project.Software.ActivationBlocksTransition...
Aug 01 01:05:09 witherspoon systemd[1]: Created slice system-phosphor\x2dfan\x2dpresence\x2dtach.slice.
Aug 01 01:05:09 witherspoon systemd[1]: Created slice system-phosphor\x2dfan\x2dcontrol\x2dinit.slice.
Aug 01 01:05:09 witherspoon systemd[1]: Started Initialize BIOS Flash.
Aug 01 01:05:09 witherspoon systemd[1]: Created slice system-avsbus\x2denable.slice.
Aug 01 01:05:09 witherspoon systemd[1]: Created slice system-phosphor\x2dgpio\x2dmonitor.slice.
Aug 01 01:05:09 witherspoon systemd[1]: Started Phosphor GPIO checkstop monitor.
Aug 01 01:05:09 witherspoon systemd[1]: Reached target Start Host checkstop monitor.
Aug 01 01:05:09 witherspoon systemd[1]: Created slice system-ucd_disable_vcs.slice.
Aug 01 01:05:09 witherspoon systemd[1]: Starting Disable UCD VCS rails...
Aug 01 01:05:09 witherspoon systemd[1]: Started Phosphor Cooling Type.
Aug 01 01:05:09 witherspoon systemd[1]: Created slice system-obmc\x2denable\x2dhost\x2dwatchdog.slice.
Aug 01 01:05:09 witherspoon systemd[1]: Created slice system-fsi\x2dscan.slice.
Aug 01 01:05:09 witherspoon systemd[1]: Created slice system-ir35221\x2don\x2dunbind.slice.
Aug 01 01:05:09 witherspoon systemd[1]: Starting power on mode unbind ir35221 device driver devs...
Aug 01 01:05:09 witherspoon systemd[1]: Created slice system-phosphor\x2dwatchdog.slice.
Aug 01 01:05:09 witherspoon systemd[1]: Started Phosphor poweron watchdog.
Aug 01 01:05:09 witherspoon systemd[1]: Created slice system-ir35221\x2don\x2dbind.slice.
Aug 01 01:05:10 witherspoon phosphor-gevent[1023]: ::80a9:5f76:8e91:f402%1995090716 - - [2017-08-01 01:05:10] "PUT /xyz/openbmc_project/state/host0//attr/RequestedHostTransition HTTP/1.1" 200 169 0.749266
Aug 01 01:05:10 witherspoon phosphor-gevent[1023]: ::80a9:5f76:8e91:f402%1995090716 - - [2017-08-01 01:05:10] "POST /login HTTP/1.1" 200 320 0.033910
Aug 01 01:05:10 witherspoon phosphor-gevent[1023]: ::80a9:5f76:8e91:f402%1995090716 - - [2017-08-01 01:05:10] "GET /xyz/openbmc_project/state/chassis0//attr/CurrentPowerState HTTP/1.1" 200 216 0.051471
Aug 01 01:05:10 witherspoon phosphor-gevent[1023]: ::80a9:5f76:8e91:f402%1995090716 - - [2017-08-01 01:05:10] "POST /login HTTP/1.1" 200 320 0.034312
Aug 01 01:05:10 witherspoon phosphor-gevent[1023]: ::80a9:5f76:8e91:f402%1995090716 - - [2017-08-01 01:05:10] "GET /xyz/openbmc_project/state/bmc0//attr/CurrentBMCState HTTP/1.1" 200 215 0.051005
Aug 01 01:05:11 witherspoon phosphor-gevent[1023]: ::80a9:5f76:8e91:f402%1995090716 - - [2017-08-01 01:05:11] "POST /login HTTP/1.1" 200 320 0.034175
Aug 01 01:05:11 witherspoon phosphor-gevent[1023]: ::80a9:5f76:8e91:f402%1995090716 - - [2017-08-01 01:05:11] "GET /org/openbmc/sensors/host/BootProgress/attr/value HTTP/1.1" 200 170 0.053486
Aug 01 01:05:12 witherspoon mboxctl[1165]: Reset: Success
Aug 01 01:05:12 witherspoon phosphor-discover-system-state[1167]: Host power is off, checking power policy
Aug 01 01:05:15 witherspoon kernel: ucd9000 11-0064: Device ID UCD90160|2.3.4.0000|110603
Aug 01 01:05:15 witherspoon kernel[1003]: [  475.620000] ucd9000 11-0064: Device ID UCD90160|2.3.4.0000|110603
Aug 01 01:05:16 witherspoon phosphor-gevent[1023]: ::80a9:5f76:8e91:f402%1995090716 - - [2017-08-01 01:05:16] "POST /login HTTP/1.1" 200 320 4.867308
Aug 01 01:05:16 witherspoon systemd[1]: Started Wait for /org/openbmc/control/chassis0.
Aug 01 01:05:16 witherspoon systemd[1]: Started Reload mboxd during power on.
Aug 01 01:05:16 witherspoon systemd[1]: Started Reboot If Enabled.
Aug 01 01:05:16 witherspoon systemd[1]: Started Witherspoon Fan Watchdog Reset.
Aug 01 01:05:16 witherspoon systemd[1]: Started Wait for /xyz/openbmc_project/led/groups/power_on.
Aug 01 01:05:16 witherspoon flash_bios.exe[1040]: Starting flasher: bios,,/org/openbmc/control/flash/bios,
Aug 01 01:05:16 witherspoon flash_bios.exe[1040]: flasher: , BMC = 1, address = 0x0
Aug 01 01:05:16 witherspoon flash_bios.exe[1040]: Setting up flash
Aug 01 01:05:16 witherspoon systemd[1]: Started mapper subtree-remove /xyz/openbmc_project/software:xyz.openbmc_project.Software.ActivationBlocksTransition.
Aug 01 01:05:16 witherspoon systemd[1]: Started Disable UCD VCS rails.
Aug 01 01:05:16 witherspoon systemd[1]: Started power on mode unbind ir35221 device driver devs.
Aug 01 01:05:17 witherspoon systemd[1]: xyz.openbmc_project.Hwmon@ahb-apb-i2c\x401e78a000-i2c\x2dbus\x40140-ir35221\x4070.service: Unit not needed anymore. Stopping.
Aug 01 01:05:17 witherspoon systemd[1]: xyz.openbmc_project.Hwmon@ahb-apb-i2c\x401e78a000-i2c\x2dbus\x40140-ir35221\x4071.service: Service hold-off time over, scheduling restart.
Aug 01 01:05:17 witherspoon systemd[1]: xyz.openbmc_project.Hwmon@ahb-apb-i2c\x401e78a000-i2c\x2dbus\x40140-ir35221\x4070.service: Service hold-off time over, scheduling restart.
Aug 01 01:05:17 witherspoon systemd[1]: xyz.openbmc_project.Hwmon@ahb-apb-i2c\x401e78a000-i2c\x2dbus\x40140-ir35221\x4070.service: Stop job pending for unit, delaying automatic restart.
Aug 01 01:05:17 witherspoon systemd[1]: xyz.openbmc_project.Hwmon@ahb-apb-i2c\x401e78a000-i2c\x2dbus\x40180-ir35221\x4071.service: Service hold-off time over, scheduling restart.
Aug 01 01:05:17 witherspoon systemd[1]: xyz.openbmc_project.Hwmon@ahb-apb-i2c\x401e78a000-i2c\x2dbus\x40180-ir35221\x4070.service: Service hold-off time over, scheduling restart.
Aug 01 01:05:17 witherspoon systemd[1]: xyz.openbmc_project.Hwmon@ahb-apb-i2c\x401e78a000-i2c\x2dbus\x40140-ir35221\x4071.service: Unit not needed anymore. Stopping.
Aug 01 01:05:17 witherspoon systemd[1]: Requested transaction contradicts existing jobs: Transaction is destructive.
Aug 01 01:05:17 witherspoon systemd[1]: xyz.openbmc_project.Hwmon@ahb-apb-i2c\x401e78a000-i2c\x2dbus\x40140-ir35221\x4071.service: Failed to enqueue stop job, ignoring: Transaction is destructive.
Aug 01 01:05:17 witherspoon systemd[1]: xyz.openbmc_project.Hwmon@ahb-apb-i2c\x401e78a000-i2c\x2dbus\x40180-ir35221\x4071.service: Unit not needed anymore. Stopping.
Aug 01 01:05:17 witherspoon systemd[1]: Requested transaction contradicts existing jobs: Transaction is destructive.
Aug 01 01:05:17 witherspoon systemd[1]: xyz.openbmc_project.Hwmon@ahb-apb-i2c\x401e78a000-i2c\x2dbus\x40180-ir35221\x4071.service: Failed to enqueue stop job, ignoring: Transaction is destructive.
Aug 01 01:05:17 witherspoon systemd[1]: xyz.openbmc_project.Hwmon@ahb-apb-i2c\x401e78a000-i2c\x2dbus\x40180-ir35221\x4070.service: Unit not needed anymore. Stopping.
Aug 01 01:05:17 witherspoon systemd[1]: Requested transaction contradicts existing jobs: Transaction is destructive.
Aug 01 01:05:17 witherspoon systemd[1]: xyz.openbmc_project.Hwmon@ahb-apb-i2c\x401e78a000-i2c\x2dbus\x40180-ir35221\x4070.service: Failed to enqueue stop job, ignoring: Transaction is destructive.
Aug 01 01:05:17 witherspoon systemd[1]: Stopped Phosphor Hwmon Poller.
Aug 01 01:05:17 witherspoon systemd[1]: Started Phosphor Hwmon Poller.
Aug 01 01:05:17 witherspoon systemd[1]: xyz.openbmc_project.Hwmon@ahb-apb-i2c\x401e78a000-i2c\x2dbus\x40180-ir35221\x4070.service: Unit not needed anymore. Stopping.
Aug 01 01:05:17 witherspoon systemd[1]: Stopping Phosphor Hwmon Poller...
Aug 01 01:05:17 witherspoon systemd[1]: Stopped Phosphor Hwmon Poller.
