-- Logs begin at Fri 2017-08-25 16:49:00 UTC, end at Fri 2017-08-25 17:02:31 UTC. --
Aug 25 16:49:00 witherspoon kernel: Booting Linux on physical CPU 0x0
Aug 25 16:49:00 witherspoon kernel: Linux version 4.10.17-ba30e9ed152bab62f72da24986ee5ca22d6c9b07 (jenkins@openbmc-builder2) (gcc version 6.2.0 (GCC) ) #1 Fri Aug 25 15:52:52 UTC 2017
Aug 25 16:49:00 witherspoon kernel: CPU: ARMv6-compatible processor [410fb767] revision 7 (ARMv7), cr=00c5387d
Aug 25 16:49:00 witherspoon kernel: CPU: PIPT / VIPT nonaliasing data cache, VIPT nonaliasing instruction cache
Aug 25 16:49:00 witherspoon kernel: OF: fdt:Machine model: Witherspoon BMC
Aug 25 16:49:00 witherspoon kernel: Memory policy: Data cache writeback
Aug 25 16:49:00 witherspoon kernel: SOC Rev: 04030303
Aug 25 16:49:00 witherspoon kernel: On node 0 totalpages: 110592
Aug 25 16:49:00 witherspoon kernel: free_area_init_node: node 0, pgdat 80601864, node_mem_map 9ec1a000
Aug 25 16:49:00 witherspoon kernel:   Normal zone: 992 pages used for memmap
Aug 25 16:49:00 witherspoon kernel:   Normal zone: 0 pages reserved
Aug 25 16:49:00 witherspoon kernel:   Normal zone: 110592 pages, LIFO batch:31
Aug 25 16:49:00 witherspoon kernel: pcpu-alloc: s0 r0 d32768 u32768 alloc=1*32768
Aug 25 16:49:00 witherspoon kernel: pcpu-alloc: [0] 0 
Aug 25 16:49:00 witherspoon kernel: Built 1 zonelists in Zone order, mobility grouping on.  Total pages: 109600
Aug 25 16:49:00 witherspoon kernel: Kernel command line: console=ttyS4,115200n8 root=/dev/ram rw
Aug 25 16:49:00 witherspoon kernel: PID hash table entries: 2048 (order: 1, 8192 bytes)
Aug 25 16:49:00 witherspoon kernel: Dentry cache hash table entries: 65536 (order: 6, 262144 bytes)
Aug 25 16:49:00 witherspoon kernel: Inode-cache hash table entries: 32768 (order: 5, 131072 bytes)
Aug 25 16:49:00 witherspoon kernel: Memory: 430424K/442368K available (4074K kernel code, 281K rwdata, 1196K rodata, 280K init, 111K bss, 11944K reserved, 0K cma-reserved)
Aug 25 16:49:00 witherspoon kernel: Virtual kernel memory layout:
                                        vector  : 0xffff0000 - 0xffff1000   (   4 kB)
                                        fixmap  : 0xffc00000 - 0xfff00000   (3072 kB)
                                        vmalloc : 0x9f800000 - 0xff800000   (1536 MB)
                                        lowmem  : 0x80000000 - 0x9f000000   ( 496 MB)
                                          .text : 0x80008000 - 0x80402d80   (4076 kB)
                                          .init : 0x80588000 - 0x805ce000   ( 280 kB)
                                          .data : 0x805ce000 - 0x80614710   ( 282 kB)
                                           .bss : 0x80614710 - 0x806305b8   ( 112 kB)
Aug 25 16:49:00 witherspoon kernel: NR_IRQS:16 nr_irqs:16 16
Aug 25 16:49:00 witherspoon kernel: i2c controller registered, irq 16
Aug 25 16:49:00 witherspoon kernel: clocksource: moxart_timer: mask: 0xffffffff max_cycles: 0xffffffff, max_idle_ns: 77222644334 ns
Aug 25 16:49:00 witherspoon kernel: sched_clock: 32 bits at 100 Hz, resolution 10000000ns, wraps every 21474836475000000ns
Aug 25 16:49:00 witherspoon kernel: Calibrating delay loop... 789.70 BogoMIPS (lpj=3948544)
Aug 25 16:49:00 witherspoon kernel: pid_max: default: 32768 minimum: 301
Aug 25 16:49:00 witherspoon kernel: Mount-cache hash table entries: 1024 (order: 0, 4096 bytes)
Aug 25 16:49:00 witherspoon kernel: Mountpoint-cache hash table entries: 1024 (order: 0, 4096 bytes)
Aug 25 16:49:00 witherspoon kernel: CPU: Testing write buffer coherency: ok
Aug 25 16:49:00 witherspoon kernel: ftrace: allocating 14975 entries in 44 pages
Aug 25 16:49:00 witherspoon kernel: Setting up static identity map for 0x80008200 - 0x8000825c
Aug 25 16:49:00 witherspoon kernel: devtmpfs: initialized
Aug 25 16:49:00 witherspoon kernel: clocksource: jiffies: mask: 0xffffffff max_cycles: 0xffffffff, max_idle_ns: 19112604462750000 ns
Aug 25 16:49:00 witherspoon kernel: futex hash table entries: 256 (order: -1, 3072 bytes)
Aug 25 16:49:00 witherspoon kernel: pinctrl core: initialized pinctrl subsystem
Aug 25 16:49:00 witherspoon kernel: NET: Registered protocol family 16
Aug 25 16:49:00 witherspoon kernel: DMA: preallocated 256 KiB pool for atomic coherent allocations
Aug 25 16:49:00 witherspoon kernel: usbcore: registered new interface driver usbfs
Aug 25 16:49:00 witherspoon kernel: usbcore: registered new interface driver hub
Aug 25 16:49:00 witherspoon kernel: usbcore: registered new device driver usb
Aug 25 16:49:00 witherspoon kernel: clocksource: Switched to clocksource moxart_timer
Aug 25 16:49:00 witherspoon kernel: NET: Registered protocol family 2
Aug 25 16:49:00 witherspoon kernel: TCP established hash table entries: 4096 (order: 2, 16384 bytes)
Aug 25 16:49:00 witherspoon kernel: TCP bind hash table entries: 4096 (order: 2, 16384 bytes)
Aug 25 16:49:00 witherspoon kernel: TCP: Hash tables configured (established 4096 bind 4096)
Aug 25 16:49:00 witherspoon kernel: UDP hash table entries: 256 (order: 0, 4096 bytes)
Aug 25 16:49:00 witherspoon kernel: UDP-Lite hash table entries: 256 (order: 0, 4096 bytes)
Aug 25 16:49:00 witherspoon kernel: NET: Registered protocol family 1
Aug 25 16:49:00 witherspoon kernel: Trying to unpack rootfs image as initramfs...
Aug 25 16:49:00 witherspoon kernel: Freeing initrd memory: 1544K
Aug 25 16:49:01 witherspoon kernel: workingset: timestamp_bits=30 max_order=17 bucket_order=0
Aug 25 16:49:01 witherspoon kernel: squashfs: version 4.0 (2009/01/31) Phillip Lougher
Aug 25 16:49:01 witherspoon kernel: jffs2: version 2.2. (SUMMARY)  © 2001-2006 Red Hat, Inc.
Aug 25 16:49:01 witherspoon kernel: Block layer SCSI generic (bsg) driver version 0.4 loaded (major 250)
Aug 25 16:49:01 witherspoon kernel: io scheduler noop registered
Aug 25 16:49:01 witherspoon kernel: io scheduler deadline registered
Aug 25 16:49:01 witherspoon kernel: io scheduler cfq registered (default)
Aug 25 16:49:01 witherspoon kernel: ipmi-bt-host 1e789140.ibt: Found bt bmc device
Aug 25 16:49:01 witherspoon kernel: ipmi-bt-host 1e789140.ibt: Using IRQ 22
Aug 25 16:49:01 witherspoon kernel: Serial: 8250/16550 driver, 6 ports, IRQ sharing enabled
Aug 25 16:49:01 witherspoon kernel: 1e787000.vuart: ttyS0 at MMIO 0x1e787000 (irq = 22, base_baud = 1500000) is a 16550A
Aug 25 16:49:01 witherspoon kernel: 1e783000.serial: ttyS1 at MMIO 0x1e783000 (irq = 23, base_baud = 1500000) is a 16550A
Aug 25 16:49:01 witherspoon kernel: 1e78d000.serial: ttyS2 at MMIO 0x1e78d000 (irq = 24, base_baud = 1500000) is a 16550A
Aug 25 16:49:01 witherspoon kernel: 1e784000.serial: ttyS4 at MMIO 0x1e784000 (irq = 25, base_baud = 1500000) is a 16550A
Aug 25 16:49:01 witherspoon kernel: console [ttyS4] enabled
Aug 25 16:49:01 witherspoon kernel: timeriomem_rng 1e6e2078.hwrng: 32bits from 0xf00e2078 @ 1us
Aug 25 16:49:01 witherspoon kernel: random: fast init done
Aug 25 16:49:01 witherspoon kernel: brd: module loaded
Aug 25 16:49:01 witherspoon kernel: random: crng init done
Aug 25 16:49:01 witherspoon kernel: loop: module loaded
Aug 25 16:49:01 witherspoon kernel: aspeed-lpc-ctrl 1e789080.lpc-ctrl: Loaded at 0x98000000 (0x04000000)
Aug 25 16:49:01 witherspoon kernel: aspeed-smc 1e620000.flash-controller: Using IRQ 18
Aug 25 16:49:01 witherspoon kernel: aspeed-smc 1e620000.flash-controller: DMA support disabled.
Aug 25 16:49:01 witherspoon kernel: aspeed-smc 1e620000.flash-controller: mx25l25635e (32768 Kbytes)
Aug 25 16:49:01 witherspoon kernel: aspeed-smc 1e620000.flash-controller: CE0 window [ 0x20000000 - 0x22000000 ] 32MB
Aug 25 16:49:01 witherspoon kernel: aspeed-smc 1e620000.flash-controller: CE1 window [ 0x22000000 - 0x2a000000 ] 128MB
Aug 25 16:49:01 witherspoon kernel: 5 ofpart partitions found on MTD device bmc
Aug 25 16:49:01 witherspoon kernel: Creating 5 MTD partitions on "bmc":
Aug 25 16:49:01 witherspoon kernel: 0x000000000000-0x000000060000 : "u-boot"
Aug 25 16:49:01 witherspoon kernel: 0x000000060000-0x000000080000 : "u-boot-env"
Aug 25 16:49:01 witherspoon kernel: 0x000000080000-0x0000004c0000 : "kernel"
Aug 25 16:49:01 witherspoon kernel: 0x0000004c0000-0x000001c00000 : "rofs"
Aug 25 16:49:01 witherspoon kernel: 0x000001c00000-0x000002000000 : "rwfs"
Aug 25 16:49:01 witherspoon kernel: aspeed-smc 1e620000.flash-controller: mx25l25635e (32768 Kbytes)
Aug 25 16:49:01 witherspoon kernel: aspeed-smc 1e620000.flash-controller: CE1 window [ 0x22000000 - 0x24000000 ] 32MB
Aug 25 16:49:01 witherspoon kernel: aspeed-smc 1e620000.flash-controller: CE2 window [ 0x24000000 - 0x2c000000 ] 128MB
Aug 25 16:49:01 witherspoon kernel: aspeed-smc 1e630000.flash-controller: mx66l1g45g (131072 Kbytes)
Aug 25 16:49:01 witherspoon kernel: aspeed-smc 1e630000.flash-controller: CE0 window resized to 120MB (AST2500 HW quirk)
Aug 25 16:49:01 witherspoon kernel: aspeed-smc 1e630000.flash-controller: CE0 window [ 0x30000000 - 0x37800000 ] 120MB
Aug 25 16:49:01 witherspoon kernel: aspeed-smc 1e630000.flash-controller: CE0 window too small for chip 128MB
Aug 25 16:49:01 witherspoon kernel: aspeed-smc 1e630000.flash-controller: CE1 window [ 0x37800000 - 0x38000000 ] 8MB
Aug 25 16:49:01 witherspoon kernel: libphy: Fixed MDIO Bus: probed
Aug 25 16:49:01 witherspoon kernel: ftgmac100 1e660000.ethernet: Read MAC address 70:e2:84:14:28:a9 from chip
Aug 25 16:49:01 witherspoon kernel: ftgmac100 1e660000.ethernet: Using NCSI interface
Aug 25 16:49:01 witherspoon kernel: ftgmac100 1e660000.ethernet eth0: irq 20, mapped at f0060000
Aug 25 16:49:01 witherspoon kernel: ehci_hcd: USB 2.0 'Enhanced' Host Controller (EHCI) Driver
Aug 25 16:49:01 witherspoon kernel: ehci-platform: EHCI generic platform driver
Aug 25 16:49:01 witherspoon kernel:  fsi0: can't read slave 00:00 -5
Aug 25 16:49:01 witherspoon kernel: i2c /dev entries driver
Aug 25 16:49:01 witherspoon kernel: aspeed-i2c-bus 1e78a0c0.i2c-bus: i2c bus 2 registered, irq 26
Aug 25 16:49:01 witherspoon kernel: aspeed-i2c-bus 1e78a100.i2c-bus: i2c bus 3 registered, irq 27
Aug 25 16:49:01 witherspoon kernel: aspeed-i2c-bus 1e78a140.i2c-bus: i2c bus 4 registered, irq 28
Aug 25 16:49:01 witherspoon kernel: aspeed-i2c-bus 1e78a180.i2c-bus: i2c bus 5 registered, irq 29
Aug 25 16:49:01 witherspoon kernel: aspeed-i2c-bus 1e78a380.i2c-bus: i2c bus 9 registered, irq 30
Aug 25 16:49:01 witherspoon kernel: aspeed-i2c-bus 1e78a3c0.i2c-bus: i2c bus 10 registered, irq 31
Aug 25 16:49:01 witherspoon kernel: rtc-rv8803 11-0032: Voltage low, temperature compensation stopped.
Aug 25 16:49:01 witherspoon kernel: rtc-rv8803 11-0032: rtc core: registered rx8900 as rtc0
Aug 25 16:49:01 witherspoon kernel: at24 11-0051: 8192 byte 24c64 EEPROM, writable, 1 bytes/write
Aug 25 16:49:01 witherspoon kernel: aspeed-i2c-bus 1e78a400.i2c-bus: i2c bus 11 registered, irq 32
Aug 25 16:49:01 witherspoon kernel: aspeed-i2c-bus 1e78a440.i2c-bus: i2c bus 12 registered, irq 33
Aug 25 16:49:01 witherspoon kernel: aspeed-i2c-bus 1e78a480.i2c-bus: i2c bus 13 registered, irq 34
Aug 25 16:49:01 witherspoon kernel: Driver for 1-wire Dallas network protocol.
Aug 25 16:49:01 witherspoon kernel: lm75 9-004a: hwmon0: sensor 'tmp275'
Aug 25 16:49:01 witherspoon kernel: ucd9000 11-0064: Device ID UCD90160|2.3.4.0000|110603
Aug 25 16:49:01 witherspoon kernel: leds-pca955x 3-0060: leds-pca955x: Using pca9552 16-bit LED driver at slave address 0x60
Aug 25 16:49:01 witherspoon kernel: leds-pca955x 3-0060: gpios 264...279
Aug 25 16:49:01 witherspoon kernel: leds-pca955x 11-0060: leds-pca955x: Using pca9552 16-bit LED driver at slave address 0x60
Aug 25 16:49:01 witherspoon kernel: leds-pca955x 11-0060: gpios 248...263
Aug 25 16:49:01 witherspoon kernel: usbcore: registered new interface driver usbhid
Aug 25 16:49:01 witherspoon kernel: usbhid: USB HID core driver
Aug 25 16:49:01 witherspoon kernel: dps310 3-0076: iio:device1: sensor 'dps310'
Aug 25 16:49:01 witherspoon kernel: NET: Registered protocol family 10
Aug 25 16:49:01 witherspoon kernel: Segment Routing with IPv6
Aug 25 16:49:01 witherspoon kernel: NET: Registered protocol family 17
Aug 25 16:49:01 witherspoon kernel: 8021q: 802.1Q VLAN Support v1.8
Aug 25 16:49:01 witherspoon kernel: input: gpio-keys-polled as /devices/platform/gpio-keys-polled/input/input1
Aug 25 16:49:01 witherspoon kernel: console [netcon0] enabled
Aug 25 16:49:01 witherspoon kernel: netconsole: network logging started
Aug 25 16:49:01 witherspoon kernel: input: gpio-keys as /devices/platform/gpio-keys/input/input2
Aug 25 16:49:01 witherspoon kernel: rtc-rv8803 11-0032: setting system clock to 2017-08-25 16:48:53 UTC (1503679733)
Aug 25 16:49:01 witherspoon kernel: Freeing unused kernel memory: 280K
Aug 25 16:49:01 witherspoon kernel: This architecture does not have kernel memory protection.
Aug 25 16:49:01 witherspoon kernel: jffs2: notice: (540) jffs2_build_xattr_subsystem: complete building xattr subsystem, 54 of xdatum (50 unchecked, 0 orphan) and 180 of xref (0 dead, 0 orphan) found.
Aug 25 16:49:01 witherspoon systemd[1]: Failed to insert module 'autofs4': No such file or directory
Aug 25 16:49:01 witherspoon systemd[1]: systemd 232 running in system mode. (+PAM -AUDIT -SELINUX -IMA -APPARMOR -SMACK +SYSVINIT -UTMP -LIBCRYPTSETUP -GCRYPT -GNUTLS +ACL +XZ -LZ4 -SECCOMP +BLKID -ELFUTILS +KMOD -IDN)
Aug 25 16:49:01 witherspoon systemd[1]: Detected architecture arm.
Aug 25 16:49:01 witherspoon systemd[1]: Set hostname to <witherspoon>.
Aug 25 16:49:01 witherspoon systemd[1]: phosphor-fan-monitor-init@0.service: Service has Restart= setting other than no, which isn't allowed for Type=oneshot services. Refusing.
Aug 25 16:49:01 witherspoon systemd[1]: Listening on udev Control Socket.
Aug 25 16:49:01 witherspoon systemd[1]: Reached target Remote File Systems.
Aug 25 16:49:01 witherspoon systemd[1]: Reached target Swap.
Aug 25 16:49:01 witherspoon systemd[1]: Listening on Process Core Dump Socket.
Aug 25 16:49:01 witherspoon systemd[1]: Listening on Journal Socket.
Aug 25 16:49:01 witherspoon systemd[1]: Listening on Journal Socket (/dev/log).
Aug 25 16:49:01 witherspoon systemd-journald[666]: Journal started
Aug 25 16:49:01 witherspoon systemd-journald[666]: Runtime journal (/run/log/journal/12c6a00ebfdd479284cf09f39d1bc042) is 0B, max 0B, 0B free.
Aug 25 16:49:01 witherspoon systemd-sysctl[559]: Couldn't write '16' to 'kernel/sysrq', ignoring: No such file or directory
Aug 25 16:49:01 witherspoon systemd-sysctl[559]: Couldn't write 'fq_codel' to 'net/core/default_qdisc', ignoring: No such file or directory
Aug 25 16:49:01 witherspoon systemd[1]: Started Apply Kernel Variables.
Aug 25 16:49:01 witherspoon systemd[1]: Started Remount Root and Kernel File Systems.
Aug 25 16:49:01 witherspoon systemd[1]: Starting Create Static Device Nodes in /dev...
Aug 25 16:49:01 witherspoon systemd[1]: Starting Flush Journal to Persistent Storage...
Aug 25 16:49:02 witherspoon systemd-journald[666]: Runtime journal (/run/log/journal/12c6a00ebfdd479284cf09f39d1bc042) is 0B, max 0B, 0B free.
Aug 25 16:49:02 witherspoon systemd[1]: Started Flush Journal to Persistent Storage.
Aug 25 16:49:02 witherspoon systemd[1]: Started Create Static Device Nodes in /dev.
Aug 25 16:49:02 witherspoon systemd[1]: Reached target Local File Systems (Pre).
Aug 25 16:49:02 witherspoon systemd[1]: Mounting /usr/local...
Aug 25 16:49:02 witherspoon systemd[1]: Mounting /var/volatile...
Aug 25 16:49:02 witherspoon systemd[1]: Starting udev Kernel Device Manager...
Aug 25 16:49:02 witherspoon systemd[1]: Mounted /usr/local.
Aug 25 16:49:02 witherspoon systemd[1]: Mounted /var/volatile.
Aug 25 16:49:02 witherspoon systemd[1]: Starting Load/Save Random Seed...
Aug 25 16:49:02 witherspoon systemd[1]: Reached target Local File Systems.
Aug 25 16:49:02 witherspoon systemd[1]: Starting Create Volatile Files and Directories...
Aug 25 16:49:03 witherspoon systemd[1]: Started Load/Save Random Seed.
Aug 25 16:49:03 witherspoon systemd[1]: Started udev Coldplug all Devices.
Aug 25 16:49:03 witherspoon systemd[1]: Started udev Kernel Device Manager.
Aug 25 16:49:03 witherspoon systemd-tmpfiles[732]: "/var/tmp" already exists and is not a directory.
Aug 25 16:49:03 witherspoon systemd-tmpfiles[732]: "/var/log" already exists and is not a directory.
Aug 25 16:49:03 witherspoon systemd[1]: Started Create Volatile Files and Directories.
Aug 25 16:49:03 witherspoon systemd[1]: Starting Network Time Synchronization...
Aug 25 16:49:04 witherspoon systemd-udevd[924]: rename '/dev/mtd/.tmp-c90:9' '/dev/mtd/' failed: Not a directory
Aug 25 16:49:04 witherspoon systemd-udevd[927]: rename '/dev/mtd/.tmp-c90:15' '/dev/mtd/' failed: Not a directory
Aug 25 16:49:04 witherspoon systemd-udevd[930]: rename '/dev/mtd/.tmp-c90:11' '/dev/mtd/' failed: Not a directory
Aug 25 16:49:04 witherspoon systemd-udevd[932]: rename '/dev/mtd/.tmp-c90:1' '/dev/mtd/' failed: Not a directory
Aug 25 16:49:04 witherspoon systemd-udevd[928]: rename '/dev/mtd/.tmp-c90:13' '/dev/mtd/' failed: Not a directory
Aug 25 16:49:04 witherspoon systemd-udevd[926]: rename '/dev/mtd/.tmp-c90:7' '/dev/mtd/' failed: Not a directory
Aug 25 16:49:04 witherspoon systemd-udevd[931]: rename '/dev/mtd/.tmp-c90:5' '/dev/mtd/' failed: Not a directory
Aug 25 16:49:04 witherspoon systemd-udevd[929]: rename '/dev/mtd/.tmp-c90:3' '/dev/mtd/' failed: Not a directory
Aug 25 16:49:05 witherspoon systemd[1]: Started Network Time Synchronization.
Aug 25 16:49:05 witherspoon systemd[1]: Found device /dev/aspeed-lpc-ctrl.
Aug 25 16:49:05 witherspoon systemd[1]: Found device /dev/aspeed-mbox.
Aug 25 16:49:05 witherspoon systemd[1]: Found device /dev/ttyS4.
Aug 25 16:49:05 witherspoon systemd[1]: Found device /dev/ttyVUART0.
Aug 25 16:49:06 witherspoon systemd[1]: Created slice system-xyz.openbmc_project.led.controller.slice.
Aug 25 16:49:06 witherspoon systemd[1]: Reached target System Time Synchronized.
Aug 25 16:49:06 witherspoon systemd[1]: dev-hugepages.mount: Couldn't determine result for ConditionVirtualization=!private-users, assuming failed: No such file or directory
Aug 25 16:49:06 witherspoon systemd[1]: Created slice system-xyz.openbmc_project.Hwmon.slice.
Aug 25 16:49:06 witherspoon systemd[1]: Reached target System Initialization.
Aug 25 16:49:07 witherspoon systemd[1]: Listening on Phosphor Host Console SSH Per-Connection socket.
Aug 25 16:49:07 witherspoon systemd[1]: Listening on Phosphor DBUS Browser socket.
Aug 25 16:49:07 witherspoon systemd[1]: Started Daily Cleanup of Temporary Directories.
Aug 25 16:49:07 witherspoon systemd[1]: Reached target Timers.
Aug 25 16:49:07 witherspoon systemd[1]: Listening on Phosphor Webserver socket.
Aug 25 16:49:07 witherspoon systemd[1]: Listening on D-Bus System Message Bus Socket.
Aug 25 16:49:07 witherspoon systemd[1]: Listening on dropbear.socket.
Aug 25 16:49:07 witherspoon systemd[1]: Listening on Avahi mDNS/DNS-SD Stack Activation Socket.
Aug 25 16:49:07 witherspoon systemd[1]: Listening on phosphor-ipmi-net.socket.
Aug 25 16:49:07 witherspoon systemd[1]: Reached target Sockets.
Aug 25 16:49:07 witherspoon systemd[1]: Reached target Basic System.
Aug 25 16:49:07 witherspoon systemd[1]: Started Phosphor sysfs LED controller.
Aug 25 16:49:07 witherspoon systemd[1]: Started Phosphor sysfs LED controller.
Aug 25 16:49:07 witherspoon systemd[1]: Started Phosphor sysfs LED controller.
Aug 25 16:49:07 witherspoon systemd[1]: Starting Clear one time boot overrides...
Aug 25 16:49:07 witherspoon systemd[1]: Started Phosphor sysfs LED controller.
Aug 25 16:49:07 witherspoon systemd[1]: Starting Phosphor Log Manager...
Aug 25 16:49:07 witherspoon systemd[1]: Reached target Containers.
Aug 25 16:49:07 witherspoon systemd[1]: Starting Phosphor DBus Service Discovery Manager...
Aug 25 16:49:07 witherspoon systemd[1]: Starting Remount the squashfs and ubi volumes after a reboot...
Aug 25 16:49:07 witherspoon systemd[1]: Starting Phosphor Inventory Manager...
Aug 25 16:49:07 witherspoon systemd[1]: Starting Phosphor Inventory Manager...
Aug 25 16:49:07 witherspoon systemd[1]: Starting Phosphor Network Manager...
Aug 25 16:49:07 witherspoon systemd[1]: Started System Logging Service.
Aug 25 16:49:07 witherspoon systemd[1]: Starting Phosphor LED Group Management Daemon...
Aug 25 16:49:07 witherspoon systemd[1]: Started D-Bus System Message Bus.
Aug 25 16:49:08 witherspoon kernel: ubi7: default fastmap pool size: 100
Aug 25 16:49:08 witherspoon kernel: ubi7: default fastmap WL pool size: 50
Aug 25 16:49:08 witherspoon kernel: ubi7: attaching mtd7
Aug 25 16:49:10 witherspoon obmc-flash-bios[953]: UBI device number 7, total 2048 LEBs (133955584 bytes, 127.8 MiB), available 1367 LEBs (89412736 bytes, 85.3 MiB), LEB size 65408 bytes (63.9 KiB)
Aug 25 16:49:10 witherspoon kernel: ubi7: scanning is finished
Aug 25 16:49:10 witherspoon kernel: ubi7: attached mtd7 (name "pnor", size 128 MiB)
Aug 25 16:49:10 witherspoon kernel: ubi7: PEB size: 65536 bytes (64 KiB), LEB size: 65408 bytes
Aug 25 16:49:10 witherspoon kernel: ubi7: min./max. I/O unit sizes: 1/256, sub-page size 1
Aug 25 16:49:10 witherspoon kernel: ubi7: VID header offset: 64 (aligned 64), data offset: 128
Aug 25 16:49:10 witherspoon kernel: ubi7: good PEBs: 2048, bad PEBs: 0, corrupted PEBs: 0
Aug 25 16:49:10 witherspoon kernel: ubi7: user volume: 3, internal volumes: 1, max. volumes count: 128
Aug 25 16:49:10 witherspoon kernel: ubi7: max/mean erase counter: 1/0, WL threshold: 4096, image sequence number: 296498534
Aug 25 16:49:10 witherspoon kernel: ubi7: available PEBs: 1367, total reserved PEBs: 681, PEBs reserved for bad PEB handling: 0
Aug 25 16:49:10 witherspoon kernel: ubi7: background thread "ubi_bgt7d" started, PID 970
Aug 25 16:49:11 witherspoon systemd[1]: Started Phosphor Inventory Manager.
Aug 25 16:49:11 witherspoon systemd[1]: Starting Remount the ubi volume after a reboot...
Aug 25 16:49:11 witherspoon systemd[1]: Started Phosphor Console Muxer listening on device /dev/ttyVUART0.
Aug 25 16:49:11 witherspoon systemd[1]: Started Phosphor sysfs LED controller.
Aug 25 16:49:11 witherspoon systemd[1]: Started Phosphor sysfs LED controller.
Aug 25 16:49:12 witherspoon kernel: UBIFS (ubi7:0): UBIFS: mounted UBI device 7, volume 0, name "pnor-rw-fd2cbe15"
Aug 25 16:49:12 witherspoon kernel: UBIFS (ubi7:0): LEB size: 65408 bytes (63 KiB), min./max. I/O unit sizes: 8 bytes/256 bytes
Aug 25 16:49:12 witherspoon kernel: UBIFS (ubi7:0): FS size: 16155776 bytes (15 MiB, 247 LEBs), journal size 784896 bytes (0 MiB, 12 LEBs)
Aug 25 16:49:12 witherspoon kernel: UBIFS (ubi7:0): reserved for root: 763076 bytes (745 KiB)
Aug 25 16:49:12 witherspoon kernel: UBIFS (ubi7:0): media format: w5/r0 (latest is w5/r0), UUID 7136606D-CB9F-46E4-BB27-E38E45E7B5FF, small LPT model
Aug 25 16:49:12 witherspoon kernel: UBIFS (ubi7:0): background thread "ubifs_bgt7_0" started, PID 985
Aug 25 16:49:12 witherspoon systemd[1]: Starting Phosphor BMC0 Control...
Aug 25 16:49:12 witherspoon systemd[1]: Starting Avahi mDNS/DNS-SD Stack...
Aug 25 16:49:12 witherspoon systemd[1]: Starting Phosphor Download Manager...
Aug 25 16:49:12 witherspoon systemd[1]: Started Phosphor Dump core monitor..
Aug 25 16:49:12 witherspoon systemd[1]: Started Phosphor sysfs LED controller.
Aug 25 16:49:12 witherspoon systemd[1]: Starting Phosphor Dump Manager...
Aug 25 16:49:12 witherspoon systemd[1]: Starting Phosphor User Manager...
Aug 25 16:49:12 witherspoon systemd[1]: Starting Phosphor Sensor Manager...
Aug 25 16:49:12 witherspoon systemd[1]: Starting Phosphor Chassis0 Control...
Aug 25 16:49:12 witherspoon systemd[1]: Started Phosphor sysfs LED controller.
Aug 25 16:49:12 witherspoon systemd[1]: Starting Phosphor Settings Daemon...
Aug 25 16:49:12 witherspoon systemd[1]: Starting Updates symlinks for active PNOR version...
Aug 25 16:49:12 witherspoon systemd[1]: Started Hardware RNG Entropy Gatherer Daemon.
Aug 25 16:49:13 witherspoon systemd[1]: Started Kernel Logging Service.
Aug 25 16:49:13 witherspoon systemd[1]: Starting Phosphor IPMI BT DBus Bridge...
Aug 25 16:49:13 witherspoon systemd[1]: Started Phosphor sysfs LED controller.
Aug 25 16:49:13 witherspoon systemd[1]: Started Phosphor sysfs LED controller.
Aug 25 16:49:13 witherspoon kernel[1005]: klogd started: BusyBox v1.24.1 (2017-06-16 19:28:48 UTC)
Aug 25 16:49:13 witherspoon kernel[1005]: [    0.000000] Booting Linux on physical CPU 0x0
Aug 25 16:49:13 witherspoon kernel[1005]: [    0.000000] Linux version 4.10.17-ba30e9ed152bab62f72da24986ee5ca22d6c9b07 (jenkins@openbmc-builder2) (gcc version 6.2.0 (GCC) ) #1 Fri Aug 25 15:52:52 UTC 2017
Aug 25 16:49:13 witherspoon kernel[1005]: [    0.000000] CPU: ARMv6-compatible processor [410fb767] revision 7 (ARMv7), cr=00c5387d
Aug 25 16:49:13 witherspoon kernel[1005]: [    0.000000] CPU: PIPT / VIPT nonaliasing data cache, VIPT nonaliasing instruction cache
Aug 25 16:49:13 witherspoon kernel[1005]: [    0.000000] OF: fdt:Machine model: Witherspoon BMC
Aug 25 16:49:13 witherspoon kernel[1005]: [    0.000000] Memory policy: Data cache writeback
Aug 25 16:49:13 witherspoon kernel[1005]: [    0.000000] SOC Rev: 04030303
Aug 25 16:49:13 witherspoon kernel[1005]: [    0.000000] On node 0 totalpages: 110592
Aug 25 16:49:13 witherspoon kernel[1005]: [    0.000000] free_area_init_node: node 0, pgdat 80601864, node_mem_map 9ec1a000
Aug 25 16:49:13 witherspoon kernel[1005]: [    0.000000]   Normal zone: 992 pages used for memmap
Aug 25 16:49:13 witherspoon systemd[1]: Starting Phosphor Download Manager...
Aug 25 16:49:13 witherspoon kernel[1005]: [    0.000000]   Normal zone: 0 pages reserved
Aug 25 16:49:13 witherspoon systemd[1]: Starting Network Service...
Aug 25 16:49:13 witherspoon kernel[1005]: [    0.000000]   Normal zone: 110592 pages, LIFO batch:31
Aug 25 16:49:13 witherspoon kernel[1005]: [    0.000000] pcpu-alloc: s0 r0 d32768 u32768 alloc=1*32768
Aug 25 16:49:13 witherspoon kernel[1005]: [    0.000000] pcpu-alloc: [0] 0
Aug 25 16:49:13 witherspoon kernel[1005]: [    0.000000] Built 1 zonelists in Zone order, mobility grouping on.  Total pages: 109600
Aug 25 16:49:13 witherspoon kernel[1005]: [    0.000000] Kernel command line: console=ttyS4,115200n8 root=/dev/ram rw
Aug 25 16:49:13 witherspoon kernel[1005]: [    0.000000] PID hash table entries: 2048 (order: 1, 8192 bytes)
Aug 25 16:49:13 witherspoon kernel[1005]: [    0.000000] Dentry cache hash table entries: 65536 (order: 6, 262144 bytes)
Aug 25 16:49:13 witherspoon kernel[1005]: [    0.000000] Inode-cache hash table entries: 32768 (order: 5, 131072 bytes)
Aug 25 16:49:13 witherspoon kernel[1005]: [    0.000000] Memory: 430424K/442368K available (4074K kernel code, 281K rwdata, 1196K rodata, 280K init, 111K bss, 11944K reserved, 0K cma-reserved)
Aug 25 16:49:13 witherspoon kernel[1005]: [    0.000000] Virtual kernel memory layout:
Aug 25 16:49:13 witherspoon kernel[1005]: [    0.000000]     vector  : 0xffff0000 - 0xffff1000   (   4 kB)
Aug 25 16:49:13 witherspoon kernel[1005]: [    0.000000]     fixmap  : 0xffc00000 - 0xfff00000   (3072 kB)
Aug 25 16:49:14 witherspoon systemd[1]: Started Phosphor IPMI BT DBus Bridge.
Aug 25 16:49:13 witherspoon kernel[1005]: [    0.000000]     vmalloc : 0x9f800000 - 0xff800000   (1536 MB)
Aug 25 16:49:13 witherspoon kernel[1005]: [    0.000000]     lowmem  : 0x80000000 - 0x9f000000   ( 496 MB)
Aug 25 16:49:13 witherspoon kernel[1005]: [    0.000000]       .text : 0x80008000 - 0x80402d80   (4076 kB)
Aug 25 16:49:13 witherspoon kernel[1005]: [    0.000000]       .init : 0x80588000 - 0x805ce000   ( 280 kB)
Aug 25 16:49:14 witherspoon systemd[1]: Started Clear one time boot overrides.
Aug 25 16:49:13 witherspoon kernel[1005]: [    0.000000]       .data : 0x805ce000 - 0x80614710   ( 282 kB)
Aug 25 16:49:13 witherspoon kernel[1005]: [    0.000000]        .bss : 0x80614710 - 0x806305b8   ( 112 kB)
Aug 25 16:49:13 witherspoon kernel[1005]: [    0.000000] NR_IRQS:16 nr_irqs:16 16
Aug 25 16:49:13 witherspoon kernel[1005]: [    0.000000] i2c controller registered, irq 16
Aug 25 16:49:13 witherspoon kernel[1005]: [    0.000000] clocksource: moxart_timer: mask: 0xffffffff max_cycles: 0xffffffff, max_idle_ns: 77222644334 ns
Aug 25 16:49:13 witherspoon kernel[1005]: [    0.000000] sched_clock: 32 bits at 100 Hz, resolution 10000000ns, wraps every 21474836475000000ns
Aug 25 16:49:13 witherspoon kernel[1005]: [    0.090000] Calibrating delay loop... 789.70 BogoMIPS (lpj=3948544)
Aug 25 16:49:13 witherspoon kernel[1005]: [    0.090000] pid_max: default: 32768 minimum: 301
Aug 25 16:49:13 witherspoon kernel[1005]: [    0.090000] Mount-cache hash table entries: 1024 (order: 0, 4096 bytes)
Aug 25 16:49:16 witherspoon obmc-flash-bmc[975]: hexdump: /dev/mtd: Is a directory
Aug 25 16:49:16 witherspoon obmc-flash-bios[1003]: '/var/lib/phosphor-software-manager/pnor/ro' -> '/media/pnor-ro-fd2cbe15'
Aug 25 16:49:15 witherspoon systemd[1]: Started Phosphor Log Manager.
Aug 25 16:49:13 witherspoon kernel[1005]: [    0.090000] Mountpoint-cache hash table entries: 1024 (order: 0, 4096 bytes)
Aug 25 16:49:16 witherspoon obmc-flash-bios[1003]: '/var/lib/phosphor-software-manager/pnor/rw' -> '/media/pnor-rw-fd2cbe15'
Aug 25 16:49:15 witherspoon systemd-networkd[1010]: Could not create runtime directory: File exists
Aug 25 16:49:13 witherspoon kernel[1005]: [    0.090000] CPU: Testing write buffer coherency: ok
Aug 25 16:49:15 witherspoon systemd-networkd[1010]: Could not create runtime directory 'links': File exists
Aug 25 16:49:18 witherspoon obmc-flash-bios[1003]: '/var/lib/phosphor-software-manager/pnor/prsv' -> '/media/pnor-prsv'
Aug 25 16:49:13 witherspoon kernel[1005]: [    0.090000] ftrace: allocating 14975 entries in 44 pages
Aug 25 16:49:15 witherspoon systemd-networkd[1010]: Could not create runtime directory 'leases': File exists
Aug 25 16:49:13 witherspoon kernel[1005]: [    0.120000] Setting up static identity map for 0x80008200 - 0x8000825c
Aug 25 16:49:16 witherspoon systemd[1]: Started Phosphor LED Group Management Daemon.
Aug 25 16:49:13 witherspoon kernel[1005]: [    0.120000] devtmpfs: initialized
Aug 25 16:49:16 witherspoon systemd[1]: Started Phosphor Settings Daemon.
Aug 25 16:49:13 witherspoon kernel[1005]: [    0.140000] clocksource: jiffies: mask: 0xffffffff max_cycles: 0xffffffff, max_idle_ns: 19112604462750000 ns
Aug 25 16:49:16 witherspoon systemd[1]: Started Phosphor Dump Manager.
Aug 25 16:49:13 witherspoon kernel[1005]: [    0.140000] futex hash table entries: 256 (order: -1, 3072 bytes)
Aug 25 16:49:16 witherspoon systemd[1]: Started Phosphor Download Manager.
Aug 25 16:49:13 witherspoon kernel[1005]: [    0.140000] pinctrl core: initialized pinctrl subsystem
Aug 25 16:49:16 witherspoon systemd[1]: Started Updates symlinks for active PNOR version.
Aug 25 16:49:13 witherspoon kernel[1005]: [    0.150000] NET: Registered protocol family 16
Aug 25 16:49:13 witherspoon kernel[1005]: [    0.150000] DMA: preallocated 256 KiB pool for atomic coherent allocations
Aug 25 16:49:13 witherspoon kernel[1005]: [    0.210000] usbcore: registered new interface driver usbfs
Aug 25 16:49:13 witherspoon kernel[1005]: [    0.210000] usbcore: registered new interface driver hub
Aug 25 16:49:13 witherspoon kernel[1005]: [    0.210000] usbcore: registered new device driver usb
Aug 25 16:49:13 witherspoon kernel[1005]: [    0.220000] clocksource: Switched to clocksource moxart_timer
Aug 25 16:49:13 witherspoon kernel[1005]: [    0.240000] NET: Registered protocol family 2
Aug 25 16:49:13 witherspoon kernel[1005]: [    0.240000] TCP established hash table entries: 4096 (order: 2, 16384 bytes)
Aug 25 16:49:13 witherspoon kernel[1005]: [    0.240000] TCP bind hash table entries: 4096 (order: 2, 16384 bytes)
Aug 25 16:49:13 witherspoon kernel[1005]: [    0.240000] TCP: Hash tables configured (established 4096 bind 4096)
Aug 25 16:49:13 witherspoon kernel[1005]: [    0.240000] UDP hash table entries: 256 (order: 0, 4096 bytes)
Aug 25 16:49:13 witherspoon kernel[1005]: [    0.240000] UDP-Lite hash table entries: 256 (order: 0, 4096 bytes)
Aug 25 16:49:13 witherspoon kernel[1005]: [    0.240000] NET: Registered protocol family 1
Aug 25 16:49:13 witherspoon kernel[1005]: [    0.240000] Trying to unpack rootfs image as initramfs...
Aug 25 16:49:13 witherspoon kernel[1005]: [    1.910000] Freeing initrd memory: 1544K
Aug 25 16:49:13 witherspoon kernel[1005]: [    1.910000] workingset: timestamp_bits=30 max_order=17 bucket_order=0
Aug 25 16:49:13 witherspoon kernel[1005]: [    1.910000] squashfs: version 4.0 (2009/01/31) Phillip Lougher
Aug 25 16:49:13 witherspoon kernel[1005]: [    1.910000] jffs2: version 2.2. (SUMMARY)  © 2001-2006 Red Hat, Inc.
Aug 25 16:49:13 witherspoon kernel[1005]: [    1.910000] Block layer SCSI generic (bsg) driver version 0.4 loaded (major 250)
Aug 25 16:49:13 witherspoon kernel[1005]: [    1.910000] io scheduler noop registered
Aug 25 16:49:13 witherspoon kernel[1005]: [    1.910000] io scheduler deadline registered
Aug 25 16:49:13 witherspoon kernel[1005]: [    1.910000] io scheduler cfq registered (default)
Aug 25 16:49:13 witherspoon kernel[1005]: [    2.060000] ipmi-bt-host 1e789140.ibt: Found bt bmc device
Aug 25 16:49:13 witherspoon kernel[1005]: [    2.060000] ipmi-bt-host 1e789140.ibt: Using IRQ 22
Aug 25 16:49:13 witherspoon kernel[1005]: [    2.060000] Serial: 8250/16550 driver, 6 ports, IRQ sharing enabled
Aug 25 16:49:13 witherspoon kernel[1005]: [    2.060000] 1e787000.vuart: ttyS0 at MMIO 0x1e787000 (irq = 22, base_baud = 1500000) is a 16550A
Aug 25 16:49:13 witherspoon kernel[1005]: [    2.060000] 1e783000.serial: ttyS1 at MMIO 0x1e783000 (irq = 23, base_baud = 1500000) is a 16550A
Aug 25 16:49:13 witherspoon kernel[1005]: [    2.060000] 1e78d000.serial: ttyS2 at MMIO 0x1e78d000 (irq = 24, base_baud = 1500000) is a 16550A
Aug 25 16:49:13 witherspoon kernel[1005]: [    2.060000] 1e784000.serial: ttyS4 at MMIO 0x1e784000 (irq = 25, base_baud = 1500000) is a 16550A
Aug 25 16:49:13 witherspoon kernel[1005]: [    2.410000] console [ttyS4] enabled
Aug 25 16:49:13 witherspoon kernel[1005]: [    2.600000] timeriomem_rng 1e6e2078.hwrng: 32bits from 0xf00e2078 @ 1us
Aug 25 16:49:13 witherspoon kernel[1005]: [    2.620000] random: fast init done
Aug 25 16:49:13 witherspoon kernel[1005]: [    2.640000] brd: module loaded
Aug 25 16:49:13 witherspoon kernel[1005]: [    2.650000] random: crng init done
Aug 25 16:49:13 witherspoon kernel[1005]: [    2.680000] loop: module loaded
Aug 25 16:49:13 witherspoon kernel[1005]: [    2.680000] aspeed-lpc-ctrl 1e789080.lpc-ctrl: Loaded at 0x98000000 (0x04000000)
Aug 25 16:49:13 witherspoon kernel[1005]: [    2.700000] aspeed-smc 1e620000.flash-controller: Using IRQ 18
Aug 25 16:49:13 witherspoon kernel[1005]: [    2.700000] aspeed-smc 1e620000.flash-controller: DMA support disabled.
Aug 25 16:49:20 witherspoon kernel: 8021q: adding VLAN 0 to HW filter on device eth0
Aug 25 16:49:13 witherspoon kernel[1005]: [    2.700000] aspeed-smc 1e620000.flash-controller: mx25l25635e (32768 Kbytes)
Aug 25 16:49:18 witherspoon systemd-networkd[1010]: Enumeration completed
Aug 25 16:49:13 witherspoon kernel[1005]: [    2.720000] aspeed-smc 1e620000.flash-controller: CE0 window [ 0x20000000 - 0x22000000 ] 32MB
Aug 25 16:49:18 witherspoon systemd[1]: Started Network Service.
Aug 25 16:49:13 witherspoon kernel[1005]: [    2.720000] aspeed-smc 1e620000.flash-controller: CE1 window [ 0x22000000 - 0x2a000000 ] 128MB
Aug 25 16:49:18 witherspoon systemd[1]: Reached target Network.
Aug 25 16:49:13 witherspoon kernel[1005]: [    2.730000] 5 ofpart partitions found on MTD device bmc
Aug 25 16:49:18 witherspoon systemd-networkd[1010]: eth0: IPv6 enabled for interface: Success
Aug 25 16:49:13 witherspoon kernel[1005]: [    2.730000] Creating 5 MTD partitions on "bmc":
Aug 25 16:49:18 witherspoon systemd[1]: Starting Permit User Sessions...
Aug 25 16:49:13 witherspoon kernel[1005]: [    2.730000] 0x000000000000-0x000000060000 : "u-boot"
Aug 25 16:49:18 witherspoon systemd[1]: Started Lightweight SLP Server.
Aug 25 16:49:13 witherspoon kernel[1005]: [    2.760000] 0x000000060000-0x000000080000 : "u-boot-env"
Aug 25 16:49:18 witherspoon systemd-networkd[1010]: eth0: Gained carrier
Aug 25 16:49:13 witherspoon kernel[1005]: [    2.760000] 0x000000080000-0x0000004c0000 : "kernel"
Aug 25 16:49:18 witherspoon systemd-timesyncd[935]: Network configuration changed, trying to establish connection.
Aug 25 16:49:13 witherspoon kernel[1005]: [    2.780000] 0x0000004c0000-0x000001c00000 : "rofs"
Aug 25 16:49:19 witherspoon systemd[1]: Started Permit User Sessions.
Aug 25 16:49:13 witherspoon kernel[1005]: [    2.780000] 0x000001c00000-0x000002000000 : "rwfs"
Aug 25 16:49:19 witherspoon systemd[1]: Started Serial Getty on ttyS4.
Aug 25 16:49:13 witherspoon kernel[1005]: [    2.800000] aspeed-smc 1e620000.flash-controller: mx25l25635e (32768 Kbytes)
Aug 25 16:49:19 witherspoon systemd[1]: Reached target Login Prompts.
Aug 25 16:49:13 witherspoon kernel[1005]: [    2.800000] aspeed-smc 1e620000.flash-controller: CE1 window [ 0x22000000 - 0x24000000 ] 32MB
Aug 25 16:49:13 witherspoon kernel[1005]: [    2.810000] aspeed-smc 1e620000.flash-controller: CE2 window [ 0x24000000 - 0x2c000000 ] 128MB
Aug 25 16:49:13 witherspoon kernel[1005]: [    2.810000] aspeed-smc 1e630000.flash-controller: mx66l1g45g (131072 Kbytes)
Aug 25 16:49:13 witherspoon kernel[1005]: [    2.830000] aspeed-smc 1e630000.flash-controller: CE0 window resized to 120MB (AST2500 HW quirk)
Aug 25 16:49:13 witherspoon kernel[1005]: [    2.830000] aspeed-smc 1e630000.flash-controller: CE0 window [ 0x30000000 - 0x37800000 ] 120MB
Aug 25 16:49:13 witherspoon kernel[1005]: [    2.830000] aspeed-smc 1e630000.flash-controller: CE0 window too small for chip 128MB
Aug 25 16:49:13 witherspoon kernel[1005]: [    2.860000] aspeed-smc 1e630000.flash-controller: CE1 window [ 0x37800000 - 0x38000000 ] 8MB
Aug 25 16:49:13 witherspoon kernel[1005]: [    3.590000] libphy: Fixed MDIO Bus: probed
Aug 25 16:49:13 witherspoon kernel[1005]: [    3.590000] ftgmac100 1e660000.ethernet: Read MAC address 70:e2:84:14:28:a9 from chip
Aug 25 16:49:13 witherspoon kernel[1005]: [    3.590000] ftgmac100 1e660000.ethernet: Using NCSI interface
Aug 25 16:49:21 witherspoon systemd-networkd[1010]: eth0: Gained IPv6LL
Aug 25 16:49:13 witherspoon kernel[1005]: [    3.590000] ftgmac100 1e660000.ethernet eth0: irq 20, mapped at f0060000
Aug 25 16:49:21 witherspoon systemd[1]: Started Avahi mDNS/DNS-SD Stack.
Aug 25 16:49:13 witherspoon kernel[1005]: [    3.590000] ehci_hcd: USB 2.0 'Enhanced' Host Controller (EHCI) Driver
Aug 25 16:49:13 witherspoon kernel[1005]: [    3.590000] ehci-platform: EHCI generic platform driver
Aug 25 16:49:13 witherspoon kernel[1005]: [    3.840000]  fsi0: can't read slave 00:00 -5
Aug 25 16:49:13 witherspoon kernel[1005]: [    3.840000] i2c /dev entries driver
Aug 25 16:49:13 witherspoon kernel[1005]: [    3.840000] aspeed-i2c-bus 1e78a0c0.i2c-bus: i2c bus 2 registered, irq 26
Aug 25 16:49:13 witherspoon kernel[1005]: [    3.840000] aspeed-i2c-bus 1e78a100.i2c-bus: i2c bus 3 registered, irq 27
Aug 25 16:49:13 witherspoon kernel[1005]: [    3.840000] aspeed-i2c-bus 1e78a140.i2c-bus: i2c bus 4 registered, irq 28
Aug 25 16:49:13 witherspoon kernel[1005]: [    3.840000] aspeed-i2c-bus 1e78a180.i2c-bus: i2c bus 5 registered, irq 29
Aug 25 16:49:13 witherspoon kernel[1005]: [    3.840000] aspeed-i2c-bus 1e78a380.i2c-bus: i2c bus 9 registered, irq 30
Aug 25 16:49:13 witherspoon kernel[1005]: [    3.840000] aspeed-i2c-bus 1e78a3c0.i2c-bus: i2c bus 10 registered, irq 31
Aug 25 16:49:13 witherspoon kernel[1005]: [    3.840000] rtc-rv8803 11-0032: Voltage low, temperature compensation stopped.
Aug 25 16:49:13 witherspoon kernel[1005]: [    3.930000] rtc-rv8803 11-0032: rtc core: registered rx8900 as rtc0
Aug 25 16:49:13 witherspoon kernel[1005]: [    3.940000] at24 11-0051: 8192 byte 24c64 EEPROM, writable, 1 bytes/write
Aug 25 16:49:13 witherspoon kernel[1005]: [    3.940000] aspeed-i2c-bus 1e78a400.i2c-bus: i2c bus 11 registered, irq 32
Aug 25 16:49:13 witherspoon kernel[1005]: [    3.940000] aspeed-i2c-bus 1e78a440.i2c-bus: i2c bus 12 registered, irq 33
Aug 25 16:49:13 witherspoon kernel[1005]: [    3.940000] aspeed-i2c-bus 1e78a480.i2c-bus: i2c bus 13 registered, irq 34
Aug 25 16:49:13 witherspoon kernel[1005]: [    3.940000] Driver for 1-wire Dallas network protocol.
Aug 25 16:49:13 witherspoon kernel[1005]: [    3.940000] lm75 9-004a: hwmon0: sensor 'tmp275'
Aug 25 16:49:13 witherspoon kernel[1005]: [    5.730000] ucd9000 11-0064: Device ID UCD90160|2.3.4.0000|110603
Aug 25 16:49:13 witherspoon kernel[1005]: [    6.410000] leds-pca955x 3-0060: leds-pca955x: Using pca9552 16-bit LED driver at slave address 0x60
Aug 25 16:49:13 witherspoon kernel[1005]: [    6.420000] leds-pca955x 3-0060: gpios 264...279
Aug 25 16:49:13 witherspoon kernel[1005]: [    6.430000] leds-pca955x 11-0060: leds-pca955x: Using pca9552 16-bit LED driver at slave address 0x60
Aug 25 16:49:13 witherspoon kernel[1005]: [    6.440000] leds-pca955x 11-0060: gpios 248...263
Aug 25 16:49:13 witherspoon kernel[1005]: [    6.450000] usbcore: registered new interface driver usbhid
Aug 25 16:49:13 witherspoon kernel[1005]: [    6.450000] usbhid: USB HID core driver
Aug 25 16:49:13 witherspoon kernel[1005]: [    6.490000] dps310 3-0076: iio:device1: sensor 'dps310'
Aug 25 16:49:13 witherspoon kernel[1005]: [    6.490000] NET: Registered protocol family 10
Aug 25 16:49:13 witherspoon kernel[1005]: [    6.500000] Segment Routing with IPv6
Aug 25 16:49:13 witherspoon kernel[1005]: [    6.500000] NET: Registered protocol family 17
Aug 25 16:49:13 witherspoon kernel[1005]: [    6.500000] 8021q: 802.1Q VLAN Support v1.8
Aug 25 16:49:13 witherspoon kernel[1005]: [    6.520000] input: gpio-keys-polled as /devices/platform/gpio-keys-polled/input/input1
Aug 25 16:49:13 witherspoon kernel[1005]: [    6.550000] console [netcon0] enabled
Aug 25 16:49:13 witherspoon kernel[1005]: [    6.550000] netconsole: network logging started
Aug 25 16:49:13 witherspoon kernel[1005]: [    6.560000] input: gpio-keys as /devices/platform/gpio-keys/input/input2
Aug 25 16:49:13 witherspoon kernel[1005]: [    6.570000] rtc-rv8803 11-0032: setting system clock to 2017-08-25 16:48:53 UTC (1503679733)
Aug 25 16:49:13 witherspoon kernel[1005]: [    6.580000] Freeing unused kernel memory: 280K
Aug 25 16:49:13 witherspoon kernel[1005]: [    6.580000] This architecture does not have kernel memory protection.
Aug 25 16:49:13 witherspoon kernel[1005]: [    8.390000] jffs2: notice: (540) jffs2_build_xattr_subsystem: complete building xattr subsystem, 54 of xdatum (50 unchecked, 0 orphan) and 180 of xref (0 dead, 0 orphan) found.
Aug 25 16:49:13 witherspoon kernel[1005]: [   10.390000] systemd[1]: Failed to insert module 'autofs4': No such file or directory
Aug 25 16:49:13 witherspoon kernel[1005]: [   10.600000] systemd[1]: systemd 232 running in system mode. (+PAM -AUDIT -SELINUX -IMA -APPARMOR -SMACK +SYSVINIT -UTMP -LIBCRYPTSETUP -GCRYPT -GNUTLS +ACL +XZ -LZ4 -SECCOMP +BLKID -ELFUTILS +KMOD -IDN)
Aug 25 16:49:24 witherspoon kernel: ftgmac100 1e660000.ethernet eth0: ncsi: removed vlan tag 0 at index 1
Aug 25 16:49:24 witherspoon kernel: ftgmac100 1e660000.ethernet eth0: ncsi: removed vlan tag 0 at index 2
Aug 25 16:49:24 witherspoon kernel: ftgmac100 1e660000.ethernet eth0: no vlan ids left to set
Aug 25 16:49:24 witherspoon kernel: ftgmac100 1e660000.ethernet eth0: NCSI interface up
Aug 25 16:49:13 witherspoon kernel[1005]: [   10.600000] systemd[1]: Detected architecture arm.
Aug 25 16:49:13 witherspoon kernel[1005]: [   10.790000] systemd[1]: Set hostname to <witherspoon>.
Aug 25 16:49:13 witherspoon kernel[1005]: [   11.960000] systemd[1]: phosphor-fan-monitor-init@0.service: Service has Restart= setting other than no, which isn't allowed for Type=oneshot services. Refusing.
Aug 25 16:49:13 witherspoon kernel[1005]: [   12.520000] systemd[1]: Listening on udev Control Socket.
Aug 25 16:49:13 witherspoon kernel[1005]: [   12.570000] systemd[1]: Reached target Remote File Systems.
Aug 25 16:49:13 witherspoon kernel[1005]: [   12.610000] systemd[1]: Reached target Swap.
Aug 25 16:49:13 witherspoon kernel[1005]: [   12.650000] systemd[1]: Listening on Process Core Dump Socket.
Aug 25 16:49:13 witherspoon kernel[1005]: [   12.700000] systemd[1]: Listening on Journal Socket.
Aug 25 16:49:13 witherspoon kernel[1005]: [   12.740000] systemd[1]: Listening on Journal Socket (/dev/log).
Aug 25 16:49:13 witherspoon kernel[1005]: [   15.080000] systemd-journald[666]: Received request to flush runtime journal from PID 1
Aug 25 16:49:13 witherspoon kernel[1005]: [   21.600000] ubi7: default fastmap pool size: 100
Aug 25 16:49:13 witherspoon kernel[1005]: [   21.600000] ubi7: default fastmap WL pool size: 50
Aug 25 16:49:13 witherspoon kernel[1005]: [   21.600000] ubi7: attaching mtd7
Aug 25 16:49:13 witherspoon kernel[1005]: [   23.310000] ubi7: scanning is finished
Aug 25 16:49:13 witherspoon kernel[1005]: [   23.310000] ubi7: attached mtd7 (name "pnor", size 128 MiB)
Aug 25 16:49:13 witherspoon kernel[1005]: [   23.310000] ubi7: PEB size: 65536 bytes (64 KiB), LEB size: 65408 bytes
Aug 25 16:49:13 witherspoon kernel[1005]: [   23.310000] ubi7: min./max. I/O unit sizes: 1/256, sub-page size 1
Aug 25 16:49:13 witherspoon kernel[1005]: [   23.310000] ubi7: VID header offset: 64 (aligned 64), data offset: 128
Aug 25 16:49:13 witherspoon kernel[1005]: [   23.310000] ubi7: good PEBs: 2048, bad PEBs: 0, corrupted PEBs: 0
Aug 25 16:49:13 witherspoon kernel[1005]: [   23.310000] ubi7: user volume: 3, internal volumes: 1, max. volumes count: 128
Aug 25 16:49:13 witherspoon kernel[1005]: [   23.310000] ubi7: max/mean erase counter: 1/0, WL threshold: 4096, image sequence number: 296498534
Aug 25 16:49:13 witherspoon kernel[1005]: [   23.310000] ubi7: available PEBs: 1367, total reserved PEBs: 681, PEBs reserved for bad PEB handling: 0
Aug 25 16:49:13 witherspoon kernel[1005]: [   23.310000] ubi7: background thread "ubi_bgt7d" started, PID 970
Aug 25 16:49:13 witherspoon kernel[1005]: [   24.900000] UBIFS (ubi7:0): UBIFS: mounted UBI device 7, volume 0, name "pnor-rw-fd2cbe15"
Aug 25 16:49:13 witherspoon kernel[1005]: [   24.900000] UBIFS (ubi7:0): LEB size: 65408 bytes (63 KiB), min./max. I/O unit sizes: 8 bytes/256 bytes
Aug 25 16:49:13 witherspoon kernel[1005]: [   24.900000] UBIFS (ubi7:0): FS size: 16155776 bytes (15 MiB, 247 LEBs), journal size 784896 bytes (0 MiB, 12 LEBs)
Aug 25 16:49:13 witherspoon kernel[1005]: [   24.900000] UBIFS (ubi7:0): reserved for root: 763076 bytes (745 KiB)
Aug 25 16:49:13 witherspoon kernel[1005]: [   24.900000] UBIFS (ubi7:0): media format: w5/r0 (latest is w5/r0), UUID 7136606D-CB9F-46E4-BB27-E38E45E7B5FF, small LPT model
Aug 25 16:49:13 witherspoon kernel[1005]: [   24.900000] UBIFS (ubi7:0): background thread "ubifs_bgt7_0" started, PID 985
Aug 25 16:49:18 witherspoon kernel[1005]: [   31.930000] 8021q: adding VLAN 0 to HW filter on device eth0
Aug 25 16:49:20 witherspoon avahi-daemon[992]: Found user 'avahi' (UID 998) and group 'avahi' (GID 999).
Aug 25 16:49:20 witherspoon avahi-daemon[992]: Successfully dropped root privileges.
Aug 25 16:49:20 witherspoon avahi-daemon[992]: avahi-daemon 0.6.32 starting up.
Aug 25 16:49:21 witherspoon avahi-daemon[992]: Successfully called chroot().
Aug 25 16:49:21 witherspoon avahi-daemon[992]: Successfully dropped remaining capabilities.
Aug 25 16:49:21 witherspoon avahi-daemon[992]: Loading service file /services/obmc_console.service.
Aug 25 16:49:21 witherspoon avahi-daemon[992]: Loading service file /services/phosphor_rest.service.
Aug 25 16:49:21 witherspoon avahi-daemon[992]: Loading service file /services/sftp-ssh.service.
Aug 25 16:49:25 witherspoon systemd[1]: Started Phosphor BMC0 Control.
Aug 25 16:49:21 witherspoon avahi-daemon[992]: Loading service file /services/sftp.service.
Aug 25 16:49:21 witherspoon avahi-daemon[992]: Loading service file /services/ssh.service.
Aug 25 16:49:21 witherspoon avahi-daemon[992]: Joining mDNS multicast group on interface eth0.IPv6 with address fe80::72e2:84ff:fe14:28a9.
Aug 25 16:49:21 witherspoon avahi-daemon[992]: New relevant interface eth0.IPv6 for mDNS.
Aug 25 16:49:21 witherspoon avahi-daemon[992]: Joining mDNS multicast group on interface eth0.IPv4 with address 9.3.21.61.
Aug 25 16:49:21 witherspoon avahi-daemon[992]: New relevant interface eth0.IPv4 for mDNS.
Aug 25 16:49:21 witherspoon avahi-daemon[992]: Network interface enumeration completed.
Aug 25 16:49:21 witherspoon avahi-daemon[992]: Registering new address record for fe80::72e2:84ff:fe14:28a9 on eth0.*.
Aug 25 16:49:21 witherspoon avahi-daemon[992]: Registering new address record for 9.3.21.61 on eth0.IPv4.
Aug 25 16:49:22 witherspoon avahi-daemon[992]: Server startup complete. Host name is witherspoon.local. Local service cookie is 2167853932.
Aug 25 16:49:23 witherspoon kernel[1005]: [   36.690000] ftgmac100 1e660000.ethernet eth0: ncsi: removed vlan tag 0 at index 1
Aug 25 16:49:23 witherspoon kernel[1005]: [   36.690000] ftgmac100 1e660000.ethernet eth0: ncsi: removed vlan tag 0 at index 2
Aug 25 16:49:23 witherspoon kernel[1005]: [   36.690000] ftgmac100 1e660000.ethernet eth0: no vlan ids left to set
Aug 25 16:49:23 witherspoon kernel[1005]: [   36.690000] ftgmac100 1e660000.ethernet eth0: NCSI interface up
Aug 25 16:49:24 witherspoon avahi-daemon[992]: Service "witherspoon" (/services/ssh.service) successfully established.
Aug 25 16:49:24 witherspoon avahi-daemon[992]: Service "sftp" (/services/sftp.service) successfully established.
Aug 25 16:49:24 witherspoon avahi-daemon[992]: Service "witherspoon" (/services/sftp-ssh.service) successfully established.
Aug 25 16:49:24 witherspoon avahi-daemon[992]: Service "phosphor_rest" (/services/phosphor_rest.service) successfully established.
Aug 25 16:49:24 witherspoon avahi-daemon[992]: Service "obmc_console" (/services/obmc_console.service) successfully established.
Aug 25 16:49:26 witherspoon systemd[1]: Started Remount the ubi volume after a reboot.
Aug 25 16:49:26 witherspoon systemd[1]: Starting OpenBMC Software Update Manager...
Aug 25 16:49:28 witherspoon systemd[1]: Started OpenBMC Software Update Manager.
Aug 25 16:49:30 witherspoon kernel: ubi: mtd7 is already attached to ubi7
Aug 25 16:49:30 witherspoon kernel: block ubiblock7_1: created from ubi7:1(pnor-ro-fd2cbe15)
Aug 25 16:49:30 witherspoon kernel[1005]: [   37.550000] ubi: mtd7 is already attached to ubi7
Aug 25 16:49:30 witherspoon kernel[1005]: [   43.430000] block ubiblock7_1: created from ubi7:1(pnor-ro-fd2cbe15)
Aug 25 16:49:30 witherspoon systemd[1]: Started Remount the squashfs and ubi volumes after a reboot.
Aug 25 16:49:30 witherspoon systemd[1]: Reached target Multi-User System.
Aug 25 16:49:30 witherspoon systemd[1]: Starting OpenPower Software Update Manager...
Aug 25 16:49:30 witherspoon kernel: UBIFS (ubi7:2): UBIFS: mounted UBI device 7, volume 2, name "pnor-prsv"
Aug 25 16:49:30 witherspoon kernel: UBIFS (ubi7:2): LEB size: 65408 bytes (63 KiB), min./max. I/O unit sizes: 8 bytes/256 bytes
Aug 25 16:49:30 witherspoon kernel: UBIFS (ubi7:2): FS size: 1504384 bytes (1 MiB, 23 LEBs), journal size 523265 bytes (0 MiB, 6 LEBs)
Aug 25 16:49:30 witherspoon kernel: UBIFS (ubi7:2): reserved for root: 71055 bytes (69 KiB)
Aug 25 16:49:30 witherspoon kernel: UBIFS (ubi7:2): media format: w5/r0 (latest is w5/r0), UUID 45C3DC04-DBAB-4CC5-8E49-26DBA712F009, small LPT model
Aug 25 16:49:30 witherspoon kernel: UBIFS (ubi7:2): background thread "ubifs_bgt7_2" started, PID 1093
Aug 25 16:49:30 witherspoon kernel[1005]: [   43.740000] UBIFS (ubi7:2): UBIFS: mounted UBI device 7, volume 2, name "pnor-prsv"
Aug 25 16:49:30 witherspoon kernel[1005]: [   43.740000] UBIFS (ubi7:2): LEB size: 65408 bytes (63 KiB), min./max. I/O unit sizes: 8 bytes/256 bytes
Aug 25 16:49:30 witherspoon kernel[1005]: [   43.740000] UBIFS (ubi7:2): FS size: 1504384 bytes (1 MiB, 23 LEBs), journal size 523265 bytes (0 MiB, 6 LEBs)
Aug 25 16:49:30 witherspoon kernel[1005]: [   43.740000] UBIFS (ubi7:2): reserved for root: 71055 bytes (69 KiB)
Aug 25 16:49:30 witherspoon kernel[1005]: [   43.740000] UBIFS (ubi7:2): media format: w5/r0 (latest is w5/r0), UUID 45C3DC04-DBAB-4CC5-8E49-26DBA712F009, small LPT model
Aug 25 16:49:30 witherspoon kernel[1005]: [   43.740000] UBIFS (ubi7:2): background thread "ubifs_bgt7_2" started, PID 1093
Aug 25 16:49:32 witherspoon systemd[1]: Created slice system-dropbear.slice.
Aug 25 16:49:32 witherspoon systemd[1]: Started SSH Per-Connection Server (9.41.165.94:54598).
Aug 25 16:49:32 witherspoon dropbear[1096]: Failed loading /etc/dropbear/dropbear_dss_host_key
Aug 25 16:49:32 witherspoon dropbear[1096]: Failed loading /etc/dropbear/dropbear_ecdsa_host_key
Aug 25 16:49:32 witherspoon dropbear[1096]: Child connection from ::ffff:9.41.165.94:54598
Aug 25 16:49:33 witherspoon systemd[1]: Started OpenPower Software Update Manager.
Aug 25 16:49:33 witherspoon systemd[1]: Starting Create a ubi volume for pnor patches...
Aug 25 16:49:33 witherspoon systemd[1]: Started Phosphor MBOX Daemon.
Aug 25 16:49:33 witherspoon systemd[1]: Starting Phosphor Version Software Manager...
Aug 25 16:49:34 witherspoon systemd-networkd[1010]: eth0: Configured
Aug 25 16:49:34 witherspoon systemd-timesyncd[935]: Network configuration changed, trying to establish connection.
Aug 25 16:49:34 witherspoon systemd[1]: Started Phosphor Version Software Manager.
Aug 25 16:49:37 witherspoon obmc-flash-bios[1098]: Volume ID 3, size 257 LEBs (16809856 bytes, 16.0 MiB), LEB size 65408 bytes (63.9 KiB), dynamic, name "pnor-patch", alignment 1
Aug 25 16:49:38 witherspoon dropbear[1096]: PAM password auth succeeded for 'root' from ::ffff:9.41.165.94:54598
Aug 25 16:49:39 witherspoon systemd[1]: Started Create a ubi volume for pnor patches.
Aug 25 16:49:39 witherspoon kernel: UBIFS (ubi7:3): default file-system created
Aug 25 16:49:39 witherspoon kernel: UBIFS (ubi7:3): UBIFS: mounted UBI device 7, volume 3, name "pnor-patch"
Aug 25 16:49:39 witherspoon kernel: UBIFS (ubi7:3): LEB size: 65408 bytes (63 KiB), min./max. I/O unit sizes: 8 bytes/256 bytes
Aug 25 16:49:39 witherspoon kernel: UBIFS (ubi7:3): FS size: 16155776 bytes (15 MiB, 247 LEBs), journal size 784896 bytes (0 MiB, 12 LEBs)
Aug 25 16:49:39 witherspoon kernel: UBIFS (ubi7:3): reserved for root: 763076 bytes (745 KiB)
Aug 25 16:49:39 witherspoon kernel: UBIFS (ubi7:3): media format: w5/r0 (latest is w5/r0), UUID C28EFFE1-7A13-4079-BA52-91FF19225EBF, small LPT model
Aug 25 16:49:39 witherspoon kernel[1005]: [   51.920000] UBIFS (ubi7:3): default file-system created
Aug 25 16:49:39 witherspoon kernel[1005]: [   51.920000] UBIFS (ubi7:3): UBIFS: mounted UBI device 7, volume 3, name "pnor-patch"
Aug 25 16:49:39 witherspoon kernel[1005]: [   51.920000] UBIFS (ubi7:3): LEB size: 65408 bytes (63 KiB), min./max. I/O unit sizes: 8 bytes/256 bytes
Aug 25 16:49:39 witherspoon kernel[1005]: [   51.920000] UBIFS (ubi7:3): FS size: 16155776 bytes (15 MiB, 247 LEBs), journal size 784896 bytes (0 MiB, 12 LEBs)
Aug 25 16:49:39 witherspoon kernel[1005]: [   51.920000] UBIFS (ubi7:3): reserved for root: 763076 bytes (745 KiB)
Aug 25 16:49:39 witherspoon kernel[1005]: [   51.920000] UBIFS (ubi7:3): media format: w5/r0 (latest is w5/r0), UUID C28EFFE1-7A13-4079-BA52-91FF19225EBF, small LPT model
Aug 25 16:49:39 witherspoon dropbear[1122]: lastlog_perform_login: Couldn't stat /var/log/lastlog: No such file or directory
Aug 25 16:49:39 witherspoon dropbear[1122]: lastlog_openseek: /var/log/lastlog is not a file or directory!
Aug 25 16:49:39 witherspoon kernel: UBIFS (ubi7:3): background thread "ubifs_bgt7_3" started, PID 1120
Aug 25 16:49:39 witherspoon kernel[1005]: [   52.120000] UBIFS (ubi7:3): background thread "ubifs_bgt7_3" started, PID 1120
Aug 25 16:49:40 witherspoon systemd[1]: Started Phosphor Download Manager.
Aug 25 16:49:40 witherspoon download_manager.py[993]: Running Download Manager
Aug 25 16:49:40 witherspoon systemd[1]: Started Phosphor Chassis0 Control.
Aug 25 16:49:40 witherspoon chassis_control.py[1000]: Running ChassisControlService
Aug 25 16:49:40 witherspoon inventory_items.py[955]: Loading from cache: /var/cache/obmc/org.openbmc.inventory.system.chassis.motherboard.apss@org.openbmc.InventoryItem.props
Aug 25 16:49:40 witherspoon inventory_items.py[955]: Loading from cache: /var/cache/obmc/org.openbmc.inventory.system.chassis.motherboard@org.openbmc.InventoryItem.props
Aug 25 16:49:40 witherspoon inventory_items.py[955]: Loading from cache: /var/cache/obmc/org.openbmc.inventory.system.chassis.motherboard.refclock@org.openbmc.InventoryItem.props
Aug 25 16:49:40 witherspoon inventory_items.py[955]: Loading from cache: /var/cache/obmc/org.openbmc.inventory.system.chassis.motherboard.cpu1.core7@org.openbmc.InventoryItem.props
Aug 25 16:49:40 witherspoon inventory_items.py[955]: Loading from cache: /var/cache/obmc/org.openbmc.inventory.system.chassis.motherboard.cpu1.core4@org.openbmc.InventoryItem.props
Aug 25 16:49:40 witherspoon inventory_items.py[955]: Loading from cache: /var/cache/obmc/org.openbmc.inventory.system.chassis.motherboard.cpu1.core1@org.openbmc.InventoryItem.props
Aug 25 16:49:40 witherspoon inventory_items.py[955]: Loading from cache: /var/cache/obmc/org.openbmc.inventory.system.chassis.motherboard.cpu1.core10@org.openbmc.InventoryItem.props
Aug 25 16:49:40 witherspoon inventory_items.py[955]: Loading from cache: /var/cache/obmc/org.openbmc.inventory.system.chassis.motherboard.todclock@org.openbmc.InventoryItem.props
Aug 25 16:49:40 witherspoon inventory_items.py[955]: Loading from cache: /var/cache/obmc/org.openbmc.inventory.system.chassis.motherboard.cpu1@org.openbmc.InventoryItem.props
Aug 25 16:49:40 witherspoon inventory_items.py[955]: Loading from cache: /var/cache/obmc/org.openbmc.inventory.system.chassis.motherboard.bmc@org.openbmc.InventoryItem.props
Aug 25 16:49:40 witherspoon systemd[1]: Started Phosphor Inventory Manager.
Aug 25 16:49:41 witherspoon sensor_manager2.py[998]: Setting boot count to 3
Aug 25 16:49:41 witherspoon sensor_manager2.py[998]: Starting sensor manager
Aug 25 16:49:41 witherspoon inventory_items.py[955]: Caching: /org/openbmc/inventory/system/chassis/motherboard/bmc
Aug 25 16:49:41 witherspoon inventory_items.py[955]: Loading from cache: /var/cache/obmc/org.openbmc.inventory.system.chassis.motherboard.cpu0.core1@org.openbmc.InventoryItem.props
Aug 25 16:49:41 witherspoon inventory_items.py[955]: Loading from cache: /var/cache/obmc/org.openbmc.inventory.system.chassis.motherboard.cpu0.core7@org.openbmc.InventoryItem.props
Aug 25 16:49:41 witherspoon inventory_items.py[955]: Loading from cache: /var/cache/obmc/org.openbmc.inventory.system.chassis.motherboard.cpu0.core4@org.openbmc.InventoryItem.props
Aug 25 16:49:41 witherspoon inventory_items.py[955]: Loading from cache: /var/cache/obmc/org.openbmc.inventory.system.chassis.motherboard.pcieclock@org.openbmc.InventoryItem.props
Aug 25 16:49:41 witherspoon inventory_items.py[955]: Loading from cache: /var/cache/obmc/org.openbmc.inventory.system.chassis.motherboard.cpu0.core10@org.openbmc.InventoryItem.props
Aug 25 16:49:41 witherspoon inventory_items.py[955]: Running Inventory Manager
Aug 25 16:49:41 witherspoon systemd[1]: Started Phosphor Sensor Manager.
Aug 25 16:49:42 witherspoon phosphor-mapper[952]: ObjectMapper startup complete.  Discovery in progress...
Aug 25 16:49:43 witherspoon avahi-daemon[1046]: ../../avahi-0.6.32/avahi-daemon/chroot.c: open() failed: No such file or directory
Aug 25 16:49:43 witherspoon avahi-daemon[992]: Failed to open /usr/share/dbus-1/interfaces/org.freedesktop.Avahi.Server.xml: Invalid argument
Aug 25 16:49:43 witherspoon avahi-daemon[992]: Failed to load introspection data.
Aug 25 16:49:43 witherspoon systemd[1]: Started Phosphor User Manager.
Aug 25 16:49:43 witherspoon obmc-phosphor-userd[997]: Started
Aug 25 16:49:44 witherspoon systemd[1]: Started Phosphor Network Manager.
Aug 25 16:49:44 witherspoon netman.py[956]: Started
Aug 25 16:49:55 witherspoon phosphor-mapper[952]: ObjectMapper discovery complete
Aug 25 16:49:55 witherspoon systemd[1]: Started Phosphor DBus Service Discovery Manager.
Aug 25 16:49:55 witherspoon systemd[1]: Started Phosphor Hwmon Poller.
Aug 25 16:49:55 witherspoon systemd[1]: Started Phosphor Hwmon Poller.
Aug 25 16:49:55 witherspoon systemd[1]: Started Phosphor Hwmon Poller.
Aug 25 16:49:55 witherspoon systemd[1]: Started Phosphor Hwmon Poller.
Aug 25 16:49:55 witherspoon systemd[1]: Started Phosphor Hwmon Poller.
Aug 25 16:49:55 witherspoon systemd[1]: Reached target Phosphor Object Mapper.
Aug 25 16:49:55 witherspoon systemd[1]: Starting Wait for /xyz/openbmc_project/time/owner...
Aug 25 16:49:55 witherspoon systemd[1]: Reached target Webserver (pre).
Aug 25 16:49:55 witherspoon systemd[1]: Started Phosphor Webserver.
Aug 25 16:49:55 witherspoon systemd[1]: Starting Wait for /xyz/openbmc_project/led/groups/bmc_booted...
Aug 25 16:49:55 witherspoon systemd[1]: Starting Wait for /xyz/openbmc_project/state/chassis0...
Aug 25 16:49:55 witherspoon systemd[1]: Starting Phosphor Network Manager...
Aug 25 16:49:55 witherspoon systemd[1]: Started Phosphor DBus Monitor.
Aug 25 16:49:55 witherspoon systemd[1]: Starting Wait for /xyz/openbmc_project/control/host0...
Aug 25 16:49:55 witherspoon systemd[1]: Starting Wait for /xyz/openbmc_project/state/host0...
Aug 25 16:49:55 witherspoon systemd[1]: Starting Wait for /xyz/openbmc_project/control/host0/restriction_mode...
Aug 25 16:49:55 witherspoon systemd[1]: Starting Wait for /org/openbmc/control/power0...
Aug 25 16:49:55 witherspoon systemd[1]: Starting Wait for /xyz/openbmc_project/time/sync_method...
Aug 25 16:49:55 witherspoon systemd[1]: Starting Wait for /org/openbmc/NetworkManager/Interface...
Aug 25 16:49:55 witherspoon systemd[1]: Starting Phoshpor System Manager...
Aug 25 16:49:55 witherspoon systemd[1]: Starting Phosphor Settings Manager...
Aug 25 16:49:55 witherspoon systemd[1]: Starting Wait for /xyz/openbmc_project/control/host0/power_restore_policy...
Aug 25 16:49:55 witherspoon systemd[1]: Starting Wait for /xyz/openbmc_project/control/host0/boot_mode...
Aug 25 16:49:58 witherspoon systemd[1]: Starting Wait for /org/openbmc/managers/Download...
Aug 25 16:49:58 witherspoon systemd[1]: Starting Wait for /org/openbmc/managers/System...
Aug 25 16:49:58 witherspoon systemd[1]: Starting Wait for /xyz/openbmc_project/inventory...
Aug 25 16:49:58 witherspoon systemd[1]: Starting Wait for /xyz/openbmc_project/control/host0/boot_source...
Aug 25 16:49:58 witherspoon systemd[1]: Starting Wait for /org/openbmc/control/bmc0...
Aug 25 16:49:58 witherspoon systemd[1]: Starting Wait for /xyz/openbmc_project/led/groups...
Aug 25 16:50:00 witherspoon dbus[959]: [system] Activating via systemd: service name='org.freedesktop.hostname1' unit='dbus-org.freedesktop.hostname1.service'
Aug 25 16:49:58 witherspoon systemd[1]: Starting Wait for /xyz/openbmc_project/control/host0/auto_reboot...
Aug 25 16:49:58 witherspoon systemd[1]: Started Phosphor Hwmon Poller.
Aug 25 16:49:58 witherspoon systemd[1]: Started Phosphor Hwmon Poller.
Aug 25 16:49:58 witherspoon systemd[1]: Started Phosphor Hwmon Poller.
Aug 25 16:49:59 witherspoon systemd[1]: Started Wait for /xyz/openbmc_project/control/host0/restriction_mode.
Aug 25 16:49:59 witherspoon systemd[1]: Started Wait for /xyz/openbmc_project/time/sync_method.
Aug 25 16:49:59 witherspoon phosphor-network-manager[1137]: ConfigParser: Key not found
Aug 25 16:49:59 witherspoon phosphor-network-manager[1137]: The operation failed internally.
Aug 25 16:49:59 witherspoon phosphor-network-manager[1137]: Exception occured during getting of DHCP value
Aug 25 16:49:59 witherspoon systemd[1]: Started Phosphor Network Manager.
Aug 25 16:50:00 witherspoon systemd[1]: Starting Hostname Service...
Aug 25 16:50:01 witherspoon dbus[959]: [system] Successfully activated service 'org.freedesktop.hostname1'
Aug 25 16:50:01 witherspoon systemd[1]: Started Hostname Service.
Aug 25 16:50:03 witherspoon systemd[1]: Started Wait for /xyz/openbmc_project/led/groups/bmc_booted.
Aug 25 16:50:04 witherspoon systemd[1]: Started Wait for /xyz/openbmc_project/control/host0/boot_mode.
Aug 25 16:50:04 witherspoon systemd[1]: Started Wait for /xyz/openbmc_project/time/owner.
Aug 25 16:50:05 witherspoon systemd[1]: Started Wait for /org/openbmc/NetworkManager/Interface.
Aug 25 16:50:05 witherspoon systemd[1]: Started Phosphor DNS Settings Cache Manager.
Aug 25 16:50:06 witherspoon systemd[1]: Started Wait for /xyz/openbmc_project/control/host0/power_restore_policy.
Aug 25 16:50:09 witherspoon systemd[1]: Started Wait for /xyz/openbmc_project/control/host0/boot_source.
Aug 25 16:50:09 witherspoon systemd[1]: Started Wait for /org/openbmc/control/bmc0.
Aug 25 16:50:09 witherspoon systemd[1]: Started Wait for /xyz/openbmc_project/led/groups.
Aug 25 16:50:09 witherspoon systemd[1]: Started FRU Fault monitor service.
Aug 25 16:50:09 witherspoon systemd[1]: Started Wait for /xyz/openbmc_project/control/host0/auto_reboot.
Aug 25 16:50:10 witherspoon system_manager.py[1145]: Running System State: BASE_APPS
Aug 25 16:50:10 witherspoon system_manager.py[1145]: SystemManager Init Done
Aug 25 16:50:10 witherspoon systemd[1]: Started Phoshpor System Manager.
Aug 25 16:50:10 witherspoon system_manager.py[1145]: Running SystemManager
Aug 25 16:50:12 witherspoon systemd[1]: Started Wait for /xyz/openbmc_project/inventory.
Aug 25 16:50:13 witherspoon systemd[1]: Starting Phosphor MAX31785 MSL...
Aug 25 16:50:13 witherspoon systemd[1]: Started Phosphor GPIO 1 Presence.
Aug 25 16:50:13 witherspoon systemd[1]: Starting Read OpenPOWER-format VPD from EEPROM...
Aug 25 16:50:13 witherspoon systemd[1]: Started Phosphor GPIO 0 Presence.
Aug 25 16:50:13 witherspoon systemd[1]: Started Phosphor Cooling Type.
Aug 25 16:50:13 witherspoon systemd[1]: Starting OpenPOWER OCC controller...
Aug 25 16:50:14 witherspoon phosphor-gpio-presence[1177]: Updating inventory present property
Aug 25 16:50:14 witherspoon systemd[1]: Started Wait for /org/openbmc/managers/Download.
Aug 25 16:50:14 witherspoon systemd[1]: Starting Phosphor BMC Code Update...
Aug 25 16:50:14 witherspoon phosphor-gpio-presence[1175]: Updating inventory present property
Aug 25 16:50:20 witherspoon settings_manager.py[1146]: Running HostSettingsService
Aug 25 16:50:21 witherspoon systemd[1]: Started Phosphor Settings Manager.
Aug 25 16:50:21 witherspoon systemd[1]: Starting Wait for /org/openbmc/settings/host0...
Aug 25 16:50:21 witherspoon system_manager.py[1145]: SystemManager Goto System State: BMC_STARTING
Aug 25 16:50:21 witherspoon system_manager.py[1145]: Running System State: BMC_STARTING
Aug 25 16:50:22 witherspoon systemd[1]: Started OpenPOWER OCC controller.
Aug 25 16:50:23 witherspoon systemd[1]: Started Phosphor BMC Code Update.
Aug 25 16:50:23 witherspoon bmc_update.py[1182]: Running Bmc Flash Control
Aug 25 16:50:24 witherspoon systemd[1]: Started Phosphor MAX31785 MSL.
Aug 25 16:50:25 witherspoon systemd[1]: Started Read OpenPOWER-format VPD from EEPROM.
Aug 25 16:50:29 witherspoon systemd[1]: Started Wait for /org/openbmc/managers/System.
Aug 25 16:50:29 witherspoon systemd[1]: Starting Phosphor Power Button0...
Aug 25 16:50:29 witherspoon systemd[1]: Starting Phosphor BMC State Manager...
Aug 25 16:50:29 witherspoon systemd[1]: Starting Phosphor Reset Button0...
Aug 25 16:50:29 witherspoon systemd[1]: Starting Phosphor Chassis State Manager...
Aug 25 16:50:29 witherspoon systemd[1]: Starting Phosphor Power0 Control...
Aug 25 16:50:29 witherspoon systemd[1]: Started Wait for /org/openbmc/settings/host0.
Aug 25 16:50:29 witherspoon systemd[1]: Started Phosphor Inband IPMI.
Aug 25 16:50:30 witherspoon phosphor-chassis-state-manager[1199]: Initial Chassis State will be Off
Aug 25 16:50:30 witherspoon systemd[1]: Started Phosphor Chassis State Manager.
Aug 25 16:50:31 witherspoon button_power.exe[1196]: GPIO Lookup:  POWER_BUTTON = 347,both
Aug 25 16:50:31 witherspoon phosphor-gevent[1134]: Traceback (most recent call last):
Aug 25 16:50:31 witherspoon phosphor-gevent[1134]:   File "/usr/lib/python2.7/site-packages/gevent/greenlet.py", line 327, in run
Aug 25 16:50:31 witherspoon phosphor-gevent[1134]:     result = self._run(*self.args, **self.kwargs)
Aug 25 16:50:31 witherspoon phosphor-gevent[1134]:   File "/usr/lib/python2.7/site-packages/gevent/server.py", line 102, in wrap_socket_and_handle
Aug 25 16:50:32 witherspoon button_reset.exe[1198]: GPIO Lookup:  RESET_BUTTON = 353,both
Aug 25 16:50:32 witherspoon systemd[1]: Started Phosphor Power Button0.
Aug 25 16:50:32 witherspoon systemd[1]: Started Phosphor Reset Button0.
Aug 25 16:50:32 witherspoon phosphor-bmc-state-manager[1197]: Setting the BMCState field
Aug 25 16:50:32 witherspoon phosphor-bmc-state-manager[1197]: Setting the BMCState field
Aug 25 16:50:32 witherspoon systemd[1]: Started Phosphor BMC State Manager.
Aug 25 16:50:32 witherspoon phosphor-gevent[1134]:     ssl_socket = self.wrap_socket(client_socket, **self.ssl_args)
Aug 25 16:50:32 witherspoon phosphor-gevent[1134]:   File "/usr/lib/python2.7/site-packages/gevent/ssl.py", line 404, in wrap_socket
Aug 25 16:50:32 witherspoon phosphor-gevent[1134]:     ciphers=ciphers)
Aug 25 16:50:32 witherspoon phosphor-gevent[1134]:   File "/usr/lib/python2.7/site-packages/gevent/ssl.py", line 113, in __init__
Aug 25 16:50:32 witherspoon phosphor-gevent[1134]:     self.do_handshake()
Aug 25 16:50:32 witherspoon system_manager.py[1145]: New object: /org/openbmc/control/power0 (:1.86)
Aug 25 16:50:32 witherspoon system_manager.py[1145]: Power GPIO config: ['SYS_PWROK_BUFF', '', [('SOFTWARE_PGOOD', True), ('BMC_POWER_UP', True)], [('BMC_CP0_RESET_N', False)], [('BMC_VS1_PERST_N', False, False), ('BMC_CP0_PERST_ENABLE_R', False, False)], 'FSI_DATA', 'FSI_CLK', 'FSI_ENABLE', 'CRONUS_SEL', []]
Aug 25 16:50:32 witherspoon power_control.exe[1200]: Power GPIO latch output:
Aug 25 16:50:32 witherspoon power_control.exe[1200]: Power GPIO power good input: SYS_PWROK_BUFF
Aug 25 16:50:32 witherspoon power_control.exe[1200]: Power GPIO 2 power_up outputs
Aug 25 16:50:32 witherspoon power_control.exe[1200]: Power GPIO power_up[0] = SOFTWARE_PGOOD active HIGH
Aug 25 16:50:32 witherspoon power_control.exe[1200]: Power GPIO power_up[1] = BMC_POWER_UP active HIGH
Aug 25 16:50:32 witherspoon power_control.exe[1200]: Power GPIO 1 reset outputs
Aug 25 16:50:32 witherspoon power_control.exe[1200]: Power GPIO reset[0] = BMC_CP0_RESET_N active LOW
Aug 25 16:50:32 witherspoon power_control.exe[1200]: Power GPIO 2 pci reset outputs
Aug 25 16:50:32 witherspoon power_control.exe[1200]: Power GPIO pci reset[0] = BMC_VS1_PERST_N active LOW, hold - No
Aug 25 16:50:32 witherspoon power_control.exe[1200]: Power GPIO pci reset[1] = BMC_CP0_PERST_ENABLE_R active LOW, hold - No
Aug 25 16:50:32 witherspoon power_control.exe[1200]: FSI DATA GPIO: FSI_DATA
Aug 25 16:50:32 witherspoon power_control.exe[1200]: FSI CLK GPIO: FSI_CLK
Aug 25 16:50:32 witherspoon power_control.exe[1200]: FSI ENABLE GPIO: FSI_ENABLE
Aug 25 16:50:32 witherspoon power_control.exe[1200]: CRONUS SEL GPIO: CRONUS_SEL
Aug 25 16:50:32 witherspoon power_control.exe[1200]: Hostctl GPIO optionals: 0
Aug 25 16:50:32 witherspoon phosphor-gevent[1134]:   File "/usr/lib/python2.7/site-packages/gevent/ssl.py", line 324, in do_handshake
Aug 25 16:50:32 witherspoon phosphor-gevent[1134]:     return self._sslobj.do_handshake()
Aug 25 16:50:32 witherspoon phosphor-gevent[1134]: SSLEOFError: EOF occurred in violation of protocol (_ssl.c:590)
Aug 25 16:50:32 witherspoon phosphor-gevent[1134]: <Greenlet at 0x7603b490: <bound method WSGIServer.wrap_socket_and_handle of <WSGIServer at 0x76012b90 fileno=5 address=('::3452:f276:b02d:6876%1986538912', 443, 0, 1986538912)>>(<socket at 0x75ee8870 fileno=9>, ('::8039:6676:8e91:f402%1995520796', 55620, 0, 199)> failed with SSLEOFError
Aug 25 16:50:32 witherspoon phosphor-gevent[1134]: Traceback (most recent call last):
Aug 25 16:50:32 witherspoon phosphor-gevent[1134]:   File "/usr/lib/python2.7/site-packages/gevent/greenlet.py", line 327, in run
Aug 25 16:50:32 witherspoon phosphor-gevent[1134]:     result = self._run(*self.args, **self.kwargs)
Aug 25 16:50:32 witherspoon phosphor-gevent[1134]:   File "/usr/lib/python2.7/site-packages/gevent/server.py", line 102, in wrap_socket_and_handle
Aug 25 16:50:32 witherspoon phosphor-gevent[1134]:     ssl_socket = self.wrap_socket(client_socket, **self.ssl_args)
Aug 25 16:50:32 witherspoon phosphor-gevent[1134]:   File "/usr/lib/python2.7/site-packages/gevent/ssl.py", line 404, in wrap_socket
Aug 25 16:50:33 witherspoon phosphor-gevent[1134]:     ciphers=ciphers)
Aug 25 16:50:33 witherspoon phosphor-gevent[1134]:   File "/usr/lib/python2.7/site-packages/gevent/ssl.py", line 113, in __init__
Aug 25 16:50:33 witherspoon phosphor-gevent[1134]:     self.do_handshake()
Aug 25 16:50:33 witherspoon phosphor-gevent[1134]:   File "/usr/lib/python2.7/site-packages/gevent/ssl.py", line 324, in do_handshake
Aug 25 16:50:33 witherspoon phosphor-gevent[1134]:     return self._sslobj.do_handshake()
Aug 25 16:50:33 witherspoon phosphor-gevent[1134]: SSLEOFError: EOF occurred in violation of protocol (_ssl.c:590)
Aug 25 16:50:33 witherspoon phosphor-gevent[1134]: <Greenlet at 0x7603b760: <bound method WSGIServer.wrap_socket_and_handle of <WSGIServer at 0x76012b90 fileno=5 address=('::3452:f276:b02d:6876%1986538912', 443, 0, 1986538912)>>(<socket at 0x75ee8810 fileno=10>, ('::8039:6676:8e91:f402%1995520796', 55622, 0, 199)> failed with SSLEOFError
Aug 25 16:50:33 witherspoon phosphor-gevent[1134]: Traceback (most recent call last):
Aug 25 16:50:33 witherspoon phosphor-gevent[1134]:   File "/usr/lib/python2.7/site-packages/gevent/greenlet.py", line 327, in run
Aug 25 16:50:33 witherspoon phosphor-gevent[1134]:     result = self._run(*self.args, **self.kwargs)
Aug 25 16:50:33 witherspoon phosphor-gevent[1134]:   File "/usr/lib/python2.7/site-packages/gevent/server.py", line 102, in wrap_socket_and_handle
Aug 25 16:50:33 witherspoon phosphor-gevent[1134]:     ssl_socket = self.wrap_socket(client_socket, **self.ssl_args)
Aug 25 16:50:33 witherspoon phosphor-gevent[1134]:   File "/usr/lib/python2.7/site-packages/gevent/ssl.py", line 404, in wrap_socket
Aug 25 16:50:33 witherspoon phosphor-gevent[1134]:     ciphers=ciphers)
Aug 25 16:50:33 witherspoon phosphor-gevent[1134]:   File "/usr/lib/python2.7/site-packages/gevent/ssl.py", line 113, in __init__
Aug 25 16:50:33 witherspoon phosphor-gevent[1134]:     self.do_handshake()
Aug 25 16:50:33 witherspoon phosphor-gevent[1134]:   File "/usr/lib/python2.7/site-packages/gevent/ssl.py", line 324, in do_handshake
Aug 25 16:50:33 witherspoon phosphor-gevent[1134]:     return self._sslobj.do_handshake()
Aug 25 16:50:33 witherspoon phosphor-gevent[1134]: SSLEOFError: EOF occurred in violation of protocol (_ssl.c:590)
Aug 25 16:50:33 witherspoon phosphor-gevent[1134]: <Greenlet at 0x7603b440: <bound method WSGIServer.wrap_socket_and_handle of <WSGIServer at 0x76012b90 fileno=5 address=('::3452:f276:b02d:6876%1986538912', 443, 0, 1986538912)>>(<socket at 0x75ee88b0 fileno=11>, ('::8039:6676:8e91:f402%1995520796', 55624, 0, 199)> failed with SSLEOFError
Aug 25 16:50:33 witherspoon power_control.exe[1200]: GPIO Lookup:  SYS_PWROK_BUFF = 306,in
Aug 25 16:50:33 witherspoon power_control.exe[1200]: GPIO Lookup:  SOFTWARE_PGOOD = 417,out
Aug 25 16:50:33 witherspoon power_control.exe[1200]: GPIO Lookup:  BMC_POWER_UP = 305,out
Aug 25 16:50:33 witherspoon power_control.exe[1200]: GPIO Lookup:  BMC_CP0_RESET_N = 281,out
Aug 25 16:50:33 witherspoon power_control.exe[1200]: GPIO Lookup:  BMC_VS1_PERST_N = 295,out
Aug 25 16:50:33 witherspoon power_control.exe[1200]: GPIO Lookup:  BMC_CP0_PERST_ENABLE_R = 283,out
Aug 25 16:50:33 witherspoon power_control.exe[1200]: Pgood state: 0
Aug 25 16:50:33 witherspoon systemd[1]: Started Phosphor Power0 Control.
Aug 25 16:50:37 witherspoon systemd[1]: Started Wait for /org/openbmc/control/power0.
Aug 25 16:50:37 witherspoon systemd[1]: Starting Phosphor Time Manager daemon...
Aug 25 16:50:37 witherspoon systemd[1]: Starting Check Chassis0 pgood and create a file to indicate it...
Aug 25 16:50:38 witherspoon systemd[1]: Started Wait for /xyz/openbmc_project/state/chassis0.
Aug 25 16:50:38 witherspoon systemd[1]: Started Check Chassis0 pgood and create a file to indicate it.
Aug 25 16:50:38 witherspoon systemd[1]: Reached target Chassis0 power on after reset.
Aug 25 16:50:38 witherspoon systemd[1]: Reached target Chassis0 (Reset Check).
Aug 25 16:50:38 witherspoon systemd[1]: Started Wait for /xyz/openbmc_project/control/host0.
Aug 25 16:50:38 witherspoon systemd[1]: Reached target Host0 running after reset.
Aug 25 16:50:38 witherspoon systemd[1]: Reached target Host0 (Reset Check).
Aug 25 16:50:38 witherspoon systemd[1]: Starting Phosphor Host State Manager...
Aug 25 16:50:39 witherspoon timemanager[1229]: Registering dbus methods
Aug 25 16:50:39 witherspoon timemanager[1229]: Last known time_mode: NTP
Aug 25 16:50:39 witherspoon timemanager[1229]: Last known time_owner: BMC
Aug 25 16:50:39 witherspoon timemanager[1229]: Empty DhcpNtp string
Aug 25 16:50:39 witherspoon timemanager[1229]: Reading Power Control key: pgood
Aug 25 16:50:40 witherspoon timemanager[1229]: Changing settings *allowed* now
Aug 25 16:50:40 witherspoon phosphor-host-state-manager[1243]: Initial Host State will be Off
Aug 25 16:50:40 witherspoon timemanager[1229]: Owner is already set to : BMC
Aug 25 16:50:40 witherspoon phosphor-host-state-manager[1243]: External request to reset reboot count
Aug 25 16:50:40 witherspoon systemd[1]: Started Phosphor Host State Manager.
Aug 25 16:50:40 witherspoon timemanager[1229]: Requested_Mode: NTP Current_Mode: NTP
Aug 25 16:50:40 witherspoon timemanager[1229]: Mode is already set to : NTP
Aug 25 16:50:40 witherspoon timemanager[1229]: Getting System Settings: use_dhcp_ntp
Aug 25 16:50:40 witherspoon timemanager[1229]: use_dhcp_ntp = yes
Aug 25 16:50:40 witherspoon timemanager[1229]: Last known host_offset:0
Aug 25 16:50:40 witherspoon timemanager[1229]: Initial Uptime Usec: 1503679726926119
Aug 25 16:50:40 witherspoon systemd[1]: Started Phosphor Time Manager daemon.
Aug 25 16:50:42 witherspoon systemd[1]: Started Wait for /xyz/openbmc_project/state/host0.
Aug 25 16:50:42 witherspoon systemd[1]: Starting Reboot If Enabled...
Aug 25 16:50:43 witherspoon phosphor-discover-system-state[1245]: Host power is off, checking power policy
Aug 25 16:50:43 witherspoon systemd[1]: Started Reboot If Enabled.
Aug 25 16:50:43 witherspoon systemd[1]: Reached target Phosphor System - Standby.
Aug 25 16:50:43 witherspoon systemd[1]: Starting Assert bmc_booted LED...
Aug 25 16:50:43 witherspoon phosphor-bmc-state-manager[1197]: BMC_READY
Aug 25 16:50:43 witherspoon phosphor-bmc-state-manager[1197]: Setting the BMCState field
Aug 25 16:50:43 witherspoon phosphor-ledmanager[958]: Asserting LEDs
Aug 25 16:50:43 witherspoon systemd[1]: Started Assert bmc_booted LED.
Aug 25 16:50:43 witherspoon systemd[1]: Startup finished in 10.323s (kernel) + 1min 46.470s (userspace) = 1min 56.794s.
Aug 25 16:50:53 witherspoon phosphor-gevent[1134]: ::8039:6676:8e91:f402%1995520796 - - [2017-08-25 16:50:53] "POST /login HTTP/1.1" 200 320 0.094648
Aug 25 16:50:53 witherspoon phosphor-gevent[1134]: ::8039:6676:8e91:f402%1995520796 - - [2017-08-25 16:50:53] "GET /xyz/openbmc_project/state/chassis0//attr/CurrentPowerState HTTP/1.1" 200 216 0.082363
Aug 25 16:50:53 witherspoon phosphor-gevent[1134]: ::8039:6676:8e91:f402%1995520796 - - [2017-08-25 16:50:53] "POST /login HTTP/1.1" 200 320 0.032882
Aug 25 16:50:53 witherspoon phosphor-gevent[1134]: ::8039:6676:8e91:f402%1995520796 - - [2017-08-25 16:50:53] "GET /xyz/openbmc_project/state/chassis0//attr/CurrentPowerState HTTP/1.1" 200 216 0.048725
Aug 25 16:50:53 witherspoon phosphor-gevent[1134]: ::8039:6676:8e91:f402%1995520796 - - [2017-08-25 16:50:53] "POST /login HTTP/1.1" 200 320 0.032890
Aug 25 16:50:53 witherspoon phosphor-gevent[1134]: ::8039:6676:8e91:f402%1995520796 - - [2017-08-25 16:50:53] "GET /xyz/openbmc_project/state/host0//attr/CurrentHostState HTTP/1.1" 200 212 0.083286
Aug 25 16:50:53 witherspoon phosphor-gevent[1134]: ::8039:6676:8e91:f402%1995520796 - - [2017-08-25 16:50:53] "POST /login HTTP/1.1" 200 320 0.052765
Aug 25 16:50:54 witherspoon phosphor-gevent[1134]: ::8039:6676:8e91:f402%1995520796 - - [2017-08-25 16:50:54] "GET /xyz/openbmc_project/logging/entry//list HTTP/1.1" 200 214 0.053519
Aug 25 16:50:54 witherspoon phosphor-gevent[1134]: ::8039:6676:8e91:f402%1995520796 - - [2017-08-25 16:50:54] "POST /login HTTP/1.1" 200 320 0.049135
Aug 25 16:50:54 witherspoon phosphor-gevent[1134]: ::8039:6676:8e91:f402%1995520796 - - [2017-08-25 16:50:54] "GET /xyz/openbmc_project/logging/entry//list HTTP/1.1" 200 214 0.048629
Aug 25 16:50:54 witherspoon phosphor-gevent[1134]: ::8039:6676:8e91:f402%1995520796 - - [2017-08-25 16:50:54] "POST /login HTTP/1.1" 200 320 0.032693
Aug 25 16:50:54 witherspoon phosphor-gevent[1134]: ::8039:6676:8e91:f402%1995520796 - - [2017-08-25 16:50:54] "DELETE /xyz/openbmc_project/logging/entry/1 HTTP/1.1" 200 169 0.094303
Aug 25 16:50:54 witherspoon phosphor-gevent[1134]: ::8039:6676:8e91:f402%1995520796 - - [2017-08-25 16:50:54] "POST /login HTTP/1.1" 200 320 0.033040
Aug 25 16:50:54 witherspoon phosphor-gevent[1134]: ::8039:6676:8e91:f402%1995520796 - - [2017-08-25 16:50:54] "GET /xyz/openbmc_project/state/host0//attr/CurrentHostState HTTP/1.1" 200 212 0.096850
Aug 25 16:50:55 witherspoon dropbear[1096]: Exit (root): Exited normally
Aug 25 16:52:01 witherspoon systemd[1]: Started SSH Per-Connection Server (9.41.165.94:54640).
Aug 25 16:52:01 witherspoon dropbear[1261]: Failed loading /etc/dropbear/dropbear_dss_host_key
Aug 25 16:52:01 witherspoon dropbear[1261]: Failed loading /etc/dropbear/dropbear_ecdsa_host_key
Aug 25 16:52:01 witherspoon dropbear[1261]: Child connection from ::ffff:9.41.165.94:54640
Aug 25 16:52:01 witherspoon dropbear[1261]: PAM password auth succeeded for 'root' from ::ffff:9.41.165.94:54640
Aug 25 16:52:01 witherspoon dropbear[1262]: lastlog_perform_login: Couldn't stat /var/log/lastlog: No such file or directory
Aug 25 16:52:01 witherspoon dropbear[1262]: lastlog_openseek: /var/log/lastlog is not a file or directory!
Aug 25 16:52:03 witherspoon systemd[1]: Started SSH Per-Connection Server (9.41.165.94:54642).
Aug 25 16:52:03 witherspoon dropbear[1271]: Failed loading /etc/dropbear/dropbear_dss_host_key
Aug 25 16:52:03 witherspoon dropbear[1271]: Failed loading /etc/dropbear/dropbear_ecdsa_host_key
Aug 25 16:52:03 witherspoon dropbear[1271]: Child connection from ::ffff:9.41.165.94:54642
Aug 25 16:52:03 witherspoon dropbear[1271]: PAM password auth succeeded for 'root' from ::ffff:9.41.165.94:54642
Aug 25 16:52:03 witherspoon dropbear[1272]: lastlog_perform_login: Couldn't stat /var/log/lastlog: No such file or directory
Aug 25 16:52:03 witherspoon dropbear[1272]: lastlog_openseek: /var/log/lastlog is not a file or directory!
Aug 25 16:52:04 witherspoon systemd[1]: Started SSH Per-Connection Server (9.41.165.94:54644).
Aug 25 16:52:04 witherspoon dropbear[1278]: Failed loading /etc/dropbear/dropbear_dss_host_key
Aug 25 16:52:04 witherspoon dropbear[1278]: Failed loading /etc/dropbear/dropbear_ecdsa_host_key
Aug 25 16:52:04 witherspoon dropbear[1278]: Child connection from ::ffff:9.41.165.94:54644
Aug 25 16:52:04 witherspoon dropbear[1278]: PAM password auth succeeded for 'root' from ::ffff:9.41.165.94:54644
Aug 25 16:52:04 witherspoon dropbear[1279]: lastlog_perform_login: Couldn't stat /var/log/lastlog: No such file or directory
Aug 25 16:52:04 witherspoon dropbear[1279]: lastlog_openseek: /var/log/lastlog is not a file or directory!
Aug 25 16:52:06 witherspoon phosphor-gevent[1134]: ::8039:6676:8e91:f402%1995520796 - - [2017-08-25 16:52:06] "POST /login HTTP/1.1" 200 320 0.032812
Aug 25 16:52:06 witherspoon phosphor-gevent[1134]: ::8039:6676:8e91:f402%1995520796 - - [2017-08-25 16:52:06] "POST /login HTTP/1.1" 200 320 0.057687
Aug 25 16:52:06 witherspoon phosphor-gevent[1134]: ::8039:6676:8e91:f402%1995520796 - - [2017-08-25 16:52:06] "GET /xyz/openbmc_project/state/host0//attr/CurrentHostState HTTP/1.1" 200 212 0.077021
Aug 25 16:52:06 witherspoon systemd[1]: Created slice system-obmc\x2dconsole\x2dssh.slice.
Aug 25 16:52:06 witherspoon systemd[1]: Started Phosphor Host Console SSH Per-Connection (9.41.165.94:43200).
Aug 25 16:52:06 witherspoon dropbear[1285]: Failed loading /etc/dropbear/dropbear_dss_host_key
Aug 25 16:52:06 witherspoon dropbear[1285]: Failed loading /etc/dropbear/dropbear_ecdsa_host_key
Aug 25 16:52:07 witherspoon dropbear[1285]: Child connection from ::ffff:9.41.165.94:43200
Aug 25 16:52:07 witherspoon phosphor-gevent[1134]: ::8039:6676:8e91:f402%1995520796 - - [2017-08-25 16:52:07] "POST /login HTTP/1.1" 200 320 0.032565
Aug 25 16:52:07 witherspoon dropbear[1285]: PAM password auth succeeded for 'root' from ::ffff:9.41.165.94:43200
Aug 25 16:52:07 witherspoon phosphor-host-state-manager[1243]: Host State transaction request
Aug 25 16:52:07 witherspoon dropbear[1286]: lastlog_perform_login: Couldn't stat /var/log/lastlog: No such file or directory
Aug 25 16:52:07 witherspoon dropbear[1286]: lastlog_openseek: /var/log/lastlog is not a file or directory!
Aug 25 16:52:08 witherspoon phosphor-gevent[1134]: ::8039:6676:8e91:f402%1995520796 - - [2017-08-25 16:52:08] "PUT /xyz/openbmc_project/state/host0//attr/RequestedHostTransition HTTP/1.1" 200 169 0.625523
Aug 25 16:52:08 witherspoon systemd[1]: Starting Wait for /org/openbmc/HostIpmi/1...
Aug 25 16:52:08 witherspoon systemd[1]: Starting Wait for /org/openbmc/control/chassis0...
Aug 25 16:52:08 witherspoon systemd[1]: Starting Wait for /xyz/openbmc_project/led/groups/power_on...
Aug 25 16:52:08 witherspoon systemd[1]: Created slice system-obmc\x2dled\x2dgroup\x2dstop.slice.
Aug 25 16:52:08 witherspoon systemd[1]: Stopped target Host0 running after reset.
Aug 25 16:52:08 witherspoon systemd[1]: Reached target Stop Hosti (Pre).
Aug 25 16:52:08 witherspoon systemd[1]: Reached target Hosti (Stopping).
Aug 25 16:52:08 witherspoon systemd[1]: Created slice system-vcs_off_poweroff.slice.
Aug 25 16:52:08 witherspoon systemd[1]: Created slice system-op\x2dwait\x2dpower\x2doff.slice.
Aug 25 16:52:08 witherspoon systemd[1]: Created slice system-op\x2dpower\x2dstop.slice.
Aug 25 16:52:08 witherspoon systemd[1]: Stopped target Host0 (Reset Check).
Aug 25 16:52:08 witherspoon systemd[1]: Reached target Hosti (Stopped).
Aug 25 16:52:08 witherspoon systemd[1]: Created slice system-op\x2docc\x2ddisable.slice.
Aug 25 16:52:08 witherspoon systemd[1]: Starting OpenPOWER OCC Active Disable...
Aug 25 16:52:08 witherspoon systemd[1]: Reached target Poweri Off (Pre).
Aug 25 16:52:08 witherspoon systemd[1]: Reached target Poweri Off.
Aug 25 16:52:08 witherspoon systemd[1]: Created slice system-ir35221\x2doff\x2dunbind.slice.
Aug 25 16:52:08 witherspoon systemd[1]: Created slice system-ir35221\x2doff\x2dbind.slice.
Aug 25 16:52:09 witherspoon occ-active.sh[1290]: /usr/bin/occ-active.sh: line 16:  1291 Done                    busctl tree org.open_power.OCC.Control --list
Aug 25 16:52:09 witherspoon occ-active.sh[1290]:       1292 Done(1)                 | grep occ
Aug 25 16:52:09 witherspoon occ-active.sh[1290]:       1293 Segmentation fault      | xargs -n1 -I{} busctl set-property org.open_power.OCC.Control {} org.open_power.OCC.Status OccActive b $value
Aug 25 16:52:09 witherspoon systemd[1]: Started OpenPOWER OCC Active Disable.
Aug 25 16:52:09 witherspoon systemd[1]: Reached target Stop Host0 (Pre).
Aug 25 16:52:09 witherspoon systemd[1]: Starting Power off mode unbind ir35221 device driver devs...
Aug 25 16:52:09 witherspoon systemd[1]: Started Power off mode unbind ir35221 device driver devs.
Aug 25 16:52:09 witherspoon systemd[1]: xyz.openbmc_project.Hwmon@ahb-apb-i2c\x401e78a000-i2c\x2dbus\x40140-ir35221\x4070.service: Unit not needed anymore. Stopping.
Aug 25 16:52:09 witherspoon systemd[1]: Stopping Phosphor Hwmon Poller...
Aug 25 16:52:09 witherspoon systemd[1]: Stopped Phosphor Hwmon Poller.
Aug 25 16:52:09 witherspoon systemd[1]: xyz.openbmc_project.Hwmon@ahb-apb-i2c\x401e78a000-i2c\x2dbus\x40180-ir35221\x4070.service: Unit not needed anymore. Stopping.
Aug 25 16:52:09 witherspoon systemd[1]: Stopping Phosphor Hwmon Poller...
Aug 25 16:52:09 witherspoon systemd[1]: Stopped Phosphor Hwmon Poller.
Aug 25 16:52:09 witherspoon systemd[1]: xyz.openbmc_project.Hwmon@ahb-apb-i2c\x401e78a000-i2c\x2dbus\x40140-ir35221\x4071.service: Unit not needed anymore. Stopping.
Aug 25 16:52:09 witherspoon systemd[1]: Stopping Phosphor Hwmon Poller...
Aug 25 16:52:09 witherspoon systemd[1]: Stopped Phosphor Hwmon Poller.
Aug 25 16:52:09 witherspoon systemd[1]: xyz.openbmc_project.Hwmon@ahb-apb-i2c\x401e78a000-i2c\x2dbus\x40180-ir35221\x4071.service: Unit not needed anymore. Stopping.
Aug 25 16:52:09 witherspoon systemd[1]: Stopped Phosphor Hwmon Poller.
Aug 25 16:52:09 witherspoon phosphor-gevent[1134]: ::8039:6676:8e91:f402%1995520796 - - [2017-08-25 16:52:09] "POST /login HTTP/1.1" 200 320 0.032295
Aug 25 16:52:10 witherspoon systemd[1]: Started Wait for /xyz/openbmc_project/led/groups/power_on.
Aug 25 16:52:10 witherspoon systemd[1]: Starting Assert power_on LED...
Aug 25 16:52:10 witherspoon systemd[1]: Started Wait for /org/openbmc/HostIpmi/1.
Aug 25 16:52:10 witherspoon systemd[1]: Starting Soft power off of the host...
Aug 25 16:52:10 witherspoon systemd[1]: Started Wait for /org/openbmc/control/chassis0.
Aug 25 16:52:14 witherspoon phosphor-gevent[1134]: ::8039:6676:8e91:f402%1995520796 - - [2017-08-25 16:52:14] "GET /xyz/openbmc_project/state/chassis0//attr/CurrentPowerState HTTP/1.1" 200 216 4.500196
Aug 25 16:52:14 witherspoon ipmid[1202]: Pushing cmd on to queue
Aug 25 16:52:14 witherspoon ipmid[1202]: Pushing cmd on to queue
Aug 25 16:52:14 witherspoon ipmid[1202]: Asserting SMS Attention
Aug 25 16:52:14 witherspoon phosphor-gevent[1134]: ::8039:6676:8e91:f402%1995520796 - - [2017-08-25 16:52:14] "POST /login HTTP/1.1" 200 320 0.032439
Aug 25 16:52:14 witherspoon systemd[1]: Started Assert power_on LED.
Aug 25 16:52:14 witherspoon ipmid[1202]: SMS Attention asserted
Aug 25 16:52:15 witherspoon phosphor-gevent[1134]: ::8039:6676:8e91:f402%1995520796 - - [2017-08-25 16:52:15] "GET /xyz/openbmc_project/state/host0//attr/CurrentHostState HTTP/1.1" 200 212 0.283796
Aug 25 16:52:15 witherspoon phosphor-gevent[1134]: ::8039:6676:8e91:f402%1995520796 - - [2017-08-25 16:52:15] "POST /login HTTP/1.1" 200 320 0.097379
Aug 25 16:52:15 witherspoon phosphor-host-state-manager[1243]: Host State transaction request
Aug 25 16:52:15 witherspoon phosphor-gevent[1134]: ::8039:6676:8e91:f402%1995520796 - - [2017-08-25 16:52:15] "PUT /xyz/openbmc_project/state/host0//attr/RequestedHostTransition HTTP/1.1" 200 169 0.530284
Aug 25 16:52:16 witherspoon phosphor-gevent[1134]: ::8039:6676:8e91:f402%1995520796 - - [2017-08-25 16:52:16] "POST /login HTTP/1.1" 200 320 0.033267
Aug 25 16:52:16 witherspoon phosphor-gevent[1134]: ::8039:6676:8e91:f402%1995520796 - - [2017-08-25 16:52:16] "GET /xyz/openbmc_project/state/chassis0//attr/CurrentPowerState HTTP/1.1" 200 216 0.049834
Aug 25 16:52:17 witherspoon ipmid[1202]: Host control timeout hit!
Aug 25 16:52:17 witherspoon ipmid[1202]: Timer expired
Aug 25 16:52:17 witherspoon phosphor-softpoweroff[1313]: Host control signal values
Aug 25 16:52:17 witherspoon phosphor-softpoweroff[1313]: Timeout on host attention, continue with power down
Aug 25 16:52:18 witherspoon systemd[1]: Started Soft power off of the host.
Aug 25 16:52:18 witherspoon systemd[1]: Reached target Host0 (Stopping).
Aug 25 16:52:18 witherspoon systemd[1]: Reached target Host0 (Stopped).
Aug 25 16:52:18 witherspoon systemd[1]: Reached target Power0 Off (Pre).
Aug 25 16:52:18 witherspoon systemd[1]: Started Stop Power0.
Aug 25 16:52:18 witherspoon systemd[1]: Starting Wait for Power0 to turn off...
Aug 25 16:52:19 witherspoon power_control.exe[1200]: Power already at requested state: 0
Aug 25 16:52:19 witherspoon systemd[1]: Started Wait for Power0 to turn off.
Aug 25 16:52:19 witherspoon systemd[1]: Reached target Power0 Off.
Aug 25 16:52:19 witherspoon systemd[1]: Starting Disable VCS on a power off...
Aug 25 16:52:19 witherspoon systemd[1]: Started Disable VCS on a power off.
Aug 25 16:52:19 witherspoon systemd[1]: Starting Power off mode bind ir35221 device driver devs...
Aug 25 16:52:20 witherspoon systemd[1]: Started Phosphor Hwmon Poller.
Aug 25 16:52:20 witherspoon systemd[1]: Started Phosphor Hwmon Poller.
Aug 25 16:52:20 witherspoon systemd[1]: Started Phosphor Hwmon Poller.
Aug 25 16:52:21 witherspoon systemd[1]: Started Phosphor Hwmon Poller.
Aug 25 16:52:21 witherspoon systemd[1]: Started Power off mode bind ir35221 device driver devs.
Aug 25 16:52:21 witherspoon systemd[1]: Reached target Chassis0 (Power Off).
Aug 25 16:52:21 witherspoon systemd[1]: Reached target Power0 Host Off.
Aug 25 16:52:21 witherspoon systemd[1]: Reached target Stop Host0.
Aug 25 16:52:21 witherspoon phosphor-chassis-state-manager[1199]: Received signal that power OFF is complete
Aug 25 16:52:21 witherspoon phosphor-chassis-state-manager[1199]: Change to Chassis Power State
Aug 25 16:52:21 witherspoon phosphor-host-state-manager[1243]: Received signal that host is off
Aug 25 16:52:21 witherspoon phosphor-host-state-manager[1243]: Change to Host State
Aug 25 16:52:26 witherspoon phosphor-gevent[1134]: ::8039:6676:8e91:f402%1995520796 - - [2017-08-25 16:52:26] "POST /login HTTP/1.1" 200 320 0.042730
Aug 25 16:52:26 witherspoon phosphor-gevent[1134]: ::8039:6676:8e91:f402%1995520796 - - [2017-08-25 16:52:26] "GET /xyz/openbmc_project/state/chassis0//attr/CurrentPowerState HTTP/1.1" 200 216 0.058517
Aug 25 16:52:36 witherspoon phosphor-gevent[1134]: ::8039:6676:8e91:f402%1995520796 - - [2017-08-25 16:52:36] "POST /login HTTP/1.1" 200 320 0.032535
Aug 25 16:52:36 witherspoon phosphor-gevent[1134]: ::8039:6676:8e91:f402%1995520796 - - [2017-08-25 16:52:36] "GET /xyz/openbmc_project/state/chassis0//attr/CurrentPowerState HTTP/1.1" 200 216 0.049299
Aug 25 16:52:47 witherspoon phosphor-gevent[1134]: ::8039:6676:8e91:f402%1995520796 - - [2017-08-25 16:52:47] "POST /login HTTP/1.1" 200 320 0.036158
Aug 25 16:52:47 witherspoon phosphor-gevent[1134]: ::8039:6676:8e91:f402%1995520796 - - [2017-08-25 16:52:47] "GET /xyz/openbmc_project/state/chassis0//attr/CurrentPowerState HTTP/1.1" 200 216 0.048337
Aug 25 16:52:57 witherspoon phosphor-gevent[1134]: ::8039:6676:8e91:f402%1995520796 - - [2017-08-25 16:52:57] "POST /login HTTP/1.1" 200 320 0.050260
Aug 25 16:52:57 witherspoon phosphor-gevent[1134]: ::8039:6676:8e91:f402%1995520796 - - [2017-08-25 16:52:57] "GET /xyz/openbmc_project/state/chassis0//attr/CurrentPowerState HTTP/1.1" 200 216 0.051172
Aug 25 16:53:07 witherspoon phosphor-gevent[1134]: ::8039:6676:8e91:f402%1995520796 - - [2017-08-25 16:53:07] "POST /login HTTP/1.1" 200 320 0.048880
Aug 25 16:53:07 witherspoon phosphor-gevent[1134]: ::8039:6676:8e91:f402%1995520796 - - [2017-08-25 16:53:07] "GET /xyz/openbmc_project/state/chassis0//attr/CurrentPowerState HTTP/1.1" 200 216 0.068429
Aug 25 16:53:17 witherspoon phosphor-gevent[1134]: ::8039:6676:8e91:f402%1995520796 - - [2017-08-25 16:53:17] "POST /login HTTP/1.1" 200 320 0.033475
Aug 25 16:53:18 witherspoon phosphor-gevent[1134]: ::8039:6676:8e91:f402%1995520796 - - [2017-08-25 16:53:18] "GET /xyz/openbmc_project/state/chassis0//attr/CurrentPowerState HTTP/1.1" 200 216 0.061780
Aug 25 16:53:28 witherspoon phosphor-gevent[1134]: ::8039:6676:8e91:f402%1995520796 - - [2017-08-25 16:53:28] "POST /login HTTP/1.1" 200 320 0.033751
Aug 25 16:53:28 witherspoon phosphor-gevent[1134]: ::8039:6676:8e91:f402%1995520796 - - [2017-08-25 16:53:28] "GET /xyz/openbmc_project/state/chassis0//attr/CurrentPowerState HTTP/1.1" 200 216 0.061303
Aug 25 16:53:38 witherspoon phosphor-gevent[1134]: ::8039:6676:8e91:f402%1995520796 - - [2017-08-25 16:53:38] "POST /login HTTP/1.1" 200 320 0.036943
Aug 25 16:53:38 witherspoon phosphor-gevent[1134]: ::8039:6676:8e91:f402%1995520796 - - [2017-08-25 16:53:38] "GET /xyz/openbmc_project/state/chassis0//attr/CurrentPowerState HTTP/1.1" 200 216 0.055030
Aug 25 16:53:48 witherspoon phosphor-gevent[1134]: ::8039:6676:8e91:f402%1995520796 - - [2017-08-25 16:53:48] "POST /login HTTP/1.1" 200 320 0.033305
Aug 25 16:53:48 witherspoon phosphor-gevent[1134]: ::8039:6676:8e91:f402%1995520796 - - [2017-08-25 16:53:48] "GET /xyz/openbmc_project/state/chassis0//attr/CurrentPowerState HTTP/1.1" 200 216 0.060886
Aug 25 16:53:59 witherspoon phosphor-gevent[1134]: ::8039:6676:8e91:f402%1995520796 - - [2017-08-25 16:53:59] "POST /login HTTP/1.1" 200 320 0.053897
Aug 25 16:53:59 witherspoon phosphor-gevent[1134]: ::8039:6676:8e91:f402%1995520796 - - [2017-08-25 16:53:59] "GET /xyz/openbmc_project/state/chassis0//attr/CurrentPowerState HTTP/1.1" 200 216 0.049071
Aug 25 16:54:09 witherspoon phosphor-gevent[1134]: ::8039:6676:8e91:f402%1995520796 - - [2017-08-25 16:54:09] "POST /login HTTP/1.1" 200 320 0.051803
Aug 25 16:54:09 witherspoon phosphor-gevent[1134]: ::8039:6676:8e91:f402%1995520796 - - [2017-08-25 16:54:09] "GET /xyz/openbmc_project/state/chassis0//attr/CurrentPowerState HTTP/1.1" 200 216 0.067057
Aug 25 16:54:19 witherspoon phosphor-gevent[1134]: ::8039:6676:8e91:f402%1995520796 - - [2017-08-25 16:54:19] "POST /login HTTP/1.1" 200 320 0.046471
Aug 25 16:54:19 witherspoon phosphor-gevent[1134]: ::8039:6676:8e91:f402%1995520796 - - [2017-08-25 16:54:19] "GET /xyz/openbmc_project/state/chassis0//attr/CurrentPowerState HTTP/1.1" 200 216 0.049345
Aug 25 16:54:30 witherspoon phosphor-gevent[1134]: ::8039:6676:8e91:f402%1995520796 - - [2017-08-25 16:54:30] "POST /login HTTP/1.1" 200 320 0.041242
Aug 25 16:54:30 witherspoon phosphor-gevent[1134]: ::8039:6676:8e91:f402%1995520796 - - [2017-08-25 16:54:30] "GET /xyz/openbmc_project/state/chassis0//attr/CurrentPowerState HTTP/1.1" 200 216 0.055818
Aug 25 16:54:40 witherspoon phosphor-gevent[1134]: ::8039:6676:8e91:f402%1995520796 - - [2017-08-25 16:54:40] "POST /login HTTP/1.1" 200 320 0.042313
Aug 25 16:54:40 witherspoon phosphor-gevent[1134]: ::8039:6676:8e91:f402%1995520796 - - [2017-08-25 16:54:40] "GET /xyz/openbmc_project/state/chassis0//attr/CurrentPowerState HTTP/1.1" 200 216 0.062199
Aug 25 16:54:50 witherspoon phosphor-gevent[1134]: ::8039:6676:8e91:f402%1995520796 - - [2017-08-25 16:54:50] "POST /login HTTP/1.1" 200 320 0.032653
Aug 25 16:54:50 witherspoon phosphor-gevent[1134]: ::8039:6676:8e91:f402%1995520796 - - [2017-08-25 16:54:50] "GET /xyz/openbmc_project/state/chassis0//attr/CurrentPowerState HTTP/1.1" 200 216 0.069690
Aug 25 16:55:01 witherspoon phosphor-gevent[1134]: ::8039:6676:8e91:f402%1995520796 - - [2017-08-25 16:55:01] "POST /login HTTP/1.1" 200 320 0.033689
Aug 25 16:55:01 witherspoon phosphor-gevent[1134]: ::8039:6676:8e91:f402%1995520796 - - [2017-08-25 16:55:01] "GET /xyz/openbmc_project/state/chassis0//attr/CurrentPowerState HTTP/1.1" 200 216 0.048979
Aug 25 16:55:11 witherspoon phosphor-gevent[1134]: ::8039:6676:8e91:f402%1995520796 - - [2017-08-25 16:55:11] "POST /login HTTP/1.1" 200 320 0.033424
Aug 25 16:55:11 witherspoon phosphor-gevent[1134]: ::8039:6676:8e91:f402%1995520796 - - [2017-08-25 16:55:11] "GET /xyz/openbmc_project/state/chassis0//attr/CurrentPowerState HTTP/1.1" 200 216 0.060117
Aug 25 16:55:21 witherspoon phosphor-gevent[1134]: ::8039:6676:8e91:f402%1995520796 - - [2017-08-25 16:55:21] "POST /login HTTP/1.1" 200 320 0.032746
Aug 25 16:55:21 witherspoon phosphor-gevent[1134]: ::8039:6676:8e91:f402%1995520796 - - [2017-08-25 16:55:21] "GET /xyz/openbmc_project/state/chassis0//attr/CurrentPowerState HTTP/1.1" 200 216 0.049487
