-- Logs begin at Mon 2017-07-31 04:43:20 UTC, end at Mon 2017-07-31 04:52:46 UTC. --
Jul 31 04:43:20 witherspoon kernel: Booting Linux on physical CPU 0x0
Jul 31 04:43:20 witherspoon kernel: Linux version 4.10.17-44f0dc8ac43162c4f7082884d6cd79400341bf5b (jenkins@openbmc-builder1) (gcc version 6.2.0 (GCC) ) #1 Mon Jul 31 04:32:14 UTC 2017
Jul 31 04:43:20 witherspoon kernel: CPU: ARMv6-compatible processor [410fb767] revision 7 (ARMv7), cr=00c5387d
Jul 31 04:43:20 witherspoon kernel: CPU: PIPT / VIPT nonaliasing data cache, VIPT nonaliasing instruction cache
Jul 31 04:43:20 witherspoon kernel: OF: fdt:Machine model: Witherspoon BMC
Jul 31 04:43:20 witherspoon kernel: Memory policy: Data cache writeback
Jul 31 04:43:20 witherspoon kernel: SOC Rev: 04030303
Jul 31 04:43:20 witherspoon kernel: On node 0 totalpages: 110592
Jul 31 04:43:20 witherspoon kernel: free_area_init_node: node 0, pgdat 805ff5e4, node_mem_map 9ec1a000
Jul 31 04:43:20 witherspoon kernel:   Normal zone: 992 pages used for memmap
Jul 31 04:43:20 witherspoon kernel:   Normal zone: 0 pages reserved
Jul 31 04:43:20 witherspoon kernel:   Normal zone: 110592 pages, LIFO batch:31
Jul 31 04:43:20 witherspoon kernel: pcpu-alloc: s0 r0 d32768 u32768 alloc=1*32768
Jul 31 04:43:20 witherspoon kernel: pcpu-alloc: [0] 0 
Jul 31 04:43:20 witherspoon kernel: Built 1 zonelists in Zone order, mobility grouping on.  Total pages: 109600
Jul 31 04:43:20 witherspoon kernel: Kernel command line: console=ttyS4,115200n8 root=/dev/ram rw
Jul 31 04:43:20 witherspoon kernel: PID hash table entries: 2048 (order: 1, 8192 bytes)
Jul 31 04:43:20 witherspoon kernel: Dentry cache hash table entries: 65536 (order: 6, 262144 bytes)
Jul 31 04:43:20 witherspoon kernel: Inode-cache hash table entries: 32768 (order: 5, 131072 bytes)
Jul 31 04:43:20 witherspoon kernel: Memory: 430436K/442368K available (4065K kernel code, 280K rwdata, 1192K rodata, 284K init, 111K bss, 11932K reserved, 0K cma-reserved)
Jul 31 04:43:20 witherspoon kernel: Virtual kernel memory layout:
                                        vector  : 0xffff0000 - 0xffff1000   (   4 kB)
                                        fixmap  : 0xffc00000 - 0xfff00000   (3072 kB)
                                        vmalloc : 0x9f800000 - 0xff800000   (1536 MB)
                                        lowmem  : 0x80000000 - 0x9f000000   ( 496 MB)
                                          .text : 0x80008000 - 0x804007a0   (4066 kB)
                                          .init : 0x80585000 - 0x805cc000   ( 284 kB)
                                          .data : 0x805cc000 - 0x80612358   ( 281 kB)
                                           .bss : 0x80612358 - 0x8062e1f8   ( 112 kB)
Jul 31 04:43:20 witherspoon kernel: NR_IRQS:16 nr_irqs:16 16
Jul 31 04:43:20 witherspoon kernel: i2c controller registered, irq 16
Jul 31 04:43:20 witherspoon kernel: clocksource: moxart_timer: mask: 0xffffffff max_cycles: 0xffffffff, max_idle_ns: 77222644334 ns
Jul 31 04:43:20 witherspoon kernel: sched_clock: 32 bits at 100 Hz, resolution 10000000ns, wraps every 21474836475000000ns
Jul 31 04:43:20 witherspoon kernel: Calibrating delay loop... 789.70 BogoMIPS (lpj=3948544)
Jul 31 04:43:20 witherspoon kernel: pid_max: default: 32768 minimum: 301
Jul 31 04:43:20 witherspoon kernel: Mount-cache hash table entries: 1024 (order: 0, 4096 bytes)
Jul 31 04:43:20 witherspoon kernel: Mountpoint-cache hash table entries: 1024 (order: 0, 4096 bytes)
Jul 31 04:43:20 witherspoon kernel: CPU: Testing write buffer coherency: ok
Jul 31 04:43:20 witherspoon kernel: ftrace: allocating 14932 entries in 44 pages
Jul 31 04:43:20 witherspoon kernel: Setting up static identity map for 0x80008200 - 0x8000825c
Jul 31 04:43:20 witherspoon kernel: devtmpfs: initialized
Jul 31 04:43:20 witherspoon kernel: clocksource: jiffies: mask: 0xffffffff max_cycles: 0xffffffff, max_idle_ns: 19112604462750000 ns
Jul 31 04:43:20 witherspoon kernel: futex hash table entries: 256 (order: -1, 3072 bytes)
Jul 31 04:43:20 witherspoon kernel: pinctrl core: initialized pinctrl subsystem
Jul 31 04:43:20 witherspoon kernel: NET: Registered protocol family 16
Jul 31 04:43:20 witherspoon kernel: DMA: preallocated 256 KiB pool for atomic coherent allocations
Jul 31 04:43:20 witherspoon kernel: usbcore: registered new interface driver usbfs
Jul 31 04:43:20 witherspoon kernel: usbcore: registered new interface driver hub
Jul 31 04:43:20 witherspoon kernel: usbcore: registered new device driver usb
Jul 31 04:43:20 witherspoon kernel: clocksource: Switched to clocksource moxart_timer
Jul 31 04:43:20 witherspoon kernel: NET: Registered protocol family 2
Jul 31 04:43:20 witherspoon kernel: TCP established hash table entries: 4096 (order: 2, 16384 bytes)
Jul 31 04:43:20 witherspoon kernel: TCP bind hash table entries: 4096 (order: 2, 16384 bytes)
Jul 31 04:43:20 witherspoon kernel: TCP: Hash tables configured (established 4096 bind 4096)
Jul 31 04:43:20 witherspoon kernel: UDP hash table entries: 256 (order: 0, 4096 bytes)
Jul 31 04:43:20 witherspoon kernel: UDP-Lite hash table entries: 256 (order: 0, 4096 bytes)
Jul 31 04:43:20 witherspoon kernel: NET: Registered protocol family 1
Jul 31 04:43:20 witherspoon kernel: Trying to unpack rootfs image as initramfs...
Jul 31 04:43:20 witherspoon kernel: Freeing initrd memory: 1548K
Jul 31 04:43:20 witherspoon kernel: workingset: timestamp_bits=30 max_order=17 bucket_order=0
Jul 31 04:43:20 witherspoon kernel: squashfs: version 4.0 (2009/01/31) Phillip Lougher
Jul 31 04:43:20 witherspoon kernel: jffs2: version 2.2. (SUMMARY)  © 2001-2006 Red Hat, Inc.
Jul 31 04:43:20 witherspoon kernel: Block layer SCSI generic (bsg) driver version 0.4 loaded (major 250)
Jul 31 04:43:20 witherspoon kernel: io scheduler noop registered
Jul 31 04:43:20 witherspoon kernel: io scheduler deadline registered
Jul 31 04:43:20 witherspoon kernel: io scheduler cfq registered (default)
Jul 31 04:43:20 witherspoon kernel: ipmi-bt-host 1e789140.ibt: Found bt bmc device
Jul 31 04:43:20 witherspoon kernel: ipmi-bt-host 1e789140.ibt: Using IRQ 22
Jul 31 04:43:20 witherspoon kernel: Serial: 8250/16550 driver, 6 ports, IRQ sharing enabled
Jul 31 04:43:20 witherspoon kernel: 1e783000.serial: ttyS0 at MMIO 0x1e783000 (irq = 23, base_baud = 1500000) is a 16550A
Jul 31 04:43:20 witherspoon kernel: 1e78d000.serial: ttyS1 at MMIO 0x1e78d000 (irq = 24, base_baud = 1500000) is a 16550A
Jul 31 04:43:20 witherspoon kernel: 1e784000.serial: ttyS4 at MMIO 0x1e784000 (irq = 25, base_baud = 1500000) is a 16550A
Jul 31 04:43:20 witherspoon kernel: console [ttyS4] enabled
Jul 31 04:43:20 witherspoon kernel: 1e787000.vuart: ttyS2 at MMIO 0x1e787000 (irq = 22, base_baud = 1500000) is a 16550A
Jul 31 04:43:20 witherspoon kernel: timeriomem_rng 1e6e2078.hwrng: 32bits from 0xf00e2078 @ 1us
Jul 31 04:43:20 witherspoon kernel: random: fast init done
Jul 31 04:43:20 witherspoon kernel: brd: module loaded
Jul 31 04:43:20 witherspoon kernel: loop: module loaded
Jul 31 04:43:20 witherspoon kernel: aspeed-lpc-ctrl 1e789080.lpc-ctrl: Loaded at 0x98000000 (0x04000000)
Jul 31 04:43:20 witherspoon kernel: aspeed-smc 1e620000.flash-controller: Using IRQ 18
Jul 31 04:43:20 witherspoon kernel: aspeed-smc 1e620000.flash-controller: DMA support disabled.
Jul 31 04:43:20 witherspoon kernel: aspeed-smc 1e620000.flash-controller: mx25l25635e (32768 Kbytes)
Jul 31 04:43:20 witherspoon kernel: aspeed-smc 1e620000.flash-controller: CE0 window [ 0x20000000 - 0x22000000 ] 32MB
Jul 31 04:43:20 witherspoon kernel: aspeed-smc 1e620000.flash-controller: CE1 window [ 0x22000000 - 0x2a000000 ] 128MB
Jul 31 04:43:20 witherspoon kernel: 5 ofpart partitions found on MTD device bmc
Jul 31 04:43:20 witherspoon kernel: Creating 5 MTD partitions on "bmc":
Jul 31 04:43:20 witherspoon kernel: 0x000000000000-0x000000060000 : "u-boot"
Jul 31 04:43:20 witherspoon kernel: 0x000000060000-0x000000080000 : "u-boot-env"
Jul 31 04:43:20 witherspoon kernel: 0x000000080000-0x0000004c0000 : "kernel"
Jul 31 04:43:20 witherspoon kernel: 0x0000004c0000-0x000001c00000 : "rofs"
Jul 31 04:43:20 witherspoon kernel: 0x000001c00000-0x000002000000 : "rwfs"
Jul 31 04:43:20 witherspoon kernel: aspeed-smc 1e620000.flash-controller: mx25l25635e (32768 Kbytes)
Jul 31 04:43:20 witherspoon kernel: aspeed-smc 1e620000.flash-controller: CE1 window [ 0x22000000 - 0x24000000 ] 32MB
Jul 31 04:43:20 witherspoon kernel: aspeed-smc 1e620000.flash-controller: CE2 window [ 0x24000000 - 0x2c000000 ] 128MB
Jul 31 04:43:20 witherspoon kernel: aspeed-smc 1e630000.flash-controller: mx66l1g45g (131072 Kbytes)
Jul 31 04:43:20 witherspoon kernel: aspeed-smc 1e630000.flash-controller: CE0 window resized to 120MB (AST2500 HW quirk)
Jul 31 04:43:20 witherspoon kernel: aspeed-smc 1e630000.flash-controller: CE0 window [ 0x30000000 - 0x37800000 ] 120MB
Jul 31 04:43:20 witherspoon kernel: aspeed-smc 1e630000.flash-controller: CE0 window too small for chip 128MB
Jul 31 04:43:20 witherspoon kernel: aspeed-smc 1e630000.flash-controller: CE1 window [ 0x37800000 - 0x38000000 ] 8MB
Jul 31 04:43:20 witherspoon kernel: libphy: Fixed MDIO Bus: probed
Jul 31 04:43:20 witherspoon kernel: ftgmac100 1e660000.ethernet: Read MAC address 70:e2:84:14:23:e1 from chip
Jul 31 04:43:20 witherspoon kernel: ftgmac100 1e660000.ethernet: Using NCSI interface
Jul 31 04:43:20 witherspoon kernel: ftgmac100 1e660000.ethernet eth0: irq 20, mapped at f0060000
Jul 31 04:43:20 witherspoon kernel: ehci_hcd: USB 2.0 'Enhanced' Host Controller (EHCI) Driver
Jul 31 04:43:20 witherspoon kernel: ehci-platform: EHCI generic platform driver
Jul 31 04:43:20 witherspoon kernel:  fsi0: can't read slave 00:00 -5
Jul 31 04:43:20 witherspoon kernel: i2c /dev entries driver
Jul 31 04:43:20 witherspoon kernel: aspeed-i2c-bus 1e78a0c0.i2c-bus: i2c bus 2 registered, irq 26
Jul 31 04:43:20 witherspoon kernel: aspeed-i2c-bus 1e78a100.i2c-bus: i2c bus 3 registered, irq 27
Jul 31 04:43:20 witherspoon kernel: aspeed-i2c-bus 1e78a140.i2c-bus: i2c bus 4 registered, irq 28
Jul 31 04:43:20 witherspoon kernel: aspeed-i2c-bus 1e78a180.i2c-bus: i2c bus 5 registered, irq 29
Jul 31 04:43:20 witherspoon kernel: aspeed-i2c-bus 1e78a380.i2c-bus: i2c bus 9 registered, irq 30
Jul 31 04:43:20 witherspoon kernel: aspeed-i2c-bus 1e78a3c0.i2c-bus: i2c bus 10 registered, irq 31
Jul 31 04:43:20 witherspoon kernel: rtc-rv8803 11-0032: Voltage low, temperature compensation stopped.
Jul 31 04:43:20 witherspoon kernel: rtc-rv8803 11-0032: An alarm maybe have been missed.
Jul 31 04:43:20 witherspoon kernel: rtc-rv8803 11-0032: rtc core: registered rx8900 as rtc0
Jul 31 04:43:20 witherspoon kernel: at24 11-0051: 8192 byte 24c64 EEPROM, writable, 1 bytes/write
Jul 31 04:43:20 witherspoon kernel: aspeed-i2c-bus 1e78a400.i2c-bus: i2c bus 11 registered, irq 32
Jul 31 04:43:20 witherspoon kernel: aspeed-i2c-bus 1e78a440.i2c-bus: i2c bus 12 registered, irq 33
Jul 31 04:43:20 witherspoon kernel: aspeed-i2c-bus 1e78a480.i2c-bus: i2c bus 13 registered, irq 34
Jul 31 04:43:20 witherspoon kernel: Driver for 1-wire Dallas network protocol.
Jul 31 04:43:20 witherspoon kernel: lm75 9-004a: hwmon0: sensor 'tmp275'
Jul 31 04:43:20 witherspoon kernel: random: crng init done
Jul 31 04:43:20 witherspoon kernel: max31785 3-0052: Fan 0 is configured but not installed
Jul 31 04:43:20 witherspoon kernel: max31785 3-0052: Fan 1 is configured but not installed
Jul 31 04:43:20 witherspoon kernel: max31785 3-0052: Fan 2 is configured but not installed
Jul 31 04:43:20 witherspoon kernel: max31785 3-0052: Fan 3 is configured but not installed
Jul 31 04:43:20 witherspoon kernel: ucd9000 11-0064: Device ID UCD90160|2.3.4.0000|110603
Jul 31 04:43:20 witherspoon kernel: leds-pca955x 3-0060: leds-pca955x: Using pca9552 16-bit LED driver at slave address 0x60
Jul 31 04:43:20 witherspoon kernel: leds-pca955x 11-0060: leds-pca955x: Using pca9552 16-bit LED driver at slave address 0x60
Jul 31 04:43:20 witherspoon kernel: leds-pca955x 11-0060: gpios 264...279
Jul 31 04:43:20 witherspoon kernel: usbcore: registered new interface driver usbhid
Jul 31 04:43:20 witherspoon kernel: usbhid: USB HID core driver
Jul 31 04:43:20 witherspoon kernel: NET: Registered protocol family 10
Jul 31 04:43:20 witherspoon kernel: Segment Routing with IPv6
Jul 31 04:43:20 witherspoon kernel: NET: Registered protocol family 17
Jul 31 04:43:20 witherspoon kernel: 8021q: 802.1Q VLAN Support v1.8
Jul 31 04:43:20 witherspoon kernel: console [netcon0] enabled
Jul 31 04:43:20 witherspoon kernel: netconsole: network logging started
Jul 31 04:43:20 witherspoon kernel: input: gpio-keys as /devices/platform/gpio-keys/input/input0
Jul 31 04:43:21 witherspoon kernel: rtc-rv8803 11-0032: setting system clock to 2017-07-31 04:43:12 UTC (1501476192)
Jul 31 04:43:21 witherspoon kernel: Freeing unused kernel memory: 284K
Jul 31 04:43:21 witherspoon kernel: This architecture does not have kernel memory protection.
Jul 31 04:43:21 witherspoon kernel: jffs2: notice: (526) jffs2_build_xattr_subsystem: complete building xattr subsystem, 0 of xdatum (0 unchecked, 0 orphan) and 0 of xref (0 dead, 0 orphan) found.
Jul 31 04:43:21 witherspoon systemd[1]: Failed to insert module 'autofs4': No such file or directory
Jul 31 04:43:21 witherspoon systemd[1]: systemd 232 running in system mode. (+PAM -AUDIT -SELINUX -IMA -APPARMOR -SMACK +SYSVINIT -UTMP -LIBCRYPTSETUP -GCRYPT -GNUTLS +ACL +XZ -LZ4 -SECCOMP +BLKID -ELFUTILS +KMOD -IDN)
Jul 31 04:43:21 witherspoon systemd[1]: Detected architecture arm.
Jul 31 04:43:21 witherspoon systemd[1]: Set hostname to <witherspoon>.
Jul 31 04:43:21 witherspoon systemd[1]: Listening on Network Service Netlink Socket.
Jul 31 04:43:21 witherspoon systemd[1]: Started Forward Password Requests to Wall Directory Watch.
Jul 31 04:43:21 witherspoon systemd[1]: Listening on Syslog Socket.
Jul 31 04:43:21 witherspoon systemd[1]: Listening on /dev/initctl Compatibility Named Pipe.
Jul 31 04:43:21 witherspoon systemd[1]: Listening on udev Control Socket.
Jul 31 04:43:21 witherspoon systemd[1]: Listening on udev Kernel Socket.
Jul 31 04:43:21 witherspoon systemd[1]: Reached target Swap.
Jul 31 04:43:21 witherspoon systemd-journald[591]: Journal started
Jul 31 04:43:21 witherspoon systemd-journald[591]: Runtime journal (/run/log/journal/cc6e1404d87444e8a089dfdb00a18f7d) is 0B, max 0B, 0B free.
Jul 31 04:43:21 witherspoon systemd-sysctl[544]: Couldn't write '16' to 'kernel/sysrq', ignoring: No such file or directory
Jul 31 04:43:21 witherspoon systemd-sysctl[544]: Couldn't write 'fq_codel' to 'net/core/default_qdisc', ignoring: No such file or directory
Jul 31 04:43:21 witherspoon systemd[1]: Created slice system-org.openbmc.control.Bmc.slice.
Jul 31 04:43:22 witherspoon systemd[1]: Created slice system-phosphor\x2dreset\x2dhost\x2dcheck.slice.
Jul 31 04:43:22 witherspoon systemd[1]: Created slice system-org.openbmc.control.Chassis.slice.
Jul 31 04:43:22 witherspoon systemd[1]: Created slice system-serial\x2dgetty.slice.
Jul 31 04:43:22 witherspoon systemd[1]: Created slice system-phosphor\x2dreset\x2dhost\x2drunning.slice.
Jul 31 04:43:23 witherspoon systemd[1]: Created slice system-op\x2dreset\x2dchassis\x2drunning.slice.
Jul 31 04:43:23 witherspoon systemd[1]: Mounted Debug File System.
Jul 31 04:43:23 witherspoon systemd[1]: Mounted Temporary Directory.
Jul 31 04:43:24 witherspoon systemd[1]: Started Journal Service.
Jul 31 04:43:24 witherspoon systemd[1]: Started Apply Kernel Variables.
Jul 31 04:43:24 witherspoon systemd[1]: Started Remount Root and Kernel File Systems.
Jul 31 04:43:24 witherspoon systemd[1]: Starting Create System Users...
Jul 31 04:43:24 witherspoon systemd[1]: Starting Flush Journal to Persistent Storage...
Jul 31 04:43:25 witherspoon systemd[1]: Started udev Coldplug all Devices.
Jul 31 04:43:25 witherspoon systemd[1]: Started Create System Users.
Jul 31 04:43:25 witherspoon systemd[1]: Starting Create Static Device Nodes in /dev...
Jul 31 04:43:26 witherspoon systemd-journald[591]: Runtime journal (/run/log/journal/cc6e1404d87444e8a089dfdb00a18f7d) is 0B, max 0B, 0B free.
Jul 31 04:43:26 witherspoon systemd[1]: Started Flush Journal to Persistent Storage.
Jul 31 04:43:26 witherspoon systemd[1]: Started Create Static Device Nodes in /dev.
Jul 31 04:43:27 witherspoon systemd[1]: Starting udev Kernel Device Manager...
Jul 31 04:43:27 witherspoon systemd[1]: Reached target Local File Systems (Pre).
Jul 31 04:43:27 witherspoon systemd[1]: Mounting /var/volatile...
Jul 31 04:43:27 witherspoon systemd[1]: Mounted /var/volatile.
Jul 31 04:43:27 witherspoon systemd[1]: Starting Load/Save Random Seed...
Jul 31 04:43:27 witherspoon systemd[1]: Reached target Local File Systems.
Jul 31 04:43:27 witherspoon systemd[1]: Starting Create Volatile Files and Directories...
Jul 31 04:43:27 witherspoon systemd[1]: Starting Rebuild Journal Catalog...
Jul 31 04:43:27 witherspoon systemd[1]: Started Load/Save Random Seed.
Jul 31 04:43:27 witherspoon systemd[1]: Started Rebuild Journal Catalog.
Jul 31 04:43:27 witherspoon systemd[1]: Starting Update is Completed...
Jul 31 04:43:27 witherspoon systemd-tmpfiles[897]: "/var/tmp" already exists and is not a directory.
Jul 31 04:43:27 witherspoon systemd-tmpfiles[897]: "/var/log" already exists and is not a directory.
Jul 31 04:43:27 witherspoon systemd[1]: Started Create Volatile Files and Directories.
Jul 31 04:43:27 witherspoon systemd[1]: Starting Run pending postinsts...
Jul 31 04:43:28 witherspoon systemd[1]: Starting Network Time Synchronization...
Jul 31 04:43:28 witherspoon systemd[1]: Started Update is Completed.
Jul 31 04:43:28 witherspoon systemd[1]: Started Network Time Synchronization.
Jul 31 04:43:28 witherspoon systemd[1]: Reached target System Time Synchronized.
Jul 31 04:43:28 witherspoon run-postinsts[904]: Running postinst /etc/rpm-postinsts/libglib-2.0-0...
Jul 31 04:43:29 witherspoon systemd[1]: Started udev Kernel Device Manager.
Jul 31 04:43:31 witherspoon systemd[1]: Found device /dev/aspeed-lpc-ctrl.
Jul 31 04:43:31 witherspoon systemd[1]: dev-hugepages.mount: Couldn't determine result for ConditionVirtualization=!private-users, assuming failed: No such file or directory
Jul 31 04:43:31 witherspoon systemd[1]: Created slice system-xyz.openbmc_project.Hwmon.slice.
Jul 31 04:43:31 witherspoon systemd[1]: Found device /dev/ttyS4.
Jul 31 04:43:32 witherspoon systemd[1]: Found device /dev/ttyVUART0.
Jul 31 04:43:33 witherspoon systemd[1]: Found device /dev/aspeed-mbox.
Jul 31 04:43:33 witherspoon run-postinsts[904]: rm: can't remove '/etc/rpm-postinsts': Invalid argument
Jul 31 04:43:33 witherspoon run-postinsts[904]:  Removing any system startup links for run-postinsts ...
Jul 31 04:43:33 witherspoon systemctl[936]: Removed /etc/systemd/system/sysinit.target.wants/run-postinsts.service.
Jul 31 04:43:33 witherspoon systemd[1]: Reloading.
Jul 31 04:43:36 witherspoon systemd[1]: Started Run pending postinsts.
Jul 31 04:43:36 witherspoon systemd[1]: dev-hugepages.mount: Couldn't determine result for ConditionVirtualization=!private-users, assuming failed: No such file or directory
Jul 31 04:43:36 witherspoon systemd[1]: Created slice system-xyz.openbmc_project.led.controller.slice.
Jul 31 04:43:36 witherspoon systemd[1]: Reached target System Initialization.
Jul 31 04:43:36 witherspoon systemd[1]: Listening on Phosphor DBUS Browser socket.
Jul 31 04:43:36 witherspoon systemd[1]: Started Daily Cleanup of Temporary Directories.
Jul 31 04:43:36 witherspoon systemd[1]: Reached target Timers.
Jul 31 04:43:36 witherspoon systemd[1]: Listening on dropbear.socket.
Jul 31 04:43:36 witherspoon systemd[1]: Listening on Phosphor Host Console SSH Per-Connection socket.
Jul 31 04:43:36 witherspoon systemd[1]: Listening on D-Bus System Message Bus Socket.
Jul 31 04:43:36 witherspoon systemd[1]: Listening on Phosphor Webserver socket.
Jul 31 04:43:36 witherspoon systemd[1]: Listening on phosphor-ipmi-net.socket.
Jul 31 04:43:36 witherspoon systemd[1]: Listening on Avahi mDNS/DNS-SD Stack Activation Socket.
Jul 31 04:43:37 witherspoon systemd[1]: Reached target Sockets.
Jul 31 04:43:37 witherspoon systemd[1]: Reached target Basic System.
Jul 31 04:43:37 witherspoon systemd[1]: Started Phosphor MBOX Daemon.
Jul 31 04:43:37 witherspoon systemd[1]: Starting Phosphor LED Group Management Daemon...
Jul 31 04:43:37 witherspoon systemd[1]: Starting Phosphor Log Manager...
Jul 31 04:43:37 witherspoon systemd[1]: Started Hardware RNG Entropy Gatherer Daemon.
Jul 31 04:43:37 witherspoon systemd[1]: Starting Phosphor Download Manager...
Jul 31 04:43:37 witherspoon systemd[1]: Starting Phosphor DBus Service Discovery Manager...
Jul 31 04:43:37 witherspoon systemd[1]: Starting Phosphor Dump Manager...
Jul 31 04:43:37 witherspoon systemd[1]: Started Phosphor sysfs LED controller.
Jul 31 04:43:37 witherspoon systemd[1]: Started Phosphor Dump core monitor..
Jul 31 04:43:37 witherspoon systemd[1]: Started Phosphor sysfs LED controller.
Jul 31 04:43:38 witherspoon systemd[1]: Starting Phosphor Settings Daemon...
Jul 31 04:43:38 witherspoon systemd[1]: Starting Phosphor BMC0 Control...
Jul 31 04:43:38 witherspoon systemd[1]: Starting Phosphor Inventory Manager...
Jul 31 04:43:38 witherspoon systemd[1]: Started Phosphor sysfs LED controller.
Jul 31 04:43:38 witherspoon systemd[1]: Started Phosphor sysfs LED controller.
Jul 31 04:43:38 witherspoon systemd[1]: Started Phosphor sysfs LED controller.
Jul 31 04:43:38 witherspoon systemd[1]: Starting Avahi mDNS/DNS-SD Stack...
Jul 31 04:43:38 witherspoon systemd[1]: Starting Phosphor Sensor Manager...
Jul 31 04:43:38 witherspoon systemd[1]: Started Phosphor sysfs LED controller.
Jul 31 04:43:38 witherspoon systemd[1]: Starting OpenPower Software Update Manager...
Jul 31 04:43:38 witherspoon systemd[1]: Started Phosphor sysfs LED controller.
Jul 31 04:43:38 witherspoon systemd[1]: Reached target Containers.
Jul 31 04:43:39 witherspoon systemd[1]: Started D-Bus System Message Bus.
Jul 31 04:43:42 witherspoon avahi-daemon[964]: Found user 'avahi' (UID 999) and group 'avahi' (GID 999).
Jul 31 04:43:42 witherspoon avahi-daemon[964]: Successfully dropped root privileges.
Jul 31 04:43:42 witherspoon avahi-daemon[964]: avahi-daemon 0.6.32 starting up.
Jul 31 04:43:42 witherspoon openpower-update-manager[967]: Error PNOR current version is empty
Jul 31 04:43:42 witherspoon avahi-daemon[964]: Successfully called chroot().
Jul 31 04:43:42 witherspoon avahi-daemon[964]: Successfully dropped remaining capabilities.
Jul 31 04:43:42 witherspoon avahi-daemon[964]: Loading service file /services/obmc_console.service.
Jul 31 04:43:42 witherspoon avahi-daemon[964]: Loading service file /services/phosphor_rest.service.
Jul 31 04:43:42 witherspoon avahi-daemon[964]: Loading service file /services/sftp-ssh.service.
Jul 31 04:43:42 witherspoon avahi-daemon[964]: Loading service file /services/sftp.service.
Jul 31 04:43:42 witherspoon avahi-daemon[964]: Loading service file /services/ssh.service.
Jul 31 04:43:42 witherspoon avahi-daemon[964]: Network interface enumeration completed.
Jul 31 04:43:42 witherspoon avahi-daemon[964]: Server startup complete. Host name is witherspoon.local. Local service cookie is 2846852305.
Jul 31 04:43:42 witherspoon avahi-daemon[964]: Service "witherspoon" (/services/ssh.service) successfully established.
Jul 31 04:43:42 witherspoon avahi-daemon[964]: Service "sftp" (/services/sftp.service) successfully established.
Jul 31 04:43:42 witherspoon avahi-daemon[964]: Service "witherspoon" (/services/sftp-ssh.service) successfully established.
Jul 31 04:43:42 witherspoon avahi-daemon[964]: Service "phosphor_rest" (/services/phosphor_rest.service) successfully established.
Jul 31 04:43:42 witherspoon avahi-daemon[964]: Service "obmc_console" (/services/obmc_console.service) successfully established.
Jul 31 04:43:42 witherspoon systemd[1]: Started Phosphor Log Manager.
Jul 31 04:43:42 witherspoon systemd[1]: Started Avahi mDNS/DNS-SD Stack.
Jul 31 04:43:42 witherspoon systemd[1]: Started Phosphor Settings Daemon.
Jul 31 04:43:43 witherspoon systemd[1]: Started Phosphor LED Group Management Daemon.
Jul 31 04:43:43 witherspoon systemd[1]: Started OpenPower Software Update Manager.
Jul 31 04:43:43 witherspoon systemd[1]: Started Phosphor Download Manager.
Jul 31 04:43:43 witherspoon systemd[1]: Starting Network Service...
Jul 31 04:43:43 witherspoon systemd[1]: Starting Phosphor Inventory Manager...
Jul 31 04:43:43 witherspoon systemd[1]: Starting Phosphor IPMI BT DBus Bridge...
Jul 31 04:43:44 witherspoon systemd[1]: Starting Phosphor Network Manager...
Jul 31 04:43:44 witherspoon systemd[1]: Started System Logging Service.
Jul 31 04:43:44 witherspoon systemd[1]: Starting OpenBMC Software Update Manager...
Jul 31 04:43:44 witherspoon systemd-networkd[974]: Enumeration completed
Jul 31 04:43:44 witherspoon systemd[1]: Started Phosphor sysfs LED controller.
Jul 31 04:43:45 witherspoon systemd[1]: Starting Phosphor Download Manager...
Jul 31 04:43:45 witherspoon systemd[1]: Started Phosphor Console Muxer listening on device /dev/ttyVUART0.
Jul 31 04:43:45 witherspoon systemd-networkd[974]: eth0: IPv6 enabled for interface: Success
Jul 31 04:43:45 witherspoon avahi-daemon[964]: Joining mDNS multicast group on interface eth0.IPv4 with address 9.3.86.161.
Jul 31 04:43:45 witherspoon avahi-daemon[964]: New relevant interface eth0.IPv4 for mDNS.
Jul 31 04:43:45 witherspoon avahi-daemon[964]: Registering new address record for 9.3.86.161 on eth0.IPv4.
Jul 31 04:43:45 witherspoon systemd-networkd[974]: eth0: Gained carrier
Jul 31 04:43:45 witherspoon systemd-timesyncd[905]: Network configuration changed, trying to establish connection.
Jul 31 04:43:45 witherspoon systemd[1]: Starting Phosphor User Manager...
Jul 31 04:43:45 witherspoon systemd[1]: Starting Clear one time boot overrides...
Jul 31 04:43:45 witherspoon systemd[1]: Started Kernel Logging Service.
Jul 31 04:43:45 witherspoon systemd[1]: Started Phosphor sysfs LED controller.
Jul 31 04:43:45 witherspoon kernel[985]: klogd started: BusyBox v1.24.1 (2017-06-16 19:29:08 UTC)
Jul 31 04:43:45 witherspoon systemd[1]: Started Phosphor sysfs LED controller.
Jul 31 04:43:45 witherspoon kernel[985]: [    0.000000] Booting Linux on physical CPU 0x0
Jul 31 04:43:45 witherspoon systemd[1]: Starting Phosphor Chassis0 Control...
Jul 31 04:43:45 witherspoon kernel[985]: [    0.000000] Linux version 4.10.17-44f0dc8ac43162c4f7082884d6cd79400341bf5b (jenkins@openbmc-builder1) (gcc version 6.2.0 (GCC) ) #1 Mon Jul 31 04:32:14 UTC 2017
Jul 31 04:43:45 witherspoon systemd[1]: Started Network Service.
Jul 31 04:43:45 witherspoon kernel[985]: [    0.000000] CPU: ARMv6-compatible processor [410fb767] revision 7 (ARMv7), cr=00c5387d
Jul 31 04:43:45 witherspoon kernel[985]: [    0.000000] CPU: PIPT / VIPT nonaliasing data cache, VIPT nonaliasing instruction cache
Jul 31 04:43:45 witherspoon kernel[985]: [    0.000000] OF: fdt:Machine model: Witherspoon BMC
Jul 31 04:43:45 witherspoon kernel[985]: [    0.000000] Memory policy: Data cache writeback
Jul 31 04:43:45 witherspoon kernel[985]: [    0.000000] SOC Rev: 04030303
Jul 31 04:43:45 witherspoon kernel[985]: [    0.000000] On node 0 totalpages: 110592
Jul 31 04:43:45 witherspoon kernel[985]: [    0.000000] free_area_init_node: node 0, pgdat 805ff5e4, node_mem_map 9ec1a000
Jul 31 04:43:45 witherspoon kernel[985]: [    0.000000]   Normal zone: 992 pages used for memmap
Jul 31 04:43:45 witherspoon kernel[985]: [    0.000000]   Normal zone: 0 pages reserved
Jul 31 04:43:45 witherspoon kernel[985]: [    0.000000]   Normal zone: 110592 pages, LIFO batch:31
Jul 31 04:43:45 witherspoon kernel[985]: [    0.000000] pcpu-alloc: s0 r0 d32768 u32768 alloc=1*32768
Jul 31 04:43:45 witherspoon kernel[985]: [    0.000000] pcpu-alloc: [0] 0
Jul 31 04:43:45 witherspoon kernel[985]: [    0.000000] Built 1 zonelists in Zone order, mobility grouping on.  Total pages: 109600
Jul 31 04:43:46 witherspoon systemd[1]: Started Phosphor BMC0 Control.
Jul 31 04:43:45 witherspoon kernel[985]: [    0.000000] Kernel command line: console=ttyS4,115200n8 root=/dev/ram rw
Jul 31 04:43:46 witherspoon systemd[1]: Started Phosphor IPMI BT DBus Bridge.
Jul 31 04:43:45 witherspoon kernel[985]: [    0.000000] PID hash table entries: 2048 (order: 1, 8192 bytes)
Jul 31 04:43:46 witherspoon systemd[1]: Started OpenBMC Software Update Manager.
Jul 31 04:43:45 witherspoon avahi-daemon[964]: Host name conflict, retrying with witherspoon-2
Jul 31 04:43:46 witherspoon systemd[1]: Starting Phosphor Version Software Manager...
Jul 31 04:43:45 witherspoon avahi-daemon[964]: Registering new address record for 9.3.86.161 on eth0.IPv4.
Jul 31 04:43:46 witherspoon systemd[1]: Reached target Network.
Jul 31 04:43:45 witherspoon kernel[985]: [    0.000000] Dentry cache hash table entries: 65536 (order: 6, 262144 bytes)
Jul 31 04:43:46 witherspoon systemd[1]: Started Lightweight SLP Server.
Jul 31 04:43:45 witherspoon kernel[985]: [    0.000000] Inode-cache hash table entries: 32768 (order: 5, 131072 bytes)
Jul 31 04:43:46 witherspoon systemd[1]: Starting Permit User Sessions...
Jul 31 04:43:45 witherspoon kernel[985]: [    0.000000] Memory: 430436K/442368K available (4065K kernel code, 280K rwdata, 1192K rodata, 284K init, 111K bss, 11932K reserved, 0K cma-reserved)
Jul 31 04:43:45 witherspoon kernel[985]: [    0.000000] Virtual kernel memory layout:
Jul 31 04:43:46 witherspoon systemd[1]: Started Clear one time boot overrides.
Jul 31 04:43:45 witherspoon kernel[985]: [    0.000000]     vector  : 0xffff0000 - 0xffff1000   (   4 kB)
Jul 31 04:43:47 witherspoon systemd[1]: Started Phosphor Dump Manager.
Jul 31 04:43:45 witherspoon kernel[985]: [    0.000000]     fixmap  : 0xffc00000 - 0xfff00000   (3072 kB)
Jul 31 04:43:47 witherspoon systemd[1]: Started Permit User Sessions.
Jul 31 04:43:45 witherspoon kernel[985]: [    0.000000]     vmalloc : 0x9f800000 - 0xff800000   (1536 MB)
Jul 31 04:43:47 witherspoon systemd[1]: Started Serial Getty on ttyS4.
Jul 31 04:43:45 witherspoon kernel[985]: [    0.000000]     lowmem  : 0x80000000 - 0x9f000000   ( 496 MB)
Jul 31 04:43:47 witherspoon systemd[1]: Reached target Login Prompts.
Jul 31 04:43:45 witherspoon kernel[985]: [    0.000000]       .text : 0x80008000 - 0x804007a0   (4066 kB)
Jul 31 04:43:47 witherspoon systemd[1]: Reached target Multi-User System.
Jul 31 04:43:45 witherspoon kernel[985]: [    0.000000]       .init : 0x80585000 - 0x805cc000   ( 284 kB)
Jul 31 04:43:45 witherspoon kernel[985]: [    0.000000]       .data : 0x805cc000 - 0x80612358   ( 281 kB)
Jul 31 04:43:45 witherspoon kernel[985]: [    0.000000]        .bss : 0x80612358 - 0x8062e1f8   ( 112 kB)
Jul 31 04:43:45 witherspoon kernel[985]: [    0.000000] NR_IRQS:16 nr_irqs:16 16
Jul 31 04:43:47 witherspoon systemd-networkd[974]: eth0: Gained IPv6LL
Jul 31 04:43:45 witherspoon kernel[985]: [    0.000000] i2c controller registered, irq 16
Jul 31 04:43:45 witherspoon kernel[985]: [    0.000000] clocksource: moxart_timer: mask: 0xffffffff max_cycles: 0xffffffff, max_idle_ns: 77222644334 ns
Jul 31 04:43:45 witherspoon kernel[985]: [    0.000000] sched_clock: 32 bits at 100 Hz, resolution 10000000ns, wraps every 21474836475000000ns
Jul 31 04:43:45 witherspoon kernel[985]: [    0.090000] Calibrating delay loop... 789.70 BogoMIPS (lpj=3948544)
Jul 31 04:43:45 witherspoon kernel[985]: [    0.090000] pid_max: default: 32768 minimum: 301
Jul 31 04:43:45 witherspoon kernel[985]: [    0.090000] Mount-cache hash table entries: 1024 (order: 0, 4096 bytes)
Jul 31 04:43:45 witherspoon kernel[985]: [    0.090000] Mountpoint-cache hash table entries: 1024 (order: 0, 4096 bytes)
Jul 31 04:43:45 witherspoon kernel[985]: [    0.090000] CPU: Testing write buffer coherency: ok
Jul 31 04:43:45 witherspoon kernel[985]: [    0.090000] ftrace: allocating 14932 entries in 44 pages
Jul 31 04:43:45 witherspoon kernel[985]: [    0.120000] Setting up static identity map for 0x80008200 - 0x8000825c
Jul 31 04:43:45 witherspoon kernel[985]: [    0.120000] devtmpfs: initialized
Jul 31 04:43:45 witherspoon kernel[985]: [    0.140000] clocksource: jiffies: mask: 0xffffffff max_cycles: 0xffffffff, max_idle_ns: 19112604462750000 ns
Jul 31 04:43:45 witherspoon kernel[985]: [    0.140000] futex hash table entries: 256 (order: -1, 3072 bytes)
Jul 31 04:43:45 witherspoon kernel[985]: [    0.140000] pinctrl core: initialized pinctrl subsystem
Jul 31 04:43:45 witherspoon kernel[985]: [    0.140000] NET: Registered protocol family 16
Jul 31 04:43:45 witherspoon kernel[985]: [    0.140000] DMA: preallocated 256 KiB pool for atomic coherent allocations
Jul 31 04:43:45 witherspoon kernel[985]: [    0.210000] usbcore: registered new interface driver usbfs
Jul 31 04:43:45 witherspoon kernel[985]: [    0.210000] usbcore: registered new interface driver hub
Jul 31 04:43:48 witherspoon systemd[1]: Started Phosphor Version Software Manager.
Jul 31 04:43:45 witherspoon kernel[985]: [    0.210000] usbcore: registered new device driver usb
Jul 31 04:43:45 witherspoon kernel[985]: [    0.220000] clocksource: Switched to clocksource moxart_timer
Jul 31 04:43:45 witherspoon kernel[985]: [    0.240000] NET: Registered protocol family 2
Jul 31 04:43:45 witherspoon kernel[985]: [    0.240000] TCP established hash table entries: 4096 (order: 2, 16384 bytes)
Jul 31 04:43:45 witherspoon kernel[985]: [    0.240000] TCP bind hash table entries: 4096 (order: 2, 16384 bytes)
Jul 31 04:43:45 witherspoon kernel[985]: [    0.240000] TCP: Hash tables configured (established 4096 bind 4096)
Jul 31 04:43:45 witherspoon kernel[985]: [    0.240000] UDP hash table entries: 256 (order: 0, 4096 bytes)
Jul 31 04:43:45 witherspoon kernel[985]: [    0.240000] UDP-Lite hash table entries: 256 (order: 0, 4096 bytes)
Jul 31 04:43:45 witherspoon kernel[985]: [    0.240000] NET: Registered protocol family 1
Jul 31 04:43:45 witherspoon kernel[985]: [    0.240000] Trying to unpack rootfs image as initramfs...
Jul 31 04:43:45 witherspoon kernel[985]: [    1.910000] Freeing initrd memory: 1548K
Jul 31 04:43:45 witherspoon kernel[985]: [    1.910000] workingset: timestamp_bits=30 max_order=17 bucket_order=0
Jul 31 04:43:45 witherspoon kernel[985]: [    1.910000] squashfs: version 4.0 (2009/01/31) Phillip Lougher
Jul 31 04:43:45 witherspoon kernel[985]: [    1.910000] jffs2: version 2.2. (SUMMARY)  © 2001-2006 Red Hat, Inc.
Jul 31 04:43:45 witherspoon kernel[985]: [    1.910000] Block layer SCSI generic (bsg) driver version 0.4 loaded (major 250)
Jul 31 04:43:45 witherspoon kernel[985]: [    1.910000] io scheduler noop registered
Jul 31 04:43:45 witherspoon kernel[985]: [    1.910000] io scheduler deadline registered
Jul 31 04:43:45 witherspoon kernel[985]: [    1.910000] io scheduler cfq registered (default)
Jul 31 04:43:45 witherspoon kernel[985]: [    2.060000] ipmi-bt-host 1e789140.ibt: Found bt bmc device
Jul 31 04:43:45 witherspoon kernel[985]: [    2.060000] ipmi-bt-host 1e789140.ibt: Using IRQ 22
Jul 31 04:43:45 witherspoon kernel[985]: [    2.060000] Serial: 8250/16550 driver, 6 ports, IRQ sharing enabled
Jul 31 04:43:45 witherspoon kernel[985]: [    2.060000] 1e783000.serial: ttyS0 at MMIO 0x1e783000 (irq = 23, base_baud = 1500000) is a 16550A
Jul 31 04:43:49 witherspoon kernel: ftgmac100 1e660000.ethernet eth0: NCSI interface up
Jul 31 04:43:45 witherspoon kernel[985]: [    2.060000] 1e78d000.serial: ttyS1 at MMIO 0x1e78d000 (irq = 24, base_baud = 1500000) is a 16550A
Jul 31 04:43:45 witherspoon kernel[985]: [    2.060000] 1e784000.serial: ttyS4 at MMIO 0x1e784000 (irq = 25, base_baud = 1500000) is a 16550A
Jul 31 04:43:45 witherspoon kernel[985]: [    2.400000] console [ttyS4] enabled
Jul 31 04:43:45 witherspoon kernel[985]: [    2.400000] 1e787000.vuart: ttyS2 at MMIO 0x1e787000 (irq = 22, base_baud = 1500000) is a 16550A
Jul 31 04:43:45 witherspoon kernel[985]: [    2.600000] timeriomem_rng 1e6e2078.hwrng: 32bits from 0xf00e2078 @ 1us
Jul 31 04:43:45 witherspoon kernel[985]: [    2.620000] random: fast init done
Jul 31 04:43:45 witherspoon kernel[985]: [    2.640000] brd: module loaded
Jul 31 04:43:45 witherspoon kernel[985]: [    2.660000] loop: module loaded
Jul 31 04:43:45 witherspoon kernel[985]: [    2.660000] aspeed-lpc-ctrl 1e789080.lpc-ctrl: Loaded at 0x98000000 (0x04000000)
Jul 31 04:43:45 witherspoon kernel[985]: [    2.690000] aspeed-smc 1e620000.flash-controller: Using IRQ 18
Jul 31 04:43:45 witherspoon kernel[985]: [    2.690000] aspeed-smc 1e620000.flash-controller: DMA support disabled.
Jul 31 04:43:45 witherspoon kernel[985]: [    2.690000] aspeed-smc 1e620000.flash-controller: mx25l25635e (32768 Kbytes)
Jul 31 04:43:45 witherspoon kernel[985]: [    2.690000] aspeed-smc 1e620000.flash-controller: CE0 window [ 0x20000000 - 0x22000000 ] 32MB
Jul 31 04:43:45 witherspoon kernel[985]: [    2.690000] aspeed-smc 1e620000.flash-controller: CE1 window [ 0x22000000 - 0x2a000000 ] 128MB
Jul 31 04:43:45 witherspoon kernel[985]: [    2.730000] 5 ofpart partitions found on MTD device bmc
Jul 31 04:43:45 witherspoon kernel[985]: [    2.730000] Creating 5 MTD partitions on "bmc":
Jul 31 04:43:45 witherspoon kernel[985]: [    2.730000] 0x000000000000-0x000000060000 : "u-boot"
Jul 31 04:43:45 witherspoon kernel[985]: [    2.730000] 0x000000060000-0x000000080000 : "u-boot-env"
Jul 31 04:43:45 witherspoon kernel[985]: [    2.730000] 0x000000080000-0x0000004c0000 : "kernel"
Jul 31 04:43:45 witherspoon kernel[985]: [    2.780000] 0x0000004c0000-0x000001c00000 : "rofs"
Jul 31 04:43:45 witherspoon kernel[985]: [    2.780000] 0x000001c00000-0x000002000000 : "rwfs"
Jul 31 04:43:45 witherspoon kernel[985]: [    2.790000] aspeed-smc 1e620000.flash-controller: mx25l25635e (32768 Kbytes)
Jul 31 04:43:45 witherspoon kernel[985]: [    2.800000] aspeed-smc 1e620000.flash-controller: CE1 window [ 0x22000000 - 0x24000000 ] 32MB
Jul 31 04:43:45 witherspoon kernel[985]: [    2.800000] aspeed-smc 1e620000.flash-controller: CE2 window [ 0x24000000 - 0x2c000000 ] 128MB
Jul 31 04:43:45 witherspoon kernel[985]: [    2.820000] aspeed-smc 1e630000.flash-controller: mx66l1g45g (131072 Kbytes)
Jul 31 04:43:49 witherspoon systemd[1]: Started Phosphor Inventory Manager.
Jul 31 04:43:45 witherspoon kernel[985]: [    2.830000] aspeed-smc 1e630000.flash-controller: CE0 window resized to 120MB (AST2500 HW quirk)
Jul 31 04:43:45 witherspoon kernel[985]: [    2.830000] aspeed-smc 1e630000.flash-controller: CE0 window [ 0x30000000 - 0x37800000 ] 120MB
Jul 31 04:43:45 witherspoon kernel[985]: [    2.850000] aspeed-smc 1e630000.flash-controller: CE0 window too small for chip 128MB
Jul 31 04:43:45 witherspoon kernel[985]: [    2.850000] aspeed-smc 1e630000.flash-controller: CE1 window [ 0x37800000 - 0x38000000 ] 8MB
Jul 31 04:43:45 witherspoon kernel[985]: [    3.620000] libphy: Fixed MDIO Bus: probed
Jul 31 04:43:45 witherspoon kernel[985]: [    3.620000] ftgmac100 1e660000.ethernet: Read MAC address 70:e2:84:14:23:e1 from chip
Jul 31 04:43:45 witherspoon kernel[985]: [    3.620000] ftgmac100 1e660000.ethernet: Using NCSI interface
Jul 31 04:43:45 witherspoon kernel[985]: [    3.620000] ftgmac100 1e660000.ethernet eth0: irq 20, mapped at f0060000
Jul 31 04:43:45 witherspoon kernel[985]: [    3.620000] ehci_hcd: USB 2.0 'Enhanced' Host Controller (EHCI) Driver
Jul 31 04:43:45 witherspoon kernel[985]: [    3.620000] ehci-platform: EHCI generic platform driver
Jul 31 04:43:45 witherspoon kernel[985]: [    3.830000]  fsi0: can't read slave 00:00 -5
Jul 31 04:43:45 witherspoon kernel[985]: [    3.830000] i2c /dev entries driver
Jul 31 04:43:45 witherspoon kernel[985]: [    3.830000] aspeed-i2c-bus 1e78a0c0.i2c-bus: i2c bus 2 registered, irq 26
Jul 31 04:43:45 witherspoon kernel[985]: [    3.830000] aspeed-i2c-bus 1e78a100.i2c-bus: i2c bus 3 registered, irq 27
Jul 31 04:43:45 witherspoon kernel[985]: [    3.830000] aspeed-i2c-bus 1e78a140.i2c-bus: i2c bus 4 registered, irq 28
Jul 31 04:43:45 witherspoon kernel[985]: [    3.830000] aspeed-i2c-bus 1e78a180.i2c-bus: i2c bus 5 registered, irq 29
Jul 31 04:43:45 witherspoon kernel[985]: [    3.830000] aspeed-i2c-bus 1e78a380.i2c-bus: i2c bus 9 registered, irq 30
Jul 31 04:43:45 witherspoon kernel[985]: [    3.830000] aspeed-i2c-bus 1e78a3c0.i2c-bus: i2c bus 10 registered, irq 31
Jul 31 04:43:45 witherspoon kernel[985]: [    3.830000] rtc-rv8803 11-0032: Voltage low, temperature compensation stopped.
Jul 31 04:43:45 witherspoon kernel[985]: [    3.830000] rtc-rv8803 11-0032: An alarm maybe have been missed.
Jul 31 04:43:45 witherspoon kernel[985]: [    3.940000] rtc-rv8803 11-0032: rtc core: registered rx8900 as rtc0
Jul 31 04:43:45 witherspoon kernel[985]: [    3.950000] at24 11-0051: 8192 byte 24c64 EEPROM, writable, 1 bytes/write
Jul 31 04:43:45 witherspoon kernel[985]: [    3.950000] aspeed-i2c-bus 1e78a400.i2c-bus: i2c bus 11 registered, irq 32
Jul 31 04:43:45 witherspoon kernel[985]: [    3.950000] aspeed-i2c-bus 1e78a440.i2c-bus: i2c bus 12 registered, irq 33
Jul 31 04:43:45 witherspoon kernel[985]: [    3.950000] aspeed-i2c-bus 1e78a480.i2c-bus: i2c bus 13 registered, irq 34
Jul 31 04:43:45 witherspoon kernel[985]: [    3.950000] Driver for 1-wire Dallas network protocol.
Jul 31 04:43:45 witherspoon kernel[985]: [    3.950000] lm75 9-004a: hwmon0: sensor 'tmp275'
Jul 31 04:43:45 witherspoon kernel[985]: [    4.050000] random: crng init done
Jul 31 04:43:45 witherspoon kernel[985]: [    4.400000] max31785 3-0052: Fan 0 is configured but not installed
Jul 31 04:43:45 witherspoon kernel[985]: [    4.400000] max31785 3-0052: Fan 1 is configured but not installed
Jul 31 04:43:45 witherspoon kernel[985]: [    4.410000] max31785 3-0052: Fan 2 is configured but not installed
Jul 31 04:43:45 witherspoon kernel[985]: [    4.420000] max31785 3-0052: Fan 3 is configured but not installed
Jul 31 04:43:45 witherspoon kernel[985]: [    4.760000] ucd9000 11-0064: Device ID UCD90160|2.3.4.0000|110603
Jul 31 04:43:45 witherspoon kernel[985]: [    5.080000] leds-pca955x 3-0060: leds-pca955x: Using pca9552 16-bit LED driver at slave address 0x60
Jul 31 04:43:45 witherspoon kernel[985]: [    5.110000] leds-pca955x 11-0060: leds-pca955x: Using pca9552 16-bit LED driver at slave address 0x60
Jul 31 04:43:45 witherspoon kernel[985]: [    5.120000] leds-pca955x 11-0060: gpios 264...279
Jul 31 04:43:45 witherspoon kernel[985]: [    5.120000] usbcore: registered new interface driver usbhid
Jul 31 04:43:45 witherspoon kernel[985]: [    5.130000] usbhid: USB HID core driver
Jul 31 04:43:45 witherspoon kernel[985]: [    5.180000] NET: Registered protocol family 10
Jul 31 04:43:45 witherspoon kernel[985]: [    5.180000] Segment Routing with IPv6
Jul 31 04:43:45 witherspoon kernel[985]: [    5.190000] NET: Registered protocol family 17
Jul 31 04:43:45 witherspoon kernel[985]: [    5.190000] 8021q: 802.1Q VLAN Support v1.8
Jul 31 04:43:45 witherspoon kernel[985]: [    5.190000] console [netcon0] enabled
Jul 31 04:43:45 witherspoon kernel[985]: [    5.190000] netconsole: network logging started
Jul 31 04:43:45 witherspoon kernel[985]: [    5.210000] input: gpio-keys as /devices/platform/gpio-keys/input/input0
Jul 31 04:43:45 witherspoon kernel[985]: [    5.220000] rtc-rv8803 11-0032: setting system clock to 2017-07-31 04:43:12 UTC (1501476192)
Jul 31 04:43:45 witherspoon kernel[985]: [    5.230000] Freeing unused kernel memory: 284K
Jul 31 04:43:45 witherspoon kernel[985]: [    5.230000] This architecture does not have kernel memory protection.
Jul 31 04:43:45 witherspoon kernel[985]: [    7.030000] jffs2: notice: (526) jffs2_build_xattr_subsystem: complete building xattr subsystem, 0 of xdatum (0 unchecked, 0 orphan) and 0 of xref (0 dead, 0 orphan) found.
Jul 31 04:43:45 witherspoon kernel[985]: [    9.210000] systemd[1]: Failed to insert module 'autofs4': No such file or directory
Jul 31 04:43:45 witherspoon kernel[985]: [    9.210000] systemd[1]: systemd 232 running in system mode. (+PAM -AUDIT -SELINUX -IMA -APPARMOR -SMACK +SYSVINIT -UTMP -LIBCRYPTSETUP -GCRYPT -GNUTLS +ACL +XZ -LZ4 -SECCOMP +BLKID -ELFUTILS +KMOD -IDN)
Jul 31 04:43:45 witherspoon kernel[985]: [    9.210000] systemd[1]: Detected architecture arm.
Jul 31 04:43:45 witherspoon kernel[985]: [    9.460000] systemd[1]: Set hostname to <witherspoon>.
Jul 31 04:43:45 witherspoon kernel[985]: [   11.040000] systemd[1]: Listening on Network Service Netlink Socket.
Jul 31 04:43:45 witherspoon kernel[985]: [   11.080000] systemd[1]: Started Forward Password Requests to Wall Directory Watch.
Jul 31 04:43:45 witherspoon kernel[985]: [   11.120000] systemd[1]: Listening on Syslog Socket.
Jul 31 04:43:45 witherspoon kernel[985]: [   11.150000] systemd[1]: Listening on /dev/initctl Compatibility Named Pipe.
Jul 31 04:43:45 witherspoon kernel[985]: [   11.190000] systemd[1]: Listening on udev Control Socket.
Jul 31 04:43:45 witherspoon kernel[985]: [   11.230000] systemd[1]: Listening on udev Kernel Socket.
Jul 31 04:43:45 witherspoon kernel[985]: [   11.270000] systemd[1]: Reached target Swap.
Jul 31 04:43:45 witherspoon kernel[985]: [   14.270000] systemd[1]: Created slice system-org.openbmc.control.Bmc.slice.
Jul 31 04:43:45 witherspoon kernel[985]: [   14.520000] systemd[1]: Created slice system-phosphor\x2dreset\x2dhost\x2dcheck.slice.
Jul 31 04:43:45 witherspoon kernel[985]: [   14.780000] systemd[1]: Created slice system-org.openbmc.control.Chassis.slice.
Jul 31 04:43:45 witherspoon kernel[985]: [   15.050000] systemd[1]: Created slice system-serial\x2dgetty.slice.
Jul 31 04:43:45 witherspoon kernel[985]: [   15.330000] systemd[1]: Created slice system-phosphor\x2dreset\x2dhost\x2drunning.slice.
Jul 31 04:43:45 witherspoon kernel[985]: [   15.620000] systemd[1]: Created slice system-op\x2dreset\x2dchassis\x2drunning.slice.
Jul 31 04:43:45 witherspoon kernel[985]: [   15.920000] systemd[1]: Mounted Debug File System.
Jul 31 04:43:45 witherspoon kernel[985]: [   16.230000] systemd[1]: Mounted Temporary Directory.
Jul 31 04:43:45 witherspoon kernel[985]: [   16.550000] systemd[1]: Started Journal Service.
Jul 31 04:43:45 witherspoon kernel[985]: [   19.070000] systemd-journald[591]: Received request to flush runtime journal from PID 1
Jul 31 04:43:47 witherspoon avahi-daemon[964]: Server startup complete. Host name is witherspoon-2.local. Local service cookie is 2846852305.
Jul 31 04:43:47 witherspoon avahi-daemon[964]: Joining mDNS multicast group on interface eth0.IPv6 with address fe80::72e2:84ff:fe14:23e1.
Jul 31 04:43:47 witherspoon avahi-daemon[964]: New relevant interface eth0.IPv6 for mDNS.
Jul 31 04:43:47 witherspoon avahi-daemon[964]: Registering new address record for fe80::72e2:84ff:fe14:23e1 on eth0.*.
Jul 31 04:43:48 witherspoon avahi-daemon[964]: Service "obmc_console" (/services/obmc_console.service) successfully established.
Jul 31 04:43:48 witherspoon avahi-daemon[964]: Service "phosphor_rest" (/services/phosphor_rest.service) successfully established.
Jul 31 04:43:48 witherspoon avahi-daemon[964]: Service "witherspoon-2" (/services/sftp-ssh.service) successfully established.
Jul 31 04:43:48 witherspoon avahi-daemon[964]: Service "sftp" (/services/sftp.service) successfully established.
Jul 31 04:43:48 witherspoon avahi-daemon[964]: Service "witherspoon-2" (/services/ssh.service) successfully established.
Jul 31 04:43:49 witherspoon kernel[985]: [   41.730000] ftgmac100 1e660000.ethernet eth0: NCSI interface up
Jul 31 04:43:53 witherspoon systemd[1]: Created slice system-dropbear.slice.
Jul 31 04:43:54 witherspoon systemd[1]: Started SSH Per-Connection Server (9.41.165.94:40760).
Jul 31 04:43:54 witherspoon dropbear[1002]: Failed loading /etc/dropbear/dropbear_dss_host_key
Jul 31 04:43:54 witherspoon dropbear[1002]: Failed loading /etc/dropbear/dropbear_ecdsa_host_key
Jul 31 04:43:54 witherspoon dropbear[1002]: Child connection from ::ffff:9.41.165.94:40760
Jul 31 04:44:00 witherspoon systemd-networkd[974]: eth0: Configured
Jul 31 04:44:00 witherspoon systemd-timesyncd[905]: Network configuration changed, trying to establish connection.
Jul 31 04:44:01 witherspoon dropbear[1002]: PAM password auth succeeded for 'root' from ::ffff:9.41.165.94:40760
Jul 31 04:44:01 witherspoon dropbear[1003]: lastlog_perform_login: Couldn't stat /var/log/lastlog: No such file or directory
Jul 31 04:44:01 witherspoon dropbear[1003]: lastlog_openseek: /var/log/lastlog is not a file or directory!
Jul 31 04:44:03 witherspoon systemd[1]: Started Phosphor Download Manager.
Jul 31 04:44:03 witherspoon download_manager.py[981]: Running Download Manager
Jul 31 04:44:03 witherspoon systemd[1]: Started Phosphor Chassis0 Control.
Jul 31 04:44:03 witherspoon chassis_control.py[988]: Running ChassisControlService
Jul 31 04:44:04 witherspoon sensor_manager2.py[965]: Setting boot count to 3
Jul 31 04:44:04 witherspoon systemd[1]: Started Phosphor Sensor Manager.
Jul 31 04:44:04 witherspoon sensor_manager2.py[965]: Starting sensor manager
Jul 31 04:44:05 witherspoon phosphor-mapper[952]: ObjectMapper startup complete.  Discovery in progress...
Jul 31 04:44:06 witherspoon avahi-daemon[970]: ../../avahi-0.6.32/avahi-daemon/chroot.c: open() failed: No such file or directory
Jul 31 04:44:06 witherspoon avahi-daemon[964]: Failed to open /usr/share/dbus-1/interfaces/org.freedesktop.Avahi.Server.xml: Invalid argument
Jul 31 04:44:06 witherspoon avahi-daemon[964]: Failed to load introspection data.
Jul 31 04:44:06 witherspoon systemd[1]: Started Phosphor User Manager.
Jul 31 04:44:06 witherspoon obmc-phosphor-userd[983]: Started
Jul 31 04:44:07 witherspoon inventory_items.py[960]: Loading from cache: /var/cache/obmc/org.openbmc.inventory.system.chassis.motherboard.apss@org.openbmc.InventoryItem.props
Jul 31 04:44:07 witherspoon inventory_items.py[960]: Loading from cache: /var/cache/obmc/org.openbmc.inventory.system.chassis.motherboard@org.openbmc.InventoryItem.props
Jul 31 04:44:07 witherspoon inventory_items.py[960]: Loading from cache: /var/cache/obmc/org.openbmc.inventory.system.chassis.motherboard.refclock@org.openbmc.InventoryItem.props
Jul 31 04:44:07 witherspoon inventory_items.py[960]: Loading from cache: /var/cache/obmc/org.openbmc.inventory.system.chassis.motherboard.cpu1.core7@org.openbmc.InventoryItem.props
Jul 31 04:44:07 witherspoon inventory_items.py[960]: Loading from cache: /var/cache/obmc/org.openbmc.inventory.system.chassis.motherboard.cpu1.core4@org.openbmc.InventoryItem.props
Jul 31 04:44:07 witherspoon inventory_items.py[960]: Loading from cache: /var/cache/obmc/org.openbmc.inventory.system.chassis.motherboard.cpu1.core1@org.openbmc.InventoryItem.props
Jul 31 04:44:07 witherspoon inventory_items.py[960]: Loading from cache: /var/cache/obmc/org.openbmc.inventory.system.chassis.motherboard.cpu1.core10@org.openbmc.InventoryItem.props
Jul 31 04:44:07 witherspoon inventory_items.py[960]: Loading from cache: /var/cache/obmc/org.openbmc.inventory.system.chassis.motherboard.todclock@org.openbmc.InventoryItem.props
Jul 31 04:44:07 witherspoon inventory_items.py[960]: Loading from cache: /var/cache/obmc/org.openbmc.inventory.system.chassis.motherboard.cpu1@org.openbmc.InventoryItem.props
Jul 31 04:44:07 witherspoon inventory_items.py[960]: Loading from cache: /var/cache/obmc/org.openbmc.inventory.system.chassis.motherboard.bmc@org.openbmc.InventoryItem.props
Jul 31 04:44:07 witherspoon inventory_items.py[960]: Caching: /org/openbmc/inventory/system/chassis/motherboard/bmc
Jul 31 04:44:07 witherspoon inventory_items.py[960]: Loading from cache: /var/cache/obmc/org.openbmc.inventory.system.chassis.motherboard.cpu0.core1@org.openbmc.InventoryItem.props
Jul 31 04:44:07 witherspoon inventory_items.py[960]: Loading from cache: /var/cache/obmc/org.openbmc.inventory.system.chassis.motherboard.cpu0.core7@org.openbmc.InventoryItem.props
Jul 31 04:44:07 witherspoon inventory_items.py[960]: Loading from cache: /var/cache/obmc/org.openbmc.inventory.system.chassis.motherboard.cpu0.core4@org.openbmc.InventoryItem.props
Jul 31 04:44:07 witherspoon inventory_items.py[960]: Loading from cache: /var/cache/obmc/org.openbmc.inventory.system.chassis.motherboard.pcieclock@org.openbmc.InventoryItem.props
Jul 31 04:44:07 witherspoon inventory_items.py[960]: Loading from cache: /var/cache/obmc/org.openbmc.inventory.system.chassis.motherboard.cpu0.core10@org.openbmc.InventoryItem.props
Jul 31 04:44:08 witherspoon systemd[1]: Started Phosphor Inventory Manager.
Jul 31 04:44:08 witherspoon inventory_items.py[960]: Running Inventory Manager
Jul 31 04:44:08 witherspoon systemd[1]: Started Phosphor Network Manager.
Jul 31 04:44:08 witherspoon netman.py[977]: Started
Jul 31 04:44:16 witherspoon phosphor-mapper[952]: ObjectMapper discovery complete
Jul 31 04:44:16 witherspoon systemd[1]: Started Phosphor DBus Service Discovery Manager.
Jul 31 04:44:16 witherspoon systemd[1]: Started Phosphor Hwmon Poller.
Jul 31 04:44:16 witherspoon systemd[1]: Started Phosphor Hwmon Poller.
Jul 31 04:44:16 witherspoon systemd[1]: Reached target Phosphor Object Mapper.
Jul 31 04:44:16 witherspoon systemd[1]: Starting Phosphor Settings Manager...
Jul 31 04:44:16 witherspoon systemd[1]: Starting Wait for /org/openbmc/managers/System...
Jul 31 04:44:16 witherspoon systemd[1]: Starting Wait for /org/openbmc/managers/Download...
Jul 31 04:44:16 witherspoon systemd[1]: Starting Wait for /xyz/openbmc_project/control/host0...
Jul 31 04:44:16 witherspoon systemd[1]: Starting Wait for /org/openbmc/control/bmc0...
Jul 31 04:44:16 witherspoon systemd[1]: Reached target Webserver (pre).
Jul 31 04:44:16 witherspoon systemd[1]: Started Phosphor Webserver.
Jul 31 04:44:16 witherspoon systemd[1]: Starting Wait for /org/openbmc/control/power0...
Jul 31 04:44:16 witherspoon systemd[1]: Starting Wait for /xyz/openbmc_project/led/groups...
Jul 31 04:44:16 witherspoon systemd[1]: Started Phosphor DBus Monitor.
Jul 31 04:44:16 witherspoon systemd[1]: Starting Phosphor Network Manager...
Jul 31 04:44:16 witherspoon systemd[1]: Starting Wait for /org/openbmc/control/flash/bios...
Jul 31 04:44:16 witherspoon systemd[1]: Starting Wait for /org/openbmc/NetworkManager/Interface...
Jul 31 04:44:16 witherspoon systemd[1]: Starting Wait for /xyz/openbmc_project/led/groups/bmc_booted...
Jul 31 04:44:16 witherspoon systemd[1]: Starting Wait for /xyz/openbmc_project/state/host0...
Jul 31 04:44:16 witherspoon systemd[1]: Starting Wait for /xyz/openbmc_project/state/chassis0...
Jul 31 04:44:16 witherspoon systemd[1]: Starting Phoshpor System Manager...
Jul 31 04:44:16 witherspoon systemd[1]: Starting Wait for /xyz/openbmc_project/inventory...
Jul 31 04:44:16 witherspoon systemd[1]: Started Phosphor Hwmon Poller.
Jul 31 04:44:16 witherspoon systemd[1]: Started Phosphor Hwmon Poller.
Jul 31 04:44:16 witherspoon systemd[1]: Started Phosphor Hwmon Poller.
Jul 31 04:44:16 witherspoon systemd[1]: Started Phosphor Hwmon Poller.
Jul 31 04:44:21 witherspoon systemd[1]: Started Wait for /org/openbmc/managers/Download.
Jul 31 04:44:21 witherspoon systemd[1]: Started Wait for /org/openbmc/control/bmc0.
Jul 31 04:44:21 witherspoon systemd[1]: Started Wait for /xyz/openbmc_project/led/groups.
Jul 31 04:44:21 witherspoon systemd[1]: Started Wait for /org/openbmc/NetworkManager/Interface.
Jul 31 04:44:21 witherspoon systemd[1]: Started Wait for /xyz/openbmc_project/led/groups/bmc_booted.
Jul 31 04:44:21 witherspoon systemd[1]: Started Wait for /xyz/openbmc_project/inventory.
Jul 31 04:44:21 witherspoon systemd[1]: Starting OpenPOWER OCC controller...
Jul 31 04:44:21 witherspoon systemd[1]: Starting Read OpenPOWER-format VPD from EEPROM...
Jul 31 04:44:21 witherspoon systemd[1]: Started Phosphor Cooling Type.
Jul 31 04:44:21 witherspoon systemd[1]: Starting Assert bmc_booted LED...
Jul 31 04:44:21 witherspoon systemd[1]: Started Phosphor DNS Settings Cache Manager.
Jul 31 04:44:21 witherspoon systemd[1]: Started FRU Fault monitor service.
Jul 31 04:44:21 witherspoon systemd[1]: Starting Phosphor BMC Code Update...
Jul 31 04:44:21 witherspoon systemd[1]: Starting Phosphor BIOS Code Update...
Jul 31 04:44:21 witherspoon systemd[1]: xyz.openbmc_project.Hwmon@ahb-apb-i2c\x401e78a000-i2c\x2dbus\x40100-max31785\x4052.service: Service hold-off time over, scheduling restart.
Jul 31 04:44:21 witherspoon systemd[1]: Stopped Phosphor Hwmon Poller.
Jul 31 04:44:21 witherspoon systemd[1]: Started Phosphor Hwmon Poller.
Jul 31 04:44:22 witherspoon systemd[1]: Started Phosphor BIOS Code Update.
Jul 31 04:44:23 witherspoon systemd[1]: xyz.openbmc_project.Hwmon@ahb-apb-i2c\x401e78a000-i2c\x2dbus\x40100-max31785\x4052.service: Service hold-off time over, scheduling restart.
Jul 31 04:44:23 witherspoon systemd[1]: Stopped Phosphor Hwmon Poller.
Jul 31 04:44:23 witherspoon systemd[1]: Started Phosphor Hwmon Poller.
Jul 31 04:44:24 witherspoon phosphor-network-manager[1020]: ConfigParser: Section not found
Jul 31 04:44:24 witherspoon phosphor-network-manager[1020]: The operation failed internally.
Jul 31 04:44:24 witherspoon systemd[1]: xyz.openbmc_project.Hwmon@ahb-apb-i2c\x401e78a000-i2c\x2dbus\x40100-max31785\x4052.service: Service hold-off time over, scheduling restart.
Jul 31 04:44:24 witherspoon systemd[1]: Stopped Phosphor Hwmon Poller.
Jul 31 04:44:24 witherspoon systemd[1]: Started Phosphor Hwmon Poller.
Jul 31 04:44:25 witherspoon systemd[1]: xyz.openbmc_project.Hwmon@ahb-apb-i2c\x401e78a000-i2c\x2dbus\x40100-max31785\x4052.service: Service hold-off time over, scheduling restart.
Jul 31 04:44:25 witherspoon systemd[1]: Stopped Phosphor Hwmon Poller.
Jul 31 04:44:25 witherspoon systemd[1]: Started Phosphor Hwmon Poller.
Jul 31 04:44:26 witherspoon systemd[1]: xyz.openbmc_project.Hwmon@ahb-apb-i2c\x401e78a000-i2c\x2dbus\x40100-max31785\x4052.service: Service hold-off time over, scheduling restart.
Jul 31 04:44:26 witherspoon systemd[1]: Stopped Phosphor Hwmon Poller.
Jul 31 04:44:26 witherspoon systemd[1]: xyz.openbmc_project.Hwmon@ahb-apb-i2c\x401e78a000-i2c\x2dbus\x40100-max31785\x4052.service: Start request repeated too quickly.
Jul 31 04:44:26 witherspoon systemd[1]: Failed to start Phosphor Hwmon Poller.
Jul 31 04:44:26 witherspoon systemd[1]: xyz.openbmc_project.Hwmon@ahb-apb-i2c\x401e78a000-i2c\x2dbus\x40100-max31785\x4052.service: Unit entered failed state.
Jul 31 04:44:26 witherspoon systemd[1]: xyz.openbmc_project.Hwmon@ahb-apb-i2c\x401e78a000-i2c\x2dbus\x40100-max31785\x4052.service: Failed with result 'start-limit-hit'.
Jul 31 04:44:27 witherspoon systemd[1]: Started Assert bmc_booted LED.
Jul 31 04:44:30 witherspoon system_manager.py[1026]: Running System State: BASE_APPS
Jul 31 04:44:31 witherspoon system_manager.py[1026]: SystemManager Init Done
Jul 31 04:44:31 witherspoon system_manager.py[1026]: Running SystemManager
Jul 31 04:44:31 witherspoon systemd[1]: Started Phoshpor System Manager.
Jul 31 04:44:31 witherspoon systemd[1]: Started OpenPOWER OCC controller.
Jul 31 04:44:31 witherspoon phosphor-network-manager[1020]: ConfigParser: Section not found
Jul 31 04:44:31 witherspoon phosphor-network-manager[1020]: The operation failed internally.
Jul 31 04:44:31 witherspoon phosphor-network-manager[1020]: ConfigParser: Key not found
Jul 31 04:44:31 witherspoon phosphor-network-manager[1020]: The operation failed internally.
Jul 31 04:44:32 witherspoon system_manager.py[1026]: SystemManager Goto System State: BMC_STARTING
Jul 31 04:44:32 witherspoon system_manager.py[1026]: Running System State: BMC_STARTING
Jul 31 04:44:33 witherspoon phosphor-log-manager[949]: Failed to find metadata
Jul 31 04:44:33 witherspoon phosphor-fru-fault-monitor[1037]: /xyz/openbmc_project/logging/entry/1
Jul 31 04:44:33 witherspoon systemd[1]: Started Wait for /org/openbmc/control/flash/bios.
Jul 31 04:44:33 witherspoon systemd[1]: Started Initialize BIOS Flash.
Jul 31 04:44:34 witherspoon systemd[1]: Started Read OpenPOWER-format VPD from EEPROM.
Jul 31 04:44:35 witherspoon settings_manager.py[1011]: Running HostSettingsService
Jul 31 04:44:35 witherspoon systemd[1]: Started Phosphor Settings Manager.
Jul 31 04:44:35 witherspoon systemd[1]: Starting Wait for /org/openbmc/settings/host0...
Jul 31 04:44:35 witherspoon systemd[1]: Started Wait for /org/openbmc/managers/System.
Jul 31 04:44:35 witherspoon systemd[1]: Starting Phosphor BMC State Manager...
Jul 31 04:44:35 witherspoon systemd[1]: Starting Phosphor Chassis State Manager...
Jul 31 04:44:35 witherspoon systemd[1]: Starting Phosphor Reset Button0...
Jul 31 04:44:36 witherspoon systemd[1]: Starting Phosphor Power0 Control...
Jul 31 04:44:36 witherspoon dbus[969]: [system] Activating via systemd: service name='org.freedesktop.hostname1' unit='dbus-org.freedesktop.hostname1.service'
Jul 31 04:44:36 witherspoon bmc_update.py[1038]: Running Bmc Flash Control
Jul 31 04:44:36 witherspoon systemd[1]: Starting Phosphor Power Button0...
Jul 31 04:44:36 witherspoon systemd[1]: Starting Phosphor Host State Manager...
Jul 31 04:44:36 witherspoon systemd[1]: Started Phosphor BMC Code Update.
Jul 31 04:44:36 witherspoon systemd[1]: Starting Hostname Service...
Jul 31 04:44:37 witherspoon phosphor-chassis-state-manager[1074]: Initial Chassis State will be Off
Jul 31 04:44:37 witherspoon systemd[1]: Started Phosphor Chassis State Manager.
Jul 31 04:44:37 witherspoon phosphor-bmc-state-manager[1073]: Setting the BMCState field
Jul 31 04:44:37 witherspoon phosphor-bmc-state-manager[1073]: Setting the BMCState field
Jul 31 04:44:37 witherspoon systemd[1]: Started Phosphor BMC State Manager.
Jul 31 04:44:37 witherspoon flash_bios.exe[1039]: Starting flasher: bios,,/org/openbmc/control/flash/bios,
Jul 31 04:44:37 witherspoon flash_bios.exe[1039]: flasher: , BMC = 1, address = 0x0
Jul 31 04:44:37 witherspoon flash_bios.exe[1039]: Setting up flash
Jul 31 04:44:38 witherspoon flash_bios.exe[1039]: Starting flasher: bios,,/org/openbmc/control/flash/bios,
Jul 31 04:44:38 witherspoon flash_bios.exe[1039]: flasher: , BMC = 1, address = 0x0
Jul 31 04:44:38 witherspoon flash_bios.exe[1039]: Setting up flash
Jul 31 04:44:39 witherspoon button_reset.exe[1075]: GPIO Lookup:  RESET_BUTTON = 353,both
Jul 31 04:44:39 witherspoon button_power.exe[1077]: GPIO Lookup:  POWER_BUTTON = 347,both
Jul 31 04:44:39 witherspoon systemd[1]: Started Phosphor Reset Button0.
Jul 31 04:44:39 witherspoon systemd[1]: Started Phosphor Power Button0.
Jul 31 04:44:39 witherspoon dbus[969]: [system] Successfully activated service 'org.freedesktop.hostname1'
Jul 31 04:44:39 witherspoon systemd[1]: Started Hostname Service.
Jul 31 04:44:39 witherspoon systemd[1]: Started Phosphor Network Manager.
Jul 31 04:44:39 witherspoon system_manager.py[1026]: New object: /org/openbmc/control/power0 (:1.79)
Jul 31 04:44:39 witherspoon system_manager.py[1026]: Power GPIO config: ['SYS_PWROK_BUFF', '', [('SOFTWARE_PGOOD', True), ('BMC_POWER_UP', True)], [('BMC_CP0_RESET_N', False)], [], 'FSI_DATA', 'FSI_CLK', 'FSI_ENABLE', 'CRONUS_SEL', []]
Jul 31 04:44:40 witherspoon phosphor-host-state-manager[1082]: Initial Host State will be Off
Jul 31 04:44:40 witherspoon power_control.exe[1076]: Power GPIO latch output:
Jul 31 04:44:40 witherspoon power_control.exe[1076]: Power GPIO power good input: SYS_PWROK_BUFF
Jul 31 04:44:40 witherspoon power_control.exe[1076]: Power GPIO 2 power_up outputs
Jul 31 04:44:40 witherspoon power_control.exe[1076]: Power GPIO power_up[0] = SOFTWARE_PGOOD active HIGH
Jul 31 04:44:40 witherspoon power_control.exe[1076]: Power GPIO power_up[1] = BMC_POWER_UP active HIGH
Jul 31 04:44:40 witherspoon power_control.exe[1076]: Power GPIO 1 reset outputs
Jul 31 04:44:40 witherspoon power_control.exe[1076]: Power GPIO reset[0] = BMC_CP0_RESET_N active LOW
Jul 31 04:44:40 witherspoon power_control.exe[1076]: Power GPIO 0 pci reset outputs
Jul 31 04:44:40 witherspoon power_control.exe[1076]: FSI DATA GPIO: FSI_DATA
Jul 31 04:44:40 witherspoon power_control.exe[1076]: FSI CLK GPIO: FSI_CLK
Jul 31 04:44:40 witherspoon power_control.exe[1076]: FSI ENABLE GPIO: FSI_ENABLE
Jul 31 04:44:40 witherspoon power_control.exe[1076]: CRONUS SEL GPIO: CRONUS_SEL
Jul 31 04:44:40 witherspoon power_control.exe[1076]: Hostctl GPIO optionals: 0
Jul 31 04:44:40 witherspoon power_control.exe[1076]: GPIO Lookup:  SYS_PWROK_BUFF = 306,in
Jul 31 04:44:40 witherspoon power_control.exe[1076]: GPIO Lookup:  SOFTWARE_PGOOD = 417,out
Jul 31 04:44:40 witherspoon systemd[1]: Started Wait for /org/openbmc/settings/host0.
Jul 31 04:44:40 witherspoon systemd[1]: Started Phosphor Inband IPMI.
Jul 31 04:44:40 witherspoon power_control.exe[1076]: GPIO Lookup:  BMC_POWER_UP = 305,out
Jul 31 04:44:40 witherspoon power_control.exe[1076]: GPIO Lookup:  BMC_CP0_RESET_N = 281,out
Jul 31 04:44:40 witherspoon power_control.exe[1076]: Pgood state: 0
Jul 31 04:44:40 witherspoon systemd[1]: Started Phosphor Power0 Control.
Jul 31 04:44:43 witherspoon systemd[1]: Started Phosphor Host State Manager.
Jul 31 04:44:44 witherspoon systemd[1]: Started Wait for /xyz/openbmc_project/state/chassis0.
Jul 31 04:44:47 witherspoon system_manager.py[1026]: SystemManager Goto System State: BMC_READY
Jul 31 04:44:47 witherspoon system_manager.py[1026]: Running System State: BMC_READY
Jul 31 04:44:47 witherspoon systemd[1]: Started Wait for /org/openbmc/control/power0.
Jul 31 04:44:47 witherspoon systemd[1]: Starting Phosphor Time Manager daemon...
Jul 31 04:44:47 witherspoon systemd[1]: Starting Check Chassis0 pgood and create a file to indicate it...
Jul 31 04:44:48 witherspoon systemd[1]: Started Wait for /xyz/openbmc_project/control/host0.
Jul 31 04:44:48 witherspoon systemd[1]: Started Wait for /xyz/openbmc_project/state/host0.
Jul 31 04:44:48 witherspoon systemd[1]: Starting Reboot If Enabled...
Jul 31 04:44:48 witherspoon phosphor-discover-system-state[1119]: Host power is off, checking power policy
Jul 31 04:44:48 witherspoon systemd[1]: Started Reboot If Enabled.
Jul 31 04:44:49 witherspoon timemanager[1108]: Registering dbus methods
Jul 31 04:44:49 witherspoon timemanager[1108]: Last known time_mode: NTP
Jul 31 04:44:49 witherspoon timemanager[1108]: Last known time_owner: BMC
Jul 31 04:44:49 witherspoon timemanager[1108]: Empty DhcpNtp string
Jul 31 04:44:49 witherspoon timemanager[1108]: Reading Power Control key: pgood
Jul 31 04:44:49 witherspoon systemd[1]: Started Check Chassis0 pgood and create a file to indicate it.
Jul 31 04:44:49 witherspoon systemd[1]: Reached target Chassis0 power on after reset.
Jul 31 04:44:49 witherspoon systemd[1]: Reached target Chassis0 (Reset Check).
Jul 31 04:44:49 witherspoon systemd[1]: Reached target Host0 running after reset.
Jul 31 04:44:49 witherspoon systemd[1]: Reached target Host0 (Reset Check).
Jul 31 04:44:49 witherspoon timemanager[1108]: Changing settings *allowed* now
Jul 31 04:44:49 witherspoon timemanager[1108]: Getting System Settings: time_mode
Jul 31 04:44:49 witherspoon timemanager[1108]: Requested_Mode: NTP Current_Mode: NTP
Jul 31 04:44:49 witherspoon timemanager[1108]: Mode is already set to : NTP
Jul 31 04:44:49 witherspoon timemanager[1108]: Getting System Settings: time_owner
Jul 31 04:44:49 witherspoon timemanager[1108]: Owner is already set to : BMC
Jul 31 04:44:49 witherspoon timemanager[1108]: Getting System Settings: use_dhcp_ntp
Jul 31 04:44:49 witherspoon timemanager[1108]: use_dhcp_ntp = yes
Jul 31 04:44:49 witherspoon timemanager[1108]: Last known host_offset:0
Jul 31 04:44:49 witherspoon timemanager[1108]: Initial Uptime Usec: 1501476187270445
Jul 31 04:44:50 witherspoon systemd[1]: Started Phosphor Time Manager daemon.
Jul 31 04:44:50 witherspoon systemd[1]: Reached target Phosphor System - Standby.
Jul 31 04:44:50 witherspoon phosphor-bmc-state-manager[1073]: BMC_READY
Jul 31 04:44:50 witherspoon phosphor-bmc-state-manager[1073]: Setting the BMCState field
Jul 31 04:44:50 witherspoon systemd[1]: Startup finished in 8.983s (kernel) + 1min 33.808s (userspace) = 1min 42.791s.
Jul 31 04:44:59 witherspoon phosphor-gevent[1016]: Traceback (most recent call last):
Jul 31 04:44:59 witherspoon phosphor-gevent[1016]:   File "/usr/lib/python2.7/site-packages/gevent/greenlet.py", line 327, in run
Jul 31 04:44:59 witherspoon phosphor-gevent[1016]:     result = self._run(*self.args, **self.kwargs)
Jul 31 04:44:59 witherspoon phosphor-gevent[1016]:   File "/usr/lib/python2.7/site-packages/gevent/server.py", line 102, in wrap_socket_and_handle
Jul 31 04:44:59 witherspoon phosphor-gevent[1016]:     ssl_socket = self.wrap_socket(client_socket, **self.ssl_args)
Jul 31 04:44:59 witherspoon phosphor-gevent[1016]:   File "/usr/lib/python2.7/site-packages/gevent/ssl.py", line 404, in wrap_socket
Jul 31 04:44:59 witherspoon phosphor-gevent[1016]:     ciphers=ciphers)
Jul 31 04:44:59 witherspoon phosphor-gevent[1016]:   File "/usr/lib/python2.7/site-packages/gevent/ssl.py", line 113, in __init__
Jul 31 04:44:59 witherspoon phosphor-gevent[1016]:     self.do_handshake()
Jul 31 04:44:59 witherspoon phosphor-gevent[1016]:   File "/usr/lib/python2.7/site-packages/gevent/ssl.py", line 324, in do_handshake
Jul 31 04:44:59 witherspoon phosphor-gevent[1016]:     return self._sslobj.do_handshake()
Jul 31 04:44:59 witherspoon phosphor-gevent[1016]: SSLEOFError: EOF occurred in violation of protocol (_ssl.c:590)
Jul 31 04:44:59 witherspoon phosphor-gevent[1016]: <Greenlet at 0x7606a3f0: <bound method WSGIServer.wrap_socket_and_handle of <WSGIServer at 0x76040b50 fileno=5 address=('::3442:f576:b01d:6b76%1986731424', 443, 0, 1986731424)>>(<socket at 0x75f17830 fileno=9>, ('::8029:6976:8e91:f402%1995713308', 52148, 0, 199)> failed with SSLEOFError
Jul 31 04:44:59 witherspoon phosphor-gevent[1016]: Traceback (most recent call last):
Jul 31 04:44:59 witherspoon phosphor-gevent[1016]:   File "/usr/lib/python2.7/site-packages/gevent/greenlet.py", line 327, in run
Jul 31 04:44:59 witherspoon phosphor-gevent[1016]:     result = self._run(*self.args, **self.kwargs)
Jul 31 04:44:59 witherspoon phosphor-gevent[1016]:   File "/usr/lib/python2.7/site-packages/gevent/server.py", line 102, in wrap_socket_and_handle
Jul 31 04:44:59 witherspoon phosphor-gevent[1016]:     ssl_socket = self.wrap_socket(client_socket, **self.ssl_args)
Jul 31 04:44:59 witherspoon phosphor-gevent[1016]:   File "/usr/lib/python2.7/site-packages/gevent/ssl.py", line 404, in wrap_socket
Jul 31 04:44:59 witherspoon phosphor-gevent[1016]:     ciphers=ciphers)
Jul 31 04:44:59 witherspoon phosphor-gevent[1016]:   File "/usr/lib/python2.7/site-packages/gevent/ssl.py", line 113, in __init__
Jul 31 04:44:59 witherspoon phosphor-gevent[1016]:     self.do_handshake()
Jul 31 04:44:59 witherspoon phosphor-gevent[1016]:   File "/usr/lib/python2.7/site-packages/gevent/ssl.py", line 324, in do_handshake
Jul 31 04:44:59 witherspoon phosphor-gevent[1016]:     return self._sslobj.do_handshake()
Jul 31 04:44:59 witherspoon phosphor-gevent[1016]: SSLEOFError: EOF occurred in violation of protocol (_ssl.c:590)
Jul 31 04:44:59 witherspoon phosphor-gevent[1016]: <Greenlet at 0x7606a6c0: <bound method WSGIServer.wrap_socket_and_handle of <WSGIServer at 0x76040b50 fileno=5 address=('::3442:f576:b01d:6b76%1986731424', 443, 0, 1986731424)>>(<socket at 0x75f177d0 fileno=10>, ('::8029:6976:8e91:f402%1995713308', 52150, 0, 199)> failed with SSLEOFError
Jul 31 04:44:59 witherspoon phosphor-gevent[1016]: Traceback (most recent call last):
Jul 31 04:44:59 witherspoon phosphor-gevent[1016]:   File "/usr/lib/python2.7/site-packages/gevent/greenlet.py", line 327, in run
Jul 31 04:44:59 witherspoon phosphor-gevent[1016]:     result = self._run(*self.args, **self.kwargs)
Jul 31 04:44:59 witherspoon phosphor-gevent[1016]:   File "/usr/lib/python2.7/site-packages/gevent/server.py", line 102, in wrap_socket_and_handle
Jul 31 04:44:59 witherspoon phosphor-gevent[1016]:     ssl_socket = self.wrap_socket(client_socket, **self.ssl_args)
Jul 31 04:44:59 witherspoon phosphor-gevent[1016]:   File "/usr/lib/python2.7/site-packages/gevent/ssl.py", line 404, in wrap_socket
Jul 31 04:44:59 witherspoon phosphor-gevent[1016]:     ciphers=ciphers)
Jul 31 04:44:59 witherspoon phosphor-gevent[1016]:   File "/usr/lib/python2.7/site-packages/gevent/ssl.py", line 113, in __init__
Jul 31 04:44:59 witherspoon phosphor-gevent[1016]:     self.do_handshake()
Jul 31 04:44:59 witherspoon phosphor-gevent[1016]:   File "/usr/lib/python2.7/site-packages/gevent/ssl.py", line 324, in do_handshake
Jul 31 04:44:59 witherspoon phosphor-gevent[1016]:     return self._sslobj.do_handshake()
Jul 31 04:44:59 witherspoon phosphor-gevent[1016]: SSLEOFError: EOF occurred in violation of protocol (_ssl.c:590)
Jul 31 04:44:59 witherspoon phosphor-gevent[1016]: <Greenlet at 0x7606a3a0: <bound method WSGIServer.wrap_socket_and_handle of <WSGIServer at 0x76040b50 fileno=5 address=('::3442:f576:b01d:6b76%1986731424', 443, 0, 1986731424)>>(<socket at 0x75f17870 fileno=11>, ('::8029:6976:8e91:f402%1995713308', 52152, 0, 199)> failed with SSLEOFError
Jul 31 04:45:14 witherspoon phosphor-gevent[1016]: ::8029:6976:8e91:f402%1995713308 - - [2017-07-31 04:45:14] "POST /login HTTP/1.1" 200 320 0.045189
Jul 31 04:45:14 witherspoon phosphor-gevent[1016]: ::8029:6976:8e91:f402%1995713308 - - [2017-07-31 04:45:14] "GET /xyz/openbmc_project/state/chassis0//attr/CurrentPowerState HTTP/1.1" 200 216 0.059756
Jul 31 04:45:14 witherspoon phosphor-gevent[1016]: ::8029:6976:8e91:f402%1995713308 - - [2017-07-31 04:45:14] "POST /login HTTP/1.1" 200 320 0.033728
Jul 31 04:45:14 witherspoon phosphor-gevent[1016]: ::8029:6976:8e91:f402%1995713308 - - [2017-07-31 04:45:14] "GET /xyz/openbmc_project/state/chassis0//attr/CurrentPowerState HTTP/1.1" 200 216 0.048816
Jul 31 04:45:15 witherspoon phosphor-gevent[1016]: ::8029:6976:8e91:f402%1995713308 - - [2017-07-31 04:45:15] "POST /login HTTP/1.1" 200 320 0.042311
Jul 31 04:45:15 witherspoon phosphor-gevent[1016]: ::8029:6976:8e91:f402%1995713308 - - [2017-07-31 04:45:15] "GET /org/openbmc/sensors/host/BootProgress/attr/value HTTP/1.1" 200 170 0.052592
Jul 31 04:45:15 witherspoon phosphor-gevent[1016]: ::8029:6976:8e91:f402%1995713308 - - [2017-07-31 04:45:15] "POST /login HTTP/1.1" 200 320 0.033236
Jul 31 04:45:15 witherspoon phosphor-gevent[1016]: ::8029:6976:8e91:f402%1995713308 - - [2017-07-31 04:45:15] "GET /xyz/openbmc_project/state/host0//attr/CurrentHostState HTTP/1.1" 200 212 0.048982
Jul 31 04:45:15 witherspoon phosphor-gevent[1016]: ::8029:6976:8e91:f402%1995713308 - - [2017-07-31 04:45:15] "POST /login HTTP/1.1" 200 320 0.032653
Jul 31 04:45:15 witherspoon phosphor-gevent[1016]: ::8029:6976:8e91:f402%1995713308 - - [2017-07-31 04:45:15] "GET /xyz/openbmc_project/logging/entry//list HTTP/1.1" 200 214 0.046338
Jul 31 04:45:15 witherspoon phosphor-gevent[1016]: ::8029:6976:8e91:f402%1995713308 - - [2017-07-31 04:45:15] "POST /login HTTP/1.1" 200 320 0.036418
Jul 31 04:45:16 witherspoon phosphor-gevent[1016]: ::8029:6976:8e91:f402%1995713308 - - [2017-07-31 04:45:16] "GET /xyz/openbmc_project/logging/entry//list HTTP/1.1" 200 214 0.045172
Jul 31 04:45:16 witherspoon phosphor-gevent[1016]: ::8029:6976:8e91:f402%1995713308 - - [2017-07-31 04:45:16] "POST /login HTTP/1.1" 200 320 0.048713
Jul 31 04:45:16 witherspoon phosphor-gevent[1016]: ::8029:6976:8e91:f402%1995713308 - - [2017-07-31 04:45:16] "DELETE /xyz/openbmc_project/logging/entry/1 HTTP/1.1" 200 169 0.074695
Jul 31 04:45:16 witherspoon systemd[1]: Started SSH Per-Connection Server (9.41.165.94:40782).
Jul 31 04:45:16 witherspoon dropbear[1129]: Failed loading /etc/dropbear/dropbear_dss_host_key
Jul 31 04:45:16 witherspoon dropbear[1129]: Failed loading /etc/dropbear/dropbear_ecdsa_host_key
Jul 31 04:45:16 witherspoon dropbear[1129]: Child connection from ::ffff:9.41.165.94:40782
Jul 31 04:45:17 witherspoon dropbear[1129]: PAM password auth succeeded for 'root' from ::ffff:9.41.165.94:40782
Jul 31 04:45:17 witherspoon dropbear[1130]: lastlog_perform_login: Couldn't stat /var/log/lastlog: No such file or directory
Jul 31 04:45:17 witherspoon dropbear[1130]: lastlog_openseek: /var/log/lastlog is not a file or directory!
Jul 31 04:45:18 witherspoon phosphor-gevent[1016]: ::8029:6976:8e91:f402%1995713308 - - [2017-07-31 04:45:18] "POST /login HTTP/1.1" 200 320 0.042154
Jul 31 04:45:18 witherspoon phosphor-gevent[1016]: ::8029:6976:8e91:f402%1995713308 - - [2017-07-31 04:45:18] "GET /xyz/openbmc_project/state/host0//attr/CurrentHostState HTTP/1.1" 200 212 0.049002
Jul 31 04:45:19 witherspoon dropbear[1002]: Exit (root): Exited normally
Jul 31 04:45:19 witherspoon dropbear[1129]: Exit (root): Exited normally
Jul 31 04:45:23 witherspoon systemd[1]: Started SSH Per-Connection Server (9.41.165.94:40786).
Jul 31 04:45:23 witherspoon dropbear[1141]: Failed loading /etc/dropbear/dropbear_dss_host_key
Jul 31 04:45:23 witherspoon dropbear[1141]: Failed loading /etc/dropbear/dropbear_ecdsa_host_key
Jul 31 04:45:23 witherspoon dropbear[1141]: Child connection from ::ffff:9.41.165.94:40786
Jul 31 04:45:23 witherspoon dropbear[1141]: PAM password auth succeeded for 'root' from ::ffff:9.41.165.94:40786
Jul 31 04:45:23 witherspoon dropbear[1142]: lastlog_perform_login: Couldn't stat /var/log/lastlog: No such file or directory
Jul 31 04:45:23 witherspoon dropbear[1142]: lastlog_openseek: /var/log/lastlog is not a file or directory!
Jul 31 04:45:24 witherspoon phosphor-gevent[1016]: ::8029:6976:8e91:f402%1995713308 - - [2017-07-31 04:45:24] "POST /login HTTP/1.1" 200 320 0.033010
Jul 31 04:45:24 witherspoon phosphor-gevent[1016]: ::8029:6976:8e91:f402%1995713308 - - [2017-07-31 04:45:24] "PUT /org/openbmc/settings/host0/attr/power_policy HTTP/1.1" 200 169 0.191620
Jul 31 04:45:24 witherspoon phosphor-gevent[1016]: ::8029:6976:8e91:f402%1995713308 - - [2017-07-31 04:45:24] "POST /login HTTP/1.1" 200 320 0.033265
Jul 31 04:45:24 witherspoon phosphor-gevent[1016]: ::8029:6976:8e91:f402%1995713308 - - [2017-07-31 04:45:24] "GET /org/openbmc/settings/host0/attr/power_policy HTTP/1.1" 200 185 0.093057
Jul 31 04:45:25 witherspoon phosphor-gevent[1016]: ::8029:6976:8e91:f402%1995713308 - - [2017-07-31 04:45:25] "POST /login HTTP/1.1" 200 320 0.033804
Jul 31 04:45:25 witherspoon phosphor-gevent[1016]: ::8029:6976:8e91:f402%1995713308 - - [2017-07-31 04:45:25] "GET /xyz/openbmc_project/state/chassis0//attr/CurrentPowerState HTTP/1.1" 200 216 0.075917
Jul 31 04:45:25 witherspoon phosphor-gevent[1016]: ::8029:6976:8e91:f402%1995713308 - - [2017-07-31 04:45:25] "POST /login HTTP/1.1" 200 320 0.032999
Jul 31 04:45:25 witherspoon phosphor-gevent[1016]: ::8029:6976:8e91:f402%1995713308 - - [2017-07-31 04:45:25] "GET /xyz/openbmc_project/state/bmc0//attr/CurrentBMCState HTTP/1.1" 200 212 0.059611
Jul 31 04:45:25 witherspoon phosphor-gevent[1016]: ::8029:6976:8e91:f402%1995713308 - - [2017-07-31 04:45:25] "POST /login HTTP/1.1" 200 320 0.033186
Jul 31 04:45:25 witherspoon phosphor-gevent[1016]: ::8029:6976:8e91:f402%1995713308 - - [2017-07-31 04:45:25] "GET /org/openbmc/sensors/host/BootProgress/attr/value HTTP/1.1" 200 170 0.055260
Jul 31 04:45:26 witherspoon phosphor-gevent[1016]: ::8029:6976:8e91:f402%1995713308 - - [2017-07-31 04:45:26] "POST /login HTTP/1.1" 200 320 0.042092
Jul 31 04:45:26 witherspoon phosphor-gevent[1016]: ::8029:6976:8e91:f402%1995713308 - - [2017-07-31 04:45:26] "GET /xyz/openbmc_project/state/host0//attr/CurrentHostState HTTP/1.1" 200 212 0.048921
Jul 31 04:45:26 witherspoon phosphor-gevent[1016]: ::8029:6976:8e91:f402%1995713308 - - [2017-07-31 04:45:26] "POST /login HTTP/1.1" 200 320 0.062207
Jul 31 04:45:26 witherspoon phosphor-gevent[1016]: ::8029:6976:8e91:f402%1995713308 - - [2017-07-31 04:45:26] "GET /xyz/openbmc_project/logging/entry//list HTTP/1.1" 404 311 0.029344
Jul 31 04:45:26 witherspoon systemd[1]: Started SSH Per-Connection Server (9.41.165.94:40802).
Jul 31 04:45:26 witherspoon dropbear[1148]: Failed loading /etc/dropbear/dropbear_dss_host_key
Jul 31 04:45:26 witherspoon dropbear[1148]: Failed loading /etc/dropbear/dropbear_ecdsa_host_key
Jul 31 04:45:26 witherspoon dropbear[1148]: Child connection from ::ffff:9.41.165.94:40802
Jul 31 04:45:27 witherspoon dropbear[1148]: PAM password auth succeeded for 'root' from ::ffff:9.41.165.94:40802
Jul 31 04:45:57 witherspoon phosphor-gevent[1016]: ::8029:6976:8e91:f402%1995713308 - - [2017-07-31 04:45:57] "POST /login HTTP/1.1" 200 320 0.034104
Jul 31 04:45:57 witherspoon phosphor-gevent[1016]: ::8029:6976:8e91:f402%1995713308 - - [2017-07-31 04:45:57] "POST /org/openbmc/control/flash/bios//action/update HTTP/1.1" 200 169 0.217875
Jul 31 04:45:57 witherspoon flash_bios.exe[1039]: Starting flasher: bios,/tmp/witherspoon_910_golden.pnor,/org/openbmc/control/flash/bios,
Jul 31 04:45:57 witherspoon flash_bios.exe[1039]: flasher: /tmp/witherspoon_910_golden.pnor, BMC = 1, address = 0x0
Jul 31 04:45:57 witherspoon flash_bios.exe[1039]: Setting up flash
Jul 31 04:45:58 witherspoon phosphor-gevent[1016]: ::8029:6976:8e91:f402%1995713308 - - [2017-07-31 04:45:58] "POST /login HTTP/1.1" 200 320 0.139990
Jul 31 04:45:58 witherspoon phosphor-gevent[1016]: ::8029:6976:8e91:f402%1995713308 - - [2017-07-31 04:45:58] "GET /org/openbmc/control/flash/bios HTTP/1.1" 200 397 0.202797
Jul 31 04:45:58 witherspoon phosphor-gevent[1016]: ::8029:6976:8e91:f402%1995713308 - - [2017-07-31 04:45:58] "POST /login HTTP/1.1" 200 320 0.033215
Jul 31 04:45:58 witherspoon phosphor-gevent[1016]: ::8029:6976:8e91:f402%1995713308 - - [2017-07-31 04:45:58] "GET /org/openbmc/control/flash/bios HTTP/1.1" 200 397 0.237921
Jul 31 04:46:09 witherspoon phosphor-gevent[1016]: ::8029:6976:8e91:f402%1995713308 - - [2017-07-31 04:46:09] "POST /login HTTP/1.1" 200 320 0.043242
Jul 31 04:46:09 witherspoon phosphor-gevent[1016]: ::8029:6976:8e91:f402%1995713308 - - [2017-07-31 04:46:09] "GET /org/openbmc/control/flash/bios HTTP/1.1" 200 397 0.070173
Jul 31 04:46:19 witherspoon phosphor-gevent[1016]: ::8029:6976:8e91:f402%1995713308 - - [2017-07-31 04:46:19] "POST /login HTTP/1.1" 200 320 0.032669
Jul 31 04:46:19 witherspoon phosphor-gevent[1016]: ::8029:6976:8e91:f402%1995713308 - - [2017-07-31 04:46:19] "GET /org/openbmc/control/flash/bios HTTP/1.1" 200 397 0.067627
Jul 31 04:46:30 witherspoon phosphor-gevent[1016]: ::8029:6976:8e91:f402%1995713308 - - [2017-07-31 04:46:30] "POST /login HTTP/1.1" 200 320 0.634451
Jul 31 04:46:30 witherspoon phosphor-gevent[1016]: ::8029:6976:8e91:f402%1995713308 - - [2017-07-31 04:46:30] "GET /org/openbmc/control/flash/bios HTTP/1.1" 200 397 0.087858
Jul 31 04:46:40 witherspoon phosphor-gevent[1016]: ::8029:6976:8e91:f402%1995713308 - - [2017-07-31 04:46:40] "POST /login HTTP/1.1" 200 320 0.033172
Jul 31 04:46:40 witherspoon phosphor-gevent[1016]: ::8029:6976:8e91:f402%1995713308 - - [2017-07-31 04:46:40] "GET /org/openbmc/control/flash/bios HTTP/1.1" 200 397 0.067243
Jul 31 04:46:50 witherspoon phosphor-gevent[1016]: ::8029:6976:8e91:f402%1995713308 - - [2017-07-31 04:46:50] "POST /login HTTP/1.1" 200 320 0.033010
Jul 31 04:46:50 witherspoon phosphor-gevent[1016]: ::8029:6976:8e91:f402%1995713308 - - [2017-07-31 04:46:50] "GET /org/openbmc/control/flash/bios HTTP/1.1" 200 397 0.067813
Jul 31 04:47:01 witherspoon phosphor-gevent[1016]: ::8029:6976:8e91:f402%1995713308 - - [2017-07-31 04:47:01] "POST /login HTTP/1.1" 200 320 0.033020
Jul 31 04:47:01 witherspoon phosphor-gevent[1016]: ::8029:6976:8e91:f402%1995713308 - - [2017-07-31 04:47:01] "GET /org/openbmc/control/flash/bios HTTP/1.1" 200 397 0.067928
Jul 31 04:47:11 witherspoon phosphor-gevent[1016]: ::8029:6976:8e91:f402%1995713308 - - [2017-07-31 04:47:11] "POST /login HTTP/1.1" 200 320 0.032947
Jul 31 04:47:12 witherspoon phosphor-gevent[1016]: ::8029:6976:8e91:f402%1995713308 - - [2017-07-31 04:47:12] "GET /org/openbmc/control/flash/bios HTTP/1.1" 200 397 0.098389
Jul 31 04:47:22 witherspoon phosphor-gevent[1016]: ::8029:6976:8e91:f402%1995713308 - - [2017-07-31 04:47:22] "POST /login HTTP/1.1" 200 320 0.032979
Jul 31 04:47:22 witherspoon phosphor-gevent[1016]: ::8029:6976:8e91:f402%1995713308 - - [2017-07-31 04:47:22] "GET /org/openbmc/control/flash/bios HTTP/1.1" 200 397 0.067845
Jul 31 04:47:32 witherspoon phosphor-gevent[1016]: ::8029:6976:8e91:f402%1995713308 - - [2017-07-31 04:47:32] "POST /login HTTP/1.1" 200 320 0.032951
Jul 31 04:47:33 witherspoon phosphor-gevent[1016]: ::8029:6976:8e91:f402%1995713308 - - [2017-07-31 04:47:33] "GET /org/openbmc/control/flash/bios HTTP/1.1" 200 397 0.067548
Jul 31 04:47:43 witherspoon phosphor-gevent[1016]: ::8029:6976:8e91:f402%1995713308 - - [2017-07-31 04:47:43] "POST /login HTTP/1.1" 200 320 0.033161
Jul 31 04:47:43 witherspoon phosphor-gevent[1016]: ::8029:6976:8e91:f402%1995713308 - - [2017-07-31 04:47:43] "GET /org/openbmc/control/flash/bios HTTP/1.1" 200 397 0.068097
Jul 31 04:47:53 witherspoon phosphor-gevent[1016]: ::8029:6976:8e91:f402%1995713308 - - [2017-07-31 04:47:53] "POST /login HTTP/1.1" 200 320 0.033185
Jul 31 04:47:53 witherspoon phosphor-gevent[1016]: ::8029:6976:8e91:f402%1995713308 - - [2017-07-31 04:47:53] "GET /org/openbmc/control/flash/bios HTTP/1.1" 200 397 0.067324
Jul 31 04:48:03 witherspoon phosphor-gevent[1016]: ::8029:6976:8e91:f402%1995713308 - - [2017-07-31 04:48:03] "POST /login HTTP/1.1" 200 320 0.033053
Jul 31 04:48:03 witherspoon phosphor-gevent[1016]: ::8029:6976:8e91:f402%1995713308 - - [2017-07-31 04:48:03] "GET /org/openbmc/control/flash/bios HTTP/1.1" 200 397 0.067971
Jul 31 04:48:14 witherspoon phosphor-gevent[1016]: ::8029:6976:8e91:f402%1995713308 - - [2017-07-31 04:48:14] "POST /login HTTP/1.1" 200 320 0.033364
Jul 31 04:48:15 witherspoon phosphor-gevent[1016]: ::8029:6976:8e91:f402%1995713308 - - [2017-07-31 04:48:15] "GET /org/openbmc/control/flash/bios HTTP/1.1" 200 397 0.119729
Jul 31 04:48:25 witherspoon phosphor-gevent[1016]: ::8029:6976:8e91:f402%1995713308 - - [2017-07-31 04:48:25] "POST /login HTTP/1.1" 200 320 0.045896
Jul 31 04:48:25 witherspoon phosphor-gevent[1016]: ::8029:6976:8e91:f402%1995713308 - - [2017-07-31 04:48:25] "GET /org/openbmc/control/flash/bios HTTP/1.1" 200 401 0.070319
Jul 31 04:48:37 witherspoon phosphor-gevent[1016]: ::8029:6976:8e91:f402%1995713308 - - [2017-07-31 04:48:37] "POST /login HTTP/1.1" 200 320 0.067547
Jul 31 04:48:37 witherspoon phosphor-gevent[1016]: ::8029:6976:8e91:f402%1995713308 - - [2017-07-31 04:48:37] "GET /org/openbmc/control/flash/bios HTTP/1.1" 200 402 0.068202
Jul 31 04:48:47 witherspoon phosphor-gevent[1016]: ::8029:6976:8e91:f402%1995713308 - - [2017-07-31 04:48:47] "POST /login HTTP/1.1" 200 320 0.033126
Jul 31 04:48:47 witherspoon phosphor-gevent[1016]: ::8029:6976:8e91:f402%1995713308 - - [2017-07-31 04:48:47] "GET /org/openbmc/control/flash/bios HTTP/1.1" 200 402 0.067542
Jul 31 04:48:59 witherspoon phosphor-gevent[1016]: ::8029:6976:8e91:f402%1995713308 - - [2017-07-31 04:48:59] "POST /login HTTP/1.1" 200 320 0.032831
Jul 31 04:48:59 witherspoon phosphor-gevent[1016]: ::8029:6976:8e91:f402%1995713308 - - [2017-07-31 04:48:59] "GET /org/openbmc/control/flash/bios HTTP/1.1" 200 402 0.066910
Jul 31 04:49:09 witherspoon phosphor-gevent[1016]: ::8029:6976:8e91:f402%1995713308 - - [2017-07-31 04:49:09] "POST /login HTTP/1.1" 200 320 0.033193
Jul 31 04:49:09 witherspoon phosphor-gevent[1016]: ::8029:6976:8e91:f402%1995713308 - - [2017-07-31 04:49:09] "GET /org/openbmc/control/flash/bios HTTP/1.1" 200 401 0.067490
Jul 31 04:49:19 witherspoon phosphor-gevent[1016]: ::8029:6976:8e91:f402%1995713308 - - [2017-07-31 04:49:19] "POST /login HTTP/1.1" 200 320 0.032945
Jul 31 04:49:20 witherspoon phosphor-gevent[1016]: ::8029:6976:8e91:f402%1995713308 - - [2017-07-31 04:49:20] "GET /org/openbmc/control/flash/bios HTTP/1.1" 200 402 0.067606
Jul 31 04:49:20 witherspoon flash_bios.exe[1039]: Erasing... (may take a while !) done !
Jul 31 04:49:20 witherspoon flash_bios.exe[1039]: About to program "/tmp/witherspoon_910_golden.pnor" at 0x00000000..0x04000000 !
Jul 31 04:49:20 witherspoon flash_bios.exe[1039]: Programming & Verifying...
Jul 31 04:49:20 witherspoon flash_bios.exe[1039]: Flash done
Jul 31 04:49:30 witherspoon phosphor-gevent[1016]: ::8029:6976:8e91:f402%1995713308 - - [2017-07-31 04:49:30] "POST /login HTTP/1.1" 200 320 0.034217
Jul 31 04:49:30 witherspoon phosphor-gevent[1016]: ::8029:6976:8e91:f402%1995713308 - - [2017-07-31 04:49:30] "GET /org/openbmc/control/flash/bios HTTP/1.1" 200 399 0.076056
Jul 31 04:49:30 witherspoon systemd[1]: Started SSH Per-Connection Server (9.41.165.94:40850).
Jul 31 04:49:30 witherspoon dropbear[1154]: Failed loading /etc/dropbear/dropbear_dss_host_key
Jul 31 04:49:30 witherspoon dropbear[1154]: Failed loading /etc/dropbear/dropbear_ecdsa_host_key
Jul 31 04:49:30 witherspoon dropbear[1154]: Child connection from ::ffff:9.41.165.94:40850
Jul 31 04:49:30 witherspoon dropbear[1154]: PAM password auth succeeded for 'root' from ::ffff:9.41.165.94:40850
Jul 31 04:49:30 witherspoon dropbear[1155]: lastlog_perform_login: Couldn't stat /var/log/lastlog: No such file or directory
Jul 31 04:49:30 witherspoon dropbear[1155]: lastlog_openseek: /var/log/lastlog is not a file or directory!
Jul 31 04:49:32 witherspoon phosphor-gevent[1016]: ::8029:6976:8e91:f402%1995713308 - - [2017-07-31 04:49:32] "POST /login HTTP/1.1" 200 320 0.033742
Jul 31 04:49:32 witherspoon phosphor-gevent[1016]: ::8029:6976:8e91:f402%1995713308 - - [2017-07-31 04:49:32] "GET /xyz/openbmc_project/state/host0//attr/CurrentHostState HTTP/1.1" 200 212 0.049254
Jul 31 04:49:32 witherspoon systemd[1]: Created slice system-obmc\x2dconsole\x2dssh.slice.
Jul 31 04:49:32 witherspoon systemd[1]: Started Phosphor Host Console SSH Per-Connection (9.41.165.94:36132).
Jul 31 04:49:32 witherspoon dropbear[1159]: Failed loading /etc/dropbear/dropbear_dss_host_key
Jul 31 04:49:32 witherspoon dropbear[1159]: Failed loading /etc/dropbear/dropbear_ecdsa_host_key
Jul 31 04:49:32 witherspoon dropbear[1159]: Child connection from ::ffff:9.41.165.94:36132
Jul 31 04:49:33 witherspoon dropbear[1159]: PAM password auth succeeded for 'root' from ::ffff:9.41.165.94:36132
Jul 31 04:49:33 witherspoon dropbear[1160]: lastlog_perform_login: Couldn't stat /var/log/lastlog: No such file or directory
Jul 31 04:49:33 witherspoon dropbear[1160]: lastlog_openseek: /var/log/lastlog is not a file or directory!
Jul 31 04:49:33 witherspoon phosphor-gevent[1016]: ::8029:6976:8e91:f402%1995713308 - - [2017-07-31 04:49:33] "POST /login HTTP/1.1" 200 320 0.036123
Jul 31 04:49:33 witherspoon phosphor-gevent[1016]: ::8029:6976:8e91:f402%1995713308 - - [2017-07-31 04:49:33] "PUT /org/openbmc/settings/host0/attr/power_policy HTTP/1.1" 200 169 0.196598
Jul 31 04:49:33 witherspoon phosphor-gevent[1016]: ::8029:6976:8e91:f402%1995713308 - - [2017-07-31 04:49:33] "POST /login HTTP/1.1" 200 320 0.033271
Jul 31 04:49:33 witherspoon phosphor-gevent[1016]: ::8029:6976:8e91:f402%1995713308 - - [2017-07-31 04:49:33] "GET /org/openbmc/settings/host0/attr/power_policy HTTP/1.1" 200 185 0.085407
Jul 31 04:49:34 witherspoon phosphor-gevent[1016]: ::8029:6976:8e91:f402%1995713308 - - [2017-07-31 04:49:34] "POST /login HTTP/1.1" 200 320 0.033147
Jul 31 04:49:34 witherspoon phosphor-gevent[1016]: ::8029:6976:8e91:f402%1995713308 - - [2017-07-31 04:49:34] "GET /xyz/openbmc_project/state/chassis0//attr/CurrentPowerState HTTP/1.1" 200 216 0.051719
Jul 31 04:49:34 witherspoon phosphor-gevent[1016]: ::8029:6976:8e91:f402%1995713308 - - [2017-07-31 04:49:34] "POST /login HTTP/1.1" 200 320 0.033078
Jul 31 04:49:34 witherspoon phosphor-gevent[1016]: ::8029:6976:8e91:f402%1995713308 - - [2017-07-31 04:49:34] "GET /xyz/openbmc_project/state/bmc0//attr/CurrentBMCState HTTP/1.1" 200 212 0.049855
Jul 31 04:49:34 witherspoon phosphor-gevent[1016]: ::8029:6976:8e91:f402%1995713308 - - [2017-07-31 04:49:34] "POST /login HTTP/1.1" 200 320 0.033377
Jul 31 04:49:34 witherspoon phosphor-gevent[1016]: ::8029:6976:8e91:f402%1995713308 - - [2017-07-31 04:49:34] "GET /org/openbmc/sensors/host/BootProgress/attr/value HTTP/1.1" 200 170 0.070151
Jul 31 04:49:34 witherspoon phosphor-gevent[1016]: ::8029:6976:8e91:f402%1995713308 - - [2017-07-31 04:49:34] "POST /login HTTP/1.1" 200 320 0.041414
Jul 31 04:49:35 witherspoon phosphor-gevent[1016]: ::8029:6976:8e91:f402%1995713308 - - [2017-07-31 04:49:35] "GET /xyz/openbmc_project/state/host0//attr/CurrentHostState HTTP/1.1" 200 212 0.049524
Jul 31 04:49:35 witherspoon phosphor-gevent[1016]: ::8029:6976:8e91:f402%1995713308 - - [2017-07-31 04:49:35] "POST /login HTTP/1.1" 200 320 0.033337
Jul 31 04:49:35 witherspoon phosphor-host-state-manager[1082]: Host State transaction request
Jul 31 04:49:35 witherspoon phosphor-gevent[1016]: ::8029:6976:8e91:f402%1995713308 - - [2017-07-31 04:49:35] "PUT /xyz/openbmc_project/state/host0//attr/RequestedHostTransition HTTP/1.1" 200 169 0.183013
Jul 31 04:49:35 witherspoon systemd[1]: Created slice system-ucd_disable_vcs.slice.
Jul 31 04:49:35 witherspoon systemd[1]: Created slice system-ir35221\x2don\x2dbind.slice.
Jul 31 04:49:35 witherspoon systemd[1]: Created slice system-obmc\x2denable\x2dhost\x2dwatchdog.slice.
Jul 31 04:49:35 witherspoon systemd[1]: Created slice system-phosphor\x2dwatchdog.slice.
Jul 31 04:49:35 witherspoon systemd[1]: Created slice system-vrm\x2dcontrol.slice.
Jul 31 04:49:35 witherspoon systemd[1]: Created slice system-phosphor\x2dgpio\x2dmonitor.slice.
Jul 31 04:49:35 witherspoon systemd[1]: Created slice system-avsbus\x2ddisable.slice.
Jul 31 04:49:35 witherspoon systemd[1]: Created slice system-op\x2dpower\x2dstart.slice.
Jul 31 04:49:35 witherspoon systemd[1]: Created slice system-phosphor\x2dfan\x2dpresence\x2dtach.slice.
Jul 31 04:49:35 witherspoon systemd[1]: Created slice system-mapper\x2dsubtree\x2dremove.slice.
Jul 31 04:49:36 witherspoon phosphor-fan-control[1170]: terminate called after throwing an instance of 'sdbusplus::xyz::openbmc_project::Common::Error::InternalFailure'
Jul 31 04:49:36 witherspoon phosphor-fan-control[1170]:   what():  xyz.openbmc_project.Common.Error.InternalFailure: The operation failed internally.
Jul 31 04:49:35 witherspoon systemd[1]: Started Phosphor GPIO checkstop monitor.
Jul 31 04:49:38 witherspoon phosphor-gevent[1016]: ::8029:6976:8e91:f402%1995713308 - - [2017-07-31 04:49:37] "POST /login HTTP/1.1" 200 320 0.033380
Jul 31 04:49:38 witherspoon mboxctl[1171]: Reset: Success
Jul 31 04:49:35 witherspoon systemd[1]: Created slice system-avsbus\x2dworkaround.slice.
Jul 31 04:49:35 witherspoon systemd[1]: Created slice system-vcs_on.slice.
Jul 31 04:49:35 witherspoon systemd[1]: Created slice system-fsi\x2dbind.slice.
Jul 31 04:49:35 witherspoon systemd[1]: Starting Witherspoon Fan Watchdog Reset...
Jul 31 04:49:38 witherspoon kernel: ucd9000 11-0064: Device ID UCD90160|2.3.4.0000|110603
Jul 31 04:49:35 witherspoon systemd[1]: Started Phosphor poweron watchdog.
Jul 31 04:49:38 witherspoon kernel[985]: [  391.120000] ucd9000 11-0064: Device ID UCD90160|2.3.4.0000|110603
Jul 31 04:49:35 witherspoon systemd[1]: Created slice system-cfam_override.slice.
Jul 31 04:49:35 witherspoon systemd[1]: Created slice system-pcie\x2dslot\x2ddetect.slice.
Jul 31 04:49:35 witherspoon systemd[1]: Created slice system-vcs_off.slice.
Jul 31 04:49:35 witherspoon systemd[1]: Reached target Start Host checkstop monitor.
Jul 31 04:49:35 witherspoon systemd[1]: Created slice system-fsi\x2dscan.slice.
Jul 31 04:49:35 witherspoon systemd[1]: Created slice system-avsbus\x2denable.slice.
Jul 31 04:49:35 witherspoon systemd[1]: Starting Wait for /org/openbmc/control/chassis0...
Jul 31 04:49:35 witherspoon systemd[1]: Created slice system-vcs_workaround.slice.
Jul 31 04:49:35 witherspoon systemd[1]: Starting Disable UCD VCS rails...
Jul 31 04:49:35 witherspoon systemd[1]: Starting Wait for /xyz/openbmc_project/led/groups/power_on...
Jul 31 04:49:35 witherspoon systemd[1]: Reached target Powerwitherspoon-fan-watchdog (On).
Jul 31 04:49:35 witherspoon systemd[1]: Started Witherspoon Fan Watchdog Daemon.
Jul 31 04:49:35 witherspoon systemd[1]: Starting Wait for /xyz/openbmc_project/watchdog/host0...
Jul 31 04:49:35 witherspoon systemd[1]: Created slice system-ir35221\x2don\x2dunbind.slice.
Jul 31 04:49:35 witherspoon systemd[1]: Starting power on mode unbind ir35221 device driver devs...
Jul 31 04:49:39 witherspoon phosphor-gevent[1016]: ::8029:6976:8e91:f402%1995713308 - - [2017-07-31 04:49:39] "GET /xyz/openbmc_project/state/chassis0//attr/CurrentPowerState HTTP/1.1" 200 216 1.616436
Jul 31 04:49:35 witherspoon systemd[1]: Created slice system-phosphor\x2dfan\x2dcontrol\x2dinit.slice.
Jul 31 04:49:35 witherspoon systemd[1]: Started Phosphor Fan Control Initialization.
Jul 31 04:49:39 witherspoon phosphor-hwmon-readd[1218]: Usage: /usr/sbin/phosphor-hwmon-readd [options]
Jul 31 04:49:39 witherspoon phosphor-hwmon-readd[1218]: Options:
Jul 31 04:49:39 witherspoon phosphor-hwmon-readd[1218]:     --help               print this menu
Jul 31 04:49:39 witherspoon phosphor-hwmon-readd[1218]:     --path=<path>        sysfs location to monitor
Jul 31 04:49:39 witherspoon phosphor-hwmon-readd[1218]:     --of-name=<path>     open firmware device name to monitor
Jul 31 04:49:39 witherspoon phosphor-hwmon-readd[1218]: ERROR: Path not specified or invalid.
Jul 31 04:49:35 witherspoon systemd[1]: Created slice system-mboxd\x2dreload.slice.
Jul 31 04:49:35 witherspoon systemd[1]: Starting Reload mboxd during power on...
Jul 31 04:49:36 witherspoon phosphor-fan-control[1170]: Error in mapper call to get service name
Jul 31 04:49:36 witherspoon phosphor-fan-control[1170]: The operation failed internally.
Jul 31 04:49:36 witherspoon systemd[1]: Created slice system-op\x2dwait\x2dpower\x2don.slice.
Jul 31 04:49:36 witherspoon systemd[1]: Starting Wait for Power0 to turn on...
Jul 31 04:49:36 witherspoon systemd[1]: Starting mapper subtree-remove /xyz/openbmc_project/software:xyz.openbmc_project.Software.ActivationBlocksTransition...
Jul 31 04:49:36 witherspoon systemd[1]: Created slice system-start_host.slice.
Jul 31 04:49:37 witherspoon systemd[1]: Started Witherspoon Fan Watchdog Reset.
Jul 31 04:49:37 witherspoon systemd[1]: Started Wait for /org/openbmc/control/chassis0.
Jul 31 04:49:37 witherspoon systemd[1]: Started Wait for /xyz/openbmc_project/led/groups/power_on.
Jul 31 04:49:37 witherspoon systemd[1]: phosphor-fan-control-init@witherspoon-fan-watchdog.service: Main process exited, code=dumped, status=6/ABRT
Jul 31 04:49:37 witherspoon systemd[1]: phosphor-fan-control-init@witherspoon-fan-watchdog.service: Unit entered failed state.
Jul 31 04:49:37 witherspoon systemd[1]: phosphor-fan-control-init@witherspoon-fan-watchdog.service: Failed with result 'core-dump'.
Jul 31 04:49:37 witherspoon systemd[1]: Started power on mode unbind ir35221 device driver devs.
Jul 31 04:49:37 witherspoon systemd[1]: Started Reload mboxd during power on.
Jul 31 04:49:37 witherspoon systemd[1]: Started mapper subtree-remove /xyz/openbmc_project/software:xyz.openbmc_project.Software.ActivationBlocksTransition.
Jul 31 04:49:38 witherspoon systemd[1]: xyz.openbmc_project.Hwmon@ahb-apb-i2c\x401e78a000-i2c\x2dbus\x40140-ir35221\x4070.service: Unit not needed anymore. Stopping.
Jul 31 04:49:38 witherspoon systemd[1]: phosphor-fan-control-init@witherspoon-fan-watchdog.service: Service hold-off time over, scheduling restart.
Jul 31 04:49:38 witherspoon systemd[1]: xyz.openbmc_project.Hwmon@ahb-apb-i2c\x401e78a000-i2c\x2dbus\x40180-ir35221\x4071.service: Service hold-off time over, scheduling restart.
Jul 31 04:49:38 witherspoon systemd[1]: xyz.openbmc_project.Hwmon@ahb-apb-i2c\x401e78a000-i2c\x2dbus\x40180-ir35221\x4070.service: Service hold-off time over, scheduling restart.
Jul 31 04:49:38 witherspoon systemd[1]: xyz.openbmc_project.Hwmon@ahb-apb-i2c\x401e78a000-i2c\x2dbus\x40140-ir35221\x4071.service: Service hold-off time over, scheduling restart.
Jul 31 04:49:38 witherspoon systemd[1]: xyz.openbmc_project.Hwmon@ahb-apb-i2c\x401e78a000-i2c\x2dbus\x40140-ir35221\x4071.service: Unit not needed anymore. Stopping.
Jul 31 04:49:38 witherspoon systemd[1]: Requested transaction contradicts existing jobs: Transaction is destructive.
