-- Logs begin at Thu 2017-08-03 15:42:59 UTC, end at Thu 2017-08-03 15:45:01 UTC. --
Aug 03 15:42:59 witherspoon kernel: Booting Linux on physical CPU 0x0
Aug 03 15:42:59 witherspoon kernel: Linux version 4.10.17-baeb50beb784ac5993d2bfb5d06d909971b60506 (jenkins@openbmc-builder1) (gcc version 6.2.0 (GCC) ) #1 Tue Aug 8 21:35:49 UTC 2017
Aug 03 15:42:59 witherspoon kernel: CPU: ARMv6-compatible processor [410fb767] revision 7 (ARMv7), cr=00c5387d
Aug 03 15:42:59 witherspoon kernel: CPU: PIPT / VIPT nonaliasing data cache, VIPT nonaliasing instruction cache
Aug 03 15:42:59 witherspoon kernel: OF: fdt:Machine model: Witherspoon BMC
Aug 03 15:42:59 witherspoon kernel: Memory policy: Data cache writeback
Aug 03 15:42:59 witherspoon kernel: SOC Rev: 04030303
Aug 03 15:42:59 witherspoon kernel: On node 0 totalpages: 110592
Aug 03 15:42:59 witherspoon kernel: free_area_init_node: node 0, pgdat 805ff5f4, node_mem_map 9ec1a000
Aug 03 15:42:59 witherspoon kernel:   Normal zone: 992 pages used for memmap
Aug 03 15:42:59 witherspoon kernel:   Normal zone: 0 pages reserved
Aug 03 15:42:59 witherspoon kernel:   Normal zone: 110592 pages, LIFO batch:31
Aug 03 15:42:59 witherspoon kernel: pcpu-alloc: s0 r0 d32768 u32768 alloc=1*32768
Aug 03 15:42:59 witherspoon kernel: pcpu-alloc: [0] 0 
Aug 03 15:42:59 witherspoon kernel: Built 1 zonelists in Zone order, mobility grouping on.  Total pages: 109600
Aug 03 15:42:59 witherspoon kernel: Kernel command line: console=ttyS4,115200n8 root=/dev/ram rw
Aug 03 15:42:59 witherspoon kernel: PID hash table entries: 2048 (order: 1, 8192 bytes)
Aug 03 15:42:59 witherspoon kernel: Dentry cache hash table entries: 65536 (order: 6, 262144 bytes)
Aug 03 15:42:59 witherspoon kernel: Inode-cache hash table entries: 32768 (order: 5, 131072 bytes)
Aug 03 15:42:59 witherspoon kernel: Memory: 430428K/442368K available (4065K kernel code, 280K rwdata, 1192K rodata, 284K init, 111K bss, 11940K reserved, 0K cma-reserved)
Aug 03 15:42:59 witherspoon kernel: Virtual kernel memory layout:
                                        vector  : 0xffff0000 - 0xffff1000   (   4 kB)
                                        fixmap  : 0xffc00000 - 0xfff00000   (3072 kB)
                                        vmalloc : 0x9f800000 - 0xff800000   (1536 MB)
                                        lowmem  : 0x80000000 - 0x9f000000   ( 496 MB)
                                          .text : 0x80008000 - 0x80400950   (4067 kB)
                                          .init : 0x80585000 - 0x805cc000   ( 284 kB)
                                          .data : 0x805cc000 - 0x80612358   ( 281 kB)
                                           .bss : 0x80612358 - 0x8062e1f8   ( 112 kB)
Aug 03 15:42:59 witherspoon kernel: NR_IRQS:16 nr_irqs:16 16
Aug 03 15:42:59 witherspoon kernel: i2c controller registered, irq 16
Aug 03 15:42:59 witherspoon kernel: clocksource: moxart_timer: mask: 0xffffffff max_cycles: 0xffffffff, max_idle_ns: 77222644334 ns
Aug 03 15:42:59 witherspoon kernel: sched_clock: 32 bits at 100 Hz, resolution 10000000ns, wraps every 21474836475000000ns
Aug 03 15:42:59 witherspoon kernel: Calibrating delay loop... 789.70 BogoMIPS (lpj=3948544)
Aug 03 15:42:59 witherspoon kernel: pid_max: default: 32768 minimum: 301
Aug 03 15:42:59 witherspoon kernel: Mount-cache hash table entries: 1024 (order: 0, 4096 bytes)
Aug 03 15:42:59 witherspoon kernel: Mountpoint-cache hash table entries: 1024 (order: 0, 4096 bytes)
Aug 03 15:42:59 witherspoon kernel: CPU: Testing write buffer coherency: ok
Aug 03 15:42:59 witherspoon kernel: ftrace: allocating 14934 entries in 44 pages
Aug 03 15:42:59 witherspoon kernel: Setting up static identity map for 0x80008200 - 0x8000825c
Aug 03 15:42:59 witherspoon kernel: devtmpfs: initialized
Aug 03 15:42:59 witherspoon kernel: clocksource: jiffies: mask: 0xffffffff max_cycles: 0xffffffff, max_idle_ns: 19112604462750000 ns
Aug 03 15:42:59 witherspoon kernel: futex hash table entries: 256 (order: -1, 3072 bytes)
Aug 03 15:42:59 witherspoon kernel: pinctrl core: initialized pinctrl subsystem
Aug 03 15:42:59 witherspoon kernel: NET: Registered protocol family 16
Aug 03 15:42:59 witherspoon kernel: DMA: preallocated 256 KiB pool for atomic coherent allocations
Aug 03 15:42:59 witherspoon kernel: usbcore: registered new interface driver usbfs
Aug 03 15:42:59 witherspoon kernel: usbcore: registered new interface driver hub
Aug 03 15:42:59 witherspoon kernel: usbcore: registered new device driver usb
Aug 03 15:42:59 witherspoon kernel: clocksource: Switched to clocksource moxart_timer
Aug 03 15:42:59 witherspoon kernel: NET: Registered protocol family 2
Aug 03 15:42:59 witherspoon kernel: TCP established hash table entries: 4096 (order: 2, 16384 bytes)
Aug 03 15:42:59 witherspoon kernel: TCP bind hash table entries: 4096 (order: 2, 16384 bytes)
Aug 03 15:42:59 witherspoon kernel: TCP: Hash tables configured (established 4096 bind 4096)
Aug 03 15:42:59 witherspoon kernel: UDP hash table entries: 256 (order: 0, 4096 bytes)
Aug 03 15:42:59 witherspoon kernel: UDP-Lite hash table entries: 256 (order: 0, 4096 bytes)
Aug 03 15:42:59 witherspoon kernel: NET: Registered protocol family 1
Aug 03 15:42:59 witherspoon kernel: Trying to unpack rootfs image as initramfs...
Aug 03 15:42:59 witherspoon kernel: Freeing initrd memory: 1548K
Aug 03 15:42:59 witherspoon kernel: workingset: timestamp_bits=30 max_order=17 bucket_order=0
Aug 03 15:42:59 witherspoon kernel: squashfs: version 4.0 (2009/01/31) Phillip Lougher
Aug 03 15:42:59 witherspoon kernel: jffs2: version 2.2. (SUMMARY)  © 2001-2006 Red Hat, Inc.
Aug 03 15:42:59 witherspoon kernel: Block layer SCSI generic (bsg) driver version 0.4 loaded (major 250)
Aug 03 15:42:59 witherspoon kernel: io scheduler noop registered
Aug 03 15:42:59 witherspoon kernel: io scheduler deadline registered
Aug 03 15:42:59 witherspoon kernel: io scheduler cfq registered (default)
Aug 03 15:42:59 witherspoon kernel: ipmi-bt-host 1e789140.ibt: Found bt bmc device
Aug 03 15:42:59 witherspoon kernel: ipmi-bt-host 1e789140.ibt: Using IRQ 22
Aug 03 15:42:59 witherspoon kernel: Serial: 8250/16550 driver, 6 ports, IRQ sharing enabled
Aug 03 15:42:59 witherspoon kernel: 1e787000.vuart: ttyS0 at MMIO 0x1e787000 (irq = 22, base_baud = 1500000) is a 16550A
Aug 03 15:42:59 witherspoon kernel: 1e783000.serial: ttyS1 at MMIO 0x1e783000 (irq = 23, base_baud = 1500000) is a 16550A
Aug 03 15:42:59 witherspoon kernel: 1e78d000.serial: ttyS2 at MMIO 0x1e78d000 (irq = 24, base_baud = 1500000) is a 16550A
Aug 03 15:42:59 witherspoon kernel: 1e784000.serial: ttyS4 at MMIO 0x1e784000 (irq = 25, base_baud = 1500000) is a 16550A
Aug 03 15:42:59 witherspoon kernel: console [ttyS4] enabled
Aug 03 15:42:59 witherspoon kernel: timeriomem_rng 1e6e2078.hwrng: 32bits from 0xf00e2078 @ 1us
Aug 03 15:42:59 witherspoon kernel: random: fast init done
Aug 03 15:42:59 witherspoon kernel: random: crng init done
Aug 03 15:42:59 witherspoon kernel: brd: module loaded
Aug 03 15:42:59 witherspoon kernel: loop: module loaded
Aug 03 15:42:59 witherspoon kernel: aspeed-lpc-ctrl 1e789080.lpc-ctrl: Loaded at 0x98000000 (0x04000000)
Aug 03 15:42:59 witherspoon kernel: aspeed-smc 1e620000.flash-controller: Using IRQ 18
Aug 03 15:42:59 witherspoon kernel: aspeed-smc 1e620000.flash-controller: DMA support disabled.
Aug 03 15:42:59 witherspoon kernel: aspeed-smc 1e620000.flash-controller: mx25l25635e (32768 Kbytes)
Aug 03 15:42:59 witherspoon kernel: aspeed-smc 1e620000.flash-controller: CE0 window [ 0x20000000 - 0x22000000 ] 32MB
Aug 03 15:42:59 witherspoon kernel: aspeed-smc 1e620000.flash-controller: CE1 window [ 0x22000000 - 0x2a000000 ] 128MB
Aug 03 15:42:59 witherspoon kernel: 5 ofpart partitions found on MTD device bmc
Aug 03 15:42:59 witherspoon kernel: Creating 5 MTD partitions on "bmc":
Aug 03 15:42:59 witherspoon kernel: 0x000000000000-0x000000060000 : "u-boot"
Aug 03 15:42:59 witherspoon kernel: 0x000000060000-0x000000080000 : "u-boot-env"
Aug 03 15:42:59 witherspoon kernel: 0x000000080000-0x0000004c0000 : "kernel"
Aug 03 15:42:59 witherspoon kernel: 0x0000004c0000-0x000001c00000 : "rofs"
Aug 03 15:42:59 witherspoon kernel: 0x000001c00000-0x000002000000 : "rwfs"
Aug 03 15:42:59 witherspoon kernel: aspeed-smc 1e620000.flash-controller: mx25l25635e (32768 Kbytes)
Aug 03 15:42:59 witherspoon kernel: aspeed-smc 1e620000.flash-controller: CE1 window [ 0x22000000 - 0x24000000 ] 32MB
Aug 03 15:42:59 witherspoon kernel: aspeed-smc 1e620000.flash-controller: CE2 window [ 0x24000000 - 0x2c000000 ] 128MB
Aug 03 15:42:59 witherspoon kernel: aspeed-smc 1e630000.flash-controller: mx66l1g45g (131072 Kbytes)
Aug 03 15:42:59 witherspoon kernel: aspeed-smc 1e630000.flash-controller: CE0 window resized to 120MB (AST2500 HW quirk)
Aug 03 15:42:59 witherspoon kernel: aspeed-smc 1e630000.flash-controller: CE0 window [ 0x30000000 - 0x37800000 ] 120MB
Aug 03 15:42:59 witherspoon kernel: aspeed-smc 1e630000.flash-controller: CE0 window too small for chip 128MB
Aug 03 15:42:59 witherspoon kernel: aspeed-smc 1e630000.flash-controller: CE1 window [ 0x37800000 - 0x38000000 ] 8MB
Aug 03 15:42:59 witherspoon kernel: libphy: Fixed MDIO Bus: probed
Aug 03 15:42:59 witherspoon kernel: ftgmac100 1e660000.ethernet: Read MAC address 70:e2:84:14:24:20 from chip
Aug 03 15:42:59 witherspoon kernel: ftgmac100 1e660000.ethernet: Using NCSI interface
Aug 03 15:42:59 witherspoon kernel: ftgmac100 1e660000.ethernet eth0: irq 20, mapped at f0060000
Aug 03 15:42:59 witherspoon kernel: ehci_hcd: USB 2.0 'Enhanced' Host Controller (EHCI) Driver
Aug 03 15:43:00 witherspoon kernel: ehci-platform: EHCI generic platform driver
Aug 03 15:43:00 witherspoon kernel:  fsi0: can't read slave 00:00 -5
Aug 03 15:43:00 witherspoon kernel: i2c /dev entries driver
Aug 03 15:43:00 witherspoon kernel: aspeed-i2c-bus 1e78a0c0.i2c-bus: i2c bus 2 registered, irq 26
Aug 03 15:43:00 witherspoon kernel: aspeed-i2c-bus 1e78a100.i2c-bus: i2c bus 3 registered, irq 27
Aug 03 15:43:00 witherspoon kernel: aspeed-i2c-bus 1e78a140.i2c-bus: i2c bus 4 registered, irq 28
Aug 03 15:43:00 witherspoon kernel: aspeed-i2c-bus 1e78a180.i2c-bus: i2c bus 5 registered, irq 29
Aug 03 15:43:00 witherspoon kernel: aspeed-i2c-bus 1e78a380.i2c-bus: i2c bus 9 registered, irq 30
Aug 03 15:43:00 witherspoon kernel: aspeed-i2c-bus 1e78a3c0.i2c-bus: i2c bus 10 registered, irq 31
Aug 03 15:43:00 witherspoon kernel: rtc-rv8803 11-0032: Voltage low, temperature compensation stopped.
Aug 03 15:43:00 witherspoon kernel: rtc-rv8803 11-0032: rtc core: registered rx8900 as rtc0
Aug 03 15:43:00 witherspoon kernel: at24 11-0051: 8192 byte 24c64 EEPROM, writable, 1 bytes/write
Aug 03 15:43:00 witherspoon kernel: aspeed-i2c-bus 1e78a400.i2c-bus: i2c bus 11 registered, irq 32
Aug 03 15:43:00 witherspoon kernel: aspeed-i2c-bus 1e78a440.i2c-bus: i2c bus 12 registered, irq 33
Aug 03 15:43:00 witherspoon kernel: aspeed-i2c-bus 1e78a480.i2c-bus: i2c bus 13 registered, irq 34
Aug 03 15:43:00 witherspoon kernel: Driver for 1-wire Dallas network protocol.
Aug 03 15:43:00 witherspoon kernel: lm75 9-004a: hwmon0: sensor 'tmp275'
Aug 03 15:43:00 witherspoon kernel: ucd9000 11-0064: Device ID UCD90160|2.3.4.0000|110603
Aug 03 15:43:00 witherspoon kernel: leds-pca955x 3-0060: leds-pca955x: Using pca9552 16-bit LED driver at slave address 0x60
Aug 03 15:43:00 witherspoon kernel: leds-pca955x 3-0060: gpios 264...279
Aug 03 15:43:00 witherspoon kernel: leds-pca955x 11-0060: leds-pca955x: Using pca9552 16-bit LED driver at slave address 0x60
Aug 03 15:43:00 witherspoon kernel: leds-pca955x 11-0060: gpios 248...263
Aug 03 15:43:00 witherspoon kernel: usbcore: registered new interface driver usbhid
Aug 03 15:43:00 witherspoon kernel: usbhid: USB HID core driver
Aug 03 15:43:00 witherspoon kernel: NET: Registered protocol family 10
Aug 03 15:43:00 witherspoon kernel: Segment Routing with IPv6
Aug 03 15:43:00 witherspoon kernel: NET: Registered protocol family 17
Aug 03 15:43:00 witherspoon kernel: 8021q: 802.1Q VLAN Support v1.8
Aug 03 15:43:00 witherspoon kernel: console [netcon0] enabled
Aug 03 15:43:00 witherspoon kernel: netconsole: network logging started
Aug 03 15:43:00 witherspoon kernel: input: gpio-keys as /devices/platform/gpio-keys/input/input0
Aug 03 15:43:00 witherspoon kernel: rtc-rv8803 11-0032: setting system clock to 2016-04-18 12:45:57 UTC (1460983557)
Aug 03 15:43:00 witherspoon kernel: Freeing unused kernel memory: 284K
Aug 03 15:43:00 witherspoon kernel: This architecture does not have kernel memory protection.
Aug 03 15:43:00 witherspoon kernel: jffs2: notice: (532) jffs2_build_xattr_subsystem: complete building xattr subsystem, 0 of xdatum (0 unchecked, 0 orphan) and 0 of xref (0 dead, 0 orphan) found.
Aug 03 15:43:00 witherspoon systemd[1]: System time before build time, advancing clock.
Aug 03 15:43:00 witherspoon systemd[1]: Failed to insert module 'autofs4': No such file or directory
Aug 03 15:43:00 witherspoon systemd[1]: systemd 232 running in system mode. (+PAM -AUDIT -SELINUX -IMA -APPARMOR -SMACK +SYSVINIT -UTMP -LIBCRYPTSETUP -GCRYPT -GNUTLS +ACL +XZ -LZ4 -SECCOMP +BLKID -ELFUTILS +KMOD -IDN)
Aug 03 15:43:00 witherspoon systemd[1]: Detected architecture arm.
Aug 03 15:43:00 witherspoon systemd[1]: Set hostname to <witherspoon>.
Aug 03 15:43:00 witherspoon systemd[1]: Started Forward Password Requests to Wall Directory Watch.
Aug 03 15:43:00 witherspoon systemd[1]: Started Dispatch Password Requests to Console Directory Watch.
Aug 03 15:43:00 witherspoon systemd[1]: Listening on Journal Socket.
Aug 03 15:43:00 witherspoon systemd[1]: Listening on udev Control Socket.
Aug 03 15:43:00 witherspoon systemd[1]: Listening on Journal Socket (/dev/log).
Aug 03 15:43:00 witherspoon systemd[1]: Reached target Remote File Systems.
Aug 03 15:43:00 witherspoon systemd[1]: Reached target Swap.
Aug 03 15:43:00 witherspoon systemd-journald[558]: Journal started
Aug 03 15:43:00 witherspoon systemd-journald[558]: Runtime journal (/run/log/journal/98da6a547f8141998b98e23f5894fd04) is 0B, max 0B, 0B free.
Aug 03 15:43:00 witherspoon systemd-sysctl[563]: Couldn't write '16' to 'kernel/sysrq', ignoring: No such file or directory
Aug 03 15:43:00 witherspoon systemd-sysctl[563]: Couldn't write 'fq_codel' to 'net/core/default_qdisc', ignoring: No such file or directory
Aug 03 15:43:00 witherspoon systemd[1]: Started Remount Root and Kernel File Systems.
Aug 03 15:43:00 witherspoon systemd[1]: Started Apply Kernel Variables.
Aug 03 15:43:00 witherspoon systemd[1]: Starting Create System Users...
Aug 03 15:43:00 witherspoon systemd[1]: Starting Flush Journal to Persistent Storage...
Aug 03 15:43:01 witherspoon systemd[1]: Started udev Coldplug all Devices.
Aug 03 15:43:01 witherspoon systemd[1]: Started Create System Users.
Aug 03 15:43:01 witherspoon systemd-journald[558]: Runtime journal (/run/log/journal/98da6a547f8141998b98e23f5894fd04) is 0B, max 0B, 0B free.
Aug 03 15:43:01 witherspoon systemd[1]: Started Flush Journal to Persistent Storage.
Aug 03 15:43:01 witherspoon systemd[1]: Starting Create Static Device Nodes in /dev...
Aug 03 15:43:01 witherspoon systemd[1]: Started Create Static Device Nodes in /dev.
Aug 03 15:43:01 witherspoon systemd[1]: Reached target Local File Systems (Pre).
Aug 03 15:43:02 witherspoon systemd[1]: Mounting /var/volatile...
Aug 03 15:43:02 witherspoon systemd[1]: Starting udev Kernel Device Manager...
Aug 03 15:43:02 witherspoon systemd[1]: Mounted /var/volatile.
Aug 03 15:43:02 witherspoon systemd[1]: Starting Load/Save Random Seed...
Aug 03 15:43:02 witherspoon systemd[1]: Reached target Local File Systems.
Aug 03 15:43:02 witherspoon systemd[1]: Starting Rebuild Journal Catalog...
Aug 03 15:43:02 witherspoon systemd[1]: Starting Create Volatile Files and Directories...
Aug 03 15:43:02 witherspoon systemd[1]: Started Load/Save Random Seed.
Aug 03 15:43:02 witherspoon systemd-tmpfiles[908]: "/var/tmp" already exists and is not a directory.
Aug 03 15:43:02 witherspoon systemd-tmpfiles[908]: "/var/log" already exists and is not a directory.
Aug 03 15:43:02 witherspoon systemd[1]: Started Rebuild Journal Catalog.
Aug 03 15:43:02 witherspoon systemd[1]: Started Create Volatile Files and Directories.
Aug 03 15:43:03 witherspoon systemd[1]: Starting Run pending postinsts...
Aug 03 15:43:03 witherspoon systemd[1]: Starting Network Time Synchronization...
Aug 03 15:43:03 witherspoon systemd[1]: Starting Update is Completed...
Aug 03 15:43:03 witherspoon systemd[1]: Started udev Kernel Device Manager.
Aug 03 15:43:03 witherspoon systemd[1]: Started Network Time Synchronization.
Aug 03 15:43:03 witherspoon systemd[1]: Reached target System Time Synchronized.
Aug 03 15:43:03 witherspoon systemd[1]: Started Update is Completed.
Aug 03 15:43:04 witherspoon run-postinsts[913]: Running postinst /etc/rpm-postinsts/libglib-2.0-0...
Aug 03 15:43:06 witherspoon systemd[1]: Found device /dev/aspeed-lpc-ctrl.
Aug 03 15:43:06 witherspoon systemd[1]: Found device /dev/aspeed-mbox.
Aug 03 15:43:06 witherspoon systemd[1]: Found device /dev/ttyS4.
Aug 03 15:43:06 witherspoon systemd[1]: Found device /dev/ttyVUART0.
Aug 03 15:43:06 witherspoon systemd[1]: dev-hugepages.mount: Couldn't determine result for ConditionVirtualization=!private-users, assuming failed: No such file or directory
Aug 03 15:43:06 witherspoon systemd[1]: Created slice system-xyz.openbmc_project.Hwmon.slice.
Aug 03 15:43:07 witherspoon systemd[1]: dev-hugepages.mount: Couldn't determine result for ConditionVirtualization=!private-users, assuming failed: No such file or directory
Aug 03 15:43:07 witherspoon systemd[1]: dev-hugepages.mount: Couldn't determine result for ConditionVirtualization=!private-users, assuming failed: No such file or directory
Aug 03 15:43:07 witherspoon systemd[1]: dev-hugepages.mount: Couldn't determine result for ConditionVirtualization=!private-users, assuming failed: No such file or directory
Aug 03 15:43:07 witherspoon systemd[1]: dev-hugepages.mount: Couldn't determine result for ConditionVirtualization=!private-users, assuming failed: No such file or directory
Aug 03 15:43:07 witherspoon systemd[1]: dev-hugepages.mount: Couldn't determine result for ConditionVirtualization=!private-users, assuming failed: No such file or directory
Aug 03 15:43:07 witherspoon systemd[1]: dev-hugepages.mount: Couldn't determine result for ConditionVirtualization=!private-users, assuming failed: No such file or directory
Aug 03 15:43:08 witherspoon systemd[1]: Created slice system-xyz.openbmc_project.led.controller.slice.
Aug 03 15:43:08 witherspoon systemd[1]: dev-hugepages.mount: Couldn't determine result for ConditionVirtualization=!private-users, assuming failed: No such file or directory
Aug 03 15:43:08 witherspoon run-postinsts[913]: rm: can't remove '/etc/rpm-postinsts': Invalid argument
Aug 03 15:43:08 witherspoon run-postinsts[913]:  Removing any system startup links for run-postinsts ...
Aug 03 15:43:08 witherspoon systemctl[946]: Removed /etc/systemd/system/sysinit.target.wants/run-postinsts.service.
Aug 03 15:43:08 witherspoon systemd[1]: Reloading.
Aug 03 15:43:11 witherspoon systemd[1]: Started Run pending postinsts.
Aug 03 15:43:11 witherspoon systemd[1]: Reached target System Initialization.
Aug 03 15:43:11 witherspoon systemd[1]: Listening on Phosphor Host Console SSH Per-Connection socket.
Aug 03 15:43:11 witherspoon systemd[1]: Listening on Phosphor Webserver socket.
Aug 03 15:43:11 witherspoon systemd[1]: Listening on Avahi mDNS/DNS-SD Stack Activation Socket.
Aug 03 15:43:12 witherspoon systemd[1]: Listening on dropbear.socket.
Aug 03 15:43:12 witherspoon systemd[1]: Listening on Phosphor DBUS Browser socket.
Aug 03 15:43:12 witherspoon systemd[1]: Listening on D-Bus System Message Bus Socket.
Aug 03 15:43:12 witherspoon systemd[1]: Listening on phosphor-ipmi-net.socket.
Aug 03 15:43:12 witherspoon systemd[1]: Started Daily Cleanup of Temporary Directories.
Aug 03 15:43:12 witherspoon systemd[1]: Reached target Timers.
Aug 03 15:43:12 witherspoon systemd[1]: Reached target Sockets.
Aug 03 15:43:12 witherspoon systemd[1]: Reached target Basic System.
Aug 03 15:43:12 witherspoon systemd[1]: Started Phosphor sysfs LED controller.
Aug 03 15:43:12 witherspoon systemd[1]: Started System Logging Service.
Aug 03 15:43:12 witherspoon systemd[1]: Reached target Containers.
Aug 03 15:43:12 witherspoon systemd[1]: Starting Phosphor Inventory Manager...
Aug 03 15:43:12 witherspoon systemd[1]: Starting Phosphor Inventory Manager...
Aug 03 15:43:12 witherspoon systemd[1]: Starting Clear one time boot overrides...
Aug 03 15:43:12 witherspoon systemd[1]: Starting Phosphor IPMI BT DBus Bridge...
Aug 03 15:43:12 witherspoon systemd[1]: Starting Phosphor Download Manager...
Aug 03 15:43:12 witherspoon systemd[1]: Started Phosphor Dump core monitor..
Aug 03 15:43:12 witherspoon systemd[1]: Started Phosphor sysfs LED controller.
Aug 03 15:43:12 witherspoon systemd[1]: Starting Phosphor Download Manager...
Aug 03 15:43:12 witherspoon systemd[1]: Started D-Bus System Message Bus.
Aug 03 15:43:16 witherspoon systemd[1]: Started Phosphor IPMI BT DBus Bridge.
Aug 03 15:43:16 witherspoon systemd[1]: Started Phosphor Download Manager.
Aug 03 15:43:16 witherspoon systemd[1]: Started Phosphor Inventory Manager.
Aug 03 15:43:16 witherspoon systemd[1]: Starting Network Service...
Aug 03 15:43:16 witherspoon systemd[1]: Started Phosphor sysfs LED controller.
Aug 03 15:43:17 witherspoon systemd[1]: Starting Avahi mDNS/DNS-SD Stack...
Aug 03 15:43:17 witherspoon systemd[1]: Starting Phosphor DBus Service Discovery Manager...
Aug 03 15:43:17 witherspoon systemd[1]: Started Kernel Logging Service.
Aug 03 15:43:17 witherspoon systemd[1]: Starting OpenBMC Software Update Manager...
Aug 03 15:43:17 witherspoon systemd[1]: Started Phosphor Console Muxer listening on device /dev/ttyVUART0.
Aug 03 15:43:18 witherspoon avahi-daemon[971]: Found user 'avahi' (UID 998) and group 'avahi' (GID 997).
Aug 03 15:43:18 witherspoon avahi-daemon[971]: Successfully dropped root privileges.
Aug 03 15:43:18 witherspoon avahi-daemon[971]: avahi-daemon 0.6.32 starting up.
Aug 03 15:43:18 witherspoon kernel[973]: klogd started: BusyBox v1.24.1 (2017-06-16 19:29:08 UTC)
Aug 03 15:43:18 witherspoon systemd[1]: Starting Phosphor Network Manager...
Aug 03 15:43:18 witherspoon systemd[1]: Starting Phosphor BMC0 Control...
Aug 03 15:43:18 witherspoon systemd[1]: Starting Phosphor Sensor Manager...
Aug 03 15:43:18 witherspoon systemd[1]: Started Phosphor sysfs LED controller.
Aug 03 15:43:18 witherspoon systemd[1]: Started Phosphor sysfs LED controller.
Aug 03 15:43:18 witherspoon systemd[1]: Started Hardware RNG Entropy Gatherer Daemon.
Aug 03 15:43:19 witherspoon systemd[1]: Starting Phosphor Chassis0 Control...
Aug 03 15:43:19 witherspoon systemd[1]: Started Phosphor sysfs LED controller.
Aug 03 15:43:19 witherspoon systemd[1]: Started Phosphor sysfs LED controller.
Aug 03 15:43:19 witherspoon systemd[1]: Starting Phosphor Dump Manager...
Aug 03 15:43:19 witherspoon systemd[1]: Starting Phosphor Settings Daemon...
Aug 03 15:43:19 witherspoon systemd[1]: Started Phosphor sysfs LED controller.
Aug 03 15:43:19 witherspoon systemd[1]: Started Phosphor sysfs LED controller.
Aug 03 15:43:19 witherspoon systemd[1]: Starting Phosphor User Manager...
Aug 03 15:43:19 witherspoon systemd[1]: Starting Remount the squashfs and ubi volumes after a reboot...
Aug 03 15:43:19 witherspoon systemd[1]: Starting Phosphor LED Group Management Daemon...
Aug 03 15:43:19 witherspoon systemd[1]: Started Phosphor sysfs LED controller.
Aug 03 15:43:19 witherspoon systemd[1]: Starting Phosphor Log Manager...
Aug 03 15:43:20 witherspoon systemd[1]: Started Clear one time boot overrides.
Aug 03 15:43:21 witherspoon kernel: ubi7: default fastmap pool size: 100
Aug 03 15:43:21 witherspoon kernel: ubi7: default fastmap WL pool size: 50
Aug 03 15:43:21 witherspoon kernel: ubi7: attaching mtd7
Aug 03 15:43:21 witherspoon kernel: ubi7: scanning is finished
Aug 03 15:43:21 witherspoon kernel: ubi7 error: ubi_read_volume_table: the layout volume was not found
Aug 03 15:43:21 witherspoon kernel: ubi7 error: ubi_attach_mtd_dev: failed to attach mtd7, error -22
Aug 03 15:43:21 witherspoon obmc-flash-bios[991]: ubiattach: error!: cannot attach mtd7
Aug 03 15:43:21 witherspoon obmc-flash-bios[991]:            error 22 (Invalid argument)
Aug 03 15:43:21 witherspoon systemd[1]: Started Remount the squashfs and ubi volumes after a reboot.
Aug 03 15:43:21 witherspoon systemd[1]: Starting OpenPower Software Update Manager...
Aug 03 15:43:21 witherspoon systemd-networkd[969]: Enumeration completed
Aug 03 15:43:21 witherspoon systemd[1]: Started Network Service.
Aug 03 15:43:21 witherspoon systemd[1]: Reached target Network.
Aug 03 15:43:21 witherspoon systemd-networkd[969]: eth0: IPv6 enabled for interface: Success
Aug 03 15:43:21 witherspoon systemd[1]: Started Lightweight SLP Server.
Aug 03 15:43:21 witherspoon systemd[1]: Starting Permit User Sessions...
Aug 03 15:43:22 witherspoon systemd-networkd[969]: eth0: Gained carrier
Aug 03 15:43:22 witherspoon systemd-timesyncd[914]: Network configuration changed, trying to establish connection.
Aug 03 15:43:22 witherspoon kernel[973]: [    0.000000] Booting Linux on physical CPU 0x0
Aug 03 15:43:22 witherspoon kernel[973]: [    0.000000] Linux version 4.10.17-baeb50beb784ac5993d2bfb5d06d909971b60506 (jenkins@openbmc-builder1) (gcc version 6.2.0 (GCC) ) #1 Tue Aug 8 21:35:49 UTC 2017
Aug 03 15:43:22 witherspoon kernel[973]: [    0.000000] CPU: ARMv6-compatible processor [410fb767] revision 7 (ARMv7), cr=00c5387d
Aug 03 15:43:22 witherspoon kernel[973]: [    0.000000] CPU: PIPT / VIPT nonaliasing data cache, VIPT nonaliasing instruction cache
Aug 03 15:43:22 witherspoon kernel[973]: [    0.000000] OF: fdt:Machine model: Witherspoon BMC
Aug 03 15:43:22 witherspoon kernel[973]: [    0.000000] Memory policy: Data cache writeback
Aug 03 15:43:22 witherspoon kernel[973]: [    0.000000] SOC Rev: 04030303
Aug 03 15:43:22 witherspoon kernel[973]: [    0.000000] On node 0 totalpages: 110592
Aug 03 15:43:22 witherspoon systemd[1]: Started Phosphor Log Manager.
Aug 03 15:43:22 witherspoon kernel[973]: [    0.000000] free_area_init_node: node 0, pgdat 805ff5f4, node_mem_map 9ec1a000
Aug 03 15:43:22 witherspoon systemd[1]: Started Phosphor Dump Manager.
Aug 03 15:43:22 witherspoon kernel[973]: [    0.000000]   Normal zone: 992 pages used for memmap
Aug 03 15:43:22 witherspoon kernel[973]: [    0.000000]   Normal zone: 0 pages reserved
Aug 03 15:43:22 witherspoon kernel[973]: [    0.000000]   Normal zone: 110592 pages, LIFO batch:31
Aug 03 15:43:22 witherspoon kernel[973]: [    0.000000] pcpu-alloc: s0 r0 d32768 u32768 alloc=1*32768
Aug 03 15:43:22 witherspoon kernel[973]: [    0.000000] pcpu-alloc: [0] 0
Aug 03 15:43:22 witherspoon kernel[973]: [    0.000000] Built 1 zonelists in Zone order, mobility grouping on.  Total pages: 109600
Aug 03 15:43:22 witherspoon kernel[973]: [    0.000000] Kernel command line: console=ttyS4,115200n8 root=/dev/ram rw
Aug 03 15:43:22 witherspoon kernel[973]: [    0.000000] PID hash table entries: 2048 (order: 1, 8192 bytes)
Aug 03 15:43:22 witherspoon kernel[973]: [    0.000000] Dentry cache hash table entries: 65536 (order: 6, 262144 bytes)
Aug 03 15:43:22 witherspoon kernel[973]: [    0.000000] Inode-cache hash table entries: 32768 (order: 5, 131072 bytes)
Aug 03 15:43:22 witherspoon kernel[973]: [    0.000000] Memory: 430428K/442368K available (4065K kernel code, 280K rwdata, 1192K rodata, 284K init, 111K bss, 11940K reserved, 0K cma-reserved)
Aug 03 15:43:22 witherspoon kernel[973]: [    0.000000] Virtual kernel memory layout:
Aug 03 15:43:22 witherspoon kernel[973]: [    0.000000]     vector  : 0xffff0000 - 0xffff1000   (   4 kB)
Aug 03 15:43:22 witherspoon kernel[973]: [    0.000000]     fixmap  : 0xffc00000 - 0xfff00000   (3072 kB)
Aug 03 15:43:22 witherspoon kernel[973]: [    0.000000]     vmalloc : 0x9f800000 - 0xff800000   (1536 MB)
Aug 03 15:43:22 witherspoon kernel[973]: [    0.000000]     lowmem  : 0x80000000 - 0x9f000000   ( 496 MB)
Aug 03 15:43:22 witherspoon kernel[973]: [    0.000000]       .text : 0x80008000 - 0x80400950   (4067 kB)
Aug 03 15:43:22 witherspoon kernel[973]: [    0.000000]       .init : 0x80585000 - 0x805cc000   ( 284 kB)
Aug 03 15:43:22 witherspoon kernel[973]: [    0.000000]       .data : 0x805cc000 - 0x80612358   ( 281 kB)
Aug 03 15:43:22 witherspoon kernel[973]: [    0.000000]        .bss : 0x80612358 - 0x8062e1f8   ( 112 kB)
Aug 03 15:43:22 witherspoon kernel[973]: [    0.000000] NR_IRQS:16 nr_irqs:16 16
Aug 03 15:43:22 witherspoon kernel[973]: [    0.000000] i2c controller registered, irq 16
Aug 03 15:43:23 witherspoon systemd[1]: Started Permit User Sessions.
Aug 03 15:43:22 witherspoon kernel[973]: [    0.000000] clocksource: moxart_timer: mask: 0xffffffff max_cycles: 0xffffffff, max_idle_ns: 77222644334 ns
Aug 03 15:43:23 witherspoon systemd[1]: Started Phosphor Settings Daemon.
Aug 03 15:43:22 witherspoon kernel[973]: [    0.000000] sched_clock: 32 bits at 100 Hz, resolution 10000000ns, wraps every 21474836475000000ns
Aug 03 15:43:22 witherspoon kernel[973]: [    0.090000] Calibrating delay loop... 789.70 BogoMIPS (lpj=3948544)
Aug 03 15:43:22 witherspoon kernel[973]: [    0.090000] pid_max: default: 32768 minimum: 301
Aug 03 15:43:23 witherspoon systemd[1]: Started Avahi mDNS/DNS-SD Stack.
Aug 03 15:43:22 witherspoon kernel[973]: [    0.090000] Mount-cache hash table entries: 1024 (order: 0, 4096 bytes)
Aug 03 15:43:23 witherspoon systemd[1]: Started OpenPower Software Update Manager.
Aug 03 15:43:22 witherspoon kernel[973]: [    0.090000] Mountpoint-cache hash table entries: 1024 (order: 0, 4096 bytes)
Aug 03 15:43:23 witherspoon systemd[1]: Started OpenBMC Software Update Manager.
Aug 03 15:43:22 witherspoon kernel[973]: [    0.090000] CPU: Testing write buffer coherency: ok
Aug 03 15:43:23 witherspoon systemd-networkd[969]: eth0: Gained IPv6LL
Aug 03 15:43:22 witherspoon kernel[973]: [    0.090000] ftrace: allocating 14934 entries in 44 pages
Aug 03 15:43:23 witherspoon systemd[1]: Started Phosphor MBOX Daemon.
Aug 03 15:43:22 witherspoon kernel[973]: [    0.120000] Setting up static identity map for 0x80008200 - 0x8000825c
Aug 03 15:43:23 witherspoon systemd[1]: Mounting /usr/local...
Aug 03 15:43:22 witherspoon kernel[973]: [    0.120000] devtmpfs: initialized
Aug 03 15:43:23 witherspoon systemd[1]: Starting Phosphor Version Software Manager...
Aug 03 15:43:22 witherspoon kernel[973]: [    0.150000] clocksource: jiffies: mask: 0xffffffff max_cycles: 0xffffffff, max_idle_ns: 19112604462750000 ns
Aug 03 15:43:23 witherspoon systemd[1]: Started Serial Getty on ttyS4.
Aug 03 15:43:22 witherspoon kernel[973]: [    0.150000] futex hash table entries: 256 (order: -1, 3072 bytes)
Aug 03 15:43:23 witherspoon systemd[1]: Reached target Login Prompts.
Aug 03 15:43:22 witherspoon kernel[973]: [    0.150000] pinctrl core: initialized pinctrl subsystem
Aug 03 15:43:23 witherspoon systemd[1]: Reached target Multi-User System.
Aug 03 15:43:25 witherspoon kernel: ftgmac100 1e660000.ethernet eth0: NCSI interface up
Aug 03 15:43:22 witherspoon kernel[973]: [    0.150000] NET: Registered protocol family 16
Aug 03 15:43:25 witherspoon mboxd[1009]: terminate called after throwing an instance of 'sdbusplus::xyz::openbmc_project::Common::Error::InternalFailure'
Aug 03 15:43:25 witherspoon mboxd[1009]:   what():  xyz.openbmc_project.Common.Error.InternalFailure: The operation failed internally.
Aug 03 15:43:23 witherspoon systemd[1]: Mounted /usr/local.
Aug 03 15:43:25 witherspoon obmc-flash-bios[1015]: grep: /sys/class/ubi/ubi?/subsystem/ubi*/name: No such file or directory
Aug 03 15:43:22 witherspoon kernel[973]: [    0.150000] DMA: preallocated 256 KiB pool for atomic coherent allocations
Aug 03 15:43:25 witherspoon mboxd[1009]: [ 1501775005.562354995] Partition HBB not found
Aug 03 15:43:23 witherspoon systemd[1]: Starting Create a ubi volume for pnor patches...
Aug 03 15:43:22 witherspoon kernel[973]: [    0.220000] usbcore: registered new interface driver usbfs
Aug 03 15:43:24 witherspoon systemd[1]: Started Phosphor BMC0 Control.
Aug 03 15:43:22 witherspoon kernel[973]: [    0.220000] usbcore: registered new interface driver hub
Aug 03 15:43:25 witherspoon systemd[1]: Started Phosphor Version Software Manager.
Aug 03 15:43:22 witherspoon kernel[973]: [    0.220000] usbcore: registered new device driver usb
Aug 03 15:43:25 witherspoon mboxd[1009]: The operation failed internally.
Aug 03 15:43:22 witherspoon kernel[973]: [    0.230000] clocksource: Switched to clocksource moxart_timer
Aug 03 15:43:25 witherspoon systemd[1]: mboxd.service: Main process exited, code=dumped, status=6/ABRT
Aug 03 15:43:22 witherspoon kernel[973]: [    0.250000] NET: Registered protocol family 2
Aug 03 15:43:25 witherspoon systemd[1]: mboxd.service: Unit entered failed state.
Aug 03 15:43:22 witherspoon kernel[973]: [    0.250000] TCP established hash table entries: 4096 (order: 2, 16384 bytes)
Aug 03 15:43:25 witherspoon systemd[1]: mboxd.service: Failed with result 'core-dump'.
Aug 03 15:43:22 witherspoon kernel[973]: [    0.250000] TCP bind hash table entries: 4096 (order: 2, 16384 bytes)
Aug 03 15:43:26 witherspoon obmc-flash-bios[1015]: libubi: error!: cannot get information about "/dev/ubi7"
Aug 03 15:43:26 witherspoon obmc-flash-bios[1015]:         error 2 (No such file or directory)
Aug 03 15:43:26 witherspoon obmc-flash-bios[1015]: ubimkvol: error!: error while probing "/dev/ubi7"
Aug 03 15:43:26 witherspoon obmc-flash-bios[1015]:           error 2 (No such file or directory)
Aug 03 15:43:25 witherspoon systemd[1]: mboxd.service: Service hold-off time over, scheduling restart.
Aug 03 15:43:22 witherspoon kernel[973]: [    0.250000] TCP: Hash tables configured (established 4096 bind 4096)
Aug 03 15:43:26 witherspoon obmc-flash-bios[1015]: mount: unknown filesystem type 'ubifs'
Aug 03 15:43:25 witherspoon systemd[1]: Stopped Phosphor MBOX Daemon.
Aug 03 15:43:22 witherspoon kernel[973]: [    0.250000] UDP hash table entries: 256 (order: 0, 4096 bytes)
Aug 03 15:43:26 witherspoon obmc-flash-bios[1015]: /usr/sbin/obmc-flash-bios: error 32
Aug 03 15:43:25 witherspoon systemd[1]: Started Phosphor MBOX Daemon.
Aug 03 15:43:22 witherspoon kernel[973]: [    0.250000] UDP-Lite hash table entries: 256 (order: 0, 4096 bytes)
Aug 03 15:43:26 witherspoon systemd[1]: obmc-flash-bios-ubipatch.service: Main process exited, code=exited, status=32/n/a
Aug 03 15:43:22 witherspoon kernel[973]: [    0.250000] NET: Registered protocol family 1
Aug 03 15:43:22 witherspoon kernel[973]: [    0.250000] Trying to unpack rootfs image as initramfs...
Aug 03 15:43:22 witherspoon kernel[973]: [    1.920000] Freeing initrd memory: 1548K
Aug 03 15:43:22 witherspoon kernel[973]: [    1.920000] workingset: timestamp_bits=30 max_order=17 bucket_order=0
Aug 03 15:43:22 witherspoon kernel[973]: [    1.920000] squashfs: version 4.0 (2009/01/31) Phillip Lougher
Aug 03 15:43:22 witherspoon kernel[973]: [    1.920000] jffs2: version 2.2. (SUMMARY)  © 2001-2006 Red Hat, Inc.
Aug 03 15:43:22 witherspoon kernel[973]: [    1.920000] Block layer SCSI generic (bsg) driver version 0.4 loaded (major 250)
Aug 03 15:43:27 witherspoon systemd[1]: Failed to start Create a ubi volume for pnor patches.
Aug 03 15:43:27 witherspoon mboxd[1030]: terminate called after throwing an instance of 'sdbusplus::xyz::openbmc_project::Common::Error::InternalFailure'
Aug 03 15:43:27 witherspoon mboxd[1030]:   what():  xyz.openbmc_project.Common.Error.InternalFailure: The operation failed internally.
Aug 03 15:43:22 witherspoon kernel[973]: [    1.920000] io scheduler noop registered
Aug 03 15:43:27 witherspoon mboxd[1030]: The operation failed internally.
Aug 03 15:43:27 witherspoon mboxd[1030]: [ 1501775007.357468086] Partition HBB not found
Aug 03 15:43:22 witherspoon kernel[973]: [    1.920000] io scheduler deadline registered
Aug 03 15:43:27 witherspoon systemd[1]: obmc-flash-bios-ubipatch.service: Unit entered failed state.
Aug 03 15:43:22 witherspoon kernel[973]: [    1.920000] io scheduler cfq registered (default)
Aug 03 15:43:27 witherspoon systemd[1]: obmc-flash-bios-ubipatch.service: Failed with result 'exit-code'.
Aug 03 15:43:22 witherspoon kernel[973]: [    2.070000] ipmi-bt-host 1e789140.ibt: Found bt bmc device
Aug 03 15:43:27 witherspoon systemd[1]: mboxd.service: Main process exited, code=dumped, status=6/ABRT
Aug 03 15:43:22 witherspoon kernel[973]: [    2.070000] ipmi-bt-host 1e789140.ibt: Using IRQ 22
Aug 03 15:43:27 witherspoon systemd[1]: mboxd.service: Unit entered failed state.
Aug 03 15:43:22 witherspoon kernel[973]: [    2.070000] Serial: 8250/16550 driver, 6 ports, IRQ sharing enabled
Aug 03 15:43:27 witherspoon systemd[1]: mboxd.service: Failed with result 'core-dump'.
Aug 03 15:43:22 witherspoon kernel[973]: [    2.070000] 1e787000.vuart: ttyS0 at MMIO 0x1e787000 (irq = 22, base_baud = 1500000) is a 16550A
Aug 03 15:43:27 witherspoon systemd[1]: Started Phosphor LED Group Management Daemon.
Aug 03 15:43:22 witherspoon kernel[973]: [    2.070000] 1e783000.serial: ttyS1 at MMIO 0x1e783000 (irq = 23, base_baud = 1500000) is a 16550A
Aug 03 15:43:27 witherspoon systemd[1]: mboxd.service: Service hold-off time over, scheduling restart.
Aug 03 15:43:29 witherspoon mboxd[1036]: terminate called after throwing an instance of 'sdbusplus::xyz::openbmc_project::Common::Error::InternalFailure'
Aug 03 15:43:29 witherspoon mboxd[1036]:   what():  xyz.openbmc_project.Common.Error.InternalFailure: The operation failed internally.
Aug 03 15:43:22 witherspoon kernel[973]: [    2.070000] 1e78d000.serial: ttyS2 at MMIO 0x1e78d000 (irq = 24, base_baud = 1500000) is a 16550A
Aug 03 15:43:27 witherspoon systemd[1]: Stopped Phosphor MBOX Daemon.
Aug 03 15:43:22 witherspoon kernel[973]: [    2.070000] 1e784000.serial: ttyS4 at MMIO 0x1e784000 (irq = 25, base_baud = 1500000) is a 16550A
Aug 03 15:43:27 witherspoon systemd[1]: Started Phosphor MBOX Daemon.
Aug 03 15:43:22 witherspoon kernel[973]: [    2.430000] console [ttyS4] enabled
Aug 03 15:43:28 witherspoon mboxd[1036]: The operation failed internally.
Aug 03 15:43:22 witherspoon kernel[973]: [    2.610000] timeriomem_rng 1e6e2078.hwrng: 32bits from 0xf00e2078 @ 1us
Aug 03 15:43:22 witherspoon kernel[973]: [    2.620000] random: fast init done
Aug 03 15:43:22 witherspoon kernel[973]: [    2.650000] random: crng init done
Aug 03 15:43:22 witherspoon kernel[973]: [    2.670000] brd: module loaded
Aug 03 15:43:22 witherspoon kernel[973]: [    2.700000] loop: module loaded
Aug 03 15:43:22 witherspoon kernel[973]: [    2.700000] aspeed-lpc-ctrl 1e789080.lpc-ctrl: Loaded at 0x98000000 (0x04000000)
Aug 03 15:43:22 witherspoon avahi-daemon[971]: Successfully called chroot().
Aug 03 15:43:22 witherspoon avahi-daemon[971]: Successfully dropped remaining capabilities.
Aug 03 15:43:22 witherspoon avahi-daemon[971]: Loading service file /services/obmc_console.service.
Aug 03 15:43:22 witherspoon avahi-daemon[971]: Loading service file /services/phosphor_rest.service.
Aug 03 15:43:22 witherspoon avahi-daemon[971]: Loading service file /services/sftp-ssh.service.
Aug 03 15:43:22 witherspoon avahi-daemon[971]: Loading service file /services/sftp.service.
Aug 03 15:43:22 witherspoon avahi-daemon[971]: Loading service file /services/ssh.service.
Aug 03 15:43:22 witherspoon kernel[973]: [    2.720000] aspeed-smc 1e620000.flash-controller: Using IRQ 18
Aug 03 15:43:22 witherspoon kernel[973]: [    2.720000] aspeed-smc 1e620000.flash-controller: DMA support disabled.
Aug 03 15:43:22 witherspoon kernel[973]: [    2.720000] aspeed-smc 1e620000.flash-controller: mx25l25635e (32768 Kbytes)
Aug 03 15:43:22 witherspoon kernel[973]: [    2.730000] aspeed-smc 1e620000.flash-controller: CE0 window [ 0x20000000 - 0x22000000 ] 32MB
Aug 03 15:43:22 witherspoon kernel[973]: [    2.730000] aspeed-smc 1e620000.flash-controller: CE1 window [ 0x22000000 - 0x2a000000 ] 128MB
Aug 03 15:43:22 witherspoon kernel[973]: [    2.730000] 5 ofpart partitions found on MTD device bmc
Aug 03 15:43:22 witherspoon kernel[973]: [    2.760000] Creating 5 MTD partitions on "bmc":
Aug 03 15:43:22 witherspoon kernel[973]: [    2.770000] 0x000000000000-0x000000060000 : "u-boot"
Aug 03 15:43:22 witherspoon kernel[973]: [    2.770000] 0x000000060000-0x000000080000 : "u-boot-env"
Aug 03 15:43:22 witherspoon kernel[973]: [    2.790000] 0x000000080000-0x0000004c0000 : "kernel"
Aug 03 15:43:22 witherspoon kernel[973]: [    2.800000] 0x0000004c0000-0x000001c00000 : "rofs"
Aug 03 15:43:22 witherspoon kernel[973]: [    2.800000] 0x000001c00000-0x000002000000 : "rwfs"
Aug 03 15:43:22 witherspoon kernel[973]: [    2.820000] aspeed-smc 1e620000.flash-controller: mx25l25635e (32768 Kbytes)
Aug 03 15:43:22 witherspoon kernel[973]: [    2.820000] aspeed-smc 1e620000.flash-controller: CE1 window [ 0x22000000 - 0x24000000 ] 32MB
Aug 03 15:43:22 witherspoon kernel[973]: [    2.830000] aspeed-smc 1e620000.flash-controller: CE2 window [ 0x24000000 - 0x2c000000 ] 128MB
Aug 03 15:43:22 witherspoon kernel[973]: [    2.830000] aspeed-smc 1e630000.flash-controller: mx66l1g45g (131072 Kbytes)
Aug 03 15:43:22 witherspoon kernel[973]: [    2.850000] aspeed-smc 1e630000.flash-controller: CE0 window resized to 120MB (AST2500 HW quirk)
Aug 03 15:43:22 witherspoon kernel[973]: [    2.850000] aspeed-smc 1e630000.flash-controller: CE0 window [ 0x30000000 - 0x37800000 ] 120MB
Aug 03 15:43:22 witherspoon kernel[973]: [    2.850000] aspeed-smc 1e630000.flash-controller: CE0 window too small for chip 128MB
Aug 03 15:43:22 witherspoon kernel[973]: [    2.880000] aspeed-smc 1e630000.flash-controller: CE1 window [ 0x37800000 - 0x38000000 ] 8MB
Aug 03 15:43:22 witherspoon kernel[973]: [    3.600000] libphy: Fixed MDIO Bus: probed
Aug 03 15:43:30 witherspoon mboxd[1036]: [ 1501775008.142826349] Partition HBB not found
Aug 03 15:43:29 witherspoon systemd[1]: mboxd.service: Main process exited, code=dumped, status=6/ABRT
Aug 03 15:43:22 witherspoon kernel[973]: [    3.600000] ftgmac100 1e660000.ethernet: Read MAC address 70:e2:84:14:24:20 from chip
Aug 03 15:43:30 witherspoon mboxd[1040]: terminate called after throwing an instance of 'sdbusplus::xyz::openbmc_project::Common::Error::InternalFailure'
Aug 03 15:43:30 witherspoon mboxd[1040]:   what():  xyz.openbmc_project.Common.Error.InternalFailure: The operation failed internally.
Aug 03 15:43:29 witherspoon systemd[1]: mboxd.service: Unit entered failed state.
Aug 03 15:43:22 witherspoon kernel[973]: [    3.600000] ftgmac100 1e660000.ethernet: Using NCSI interface
Aug 03 15:43:30 witherspoon mboxd[1040]: [ 1501775010.356435884] Partition HBB not found
Aug 03 15:43:29 witherspoon systemd[1]: mboxd.service: Failed with result 'core-dump'.
Aug 03 15:43:22 witherspoon kernel[973]: [    3.600000] ftgmac100 1e660000.ethernet eth0: irq 20, mapped at f0060000
Aug 03 15:43:30 witherspoon systemd[1]: mboxd.service: Service hold-off time over, scheduling restart.
Aug 03 15:43:22 witherspoon kernel[973]: [    3.690000] ehci_hcd: USB 2.0 'Enhanced' Host Controller (EHCI) Driver
Aug 03 15:43:30 witherspoon systemd[1]: Stopped Phosphor MBOX Daemon.
Aug 03 15:43:22 witherspoon kernel[973]: [    3.690000] ehci-platform: EHCI generic platform driver
Aug 03 15:43:30 witherspoon systemd[1]: Started Phosphor MBOX Daemon.
Aug 03 15:43:22 witherspoon kernel[973]: [    3.850000]  fsi0: can't read slave 00:00 -5
Aug 03 15:43:30 witherspoon mboxd[1040]: The operation failed internally.
Aug 03 15:43:22 witherspoon kernel[973]: [    3.850000] i2c /dev entries driver
Aug 03 15:43:30 witherspoon systemd[1]: mboxd.service: Main process exited, code=dumped, status=6/ABRT
Aug 03 15:43:22 witherspoon kernel[973]: [    3.850000] aspeed-i2c-bus 1e78a0c0.i2c-bus: i2c bus 2 registered, irq 26
Aug 03 15:43:30 witherspoon systemd[1]: mboxd.service: Unit entered failed state.
Aug 03 15:43:22 witherspoon kernel[973]: [    3.850000] aspeed-i2c-bus 1e78a100.i2c-bus: i2c bus 3 registered, irq 27
Aug 03 15:43:30 witherspoon systemd[1]: mboxd.service: Failed with result 'core-dump'.
Aug 03 15:43:22 witherspoon kernel[973]: [    3.850000] aspeed-i2c-bus 1e78a140.i2c-bus: i2c bus 4 registered, irq 28
Aug 03 15:43:30 witherspoon systemd[1]: mboxd.service: Service hold-off time over, scheduling restart.
Aug 03 15:43:22 witherspoon kernel[973]: [    3.850000] aspeed-i2c-bus 1e78a180.i2c-bus: i2c bus 5 registered, irq 29
Aug 03 15:43:30 witherspoon systemd[1]: Stopped Phosphor MBOX Daemon.
Aug 03 15:43:22 witherspoon kernel[973]: [    3.850000] aspeed-i2c-bus 1e78a380.i2c-bus: i2c bus 9 registered, irq 30
Aug 03 15:43:30 witherspoon systemd[1]: Started Phosphor MBOX Daemon.
Aug 03 15:43:22 witherspoon kernel[973]: [    3.850000] aspeed-i2c-bus 1e78a3c0.i2c-bus: i2c bus 10 registered, irq 31
Aug 03 15:43:22 witherspoon kernel[973]: [    3.850000] rtc-rv8803 11-0032: Voltage low, temperature compensation stopped.
Aug 03 15:43:22 witherspoon kernel[973]: [    3.960000] rtc-rv8803 11-0032: rtc core: registered rx8900 as rtc0
Aug 03 15:43:22 witherspoon kernel[973]: [    3.970000] at24 11-0051: 8192 byte 24c64 EEPROM, writable, 1 bytes/write
Aug 03 15:43:22 witherspoon kernel[973]: [    3.970000] aspeed-i2c-bus 1e78a400.i2c-bus: i2c bus 11 registered, irq 32
Aug 03 15:43:22 witherspoon kernel[973]: [    3.970000] aspeed-i2c-bus 1e78a440.i2c-bus: i2c bus 12 registered, irq 33
Aug 03 15:43:22 witherspoon kernel[973]: [    3.970000] aspeed-i2c-bus 1e78a480.i2c-bus: i2c bus 13 registered, irq 34
Aug 03 15:43:22 witherspoon kernel[973]: [    3.970000] Driver for 1-wire Dallas network protocol.
Aug 03 15:43:22 witherspoon kernel[973]: [    3.970000] lm75 9-004a: hwmon0: sensor 'tmp275'
Aug 03 15:43:22 witherspoon kernel[973]: [    4.780000] ucd9000 11-0064: Device ID UCD90160|2.3.4.0000|110603
Aug 03 15:43:22 witherspoon kernel[973]: [    5.110000] leds-pca955x 3-0060: leds-pca955x: Using pca9552 16-bit LED driver at slave address 0x60
Aug 03 15:43:22 witherspoon kernel[973]: [    5.130000] leds-pca955x 3-0060: gpios 264...279
Aug 03 15:43:22 witherspoon kernel[973]: [    5.130000] leds-pca955x 11-0060: leds-pca955x: Using pca9552 16-bit LED driver at slave address 0x60
Aug 03 15:43:22 witherspoon kernel[973]: [    5.150000] leds-pca955x 11-0060: gpios 248...263
Aug 03 15:43:22 witherspoon kernel[973]: [    5.150000] usbcore: registered new interface driver usbhid
Aug 03 15:43:22 witherspoon kernel[973]: [    5.160000] usbhid: USB HID core driver
Aug 03 15:43:22 witherspoon kernel[973]: [    5.210000] NET: Registered protocol family 10
Aug 03 15:43:22 witherspoon kernel[973]: [    5.210000] Segment Routing with IPv6
Aug 03 15:43:22 witherspoon kernel[973]: [    5.220000] NET: Registered protocol family 17
Aug 03 15:43:22 witherspoon kernel[973]: [    5.220000] 8021q: 802.1Q VLAN Support v1.8
Aug 03 15:43:22 witherspoon kernel[973]: [    5.250000] console [netcon0] enabled
Aug 03 15:43:22 witherspoon kernel[973]: [    5.250000] netconsole: network logging started
Aug 03 15:43:31 witherspoon mboxd[1043]: The operation failed internally.
Aug 03 15:43:22 witherspoon kernel[973]: [    5.260000] input: gpio-keys as /devices/platform/gpio-keys/input/input0
Aug 03 15:43:33 witherspoon mboxd[1043]: terminate called after throwing an instance of 'sdbusplus::xyz::openbmc_project::Common::Error::InternalFailure'
Aug 03 15:43:33 witherspoon mboxd[1043]:   what():  xyz.openbmc_project.Common.Error.InternalFailure: The operation failed internally.
Aug 03 15:43:31 witherspoon systemd[1]: mboxd.service: Main process exited, code=dumped, status=6/ABRT
Aug 03 15:43:22 witherspoon kernel[973]: [    5.270000] rtc-rv8803 11-0032: setting system clock to 2016-04-18 12:45:57 UTC (1460983557)
Aug 03 15:43:33 witherspoon mboxd[1043]: [ 1501775011.254229622] Partition HBB not found
Aug 03 15:43:31 witherspoon systemd[1]: mboxd.service: Unit entered failed state.
Aug 03 15:43:22 witherspoon kernel[973]: [    5.280000] Freeing unused kernel memory: 284K
Aug 03 15:43:31 witherspoon systemd[1]: mboxd.service: Failed with result 'core-dump'.
Aug 03 15:43:22 witherspoon kernel[973]: [    5.280000] This architecture does not have kernel memory protection.
Aug 03 15:43:31 witherspoon systemd[1]: mboxd.service: Service hold-off time over, scheduling restart.
Aug 03 15:43:22 witherspoon kernel[973]: [    6.960000] jffs2: notice: (532) jffs2_build_xattr_subsystem: complete building xattr subsystem, 0 of xdatum (0 unchecked, 0 orphan) and 0 of xref (0 dead, 0 orphan) found.
Aug 03 15:43:31 witherspoon systemd[1]: Stopped Phosphor MBOX Daemon.
Aug 03 15:43:22 witherspoon kernel[973]: [    9.070000] systemd[1]: System time before build time, advancing clock.
Aug 03 15:43:31 witherspoon systemd[1]: mboxd.service: Start request repeated too quickly.
Aug 03 15:43:22 witherspoon kernel[973]: [    9.070000] systemd[1]: Failed to insert module 'autofs4': No such file or directory
Aug 03 15:43:31 witherspoon systemd[1]: Failed to start Phosphor MBOX Daemon.
Aug 03 15:43:22 witherspoon kernel[973]: [    9.070000] systemd[1]: systemd 232 running in system mode. (+PAM -AUDIT -SELINUX -IMA -APPARMOR -SMACK +SYSVINIT -UTMP -LIBCRYPTSETUP -GCRYPT -GNUTLS +ACL +XZ -LZ4 -SECCOMP +BLKID -ELFUTILS +KMOD -IDN)
Aug 03 15:43:31 witherspoon systemd[1]: mboxd.service: Unit entered failed state.
Aug 03 15:43:22 witherspoon kernel[973]: [    9.070000] systemd[1]: Detected architecture arm.
Aug 03 15:43:31 witherspoon systemd[1]: mboxd.service: Failed with result 'core-dump'.
Aug 03 15:43:22 witherspoon kernel[973]: [    9.490000] systemd[1]: Set hostname to <witherspoon>.
Aug 03 15:43:32 witherspoon systemd[1]: Created slice system-dropbear.slice.
Aug 03 15:43:22 witherspoon kernel[973]: [   11.070000] systemd[1]: Started Forward Password Requests to Wall Directory Watch.
Aug 03 15:43:32 witherspoon systemd[1]: Started SSH Per-Connection Server (9.41.165.94:39356).
Aug 03 15:43:22 witherspoon kernel[973]: [   11.160000] systemd[1]: Started Dispatch Password Requests to Console Directory Watch.
Aug 03 15:43:22 witherspoon kernel[973]: [   11.200000] systemd[1]: Listening on Journal Socket.
Aug 03 15:43:22 witherspoon kernel[973]: [   11.240000] systemd[1]: Listening on udev Control Socket.
Aug 03 15:43:22 witherspoon kernel[973]: [   11.280000] systemd[1]: Listening on Journal Socket (/dev/log).
Aug 03 15:43:22 witherspoon kernel[973]: [   11.320000] systemd[1]: Reached target Remote File Systems.
Aug 03 15:43:22 witherspoon kernel[973]: [   11.360000] systemd[1]: Reached target Swap.
Aug 03 15:43:22 witherspoon kernel[973]: [   14.790000] systemd-journald[558]: Received request to flush runtime journal from PID 1
Aug 03 15:43:22 witherspoon kernel[973]: [   34.280000] ubi7: default fastmap pool size: 100
Aug 03 15:43:22 witherspoon kernel[973]: [   34.280000] ubi7: default fastmap WL pool size: 50
Aug 03 15:43:22 witherspoon kernel[973]: [   34.280000] ubi7: attaching mtd7
Aug 03 15:43:22 witherspoon kernel[973]: [   34.280000] ubi7: scanning is finished
Aug 03 15:43:22 witherspoon kernel[973]: [   34.280000] ubi7 error: ubi_read_volume_table: the layout volume was not found
Aug 03 15:43:22 witherspoon kernel[973]: [   34.280000] ubi7 error: ubi_attach_mtd_dev: failed to attach mtd7, error -22
Aug 03 15:43:23 witherspoon avahi-daemon[971]: Joining mDNS multicast group on interface eth0.IPv6 with address fe80::72e2:84ff:fe14:2420.
Aug 03 15:43:23 witherspoon avahi-daemon[971]: New relevant interface eth0.IPv6 for mDNS.
Aug 03 15:43:23 witherspoon avahi-daemon[971]: Joining mDNS multicast group on interface eth0.IPv4 with address 9.41.166.169.
Aug 03 15:43:23 witherspoon avahi-daemon[971]: New relevant interface eth0.IPv4 for mDNS.
Aug 03 15:43:23 witherspoon avahi-daemon[971]: Network interface enumeration completed.
Aug 03 15:43:23 witherspoon avahi-daemon[971]: Registering new address record for fe80::72e2:84ff:fe14:2420 on eth0.*.
Aug 03 15:43:23 witherspoon avahi-daemon[971]: Registering new address record for 9.41.166.169 on eth0.IPv4.
Aug 03 15:43:24 witherspoon avahi-daemon[971]: Server startup complete. Host name is witherspoon.local. Local service cookie is 3626035816.
Aug 03 15:43:25 witherspoon avahi-daemon[971]: Service "witherspoon" (/services/ssh.service) successfully established.
Aug 03 15:43:25 witherspoon avahi-daemon[971]: Service "sftp" (/services/sftp.service) successfully established.
Aug 03 15:43:25 witherspoon avahi-daemon[971]: Service "witherspoon" (/services/sftp-ssh.service) successfully established.
Aug 03 15:43:25 witherspoon avahi-daemon[971]: Service "phosphor_rest" (/services/phosphor_rest.service) successfully established.
Aug 03 15:43:25 witherspoon avahi-daemon[971]: Service "obmc_console" (/services/obmc_console.service) successfully established.
Aug 03 15:43:25 witherspoon kernel[973]: [   38.640000] ftgmac100 1e660000.ethernet eth0: NCSI interface up
Aug 03 15:43:32 witherspoon dropbear[1046]: Failed loading /etc/dropbear/dropbear_dss_host_key
Aug 03 15:43:32 witherspoon dropbear[1046]: Failed loading /etc/dropbear/dropbear_ecdsa_host_key
Aug 03 15:43:32 witherspoon dropbear[1046]: Child connection from ::ffff:9.41.165.94:39356
Aug 03 15:43:36 witherspoon systemd-networkd[969]: eth0: Configured
Aug 03 15:43:36 witherspoon systemd-timesyncd[914]: Network configuration changed, trying to establish connection.
Aug 03 15:43:38 witherspoon dropbear[1046]: pam_unix(dropbear:account): account root has password changed in future
Aug 03 15:43:38 witherspoon dropbear[1046]: PAM password auth succeeded for 'root' from ::ffff:9.41.165.94:39356
Aug 03 15:43:38 witherspoon dropbear[1047]: lastlog_perform_login: Couldn't stat /var/log/lastlog: No such file or directory
Aug 03 15:43:38 witherspoon dropbear[1047]: lastlog_openseek: /var/log/lastlog is not a file or directory!
Aug 03 15:43:38 witherspoon systemd[1]: Started Phosphor Chassis0 Control.
Aug 03 15:43:38 witherspoon chassis_control.py[983]: Running ChassisControlService
Aug 03 15:43:40 witherspoon systemd[1]: Started Phosphor Download Manager.
Aug 03 15:43:40 witherspoon download_manager.py[963]: Running Download Manager
Aug 03 15:43:41 witherspoon sensor_manager2.py[979]: Setting boot count to 3
Aug 03 15:43:41 witherspoon systemd[1]: Started Phosphor Sensor Manager.
Aug 03 15:43:41 witherspoon sensor_manager2.py[979]: Starting sensor manager
Aug 03 15:43:44 witherspoon phosphor-mapper[972]: ObjectMapper startup complete.  Discovery in progress...
Aug 03 15:43:44 witherspoon avahi-daemon[976]: ../../avahi-0.6.32/avahi-daemon/chroot.c: open() failed: No such file or directory
Aug 03 15:43:44 witherspoon avahi-daemon[971]: Failed to open /usr/share/dbus-1/interfaces/org.freedesktop.Avahi.Server.xml: Invalid argument
Aug 03 15:43:44 witherspoon avahi-daemon[971]: Failed to load introspection data.
Aug 03 15:43:45 witherspoon obmc-phosphor-userd[990]: Started
Aug 03 15:43:45 witherspoon systemd[1]: Started Phosphor User Manager.
Aug 03 15:43:47 witherspoon inventory_items.py[959]: Loading from cache: /var/cache/obmc/org.openbmc.inventory.system.chassis.motherboard.apss@org.openbmc.InventoryItem.props
Aug 03 15:43:47 witherspoon inventory_items.py[959]: Loading from cache: /var/cache/obmc/org.openbmc.inventory.system.chassis.motherboard@org.openbmc.InventoryItem.props
Aug 03 15:43:47 witherspoon inventory_items.py[959]: Loading from cache: /var/cache/obmc/org.openbmc.inventory.system.chassis.motherboard.refclock@org.openbmc.InventoryItem.props
Aug 03 15:43:47 witherspoon inventory_items.py[959]: Loading from cache: /var/cache/obmc/org.openbmc.inventory.system.chassis.motherboard.cpu1.core7@org.openbmc.InventoryItem.props
Aug 03 15:43:47 witherspoon inventory_items.py[959]: Loading from cache: /var/cache/obmc/org.openbmc.inventory.system.chassis.motherboard.cpu1.core4@org.openbmc.InventoryItem.props
Aug 03 15:43:47 witherspoon inventory_items.py[959]: Loading from cache: /var/cache/obmc/org.openbmc.inventory.system.chassis.motherboard.cpu1.core1@org.openbmc.InventoryItem.props
Aug 03 15:43:47 witherspoon inventory_items.py[959]: Loading from cache: /var/cache/obmc/org.openbmc.inventory.system.chassis.motherboard.cpu1.core10@org.openbmc.InventoryItem.props
Aug 03 15:43:47 witherspoon inventory_items.py[959]: Loading from cache: /var/cache/obmc/org.openbmc.inventory.system.chassis.motherboard.todclock@org.openbmc.InventoryItem.props
Aug 03 15:43:47 witherspoon inventory_items.py[959]: Loading from cache: /var/cache/obmc/org.openbmc.inventory.system.chassis.motherboard.cpu1@org.openbmc.InventoryItem.props
Aug 03 15:43:47 witherspoon inventory_items.py[959]: Loading from cache: /var/cache/obmc/org.openbmc.inventory.system.chassis.motherboard.bmc@org.openbmc.InventoryItem.props
Aug 03 15:43:47 witherspoon inventory_items.py[959]: Caching: /org/openbmc/inventory/system/chassis/motherboard/bmc
Aug 03 15:43:47 witherspoon inventory_items.py[959]: Loading from cache: /var/cache/obmc/org.openbmc.inventory.system.chassis.motherboard.cpu0.core1@org.openbmc.InventoryItem.props
Aug 03 15:43:47 witherspoon inventory_items.py[959]: Loading from cache: /var/cache/obmc/org.openbmc.inventory.system.chassis.motherboard.cpu0.core7@org.openbmc.InventoryItem.props
Aug 03 15:43:47 witherspoon inventory_items.py[959]: Loading from cache: /var/cache/obmc/org.openbmc.inventory.system.chassis.motherboard.cpu0.core4@org.openbmc.InventoryItem.props
Aug 03 15:43:47 witherspoon inventory_items.py[959]: Loading from cache: /var/cache/obmc/org.openbmc.inventory.system.chassis.motherboard.pcieclock@org.openbmc.InventoryItem.props
Aug 03 15:43:47 witherspoon inventory_items.py[959]: Loading from cache: /var/cache/obmc/org.openbmc.inventory.system.chassis.motherboard.cpu0.core10@org.openbmc.InventoryItem.props
Aug 03 15:43:48 witherspoon inventory_items.py[959]: Running Inventory Manager
Aug 03 15:43:48 witherspoon netman.py[977]: Started
Aug 03 15:43:48 witherspoon systemd[1]: Started Phosphor Inventory Manager.
Aug 03 15:43:48 witherspoon systemd[1]: Started Phosphor Network Manager.
Aug 03 15:43:57 witherspoon phosphor-mapper[972]: ObjectMapper discovery complete
Aug 03 15:43:57 witherspoon systemd[1]: Started Phosphor DBus Service Discovery Manager.
Aug 03 15:43:58 witherspoon systemd[1]: Started Phosphor Hwmon Poller.
Aug 03 15:43:58 witherspoon systemd[1]: Started Phosphor Hwmon Poller.
Aug 03 15:43:58 witherspoon systemd[1]: Started Phosphor Hwmon Poller.
Aug 03 15:43:58 witherspoon systemd[1]: Reached target Phosphor Object Mapper.
Aug 03 15:43:58 witherspoon systemd[1]: Starting Wait for /org/openbmc/control/bmc0...
Aug 03 15:43:58 witherspoon systemd[1]: Starting Phoshpor System Manager...
Aug 03 15:43:58 witherspoon systemd[1]: Starting Wait for /xyz/openbmc_project/state/host0...
Aug 03 15:43:58 witherspoon systemd[1]: Starting Wait for /org/openbmc/NetworkManager/Interface...
Aug 03 15:43:58 witherspoon systemd[1]: Starting Wait for /xyz/openbmc_project/inventory...
Aug 03 15:43:58 witherspoon systemd[1]: Starting Wait for /xyz/openbmc_project/control/host0/boot_mode...
Aug 03 15:43:58 witherspoon systemd[1]: Starting Wait for /xyz/openbmc_project/time/sync_method...
Aug 03 15:43:58 witherspoon systemd[1]: Starting Phosphor Settings Manager...
Aug 03 15:43:58 witherspoon systemd[1]: Starting Wait for /org/openbmc/control/flash/bios...
Aug 03 15:43:58 witherspoon systemd[1]: Starting Wait for /xyz/openbmc_project/state/chassis0...
Aug 03 15:43:58 witherspoon systemd[1]: Starting Wait for /xyz/openbmc_project/control/host0/auto_reboot...
Aug 03 15:43:58 witherspoon systemd[1]: Starting Wait for /xyz/openbmc_project/control/host0/power_restore_policy...
Aug 03 15:43:58 witherspoon systemd[1]: Starting Wait for /org/openbmc/managers/System...
Aug 03 15:43:58 witherspoon systemd[1]: Reached target Webserver (pre).
Aug 03 15:43:58 witherspoon systemd[1]: Started Phosphor Webserver.
Aug 03 15:43:58 witherspoon systemd[1]: Started Phosphor DBus Monitor.
Aug 03 15:43:58 witherspoon systemd[1]: Starting Wait for /xyz/openbmc_project/led/groups...
Aug 03 15:43:58 witherspoon systemd[1]: Starting Wait for /org/openbmc/control/power0...
Aug 03 15:43:58 witherspoon systemd[1]: Starting Wait for /xyz/openbmc_project/time/owner...
Aug 03 15:43:58 witherspoon systemd[1]: Starting Phosphor Network Manager...
Aug 03 15:43:58 witherspoon systemd[1]: Starting Wait for /xyz/openbmc_project/control/host0...
Aug 03 15:43:58 witherspoon systemd[1]: Starting Wait for /org/openbmc/managers/Download...
Aug 03 15:43:58 witherspoon systemd[1]: Starting Wait for /xyz/openbmc_project/led/groups/bmc_booted...
Aug 03 15:43:58 witherspoon systemd[1]: Starting Wait for /xyz/openbmc_project/control/host0/boot_source...
Aug 03 15:43:58 witherspoon systemd[1]: Starting Wait for /xyz/openbmc_project/control/host0/restriction_mode...
Aug 03 15:43:58 witherspoon systemd[1]: Started Phosphor Hwmon Poller.
Aug 03 15:43:58 witherspoon systemd[1]: Started Phosphor Hwmon Poller.
Aug 03 15:43:58 witherspoon systemd[1]: Started Phosphor Hwmon Poller.
Aug 03 15:44:03 witherspoon systemd[1]: Started Wait for /xyz/openbmc_project/control/host0/restriction_mode.
Aug 03 15:44:03 witherspoon systemd[1]: Started Wait for /xyz/openbmc_project/control/host0/boot_source.
Aug 03 15:44:03 witherspoon phosphor-network-manager[1079]: ConfigParser: Section not found
Aug 03 15:44:03 witherspoon phosphor-network-manager[1079]: The operation failed internally.
Aug 03 15:44:04 witherspoon systemd[1]: Started Wait for /xyz/openbmc_project/led/groups/bmc_booted.
Aug 03 15:44:05 witherspoon systemd[1]: Started Wait for /xyz/openbmc_project/inventory.
Aug 03 15:44:05 witherspoon systemd[1]: Started Phosphor GPIO 1 Presence.
Aug 03 15:44:05 witherspoon systemd[1]: Starting Read OpenPOWER-format VPD from EEPROM...
Aug 03 15:44:06 witherspoon systemd[1]: Started Phosphor GPIO 0 Presence.
Aug 03 15:44:06 witherspoon systemd[1]: Started Phosphor Cooling Type.
Aug 03 15:44:06 witherspoon systemd[1]: Starting OpenPOWER OCC controller...
Aug 03 15:44:06 witherspoon systemd[1]: Started Wait for /org/openbmc/control/bmc0.
Aug 03 15:44:06 witherspoon systemd[1]: Started Wait for /org/openbmc/NetworkManager/Interface.
Aug 03 15:44:06 witherspoon systemd[1]: Started Wait for /xyz/openbmc_project/control/host0/boot_mode.
Aug 03 15:44:06 witherspoon systemd[1]: Started Wait for /xyz/openbmc_project/control/host0/auto_reboot.
Aug 03 15:44:06 witherspoon systemd[1]: Started Wait for /xyz/openbmc_project/control/host0/power_restore_policy.
Aug 03 15:44:06 witherspoon systemd[1]: Started Wait for /xyz/openbmc_project/led/groups.
Aug 03 15:44:06 witherspoon systemd[1]: Started Wait for /xyz/openbmc_project/time/owner.
Aug 03 15:44:07 witherspoon phosphor-network-manager[1079]: ConfigParser: Section not found
Aug 03 15:44:07 witherspoon phosphor-network-manager[1079]: The operation failed internally.
Aug 03 15:44:07 witherspoon phosphor-network-manager[1079]: ConfigParser: Key not found
Aug 03 15:44:07 witherspoon phosphor-network-manager[1079]: The operation failed internally.
Aug 03 15:44:07 witherspoon phosphor-gpio-presence[1092]: Updating inventory present property
Aug 03 15:44:07 witherspoon phosphor-gpio-presence[1104]: Updating inventory present property
Aug 03 15:44:07 witherspoon systemd[1]: Started Wait for /org/openbmc/managers/Download.
Aug 03 15:44:07 witherspoon systemd[1]: Starting Phosphor BIOS Code Update...
Aug 03 15:44:07 witherspoon systemd[1]: Started FRU Fault monitor service.
Aug 03 15:44:08 witherspoon systemd[1]: Started Phosphor DNS Settings Cache Manager.
Aug 03 15:44:08 witherspoon systemd[1]: Starting Phosphor BMC Code Update...
Aug 03 15:44:09 witherspoon systemd[1]: Started Phosphor BIOS Code Update.
Aug 03 15:44:14 witherspoon systemd[1]: Started Wait for /xyz/openbmc_project/time/sync_method.
Aug 03 15:44:14 witherspoon system_manager.py[1062]: Running System State: BASE_APPS
Aug 03 15:44:14 witherspoon system_manager.py[1062]: SystemManager Init Done
Aug 03 15:44:15 witherspoon system_manager.py[1062]: Running SystemManager
Aug 03 15:44:15 witherspoon systemd[1]: Started Phoshpor System Manager.
Aug 03 15:44:16 witherspoon dbus[968]: [system] Activating via systemd: service name='org.freedesktop.journal1' unit='dbus-org.freedesktop.journal1.service'
Aug 03 15:44:16 witherspoon systemd[1]: Starting Journal Dbus Service...
Aug 03 15:44:16 witherspoon systemd[1]: Started OpenPOWER OCC controller.
Aug 03 15:44:16 witherspoon dbus[968]: [system] Successfully activated service 'org.freedesktop.journal1'
Aug 03 15:44:16 witherspoon systemd[1]: Started Journal Dbus Service.
Aug 03 15:44:16 witherspoon phosphor-log-manager[994]: Failed to find metadata
Aug 03 15:44:16 witherspoon phosphor-fru-fault-monitor[1108]: /xyz/openbmc_project/logging/entry/1
Aug 03 15:44:17 witherspoon system_manager.py[1062]: SystemManager Goto System State: BMC_STARTING
Aug 03 15:44:17 witherspoon system_manager.py[1062]: Running System State: BMC_STARTING
Aug 03 15:44:18 witherspoon dbus[968]: [system] Activating via systemd: service name='org.freedesktop.hostname1' unit='dbus-org.freedesktop.hostname1.service'
Aug 03 15:44:18 witherspoon systemd[1]: Starting Hostname Service...
Aug 03 15:44:18 witherspoon settings_manager.py[1068]: Running HostSettingsService
Aug 03 15:44:18 witherspoon systemd[1]: Started Phosphor Settings Manager.
Aug 03 15:44:18 witherspoon systemd[1]: Starting Wait for /org/openbmc/settings/host0...
Aug 03 15:44:19 witherspoon bmc_update.py[1110]: Running Bmc Flash Control
Aug 03 15:44:19 witherspoon systemd[1]: Started Phosphor BMC Code Update.
Aug 03 15:44:19 witherspoon systemd[1]: Started Read OpenPOWER-format VPD from EEPROM.
Aug 03 15:44:20 witherspoon dbus[968]: [system] Successfully activated service 'org.freedesktop.hostname1'
Aug 03 15:44:20 witherspoon systemd[1]: Started Hostname Service.
Aug 03 15:44:20 witherspoon systemd[1]: Started Phosphor Network Manager.
Aug 03 15:44:28 witherspoon systemd[1]: Started Wait for /org/openbmc/control/flash/bios.
Aug 03 15:44:28 witherspoon systemd[1]: Started Initialize BIOS Flash.
Aug 03 15:44:28 witherspoon systemd[1]: Started Wait for /org/openbmc/managers/System.
Aug 03 15:44:28 witherspoon systemd[1]: Starting Phosphor Power Button0...
Aug 03 15:44:28 witherspoon systemd[1]: Starting Phosphor Reset Button0...
Aug 03 15:44:28 witherspoon systemd[1]: Starting Phosphor Chassis State Manager...
Aug 03 15:44:28 witherspoon systemd[1]: Starting Phosphor Power0 Control...
Aug 03 15:44:29 witherspoon systemd[1]: Starting Phosphor BMC State Manager...
Aug 03 15:44:29 witherspoon systemd[1]: Starting Phosphor Host State Manager...
Aug 03 15:44:30 witherspoon phosphor-chassis-state-manager[1126]: Initial Chassis State will be Off
Aug 03 15:44:30 witherspoon systemd[1]: Started Phosphor Chassis State Manager.
Aug 03 15:44:30 witherspoon systemd[1]: Started Wait for /org/openbmc/settings/host0.
Aug 03 15:44:30 witherspoon systemd[1]: Started Phosphor Inband IPMI.
Aug 03 15:44:30 witherspoon phosphor-bmc-state-manager[1135]: Setting the BMCState field
Aug 03 15:44:30 witherspoon phosphor-bmc-state-manager[1135]: Setting the BMCState field
Aug 03 15:44:30 witherspoon systemd[1]: Started Phosphor BMC State Manager.
Aug 03 15:44:31 witherspoon button_power.exe[1124]: GPIO Lookup:  POWER_BUTTON = 347,both
Aug 03 15:44:31 witherspoon button_reset.exe[1125]: GPIO Lookup:  RESET_BUTTON = 353,both
Aug 03 15:44:31 witherspoon systemd[1]: Started Phosphor Power Button0.
Aug 03 15:44:31 witherspoon systemd[1]: Started Phosphor Reset Button0.
Aug 03 15:44:32 witherspoon system_manager.py[1062]: New object: /org/openbmc/control/power0 (:1.91)
Aug 03 15:44:32 witherspoon system_manager.py[1062]: Power GPIO config: ['SYS_PWROK_BUFF', '', [('SOFTWARE_PGOOD', True), ('BMC_POWER_UP', True)], [('BMC_CP0_RESET_N', False)], [], 'FSI_DATA', 'FSI_CLK', 'FSI_ENABLE', 'CRONUS_SEL', []]
Aug 03 15:44:32 witherspoon power_control.exe[1127]: Power GPIO latch output:
Aug 03 15:44:32 witherspoon power_control.exe[1127]: Power GPIO power good input: SYS_PWROK_BUFF
Aug 03 15:44:32 witherspoon power_control.exe[1127]: Power GPIO 2 power_up outputs
Aug 03 15:44:32 witherspoon power_control.exe[1127]: Power GPIO power_up[0] = SOFTWARE_PGOOD active HIGH
Aug 03 15:44:32 witherspoon power_control.exe[1127]: Power GPIO power_up[1] = BMC_POWER_UP active HIGH
Aug 03 15:44:32 witherspoon power_control.exe[1127]: Power GPIO 1 reset outputs
Aug 03 15:44:32 witherspoon power_control.exe[1127]: Power GPIO reset[0] = BMC_CP0_RESET_N active LOW
Aug 03 15:44:32 witherspoon power_control.exe[1127]: Power GPIO 0 pci reset outputs
Aug 03 15:44:32 witherspoon power_control.exe[1127]: FSI DATA GPIO: FSI_DATA
Aug 03 15:44:32 witherspoon power_control.exe[1127]: FSI CLK GPIO: FSI_CLK
Aug 03 15:44:32 witherspoon power_control.exe[1127]: FSI ENABLE GPIO: FSI_ENABLE
Aug 03 15:44:32 witherspoon power_control.exe[1127]: CRONUS SEL GPIO: CRONUS_SEL
Aug 03 15:44:32 witherspoon power_control.exe[1127]: Hostctl GPIO optionals: 0
Aug 03 15:44:32 witherspoon power_control.exe[1127]: GPIO Lookup:  SYS_PWROK_BUFF = 306,in
Aug 03 15:44:32 witherspoon power_control.exe[1127]: GPIO Lookup:  SOFTWARE_PGOOD = 417,out
Aug 03 15:44:32 witherspoon power_control.exe[1127]: GPIO Lookup:  BMC_POWER_UP = 305,out
Aug 03 15:44:32 witherspoon power_control.exe[1127]: GPIO Lookup:  BMC_CP0_RESET_N = 281,out
Aug 03 15:44:32 witherspoon flash_bios.exe[1107]: Starting flasher: bios,,/org/openbmc/control/flash/bios,
Aug 03 15:44:32 witherspoon flash_bios.exe[1107]: flasher: , BMC = 1, address = 0x0
Aug 03 15:44:32 witherspoon flash_bios.exe[1107]: Setting up flash
Aug 03 15:44:32 witherspoon power_control.exe[1127]: Pgood state: 0
Aug 03 15:44:32 witherspoon systemd[1]: Started Phosphor Power0 Control.
Aug 03 15:44:33 witherspoon flash_bios.exe[1107]: Starting flasher: bios,,/org/openbmc/control/flash/bios,
Aug 03 15:44:33 witherspoon flash_bios.exe[1107]: flasher: , BMC = 1, address = 0x0
Aug 03 15:44:33 witherspoon flash_bios.exe[1107]: Setting up flash
Aug 03 15:44:33 witherspoon phosphor-host-state-manager[1136]: Initial Host State will be Off
Aug 03 15:44:37 witherspoon systemd[1]: Started Phosphor Host State Manager.
Aug 03 15:44:41 witherspoon systemd[1]: Started Wait for /xyz/openbmc_project/state/chassis0.
Aug 03 15:44:41 witherspoon system_manager.py[1062]: SystemManager Goto System State: BMC_READY
Aug 03 15:44:41 witherspoon system_manager.py[1062]: Running System State: BMC_READY
Aug 03 15:44:41 witherspoon systemd[1]: Started Wait for /org/openbmc/control/power0.
Aug 03 15:44:41 witherspoon systemd[1]: Starting Check Chassis0 pgood and create a file to indicate it...
Aug 03 15:44:42 witherspoon systemd[1]: Starting Phosphor Time Manager daemon...
Aug 03 15:44:43 witherspoon timemanager[1180]: Registering dbus methods
Aug 03 15:44:44 witherspoon systemd[1]: Started Wait for /xyz/openbmc_project/control/host0.
Aug 03 15:44:44 witherspoon systemd[1]: Started Wait for /xyz/openbmc_project/state/host0.
Aug 03 15:44:44 witherspoon systemd[1]: Starting Reboot If Enabled...
Aug 03 15:44:45 witherspoon phosphor-discover-system-state[1183]: Host power is off, checking power policy
Aug 03 15:44:45 witherspoon systemd[1]: Started Reboot If Enabled.
Aug 03 15:44:45 witherspoon timemanager[1180]: Last known time_mode: NTP
Aug 03 15:44:45 witherspoon timemanager[1180]: Last known time_owner: BMC
Aug 03 15:44:45 witherspoon timemanager[1180]: Empty DhcpNtp string
Aug 03 15:44:45 witherspoon timemanager[1180]: Reading Power Control key: pgood
Aug 03 15:44:45 witherspoon timemanager[1180]: Changing settings *allowed* now
Aug 03 15:44:46 witherspoon timemanager[1180]: Owner is already set to : BMC
Aug 03 15:44:46 witherspoon timemanager[1180]: Requested_Mode: NTP Current_Mode: NTP
Aug 03 15:44:46 witherspoon timemanager[1180]: Mode is already set to : NTP
Aug 03 15:44:46 witherspoon timemanager[1180]: Getting System Settings: use_dhcp_ntp
Aug 03 15:44:46 witherspoon timemanager[1180]: use_dhcp_ntp = yes
Aug 03 15:44:46 witherspoon timemanager[1180]: Last known host_offset:0
Aug 03 15:44:46 witherspoon timemanager[1180]: Initial Uptime Usec: 1501774966743104
Aug 03 15:44:46 witherspoon systemd[1]: Started Phosphor Time Manager daemon.
Aug 03 15:44:46 witherspoon systemd[1]: Started Check Chassis0 pgood and create a file to indicate it.
Aug 03 15:44:46 witherspoon systemd[1]: Reached target Chassis0 power on after reset.
Aug 03 15:44:46 witherspoon systemd[1]: Reached target Chassis0 (Reset Check).
Aug 03 15:44:46 witherspoon systemd[1]: Reached target Host0 running after reset.
Aug 03 15:44:46 witherspoon systemd[1]: Reached target Host0 (Reset Check).
Aug 03 15:44:46 witherspoon systemd[1]: Reached target Phosphor System - Standby.
Aug 03 15:44:46 witherspoon systemd[1]: Starting Assert bmc_booted LED...
Aug 03 15:44:46 witherspoon phosphor-bmc-state-manager[1135]: BMC_READY
Aug 03 15:44:46 witherspoon phosphor-bmc-state-manager[1135]: Setting the BMCState field
Aug 03 15:44:46 witherspoon systemd[1]: Started Assert bmc_booted LED.
Aug 03 15:44:46 witherspoon systemd[1]: Startup finished in 9.005s (kernel) + 1min 51.170s (userspace) = 2min 176ms.
Aug 03 15:44:49 witherspoon phosphor-gevent[1074]: Traceback (most recent call last):
Aug 03 15:44:49 witherspoon phosphor-gevent[1074]:   File "/usr/lib/python2.7/site-packages/gevent/greenlet.py", line 327, in run
Aug 03 15:44:49 witherspoon phosphor-gevent[1074]:     result = self._run(*self.args, **self.kwargs)
Aug 03 15:44:49 witherspoon phosphor-gevent[1074]:   File "/usr/lib/python2.7/site-packages/gevent/server.py", line 102, in wrap_socket_and_handle
Aug 03 15:44:49 witherspoon phosphor-gevent[1074]:     ssl_socket = self.wrap_socket(client_socket, **self.ssl_args)
Aug 03 15:44:49 witherspoon phosphor-gevent[1074]:   File "/usr/lib/python2.7/site-packages/gevent/ssl.py", line 404, in wrap_socket
Aug 03 15:44:49 witherspoon phosphor-gevent[1074]:     ciphers=ciphers)
Aug 03 15:44:49 witherspoon phosphor-gevent[1074]:   File "/usr/lib/python2.7/site-packages/gevent/ssl.py", line 113, in __init__
Aug 03 15:44:49 witherspoon phosphor-gevent[1074]:     self.do_handshake()
Aug 03 15:44:49 witherspoon phosphor-gevent[1074]:   File "/usr/lib/python2.7/site-packages/gevent/ssl.py", line 324, in do_handshake
Aug 03 15:44:49 witherspoon phosphor-gevent[1074]:     return self._sslobj.do_handshake()
Aug 03 15:44:49 witherspoon phosphor-gevent[1074]: SSLEOFError: EOF occurred in violation of protocol (_ssl.c:590)
Aug 03 15:44:49 witherspoon phosphor-gevent[1074]: <Greenlet at 0x760073f0: <bound method WSGIServer.wrap_socket_and_handle of <WSGIServer at 0x75fddb50 fileno=5 address=('::3412:ef76:b0ed:6476%1986325920', 443, 0, 1986325920)>>(<socket at 0x75eb4830 fileno=9>, ('::80f9:6276:8e91:f402%1995307804', 55470, 0, 199)> failed with SSLEOFError
Aug 03 15:44:49 witherspoon phosphor-gevent[1074]: Traceback (most recent call last):
Aug 03 15:44:49 witherspoon phosphor-gevent[1074]:   File "/usr/lib/python2.7/site-packages/gevent/greenlet.py", line 327, in run
Aug 03 15:44:49 witherspoon phosphor-gevent[1074]:     result = self._run(*self.args, **self.kwargs)
Aug 03 15:44:49 witherspoon phosphor-gevent[1074]:   File "/usr/lib/python2.7/site-packages/gevent/server.py", line 102, in wrap_socket_and_handle
Aug 03 15:44:49 witherspoon phosphor-gevent[1074]:     ssl_socket = self.wrap_socket(client_socket, **self.ssl_args)
Aug 03 15:44:49 witherspoon phosphor-gevent[1074]:   File "/usr/lib/python2.7/site-packages/gevent/ssl.py", line 404, in wrap_socket
Aug 03 15:44:49 witherspoon phosphor-gevent[1074]:     ciphers=ciphers)
Aug 03 15:44:49 witherspoon phosphor-gevent[1074]:   File "/usr/lib/python2.7/site-packages/gevent/ssl.py", line 113, in __init__
Aug 03 15:44:49 witherspoon phosphor-gevent[1074]:     self.do_handshake()
Aug 03 15:44:49 witherspoon phosphor-gevent[1074]:   File "/usr/lib/python2.7/site-packages/gevent/ssl.py", line 324, in do_handshake
Aug 03 15:44:49 witherspoon phosphor-gevent[1074]:     return self._sslobj.do_handshake()
Aug 03 15:44:49 witherspoon phosphor-gevent[1074]: SSLEOFError: EOF occurred in violation of protocol (_ssl.c:590)
Aug 03 15:44:49 witherspoon phosphor-gevent[1074]: <Greenlet at 0x760076c0: <bound method WSGIServer.wrap_socket_and_handle of <WSGIServer at 0x75fddb50 fileno=5 address=('::3412:ef76:b0ed:6476%1986325920', 443, 0, 1986325920)>>(<socket at 0x75eb47d0 fileno=10>, ('::80f9:6276:8e91:f402%1995307804', 55474, 0, 199)> failed with SSLEOFError
Aug 03 15:44:49 witherspoon phosphor-gevent[1074]: ::80f9:6276:8e91:f402%1995307804 - - [2017-08-03 15:44:49] "POST /login HTTP/1.1" 200 320 0.045307
Aug 03 15:44:50 witherspoon phosphor-gevent[1074]: ::80f9:6276:8e91:f402%1995307804 - - [2017-08-03 15:44:49] "GET /xyz/openbmc_project/logging/entry//enumerate HTTP/1.1" 200 488 0.113663
Aug 03 15:44:50 witherspoon phosphor-gevent[1074]: ::80f9:6276:8e91:f402%1995307804 - - [2017-08-03 15:44:50] "POST /login HTTP/1.1" 200 320 0.032364
Aug 03 15:44:50 witherspoon phosphor-gevent[1074]: ::80f9:6276:8e91:f402%1995307804 - - [2017-08-03 15:44:50] "GET /xyz/openbmc_project/logging/entry/1/attr/AdditionalData HTTP/1.1" 200 167 0.080848
Aug 03 15:44:50 witherspoon phosphor-gevent[1074]: ::80f9:6276:8e91:f402%1995307804 - - [2017-08-03 15:44:50] "POST /login HTTP/1.1" 200 320 0.032510
Aug 03 15:44:50 witherspoon phosphor-gevent[1074]: ::80f9:6276:8e91:f402%1995307804 - - [2017-08-03 15:44:50] "GET /xyz/openbmc_project/state/chassis0//attr/CurrentPowerState HTTP/1.1" 200 216 0.277261
Aug 03 15:44:51 witherspoon phosphor-gevent[1074]: ::80f9:6276:8e91:f402%1995307804 - - [2017-08-03 15:44:51] "POST /login HTTP/1.1" 200 320 0.032776
Aug 03 15:44:51 witherspoon phosphor-gevent[1074]: ::80f9:6276:8e91:f402%1995307804 - - [2017-08-03 15:44:51] "GET /xyz/openbmc_project/state/bmc0//attr/CurrentBMCState HTTP/1.1" 200 212 0.049806
Aug 03 15:44:51 witherspoon phosphor-gevent[1074]: ::80f9:6276:8e91:f402%1995307804 - - [2017-08-03 15:44:51] "POST /login HTTP/1.1" 200 320 0.032666
Aug 03 15:44:51 witherspoon phosphor-gevent[1074]: ::80f9:6276:8e91:f402%1995307804 - - [2017-08-03 15:44:51] "GET /org/openbmc/sensors/host/BootProgress/attr/value HTTP/1.1" 200 170 0.052520
Aug 03 15:44:51 witherspoon phosphor-gevent[1074]: ::80f9:6276:8e91:f402%1995307804 - - [2017-08-03 15:44:51] "POST /login HTTP/1.1" 200 320 0.032606
Aug 03 15:44:51 witherspoon phosphor-gevent[1074]: ::80f9:6276:8e91:f402%1995307804 - - [2017-08-03 15:44:51] "GET /xyz/openbmc_project/state/host0//attr/CurrentHostState HTTP/1.1" 200 212 0.075991
Aug 03 15:44:52 witherspoon phosphor-gevent[1074]: ::80f9:6276:8e91:f402%1995307804 - - [2017-08-03 15:44:52] "POST /login HTTP/1.1" 200 320 0.032914
Aug 03 15:44:52 witherspoon phosphor-gevent[1074]: ::80f9:6276:8e91:f402%1995307804 - - [2017-08-03 15:44:52] "GET /xyz/openbmc_project/logging/entry//list HTTP/1.1" 200 214 0.052505
Aug 03 15:44:52 witherspoon phosphor-gevent[1074]: ::80f9:6276:8e91:f402%1995307804 - - [2017-08-03 15:44:52] "POST /login HTTP/1.1" 200 320 0.032746
Aug 03 15:44:52 witherspoon phosphor-gevent[1074]: ::80f9:6276:8e91:f402%1995307804 - - [2017-08-03 15:44:52] "GET /xyz/openbmc_project/logging/entry//list HTTP/1.1" 200 214 0.038668
Aug 03 15:44:52 witherspoon phosphor-gevent[1074]: ::80f9:6276:8e91:f402%1995307804 - - [2017-08-03 15:44:52] "POST /login HTTP/1.1" 200 320 0.032602
Aug 03 15:44:53 witherspoon phosphor-gevent[1074]: ::80f9:6276:8e91:f402%1995307804 - - [2017-08-03 15:44:53] "DELETE /xyz/openbmc_project/logging/entry/1 HTTP/1.1" 200 169 0.786046
Aug 03 15:44:54 witherspoon phosphor-gevent[1074]: ::80f9:6276:8e91:f402%1995307804 - - [2017-08-03 15:44:54] "POST /login HTTP/1.1" 200 320 0.032925
Aug 03 15:44:54 witherspoon phosphor-gevent[1074]: ::80f9:6276:8e91:f402%1995307804 - - [2017-08-03 15:44:54] "GET /xyz/openbmc_project/state/host0//attr/CurrentHostState HTTP/1.1" 200 212 0.098220
Aug 03 15:44:59 witherspoon phosphor-gevent[1074]: ::80f9:6276:8e91:f402%1995307804 - - [2017-08-03 15:44:59] "POST /login HTTP/1.1" 200 320 0.037116
Aug 03 15:44:59 witherspoon phosphor-gevent[1074]: ::80f9:6276:8e91:f402%1995307804 - - [2017-08-03 15:44:59] "GET /xyz/openbmc_project/logging/entry/enumerate HTTP/1.1" 404 311 0.032231
Aug 03 15:45:00 witherspoon phosphor-gevent[1074]: ::80f9:6276:8e91:f402%1995307804 - - [2017-08-03 15:45:00] "POST /login HTTP/1.1" 200 320 0.033293
Aug 03 15:45:00 witherspoon phosphor-gevent[1074]: ::80f9:6276:8e91:f402%1995307804 - - [2017-08-03 15:45:00] "GET /org/openbmc/sensors/enumerate HTTP/1.1" 200 881 0.166126
Aug 03 15:45:00 witherspoon phosphor-gevent[1074]: ::80f9:6276:8e91:f402%1995307804 - - [2017-08-03 15:45:00] "POST /login HTTP/1.1" 200 320 0.033885
Aug 03 15:45:00 witherspoon phosphor-gevent[1074]: ::80f9:6276:8e91:f402%1995307804 - - [2017-08-03 15:45:00] "GET /xyz/openbmc_project/inventory/enumerate HTTP/1.1" 200 1078 0.172190
Aug 03 15:45:00 witherspoon phosphor-gevent[1074]: ::80f9:6276:8e91:f402%1995307804 - - [2017-08-03 15:45:00] "POST /login HTTP/1.1" 200 320 0.033767
Aug 03 15:45:00 witherspoon phosphor-gevent[1074]: ::80f9:6276:8e91:f402%1995307804 - - [2017-08-03 15:45:00] "GET /org/openbmc/records/events/enumerate HTTP/1.1" 404 304 0.030995
Aug 03 15:45:01 witherspoon phosphor-gevent[1074]: ::80f9:6276:8e91:f402%1995307804 - - [2017-08-03 15:45:01] "POST /login HTTP/1.1" 200 320 0.037033
Aug 03 15:45:01 witherspoon phosphor-gevent[1074]: ::80f9:6276:8e91:f402%1995307804 - - [2017-08-03 15:45:01] "GET /org/openbmc/control/led/enumerate HTTP/1.1" 404 301 0.030038
Aug 03 15:45:01 witherspoon systemd[1]: Started SSH Per-Connection Server (9.41.165.94:39394).
Aug 03 15:45:01 witherspoon dropbear[1205]: Failed loading /etc/dropbear/dropbear_dss_host_key
Aug 03 15:45:01 witherspoon dropbear[1205]: Failed loading /etc/dropbear/dropbear_ecdsa_host_key
Aug 03 15:45:01 witherspoon dropbear[1205]: Child connection from ::ffff:9.41.165.94:39394
Aug 03 15:45:01 witherspoon dropbear[1205]: pam_unix(dropbear:account): account root has password changed in future
Aug 03 15:45:01 witherspoon dropbear[1205]: PAM password auth succeeded for 'root' from ::ffff:9.41.165.94:39394
