[    0.090000] Calibrating delay loop... 789.70 BogoMIPS (lpj=3948544)
[    0.090000] pid_max: default: 32768 minimum: 301
[    0.090000] Mount-cache hash table entries: 1024 (order: 0, 4096 bytes)
[    0.090000] Mountpoint-cache hash table entries: 1024 (order: 0, 4096 bytes)
[    0.090000] CPU: Testing write buffer coherency: ok
[    0.090000] ftrace: allocating 14972 entries in 44 pages
[    0.120000] Setting up static identity map for 0x80008200 - 0x8000825c
[    0.120000] devtmpfs: initialized
[    0.140000] clocksource: jiffies: mask: 0xffffffff max_cycles: 0xffffffff, max_idle_ns: 19112604462750000 ns
[    0.140000] futex hash table entries: 256 (order: -1, 3072 bytes)
[    0.140000] pinctrl core: initialized pinctrl subsystem
[    0.140000] NET: Registered protocol family 16
[    0.150000] DMA: preallocated 256 KiB pool for atomic coherent allocations
[    0.220000] usbcore: registered new interface driver usbfs
[    0.220000] usbcore: registered new interface driver hub
[    0.220000] usbcore: registered new device driver usb
[    0.220000] clocksource: Switched to clocksource moxart_timer
[    0.230000] NET: Registered protocol family 2
[    0.230000] TCP established hash table entries: 4096 (order: 2, 16384 bytes)
[    0.230000] TCP bind hash table entries: 4096 (order: 2, 16384 bytes)
[    0.230000] TCP: Hash tables configured (established 4096 bind 4096)
[    0.230000] UDP hash table entries: 256 (order: 0, 4096 bytes)
[    0.230000] UDP-Lite hash table entries: 256 (order: 0, 4096 bytes)
[    0.230000] NET: Registered protocol family 1
[    0.240000] Trying to unpack rootfs image as initramfs...
[    1.910000] Freeing initrd memory: 1544K
[    1.910000] workingset: timestamp_bits=30 max_order=17 bucket_order=0
[    1.910000] squashfs: version 4.0 (2009/01/31) Phillip Lougher
[    1.910000] jffs2: version 2.2. (SUMMARY)  Â© 2001-2006 Red Hat, Inc.
[    1.910000] Block layer SCSI generic (bsg) driver version 0.4 loaded (major 250)
[    1.910000] io scheduler noop registered
[    1.910000] io scheduler deadline registered
[    1.910000] io scheduler cfq registered (default)
[    2.060000] ipmi-bt-host 1e789140.ibt: Found bt bmc device
[    2.060000] ipmi-bt-host 1e789140.ibt: Using IRQ 22
[    2.060000] Serial: 8250/16550 driver, 6 ports, IRQ sharing enabled
[    2.060000] 1e787000.vuart: ttyS0 at MMIO 0x1e787000 (irq = 22, base_baud = 1500000) is a 16550A
[    2.060000] 1e783000.serial: ttyS1 at MMIO 0x1e783000 (irq = 23, base_baud = 1500000) is a 16550A
[    2.060000] 1e78d000.serial: ttyS2 at MMIO 0x1e78d000 (irq = 24, base_baud = 1500000) is a 16550A
[    2.060000] 1e784000.serial: ttyS4 at MMIO 0x1e784000 (irq = 25, base_baud = 1500000) is a 16550A
[    2.410000] console [ttyS4] enabled
[    2.600000] timeriomem_rng 1e6e2078.hwrng: 32bits from 0xf00e2078 @ 1us
[    2.620000] random: fast init done
[    2.650000] brd: module loaded
[    2.680000] loop: module loaded
[    2.680000] aspeed-lpc-ctrl 1e789080.lpc-ctrl: Loaded at 0x98000000 (0x04000000)
[    2.690000] aspeed-smc 1e620000.flash-controller: Using IRQ 18
[    2.690000] aspeed-smc 1e620000.flash-controller: DMA support disabled.
[    2.700000] aspeed-smc 1e620000.flash-controller: mx25l25635e (32768 Kbytes)
[    2.700000] aspeed-smc 1e620000.flash-controller: CE0 window [ 0x20000000 - 0x22000000 ] 32MB
[    2.700000] aspeed-smc 1e620000.flash-controller: CE1 window [ 0x22000000 - 0x2a000000 ] 128MB
[    2.730000] 5 ofpart partitions found on MTD device bmc
[    2.730000] Creating 5 MTD partitions on "bmc":
[    2.740000] 0x000000000000-0x000000060000 : "u-boot"
[    2.740000] 0x000000060000-0x000000080000 : "u-boot-env"
[    2.760000] random: crng init done
[    2.760000] 0x000000080000-0x0000004c0000 : "kernel"
[    2.780000] 0x0000004c0000-0x000001c00000 : "rofs"
[    2.780000] 0x000001c00000-0x000002000000 : "rwfs"
[    2.800000] aspeed-smc 1e620000.flash-controller: mx25l25635e (32768 Kbytes)
[    2.800000] aspeed-smc 1e620000.flash-controller: CE1 window [ 0x22000000 - 0x24000000 ] 32MB
[    2.810000] aspeed-smc 1e620000.flash-controller: CE2 window [ 0x24000000 - 0x2c000000 ] 128MB
[    2.810000] aspeed-smc 1e630000.flash-controller: mx66l1g45g (131072 Kbytes)
[    2.830000] aspeed-smc 1e630000.flash-controller: CE0 window resized to 120MB (AST2500 HW quirk)
[    2.830000] aspeed-smc 1e630000.flash-controller: CE0 window [ 0x30000000 - 0x37800000 ] 120MB
[    2.830000] aspeed-smc 1e630000.flash-controller: CE0 window too small for chip 128MB
[    2.860000] aspeed-smc 1e630000.flash-controller: CE1 window [ 0x37800000 - 0x38000000 ] 8MB
[    3.580000] libphy: Fixed MDIO Bus: probed
[    3.580000] ftgmac100 1e660000.ethernet: Read MAC address 70:e2:84:14:23:e1 from chip
[    3.580000] ftgmac100 1e660000.ethernet: Using NCSI interface
[    3.580000] ftgmac100 1e660000.ethernet eth0: irq 20, mapped at f0060000
[    3.670000] ehci_hcd: USB 2.0 'Enhanced' Host Controller (EHCI) Driver
[    3.670000] ehci-platform: EHCI generic platform driver
[    3.830000]  fsi0: can't read slave 00:00 -5
[    3.830000] i2c /dev entries driver
[    3.830000] aspeed-i2c-bus 1e78a0c0.i2c-bus: i2c bus 2 registered, irq 26
[    3.830000] aspeed-i2c-bus 1e78a100.i2c-bus: i2c bus 3 registered, irq 27
[    3.830000] aspeed-i2c-bus 1e78a140.i2c-bus: i2c bus 4 registered, irq 28
[    3.830000] aspeed-i2c-bus 1e78a180.i2c-bus: i2c bus 5 registered, irq 29
[    3.830000] aspeed-i2c-bus 1e78a380.i2c-bus: i2c bus 9 registered, irq 30
[    3.830000] aspeed-i2c-bus 1e78a3c0.i2c-bus: i2c bus 10 registered, irq 31
[    3.830000] rtc-rv8803 11-0032: Voltage low, temperature compensation stopped.
[    3.830000] rtc-rv8803 11-0032: An alarm maybe have been missed.
[    3.940000] rtc-rv8803 11-0032: rtc core: registered rx8900 as rtc0
[    3.950000] at24 11-0051: 8192 byte 24c64 EEPROM, writable, 1 bytes/write
[    3.950000] aspeed-i2c-bus 1e78a400.i2c-bus: i2c bus 11 registered, irq 32
[    3.950000] aspeed-i2c-bus 1e78a440.i2c-bus: i2c bus 12 registered, irq 33
[    3.950000] aspeed-i2c-bus 1e78a480.i2c-bus: i2c bus 13 registered, irq 34
[    3.950000] Driver for 1-wire Dallas network protocol.
[    3.950000] lm75 9-004a: hwmon0: sensor 'tmp275'
[    5.690000] ucd9000 11-0064: Device ID UCD90160|2.3.4.0000|110603
[    6.360000] leds-pca955x 3-0060: leds-pca955x: Using pca9552 16-bit LED driver at slave address 0x60
[    6.380000] leds-pca955x 3-0060: gpios 264...279
[    6.380000] leds-pca955x 11-0060: leds-pca955x: Using pca9552 16-bit LED driver at slave address 0x60
[    6.400000] leds-pca955x 11-0060: gpios 248...263
[    6.400000] usbcore: registered new interface driver usbhid
[    6.410000] usbhid: USB HID core driver
[    6.460000] NET: Registered protocol family 10
[    6.460000] Segment Routing with IPv6
[    6.470000] NET: Registered protocol family 17
[    6.470000] 8021q: 802.1Q VLAN Support v1.8
[    6.480000] input: gpio-keys-polled as /devices/platform/gpio-keys-polled/input/input1
[    6.510000] console [netcon0] enabled
[    6.520000] netconsole: network logging started
[    6.520000] input: gpio-keys as /devices/platform/gpio-keys/input/input2
[    6.530000] rtc-rv8803 11-0032: setting system clock to 2017-08-17 22:07:18 UTC (1503007638)
[    6.540000] Freeing unused kernel memory: 280K
[    6.540000] This architecture does not have kernel memory protection.
[    8.090000] jffs2: notice: (540) jffs2_build_xattr_subsystem: complete building xattr subsystem, 1 of xdatum (0 unchecked, 0 orphan) and 11 of xref (0 dead, 1 orphan) found.
[   10.330000] systemd[1]: Failed to insert module 'autofs4': No such file or directory
[   10.330000] systemd[1]: systemd 232 running in system mode. (+PAM -AUDIT -SELINUX -IMA -APPARMOR -SMACK +SYSVINIT -UTMP -LIBCRYPTSETUP -GCRYPT -GNUTLS +ACL +XZ -LZ4 -SECCOMP +BLKID -ELFUTILS +KMOD -IDN)
[   10.530000] systemd[1]: Detected architecture arm.
[   10.580000] systemd[1]: Set hostname to <witherspoon>.
[   11.750000] systemd[1]: [/lib/systemd/system/obmc-flash-bios-updatesymlinks.service:9] Unknown lvalue 'WantedBy' in section 'Service'
[   12.160000] systemd[1]: Listening on udev Kernel Socket.
[   12.300000] systemd[1]: Started Dispatch Password Requests to Console Directory Watch.
[   12.360000] systemd[1]: Listening on Network Service Netlink Socket.
[   12.400000] systemd[1]: Listening on /dev/initctl Compatibility Named Pipe.
[   12.440000] systemd[1]: Listening on Journal Socket.
[   12.480000] systemd[1]: Listening on udev Control Socket.
[   14.820000] systemd-journald[668]: Received request to flush runtime journal from PID 1
[   20.470000] 8021q: adding VLAN 0 to HW filter on device eth0
[   23.100000] ubi7: default fastmap pool size: 100
[   23.100000] ubi7: default fastmap WL pool size: 50
[   23.100000] ubi7: attaching mtd7
[   23.100000] ubi7: scanning is finished
[   23.410000] ubi7: attached mtd7 (name "pnor", size 128 MiB)
[   23.410000] ubi7: PEB size: 65536 bytes (64 KiB), LEB size: 65408 bytes
[   23.410000] ubi7: min./max. I/O unit sizes: 1/256, sub-page size 1
[   23.430000] ubi7: VID header offset: 64 (aligned 64), data offset: 128
[   23.430000] ubi7: good PEBs: 2048, bad PEBs: 0, corrupted PEBs: 0
[   23.430000] ubi7: user volume: 3, internal volumes: 1, max. volumes count: 128
[   23.430000] ubi7: max/mean erase counter: 1/0, WL threshold: 4096, image sequence number: 1098144900
[   23.430000] ubi7: available PEBs: 1367, total reserved PEBs: 681, PEBs reserved for bad PEB handling: 0
[   23.460000] ubi7: background thread "ubi_bgt7d" started, PID 1001
[   24.200000] ftgmac100 1e660000.ethernet eth0: ncsi: removed vlan tag 0 at index 1
[   24.200000] ftgmac100 1e660000.ethernet eth0: ncsi: removed vlan tag 0 at index 2
[   24.200000] ftgmac100 1e660000.ethernet eth0: no vlan ids left to set
[   24.200000] ftgmac100 1e660000.ethernet eth0: NCSI interface up
[   26.640000] UBIFS (ubi7:0): UBIFS: mounted UBI device 7, volume 0, name "pnor-rw-2026f937"
[   26.640000] UBIFS (ubi7:0): LEB size: 65408 bytes (63 KiB), min./max. I/O unit sizes: 8 bytes/256 bytes
[   26.640000] UBIFS (ubi7:0): FS size: 16155776 bytes (15 MiB, 247 LEBs), journal size 784896 bytes (0 MiB, 12 LEBs)
[   26.730000] UBIFS (ubi7:0): reserved for root: 763076 bytes (745 KiB)
[   26.730000] UBIFS (ubi7:0): media format: w5/r0 (latest is w5/r0), UUID 967C72B2-CF0F-4933-8766-008A5A997F5E, small LPT model
[   26.730000] UBIFS (ubi7:0): background thread "ubifs_bgt7_0" started, PID 1014
[   42.650000] block ubiblock7_1: created from ubi7:1(pnor-ro-2026f937)
[   45.130000] UBIFS (ubi7:2): UBIFS: mounted UBI device 7, volume 2, name "pnor-prsv"
[   45.130000] UBIFS (ubi7:2): LEB size: 65408 bytes (63 KiB), min./max. I/O unit sizes: 8 bytes/256 bytes
[   45.130000] UBIFS (ubi7:2): FS size: 1504384 bytes (1 MiB, 23 LEBs), journal size 523265 bytes (0 MiB, 6 LEBs)
[   45.130000] UBIFS (ubi7:2): reserved for root: 71055 bytes (69 KiB)
[   45.130000] UBIFS (ubi7:2): media format: w5/r0 (latest is w5/r0), UUID C7F4564E-FF4F-407F-8FE2-D8A941A8BB24, small LPT model
[   45.130000] UBIFS (ubi7:2): background thread "ubifs_bgt7_2" started, PID 1052
[   50.640000] UBIFS (ubi7:3): default file-system created
[   50.640000] UBIFS (ubi7:3): UBIFS: mounted UBI device 7, volume 3, name "pnor-patch"
[   50.640000] UBIFS (ubi7:3): LEB size: 65408 bytes (63 KiB), min./max. I/O unit sizes: 8 bytes/256 bytes
[   50.640000] UBIFS (ubi7:3): FS size: 16155776 bytes (15 MiB, 247 LEBs), journal size 784896 bytes (0 MiB, 12 LEBs)
[   50.640000] UBIFS (ubi7:3): reserved for root: 763076 bytes (745 KiB)
[   50.640000] UBIFS (ubi7:3): media format: w5/r0 (latest is w5/r0), UUID 76A91654-8612-437B-B546-84B08F819415, small LPT model
[   50.640000] UBIFS (ubi7:3): background thread "ubifs_bgt7_3" started, PID 1093
[  216.410000] ucd9000 11-0064: Device ID UCD90160|2.3.4.0000|110603
[  218.090000] ucd9000 11-0064: Device ID UCD90160|2.3.4.0000|110603
[  225.040000] occ-hwmon occ1-dev0: failed to get OCC poll response: -19
[  228.110000] ucd9000 11-0064: Device ID UCD90160|2.3.4.0000|110603
[  230.900000]  slave@00:00: status: 0xc4000511, sisc: 0x82040000
[  283.690000] ucd9000 11-0064: Device ID UCD90160|2.3.4.0000|110603
[  286.120000] ucd9000 11-0064: Device ID UCD90160|2.3.4.0000|110603
[  295.600000] occ-hwmon occ1-dev0: failed to get OCC poll response: -19
[  298.200000] ucd9000 11-0064: Device ID UCD90160|2.3.4.0000|110603
[  300.190000]  slave@00:00: status: 0xc4000511, sisc: 0x82040000
[  349.920000] ucd9000 11-0064: Device ID UCD90160|2.3.4.0000|110603
[  352.780000] ucd9000 11-0064: Device ID UCD90160|2.3.4.0000|110603
[  361.850000] occ-hwmon occ1-dev0: failed to get OCC poll response: -19
[  364.500000] ucd9000 11-0064: Device ID UCD90160|2.3.4.0000|110603
[  367.180000]  slave@00:00: status: 0xc4000511, sisc: 0x82040000
[  421.620000] ucd9000 11-0064: Device ID UCD90160|2.3.4.0000|110603
[  422.930000] ucd9000 11-0064: Device ID UCD90160|2.3.4.0000|110603
[  432.010000] occ-hwmon occ1-dev0: failed to get OCC poll response: -19
[  434.380000] ucd9000 11-0064: Device ID UCD90160|2.3.4.0000|110603
[  436.690000]  slave@00:00: status: 0xc4000511, sisc: 0x82040000
