-- Logs begin at Mon 2017-07-31 21:09:38 UTC, end at Mon 2017-07-31 21:34:55 UTC. --
Jul 31 21:09:38 witherspoon kernel: Booting Linux on physical CPU 0x0
Jul 31 21:09:38 witherspoon kernel: Linux version 4.10.17-44f0dc8ac43162c4f7082884d6cd79400341bf5b (jenkins@openbmc-builder1) (gcc version 6.2.0 (GCC) ) #1 Mon Jul 31 20:21:34 UTC 2017
Jul 31 21:09:38 witherspoon kernel: CPU: ARMv6-compatible processor [410fb767] revision 7 (ARMv7), cr=00c5387d
Jul 31 21:09:38 witherspoon kernel: CPU: PIPT / VIPT nonaliasing data cache, VIPT nonaliasing instruction cache
Jul 31 21:09:38 witherspoon kernel: OF: fdt:Machine model: Witherspoon BMC
Jul 31 21:09:38 witherspoon kernel: Memory policy: Data cache writeback
Jul 31 21:09:38 witherspoon kernel: SOC Rev: 04030303
Jul 31 21:09:38 witherspoon kernel: On node 0 totalpages: 110592
Jul 31 21:09:38 witherspoon kernel: free_area_init_node: node 0, pgdat 805ff5e4, node_mem_map 9ec1a000
Jul 31 21:09:38 witherspoon kernel:   Normal zone: 992 pages used for memmap
Jul 31 21:09:38 witherspoon kernel:   Normal zone: 0 pages reserved
Jul 31 21:09:38 witherspoon kernel:   Normal zone: 110592 pages, LIFO batch:31
Jul 31 21:09:38 witherspoon kernel: pcpu-alloc: s0 r0 d32768 u32768 alloc=1*32768
Jul 31 21:09:38 witherspoon kernel: pcpu-alloc: [0] 0 
Jul 31 21:09:38 witherspoon kernel: Built 1 zonelists in Zone order, mobility grouping on.  Total pages: 109600
Jul 31 21:09:38 witherspoon kernel: Kernel command line: console=ttyS4,115200n8 root=/dev/ram rw
Jul 31 21:09:38 witherspoon kernel: PID hash table entries: 2048 (order: 1, 8192 bytes)
Jul 31 21:09:38 witherspoon kernel: Dentry cache hash table entries: 65536 (order: 6, 262144 bytes)
Jul 31 21:09:38 witherspoon kernel: Inode-cache hash table entries: 32768 (order: 5, 131072 bytes)
Jul 31 21:09:38 witherspoon kernel: Memory: 430436K/442368K available (4065K kernel code, 280K rwdata, 1192K rodata, 284K init, 111K bss, 11932K reserved, 0K cma-reserved)
Jul 31 21:09:38 witherspoon kernel: Virtual kernel memory layout:
                                        vector  : 0xffff0000 - 0xffff1000   (   4 kB)
                                        fixmap  : 0xffc00000 - 0xfff00000   (3072 kB)
                                        vmalloc : 0x9f800000 - 0xff800000   (1536 MB)
                                        lowmem  : 0x80000000 - 0x9f000000   ( 496 MB)
                                          .text : 0x80008000 - 0x804007a0   (4066 kB)
                                          .init : 0x80585000 - 0x805cc000   ( 284 kB)
                                          .data : 0x805cc000 - 0x80612358   ( 281 kB)
                                           .bss : 0x80612358 - 0x8062e1f8   ( 112 kB)
Jul 31 21:09:38 witherspoon kernel: NR_IRQS:16 nr_irqs:16 16
Jul 31 21:09:38 witherspoon kernel: i2c controller registered, irq 16
Jul 31 21:09:38 witherspoon kernel: clocksource: moxart_timer: mask: 0xffffffff max_cycles: 0xffffffff, max_idle_ns: 77222644334 ns
Jul 31 21:09:38 witherspoon kernel: sched_clock: 32 bits at 100 Hz, resolution 10000000ns, wraps every 21474836475000000ns
Jul 31 21:09:38 witherspoon kernel: Calibrating delay loop... 789.70 BogoMIPS (lpj=3948544)
Jul 31 21:09:38 witherspoon kernel: pid_max: default: 32768 minimum: 301
Jul 31 21:09:38 witherspoon kernel: Mount-cache hash table entries: 1024 (order: 0, 4096 bytes)
Jul 31 21:09:38 witherspoon kernel: Mountpoint-cache hash table entries: 1024 (order: 0, 4096 bytes)
Jul 31 21:09:38 witherspoon kernel: CPU: Testing write buffer coherency: ok
Jul 31 21:09:38 witherspoon kernel: ftrace: allocating 14932 entries in 44 pages
Jul 31 21:09:38 witherspoon kernel: Setting up static identity map for 0x80008200 - 0x8000825c
Jul 31 21:09:38 witherspoon kernel: devtmpfs: initialized
Jul 31 21:09:38 witherspoon kernel: clocksource: jiffies: mask: 0xffffffff max_cycles: 0xffffffff, max_idle_ns: 19112604462750000 ns
Jul 31 21:09:38 witherspoon kernel: futex hash table entries: 256 (order: -1, 3072 bytes)
Jul 31 21:09:38 witherspoon kernel: pinctrl core: initialized pinctrl subsystem
Jul 31 21:09:38 witherspoon kernel: NET: Registered protocol family 16
Jul 31 21:09:38 witherspoon kernel: DMA: preallocated 256 KiB pool for atomic coherent allocations
Jul 31 21:09:38 witherspoon kernel: usbcore: registered new interface driver usbfs
Jul 31 21:09:38 witherspoon kernel: usbcore: registered new interface driver hub
Jul 31 21:09:38 witherspoon kernel: usbcore: registered new device driver usb
Jul 31 21:09:38 witherspoon kernel: clocksource: Switched to clocksource moxart_timer
Jul 31 21:09:38 witherspoon kernel: NET: Registered protocol family 2
Jul 31 21:09:38 witherspoon kernel: TCP established hash table entries: 4096 (order: 2, 16384 bytes)
Jul 31 21:09:38 witherspoon kernel: TCP bind hash table entries: 4096 (order: 2, 16384 bytes)
Jul 31 21:09:38 witherspoon kernel: TCP: Hash tables configured (established 4096 bind 4096)
Jul 31 21:09:38 witherspoon kernel: UDP hash table entries: 256 (order: 0, 4096 bytes)
Jul 31 21:09:38 witherspoon kernel: UDP-Lite hash table entries: 256 (order: 0, 4096 bytes)
Jul 31 21:09:38 witherspoon kernel: NET: Registered protocol family 1
Jul 31 21:09:38 witherspoon kernel: Trying to unpack rootfs image as initramfs...
Jul 31 21:09:38 witherspoon kernel: Freeing initrd memory: 1548K
Jul 31 21:09:38 witherspoon kernel: workingset: timestamp_bits=30 max_order=17 bucket_order=0
Jul 31 21:09:38 witherspoon kernel: squashfs: version 4.0 (2009/01/31) Phillip Lougher
Jul 31 21:09:38 witherspoon kernel: jffs2: version 2.2. (SUMMARY)  © 2001-2006 Red Hat, Inc.
Jul 31 21:09:38 witherspoon kernel: Block layer SCSI generic (bsg) driver version 0.4 loaded (major 250)
Jul 31 21:09:38 witherspoon kernel: io scheduler noop registered
Jul 31 21:09:38 witherspoon kernel: io scheduler deadline registered
Jul 31 21:09:38 witherspoon kernel: io scheduler cfq registered (default)
Jul 31 21:09:38 witherspoon kernel: ipmi-bt-host 1e789140.ibt: Found bt bmc device
Jul 31 21:09:38 witherspoon kernel: ipmi-bt-host 1e789140.ibt: Using IRQ 22
Jul 31 21:09:38 witherspoon kernel: Serial: 8250/16550 driver, 6 ports, IRQ sharing enabled
Jul 31 21:09:38 witherspoon kernel: 1e783000.serial: ttyS0 at MMIO 0x1e783000 (irq = 23, base_baud = 1500000) is a 16550A
Jul 31 21:09:38 witherspoon kernel: 1e78d000.serial: ttyS1 at MMIO 0x1e78d000 (irq = 24, base_baud = 1500000) is a 16550A
Jul 31 21:09:38 witherspoon kernel: 1e784000.serial: ttyS4 at MMIO 0x1e784000 (irq = 25, base_baud = 1500000) is a 16550A
Jul 31 21:09:38 witherspoon kernel: console [ttyS4] enabled
Jul 31 21:09:38 witherspoon kernel: 1e787000.vuart: ttyS2 at MMIO 0x1e787000 (irq = 22, base_baud = 1500000) is a 16550A
Jul 31 21:09:38 witherspoon kernel: timeriomem_rng 1e6e2078.hwrng: 32bits from 0xf00e2078 @ 1us
Jul 31 21:09:38 witherspoon kernel: random: fast init done
Jul 31 21:09:38 witherspoon kernel: brd: module loaded
Jul 31 21:09:38 witherspoon kernel: random: crng init done
Jul 31 21:09:38 witherspoon kernel: loop: module loaded
Jul 31 21:09:38 witherspoon kernel: aspeed-lpc-ctrl 1e789080.lpc-ctrl: Loaded at 0x98000000 (0x04000000)
Jul 31 21:09:38 witherspoon kernel: aspeed-smc 1e620000.flash-controller: Using IRQ 18
Jul 31 21:09:38 witherspoon kernel: aspeed-smc 1e620000.flash-controller: DMA support disabled.
Jul 31 21:09:38 witherspoon kernel: aspeed-smc 1e620000.flash-controller: mx25l25635e (32768 Kbytes)
Jul 31 21:09:38 witherspoon kernel: aspeed-smc 1e620000.flash-controller: CE0 window [ 0x20000000 - 0x22000000 ] 32MB
Jul 31 21:09:38 witherspoon kernel: aspeed-smc 1e620000.flash-controller: CE1 window [ 0x22000000 - 0x2a000000 ] 128MB
Jul 31 21:09:38 witherspoon kernel: 5 ofpart partitions found on MTD device bmc
Jul 31 21:09:38 witherspoon kernel: Creating 5 MTD partitions on "bmc":
Jul 31 21:09:38 witherspoon kernel: 0x000000000000-0x000000060000 : "u-boot"
Jul 31 21:09:38 witherspoon kernel: 0x000000060000-0x000000080000 : "u-boot-env"
Jul 31 21:09:38 witherspoon kernel: 0x000000080000-0x0000004c0000 : "kernel"
Jul 31 21:09:38 witherspoon kernel: 0x0000004c0000-0x000001c00000 : "rofs"
Jul 31 21:09:38 witherspoon kernel: 0x000001c00000-0x000002000000 : "rwfs"
Jul 31 21:09:38 witherspoon kernel: aspeed-smc 1e620000.flash-controller: mx25l25635e (32768 Kbytes)
Jul 31 21:09:38 witherspoon kernel: aspeed-smc 1e620000.flash-controller: CE1 window [ 0x22000000 - 0x24000000 ] 32MB
Jul 31 21:09:38 witherspoon kernel: aspeed-smc 1e620000.flash-controller: CE2 window [ 0x24000000 - 0x2c000000 ] 128MB
Jul 31 21:09:38 witherspoon kernel: aspeed-smc 1e630000.flash-controller: mx66l1g45g (131072 Kbytes)
Jul 31 21:09:38 witherspoon kernel: aspeed-smc 1e630000.flash-controller: CE0 window resized to 120MB (AST2500 HW quirk)
Jul 31 21:09:38 witherspoon kernel: aspeed-smc 1e630000.flash-controller: CE0 window [ 0x30000000 - 0x37800000 ] 120MB
Jul 31 21:09:38 witherspoon kernel: aspeed-smc 1e630000.flash-controller: CE0 window too small for chip 128MB
Jul 31 21:09:38 witherspoon kernel: aspeed-smc 1e630000.flash-controller: CE1 window [ 0x37800000 - 0x38000000 ] 8MB
Jul 31 21:09:38 witherspoon kernel: libphy: Fixed MDIO Bus: probed
Jul 31 21:09:38 witherspoon kernel: ftgmac100 1e660000.ethernet: Read MAC address 70:e2:84:14:28:a9 from chip
Jul 31 21:09:38 witherspoon kernel: ftgmac100 1e660000.ethernet: Using NCSI interface
Jul 31 21:09:38 witherspoon kernel: ftgmac100 1e660000.ethernet eth0: irq 20, mapped at f0060000
Jul 31 21:09:38 witherspoon kernel: ehci_hcd: USB 2.0 'Enhanced' Host Controller (EHCI) Driver
Jul 31 21:09:38 witherspoon kernel: ehci-platform: EHCI generic platform driver
Jul 31 21:09:38 witherspoon kernel:  fsi0: can't read slave 00:00 -5
Jul 31 21:09:38 witherspoon kernel: i2c /dev entries driver
Jul 31 21:09:38 witherspoon kernel: aspeed-i2c-bus 1e78a0c0.i2c-bus: i2c bus 2 registered, irq 26
Jul 31 21:09:38 witherspoon kernel: aspeed-i2c-bus 1e78a100.i2c-bus: i2c bus 3 registered, irq 27
Jul 31 21:09:38 witherspoon kernel: aspeed-i2c-bus 1e78a140.i2c-bus: i2c bus 4 registered, irq 28
Jul 31 21:09:38 witherspoon kernel: aspeed-i2c-bus 1e78a180.i2c-bus: i2c bus 5 registered, irq 29
Jul 31 21:09:38 witherspoon kernel: aspeed-i2c-bus 1e78a380.i2c-bus: i2c bus 9 registered, irq 30
Jul 31 21:09:38 witherspoon kernel: aspeed-i2c-bus 1e78a3c0.i2c-bus: i2c bus 10 registered, irq 31
Jul 31 21:09:38 witherspoon kernel: rtc-rv8803 11-0032: Voltage low, temperature compensation stopped.
Jul 31 21:09:38 witherspoon kernel: rtc-rv8803 11-0032: rtc core: registered rx8900 as rtc0
Jul 31 21:09:38 witherspoon kernel: at24 11-0051: 8192 byte 24c64 EEPROM, writable, 1 bytes/write
Jul 31 21:09:38 witherspoon kernel: aspeed-i2c-bus 1e78a400.i2c-bus: i2c bus 11 registered, irq 32
Jul 31 21:09:38 witherspoon kernel: aspeed-i2c-bus 1e78a440.i2c-bus: i2c bus 12 registered, irq 33
Jul 31 21:09:38 witherspoon kernel: aspeed-i2c-bus 1e78a480.i2c-bus: i2c bus 13 registered, irq 34
Jul 31 21:09:38 witherspoon kernel: Driver for 1-wire Dallas network protocol.
Jul 31 21:09:38 witherspoon kernel: lm75 9-004a: hwmon0: sensor 'tmp275'
Jul 31 21:09:38 witherspoon kernel: max31785: probe of 3-0052 failed with error -5
Jul 31 21:09:38 witherspoon kernel: ucd9000 11-0064: Device ID UCD90160|2.3.4.0000|110603
Jul 31 21:09:38 witherspoon kernel: leds-pca955x 3-0060: leds-pca955x: Using pca9552 16-bit LED driver at slave address 0x60
Jul 31 21:09:38 witherspoon kernel: leds-pca955x 11-0060: leds-pca955x: Using pca9552 16-bit LED driver at slave address 0x60
Jul 31 21:09:38 witherspoon kernel: leds-pca955x 11-0060: gpios 264...279
Jul 31 21:09:38 witherspoon kernel: usbcore: registered new interface driver usbhid
Jul 31 21:09:38 witherspoon kernel: usbhid: USB HID core driver
Jul 31 21:09:38 witherspoon kernel: dps310 3-0076: iio:device1: sensor 'dps310'
Jul 31 21:09:38 witherspoon kernel: NET: Registered protocol family 10
Jul 31 21:09:38 witherspoon kernel: Segment Routing with IPv6
Jul 31 21:09:38 witherspoon kernel: NET: Registered protocol family 17
Jul 31 21:09:38 witherspoon kernel: 8021q: 802.1Q VLAN Support v1.8
Jul 31 21:09:38 witherspoon kernel: console [netcon0] enabled
Jul 31 21:09:38 witherspoon kernel: netconsole: network logging started
Jul 31 21:09:38 witherspoon kernel: input: gpio-keys as /devices/platform/gpio-keys/input/input0
Jul 31 21:09:38 witherspoon kernel: rtc-rv8803 11-0032: setting system clock to 2017-07-31 21:09:29 UTC (1501535369)
Jul 31 21:09:38 witherspoon kernel: Freeing unused kernel memory: 284K
Jul 31 21:09:38 witherspoon kernel: This architecture does not have kernel memory protection.
Jul 31 21:09:38 witherspoon kernel: jffs2: notice: (524) jffs2_build_xattr_subsystem: complete building xattr subsystem, 0 of xdatum (0 unchecked, 0 orphan) and 0 of xref (0 dead, 0 orphan) found.
Jul 31 21:09:38 witherspoon systemd[1]: Failed to insert module 'autofs4': No such file or directory
Jul 31 21:09:38 witherspoon systemd[1]: systemd 232 running in system mode. (+PAM -AUDIT -SELINUX -IMA -APPARMOR -SMACK +SYSVINIT -UTMP -LIBCRYPTSETUP -GCRYPT -GNUTLS +ACL +XZ -LZ4 -SECCOMP +BLKID -ELFUTILS +KMOD -IDN)
Jul 31 21:09:38 witherspoon systemd[1]: Detected architecture arm.
Jul 31 21:09:38 witherspoon systemd[1]: Set hostname to <witherspoon>.
Jul 31 21:09:38 witherspoon systemd[1]: Listening on udev Kernel Socket.
Jul 31 21:09:38 witherspoon systemd[1]: Listening on Journal Socket.
Jul 31 21:09:38 witherspoon systemd[1]: Started Dispatch Password Requests to Console Directory Watch.
Jul 31 21:09:38 witherspoon systemd[1]: Listening on Journal Socket (/dev/log).
Jul 31 21:09:38 witherspoon systemd[1]: Started Forward Password Requests to Wall Directory Watch.
Jul 31 21:09:38 witherspoon systemd[1]: Reached target Paths.
Jul 31 21:09:38 witherspoon systemd[1]: Listening on Network Service Netlink Socket.
Jul 31 21:09:38 witherspoon systemd-journald[542]: Journal started
Jul 31 21:09:38 witherspoon systemd-journald[542]: Runtime journal (/run/log/journal/12c6a00ebfdd479284cf09f39d1bc042) is 0B, max 0B, 0B free.
Jul 31 21:09:38 witherspoon systemd[1]: Created slice system-org.openbmc.buttons.reset.slice.
Jul 31 21:09:39 witherspoon systemd[1]: Reached target Slices.
Jul 31 21:09:39 witherspoon systemd[1]: dev-hugepages.mount: Couldn't determine result for ConditionVirtualization=!private-users, assuming failed: No such file or directory
Jul 31 21:09:39 witherspoon systemd[1]: Created slice system-op\x2dreset\x2dchassis\x2drunning.slice.
Jul 31 21:09:39 witherspoon systemd[1]: Mounting Debug File System...
Jul 31 21:09:40 witherspoon systemd[1]: Starting Remount Root and Kernel File Systems...
Jul 31 21:09:40 witherspoon systemd[1]: Created slice system-phosphor\x2ddiscover\x2dsystem\x2dstate.slice.
Jul 31 21:09:40 witherspoon systemd[1]: Created slice system-getty.slice.
Jul 31 21:09:40 witherspoon systemd[1]: Created slice system-phosphor\x2dreset\x2dhost\x2dcheck.slice.
Jul 31 21:09:41 witherspoon systemd[1]: Starting udev Coldplug all Devices...
Jul 31 21:09:44 witherspoon systemd[1]: Starting Apply Kernel Variables...
Jul 31 21:09:44 witherspoon systemd-sysctl[656]: Couldn't write '16' to 'kernel/sysrq', ignoring: No such file or directory
Jul 31 21:09:44 witherspoon systemd-sysctl[656]: Couldn't write 'fq_codel' to 'net/core/default_qdisc', ignoring: No such file or directory
Jul 31 21:09:44 witherspoon systemd[1]: Created slice system-org.openbmc.control.Power.slice.
Jul 31 21:09:44 witherspoon systemd[1]: Created slice system-op\x2dreset\x2dchassis\x2don.slice.
Jul 31 21:09:45 witherspoon systemd[1]: Mounted Debug File System.
Jul 31 21:09:45 witherspoon systemd[1]: Mounted Temporary Directory.
Jul 31 21:09:46 witherspoon systemd[1]: Started Journal Service.
Jul 31 21:09:46 witherspoon systemd[1]: Started Remount Root and Kernel File Systems.
Jul 31 21:09:46 witherspoon systemd[1]: Started Apply Kernel Variables.
Jul 31 21:09:46 witherspoon systemd[1]: Starting Create System Users...
Jul 31 21:09:46 witherspoon systemd[1]: Starting Flush Journal to Persistent Storage...
Jul 31 21:09:47 witherspoon systemd[1]: Started udev Coldplug all Devices.
Jul 31 21:09:47 witherspoon systemd[1]: Started Create System Users.
Jul 31 21:09:47 witherspoon systemd[1]: Starting Create Static Device Nodes in /dev...
Jul 31 21:09:48 witherspoon systemd-journald[542]: Runtime journal (/run/log/journal/12c6a00ebfdd479284cf09f39d1bc042) is 0B, max 0B, 0B free.
Jul 31 21:09:48 witherspoon systemd[1]: Started Flush Journal to Persistent Storage.
Jul 31 21:09:48 witherspoon systemd[1]: Started Create Static Device Nodes in /dev.
Jul 31 21:09:49 witherspoon systemd[1]: Starting udev Kernel Device Manager...
Jul 31 21:09:49 witherspoon systemd[1]: Reached target Local File Systems (Pre).
Jul 31 21:09:49 witherspoon systemd[1]: Mounting /var/volatile...
Jul 31 21:09:49 witherspoon systemd[1]: Mounted /var/volatile.
Jul 31 21:09:49 witherspoon systemd[1]: Starting Load/Save Random Seed...
Jul 31 21:09:49 witherspoon systemd[1]: Reached target Local File Systems.
Jul 31 21:09:49 witherspoon systemd[1]: Starting Create Volatile Files and Directories...
Jul 31 21:09:49 witherspoon systemd[1]: Starting Rebuild Journal Catalog...
Jul 31 21:09:49 witherspoon systemd[1]: Started Load/Save Random Seed.
Jul 31 21:09:49 witherspoon systemd[1]: Started Rebuild Journal Catalog.
Jul 31 21:09:49 witherspoon systemd[1]: Starting Update is Completed...
Jul 31 21:09:49 witherspoon systemd-tmpfiles[894]: "/var/tmp" already exists and is not a directory.
Jul 31 21:09:49 witherspoon systemd-tmpfiles[894]: "/var/log" already exists and is not a directory.
Jul 31 21:09:49 witherspoon systemd[1]: Started Create Volatile Files and Directories.
Jul 31 21:09:49 witherspoon systemd[1]: Starting Run pending postinsts...
Jul 31 21:09:49 witherspoon systemd[1]: Starting Network Time Synchronization...
Jul 31 21:09:50 witherspoon systemd[1]: Started Update is Completed.
Jul 31 21:09:50 witherspoon systemd[1]: Started udev Kernel Device Manager.
Jul 31 21:09:50 witherspoon systemd[1]: Started Network Time Synchronization.
Jul 31 21:09:50 witherspoon systemd[1]: Reached target System Time Synchronized.
Jul 31 21:09:51 witherspoon run-postinsts[902]: Running postinst /etc/rpm-postinsts/libglib-2.0-0...
Jul 31 21:09:52 witherspoon systemd[1]: Found device /dev/aspeed-lpc-ctrl.
Jul 31 21:09:52 witherspoon systemd[1]: Found device /dev/aspeed-mbox.
Jul 31 21:09:52 witherspoon systemd[1]: dev-hugepages.mount: Couldn't determine result for ConditionVirtualization=!private-users, assuming failed: No such file or directory
Jul 31 21:09:52 witherspoon systemd[1]: Created slice system-xyz.openbmc_project.Hwmon.slice.
Jul 31 21:09:52 witherspoon systemd[1]: Found device /dev/ttyS4.
Jul 31 21:09:52 witherspoon systemd[1]: Found device /dev/ttyVUART0.
Jul 31 21:09:53 witherspoon systemd[1]: Created slice system-xyz.openbmc_project.led.controller.slice.
Jul 31 21:09:53 witherspoon systemd[1]: dev-hugepages.mount: Couldn't determine result for ConditionVirtualization=!private-users, assuming failed: No such file or directory
Jul 31 21:09:54 witherspoon run-postinsts[902]: rm: can't remove '/etc/rpm-postinsts': Invalid argument
Jul 31 21:09:54 witherspoon run-postinsts[902]:  Removing any system startup links for run-postinsts ...
Jul 31 21:09:54 witherspoon systemctl[933]: Removed /etc/systemd/system/sysinit.target.wants/run-postinsts.service.
Jul 31 21:09:54 witherspoon systemd[1]: Reloading.
Jul 31 21:09:57 witherspoon systemd[1]: Started Run pending postinsts.
Jul 31 21:09:57 witherspoon systemd[1]: Reached target System Initialization.
Jul 31 21:09:57 witherspoon systemd[1]: Listening on Avahi mDNS/DNS-SD Stack Activation Socket.
Jul 31 21:09:57 witherspoon systemd[1]: Listening on dropbear.socket.
Jul 31 21:09:57 witherspoon systemd[1]: Listening on Phosphor Host Console SSH Per-Connection socket.
Jul 31 21:09:57 witherspoon systemd[1]: Listening on Phosphor Webserver socket.
Jul 31 21:09:57 witherspoon systemd[1]: Listening on Phosphor DBUS Browser socket.
Jul 31 21:09:57 witherspoon systemd[1]: Listening on D-Bus System Message Bus Socket.
Jul 31 21:09:57 witherspoon systemd[1]: Started Daily Cleanup of Temporary Directories.
Jul 31 21:09:57 witherspoon systemd[1]: Reached target Timers.
Jul 31 21:09:57 witherspoon systemd[1]: Listening on phosphor-ipmi-net.socket.
Jul 31 21:09:58 witherspoon systemd[1]: Reached target Sockets.
Jul 31 21:09:58 witherspoon systemd[1]: Reached target Basic System.
Jul 31 21:09:58 witherspoon systemd[1]: Started Phosphor sysfs LED controller.
Jul 31 21:09:58 witherspoon systemd[1]: Started Phosphor sysfs LED controller.
Jul 31 21:09:58 witherspoon systemd[1]: Started Kernel Logging Service.
Jul 31 21:09:58 witherspoon systemd[1]: Starting Phosphor IPMI BT DBus Bridge...
Jul 31 21:09:58 witherspoon systemd[1]: Starting Phosphor Sensor Manager...
Jul 31 21:09:58 witherspoon systemd[1]: Started Phosphor sysfs LED controller.
Jul 31 21:09:58 witherspoon systemd[1]: Starting Phosphor User Manager...
Jul 31 21:09:58 witherspoon systemd[1]: Started Phosphor sysfs LED controller.
Jul 31 21:09:58 witherspoon kernel[947]: klogd started: BusyBox v1.24.1 (2017-06-16 19:29:08 UTC)
Jul 31 21:09:59 witherspoon systemd[1]: Started System Logging Service.
Jul 31 21:09:59 witherspoon systemd[1]: Starting Phosphor Settings Daemon...
Jul 31 21:09:59 witherspoon systemd[1]: Started Phosphor sysfs LED controller.
Jul 31 21:09:59 witherspoon systemd[1]: Starting Avahi mDNS/DNS-SD Stack...
Jul 31 21:09:59 witherspoon systemd[1]: Started D-Bus System Message Bus.
Jul 31 21:09:59 witherspoon kernel[947]: [    0.000000] Booting Linux on physical CPU 0x0
Jul 31 21:09:59 witherspoon kernel[947]: [    0.000000] Linux version 4.10.17-44f0dc8ac43162c4f7082884d6cd79400341bf5b (jenkins@openbmc-builder1) (gcc version 6.2.0 (GCC) ) #1 Mon Jul 31 20:21:34 UTC 2017
Jul 31 21:09:59 witherspoon kernel[947]: [    0.000000] CPU: ARMv6-compatible processor [410fb767] revision 7 (ARMv7), cr=00c5387d
Jul 31 21:09:59 witherspoon kernel[947]: [    0.000000] CPU: PIPT / VIPT nonaliasing data cache, VIPT nonaliasing instruction cache
Jul 31 21:09:59 witherspoon kernel[947]: [    0.000000] OF: fdt:Machine model: Witherspoon BMC
Jul 31 21:09:59 witherspoon kernel[947]: [    0.000000] Memory policy: Data cache writeback
Jul 31 21:09:59 witherspoon kernel[947]: [    0.000000] SOC Rev: 04030303
Jul 31 21:09:59 witherspoon kernel[947]: [    0.000000] On node 0 totalpages: 110592
Jul 31 21:09:59 witherspoon kernel[947]: [    0.000000] free_area_init_node: node 0, pgdat 805ff5e4, node_mem_map 9ec1a000
Jul 31 21:09:59 witherspoon kernel[947]: [    0.000000]   Normal zone: 992 pages used for memmap
Jul 31 21:09:59 witherspoon kernel[947]: [    0.000000]   Normal zone: 0 pages reserved
Jul 31 21:09:59 witherspoon kernel[947]: [    0.000000]   Normal zone: 110592 pages, LIFO batch:31
Jul 31 21:09:59 witherspoon kernel[947]: [    0.000000] pcpu-alloc: s0 r0 d32768 u32768 alloc=1*32768
Jul 31 21:09:59 witherspoon kernel[947]: [    0.000000] pcpu-alloc: [0] 0
Jul 31 21:09:59 witherspoon kernel[947]: [    0.000000] Built 1 zonelists in Zone order, mobility grouping on.  Total pages: 109600
Jul 31 21:09:59 witherspoon kernel[947]: [    0.000000] Kernel command line: console=ttyS4,115200n8 root=/dev/ram rw
Jul 31 21:09:59 witherspoon kernel[947]: [    0.000000] PID hash table entries: 2048 (order: 1, 8192 bytes)
Jul 31 21:09:59 witherspoon kernel[947]: [    0.000000] Dentry cache hash table entries: 65536 (order: 6, 262144 bytes)
Jul 31 21:09:59 witherspoon kernel[947]: [    0.000000] Inode-cache hash table entries: 32768 (order: 5, 131072 bytes)
Jul 31 21:09:59 witherspoon kernel[947]: [    0.000000] Memory: 430436K/442368K available (4065K kernel code, 280K rwdata, 1192K rodata, 284K init, 111K bss, 11932K reserved, 0K cma-reserved)
Jul 31 21:09:59 witherspoon kernel[947]: [    0.000000] Virtual kernel memory layout:
Jul 31 21:09:59 witherspoon kernel[947]: [    0.000000]     vector  : 0xffff0000 - 0xffff1000   (   4 kB)
Jul 31 21:09:59 witherspoon kernel[947]: [    0.000000]     fixmap  : 0xffc00000 - 0xfff00000   (3072 kB)
Jul 31 21:09:59 witherspoon kernel[947]: [    0.000000]     vmalloc : 0x9f800000 - 0xff800000   (1536 MB)
Jul 31 21:09:59 witherspoon kernel[947]: [    0.000000]     lowmem  : 0x80000000 - 0x9f000000   ( 496 MB)
Jul 31 21:09:59 witherspoon kernel[947]: [    0.000000]       .text : 0x80008000 - 0x804007a0   (4066 kB)
Jul 31 21:09:59 witherspoon kernel[947]: [    0.000000]       .init : 0x80585000 - 0x805cc000   ( 284 kB)
Jul 31 21:09:59 witherspoon kernel[947]: [    0.000000]       .data : 0x805cc000 - 0x80612358   ( 281 kB)
Jul 31 21:09:59 witherspoon kernel[947]: [    0.000000]        .bss : 0x80612358 - 0x8062e1f8   ( 112 kB)
Jul 31 21:09:59 witherspoon kernel[947]: [    0.000000] NR_IRQS:16 nr_irqs:16 16
Jul 31 21:09:59 witherspoon kernel[947]: [    0.000000] i2c controller registered, irq 16
Jul 31 21:09:59 witherspoon kernel[947]: [    0.000000] clocksource: moxart_timer: mask: 0xffffffff max_cycles: 0xffffffff, max_idle_ns: 77222644334 ns
Jul 31 21:09:59 witherspoon kernel[947]: [    0.000000] sched_clock: 32 bits at 100 Hz, resolution 10000000ns, wraps every 21474836475000000ns
Jul 31 21:09:59 witherspoon kernel[947]: [    0.090000] Calibrating delay loop... 789.70 BogoMIPS (lpj=3948544)
Jul 31 21:09:59 witherspoon kernel[947]: [    0.090000] pid_max: default: 32768 minimum: 301
Jul 31 21:09:59 witherspoon kernel[947]: [    0.090000] Mount-cache hash table entries: 1024 (order: 0, 4096 bytes)
Jul 31 21:09:59 witherspoon kernel[947]: [    0.090000] Mountpoint-cache hash table entries: 1024 (order: 0, 4096 bytes)
Jul 31 21:09:59 witherspoon kernel[947]: [    0.090000] CPU: Testing write buffer coherency: ok
Jul 31 21:09:59 witherspoon kernel[947]: [    0.090000] ftrace: allocating 14932 entries in 44 pages
Jul 31 21:09:59 witherspoon kernel[947]: [    0.120000] Setting up static identity map for 0x80008200 - 0x8000825c
Jul 31 21:09:59 witherspoon kernel[947]: [    0.120000] devtmpfs: initialized
Jul 31 21:09:59 witherspoon kernel[947]: [    0.140000] clocksource: jiffies: mask: 0xffffffff max_cycles: 0xffffffff, max_idle_ns: 19112604462750000 ns
Jul 31 21:09:59 witherspoon kernel[947]: [    0.140000] futex hash table entries: 256 (order: -1, 3072 bytes)
Jul 31 21:09:59 witherspoon kernel[947]: [    0.140000] pinctrl core: initialized pinctrl subsystem
Jul 31 21:09:59 witherspoon kernel[947]: [    0.140000] NET: Registered protocol family 16
Jul 31 21:09:59 witherspoon kernel[947]: [    0.140000] DMA: preallocated 256 KiB pool for atomic coherent allocations
Jul 31 21:09:59 witherspoon kernel[947]: [    0.210000] usbcore: registered new interface driver usbfs
Jul 31 21:09:59 witherspoon kernel[947]: [    0.210000] usbcore: registered new interface driver hub
Jul 31 21:09:59 witherspoon kernel[947]: [    0.210000] usbcore: registered new device driver usb
Jul 31 21:09:59 witherspoon kernel[947]: [    0.220000] clocksource: Switched to clocksource moxart_timer
Jul 31 21:09:59 witherspoon kernel[947]: [    0.240000] NET: Registered protocol family 2
Jul 31 21:09:59 witherspoon kernel[947]: [    0.240000] TCP established hash table entries: 4096 (order: 2, 16384 bytes)
Jul 31 21:09:59 witherspoon kernel[947]: [    0.240000] TCP bind hash table entries: 4096 (order: 2, 16384 bytes)
Jul 31 21:09:59 witherspoon kernel[947]: [    0.240000] TCP: Hash tables configured (established 4096 bind 4096)
Jul 31 21:09:59 witherspoon kernel[947]: [    0.240000] UDP hash table entries: 256 (order: 0, 4096 bytes)
Jul 31 21:09:59 witherspoon kernel[947]: [    0.240000] UDP-Lite hash table entries: 256 (order: 0, 4096 bytes)
Jul 31 21:09:59 witherspoon kernel[947]: [    0.240000] NET: Registered protocol family 1
Jul 31 21:09:59 witherspoon kernel[947]: [    0.240000] Trying to unpack rootfs image as initramfs...
Jul 31 21:09:59 witherspoon kernel[947]: [    1.910000] Freeing initrd memory: 1548K
Jul 31 21:09:59 witherspoon kernel[947]: [    1.910000] workingset: timestamp_bits=30 max_order=17 bucket_order=0
Jul 31 21:09:59 witherspoon kernel[947]: [    1.910000] squashfs: version 4.0 (2009/01/31) Phillip Lougher
Jul 31 21:09:59 witherspoon kernel[947]: [    1.910000] jffs2: version 2.2. (SUMMARY)  © 2001-2006 Red Hat, Inc.
Jul 31 21:09:59 witherspoon kernel[947]: [    1.910000] Block layer SCSI generic (bsg) driver version 0.4 loaded (major 250)
Jul 31 21:09:59 witherspoon kernel[947]: [    1.910000] io scheduler noop registered
Jul 31 21:09:59 witherspoon kernel[947]: [    1.910000] io scheduler deadline registered
Jul 31 21:09:59 witherspoon kernel[947]: [    1.910000] io scheduler cfq registered (default)
Jul 31 21:09:59 witherspoon kernel[947]: [    2.060000] ipmi-bt-host 1e789140.ibt: Found bt bmc device
Jul 31 21:09:59 witherspoon kernel[947]: [    2.060000] ipmi-bt-host 1e789140.ibt: Using IRQ 22
Jul 31 21:09:59 witherspoon kernel[947]: [    2.060000] Serial: 8250/16550 driver, 6 ports, IRQ sharing enabled
Jul 31 21:09:59 witherspoon kernel[947]: [    2.060000] 1e783000.serial: ttyS0 at MMIO 0x1e783000 (irq = 23, base_baud = 1500000) is a 16550A
Jul 31 21:09:59 witherspoon kernel[947]: [    2.060000] 1e78d000.serial: ttyS1 at MMIO 0x1e78d000 (irq = 24, base_baud = 1500000) is a 16550A
Jul 31 21:09:59 witherspoon kernel[947]: [    2.060000] 1e784000.serial: ttyS4 at MMIO 0x1e784000 (irq = 25, base_baud = 1500000) is a 16550A
Jul 31 21:09:59 witherspoon kernel[947]: [    2.410000] console [ttyS4] enabled
Jul 31 21:09:59 witherspoon kernel[947]: [    2.410000] 1e787000.vuart: ttyS2 at MMIO 0x1e787000 (irq = 22, base_baud = 1500000) is a 16550A
Jul 31 21:09:59 witherspoon kernel[947]: [    2.600000] timeriomem_rng 1e6e2078.hwrng: 32bits from 0xf00e2078 @ 1us
Jul 31 21:09:59 witherspoon kernel[947]: [    2.610000] random: fast init done
Jul 31 21:09:59 witherspoon kernel[947]: [    2.660000] brd: module loaded
Jul 31 21:09:59 witherspoon kernel[947]: [    2.680000] random: crng init done
Jul 31 21:09:59 witherspoon kernel[947]: [    2.690000] loop: module loaded
Jul 31 21:09:59 witherspoon kernel[947]: [    2.690000] aspeed-lpc-ctrl 1e789080.lpc-ctrl: Loaded at 0x98000000 (0x04000000)
Jul 31 21:09:59 witherspoon kernel[947]: [    2.700000] aspeed-smc 1e620000.flash-controller: Using IRQ 18
Jul 31 21:09:59 witherspoon kernel[947]: [    2.700000] aspeed-smc 1e620000.flash-controller: DMA support disabled.
Jul 31 21:09:59 witherspoon kernel[947]: [    2.710000] aspeed-smc 1e620000.flash-controller: mx25l25635e (32768 Kbytes)
Jul 31 21:09:59 witherspoon kernel[947]: [    2.710000] aspeed-smc 1e620000.flash-controller: CE0 window [ 0x20000000 - 0x22000000 ] 32MB
Jul 31 21:09:59 witherspoon kernel[947]: [    2.710000] aspeed-smc 1e620000.flash-controller: CE1 window [ 0x22000000 - 0x2a000000 ] 128MB
Jul 31 21:09:59 witherspoon kernel[947]: [    2.740000] 5 ofpart partitions found on MTD device bmc
Jul 31 21:09:59 witherspoon kernel[947]: [    2.740000] Creating 5 MTD partitions on "bmc":
Jul 31 21:09:59 witherspoon kernel[947]: [    2.740000] 0x000000000000-0x000000060000 : "u-boot"
Jul 31 21:09:59 witherspoon kernel[947]: [    2.740000] 0x000000060000-0x000000080000 : "u-boot-env"
Jul 31 21:09:59 witherspoon kernel[947]: [    2.770000] 0x000000080000-0x0000004c0000 : "kernel"
Jul 31 21:09:59 witherspoon kernel[947]: [    2.780000] 0x0000004c0000-0x000001c00000 : "rofs"
Jul 31 21:09:59 witherspoon kernel[947]: [    2.790000] 0x000001c00000-0x000002000000 : "rwfs"
Jul 31 21:09:59 witherspoon kernel[947]: [    2.800000] aspeed-smc 1e620000.flash-controller: mx25l25635e (32768 Kbytes)
Jul 31 21:09:59 witherspoon kernel[947]: [    2.810000] aspeed-smc 1e620000.flash-controller: CE1 window [ 0x22000000 - 0x24000000 ] 32MB
Jul 31 21:09:59 witherspoon kernel[947]: [    2.810000] aspeed-smc 1e620000.flash-controller: CE2 window [ 0x24000000 - 0x2c000000 ] 128MB
Jul 31 21:09:59 witherspoon kernel[947]: [    2.830000] aspeed-smc 1e630000.flash-controller: mx66l1g45g (131072 Kbytes)
Jul 31 21:09:59 witherspoon kernel[947]: [    2.840000] aspeed-smc 1e630000.flash-controller: CE0 window resized to 120MB (AST2500 HW quirk)
Jul 31 21:09:59 witherspoon kernel[947]: [    2.840000] aspeed-smc 1e630000.flash-controller: CE0 window [ 0x30000000 - 0x37800000 ] 120MB
Jul 31 21:09:59 witherspoon kernel[947]: [    2.860000] aspeed-smc 1e630000.flash-controller: CE0 window too small for chip 128MB
Jul 31 21:09:59 witherspoon kernel[947]: [    2.860000] aspeed-smc 1e630000.flash-controller: CE1 window [ 0x37800000 - 0x38000000 ] 8MB
Jul 31 21:09:59 witherspoon kernel[947]: [    3.630000] libphy: Fixed MDIO Bus: probed
Jul 31 21:09:59 witherspoon kernel[947]: [    3.630000] ftgmac100 1e660000.ethernet: Read MAC address 70:e2:84:14:28:a9 from chip
Jul 31 21:09:59 witherspoon kernel[947]: [    3.630000] ftgmac100 1e660000.ethernet: Using NCSI interface
Jul 31 21:09:59 witherspoon kernel[947]: [    3.630000] ftgmac100 1e660000.ethernet eth0: irq 20, mapped at f0060000
Jul 31 21:09:59 witherspoon kernel[947]: [    3.630000] ehci_hcd: USB 2.0 'Enhanced' Host Controller (EHCI) Driver
Jul 31 21:09:59 witherspoon kernel[947]: [    3.630000] ehci-platform: EHCI generic platform driver
Jul 31 21:09:59 witherspoon kernel[947]: [    3.840000]  fsi0: can't read slave 00:00 -5
Jul 31 21:09:59 witherspoon kernel[947]: [    3.840000] i2c /dev entries driver
Jul 31 21:09:59 witherspoon kernel[947]: [    3.840000] aspeed-i2c-bus 1e78a0c0.i2c-bus: i2c bus 2 registered, irq 26
Jul 31 21:09:59 witherspoon kernel[947]: [    3.840000] aspeed-i2c-bus 1e78a100.i2c-bus: i2c bus 3 registered, irq 27
Jul 31 21:09:59 witherspoon kernel[947]: [    3.840000] aspeed-i2c-bus 1e78a140.i2c-bus: i2c bus 4 registered, irq 28
Jul 31 21:09:59 witherspoon kernel[947]: [    3.840000] aspeed-i2c-bus 1e78a180.i2c-bus: i2c bus 5 registered, irq 29
Jul 31 21:09:59 witherspoon kernel[947]: [    3.840000] aspeed-i2c-bus 1e78a380.i2c-bus: i2c bus 9 registered, irq 30
Jul 31 21:09:59 witherspoon kernel[947]: [    3.840000] aspeed-i2c-bus 1e78a3c0.i2c-bus: i2c bus 10 registered, irq 31
Jul 31 21:09:59 witherspoon kernel[947]: [    3.840000] rtc-rv8803 11-0032: Voltage low, temperature compensation stopped.
Jul 31 21:09:59 witherspoon kernel[947]: [    3.940000] rtc-rv8803 11-0032: rtc core: registered rx8900 as rtc0
Jul 31 21:09:59 witherspoon kernel[947]: [    3.950000] at24 11-0051: 8192 byte 24c64 EEPROM, writable, 1 bytes/write
Jul 31 21:09:59 witherspoon kernel[947]: [    3.950000] aspeed-i2c-bus 1e78a400.i2c-bus: i2c bus 11 registered, irq 32
Jul 31 21:09:59 witherspoon kernel[947]: [    3.950000] aspeed-i2c-bus 1e78a440.i2c-bus: i2c bus 12 registered, irq 33
Jul 31 21:09:59 witherspoon kernel[947]: [    3.950000] aspeed-i2c-bus 1e78a480.i2c-bus: i2c bus 13 registered, irq 34
Jul 31 21:09:59 witherspoon kernel[947]: [    3.950000] Driver for 1-wire Dallas network protocol.
Jul 31 21:09:59 witherspoon kernel[947]: [    3.950000] lm75 9-004a: hwmon0: sensor 'tmp275'
Jul 31 21:09:59 witherspoon kernel[947]: [    4.430000] max31785: probe of 3-0052 failed with error -5
Jul 31 21:09:59 witherspoon kernel[947]: [    4.440000] ucd9000 11-0064: Device ID UCD90160|2.3.4.0000|110603
Jul 31 21:09:59 witherspoon kernel[947]: [    4.770000] leds-pca955x 3-0060: leds-pca955x: Using pca9552 16-bit LED driver at slave address 0x60
Jul 31 21:09:59 witherspoon kernel[947]: [    4.800000] leds-pca955x 11-0060: leds-pca955x: Using pca9552 16-bit LED driver at slave address 0x60
Jul 31 21:09:59 witherspoon kernel[947]: [    4.810000] leds-pca955x 11-0060: gpios 264...279
Jul 31 21:09:59 witherspoon kernel[947]: [    4.810000] usbcore: registered new interface driver usbhid
Jul 31 21:09:59 witherspoon kernel[947]: [    4.820000] usbhid: USB HID core driver
Jul 31 21:09:59 witherspoon kernel[947]: [    4.850000] dps310 3-0076: iio:device1: sensor 'dps310'
Jul 31 21:09:59 witherspoon kernel[947]: [    4.850000] NET: Registered protocol family 10
Jul 31 21:09:59 witherspoon kernel[947]: [    4.860000] Segment Routing with IPv6
Jul 31 21:09:59 witherspoon kernel[947]: [    4.860000] NET: Registered protocol family 17
Jul 31 21:09:59 witherspoon kernel[947]: [    4.860000] 8021q: 802.1Q VLAN Support v1.8
Jul 31 21:09:59 witherspoon kernel[947]: [    4.880000] console [netcon0] enabled
Jul 31 21:09:59 witherspoon kernel[947]: [    4.880000] netconsole: network logging started
Jul 31 21:09:59 witherspoon kernel[947]: [    4.880000] input: gpio-keys as /devices/platform/gpio-keys/input/input0
Jul 31 21:09:59 witherspoon kernel[947]: [    4.900000] rtc-rv8803 11-0032: setting system clock to 2017-07-31 21:09:29 UTC (1501535369)
Jul 31 21:09:59 witherspoon kernel[947]: [    4.910000] Freeing unused kernel memory: 284K
Jul 31 21:09:59 witherspoon kernel[947]: [    4.910000] This architecture does not have kernel memory protection.
Jul 31 21:09:59 witherspoon kernel[947]: [    6.590000] jffs2: notice: (524) jffs2_build_xattr_subsystem: complete building xattr subsystem, 0 of xdatum (0 unchecked, 0 orphan) and 0 of xref (0 dead, 0 orphan) found.
Jul 31 21:09:59 witherspoon kernel[947]: [    8.700000] systemd[1]: Failed to insert module 'autofs4': No such file or directory
Jul 31 21:09:59 witherspoon kernel[947]: [    8.900000] systemd[1]: systemd 232 running in system mode. (+PAM -AUDIT -SELINUX -IMA -APPARMOR -SMACK +SYSVINIT -UTMP -LIBCRYPTSETUP -GCRYPT -GNUTLS +ACL +XZ -LZ4 -SECCOMP +BLKID -ELFUTILS +KMOD -IDN)
Jul 31 21:09:59 witherspoon kernel[947]: [    8.900000] systemd[1]: Detected architecture arm.
Jul 31 21:09:59 witherspoon kernel[947]: [    9.060000] systemd[1]: Set hostname to <witherspoon>.
Jul 31 21:09:59 witherspoon kernel[947]: [   10.640000] systemd[1]: Listening on udev Kernel Socket.
Jul 31 21:09:59 witherspoon kernel[947]: [   10.790000] systemd[1]: Listening on Journal Socket.
Jul 31 21:09:59 witherspoon kernel[947]: [   10.950000] systemd[1]: Started Dispatch Password Requests to Console Directory Watch.
Jul 31 21:09:59 witherspoon kernel[947]: [   11.110000] systemd[1]: Listening on Journal Socket (/dev/log).
Jul 31 21:09:59 witherspoon kernel[947]: [   11.280000] systemd[1]: Started Forward Password Requests to Wall Directory Watch.
Jul 31 21:09:59 witherspoon kernel[947]: [   11.460000] systemd[1]: Reached target Paths.
Jul 31 21:09:59 witherspoon kernel[947]: [   11.640000] systemd[1]: Listening on Network Service Netlink Socket.
Jul 31 21:09:59 witherspoon kernel[947]: [   14.100000] systemd[1]: Created slice system-org.openbmc.buttons.reset.slice.
Jul 31 21:09:59 witherspoon kernel[947]: [   14.360000] systemd[1]: Reached target Slices.
Jul 31 21:09:59 witherspoon kernel[947]: [   14.630000] systemd[1]: dev-hugepages.mount: Couldn't determine result for ConditionVirtualization=!private-users, assuming failed: No such file or directory
Jul 31 21:09:59 witherspoon kernel[947]: [   14.630000] systemd[1]: Created slice system-op\x2dreset\x2dchassis\x2drunning.slice.
Jul 31 21:09:59 witherspoon kernel[947]: [   14.910000] systemd[1]: Mounting Debug File System...
Jul 31 21:09:59 witherspoon kernel[947]: [   15.190000] systemd[1]: Starting Remount Root and Kernel File Systems...
Jul 31 21:09:59 witherspoon kernel[947]: [   15.480000] systemd[1]: Created slice system-phosphor\x2ddiscover\x2dsystem\x2dstate.slice.
Jul 31 21:09:59 witherspoon kernel[947]: [   15.780000] systemd[1]: Created slice system-getty.slice.
Jul 31 21:09:59 witherspoon kernel[947]: [   16.080000] systemd[1]: Created slice system-phosphor\x2dreset\x2dhost\x2dcheck.slice.
Jul 31 21:09:59 witherspoon kernel[947]: [   16.390000] systemd[1]: Starting udev Coldplug all Devices...
Jul 31 21:09:59 witherspoon kernel[947]: [   19.110000] systemd[1]: Starting Apply Kernel Variables...
Jul 31 21:09:59 witherspoon kernel[947]: [   19.480000] systemd[1]: Created slice system-org.openbmc.control.Power.slice.
Jul 31 21:09:59 witherspoon kernel[947]: [   19.860000] systemd[1]: Created slice system-op\x2dreset\x2dchassis\x2don.slice.
Jul 31 21:09:59 witherspoon kernel[947]: [   20.240000] systemd[1]: Mounted Debug File System.
Jul 31 21:09:59 witherspoon kernel[947]: [   20.630000] systemd[1]: Mounted Temporary Directory.
Jul 31 21:09:59 witherspoon kernel[947]: [   21.030000] systemd[1]: Started Journal Service.
Jul 31 21:09:59 witherspoon kernel[947]: [   23.550000] systemd-journald[542]: Received request to flush runtime journal from PID 1
Jul 31 21:10:01 witherspoon avahi-daemon[956]: Found user 'avahi' (UID 998) and group 'avahi' (GID 999).
Jul 31 21:10:01 witherspoon avahi-daemon[956]: Successfully dropped root privileges.
Jul 31 21:10:01 witherspoon avahi-daemon[956]: avahi-daemon 0.6.32 starting up.
Jul 31 21:10:03 witherspoon avahi-daemon[956]: Successfully called chroot().
Jul 31 21:10:03 witherspoon avahi-daemon[956]: Successfully dropped remaining capabilities.
Jul 31 21:10:03 witherspoon avahi-daemon[956]: Loading service file /services/obmc_console.service.
Jul 31 21:10:03 witherspoon avahi-daemon[956]: Loading service file /services/phosphor_rest.service.
Jul 31 21:10:03 witherspoon avahi-daemon[956]: Loading service file /services/sftp-ssh.service.
Jul 31 21:10:03 witherspoon avahi-daemon[956]: Loading service file /services/sftp.service.
Jul 31 21:10:03 witherspoon avahi-daemon[956]: Loading service file /services/ssh.service.
Jul 31 21:10:03 witherspoon avahi-daemon[956]: Network interface enumeration completed.
Jul 31 21:10:03 witherspoon avahi-daemon[956]: Server startup complete. Host name is witherspoon.local. Local service cookie is 2033192400.
Jul 31 21:10:03 witherspoon avahi-daemon[956]: Service "witherspoon" (/services/ssh.service) successfully established.
Jul 31 21:10:03 witherspoon avahi-daemon[956]: Service "sftp" (/services/sftp.service) successfully established.
Jul 31 21:10:03 witherspoon avahi-daemon[956]: Service "witherspoon" (/services/sftp-ssh.service) successfully established.
Jul 31 21:10:03 witherspoon avahi-daemon[956]: Service "phosphor_rest" (/services/phosphor_rest.service) successfully established.
Jul 31 21:10:03 witherspoon avahi-daemon[956]: Service "obmc_console" (/services/obmc_console.service) successfully established.
Jul 31 21:10:03 witherspoon systemd[1]: Started Avahi mDNS/DNS-SD Stack.
Jul 31 21:10:03 witherspoon systemd[1]: Started Phosphor IPMI BT DBus Bridge.
Jul 31 21:10:03 witherspoon systemd[1]: Started Phosphor Settings Daemon.
Jul 31 21:10:04 witherspoon systemd[1]: Starting Network Service...
Jul 31 21:10:04 witherspoon systemd[1]: Starting Phosphor Log Manager...
Jul 31 21:10:04 witherspoon systemd[1]: Starting Phosphor Download Manager...
Jul 31 21:10:04 witherspoon systemd[1]: Started Phosphor sysfs LED controller.
Jul 31 21:10:04 witherspoon systemd[1]: Starting Phosphor Inventory Manager...
Jul 31 21:10:04 witherspoon systemd[1]: Started Phosphor sysfs LED controller.
Jul 31 21:10:04 witherspoon systemd[1]: Starting Phosphor Chassis0 Control...
Jul 31 21:10:04 witherspoon systemd[1]: Started Phosphor sysfs LED controller.
Jul 31 21:10:04 witherspoon systemd[1]: Starting Phosphor DBus Service Discovery Manager...
Jul 31 21:10:04 witherspoon systemd[1]: Started Phosphor MBOX Daemon.
Jul 31 21:10:04 witherspoon systemd[1]: Started Phosphor sysfs LED controller.
Jul 31 21:10:05 witherspoon systemd[1]: Starting Phosphor LED Group Management Daemon...
Jul 31 21:10:05 witherspoon systemd[1]: Starting OpenBMC Software Update Manager...
Jul 31 21:10:05 witherspoon systemd[1]: Starting Attach the PNOR mtd device to UBI...
Jul 31 21:10:05 witherspoon systemd[1]: Started Hardware RNG Entropy Gatherer Daemon.
Jul 31 21:10:06 witherspoon systemd[1]: Starting Phosphor Network Manager...
Jul 31 21:10:06 witherspoon systemd[1]: Started Phosphor Console Muxer listening on device /dev/ttyVUART0.
Jul 31 21:10:06 witherspoon systemd[1]: Started Phosphor Dump core monitor..
Jul 31 21:10:06 witherspoon systemd[1]: Reached target Containers.
Jul 31 21:10:06 witherspoon systemd[1]: Starting Phosphor BMC0 Control...
Jul 31 21:10:06 witherspoon systemd[1]: Starting Phosphor Download Manager...
Jul 31 21:10:06 witherspoon systemd[1]: Starting Phosphor Inventory Manager...
Jul 31 21:10:06 witherspoon systemd[1]: Started Phosphor sysfs LED controller.
Jul 31 21:10:07 witherspoon systemd[1]: Starting Phosphor Dump Manager...
Jul 31 21:10:07 witherspoon systemd[1]: Starting Clear one time boot overrides...
Jul 31 21:10:07 witherspoon kernel: ubi7: default fastmap pool size: 100
Jul 31 21:10:07 witherspoon kernel: ubi7: default fastmap WL pool size: 50
Jul 31 21:10:07 witherspoon kernel: ubi7: attaching mtd7
Jul 31 21:10:07 witherspoon kernel: ubi7: scanning is finished
Jul 31 21:10:07 witherspoon kernel: ubi7 error: ubi_read_volume_table: the layout volume was not found
Jul 31 21:10:07 witherspoon kernel: ubi7 error: ubi_attach_mtd_dev: failed to attach mtd7, error -22
Jul 31 21:10:07 witherspoon kernel[947]: [   42.570000] ubi7: default fastmap pool size: 100
Jul 31 21:10:07 witherspoon kernel[947]: [   42.570000] ubi7: default fastmap WL pool size: 50
Jul 31 21:10:07 witherspoon kernel[947]: [   42.570000] ubi7: attaching mtd7
Jul 31 21:10:07 witherspoon kernel[947]: [   42.570000] ubi7: scanning is finished
Jul 31 21:10:07 witherspoon kernel[947]: [   42.570000] ubi7 error: ubi_read_volume_table: the layout volume was not found
Jul 31 21:10:07 witherspoon kernel[947]: [   42.620000] ubi7 error: ubi_attach_mtd_dev: failed to attach mtd7, error -22
Jul 31 21:10:07 witherspoon systemd-networkd[959]: Could not create runtime directory: File exists
Jul 31 21:10:07 witherspoon systemd-networkd[959]: Could not create runtime directory 'links': File exists
Jul 31 21:10:07 witherspoon systemd-networkd[959]: Could not create runtime directory 'leases': File exists
Jul 31 21:10:07 witherspoon obmc-flash-bios[972]: ubiattach: error!: cannot attach mtd7
Jul 31 21:10:07 witherspoon obmc-flash-bios[972]:            error 22 (Invalid argument)
Jul 31 21:10:07 witherspoon obmc-flash-bios[972]: Starting ubiformat /dev/mtd7
Jul 31 21:10:08 witherspoon systemd-networkd[959]: Enumeration completed
Jul 31 21:10:08 witherspoon systemd-networkd[959]: eth0: IPv6 enabled for interface: Success
Jul 31 21:10:08 witherspoon systemd[1]: Started Network Service.
Jul 31 21:10:08 witherspoon avahi-daemon[956]: Joining mDNS multicast group on interface eth0.IPv4 with address 9.3.21.61.
Jul 31 21:10:08 witherspoon avahi-daemon[956]: New relevant interface eth0.IPv4 for mDNS.
Jul 31 21:10:08 witherspoon systemd[1]: Started Clear one time boot overrides.
Jul 31 21:10:08 witherspoon avahi-daemon[956]: Registering new address record for 9.3.21.61 on eth0.IPv4.
Jul 31 21:10:08 witherspoon systemd[1]: Started Phosphor Log Manager.
Jul 31 21:10:08 witherspoon systemd-networkd[959]: eth0: Gained carrier
Jul 31 21:10:08 witherspoon systemd[1]: Started Phosphor LED Group Management Daemon.
Jul 31 21:10:08 witherspoon systemd-timesyncd[904]: Network configuration changed, trying to establish connection.
Jul 31 21:10:08 witherspoon systemd[1]: Started OpenBMC Software Update Manager.
Jul 31 21:10:08 witherspoon systemd[1]: Started Phosphor Download Manager.
Jul 31 21:10:08 witherspoon systemd[1]: Started Phosphor Inventory Manager.
Jul 31 21:10:08 witherspoon systemd[1]: Reached target Network.
Jul 31 21:10:08 witherspoon systemd[1]: Started Lightweight SLP Server.
Jul 31 21:10:08 witherspoon systemd[1]: Starting Permit User Sessions...
Jul 31 21:10:10 witherspoon systemd[1]: Started Permit User Sessions.
Jul 31 21:10:10 witherspoon systemd[1]: Started Serial Getty on ttyS4.
Jul 31 21:10:10 witherspoon systemd[1]: Reached target Login Prompts.
Jul 31 21:10:10 witherspoon systemd[1]: Started Phosphor Dump Manager.
Jul 31 21:10:10 witherspoon avahi-daemon[956]: Joining mDNS multicast group on interface eth0.IPv6 with address fe80::72e2:84ff:fe14:28a9.
Jul 31 21:10:10 witherspoon systemd-networkd[959]: eth0: Gained IPv6LL
Jul 31 21:10:10 witherspoon avahi-daemon[956]: New relevant interface eth0.IPv6 for mDNS.
Jul 31 21:10:10 witherspoon avahi-daemon[956]: Registering new address record for fe80::72e2:84ff:fe14:28a9 on eth0.*.
Jul 31 21:10:11 witherspoon systemd[1]: Started Phosphor BMC0 Control.
Jul 31 21:10:12 witherspoon kernel: ftgmac100 1e660000.ethernet eth0: NCSI interface up
Jul 31 21:10:12 witherspoon kernel[947]: [   47.690000] ftgmac100 1e660000.ethernet eth0: NCSI interface up
Jul 31 21:10:19 witherspoon systemd[1]: Created slice system-dropbear.slice.
Jul 31 21:10:22 witherspoon systemd[1]: Started SSH Per-Connection Server (9.41.165.94:43086).
Jul 31 21:10:23 witherspoon systemd-networkd[959]: eth0: Configured
Jul 31 21:10:23 witherspoon systemd-timesyncd[904]: Network configuration changed, trying to establish connection.
Jul 31 21:10:28 witherspoon obmc-phosphor-userd[951]: Started
Jul 31 21:10:28 witherspoon systemd[1]: Started Phosphor User Manager.
Jul 31 21:10:28 witherspoon dropbear[1001]: Failed loading /etc/dropbear/dropbear_dss_host_key
Jul 31 21:10:28 witherspoon sensor_manager2.py[949]: Setting boot count to 3
Jul 31 21:10:28 witherspoon dropbear[1001]: Failed loading /etc/dropbear/dropbear_ecdsa_host_key
Jul 31 21:10:28 witherspoon dropbear[1001]: Child connection from ::ffff:9.41.165.94:43086
Jul 31 21:10:28 witherspoon systemd[1]: Started Phosphor Download Manager.
Jul 31 21:10:28 witherspoon sensor_manager2.py[949]: Starting sensor manager
Jul 31 21:10:28 witherspoon download_manager.py[961]: Running Download Manager
Jul 31 21:10:28 witherspoon systemd[1]: Started Phosphor Sensor Manager.
Jul 31 21:10:28 witherspoon chassis_control.py[965]: Running ChassisControlService
Jul 31 21:10:28 witherspoon systemd[1]: Started Phosphor Chassis0 Control.
Jul 31 21:10:30 witherspoon dropbear[1001]: PAM password auth succeeded for 'root' from ::ffff:9.41.165.94:43086
Jul 31 21:10:30 witherspoon phosphor-mapper[967]: ObjectMapper startup complete.  Discovery in progress...
Jul 31 21:10:31 witherspoon dropbear[1002]: lastlog_perform_login: Couldn't stat /var/log/lastlog: No such file or directory
Jul 31 21:10:31 witherspoon dropbear[1002]: lastlog_openseek: /var/log/lastlog is not a file or directory!
Jul 31 21:10:31 witherspoon avahi-daemon[958]: ../../avahi-0.6.32/avahi-daemon/chroot.c: open() failed: No such file or directory
Jul 31 21:10:31 witherspoon avahi-daemon[956]: Failed to open /usr/share/dbus-1/interfaces/org.freedesktop.Avahi.Server.xml: Invalid argument
Jul 31 21:10:31 witherspoon avahi-daemon[956]: Failed to load introspection data.
Jul 31 21:10:32 witherspoon inventory_items.py[963]: Loading from cache: /var/cache/obmc/org.openbmc.inventory.system.chassis.motherboard.apss@org.openbmc.InventoryItem.props
Jul 31 21:10:32 witherspoon inventory_items.py[963]: Loading from cache: /var/cache/obmc/org.openbmc.inventory.system.chassis.motherboard@org.openbmc.InventoryItem.props
Jul 31 21:10:32 witherspoon inventory_items.py[963]: Loading from cache: /var/cache/obmc/org.openbmc.inventory.system.chassis.motherboard.refclock@org.openbmc.InventoryItem.props
Jul 31 21:10:32 witherspoon inventory_items.py[963]: Loading from cache: /var/cache/obmc/org.openbmc.inventory.system.chassis.motherboard.todclock@org.openbmc.InventoryItem.props
Jul 31 21:10:32 witherspoon inventory_items.py[963]: Loading from cache: /var/cache/obmc/org.openbmc.inventory.system.chassis.motherboard.bmc@org.openbmc.InventoryItem.props
Jul 31 21:10:32 witherspoon inventory_items.py[963]: Caching: /org/openbmc/inventory/system/chassis/motherboard/bmc
Jul 31 21:10:32 witherspoon inventory_items.py[963]: Loading from cache: /var/cache/obmc/org.openbmc.inventory.system.chassis.motherboard.pcieclock@org.openbmc.InventoryItem.props
Jul 31 21:10:33 witherspoon inventory_items.py[963]: Running Inventory Manager
Jul 31 21:10:33 witherspoon systemd[1]: Started Phosphor Inventory Manager.
Jul 31 21:10:34 witherspoon systemd[1]: Started Phosphor Network Manager.
Jul 31 21:10:34 witherspoon netman.py[978]: Started
Jul 31 21:10:46 witherspoon phosphor-mapper[967]: ObjectMapper discovery complete
Jul 31 21:10:46 witherspoon systemd[1]: Started Phosphor DBus Service Discovery Manager.
Jul 31 21:10:47 witherspoon systemd[1]: Started Phosphor Hwmon Poller.
Jul 31 21:10:47 witherspoon systemd[1]: Started Phosphor Hwmon Poller.
Jul 31 21:10:47 witherspoon systemd[1]: Started Phosphor Hwmon Poller.
Jul 31 21:10:47 witherspoon systemd[1]: Started Phosphor Hwmon Poller.
Jul 31 21:10:47 witherspoon systemd[1]: Reached target Phosphor Object Mapper.
Jul 31 21:10:47 witherspoon systemd[1]: Starting Wait for /xyz/openbmc_project/state/chassis0...
Jul 31 21:10:47 witherspoon systemd[1]: Starting Wait for /org/openbmc/NetworkManager/Interface...
Jul 31 21:10:47 witherspoon systemd[1]: Reached target Webserver (pre).
Jul 31 21:10:47 witherspoon systemd[1]: Started Phosphor Webserver.
Jul 31 21:10:47 witherspoon systemd[1]: Starting Wait for /xyz/openbmc_project/led/groups/bmc_booted...
Jul 31 21:10:47 witherspoon systemd[1]: Starting Wait for /org/openbmc/control/power0...
Jul 31 21:10:47 witherspoon systemd[1]: Starting Wait for /org/openbmc/control/flash/bios...
Jul 31 21:10:47 witherspoon systemd[1]: Starting Phosphor Settings Manager...
Jul 31 21:10:47 witherspoon systemd[1]: Starting Wait for /xyz/openbmc_project/state/host0...
Jul 31 21:10:47 witherspoon systemd[1]: Starting Wait for /org/openbmc/managers/System...
Jul 31 21:10:47 witherspoon systemd[1]: Starting Wait for /org/openbmc/managers/Download...
Jul 31 21:10:47 witherspoon systemd[1]: Started Phosphor DBus Monitor.
Jul 31 21:10:47 witherspoon systemd[1]: Starting Wait for /xyz/openbmc_project/control/host0...
Jul 31 21:10:47 witherspoon systemd[1]: Starting Phoshpor System Manager...
Jul 31 21:10:47 witherspoon systemd[1]: Starting Wait for /org/openbmc/control/bmc0...
Jul 31 21:10:47 witherspoon systemd[1]: Starting Phosphor Network Manager...
Jul 31 21:10:47 witherspoon systemd[1]: Starting Wait for /xyz/openbmc_project/led/groups...
Jul 31 21:10:47 witherspoon systemd[1]: Starting Wait for /xyz/openbmc_project/inventory...
Jul 31 21:10:47 witherspoon systemd[1]: Started Phosphor Hwmon Poller.
Jul 31 21:10:51 witherspoon systemd[1]: Started Wait for /xyz/openbmc_project/led/groups.
Jul 31 21:10:51 witherspoon systemd[1]: Started FRU Fault monitor service.
Jul 31 21:10:51 witherspoon systemd[1]: Started Wait for /org/openbmc/managers/Download.
Jul 31 21:10:51 witherspoon systemd[1]: Starting Phosphor BIOS Code Update...
Jul 31 21:10:52 witherspoon phosphor-network-manager[1026]: ConfigParser: Section not found
Jul 31 21:10:52 witherspoon phosphor-network-manager[1026]: The operation failed internally.
Jul 31 21:10:52 witherspoon phosphor-network-manager[1026]: ConfigParser: Section not found
Jul 31 21:10:52 witherspoon phosphor-network-manager[1026]: The operation failed internally.
Jul 31 21:10:52 witherspoon phosphor-network-manager[1026]: ConfigParser: Key not found
Jul 31 21:10:52 witherspoon phosphor-network-manager[1026]: The operation failed internally.
Jul 31 21:10:52 witherspoon systemd[1]: Started Wait for /xyz/openbmc_project/led/groups/bmc_booted.
Jul 31 21:10:52 witherspoon systemd[1]: Started Wait for /org/openbmc/NetworkManager/Interface.
Jul 31 21:10:52 witherspoon systemd[1]: Started Wait for /org/openbmc/control/bmc0.
Jul 31 21:10:52 witherspoon systemd[1]: Started Wait for /xyz/openbmc_project/inventory.
Jul 31 21:10:52 witherspoon systemd[1]: Started Phosphor Cooling Type.
Jul 31 21:10:52 witherspoon systemd[1]: Starting OpenPOWER OCC controller...
Jul 31 21:10:52 witherspoon systemd[1]: Starting Read OpenPOWER-format VPD from EEPROM...
Jul 31 21:10:52 witherspoon systemd[1]: Starting Phosphor BMC Code Update...
Jul 31 21:10:52 witherspoon systemd[1]: Started Phosphor DNS Settings Cache Manager.
Jul 31 21:10:52 witherspoon systemd[1]: Starting Assert bmc_booted LED...
Jul 31 21:10:53 witherspoon systemd[1]: Started Phosphor BIOS Code Update.
Jul 31 21:10:55 witherspoon systemd[1]: Started OpenPOWER OCC controller.
Jul 31 21:10:59 witherspoon phosphor-log-manager[960]: Failed to find metadata
Jul 31 21:10:59 witherspoon phosphor-fru-fault-monitor[1030]: /xyz/openbmc_project/logging/entry/1
Jul 31 21:10:59 witherspoon dbus[957]: [system] Activating via systemd: service name='org.freedesktop.hostname1' unit='dbus-org.freedesktop.hostname1.service'
Jul 31 21:10:59 witherspoon systemd[1]: Starting Hostname Service...
Jul 31 21:11:00 witherspoon dbus[957]: [system] Successfully activated service 'org.freedesktop.hostname1'
Jul 31 21:11:00 witherspoon systemd[1]: Started Hostname Service.
Jul 31 21:11:01 witherspoon systemd[1]: Started Phosphor Network Manager.
Jul 31 21:11:04 witherspoon systemd[1]: Started Assert bmc_booted LED.
Jul 31 21:11:06 witherspoon system_manager.py[1024]: Running System State: BASE_APPS
Jul 31 21:11:06 witherspoon system_manager.py[1024]: SystemManager Init Done
Jul 31 21:11:06 witherspoon systemd[1]: Started Phoshpor System Manager.
Jul 31 21:11:06 witherspoon system_manager.py[1024]: Running SystemManager
Jul 31 21:11:06 witherspoon systemd[1]: Started Read OpenPOWER-format VPD from EEPROM.
Jul 31 21:11:08 witherspoon settings_manager.py[1018]: Running HostSettingsService
Jul 31 21:11:08 witherspoon systemd[1]: Started Phosphor Settings Manager.
Jul 31 21:11:08 witherspoon systemd[1]: Starting Wait for /org/openbmc/settings/host0...
Jul 31 21:11:09 witherspoon system_manager.py[1024]: SystemManager Goto System State: BMC_STARTING
Jul 31 21:11:09 witherspoon system_manager.py[1024]: Running System State: BMC_STARTING
Jul 31 21:11:09 witherspoon systemd[1]: Started Phosphor BMC Code Update.
Jul 31 21:11:09 witherspoon bmc_update.py[1045]: Running Bmc Flash Control
Jul 31 21:11:17 witherspoon systemd[1]: Started Wait for /org/openbmc/control/flash/bios.
Jul 31 21:11:17 witherspoon systemd[1]: Started Initialize BIOS Flash.
Jul 31 21:11:19 witherspoon systemd[1]: Started Wait for /org/openbmc/settings/host0.
Jul 31 21:11:19 witherspoon systemd[1]: Started Phosphor Inband IPMI.
Jul 31 21:11:20 witherspoon systemd[1]: Started Wait for /org/openbmc/managers/System.
Jul 31 21:11:20 witherspoon systemd[1]: Starting Phosphor Reset Button0...
Jul 31 21:11:20 witherspoon systemd[1]: Starting Phosphor Power0 Control...
Jul 31 21:11:20 witherspoon systemd[1]: Starting Phosphor Host State Manager...
Jul 31 21:11:20 witherspoon systemd[1]: Starting Phosphor BMC State Manager...
Jul 31 21:11:20 witherspoon systemd[1]: Starting Phosphor Power Button0...
Jul 31 21:11:20 witherspoon systemd[1]: Starting Phosphor Chassis State Manager...
Jul 31 21:11:20 witherspoon phosphor-chassis-state-manager[1071]: Initial Chassis State will be Off
Jul 31 21:11:20 witherspoon systemd[1]: Started Phosphor Chassis State Manager.
Jul 31 21:11:20 witherspoon phosphor-bmc-state-manager[1069]: Setting the BMCState field
Jul 31 21:11:20 witherspoon phosphor-bmc-state-manager[1069]: Setting the BMCState field
Jul 31 21:11:21 witherspoon systemd[1]: Started Phosphor BMC State Manager.
Jul 31 21:11:21 witherspoon phosphor-host-state-manager[1068]: Initial Host State will be Off
Jul 31 21:11:22 witherspoon flash_bios.exe[1032]: Starting flasher: bios,,/org/openbmc/control/flash/bios,
Jul 31 21:11:22 witherspoon flash_bios.exe[1032]: flasher: , BMC = 1, address = 0x0
Jul 31 21:11:22 witherspoon flash_bios.exe[1032]: Setting up flash
Jul 31 21:11:22 witherspoon button_reset.exe[1066]: GPIO Lookup:  RESET_BUTTON = 353,both
Jul 31 21:11:22 witherspoon systemd[1]: Started Phosphor Reset Button0.
Jul 31 21:11:22 witherspoon system_manager.py[1024]: New object: /org/openbmc/control/power0 (:1.73)
Jul 31 21:11:23 witherspoon flash_bios.exe[1032]: Starting flasher: bios,,/org/openbmc/control/flash/bios,
Jul 31 21:11:23 witherspoon flash_bios.exe[1032]: flasher: , BMC = 1, address = 0x0
Jul 31 21:11:23 witherspoon flash_bios.exe[1032]: Setting up flash
Jul 31 21:11:23 witherspoon button_power.exe[1070]: GPIO Lookup:  POWER_BUTTON = 347,both
Jul 31 21:11:23 witherspoon systemd[1]: Started Phosphor Power Button0.
Jul 31 21:11:23 witherspoon system_manager.py[1024]: Power GPIO config: ['SYS_PWROK_BUFF', '', [('SOFTWARE_PGOOD', True), ('BMC_POWER_UP', True)], [('BMC_CP0_RESET_N', False)], [], 'FSI_DATA', 'FSI_CLK', 'FSI_ENABLE', 'CRONUS_SEL', []]
Jul 31 21:11:23 witherspoon power_control.exe[1067]: Power GPIO latch output:
Jul 31 21:11:23 witherspoon power_control.exe[1067]: Power GPIO power good input: SYS_PWROK_BUFF
Jul 31 21:11:23 witherspoon power_control.exe[1067]: Power GPIO 2 power_up outputs
Jul 31 21:11:23 witherspoon power_control.exe[1067]: Power GPIO power_up[0] = SOFTWARE_PGOOD active HIGH
Jul 31 21:11:23 witherspoon power_control.exe[1067]: Power GPIO power_up[1] = BMC_POWER_UP active HIGH
Jul 31 21:11:23 witherspoon power_control.exe[1067]: Power GPIO 1 reset outputs
Jul 31 21:11:23 witherspoon power_control.exe[1067]: Power GPIO reset[0] = BMC_CP0_RESET_N active LOW
Jul 31 21:11:23 witherspoon power_control.exe[1067]: Power GPIO 0 pci reset outputs
Jul 31 21:11:23 witherspoon power_control.exe[1067]: FSI DATA GPIO: FSI_DATA
Jul 31 21:11:23 witherspoon power_control.exe[1067]: FSI CLK GPIO: FSI_CLK
Jul 31 21:11:23 witherspoon power_control.exe[1067]: FSI ENABLE GPIO: FSI_ENABLE
Jul 31 21:11:23 witherspoon power_control.exe[1067]: CRONUS SEL GPIO: CRONUS_SEL
Jul 31 21:11:23 witherspoon power_control.exe[1067]: Hostctl GPIO optionals: 0
Jul 31 21:11:23 witherspoon power_control.exe[1067]: GPIO Lookup:  SYS_PWROK_BUFF = 306,in
Jul 31 21:11:23 witherspoon power_control.exe[1067]: GPIO Lookup:  SOFTWARE_PGOOD = 417,out
Jul 31 21:11:23 witherspoon power_control.exe[1067]: GPIO Lookup:  BMC_POWER_UP = 305,out
Jul 31 21:11:23 witherspoon power_control.exe[1067]: GPIO Lookup:  BMC_CP0_RESET_N = 281,out
Jul 31 21:11:23 witherspoon power_control.exe[1067]: Pgood state: 0
Jul 31 21:11:23 witherspoon systemd[1]: Started Phosphor Power0 Control.
Jul 31 21:11:23 witherspoon systemd[1]: Started Phosphor Host State Manager.
Jul 31 21:11:25 witherspoon phosphor-gevent[1014]: Traceback (most recent call last):
Jul 31 21:11:25 witherspoon phosphor-gevent[1014]:   File "/usr/lib/python2.7/site-packages/gevent/greenlet.py", line 327, in run
Jul 31 21:11:25 witherspoon phosphor-gevent[1014]:     result = self._run(*self.args, **self.kwargs)
Jul 31 21:11:25 witherspoon phosphor-gevent[1014]:   File "/usr/lib/python2.7/site-packages/gevent/server.py", line 102, in wrap_socket_and_handle
Jul 31 21:11:25 witherspoon phosphor-gevent[1014]:     ssl_socket = self.wrap_socket(client_socket, **self.ssl_args)
Jul 31 21:11:26 witherspoon phosphor-gevent[1014]:   File "/usr/lib/python2.7/site-packages/gevent/ssl.py", line 404, in wrap_socket
Jul 31 21:11:26 witherspoon phosphor-gevent[1014]:     ciphers=ciphers)
Jul 31 21:11:26 witherspoon phosphor-gevent[1014]:   File "/usr/lib/python2.7/site-packages/gevent/ssl.py", line 113, in __init__
Jul 31 21:11:26 witherspoon phosphor-gevent[1014]:     self.do_handshake()
Jul 31 21:11:26 witherspoon phosphor-gevent[1014]:   File "/usr/lib/python2.7/site-packages/gevent/ssl.py", line 324, in do_handshake
Jul 31 21:11:26 witherspoon phosphor-gevent[1014]:     return self._sslobj.do_handshake()
Jul 31 21:11:26 witherspoon phosphor-gevent[1014]: SSLEOFError: EOF occurred in violation of protocol (_ssl.c:590)
Jul 31 21:11:26 witherspoon phosphor-gevent[1014]: <Greenlet at 0x75fe63f0: <bound method WSGIServer.wrap_socket_and_handle of <WSGIServer at 0x75fbcb50 fileno=5 address=('::3402:ed76:b0dd:6276%1986190752', 443, 0, 1986190752)>>(<socket at 0x75e93830 fileno=9>, ('::80e9:6076:8e91:f402%1995172636', 44110, 0, 199)> failed with SSLEOFError
Jul 31 21:11:26 witherspoon phosphor-gevent[1014]: Traceback (most recent call last):
Jul 31 21:11:26 witherspoon phosphor-gevent[1014]:   File "/usr/lib/python2.7/site-packages/gevent/greenlet.py", line 327, in run
Jul 31 21:11:26 witherspoon phosphor-gevent[1014]:     result = self._run(*self.args, **self.kwargs)
Jul 31 21:11:26 witherspoon phosphor-gevent[1014]:   File "/usr/lib/python2.7/site-packages/gevent/server.py", line 102, in wrap_socket_and_handle
Jul 31 21:11:26 witherspoon phosphor-gevent[1014]:     ssl_socket = self.wrap_socket(client_socket, **self.ssl_args)
Jul 31 21:11:26 witherspoon phosphor-gevent[1014]:   File "/usr/lib/python2.7/site-packages/gevent/ssl.py", line 404, in wrap_socket
Jul 31 21:11:26 witherspoon phosphor-gevent[1014]:     ciphers=ciphers)
Jul 31 21:11:26 witherspoon phosphor-gevent[1014]:   File "/usr/lib/python2.7/site-packages/gevent/ssl.py", line 113, in __init__
Jul 31 21:11:26 witherspoon phosphor-gevent[1014]:     self.do_handshake()
Jul 31 21:11:26 witherspoon phosphor-gevent[1014]:   File "/usr/lib/python2.7/site-packages/gevent/ssl.py", line 324, in do_handshake
Jul 31 21:11:26 witherspoon phosphor-gevent[1014]:     return self._sslobj.do_handshake()
Jul 31 21:11:26 witherspoon phosphor-gevent[1014]: SSLEOFError: EOF occurred in violation of protocol (_ssl.c:590)
Jul 31 21:11:26 witherspoon phosphor-gevent[1014]: <Greenlet at 0x75fe66c0: <bound method WSGIServer.wrap_socket_and_handle of <WSGIServer at 0x75fbcb50 fileno=5 address=('::3402:ed76:b0dd:6276%1986190752', 443, 0, 1986190752)>>(<socket at 0x75e937d0 fileno=10>, ('::80e9:6076:8e91:f402%1995172636', 44112, 0, 199)> failed with SSLEOFError
Jul 31 21:11:26 witherspoon phosphor-gevent[1014]: Traceback (most recent call last):
Jul 31 21:11:26 witherspoon phosphor-gevent[1014]:   File "/usr/lib/python2.7/site-packages/gevent/greenlet.py", line 327, in run
Jul 31 21:11:26 witherspoon phosphor-gevent[1014]:     result = self._run(*self.args, **self.kwargs)
Jul 31 21:11:26 witherspoon phosphor-gevent[1014]:   File "/usr/lib/python2.7/site-packages/gevent/server.py", line 102, in wrap_socket_and_handle
Jul 31 21:11:26 witherspoon phosphor-gevent[1014]:     ssl_socket = self.wrap_socket(client_socket, **self.ssl_args)
Jul 31 21:11:26 witherspoon phosphor-gevent[1014]:   File "/usr/lib/python2.7/site-packages/gevent/ssl.py", line 404, in wrap_socket
Jul 31 21:11:26 witherspoon phosphor-gevent[1014]:     ciphers=ciphers)
Jul 31 21:11:26 witherspoon phosphor-gevent[1014]:   File "/usr/lib/python2.7/site-packages/gevent/ssl.py", line 113, in __init__
Jul 31 21:11:26 witherspoon phosphor-gevent[1014]:     self.do_handshake()
Jul 31 21:11:26 witherspoon phosphor-gevent[1014]:   File "/usr/lib/python2.7/site-packages/gevent/ssl.py", line 324, in do_handshake
Jul 31 21:11:26 witherspoon phosphor-gevent[1014]:     return self._sslobj.do_handshake()
Jul 31 21:11:26 witherspoon phosphor-gevent[1014]: SSLEOFError: EOF occurred in violation of protocol (_ssl.c:590)
Jul 31 21:11:26 witherspoon phosphor-gevent[1014]: <Greenlet at 0x75fe63a0: <bound method WSGIServer.wrap_socket_and_handle of <WSGIServer at 0x75fbcb50 fileno=5 address=('::3402:ed76:b0dd:6276%1986190752', 443, 0, 1986190752)>>(<socket at 0x75e93870 fileno=11>, ('::80e9:6076:8e91:f402%1995172636', 44114, 0, 199)> failed with SSLEOFError
Jul 31 21:11:29 witherspoon systemd[1]: Started Wait for /xyz/openbmc_project/state/chassis0.
Jul 31 21:11:30 witherspoon system_manager.py[1024]: SystemManager Goto System State: BMC_READY
Jul 31 21:11:30 witherspoon system_manager.py[1024]: Running System State: BMC_READY
Jul 31 21:11:30 witherspoon systemd[1]: Started Wait for /org/openbmc/control/power0.
Jul 31 21:11:30 witherspoon systemd[1]: Starting Phosphor Time Manager daemon...
Jul 31 21:11:30 witherspoon systemd[1]: Starting Check Chassis0 pgood and create a file to indicate it...
Jul 31 21:11:31 witherspoon systemd[1]: Started Wait for /xyz/openbmc_project/control/host0.
Jul 31 21:11:31 witherspoon systemd[1]: Started Wait for /xyz/openbmc_project/state/host0.
Jul 31 21:11:31 witherspoon systemd[1]: Starting Reboot If Enabled...
Jul 31 21:11:31 witherspoon systemd[1]: Started Check Chassis0 pgood and create a file to indicate it.
Jul 31 21:11:31 witherspoon systemd[1]: Reached target Chassis0 power on after reset.
Jul 31 21:11:31 witherspoon systemd[1]: Reached target Host0 running after reset.
Jul 31 21:11:31 witherspoon systemd[1]: Reached target Host0 (Reset Check).
Jul 31 21:11:31 witherspoon systemd[1]: Reached target Chassis0 (Reset Check).
Jul 31 21:11:32 witherspoon timemanager[1099]: Registering dbus methods
Jul 31 21:11:32 witherspoon timemanager[1099]: Last known time_mode: MANUAL
Jul 31 21:11:32 witherspoon timemanager[1099]: Last known time_owner: BMC
Jul 31 21:11:32 witherspoon timemanager[1099]: Empty DhcpNtp string
Jul 31 21:11:32 witherspoon timemanager[1099]: Reading Power Control key: pgood
Jul 31 21:11:32 witherspoon timemanager[1099]: Changing settings *allowed* now
Jul 31 21:11:32 witherspoon timemanager[1099]: Getting System Settings: time_mode
Jul 31 21:11:32 witherspoon phosphor-discover-system-state[1110]: Host power is off, checking power policy
Jul 31 21:11:32 witherspoon systemd[1]: Started Reboot If Enabled.
Jul 31 21:11:32 witherspoon timemanager[1099]: Requested_Mode: MANUAL Current_Mode: MANUAL
Jul 31 21:11:32 witherspoon timemanager[1099]: Mode is already set to : MANUAL
Jul 31 21:11:32 witherspoon timemanager[1099]: Getting System Settings: time_owner
Jul 31 21:11:32 witherspoon timemanager[1099]: Owner is already set to : BMC
Jul 31 21:11:32 witherspoon timemanager[1099]: Getting System Settings: use_dhcp_ntp
Jul 31 21:11:32 witherspoon timemanager[1099]: use_dhcp_ntp = yes
Jul 31 21:11:32 witherspoon timemanager[1099]: Last known host_offset:0
Jul 31 21:11:32 witherspoon timemanager[1099]: Initial Uptime Usec: 1501535364594768
Jul 31 21:11:32 witherspoon systemd[1]: Started Phosphor Time Manager daemon.
Jul 31 21:11:44 witherspoon phosphor-gevent[1014]: ::80e9:6076:8e91:f402%1995172636 - - [2017-07-31 21:11:44] "POST /login HTTP/1.1" 200 320 0.044627
Jul 31 21:11:44 witherspoon phosphor-gevent[1014]: ::80e9:6076:8e91:f402%1995172636 - - [2017-07-31 21:11:44] "GET /xyz/openbmc_project/state/chassis0//attr/CurrentPowerState HTTP/1.1" 200 216 0.058379
Jul 31 21:11:45 witherspoon phosphor-gevent[1014]: ::80e9:6076:8e91:f402%1995172636 - - [2017-07-31 21:11:45] "POST /login HTTP/1.1" 200 320 0.033634
Jul 31 21:11:45 witherspoon phosphor-gevent[1014]: ::80e9:6076:8e91:f402%1995172636 - - [2017-07-31 21:11:45] "GET /xyz/openbmc_project/state/chassis0//attr/CurrentPowerState HTTP/1.1" 200 216 0.050637
Jul 31 21:11:45 witherspoon phosphor-gevent[1014]: ::80e9:6076:8e91:f402%1995172636 - - [2017-07-31 21:11:45] "POST /login HTTP/1.1" 200 320 0.032457
Jul 31 21:11:45 witherspoon phosphor-gevent[1014]: ::80e9:6076:8e91:f402%1995172636 - - [2017-07-31 21:11:45] "GET /org/openbmc/sensors/host/BootProgress/attr/value HTTP/1.1" 200 170 0.051953
Jul 31 21:11:46 witherspoon phosphor-gevent[1014]: ::80e9:6076:8e91:f402%1995172636 - - [2017-07-31 21:11:46] "POST /login HTTP/1.1" 200 320 0.032092
Jul 31 21:11:46 witherspoon phosphor-gevent[1014]: ::80e9:6076:8e91:f402%1995172636 - - [2017-07-31 21:11:46] "GET /xyz/openbmc_project/state/host0//attr/CurrentHostState HTTP/1.1" 200 212 0.048400
Jul 31 21:11:47 witherspoon phosphor-gevent[1014]: ::80e9:6076:8e91:f402%1995172636 - - [2017-07-31 21:11:47] "POST /login HTTP/1.1" 200 320 0.101175
Jul 31 21:11:47 witherspoon phosphor-gevent[1014]: ::80e9:6076:8e91:f402%1995172636 - - [2017-07-31 21:11:47] "GET /xyz/openbmc_project/logging/entry//list HTTP/1.1" 200 214 0.046650
Jul 31 21:11:47 witherspoon phosphor-gevent[1014]: ::80e9:6076:8e91:f402%1995172636 - - [2017-07-31 21:11:47] "POST /login HTTP/1.1" 200 320 0.032485
Jul 31 21:11:47 witherspoon phosphor-gevent[1014]: ::80e9:6076:8e91:f402%1995172636 - - [2017-07-31 21:11:47] "GET /xyz/openbmc_project/logging/entry//list HTTP/1.1" 200 214 0.061626
Jul 31 21:11:48 witherspoon phosphor-gevent[1014]: ::80e9:6076:8e91:f402%1995172636 - - [2017-07-31 21:11:48] "POST /login HTTP/1.1" 200 320 0.032209
Jul 31 21:11:48 witherspoon phosphor-gevent[1014]: ::80e9:6076:8e91:f402%1995172636 - - [2017-07-31 21:11:48] "DELETE /xyz/openbmc_project/logging/entry/1 HTTP/1.1" 200 169 0.208768
Jul 31 21:11:48 witherspoon systemd[1]: Started SSH Per-Connection Server (9.41.165.94:43112).
Jul 31 21:11:48 witherspoon dropbear[1119]: Failed loading /etc/dropbear/dropbear_dss_host_key
Jul 31 21:11:48 witherspoon dropbear[1119]: Failed loading /etc/dropbear/dropbear_ecdsa_host_key
Jul 31 21:11:48 witherspoon dropbear[1119]: Child connection from ::ffff:9.41.165.94:43112
Jul 31 21:11:49 witherspoon dropbear[1119]: PAM password auth succeeded for 'root' from ::ffff:9.41.165.94:43112
Jul 31 21:11:49 witherspoon dropbear[1120]: lastlog_perform_login: Couldn't stat /var/log/lastlog: No such file or directory
Jul 31 21:11:49 witherspoon dropbear[1120]: lastlog_openseek: /var/log/lastlog is not a file or directory!
Jul 31 21:11:50 witherspoon phosphor-gevent[1014]: ::80e9:6076:8e91:f402%1995172636 - - [2017-07-31 21:11:50] "POST /login HTTP/1.1" 200 320 0.060119
Jul 31 21:11:50 witherspoon phosphor-gevent[1014]: ::80e9:6076:8e91:f402%1995172636 - - [2017-07-31 21:11:50] "GET /xyz/openbmc_project/state/host0//attr/CurrentHostState HTTP/1.1" 200 212 0.048977
Jul 31 21:11:51 witherspoon dropbear[1001]: Exit (root): Exited normally
Jul 31 21:11:51 witherspoon dropbear[1119]: Exit (root): Exited normally
Jul 31 21:11:54 witherspoon systemd[1]: Started SSH Per-Connection Server (9.41.165.94:43116).
Jul 31 21:11:54 witherspoon dropbear[1131]: Failed loading /etc/dropbear/dropbear_dss_host_key
Jul 31 21:11:54 witherspoon dropbear[1131]: Failed loading /etc/dropbear/dropbear_ecdsa_host_key
Jul 31 21:11:54 witherspoon dropbear[1131]: Child connection from ::ffff:9.41.165.94:43116
Jul 31 21:11:55 witherspoon dropbear[1131]: PAM password auth succeeded for 'root' from ::ffff:9.41.165.94:43116
Jul 31 21:11:55 witherspoon dropbear[1132]: lastlog_perform_login: Couldn't stat /var/log/lastlog: No such file or directory
Jul 31 21:11:55 witherspoon dropbear[1132]: lastlog_openseek: /var/log/lastlog is not a file or directory!
Jul 31 21:11:56 witherspoon phosphor-gevent[1014]: ::80e9:6076:8e91:f402%1995172636 - - [2017-07-31 21:11:56] "POST /login HTTP/1.1" 200 320 0.032092
Jul 31 21:11:56 witherspoon phosphor-gevent[1014]: ::80e9:6076:8e91:f402%1995172636 - - [2017-07-31 21:11:56] "PUT /org/openbmc/settings/host0/attr/power_policy HTTP/1.1" 200 169 0.174085
Jul 31 21:11:57 witherspoon phosphor-gevent[1014]: ::80e9:6076:8e91:f402%1995172636 - - [2017-07-31 21:11:57] "POST /login HTTP/1.1" 200 320 0.032265
Jul 31 21:11:57 witherspoon phosphor-gevent[1014]: ::80e9:6076:8e91:f402%1995172636 - - [2017-07-31 21:11:57] "GET /org/openbmc/settings/host0/attr/power_policy HTTP/1.1" 200 185 0.069339
Jul 31 21:11:57 witherspoon phosphor-gevent[1014]: ::80e9:6076:8e91:f402%1995172636 - - [2017-07-31 21:11:57] "POST /login HTTP/1.1" 200 320 0.032634
Jul 31 21:11:57 witherspoon phosphor-gevent[1014]: ::80e9:6076:8e91:f402%1995172636 - - [2017-07-31 21:11:57] "GET /xyz/openbmc_project/state/chassis0//attr/CurrentPowerState HTTP/1.1" 200 216 0.048610
Jul 31 21:11:58 witherspoon phosphor-gevent[1014]: ::80e9:6076:8e91:f402%1995172636 - - [2017-07-31 21:11:58] "POST /login HTTP/1.1" 200 320 0.032206
Jul 31 21:11:58 witherspoon phosphor-gevent[1014]: ::80e9:6076:8e91:f402%1995172636 - - [2017-07-31 21:11:58] "GET /xyz/openbmc_project/state/bmc0//attr/CurrentBMCState HTTP/1.1" 200 215 0.048857
Jul 31 21:11:58 witherspoon phosphor-gevent[1014]: ::80e9:6076:8e91:f402%1995172636 - - [2017-07-31 21:11:58] "POST /login HTTP/1.1" 200 320 0.032620
Jul 31 21:11:58 witherspoon phosphor-gevent[1014]: ::80e9:6076:8e91:f402%1995172636 - - [2017-07-31 21:11:58] "GET /org/openbmc/sensors/host/BootProgress/attr/value HTTP/1.1" 200 170 0.052164
Jul 31 21:11:59 witherspoon phosphor-gevent[1014]: ::80e9:6076:8e91:f402%1995172636 - - [2017-07-31 21:11:59] "POST /login HTTP/1.1" 200 320 0.041621
Jul 31 21:11:59 witherspoon phosphor-gevent[1014]: ::80e9:6076:8e91:f402%1995172636 - - [2017-07-31 21:11:59] "GET /xyz/openbmc_project/state/host0//attr/CurrentHostState HTTP/1.1" 200 212 0.048464
Jul 31 21:12:00 witherspoon phosphor-gevent[1014]: ::80e9:6076:8e91:f402%1995172636 - - [2017-07-31 21:12:00] "POST /login HTTP/1.1" 200 320 0.032525
Jul 31 21:12:00 witherspoon phosphor-gevent[1014]: ::80e9:6076:8e91:f402%1995172636 - - [2017-07-31 21:12:00] "GET /xyz/openbmc_project/logging/entry//list HTTP/1.1" 404 311 0.030587
Jul 31 21:12:00 witherspoon systemd[1]: Started SSH Per-Connection Server (9.41.165.94:43132).
Jul 31 21:12:00 witherspoon dropbear[1138]: Failed loading /etc/dropbear/dropbear_dss_host_key
Jul 31 21:12:00 witherspoon dropbear[1138]: Failed loading /etc/dropbear/dropbear_ecdsa_host_key
Jul 31 21:12:00 witherspoon dropbear[1138]: Child connection from ::ffff:9.41.165.94:43132
Jul 31 21:12:01 witherspoon dropbear[1138]: PAM password auth succeeded for 'root' from ::ffff:9.41.165.94:43132
Jul 31 21:12:55 witherspoon phosphor-gevent[1014]: ::80e9:6076:8e91:f402%1995172636 - - [2017-07-31 21:12:55] "POST /login HTTP/1.1" 200 320 1.053874
Jul 31 21:12:55 witherspoon phosphor-gevent[1014]: ::80e9:6076:8e91:f402%1995172636 - - [2017-07-31 21:12:55] "POST /org/openbmc/control/flash/bios//action/update HTTP/1.1" 200 169 0.216822
Jul 31 21:12:55 witherspoon phosphor-gevent[1014]: ::80e9:6076:8e91:f402%1995172636 - - [2017-07-31 21:12:55] "POST /login HTTP/1.1" 200 320 0.032678
Jul 31 21:12:55 witherspoon phosphor-gevent[1014]: ::80e9:6076:8e91:f402%1995172636 - - [2017-07-31 21:12:55] "GET /org/openbmc/control/flash/bios HTTP/1.1" 200 397 0.075173
Jul 31 21:12:56 witherspoon phosphor-gevent[1014]: ::80e9:6076:8e91:f402%1995172636 - - [2017-07-31 21:12:56] "POST /login HTTP/1.1" 200 320 0.032895
Jul 31 21:12:56 witherspoon phosphor-gevent[1014]: ::80e9:6076:8e91:f402%1995172636 - - [2017-07-31 21:12:56] "GET /org/openbmc/control/flash/bios HTTP/1.1" 200 397 0.068109
Jul 31 21:12:56 witherspoon flash_bios.exe[1032]: Starting flasher: bios,/tmp/witherspoon_910_golden.pnor,/org/openbmc/control/flash/bios,
Jul 31 21:12:56 witherspoon flash_bios.exe[1032]: flasher: /tmp/witherspoon_910_golden.pnor, BMC = 1, address = 0x0
Jul 31 21:12:56 witherspoon flash_bios.exe[1032]: Setting up flash
Jul 31 21:13:06 witherspoon phosphor-gevent[1014]: ::80e9:6076:8e91:f402%1995172636 - - [2017-07-31 21:13:06] "POST /login HTTP/1.1" 200 320 0.042885
Jul 31 21:13:06 witherspoon phosphor-gevent[1014]: ::80e9:6076:8e91:f402%1995172636 - - [2017-07-31 21:13:06] "GET /org/openbmc/control/flash/bios HTTP/1.1" 200 397 0.071137
Jul 31 21:13:17 witherspoon phosphor-gevent[1014]: ::80e9:6076:8e91:f402%1995172636 - - [2017-07-31 21:13:17] "POST /login HTTP/1.1" 200 320 0.040516
Jul 31 21:13:17 witherspoon phosphor-gevent[1014]: ::80e9:6076:8e91:f402%1995172636 - - [2017-07-31 21:13:17] "GET /org/openbmc/control/flash/bios HTTP/1.1" 200 397 0.067627
Jul 31 21:13:28 witherspoon phosphor-gevent[1014]: ::80e9:6076:8e91:f402%1995172636 - - [2017-07-31 21:13:28] "POST /login HTTP/1.1" 200 320 0.032855
Jul 31 21:13:28 witherspoon phosphor-gevent[1014]: ::80e9:6076:8e91:f402%1995172636 - - [2017-07-31 21:13:28] "GET /org/openbmc/control/flash/bios HTTP/1.1" 200 397 0.068126
Jul 31 21:13:39 witherspoon phosphor-gevent[1014]: ::80e9:6076:8e91:f402%1995172636 - - [2017-07-31 21:13:39] "POST /login HTTP/1.1" 200 320 0.063998
Jul 31 21:13:39 witherspoon phosphor-gevent[1014]: ::80e9:6076:8e91:f402%1995172636 - - [2017-07-31 21:13:39] "GET /org/openbmc/control/flash/bios HTTP/1.1" 200 397 0.067632
Jul 31 21:13:49 witherspoon phosphor-gevent[1014]: ::80e9:6076:8e91:f402%1995172636 - - [2017-07-31 21:13:49] "POST /login HTTP/1.1" 200 320 0.032493
Jul 31 21:13:50 witherspoon phosphor-gevent[1014]: ::80e9:6076:8e91:f402%1995172636 - - [2017-07-31 21:13:50] "GET /org/openbmc/control/flash/bios HTTP/1.1" 200 397 0.067622
Jul 31 21:14:00 witherspoon phosphor-gevent[1014]: ::80e9:6076:8e91:f402%1995172636 - - [2017-07-31 21:14:00] "POST /login HTTP/1.1" 200 320 0.032984
Jul 31 21:14:00 witherspoon phosphor-gevent[1014]: ::80e9:6076:8e91:f402%1995172636 - - [2017-07-31 21:14:00] "GET /org/openbmc/control/flash/bios HTTP/1.1" 200 397 0.068059
Jul 31 21:14:10 witherspoon phosphor-gevent[1014]: ::80e9:6076:8e91:f402%1995172636 - - [2017-07-31 21:14:10] "POST /login HTTP/1.1" 200 320 0.032895
Jul 31 21:14:10 witherspoon phosphor-gevent[1014]: ::80e9:6076:8e91:f402%1995172636 - - [2017-07-31 21:14:10] "GET /org/openbmc/control/flash/bios HTTP/1.1" 200 397 0.068656
Jul 31 21:14:20 witherspoon phosphor-gevent[1014]: ::80e9:6076:8e91:f402%1995172636 - - [2017-07-31 21:14:20] "POST /login HTTP/1.1" 200 320 0.033006
Jul 31 21:14:20 witherspoon phosphor-gevent[1014]: ::80e9:6076:8e91:f402%1995172636 - - [2017-07-31 21:14:20] "GET /org/openbmc/control/flash/bios HTTP/1.1" 200 397 0.068227
Jul 31 21:14:31 witherspoon phosphor-gevent[1014]: ::80e9:6076:8e91:f402%1995172636 - - [2017-07-31 21:14:31] "POST /login HTTP/1.1" 200 320 0.032790
Jul 31 21:14:31 witherspoon phosphor-gevent[1014]: ::80e9:6076:8e91:f402%1995172636 - - [2017-07-31 21:14:31] "GET /org/openbmc/control/flash/bios HTTP/1.1" 200 397 0.068737
Jul 31 21:14:41 witherspoon phosphor-gevent[1014]: ::80e9:6076:8e91:f402%1995172636 - - [2017-07-31 21:14:41] "POST /login HTTP/1.1" 200 320 0.032843
Jul 31 21:14:41 witherspoon phosphor-gevent[1014]: ::80e9:6076:8e91:f402%1995172636 - - [2017-07-31 21:14:41] "GET /org/openbmc/control/flash/bios HTTP/1.1" 200 397 0.068239
Jul 31 21:14:53 witherspoon phosphor-gevent[1014]: ::80e9:6076:8e91:f402%1995172636 - - [2017-07-31 21:14:53] "POST /login HTTP/1.1" 200 320 1.616791
Jul 31 21:14:53 witherspoon phosphor-gevent[1014]: ::80e9:6076:8e91:f402%1995172636 - - [2017-07-31 21:14:53] "GET /org/openbmc/control/flash/bios HTTP/1.1" 200 397 0.083754
Jul 31 21:15:03 witherspoon phosphor-gevent[1014]: ::80e9:6076:8e91:f402%1995172636 - - [2017-07-31 21:15:03] "POST /login HTTP/1.1" 200 320 0.032599
Jul 31 21:15:03 witherspoon phosphor-gevent[1014]: ::80e9:6076:8e91:f402%1995172636 - - [2017-07-31 21:15:03] "GET /org/openbmc/control/flash/bios HTTP/1.1" 200 401 0.357346
Jul 31 21:15:14 witherspoon phosphor-gevent[1014]: ::80e9:6076:8e91:f402%1995172636 - - [2017-07-31 21:15:14] "POST /login HTTP/1.1" 200 320 0.032850
Jul 31 21:15:14 witherspoon phosphor-gevent[1014]: ::80e9:6076:8e91:f402%1995172636 - - [2017-07-31 21:15:14] "GET /org/openbmc/control/flash/bios HTTP/1.1" 200 401 0.068198
Jul 31 21:15:25 witherspoon phosphor-gevent[1014]: ::80e9:6076:8e91:f402%1995172636 - - [2017-07-31 21:15:25] "POST /login HTTP/1.1" 200 320 0.045838
Jul 31 21:15:25 witherspoon phosphor-gevent[1014]: ::80e9:6076:8e91:f402%1995172636 - - [2017-07-31 21:15:25] "GET /org/openbmc/control/flash/bios HTTP/1.1" 200 402 0.067953
Jul 31 21:15:35 witherspoon phosphor-gevent[1014]: ::80e9:6076:8e91:f402%1995172636 - - [2017-07-31 21:15:35] "POST /login HTTP/1.1" 200 320 0.033042
Jul 31 21:15:35 witherspoon phosphor-gevent[1014]: ::80e9:6076:8e91:f402%1995172636 - - [2017-07-31 21:15:35] "GET /org/openbmc/control/flash/bios HTTP/1.1" 200 402 0.068575
Jul 31 21:15:46 witherspoon phosphor-gevent[1014]: ::80e9:6076:8e91:f402%1995172636 - - [2017-07-31 21:15:46] "POST /login HTTP/1.1" 200 320 0.047968
Jul 31 21:15:46 witherspoon phosphor-gevent[1014]: ::80e9:6076:8e91:f402%1995172636 - - [2017-07-31 21:15:46] "GET /org/openbmc/control/flash/bios HTTP/1.1" 200 402 0.068119
Jul 31 21:15:56 witherspoon phosphor-gevent[1014]: ::80e9:6076:8e91:f402%1995172636 - - [2017-07-31 21:15:56] "POST /login HTTP/1.1" 200 320 0.032890
Jul 31 21:15:57 witherspoon phosphor-gevent[1014]: ::80e9:6076:8e91:f402%1995172636 - - [2017-07-31 21:15:57] "GET /org/openbmc/control/flash/bios HTTP/1.1" 200 402 0.165762
Jul 31 21:16:07 witherspoon phosphor-gevent[1014]: ::80e9:6076:8e91:f402%1995172636 - - [2017-07-31 21:16:07] "POST /login HTTP/1.1" 200 320 0.033071
Jul 31 21:16:07 witherspoon phosphor-gevent[1014]: ::80e9:6076:8e91:f402%1995172636 - - [2017-07-31 21:16:07] "GET /org/openbmc/control/flash/bios HTTP/1.1" 200 402 0.434954
Jul 31 21:16:18 witherspoon phosphor-gevent[1014]: ::80e9:6076:8e91:f402%1995172636 - - [2017-07-31 21:16:18] "POST /login HTTP/1.1" 200 320 0.968683
Jul 31 21:16:18 witherspoon phosphor-gevent[1014]: ::80e9:6076:8e91:f402%1995172636 - - [2017-07-31 21:16:18] "GET /org/openbmc/control/flash/bios HTTP/1.1" 200 402 0.067580
Jul 31 21:16:29 witherspoon phosphor-gevent[1014]: ::80e9:6076:8e91:f402%1995172636 - - [2017-07-31 21:16:29] "POST /login HTTP/1.1" 200 320 0.033035
Jul 31 21:16:29 witherspoon phosphor-gevent[1014]: ::80e9:6076:8e91:f402%1995172636 - - [2017-07-31 21:16:29] "GET /org/openbmc/control/flash/bios HTTP/1.1" 200 402 0.076381
Jul 31 21:16:39 witherspoon phosphor-gevent[1014]: ::80e9:6076:8e91:f402%1995172636 - - [2017-07-31 21:16:39] "POST /login HTTP/1.1" 200 320 0.033101
Jul 31 21:16:39 witherspoon phosphor-gevent[1014]: ::80e9:6076:8e91:f402%1995172636 - - [2017-07-31 21:16:39] "GET /org/openbmc/control/flash/bios HTTP/1.1" 200 401 0.068475
Jul 31 21:16:49 witherspoon phosphor-gevent[1014]: ::80e9:6076:8e91:f402%1995172636 - - [2017-07-31 21:16:49] "POST /login HTTP/1.1" 200 320 0.032975
Jul 31 21:16:49 witherspoon phosphor-gevent[1014]: ::80e9:6076:8e91:f402%1995172636 - - [2017-07-31 21:16:49] "GET /org/openbmc/control/flash/bios HTTP/1.1" 200 402 0.068455
Jul 31 21:17:01 witherspoon phosphor-gevent[1014]: ::80e9:6076:8e91:f402%1995172636 - - [2017-07-31 21:17:01] "POST /login HTTP/1.1" 200 320 0.033536
Jul 31 21:17:01 witherspoon phosphor-gevent[1014]: ::80e9:6076:8e91:f402%1995172636 - - [2017-07-31 21:17:01] "GET /org/openbmc/control/flash/bios HTTP/1.1" 200 402 0.068159
Jul 31 21:17:02 witherspoon flash_bios.exe[1032]: Erasing... (may take a while !) done !
Jul 31 21:17:02 witherspoon flash_bios.exe[1032]: About to program "/tmp/witherspoon_910_golden.pnor" at 0x00000000..0x04000000 !
Jul 31 21:17:02 witherspoon flash_bios.exe[1032]: Programming & Verifying...
Jul 31 21:17:02 witherspoon flash_bios.exe[1032]: Flash done
Jul 31 21:17:11 witherspoon phosphor-gevent[1014]: ::80e9:6076:8e91:f402%1995172636 - - [2017-07-31 21:17:11] "POST /login HTTP/1.1" 200 320 0.033255
Jul 31 21:17:11 witherspoon phosphor-gevent[1014]: ::80e9:6076:8e91:f402%1995172636 - - [2017-07-31 21:17:11] "GET /org/openbmc/control/flash/bios HTTP/1.1" 200 399 0.069045
Jul 31 21:17:11 witherspoon systemd[1]: Started SSH Per-Connection Server (9.41.165.94:43198).
Jul 31 21:17:12 witherspoon dropbear[1144]: Failed loading /etc/dropbear/dropbear_dss_host_key
Jul 31 21:17:12 witherspoon dropbear[1144]: Failed loading /etc/dropbear/dropbear_ecdsa_host_key
Jul 31 21:17:12 witherspoon dropbear[1144]: Child connection from ::ffff:9.41.165.94:43198
Jul 31 21:17:13 witherspoon dropbear[1144]: PAM password auth succeeded for 'root' from ::ffff:9.41.165.94:43198
Jul 31 21:17:13 witherspoon dropbear[1145]: lastlog_perform_login: Couldn't stat /var/log/lastlog: No such file or directory
Jul 31 21:17:13 witherspoon dropbear[1145]: lastlog_openseek: /var/log/lastlog is not a file or directory!
Jul 31 21:17:15 witherspoon phosphor-gevent[1014]: ::80e9:6076:8e91:f402%1995172636 - - [2017-07-31 21:17:15] "POST /login HTTP/1.1" 200 320 0.032528
Jul 31 21:17:15 witherspoon phosphor-gevent[1014]: ::80e9:6076:8e91:f402%1995172636 - - [2017-07-31 21:17:15] "GET /xyz/openbmc_project/state/host0//attr/CurrentHostState HTTP/1.1" 200 212 0.049791
Jul 31 21:17:15 witherspoon systemd[1]: Created slice system-obmc\x2dconsole\x2dssh.slice.
Jul 31 21:17:15 witherspoon systemd[1]: Started Phosphor Host Console SSH Per-Connection (9.41.165.94:59984).
Jul 31 21:17:15 witherspoon dropbear[1149]: Failed loading /etc/dropbear/dropbear_dss_host_key
Jul 31 21:17:15 witherspoon dropbear[1149]: Failed loading /etc/dropbear/dropbear_ecdsa_host_key
Jul 31 21:17:15 witherspoon dropbear[1149]: Child connection from ::ffff:9.41.165.94:59984
Jul 31 21:17:16 witherspoon dropbear[1149]: PAM password auth succeeded for 'root' from ::ffff:9.41.165.94:59984
Jul 31 21:17:16 witherspoon dropbear[1150]: lastlog_perform_login: Couldn't stat /var/log/lastlog: No such file or directory
Jul 31 21:17:16 witherspoon dropbear[1150]: lastlog_openseek: /var/log/lastlog is not a file or directory!
Jul 31 21:17:16 witherspoon phosphor-gevent[1014]: ::80e9:6076:8e91:f402%1995172636 - - [2017-07-31 21:17:16] "POST /login HTTP/1.1" 200 320 0.032554
Jul 31 21:17:17 witherspoon phosphor-gevent[1014]: ::80e9:6076:8e91:f402%1995172636 - - [2017-07-31 21:17:17] "PUT /org/openbmc/settings/host0/attr/power_policy HTTP/1.1" 200 169 0.164972
Jul 31 21:17:17 witherspoon phosphor-gevent[1014]: ::80e9:6076:8e91:f402%1995172636 - - [2017-07-31 21:17:17] "POST /login HTTP/1.1" 200 320 0.032497
Jul 31 21:17:17 witherspoon phosphor-gevent[1014]: ::80e9:6076:8e91:f402%1995172636 - - [2017-07-31 21:17:17] "GET /org/openbmc/settings/host0/attr/power_policy HTTP/1.1" 200 185 0.069148
Jul 31 21:17:17 witherspoon phosphor-gevent[1014]: ::80e9:6076:8e91:f402%1995172636 - - [2017-07-31 21:17:17] "POST /login HTTP/1.1" 200 320 0.043258
Jul 31 21:17:18 witherspoon phosphor-gevent[1014]: ::80e9:6076:8e91:f402%1995172636 - - [2017-07-31 21:17:18] "GET /xyz/openbmc_project/state/chassis0//attr/CurrentPowerState HTTP/1.1" 200 216 0.956191
Jul 31 21:17:18 witherspoon phosphor-gevent[1014]: ::80e9:6076:8e91:f402%1995172636 - - [2017-07-31 21:17:18] "POST /login HTTP/1.1" 200 320 0.033438
Jul 31 21:17:18 witherspoon phosphor-gevent[1014]: ::80e9:6076:8e91:f402%1995172636 - - [2017-07-31 21:17:18] "GET /xyz/openbmc_project/state/bmc0//attr/CurrentBMCState HTTP/1.1" 200 215 0.052133
Jul 31 21:17:19 witherspoon phosphor-gevent[1014]: ::80e9:6076:8e91:f402%1995172636 - - [2017-07-31 21:17:19] "POST /login HTTP/1.1" 200 320 0.032854
Jul 31 21:17:19 witherspoon phosphor-gevent[1014]: ::80e9:6076:8e91:f402%1995172636 - - [2017-07-31 21:17:19] "GET /org/openbmc/sensors/host/BootProgress/attr/value HTTP/1.1" 200 170 0.056770
Jul 31 21:17:19 witherspoon phosphor-gevent[1014]: ::80e9:6076:8e91:f402%1995172636 - - [2017-07-31 21:17:19] "POST /login HTTP/1.1" 200 320 0.032504
Jul 31 21:17:19 witherspoon phosphor-gevent[1014]: ::80e9:6076:8e91:f402%1995172636 - - [2017-07-31 21:17:19] "GET /xyz/openbmc_project/state/host0//attr/CurrentHostState HTTP/1.1" 200 212 0.048658
Jul 31 21:17:20 witherspoon phosphor-gevent[1014]: ::80e9:6076:8e91:f402%1995172636 - - [2017-07-31 21:17:20] "POST /login HTTP/1.1" 200 320 0.032597
Jul 31 21:17:20 witherspoon phosphor-host-state-manager[1068]: Host State transaction request
Jul 31 21:17:20 witherspoon systemd[1]: Created slice system-phosphor\x2dfan\x2dpresence\x2dtach.slice.
Jul 31 21:17:20 witherspoon systemd[1]: Created slice system-fsi\x2dbind.slice.
Jul 31 21:17:20 witherspoon systemd[1]: Created slice system-vcs_off.slice.
Jul 31 21:17:20 witherspoon systemd[1]: Created slice system-ucd_disable_vcs.slice.
Jul 31 21:17:20 witherspoon systemd[1]: Starting Wait for /xyz/openbmc_project/watchdog/host0...
Jul 31 21:17:20 witherspoon systemd[1]: Created slice system-obmc\x2denable\x2dhost\x2dwatchdog.slice.
Jul 31 21:17:20 witherspoon systemd[1]: Created slice system-pcie\x2dslot\x2ddetect.slice.
Jul 31 21:17:20 witherspoon systemd[1]: Created slice system-mboxd\x2dreload.slice.
Jul 31 21:17:20 witherspoon systemd[1]: Started Witherspoon Fan Watchdog Daemon.
Jul 31 21:17:20 witherspoon systemd[1]: Created slice system-fsi\x2dscan.slice.
Jul 31 21:17:20 witherspoon systemd[1]: Starting Disable UCD VCS rails...
Jul 31 21:17:20 witherspoon systemd[1]: Starting Reboot If Enabled...
Jul 31 21:17:20 witherspoon systemd[1]: Starting Reload mboxd during power on...
Jul 31 21:17:20 witherspoon systemd[1]: Created slice system-vcs_on.slice.
Jul 31 21:17:20 witherspoon systemd[1]: Created slice system-avsbus\x2denable.slice.
Jul 31 21:17:20 witherspoon systemd[1]: Created slice system-ir35221\x2don\x2dunbind.slice.
Jul 31 21:17:20 witherspoon systemd[1]: Starting power on mode unbind ir35221 device driver devs...
Jul 31 21:17:20 witherspoon systemd[1]: Created slice system-vcs_workaround.slice.
Jul 31 21:17:20 witherspoon systemd[1]: Starting Wait for /xyz/openbmc_project/led/groups/power_on...
Jul 31 21:17:20 witherspoon systemd[1]: Started Phosphor Cooling Type.
Jul 31 21:17:20 witherspoon systemd[1]: Created slice system-op\x2dpower\x2dstart.slice.
Jul 31 21:17:27 witherspoon kernel: ucd9000 11-0064: Device ID UCD90160|2.3.4.0000|110603
Jul 31 21:17:24 witherspoon kernel[947]: [  479.890000] ucd9000 11-0064: Device ID UCD90160|2.3.4.0000|110603
Jul 31 21:17:20 witherspoon systemd[1]: Created slice system-phosphor\x2dfan\x2dcontrol\x2dinit.slice.
Jul 31 21:17:27 witherspoon phosphor-gevent[1014]: ::80e9:6076:8e91:f402%1995172636 - - [2017-07-31 21:17:21] "PUT /xyz/openbmc_project/state/host0//attr/RequestedHostTransition HTTP/1.1" 200 169 1.322675
Jul 31 21:17:27 witherspoon phosphor-gevent[1014]: ::80e9:6076:8e91:f402%1995172636 - - [2017-07-31 21:17:22] "POST /login HTTP/1.1" 200 320 0.032663
Jul 31 21:17:27 witherspoon phosphor-gevent[1014]: ::80e9:6076:8e91:f402%1995172636 - - [2017-07-31 21:17:22] "GET /xyz/openbmc_project/state/chassis0//attr/CurrentPowerState HTTP/1.1" 200 216 0.049404
Jul 31 21:17:27 witherspoon phosphor-gevent[1014]: ::80e9:6076:8e91:f402%1995172636 - - [2017-07-31 21:17:22] "POST /login HTTP/1.1" 200 320 0.032493
Jul 31 21:17:27 witherspoon phosphor-gevent[1014]: ::80e9:6076:8e91:f402%1995172636 - - [2017-07-31 21:17:22] "GET /xyz/openbmc_project/state/bmc0//attr/CurrentBMCState HTTP/1.1" 200 215 0.075301
Jul 31 21:17:27 witherspoon phosphor-gevent[1014]: ::80e9:6076:8e91:f402%1995172636 - - [2017-07-31 21:17:23] "POST /login HTTP/1.1" 200 320 0.033065
Jul 31 21:17:27 witherspoon phosphor-gevent[1014]: ::80e9:6076:8e91:f402%1995172636 - - [2017-07-31 21:17:23] "GET /org/openbmc/sensors/host/BootProgress/attr/value HTTP/1.1" 200 170 0.053799
Jul 31 21:17:27 witherspoon phosphor-gevent[1014]: ::80e9:6076:8e91:f402%1995172636 - - [2017-07-31 21:17:23] "POST /login HTTP/1.1" 200 320 0.032979
Jul 31 21:17:20 witherspoon systemd[1]: Created slice system-vrm\x2dcontrol.slice.
Jul 31 21:17:20 witherspoon systemd[1]: Created slice system-ir35221\x2don\x2dbind.slice.
Jul 31 21:17:20 witherspoon systemd[1]: Created slice system-op\x2dwait\x2dpower\x2don.slice.
Jul 31 21:17:20 witherspoon systemd[1]: Starting Wait for Power0 to turn on...
Jul 31 21:17:20 witherspoon systemd[1]: Created slice system-start_host.slice.
Jul 31 21:17:20 witherspoon systemd[1]: Starting Wait for /org/openbmc/control/chassis0...
Jul 31 21:17:20 witherspoon systemd[1]: Created slice system-avsbus\x2ddisable.slice.
Jul 31 21:17:20 witherspoon systemd[1]: Starting Witherspoon Fan Watchdog Reset...
Jul 31 21:17:20 witherspoon systemd[1]: Created slice system-cfam_override.slice.
Jul 31 21:17:27 witherspoon mboxctl[1155]: Reset: Success
Jul 31 21:17:20 witherspoon systemd[1]: Created slice system-phosphor\x2dgpio\x2dmonitor.slice.
Jul 31 21:17:20 witherspoon systemd[1]: Created slice system-phosphor\x2dwatchdog.slice.
Jul 31 21:17:20 witherspoon systemd[1]: Created slice system-avsbus\x2dworkaround.slice.
Jul 31 21:17:20 witherspoon systemd[1]: Created slice system-mapper\x2dsubtree\x2dremove.slice.
Jul 31 21:17:20 witherspoon systemd[1]: Starting mapper subtree-remove /xyz/openbmc_project/software:xyz.openbmc_project.Software.ActivationBlocksTransition...
Jul 31 21:17:20 witherspoon systemd[1]: Started Initialize BIOS Flash.
Jul 31 21:17:20 witherspoon systemd[1]: Started Phosphor poweron watchdog.
Jul 31 21:17:20 witherspoon systemd[1]: Started Phosphor GPIO checkstop monitor.
Jul 31 21:17:20 witherspoon systemd[1]: Reached target Start Host checkstop monitor.
Jul 31 21:17:22 witherspoon systemd[1]: Started Wait for /org/openbmc/control/chassis0.
Jul 31 21:17:27 witherspoon vrm-control.sh[1238]: rail        set        read        current
Jul 31 21:17:27 witherspoon vrm-control.sh[1238]: -------        ------- ------- -------
Jul 31 21:17:22 witherspoon systemd[1]: Started mapper subtree-remove /xyz/openbmc_project/software:xyz.openbmc_project.Software.ActivationBlocksTransition.
Jul 31 21:17:24 witherspoon systemd[1]: Started Reload mboxd during power on.
Jul 31 21:17:24 witherspoon systemd[1]: xyz.openbmc_project.Hwmon@ahb-apb-i2c\x401e78a000-i2c\x2dbus\x40140-ir35221\x4070.service: Unit not needed anymore. Stopping.
Jul 31 21:17:24 witherspoon systemd[1]: Stopping Phosphor Hwmon Poller...
Jul 31 21:17:24 witherspoon systemd[1]: Stopped Phosphor Hwmon Poller.
Jul 31 21:17:24 witherspoon systemd[1]: Started Wait for /xyz/openbmc_project/led/groups/power_on.
Jul 31 21:17:24 witherspoon systemd[1]: Starting Assert power_on LED...
Jul 31 21:17:25 witherspoon systemd[1]: Started Disable UCD VCS rails.
Jul 31 21:17:25 witherspoon systemd[1]: Starting Perform AVS bus workaround on VRMs...
Jul 31 21:17:25 witherspoon systemd[1]: Started Perform AVS bus workaround on VRMs.
Jul 31 21:17:25 witherspoon systemd[1]: Starting Disable the AVS bus on the VRMs...
Jul 31 21:17:25 witherspoon systemd[1]: xyz.openbmc_project.Hwmon@ahb-apb-i2c\x401e78a000-i2c\x2dbus\x40140-ir35221\x4071.service: Unit not needed anymore. Stopping.
Jul 31 21:17:25 witherspoon systemd[1]: Stopping Phosphor Hwmon Poller...
Jul 31 21:17:25 witherspoon systemd[1]: Stopped Phosphor Hwmon Poller.
Jul 31 21:17:25 witherspoon systemd[1]: xyz.openbmc_project.Hwmon@ahb-apb-i2c\x401e78a000-i2c\x2dbus\x40180-ir35221\x4070.service: Unit not needed anymore. Stopping.
Jul 31 21:17:25 witherspoon systemd[1]: Stopping Phosphor Hwmon Poller...
Jul 31 21:17:25 witherspoon systemd[1]: Stopped Phosphor Hwmon Poller.
Jul 31 21:17:25 witherspoon systemd[1]: xyz.openbmc_project.Hwmon@ahb-apb-i2c\x401e78a000-i2c\x2dbus\x40180-ir35221\x4071.service: Unit not needed anymore. Stopping.
Jul 31 21:17:25 witherspoon systemd[1]: Stopping Phosphor Hwmon Poller...
Jul 31 21:17:25 witherspoon systemd[1]: Stopped Phosphor Hwmon Poller.
Jul 31 21:17:26 witherspoon systemd[1]: Started power on mode unbind ir35221 device driver devs.
Jul 31 21:17:26 witherspoon systemd[1]: Started Wait for /xyz/openbmc_project/watchdog/host0.
Jul 31 21:17:26 witherspoon systemd[1]: Started Disable the AVS bus on the VRMs.
Jul 31 21:17:26 witherspoon systemd[1]: Starting Apply voltage overrides to VRMs...
Jul 31 21:17:28 witherspoon vrm-control.sh[1238]: vdna        0.898V        0.004V        0.000A
Jul 31 21:17:29 witherspoon phosphor-discover-system-state[1154]: Host power is off, checking power policy
Jul 31 21:17:29 witherspoon systemd[1]: Started Reboot If Enabled.
Jul 31 21:17:29 witherspoon systemd[1]: Started Witherspoon Fan Watchdog Reset.
Jul 31 21:17:29 witherspoon vrm-control.sh[1238]: vdnb        0.898V        0.004V        0.000A
Jul 31 21:17:29 witherspoon systemd[1]: Started Apply voltage overrides to VRMs.
Jul 31 21:17:29 witherspoon systemd[1]: Starting Enable the AVS bus on VRMs...
Jul 31 21:17:29 witherspoon systemd[1]: Started Enable the AVS bus on VRMs.
Jul 31 21:17:29 witherspoon systemd[1]: Starting Disable VCS before Witherspoon power on...
Jul 31 21:17:30 witherspoon systemd[1]: Started Disable VCS before Witherspoon power on.
Jul 31 21:17:30 witherspoon flash_bios.exe[1032]: Starting flasher: bios,,/org/openbmc/control/flash/bios,
Jul 31 21:17:30 witherspoon flash_bios.exe[1032]: flasher: , BMC = 1, address = 0x0
Jul 31 21:17:30 witherspoon flash_bios.exe[1032]: Setting up flash
Jul 31 21:17:30 witherspoon flash_bios.exe[1032]: Starting flasher: bios,,/org/openbmc/control/flash/bios,
Jul 31 21:17:30 witherspoon flash_bios.exe[1032]: flasher: , BMC = 1, address = 0x0
Jul 31 21:17:30 witherspoon flash_bios.exe[1032]: Setting up flash
Jul 31 21:17:35 witherspoon phosphor-gevent[1014]: ::80e9:6076:8e91:f402%1995172636 - - [2017-07-31 21:17:34] "GET /xyz/openbmc_project/state/host0//attr/CurrentHostState HTTP/1.1" 200 212 7.652356
