-- Logs begin at Sat 2017-07-29 02:08:02 UTC, end at Sat 2017-07-29 02:17:03 UTC. --
Jul 29 02:08:02 witherspoon kernel: Booting Linux on physical CPU 0x0
Jul 29 02:08:02 witherspoon kernel: Linux version 4.10.17-44f0dc8ac43162c4f7082884d6cd79400341bf5b (jenkins@openbmc-builder1) (gcc version 6.2.0 (GCC) ) #1 Fri Jul 28 22:11:27 UTC 2017
Jul 29 02:08:02 witherspoon kernel: CPU: ARMv6-compatible processor [410fb767] revision 7 (ARMv7), cr=00c5387d
Jul 29 02:08:02 witherspoon kernel: CPU: PIPT / VIPT nonaliasing data cache, VIPT nonaliasing instruction cache
Jul 29 02:08:02 witherspoon kernel: OF: fdt:Machine model: Witherspoon BMC
Jul 29 02:08:02 witherspoon kernel: Memory policy: Data cache writeback
Jul 29 02:08:02 witherspoon kernel: SOC Rev: 04030303
Jul 29 02:08:02 witherspoon kernel: On node 0 totalpages: 110592
Jul 29 02:08:02 witherspoon kernel: free_area_init_node: node 0, pgdat 805ff5e4, node_mem_map 9ec1a000
Jul 29 02:08:02 witherspoon kernel:   Normal zone: 992 pages used for memmap
Jul 29 02:08:02 witherspoon kernel:   Normal zone: 0 pages reserved
Jul 29 02:08:02 witherspoon kernel:   Normal zone: 110592 pages, LIFO batch:31
Jul 29 02:08:02 witherspoon kernel: pcpu-alloc: s0 r0 d32768 u32768 alloc=1*32768
Jul 29 02:08:02 witherspoon kernel: pcpu-alloc: [0] 0 
Jul 29 02:08:02 witherspoon kernel: Built 1 zonelists in Zone order, mobility grouping on.  Total pages: 109600
Jul 29 02:08:02 witherspoon kernel: Kernel command line: console=ttyS4,115200n8 root=/dev/ram rw
Jul 29 02:08:02 witherspoon kernel: PID hash table entries: 2048 (order: 1, 8192 bytes)
Jul 29 02:08:02 witherspoon kernel: Dentry cache hash table entries: 65536 (order: 6, 262144 bytes)
Jul 29 02:08:02 witherspoon kernel: Inode-cache hash table entries: 32768 (order: 5, 131072 bytes)
Jul 29 02:08:02 witherspoon kernel: Memory: 430436K/442368K available (4065K kernel code, 280K rwdata, 1192K rodata, 284K init, 111K bss, 11932K reserved, 0K cma-reserved)
Jul 29 02:08:02 witherspoon kernel: Virtual kernel memory layout:
                                        vector  : 0xffff0000 - 0xffff1000   (   4 kB)
                                        fixmap  : 0xffc00000 - 0xfff00000   (3072 kB)
                                        vmalloc : 0x9f800000 - 0xff800000   (1536 MB)
                                        lowmem  : 0x80000000 - 0x9f000000   ( 496 MB)
                                          .text : 0x80008000 - 0x804007a0   (4066 kB)
                                          .init : 0x80585000 - 0x805cc000   ( 284 kB)
                                          .data : 0x805cc000 - 0x80612358   ( 281 kB)
                                           .bss : 0x80612358 - 0x8062e1f8   ( 112 kB)
Jul 29 02:08:02 witherspoon kernel: NR_IRQS:16 nr_irqs:16 16
Jul 29 02:08:02 witherspoon kernel: i2c controller registered, irq 16
Jul 29 02:08:02 witherspoon kernel: clocksource: moxart_timer: mask: 0xffffffff max_cycles: 0xffffffff, max_idle_ns: 77222644334 ns
Jul 29 02:08:02 witherspoon kernel: sched_clock: 32 bits at 100 Hz, resolution 10000000ns, wraps every 21474836475000000ns
Jul 29 02:08:02 witherspoon kernel: Calibrating delay loop... 789.70 BogoMIPS (lpj=3948544)
Jul 29 02:08:02 witherspoon kernel: pid_max: default: 32768 minimum: 301
Jul 29 02:08:02 witherspoon kernel: Mount-cache hash table entries: 1024 (order: 0, 4096 bytes)
Jul 29 02:08:02 witherspoon kernel: Mountpoint-cache hash table entries: 1024 (order: 0, 4096 bytes)
Jul 29 02:08:02 witherspoon kernel: CPU: Testing write buffer coherency: ok
Jul 29 02:08:02 witherspoon kernel: ftrace: allocating 14932 entries in 44 pages
Jul 29 02:08:02 witherspoon kernel: Setting up static identity map for 0x80008200 - 0x8000825c
Jul 29 02:08:02 witherspoon kernel: devtmpfs: initialized
Jul 29 02:08:02 witherspoon kernel: clocksource: jiffies: mask: 0xffffffff max_cycles: 0xffffffff, max_idle_ns: 19112604462750000 ns
Jul 29 02:08:02 witherspoon kernel: futex hash table entries: 256 (order: -1, 3072 bytes)
Jul 29 02:08:02 witherspoon kernel: pinctrl core: initialized pinctrl subsystem
Jul 29 02:08:02 witherspoon kernel: NET: Registered protocol family 16
Jul 29 02:08:02 witherspoon kernel: DMA: preallocated 256 KiB pool for atomic coherent allocations
Jul 29 02:08:02 witherspoon kernel: usbcore: registered new interface driver usbfs
Jul 29 02:08:02 witherspoon kernel: usbcore: registered new interface driver hub
Jul 29 02:08:02 witherspoon kernel: usbcore: registered new device driver usb
Jul 29 02:08:02 witherspoon kernel: clocksource: Switched to clocksource moxart_timer
Jul 29 02:08:02 witherspoon kernel: NET: Registered protocol family 2
Jul 29 02:08:02 witherspoon kernel: TCP established hash table entries: 4096 (order: 2, 16384 bytes)
Jul 29 02:08:02 witherspoon kernel: TCP bind hash table entries: 4096 (order: 2, 16384 bytes)
Jul 29 02:08:02 witherspoon kernel: TCP: Hash tables configured (established 4096 bind 4096)
Jul 29 02:08:02 witherspoon kernel: UDP hash table entries: 256 (order: 0, 4096 bytes)
Jul 29 02:08:02 witherspoon kernel: UDP-Lite hash table entries: 256 (order: 0, 4096 bytes)
Jul 29 02:08:02 witherspoon kernel: NET: Registered protocol family 1
Jul 29 02:08:02 witherspoon kernel: Trying to unpack rootfs image as initramfs...
Jul 29 02:08:02 witherspoon kernel: Freeing initrd memory: 1548K
Jul 29 02:08:02 witherspoon kernel: workingset: timestamp_bits=30 max_order=17 bucket_order=0
Jul 29 02:08:02 witherspoon kernel: squashfs: version 4.0 (2009/01/31) Phillip Lougher
Jul 29 02:08:02 witherspoon kernel: jffs2: version 2.2. (SUMMARY)  © 2001-2006 Red Hat, Inc.
Jul 29 02:08:02 witherspoon kernel: Block layer SCSI generic (bsg) driver version 0.4 loaded (major 250)
Jul 29 02:08:02 witherspoon kernel: io scheduler noop registered
Jul 29 02:08:02 witherspoon kernel: io scheduler deadline registered
Jul 29 02:08:02 witherspoon kernel: io scheduler cfq registered (default)
Jul 29 02:08:02 witherspoon kernel: ipmi-bt-host 1e789140.ibt: Found bt bmc device
Jul 29 02:08:02 witherspoon kernel: ipmi-bt-host 1e789140.ibt: Using IRQ 22
Jul 29 02:08:02 witherspoon kernel: Serial: 8250/16550 driver, 6 ports, IRQ sharing enabled
Jul 29 02:08:02 witherspoon kernel: 1e783000.serial: ttyS0 at MMIO 0x1e783000 (irq = 23, base_baud = 1500000) is a 16550A
Jul 29 02:08:02 witherspoon kernel: 1e78d000.serial: ttyS1 at MMIO 0x1e78d000 (irq = 24, base_baud = 1500000) is a 16550A
Jul 29 02:08:02 witherspoon kernel: 1e784000.serial: ttyS4 at MMIO 0x1e784000 (irq = 25, base_baud = 1500000) is a 16550A
Jul 29 02:08:02 witherspoon kernel: console [ttyS4] enabled
Jul 29 02:08:02 witherspoon kernel: 1e787000.vuart: ttyS2 at MMIO 0x1e787000 (irq = 22, base_baud = 1500000) is a 16550A
Jul 29 02:08:02 witherspoon kernel: timeriomem_rng 1e6e2078.hwrng: 32bits from 0xf00e2078 @ 1us
Jul 29 02:08:02 witherspoon kernel: random: fast init done
Jul 29 02:08:02 witherspoon kernel: brd: module loaded
Jul 29 02:08:02 witherspoon kernel: loop: module loaded
Jul 29 02:08:02 witherspoon kernel: aspeed-lpc-ctrl 1e789080.lpc-ctrl: Loaded at 0x98000000 (0x04000000)
Jul 29 02:08:02 witherspoon kernel: aspeed-smc 1e620000.flash-controller: Using IRQ 18
Jul 29 02:08:02 witherspoon kernel: aspeed-smc 1e620000.flash-controller: DMA support disabled.
Jul 29 02:08:02 witherspoon kernel: aspeed-smc 1e620000.flash-controller: mx25l25635e (32768 Kbytes)
Jul 29 02:08:02 witherspoon kernel: aspeed-smc 1e620000.flash-controller: CE0 window [ 0x20000000 - 0x22000000 ] 32MB
Jul 29 02:08:02 witherspoon kernel: aspeed-smc 1e620000.flash-controller: CE1 window [ 0x22000000 - 0x2a000000 ] 128MB
Jul 29 02:08:02 witherspoon kernel: 5 ofpart partitions found on MTD device bmc
Jul 29 02:08:02 witherspoon kernel: random: crng init done
Jul 29 02:08:02 witherspoon kernel: Creating 5 MTD partitions on "bmc":
Jul 29 02:08:02 witherspoon kernel: 0x000000000000-0x000000060000 : "u-boot"
Jul 29 02:08:02 witherspoon kernel: 0x000000060000-0x000000080000 : "u-boot-env"
Jul 29 02:08:02 witherspoon kernel: 0x000000080000-0x0000004c0000 : "kernel"
Jul 29 02:08:02 witherspoon kernel: 0x0000004c0000-0x000001c00000 : "rofs"
Jul 29 02:08:02 witherspoon kernel: 0x000001c00000-0x000002000000 : "rwfs"
Jul 29 02:08:02 witherspoon kernel: aspeed-smc 1e620000.flash-controller: mx25l25635e (32768 Kbytes)
Jul 29 02:08:02 witherspoon kernel: aspeed-smc 1e620000.flash-controller: CE1 window [ 0x22000000 - 0x24000000 ] 32MB
Jul 29 02:08:02 witherspoon kernel: aspeed-smc 1e620000.flash-controller: CE2 window [ 0x24000000 - 0x2c000000 ] 128MB
Jul 29 02:08:02 witherspoon kernel: aspeed-smc 1e630000.flash-controller: mx66l1g45g (131072 Kbytes)
Jul 29 02:08:02 witherspoon kernel: aspeed-smc 1e630000.flash-controller: CE0 window resized to 120MB (AST2500 HW quirk)
Jul 29 02:08:02 witherspoon kernel: aspeed-smc 1e630000.flash-controller: CE0 window [ 0x30000000 - 0x37800000 ] 120MB
Jul 29 02:08:02 witherspoon kernel: aspeed-smc 1e630000.flash-controller: CE0 window too small for chip 128MB
Jul 29 02:08:02 witherspoon kernel: aspeed-smc 1e630000.flash-controller: CE1 window [ 0x37800000 - 0x38000000 ] 8MB
Jul 29 02:08:02 witherspoon kernel: libphy: Fixed MDIO Bus: probed
Jul 29 02:08:02 witherspoon kernel: ftgmac100 1e660000.ethernet: Read MAC address 70:e2:84:14:28:a9 from chip
Jul 29 02:08:02 witherspoon kernel: ftgmac100 1e660000.ethernet: Using NCSI interface
Jul 29 02:08:02 witherspoon kernel: ftgmac100 1e660000.ethernet eth0: irq 20, mapped at f0060000
Jul 29 02:08:02 witherspoon kernel: ehci_hcd: USB 2.0 'Enhanced' Host Controller (EHCI) Driver
Jul 29 02:08:02 witherspoon kernel: ehci-platform: EHCI generic platform driver
Jul 29 02:08:02 witherspoon kernel:  fsi0: can't read slave 00:00 -5
Jul 29 02:08:02 witherspoon kernel: i2c /dev entries driver
Jul 29 02:08:02 witherspoon kernel: aspeed-i2c-bus 1e78a0c0.i2c-bus: i2c bus 2 registered, irq 26
Jul 29 02:08:02 witherspoon kernel: aspeed-i2c-bus 1e78a100.i2c-bus: i2c bus 3 registered, irq 27
Jul 29 02:08:02 witherspoon kernel: aspeed-i2c-bus 1e78a140.i2c-bus: i2c bus 4 registered, irq 28
Jul 29 02:08:02 witherspoon kernel: aspeed-i2c-bus 1e78a180.i2c-bus: i2c bus 5 registered, irq 29
Jul 29 02:08:02 witherspoon kernel: aspeed-i2c-bus 1e78a380.i2c-bus: i2c bus 9 registered, irq 30
Jul 29 02:08:02 witherspoon kernel: aspeed-i2c-bus 1e78a3c0.i2c-bus: i2c bus 10 registered, irq 31
Jul 29 02:08:02 witherspoon kernel: rtc-rv8803 11-0032: Voltage low, temperature compensation stopped.
Jul 29 02:08:02 witherspoon kernel: rtc-rv8803 11-0032: rtc core: registered rx8900 as rtc0
Jul 29 02:08:02 witherspoon kernel: at24 11-0051: 8192 byte 24c64 EEPROM, writable, 1 bytes/write
Jul 29 02:08:02 witherspoon kernel: aspeed-i2c-bus 1e78a400.i2c-bus: i2c bus 11 registered, irq 32
Jul 29 02:08:02 witherspoon kernel: aspeed-i2c-bus 1e78a440.i2c-bus: i2c bus 12 registered, irq 33
Jul 29 02:08:02 witherspoon kernel: aspeed-i2c-bus 1e78a480.i2c-bus: i2c bus 13 registered, irq 34
Jul 29 02:08:02 witherspoon kernel: Driver for 1-wire Dallas network protocol.
Jul 29 02:08:02 witherspoon kernel: lm75 9-004a: hwmon0: sensor 'tmp275'
Jul 29 02:08:02 witherspoon kernel: max31785 3-0052: Fan 2 is configured but not installed
Jul 29 02:08:02 witherspoon kernel: max31785 3-0052: Fan 3 is configured but not installed
Jul 29 02:08:02 witherspoon kernel: ucd9000 11-0064: Device ID UCD90160|2.3.4.0000|110603
Jul 29 02:08:02 witherspoon kernel: leds-pca955x 3-0060: leds-pca955x: Using pca9552 16-bit LED driver at slave address 0x60
Jul 29 02:08:02 witherspoon kernel: leds-pca955x 11-0060: leds-pca955x: Using pca9552 16-bit LED driver at slave address 0x60
Jul 29 02:08:02 witherspoon kernel: leds-pca955x 11-0060: gpios 264...279
Jul 29 02:08:02 witherspoon kernel: usbcore: registered new interface driver usbhid
Jul 29 02:08:02 witherspoon kernel: usbhid: USB HID core driver
Jul 29 02:08:02 witherspoon kernel: dps310 3-0076: iio:device1: sensor 'dps310'
Jul 29 02:08:02 witherspoon kernel: NET: Registered protocol family 10
Jul 29 02:08:02 witherspoon kernel: Segment Routing with IPv6
Jul 29 02:08:02 witherspoon kernel: NET: Registered protocol family 17
Jul 29 02:08:02 witherspoon kernel: 8021q: 802.1Q VLAN Support v1.8
Jul 29 02:08:02 witherspoon kernel: console [netcon0] enabled
Jul 29 02:08:02 witherspoon kernel: netconsole: network logging started
Jul 29 02:08:02 witherspoon kernel: input: gpio-keys as /devices/platform/gpio-keys/input/input0
Jul 29 02:08:02 witherspoon kernel: rtc-rv8803 11-0032: setting system clock to 2017-07-29 02:07:50 UTC (1501294070)
Jul 29 02:08:02 witherspoon kernel: Freeing unused kernel memory: 284K
Jul 29 02:08:02 witherspoon kernel: This architecture does not have kernel memory protection.
Jul 29 02:08:02 witherspoon kernel: jffs2: notice: (526) jffs2_build_xattr_subsystem: complete building xattr subsystem, 0 of xdatum (0 unchecked, 0 orphan) and 0 of xref (0 dead, 0 orphan) found.
Jul 29 02:08:02 witherspoon systemd[1]: Failed to insert module 'autofs4': No such file or directory
Jul 29 02:08:02 witherspoon systemd[1]: systemd 232 running in system mode. (+PAM -AUDIT -SELINUX -IMA -APPARMOR -SMACK +SYSVINIT -UTMP -LIBCRYPTSETUP -GCRYPT -GNUTLS +ACL +XZ -LZ4 -SECCOMP +BLKID -ELFUTILS +KMOD -IDN)
Jul 29 02:08:02 witherspoon systemd[1]: Detected architecture arm.
Jul 29 02:08:02 witherspoon systemd[1]: Set hostname to <witherspoon>.
Jul 29 02:08:02 witherspoon systemd[1]: Listening on Journal Socket.
Jul 29 02:08:02 witherspoon systemd[1]: Started Dispatch Password Requests to Console Directory Watch.
Jul 29 02:08:02 witherspoon systemd[1]: Listening on Journal Socket (/dev/log).
Jul 29 02:08:02 witherspoon systemd[1]: Listening on udev Kernel Socket.
Jul 29 02:08:02 witherspoon systemd[1]: Listening on udev Control Socket.
Jul 29 02:08:02 witherspoon systemd[1]: Listening on /dev/initctl Compatibility Named Pipe.
Jul 29 02:08:02 witherspoon systemd[1]: Listening on Network Service Netlink Socket.
Jul 29 02:08:02 witherspoon systemd[1]: Mounting Debug File System...
Jul 29 02:08:02 witherspoon systemd[1]: Created slice system-phosphor\x2dcooling\x2dtype.slice.
Jul 29 02:08:02 witherspoon systemd[1]: Created slice system-getty.slice.
Jul 29 02:08:02 witherspoon systemd[1]: Created slice system-op\x2dreset\x2dchassis\x2drunning.slice.
Jul 29 02:08:02 witherspoon systemd[1]: Created slice system-phosphor\x2ddiscover\x2dsystem\x2dstate.slice.
Jul 29 02:08:02 witherspoon systemd[1]: Created slice system-op\x2dreset\x2dchassis\x2don.slice.
Jul 29 02:08:02 witherspoon systemd[1]: Mounting Temporary Directory...
Jul 29 02:08:02 witherspoon systemd[1]: Created slice system-org.openbmc.control.Power.slice.
Jul 29 02:08:02 witherspoon systemd[1]: Starting Journal Service...
Jul 29 02:08:02 witherspoon systemd[1]: Created slice system-org.openbmc.buttons.Power.slice.
Jul 29 02:08:02 witherspoon systemd-journald[555]: Journal started
Jul 29 02:08:02 witherspoon systemd-journald[555]: Runtime journal (/run/log/journal/12c6a00ebfdd479284cf09f39d1bc042) is 0B, max 0B, 0B free.
Jul 29 02:08:04 witherspoon systemd-sysctl[557]: Couldn't write '16' to 'kernel/sysrq', ignoring: No such file or directory
Jul 29 02:08:04 witherspoon systemd-sysctl[557]: Couldn't write 'fq_codel' to 'net/core/default_qdisc', ignoring: No such file or directory
Jul 29 02:08:05 witherspoon systemd[1]: Created slice system-mapper\x2dwait.slice.
Jul 29 02:08:05 witherspoon systemd[1]: Created slice system-org.openbmc.control.Chassis.slice.
Jul 29 02:08:05 witherspoon systemd[1]: Mounted Debug File System.
Jul 29 02:08:06 witherspoon systemd[1]: Mounted Temporary Directory.
Jul 29 02:08:06 witherspoon systemd[1]: Started Journal Service.
Jul 29 02:08:06 witherspoon systemd[1]: Started Remount Root and Kernel File Systems.
Jul 29 02:08:06 witherspoon systemd[1]: Started Apply Kernel Variables.
Jul 29 02:08:07 witherspoon systemd[1]: Starting Create System Users...
Jul 29 02:08:07 witherspoon systemd[1]: Starting Flush Journal to Persistent Storage...
Jul 29 02:08:07 witherspoon systemd[1]: Started udev Coldplug all Devices.
Jul 29 02:08:07 witherspoon systemd[1]: Started Create System Users.
Jul 29 02:08:08 witherspoon systemd[1]: Starting Create Static Device Nodes in /dev...
Jul 29 02:08:08 witherspoon systemd-journald[555]: Runtime journal (/run/log/journal/12c6a00ebfdd479284cf09f39d1bc042) is 0B, max 0B, 0B free.
Jul 29 02:08:08 witherspoon systemd[1]: Started Flush Journal to Persistent Storage.
Jul 29 02:08:09 witherspoon systemd[1]: Started Create Static Device Nodes in /dev.
Jul 29 02:08:09 witherspoon systemd[1]: Starting udev Kernel Device Manager...
Jul 29 02:08:09 witherspoon systemd[1]: Reached target Local File Systems (Pre).
Jul 29 02:08:09 witherspoon systemd[1]: Mounting /var/volatile...
Jul 29 02:08:09 witherspoon systemd[1]: Mounted /var/volatile.
Jul 29 02:08:09 witherspoon systemd[1]: Starting Load/Save Random Seed...
Jul 29 02:08:10 witherspoon systemd[1]: Reached target Local File Systems.
Jul 29 02:08:10 witherspoon systemd[1]: Starting Rebuild Journal Catalog...
Jul 29 02:08:10 witherspoon systemd[1]: Starting Create Volatile Files and Directories...
Jul 29 02:08:10 witherspoon systemd[1]: Started Load/Save Random Seed.
Jul 29 02:08:10 witherspoon systemd[1]: Started udev Kernel Device Manager.
Jul 29 02:08:11 witherspoon systemd[1]: Found device /dev/aspeed-lpc-ctrl.
Jul 29 02:08:11 witherspoon systemd[1]: Found device /dev/aspeed-mbox.
Jul 29 02:08:11 witherspoon systemd[1]: dev-hugepages.mount: Couldn't determine result for ConditionVirtualization=!private-users, assuming failed: No such file or directory
Jul 29 02:08:11 witherspoon systemd[1]: Created slice system-xyz.openbmc_project.Hwmon.slice.
Jul 29 02:08:11 witherspoon systemd[1]: Found device /dev/ttyS4.
Jul 29 02:08:11 witherspoon systemd[1]: Found device /dev/ttyVUART0.
Jul 29 02:08:11 witherspoon systemd[1]: Created slice system-xyz.openbmc_project.led.controller.slice.
Jul 29 02:08:11 witherspoon systemd[1]: dev-hugepages.mount: Couldn't determine result for ConditionVirtualization=!private-users, assuming failed: No such file or directory
Jul 29 02:08:11 witherspoon systemd[1]: dev-hugepages.mount: Couldn't determine result for ConditionVirtualization=!private-users, assuming failed: No such file or directory
Jul 29 02:08:11 witherspoon systemd[1]: dev-hugepages.mount: Couldn't determine result for ConditionVirtualization=!private-users, assuming failed: No such file or directory
Jul 29 02:08:12 witherspoon systemd-tmpfiles[899]: "/var/tmp" already exists and is not a directory.
Jul 29 02:08:12 witherspoon systemd-tmpfiles[899]: "/var/log" already exists and is not a directory.
Jul 29 02:08:12 witherspoon systemd[1]: Started Rebuild Journal Catalog.
Jul 29 02:08:12 witherspoon systemd[1]: Started Create Volatile Files and Directories.
Jul 29 02:08:13 witherspoon systemd[1]: dev-hugepages.mount: Couldn't determine result for ConditionVirtualization=!private-users, assuming failed: No such file or directory
Jul 29 02:08:13 witherspoon systemd[1]: Starting Run pending postinsts...
Jul 29 02:08:13 witherspoon systemd[1]: Starting Network Time Synchronization...
Jul 29 02:08:13 witherspoon run-postinsts[922]: Running postinst /etc/rpm-postinsts/libglib-2.0-0...
Jul 29 02:08:13 witherspoon systemd[1]: Starting Update is Completed...
Jul 29 02:08:14 witherspoon systemd[1]: Started Update is Completed.
Jul 29 02:08:14 witherspoon systemd[1]: Started Network Time Synchronization.
Jul 29 02:08:14 witherspoon systemd[1]: Reached target System Time Synchronized.
Jul 29 02:08:15 witherspoon run-postinsts[922]: rm: can't remove '/etc/rpm-postinsts': Invalid argument
Jul 29 02:08:15 witherspoon run-postinsts[922]:  Removing any system startup links for run-postinsts ...
Jul 29 02:08:15 witherspoon systemctl[935]: Removed /etc/systemd/system/sysinit.target.wants/run-postinsts.service.
Jul 29 02:08:15 witherspoon systemd[1]: Reloading.
Jul 29 02:08:17 witherspoon systemd[1]: Started Run pending postinsts.
Jul 29 02:08:17 witherspoon systemd[1]: Reached target System Initialization.
Jul 29 02:08:17 witherspoon systemd[1]: Listening on Phosphor Webserver socket.
Jul 29 02:08:17 witherspoon systemd[1]: Listening on Avahi mDNS/DNS-SD Stack Activation Socket.
Jul 29 02:08:17 witherspoon systemd[1]: Listening on D-Bus System Message Bus Socket.
Jul 29 02:08:17 witherspoon systemd[1]: Started Daily Cleanup of Temporary Directories.
Jul 29 02:08:17 witherspoon systemd[1]: Reached target Timers.
Jul 29 02:08:17 witherspoon systemd[1]: Listening on dropbear.socket.
Jul 29 02:08:17 witherspoon systemd[1]: Listening on Phosphor Host Console SSH Per-Connection socket.
Jul 29 02:08:18 witherspoon systemd[1]: Listening on Phosphor DBUS Browser socket.
Jul 29 02:08:18 witherspoon systemd[1]: Listening on phosphor-ipmi-net.socket.
Jul 29 02:08:18 witherspoon systemd[1]: Reached target Sockets.
Jul 29 02:08:18 witherspoon systemd[1]: Reached target Basic System.
Jul 29 02:08:18 witherspoon systemd[1]: Started Phosphor sysfs LED controller.
Jul 29 02:08:18 witherspoon systemd[1]: Started Phosphor Dump core monitor..
Jul 29 02:08:18 witherspoon systemd[1]: Starting Phosphor Network Manager...
Jul 29 02:08:18 witherspoon systemd[1]: Started Phosphor sysfs LED controller.
Jul 29 02:08:18 witherspoon systemd[1]: Started Phosphor sysfs LED controller.
Jul 29 02:08:18 witherspoon systemd[1]: Starting Phosphor LED Group Management Daemon...
Jul 29 02:08:18 witherspoon systemd[1]: Starting Phosphor Dump Manager...
Jul 29 02:08:18 witherspoon systemd[1]: Started Phosphor sysfs LED controller.
Jul 29 02:08:18 witherspoon systemd[1]: Started Phosphor sysfs LED controller.
Jul 29 02:08:18 witherspoon systemd[1]: Started Phosphor sysfs LED controller.
Jul 29 02:08:18 witherspoon systemd[1]: Starting Phosphor Download Manager...
Jul 29 02:08:18 witherspoon systemd[1]: Reached target Containers.
Jul 29 02:08:18 witherspoon systemd[1]: Started Kernel Logging Service.
Jul 29 02:08:19 witherspoon systemd[1]: Started D-Bus System Message Bus.
Jul 29 02:08:20 witherspoon kernel[958]: klogd started: BusyBox v1.24.1 (2017-06-16 19:29:08 UTC)
Jul 29 02:08:20 witherspoon kernel[958]: [    0.000000] Booting Linux on physical CPU 0x0
Jul 29 02:08:20 witherspoon kernel[958]: [    0.000000] Linux version 4.10.17-44f0dc8ac43162c4f7082884d6cd79400341bf5b (jenkins@openbmc-builder1) (gcc version 6.2.0 (GCC) ) #1 Fri Jul 28 22:11:27 UTC 2017
Jul 29 02:08:20 witherspoon kernel[958]: [    0.000000] CPU: ARMv6-compatible processor [410fb767] revision 7 (ARMv7), cr=00c5387d
Jul 29 02:08:20 witherspoon kernel[958]: [    0.000000] CPU: PIPT / VIPT nonaliasing data cache, VIPT nonaliasing instruction cache
Jul 29 02:08:20 witherspoon kernel[958]: [    0.000000] OF: fdt:Machine model: Witherspoon BMC
Jul 29 02:08:20 witherspoon kernel[958]: [    0.000000] Memory policy: Data cache writeback
Jul 29 02:08:20 witherspoon kernel[958]: [    0.000000] SOC Rev: 04030303
Jul 29 02:08:20 witherspoon kernel[958]: [    0.000000] On node 0 totalpages: 110592
Jul 29 02:08:20 witherspoon kernel[958]: [    0.000000] free_area_init_node: node 0, pgdat 805ff5e4, node_mem_map 9ec1a000
Jul 29 02:08:20 witherspoon kernel[958]: [    0.000000]   Normal zone: 992 pages used for memmap
Jul 29 02:08:20 witherspoon kernel[958]: [    0.000000]   Normal zone: 0 pages reserved
Jul 29 02:08:20 witherspoon kernel[958]: [    0.000000]   Normal zone: 110592 pages, LIFO batch:31
Jul 29 02:08:20 witherspoon kernel[958]: [    0.000000] pcpu-alloc: s0 r0 d32768 u32768 alloc=1*32768
Jul 29 02:08:20 witherspoon kernel[958]: [    0.000000] pcpu-alloc: [0] 0
Jul 29 02:08:20 witherspoon kernel[958]: [    0.000000] Built 1 zonelists in Zone order, mobility grouping on.  Total pages: 109600
Jul 29 02:08:20 witherspoon kernel[958]: [    0.000000] Kernel command line: console=ttyS4,115200n8 root=/dev/ram rw
Jul 29 02:08:20 witherspoon kernel[958]: [    0.000000] PID hash table entries: 2048 (order: 1, 8192 bytes)
Jul 29 02:08:20 witherspoon kernel[958]: [    0.000000] Dentry cache hash table entries: 65536 (order: 6, 262144 bytes)
Jul 29 02:08:20 witherspoon kernel[958]: [    0.000000] Inode-cache hash table entries: 32768 (order: 5, 131072 bytes)
Jul 29 02:08:20 witherspoon kernel[958]: [    0.000000] Memory: 430436K/442368K available (4065K kernel code, 280K rwdata, 1192K rodata, 284K init, 111K bss, 11932K reserved, 0K cma-reserved)
Jul 29 02:08:20 witherspoon kernel[958]: [    0.000000] Virtual kernel memory layout:
Jul 29 02:08:20 witherspoon kernel[958]: [    0.000000]     vector  : 0xffff0000 - 0xffff1000   (   4 kB)
Jul 29 02:08:20 witherspoon kernel[958]: [    0.000000]     fixmap  : 0xffc00000 - 0xfff00000   (3072 kB)
Jul 29 02:08:20 witherspoon kernel[958]: [    0.000000]     vmalloc : 0x9f800000 - 0xff800000   (1536 MB)
Jul 29 02:08:20 witherspoon kernel[958]: [    0.000000]     lowmem  : 0x80000000 - 0x9f000000   ( 496 MB)
Jul 29 02:08:20 witherspoon kernel[958]: [    0.000000]       .text : 0x80008000 - 0x804007a0   (4066 kB)
Jul 29 02:08:20 witherspoon kernel[958]: [    0.000000]       .init : 0x80585000 - 0x805cc000   ( 284 kB)
Jul 29 02:08:20 witherspoon kernel[958]: [    0.000000]       .data : 0x805cc000 - 0x80612358   ( 281 kB)
Jul 29 02:08:20 witherspoon kernel[958]: [    0.000000]        .bss : 0x80612358 - 0x8062e1f8   ( 112 kB)
Jul 29 02:08:20 witherspoon kernel[958]: [    0.000000] NR_IRQS:16 nr_irqs:16 16
Jul 29 02:08:20 witherspoon kernel[958]: [    0.000000] i2c controller registered, irq 16
Jul 29 02:08:20 witherspoon kernel[958]: [    0.000000] clocksource: moxart_timer: mask: 0xffffffff max_cycles: 0xffffffff, max_idle_ns: 77222644334 ns
Jul 29 02:08:20 witherspoon kernel[958]: [    0.000000] sched_clock: 32 bits at 100 Hz, resolution 10000000ns, wraps every 21474836475000000ns
Jul 29 02:08:20 witherspoon kernel[958]: [    0.090000] Calibrating delay loop... 789.70 BogoMIPS (lpj=3948544)
Jul 29 02:08:20 witherspoon kernel[958]: [    0.090000] pid_max: default: 32768 minimum: 301
Jul 29 02:08:20 witherspoon kernel[958]: [    0.090000] Mount-cache hash table entries: 1024 (order: 0, 4096 bytes)
Jul 29 02:08:20 witherspoon kernel[958]: [    0.090000] Mountpoint-cache hash table entries: 1024 (order: 0, 4096 bytes)
Jul 29 02:08:20 witherspoon kernel[958]: [    0.090000] CPU: Testing write buffer coherency: ok
Jul 29 02:08:20 witherspoon kernel[958]: [    0.090000] ftrace: allocating 14932 entries in 44 pages
Jul 29 02:08:20 witherspoon kernel[958]: [    0.120000] Setting up static identity map for 0x80008200 - 0x8000825c
Jul 29 02:08:20 witherspoon kernel[958]: [    0.120000] devtmpfs: initialized
Jul 29 02:08:20 witherspoon kernel[958]: [    0.140000] clocksource: jiffies: mask: 0xffffffff max_cycles: 0xffffffff, max_idle_ns: 19112604462750000 ns
Jul 29 02:08:20 witherspoon kernel[958]: [    0.140000] futex hash table entries: 256 (order: -1, 3072 bytes)
Jul 29 02:08:20 witherspoon kernel[958]: [    0.140000] pinctrl core: initialized pinctrl subsystem
Jul 29 02:08:20 witherspoon kernel[958]: [    0.140000] NET: Registered protocol family 16
Jul 29 02:08:20 witherspoon kernel[958]: [    0.140000] DMA: preallocated 256 KiB pool for atomic coherent allocations
Jul 29 02:08:20 witherspoon kernel[958]: [    0.210000] usbcore: registered new interface driver usbfs
Jul 29 02:08:20 witherspoon kernel[958]: [    0.210000] usbcore: registered new interface driver hub
Jul 29 02:08:20 witherspoon kernel[958]: [    0.210000] usbcore: registered new device driver usb
Jul 29 02:08:20 witherspoon kernel[958]: [    0.220000] clocksource: Switched to clocksource moxart_timer
Jul 29 02:08:20 witherspoon kernel[958]: [    0.240000] NET: Registered protocol family 2
Jul 29 02:08:20 witherspoon kernel[958]: [    0.240000] TCP established hash table entries: 4096 (order: 2, 16384 bytes)
Jul 29 02:08:20 witherspoon kernel[958]: [    0.240000] TCP bind hash table entries: 4096 (order: 2, 16384 bytes)
Jul 29 02:08:20 witherspoon kernel[958]: [    0.240000] TCP: Hash tables configured (established 4096 bind 4096)
Jul 29 02:08:20 witherspoon kernel[958]: [    0.240000] UDP hash table entries: 256 (order: 0, 4096 bytes)
Jul 29 02:08:20 witherspoon kernel[958]: [    0.240000] UDP-Lite hash table entries: 256 (order: 0, 4096 bytes)
Jul 29 02:08:20 witherspoon kernel[958]: [    0.240000] NET: Registered protocol family 1
Jul 29 02:08:20 witherspoon kernel[958]: [    0.240000] Trying to unpack rootfs image as initramfs...
Jul 29 02:08:20 witherspoon kernel[958]: [    1.910000] Freeing initrd memory: 1548K
Jul 29 02:08:20 witherspoon kernel[958]: [    1.910000] workingset: timestamp_bits=30 max_order=17 bucket_order=0
Jul 29 02:08:20 witherspoon kernel[958]: [    1.910000] squashfs: version 4.0 (2009/01/31) Phillip Lougher
Jul 29 02:08:20 witherspoon kernel[958]: [    1.910000] jffs2: version 2.2. (SUMMARY)  © 2001-2006 Red Hat, Inc.
Jul 29 02:08:20 witherspoon kernel[958]: [    1.910000] Block layer SCSI generic (bsg) driver version 0.4 loaded (major 250)
Jul 29 02:08:20 witherspoon kernel[958]: [    1.910000] io scheduler noop registered
Jul 29 02:08:20 witherspoon kernel[958]: [    1.910000] io scheduler deadline registered
Jul 29 02:08:20 witherspoon kernel[958]: [    1.910000] io scheduler cfq registered (default)
Jul 29 02:08:20 witherspoon kernel[958]: [    2.060000] ipmi-bt-host 1e789140.ibt: Found bt bmc device
Jul 29 02:08:20 witherspoon kernel[958]: [    2.060000] ipmi-bt-host 1e789140.ibt: Using IRQ 22
Jul 29 02:08:20 witherspoon kernel[958]: [    2.060000] Serial: 8250/16550 driver, 6 ports, IRQ sharing enabled
Jul 29 02:08:20 witherspoon kernel[958]: [    2.060000] 1e783000.serial: ttyS0 at MMIO 0x1e783000 (irq = 23, base_baud = 1500000) is a 16550A
Jul 29 02:08:20 witherspoon kernel[958]: [    2.060000] 1e78d000.serial: ttyS1 at MMIO 0x1e78d000 (irq = 24, base_baud = 1500000) is a 16550A
Jul 29 02:08:20 witherspoon kernel[958]: [    2.060000] 1e784000.serial: ttyS4 at MMIO 0x1e784000 (irq = 25, base_baud = 1500000) is a 16550A
Jul 29 02:08:20 witherspoon kernel[958]: [    2.410000] console [ttyS4] enabled
Jul 29 02:08:20 witherspoon kernel[958]: [    2.410000] 1e787000.vuart: ttyS2 at MMIO 0x1e787000 (irq = 22, base_baud = 1500000) is a 16550A
Jul 29 02:08:20 witherspoon kernel[958]: [    2.600000] timeriomem_rng 1e6e2078.hwrng: 32bits from 0xf00e2078 @ 1us
Jul 29 02:08:20 witherspoon kernel[958]: [    2.610000] random: fast init done
Jul 29 02:08:20 witherspoon kernel[958]: [    2.650000] brd: module loaded
Jul 29 02:08:20 witherspoon kernel[958]: [    2.680000] loop: module loaded
Jul 29 02:08:20 witherspoon kernel[958]: [    2.680000] aspeed-lpc-ctrl 1e789080.lpc-ctrl: Loaded at 0x98000000 (0x04000000)
Jul 29 02:08:20 witherspoon kernel[958]: [    2.690000] aspeed-smc 1e620000.flash-controller: Using IRQ 18
Jul 29 02:08:20 witherspoon kernel[958]: [    2.690000] aspeed-smc 1e620000.flash-controller: DMA support disabled.
Jul 29 02:08:20 witherspoon kernel[958]: [    2.710000] aspeed-smc 1e620000.flash-controller: mx25l25635e (32768 Kbytes)
Jul 29 02:08:20 witherspoon kernel[958]: [    2.710000] aspeed-smc 1e620000.flash-controller: CE0 window [ 0x20000000 - 0x22000000 ] 32MB
Jul 29 02:08:20 witherspoon kernel[958]: [    2.710000] aspeed-smc 1e620000.flash-controller: CE1 window [ 0x22000000 - 0x2a000000 ] 128MB
Jul 29 02:08:20 witherspoon kernel[958]: [    2.710000] 5 ofpart partitions found on MTD device bmc
Jul 29 02:08:20 witherspoon kernel[958]: [    2.740000] random: crng init done
Jul 29 02:08:20 witherspoon kernel[958]: [    2.740000] Creating 5 MTD partitions on "bmc":
Jul 29 02:08:20 witherspoon kernel[958]: [    2.750000] 0x000000000000-0x000000060000 : "u-boot"
Jul 29 02:08:20 witherspoon kernel[958]: [    2.750000] 0x000000060000-0x000000080000 : "u-boot-env"
Jul 29 02:08:20 witherspoon kernel[958]: [    2.770000] 0x000000080000-0x0000004c0000 : "kernel"
Jul 29 02:08:20 witherspoon kernel[958]: [    2.780000] 0x0000004c0000-0x000001c00000 : "rofs"
Jul 29 02:08:20 witherspoon kernel[958]: [    2.790000] 0x000001c00000-0x000002000000 : "rwfs"
Jul 29 02:08:20 witherspoon kernel[958]: [    2.800000] aspeed-smc 1e620000.flash-controller: mx25l25635e (32768 Kbytes)
Jul 29 02:08:20 witherspoon kernel[958]: [    2.810000] aspeed-smc 1e620000.flash-controller: CE1 window [ 0x22000000 - 0x24000000 ] 32MB
Jul 29 02:08:20 witherspoon kernel[958]: [    2.810000] aspeed-smc 1e620000.flash-controller: CE2 window [ 0x24000000 - 0x2c000000 ] 128MB
Jul 29 02:08:20 witherspoon kernel[958]: [    2.830000] aspeed-smc 1e630000.flash-controller: mx66l1g45g (131072 Kbytes)
Jul 29 02:08:20 witherspoon kernel[958]: [    2.840000] aspeed-smc 1e630000.flash-controller: CE0 window resized to 120MB (AST2500 HW quirk)
Jul 29 02:08:20 witherspoon kernel[958]: [    2.840000] aspeed-smc 1e630000.flash-controller: CE0 window [ 0x30000000 - 0x37800000 ] 120MB
Jul 29 02:08:20 witherspoon kernel[958]: [    2.860000] aspeed-smc 1e630000.flash-controller: CE0 window too small for chip 128MB
Jul 29 02:08:20 witherspoon kernel[958]: [    2.860000] aspeed-smc 1e630000.flash-controller: CE1 window [ 0x37800000 - 0x38000000 ] 8MB
Jul 29 02:08:20 witherspoon kernel[958]: [    3.630000] libphy: Fixed MDIO Bus: probed
Jul 29 02:08:20 witherspoon kernel[958]: [    3.630000] ftgmac100 1e660000.ethernet: Read MAC address 70:e2:84:14:28:a9 from chip
Jul 29 02:08:20 witherspoon kernel[958]: [    3.630000] ftgmac100 1e660000.ethernet: Using NCSI interface
Jul 29 02:08:20 witherspoon kernel[958]: [    3.630000] ftgmac100 1e660000.ethernet eth0: irq 20, mapped at f0060000
Jul 29 02:08:20 witherspoon kernel[958]: [    3.630000] ehci_hcd: USB 2.0 'Enhanced' Host Controller (EHCI) Driver
Jul 29 02:08:20 witherspoon kernel[958]: [    3.630000] ehci-platform: EHCI generic platform driver
Jul 29 02:08:20 witherspoon kernel[958]: [    3.840000]  fsi0: can't read slave 00:00 -5
Jul 29 02:08:20 witherspoon kernel[958]: [    3.840000] i2c /dev entries driver
Jul 29 02:08:20 witherspoon kernel[958]: [    3.840000] aspeed-i2c-bus 1e78a0c0.i2c-bus: i2c bus 2 registered, irq 26
Jul 29 02:08:20 witherspoon kernel[958]: [    3.840000] aspeed-i2c-bus 1e78a100.i2c-bus: i2c bus 3 registered, irq 27
Jul 29 02:08:20 witherspoon kernel[958]: [    3.840000] aspeed-i2c-bus 1e78a140.i2c-bus: i2c bus 4 registered, irq 28
Jul 29 02:08:20 witherspoon kernel[958]: [    3.840000] aspeed-i2c-bus 1e78a180.i2c-bus: i2c bus 5 registered, irq 29
Jul 29 02:08:20 witherspoon kernel[958]: [    3.840000] aspeed-i2c-bus 1e78a380.i2c-bus: i2c bus 9 registered, irq 30
Jul 29 02:08:20 witherspoon kernel[958]: [    3.840000] aspeed-i2c-bus 1e78a3c0.i2c-bus: i2c bus 10 registered, irq 31
Jul 29 02:08:20 witherspoon kernel[958]: [    3.840000] rtc-rv8803 11-0032: Voltage low, temperature compensation stopped.
Jul 29 02:08:21 witherspoon systemd[1]: Started Phosphor LED Group Management Daemon.
Jul 29 02:08:20 witherspoon kernel[958]: [    3.840000] rtc-rv8803 11-0032: rtc core: registered rx8900 as rtc0
Jul 29 02:08:21 witherspoon systemd[1]: Started Phosphor Download Manager.
Jul 29 02:08:20 witherspoon kernel[958]: [    3.840000] at24 11-0051: 8192 byte 24c64 EEPROM, writable, 1 bytes/write
Jul 29 02:08:21 witherspoon systemd[1]: Starting Network Service...
Jul 29 02:08:20 witherspoon kernel[958]: [    3.840000] aspeed-i2c-bus 1e78a400.i2c-bus: i2c bus 11 registered, irq 32
Jul 29 02:08:21 witherspoon systemd-networkd[961]: Could not create runtime directory: File exists
Jul 29 02:08:20 witherspoon kernel[958]: [    3.960000] aspeed-i2c-bus 1e78a440.i2c-bus: i2c bus 12 registered, irq 33
Jul 29 02:08:21 witherspoon systemd-networkd[961]: Could not create runtime directory 'links': File exists
Jul 29 02:08:20 witherspoon kernel[958]: [    3.960000] aspeed-i2c-bus 1e78a480.i2c-bus: i2c bus 13 registered, irq 34
Jul 29 02:08:21 witherspoon systemd-networkd[961]: Could not create runtime directory 'leases': File exists
Jul 29 02:08:20 witherspoon kernel[958]: [    3.960000] Driver for 1-wire Dallas network protocol.
Jul 29 02:08:21 witherspoon systemd[1]: Starting Phosphor IPMI BT DBus Bridge...
Jul 29 02:08:20 witherspoon kernel[958]: [    3.960000] lm75 9-004a: hwmon0: sensor 'tmp275'
Jul 29 02:08:20 witherspoon kernel[958]: [    4.400000] max31785 3-0052: Fan 2 is configured but not installed
Jul 29 02:08:20 witherspoon kernel[958]: [    4.400000] max31785 3-0052: Fan 3 is configured but not installed
Jul 29 02:08:20 witherspoon kernel[958]: [    4.760000] ucd9000 11-0064: Device ID UCD90160|2.3.4.0000|110603
Jul 29 02:08:20 witherspoon kernel[958]: [    5.090000] leds-pca955x 3-0060: leds-pca955x: Using pca9552 16-bit LED driver at slave address 0x60
Jul 29 02:08:20 witherspoon kernel[958]: [    5.110000] leds-pca955x 11-0060: leds-pca955x: Using pca9552 16-bit LED driver at slave address 0x60
Jul 29 02:08:20 witherspoon kernel[958]: [    5.120000] leds-pca955x 11-0060: gpios 264...279
Jul 29 02:08:20 witherspoon kernel[958]: [    5.130000] usbcore: registered new interface driver usbhid
Jul 29 02:08:20 witherspoon kernel[958]: [    5.130000] usbhid: USB HID core driver
Jul 29 02:08:20 witherspoon kernel[958]: [    5.170000] dps310 3-0076: iio:device1: sensor 'dps310'
Jul 29 02:08:20 witherspoon kernel[958]: [    5.170000] NET: Registered protocol family 10
Jul 29 02:08:20 witherspoon kernel[958]: [    5.180000] Segment Routing with IPv6
Jul 29 02:08:20 witherspoon kernel[958]: [    5.180000] NET: Registered protocol family 17
Jul 29 02:08:20 witherspoon kernel[958]: [    5.180000] 8021q: 802.1Q VLAN Support v1.8
Jul 29 02:08:20 witherspoon kernel[958]: [    5.200000] console [netcon0] enabled
Jul 29 02:08:20 witherspoon kernel[958]: [    5.200000] netconsole: network logging started
Jul 29 02:08:20 witherspoon kernel[958]: [    5.200000] input: gpio-keys as /devices/platform/gpio-keys/input/input0
Jul 29 02:08:20 witherspoon kernel[958]: [    5.200000] rtc-rv8803 11-0032: setting system clock to 2017-07-29 02:07:50 UTC (1501294070)
Jul 29 02:08:20 witherspoon kernel[958]: [    5.200000] Freeing unused kernel memory: 284K
Jul 29 02:08:20 witherspoon kernel[958]: [    5.200000] This architecture does not have kernel memory protection.
Jul 29 02:08:20 witherspoon kernel[958]: [    6.870000] jffs2: notice: (526) jffs2_build_xattr_subsystem: complete building xattr subsystem, 0 of xdatum (0 unchecked, 0 orphan) and 0 of xref (0 dead, 0 orphan) found.
Jul 29 02:08:20 witherspoon kernel[958]: [    8.980000] systemd[1]: Failed to insert module 'autofs4': No such file or directory
Jul 29 02:08:20 witherspoon kernel[958]: [    9.180000] systemd[1]: systemd 232 running in system mode. (+PAM -AUDIT -SELINUX -IMA -APPARMOR -SMACK +SYSVINIT -UTMP -LIBCRYPTSETUP -GCRYPT -GNUTLS +ACL +XZ -LZ4 -SECCOMP +BLKID -ELFUTILS +KMOD -IDN)
Jul 29 02:08:20 witherspoon kernel[958]: [    9.180000] systemd[1]: Detected architecture arm.
Jul 29 02:08:20 witherspoon kernel[958]: [    9.340000] systemd[1]: Set hostname to <witherspoon>.
Jul 29 02:08:20 witherspoon kernel[958]: [   10.920000] systemd[1]: Listening on Journal Socket.
Jul 29 02:08:20 witherspoon kernel[958]: [   10.920000] systemd[1]: Started Dispatch Password Requests to Console Directory Watch.
Jul 29 02:08:20 witherspoon kernel[958]: [   11.070000] systemd[1]: Listening on Journal Socket (/dev/log).
Jul 29 02:08:20 witherspoon kernel[958]: [   11.230000] systemd[1]: Listening on udev Kernel Socket.
Jul 29 02:08:20 witherspoon kernel[958]: [   11.390000] systemd[1]: Listening on udev Control Socket.
Jul 29 02:08:20 witherspoon kernel[958]: [   11.560000] systemd[1]: Listening on /dev/initctl Compatibility Named Pipe.
Jul 29 02:08:20 witherspoon kernel[958]: [   11.740000] systemd[1]: Listening on Network Service Netlink Socket.
Jul 29 02:08:20 witherspoon kernel[958]: [   14.380000] systemd[1]: Mounting Debug File System...
Jul 29 02:08:20 witherspoon kernel[958]: [   14.640000] systemd[1]: Created slice system-phosphor\x2dcooling\x2dtype.slice.
Jul 29 02:08:20 witherspoon kernel[958]: [   14.910000] systemd[1]: Created slice system-getty.slice.
Jul 29 02:08:20 witherspoon kernel[958]: [   15.190000] systemd[1]: Created slice system-op\x2dreset\x2dchassis\x2drunning.slice.
Jul 29 02:08:20 witherspoon kernel[958]: [   15.470000] systemd[1]: Created slice system-phosphor\x2ddiscover\x2dsystem\x2dstate.slice.
Jul 29 02:08:20 witherspoon kernel[958]: [   15.760000] systemd[1]: Created slice system-op\x2dreset\x2dchassis\x2don.slice.
Jul 29 02:08:21 witherspoon systemd[1]: Starting Phosphor Log Manager...
Jul 29 02:08:20 witherspoon kernel[958]: [   16.060000] systemd[1]: Mounting Temporary Directory...
Jul 29 02:08:22 witherspoon systemd[1]: Starting Phosphor Inventory Manager...
Jul 29 02:08:20 witherspoon kernel[958]: [   16.360000] systemd[1]: Created slice system-org.openbmc.control.Power.slice.
Jul 29 02:08:20 witherspoon kernel[958]: [   16.670000] systemd[1]: Starting Journal Service...
Jul 29 02:08:20 witherspoon kernel[958]: [   16.990000] systemd[1]: Created slice system-org.openbmc.buttons.Power.slice.
Jul 29 02:08:20 witherspoon kernel[958]: [   19.390000] systemd[1]: Created slice system-mapper\x2dwait.slice.
Jul 29 02:08:20 witherspoon kernel[958]: [   19.760000] systemd[1]: Created slice system-org.openbmc.control.Chassis.slice.
Jul 29 02:08:20 witherspoon kernel[958]: [   20.140000] systemd[1]: Mounted Debug File System.
Jul 29 02:08:20 witherspoon kernel[958]: [   20.520000] systemd[1]: Mounted Temporary Directory.
Jul 29 02:08:20 witherspoon kernel[958]: [   20.910000] systemd[1]: Started Journal Service.
Jul 29 02:08:20 witherspoon kernel[958]: [   23.390000] systemd-journald[555]: Received request to flush runtime journal from PID 1
Jul 29 02:08:22 witherspoon systemd-networkd[961]: Enumeration completed
Jul 29 02:08:22 witherspoon systemd[1]: Starting Phosphor Settings Daemon...
Jul 29 02:08:22 witherspoon systemd-networkd[961]: eth0: IPv6 enabled for interface: Success
Jul 29 02:08:22 witherspoon systemd[1]: Starting Phosphor DBus Service Discovery Manager...
Jul 29 02:08:22 witherspoon systemd[1]: Starting Avahi mDNS/DNS-SD Stack...
Jul 29 02:08:22 witherspoon systemd[1]: Started Phosphor sysfs LED controller.
Jul 29 02:08:22 witherspoon systemd[1]: Starting OpenPower Software Update Manager...
Jul 29 02:08:22 witherspoon systemd-networkd[961]: eth0: Gained carrier
Jul 29 02:08:22 witherspoon systemd[1]: Started Phosphor Console Muxer listening on device /dev/ttyVUART0.
Jul 29 02:08:22 witherspoon systemd-timesyncd[924]: Network configuration changed, trying to establish connection.
Jul 29 02:08:22 witherspoon systemd[1]: Started System Logging Service.
Jul 29 02:08:22 witherspoon systemd[1]: Starting Phosphor Inventory Manager...
Jul 29 02:08:22 witherspoon systemd[1]: Starting Phosphor Chassis0 Control...
Jul 29 02:08:22 witherspoon systemd[1]: Started Phosphor sysfs LED controller.
Jul 29 02:08:23 witherspoon systemd[1]: Starting Phosphor Download Manager...
Jul 29 02:08:23 witherspoon systemd[1]: Starting Clear one time boot overrides...
Jul 29 02:08:23 witherspoon systemd[1]: Starting Phosphor User Manager...
Jul 29 02:08:23 witherspoon systemd[1]: Started Phosphor sysfs LED controller.
Jul 29 02:08:23 witherspoon systemd[1]: Started Hardware RNG Entropy Gatherer Daemon.
Jul 29 02:08:23 witherspoon systemd[1]: Starting Phosphor BMC0 Control...
Jul 29 02:08:23 witherspoon systemd[1]: Starting OpenBMC Software Update Manager...
Jul 29 02:08:23 witherspoon systemd[1]: Started Phosphor sysfs LED controller.
Jul 29 02:08:23 witherspoon systemd[1]: Starting Phosphor Sensor Manager...
Jul 29 02:08:23 witherspoon systemd[1]: Started Phosphor MBOX Daemon.
Jul 29 02:08:23 witherspoon systemd[1]: Started Network Service.
Jul 29 02:08:23 witherspoon systemd[1]: Started Phosphor IPMI BT DBus Bridge.
Jul 29 02:08:24 witherspoon systemd[1]: Started Phosphor Log Manager.
Jul 29 02:08:24 witherspoon systemd[1]: Reached target Network.
Jul 29 02:08:24 witherspoon systemd[1]: Starting Permit User Sessions...
Jul 29 02:08:24 witherspoon systemd[1]: Started Lightweight SLP Server.
Jul 29 02:08:24 witherspoon systemd[1]: Started Phosphor Settings Daemon.
Jul 29 02:08:24 witherspoon systemd[1]: Started Permit User Sessions.
Jul 29 02:08:24 witherspoon systemd[1]: Started Serial Getty on ttyS4.
Jul 29 02:08:24 witherspoon systemd[1]: Reached target Login Prompts.
Jul 29 02:08:25 witherspoon systemd[1]: Started Clear one time boot overrides.
Jul 29 02:08:25 witherspoon systemd[1]: Started OpenBMC Software Update Manager.
Jul 29 02:08:26 witherspoon systemd[1]: Started Phosphor Inventory Manager.
Jul 29 02:08:26 witherspoon openpower-update-manager[969]: Error PNOR current version is empty
Jul 29 02:08:26 witherspoon systemd[1]: Started OpenPower Software Update Manager.
Jul 29 02:08:26 witherspoon systemd[1]: Starting Phosphor Version Software Manager...
Jul 29 02:08:26 witherspoon systemd[1]: Started Phosphor Dump Manager.
Jul 29 02:08:27 witherspoon systemd-networkd[961]: eth0: Gained IPv6LL
Jul 29 02:08:27 witherspoon avahi-daemon[967]: Found user 'avahi' (UID 999) and group 'avahi' (GID 999).
Jul 29 02:08:27 witherspoon avahi-daemon[967]: Successfully dropped root privileges.
Jul 29 02:08:27 witherspoon avahi-daemon[967]: avahi-daemon 0.6.32 starting up.
Jul 29 02:08:27 witherspoon systemd[1]: Started Avahi mDNS/DNS-SD Stack.
Jul 29 02:08:27 witherspoon kernel: ftgmac100 1e660000.ethernet eth0: NCSI interface up
Jul 29 02:08:27 witherspoon kernel[958]: [   41.970000] ftgmac100 1e660000.ethernet eth0: NCSI interface up
Jul 29 02:08:27 witherspoon systemd[1]: Reached target Multi-User System.
Jul 29 02:08:27 witherspoon avahi-daemon[967]: Successfully called chroot().
Jul 29 02:08:27 witherspoon avahi-daemon[967]: Successfully dropped remaining capabilities.
Jul 29 02:08:27 witherspoon avahi-daemon[967]: Loading service file /services/obmc_console.service.
Jul 29 02:08:27 witherspoon avahi-daemon[967]: Loading service file /services/phosphor_rest.service.
Jul 29 02:08:27 witherspoon avahi-daemon[967]: Loading service file /services/sftp-ssh.service.
Jul 29 02:08:27 witherspoon avahi-daemon[967]: Loading service file /services/sftp.service.
Jul 29 02:08:27 witherspoon avahi-daemon[967]: Loading service file /services/ssh.service.
Jul 29 02:08:27 witherspoon avahi-daemon[967]: Joining mDNS multicast group on interface eth0.IPv6 with address fe80::72e2:84ff:fe14:28a9.
Jul 29 02:08:27 witherspoon avahi-daemon[967]: New relevant interface eth0.IPv6 for mDNS.
Jul 29 02:08:27 witherspoon avahi-daemon[967]: Joining mDNS multicast group on interface eth0.IPv4 with address 9.3.21.61.
Jul 29 02:08:27 witherspoon avahi-daemon[967]: New relevant interface eth0.IPv4 for mDNS.
Jul 29 02:08:27 witherspoon avahi-daemon[967]: Network interface enumeration completed.
Jul 29 02:08:27 witherspoon avahi-daemon[967]: Registering new address record for fe80::72e2:84ff:fe14:28a9 on eth0.*.
Jul 29 02:08:27 witherspoon avahi-daemon[967]: Registering new address record for 9.3.21.61 on eth0.IPv4.
Jul 29 02:08:28 witherspoon avahi-daemon[967]: Server startup complete. Host name is witherspoon.local. Local service cookie is 3710237971.
Jul 29 02:08:29 witherspoon systemd[1]: Started Phosphor Version Software Manager.
Jul 29 02:08:30 witherspoon systemd[1]: Started Phosphor BMC0 Control.
Jul 29 02:08:30 witherspoon avahi-daemon[967]: Service "witherspoon" (/services/ssh.service) successfully established.
Jul 29 02:08:30 witherspoon avahi-daemon[967]: Service "sftp" (/services/sftp.service) successfully established.
Jul 29 02:08:30 witherspoon avahi-daemon[967]: Service "witherspoon" (/services/sftp-ssh.service) successfully established.
Jul 29 02:08:30 witherspoon avahi-daemon[967]: Service "phosphor_rest" (/services/phosphor_rest.service) successfully established.
Jul 29 02:08:30 witherspoon avahi-daemon[967]: Service "obmc_console" (/services/obmc_console.service) successfully established.
Jul 29 02:08:31 witherspoon systemd[1]: Created slice system-dropbear.slice.
Jul 29 02:08:32 witherspoon systemd[1]: Started SSH Per-Connection Server (9.41.165.94:58288).
Jul 29 02:08:32 witherspoon dropbear[1002]: Failed loading /etc/dropbear/dropbear_dss_host_key
Jul 29 02:08:32 witherspoon dropbear[1002]: Failed loading /etc/dropbear/dropbear_ecdsa_host_key
Jul 29 02:08:32 witherspoon dropbear[1002]: Child connection from ::ffff:9.41.165.94:58288
Jul 29 02:08:37 witherspoon dropbear[1002]: PAM password auth succeeded for 'root' from ::ffff:9.41.165.94:58288
Jul 29 02:08:37 witherspoon dropbear[1003]: lastlog_perform_login: Couldn't stat /var/log/lastlog: No such file or directory
Jul 29 02:08:37 witherspoon dropbear[1003]: lastlog_openseek: /var/log/lastlog is not a file or directory!
Jul 29 02:08:40 witherspoon systemd-networkd[961]: eth0: Configured
Jul 29 02:08:40 witherspoon systemd-timesyncd[924]: Network configuration changed, trying to establish connection.
Jul 29 02:08:44 witherspoon systemd[1]: Started Phosphor Chassis0 Control.
Jul 29 02:08:44 witherspoon chassis_control.py[973]: Running ChassisControlService
Jul 29 02:08:45 witherspoon systemd[1]: Started Phosphor Download Manager.
Jul 29 02:08:45 witherspoon download_manager.py[975]: Running Download Manager
Jul 29 02:08:45 witherspoon sensor_manager2.py[983]: Setting boot count to 3
Jul 29 02:08:45 witherspoon systemd[1]: Started Phosphor Sensor Manager.
Jul 29 02:08:45 witherspoon sensor_manager2.py[983]: Starting sensor manager
Jul 29 02:08:46 witherspoon phosphor-mapper[966]: ObjectMapper startup complete.  Discovery in progress...
Jul 29 02:08:47 witherspoon obmc-phosphor-userd[977]: Started
Jul 29 02:08:47 witherspoon systemd[1]: Started Phosphor User Manager.
Jul 29 02:08:47 witherspoon avahi-daemon[997]: ../../avahi-0.6.32/avahi-daemon/chroot.c: open() failed: No such file or directory
Jul 29 02:08:47 witherspoon avahi-daemon[967]: Failed to open /usr/share/dbus-1/interfaces/org.freedesktop.Avahi.Server.xml: Invalid argument
Jul 29 02:08:47 witherspoon avahi-daemon[967]: Failed to load introspection data.
Jul 29 02:08:50 witherspoon inventory_items.py[964]: Loading from cache: /var/cache/obmc/org.openbmc.inventory.system.chassis.motherboard.apss@org.openbmc.InventoryItem.props
Jul 29 02:08:50 witherspoon inventory_items.py[964]: Loading from cache: /var/cache/obmc/org.openbmc.inventory.system.chassis.motherboard@org.openbmc.InventoryItem.props
Jul 29 02:08:50 witherspoon inventory_items.py[964]: Loading from cache: /var/cache/obmc/org.openbmc.inventory.system.chassis.motherboard.refclock@org.openbmc.InventoryItem.props
Jul 29 02:08:50 witherspoon inventory_items.py[964]: Loading from cache: /var/cache/obmc/org.openbmc.inventory.system.chassis.motherboard.todclock@org.openbmc.InventoryItem.props
Jul 29 02:08:50 witherspoon inventory_items.py[964]: Loading from cache: /var/cache/obmc/org.openbmc.inventory.system.chassis.motherboard.bmc@org.openbmc.InventoryItem.props
Jul 29 02:08:50 witherspoon inventory_items.py[964]: Caching: /org/openbmc/inventory/system/chassis/motherboard/bmc
Jul 29 02:08:51 witherspoon systemd[1]: Started Phosphor Network Manager.
Jul 29 02:08:51 witherspoon netman.py[949]: Started
Jul 29 02:08:52 witherspoon inventory_items.py[964]: Loading from cache: /var/cache/obmc/org.openbmc.inventory.system.chassis.motherboard.pcieclock@org.openbmc.InventoryItem.props
Jul 29 02:08:52 witherspoon inventory_items.py[964]: Running Inventory Manager
Jul 29 02:08:52 witherspoon systemd[1]: Started Phosphor Inventory Manager.
Jul 29 02:08:56 witherspoon phosphor-mapper[966]: ObjectMapper discovery complete
Jul 29 02:08:56 witherspoon systemd[1]: Started Phosphor DBus Service Discovery Manager.
Jul 29 02:08:56 witherspoon systemd[1]: Started Phosphor Hwmon Poller.
Jul 29 02:08:56 witherspoon systemd[1]: Started Phosphor Hwmon Poller.
Jul 29 02:08:56 witherspoon systemd[1]: Started Phosphor Hwmon Poller.
Jul 29 02:08:56 witherspoon systemd[1]: Started Phosphor Hwmon Poller.
Jul 29 02:08:56 witherspoon systemd[1]: Reached target Phosphor Object Mapper.
Jul 29 02:08:56 witherspoon systemd[1]: Starting Wait for /org/openbmc/control/bmc0...
Jul 29 02:08:56 witherspoon systemd[1]: Starting Wait for /xyz/openbmc_project/state/host0...
Jul 29 02:08:56 witherspoon systemd[1]: Starting Wait for /org/openbmc/managers/System...
Jul 29 02:08:56 witherspoon systemd[1]: Starting Wait for /org/openbmc/managers/Download...
Jul 29 02:08:56 witherspoon systemd[1]: Starting Wait for /org/openbmc/control/power0...
Jul 29 02:08:56 witherspoon systemd[1]: Reached target Webserver (pre).
Jul 29 02:08:56 witherspoon systemd[1]: Started Phosphor Webserver.
Jul 29 02:08:56 witherspoon systemd[1]: Starting Phosphor Settings Manager...
Jul 29 02:08:56 witherspoon systemd[1]: Starting Phoshpor System Manager...
Jul 29 02:08:56 witherspoon systemd[1]: Starting Wait for /org/openbmc/NetworkManager/Interface...
Jul 29 02:08:56 witherspoon systemd[1]: Starting Wait for /xyz/openbmc_project/led/groups...
Jul 29 02:08:56 witherspoon systemd[1]: Starting Wait for /org/openbmc/control/flash/bios...
Jul 29 02:08:56 witherspoon systemd[1]: Starting Wait for /xyz/openbmc_project/led/groups/bmc_booted...
Jul 29 02:08:56 witherspoon systemd[1]: Starting Wait for /xyz/openbmc_project/inventory...
Jul 29 02:08:56 witherspoon systemd[1]: Starting Wait for /xyz/openbmc_project/control/host0...
Jul 29 02:08:56 witherspoon systemd[1]: Starting Wait for /xyz/openbmc_project/state/chassis0...
Jul 29 02:08:56 witherspoon systemd[1]: Starting Phosphor Network Manager...
Jul 29 02:08:56 witherspoon systemd[1]: Started Phosphor DBus Monitor.
Jul 29 02:08:56 witherspoon systemd[1]: Started Phosphor Hwmon Poller.
Jul 29 02:08:56 witherspoon systemd[1]: Started Phosphor Hwmon Poller.
Jul 29 02:09:03 witherspoon phosphor-network-manager[1028]: ConfigParser: Section not found
Jul 29 02:09:03 witherspoon phosphor-network-manager[1028]: The operation failed internally.
Jul 29 02:09:03 witherspoon phosphor-network-manager[1028]: ConfigParser: Section not found
Jul 29 02:09:03 witherspoon phosphor-network-manager[1028]: The operation failed internally.
Jul 29 02:09:03 witherspoon phosphor-network-manager[1028]: ConfigParser: Key not found
Jul 29 02:09:03 witherspoon phosphor-network-manager[1028]: The operation failed internally.
Jul 29 02:09:03 witherspoon systemd[1]: Started Wait for /org/openbmc/control/bmc0.
Jul 29 02:09:03 witherspoon systemd[1]: Started Wait for /org/openbmc/managers/Download.
Jul 29 02:09:04 witherspoon systemd[1]: Starting Phosphor BMC Code Update...
Jul 29 02:09:04 witherspoon systemd[1]: Starting Phosphor BIOS Code Update...
Jul 29 02:09:04 witherspoon systemd[1]: Started Wait for /org/openbmc/NetworkManager/Interface.
Jul 29 02:09:04 witherspoon systemd[1]: Started Wait for /xyz/openbmc_project/led/groups.
Jul 29 02:09:04 witherspoon systemd[1]: Started Wait for /xyz/openbmc_project/led/groups/bmc_booted.
Jul 29 02:09:04 witherspoon systemd[1]: Started Wait for /xyz/openbmc_project/inventory.
Jul 29 02:09:04 witherspoon systemd[1]: Starting Read OpenPOWER-format VPD from EEPROM...
Jul 29 02:09:04 witherspoon systemd[1]: Started Phosphor Cooling Type.
Jul 29 02:09:04 witherspoon systemd[1]: Starting OpenPOWER OCC controller...
Jul 29 02:09:04 witherspoon systemd[1]: Starting Assert bmc_booted LED...
Jul 29 02:09:04 witherspoon systemd[1]: Started FRU Fault monitor service.
Jul 29 02:09:05 witherspoon systemd[1]: Started Phosphor DNS Settings Cache Manager.
Jul 29 02:09:05 witherspoon systemd[1]: Started Phosphor BIOS Code Update.
Jul 29 02:09:06 witherspoon systemd[1]: Started OpenPOWER OCC controller.
Jul 29 02:09:08 witherspoon phosphor-log-manager[963]: Failed to find metadata
Jul 29 02:09:08 witherspoon phosphor-fru-fault-monitor[1046]: /xyz/openbmc_project/logging/entry/1
Jul 29 02:09:09 witherspoon system_manager.py[1020]: Running System State: BASE_APPS
Jul 29 02:09:09 witherspoon dbus[959]: [system] Activating via systemd: service name='org.freedesktop.hostname1' unit='dbus-org.freedesktop.hostname1.service'
Jul 29 02:09:09 witherspoon system_manager.py[1020]: SystemManager Init Done
Jul 29 02:09:09 witherspoon system_manager.py[1020]: Running SystemManager
Jul 29 02:09:10 witherspoon systemd[1]: Started Phoshpor System Manager.
Jul 29 02:09:10 witherspoon systemd[1]: Starting Hostname Service...
Jul 29 02:09:12 witherspoon system_manager.py[1020]: SystemManager Goto System State: BMC_STARTING
Jul 29 02:09:12 witherspoon system_manager.py[1020]: Running System State: BMC_STARTING
Jul 29 02:09:12 witherspoon systemd[1]: Started Assert bmc_booted LED.
Jul 29 02:09:13 witherspoon systemd[1]: Started Phosphor Settings Manager.
Jul 29 02:09:13 witherspoon settings_manager.py[1019]: Running HostSettingsService
Jul 29 02:09:13 witherspoon systemd[1]: Starting Wait for /org/openbmc/settings/host0...
Jul 29 02:09:13 witherspoon dbus[959]: [system] Successfully activated service 'org.freedesktop.hostname1'
Jul 29 02:09:13 witherspoon systemd[1]: Started Hostname Service.
Jul 29 02:09:13 witherspoon systemd[1]: Started Phosphor Network Manager.
Jul 29 02:09:14 witherspoon systemd[1]: Started Read OpenPOWER-format VPD from EEPROM.
Jul 29 02:09:16 witherspoon bmc_update.py[1040]: Running Bmc Flash Control
Jul 29 02:09:16 witherspoon systemd[1]: Started Phosphor BMC Code Update.
Jul 29 02:09:20 witherspoon systemd[1]: Started Wait for /org/openbmc/control/flash/bios.
Jul 29 02:09:20 witherspoon systemd[1]: Started Initialize BIOS Flash.
Jul 29 02:09:21 witherspoon systemd[1]: Started Wait for /org/openbmc/managers/System.
Jul 29 02:09:21 witherspoon systemd[1]: Starting Phosphor Chassis State Manager...
Jul 29 02:09:21 witherspoon systemd[1]: Starting Phosphor Power Button0...
Jul 29 02:09:21 witherspoon systemd[1]: Starting Phosphor Host State Manager...
Jul 29 02:09:21 witherspoon systemd[1]: Starting Phosphor Reset Button0...
Jul 29 02:09:22 witherspoon systemd[1]: Starting Phosphor Power0 Control...
Jul 29 02:09:22 witherspoon systemd[1]: Starting Phosphor BMC State Manager...
Jul 29 02:09:22 witherspoon phosphor-chassis-state-manager[1060]: Initial Chassis State will be Off
Jul 29 02:09:22 witherspoon systemd[1]: Started Wait for /org/openbmc/settings/host0.
Jul 29 02:09:22 witherspoon systemd[1]: Started Phosphor Chassis State Manager.
Jul 29 02:09:22 witherspoon systemd[1]: Started Phosphor Inband IPMI.
Jul 29 02:09:23 witherspoon button_power.exe[1061]: GPIO Lookup:  POWER_BUTTON = 347,both
Jul 29 02:09:23 witherspoon button_reset.exe[1063]: GPIO Lookup:  RESET_BUTTON = 353,both
Jul 29 02:09:24 witherspoon systemd[1]: Started Phosphor Power Button0.
Jul 29 02:09:24 witherspoon systemd[1]: Started Phosphor Reset Button0.
Jul 29 02:09:24 witherspoon phosphor-bmc-state-manager[1073]: Setting the BMCState field
Jul 29 02:09:24 witherspoon phosphor-bmc-state-manager[1073]: Setting the BMCState field
Jul 29 02:09:24 witherspoon systemd[1]: Started Phosphor BMC State Manager.
Jul 29 02:09:24 witherspoon phosphor-host-state-manager[1062]: Initial Host State will be Off
Jul 29 02:09:24 witherspoon system_manager.py[1020]: New object: /org/openbmc/control/power0 (:1.75)
Jul 29 02:09:24 witherspoon system_manager.py[1020]: Power GPIO config: ['SYS_PWROK_BUFF', '', [('SOFTWARE_PGOOD', True), ('BMC_POWER_UP', True)], [('BMC_CP0_RESET_N', False)], [], 'FSI_DATA', 'FSI_CLK', 'FSI_ENABLE', 'CRONUS_SEL', []]
Jul 29 02:09:24 witherspoon flash_bios.exe[1041]: Starting flasher: bios,,/org/openbmc/control/flash/bios,
Jul 29 02:09:24 witherspoon flash_bios.exe[1041]: flasher: , BMC = 1, address = 0x0
Jul 29 02:09:24 witherspoon flash_bios.exe[1041]: Setting up flash
Jul 29 02:09:24 witherspoon power_control.exe[1072]: Power GPIO latch output:
Jul 29 02:09:24 witherspoon power_control.exe[1072]: Power GPIO power good input: SYS_PWROK_BUFF
Jul 29 02:09:24 witherspoon power_control.exe[1072]: Power GPIO 2 power_up outputs
Jul 29 02:09:24 witherspoon power_control.exe[1072]: Power GPIO power_up[0] = SOFTWARE_PGOOD active HIGH
Jul 29 02:09:24 witherspoon power_control.exe[1072]: Power GPIO power_up[1] = BMC_POWER_UP active HIGH
Jul 29 02:09:24 witherspoon power_control.exe[1072]: Power GPIO 1 reset outputs
Jul 29 02:09:24 witherspoon power_control.exe[1072]: Power GPIO reset[0] = BMC_CP0_RESET_N active LOW
Jul 29 02:09:24 witherspoon power_control.exe[1072]: Power GPIO 0 pci reset outputs
Jul 29 02:09:24 witherspoon power_control.exe[1072]: FSI DATA GPIO: FSI_DATA
Jul 29 02:09:24 witherspoon power_control.exe[1072]: FSI CLK GPIO: FSI_CLK
Jul 29 02:09:24 witherspoon power_control.exe[1072]: FSI ENABLE GPIO: FSI_ENABLE
Jul 29 02:09:24 witherspoon power_control.exe[1072]: CRONUS SEL GPIO: CRONUS_SEL
Jul 29 02:09:24 witherspoon power_control.exe[1072]: Hostctl GPIO optionals: 0
Jul 29 02:09:25 witherspoon flash_bios.exe[1041]: Starting flasher: bios,,/org/openbmc/control/flash/bios,
Jul 29 02:09:25 witherspoon flash_bios.exe[1041]: flasher: , BMC = 1, address = 0x0
Jul 29 02:09:25 witherspoon flash_bios.exe[1041]: Setting up flash
Jul 29 02:09:25 witherspoon power_control.exe[1072]: GPIO Lookup:  SYS_PWROK_BUFF = 306,in
Jul 29 02:09:25 witherspoon power_control.exe[1072]: GPIO Lookup:  SOFTWARE_PGOOD = 417,out
Jul 29 02:09:26 witherspoon power_control.exe[1072]: GPIO Lookup:  BMC_POWER_UP = 305,out
Jul 29 02:09:26 witherspoon power_control.exe[1072]: GPIO Lookup:  BMC_CP0_RESET_N = 281,out
Jul 29 02:09:26 witherspoon power_control.exe[1072]: Pgood state: 0
Jul 29 02:09:26 witherspoon systemd[1]: Started Phosphor Power0 Control.
Jul 29 02:09:27 witherspoon systemd[1]: Started Phosphor Host State Manager.
Jul 29 02:09:32 witherspoon systemd[1]: Started Wait for /xyz/openbmc_project/state/chassis0.
Jul 29 02:09:33 witherspoon system_manager.py[1020]: SystemManager Goto System State: BMC_READY
Jul 29 02:09:33 witherspoon system_manager.py[1020]: Running System State: BMC_READY
Jul 29 02:09:33 witherspoon systemd[1]: Started Wait for /xyz/openbmc_project/control/host0.
Jul 29 02:09:33 witherspoon systemd[1]: Started Wait for /org/openbmc/control/power0.
Jul 29 02:09:33 witherspoon systemd[1]: Starting Check Chassis0 pgood and create a file to indicate it...
Jul 29 02:09:33 witherspoon timemanager[1102]: Registering dbus methods
Jul 29 02:09:33 witherspoon systemd[1]: Starting Phosphor Time Manager daemon...
Jul 29 02:09:33 witherspoon timemanager[1102]: Last known time_mode: MANUAL
Jul 29 02:09:33 witherspoon timemanager[1102]: Last known time_owner: BMC
Jul 29 02:09:33 witherspoon timemanager[1102]: Empty DhcpNtp string
Jul 29 02:09:33 witherspoon timemanager[1102]: Reading Power Control key: pgood
Jul 29 02:09:33 witherspoon systemd[1]: Started Wait for /xyz/openbmc_project/state/host0.
Jul 29 02:09:33 witherspoon systemd[1]: Starting Reboot If Enabled...
Jul 29 02:09:34 witherspoon timemanager[1102]: Changing settings *allowed* now
Jul 29 02:09:34 witherspoon timemanager[1102]: Getting System Settings: time_mode
Jul 29 02:09:34 witherspoon timemanager[1102]: Requested_Mode: MANUAL Current_Mode: MANUAL
Jul 29 02:09:34 witherspoon timemanager[1102]: Mode is already set to : MANUAL
Jul 29 02:09:34 witherspoon timemanager[1102]: Getting System Settings: time_owner
Jul 29 02:09:34 witherspoon systemd[1]: Started Check Chassis0 pgood and create a file to indicate it.
Jul 29 02:09:34 witherspoon systemd[1]: Reached target Chassis0 power on after reset.
Jul 29 02:09:34 witherspoon systemd[1]: Reached target Host0 running after reset.
Jul 29 02:09:34 witherspoon timemanager[1102]: Owner is already set to : BMC
Jul 29 02:09:34 witherspoon timemanager[1102]: Getting System Settings: use_dhcp_ntp
Jul 29 02:09:34 witherspoon phosphor-discover-system-state[1111]: Host power is off, checking power policy
Jul 29 02:09:34 witherspoon systemd[1]: Reached target Host0 (Reset Check).
Jul 29 02:09:34 witherspoon systemd[1]: Reached target Chassis0 (Reset Check).
Jul 29 02:09:34 witherspoon systemd[1]: Started Reboot If Enabled.
Jul 29 02:09:34 witherspoon timemanager[1102]: use_dhcp_ntp = yes
Jul 29 02:09:34 witherspoon timemanager[1102]: Last known host_offset:0
Jul 29 02:09:34 witherspoon timemanager[1102]: Initial Uptime Usec: 1501294065277456
Jul 29 02:09:34 witherspoon systemd[1]: Started Phosphor Time Manager daemon.
Jul 29 02:09:34 witherspoon systemd[1]: Reached target Phosphor System - Standby.
Jul 29 02:09:34 witherspoon systemd[1]: Startup finished in 8.860s (kernel) + 1min 40.789s (userspace) = 1min 49.650s.
Jul 29 02:09:35 witherspoon phosphor-bmc-state-manager[1073]: BMC_READY
Jul 29 02:09:35 witherspoon phosphor-bmc-state-manager[1073]: Setting the BMCState field
Jul 29 02:09:39 witherspoon phosphor-gevent[1018]: Traceback (most recent call last):
Jul 29 02:09:39 witherspoon phosphor-gevent[1018]:   File "/usr/lib/python2.7/site-packages/gevent/greenlet.py", line 327, in run
Jul 29 02:09:39 witherspoon phosphor-gevent[1018]:     result = self._run(*self.args, **self.kwargs)
Jul 29 02:09:39 witherspoon phosphor-gevent[1018]:   File "/usr/lib/python2.7/site-packages/gevent/server.py", line 102, in wrap_socket_and_handle
Jul 29 02:09:39 witherspoon phosphor-gevent[1018]:     ssl_socket = self.wrap_socket(client_socket, **self.ssl_args)
Jul 29 02:09:39 witherspoon phosphor-gevent[1018]:   File "/usr/lib/python2.7/site-packages/gevent/ssl.py", line 404, in wrap_socket
Jul 29 02:09:39 witherspoon phosphor-gevent[1018]:     ciphers=ciphers)
Jul 29 02:09:39 witherspoon phosphor-gevent[1018]:   File "/usr/lib/python2.7/site-packages/gevent/ssl.py", line 113, in __init__
Jul 29 02:09:39 witherspoon phosphor-gevent[1018]:     self.do_handshake()
Jul 29 02:09:39 witherspoon phosphor-gevent[1018]:   File "/usr/lib/python2.7/site-packages/gevent/ssl.py", line 324, in do_handshake
Jul 29 02:09:39 witherspoon phosphor-gevent[1018]:     return self._sslobj.do_handshake()
Jul 29 02:09:39 witherspoon phosphor-gevent[1018]: SSLEOFError: EOF occurred in violation of protocol (_ssl.c:590)
Jul 29 02:09:39 witherspoon phosphor-gevent[1018]: <Greenlet at 0x7606d3f0: <bound method WSGIServer.wrap_socket_and_handle of <WSGIServer at 0x76043b50 fileno=5 address=('::3472:f576:b04d:6b76%1986743712', 443, 0, 1986743712)>>(<socket at 0x75f1a830 fileno=9>, ('::8059:6976:8e91:f402%1995725596', 59312, 0, 199)> failed with SSLEOFError
Jul 29 02:09:39 witherspoon phosphor-gevent[1018]: Traceback (most recent call last):
Jul 29 02:09:39 witherspoon phosphor-gevent[1018]:   File "/usr/lib/python2.7/site-packages/gevent/greenlet.py", line 327, in run
Jul 29 02:09:39 witherspoon phosphor-gevent[1018]:     result = self._run(*self.args, **self.kwargs)
Jul 29 02:09:39 witherspoon phosphor-gevent[1018]:   File "/usr/lib/python2.7/site-packages/gevent/server.py", line 102, in wrap_socket_and_handle
Jul 29 02:09:39 witherspoon phosphor-gevent[1018]:     ssl_socket = self.wrap_socket(client_socket, **self.ssl_args)
Jul 29 02:09:39 witherspoon phosphor-gevent[1018]:   File "/usr/lib/python2.7/site-packages/gevent/ssl.py", line 404, in wrap_socket
Jul 29 02:09:39 witherspoon phosphor-gevent[1018]:     ciphers=ciphers)
Jul 29 02:09:40 witherspoon phosphor-gevent[1018]:   File "/usr/lib/python2.7/site-packages/gevent/ssl.py", line 113, in __init__
Jul 29 02:09:40 witherspoon phosphor-gevent[1018]:     self.do_handshake()
Jul 29 02:09:40 witherspoon phosphor-gevent[1018]:   File "/usr/lib/python2.7/site-packages/gevent/ssl.py", line 324, in do_handshake
Jul 29 02:09:40 witherspoon phosphor-gevent[1018]:     return self._sslobj.do_handshake()
Jul 29 02:09:40 witherspoon phosphor-gevent[1018]: SSLEOFError: EOF occurred in violation of protocol (_ssl.c:590)
Jul 29 02:09:40 witherspoon phosphor-gevent[1018]: <Greenlet at 0x7606d6c0: <bound method WSGIServer.wrap_socket_and_handle of <WSGIServer at 0x76043b50 fileno=5 address=('::3472:f576:b04d:6b76%1986743712', 443, 0, 1986743712)>>(<socket at 0x75f1a7d0 fileno=10>, ('::8059:6976:8e91:f402%1995725596', 59314, 0, 199)> failed with SSLEOFError
Jul 29 02:09:40 witherspoon phosphor-gevent[1018]: Traceback (most recent call last):
Jul 29 02:09:40 witherspoon phosphor-gevent[1018]:   File "/usr/lib/python2.7/site-packages/gevent/greenlet.py", line 327, in run
Jul 29 02:09:40 witherspoon phosphor-gevent[1018]:     result = self._run(*self.args, **self.kwargs)
Jul 29 02:09:40 witherspoon phosphor-gevent[1018]:   File "/usr/lib/python2.7/site-packages/gevent/server.py", line 102, in wrap_socket_and_handle
Jul 29 02:09:40 witherspoon phosphor-gevent[1018]:     ssl_socket = self.wrap_socket(client_socket, **self.ssl_args)
Jul 29 02:09:40 witherspoon phosphor-gevent[1018]:   File "/usr/lib/python2.7/site-packages/gevent/ssl.py", line 404, in wrap_socket
Jul 29 02:09:40 witherspoon phosphor-gevent[1018]:     ciphers=ciphers)
Jul 29 02:09:40 witherspoon phosphor-gevent[1018]:   File "/usr/lib/python2.7/site-packages/gevent/ssl.py", line 113, in __init__
Jul 29 02:09:40 witherspoon phosphor-gevent[1018]:     self.do_handshake()
Jul 29 02:09:40 witherspoon phosphor-gevent[1018]:   File "/usr/lib/python2.7/site-packages/gevent/ssl.py", line 324, in do_handshake
Jul 29 02:09:40 witherspoon phosphor-gevent[1018]:     return self._sslobj.do_handshake()
Jul 29 02:09:40 witherspoon phosphor-gevent[1018]: SSLEOFError: EOF occurred in violation of protocol (_ssl.c:590)
Jul 29 02:09:40 witherspoon phosphor-gevent[1018]: <Greenlet at 0x7606d3a0: <bound method WSGIServer.wrap_socket_and_handle of <WSGIServer at 0x76043b50 fileno=5 address=('::3472:f576:b04d:6b76%1986743712', 443, 0, 1986743712)>>(<socket at 0x75f1a870 fileno=11>, ('::8059:6976:8e91:f402%1995725596', 59316, 0, 199)> failed with SSLEOFError
Jul 29 02:09:49 witherspoon phosphor-gevent[1018]: ::8059:6976:8e91:f402%1995725596 - - [2017-07-29 02:09:49] "POST /login HTTP/1.1" 200 320 0.045592
Jul 29 02:09:49 witherspoon phosphor-gevent[1018]: ::8059:6976:8e91:f402%1995725596 - - [2017-07-29 02:09:49] "GET /xyz/openbmc_project/state/chassis0//attr/CurrentPowerState HTTP/1.1" 200 216 0.066827
Jul 29 02:09:49 witherspoon phosphor-gevent[1018]: ::8059:6976:8e91:f402%1995725596 - - [2017-07-29 02:09:49] "POST /login HTTP/1.1" 200 320 0.033336
Jul 29 02:09:49 witherspoon phosphor-gevent[1018]: ::8059:6976:8e91:f402%1995725596 - - [2017-07-29 02:09:49] "GET /xyz/openbmc_project/state/chassis0//attr/CurrentPowerState HTTP/1.1" 200 216 0.052333
Jul 29 02:09:50 witherspoon phosphor-gevent[1018]: ::8059:6976:8e91:f402%1995725596 - - [2017-07-29 02:09:50] "POST /login HTTP/1.1" 200 320 0.048973
Jul 29 02:09:50 witherspoon phosphor-gevent[1018]: ::8059:6976:8e91:f402%1995725596 - - [2017-07-29 02:09:50] "GET /org/openbmc/sensors/host/BootProgress/attr/value HTTP/1.1" 200 170 0.051748
Jul 29 02:09:50 witherspoon phosphor-gevent[1018]: ::8059:6976:8e91:f402%1995725596 - - [2017-07-29 02:09:50] "POST /login HTTP/1.1" 200 320 0.033119
Jul 29 02:09:50 witherspoon phosphor-gevent[1018]: ::8059:6976:8e91:f402%1995725596 - - [2017-07-29 02:09:50] "GET /xyz/openbmc_project/state/host0//attr/CurrentHostState HTTP/1.1" 200 212 0.049557
Jul 29 02:09:50 witherspoon phosphor-gevent[1018]: ::8059:6976:8e91:f402%1995725596 - - [2017-07-29 02:09:50] "POST /login HTTP/1.1" 200 320 0.034449
Jul 29 02:09:50 witherspoon phosphor-gevent[1018]: ::8059:6976:8e91:f402%1995725596 - - [2017-07-29 02:09:50] "GET /xyz/openbmc_project/logging/entry//list HTTP/1.1" 200 214 0.047931
Jul 29 02:09:51 witherspoon phosphor-gevent[1018]: ::8059:6976:8e91:f402%1995725596 - - [2017-07-29 02:09:51] "POST /login HTTP/1.1" 200 320 0.035459
Jul 29 02:09:51 witherspoon phosphor-gevent[1018]: ::8059:6976:8e91:f402%1995725596 - - [2017-07-29 02:09:51] "GET /xyz/openbmc_project/logging/entry//list HTTP/1.1" 200 214 0.053359
Jul 29 02:09:51 witherspoon phosphor-gevent[1018]: ::8059:6976:8e91:f402%1995725596 - - [2017-07-29 02:09:51] "POST /login HTTP/1.1" 200 320 0.033946
Jul 29 02:09:51 witherspoon phosphor-gevent[1018]: ::8059:6976:8e91:f402%1995725596 - - [2017-07-29 02:09:51] "DELETE /xyz/openbmc_project/logging/entry/1 HTTP/1.1" 200 169 0.082723
Jul 29 02:09:51 witherspoon systemd[1]: Started SSH Per-Connection Server (9.41.165.94:58314).
Jul 29 02:09:51 witherspoon dropbear[1121]: Failed loading /etc/dropbear/dropbear_dss_host_key
Jul 29 02:09:51 witherspoon dropbear[1121]: Failed loading /etc/dropbear/dropbear_ecdsa_host_key
Jul 29 02:09:51 witherspoon dropbear[1121]: Child connection from ::ffff:9.41.165.94:58314
Jul 29 02:09:52 witherspoon dropbear[1121]: PAM password auth succeeded for 'root' from ::ffff:9.41.165.94:58314
Jul 29 02:09:52 witherspoon dropbear[1122]: lastlog_perform_login: Couldn't stat /var/log/lastlog: No such file or directory
Jul 29 02:09:52 witherspoon dropbear[1122]: lastlog_openseek: /var/log/lastlog is not a file or directory!
Jul 29 02:09:53 witherspoon phosphor-gevent[1018]: ::8059:6976:8e91:f402%1995725596 - - [2017-07-29 02:09:53] "POST /login HTTP/1.1" 200 320 0.063217
Jul 29 02:09:53 witherspoon phosphor-gevent[1018]: ::8059:6976:8e91:f402%1995725596 - - [2017-07-29 02:09:53] "GET /xyz/openbmc_project/state/host0//attr/CurrentHostState HTTP/1.1" 200 212 0.064668
Jul 29 02:09:53 witherspoon dropbear[1002]: Exit (root): Exited normally
Jul 29 02:09:54 witherspoon dropbear[1121]: Exit (root): Exited normally
Jul 29 02:09:56 witherspoon systemd[1]: Started SSH Per-Connection Server (9.41.165.94:58318).
Jul 29 02:09:56 witherspoon dropbear[1133]: Failed loading /etc/dropbear/dropbear_dss_host_key
Jul 29 02:09:56 witherspoon dropbear[1133]: Failed loading /etc/dropbear/dropbear_ecdsa_host_key
Jul 29 02:09:56 witherspoon dropbear[1133]: Child connection from ::ffff:9.41.165.94:58318
Jul 29 02:09:57 witherspoon dropbear[1133]: PAM password auth succeeded for 'root' from ::ffff:9.41.165.94:58318
Jul 29 02:09:57 witherspoon dropbear[1134]: lastlog_perform_login: Couldn't stat /var/log/lastlog: No such file or directory
Jul 29 02:09:57 witherspoon dropbear[1134]: lastlog_openseek: /var/log/lastlog is not a file or directory!
Jul 29 02:09:58 witherspoon phosphor-gevent[1018]: ::8059:6976:8e91:f402%1995725596 - - [2017-07-29 02:09:58] "POST /login HTTP/1.1" 200 320 0.033411
Jul 29 02:09:58 witherspoon phosphor-gevent[1018]: ::8059:6976:8e91:f402%1995725596 - - [2017-07-29 02:09:58] "PUT /org/openbmc/settings/host0/attr/power_policy HTTP/1.1" 200 169 0.177426
Jul 29 02:09:58 witherspoon phosphor-gevent[1018]: ::8059:6976:8e91:f402%1995725596 - - [2017-07-29 02:09:58] "POST /login HTTP/1.1" 200 320 0.033890
Jul 29 02:09:58 witherspoon phosphor-gevent[1018]: ::8059:6976:8e91:f402%1995725596 - - [2017-07-29 02:09:58] "GET /org/openbmc/settings/host0/attr/power_policy HTTP/1.1" 200 185 0.074272
Jul 29 02:09:58 witherspoon phosphor-gevent[1018]: ::8059:6976:8e91:f402%1995725596 - - [2017-07-29 02:09:58] "POST /login HTTP/1.1" 200 320 0.050172
Jul 29 02:09:58 witherspoon phosphor-gevent[1018]: ::8059:6976:8e91:f402%1995725596 - - [2017-07-29 02:09:58] "GET /xyz/openbmc_project/state/chassis0//attr/CurrentPowerState HTTP/1.1" 200 216 0.059744
Jul 29 02:09:59 witherspoon phosphor-gevent[1018]: ::8059:6976:8e91:f402%1995725596 - - [2017-07-29 02:09:59] "POST /login HTTP/1.1" 200 320 0.033081
Jul 29 02:09:59 witherspoon phosphor-gevent[1018]: ::8059:6976:8e91:f402%1995725596 - - [2017-07-29 02:09:59] "GET /xyz/openbmc_project/state/bmc0//attr/CurrentBMCState HTTP/1.1" 200 212 0.052066
Jul 29 02:09:59 witherspoon phosphor-gevent[1018]: ::8059:6976:8e91:f402%1995725596 - - [2017-07-29 02:09:59] "POST /login HTTP/1.1" 200 320 0.032866
Jul 29 02:09:59 witherspoon phosphor-gevent[1018]: ::8059:6976:8e91:f402%1995725596 - - [2017-07-29 02:09:59] "GET /org/openbmc/sensors/host/BootProgress/attr/value HTTP/1.1" 200 170 0.052119
Jul 29 02:09:59 witherspoon phosphor-gevent[1018]: ::8059:6976:8e91:f402%1995725596 - - [2017-07-29 02:09:59] "POST /login HTTP/1.1" 200 320 0.069727
Jul 29 02:09:59 witherspoon phosphor-gevent[1018]: ::8059:6976:8e91:f402%1995725596 - - [2017-07-29 02:09:59] "GET /xyz/openbmc_project/state/host0//attr/CurrentHostState HTTP/1.1" 200 212 0.049709
Jul 29 02:10:00 witherspoon phosphor-gevent[1018]: ::8059:6976:8e91:f402%1995725596 - - [2017-07-29 02:10:00] "POST /login HTTP/1.1" 200 320 0.033258
Jul 29 02:10:00 witherspoon phosphor-gevent[1018]: ::8059:6976:8e91:f402%1995725596 - - [2017-07-29 02:10:00] "GET /xyz/openbmc_project/logging/entry//list HTTP/1.1" 404 311 0.029764
Jul 29 02:10:00 witherspoon systemd[1]: Started SSH Per-Connection Server (9.41.165.94:58334).
Jul 29 02:10:00 witherspoon dropbear[1140]: Failed loading /etc/dropbear/dropbear_dss_host_key
Jul 29 02:10:00 witherspoon dropbear[1140]: Failed loading /etc/dropbear/dropbear_ecdsa_host_key
Jul 29 02:10:00 witherspoon dropbear[1140]: Child connection from ::ffff:9.41.165.94:58334
Jul 29 02:10:00 witherspoon dropbear[1140]: PAM password auth succeeded for 'root' from ::ffff:9.41.165.94:58334
Jul 29 02:10:30 witherspoon phosphor-gevent[1018]: ::8059:6976:8e91:f402%1995725596 - - [2017-07-29 02:10:30] "POST /login HTTP/1.1" 200 320 0.033625
Jul 29 02:10:30 witherspoon phosphor-gevent[1018]: ::8059:6976:8e91:f402%1995725596 - - [2017-07-29 02:10:30] "POST /org/openbmc/control/flash/bios//action/update HTTP/1.1" 200 169 0.283367
Jul 29 02:10:31 witherspoon flash_bios.exe[1041]: Starting flasher: bios,/tmp/witherspoon_910_golden.pnor,/org/openbmc/control/flash/bios,
Jul 29 02:10:31 witherspoon flash_bios.exe[1041]: flasher: /tmp/witherspoon_910_golden.pnor, BMC = 1, address = 0x0
Jul 29 02:10:31 witherspoon flash_bios.exe[1041]: Setting up flash
Jul 29 02:10:31 witherspoon phosphor-gevent[1018]: ::8059:6976:8e91:f402%1995725596 - - [2017-07-29 02:10:31] "POST /login HTTP/1.1" 200 320 0.033747
Jul 29 02:10:31 witherspoon phosphor-gevent[1018]: ::8059:6976:8e91:f402%1995725596 - - [2017-07-29 02:10:31] "GET /org/openbmc/control/flash/bios HTTP/1.1" 200 397 0.075625
Jul 29 02:10:31 witherspoon phosphor-gevent[1018]: ::8059:6976:8e91:f402%1995725596 - - [2017-07-29 02:10:31] "POST /login HTTP/1.1" 200 320 0.033185
Jul 29 02:10:32 witherspoon phosphor-gevent[1018]: ::8059:6976:8e91:f402%1995725596 - - [2017-07-29 02:10:32] "GET /org/openbmc/control/flash/bios HTTP/1.1" 200 397 0.210247
Jul 29 02:10:42 witherspoon phosphor-gevent[1018]: ::8059:6976:8e91:f402%1995725596 - - [2017-07-29 02:10:42] "POST /login HTTP/1.1" 200 320 0.043687
Jul 29 02:10:42 witherspoon phosphor-gevent[1018]: ::8059:6976:8e91:f402%1995725596 - - [2017-07-29 02:10:42] "GET /org/openbmc/control/flash/bios HTTP/1.1" 200 397 0.072204
Jul 29 02:10:52 witherspoon phosphor-gevent[1018]: ::8059:6976:8e91:f402%1995725596 - - [2017-07-29 02:10:52] "POST /login HTTP/1.1" 200 320 0.032737
Jul 29 02:10:52 witherspoon phosphor-gevent[1018]: ::8059:6976:8e91:f402%1995725596 - - [2017-07-29 02:10:52] "GET /org/openbmc/control/flash/bios HTTP/1.1" 200 397 0.068584
Jul 29 02:11:02 witherspoon phosphor-gevent[1018]: ::8059:6976:8e91:f402%1995725596 - - [2017-07-29 02:11:02] "POST /login HTTP/1.1" 200 320 0.032970
Jul 29 02:11:02 witherspoon phosphor-gevent[1018]: ::8059:6976:8e91:f402%1995725596 - - [2017-07-29 02:11:02] "GET /org/openbmc/control/flash/bios HTTP/1.1" 200 397 0.069066
Jul 29 02:11:13 witherspoon phosphor-gevent[1018]: ::8059:6976:8e91:f402%1995725596 - - [2017-07-29 02:11:13] "POST /login HTTP/1.1" 200 320 0.064908
Jul 29 02:11:13 witherspoon phosphor-gevent[1018]: ::8059:6976:8e91:f402%1995725596 - - [2017-07-29 02:11:13] "GET /org/openbmc/control/flash/bios HTTP/1.1" 200 397 0.067205
Jul 29 02:11:24 witherspoon phosphor-gevent[1018]: ::8059:6976:8e91:f402%1995725596 - - [2017-07-29 02:11:24] "POST /login HTTP/1.1" 200 320 0.826627
Jul 29 02:11:25 witherspoon phosphor-gevent[1018]: ::8059:6976:8e91:f402%1995725596 - - [2017-07-29 02:11:25] "GET /org/openbmc/control/flash/bios HTTP/1.1" 200 397 0.091315
Jul 29 02:11:35 witherspoon phosphor-gevent[1018]: ::8059:6976:8e91:f402%1995725596 - - [2017-07-29 02:11:35] "POST /login HTTP/1.1" 200 320 0.033422
Jul 29 02:11:35 witherspoon phosphor-gevent[1018]: ::8059:6976:8e91:f402%1995725596 - - [2017-07-29 02:11:35] "GET /org/openbmc/control/flash/bios HTTP/1.1" 200 397 0.068166
Jul 29 02:11:45 witherspoon phosphor-gevent[1018]: ::8059:6976:8e91:f402%1995725596 - - [2017-07-29 02:11:45] "POST /login HTTP/1.1" 200 320 0.033866
Jul 29 02:11:45 witherspoon phosphor-gevent[1018]: ::8059:6976:8e91:f402%1995725596 - - [2017-07-29 02:11:45] "GET /org/openbmc/control/flash/bios HTTP/1.1" 200 397 0.068739
Jul 29 02:11:55 witherspoon phosphor-gevent[1018]: ::8059:6976:8e91:f402%1995725596 - - [2017-07-29 02:11:55] "POST /login HTTP/1.1" 200 320 0.033510
Jul 29 02:11:55 witherspoon phosphor-gevent[1018]: ::8059:6976:8e91:f402%1995725596 - - [2017-07-29 02:11:55] "GET /org/openbmc/control/flash/bios HTTP/1.1" 200 397 0.068779
Jul 29 02:12:08 witherspoon phosphor-gevent[1018]: ::8059:6976:8e91:f402%1995725596 - - [2017-07-29 02:12:08] "POST /login HTTP/1.1" 200 320 2.069615
Jul 29 02:12:08 witherspoon phosphor-gevent[1018]: ::8059:6976:8e91:f402%1995725596 - - [2017-07-29 02:12:08] "GET /org/openbmc/control/flash/bios HTTP/1.1" 200 397 0.092117
Jul 29 02:12:18 witherspoon phosphor-gevent[1018]: ::8059:6976:8e91:f402%1995725596 - - [2017-07-29 02:12:18] "POST /login HTTP/1.1" 200 320 0.046323
Jul 29 02:12:18 witherspoon phosphor-gevent[1018]: ::8059:6976:8e91:f402%1995725596 - - [2017-07-29 02:12:18] "GET /org/openbmc/control/flash/bios HTTP/1.1" 200 397 0.068052
Jul 29 02:12:29 witherspoon phosphor-gevent[1018]: ::8059:6976:8e91:f402%1995725596 - - [2017-07-29 02:12:29] "POST /login HTTP/1.1" 200 320 0.033466
Jul 29 02:12:29 witherspoon phosphor-gevent[1018]: ::8059:6976:8e91:f402%1995725596 - - [2017-07-29 02:12:29] "GET /org/openbmc/control/flash/bios HTTP/1.1" 200 397 0.067782
Jul 29 02:12:39 witherspoon phosphor-gevent[1018]: ::8059:6976:8e91:f402%1995725596 - - [2017-07-29 02:12:39] "POST /login HTTP/1.1" 200 320 0.033040
Jul 29 02:12:39 witherspoon phosphor-gevent[1018]: ::8059:6976:8e91:f402%1995725596 - - [2017-07-29 02:12:39] "GET /org/openbmc/control/flash/bios HTTP/1.1" 200 402 0.067719
Jul 29 02:12:49 witherspoon phosphor-gevent[1018]: ::8059:6976:8e91:f402%1995725596 - - [2017-07-29 02:12:49] "POST /login HTTP/1.1" 200 320 0.033391
Jul 29 02:12:49 witherspoon phosphor-gevent[1018]: ::8059:6976:8e91:f402%1995725596 - - [2017-07-29 02:12:49] "GET /org/openbmc/control/flash/bios HTTP/1.1" 200 402 0.068418
Jul 29 02:13:00 witherspoon phosphor-gevent[1018]: ::8059:6976:8e91:f402%1995725596 - - [2017-07-29 02:13:00] "POST /login HTTP/1.1" 200 320 0.047127
Jul 29 02:13:00 witherspoon phosphor-gevent[1018]: ::8059:6976:8e91:f402%1995725596 - - [2017-07-29 02:13:00] "GET /org/openbmc/control/flash/bios HTTP/1.1" 200 402 0.067571
Jul 29 02:13:10 witherspoon phosphor-gevent[1018]: ::8059:6976:8e91:f402%1995725596 - - [2017-07-29 02:13:10] "POST /login HTTP/1.1" 200 320 0.033716
Jul 29 02:13:10 witherspoon phosphor-gevent[1018]: ::8059:6976:8e91:f402%1995725596 - - [2017-07-29 02:13:10] "GET /org/openbmc/control/flash/bios HTTP/1.1" 200 402 0.072046
Jul 29 02:13:20 witherspoon phosphor-gevent[1018]: ::8059:6976:8e91:f402%1995725596 - - [2017-07-29 02:13:20] "POST /login HTTP/1.1" 200 320 0.033421
Jul 29 02:13:20 witherspoon phosphor-gevent[1018]: ::8059:6976:8e91:f402%1995725596 - - [2017-07-29 02:13:20] "GET /org/openbmc/control/flash/bios HTTP/1.1" 200 402 0.068342
Jul 29 02:13:27 witherspoon flash_bios.exe[1041]: Erasing... (may take a while !) done !
Jul 29 02:13:27 witherspoon flash_bios.exe[1041]: About to program "/tmp/witherspoon_910_golden.pnor" at 0x00000000..0x04000000 !
Jul 29 02:13:27 witherspoon flash_bios.exe[1041]: Programming & Verifying...
Jul 29 02:13:27 witherspoon flash_bios.exe[1041]: Flash done
Jul 29 02:13:30 witherspoon phosphor-gevent[1018]: ::8059:6976:8e91:f402%1995725596 - - [2017-07-29 02:13:30] "POST /login HTTP/1.1" 200 320 0.033821
Jul 29 02:13:31 witherspoon phosphor-gevent[1018]: ::8059:6976:8e91:f402%1995725596 - - [2017-07-29 02:13:31] "GET /org/openbmc/control/flash/bios HTTP/1.1" 200 399 0.068799
Jul 29 02:13:31 witherspoon systemd[1]: Started SSH Per-Connection Server (9.41.165.94:58382).
Jul 29 02:13:31 witherspoon dropbear[1146]: Failed loading /etc/dropbear/dropbear_dss_host_key
Jul 29 02:13:31 witherspoon dropbear[1146]: Failed loading /etc/dropbear/dropbear_ecdsa_host_key
Jul 29 02:13:31 witherspoon dropbear[1146]: Child connection from ::ffff:9.41.165.94:58382
Jul 29 02:13:31 witherspoon dropbear[1146]: PAM password auth succeeded for 'root' from ::ffff:9.41.165.94:58382
Jul 29 02:13:31 witherspoon dropbear[1147]: lastlog_perform_login: Couldn't stat /var/log/lastlog: No such file or directory
Jul 29 02:13:31 witherspoon dropbear[1147]: lastlog_openseek: /var/log/lastlog is not a file or directory!
Jul 29 02:13:33 witherspoon phosphor-gevent[1018]: ::8059:6976:8e91:f402%1995725596 - - [2017-07-29 02:13:33] "POST /login HTTP/1.1" 200 320 0.034171
Jul 29 02:13:33 witherspoon phosphor-gevent[1018]: ::8059:6976:8e91:f402%1995725596 - - [2017-07-29 02:13:33] "GET /xyz/openbmc_project/state/host0//attr/CurrentHostState HTTP/1.1" 200 212 0.050203
Jul 29 02:13:33 witherspoon systemd[1]: Created slice system-obmc\x2dconsole\x2dssh.slice.
Jul 29 02:13:33 witherspoon systemd[1]: Started Phosphor Host Console SSH Per-Connection (9.41.165.94:46936).
Jul 29 02:13:33 witherspoon dropbear[1151]: Failed loading /etc/dropbear/dropbear_dss_host_key
Jul 29 02:13:33 witherspoon dropbear[1151]: Failed loading /etc/dropbear/dropbear_ecdsa_host_key
Jul 29 02:13:33 witherspoon dropbear[1151]: Child connection from ::ffff:9.41.165.94:46936
Jul 29 02:13:34 witherspoon phosphor-gevent[1018]: ::8059:6976:8e91:f402%1995725596 - - [2017-07-29 02:13:34] "POST /login HTTP/1.1" 200 320 0.115378
Jul 29 02:13:34 witherspoon dropbear[1151]: PAM password auth succeeded for 'root' from ::ffff:9.41.165.94:46936
Jul 29 02:13:34 witherspoon phosphor-gevent[1018]: ::8059:6976:8e91:f402%1995725596 - - [2017-07-29 02:13:34] "PUT /org/openbmc/settings/host0/attr/power_policy HTTP/1.1" 200 169 0.232806
Jul 29 02:13:34 witherspoon dropbear[1152]: lastlog_perform_login: Couldn't stat /var/log/lastlog: No such file or directory
Jul 29 02:13:34 witherspoon dropbear[1152]: lastlog_openseek: /var/log/lastlog is not a file or directory!
Jul 29 02:13:34 witherspoon phosphor-gevent[1018]: ::8059:6976:8e91:f402%1995725596 - - [2017-07-29 02:13:34] "POST /login HTTP/1.1" 200 320 0.071588
Jul 29 02:13:34 witherspoon phosphor-gevent[1018]: ::8059:6976:8e91:f402%1995725596 - - [2017-07-29 02:13:34] "GET /org/openbmc/settings/host0/attr/power_policy HTTP/1.1" 200 185 0.095635
Jul 29 02:13:35 witherspoon phosphor-gevent[1018]: ::8059:6976:8e91:f402%1995725596 - - [2017-07-29 02:13:35] "POST /login HTTP/1.1" 200 320 0.033505
Jul 29 02:13:35 witherspoon phosphor-gevent[1018]: ::8059:6976:8e91:f402%1995725596 - - [2017-07-29 02:13:35] "GET /xyz/openbmc_project/state/chassis0//attr/CurrentPowerState HTTP/1.1" 200 216 0.049812
Jul 29 02:13:35 witherspoon phosphor-gevent[1018]: ::8059:6976:8e91:f402%1995725596 - - [2017-07-29 02:13:35] "POST /login HTTP/1.1" 200 320 0.042301
Jul 29 02:13:35 witherspoon phosphor-gevent[1018]: ::8059:6976:8e91:f402%1995725596 - - [2017-07-29 02:13:35] "GET /xyz/openbmc_project/state/bmc0//attr/CurrentBMCState HTTP/1.1" 200 212 0.049704
Jul 29 02:13:35 witherspoon phosphor-gevent[1018]: ::8059:6976:8e91:f402%1995725596 - - [2017-07-29 02:13:35] "POST /login HTTP/1.1" 200 320 0.033404
Jul 29 02:13:35 witherspoon phosphor-gevent[1018]: ::8059:6976:8e91:f402%1995725596 - - [2017-07-29 02:13:35] "GET /org/openbmc/sensors/host/BootProgress/attr/value HTTP/1.1" 200 170 0.064161
Jul 29 02:13:35 witherspoon phosphor-gevent[1018]: ::8059:6976:8e91:f402%1995725596 - - [2017-07-29 02:13:35] "POST /login HTTP/1.1" 200 320 0.033756
Jul 29 02:13:35 witherspoon phosphor-gevent[1018]: ::8059:6976:8e91:f402%1995725596 - - [2017-07-29 02:13:35] "GET /xyz/openbmc_project/state/host0//attr/CurrentHostState HTTP/1.1" 200 212 0.050823
Jul 29 02:13:36 witherspoon phosphor-gevent[1018]: ::8059:6976:8e91:f402%1995725596 - - [2017-07-29 02:13:36] "POST /login HTTP/1.1" 200 320 0.033603
Jul 29 02:13:36 witherspoon phosphor-host-state-manager[1062]: Host State transaction request
Jul 29 02:13:36 witherspoon systemd[1]: Created slice system-phosphor\x2dwatchdog.slice.
Jul 29 02:13:36 witherspoon systemd[1]: Created slice system-ucd_disable_vcs.slice.
Jul 29 02:13:36 witherspoon systemd[1]: Starting Disable UCD VCS rails...
Jul 29 02:13:36 witherspoon systemd[1]: Created slice system-vrm\x2dcontrol.slice.
Jul 29 02:13:36 witherspoon systemd[1]: Created slice system-mapper\x2dsubtree\x2dremove.slice.
Jul 29 02:13:36 witherspoon phosphor-gevent[1018]: ::8059:6976:8e91:f402%1995725596 - - [2017-07-29 02:13:36] "PUT /xyz/openbmc_project/state/host0//attr/RequestedHostTransition HTTP/1.1" 200 169 0.384285
Jul 29 02:13:36 witherspoon systemd[1]: Starting Wait for /org/openbmc/control/chassis0...
Jul 29 02:13:36 witherspoon systemd[1]: Created slice system-phosphor\x2dfan\x2dpresence\x2dtach.slice.
Jul 29 02:13:36 witherspoon systemd[1]: Created slice system-avsbus\x2denable.slice.
Jul 29 02:13:36 witherspoon systemd[1]: Created slice system-op\x2dpower\x2dstart.slice.
Jul 29 02:13:36 witherspoon systemd[1]: Started Witherspoon Fan Watchdog Daemon.
Jul 29 02:13:36 witherspoon systemd[1]: Created slice system-vcs_workaround.slice.
Jul 29 02:13:36 witherspoon systemd[1]: Created slice system-vcs_off.slice.
Jul 29 02:13:36 witherspoon systemd[1]: Created slice system-ir35221\x2don\x2dunbind.slice.
Jul 29 02:13:36 witherspoon systemd[1]: Created slice system-fsi\x2dbind.slice.
Jul 29 02:13:36 witherspoon systemd[1]: Created slice system-cfam_override.slice.
Jul 29 02:13:36 witherspoon systemd[1]: Reached target Powerwitherspoon-fan-watchdog (On).
Jul 29 02:13:36 witherspoon systemd[1]: Created slice system-power\x2dworkarounds.slice.
Jul 29 02:13:36 witherspoon systemd[1]: Starting Witherspoon Fan Watchdog Reset...
Jul 29 02:13:38 witherspoon kernel: ucd9000 11-0064: Device ID UCD90160|2.3.4.0000|110603
Jul 29 02:13:38 witherspoon phosphor-gevent[1018]: ::8059:6976:8e91:f402%1995725596 - - [2017-07-29 02:13:38] "POST /login HTTP/1.1" 200 320 0.045186
Jul 29 02:13:38 witherspoon kernel[958]: [  352.730000] ucd9000 11-0064: Device ID UCD90160|2.3.4.0000|110603
Jul 29 02:13:36 witherspoon systemd[1]: Created slice system-start_host.slice.
Jul 29 02:13:38 witherspoon mboxctl[1165]: Reset: Success
Jul 29 02:13:36 witherspoon systemd[1]: Starting power on mode unbind ir35221 device driver devs...
Jul 29 02:13:36 witherspoon systemd[1]: Created slice system-obmc\x2denable\x2dhost\x2dwatchdog.slice.
Jul 29 02:13:37 witherspoon systemd[1]: Created slice system-ir35221\x2don\x2dbind.slice.
Jul 29 02:13:37 witherspoon systemd[1]: Created slice system-phosphor\x2dfan\x2dcontrol\x2dinit.slice.
Jul 29 02:13:37 witherspoon systemd[1]: Starting Wait for /xyz/openbmc_project/watchdog/host0...
Jul 29 02:13:37 witherspoon systemd[1]: Created slice system-avsbus\x2ddisable.slice.
Jul 29 02:13:37 witherspoon systemd[1]: Starting mapper subtree-remove /xyz/openbmc_project/software:xyz.openbmc_project.Software.ActivationBlocksTransition...
Jul 29 02:13:37 witherspoon systemd[1]: Created slice system-mboxd\x2dreload.slice.
Jul 29 02:13:37 witherspoon systemd[1]: Starting Reload mboxd during power on...
Jul 29 02:13:37 witherspoon systemd[1]: Created slice system-vcs_on.slice.
Jul 29 02:13:37 witherspoon systemd[1]: Started Phosphor poweron watchdog.
Jul 29 02:13:37 witherspoon systemd[1]: Created slice system-pcie\x2dslot\x2ddetect.slice.
Jul 29 02:13:38 witherspoon systemd[1]: Starting Wait for /xyz/openbmc_project/led/groups/power_on...
Jul 29 02:13:38 witherspoon systemd[1]: Started Phosphor Fan Control Initialization.
Jul 29 02:13:38 witherspoon systemd[1]: Created slice system-fsi\x2dscan.slice.
Jul 29 02:13:38 witherspoon systemd[1]: Created slice system-op\x2dwait\x2dpower\x2don.slice.
Jul 29 02:13:38 witherspoon systemd[1]: Starting Wait for Power0 to turn on...
Jul 29 02:13:38 witherspoon systemd[1]: Created slice system-phosphor\x2dgpio\x2dmonitor.slice.
Jul 29 02:13:38 witherspoon systemd[1]: Started Phosphor GPIO checkstop monitor.
Jul 29 02:13:38 witherspoon systemd[1]: Reached target Start Host checkstop monitor.
Jul 29 02:13:39 witherspoon systemd[1]: Started Disable UCD VCS rails.
Jul 29 02:13:39 witherspoon systemd[1]: Started Wait for /org/openbmc/control/chassis0.
Jul 29 02:13:39 witherspoon systemd[1]: Started Witherspoon Fan Watchdog Reset.
Jul 29 02:13:39 witherspoon systemd[1]: Started power on mode unbind ir35221 device driver devs.
Jul 29 02:13:39 witherspoon systemd[1]: Started mapper subtree-remove /xyz/openbmc_project/software:xyz.openbmc_project.Software.ActivationBlocksTransition.
Jul 29 02:13:39 witherspoon systemd[1]: Started Reload mboxd during power on.
Jul 29 02:13:39 witherspoon systemd[1]: xyz.openbmc_project.Hwmon@ahb-apb-i2c\x401e78a000-i2c\x2dbus\x40140-ir35221\x4070.service: Unit not needed anymore. Stopping.
Jul 29 02:13:39 witherspoon systemd[1]: xyz.openbmc_project.Hwmon@ahb-apb-i2c\x401e78a000-i2c\x2dbus\x40180-ir35221\x4071.service: Service hold-off time over, scheduling restart.
Jul 29 02:13:39 witherspoon systemd[1]: xyz.openbmc_project.Hwmon@ahb-apb-i2c\x401e78a000-i2c\x2dbus\x40180-ir35221\x4070.service: Service hold-off time over, scheduling restart.
Jul 29 02:13:39 witherspoon systemd[1]: xyz.openbmc_project.Hwmon@ahb-apb-i2c\x401e78a000-i2c\x2dbus\x40140-ir35221\x4071.service: Service hold-off time over, scheduling restart.
Jul 29 02:13:39 witherspoon systemd[1]: xyz.openbmc_project.Hwmon@ahb-apb-i2c\x401e78a000-i2c\x2dbus\x40140-ir35221\x4070.service: Service hold-off time over, scheduling restart.
Jul 29 02:13:39 witherspoon systemd[1]: xyz.openbmc_project.Hwmon@ahb-apb-i2c\x401e78a000-i2c\x2dbus\x40140-ir35221\x4070.service: Stop job pending for unit, delaying automatic restart.
Jul 29 02:13:39 witherspoon systemd[1]: xyz.openbmc_project.Hwmon@ahb-apb-i2c\x401e78a000-i2c\x2dbus\x40180-ir35221\x4070.service: Unit not needed anymore. Stopping.
Jul 29 02:13:39 witherspoon systemd[1]: Requested transaction contradicts existing jobs: Transaction is destructive.
Jul 29 02:13:39 witherspoon systemd[1]: xyz.openbmc_project.Hwmon@ahb-apb-i2c\x401e78a000-i2c\x2dbus\x40180-ir35221\x4070.service: Failed to enqueue stop job, ignoring: Transaction is destructive.
Jul 29 02:13:39 witherspoon systemd[1]: xyz.openbmc_project.Hwmon@ahb-apb-i2c\x401e78a000-i2c\x2dbus\x40180-ir35221\x4071.service: Unit not needed anymore. Stopping.
Jul 29 02:13:39 witherspoon systemd[1]: Requested transaction contradicts existing jobs: Transaction is destructive.
Jul 29 02:13:39 witherspoon systemd[1]: xyz.openbmc_project.Hwmon@ahb-apb-i2c\x401e78a000-i2c\x2dbus\x40180-ir35221\x4071.service: Failed to enqueue stop job, ignoring: Transaction is destructive.
Jul 29 02:13:39 witherspoon systemd[1]: xyz.openbmc_project.Hwmon@ahb-apb-i2c\x401e78a000-i2c\x2dbus\x40140-ir35221\x4071.service: Unit not needed anymore. Stopping.
Jul 29 02:13:39 witherspoon systemd[1]: Requested transaction contradicts existing jobs: Transaction is destructive.
Jul 29 02:13:39 witherspoon systemd[1]: xyz.openbmc_project.Hwmon@ahb-apb-i2c\x401e78a000-i2c\x2dbus\x40140-ir35221\x4071.service: Failed to enqueue stop job, ignoring: Transaction is destructive.
Jul 29 02:13:39 witherspoon systemd[1]: Stopped Phosphor Hwmon Poller.
Jul 29 02:13:40 witherspoon systemd[1]: Started Phosphor Hwmon Poller.
Jul 29 02:13:40 witherspoon systemd[1]: xyz.openbmc_project.Hwmon@ahb-apb-i2c\x401e78a000-i2c\x2dbus\x40140-ir35221\x4071.service: Unit not needed anymore. Stopping.
Jul 29 02:13:40 witherspoon systemd[1]: Stopping Phosphor Hwmon Poller...
Jul 29 02:13:40 witherspoon systemd[1]: Stopped Phosphor Hwmon Poller.
Jul 29 02:13:40 witherspoon systemd[1]: Started Phosphor Hwmon Poller.
Jul 29 02:13:40 witherspoon systemd[1]: xyz.openbmc_project.Hwmon@ahb-apb-i2c\x401e78a000-i2c\x2dbus\x40180-ir35221\x4070.service: Unit not needed anymore. Stopping.
Jul 29 02:13:40 witherspoon systemd[1]: Stopping Phosphor Hwmon Poller...
Jul 29 02:13:40 witherspoon systemd[1]: Stopped Phosphor Hwmon Poller.
Jul 29 02:13:40 witherspoon systemd[1]: Started Phosphor Hwmon Poller.
Jul 29 02:13:40 witherspoon systemd[1]: xyz.openbmc_project.Hwmon@ahb-apb-i2c\x401e78a000-i2c\x2dbus\x40180-ir35221\x4071.service: Unit not needed anymore. Stopping.
Jul 29 02:13:40 witherspoon systemd[1]: Stopping Phosphor Hwmon Poller...
Jul 29 02:13:40 witherspoon systemd[1]: Stopped Phosphor Hwmon Poller.
Jul 29 02:13:40 witherspoon systemd[1]: Starting Perform power workarounds on VRMs...
Jul 29 02:13:40 witherspoon systemd[1]: Stopped Phosphor Hwmon Poller.
Jul 29 02:13:40 witherspoon systemd[1]: Stopped Phosphor Hwmon Poller.
Jul 29 02:13:40 witherspoon systemd[1]: Started Perform power workarounds on VRMs.
Jul 29 02:13:40 witherspoon systemd[1]: Starting Disable the AVS bus on the VRMs...
Jul 29 02:13:40 witherspoon systemd[1]: Stopped Phosphor Hwmon Poller.
Jul 29 02:13:41 witherspoon systemd[1]: Started Disable the AVS bus on the VRMs.
Jul 29 02:13:41 witherspoon systemd[1]: Starting Apply voltage overrides to VRMs...
Jul 29 02:13:41 witherspoon vrm-control.sh[1232]: rail        set        read        current
Jul 29 02:13:41 witherspoon vrm-control.sh[1232]: -------        ------- ------- -------
Jul 29 02:13:42 witherspoon vrm-control.sh[1232]: vdna        0.898V        0.004V        0.000A
Jul 29 02:13:42 witherspoon vrm-control.sh[1232]: vdnb        0.898V        0.004V        0.000A
Jul 29 02:13:42 witherspoon systemd[1]: Started Apply voltage overrides to VRMs.
Jul 29 02:13:42 witherspoon systemd[1]: Starting Enable the AVS bus on VRMs...
Jul 29 02:13:43 witherspoon systemd[1]: Started Enable the AVS bus on VRMs.
Jul 29 02:13:43 witherspoon systemd[1]: Starting Disable VCS before Witherspoon power on...
Jul 29 02:13:43 witherspoon systemd[1]: Started Disable VCS before Witherspoon power on.
Jul 29 02:13:43 witherspoon systemd[1]: Reached target Power0 On (Pre).
Jul 29 02:13:43 witherspoon systemd[1]: Starting Start Power0...
Jul 29 02:13:44 witherspoon phosphor-gevent[1018]: ::8059:6976:8e91:f402%1995725596 - - [2017-07-29 02:13:44] "GET /xyz/openbmc_project/state/chassis0//attr/CurrentPowerState HTTP/1.1" 200 216 6.038952
Jul 29 02:13:45 witherspoon systemd[1]: Started Wait for /xyz/openbmc_project/led/groups/power_on.
Jul 29 02:13:45 witherspoon systemd[1]: Starting Assert power_on LED...
Jul 29 02:13:45 witherspoon phosphor-gevent[1018]: ::8059:6976:8e91:f402%1995725596 - - [2017-07-29 02:13:45] "POST /login HTTP/1.1" 200 320 0.428032
Jul 29 02:13:46 witherspoon power_control.exe[1072]: PowerControl: setting power up SOFTWARE_PGOOD to 1
Jul 29 02:13:46 witherspoon power_control.exe[1072]: PowerControl: setting power up BMC_POWER_UP to 1
Jul 29 02:13:46 witherspoon systemd[1]: Started Start Power0.
Jul 29 02:13:46 witherspoon timemanager[1102]:  PGOOD has changed..
Jul 29 02:13:46 witherspoon system_manager.py[1020]: Running System State: HOST_POWERING_ON
Jul 29 02:13:47 witherspoon phosphor-ledmanager[952]: Asserting LEDs
Jul 29 02:13:47 witherspoon phosphor-ledmanager[952]: No service providers for physical LED
Jul 29 02:13:47 witherspoon phosphor-fan-control[1190]: Error in mapper response for getting service name
Jul 29 02:13:47 witherspoon phosphor-fan-control[1190]: terminate called after throwing an instance of 'sdbusplus::xyz::openbmc_project::Common::Error::InternalFailure'
Jul 29 02:13:47 witherspoon phosphor-fan-control[1190]:   what():  xyz.openbmc_project.Common.Error.InternalFailure: The operation failed internally.
Jul 29 02:13:47 witherspoon phosphor-fan-control[1190]: The operation failed internally.
Jul 29 02:13:47 witherspoon systemd[1]: phosphor-fan-control-init@witherspoon-fan-watchdog.service: Main process exited, code=dumped, status=6/ABRT
