[    2.690000] aspeed-smc 1e620000.flash-controller: DMA support disabled.
[    2.690000] aspeed-smc 1e620000.flash-controller: mx25l25635e (32768 Kbytes)
[    2.710000] aspeed-smc 1e620000.flash-controller: CE0 window [ 0x20000000 - 0x22000000 ] 32MB
[    2.710000] aspeed-smc 1e620000.flash-controller: CE1 window [ 0x22000000 - 0x2a000000 ] 128MB
[    2.710000] 5 ofpart partitions found on MTD device bmc
[    2.710000] Creating 5 MTD partitions on "bmc":
[    2.740000] 0x000000000000-0x000000060000 : "u-boot"
[    2.740000] 0x000000060000-0x000000080000 : "u-boot-env"
[    2.740000] 0x000000080000-0x0000004c0000 : "kernel"
[    2.740000] 0x0000004c0000-0x000001c00000 : "rofs"
[    2.780000] 0x000001c00000-0x000002000000 : "rwfs"
[    2.780000] aspeed-smc 1e620000.flash-controller: mx25l25635e (32768 Kbytes)
[    2.790000] aspeed-smc 1e620000.flash-controller: CE1 window [ 0x22000000 - 0x24000000 ] 32MB
[    2.790000] aspeed-smc 1e620000.flash-controller: CE2 window [ 0x24000000 - 0x2c000000 ] 128MB
[    2.820000] aspeed-smc 1e630000.flash-controller: mx66l1g45g (131072 Kbytes)
[    2.830000] aspeed-smc 1e630000.flash-controller: CE0 window resized to 120MB (AST2500 HW quirk)
[    2.830000] aspeed-smc 1e630000.flash-controller: CE0 window [ 0x30000000 - 0x37800000 ] 120MB
[    2.830000] aspeed-smc 1e630000.flash-controller: CE0 window too small for chip 128MB
[    2.850000] aspeed-smc 1e630000.flash-controller: CE1 window [ 0x37800000 - 0x38000000 ] 8MB
[    3.600000] libphy: Fixed MDIO Bus: probed
[    3.600000] ftgmac100 1e660000.ethernet: Read MAC address 70:e2:84:14:28:a9 from chip
[    3.600000] ftgmac100 1e660000.ethernet: Using NCSI interface
[    3.600000] ftgmac100 1e660000.ethernet eth0: irq 20, mapped at f0060000
[    3.600000] ehci_hcd: USB 2.0 'Enhanced' Host Controller (EHCI) Driver
[    3.600000] ehci-platform: EHCI generic platform driver
[    3.830000]  fsi0: can't read slave 00:00 -5
[    3.830000] i2c /dev entries driver
[    3.830000] aspeed-i2c-bus 1e78a0c0.i2c-bus: i2c bus 2 registered, irq 26
[    3.830000] aspeed-i2c-bus 1e78a100.i2c-bus: i2c bus 3 registered, irq 27
[    3.830000] aspeed-i2c-bus 1e78a140.i2c-bus: i2c bus 4 registered, irq 28
[    3.830000] aspeed-i2c-bus 1e78a180.i2c-bus: i2c bus 5 registered, irq 29
[    3.830000] aspeed-i2c-bus 1e78a380.i2c-bus: i2c bus 9 registered, irq 30
[    3.830000] aspeed-i2c-bus 1e78a3c0.i2c-bus: i2c bus 10 registered, irq 31
[    3.830000] rtc-rv8803 11-0032: Voltage low, temperature compensation stopped.
[    3.930000] rtc-rv8803 11-0032: rtc core: registered rx8900 as rtc0
[    3.940000] at24 11-0051: 8192 byte 24c64 EEPROM, writable, 1 bytes/write
[    3.940000] aspeed-i2c-bus 1e78a400.i2c-bus: i2c bus 11 registered, irq 32
[    3.940000] aspeed-i2c-bus 1e78a440.i2c-bus: i2c bus 12 registered, irq 33
[    3.940000] aspeed-i2c-bus 1e78a480.i2c-bus: i2c bus 13 registered, irq 34
[    3.940000] Driver for 1-wire Dallas network protocol.
[    3.940000] lm75 9-004a: hwmon0: sensor 'tmp275'
[    4.030000] random: crng init done
[    4.380000] max31785 3-0052: Fan 1 is configured but not installed
[    4.390000] max31785 3-0052: Fan 2 is configured but not installed
[    4.400000] max31785 3-0052: Fan 3 is configured but not installed
[    4.750000] ucd9000 11-0064: Device ID UCD90160|2.3.4.0000|110603
[    5.070000] leds-pca955x 3-0060: leds-pca955x: Using pca9552 16-bit LED driver at slave address 0x60
[    5.100000] leds-pca955x 11-0060: leds-pca955x: Using pca9552 16-bit LED driver at slave address 0x60
[    5.110000] leds-pca955x 11-0060: gpios 264...279
[    5.110000] usbcore: registered new interface driver usbhid
[    5.120000] usbhid: USB HID core driver
[    5.150000] dps310 3-0076: iio:device1: sensor 'dps310'
[    5.150000] NET: Registered protocol family 10
[    5.160000] Segment Routing with IPv6
[    5.160000] NET: Registered protocol family 17
[    5.160000] 8021q: 802.1Q VLAN Support v1.8
[    5.180000] console [netcon0] enabled
[    5.180000] netconsole: network logging started
[    5.180000] input: gpio-keys as /devices/platform/gpio-keys/input/input0
[    5.200000] rtc-rv8803 11-0032: setting system clock to 2017-08-01 15:57:15 UTC (1501603035)
[    5.210000] Freeing unused kernel memory: 284K
[    5.210000] This architecture does not have kernel memory protection.
[    6.760000] jffs2: notice: (526) jffs2_build_xattr_subsystem: complete building xattr subsystem, 0 of xdatum (0 unchecked, 0 orphan) and 0 of xref (0 dead, 0 orphan) found.
[    9.000000] systemd[1]: Failed to insert module 'autofs4': No such file or directory
[    9.000000] systemd[1]: systemd 232 running in system mode. (+PAM -AUDIT -SELINUX -IMA -APPARMOR -SMACK +SYSVINIT -UTMP -LIBCRYPTSETUP -GCRYPT -GNUTLS +ACL +XZ -LZ4 -SECCOMP +BLKID -ELFUTILS +KMOD -IDN)
[    9.000000] systemd[1]: Detected architecture arm.
[    9.230000] systemd[1]: Set hostname to <witherspoon>.
[   10.960000] systemd[1]: Listening on Journal Socket (/dev/log).
[   11.120000] systemd[1]: Listening on udev Kernel Socket.
[   11.280000] systemd[1]: Listening on Journal Socket.
[   11.450000] systemd[1]: Started Forward Password Requests to Wall Directory Watch.
[   11.630000] systemd[1]: Reached target Remote File Systems.
[   11.810000] systemd[1]: Listening on udev Control Socket.
[   12.000000] systemd[1]: Listening on /dev/initctl Compatibility Named Pipe.
[   14.010000] systemd[1]: Created slice system-getty.slice.
[   14.010000] systemd[1]: Starting udev Coldplug all Devices...
[   14.270000] systemd[1]: Starting Journal Service...
[   14.530000] systemd[1]: Created slice system-phosphor\x2dgpio\x2dpresence.slice.
[   14.530000] systemd[1]: Mounting Temporary Directory...
[   14.800000] systemd[1]: Created slice system-org.openbmc.buttons.Power.slice.
[   15.080000] systemd[1]: Created slice system-phosphor\x2dcooling\x2dtype.slice.
[   15.360000] systemd[1]: Created slice system-obmc\x2dconsole.slice.
[   15.650000] systemd[1]: Created slice system-phosphor\x2dreset\x2dhost\x2dcheck.slice.
[   15.950000] systemd[1]: Created slice system-mapper\x2dwait.slice.
[   19.280000] systemd[1]: Reached target Slices.
[   19.650000] systemd[1]: Created slice system-op\x2dreset\x2dchassis\x2drunning.slice.
[   20.030000] systemd[1]: Created slice system-op\x2dreset\x2dchassis\x2don.slice.
[   20.410000] systemd[1]: Mounted Debug File System.
[   20.800000] systemd[1]: Mounted Temporary Directory.
[   21.200000] systemd[1]: Started Journal Service.
[   23.720000] systemd-journald[548]: Received request to flush runtime journal from PID 1
[   47.960000] ubi7: default fastmap pool size: 100
[   48.010000] ubi7: default fastmap WL pool size: 50
[   48.010000] ubi7: attaching mtd7
[   48.200000] ubi7: scanning is finished
[   48.200000] ubi7: attached mtd7 (name "pnor", size 128 MiB)
[   48.200000] ubi7: PEB size: 65536 bytes (64 KiB), LEB size: 65408 bytes
[   48.200000] ubi7: min./max. I/O unit sizes: 1/256, sub-page size 1
[   48.280000] ubi7: VID header offset: 64 (aligned 64), data offset: 128
[   48.280000] ubi7: good PEBs: 2048, bad PEBs: 0, corrupted PEBs: 0
[   48.280000] ubi7: user volume: 0, internal volumes: 1, max. volumes count: 128
[   48.280000] ubi7: max/mean erase counter: 0/0, WL threshold: 4096, image sequence number: 12976607
[   48.280000] ubi7: available PEBs: 2042, total reserved PEBs: 6, PEBs reserved for bad PEB handling: 0
[   48.280000] ubi7: background thread "ubi_bgt7d" started, PID 1002
[   50.370000] ftgmac100 1e660000.ethernet eth0: NCSI interface up
[  364.120000] ucd9000 11-0064: Device ID UCD90160|2.3.4.0000|110603
[  374.660000]  fsi0: fsi: found chip c0010d12 at 00:00:00
[  374.660000]  slave@00:00: engine[2]: type 4, version 6, addr c00 size 400
[  374.660000]  slave@00:00: engine[3]: type 5, version 6, addr 1000 size 400
[  375.130000]  slave@00:00: engine[4]: type 6, version 1, addr 1400 size 400
[  375.130000]  slave@00:00: engine[5]: type 7, version 2, addr 1800 size 400
[  375.470000]  slave@00:00: engine[8]: type 22, version 1, addr 2400 size 400
[  375.470000] sbefifo 00:00:00:06: Found sbefifo device
[  375.470000] occ-hwmon occ1-dev0: failed to get OCC poll response: -19
[  375.650000]  slave@00:00: engine[9]: type 20, version 2, addr 2800 size 800
[  375.650000]  slave@00:00: engine[11]: type 1a, version 1, addr 3000 size 400
[  375.650000]  slave@00:00: engine[12]: type 1c, version 1, addr 3400 size 400
[  375.650000] fsi-master-hub 00:00:00:0a: hub version 92010800 (8 links)
[  375.650000]  slave@00:00: status: 0x84000510, sisc: 0x01040108
[  375.650000]  slave@00:00: status: 0x84000500, sisc: 0x00040108
[  375.650000]  fsi1: can't read slave 00:00 -5
[  375.650000]  fsi1: fsi: found chip c0010d12 at 01:01:00
[  375.650000]  slave@01:00: engine[2]: type 4, version 6, addr c00 size 400
[  375.830000]  slave@01:00: engine[3]: type 5, version 6, addr 1000 size 400
[  376.020000]  slave@01:00: engine[4]: type 6, version 1, addr 1400 size 400
[  376.020000]  slave@01:00: engine[5]: type 7, version 2, addr 1800 size 400
[  376.410000]  slave@01:00: engine[8]: type 22, version 1, addr 2400 size 400
[  376.410000] sbefifo 01:01:00:06: Found sbefifo device
[  376.410000] occ-hwmon occ2-dev0: failed to get OCC poll response: -19
[  376.410000]  slave@01:00: engine[9]: type 20, version 2, addr 2800 size 800
[  376.410000]  slave@01:00: engine[11]: type 1a, version 1, addr 3000 size 400
[  376.410000]  slave@01:00: engine[12]: type 1c, version 1, addr 3400 size 400
[  376.410000] fsi-master-hub 01:01:00:0a: hub version 92010800 (8 links)
[  376.410000]  slave@00:00: status: 0x84000500, sisc: 0x00040108
[  376.410000]  slave@00:00: status: 0x84000500, sisc: 0x00040108
[  376.410000]  slave@01:00: status: 0x04000510, sisc: 0x01040000
[  376.410000]  slave@00:00: status: 0x84000500, sisc: 0x00040108
[  376.410000]  slave@00:00: status: 0x84000500, sisc: 0x00040108
[  376.610000]  slave@01:00: status: 0x04000500, sisc: 0x00040000
[  376.610000]  slave@00:00: status: 0x84000500, sisc: 0x00040108
[  376.610000]  slave@00:00: status: 0x84000500, sisc: 0x00040108
[  376.610000]  slave@01:00: status: 0x04000500, sisc: 0x00040000
[  376.610000]  slave@00:00: status: 0x84000500, sisc: 0x00040108
[  376.610000]  slave@00:00: status: 0x84000500, sisc: 0x00040108
[  376.610000]  slave@01:00: status: 0x04000500, sisc: 0x00040000
[  376.610000]  slave@00:00: status: 0x84000500, sisc: 0x00040108
[  376.610000]  slave@00:00: status: 0x84000500, sisc: 0x00040108
[  376.610000]  slave@01:00: status: 0x04000500, sisc: 0x00040000
[  376.610000]  slave@00:00: status: 0x84000500, sisc: 0x00040108
[  376.610000]  slave@00:00: status: 0x84000500, sisc: 0x00040108
[  376.610000]  slave@01:00: status: 0x04000500, sisc: 0x00040000
[  376.610000]  slave@01:00: status: 0x04000500, sisc: 0x00040000
[  376.830000]  slave@01:00: status: 0x04000500, sisc: 0x00040000
[  376.830000]  slave@01:00: status: 0x04000500, sisc: 0x00040000
[  376.830000]  slave@01:00: status: 0x04000500, sisc: 0x00040000
[  376.830000]  slave@01:00: status: 0x04000500, sisc: 0x00040000
[  376.830000]  slave@01:00: status: 0x04000500, sisc: 0x00040000
[  376.830000]  slave@01:00: status: 0x04000500, sisc: 0x00040000
[  376.830000]  slave@01:00: status: 0x04000500, sisc: 0x00040000
[  376.830000]  slave@01:00: status: 0x04000500, sisc: 0x00040000
[  376.830000]  slave@01:00: status: 0x04000500, sisc: 0x00040000
[  376.830000]  slave@01:00: engine[14]: type 1b, version 1, addr 40000 size 8000
[  376.830000]  slave@01:00: engine[15]: type 1b, version 1, addr 48000 size 8000
[  376.830000]  slave@01:00: engine[16]: type 1b, version 1, addr 50000 size 8000
[  376.830000]  slave@01:00: engine[17]: type 1b, version 1, addr 58000 size 8000
[  377.050000]  slave@01:00: engine[18]: type 1b, version 1, addr 60000 size 8000
[  377.050000]  slave@01:00: engine[19]: type 1b, version 1, addr 68000 size 8000
[  377.050000]  slave@01:00: engine[20]: type 1b, version 1, addr 70000 size 8000
[  377.050000]  slave@01:00: engine[21]: type 1b, version 1, addr 78000 size 8000
[  377.050000]  slave@00:00: status: 0x84000500, sisc: 0x00040108
[  377.050000]  slave@00:00: status: 0x84000500, sisc: 0x00040108
[  377.050000]  fsi1: can't read slave 02:00 -5
[  377.050000]  slave@00:00: status: 0x84000500, sisc: 0x00040108
[  377.050000]  slave@00:00: status: 0x84000500, sisc: 0x00040108
[  377.050000]  fsi1: can't read slave 03:00 -5
[  377.050000]  slave@00:00: status: 0x84000500, sisc: 0x00040108
[  377.050000]  slave@00:00: status: 0x84000500, sisc: 0x00040108
[  377.050000]  fsi1: can't read slave 04:00 -5
[  377.050000]  slave@00:00: status: 0x84000500, sisc: 0x00040108
[  377.280000]  slave@00:00: status: 0x84000500, sisc: 0x00040108
[  377.280000]  fsi1: can't read slave 05:00 -5
[  377.280000]  slave@00:00: status: 0x84000500, sisc: 0x00040108
[  377.280000]  slave@00:00: status: 0x84000500, sisc: 0x00040108
[  377.280000]  fsi1: can't read slave 06:00 -5
[  377.280000]  slave@00:00: status: 0x84000500, sisc: 0x00040108
[  377.280000]  slave@00:00: status: 0x84000500, sisc: 0x00040108
[  377.280000]  fsi1: can't read slave 07:00 -5
[  377.280000]  slave@00:00: engine[14]: type 1b, version 1, addr 40000 size 8000
[  377.280000]  slave@00:00: engine[15]: type 1b, version 1, addr 48000 size 8000
[  377.280000]  slave@00:00: engine[16]: type 1b, version 1, addr 50000 size 8000
[  377.280000]  slave@00:00: engine[17]: type 1b, version 1, addr 58000 size 8000
[  377.280000]  slave@00:00: engine[18]: type 1b, version 1, addr 60000 size 8000
[  377.280000]  slave@00:00: engine[19]: type 1b, version 1, addr 68000 size 8000
[  377.280000]  slave@00:00: engine[20]: type 1b, version 1, addr 70000 size 8000
[  377.280000]  slave@00:00: engine[21]: type 1b, version 1, addr 78000 size 8000
