-- Logs begin at Thu 2017-07-06 21:24:38 UTC, end at Thu 2017-07-06 21:45:42 UTC. --
Jul 06 21:24:38 witherspoon kernel: Booting Linux on physical CPU 0x0
Jul 06 21:24:38 witherspoon kernel: Linux version 4.10.17-990f06c35b7e119f00967e90f0514dbbd2e1b51b (jenkins@openbmc-builder1) (gcc version 6.2.0 (GCC) ) #1 Thu Jul 6 19:11:41 UTC 2017
Jul 06 21:24:38 witherspoon kernel: CPU: ARMv6-compatible processor [410fb767] revision 7 (ARMv7), cr=00c5387d
Jul 06 21:24:38 witherspoon kernel: CPU: PIPT / VIPT nonaliasing data cache, VIPT nonaliasing instruction cache
Jul 06 21:24:38 witherspoon kernel: OF: fdt:Machine model: Witherspoon BMC
Jul 06 21:24:38 witherspoon kernel: Memory policy: Data cache writeback
Jul 06 21:24:38 witherspoon kernel: SOC Rev: 04030303
Jul 06 21:24:38 witherspoon kernel: On node 0 totalpages: 110592
Jul 06 21:24:38 witherspoon kernel: free_area_init_node: node 0, pgdat 805f33fc, node_mem_map 9ec1a000
Jul 06 21:24:38 witherspoon kernel:   Normal zone: 992 pages used for memmap
Jul 06 21:24:38 witherspoon kernel:   Normal zone: 0 pages reserved
Jul 06 21:24:38 witherspoon kernel:   Normal zone: 110592 pages, LIFO batch:31
Jul 06 21:24:38 witherspoon kernel: pcpu-alloc: s0 r0 d32768 u32768 alloc=1*32768
Jul 06 21:24:38 witherspoon kernel: pcpu-alloc: [0] 0 
Jul 06 21:24:38 witherspoon kernel: Built 1 zonelists in Zone order, mobility grouping on.  Total pages: 109600
Jul 06 21:24:38 witherspoon kernel: Kernel command line: console=ttyS4,115200n8 root=/dev/ram rw
Jul 06 21:24:38 witherspoon kernel: PID hash table entries: 2048 (order: 1, 8192 bytes)
Jul 06 21:24:38 witherspoon kernel: Dentry cache hash table entries: 65536 (order: 6, 262144 bytes)
Jul 06 21:24:38 witherspoon kernel: Inode-cache hash table entries: 32768 (order: 5, 131072 bytes)
Jul 06 21:24:38 witherspoon kernel: Memory: 430508K/442368K available (4048K kernel code, 280K rwdata, 1172K rodata, 276K init, 111K bss, 11860K reserved, 0K cma-reserved)
Jul 06 21:24:38 witherspoon kernel: Virtual kernel memory layout:
                                        vector  : 0xffff0000 - 0xffff1000   (   4 kB)
                                        fixmap  : 0xffc00000 - 0xfff00000   (3072 kB)
                                        vmalloc : 0x9f800000 - 0xff800000   (1536 MB)
                                        lowmem  : 0x80000000 - 0x9f000000   ( 496 MB)
                                          .text : 0x80008000 - 0x803fc590   (4050 kB)
                                          .init : 0x8057b000 - 0x805c0000   ( 276 kB)
                                          .data : 0x805c0000 - 0x806061a8   ( 281 kB)
                                           .bss : 0x806061a8 - 0x80622078   ( 112 kB)
Jul 06 21:24:38 witherspoon kernel: NR_IRQS:16 nr_irqs:16 16
Jul 06 21:24:38 witherspoon kernel: i2c controller registered, irq 16
Jul 06 21:24:38 witherspoon kernel: clocksource: moxart_timer: mask: 0xffffffff max_cycles: 0xffffffff, max_idle_ns: 77222644334 ns
Jul 06 21:24:38 witherspoon kernel: sched_clock: 32 bits at 100 Hz, resolution 10000000ns, wraps every 21474836475000000ns
Jul 06 21:24:38 witherspoon kernel: Calibrating delay loop... 789.70 BogoMIPS (lpj=3948544)
Jul 06 21:24:38 witherspoon kernel: pid_max: default: 32768 minimum: 301
Jul 06 21:24:38 witherspoon kernel: Mount-cache hash table entries: 1024 (order: 0, 4096 bytes)
Jul 06 21:24:38 witherspoon kernel: Mountpoint-cache hash table entries: 1024 (order: 0, 4096 bytes)
Jul 06 21:24:38 witherspoon kernel: CPU: Testing write buffer coherency: ok
Jul 06 21:24:38 witherspoon kernel: ftrace: allocating 14867 entries in 44 pages
Jul 06 21:24:38 witherspoon kernel: Setting up static identity map for 0x80008200 - 0x8000825c
Jul 06 21:24:38 witherspoon kernel: devtmpfs: initialized
Jul 06 21:24:38 witherspoon kernel: clocksource: jiffies: mask: 0xffffffff max_cycles: 0xffffffff, max_idle_ns: 19112604462750000 ns
Jul 06 21:24:38 witherspoon kernel: futex hash table entries: 256 (order: -1, 3072 bytes)
Jul 06 21:24:38 witherspoon kernel: pinctrl core: initialized pinctrl subsystem
Jul 06 21:24:38 witherspoon kernel: NET: Registered protocol family 16
Jul 06 21:24:38 witherspoon kernel: DMA: preallocated 256 KiB pool for atomic coherent allocations
Jul 06 21:24:38 witherspoon kernel: usbcore: registered new interface driver usbfs
Jul 06 21:24:38 witherspoon kernel: usbcore: registered new interface driver hub
Jul 06 21:24:38 witherspoon kernel: usbcore: registered new device driver usb
Jul 06 21:24:38 witherspoon kernel: clocksource: Switched to clocksource moxart_timer
Jul 06 21:24:38 witherspoon kernel: NET: Registered protocol family 2
Jul 06 21:24:38 witherspoon kernel: TCP established hash table entries: 4096 (order: 2, 16384 bytes)
Jul 06 21:24:38 witherspoon kernel: TCP bind hash table entries: 4096 (order: 2, 16384 bytes)
Jul 06 21:24:38 witherspoon kernel: TCP: Hash tables configured (established 4096 bind 4096)
Jul 06 21:24:38 witherspoon kernel: UDP hash table entries: 256 (order: 0, 4096 bytes)
Jul 06 21:24:38 witherspoon kernel: UDP-Lite hash table entries: 256 (order: 0, 4096 bytes)
Jul 06 21:24:38 witherspoon kernel: NET: Registered protocol family 1
Jul 06 21:24:38 witherspoon kernel: Trying to unpack rootfs image as initramfs...
Jul 06 21:24:38 witherspoon kernel: Freeing initrd memory: 1548K
Jul 06 21:24:38 witherspoon kernel: workingset: timestamp_bits=30 max_order=17 bucket_order=0
Jul 06 21:24:38 witherspoon kernel: squashfs: version 4.0 (2009/01/31) Phillip Lougher
Jul 06 21:24:38 witherspoon kernel: jffs2: version 2.2. (SUMMARY)  © 2001-2006 Red Hat, Inc.
Jul 06 21:24:38 witherspoon kernel: Block layer SCSI generic (bsg) driver version 0.4 loaded (major 250)
Jul 06 21:24:38 witherspoon kernel: io scheduler noop registered
Jul 06 21:24:38 witherspoon kernel: io scheduler deadline registered
Jul 06 21:24:38 witherspoon kernel: io scheduler cfq registered (default)
Jul 06 21:24:38 witherspoon kernel: ipmi-bt-host 1e789140.ibt: Found bt bmc device
Jul 06 21:24:38 witherspoon kernel: ipmi-bt-host 1e789140.ibt: Using IRQ 22
Jul 06 21:24:38 witherspoon kernel: Serial: 8250/16550 driver, 6 ports, IRQ sharing enabled
Jul 06 21:24:38 witherspoon kernel: 1e783000.serial: ttyS0 at MMIO 0x1e783000 (irq = 23, base_baud = 1500000) is a 16550A
Jul 06 21:24:38 witherspoon kernel: 1e78d000.serial: ttyS1 at MMIO 0x1e78d000 (irq = 24, base_baud = 1500000) is a 16550A
Jul 06 21:24:38 witherspoon kernel: 1e784000.serial: ttyS4 at MMIO 0x1e784000 (irq = 25, base_baud = 1500000) is a 16550A
Jul 06 21:24:38 witherspoon kernel: console [ttyS4] enabled
Jul 06 21:24:38 witherspoon kernel: 1e787000.vuart: ttyS2 at MMIO 0x1e787000 (irq = 22, base_baud = 1500000) is a 16550A
Jul 06 21:24:38 witherspoon kernel: timeriomem_rng 1e6e2078.hwrng: 32bits from 0xf00e2078 @ 1us
Jul 06 21:24:38 witherspoon kernel: brd: module loaded
Jul 06 21:24:38 witherspoon kernel: loop: module loaded
Jul 06 21:24:38 witherspoon kernel: aspeed-lpc-ctrl 1e789080.lpc-ctrl: Loaded at 0x98000000 (0x04000000)
Jul 06 21:24:38 witherspoon kernel: aspeed-smc 1e620000.flash-controller: Using IRQ 18
Jul 06 21:24:38 witherspoon kernel: aspeed-smc 1e620000.flash-controller: DMA support disabled.
Jul 06 21:24:38 witherspoon kernel: aspeed-smc 1e620000.flash-controller: mx25l25635e (32768 Kbytes)
Jul 06 21:24:38 witherspoon kernel: aspeed-smc 1e620000.flash-controller: CE0 window [ 0x20000000 - 0x22000000 ] 32MB
Jul 06 21:24:38 witherspoon kernel: aspeed-smc 1e620000.flash-controller: CE1 window [ 0x22000000 - 0x2a000000 ] 128MB
Jul 06 21:24:38 witherspoon kernel: 5 ofpart partitions found on MTD device bmc
Jul 06 21:24:38 witherspoon kernel: Creating 5 MTD partitions on "bmc":
Jul 06 21:24:38 witherspoon kernel: 0x000000000000-0x000000060000 : "u-boot"
Jul 06 21:24:38 witherspoon kernel: 0x000000060000-0x000000080000 : "u-boot-env"
Jul 06 21:24:38 witherspoon kernel: 0x000000080000-0x0000004c0000 : "kernel"
Jul 06 21:24:38 witherspoon kernel: 0x0000004c0000-0x000001c00000 : "rofs"
Jul 06 21:24:38 witherspoon kernel: 0x000001c00000-0x000002000000 : "rwfs"
Jul 06 21:24:38 witherspoon kernel: aspeed-smc 1e620000.flash-controller: mx25l25635e (32768 Kbytes)
Jul 06 21:24:38 witherspoon kernel: aspeed-smc 1e620000.flash-controller: CE1 window [ 0x22000000 - 0x24000000 ] 32MB
Jul 06 21:24:38 witherspoon kernel: aspeed-smc 1e620000.flash-controller: CE2 window [ 0x24000000 - 0x2c000000 ] 128MB
Jul 06 21:24:38 witherspoon kernel: aspeed-smc 1e630000.flash-controller: mx66l1g45g (131072 Kbytes)
Jul 06 21:24:38 witherspoon kernel: aspeed-smc 1e630000.flash-controller: CE0 window resized to 120MB (AST2500 HW quirk)
Jul 06 21:24:38 witherspoon kernel: aspeed-smc 1e630000.flash-controller: CE0 window [ 0x30000000 - 0x37800000 ] 120MB
Jul 06 21:24:38 witherspoon kernel: aspeed-smc 1e630000.flash-controller: CE0 window too small for chip 128MB
Jul 06 21:24:38 witherspoon kernel: aspeed-smc 1e630000.flash-controller: CE1 window [ 0x37800000 - 0x38000000 ] 8MB
Jul 06 21:24:38 witherspoon kernel: libphy: Fixed MDIO Bus: probed
Jul 06 21:24:38 witherspoon kernel: ftgmac100 1e660000.ethernet: Read MAC address 70:e2:84:14:23:e1 from chip
Jul 06 21:24:38 witherspoon kernel: ftgmac100 1e660000.ethernet: Using NCSI interface
Jul 06 21:24:38 witherspoon kernel: ftgmac100 1e660000.ethernet eth0: irq 20, mapped at f0060000
Jul 06 21:24:38 witherspoon kernel: ehci_hcd: USB 2.0 'Enhanced' Host Controller (EHCI) Driver
Jul 06 21:24:38 witherspoon kernel: ehci-platform: EHCI generic platform driver
Jul 06 21:24:38 witherspoon kernel:  fsi0: can't read slave 00:00 -5
Jul 06 21:24:38 witherspoon kernel: i2c /dev entries driver
Jul 06 21:24:38 witherspoon kernel: aspeed-i2c-bus 1e78a0c0.i2c-bus: i2c bus 2 registered, irq 26
Jul 06 21:24:38 witherspoon kernel: aspeed-i2c-bus 1e78a100.i2c-bus: i2c bus 3 registered, irq 27
Jul 06 21:24:38 witherspoon kernel: aspeed-i2c-bus 1e78a140.i2c-bus: i2c bus 4 registered, irq 28
Jul 06 21:24:38 witherspoon kernel: aspeed-i2c-bus 1e78a180.i2c-bus: i2c bus 5 registered, irq 29
Jul 06 21:24:38 witherspoon kernel: aspeed-i2c-bus 1e78a380.i2c-bus: i2c bus 9 registered, irq 30
Jul 06 21:24:38 witherspoon kernel: aspeed-i2c-bus 1e78a3c0.i2c-bus: i2c bus 10 registered, irq 31
Jul 06 21:24:38 witherspoon kernel: rtc-rv8803 11-0032: Voltage low, temperature compensation stopped.
Jul 06 21:24:38 witherspoon kernel: rtc-rv8803 11-0032: An alarm maybe have been missed.
Jul 06 21:24:38 witherspoon kernel: rtc-rv8803 11-0032: rtc core: registered rx8900 as rtc0
Jul 06 21:24:38 witherspoon kernel: at24 11-0051: 8192 byte 24c64 EEPROM, writable, 1 bytes/write
Jul 06 21:24:38 witherspoon kernel: aspeed-i2c-bus 1e78a400.i2c-bus: i2c bus 11 registered, irq 32
Jul 06 21:24:38 witherspoon kernel: aspeed-i2c-bus 1e78a440.i2c-bus: i2c bus 12 registered, irq 33
Jul 06 21:24:38 witherspoon kernel: aspeed-i2c-bus 1e78a480.i2c-bus: i2c bus 13 registered, irq 34
Jul 06 21:24:38 witherspoon kernel: Driver for 1-wire Dallas network protocol.
Jul 06 21:24:38 witherspoon kernel: lm75 9-004a: hwmon0: sensor 'tmp275'
Jul 06 21:24:38 witherspoon kernel: random: fast init done
Jul 06 21:24:38 witherspoon kernel: ucd9000 11-0064: Device ID UCD90160|2.3.4.0000|110603
Jul 06 21:24:38 witherspoon kernel: leds-pca955x 11-0060: leds-pca955x: Using pca9552 16-bit LED driver at slave address 0x60
Jul 06 21:24:38 witherspoon kernel: leds-pca955x 11-0060: gpios 264...279
Jul 06 21:24:38 witherspoon kernel: usbcore: registered new interface driver usbhid
Jul 06 21:24:38 witherspoon kernel: usbhid: USB HID core driver
Jul 06 21:24:38 witherspoon kernel: dps310: probe of 3-0076 failed with error -5
Jul 06 21:24:38 witherspoon kernel: NET: Registered protocol family 10
Jul 06 21:24:38 witherspoon kernel: Segment Routing with IPv6
Jul 06 21:24:38 witherspoon kernel: NET: Registered protocol family 17
Jul 06 21:24:38 witherspoon kernel: console [netcon0] enabled
Jul 06 21:24:38 witherspoon kernel: netconsole: network logging started
Jul 06 21:24:38 witherspoon kernel: input: gpio-keys as /devices/platform/gpio-keys/input/input0
Jul 06 21:24:38 witherspoon kernel: rtc-rv8803 11-0032: setting system clock to 2017-07-06 21:24:30 UTC (1499376270)
Jul 06 21:24:38 witherspoon kernel: Freeing unused kernel memory: 276K
Jul 06 21:24:38 witherspoon kernel: This architecture does not have kernel memory protection.
Jul 06 21:24:38 witherspoon kernel: jffs2: notice: (513) jffs2_build_xattr_subsystem: complete building xattr subsystem, 0 of xdatum (0 unchecked, 0 orphan) and 0 of xref (0 dead, 0 orphan) found.
Jul 06 21:24:38 witherspoon systemd[1]: Failed to insert module 'autofs4': No such file or directory
Jul 06 21:24:38 witherspoon systemd[1]: systemd 232 running in system mode. (+PAM -AUDIT -SELINUX -IMA -APPARMOR -SMACK +SYSVINIT -UTMP -LIBCRYPTSETUP -GCRYPT -GNUTLS +ACL +XZ -LZ4 -SECCOMP +BLKID -ELFUTILS +KMOD -IDN)
Jul 06 21:24:38 witherspoon systemd[1]: Detected architecture arm.
Jul 06 21:24:38 witherspoon systemd[1]: Set hostname to <witherspoon>.
Jul 06 21:24:38 witherspoon systemd[1]: Listening on Journal Socket (/dev/log).
Jul 06 21:24:38 witherspoon systemd[1]: Listening on Network Service Netlink Socket.
Jul 06 21:24:38 witherspoon systemd[1]: Reached target Swap.
Jul 06 21:24:38 witherspoon systemd[1]: Started Forward Password Requests to Wall Directory Watch.
Jul 06 21:24:38 witherspoon systemd[1]: Reached target Remote File Systems.
Jul 06 21:24:38 witherspoon systemd[1]: Listening on Journal Socket.
Jul 06 21:24:38 witherspoon systemd[1]: Listening on /dev/initctl Compatibility Named Pipe.
Jul 06 21:24:38 witherspoon systemd-journald[534]: Journal started
Jul 06 21:24:38 witherspoon systemd-journald[534]: Runtime journal (/run/log/journal/169f9b5a822f4338824a4e146beb5550) is 0B, max 0B, 0B free.
Jul 06 21:24:39 witherspoon systemd[1]: Created slice system-org.openbmc.control.Chassis.slice.
Jul 06 21:24:39 witherspoon systemd[1]: Created slice system-org.openbmc.buttons.Power.slice.
Jul 06 21:24:39 witherspoon systemd[1]: Mounting Temporary Directory...
Jul 06 21:24:40 witherspoon systemd-sysctl[644]: Couldn't write '16' to 'kernel/sysrq', ignoring: No such file or directory
Jul 06 21:24:40 witherspoon systemd-sysctl[644]: Couldn't write 'fq_codel' to 'net/core/default_qdisc', ignoring: No such file or directory
Jul 06 21:24:40 witherspoon systemd[1]: Starting Apply Kernel Variables...
Jul 06 21:24:40 witherspoon systemd[1]: Created slice system-org.openbmc.control.Power.slice.
Jul 06 21:24:40 witherspoon systemd[1]: Created slice system-phosphor\x2dcooling\x2dtype.slice.
Jul 06 21:24:40 witherspoon systemd[1]: Mounted Debug File System.
Jul 06 21:24:41 witherspoon systemd[1]: Mounted Temporary Directory.
Jul 06 21:24:41 witherspoon systemd[1]: Started Journal Service.
Jul 06 21:24:41 witherspoon systemd[1]: Started Remount Root and Kernel File Systems.
Jul 06 21:24:41 witherspoon systemd[1]: Started Apply Kernel Variables.
Jul 06 21:24:41 witherspoon systemd[1]: Starting Create System Users...
Jul 06 21:24:41 witherspoon systemd[1]: Starting Flush Journal to Persistent Storage...
Jul 06 21:24:42 witherspoon systemd[1]: Started udev Coldplug all Devices.
Jul 06 21:24:42 witherspoon systemd[1]: Started Create System Users.
Jul 06 21:24:42 witherspoon systemd[1]: Starting Create Static Device Nodes in /dev...
Jul 06 21:24:43 witherspoon systemd-journald[534]: Runtime journal (/run/log/journal/169f9b5a822f4338824a4e146beb5550) is 0B, max 0B, 0B free.
Jul 06 21:24:43 witherspoon systemd[1]: Started Flush Journal to Persistent Storage.
Jul 06 21:24:43 witherspoon systemd[1]: Started Create Static Device Nodes in /dev.
Jul 06 21:24:43 witherspoon systemd[1]: Starting udev Kernel Device Manager...
Jul 06 21:24:43 witherspoon systemd[1]: Reached target Local File Systems (Pre).
Jul 06 21:24:43 witherspoon systemd[1]: Mounting /var/volatile...
Jul 06 21:24:44 witherspoon systemd[1]: Mounted /var/volatile.
Jul 06 21:24:44 witherspoon systemd[1]: Starting Load/Save Random Seed...
Jul 06 21:24:44 witherspoon systemd[1]: Reached target Local File Systems.
Jul 06 21:24:44 witherspoon systemd[1]: Starting Create Volatile Files and Directories...
Jul 06 21:24:44 witherspoon systemd[1]: Starting Rebuild Journal Catalog...
Jul 06 21:24:44 witherspoon systemd[1]: Started Load/Save Random Seed.
Jul 06 21:24:45 witherspoon systemd[1]: Started Rebuild Journal Catalog.
Jul 06 21:24:45 witherspoon systemd[1]: Starting Update is Completed...
Jul 06 21:24:45 witherspoon systemd-tmpfiles[876]: "/var/tmp" already exists and is not a directory.
Jul 06 21:24:45 witherspoon systemd-tmpfiles[876]: "/var/log" already exists and is not a directory.
Jul 06 21:24:45 witherspoon systemd[1]: Started Create Volatile Files and Directories.
Jul 06 21:24:45 witherspoon systemd[1]: Starting Network Time Synchronization...
Jul 06 21:24:45 witherspoon systemd[1]: Starting Run pending postinsts...
Jul 06 21:24:45 witherspoon systemd[1]: Started udev Kernel Device Manager.
Jul 06 21:24:47 witherspoon systemd[1]: Started Network Time Synchronization.
Jul 06 21:24:47 witherspoon systemd[1]: Started Update is Completed.
Jul 06 21:24:47 witherspoon systemd[1]: Reached target System Time Synchronized.
Jul 06 21:24:47 witherspoon systemd[1]: dev-hugepages.mount: Couldn't determine result for ConditionVirtualization=!private-users, assuming failed: No such file or directory
Jul 06 21:24:47 witherspoon systemd[1]: Created slice system-xyz.openbmc_project.Hwmon.slice.
Jul 06 21:24:47 witherspoon systemd[1]: Found device /dev/aspeed-lpc-ctrl.
Jul 06 21:24:47 witherspoon systemd[1]: Found device /dev/aspeed-mbox.
Jul 06 21:24:47 witherspoon systemd[1]: Found device /dev/ttyS4.
Jul 06 21:24:47 witherspoon systemd[1]: Found device /dev/ttyVUART0.
Jul 06 21:24:48 witherspoon systemd[1]: dev-hugepages.mount: Couldn't determine result for ConditionVirtualization=!private-users, assuming failed: No such file or directory
Jul 06 21:24:48 witherspoon systemd[1]: dev-hugepages.mount: Couldn't determine result for ConditionVirtualization=!private-users, assuming failed: No such file or directory
Jul 06 21:24:48 witherspoon systemd[1]: dev-hugepages.mount: Couldn't determine result for ConditionVirtualization=!private-users, assuming failed: No such file or directory
Jul 06 21:24:49 witherspoon systemd[1]: Created slice system-xyz.openbmc_project.led.controller.slice.
Jul 06 21:24:49 witherspoon systemd[1]: dev-hugepages.mount: Couldn't determine result for ConditionVirtualization=!private-users, assuming failed: No such file or directory
Jul 06 21:24:49 witherspoon run-postinsts[884]: Running postinst /etc/rpm-postinsts/libglib-2.0-0...
Jul 06 21:24:49 witherspoon run-postinsts[884]: rm: can't remove '/etc/rpm-postinsts': Invalid argument
Jul 06 21:24:50 witherspoon run-postinsts[884]:  Removing any system startup links for run-postinsts ...
Jul 06 21:24:50 witherspoon systemctl[914]: Removed /etc/systemd/system/sysinit.target.wants/run-postinsts.service.
Jul 06 21:24:50 witherspoon systemd[1]: Reloading.
Jul 06 21:24:52 witherspoon systemd[1]: Started Run pending postinsts.
Jul 06 21:24:52 witherspoon systemd[1]: Reached target System Initialization.
Jul 06 21:24:52 witherspoon systemd[1]: Listening on D-Bus System Message Bus Socket.
Jul 06 21:24:52 witherspoon systemd[1]: Listening on dropbear.socket.
Jul 06 21:24:52 witherspoon systemd[1]: Listening on Phosphor Webserver socket.
Jul 06 21:24:52 witherspoon systemd[1]: Started Daily Cleanup of Temporary Directories.
Jul 06 21:24:52 witherspoon systemd[1]: Reached target Timers.
Jul 06 21:24:53 witherspoon systemd[1]: Listening on Phosphor Host Console SSH Per-Connection socket.
Jul 06 21:24:53 witherspoon systemd[1]: Listening on Phosphor DBUS Browser socket.
Jul 06 21:24:53 witherspoon systemd[1]: Listening on phosphor-ipmi-net.socket.
Jul 06 21:24:53 witherspoon systemd[1]: Listening on Avahi mDNS/DNS-SD Stack Activation Socket.
Jul 06 21:24:53 witherspoon systemd[1]: Reached target Sockets.
Jul 06 21:24:53 witherspoon systemd[1]: Reached target Basic System.
Jul 06 21:24:53 witherspoon systemd[1]: Starting Avahi mDNS/DNS-SD Stack...
Jul 06 21:24:53 witherspoon systemd[1]: Started Phosphor Hwmon Poller.
Jul 06 21:24:53 witherspoon systemd[1]: Starting Phosphor DBus Service Discovery Manager...
Jul 06 21:24:53 witherspoon systemd[1]: Started Phosphor Hwmon Poller.
Jul 06 21:24:53 witherspoon systemd[1]: Starting Phosphor Chassis0 Control...
Jul 06 21:24:53 witherspoon systemd[1]: Starting Phosphor IPMI BT DBus Bridge...
Jul 06 21:24:53 witherspoon systemd[1]: Started Phosphor Hwmon Poller.
Jul 06 21:24:53 witherspoon systemd[1]: Started Phosphor Console Muxer listening on device /dev/ttyVUART0.
Jul 06 21:24:53 witherspoon systemd[1]: Starting OpenBMC Software Update Manager...
Jul 06 21:24:53 witherspoon systemd[1]: Started Kernel Logging Service.
Jul 06 21:24:53 witherspoon systemd[1]: Started D-Bus System Message Bus.
Jul 06 21:24:54 witherspoon kernel[935]: klogd started: BusyBox v1.24.1 (2017-06-16 19:29:08 UTC)
Jul 06 21:24:54 witherspoon kernel[935]: [    0.000000] Booting Linux on physical CPU 0x0
Jul 06 21:24:54 witherspoon kernel[935]: [    0.000000] Linux version 4.10.17-990f06c35b7e119f00967e90f0514dbbd2e1b51b (jenkins@openbmc-builder1) (gcc version 6.2.0 (GCC) ) #1 Thu Jul 6 19:11:41 UTC 2017
Jul 06 21:24:54 witherspoon kernel[935]: [    0.000000] CPU: ARMv6-compatible processor [410fb767] revision 7 (ARMv7), cr=00c5387d
Jul 06 21:24:54 witherspoon kernel[935]: [    0.000000] CPU: PIPT / VIPT nonaliasing data cache, VIPT nonaliasing instruction cache
Jul 06 21:24:54 witherspoon kernel[935]: [    0.000000] OF: fdt:Machine model: Witherspoon BMC
Jul 06 21:24:54 witherspoon kernel[935]: [    0.000000] Memory policy: Data cache writeback
Jul 06 21:24:54 witherspoon kernel[935]: [    0.000000] SOC Rev: 04030303
Jul 06 21:24:54 witherspoon kernel[935]: [    0.000000] On node 0 totalpages: 110592
Jul 06 21:24:54 witherspoon kernel[935]: [    0.000000] free_area_init_node: node 0, pgdat 805f33fc, node_mem_map 9ec1a000
Jul 06 21:24:55 witherspoon kernel[935]: [    0.000000]   Normal zone: 992 pages used for memmap
Jul 06 21:24:55 witherspoon kernel[935]: [    0.000000]   Normal zone: 0 pages reserved
Jul 06 21:24:55 witherspoon kernel[935]: [    0.000000]   Normal zone: 110592 pages, LIFO batch:31
Jul 06 21:24:55 witherspoon kernel[935]: [    0.000000] pcpu-alloc: s0 r0 d32768 u32768 alloc=1*32768
Jul 06 21:24:55 witherspoon kernel[935]: [    0.000000] pcpu-alloc: [0] 0
Jul 06 21:24:55 witherspoon kernel[935]: [    0.000000] Built 1 zonelists in Zone order, mobility grouping on.  Total pages: 109600
Jul 06 21:24:55 witherspoon kernel[935]: [    0.000000] Kernel command line: console=ttyS4,115200n8 root=/dev/ram rw
Jul 06 21:24:55 witherspoon kernel[935]: [    0.000000] PID hash table entries: 2048 (order: 1, 8192 bytes)
Jul 06 21:24:55 witherspoon kernel[935]: [    0.000000] Dentry cache hash table entries: 65536 (order: 6, 262144 bytes)
Jul 06 21:24:55 witherspoon kernel[935]: [    0.000000] Inode-cache hash table entries: 32768 (order: 5, 131072 bytes)
Jul 06 21:24:55 witherspoon kernel[935]: [    0.000000] Memory: 430508K/442368K available (4048K kernel code, 280K rwdata, 1172K rodata, 276K init, 111K bss, 11860K reserved, 0K cma-reserved)
Jul 06 21:24:55 witherspoon kernel[935]: [    0.000000] Virtual kernel memory layout:
Jul 06 21:24:55 witherspoon kernel[935]: [    0.000000]     vector  : 0xffff0000 - 0xffff1000   (   4 kB)
Jul 06 21:24:55 witherspoon kernel[935]: [    0.000000]     fixmap  : 0xffc00000 - 0xfff00000   (3072 kB)
Jul 06 21:24:55 witherspoon kernel[935]: [    0.000000]     vmalloc : 0x9f800000 - 0xff800000   (1536 MB)
Jul 06 21:24:55 witherspoon kernel[935]: [    0.000000]     lowmem  : 0x80000000 - 0x9f000000   ( 496 MB)
Jul 06 21:24:55 witherspoon kernel[935]: [    0.000000]       .text : 0x80008000 - 0x803fc590   (4050 kB)
Jul 06 21:24:55 witherspoon kernel[935]: [    0.000000]       .init : 0x8057b000 - 0x805c0000   ( 276 kB)
Jul 06 21:24:55 witherspoon kernel[935]: [    0.000000]       .data : 0x805c0000 - 0x806061a8   ( 281 kB)
Jul 06 21:24:55 witherspoon kernel[935]: [    0.000000]        .bss : 0x806061a8 - 0x80622078   ( 112 kB)
Jul 06 21:24:55 witherspoon kernel[935]: [    0.000000] NR_IRQS:16 nr_irqs:16 16
Jul 06 21:24:55 witherspoon kernel[935]: [    0.000000] i2c controller registered, irq 16
Jul 06 21:24:55 witherspoon kernel[935]: [    0.000000] clocksource: moxart_timer: mask: 0xffffffff max_cycles: 0xffffffff, max_idle_ns: 77222644334 ns
Jul 06 21:24:55 witherspoon kernel[935]: [    0.000000] sched_clock: 32 bits at 100 Hz, resolution 10000000ns, wraps every 21474836475000000ns
Jul 06 21:24:55 witherspoon kernel[935]: [    0.090000] Calibrating delay loop... 789.70 BogoMIPS (lpj=3948544)
Jul 06 21:24:55 witherspoon kernel[935]: [    0.090000] pid_max: default: 32768 minimum: 301
Jul 06 21:24:55 witherspoon kernel[935]: [    0.090000] Mount-cache hash table entries: 1024 (order: 0, 4096 bytes)
Jul 06 21:24:55 witherspoon kernel[935]: [    0.090000] Mountpoint-cache hash table entries: 1024 (order: 0, 4096 bytes)
Jul 06 21:24:55 witherspoon kernel[935]: [    0.090000] CPU: Testing write buffer coherency: ok
Jul 06 21:24:55 witherspoon kernel[935]: [    0.090000] ftrace: allocating 14867 entries in 44 pages
Jul 06 21:24:55 witherspoon kernel[935]: [    0.120000] Setting up static identity map for 0x80008200 - 0x8000825c
Jul 06 21:24:55 witherspoon kernel[935]: [    0.120000] devtmpfs: initialized
Jul 06 21:24:55 witherspoon kernel[935]: [    0.130000] clocksource: jiffies: mask: 0xffffffff max_cycles: 0xffffffff, max_idle_ns: 19112604462750000 ns
Jul 06 21:24:55 witherspoon kernel[935]: [    0.130000] futex hash table entries: 256 (order: -1, 3072 bytes)
Jul 06 21:24:55 witherspoon kernel[935]: [    0.130000] pinctrl core: initialized pinctrl subsystem
Jul 06 21:24:55 witherspoon kernel[935]: [    0.140000] NET: Registered protocol family 16
Jul 06 21:24:55 witherspoon kernel[935]: [    0.140000] DMA: preallocated 256 KiB pool for atomic coherent allocations
Jul 06 21:24:55 witherspoon kernel[935]: [    0.200000] usbcore: registered new interface driver usbfs
Jul 06 21:24:55 witherspoon kernel[935]: [    0.200000] usbcore: registered new interface driver hub
Jul 06 21:24:55 witherspoon kernel[935]: [    0.200000] usbcore: registered new device driver usb
Jul 06 21:24:55 witherspoon kernel[935]: [    0.210000] clocksource: Switched to clocksource moxart_timer
Jul 06 21:24:55 witherspoon kernel[935]: [    0.230000] NET: Registered protocol family 2
Jul 06 21:24:55 witherspoon kernel[935]: [    0.230000] TCP established hash table entries: 4096 (order: 2, 16384 bytes)
Jul 06 21:24:55 witherspoon kernel[935]: [    0.230000] TCP bind hash table entries: 4096 (order: 2, 16384 bytes)
Jul 06 21:24:55 witherspoon kernel[935]: [    0.230000] TCP: Hash tables configured (established 4096 bind 4096)
Jul 06 21:24:55 witherspoon kernel[935]: [    0.230000] UDP hash table entries: 256 (order: 0, 4096 bytes)
Jul 06 21:24:55 witherspoon kernel[935]: [    0.230000] UDP-Lite hash table entries: 256 (order: 0, 4096 bytes)
Jul 06 21:24:55 witherspoon kernel[935]: [    0.230000] NET: Registered protocol family 1
Jul 06 21:24:55 witherspoon kernel[935]: [    0.230000] Trying to unpack rootfs image as initramfs...
Jul 06 21:24:55 witherspoon kernel[935]: [    1.900000] Freeing initrd memory: 1548K
Jul 06 21:24:55 witherspoon kernel[935]: [    1.900000] workingset: timestamp_bits=30 max_order=17 bucket_order=0
Jul 06 21:24:55 witherspoon kernel[935]: [    1.900000] squashfs: version 4.0 (2009/01/31) Phillip Lougher
Jul 06 21:24:55 witherspoon kernel[935]: [    1.900000] jffs2: version 2.2. (SUMMARY)  © 2001-2006 Red Hat, Inc.
Jul 06 21:24:55 witherspoon kernel[935]: [    1.900000] Block layer SCSI generic (bsg) driver version 0.4 loaded (major 250)
Jul 06 21:24:55 witherspoon kernel[935]: [    1.900000] io scheduler noop registered
Jul 06 21:24:55 witherspoon kernel[935]: [    1.900000] io scheduler deadline registered
Jul 06 21:24:55 witherspoon kernel[935]: [    1.900000] io scheduler cfq registered (default)
Jul 06 21:24:55 witherspoon kernel[935]: [    2.050000] ipmi-bt-host 1e789140.ibt: Found bt bmc device
Jul 06 21:24:55 witherspoon kernel[935]: [    2.050000] ipmi-bt-host 1e789140.ibt: Using IRQ 22
Jul 06 21:24:55 witherspoon kernel[935]: [    2.050000] Serial: 8250/16550 driver, 6 ports, IRQ sharing enabled
Jul 06 21:24:55 witherspoon kernel[935]: [    2.050000] 1e783000.serial: ttyS0 at MMIO 0x1e783000 (irq = 23, base_baud = 1500000) is a 16550A
Jul 06 21:24:55 witherspoon kernel[935]: [    2.050000] 1e78d000.serial: ttyS1 at MMIO 0x1e78d000 (irq = 24, base_baud = 1500000) is a 16550A
Jul 06 21:24:55 witherspoon kernel[935]: [    2.050000] 1e784000.serial: ttyS4 at MMIO 0x1e784000 (irq = 25, base_baud = 1500000) is a 16550A
Jul 06 21:24:55 witherspoon kernel[935]: [    2.390000] console [ttyS4] enabled
Jul 06 21:24:55 witherspoon kernel[935]: [    2.390000] 1e787000.vuart: ttyS2 at MMIO 0x1e787000 (irq = 22, base_baud = 1500000) is a 16550A
Jul 06 21:24:55 witherspoon kernel[935]: [    2.600000] timeriomem_rng 1e6e2078.hwrng: 32bits from 0xf00e2078 @ 1us
Jul 06 21:24:55 witherspoon kernel[935]: [    2.640000] brd: module loaded
Jul 06 21:24:55 witherspoon kernel[935]: [    2.660000] loop: module loaded
Jul 06 21:24:55 witherspoon kernel[935]: [    2.660000] aspeed-lpc-ctrl 1e789080.lpc-ctrl: Loaded at 0x98000000 (0x04000000)
Jul 06 21:24:55 witherspoon kernel[935]: [    2.660000] aspeed-smc 1e620000.flash-controller: Using IRQ 18
Jul 06 21:24:55 witherspoon kernel[935]: [    2.690000] aspeed-smc 1e620000.flash-controller: DMA support disabled.
Jul 06 21:24:55 witherspoon kernel[935]: [    2.690000] aspeed-smc 1e620000.flash-controller: mx25l25635e (32768 Kbytes)
Jul 06 21:24:55 witherspoon kernel[935]: [    2.690000] aspeed-smc 1e620000.flash-controller: CE0 window [ 0x20000000 - 0x22000000 ] 32MB
Jul 06 21:24:55 witherspoon kernel[935]: [    2.690000] aspeed-smc 1e620000.flash-controller: CE1 window [ 0x22000000 - 0x2a000000 ] 128MB
Jul 06 21:24:55 witherspoon kernel[935]: [    2.690000] 5 ofpart partitions found on MTD device bmc
Jul 06 21:24:55 witherspoon kernel[935]: [    2.730000] Creating 5 MTD partitions on "bmc":
Jul 06 21:24:55 witherspoon kernel[935]: [    2.730000] 0x000000000000-0x000000060000 : "u-boot"
Jul 06 21:24:55 witherspoon kernel[935]: [    2.730000] 0x000000060000-0x000000080000 : "u-boot-env"
Jul 06 21:24:55 witherspoon kernel[935]: [    2.730000] 0x000000080000-0x0000004c0000 : "kernel"
Jul 06 21:24:55 witherspoon kernel[935]: [    2.730000] 0x0000004c0000-0x000001c00000 : "rofs"
Jul 06 21:24:55 witherspoon kernel[935]: [    2.770000] 0x000001c00000-0x000002000000 : "rwfs"
Jul 06 21:24:55 witherspoon kernel[935]: [    2.770000] aspeed-smc 1e620000.flash-controller: mx25l25635e (32768 Kbytes)
Jul 06 21:24:55 witherspoon kernel[935]: [    2.770000] aspeed-smc 1e620000.flash-controller: CE1 window [ 0x22000000 - 0x24000000 ] 32MB
Jul 06 21:24:55 witherspoon kernel[935]: [    2.770000] aspeed-smc 1e620000.flash-controller: CE2 window [ 0x24000000 - 0x2c000000 ] 128MB
Jul 06 21:24:55 witherspoon kernel[935]: [    2.770000] aspeed-smc 1e630000.flash-controller: mx66l1g45g (131072 Kbytes)
Jul 06 21:24:55 witherspoon kernel[935]: [    2.820000] aspeed-smc 1e630000.flash-controller: CE0 window resized to 120MB (AST2500 HW quirk)
Jul 06 21:24:55 witherspoon kernel[935]: [    2.820000] aspeed-smc 1e630000.flash-controller: CE0 window [ 0x30000000 - 0x37800000 ] 120MB
Jul 06 21:24:55 witherspoon kernel[935]: [    2.820000] aspeed-smc 1e630000.flash-controller: CE0 window too small for chip 128MB
Jul 06 21:24:55 witherspoon kernel[935]: [    2.820000] aspeed-smc 1e630000.flash-controller: CE1 window [ 0x37800000 - 0x38000000 ] 8MB
Jul 06 21:24:55 witherspoon kernel[935]: [    3.620000] libphy: Fixed MDIO Bus: probed
Jul 06 21:24:55 witherspoon kernel[935]: [    3.620000] ftgmac100 1e660000.ethernet: Read MAC address 70:e2:84:14:23:e1 from chip
Jul 06 21:24:55 witherspoon kernel[935]: [    3.620000] ftgmac100 1e660000.ethernet: Using NCSI interface
Jul 06 21:24:55 witherspoon kernel[935]: [    3.620000] ftgmac100 1e660000.ethernet eth0: irq 20, mapped at f0060000
Jul 06 21:24:55 witherspoon kernel[935]: [    3.620000] ehci_hcd: USB 2.0 'Enhanced' Host Controller (EHCI) Driver
Jul 06 21:24:55 witherspoon kernel[935]: [    3.620000] ehci-platform: EHCI generic platform driver
Jul 06 21:24:55 witherspoon kernel[935]: [    3.820000]  fsi0: can't read slave 00:00 -5
Jul 06 21:24:55 witherspoon kernel[935]: [    3.820000] i2c /dev entries driver
Jul 06 21:24:55 witherspoon kernel[935]: [    3.820000] aspeed-i2c-bus 1e78a0c0.i2c-bus: i2c bus 2 registered, irq 26
Jul 06 21:24:55 witherspoon kernel[935]: [    3.820000] aspeed-i2c-bus 1e78a100.i2c-bus: i2c bus 3 registered, irq 27
Jul 06 21:24:55 witherspoon kernel[935]: [    3.820000] aspeed-i2c-bus 1e78a140.i2c-bus: i2c bus 4 registered, irq 28
Jul 06 21:24:55 witherspoon kernel[935]: [    3.820000] aspeed-i2c-bus 1e78a180.i2c-bus: i2c bus 5 registered, irq 29
Jul 06 21:24:55 witherspoon kernel[935]: [    3.820000] aspeed-i2c-bus 1e78a380.i2c-bus: i2c bus 9 registered, irq 30
Jul 06 21:24:55 witherspoon kernel[935]: [    3.820000] aspeed-i2c-bus 1e78a3c0.i2c-bus: i2c bus 10 registered, irq 31
Jul 06 21:24:55 witherspoon kernel[935]: [    3.820000] rtc-rv8803 11-0032: Voltage low, temperature compensation stopped.
Jul 06 21:24:55 witherspoon kernel[935]: [    3.820000] rtc-rv8803 11-0032: An alarm maybe have been missed.
Jul 06 21:24:55 witherspoon kernel[935]: [    3.930000] rtc-rv8803 11-0032: rtc core: registered rx8900 as rtc0
Jul 06 21:24:55 witherspoon kernel[935]: [    3.940000] at24 11-0051: 8192 byte 24c64 EEPROM, writable, 1 bytes/write
Jul 06 21:24:55 witherspoon kernel[935]: [    3.940000] aspeed-i2c-bus 1e78a400.i2c-bus: i2c bus 11 registered, irq 32
Jul 06 21:24:55 witherspoon kernel[935]: [    3.950000] aspeed-i2c-bus 1e78a440.i2c-bus: i2c bus 12 registered, irq 33
Jul 06 21:24:55 witherspoon kernel[935]: [    3.950000] aspeed-i2c-bus 1e78a480.i2c-bus: i2c bus 13 registered, irq 34
Jul 06 21:24:55 witherspoon kernel[935]: [    3.970000] Driver for 1-wire Dallas network protocol.
Jul 06 21:24:55 witherspoon kernel[935]: [    3.970000] lm75 9-004a: hwmon0: sensor 'tmp275'
Jul 06 21:24:57 witherspoon systemd[1]: Started Phosphor IPMI BT DBus Bridge.
Jul 06 21:24:55 witherspoon kernel[935]: [    4.010000] random: fast init done
Jul 06 21:24:57 witherspoon systemd[1]: Started Avahi mDNS/DNS-SD Stack.
Jul 06 21:24:55 witherspoon kernel[935]: [    4.400000] ucd9000 11-0064: Device ID UCD90160|2.3.4.0000|110603
Jul 06 21:24:58 witherspoon systemd[1]: Starting Network Service...
Jul 06 21:24:55 witherspoon kernel[935]: [    4.720000] leds-pca955x 11-0060: leds-pca955x: Using pca9552 16-bit LED driver at slave address 0x60
Jul 06 21:24:55 witherspoon kernel[935]: [    4.740000] leds-pca955x 11-0060: gpios 264...279
Jul 06 21:24:55 witherspoon kernel[935]: [    4.740000] usbcore: registered new interface driver usbhid
Jul 06 21:24:55 witherspoon kernel[935]: [    4.750000] usbhid: USB HID core driver
Jul 06 21:24:55 witherspoon kernel[935]: [    4.790000] dps310: probe of 3-0076 failed with error -5
Jul 06 21:24:55 witherspoon kernel[935]: [    4.790000] NET: Registered protocol family 10
Jul 06 21:24:55 witherspoon kernel[935]: [    4.800000] Segment Routing with IPv6
Jul 06 21:24:55 witherspoon kernel[935]: [    4.800000] NET: Registered protocol family 17
Jul 06 21:24:55 witherspoon kernel[935]: [    4.800000] console [netcon0] enabled
Jul 06 21:24:55 witherspoon kernel[935]: [    4.800000] netconsole: network logging started
Jul 06 21:24:55 witherspoon kernel[935]: [    4.820000] input: gpio-keys as /devices/platform/gpio-keys/input/input0
Jul 06 21:24:55 witherspoon kernel[935]: [    4.830000] rtc-rv8803 11-0032: setting system clock to 2017-07-06 21:24:30 UTC (1499376270)
Jul 06 21:24:55 witherspoon kernel[935]: [    4.840000] Freeing unused kernel memory: 276K
Jul 06 21:24:55 witherspoon kernel[935]: [    4.840000] This architecture does not have kernel memory protection.
Jul 06 21:24:55 witherspoon kernel[935]: [    6.300000] jffs2: notice: (513) jffs2_build_xattr_subsystem: complete building xattr subsystem, 0 of xdatum (0 unchecked, 0 orphan) and 0 of xref (0 dead, 0 orphan) found.
Jul 06 21:24:55 witherspoon kernel[935]: [    8.580000] systemd[1]: Failed to insert module 'autofs4': No such file or directory
Jul 06 21:24:55 witherspoon kernel[935]: [    8.580000] systemd[1]: systemd 232 running in system mode. (+PAM -AUDIT -SELINUX -IMA -APPARMOR -SMACK +SYSVINIT -UTMP -LIBCRYPTSETUP -GCRYPT -GNUTLS +ACL +XZ -LZ4 -SECCOMP +BLKID -ELFUTILS +KMOD -IDN)
Jul 06 21:24:55 witherspoon kernel[935]: [    8.820000] systemd[1]: Detected architecture arm.
Jul 06 21:24:55 witherspoon kernel[935]: [    8.870000] systemd[1]: Set hostname to <witherspoon>.
Jul 06 21:24:55 witherspoon kernel[935]: [   10.310000] systemd[1]: Listening on Journal Socket (/dev/log).
Jul 06 21:24:55 witherspoon kernel[935]: [   10.440000] systemd[1]: Listening on Network Service Netlink Socket.
Jul 06 21:24:55 witherspoon kernel[935]: [   10.480000] systemd[1]: Reached target Swap.
Jul 06 21:24:55 witherspoon kernel[935]: [   10.510000] systemd[1]: Started Forward Password Requests to Wall Directory Watch.
Jul 06 21:24:55 witherspoon kernel[935]: [   10.560000] systemd[1]: Reached target Remote File Systems.
Jul 06 21:24:55 witherspoon kernel[935]: [   10.590000] systemd[1]: Listening on Journal Socket.
Jul 06 21:24:55 witherspoon kernel[935]: [   10.620000] systemd[1]: Listening on /dev/initctl Compatibility Named Pipe.
Jul 06 21:24:55 witherspoon kernel[935]: [   13.620000] systemd[1]: Created slice system-org.openbmc.control.Chassis.slice.
Jul 06 21:24:55 witherspoon kernel[935]: [   13.830000] systemd[1]: Created slice system-org.openbmc.buttons.Power.slice.
Jul 06 21:24:55 witherspoon kernel[935]: [   14.040000] systemd[1]: Mounting Temporary Directory...
Jul 06 21:24:55 witherspoon kernel[935]: [   14.260000] systemd[1]: Starting Apply Kernel Variables...
Jul 06 21:24:55 witherspoon kernel[935]: [   14.490000] systemd[1]: Created slice system-org.openbmc.control.Power.slice.
Jul 06 21:24:55 witherspoon kernel[935]: [   14.720000] systemd[1]: Created slice system-phosphor\x2dcooling\x2dtype.slice.
Jul 06 21:24:55 witherspoon kernel[935]: [   14.960000] systemd[1]: Mounted Debug File System.
Jul 06 21:24:55 witherspoon kernel[935]: [   15.210000] systemd[1]: Mounted Temporary Directory.
Jul 06 21:24:55 witherspoon kernel[935]: [   15.460000] systemd[1]: Started Journal Service.
Jul 06 21:24:55 witherspoon kernel[935]: [   17.420000] systemd-journald[534]: Received request to flush runtime journal from PID 1
Jul 06 21:24:56 witherspoon avahi-daemon[926]: Found user 'avahi' (UID 998) and group 'avahi' (GID 997).
Jul 06 21:24:56 witherspoon avahi-daemon[926]: Successfully dropped root privileges.
Jul 06 21:24:56 witherspoon avahi-daemon[926]: avahi-daemon 0.6.32 starting up.
Jul 06 21:24:57 witherspoon avahi-daemon[926]: Successfully called chroot().
Jul 06 21:24:57 witherspoon avahi-daemon[926]: Successfully dropped remaining capabilities.
Jul 06 21:24:57 witherspoon avahi-daemon[926]: Loading service file /services/obmc_console.service.
Jul 06 21:24:57 witherspoon avahi-daemon[926]: Loading service file /services/phosphor_rest.service.
Jul 06 21:24:57 witherspoon avahi-daemon[926]: Loading service file /services/sftp-ssh.service.
Jul 06 21:24:57 witherspoon avahi-daemon[926]: Loading service file /services/sftp.service.
Jul 06 21:24:57 witherspoon avahi-daemon[926]: Loading service file /services/ssh.service.
Jul 06 21:24:57 witherspoon avahi-daemon[926]: Network interface enumeration completed.
Jul 06 21:24:57 witherspoon avahi-daemon[926]: Server startup complete. Host name is witherspoon.local. Local service cookie is 983171326.
Jul 06 21:24:57 witherspoon avahi-daemon[926]: Service "witherspoon" (/services/ssh.service) successfully established.
Jul 06 21:24:57 witherspoon avahi-daemon[926]: Service "sftp" (/services/sftp.service) successfully established.
Jul 06 21:24:57 witherspoon avahi-daemon[926]: Service "witherspoon" (/services/sftp-ssh.service) successfully established.
Jul 06 21:24:57 witherspoon avahi-daemon[926]: Service "phosphor_rest" (/services/phosphor_rest.service) successfully established.
Jul 06 21:24:58 witherspoon systemd[1]: Started System Logging Service.
Jul 06 21:24:57 witherspoon avahi-daemon[926]: Service "obmc_console" (/services/obmc_console.service) successfully established.
Jul 06 21:24:58 witherspoon systemd[1]: Reached target Containers.
Jul 06 21:24:58 witherspoon systemd[1]: Started Phosphor Hwmon Poller.
Jul 06 21:24:59 witherspoon systemd[1]: Starting Clear one time boot overrides...
Jul 06 21:24:59 witherspoon systemd[1]: Starting Phosphor Inventory Manager...
Jul 06 21:24:59 witherspoon systemd-networkd[938]: Enumeration completed
Jul 06 21:24:59 witherspoon systemd[1]: Started Phosphor MBOX Daemon.
Jul 06 21:24:59 witherspoon kernel: random: crng init done
Jul 06 21:24:59 witherspoon avahi-daemon[926]: Joining mDNS multicast group on interface eth0.IPv4 with address 9.3.86.161.
Jul 06 21:24:59 witherspoon systemd-networkd[938]: eth0: IPv6 enabled for interface: Success
Jul 06 21:24:59 witherspoon avahi-daemon[926]: New relevant interface eth0.IPv4 for mDNS.
Jul 06 21:24:59 witherspoon systemd[1]: Starting Phosphor Sensor Manager...
Jul 06 21:24:59 witherspoon avahi-daemon[926]: Registering new address record for 9.3.86.161 on eth0.IPv4.
Jul 06 21:24:59 witherspoon systemd-networkd[938]: eth0: Gained carrier
Jul 06 21:24:59 witherspoon kernel[935]: [   34.020000] random: crng init done
Jul 06 21:24:59 witherspoon systemd[1]: Starting Phosphor Dump Manager...
Jul 06 21:24:59 witherspoon systemd-timesyncd[881]: Network configuration changed, trying to establish connection.
Jul 06 21:24:59 witherspoon systemd[1]: Starting Phosphor Download Manager...
Jul 06 21:24:59 witherspoon systemd[1]: Started Hardware RNG Entropy Gatherer Daemon.
Jul 06 21:24:59 witherspoon systemd[1]: Starting Phosphor Download Manager...
Jul 06 21:25:00 witherspoon systemd[1]: Starting Phosphor BMC0 Control...
Jul 06 21:25:00 witherspoon systemd[1]: Started Phosphor sysfs LED controller.
Jul 06 21:25:00 witherspoon systemd[1]: Started Phosphor sysfs LED controller.
Jul 06 21:25:00 witherspoon systemd[1]: Starting Phosphor Network Manager...
Jul 06 21:25:00 witherspoon systemd[1]: Started Phosphor Hwmon Poller.
Jul 06 21:25:00 witherspoon systemd[1]: Starting Phosphor Inventory Manager...
Jul 06 21:25:00 witherspoon avahi-daemon[926]: Joining mDNS multicast group on interface eth0.IPv6 with address fe80::72e2:84ff:fe14:23e1.
Jul 06 21:25:00 witherspoon systemd-networkd[938]: eth0: Gained IPv6LL
Jul 06 21:25:00 witherspoon avahi-daemon[926]: New relevant interface eth0.IPv6 for mDNS.
Jul 06 21:25:00 witherspoon avahi-daemon[926]: Registering new address record for fe80::72e2:84ff:fe14:23e1 on eth0.*.
Jul 06 21:25:01 witherspoon systemd[1]: Started Phosphor Hwmon Poller.
Jul 06 21:25:01 witherspoon systemd[1]: Starting Phosphor User Manager...
Jul 06 21:25:01 witherspoon systemd[1]: Starting OpenPower Software Update Manager...
Jul 06 21:25:01 witherspoon systemd[1]: Started Phosphor Hwmon Poller.
Jul 06 21:25:02 witherspoon systemd[1]: Starting Phosphor LED Group Management Daemon...
Jul 06 21:25:02 witherspoon systemd[1]: Started Phosphor sysfs LED controller.
Jul 06 21:25:02 witherspoon systemd[1]: Started Phosphor Dump core monitor..
Jul 06 21:25:03 witherspoon kernel: ftgmac100 1e660000.ethernet eth0: NCSI interface up
Jul 06 21:25:03 witherspoon kernel[935]: [   37.290000] ftgmac100 1e660000.ethernet eth0: NCSI interface up
Jul 06 21:25:03 witherspoon systemd[1]: Started Phosphor Hwmon Poller.
Jul 06 21:25:03 witherspoon systemd[1]: Starting Phosphor Log Manager...
Jul 06 21:25:03 witherspoon systemd[1]: Started Network Service.
Jul 06 21:25:04 witherspoon systemd[1]: Started Clear one time boot overrides.
Jul 06 21:25:04 witherspoon systemd[1]: Started OpenBMC Software Update Manager.
Jul 06 21:25:04 witherspoon systemd[1]: Started Phosphor Download Manager.
Jul 06 21:25:04 witherspoon systemd[1]: Started Phosphor Dump Manager.
Jul 06 21:25:04 witherspoon systemd[1]: Started Phosphor Inventory Manager.
Jul 06 21:25:04 witherspoon systemd[1]: Reached target Network.
Jul 06 21:25:04 witherspoon systemd[1]: Starting Permit User Sessions...
Jul 06 21:25:04 witherspoon systemd[1]: Started Lightweight SLP Server.
Jul 06 21:25:05 witherspoon systemd[1]: Started OpenPower Software Update Manager.
Jul 06 21:25:05 witherspoon systemd[1]: Starting Phosphor Version Software Manager...
Jul 06 21:25:05 witherspoon systemd[1]: Started Permit User Sessions.
Jul 06 21:25:05 witherspoon systemd[1]: Started Serial Getty on ttyS4.
Jul 06 21:25:06 witherspoon systemd[1]: Reached target Login Prompts.
Jul 06 21:25:06 witherspoon systemd[1]: Reached target Multi-User System.
Jul 06 21:25:06 witherspoon systemd[1]: Started Phosphor LED Group Management Daemon.
Jul 06 21:25:06 witherspoon systemd[1]: Started Phosphor Log Manager.
Jul 06 21:25:06 witherspoon systemd[1]: Started Phosphor BMC0 Control.
Jul 06 21:25:07 witherspoon systemd[1]: Started Phosphor Version Software Manager.
Jul 06 21:25:08 witherspoon avahi-daemon[926]: Withdrawing address record for 9.3.86.161 on eth0.
Jul 06 21:25:08 witherspoon avahi-daemon[926]: Host name conflict, retrying with witherspoon-2
Jul 06 21:25:08 witherspoon avahi-daemon[926]: Registering new address record for fe80::72e2:84ff:fe14:23e1 on eth0.*.
Jul 06 21:25:08 witherspoon avahi-daemon[926]: Registering new address record for 9.3.86.161 on eth0.IPv4.
Jul 06 21:25:08 witherspoon avahi-daemon[926]: Withdrawing address record for 9.3.86.161 on eth0.
Jul 06 21:25:08 witherspoon avahi-daemon[926]: Host name conflict, retrying with witherspoon-3
Jul 06 21:25:08 witherspoon avahi-daemon[926]: Registering new address record for fe80::72e2:84ff:fe14:23e1 on eth0.*.
Jul 06 21:25:08 witherspoon avahi-daemon[926]: Registering new address record for 9.3.86.161 on eth0.IPv4.
Jul 06 21:25:10 witherspoon avahi-daemon[926]: Withdrawing address record for 9.3.86.161 on eth0.
Jul 06 21:25:10 witherspoon avahi-daemon[926]: Host name conflict, retrying with witherspoon-4
Jul 06 21:25:10 witherspoon avahi-daemon[926]: Registering new address record for fe80::72e2:84ff:fe14:23e1 on eth0.*.
Jul 06 21:25:10 witherspoon avahi-daemon[926]: Registering new address record for 9.3.86.161 on eth0.IPv4.
Jul 06 21:25:10 witherspoon systemd[1]: Created slice system-dropbear.slice.
Jul 06 21:25:10 witherspoon systemd[1]: Started SSH Per-Connection Server (9.41.165.94:47036).
Jul 06 21:25:11 witherspoon avahi-daemon[926]: Withdrawing address record for 9.3.86.161 on eth0.
Jul 06 21:25:11 witherspoon avahi-daemon[926]: Host name conflict, retrying with witherspoon-5
Jul 06 21:25:11 witherspoon avahi-daemon[926]: Registering new address record for fe80::72e2:84ff:fe14:23e1 on eth0.*.
Jul 06 21:25:11 witherspoon avahi-daemon[926]: Registering new address record for 9.3.86.161 on eth0.IPv4.
Jul 06 21:25:12 witherspoon dropbear[976]: Failed loading /etc/dropbear/dropbear_dss_host_key
Jul 06 21:25:12 witherspoon dropbear[976]: Failed loading /etc/dropbear/dropbear_ecdsa_host_key
Jul 06 21:25:12 witherspoon dropbear[976]: Child connection from ::ffff:9.41.165.94:47036
Jul 06 21:25:12 witherspoon avahi-daemon[926]: Withdrawing address record for 9.3.86.161 on eth0.
Jul 06 21:25:12 witherspoon avahi-daemon[926]: Host name conflict, retrying with witherspoon-6
Jul 06 21:25:12 witherspoon avahi-daemon[926]: Registering new address record for fe80::72e2:84ff:fe14:23e1 on eth0.*.
Jul 06 21:25:12 witherspoon avahi-daemon[926]: Registering new address record for 9.3.86.161 on eth0.IPv4.
Jul 06 21:25:13 witherspoon avahi-daemon[926]: Withdrawing address record for 9.3.86.161 on eth0.
Jul 06 21:25:13 witherspoon avahi-daemon[926]: Host name conflict, retrying with witherspoon-7
Jul 06 21:25:13 witherspoon avahi-daemon[926]: Registering new address record for fe80::72e2:84ff:fe14:23e1 on eth0.*.
Jul 06 21:25:13 witherspoon avahi-daemon[926]: Registering new address record for 9.3.86.161 on eth0.IPv4.
Jul 06 21:25:13 witherspoon systemd-networkd[938]: eth0: Configured
Jul 06 21:25:13 witherspoon systemd-timesyncd[881]: Network configuration changed, trying to establish connection.
Jul 06 21:25:14 witherspoon avahi-daemon[926]: Withdrawing address record for 9.3.86.161 on eth0.
Jul 06 21:25:14 witherspoon avahi-daemon[926]: Host name conflict, retrying with witherspoon-8
Jul 06 21:25:14 witherspoon avahi-daemon[926]: Registering new address record for fe80::72e2:84ff:fe14:23e1 on eth0.*.
Jul 06 21:25:14 witherspoon avahi-daemon[926]: Registering new address record for 9.3.86.161 on eth0.IPv4.
Jul 06 21:25:15 witherspoon avahi-daemon[926]: Withdrawing address record for 9.3.86.161 on eth0.
Jul 06 21:25:15 witherspoon avahi-daemon[926]: Host name conflict, retrying with witherspoon-9
Jul 06 21:25:15 witherspoon avahi-daemon[926]: Registering new address record for fe80::72e2:84ff:fe14:23e1 on eth0.*.
Jul 06 21:25:15 witherspoon avahi-daemon[926]: Registering new address record for 9.3.86.161 on eth0.IPv4.
Jul 06 21:25:16 witherspoon avahi-daemon[926]: Withdrawing address record for 9.3.86.161 on eth0.
Jul 06 21:25:16 witherspoon avahi-daemon[926]: Host name conflict, retrying with witherspoon-10
Jul 06 21:25:16 witherspoon avahi-daemon[926]: Registering new address record for fe80::72e2:84ff:fe14:23e1 on eth0.*.
Jul 06 21:25:16 witherspoon avahi-daemon[926]: Registering new address record for 9.3.86.161 on eth0.IPv4.
Jul 06 21:25:17 witherspoon avahi-daemon[926]: Withdrawing address record for 9.3.86.161 on eth0.
Jul 06 21:25:17 witherspoon avahi-daemon[926]: Host name conflict, retrying with witherspoon-11
Jul 06 21:25:17 witherspoon avahi-daemon[926]: Registering new address record for fe80::72e2:84ff:fe14:23e1 on eth0.*.
Jul 06 21:25:17 witherspoon avahi-daemon[926]: Registering new address record for 9.3.86.161 on eth0.IPv4.
Jul 06 21:25:18 witherspoon dropbear[976]: PAM password auth succeeded for 'root' from ::ffff:9.41.165.94:47036
Jul 06 21:25:18 witherspoon dropbear[978]: lastlog_perform_login: Couldn't stat /var/log/lastlog: No such file or directory
Jul 06 21:25:18 witherspoon dropbear[978]: lastlog_openseek: /var/log/lastlog is not a file or directory!
Jul 06 21:25:18 witherspoon avahi-daemon[926]: Withdrawing address record for 9.3.86.161 on eth0.
Jul 06 21:25:18 witherspoon avahi-daemon[926]: Host name conflict, retrying with witherspoon-12
Jul 06 21:25:18 witherspoon avahi-daemon[926]: Registering new address record for fe80::72e2:84ff:fe14:23e1 on eth0.*.
Jul 06 21:25:18 witherspoon avahi-daemon[926]: Registering new address record for 9.3.86.161 on eth0.IPv4.
Jul 06 21:25:20 witherspoon avahi-daemon[926]: Withdrawing address record for 9.3.86.161 on eth0.
Jul 06 21:25:20 witherspoon avahi-daemon[926]: Host name conflict, retrying with witherspoon-13
Jul 06 21:25:20 witherspoon avahi-daemon[926]: Registering new address record for fe80::72e2:84ff:fe14:23e1 on eth0.*.
Jul 06 21:25:20 witherspoon avahi-daemon[926]: Registering new address record for 9.3.86.161 on eth0.IPv4.
Jul 06 21:25:21 witherspoon avahi-daemon[926]: Withdrawing address record for 9.3.86.161 on eth0.
Jul 06 21:25:21 witherspoon avahi-daemon[926]: Host name conflict, retrying with witherspoon-14
Jul 06 21:25:21 witherspoon avahi-daemon[926]: Registering new address record for fe80::72e2:84ff:fe14:23e1 on eth0.*.
Jul 06 21:25:21 witherspoon avahi-daemon[926]: Registering new address record for 9.3.86.161 on eth0.IPv4.
Jul 06 21:25:22 witherspoon avahi-daemon[926]: Withdrawing address record for 9.3.86.161 on eth0.
Jul 06 21:25:22 witherspoon avahi-daemon[926]: Host name conflict, retrying with witherspoon-15
Jul 06 21:25:22 witherspoon avahi-daemon[926]: Registering new address record for fe80::72e2:84ff:fe14:23e1 on eth0.*.
Jul 06 21:25:22 witherspoon avahi-daemon[926]: Registering new address record for 9.3.86.161 on eth0.IPv4.
Jul 06 21:25:23 witherspoon avahi-daemon[926]: Withdrawing address record for 9.3.86.161 on eth0.
Jul 06 21:25:23 witherspoon avahi-daemon[926]: Host name conflict, retrying with witherspoon-16
Jul 06 21:25:23 witherspoon avahi-daemon[926]: Registering new address record for fe80::72e2:84ff:fe14:23e1 on eth0.*.
Jul 06 21:25:23 witherspoon avahi-daemon[926]: Registering new address record for 9.3.86.161 on eth0.IPv4.
Jul 06 21:25:25 witherspoon netman.py[953]: Started
Jul 06 21:25:25 witherspoon systemd[1]: Started Phosphor Network Manager.
Jul 06 21:25:25 witherspoon download_manager.py[947]: Running Download Manager
Jul 06 21:25:25 witherspoon systemd[1]: Started Phosphor Download Manager.
Jul 06 21:25:25 witherspoon chassis_control.py[930]: Running ChassisControlService
Jul 06 21:25:25 witherspoon systemd[1]: Started Phosphor Chassis0 Control.
Jul 06 21:25:25 witherspoon systemd[1]: Started Phosphor User Manager.
Jul 06 21:25:25 witherspoon obmc-phosphor-userd[957]: Started
Jul 06 21:25:25 witherspoon inventory_items.py[942]: Loading from cache: /var/cache/obmc/org.openbmc.inventory.system.chassis.motherboard.apss@org.openbmc.InventoryItem.props
Jul 06 21:25:25 witherspoon inventory_items.py[942]: Loading from cache: /var/cache/obmc/org.openbmc.inventory.system.chassis.motherboard@org.openbmc.InventoryItem.props
Jul 06 21:25:25 witherspoon sensor_manager2.py[945]: Setting boot count to 3
Jul 06 21:25:25 witherspoon inventory_items.py[942]: Loading from cache: /var/cache/obmc/org.openbmc.inventory.system.chassis.motherboard.refclock@org.openbmc.InventoryItem.props
Jul 06 21:25:25 witherspoon sensor_manager2.py[945]: Deleting OCC device
Jul 06 21:25:25 witherspoon inventory_items.py[942]: Loading from cache: /var/cache/obmc/org.openbmc.inventory.system.chassis.motherboard.cpu1.core7@org.openbmc.InventoryItem.props
Jul 06 21:25:25 witherspoon inventory_items.py[942]: Loading from cache: /var/cache/obmc/org.openbmc.inventory.system.chassis.motherboard.cpu1.core4@org.openbmc.InventoryItem.props
Jul 06 21:25:25 witherspoon inventory_items.py[942]: Loading from cache: /var/cache/obmc/org.openbmc.inventory.system.chassis.motherboard.cpu1.core1@org.openbmc.InventoryItem.props
Jul 06 21:25:26 witherspoon sensor_manager2.py[945]: sh: /sys/class/i2c-adapter/i2c-3/3-0050/online: No such file or directory
Jul 06 21:25:26 witherspoon sensor_manager2.py[945]: Deleting OCC device
Jul 06 21:25:26 witherspoon sensor_manager2.py[945]: sh: /sys/class/i2c-adapter/i2c-3/3-0050/online: No such file or directory
Jul 06 21:25:26 witherspoon systemd[1]: Started Phosphor Sensor Manager.
Jul 06 21:25:26 witherspoon sensor_manager2.py[945]: Starting sensor manager
Jul 06 21:25:26 witherspoon inventory_items.py[942]: Loading from cache: /var/cache/obmc/org.openbmc.inventory.system.chassis.motherboard.cpu1.core10@org.openbmc.InventoryItem.props
Jul 06 21:25:26 witherspoon inventory_items.py[942]: Loading from cache: /var/cache/obmc/org.openbmc.inventory.system.chassis.motherboard.todclock@org.openbmc.InventoryItem.props
Jul 06 21:25:26 witherspoon inventory_items.py[942]: Loading from cache: /var/cache/obmc/org.openbmc.inventory.system.chassis.motherboard.cpu1@org.openbmc.InventoryItem.props
Jul 06 21:25:26 witherspoon inventory_items.py[942]: Loading from cache: /var/cache/obmc/org.openbmc.inventory.system.chassis.motherboard.bmc@org.openbmc.InventoryItem.props
Jul 06 21:25:26 witherspoon inventory_items.py[942]: Caching: /org/openbmc/inventory/system/chassis/motherboard/bmc
Jul 06 21:25:26 witherspoon inventory_items.py[942]: Loading from cache: /var/cache/obmc/org.openbmc.inventory.system.chassis.motherboard.cpu0.core1@org.openbmc.InventoryItem.props
Jul 06 21:25:26 witherspoon inventory_items.py[942]: Loading from cache: /var/cache/obmc/org.openbmc.inventory.system.chassis.motherboard.cpu0.core7@org.openbmc.InventoryItem.props
Jul 06 21:25:26 witherspoon inventory_items.py[942]: Loading from cache: /var/cache/obmc/org.openbmc.inventory.system.chassis.motherboard.cpu0.core4@org.openbmc.InventoryItem.props
Jul 06 21:25:26 witherspoon inventory_items.py[942]: Loading from cache: /var/cache/obmc/org.openbmc.inventory.system.chassis.motherboard.pcieclock@org.openbmc.InventoryItem.props
Jul 06 21:25:26 witherspoon inventory_items.py[942]: Loading from cache: /var/cache/obmc/org.openbmc.inventory.system.chassis.motherboard.cpu0.core10@org.openbmc.InventoryItem.props
Jul 06 21:25:26 witherspoon systemd[1]: Started Phosphor Inventory Manager.
Jul 06 21:25:26 witherspoon inventory_items.py[942]: Running Inventory Manager
Jul 06 21:25:27 witherspoon phosphor-mapper[928]: ObjectMapper startup complete.  Discovery in progress...
Jul 06 21:25:27 witherspoon avahi-daemon[937]: ../../avahi-0.6.32/avahi-daemon/chroot.c: open() failed: No such file or directory
Jul 06 21:25:27 witherspoon avahi-daemon[926]: Failed to open /usr/share/dbus-1/interfaces/org.freedesktop.Avahi.Server.xml: Invalid argument
Jul 06 21:25:27 witherspoon avahi-daemon[926]: Failed to load introspection data.
Jul 06 21:25:40 witherspoon phosphor-mapper[928]: ObjectMapper discovery complete
Jul 06 21:25:40 witherspoon systemd[1]: Started Phosphor DBus Service Discovery Manager.
Jul 06 21:25:40 witherspoon systemd[1]: Reached target Phosphor Object Mapper.
Jul 06 21:25:40 witherspoon systemd[1]: Started Phosphor DBus Monitor.
Jul 06 21:25:40 witherspoon systemd[1]: Starting Phoshpor System Manager...
Jul 06 21:25:40 witherspoon systemd[1]: Starting Wait for /org/openbmc/control/bmc0...
Jul 06 21:25:40 witherspoon systemd[1]: Starting Wait for /xyz/openbmc_project/control/host0...
Jul 06 21:25:40 witherspoon systemd[1]: Starting Wait for /org/openbmc/control/power0...
Jul 06 21:25:40 witherspoon systemd[1]: Starting Wait for /xyz/openbmc_project/state/host0...
Jul 06 21:25:40 witherspoon systemd[1]: Starting Wait for /org/openbmc/managers/Download...
Jul 06 21:25:40 witherspoon systemd[1]: Starting Wait for /org/openbmc/control/flash/bios...
Jul 06 21:25:40 witherspoon systemd[1]: Starting Wait for /org/openbmc/sensors...
Jul 06 21:25:40 witherspoon systemd[1]: Starting Wait for /xyz/openbmc_project/inventory...
Jul 06 21:25:40 witherspoon systemd[1]: Starting Wait for /org/openbmc/managers/System...
Jul 06 21:25:40 witherspoon systemd[1]: Starting Phosphor Settings Manager...
Jul 06 21:25:40 witherspoon systemd[1]: Starting Wait for /xyz/openbmc_project/led/groups/bmc_booted...
Jul 06 21:25:40 witherspoon systemd[1]: Starting Wait for /org/openbmc/NetworkManager/Interface...
Jul 06 21:25:40 witherspoon systemd[1]: Starting Wait for /xyz/openbmc_project/state/chassis0...
Jul 06 21:25:40 witherspoon systemd[1]: Reached target Webserver (pre).
Jul 06 21:25:40 witherspoon systemd[1]: Started Phosphor Webserver.
Jul 06 21:25:40 witherspoon systemd[1]: Starting Wait for /xyz/openbmc_project/led/groups...
Jul 06 21:25:45 witherspoon avahi-daemon[926]: Server startup complete. Host name is witherspoon-16.local. Local service cookie is 983171326.
Jul 06 21:25:46 witherspoon systemd[1]: Started Wait for /xyz/openbmc_project/led/groups.
Jul 06 21:25:46 witherspoon systemd[1]: Started FRU Fault monitor service.
Jul 06 21:25:46 witherspoon systemd[1]: Started Wait for /org/openbmc/control/bmc0.
Jul 06 21:25:47 witherspoon systemd[1]: Started Wait for /org/openbmc/managers/Download.
Jul 06 21:25:47 witherspoon systemd[1]: Starting Phosphor BMC Code Update...
Jul 06 21:25:47 witherspoon systemd[1]: Starting Phosphor BIOS Code Update...
Jul 06 21:25:47 witherspoon systemd[1]: Started Wait for /org/openbmc/sensors.
Jul 06 21:25:47 witherspoon systemd[1]: Started Phosphor Hwmon Poller.
Jul 06 21:25:47 witherspoon avahi-daemon[926]: Service "witherspoon-16" (/services/ssh.service) successfully established.
Jul 06 21:25:47 witherspoon systemd[1]: Started Wait for /xyz/openbmc_project/inventory.
Jul 06 21:25:47 witherspoon avahi-daemon[926]: Service "sftp" (/services/sftp.service) successfully established.
Jul 06 21:25:47 witherspoon systemd[1]: Started Phosphor Cooling Type.
Jul 06 21:25:47 witherspoon avahi-daemon[926]: Service "witherspoon-16" (/services/sftp-ssh.service) successfully established.
Jul 06 21:25:47 witherspoon systemd[1]: Starting OpenPOWER OCC controller...
Jul 06 21:25:47 witherspoon avahi-daemon[926]: Service "phosphor_rest" (/services/phosphor_rest.service) successfully established.
Jul 06 21:25:47 witherspoon systemd[1]: Starting Read OpenPOWER-format VPD from EEPROM...
Jul 06 21:25:47 witherspoon avahi-daemon[926]: Service "obmc_console" (/services/obmc_console.service) successfully established.
Jul 06 21:25:47 witherspoon systemd[1]: Started Wait for /xyz/openbmc_project/led/groups/bmc_booted.
Jul 06 21:25:47 witherspoon systemd[1]: Started Wait for /org/openbmc/NetworkManager/Interface.
Jul 06 21:25:48 witherspoon systemd[1]: Started Phosphor DNS Settings Cache Manager.
Jul 06 21:25:48 witherspoon systemd[1]: Starting Assert bmc_booted LED...
Jul 06 21:25:48 witherspoon systemd[1]: Started Assert bmc_booted LED.
Jul 06 21:25:49 witherspoon systemd[1]: Started Phosphor BIOS Code Update.
Jul 06 21:25:51 witherspoon systemd[1]: Started Wait for /org/openbmc/control/flash/bios.
Jul 06 21:25:51 witherspoon systemd[1]: Started Initialize BIOS Flash.
Jul 06 21:25:55 witherspoon system_manager.py[987]: Running System State: BASE_APPS
Jul 06 21:25:55 witherspoon system_manager.py[987]: SystemManager Init Done
Jul 06 21:25:55 witherspoon system_manager.py[987]: Running SystemManager
Jul 06 21:25:55 witherspoon systemd[1]: Started Phoshpor System Manager.
Jul 06 21:25:55 witherspoon system_manager.py[987]: SystemManager Goto System State: BMC_STARTING
Jul 06 21:25:55 witherspoon system_manager.py[987]: Running System State: BMC_STARTING
Jul 06 21:25:55 witherspoon systemd[1]: Started Phosphor BMC Code Update.
Jul 06 21:25:55 witherspoon bmc_update.py[1006]: Running Bmc Flash Control
Jul 06 21:25:55 witherspoon flash_bios.exe[1007]: Starting flasher: bios,,/org/openbmc/control/flash/bios,
Jul 06 21:25:55 witherspoon flash_bios.exe[1007]: flasher: , BMC = 1, address = 0x0
Jul 06 21:25:55 witherspoon flash_bios.exe[1007]: Setting up flash
Jul 06 21:25:56 witherspoon systemd[1]: Started OpenPOWER OCC controller.
Jul 06 21:25:56 witherspoon systemd[1]: Started Phosphor Settings Manager.
Jul 06 21:25:56 witherspoon systemd[1]: Starting Wait for /org/openbmc/settings/host0...
Jul 06 21:25:56 witherspoon settings_manager.py[997]: Running HostSettingsService
Jul 06 21:25:56 witherspoon flash_bios.exe[1007]: Starting flasher: bios,,/org/openbmc/control/flash/bios,
Jul 06 21:25:56 witherspoon flash_bios.exe[1007]: flasher: , BMC = 1, address = 0x0
Jul 06 21:25:56 witherspoon flash_bios.exe[1007]: Setting up flash
Jul 06 21:25:57 witherspoon systemd[1]: Started Wait for /org/openbmc/managers/System.
Jul 06 21:25:57 witherspoon systemd[1]: Starting Phosphor BMC State Manager...
Jul 06 21:25:58 witherspoon systemd[1]: Starting Phosphor Power0 Control...
Jul 06 21:25:58 witherspoon systemd[1]: Starting Phosphor Host State Manager...
Jul 06 21:25:58 witherspoon systemd[1]: Starting Phosphor Power Button0...
Jul 06 21:25:58 witherspoon systemd[1]: Starting Phosphor Chassis State Manager...
Jul 06 21:25:59 witherspoon systemd[1]: Starting Phosphor Reset Button0...
Jul 06 21:25:59 witherspoon button_reset.exe[1044]: GPIO Lookup:  RESET_BUTTON = 353,both
Jul 06 21:25:59 witherspoon system_manager.py[987]: New object: /org/openbmc/control/power0 (:1.67)
Jul 06 21:25:59 witherspoon system_manager.py[987]: Power GPIO config: ['SYS_PWROK_BUFF', '', [('SOFTWARE_PGOOD', True), ('BMC_POWER_UP', True)], [('BMC_CP0_RESET_N', False)], [], 'FSI_DATA', 'FSI_CLK', 'FSI_ENABLE', 'CRONUS_SEL', []]
Jul 06 21:25:59 witherspoon power_control.exe[1040]: Power GPIO latch output:
Jul 06 21:25:59 witherspoon power_control.exe[1040]: Power GPIO power good input: SYS_PWROK_BUFF
Jul 06 21:25:59 witherspoon power_control.exe[1040]: Power GPIO 2 power_up outputs
Jul 06 21:25:59 witherspoon power_control.exe[1040]: Power GPIO power_up[0] = SOFTWARE_PGOOD active HIGH
Jul 06 21:25:59 witherspoon power_control.exe[1040]: Power GPIO power_up[1] = BMC_POWER_UP active HIGH
Jul 06 21:25:59 witherspoon power_control.exe[1040]: Power GPIO 1 reset outputs
Jul 06 21:25:59 witherspoon power_control.exe[1040]: Power GPIO reset[0] = BMC_CP0_RESET_N active LOW
Jul 06 21:25:59 witherspoon power_control.exe[1040]: Power GPIO 0 pci reset outputs
Jul 06 21:25:59 witherspoon power_control.exe[1040]: FSI DATA GPIO: FSI_DATA
Jul 06 21:25:59 witherspoon power_control.exe[1040]: FSI CLK GPIO: FSI_CLK
Jul 06 21:25:59 witherspoon power_control.exe[1040]: FSI ENABLE GPIO: FSI_ENABLE
Jul 06 21:25:59 witherspoon power_control.exe[1040]: CRONUS SEL GPIO: CRONUS_SEL
Jul 06 21:25:59 witherspoon power_control.exe[1040]: Hostctl GPIO optionals: 0
Jul 06 21:26:00 witherspoon systemd[1]: Started Read OpenPOWER-format VPD from EEPROM.
Jul 06 21:26:00 witherspoon systemd[1]: Started Phosphor Reset Button0.
Jul 06 21:26:00 witherspoon phosphor-chassis-state-manager[1043]: Initial Chassis State will be Off
Jul 06 21:26:00 witherspoon systemd[1]: Started Phosphor Chassis State Manager.
Jul 06 21:26:00 witherspoon phosphor-host-state-manager[1041]: Initial Host State will be Off
Jul 06 21:26:00 witherspoon systemd[1]: Started Phosphor Host State Manager.
Jul 06 21:26:00 witherspoon phosphor-bmc-state-manager[1039]: Setting the BMCState field
Jul 06 21:26:00 witherspoon phosphor-bmc-state-manager[1039]: Setting the BMCState field
Jul 06 21:26:00 witherspoon systemd[1]: Started Phosphor BMC State Manager.
Jul 06 21:26:01 witherspoon power_control.exe[1040]: GPIO Lookup:  SYS_PWROK_BUFF = 306,in
Jul 06 21:26:01 witherspoon power_control.exe[1040]: GPIO Lookup:  SOFTWARE_PGOOD = 417,out
Jul 06 21:26:01 witherspoon power_control.exe[1040]: GPIO Lookup:  BMC_POWER_UP = 305,out
Jul 06 21:26:01 witherspoon power_control.exe[1040]: GPIO Lookup:  BMC_CP0_RESET_N = 281,out
Jul 06 21:26:01 witherspoon power_control.exe[1040]: Pgood state: 0
Jul 06 21:26:01 witherspoon systemd[1]: Started Phosphor Power0 Control.
Jul 06 21:26:01 witherspoon button_power.exe[1042]: GPIO Lookup:  POWER_BUTTON = 347,both
Jul 06 21:26:01 witherspoon systemd[1]: Started Phosphor Power Button0.
Jul 06 21:26:06 witherspoon hwmon.py[1009]: Starting HWMON sensors
Jul 06 21:26:07 witherspoon systemd[1]: Started Wait for /org/openbmc/settings/host0.
Jul 06 21:26:07 witherspoon systemd[1]: Started Phosphor Inband IPMI.
Jul 06 21:26:09 witherspoon system_manager.py[987]: SystemManager Goto System State: BMC_READY
Jul 06 21:26:09 witherspoon system_manager.py[987]: Running System State: BMC_READY
Jul 06 21:26:09 witherspoon systemd[1]: Started Wait for /xyz/openbmc_project/state/chassis0.
Jul 06 21:26:09 witherspoon systemd[1]: Started Wait for /org/openbmc/control/power0.
Jul 06 21:26:09 witherspoon systemd[1]: Starting Check Chassis0 pgood and create a file to indicate it...
Jul 06 21:26:09 witherspoon systemd[1]: Starting Phosphor Time Manager daemon...
Jul 06 21:26:09 witherspoon systemd[1]: Started Wait for /xyz/openbmc_project/state/host0.
Jul 06 21:26:09 witherspoon systemd[1]: Starting Reboot If Enabled...
Jul 06 21:26:10 witherspoon timemanager[1072]: Registering dbus methods
Jul 06 21:26:10 witherspoon timemanager[1072]: Empty DhcpNtp string
Jul 06 21:26:10 witherspoon timemanager[1072]: Reading Power Control key: pgood
Jul 06 21:26:10 witherspoon systemd[1]: Started Check Chassis0 pgood and create a file to indicate it.
Jul 06 21:26:10 witherspoon systemd[1]: Reached target Chassis0 power on after reset.
Jul 06 21:26:10 witherspoon systemd[1]: Reached target Chassis0 (Reset Check).
Jul 06 21:26:10 witherspoon timemanager[1072]: Changing settings *allowed* now
Jul 06 21:26:10 witherspoon timemanager[1072]: Getting System Settings: time_mode
Jul 06 21:26:11 witherspoon timemanager[1072]: Requested_Mode: NTP Current_Mode: MANUAL
Jul 06 21:26:11 witherspoon timemanager[1072]: Applying NTP setting...
Jul 06 21:26:11 witherspoon dbus[936]: [system] Activating via systemd: service name='org.freedesktop.timedate1' unit='dbus-org.freedesktop.timedate1.service'
Jul 06 21:26:11 witherspoon systemd[1]: Starting Time & Date Service...
Jul 06 21:26:11 witherspoon dbus[936]: [system] Successfully activated service 'org.freedesktop.timedate1'
Jul 06 21:26:11 witherspoon systemd-timedated[1085]: /etc/localtime should be a symbolic link to a time zone data file in /usr/share/zoneinfo/.
Jul 06 21:26:11 witherspoon systemd[1]: Started Time & Date Service.
Jul 06 21:26:11 witherspoon timemanager[1072]: SUCCESS. NTP setting is now: EnabledCurrent_Mode changed to: NTP :: NTP
Jul 06 21:26:12 witherspoon systemd[1]: Stopping Network Time Synchronization...
Jul 06 21:26:12 witherspoon systemd[1]: Stopped Network Time Synchronization.
Jul 06 21:26:12 witherspoon systemd[1]: Starting Network Time Synchronization...
Jul 06 21:26:12 witherspoon phosphor-discover-system-state[1081]: Host power is off, checking power policy
Jul 06 21:26:12 witherspoon systemd[1]: Started Reboot If Enabled.
Jul 06 21:26:14 witherspoon systemd[1]: Started Wait for /xyz/openbmc_project/control/host0.
Jul 06 21:26:14 witherspoon systemd[1]: Reached target Host0 running after reset.
Jul 06 21:26:14 witherspoon systemd[1]: Reached target Host0 (Reset Check).
Jul 06 21:26:14 witherspoon timemanager[1072]: Getting System Settings: time_owner
Jul 06 21:26:14 witherspoon systemd[1]: Started Network Time Synchronization.
Jul 06 21:26:14 witherspoon timemanager[1072]: Requested_Owner: BMC Current_Owner: BOTH
Jul 06 21:26:14 witherspoon timemanager[1072]: Current_Owner is now: BMC
Jul 06 21:26:14 witherspoon timemanager[1072]: Getting System Settings: use_dhcp_ntp
Jul 06 21:26:14 witherspoon timemanager[1072]: use_dhcp_ntp = yes
Jul 06 21:26:14 witherspoon timemanager[1072]: Last known host_offset:0
Jul 06 21:26:14 witherspoon timemanager[1072]: Initial Uptime Usec: 1499376265661085
Jul 06 21:26:14 witherspoon systemd[1]: Started Phosphor Time Manager daemon.
Jul 06 21:26:14 witherspoon systemd[1]: Reached target Phosphor System - Standby.
Jul 06 21:26:14 witherspoon systemd[1]: Startup finished in 8.390s (kernel) + 1min 40.622s (userspace) = 1min 49.013s.
Jul 06 21:26:14 witherspoon phosphor-bmc-state-manager[1039]: BMC_READY
Jul 06 21:26:14 witherspoon phosphor-bmc-state-manager[1039]: Setting the BMCState field
Jul 06 21:26:22 witherspoon phosphor-gevent[1001]: Traceback (most recent call last):
Jul 06 21:26:22 witherspoon phosphor-gevent[1001]:   File "/usr/lib/python2.7/site-packages/gevent/greenlet.py", line 327, in run
Jul 06 21:26:22 witherspoon phosphor-gevent[1001]:     result = self._run(*self.args, **self.kwargs)
Jul 06 21:26:22 witherspoon phosphor-gevent[1001]:   File "/usr/lib/python2.7/site-packages/gevent/server.py", line 102, in wrap_socket_and_handle
Jul 06 21:26:22 witherspoon phosphor-gevent[1001]:     ssl_socket = self.wrap_socket(client_socket, **self.ssl_args)
Jul 06 21:26:22 witherspoon phosphor-gevent[1001]:   File "/usr/lib/python2.7/site-packages/gevent/ssl.py", line 404, in wrap_socket
Jul 06 21:26:22 witherspoon phosphor-gevent[1001]:     ciphers=ciphers)
Jul 06 21:26:22 witherspoon phosphor-gevent[1001]:   File "/usr/lib/python2.7/site-packages/gevent/ssl.py", line 113, in __init__
Jul 06 21:26:22 witherspoon phosphor-gevent[1001]:     self.do_handshake()
Jul 06 21:26:22 witherspoon phosphor-gevent[1001]:   File "/usr/lib/python2.7/site-packages/gevent/ssl.py", line 324, in do_handshake
Jul 06 21:26:22 witherspoon phosphor-gevent[1001]:     return self._sslobj.do_handshake()
Jul 06 21:26:22 witherspoon phosphor-gevent[1001]: SSLEOFError: EOF occurred in violation of protocol (_ssl.c:590)
Jul 06 21:26:22 witherspoon phosphor-gevent[1001]: <Greenlet at 0x7601c300: <bound method WSGIServer.wrap_socket_and_handle of <WSGIServer at 0x75ff58d0 fileno=5 address=('::3482:f076:b05d:6676%1986420128', 443, 0, 1986420128)>>(<socket at 0x75ecb2f0 fileno=9>, ('::8069:6476:8e91:f402%1995402012', 58426, 0, 199)> failed with SSLEOFError
Jul 06 21:26:22 witherspoon phosphor-gevent[1001]: Traceback (most recent call last):
Jul 06 21:26:22 witherspoon phosphor-gevent[1001]:   File "/usr/lib/python2.7/site-packages/gevent/greenlet.py", line 327, in run
Jul 06 21:26:22 witherspoon phosphor-gevent[1001]:     result = self._run(*self.args, **self.kwargs)
Jul 06 21:26:22 witherspoon phosphor-gevent[1001]:   File "/usr/lib/python2.7/site-packages/gevent/server.py", line 102, in wrap_socket_and_handle
Jul 06 21:26:22 witherspoon phosphor-gevent[1001]:     ssl_socket = self.wrap_socket(client_socket, **self.ssl_args)
Jul 06 21:26:22 witherspoon phosphor-gevent[1001]:   File "/usr/lib/python2.7/site-packages/gevent/ssl.py", line 404, in wrap_socket
Jul 06 21:26:22 witherspoon phosphor-gevent[1001]:     ciphers=ciphers)
Jul 06 21:26:22 witherspoon phosphor-gevent[1001]:   File "/usr/lib/python2.7/site-packages/gevent/ssl.py", line 113, in __init__
Jul 06 21:26:22 witherspoon phosphor-gevent[1001]:     self.do_handshake()
Jul 06 21:26:22 witherspoon phosphor-gevent[1001]:   File "/usr/lib/python2.7/site-packages/gevent/ssl.py", line 324, in do_handshake
Jul 06 21:26:22 witherspoon phosphor-gevent[1001]:     return self._sslobj.do_handshake()
Jul 06 21:26:22 witherspoon phosphor-gevent[1001]: SSLEOFError: EOF occurred in violation of protocol (_ssl.c:590)
Jul 06 21:26:22 witherspoon phosphor-gevent[1001]: <Greenlet at 0x7601c5d0: <bound method WSGIServer.wrap_socket_and_handle of <WSGIServer at 0x75ff58d0 fileno=5 address=('::3482:f076:b05d:6676%1986420128', 443, 0, 1986420128)>>(<socket at 0x75ecb290 fileno=10>, ('::8069:6476:8e91:f402%1995402012', 58428, 0, 199)> failed with SSLEOFError
Jul 06 21:26:23 witherspoon phosphor-gevent[1001]: Traceback (most recent call last):
Jul 06 21:26:23 witherspoon phosphor-gevent[1001]:   File "/usr/lib/python2.7/site-packages/gevent/greenlet.py", line 327, in run
Jul 06 21:26:23 witherspoon phosphor-gevent[1001]:     result = self._run(*self.args, **self.kwargs)
Jul 06 21:26:23 witherspoon phosphor-gevent[1001]:   File "/usr/lib/python2.7/site-packages/gevent/server.py", line 102, in wrap_socket_and_handle
Jul 06 21:26:23 witherspoon phosphor-gevent[1001]:     ssl_socket = self.wrap_socket(client_socket, **self.ssl_args)
Jul 06 21:26:23 witherspoon phosphor-gevent[1001]:   File "/usr/lib/python2.7/site-packages/gevent/ssl.py", line 404, in wrap_socket
Jul 06 21:26:23 witherspoon phosphor-gevent[1001]:     ciphers=ciphers)
Jul 06 21:26:23 witherspoon phosphor-gevent[1001]:   File "/usr/lib/python2.7/site-packages/gevent/ssl.py", line 113, in __init__
Jul 06 21:26:23 witherspoon phosphor-gevent[1001]:     self.do_handshake()
Jul 06 21:26:23 witherspoon phosphor-gevent[1001]:   File "/usr/lib/python2.7/site-packages/gevent/ssl.py", line 324, in do_handshake
Jul 06 21:26:23 witherspoon phosphor-gevent[1001]:     return self._sslobj.do_handshake()
Jul 06 21:26:23 witherspoon phosphor-gevent[1001]: SSLEOFError: EOF occurred in violation of protocol (_ssl.c:590)
Jul 06 21:26:23 witherspoon phosphor-gevent[1001]: <Greenlet at 0x7601c2b0: <bound method WSGIServer.wrap_socket_and_handle of <WSGIServer at 0x75ff58d0 fileno=5 address=('::3482:f076:b05d:6676%1986420128', 443, 0, 1986420128)>>(<socket at 0x75ecb330 fileno=11>, ('::8069:6476:8e91:f402%1995402012', 58430, 0, 199)> failed with SSLEOFError
Jul 06 21:26:31 witherspoon phosphor-gevent[1001]: ::8069:6476:8e91:f402%1995402012 - - [2017-07-06 21:26:31] "POST /login HTTP/1.1" 200 320 0.046193
Jul 06 21:26:31 witherspoon phosphor-gevent[1001]: ::8069:6476:8e91:f402%1995402012 - - [2017-07-06 21:26:31] "GET /xyz/openbmc_project/state/chassis0//attr/CurrentPowerState HTTP/1.1" 200 216 0.060224
Jul 06 21:26:31 witherspoon phosphor-gevent[1001]: ::8069:6476:8e91:f402%1995402012 - - [2017-07-06 21:26:31] "POST /login HTTP/1.1" 200 320 0.034080
Jul 06 21:26:31 witherspoon phosphor-gevent[1001]: ::8069:6476:8e91:f402%1995402012 - - [2017-07-06 21:26:31] "GET /xyz/openbmc_project/state/chassis0//attr/CurrentPowerState HTTP/1.1" 200 216 0.049888
Jul 06 21:26:32 witherspoon phosphor-gevent[1001]: ::8069:6476:8e91:f402%1995402012 - - [2017-07-06 21:26:32] "POST /login HTTP/1.1" 200 320 0.072089
Jul 06 21:26:32 witherspoon phosphor-gevent[1001]: ::8069:6476:8e91:f402%1995402012 - - [2017-07-06 21:26:32] "GET /org/openbmc/sensors/host/BootProgress/attr/value HTTP/1.1" 200 170 0.107518
Jul 06 21:26:32 witherspoon phosphor-gevent[1001]: ::8069:6476:8e91:f402%1995402012 - - [2017-07-06 21:26:32] "POST /login HTTP/1.1" 200 320 0.033616
Jul 06 21:26:32 witherspoon phosphor-gevent[1001]: ::8069:6476:8e91:f402%1995402012 - - [2017-07-06 21:26:32] "GET /xyz/openbmc_project/state/host0//attr/CurrentHostState HTTP/1.1" 200 212 0.051194
Jul 06 21:26:32 witherspoon phosphor-gevent[1001]: ::8069:6476:8e91:f402%1995402012 - - [2017-07-06 21:26:32] "POST /login HTTP/1.1" 200 320 0.034977
Jul 06 21:26:32 witherspoon phosphor-gevent[1001]: ::8069:6476:8e91:f402%1995402012 - - [2017-07-06 21:26:32] "GET /xyz/openbmc_project/logging/entry/list HTTP/1.1" 404 311 0.030796
Jul 06 21:26:32 witherspoon dropbear[976]: Exit (root): Exited normally
Jul 06 21:26:32 witherspoon systemd[1]: Started SSH Per-Connection Server (9.41.165.94:47058).
Jul 06 21:26:33 witherspoon dropbear[1100]: Failed loading /etc/dropbear/dropbear_dss_host_key
Jul 06 21:26:33 witherspoon dropbear[1100]: Failed loading /etc/dropbear/dropbear_ecdsa_host_key
Jul 06 21:26:33 witherspoon dropbear[1100]: Child connection from ::ffff:9.41.165.94:47058
Jul 06 21:26:33 witherspoon dropbear[1100]: PAM password auth succeeded for 'root' from ::ffff:9.41.165.94:47058
Jul 06 21:26:33 witherspoon dropbear[1101]: lastlog_perform_login: Couldn't stat /var/log/lastlog: No such file or directory
Jul 06 21:26:33 witherspoon dropbear[1101]: lastlog_openseek: /var/log/lastlog is not a file or directory!
Jul 06 21:26:34 witherspoon phosphor-gevent[1001]: ::8069:6476:8e91:f402%1995402012 - - [2017-07-06 21:26:34] "POST /login HTTP/1.1" 200 320 0.033789
Jul 06 21:26:35 witherspoon phosphor-gevent[1001]: ::8069:6476:8e91:f402%1995402012 - - [2017-07-06 21:26:35] "GET /xyz/openbmc_project/state/host0//attr/CurrentHostState HTTP/1.1" 200 212 0.051005
Jul 06 21:26:35 witherspoon dropbear[1100]: Exit (root): Exited normally
Jul 06 21:26:38 witherspoon systemd[1]: Started SSH Per-Connection Server (9.41.165.94:47062).
Jul 06 21:26:38 witherspoon dropbear[1110]: Failed loading /etc/dropbear/dropbear_dss_host_key
Jul 06 21:26:38 witherspoon dropbear[1110]: Failed loading /etc/dropbear/dropbear_ecdsa_host_key
Jul 06 21:26:38 witherspoon dropbear[1110]: Child connection from ::ffff:9.41.165.94:47062
Jul 06 21:26:38 witherspoon dropbear[1110]: PAM password auth succeeded for 'root' from ::ffff:9.41.165.94:47062
Jul 06 21:26:38 witherspoon dropbear[1111]: lastlog_perform_login: Couldn't stat /var/log/lastlog: No such file or directory
Jul 06 21:26:38 witherspoon dropbear[1111]: lastlog_openseek: /var/log/lastlog is not a file or directory!
Jul 06 21:26:40 witherspoon phosphor-gevent[1001]: ::8069:6476:8e91:f402%1995402012 - - [2017-07-06 21:26:40] "POST /login HTTP/1.1" 200 320 0.044496
Jul 06 21:26:40 witherspoon phosphor-gevent[1001]: ::8069:6476:8e91:f402%1995402012 - - [2017-07-06 21:26:40] "PUT /org/openbmc/settings/host0/attr/power_policy HTTP/1.1" 200 169 0.179776
Jul 06 21:26:41 witherspoon phosphor-gevent[1001]: ::8069:6476:8e91:f402%1995402012 - - [2017-07-06 21:26:41] "POST /login HTTP/1.1" 200 320 0.034304
Jul 06 21:26:41 witherspoon phosphor-gevent[1001]: ::8069:6476:8e91:f402%1995402012 - - [2017-07-06 21:26:41] "GET /org/openbmc/settings/host0/attr/power_policy HTTP/1.1" 200 185 0.072378
Jul 06 21:26:41 witherspoon systemd[1]: Started SSH Per-Connection Server (9.41.165.94:47068).
Jul 06 21:26:41 witherspoon dropbear[1117]: Failed loading /etc/dropbear/dropbear_dss_host_key
Jul 06 21:26:41 witherspoon dropbear[1117]: Failed loading /etc/dropbear/dropbear_ecdsa_host_key
Jul 06 21:26:41 witherspoon dropbear[1117]: Child connection from ::ffff:9.41.165.94:47068
Jul 06 21:26:42 witherspoon dropbear[1117]: PAM password auth succeeded for 'root' from ::ffff:9.41.165.94:47068
Jul 06 21:26:42 witherspoon dropbear[1118]: lastlog_perform_login: Couldn't stat /var/log/lastlog: No such file or directory
Jul 06 21:26:42 witherspoon dropbear[1118]: lastlog_openseek: /var/log/lastlog is not a file or directory!
Jul 06 21:26:43 witherspoon phosphor-gevent[1001]: ::8069:6476:8e91:f402%1995402012 - - [2017-07-06 21:26:43] "POST /login HTTP/1.1" 200 320 0.070829
Jul 06 21:26:44 witherspoon phosphor-gevent[1001]: ::8069:6476:8e91:f402%1995402012 - - [2017-07-06 21:26:44] "GET /xyz/openbmc_project/state/chassis0//attr/CurrentPowerState HTTP/1.1" 200 216 0.815513
Jul 06 21:26:44 witherspoon phosphor-gevent[1001]: ::8069:6476:8e91:f402%1995402012 - - [2017-07-06 21:26:44] "POST /login HTTP/1.1" 200 320 0.044945
Jul 06 21:26:44 witherspoon phosphor-gevent[1001]: ::8069:6476:8e91:f402%1995402012 - - [2017-07-06 21:26:44] "GET /xyz/openbmc_project/state/bmc0//attr/CurrentBMCState HTTP/1.1" 200 212 0.050080
Jul 06 21:26:44 witherspoon phosphor-gevent[1001]: ::8069:6476:8e91:f402%1995402012 - - [2017-07-06 21:26:44] "POST /login HTTP/1.1" 200 320 0.051936
Jul 06 21:26:45 witherspoon phosphor-gevent[1001]: ::8069:6476:8e91:f402%1995402012 - - [2017-07-06 21:26:45] "GET /org/openbmc/sensors/host/BootProgress/attr/value HTTP/1.1" 200 170 0.058880
Jul 06 21:26:45 witherspoon phosphor-gevent[1001]: ::8069:6476:8e91:f402%1995402012 - - [2017-07-06 21:26:45] "POST /login HTTP/1.1" 200 320 0.034452
Jul 06 21:26:45 witherspoon phosphor-gevent[1001]: ::8069:6476:8e91:f402%1995402012 - - [2017-07-06 21:26:45] "GET /xyz/openbmc_project/state/host0//attr/CurrentHostState HTTP/1.1" 200 212 0.049996
Jul 06 21:26:45 witherspoon phosphor-gevent[1001]: ::8069:6476:8e91:f402%1995402012 - - [2017-07-06 21:26:45] "POST /login HTTP/1.1" 200 320 0.041156
Jul 06 21:26:45 witherspoon phosphor-gevent[1001]: ::8069:6476:8e91:f402%1995402012 - - [2017-07-06 21:26:45] "GET /xyz/openbmc_project/logging/entry/list HTTP/1.1" 404 311 0.029683
Jul 06 21:26:45 witherspoon systemd[1]: Started SSH Per-Connection Server (9.41.165.94:47080).
Jul 06 21:26:45 witherspoon dropbear[1124]: Failed loading /etc/dropbear/dropbear_dss_host_key
Jul 06 21:26:45 witherspoon dropbear[1124]: Failed loading /etc/dropbear/dropbear_ecdsa_host_key
Jul 06 21:26:45 witherspoon dropbear[1124]: Child connection from ::ffff:9.41.165.94:47080
Jul 06 21:26:46 witherspoon dropbear[1124]: PAM password auth succeeded for 'root' from ::ffff:9.41.165.94:47080
Jul 06 21:27:17 witherspoon phosphor-gevent[1001]: ::8069:6476:8e91:f402%1995402012 - - [2017-07-06 21:27:17] "POST /login HTTP/1.1" 200 320 0.050369
Jul 06 21:27:18 witherspoon phosphor-gevent[1001]: ::8069:6476:8e91:f402%1995402012 - - [2017-07-06 21:27:18] "POST /org/openbmc/control/flash/bios//action/update HTTP/1.1" 200 169 0.387800
Jul 06 21:27:18 witherspoon flash_bios.exe[1007]: Starting flasher: bios,/tmp/witherspoon_20170628n.pnor,/org/openbmc/control/flash/bios,
Jul 06 21:27:18 witherspoon flash_bios.exe[1007]: flasher: /tmp/witherspoon_20170628n.pnor, BMC = 1, address = 0x0
Jul 06 21:27:18 witherspoon flash_bios.exe[1007]: Setting up flash
Jul 06 21:27:18 witherspoon phosphor-gevent[1001]: ::8069:6476:8e91:f402%1995402012 - - [2017-07-06 21:27:18] "POST /login HTTP/1.1" 200 320 0.033738
Jul 06 21:27:18 witherspoon phosphor-gevent[1001]: ::8069:6476:8e91:f402%1995402012 - - [2017-07-06 21:27:18] "GET /org/openbmc/control/flash/bios HTTP/1.1" 200 396 0.077944
Jul 06 21:27:19 witherspoon phosphor-gevent[1001]: ::8069:6476:8e91:f402%1995402012 - - [2017-07-06 21:27:19] "POST /login HTTP/1.1" 200 320 0.033987
Jul 06 21:27:19 witherspoon phosphor-gevent[1001]: ::8069:6476:8e91:f402%1995402012 - - [2017-07-06 21:27:19] "GET /org/openbmc/control/flash/bios HTTP/1.1" 200 396 0.102020
Jul 06 21:27:29 witherspoon phosphor-gevent[1001]: ::8069:6476:8e91:f402%1995402012 - - [2017-07-06 21:27:29] "POST /login HTTP/1.1" 200 320 0.034104
Jul 06 21:27:29 witherspoon phosphor-gevent[1001]: ::8069:6476:8e91:f402%1995402012 - - [2017-07-06 21:27:29] "GET /org/openbmc/control/flash/bios HTTP/1.1" 200 396 0.453195
Jul 06 21:27:40 witherspoon phosphor-gevent[1001]: ::8069:6476:8e91:f402%1995402012 - - [2017-07-06 21:27:40] "POST /login HTTP/1.1" 200 320 0.039689
Jul 06 21:27:40 witherspoon phosphor-gevent[1001]: ::8069:6476:8e91:f402%1995402012 - - [2017-07-06 21:27:40] "GET /org/openbmc/control/flash/bios HTTP/1.1" 200 396 0.601502
Jul 06 21:27:50 witherspoon phosphor-gevent[1001]: ::8069:6476:8e91:f402%1995402012 - - [2017-07-06 21:27:50] "POST /login HTTP/1.1" 200 320 0.033943
Jul 06 21:27:50 witherspoon phosphor-gevent[1001]: ::8069:6476:8e91:f402%1995402012 - - [2017-07-06 21:27:50] "GET /org/openbmc/control/flash/bios HTTP/1.1" 200 396 0.138965
Jul 06 21:28:00 witherspoon phosphor-gevent[1001]: ::8069:6476:8e91:f402%1995402012 - - [2017-07-06 21:28:00] "POST /login HTTP/1.1" 200 320 0.033891
Jul 06 21:28:00 witherspoon phosphor-gevent[1001]: ::8069:6476:8e91:f402%1995402012 - - [2017-07-06 21:28:00] "GET /org/openbmc/control/flash/bios HTTP/1.1" 200 396 0.072156
Jul 06 21:28:10 witherspoon phosphor-gevent[1001]: ::8069:6476:8e91:f402%1995402012 - - [2017-07-06 21:28:10] "POST /login HTTP/1.1" 200 320 0.034858
Jul 06 21:28:11 witherspoon phosphor-gevent[1001]: ::8069:6476:8e91:f402%1995402012 - - [2017-07-06 21:28:11] "GET /org/openbmc/control/flash/bios HTTP/1.1" 200 396 0.068822
Jul 06 21:28:21 witherspoon phosphor-gevent[1001]: ::8069:6476:8e91:f402%1995402012 - - [2017-07-06 21:28:21] "POST /login HTTP/1.1" 200 320 0.033667
Jul 06 21:28:21 witherspoon phosphor-gevent[1001]: ::8069:6476:8e91:f402%1995402012 - - [2017-07-06 21:28:21] "GET /org/openbmc/control/flash/bios HTTP/1.1" 200 396 0.068834
Jul 06 21:28:31 witherspoon phosphor-gevent[1001]: ::8069:6476:8e91:f402%1995402012 - - [2017-07-06 21:28:31] "POST /login HTTP/1.1" 200 320 0.040448
Jul 06 21:28:31 witherspoon phosphor-gevent[1001]: ::8069:6476:8e91:f402%1995402012 - - [2017-07-06 21:28:31] "GET /org/openbmc/control/flash/bios HTTP/1.1" 200 396 0.071335
Jul 06 21:28:42 witherspoon phosphor-gevent[1001]: ::8069:6476:8e91:f402%1995402012 - - [2017-07-06 21:28:42] "POST /login HTTP/1.1" 200 320 0.033731
Jul 06 21:28:42 witherspoon phosphor-gevent[1001]: ::8069:6476:8e91:f402%1995402012 - - [2017-07-06 21:28:42] "GET /org/openbmc/control/flash/bios HTTP/1.1" 200 396 0.068849
Jul 06 21:28:53 witherspoon phosphor-gevent[1001]: ::8069:6476:8e91:f402%1995402012 - - [2017-07-06 21:28:53] "POST /login HTTP/1.1" 200 320 0.084631
Jul 06 21:28:53 witherspoon phosphor-gevent[1001]: ::8069:6476:8e91:f402%1995402012 - - [2017-07-06 21:28:53] "GET /org/openbmc/control/flash/bios HTTP/1.1" 200 396 0.070029
Jul 06 21:29:04 witherspoon phosphor-gevent[1001]: ::8069:6476:8e91:f402%1995402012 - - [2017-07-06 21:29:04] "POST /login HTTP/1.1" 200 320 0.072851
Jul 06 21:29:04 witherspoon phosphor-gevent[1001]: ::8069:6476:8e91:f402%1995402012 - - [2017-07-06 21:29:04] "GET /org/openbmc/control/flash/bios HTTP/1.1" 200 396 0.127136
Jul 06 21:29:14 witherspoon phosphor-gevent[1001]: ::8069:6476:8e91:f402%1995402012 - - [2017-07-06 21:29:14] "POST /login HTTP/1.1" 200 320 0.034322
Jul 06 21:29:15 witherspoon phosphor-gevent[1001]: ::8069:6476:8e91:f402%1995402012 - - [2017-07-06 21:29:15] "GET /org/openbmc/control/flash/bios HTTP/1.1" 200 396 0.813276
Jul 06 21:29:25 witherspoon phosphor-gevent[1001]: ::8069:6476:8e91:f402%1995402012 - - [2017-07-06 21:29:25] "POST /login HTTP/1.1" 200 320 0.040396
Jul 06 21:29:25 witherspoon phosphor-gevent[1001]: ::8069:6476:8e91:f402%1995402012 - - [2017-07-06 21:29:25] "GET /org/openbmc/control/flash/bios HTTP/1.1" 200 396 0.071077
Jul 06 21:29:36 witherspoon phosphor-gevent[1001]: ::8069:6476:8e91:f402%1995402012 - - [2017-07-06 21:29:36] "POST /login HTTP/1.1" 200 320 0.034194
Jul 06 21:29:36 witherspoon phosphor-gevent[1001]: ::8069:6476:8e91:f402%1995402012 - - [2017-07-06 21:29:36] "GET /org/openbmc/control/flash/bios HTTP/1.1" 200 396 0.069292
Jul 06 21:29:47 witherspoon phosphor-gevent[1001]: ::8069:6476:8e91:f402%1995402012 - - [2017-07-06 21:29:47] "POST /login HTTP/1.1" 200 320 0.995136
Jul 06 21:29:47 witherspoon phosphor-gevent[1001]: ::8069:6476:8e91:f402%1995402012 - - [2017-07-06 21:29:47] "GET /org/openbmc/control/flash/bios HTTP/1.1" 200 400 0.157985
Jul 06 21:29:57 witherspoon phosphor-gevent[1001]: ::8069:6476:8e91:f402%1995402012 - - [2017-07-06 21:29:57] "POST /login HTTP/1.1" 200 320 0.033704
Jul 06 21:29:58 witherspoon phosphor-gevent[1001]: ::8069:6476:8e91:f402%1995402012 - - [2017-07-06 21:29:58] "GET /org/openbmc/control/flash/bios HTTP/1.1" 200 401 1.051474
Jul 06 21:30:09 witherspoon phosphor-gevent[1001]: ::8069:6476:8e91:f402%1995402012 - - [2017-07-06 21:30:09] "POST /login HTTP/1.1" 200 320 0.034197
Jul 06 21:30:09 witherspoon phosphor-gevent[1001]: ::8069:6476:8e91:f402%1995402012 - - [2017-07-06 21:30:09] "GET /org/openbmc/control/flash/bios HTTP/1.1" 200 401 0.794296
Jul 06 21:30:20 witherspoon phosphor-gevent[1001]: ::8069:6476:8e91:f402%1995402012 - - [2017-07-06 21:30:20] "POST /login HTTP/1.1" 200 320 0.040482
Jul 06 21:30:20 witherspoon phosphor-gevent[1001]: ::8069:6476:8e91:f402%1995402012 - - [2017-07-06 21:30:20] "GET /org/openbmc/control/flash/bios HTTP/1.1" 200 401 0.068823
Jul 06 21:30:25 witherspoon avahi-daemon[926]: Service name conflict for "sftp" (/services/sftp.service), retrying with "sftp #2".
Jul 06 21:30:25 witherspoon avahi-daemon[926]: Service name conflict for "phosphor_rest" (/services/phosphor_rest.service), retrying with "phosphor_rest #2".
Jul 06 21:30:25 witherspoon avahi-daemon[926]: Service name conflict for "obmc_console" (/services/obmc_console.service), retrying with "obmc_console #2".
Jul 06 21:30:27 witherspoon avahi-daemon[926]: Service name conflict for "phosphor_rest" (/services/phosphor_rest.service), retrying with "phosphor_rest #3".
Jul 06 21:30:27 witherspoon avahi-daemon[926]: Service name conflict for "sftp" (/services/sftp.service), retrying with "sftp #3".
Jul 06 21:30:27 witherspoon avahi-daemon[926]: Service name conflict for "obmc_console" (/services/obmc_console.service), retrying with "obmc_console #3".
Jul 06 21:30:28 witherspoon avahi-daemon[926]: Service name conflict for "sftp" (/services/sftp.service), retrying with "sftp #4".
Jul 06 21:30:28 witherspoon avahi-daemon[926]: Service name conflict for "phosphor_rest" (/services/phosphor_rest.service), retrying with "phosphor_rest #4".
Jul 06 21:30:28 witherspoon avahi-daemon[926]: Service name conflict for "obmc_console" (/services/obmc_console.service), retrying with "obmc_console #4".
Jul 06 21:30:30 witherspoon avahi-daemon[926]: Service name conflict for "phosphor_rest" (/services/phosphor_rest.service), retrying with "phosphor_rest #5".
Jul 06 21:30:30 witherspoon avahi-daemon[926]: Service name conflict for "sftp" (/services/sftp.service), retrying with "sftp #5".
Jul 06 21:30:30 witherspoon avahi-daemon[926]: Service name conflict for "obmc_console" (/services/obmc_console.service), retrying with "obmc_console #5".
Jul 06 21:30:32 witherspoon avahi-daemon[926]: Service name conflict for "sftp" (/services/sftp.service), retrying with "sftp #6".
Jul 06 21:30:32 witherspoon avahi-daemon[926]: Service name conflict for "phosphor_rest" (/services/phosphor_rest.service), retrying with "phosphor_rest #6".
Jul 06 21:30:32 witherspoon avahi-daemon[926]: Service name conflict for "obmc_console" (/services/obmc_console.service), retrying with "obmc_console #6".
Jul 06 21:30:32 witherspoon phosphor-gevent[1001]: ::8069:6476:8e91:f402%1995402012 - - [2017-07-06 21:30:32] "POST /login HTTP/1.1" 200 320 0.037744
Jul 06 21:30:32 witherspoon phosphor-gevent[1001]: ::8069:6476:8e91:f402%1995402012 - - [2017-07-06 21:30:32] "GET /org/openbmc/control/flash/bios HTTP/1.1" 200 400 0.146971
Jul 06 21:30:34 witherspoon avahi-daemon[926]: Service name conflict for "phosphor_rest" (/services/phosphor_rest.service), retrying with "phosphor_rest #7".
Jul 06 21:30:34 witherspoon avahi-daemon[926]: Service name conflict for "sftp" (/services/sftp.service), retrying with "sftp #7".
Jul 06 21:30:34 witherspoon avahi-daemon[926]: Service name conflict for "obmc_console" (/services/obmc_console.service), retrying with "obmc_console #7".
Jul 06 21:30:37 witherspoon avahi-daemon[926]: Service name conflict for "phosphor_rest" (/services/phosphor_rest.service), retrying with "phosphor_rest #8".
Jul 06 21:30:37 witherspoon avahi-daemon[926]: Service name conflict for "obmc_console" (/services/obmc_console.service), retrying with "obmc_console #8".
Jul 06 21:30:37 witherspoon avahi-daemon[926]: Service name conflict for "sftp" (/services/sftp.service), retrying with "sftp #8".
Jul 06 21:30:39 witherspoon avahi-daemon[926]: Service name conflict for "obmc_console" (/services/obmc_console.service), retrying with "obmc_console #9".
Jul 06 21:30:39 witherspoon avahi-daemon[926]: Service name conflict for "phosphor_rest" (/services/phosphor_rest.service), retrying with "phosphor_rest #9".
Jul 06 21:30:39 witherspoon avahi-daemon[926]: Service name conflict for "sftp" (/services/sftp.service), retrying with "sftp #9".
Jul 06 21:30:40 witherspoon avahi-daemon[926]: Service name conflict for "phosphor_rest" (/services/phosphor_rest.service), retrying with "phosphor_rest #10".
Jul 06 21:30:40 witherspoon avahi-daemon[926]: Service name conflict for "obmc_console" (/services/obmc_console.service), retrying with "obmc_console #10".
Jul 06 21:30:40 witherspoon avahi-daemon[926]: Service name conflict for "sftp" (/services/sftp.service), retrying with "sftp #10".
Jul 06 21:30:41 witherspoon flash_bios.exe[1007]: Erasing... (may take a while !) done !
Jul 06 21:30:41 witherspoon flash_bios.exe[1007]: About to program "/tmp/witherspoon_20170628n.pnor" at 0x00000000..0x04000000 !
Jul 06 21:30:41 witherspoon flash_bios.exe[1007]: Programming & Verifying...
Jul 06 21:30:41 witherspoon flash_bios.exe[1007]: Flash done
Jul 06 21:30:41 witherspoon avahi-daemon[926]: Service name conflict for "sftp" (/services/sftp.service), retrying with "sftp #11".
Jul 06 21:30:41 witherspoon avahi-daemon[926]: Service name conflict for "phosphor_rest" (/services/phosphor_rest.service), retrying with "phosphor_rest #11".
Jul 06 21:30:41 witherspoon avahi-daemon[926]: Service name conflict for "obmc_console" (/services/obmc_console.service), retrying with "obmc_console #11".
Jul 06 21:30:42 witherspoon avahi-daemon[926]: Service name conflict for "phosphor_rest" (/services/phosphor_rest.service), retrying with "phosphor_rest #12".
Jul 06 21:30:43 witherspoon avahi-daemon[926]: Service name conflict for "phosphor_rest" (/services/phosphor_rest.service), retrying with "phosphor_rest #13".
Jul 06 21:30:43 witherspoon avahi-daemon[926]: Service "sftp #11" (/services/sftp.service) successfully established.
Jul 06 21:30:43 witherspoon avahi-daemon[926]: Service "obmc_console #11" (/services/obmc_console.service) successfully established.
Jul 06 21:30:43 witherspoon phosphor-gevent[1001]: ::8069:6476:8e91:f402%1995402012 - - [2017-07-06 21:30:43] "POST /login HTTP/1.1" 200 320 0.042677
Jul 06 21:30:43 witherspoon phosphor-gevent[1001]: ::8069:6476:8e91:f402%1995402012 - - [2017-07-06 21:30:43] "GET /org/openbmc/control/flash/bios HTTP/1.1" 200 398 0.069530
Jul 06 21:30:43 witherspoon systemd[1]: Started SSH Per-Connection Server (9.41.165.94:47134).
Jul 06 21:30:43 witherspoon dropbear[1130]: Failed loading /etc/dropbear/dropbear_dss_host_key
Jul 06 21:30:43 witherspoon dropbear[1130]: Failed loading /etc/dropbear/dropbear_ecdsa_host_key
Jul 06 21:30:43 witherspoon dropbear[1130]: Child connection from ::ffff:9.41.165.94:47134
Jul 06 21:30:44 witherspoon dropbear[1130]: PAM password auth succeeded for 'root' from ::ffff:9.41.165.94:47134
Jul 06 21:30:44 witherspoon dropbear[1131]: lastlog_perform_login: Couldn't stat /var/log/lastlog: No such file or directory
Jul 06 21:30:44 witherspoon dropbear[1131]: lastlog_openseek: /var/log/lastlog is not a file or directory!
Jul 06 21:30:44 witherspoon avahi-daemon[926]: Service name conflict for "phosphor_rest" (/services/phosphor_rest.service), retrying with "phosphor_rest #14".
Jul 06 21:30:45 witherspoon avahi-daemon[926]: Service name conflict for "phosphor_rest" (/services/phosphor_rest.service), retrying with "phosphor_rest #15".
Jul 06 21:30:45 witherspoon phosphor-gevent[1001]: ::8069:6476:8e91:f402%1995402012 - - [2017-07-06 21:30:45] "POST /login HTTP/1.1" 200 320 0.050818
Jul 06 21:30:45 witherspoon phosphor-gevent[1001]: ::8069:6476:8e91:f402%1995402012 - - [2017-07-06 21:30:45] "GET /xyz/openbmc_project/state/host0//attr/CurrentHostState HTTP/1.1" 200 212 0.057352
Jul 06 21:30:45 witherspoon systemd[1]: Created slice system-obmc\x2dconsole\x2dssh.slice.
Jul 06 21:30:45 witherspoon systemd[1]: Started Phosphor Host Console SSH Per-Connection (9.41.165.94:42416).
Jul 06 21:30:45 witherspoon dropbear[1135]: Failed loading /etc/dropbear/dropbear_dss_host_key
Jul 06 21:30:45 witherspoon dropbear[1135]: Failed loading /etc/dropbear/dropbear_ecdsa_host_key
Jul 06 21:30:45 witherspoon dropbear[1135]: Child connection from ::ffff:9.41.165.94:42416
Jul 06 21:30:46 witherspoon dropbear[1135]: PAM password auth succeeded for 'root' from ::ffff:9.41.165.94:42416
Jul 06 21:30:46 witherspoon dropbear[1136]: lastlog_perform_login: Couldn't stat /var/log/lastlog: No such file or directory
Jul 06 21:30:46 witherspoon dropbear[1136]: lastlog_openseek: /var/log/lastlog is not a file or directory!
Jul 06 21:30:46 witherspoon phosphor-gevent[1001]: ::8069:6476:8e91:f402%1995402012 - - [2017-07-06 21:30:46] "POST /login HTTP/1.1" 200 320 0.052029
Jul 06 21:30:46 witherspoon avahi-daemon[926]: Service "phosphor_rest #15" (/services/phosphor_rest.service) successfully established.
Jul 06 21:30:46 witherspoon phosphor-gevent[1001]: ::8069:6476:8e91:f402%1995402012 - - [2017-07-06 21:30:46] "PUT /org/openbmc/settings/host0/attr/power_policy HTTP/1.1" 200 169 0.245739
Jul 06 21:30:47 witherspoon phosphor-gevent[1001]: ::8069:6476:8e91:f402%1995402012 - - [2017-07-06 21:30:47] "POST /login HTTP/1.1" 200 320 0.042178
Jul 06 21:30:47 witherspoon phosphor-gevent[1001]: ::8069:6476:8e91:f402%1995402012 - - [2017-07-06 21:30:47] "GET /org/openbmc/settings/host0/attr/power_policy HTTP/1.1" 200 185 0.071067
Jul 06 21:30:47 witherspoon systemd[1]: Started SSH Per-Connection Server (9.41.165.94:47144).
Jul 06 21:30:47 witherspoon dropbear[1137]: Failed loading /etc/dropbear/dropbear_dss_host_key
Jul 06 21:30:47 witherspoon dropbear[1137]: Failed loading /etc/dropbear/dropbear_ecdsa_host_key
Jul 06 21:30:47 witherspoon dropbear[1137]: Child connection from ::ffff:9.41.165.94:47144
Jul 06 21:30:47 witherspoon dropbear[1137]: PAM password auth succeeded for 'root' from ::ffff:9.41.165.94:47144
Jul 06 21:30:48 witherspoon dropbear[1138]: lastlog_perform_login: Couldn't stat /var/log/lastlog: No such file or directory
Jul 06 21:30:48 witherspoon dropbear[1138]: lastlog_openseek: /var/log/lastlog is not a file or directory!
Jul 06 21:30:49 witherspoon phosphor-gevent[1001]: ::8069:6476:8e91:f402%1995402012 - - [2017-07-06 21:30:49] "POST /login HTTP/1.1" 200 320 0.033762
