[    2.660000] Creating 5 MTD partitions on "bmc":
[    2.660000] 0x000000000000-0x000000060000 : "u-boot"
[    2.660000] 0x000000060000-0x000000080000 : "u-boot-env"
[    2.700000] 0x000000080000-0x0000004c0000 : "kernel"
[    2.700000] 0x0000004c0000-0x000001c00000 : "rofs"
[    2.720000] 0x000001c00000-0x000002000000 : "rwfs"
[    2.720000] aspeed-smc 1e620000.flash-controller: mx25l25635e (32768 Kbytes)
[    2.730000] aspeed-smc 1e620000.flash-controller: CE1 window [ 0x22000000 - 0x24000000 ] 32MB
[    2.730000] aspeed-smc 1e620000.flash-controller: CE2 window [ 0x24000000 - 0x2c000000 ] 128MB
[    2.760000] aspeed-smc 1e630000.flash-controller: mx66l1g45g (131072 Kbytes)
[    2.760000] aspeed-smc 1e630000.flash-controller: CE0 window resized to 120MB (AST2500 HW quirk)
[    2.770000] aspeed-smc 1e630000.flash-controller: CE0 window [ 0x30000000 - 0x37800000 ] 120MB
[    2.770000] aspeed-smc 1e630000.flash-controller: CE0 window too small for chip 128MB
[    2.770000] aspeed-smc 1e630000.flash-controller: CE1 window [ 0x37800000 - 0x38000000 ] 8MB
[    3.520000] libphy: Fixed MDIO Bus: probed
[    3.520000] ftgmac100 1e660000.ethernet: Read MAC address 70:e2:84:14:24:20 from chip
[    3.520000] ftgmac100 1e660000.ethernet: Using NCSI interface
[    3.520000] ftgmac100 1e660000.ethernet eth0: irq 20, mapped at f0060000
[    3.520000] ehci_hcd: USB 2.0 'Enhanced' Host Controller (EHCI) Driver
[    3.520000] ehci-platform: EHCI generic platform driver
[    3.770000]  fsi0: can't read slave 00:00 -5
[    3.770000] i2c /dev entries driver
[    3.770000] aspeed-i2c-bus 1e78a0c0.i2c-bus: i2c bus 2 registered, irq 26
[    3.770000] aspeed-i2c-bus 1e78a100.i2c-bus: i2c bus 3 registered, irq 27
[    3.770000] aspeed-i2c-bus 1e78a140.i2c-bus: i2c bus 4 registered, irq 28
[    3.770000] aspeed-i2c-bus 1e78a180.i2c-bus: i2c bus 5 registered, irq 29
[    3.770000] aspeed-i2c-bus 1e78a380.i2c-bus: i2c bus 9 registered, irq 30
[    3.770000] aspeed-i2c-bus 1e78a3c0.i2c-bus: i2c bus 10 registered, irq 31
[    3.770000] rtc-rv8803 11-0032: Voltage low, temperature compensation stopped.
[    3.870000] rtc-rv8803 11-0032: rtc core: registered rx8900 as rtc0
[    3.880000] at24 11-0051: 8192 byte 24c64 EEPROM, writable, 1 bytes/write
[    3.880000] aspeed-i2c-bus 1e78a400.i2c-bus: i2c bus 11 registered, irq 32
[    3.880000] aspeed-i2c-bus 1e78a440.i2c-bus: i2c bus 12 registered, irq 33
[    3.880000] aspeed-i2c-bus 1e78a480.i2c-bus: i2c bus 13 registered, irq 34
[    3.880000] Driver for 1-wire Dallas network protocol.
[    3.880000] lm75 9-004a: hwmon0: sensor 'tmp275'
[    5.650000] ucd9000 11-0064: Device ID UCD90160|2.3.4.0000|110603
[    6.320000] leds-pca955x 3-0060: leds-pca955x: Using pca9552 16-bit LED driver at slave address 0x60
[    6.340000] leds-pca955x 3-0060: gpios 264...279
[    6.340000] leds-pca955x 11-0060: leds-pca955x: Using pca9552 16-bit LED driver at slave address 0x60
[    6.350000] leds-pca955x 11-0060: gpios 248...263
[    6.360000] usbcore: registered new interface driver usbhid
[    6.360000] usbhid: USB HID core driver
[    6.410000] NET: Registered protocol family 10
[    6.410000] Segment Routing with IPv6
[    6.420000] NET: Registered protocol family 17
[    6.420000] 8021q: 802.1Q VLAN Support v1.8
[    6.430000] input: gpio-keys-polled as /devices/platform/gpio-keys-polled/input/input1
[    6.460000] console [netcon0] enabled
[    6.470000] netconsole: network logging started
[    6.470000] input: gpio-keys as /devices/platform/gpio-keys/input/input2
[    6.480000] rtc-rv8803 11-0032: setting system clock to 2016-05-04 01:37:36 UTC (1462325856)
[    6.490000] Freeing unused kernel memory: 280K
[    6.490000] This architecture does not have kernel memory protection.
[    8.440000] jffs2: notice: (540) jffs2_build_xattr_subsystem: complete building xattr subsystem, 1 of xdatum (0 unchecked, 0 orphan) and 11 of xref (0 dead, 0 orphan) found.
[   10.480000] systemd[1]: System time before build time, advancing clock.
[   10.480000] systemd[1]: Failed to insert module 'autofs4': No such file or directory
[   10.770000] systemd[1]: systemd 232 running in system mode. (+PAM -AUDIT -SELINUX -IMA -APPARMOR -SMACK +SYSVINIT -UTMP -LIBCRYPTSETUP -GCRYPT -GNUTLS +ACL +XZ -LZ4 -SECCOMP +BLKID -ELFUTILS +KMOD -IDN)
[   10.770000] systemd[1]: Detected architecture arm.
[   10.850000] systemd[1]: Set hostname to <witherspoon>.
[   12.430000] systemd[1]: Listening on /dev/initctl Compatibility Named Pipe.
[   12.610000] systemd[1]: Started Forward Password Requests to Wall Directory Watch.
[   12.650000] systemd[1]: Started Dispatch Password Requests to Console Directory Watch.
[   12.690000] systemd[1]: Reached target Paths.
[   12.720000] systemd[1]: Listening on Journal Socket.
[   12.760000] systemd[1]: Reached target Remote File Systems.
[   12.800000] systemd[1]: Listening on Network Service Netlink Socket.
[   14.950000] systemd-journald[559]: Received request to flush runtime journal from PID 1
[   23.240000] ubi7: default fastmap pool size: 100
[   23.240000] ubi7: default fastmap WL pool size: 50
[   23.240000] ubi7: attaching mtd7
[   23.240000] ubi7: scanning is finished
[   23.240000] ubi7: attached mtd7 (name "pnor", size 128 MiB)
[   23.240000] ubi7: PEB size: 65536 bytes (64 KiB), LEB size: 65408 bytes
[   23.240000] ubi7: min./max. I/O unit sizes: 1/256, sub-page size 1
[   23.240000] ubi7: VID header offset: 64 (aligned 64), data offset: 128
[   23.240000] ubi7: good PEBs: 2048, bad PEBs: 0, corrupted PEBs: 0
[   23.240000] ubi7: user volume: 3, internal volumes: 1, max. volumes count: 128
[   23.480000] ubi7: max/mean erase counter: 1/0, WL threshold: 4096, image sequence number: 993899866
[   23.480000] ubi7: available PEBs: 1367, total reserved PEBs: 681, PEBs reserved for bad PEB handling: 0
[   23.480000] ubi7: background thread "ubi_bgt7d" started, PID 998
[   32.360000] ubi: mtd7 is already attached to ubi7
[   32.910000] 8021q: adding VLAN 0 to HW filter on device eth0
[   36.400000] ftgmac100 1e660000.ethernet eth0: ncsi: removed vlan tag 0 at index 1
[   36.400000] ftgmac100 1e660000.ethernet eth0: ncsi: removed vlan tag 0 at index 2
[   36.400000] ftgmac100 1e660000.ethernet eth0: no vlan ids left to set
[   36.400000] ftgmac100 1e660000.ethernet eth0: NCSI interface up
[   37.470000] block ubiblock7_0: created from ubi7:0(pnor-ro-fd2cbe15)
[   38.030000] UBIFS (ubi7:1): background thread "ubifs_bgt7_1" started, PID 1069
[   38.680000] UBIFS (ubi7:1): UBIFS: mounted UBI device 7, volume 1, name "pnor-rw-fd2cbe15"
[   38.680000] UBIFS (ubi7:1): LEB size: 65408 bytes (63 KiB), min./max. I/O unit sizes: 8 bytes/256 bytes
[   38.680000] UBIFS (ubi7:1): FS size: 16155776 bytes (15 MiB, 247 LEBs), journal size 784896 bytes (0 MiB, 12 LEBs)
[   38.680000] UBIFS (ubi7:1): reserved for root: 763076 bytes (745 KiB)
[   38.680000] UBIFS (ubi7:1): media format: w5/r0 (latest is w5/r0), UUID 89960494-BF79-476A-8A00-045D3A68C4EE, small LPT model
[   39.860000] UBIFS (ubi7:2): background thread "ubifs_bgt7_2" started, PID 1077
[   40.120000] UBIFS (ubi7:2): UBIFS: mounted UBI device 7, volume 2, name "pnor-prsv"
[   40.120000] UBIFS (ubi7:2): LEB size: 65408 bytes (63 KiB), min./max. I/O unit sizes: 8 bytes/256 bytes
[   40.120000] UBIFS (ubi7:2): FS size: 1504384 bytes (1 MiB, 23 LEBs), journal size 523265 bytes (0 MiB, 6 LEBs)
[   40.120000] UBIFS (ubi7:2): reserved for root: 71055 bytes (69 KiB)
[   40.120000] UBIFS (ubi7:2): media format: w5/r0 (latest is w5/r0), UUID 8178EC19-16E1-4F5B-B5BB-6785795FB122, small LPT model
[   48.810000] UBIFS (ubi7:3): default file-system created
[   48.810000] UBIFS (ubi7:3): UBIFS: mounted UBI device 7, volume 3, name "pnor-patch"
[   48.810000] UBIFS (ubi7:3): LEB size: 65408 bytes (63 KiB), min./max. I/O unit sizes: 8 bytes/256 bytes
[   48.810000] UBIFS (ubi7:3): FS size: 16155776 bytes (15 MiB, 247 LEBs), journal size 784896 bytes (0 MiB, 12 LEBs)
[   48.810000] UBIFS (ubi7:3): reserved for root: 763076 bytes (745 KiB)
[   48.810000] UBIFS (ubi7:3): media format: w5/r0 (latest is w5/r0), UUID 70311C8B-5698-4BEF-88A4-ED61EFA09AA5, small LPT model
[   48.810000] UBIFS (ubi7:3): background thread "ubifs_bgt7_3" started, PID 1119
[  226.270000] ucd9000 11-0064: Device ID UCD90160|2.3.4.0000|110603
[  228.090000] ucd9000 11-0064: Device ID UCD90160|2.3.4.0000|110603
[  234.810000] occ-hwmon occ1-dev0: failed to get OCC poll response: -19
[  238.030000] ucd9000 11-0064: Device ID UCD90160|2.3.4.0000|110603
[  240.650000]  slave@00:00: status: 0xc4000511, sisc: 0x82040000
[  383.760000] ucd9000 11-0064: Device ID UCD90160|2.3.4.0000|110603
[  385.730000] ucd9000 11-0064: Device ID UCD90160|2.3.4.0000|110603
[  395.810000] occ-hwmon occ1-dev0: failed to get OCC poll response: -19
[  398.130000] ucd9000 11-0064: Device ID UCD90160|2.3.4.0000|110603
[  400.490000]  slave@00:00: status: 0xc4000511, sisc: 0x82040000
[  489.240000]  slave@00:00: status: 0xc4000511, sisc: 0x01040108
[  489.240000]  slave@00:00: status: 0xc4000501, sisc: 0x00040108
[  489.240000]  fsi1: can't read slave 00:00 -5
[  489.600000] occ-hwmon occ2-dev0: failed to get OCC poll response: -19
[  489.810000]  slave@00:00: status: 0xc4000501, sisc: 0x00040108
[  489.810000]  slave@00:00: status: 0xc4000501, sisc: 0x00040108
[  489.810000]  slave@01:00: status: 0x04000510, sisc: 0x01040000
[  489.810000]  slave@00:00: status: 0xc4000501, sisc: 0x00040108
[  489.810000]  slave@00:00: status: 0xc4000501, sisc: 0x00040108
[  489.810000]  slave@01:00: status: 0x04000500, sisc: 0x00040000
[  489.920000]  slave@00:00: status: 0xc4000501, sisc: 0x08040008
[  489.920000]  slave@00:00: status: 0xc4000501, sisc: 0x08040008
[  489.920000]  slave@01:00: status: 0x04000500, sisc: 0x00040000
[  489.920000]  slave@00:00: status: 0xc4000501, sisc: 0x08040008
[  489.920000]  slave@00:00: status: 0xc4000501, sisc: 0x08040008
[  489.920000]  slave@01:00: status: 0x04000500, sisc: 0x00040000
[  489.920000]  slave@00:00: status: 0xc4000501, sisc: 0x00040108
[  489.920000]  slave@00:00: status: 0xc4000501, sisc: 0x00040108
[  489.920000]  slave@01:00: status: 0x04000500, sisc: 0x00040000
[  490.050000]  slave@00:00: status: 0xc4000501, sisc: 0x00040108
[  490.050000]  slave@00:00: status: 0xc4000501, sisc: 0x00040108
[  490.060000]  slave@01:00: status: 0x04000500, sisc: 0x00040000
[  490.080000]  fsi2: can't read slave 02:00 -5
[  490.100000]  slave@01:00: status: 0x04000500, sisc: 0x00040000
[  490.120000]  slave@01:00: status: 0x04000500, sisc: 0x00040000
[  490.130000]  slave@01:00: status: 0x04000500, sisc: 0x00040000
[  490.160000]  slave@01:00: status: 0x04000500, sisc: 0x00040000
[  490.180000]  slave@01:00: status: 0x04000500, sisc: 0x00040000
[  490.190000]  slave@01:00: status: 0x04000500, sisc: 0x00040000
[  490.210000]  slave@01:00: status: 0x04000500, sisc: 0x00040000
[  490.240000]  slave@01:00: status: 0x04000500, sisc: 0x00040000
[  490.240000]  slave@01:00: status: 0x04000500, sisc: 0x00040000
[  490.270000]  slave@01:00: status: 0x04000500, sisc: 0x00040000
[  490.360000]  slave@00:00: status: 0xc4000501, sisc: 0x00040108
[  490.360000]  slave@00:00: status: 0xc4000501, sisc: 0x00040108
[  490.360000]  fsi1: can't read slave 02:00 -5
[  490.410000]  slave@00:00: status: 0xc4000501, sisc: 0x08040008
[  490.420000]  slave@00:00: status: 0xc4000501, sisc: 0x08040008
[  490.440000]  slave@00:00: status: 0xc4000501, sisc: 0x00040108
[  490.450000]  slave@00:00: status: 0xc4000501, sisc: 0x00040108
[  490.450000]  fsi1: can't read slave 04:00 -5
[  491.110000]  slave@00:00: status: 0xc4000501, sisc: 0x00040108
[  491.110000]  slave@00:00: status: 0xc4000501, sisc: 0x00040108
[  491.190000]  slave@05:00: status: 0x04000510, sisc: 0x01040000
[  491.200000]  slave@00:00: status: 0xc4000501, sisc: 0x00040108
[  491.210000]  slave@00:00: status: 0xc4000501, sisc: 0x00040108
[  491.230000]  slave@05:00: status: 0x04000500, sisc: 0x00040000
[  491.230000]  fsi3: can't read slave 00:00 -5
[  491.250000]  slave@00:00: status: 0xc4000501, sisc: 0x08040008
[  491.250000]  slave@00:00: status: 0xc4000501, sisc: 0x08040008
[  491.280000]  slave@05:00: status: 0x04000500, sisc: 0x00040000
[  491.280000]  slave@00:00: status: 0xc4000501, sisc: 0x08040008
[  491.280000]  slave@00:00: status: 0xc4000501, sisc: 0x08040008
[  491.320000]  slave@05:00: status: 0x04000500, sisc: 0x00040000
[  491.320000]  slave@00:00: status: 0xc4000501, sisc: 0x00040108
[  491.360000]  slave@00:00: status: 0xc4000501, sisc: 0x00040108
[  491.360000]  slave@05:00: status: 0x04000500, sisc: 0x00040000
[  491.360000]  slave@00:00: status: 0xc4000501, sisc: 0x00040108
[  491.360000]  slave@00:00: status: 0xc4000501, sisc: 0x00040108
[  491.410000]  slave@05:00: status: 0x04000500, sisc: 0x00040000
[  491.410000]  fsi3: can't read slave 02:00 -5
[  491.410000]  slave@05:00: status: 0x04000500, sisc: 0x00040000
[  491.410000]  slave@05:00: status: 0x04000500, sisc: 0x00040000
[  491.470000]  slave@05:00: status: 0x04000500, sisc: 0x00040000
[  491.470000]  slave@05:00: status: 0x04000500, sisc: 0x00040000
[  491.470000]  slave@05:00: status: 0x04000500, sisc: 0x00040000
[  491.530000]  slave@05:00: status: 0x04000500, sisc: 0x00040000
[  491.530000]  slave@05:00: status: 0x04000500, sisc: 0x00040000
[  491.530000]  slave@05:00: status: 0x04000500, sisc: 0x00040000
[  491.600000]  slave@05:00: status: 0x04000500, sisc: 0x00040000
[  491.600000]  slave@05:00: status: 0x04000500, sisc: 0x00040000
[  491.680000]  slave@00:00: status: 0xc4000501, sisc: 0x00040108
[  491.680000]  slave@00:00: status: 0xc4000501, sisc: 0x00040108
[  491.680000]  fsi1: can't read slave 06:00 -5
[  491.680000]  slave@00:00: status: 0xc4000501, sisc: 0x08040008
[  491.760000]  slave@00:00: status: 0xc4000501, sisc: 0x08040008
