-- Logs begin at Thu 2017-08-03 15:42:58 UTC, end at Thu 2017-08-03 15:57:43 UTC. --
Aug 03 15:42:58 witherspoon kernel: Booting Linux on physical CPU 0x0
Aug 03 15:42:58 witherspoon kernel: Linux version 4.10.17-ba30e9ed152bab62f72da24986ee5ca22d6c9b07 (jenkins@openbmc-builder1) (gcc version 6.2.0 (GCC) ) #1 Thu Aug 24 13:46:30 UTC 2017
Aug 03 15:42:58 witherspoon kernel: CPU: ARMv6-compatible processor [410fb767] revision 7 (ARMv7), cr=00c5387d
Aug 03 15:42:58 witherspoon kernel: CPU: PIPT / VIPT nonaliasing data cache, VIPT nonaliasing instruction cache
Aug 03 15:42:58 witherspoon kernel: OF: fdt:Machine model: Witherspoon BMC
Aug 03 15:42:58 witherspoon kernel: Memory policy: Data cache writeback
Aug 03 15:42:58 witherspoon kernel: SOC Rev: 04030303
Aug 03 15:42:58 witherspoon kernel: On node 0 totalpages: 110592
Aug 03 15:42:58 witherspoon kernel: free_area_init_node: node 0, pgdat 80601864, node_mem_map 9ec1a000
Aug 03 15:42:58 witherspoon kernel:   Normal zone: 992 pages used for memmap
Aug 03 15:42:58 witherspoon kernel:   Normal zone: 0 pages reserved
Aug 03 15:42:58 witherspoon kernel:   Normal zone: 110592 pages, LIFO batch:31
Aug 03 15:42:58 witherspoon kernel: pcpu-alloc: s0 r0 d32768 u32768 alloc=1*32768
Aug 03 15:42:58 witherspoon kernel: pcpu-alloc: [0] 0 
Aug 03 15:42:58 witherspoon kernel: Built 1 zonelists in Zone order, mobility grouping on.  Total pages: 109600
Aug 03 15:42:58 witherspoon kernel: Kernel command line: console=ttyS4,115200n8 root=/dev/ram rw
Aug 03 15:42:58 witherspoon kernel: PID hash table entries: 2048 (order: 1, 8192 bytes)
Aug 03 15:42:58 witherspoon kernel: Dentry cache hash table entries: 65536 (order: 6, 262144 bytes)
Aug 03 15:42:58 witherspoon kernel: Inode-cache hash table entries: 32768 (order: 5, 131072 bytes)
Aug 03 15:42:58 witherspoon kernel: Memory: 430420K/442368K available (4074K kernel code, 281K rwdata, 1196K rodata, 280K init, 111K bss, 11948K reserved, 0K cma-reserved)
Aug 03 15:42:58 witherspoon kernel: Virtual kernel memory layout:
                                        vector  : 0xffff0000 - 0xffff1000   (   4 kB)
                                        fixmap  : 0xffc00000 - 0xfff00000   (3072 kB)
                                        vmalloc : 0x9f800000 - 0xff800000   (1536 MB)
                                        lowmem  : 0x80000000 - 0x9f000000   ( 496 MB)
                                          .text : 0x80008000 - 0x80402d80   (4076 kB)
                                          .init : 0x80588000 - 0x805ce000   ( 280 kB)
                                          .data : 0x805ce000 - 0x80614710   ( 282 kB)
                                           .bss : 0x80614710 - 0x806305b8   ( 112 kB)
Aug 03 15:42:58 witherspoon kernel: NR_IRQS:16 nr_irqs:16 16
Aug 03 15:42:58 witherspoon kernel: i2c controller registered, irq 16
Aug 03 15:42:58 witherspoon kernel: clocksource: moxart_timer: mask: 0xffffffff max_cycles: 0xffffffff, max_idle_ns: 77222644334 ns
Aug 03 15:42:58 witherspoon kernel: sched_clock: 32 bits at 100 Hz, resolution 10000000ns, wraps every 21474836475000000ns
Aug 03 15:42:58 witherspoon kernel: Calibrating delay loop... 789.70 BogoMIPS (lpj=3948544)
Aug 03 15:42:58 witherspoon kernel: pid_max: default: 32768 minimum: 301
Aug 03 15:42:58 witherspoon kernel: Mount-cache hash table entries: 1024 (order: 0, 4096 bytes)
Aug 03 15:42:58 witherspoon kernel: Mountpoint-cache hash table entries: 1024 (order: 0, 4096 bytes)
Aug 03 15:42:58 witherspoon kernel: CPU: Testing write buffer coherency: ok
Aug 03 15:42:58 witherspoon kernel: ftrace: allocating 14975 entries in 44 pages
Aug 03 15:42:58 witherspoon kernel: Setting up static identity map for 0x80008200 - 0x8000825c
Aug 03 15:42:58 witherspoon kernel: devtmpfs: initialized
Aug 03 15:42:58 witherspoon kernel: clocksource: jiffies: mask: 0xffffffff max_cycles: 0xffffffff, max_idle_ns: 19112604462750000 ns
Aug 03 15:42:58 witherspoon kernel: futex hash table entries: 256 (order: -1, 3072 bytes)
Aug 03 15:42:58 witherspoon kernel: pinctrl core: initialized pinctrl subsystem
Aug 03 15:42:58 witherspoon kernel: NET: Registered protocol family 16
Aug 03 15:42:58 witherspoon kernel: DMA: preallocated 256 KiB pool for atomic coherent allocations
Aug 03 15:42:58 witherspoon kernel: usbcore: registered new interface driver usbfs
Aug 03 15:42:58 witherspoon kernel: usbcore: registered new interface driver hub
Aug 03 15:42:58 witherspoon kernel: usbcore: registered new device driver usb
Aug 03 15:42:58 witherspoon kernel: clocksource: Switched to clocksource moxart_timer
Aug 03 15:42:58 witherspoon kernel: NET: Registered protocol family 2
Aug 03 15:42:58 witherspoon kernel: TCP established hash table entries: 4096 (order: 2, 16384 bytes)
Aug 03 15:42:59 witherspoon kernel: TCP bind hash table entries: 4096 (order: 2, 16384 bytes)
Aug 03 15:42:59 witherspoon kernel: TCP: Hash tables configured (established 4096 bind 4096)
Aug 03 15:42:59 witherspoon kernel: UDP hash table entries: 256 (order: 0, 4096 bytes)
Aug 03 15:42:59 witherspoon kernel: UDP-Lite hash table entries: 256 (order: 0, 4096 bytes)
Aug 03 15:42:59 witherspoon kernel: NET: Registered protocol family 1
Aug 03 15:42:59 witherspoon kernel: Trying to unpack rootfs image as initramfs...
Aug 03 15:42:59 witherspoon kernel: Freeing initrd memory: 1548K
Aug 03 15:42:59 witherspoon kernel: workingset: timestamp_bits=30 max_order=17 bucket_order=0
Aug 03 15:42:59 witherspoon kernel: squashfs: version 4.0 (2009/01/31) Phillip Lougher
Aug 03 15:42:59 witherspoon kernel: jffs2: version 2.2. (SUMMARY)  © 2001-2006 Red Hat, Inc.
Aug 03 15:42:59 witherspoon kernel: Block layer SCSI generic (bsg) driver version 0.4 loaded (major 250)
Aug 03 15:42:59 witherspoon kernel: io scheduler noop registered
Aug 03 15:42:59 witherspoon kernel: io scheduler deadline registered
Aug 03 15:42:59 witherspoon kernel: io scheduler cfq registered (default)
Aug 03 15:42:59 witherspoon kernel: ipmi-bt-host 1e789140.ibt: Found bt bmc device
Aug 03 15:42:59 witherspoon kernel: ipmi-bt-host 1e789140.ibt: Using IRQ 22
Aug 03 15:42:59 witherspoon kernel: Serial: 8250/16550 driver, 6 ports, IRQ sharing enabled
Aug 03 15:42:59 witherspoon kernel: 1e787000.vuart: ttyS0 at MMIO 0x1e787000 (irq = 22, base_baud = 1500000) is a 16550A
Aug 03 15:42:59 witherspoon kernel: 1e783000.serial: ttyS1 at MMIO 0x1e783000 (irq = 23, base_baud = 1500000) is a 16550A
Aug 03 15:42:59 witherspoon kernel: 1e78d000.serial: ttyS2 at MMIO 0x1e78d000 (irq = 24, base_baud = 1500000) is a 16550A
Aug 03 15:42:59 witherspoon kernel: 1e784000.serial: ttyS4 at MMIO 0x1e784000 (irq = 25, base_baud = 1500000) is a 16550A
Aug 03 15:42:59 witherspoon kernel: console [ttyS4] enabled
Aug 03 15:42:59 witherspoon kernel: timeriomem_rng 1e6e2078.hwrng: 32bits from 0xf00e2078 @ 1us
Aug 03 15:42:59 witherspoon kernel: random: fast init done
Aug 03 15:42:59 witherspoon kernel: random: crng init done
Aug 03 15:42:59 witherspoon kernel: brd: module loaded
Aug 03 15:42:59 witherspoon kernel: loop: module loaded
Aug 03 15:42:59 witherspoon kernel: aspeed-lpc-ctrl 1e789080.lpc-ctrl: Loaded at 0x98000000 (0x04000000)
Aug 03 15:42:59 witherspoon kernel: aspeed-smc 1e620000.flash-controller: Using IRQ 18
Aug 03 15:42:59 witherspoon kernel: aspeed-smc 1e620000.flash-controller: DMA support disabled.
Aug 03 15:42:59 witherspoon kernel: aspeed-smc 1e620000.flash-controller: mx25l25635e (32768 Kbytes)
Aug 03 15:42:59 witherspoon kernel: aspeed-smc 1e620000.flash-controller: CE0 window [ 0x20000000 - 0x22000000 ] 32MB
Aug 03 15:42:59 witherspoon kernel: aspeed-smc 1e620000.flash-controller: CE1 window [ 0x22000000 - 0x2a000000 ] 128MB
Aug 03 15:42:59 witherspoon kernel: 5 ofpart partitions found on MTD device bmc
Aug 03 15:42:59 witherspoon kernel: Creating 5 MTD partitions on "bmc":
Aug 03 15:42:59 witherspoon kernel: 0x000000000000-0x000000060000 : "u-boot"
Aug 03 15:42:59 witherspoon kernel: 0x000000060000-0x000000080000 : "u-boot-env"
Aug 03 15:42:59 witherspoon kernel: 0x000000080000-0x0000004c0000 : "kernel"
Aug 03 15:42:59 witherspoon kernel: 0x0000004c0000-0x000001c00000 : "rofs"
Aug 03 15:42:59 witherspoon kernel: 0x000001c00000-0x000002000000 : "rwfs"
Aug 03 15:42:59 witherspoon kernel: aspeed-smc 1e620000.flash-controller: mx25l25635e (32768 Kbytes)
Aug 03 15:42:59 witherspoon kernel: aspeed-smc 1e620000.flash-controller: CE1 window [ 0x22000000 - 0x24000000 ] 32MB
Aug 03 15:42:59 witherspoon kernel: aspeed-smc 1e620000.flash-controller: CE2 window [ 0x24000000 - 0x2c000000 ] 128MB
Aug 03 15:42:59 witherspoon kernel: aspeed-smc 1e630000.flash-controller: mx66l1g45g (131072 Kbytes)
Aug 03 15:42:59 witherspoon kernel: aspeed-smc 1e630000.flash-controller: CE0 window resized to 120MB (AST2500 HW quirk)
Aug 03 15:42:59 witherspoon kernel: aspeed-smc 1e630000.flash-controller: CE0 window [ 0x30000000 - 0x37800000 ] 120MB
Aug 03 15:42:59 witherspoon kernel: aspeed-smc 1e630000.flash-controller: CE0 window too small for chip 128MB
Aug 03 15:42:59 witherspoon kernel: aspeed-smc 1e630000.flash-controller: CE1 window [ 0x37800000 - 0x38000000 ] 8MB
Aug 03 15:42:59 witherspoon kernel: libphy: Fixed MDIO Bus: probed
Aug 03 15:42:59 witherspoon kernel: ftgmac100 1e660000.ethernet: Read MAC address 70:e2:84:14:24:20 from chip
Aug 03 15:42:59 witherspoon kernel: ftgmac100 1e660000.ethernet: Using NCSI interface
Aug 03 15:42:59 witherspoon kernel: ftgmac100 1e660000.ethernet eth0: irq 20, mapped at f0060000
Aug 03 15:42:59 witherspoon kernel: ehci_hcd: USB 2.0 'Enhanced' Host Controller (EHCI) Driver
Aug 03 15:42:59 witherspoon kernel: ehci-platform: EHCI generic platform driver
Aug 03 15:42:59 witherspoon kernel:  fsi0: can't read slave 00:00 -5
Aug 03 15:42:59 witherspoon kernel: i2c /dev entries driver
Aug 03 15:42:59 witherspoon kernel: aspeed-i2c-bus 1e78a0c0.i2c-bus: i2c bus 2 registered, irq 26
Aug 03 15:42:59 witherspoon kernel: aspeed-i2c-bus 1e78a100.i2c-bus: i2c bus 3 registered, irq 27
Aug 03 15:42:59 witherspoon kernel: aspeed-i2c-bus 1e78a140.i2c-bus: i2c bus 4 registered, irq 28
Aug 03 15:42:59 witherspoon kernel: aspeed-i2c-bus 1e78a180.i2c-bus: i2c bus 5 registered, irq 29
Aug 03 15:42:59 witherspoon kernel: aspeed-i2c-bus 1e78a380.i2c-bus: i2c bus 9 registered, irq 30
Aug 03 15:42:59 witherspoon kernel: aspeed-i2c-bus 1e78a3c0.i2c-bus: i2c bus 10 registered, irq 31
Aug 03 15:42:59 witherspoon kernel: rtc-rv8803 11-0032: Voltage low, temperature compensation stopped.
Aug 03 15:42:59 witherspoon kernel: rtc-rv8803 11-0032: rtc core: registered rx8900 as rtc0
Aug 03 15:42:59 witherspoon kernel: at24 11-0051: 8192 byte 24c64 EEPROM, writable, 1 bytes/write
Aug 03 15:42:59 witherspoon kernel: aspeed-i2c-bus 1e78a400.i2c-bus: i2c bus 11 registered, irq 32
Aug 03 15:42:59 witherspoon kernel: aspeed-i2c-bus 1e78a440.i2c-bus: i2c bus 12 registered, irq 33
Aug 03 15:42:59 witherspoon kernel: aspeed-i2c-bus 1e78a480.i2c-bus: i2c bus 13 registered, irq 34
Aug 03 15:42:59 witherspoon kernel: Driver for 1-wire Dallas network protocol.
Aug 03 15:42:59 witherspoon kernel: lm75 9-004a: hwmon0: sensor 'tmp275'
Aug 03 15:42:59 witherspoon kernel: ucd9000 11-0064: Device ID UCD90160|2.3.4.0000|110603
Aug 03 15:42:59 witherspoon kernel: leds-pca955x 3-0060: leds-pca955x: Using pca9552 16-bit LED driver at slave address 0x60
Aug 03 15:42:59 witherspoon kernel: leds-pca955x 3-0060: gpios 264...279
Aug 03 15:42:59 witherspoon kernel: leds-pca955x 11-0060: leds-pca955x: Using pca9552 16-bit LED driver at slave address 0x60
Aug 03 15:42:59 witherspoon kernel: leds-pca955x 11-0060: gpios 248...263
Aug 03 15:42:59 witherspoon kernel: usbcore: registered new interface driver usbhid
Aug 03 15:42:59 witherspoon kernel: usbhid: USB HID core driver
Aug 03 15:42:59 witherspoon kernel: NET: Registered protocol family 10
Aug 03 15:42:59 witherspoon kernel: Segment Routing with IPv6
Aug 03 15:42:59 witherspoon kernel: NET: Registered protocol family 17
Aug 03 15:42:59 witherspoon kernel: 8021q: 802.1Q VLAN Support v1.8
Aug 03 15:42:59 witherspoon kernel: input: gpio-keys-polled as /devices/platform/gpio-keys-polled/input/input1
Aug 03 15:42:59 witherspoon kernel: console [netcon0] enabled
Aug 03 15:42:59 witherspoon kernel: netconsole: network logging started
Aug 03 15:42:59 witherspoon kernel: input: gpio-keys as /devices/platform/gpio-keys/input/input2
Aug 03 15:42:59 witherspoon kernel: rtc-rv8803 11-0032: setting system clock to 2016-05-04 01:37:36 UTC (1462325856)
Aug 03 15:42:59 witherspoon kernel: Freeing unused kernel memory: 280K
Aug 03 15:42:59 witherspoon kernel: This architecture does not have kernel memory protection.
Aug 03 15:42:59 witherspoon kernel: jffs2: notice: (540) jffs2_build_xattr_subsystem: complete building xattr subsystem, 1 of xdatum (0 unchecked, 0 orphan) and 11 of xref (0 dead, 0 orphan) found.
Aug 03 15:42:59 witherspoon systemd[1]: System time before build time, advancing clock.
Aug 03 15:42:59 witherspoon systemd[1]: Failed to insert module 'autofs4': No such file or directory
Aug 03 15:42:59 witherspoon systemd[1]: systemd 232 running in system mode. (+PAM -AUDIT -SELINUX -IMA -APPARMOR -SMACK +SYSVINIT -UTMP -LIBCRYPTSETUP -GCRYPT -GNUTLS +ACL +XZ -LZ4 -SECCOMP +BLKID -ELFUTILS +KMOD -IDN)
Aug 03 15:42:59 witherspoon systemd[1]: Detected architecture arm.
Aug 03 15:42:59 witherspoon systemd[1]: Set hostname to <witherspoon>.
Aug 03 15:42:59 witherspoon systemd[1]: Listening on /dev/initctl Compatibility Named Pipe.
Aug 03 15:42:59 witherspoon systemd[1]: Started Forward Password Requests to Wall Directory Watch.
Aug 03 15:42:59 witherspoon systemd[1]: Started Dispatch Password Requests to Console Directory Watch.
Aug 03 15:42:59 witherspoon systemd[1]: Reached target Paths.
Aug 03 15:42:59 witherspoon systemd[1]: Listening on Journal Socket.
Aug 03 15:42:59 witherspoon systemd[1]: Reached target Remote File Systems.
Aug 03 15:42:59 witherspoon systemd[1]: Listening on Network Service Netlink Socket.
Aug 03 15:42:59 witherspoon systemd-journald[559]: Journal started
Aug 03 15:42:59 witherspoon systemd-journald[559]: Runtime journal (/run/log/journal/98da6a547f8141998b98e23f5894fd04) is 0B, max 0B, 0B free.
Aug 03 15:42:59 witherspoon systemd-sysctl[560]: Couldn't write '16' to 'kernel/sysrq', ignoring: No such file or directory
Aug 03 15:42:59 witherspoon systemd-sysctl[560]: Couldn't write 'fq_codel' to 'net/core/default_qdisc', ignoring: No such file or directory
Aug 03 15:42:59 witherspoon systemd[1]: Started Apply Kernel Variables.
Aug 03 15:42:59 witherspoon systemd[1]: Started Remount Root and Kernel File Systems.
Aug 03 15:43:00 witherspoon systemd[1]: Starting Create Static Device Nodes in /dev...
Aug 03 15:43:00 witherspoon systemd[1]: Starting Flush Journal to Persistent Storage...
Aug 03 15:43:00 witherspoon systemd-journald[559]: Runtime journal (/run/log/journal/98da6a547f8141998b98e23f5894fd04) is 0B, max 0B, 0B free.
Aug 03 15:43:00 witherspoon systemd[1]: Started Flush Journal to Persistent Storage.
Aug 03 15:43:00 witherspoon systemd[1]: Started Create Static Device Nodes in /dev.
Aug 03 15:43:00 witherspoon systemd[1]: Starting udev Kernel Device Manager...
Aug 03 15:43:00 witherspoon systemd[1]: Reached target Local File Systems (Pre).
Aug 03 15:43:00 witherspoon systemd[1]: Mounting /var/volatile...
Aug 03 15:43:00 witherspoon systemd[1]: Mounting /usr/local...
Aug 03 15:43:00 witherspoon systemd[1]: Mounted /usr/local.
Aug 03 15:43:00 witherspoon systemd[1]: Mounted /var/volatile.
Aug 03 15:43:00 witherspoon systemd[1]: Reached target Local File Systems.
Aug 03 15:43:01 witherspoon systemd[1]: Starting Create Volatile Files and Directories...
Aug 03 15:43:01 witherspoon systemd[1]: Starting Load/Save Random Seed...
Aug 03 15:43:01 witherspoon systemd[1]: Started Load/Save Random Seed.
Aug 03 15:43:01 witherspoon systemd[1]: Started udev Kernel Device Manager.
Aug 03 15:43:01 witherspoon systemd-tmpfiles[685]: "/var/tmp" already exists and is not a directory.
Aug 03 15:43:01 witherspoon systemd-tmpfiles[685]: "/var/log" already exists and is not a directory.
Aug 03 15:43:01 witherspoon systemd[1]: Started Create Volatile Files and Directories.
Aug 03 15:43:01 witherspoon systemd[1]: Starting Network Time Synchronization...
Aug 03 15:43:02 witherspoon systemd-udevd[693]: rename '/dev/mtd/.tmp-c90:5' '/dev/mtd/' failed: Not a directory
Aug 03 15:43:02 witherspoon systemd-udevd[691]: rename '/dev/mtd/.tmp-c90:7' '/dev/mtd/' failed: Not a directory
Aug 03 15:43:02 witherspoon systemd-udevd[696]: rename '/dev/mtd/.tmp-c90:9' '/dev/mtd/' failed: Not a directory
Aug 03 15:43:02 witherspoon systemd-udevd[689]: rename '/dev/mtd/.tmp-c90:11' '/dev/mtd/' failed: Not a directory
Aug 03 15:43:02 witherspoon systemd-udevd[692]: rename '/dev/mtd/.tmp-c90:3' '/dev/mtd/' failed: Not a directory
Aug 03 15:43:02 witherspoon systemd[1]: Started Network Time Synchronization.
Aug 03 15:43:02 witherspoon systemd[1]: Reached target System Time Synchronized.
Aug 03 15:43:02 witherspoon systemd[1]: Started udev Coldplug all Devices.
Aug 03 15:43:02 witherspoon systemd-udevd[848]: rename '/dev/mtd/.tmp-c90:1' '/dev/mtd/' failed: Not a directory
Aug 03 15:43:02 witherspoon systemd[1]: Reached target System Initialization.
Aug 03 15:43:03 witherspoon systemd[1]: Listening on Phosphor Webserver socket.
Aug 03 15:43:03 witherspoon systemd[1]: Listening on Phosphor DBUS Browser socket.
Aug 03 15:43:03 witherspoon systemd[1]: Started Daily Cleanup of Temporary Directories.
Aug 03 15:43:03 witherspoon systemd[1]: Reached target Timers.
Aug 03 15:43:03 witherspoon systemd[1]: Listening on dropbear.socket.
Aug 03 15:43:03 witherspoon systemd[1]: Listening on D-Bus System Message Bus Socket.
Aug 03 15:43:03 witherspoon systemd[1]: Listening on Phosphor Host Console SSH Per-Connection socket.
Aug 03 15:43:03 witherspoon systemd[1]: Listening on Avahi mDNS/DNS-SD Stack Activation Socket.
Aug 03 15:43:03 witherspoon systemd[1]: Listening on phosphor-ipmi-net.socket.
Aug 03 15:43:04 witherspoon systemd[1]: Reached target Sockets.
Aug 03 15:43:04 witherspoon systemd-udevd[692]: rename '/dev/mtd/.tmp-c90:15' '/dev/mtd/' failed: Not a directory
Aug 03 15:43:04 witherspoon systemd[1]: Reached target Basic System.
Aug 03 15:43:04 witherspoon systemd[1]: Starting Phosphor DBus Service Discovery Manager...
Aug 03 15:43:04 witherspoon systemd-udevd[694]: rename '/dev/mtd/.tmp-c90:13' '/dev/mtd/' failed: Not a directory
Aug 03 15:43:04 witherspoon systemd[1]: Starting Phosphor Sensor Manager...
Aug 03 15:43:04 witherspoon systemd[1]: Starting Phosphor User Manager...
Aug 03 15:43:04 witherspoon systemd[1]: Started Hardware RNG Entropy Gatherer Daemon.
Aug 03 15:43:04 witherspoon systemd[1]: Starting Phosphor IPMI BT DBus Bridge...
Aug 03 15:43:04 witherspoon systemd[1]: Reached target Containers.
Aug 03 15:43:04 witherspoon systemd[1]: Started Kernel Logging Service.
Aug 03 15:43:04 witherspoon systemd[1]: Starting Phosphor BMC0 Control...
Aug 03 15:43:04 witherspoon systemd[1]: Starting Updates symlinks for active PNOR version...
Aug 03 15:43:04 witherspoon systemd[1]: Starting Phosphor Log Manager...
Aug 03 15:43:05 witherspoon systemd[1]: Starting Phosphor Settings Daemon...
Aug 03 15:43:05 witherspoon systemd[1]: Starting Phosphor Dump Manager...
Aug 03 15:43:05 witherspoon systemd[1]: Starting Remount the ubi volume after a reboot...
Aug 03 15:43:05 witherspoon systemd[1]: Starting Phosphor Inventory Manager...
Aug 03 15:43:05 witherspoon systemd[1]: Started Phosphor Dump core monitor..
Aug 03 15:43:05 witherspoon systemd[1]: Started System Logging Service.
Aug 03 15:43:05 witherspoon systemd[1]: Starting Remount the squashfs and ubi volumes after a reboot...
Aug 03 15:43:05 witherspoon systemd[1]: Starting Phosphor Download Manager...
Aug 03 15:43:05 witherspoon systemd[1]: Starting Clear one time boot overrides...
Aug 03 15:43:05 witherspoon systemd[1]: Starting Phosphor LED Group Management Daemon...
Aug 03 15:43:05 witherspoon systemd[1]: Starting Phosphor Download Manager...
Aug 03 15:43:06 witherspoon systemd[1]: Starting Phosphor Network Manager...
Aug 03 15:43:06 witherspoon systemd[1]: Started D-Bus System Message Bus.
Aug 03 15:43:07 witherspoon obmc-flash-bmc[958]: hexdump: /dev/mtd: Is a directory
Aug 03 15:43:07 witherspoon kernel[951]: klogd started: BusyBox v1.24.1 (2017-06-16 19:29:08 UTC)
Aug 03 15:43:07 witherspoon kernel[951]: [    0.000000] Booting Linux on physical CPU 0x0
Aug 03 15:43:07 witherspoon kernel[951]: [    0.000000] Linux version 4.10.17-ba30e9ed152bab62f72da24986ee5ca22d6c9b07 (jenkins@openbmc-builder1) (gcc version 6.2.0 (GCC) ) #1 Thu Aug 24 13:46:30 UTC 2017
Aug 03 15:43:07 witherspoon kernel[951]: [    0.000000] CPU: ARMv6-compatible processor [410fb767] revision 7 (ARMv7), cr=00c5387d
Aug 03 15:43:07 witherspoon kernel[951]: [    0.000000] CPU: PIPT / VIPT nonaliasing data cache, VIPT nonaliasing instruction cache
Aug 03 15:43:07 witherspoon kernel[951]: [    0.000000] OF: fdt:Machine model: Witherspoon BMC
Aug 03 15:43:07 witherspoon kernel[951]: [    0.000000] Memory policy: Data cache writeback
Aug 03 15:43:07 witherspoon kernel[951]: [    0.000000] SOC Rev: 04030303
Aug 03 15:43:07 witherspoon kernel[951]: [    0.000000] On node 0 totalpages: 110592
Aug 03 15:43:07 witherspoon kernel[951]: [    0.000000] free_area_init_node: node 0, pgdat 80601864, node_mem_map 9ec1a000
Aug 03 15:43:07 witherspoon kernel[951]: [    0.000000]   Normal zone: 992 pages used for memmap
Aug 03 15:43:07 witherspoon kernel[951]: [    0.000000]   Normal zone: 0 pages reserved
Aug 03 15:43:07 witherspoon kernel[951]: [    0.000000]   Normal zone: 110592 pages, LIFO batch:31
Aug 03 15:43:07 witherspoon kernel[951]: [    0.000000] pcpu-alloc: s0 r0 d32768 u32768 alloc=1*32768
Aug 03 15:43:07 witherspoon kernel[951]: [    0.000000] pcpu-alloc: [0] 0
Aug 03 15:43:07 witherspoon kernel[951]: [    0.000000] Built 1 zonelists in Zone order, mobility grouping on.  Total pages: 109600
Aug 03 15:43:07 witherspoon kernel[951]: [    0.000000] Kernel command line: console=ttyS4,115200n8 root=/dev/ram rw
Aug 03 15:43:07 witherspoon kernel[951]: [    0.000000] PID hash table entries: 2048 (order: 1, 8192 bytes)
Aug 03 15:43:07 witherspoon kernel[951]: [    0.000000] Dentry cache hash table entries: 65536 (order: 6, 262144 bytes)
Aug 03 15:43:07 witherspoon kernel[951]: [    0.000000] Inode-cache hash table entries: 32768 (order: 5, 131072 bytes)
Aug 03 15:43:07 witherspoon kernel[951]: [    0.000000] Memory: 430420K/442368K available (4074K kernel code, 281K rwdata, 1196K rodata, 280K init, 111K bss, 11948K reserved, 0K cma-reserved)
Aug 03 15:43:07 witherspoon kernel[951]: [    0.000000] Virtual kernel memory layout:
Aug 03 15:43:07 witherspoon kernel[951]: [    0.000000]     vector  : 0xffff0000 - 0xffff1000   (   4 kB)
Aug 03 15:43:07 witherspoon kernel[951]: [    0.000000]     fixmap  : 0xffc00000 - 0xfff00000   (3072 kB)
Aug 03 15:43:09 witherspoon kernel: ubi7: default fastmap pool size: 100
Aug 03 15:43:09 witherspoon kernel: ubi7: default fastmap WL pool size: 50
Aug 03 15:43:09 witherspoon kernel: ubi7: attaching mtd7
Aug 03 15:43:09 witherspoon kernel: ubi7: scanning is finished
Aug 03 15:43:09 witherspoon kernel: ubi7: attached mtd7 (name "pnor", size 128 MiB)
Aug 03 15:43:09 witherspoon kernel: ubi7: PEB size: 65536 bytes (64 KiB), LEB size: 65408 bytes
Aug 03 15:43:09 witherspoon kernel: ubi7: min./max. I/O unit sizes: 1/256, sub-page size 1
Aug 03 15:43:09 witherspoon kernel: ubi7: VID header offset: 64 (aligned 64), data offset: 128
Aug 03 15:43:09 witherspoon kernel: ubi7: good PEBs: 2048, bad PEBs: 0, corrupted PEBs: 0
Aug 03 15:43:09 witherspoon kernel: ubi7: user volume: 3, internal volumes: 1, max. volumes count: 128
Aug 03 15:43:09 witherspoon kernel: ubi7: max/mean erase counter: 1/0, WL threshold: 4096, image sequence number: 993899866
Aug 03 15:43:09 witherspoon kernel: ubi7: available PEBs: 1367, total reserved PEBs: 681, PEBs reserved for bad PEB handling: 0
Aug 03 15:43:09 witherspoon kernel: ubi7: background thread "ubi_bgt7d" started, PID 998
Aug 03 15:43:07 witherspoon kernel[951]: [    0.000000]     vmalloc : 0x9f800000 - 0xff800000   (1536 MB)
Aug 03 15:43:09 witherspoon obmc-flash-bios[953]: '/var/lib/phosphor-software-manager/pnor/ro' -> '/media/pnor-ro-fd2cbe15'
Aug 03 15:43:07 witherspoon kernel[951]: [    0.000000]     lowmem  : 0x80000000 - 0x9f000000   ( 496 MB)
Aug 03 15:43:09 witherspoon obmc-flash-bios[953]: '/var/lib/phosphor-software-manager/pnor/rw' -> '/media/pnor-rw-fd2cbe15'
Aug 03 15:43:07 witherspoon kernel[951]: [    0.000000]       .text : 0x80008000 - 0x80402d80   (4076 kB)
Aug 03 15:43:09 witherspoon obmc-flash-bios[953]: '/var/lib/phosphor-software-manager/pnor/prsv' -> '/media/pnor-prsv'
Aug 03 15:43:07 witherspoon kernel[951]: [    0.000000]       .init : 0x80588000 - 0x805ce000   ( 280 kB)
Aug 03 15:43:07 witherspoon kernel[951]: [    0.000000]       .data : 0x805ce000 - 0x80614710   ( 282 kB)
Aug 03 15:43:07 witherspoon kernel[951]: [    0.000000]        .bss : 0x80614710 - 0x806305b8   ( 112 kB)
Aug 03 15:43:07 witherspoon kernel[951]: [    0.000000] NR_IRQS:16 nr_irqs:16 16
Aug 03 15:43:07 witherspoon kernel[951]: [    0.000000] i2c controller registered, irq 16
Aug 03 15:43:07 witherspoon kernel[951]: [    0.000000] clocksource: moxart_timer: mask: 0xffffffff max_cycles: 0xffffffff, max_idle_ns: 77222644334 ns
Aug 03 15:43:07 witherspoon kernel[951]: [    0.000000] sched_clock: 32 bits at 100 Hz, resolution 10000000ns, wraps every 21474836475000000ns
Aug 03 15:43:07 witherspoon kernel[951]: [    0.090000] Calibrating delay loop... 789.70 BogoMIPS (lpj=3948544)
Aug 03 15:43:07 witherspoon kernel[951]: [    0.090000] pid_max: default: 32768 minimum: 301
Aug 03 15:43:07 witherspoon kernel[951]: [    0.090000] Mount-cache hash table entries: 1024 (order: 0, 4096 bytes)
Aug 03 15:43:07 witherspoon kernel[951]: [    0.090000] Mountpoint-cache hash table entries: 1024 (order: 0, 4096 bytes)
Aug 03 15:43:07 witherspoon kernel[951]: [    0.090000] CPU: Testing write buffer coherency: ok
Aug 03 15:43:07 witherspoon kernel[951]: [    0.090000] ftrace: allocating 14975 entries in 44 pages
Aug 03 15:43:07 witherspoon kernel[951]: [    0.120000] Setting up static identity map for 0x80008200 - 0x8000825c
Aug 03 15:43:07 witherspoon kernel[951]: [    0.120000] devtmpfs: initialized
Aug 03 15:43:07 witherspoon kernel[951]: [    0.140000] clocksource: jiffies: mask: 0xffffffff max_cycles: 0xffffffff, max_idle_ns: 19112604462750000 ns
Aug 03 15:43:07 witherspoon kernel[951]: [    0.140000] futex hash table entries: 256 (order: -1, 3072 bytes)
Aug 03 15:43:07 witherspoon kernel[951]: [    0.140000] pinctrl core: initialized pinctrl subsystem
Aug 03 15:43:07 witherspoon kernel[951]: [    0.150000] NET: Registered protocol family 16
Aug 03 15:43:07 witherspoon kernel[951]: [    0.150000] DMA: preallocated 256 KiB pool for atomic coherent allocations
Aug 03 15:43:07 witherspoon kernel[951]: [    0.220000] usbcore: registered new interface driver usbfs
Aug 03 15:43:07 witherspoon kernel[951]: [    0.220000] usbcore: registered new interface driver hub
Aug 03 15:43:07 witherspoon kernel[951]: [    0.220000] usbcore: registered new device driver usb
Aug 03 15:43:07 witherspoon kernel[951]: [    0.230000] clocksource: Switched to clocksource moxart_timer
Aug 03 15:43:07 witherspoon kernel[951]: [    0.250000] NET: Registered protocol family 2
Aug 03 15:43:07 witherspoon kernel[951]: [    0.250000] TCP established hash table entries: 4096 (order: 2, 16384 bytes)
Aug 03 15:43:07 witherspoon kernel[951]: [    0.250000] TCP bind hash table entries: 4096 (order: 2, 16384 bytes)
Aug 03 15:43:07 witherspoon kernel[951]: [    0.250000] TCP: Hash tables configured (established 4096 bind 4096)
Aug 03 15:43:07 witherspoon kernel[951]: [    0.250000] UDP hash table entries: 256 (order: 0, 4096 bytes)
Aug 03 15:43:07 witherspoon kernel[951]: [    0.250000] UDP-Lite hash table entries: 256 (order: 0, 4096 bytes)
Aug 03 15:43:07 witherspoon kernel[951]: [    0.250000] NET: Registered protocol family 1
Aug 03 15:43:07 witherspoon kernel[951]: [    0.250000] Trying to unpack rootfs image as initramfs...
Aug 03 15:43:07 witherspoon kernel[951]: [    1.920000] Freeing initrd memory: 1548K
Aug 03 15:43:07 witherspoon kernel[951]: [    1.920000] workingset: timestamp_bits=30 max_order=17 bucket_order=0
Aug 03 15:43:07 witherspoon kernel[951]: [    1.920000] squashfs: version 4.0 (2009/01/31) Phillip Lougher
Aug 03 15:43:07 witherspoon kernel[951]: [    1.920000] jffs2: version 2.2. (SUMMARY)  © 2001-2006 Red Hat, Inc.
Aug 03 15:43:07 witherspoon kernel[951]: [    1.920000] Block layer SCSI generic (bsg) driver version 0.4 loaded (major 250)
Aug 03 15:43:07 witherspoon kernel[951]: [    1.920000] io scheduler noop registered
Aug 03 15:43:07 witherspoon kernel[951]: [    1.920000] io scheduler deadline registered
Aug 03 15:43:07 witherspoon kernel[951]: [    1.920000] io scheduler cfq registered (default)
Aug 03 15:43:07 witherspoon kernel[951]: [    2.070000] ipmi-bt-host 1e789140.ibt: Found bt bmc device
Aug 03 15:43:07 witherspoon kernel[951]: [    2.070000] ipmi-bt-host 1e789140.ibt: Using IRQ 22
Aug 03 15:43:07 witherspoon kernel[951]: [    2.070000] Serial: 8250/16550 driver, 6 ports, IRQ sharing enabled
Aug 03 15:43:07 witherspoon kernel[951]: [    2.070000] 1e787000.vuart: ttyS0 at MMIO 0x1e787000 (irq = 22, base_baud = 1500000) is a 16550A
Aug 03 15:43:07 witherspoon kernel[951]: [    2.070000] 1e783000.serial: ttyS1 at MMIO 0x1e783000 (irq = 23, base_baud = 1500000) is a 16550A
Aug 03 15:43:07 witherspoon kernel[951]: [    2.070000] 1e78d000.serial: ttyS2 at MMIO 0x1e78d000 (irq = 24, base_baud = 1500000) is a 16550A
Aug 03 15:43:07 witherspoon kernel[951]: [    2.070000] 1e784000.serial: ttyS4 at MMIO 0x1e784000 (irq = 25, base_baud = 1500000) is a 16550A
Aug 03 15:43:07 witherspoon kernel[951]: [    2.510000] console [ttyS4] enabled
Aug 03 15:43:07 witherspoon kernel[951]: [    2.520000] timeriomem_rng 1e6e2078.hwrng: 32bits from 0xf00e2078 @ 1us
Aug 03 15:43:07 witherspoon kernel[951]: [    2.530000] random: fast init done
Aug 03 15:43:07 witherspoon kernel[951]: [    2.560000] random: crng init done
Aug 03 15:43:07 witherspoon kernel[951]: [    2.580000] brd: module loaded
Aug 03 15:43:07 witherspoon kernel[951]: [    2.610000] loop: module loaded
Aug 03 15:43:07 witherspoon kernel[951]: [    2.610000] aspeed-lpc-ctrl 1e789080.lpc-ctrl: Loaded at 0x98000000 (0x04000000)
Aug 03 15:43:07 witherspoon kernel[951]: [    2.620000] aspeed-smc 1e620000.flash-controller: Using IRQ 18
Aug 03 15:43:07 witherspoon kernel[951]: [    2.620000] aspeed-smc 1e620000.flash-controller: DMA support disabled.
Aug 03 15:43:07 witherspoon kernel[951]: [    2.640000] aspeed-smc 1e620000.flash-controller: mx25l25635e (32768 Kbytes)
Aug 03 15:43:07 witherspoon kernel[951]: [    2.640000] aspeed-smc 1e620000.flash-controller: CE0 window [ 0x20000000 - 0x22000000 ] 32MB
Aug 03 15:43:07 witherspoon kernel[951]: [    2.640000] aspeed-smc 1e620000.flash-controller: CE1 window [ 0x22000000 - 0x2a000000 ] 128MB
Aug 03 15:43:07 witherspoon kernel[951]: [    2.660000] 5 ofpart partitions found on MTD device bmc
Aug 03 15:43:07 witherspoon kernel[951]: [    2.660000] Creating 5 MTD partitions on "bmc":
Aug 03 15:43:07 witherspoon kernel[951]: [    2.660000] 0x000000000000-0x000000060000 : "u-boot"
Aug 03 15:43:07 witherspoon kernel[951]: [    2.660000] 0x000000060000-0x000000080000 : "u-boot-env"
Aug 03 15:43:07 witherspoon kernel[951]: [    2.700000] 0x000000080000-0x0000004c0000 : "kernel"
Aug 03 15:43:07 witherspoon kernel[951]: [    2.700000] 0x0000004c0000-0x000001c00000 : "rofs"
Aug 03 15:43:07 witherspoon kernel[951]: [    2.720000] 0x000001c00000-0x000002000000 : "rwfs"
Aug 03 15:43:07 witherspoon kernel[951]: [    2.720000] aspeed-smc 1e620000.flash-controller: mx25l25635e (32768 Kbytes)
Aug 03 15:43:07 witherspoon kernel[951]: [    2.730000] aspeed-smc 1e620000.flash-controller: CE1 window [ 0x22000000 - 0x24000000 ] 32MB
Aug 03 15:43:07 witherspoon kernel[951]: [    2.730000] aspeed-smc 1e620000.flash-controller: CE2 window [ 0x24000000 - 0x2c000000 ] 128MB
Aug 03 15:43:07 witherspoon kernel[951]: [    2.760000] aspeed-smc 1e630000.flash-controller: mx66l1g45g (131072 Kbytes)
Aug 03 15:43:07 witherspoon kernel[951]: [    2.760000] aspeed-smc 1e630000.flash-controller: CE0 window resized to 120MB (AST2500 HW quirk)
Aug 03 15:43:07 witherspoon kernel[951]: [    2.770000] aspeed-smc 1e630000.flash-controller: CE0 window [ 0x30000000 - 0x37800000 ] 120MB
Aug 03 15:43:07 witherspoon kernel[951]: [    2.770000] aspeed-smc 1e630000.flash-controller: CE0 window too small for chip 128MB
Aug 03 15:43:07 witherspoon kernel[951]: [    2.770000] aspeed-smc 1e630000.flash-controller: CE1 window [ 0x37800000 - 0x38000000 ] 8MB
Aug 03 15:43:07 witherspoon kernel[951]: [    3.520000] libphy: Fixed MDIO Bus: probed
Aug 03 15:43:07 witherspoon kernel[951]: [    3.520000] ftgmac100 1e660000.ethernet: Read MAC address 70:e2:84:14:24:20 from chip
Aug 03 15:43:07 witherspoon kernel[951]: [    3.520000] ftgmac100 1e660000.ethernet: Using NCSI interface
Aug 03 15:43:07 witherspoon kernel[951]: [    3.520000] ftgmac100 1e660000.ethernet eth0: irq 20, mapped at f0060000
Aug 03 15:43:07 witherspoon kernel[951]: [    3.520000] ehci_hcd: USB 2.0 'Enhanced' Host Controller (EHCI) Driver
Aug 03 15:43:07 witherspoon kernel[951]: [    3.520000] ehci-platform: EHCI generic platform driver
Aug 03 15:43:07 witherspoon kernel[951]: [    3.770000]  fsi0: can't read slave 00:00 -5
Aug 03 15:43:07 witherspoon kernel[951]: [    3.770000] i2c /dev entries driver
Aug 03 15:43:07 witherspoon kernel[951]: [    3.770000] aspeed-i2c-bus 1e78a0c0.i2c-bus: i2c bus 2 registered, irq 26
Aug 03 15:43:07 witherspoon kernel[951]: [    3.770000] aspeed-i2c-bus 1e78a100.i2c-bus: i2c bus 3 registered, irq 27
Aug 03 15:43:07 witherspoon kernel[951]: [    3.770000] aspeed-i2c-bus 1e78a140.i2c-bus: i2c bus 4 registered, irq 28
Aug 03 15:43:07 witherspoon kernel[951]: [    3.770000] aspeed-i2c-bus 1e78a180.i2c-bus: i2c bus 5 registered, irq 29
Aug 03 15:43:07 witherspoon kernel[951]: [    3.770000] aspeed-i2c-bus 1e78a380.i2c-bus: i2c bus 9 registered, irq 30
Aug 03 15:43:07 witherspoon kernel[951]: [    3.770000] aspeed-i2c-bus 1e78a3c0.i2c-bus: i2c bus 10 registered, irq 31
Aug 03 15:43:07 witherspoon kernel[951]: [    3.770000] rtc-rv8803 11-0032: Voltage low, temperature compensation stopped.
Aug 03 15:43:07 witherspoon kernel[951]: [    3.870000] rtc-rv8803 11-0032: rtc core: registered rx8900 as rtc0
Aug 03 15:43:07 witherspoon kernel[951]: [    3.880000] at24 11-0051: 8192 byte 24c64 EEPROM, writable, 1 bytes/write
Aug 03 15:43:07 witherspoon kernel[951]: [    3.880000] aspeed-i2c-bus 1e78a400.i2c-bus: i2c bus 11 registered, irq 32
Aug 03 15:43:07 witherspoon kernel[951]: [    3.880000] aspeed-i2c-bus 1e78a440.i2c-bus: i2c bus 12 registered, irq 33
Aug 03 15:43:07 witherspoon kernel[951]: [    3.880000] aspeed-i2c-bus 1e78a480.i2c-bus: i2c bus 13 registered, irq 34
Aug 03 15:43:07 witherspoon kernel[951]: [    3.880000] Driver for 1-wire Dallas network protocol.
Aug 03 15:43:07 witherspoon kernel[951]: [    3.880000] lm75 9-004a: hwmon0: sensor 'tmp275'
Aug 03 15:43:07 witherspoon kernel[951]: [    5.650000] ucd9000 11-0064: Device ID UCD90160|2.3.4.0000|110603
Aug 03 15:43:07 witherspoon kernel[951]: [    6.320000] leds-pca955x 3-0060: leds-pca955x: Using pca9552 16-bit LED driver at slave address 0x60
Aug 03 15:43:11 witherspoon obmc-flash-bios[963]: UBI device number 7, total 2048 LEBs (133955584 bytes, 127.8 MiB), available 1367 LEBs (89412736 bytes, 85.3 MiB), LEB size 65408 bytes (63.9 KiB)
Aug 03 15:43:07 witherspoon kernel[951]: [    6.340000] leds-pca955x 3-0060: gpios 264...279
Aug 03 15:43:07 witherspoon kernel[951]: [    6.340000] leds-pca955x 11-0060: leds-pca955x: Using pca9552 16-bit LED driver at slave address 0x60
Aug 03 15:43:07 witherspoon kernel[951]: [    6.350000] leds-pca955x 11-0060: gpios 248...263
Aug 03 15:43:07 witherspoon kernel[951]: [    6.360000] usbcore: registered new interface driver usbhid
Aug 03 15:43:07 witherspoon kernel[951]: [    6.360000] usbhid: USB HID core driver
Aug 03 15:43:07 witherspoon kernel[951]: [    6.410000] NET: Registered protocol family 10
Aug 03 15:43:07 witherspoon kernel[951]: [    6.410000] Segment Routing with IPv6
Aug 03 15:43:07 witherspoon kernel[951]: [    6.420000] NET: Registered protocol family 17
Aug 03 15:43:07 witherspoon kernel[951]: [    6.420000] 8021q: 802.1Q VLAN Support v1.8
Aug 03 15:43:07 witherspoon kernel[951]: [    6.430000] input: gpio-keys-polled as /devices/platform/gpio-keys-polled/input/input1
Aug 03 15:43:07 witherspoon kernel[951]: [    6.460000] console [netcon0] enabled
Aug 03 15:43:07 witherspoon kernel[951]: [    6.470000] netconsole: network logging started
Aug 03 15:43:07 witherspoon kernel[951]: [    6.470000] input: gpio-keys as /devices/platform/gpio-keys/input/input2
Aug 03 15:43:07 witherspoon kernel[951]: [    6.480000] rtc-rv8803 11-0032: setting system clock to 2016-05-04 01:37:36 UTC (1462325856)
Aug 03 15:43:07 witherspoon kernel[951]: [    6.490000] Freeing unused kernel memory: 280K
Aug 03 15:43:07 witherspoon kernel[951]: [    6.490000] This architecture does not have kernel memory protection.
Aug 03 15:43:07 witherspoon kernel[951]: [    8.440000] jffs2: notice: (540) jffs2_build_xattr_subsystem: complete building xattr subsystem, 1 of xdatum (0 unchecked, 0 orphan) and 11 of xref (0 dead, 0 orphan) found.
Aug 03 15:43:07 witherspoon kernel[951]: [   10.480000] systemd[1]: System time before build time, advancing clock.
Aug 03 15:43:07 witherspoon kernel[951]: [   10.480000] systemd[1]: Failed to insert module 'autofs4': No such file or directory
Aug 03 15:43:07 witherspoon kernel[951]: [   10.770000] systemd[1]: systemd 232 running in system mode. (+PAM -AUDIT -SELINUX -IMA -APPARMOR -SMACK +SYSVINIT -UTMP -LIBCRYPTSETUP -GCRYPT -GNUTLS +ACL +XZ -LZ4 -SECCOMP +BLKID -ELFUTILS +KMOD -IDN)
Aug 03 15:43:07 witherspoon kernel[951]: [   10.770000] systemd[1]: Detected architecture arm.
Aug 03 15:43:07 witherspoon kernel[951]: [   10.850000] systemd[1]: Set hostname to <witherspoon>.
Aug 03 15:43:07 witherspoon kernel[951]: [   12.430000] systemd[1]: Listening on /dev/initctl Compatibility Named Pipe.
Aug 03 15:43:07 witherspoon kernel[951]: [   12.610000] systemd[1]: Started Forward Password Requests to Wall Directory Watch.
Aug 03 15:43:07 witherspoon kernel[951]: [   12.650000] systemd[1]: Started Dispatch Password Requests to Console Directory Watch.
Aug 03 15:43:07 witherspoon kernel[951]: [   12.690000] systemd[1]: Reached target Paths.
Aug 03 15:43:07 witherspoon kernel[951]: [   12.720000] systemd[1]: Listening on Journal Socket.
Aug 03 15:43:07 witherspoon kernel[951]: [   12.760000] systemd[1]: Reached target Remote File Systems.
Aug 03 15:43:07 witherspoon kernel[951]: [   12.800000] systemd[1]: Listening on Network Service Netlink Socket.
Aug 03 15:43:07 witherspoon kernel[951]: [   14.950000] systemd-journald[559]: Received request to flush runtime journal from PID 1
Aug 03 15:43:08 witherspoon kernel[951]: [   23.240000] ubi7: default fastmap pool size: 100
Aug 03 15:43:08 witherspoon kernel[951]: [   23.240000] ubi7: default fastmap WL pool size: 50
Aug 03 15:43:08 witherspoon kernel[951]: [   23.240000] ubi7: attaching mtd7
Aug 03 15:43:08 witherspoon kernel[951]: [   23.240000] ubi7: scanning is finished
Aug 03 15:43:08 witherspoon kernel[951]: [   23.240000] ubi7: attached mtd7 (name "pnor", size 128 MiB)
Aug 03 15:43:08 witherspoon kernel[951]: [   23.240000] ubi7: PEB size: 65536 bytes (64 KiB), LEB size: 65408 bytes
Aug 03 15:43:08 witherspoon kernel[951]: [   23.240000] ubi7: min./max. I/O unit sizes: 1/256, sub-page size 1
Aug 03 15:43:08 witherspoon kernel[951]: [   23.240000] ubi7: VID header offset: 64 (aligned 64), data offset: 128
Aug 03 15:43:08 witherspoon kernel[951]: [   23.240000] ubi7: good PEBs: 2048, bad PEBs: 0, corrupted PEBs: 0
Aug 03 15:43:08 witherspoon kernel[951]: [   23.240000] ubi7: user volume: 3, internal volumes: 1, max. volumes count: 128
Aug 03 15:43:08 witherspoon kernel[951]: [   23.480000] ubi7: max/mean erase counter: 1/0, WL threshold: 4096, image sequence number: 993899866
Aug 03 15:43:08 witherspoon kernel[951]: [   23.480000] ubi7: available PEBs: 1367, total reserved PEBs: 681, PEBs reserved for bad PEB handling: 0
Aug 03 15:43:09 witherspoon kernel[951]: [   23.480000] ubi7: background thread "ubi_bgt7d" started, PID 998
Aug 03 15:43:14 witherspoon systemd[1]: Started Phosphor IPMI BT DBus Bridge.
Aug 03 15:43:14 witherspoon systemd[1]: Started Phosphor Settings Daemon.
Aug 03 15:43:14 witherspoon systemd[1]: Starting Network Service...
Aug 03 15:43:14 witherspoon systemd[1]: Starting Phosphor Inventory Manager...
Aug 03 15:43:14 witherspoon systemd[1]: Starting Avahi mDNS/DNS-SD Stack...
Aug 03 15:43:14 witherspoon systemd[1]: Starting Phosphor Chassis0 Control...
Aug 03 15:43:14 witherspoon systemd[1]: Started Updates symlinks for active PNOR version.
Aug 03 15:43:15 witherspoon systemd[1]: Started Clear one time boot overrides.
Aug 03 15:43:15 witherspoon systemd[1]: Found device /dev/aspeed-lpc-ctrl.
Aug 03 15:43:15 witherspoon systemd[1]: Found device /dev/aspeed-mbox.
Aug 03 15:43:16 witherspoon avahi-daemon[1023]: Found user 'avahi' (UID 998) and group 'avahi' (GID 997).
Aug 03 15:43:16 witherspoon avahi-daemon[1023]: Successfully dropped root privileges.
Aug 03 15:43:16 witherspoon avahi-daemon[1023]: avahi-daemon 0.6.32 starting up.
Aug 03 15:43:16 witherspoon avahi-daemon[1023]: Successfully called chroot().
Aug 03 15:43:16 witherspoon avahi-daemon[1023]: Successfully dropped remaining capabilities.
Aug 03 15:43:16 witherspoon avahi-daemon[1023]: Loading service file /services/obmc_console.service.
Aug 03 15:43:17 witherspoon systemd[1]: Found device /dev/ttyS4.
Aug 03 15:43:17 witherspoon systemd[1]: Found device /dev/ttyVUART0.
Aug 03 15:43:17 witherspoon avahi-daemon[1023]: Loading service file /services/phosphor_rest.service.
Aug 03 15:43:17 witherspoon avahi-daemon[1023]: Loading service file /services/sftp-ssh.service.
Aug 03 15:43:17 witherspoon avahi-daemon[1023]: Loading service file /services/sftp.service.
Aug 03 15:43:17 witherspoon avahi-daemon[1023]: Loading service file /services/ssh.service.
Aug 03 15:43:17 witherspoon avahi-daemon[1023]: Network interface enumeration completed.
Aug 03 15:43:17 witherspoon avahi-daemon[1023]: Server startup complete. Host name is witherspoon.local. Local service cookie is 1643690780.
Aug 03 15:43:17 witherspoon avahi-daemon[1023]: Service "witherspoon" (/services/ssh.service) successfully established.
Aug 03 15:43:18 witherspoon systemd-networkd[1021]: Enumeration completed
Aug 03 15:43:18 witherspoon kernel: ubi: mtd7 is already attached to ubi7
Aug 03 15:43:18 witherspoon kernel: 8021q: adding VLAN 0 to HW filter on device eth0
Aug 03 15:43:17 witherspoon avahi-daemon[1023]: Service "sftp" (/services/sftp.service) successfully established.
Aug 03 15:43:18 witherspoon systemd-networkd[1021]: eth0: IPv6 enabled for interface: Success
Aug 03 15:43:17 witherspoon avahi-daemon[1023]: Service "witherspoon" (/services/sftp-ssh.service) successfully established.
Aug 03 15:43:18 witherspoon systemd-networkd[1021]: eth0: Gained carrier
Aug 03 15:43:17 witherspoon avahi-daemon[1023]: Service "phosphor_rest" (/services/phosphor_rest.service) successfully established.
Aug 03 15:43:17 witherspoon avahi-daemon[1023]: Service "obmc_console" (/services/obmc_console.service) successfully established.
Aug 03 15:43:18 witherspoon avahi-daemon[1023]: Joining mDNS multicast group on interface eth0.IPv4 with address 9.41.166.169.
Aug 03 15:43:18 witherspoon systemd-timesyncd[697]: Network configuration changed, trying to establish connection.
Aug 03 15:43:18 witherspoon avahi-daemon[1023]: New relevant interface eth0.IPv4 for mDNS.
Aug 03 15:43:18 witherspoon systemd[1]: Started Network Service.
Aug 03 15:43:18 witherspoon avahi-daemon[1023]: Registering new address record for 9.41.166.169 on eth0.IPv4.
Aug 03 15:43:18 witherspoon kernel[951]: [   32.360000] ubi: mtd7 is already attached to ubi7
Aug 03 15:43:18 witherspoon kernel[951]: [   32.910000] 8021q: adding VLAN 0 to HW filter on device eth0
Aug 03 15:43:19 witherspoon systemd[1]: Started Remount the ubi volume after a reboot.
Aug 03 15:43:20 witherspoon avahi-daemon[1023]: Joining mDNS multicast group on interface eth0.IPv6 with address fe80::72e2:84ff:fe14:2420.
Aug 03 15:43:20 witherspoon systemd-networkd[1021]: eth0: Gained IPv6LL
Aug 03 15:43:20 witherspoon avahi-daemon[1023]: New relevant interface eth0.IPv6 for mDNS.
Aug 03 15:43:20 witherspoon avahi-daemon[1023]: Registering new address record for fe80::72e2:84ff:fe14:2420 on eth0.*.
Aug 03 15:43:21 witherspoon kernel: ftgmac100 1e660000.ethernet eth0: ncsi: removed vlan tag 0 at index 1
Aug 03 15:43:21 witherspoon kernel: ftgmac100 1e660000.ethernet eth0: ncsi: removed vlan tag 0 at index 2
Aug 03 15:43:21 witherspoon kernel: ftgmac100 1e660000.ethernet eth0: no vlan ids left to set
Aug 03 15:43:21 witherspoon kernel: ftgmac100 1e660000.ethernet eth0: NCSI interface up
Aug 03 15:43:21 witherspoon kernel[951]: [   36.400000] ftgmac100 1e660000.ethernet eth0: ncsi: removed vlan tag 0 at index 1
Aug 03 15:43:21 witherspoon kernel[951]: [   36.400000] ftgmac100 1e660000.ethernet eth0: ncsi: removed vlan tag 0 at index 2
Aug 03 15:43:21 witherspoon kernel[951]: [   36.400000] ftgmac100 1e660000.ethernet eth0: no vlan ids left to set
Aug 03 15:43:21 witherspoon kernel[951]: [   36.400000] ftgmac100 1e660000.ethernet eth0: NCSI interface up
Aug 03 15:43:22 witherspoon kernel: block ubiblock7_0: created from ubi7:0(pnor-ro-fd2cbe15)
Aug 03 15:43:22 witherspoon kernel[951]: [   37.470000] block ubiblock7_0: created from ubi7:0(pnor-ro-fd2cbe15)
Aug 03 15:43:23 witherspoon kernel: UBIFS (ubi7:1): background thread "ubifs_bgt7_1" started, PID 1069
Aug 03 15:43:23 witherspoon kernel[951]: [   38.030000] UBIFS (ubi7:1): background thread "ubifs_bgt7_1" started, PID 1069
Aug 03 15:43:24 witherspoon kernel: UBIFS (ubi7:1): UBIFS: mounted UBI device 7, volume 1, name "pnor-rw-fd2cbe15"
Aug 03 15:43:24 witherspoon kernel: UBIFS (ubi7:1): LEB size: 65408 bytes (63 KiB), min./max. I/O unit sizes: 8 bytes/256 bytes
Aug 03 15:43:24 witherspoon kernel: UBIFS (ubi7:1): FS size: 16155776 bytes (15 MiB, 247 LEBs), journal size 784896 bytes (0 MiB, 12 LEBs)
Aug 03 15:43:24 witherspoon kernel: UBIFS (ubi7:1): reserved for root: 763076 bytes (745 KiB)
Aug 03 15:43:24 witherspoon kernel: UBIFS (ubi7:1): media format: w5/r0 (latest is w5/r0), UUID 89960494-BF79-476A-8A00-045D3A68C4EE, small LPT model
Aug 03 15:43:24 witherspoon kernel[951]: [   38.680000] UBIFS (ubi7:1): UBIFS: mounted UBI device 7, volume 1, name "pnor-rw-fd2cbe15"
Aug 03 15:43:24 witherspoon kernel[951]: [   38.680000] UBIFS (ubi7:1): LEB size: 65408 bytes (63 KiB), min./max. I/O unit sizes: 8 bytes/256 bytes
Aug 03 15:43:24 witherspoon kernel[951]: [   38.680000] UBIFS (ubi7:1): FS size: 16155776 bytes (15 MiB, 247 LEBs), journal size 784896 bytes (0 MiB, 12 LEBs)
Aug 03 15:43:24 witherspoon kernel[951]: [   38.680000] UBIFS (ubi7:1): reserved for root: 763076 bytes (745 KiB)
Aug 03 15:43:24 witherspoon kernel[951]: [   38.680000] UBIFS (ubi7:1): media format: w5/r0 (latest is w5/r0), UUID 89960494-BF79-476A-8A00-045D3A68C4EE, small LPT model
Aug 03 15:43:25 witherspoon kernel: UBIFS (ubi7:2): background thread "ubifs_bgt7_2" started, PID 1077
Aug 03 15:43:25 witherspoon kernel[951]: [   39.860000] UBIFS (ubi7:2): background thread "ubifs_bgt7_2" started, PID 1077
Aug 03 15:43:25 witherspoon kernel: UBIFS (ubi7:2): UBIFS: mounted UBI device 7, volume 2, name "pnor-prsv"
Aug 03 15:43:25 witherspoon kernel: UBIFS (ubi7:2): LEB size: 65408 bytes (63 KiB), min./max. I/O unit sizes: 8 bytes/256 bytes
Aug 03 15:43:25 witherspoon kernel: UBIFS (ubi7:2): FS size: 1504384 bytes (1 MiB, 23 LEBs), journal size 523265 bytes (0 MiB, 6 LEBs)
Aug 03 15:43:25 witherspoon kernel: UBIFS (ubi7:2): reserved for root: 71055 bytes (69 KiB)
Aug 03 15:43:25 witherspoon kernel: UBIFS (ubi7:2): media format: w5/r0 (latest is w5/r0), UUID 8178EC19-16E1-4F5B-B5BB-6785795FB122, small LPT model
Aug 03 15:43:25 witherspoon kernel[951]: [   40.120000] UBIFS (ubi7:2): UBIFS: mounted UBI device 7, volume 2, name "pnor-prsv"
Aug 03 15:43:25 witherspoon kernel[951]: [   40.120000] UBIFS (ubi7:2): LEB size: 65408 bytes (63 KiB), min./max. I/O unit sizes: 8 bytes/256 bytes
Aug 03 15:43:25 witherspoon kernel[951]: [   40.120000] UBIFS (ubi7:2): FS size: 1504384 bytes (1 MiB, 23 LEBs), journal size 523265 bytes (0 MiB, 6 LEBs)
Aug 03 15:43:25 witherspoon kernel[951]: [   40.120000] UBIFS (ubi7:2): reserved for root: 71055 bytes (69 KiB)
Aug 03 15:43:25 witherspoon kernel[951]: [   40.120000] UBIFS (ubi7:2): media format: w5/r0 (latest is w5/r0), UUID 8178EC19-16E1-4F5B-B5BB-6785795FB122, small LPT model
Aug 03 15:43:25 witherspoon systemd[1]: Started Remount the squashfs and ubi volumes after a reboot.
Aug 03 15:43:26 witherspoon systemd[1]: Started Phosphor Log Manager.
Aug 03 15:43:26 witherspoon systemd[1]: Started Phosphor Download Manager.
Aug 03 15:43:26 witherspoon systemd[1]: Started Phosphor LED Group Management Daemon.
Aug 03 15:43:26 witherspoon systemd[1]: Started Phosphor Dump Manager.
Aug 03 15:43:26 witherspoon systemd[1]: Started Avahi mDNS/DNS-SD Stack.
Aug 03 15:43:26 witherspoon systemd[1]: Started Phosphor Inventory Manager.
Aug 03 15:43:26 witherspoon systemd[1]: Started Phosphor BMC0 Control.
Aug 03 15:43:26 witherspoon systemd[1]: Created slice system-dropbear.slice.
Aug 03 15:43:26 witherspoon systemd[1]: Started SSH Per-Connection Server (9.41.165.94:49014).
Aug 03 15:43:26 witherspoon systemd[1]: Starting OpenPower Software Update Manager...
Aug 03 15:43:26 witherspoon systemd[1]: Created slice system-xyz.openbmc_project.led.controller.slice.
Aug 03 15:43:26 witherspoon systemd[1]: Started Phosphor sysfs LED controller.
Aug 03 15:43:26 witherspoon systemd[1]: Started Phosphor sysfs LED controller.
Aug 03 15:43:26 witherspoon systemd[1]: Started Phosphor sysfs LED controller.
Aug 03 15:43:26 witherspoon systemd[1]: Started Phosphor sysfs LED controller.
Aug 03 15:43:26 witherspoon systemd[1]: Started Phosphor sysfs LED controller.
Aug 03 15:43:26 witherspoon systemd[1]: Started Phosphor sysfs LED controller.
Aug 03 15:43:26 witherspoon systemd[1]: Started Phosphor sysfs LED controller.
Aug 03 15:43:27 witherspoon systemd[1]: Started Phosphor sysfs LED controller.
Aug 03 15:43:27 witherspoon systemd[1]: Started Phosphor sysfs LED controller.
Aug 03 15:43:27 witherspoon systemd[1]: Started Phosphor sysfs LED controller.
Aug 03 15:43:27 witherspoon systemd[1]: Starting OpenBMC Software Update Manager...
Aug 03 15:43:27 witherspoon systemd[1]: Reached target Network.
Aug 03 15:43:27 witherspoon systemd[1]: Started Lightweight SLP Server.
Aug 03 15:43:27 witherspoon systemd[1]: Starting Permit User Sessions...
Aug 03 15:43:27 witherspoon systemd[1]: Started Phosphor Console Muxer listening on device /dev/ttyVUART0.
Aug 03 15:43:27 witherspoon systemd[1]: Created slice system-xyz.openbmc_project.Hwmon.slice.
Aug 03 15:43:28 witherspoon dropbear[1079]: Failed loading /etc/dropbear/dropbear_dss_host_key
Aug 03 15:43:28 witherspoon dropbear[1079]: Failed loading /etc/dropbear/dropbear_ecdsa_host_key
Aug 03 15:43:28 witherspoon dropbear[1079]: Child connection from ::ffff:9.41.165.94:49014
Aug 03 15:43:29 witherspoon systemd[1]: Started OpenPower Software Update Manager.
Aug 03 15:43:29 witherspoon systemd[1]: Starting Create a ubi volume for pnor patches...
Aug 03 15:43:29 witherspoon systemd[1]: Started Phosphor MBOX Daemon.
Aug 03 15:43:29 witherspoon systemd[1]: Started OpenBMC Software Update Manager.
Aug 03 15:43:29 witherspoon systemd[1]: Started Permit User Sessions.
Aug 03 15:43:29 witherspoon systemd[1]: Started Serial Getty on ttyS4.
Aug 03 15:43:29 witherspoon systemd[1]: Reached target Login Prompts.
Aug 03 15:43:29 witherspoon systemd[1]: Reached target Multi-User System.
Aug 03 15:43:29 witherspoon systemd[1]: Starting Phosphor Version Software Manager...
Aug 03 15:43:32 witherspoon systemd[1]: Started Phosphor Version Software Manager.
Aug 03 15:43:32 witherspoon systemd-networkd[1021]: eth0: Configured
Aug 03 15:43:32 witherspoon systemd-timesyncd[697]: Network configuration changed, trying to establish connection.
Aug 03 15:43:33 witherspoon obmc-flash-bios[1095]: Volume ID 3, size 257 LEBs (16809856 bytes, 16.0 MiB), LEB size 65408 bytes (63.9 KiB), dynamic, name "pnor-patch", alignment 1
Aug 03 15:43:34 witherspoon systemd[1]: Started Create a ubi volume for pnor patches.
Aug 03 15:43:34 witherspoon kernel: UBIFS (ubi7:3): default file-system created
Aug 03 15:43:34 witherspoon kernel: UBIFS (ubi7:3): UBIFS: mounted UBI device 7, volume 3, name "pnor-patch"
Aug 03 15:43:34 witherspoon kernel: UBIFS (ubi7:3): LEB size: 65408 bytes (63 KiB), min./max. I/O unit sizes: 8 bytes/256 bytes
Aug 03 15:43:34 witherspoon kernel: UBIFS (ubi7:3): FS size: 16155776 bytes (15 MiB, 247 LEBs), journal size 784896 bytes (0 MiB, 12 LEBs)
Aug 03 15:43:34 witherspoon kernel: UBIFS (ubi7:3): reserved for root: 763076 bytes (745 KiB)
Aug 03 15:43:34 witherspoon kernel: UBIFS (ubi7:3): media format: w5/r0 (latest is w5/r0), UUID 70311C8B-5698-4BEF-88A4-ED61EFA09AA5, small LPT model
Aug 03 15:43:34 witherspoon kernel: UBIFS (ubi7:3): background thread "ubifs_bgt7_3" started, PID 1119
Aug 03 15:43:34 witherspoon kernel[951]: [   48.810000] UBIFS (ubi7:3): default file-system created
Aug 03 15:43:34 witherspoon kernel[951]: [   48.810000] UBIFS (ubi7:3): UBIFS: mounted UBI device 7, volume 3, name "pnor-patch"
Aug 03 15:43:34 witherspoon kernel[951]: [   48.810000] UBIFS (ubi7:3): LEB size: 65408 bytes (63 KiB), min./max. I/O unit sizes: 8 bytes/256 bytes
Aug 03 15:43:34 witherspoon kernel[951]: [   48.810000] UBIFS (ubi7:3): FS size: 16155776 bytes (15 MiB, 247 LEBs), journal size 784896 bytes (0 MiB, 12 LEBs)
Aug 03 15:43:34 witherspoon kernel[951]: [   48.810000] UBIFS (ubi7:3): reserved for root: 763076 bytes (745 KiB)
Aug 03 15:43:34 witherspoon kernel[951]: [   48.810000] UBIFS (ubi7:3): media format: w5/r0 (latest is w5/r0), UUID 70311C8B-5698-4BEF-88A4-ED61EFA09AA5, small LPT model
Aug 03 15:43:34 witherspoon kernel[951]: [   48.810000] UBIFS (ubi7:3): background thread "ubifs_bgt7_3" started, PID 1119
Aug 03 15:43:36 witherspoon dropbear[1079]: pam_unix(dropbear:account): account root has password changed in future
Aug 03 15:43:36 witherspoon dropbear[1079]: PAM password auth succeeded for 'root' from ::ffff:9.41.165.94:49014
Aug 03 15:43:36 witherspoon dropbear[1122]: lastlog_perform_login: Couldn't stat /var/log/lastlog: No such file or directory
Aug 03 15:43:36 witherspoon dropbear[1122]: lastlog_openseek: /var/log/lastlog is not a file or directory!
Aug 03 15:43:37 witherspoon systemd[1]: Started Phosphor Chassis0 Control.
Aug 03 15:43:37 witherspoon chassis_control.py[1024]: Running ChassisControlService
Aug 03 15:43:38 witherspoon sensor_manager2.py[947]: Setting boot count to 3
Aug 03 15:43:38 witherspoon sensor_manager2.py[947]: Starting sensor manager
Aug 03 15:43:38 witherspoon systemd[1]: Started Phosphor Sensor Manager.
Aug 03 15:43:38 witherspoon download_manager.py[967]: Running Download Manager
Aug 03 15:43:38 witherspoon systemd[1]: Started Phosphor Download Manager.
Aug 03 15:43:38 witherspoon inventory_items.py[959]: Loading from cache: /var/cache/obmc/org.openbmc.inventory.system.chassis.motherboard.apss@org.openbmc.InventoryItem.props
Aug 03 15:43:38 witherspoon inventory_items.py[959]: Loading from cache: /var/cache/obmc/org.openbmc.inventory.system.chassis.motherboard@org.openbmc.InventoryItem.props
Aug 03 15:43:39 witherspoon inventory_items.py[959]: Loading from cache: /var/cache/obmc/org.openbmc.inventory.system.chassis.motherboard.refclock@org.openbmc.InventoryItem.props
Aug 03 15:43:39 witherspoon inventory_items.py[959]: Loading from cache: /var/cache/obmc/org.openbmc.inventory.system.chassis.motherboard.cpu1.core7@org.openbmc.InventoryItem.props
Aug 03 15:43:39 witherspoon inventory_items.py[959]: Loading from cache: /var/cache/obmc/org.openbmc.inventory.system.chassis.motherboard.cpu1.core4@org.openbmc.InventoryItem.props
Aug 03 15:43:39 witherspoon inventory_items.py[959]: Loading from cache: /var/cache/obmc/org.openbmc.inventory.system.chassis.motherboard.cpu1.core1@org.openbmc.InventoryItem.props
Aug 03 15:43:39 witherspoon inventory_items.py[959]: Loading from cache: /var/cache/obmc/org.openbmc.inventory.system.chassis.motherboard.cpu1.core10@org.openbmc.InventoryItem.props
Aug 03 15:43:39 witherspoon phosphor-mapper[946]: ObjectMapper startup complete.  Discovery in progress...
Aug 03 15:43:39 witherspoon inventory_items.py[959]: Loading from cache: /var/cache/obmc/org.openbmc.inventory.system.chassis.motherboard.todclock@org.openbmc.InventoryItem.props
Aug 03 15:43:39 witherspoon inventory_items.py[959]: Loading from cache: /var/cache/obmc/org.openbmc.inventory.system.chassis.motherboard.cpu1@org.openbmc.InventoryItem.props
Aug 03 15:43:39 witherspoon inventory_items.py[959]: Loading from cache: /var/cache/obmc/org.openbmc.inventory.system.chassis.motherboard.bmc@org.openbmc.InventoryItem.props
Aug 03 15:43:39 witherspoon inventory_items.py[959]: Caching: /org/openbmc/inventory/system/chassis/motherboard/bmc
Aug 03 15:43:39 witherspoon inventory_items.py[959]: Loading from cache: /var/cache/obmc/org.openbmc.inventory.system.chassis.motherboard.cpu0.core1@org.openbmc.InventoryItem.props
Aug 03 15:43:40 witherspoon inventory_items.py[959]: Loading from cache: /var/cache/obmc/org.openbmc.inventory.system.chassis.motherboard.cpu0.core7@org.openbmc.InventoryItem.props
Aug 03 15:43:40 witherspoon inventory_items.py[959]: Loading from cache: /var/cache/obmc/org.openbmc.inventory.system.chassis.motherboard.cpu0.core4@org.openbmc.InventoryItem.props
Aug 03 15:43:40 witherspoon inventory_items.py[959]: Loading from cache: /var/cache/obmc/org.openbmc.inventory.system.chassis.motherboard.pcieclock@org.openbmc.InventoryItem.props
Aug 03 15:43:40 witherspoon inventory_items.py[959]: Loading from cache: /var/cache/obmc/org.openbmc.inventory.system.chassis.motherboard.cpu0.core10@org.openbmc.InventoryItem.props
Aug 03 15:43:40 witherspoon inventory_items.py[959]: Running Inventory Manager
Aug 03 15:43:40 witherspoon systemd[1]: Started Phosphor Inventory Manager.
Aug 03 15:43:40 witherspoon avahi-daemon[1033]: ../../avahi-0.6.32/avahi-daemon/chroot.c: open() failed: No such file or directory
Aug 03 15:43:40 witherspoon avahi-daemon[1023]: Failed to open /usr/share/dbus-1/interfaces/org.freedesktop.Avahi.Server.xml: Invalid argument
Aug 03 15:43:40 witherspoon avahi-daemon[1023]: Failed to load introspection data.
Aug 03 15:43:41 witherspoon systemd[1]: Started Phosphor Network Manager.
Aug 03 15:43:41 witherspoon netman.py[968]: Started
Aug 03 15:43:41 witherspoon systemd[1]: Started Phosphor User Manager.
Aug 03 15:43:41 witherspoon obmc-phosphor-userd[948]: Started
Aug 03 15:43:52 witherspoon phosphor-mapper[946]: ObjectMapper discovery complete
Aug 03 15:43:52 witherspoon systemd[1]: Started Phosphor DBus Service Discovery Manager.
Aug 03 15:43:52 witherspoon systemd[1]: Started Phosphor Hwmon Poller.
Aug 03 15:43:52 witherspoon systemd[1]: Reached target Phosphor Object Mapper.
Aug 03 15:43:52 witherspoon systemd[1]: Starting Wait for /xyz/openbmc_project/state/host0...
Aug 03 15:43:52 witherspoon systemd[1]: Starting Wait for /xyz/openbmc_project/control/host0/auto_reboot...
Aug 03 15:43:52 witherspoon systemd[1]: Starting Wait for /org/openbmc/control/power0...
Aug 03 15:43:52 witherspoon systemd[1]: Starting Wait for /org/openbmc/managers/Download...
Aug 03 15:43:52 witherspoon systemd[1]: Starting Phoshpor System Manager...
Aug 03 15:43:52 witherspoon systemd[1]: Starting Wait for /xyz/openbmc_project/control/host0/power_restore_policy...
Aug 03 15:43:52 witherspoon systemd[1]: Starting Wait for /org/openbmc/managers/System...
Aug 03 15:43:52 witherspoon systemd[1]: Starting Phosphor Network Manager...
Aug 03 15:43:52 witherspoon systemd[1]: Starting Phosphor Settings Manager...
Aug 03 15:43:52 witherspoon systemd[1]: Starting Wait for /xyz/openbmc_project/control/host0/restriction_mode...
Aug 03 15:43:52 witherspoon systemd[1]: Started Phosphor DBus Monitor.
Aug 03 15:43:52 witherspoon systemd[1]: Reached target Webserver (pre).
Aug 03 15:43:52 witherspoon systemd[1]: Started Phosphor Webserver.
Aug 03 15:43:52 witherspoon systemd[1]: Starting Wait for /org/openbmc/control/bmc0...
Aug 03 15:43:52 witherspoon systemd[1]: Starting Wait for /xyz/openbmc_project/led/groups...
Aug 03 15:43:52 witherspoon systemd[1]: Starting Wait for /xyz/openbmc_project/time/sync_method...
Aug 03 15:43:52 witherspoon systemd[1]: Starting Wait for /xyz/openbmc_project/inventory...
Aug 03 15:43:52 witherspoon systemd[1]: Starting Wait for /xyz/openbmc_project/led/groups/bmc_booted...
Aug 03 15:43:52 witherspoon systemd[1]: Starting Wait for /org/openbmc/NetworkManager/Interface...
Aug 03 15:43:52 witherspoon systemd[1]: Starting Wait for /xyz/openbmc_project/state/chassis0...
Aug 03 15:43:52 witherspoon systemd[1]: Starting Wait for /xyz/openbmc_project/control/host0/boot_source...
Aug 03 15:43:52 witherspoon systemd[1]: Starting Wait for /xyz/openbmc_project/time/owner...
Aug 03 15:43:52 witherspoon systemd[1]: Starting Wait for /xyz/openbmc_project/control/host0/boot_mode...
Aug 03 15:43:52 witherspoon systemd[1]: Starting Wait for /xyz/openbmc_project/control/host0...
Aug 03 15:43:52 witherspoon systemd[1]: Started Phosphor Hwmon Poller.
Aug 03 15:43:52 witherspoon systemd[1]: Started Phosphor Hwmon Poller.
Aug 03 15:43:53 witherspoon systemd[1]: Started Phosphor Hwmon Poller.
Aug 03 15:43:53 witherspoon systemd[1]: Started Phosphor Hwmon Poller.
Aug 03 15:43:53 witherspoon systemd[1]: Started Phosphor Hwmon Poller.
Aug 03 15:43:53 witherspoon systemd[1]: Started Phosphor Hwmon Poller.
Aug 03 15:43:53 witherspoon systemd[1]: Started Phosphor Hwmon Poller.
Aug 03 15:43:58 witherspoon systemd[1]: Started Phosphor Network Manager.
Aug 03 15:43:59 witherspoon phosphor-network-manager[1136]: ConfigParser: Key not found
Aug 03 15:43:59 witherspoon phosphor-network-manager[1136]: The operation failed internally.
Aug 03 15:43:59 witherspoon phosphor-network-manager[1136]: Exception occured during getting of DHCP value
Aug 03 15:44:00 witherspoon dbus[969]: [system] Activating via systemd: service name='org.freedesktop.hostname1' unit='dbus-org.freedesktop.hostname1.service'
Aug 03 15:44:00 witherspoon systemd[1]: Starting Hostname Service...
Aug 03 15:44:01 witherspoon systemd[1]: Started Wait for /xyz/openbmc_project/control/host0/boot_mode.
Aug 03 15:44:01 witherspoon systemd[1]: Started Wait for /xyz/openbmc_project/inventory.
Aug 03 15:44:01 witherspoon systemd[1]: Starting OpenPOWER OCC controller...
Aug 03 15:44:01 witherspoon systemd[1]: Started Phosphor GPIO 0 Presence.
Aug 03 15:44:01 witherspoon systemd[1]: Started Phosphor GPIO 1 Presence.
Aug 03 15:44:02 witherspoon systemd[1]: Starting Read OpenPOWER-format VPD from EEPROM...
Aug 03 15:44:03 witherspoon systemd[1]: Started Phosphor Cooling Type.
Aug 03 15:44:03 witherspoon systemd[1]: Started Wait for /org/openbmc/managers/Download.
Aug 03 15:44:03 witherspoon systemd[1]: Started Wait for /xyz/openbmc_project/control/host0/power_restore_policy.
Aug 03 15:44:03 witherspoon systemd[1]: Started Wait for /xyz/openbmc_project/control/host0/restriction_mode.
Aug 03 15:44:03 witherspoon systemd[1]: Started Wait for /org/openbmc/control/bmc0.
Aug 03 15:44:03 witherspoon systemd[1]: Started Wait for /xyz/openbmc_project/led/groups.
Aug 03 15:44:03 witherspoon systemd[1]: Started Wait for /xyz/openbmc_project/time/sync_method.
Aug 03 15:44:03 witherspoon systemd[1]: Started Wait for /org/openbmc/NetworkManager/Interface.
Aug 03 15:44:03 witherspoon systemd[1]: Started Wait for /xyz/openbmc_project/control/host0/boot_source.
Aug 03 15:44:03 witherspoon systemd[1]: Started Wait for /xyz/openbmc_project/time/owner.
Aug 03 15:44:03 witherspoon dbus[969]: [system] Successfully activated service 'org.freedesktop.hostname1'
Aug 03 15:44:03 witherspoon phosphor-gpio-presence[1162]: Updating inventory present property
Aug 03 15:44:03 witherspoon phosphor-gpio-presence[1163]: Updating inventory present property
Aug 03 15:44:04 witherspoon systemd[1]: Started Hostname Service.
Aug 03 15:44:04 witherspoon systemd[1]: Started Phosphor DNS Settings Cache Manager.
Aug 03 15:44:04 witherspoon systemd[1]: Started FRU Fault monitor service.
Aug 03 15:44:04 witherspoon systemd[1]: Starting Phosphor BMC Code Update...
Aug 03 15:44:11 witherspoon systemd[1]: Started Wait for /xyz/openbmc_project/control/host0/auto_reboot.
Aug 03 15:44:11 witherspoon systemd[1]: Started Wait for /xyz/openbmc_project/led/groups/bmc_booted.
Aug 03 15:44:12 witherspoon system_manager.py[1133]: Running System State: BASE_APPS
Aug 03 15:44:12 witherspoon system_manager.py[1133]: SystemManager Init Done
Aug 03 15:44:12 witherspoon system_manager.py[1133]: Running SystemManager
Aug 03 15:44:12 witherspoon systemd[1]: Started Phoshpor System Manager.
Aug 03 15:44:16 witherspoon bmc_update.py[1178]: Running Bmc Flash Control
Aug 03 15:44:16 witherspoon systemd[1]: Started Phosphor BMC Code Update.
Aug 03 15:44:18 witherspoon systemd[1]: Started OpenPOWER OCC controller.
Aug 03 15:44:20 witherspoon system_manager.py[1133]: SystemManager Goto System State: BMC_STARTING
Aug 03 15:44:20 witherspoon system_manager.py[1133]: Running System State: BMC_STARTING
Aug 03 15:44:20 witherspoon settings_manager.py[1137]: Running HostSettingsService
Aug 03 15:44:20 witherspoon systemd[1]: Started Phosphor Settings Manager.
Aug 03 15:44:20 witherspoon systemd[1]: Starting Wait for /org/openbmc/settings/host0...
Aug 03 15:44:22 witherspoon systemd[1]: Started Read OpenPOWER-format VPD from EEPROM.
Aug 03 15:44:27 witherspoon phosphor-gevent[1140]: Traceback (most recent call last):
Aug 03 15:44:27 witherspoon phosphor-gevent[1140]:   File "/usr/lib/python2.7/site-packages/gevent/greenlet.py", line 327, in run
Aug 03 15:44:27 witherspoon phosphor-gevent[1140]:     result = self._run(*self.args, **self.kwargs)
Aug 03 15:44:27 witherspoon phosphor-gevent[1140]:   File "/usr/lib/python2.7/site-packages/gevent/server.py", line 102, in wrap_socket_and_handle
Aug 03 15:44:27 witherspoon phosphor-gevent[1140]:     ssl_socket = self.wrap_socket(client_socket, **self.ssl_args)
Aug 03 15:44:27 witherspoon phosphor-gevent[1140]:   File "/usr/lib/python2.7/site-packages/gevent/ssl.py", line 404, in wrap_socket
Aug 03 15:44:27 witherspoon phosphor-gevent[1140]:     ciphers=ciphers)
Aug 03 15:44:27 witherspoon phosphor-gevent[1140]:   File "/usr/lib/python2.7/site-packages/gevent/ssl.py", line 113, in __init__
Aug 03 15:44:27 witherspoon phosphor-gevent[1140]:     self.do_handshake()
Aug 03 15:44:27 witherspoon phosphor-gevent[1140]:   File "/usr/lib/python2.7/site-packages/gevent/ssl.py", line 324, in do_handshake
Aug 03 15:44:27 witherspoon phosphor-gevent[1140]:     return self._sslobj.do_handshake()
Aug 03 15:44:27 witherspoon phosphor-gevent[1140]: SSLEOFError: EOF occurred in violation of protocol (_ssl.c:590)
Aug 03 15:44:27 witherspoon phosphor-gevent[1140]: <Greenlet at 0x75fff490: <bound method WSGIServer.wrap_socket_and_handle of <WSGIServer at 0x75fd6b90 fileno=5 address=('::3492:ee76:b06d:6476%1986293152', 443, 0, 1986293152)>>(<socket at 0x75eac870 fileno=9>, ('::8079:6276:8e91:f402%1995275036', 54546, 0, 199)> failed with SSLEOFError
Aug 03 15:44:27 witherspoon phosphor-gevent[1140]: Traceback (most recent call last):
Aug 03 15:44:27 witherspoon phosphor-gevent[1140]:   File "/usr/lib/python2.7/site-packages/gevent/greenlet.py", line 327, in run
Aug 03 15:44:27 witherspoon phosphor-gevent[1140]:     result = self._run(*self.args, **self.kwargs)
Aug 03 15:44:27 witherspoon phosphor-gevent[1140]:   File "/usr/lib/python2.7/site-packages/gevent/server.py", line 102, in wrap_socket_and_handle
Aug 03 15:44:27 witherspoon phosphor-gevent[1140]:     ssl_socket = self.wrap_socket(client_socket, **self.ssl_args)
Aug 03 15:44:27 witherspoon phosphor-gevent[1140]:   File "/usr/lib/python2.7/site-packages/gevent/ssl.py", line 404, in wrap_socket
Aug 03 15:44:27 witherspoon phosphor-gevent[1140]:     ciphers=ciphers)
Aug 03 15:44:27 witherspoon phosphor-gevent[1140]:   File "/usr/lib/python2.7/site-packages/gevent/ssl.py", line 113, in __init__
Aug 03 15:44:28 witherspoon phosphor-gevent[1140]:     self.do_handshake()
Aug 03 15:44:28 witherspoon phosphor-gevent[1140]:   File "/usr/lib/python2.7/site-packages/gevent/ssl.py", line 324, in do_handshake
Aug 03 15:44:28 witherspoon phosphor-gevent[1140]:     return self._sslobj.do_handshake()
Aug 03 15:44:28 witherspoon phosphor-gevent[1140]: SSLEOFError: EOF occurred in violation of protocol (_ssl.c:590)
Aug 03 15:44:28 witherspoon phosphor-gevent[1140]: <Greenlet at 0x75fff760: <bound method WSGIServer.wrap_socket_and_handle of <WSGIServer at 0x75fd6b90 fileno=5 address=('::3492:ee76:b06d:6476%1986293152', 443, 0, 1986293152)>>(<socket at 0x75eac810 fileno=10>, ('::8079:6276:8e91:f402%1995275036', 54550, 0, 199)> failed with SSLEOFError
Aug 03 15:44:28 witherspoon phosphor-gevent[1140]: ::8079:6276:8e91:f402%1995275036 - - [2017-08-03 15:44:28] "POST /login HTTP/1.1" 200 320 0.083333
Aug 03 15:44:28 witherspoon systemd[1]: Started Wait for /org/openbmc/managers/System.
Aug 03 15:44:28 witherspoon systemd[1]: Starting Phosphor BMC State Manager...
Aug 03 15:44:28 witherspoon systemd[1]: Starting Phosphor Reset Button0...
Aug 03 15:44:28 witherspoon systemd[1]: Starting Phosphor Power Button0...
Aug 03 15:44:29 witherspoon system_manager.py[1133]: New object: /org/openbmc/control/power0 (:1.78)
Aug 03 15:44:29 witherspoon systemd[1]: Starting Phosphor Power0 Control...
Aug 03 15:44:29 witherspoon systemd[1]: Starting Phosphor Chassis State Manager...
Aug 03 15:44:29 witherspoon systemd[1]: Started Wait for /org/openbmc/settings/host0.
Aug 03 15:44:29 witherspoon systemd[1]: Started Phosphor Inband IPMI.
Aug 03 15:44:29 witherspoon phosphor-chassis-state-manager[1199]: Initial Chassis State will be Off
Aug 03 15:44:29 witherspoon systemd[1]: Started Phosphor Chassis State Manager.
Aug 03 15:44:30 witherspoon phosphor-bmc-state-manager[1186]: Setting the BMCState field
Aug 03 15:44:30 witherspoon phosphor-bmc-state-manager[1186]: Setting the BMCState field
Aug 03 15:44:30 witherspoon systemd[1]: Started Phosphor BMC State Manager.
Aug 03 15:44:30 witherspoon button_reset.exe[1187]: GPIO Lookup:  RESET_BUTTON = 353,both
Aug 03 15:44:30 witherspoon systemd[1]: Started Phosphor Reset Button0.
Aug 03 15:44:30 witherspoon system_manager.py[1133]: Power GPIO config: ['SYS_PWROK_BUFF', '', [('SOFTWARE_PGOOD', True), ('BMC_POWER_UP', True)], [('BMC_CP0_RESET_N', False)], [('BMC_VS1_PERST_N', False, False), ('BMC_CP0_PERST_ENABLE_R', False, False)], 'FSI_DATA', 'FSI_CLK', 'FSI_ENABLE', 'CRONUS_SEL', []]
Aug 03 15:44:30 witherspoon power_control.exe[1189]: Power GPIO latch output:
Aug 03 15:44:30 witherspoon power_control.exe[1189]: Power GPIO power good input: SYS_PWROK_BUFF
Aug 03 15:44:30 witherspoon power_control.exe[1189]: Power GPIO 2 power_up outputs
Aug 03 15:44:30 witherspoon power_control.exe[1189]: Power GPIO power_up[0] = SOFTWARE_PGOOD active HIGH
Aug 03 15:44:30 witherspoon power_control.exe[1189]: Power GPIO power_up[1] = BMC_POWER_UP active HIGH
Aug 03 15:44:30 witherspoon power_control.exe[1189]: Power GPIO 1 reset outputs
Aug 03 15:44:30 witherspoon power_control.exe[1189]: Power GPIO reset[0] = BMC_CP0_RESET_N active LOW
Aug 03 15:44:30 witherspoon power_control.exe[1189]: Power GPIO 2 pci reset outputs
Aug 03 15:44:30 witherspoon power_control.exe[1189]: Power GPIO pci reset[0] = BMC_VS1_PERST_N active LOW, hold - No
Aug 03 15:44:30 witherspoon power_control.exe[1189]: Power GPIO pci reset[1] = BMC_CP0_PERST_ENABLE_R active LOW, hold - No
Aug 03 15:44:30 witherspoon power_control.exe[1189]: FSI DATA GPIO: FSI_DATA
Aug 03 15:44:30 witherspoon power_control.exe[1189]: FSI CLK GPIO: FSI_CLK
Aug 03 15:44:30 witherspoon power_control.exe[1189]: FSI ENABLE GPIO: FSI_ENABLE
Aug 03 15:44:30 witherspoon power_control.exe[1189]: CRONUS SEL GPIO: CRONUS_SEL
Aug 03 15:44:30 witherspoon power_control.exe[1189]: Hostctl GPIO optionals: 0
Aug 03 15:44:30 witherspoon power_control.exe[1189]: GPIO Lookup:  SYS_PWROK_BUFF = 306,in
Aug 03 15:44:30 witherspoon phosphor-gevent[1140]: ::8079:6276:8e91:f402%1995275036 - - [2017-08-03 15:44:30] "GET /xyz/openbmc_project/state/chassis0//attr/CurrentPowerState HTTP/1.1" 404 312 2.141730
Aug 03 15:44:30 witherspoon power_control.exe[1189]: GPIO Lookup:  SOFTWARE_PGOOD = 417,out
Aug 03 15:44:30 witherspoon power_control.exe[1189]: GPIO Lookup:  BMC_POWER_UP = 305,out
Aug 03 15:44:30 witherspoon power_control.exe[1189]: GPIO Lookup:  BMC_CP0_RESET_N = 281,out
Aug 03 15:44:30 witherspoon power_control.exe[1189]: GPIO Lookup:  BMC_VS1_PERST_N = 295,out
Aug 03 15:44:31 witherspoon button_power.exe[1188]: GPIO Lookup:  POWER_BUTTON = 347,both
Aug 03 15:44:31 witherspoon systemd[1]: Started Phosphor Power Button0.
Aug 03 15:44:31 witherspoon power_control.exe[1189]: GPIO Lookup:  BMC_CP0_PERST_ENABLE_R = 283,out
Aug 03 15:44:31 witherspoon power_control.exe[1189]: Pgood state: 0
Aug 03 15:44:31 witherspoon systemd[1]: Started Phosphor Power0 Control.
Aug 03 15:44:32 witherspoon phosphor-gevent[1140]: ::8079:6276:8e91:f402%1995275036 - - [2017-08-03 15:44:32] "POST /login HTTP/1.1" 200 320 0.032809
Aug 03 15:44:33 witherspoon phosphor-gevent[1140]: ::8079:6276:8e91:f402%1995275036 - - [2017-08-03 15:44:33] "GET /xyz/openbmc_project/state/chassis0//attr/CurrentPowerState HTTP/1.1" 404 312 0.755603
Aug 03 15:44:35 witherspoon systemd[1]: Started Wait for /xyz/openbmc_project/state/chassis0.
Aug 03 15:44:36 witherspoon systemd[1]: Started Wait for /org/openbmc/control/power0.
Aug 03 15:44:36 witherspoon systemd[1]: Starting Phosphor Time Manager daemon...
Aug 03 15:44:36 witherspoon systemd[1]: Starting Check Chassis0 pgood and create a file to indicate it...
Aug 03 15:44:36 witherspoon phosphor-gevent[1140]: ::8079:6276:8e91:f402%1995275036 - - [2017-08-03 15:44:36] "POST /login HTTP/1.1" 200 320 0.036822
Aug 03 15:44:37 witherspoon systemd[1]: Started Check Chassis0 pgood and create a file to indicate it.
Aug 03 15:44:37 witherspoon systemd[1]: Reached target Chassis0 power on after reset.
Aug 03 15:44:37 witherspoon systemd[1]: Reached target Chassis0 (Reset Check).
Aug 03 15:44:37 witherspoon timemanager[1221]: Registering dbus methods
Aug 03 15:44:37 witherspoon timemanager[1221]: Last known time_mode: NTP
Aug 03 15:44:37 witherspoon timemanager[1221]: Last known time_owner: BMC
Aug 03 15:44:37 witherspoon timemanager[1221]: Empty DhcpNtp string
Aug 03 15:44:37 witherspoon timemanager[1221]: Reading Power Control key: pgood
Aug 03 15:44:38 witherspoon phosphor-gevent[1140]: ::8079:6276:8e91:f402%1995275036 - - [2017-08-03 15:44:38] "GET /xyz/openbmc_project/state/chassis0//attr/CurrentPowerState HTTP/1.1" 200 216 1.203937
Aug 03 15:44:38 witherspoon phosphor-gevent[1140]: ::8079:6276:8e91:f402%1995275036 - - [2017-08-03 15:44:38] "POST /login HTTP/1.1" 200 320 0.032920
Aug 03 15:44:38 witherspoon timemanager[1221]: Changing settings *allowed* now
Aug 03 15:44:38 witherspoon phosphor-gevent[1140]: ::8079:6276:8e91:f402%1995275036 - - [2017-08-03 15:44:38] "GET /xyz/openbmc_project/state/chassis0//attr/CurrentPowerState HTTP/1.1" 200 216 0.176089
Aug 03 15:44:38 witherspoon systemd[1]: Started Wait for /xyz/openbmc_project/control/host0.
Aug 03 15:44:38 witherspoon systemd[1]: Reached target Host0 running after reset.
Aug 03 15:44:38 witherspoon systemd[1]: Reached target Host0 (Reset Check).
Aug 03 15:44:38 witherspoon systemd[1]: Starting Phosphor Host State Manager...
Aug 03 15:44:39 witherspoon timemanager[1221]: Owner is already set to : BMC
Aug 03 15:44:39 witherspoon phosphor-gevent[1140]: ::8079:6276:8e91:f402%1995275036 - - [2017-08-03 15:44:39] "POST /login HTTP/1.1" 200 320 0.333514
Aug 03 15:44:39 witherspoon phosphor-host-state-manager[1232]: Initial Host State will be Off
Aug 03 15:44:39 witherspoon timemanager[1221]: Requested_Mode: NTP Current_Mode: NTP
Aug 03 15:44:39 witherspoon timemanager[1221]: Mode is already set to : NTP
Aug 03 15:44:39 witherspoon timemanager[1221]: Getting System Settings: use_dhcp_ntp
Aug 03 15:44:39 witherspoon phosphor-gevent[1140]: ::8079:6276:8e91:f402%1995275036 - - [2017-08-03 15:44:39] "GET /xyz/openbmc_project/state/host0//attr/CurrentHostState HTTP/1.1" 404 309 0.400500
Aug 03 15:44:40 witherspoon phosphor-host-state-manager[1232]: External request to reset reboot count
Aug 03 15:44:40 witherspoon systemd[1]: Started Phosphor Host State Manager.
Aug 03 15:44:40 witherspoon timemanager[1221]: use_dhcp_ntp = yes
Aug 03 15:44:40 witherspoon timemanager[1221]: Last known host_offset:0
Aug 03 15:44:40 witherspoon timemanager[1221]: Initial Uptime Usec: 1501774965369890
Aug 03 15:44:40 witherspoon systemd[1]: Started Phosphor Time Manager daemon.
Aug 03 15:44:41 witherspoon systemd[1]: Started Wait for /xyz/openbmc_project/state/host0.
Aug 03 15:44:41 witherspoon systemd[1]: Starting Reboot If Enabled...
Aug 03 15:44:42 witherspoon phosphor-discover-system-state[1234]: Host power is off, checking power policy
Aug 03 15:44:42 witherspoon systemd[1]: Started Reboot If Enabled.
Aug 03 15:44:42 witherspoon systemd[1]: Reached target Phosphor System - Standby.
Aug 03 15:44:42 witherspoon systemd[1]: Starting Assert bmc_booted LED...
Aug 03 15:44:42 witherspoon phosphor-bmc-state-manager[1186]: BMC_READY
Aug 03 15:44:42 witherspoon phosphor-bmc-state-manager[1186]: Setting the BMCState field
Aug 03 15:44:42 witherspoon phosphor-ledmanager[966]: Asserting LEDs
Aug 03 15:44:42 witherspoon systemd[1]: Started Assert bmc_booted LED.
Aug 03 15:44:42 witherspoon systemd[1]: Startup finished in 10.378s (kernel) + 1min 46.886s (userspace) = 1min 57.264s.
Aug 03 15:44:50 witherspoon phosphor-gevent[1140]: ::8079:6276:8e91:f402%1995275036 - - [2017-08-03 15:44:50] "POST /login HTTP/1.1" 200 320 0.050258
Aug 03 15:44:50 witherspoon phosphor-gevent[1140]: ::8079:6276:8e91:f402%1995275036 - - [2017-08-03 15:44:50] "GET /xyz/openbmc_project/state/chassis0//attr/CurrentPowerState HTTP/1.1" 200 216 0.078704
Aug 03 15:44:50 witherspoon phosphor-gevent[1140]: ::8079:6276:8e91:f402%1995275036 - - [2017-08-03 15:44:50] "POST /login HTTP/1.1" 200 320 0.033194
Aug 03 15:44:50 witherspoon phosphor-gevent[1140]: ::8079:6276:8e91:f402%1995275036 - - [2017-08-03 15:44:50] "GET /xyz/openbmc_project/state/host0//attr/CurrentHostState HTTP/1.1" 200 212 0.078528
Aug 03 15:44:50 witherspoon phosphor-gevent[1140]: ::8079:6276:8e91:f402%1995275036 - - [2017-08-03 15:44:50] "POST /login HTTP/1.1" 200 320 0.033926
Aug 03 15:44:50 witherspoon phosphor-gevent[1140]: ::8079:6276:8e91:f402%1995275036 - - [2017-08-03 15:44:50] "GET /xyz/openbmc_project/logging/entry//list HTTP/1.1" 200 214 0.058127
Aug 03 15:44:51 witherspoon phosphor-gevent[1140]: ::8079:6276:8e91:f402%1995275036 - - [2017-08-03 15:44:51] "POST /login HTTP/1.1" 200 320 0.034396
Aug 03 15:44:51 witherspoon phosphor-gevent[1140]: ::8079:6276:8e91:f402%1995275036 - - [2017-08-03 15:44:51] "GET /xyz/openbmc_project/logging/entry//list HTTP/1.1" 200 214 0.044971
Aug 03 15:44:51 witherspoon phosphor-gevent[1140]: ::8079:6276:8e91:f402%1995275036 - - [2017-08-03 15:44:51] "POST /login HTTP/1.1" 200 320 0.051046
Aug 03 15:44:51 witherspoon phosphor-gevent[1140]: ::8079:6276:8e91:f402%1995275036 - - [2017-08-03 15:44:51] "DELETE /xyz/openbmc_project/logging/entry/1 HTTP/1.1" 200 169 0.154952
Aug 03 15:44:51 witherspoon systemd[1]: Started SSH Per-Connection Server (9.41.165.94:49042).
Aug 03 15:44:51 witherspoon dropbear[1245]: Failed loading /etc/dropbear/dropbear_dss_host_key
Aug 03 15:44:51 witherspoon dropbear[1245]: Failed loading /etc/dropbear/dropbear_ecdsa_host_key
Aug 03 15:44:51 witherspoon dropbear[1245]: Child connection from ::ffff:9.41.165.94:49042
Aug 03 15:44:52 witherspoon dropbear[1245]: pam_unix(dropbear:account): account root has password changed in future
Aug 03 15:44:52 witherspoon dropbear[1245]: PAM password auth succeeded for 'root' from ::ffff:9.41.165.94:49042
Aug 03 15:44:52 witherspoon dropbear[1249]: lastlog_perform_login: Couldn't stat /var/log/lastlog: No such file or directory
Aug 03 15:44:52 witherspoon dropbear[1249]: lastlog_openseek: /var/log/lastlog is not a file or directory!
Aug 03 15:44:53 witherspoon dropbear[1245]: Exit (root): Error reading: Connection reset by peer
Aug 03 15:44:53 witherspoon phosphor-gevent[1140]: ::8079:6276:8e91:f402%1995275036 - - [2017-08-03 15:44:53] "POST /login HTTP/1.1" 200 320 0.033014
Aug 03 15:44:54 witherspoon phosphor-gevent[1140]: ::8079:6276:8e91:f402%1995275036 - - [2017-08-03 15:44:54] "GET /xyz/openbmc_project/state/host0//attr/CurrentHostState HTTP/1.1" 200 212 0.075483
Aug 03 15:44:54 witherspoon dropbear[1079]: Exit (root): Exited normally
Aug 03 15:46:13 witherspoon systemd[1]: Started SSH Per-Connection Server (9.41.165.94:41072).
Aug 03 15:46:13 witherspoon dropbear[1258]: Failed loading /etc/dropbear/dropbear_dss_host_key
Aug 03 15:46:13 witherspoon dropbear[1258]: Failed loading /etc/dropbear/dropbear_ecdsa_host_key
Aug 03 15:46:14 witherspoon dropbear[1258]: Child connection from ::ffff:9.41.165.94:41072
Aug 03 15:46:14 witherspoon dropbear[1258]: pam_unix(dropbear:account): account root has password changed in future
Aug 03 15:46:14 witherspoon dropbear[1258]: PAM password auth succeeded for 'root' from ::ffff:9.41.165.94:41072
Aug 03 15:46:14 witherspoon dropbear[1259]: lastlog_perform_login: Couldn't stat /var/log/lastlog: No such file or directory
Aug 03 15:46:14 witherspoon dropbear[1259]: lastlog_openseek: /var/log/lastlog is not a file or directory!
Aug 03 15:46:16 witherspoon systemd[1]: Started SSH Per-Connection Server (9.41.165.94:41074).
Aug 03 15:46:16 witherspoon dropbear[1268]: Failed loading /etc/dropbear/dropbear_dss_host_key
Aug 03 15:46:16 witherspoon dropbear[1268]: Failed loading /etc/dropbear/dropbear_ecdsa_host_key
Aug 03 15:46:16 witherspoon dropbear[1268]: Child connection from ::ffff:9.41.165.94:41074
Aug 03 15:46:16 witherspoon dropbear[1268]: pam_unix(dropbear:account): account root has password changed in future
Aug 03 15:46:16 witherspoon dropbear[1268]: PAM password auth succeeded for 'root' from ::ffff:9.41.165.94:41074
Aug 03 15:46:16 witherspoon dropbear[1269]: lastlog_perform_login: Couldn't stat /var/log/lastlog: No such file or directory
Aug 03 15:46:16 witherspoon dropbear[1269]: lastlog_openseek: /var/log/lastlog is not a file or directory!
Aug 03 15:46:17 witherspoon systemd[1]: Started SSH Per-Connection Server (9.41.165.94:41076).
Aug 03 15:46:17 witherspoon dropbear[1275]: Failed loading /etc/dropbear/dropbear_dss_host_key
Aug 03 15:46:17 witherspoon dropbear[1275]: Failed loading /etc/dropbear/dropbear_ecdsa_host_key
Aug 03 15:46:17 witherspoon dropbear[1275]: Child connection from ::ffff:9.41.165.94:41076
Aug 03 15:46:17 witherspoon dropbear[1275]: pam_unix(dropbear:account): account root has password changed in future
Aug 03 15:46:17 witherspoon dropbear[1275]: PAM password auth succeeded for 'root' from ::ffff:9.41.165.94:41076
Aug 03 15:46:17 witherspoon dropbear[1276]: lastlog_perform_login: Couldn't stat /var/log/lastlog: No such file or directory
Aug 03 15:46:17 witherspoon dropbear[1276]: lastlog_openseek: /var/log/lastlog is not a file or directory!
Aug 03 15:46:19 witherspoon phosphor-gevent[1140]: ::8079:6276:8e91:f402%1995275036 - - [2017-08-03 15:46:19] "POST /login HTTP/1.1" 200 320 0.052866
Aug 03 15:46:19 witherspoon phosphor-gevent[1140]: ::8079:6276:8e91:f402%1995275036 - - [2017-08-03 15:46:19] "POST /login HTTP/1.1" 200 320 0.043947
Aug 03 15:46:19 witherspoon phosphor-gevent[1140]: ::8079:6276:8e91:f402%1995275036 - - [2017-08-03 15:46:19] "GET /xyz/openbmc_project/state/host0//attr/CurrentHostState HTTP/1.1" 200 212 0.077232
Aug 03 15:46:19 witherspoon systemd[1]: Created slice system-obmc\x2dconsole\x2dssh.slice.
Aug 03 15:46:19 witherspoon systemd[1]: Started Phosphor Host Console SSH Per-Connection (9.41.165.94:48396).
Aug 03 15:46:20 witherspoon dropbear[1282]: Failed loading /etc/dropbear/dropbear_dss_host_key
Aug 03 15:46:20 witherspoon dropbear[1282]: Failed loading /etc/dropbear/dropbear_ecdsa_host_key
Aug 03 15:46:20 witherspoon dropbear[1282]: Child connection from ::ffff:9.41.165.94:48396
Aug 03 15:46:20 witherspoon phosphor-gevent[1140]: ::8079:6276:8e91:f402%1995275036 - - [2017-08-03 15:46:20] "POST /login HTTP/1.1" 200 320 0.069282
Aug 03 15:46:20 witherspoon phosphor-host-state-manager[1232]: Host State transaction request
Aug 03 15:46:21 witherspoon phosphor-gevent[1140]: ::8079:6276:8e91:f402%1995275036 - - [2017-08-03 15:46:21] "PUT /xyz/openbmc_project/state/host0//attr/RequestedHostTransition HTTP/1.1" 200 169 0.603107
Aug 03 15:46:21 witherspoon systemd[1]: Starting Wait for /org/openbmc/HostIpmi/1...
Aug 03 15:46:21 witherspoon dropbear[1282]: pam_unix(dropbear:account): account root has password changed in future
Aug 03 15:46:21 witherspoon systemd[1]: Created slice system-obmc\x2dled\x2dgroup\x2dstop.slice.
Aug 03 15:46:21 witherspoon dropbear[1282]: PAM password auth succeeded for 'root' from ::ffff:9.41.165.94:48396
Aug 03 15:46:21 witherspoon systemd[1]: Starting Wait for /xyz/openbmc_project/led/groups/power_on...
Aug 03 15:46:21 witherspoon dropbear[1283]: lastlog_perform_login: Couldn't stat /var/log/lastlog: No such file or directory
Aug 03 15:46:21 witherspoon dropbear[1283]: lastlog_openseek: /var/log/lastlog is not a file or directory!
Aug 03 15:46:21 witherspoon systemd[1]: Starting Wait for /org/openbmc/control/chassis0...
Aug 03 15:46:21 witherspoon systemd[1]: Created slice system-ir35221\x2doff\x2dbind.slice.
Aug 03 15:46:21 witherspoon systemd[1]: Created slice system-op\x2dpower\x2dstop.slice.
Aug 03 15:46:21 witherspoon systemd[1]: Reached target Stop Hosti (Pre).
Aug 03 15:46:21 witherspoon systemd[1]: Reached target Hosti (Stopping).
Aug 03 15:46:21 witherspoon systemd[1]: Reached target Hosti (Stopped).
Aug 03 15:46:21 witherspoon systemd[1]: Reached target Poweri Off (Pre).
Aug 03 15:46:21 witherspoon systemd[1]: Reached target Poweri Off.
Aug 03 15:46:21 witherspoon systemd[1]: Created slice system-ir35221\x2doff\x2dunbind.slice.
Aug 03 15:46:22 witherspoon occ-active.sh[1288]: /usr/bin/occ-active.sh: line 16:  1289 Done                    busctl tree org.open_power.OCC.Control --list
Aug 03 15:46:22 witherspoon occ-active.sh[1288]:       1290 Done(1)                 | grep occ
Aug 03 15:46:22 witherspoon occ-active.sh[1288]:       1291 Segmentation fault      | xargs -n1 -I{} busctl set-property org.open_power.OCC.Control {} org.open_power.OCC.Status OccActive b $value
Aug 03 15:46:21 witherspoon systemd[1]: Created slice system-vcs_off_poweroff.slice.
Aug 03 15:46:22 witherspoon phosphor-gevent[1140]: ::8079:6276:8e91:f402%1995275036 - - [2017-08-03 15:46:22] "POST /login HTTP/1.1" 200 320 0.033423
Aug 03 15:46:21 witherspoon systemd[1]: Created slice system-op\x2dwait\x2dpower\x2doff.slice.
Aug 03 15:46:21 witherspoon systemd[1]: Created slice system-op\x2docc\x2ddisable.slice.
Aug 03 15:46:21 witherspoon systemd[1]: Starting OpenPOWER OCC Active Disable...
Aug 03 15:46:22 witherspoon systemd[1]: Started Wait for /org/openbmc/HostIpmi/1.
Aug 03 15:46:22 witherspoon systemd[1]: Started Wait for /xyz/openbmc_project/led/groups/power_on.
Aug 03 15:46:22 witherspoon systemd[1]: Started Wait for /org/openbmc/control/chassis0.
Aug 03 15:46:22 witherspoon systemd[1]: Started OpenPOWER OCC Active Disable.
Aug 03 15:46:22 witherspoon systemd[1]: Reached target Stop Host0 (Pre).
Aug 03 15:46:22 witherspoon systemd[1]: Starting Power off mode unbind ir35221 device driver devs...
Aug 03 15:46:22 witherspoon systemd[1]: Starting Assert power_on LED...
Aug 03 15:46:22 witherspoon systemd[1]: Starting Soft power off of the host...
Aug 03 15:46:23 witherspoon phosphor-gevent[1140]: ::8079:6276:8e91:f402%1995275036 - - [2017-08-03 15:46:23] "GET /xyz/openbmc_project/state/chassis0//attr/CurrentPowerState HTTP/1.1" 200 216 0.714821
Aug 03 15:46:23 witherspoon systemd[1]: xyz.openbmc_project.Hwmon@ahb-apb-i2c\x401e78a000-i2c\x2dbus\x40140-ir35221\x4070.service: Unit not needed anymore. Stopping.
Aug 03 15:46:23 witherspoon systemd[1]: Stopping Phosphor Hwmon Poller...
Aug 03 15:46:23 witherspoon systemd[1]: Stopped Phosphor Hwmon Poller.
Aug 03 15:46:23 witherspoon systemd[1]: xyz.openbmc_project.Hwmon@ahb-apb-i2c\x401e78a000-i2c\x2dbus\x40140-ir35221\x4071.service: Unit not needed anymore. Stopping.
Aug 03 15:46:23 witherspoon systemd[1]: Stopped Phosphor Hwmon Poller.
Aug 03 15:46:23 witherspoon systemd[1]: xyz.openbmc_project.Hwmon@ahb-apb-i2c\x401e78a000-i2c\x2dbus\x40140-ir35221\x4071.service: Unit not needed anymore. Stopping.
Aug 03 15:46:23 witherspoon systemd[1]: Started Power off mode unbind ir35221 device driver devs.
Aug 03 15:46:23 witherspoon systemd[1]: xyz.openbmc_project.Hwmon@ahb-apb-i2c\x401e78a000-i2c\x2dbus\x40180-ir35221\x4070.service: Unit not needed anymore. Stopping.
Aug 03 15:46:23 witherspoon systemd[1]: xyz.openbmc_project.Hwmon@ahb-apb-i2c\x401e78a000-i2c\x2dbus\x40180-ir35221\x4071.service: Unit not needed anymore. Stopping.
Aug 03 15:46:23 witherspoon systemd[1]: Stopping Phosphor Hwmon Poller...
Aug 03 15:46:23 witherspoon systemd[1]: Stopping Phosphor Hwmon Poller...
Aug 03 15:46:23 witherspoon systemd[1]: Stopped Phosphor Hwmon Poller.
Aug 03 15:46:23 witherspoon systemd[1]: Stopped Phosphor Hwmon Poller.
Aug 03 15:46:23 witherspoon systemd[1]: Stopped Phosphor Hwmon Poller.
Aug 03 15:46:23 witherspoon phosphor-gevent[1140]: ::8079:6276:8e91:f402%1995275036 - - [2017-08-03 15:46:23] "POST /login HTTP/1.1" 200 320 0.033194
Aug 03 15:46:23 witherspoon ipmid[1200]: Pushing cmd on to queue
Aug 03 15:46:23 witherspoon ipmid[1200]: Pushing cmd on to queue
Aug 03 15:46:23 witherspoon ipmid[1200]: Asserting SMS Attention
Aug 03 15:46:27 witherspoon phosphor-gevent[1140]: ::8079:6276:8e91:f402%1995275036 - - [2017-08-03 15:46:27] "GET /xyz/openbmc_project/state/host0//attr/CurrentHostState HTTP/1.1" 200 212 3.721218
Aug 03 15:46:27 witherspoon ipmid[1200]: SMS Attention asserted
Aug 03 15:46:27 witherspoon systemd[1]: Started Assert power_on LED.
Aug 03 15:46:28 witherspoon phosphor-gevent[1140]: ::8079:6276:8e91:f402%1995275036 - - [2017-08-03 15:46:28] "POST /login HTTP/1.1" 200 320 0.033379
Aug 03 15:46:28 witherspoon phosphor-host-state-manager[1232]: Host State transaction request
Aug 03 15:46:28 witherspoon phosphor-gevent[1140]: ::8079:6276:8e91:f402%1995275036 - - [2017-08-03 15:46:28] "PUT /xyz/openbmc_project/state/host0//attr/RequestedHostTransition HTTP/1.1" 200 169 0.563616
Aug 03 15:46:29 witherspoon systemd[1]: Started Witherspoon Fan Watchdog Daemon.
Aug 03 15:46:29 witherspoon systemd[1]: Created slice system-cfam_override.slice.
Aug 03 15:46:29 witherspoon systemd[1]: Created slice system-phosphor\x2dfan\x2dcontrol\x2dinit.slice.
Aug 03 15:46:29 witherspoon phosphor-gevent[1140]: ::8079:6276:8e91:f402%1995275036 - - [2017-08-03 15:46:29] "POST /login HTTP/1.1" 200 320 0.033159
Aug 03 15:46:29 witherspoon systemd[1]: Created slice system-fsi\x2dbind.slice.
Aug 03 15:46:29 witherspoon systemd[1]: Created slice system-op\x2dwait\x2dpower\x2don.slice.
Aug 03 15:46:29 witherspoon systemd[1]: Created slice system-avsbus\x2denable.slice.
Aug 03 15:46:29 witherspoon systemd[1]: Created slice system-obmc\x2denable\x2dhost\x2dwatchdog.slice.
Aug 03 15:46:29 witherspoon systemd[1]: Created slice system-start_host.slice.
Aug 03 15:46:29 witherspoon systemd[1]: Created slice system-ucd_disable_vcs.slice.
Aug 03 15:46:29 witherspoon systemd[1]: Starting Disable UCD VCS rails...
Aug 03 15:46:29 witherspoon systemd[1]: Created slice system-op\x2dpower\x2dstart.slice.
Aug 03 15:46:29 witherspoon systemd[1]: Reached target Powerwitherspoon-fan-watchdog (On).
Aug 03 15:46:29 witherspoon systemd[1]: Started Phosphor Fan Control Initialization.
Aug 03 15:46:29 witherspoon systemd[1]: Created slice system-vrm\x2dcontrol.slice.
Aug 03 15:46:29 witherspoon systemd[1]: Starting Witherspoon Fan Watchdog Reset...
Aug 03 15:46:29 witherspoon phosphor-gevent[1140]: ::8079:6276:8e91:f402%1995275036 - - [2017-08-03 15:46:29] "GET /xyz/openbmc_project/state/chassis0//attr/CurrentPowerState HTTP/1.1" 200 216 0.548926
Aug 03 15:46:29 witherspoon systemd[1]: Created slice system-vcs_workaround.slice.
Aug 03 15:46:29 witherspoon systemd[1]: Starting Assert power_on LED...
Aug 03 15:46:29 witherspoon systemd[1]: Created slice system-ir35221\x2don\x2dunbind.slice.
Aug 03 15:46:29 witherspoon systemd[1]: Created slice system-phosphor\x2dwatchdog.slice.
Aug 03 15:46:30 witherspoon systemd[1]: Started Phosphor poweron watchdog.
Aug 03 15:46:30 witherspoon systemd[1]: Starting Wait for Power0 to turn on...
Aug 03 15:46:30 witherspoon systemd[1]: Created slice system-phosphor\x2dfan\x2dpresence\x2dtach.slice.
Aug 03 15:46:30 witherspoon systemd[1]: Created slice system-phosphor\x2dgpio\x2dmonitor.slice.
Aug 03 15:46:30 witherspoon systemd[1]: Started Phosphor GPIO checkstop monitor.
Aug 03 15:46:30 witherspoon systemd[1]: Created slice system-mboxd\x2dreload.slice.
Aug 03 15:46:30 witherspoon systemd[1]: Starting Reload mboxd during power on...
Aug 03 15:46:30 witherspoon systemd[1]: Created slice system-power\x2dworkarounds.slice.
Aug 03 15:46:30 witherspoon systemd[1]: Created slice system-mapper\x2dsubtree\x2dremove.slice.
Aug 03 15:46:30 witherspoon systemd[1]: Starting mapper subtree-remove /xyz/openbmc_project/software:xyz.openbmc_project.Software.ActivationBlocksTransition...
Aug 03 15:46:30 witherspoon systemd[1]: Starting Updates symlinks for active PNOR version...
Aug 03 15:46:30 witherspoon systemd[1]: Created slice system-vcs_on.slice.
Aug 03 15:46:30 witherspoon systemd[1]: Stopped Assert power_on LED.
Aug 03 15:46:30 witherspoon systemd[1]: Stopped Power off mode unbind ir35221 device driver devs.
Aug 03 15:46:30 witherspoon systemd[1]: Created slice system-vcs_off.slice.
Aug 03 15:46:30 witherspoon systemd[1]: Created slice system-avsbus\x2ddisable.slice.
Aug 03 15:46:30 witherspoon systemd[1]: Starting Wait for /xyz/openbmc_project/watchdog/host0...
Aug 03 15:46:30 witherspoon systemd[1]: Created slice system-fsi\x2dscan.slice.
Aug 03 15:46:30 witherspoon systemd[1]: Created slice system-pcie\x2dslot\x2ddetect.slice.
Aug 03 15:46:30 witherspoon systemd[1]: Created slice system-ir35221\x2don\x2dbind.slice.
Aug 03 15:46:30 witherspoon systemd[1]: Stopped target Stop Host0 (Pre).
Aug 03 15:46:30 witherspoon systemd[1]: Starting power on mode unbind ir35221 device driver devs...
Aug 03 15:46:30 witherspoon ipmid[1200]: Host control timeout hit!
Aug 03 15:46:30 witherspoon ipmid[1200]: Timer expired
Aug 03 15:46:31 witherspoon systemd[1]: xyz.openbmc_project.Ipmi.Internal.SoftPowerOff.service: Main process exited, code=killed, status=15/TERM
Aug 03 15:46:31 witherspoon systemd[1]: Stopped Soft power off of the host.
Aug 03 15:46:31 witherspoon systemd[1]: xyz.openbmc_project.Ipmi.Internal.SoftPowerOff.service: Unit entered failed state.
Aug 03 15:46:31 witherspoon systemd[1]: xyz.openbmc_project.Ipmi.Internal.SoftPowerOff.service: Failed with result 'signal'.
Aug 03 15:46:31 witherspoon kernel: ucd9000 11-0064: Device ID UCD90160|2.3.4.0000|110603
Aug 03 15:46:31 witherspoon kernel[951]: [  226.270000] ucd9000 11-0064: Device ID UCD90160|2.3.4.0000|110603
Aug 03 15:46:31 witherspoon systemd[1]: Started Witherspoon Fan Watchdog Reset.
Aug 03 15:46:31 witherspoon systemd[1]: Started Assert power_on LED.
Aug 03 15:46:31 witherspoon systemd[1]: Started Updates symlinks for active PNOR version.
Aug 03 15:46:31 witherspoon systemd[1]: Started power on mode unbind ir35221 device driver devs.
Aug 03 15:46:32 witherspoon systemd[1]: Started Disable UCD VCS rails.
Aug 03 15:46:32 witherspoon systemd[1]: Starting Perform power workarounds on VRMs...
Aug 03 15:46:32 witherspoon phosphor-chassis-state-manager[1199]: Received signal that power OFF is complete
Aug 03 15:46:32 witherspoon phosphor-chassis-state-manager[1199]: Change to Chassis Power State
Aug 03 15:46:32 witherspoon phosphor-host-state-manager[1232]: Received signal that host is off
Aug 03 15:46:32 witherspoon phosphor-host-state-manager[1232]: Change to Host State
Aug 03 15:46:32 witherspoon systemd[1]: Started Reload mboxd during power on.
Aug 03 15:46:32 witherspoon mboxctl[1341]: Reset: Success
Aug 03 15:46:33 witherspoon kernel: ucd9000 11-0064: Device ID UCD90160|2.3.4.0000|110603
Aug 03 15:46:33 witherspoon kernel[951]: [  228.090000] ucd9000 11-0064: Device ID UCD90160|2.3.4.0000|110603
Aug 03 15:46:34 witherspoon systemd[1]: Started Perform power workarounds on VRMs.
Aug 03 15:46:34 witherspoon systemd[1]: Starting Disable the AVS bus on the VRMs...
Aug 03 15:46:34 witherspoon systemd[1]: Started Disable the AVS bus on the VRMs.
Aug 03 15:46:34 witherspoon systemd[1]: Starting Apply voltage overrides to VRMs...
Aug 03 15:46:35 witherspoon systemd[1]: Started mapper subtree-remove /xyz/openbmc_project/software:xyz.openbmc_project.Software.ActivationBlocksTransition.
Aug 03 15:46:35 witherspoon vrm-control.sh[1410]: rail        set        read        current
Aug 03 15:46:35 witherspoon vrm-control.sh[1410]: -------        ------- ------- -------
Aug 03 15:46:36 witherspoon vrm-control.sh[1410]: vdna        0.898V        0.004V        0.000A
Aug 03 15:46:36 witherspoon vrm-control.sh[1410]: vdnb        0.898V        0.004V        0.000A
Aug 03 15:46:36 witherspoon systemd[1]: Started Apply voltage overrides to VRMs.
Aug 03 15:46:36 witherspoon systemd[1]: Starting Enable the AVS bus on VRMs...
Aug 03 15:46:36 witherspoon systemd[1]: Started Enable the AVS bus on VRMs.
Aug 03 15:46:37 witherspoon systemd[1]: Starting Disable VCS before Witherspoon power on...
Aug 03 15:46:37 witherspoon systemd[1]: Started Disable VCS before Witherspoon power on.
Aug 03 15:46:37 witherspoon systemd[1]: Reached target Power0 On (Pre).
Aug 03 15:46:37 witherspoon systemd[1]: Starting Start Power0...
Aug 03 15:46:37 witherspoon power_control.exe[1189]: PowerControl: setting power up SOFTWARE_PGOOD to 1
Aug 03 15:46:37 witherspoon power_control.exe[1189]: PowerControl: setting power up BMC_POWER_UP to 1
Aug 03 15:46:37 witherspoon systemd[1]: Started Start Power0.
Aug 03 15:46:37 witherspoon system_manager.py[1133]: Running System State: HOST_POWERING_ON
Aug 03 15:46:37 witherspoon timemanager[1221]:  PGOOD has changed..
Aug 03 15:46:38 witherspoon systemd[1]: Started Wait for /xyz/openbmc_project/watchdog/host0.
Aug 03 15:46:39 witherspoon system_manager.py[1133]: Running System State: HOST_POWERED_ON
Aug 03 15:46:39 witherspoon power_control.exe[1189]: PowerControl: pgood: 1, setting reset BMC_CP0_RESET_N to 1
Aug 03 15:46:39 witherspoon power_control.exe[1189]: PowerControl: pgood: 1, setting pci reset BMC_VS1_PERST_N to 1
Aug 03 15:46:39 witherspoon power_control.exe[1189]: PowerControl: pgood: 1, setting pci reset BMC_CP0_PERST_ENABLE_R to 1
Aug 03 15:46:39 witherspoon systemd[1]: Started Wait for Power0 to turn on.
Aug 03 15:46:39 witherspoon systemd[1]: Reached target Power0 On.
Aug 03 15:46:39 witherspoon systemd[1]: Reached target Power0 (On).
