-- Logs begin at Fri 2017-07-14 18:31:59 UTC, end at Fri 2017-07-14 18:49:07 UTC. --
Jul 14 18:31:59 witherspoon kernel: Booting Linux on physical CPU 0x0
Jul 14 18:31:59 witherspoon kernel: Linux version 4.10.17-b2cd8101eec3c200940405f12582473617a520f7 (jenkins@openbmc-builder1) (gcc version 6.2.0 (GCC) ) #1 Fri Jul 14 18:17:44 UTC 2017
Jul 14 18:31:59 witherspoon kernel: CPU: ARMv6-compatible processor [410fb767] revision 7 (ARMv7), cr=00c5387d
Jul 14 18:31:59 witherspoon kernel: CPU: PIPT / VIPT nonaliasing data cache, VIPT nonaliasing instruction cache
Jul 14 18:31:59 witherspoon kernel: OF: fdt:Machine model: Witherspoon BMC
Jul 14 18:31:59 witherspoon kernel: Memory policy: Data cache writeback
Jul 14 18:31:59 witherspoon kernel: SOC Rev: 04030303
Jul 14 18:31:59 witherspoon kernel: On node 0 totalpages: 110592
Jul 14 18:31:59 witherspoon kernel: free_area_init_node: node 0, pgdat 805fd514, node_mem_map 9ec1a000
Jul 14 18:31:59 witherspoon kernel:   Normal zone: 992 pages used for memmap
Jul 14 18:31:59 witherspoon kernel:   Normal zone: 0 pages reserved
Jul 14 18:31:59 witherspoon kernel:   Normal zone: 110592 pages, LIFO batch:31
Jul 14 18:31:59 witherspoon kernel: pcpu-alloc: s0 r0 d32768 u32768 alloc=1*32768
Jul 14 18:31:59 witherspoon kernel: pcpu-alloc: [0] 0 
Jul 14 18:31:59 witherspoon kernel: Built 1 zonelists in Zone order, mobility grouping on.  Total pages: 109600
Jul 14 18:31:59 witherspoon kernel: Kernel command line: console=ttyS4,115200n8 root=/dev/ram rw
Jul 14 18:31:59 witherspoon kernel: PID hash table entries: 2048 (order: 1, 8192 bytes)
Jul 14 18:31:59 witherspoon kernel: Dentry cache hash table entries: 65536 (order: 6, 262144 bytes)
Jul 14 18:31:59 witherspoon kernel: Inode-cache hash table entries: 32768 (order: 5, 131072 bytes)
Jul 14 18:31:59 witherspoon kernel: Memory: 430448K/442368K available (4062K kernel code, 280K rwdata, 1192K rodata, 280K init, 111K bss, 11920K reserved, 0K cma-reserved)
Jul 14 18:31:59 witherspoon kernel: Virtual kernel memory layout:
                                        vector  : 0xffff0000 - 0xffff1000   (   4 kB)
                                        fixmap  : 0xffc00000 - 0xfff00000   (3072 kB)
                                        vmalloc : 0x9f800000 - 0xff800000   (1536 MB)
                                        lowmem  : 0x80000000 - 0x9f000000   ( 496 MB)
                                          .text : 0x80008000 - 0x803ffd20   (4064 kB)
                                          .init : 0x80584000 - 0x805ca000   ( 280 kB)
                                          .data : 0x805ca000 - 0x806102a8   ( 281 kB)
                                           .bss : 0x806102a8 - 0x8062c158   ( 112 kB)
Jul 14 18:31:59 witherspoon kernel: NR_IRQS:16 nr_irqs:16 16
Jul 14 18:31:59 witherspoon kernel: i2c controller registered, irq 16
Jul 14 18:31:59 witherspoon kernel: clocksource: moxart_timer: mask: 0xffffffff max_cycles: 0xffffffff, max_idle_ns: 77222644334 ns
Jul 14 18:31:59 witherspoon kernel: sched_clock: 32 bits at 100 Hz, resolution 10000000ns, wraps every 21474836475000000ns
Jul 14 18:31:59 witherspoon kernel: Calibrating delay loop... 789.70 BogoMIPS (lpj=3948544)
Jul 14 18:31:59 witherspoon kernel: pid_max: default: 32768 minimum: 301
Jul 14 18:31:59 witherspoon kernel: Mount-cache hash table entries: 1024 (order: 0, 4096 bytes)
Jul 14 18:31:59 witherspoon kernel: Mountpoint-cache hash table entries: 1024 (order: 0, 4096 bytes)
Jul 14 18:31:59 witherspoon kernel: CPU: Testing write buffer coherency: ok
Jul 14 18:31:59 witherspoon kernel: ftrace: allocating 14933 entries in 44 pages
Jul 14 18:31:59 witherspoon kernel: Setting up static identity map for 0x80008200 - 0x8000825c
Jul 14 18:31:59 witherspoon kernel: devtmpfs: initialized
Jul 14 18:31:59 witherspoon kernel: clocksource: jiffies: mask: 0xffffffff max_cycles: 0xffffffff, max_idle_ns: 19112604462750000 ns
Jul 14 18:31:59 witherspoon kernel: futex hash table entries: 256 (order: -1, 3072 bytes)
Jul 14 18:31:59 witherspoon kernel: pinctrl core: initialized pinctrl subsystem
Jul 14 18:31:59 witherspoon kernel: NET: Registered protocol family 16
Jul 14 18:31:59 witherspoon kernel: DMA: preallocated 256 KiB pool for atomic coherent allocations
Jul 14 18:31:59 witherspoon kernel: usbcore: registered new interface driver usbfs
Jul 14 18:31:59 witherspoon kernel: usbcore: registered new interface driver hub
Jul 14 18:31:59 witherspoon kernel: usbcore: registered new device driver usb
Jul 14 18:31:59 witherspoon kernel: clocksource: Switched to clocksource moxart_timer
Jul 14 18:31:59 witherspoon kernel: NET: Registered protocol family 2
Jul 14 18:31:59 witherspoon kernel: TCP established hash table entries: 4096 (order: 2, 16384 bytes)
Jul 14 18:31:59 witherspoon kernel: TCP bind hash table entries: 4096 (order: 2, 16384 bytes)
Jul 14 18:31:59 witherspoon kernel: TCP: Hash tables configured (established 4096 bind 4096)
Jul 14 18:31:59 witherspoon kernel: UDP hash table entries: 256 (order: 0, 4096 bytes)
Jul 14 18:31:59 witherspoon kernel: UDP-Lite hash table entries: 256 (order: 0, 4096 bytes)
Jul 14 18:31:59 witherspoon kernel: NET: Registered protocol family 1
Jul 14 18:31:59 witherspoon kernel: Trying to unpack rootfs image as initramfs...
Jul 14 18:31:59 witherspoon kernel: Freeing initrd memory: 1548K
Jul 14 18:31:59 witherspoon kernel: workingset: timestamp_bits=30 max_order=17 bucket_order=0
Jul 14 18:31:59 witherspoon kernel: squashfs: version 4.0 (2009/01/31) Phillip Lougher
Jul 14 18:31:59 witherspoon kernel: jffs2: version 2.2. (SUMMARY)  © 2001-2006 Red Hat, Inc.
Jul 14 18:31:59 witherspoon kernel: Block layer SCSI generic (bsg) driver version 0.4 loaded (major 250)
Jul 14 18:31:59 witherspoon kernel: io scheduler noop registered
Jul 14 18:31:59 witherspoon kernel: io scheduler deadline registered
Jul 14 18:31:59 witherspoon kernel: io scheduler cfq registered (default)
Jul 14 18:31:59 witherspoon kernel: ipmi-bt-host 1e789140.ibt: Found bt bmc device
Jul 14 18:31:59 witherspoon kernel: ipmi-bt-host 1e789140.ibt: Using IRQ 22
Jul 14 18:31:59 witherspoon kernel: Serial: 8250/16550 driver, 6 ports, IRQ sharing enabled
Jul 14 18:31:59 witherspoon kernel: 1e783000.serial: ttyS0 at MMIO 0x1e783000 (irq = 23, base_baud = 1500000) is a 16550A
Jul 14 18:31:59 witherspoon kernel: 1e78d000.serial: ttyS1 at MMIO 0x1e78d000 (irq = 24, base_baud = 1500000) is a 16550A
Jul 14 18:31:59 witherspoon kernel: 1e784000.serial: ttyS4 at MMIO 0x1e784000 (irq = 25, base_baud = 1500000) is a 16550A
Jul 14 18:31:59 witherspoon kernel: console [ttyS4] enabled
Jul 14 18:31:59 witherspoon kernel: 1e787000.vuart: ttyS2 at MMIO 0x1e787000 (irq = 22, base_baud = 1500000) is a 16550A
Jul 14 18:31:59 witherspoon kernel: timeriomem_rng 1e6e2078.hwrng: 32bits from 0xf00e2078 @ 1us
Jul 14 18:31:59 witherspoon kernel: random: fast init done
Jul 14 18:31:59 witherspoon kernel: random: crng init done
Jul 14 18:31:59 witherspoon kernel: brd: module loaded
Jul 14 18:31:59 witherspoon kernel: loop: module loaded
Jul 14 18:31:59 witherspoon kernel: aspeed-lpc-ctrl 1e789080.lpc-ctrl: Loaded at 0x98000000 (0x04000000)
Jul 14 18:31:59 witherspoon kernel: aspeed-smc 1e620000.flash-controller: Using IRQ 18
Jul 14 18:31:59 witherspoon kernel: aspeed-smc 1e620000.flash-controller: DMA support disabled.
Jul 14 18:31:59 witherspoon kernel: aspeed-smc 1e620000.flash-controller: mx25l25635e (32768 Kbytes)
Jul 14 18:31:59 witherspoon kernel: aspeed-smc 1e620000.flash-controller: CE0 window [ 0x20000000 - 0x22000000 ] 32MB
Jul 14 18:31:59 witherspoon kernel: aspeed-smc 1e620000.flash-controller: CE1 window [ 0x22000000 - 0x2a000000 ] 128MB
Jul 14 18:31:59 witherspoon kernel: 5 ofpart partitions found on MTD device bmc
Jul 14 18:31:59 witherspoon kernel: Creating 5 MTD partitions on "bmc":
Jul 14 18:31:59 witherspoon kernel: 0x000000000000-0x000000060000 : "u-boot"
Jul 14 18:31:59 witherspoon kernel: 0x000000060000-0x000000080000 : "u-boot-env"
Jul 14 18:31:59 witherspoon kernel: 0x000000080000-0x0000004c0000 : "kernel"
Jul 14 18:31:59 witherspoon kernel: 0x0000004c0000-0x000001c00000 : "rofs"
Jul 14 18:31:59 witherspoon kernel: 0x000001c00000-0x000002000000 : "rwfs"
Jul 14 18:31:59 witherspoon kernel: aspeed-smc 1e620000.flash-controller: mx25l25635e (32768 Kbytes)
Jul 14 18:31:59 witherspoon kernel: aspeed-smc 1e620000.flash-controller: CE1 window [ 0x22000000 - 0x24000000 ] 32MB
Jul 14 18:31:59 witherspoon kernel: aspeed-smc 1e620000.flash-controller: CE2 window [ 0x24000000 - 0x2c000000 ] 128MB
Jul 14 18:31:59 witherspoon kernel: aspeed-smc 1e630000.flash-controller: mx66l1g45g (131072 Kbytes)
Jul 14 18:31:59 witherspoon kernel: aspeed-smc 1e630000.flash-controller: CE0 window resized to 120MB (AST2500 HW quirk)
Jul 14 18:31:59 witherspoon kernel: aspeed-smc 1e630000.flash-controller: CE0 window [ 0x30000000 - 0x37800000 ] 120MB
Jul 14 18:31:59 witherspoon kernel: aspeed-smc 1e630000.flash-controller: CE0 window too small for chip 128MB
Jul 14 18:31:59 witherspoon kernel: aspeed-smc 1e630000.flash-controller: CE1 window [ 0x37800000 - 0x38000000 ] 8MB
Jul 14 18:31:59 witherspoon kernel: libphy: Fixed MDIO Bus: probed
Jul 14 18:31:59 witherspoon kernel: ftgmac100 1e660000.ethernet: Read MAC address 70:e2:84:14:28:a9 from chip
Jul 14 18:31:59 witherspoon kernel: ftgmac100 1e660000.ethernet: Using NCSI interface
Jul 14 18:31:59 witherspoon kernel: ftgmac100 1e660000.ethernet eth0: irq 20, mapped at f0060000
Jul 14 18:31:59 witherspoon kernel: ehci_hcd: USB 2.0 'Enhanced' Host Controller (EHCI) Driver
Jul 14 18:31:59 witherspoon kernel: ehci-platform: EHCI generic platform driver
Jul 14 18:31:59 witherspoon kernel:  fsi0: can't read slave 00:00 -5
Jul 14 18:31:59 witherspoon kernel: i2c /dev entries driver
Jul 14 18:31:59 witherspoon kernel: aspeed-i2c-bus 1e78a0c0.i2c-bus: i2c bus 2 registered, irq 26
Jul 14 18:31:59 witherspoon kernel: aspeed-i2c-bus 1e78a100.i2c-bus: i2c bus 3 registered, irq 27
Jul 14 18:31:59 witherspoon kernel: aspeed-i2c-bus 1e78a140.i2c-bus: i2c bus 4 registered, irq 28
Jul 14 18:31:59 witherspoon kernel: aspeed-i2c-bus 1e78a180.i2c-bus: i2c bus 5 registered, irq 29
Jul 14 18:31:59 witherspoon kernel: aspeed-i2c-bus 1e78a380.i2c-bus: i2c bus 9 registered, irq 30
Jul 14 18:31:59 witherspoon kernel: aspeed-i2c-bus 1e78a3c0.i2c-bus: i2c bus 10 registered, irq 31
Jul 14 18:32:00 witherspoon kernel: rtc-rv8803 11-0032: Voltage low, temperature compensation stopped.
Jul 14 18:32:00 witherspoon kernel: rtc-rv8803 11-0032: rtc core: registered rx8900 as rtc0
Jul 14 18:32:00 witherspoon kernel: at24 11-0051: 8192 byte 24c64 EEPROM, writable, 1 bytes/write
Jul 14 18:32:00 witherspoon kernel: aspeed-i2c-bus 1e78a400.i2c-bus: i2c bus 11 registered, irq 32
Jul 14 18:32:00 witherspoon kernel: aspeed-i2c-bus 1e78a440.i2c-bus: i2c bus 12 registered, irq 33
Jul 14 18:32:00 witherspoon kernel: aspeed-i2c-bus 1e78a480.i2c-bus: i2c bus 13 registered, irq 34
Jul 14 18:32:00 witherspoon kernel: Driver for 1-wire Dallas network protocol.
Jul 14 18:32:00 witherspoon kernel: lm75 9-004a: hwmon0: sensor 'tmp275'
Jul 14 18:32:00 witherspoon kernel: ucd9000 11-0064: Device ID UCD90160|2.3.4.0000|110603
Jul 14 18:32:00 witherspoon kernel: leds-pca955x 3-0060: leds-pca955x: Using pca9552 16-bit LED driver at slave address 0x60
Jul 14 18:32:00 witherspoon kernel: leds-pca955x 11-0060: leds-pca955x: Using pca9552 16-bit LED driver at slave address 0x60
Jul 14 18:32:00 witherspoon kernel: leds-pca955x 11-0060: gpios 264...279
Jul 14 18:32:00 witherspoon kernel: usbcore: registered new interface driver usbhid
Jul 14 18:32:00 witherspoon kernel: usbhid: USB HID core driver
Jul 14 18:32:00 witherspoon kernel: bmp280: probe of 3-0077 failed with error -5
Jul 14 18:32:00 witherspoon kernel: dps310 3-0076: iio:device1: sensor 'dps310'
Jul 14 18:32:00 witherspoon kernel: NET: Registered protocol family 10
Jul 14 18:32:00 witherspoon kernel: Segment Routing with IPv6
Jul 14 18:32:00 witherspoon kernel: NET: Registered protocol family 17
Jul 14 18:32:00 witherspoon kernel: 8021q: 802.1Q VLAN Support v1.8
Jul 14 18:32:00 witherspoon kernel: console [netcon0] enabled
Jul 14 18:32:00 witherspoon kernel: netconsole: network logging started
Jul 14 18:32:00 witherspoon kernel: input: gpio-keys as /devices/platform/gpio-keys/input/input0
Jul 14 18:32:00 witherspoon kernel: rtc-rv8803 11-0032: setting system clock to 2017-07-14 18:31:48 UTC (1500057108)
Jul 14 18:32:00 witherspoon kernel: Freeing unused kernel memory: 280K
Jul 14 18:32:00 witherspoon kernel: This architecture does not have kernel memory protection.
Jul 14 18:32:00 witherspoon kernel: jffs2: notice: (523) jffs2_build_xattr_subsystem: complete building xattr subsystem, 0 of xdatum (0 unchecked, 0 orphan) and 0 of xref (0 dead, 0 orphan) found.
Jul 14 18:32:00 witherspoon systemd[1]: Failed to insert module 'autofs4': No such file or directory
Jul 14 18:32:00 witherspoon systemd[1]: systemd 232 running in system mode. (+PAM -AUDIT -SELINUX -IMA -APPARMOR -SMACK +SYSVINIT -UTMP -LIBCRYPTSETUP -GCRYPT -GNUTLS +ACL +XZ -LZ4 -SECCOMP +BLKID -ELFUTILS +KMOD -IDN)
Jul 14 18:32:00 witherspoon systemd[1]: Detected architecture arm.
Jul 14 18:32:00 witherspoon systemd[1]: Set hostname to <witherspoon>.
Jul 14 18:32:00 witherspoon systemd[1]: Listening on Journal Socket.
Jul 14 18:32:00 witherspoon systemd[1]: Listening on Syslog Socket.
Jul 14 18:32:00 witherspoon systemd[1]: Reached target Remote File Systems.
Jul 14 18:32:00 witherspoon systemd[1]: Listening on udev Control Socket.
Jul 14 18:32:00 witherspoon systemd[1]: Listening on /dev/initctl Compatibility Named Pipe.
Jul 14 18:32:00 witherspoon systemd[1]: Listening on udev Kernel Socket.
Jul 14 18:32:00 witherspoon systemd[1]: Listening on Journal Socket (/dev/log).
Jul 14 18:32:00 witherspoon systemd[1]: dev-hugepages.mount: Couldn't determine result for ConditionVirtualization=!private-users, assuming failed: No such file or directory
Jul 14 18:32:00 witherspoon systemd[1]: Mounting Debug File System...
Jul 14 18:32:00 witherspoon systemd[1]: Created slice system-org.openbmc.control.Power.slice.
Jul 14 18:32:00 witherspoon systemd[1]: Created slice system-phosphor\x2ddiscover\x2dsystem\x2dstate.slice.
Jul 14 18:32:00 witherspoon systemd[1]: Created slice system-org.openbmc.buttons.Power.slice.
Jul 14 18:32:00 witherspoon systemd[1]: Created slice system-op\x2dreset\x2dchassis\x2don.slice.
Jul 14 18:32:00 witherspoon systemd[1]: Created slice system-phosphor\x2dcooling\x2dtype.slice.
Jul 14 18:32:00 witherspoon systemd[1]: Starting Journal Service...
Jul 14 18:32:00 witherspoon systemd[1]: Reached target Slices.
Jul 14 18:32:00 witherspoon systemd[1]: Created slice system-phosphor\x2dreset\x2dhost\x2drunning.slice.
Jul 14 18:32:00 witherspoon systemd-journald[544]: Journal started
Jul 14 18:32:00 witherspoon systemd-journald[544]: Runtime journal (/run/log/journal/12c6a00ebfdd479284cf09f39d1bc042) is 0B, max 0B, 0B free.
Jul 14 18:32:02 witherspoon systemd-sysctl[547]: Couldn't write '16' to 'kernel/sysrq', ignoring: No such file or directory
Jul 14 18:32:02 witherspoon systemd-sysctl[547]: Couldn't write 'fq_codel' to 'net/core/default_qdisc', ignoring: No such file or directory
Jul 14 18:32:02 witherspoon systemd[1]: Created slice system-phosphor\x2dreset\x2dhost\x2dcheck.slice.
Jul 14 18:32:02 witherspoon systemd[1]: Created slice system-org.openbmc.control.Bmc.slice.
Jul 14 18:32:03 witherspoon systemd[1]: Created slice system-obmc\x2dled\x2dgroup\x2dstart.slice.
Jul 14 18:32:03 witherspoon systemd[1]: Starting udev Coldplug all Devices...
Jul 14 18:32:04 witherspoon systemd[1]: Created slice system-op\x2dreset\x2dchassis\x2drunning.slice.
Jul 14 18:32:04 witherspoon systemd[1]: Mounted Debug File System.
Jul 14 18:32:04 witherspoon systemd[1]: Mounted Temporary Directory.
Jul 14 18:32:05 witherspoon systemd[1]: Started Journal Service.
Jul 14 18:32:05 witherspoon systemd[1]: Started Apply Kernel Variables.
Jul 14 18:32:05 witherspoon systemd[1]: Started Remount Root and Kernel File Systems.
Jul 14 18:32:05 witherspoon systemd[1]: Starting Create System Users...
Jul 14 18:32:05 witherspoon systemd[1]: Starting Flush Journal to Persistent Storage...
Jul 14 18:32:06 witherspoon systemd[1]: Started udev Coldplug all Devices.
Jul 14 18:32:06 witherspoon systemd[1]: Started Create System Users.
Jul 14 18:32:06 witherspoon systemd[1]: Starting Create Static Device Nodes in /dev...
Jul 14 18:32:07 witherspoon systemd-journald[544]: Runtime journal (/run/log/journal/12c6a00ebfdd479284cf09f39d1bc042) is 0B, max 0B, 0B free.
Jul 14 18:32:07 witherspoon systemd[1]: Started Flush Journal to Persistent Storage.
Jul 14 18:32:07 witherspoon systemd[1]: Started Create Static Device Nodes in /dev.
Jul 14 18:32:08 witherspoon systemd[1]: Reached target Local File Systems (Pre).
Jul 14 18:32:08 witherspoon systemd[1]: Mounting /var/volatile...
Jul 14 18:32:08 witherspoon systemd[1]: Starting udev Kernel Device Manager...
Jul 14 18:32:08 witherspoon systemd[1]: Mounted /var/volatile.
Jul 14 18:32:08 witherspoon systemd[1]: Starting Load/Save Random Seed...
Jul 14 18:32:08 witherspoon systemd[1]: Reached target Local File Systems.
Jul 14 18:32:08 witherspoon systemd[1]: Starting Rebuild Journal Catalog...
Jul 14 18:32:08 witherspoon systemd[1]: Starting Create Volatile Files and Directories...
Jul 14 18:32:08 witherspoon systemd[1]: Started Load/Save Random Seed.
Jul 14 18:32:09 witherspoon systemd[1]: Started Rebuild Journal Catalog.
Jul 14 18:32:09 witherspoon systemd[1]: Starting Update is Completed...
Jul 14 18:32:09 witherspoon systemd-tmpfiles[892]: "/var/tmp" already exists and is not a directory.
Jul 14 18:32:09 witherspoon systemd-tmpfiles[892]: "/var/log" already exists and is not a directory.
Jul 14 18:32:09 witherspoon systemd[1]: Started Create Volatile Files and Directories.
Jul 14 18:32:09 witherspoon systemd[1]: Starting Run pending postinsts...
Jul 14 18:32:09 witherspoon systemd[1]: Starting Network Time Synchronization...
Jul 14 18:32:09 witherspoon systemd[1]: Started Update is Completed.
Jul 14 18:32:09 witherspoon systemd[1]: Started Network Time Synchronization.
Jul 14 18:32:09 witherspoon systemd[1]: Reached target System Time Synchronized.
Jul 14 18:32:10 witherspoon systemd[1]: Started udev Kernel Device Manager.
Jul 14 18:32:10 witherspoon run-postinsts[898]: Running postinst /etc/rpm-postinsts/libglib-2.0-0...
Jul 14 18:32:11 witherspoon systemd[1]: Found device /dev/aspeed-mbox.
Jul 14 18:32:11 witherspoon systemd[1]: Found device /dev/ttyS4.
Jul 14 18:32:11 witherspoon systemd[1]: Found device /dev/ttyVUART0.
Jul 14 18:32:11 witherspoon systemd[1]: Created slice system-xyz.openbmc_project.Hwmon.slice.
Jul 14 18:32:11 witherspoon systemd[1]: dev-hugepages.mount: Couldn't determine result for ConditionVirtualization=!private-users, assuming failed: No such file or directory
Jul 14 18:32:12 witherspoon run-postinsts[898]: rm: can't remove '/etc/rpm-postinsts': Invalid argument
Jul 14 18:32:12 witherspoon systemd[1]: Found device /dev/aspeed-lpc-ctrl.
Jul 14 18:32:12 witherspoon run-postinsts[898]:  Removing any system startup links for run-postinsts ...
Jul 14 18:32:13 witherspoon systemd[1]: Created slice system-xyz.openbmc_project.led.controller.slice.
Jul 14 18:32:13 witherspoon systemd[1]: dev-hugepages.mount: Couldn't determine result for ConditionVirtualization=!private-users, assuming failed: No such file or directory
Jul 14 18:32:13 witherspoon systemd[1]: dev-hugepages.mount: Couldn't determine result for ConditionVirtualization=!private-users, assuming failed: No such file or directory
Jul 14 18:32:13 witherspoon systemd[1]: dev-hugepages.mount: Couldn't determine result for ConditionVirtualization=!private-users, assuming failed: No such file or directory
Jul 14 18:32:13 witherspoon systemd[1]: dev-hugepages.mount: Couldn't determine result for ConditionVirtualization=!private-users, assuming failed: No such file or directory
Jul 14 18:32:14 witherspoon systemctl[930]: Removed /etc/systemd/system/sysinit.target.wants/run-postinsts.service.
Jul 14 18:32:14 witherspoon systemd[1]: Reloading.
Jul 14 18:32:16 witherspoon systemd[1]: Started Run pending postinsts.
Jul 14 18:32:16 witherspoon systemd[1]: Reached target System Initialization.
Jul 14 18:32:16 witherspoon systemd[1]: Listening on phosphor-ipmi-net.socket.
Jul 14 18:32:16 witherspoon systemd[1]: Listening on dropbear.socket.
Jul 14 18:32:17 witherspoon systemd[1]: Listening on Phosphor Webserver socket.
Jul 14 18:32:17 witherspoon systemd[1]: Listening on Phosphor DBUS Browser socket.
Jul 14 18:32:17 witherspoon systemd[1]: Listening on Avahi mDNS/DNS-SD Stack Activation Socket.
Jul 14 18:32:17 witherspoon systemd[1]: Listening on D-Bus System Message Bus Socket.
Jul 14 18:32:17 witherspoon systemd[1]: Started Daily Cleanup of Temporary Directories.
Jul 14 18:32:17 witherspoon systemd[1]: Reached target Timers.
Jul 14 18:32:17 witherspoon systemd[1]: Listening on Phosphor Host Console SSH Per-Connection socket.
Jul 14 18:32:17 witherspoon systemd[1]: Reached target Sockets.
Jul 14 18:32:17 witherspoon systemd[1]: Reached target Basic System.
Jul 14 18:32:17 witherspoon systemd[1]: Started Kernel Logging Service.
Jul 14 18:32:17 witherspoon systemd[1]: Starting Phosphor Log Manager...
Jul 14 18:32:17 witherspoon systemd[1]: Started Phosphor sysfs LED controller.
Jul 14 18:32:17 witherspoon systemd[1]: Started Phosphor Hwmon Poller.
Jul 14 18:32:17 witherspoon systemd[1]: Starting Phosphor Inventory Manager...
Jul 14 18:32:17 witherspoon systemd[1]: Started Phosphor sysfs LED controller.
Jul 14 18:32:17 witherspoon systemd[1]: Starting Avahi mDNS/DNS-SD Stack...
Jul 14 18:32:18 witherspoon kernel[941]: klogd started: BusyBox v1.24.1 (2017-06-16 19:29:08 UTC)
Jul 14 18:32:18 witherspoon systemd[1]: Starting Phosphor LED Group Management Daemon...
Jul 14 18:32:18 witherspoon kernel[941]: [    0.000000] Booting Linux on physical CPU 0x0
Jul 14 18:32:18 witherspoon kernel[941]: [    0.000000] Linux version 4.10.17-b2cd8101eec3c200940405f12582473617a520f7 (jenkins@openbmc-builder1) (gcc version 6.2.0 (GCC) ) #1 Fri Jul 14 18:17:44 UTC 2017
Jul 14 18:32:18 witherspoon kernel[941]: [    0.000000] CPU: ARMv6-compatible processor [410fb767] revision 7 (ARMv7), cr=00c5387d
Jul 14 18:32:18 witherspoon kernel[941]: [    0.000000] CPU: PIPT / VIPT nonaliasing data cache, VIPT nonaliasing instruction cache
Jul 14 18:32:18 witherspoon systemd[1]: Started Hardware RNG Entropy Gatherer Daemon.
Jul 14 18:32:18 witherspoon kernel[941]: [    0.000000] OF: fdt:Machine model: Witherspoon BMC
Jul 14 18:32:18 witherspoon kernel[941]: [    0.000000] Memory policy: Data cache writeback
Jul 14 18:32:18 witherspoon kernel[941]: [    0.000000] SOC Rev: 04030303
Jul 14 18:32:18 witherspoon kernel[941]: [    0.000000] On node 0 totalpages: 110592
Jul 14 18:32:18 witherspoon systemd[1]: Starting Clear one time boot overrides...
Jul 14 18:32:18 witherspoon kernel[941]: [    0.000000] free_area_init_node: node 0, pgdat 805fd514, node_mem_map 9ec1a000
Jul 14 18:32:18 witherspoon kernel[941]: [    0.000000]   Normal zone: 992 pages used for memmap
Jul 14 18:32:18 witherspoon kernel[941]: [    0.000000]   Normal zone: 0 pages reserved
Jul 14 18:32:18 witherspoon kernel[941]: [    0.000000]   Normal zone: 110592 pages, LIFO batch:31
Jul 14 18:32:18 witherspoon kernel[941]: [    0.000000] pcpu-alloc: s0 r0 d32768 u32768 alloc=1*32768
Jul 14 18:32:18 witherspoon kernel[941]: [    0.000000] pcpu-alloc: [0] 0
Jul 14 18:32:18 witherspoon kernel[941]: [    0.000000] Built 1 zonelists in Zone order, mobility grouping on.  Total pages: 109600
Jul 14 18:32:18 witherspoon kernel[941]: [    0.000000] Kernel command line: console=ttyS4,115200n8 root=/dev/ram rw
Jul 14 18:32:18 witherspoon kernel[941]: [    0.000000] PID hash table entries: 2048 (order: 1, 8192 bytes)
Jul 14 18:32:18 witherspoon kernel[941]: [    0.000000] Dentry cache hash table entries: 65536 (order: 6, 262144 bytes)
Jul 14 18:32:18 witherspoon kernel[941]: [    0.000000] Inode-cache hash table entries: 32768 (order: 5, 131072 bytes)
Jul 14 18:32:18 witherspoon kernel[941]: [    0.000000] Memory: 430448K/442368K available (4062K kernel code, 280K rwdata, 1192K rodata, 280K init, 111K bss, 11920K reserved, 0K cma-reserved)
Jul 14 18:32:18 witherspoon kernel[941]: [    0.000000] Virtual kernel memory layout:
Jul 14 18:32:18 witherspoon kernel[941]: [    0.000000]     vector  : 0xffff0000 - 0xffff1000   (   4 kB)
Jul 14 18:32:18 witherspoon kernel[941]: [    0.000000]     fixmap  : 0xffc00000 - 0xfff00000   (3072 kB)
Jul 14 18:32:18 witherspoon kernel[941]: [    0.000000]     vmalloc : 0x9f800000 - 0xff800000   (1536 MB)
Jul 14 18:32:18 witherspoon kernel[941]: [    0.000000]     lowmem  : 0x80000000 - 0x9f000000   ( 496 MB)
Jul 14 18:32:18 witherspoon kernel[941]: [    0.000000]       .text : 0x80008000 - 0x803ffd20   (4064 kB)
Jul 14 18:32:18 witherspoon kernel[941]: [    0.000000]       .init : 0x80584000 - 0x805ca000   ( 280 kB)
Jul 14 18:32:18 witherspoon kernel[941]: [    0.000000]       .data : 0x805ca000 - 0x806102a8   ( 281 kB)
Jul 14 18:32:18 witherspoon kernel[941]: [    0.000000]        .bss : 0x806102a8 - 0x8062c158   ( 112 kB)
Jul 14 18:32:18 witherspoon kernel[941]: [    0.000000] NR_IRQS:16 nr_irqs:16 16
Jul 14 18:32:18 witherspoon kernel[941]: [    0.000000] i2c controller registered, irq 16
Jul 14 18:32:18 witherspoon systemd[1]: Starting Phosphor Dump Manager...
Jul 14 18:32:18 witherspoon kernel[941]: [    0.000000] clocksource: moxart_timer: mask: 0xffffffff max_cycles: 0xffffffff, max_idle_ns: 77222644334 ns
Jul 14 18:32:18 witherspoon systemd[1]: Started D-Bus System Message Bus.
Jul 14 18:32:18 witherspoon kernel[941]: [    0.000000] sched_clock: 32 bits at 100 Hz, resolution 10000000ns, wraps every 21474836475000000ns
Jul 14 18:32:18 witherspoon kernel[941]: [    0.090000] Calibrating delay loop... 789.70 BogoMIPS (lpj=3948544)
Jul 14 18:32:18 witherspoon kernel[941]: [    0.090000] pid_max: default: 32768 minimum: 301
Jul 14 18:32:18 witherspoon kernel[941]: [    0.090000] Mount-cache hash table entries: 1024 (order: 0, 4096 bytes)
Jul 14 18:32:18 witherspoon kernel[941]: [    0.090000] Mountpoint-cache hash table entries: 1024 (order: 0, 4096 bytes)
Jul 14 18:32:18 witherspoon kernel[941]: [    0.090000] CPU: Testing write buffer coherency: ok
Jul 14 18:32:18 witherspoon kernel[941]: [    0.090000] ftrace: allocating 14933 entries in 44 pages
Jul 14 18:32:18 witherspoon kernel[941]: [    0.120000] Setting up static identity map for 0x80008200 - 0x8000825c
Jul 14 18:32:18 witherspoon kernel[941]: [    0.120000] devtmpfs: initialized
Jul 14 18:32:18 witherspoon kernel[941]: [    0.140000] clocksource: jiffies: mask: 0xffffffff max_cycles: 0xffffffff, max_idle_ns: 19112604462750000 ns
Jul 14 18:32:18 witherspoon kernel[941]: [    0.140000] futex hash table entries: 256 (order: -1, 3072 bytes)
Jul 14 18:32:18 witherspoon kernel[941]: [    0.140000] pinctrl core: initialized pinctrl subsystem
Jul 14 18:32:18 witherspoon kernel[941]: [    0.140000] NET: Registered protocol family 16
Jul 14 18:32:18 witherspoon kernel[941]: [    0.140000] DMA: preallocated 256 KiB pool for atomic coherent allocations
Jul 14 18:32:18 witherspoon kernel[941]: [    0.210000] usbcore: registered new interface driver usbfs
Jul 14 18:32:18 witherspoon kernel[941]: [    0.210000] usbcore: registered new interface driver hub
Jul 14 18:32:18 witherspoon kernel[941]: [    0.210000] usbcore: registered new device driver usb
Jul 14 18:32:18 witherspoon kernel[941]: [    0.220000] clocksource: Switched to clocksource moxart_timer
Jul 14 18:32:18 witherspoon kernel[941]: [    0.240000] NET: Registered protocol family 2
Jul 14 18:32:18 witherspoon kernel[941]: [    0.240000] TCP established hash table entries: 4096 (order: 2, 16384 bytes)
Jul 14 18:32:18 witherspoon kernel[941]: [    0.240000] TCP bind hash table entries: 4096 (order: 2, 16384 bytes)
Jul 14 18:32:18 witherspoon kernel[941]: [    0.240000] TCP: Hash tables configured (established 4096 bind 4096)
Jul 14 18:32:18 witherspoon kernel[941]: [    0.240000] UDP hash table entries: 256 (order: 0, 4096 bytes)
Jul 14 18:32:18 witherspoon kernel[941]: [    0.240000] UDP-Lite hash table entries: 256 (order: 0, 4096 bytes)
Jul 14 18:32:18 witherspoon kernel[941]: [    0.240000] NET: Registered protocol family 1
Jul 14 18:32:18 witherspoon kernel[941]: [    0.240000] Trying to unpack rootfs image as initramfs...
Jul 14 18:32:18 witherspoon kernel[941]: [    1.910000] Freeing initrd memory: 1548K
Jul 14 18:32:18 witherspoon kernel[941]: [    1.910000] workingset: timestamp_bits=30 max_order=17 bucket_order=0
Jul 14 18:32:18 witherspoon kernel[941]: [    1.910000] squashfs: version 4.0 (2009/01/31) Phillip Lougher
Jul 14 18:32:18 witherspoon kernel[941]: [    1.910000] jffs2: version 2.2. (SUMMARY)  © 2001-2006 Red Hat, Inc.
Jul 14 18:32:18 witherspoon kernel[941]: [    1.910000] Block layer SCSI generic (bsg) driver version 0.4 loaded (major 250)
Jul 14 18:32:18 witherspoon kernel[941]: [    1.910000] io scheduler noop registered
Jul 14 18:32:18 witherspoon kernel[941]: [    1.910000] io scheduler deadline registered
Jul 14 18:32:18 witherspoon kernel[941]: [    1.910000] io scheduler cfq registered (default)
Jul 14 18:32:18 witherspoon kernel[941]: [    2.060000] ipmi-bt-host 1e789140.ibt: Found bt bmc device
Jul 14 18:32:18 witherspoon kernel[941]: [    2.060000] ipmi-bt-host 1e789140.ibt: Using IRQ 22
Jul 14 18:32:18 witherspoon kernel[941]: [    2.060000] Serial: 8250/16550 driver, 6 ports, IRQ sharing enabled
Jul 14 18:32:18 witherspoon kernel[941]: [    2.060000] 1e783000.serial: ttyS0 at MMIO 0x1e783000 (irq = 23, base_baud = 1500000) is a 16550A
Jul 14 18:32:18 witherspoon kernel[941]: [    2.060000] 1e78d000.serial: ttyS1 at MMIO 0x1e78d000 (irq = 24, base_baud = 1500000) is a 16550A
Jul 14 18:32:18 witherspoon kernel[941]: [    2.060000] 1e784000.serial: ttyS4 at MMIO 0x1e784000 (irq = 25, base_baud = 1500000) is a 16550A
Jul 14 18:32:18 witherspoon kernel[941]: [    2.400000] console [ttyS4] enabled
Jul 14 18:32:18 witherspoon kernel[941]: [    2.400000] 1e787000.vuart: ttyS2 at MMIO 0x1e787000 (irq = 22, base_baud = 1500000) is a 16550A
Jul 14 18:32:18 witherspoon kernel[941]: [    2.600000] timeriomem_rng 1e6e2078.hwrng: 32bits from 0xf00e2078 @ 1us
Jul 14 18:32:18 witherspoon kernel[941]: [    2.620000] random: fast init done
Jul 14 18:32:18 witherspoon kernel[941]: [    2.660000] random: crng init done
Jul 14 18:32:18 witherspoon kernel[941]: [    2.670000] brd: module loaded
Jul 14 18:32:18 witherspoon kernel[941]: [    2.690000] loop: module loaded
Jul 14 18:32:18 witherspoon kernel[941]: [    2.690000] aspeed-lpc-ctrl 1e789080.lpc-ctrl: Loaded at 0x98000000 (0x04000000)
Jul 14 18:32:18 witherspoon kernel[941]: [    2.700000] aspeed-smc 1e620000.flash-controller: Using IRQ 18
Jul 14 18:32:18 witherspoon kernel[941]: [    2.700000] aspeed-smc 1e620000.flash-controller: DMA support disabled.
Jul 14 18:32:18 witherspoon kernel[941]: [    2.720000] aspeed-smc 1e620000.flash-controller: mx25l25635e (32768 Kbytes)
Jul 14 18:32:18 witherspoon kernel[941]: [    2.720000] aspeed-smc 1e620000.flash-controller: CE0 window [ 0x20000000 - 0x22000000 ] 32MB
Jul 14 18:32:18 witherspoon kernel[941]: [    2.720000] aspeed-smc 1e620000.flash-controller: CE1 window [ 0x22000000 - 0x2a000000 ] 128MB
Jul 14 18:32:18 witherspoon kernel[941]: [    2.740000] 5 ofpart partitions found on MTD device bmc
Jul 14 18:32:18 witherspoon kernel[941]: [    2.740000] Creating 5 MTD partitions on "bmc":
Jul 14 18:32:18 witherspoon kernel[941]: [    2.740000] 0x000000000000-0x000000060000 : "u-boot"
Jul 14 18:32:18 witherspoon kernel[941]: [    2.740000] 0x000000060000-0x000000080000 : "u-boot-env"
Jul 14 18:32:18 witherspoon kernel[941]: [    2.780000] 0x000000080000-0x0000004c0000 : "kernel"
Jul 14 18:32:18 witherspoon kernel[941]: [    2.780000] 0x0000004c0000-0x000001c00000 : "rofs"
Jul 14 18:32:18 witherspoon kernel[941]: [    2.800000] 0x000001c00000-0x000002000000 : "rwfs"
Jul 14 18:32:18 witherspoon kernel[941]: [    2.800000] aspeed-smc 1e620000.flash-controller: mx25l25635e (32768 Kbytes)
Jul 14 18:32:18 witherspoon kernel[941]: [    2.810000] aspeed-smc 1e620000.flash-controller: CE1 window [ 0x22000000 - 0x24000000 ] 32MB
Jul 14 18:32:18 witherspoon kernel[941]: [    2.810000] aspeed-smc 1e620000.flash-controller: CE2 window [ 0x24000000 - 0x2c000000 ] 128MB
Jul 14 18:32:18 witherspoon kernel[941]: [    2.840000] aspeed-smc 1e630000.flash-controller: mx66l1g45g (131072 Kbytes)
Jul 14 18:32:18 witherspoon kernel[941]: [    2.840000] aspeed-smc 1e630000.flash-controller: CE0 window resized to 120MB (AST2500 HW quirk)
Jul 14 18:32:18 witherspoon kernel[941]: [    2.850000] aspeed-smc 1e630000.flash-controller: CE0 window [ 0x30000000 - 0x37800000 ] 120MB
Jul 14 18:32:18 witherspoon kernel[941]: [    2.850000] aspeed-smc 1e630000.flash-controller: CE0 window too small for chip 128MB
Jul 14 18:32:18 witherspoon kernel[941]: [    2.850000] aspeed-smc 1e630000.flash-controller: CE1 window [ 0x37800000 - 0x38000000 ] 8MB
Jul 14 18:32:18 witherspoon kernel[941]: [    3.600000] libphy: Fixed MDIO Bus: probed
Jul 14 18:32:18 witherspoon kernel[941]: [    3.600000] ftgmac100 1e660000.ethernet: Read MAC address 70:e2:84:14:28:a9 from chip
Jul 14 18:32:18 witherspoon kernel[941]: [    3.600000] ftgmac100 1e660000.ethernet: Using NCSI interface
Jul 14 18:32:18 witherspoon kernel[941]: [    3.600000] ftgmac100 1e660000.ethernet eth0: irq 20, mapped at f0060000
Jul 14 18:32:18 witherspoon kernel[941]: [    3.600000] ehci_hcd: USB 2.0 'Enhanced' Host Controller (EHCI) Driver
Jul 14 18:32:18 witherspoon kernel[941]: [    3.600000] ehci-platform: EHCI generic platform driver
Jul 14 18:32:18 witherspoon kernel[941]: [    3.850000]  fsi0: can't read slave 00:00 -5
Jul 14 18:32:18 witherspoon kernel[941]: [    3.850000] i2c /dev entries driver
Jul 14 18:32:18 witherspoon kernel[941]: [    3.850000] aspeed-i2c-bus 1e78a0c0.i2c-bus: i2c bus 2 registered, irq 26
Jul 14 18:32:18 witherspoon kernel[941]: [    3.850000] aspeed-i2c-bus 1e78a100.i2c-bus: i2c bus 3 registered, irq 27
Jul 14 18:32:18 witherspoon kernel[941]: [    3.850000] aspeed-i2c-bus 1e78a140.i2c-bus: i2c bus 4 registered, irq 28
Jul 14 18:32:18 witherspoon kernel[941]: [    3.850000] aspeed-i2c-bus 1e78a180.i2c-bus: i2c bus 5 registered, irq 29
Jul 14 18:32:18 witherspoon kernel[941]: [    3.850000] aspeed-i2c-bus 1e78a380.i2c-bus: i2c bus 9 registered, irq 30
Jul 14 18:32:18 witherspoon kernel[941]: [    3.850000] aspeed-i2c-bus 1e78a3c0.i2c-bus: i2c bus 10 registered, irq 31
Jul 14 18:32:18 witherspoon kernel[941]: [    3.850000] rtc-rv8803 11-0032: Voltage low, temperature compensation stopped.
Jul 14 18:32:18 witherspoon kernel[941]: [    3.950000] rtc-rv8803 11-0032: rtc core: registered rx8900 as rtc0
Jul 14 18:32:18 witherspoon kernel[941]: [    3.960000] at24 11-0051: 8192 byte 24c64 EEPROM, writable, 1 bytes/write
Jul 14 18:32:18 witherspoon kernel[941]: [    3.960000] aspeed-i2c-bus 1e78a400.i2c-bus: i2c bus 11 registered, irq 32
Jul 14 18:32:18 witherspoon kernel[941]: [    3.960000] aspeed-i2c-bus 1e78a440.i2c-bus: i2c bus 12 registered, irq 33
Jul 14 18:32:18 witherspoon kernel[941]: [    3.960000] aspeed-i2c-bus 1e78a480.i2c-bus: i2c bus 13 registered, irq 34
Jul 14 18:32:18 witherspoon kernel[941]: [    3.960000] Driver for 1-wire Dallas network protocol.
Jul 14 18:32:18 witherspoon kernel[941]: [    3.960000] lm75 9-004a: hwmon0: sensor 'tmp275'
Jul 14 18:32:18 witherspoon kernel[941]: [    4.420000] ucd9000 11-0064: Device ID UCD90160|2.3.4.0000|110603
Jul 14 18:32:18 witherspoon kernel[941]: [    4.740000] leds-pca955x 3-0060: leds-pca955x: Using pca9552 16-bit LED driver at slave address 0x60
Jul 14 18:32:18 witherspoon kernel[941]: [    4.770000] leds-pca955x 11-0060: leds-pca955x: Using pca9552 16-bit LED driver at slave address 0x60
Jul 14 18:32:18 witherspoon kernel[941]: [    4.780000] leds-pca955x 11-0060: gpios 264...279
Jul 14 18:32:18 witherspoon kernel[941]: [    4.780000] usbcore: registered new interface driver usbhid
Jul 14 18:32:18 witherspoon kernel[941]: [    4.790000] usbhid: USB HID core driver
Jul 14 18:32:18 witherspoon kernel[941]: [    4.790000] bmp280: probe of 3-0077 failed with error -5
Jul 14 18:32:18 witherspoon kernel[941]: [    4.810000] dps310 3-0076: iio:device1: sensor 'dps310'
Jul 14 18:32:18 witherspoon kernel[941]: [    4.820000] NET: Registered protocol family 10
Jul 14 18:32:18 witherspoon kernel[941]: [    4.820000] Segment Routing with IPv6
Jul 14 18:32:18 witherspoon kernel[941]: [    4.820000] NET: Registered protocol family 17
Jul 14 18:32:18 witherspoon kernel[941]: [    4.840000] 8021q: 802.1Q VLAN Support v1.8
Jul 14 18:32:18 witherspoon kernel[941]: [    4.840000] console [netcon0] enabled
Jul 14 18:32:18 witherspoon kernel[941]: [    4.840000] netconsole: network logging started
Jul 14 18:32:18 witherspoon kernel[941]: [    4.840000] input: gpio-keys as /devices/platform/gpio-keys/input/input0
Jul 14 18:32:18 witherspoon kernel[941]: [    4.860000] rtc-rv8803 11-0032: setting system clock to 2017-07-14 18:31:48 UTC (1500057108)
Jul 14 18:32:18 witherspoon kernel[941]: [    4.870000] Freeing unused kernel memory: 280K
Jul 14 18:32:18 witherspoon kernel[941]: [    4.870000] This architecture does not have kernel memory protection.
Jul 14 18:32:18 witherspoon kernel[941]: [    6.290000] jffs2: notice: (523) jffs2_build_xattr_subsystem: complete building xattr subsystem, 0 of xdatum (0 unchecked, 0 orphan) and 0 of xref (0 dead, 0 orphan) found.
Jul 14 18:32:18 witherspoon kernel[941]: [    8.460000] systemd[1]: Failed to insert module 'autofs4': No such file or directory
Jul 14 18:32:18 witherspoon kernel[941]: [    8.650000] systemd[1]: systemd 232 running in system mode. (+PAM -AUDIT -SELINUX -IMA -APPARMOR -SMACK +SYSVINIT -UTMP -LIBCRYPTSETUP -GCRYPT -GNUTLS +ACL +XZ -LZ4 -SECCOMP +BLKID -ELFUTILS +KMOD -IDN)
Jul 14 18:32:18 witherspoon kernel[941]: [    8.650000] systemd[1]: Detected architecture arm.
Jul 14 18:32:18 witherspoon kernel[941]: [    8.810000] systemd[1]: Set hostname to <witherspoon>.
Jul 14 18:32:18 witherspoon kernel[941]: [   11.210000] systemd[1]: Listening on Journal Socket.
Jul 14 18:32:18 witherspoon kernel[941]: [   11.210000] systemd[1]: Listening on Syslog Socket.
Jul 14 18:32:18 witherspoon kernel[941]: [   11.390000] systemd[1]: Reached target Remote File Systems.
Jul 14 18:32:18 witherspoon kernel[941]: [   11.580000] systemd[1]: Listening on udev Control Socket.
Jul 14 18:32:18 witherspoon kernel[941]: [   11.780000] systemd[1]: Listening on /dev/initctl Compatibility Named Pipe.
Jul 14 18:32:18 witherspoon kernel[941]: [   11.980000] systemd[1]: Listening on udev Kernel Socket.
Jul 14 18:32:18 witherspoon kernel[941]: [   12.190000] systemd[1]: Listening on Journal Socket (/dev/log).
Jul 14 18:32:18 witherspoon kernel[941]: [   13.850000] systemd[1]: dev-hugepages.mount: Couldn't determine result for ConditionVirtualization=!private-users, assuming failed: No such file or directory
Jul 14 18:32:18 witherspoon kernel[941]: [   13.850000] systemd[1]: Mounting Debug File System...
Jul 14 18:32:18 witherspoon kernel[941]: [   14.110000] systemd[1]: Created slice system-org.openbmc.control.Power.slice.
Jul 14 18:32:18 witherspoon kernel[941]: [   14.380000] systemd[1]: Created slice system-phosphor\x2ddiscover\x2dsystem\x2dstate.slice.
Jul 14 18:32:18 witherspoon kernel[941]: [   14.660000] systemd[1]: Created slice system-org.openbmc.buttons.Power.slice.
Jul 14 18:32:18 witherspoon kernel[941]: [   14.940000] systemd[1]: Created slice system-op\x2dreset\x2dchassis\x2don.slice.
Jul 14 18:32:18 witherspoon kernel[941]: [   15.230000] systemd[1]: Created slice system-phosphor\x2dcooling\x2dtype.slice.
Jul 14 18:32:18 witherspoon kernel[941]: [   15.530000] systemd[1]: Starting Journal Service...
Jul 14 18:32:18 witherspoon kernel[941]: [   15.830000] systemd[1]: Reached target Slices.
Jul 14 18:32:18 witherspoon kernel[941]: [   16.140000] systemd[1]: Created slice system-phosphor\x2dreset\x2dhost\x2drunning.slice.
Jul 14 18:32:18 witherspoon kernel[941]: [   18.860000] systemd[1]: Created slice system-phosphor\x2dreset\x2dhost\x2dcheck.slice.
Jul 14 18:32:18 witherspoon kernel[941]: [   18.860000] systemd[1]: Created slice system-org.openbmc.control.Bmc.slice.
Jul 14 18:32:18 witherspoon kernel[941]: [   19.230000] systemd[1]: Created slice system-obmc\x2dled\x2dgroup\x2dstart.slice.
Jul 14 18:32:18 witherspoon kernel[941]: [   19.610000] systemd[1]: Starting udev Coldplug all Devices...
Jul 14 18:32:18 witherspoon kernel[941]: [   19.990000] systemd[1]: Created slice system-op\x2dreset\x2dchassis\x2drunning.slice.
Jul 14 18:32:18 witherspoon kernel[941]: [   20.380000] systemd[1]: Mounted Debug File System.
Jul 14 18:32:18 witherspoon kernel[941]: [   20.780000] systemd[1]: Mounted Temporary Directory.
Jul 14 18:32:18 witherspoon kernel[941]: [   21.180000] systemd[1]: Started Journal Service.
Jul 14 18:32:18 witherspoon kernel[941]: [   23.740000] systemd-journald[544]: Received request to flush runtime journal from PID 1
Jul 14 18:32:20 witherspoon avahi-daemon[947]: Found user 'avahi' (UID 999) and group 'avahi' (GID 999).
Jul 14 18:32:20 witherspoon avahi-daemon[947]: Successfully dropped root privileges.
Jul 14 18:32:20 witherspoon avahi-daemon[947]: avahi-daemon 0.6.32 starting up.
Jul 14 18:32:21 witherspoon avahi-daemon[947]: Successfully called chroot().
Jul 14 18:32:21 witherspoon avahi-daemon[947]: Successfully dropped remaining capabilities.
Jul 14 18:32:21 witherspoon avahi-daemon[947]: Loading service file /services/obmc_console.service.
Jul 14 18:32:21 witherspoon avahi-daemon[947]: Loading service file /services/phosphor_rest.service.
Jul 14 18:32:21 witherspoon avahi-daemon[947]: Loading service file /services/sftp-ssh.service.
Jul 14 18:32:21 witherspoon avahi-daemon[947]: Loading service file /services/sftp.service.
Jul 14 18:32:21 witherspoon avahi-daemon[947]: Loading service file /services/ssh.service.
Jul 14 18:32:21 witherspoon avahi-daemon[947]: Network interface enumeration completed.
Jul 14 18:32:21 witherspoon avahi-daemon[947]: Server startup complete. Host name is witherspoon.local. Local service cookie is 3970231349.
Jul 14 18:32:21 witherspoon avahi-daemon[947]: Service "witherspoon" (/services/ssh.service) successfully established.
Jul 14 18:32:21 witherspoon avahi-daemon[947]: Service "sftp" (/services/sftp.service) successfully established.
Jul 14 18:32:21 witherspoon avahi-daemon[947]: Service "witherspoon" (/services/sftp-ssh.service) successfully established.
Jul 14 18:32:21 witherspoon avahi-daemon[947]: Service "phosphor_rest" (/services/phosphor_rest.service) successfully established.
Jul 14 18:32:21 witherspoon avahi-daemon[947]: Service "obmc_console" (/services/obmc_console.service) successfully established.
Jul 14 18:32:21 witherspoon systemd[1]: Started Avahi mDNS/DNS-SD Stack.
Jul 14 18:32:21 witherspoon systemd[1]: Starting Network Service...
Jul 14 18:32:21 witherspoon systemd[1]: Starting Phosphor BMC0 Control...
Jul 14 18:32:21 witherspoon systemd[1]: Starting Phosphor Inventory Manager...
Jul 14 18:32:21 witherspoon systemd[1]: Starting Phosphor Network Manager...
Jul 14 18:32:21 witherspoon systemd[1]: Starting Phosphor Download Manager...
Jul 14 18:32:21 witherspoon systemd[1]: Started Phosphor Hwmon Poller.
Jul 14 18:32:21 witherspoon systemd[1]: Starting Phosphor Network Manager...
Jul 14 18:32:21 witherspoon systemd[1]: Started Phosphor sysfs LED controller.
Jul 14 18:32:21 witherspoon systemd[1]: Started Phosphor sysfs LED controller.
Jul 14 18:32:21 witherspoon systemd[1]: Started Phosphor Hwmon Poller.
Jul 14 18:32:21 witherspoon systemd[1]: Started Phosphor sysfs LED controller.
Jul 14 18:32:22 witherspoon systemd[1]: Started Phosphor Hwmon Poller.
Jul 14 18:32:22 witherspoon phosphor-hwmon-readd[967]: Usage: /usr/sbin/phosphor-hwmon-readd [options]
Jul 14 18:32:22 witherspoon phosphor-hwmon-readd[967]: Options:
Jul 14 18:32:22 witherspoon phosphor-hwmon-readd[967]:     --help               print this menu
Jul 14 18:32:22 witherspoon phosphor-hwmon-readd[967]:     --path=<path>        sysfs location to monitor
Jul 14 18:32:22 witherspoon phosphor-hwmon-readd[967]:     --of-name=<path>     open firmware device name to monitor
Jul 14 18:32:22 witherspoon phosphor-hwmon-readd[967]: ERROR: Path not specified or invalid.
Jul 14 18:32:22 witherspoon systemd[1]: Started Phosphor Console Muxer listening on device /dev/ttyVUART0.
Jul 14 18:32:23 witherspoon dbus[953]: [system] Activating via systemd: service name='org.freedesktop.hostname1' unit='dbus-org.freedesktop.hostname1.service'
Jul 14 18:32:22 witherspoon systemd[1]: Starting Phosphor User Manager...
Jul 14 18:32:22 witherspoon systemd[1]: Starting Phosphor Chassis0 Control...
Jul 14 18:32:22 witherspoon systemd-networkd[956]: Could not create runtime directory: File exists
Jul 14 18:32:22 witherspoon systemd-networkd[956]: Could not create runtime directory 'links': File exists
Jul 14 18:32:22 witherspoon systemd-networkd[956]: Could not create runtime directory 'leases': File exists
Jul 14 18:32:22 witherspoon systemd[1]: Started Phosphor sysfs LED controller.
Jul 14 18:32:22 witherspoon systemd[1]: Started Phosphor Dump core monitor..
Jul 14 18:32:22 witherspoon systemd[1]: Starting OpenPower Software Update Manager...
Jul 14 18:32:22 witherspoon systemd[1]: Started Phosphor sysfs LED controller.
Jul 14 18:32:22 witherspoon systemd[1]: Starting Phosphor Download Manager...
Jul 14 18:32:22 witherspoon systemd[1]: Started Phosphor MBOX Daemon.
Jul 14 18:32:23 witherspoon systemd[1]: Started Phosphor sysfs LED controller.
Jul 14 18:32:23 witherspoon systemd[1]: Starting OpenBMC Software Update Manager...
Jul 14 18:32:23 witherspoon systemd[1]: Starting Phosphor IPMI BT DBus Bridge...
Jul 14 18:32:23 witherspoon systemd[1]: Reached target Containers.
Jul 14 18:32:23 witherspoon systemd[1]: Starting Phosphor DBus Service Discovery Manager...
Jul 14 18:32:23 witherspoon phosphor-network-manager[959]: ConfigParser: Section not found
Jul 14 18:32:23 witherspoon phosphor-network-manager[959]: The operation failed internally.
Jul 14 18:32:23 witherspoon systemd[1]: Started System Logging Service.
Jul 14 18:32:23 witherspoon systemd[1]: Starting Phosphor Sensor Manager...
Jul 14 18:32:23 witherspoon systemd[1]: Started Phosphor Hwmon Poller.
Jul 14 18:32:23 witherspoon systemd[1]: Started Phosphor sysfs LED controller.
Jul 14 18:32:23 witherspoon systemd[1]: Started Phosphor Hwmon Poller.
Jul 14 18:32:23 witherspoon systemd-networkd[956]: Enumeration completed
Jul 14 18:32:23 witherspoon phosphor-network-manager[959]: Error in mapper call
Jul 14 18:32:23 witherspoon systemd[1]: Started Phosphor sysfs LED controller.
Jul 14 18:32:23 witherspoon systemd[1]: Started Network Service.
Jul 14 18:32:24 witherspoon systemd[1]: Started Clear one time boot overrides.
Jul 14 18:32:25 witherspoon systemd[1]: xyz.openbmc_project.Hwmon@ahb-apb-i2c\x401e78a000-i2c\x2dbus\x40100-dps310\x4076.service: Main process exited, code=exited, status=255/n/a
Jul 14 18:32:25 witherspoon systemd[1]: xyz.openbmc_project.Hwmon@ahb-apb-i2c\x401e78a000-i2c\x2dbus\x40100-dps310\x4076.service: Unit entered failed state.
Jul 14 18:32:25 witherspoon systemd[1]: xyz.openbmc_project.Hwmon@ahb-apb-i2c\x401e78a000-i2c\x2dbus\x40100-dps310\x4076.service: Failed with result 'exit-code'.
Jul 14 18:32:25 witherspoon systemd[1]: Started Phosphor Log Manager.
Jul 14 18:32:25 witherspoon systemd[1]: Started Phosphor LED Group Management Daemon.
Jul 14 18:32:25 witherspoon systemd[990]: systemd-hostnamed.service: Failed at step NETWORK spawning /lib/systemd/systemd-hostnamed: Invalid argument
Jul 14 18:32:25 witherspoon systemd[1]: Starting Hostname Service...
Jul 14 18:32:25 witherspoon systemd[1]: Reached target Network.
Jul 14 18:32:25 witherspoon systemd[1]: Starting Permit User Sessions...
Jul 14 18:32:25 witherspoon systemd[1]: Started Lightweight SLP Server.
Jul 14 18:32:25 witherspoon systemd[1]: systemd-hostnamed.service: Main process exited, code=exited, status=225/NETWORK
Jul 14 18:32:25 witherspoon systemd[1]: Failed to start Hostname Service.
Jul 14 18:32:26 witherspoon systemd[1]: systemd-hostnamed.service: Unit entered failed state.
Jul 14 18:32:26 witherspoon systemd[1]: systemd-hostnamed.service: Failed with result 'exit-code'.
Jul 14 18:32:26 witherspoon systemd[1]: Started Phosphor Download Manager.
Jul 14 18:32:26 witherspoon systemd[1]: xyz.openbmc_project.Hwmon@ahb-apb-i2c\x401e78a000-i2c\x2dbus\x40100-dps310\x4076.service: Service hold-off time over, scheduling restart.
Jul 14 18:32:26 witherspoon systemd[1]: Stopped Phosphor Hwmon Poller.
Jul 14 18:32:27 witherspoon avahi-daemon[947]: Joining mDNS multicast group on interface eth0.IPv4 with address 9.3.21.61.
Jul 14 18:32:27 witherspoon systemd-networkd[956]: eth0: IPv6 enabled for interface: Success
Jul 14 18:32:27 witherspoon avahi-daemon[947]: New relevant interface eth0.IPv4 for mDNS.
Jul 14 18:32:27 witherspoon systemd-networkd[956]: eth0: Gained carrier
Jul 14 18:32:27 witherspoon avahi-daemon[947]: Registering new address record for 9.3.21.61 on eth0.IPv4.
Jul 14 18:32:27 witherspoon systemd-timesyncd[899]: Network configuration changed, trying to establish connection.
Jul 14 18:32:27 witherspoon systemd[1]: Started Phosphor Hwmon Poller.
Jul 14 18:32:27 witherspoon systemd[1]: Started OpenBMC Software Update Manager.
Jul 14 18:32:27 witherspoon systemd[1]: Started Phosphor IPMI BT DBus Bridge.
Jul 14 18:32:27 witherspoon systemd[1]: Started OpenPower Software Update Manager.
Jul 14 18:32:27 witherspoon systemd[1]: Starting Phosphor Version Software Manager...
Jul 14 18:32:28 witherspoon systemd[1]: Started Permit User Sessions.
Jul 14 18:32:28 witherspoon systemd[1]: Started Serial Getty on ttyS4.
Jul 14 18:32:28 witherspoon systemd[1]: Reached target Login Prompts.
Jul 14 18:32:28 witherspoon systemd[1]: Reached target Multi-User System.
Jul 14 18:32:28 witherspoon systemd[1]: Started Phosphor Dump Manager.
Jul 14 18:32:28 witherspoon systemd[1]: Started Phosphor Version Software Manager.
Jul 14 18:32:28 witherspoon phosphor-hwmon-readd[996]: Usage: /usr/sbin/phosphor-hwmon-readd [options]
Jul 14 18:32:28 witherspoon phosphor-hwmon-readd[996]: Options:
Jul 14 18:32:28 witherspoon phosphor-hwmon-readd[996]:     --help               print this menu
Jul 14 18:32:28 witherspoon phosphor-hwmon-readd[996]:     --path=<path>        sysfs location to monitor
Jul 14 18:32:28 witherspoon phosphor-hwmon-readd[996]:     --of-name=<path>     open firmware device name to monitor
Jul 14 18:32:28 witherspoon phosphor-hwmon-readd[996]: ERROR: Path not specified or invalid.
Jul 14 18:32:28 witherspoon systemd[1]: xyz.openbmc_project.Hwmon@ahb-apb-i2c\x401e78a000-i2c\x2dbus\x40100-dps310\x4076.service: Main process exited, code=exited, status=255/n/a
Jul 14 18:32:28 witherspoon systemd[1]: xyz.openbmc_project.Hwmon@ahb-apb-i2c\x401e78a000-i2c\x2dbus\x40100-dps310\x4076.service: Unit entered failed state.
Jul 14 18:32:28 witherspoon systemd[1]: xyz.openbmc_project.Hwmon@ahb-apb-i2c\x401e78a000-i2c\x2dbus\x40100-dps310\x4076.service: Failed with result 'exit-code'.
Jul 14 18:32:29 witherspoon systemd[1]: xyz.openbmc_project.Hwmon@ahb-apb-i2c\x401e78a000-i2c\x2dbus\x40100-dps310\x4076.service: Service hold-off time over, scheduling restart.
Jul 14 18:32:29 witherspoon systemd[1]: Stopped Phosphor Hwmon Poller.
Jul 14 18:32:29 witherspoon systemd[1]: Started Phosphor Hwmon Poller.
Jul 14 18:32:29 witherspoon phosphor-hwmon-readd[1005]: Usage: /usr/sbin/phosphor-hwmon-readd [options]
Jul 14 18:32:29 witherspoon phosphor-hwmon-readd[1005]: Options:
Jul 14 18:32:29 witherspoon phosphor-hwmon-readd[1005]:     --help               print this menu
Jul 14 18:32:30 witherspoon phosphor-hwmon-readd[1005]:     --path=<path>        sysfs location to monitor
Jul 14 18:32:30 witherspoon phosphor-hwmon-readd[1005]:     --of-name=<path>     open firmware device name to monitor
Jul 14 18:32:30 witherspoon phosphor-hwmon-readd[1005]: ERROR: Path not specified or invalid.
Jul 14 18:32:30 witherspoon systemd[1]: xyz.openbmc_project.Hwmon@ahb-apb-i2c\x401e78a000-i2c\x2dbus\x40100-dps310\x4076.service: Main process exited, code=exited, status=255/n/a
Jul 14 18:32:30 witherspoon systemd[1]: xyz.openbmc_project.Hwmon@ahb-apb-i2c\x401e78a000-i2c\x2dbus\x40100-dps310\x4076.service: Unit entered failed state.
Jul 14 18:32:30 witherspoon systemd[1]: xyz.openbmc_project.Hwmon@ahb-apb-i2c\x401e78a000-i2c\x2dbus\x40100-dps310\x4076.service: Failed with result 'exit-code'.
Jul 14 18:32:30 witherspoon systemd[1]: Started Phosphor Inventory Manager.
Jul 14 18:32:30 witherspoon avahi-daemon[947]: Joining mDNS multicast group on interface eth0.IPv6 with address fe80::72e2:84ff:fe14:28a9.
Jul 14 18:32:30 witherspoon systemd-networkd[956]: eth0: Gained IPv6LL
Jul 14 18:32:30 witherspoon avahi-daemon[947]: New relevant interface eth0.IPv6 for mDNS.
Jul 14 18:32:30 witherspoon systemd[1]: xyz.openbmc_project.Hwmon@ahb-apb-i2c\x401e78a000-i2c\x2dbus\x40100-dps310\x4076.service: Service hold-off time over, scheduling restart.
Jul 14 18:32:30 witherspoon avahi-daemon[947]: Registering new address record for fe80::72e2:84ff:fe14:28a9 on eth0.*.
Jul 14 18:32:30 witherspoon systemd[1]: Stopped Phosphor Hwmon Poller.
Jul 14 18:32:30 witherspoon systemd[1]: Started Phosphor Hwmon Poller.
Jul 14 18:32:31 witherspoon phosphor-hwmon-readd[1007]: Usage: /usr/sbin/phosphor-hwmon-readd [options]
Jul 14 18:32:31 witherspoon phosphor-hwmon-readd[1007]: Options:
Jul 14 18:32:31 witherspoon phosphor-hwmon-readd[1007]:     --help               print this menu
Jul 14 18:32:31 witherspoon phosphor-hwmon-readd[1007]:     --path=<path>        sysfs location to monitor
Jul 14 18:32:31 witherspoon phosphor-hwmon-readd[1007]:     --of-name=<path>     open firmware device name to monitor
Jul 14 18:32:31 witherspoon phosphor-hwmon-readd[1007]: ERROR: Path not specified or invalid.
Jul 14 18:32:31 witherspoon kernel: ftgmac100 1e660000.ethernet eth0: NCSI interface up
Jul 14 18:32:31 witherspoon kernel[941]: [   47.630000] ftgmac100 1e660000.ethernet eth0: NCSI interface up
Jul 14 18:32:31 witherspoon systemd[1]: xyz.openbmc_project.Hwmon@ahb-apb-i2c\x401e78a000-i2c\x2dbus\x40100-dps310\x4076.service: Main process exited, code=exited, status=255/n/a
Jul 14 18:32:31 witherspoon systemd[1]: xyz.openbmc_project.Hwmon@ahb-apb-i2c\x401e78a000-i2c\x2dbus\x40100-dps310\x4076.service: Unit entered failed state.
Jul 14 18:32:31 witherspoon systemd[1]: xyz.openbmc_project.Hwmon@ahb-apb-i2c\x401e78a000-i2c\x2dbus\x40100-dps310\x4076.service: Failed with result 'exit-code'.
Jul 14 18:32:32 witherspoon systemd[1]: xyz.openbmc_project.Hwmon@ahb-apb-i2c\x401e78a000-i2c\x2dbus\x40100-dps310\x4076.service: Service hold-off time over, scheduling restart.
Jul 14 18:32:32 witherspoon systemd[1]: Started Phosphor BMC0 Control.
Jul 14 18:32:32 witherspoon systemd[1]: Stopped Phosphor Hwmon Poller.
Jul 14 18:32:32 witherspoon systemd[1]: Started Phosphor Hwmon Poller.
Jul 14 18:32:32 witherspoon phosphor-hwmon-readd[1011]: Usage: /usr/sbin/phosphor-hwmon-readd [options]
Jul 14 18:32:32 witherspoon systemd[1]: xyz.openbmc_project.Hwmon@ahb-apb-i2c\x401e78a000-i2c\x2dbus\x40100-dps310\x4076.service: Main process exited, code=exited, status=255/n/a
Jul 14 18:32:32 witherspoon phosphor-hwmon-readd[1011]: Options:
Jul 14 18:32:32 witherspoon phosphor-hwmon-readd[1011]:     --help               print this menu
Jul 14 18:32:32 witherspoon phosphor-hwmon-readd[1011]:     --path=<path>        sysfs location to monitor
Jul 14 18:32:32 witherspoon phosphor-hwmon-readd[1011]:     --of-name=<path>     open firmware device name to monitor
Jul 14 18:32:32 witherspoon phosphor-hwmon-readd[1011]: ERROR: Path not specified or invalid.
Jul 14 18:32:32 witherspoon systemd[1]: xyz.openbmc_project.Hwmon@ahb-apb-i2c\x401e78a000-i2c\x2dbus\x40100-dps310\x4076.service: Unit entered failed state.
Jul 14 18:32:32 witherspoon systemd[1]: xyz.openbmc_project.Hwmon@ahb-apb-i2c\x401e78a000-i2c\x2dbus\x40100-dps310\x4076.service: Failed with result 'exit-code'.
Jul 14 18:32:32 witherspoon systemd[1]: xyz.openbmc_project.Hwmon@ahb-apb-i2c\x401e78a000-i2c\x2dbus\x40100-dps310\x4076.service: Service hold-off time over, scheduling restart.
Jul 14 18:32:32 witherspoon systemd[1]: Stopped Phosphor Hwmon Poller.
Jul 14 18:32:32 witherspoon systemd[1]: Started Phosphor Hwmon Poller.
Jul 14 18:32:33 witherspoon phosphor-hwmon-readd[1014]: Usage: /usr/sbin/phosphor-hwmon-readd [options]
Jul 14 18:32:33 witherspoon phosphor-hwmon-readd[1014]: Options:
Jul 14 18:32:33 witherspoon phosphor-hwmon-readd[1014]:     --help               print this menu
Jul 14 18:32:33 witherspoon phosphor-hwmon-readd[1014]:     --path=<path>        sysfs location to monitor
Jul 14 18:32:33 witherspoon systemd[1]: xyz.openbmc_project.Hwmon@ahb-apb-i2c\x401e78a000-i2c\x2dbus\x40100-dps310\x4076.service: Main process exited, code=exited, status=255/n/a
Jul 14 18:32:34 witherspoon phosphor-hwmon-readd[1014]:     --of-name=<path>     open firmware device name to monitor
Jul 14 18:32:34 witherspoon phosphor-hwmon-readd[1014]: ERROR: Path not specified or invalid.
Jul 14 18:32:33 witherspoon systemd[1]: xyz.openbmc_project.Hwmon@ahb-apb-i2c\x401e78a000-i2c\x2dbus\x40100-dps310\x4076.service: Unit entered failed state.
Jul 14 18:32:33 witherspoon systemd[1]: xyz.openbmc_project.Hwmon@ahb-apb-i2c\x401e78a000-i2c\x2dbus\x40100-dps310\x4076.service: Failed with result 'exit-code'.
Jul 14 18:32:34 witherspoon phosphor-hwmon-readd[1016]: Usage: /usr/sbin/phosphor-hwmon-readd [options]
Jul 14 18:32:34 witherspoon phosphor-hwmon-readd[1016]: Options:
Jul 14 18:32:34 witherspoon phosphor-hwmon-readd[1016]:     --help               print this menu
Jul 14 18:32:34 witherspoon phosphor-hwmon-readd[1016]:     --path=<path>        sysfs location to monitor
Jul 14 18:32:34 witherspoon phosphor-hwmon-readd[1016]:     --of-name=<path>     open firmware device name to monitor
Jul 14 18:32:34 witherspoon phosphor-hwmon-readd[1016]: ERROR: Path not specified or invalid.
Jul 14 18:32:33 witherspoon systemd[1]: xyz.openbmc_project.Hwmon@ahb-apb-i2c\x401e78a000-i2c\x2dbus\x40100-dps310\x4076.service: Service hold-off time over, scheduling restart.
Jul 14 18:32:33 witherspoon systemd[1]: Stopped Phosphor Hwmon Poller.
Jul 14 18:32:33 witherspoon systemd[1]: Started Phosphor Hwmon Poller.
Jul 14 18:32:33 witherspoon systemd[1]: xyz.openbmc_project.Hwmon@ahb-apb-i2c\x401e78a000-i2c\x2dbus\x40100-dps310\x4076.service: Main process exited, code=exited, status=255/n/a
Jul 14 18:32:33 witherspoon systemd[1]: xyz.openbmc_project.Hwmon@ahb-apb-i2c\x401e78a000-i2c\x2dbus\x40100-dps310\x4076.service: Unit entered failed state.
Jul 14 18:32:33 witherspoon systemd[1]: xyz.openbmc_project.Hwmon@ahb-apb-i2c\x401e78a000-i2c\x2dbus\x40100-dps310\x4076.service: Failed with result 'exit-code'.
Jul 14 18:32:34 witherspoon systemd[1]: xyz.openbmc_project.Hwmon@ahb-apb-i2c\x401e78a000-i2c\x2dbus\x40100-dps310\x4076.service: Service hold-off time over, scheduling restart.
Jul 14 18:32:34 witherspoon systemd[1]: Stopped Phosphor Hwmon Poller.
Jul 14 18:32:34 witherspoon systemd[1]: Started Phosphor Hwmon Poller.
Jul 14 18:32:34 witherspoon phosphor-hwmon-readd[1019]: Usage: /usr/sbin/phosphor-hwmon-readd [options]
Jul 14 18:32:34 witherspoon phosphor-hwmon-readd[1019]: Options:
Jul 14 18:32:34 witherspoon phosphor-hwmon-readd[1019]:     --help               print this menu
Jul 14 18:32:34 witherspoon phosphor-hwmon-readd[1019]:     --path=<path>        sysfs location to monitor
Jul 14 18:32:34 witherspoon phosphor-hwmon-readd[1019]:     --of-name=<path>     open firmware device name to monitor
Jul 14 18:32:34 witherspoon phosphor-hwmon-readd[1019]: ERROR: Path not specified or invalid.
Jul 14 18:32:34 witherspoon systemd[1]: xyz.openbmc_project.Hwmon@ahb-apb-i2c\x401e78a000-i2c\x2dbus\x40100-dps310\x4076.service: Main process exited, code=exited, status=255/n/a
Jul 14 18:32:34 witherspoon systemd[1]: xyz.openbmc_project.Hwmon@ahb-apb-i2c\x401e78a000-i2c\x2dbus\x40100-dps310\x4076.service: Unit entered failed state.
Jul 14 18:32:34 witherspoon systemd[1]: xyz.openbmc_project.Hwmon@ahb-apb-i2c\x401e78a000-i2c\x2dbus\x40100-dps310\x4076.service: Failed with result 'exit-code'.
Jul 14 18:32:35 witherspoon systemd[1]: xyz.openbmc_project.Hwmon@ahb-apb-i2c\x401e78a000-i2c\x2dbus\x40100-dps310\x4076.service: Service hold-off time over, scheduling restart.
Jul 14 18:32:35 witherspoon systemd[1]: Stopped Phosphor Hwmon Poller.
Jul 14 18:32:35 witherspoon systemd[1]: Started Phosphor Hwmon Poller.
Jul 14 18:32:35 witherspoon phosphor-hwmon-readd[1021]: Usage: /usr/sbin/phosphor-hwmon-readd [options]
Jul 14 18:32:35 witherspoon phosphor-hwmon-readd[1021]: Options:
Jul 14 18:32:35 witherspoon phosphor-hwmon-readd[1021]:     --help               print this menu
Jul 14 18:32:35 witherspoon phosphor-hwmon-readd[1021]:     --path=<path>        sysfs location to monitor
Jul 14 18:32:35 witherspoon phosphor-hwmon-readd[1021]:     --of-name=<path>     open firmware device name to monitor
Jul 14 18:32:35 witherspoon phosphor-hwmon-readd[1021]: ERROR: Path not specified or invalid.
Jul 14 18:32:35 witherspoon systemd[1]: xyz.openbmc_project.Hwmon@ahb-apb-i2c\x401e78a000-i2c\x2dbus\x40100-dps310\x4076.service: Main process exited, code=exited, status=255/n/a
Jul 14 18:32:35 witherspoon systemd[1]: xyz.openbmc_project.Hwmon@ahb-apb-i2c\x401e78a000-i2c\x2dbus\x40100-dps310\x4076.service: Unit entered failed state.
Jul 14 18:32:35 witherspoon systemd[1]: xyz.openbmc_project.Hwmon@ahb-apb-i2c\x401e78a000-i2c\x2dbus\x40100-dps310\x4076.service: Failed with result 'exit-code'.
Jul 14 18:32:36 witherspoon systemd[1]: xyz.openbmc_project.Hwmon@ahb-apb-i2c\x401e78a000-i2c\x2dbus\x40100-dps310\x4076.service: Service hold-off time over, scheduling restart.
Jul 14 18:32:36 witherspoon systemd[1]: Stopped Phosphor Hwmon Poller.
Jul 14 18:32:36 witherspoon systemd[1]: xyz.openbmc_project.Hwmon@ahb-apb-i2c\x401e78a000-i2c\x2dbus\x40100-dps310\x4076.service: Start request repeated too quickly.
Jul 14 18:32:36 witherspoon systemd[1]: Failed to start Phosphor Hwmon Poller.
Jul 14 18:32:36 witherspoon systemd[1]: xyz.openbmc_project.Hwmon@ahb-apb-i2c\x401e78a000-i2c\x2dbus\x40100-dps310\x4076.service: Unit entered failed state.
Jul 14 18:32:36 witherspoon systemd[1]: xyz.openbmc_project.Hwmon@ahb-apb-i2c\x401e78a000-i2c\x2dbus\x40100-dps310\x4076.service: Failed with result 'exit-code'.
Jul 14 18:32:38 witherspoon systemd[1]: Created slice system-dropbear.slice.
Jul 14 18:32:40 witherspoon systemd[1]: Started SSH Per-Connection Server (9.41.165.94:46742).
Jul 14 18:32:40 witherspoon dropbear[1023]: Failed loading /etc/dropbear/dropbear_dss_host_key
Jul 14 18:32:40 witherspoon dropbear[1023]: Failed loading /etc/dropbear/dropbear_ecdsa_host_key
Jul 14 18:32:40 witherspoon dropbear[1023]: Child connection from ::ffff:9.41.165.94:46742
Jul 14 18:32:42 witherspoon systemd-networkd[956]: eth0: Configured
Jul 14 18:32:42 witherspoon systemd-timesyncd[899]: Network configuration changed, trying to establish connection.
Jul 14 18:32:45 witherspoon dropbear[1023]: PAM password auth succeeded for 'root' from ::ffff:9.41.165.94:46742
Jul 14 18:32:45 witherspoon dropbear[1024]: lastlog_perform_login: Couldn't stat /var/log/lastlog: No such file or directory
Jul 14 18:32:45 witherspoon dropbear[1024]: lastlog_openseek: /var/log/lastlog is not a file or directory!
Jul 14 18:32:46 witherspoon chassis_control.py[971]: Running ChassisControlService
Jul 14 18:32:46 witherspoon systemd[1]: Started Phosphor Chassis0 Control.
Jul 14 18:32:47 witherspoon sensor_manager2.py[983]: Traceback (most recent call last):
Jul 14 18:32:47 witherspoon sensor_manager2.py[983]:   File "/usr/sbin/sensor_manager2.py", line 58, in <module>
Jul 14 18:32:47 witherspoon sensor_manager2.py[983]:     sensor_obj = getattr(obmc.sensors, sensor_class)(bus, obj_path)
Jul 14 18:32:47 witherspoon sensor_manager2.py[983]: AttributeError: 'module' object has no attribute 'PowerCap'
Jul 14 18:32:47 witherspoon systemd[1]: Started Phosphor Download Manager.
Jul 14 18:32:47 witherspoon download_manager.py[960]: Running Download Manager
Jul 14 18:32:48 witherspoon systemd[1]: org.openbmc.Sensors.service: Main process exited, code=exited, status=1/FAILURE
Jul 14 18:32:48 witherspoon systemd[1]: Failed to start Phosphor Sensor Manager.
Jul 14 18:32:48 witherspoon systemd[1]: org.openbmc.Sensors.service: Unit entered failed state.
Jul 14 18:32:48 witherspoon systemd[1]: org.openbmc.Sensors.service: Failed with result 'exit-code'.
Jul 14 18:32:48 witherspoon inventory_items.py[945]: Loading from cache: /var/cache/obmc/org.openbmc.inventory.system.chassis.motherboard.apss@org.openbmc.InventoryItem.props
Jul 14 18:32:48 witherspoon inventory_items.py[945]: Loading from cache: /var/cache/obmc/org.openbmc.inventory.system.chassis.motherboard@org.openbmc.InventoryItem.props
Jul 14 18:32:48 witherspoon inventory_items.py[945]: Loading from cache: /var/cache/obmc/org.openbmc.inventory.system.chassis.motherboard.refclock@org.openbmc.InventoryItem.props
Jul 14 18:32:48 witherspoon systemd[1]: org.openbmc.Sensors.service: Service hold-off time over, scheduling restart.
Jul 14 18:32:48 witherspoon systemd[1]: Stopped Phosphor Sensor Manager.
Jul 14 18:32:48 witherspoon systemd[1]: Starting Phosphor Sensor Manager...
Jul 14 18:32:48 witherspoon dbus[953]: [system] Failed to activate service 'org.freedesktop.hostname1': timed out
Jul 14 18:32:48 witherspoon phosphor-network-manager[959]: Failed to get hostname
Jul 14 18:32:48 witherspoon phosphor-network-manager[959]: The operation failed internally.
Jul 14 18:32:48 witherspoon phosphor-network-manager[959]: Error in mapper call
Jul 14 18:32:48 witherspoon systemd[1]: Started Phosphor Network Manager.
Jul 14 18:32:49 witherspoon inventory_items.py[945]: Loading from cache: /var/cache/obmc/org.openbmc.inventory.system.chassis.motherboard.todclock@org.openbmc.InventoryItem.props
Jul 14 18:32:49 witherspoon inventory_items.py[945]: Loading from cache: /var/cache/obmc/org.openbmc.inventory.system.chassis.motherboard.bmc@org.openbmc.InventoryItem.props
Jul 14 18:32:49 witherspoon inventory_items.py[945]: Caching: /org/openbmc/inventory/system/chassis/motherboard/bmc
Jul 14 18:32:49 witherspoon inventory_items.py[945]: Loading from cache: /var/cache/obmc/org.openbmc.inventory.system.chassis.motherboard.pcieclock@org.openbmc.InventoryItem.props
Jul 14 18:32:49 witherspoon phosphor-mapper[981]: ObjectMapper startup complete.  Discovery in progress...
Jul 14 18:32:49 witherspoon systemd[1]: Started Phosphor Inventory Manager.
Jul 14 18:32:49 witherspoon inventory_items.py[945]: Running Inventory Manager
Jul 14 18:32:50 witherspoon avahi-daemon[955]: ../../avahi-0.6.32/avahi-daemon/chroot.c: open() failed: No such file or directory
Jul 14 18:32:50 witherspoon avahi-daemon[947]: Failed to open /usr/share/dbus-1/interfaces/org.freedesktop.Avahi.Server.xml: Invalid argument
Jul 14 18:32:50 witherspoon avahi-daemon[947]: Failed to load introspection data.
Jul 14 18:32:53 witherspoon systemd[1]: Started Phosphor Network Manager.
Jul 14 18:32:53 witherspoon netman.py[962]: Started
Jul 14 18:32:53 witherspoon systemd[1]: Started Phosphor User Manager.
Jul 14 18:32:54 witherspoon obmc-phosphor-userd[970]: Started
Jul 14 18:32:55 witherspoon sensor_manager2.py[1031]: Traceback (most recent call last):
Jul 14 18:32:55 witherspoon sensor_manager2.py[1031]:   File "/usr/sbin/sensor_manager2.py", line 58, in <module>
Jul 14 18:32:55 witherspoon sensor_manager2.py[1031]:     sensor_obj = getattr(obmc.sensors, sensor_class)(bus, obj_path)
Jul 14 18:32:55 witherspoon sensor_manager2.py[1031]: AttributeError: 'module' object has no attribute 'PowerCap'
Jul 14 18:32:56 witherspoon systemd[1]: org.openbmc.Sensors.service: Main process exited, code=exited, status=1/FAILURE
Jul 14 18:32:56 witherspoon systemd[1]: Failed to start Phosphor Sensor Manager.
Jul 14 18:32:56 witherspoon systemd[1]: org.openbmc.Sensors.service: Unit entered failed state.
Jul 14 18:32:56 witherspoon systemd[1]: org.openbmc.Sensors.service: Failed with result 'exit-code'.
Jul 14 18:32:56 witherspoon systemd[1]: org.openbmc.Sensors.service: Service hold-off time over, scheduling restart.
Jul 14 18:32:56 witherspoon systemd[1]: Stopped Phosphor Sensor Manager.
Jul 14 18:32:56 witherspoon systemd[1]: Starting Phosphor Sensor Manager...
Jul 14 18:33:01 witherspoon sensor_manager2.py[1033]: Traceback (most recent call last):
Jul 14 18:33:01 witherspoon sensor_manager2.py[1033]:   File "/usr/sbin/sensor_manager2.py", line 58, in <module>
Jul 14 18:33:01 witherspoon sensor_manager2.py[1033]:     sensor_obj = getattr(obmc.sensors, sensor_class)(bus, obj_path)
Jul 14 18:33:01 witherspoon sensor_manager2.py[1033]: AttributeError: 'module' object has no attribute 'PowerCap'
Jul 14 18:33:01 witherspoon systemd[1]: org.openbmc.Sensors.service: Main process exited, code=exited, status=1/FAILURE
Jul 14 18:33:01 witherspoon systemd[1]: Failed to start Phosphor Sensor Manager.
Jul 14 18:33:01 witherspoon systemd[1]: org.openbmc.Sensors.service: Unit entered failed state.
Jul 14 18:33:01 witherspoon systemd[1]: org.openbmc.Sensors.service: Failed with result 'exit-code'.
Jul 14 18:33:01 witherspoon systemd[1]: org.openbmc.Sensors.service: Service hold-off time over, scheduling restart.
Jul 14 18:33:01 witherspoon systemd[1]: Stopped Phosphor Sensor Manager.
Jul 14 18:33:01 witherspoon systemd[1]: Starting Phosphor Sensor Manager...
Jul 14 18:33:06 witherspoon sensor_manager2.py[1035]: Traceback (most recent call last):
Jul 14 18:33:06 witherspoon sensor_manager2.py[1035]:   File "/usr/sbin/sensor_manager2.py", line 58, in <module>
Jul 14 18:33:06 witherspoon sensor_manager2.py[1035]:     sensor_obj = getattr(obmc.sensors, sensor_class)(bus, obj_path)
Jul 14 18:33:06 witherspoon sensor_manager2.py[1035]: AttributeError: 'module' object has no attribute 'PowerCap'
Jul 14 18:33:06 witherspoon systemd[1]: org.openbmc.Sensors.service: Main process exited, code=exited, status=1/FAILURE
Jul 14 18:33:06 witherspoon systemd[1]: Failed to start Phosphor Sensor Manager.
Jul 14 18:33:06 witherspoon systemd[1]: org.openbmc.Sensors.service: Unit entered failed state.
Jul 14 18:33:06 witherspoon systemd[1]: org.openbmc.Sensors.service: Failed with result 'exit-code'.
Jul 14 18:33:06 witherspoon systemd[1]: org.openbmc.Sensors.service: Service hold-off time over, scheduling restart.
Jul 14 18:33:06 witherspoon systemd[1]: Stopped Phosphor Sensor Manager.
Jul 14 18:33:06 witherspoon systemd[1]: Starting Phosphor Sensor Manager...
Jul 14 18:33:11 witherspoon sensor_manager2.py[1037]: Traceback (most recent call last):
Jul 14 18:33:11 witherspoon sensor_manager2.py[1037]:   File "/usr/sbin/sensor_manager2.py", line 58, in <module>
Jul 14 18:33:11 witherspoon sensor_manager2.py[1037]:     sensor_obj = getattr(obmc.sensors, sensor_class)(bus, obj_path)
Jul 14 18:33:11 witherspoon sensor_manager2.py[1037]: AttributeError: 'module' object has no attribute 'PowerCap'
Jul 14 18:33:11 witherspoon systemd[1]: org.openbmc.Sensors.service: Main process exited, code=exited, status=1/FAILURE
Jul 14 18:33:12 witherspoon systemd[1]: Failed to start Phosphor Sensor Manager.
Jul 14 18:33:12 witherspoon systemd[1]: org.openbmc.Sensors.service: Unit entered failed state.
Jul 14 18:33:12 witherspoon systemd[1]: org.openbmc.Sensors.service: Failed with result 'exit-code'.
Jul 14 18:33:12 witherspoon systemd[1]: org.openbmc.Sensors.service: Service hold-off time over, scheduling restart.
Jul 14 18:33:12 witherspoon systemd[1]: Stopped Phosphor Sensor Manager.
Jul 14 18:33:12 witherspoon systemd[1]: Starting Phosphor Sensor Manager...
Jul 14 18:33:13 witherspoon phosphor-mapper[981]: ObjectMapper discovery complete
Jul 14 18:33:13 witherspoon systemd[1]: Started Phosphor DBus Service Discovery Manager.
Jul 14 18:33:13 witherspoon systemd[1]: Reached target Phosphor Object Mapper.
Jul 14 18:33:13 witherspoon systemd[1]: Starting Wait for /xyz/openbmc_project/led/groups...
Jul 14 18:33:13 witherspoon systemd[1]: Reached target Webserver (pre).
Jul 14 18:33:13 witherspoon systemd[1]: Started Phosphor Webserver.
Jul 14 18:33:13 witherspoon systemd[1]: Starting Wait for /org/openbmc/managers/System...
Jul 14 18:33:13 witherspoon systemd[1]: Starting Wait for /xyz/openbmc_project/state/host0...
Jul 14 18:33:13 witherspoon systemd[1]: Starting Wait for /xyz/openbmc_project/led/groups/bmc_booted...
Jul 14 18:33:13 witherspoon systemd[1]: Starting Phosphor Settings Manager...
Jul 14 18:33:13 witherspoon systemd[1]: Starting Wait for /org/openbmc/control/flash/bios...
Jul 14 18:33:13 witherspoon systemd[1]: Starting Wait for /org/openbmc/sensors...
Jul 14 18:33:13 witherspoon systemd[1]: Starting Phoshpor System Manager...
Jul 14 18:33:13 witherspoon systemd[1]: Starting Wait for /xyz/openbmc_project/control/host0...
Jul 14 18:33:13 witherspoon systemd[1]: Starting Wait for /org/openbmc/NetworkManager/Interface...
Jul 14 18:33:13 witherspoon systemd[1]: Starting Wait for /org/openbmc/control/bmc0...
Jul 14 18:33:13 witherspoon systemd[1]: Starting Wait for /xyz/openbmc_project/state/chassis0...
Jul 14 18:33:13 witherspoon systemd[1]: Starting Wait for /xyz/openbmc_project/inventory...
Jul 14 18:33:13 witherspoon systemd[1]: Starting Wait for /org/openbmc/managers/Download...
Jul 14 18:33:13 witherspoon systemd[1]: Starting Wait for /org/openbmc/control/power0...
Jul 14 18:33:13 witherspoon systemd[1]: Started Phosphor DBus Monitor.
Jul 14 18:33:16 witherspoon systemd[1]: Started Wait for /xyz/openbmc_project/led/groups/bmc_booted.
Jul 14 18:33:16 witherspoon systemd[1]: Starting Assert bmc_booted LED...
Jul 14 18:33:16 witherspoon systemd[1]: Started Wait for /xyz/openbmc_project/led/groups.
Jul 14 18:33:16 witherspoon systemd[1]: Started FRU Fault monitor service.
Jul 14 18:33:16 witherspoon systemd[1]: Started Wait for /xyz/openbmc_project/inventory.
Jul 14 18:33:17 witherspoon systemd[1]: Started Phosphor Cooling Type.
Jul 14 18:33:17 witherspoon systemd[1]: Starting Read OpenPOWER-format VPD from EEPROM...
Jul 14 18:33:17 witherspoon systemd[1]: Starting OpenPOWER OCC controller...
Jul 14 18:33:17 witherspoon systemd[1]: Started Wait for /org/openbmc/NetworkManager/Interface.
Jul 14 18:33:17 witherspoon systemd[1]: Started Wait for /org/openbmc/control/bmc0.
Jul 14 18:33:17 witherspoon systemd[1]: Started Wait for /org/openbmc/managers/Download.
Jul 14 18:33:18 witherspoon systemd[1]: Starting Phosphor BIOS Code Update...
Jul 14 18:33:18 witherspoon systemd[1]: Starting Phosphor BMC Code Update...
Jul 14 18:33:18 witherspoon systemd[1]: Started Phosphor DNS Settings Cache Manager.
Jul 14 18:33:18 witherspoon systemd[1]: Started Assert bmc_booted LED.
Jul 14 18:33:19 witherspoon systemd[1]: Started OpenPOWER OCC controller.
Jul 14 18:33:19 witherspoon systemd[1]: Started Phosphor BIOS Code Update.
Jul 14 18:33:23 witherspoon systemd[1]: Started Read OpenPOWER-format VPD from EEPROM.
Jul 14 18:33:23 witherspoon systemd[1]: Started Wait for /org/openbmc/control/flash/bios.
Jul 14 18:33:25 witherspoon systemd[1]: Started Initialize BIOS Flash.
Jul 14 18:33:26 witherspoon sensor_manager2.py[1039]: Traceback (most recent call last):
Jul 14 18:33:26 witherspoon sensor_manager2.py[1039]:   File "/usr/sbin/sensor_manager2.py", line 58, in <module>
Jul 14 18:33:26 witherspoon sensor_manager2.py[1039]:     sensor_obj = getattr(obmc.sensors, sensor_class)(bus, obj_path)
Jul 14 18:33:26 witherspoon sensor_manager2.py[1039]: AttributeError: 'module' object has no attribute 'PowerCap'
Jul 14 18:33:26 witherspoon systemd[1]: org.openbmc.Sensors.service: Main process exited, code=exited, status=1/FAILURE
Jul 14 18:33:26 witherspoon systemd[1]: Failed to start Phosphor Sensor Manager.
Jul 14 18:33:26 witherspoon systemd[1]: org.openbmc.Sensors.service: Unit entered failed state.
Jul 14 18:33:26 witherspoon systemd[1]: org.openbmc.Sensors.service: Failed with result 'exit-code'.
Jul 14 18:33:27 witherspoon systemd[1]: org.openbmc.Sensors.service: Service hold-off time over, scheduling restart.
Jul 14 18:33:27 witherspoon systemd[1]: Stopped Phosphor Sensor Manager.
Jul 14 18:33:27 witherspoon systemd[1]: Starting Phosphor Sensor Manager...
Jul 14 18:33:28 witherspoon flash_bios.exe[1069]: Starting flasher: bios,,/org/openbmc/control/flash/bios,
Jul 14 18:33:28 witherspoon flash_bios.exe[1069]: flasher: , BMC = 1, address = 0x0
Jul 14 18:33:28 witherspoon flash_bios.exe[1069]: Setting up flash
Jul 14 18:33:28 witherspoon flash_bios.exe[1069]: Starting flasher: bios,,/org/openbmc/control/flash/bios,
Jul 14 18:33:28 witherspoon flash_bios.exe[1069]: flasher: , BMC = 1, address = 0x0
Jul 14 18:33:28 witherspoon flash_bios.exe[1069]: Setting up flash
Jul 14 18:33:31 witherspoon system_manager.py[1048]: Running System State: BASE_APPS
Jul 14 18:33:31 witherspoon system_manager.py[1048]: SystemManager Init Done
Jul 14 18:33:31 witherspoon systemd[1]: Started Phoshpor System Manager.
Jul 14 18:33:31 witherspoon system_manager.py[1048]: Running SystemManager
Jul 14 18:33:31 witherspoon settings_manager.py[1045]: Running HostSettingsService
Jul 14 18:33:31 witherspoon systemd[1]: Started Phosphor Settings Manager.
Jul 14 18:33:31 witherspoon systemd[1]: Starting Wait for /org/openbmc/settings/host0...
Jul 14 18:33:34 witherspoon systemd[1]: Started Phosphor BMC Code Update.
Jul 14 18:33:34 witherspoon bmc_update.py[1070]: Running Bmc Flash Control
Jul 14 18:33:34 witherspoon systemd[1]: Started Wait for /org/openbmc/settings/host0.
Jul 14 18:33:34 witherspoon systemd[1]: Started Phosphor Inband IPMI.
Jul 14 18:33:34 witherspoon systemd[1]: Started Wait for /org/openbmc/managers/System.
Jul 14 18:33:34 witherspoon systemd[1]: Starting Phosphor Power Button0...
Jul 14 18:33:35 witherspoon systemd[1]: Starting Phosphor Power0 Control...
Jul 14 18:33:35 witherspoon systemd[1]: Starting Phosphor Host State Manager...
Jul 14 18:33:35 witherspoon systemd[1]: Starting Phosphor BMC State Manager...
Jul 14 18:33:35 witherspoon systemd[1]: Starting Phosphor Chassis State Manager...
Jul 14 18:33:35 witherspoon systemd[1]: Starting Phosphor Reset Button0...
Jul 14 18:33:35 witherspoon phosphor-bmc-state-manager[1103]: Setting the BMCState field
Jul 14 18:33:35 witherspoon phosphor-bmc-state-manager[1103]: Setting the BMCState field
Jul 14 18:33:35 witherspoon systemd[1]: Started Phosphor BMC State Manager.
Jul 14 18:33:36 witherspoon phosphor-chassis-state-manager[1104]: Initial Chassis State will be Off
Jul 14 18:33:36 witherspoon systemd[1]: Started Phosphor Chassis State Manager.
Jul 14 18:33:37 witherspoon button_power.exe[1096]: GPIO Lookup:  POWER_BUTTON = 347,both
Jul 14 18:33:37 witherspoon systemd[1]: Started Phosphor Power Button0.
Jul 14 18:33:37 witherspoon system_manager.py[1048]: Power GPIO config: ['SYS_PWROK_BUFF', '', [('SOFTWARE_PGOOD', True), ('BMC_POWER_UP', True)], [('BMC_CP0_RESET_N', False)], [], 'FSI_DATA', 'FSI_CLK', 'FSI_ENABLE', 'CRONUS_SEL', []]
Jul 14 18:33:37 witherspoon power_control.exe[1101]: Power GPIO latch output:
Jul 14 18:33:37 witherspoon power_control.exe[1101]: Power GPIO power good input: SYS_PWROK_BUFF
Jul 14 18:33:37 witherspoon power_control.exe[1101]: Power GPIO 2 power_up outputs
Jul 14 18:33:37 witherspoon power_control.exe[1101]: Power GPIO power_up[0] = SOFTWARE_PGOOD active HIGH
Jul 14 18:33:37 witherspoon power_control.exe[1101]: Power GPIO power_up[1] = BMC_POWER_UP active HIGH
Jul 14 18:33:37 witherspoon power_control.exe[1101]: Power GPIO 1 reset outputs
Jul 14 18:33:37 witherspoon power_control.exe[1101]: Power GPIO reset[0] = BMC_CP0_RESET_N active LOW
Jul 14 18:33:37 witherspoon power_control.exe[1101]: Power GPIO 0 pci reset outputs
Jul 14 18:33:37 witherspoon power_control.exe[1101]: FSI DATA GPIO: FSI_DATA
Jul 14 18:33:37 witherspoon phosphor-host-state-manager[1102]: Initial Host State will be Off
Jul 14 18:33:38 witherspoon button_reset.exe[1105]: GPIO Lookup:  RESET_BUTTON = 353,both
Jul 14 18:33:38 witherspoon power_control.exe[1101]: FSI CLK GPIO: FSI_CLK
Jul 14 18:33:38 witherspoon power_control.exe[1101]: FSI ENABLE GPIO: FSI_ENABLE
Jul 14 18:33:38 witherspoon power_control.exe[1101]: CRONUS SEL GPIO: CRONUS_SEL
Jul 14 18:33:38 witherspoon power_control.exe[1101]: Hostctl GPIO optionals: 0
Jul 14 18:33:38 witherspoon power_control.exe[1101]: GPIO Lookup:  SYS_PWROK_BUFF = 306,in
Jul 14 18:33:38 witherspoon power_control.exe[1101]: GPIO Lookup:  SOFTWARE_PGOOD = 417,out
Jul 14 18:33:38 witherspoon power_control.exe[1101]: GPIO Lookup:  BMC_POWER_UP = 305,out
Jul 14 18:33:38 witherspoon power_control.exe[1101]: GPIO Lookup:  BMC_CP0_RESET_N = 281,out
Jul 14 18:33:38 witherspoon power_control.exe[1101]: Pgood state: 0
Jul 14 18:33:37 witherspoon systemd[1]: Started Phosphor Host State Manager.
Jul 14 18:33:38 witherspoon systemd[1]: Started Phosphor Reset Button0.
Jul 14 18:33:38 witherspoon systemd[1]: Started Phosphor Power0 Control.
Jul 14 18:33:39 witherspoon sensor_manager2.py[1088]: Traceback (most recent call last):
Jul 14 18:33:39 witherspoon sensor_manager2.py[1088]:   File "/usr/sbin/sensor_manager2.py", line 58, in <module>
Jul 14 18:33:39 witherspoon sensor_manager2.py[1088]:     sensor_obj = getattr(obmc.sensors, sensor_class)(bus, obj_path)
Jul 14 18:33:39 witherspoon sensor_manager2.py[1088]: AttributeError: 'module' object has no attribute 'PowerCap'
Jul 14 18:33:39 witherspoon systemd[1]: org.openbmc.Sensors.service: Main process exited, code=exited, status=1/FAILURE
Jul 14 18:33:39 witherspoon systemd[1]: Failed to start Phosphor Sensor Manager.
Jul 14 18:33:39 witherspoon systemd[1]: org.openbmc.Sensors.service: Unit entered failed state.
Jul 14 18:33:39 witherspoon systemd[1]: org.openbmc.Sensors.service: Failed with result 'exit-code'.
Jul 14 18:33:39 witherspoon systemd[1]: org.openbmc.Sensors.service: Service hold-off time over, scheduling restart.
Jul 14 18:33:39 witherspoon systemd[1]: Stopped Phosphor Sensor Manager.
Jul 14 18:33:39 witherspoon systemd[1]: Starting Phosphor Sensor Manager...
Jul 14 18:33:46 witherspoon systemd[1]: Started Wait for /xyz/openbmc_project/state/chassis0.
Jul 14 18:33:47 witherspoon sensor_manager2.py[1125]: Traceback (most recent call last):
Jul 14 18:33:47 witherspoon sensor_manager2.py[1125]:   File "/usr/sbin/sensor_manager2.py", line 58, in <module>
Jul 14 18:33:47 witherspoon sensor_manager2.py[1125]:     sensor_obj = getattr(obmc.sensors, sensor_class)(bus, obj_path)
Jul 14 18:33:47 witherspoon sensor_manager2.py[1125]: AttributeError: 'module' object has no attribute 'PowerCap'
Jul 14 18:33:47 witherspoon systemd[1]: org.openbmc.Sensors.service: Main process exited, code=exited, status=1/FAILURE
Jul 14 18:33:47 witherspoon systemd[1]: Failed to start Phosphor Sensor Manager.
Jul 14 18:33:47 witherspoon systemd[1]: org.openbmc.Sensors.service: Unit entered failed state.
Jul 14 18:33:47 witherspoon systemd[1]: org.openbmc.Sensors.service: Failed with result 'exit-code'.
Jul 14 18:33:47 witherspoon systemd[1]: org.openbmc.Sensors.service: Service hold-off time over, scheduling restart.
Jul 14 18:33:47 witherspoon systemd[1]: Stopped Phosphor Sensor Manager.
Jul 14 18:33:47 witherspoon systemd[1]: Starting Phosphor Sensor Manager...
Jul 14 18:33:47 witherspoon systemd[1]: Started Wait for /org/openbmc/control/power0.
Jul 14 18:33:47 witherspoon systemd[1]: Starting Check Chassis0 pgood and create a file to indicate it...
Jul 14 18:33:47 witherspoon systemd[1]: Starting Phosphor Time Manager daemon...
Jul 14 18:33:47 witherspoon systemd[1]: Started Wait for /xyz/openbmc_project/control/host0.
Jul 14 18:33:48 witherspoon systemd[1]: Started Wait for /xyz/openbmc_project/state/host0.
Jul 14 18:33:48 witherspoon systemd[1]: Starting Reboot If Enabled...
Jul 14 18:33:49 witherspoon phosphor-discover-system-state[1134]: Host power is off, checking power policy
Jul 14 18:33:49 witherspoon systemd[1]: Started Reboot If Enabled.
Jul 14 18:33:49 witherspoon timemanager[1131]: Registering dbus methods
Jul 14 18:33:49 witherspoon timemanager[1131]: Last known time_mode: MANUAL
Jul 14 18:33:49 witherspoon timemanager[1131]: Last known time_owner: BMC
Jul 14 18:33:49 witherspoon timemanager[1131]: Empty DhcpNtp string
Jul 14 18:33:49 witherspoon timemanager[1131]: Reading Power Control key: pgood
Jul 14 18:33:49 witherspoon timemanager[1131]: Changing settings *allowed* now
Jul 14 18:33:49 witherspoon timemanager[1131]: Getting System Settings: time_mode
Jul 14 18:33:49 witherspoon timemanager[1131]: Requested_Mode: MANUAL Current_Mode: MANUAL
Jul 14 18:33:49 witherspoon timemanager[1131]: Mode is already set to : MANUAL
Jul 14 18:33:49 witherspoon timemanager[1131]: Getting System Settings: time_owner
Jul 14 18:33:49 witherspoon timemanager[1131]: Owner is already set to : BMC
Jul 14 18:33:49 witherspoon timemanager[1131]: Getting System Settings: use_dhcp_ntp
Jul 14 18:33:49 witherspoon systemd[1]: Started Check Chassis0 pgood and create a file to indicate it.
Jul 14 18:33:49 witherspoon systemd[1]: Reached target Chassis0 power on after reset.
Jul 14 18:33:49 witherspoon systemd[1]: Reached target Host0 running after reset.
Jul 14 18:33:49 witherspoon systemd[1]: Reached target Host0 (Reset Check).
Jul 14 18:33:49 witherspoon systemd[1]: Reached target Chassis0 (Reset Check).
Jul 14 18:33:49 witherspoon timemanager[1131]: use_dhcp_ntp = yes
Jul 14 18:33:49 witherspoon timemanager[1131]: Last known host_offset:0
Jul 14 18:33:49 witherspoon timemanager[1131]: Initial Uptime Usec: 1500057103631052
Jul 14 18:33:50 witherspoon systemd[1]: Started Phosphor Time Manager daemon.
Jul 14 18:33:52 witherspoon sensor_manager2.py[1129]: Traceback (most recent call last):
Jul 14 18:33:52 witherspoon sensor_manager2.py[1129]:   File "/usr/sbin/sensor_manager2.py", line 58, in <module>
Jul 14 18:33:52 witherspoon sensor_manager2.py[1129]:     sensor_obj = getattr(obmc.sensors, sensor_class)(bus, obj_path)
Jul 14 18:33:52 witherspoon sensor_manager2.py[1129]: AttributeError: 'module' object has no attribute 'PowerCap'
Jul 14 18:33:52 witherspoon systemd[1]: org.openbmc.Sensors.service: Main process exited, code=exited, status=1/FAILURE
Jul 14 18:33:52 witherspoon systemd[1]: Failed to start Phosphor Sensor Manager.
Jul 14 18:33:52 witherspoon systemd[1]: org.openbmc.Sensors.service: Unit entered failed state.
Jul 14 18:33:52 witherspoon systemd[1]: org.openbmc.Sensors.service: Failed with result 'exit-code'.
Jul 14 18:33:52 witherspoon systemd[1]: org.openbmc.Sensors.service: Service hold-off time over, scheduling restart.
Jul 14 18:33:52 witherspoon systemd[1]: Stopped Phosphor Sensor Manager.
Jul 14 18:33:52 witherspoon systemd[1]: Starting Phosphor Sensor Manager...
Jul 14 18:33:53 witherspoon phosphor-gevent[1041]: Traceback (most recent call last):
Jul 14 18:33:53 witherspoon phosphor-gevent[1041]:   File "/usr/lib/python2.7/site-packages/gevent/greenlet.py", line 327, in run
Jul 14 18:33:53 witherspoon phosphor-gevent[1041]:     result = self._run(*self.args, **self.kwargs)
Jul 14 18:33:53 witherspoon phosphor-gevent[1041]:   File "/usr/lib/python2.7/site-packages/gevent/server.py", line 102, in wrap_socket_and_handle
Jul 14 18:33:53 witherspoon phosphor-gevent[1041]:     ssl_socket = self.wrap_socket(client_socket, **self.ssl_args)
Jul 14 18:33:53 witherspoon phosphor-gevent[1041]:   File "/usr/lib/python2.7/site-packages/gevent/ssl.py", line 404, in wrap_socket
Jul 14 18:33:53 witherspoon phosphor-gevent[1041]:     ciphers=ciphers)
Jul 14 18:33:53 witherspoon phosphor-gevent[1041]:   File "/usr/lib/python2.7/site-packages/gevent/ssl.py", line 113, in __init__
Jul 14 18:33:53 witherspoon phosphor-gevent[1041]:     self.do_handshake()
Jul 14 18:33:53 witherspoon phosphor-gevent[1041]:   File "/usr/lib/python2.7/site-packages/gevent/ssl.py", line 324, in do_handshake
Jul 14 18:33:53 witherspoon phosphor-gevent[1041]:     return self._sslobj.do_handshake()
Jul 14 18:33:53 witherspoon phosphor-gevent[1041]: SSLEOFError: EOF occurred in violation of protocol (_ssl.c:590)
Jul 14 18:33:53 witherspoon phosphor-gevent[1041]: <Greenlet at 0x7600c3f0: <bound method WSGIServer.wrap_socket_and_handle of <WSGIServer at 0x75fe2b50 fileno=5 address=('::3462:ef76:b03d:6576%1986346400', 443, 0, 1986346400)>>(<socket at 0x75eb9830 fileno=9>, ('::8049:6376:8e91:f402%1995328284', 47764, 0, 199)> failed with SSLEOFError
Jul 14 18:33:53 witherspoon phosphor-gevent[1041]: Traceback (most recent call last):
Jul 14 18:33:53 witherspoon phosphor-gevent[1041]:   File "/usr/lib/python2.7/site-packages/gevent/greenlet.py", line 327, in run
Jul 14 18:33:53 witherspoon phosphor-gevent[1041]:     result = self._run(*self.args, **self.kwargs)
Jul 14 18:33:53 witherspoon phosphor-gevent[1041]:   File "/usr/lib/python2.7/site-packages/gevent/server.py", line 102, in wrap_socket_and_handle
Jul 14 18:33:53 witherspoon phosphor-gevent[1041]:     ssl_socket = self.wrap_socket(client_socket, **self.ssl_args)
Jul 14 18:33:53 witherspoon phosphor-gevent[1041]:   File "/usr/lib/python2.7/site-packages/gevent/ssl.py", line 404, in wrap_socket
Jul 14 18:33:53 witherspoon phosphor-gevent[1041]:     ciphers=ciphers)
Jul 14 18:33:53 witherspoon phosphor-gevent[1041]:   File "/usr/lib/python2.7/site-packages/gevent/ssl.py", line 113, in __init__
Jul 14 18:33:53 witherspoon phosphor-gevent[1041]:     self.do_handshake()
Jul 14 18:33:53 witherspoon phosphor-gevent[1041]:   File "/usr/lib/python2.7/site-packages/gevent/ssl.py", line 324, in do_handshake
Jul 14 18:33:53 witherspoon phosphor-gevent[1041]:     return self._sslobj.do_handshake()
Jul 14 18:33:54 witherspoon phosphor-gevent[1041]: SSLEOFError: EOF occurred in violation of protocol (_ssl.c:590)
Jul 14 18:33:54 witherspoon phosphor-gevent[1041]: <Greenlet at 0x7600c6c0: <bound method WSGIServer.wrap_socket_and_handle of <WSGIServer at 0x75fe2b50 fileno=5 address=('::3462:ef76:b03d:6576%1986346400', 443, 0, 1986346400)>>(<socket at 0x75eb97d0 fileno=10>, ('::8049:6376:8e91:f402%1995328284', 47766, 0, 199)> failed with SSLEOFError
Jul 14 18:33:54 witherspoon phosphor-gevent[1041]: Traceback (most recent call last):
Jul 14 18:33:54 witherspoon phosphor-gevent[1041]:   File "/usr/lib/python2.7/site-packages/gevent/greenlet.py", line 327, in run
Jul 14 18:33:54 witherspoon phosphor-gevent[1041]:     result = self._run(*self.args, **self.kwargs)
Jul 14 18:33:54 witherspoon phosphor-gevent[1041]:   File "/usr/lib/python2.7/site-packages/gevent/server.py", line 102, in wrap_socket_and_handle
Jul 14 18:33:54 witherspoon phosphor-gevent[1041]:     ssl_socket = self.wrap_socket(client_socket, **self.ssl_args)
Jul 14 18:33:54 witherspoon phosphor-gevent[1041]:   File "/usr/lib/python2.7/site-packages/gevent/ssl.py", line 404, in wrap_socket
Jul 14 18:33:54 witherspoon phosphor-gevent[1041]:     ciphers=ciphers)
Jul 14 18:33:54 witherspoon phosphor-gevent[1041]:   File "/usr/lib/python2.7/site-packages/gevent/ssl.py", line 113, in __init__
Jul 14 18:33:54 witherspoon phosphor-gevent[1041]:     self.do_handshake()
Jul 14 18:33:54 witherspoon phosphor-gevent[1041]:   File "/usr/lib/python2.7/site-packages/gevent/ssl.py", line 324, in do_handshake
Jul 14 18:33:54 witherspoon phosphor-gevent[1041]:     return self._sslobj.do_handshake()
Jul 14 18:33:54 witherspoon phosphor-gevent[1041]: SSLEOFError: EOF occurred in violation of protocol (_ssl.c:590)
Jul 14 18:33:54 witherspoon phosphor-gevent[1041]: <Greenlet at 0x7600c3a0: <bound method WSGIServer.wrap_socket_and_handle of <WSGIServer at 0x75fe2b50 fileno=5 address=('::3462:ef76:b03d:6576%1986346400', 443, 0, 1986346400)>>(<socket at 0x75eb9870 fileno=11>, ('::8049:6376:8e91:f402%1995328284', 47768, 0, 199)> failed with SSLEOFError
Jul 14 18:33:56 witherspoon sensor_manager2.py[1148]: Traceback (most recent call last):
Jul 14 18:33:56 witherspoon sensor_manager2.py[1148]:   File "/usr/sbin/sensor_manager2.py", line 58, in <module>
Jul 14 18:33:56 witherspoon sensor_manager2.py[1148]:     sensor_obj = getattr(obmc.sensors, sensor_class)(bus, obj_path)
Jul 14 18:33:56 witherspoon sensor_manager2.py[1148]: AttributeError: 'module' object has no attribute 'PowerCap'
Jul 14 18:33:56 witherspoon systemd[1]: org.openbmc.Sensors.service: Main process exited, code=exited, status=1/FAILURE
Jul 14 18:33:56 witherspoon systemd[1]: Failed to start Phosphor Sensor Manager.
Jul 14 18:33:56 witherspoon systemd[1]: org.openbmc.Sensors.service: Unit entered failed state.
Jul 14 18:33:56 witherspoon systemd[1]: org.openbmc.Sensors.service: Failed with result 'exit-code'.
Jul 14 18:33:56 witherspoon systemd[1]: org.openbmc.Sensors.service: Service hold-off time over, scheduling restart.
Jul 14 18:33:56 witherspoon systemd[1]: Stopped Phosphor Sensor Manager.
Jul 14 18:33:56 witherspoon systemd[1]: Starting Phosphor Sensor Manager...
Jul 14 18:33:58 witherspoon sensor_manager2.py[1150]: Traceback (most recent call last):
Jul 14 18:33:59 witherspoon sensor_manager2.py[1150]:   File "/usr/sbin/sensor_manager2.py", line 58, in <module>
Jul 14 18:33:59 witherspoon sensor_manager2.py[1150]:     sensor_obj = getattr(obmc.sensors, sensor_class)(bus, obj_path)
Jul 14 18:33:59 witherspoon sensor_manager2.py[1150]: AttributeError: 'module' object has no attribute 'PowerCap'
Jul 14 18:33:59 witherspoon systemd[1]: org.openbmc.Sensors.service: Main process exited, code=exited, status=1/FAILURE
Jul 14 18:33:59 witherspoon systemd[1]: Failed to start Phosphor Sensor Manager.
Jul 14 18:33:59 witherspoon systemd[1]: org.openbmc.Sensors.service: Unit entered failed state.
Jul 14 18:33:59 witherspoon systemd[1]: org.openbmc.Sensors.service: Failed with result 'exit-code'.
Jul 14 18:33:59 witherspoon systemd[1]: org.openbmc.Sensors.service: Service hold-off time over, scheduling restart.
Jul 14 18:33:59 witherspoon systemd[1]: Stopped Phosphor Sensor Manager.
Jul 14 18:33:59 witherspoon systemd[1]: Starting Phosphor Sensor Manager...
Jul 14 18:33:59 witherspoon phosphor-gevent[1041]: ::8049:6376:8e91:f402%1995328284 - - [2017-07-14 18:33:59] "POST /login HTTP/1.1" 200 320 0.116006
Jul 14 18:34:00 witherspoon phosphor-gevent[1041]: ::8049:6376:8e91:f402%1995328284 - - [2017-07-14 18:34:00] "GET /xyz/openbmc_project/state/chassis0//attr/CurrentPowerState HTTP/1.1" 200 216 0.142885
Jul 14 18:34:00 witherspoon phosphor-gevent[1041]: ::8049:6376:8e91:f402%1995328284 - - [2017-07-14 18:34:00] "POST /login HTTP/1.1" 200 320 0.176819
Jul 14 18:34:00 witherspoon phosphor-gevent[1041]: ::8049:6376:8e91:f402%1995328284 - - [2017-07-14 18:34:00] "GET /xyz/openbmc_project/state/chassis0//attr/CurrentPowerState HTTP/1.1" 200 216 0.048720
Jul 14 18:34:01 witherspoon phosphor-gevent[1041]: ::8049:6376:8e91:f402%1995328284 - - [2017-07-14 18:34:01] "POST /login HTTP/1.1" 200 320 0.163377
Jul 14 18:34:01 witherspoon phosphor-gevent[1041]: ::8049:6376:8e91:f402%1995328284 - - [2017-07-14 18:34:01] "GET /org/openbmc/sensors/host/BootProgress/attr/value HTTP/1.1" 404 315 0.029931
Jul 14 18:34:01 witherspoon phosphor-gevent[1041]: ::8049:6376:8e91:f402%1995328284 - - [2017-07-14 18:34:01] "POST /login HTTP/1.1" 200 320 0.032672
Jul 14 18:34:01 witherspoon phosphor-gevent[1041]: ::8049:6376:8e91:f402%1995328284 - - [2017-07-14 18:34:01] "GET /xyz/openbmc_project/state/host0//attr/CurrentHostState HTTP/1.1" 200 212 0.212175
Jul 14 18:34:02 witherspoon sensor_manager2.py[1152]: Traceback (most recent call last):
Jul 14 18:34:02 witherspoon sensor_manager2.py[1152]:   File "/usr/sbin/sensor_manager2.py", line 58, in <module>
Jul 14 18:34:02 witherspoon sensor_manager2.py[1152]:     sensor_obj = getattr(obmc.sensors, sensor_class)(bus, obj_path)
Jul 14 18:34:02 witherspoon sensor_manager2.py[1152]: AttributeError: 'module' object has no attribute 'PowerCap'
Jul 14 18:34:02 witherspoon systemd[1]: org.openbmc.Sensors.service: Main process exited, code=exited, status=1/FAILURE
Jul 14 18:34:02 witherspoon systemd[1]: Failed to start Phosphor Sensor Manager.
Jul 14 18:34:02 witherspoon systemd[1]: org.openbmc.Sensors.service: Unit entered failed state.
Jul 14 18:34:02 witherspoon systemd[1]: org.openbmc.Sensors.service: Failed with result 'exit-code'.
Jul 14 18:34:03 witherspoon systemd[1]: org.openbmc.Sensors.service: Service hold-off time over, scheduling restart.
Jul 14 18:34:03 witherspoon systemd[1]: Stopped Phosphor Sensor Manager.
Jul 14 18:34:03 witherspoon systemd[1]: Starting Phosphor Sensor Manager...
Jul 14 18:34:05 witherspoon sensor_manager2.py[1154]: Traceback (most recent call last):
Jul 14 18:34:05 witherspoon sensor_manager2.py[1154]:   File "/usr/sbin/sensor_manager2.py", line 58, in <module>
Jul 14 18:34:05 witherspoon sensor_manager2.py[1154]:     sensor_obj = getattr(obmc.sensors, sensor_class)(bus, obj_path)
Jul 14 18:34:05 witherspoon sensor_manager2.py[1154]: AttributeError: 'module' object has no attribute 'PowerCap'
Jul 14 18:34:05 witherspoon systemd[1]: org.openbmc.Sensors.service: Main process exited, code=exited, status=1/FAILURE
Jul 14 18:34:05 witherspoon systemd[1]: Failed to start Phosphor Sensor Manager.
Jul 14 18:34:05 witherspoon systemd[1]: org.openbmc.Sensors.service: Unit entered failed state.
Jul 14 18:34:05 witherspoon systemd[1]: org.openbmc.Sensors.service: Failed with result 'exit-code'.
Jul 14 18:34:06 witherspoon systemd[1]: org.openbmc.Sensors.service: Service hold-off time over, scheduling restart.
Jul 14 18:34:06 witherspoon systemd[1]: Stopped Phosphor Sensor Manager.
Jul 14 18:34:06 witherspoon systemd[1]: Starting Phosphor Sensor Manager...
Jul 14 18:34:08 witherspoon sensor_manager2.py[1156]: Traceback (most recent call last):
Jul 14 18:34:08 witherspoon sensor_manager2.py[1156]:   File "/usr/sbin/sensor_manager2.py", line 58, in <module>
Jul 14 18:34:08 witherspoon sensor_manager2.py[1156]:     sensor_obj = getattr(obmc.sensors, sensor_class)(bus, obj_path)
Jul 14 18:34:08 witherspoon sensor_manager2.py[1156]: AttributeError: 'module' object has no attribute 'PowerCap'
Jul 14 18:34:08 witherspoon systemd[1]: org.openbmc.Sensors.service: Main process exited, code=exited, status=1/FAILURE
Jul 14 18:34:08 witherspoon systemd[1]: Failed to start Phosphor Sensor Manager.
Jul 14 18:34:08 witherspoon systemd[1]: org.openbmc.Sensors.service: Unit entered failed state.
Jul 14 18:34:08 witherspoon systemd[1]: org.openbmc.Sensors.service: Failed with result 'exit-code'.
Jul 14 18:34:08 witherspoon systemd[1]: org.openbmc.Sensors.service: Service hold-off time over, scheduling restart.
Jul 14 18:34:08 witherspoon systemd[1]: Stopped Phosphor Sensor Manager.
Jul 14 18:34:08 witherspoon systemd[1]: Starting Phosphor Sensor Manager...
Jul 14 18:34:11 witherspoon sensor_manager2.py[1158]: Traceback (most recent call last):
Jul 14 18:34:11 witherspoon sensor_manager2.py[1158]:   File "/usr/sbin/sensor_manager2.py", line 58, in <module>
Jul 14 18:34:11 witherspoon sensor_manager2.py[1158]:     sensor_obj = getattr(obmc.sensors, sensor_class)(bus, obj_path)
Jul 14 18:34:11 witherspoon sensor_manager2.py[1158]: AttributeError: 'module' object has no attribute 'PowerCap'
Jul 14 18:34:11 witherspoon systemd[1]: org.openbmc.Sensors.service: Main process exited, code=exited, status=1/FAILURE
Jul 14 18:34:11 witherspoon systemd[1]: Failed to start Phosphor Sensor Manager.
Jul 14 18:34:11 witherspoon systemd[1]: org.openbmc.Sensors.service: Unit entered failed state.
