[    0.000000] CPU: ARMv6-compatible processor [410fb767] revision 7 (ARMv7), cr=00c5387d
[    0.000000] CPU: PIPT / VIPT nonaliasing data cache, VIPT nonaliasing instruction cache
[    0.000000] OF: fdt:Machine model: Witherspoon BMC
[    0.000000] Memory policy: Data cache writeback
[    0.000000] SOC Rev: 04010303
[    0.000000] On node 0 totalpages: 110592
[    0.000000] free_area_init_node: node 0, pgdat 805f3484, node_mem_map 9ec1a000
[    0.000000]   Normal zone: 992 pages used for memmap
[    0.000000]   Normal zone: 0 pages reserved
[    0.000000]   Normal zone: 110592 pages, LIFO batch:31
[    0.000000] pcpu-alloc: s0 r0 d32768 u32768 alloc=1*32768
[    0.000000] pcpu-alloc: [0] 0 
[    0.000000] Built 1 zonelists in Zone order, mobility grouping on.  Total pages: 109600
[    0.000000] Kernel command line: console=ttyS4,115200n8 root=/dev/ram rw
[    0.000000] PID hash table entries: 2048 (order: 1, 8192 bytes)
[    0.000000] Dentry cache hash table entries: 65536 (order: 6, 262144 bytes)
[    0.000000] Inode-cache hash table entries: 32768 (order: 5, 131072 bytes)
[    0.000000] Memory: 430500K/442368K available (4049K kernel code, 280K rwdata, 1168K rodata, 280K init, 111K bss, 11868K reserved, 0K cma-reserved)
[    0.000000] Virtual kernel memory layout:
[    0.000000]     vector  : 0xffff0000 - 0xffff1000   (   4 kB)
[    0.000000]     fixmap  : 0xffc00000 - 0xfff00000   (3072 kB)
[    0.000000]     vmalloc : 0x9f800000 - 0xff800000   (1536 MB)
[    0.000000]     lowmem  : 0x80000000 - 0x9f000000   ( 496 MB)
[    0.000000]       .text : 0x80008000 - 0x803fc7c0   (4050 kB)
[    0.000000]       .init : 0x8057a000 - 0x805c0000   ( 280 kB)
[    0.000000]       .data : 0x805c0000 - 0x80606228   ( 281 kB)
[    0.000000]        .bss : 0x80606228 - 0x806220f8   ( 112 kB)
[    0.000000] NR_IRQS:16 nr_irqs:16 16
[    0.000000] i2c controller registered, irq 16
[    0.000000] clocksource: moxart_timer: mask: 0xffffffff max_cycles: 0xffffffff, max_idle_ns: 77222644334 ns
[    0.000000] sched_clock: 32 bits at 100 Hz, resolution 10000000ns, wraps every 21474836475000000ns
[    0.090000] Calibrating delay loop... 789.70 BogoMIPS (lpj=3948544)
[    0.090000] pid_max: default: 32768 minimum: 301
[    0.090000] Mount-cache hash table entries: 1024 (order: 0, 4096 bytes)
[    0.090000] Mountpoint-cache hash table entries: 1024 (order: 0, 4096 bytes)
[    0.090000] CPU: Testing write buffer coherency: ok
[    0.090000] ftrace: allocating 14872 entries in 44 pages
[    0.120000] Setting up static identity map for 0x80008200 - 0x8000825c
[    0.120000] devtmpfs: initialized
[    0.140000] clocksource: jiffies: mask: 0xffffffff max_cycles: 0xffffffff, max_idle_ns: 19112604462750000 ns
[    0.140000] futex hash table entries: 256 (order: -1, 3072 bytes)
[    0.140000] pinctrl core: initialized pinctrl subsystem
[    0.140000] NET: Registered protocol family 16
[    0.140000] DMA: preallocated 256 KiB pool for atomic coherent allocations
[    0.200000] usbcore: registered new interface driver usbfs
[    0.200000] usbcore: registered new interface driver hub
[    0.200000] usbcore: registered new device driver usb
[    0.210000] clocksource: Switched to clocksource moxart_timer
[    0.230000] NET: Registered protocol family 2
[    0.230000] TCP established hash table entries: 4096 (order: 2, 16384 bytes)
[    0.230000] TCP bind hash table entries: 4096 (order: 2, 16384 bytes)
[    0.230000] TCP: Hash tables configured (established 4096 bind 4096)
[    0.230000] UDP hash table entries: 256 (order: 0, 4096 bytes)
[    0.230000] UDP-Lite hash table entries: 256 (order: 0, 4096 bytes)
[    0.230000] NET: Registered protocol family 1
[    0.230000] Trying to unpack rootfs image as initramfs...
[    1.900000] Freeing initrd memory: 1552K
[    1.900000] workingset: timestamp_bits=30 max_order=17 bucket_order=0
[    1.900000] squashfs: version 4.0 (2009/01/31) Phillip Lougher
[    1.900000] jffs2: version 2.2. (SUMMARY)  Â© 2001-2006 Red Hat, Inc.
[    1.900000] Block layer SCSI generic (bsg) driver version 0.4 loaded (major 250)
[    1.900000] io scheduler noop registered
[    1.900000] io scheduler deadline registered
[    1.900000] io scheduler cfq registered (default)
[    2.050000] ipmi-bt-host 1e789140.ibt: Found bt bmc device
[    2.050000] ipmi-bt-host 1e789140.ibt: Using IRQ 22
[    2.050000] Serial: 8250/16550 driver, 6 ports, IRQ sharing enabled
[    2.050000] 1e783000.serial: ttyS0 at MMIO 0x1e783000 (irq = 23, base_baud = 1500000) is a 16550A
[    2.050000] 1e78d000.serial: ttyS1 at MMIO 0x1e78d000 (irq = 24, base_baud = 1500000) is a 16550A
[    2.050000] 1e784000.serial: ttyS4 at MMIO 0x1e784000 (irq = 25, base_baud = 1500000) is a 16550A
[    2.420000] console [ttyS4] enabled
[    2.420000] 1e787000.vuart: ttyS2 at MMIO 0x1e787000 (irq = 22, base_baud = 1500000) is a 16550A
[    2.590000] timeriomem_rng 1e6e2078.hwrng: 32bits from 0xf00e2078 @ 1us
[    2.600000] random: fast init done
[    2.650000] brd: module loaded
[    2.670000] loop: module loaded
[    2.680000] random: crng init done
[    2.680000] aspeed-lpc-ctrl 1e789080.lpc-ctrl: Loaded at 0x98000000 (0x04000000)
[    2.690000] aspeed-smc 1e620000.flash-controller: Using IRQ 18
[    2.690000] aspeed-smc 1e620000.flash-controller: DMA support disabled.
[    2.700000] aspeed-smc 1e620000.flash-controller: mx25l25635e (32768 Kbytes)
[    2.700000] aspeed-smc 1e620000.flash-controller: CE0 window [ 0x20000000 - 0x22000000 ] 32MB
[    2.700000] aspeed-smc 1e620000.flash-controller: CE1 window [ 0x22000000 - 0x2a000000 ] 128MB
[    2.730000] 5 ofpart partitions found on MTD device bmc
[    2.730000] Creating 5 MTD partitions on "bmc":
[    2.740000] 0x000000000000-0x000000060000 : "u-boot"
[    2.740000] 0x000000060000-0x000000080000 : "u-boot-env"
[    2.760000] 0x000000080000-0x0000004c0000 : "kernel"
[    2.770000] 0x0000004c0000-0x000001c00000 : "rofs"
[    2.780000] 0x000001c00000-0x000002000000 : "rwfs"
[    2.790000] aspeed-smc 1e620000.flash-controller: mx25l25635e (32768 Kbytes)
[    2.800000] aspeed-smc 1e620000.flash-controller: CE1 window [ 0x22000000 - 0x24000000 ] 32MB
[    2.800000] aspeed-smc 1e620000.flash-controller: CE2 window [ 0x24000000 - 0x2c000000 ] 128MB
[    2.820000] aspeed-smc 1e630000.flash-controller: mx66l1g45g (131072 Kbytes)
[    2.830000] aspeed-smc 1e630000.flash-controller: CE0 window resized to 120MB (AST2500 HW quirk)
[    2.830000] aspeed-smc 1e630000.flash-controller: CE0 window [ 0x30000000 - 0x37800000 ] 120MB
[    2.850000] aspeed-smc 1e630000.flash-controller: CE0 window too small for chip 128MB
[    2.850000] aspeed-smc 1e630000.flash-controller: CE1 window [ 0x37800000 - 0x38000000 ] 8MB
[    3.620000] libphy: Fixed MDIO Bus: probed
[    3.620000] ftgmac100 1e660000.ethernet: Read MAC address f2:10:2a:f3:14:2a from chip
[    3.620000] ftgmac100 1e660000.ethernet: Using NCSI interface
[    3.620000] ftgmac100 1e660000.ethernet eth0: irq 20, mapped at f0060000
[    3.620000] ehci_hcd: USB 2.0 'Enhanced' Host Controller (EHCI) Driver
[    3.620000] ehci-platform: EHCI generic platform driver
[    3.830000]  fsi0: can't read slave 00:00 -5
[    3.830000] i2c /dev entries driver
[    3.830000] aspeed-i2c-bus 1e78a0c0.i2c-bus: i2c bus 2 registered, irq 26
[    3.830000] aspeed-i2c-bus 1e78a100.i2c-bus: i2c bus 3 registered, irq 27
[    3.830000] aspeed-i2c-bus 1e78a140.i2c-bus: i2c bus 4 registered, irq 28
[    3.830000] aspeed-i2c-bus 1e78a180.i2c-bus: i2c bus 5 registered, irq 29
[    3.830000] aspeed-i2c-bus 1e78a380.i2c-bus: i2c bus 9 registered, irq 30
[    3.830000] aspeed-i2c-bus 1e78a3c0.i2c-bus: i2c bus 10 registered, irq 31
[    3.830000] rtc-rv8803 11-0032: Voltage low, temperature compensation stopped.
[    3.830000] rtc-rv8803 11-0032: An alarm maybe have been missed.
[    3.940000] rtc-rv8803 11-0032: rtc core: registered rx8900 as rtc0
[    3.950000] at24 11-0051: 8192 byte 24c64 EEPROM, writable, 1 bytes/write
[    3.950000] aspeed-i2c-bus 1e78a400.i2c-bus: i2c bus 11 registered, irq 32
[    3.950000] aspeed-i2c-bus 1e78a440.i2c-bus: i2c bus 12 registered, irq 33
[    3.950000] aspeed-i2c-bus 1e78a480.i2c-bus: i2c bus 13 registered, irq 34
[    3.950000] Driver for 1-wire Dallas network protocol.
[    3.950000] lm75 9-004a: hwmon0: sensor 'tmp275'
[    4.410000] ucd9000 11-0064: Device ID UCD90160|2.3.4.0000|110603
[    4.730000] leds-pca955x 3-0060: leds-pca955x: Using pca9552 16-bit LED driver at slave address 0x60
[    4.750000] leds-pca955x 3-0060: gpios 276...279
[    4.750000] leds-pca955x 11-0060: leds-pca955x: Using pca9552 16-bit LED driver at slave address 0x60
[    4.770000] leds-pca955x 11-0060: gpios 260...275
[    4.770000] usbcore: registered new interface driver usbhid
[    4.780000] usbhid: USB HID core driver
[    4.820000] dps310: probe of 3-0076 failed with error -5
[    4.820000] NET: Registered protocol family 10
[    4.830000] Segment Routing with IPv6
[    4.830000] NET: Registered protocol family 17
[    4.830000] console [netcon0] enabled
[    4.830000] netconsole: network logging started
[    4.850000] gpio-keys gpio-keys: failed to get gpio: -16
[    4.850000] gpio-keys: probe of gpio-keys failed with error -16
[    4.870000] rtc-rv8803 11-0032: setting system clock to 2017-07-12 10:45:28 UTC (1499856328)
[    4.880000] Freeing unused kernel memory: 280K
[    4.880000] This architecture does not have kernel memory protection.
[    6.430000] jffs2: notice: (517) jffs2_build_xattr_subsystem: complete building xattr subsystem, 0 of xdatum (0 unchecked, 0 orphan) and 0 of xref (0 dead, 0 orphan) found.
[    8.540000] systemd[1]: System time before build time, advancing clock.
[    8.540000] systemd[1]: Failed to insert module 'autofs4': No such file or directory
[    8.850000] systemd[1]: systemd 232 running in system mode. (+PAM -AUDIT -SELINUX -IMA -APPARMOR -SMACK +SYSVINIT -UTMP -LIBCRYPTSETUP -GCRYPT -GNUTLS +ACL +XZ -LZ4 -SECCOMP +BLKID -ELFUTILS +KMOD -IDN)
[    8.850000] systemd[1]: Detected architecture arm.
[    8.930000] systemd[1]: Set hostname to <witherspoon>.
[   10.290000] systemd[1]: Listening on udev Control Socket.
[   10.490000] systemd[1]: Started Forward Password Requests to Wall Directory Watch.
[   10.530000] systemd[1]: Listening on Syslog Socket.
[   10.560000] systemd[1]: Started Dispatch Password Requests to Console Directory Watch.
[   10.620000] systemd[1]: Listening on udev Kernel Socket.
[   10.660000] systemd[1]: Reached target Paths.
[   10.690000] systemd[1]: Reached target Remote File Systems.
[   14.250000] systemd-journald[536]: Received request to flush runtime journal from PID 1
[   42.410000] ftgmac100 1e660000.ethernet eth0: NCSI interface up
[  392.110000] ucd9000 11-0064: Device ID UCD90160|2.3.4.0000|110603
[  405.770000]  fsi0: fsi: found chip c0010d12 at 00:00:00
[  405.770000]  slave@00:00: engine[2]: type 4, version 6, addr c00 size 400
[  405.770000]  slave@00:00: engine[3]: type 5, version 6, addr 1000 size 400
[  405.940000]  slave@00:00: engine[4]: type 6, version 1, addr 1400 size 400
[  405.940000]  slave@00:00: engine[5]: type 7, version 2, addr 1800 size 400
[  405.940000]  slave@00:00: engine[8]: type 22, version 1, addr 2400 size 400
[  405.940000] sbefifo 00:00:00:06: Found sbefifo device
[  406.110000] occ-hwmon occ1-dev0: failed to get OCC poll response: -19
[  406.290000]  slave@00:00: engine[9]: type 20, version 2, addr 2800 size 800
[  406.290000]  slave@00:00: engine[11]: type 1a, version 1, addr 3000 size 400
[  406.290000]  slave@00:00: engine[12]: type 1c, version 1, addr 3400 size 400
[  406.290000] fsi-master-hub 00:00:00:0a: hub version 92010800 (8 links)
[  406.290000]  slave@00:00: status: 0x84000510, sisc: 0x01040108
[  406.290000]  slave@00:00: status: 0x84000500, sisc: 0x00040108
[  406.290000]  fsi1: can't read slave 00:00 -5
[  406.290000]  slave@00:00: status: 0x84000500, sisc: 0x00040108
[  406.290000]  slave@00:00: status: 0x84000500, sisc: 0x00040108
[  406.290000]  fsi1: can't read slave 01:00 -5
[  406.290000]  slave@00:00: status: 0x84000500, sisc: 0x00040108
[  406.470000]  slave@00:00: status: 0x84000500, sisc: 0x00040108
[  406.470000]  fsi1: can't read slave 02:00 -5
[  406.470000]  slave@00:00: status: 0x84000500, sisc: 0x00040108
[  406.470000]  slave@00:00: status: 0x84000500, sisc: 0x00040108
[  406.470000]  fsi1: can't read slave 03:00 -5
[  406.470000]  slave@00:00: status: 0x84000500, sisc: 0x00040108
[  406.470000]  slave@00:00: status: 0x84000500, sisc: 0x00040108
[  406.470000]  fsi1: can't read slave 04:00 -5
[  406.470000]  slave@00:00: status: 0x84000500, sisc: 0x00040108
[  406.470000]  slave@00:00: status: 0x84000500, sisc: 0x00040108
[  406.470000]  fsi1: can't read slave 05:00 -5
[  406.470000]  slave@00:00: status: 0x84000500, sisc: 0x00040108
[  406.470000]  slave@00:00: status: 0x84000500, sisc: 0x00040108
[  406.470000]  fsi1: can't read slave 06:00 -5
[  406.660000]  slave@00:00: status: 0x84000500, sisc: 0x00040108
[  406.660000]  slave@00:00: status: 0x84000500, sisc: 0x00040108
[  406.660000]  fsi1: can't read slave 07:00 -5
[  406.660000]  slave@00:00: engine[14]: type 1b, version 1, addr 40000 size 8000
[  406.660000]  slave@00:00: engine[15]: type 1b, version 1, addr 48000 size 8000
[  406.660000]  slave@00:00: engine[16]: type 1b, version 1, addr 50000 size 8000
[  406.660000]  slave@00:00: engine[17]: type 1b, version 1, addr 58000 size 8000
[  406.660000]  slave@00:00: engine[18]: type 1b, version 1, addr 60000 size 8000
[  406.660000]  slave@00:00: engine[19]: type 1b, version 1, addr 68000 size 8000
[  406.660000]  slave@00:00: engine[20]: type 1b, version 1, addr 70000 size 8000
[  406.660000]  slave@00:00: engine[21]: type 1b, version 1, addr 78000 size 8000
