Booting Linux on physical CPU 0x0
Linux version 4.10.5-8736136e756ec127de0bbe2c7e2de683204d4512 (bmcbuild@hmcci186.aus.stglabs.ibm.com) (gcc version 6.2.0 (GCC) ) #1 Wed Jun 28 16:42:22 CDT 2017
CPU: ARMv6-compatible processor [410fb767] revision 7 (ARMv7), cr=00c5387d
CPU: PIPT / VIPT nonaliasing data cache, VIPT nonaliasing instruction cache
OF: fdt:Machine model: Witherspoon BMC
Memory policy: Data cache writeback
SOC Rev: 04030303
On node 0 totalpages: 110592
free_area_init_node: node 0, pgdat 80721680, node_mem_map 9ec19000
  Normal zone: 992 pages used for memmap
  Normal zone: 0 pages reserved
  Normal zone: 110592 pages, LIFO batch:31
pcpu-alloc: s0 r0 d32768 u32768 alloc=1*32768
pcpu-alloc: [0] 0 
Built 1 zonelists in Zone order, mobility grouping on.  Total pages: 109600
Kernel command line: console=ttyS4,115200n8 root=/dev/ram rw
PID hash table entries: 2048 (order: 1, 8192 bytes)
Dentry cache hash table entries: 65536 (order: 6, 262144 bytes)
Inode-cache hash table entries: 32768 (order: 5, 131072 bytes)
Memory: 430300K/442368K available (4096K kernel code, 188K rwdata, 848K rodata, 1024K init, 114K bss, 12068K reserved, 0K cma-reserved)
Virtual kernel memory layout:
    vector  : 0xffff0000 - 0xffff1000   (   4 kB)
    fixmap  : 0xffc00000 - 0xfff00000   (3072 kB)
    vmalloc : 0x9f800000 - 0xff800000   (1536 MB)
    lowmem  : 0x80000000 - 0x9f000000   ( 496 MB)
      .text : 0x80008000 - 0x80500000   (5088 kB)
      .init : 0x80600000 - 0x80700000   (1024 kB)
      .data : 0x80700000 - 0x8072f3c8   ( 189 kB)
       .bss : 0x8072f3c8 - 0x8074bc8c   ( 115 kB)
NR_IRQS:16 nr_irqs:16 16
i2c controller registered, irq 16
clocksource: moxart_timer: mask: 0xffffffff max_cycles: 0xffffffff, max_idle_ns: 77222644334 ns
sched_clock: 32 bits at 100 Hz, resolution 10000000ns, wraps every 21474836475000000ns
Calibrating delay loop... 789.70 BogoMIPS (lpj=3948544)
pid_max: default: 32768 minimum: 301
Mount-cache hash table entries: 1024 (order: 0, 4096 bytes)
Mountpoint-cache hash table entries: 1024 (order: 0, 4096 bytes)
CPU: Testing write buffer coherency: ok
Setting up static identity map for 0x80100000 - 0x80100038
devtmpfs: initialized
clocksource: jiffies: mask: 0xffffffff max_cycles: 0xffffffff, max_idle_ns: 19112604462750000 ns
futex hash table entries: 256 (order: -1, 3072 bytes)
pinctrl core: initialized pinctrl subsystem
NET: Registered protocol family 16
DMA: preallocated 256 KiB pool for atomic coherent allocations
hw-breakpoint: found 6 breakpoint and 1 watchpoint registers.
hw-breakpoint: maximum watchpoint size is 4 bytes.
clocksource: Switched to clocksource moxart_timer
NET: Registered protocol family 2
TCP established hash table entries: 4096 (order: 2, 16384 bytes)
TCP bind hash table entries: 4096 (order: 2, 16384 bytes)
TCP: Hash tables configured (established 4096 bind 4096)
UDP hash table entries: 256 (order: 0, 4096 bytes)
UDP-Lite hash table entries: 256 (order: 0, 4096 bytes)
NET: Registered protocol family 1
RPC: Registered named UNIX socket transport module.
RPC: Registered udp transport module.
RPC: Registered tcp transport module.
RPC: Registered tcp NFSv4.1 backchannel transport module.
Trying to unpack rootfs image as initramfs...
Freeing initrd memory: 1552K
workingset: timestamp_bits=30 max_order=17 bucket_order=0
squashfs: version 4.0 (2009/01/31) Phillip Lougher
jffs2: version 2.2. (NAND) (SUMMARY)  Â© 2001-2006 Red Hat, Inc.
io scheduler noop registered (default)
ipmi-bt-host 1e789140.ibt: Found bt bmc device
ipmi-bt-host 1e789140.ibt: Using IRQ 22
Serial: 8250/16550 driver, 6 ports, IRQ sharing enabled
1e783000.serial: ttyS0 at MMIO 0x1e783000 (irq = 23, base_baud = 1500000) is a 16550A
1e78d000.serial: ttyS1 at MMIO 0x1e78d000 (irq = 24, base_baud = 1500000) is a 16550A
1e784000.serial: ttyS4 at MMIO 0x1e784000 (irq = 25, base_baud = 1500000) is a 16550A
console [ttyS4] enabled
1e787000.vuart: ttyS2 at MMIO 0x1e787000 (irq = 22, base_baud = 1500000) is a 16550A
timeriomem_rng 1e6e2078.hwrng: 32bits from 0xf00e2078 @ 1us
brd: module loaded
loop: module loaded
aspeed-lpc-ctrl 1e789080.lpc-ctrl: Loaded at 0x98000000 (0x04000000)
aspeed-smc 1e620000.flash-controller: Using IRQ 18
aspeed-smc 1e620000.flash-controller: DMA support disabled.
aspeed-smc 1e620000.flash-controller: mx25l25635e (32768 Kbytes)
aspeed-smc 1e620000.flash-controller: CE0 window [ 0x20000000- 0x22000000 ] 32MB
aspeed-smc 1e620000.flash-controller: CE1 window [ 0x22000000- 0x2a000000 ] 128MB
5 ofpart partitions found on MTD device bmc
Creating 5 MTD partitions on "bmc":
0x000000000000-0x000000060000 : "u-boot"
0x000000060000-0x000000080000 : "u-boot-env"
0x000000080000-0x0000004c0000 : "kernel"
0x0000004c0000-0x000001c00000 : "rofs"
0x000001c00000-0x000002000000 : "rwfs"
aspeed-smc 1e620000.flash-controller: mx25l25635e (32768 Kbytes)
aspeed-smc 1e620000.flash-controller: CE1 window [ 0x22000000- 0x24000000 ] 32MB
aspeed-smc 1e620000.flash-controller: CE2 window [ 0x24000000- 0x2c000000 ] 128MB
aspeed-smc 1e630000.flash-controller: mx66l1g45g (131072 Kbytes)
aspeed-smc 1e630000.flash-controller: CE0 window resized to 120MB (AST2500 HW quirk)
aspeed-smc 1e630000.flash-controller: CE0 window [ 0x30000000- 0x37800000 ] 120MB
aspeed-smc 1e630000.flash-controller: CE0 window too small for chip 128MB
aspeed-smc 1e630000.flash-controller: CE1 window [ 0x37800000- 0x38000000 ] 8MB
libphy: Fixed MDIO Bus: probed
ftgmac100 1e660000.ethernet: Read MAC address 70:e2:84:14:28:a9 from chip
ftgmac100 1e660000.ethernet: Using NCSI interface
ftgmac100 1e660000.ethernet eth0: irq 20, mapped at f0060000
 fsi0: can't read slave 00:00 -5
i2c /dev entries driver
aspeed-i2c-bus 1e78a0c0.i2c-bus: i2c bus 2 registered, irq 26
aspeed-i2c-bus 1e78a100.i2c-bus: i2c bus 3 registered, irq 27
aspeed-i2c-bus 1e78a140.i2c-bus: i2c bus 4 registered, irq 28
aspeed-i2c-bus 1e78a180.i2c-bus: i2c bus 5 registered, irq 29
aspeed-i2c-bus 1e78a380.i2c-bus: i2c bus 9 registered, irq 30
aspeed-i2c-bus 1e78a3c0.i2c-bus: i2c bus 10 registered, irq 31
rtc-rv8803 11-0032: Voltage low, temperature compensation stopped.
rtc-rv8803 11-0032: rtc core: registered rx8900 as rtc0
at24 11-0051: 8192 byte 24c64 EEPROM, writable, 1 bytes/write
aspeed-i2c-bus 1e78a400.i2c-bus: i2c bus 11 registered, irq 32
aspeed-i2c-bus 1e78a440.i2c-bus: i2c bus 12 registered, irq 33
aspeed-i2c-bus 1e78a480.i2c-bus: i2c bus 13 registered, irq 34
Driver for 1-wire Dallas network protocol.
lm75 9-004a: hwmon0: sensor 'tmp275'
random: fast init done
ucd9000 11-0064: Device ID UCD90160|2.3.4.0000|110603
bmp280: probe of 3-0077 failed with error -5
ip_tables: (C) 2000-2006 Netfilter Core Team
NET: Registered protocol family 10
Segment Routing with IPv6
NET: Registered protocol family 17
input: gpio-keys as /devices/platform/gpio-keys/input/input0
rtc-rv8803 11-0032: setting system clock to 2017-07-31 18:08:35 UTC (1501524515)
Freeing unused kernel memory: 1024K
jffs2: notice: (464) jffs2_build_xattr_subsystem: complete building xattr subsystem, 1 of xdatum (1 unchecked, 0 orphan) and 17 of xref (0 dead, 5 orphan) found.
systemd[1]: systemd 232 running in system mode. (+PAM -AUDIT -SELINUX -IMA -APPARMOR -SMACK +SYSVINIT -UTMP -LIBCRYPTSETUP -GCRYPT -GNUTLS +ACL +XZ -LZ4 -SECCOMP +BLKID -ELFUTILS +KMOD -IDN)
systemd[1]: Detected architecture arm.
systemd[1]: Set hostname to <witherspoon>.
systemd[1]: Started Forward Password Requests to Wall Directory Watch.
systemd[1]: Listening on Network Service Netlink Socket.
systemd[1]: Listening on udev Kernel Socket.
systemd[1]: Reached target Remote File Systems.
systemd[1]: Started Dispatch Password Requests to Console Directory Watch.
systemd[1]: Reached target Paths.
systemd[1]: Reached target Swap.
systemd-journald[517]: Received request to flush runtime journal from PID 1
ftgmac100 1e660000.ethernet eth0: NCSI interface up
random: crng init done
