-- Logs begin at Wed 2017-08-09 10:55:26 UTC, end at Wed 2017-08-09 11:11:46 UTC. --
Aug 09 10:55:26 witherspoon kernel: Booting Linux on physical CPU 0x0
Aug 09 10:55:26 witherspoon kernel: Linux version 4.10.17-baeb50beb784ac5993d2bfb5d06d909971b60506 (jenkins@openbmc-builder1) (gcc version 6.2.0 (GCC) ) #1 Wed Aug 9 10:30:19 UTC 2017
Aug 09 10:55:26 witherspoon kernel: CPU: ARMv6-compatible processor [410fb767] revision 7 (ARMv7), cr=00c5387d
Aug 09 10:55:26 witherspoon kernel: CPU: PIPT / VIPT nonaliasing data cache, VIPT nonaliasing instruction cache
Aug 09 10:55:26 witherspoon kernel: OF: fdt:Machine model: Witherspoon BMC
Aug 09 10:55:26 witherspoon kernel: Memory policy: Data cache writeback
Aug 09 10:55:26 witherspoon kernel: SOC Rev: 04030303
Aug 09 10:55:26 witherspoon kernel: On node 0 totalpages: 110592
Aug 09 10:55:26 witherspoon kernel: free_area_init_node: node 0, pgdat 805ff5f4, node_mem_map 9ec1a000
Aug 09 10:55:26 witherspoon kernel:   Normal zone: 992 pages used for memmap
Aug 09 10:55:26 witherspoon kernel:   Normal zone: 0 pages reserved
Aug 09 10:55:26 witherspoon kernel:   Normal zone: 110592 pages, LIFO batch:31
Aug 09 10:55:26 witherspoon kernel: pcpu-alloc: s0 r0 d32768 u32768 alloc=1*32768
Aug 09 10:55:26 witherspoon kernel: pcpu-alloc: [0] 0 
Aug 09 10:55:26 witherspoon kernel: Built 1 zonelists in Zone order, mobility grouping on.  Total pages: 109600
Aug 09 10:55:26 witherspoon kernel: Kernel command line: console=ttyS4,115200n8 root=/dev/ram rw
Aug 09 10:55:26 witherspoon kernel: PID hash table entries: 2048 (order: 1, 8192 bytes)
Aug 09 10:55:26 witherspoon kernel: Dentry cache hash table entries: 65536 (order: 6, 262144 bytes)
Aug 09 10:55:26 witherspoon kernel: Inode-cache hash table entries: 32768 (order: 5, 131072 bytes)
Aug 09 10:55:26 witherspoon kernel: Memory: 430428K/442368K available (4065K kernel code, 280K rwdata, 1192K rodata, 284K init, 111K bss, 11940K reserved, 0K cma-reserved)
Aug 09 10:55:26 witherspoon kernel: Virtual kernel memory layout:
                                        vector  : 0xffff0000 - 0xffff1000   (   4 kB)
                                        fixmap  : 0xffc00000 - 0xfff00000   (3072 kB)
                                        vmalloc : 0x9f800000 - 0xff800000   (1536 MB)
                                        lowmem  : 0x80000000 - 0x9f000000   ( 496 MB)
                                          .text : 0x80008000 - 0x80400950   (4067 kB)
                                          .init : 0x80585000 - 0x805cc000   ( 284 kB)
                                          .data : 0x805cc000 - 0x80612358   ( 281 kB)
                                           .bss : 0x80612358 - 0x8062e1f8   ( 112 kB)
Aug 09 10:55:26 witherspoon kernel: NR_IRQS:16 nr_irqs:16 16
Aug 09 10:55:26 witherspoon kernel: i2c controller registered, irq 16
Aug 09 10:55:26 witherspoon kernel: clocksource: moxart_timer: mask: 0xffffffff max_cycles: 0xffffffff, max_idle_ns: 77222644334 ns
Aug 09 10:55:26 witherspoon kernel: sched_clock: 32 bits at 100 Hz, resolution 10000000ns, wraps every 21474836475000000ns
Aug 09 10:55:26 witherspoon kernel: Calibrating delay loop... 789.70 BogoMIPS (lpj=3948544)
Aug 09 10:55:26 witherspoon kernel: pid_max: default: 32768 minimum: 301
Aug 09 10:55:26 witherspoon kernel: Mount-cache hash table entries: 1024 (order: 0, 4096 bytes)
Aug 09 10:55:26 witherspoon kernel: Mountpoint-cache hash table entries: 1024 (order: 0, 4096 bytes)
Aug 09 10:55:26 witherspoon kernel: CPU: Testing write buffer coherency: ok
Aug 09 10:55:26 witherspoon kernel: ftrace: allocating 14934 entries in 44 pages
Aug 09 10:55:26 witherspoon kernel: Setting up static identity map for 0x80008200 - 0x8000825c
Aug 09 10:55:26 witherspoon kernel: devtmpfs: initialized
Aug 09 10:55:26 witherspoon kernel: clocksource: jiffies: mask: 0xffffffff max_cycles: 0xffffffff, max_idle_ns: 19112604462750000 ns
Aug 09 10:55:26 witherspoon kernel: futex hash table entries: 256 (order: -1, 3072 bytes)
Aug 09 10:55:26 witherspoon kernel: pinctrl core: initialized pinctrl subsystem
Aug 09 10:55:26 witherspoon kernel: NET: Registered protocol family 16
Aug 09 10:55:26 witherspoon kernel: DMA: preallocated 256 KiB pool for atomic coherent allocations
Aug 09 10:55:26 witherspoon kernel: usbcore: registered new interface driver usbfs
Aug 09 10:55:26 witherspoon kernel: usbcore: registered new interface driver hub
Aug 09 10:55:26 witherspoon kernel: usbcore: registered new device driver usb
Aug 09 10:55:26 witherspoon kernel: clocksource: Switched to clocksource moxart_timer
Aug 09 10:55:26 witherspoon kernel: NET: Registered protocol family 2
Aug 09 10:55:26 witherspoon kernel: TCP established hash table entries: 4096 (order: 2, 16384 bytes)
Aug 09 10:55:26 witherspoon kernel: TCP bind hash table entries: 4096 (order: 2, 16384 bytes)
Aug 09 10:55:26 witherspoon kernel: TCP: Hash tables configured (established 4096 bind 4096)
Aug 09 10:55:26 witherspoon kernel: UDP hash table entries: 256 (order: 0, 4096 bytes)
Aug 09 10:55:26 witherspoon kernel: UDP-Lite hash table entries: 256 (order: 0, 4096 bytes)
Aug 09 10:55:26 witherspoon kernel: NET: Registered protocol family 1
Aug 09 10:55:26 witherspoon kernel: Trying to unpack rootfs image as initramfs...
Aug 09 10:55:26 witherspoon kernel: Freeing initrd memory: 1548K
Aug 09 10:55:26 witherspoon kernel: workingset: timestamp_bits=30 max_order=17 bucket_order=0
Aug 09 10:55:26 witherspoon kernel: squashfs: version 4.0 (2009/01/31) Phillip Lougher
Aug 09 10:55:26 witherspoon kernel: jffs2: version 2.2. (SUMMARY)  © 2001-2006 Red Hat, Inc.
Aug 09 10:55:26 witherspoon kernel: Block layer SCSI generic (bsg) driver version 0.4 loaded (major 250)
Aug 09 10:55:26 witherspoon kernel: io scheduler noop registered
Aug 09 10:55:26 witherspoon kernel: io scheduler deadline registered
Aug 09 10:55:26 witherspoon kernel: io scheduler cfq registered (default)
Aug 09 10:55:26 witherspoon kernel: ipmi-bt-host 1e789140.ibt: Found bt bmc device
Aug 09 10:55:26 witherspoon kernel: ipmi-bt-host 1e789140.ibt: Using IRQ 22
Aug 09 10:55:26 witherspoon kernel: Serial: 8250/16550 driver, 6 ports, IRQ sharing enabled
Aug 09 10:55:26 witherspoon kernel: 1e787000.vuart: ttyS0 at MMIO 0x1e787000 (irq = 22, base_baud = 1500000) is a 16550A
Aug 09 10:55:26 witherspoon kernel: 1e783000.serial: ttyS1 at MMIO 0x1e783000 (irq = 23, base_baud = 1500000) is a 16550A
Aug 09 10:55:26 witherspoon kernel: 1e78d000.serial: ttyS2 at MMIO 0x1e78d000 (irq = 24, base_baud = 1500000) is a 16550A
Aug 09 10:55:26 witherspoon kernel: 1e784000.serial: ttyS4 at MMIO 0x1e784000 (irq = 25, base_baud = 1500000) is a 16550A
Aug 09 10:55:26 witherspoon kernel: console [ttyS4] enabled
Aug 09 10:55:26 witherspoon kernel: timeriomem_rng 1e6e2078.hwrng: 32bits from 0xf00e2078 @ 1us
Aug 09 10:55:26 witherspoon kernel: random: fast init done
Aug 09 10:55:26 witherspoon kernel: brd: module loaded
Aug 09 10:55:26 witherspoon kernel: loop: module loaded
Aug 09 10:55:26 witherspoon kernel: aspeed-lpc-ctrl 1e789080.lpc-ctrl: Loaded at 0x98000000 (0x04000000)
Aug 09 10:55:26 witherspoon kernel: aspeed-smc 1e620000.flash-controller: Using IRQ 18
Aug 09 10:55:26 witherspoon kernel: aspeed-smc 1e620000.flash-controller: DMA support disabled.
Aug 09 10:55:26 witherspoon kernel: aspeed-smc 1e620000.flash-controller: mx25l25635e (32768 Kbytes)
Aug 09 10:55:26 witherspoon kernel: aspeed-smc 1e620000.flash-controller: CE0 window [ 0x20000000 - 0x22000000 ] 32MB
Aug 09 10:55:26 witherspoon kernel: aspeed-smc 1e620000.flash-controller: CE1 window [ 0x22000000 - 0x2a000000 ] 128MB
Aug 09 10:55:26 witherspoon kernel: 5 ofpart partitions found on MTD device bmc
Aug 09 10:55:26 witherspoon kernel: Creating 5 MTD partitions on "bmc":
Aug 09 10:55:26 witherspoon kernel: 0x000000000000-0x000000060000 : "u-boot"
Aug 09 10:55:26 witherspoon kernel: 0x000000060000-0x000000080000 : "u-boot-env"
Aug 09 10:55:26 witherspoon kernel: 0x000000080000-0x0000004c0000 : "kernel"
Aug 09 10:55:26 witherspoon kernel: 0x0000004c0000-0x000001c00000 : "rofs"
Aug 09 10:55:26 witherspoon kernel: 0x000001c00000-0x000002000000 : "rwfs"
Aug 09 10:55:26 witherspoon kernel: random: crng init done
Aug 09 10:55:26 witherspoon kernel: aspeed-smc 1e620000.flash-controller: mx25l25635e (32768 Kbytes)
Aug 09 10:55:26 witherspoon kernel: aspeed-smc 1e620000.flash-controller: CE1 window [ 0x22000000 - 0x24000000 ] 32MB
Aug 09 10:55:26 witherspoon kernel: aspeed-smc 1e620000.flash-controller: CE2 window [ 0x24000000 - 0x2c000000 ] 128MB
Aug 09 10:55:26 witherspoon kernel: aspeed-smc 1e630000.flash-controller: mx66l1g45g (131072 Kbytes)
Aug 09 10:55:26 witherspoon kernel: aspeed-smc 1e630000.flash-controller: CE0 window resized to 120MB (AST2500 HW quirk)
Aug 09 10:55:26 witherspoon kernel: aspeed-smc 1e630000.flash-controller: CE0 window [ 0x30000000 - 0x37800000 ] 120MB
Aug 09 10:55:26 witherspoon kernel: aspeed-smc 1e630000.flash-controller: CE0 window too small for chip 128MB
Aug 09 10:55:26 witherspoon kernel: aspeed-smc 1e630000.flash-controller: CE1 window [ 0x37800000 - 0x38000000 ] 8MB
Aug 09 10:55:26 witherspoon kernel: libphy: Fixed MDIO Bus: probed
Aug 09 10:55:26 witherspoon kernel: ftgmac100 1e660000.ethernet: Read MAC address 70:e2:84:14:23:e1 from chip
Aug 09 10:55:26 witherspoon kernel: ftgmac100 1e660000.ethernet: Using NCSI interface
Aug 09 10:55:26 witherspoon kernel: ftgmac100 1e660000.ethernet eth0: irq 20, mapped at f0060000
Aug 09 10:55:26 witherspoon kernel: ehci_hcd: USB 2.0 'Enhanced' Host Controller (EHCI) Driver
Aug 09 10:55:26 witherspoon kernel: ehci-platform: EHCI generic platform driver
Aug 09 10:55:26 witherspoon kernel:  fsi0: can't read slave 00:00 -5
Aug 09 10:55:26 witherspoon kernel: i2c /dev entries driver
Aug 09 10:55:26 witherspoon kernel: aspeed-i2c-bus 1e78a0c0.i2c-bus: i2c bus 2 registered, irq 26
Aug 09 10:55:26 witherspoon kernel: aspeed-i2c-bus 1e78a100.i2c-bus: i2c bus 3 registered, irq 27
Aug 09 10:55:26 witherspoon kernel: aspeed-i2c-bus 1e78a140.i2c-bus: i2c bus 4 registered, irq 28
Aug 09 10:55:26 witherspoon kernel: aspeed-i2c-bus 1e78a180.i2c-bus: i2c bus 5 registered, irq 29
Aug 09 10:55:26 witherspoon kernel: aspeed-i2c-bus 1e78a380.i2c-bus: i2c bus 9 registered, irq 30
Aug 09 10:55:26 witherspoon kernel: aspeed-i2c-bus 1e78a3c0.i2c-bus: i2c bus 10 registered, irq 31
Aug 09 10:55:26 witherspoon kernel: rtc-rv8803 11-0032: Voltage low, temperature compensation stopped.
Aug 09 10:55:26 witherspoon kernel: rtc-rv8803 11-0032: An alarm maybe have been missed.
Aug 09 10:55:26 witherspoon kernel: rtc-rv8803 11-0032: rtc core: registered rx8900 as rtc0
Aug 09 10:55:26 witherspoon kernel: at24 11-0051: 8192 byte 24c64 EEPROM, writable, 1 bytes/write
Aug 09 10:55:26 witherspoon kernel: aspeed-i2c-bus 1e78a400.i2c-bus: i2c bus 11 registered, irq 32
Aug 09 10:55:26 witherspoon kernel: aspeed-i2c-bus 1e78a440.i2c-bus: i2c bus 12 registered, irq 33
Aug 09 10:55:26 witherspoon kernel: aspeed-i2c-bus 1e78a480.i2c-bus: i2c bus 13 registered, irq 34
Aug 09 10:55:26 witherspoon kernel: Driver for 1-wire Dallas network protocol.
Aug 09 10:55:26 witherspoon kernel: lm75 9-004a: hwmon0: sensor 'tmp275'
Aug 09 10:55:26 witherspoon kernel: ucd9000 11-0064: Device ID UCD90160|2.3.4.0000|110603
Aug 09 10:55:26 witherspoon kernel: leds-pca955x 3-0060: leds-pca955x: Using pca9552 16-bit LED driver at slave address 0x60
Aug 09 10:55:26 witherspoon kernel: leds-pca955x 3-0060: gpios 264...279
Aug 09 10:55:26 witherspoon kernel: leds-pca955x 11-0060: leds-pca955x: Using pca9552 16-bit LED driver at slave address 0x60
Aug 09 10:55:26 witherspoon kernel: leds-pca955x 11-0060: gpios 248...263
Aug 09 10:55:26 witherspoon kernel: usbcore: registered new interface driver usbhid
Aug 09 10:55:26 witherspoon kernel: usbhid: USB HID core driver
Aug 09 10:55:26 witherspoon kernel: NET: Registered protocol family 10
Aug 09 10:55:26 witherspoon kernel: Segment Routing with IPv6
Aug 09 10:55:26 witherspoon kernel: NET: Registered protocol family 17
Aug 09 10:55:26 witherspoon kernel: 8021q: 802.1Q VLAN Support v1.8
Aug 09 10:55:26 witherspoon kernel: console [netcon0] enabled
Aug 09 10:55:26 witherspoon kernel: netconsole: network logging started
Aug 09 10:55:26 witherspoon kernel: input: gpio-keys as /devices/platform/gpio-keys/input/input0
Aug 09 10:55:26 witherspoon kernel: rtc-rv8803 11-0032: setting system clock to 2017-08-09 10:55:18 UTC (1502276118)
Aug 09 10:55:26 witherspoon kernel: Freeing unused kernel memory: 284K
Aug 09 10:55:26 witherspoon kernel: This architecture does not have kernel memory protection.
Aug 09 10:55:26 witherspoon kernel: jffs2: notice: (532) jffs2_build_xattr_subsystem: complete building xattr subsystem, 1 of xdatum (0 unchecked, 0 orphan) and 11 of xref (0 dead, 1 orphan) found.
Aug 09 10:55:26 witherspoon systemd[1]: Failed to insert module 'autofs4': No such file or directory
Aug 09 10:55:26 witherspoon systemd[1]: systemd 232 running in system mode. (+PAM -AUDIT -SELINUX -IMA -APPARMOR -SMACK +SYSVINIT -UTMP -LIBCRYPTSETUP -GCRYPT -GNUTLS +ACL +XZ -LZ4 -SECCOMP +BLKID -ELFUTILS +KMOD -IDN)
Aug 09 10:55:26 witherspoon systemd[1]: Detected architecture arm.
Aug 09 10:55:26 witherspoon systemd[1]: Set hostname to <witherspoon>.
Aug 09 10:55:26 witherspoon systemd[1]: Listening on Journal Socket.
Aug 09 10:55:26 witherspoon systemd[1]: Reached target Remote File Systems.
Aug 09 10:55:26 witherspoon systemd[1]: Listening on Network Service Netlink Socket.
Aug 09 10:55:26 witherspoon systemd[1]: Created slice System Slice.
Aug 09 10:55:26 witherspoon systemd[1]: Created slice system-obmc\x2dled\x2dgroup\x2dstart.slice.
Aug 09 10:55:26 witherspoon systemd[1]: Created slice system-org.openbmc.buttons.reset.slice.
Aug 09 10:55:26 witherspoon systemd[1]: Created slice system-obmc\x2dconsole.slice.
Aug 09 10:55:26 witherspoon systemd-journald[561]: Journal started
Aug 09 10:55:26 witherspoon systemd-journald[561]: Runtime journal (/run/log/journal/cc6e1404d87444e8a089dfdb00a18f7d) is 0B, max 0B, 0B free.
Aug 09 10:55:26 witherspoon systemd-sysctl[562]: Couldn't write '16' to 'kernel/sysrq', ignoring: No such file or directory
Aug 09 10:55:26 witherspoon systemd-sysctl[562]: Couldn't write 'fq_codel' to 'net/core/default_qdisc', ignoring: No such file or directory
Aug 09 10:55:26 witherspoon systemd[1]: Starting Flush Journal to Persistent Storage...
Aug 09 10:55:26 witherspoon systemd[1]: Starting Create Static Device Nodes in /dev...
Aug 09 10:55:27 witherspoon systemd[1]: Started Create Static Device Nodes in /dev.
Aug 09 10:55:27 witherspoon systemd[1]: Starting udev Kernel Device Manager...
Aug 09 10:55:27 witherspoon systemd[1]: Reached target Local File Systems (Pre).
Aug 09 10:55:27 witherspoon systemd[1]: Mounting /var/volatile...
Aug 09 10:55:27 witherspoon systemd[1]: Started udev Coldplug all Devices.
Aug 09 10:55:27 witherspoon systemd[1]: Mounted /var/volatile.
Aug 09 10:55:27 witherspoon systemd[1]: Starting Load/Save Random Seed...
Aug 09 10:55:27 witherspoon systemd[1]: Reached target Local File Systems.
Aug 09 10:55:27 witherspoon systemd[1]: Starting Rebuild Journal Catalog...
Aug 09 10:55:28 witherspoon systemd[1]: Started udev Kernel Device Manager.
Aug 09 10:55:28 witherspoon systemd[1]: Started Load/Save Random Seed.
Aug 09 10:55:28 witherspoon systemd-journald[561]: Runtime journal (/run/log/journal/cc6e1404d87444e8a089dfdb00a18f7d) is 0B, max 0B, 0B free.
Aug 09 10:55:28 witherspoon systemd[1]: Started Flush Journal to Persistent Storage.
Aug 09 10:55:29 witherspoon systemd[1]: Started Rebuild Journal Catalog.
Aug 09 10:55:29 witherspoon systemd[1]: Found device /dev/aspeed-lpc-ctrl.
Aug 09 10:55:29 witherspoon systemd[1]: Found device /dev/aspeed-mbox.
Aug 09 10:55:29 witherspoon systemd[1]: Starting Update is Completed...
Aug 09 10:55:29 witherspoon systemd[1]: Starting Create Volatile Files and Directories...
Aug 09 10:55:29 witherspoon systemd[1]: dev-hugepages.mount: Couldn't determine result for ConditionVirtualization=!private-users, assuming failed: No such file or directory
Aug 09 10:55:29 witherspoon systemd[1]: Created slice system-xyz.openbmc_project.Hwmon.slice.
Aug 09 10:55:29 witherspoon systemd[1]: Found device /dev/ttyS4.
Aug 09 10:55:29 witherspoon systemd[1]: Started Update is Completed.
Aug 09 10:55:29 witherspoon systemd-tmpfiles[930]: "/var/tmp" already exists and is not a directory.
Aug 09 10:55:29 witherspoon systemd-tmpfiles[930]: "/var/log" already exists and is not a directory.
Aug 09 10:55:29 witherspoon systemd[1]: Started Create Volatile Files and Directories.
Aug 09 10:55:29 witherspoon systemd[1]: Starting Network Time Synchronization...
Aug 09 10:55:29 witherspoon systemd[1]: Found device /dev/ttyVUART0.
Aug 09 10:55:30 witherspoon systemd[1]: dev-hugepages.mount: Couldn't determine result for ConditionVirtualization=!private-users, assuming failed: No such file or directory
Aug 09 10:55:30 witherspoon systemd[1]: dev-hugepages.mount: Couldn't determine result for ConditionVirtualization=!private-users, assuming failed: No such file or directory
Aug 09 10:55:30 witherspoon systemd[1]: dev-hugepages.mount: Couldn't determine result for ConditionVirtualization=!private-users, assuming failed: No such file or directory
Aug 09 10:55:30 witherspoon systemd[1]: dev-hugepages.mount: Couldn't determine result for ConditionVirtualization=!private-users, assuming failed: No such file or directory
Aug 09 10:55:30 witherspoon systemd[1]: dev-hugepages.mount: Couldn't determine result for ConditionVirtualization=!private-users, assuming failed: No such file or directory
Aug 09 10:55:30 witherspoon systemd[1]: dev-hugepages.mount: Couldn't determine result for ConditionVirtualization=!private-users, assuming failed: No such file or directory
Aug 09 10:55:30 witherspoon systemd[1]: dev-hugepages.mount: Couldn't determine result for ConditionVirtualization=!private-users, assuming failed: No such file or directory
Aug 09 10:55:30 witherspoon systemd[1]: dev-hugepages.mount: Couldn't determine result for ConditionVirtualization=!private-users, assuming failed: No such file or directory
Aug 09 10:55:30 witherspoon systemd[1]: Started Network Time Synchronization.
Aug 09 10:55:31 witherspoon systemd[1]: Created slice system-xyz.openbmc_project.led.controller.slice.
Aug 09 10:55:31 witherspoon systemd[1]: Reached target System Time Synchronized.
Aug 09 10:55:31 witherspoon systemd[1]: dev-hugepages.mount: Couldn't determine result for ConditionVirtualization=!private-users, assuming failed: No such file or directory
Aug 09 10:55:31 witherspoon systemd[1]: Reached target System Initialization.
Aug 09 10:55:31 witherspoon systemd[1]: Listening on Phosphor Host Console SSH Per-Connection socket.
Aug 09 10:55:31 witherspoon systemd[1]: Listening on Phosphor DBUS Browser socket.
Aug 09 10:55:32 witherspoon systemd[1]: Listening on Phosphor Webserver socket.
Aug 09 10:55:32 witherspoon systemd[1]: Listening on phosphor-ipmi-net.socket.
Aug 09 10:55:32 witherspoon systemd[1]: Started Daily Cleanup of Temporary Directories.
Aug 09 10:55:32 witherspoon systemd[1]: Reached target Timers.
Aug 09 10:55:32 witherspoon systemd[1]: Listening on Avahi mDNS/DNS-SD Stack Activation Socket.
Aug 09 10:55:32 witherspoon systemd[1]: Listening on D-Bus System Message Bus Socket.
Aug 09 10:55:32 witherspoon systemd[1]: Listening on dropbear.socket.
Aug 09 10:55:32 witherspoon systemd[1]: Reached target Sockets.
Aug 09 10:55:32 witherspoon systemd[1]: Reached target Basic System.
Aug 09 10:55:32 witherspoon systemd[1]: Started Phosphor sysfs LED controller.
Aug 09 10:55:32 witherspoon systemd[1]: Starting Phosphor Log Manager...
Aug 09 10:55:32 witherspoon systemd[1]: Started Phosphor sysfs LED controller.
Aug 09 10:55:32 witherspoon systemd[1]: Starting Phosphor Chassis0 Control...
Aug 09 10:55:32 witherspoon systemd[1]: Starting Phosphor Sensor Manager...
Aug 09 10:55:32 witherspoon systemd[1]: Started Hardware RNG Entropy Gatherer Daemon.
Aug 09 10:55:32 witherspoon systemd[1]: Starting Phosphor Inventory Manager...
Aug 09 10:55:32 witherspoon systemd[1]: Started D-Bus System Message Bus.
Aug 09 10:55:35 witherspoon systemd[1]: Started Phosphor Log Manager.
Aug 09 10:55:35 witherspoon systemd[1]: Started Phosphor Inventory Manager.
Aug 09 10:55:35 witherspoon systemd[1]: Starting Network Service...
Aug 09 10:55:35 witherspoon systemd[1]: Starting Phosphor IPMI BT DBus Bridge...
Aug 09 10:55:35 witherspoon systemd[1]: Started System Logging Service.
Aug 09 10:55:35 witherspoon systemd[1]: Starting Avahi mDNS/DNS-SD Stack...
Aug 09 10:55:35 witherspoon systemd[1]: Started Kernel Logging Service.
Aug 09 10:55:35 witherspoon systemd[1]: Started Phosphor sysfs LED controller.
Aug 09 10:55:35 witherspoon kernel[947]: klogd started: BusyBox v1.24.1 (2017-06-16 19:29:08 UTC)
Aug 09 10:55:35 witherspoon systemd[1]: Starting Phosphor Download Manager...
Aug 09 10:55:35 witherspoon systemd[1]: Starting Clear one time boot overrides...
Aug 09 10:55:35 witherspoon systemd[1]: Starting Remount the squashfs and ubi volumes after a reboot...
Aug 09 10:55:35 witherspoon kernel[947]: [    0.000000] Booting Linux on physical CPU 0x0
Aug 09 10:55:35 witherspoon kernel[947]: [    0.000000] Linux version 4.10.17-baeb50beb784ac5993d2bfb5d06d909971b60506 (jenkins@openbmc-builder1) (gcc version 6.2.0 (GCC) ) #1 Wed Aug 9 10:30:19 UTC 2017
Aug 09 10:55:35 witherspoon kernel[947]: [    0.000000] CPU: ARMv6-compatible processor [410fb767] revision 7 (ARMv7), cr=00c5387d
Aug 09 10:55:35 witherspoon kernel[947]: [    0.000000] CPU: PIPT / VIPT nonaliasing data cache, VIPT nonaliasing instruction cache
Aug 09 10:55:35 witherspoon kernel[947]: [    0.000000] OF: fdt:Machine model: Witherspoon BMC
Aug 09 10:55:35 witherspoon kernel[947]: [    0.000000] Memory policy: Data cache writeback
Aug 09 10:55:35 witherspoon kernel[947]: [    0.000000] SOC Rev: 04030303
Aug 09 10:55:35 witherspoon kernel[947]: [    0.000000] On node 0 totalpages: 110592
Aug 09 10:55:35 witherspoon kernel[947]: [    0.000000] free_area_init_node: node 0, pgdat 805ff5f4, node_mem_map 9ec1a000
Aug 09 10:55:35 witherspoon kernel[947]: [    0.000000]   Normal zone: 992 pages used for memmap
Aug 09 10:55:35 witherspoon kernel[947]: [    0.000000]   Normal zone: 0 pages reserved
Aug 09 10:55:35 witherspoon kernel[947]: [    0.000000]   Normal zone: 110592 pages, LIFO batch:31
Aug 09 10:55:35 witherspoon kernel[947]: [    0.000000] pcpu-alloc: s0 r0 d32768 u32768 alloc=1*32768
Aug 09 10:55:35 witherspoon kernel[947]: [    0.000000] pcpu-alloc: [0] 0
Aug 09 10:55:35 witherspoon kernel[947]: [    0.000000] Built 1 zonelists in Zone order, mobility grouping on.  Total pages: 109600
Aug 09 10:55:35 witherspoon kernel[947]: [    0.000000] Kernel command line: console=ttyS4,115200n8 root=/dev/ram rw
Aug 09 10:55:35 witherspoon kernel[947]: [    0.000000] PID hash table entries: 2048 (order: 1, 8192 bytes)
Aug 09 10:55:35 witherspoon kernel[947]: [    0.000000] Dentry cache hash table entries: 65536 (order: 6, 262144 bytes)
Aug 09 10:55:35 witherspoon kernel[947]: [    0.000000] Inode-cache hash table entries: 32768 (order: 5, 131072 bytes)
Aug 09 10:55:35 witherspoon kernel[947]: [    0.000000] Memory: 430428K/442368K available (4065K kernel code, 280K rwdata, 1192K rodata, 284K init, 111K bss, 11940K reserved, 0K cma-reserved)
Aug 09 10:55:35 witherspoon kernel[947]: [    0.000000] Virtual kernel memory layout:
Aug 09 10:55:35 witherspoon kernel[947]: [    0.000000]     vector  : 0xffff0000 - 0xffff1000   (   4 kB)
Aug 09 10:55:35 witherspoon kernel[947]: [    0.000000]     fixmap  : 0xffc00000 - 0xfff00000   (3072 kB)
Aug 09 10:55:35 witherspoon kernel[947]: [    0.000000]     vmalloc : 0x9f800000 - 0xff800000   (1536 MB)
Aug 09 10:55:35 witherspoon kernel[947]: [    0.000000]     lowmem  : 0x80000000 - 0x9f000000   ( 496 MB)
Aug 09 10:55:35 witherspoon kernel[947]: [    0.000000]       .text : 0x80008000 - 0x80400950   (4067 kB)
Aug 09 10:55:35 witherspoon kernel[947]: [    0.000000]       .init : 0x80585000 - 0x805cc000   ( 284 kB)
Aug 09 10:55:35 witherspoon kernel[947]: [    0.000000]       .data : 0x805cc000 - 0x80612358   ( 281 kB)
Aug 09 10:55:35 witherspoon kernel[947]: [    0.000000]        .bss : 0x80612358 - 0x8062e1f8   ( 112 kB)
Aug 09 10:55:35 witherspoon kernel[947]: [    0.000000] NR_IRQS:16 nr_irqs:16 16
Aug 09 10:55:38 witherspoon kernel: ubi7: default fastmap pool size: 100
Aug 09 10:55:38 witherspoon kernel: ubi7: default fastmap WL pool size: 50
Aug 09 10:55:38 witherspoon kernel: ubi7: attaching mtd7
Aug 09 10:55:38 witherspoon kernel: ubi7: scanning is finished
Aug 09 10:55:38 witherspoon kernel: ubi7: attached mtd7 (name "pnor", size 128 MiB)
Aug 09 10:55:38 witherspoon kernel: ubi7: PEB size: 65536 bytes (64 KiB), LEB size: 65408 bytes
Aug 09 10:55:38 witherspoon kernel: ubi7: min./max. I/O unit sizes: 1/256, sub-page size 1
Aug 09 10:55:38 witherspoon kernel: ubi7: VID header offset: 64 (aligned 64), data offset: 128
Aug 09 10:55:38 witherspoon kernel: ubi7: good PEBs: 2048, bad PEBs: 0, corrupted PEBs: 0
Aug 09 10:55:38 witherspoon kernel: ubi7: user volume: 3, internal volumes: 1, max. volumes count: 128
Aug 09 10:55:38 witherspoon kernel: ubi7: max/mean erase counter: 1/0, WL threshold: 4096, image sequence number: 1095022202
Aug 09 10:55:38 witherspoon kernel: ubi7: available PEBs: 1367, total reserved PEBs: 681, PEBs reserved for bad PEB handling: 0
Aug 09 10:55:38 witherspoon kernel: ubi7: background thread "ubi_bgt7d" started, PID 969
Aug 09 10:55:35 witherspoon systemd[1]: Started Phosphor sysfs LED controller.
Aug 09 10:55:35 witherspoon kernel[947]: [    0.000000] i2c controller registered, irq 16
Aug 09 10:55:36 witherspoon systemd[1]: Starting Phosphor DBus Service Discovery Manager...
Aug 09 10:55:35 witherspoon kernel[947]: [    0.000000] clocksource: moxart_timer: mask: 0xffffffff max_cycles: 0xffffffff, max_idle_ns: 77222644334 ns
Aug 09 10:55:36 witherspoon systemd[1]: Started Phosphor sysfs LED controller.
Aug 09 10:55:35 witherspoon kernel[947]: [    0.000000] sched_clock: 32 bits at 100 Hz, resolution 10000000ns, wraps every 21474836475000000ns
Aug 09 10:55:36 witherspoon systemd[1]: Started Phosphor sysfs LED controller.
Aug 09 10:55:35 witherspoon kernel[947]: [    0.090000] Calibrating delay loop... 789.70 BogoMIPS (lpj=3948544)
Aug 09 10:55:36 witherspoon systemd[1]: Started Phosphor sysfs LED controller.
Aug 09 10:55:35 witherspoon kernel[947]: [    0.090000] pid_max: default: 32768 minimum: 301
Aug 09 10:55:36 witherspoon systemd[1]: Starting Phosphor Inventory Manager...
Aug 09 10:55:38 witherspoon obmc-flash-bios[951]: UBI device number 7, total 2048 LEBs (133955584 bytes, 127.8 MiB), available 1367 LEBs (89412736 bytes, 85.3 MiB), LEB size 65408 bytes (63.9 KiB)
Aug 09 10:55:35 witherspoon kernel[947]: [    0.090000] Mount-cache hash table entries: 1024 (order: 0, 4096 bytes)
Aug 09 10:55:36 witherspoon systemd[1]: Starting Phosphor Settings Daemon...
Aug 09 10:55:35 witherspoon kernel[947]: [    0.090000] Mountpoint-cache hash table entries: 1024 (order: 0, 4096 bytes)
Aug 09 10:55:36 witherspoon systemd[1]: Started Phosphor Console Muxer listening on device /dev/ttyVUART0.
Aug 09 10:55:35 witherspoon kernel[947]: [    0.090000] CPU: Testing write buffer coherency: ok
Aug 09 10:55:36 witherspoon systemd[1]: Reached target Containers.
Aug 09 10:55:35 witherspoon kernel[947]: [    0.090000] ftrace: allocating 14934 entries in 44 pages
Aug 09 10:55:37 witherspoon systemd[1]: Starting Phosphor User Manager...
Aug 09 10:55:35 witherspoon kernel[947]: [    0.120000] Setting up static identity map for 0x80008200 - 0x8000825c
Aug 09 10:55:37 witherspoon systemd[1]: Starting Phosphor LED Group Management Daemon...
Aug 09 10:55:35 witherspoon kernel[947]: [    0.120000] devtmpfs: initialized
Aug 09 10:55:37 witherspoon systemd[1]: Starting Phosphor Download Manager...
Aug 09 10:55:35 witherspoon kernel[947]: [    0.150000] clocksource: jiffies: mask: 0xffffffff max_cycles: 0xffffffff, max_idle_ns: 19112604462750000 ns
Aug 09 10:55:37 witherspoon systemd[1]: Starting OpenBMC Software Update Manager...
Aug 09 10:55:35 witherspoon kernel[947]: [    0.150000] futex hash table entries: 256 (order: -1, 3072 bytes)
Aug 09 10:55:37 witherspoon systemd[1]: Started Phosphor sysfs LED controller.
Aug 09 10:55:35 witherspoon kernel[947]: [    0.150000] pinctrl core: initialized pinctrl subsystem
Aug 09 10:55:37 witherspoon systemd[1]: Starting Phosphor Dump Manager...
Aug 09 10:55:35 witherspoon kernel[947]: [    0.150000] NET: Registered protocol family 16
Aug 09 10:55:38 witherspoon systemd[1]: Started Phosphor sysfs LED controller.
Aug 09 10:55:35 witherspoon kernel[947]: [    0.150000] DMA: preallocated 256 KiB pool for atomic coherent allocations
Aug 09 10:55:38 witherspoon systemd[1]: Starting Phosphor BMC0 Control...
Aug 09 10:55:35 witherspoon kernel[947]: [    0.220000] usbcore: registered new interface driver usbfs
Aug 09 10:55:38 witherspoon systemd[1]: Started Phosphor Dump core monitor..
Aug 09 10:55:35 witherspoon kernel[947]: [    0.220000] usbcore: registered new interface driver hub
Aug 09 10:55:38 witherspoon systemd[1]: Starting Phosphor Network Manager...
Aug 09 10:55:35 witherspoon kernel[947]: [    0.220000] usbcore: registered new device driver usb
Aug 09 10:55:38 witherspoon systemd[1]: Started Phosphor sysfs LED controller.
Aug 09 10:55:35 witherspoon kernel[947]: [    0.230000] clocksource: Switched to clocksource moxart_timer
Aug 09 10:55:38 witherspoon systemd[1]: Started Clear one time boot overrides.
Aug 09 10:55:35 witherspoon kernel[947]: [    0.250000] NET: Registered protocol family 2
Aug 09 10:55:38 witherspoon systemd[1]: Started Phosphor IPMI BT DBus Bridge.
Aug 09 10:55:35 witherspoon kernel[947]: [    0.250000] TCP established hash table entries: 4096 (order: 2, 16384 bytes)
Aug 09 10:55:38 witherspoon systemd[1]: Started Phosphor Settings Daemon.
Aug 09 10:55:35 witherspoon kernel[947]: [    0.250000] TCP bind hash table entries: 4096 (order: 2, 16384 bytes)
Aug 09 10:55:38 witherspoon systemd[1]: Started Phosphor Download Manager.
Aug 09 10:55:35 witherspoon kernel[947]: [    0.250000] TCP: Hash tables configured (established 4096 bind 4096)
Aug 09 10:55:38 witherspoon systemd[1]: Started OpenBMC Software Update Manager.
Aug 09 10:55:35 witherspoon kernel[947]: [    0.250000] UDP hash table entries: 256 (order: 0, 4096 bytes)
Aug 09 10:55:41 witherspoon systemd-networkd[943]: Enumeration completed
Aug 09 10:55:35 witherspoon kernel[947]: [    0.250000] UDP-Lite hash table entries: 256 (order: 0, 4096 bytes)
Aug 09 10:55:41 witherspoon systemd[1]: Started Network Service.
Aug 09 10:55:35 witherspoon kernel[947]: [    0.250000] NET: Registered protocol family 1
Aug 09 10:55:41 witherspoon systemd[1]: Reached target Network.
Aug 09 10:55:35 witherspoon kernel[947]: [    0.250000] Trying to unpack rootfs image as initramfs...
Aug 09 10:55:41 witherspoon systemd-networkd[943]: eth0: IPv6 enabled for interface: Success
Aug 09 10:55:35 witherspoon kernel[947]: [    1.920000] Freeing initrd memory: 1548K
Aug 09 10:55:41 witherspoon systemd[1]: Started Lightweight SLP Server.
Aug 09 10:55:35 witherspoon kernel[947]: [    1.920000] workingset: timestamp_bits=30 max_order=17 bucket_order=0
Aug 09 10:55:41 witherspoon systemd-networkd[943]: eth0: Gained carrier
Aug 09 10:55:35 witherspoon kernel[947]: [    1.920000] squashfs: version 4.0 (2009/01/31) Phillip Lougher
Aug 09 10:55:41 witherspoon systemd[1]: Starting Permit User Sessions...
Aug 09 10:55:35 witherspoon kernel[947]: [    1.920000] jffs2: version 2.2. (SUMMARY)  © 2001-2006 Red Hat, Inc.
Aug 09 10:55:41 witherspoon systemd-timesyncd[933]: Network configuration changed, trying to establish connection.
Aug 09 10:55:35 witherspoon kernel[947]: [    1.920000] Block layer SCSI generic (bsg) driver version 0.4 loaded (major 250)
Aug 09 10:55:41 witherspoon systemd[1]: Started Phosphor Dump Manager.
Aug 09 10:55:35 witherspoon kernel[947]: [    1.920000] io scheduler noop registered
Aug 09 10:55:41 witherspoon systemd[1]: Started Phosphor LED Group Management Daemon.
Aug 09 10:55:35 witherspoon kernel[947]: [    1.920000] io scheduler deadline registered
Aug 09 10:55:42 witherspoon systemd[1]: Started Permit User Sessions.
Aug 09 10:55:35 witherspoon kernel[947]: [    1.920000] io scheduler cfq registered (default)
Aug 09 10:55:42 witherspoon systemd[1]: Started Serial Getty on ttyS4.
Aug 09 10:55:35 witherspoon kernel[947]: [    2.070000] ipmi-bt-host 1e789140.ibt: Found bt bmc device
Aug 09 10:55:42 witherspoon systemd[1]: Reached target Login Prompts.
Aug 09 10:55:35 witherspoon kernel[947]: [    2.070000] ipmi-bt-host 1e789140.ibt: Using IRQ 22
Aug 09 10:55:42 witherspoon systemd-networkd[943]: eth0: Gained IPv6LL
Aug 09 10:55:35 witherspoon kernel[947]: [    2.070000] Serial: 8250/16550 driver, 6 ports, IRQ sharing enabled
Aug 09 10:55:44 witherspoon systemd[1]: Started Avahi mDNS/DNS-SD Stack.
Aug 09 10:55:35 witherspoon kernel[947]: [    2.070000] 1e787000.vuart: ttyS0 at MMIO 0x1e787000 (irq = 22, base_baud = 1500000) is a 16550A
Aug 09 10:55:35 witherspoon kernel[947]: [    2.070000] 1e783000.serial: ttyS1 at MMIO 0x1e783000 (irq = 23, base_baud = 1500000) is a 16550A
Aug 09 10:55:35 witherspoon kernel[947]: [    2.070000] 1e78d000.serial: ttyS2 at MMIO 0x1e78d000 (irq = 24, base_baud = 1500000) is a 16550A
Aug 09 10:55:35 witherspoon kernel[947]: [    2.070000] 1e784000.serial: ttyS4 at MMIO 0x1e784000 (irq = 25, base_baud = 1500000) is a 16550A
Aug 09 10:55:35 witherspoon kernel[947]: [    2.430000] console [ttyS4] enabled
Aug 09 10:55:35 witherspoon kernel[947]: [    2.610000] timeriomem_rng 1e6e2078.hwrng: 32bits from 0xf00e2078 @ 1us
Aug 09 10:55:35 witherspoon kernel[947]: [    2.620000] random: fast init done
Aug 09 10:55:35 witherspoon kernel[947]: [    2.640000] brd: module loaded
Aug 09 10:55:35 witherspoon kernel[947]: [    2.680000] loop: module loaded
Aug 09 10:55:35 witherspoon kernel[947]: [    2.690000] aspeed-lpc-ctrl 1e789080.lpc-ctrl: Loaded at 0x98000000 (0x04000000)
Aug 09 10:55:35 witherspoon kernel[947]: [    2.700000] aspeed-smc 1e620000.flash-controller: Using IRQ 18
Aug 09 10:55:35 witherspoon kernel[947]: [    2.700000] aspeed-smc 1e620000.flash-controller: DMA support disabled.
Aug 09 10:55:35 witherspoon kernel[947]: [    2.710000] aspeed-smc 1e620000.flash-controller: mx25l25635e (32768 Kbytes)
Aug 09 10:55:35 witherspoon kernel[947]: [    2.710000] aspeed-smc 1e620000.flash-controller: CE0 window [ 0x20000000 - 0x22000000 ] 32MB
Aug 09 10:55:35 witherspoon kernel[947]: [    2.710000] aspeed-smc 1e620000.flash-controller: CE1 window [ 0x22000000 - 0x2a000000 ] 128MB
Aug 09 10:55:35 witherspoon kernel[947]: [    2.740000] 5 ofpart partitions found on MTD device bmc
Aug 09 10:55:35 witherspoon kernel[947]: [    2.740000] Creating 5 MTD partitions on "bmc":
Aug 09 10:55:35 witherspoon kernel[947]: [    2.750000] 0x000000000000-0x000000060000 : "u-boot"
Aug 09 10:55:35 witherspoon kernel[947]: [    2.750000] 0x000000060000-0x000000080000 : "u-boot-env"
Aug 09 10:55:35 witherspoon kernel[947]: [    2.770000] 0x000000080000-0x0000004c0000 : "kernel"
Aug 09 10:55:35 witherspoon kernel[947]: [    2.780000] 0x0000004c0000-0x000001c00000 : "rofs"
Aug 09 10:55:35 witherspoon kernel[947]: [    2.790000] 0x000001c00000-0x000002000000 : "rwfs"
Aug 09 10:55:35 witherspoon kernel[947]: [    2.800000] random: crng init done
Aug 09 10:55:35 witherspoon kernel[947]: [    2.810000] aspeed-smc 1e620000.flash-controller: mx25l25635e (32768 Kbytes)
Aug 09 10:55:35 witherspoon kernel[947]: [    2.810000] aspeed-smc 1e620000.flash-controller: CE1 window [ 0x22000000 - 0x24000000 ] 32MB
Aug 09 10:55:35 witherspoon kernel[947]: [    2.820000] aspeed-smc 1e620000.flash-controller: CE2 window [ 0x24000000 - 0x2c000000 ] 128MB
Aug 09 10:55:35 witherspoon kernel[947]: [    2.820000] aspeed-smc 1e630000.flash-controller: mx66l1g45g (131072 Kbytes)
Aug 09 10:55:35 witherspoon kernel[947]: [    2.840000] aspeed-smc 1e630000.flash-controller: CE0 window resized to 120MB (AST2500 HW quirk)
Aug 09 10:55:35 witherspoon kernel[947]: [    2.840000] aspeed-smc 1e630000.flash-controller: CE0 window [ 0x30000000 - 0x37800000 ] 120MB
Aug 09 10:55:35 witherspoon kernel[947]: [    2.840000] aspeed-smc 1e630000.flash-controller: CE0 window too small for chip 128MB
Aug 09 10:55:35 witherspoon kernel[947]: [    2.870000] aspeed-smc 1e630000.flash-controller: CE1 window [ 0x37800000 - 0x38000000 ] 8MB
Aug 09 10:55:35 witherspoon kernel[947]: [    3.590000] libphy: Fixed MDIO Bus: probed
Aug 09 10:55:35 witherspoon kernel[947]: [    3.590000] ftgmac100 1e660000.ethernet: Read MAC address 70:e2:84:14:23:e1 from chip
Aug 09 10:55:35 witherspoon kernel[947]: [    3.590000] ftgmac100 1e660000.ethernet: Using NCSI interface
Aug 09 10:55:35 witherspoon kernel[947]: [    3.590000] ftgmac100 1e660000.ethernet eth0: irq 20, mapped at f0060000
Aug 09 10:55:35 witherspoon kernel[947]: [    3.680000] ehci_hcd: USB 2.0 'Enhanced' Host Controller (EHCI) Driver
Aug 09 10:55:35 witherspoon kernel[947]: [    3.680000] ehci-platform: EHCI generic platform driver
Aug 09 10:55:35 witherspoon kernel[947]: [    3.840000]  fsi0: can't read slave 00:00 -5
Aug 09 10:55:35 witherspoon kernel[947]: [    3.840000] i2c /dev entries driver
Aug 09 10:55:35 witherspoon kernel[947]: [    3.840000] aspeed-i2c-bus 1e78a0c0.i2c-bus: i2c bus 2 registered, irq 26
Aug 09 10:55:35 witherspoon kernel[947]: [    3.840000] aspeed-i2c-bus 1e78a100.i2c-bus: i2c bus 3 registered, irq 27
Aug 09 10:55:35 witherspoon kernel[947]: [    3.840000] aspeed-i2c-bus 1e78a140.i2c-bus: i2c bus 4 registered, irq 28
Aug 09 10:55:35 witherspoon kernel[947]: [    3.840000] aspeed-i2c-bus 1e78a180.i2c-bus: i2c bus 5 registered, irq 29
Aug 09 10:55:35 witherspoon kernel[947]: [    3.840000] aspeed-i2c-bus 1e78a380.i2c-bus: i2c bus 9 registered, irq 30
Aug 09 10:55:35 witherspoon kernel[947]: [    3.840000] aspeed-i2c-bus 1e78a3c0.i2c-bus: i2c bus 10 registered, irq 31
Aug 09 10:55:35 witherspoon kernel[947]: [    3.840000] rtc-rv8803 11-0032: Voltage low, temperature compensation stopped.
Aug 09 10:55:35 witherspoon kernel[947]: [    3.840000] rtc-rv8803 11-0032: An alarm maybe have been missed.
Aug 09 10:55:35 witherspoon kernel[947]: [    3.950000] rtc-rv8803 11-0032: rtc core: registered rx8900 as rtc0
Aug 09 10:55:35 witherspoon kernel[947]: [    3.960000] at24 11-0051: 8192 byte 24c64 EEPROM, writable, 1 bytes/write
Aug 09 10:55:35 witherspoon kernel[947]: [    3.960000] aspeed-i2c-bus 1e78a400.i2c-bus: i2c bus 11 registered, irq 32
Aug 09 10:55:35 witherspoon kernel[947]: [    3.960000] aspeed-i2c-bus 1e78a440.i2c-bus: i2c bus 12 registered, irq 33
Aug 09 10:55:35 witherspoon kernel[947]: [    3.960000] aspeed-i2c-bus 1e78a480.i2c-bus: i2c bus 13 registered, irq 34
Aug 09 10:55:48 witherspoon kernel: ftgmac100 1e660000.ethernet eth0: NCSI interface up
Aug 09 10:55:35 witherspoon kernel[947]: [    3.960000] Driver for 1-wire Dallas network protocol.
Aug 09 10:55:35 witherspoon kernel[947]: [    3.960000] lm75 9-004a: hwmon0: sensor 'tmp275'
Aug 09 10:55:35 witherspoon kernel[947]: [    4.840000] ucd9000 11-0064: Device ID UCD90160|2.3.4.0000|110603
Aug 09 10:55:35 witherspoon kernel[947]: [    5.170000] leds-pca955x 3-0060: leds-pca955x: Using pca9552 16-bit LED driver at slave address 0x60
Aug 09 10:55:35 witherspoon kernel[947]: [    5.180000] leds-pca955x 3-0060: gpios 264...279
Aug 09 10:55:35 witherspoon kernel[947]: [    5.190000] leds-pca955x 11-0060: leds-pca955x: Using pca9552 16-bit LED driver at slave address 0x60
Aug 09 10:55:35 witherspoon kernel[947]: [    5.200000] leds-pca955x 11-0060: gpios 248...263
Aug 09 10:55:35 witherspoon kernel[947]: [    5.210000] usbcore: registered new interface driver usbhid
Aug 09 10:55:35 witherspoon kernel[947]: [    5.210000] usbhid: USB HID core driver
Aug 09 10:55:35 witherspoon kernel[947]: [    5.270000] NET: Registered protocol family 10
Aug 09 10:55:35 witherspoon kernel[947]: [    5.270000] Segment Routing with IPv6
Aug 09 10:55:35 witherspoon kernel[947]: [    5.280000] NET: Registered protocol family 17
Aug 09 10:55:35 witherspoon kernel[947]: [    5.280000] 8021q: 802.1Q VLAN Support v1.8
Aug 09 10:55:35 witherspoon kernel[947]: [    5.310000] console [netcon0] enabled
Aug 09 10:55:35 witherspoon kernel[947]: [    5.310000] netconsole: network logging started
Aug 09 10:55:35 witherspoon kernel[947]: [    5.310000] input: gpio-keys as /devices/platform/gpio-keys/input/input0
Aug 09 10:55:35 witherspoon kernel[947]: [    5.330000] rtc-rv8803 11-0032: setting system clock to 2017-08-09 10:55:18 UTC (1502276118)
Aug 09 10:55:35 witherspoon kernel[947]: [    5.340000] Freeing unused kernel memory: 284K
Aug 09 10:55:35 witherspoon kernel[947]: [    5.340000] This architecture does not have kernel memory protection.
Aug 09 10:55:35 witherspoon kernel[947]: [    7.020000] jffs2: notice: (532) jffs2_build_xattr_subsystem: complete building xattr subsystem, 1 of xdatum (0 unchecked, 0 orphan) and 11 of xref (0 dead, 1 orphan) found.
Aug 09 10:55:35 witherspoon kernel[947]: [    9.130000] systemd[1]: Failed to insert module 'autofs4': No such file or directory
Aug 09 10:55:35 witherspoon kernel[947]: [    9.330000] systemd[1]: systemd 232 running in system mode. (+PAM -AUDIT -SELINUX -IMA -APPARMOR -SMACK +SYSVINIT -UTMP -LIBCRYPTSETUP -GCRYPT -GNUTLS +ACL +XZ -LZ4 -SECCOMP +BLKID -ELFUTILS +KMOD -IDN)
Aug 09 10:55:35 witherspoon kernel[947]: [    9.330000] systemd[1]: Detected architecture arm.
Aug 09 10:55:35 witherspoon kernel[947]: [    9.490000] systemd[1]: Set hostname to <witherspoon>.
Aug 09 10:55:35 witherspoon kernel[947]: [   11.070000] systemd[1]: Listening on Journal Socket.
Aug 09 10:55:35 witherspoon kernel[947]: [   11.200000] systemd[1]: Reached target Remote File Systems.
Aug 09 10:55:35 witherspoon kernel[947]: [   11.240000] systemd[1]: Listening on Network Service Netlink Socket.
Aug 09 10:55:35 witherspoon kernel[947]: [   11.280000] systemd[1]: Created slice System Slice.
Aug 09 10:55:35 witherspoon kernel[947]: [   11.320000] systemd[1]: Created slice system-obmc\x2dled\x2dgroup\x2dstart.slice.
Aug 09 10:55:35 witherspoon kernel[947]: [   11.360000] systemd[1]: Created slice system-org.openbmc.buttons.reset.slice.
Aug 09 10:55:35 witherspoon kernel[947]: [   11.410000] systemd[1]: Created slice system-obmc\x2dconsole.slice.
Aug 09 10:55:35 witherspoon kernel[947]: [   15.290000] systemd-journald[561]: Received request to flush runtime journal from PID 1
Aug 09 10:55:36 witherspoon kernel[947]: [   23.610000] ubi7: default fastmap pool size: 100
Aug 09 10:55:36 witherspoon kernel[947]: [   23.610000] ubi7: default fastmap WL pool size: 50
Aug 09 10:55:36 witherspoon kernel[947]: [   23.610000] ubi7: attaching mtd7
Aug 09 10:55:36 witherspoon kernel[947]: [   23.610000] ubi7: scanning is finished
Aug 09 10:55:36 witherspoon kernel[947]: [   23.610000] ubi7: attached mtd7 (name "pnor", size 128 MiB)
Aug 09 10:55:36 witherspoon kernel[947]: [   23.610000] ubi7: PEB size: 65536 bytes (64 KiB), LEB size: 65408 bytes
Aug 09 10:55:36 witherspoon kernel[947]: [   23.610000] ubi7: min./max. I/O unit sizes: 1/256, sub-page size 1
Aug 09 10:55:36 witherspoon kernel[947]: [   23.610000] ubi7: VID header offset: 64 (aligned 64), data offset: 128
Aug 09 10:55:36 witherspoon kernel[947]: [   23.610000] ubi7: good PEBs: 2048, bad PEBs: 0, corrupted PEBs: 0
Aug 09 10:55:36 witherspoon kernel[947]: [   23.610000] ubi7: user volume: 3, internal volumes: 1, max. volumes count: 128
Aug 09 10:55:36 witherspoon kernel[947]: [   23.610000] ubi7: max/mean erase counter: 1/0, WL threshold: 4096, image sequence number: 1095022202
Aug 09 10:55:36 witherspoon kernel[947]: [   23.610000] ubi7: available PEBs: 1367, total reserved PEBs: 681, PEBs reserved for bad PEB handling: 0
Aug 09 10:55:36 witherspoon kernel[947]: [   23.610000] ubi7: background thread "ubi_bgt7d" started, PID 969
Aug 09 10:55:43 witherspoon avahi-daemon[946]: Found user 'avahi' (UID 999) and group 'avahi' (GID 999).
Aug 09 10:55:43 witherspoon avahi-daemon[946]: Successfully dropped root privileges.
Aug 09 10:55:43 witherspoon avahi-daemon[946]: avahi-daemon 0.6.32 starting up.
Aug 09 10:55:49 witherspoon systemd[1]: Started Phosphor BMC0 Control.
Aug 09 10:55:44 witherspoon avahi-daemon[946]: Successfully called chroot().
Aug 09 10:55:44 witherspoon avahi-daemon[946]: Successfully dropped remaining capabilities.
Aug 09 10:55:44 witherspoon avahi-daemon[946]: Loading service file /services/obmc_console.service.
Aug 09 10:55:44 witherspoon avahi-daemon[946]: Loading service file /services/phosphor_rest.service.
Aug 09 10:55:44 witherspoon avahi-daemon[946]: Loading service file /services/sftp-ssh.service.
Aug 09 10:55:44 witherspoon avahi-daemon[946]: Loading service file /services/sftp.service.
Aug 09 10:55:44 witherspoon avahi-daemon[946]: Loading service file /services/ssh.service.
Aug 09 10:55:45 witherspoon avahi-daemon[946]: Joining mDNS multicast group on interface eth0.IPv6 with address fe80::72e2:84ff:fe14:23e1.
Aug 09 10:55:45 witherspoon avahi-daemon[946]: New relevant interface eth0.IPv6 for mDNS.
Aug 09 10:55:45 witherspoon avahi-daemon[946]: Joining mDNS multicast group on interface eth0.IPv4 with address 9.3.86.161.
Aug 09 10:55:45 witherspoon avahi-daemon[946]: New relevant interface eth0.IPv4 for mDNS.
Aug 09 10:55:45 witherspoon avahi-daemon[946]: Network interface enumeration completed.
Aug 09 10:55:45 witherspoon avahi-daemon[946]: Registering new address record for fe80::72e2:84ff:fe14:23e1 on eth0.*.
Aug 09 10:55:45 witherspoon avahi-daemon[946]: Registering new address record for 9.3.86.161 on eth0.IPv4.
Aug 09 10:55:47 witherspoon avahi-daemon[946]: Server startup complete. Host name is witherspoon.local. Local service cookie is 1720669278.
Aug 09 10:55:47 witherspoon kernel[947]: [   34.330000] ftgmac100 1e660000.ethernet eth0: NCSI interface up
Aug 09 10:55:47 witherspoon avahi-daemon[946]: Service name conflict for "sftp" (/services/sftp.service), retrying with "sftp #2".
Aug 09 10:55:47 witherspoon avahi-daemon[946]: Service name conflict for "obmc_console" (/services/obmc_console.service), retrying with "obmc_console #2".
Aug 09 10:55:47 witherspoon avahi-daemon[946]: Service name conflict for "phosphor_rest" (/services/phosphor_rest.service), retrying with "phosphor_rest #2".
Aug 09 10:55:48 witherspoon avahi-daemon[946]: Service "witherspoon" (/services/ssh.service) successfully established.
Aug 09 10:55:48 witherspoon avahi-daemon[946]: Service "witherspoon" (/services/sftp-ssh.service) successfully established.
Aug 09 10:55:48 witherspoon avahi-daemon[946]: Withdrawing address record for 9.3.86.161 on eth0.
Aug 09 10:55:48 witherspoon avahi-daemon[946]: Host name conflict, retrying with witherspoon-2
Aug 09 10:55:48 witherspoon avahi-daemon[946]: Registering new address record for fe80::72e2:84ff:fe14:23e1 on eth0.*.
Aug 09 10:55:48 witherspoon avahi-daemon[946]: Registering new address record for 9.3.86.161 on eth0.IPv4.
Aug 09 10:55:48 witherspoon avahi-daemon[946]: Withdrawing address record for 9.3.86.161 on eth0.
Aug 09 10:55:48 witherspoon avahi-daemon[946]: Host name conflict, retrying with witherspoon-3
Aug 09 10:55:48 witherspoon avahi-daemon[946]: Registering new address record for fe80::72e2:84ff:fe14:23e1 on eth0.*.
Aug 09 10:55:48 witherspoon avahi-daemon[946]: Registering new address record for 9.3.86.161 on eth0.IPv4.
Aug 09 10:55:50 witherspoon avahi-daemon[946]: Withdrawing address record for 9.3.86.161 on eth0.
Aug 09 10:55:50 witherspoon avahi-daemon[946]: Host name conflict, retrying with witherspoon-4
Aug 09 10:55:50 witherspoon avahi-daemon[946]: Registering new address record for fe80::72e2:84ff:fe14:23e1 on eth0.*.
Aug 09 10:55:50 witherspoon avahi-daemon[946]: Registering new address record for 9.3.86.161 on eth0.IPv4.
Aug 09 10:55:50 witherspoon avahi-daemon[946]: Withdrawing address record for 9.3.86.161 on eth0.
Aug 09 10:55:50 witherspoon avahi-daemon[946]: Host name conflict, retrying with witherspoon-5
Aug 09 10:55:50 witherspoon avahi-daemon[946]: Registering new address record for fe80::72e2:84ff:fe14:23e1 on eth0.*.
Aug 09 10:55:50 witherspoon avahi-daemon[946]: Registering new address record for 9.3.86.161 on eth0.IPv4.
Aug 09 10:55:52 witherspoon avahi-daemon[946]: Withdrawing address record for 9.3.86.161 on eth0.
Aug 09 10:55:52 witherspoon avahi-daemon[946]: Host name conflict, retrying with witherspoon-6
Aug 09 10:55:52 witherspoon avahi-daemon[946]: Registering new address record for fe80::72e2:84ff:fe14:23e1 on eth0.*.
Aug 09 10:55:52 witherspoon avahi-daemon[946]: Registering new address record for 9.3.86.161 on eth0.IPv4.
Aug 09 10:55:53 witherspoon kernel: block ubiblock7_0: created from ubi7:0(pnor-ro-136cf504)
Aug 09 10:55:53 witherspoon kernel: UBIFS (ubi7:1): UBIFS: mounted UBI device 7, volume 1, name "pnor-rw-136cf504"
Aug 09 10:55:53 witherspoon kernel: UBIFS (ubi7:1): LEB size: 65408 bytes (63 KiB), min./max. I/O unit sizes: 8 bytes/256 bytes
Aug 09 10:55:53 witherspoon kernel: UBIFS (ubi7:1): FS size: 16155776 bytes (15 MiB, 247 LEBs), journal size 784896 bytes (0 MiB, 12 LEBs)
Aug 09 10:55:53 witherspoon kernel: UBIFS (ubi7:1): reserved for root: 763076 bytes (745 KiB)
Aug 09 10:55:53 witherspoon kernel: UBIFS (ubi7:1): media format: w5/r0 (latest is w5/r0), UUID 7BBD0050-D66D-4A91-A096-87391A222BF5, small LPT model
Aug 09 10:55:53 witherspoon kernel[947]: [   39.910000] block ubiblock7_0: created from ubi7:0(pnor-ro-136cf504)
Aug 09 10:55:53 witherspoon kernel[947]: [   39.910000] UBIFS (ubi7:1): UBIFS: mounted UBI device 7, volume 1, name "pnor-rw-136cf504"
Aug 09 10:55:53 witherspoon kernel[947]: [   39.910000] UBIFS (ubi7:1): LEB size: 65408 bytes (63 KiB), min./max. I/O unit sizes: 8 bytes/256 bytes
Aug 09 10:55:53 witherspoon kernel[947]: [   39.910000] UBIFS (ubi7:1): FS size: 16155776 bytes (15 MiB, 247 LEBs), journal size 784896 bytes (0 MiB, 12 LEBs)
Aug 09 10:55:53 witherspoon kernel[947]: [   39.910000] UBIFS (ubi7:1): reserved for root: 763076 bytes (745 KiB)
Aug 09 10:55:53 witherspoon kernel[947]: [   39.910000] UBIFS (ubi7:1): media format: w5/r0 (latest is w5/r0), UUID 7BBD0050-D66D-4A91-A096-87391A222BF5, small LPT model
Aug 09 10:55:53 witherspoon avahi-daemon[946]: Withdrawing address record for 9.3.86.161 on eth0.
Aug 09 10:55:53 witherspoon avahi-daemon[946]: Host name conflict, retrying with witherspoon-7
Aug 09 10:55:53 witherspoon avahi-daemon[946]: Registering new address record for fe80::72e2:84ff:fe14:23e1 on eth0.*.
Aug 09 10:55:53 witherspoon avahi-daemon[946]: Registering new address record for 9.3.86.161 on eth0.IPv4.
Aug 09 10:55:53 witherspoon systemd[1]: Started Remount the squashfs and ubi volumes after a reboot.
Aug 09 10:55:53 witherspoon systemd[1]: Reached target Multi-User System.
Aug 09 10:55:53 witherspoon systemd[1]: Starting OpenPower Software Update Manager...
Aug 09 10:55:53 witherspoon kernel: UBIFS (ubi7:1): background thread "ubifs_bgt7_1" started, PID 1015
Aug 09 10:55:53 witherspoon kernel: UBIFS (ubi7:2): UBIFS: mounted UBI device 7, volume 2, name "pnor-prsv"
Aug 09 10:55:53 witherspoon kernel: UBIFS (ubi7:2): LEB size: 65408 bytes (63 KiB), min./max. I/O unit sizes: 8 bytes/256 bytes
Aug 09 10:55:53 witherspoon kernel: UBIFS (ubi7:2): FS size: 1504384 bytes (1 MiB, 23 LEBs), journal size 523265 bytes (0 MiB, 6 LEBs)
Aug 09 10:55:53 witherspoon kernel: UBIFS (ubi7:2): reserved for root: 71055 bytes (69 KiB)
Aug 09 10:55:53 witherspoon kernel: UBIFS (ubi7:2): media format: w5/r0 (latest is w5/r0), UUID 1DC81DE8-36AB-413E-ACD9-C00C760077E6, small LPT model
Aug 09 10:55:53 witherspoon kernel: UBIFS (ubi7:2): background thread "ubifs_bgt7_2" started, PID 1023
Aug 09 10:55:53 witherspoon kernel[947]: [   40.280000] UBIFS (ubi7:1): background thread "ubifs_bgt7_1" started, PID 1015
Aug 09 10:55:53 witherspoon kernel[947]: [   40.280000] UBIFS (ubi7:2): UBIFS: mounted UBI device 7, volume 2, name "pnor-prsv"
Aug 09 10:55:53 witherspoon kernel[947]: [   40.280000] UBIFS (ubi7:2): LEB size: 65408 bytes (63 KiB), min./max. I/O unit sizes: 8 bytes/256 bytes
Aug 09 10:55:53 witherspoon kernel[947]: [   40.280000] UBIFS (ubi7:2): FS size: 1504384 bytes (1 MiB, 23 LEBs), journal size 523265 bytes (0 MiB, 6 LEBs)
Aug 09 10:55:53 witherspoon kernel[947]: [   40.280000] UBIFS (ubi7:2): reserved for root: 71055 bytes (69 KiB)
Aug 09 10:55:53 witherspoon kernel[947]: [   40.280000] UBIFS (ubi7:2): media format: w5/r0 (latest is w5/r0), UUID 1DC81DE8-36AB-413E-ACD9-C00C760077E6, small LPT model
Aug 09 10:55:53 witherspoon kernel[947]: [   40.280000] UBIFS (ubi7:2): background thread "ubifs_bgt7_2" started, PID 1023
Aug 09 10:55:54 witherspoon avahi-daemon[946]: Withdrawing address record for 9.3.86.161 on eth0.
Aug 09 10:55:54 witherspoon avahi-daemon[946]: Host name conflict, retrying with witherspoon-8
Aug 09 10:55:54 witherspoon avahi-daemon[946]: Registering new address record for fe80::72e2:84ff:fe14:23e1 on eth0.*.
Aug 09 10:55:54 witherspoon avahi-daemon[946]: Registering new address record for 9.3.86.161 on eth0.IPv4.
Aug 09 10:55:55 witherspoon systemd-networkd[943]: eth0: Configured
Aug 09 10:55:55 witherspoon systemd-timesyncd[933]: Network configuration changed, trying to establish connection.
Aug 09 10:55:55 witherspoon avahi-daemon[946]: Withdrawing address record for 9.3.86.161 on eth0.
Aug 09 10:55:55 witherspoon avahi-daemon[946]: Host name conflict, retrying with witherspoon-9
Aug 09 10:55:55 witherspoon avahi-daemon[946]: Registering new address record for fe80::72e2:84ff:fe14:23e1 on eth0.*.
Aug 09 10:55:55 witherspoon avahi-daemon[946]: Registering new address record for 9.3.86.161 on eth0.IPv4.
Aug 09 10:55:56 witherspoon openpower-update-manager[1024]: Error in reading file
Aug 09 10:55:56 witherspoon systemd[1]: Started OpenPower Software Update Manager.
Aug 09 10:55:56 witherspoon systemd[1]: Mounting /usr/local...
Aug 09 10:55:56 witherspoon systemd[1]: Starting Phosphor Version Software Manager...
Aug 09 10:55:56 witherspoon systemd[1]: Started Phosphor MBOX Daemon.
Aug 09 10:55:56 witherspoon systemd[1]: Mounted /usr/local.
Aug 09 10:55:56 witherspoon systemd[1]: Starting Create a ubi volume for pnor patches...
Aug 09 10:55:56 witherspoon avahi-daemon[946]: Withdrawing address record for 9.3.86.161 on eth0.
Aug 09 10:55:56 witherspoon avahi-daemon[946]: Host name conflict, retrying with witherspoon-10
Aug 09 10:55:56 witherspoon avahi-daemon[946]: Registering new address record for fe80::72e2:84ff:fe14:23e1 on eth0.*.
Aug 09 10:55:56 witherspoon avahi-daemon[946]: Registering new address record for 9.3.86.161 on eth0.IPv4.
Aug 09 10:55:57 witherspoon avahi-daemon[946]: Withdrawing address record for 9.3.86.161 on eth0.
Aug 09 10:55:57 witherspoon avahi-daemon[946]: Host name conflict, retrying with witherspoon-11
Aug 09 10:55:57 witherspoon avahi-daemon[946]: Registering new address record for fe80::72e2:84ff:fe14:23e1 on eth0.*.
Aug 09 10:55:57 witherspoon avahi-daemon[946]: Registering new address record for 9.3.86.161 on eth0.IPv4.
Aug 09 10:55:59 witherspoon avahi-daemon[946]: Withdrawing address record for 9.3.86.161 on eth0.
Aug 09 10:55:59 witherspoon avahi-daemon[946]: Host name conflict, retrying with witherspoon-12
Aug 09 10:55:59 witherspoon avahi-daemon[946]: Registering new address record for fe80::72e2:84ff:fe14:23e1 on eth0.*.
Aug 09 10:55:59 witherspoon avahi-daemon[946]: Registering new address record for 9.3.86.161 on eth0.IPv4.
Aug 09 10:56:00 witherspoon systemd[1]: Started Phosphor Version Software Manager.
Aug 09 10:56:00 witherspoon obmc-flash-bios[1029]: Volume ID 3, size 257 LEBs (16809856 bytes, 16.0 MiB), LEB size 65408 bytes (63.9 KiB), dynamic, name "pnor-patch", alignment 1
Aug 09 10:56:00 witherspoon kernel: UBIFS (ubi7:3): default file-system created
Aug 09 10:56:00 witherspoon kernel: UBIFS (ubi7:3): UBIFS: mounted UBI device 7, volume 3, name "pnor-patch"
Aug 09 10:56:00 witherspoon kernel: UBIFS (ubi7:3): LEB size: 65408 bytes (63 KiB), min./max. I/O unit sizes: 8 bytes/256 bytes
Aug 09 10:56:00 witherspoon kernel: UBIFS (ubi7:3): FS size: 16155776 bytes (15 MiB, 247 LEBs), journal size 784896 bytes (0 MiB, 12 LEBs)
Aug 09 10:56:00 witherspoon kernel: UBIFS (ubi7:3): reserved for root: 763076 bytes (745 KiB)
Aug 09 10:56:00 witherspoon kernel: UBIFS (ubi7:3): media format: w5/r0 (latest is w5/r0), UUID C4A1AF64-89E7-4EED-84DB-539FD932C7DB, small LPT model
Aug 09 10:56:00 witherspoon kernel[947]: [   46.680000] UBIFS (ubi7:3): default file-system created
Aug 09 10:56:00 witherspoon kernel[947]: [   46.680000] UBIFS (ubi7:3): UBIFS: mounted UBI device 7, volume 3, name "pnor-patch"
Aug 09 10:56:00 witherspoon kernel[947]: [   46.680000] UBIFS (ubi7:3): LEB size: 65408 bytes (63 KiB), min./max. I/O unit sizes: 8 bytes/256 bytes
Aug 09 10:56:00 witherspoon kernel[947]: [   46.680000] UBIFS (ubi7:3): FS size: 16155776 bytes (15 MiB, 247 LEBs), journal size 784896 bytes (0 MiB, 12 LEBs)
Aug 09 10:56:00 witherspoon kernel[947]: [   46.680000] UBIFS (ubi7:3): reserved for root: 763076 bytes (745 KiB)
Aug 09 10:56:00 witherspoon kernel[947]: [   46.680000] UBIFS (ubi7:3): media format: w5/r0 (latest is w5/r0), UUID C4A1AF64-89E7-4EED-84DB-539FD932C7DB, small LPT model
Aug 09 10:56:00 witherspoon avahi-daemon[946]: Withdrawing address record for 9.3.86.161 on eth0.
Aug 09 10:56:00 witherspoon avahi-daemon[946]: Host name conflict, retrying with witherspoon-13
Aug 09 10:56:00 witherspoon avahi-daemon[946]: Registering new address record for fe80::72e2:84ff:fe14:23e1 on eth0.*.
Aug 09 10:56:00 witherspoon avahi-daemon[946]: Registering new address record for 9.3.86.161 on eth0.IPv4.
Aug 09 10:56:00 witherspoon kernel: UBIFS (ubi7:3): background thread "ubifs_bgt7_3" started, PID 1049
Aug 09 10:56:00 witherspoon kernel[947]: [   47.130000] UBIFS (ubi7:3): background thread "ubifs_bgt7_3" started, PID 1049
Aug 09 10:56:01 witherspoon avahi-daemon[946]: Withdrawing address record for 9.3.86.161 on eth0.
Aug 09 10:56:01 witherspoon avahi-daemon[946]: Host name conflict, retrying with witherspoon-14
Aug 09 10:56:01 witherspoon avahi-daemon[946]: Registering new address record for fe80::72e2:84ff:fe14:23e1 on eth0.*.
Aug 09 10:56:01 witherspoon avahi-daemon[946]: Registering new address record for 9.3.86.161 on eth0.IPv4.
Aug 09 10:56:02 witherspoon avahi-daemon[946]: Withdrawing address record for 9.3.86.161 on eth0.
Aug 09 10:56:02 witherspoon avahi-daemon[946]: Host name conflict, retrying with witherspoon-15
Aug 09 10:56:02 witherspoon avahi-daemon[946]: Registering new address record for fe80::72e2:84ff:fe14:23e1 on eth0.*.
Aug 09 10:56:02 witherspoon avahi-daemon[946]: Registering new address record for 9.3.86.161 on eth0.IPv4.
Aug 09 10:56:02 witherspoon download_manager.py[949]: Running Download Manager
Aug 09 10:56:02 witherspoon systemd[1]: Started Phosphor Download Manager.
Aug 09 10:56:02 witherspoon chassis_control.py[938]: Running ChassisControlService
Aug 09 10:56:02 witherspoon systemd[1]: Started Phosphor Chassis0 Control.
Aug 09 10:56:02 witherspoon sensor_manager2.py[939]: Setting boot count to 3
Aug 09 10:56:02 witherspoon sensor_manager2.py[939]: Starting sensor manager
Aug 09 10:56:02 witherspoon systemd[1]: Started Phosphor Sensor Manager.
Aug 09 10:56:02 witherspoon systemd[1]: Started Create a ubi volume for pnor patches.
Aug 09 10:56:04 witherspoon inventory_items.py[958]: Loading from cache: /var/cache/obmc/org.openbmc.inventory.system.chassis.motherboard.apss@org.openbmc.InventoryItem.props
Aug 09 10:56:04 witherspoon inventory_items.py[958]: Loading from cache: /var/cache/obmc/org.openbmc.inventory.system.chassis.motherboard@org.openbmc.InventoryItem.props
Aug 09 10:56:04 witherspoon inventory_items.py[958]: Loading from cache: /var/cache/obmc/org.openbmc.inventory.system.chassis.motherboard.refclock@org.openbmc.InventoryItem.props
Aug 09 10:56:04 witherspoon inventory_items.py[958]: Loading from cache: /var/cache/obmc/org.openbmc.inventory.system.chassis.motherboard.cpu1.core7@org.openbmc.InventoryItem.props
Aug 09 10:56:04 witherspoon inventory_items.py[958]: Loading from cache: /var/cache/obmc/org.openbmc.inventory.system.chassis.motherboard.cpu1.core4@org.openbmc.InventoryItem.props
Aug 09 10:56:04 witherspoon inventory_items.py[958]: Loading from cache: /var/cache/obmc/org.openbmc.inventory.system.chassis.motherboard.cpu1.core1@org.openbmc.InventoryItem.props
Aug 09 10:56:04 witherspoon inventory_items.py[958]: Loading from cache: /var/cache/obmc/org.openbmc.inventory.system.chassis.motherboard.cpu1.core10@org.openbmc.InventoryItem.props
Aug 09 10:56:04 witherspoon inventory_items.py[958]: Loading from cache: /var/cache/obmc/org.openbmc.inventory.system.chassis.motherboard.todclock@org.openbmc.InventoryItem.props
Aug 09 10:56:04 witherspoon inventory_items.py[958]: Loading from cache: /var/cache/obmc/org.openbmc.inventory.system.chassis.motherboard.cpu1@org.openbmc.InventoryItem.props
Aug 09 10:56:04 witherspoon inventory_items.py[958]: Loading from cache: /var/cache/obmc/org.openbmc.inventory.system.chassis.motherboard.bmc@org.openbmc.InventoryItem.props
Aug 09 10:56:04 witherspoon inventory_items.py[958]: Caching: /org/openbmc/inventory/system/chassis/motherboard/bmc
Aug 09 10:56:04 witherspoon inventory_items.py[958]: Loading from cache: /var/cache/obmc/org.openbmc.inventory.system.chassis.motherboard.cpu0.core1@org.openbmc.InventoryItem.props
Aug 09 10:56:04 witherspoon inventory_items.py[958]: Loading from cache: /var/cache/obmc/org.openbmc.inventory.system.chassis.motherboard.cpu0.core7@org.openbmc.InventoryItem.props
Aug 09 10:56:05 witherspoon inventory_items.py[958]: Loading from cache: /var/cache/obmc/org.openbmc.inventory.system.chassis.motherboard.cpu0.core4@org.openbmc.InventoryItem.props
Aug 09 10:56:05 witherspoon inventory_items.py[958]: Loading from cache: /var/cache/obmc/org.openbmc.inventory.system.chassis.motherboard.pcieclock@org.openbmc.InventoryItem.props
Aug 09 10:56:05 witherspoon inventory_items.py[958]: Loading from cache: /var/cache/obmc/org.openbmc.inventory.system.chassis.motherboard.cpu0.core10@org.openbmc.InventoryItem.props
Aug 09 10:56:05 witherspoon systemd[1]: Started Phosphor Inventory Manager.
Aug 09 10:56:05 witherspoon inventory_items.py[958]: Running Inventory Manager
Aug 09 10:56:05 witherspoon systemd[1]: Started Phosphor User Manager.
Aug 09 10:56:05 witherspoon obmc-phosphor-userd[977]: Started
Aug 09 10:56:05 witherspoon netman.py[987]: Started
Aug 09 10:56:05 witherspoon systemd[1]: Started Phosphor Network Manager.
Aug 09 10:56:05 witherspoon phosphor-mapper[953]: ObjectMapper startup complete.  Discovery in progress...
Aug 09 10:56:05 witherspoon avahi-daemon[997]: ../../avahi-0.6.32/avahi-daemon/chroot.c: open() failed: No such file or directory
Aug 09 10:56:05 witherspoon avahi-daemon[946]: Failed to open /usr/share/dbus-1/interfaces/org.freedesktop.Avahi.Server.xml: Invalid argument
Aug 09 10:56:05 witherspoon avahi-daemon[946]: Failed to load introspection data.
Aug 09 10:56:17 witherspoon phosphor-mapper[953]: ObjectMapper discovery complete
Aug 09 10:56:17 witherspoon systemd[1]: Started Phosphor DBus Service Discovery Manager.
Aug 09 10:56:17 witherspoon systemd[1]: Started Phosphor Hwmon Poller.
Aug 09 10:56:17 witherspoon systemd[1]: Started Phosphor Hwmon Poller.
Aug 09 10:56:17 witherspoon systemd[1]: Started Phosphor Hwmon Poller.
Aug 09 10:56:17 witherspoon systemd[1]: Started Phosphor Hwmon Poller.
Aug 09 10:56:17 witherspoon systemd[1]: Reached target Phosphor Object Mapper.
Aug 09 10:56:17 witherspoon systemd[1]: Starting Wait for /org/openbmc/control/power0...
Aug 09 10:56:17 witherspoon systemd[1]: Starting Wait for /org/openbmc/managers/Download...
Aug 09 10:56:17 witherspoon systemd[1]: Starting Phoshpor System Manager...
Aug 09 10:56:17 witherspoon systemd[1]: Starting Wait for /xyz/openbmc_project/control/host0/auto_reboot...
Aug 09 10:56:17 witherspoon systemd[1]: Starting Phosphor Settings Manager...
Aug 09 10:56:17 witherspoon systemd[1]: Starting Wait for /org/openbmc/NetworkManager/Interface...
Aug 09 10:56:17 witherspoon systemd[1]: Reached target Webserver (pre).
Aug 09 10:56:17 witherspoon systemd[1]: Starting Wait for /xyz/openbmc_project/led/groups/bmc_booted...
Aug 09 10:56:17 witherspoon systemd[1]: Starting Wait for /xyz/openbmc_project/control/host0/boot_mode...
Aug 09 10:56:17 witherspoon systemd[1]: Starting Wait for /xyz/openbmc_project/time/owner...
Aug 09 10:56:17 witherspoon systemd[1]: Starting Wait for /xyz/openbmc_project/inventory...
Aug 09 10:56:17 witherspoon systemd[1]: Starting Wait for /xyz/openbmc_project/control/host0/power_restore_policy...
Aug 09 10:56:17 witherspoon systemd[1]: Starting Wait for /org/openbmc/control/bmc0...
Aug 09 10:56:20 witherspoon systemd[1]: Starting Wait for /xyz/openbmc_project/control/host0...
Aug 09 10:56:20 witherspoon systemd[1]: Starting Phosphor Network Manager...
Aug 09 10:56:20 witherspoon systemd[1]: Starting Wait for /xyz/openbmc_project/state/host0...
Aug 09 10:56:20 witherspoon systemd[1]: Starting Wait for /org/openbmc/managers/System...
Aug 09 10:56:20 witherspoon systemd[1]: Starting Wait for /xyz/openbmc_project/led/groups...
Aug 09 10:56:20 witherspoon systemd[1]: Starting Wait for /org/openbmc/control/flash/bios...
Aug 09 10:56:20 witherspoon systemd[1]: Starting Wait for /xyz/openbmc_project/time/sync_method...
Aug 09 10:56:20 witherspoon systemd[1]: Starting Wait for /xyz/openbmc_project/state/chassis0...
Aug 09 10:56:20 witherspoon systemd[1]: Starting Wait for /xyz/openbmc_project/control/host0/boot_source...
Aug 09 10:56:20 witherspoon systemd[1]: Starting Wait for /xyz/openbmc_project/control/host0/restriction_mode...
Aug 09 10:56:20 witherspoon systemd[1]: Started Phosphor DBus Monitor.
Aug 09 10:56:20 witherspoon systemd[1]: Started Phosphor Hwmon Poller.
Aug 09 10:56:20 witherspoon systemd[1]: Started Phosphor Hwmon Poller.
Aug 09 10:56:22 witherspoon systemd[1]: Started Wait for /org/openbmc/managers/Download.
Aug 09 10:56:22 witherspoon systemd[1]: Started Wait for /xyz/openbmc_project/control/host0/auto_reboot.
Aug 09 10:56:22 witherspoon systemd[1]: Started Wait for /org/openbmc/NetworkManager/Interface.
Aug 09 10:56:22 witherspoon systemd[1]: Started Wait for /xyz/openbmc_project/led/groups/bmc_booted.
Aug 09 10:56:22 witherspoon systemd[1]: Started Wait for /xyz/openbmc_project/control/host0/boot_mode.
Aug 09 10:56:22 witherspoon systemd[1]: Started Wait for /xyz/openbmc_project/time/owner.
Aug 09 10:56:22 witherspoon systemd[1]: Started Wait for /xyz/openbmc_project/inventory.
Aug 09 10:56:22 witherspoon systemd[1]: Started Wait for /xyz/openbmc_project/control/host0/power_restore_policy.
Aug 09 10:56:22 witherspoon systemd[1]: Started Wait for /org/openbmc/control/bmc0.
Aug 09 10:56:22 witherspoon systemd[1]: Started Phosphor GPIO 1 Presence.
Aug 09 10:56:22 witherspoon systemd[1]: Starting Read OpenPOWER-format VPD from EEPROM...
Aug 09 10:56:22 witherspoon systemd[1]: Started Phosphor Cooling Type.
Aug 09 10:56:22 witherspoon avahi-daemon[946]: Withdrawing address record for 9.3.86.161 on eth0.
Aug 09 10:56:22 witherspoon avahi-daemon[946]: Host name conflict, retrying with witherspoon-16
Aug 09 10:56:22 witherspoon avahi-daemon[946]: Registering new address record for fe80::72e2:84ff:fe14:23e1 on eth0.*.
Aug 09 10:56:22 witherspoon avahi-daemon[946]: Registering new address record for 9.3.86.161 on eth0.IPv4.
Aug 09 10:56:23 witherspoon phosphor-network-manager[1078]: ConfigParser: Section not found
Aug 09 10:56:23 witherspoon phosphor-network-manager[1078]: The operation failed internally.
Aug 09 10:56:23 witherspoon phosphor-network-manager[1078]: ConfigParser: Section not found
Aug 09 10:56:23 witherspoon phosphor-network-manager[1078]: The operation failed internally.
Aug 09 10:56:23 witherspoon phosphor-network-manager[1078]: ConfigParser: Key not found
Aug 09 10:56:23 witherspoon phosphor-network-manager[1078]: The operation failed internally.
Aug 09 10:56:23 witherspoon systemd[1]: Started Phosphor GPIO 0 Presence.
Aug 09 10:56:23 witherspoon systemd[1]: Starting OpenPOWER OCC controller...
Aug 09 10:56:23 witherspoon systemd[1]: Started Phosphor DNS Settings Cache Manager.
Aug 09 10:56:23 witherspoon systemd[1]: Starting Phosphor BMC Code Update...
Aug 09 10:56:23 witherspoon systemd[1]: Starting Phosphor BIOS Code Update...
Aug 09 10:56:24 witherspoon phosphor-gpio-presence[1093]: Updating inventory present property
Aug 09 10:56:25 witherspoon phosphor-gpio-presence[1090]: Updating inventory present property
Aug 09 10:56:26 witherspoon systemd[1]: Started Phosphor BIOS Code Update.
Aug 09 10:56:28 witherspoon systemd[1]: Started Wait for /xyz/openbmc_project/control/host0/boot_source.
Aug 09 10:56:29 witherspoon systemd[1]: Started Wait for /xyz/openbmc_project/time/sync_method.
Aug 09 10:56:29 witherspoon systemd[1]: Started Wait for /xyz/openbmc_project/control/host0/restriction_mode.
Aug 09 10:56:29 witherspoon systemd[1]: Started Wait for /xyz/openbmc_project/led/groups.
Aug 09 10:56:29 witherspoon systemd[1]: Started FRU Fault monitor service.
Aug 09 10:56:30 witherspoon dbus[942]: [system] Activating via systemd: service name='org.freedesktop.journal1' unit='dbus-org.freedesktop.journal1.service'
Aug 09 10:56:30 witherspoon systemd[1]: Starting Journal Dbus Service...
Aug 09 10:56:31 witherspoon dbus[942]: [system] Successfully activated service 'org.freedesktop.journal1'
Aug 09 10:56:31 witherspoon systemd[1]: Started Journal Dbus Service.
Aug 09 10:56:31 witherspoon phosphor-log-manager[936]: Failed to find metadata
Aug 09 10:56:31 witherspoon phosphor-fru-fault-monitor[1104]: /xyz/openbmc_project/logging/entry/3
Aug 09 10:56:32 witherspoon systemd[1]: Started OpenPOWER OCC controller.
Aug 09 10:56:33 witherspoon dbus[942]: [system] Activating via systemd: service name='org.freedesktop.hostname1' unit='dbus-org.freedesktop.hostname1.service'
Aug 09 10:56:33 witherspoon system_manager.py[1057]: Running System State: BASE_APPS
Aug 09 10:56:33 witherspoon system_manager.py[1057]: SystemManager Init Done
Aug 09 10:56:33 witherspoon systemd[1]: Starting Hostname Service...
Aug 09 10:56:33 witherspoon system_manager.py[1057]: Running SystemManager
Aug 09 10:56:33 witherspoon systemd[1]: Started Phoshpor System Manager.
Aug 09 10:56:34 witherspoon dbus[942]: [system] Successfully activated service 'org.freedesktop.hostname1'
Aug 09 10:56:34 witherspoon systemd[1]: Started Hostname Service.
Aug 09 10:56:34 witherspoon systemd[1]: Started Phosphor Network Manager.
Aug 09 10:56:36 witherspoon systemd[1]: Started Read OpenPOWER-format VPD from EEPROM.
Aug 09 10:56:36 witherspoon system_manager.py[1057]: SystemManager Goto System State: BMC_STARTING
Aug 09 10:56:36 witherspoon system_manager.py[1057]: Running System State: BMC_STARTING
Aug 09 10:56:36 witherspoon bmc_update.py[1096]: Running Bmc Flash Control
Aug 09 10:56:36 witherspoon systemd[1]: Started Phosphor BMC Code Update.
Aug 09 10:56:37 witherspoon systemd[1]: Started Phosphor Settings Manager.
Aug 09 10:56:37 witherspoon systemd[1]: Starting Wait for /org/openbmc/settings/host0...
Aug 09 10:56:37 witherspoon settings_manager.py[1059]: Running HostSettingsService
Aug 09 10:56:41 witherspoon systemd[1]: Started Wait for /org/openbmc/control/flash/bios.
Aug 09 10:56:41 witherspoon systemd[1]: Started Initialize BIOS Flash.
Aug 09 10:56:42 witherspoon systemd[1]: Started Wait for /org/openbmc/managers/System.
Aug 09 10:56:42 witherspoon systemd[1]: Starting Phosphor Power Button0...
Aug 09 10:56:42 witherspoon systemd[1]: Starting Phosphor Chassis State Manager...
Aug 09 10:56:42 witherspoon systemd[1]: Starting Phosphor BMC State Manager...
Aug 09 10:56:42 witherspoon systemd[1]: Starting Phosphor Reset Button0...
Aug 09 10:56:42 witherspoon systemd[1]: Starting Phosphor Host State Manager...
Aug 09 10:56:42 witherspoon avahi-daemon[946]: Withdrawing address record for 9.3.86.161 on eth0.
Aug 09 10:56:42 witherspoon avahi-daemon[946]: Host name conflict, retrying with witherspoon-17
Aug 09 10:56:42 witherspoon avahi-daemon[946]: Registering new address record for fe80::72e2:84ff:fe14:23e1 on eth0.*.
Aug 09 10:56:42 witherspoon avahi-daemon[946]: Registering new address record for 9.3.86.161 on eth0.IPv4.
Aug 09 10:56:43 witherspoon button_reset.exe[1118]: GPIO Lookup:  RESET_BUTTON = 353,both
Aug 09 10:56:43 witherspoon systemd[1]: Starting Phosphor Power0 Control...
Aug 09 10:56:43 witherspoon systemd[1]: Started Phosphor Reset Button0.
Aug 09 10:56:43 witherspoon button_power.exe[1115]: GPIO Lookup:  POWER_BUTTON = 347,both
Aug 09 10:56:43 witherspoon phosphor-chassis-state-manager[1116]: Initial Chassis State will be Off
Aug 09 10:56:43 witherspoon systemd[1]: Started Phosphor Power Button0.
Aug 09 10:56:44 witherspoon systemd[1]: Started Phosphor Chassis State Manager.
Aug 09 10:56:44 witherspoon phosphor-bmc-state-manager[1117]: Setting the BMCState field
Aug 09 10:56:44 witherspoon phosphor-bmc-state-manager[1117]: Setting the BMCState field
Aug 09 10:56:44 witherspoon systemd[1]: Started Phosphor BMC State Manager.
Aug 09 10:56:44 witherspoon system_manager.py[1057]: New object: /org/openbmc/control/power0 (:1.86)
Aug 09 10:56:44 witherspoon systemd[1]: Started Wait for /org/openbmc/settings/host0.
Aug 09 10:56:45 witherspoon system_manager.py[1057]: Power GPIO config: ['SYS_PWROK_BUFF', '', [('SOFTWARE_PGOOD', True), ('BMC_POWER_UP', True)], [('BMC_CP0_RESET_N', False)], [], 'FSI_DATA', 'FSI_CLK', 'FSI_ENABLE', 'CRONUS_SEL', []]
Aug 09 10:56:45 witherspoon power_control.exe[1129]: Power GPIO latch output:
Aug 09 10:56:45 witherspoon power_control.exe[1129]: Power GPIO power good input: SYS_PWROK_BUFF
Aug 09 10:56:45 witherspoon power_control.exe[1129]: Power GPIO 2 power_up outputs
Aug 09 10:56:45 witherspoon power_control.exe[1129]: Power GPIO power_up[0] = SOFTWARE_PGOOD active HIGH
Aug 09 10:56:45 witherspoon power_control.exe[1129]: Power GPIO power_up[1] = BMC_POWER_UP active HIGH
Aug 09 10:56:45 witherspoon power_control.exe[1129]: Power GPIO 1 reset outputs
Aug 09 10:56:45 witherspoon power_control.exe[1129]: Power GPIO reset[0] = BMC_CP0_RESET_N active LOW
Aug 09 10:56:45 witherspoon power_control.exe[1129]: Power GPIO 0 pci reset outputs
Aug 09 10:56:45 witherspoon power_control.exe[1129]: FSI DATA GPIO: FSI_DATA
Aug 09 10:56:45 witherspoon power_control.exe[1129]: FSI CLK GPIO: FSI_CLK
Aug 09 10:56:45 witherspoon power_control.exe[1129]: FSI ENABLE GPIO: FSI_ENABLE
Aug 09 10:56:45 witherspoon power_control.exe[1129]: CRONUS SEL GPIO: CRONUS_SEL
Aug 09 10:56:45 witherspoon power_control.exe[1129]: Hostctl GPIO optionals: 0
Aug 09 10:56:44 witherspoon systemd[1]: Started Phosphor Inband IPMI.
Aug 09 10:56:45 witherspoon power_control.exe[1129]: GPIO Lookup:  SYS_PWROK_BUFF = 306,in
Aug 09 10:56:45 witherspoon power_control.exe[1129]: GPIO Lookup:  SOFTWARE_PGOOD = 417,out
Aug 09 10:56:45 witherspoon power_control.exe[1129]: GPIO Lookup:  BMC_POWER_UP = 305,out
Aug 09 10:56:45 witherspoon power_control.exe[1129]: GPIO Lookup:  BMC_CP0_RESET_N = 281,out
Aug 09 10:56:45 witherspoon power_control.exe[1129]: Pgood state: 0
Aug 09 10:56:45 witherspoon systemd[1]: Started Phosphor Power0 Control.
Aug 09 10:56:46 witherspoon phosphor-host-state-manager[1119]: Initial Host State will be Off
Aug 09 10:56:46 witherspoon flash_bios.exe[1097]: Starting flasher: bios,,/org/openbmc/control/flash/bios,
Aug 09 10:56:46 witherspoon flash_bios.exe[1097]: flasher: , BMC = 1, address = 0x0
Aug 09 10:56:46 witherspoon flash_bios.exe[1097]: Setting up flash
Aug 09 10:56:46 witherspoon flash_bios.exe[1097]: Starting flasher: bios,,/org/openbmc/control/flash/bios,
Aug 09 10:56:46 witherspoon flash_bios.exe[1097]: flasher: , BMC = 1, address = 0x0
Aug 09 10:56:46 witherspoon flash_bios.exe[1097]: Setting up flash
Aug 09 10:56:47 witherspoon systemd[1]: Started Phosphor Host State Manager.
Aug 09 10:56:50 witherspoon system_manager.py[1057]: SystemManager Goto System State: BMC_READY
Aug 09 10:56:50 witherspoon system_manager.py[1057]: Running System State: BMC_READY
Aug 09 10:56:50 witherspoon systemd[1]: Started Wait for /org/openbmc/control/power0.
Aug 09 10:56:50 witherspoon systemd[1]: Starting Check Chassis0 pgood and create a file to indicate it...
Aug 09 10:56:50 witherspoon systemd[1]: Starting Phosphor Time Manager daemon...
Aug 09 10:56:51 witherspoon systemd[1]: Started Wait for /xyz/openbmc_project/state/chassis0.
Aug 09 10:56:51 witherspoon systemd[1]: Started Check Chassis0 pgood and create a file to indicate it.
Aug 09 10:56:52 witherspoon systemd[1]: Reached target Chassis0 power on after reset.
Aug 09 10:56:52 witherspoon systemd[1]: Reached target Chassis0 (Reset Check).
Aug 09 10:56:52 witherspoon timemanager[1155]: Registering dbus methods
Aug 09 10:56:52 witherspoon systemd[1]: Started Wait for /xyz/openbmc_project/state/host0.
Aug 09 10:56:52 witherspoon systemd[1]: Starting Reboot If Enabled...
Aug 09 10:56:52 witherspoon systemd[1]: Started Wait for /xyz/openbmc_project/control/host0.
Aug 09 10:56:52 witherspoon systemd[1]: Reached target Host0 running after reset.
Aug 09 10:56:52 witherspoon systemd[1]: Reached target Host0 (Reset Check).
Aug 09 10:56:53 witherspoon timemanager[1155]: Last known time_mode: NTP
Aug 09 10:56:53 witherspoon timemanager[1155]: Last known time_owner: BMC
Aug 09 10:56:53 witherspoon timemanager[1155]: Empty DhcpNtp string
Aug 09 10:56:53 witherspoon timemanager[1155]: Reading Power Control key: pgood
Aug 09 10:56:53 witherspoon timemanager[1155]: Changing settings *allowed* now
Aug 09 10:56:53 witherspoon timemanager[1155]: Owner is already set to : BMC
Aug 09 10:56:53 witherspoon phosphor-discover-system-state[1167]: Host power is off, checking power policy
Aug 09 10:56:53 witherspoon systemd[1]: Started Reboot If Enabled.
Aug 09 10:56:54 witherspoon timemanager[1155]: Requested_Mode: NTP Current_Mode: NTP
Aug 09 10:56:54 witherspoon timemanager[1155]: Mode is already set to : NTP
Aug 09 10:56:54 witherspoon timemanager[1155]: Getting System Settings: use_dhcp_ntp
Aug 09 10:56:54 witherspoon timemanager[1155]: use_dhcp_ntp = yes
Aug 09 10:56:54 witherspoon timemanager[1155]: Last known host_offset:0
Aug 09 10:56:54 witherspoon timemanager[1155]: Initial Uptime Usec: 1502276113167951
Aug 09 10:56:54 witherspoon systemd[1]: Started Phosphor Time Manager daemon.
Aug 09 10:56:54 witherspoon systemd[1]: Reached target Phosphor System - Standby.
Aug 09 10:56:54 witherspoon systemd[1]: Starting Assert bmc_booted LED...
Aug 09 10:56:54 witherspoon phosphor-bmc-state-manager[1117]: BMC_READY
Aug 09 10:56:54 witherspoon phosphor-bmc-state-manager[1117]: Setting the BMCState field
Aug 09 10:56:54 witherspoon systemd[1]: Started Assert bmc_booted LED.
Aug 09 10:56:54 witherspoon systemd[1]: Startup finished in 9.016s (kernel) + 1min 32.426s (userspace) = 1min 41.442s.
Aug 09 10:57:02 witherspoon avahi-daemon[946]: Withdrawing address record for 9.3.86.161 on eth0.
Aug 09 10:57:02 witherspoon avahi-daemon[946]: Host name conflict, retrying with witherspoon-18
Aug 09 10:57:02 witherspoon avahi-daemon[946]: Registering new address record for fe80::72e2:84ff:fe14:23e1 on eth0.*.
Aug 09 10:57:02 witherspoon avahi-daemon[946]: Registering new address record for 9.3.86.161 on eth0.IPv4.
Aug 09 10:57:22 witherspoon avahi-daemon[946]: Withdrawing address record for 9.3.86.161 on eth0.
Aug 09 10:57:22 witherspoon avahi-daemon[946]: Host name conflict, retrying with witherspoon-19
Aug 09 10:57:22 witherspoon avahi-daemon[946]: Registering new address record for fe80::72e2:84ff:fe14:23e1 on eth0.*.
Aug 09 10:57:22 witherspoon avahi-daemon[946]: Registering new address record for 9.3.86.161 on eth0.IPv4.
Aug 09 10:57:42 witherspoon avahi-daemon[946]: Withdrawing address record for 9.3.86.161 on eth0.
Aug 09 10:57:42 witherspoon avahi-daemon[946]: Host name conflict, retrying with witherspoon-20
Aug 09 10:57:42 witherspoon avahi-daemon[946]: Registering new address record for fe80::72e2:84ff:fe14:23e1 on eth0.*.
Aug 09 10:57:42 witherspoon avahi-daemon[946]: Registering new address record for 9.3.86.161 on eth0.IPv4.
Aug 09 10:58:02 witherspoon avahi-daemon[946]: Withdrawing address record for 9.3.86.161 on eth0.
Aug 09 10:58:02 witherspoon avahi-daemon[946]: Host name conflict, retrying with witherspoon-21
Aug 09 10:58:02 witherspoon avahi-daemon[946]: Registering new address record for fe80::72e2:84ff:fe14:23e1 on eth0.*.
Aug 09 10:58:02 witherspoon avahi-daemon[946]: Registering new address record for 9.3.86.161 on eth0.IPv4.
Aug 09 10:58:22 witherspoon avahi-daemon[946]: Withdrawing address record for 9.3.86.161 on eth0.
Aug 09 10:58:22 witherspoon avahi-daemon[946]: Host name conflict, retrying with witherspoon-22
Aug 09 10:58:22 witherspoon avahi-daemon[946]: Registering new address record for fe80::72e2:84ff:fe14:23e1 on eth0.*.
Aug 09 10:58:22 witherspoon avahi-daemon[946]: Registering new address record for 9.3.86.161 on eth0.IPv4.
Aug 09 10:58:42 witherspoon avahi-daemon[946]: Withdrawing address record for 9.3.86.161 on eth0.
Aug 09 10:58:42 witherspoon avahi-daemon[946]: Host name conflict, retrying with witherspoon-23
Aug 09 10:58:42 witherspoon avahi-daemon[946]: Registering new address record for fe80::72e2:84ff:fe14:23e1 on eth0.*.
Aug 09 10:58:42 witherspoon avahi-daemon[946]: Registering new address record for 9.3.86.161 on eth0.IPv4.
Aug 09 10:59:02 witherspoon avahi-daemon[946]: Withdrawing address record for 9.3.86.161 on eth0.
Aug 09 10:59:02 witherspoon avahi-daemon[946]: Host name conflict, retrying with witherspoon-24
Aug 09 10:59:02 witherspoon avahi-daemon[946]: Registering new address record for fe80::72e2:84ff:fe14:23e1 on eth0.*.
Aug 09 10:59:02 witherspoon avahi-daemon[946]: Registering new address record for 9.3.86.161 on eth0.IPv4.
Aug 09 10:59:22 witherspoon avahi-daemon[946]: Withdrawing address record for 9.3.86.161 on eth0.
Aug 09 10:59:22 witherspoon avahi-daemon[946]: Host name conflict, retrying with witherspoon-25
Aug 09 10:59:22 witherspoon avahi-daemon[946]: Registering new address record for fe80::72e2:84ff:fe14:23e1 on eth0.*.
Aug 09 10:59:22 witherspoon avahi-daemon[946]: Registering new address record for 9.3.86.161 on eth0.IPv4.
Aug 09 10:59:42 witherspoon avahi-daemon[946]: Withdrawing address record for 9.3.86.161 on eth0.
Aug 09 10:59:42 witherspoon avahi-daemon[946]: Host name conflict, retrying with witherspoon-26
Aug 09 10:59:42 witherspoon avahi-daemon[946]: Registering new address record for fe80::72e2:84ff:fe14:23e1 on eth0.*.
Aug 09 10:59:42 witherspoon avahi-daemon[946]: Registering new address record for 9.3.86.161 on eth0.IPv4.
Aug 09 10:59:49 witherspoon systemd[1]: Started Phosphor Webserver.
Aug 09 11:00:01 witherspoon phosphor-gevent[1179]: ::8069:6c76:8e91:f402%1995926300 - - [2017-08-09 11:00:01] "POST /login HTTP/1.1" 200 320 0.046181
Aug 09 11:00:01 witherspoon systemd[1]: Created slice system-dropbear.slice.
Aug 09 11:00:01 witherspoon systemd[1]: Started SSH Per-Connection Server (9.41.165.94:54884).
Aug 09 11:00:01 witherspoon dropbear[1181]: Failed loading /etc/dropbear/dropbear_dss_host_key
Aug 09 11:00:01 witherspoon dropbear[1181]: Failed loading /etc/dropbear/dropbear_ecdsa_host_key
Aug 09 11:00:01 witherspoon dropbear[1181]: Child connection from ::ffff:9.41.165.94:54884
Aug 09 11:00:02 witherspoon avahi-daemon[946]: Withdrawing address record for 9.3.86.161 on eth0.
Aug 09 11:00:02 witherspoon avahi-daemon[946]: Host name conflict, retrying with witherspoon-27
Aug 09 11:00:02 witherspoon avahi-daemon[946]: Registering new address record for fe80::72e2:84ff:fe14:23e1 on eth0.*.
Aug 09 11:00:02 witherspoon avahi-daemon[946]: Registering new address record for 9.3.86.161 on eth0.IPv4.
Aug 09 11:00:02 witherspoon dropbear[1181]: PAM password auth succeeded for 'root' from ::ffff:9.41.165.94:54884
Aug 09 11:00:02 witherspoon dropbear[1182]: lastlog_perform_login: Couldn't stat /var/log/lastlog: No such file or directory
Aug 09 11:00:02 witherspoon dropbear[1182]: lastlog_openseek: /var/log/lastlog is not a file or directory!
Aug 09 11:00:03 witherspoon systemd[1]: Started SSH Per-Connection Server (9.41.165.94:54886).
Aug 09 11:00:03 witherspoon dropbear[1186]: Failed loading /etc/dropbear/dropbear_dss_host_key
Aug 09 11:00:03 witherspoon dropbear[1186]: Failed loading /etc/dropbear/dropbear_ecdsa_host_key
Aug 09 11:00:03 witherspoon dropbear[1186]: Child connection from ::ffff:9.41.165.94:54886
Aug 09 11:00:04 witherspoon dropbear[1186]: PAM password auth succeeded for 'root' from ::ffff:9.41.165.94:54886
Aug 09 11:00:04 witherspoon dropbear[1187]: lastlog_perform_login: Couldn't stat /var/log/lastlog: No such file or directory
Aug 09 11:00:04 witherspoon dropbear[1187]: lastlog_openseek: /var/log/lastlog is not a file or directory!
Aug 09 11:00:05 witherspoon systemd[1]: Started SSH Per-Connection Server (9.41.165.94:54888).
Aug 09 11:00:05 witherspoon dropbear[1193]: Failed loading /etc/dropbear/dropbear_dss_host_key
Aug 09 11:00:05 witherspoon dropbear[1193]: Failed loading /etc/dropbear/dropbear_ecdsa_host_key
Aug 09 11:00:05 witherspoon dropbear[1193]: Child connection from ::ffff:9.41.165.94:54888
Aug 09 11:00:06 witherspoon dropbear[1193]: PAM password auth succeeded for 'root' from ::ffff:9.41.165.94:54888
Aug 09 11:00:06 witherspoon dropbear[1194]: lastlog_perform_login: Couldn't stat /var/log/lastlog: No such file or directory
Aug 09 11:00:06 witherspoon dropbear[1194]: lastlog_openseek: /var/log/lastlog is not a file or directory!
Aug 09 11:00:07 witherspoon phosphor-gevent[1179]: ::8069:6c76:8e91:f402%1995926300 - - [2017-08-09 11:00:07] "POST /login HTTP/1.1" 200 320 0.033436
Aug 09 11:00:07 witherspoon phosphor-gevent[1179]: ::8069:6c76:8e91:f402%1995926300 - - [2017-08-09 11:00:07] "GET /xyz/openbmc_project/state/host0//attr/CurrentHostState HTTP/1.1" 200 212 0.084582
Aug 09 11:00:07 witherspoon dropbear[1181]: Exit (root): Error reading: Connection reset by peer
Aug 09 11:00:07 witherspoon dropbear[1186]: Exit (root): Error reading: Connection reset by peer
Aug 09 11:00:07 witherspoon dropbear[1193]: Exit (root): Error reading: Connection reset by peer
Aug 09 11:00:22 witherspoon avahi-daemon[946]: Withdrawing address record for 9.3.86.161 on eth0.
Aug 09 11:00:22 witherspoon avahi-daemon[946]: Host name conflict, retrying with witherspoon-28
Aug 09 11:00:22 witherspoon avahi-daemon[946]: Registering new address record for fe80::72e2:84ff:fe14:23e1 on eth0.*.
Aug 09 11:00:22 witherspoon avahi-daemon[946]: Registering new address record for 9.3.86.161 on eth0.IPv4.
Aug 09 11:00:42 witherspoon avahi-daemon[946]: Withdrawing address record for 9.3.86.161 on eth0.
Aug 09 11:00:42 witherspoon avahi-daemon[946]: Host name conflict, retrying with witherspoon-29
Aug 09 11:00:42 witherspoon avahi-daemon[946]: Registering new address record for fe80::72e2:84ff:fe14:23e1 on eth0.*.
Aug 09 11:00:42 witherspoon avahi-daemon[946]: Registering new address record for 9.3.86.161 on eth0.IPv4.
Aug 09 11:01:02 witherspoon avahi-daemon[946]: Withdrawing address record for 9.3.86.161 on eth0.
Aug 09 11:01:02 witherspoon avahi-daemon[946]: Host name conflict, retrying with witherspoon-30
Aug 09 11:01:02 witherspoon avahi-daemon[946]: Registering new address record for fe80::72e2:84ff:fe14:23e1 on eth0.*.
Aug 09 11:01:02 witherspoon avahi-daemon[946]: Registering new address record for 9.3.86.161 on eth0.IPv4.
Aug 09 11:01:14 witherspoon systemd[1]: Started SSH Per-Connection Server (9.41.165.94:54914).
Aug 09 11:01:14 witherspoon dropbear[1205]: Failed loading /etc/dropbear/dropbear_dss_host_key
Aug 09 11:01:14 witherspoon dropbear[1205]: Failed loading /etc/dropbear/dropbear_ecdsa_host_key
Aug 09 11:01:14 witherspoon dropbear[1205]: Child connection from ::ffff:9.41.165.94:54914
Aug 09 11:01:14 witherspoon dropbear[1205]: PAM password auth succeeded for 'root' from ::ffff:9.41.165.94:54914
Aug 09 11:01:14 witherspoon dropbear[1206]: lastlog_perform_login: Couldn't stat /var/log/lastlog: No such file or directory
Aug 09 11:01:14 witherspoon dropbear[1206]: lastlog_openseek: /var/log/lastlog is not a file or directory!
Aug 09 11:01:16 witherspoon systemd[1]: Started SSH Per-Connection Server (9.41.165.94:54916).
Aug 09 11:01:16 witherspoon dropbear[1215]: Failed loading /etc/dropbear/dropbear_dss_host_key
Aug 09 11:01:16 witherspoon dropbear[1215]: Failed loading /etc/dropbear/dropbear_ecdsa_host_key
Aug 09 11:01:16 witherspoon dropbear[1215]: Child connection from ::ffff:9.41.165.94:54916
Aug 09 11:01:17 witherspoon dropbear[1215]: PAM password auth succeeded for 'root' from ::ffff:9.41.165.94:54916
Aug 09 11:01:17 witherspoon dropbear[1216]: lastlog_perform_login: Couldn't stat /var/log/lastlog: No such file or directory
Aug 09 11:01:17 witherspoon dropbear[1216]: lastlog_openseek: /var/log/lastlog is not a file or directory!
Aug 09 11:01:17 witherspoon systemd[1]: Started SSH Per-Connection Server (9.41.165.94:54918).
Aug 09 11:01:17 witherspoon dropbear[1222]: Failed loading /etc/dropbear/dropbear_dss_host_key
Aug 09 11:01:17 witherspoon dropbear[1222]: Failed loading /etc/dropbear/dropbear_ecdsa_host_key
Aug 09 11:01:17 witherspoon dropbear[1222]: Child connection from ::ffff:9.41.165.94:54918
Aug 09 11:01:17 witherspoon dropbear[1222]: PAM password auth succeeded for 'root' from ::ffff:9.41.165.94:54918
Aug 09 11:01:17 witherspoon dropbear[1223]: lastlog_perform_login: Couldn't stat /var/log/lastlog: No such file or directory
Aug 09 11:01:17 witherspoon dropbear[1223]: lastlog_openseek: /var/log/lastlog is not a file or directory!
Aug 09 11:01:19 witherspoon phosphor-gevent[1179]: ::8069:6c76:8e91:f402%1995926300 - - [2017-08-09 11:01:19] "POST /login HTTP/1.1" 200 320 0.047893
Aug 09 11:01:19 witherspoon phosphor-gevent[1179]: ::8069:6c76:8e91:f402%1995926300 - - [2017-08-09 11:01:19] "POST /login HTTP/1.1" 200 320 0.053149
Aug 09 11:01:19 witherspoon phosphor-gevent[1179]: ::8069:6c76:8e91:f402%1995926300 - - [2017-08-09 11:01:19] "GET /xyz/openbmc_project/state/host0//attr/CurrentHostState HTTP/1.1" 200 212 0.074367
Aug 09 11:01:19 witherspoon systemd[1]: Created slice system-obmc\x2dconsole\x2dssh.slice.
Aug 09 11:01:19 witherspoon systemd[1]: Started Phosphor Host Console SSH Per-Connection (9.41.165.94:50202).
Aug 09 11:01:19 witherspoon dropbear[1229]: Failed loading /etc/dropbear/dropbear_dss_host_key
Aug 09 11:01:19 witherspoon dropbear[1229]: Failed loading /etc/dropbear/dropbear_ecdsa_host_key
Aug 09 11:01:19 witherspoon dropbear[1229]: Child connection from ::ffff:9.41.165.94:50202
Aug 09 11:01:20 witherspoon phosphor-gevent[1179]: ::8069:6c76:8e91:f402%1995926300 - - [2017-08-09 11:01:20] "POST /login HTTP/1.1" 200 320 0.105283
Aug 09 11:01:20 witherspoon dropbear[1229]: PAM password auth succeeded for 'root' from ::ffff:9.41.165.94:50202
Aug 09 11:01:20 witherspoon dropbear[1230]: lastlog_perform_login: Couldn't stat /var/log/lastlog: No such file or directory
Aug 09 11:01:20 witherspoon dropbear[1230]: lastlog_openseek: /var/log/lastlog is not a file or directory!
Aug 09 11:01:20 witherspoon phosphor-host-state-manager[1119]: Host State transaction request
Aug 09 11:01:21 witherspoon phosphor-gevent[1179]: ::8069:6c76:8e91:f402%1995926300 - - [2017-08-09 11:01:21] "PUT /xyz/openbmc_project/state/host0//attr/RequestedHostTransition HTTP/1.1" 200 169 0.453672
Aug 09 11:01:21 witherspoon systemd[1]: Starting Wait for /xyz/openbmc_project/led/groups/power_on...
Aug 09 11:01:21 witherspoon systemd[1]: Stopped target Host0 (Reset Check).
Aug 09 11:01:21 witherspoon systemd[1]: Starting Wait for /org/openbmc/HostIpmi/1...
Aug 09 11:01:21 witherspoon systemd[1]: Reached target Stop Host0 (Pre).
Aug 09 11:01:21 witherspoon systemd[1]: Created slice system-ir35221\x2doff\x2dbind.slice.
Aug 09 11:01:21 witherspoon systemd[1]: Created slice system-obmc\x2dled\x2dgroup\x2dstop.slice.
Aug 09 11:01:21 witherspoon systemd[1]: Starting Wait for /org/openbmc/control/chassis0...
Aug 09 11:01:21 witherspoon systemd[1]: Reached target Stop Hosti (Pre).
Aug 09 11:01:21 witherspoon systemd[1]: Reached target Hosti (Stopping).
Aug 09 11:01:21 witherspoon systemd[1]: Reached target Hosti (Stopped).
Aug 09 11:01:21 witherspoon systemd[1]: Reached target Poweri Off (Pre).
Aug 09 11:01:21 witherspoon systemd[1]: Reached target Poweri Off.
Aug 09 11:01:21 witherspoon systemd[1]: Created slice system-op\x2dwait\x2dpower\x2doff.slice.
Aug 09 11:01:21 witherspoon systemd[1]: Created slice system-ir35221\x2doff\x2dunbind.slice.
Aug 09 11:01:21 witherspoon systemd[1]: Starting Power off mode unbind ir35221 device driver devs...
Aug 09 11:01:21 witherspoon systemd[1]: Created slice system-op\x2dpower\x2dstop.slice.
Aug 09 11:01:21 witherspoon systemd[1]: Created slice system-vcs_off_poweroff.slice.
Aug 09 11:01:22 witherspoon phosphor-gevent[1179]: ::8069:6c76:8e91:f402%1995926300 - - [2017-08-09 11:01:22] "POST /login HTTP/1.1" 200 320 0.032727
Aug 09 11:01:22 witherspoon systemd[1]: Started Wait for /org/openbmc/HostIpmi/1.
Aug 09 11:01:22 witherspoon systemd[1]: Started Wait for /org/openbmc/control/chassis0.
Aug 09 11:01:22 witherspoon systemd[1]: Started Power off mode unbind ir35221 device driver devs.
Aug 09 11:01:22 witherspoon systemd[1]: xyz.openbmc_project.Hwmon@ahb-apb-i2c\x401e78a000-i2c\x2dbus\x40180-ir35221\x4070.service: Unit not needed anymore. Stopping.
Aug 09 11:01:22 witherspoon systemd[1]: xyz.openbmc_project.Hwmon@ahb-apb-i2c\x401e78a000-i2c\x2dbus\x40180-ir35221\x4070.service: Service hold-off time over, scheduling restart.
Aug 09 11:01:22 witherspoon systemd[1]: xyz.openbmc_project.Hwmon@ahb-apb-i2c\x401e78a000-i2c\x2dbus\x40180-ir35221\x4070.service: Stop job pending for unit, delaying automatic restart.
Aug 09 11:01:22 witherspoon systemd[1]: xyz.openbmc_project.Hwmon@ahb-apb-i2c\x401e78a000-i2c\x2dbus\x40180-ir35221\x4071.service: Service hold-off time over, scheduling restart.
Aug 09 11:01:22 witherspoon systemd[1]: xyz.openbmc_project.Hwmon@ahb-apb-i2c\x401e78a000-i2c\x2dbus\x40180-ir35221\x4071.service: Unit not needed anymore. Stopping.
Aug 09 11:01:22 witherspoon systemd[1]: Requested transaction contradicts existing jobs: Transaction is destructive.
Aug 09 11:01:22 witherspoon systemd[1]: xyz.openbmc_project.Hwmon@ahb-apb-i2c\x401e78a000-i2c\x2dbus\x40180-ir35221\x4071.service: Failed to enqueue stop job, ignoring: Transaction is destructive.
Aug 09 11:01:22 witherspoon systemd[1]: xyz.openbmc_project.Hwmon@ahb-apb-i2c\x401e78a000-i2c\x2dbus\x40140-ir35221\x4071.service: Service hold-off time over, scheduling restart.
Aug 09 11:01:22 witherspoon systemd[1]: xyz.openbmc_project.Hwmon@ahb-apb-i2c\x401e78a000-i2c\x2dbus\x40140-ir35221\x4071.service: Unit not needed anymore. Stopping.
Aug 09 11:01:22 witherspoon systemd[1]: Requested transaction contradicts existing jobs: Transaction is destructive.
Aug 09 11:01:22 witherspoon systemd[1]: xyz.openbmc_project.Hwmon@ahb-apb-i2c\x401e78a000-i2c\x2dbus\x40140-ir35221\x4071.service: Failed to enqueue stop job, ignoring: Transaction is destructive.
Aug 09 11:01:22 witherspoon systemd[1]: xyz.openbmc_project.Hwmon@ahb-apb-i2c\x401e78a000-i2c\x2dbus\x40140-ir35221\x4070.service: Unit not needed anymore. Stopping.
Aug 09 11:01:22 witherspoon systemd[1]: Stopping Phosphor Hwmon Poller...
Aug 09 11:01:22 witherspoon systemd[1]: Stopped Phosphor Hwmon Poller.
Aug 09 11:01:22 witherspoon systemd[1]: Started Phosphor Hwmon Poller.
Aug 09 11:01:22 witherspoon systemd[1]: xyz.openbmc_project.Hwmon@ahb-apb-i2c\x401e78a000-i2c\x2dbus\x40140-ir35221\x4071.service: Unit not needed anymore. Stopping.
Aug 09 11:01:22 witherspoon systemd[1]: Stopping Phosphor Hwmon Poller...
Aug 09 11:01:22 witherspoon systemd[1]: Stopped Phosphor Hwmon Poller.
Aug 09 11:01:22 witherspoon systemd[1]: Started Phosphor Hwmon Poller.
Aug 09 11:01:22 witherspoon systemd[1]: xyz.openbmc_project.Hwmon@ahb-apb-i2c\x401e78a000-i2c\x2dbus\x40180-ir35221\x4071.service: Unit not needed anymore. Stopping.
Aug 09 11:01:22 witherspoon systemd[1]: Stopping Phosphor Hwmon Poller...
Aug 09 11:01:22 witherspoon systemd[1]: Stopped Phosphor Hwmon Poller.
Aug 09 11:01:22 witherspoon systemd[1]: Starting Soft power off of the host...
Aug 09 11:01:22 witherspoon systemd[1]: Stopped Phosphor Hwmon Poller.
Aug 09 11:01:22 witherspoon systemd[1]: Stopped Phosphor Hwmon Poller.
Aug 09 11:01:22 witherspoon systemd[1]: Stopped Phosphor Hwmon Poller.
Aug 09 11:01:23 witherspoon avahi-daemon[946]: Withdrawing address record for 9.3.86.161 on eth0.
Aug 09 11:01:23 witherspoon avahi-daemon[946]: Host name conflict, retrying with witherspoon-31
Aug 09 11:01:23 witherspoon avahi-daemon[946]: Registering new address record for fe80::72e2:84ff:fe14:23e1 on eth0.*.
Aug 09 11:01:23 witherspoon avahi-daemon[946]: Registering new address record for 9.3.86.161 on eth0.IPv4.
Aug 09 11:01:25 witherspoon systemd[1]: Started Wait for /xyz/openbmc_project/led/groups/power_on.
Aug 09 11:01:25 witherspoon systemd[1]: Starting Assert power_on LED...
Aug 09 11:01:26 witherspoon phosphor-gevent[1179]: ::8069:6c76:8e91:f402%1995926300 - - [2017-08-09 11:01:26] "GET /xyz/openbmc_project/state/chassis0//attr/CurrentPowerState HTTP/1.1" 200 216 3.910974
Aug 09 11:01:26 witherspoon phosphor-gevent[1179]: ::8069:6c76:8e91:f402%1995926300 - - [2017-08-09 11:01:26] "POST /login HTTP/1.1" 200 320 0.032709
Aug 09 11:01:27 witherspoon ipmid[1140]: Pushing cmd on to queue
Aug 09 11:01:27 witherspoon ipmid[1140]: Asserting SMS Attention
Aug 09 11:01:27 witherspoon phosphor-gevent[1179]: ::8069:6c76:8e91:f402%1995926300 - - [2017-08-09 11:01:27] "GET /xyz/openbmc_project/state/host0//attr/CurrentHostState HTTP/1.1" 200 212 0.353800
Aug 09 11:01:27 witherspoon ipmid[1140]: SMS Attention asserted
Aug 09 11:01:27 witherspoon systemd[1]: Started Assert power_on LED.
Aug 09 11:01:27 witherspoon phosphor-gevent[1179]: ::8069:6c76:8e91:f402%1995926300 - - [2017-08-09 11:01:27] "POST /login HTTP/1.1" 200 320 0.409802
Aug 09 11:01:28 witherspoon phosphor-host-state-manager[1119]: Host State transaction request
Aug 09 11:01:28 witherspoon systemd[1]: Created slice system-ir35221\x2don\x2dunbind.slice.
Aug 09 11:01:28 witherspoon systemd[1]: Created slice system-start_host.slice.
Aug 09 11:01:28 witherspoon systemd[1]: Starting power on mode unbind ir35221 device driver devs...
Aug 09 11:01:28 witherspoon systemd[1]: Created slice system-mboxd\x2dreload.slice.
Aug 09 11:01:28 witherspoon systemd[1]: Created slice system-op\x2dpower\x2dstart.slice.
Aug 09 11:01:28 witherspoon systemd[1]: Created slice system-obmc\x2denable\x2dhost\x2dwatchdog.slice.
Aug 09 11:01:28 witherspoon systemd[1]: Created slice system-fsi\x2dscan.slice.
Aug 09 11:01:28 witherspoon systemd[1]: Created slice system-phosphor\x2dfan\x2dcontrol\x2dinit.slice.
Aug 09 11:01:28 witherspoon systemd[1]: Created slice system-op\x2dwait\x2dpower\x2don.slice.
Aug 09 11:01:28 witherspoon systemd[1]: Created slice system-vcs_workaround.slice.
Aug 09 11:01:28 witherspoon systemd[1]: Created slice system-cfam_override.slice.
Aug 09 11:01:28 witherspoon systemd[1]: Created slice system-mapper\x2dsubtree\x2dremove.slice.
Aug 09 11:01:28 witherspoon phosphor-gevent[1179]: ::8069:6c76:8e91:f402%1995926300 - - [2017-08-09 11:01:28] "PUT /xyz/openbmc_project/state/host0//attr/RequestedHostTransition HTTP/1.1" 200 169 0.704570
Aug 09 11:01:28 witherspoon systemd[1]: Starting Witherspoon Fan Watchdog Reset...
Aug 09 11:01:28 witherspoon systemd[1]: Created slice system-power\x2dworkarounds.slice.
