spawn ssh -p 2200 -o StrictHostKeyChecking no root@9.3.86.161
Warning: Permanently added '[9.3.86.161]:2200' (RSA) to the list of known hosts.
root@9.3.86.161's password: 


--== Welcome to Hostboot hostboot-c68be97/hbicore.bin ==--

  3.91456|secure|Booting in non-secure mode.
  3.91457|secure|SecureROM valid - enabling functionality
  6.92624|ISTEP  6. 5 - host_init_fsi
  7.03581|ISTEP  6. 6 - host_set_ipl_parms
  7.05425|ISTEP  6. 7 - host_discover_targets
  7.54883|HWAS|PRESENT> DIMM[03]=FF77000000000000
  7.54884|HWAS|PRESENT> Proc[05]=C000000000000000
  7.57203|ISTEP  6. 8 - host_update_master_tpm
 17.71367|SECURE|Security Access Bit> 0x0000000000000000
 17.71368|SECURE|Secure Mode Disable (via Jumper)> 0xC000000000000000
 17.71389|ISTEP  6. 9 - host_gard
 17.75950|ISTEP  6.10 - host_revert_sbe_mcs_setup
 17.76365|ISTEP  6.11 - host_start_occ_xstop_handler
 17.76599|ISTEP  6.12 - host_voltage_config
 17.79706|ISTEP  7. 2 - mss_volt
 18.17643|ISTEP  7. 3 - mss_freq
 18.26301|ISTEP  7. 4 - mss_eff_config
 20.92688|ISTEP  7. 5 - mss_attr_update
 20.93652|ISTEP  8. 1 - host_slave_sbe_config
 20.97198|ISTEP  8. 2 - host_setup_sbe
 20.97678|ISTEP  8. 3 - host_cbs_start
 21.00084|ISTEP  8. 4 - proc_check_slave_sbe_seeprom_complete
 28.21711|ISTEP  8. 5 - host_attnlisten_proc
 28.21779|ISTEP  8. 6 - host_p9_fbc_eff_config
 28.22279|ISTEP  8. 7 - host_p9_eff_config_links
 28.23288|ISTEP  8. 8 - proc_attr_update
 28.23432|ISTEP  8. 9 - proc_chiplet_fabric_scominit
 28.26273|ISTEP  8.10 - proc_xbus_scominit
 29.81530|ISTEP  8.11 - proc_xbus_enable_ridi
 29.81855|ISTEP  9. 1 - fabric_erepair
 30.03587|ISTEP  9. 2 - fabric_io_dccal
 30.71575|ISTEP  9. 3 - fabric_pre_trainadv
 30.72513|ISTEP  9. 4 - fabric_io_run_training
 30.84809|ISTEP  9. 5 - fabric_post_trainadv
 30.85238|ISTEP  9. 6 - proc_smp_link_layer
 30.85604|ISTEP  9. 7 - proc_fab_iovalid
 30.89065|ISTEP  9. 8 - host_fbc_eff_config_aggregate
 30.89694|ISTEP 10. 1 - proc_build_smp
 31.01190|ISTEP 10. 2 - host_slave_sbe_update
 31.68089|ISTEP 10. 3 - host_set_voltages
 31.71252|ISTEP 10. 4 - proc_cen_ref_clk_enable
 31.71802|ISTEP 10. 5 - proc_enable_osclite
 31.72026|ISTEP 10. 6 - proc_chiplet_scominit
 31.74930|ISTEP 10. 7 - proc_abus_scominit
 31.75983|ISTEP 10. 8 - proc_obus_scominit
 31.82184|ISTEP 10. 9 - proc_npu_scominit
 31.84372|ISTEP 10.10 - proc_pcie_scominit
 31.89137|ISTEP 10.11 - proc_scomoverride_chiplets
 31.89287|ISTEP 10.12 - proc_chiplet_enable_ridi
 31.89546|ISTEP 10.13 - host_rng_bist
 31.89749|ISTEP 10.14 - host_update_redundant_tpm
 31.96453|ISTEP 11. 1 - host_prd_hwreconfig
 31.97783|ISTEP 11. 2 - cen_tp_chiplet_init1
 31.97943|ISTEP 11. 3 - cen_pll_initf
 31.98044|ISTEP 11. 4 - cen_pll_setup
 31.98141|ISTEP 11. 5 - cen_tp_chiplet_init2
 31.98324|ISTEP 11. 6 - cen_tp_arrayinit
 31.98441|ISTEP 11. 7 - cen_tp_chiplet_init3
 31.98551|ISTEP 11. 8 - cen_chiplet_init
 31.98729|ISTEP 11. 9 - cen_arrayinit
 31.98845|ISTEP 11.10 - cen_initf
 31.99128|ISTEP 11.11 - cen_do_manual_inits
 31.99252|ISTEP 11.12 - cen_startclocks
 31.99356|ISTEP 11.13 - cen_scominits
 31.99482|ISTEP 12. 1 - mss_getecid
 31.99932|ISTEP 12. 2 - dmi_attr_update
 32.00054|ISTEP 12. 3 - proc_dmi_scominit
 32.00156|ISTEP 12. 4 - cen_dmi_scominit
 32.00337|ISTEP 12. 5 - dmi_erepair
 32.00440|ISTEP 12. 6 - dmi_io_dccal
 32.00658|ISTEP 12. 7 - dmi_pre_trainadv
 32.00838|ISTEP 12. 8 - dmi_io_run_training
 32.00957|ISTEP 12. 9 - dmi_post_trainadv
 32.01144|ISTEP 12.10 - proc_cen_framelock
 32.01258|ISTEP 12.11 - host_startprd_dmi
 32.01365|ISTEP 12.12 - host_attnlisten_memb
 32.01547|ISTEP 12.13 - cen_set_inband_addr
 32.01689|ISTEP 13. 1 - host_disable_memvolt
 32.16106|ISTEP 13. 2 - mem_pll_reset
 32.17601|ISTEP 13. 3 - mem_pll_initf
 32.22560|ISTEP 13. 4 - mem_pll_setup
 32.25030|ISTEP 13. 6 - mem_startclocks
 32.26827|ISTEP 13. 7 - host_enable_memvolt
 32.26972|ISTEP 13. 8 - mss_scominit
 32.55956|ISTEP 13. 9 - mss_ddr_phy_reset
 32.62869|ISTEP 13.10 - mss_draminit
 32.88592|ISTEP 13.11 - mss_draminit_training
 33.22228|ISTEP 13.12 - mss_draminit_trainadv
 33.22424|ISTEP 13.13 - mss_draminit_mc
 33.25585|ISTEP 14. 1 - mss_memdiag
 43.63297|ISTEP 14. 2 - mss_thermal_init
 43.64838|ISTEP 14. 3 - proc_pcie_config
 43.66434|ISTEP 14. 4 - mss_power_cleanup
 43.66778|ISTEP 14. 5 - proc_setup_bars
 43.71068|ISTEP 14. 6 - proc_htm_setup
 43.72220|ISTEP 14. 7 - proc_exit_cache_contained
 43.73621|ISTEP 15. 1 - host_build_stop_image
 44.74307|ISTEP 15. 2 - proc_set_pba_homer_bar
 44.74742|ISTEP 15. 3 - host_establish_ex_chiplet
 44.75439|ISTEP 15. 4 - host_start_stop_engine
 44.85850|ISTEP 16. 1 - host_activate_master
  0.00808|ISTEP 16. 2 - host_activate_slave_cores
 46.44123|ISTEP 16. 3 - host_secure_rng
 46.46732|ISTEP 16. 4 - mss_scrub
 46.48401|ISTEP 16. 5 - host_ipl_complete
 46.50823|ISTEP 16. 6 - host_load_io_ppe
 46.54141|ISTEP 18.11 - proc_tod_setup
 46.67497|ISTEP 18.12 - proc_tod_init
 46.67793|ISTEP 20. 1 - host_load_payload
 47.14231|ISTEP 20. 2 - host_load_hdat
 50.91675|ISTEP 21. 1 - host_runtime_setup
 51.07804|dw-Setting HDAT HB Reserved Memory Range: ibm,homer-image RangeType 0x4 RangeId 0x0 StartAddress 0x80002017FD800000 EndAddress 0x80002017FDBFFFFF
 51.07807|dw-Setting HDAT HB Reserved Memory Range: ibm,homer-image RangeType 0x4 RangeId 0x8 StartAddress 0x80002017FDC00000 EndAddress 0x80002017FDFFFFFF
 51.07811|dw-Setting HDAT HB Reserved Memory Range: ibm,occ-common-area RangeType 0x4 RangeId 0x0 StartAddress 0x80002017FF800000 EndAddress 0x80002017FFFFFFFF
 51.50369|dw-Setting HDAT HB Reserved Memory Range: ibm,hbrt-data RangeType 0x1 RangeId 0x0 StartAddress 0x80002017FD670000 EndAddress 0x80002017FD7FFFFF
 53.20148|dw-Setting HDAT HB Reserved Memory Range: ibm,hbrt-code-image RangeType 0x1 RangeId 0x0 StartAddress 0x80002017FD390000 EndAddress 0x80002017FD66FFFF
 53.21331|dw-Setting HDAT HB Reserved Memory Range: ibm,sbe-comm RangeType 0x1 RangeId 0x0 StartAddress 0x80002017FD380000 EndAddress 0x80002017FD38FFFF
 53.21335|dw-Setting HDAT HB Reserved Memory Range: ibm,sbe-ffdc RangeType 0x1 RangeId 0x0 StartAddress 0x80002017FD370000 EndAddress 0x80002017FD37FFFF
 53.20050|dw-Setting HDAT HB Reserved Memory Range: ibm,sbe-comm RangeType 0x1 RangeId 0x8 StartAddress 0x80002017FD360000 EndAddress 0x80002017FD36FFFF
 53.20054|dw-Setting HDAT HB Reserved Memory Range: ibm,sbe-ffdc RangeType 0x1 RangeId 0x8 StartAddress 0x80002017FD350000 EndAddress 0x80002017FD35FFFF
 53.21970|dw-Setting HDAT HB Reserved Memory Range: ibm,secure-crypt-algo-code RangeType 0x3 RangeId 0x0 StartAddress 0x80002017FD340000 EndAddress 0x80002017FD34FFFF
 53.48240|dw-Setting HDAT HB Reserved Memory Range: OCC RangeType 0x5 RangeId 0x0 StartAddress 0x80002017FD2A0000 EndAddress 0x80002017FD33FFFF
 53.52357|dw-Setting HDAT HB Reserved Memory Range: WOFDATA RangeType 0x5 RangeId 0x0 StartAddress 0x80002017FD1A0000 EndAddress 0x80002017FD29FFFF
 53.52550|dw-Setting HDAT HB Reserved Memory Range: HCODE RangeType 0x5 RangeId 0x0 StartAddress 0x80002017FD130000 EndAddress 0x80002017FD19FFFF
 60.88785|htmgt|OCCs are now running in ACTIVE state
 60.89028|ISTEP 21. 2 - host_verify_hdat
 60.88889|ISTEP 21. 3 - host_start_payload
[   78.074285106,5] OPAL skiboot-v5.8-rc1-pd9d2012 starting...
[   78.074289049,7] initial console log level: memory 7, driver 5
[   78.074291095,6] CPU: P9 generation processor (max 4 threads/core)
[   78.074292962,7] CPU: Boot CPU PIR is 0x0820 PVR is 0x004e1200
[   78.074294980,7] CPU: Initial max PIR set to 0x7fff
[   78.075916803,7] OPAL table: 0x300e4740 .. 0x300e4c80, branch table: 0x30002000
[   78.075921252,7] Assigning physical memory map table for nimbus
[   78.075924331,7] Parsing HDAT...
[   78.075925701,5] SPIRA-S found.
[   78.075928586,6] BMC #0: HW version 3, SW version 2, chip DD1.0
[   78.076133060,4] SENSORS: Duplicate sensor ID : 8
[   78.076293499,4] SENSORS: Duplicate sensor ID : 9
[   78.076295526,6] SP Family is openbmc
[   78.076301473,7] LPC: IOPATH chip id = 0
[   78.076302884,7] LPC: FW BAR       = f0000000
[   78.076304445,7] LPC: MEM BAR      = e0000000
[   78.076305988,7] LPC: IO BAR       = d0010000
[   78.076307564,7] LPC: Internal BAR = c0012000
[   78.076320801,7] LPC UART: base addr = 3f8 (3f8) size = 1 clk = 1843200, baud = 115200
[   78.076323738,7] LPC: BT [0, 0] sms_int: 0, bmc_int: 0
[   78.077128246,5] UART: Using UART at 0x60300d00103f8
[   78.079726892,3] I2C: v2 found, but not supported. Parsing as v1
[   78.080047157,3] I2C: v2 found, but not supported. Parsing as v1
[   78.080732480,5] P9 DD2.00 detected
[   78.080789383,5] CHIP: Chip ID 0000 type: P9N DD2.0
[   78.080840186,5] P9 DD2.00 detected
[   78.080873866,5] CHIP: Chip ID 0008 type: P9N DD2.0
[   78.081219125,5] SLW: Enabling: stop0_lite
[   78.081271510,5] SLW: Enabling: stop0
[   78.081442750,5] PLAT: Using virtual UART
[   78.081668155,7] LPC: Routing irq 9, policy: 0 (r=1)
[   78.081670087,7] LPC: SerIRQ 9 using route 0 targetted at OPAL
[   78.081883200,5] PLAT: Detected Witherspoon platform
[   78.081945959,5] PLAT: Detected BMC platform OpenBMC
[   78.122786847,5] CPU: All 176 processors called in...
[   78.130396023,7] XIVE[CPU 0845] Initialized TMA (VP: 1/c5 W01=0000000000000000)
[    2.342962504,5] FLASH: Found system flash:  id:0
[    2.343621639,5] BT: Interface initialized, IO 0x00e4
[    2.346015188,7] LPC: Routing irq 10, policy: 0 (r=1)
[    2.346016963,7] LPC: SerIRQ 10 using route 1 targetted at OPAL
[    3.504540796,5] NVRAM: Size is 576 KB
[    5.207419206,5] STB: secure and trusted boot not supported
[    5.207419352,7] LPC-MBOX: Sending BMC interrupt
[    5.207544927,5] OPAL: Using OPAL UART console
[    5.207593845,7] LPC: Routing irq 4, policy: 0 (r=1)
[    5.207595326,7] LPC: SerIRQ 4 using route 2 targetted at OPAL
[    5.209027697,5] VAS: Initialized chip 0
[    5.210054938,5] VAS: Initialized chip 8
[    5.210256790,5] Found ibm,power9-nx
[    5.210309377,3] NX0: DMA VAS MMIO BAR, 0x0006019100000000, xcfg 0x201105e
[    5.210434286,5] Found ibm,power9-nx
[    5.210474108,3] NX8: DMA VAS MMIO BAR, 0x0006219100000000, xcfg 0x201105e
[    6.339191270,3] FLASH: flash subpartition not found.
[    6.339254144,3] FLASH: Failed to parse subpart info for CAPP
[    6.341595332,3] CAPP: Error loading ucode lid. index=200d1
[    6.365840356,5] PCI: Resetting PHBs and training links...
[    7.399990567,5] PCI: Probing slots...
[    7.456369122,3] PCI: built-in device not found:  (loc: 100)
[    7.459320168,7] MBOX-FLASH: Adjusting the window
[    7.459324852,7] LPC-MBOX: Sending BMC interrupt
[    7.460812104,3] PCI: built-in device not found: GPU0 down (loc: 250)
[    7.464436797,3] PCI: built-in device not found: GPU0 (loc: 400)
[    7.465669542,3] PCI: built-in device not found: GPU1 down (loc: 258)
[    7.468095196,3] PCI: built-in device not found: GPU1 (loc: 500)
[    7.470516541,3] PCI: built-in device not found: GPU2 down (loc: 260)
[    7.474133257,3] PCI: built-in device not found: GPU2 (loc: 600)
[    7.477754275,3] PCI: built-in device not found:  (loc: 100)
[    7.481362757,3] PCI: built-in device not found: GPU3 down (loc: 220)
[    7.482609853,3] PCI: built-in device not found: GPU3 (loc: 300)
[    7.482664128,3] PCI: built-in device not found: GPU4 down (loc: 228)
[    7.482712763,3] PCI: built-in device not found: GPU4 (loc: 400)
[    7.482761824,3] PCI: built-in device not found: GPU5 down (loc: 268)
[    7.482797828,3] PCI: built-in device not found: GPU5 (loc: 500)
[    7.482843243,5] PHB#0000:00:00.0 [ROOT] 1014 04c1 R:00 C:060400 B:00..00 
[    7.482902105,5] PHB#0001:00:00.0 [ROOT] 1014 04c1 R:00 C:060400 B:01..01 
[    7.482963173,5] PHB#0001:01:00.0 [EP  ] 104c 8241 R:02 C:0c0330 (      usb-xhci) 
[    7.483022578,5] PHB#0002:00:00.0 [ROOT] 1014 04c1 R:00 C:060400 B:01..02 
[    7.483083039,5] PHB#0002:01:00.0 [ETOX] 1a03 1150 R:04 C:060400 B:02..02 
[    7.483143100,5] PHB#0002:02:00.0 [PCID] 1a03 2000 R:41 C:030000 (           vga) 
[    7.483194747,5] PHB#0003:00:00.0 [ROOT] 1014 04c1 R:00 C:060400 B:00..00 
[    7.483247874,5] PHB#0004:00:00.0 [ROOT] 1014 04c1 R:00 C:060400 B:01..06 
[    7.483304965,5] PHB#0004:01:00.0 [SWUP] 10b5 8725 R:ca C:060400 B:02..06 
[    7.483406006,5] PHB#0004:02:02.0 [SWDN] 10b5 8725 R:ca C:060400 B:03..03 SLOT=S000403 
[    7.483479881,5] PHB#0004:03:00.0 [LGCY] 1b4b 9235 R:11 C:010601 (          sata) LOC_CODE=S000403
[    7.483559622,5] PHB#0004:02:0a.0 [SWDN] 10b5 8725 R:ca C:060400 B:04..04 SLOT=GPU0 down 
[    7.483629393,5] PHB#0004:02:0b.0 [SWDN] 10b5 8725 R:ca C:060400 B:05..05 SLOT=GPU1 down 
[    7.483706641,5] PHB#0004:02:0c.0 [SWDN] 10b5 8725 R:ca C:060400 B:06..06 SLOT=GPU2 down 
[    7.483776113,5] PHB#0004:01:00.1 [EP  ] 10b5 87d0 R:ca C:088000 (system-peripheral) 
[    7.483844569,5] PHB#0004:01:00.2 [EP  ] 10b5 87d0 R:ca C:088000 (system-peripheral) 
[    7.483905120,5] PHB#0004:01:00.3 [EP  ] 10b5 87d0 R:ca C:088000 (system-peripheral) 
[    7.483968762,5] PHB#0004:01:00.4 [EP  ] 10b5 87d0 R:ca C:088000 (system-peripheral) 
[    7.484021835,5] PHB#0005:00:00.0 [ROOT] 1014 04c1 R:00 C:060400 B:01..01 
[    7.484076881,5] PHB#0005:01:00.0 [EP  ] 14e4 1657 R:01 C:020000 (      ethernet) 
[    7.484138648,5] PHB#0005:01:00.1 [EP  ] 14e4 1657 R:01 C:020000 (      ethernet) 
[    7.484203586,5] PHB#0006:00:00.0 [EP  ] 1014 04ea R:01 C:060400 (           pci) SLOT=GPU0 
[    7.484266585,5] PHB#0006:00:00.1 [EP  ] 1014 04ea R:01 C:060400 (           pci) SLOT=GPU0 
[    7.484336978,5] PHB#0006:00:01.0 [EP  ] 1014 04ea R:01 C:060400 (           pci) SLOT=GPU1 
[    7.484410231,5] PHB#0006:00:01.1 [EP  ] 1014 04ea R:01 C:060400 (           pci) SLOT=GPU1 
[    7.484485632,5] PHB#0006:00:02.0 [EP  ] 1014 04ea R:01 C:060400 (           pci) SLOT=GPU2 
[    7.484558775,5] PHB#0006:00:02.1 [EP  ] 1014 04ea R:01 C:060400 (           pci) SLOT=GPU2 
[    7.484637011,5] PHB#0007:00:00.0 [EP  ] 1014 04ea R:01 C:060400 (           pci) SLOT=GPU3 
[    7.484699639,5] PHB#0007:00:00.1 [EP  ] 1014 04ea R:01 C:060400 (           pci) SLOT=GPU3 
[    7.484769773,5] PHB#0007:00:01.0 [EP  ] 1014 04ea R:01 C:060400 (           pci) SLOT=GPU4 
[    7.484845162,5] PHB#0007:00:01.1 [EP  ] 1014 04ea R:01 C:060400 (           pci) SLOT=GPU4 
[    7.484918199,5] PHB#0007:00:02.0 [EP  ] 1014 04ea R:01 C:060400 (           pci) SLOT=GPU5 
[    7.484986374,5] PHB#0007:00:02.1 [EP  ] 1014 04ea R:01 C:060400 (           pci) SLOT=GPU5 
[    7.485041227,5] PHB#0030:00:00.0 [ROOT] 1014 04c1 R:00 C:060400 B:00..00 
[    7.485099357,5] PHB#0033:00:00.0 [ROOT] 1014 04c1 R:00 C:060400 B:00..00 
[    7.485173508,5] PHB#0034:00:00.0 [ROOT] 1014 04c1 R:00 C:060400 B:00..00 
[    7.485236264,5] PHB#0035:00:00.0 [ROOT] 1014 04c1 R:00 C:060400 B:01..08 
[    7.485295782,5] PHB#0035:01:00.0 [SWUP] 10b5 8725 R:ca C:060400 B:02..08 
[    7.485367245,5] PHB#0035:02:08.0 [SWDN] 10b5 8725 R:ca C:060400 B:03..07 
[    7.485430113,5] PHB#0035:02:0d.0 [SWDN] 10b5 8725 R:ca C:060400 B:08..08 SLOT=GPU5 down 
[   17.195741482,5] IPMI: Resetting boot count on successful boot
[   17.195803464,5] INIT: Waiting for kernel...
[   17.195845765,5] INIT: 64-bit LE kernel discovered
[   17.195891074,5] OCC: All Chip Rdy after 0 ms
[   17.238761745,5] INIT: Starting kernel at 0x20011000, fdt at 0x30957bc8 349535 bytes)
[   18.200738522,5] OPAL: Switch to little-endian OS
[    0.000000] opal: OPAL detected !
[    0.000000] OF: reserved mem: not enough space all defined regions.
[    0.000000] OF: reserved mem: not enough space all defined regions.
[    0.000000] OF: reserved mem: not enough space all defined regions.
[    0.000000] Page sizes from device-tree:
[    0.000000] Page size shift = 12 AP=0x0
[    0.000000] Page size shift = 16 AP=0x5
[    0.000000] Page size shift = 21 AP=0x1
[    0.000000] Page size shift = 30 AP=0x2
[    0.000000] Initializing Radix MMU
[    0.000000] Partition table c0002017ff7f0000
[    0.000000] Mapped range 0x0 - 0x2000000000 with 0x40000000
[    0.000000] Mapped range 0x200000000000 - 0x200c00000000 with 0x40000000
[    0.000000] Mapped range 0x201000000000 - 0x201800000000 with 0x40000000
[    0.000000] Process table c0002017fe800000 and radix root for kernel: c000000001440000
[    0.000000] Linux version 4.12.8-openpower1 (fspbld@gfwa610.aus.stglabs.ibm.com) (gcc version 6.3.0 (Buildroot 2017.05.2-00163-g8035745) ) #2 SMP Wed Aug 30 16:46:19 CDT 2017
[    0.000000] OPAL: Found memory mapped LPC bus on chip 0
[    0.000000] Using PowerNV machine description
[    0.000000] bootconsole [udbg0] enabled
[    0.000000] CPU maps initialized for 4 threads per core
 -> smp_release_cpus()
spinning_secondaries = 175
 <- smp_release_cpus()
[    0.000000] -----------------------------------------------------
[    0.000000] ppc64_pft_size    = 0x0
[    0.000000] phys_mem_size     = 0x3400000000
[    0.000000] dcache_bsize      = 0x80
[    0.000000] icache_bsize      = 0x80
[    0.000000] cpu_features      = 0x075c7afd18500249
[    0.000000]   possible        = 0x5f7fffff18500649
[    0.000000]   always          = 0x0000000018100040
[    0.000000] cpu_user_features = 0xdc0065c2 0xaee00000
[    0.000000] mmu_features      = 0x3c006041
[    0.000000] firmware_features = 0x0000000010000000
[    0.000000] -----------------------------------------------------
[    0.000000] numa:   NODE_DATA [mem 0x1fffff6700-0x1fffffffff]
[    0.000000] numa:   NODE_DATA [mem 0x2017ff6e2700-0x2017ff6ebfff]
[    0.000000] numa:   NODE_DATA [mem 0x2017ff6a6700-0x2017ff6affff]
[    0.000000] numa:     NODE_DATA(250) on node 8
[    0.000000] numa:   NODE_DATA [mem 0x2017ff69ce00-0x2017ff6a66ff]
[    0.000000] numa:     NODE_DATA(251) on node 8
[    0.000000] numa:   NODE_DATA [mem 0x2017ff693500-0x2017ff69cdff]
[    0.000000] numa:     NODE_DATA(252) on node 8
[    0.000000] numa:   NODE_DATA [mem 0x2017ff689c00-0x2017ff6934ff]
[    0.000000] numa:     NODE_DATA(253) on node 8
[    0.000000] numa:   NODE_DATA [mem 0x2017ff680300-0x2017ff689bff]
[    0.000000] numa:     NODE_DATA(254) on node 8
[    0.000000] numa:   NODE_DATA [mem 0x2017ff676a00-0x2017ff6802ff]
[    0.000000] numa:     NODE_DATA(255) on node 8
[    0.000000] Initializing IODA2 PHB (/pciex@600c3c0000000)
[    0.000000] PCI host bridge /pciex@600c3c0000000 (primary) ranges:
[    0.000000]  MEM 0x000600c000000000..0x000600c07ffeffff -> 0x0000000080000000 
[    0.000000]  MEM 0x0006000000000000..0x0006003fffffffff -> 0x0006000000000000 (M64 #1..31)
[    0.000000]  Using M64 #31 as default window
[    0.000000]   512 (511) PE's M32: 0x80000000 [segment=0x400000]
[    0.000000]                  M64: 0x4000000000 [segment=0x20000000]
[    0.000000]   Allocated bitmap for 4088 MSIs (base IRQ 0xfe000)
[    0.000000] Initializing IODA2 PHB (/pciex@600c3c0100000)
[    0.000000] PCI host bridge /pciex@600c3c0100000  ranges:
[    0.000000]  MEM 0x000600c080000000..0x000600c0fffeffff -> 0x0000000080000000 
[    0.000000]  MEM 0x0006004000000000..0x0006007fffffffff -> 0x0006004000000000 (M64 #1..15)
[    0.000000]  Using M64 #15 as default window
[    0.000000]   256 (255) PE's M32: 0x80000000 [segment=0x800000]
[    0.000000]                  M64: 0x4000000000 [segment=0x40000000]
[    0.000000]   Allocated bitmap for 2040 MSIs (base IRQ 0xfd800)
[    0.000000] Initializing IODA2 PHB (/pciex@600c3c0200000)
[    0.000000] PCI host bridge /pciex@600c3c0200000  ranges:
[    0.000000]  MEM 0x000600c100000000..0x000600c17ffeffff -> 0x0000000080000000 
[    0.000000]  MEM 0x0006008000000000..0x000600bfffffffff -> 0x0006008000000000 (M64 #1..15)
[    0.000000]  Using M64 #15 as default window
[    0.000000]   256 (255) PE's M32: 0x80000000 [segment=0x800000]
[    0.000000]                  M64: 0x4000000000 [segment=0x40000000]
[    0.000000]   Allocated bitmap for 2040 MSIs (base IRQ 0xfd000)
[    0.000000] Initializing IODA2 PHB (/pciex@600c3c0300000)
[    0.000000] PCI host bridge /pciex@600c3c0300000  ranges:
[    0.000000]  MEM 0x000600c180000000..0x000600c1fffeffff -> 0x0000000080000000 
[    0.000000]  MEM 0x0006020000000000..0x0006023fffffffff -> 0x0006020000000000 (M64 #1..31)
[    0.000000]  Using M64 #31 as default window
[    0.000000]   512 (511) PE's M32: 0x80000000 [segment=0x400000]
[    0.000000]                  M64: 0x4000000000 [segment=0x20000000]
[    0.000000]   Allocated bitmap for 4088 MSIs (base IRQ 0xfc000)
[    0.000000] Initializing IODA2 PHB (/pciex@600c3c0400000)
[    0.000000] PCI host bridge /pciex@600c3c0400000  ranges:
[    0.000000]  MEM 0x000600c200000000..0x000600c27ffeffff -> 0x0000000080000000 
[    0.000000]  MEM 0x0006024000000000..0x0006027fffffffff -> 0x0006024000000000 (M64 #1..15)
[    0.000000]  Using M64 #15 as default window
[    0.000000]   256 (255) PE's M32: 0x80000000 [segment=0x800000]
[    0.000000]                  M64: 0x4000000000 [segment=0x40000000]
[    0.000000]   Allocated bitmap for 2040 MSIs (base IRQ 0xfb800)
[    0.000000] Initializing IODA2 PHB (/pciex@600c3c0500000)
[    0.000000] PCI host bridge /pciex@600c3c0500000  ranges:
[    0.000000]  MEM 0x000600c280000000..0x000600c2fffeffff -> 0x0000000080000000 
[    0.000000]  MEM 0x0006028000000000..0x000602bfffffffff -> 0x0006028000000000 (M64 #1..15)
[    0.000000]  Using M64 #15 as default window
[    0.000000]   256 (255) PE's M32: 0x80000000 [segment=0x800000]
[    0.000000]                  M64: 0x4000000000 [segment=0x40000000]
[    0.000000]   Allocated bitmap for 2040 MSIs (base IRQ 0xfb000)
[    0.000000] Initializing IODA2 PHB (/pciex@620c3c0000000)
[    0.000000] PCI host bridge /pciex@620c3c0000000  ranges:
[    0.000000]  MEM 0x000620c000000000..0x000620c07ffeffff -> 0x0000000080000000 
[    0.000000]  MEM 0x0006200000000000..0x0006203fffffffff -> 0x0006200000000000 (M64 #1..31)
[    0.000000]  Using M64 #31 as default window
[    0.000000]   512 (511) PE's M32: 0x80000000 [segment=0x400000]
[    0.000000]                  M64: 0x4000000000 [segment=0x20000000]
[    0.000000]   Allocated bitmap for 4088 MSIs (base IRQ 0x1fe000)
[    0.000000] Initializing IODA2 PHB (/pciex@620c3c0300000)
[    0.000000] PCI host bridge /pciex@620c3c0300000  ranges:
[    0.000000]  MEM 0x000620c180000000..0x000620c1fffeffff -> 0x0000000080000000 
[    0.000000]  MEM 0x0006220000000000..0x0006223fffffffff -> 0x0006220000000000 (M64 #1..31)
[    0.000000]  Using M64 #31 as default window
[    0.000000]   512 (511) PE's M32: 0x80000000 [segment=0x400000]
[    0.000000]                  M64: 0x4000000000 [segment=0x20000000]
[    0.000000]   Allocated bitmap for 4088 MSIs (base IRQ 0x1fd000)
[    0.000000] Initializing IODA2 PHB (/pciex@620c3c0400000)
[    0.000000] PCI host bridge /pciex@620c3c0400000  ranges:
[    0.000000]  MEM 0x000620c200000000..0x000620c27ffeffff -> 0x0000000080000000 
[    0.000000]  MEM 0x0006224000000000..0x0006227fffffffff -> 0x0006224000000000 (M64 #1..15)
[    0.000000]  Using M64 #15 as default window
[    0.000000]   256 (255) PE's M32: 0x80000000 [segment=0x800000]
[    0.000000]                  M64: 0x4000000000 [segment=0x40000000]
[    0.000000]   Allocated bitmap for 2040 MSIs (base IRQ 0x1fc800)
[    0.000000] Initializing IODA2 PHB (/pciex@620c3c0500000)
[    0.000000] PCI host bridge /pciex@620c3c0500000  ranges:
[    0.000000]  MEM 0x000620c280000000..0x000620c2fffeffff -> 0x0000000080000000 
[    0.000000]  MEM 0x0006228000000000..0x000622bfffffffff -> 0x0006228000000000 (M64 #1..15)
[    0.000000]  Using M64 #15 as default window
[    0.000000]   256 (255) PE's M32: 0x80000000 [segment=0x800000]
[    0.000000]                  M64: 0x4000000000 [segment=0x40000000]
[    0.000000]   Allocated bitmap for 2040 MSIs (base IRQ 0x1fc000)
[    0.000000] Initializing NPU PHB (/pciex@6030200000000)
[    0.000000] PCI host bridge /pciex@6030200000000  ranges:
[    0.000000]  MEM 0x0006030201600000..0x000603020171ffff -> 0x0006030201600000 
[    0.000000]   Not support M64 window
[    0.000000]   016 (015) PE's M32: 0x130000 [segment=0x13000]
[    0.000000] Initializing NPU PHB (/pciex@6230200000000)
[    0.000000] PCI host bridge /pciex@6230200000000  ranges:
[    0.000000]  MEM 0x0006230201600000..0x000623020171ffff -> 0x0006230201600000 
[    0.000000]   Not support M64 window
[    0.000000]   016 (015) PE's M32: 0x130000 [segment=0x13000]
[    0.000000] OPAL nvram setup, 589824 bytes
[    0.000000] Zone ranges:
[    0.000000]   DMA      [mem 0x0000000000000000-0x00002017ffffffff]
[    0.000000]   DMA32    empty
[    0.000000]   Normal   empty
[    0.000000] Movable zone start for each node
[    0.000000] Early memory node ranges
[    0.000000]   node   0: [mem 0x0000000000000000-0x0000001fffffffff]
[    0.000000]   node   8: [mem 0x0000200000000000-0x0000200bffffffff]
[    0.000000]   node   8: [mem 0x0000201000000000-0x00002017ffffffff]
[    0.000000] Initmem setup node 0 [mem 0x0000000000000000-0x0000001fffffffff]
[    0.000000] Initmem setup node 8 [mem 0x0000200000000000-0x00002017ffffffff]
[    0.000000] Could not find start_pfn for node 250
[    0.000000] Initmem setup node 250 [mem 0x0000000000000000-0x0000000000000000]
[    0.000000] Could not find start_pfn for node 251
[    0.000000] Initmem setup node 251 [mem 0x0000000000000000-0x0000000000000000]
[    0.000000] Could not find start_pfn for node 252
[    0.000000] Initmem setup node 252 [mem 0x0000000000000000-0x0000000000000000]
[    0.000000] Could not find start_pfn for node 253
[    0.000000] Initmem setup node 253 [mem 0x0000000000000000-0x0000000000000000]
[    0.000000] Could not find start_pfn for node 254
[    0.000000] Initmem setup node 254 [mem 0x0000000000000000-0x0000000000000000]
[    0.000000] Could not find start_pfn for node 255
[    0.000000] Initmem setup node 255 [mem 0x0000000000000000-0x0000000000000000]
[    0.000000] percpu: Embedded 2 pages/cpu @c000001ff84b0000 s67992 r0 d63080 u131072
[    0.000000] Built 8 zonelists in Node order, mobility grouping on.  Total pages: 3404960
[    0.000000] Policy zone: DMA
[    0.000000] Kernel command line: console=tty0 console=hvc0 powersave=off
[    0.000000] log_buf_len individual max cpu contribution: 4096 bytes
[    0.000000] log_buf_len total cpu_extra contributions: 716800 bytes
[    0.000000] log_buf_len min size: 1048576 bytes
[    0.000000] log_buf_len: 2097152 bytes
[    0.000000] early log buf free: 1033784(98%)
[    0.000000] PID hash table entries: 4096 (order: -1, 32768 bytes)
[    0.000000] Memory: 217623296K/218103808K available (6208K kernel code, 1088K rwdata, 1968K rodata, 11456K init, 1693K bss, 480512K reserved, 0K cma-reserved)
[    0.000000] SLUB: HWalign=128, Order=0-3, MinObjects=0, CPUs=176, Nodes=256
[    0.000000] Hierarchical RCU implementation.
[    0.000000] 	RCU debugfs-based tracing is enabled.
[    0.000000] 	RCU restricting CPUs from NR_CPUS=2048 to nr_cpu_ids=176.
[    0.000000] RCU: Adjusting geometry for rcu_fanout_leaf=16, nr_cpu_ids=176
[    0.000000] NR_IRQS:512 nr_irqs:512 16
[    0.000000] xive: VP block alloc, for max VCPUs 176 use order 8
[    0.000000] xive: Interrupt handling intialized with native backend
[    0.000000] xive: Using priority 7 for all interrupts
[    0.000000] xive: Using 64kB queues
[    0.000004] time_init: 56 bit decrementer (max: 7fffffffffffff)
[    0.000229] clocksource: timebase: mask: 0xffffffffffffffff max_cycles: 0x761537d007, max_idle_ns: 440795202126 ns
[    0.000599] clocksource: timebase mult[1f40000] shift[24] registered
[    0.001086] Console: colour dummy device 80x25
[    0.003688] console [tty0] enabled
[    0.003835] console [hvc0] enabled
[    0.003835] console [hvc0] enabled
[    0.004029] bootconsole [udbg0] disabled
[    0.004029] bootconsole [udbg0] disabled
[    0.004685] pid_max: default: 180224 minimum: 1408
[    0.006107] Security Framework initialized
[    0.009507] Dentry cache hash table entries: 33554432 (order: 12, 268435456 bytes)
[    0.098794] Inode-cache hash table entries: 16777216 (order: 11, 134217728 bytes)
[    0.164155] Mount-cache hash table entries: 524288 (order: 6, 4194304 bytes)
[    0.164372] Mountpoint-cache hash table entries: 524288 (order: 6, 4194304 bytes)
[    0.169939] EEH: PowerNV platform initialized
[    0.170050] POWER9 performance monitor hardware support registered
[    0.171541] smp: Bringing up secondary CPUs ...
[    0.651286] smp: Brought up 8 nodes, 176 CPUs
[    0.651473] numa: Node 0 CPUs: 0-87
[    0.651555] numa: Node 8 CPUs: 88-175
[    0.651627] numa: Node 250 CPUs:
[    0.651700] numa: Node 251 CPUs:
[    0.651762] numa: Node 252 CPUs:
[    0.651824] numa: Node 253 CPUs:
[    0.651891] numa: Node 254 CPUs:
[    0.651953] numa: Node 255 CPUs:
[    0.670243] devtmpfs: initialized
[    0.684458] evm: security.capability
[    0.685192] clocksource: jiffies: mask: 0xffffffff max_cycles: 0xffffffff, max_idle_ns: 19112604462750000 ns
[    0.685483] futex hash table entries: 65536 (order: 7, 8388608 bytes)
[    0.687230] NET: Registered protocol family 16
[    0.687913] cpuidle: using governor menu
[   21.396827692,3] LPC: Got LPC reset on chip 0x0 !
[   21.396831661,3] LPC[000]: Unknown LPC error Error address reg: 0x00000000
[   21.396842012,6] IPMI: dropping non severe PEL event
[    0.747943] PCI: Probing PCI hardware
[    0.748074] PCI host bridge to bus 0000:00
[    0.748174] pci_bus 0000:00: root bus resource [mem 0x600c000000000-0x600c07ffeffff] (bus address [0x80000000-0xfffeffff])
[    0.748347] pci_bus 0000:00: root bus resource [mem 0x6000000000000-0x6003fbfffffff 64bit pref]
[    0.748493] pci_bus 0000:00: root bus resource [bus 00-ff]
[    0.748700] pci 0000:00:00.0: Disabling memory decoding and releasing memory resources.
[    0.748832] pci 0000:00:00.0: disabling bridge mem windows
[    0.749090] pci 0000:00:00.0: bridge configuration invalid ([bus 00-00]), reconfiguring
[    0.749303] pci 0000:00:00.0: PCI bridge to [bus 01-ff]
[    0.749459] PCI host bridge to bus 0001:00
[    0.749533] pci_bus 0001:00: root bus resource [mem 0x600c080000000-0x600c0fffeffff] (bus address [0x80000000-0xfffeffff])
[    0.749709] pci_bus 0001:00: root bus resource [mem 0x6004000000000-0x6007f7fffffff 64bit pref]
[    0.749835] pci_bus 0001:00: root bus resource [bus 00-ff]
[    0.750022] pci 0001:00:00.0: Disabling memory decoding and releasing memory resources.
[    0.750160] pci 0001:00:00.0: disabling bridge mem windows
[    0.750617] pci 0001:01:00.0: Disabling memory decoding and releasing memory resources.
[    0.750729] pci 0001:01:00.0: BAR2 [mem size 0x00002000 64bit]: requesting alignment to 0x10000
[    0.751074] pci 0001:00:00.0: PCI bridge to [bus 01]
[    0.751299] PCI host bridge to bus 0002:00
[    0.751371] pci_bus 0002:00: root bus resource [mem 0x600c100000000-0x600c17ffeffff] (bus address [0x80000000-0xfffeffff])
[    0.751531] pci_bus 0002:00: root bus resource [mem 0x6008000000000-0x600bf7fffffff 64bit pref]
[    0.751684] pci_bus 0002:00: root bus resource [bus 00-ff]
[    0.751869] pci 0002:00:00.0: Disabling memory decoding and releasing memory resources.
[    0.752000] pci 0002:00:00.0: disabling bridge mem windows
[    0.752439] pci 0002:01:00.0: Disabling memory decoding and releasing memory resources.
[    0.752577] pci 0002:01:00.0: disabling bridge mem windows
[    0.752859] pci 0002:00:00.0: PCI bridge to [bus 01-02]
[    0.753244] pci 0002:02:00.0: Disabling memory decoding and releasing memory resources.
[    0.753532] pci 0002:01:00.0: PCI bridge to [bus 02]
[    0.753722] PCI host bridge to bus 0003:00
[    0.753794] pci_bus 0003:00: root bus resource [mem 0x600c180000000-0x600c1fffeffff] (bus address [0x80000000-0xfffeffff])
[    0.753968] pci_bus 0003:00: root bus resource [mem 0x6020000000000-0x6023fbfffffff 64bit pref]
[    0.754114] pci_bus 0003:00: root bus resource [bus 00-ff]
[    0.754301] pci 0003:00:00.0: Disabling memory decoding and releasing memory resources.
[    0.754437] pci 0003:00:00.0: disabling bridge mem windows
[    0.754680] pci 0003:00:00.0: bridge configuration invalid ([bus 00-00]), reconfiguring
[    0.754889] pci 0003:00:00.0: PCI bridge to [bus 01-ff]
[    0.755035] PCI host bridge to bus 0004:00
[    0.755107] pci_bus 0004:00: root bus resource [mem 0x600c200000000-0x600c27ffeffff] (bus address [0x80000000-0xfffeffff])
[    0.755292] pci_bus 0004:00: root bus resource [mem 0x6024000000000-0x6027f7fffffff 64bit pref]
[    0.755445] pci_bus 0004:00: root bus resource [bus 00-ff]
[    0.755631] pci 0004:00:00.0: Disabling memory decoding and releasing memory resources.
[    0.755768] pci 0004:00:00.0: disabling bridge mem windows
[    0.756206] pci 0004:01:00.0: Disabling memory decoding and releasing memory resources.
[    0.756342] pci 0004:01:00.0: disabling bridge mem windows
[    0.756841] pci 0004:01:00.1: Disabling memory decoding and releasing memory resources.
[    0.756977] pci 0004:01:00.1: BAR0 [mem size 0x00002000]: requesting alignment to 0x10000
[    0.757438] pci 0004:01:00.2: Disabling memory decoding and releasing memory resources.
[    0.757579] pci 0004:01:00.2: BAR0 [mem size 0x00002000]: requesting alignment to 0x10000
[    0.758025] pci 0004:01:00.3: Disabling memory decoding and releasing memory resources.
[    0.758166] pci 0004:01:00.3: BAR0 [mem size 0x00002000]: requesting alignment to 0x10000
[    0.758631] pci 0004:01:00.4: Disabling memory decoding and releasing memory resources.
[    0.758771] pci 0004:01:00.4: BAR0 [mem size 0x00002000]: requesting alignment to 0x10000
[    0.758827] random: fast init done
[    0.759136] pci 0004:00:00.0: PCI bridge to [bus 01-06]
[    0.759626] pci 0004:02:02.0: Disabling memory decoding and releasing memory resources.
[    0.759766] pci 0004:02:02.0: disabling bridge mem windows
[    0.760214] pci 0004:02:0a.0: Disabling memory decoding and releasing memory resources.
[    0.760328] pci 0004:02:0a.0: disabling bridge mem windows
[    0.760764] pci 0004:02:0b.0: Disabling memory decoding and releasing memory resources.
[    0.760887] pci 0004:02:0b.0: disabling bridge mem windows
[    0.761330] pci 0004:02:0c.0: Disabling memory decoding and releasing memory resources.
[    0.761470] pci 0004:02:0c.0: disabling bridge mem windows
[    0.761781] pci 0004:01:00.0: PCI bridge to [bus 02-06]
[    0.763423] pci 0004:03:00.0: Disabling memory decoding and releasing memory resources.
[    0.763565] pci 0004:03:00.0: BAR5 [mem size 0x00000800]: requesting alignment to 0x10000
[    0.763871] pci 0004:02:02.0: PCI bridge to [bus 03]
[    0.764081] pci 0004:02:0a.0: PCI bridge to [bus 04]
[    0.764267] pci 0004:02:0b.0: PCI bridge to [bus 05]
[    0.764460] pci 0004:02:0c.0: PCI bridge to [bus 06]
[    0.764668] PCI host bridge to bus 0005:00
[    0.764740] pci_bus 0005:00: root bus resource [mem 0x600c280000000-0x600c2fffeffff] (bus address [0x80000000-0xfffeffff])
[    0.764912] pci_bus 0005:00: root bus resource [mem 0x6028000000000-0x602bf7fffffff 64bit pref]
[    0.765054] pci_bus 0005:00: root bus resource [bus 00-ff]
[    0.765239] pci 0005:00:00.0: Disabling memory decoding and releasing memory resources.
[    0.765372] pci 0005:00:00.0: disabling bridge mem windows
[    0.765839] pci 0005:01:00.0: Disabling memory decoding and releasing memory resources.
[    0.766373] pci 0005:01:00.1: Disabling memory decoding and releasing memory resources.
[    0.766729] pci 0005:00:00.0: PCI bridge to [bus 01]
[    0.766961] PCI host bridge to bus 0030:00
[    0.767032] pci_bus 0030:00: root bus resource [mem 0x620c000000000-0x620c07ffeffff] (bus address [0x80000000-0xfffeffff])
[    0.767210] pci_bus 0030:00: root bus resource [mem 0x6200000000000-0x6203fbfffffff 64bit pref]
[    0.767356] pci_bus 0030:00: root bus resource [bus 00-ff]
[    0.767521] pci 0030:00:00.0: Disabling memory decoding and releasing memory resources.
[    0.767661] pci 0030:00:00.0: disabling bridge mem windows
[    0.767880] pci 0030:00:00.0: bridge configuration invalid ([bus 00-00]), reconfiguring
[    0.768080] pci 0030:00:00.0: PCI bridge to [bus 01-ff]
[    0.768209] PCI host bridge to bus 0033:00
[    0.768281] pci_bus 0033:00: root bus resource [mem 0x620c180000000-0x620c1fffeffff] (bus address [0x80000000-0xfffeffff])
[    0.768464] pci_bus 0033:00: root bus resource [mem 0x6220000000000-0x6223fbfffffff 64bit pref]
[    0.768606] pci_bus 0033:00: root bus resource [bus 00-ff]
[    0.768768] pci 0033:00:00.0: Disabling memory decoding and releasing memory resources.
[    0.768903] pci 0033:00:00.0: disabling bridge mem windows
[    0.769122] pci 0033:00:00.0: bridge configuration invalid ([bus 00-00]), reconfiguring
[    0.769322] pci 0033:00:00.0: PCI bridge to [bus 01-ff]
[    0.769464] PCI host bridge to bus 0034:00
[    0.769526] pci_bus 0034:00: root bus resource [mem 0x620c200000000-0x620c27ffeffff] (bus address [0x80000000-0xfffeffff])
[    0.769702] pci_bus 0034:00: root bus resource [mem 0x6224000000000-0x6227f7fffffff 64bit pref]
[    0.769852] pci_bus 0034:00: root bus resource [bus 00-ff]
[    0.770020] pci 0034:00:00.0: Disabling memory decoding and releasing memory resources.
[    0.770159] pci 0034:00:00.0: disabling bridge mem windows
[    0.770373] pci 0034:00:00.0: bridge configuration invalid ([bus 00-00]), reconfiguring
[    0.770570] pci 0034:00:00.0: PCI bridge to [bus 01-ff]
[    0.770712] PCI host bridge to bus 0035:00
[    0.770786] pci_bus 0035:00: root bus resource [mem 0x620c280000000-0x620c2fffeffff] (bus address [0x80000000-0xfffeffff])
[    0.770966] pci_bus 0035:00: root bus resource [mem 0x6228000000000-0x622bf7fffffff 64bit pref]
[    0.771120] pci_bus 0035:00: root bus resource [bus 00-ff]
[    0.771284] pci 0035:00:00.0: Disabling memory decoding and releasing memory resources.
[    0.771422] pci 0035:00:00.0: disabling bridge mem windows
[    0.771787] pci 0035:01:00.0: Disabling memory decoding and releasing memory resources.
[    0.771920] pci 0035:01:00.0: disabling bridge mem windows
[    0.772218] pci 0035:00:00.0: PCI bridge to [bus 01-08]
[    0.772547] pci 0035:02:08.0: Disabling memory decoding and releasing memory resources.
[    0.772686] pci 0035:02:08.0: disabling bridge mem windows
[    0.773069] pci 0035:02:0d.0: Disabling memory decoding and releasing memory resources.
[    0.773208] pci 0035:02:0d.0: disabling bridge mem windows
[    0.773478] pci 0035:01:00.0: PCI bridge to [bus 02-08]
[    0.774410] pci 0035:02:08.0: PCI bridge to [bus 03-07]
[    0.774587] pci 0035:02:0d.0: PCI bridge to [bus 08]
[    0.774760] PCI host bridge to bus 0006:00
[    0.774829] pci_bus 0006:00: root bus resource [mem 0x6030201600000-0x603020171ffff]
[    0.774962] pci_bus 0006:00: root bus resource [bus 00-ff]
[    0.775145] pci 0006:00:00.0: Disabling memory decoding and releasing memory resources.
[    0.775449] pci 0006:00:00.1: Disabling memory decoding and releasing memory resources.
[    0.775756] pci 0006:00:01.0: Disabling memory decoding and releasing memory resources.
[    0.776057] pci 0006:00:01.1: Disabling memory decoding and releasing memory resources.
[    0.776365] pci 0006:00:02.0: Disabling memory decoding and releasing memory resources.
[    0.776670] pci 0006:00:02.1: Disabling memory decoding and releasing memory resources.
[    0.777081] PCI host bridge to bus 0007:00
[    0.777153] pci_bus 0007:00: root bus resource [mem 0x6230201600000-0x623020171ffff]
[    0.777285] pci_bus 0007:00: root bus resource [bus 00-ff]
[    0.777458] pci 0007:00:00.0: Disabling memory decoding and releasing memory resources.
[    0.777752] pci 0007:00:00.1: Disabling memory decoding and releasing memory resources.
[    0.778052] pci 0007:00:01.0: Disabling memory decoding and releasing memory resources.
[    0.778350] pci 0007:00:01.1: Disabling memory decoding and releasing memory resources.
[    0.778653] pci 0007:00:02.0: Disabling memory decoding and releasing memory resources.
[    0.778956] pci 0007:00:02.1: Disabling memory decoding and releasing memory resources.
[    0.779299] pci 0000:00     : [PE# 1fe] Secondary bus 0 associated with PE#1fe
[    0.779730] pci 0000:00:00.0: PCI bridge to [bus 01]
[    0.779855] pci 0001:00:00.0: BAR 8: assigned [mem 0x600c080000000-0x600c0807fffff]
[    0.779990] pci 0001:01:00.0: BAR 0: assigned [mem 0x600c080000000-0x600c08000ffff 64bit]
[    0.780125] pci 0001:01:00.0: BAR 2: assigned [mem 0x600c080010000-0x600c080011fff 64bit]
[    0.780276] pci 0001:00     : [PE# fe] Secondary bus 0 associated with PE#fe
[    0.780693] pci 0001:01     : [PE# fd] Secondary bus 1 associated with PE#fd
[    0.781108] pci 0001:01     : [PE# fd] Setting up 32-bit TCE table at 0..80000000
[    0.787553] IOMMU table initialized, virtual merging enabled
[    0.787650] pci 0001:01     : [PE# fd] Setting up window#0 0..7fffffff pg=1000
[    0.787870] pci 0001:01     : [PE# fd] Enabling 64-bit DMA bypass
[    0.787969] pci 0001:00:00.0: PCI bridge to [bus 01]
[    0.788058] pci 0001:00:00.0:   bridge window [mem 0x600c080000000-0x600c0ffefffff]
[    0.788241] pci 0002:00:00.0: BAR 8: assigned [mem 0x600c100000000-0x600c1017fffff]
[    0.788374] pci 0002:01:00.0: BAR 8: assigned [mem 0x600c100000000-0x600c1017fffff]
[    0.788500] pci 0002:01:00.0: BAR 7: no space for [io  size 0x1000]
[    0.788602] pci 0002:01:00.0: BAR 7: failed to assign [io  size 0x1000]
[    0.788710] pci 0002:02:00.0: BAR 0: assigned [mem 0x600c100000000-0x600c100ffffff]
[    0.788851] pci 0002:02:00.0: BAR 1: assigned [mem 0x600c101000000-0x600c10101ffff]
[    0.788987] pci 0002:02:00.0: BAR 2: no space for [io  size 0x0080]
[    0.789089] pci 0002:02:00.0: BAR 2: failed to assign [io  size 0x0080]
[    0.789193] pci 0002:00     : [PE# fe] Secondary bus 0 associated with PE#fe
[    0.789606] pci 0002:02     : [PE# fd] Secondary bus 2..2 associated with PE#fd
[    0.790031] pci 0002:02     : [PE# fd] Setting up 32-bit TCE table at 0..80000000
[    0.796466] pci 0002:02     : [PE# fd] Setting up window#0 0..7fffffff pg=1000
[    0.796584] pci 0002:02     : [PE# fd] Enabling 64-bit DMA bypass
[    0.796691] pci 0002:01:00.0: PCI bridge to [bus 02]
[    0.796782] pci 0002:01:00.0:   bridge window [mem 0x600c100000000-0x600c17fefffff]
[    0.796930] pci 0002:01     : [PE# fc] Secondary bus 1 associated with PE#fc
[    0.797343] pci 0002:00:00.0: PCI bridge to [bus 01-02]
[    0.797434] pci 0002:00:00.0:   bridge window [mem 0x600c100000000-0x600c17fefffff]
[    0.797573] pci_bus 0002:00: Some PCI device resources are unassigned, try booting with pci=realloc
[    0.797759] pci 0003:00     : [PE# 1fe] Secondary bus 0 associated with PE#1fe
[    0.798180] pci 0003:00:00.0: PCI bridge to [bus 01]
[    0.798392] pci 0004:00:00.0: BAR 9: assigned [mem 0x6024000000000-0x602407fffffff 64bit pref]
[    0.798541] pci 0004:00:00.0: BAR 8: assigned [mem 0x600c200000000-0x600c200ffffff]
[    0.798674] pci 0004:01:00.0: BAR 9: assigned [mem 0x6024000000000-0x602407fffffff 64bit pref]
[    0.798800] pci 0004:01:00.0: BAR 8: assigned [mem 0x600c200000000-0x600c2007fffff]
[    0.798932] pci 0004:01:00.0: BAR 0: assigned [mem 0x600c200800000-0x600c20083ffff]
[    0.799066] pci 0004:01:00.1: BAR 0: assigned [mem 0x600c200840000-0x600c200841fff]
[    0.799204] pci 0004:01:00.2: BAR 0: assigned [mem 0x600c200850000-0x600c200851fff]
[    0.799341] pci 0004:01:00.3: BAR 0: assigned [mem 0x600c200860000-0x600c200861fff]
[    0.799480] pci 0004:01:00.4: BAR 0: assigned [mem 0x600c200870000-0x600c200871fff]
[    0.799615] pci 0004:01:00.0: BAR 7: no space for [io  size 0x1000]
[    0.799721] pci 0004:01:00.0: BAR 7: failed to assign [io  size 0x1000]
[    0.799827] pci 0004:01:00.0: BAR 7: no space for [io  size 0x1000]
[    0.799927] pci 0004:01:00.0: BAR 7: failed to assign [io  size 0x1000]
[    0.800035] pci 0004:02:02.0: BAR 9: assigned [mem 0x6024000000000-0x602403fffffff 64bit pref]
[    0.800178] pci 0004:02:02.0: BAR 8: assigned [mem 0x600c200000000-0x600c2007fffff]
[    0.800309] pci 0004:02:02.0: BAR 7: no space for [io  size 0x1000]
[    0.800411] pci 0004:02:02.0: BAR 7: failed to assign [io  size 0x1000]
[    0.800517] pci 0004:02:02.0: BAR 7: no space for [io  size 0x1000]
[    0.800617] pci 0004:02:02.0: BAR 7: failed to assign [io  size 0x1000]
[    0.800727] pci 0004:03:00.0: BAR 5: assigned [mem 0x600c200000000-0x600c2000007ff]
[    0.800868] pci 0004:03:00.0: BAR 6: assigned [mem 0x600c200010000-0x600c20001ffff pref]
[    0.801007] pci 0004:03:00.0: BAR 4: no space for [io  size 0x0020]
[    0.801113] pci 0004:03:00.0: BAR 4: failed to assign [io  size 0x0020]
[    0.801219] pci 0004:03:00.0: BAR 0: no space for [io  size 0x0008]
[    0.801321] pci 0004:03:00.0: BAR 0: failed to assign [io  size 0x0008]
[    0.801410] pci 0004:03:00.0: BAR 2: no space for [io  size 0x0008]
[    0.801527] pci 0004:03:00.0: BAR 2: failed to assign [io  size 0x0008]
[    0.801635] pci 0004:03:00.0: BAR 1: no space for [io  size 0x0004]
[    0.801741] pci 0004:03:00.0: BAR 1: failed to assign [io  size 0x0004]
[    0.801848] pci 0004:03:00.0: BAR 3: no space for [io  size 0x0004]
[    0.801952] pci 0004:03:00.0: BAR 3: failed to assign [io  size 0x0004]
[    0.802058] pci 0004:00     : [PE# fe] Secondary bus 0 associated with PE#fe
[    0.802473] pci 0004:03     : [PE# fd] Secondary bus 3 associated with PE#fd
[    0.802884] pci 0004:03     : [PE# fd] Setting up 32-bit TCE table at 0..80000000
[    0.809292] pci 0004:03     : [PE# fd] Setting up window#0 0..7fffffff pg=1000
[    0.809392] pci 0004:03     : [PE# fd] Enabling 64-bit DMA bypass
[    0.809516] pci 0004:02:02.0: PCI bridge to [bus 03]
[    0.809607] pci 0004:02:02.0:   bridge window [mem 0x600c200000000-0x600c2007fffff]
[    0.809736] pci 0004:02:02.0:   bridge window [mem 0x6024000000000-0x602403fffffff 64bit pref]
[    0.809900] pci 0004:02:0a.0: PCI bridge to [bus 04]
[    0.809997] pci 0004:02:0b.0: PCI bridge to [bus 05]
[    0.810097] pci 0004:02:0c.0: PCI bridge to [bus 06]
[    0.810200] pci 0004:02     : [PE# fc] Secondary bus 2 associated with PE#fc
[    0.810616] pci 0004:01:00.0: PCI bridge to [bus 02-06]
[    0.810683] pci 0004:01:00.0:   bridge window [mem 0x600c200000000-0x600c27fefffff]
[    0.810826] pci 0004:01:00.0:   bridge window [mem 0x6024000000000-0x6027f7ff0ffff 64bit pref]
[    0.810983] pci 0004:01     : [PE# fb] Secondary bus 1 associated with PE#fb
[    0.811402] pci 0004:01     : [PE# fb] Setting up 32-bit TCE table at 0..80000000
[    0.817824] pci 0004:01     : [PE# fb] Setting up window#0 0..7fffffff pg=1000
[    0.817949] pci 0004:01     : [PE# fb] Enabling 64-bit DMA bypass
[    0.818041] pci 0004:00:00.0: PCI bridge to [bus 01-06]
[    0.818132] pci 0004:00:00.0:   bridge window [mem 0x600c200000000-0x600c27fefffff]
[    0.818268] pci 0004:00:00.0:   bridge window [mem 0x6024000000000-0x6027f7ff0ffff 64bit pref]
[    0.818427] pci_bus 0004:00: Some PCI device resources are unassigned, try booting with pci=realloc
[    0.818629] pci 0005:00:00.0: BAR 9: assigned [mem 0x6028000000000-0x602803fffffff 64bit pref]
[    0.818777] pci 0005:01:00.0: BAR 0: assigned [mem 0x6028000000000-0x602800000ffff 64bit pref]
[    0.818946] pci 0005:01:00.0: BAR 2: assigned [mem 0x6028000010000-0x602800001ffff 64bit pref]
[    0.819110] pci 0005:01:00.0: BAR 4: assigned [mem 0x6028000020000-0x602800002ffff 64bit pref]
[    0.819274] pci 0005:01:00.1: BAR 0: assigned [mem 0x6028000030000-0x602800003ffff 64bit pref]
[    0.819438] pci 0005:01:00.1: BAR 2: assigned [mem 0x6028000040000-0x602800004ffff 64bit pref]
[    0.819591] pci 0005:01:00.1: BAR 4: assigned [mem 0x6028000050000-0x602800005ffff 64bit pref]
[    0.819750] pci 0005:00     : [PE# fe] Secondary bus 0 associated with PE#fe
[    0.820181] pci 0005:01     : [PE# 00] Secondary bus 1 associated with PE#0
[    0.820586] pci 0005:01     : [PE# 00] Setting up 32-bit TCE table at 0..80000000
[    0.827035] pci 0005:01     : [PE# 00] Setting up window#0 0..7fffffff pg=1000
[    0.827133] pci 0005:01     : [PE# 00] Enabling 64-bit DMA bypass
[    0.827249] pci 0005:00:00.0: PCI bridge to [bus 01]
[    0.827341] pci 0005:00:00.0:   bridge window [mem 0x6028000000000-0x602bf7fffffff 64bit pref]
[    0.827518] pci 0030:00     : [PE# 1fe] Secondary bus 0 associated with PE#1fe
[    0.827945] pci 0030:00:00.0: PCI bridge to [bus 01]
[    0.828043] pci 0033:00     : [PE# 1fe] Secondary bus 0 associated with PE#1fe
[    0.828468] pci 0033:00:00.0: PCI bridge to [bus 01]
[    0.828571] pci 0034:00     : [PE# fe] Secondary bus 0 associated with PE#fe
[    0.828983] pci 0034:00:00.0: PCI bridge to [bus 01]
[    0.829112] pci 0035:00:00.0: BAR 8: assigned [mem 0x620c280000000-0x620c2807fffff]
[    0.829249] pci 0035:01:00.0: BAR 0: assigned [mem 0x620c280000000-0x620c28003ffff]
[    0.829386] pci 0035:00     : [PE# fe] Secondary bus 0 associated with PE#fe
[    0.829806] pci 0035:02:08.0: PCI bridge to [bus 03-07]
[    0.829894] pci 0035:02:0d.0: PCI bridge to [bus 08]
[    0.829994] pci 0035:02     : [PE# fd] Secondary bus 2 associated with PE#fd
[    0.830407] pci 0035:01:00.0: PCI bridge to [bus 02-08]
[    0.830482] pci 0035:01     : [PE# fc] Secondary bus 1 associated with PE#fc
[    0.830914] pci 0035:00:00.0: PCI bridge to [bus 01-08]
[    0.830980] pci 0035:00:00.0:   bridge window [mem 0x620c280000000-0x620c2ffefffff]
[    0.831145] pci 0006:00:00.0: BAR 0: assigned [mem 0x6030201600000-0x603020161ffff 64bit]
[    0.831335] pci 0006:00:00.1: BAR 0: assigned [mem 0x6030201620000-0x603020163ffff 64bit]
[    0.831520] pci 0006:00:01.0: BAR 0: assigned [mem 0x6030201640000-0x603020165ffff 64bit]
[    0.831703] pci 0006:00:01.1: BAR 0: assigned [mem 0x6030201660000-0x603020167ffff 64bit]
[    0.831885] pci 0006:00:02.0: BAR 0: assigned [mem 0x6030201680000-0x603020169ffff 64bit]
[    0.832058] pci 0006:00:02.1: BAR 0: assigned [mem 0x60302016a0000-0x60302016bffff 64bit]
[    0.832242] pci 0006:00:00.0: BAR 2: assigned [mem 0x60302016c0000-0x60302016cffff 64bit]
[    0.832427] pci 0006:00:00.1: BAR 2: assigned [mem 0x60302016d0000-0x60302016dffff 64bit]
[    0.832598] pci 0006:00:01.0: BAR 2: assigned [mem 0x60302016e0000-0x60302016effff 64bit]
[    0.832776] pci 0006:00:01.1: BAR 2: assigned [mem 0x60302016f0000-0x60302016fffff 64bit]
[    0.832957] pci 0006:00:02.0: BAR 2: assigned [mem 0x6030201700000-0x603020170ffff 64bit]
[    0.833142] pci 0006:00:02.1: BAR 2: assigned [mem 0x6030201710000-0x603020171ffff 64bit]
[    0.833337] pci 0007:00:00.0: BAR 0: assigned [mem 0x6230201600000-0x623020161ffff 64bit]
[    0.833516] pci 0007:00:00.1: BAR 0: assigned [mem 0x6230201620000-0x623020163ffff 64bit]
[    0.833684] pci 0007:00:01.0: BAR 0: assigned [mem 0x6230201640000-0x623020165ffff 64bit]
[    0.833863] pci 0007:00:01.1: BAR 0: assigned [mem 0x6230201660000-0x623020167ffff 64bit]
[    0.834040] pci 0007:00:02.0: BAR 0: assigned [mem 0x6230201680000-0x623020169ffff 64bit]
[    0.834219] pci 0007:00:02.1: BAR 0: assigned [mem 0x62302016a0000-0x62302016bffff 64bit]
[    0.834398] pci 0007:00:00.0: BAR 2: assigned [mem 0x62302016c0000-0x62302016cffff 64bit]
[    0.834563] pci 0007:00:00.1: BAR 2: assigned [mem 0x62302016d0000-0x62302016dffff 64bit]
[    0.834727] pci 0007:00:01.0: BAR 2: assigned [mem 0x62302016e0000-0x62302016effff 64bit]
[    0.834904] pci 0007:00:01.1: BAR 2: assigned [mem 0x62302016f0000-0x62302016fffff 64bit]
[    0.835081] pci 0007:00:02.0: BAR 2: assigned [mem 0x6230201700000-0x623020170ffff 64bit]
[    0.835254] pci 0007:00:02.1: BAR 2: assigned [mem 0x6230201710000-0x623020171ffff 64bit]
[    0.835440] pci 0006:00:00.0: [PE# 0d] Associated device to PE
[    0.835541] pci 0006:00:00.1: Associating to existing PE d
[    0.835628] pci 0006:00:01.0: Associating to existing PE d
[    0.835720] pci 0006:00:01.1: Associating to existing PE d
[    0.835815] pci 0006:00:02.0: Associating to existing PE d
[    0.835909] pci 0006:00:02.1: Associating to existing PE d
[    0.836027] NPU6: Found 1 MMIO ATSD registers
[    0.836032] pci 0007:00:00.0: [PE# 0d] Associated device to PE
[    0.836209] pci 0007:00:00.1: Associating to existing PE d
[    0.836295] pci 0007:00:01.0: Associating to existing PE d
[    0.836389] pci 0007:00:01.1: Associating to existing PE d
[    0.836477] pci 0007:00:02.0: Associating to existing PE d
[    0.836569] pci 0007:00:02.1: Associating to existing PE d
[    0.836671] NPU7: Found 1 MMIO ATSD registers
[    0.840553] EEH: PCI Enhanced I/O Error Handling Enabled
[    0.849176] pci 0002:02:00.0: vgaarb: VGA device added: decodes=io+mem,owns=none,locks=none
[    0.849299] pci 0002:02:00.0: vgaarb: bridge control possible
[    0.849420] vgaarb: loaded
[    0.849584] SCSI subsystem initialized
[    0.849758] usbcore: registered new interface driver usbfs
[    0.849841] usbcore: registered new interface driver hub
[    0.850389] usbcore: registered new device driver usb
[    0.850477] pps_core: LinuxPPS API ver. 1 registered
[    0.850573] pps_core: Software ver. 5.3.6 - Copyright 2005-2007 Rodolfo Giometti <giometti@linux.it>
[    0.850737] PTP clock support registered
[    0.851533] clocksource: Switched to clocksource timebase
[    0.854563] NET: Registered protocol family 2
[    0.854886] TCP established hash table entries: 524288 (order: 6, 4194304 bytes)
[    0.857351] TCP bind hash table entries: 65536 (order: 4, 1048576 bytes)
[    0.857782] TCP: Hash tables configured (established 524288 bind 65536)
[    0.858115] UDP hash table entries: 65536 (order: 5, 2097152 bytes)
[    0.858954] UDP-Lite hash table entries: 65536 (order: 5, 2097152 bytes)
[    0.860216] NET: Registered protocol family 1
[    0.860296] pci 0001:00:00.0: enabling device (0105 -> 0107)
[    0.860414] pci 0001:01:00.0: enabling device (0140 -> 0142)
[    3.187368] Initialise system trusted keyrings
[    3.187561] workingset: timestamp_bits=54 max_order=22 bucket_order=0
[    3.192629] Key type asymmetric registered
[    3.192690] Asymmetric key parser 'x509' registered
[    3.192809] Block layer SCSI generic (bsg) driver version 0.4 loaded (major 250)
[    3.192945] io scheduler noop registered
[    3.193394] io scheduler cfq registered (default)
[    3.193447] io scheduler mq-deadline registered
[    3.193504] io scheduler kyber registered
[    3.196041] ipmi message handler version 39.2
[    3.196104] ipmi device interface
[    3.196205] ipmi-powernv ibm,opal:ipmi: Unable to map irq from device tree
[    3.219840] ipmi-powernv ibm,opal:ipmi: Found new BMC (man_id: 0x000000, prod_id: 0x0000, dev_id: 0x00)
[    3.233157] hvc0: raw protocol on /ibm,opal/consoles/serial@0 (boot console)
[    3.233244] hvc0: No interrupts property, using OPAL event
[    3.233621] Serial: 8250/16550 driver, 4 ports, IRQ sharing disabled
[    3.234120] [drm] radeon kernel modesetting enabled.
[    3.243709] brd: module loaded
[    3.264218] loop: module loaded
[    3.264424] pci 0004:00:00.0: enabling device (0105 -> 0107)
[    3.264510] pci 0004:01:00.0: enabling device (0545 -> 0547)
[    3.264624] pci 0004:02:02.0: enabling device (0545 -> 0547)
[    3.264718] ahci 0004:03:00.0: enabling device (0141 -> 0143)
[    3.264957] ahci 0004:03:00.0: Using 64-bit DMA iommu bypass
[    3.275113] ahci 0004:03:00.0: AHCI 0001.0000 32 slots 4 ports 6 Gbps 0xf impl SATA mode
[    3.275192] ahci 0004:03:00.0: flags: 64bit ncq sntf led only pmp fbs pio slum part sxs 
[    3.275952] scsi host0: ahci
[    3.276150] scsi host1: ahci
[    3.276322] scsi host2: ahci
[    3.276505] scsi host3: ahci
[    3.276617] ata1: SATA max UDMA/133 abar m2048@0x600c200000000 port 0x600c200000100 irq 88
[    3.276714] ata2: SATA max UDMA/133 abar m2048@0x600c200000000 port 0x600c200000180 irq 88
[    3.276836] ata3: SATA max UDMA/133 abar m2048@0x600c200000000 port 0x600c200000200 irq 88
[    3.276956] ata4: SATA max UDMA/133 abar m2048@0x600c200000000 port 0x600c200000280 irq 88
[    3.277193] libphy: Fixed MDIO Bus: probed
[    3.277278] tg3.c:v3.137 (May 11, 2014)
[    3.277349] pci 0005:00:00.0: enabling device (0105 -> 0107)
[    3.277439] tg3 0005:01:00.0: enabling device (0140 -> 0142)
[    3.306802] tg3 0005:01:00.0: Using 64-bit DMA iommu bypass
[    3.307254] tg3 0005:01:00.0 eth0: Tigon3 [partno(BCM95719) rev 5719001] (PCI Express) MAC address 70:e2:84:14:23:e2
[    3.307369] tg3 0005:01:00.0 eth0: attached PHY is 5719C (10/100/1000Base-T Ethernet) (WireSpeed[1], EEE[1])
[    3.307516] tg3 0005:01:00.0 eth0: RXcsums[1] LinkChgREG[0] MIirq[0] ASF[1] TSOcap[1]
[    3.307639] tg3 0005:01:00.0 eth0: dma_rwctrl[00000000] dma_mask[64-bit]
[    3.307823] tg3 0005:01:00.1: enabling device (0140 -> 0142)
[    3.338227] tg3 0005:01:00.1: Using 64-bit DMA iommu bypass
[    3.338696] tg3 0005:01:00.1 eth1: Tigon3 [partno(BCM95719) rev 5719001] (PCI Express) MAC address 70:e2:84:14:23:e3
[    3.338777] tg3 0005:01:00.1 eth1: attached PHY is 5719C (10/100/1000Base-T Ethernet) (WireSpeed[1], EEE[1])
[    3.338854] tg3 0005:01:00.1 eth1: RXcsums[1] LinkChgREG[0] MIirq[0] ASF[1] TSOcap[1]
[    3.338919] tg3 0005:01:00.1 eth1: dma_rwctrl[00000000] dma_mask[64-bit]
[    3.339152] ehci_hcd: USB 2.0 'Enhanced' Host Controller (EHCI) Driver
[    3.339205] ehci-pci: EHCI PCI platform driver
[    3.339273] ohci_hcd: USB 1.1 'Open' Host Controller (OHCI) Driver
[    3.339340] ohci-pci: OHCI PCI platform driver
[    3.339516] xhci_hcd 0001:01:00.0: xHCI Host Controller
[    3.339642] xhci_hcd 0001:01:00.0: new USB bus registered, assigned bus number 1
[    3.339786] xhci_hcd 0001:01:00.0: Using 64-bit DMA iommu bypass
[    3.339898] xhci_hcd 0001:01:00.0: hcc params 0x0270f06d hci version 0x96 quirks 0x04000000
[    3.340644] hub 1-0:1.0: USB hub found
[    3.340695] hub 1-0:1.0: 4 ports detected
[    3.340873] xhci_hcd 0001:01:00.0: xHCI Host Controller
[    3.340956] xhci_hcd 0001:01:00.0: new USB bus registered, assigned bus number 2
[    3.341051] usb usb2: We don't know the algorithms for LPM for this host, disabling LPM.
[    3.341309] hub 2-0:1.0: USB hub found
[    3.341355] hub 2-0:1.0: 4 ports detected
[    3.341593] usbcore: registered new interface driver usb-storage
[    3.471473] rtc-opal opal-rtc: rtc core: registered rtc-opal as rtc0
[    3.471553] i2c /dev entries driver
[    3.471919] at24 0-0050: 16384 byte 24c128 EEPROM, writable, 1 bytes/write
[    3.472251] at24 1-0054: 16384 byte 24c128 EEPROM, writable, 1 bytes/write
[    3.472579] at24 2-0050: 16384 byte 24c128 EEPROM, writable, 1 bytes/write
[    3.472904] at24 3-0054: 16384 byte 24c128 EEPROM, writable, 1 bytes/write
[    3.473233] at24 4-0050: 16384 byte 24c128 EEPROM, writable, 1 bytes/write
[   24.306400376,3] I2C: Request timeout !
[   24.306458821,3] I2C: Chip 00000000 Eng. 3 Port 0--
 xscom_base=0x00000000000a3000	state=4	bytes_sent=0
[   24.306539274,3] I2C: Request info--
 addr=0x0052	offset_bytes=2	offset=0	len=1
[   24.306617013,3] I2C:  start_time=00000002ee125dca end_time=00000002eeaf4a55 (duration=00000000009cec8b)
[   24.306705588,3] I2C: Register dump--
    cmd:0x1000000001000000	mode:0x004d000801000000	stat:0x01018c0001080000
  estat:0x0800dd1801000000	intm:0x0000ff8001000000	intc:0x0000012a01000000
[    3.602683] ata4: SATA link down (SStatus 0 SControl 300)
[    3.602803] ata3: SATA link down (SStatus 0 SControl 300)
[   24.372058831,3] I2C: Request timeout !
[   24.372111720,3] I2C: Chip 00000000 Eng. 3 Port 0--
 xscom_base=0x00000000000a3000	state=4	bytes_sent=0
[   24.372191887,3] I2C: Request info--
 addr=0x0053	offset_bytes=2	offset=0	len=1
[   24.372251694,3] I2C:  start_time=00000002f1fc4185 end_time=00000002f29929f2 (duration=00000000009ce86d)
[   24.372337420,3] I2C: Register dump--
    cmd:0x1000000001000000	mode:0x004d000801000000	stat:0x01018c0001080000
  estat:0x0800dd1801000000	intm:0x0000ff8001000000	intc:0x0000012a01000000
[    3.771425] ata2: SATA link up 6.0 Gbps (SStatus 133 SControl 300)
[    3.771547] ata1: SATA link up 6.0 Gbps (SStatus 133 SControl 300)
[    3.772459] ata2.00: ATA-10: ST1000NX0313         00LY266 00LY265IBM, BE35, max UDMA/133
[    3.772547] ata2.00: 1953525168 sectors, multi 0: LBA48 NCQ (depth 31/32), AA
[    3.773261] ata1.00: ATA-10: ST1000NX0313         00LY266 00LY265IBM, BE35, max UDMA/133
[    3.773347] ata1.00: 1953525168 sectors, multi 0: LBA48 NCQ (depth 31/32), AA
[    3.773462] ata2.00: configured for UDMA/133
[    3.774065] ata1.00: configured for UDMA/133
[    3.774657] scsi 0:0:0:0: Direct-Access     ATA      ST1000NX0313     BE35 PQ: 0 ANSI: 5
[    3.775578] scsi 1:0:0:0: Direct-Access     ATA      ST1000NX0313     BE35 PQ: 0 ANSI: 5
[   24.458240109,3] I2C: Request timeout !
[   24.458284863,3] I2C: Chip 00000000 Eng. 3 Port 0--
 xscom_base=0x00000000000a3000	state=4	bytes_sent=0
[   24.458377162,3] I2C: Request info--
 addr=0x0054	offset_bytes=2	offset=0	len=1
[   24.458444529,3] I2C:  start_time=00000002f71f4676 end_time=00000002f7bc2f83 (duration=00000000009ce90d)
[   24.458535210,3] I2C: Register dump--
    cmd:0x1000000001000000	mode:0x004d000801000000	stat:0x01018c0001080000
  estat:0x0800dd1801000000	intm:0x0000ff8001000000	intc:0x0000012a01000000
[   25.059094806,3] I2C: Request timeout !
[   25.059149651,3] I2C: Chip 00000000 Eng. 3 Port 0--
 xscom_base=0x00000000000a3000	state=4	bytes_sent=0
[   25.059247050,3] I2C: Request info--
 addr=0x0055	offset_bytes=2	offset=0	len=1
[   25.059306829,3] I2C:  start_time=00000002fdd94dce end_time=00000002fe763635 (duration=00000000009ce867)
[   25.059392402,3] I2C: Register dump--
    cmd:0x1000000001000000	mode:0x004d000801000000	stat:0x01018c0001080000
  estat:0x0800dd1801000000	intm:0x0000ff8001000000	intc:0x0000012a01000000
[   25.190417848,3] I2C: Request timeout !
[   25.190465093,3] I2C: Chip 00000000 Eng. 3 Port 1--
 xscom_base=0x00000000000a3000	state=4	bytes_sent=0
[   25.190570218,3] I2C: Request info--
 addr=0x0052	offset_bytes=2	offset=0	len=1
[   25.190634648,3] I2C:  start_time=0000000305ad22ac end_time=00000003064a0ac5 (duration=00000000009ce819)
[   25.190730142,3] I2C: Register dump--
    cmd:0x1000000001000000	mode:0x004d040801000000	stat:0x01018c0001080000
  estat:0x0800dd1801000000	intm:0x0000ff8001000000	intc:0x0000012a01000000
[   25.305325830,3] I2C: Request timeout !
[   25.305380539,3] I2C: Chip 00000000 Eng. 3 Port 1--
 xscom_base=0x00000000000a3000	state=4	bytes_sent=0
[   25.305480390,3] I2C: Request info--
 addr=0x0053	offset_bytes=2	offset=0	len=1
[   25.305545116,3] I2C:  start_time=000000030c867da3 end_time=000000030d236636 (duration=00000000009ce893)
[   25.305640779,3] I2C: Register dump--
    cmd:0x1000000001000000	mode:0x004d040801000000	stat:0x01018c0001080000
  estat:0x0800dd1801000000	intm:0x0000ff8001000000	intc:0x0000012a01000000
[   25.428440573,3] I2C: Request timeout !
[   25.428495133,3] I2C: Chip 00000000 Eng. 3 Port 1--
 xscom_base=0x00000000000a3000	state=4	bytes_sent=0
[   25.428600084,3] I2C: Request info--
 addr=0x0054	offset_bytes=2	offset=0	len=1
[   25.428669596,3] I2C:  start_time=0000000313dd12d1 end_time=000000031479fb17 (duration=00000000009ce846)
[   25.428762702,3] I2C: Register dump--
    cmd:0x1000000001000000	mode:0x004d040801000000	stat:0x01018c0001080000
  estat:0x0800dd1801000000	intm:0x0000ff8001000000	intc:0x0000012a01000000
[    4.976496] at24 7-0050: 16384 byte 24c128 EEPROM, writable, 1 bytes/write
[    4.976833] at24 8-0054: 16384 byte 24c128 EEPROM, writable, 1 bytes/write
[    4.977166] at24 9-0050: 16384 byte 24c128 EEPROM, writable, 1 bytes/write
[    4.977524] at24 10-0054: 16384 byte 24c128 EEPROM, writable, 1 bytes/write
[   26.047922899,3] I2C: Request timeout !
[   26.047965176,3] I2C: Chip 00000008 Eng. 3 Port 0--
 xscom_base=0x00000000000a3000	state=4	bytes_sent=0
[   26.048071643,3] I2C: Request info--
 addr=0x0053	offset_bytes=2	offset=0	len=1
[   26.048141456,3] I2C:  start_time=000000031bb35097 end_time=000000031c503cd6 (duration=00000000009cec3f)
[   26.048243646,3] I2C: Register dump--
    cmd:0x1000000001000000	mode:0x004d000801000000	stat:0x01018c0001080000
  estat:0x0800dd1801000000	intm:0x0000ff8001000000	intc:0x0000012a01000000
[   26.185397160,3] I2C: Request timeout !
[   26.185447335,3] I2C: Chip 00000008 Eng. 3 Port 0--
 xscom_base=0x00000000000a3000	state=4	bytes_sent=0
[   26.185556477,3] I2C: Request info--
 addr=0x0055	offset_bytes=2	offset=0	len=1
[   26.185620788,3] I2C:  start_time=0000000323e50657 end_time=000000032481eebc (duration=00000000009ce865)
[   26.185725259,3] I2C: Register dump--
    cmd:0x1000000001000000	mode:0x004d000801000000	stat:0x01018c0001080000
  estat:0x0800dd1801000000	intm:0x0000ff8001000000	intc:0x0000012a01000000
[   26.304409027,3] I2C: Request timeout !
[   26.304458814,3] I2C: Chip 00000008 Eng. 3 Port 1--
 xscom_base=0x00000000000a3000	state=4	bytes_sent=0
[   26.304562923,3] I2C: Request info--
 addr=0x0053	offset_bytes=2	offset=0	len=1
[   26.304637516,3] I2C:  start_time=000000032afd0221 end_time=000000032b99e8e4 (duration=00000000009ce6c3)
[   26.304729313,3] I2C: Register dump--
    cmd:0x1000000001000000	mode:0x004d040801000000	stat:0x01018c0001080000
  estat:0x0800dd1801000000	intm:0x0000ff8001000000	intc:0x0000012a01000000
[   26.407004114,3] I2C: Request timeout !
[   26.407061240,3] I2C: Chip 00000008 Eng. 3 Port 1--
 xscom_base=0x00000000000a3000	state=4	bytes_sent=0
[   26.407165156,3] I2C: Request info--
 addr=0x0054	offset_bytes=2	offset=0	len=1
[   26.407227037,3] I2C:  start_time=00000003311a7ba5 end_time=0000000331b762de (duration=00000000009ce739)
[   26.407323908,3] I2C: Register dump--
    cmd:0x1000000001000000	mode:0x004d040801000000	stat:0x01018c0001080000
  estat:0x0800dd1801000000	intm:0x0000ff8001000000	intc:0x0000012a01000000
[   27.007862311,3] I2C: Request timeout !
[   27.007916831,3] I2C: Chip 00000008 Eng. 3 Port 1--
 xscom_base=0x00000000000a3000	state=4	bytes_sent=0
[   27.008015618,3] I2C: Request info--
 addr=0x0055	offset_bytes=2	offset=0	len=1
[   27.008095419,3] I2C:  start_time=0000000337d48fd5 end_time=0000000338717748 (duration=00000000009ce773)
[   27.008182166,3] I2C: Register dump--
    cmd:0x1000000001000000	mode:0x004d040801000000	stat:0x01018c0001080000
  estat:0x0800dd1801000000	intm:0x0000ff8001000000	intc:0x0000012a01000000
[    6.114724] powernv-cpufreq: cpufreq pstate min 101 nominal 50 max 0
[    6.114797] powernv-cpufreq: Workload Optimized Frequency is enabled in the platform
[    6.124405] usbcore: registered new interface driver usbhid
[    6.124469] usbhid: USB HID core driver
[    6.124881] ipip: IPv4 and MPLS over IPv4 tunneling driver
[    6.125222] NET: Registered protocol family 17
[    6.125306] Key type dns_resolver registered
[    6.125616] registered taskstats version 1
[    6.125657] Loading compiled-in X.509 certificates
[    6.133048] Loaded X.509 cert 'Build time autogenerated kernel key: 69b7bd2878a4bab90574770d0a2ffddecb40bd94'
[    6.138012] Key type encrypted registered
[    6.138077] ima: No TPM chip found, activating TPM-bypass! (rc=-19)
[    6.138228] evm: HMAC attrs: 0x1
[    6.191570] rtc-opal opal-rtc: setting system clock to 2017-09-29 02:34:23 UTC (1506652463)
[    6.193975] Freeing unused kernel memory: 11456K
[    6.194033] This architecture does not have kernel memory protection.
[    6.212186] udevd[2948]: starting version 3.2.2
[    6.215729] udevd[2949]: starting eudev-3.2.2
[    6.261925] pci 0002:00:00.0: enabling device (0105 -> 0107)
[    6.262011] pci 0002:01:00.0: enabling device (0145 -> 0147)
[    6.262105] ast 0002:02:00.0: enabling device (0140 -> 0142)
[    6.262394] [drm] platform has no IO space, trying MMIO
[    6.262467] [drm] VGA not enabled on entry, requesting chip POST
[    6.262591] [drm] Using P2A bridge for configuration
[    6.262674] [drm] AST 2500 detected
[    6.262743] [drm] Analog VGA only
[    6.262833] [drm] dram MCLK=800 Mhz type=7 bus_width=16 size=01000000
[    6.263046] [TTM] Zone  kernel: Available graphics memory: 108817376 kiB
[    6.263147] [TTM] Zone   dma32: Available graphics memory: 2097152 kiB
[    6.263250] [TTM] Initializing pool allocator
[    6.264815] tg3 0005:01:00.0 enP5p1s0f0: renamed from eth0
[    6.266819] scsi 0:0:0:0: Attached scsi generic sg0 type 0
[    6.267008] scsi 1:0:0:0: Attached scsi generic sg1 type 0

(B)0[1;24r[m[?7h[?1h=[H[J[H[J Petitboot (v1.5.1-p848cad7)[1B [0mqqqqqqqqqqqqqqqqqqqqqqqqqqqqqqqqqqqqqqqqqqqqqqqqqqqqqqqqqqqqqqqqqqqqqqqqqqqqqq[2B  [0mSystem information[1B  System configuration[1B  System status log[1B  Language[1B  Rescan devices[1B  Retrieve config from URL[1B *[0;7mExit to shell           [12B[25D[0mqqqqqqqqqqqqqqqqqqqqqqqqqqqqqqqqqqqqqqqqqqqqqqqqqqqqqqqqqqqqqqqqqqqqqqqqqqqqqq[1B [0mEnter=accept, e=edit, n=new, x=exit, l=language, g=log, h=help[1B Welcome to Petitboot[J[1;47H0000000000000000 0000000000000000[23B [3;21r[3;1HMM[1;24r[3;3H[Disk: sda2 / 728d2189-0c67-4551-8857-40e2845ba17b][1B[49DUbuntu[12;27H[0;7m                           [12B[52D[m[4;21r[4;1HM[1;24r[4;5HUbuntu, with Linux 4.10.0-26-generic[20B [4;21r[4;1HM[1;24r[4;5HUbuntu, with Linux 4.10.0-26-generic (recovery mode)[14;54H[0;7m   [10B[55D[m[enP5p1s0f0] Configuring with DHCP Booting in 9 sec: [sda2] Ubuntu   [24;13H8[24;33H[24;13H7[24;33H[24;13H6[24;33H[24;13H5[24;33H[24;13H4[24;33H[24;13H3[24;33H[24;13H2[24;33H[24;13H1[24;33H[24;10HUbuntu                 [24;16H Loaded kernel image from file:///var/petitboot/mnt/dev/sda2/boot/vmlinux-4.10.[?7l0[?7h[24;9Hinitrd from file:///var/petitboot/mnt/dev/sda2/boot/initrd.img-4.10.0-2[?7l6[?7h Running boot hooks[K Performing kexec loadrebootThe system is going down NOW!
Sent SIGTERM to all processes
Sent SIGKILL to all processes
[   38.872130] kexec_core: Starting new kernel
[   60.047723349,5] OPAL: Switch to big-endian OS
[   62.181239658,5] OPAL: Switch to little-endian OS
[    0.000000] opal: OPAL detected !
[    0.000000] OF: reserved mem: not enough space all defined regions.
[    0.000000] OF: reserved mem: not enough space all defined regions.
[    0.000000] OF: reserved mem: not enough space all defined regions.
[    0.000000] Page sizes from device-tree:
[    0.000000] Page size shift = 12 AP=0x0
[    0.000000] Page size shift = 16 AP=0x5
[    0.000000] Page size shift = 21 AP=0x1
[    0.000000] Page size shift = 30 AP=0x2
[    0.000000] Initializing Radix MMU
[    0.000000] Partition table c0002017ff7f0000
[    0.000000] Mapped range 0x0 - 0x2000000000 with 0x40000000
[    0.000000] Mapped range 0x200000000000 - 0x200c00000000 with 0x40000000
[    0.000000] Mapped range 0x201000000000 - 0x201800000000 with 0x40000000
[    0.000000] Process table c0002017fe800000 and radix root for kernel: c0000000014a0000
[    0.000000] Linux version 4.10.0-26-generic (buildd@bos01-ppc64el-012) (gcc version 6.3.0 20170406 (Ubuntu 6.3.0-12ubuntu2) ) #30-Ubuntu SMP Tue Jun 27 09:29:34 UTC 2017 (Ubuntu 4.10.0-26.30-generic 4.10.17)
[    0.000000] Found initrd at 0xc000000002d90000:0xc00000000533e9f2
[    0.000000] OPAL: Power8 LPC bus found, chip ID 0
[    0.000000] Using PowerNV machine description
[    0.000000] bootconsole [udbg0] enabled
[    0.000000] CPU maps initialized for 4 threads per core
 -> smp_release_cpus()
spinning_secondaries = 175
 <- smp_release_cpus()
[    0.000000] -----------------------------------------------------
[    0.000000] ppc64_pft_size    = 0x0
[    0.000000] phys_mem_size     = 0x3400000000
[    0.000000] dcache_bsize      = 0x80
[    0.000000] icache_bsize      = 0x80
[    0.000000] cpu_features      = 0x077c7afd18500249
[    0.000000]   possible        = 0x7fffffff18500649
[    0.000000]   always          = 0x0000000018100040
[    0.000000] cpu_user_features = 0xdc0065c2 0xaec00000
[    0.000000] mmu_features      = 0x3c004041
[    0.000000] firmware_features = 0x0000000110000000
[    0.000000] -----------------------------------------------------
[    0.000000] cma: Reserved 10656 MiB at 0x0000201563000000
[    0.000000] numa: Initmem setup node 0 [mem 0x00000000-0x1fffffffff]
[    0.000000] numa:   NODE_DATA [mem 0x1fffff6300-0x1fffffffff]
[    0.000000] numa: Initmem setup node 8 [mem 0x200000000000-0x2017ffffffff]
[    0.000000] numa:   NODE_DATA [mem 0x2017ff6e4d80-0x2017ff6eea7f]
[    0.000000] numa: Initmem setup node 250
[    0.000000] numa:   NODE_DATA [mem 0x2017ff6bb080-0x2017ff6c4d7f]
[    0.000000] numa:     NODE_DATA(250) on node 8
[    0.000000] numa: Initmem setup node 251
[    0.000000] numa:   NODE_DATA [mem 0x2017ff6b1380-0x2017ff6bb07f]
[    0.000000] numa:     NODE_DATA(251) on node 8
[    0.000000] numa: Initmem setup node 252
[    0.000000] numa:   NODE_DATA [mem 0x2017ff6a7680-0x2017ff6b137f]
[    0.000000] numa:     NODE_DATA(252) on node 8
[    0.000000] numa: Initmem setup node 253
[    0.000000] numa:   NODE_DATA [mem 0x2017ff69d980-0x2017ff6a767f]
[    0.000000] numa:     NODE_DATA(253) on node 8
[    0.000000] numa: Initmem setup node 254
[    0.000000] numa:   NODE_DATA [mem 0x2017ff693c80-0x2017ff69d97f]
[    0.000000] numa:     NODE_DATA(254) on node 8
[    0.000000] numa: Initmem setup node 255
[    0.000000] numa:   NODE_DATA [mem 0x2017ff689f80-0x2017ff693c7f]
[    0.000000] numa:     NODE_DATA(255) on node 8
[    0.000000] Initializing IODA2 PHB (/pciex@600c3c0000000)
[    0.000000] PCI host bridge /pciex@600c3c0000000 (primary) ranges:
[    0.000000]  MEM 0x000600c000000000..0x000600c07ffeffff -> 0x0000000080000000 
[    0.000000]  MEM 0x0006000000000000..0x0006003fffffffff -> 0x0006000000000000 (M64 #1..31)
[    0.000000]  Using M64 #31 as default window
[    0.000000]   512 (511) PE's M32: 0x80000000 [segment=0x400000]
[    0.000000]                  M64: 0x4000000000 [segment=0x20000000]
[    0.000000]   Allocated bitmap for 4088 MSIs (base IRQ 0xfe000)
[    0.000000] Initializing IODA2 PHB (/pciex@600c3c0100000)
[    0.000000] PCI host bridge /pciex@600c3c0100000  ranges:
[    0.000000]  MEM 0x000600c080000000..0x000600c0fffeffff -> 0x0000000080000000 
[    0.000000]  MEM 0x0006004000000000..0x0006007fffffffff -> 0x0006004000000000 (M64 #1..15)
[    0.000000]  Using M64 #15 as default window
[    0.000000]   256 (255) PE's M32: 0x80000000 [segment=0x800000]
[    0.000000]                  M64: 0x4000000000 [segment=0x40000000]
[    0.000000]   Allocated bitmap for 2040 MSIs (base IRQ 0xfd800)
[    0.000000] Initializing IODA2 PHB (/pciex@600c3c0200000)
[    0.000000] PCI host bridge /pciex@600c3c0200000  ranges:
[    0.000000]  MEM 0x000600c100000000..0x000600c17ffeffff -> 0x0000000080000000 
[    0.000000]  MEM 0x0006008000000000..0x000600bfffffffff -> 0x0006008000000000 (M64 #1..15)
[    0.000000]  Using M64 #15 as default window
[    0.000000]   256 (255) PE's M32: 0x80000000 [segment=0x800000]
[    0.000000]                  M64: 0x4000000000 [segment=0x40000000]
[    0.000000]   Allocated bitmap for 2040 MSIs (base IRQ 0xfd000)
[    0.000000] Initializing IODA2 PHB (/pciex@600c3c0300000)
[    0.000000] PCI host bridge /pciex@600c3c0300000  ranges:
[    0.000000]  MEM 0x000600c180000000..0x000600c1fffeffff -> 0x0000000080000000 
[    0.000000]  MEM 0x0006020000000000..0x0006023fffffffff -> 0x0006020000000000 (M64 #1..31)
[    0.000000]  Using M64 #31 as default window
[    0.000000]   512 (511) PE's M32: 0x80000000 [segment=0x400000]
[    0.000000]                  M64: 0x4000000000 [segment=0x20000000]
[    0.000000]   Allocated bitmap for 4088 MSIs (base IRQ 0xfc000)
[    0.000000] Initializing IODA2 PHB (/pciex@600c3c0400000)
[    0.000000] PCI host bridge /pciex@600c3c0400000  ranges:
[    0.000000]  MEM 0x000600c200000000..0x000600c27ffeffff -> 0x0000000080000000 
[    0.000000]  MEM 0x0006024000000000..0x0006027fffffffff -> 0x0006024000000000 (M64 #1..15)
[    0.000000]  Using M64 #15 as default window
[    0.000000]   256 (255) PE's M32: 0x80000000 [segment=0x800000]
[    0.000000]                  M64: 0x4000000000 [segment=0x40000000]
[    0.000000]   Allocated bitmap for 2040 MSIs (base IRQ 0xfb800)
[    0.000000] Initializing IODA2 PHB (/pciex@600c3c0500000)
[    0.000000] PCI host bridge /pciex@600c3c0500000  ranges:
[    0.000000]  MEM 0x000600c280000000..0x000600c2fffeffff -> 0x0000000080000000 
[    0.000000]  MEM 0x0006028000000000..0x000602bfffffffff -> 0x0006028000000000 (M64 #1..15)
[    0.000000]  Using M64 #15 as default window
[    0.000000]   256 (255) PE's M32: 0x80000000 [segment=0x800000]
[    0.000000]                  M64: 0x4000000000 [segment=0x40000000]
[    0.000000]   Allocated bitmap for 2040 MSIs (base IRQ 0xfb000)
[    0.000000] Initializing IODA2 PHB (/pciex@620c3c0000000)
[    0.000000] PCI host bridge /pciex@620c3c0000000  ranges:
[    0.000000]  MEM 0x000620c000000000..0x000620c07ffeffff -> 0x0000000080000000 
[    0.000000]  MEM 0x0006200000000000..0x0006203fffffffff -> 0x0006200000000000 (M64 #1..31)
[    0.000000]  Using M64 #31 as default window
[    0.000000]   512 (511) PE's M32: 0x80000000 [segment=0x400000]
[    0.000000]                  M64: 0x4000000000 [segment=0x20000000]
[    0.000000]   Allocated bitmap for 4088 MSIs (base IRQ 0x1fe000)
[    0.000000] Initializing IODA2 PHB (/pciex@620c3c0300000)
[    0.000000] PCI host bridge /pciex@620c3c0300000  ranges:
[    0.000000]  MEM 0x000620c180000000..0x000620c1fffeffff -> 0x0000000080000000 
[    0.000000]  MEM 0x0006220000000000..0x0006223fffffffff -> 0x0006220000000000 (M64 #1..31)
[    0.000000]  Using M64 #31 as default window
[    0.000000]   512 (511) PE's M32: 0x80000000 [segment=0x400000]
[    0.000000]                  M64: 0x4000000000 [segment=0x20000000]
[    0.000000]   Allocated bitmap for 4088 MSIs (base IRQ 0x1fd000)
[    0.000000] Initializing IODA2 PHB (/pciex@620c3c0400000)
[    0.000000] PCI host bridge /pciex@620c3c0400000  ranges:
[    0.000000]  MEM 0x000620c200000000..0x000620c27ffeffff -> 0x0000000080000000 
[    0.000000]  MEM 0x0006224000000000..0x0006227fffffffff -> 0x0006224000000000 (M64 #1..15)
[    0.000000]  Using M64 #15 as default window
[    0.000000]   256 (255) PE's M32: 0x80000000 [segment=0x800000]
[    0.000000]                  M64: 0x4000000000 [segment=0x40000000]
[    0.000000]   Allocated bitmap for 2040 MSIs (base IRQ 0x1fc800)
[    0.000000] Initializing IODA2 PHB (/pciex@620c3c0500000)
[    0.000000] PCI host bridge /pciex@620c3c0500000  ranges:
[    0.000000]  MEM 0x000620c280000000..0x000620c2fffeffff -> 0x0000000080000000 
[    0.000000]  MEM 0x0006228000000000..0x000622bfffffffff -> 0x0006228000000000 (M64 #1..15)
[    0.000000]  Using M64 #15 as default window
[    0.000000]   256 (255) PE's M32: 0x80000000 [segment=0x800000]
[    0.000000]                  M64: 0x4000000000 [segment=0x40000000]
[    0.000000]   Allocated bitmap for 2040 MSIs (base IRQ 0x1fc000)
[    0.000000] Initializing NPU PHB (/pciex@6030200000000)
[    0.000000] PCI host bridge /pciex@6030200000000  ranges:
[    0.000000]  MEM 0x0006030201600000..0x000603020171ffff -> 0x0006030201600000 
[    0.000000]   Not support M64 window
[    0.000000]   016 (015) PE's M32: 0x130000 [segment=0x13000]
[    0.000000] Initializing NPU PHB (/pciex@6230200000000)
[    0.000000] PCI host bridge /pciex@6230200000000  ranges:
[    0.000000]  MEM 0x0006230201600000..0x000623020171ffff -> 0x0006230201600000 
[    0.000000]   Not support M64 window
[    0.000000]   016 (015) PE's M32: 0x130000 [segment=0x13000]
[    0.000000] OPAL nvram setup, 589824 bytes
[    0.000000] Zone ranges:
[    0.000000]   DMA      [mem 0x0000000000000000-0x00002017ffffffff]
[    0.000000]   DMA32    empty
[    0.000000]   Normal   empty
[    0.000000] Movable zone start for each node
[    0.000000] Early memory node ranges
[    0.000000]   node   0: [mem 0x0000000000000000-0x0000001fffffffff]
[    0.000000]   node   8: [mem 0x0000200000000000-0x0000200bffffffff]
[    0.000000]   node   8: [mem 0x0000201000000000-0x00002017ffffffff]
[    0.000000] Initmem setup node 0 [mem 0x0000000000000000-0x0000001fffffffff]
[    0.000000] Initmem setup node 8 [mem 0x0000200000000000-0x00002017ffffffff]
[    0.000000] Could not find start_pfn for node 250
[    0.000000] Initmem setup node 250 [mem 0x0000000000000000-0x0000000000000000]
[    0.000000] Could not find start_pfn for node 251
[    0.000000] Initmem setup node 251 [mem 0x0000000000000000-0x0000000000000000]
[    0.000000] Could not find start_pfn for node 252
[    0.000000] Initmem setup node 252 [mem 0x0000000000000000-0x0000000000000000]
[    0.000000] Could not find start_pfn for node 253
[    0.000000] Initmem setup node 253 [mem 0x0000000000000000-0x0000000000000000]
[    0.000000] Could not find start_pfn for node 254
[    0.000000] Initmem setup node 254 [mem 0x0000000000000000-0x0000000000000000]
[    0.000000] Could not find start_pfn for node 255
[    0.000000] Initmem setup node 255 [mem 0x0000000000000000-0x0000000000000000]
[    0.000000] percpu: Embedded 3 pages/cpu @c000001ff5eb0000 s149272 r0 d47336 u196608
[    0.000000] Built 8 zonelists in Node order, mobility grouping on.  Total pages: 3404544
[    0.000000] Policy zone: DMA
[    0.000000] Kernel command line: root=UUID=728d2189-0c67-4551-8857-40e2845ba17b ro powersave=off
[    0.000000] log_buf_len individual max cpu contribution: 4096 bytes
[    0.000000] log_buf_len total cpu_extra contributions: 716800 bytes
[    0.000000] log_buf_len min size: 131072 bytes
[    0.000000] log_buf_len: 1048576 bytes
[    0.000000] early log buf free: 115232(87%)
[    0.000000] PID hash table entries: 4096 (order: -1, 32768 bytes)
[    0.000000] Memory: 206570240K/218103808K available (11712K kernel code, 1600K rwdata, 3352K rodata, 4416K init, 3045K bss, 621824K reserved, 10911744K cma-reserved)
[    0.000000] SLUB: HWalign=128, Order=0-3, MinObjects=0, CPUs=176, Nodes=256
[    0.000000] Hierarchical RCU implementation.
[    0.000000] 	Build-time adjustment of leaf fanout to 64.
[    0.000000] 	RCU restricting CPUs from NR_CPUS=2048 to nr_cpu_ids=176.
[    0.000000] RCU: Adjusting geometry for rcu_fanout_leaf=64, nr_cpu_ids=176
[    0.000000] NR_IRQS:512 nr_irqs:512 16
[    0.000000] xive: Interrupt handling intialized with native backend
[    0.000000] xive: Using priority 7 for all interrupts
[    0.000000] xive: Using 64kB queues
[    0.000003] time_init: 56 bit decrementer (max: 7fffffffffffff)
[    0.000420] clocksource: timebase: mask: 0xffffffffffffffff max_cycles: 0x761537d007, max_idle_ns: 440795202126 ns
[    0.001146] clocksource: timebase mult[1f40000] shift[24] registered
[    0.001767] Console: colour dummy device 80x25
[    0.002331] console [hvc0] enabled
[    0.002331] console [hvc0] enabled
[    0.002626] bootconsole [udbg0] disabled
[    0.002626] bootconsole [udbg0] disabled
[    0.003249] mempolicy: Enabling automatic NUMA balancing. Configure with numa_balancing= or the kernel.numa_balancing sysctl
[    0.003364] pid_max: default: 180224 minimum: 1408
[    0.005441] Security Framework initialized
[    0.005475] Yama: becoming mindful.
[    0.005569] AppArmor: AppArmor initialized
[    0.009022] Dentry cache hash table entries: 33554432 (order: 12, 268435456 bytes)
[    0.098615] Inode-cache hash table entries: 16777216 (order: 11, 134217728 bytes)
[    0.151801] Mount-cache hash table entries: 524288 (order: 6, 4194304 bytes)
[    0.151929] Mountpoint-cache hash table entries: 524288 (order: 6, 4194304 bytes)
[    0.155648] ftrace: allocating 30684 entries in 12 pages
[    0.174103] EEH: PowerNV platform initialized
[    0.174149] POWER9 performance monitor hardware support registered
[    0.176462] smp: Bringing up secondary CPUs ...
[    0.651514] smp: Brought up 8 nodes, 176 CPUs
[    0.651588] numa: Node 0 CPUs: 0-87
[    0.651627] numa: Node 8 CPUs: 88-175
[    0.651666] numa: Node 250 CPUs:
[    0.651693] numa: Node 251 CPUs:
[    0.651757] numa: Node 252 CPUs:
[    0.651803] numa: Node 253 CPUs:
[    0.651858] numa: Node 254 CPUs:
[    0.651922] numa: Node 255 CPUs:
[    0.664186] devtmpfs: initialized
[    0.725401] evm: security.selinux
[    0.725438] evm: security.SMACK64
[    0.725472] evm: security.SMACK64EXEC
[    0.725506] evm: security.SMACK64TRANSMUTE
[    0.725541] evm: security.SMACK64MMAP
[    0.725574] evm: security.ima
[    0.725618] evm: security.capability
[    0.726661] clocksource: jiffies: mask: 0xffffffff max_cycles: 0xffffffff, max_idle_ns: 7645041785100000 ns
[    0.726840] futex hash table entries: 65536 (order: 7, 8388608 bytes)
[    0.732892] NET: Registered protocol family 16
[    0.754346] cpuidle: using governor ladder
[    0.774361] cpuidle: using governor menu
[    0.774626] pstore: using zlib compression
[    0.774663] pstore: Registered nvram as persistent store backend
[    0.844927] PCI: Probing PCI hardware
[    0.845072] PCI host bridge to bus 0000:00
[    0.845138] pci_bus 0000:00: root bus resource [mem 0x600c000000000-0x600c07ffeffff] (bus address [0x80000000-0xfffeffff])
[    0.845274] pci_bus 0000:00: root bus resource [mem 0x6000000000000-0x6003fbfffffff 64bit pref]
[    0.845371] pci_bus 0000:00: root bus resource [bus 00-ff]
[    0.845756] pci 0000:00:00.0: PCI bridge to [bus 01]
[    0.845885] PCI host bridge to bus 0001:00
[    0.845944] pci_bus 0001:00: root bus resource [mem 0x600c080000000-0x600c0fffeffff] (bus address [0x80000000-0xfffeffff])
[    0.846088] pci_bus 0001:00: root bus resource [mem 0x6004000000000-0x6007f7fffffff 64bit pref]
[    0.846205] pci_bus 0001:00: root bus resource [bus 00-ff]
[    0.846880] pci 0001:00:00.0: PCI bridge to [bus 01]
[    0.847179] PCI host bridge to bus 0002:00
[    0.847215] pci_bus 0002:00: root bus resource [mem 0x600c100000000-0x600c17ffeffff] (bus address [0x80000000-0xfffeffff])
[    0.847318] pci_bus 0002:00: root bus resource [mem 0x6008000000000-0x600bf7fffffff 64bit pref]
[    0.847435] pci_bus 0002:00: root bus resource [bus 00-ff]
[    0.848085] pci 0002:00:00.0: PCI bridge to [bus 01-02]
[    0.848566] pci 0002:01:00.0: PCI bridge to [bus 02]
[    0.848750] PCI host bridge to bus 0003:00
[    0.848806] pci_bus 0003:00: root bus resource [mem 0x600c180000000-0x600c1fffeffff] (bus address [0x80000000-0xfffeffff])
[    0.848937] pci_bus 0003:00: root bus resource [mem 0x6020000000000-0x6023fbfffffff 64bit pref]
[    0.849069] pci_bus 0003:00: root bus resource [bus 00-ff]
[    0.849419] pci 0003:00:00.0: PCI bridge to [bus 01]
[    0.849567] PCI host bridge to bus 0004:00
[    0.849620] pci_bus 0004:00: root bus resource [mem 0x600c200000000-0x600c27ffeffff] (bus address [0x80000000-0xfffeffff])
[    0.849733] pci_bus 0004:00: root bus resource [mem 0x6024000000000-0x6027f7fffffff 64bit pref]
[    0.849868] pci_bus 0004:00: root bus resource [bus 00-ff]
[    0.851623] pci 0004:00:00.0: PCI bridge to [bus 01-06]
[    0.853195] pci 0004:01:00.0: PCI bridge to [bus 02-06]
[    0.855213] pci 0004:02:02.0: PCI bridge to [bus 03]
[    0.855402] pci 0004:02:0a.0: PCI bridge to [bus 04]
[    0.855568] pci 0004:02:0b.0: PCI bridge to [bus 05]
[    0.855732] pci 0004:02:0c.0: PCI bridge to [bus 06]
[    0.855923] PCI host bridge to bus 0005:00
[    0.855963] pci_bus 0005:00: root bus resource [mem 0x600c280000000-0x600c2fffeffff] (bus address [0x80000000-0xfffeffff])
[    0.856117] pci_bus 0005:00: root bus resource [mem 0x6028000000000-0x602bf7fffffff 64bit pref]
[    0.856238] pci_bus 0005:00: root bus resource [bus 00-ff]
[    0.857315] pci 0005:00:00.0: PCI bridge to [bus 01]
[    0.857533] PCI host bridge to bus 0030:00
[    0.857567] pci_bus 0030:00: root bus resource [mem 0x620c000000000-0x620c07ffeffff] (bus address [0x80000000-0xfffeffff])
[    0.857639] random: fast init done
[    0.857760] pci_bus 0030:00: root bus resource [mem 0x6200000000000-0x6203fbfffffff 64bit pref]
[    0.857895] pci_bus 0030:00: root bus resource [bus 00-ff]
[    0.858283] pci 0030:00:00.0: PCI bridge to [bus 01]
[    0.858413] PCI host bridge to bus 0033:00
[    0.858469] pci_bus 0033:00: root bus resource [mem 0x620c180000000-0x620c1fffeffff] (bus address [0x80000000-0xfffeffff])
[    0.858611] pci_bus 0033:00: root bus resource [mem 0x6220000000000-0x6223fbfffffff 64bit pref]
[    0.858727] pci_bus 0033:00: root bus resource [bus 00-ff]
[    0.859108] pci 0033:00:00.0: PCI bridge to [bus 01]
[    0.859250] PCI host bridge to bus 0034:00
[    0.859286] pci_bus 0034:00: root bus resource [mem 0x620c200000000-0x620c27ffeffff] (bus address [0x80000000-0xfffeffff])
[    0.859420] pci_bus 0034:00: root bus resource [mem 0x6224000000000-0x6227f7fffffff 64bit pref]
[    0.859556] pci_bus 0034:00: root bus resource [bus 00-ff]
[    0.859960] pci 0034:00:00.0: PCI bridge to [bus 01]
[    0.860096] PCI host bridge to bus 0035:00
[    0.860151] pci_bus 0035:00: root bus resource [mem 0x620c280000000-0x620c2fffeffff] (bus address [0x80000000-0xfffeffff])
[    0.860293] pci_bus 0035:00: root bus resource [mem 0x6228000000000-0x622bf7fffffff 64bit pref]
[    0.860409] pci_bus 0035:00: root bus resource [bus 00-ff]
[    0.861223] pci 0035:00:00.0: PCI bridge to [bus 01-08]
[    0.862178] pci 0035:01:00.0: PCI bridge to [bus 02-08]
[    0.863246] pci 0035:02:08.0: PCI bridge to [bus 03-07]
[    0.863414] pci 0035:02:0d.0: PCI bridge to [bus 08]
[    0.863611] PCI host bridge to bus 0006:00
[    0.863651] pci_bus 0006:00: root bus resource [mem 0x6030201600000-0x603020171ffff]
[    0.863773] pci_bus 0006:00: root bus resource [bus 00-ff]
[    0.865023] PCI host bridge to bus 0007:00
[    0.865059] pci_bus 0007:00: root bus resource [mem 0x6230201600000-0x623020171ffff]
[    0.865146] pci_bus 0007:00: root bus resource [bus 00-ff]
[    0.866313] pci 0000:00     : [PE# 1fe] Secondary bus 0 associated with PE#1fe
[    0.866670] pci 0000:00:00.0: PCI bridge to [bus 01]
[    0.866775] pci 0001:00:00.0: BAR 14: assigned [mem 0x600c080000000-0x600c0807fffff]
[    0.866879] pci 0001:01:00.0: BAR 0: assigned [mem 0x600c080000000-0x600c08000ffff 64bit]
[    0.866997] pci 0001:01:00.0: BAR 2: assigned [mem 0x600c080010000-0x600c080011fff 64bit]
[    0.867114] pci 0001:00     : [PE# fe] Secondary bus 0 associated with PE#fe
[    0.867512] pci 0001:01     : [PE# fd] Secondary bus 1 associated with PE#fd
[    0.867908] pci 0001:01     : [PE# fd] Setting up 32-bit TCE table at 0..80000000
[    0.872794] IOMMU table initialized, virtual merging enabled
[    0.872864] pci 0001:01     : [PE# fd] Setting up window#0 0..7fffffff pg=1000
[    0.872980] pci 0001:01     : [PE# fd] Enabling 64-bit DMA bypass
[    0.873063] iommu: Adding device 0001:01:00.0 to group 0
[    0.873136] pci 0001:00:00.0: PCI bridge to [bus 01]
[    0.873215] pci 0001:00:00.0:   bridge window [mem 0x600c080000000-0x600c0ffefffff]
[    0.873368] pci 0002:00:00.0: BAR 14: assigned [mem 0x600c100000000-0x600c1017fffff]
[    0.873465] pci 0002:01:00.0: BAR 14: assigned [mem 0x600c100000000-0x600c1017fffff]
[    0.873573] pci 0002:01:00.0: BAR 13: no space for [io  size 0x1000]
[    0.873662] pci 0002:01:00.0: BAR 13: failed to assign [io  size 0x1000]
[    0.873752] pci 0002:02:00.0: BAR 0: assigned [mem 0x600c100000000-0x600c100ffffff]
[    0.873859] pci 0002:02:00.0: BAR 1: assigned [mem 0x600c101000000-0x600c10101ffff]
[    0.873970] pci 0002:02:00.0: BAR 2: no space for [io  size 0x0080]
[    0.874055] pci 0002:02:00.0: BAR 2: failed to assign [io  size 0x0080]
[    0.874133] pci 0002:00     : [PE# fe] Secondary bus 0 associated with PE#fe
[    0.874540] pci 0002:02     : [PE# fd] Secondary bus 2..2 associated with PE#fd
[    0.874915] pci 0002:02     : [PE# fd] Setting up 32-bit TCE table at 0..80000000
[    0.879700] pci 0002:02     : [PE# fd] Setting up window#0 0..7fffffff pg=1000
[    0.879772] pci 0002:02     : [PE# fd] Enabling 64-bit DMA bypass
[    0.879848] iommu: Adding device 0002:02:00.0 to group 1
[    0.879925] pci 0002:01:00.0: PCI bridge to [bus 02]
[    0.879983] pci 0002:01:00.0:   bridge window [mem 0x600c100000000-0x600c17fefffff]
[    0.880081] pci 0002:01     : [PE# fc] Secondary bus 1 associated with PE#fc
[    0.880496] pci 0002:00:00.0: PCI bridge to [bus 01-02]
[    0.880548] pci 0002:00:00.0:   bridge window [mem 0x600c100000000-0x600c17fefffff]
[    0.880654] pci_bus 0002:00: Some PCI device resources are unassigned, try booting with pci=realloc
[    0.880819] pci 0003:00     : [PE# 1fe] Secondary bus 0 associated with PE#1fe
[    0.881215] pci 0003:00:00.0: PCI bridge to [bus 01]
[    0.881383] pci 0004:00:00.0: BAR 15: assigned [mem 0x6024000000000-0x602403fffffff 64bit pref]
[    0.881467] pci 0004:00:00.0: BAR 14: assigned [mem 0x600c200000000-0x600c200ffffff]
[    0.881575] pci 0004:01:00.0: BAR 15: assigned [mem 0x6024000000000-0x602403fffffff 64bit pref]
[    0.881700] pci 0004:01:00.0: BAR 14: assigned [mem 0x600c200000000-0x600c2007fffff]
[    0.881823] pci 0004:01:00.0: BAR 0: assigned [mem 0x600c200800000-0x600c20083ffff]
[    0.881918] pci 0004:01:00.1: BAR 0: assigned [mem 0x600c200840000-0x600c200841fff]
[    0.882044] pci 0004:01:00.2: BAR 0: assigned [mem 0x600c200842000-0x600c200843fff]
[    0.882120] pci 0004:01:00.3: BAR 0: assigned [mem 0x600c200844000-0x600c200845fff]
[    0.882238] pci 0004:01:00.4: BAR 0: assigned [mem 0x600c200846000-0x600c200847fff]
[    0.882350] pci 0004:01:00.0: BAR 13: no space for [io  size 0x1000]
[    0.882448] pci 0004:01:00.0: BAR 13: failed to assign [io  size 0x1000]
[    0.882534] pci 0004:01:00.0: BAR 13: no space for [io  size 0x1000]
[    0.882618] pci 0004:01:00.0: BAR 13: failed to assign [io  size 0x1000]
[    0.882717] pci 0004:02:02.0: BAR 15: assigned [mem 0x6024000000000-0x602403fffffff 64bit pref]
[    0.882834] pci 0004:02:02.0: BAR 14: assigned [mem 0x600c200000000-0x600c2007fffff]
[    0.882937] pci 0004:02:02.0: BAR 13: no space for [io  size 0x1000]
[    0.883021] pci 0004:02:02.0: BAR 13: failed to assign [io  size 0x1000]
[    0.883112] pci 0004:02:02.0: BAR 13: no space for [io  size 0x1000]
[    0.883196] pci 0004:02:02.0: BAR 13: failed to assign [io  size 0x1000]
[    0.883273] pci 0004:03:00.0: BAR 6: assigned [mem 0x600c200000000-0x600c20000ffff pref]
[    0.883379] pci 0004:03:00.0: BAR 5: assigned [mem 0x600c200010000-0x600c2000107ff]
[    0.883495] pci 0004:03:00.0: BAR 4: no space for [io  size 0x0020]
[    0.883576] pci 0004:03:00.0: BAR 4: failed to assign [io  size 0x0020]
[    0.883663] pci 0004:03:00.0: BAR 0: no space for [io  size 0x0008]
[    0.883744] pci 0004:03:00.0: BAR 0: failed to assign [io  size 0x0008]
[    0.883810] pci 0004:03:00.0: BAR 2: no space for [io  size 0x0008]
[    0.883900] pci 0004:03:00.0: BAR 2: failed to assign [io  size 0x0008]
[    0.883994] pci 0004:03:00.0: BAR 1: no space for [io  size 0x0004]
[    0.884093] pci 0004:03:00.0: BAR 1: failed to assign [io  size 0x0004]
[    0.884181] pci 0004:03:00.0: BAR 3: no space for [io  size 0x0004]
[    0.884264] pci 0004:03:00.0: BAR 3: failed to assign [io  size 0x0004]
[    0.884351] pci 0004:00     : [PE# fe] Secondary bus 0 associated with PE#fe
[    0.884737] pci 0004:03     : [PE# fd] Secondary bus 3 associated with PE#fd
[    0.885111] pci 0004:03     : [PE# fd] Setting up 32-bit TCE table at 0..80000000
[    0.889883] pci 0004:03     : [PE# fd] Setting up window#0 0..7fffffff pg=1000
[    0.889950] pci 0004:03     : [PE# fd] Enabling 64-bit DMA bypass
[    0.890026] iommu: Adding device 0004:03:00.0 to group 2
[    0.890106] pci 0004:02:02.0: PCI bridge to [bus 03]
[    0.890194] pci 0004:02:02.0:   bridge window [mem 0x600c200000000-0x600c2007fffff]
[    0.890306] pci 0004:02:02.0:   bridge window [mem 0x6024000000000-0x602403fffffff 64bit pref]
[    0.890447] pci 0004:02:0a.0: PCI bridge to [bus 04]
[    0.890531] pci 0004:02:0b.0: PCI bridge to [bus 05]
[    0.890607] pci 0004:02:0c.0: PCI bridge to [bus 06]
[    0.890690] pci 0004:02     : [PE# fc] Secondary bus 2 associated with PE#fc
[    0.891089] pci 0004:01:00.0: PCI bridge to [bus 02-06]
[    0.891139] pci 0004:01:00.0:   bridge window [mem 0x600c200000000-0x600c27fefffff]
[    0.891209] pci 0004:01:00.0:   bridge window [mem 0x6024000000000-0x6027f7ff0ffff 64bit pref]
[    0.891342] pci 0004:01     : [PE# fb] Secondary bus 1 associated with PE#fb
[    0.891759] pci 0004:01     : [PE# fb] Setting up 32-bit TCE table at 0..80000000
[    0.896525] pci 0004:01     : [PE# fb] Setting up window#0 0..7fffffff pg=1000
[    0.896601] pci 0004:01     : [PE# fb] Enabling 64-bit DMA bypass
[    0.896688] iommu: Adding device 0004:01:00.0 to group 3
[    0.896755] iommu: Adding device 0004:01:00.1 to group 3
[    0.896840] iommu: Adding device 0004:01:00.2 to group 3
[    0.896887] iommu: Adding device 0004:01:00.3 to group 3
[    0.896973] iommu: Adding device 0004:01:00.4 to group 3
[    0.897046] pci 0004:00:00.0: PCI bridge to [bus 01-06]
[    0.897114] pci 0004:00:00.0:   bridge window [mem 0x600c200000000-0x600c27fefffff]
[    0.897202] pci 0004:00:00.0:   bridge window [mem 0x6024000000000-0x6027f7ff0ffff 64bit pref]
[    0.897315] pci_bus 0004:00: Some PCI device resources are unassigned, try booting with pci=realloc
[    0.897479] pci 0005:00:00.0: BAR 15: assigned [mem 0x6028000000000-0x602803fffffff 64bit pref]
[    0.897595] pci 0005:01:00.0: BAR 0: assigned [mem 0x6028000000000-0x602800000ffff 64bit pref]
[    0.897744] pci 0005:01:00.0: BAR 2: assigned [mem 0x6028000010000-0x602800001ffff 64bit pref]
[    0.897888] pci 0005:01:00.0: BAR 4: assigned [mem 0x6028000020000-0x602800002ffff 64bit pref]
[    0.898031] pci 0005:01:00.1: BAR 0: assigned [mem 0x6028000030000-0x602800003ffff 64bit pref]
[    0.898159] pci 0005:01:00.1: BAR 2: assigned [mem 0x6028000040000-0x602800004ffff 64bit pref]
[    0.898287] pci 0005:01:00.1: BAR 4: assigned [mem 0x6028000050000-0x602800005ffff 64bit pref]
[    0.898381] pci 0005:00     : [PE# fe] Secondary bus 0 associated with PE#fe
[    0.898801] pci 0005:01     : [PE# 00] Secondary bus 1 associated with PE#0
[    0.899160] pci 0005:01     : [PE# 00] Setting up 32-bit TCE table at 0..80000000
[    0.903929] pci 0005:01     : [PE# 00] Setting up window#0 0..7fffffff pg=1000
[    0.904010] pci 0005:01     : [PE# 00] Enabling 64-bit DMA bypass
[    0.904086] iommu: Adding device 0005:01:00.0 to group 4
[    0.904154] iommu: Adding device 0005:01:00.1 to group 4
[    0.904226] pci 0005:00:00.0: PCI bridge to [bus 01]
[    0.904307] pci 0005:00:00.0:   bridge window [mem 0x6028000000000-0x602bf7fffffff 64bit pref]
[    0.904473] pci 0030:00     : [PE# 1fe] Secondary bus 0 associated with PE#1fe
[    0.904853] pci 0030:00:00.0: PCI bridge to [bus 01]
[    0.904933] pci 0033:00     : [PE# 1fe] Secondary bus 0 associated with PE#1fe
[    0.905326] pci 0033:00:00.0: PCI bridge to [bus 01]
