[    0.750000] random: fast init done
[    0.770000] random: crng init done
[    0.790000] brd: module loaded
[    0.810000] loop: module loaded
[    0.810000] aspeed-lpc-ctrl 1e789080.lpc-ctrl: Loaded at 0x98000000 (0x04000000)
[    0.820000] aspeed-smc 1e620000.flash-controller: Using IRQ 18
[    0.820000] aspeed-smc 1e620000.flash-controller: DMA support disabled.
[    0.840000] aspeed-smc 1e620000.flash-controller: mx25l25635e (32768 Kbytes)
[    0.840000] aspeed-smc 1e620000.flash-controller: CE0 window [ 0x20000000 - 0x22000000 ] 32MB
[    0.840000] aspeed-smc 1e620000.flash-controller: CE1 window [ 0x22000000 - 0x2a000000 ] 128MB
[    0.860000] 3 ofpart partitions found on MTD device bmc
[    0.860000] Creating 3 MTD partitions on "bmc":
[    0.860000] 0x000000000000-0x000000060000 : "u-boot"
[    0.860000] 0x000000060000-0x000000080000 : "u-boot-env"
[    0.900000] 0x000000080000-0x000002000000 : "obmc-ubi"
[    0.900000] aspeed-smc 1e620000.flash-controller: mx25l25635e (32768 Kbytes)
[    0.910000] aspeed-smc 1e620000.flash-controller: CE1 window [ 0x22000000 - 0x24000000 ] 32MB
[    0.910000] aspeed-smc 1e620000.flash-controller: CE2 window [ 0x24000000 - 0x2c000000 ] 128MB
[    0.930000] 3 ofpart partitions found on MTD device alt-bmc
[    0.930000] Creating 3 MTD partitions on "alt-bmc":
[    0.930000] 0x000000000000-0x000000060000 : "alt-u-boot"
[    0.960000] 0x000000060000-0x000000080000 : "alt-u-boot-env"
[    0.970000] 0x000000080000-0x000002000000 : "alt-obmc-ubi"
[    0.970000] aspeed-smc 1e630000.flash-controller: mx66l1g45g (131072 Kbytes)
[    0.990000] aspeed-smc 1e630000.flash-controller: CE0 window resized to 120MB (AST2500 HW quirk)
[    0.990000] aspeed-smc 1e630000.flash-controller: CE0 window [ 0x30000000 - 0x37800000 ] 120MB
[    0.990000] aspeed-smc 1e630000.flash-controller: CE0 window too small for chip 128MB
[    1.010000] aspeed-smc 1e630000.flash-controller: CE1 window [ 0x37800000 - 0x38000000 ] 8MB
[    1.760000] libphy: Fixed MDIO Bus: probed
[    1.760000] ftgmac100 1e660000.ethernet: Read MAC address 70:e2:84:14:23:e1 from chip
[    1.760000] ftgmac100 1e660000.ethernet: Using NCSI interface
[    1.760000] ftgmac100 1e660000.ethernet eth0: irq 20, mapped at f0060000
[    1.760000] ehci_hcd: USB 2.0 'Enhanced' Host Controller (EHCI) Driver
[    1.760000] ehci-platform: EHCI generic platform driver
[    1.990000] i2c /dev entries driver
[    1.990000] aspeed-i2c-bus 1e78a0c0.i2c-bus: i2c bus 2 registered, irq 26
[    1.990000] aspeed-i2c-bus 1e78a100.i2c-bus: i2c bus 3 registered, irq 27
[    1.990000] aspeed-i2c-bus 1e78a140.i2c-bus: i2c bus 4 registered, irq 28
[    1.990000] aspeed-i2c-bus 1e78a180.i2c-bus: i2c bus 5 registered, irq 29
[    1.990000] aspeed-i2c-bus 1e78a380.i2c-bus: i2c bus 9 registered, irq 30
[    1.990000] aspeed-i2c-bus 1e78a3c0.i2c-bus: i2c bus 10 registered, irq 31
[    1.990000] rtc-rv8803 11-0032: Voltage low, temperature compensation stopped.
[    1.990000] rtc-rv8803 11-0032: An alarm maybe have been missed.
[    2.090000] rtc-rv8803 11-0032: rtc core: registered rx8900 as rtc0
[    2.100000] at24 11-0051: 8192 byte 24c64 EEPROM, writable, 1 bytes/write
[    2.100000] aspeed-i2c-bus 1e78a400.i2c-bus: i2c bus 11 registered, irq 32
[    2.100000] aspeed-i2c-bus 1e78a440.i2c-bus: i2c bus 12 registered, irq 33
[    2.100000] aspeed-i2c-bus 1e78a480.i2c-bus: i2c bus 13 registered, irq 34
[    2.100000] Driver for 1-wire Dallas network protocol.
[    2.100000] lm75 9-004a: hwmon0: sensor 'tmp275'
[    4.080000] ucd9000 11-0064: Device ID UCD90160|2.3.4.0000|110603
[    4.790000] leds-pca955x 3-0060: leds-pca955x: Using pca9552 16-bit LED driver at slave address 0x60
[    4.800000] leds-pca955x 3-0060: gpios 238...253
[    4.800000] leds-pca955x 11-0060: leds-pca955x: Using pca9552 16-bit LED driver at slave address 0x60
[    4.820000] leds-pca955x 11-0060: gpios 222...237
[    4.820000] usbcore: registered new interface driver usbhid
[    4.830000] usbhid: USB HID core driver
[    4.880000] NET: Registered protocol family 10
[    4.880000] Segment Routing with IPv6
[    4.890000] NET: Registered protocol family 17
[    4.890000] 8021q: 802.1Q VLAN Support v1.8
[    4.910000] input: gpio-keys-polled as /devices/platform/gpio-keys-polled/input/input1
[    4.930000] ubi0: default fastmap pool size: 25
[    4.940000] ubi0: default fastmap WL pool size: 12
[    4.940000] ubi0: attaching mtd3
[    4.950000] ubi0: scanning is finished
[    4.970000] ubi0: attached mtd3 (name "obmc-ubi", size 31 MiB)
[    4.970000] ubi0: PEB size: 65536 bytes (64 KiB), LEB size: 65408 bytes
[    4.990000] ubi0: min./max. I/O unit sizes: 1/256, sub-page size 1
[    4.990000] ubi0: VID header offset: 64 (aligned 64), data offset: 128
[    4.990000] ubi0: good PEBs: 504, bad PEBs: 0, corrupted PEBs: 0
[    4.990000] ubi0: user volume: 4, internal volumes: 1, max. volumes count: 128
[    5.020000] ubi0: max/mean erase counter: 5/2, WL threshold: 4096, image sequence number: 1358235831
[    5.020000] ubi0: available PEBs: 46, total reserved PEBs: 458, PEBs reserved for bad PEB handling: 0
[    5.020000] ubi0: background thread "ubi_bgt0d" started, PID 507
[    5.020000] ubi4: default fastmap pool size: 25
[    5.020000] ubi4: default fastmap WL pool size: 12
[    5.050000] ubi4: attaching mtd7
[    5.090000] ubi4: scanning is finished
[    5.130000] ubi4: attached mtd7 (name "alt-obmc-ubi", size 31 MiB)
[    5.130000] ubi4: PEB size: 65536 bytes (64 KiB), LEB size: 65408 bytes
[    5.130000] ubi4: min./max. I/O unit sizes: 1/256, sub-page size 1
[    5.130000] ubi4: VID header offset: 64 (aligned 64), data offset: 128
[    5.130000] ubi4: good PEBs: 504, bad PEBs: 0, corrupted PEBs: 0
[    5.180000] ubi4: user volume: 3, internal volumes: 1, max. volumes count: 128
[    5.180000] ubi4: max/mean erase counter: 4/2, WL threshold: 4096, image sequence number: 1358235831
[    5.180000] ubi4: available PEBs: 111, total reserved PEBs: 393, PEBs reserved for bad PEB handling: 0
[    5.180000] ubi4: background thread "ubi_bgt4d" started, PID 512
[   15.170000] block ubiblock4_0: created from ubi4:0(rofs-3982e8dc)
[   15.170000] console [netcon0] enabled
[   15.170000] netconsole: network logging started
[   15.170000] input: gpio-keys as /devices/platform/gpio-keys/input/input2
[   15.310000] rtc-rv8803 11-0032: setting system clock to 2017-09-22 16:29:59 UTC (1506097799)
[   15.320000] VFS: Mounted root (squashfs filesystem) readonly on device 254:0.
[   15.330000] devtmpfs: mounted
[   15.330000] Freeing unused kernel memory: 284K
[   15.330000] This architecture does not have kernel memory protection.
[   17.830000] systemd[1]: Failed to insert module 'autofs4': No such file or directory
[   18.020000] systemd[1]: systemd 232 running in system mode. (+PAM -AUDIT -SELINUX -IMA -APPARMOR -SMACK +SYSVINIT -UTMP -LIBCRYPTSETUP -GCRYPT -GNUTLS +ACL +XZ -LZ4 -SECCOMP +BLKID -ELFUTILS +KMOD -IDN)
[   18.020000] systemd[1]: Detected architecture arm.
[   18.220000] systemd[1]: Set hostname to <witherspoon>.
[   18.290000] systemd[1]: Initializing machine ID from random generator.
[   18.290000] systemd[1]: Installed transient /etc/machine-id file.
[   20.090000] systemd[1]: Listening on udev Kernel Socket.
[   20.140000] systemd[1]: Reached target Remote File Systems.
[   20.180000] systemd[1]: Reached target Swap.
[   20.210000] systemd[1]: Started Forward Password Requests to Wall Directory Watch.
[   20.250000] systemd[1]: Listening on Network Service Netlink Socket.
[   22.950000] UBIFS (ubi0:2): background thread "ubifs_bgt0_2" started, PID 654
[   23.140000] UBIFS (ubi0:2): UBIFS: mounted UBI device 0, volume 2, name "rwfs"
[   23.140000] UBIFS (ubi0:2): LEB size: 65408 bytes (63 KiB), min./max. I/O unit sizes: 8 bytes/256 bytes
[   23.140000] UBIFS (ubi0:2): FS size: 3597440 bytes (3 MiB, 55 LEBs), journal size 719488 bytes (0 MiB, 11 LEBs)
[   23.220000] UBIFS (ubi0:2): reserved for root: 0 bytes (0 KiB)
[   23.220000] UBIFS (ubi0:2): media format: w4/r0 (latest is w5/r0), UUID F6AF7850-1C6E-4E2A-94BB-A56899CAF080, small LPT model
[   23.820000] systemd-journald[643]: Received request to flush runtime journal from PID 1
[   39.020000] ubi: ubi0 already exists
[   40.160000] ubi8: default fastmap pool size: 100
[   40.160000] ubi8: default fastmap WL pool size: 50
[   40.160000] ubi8: attaching mtd8
[   40.210000] ubi8: scanning is finished
[   40.240000] ubi8: attached mtd8 (name "pnor", size 128 MiB)
[   40.240000] ubi8: PEB size: 65536 bytes (64 KiB), LEB size: 65408 bytes
[   40.240000] ubi8: min./max. I/O unit sizes: 1/256, sub-page size 1
[   40.240000] ubi8: VID header offset: 64 (aligned 64), data offset: 128
[   40.240000] ubi8: good PEBs: 2048, bad PEBs: 0, corrupted PEBs: 0
[   40.280000] ubi8: user volume: 6, internal volumes: 1, max. volumes count: 128
[   40.280000] ubi8: max/mean erase counter: 42/28, WL threshold: 4096, image sequence number: 91395301
[   40.280000] ubi8: available PEBs: 468, total reserved PEBs: 1580, PEBs reserved for bad PEB handling: 0
[   40.280000] ubi8: background thread "ubi_bgt8d" started, PID 1018
[   46.400000] 8021q: adding VLAN 0 to HW filter on device eth0
[   51.620000] ftgmac100 1e660000.ethernet eth0: ncsi: removed vlan tag 0 at index 1
[   51.620000] ftgmac100 1e660000.ethernet eth0: ncsi: removed vlan tag 0 at index 2
[   51.620000] ftgmac100 1e660000.ethernet eth0: no vlan ids left to set
[   51.620000] ftgmac100 1e660000.ethernet eth0: NCSI interface up
[   55.410000] block ubiblock8_0: created from ubi8:0(pnor-ro-7a9ef57c)
[   59.550000] block ubiblock0_0: created from ubi0:0(rofs-b371759d)
[   61.290000] ubi: ubi4 already exists
[   67.990000] block ubiblock8_1: created from ubi8:1(pnor-ro-8764baa3)
[   67.990000] UBIFS (ubi8:2): UBIFS: mounted UBI device 8, volume 2, name "pnor-prsv"
[   67.990000] UBIFS (ubi8:2): LEB size: 65408 bytes (63 KiB), min./max. I/O unit sizes: 8 bytes/256 bytes
[   67.990000] UBIFS (ubi8:2): FS size: 1504384 bytes (1 MiB, 23 LEBs), journal size 523265 bytes (0 MiB, 6 LEBs)
[   67.990000] UBIFS (ubi8:2): reserved for root: 71055 bytes (69 KiB)
[   67.990000] UBIFS (ubi8:2): media format: w5/r0 (latest is w5/r0), UUID 36B3B1E1-197C-4042-A5BB-1F5E6D63DF0B, small LPT model
[   68.400000] UBIFS (ubi8:2): background thread "ubifs_bgt8_2" started, PID 1122
[   69.540000] UBIFS (ubi8:4): UBIFS: mounted UBI device 8, volume 4, name "pnor-rw-8764baa3"
[   69.540000] UBIFS (ubi8:4): LEB size: 65408 bytes (63 KiB), min./max. I/O unit sizes: 8 bytes/256 bytes
[   69.540000] UBIFS (ubi8:4): FS size: 16155776 bytes (15 MiB, 247 LEBs), journal size 784896 bytes (0 MiB, 12 LEBs)
[   69.540000] UBIFS (ubi8:4): reserved for root: 763076 bytes (745 KiB)
[   69.540000] UBIFS (ubi8:4): media format: w5/r0 (latest is w5/r0), UUID F587F7F2-1BEE-4E77-9577-250237C0F0BC, small LPT model
[   69.720000] UBIFS (ubi8:4): background thread "ubifs_bgt8_4" started, PID 1135
[   70.030000] UBIFS (ubi8:5): background thread "ubifs_bgt8_5" started, PID 1144
[   70.030000] UBIFS (ubi8:5): UBIFS: mounted UBI device 8, volume 5, name "pnor-rw-7a9ef57c"
[   70.030000] UBIFS (ubi8:5): LEB size: 65408 bytes (63 KiB), min./max. I/O unit sizes: 8 bytes/256 bytes
[   70.030000] UBIFS (ubi8:5): FS size: 16155776 bytes (15 MiB, 247 LEBs), journal size 784896 bytes (0 MiB, 12 LEBs)
[   70.140000] UBIFS (ubi8:5): reserved for root: 763076 bytes (745 KiB)
[   70.140000] UBIFS (ubi8:5): media format: w5/r0 (latest is w5/r0), UUID 904AA0DA-EE42-403C-B44D-8FB80359592C, small LPT model
[   94.540000] UBIFS (ubi8:3): UBIFS: mounted UBI device 8, volume 3, name "pnor-patch"
[   94.540000] UBIFS (ubi8:3): LEB size: 65408 bytes (63 KiB), min./max. I/O unit sizes: 8 bytes/256 bytes
[   94.540000] UBIFS (ubi8:3): FS size: 16155776 bytes (15 MiB, 247 LEBs), journal size 784896 bytes (0 MiB, 12 LEBs)
[   94.540000] UBIFS (ubi8:3): reserved for root: 763076 bytes (745 KiB)
[   94.640000] UBIFS (ubi8:3): media format: w5/r0 (latest is w5/r0), UUID 4D589EF4-9175-4F76-B384-1965B1D7B962, small LPT model
[   94.640000] UBIFS (ubi8:3): background thread "ubifs_bgt8_3" started, PID 1220
[  269.570000] ucd9000 11-0064: Device ID UCD90160|2.3.4.0000|110603
[  272.170000] ucd9000 11-0064: Device ID UCD90160|2.3.4.0000|110603
[  282.610000] occ-hwmon occ1-dev0: failed to get OCC poll response: -19
[  282.880000] occ-hwmon occ2-dev0: failed to get OCC poll response: -19
[  420.700000] ftgmac100 1e660000.ethernet eth0: no vlan ids left to set
[  420.700000] ftgmac100 1e660000.ethernet eth0: NCSI interface down
[  423.840000] ftgmac100 1e660000.ethernet eth0: no vlan ids left to set
[  423.840000] ftgmac100 1e660000.ethernet eth0: NCSI interface up
[  533.060000] ucd9000 11-0064: Device ID UCD90160|2.3.4.0000|110603
[  535.420000] ucd9000 11-0064: Device ID UCD90160|2.3.4.0000|110603
[  546.230000] occ-hwmon occ1-dev0: failed to get OCC poll response: -19
[  546.690000] occ-hwmon occ2-dev0: failed to get OCC poll response: -19
[ 2871.370000] block ubiblock0_0: released
[ 3020.020000] block ubiblock0_0: created from ubi0:0(rofs-f2dca953)
