spawn ssh -p 2200 -o StrictHostKeyChecking no root@9.3.86.161
Warning: Permanently added '[9.3.86.161]:2200' (RSA) to the list of known hosts.
root@9.3.86.161's password: 


--== Welcome to Hostboot hostboot-c68be97/hbicore.bin ==--

  3.91377|secure|Booting in non-secure mode.
  3.91378|secure|SecureROM valid - enabling functionality
  6.96167|ISTEP  6. 5 - host_init_fsi
  7.06964|ISTEP  6. 6 - host_set_ipl_parms
  7.08820|ISTEP  6. 7 - host_discover_targets
  7.62025|HWAS|PRESENT> DIMM[03]=FF77000000000000
  7.62026|HWAS|PRESENT> Proc[05]=C000000000000000
  7.64232|ISTEP  6. 8 - host_update_master_tpm
 16.55131|SECURE|Security Access Bit> 0x0000000000000000
 16.55132|SECURE|Secure Mode Disable (via Jumper)> 0xC000000000000000
 16.55142|ISTEP  6. 9 - host_gard
 16.60336|ISTEP  6.10 - host_revert_sbe_mcs_setup
 16.60756|ISTEP  6.11 - host_start_occ_xstop_handler
 16.60933|ISTEP  6.12 - host_voltage_config
 16.64019|ISTEP  7. 2 - mss_volt
 17.09618|ISTEP  7. 3 - mss_freq
 17.18153|ISTEP  7. 4 - mss_eff_config
 19.83703|ISTEP  7. 5 - mss_attr_update
 19.84679|ISTEP  8. 1 - host_slave_sbe_config
 19.88688|ISTEP  8. 2 - host_setup_sbe
 19.89165|ISTEP  8. 3 - host_cbs_start
 19.92021|ISTEP  8. 4 - proc_check_slave_sbe_seeprom_complete
 27.13673|ISTEP  8. 5 - host_attnlisten_proc
 27.13737|ISTEP  8. 6 - host_p9_fbc_eff_config
 27.14259|ISTEP  8. 7 - host_p9_eff_config_links
 27.15256|ISTEP  8. 8 - proc_attr_update
 27.15464|ISTEP  8. 9 - proc_chiplet_fabric_scominit
 27.18447|ISTEP  8.10 - proc_xbus_scominit
 28.73644|ISTEP  8.11 - proc_xbus_enable_ridi
 28.73908|ISTEP  9. 1 - fabric_erepair
 29.03873|ISTEP  9. 2 - fabric_io_dccal
 29.70974|ISTEP  9. 3 - fabric_pre_trainadv
 29.71874|ISTEP  9. 4 - fabric_io_run_training
 29.84162|ISTEP  9. 5 - fabric_post_trainadv
 29.84586|ISTEP  9. 6 - proc_smp_link_layer
 29.84947|ISTEP  9. 7 - proc_fab_iovalid
 29.88074|ISTEP  9. 8 - host_fbc_eff_config_aggregate
 29.88777|ISTEP 10. 1 - proc_build_smp
 30.00092|ISTEP 10. 2 - host_slave_sbe_update
 30.81000|ISTEP 10. 3 - host_set_voltages
 30.84141|ISTEP 10. 4 - proc_cen_ref_clk_enable
 30.84672|ISTEP 10. 5 - proc_enable_osclite
 30.84762|ISTEP 10. 6 - proc_chiplet_scominit
 30.87777|ISTEP 10. 7 - proc_abus_scominit
 30.88831|ISTEP 10. 8 - proc_obus_scominit
 30.95002|ISTEP 10. 9 - proc_npu_scominit
 30.97009|ISTEP 10.10 - proc_pcie_scominit
 31.00943|ISTEP 10.11 - proc_scomoverride_chiplets
 31.01252|ISTEP 10.12 - proc_chiplet_enable_ridi
 31.01472|ISTEP 10.13 - host_rng_bist
 31.01660|ISTEP 10.14 - host_update_redundant_tpm
 31.08383|ISTEP 11. 1 - host_prd_hwreconfig
 31.09112|ISTEP 11. 2 - cen_tp_chiplet_init1
 31.09237|ISTEP 11. 3 - cen_pll_initf
 31.09358|ISTEP 11. 4 - cen_pll_setup
 31.10395|ISTEP 11. 5 - cen_tp_chiplet_init2
 31.10548|ISTEP 11. 6 - cen_tp_arrayinit
 31.10695|ISTEP 11. 7 - cen_tp_chiplet_init3
 31.10949|ISTEP 11. 8 - cen_chiplet_init
 31.11101|ISTEP 11. 9 - cen_arrayinit
 31.11200|ISTEP 11.10 - cen_initf
 31.11320|ISTEP 11.11 - cen_do_manual_inits
 31.11452|ISTEP 11.12 - cen_startclocks
 31.11601|ISTEP 11.13 - cen_scominits
 31.11702|ISTEP 12. 1 - mss_getecid
 31.12201|ISTEP 12. 2 - dmi_attr_update
 31.12321|ISTEP 12. 3 - proc_dmi_scominit
 31.12551|ISTEP 12. 4 - cen_dmi_scominit
 31.12707|ISTEP 12. 5 - dmi_erepair
 31.12842|ISTEP 12. 6 - dmi_io_dccal
 31.12951|ISTEP 12. 7 - dmi_pre_trainadv
 31.13050|ISTEP 12. 8 - dmi_io_run_training
 31.13202|ISTEP 12. 9 - dmi_post_trainadv
 31.13339|ISTEP 12.10 - proc_cen_framelock
 31.13449|ISTEP 12.11 - host_startprd_dmi
 31.13550|ISTEP 12.12 - host_attnlisten_memb
 31.13735|ISTEP 12.13 - cen_set_inband_addr
 31.13848|ISTEP 13. 1 - host_disable_memvolt
 31.28227|ISTEP 13. 2 - mem_pll_reset
 31.29675|ISTEP 13. 3 - mem_pll_initf
 31.34335|ISTEP 13. 4 - mem_pll_setup
 31.37001|ISTEP 13. 6 - mem_startclocks
 31.38668|ISTEP 13. 7 - host_enable_memvolt
 31.38801|ISTEP 13. 8 - mss_scominit
 31.67820|ISTEP 13. 9 - mss_ddr_phy_reset
 31.74506|ISTEP 13.10 - mss_draminit
 32.00334|ISTEP 13.11 - mss_draminit_training
 32.34124|ISTEP 13.12 - mss_draminit_trainadv
 32.34295|ISTEP 13.13 - mss_draminit_mc
 32.37286|ISTEP 14. 1 - mss_memdiag
 42.74006|ISTEP 14. 2 - mss_thermal_init
 42.75510|ISTEP 14. 3 - proc_pcie_config
 42.77072|ISTEP 14. 4 - mss_power_cleanup
 42.77269|ISTEP 14. 5 - proc_setup_bars
 42.81297|ISTEP 14. 6 - proc_htm_setup
 42.82370|ISTEP 14. 7 - proc_exit_cache_contained
 42.83866|ISTEP 15. 1 - host_build_stop_image
 43.78749|ISTEP 15. 2 - proc_set_pba_homer_bar
 43.79124|ISTEP 15. 3 - host_establish_ex_chiplet
 43.79851|ISTEP 15. 4 - host_start_stop_engine
 43.90232|ISTEP 16. 1 - host_activate_master
  0.00707|ISTEP 16. 2 - host_activate_slave_cores
 45.55676|ISTEP 16. 3 - host_secure_rng
 45.54240|ISTEP 16. 4 - mss_scrub
 45.57397|ISTEP 16. 5 - host_ipl_complete
 45.58899|ISTEP 16. 6 - host_load_io_ppe
 45.61418|ISTEP 18.11 - proc_tod_setup
 45.72870|ISTEP 18.12 - proc_tod_init
 45.76747|ISTEP 20. 1 - host_load_payload
 46.18021|ISTEP 20. 2 - host_load_hdat
 49.97965|ISTEP 21. 1 - host_runtime_setup
 50.11024|dw-Setting HDAT HB Reserved Memory Range: ibm,homer-image RangeType 0x4 RangeId 0x0 StartAddress 0x80002017FD800000 EndAddress 0x80002017FDBFFFFF
 50.11028|dw-Setting HDAT HB Reserved Memory Range: ibm,homer-image RangeType 0x4 RangeId 0x8 StartAddress 0x80002017FDC00000 EndAddress 0x80002017FDFFFFFF
 50.11032|dw-Setting HDAT HB Reserved Memory Range: ibm,occ-common-area RangeType 0x4 RangeId 0x0 StartAddress 0x80002017FF800000 EndAddress 0x80002017FFFFFFFF
 50.52486|dw-Setting HDAT HB Reserved Memory Range: ibm,hbrt-data RangeType 0x1 RangeId 0x0 StartAddress 0x80002017FD670000 EndAddress 0x80002017FD7FFFFF
 52.27880|dw-Setting HDAT HB Reserved Memory Range: ibm,hbrt-code-image RangeType 0x1 RangeId 0x0 StartAddress 0x80002017FD390000 EndAddress 0x80002017FD66FFFF
 52.29629|dw-Setting HDAT HB Reserved Memory Range: ibm,sbe-comm RangeType 0x1 RangeId 0x0 StartAddress 0x80002017FD380000 EndAddress 0x80002017FD38FFFF
 52.29633|dw-Setting HDAT HB Reserved Memory Range: ibm,sbe-ffdc RangeType 0x1 RangeId 0x0 StartAddress 0x80002017FD370000 EndAddress 0x80002017FD37FFFF
 52.31193|dw-Setting HDAT HB Reserved Memory Range: ibm,sbe-comm RangeType 0x1 RangeId 0x8 StartAddress 0x80002017FD360000 EndAddress 0x80002017FD36FFFF
 52.31197|dw-Setting HDAT HB Reserved Memory Range: ibm,sbe-ffdc RangeType 0x1 RangeId 0x8 StartAddress 0x80002017FD350000 EndAddress 0x80002017FD35FFFF
 52.32207|dw-Setting HDAT HB Reserved Memory Range: ibm,secure-crypt-algo-code RangeType 0x3 RangeId 0x0 StartAddress 0x80002017FD340000 EndAddress 0x80002017FD34FFFF
 52.58432|dw-Setting HDAT HB Reserved Memory Range: OCC RangeType 0x5 RangeId 0x0 StartAddress 0x80002017FD2A0000 EndAddress 0x80002017FD33FFFF
 52.59616|dw-Setting HDAT HB Reserved Memory Range: WOFDATA RangeType 0x5 RangeId 0x0 StartAddress 0x80002017FD1A0000 EndAddress 0x80002017FD29FFFF
 52.61571|dw-Setting HDAT HB Reserved Memory Range: HCODE RangeType 0x5 RangeId 0x0 StartAddress 0x80002017FD130000 EndAddress 0x80002017FD19FFFF
 60.46062|htmgt|OCCs are now running in ACTIVE state
 60.45920|ISTEP 21. 2 - host_verify_hdat
 60.41865|ISTEP 21. 3 - host_start_payload
[   78.213843225,5] OPAL skiboot-v5.8-rc1-pd9d2012 starting...
[   78.213847192,7] initial console log level: memory 7, driver 5
[   78.213849301,6] CPU: P9 generation processor (max 4 threads/core)
[   78.213851318,7] CPU: Boot CPU PIR is 0x005c PVR is 0x004e1200
[   78.213853361,7] CPU: Initial max PIR set to 0x7fff
[   78.214843579,7] OPAL table: 0x300e4740 .. 0x300e4c80, branch table: 0x30002000
[   78.214846987,7] Assigning physical memory map table for nimbus
[   78.214849751,7] Parsing HDAT...
[   78.214851220,5] SPIRA-S found.
[   78.214853581,6] BMC #0: HW version 3, SW version 2, chip DD1.0
[   78.215059531,4] SENSORS: Duplicate sensor ID : 8
[   78.215219889,4] SENSORS: Duplicate sensor ID : 9
[   78.215221910,6] SP Family is openbmc
[   78.215227580,7] LPC: IOPATH chip id = 0
[   78.215228986,7] LPC: FW BAR       = f0000000
[   78.215230588,7] LPC: MEM BAR      = e0000000
[   78.215232151,7] LPC: IO BAR       = d0010000
[   78.215233704,7] LPC: Internal BAR = c0012000
[   78.215246769,7] LPC UART: base addr = 3f8 (3f8) size = 1 clk = 1843200, baud = 115200
[   78.215249666,7] LPC: BT [0, 0] sms_int: 0, bmc_int: 0
[   78.216024567,5] UART: Using UART at 0x60300d00103f8
[   78.218628595,3] I2C: v2 found, but not supported. Parsing as v1
[   78.218947473,3] I2C: v2 found, but not supported. Parsing as v1
[   78.219617773,5] P9 DD2.00 detected
[   78.219665874,5] CHIP: Chip ID 0000 type: P9N DD2.0
[   78.219720674,5] P9 DD2.00 detected
[   78.219752819,5] CHIP: Chip ID 0008 type: P9N DD2.0
[   78.220094276,5] SLW: Enabling: stop0_lite
[   78.220144633,5] SLW: Enabling: stop0
[   78.220304567,5] PLAT: Using virtual UART
[   78.220508495,7] LPC: Routing irq 9, policy: 0 (r=1)
[   78.220510383,7] LPC: SerIRQ 9 using route 0 targetted at OPAL
[   78.220816217,5] PLAT: Detected Witherspoon platform
[   78.221763692,5] PLAT: Detected BMC platform OpenBMC
[   78.262611518,5] CPU: All 176 processors called in...
[    2.382959802,5] FLASH: Found system flash:  id:0
[    2.383066797,5] BT: Interface initialized, IO 0x00e4
[    2.383109633,7] LPC: Routing irq 10, policy: 0 (r=1)
[    2.383111229,7] LPC: SerIRQ 10 using route 1 targetted at OPAL
[    4.332071763,5] NVRAM: Size is 576 KB
[    5.023519488,5] STB: secure and trusted boot not supported
[    5.023590920,5] OPAL: Using OPAL UART console
[    5.023628444,7] LPC: Routing irq 4, policy: 0 (r=1)
[    5.023629823,7] LPC: SerIRQ 4 using route 2 targetted at OPAL
[    5.024890993,5] VAS: Initialized chip 0
[    5.026004012,5] VAS: Initialized chip 8
[    5.026187784,5] Found ibm,power9-nx
[    5.026237512,3] NX0: DMA VAS MMIO BAR, 0x0006019100000000, xcfg 0x201105e
[    5.026373931,5] Found ibm,power9-nx
[    5.026408589,3] NX8: DMA VAS MMIO BAR, 0x0006219100000000, xcfg 0x201105e
[    7.253634216,3] FLASH: flash subpartition not found.
[    7.253701668,3] FLASH: Failed to parse subpart info for CAPP
[    7.254978715,3] CAPP: Error loading ucode lid. index=200d1
[    7.279121928,5] PCI: Resetting PHBs and training links...
[    8.312166432,5] PCI: Probing slots...
[    8.366225764,3] PCI: built-in device not found:  (loc: 100)
[    8.366270168,3] PCI: built-in device not found: GPU0 down (loc: 250)
[    8.366309439,3] PCI: built-in device not found: GPU0 (loc: 400)
[    8.366352213,3] PCI: built-in device not found: GPU1 down (loc: 258)
[    8.366391431,3] PCI: built-in device not found: GPU1 (loc: 500)
[    8.366446539,3] PCI: built-in device not found: GPU2 down (loc: 260)
[    8.366485668,3] PCI: built-in device not found: GPU2 (loc: 600)
[    8.366533497,3] PCI: built-in device not found:  (loc: 100)
[    8.366572308,3] PCI: built-in device not found: GPU3 down (loc: 220)
[    8.366611309,3] PCI: built-in device not found: GPU3 (loc: 300)
[    8.366653798,3] PCI: built-in device not found: GPU4 down (loc: 228)
[    8.366692867,3] PCI: built-in device not found: GPU4 (loc: 400)
[    8.366735398,3] PCI: built-in device not found: GPU5 down (loc: 268)
[    8.366776862,3] PCI: built-in device not found: GPU5 (loc: 500)
[    8.366828564,5] PHB#0000:00:00.0 [ROOT] 1014 04c1 R:00 C:060400 B:00..00 
[    8.366877228,5] PHB#0001:00:00.0 [ROOT] 1014 04c1 R:00 C:060400 B:01..01 
[    8.366928271,5] PHB#0001:01:00.0 [EP  ] 104c 8241 R:02 C:0c0330 (      usb-xhci) 
[    8.366987157,5] PHB#0002:00:00.0 [ROOT] 1014 04c1 R:00 C:060400 B:01..02 
[    8.367042130,5] PHB#0002:01:00.0 [ETOX] 1a03 1150 R:04 C:060400 B:02..02 
[    8.367107217,5] PHB#0002:02:00.0 [PCID] 1a03 2000 R:41 C:030000 (           vga) 
[    8.367160850,5] PHB#0003:00:00.0 [ROOT] 1014 04c1 R:00 C:060400 B:00..00 
[    8.367214012,5] PHB#0004:00:00.0 [ROOT] 1014 04c1 R:00 C:060400 B:01..06 
[    8.367268626,5] PHB#0004:01:00.0 [SWUP] 10b5 8725 R:ca C:060400 B:02..06 
[    8.367339107,5] PHB#0004:02:02.0 [SWDN] 10b5 8725 R:ca C:060400 B:03..03 SLOT=S000403 
[    8.367404343,5] PHB#0004:03:00.0 [LGCY] 1b4b 9235 R:11 C:010601 (          sata) LOC_CODE=S000403
[    8.367474987,5] PHB#0004:02:0a.0 [SWDN] 10b5 8725 R:ca C:060400 B:04..04 SLOT=GPU0 down 
[    8.367546110,5] PHB#0004:02:0b.0 [SWDN] 10b5 8725 R:ca C:060400 B:05..05 SLOT=GPU1 down 
[    8.367619636,5] PHB#0004:02:0c.0 [SWDN] 10b5 8725 R:ca C:060400 B:06..06 SLOT=GPU2 down 
[    8.367685818,5] PHB#0004:01:00.1 [EP  ] 10b5 87d0 R:ca C:088000 (system-peripheral) 
[    8.367743031,5] PHB#0004:01:00.2 [EP  ] 10b5 87d0 R:ca C:088000 (system-peripheral) 
[    8.367805494,5] PHB#0004:01:00.3 [EP  ] 10b5 87d0 R:ca C:088000 (system-peripheral) 
[    8.367868038,5] PHB#0004:01:00.4 [EP  ] 10b5 87d0 R:ca C:088000 (system-peripheral) 
[    8.367922863,5] PHB#0005:00:00.0 [ROOT] 1014 04c1 R:00 C:060400 B:01..01 
[    8.367978152,5] PHB#0005:01:00.0 [EP  ] 14e4 1657 R:01 C:020000 (      ethernet) 
[    8.368039040,5] PHB#0005:01:00.1 [EP  ] 14e4 1657 R:01 C:020000 (      ethernet) 
[    8.368098233,5] PHB#0006:00:00.0 [EP  ] 1014 04ea R:01 C:060400 (           pci) SLOT=GPU0 
[    8.368165098,5] PHB#0006:00:00.1 [EP  ] 1014 04ea R:01 C:060400 (           pci) SLOT=GPU0 
[    8.368234470,5] PHB#0006:00:01.0 [EP  ] 1014 04ea R:01 C:060400 (           pci) SLOT=GPU1 
[    8.368301647,5] PHB#0006:00:01.1 [EP  ] 1014 04ea R:01 C:060400 (           pci) SLOT=GPU1 
[    8.368368609,5] PHB#0006:00:02.0 [EP  ] 1014 04ea R:01 C:060400 (           pci) SLOT=GPU2 
[    8.368435740,5] PHB#0006:00:02.1 [EP  ] 1014 04ea R:01 C:060400 (           pci) SLOT=GPU2 
[    8.368502511,5] PHB#0007:00:00.0 [EP  ] 1014 04ea R:01 C:060400 (           pci) SLOT=GPU3 
[    8.368569477,5] PHB#0007:00:00.1 [EP  ] 1014 04ea R:01 C:060400 (           pci) SLOT=GPU3 
[    8.368636073,5] PHB#0007:00:01.0 [EP  ] 1014 04ea R:01 C:060400 (           pci) SLOT=GPU4 
[    8.368703073,5] PHB#0007:00:01.1 [EP  ] 1014 04ea R:01 C:060400 (           pci) SLOT=GPU4 
[    8.368770094,5] PHB#0007:00:02.0 [EP  ] 1014 04ea R:01 C:060400 (           pci) SLOT=GPU5 
[    8.368837241,5] PHB#0007:00:02.1 [EP  ] 1014 04ea R:01 C:060400 (           pci) SLOT=GPU5 
[    8.368899222,5] PHB#0030:00:00.0 [ROOT] 1014 04c1 R:00 C:060400 B:00..00 
[    8.368952947,5] PHB#0033:00:00.0 [ROOT] 1014 04c1 R:00 C:060400 B:00..00 
[    8.369006303,5] PHB#0034:00:00.0 [ROOT] 1014 04c1 R:00 C:060400 B:00..00 
[    8.369059750,5] PHB#0035:00:00.0 [ROOT] 1014 04c1 R:00 C:060400 B:01..08 
[    8.369114706,5] PHB#0035:01:00.0 [SWUP] 10b5 8725 R:ca C:060400 B:02..08 
[    8.369179323,5] PHB#0035:02:08.0 [SWDN] 10b5 8725 R:ca C:060400 B:03..07 
[    8.369235176,5] PHB#0035:02:0d.0 [SWDN] 10b5 8725 R:ca C:060400 B:08..08 SLOT=GPU5 down 
[   17.395663706,5] IPMI: Resetting boot count on successful boot
[   17.396180970,5] INIT: Waiting for kernel...
[   17.397400879,5] INIT: 64-bit LE kernel discovered
[   17.398630127,5] OCC: All Chip Rdy after 0 ms
[   17.443874619,5] INIT: Starting kernel at 0x20011000, fdt at 0x30957c40 349535 bytes)
[   18.403671012,5] OPAL: Switch to little-endian OS
[    0.000000] opal: OPAL detected !
[    0.000000] OF: reserved mem: not enough space all defined regions.
[    0.000000] OF: reserved mem: not enough space all defined regions.
[    0.000000] OF: reserved mem: not enough space all defined regions.
[    0.000000] Page sizes from device-tree:
[    0.000000] Page size shift = 12 AP=0x0
[    0.000000] Page size shift = 16 AP=0x5
[    0.000000] Page size shift = 21 AP=0x1
[    0.000000] Page size shift = 30 AP=0x2
[    0.000000] Initializing Radix MMU
[    0.000000] Partition table c0002017ff7f0000
[    0.000000] Mapped range 0x0 - 0x2000000000 with 0x40000000
[    0.000000] Mapped range 0x200000000000 - 0x200c00000000 with 0x40000000
[    0.000000] Mapped range 0x201000000000 - 0x201800000000 with 0x40000000
[    0.000000] Process table c0002017fe800000 and radix root for kernel: c000000001440000
[    0.000000] Linux version 4.12.8-openpower1 (fspbld@gfwa610.aus.stglabs.ibm.com) (gcc version 6.3.0 (Buildroot 2017.05.2-00163-g8035745) ) #2 SMP Wed Aug 30 16:46:19 CDT 2017
[    0.000000] OPAL: Found memory mapped LPC bus on chip 0
[    0.000000] Using PowerNV machine description
[    0.000000] bootconsole [udbg0] enabled
[    0.000000] CPU maps initialized for 4 threads per core
 -> smp_release_cpus()
spinning_secondaries = 175
 <- smp_release_cpus()
[    0.000000] -----------------------------------------------------
[    0.000000] ppc64_pft_size    = 0x0
[    0.000000] phys_mem_size     = 0x3400000000
[    0.000000] dcache_bsize      = 0x80
[    0.000000] icache_bsize      = 0x80
[    0.000000] cpu_features      = 0x075c7afd18500249
[    0.000000]   possible        = 0x5f7fffff18500649
[    0.000000]   always          = 0x0000000018100040
[    0.000000] cpu_user_features = 0xdc0065c2 0xaee00000
[    0.000000] mmu_features      = 0x3c006041
[    0.000000] firmware_features = 0x0000000010000000
[    0.000000] -----------------------------------------------------
[    0.000000] numa:   NODE_DATA [mem 0x1fffff6700-0x1fffffffff]
[    0.000000] numa:   NODE_DATA [mem 0x2017ff6e2700-0x2017ff6ebfff]
[    0.000000] numa:   NODE_DATA [mem 0x2017ff6a6700-0x2017ff6affff]
[    0.000000] numa:     NODE_DATA(250) on node 8
[    0.000000] numa:   NODE_DATA [mem 0x2017ff69ce00-0x2017ff6a66ff]
[    0.000000] numa:     NODE_DATA(251) on node 8
[    0.000000] numa:   NODE_DATA [mem 0x2017ff693500-0x2017ff69cdff]
[    0.000000] numa:     NODE_DATA(252) on node 8
[    0.000000] numa:   NODE_DATA [mem 0x2017ff689c00-0x2017ff6934ff]
[    0.000000] numa:     NODE_DATA(253) on node 8
[    0.000000] numa:   NODE_DATA [mem 0x2017ff680300-0x2017ff689bff]
[    0.000000] numa:     NODE_DATA(254) on node 8
[    0.000000] numa:   NODE_DATA [mem 0x2017ff676a00-0x2017ff6802ff]
[    0.000000] numa:     NODE_DATA(255) on node 8
[    0.000000] Initializing IODA2 PHB (/pciex@600c3c0000000)
[    0.000000] PCI host bridge /pciex@600c3c0000000 (primary) ranges:
[    0.000000]  MEM 0x000600c000000000..0x000600c07ffeffff -> 0x0000000080000000 
[    0.000000]  MEM 0x0006000000000000..0x0006003fffffffff -> 0x0006000000000000 (M64 #1..31)
[    0.000000]  Using M64 #31 as default window
[    0.000000]   512 (511) PE's M32: 0x80000000 [segment=0x400000]
[    0.000000]                  M64: 0x4000000000 [segment=0x20000000]
[    0.000000]   Allocated bitmap for 4088 MSIs (base IRQ 0xfe000)
[    0.000000] Initializing IODA2 PHB (/pciex@600c3c0100000)
[    0.000000] PCI host bridge /pciex@600c3c0100000  ranges:
[    0.000000]  MEM 0x000600c080000000..0x000600c0fffeffff -> 0x0000000080000000 
[    0.000000]  MEM 0x0006004000000000..0x0006007fffffffff -> 0x0006004000000000 (M64 #1..15)
[    0.000000]  Using M64 #15 as default window
[    0.000000]   256 (255) PE's M32: 0x80000000 [segment=0x800000]
[    0.000000]                  M64: 0x4000000000 [segment=0x40000000]
[    0.000000]   Allocated bitmap for 2040 MSIs (base IRQ 0xfd800)
[    0.000000] Initializing IODA2 PHB (/pciex@600c3c0200000)
[    0.000000] PCI host bridge /pciex@600c3c0200000  ranges:
[    0.000000]  MEM 0x000600c100000000..0x000600c17ffeffff -> 0x0000000080000000 
[    0.000000]  MEM 0x0006008000000000..0x000600bfffffffff -> 0x0006008000000000 (M64 #1..15)
[    0.000000]  Using M64 #15 as default window
[    0.000000]   256 (255) PE's M32: 0x80000000 [segment=0x800000]
[    0.000000]                  M64: 0x4000000000 [segment=0x40000000]
[    0.000000]   Allocated bitmap for 2040 MSIs (base IRQ 0xfd000)
[    0.000000] Initializing IODA2 PHB (/pciex@600c3c0300000)
[    0.000000] PCI host bridge /pciex@600c3c0300000  ranges:
[    0.000000]  MEM 0x000600c180000000..0x000600c1fffeffff -> 0x0000000080000000 
[    0.000000]  MEM 0x0006020000000000..0x0006023fffffffff -> 0x0006020000000000 (M64 #1..31)
[    0.000000]  Using M64 #31 as default window
[    0.000000]   512 (511) PE's M32: 0x80000000 [segment=0x400000]
[    0.000000]                  M64: 0x4000000000 [segment=0x20000000]
[    0.000000]   Allocated bitmap for 4088 MSIs (base IRQ 0xfc000)
[    0.000000] Initializing IODA2 PHB (/pciex@600c3c0400000)
[    0.000000] PCI host bridge /pciex@600c3c0400000  ranges:
[    0.000000]  MEM 0x000600c200000000..0x000600c27ffeffff -> 0x0000000080000000 
[    0.000000]  MEM 0x0006024000000000..0x0006027fffffffff -> 0x0006024000000000 (M64 #1..15)
[    0.000000]  Using M64 #15 as default window
[    0.000000]   256 (255) PE's M32: 0x80000000 [segment=0x800000]
[    0.000000]                  M64: 0x4000000000 [segment=0x40000000]
[    0.000000]   Allocated bitmap for 2040 MSIs (base IRQ 0xfb800)
[    0.000000] Initializing IODA2 PHB (/pciex@600c3c0500000)
[    0.000000] PCI host bridge /pciex@600c3c0500000  ranges:
[    0.000000]  MEM 0x000600c280000000..0x000600c2fffeffff -> 0x0000000080000000 
[    0.000000]  MEM 0x0006028000000000..0x000602bfffffffff -> 0x0006028000000000 (M64 #1..15)
[    0.000000]  Using M64 #15 as default window
[    0.000000]   256 (255) PE's M32: 0x80000000 [segment=0x800000]
[    0.000000]                  M64: 0x4000000000 [segment=0x40000000]
[    0.000000]   Allocated bitmap for 2040 MSIs (base IRQ 0xfb000)
[    0.000000] Initializing IODA2 PHB (/pciex@620c3c0000000)
[    0.000000] PCI host bridge /pciex@620c3c0000000  ranges:
[    0.000000]  MEM 0x000620c000000000..0x000620c07ffeffff -> 0x0000000080000000 
[    0.000000]  MEM 0x0006200000000000..0x0006203fffffffff -> 0x0006200000000000 (M64 #1..31)
[    0.000000]  Using M64 #31 as default window
[    0.000000]   512 (511) PE's M32: 0x80000000 [segment=0x400000]
[    0.000000]                  M64: 0x4000000000 [segment=0x20000000]
[    0.000000]   Allocated bitmap for 4088 MSIs (base IRQ 0x1fe000)
[    0.000000] Initializing IODA2 PHB (/pciex@620c3c0300000)
[    0.000000] PCI host bridge /pciex@620c3c0300000  ranges:
[    0.000000]  MEM 0x000620c180000000..0x000620c1fffeffff -> 0x0000000080000000 
[    0.000000]  MEM 0x0006220000000000..0x0006223fffffffff -> 0x0006220000000000 (M64 #1..31)
[    0.000000]  Using M64 #31 as default window
[    0.000000]   512 (511) PE's M32: 0x80000000 [segment=0x400000]
[    0.000000]                  M64: 0x4000000000 [segment=0x20000000]
[    0.000000]   Allocated bitmap for 4088 MSIs (base IRQ 0x1fd000)
[    0.000000] Initializing IODA2 PHB (/pciex@620c3c0400000)
[    0.000000] PCI host bridge /pciex@620c3c0400000  ranges:
[    0.000000]  MEM 0x000620c200000000..0x000620c27ffeffff -> 0x0000000080000000 
[    0.000000]  MEM 0x0006224000000000..0x0006227fffffffff -> 0x0006224000000000 (M64 #1..15)
[    0.000000]  Using M64 #15 as default window
[    0.000000]   256 (255) PE's M32: 0x80000000 [segment=0x800000]
[    0.000000]                  M64: 0x4000000000 [segment=0x40000000]
[    0.000000]   Allocated bitmap for 2040 MSIs (base IRQ 0x1fc800)
[    0.000000] Initializing IODA2 PHB (/pciex@620c3c0500000)
[    0.000000] PCI host bridge /pciex@620c3c0500000  ranges:
[    0.000000]  MEM 0x000620c280000000..0x000620c2fffeffff -> 0x0000000080000000 
[    0.000000]  MEM 0x0006228000000000..0x000622bfffffffff -> 0x0006228000000000 (M64 #1..15)
[    0.000000]  Using M64 #15 as default window
[    0.000000]   256 (255) PE's M32: 0x80000000 [segment=0x800000]
[    0.000000]                  M64: 0x4000000000 [segment=0x40000000]
[    0.000000]   Allocated bitmap for 2040 MSIs (base IRQ 0x1fc000)
[    0.000000] Initializing NPU PHB (/pciex@6030200000000)
[    0.000000] PCI host bridge /pciex@6030200000000  ranges:
[    0.000000]  MEM 0x0006030201600000..0x000603020171ffff -> 0x0006030201600000 
[    0.000000]   Not support M64 window
[    0.000000]   016 (015) PE's M32: 0x130000 [segment=0x13000]
[    0.000000] Initializing NPU PHB (/pciex@6230200000000)
[    0.000000] PCI host bridge /pciex@6230200000000  ranges:
[    0.000000]  MEM 0x0006230201600000..0x000623020171ffff -> 0x0006230201600000 
[    0.000000]   Not support M64 window
[    0.000000]   016 (015) PE's M32: 0x130000 [segment=0x13000]
[    0.000000] OPAL nvram setup, 589824 bytes
[    0.000000] Zone ranges:
[    0.000000]   DMA      [mem 0x0000000000000000-0x00002017ffffffff]
[    0.000000]   DMA32    empty
[    0.000000]   Normal   empty
[    0.000000] Movable zone start for each node
[    0.000000] Early memory node ranges
[    0.000000]   node   0: [mem 0x0000000000000000-0x0000001fffffffff]
[    0.000000]   node   8: [mem 0x0000200000000000-0x0000200bffffffff]
[    0.000000]   node   8: [mem 0x0000201000000000-0x00002017ffffffff]
[    0.000000] Initmem setup node 0 [mem 0x0000000000000000-0x0000001fffffffff]
[    0.000000] Initmem setup node 8 [mem 0x0000200000000000-0x00002017ffffffff]
[    0.000000] Could not find start_pfn for node 250
[    0.000000] Initmem setup node 250 [mem 0x0000000000000000-0x0000000000000000]
[    0.000000] Could not find start_pfn for node 251
[    0.000000] Initmem setup node 251 [mem 0x0000000000000000-0x0000000000000000]
[    0.000000] Could not find start_pfn for node 252
[    0.000000] Initmem setup node 252 [mem 0x0000000000000000-0x0000000000000000]
[    0.000000] Could not find start_pfn for node 253
[    0.000000] Initmem setup node 253 [mem 0x0000000000000000-0x0000000000000000]
[    0.000000] Could not find start_pfn for node 254
[    0.000000] Initmem setup node 254 [mem 0x0000000000000000-0x0000000000000000]
[    0.000000] Could not find start_pfn for node 255
[    0.000000] Initmem setup node 255 [mem 0x0000000000000000-0x0000000000000000]
[    0.000000] percpu: Embedded 2 pages/cpu @c000001ff84b0000 s67992 r0 d63080 u131072
[    0.000000] Built 8 zonelists in Node order, mobility grouping on.  Total pages: 3404960
[    0.000000] Policy zone: DMA
[    0.000000] Kernel command line: console=tty0 console=hvc0 powersave=off
[    0.000000] log_buf_len individual max cpu contribution: 4096 bytes
[    0.000000] log_buf_len total cpu_extra contributions: 716800 bytes
[    0.000000] log_buf_len min size: 1048576 bytes
[    0.000000] log_buf_len: 2097152 bytes
[    0.000000] early log buf free: 1033784(98%)
[    0.000000] PID hash table entries: 4096 (order: -1, 32768 bytes)
[    0.000000] Memory: 217623296K/218103808K available (6208K kernel code, 1088K rwdata, 1968K rodata, 11456K init, 1693K bss, 480512K reserved, 0K cma-reserved)
[    0.000000] SLUB: HWalign=128, Order=0-3, MinObjects=0, CPUs=176, Nodes=256
[    0.000000] Hierarchical RCU implementation.
[    0.000000] 	RCU debugfs-based tracing is enabled.
[    0.000000] 	RCU restricting CPUs from NR_CPUS=2048 to nr_cpu_ids=176.
[    0.000000] RCU: Adjusting geometry for rcu_fanout_leaf=16, nr_cpu_ids=176
[    0.000000] NR_IRQS:512 nr_irqs:512 16
[    0.000000] xive: VP block alloc, for max VCPUs 176 use order 8
[    0.000000] xive: Interrupt handling intialized with native backend
[    0.000000] xive: Using priority 7 for all interrupts
[    0.000000] xive: Using 64kB queues
[    0.000003] time_init: 56 bit decrementer (max: 7fffffffffffff)
[    0.000215] clocksource: timebase: mask: 0xffffffffffffffff max_cycles: 0x761537d007, max_idle_ns: 440795202126 ns
[    0.000526] clocksource: timebase mult[1f40000] shift[24] registered
[    0.000958] Console: colour dummy device 80x25
[    0.003566] console [tty0] enabled
[    0.003683] console [hvc0] enabled
[    0.003683] console [hvc0] enabled
[    0.003872] bootconsole [udbg0] disabled
[    0.003872] bootconsole [udbg0] disabled
[    0.004514] pid_max: default: 180224 minimum: 1408
[    0.005942] Security Framework initialized
[    0.009298] Dentry cache hash table entries: 33554432 (order: 12, 268435456 bytes)
[    0.098679] Inode-cache hash table entries: 16777216 (order: 11, 134217728 bytes)
[    0.163950] Mount-cache hash table entries: 524288 (order: 6, 4194304 bytes)
[    0.164151] Mountpoint-cache hash table entries: 524288 (order: 6, 4194304 bytes)
[    0.169528] EEH: PowerNV platform initialized
[    0.169639] POWER9 performance monitor hardware support registered
[    0.171015] smp: Bringing up secondary CPUs ...
[    0.645765] smp: Brought up 8 nodes, 176 CPUs
[    0.646911] numa: Node 0 CPUs: 0-87
[    0.648293] numa: Node 8 CPUs: 88-175
[    0.649725] numa: Node 250 CPUs:
[    0.651156] numa: Node 251 CPUs:
[    0.653952] numa: Node 252 CPUs:
[    0.655379] numa: Node 253 CPUs:
[    0.656806] numa: Node 254 CPUs:
[    0.658242] numa: Node 255 CPUs:
[    0.676937] devtmpfs: initialized
[    0.693290] evm: security.capability
[    0.694004] clocksource: jiffies: mask: 0xffffffff max_cycles: 0xffffffff, max_idle_ns: 19112604462750000 ns
[    0.694263] futex hash table entries: 65536 (order: 7, 8388608 bytes)
[    0.695954] NET: Registered protocol family 16
[    0.696626] cpuidle: using governor menu
[   22.089731069,3] LPC: Got LPC reset on chip 0x0 !
[   22.089734601,3] LPC[000]: Unknown LPC error Error address reg: 0x00000000
[   22.089744085,6] IPMI: dropping non severe PEL event
[   22.089876662,7] UART: IRQ functional !
[    0.756593] PCI: Probing PCI hardware
[    0.756688] PCI host bridge to bus 0000:00
[    0.756760] pci_bus 0000:00: root bus resource [mem 0x600c000000000-0x600c07ffeffff] (bus address [0x80000000-0xfffeffff])
[    0.756913] pci_bus 0000:00: root bus resource [mem 0x6000000000000-0x6003fbfffffff 64bit pref]
[    0.757043] pci_bus 0000:00: root bus resource [bus 00-ff]
[    0.757206] pci 0000:00:00.0: Disabling memory decoding and releasing memory resources.
[    0.757315] pci 0000:00:00.0: disabling bridge mem windows
[    0.757538] pci 0000:00:00.0: bridge configuration invalid ([bus 00-00]), reconfiguring
[    0.757721] pci 0000:00:00.0: PCI bridge to [bus 01-ff]
[    0.757851] PCI host bridge to bus 0001:00
[    0.757901] pci_bus 0001:00: root bus resource [mem 0x600c080000000-0x600c0fffeffff] (bus address [0x80000000-0xfffeffff])
[    0.758055] pci_bus 0001:00: root bus resource [mem 0x6004000000000-0x6007f7fffffff 64bit pref]
[    0.758180] pci_bus 0001:00: root bus resource [bus 00-ff]
[    0.758328] pci 0001:00:00.0: Disabling memory decoding and releasing memory resources.
[    0.758445] pci 0001:00:00.0: disabling bridge mem windows
[    0.758833] pci 0001:01:00.0: Disabling memory decoding and releasing memory resources.
[    0.758946] pci 0001:01:00.0: BAR2 [mem size 0x00002000 64bit]: requesting alignment to 0x10000
[    0.759241] pci 0001:00:00.0: PCI bridge to [bus 01]
[    0.759480] PCI host bridge to bus 0002:00
[    0.759538] pci_bus 0002:00: root bus resource [mem 0x600c100000000-0x600c17ffeffff] (bus address [0x80000000-0xfffeffff])
[    0.759685] pci_bus 0002:00: root bus resource [mem 0x6008000000000-0x600bf7fffffff 64bit pref]
[    0.759816] pci_bus 0002:00: root bus resource [bus 00-ff]
[    0.759970] pci 0002:00:00.0: Disabling memory decoding and releasing memory resources.
[    0.760072] pci 0002:00:00.0: disabling bridge mem windows
[    0.760445] pci 0002:01:00.0: Disabling memory decoding and releasing memory resources.
[    0.760557] pci 0002:01:00.0: disabling bridge mem windows
[    0.760800] pci 0002:00:00.0: PCI bridge to [bus 01-02]
[    0.761124] pci 0002:02:00.0: Disabling memory decoding and releasing memory resources.
[    0.761374] pci 0002:01:00.0: PCI bridge to [bus 02]
[    0.761538] PCI host bridge to bus 0003:00
[    0.761591] pci_bus 0003:00: root bus resource [mem 0x600c180000000-0x600c1fffeffff] (bus address [0x80000000-0xfffeffff])
[    0.761739] pci_bus 0003:00: root bus resource [mem 0x6020000000000-0x6023fbfffffff 64bit pref]
[    0.761874] pci_bus 0003:00: root bus resource [bus 00-ff]
[    0.762026] pci 0003:00:00.0: Disabling memory decoding and releasing memory resources.
[    0.762147] pci 0003:00:00.0: disabling bridge mem windows
[    0.762353] pci 0003:00:00.0: bridge configuration invalid ([bus 00-00]), reconfiguring
[    0.762519] pci 0003:00:00.0: PCI bridge to [bus 01-ff]
[    0.762636] PCI host bridge to bus 0004:00
[    0.762695] pci_bus 0004:00: root bus resource [mem 0x600c200000000-0x600c27ffeffff] (bus address [0x80000000-0xfffeffff])
[    0.762846] pci_bus 0004:00: root bus resource [mem 0x6024000000000-0x6027f7fffffff 64bit pref]
[    0.762974] pci_bus 0004:00: root bus resource [bus 00-ff]
[    0.763127] pci 0004:00:00.0: Disabling memory decoding and releasing memory resources.
[    0.763240] pci 0004:00:00.0: disabling bridge mem windows
[    0.763614] pci 0004:01:00.0: Disabling memory decoding and releasing memory resources.
[    0.763726] pci 0004:01:00.0: disabling bridge mem windows
[    0.764142] pci 0004:01:00.1: Disabling memory decoding and releasing memory resources.
[    0.764265] pci 0004:01:00.1: BAR0 [mem size 0x00002000]: requesting alignment to 0x10000
[    0.764649] pci 0004:01:00.2: Disabling memory decoding and releasing memory resources.
[    0.764698] random: fast init done
[    0.764818] pci 0004:01:00.2: BAR0 [mem size 0x00002000]: requesting alignment to 0x10000
[    0.765191] pci 0004:01:00.3: Disabling memory decoding and releasing memory resources.
[    0.765299] pci 0004:01:00.3: BAR0 [mem size 0x00002000]: requesting alignment to 0x10000
[    0.765676] pci 0004:01:00.4: Disabling memory decoding and releasing memory resources.
[    0.765787] pci 0004:01:00.4: BAR0 [mem size 0x00002000]: requesting alignment to 0x10000
[    0.765997] pci 0004:00:00.0: PCI bridge to [bus 01-06]
[    0.766405] pci 0004:02:02.0: Disabling memory decoding and releasing memory resources.
[    0.766472] pci 0004:02:02.0: disabling bridge mem windows
[    0.766805] pci 0004:02:0a.0: Disabling memory decoding and releasing memory resources.
[    0.766872] pci 0004:02:0a.0: disabling bridge mem windows
[    0.767201] pci 0004:02:0b.0: Disabling memory decoding and releasing memory resources.
[    0.767268] pci 0004:02:0b.0: disabling bridge mem windows
[    0.767595] pci 0004:02:0c.0: Disabling memory decoding and releasing memory resources.
[    0.767663] pci 0004:02:0c.0: disabling bridge mem windows
[    0.767884] pci 0004:01:00.0: PCI bridge to [bus 02-06]
[    0.769429] pci 0004:03:00.0: Disabling memory decoding and releasing memory resources.
[    0.769499] pci 0004:03:00.0: BAR5 [mem size 0x00000800]: requesting alignment to 0x10000
[    0.769705] pci 0004:02:02.0: PCI bridge to [bus 03]
[    0.769855] pci 0004:02:0a.0: PCI bridge to [bus 04]
[    0.769987] pci 0004:02:0b.0: PCI bridge to [bus 05]
[    0.770118] pci 0004:02:0c.0: PCI bridge to [bus 06]
[    0.770263] PCI host bridge to bus 0005:00
[    0.770300] pci_bus 0005:00: root bus resource [mem 0x600c280000000-0x600c2fffeffff] (bus address [0x80000000-0xfffeffff])
[    0.770446] pci_bus 0005:00: root bus resource [mem 0x6028000000000-0x602bf7fffffff 64bit pref]
[    0.770517] pci_bus 0005:00: root bus resource [bus 00-ff]
[    0.770635] pci 0005:00:00.0: Disabling memory decoding and releasing memory resources.
[    0.770702] pci 0005:00:00.0: disabling bridge mem windows
[    0.771062] pci 0005:01:00.0: Disabling memory decoding and releasing memory resources.
[    0.771466] pci 0005:01:00.1: Disabling memory decoding and releasing memory resources.
[    0.771718] pci 0005:00:00.0: PCI bridge to [bus 01]
[    0.771904] PCI host bridge to bus 0030:00
[    0.771943] pci_bus 0030:00: root bus resource [mem 0x620c000000000-0x620c07ffeffff] (bus address [0x80000000-0xfffeffff])
[    0.772020] pci_bus 0030:00: root bus resource [mem 0x6200000000000-0x6203fbfffffff 64bit pref]
[    0.772091] pci_bus 0030:00: root bus resource [bus 00-ff]
[    0.772227] pci 0030:00:00.0: Disabling memory decoding and releasing memory resources.
[    0.772295] pci 0030:00:00.0: disabling bridge mem windows
[    0.772489] pci 0030:00:00.0: bridge configuration invalid ([bus 00-00]), reconfiguring
[    0.772629] pci 0030:00:00.0: PCI bridge to [bus 01-ff]
[    0.772730] PCI host bridge to bus 0033:00
[    0.772767] pci_bus 0033:00: root bus resource [mem 0x620c180000000-0x620c1fffeffff] (bus address [0x80000000-0xfffeffff])
[    0.772845] pci_bus 0033:00: root bus resource [mem 0x6220000000000-0x6223fbfffffff 64bit pref]
[    0.772915] pci_bus 0033:00: root bus resource [bus 00-ff]
[    0.773052] pci 0033:00:00.0: Disabling memory decoding and releasing memory resources.
[    0.773121] pci 0033:00:00.0: disabling bridge mem windows
[    0.773315] pci 0033:00:00.0: bridge configuration invalid ([bus 00-00]), reconfiguring
[    0.773455] pci 0033:00:00.0: PCI bridge to [bus 01-ff]
[    0.773557] PCI host bridge to bus 0034:00
[    0.773594] pci_bus 0034:00: root bus resource [mem 0x620c200000000-0x620c27ffeffff] (bus address [0x80000000-0xfffeffff])
[    0.773672] pci_bus 0034:00: root bus resource [mem 0x6224000000000-0x6227f7fffffff 64bit pref]
[    0.773743] pci_bus 0034:00: root bus resource [bus 00-ff]
[    0.773881] pci 0034:00:00.0: Disabling memory decoding and releasing memory resources.
[    0.773949] pci 0034:00:00.0: disabling bridge mem windows
[    0.774145] pci 0034:00:00.0: bridge configuration invalid ([bus 00-00]), reconfiguring
[    0.774285] pci 0034:00:00.0: PCI bridge to [bus 01-ff]
[    0.774387] PCI host bridge to bus 0035:00
[    0.774424] pci_bus 0035:00: root bus resource [mem 0x620c280000000-0x620c2fffeffff] (bus address [0x80000000-0xfffeffff])
[    0.774502] pci_bus 0035:00: root bus resource [mem 0x6228000000000-0x622bf7fffffff 64bit pref]
[    0.774572] pci_bus 0035:00: root bus resource [bus 00-ff]
[    0.774709] pci 0035:00:00.0: Disabling memory decoding and releasing memory resources.
[    0.774777] pci 0035:00:00.0: disabling bridge mem windows
[    0.775179] pci 0035:01:00.0: Disabling memory decoding and releasing memory resources.
[    0.775247] pci 0035:01:00.0: disabling bridge mem windows
[    0.776364] pci 0035:00:00.0: PCI bridge to [bus 01-08]
[    0.777857] pci 0035:02:08.0: Disabling memory decoding and releasing memory resources.
[    0.780410] pci 0035:02:08.0: disabling bridge mem windows
[    0.782185] pci 0035:02:0d.0: Disabling memory decoding and releasing memory resources.
[    0.784678] pci 0035:02:0d.0: disabling bridge mem windows
[    0.789057] pci 0035:01:00.0: PCI bridge to [bus 02-08]
[    0.791113] pci 0035:02:08.0: PCI bridge to [bus 03-07]
[    0.791801] pci 0035:02:0d.0: PCI bridge to [bus 08]
[    0.793215] PCI host bridge to bus 0006:00
[    0.795889] pci_bus 0006:00: root bus resource [mem 0x6030201600000-0x603020171ffff]
[    0.798721] pci_bus 0006:00: root bus resource [bus 00-ff]
[    0.800223] pci 0006:00:00.0: Disabling memory decoding and releasing memory resources.
[    0.801765] pci 0006:00:00.1: Disabling memory decoding and releasing memory resources.
[    0.804604] pci 0006:00:01.0: Disabling memory decoding and releasing memory resources.
[    0.807413] pci 0006:00:01.1: Disabling memory decoding and releasing memory resources.
[    0.810255] pci 0006:00:02.0: Disabling memory decoding and releasing memory resources.
[    0.811717] pci 0006:00:02.1: Disabling memory decoding and releasing memory resources.
[    0.814644] PCI host bridge to bus 0007:00
[    0.815777] pci_bus 0007:00: root bus resource [mem 0x6230201600000-0x623020171ffff]
[    0.817248] pci_bus 0007:00: root bus resource [bus 00-ff]
[    0.817412] pci 0007:00:00.0: Disabling memory decoding and releasing memory resources.
[    0.817683] pci 0007:00:00.1: Disabling memory decoding and releasing memory resources.
[    0.817957] pci 0007:00:01.0: Disabling memory decoding and releasing memory resources.
[    0.818277] pci 0007:00:01.1: Disabling memory decoding and releasing memory resources.
[    0.818583] pci 0007:00:02.0: Disabling memory decoding and releasing memory resources.
[    0.818890] pci 0007:00:02.1: Disabling memory decoding and releasing memory resources.
[    0.819221] pci 0000:00     : [PE# 1fe] Secondary bus 0 associated with PE#1fe
[    0.819651] pci 0000:00:00.0: PCI bridge to [bus 01]
[    0.819760] pci 0001:00:00.0: BAR 8: assigned [mem 0x600c080000000-0x600c0807fffff]
[    0.819897] pci 0001:01:00.0: BAR 0: assigned [mem 0x600c080000000-0x600c08000ffff 64bit]
[    0.820032] pci 0001:01:00.0: BAR 2: assigned [mem 0x600c080010000-0x600c080011fff 64bit]
[    0.820157] pci 0001:00     : [PE# fe] Secondary bus 0 associated with PE#fe
[    0.820558] pci 0001:01     : [PE# fd] Secondary bus 1 associated with PE#fd
[    0.820926] pci 0001:01     : [PE# fd] Setting up 32-bit TCE table at 0..80000000
[    0.827335] IOMMU table initialized, virtual merging enabled
[    0.827387] pci 0001:01     : [PE# fd] Setting up window#0 0..7fffffff pg=1000
[    0.827483] pci 0001:01     : [PE# fd] Enabling 64-bit DMA bypass
[    0.827570] pci 0001:00:00.0: PCI bridge to [bus 01]
[    0.827635] pci 0001:00:00.0:   bridge window [mem 0x600c080000000-0x600c0ffefffff]
[    0.827810] pci 0002:00:00.0: BAR 8: assigned [mem 0x600c100000000-0x600c1017fffff]
[    0.827931] pci 0002:01:00.0: BAR 8: assigned [mem 0x600c100000000-0x600c1017fffff]
[    0.828026] pci 0002:01:00.0: BAR 7: no space for [io  size 0x1000]
[    0.828082] pci 0002:01:00.0: BAR 7: failed to assign [io  size 0x1000]
[    0.828177] pci 0002:02:00.0: BAR 0: assigned [mem 0x600c100000000-0x600c100ffffff]
[    0.828285] pci 0002:02:00.0: BAR 1: assigned [mem 0x600c101000000-0x600c10101ffff]
[    0.828425] pci 0002:02:00.0: BAR 2: no space for [io  size 0x0080]
[    0.828515] pci 0002:02:00.0: BAR 2: failed to assign [io  size 0x0080]
[    0.828579] pci 0002:00     : [PE# fe] Secondary bus 0 associated with PE#fe
[    0.828981] pci 0002:02     : [PE# fd] Secondary bus 2..2 associated with PE#fd
[    0.829362] pci 0002:02     : [PE# fd] Setting up 32-bit TCE table at 0..80000000
[    0.835620] pci 0002:02     : [PE# fd] Setting up window#0 0..7fffffff pg=1000
[    0.835710] pci 0002:02     : [PE# fd] Enabling 64-bit DMA bypass
[    0.835814] pci 0002:01:00.0: PCI bridge to [bus 02]
[    0.835885] pci 0002:01:00.0:   bridge window [mem 0x600c100000000-0x600c17fefffff]
[    0.835965] pci 0002:01     : [PE# fc] Secondary bus 1 associated with PE#fc
[    0.836373] pci 0002:00:00.0: PCI bridge to [bus 01-02]
[    0.836424] pci 0002:00:00.0:   bridge window [mem 0x600c100000000-0x600c17fefffff]
[    0.836549] pci_bus 0002:00: Some PCI device resources are unassigned, try booting with pci=realloc
[    0.836716] pci 0003:00     : [PE# 1fe] Secondary bus 0 associated with PE#1fe
[    0.837123] pci 0003:00:00.0: PCI bridge to [bus 01]
[    0.837284] pci 0004:00:00.0: BAR 9: assigned [mem 0x6024000000000-0x602407fffffff 64bit pref]
[    0.837412] pci 0004:00:00.0: BAR 8: assigned [mem 0x600c200000000-0x600c200ffffff]
[    0.837527] pci 0004:01:00.0: BAR 9: assigned [mem 0x6024000000000-0x602407fffffff 64bit pref]
[    0.837653] pci 0004:01:00.0: BAR 8: assigned [mem 0x600c200000000-0x600c2007fffff]
[    0.837766] pci 0004:01:00.0: BAR 0: assigned [mem 0x600c200800000-0x600c20083ffff]
[    0.837885] pci 0004:01:00.1: BAR 0: assigned [mem 0x600c200840000-0x600c200841fff]
[    0.837984] pci 0004:01:00.2: BAR 0: assigned [mem 0x600c200850000-0x600c200851fff]
[    0.838111] pci 0004:01:00.3: BAR 0: assigned [mem 0x600c200860000-0x600c200861fff]
[    0.838235] pci 0004:01:00.4: BAR 0: assigned [mem 0x600c200870000-0x600c200871fff]
[    0.838349] pci 0004:01:00.0: BAR 7: no space for [io  size 0x1000]
[    0.838438] pci 0004:01:00.0: BAR 7: failed to assign [io  size 0x1000]
[    0.838530] pci 0004:01:00.0: BAR 7: no space for [io  size 0x1000]
[    0.838615] pci 0004:01:00.0: BAR 7: failed to assign [io  size 0x1000]
[    0.838711] pci 0004:02:02.0: BAR 9: assigned [mem 0x6024000000000-0x602403fffffff 64bit pref]
[    0.838843] pci 0004:02:02.0: BAR 8: assigned [mem 0x600c200000000-0x600c2007fffff]
[    0.838958] pci 0004:02:02.0: BAR 7: no space for [io  size 0x1000]
[    0.839045] pci 0004:02:02.0: BAR 7: failed to assign [io  size 0x1000]
[    0.839127] pci 0004:02:02.0: BAR 7: no space for [io  size 0x1000]
[    0.839224] pci 0004:02:02.0: BAR 7: failed to assign [io  size 0x1000]
[    0.839307] pci 0004:03:00.0: BAR 5: assigned [mem 0x600c200000000-0x600c2000007ff]
[    0.839407] pci 0004:03:00.0: BAR 6: assigned [mem 0x600c200010000-0x600c20001ffff pref]
[    0.839523] pci 0004:03:00.0: BAR 4: no space for [io  size 0x0020]
[    0.839617] pci 0004:03:00.0: BAR 4: failed to assign [io  size 0x0020]
[    0.839708] pci 0004:03:00.0: BAR 0: no space for [io  size 0x0008]
[    0.839792] pci 0004:03:00.0: BAR 0: failed to assign [io  size 0x0008]
[    0.839882] pci 0004:03:00.0: BAR 2: no space for [io  size 0x0008]
[    0.839964] pci 0004:03:00.0: BAR 2: failed to assign [io  size 0x0008]
[    0.840033] pci 0004:03:00.0: BAR 1: no space for [io  size 0x0004]
[    0.840121] pci 0004:03:00.0: BAR 1: failed to assign [io  size 0x0004]
[    0.840215] pci 0004:03:00.0: BAR 3: no space for [io  size 0x0004]
[    0.840291] pci 0004:03:00.0: BAR 3: failed to assign [io  size 0x0004]
[    0.840388] pci 0004:00     : [PE# fe] Secondary bus 0 associated with PE#fe
[    0.840778] pci 0004:03     : [PE# fd] Secondary bus 3 associated with PE#fd
[    0.841147] pci 0004:03     : [PE# fd] Setting up 32-bit TCE table at 0..80000000
[    0.847407] pci 0004:03     : [PE# fd] Setting up window#0 0..7fffffff pg=1000
[    0.847490] pci 0004:03     : [PE# fd] Enabling 64-bit DMA bypass
[    0.847595] pci 0004:02:02.0: PCI bridge to [bus 03]
[    0.847669] pci 0004:02:02.0:   bridge window [mem 0x600c200000000-0x600c2007fffff]
[    0.847788] pci 0004:02:02.0:   bridge window [mem 0x6024000000000-0x602403fffffff 64bit pref]
[    0.847912] pci 0004:02:0a.0: PCI bridge to [bus 04]
[    0.848000] pci 0004:02:0b.0: PCI bridge to [bus 05]
[    0.848085] pci 0004:02:0c.0: PCI bridge to [bus 06]
[    0.848167] pci 0004:02     : [PE# fc] Secondary bus 2 associated with PE#fc
[    0.848570] pci 0004:01:00.0: PCI bridge to [bus 02-06]
[    0.848647] pci 0004:01:00.0:   bridge window [mem 0x600c200000000-0x600c27fefffff]
[    0.848763] pci 0004:01:00.0:   bridge window [mem 0x6024000000000-0x6027f7ff0ffff 64bit pref]
[    0.848900] pci 0004:01     : [PE# fb] Secondary bus 1 associated with PE#fb
[    0.849277] pci 0004:01     : [PE# fb] Setting up 32-bit TCE table at 0..80000000
[    0.855548] pci 0004:01     : [PE# fb] Setting up window#0 0..7fffffff pg=1000
[    0.855626] pci 0004:01     : [PE# fb] Enabling 64-bit DMA bypass
[    0.855728] pci 0004:00:00.0: PCI bridge to [bus 01-06]
[    0.855810] pci 0004:00:00.0:   bridge window [mem 0x600c200000000-0x600c27fefffff]
[    0.855905] pci 0004:00:00.0:   bridge window [mem 0x6024000000000-0x6027f7ff0ffff 64bit pref]
[    0.856061] pci_bus 0004:00: Some PCI device resources are unassigned, try booting with pci=realloc
[    0.856186] pci 0005:00:00.0: BAR 9: assigned [mem 0x6028000000000-0x602803fffffff 64bit pref]
[    0.856333] pci 0005:01:00.0: BAR 0: assigned [mem 0x6028000000000-0x602800000ffff 64bit pref]
[    0.856432] pci 0005:01:00.0: BAR 2: assigned [mem 0x6028000010000-0x602800001ffff 64bit pref]
[    0.856583] pci 0005:01:00.0: BAR 4: assigned [mem 0x6028000020000-0x602800002ffff 64bit pref]
[    0.856725] pci 0005:01:00.1: BAR 0: assigned [mem 0x6028000030000-0x602800003ffff 64bit pref]
[    0.856836] pci 0005:01:00.1: BAR 2: assigned [mem 0x6028000040000-0x602800004ffff 64bit pref]
[    0.856984] pci 0005:01:00.1: BAR 4: assigned [mem 0x6028000050000-0x602800005ffff 64bit pref]
[    0.857124] pci 0005:00     : [PE# fe] Secondary bus 0 associated with PE#fe
[    0.857524] pci 0005:01     : [PE# 00] Secondary bus 1 associated with PE#0
[    0.857881] pci 0005:01     : [PE# 00] Setting up 32-bit TCE table at 0..80000000
[    0.864141] pci 0005:01     : [PE# 00] Setting up window#0 0..7fffffff pg=1000
[    0.864224] pci 0005:01     : [PE# 00] Enabling 64-bit DMA bypass
[    0.864311] pci 0005:00:00.0: PCI bridge to [bus 01]
[    0.864369] pci 0005:00:00.0:   bridge window [mem 0x6028000000000-0x602bf7fffffff 64bit pref]
[    0.864528] pci 0030:00     : [PE# 1fe] Secondary bus 0 associated with PE#1fe
[    0.864958] pci 0030:00:00.0: PCI bridge to [bus 01]
[    0.865043] pci 0033:00     : [PE# 1fe] Secondary bus 0 associated with PE#1fe
[    0.865446] pci 0033:00:00.0: PCI bridge to [bus 01]
[    0.865533] pci 0034:00     : [PE# fe] Secondary bus 0 associated with PE#fe
[    0.865938] pci 0034:00:00.0: PCI bridge to [bus 01]
[    0.866071] pci 0035:00:00.0: BAR 8: assigned [mem 0x620c280000000-0x620c2807fffff]
[    0.866178] pci 0035:01:00.0: BAR 0: assigned [mem 0x620c280000000-0x620c28003ffff]
[    0.866295] pci 0035:00     : [PE# fe] Secondary bus 0 associated with PE#fe
[    0.866670] pci 0035:02:08.0: PCI bridge to [bus 03-07]
[    0.866731] pci 0035:02:0d.0: PCI bridge to [bus 08]
[    0.866821] pci 0035:02     : [PE# fd] Secondary bus 2 associated with PE#fd
[    0.867233] pci 0035:01:00.0: PCI bridge to [bus 02-08]
[    0.867311] pci 0035:01     : [PE# fc] Secondary bus 1 associated with PE#fc
[    0.867715] pci 0035:00:00.0: PCI bridge to [bus 01-08]
[    0.867764] pci 0035:00:00.0:   bridge window [mem 0x620c280000000-0x620c2ffefffff]
[    0.867890] pci 0006:00:00.0: BAR 0: assigned [mem 0x6030201600000-0x603020161ffff 64bit]
[    0.868060] pci 0006:00:00.1: BAR 0: assigned [mem 0x6030201620000-0x603020163ffff 64bit]
[    0.868214] pci 0006:00:01.0: BAR 0: assigned [mem 0x6030201640000-0x603020165ffff 64bit]
[    0.868366] pci 0006:00:01.1: BAR 0: assigned [mem 0x6030201660000-0x603020167ffff 64bit]
[    0.868523] pci 0006:00:02.0: BAR 0: assigned [mem 0x6030201680000-0x603020169ffff 64bit]
[    0.868666] pci 0006:00:02.1: BAR 0: assigned [mem 0x60302016a0000-0x60302016bffff 64bit]
[    0.868824] pci 0006:00:00.0: BAR 2: assigned [mem 0x60302016c0000-0x60302016cffff 64bit]
[    0.868972] pci 0006:00:00.1: BAR 2: assigned [mem 0x60302016d0000-0x60302016dffff 64bit]
[    0.869130] pci 0006:00:01.0: BAR 2: assigned [mem 0x60302016e0000-0x60302016effff 64bit]
[    0.869280] pci 0006:00:01.1: BAR 2: assigned [mem 0x60302016f0000-0x60302016fffff 64bit]
[    0.869433] pci 0006:00:02.0: BAR 2: assigned [mem 0x6030201700000-0x603020170ffff 64bit]
[    0.869580] pci 0006:00:02.1: BAR 2: assigned [mem 0x6030201710000-0x603020171ffff 64bit]
[    0.869735] pci 0007:00:00.0: BAR 0: assigned [mem 0x6230201600000-0x623020161ffff 64bit]
[    0.869898] pci 0007:00:00.1: BAR 0: assigned [mem 0x6230201620000-0x623020163ffff 64bit]
[    0.870050] pci 0007:00:01.0: BAR 0: assigned [mem 0x6230201640000-0x623020165ffff 64bit]
[    0.870196] pci 0007:00:01.1: BAR 0: assigned [mem 0x6230201660000-0x623020167ffff 64bit]
[    0.870350] pci 0007:00:02.0: BAR 0: assigned [mem 0x6230201680000-0x623020169ffff 64bit]
[    0.870509] pci 0007:00:02.1: BAR 0: assigned [mem 0x62302016a0000-0x62302016bffff 64bit]
[    0.870670] pci 0007:00:00.0: BAR 2: assigned [mem 0x62302016c0000-0x62302016cffff 64bit]
[    0.870819] pci 0007:00:00.1: BAR 2: assigned [mem 0x62302016d0000-0x62302016dffff 64bit]
[    0.870983] pci 0007:00:01.0: BAR 2: assigned [mem 0x62302016e0000-0x62302016effff 64bit]
[    0.871142] pci 0007:00:01.1: BAR 2: assigned [mem 0x62302016f0000-0x62302016fffff 64bit]
[    0.871304] pci 0007:00:02.0: BAR 2: assigned [mem 0x6230201700000-0x623020170ffff 64bit]
[    0.871470] pci 0007:00:02.1: BAR 2: assigned [mem 0x6230201710000-0x623020171ffff 64bit]
[    0.871642] pci 0006:00:00.0: [PE# 0d] Associated device to PE
[    0.871736] pci 0006:00:00.1: Associating to existing PE d
[    0.871808] pci 0006:00:01.0: Associating to existing PE d
[    0.871895] pci 0006:00:01.1: Associating to existing PE d
[    0.871977] pci 0006:00:02.0: Associating to existing PE d
[    0.872059] pci 0006:00:02.1: Associating to existing PE d
[    0.872172] NPU6: Found 1 MMIO ATSD registers
[    0.872177] pci 0007:00:00.0: [PE# 0d] Associated device to PE
[    0.872321] pci 0007:00:00.1: Associating to existing PE d
[    0.872409] pci 0007:00:01.0: Associating to existing PE d
[    0.872490] pci 0007:00:01.1: Associating to existing PE d
[    0.872576] pci 0007:00:02.0: Associating to existing PE d
[    0.872650] pci 0007:00:02.1: Associating to existing PE d
[    0.872728] NPU7: Found 1 MMIO ATSD registers
[    0.876411] EEH: PCI Enhanced I/O Error Handling Enabled
[    0.884717] pci 0002:02:00.0: vgaarb: VGA device added: decodes=io+mem,owns=none,locks=none
[    0.884823] pci 0002:02:00.0: vgaarb: bridge control possible
[    0.884883] vgaarb: loaded
[    0.885027] SCSI subsystem initialized
[    0.885202] usbcore: registered new interface driver usbfs
[    0.885277] usbcore: registered new interface driver hub
[    0.885845] usbcore: registered new device driver usb
[    0.885932] pps_core: LinuxPPS API ver. 1 registered
[    0.885999] pps_core: Software ver. 5.3.6 - Copyright 2005-2007 Rodolfo Giometti <giometti@linux.it>
[    0.886135] PTP clock support registered
[    0.886884] clocksource: Switched to clocksource timebase
[    0.889959] NET: Registered protocol family 2
[    0.890287] TCP established hash table entries: 524288 (order: 6, 4194304 bytes)
[    0.892814] TCP bind hash table entries: 65536 (order: 4, 1048576 bytes)
[    0.893246] TCP: Hash tables configured (established 524288 bind 65536)
[    0.893525] UDP hash table entries: 65536 (order: 5, 2097152 bytes)
[    0.894350] UDP-Lite hash table entries: 65536 (order: 5, 2097152 bytes)
[    0.895590] NET: Registered protocol family 1
[    0.895664] pci 0001:00:00.0: enabling device (0105 -> 0107)
[    0.895755] pci 0001:01:00.0: enabling device (0140 -> 0142)
[    3.234231] Initialise system trusted keyrings
[    3.234360] workingset: timestamp_bits=54 max_order=22 bucket_order=0
[    3.239308] Key type asymmetric registered
[    3.239354] Asymmetric key parser 'x509' registered
[    3.239430] Block layer SCSI generic (bsg) driver version 0.4 loaded (major 250)
[    3.239517] io scheduler noop registered
[    3.239942] io scheduler cfq registered (default)
[    3.239995] io scheduler mq-deadline registered
[    3.240046] io scheduler kyber registered
[    3.242598] ipmi message handler version 39.2
[    3.242652] ipmi device interface
[    3.242736] ipmi-powernv ibm,opal:ipmi: Unable to map irq from device tree
[    3.547553] ipmi-powernv ibm,opal:ipmi: Found new BMC (man_id: 0x000000, prod_id: 0x0000, dev_id: 0x00)
[    3.561023] hvc0: raw protocol on /ibm,opal/consoles/serial@0 (boot console)
[    3.561093] hvc0: No interrupts property, using OPAL event
[    3.561447] Serial: 8250/16550 driver, 4 ports, IRQ sharing disabled
[    3.561926] [drm] radeon kernel modesetting enabled.
[    3.571661] brd: module loaded
[    3.591276] loop: module loaded
[    3.591430] pci 0004:00:00.0: enabling device (0105 -> 0107)
[    3.591495] pci 0004:01:00.0: enabling device (0545 -> 0547)
[    3.591589] pci 0004:02:02.0: enabling device (0545 -> 0547)
[    3.591694] ahci 0004:03:00.0: enabling device (0141 -> 0143)
[    3.591913] ahci 0004:03:00.0: Using 64-bit DMA iommu bypass
[    3.602057] ahci 0004:03:00.0: AHCI 0001.0000 32 slots 4 ports 6 Gbps 0xf impl SATA mode
[    3.602140] ahci 0004:03:00.0: flags: 64bit ncq sntf led only pmp fbs pio slum part sxs 
[    3.602795] scsi host0: ahci
[    3.603004] scsi host1: ahci
[    3.603202] scsi host2: ahci
[    3.603413] scsi host3: ahci
[    3.603522] ata1: SATA max UDMA/133 abar m2048@0x600c200000000 port 0x600c200000100 irq 88
[    3.603641] ata2: SATA max UDMA/133 abar m2048@0x600c200000000 port 0x600c200000180 irq 88
[    3.603759] ata3: SATA max UDMA/133 abar m2048@0x600c200000000 port 0x600c200000200 irq 88
[    3.603869] ata4: SATA max UDMA/133 abar m2048@0x600c200000000 port 0x600c200000280 irq 88
[    3.604110] libphy: Fixed MDIO Bus: probed
[    3.604174] tg3.c:v3.137 (May 11, 2014)
[    3.604236] pci 0005:00:00.0: enabling device (0105 -> 0107)
[    3.604326] tg3 0005:01:00.0: enabling device (0140 -> 0142)
[    3.642066] tg3 0005:01:00.0: Using 64-bit DMA iommu bypass
[    3.642470] tg3 0005:01:00.0 eth0: Tigon3 [partno(BCM95719) rev 5719001] (PCI Express) MAC address 70:e2:84:14:23:e2
[    3.642550] tg3 0005:01:00.0 eth0: attached PHY is 5719C (10/100/1000Base-T Ethernet) (WireSpeed[1], EEE[1])
[    3.642628] tg3 0005:01:00.0 eth0: RXcsums[1] LinkChgREG[0] MIirq[0] ASF[1] TSOcap[1]
[    3.642692] tg3 0005:01:00.0 eth0: dma_rwctrl[00000000] dma_mask[64-bit]
[    3.642816] tg3 0005:01:00.1: enabling device (0140 -> 0142)
[    3.673544] tg3 0005:01:00.1: Using 64-bit DMA iommu bypass
[    3.673912] tg3 0005:01:00.1 eth1: Tigon3 [partno(BCM95719) rev 5719001] (PCI Express) MAC address 70:e2:84:14:23:e3
[    3.674002] tg3 0005:01:00.1 eth1: attached PHY is 5719C (10/100/1000Base-T Ethernet) (WireSpeed[1], EEE[1])
[    3.674144] tg3 0005:01:00.1 eth1: RXcsums[1] LinkChgREG[0] MIirq[0] ASF[1] TSOcap[1]
[    3.674265] tg3 0005:01:00.1 eth1: dma_rwctrl[00000000] dma_mask[64-bit]
[    3.674527] ehci_hcd: USB 2.0 'Enhanced' Host Controller (EHCI) Driver
[    3.674582] ehci-pci: EHCI PCI platform driver
[    3.674670] ohci_hcd: USB 1.1 'Open' Host Controller (OHCI) Driver
[    3.674787] ohci-pci: OHCI PCI platform driver
[    3.674928] xhci_hcd 0001:01:00.0: xHCI Host Controller
[    3.675024] xhci_hcd 0001:01:00.0: new USB bus registered, assigned bus number 1
[    3.675204] xhci_hcd 0001:01:00.0: Using 64-bit DMA iommu bypass
[    3.675329] xhci_hcd 0001:01:00.0: hcc params 0x0270f06d hci version 0x96 quirks 0x04000000
[    3.676123] hub 1-0:1.0: USB hub found
[    3.676174] hub 1-0:1.0: 4 ports detected
[    3.676348] xhci_hcd 0001:01:00.0: xHCI Host Controller
[    3.676461] xhci_hcd 0001:01:00.0: new USB bus registered, assigned bus number 2
[    3.676606] usb usb2: We don't know the algorithms for LPM for this host, disabling LPM.
[    3.676922] hub 2-0:1.0: USB hub found
[    3.676984] hub 2-0:1.0: 4 ports detected
[    3.677214] usbcore: registered new interface driver usb-storage
[    3.736837] rtc-opal opal-rtc: rtc core: registered rtc-opal as rtc0
[    3.736912] i2c /dev entries driver
[    3.737250] at24 0-0050: 16384 byte 24c128 EEPROM, writable, 1 bytes/write
[    3.737572] at24 1-0054: 16384 byte 24c128 EEPROM, writable, 1 bytes/write
[    3.737891] at24 2-0050: 16384 byte 24c128 EEPROM, writable, 1 bytes/write
[    3.738202] at24 3-0054: 16384 byte 24c128 EEPROM, writable, 1 bytes/write
[    3.738528] at24 4-0050: 16384 byte 24c128 EEPROM, writable, 1 bytes/write
[   25.123852641,3] I2C: Request timeout !
[   25.123913690,3] I2C: Chip 00000000 Eng. 3 Port 0--
 xscom_base=0x00000000000a3000	state=4	bytes_sent=0
[   25.124004018,3] I2C: Request info--
 addr=0x0052	offset_bytes=2	offset=0	len=1
[   25.124066149,3] I2C:  start_time=0000000301b569ca end_time=0000000302525606 (duration=00000000009cec3c)
[   25.124162124,3] I2C: Register dump--
    cmd:0x1000000001000000	mode:0x004d000801000000	stat:0x01018c0001080000
  estat:0x0800dd1801000000	intm:0x0000ff8001000000	intc:0x0000012a01000000
[    3.927999] ata3: SATA link down (SStatus 0 SControl 300)
[    3.928084] ata4: SATA link down (SStatus 0 SControl 300)
[   25.226444974,3] I2C: Request timeout !
[   25.226509919,3] I2C: Chip 00000000 Eng. 3 Port 0--
 xscom_base=0x00000000000a3000	state=4	bytes_sent=0
[   25.226607416,3] I2C: Request info--
 addr=0x0053	offset_bytes=2	offset=0	len=1
[   25.226677094,3] I2C:  start_time=0000000307d2dac3 end_time=00000003086fc5c8 (duration=00000000009ceb05)
[   25.226780335,3] I2C: Register dump--
    cmd:0x1000000001000000	mode:0x004d000801000000	stat:0x01018c0001080000
  estat:0x0800dd1801000000	intm:0x0000ff8001000000	intc:0x0000012a01000000
[    4.096780] ata1: SATA link up 6.0 Gbps (SStatus 133 SControl 300)
[    4.096866] ata2: SATA link up 6.0 Gbps (SStatus 133 SControl 300)
[    4.097833] ata1.00: ATA-10: ST1000NX0313         00LY266 00LY265IBM, BE35, max UDMA/133
[    4.097919] ata1.00: 1953525168 sectors, multi 0: LBA48 NCQ (depth 31/32), AA
[    4.098017] ata2.00: ATA-10: ST1000NX0313         00LY266 00LY265IBM, BE35, max UDMA/133
[    4.098143] ata2.00: 1953525168 sectors, multi 0: LBA48 NCQ (depth 31/32), AA
[    4.098744] ata1.00: configured for UDMA/133
[    4.118595] ata2.00: configured for UDMA/133
[    4.118927] scsi 0:0:0:0: Direct-Access     ATA      ST1000NX0313     BE35 PQ: 0 ANSI: 5
[    4.119854] scsi 1:0:0:0: Direct-Access     ATA      ST1000NX0313     BE35 PQ: 0 ANSI: 5
[   25.335196641,3] I2C: Request timeout !
[   25.335687967,3] I2C: Chip 00000000 Eng. 3 Port 0--
 xscom_base=0x00000000000a3000	state=4	bytes_sent=0
[   25.338554481,3] I2C: Request info--
 addr=0x0055	offset_bytes=2	offset=0	len=1
[   25.340692196,3] I2C:  start_time=000000030e4e4798 end_time=000000030eeb30f4 (duration=00000000009ce95c)
[   25.343554201,3] I2C: Register dump--
    cmd:0x1000000001000000	mode:0x004d000801000000	stat:0x01018c0001080000
  estat:0x0800dd1801000000	intm:0x0000ff8001000000	intc:0x0000012a01000000
[   25.454207422,3] I2C: Request timeout !
[   25.454269808,3] I2C: Chip 00000000 Eng. 3 Port 1--
 xscom_base=0x00000000000a3000	state=4	bytes_sent=0
[   25.454354840,3] I2C: Request info--
 addr=0x0052	offset_bytes=2	offset=0	len=1
[   25.454414468,3] I2C:  start_time=0000000315663e6f end_time=00000003160326cd (duration=00000000009ce85e)
[   25.454514943,3] I2C: Register dump--
    cmd:0x1000000001000000	mode:0x004d040801000000	stat:0x01018c0001080000
  estat:0x0800dd1801000000	intm:0x0000ff8001000000	intc:0x0000012a01000000
[   26.046855034,3] I2C: Request timeout !
[   26.047957537,3] I2C: Chip 00000000 Eng. 3 Port 1--
 xscom_base=0x00000000000a3000	state=4	bytes_sent=0
[   26.051605300,3] I2C: Request info--
 addr=0x0053	offset_bytes=2	offset=0	len=1
[   26.054037195,3] I2C:  start_time=000000031ba30abf end_time=000000031c3ff2a9 (duration=00000000009ce7ea)
[   26.054150145,3] I2C: Register dump--
    cmd:0x1000000001000000	mode:0x004d040801000000	stat:0x01018c0001080000
  estat:0x0800dd1801000000	intm:0x0000ff8001000000	intc:0x0000012a01000000
[   26.159710707,3] I2C: Request timeout !
[   26.160099502,3] I2C: Chip 00000000 Eng. 3 Port 1--
 xscom_base=0x00000000000a3000	state=4	bytes_sent=0
[   26.162556750,3] I2C: Request info--
 addr=0x0054	offset_bytes=2	offset=0	len=1
[   26.163802257,3] I2C:  start_time=00000003225d14dd end_time=0000000322f9fd16 (duration=00000000009ce839)
[   26.168634328,3] I2C: Register dump--
    cmd:0x1000000001000000	mode:0x004d040801000000	stat:0x01018c0001080000
  estat:0x0800dd1801000000	intm:0x0000ff8001000000	intc:0x0000012a01000000
[   26.272566204,3] I2C: Request timeout !
[   26.273005193,3] I2C: Chip 00000000 Eng. 3 Port 1--
 xscom_base=0x00000000000a3000	state=4	bytes_sent=0
[   26.276657839,3] I2C: Request info--
 addr=0x0055	offset_bytes=2	offset=0	len=1
[   26.279102010,3] I2C:  start_time=0000000329171ec6 end_time=0000000329b406e1 (duration=00000000009ce81b)
[   26.282753171,3] I2C: Register dump--
    cmd:0x1000000001000000	mode:0x004d040801000000	stat:0x01018c0001080000
  estat:0x0800dd1801000000	intm:0x0000ff8001000000	intc:0x0000012a01000000
[    5.278592] at24 7-0050: 16384 byte 24c128 EEPROM, writable, 1 bytes/write
[    5.278905] at24 8-0054: 16384 byte 24c128 EEPROM, writable, 1 bytes/write
[    5.279236] at24 9-0050: 16384 byte 24c128 EEPROM, writable, 1 bytes/write
[    5.279559] at24 10-0054: 16384 byte 24c128 EEPROM, writable, 1 bytes/write
[   26.402922403,3] I2C: Request timeout !
[   26.402990039,3] I2C: Chip 00000008 Eng. 3 Port 0--
 xscom_base=0x00000000000a3000	state=4	bytes_sent=0
[   26.403068807,3] I2C: Request info--
 addr=0x0053	offset_bytes=2	offset=0	len=1
[   26.403123450,3] I2C:  start_time=0000000330dc2fc8 end_time=00000003317919f6 (duration=00000000009cea2e)
[   26.403210487,3] I2C: Register dump--
    cmd:0x1000000001000000	mode:0x004d000801000000	stat:0x01018c0001080000
  estat:0x0800dd1801000000	intm:0x0000ff8001000000	intc:0x0000012a01000000
[   27.016084352,3] I2C: Request timeout !
[   27.016148961,3] I2C: Chip 00000008 Eng. 3 Port 0--
 xscom_base=0x00000000000a3000	state=4	bytes_sent=0
[   27.016250387,3] I2C: Request info--
 addr=0x0054	offset_bytes=2	offset=0	len=1
[   27.016309642,3] I2C:  start_time=0000000338520542 end_time=0000000338eeec8f (duration=00000000009ce74d)
[   27.016408866,3] I2C: Register dump--
    cmd:0x1000000001000000	mode:0x004d000801000000	stat:0x01018c0001080000
  estat:0x0800dd1801000000	intm:0x0000ff8001000000	intc:0x0000012a01000000
[   27.120734855,3] I2C: Request timeout !
[   27.121241706,3] I2C: Chip 00000008 Eng. 3 Port 0--
 xscom_base=0x00000000000a3000	state=4	bytes_sent=0
[   27.122006007,3] I2C: Request info--
 addr=0x0055	offset_bytes=2	offset=0	len=1
[   27.122768973,3] I2C:  start_time=000000033e8edb4d end_time=000000033f2bc385 (duration=00000000009ce838)
[   27.122865645,3] I2C: Register dump--
    cmd:0x1000000001000000	mode:0x004d000801000000	stat:0x01018c0001080000
  estat:0x0800dd1801000000	intm:0x0000ff8001000000	intc:0x0000012a01000000
[   27.241795467,3] I2C: Request timeout !
[   27.241847259,3] I2C: Chip 00000008 Eng. 3 Port 1--
 xscom_base=0x00000000000a3000	state=4	bytes_sent=0
[   27.241943404,3] I2C: Request info--
 addr=0x0053	offset_bytes=2	offset=0	len=1
[   27.242012869,3] I2C:  start_time=0000000345c618e6 end_time=000000034663008d (duration=00000000009ce7a7)
[   27.242122409,3] I2C: Register dump--
    cmd:0x1000000001000000	mode:0x004d040801000000	stat:0x01018c0001080000
  estat:0x0800dd1801000000	intm:0x0000ff8001000000	intc:0x0000012a01000000
[   27.354653701,3] I2C: Request timeout !
[   27.355044992,3] I2C: Chip 00000008 Eng. 3 Port 1--
 xscom_base=0x00000000000a3000	state=4	bytes_sent=0
[   27.358608745,3] I2C: Request info--
 addr=0x0054	offset_bytes=2	offset=0	len=1
[   27.360758481,3] I2C:  start_time=000000034c802cf6 end_time=000000034d1d150b (duration=00000000009ce815)
[   27.365025192,3] I2C: Register dump--
    cmd:0x1000000001000000	mode:0x004d040801000000	stat:0x01018c0001080000
  estat:0x0800dd1801000000	intm:0x0000ff8001000000	intc:0x0000012a01000000
[   27.477768655,3] I2C: Request timeout !
[   27.477823119,3] I2C: Chip 00000008 Eng. 3 Port 1--
 xscom_base=0x00000000000a3000	state=4	bytes_sent=0
[   27.477931799,3] I2C: Request info--
 addr=0x0055	offset_bytes=2	offset=0	len=1
[   27.478000808,3] I2C:  start_time=0000000353d6c31d end_time=000000035473aad4 (duration=00000000009ce7b7)
[   27.478102546,3] I2C: Register dump--
    cmd:0x1000000001000000	mode:0x004d040801000000	stat:0x01018c0001080000
  estat:0x0800dd1801000000	intm:0x0000ff8001000000	intc:0x0000012a01000000
[    6.640073] powernv-cpufreq: cpufreq pstate min 101 nominal 50 max 0
[    6.640135] powernv-cpufreq: Workload Optimized Frequency is enabled in the platform
[    6.649645] usbcore: registered new interface driver usbhid
[    6.649701] usbhid: USB HID core driver
[    6.650072] ipip: IPv4 and MPLS over IPv4 tunneling driver
[    6.650370] NET: Registered protocol family 17
[    6.650427] Key type dns_resolver registered
[    6.650703] registered taskstats version 1
[    6.650739] Loading compiled-in X.509 certificates
[    6.658126] Loaded X.509 cert 'Build time autogenerated kernel key: 69b7bd2878a4bab90574770d0a2ffddecb40bd94'
[    6.663527] Key type encrypted registered
[    6.663581] ima: No TPM chip found, activating TPM-bypass! (rc=-19)
[    6.663713] evm: HMAC attrs: 0x1
[    6.966923] rtc-opal opal-rtc: setting system clock to 2017-10-20 13:03:57 UTC (1508504637)
[    6.969226] Freeing unused kernel memory: 11456K
[    6.969282] This architecture does not have kernel memory protection.
[    6.988587] udevd[2943]: starting version 3.2.2
[    6.993256] udevd[2944]: starting eudev-3.2.2
[    7.041880] pci 0002:00:00.0: enabling device (0105 -> 0107)
[    7.041961] pci 0002:01:00.0: enabling device (0145 -> 0147)
[    7.042020] ast 0002:02:00.0: enabling device (0140 -> 0142)
[    7.042184] [drm] platform has no IO space, trying MMIO
[    7.042228] [drm] VGA not enabled on entry, requesting chip POST
[    7.042289] [drm] Using P2A bridge for configuration
[    7.042333] [drm] AST 2500 detected
[    7.042369] [drm] Analog VGA only
[    7.042443] [drm] dram MCLK=800 Mhz type=7 bus_width=16 size=01000000
[    7.042617] [TTM] Zone  kernel: Available graphics memory: 108817376 kiB
[    7.042697] [TTM] Zone   dma32: Available graphics memory: 2097152 kiB
[    7.042811] [TTM] Initializing pool allocator
[    7.045204] tg3 0005:01:00.1 enP5p1s0f1: renamed from eth1
[    7.048381] scsi 0:0:0:0: Attached scsi generic sg0 type 0
[    7.048513] scsi 1:0:0:0: Attached scsi generic sg1 type 0

(B)0[1;24r[m[?7h[?1h=[H[J[H[J Petitboot (v1.5.1-p848cad7)[1B [0mqqqqqqqqqqqqqqqqqqqqqqqqqqqqqqqqqqqqqqqqqqqqqqqqqqqqqqqqqqqqqqqqqqqqqqqqqqqqqq[2B  [0mSystem information[1B  System configuration[1B  System status log[1B  Language[1B  Rescan devices[1B  Retrieve config from URL[1B *[0;7mExit to shell           [12B[25D[0mqqqqqqqqqqqqqqqqqqqqqqqqqqqqqqqqqqqqqqqqqqqqqqqqqqqqqqqqqqqqqqqqqqqqqqqqqqqqqq[1B [0mEnter=accept, e=edit, n=new, x=exit, l=language, g=log, h=help[1B Welcome to Petitboot[J[1;47H0000000000000000 0000000000000000[23B [3;21r[3;1HMM[1;24r[3;3H[Disk: sda2 / 728d2189-0c67-4551-8857-40e2845ba17b][1B[49DUbuntu[12;27H[0;7m                           [12B[52D[m[4;21r[4;1HM[1;24r[4;5HUbuntu, with Linux 4.10.0-26-generic[20B [4;21r[4;1HM[1;24r[4;5HUbuntu, with Linux 4.10.0-26-generic (recovery mode)[14;54H[0;7m   [10B[55D[m[enP5p1s0f0] Configuring with DHCP