-- Logs begin at Mon 2017-07-24 13:02:51 UTC, end at Mon 2017-07-24 13:23:42 UTC. --
Jul 24 13:02:51 witherspoon kernel: Booting Linux on physical CPU 0x0
Jul 24 13:02:51 witherspoon kernel: Linux version 4.10.17-d6ae40dc4c4dff3265cc254d404ed6b03fcc2206 (bmcbuild@hmcci186.aus.stglabs.ibm.com) (gcc version 6.2.0 (GCC) ) #1 Mon Jul 24 08:20:55 CDT 2017
Jul 24 13:02:51 witherspoon kernel: CPU: ARMv6-compatible processor [410fb767] revision 7 (ARMv7), cr=00c5387d
Jul 24 13:02:51 witherspoon kernel: CPU: PIPT / VIPT nonaliasing data cache, VIPT nonaliasing instruction cache
Jul 24 13:02:51 witherspoon kernel: OF: fdt:Machine model: Witherspoon BMC
Jul 24 13:02:51 witherspoon kernel: Memory policy: Data cache writeback
Jul 24 13:02:51 witherspoon kernel: SOC Rev: 04030303
Jul 24 13:02:51 witherspoon kernel: On node 0 totalpages: 110592
Jul 24 13:02:51 witherspoon kernel: free_area_init_node: node 0, pgdat 80607514, node_mem_map 9ec1a000
Jul 24 13:02:51 witherspoon kernel:   Normal zone: 992 pages used for memmap
Jul 24 13:02:51 witherspoon kernel:   Normal zone: 0 pages reserved
Jul 24 13:02:51 witherspoon kernel:   Normal zone: 110592 pages, LIFO batch:31
Jul 24 13:02:51 witherspoon kernel: pcpu-alloc: s0 r0 d32768 u32768 alloc=1*32768
Jul 24 13:02:51 witherspoon kernel: pcpu-alloc: [0] 0 
Jul 24 13:02:51 witherspoon kernel: Built 1 zonelists in Zone order, mobility grouping on.  Total pages: 109600
Jul 24 13:02:51 witherspoon kernel: Kernel command line: console=ttyS4,115200n8 root=/dev/ram rw
Jul 24 13:02:51 witherspoon kernel: PID hash table entries: 2048 (order: 1, 8192 bytes)
Jul 24 13:02:51 witherspoon kernel: Dentry cache hash table entries: 65536 (order: 6, 262144 bytes)
Jul 24 13:02:51 witherspoon kernel: Inode-cache hash table entries: 32768 (order: 5, 131072 bytes)
Jul 24 13:02:51 witherspoon kernel: Memory: 430404K/442368K available (4063K kernel code, 280K rwdata, 1228K rodata, 284K init, 111K bss, 11964K reserved, 0K cma-reserved)
Jul 24 13:02:51 witherspoon kernel: Virtual kernel memory layout:
                                        vector  : 0xffff0000 - 0xffff1000   (   4 kB)
                                        fixmap  : 0xffc00000 - 0xfff00000   (3072 kB)
                                        vmalloc : 0x9f800000 - 0xff800000   (1536 MB)
                                        lowmem  : 0x80000000 - 0x9f000000   ( 496 MB)
                                          .text : 0x80008000 - 0x803fff60   (4064 kB)
                                          .init : 0x8058d000 - 0x805d4000   ( 284 kB)
                                          .data : 0x805d4000 - 0x8061a2a8   ( 281 kB)
                                           .bss : 0x8061a2a8 - 0x80636158   ( 112 kB)
Jul 24 13:02:51 witherspoon kernel: NR_IRQS:16 nr_irqs:16 16
Jul 24 13:02:51 witherspoon kernel: i2c controller registered, irq 16
Jul 24 13:02:51 witherspoon kernel: clocksource: moxart_timer: mask: 0xffffffff max_cycles: 0xffffffff, max_idle_ns: 77222644334 ns
Jul 24 13:02:51 witherspoon kernel: sched_clock: 32 bits at 100 Hz, resolution 10000000ns, wraps every 21474836475000000ns
Jul 24 13:02:51 witherspoon kernel: Calibrating delay loop... 789.70 BogoMIPS (lpj=3948544)
Jul 24 13:02:51 witherspoon kernel: pid_max: default: 32768 minimum: 301
Jul 24 13:02:51 witherspoon kernel: Mount-cache hash table entries: 1024 (order: 0, 4096 bytes)
Jul 24 13:02:51 witherspoon kernel: Mountpoint-cache hash table entries: 1024 (order: 0, 4096 bytes)
Jul 24 13:02:51 witherspoon kernel: CPU: Testing write buffer coherency: ok
Jul 24 13:02:51 witherspoon kernel: ftrace: allocating 14933 entries in 44 pages
Jul 24 13:02:51 witherspoon kernel: Setting up static identity map for 0x80008200 - 0x8000825c
Jul 24 13:02:51 witherspoon kernel: devtmpfs: initialized
Jul 24 13:02:51 witherspoon kernel: clocksource: jiffies: mask: 0xffffffff max_cycles: 0xffffffff, max_idle_ns: 19112604462750000 ns
Jul 24 13:02:51 witherspoon kernel: futex hash table entries: 256 (order: -1, 3072 bytes)
Jul 24 13:02:51 witherspoon kernel: pinctrl core: initialized pinctrl subsystem
Jul 24 13:02:51 witherspoon kernel: NET: Registered protocol family 16
Jul 24 13:02:51 witherspoon kernel: DMA: preallocated 256 KiB pool for atomic coherent allocations
Jul 24 13:02:51 witherspoon kernel: usbcore: registered new interface driver usbfs
Jul 24 13:02:51 witherspoon kernel: usbcore: registered new interface driver hub
Jul 24 13:02:51 witherspoon kernel: usbcore: registered new device driver usb
Jul 24 13:02:51 witherspoon kernel: clocksource: Switched to clocksource moxart_timer
Jul 24 13:02:51 witherspoon kernel: NET: Registered protocol family 2
Jul 24 13:02:51 witherspoon kernel: TCP established hash table entries: 4096 (order: 2, 16384 bytes)
Jul 24 13:02:51 witherspoon kernel: TCP bind hash table entries: 4096 (order: 2, 16384 bytes)
Jul 24 13:02:51 witherspoon kernel: TCP: Hash tables configured (established 4096 bind 4096)
Jul 24 13:02:51 witherspoon kernel: UDP hash table entries: 256 (order: 0, 4096 bytes)
Jul 24 13:02:51 witherspoon kernel: UDP-Lite hash table entries: 256 (order: 0, 4096 bytes)
Jul 24 13:02:51 witherspoon kernel: NET: Registered protocol family 1
Jul 24 13:02:51 witherspoon kernel: Trying to unpack rootfs image as initramfs...
Jul 24 13:02:51 witherspoon kernel: Freeing initrd memory: 1552K
Jul 24 13:02:51 witherspoon kernel: workingset: timestamp_bits=30 max_order=17 bucket_order=0
Jul 24 13:02:51 witherspoon kernel: squashfs: version 4.0 (2009/01/31) Phillip Lougher
Jul 24 13:02:51 witherspoon kernel: jffs2: version 2.2. (SUMMARY)  © 2001-2006 Red Hat, Inc.
Jul 24 13:02:51 witherspoon kernel: Block layer SCSI generic (bsg) driver version 0.4 loaded (major 250)
Jul 24 13:02:51 witherspoon kernel: io scheduler noop registered
Jul 24 13:02:51 witherspoon kernel: io scheduler deadline registered
Jul 24 13:02:51 witherspoon kernel: io scheduler cfq registered (default)
Jul 24 13:02:51 witherspoon kernel: ipmi-bt-host 1e789140.ibt: Found bt bmc device
Jul 24 13:02:51 witherspoon kernel: ipmi-bt-host 1e789140.ibt: Using IRQ 22
Jul 24 13:02:51 witherspoon kernel: Serial: 8250/16550 driver, 6 ports, IRQ sharing enabled
Jul 24 13:02:51 witherspoon kernel: 1e783000.serial: ttyS0 at MMIO 0x1e783000 (irq = 23, base_baud = 1500000) is a 16550A
Jul 24 13:02:51 witherspoon kernel: 1e78d000.serial: ttyS1 at MMIO 0x1e78d000 (irq = 24, base_baud = 1500000) is a 16550A
Jul 24 13:02:51 witherspoon kernel: 1e784000.serial: ttyS4 at MMIO 0x1e784000 (irq = 25, base_baud = 1500000) is a 16550A
Jul 24 13:02:51 witherspoon kernel: console [ttyS4] enabled
Jul 24 13:02:51 witherspoon kernel: 1e787000.vuart: ttyS2 at MMIO 0x1e787000 (irq = 22, base_baud = 1500000) is a 16550A
Jul 24 13:02:51 witherspoon kernel: timeriomem_rng 1e6e2078.hwrng: 32bits from 0xf00e2078 @ 1us
Jul 24 13:02:51 witherspoon kernel: random: fast init done
Jul 24 13:02:51 witherspoon kernel: brd: module loaded
Jul 24 13:02:51 witherspoon kernel: loop: module loaded
Jul 24 13:02:51 witherspoon kernel: aspeed-lpc-ctrl 1e789080.lpc-ctrl: Loaded at 0x98000000 (0x04000000)
Jul 24 13:02:51 witherspoon kernel: aspeed-smc 1e620000.flash-controller: Using IRQ 18
Jul 24 13:02:51 witherspoon kernel: aspeed-smc 1e620000.flash-controller: DMA support disabled.
Jul 24 13:02:51 witherspoon kernel: aspeed-smc 1e620000.flash-controller: mx25l25635e (32768 Kbytes)
Jul 24 13:02:52 witherspoon kernel: aspeed-smc 1e620000.flash-controller: CE0 window [ 0x20000000 - 0x22000000 ] 32MB
Jul 24 13:02:52 witherspoon kernel: aspeed-smc 1e620000.flash-controller: CE1 window [ 0x22000000 - 0x2a000000 ] 128MB
Jul 24 13:02:52 witherspoon kernel: 5 ofpart partitions found on MTD device bmc
Jul 24 13:02:52 witherspoon kernel: Creating 5 MTD partitions on "bmc":
Jul 24 13:02:52 witherspoon kernel: 0x000000000000-0x000000060000 : "u-boot"
Jul 24 13:02:52 witherspoon kernel: 0x000000060000-0x000000080000 : "u-boot-env"
Jul 24 13:02:52 witherspoon kernel: random: crng init done
Jul 24 13:02:52 witherspoon kernel: 0x000000080000-0x0000004c0000 : "kernel"
Jul 24 13:02:52 witherspoon kernel: 0x0000004c0000-0x000001c00000 : "rofs"
Jul 24 13:02:52 witherspoon kernel: 0x000001c00000-0x000002000000 : "rwfs"
Jul 24 13:02:52 witherspoon kernel: aspeed-smc 1e620000.flash-controller: mx25l25635e (32768 Kbytes)
Jul 24 13:02:52 witherspoon kernel: aspeed-smc 1e620000.flash-controller: CE1 window [ 0x22000000 - 0x24000000 ] 32MB
Jul 24 13:02:52 witherspoon kernel: aspeed-smc 1e620000.flash-controller: CE2 window [ 0x24000000 - 0x2c000000 ] 128MB
Jul 24 13:02:52 witherspoon kernel: aspeed-smc 1e630000.flash-controller: mx66l1g45g (131072 Kbytes)
Jul 24 13:02:52 witherspoon kernel: aspeed-smc 1e630000.flash-controller: CE0 window resized to 120MB (AST2500 HW quirk)
Jul 24 13:02:52 witherspoon kernel: aspeed-smc 1e630000.flash-controller: CE0 window [ 0x30000000 - 0x37800000 ] 120MB
Jul 24 13:02:52 witherspoon kernel: aspeed-smc 1e630000.flash-controller: CE0 window too small for chip 128MB
Jul 24 13:02:52 witherspoon kernel: aspeed-smc 1e630000.flash-controller: CE1 window [ 0x37800000 - 0x38000000 ] 8MB
Jul 24 13:02:52 witherspoon kernel: libphy: Fixed MDIO Bus: probed
Jul 24 13:02:52 witherspoon kernel: ftgmac100 1e660000.ethernet: Read MAC address 6e:2b:3b:11:ed:18 from chip
Jul 24 13:02:52 witherspoon kernel: ftgmac100 1e660000.ethernet: Using NCSI interface
Jul 24 13:02:52 witherspoon kernel: ftgmac100 1e660000.ethernet eth0: irq 20, mapped at f0060000
Jul 24 13:02:52 witherspoon kernel: ehci_hcd: USB 2.0 'Enhanced' Host Controller (EHCI) Driver
Jul 24 13:02:52 witherspoon kernel: ehci-platform: EHCI generic platform driver
Jul 24 13:02:52 witherspoon kernel:  fsi0: can't read slave 00:00 -5
Jul 24 13:02:52 witherspoon kernel: i2c /dev entries driver
Jul 24 13:02:52 witherspoon kernel: aspeed-i2c-bus 1e78a0c0.i2c-bus: i2c bus 2 registered, irq 26
Jul 24 13:02:52 witherspoon kernel: aspeed-i2c-bus 1e78a100.i2c-bus: i2c bus 3 registered, irq 27
Jul 24 13:02:52 witherspoon kernel: aspeed-i2c-bus 1e78a140.i2c-bus: i2c bus 4 registered, irq 28
Jul 24 13:02:52 witherspoon kernel: aspeed-i2c-bus 1e78a180.i2c-bus: i2c bus 5 registered, irq 29
Jul 24 13:02:52 witherspoon kernel: aspeed-i2c-bus 1e78a380.i2c-bus: i2c bus 9 registered, irq 30
Jul 24 13:02:52 witherspoon kernel: aspeed-i2c-bus 1e78a3c0.i2c-bus: i2c bus 10 registered, irq 31
Jul 24 13:02:52 witherspoon kernel: rtc-rv8803 11-0032: rtc core: registered rx8900 as rtc0
Jul 24 13:02:52 witherspoon kernel: at24 11-0051: 8192 byte 24c64 EEPROM, writable, 1 bytes/write
Jul 24 13:02:52 witherspoon kernel: aspeed-i2c-bus 1e78a400.i2c-bus: i2c bus 11 registered, irq 32
Jul 24 13:02:52 witherspoon kernel: aspeed-i2c-bus 1e78a440.i2c-bus: i2c bus 12 registered, irq 33
Jul 24 13:02:52 witherspoon kernel: aspeed-i2c-bus 1e78a480.i2c-bus: i2c bus 13 registered, irq 34
Jul 24 13:02:52 witherspoon kernel: Driver for 1-wire Dallas network protocol.
Jul 24 13:02:52 witherspoon kernel: lm75 9-004a: hwmon0: sensor 'tmp275'
Jul 24 13:02:52 witherspoon kernel: ucd9000 11-0064: Device ID UCD90160|2.3.4.0000|110603
Jul 24 13:02:52 witherspoon kernel: leds-pca955x 3-0060: leds-pca955x: Using pca9552 16-bit LED driver at slave address 0x60
Jul 24 13:02:52 witherspoon kernel: leds-pca955x 11-0060: leds-pca955x: Using pca9552 16-bit LED driver at slave address 0x60
Jul 24 13:02:52 witherspoon kernel: leds-pca955x 11-0060: gpios 264...279
Jul 24 13:02:52 witherspoon kernel: usbcore: registered new interface driver usbhid
Jul 24 13:02:52 witherspoon kernel: usbhid: USB HID core driver
Jul 24 13:02:52 witherspoon kernel: dps310: probe of 3-0076 failed with error -5
Jul 24 13:02:52 witherspoon kernel: NET: Registered protocol family 10
Jul 24 13:02:52 witherspoon kernel: Segment Routing with IPv6
Jul 24 13:02:52 witherspoon kernel: NET: Registered protocol family 17
Jul 24 13:02:52 witherspoon kernel: 8021q: 802.1Q VLAN Support v1.8
Jul 24 13:02:52 witherspoon kernel: console [netcon0] enabled
Jul 24 13:02:52 witherspoon kernel: netconsole: network logging started
Jul 24 13:02:52 witherspoon kernel: input: gpio-keys as /devices/platform/gpio-keys/input/input0
Jul 24 13:02:52 witherspoon kernel: rtc-rv8803 11-0032: setting system clock to 2016-03-05 18:45:09 UTC (1457203509)
Jul 24 13:02:52 witherspoon kernel: Freeing unused kernel memory: 284K
Jul 24 13:02:52 witherspoon kernel: This architecture does not have kernel memory protection.
Jul 24 13:02:52 witherspoon kernel: jffs2: notice: (526) jffs2_build_xattr_subsystem: complete building xattr subsystem, 0 of xdatum (0 unchecked, 0 orphan) and 0 of xref (0 dead, 0 orphan) found.
Jul 24 13:02:52 witherspoon systemd[1]: System time before build time, advancing clock.
Jul 24 13:02:52 witherspoon systemd[1]: Failed to insert module 'autofs4': No such file or directory
Jul 24 13:02:52 witherspoon systemd[1]: systemd 232 running in system mode. (+PAM -AUDIT -SELINUX -IMA -APPARMOR -SMACK +SYSVINIT -UTMP -LIBCRYPTSETUP -GCRYPT -GNUTLS +ACL +XZ -LZ4 -SECCOMP +BLKID -ELFUTILS +KMOD -IDN)
Jul 24 13:02:52 witherspoon systemd[1]: Detected architecture arm.
Jul 24 13:02:52 witherspoon systemd[1]: Set hostname to <witherspoon>.
Jul 24 13:02:52 witherspoon systemd[1]: Listening on udev Control Socket.
Jul 24 13:02:52 witherspoon systemd[1]: Created slice System Slice.
Jul 24 13:02:52 witherspoon systemd[1]: Created slice system-getty.slice.
Jul 24 13:02:52 witherspoon systemd[1]: Created slice system-phosphor\x2ddiscover\x2dsystem\x2dstate.slice.
Jul 24 13:02:52 witherspoon systemd[1]: Listening on Journal Socket (/dev/log).
Jul 24 13:02:52 witherspoon systemd[1]: Created slice system-org.openbmc.control.Bmc.slice.
Jul 24 13:02:52 witherspoon systemd[1]: Created slice system-serial\x2dgetty.slice.
Jul 24 13:02:52 witherspoon systemd[1]: Created slice system-org.openbmc.control.Chassis.slice.
Jul 24 13:02:52 witherspoon systemd[1]: Mounting Temporary Directory...
Jul 24 13:02:52 witherspoon systemd[1]: Created slice system-org.openbmc.control.Power.slice.
Jul 24 13:02:52 witherspoon systemd[1]: Started Dispatch Password Requests to Console Directory Watch.
Jul 24 13:02:52 witherspoon systemd[1]: Starting Journal Service...
Jul 24 13:02:52 witherspoon systemd[1]: Started Forward Password Requests to Wall Directory Watch.
Jul 24 13:02:52 witherspoon systemd[1]: Reached target Paths.
Jul 24 13:02:52 witherspoon systemd-journald[658]: Journal started
Jul 24 13:02:52 witherspoon systemd-journald[658]: Runtime journal (/run/log/journal/e3cc327761a144cda7e53d5e3c5a1576) is 0B, max 0B, 0B free.
Jul 24 13:02:52 witherspoon systemd-sysctl[653]: Couldn't write '16' to 'kernel/sysrq', ignoring: No such file or directory
Jul 24 13:02:52 witherspoon systemd-sysctl[653]: Couldn't write 'fq_codel' to 'net/core/default_qdisc', ignoring: No such file or directory
Jul 24 13:02:52 witherspoon systemd[1]: dev-hugepages.mount: Couldn't determine result for ConditionVirtualization=!private-users, assuming failed: No such file or directory
Jul 24 13:02:52 witherspoon systemd[1]: Mounted Debug File System.
Jul 24 13:02:52 witherspoon systemd[1]: Mounted Temporary Directory.
Jul 24 13:02:53 witherspoon systemd[1]: Started Remount Root and Kernel File Systems.
Jul 24 13:02:53 witherspoon systemd[1]: Started Apply Kernel Variables.
Jul 24 13:02:53 witherspoon systemd[1]: Starting Create System Users...
Jul 24 13:02:53 witherspoon systemd[1]: Starting Flush Journal to Persistent Storage...
Jul 24 13:02:54 witherspoon systemd[1]: Started udev Coldplug all Devices.
Jul 24 13:02:54 witherspoon systemd-journald[658]: Runtime journal (/run/log/journal/e3cc327761a144cda7e53d5e3c5a1576) is 0B, max 0B, 0B free.
Jul 24 13:02:54 witherspoon systemd[1]: Started Flush Journal to Persistent Storage.
Jul 24 13:02:54 witherspoon systemd[1]: Started Create System Users.
Jul 24 13:02:54 witherspoon systemd[1]: Starting Create Static Device Nodes in /dev...
Jul 24 13:02:54 witherspoon systemd[1]: Started Create Static Device Nodes in /dev.
Jul 24 13:02:55 witherspoon systemd[1]: Reached target Local File Systems (Pre).
Jul 24 13:02:55 witherspoon systemd[1]: Mounting /var/volatile...
Jul 24 13:02:55 witherspoon systemd[1]: Starting udev Kernel Device Manager...
Jul 24 13:02:55 witherspoon systemd[1]: Mounted /var/volatile.
Jul 24 13:02:55 witherspoon systemd[1]: Starting Load/Save Random Seed...
Jul 24 13:02:55 witherspoon systemd[1]: Reached target Local File Systems.
Jul 24 13:02:55 witherspoon systemd[1]: Starting Rebuild Journal Catalog...
Jul 24 13:02:55 witherspoon systemd[1]: Starting Create Volatile Files and Directories...
Jul 24 13:02:55 witherspoon systemd[1]: Started Rebuild Journal Catalog.
Jul 24 13:02:55 witherspoon systemd[1]: Starting Update is Completed...
Jul 24 13:02:55 witherspoon systemd-tmpfiles[896]: "/var/tmp" already exists and is not a directory.
Jul 24 13:02:55 witherspoon systemd-tmpfiles[896]: "/var/log" already exists and is not a directory.
Jul 24 13:02:55 witherspoon systemd[1]: Started Create Volatile Files and Directories.
Jul 24 13:02:56 witherspoon systemd[1]: Starting Network Time Synchronization...
Jul 24 13:02:56 witherspoon systemd[1]: Starting Run pending postinsts...
Jul 24 13:02:56 witherspoon systemd[1]: Started Update is Completed.
Jul 24 13:02:56 witherspoon systemd[1]: Started Load/Save Random Seed.
Jul 24 13:02:56 witherspoon systemd[1]: Started udev Kernel Device Manager.
Jul 24 13:02:56 witherspoon systemd[1]: Started Network Time Synchronization.
Jul 24 13:02:56 witherspoon systemd[1]: Reached target System Time Synchronized.
Jul 24 13:02:57 witherspoon run-postinsts[904]: Running postinst /etc/rpm-postinsts/libglib-2.0-0...
Jul 24 13:02:59 witherspoon systemd[1]: Found device /dev/aspeed-mbox.
Jul 24 13:02:59 witherspoon systemd[1]: Found device /dev/ttyS4.
Jul 24 13:02:59 witherspoon systemd[1]: Found device /dev/aspeed-lpc-ctrl.
Jul 24 13:02:59 witherspoon systemd[1]: Found device /dev/ttyVUART0.
Jul 24 13:03:00 witherspoon run-postinsts[904]: rm: can't remove '/etc/rpm-postinsts': Invalid argument
Jul 24 13:03:00 witherspoon run-postinsts[904]:  Removing any system startup links for run-postinsts ...
Jul 24 13:03:00 witherspoon systemctl[936]: Removed /etc/systemd/system/sysinit.target.wants/run-postinsts.service.
Jul 24 13:03:00 witherspoon systemd[1]: Reloading.
Jul 24 13:03:02 witherspoon systemd[1]: dev-hugepages.mount: Couldn't determine result for ConditionVirtualization=!private-users, assuming failed: No such file or directory
Jul 24 13:03:02 witherspoon systemd[1]: Created slice system-xyz.openbmc_project.Hwmon.slice.
Jul 24 13:03:02 witherspoon systemd[1]: Created slice system-xyz.openbmc_project.led.controller.slice.
Jul 24 13:03:03 witherspoon systemd[1]: Started Run pending postinsts.
Jul 24 13:03:03 witherspoon systemd[1]: Reached target System Initialization.
Jul 24 13:03:03 witherspoon systemd[1]: Listening on D-Bus System Message Bus Socket.
Jul 24 13:03:03 witherspoon systemd[1]: Listening on Phosphor Host Console SSH Per-Connection socket.
Jul 24 13:03:03 witherspoon systemd[1]: Listening on Phosphor Webserver socket.
Jul 24 13:03:03 witherspoon systemd[1]: Listening on dropbear.socket.
Jul 24 13:03:03 witherspoon systemd[1]: Listening on Avahi mDNS/DNS-SD Stack Activation Socket.
Jul 24 13:03:03 witherspoon systemd[1]: Listening on phosphor-ipmi-net.socket.
Jul 24 13:03:03 witherspoon systemd[1]: Started Daily Cleanup of Temporary Directories.
Jul 24 13:03:03 witherspoon systemd[1]: Reached target Timers.
Jul 24 13:03:03 witherspoon systemd[1]: Listening on Phosphor DBUS Browser socket.
Jul 24 13:03:03 witherspoon systemd[1]: Reached target Sockets.
Jul 24 13:03:03 witherspoon systemd[1]: Reached target Basic System.
Jul 24 13:03:03 witherspoon systemd[1]: Started Phosphor sysfs LED controller.
Jul 24 13:03:03 witherspoon systemd[1]: Starting Phosphor Inventory Manager...
Jul 24 13:03:03 witherspoon systemd[1]: Reached target Containers.
Jul 24 13:03:03 witherspoon systemd[1]: Starting Phosphor Download Manager...
Jul 24 13:03:03 witherspoon systemd[1]: Starting Phosphor User Manager...
Jul 24 13:03:03 witherspoon systemd[1]: Started Phosphor sysfs LED controller.
Jul 24 13:03:03 witherspoon systemd[1]: Started Phosphor sysfs LED controller.
Jul 24 13:03:03 witherspoon systemd[1]: Started D-Bus System Message Bus.
Jul 24 13:03:06 witherspoon systemd[1]: Started Phosphor Inventory Manager.
Jul 24 13:03:06 witherspoon systemd[1]: Starting Network Service...
Jul 24 13:03:06 witherspoon systemd[1]: Starting Phosphor Sensor Manager...
Jul 24 13:03:06 witherspoon systemd[1]: Starting Phosphor DBus Service Discovery Manager...
Jul 24 13:03:07 witherspoon systemd[1]: Started Phosphor Console Muxer listening on device /dev/ttyVUART0.
Jul 24 13:03:07 witherspoon systemd[1]: Starting Avahi mDNS/DNS-SD Stack...
Jul 24 13:03:07 witherspoon systemd[1]: Started Phosphor sysfs LED controller.
Jul 24 13:03:07 witherspoon systemd[1]: Started System Logging Service.
Jul 24 13:03:07 witherspoon systemd[1]: Started Phosphor Hwmon Poller.
Jul 24 13:03:07 witherspoon systemd[1]: Started Phosphor Hwmon Poller.
Jul 24 13:03:07 witherspoon systemd[1]: Started Phosphor Hwmon Poller.
Jul 24 13:03:08 witherspoon avahi-daemon[958]: Found user 'avahi' (UID 999) and group 'avahi' (GID 999).
Jul 24 13:03:08 witherspoon systemd[1]: Started Phosphor sysfs LED controller.
Jul 24 13:03:08 witherspoon avahi-daemon[958]: Successfully dropped root privileges.
Jul 24 13:03:08 witherspoon systemd[1]: Started Phosphor Hwmon Poller.
Jul 24 13:03:12 witherspoon kernel: ftgmac100 1e660000.ethernet eth0: NCSI interface up
Jul 24 13:03:09 witherspoon kernel[972]: klogd started: BusyBox v1.24.1 (2017-07-24 08:19:28 CDT)
Jul 24 13:03:08 witherspoon systemd[1]: Starting Phosphor Network Manager...
Jul 24 13:03:09 witherspoon kernel[972]: [    0.000000] Booting Linux on physical CPU 0x0
Jul 24 13:03:08 witherspoon systemd[1]: Started Phosphor Dump core monitor..
Jul 24 13:03:09 witherspoon kernel[972]: [    0.000000] Linux version 4.10.17-d6ae40dc4c4dff3265cc254d404ed6b03fcc2206 (bmcbuild@hmcci186.aus.stglabs.ibm.com) (gcc version 6.2.0 (GCC) ) #1 Mon Jul 24 08:20:55 CDT 2017
Jul 24 13:03:08 witherspoon systemd[1]: Starting Phosphor IPMI BT DBus Bridge...
Jul 24 13:03:09 witherspoon kernel[972]: [    0.000000] CPU: ARMv6-compatible processor [410fb767] revision 7 (ARMv7), cr=00c5387d
Jul 24 13:03:08 witherspoon systemd[1]: Starting Phosphor Inventory Manager...
Jul 24 13:03:09 witherspoon kernel[972]: [    0.000000] CPU: PIPT / VIPT nonaliasing data cache, VIPT nonaliasing instruction cache
Jul 24 13:03:08 witherspoon systemd-networkd[954]: Enumeration completed
Jul 24 13:03:09 witherspoon kernel[972]: [    0.000000] OF: fdt:Machine model: Witherspoon BMC
Jul 24 13:03:08 witherspoon systemd[1]: Starting OpenPower Software Update Manager...
Jul 24 13:03:09 witherspoon kernel[972]: [    0.000000] Memory policy: Data cache writeback
Jul 24 13:03:08 witherspoon systemd[1]: Starting Phosphor Chassis0 Control...
Jul 24 13:03:09 witherspoon kernel[972]: [    0.000000] SOC Rev: 04030303
Jul 24 13:03:08 witherspoon systemd[1]: Started Kernel Logging Service.
Jul 24 13:03:09 witherspoon kernel[972]: [    0.000000] On node 0 totalpages: 110592
Jul 24 13:03:08 witherspoon systemd[1]: Starting Phosphor Settings Daemon...
Jul 24 13:03:09 witherspoon kernel[972]: [    0.000000] free_area_init_node: node 0, pgdat 80607514, node_mem_map 9ec1a000
Jul 24 13:03:08 witherspoon systemd-networkd[954]: eth0: IPv6 enabled for interface: Success
Jul 24 13:03:09 witherspoon kernel[972]: [    0.000000]   Normal zone: 992 pages used for memmap
Jul 24 13:03:08 witherspoon systemd-networkd[954]: eth0: Gained carrier
Jul 24 13:03:09 witherspoon kernel[972]: [    0.000000]   Normal zone: 0 pages reserved
Jul 24 13:03:08 witherspoon systemd[1]: Starting Phosphor Dump Manager...
Jul 24 13:03:09 witherspoon kernel[972]: [    0.000000]   Normal zone: 110592 pages, LIFO batch:31
Jul 24 13:03:08 witherspoon systemd-timesyncd[903]: Network configuration changed, trying to establish connection.
Jul 24 13:03:09 witherspoon kernel[972]: [    0.000000] pcpu-alloc: s0 r0 d32768 u32768 alloc=1*32768
Jul 24 13:03:08 witherspoon systemd[1]: Starting Phosphor LED Group Management Daemon...
Jul 24 13:03:09 witherspoon kernel[972]: [    0.000000] pcpu-alloc: [0] 0
Jul 24 13:03:09 witherspoon systemd[1]: Starting OpenBMC Software Update Manager...
Jul 24 13:03:09 witherspoon kernel[972]: [    0.000000] Built 1 zonelists in Zone order, mobility grouping on.  Total pages: 109600
Jul 24 13:03:09 witherspoon systemd[1]: Starting Phosphor Download Manager...
Jul 24 13:03:09 witherspoon kernel[972]: [    0.000000] Kernel command line: console=ttyS4,115200n8 root=/dev/ram rw
Jul 24 13:03:09 witherspoon systemd[1]: Starting Clear one time boot overrides...
Jul 24 13:03:09 witherspoon kernel[972]: [    0.000000] PID hash table entries: 2048 (order: 1, 8192 bytes)
Jul 24 13:03:09 witherspoon systemd[1]: Starting Phosphor BMC0 Control...
Jul 24 13:03:09 witherspoon kernel[972]: [    0.000000] Dentry cache hash table entries: 65536 (order: 6, 262144 bytes)
Jul 24 13:03:10 witherspoon openpower-update-manager[970]: Error PNOR current version is empty
Jul 24 13:03:09 witherspoon kernel[972]: [    0.000000] Inode-cache hash table entries: 32768 (order: 5, 131072 bytes)
Jul 24 13:03:10 witherspoon systemd[1]: Started Hardware RNG Entropy Gatherer Daemon.
Jul 24 13:03:09 witherspoon kernel[972]: [    0.000000] Memory: 430404K/442368K available (4063K kernel code, 280K rwdata, 1228K rodata, 284K init, 111K bss, 11964K reserved, 0K cma-reserved)
Jul 24 13:03:10 witherspoon systemd[1]: Started Phosphor sysfs LED controller.
Jul 24 13:03:09 witherspoon kernel[972]: [    0.000000] Virtual kernel memory layout:
Jul 24 13:03:10 witherspoon systemd[1]: Started Phosphor MBOX Daemon.
Jul 24 13:03:09 witherspoon kernel[972]: [    0.000000]     vector  : 0xffff0000 - 0xffff1000   (   4 kB)
Jul 24 13:03:10 witherspoon systemd[1]: Started Phosphor sysfs LED controller.
Jul 24 13:03:09 witherspoon kernel[972]: [    0.000000]     fixmap  : 0xffc00000 - 0xfff00000   (3072 kB)
Jul 24 13:03:10 witherspoon systemd[1]: Started Phosphor Hwmon Poller.
Jul 24 13:03:09 witherspoon kernel[972]: [    0.000000]     vmalloc : 0x9f800000 - 0xff800000   (1536 MB)
Jul 24 13:03:10 witherspoon systemd[1]: Started Phosphor sysfs LED controller.
Jul 24 13:03:09 witherspoon kernel[972]: [    0.000000]     lowmem  : 0x80000000 - 0x9f000000   ( 496 MB)
Jul 24 13:03:10 witherspoon systemd[1]: Starting Phosphor Log Manager...
Jul 24 13:03:09 witherspoon kernel[972]: [    0.000000]       .text : 0x80008000 - 0x803fff60   (4064 kB)
Jul 24 13:03:10 witherspoon systemd[1]: Started Phosphor sysfs LED controller.
Jul 24 13:03:09 witherspoon kernel[972]: [    0.000000]       .init : 0x8058d000 - 0x805d4000   ( 284 kB)
Jul 24 13:03:10 witherspoon systemd[1]: Started Phosphor sysfs LED controller.
Jul 24 13:03:09 witherspoon kernel[972]: [    0.000000]       .data : 0x805d4000 - 0x8061a2a8   ( 281 kB)
Jul 24 13:03:10 witherspoon systemd[1]: Started Phosphor Hwmon Poller.
Jul 24 13:03:09 witherspoon kernel[972]: [    0.000000]        .bss : 0x8061a2a8 - 0x80636158   ( 112 kB)
Jul 24 13:03:10 witherspoon systemd-networkd[954]: eth0: Gained IPv6LL
Jul 24 13:03:09 witherspoon kernel[972]: [    0.000000] NR_IRQS:16 nr_irqs:16 16
Jul 24 13:03:10 witherspoon systemd[1]: Started Network Service.
Jul 24 13:03:09 witherspoon kernel[972]: [    0.000000] i2c controller registered, irq 16
Jul 24 13:03:11 witherspoon systemd[1]: Started Clear one time boot overrides.
Jul 24 13:03:09 witherspoon kernel[972]: [    0.000000] clocksource: moxart_timer: mask: 0xffffffff max_cycles: 0xffffffff, max_idle_ns: 77222644334 ns
Jul 24 13:03:11 witherspoon systemd[1]: Started Phosphor LED Group Management Daemon.
Jul 24 13:03:09 witherspoon kernel[972]: [    0.000000] sched_clock: 32 bits at 100 Hz, resolution 10000000ns, wraps every 21474836475000000ns
Jul 24 13:03:11 witherspoon systemd[1]: Started Phosphor Download Manager.
Jul 24 13:03:09 witherspoon kernel[972]: [    0.090000] Calibrating delay loop... 789.70 BogoMIPS (lpj=3948544)
Jul 24 13:03:11 witherspoon systemd[1]: Started OpenPower Software Update Manager.
Jul 24 13:03:09 witherspoon kernel[972]: [    0.090000] pid_max: default: 32768 minimum: 301
Jul 24 13:03:12 witherspoon systemd[1]: Started OpenBMC Software Update Manager.
Jul 24 13:03:09 witherspoon kernel[972]: [    0.090000] Mount-cache hash table entries: 1024 (order: 0, 4096 bytes)
Jul 24 13:03:12 witherspoon systemd[1]: Starting Phosphor Version Software Manager...
Jul 24 13:03:09 witherspoon kernel[972]: [    0.090000] Mountpoint-cache hash table entries: 1024 (order: 0, 4096 bytes)
Jul 24 13:03:12 witherspoon systemd[1]: Reached target Network.
Jul 24 13:03:09 witherspoon kernel[972]: [    0.090000] CPU: Testing write buffer coherency: ok
Jul 24 13:03:12 witherspoon systemd[1]: Starting Permit User Sessions...
Jul 24 13:03:09 witherspoon kernel[972]: [    0.090000] ftrace: allocating 14933 entries in 44 pages
Jul 24 13:03:12 witherspoon systemd[1]: Started Lightweight SLP Server.
Jul 24 13:03:09 witherspoon kernel[972]: [    0.120000] Setting up static identity map for 0x80008200 - 0x8000825c
Jul 24 13:03:12 witherspoon systemd[1]: Started Phosphor Settings Daemon.
Jul 24 13:03:09 witherspoon kernel[972]: [    0.130000] devtmpfs: initialized
Jul 24 13:03:12 witherspoon systemd[1]: Started Phosphor IPMI BT DBus Bridge.
Jul 24 13:03:09 witherspoon kernel[972]: [    0.140000] clocksource: jiffies: mask: 0xffffffff max_cycles: 0xffffffff, max_idle_ns: 19112604462750000 ns
Jul 24 13:03:12 witherspoon systemd[1]: Started Phosphor Log Manager.
Jul 24 13:03:09 witherspoon kernel[972]: [    0.140000] futex hash table entries: 256 (order: -1, 3072 bytes)
Jul 24 13:03:13 witherspoon systemd[1]: Started Avahi mDNS/DNS-SD Stack.
Jul 24 13:03:09 witherspoon kernel[972]: [    0.140000] pinctrl core: initialized pinctrl subsystem
Jul 24 13:03:13 witherspoon systemd[1]: Started Permit User Sessions.
Jul 24 13:03:09 witherspoon kernel[972]: [    0.140000] NET: Registered protocol family 16
Jul 24 13:03:14 witherspoon systemd[1]: Started Serial Getty on ttyS4.
Jul 24 13:03:09 witherspoon kernel[972]: [    0.140000] DMA: preallocated 256 KiB pool for atomic coherent allocations
Jul 24 13:03:14 witherspoon systemd[1]: Reached target Login Prompts.
Jul 24 13:03:09 witherspoon kernel[972]: [    0.210000] usbcore: registered new interface driver usbfs
Jul 24 13:03:14 witherspoon systemd[1]: Reached target Multi-User System.
Jul 24 13:03:09 witherspoon kernel[972]: [    0.210000] usbcore: registered new interface driver hub
Jul 24 13:03:14 witherspoon systemd[1]: Started Phosphor Version Software Manager.
Jul 24 13:03:09 witherspoon kernel[972]: [    0.210000] usbcore: registered new device driver usb
Jul 24 13:03:14 witherspoon systemd[1]: Started Phosphor Dump Manager.
Jul 24 13:03:09 witherspoon kernel[972]: [    0.220000] clocksource: Switched to clocksource moxart_timer
Jul 24 13:03:15 witherspoon systemd[1]: Created slice system-dropbear.slice.
Jul 24 13:03:09 witherspoon kernel[972]: [    0.240000] NET: Registered protocol family 2
Jul 24 13:03:15 witherspoon systemd[1]: Started SSH Per-Connection Server (9.41.165.94:42456).
Jul 24 13:03:09 witherspoon kernel[972]: [    0.240000] TCP established hash table entries: 4096 (order: 2, 16384 bytes)
Jul 24 13:03:09 witherspoon kernel[972]: [    0.240000] TCP bind hash table entries: 4096 (order: 2, 16384 bytes)
Jul 24 13:03:09 witherspoon kernel[972]: [    0.240000] TCP: Hash tables configured (established 4096 bind 4096)
Jul 24 13:03:09 witherspoon kernel[972]: [    0.240000] UDP hash table entries: 256 (order: 0, 4096 bytes)
Jul 24 13:03:09 witherspoon kernel[972]: [    0.240000] UDP-Lite hash table entries: 256 (order: 0, 4096 bytes)
Jul 24 13:03:09 witherspoon kernel[972]: [    0.240000] NET: Registered protocol family 1
Jul 24 13:03:09 witherspoon kernel[972]: [    0.240000] Trying to unpack rootfs image as initramfs...
Jul 24 13:03:09 witherspoon kernel[972]: [    1.910000] Freeing initrd memory: 1552K
Jul 24 13:03:09 witherspoon kernel[972]: [    1.910000] workingset: timestamp_bits=30 max_order=17 bucket_order=0
Jul 24 13:03:09 witherspoon kernel[972]: [    1.910000] squashfs: version 4.0 (2009/01/31) Phillip Lougher
Jul 24 13:03:09 witherspoon kernel[972]: [    1.910000] jffs2: version 2.2. (SUMMARY)  © 2001-2006 Red Hat, Inc.
Jul 24 13:03:09 witherspoon kernel[972]: [    1.910000] Block layer SCSI generic (bsg) driver version 0.4 loaded (major 250)
Jul 24 13:03:09 witherspoon kernel[972]: [    1.910000] io scheduler noop registered
Jul 24 13:03:09 witherspoon kernel[972]: [    1.910000] io scheduler deadline registered
Jul 24 13:03:09 witherspoon kernel[972]: [    1.910000] io scheduler cfq registered (default)
Jul 24 13:03:09 witherspoon kernel[972]: [    2.060000] ipmi-bt-host 1e789140.ibt: Found bt bmc device
Jul 24 13:03:09 witherspoon kernel[972]: [    2.060000] ipmi-bt-host 1e789140.ibt: Using IRQ 22
Jul 24 13:03:09 witherspoon kernel[972]: [    2.060000] Serial: 8250/16550 driver, 6 ports, IRQ sharing enabled
Jul 24 13:03:09 witherspoon kernel[972]: [    2.060000] 1e783000.serial: ttyS0 at MMIO 0x1e783000 (irq = 23, base_baud = 1500000) is a 16550A
Jul 24 13:03:09 witherspoon kernel[972]: [    2.060000] 1e78d000.serial: ttyS1 at MMIO 0x1e78d000 (irq = 24, base_baud = 1500000) is a 16550A
Jul 24 13:03:09 witherspoon kernel[972]: [    2.060000] 1e784000.serial: ttyS4 at MMIO 0x1e784000 (irq = 25, base_baud = 1500000) is a 16550A
Jul 24 13:03:09 witherspoon kernel[972]: [    2.430000] console [ttyS4] enabled
Jul 24 13:03:09 witherspoon kernel[972]: [    2.430000] 1e787000.vuart: ttyS2 at MMIO 0x1e787000 (irq = 22, base_baud = 1500000) is a 16550A
Jul 24 13:03:09 witherspoon kernel[972]: [    2.600000] timeriomem_rng 1e6e2078.hwrng: 32bits from 0xf00e2078 @ 1us
Jul 24 13:03:09 witherspoon kernel[972]: [    2.610000] random: fast init done
Jul 24 13:03:09 witherspoon kernel[972]: [    2.650000] brd: module loaded
Jul 24 13:03:09 witherspoon kernel[972]: [    2.680000] loop: module loaded
Jul 24 13:03:09 witherspoon kernel[972]: [    2.680000] aspeed-lpc-ctrl 1e789080.lpc-ctrl: Loaded at 0x98000000 (0x04000000)
Jul 24 13:03:16 witherspoon systemd[1]: Started Phosphor BMC0 Control.
Jul 24 13:03:09 witherspoon kernel[972]: [    2.690000] aspeed-smc 1e620000.flash-controller: Using IRQ 18
Jul 24 13:03:09 witherspoon kernel[972]: [    2.690000] aspeed-smc 1e620000.flash-controller: DMA support disabled.
Jul 24 13:03:09 witherspoon kernel[972]: [    2.710000] aspeed-smc 1e620000.flash-controller: mx25l25635e (32768 Kbytes)
Jul 24 13:03:09 witherspoon kernel[972]: [    2.710000] aspeed-smc 1e620000.flash-controller: CE0 window [ 0x20000000 - 0x22000000 ] 32MB
Jul 24 13:03:09 witherspoon kernel[972]: [    2.710000] aspeed-smc 1e620000.flash-controller: CE1 window [ 0x22000000 - 0x2a000000 ] 128MB
Jul 24 13:03:09 witherspoon kernel[972]: [    2.730000] 5 ofpart partitions found on MTD device bmc
Jul 24 13:03:09 witherspoon kernel[972]: [    2.730000] Creating 5 MTD partitions on "bmc":
Jul 24 13:03:09 witherspoon kernel[972]: [    2.730000] 0x000000000000-0x000000060000 : "u-boot"
Jul 24 13:03:09 witherspoon kernel[972]: [    2.730000] 0x000000060000-0x000000080000 : "u-boot-env"
Jul 24 13:03:09 witherspoon kernel[972]: [    2.770000] random: crng init done
Jul 24 13:03:09 witherspoon kernel[972]: [    2.770000] 0x000000080000-0x0000004c0000 : "kernel"
Jul 24 13:03:09 witherspoon kernel[972]: [    2.780000] 0x0000004c0000-0x000001c00000 : "rofs"
Jul 24 13:03:09 witherspoon kernel[972]: [    2.790000] 0x000001c00000-0x000002000000 : "rwfs"
Jul 24 13:03:09 witherspoon kernel[972]: [    2.800000] aspeed-smc 1e620000.flash-controller: mx25l25635e (32768 Kbytes)
Jul 24 13:03:09 witherspoon kernel[972]: [    2.810000] aspeed-smc 1e620000.flash-controller: CE1 window [ 0x22000000 - 0x24000000 ] 32MB
Jul 24 13:03:09 witherspoon kernel[972]: [    2.810000] aspeed-smc 1e620000.flash-controller: CE2 window [ 0x24000000 - 0x2c000000 ] 128MB
Jul 24 13:03:09 witherspoon kernel[972]: [    2.830000] aspeed-smc 1e630000.flash-controller: mx66l1g45g (131072 Kbytes)
Jul 24 13:03:09 witherspoon kernel[972]: [    2.840000] aspeed-smc 1e630000.flash-controller: CE0 window resized to 120MB (AST2500 HW quirk)
Jul 24 13:03:09 witherspoon kernel[972]: [    2.840000] aspeed-smc 1e630000.flash-controller: CE0 window [ 0x30000000 - 0x37800000 ] 120MB
Jul 24 13:03:09 witherspoon kernel[972]: [    2.860000] aspeed-smc 1e630000.flash-controller: CE0 window too small for chip 128MB
Jul 24 13:03:09 witherspoon kernel[972]: [    2.860000] aspeed-smc 1e630000.flash-controller: CE1 window [ 0x37800000 - 0x38000000 ] 8MB
Jul 24 13:03:09 witherspoon kernel[972]: [    3.630000] libphy: Fixed MDIO Bus: probed
Jul 24 13:03:09 witherspoon kernel[972]: [    3.630000] ftgmac100 1e660000.ethernet: Read MAC address 6e:2b:3b:11:ed:18 from chip
Jul 24 13:03:09 witherspoon kernel[972]: [    3.630000] ftgmac100 1e660000.ethernet: Using NCSI interface
Jul 24 13:03:09 witherspoon kernel[972]: [    3.630000] ftgmac100 1e660000.ethernet eth0: irq 20, mapped at f0060000
Jul 24 13:03:09 witherspoon kernel[972]: [    3.630000] ehci_hcd: USB 2.0 'Enhanced' Host Controller (EHCI) Driver
Jul 24 13:03:09 witherspoon kernel[972]: [    3.630000] ehci-platform: EHCI generic platform driver
Jul 24 13:03:09 witherspoon kernel[972]: [    3.840000]  fsi0: can't read slave 00:00 -5
Jul 24 13:03:09 witherspoon kernel[972]: [    3.840000] i2c /dev entries driver
Jul 24 13:03:09 witherspoon kernel[972]: [    3.840000] aspeed-i2c-bus 1e78a0c0.i2c-bus: i2c bus 2 registered, irq 26
Jul 24 13:03:09 witherspoon kernel[972]: [    3.840000] aspeed-i2c-bus 1e78a100.i2c-bus: i2c bus 3 registered, irq 27
Jul 24 13:03:09 witherspoon kernel[972]: [    3.840000] aspeed-i2c-bus 1e78a140.i2c-bus: i2c bus 4 registered, irq 28
Jul 24 13:03:09 witherspoon kernel[972]: [    3.840000] aspeed-i2c-bus 1e78a180.i2c-bus: i2c bus 5 registered, irq 29
Jul 24 13:03:09 witherspoon kernel[972]: [    3.840000] aspeed-i2c-bus 1e78a380.i2c-bus: i2c bus 9 registered, irq 30
Jul 24 13:03:09 witherspoon kernel[972]: [    3.840000] aspeed-i2c-bus 1e78a3c0.i2c-bus: i2c bus 10 registered, irq 31
Jul 24 13:03:09 witherspoon kernel[972]: [    3.930000] rtc-rv8803 11-0032: rtc core: registered rx8900 as rtc0
Jul 24 13:03:09 witherspoon kernel[972]: [    3.940000] at24 11-0051: 8192 byte 24c64 EEPROM, writable, 1 bytes/write
Jul 24 13:03:09 witherspoon kernel[972]: [    3.940000] aspeed-i2c-bus 1e78a400.i2c-bus: i2c bus 11 registered, irq 32
Jul 24 13:03:09 witherspoon kernel[972]: [    3.940000] aspeed-i2c-bus 1e78a440.i2c-bus: i2c bus 12 registered, irq 33
Jul 24 13:03:09 witherspoon kernel[972]: [    3.940000] aspeed-i2c-bus 1e78a480.i2c-bus: i2c bus 13 registered, irq 34
Jul 24 13:03:09 witherspoon kernel[972]: [    3.940000] Driver for 1-wire Dallas network protocol.
Jul 24 13:03:09 witherspoon kernel[972]: [    3.940000] lm75 9-004a: hwmon0: sensor 'tmp275'
Jul 24 13:03:09 witherspoon kernel[972]: [    4.420000] ucd9000 11-0064: Device ID UCD90160|2.3.4.0000|110603
Jul 24 13:03:09 witherspoon kernel[972]: [    4.750000] leds-pca955x 3-0060: leds-pca955x: Using pca9552 16-bit LED driver at slave address 0x60
Jul 24 13:03:09 witherspoon kernel[972]: [    4.770000] leds-pca955x 11-0060: leds-pca955x: Using pca9552 16-bit LED driver at slave address 0x60
Jul 24 13:03:09 witherspoon kernel[972]: [    4.780000] leds-pca955x 11-0060: gpios 264...279
Jul 24 13:03:09 witherspoon kernel[972]: [    4.790000] usbcore: registered new interface driver usbhid
Jul 24 13:03:09 witherspoon kernel[972]: [    4.790000] usbhid: USB HID core driver
Jul 24 13:03:09 witherspoon kernel[972]: [    4.840000] dps310: probe of 3-0076 failed with error -5
Jul 24 13:03:09 witherspoon kernel[972]: [    4.840000] NET: Registered protocol family 10
Jul 24 13:03:09 witherspoon kernel[972]: [    4.850000] Segment Routing with IPv6
Jul 24 13:03:09 witherspoon kernel[972]: [    4.850000] NET: Registered protocol family 17
Jul 24 13:03:09 witherspoon kernel[972]: [    4.850000] 8021q: 802.1Q VLAN Support v1.8
Jul 24 13:03:09 witherspoon kernel[972]: [    4.870000] console [netcon0] enabled
Jul 24 13:03:09 witherspoon kernel[972]: [    4.870000] netconsole: network logging started
Jul 24 13:03:09 witherspoon kernel[972]: [    4.870000] input: gpio-keys as /devices/platform/gpio-keys/input/input0
Jul 24 13:03:09 witherspoon kernel[972]: [    4.870000] rtc-rv8803 11-0032: setting system clock to 2016-03-05 18:45:09 UTC (1457203509)
Jul 24 13:03:09 witherspoon kernel[972]: [    4.870000] Freeing unused kernel memory: 284K
Jul 24 13:03:09 witherspoon kernel[972]: [    4.870000] This architecture does not have kernel memory protection.
Jul 24 13:03:09 witherspoon kernel[972]: [    6.540000] jffs2: notice: (526) jffs2_build_xattr_subsystem: complete building xattr subsystem, 0 of xdatum (0 unchecked, 0 orphan) and 0 of xref (0 dead, 0 orphan) found.
Jul 24 13:03:09 witherspoon kernel[972]: [    8.650000] systemd[1]: System time before build time, advancing clock.
Jul 24 13:03:09 witherspoon kernel[972]: [    8.650000] systemd[1]: Failed to insert module 'autofs4': No such file or directory
Jul 24 13:03:09 witherspoon kernel[972]: [    8.880000] systemd[1]: systemd 232 running in system mode. (+PAM -AUDIT -SELINUX -IMA -APPARMOR -SMACK +SYSVINIT -UTMP -LIBCRYPTSETUP -GCRYPT -GNUTLS +ACL +XZ -LZ4 -SECCOMP +BLKID -ELFUTILS +KMOD -IDN)
Jul 24 13:03:09 witherspoon kernel[972]: [    8.880000] systemd[1]: Detected architecture arm.
Jul 24 13:03:09 witherspoon kernel[972]: [    8.990000] systemd[1]: Set hostname to <witherspoon>.
Jul 24 13:03:09 witherspoon kernel[972]: [   10.440000] systemd[1]: Listening on udev Control Socket.
Jul 24 13:03:09 witherspoon kernel[972]: [   10.610000] systemd[1]: Created slice System Slice.
Jul 24 13:03:09 witherspoon kernel[972]: [   10.650000] systemd[1]: Created slice system-getty.slice.
Jul 24 13:03:09 witherspoon kernel[972]: [   10.690000] systemd[1]: Created slice system-phosphor\x2ddiscover\x2dsystem\x2dstate.slice.
Jul 24 13:03:09 witherspoon kernel[972]: [   10.730000] systemd[1]: Listening on Journal Socket (/dev/log).
Jul 24 13:03:09 witherspoon kernel[972]: [   10.770000] systemd[1]: Created slice system-org.openbmc.control.Bmc.slice.
Jul 24 13:03:20 witherspoon systemd-timesyncd[903]: Timed out waiting for reply from 0.0.0.0:123 (0).
Jul 24 13:03:09 witherspoon kernel[972]: [   10.820000] systemd[1]: Created slice system-serial\x2dgetty.slice.
Jul 24 13:03:09 witherspoon kernel[972]: [   14.060000] systemd[1]: Created slice system-org.openbmc.control.Chassis.slice.
Jul 24 13:03:09 witherspoon kernel[972]: [   14.320000] systemd[1]: Mounting Temporary Directory...
Jul 24 13:03:09 witherspoon kernel[972]: [   14.590000] systemd[1]: Created slice system-org.openbmc.control.Power.slice.
Jul 24 13:03:09 witherspoon kernel[972]: [   14.870000] systemd[1]: Started Dispatch Password Requests to Console Directory Watch.
Jul 24 13:03:09 witherspoon kernel[972]: [   15.160000] systemd[1]: Starting Journal Service...
Jul 24 13:03:09 witherspoon kernel[972]: [   15.460000] systemd[1]: Started Forward Password Requests to Wall Directory Watch.
Jul 24 13:03:09 witherspoon kernel[972]: [   15.770000] systemd[1]: Reached target Paths.
Jul 24 13:03:09 witherspoon kernel[972]: [   16.090000] systemd[1]: dev-hugepages.mount: Couldn't determine result for ConditionVirtualization=!private-users, assuming failed: No such file or directory
Jul 24 13:03:09 witherspoon kernel[972]: [   16.090000] systemd[1]: Mounted Debug File System.
Jul 24 13:03:09 witherspoon kernel[972]: [   16.420000] systemd[1]: Mounted Temporary Directory.
Jul 24 13:03:09 witherspoon kernel[972]: [   18.220000] systemd-journald[658]: Received request to flush runtime journal from PID 1
Jul 24 13:03:11 witherspoon kernel[972]: [   35.620000] ftgmac100 1e660000.ethernet eth0: NCSI interface up
Jul 24 13:03:11 witherspoon avahi-daemon[958]: avahi-daemon 0.6.32 starting up.
Jul 24 13:03:13 witherspoon avahi-daemon[958]: Successfully called chroot().
Jul 24 13:03:13 witherspoon avahi-daemon[958]: Successfully dropped remaining capabilities.
Jul 24 13:03:13 witherspoon avahi-daemon[958]: Loading service file /services/obmc_console.service.
Jul 24 13:03:13 witherspoon avahi-daemon[958]: Loading service file /services/phosphor_rest.service.
Jul 24 13:03:13 witherspoon avahi-daemon[958]: Loading service file /services/sftp-ssh.service.
Jul 24 13:03:13 witherspoon avahi-daemon[958]: Loading service file /services/sftp.service.
Jul 24 13:03:13 witherspoon avahi-daemon[958]: Loading service file /services/ssh.service.
Jul 24 13:03:13 witherspoon avahi-daemon[958]: Joining mDNS multicast group on interface eth0.IPv6 with address fe80::6c2b:3bff:fe11:ed18.
Jul 24 13:03:13 witherspoon avahi-daemon[958]: New relevant interface eth0.IPv6 for mDNS.
Jul 24 13:03:13 witherspoon avahi-daemon[958]: Joining mDNS multicast group on interface eth0.IPv4 with address 9.41.166.234.
Jul 24 13:03:13 witherspoon avahi-daemon[958]: New relevant interface eth0.IPv4 for mDNS.
Jul 24 13:03:13 witherspoon avahi-daemon[958]: Network interface enumeration completed.
Jul 24 13:03:13 witherspoon avahi-daemon[958]: Registering new address record for fe80::6c2b:3bff:fe11:ed18 on eth0.*.
Jul 24 13:03:13 witherspoon avahi-daemon[958]: Registering new address record for 9.41.166.234 on eth0.IPv4.
Jul 24 13:03:14 witherspoon avahi-daemon[958]: Server startup complete. Host name is witherspoon.local. Local service cookie is 1376373863.
Jul 24 13:03:14 witherspoon avahi-daemon[958]: Service name conflict for "sftp" (/services/sftp.service), retrying with "sftp #2".
Jul 24 13:03:14 witherspoon avahi-daemon[958]: Service name conflict for "obmc_console" (/services/obmc_console.service), retrying with "obmc_console #2".
Jul 24 13:03:14 witherspoon avahi-daemon[958]: Service name conflict for "phosphor_rest" (/services/phosphor_rest.service), retrying with "phosphor_rest #2".
Jul 24 13:03:15 witherspoon avahi-daemon[958]: Service "witherspoon" (/services/ssh.service) successfully established.
Jul 24 13:03:15 witherspoon avahi-daemon[958]: Service "witherspoon" (/services/sftp-ssh.service) successfully established.
Jul 24 13:03:16 witherspoon dropbear[1004]: Failed loading /etc/dropbear/dropbear_dss_host_key
Jul 24 13:03:16 witherspoon dropbear[1004]: Failed loading /etc/dropbear/dropbear_ecdsa_host_key
Jul 24 13:03:16 witherspoon dropbear[1004]: Child connection from ::ffff:9.41.165.94:42456
Jul 24 13:03:16 witherspoon avahi-daemon[958]: Service "sftp #2" (/services/sftp.service) successfully established.
Jul 24 13:03:16 witherspoon avahi-daemon[958]: Service "phosphor_rest #2" (/services/phosphor_rest.service) successfully established.
Jul 24 13:03:16 witherspoon avahi-daemon[958]: Service "obmc_console #2" (/services/obmc_console.service) successfully established.
Jul 24 13:03:17 witherspoon avahi-daemon[958]: Service name conflict for "phosphor_rest" (/services/phosphor_rest.service), retrying with "phosphor_rest #3".
Jul 24 13:03:17 witherspoon avahi-daemon[958]: Service name conflict for "sftp" (/services/sftp.service), retrying with "sftp #3".
Jul 24 13:03:17 witherspoon avahi-daemon[958]: Service name conflict for "obmc_console" (/services/obmc_console.service), retrying with "obmc_console #3".
Jul 24 13:03:17 witherspoon avahi-daemon[958]: Service name conflict for "sftp" (/services/sftp.service), retrying with "sftp #4".
Jul 24 13:03:17 witherspoon avahi-daemon[958]: Service name conflict for "phosphor_rest" (/services/phosphor_rest.service), retrying with "phosphor_rest #4".
Jul 24 13:03:17 witherspoon avahi-daemon[958]: Service name conflict for "obmc_console" (/services/obmc_console.service), retrying with "obmc_console #4".
Jul 24 13:03:18 witherspoon avahi-daemon[958]: Service name conflict for "sftp" (/services/sftp.service), retrying with "sftp #5".
Jul 24 13:03:18 witherspoon avahi-daemon[958]: Service name conflict for "phosphor_rest" (/services/phosphor_rest.service), retrying with "phosphor_rest #5".
Jul 24 13:03:18 witherspoon avahi-daemon[958]: Service name conflict for "obmc_console" (/services/obmc_console.service), retrying with "obmc_console #5".
Jul 24 13:03:19 witherspoon avahi-daemon[958]: Service name conflict for "phosphor_rest" (/services/phosphor_rest.service), retrying with "phosphor_rest #6".
Jul 24 13:03:19 witherspoon avahi-daemon[958]: Service name conflict for "sftp" (/services/sftp.service), retrying with "sftp #6".
Jul 24 13:03:19 witherspoon avahi-daemon[958]: Service name conflict for "obmc_console" (/services/obmc_console.service), retrying with "obmc_console #6".
Jul 24 13:03:20 witherspoon avahi-daemon[958]: Service name conflict for "obmc_console" (/services/obmc_console.service), retrying with "obmc_console #7".
Jul 24 13:03:20 witherspoon avahi-daemon[958]: Service name conflict for "phosphor_rest" (/services/phosphor_rest.service), retrying with "phosphor_rest #7".
Jul 24 13:03:21 witherspoon avahi-daemon[958]: Service "sftp #6" (/services/sftp.service) successfully established.
Jul 24 13:03:21 witherspoon avahi-daemon[958]: Service name conflict for "obmc_console" (/services/obmc_console.service), retrying with "obmc_console #8".
Jul 24 13:03:21 witherspoon avahi-daemon[958]: Service name conflict for "phosphor_rest" (/services/phosphor_rest.service), retrying with "phosphor_rest #8".
Jul 24 13:03:22 witherspoon avahi-daemon[958]: Service name conflict for "obmc_console" (/services/obmc_console.service), retrying with "obmc_console #9".
Jul 24 13:03:22 witherspoon avahi-daemon[958]: Service name conflict for "phosphor_rest" (/services/phosphor_rest.service), retrying with "phosphor_rest #9".
Jul 24 13:03:23 witherspoon systemd-networkd[954]: eth0: Configured
Jul 24 13:03:23 witherspoon dropbear[1004]: PAM password auth succeeded for 'root' from ::ffff:9.41.165.94:42456
Jul 24 13:03:23 witherspoon dropbear[1008]: lastlog_perform_login: Couldn't stat /var/log/lastlog: No such file or directory
Jul 24 13:03:23 witherspoon dropbear[1008]: lastlog_openseek: /var/log/lastlog is not a file or directory!
Jul 24 13:03:23 witherspoon avahi-daemon[958]: Service name conflict for "obmc_console" (/services/obmc_console.service), retrying with "obmc_console #10".
Jul 24 13:03:23 witherspoon avahi-daemon[958]: Service name conflict for "phosphor_rest" (/services/phosphor_rest.service), retrying with "phosphor_rest #10".
Jul 24 13:03:24 witherspoon avahi-daemon[958]: Service name conflict for "obmc_console" (/services/obmc_console.service), retrying with "obmc_console #11".
Jul 24 13:03:24 witherspoon avahi-daemon[958]: Service name conflict for "phosphor_rest" (/services/phosphor_rest.service), retrying with "phosphor_rest #11".
Jul 24 13:03:26 witherspoon avahi-daemon[958]: Service name conflict for "obmc_console" (/services/obmc_console.service), retrying with "obmc_console #12".
Jul 24 13:03:26 witherspoon avahi-daemon[958]: Service name conflict for "phosphor_rest" (/services/phosphor_rest.service), retrying with "phosphor_rest #12".
Jul 24 13:03:27 witherspoon avahi-daemon[958]: Service name conflict for "phosphor_rest" (/services/phosphor_rest.service), retrying with "phosphor_rest #13".
Jul 24 13:03:27 witherspoon avahi-daemon[958]: Service name conflict for "obmc_console" (/services/obmc_console.service), retrying with "obmc_console #13".
Jul 24 13:03:28 witherspoon avahi-daemon[958]: Service name conflict for "obmc_console" (/services/obmc_console.service), retrying with "obmc_console #14".
Jul 24 13:03:29 witherspoon avahi-daemon[958]: Service "phosphor_rest #13" (/services/phosphor_rest.service) successfully established.
Jul 24 13:03:29 witherspoon avahi-daemon[958]: Service name conflict for "obmc_console" (/services/obmc_console.service), retrying with "obmc_console #15".
Jul 24 13:03:30 witherspoon systemd[1]: Started Phosphor Download Manager.
Jul 24 13:03:30 witherspoon download_manager.py[949]: Running Download Manager
Jul 24 13:03:30 witherspoon systemd[1]: Started Phosphor Chassis0 Control.
Jul 24 13:03:30 witherspoon chassis_control.py[971]: Running ChassisControlService
Jul 24 13:03:30 witherspoon sensor_manager2.py[955]: Setting boot count to 3
Jul 24 13:03:30 witherspoon sensor_manager2.py[955]: Starting sensor manager
Jul 24 13:03:30 witherspoon systemd[1]: Started Phosphor Sensor Manager.
Jul 24 13:03:31 witherspoon phosphor-mapper[956]: ObjectMapper startup complete.  Discovery in progress...
Jul 24 13:03:31 witherspoon avahi-daemon[994]: ../../avahi-0.6.32/avahi-daemon/chroot.c: open() failed: No such file or directory
Jul 24 13:03:31 witherspoon avahi-daemon[958]: Failed to open /usr/share/dbus-1/interfaces/org.freedesktop.Avahi.Server.xml: Invalid argument
Jul 24 13:03:31 witherspoon avahi-daemon[958]: Failed to load introspection data.
Jul 24 13:03:37 witherspoon systemd[1]: Started Phosphor User Manager.
Jul 24 13:03:37 witherspoon obmc-phosphor-userd[950]: Started
Jul 24 13:03:37 witherspoon inventory_items.py[969]: Loading from cache: /var/cache/obmc/org.openbmc.inventory.system.chassis.motherboard.apss@org.openbmc.InventoryItem.props
Jul 24 13:03:37 witherspoon inventory_items.py[969]: Loading from cache: /var/cache/obmc/org.openbmc.inventory.system.chassis.motherboard@org.openbmc.InventoryItem.props
Jul 24 13:03:37 witherspoon inventory_items.py[969]: Loading from cache: /var/cache/obmc/org.openbmc.inventory.system.chassis.motherboard.refclock@org.openbmc.InventoryItem.props
Jul 24 13:03:39 witherspoon inventory_items.py[969]: Loading from cache: /var/cache/obmc/org.openbmc.inventory.system.chassis.motherboard.todclock@org.openbmc.InventoryItem.props
Jul 24 13:03:39 witherspoon inventory_items.py[969]: Loading from cache: /var/cache/obmc/org.openbmc.inventory.system.chassis.motherboard.bmc@org.openbmc.InventoryItem.props
Jul 24 13:03:39 witherspoon inventory_items.py[969]: Caching: /org/openbmc/inventory/system/chassis/motherboard/bmc
Jul 24 13:03:39 witherspoon inventory_items.py[969]: Loading from cache: /var/cache/obmc/org.openbmc.inventory.system.chassis.motherboard.membuf0@org.openbmc.InventoryItem.props
Jul 24 13:03:39 witherspoon inventory_items.py[969]: Loading from cache: /var/cache/obmc/org.openbmc.inventory.system.chassis.motherboard.pcieclock@org.openbmc.InventoryItem.props
Jul 24 13:03:39 witherspoon inventory_items.py[969]: Loading from cache: /var/cache/obmc/org.openbmc.inventory.system.chassis.motherboard.cpu0.core11@org.openbmc.InventoryItem.props
Jul 24 13:03:39 witherspoon inventory_items.py[969]: Running Inventory Manager
Jul 24 13:03:39 witherspoon systemd[1]: Started Phosphor Inventory Manager.
Jul 24 13:03:43 witherspoon systemd[1]: Started Phosphor Network Manager.
Jul 24 13:03:43 witherspoon netman.py[966]: Started
Jul 24 13:03:48 witherspoon phosphor-mapper[956]: ObjectMapper discovery complete
Jul 24 13:03:48 witherspoon systemd[1]: Started Phosphor DBus Service Discovery Manager.
Jul 24 13:03:48 witherspoon systemd[1]: Reached target Phosphor Object Mapper.
Jul 24 13:03:48 witherspoon systemd[1]: Starting Wait for /xyz/openbmc_project/inventory...
Jul 24 13:03:48 witherspoon systemd[1]: Starting Phoshpor System Manager...
Jul 24 13:03:48 witherspoon systemd[1]: Starting Wait for /org/openbmc/control/bmc0...
Jul 24 13:03:48 witherspoon systemd[1]: Starting Wait for /xyz/openbmc_project/state/chassis0...
Jul 24 13:03:48 witherspoon systemd[1]: Starting Wait for /org/openbmc/managers/Download...
Jul 24 13:03:48 witherspoon systemd[1]: Starting Phosphor Network Manager...
Jul 24 13:03:48 witherspoon systemd[1]: Starting Wait for /org/openbmc/NetworkManager/Interface...
Jul 24 13:03:48 witherspoon systemd[1]: Starting Wait for /xyz/openbmc_project/led/groups/bmc_booted...
Jul 24 13:03:48 witherspoon systemd[1]: Reached target Webserver (pre).
Jul 24 13:03:48 witherspoon systemd[1]: Started Phosphor Webserver.
Jul 24 13:03:48 witherspoon systemd[1]: Starting Wait for /org/openbmc/control/power0...
Jul 24 13:03:48 witherspoon systemd[1]: Starting Wait for /org/openbmc/managers/System...
Jul 24 13:03:48 witherspoon systemd[1]: Starting Wait for /xyz/openbmc_project/state/host0...
Jul 24 13:03:48 witherspoon systemd[1]: Starting Wait for /org/openbmc/control/flash/bios...
Jul 24 13:03:48 witherspoon systemd[1]: Started Phosphor DBus Monitor.
Jul 24 13:03:49 witherspoon systemd[1]: Starting Phosphor Settings Manager...
Jul 24 13:03:49 witherspoon systemd[1]: Starting Wait for /xyz/openbmc_project/led/groups...
Jul 24 13:03:49 witherspoon systemd[1]: Starting Wait for /xyz/openbmc_project/control/host0...
Jul 24 13:03:49 witherspoon avahi-daemon[958]: Service name conflict for "obmc_console" (/services/obmc_console.service), retrying with "obmc_console #16".
Jul 24 13:03:51 witherspoon systemd[1]: Started Wait for /xyz/openbmc_project/inventory.
Jul 24 13:03:51 witherspoon systemd[1]: Started Phosphor Cooling Type.
Jul 24 13:03:51 witherspoon systemd[1]: Starting Read OpenPOWER-format VPD from EEPROM...
Jul 24 13:03:51 witherspoon phosphor-network-manager[1019]: ConfigParser: Section not found
Jul 24 13:03:51 witherspoon phosphor-network-manager[1019]: The operation failed internally.
Jul 24 13:03:52 witherspoon systemd[1]: Starting OpenPOWER OCC controller...
Jul 24 13:03:52 witherspoon systemd[1]: Started Wait for /org/openbmc/control/bmc0.
Jul 24 13:03:52 witherspoon systemd[1]: Started Wait for /org/openbmc/managers/Download.
Jul 24 13:03:52 witherspoon systemd[1]: Started Wait for /org/openbmc/NetworkManager/Interface.
Jul 24 13:03:52 witherspoon systemd[1]: Started Wait for /xyz/openbmc_project/led/groups/bmc_booted.
Jul 24 13:03:52 witherspoon systemd[1]: Started Wait for /xyz/openbmc_project/led/groups.
Jul 24 13:03:52 witherspoon systemd[1]: Started FRU Fault monitor service.
Jul 24 13:03:52 witherspoon systemd[1]: Starting Assert bmc_booted LED...
Jul 24 13:03:52 witherspoon systemd[1]: Started Phosphor DNS Settings Cache Manager.
Jul 24 13:03:52 witherspoon systemd[1]: Starting Phosphor BIOS Code Update...
Jul 24 13:03:52 witherspoon systemd[1]: Starting Phosphor BMC Code Update...
Jul 24 13:03:53 witherspoon systemd[1]: Started Phosphor BIOS Code Update.
Jul 24 13:03:54 witherspoon systemd[1]: Started Assert bmc_booted LED.
Jul 24 13:03:55 witherspoon phosphor-network-manager[1019]: ConfigParser: Section not found
Jul 24 13:03:55 witherspoon phosphor-network-manager[1019]: The operation failed internally.
Jul 24 13:03:55 witherspoon phosphor-network-manager[1019]: ConfigParser: Key not found
Jul 24 13:03:55 witherspoon phosphor-network-manager[1019]: The operation failed internally.
Jul 24 13:03:55 witherspoon systemd[1]: Started Wait for /org/openbmc/control/flash/bios.
Jul 24 13:03:55 witherspoon systemd[1]: Started Initialize BIOS Flash.
Jul 24 13:03:56 witherspoon phosphor-log-manager[988]: Failed to find metadata
Jul 24 13:03:56 witherspoon systemd[1]: Started OpenPOWER OCC controller.
Jul 24 13:03:59 witherspoon systemd[1]: Started Read OpenPOWER-format VPD from EEPROM.
Jul 24 13:04:00 witherspoon flash_bios.exe[1044]: Starting flasher: bios,,/org/openbmc/control/flash/bios,
Jul 24 13:04:00 witherspoon flash_bios.exe[1044]: flasher: , BMC = 1, address = 0x0
Jul 24 13:04:00 witherspoon flash_bios.exe[1044]: Setting up flash
Jul 24 13:04:00 witherspoon flash_bios.exe[1044]: Starting flasher: bios,,/org/openbmc/control/flash/bios,
Jul 24 13:04:00 witherspoon flash_bios.exe[1044]: flasher: , BMC = 1, address = 0x0
Jul 24 13:04:00 witherspoon flash_bios.exe[1044]: Setting up flash
Jul 24 13:04:01 witherspoon system_manager.py[1015]: Running System State: BASE_APPS
Jul 24 13:04:01 witherspoon dbus[953]: [system] Activating via systemd: service name='org.freedesktop.hostname1' unit='dbus-org.freedesktop.hostname1.service'
Jul 24 13:04:01 witherspoon systemd[1]: Starting Hostname Service...
Jul 24 13:04:01 witherspoon system_manager.py[1015]: SystemManager Init Done
Jul 24 13:04:01 witherspoon system_manager.py[1015]: Running SystemManager
Jul 24 13:04:01 witherspoon systemd[1]: Started Phoshpor System Manager.
Jul 24 13:04:01 witherspoon systemd[1065]: systemd-hostnamed.service: Failed at step NETWORK spawning /lib/systemd/systemd-hostnamed: Invalid argument
Jul 24 13:04:01 witherspoon systemd[1]: systemd-hostnamed.service: Main process exited, code=exited, status=225/NETWORK
Jul 24 13:04:01 witherspoon systemd[1]: Failed to start Hostname Service.
Jul 24 13:04:01 witherspoon systemd[1]: systemd-hostnamed.service: Unit entered failed state.
Jul 24 13:04:01 witherspoon systemd[1]: systemd-hostnamed.service: Failed with result 'exit-code'.
Jul 24 13:04:02 witherspoon systemd-timesyncd[903]: Timed out waiting for reply from 0.0.0.0:123 (0).
Jul 24 13:04:04 witherspoon system_manager.py[1015]: SystemManager Goto System State: BMC_STARTING
Jul 24 13:04:04 witherspoon system_manager.py[1015]: Running System State: BMC_STARTING
Jul 24 13:04:04 witherspoon systemd[1]: Started Wait for /org/openbmc/managers/System.
Jul 24 13:04:05 witherspoon systemd[1]: Starting Phosphor Power0 Control...
Jul 24 13:04:05 witherspoon systemd[1]: Starting Phosphor Chassis State Manager...
Jul 24 13:04:05 witherspoon systemd[1]: Starting Phosphor Host State Manager...
Jul 24 13:04:05 witherspoon systemd[1]: Starting Phosphor BMC State Manager...
Jul 24 13:04:05 witherspoon systemd[1]: Starting Phosphor Power Button0...
Jul 24 13:04:05 witherspoon systemd[1]: Starting Phosphor Reset Button0...
Jul 24 13:04:06 witherspoon phosphor-chassis-state-manager[1071]: Initial Chassis State will be Off
Jul 24 13:04:06 witherspoon systemd[1]: Started Phosphor Chassis State Manager.
Jul 24 13:04:06 witherspoon phosphor-host-state-manager[1072]: Initial Host State will be Off
Jul 24 13:04:06 witherspoon systemd[1]: Started Phosphor Host State Manager.
Jul 24 13:04:07 witherspoon bmc_update.py[1045]: Running Bmc Flash Control
Jul 24 13:04:07 witherspoon systemd[1]: Started Phosphor BMC Code Update.
Jul 24 13:04:07 witherspoon phosphor-bmc-state-manager[1073]: Setting the BMCState field
Jul 24 13:04:07 witherspoon phosphor-bmc-state-manager[1073]: Setting the BMCState field
Jul 24 13:04:07 witherspoon systemd[1]: Started Phosphor BMC State Manager.
Jul 24 13:04:08 witherspoon systemd[1]: Started Wait for /xyz/openbmc_project/state/chassis0.
Jul 24 13:04:08 witherspoon systemd[1]: Started Wait for /xyz/openbmc_project/state/host0.
Jul 24 13:04:09 witherspoon button_power.exe[1074]: GPIO Lookup:  POWER_BUTTON = 347,both
Jul 24 13:04:09 witherspoon button_reset.exe[1075]: GPIO Lookup:  RESET_BUTTON = 353,both
Jul 24 13:04:09 witherspoon settings_manager.py[1028]: Running HostSettingsService
Jul 24 13:04:09 witherspoon systemd[1]: Started Phosphor Settings Manager.
Jul 24 13:04:09 witherspoon avahi-daemon[958]: Service name conflict for "obmc_console" (/services/obmc_console.service), retrying with "obmc_console #17".
Jul 24 13:04:09 witherspoon system_manager.py[1015]: New object: /org/openbmc/control/power0 (:1.74)
Jul 24 13:04:09 witherspoon system_manager.py[1015]: Power GPIO config: ['SYS_PWROK_BUFF', '', [('SOFTWARE_PGOOD', True), ('BMC_POWER_UP', True)], [('BMC_CP0_RESET_N', False)], [], 'FSI_DATA', 'FSI_CLK', 'FSI_ENABLE', 'CRONUS_SEL', []]
Jul 24 13:04:09 witherspoon power_control.exe[1070]: Power GPIO latch output:
Jul 24 13:04:09 witherspoon power_control.exe[1070]: Power GPIO power good input: SYS_PWROK_BUFF
Jul 24 13:04:09 witherspoon power_control.exe[1070]: Power GPIO 2 power_up outputs
Jul 24 13:04:09 witherspoon power_control.exe[1070]: Power GPIO power_up[0] = SOFTWARE_PGOOD active HIGH
Jul 24 13:04:09 witherspoon power_control.exe[1070]: Power GPIO power_up[1] = BMC_POWER_UP active HIGH
Jul 24 13:04:09 witherspoon power_control.exe[1070]: Power GPIO 1 reset outputs
Jul 24 13:04:09 witherspoon power_control.exe[1070]: Power GPIO reset[0] = BMC_CP0_RESET_N active LOW
Jul 24 13:04:09 witherspoon power_control.exe[1070]: Power GPIO 0 pci reset outputs
Jul 24 13:04:09 witherspoon power_control.exe[1070]: FSI DATA GPIO: FSI_DATA
Jul 24 13:04:09 witherspoon power_control.exe[1070]: FSI CLK GPIO: FSI_CLK
Jul 24 13:04:09 witherspoon power_control.exe[1070]: FSI ENABLE GPIO: FSI_ENABLE
Jul 24 13:04:09 witherspoon power_control.exe[1070]: CRONUS SEL GPIO: CRONUS_SEL
Jul 24 13:04:09 witherspoon power_control.exe[1070]: Hostctl GPIO optionals: 0
Jul 24 13:04:10 witherspoon power_control.exe[1070]: GPIO Lookup:  SYS_PWROK_BUFF = 306,in
Jul 24 13:04:09 witherspoon systemd[1]: Starting Wait for /org/openbmc/settings/host0...
Jul 24 13:04:09 witherspoon systemd[1]: Started Phosphor Power Button0.
Jul 24 13:04:09 witherspoon systemd[1]: Started Phosphor Reset Button0.
Jul 24 13:04:10 witherspoon power_control.exe[1070]: GPIO Lookup:  SOFTWARE_PGOOD = 417,out
Jul 24 13:04:10 witherspoon power_control.exe[1070]: GPIO Lookup:  BMC_POWER_UP = 305,out
Jul 24 13:04:10 witherspoon power_control.exe[1070]: GPIO Lookup:  BMC_CP0_RESET_N = 281,out
Jul 24 13:04:10 witherspoon power_control.exe[1070]: Pgood state: 0
Jul 24 13:04:10 witherspoon systemd[1]: Started Phosphor Power0 Control.
Jul 24 13:04:11 witherspoon systemd[1]: Started Wait for /org/openbmc/settings/host0.
Jul 24 13:04:11 witherspoon systemd[1]: Starting Reboot If Enabled...
Jul 24 13:04:11 witherspoon systemd[1]: Started Phosphor Inband IPMI.
Jul 24 13:04:12 witherspoon phosphor-discover-system-state[1100]: Host power is off, checking power policy
Jul 24 13:04:12 witherspoon systemd[1]: Started Reboot If Enabled.
Jul 24 13:04:12 witherspoon systemd[1]: Started Wait for /org/openbmc/control/power0.
Jul 24 13:04:12 witherspoon systemd[1]: Starting Check Chassis0 pgood and create a file to indicate it...
Jul 24 13:04:12 witherspoon systemd[1]: Starting Phosphor Time Manager daemon...
Jul 24 13:04:13 witherspoon system_manager.py[1015]: SystemManager Goto System State: BMC_READY
Jul 24 13:04:13 witherspoon system_manager.py[1015]: Running System State: BMC_READY
Jul 24 13:04:13 witherspoon timemanager[1106]: Registering dbus methods
Jul 24 13:04:14 witherspoon timemanager[1106]: Last known time_mode: NTP
Jul 24 13:04:14 witherspoon timemanager[1106]: Last known time_owner: BMC
Jul 24 13:04:14 witherspoon timemanager[1106]: Empty DhcpNtp string
Jul 24 13:04:14 witherspoon timemanager[1106]: Reading Power Control key: pgood
Jul 24 13:04:14 witherspoon timemanager[1106]: Changing settings *allowed* now
Jul 24 13:04:14 witherspoon timemanager[1106]: Getting System Settings: time_mode
Jul 24 13:04:14 witherspoon timemanager[1106]: Requested_Mode: NTP Current_Mode: NTP
Jul 24 13:04:14 witherspoon timemanager[1106]: Mode is already set to : NTP
Jul 24 13:04:14 witherspoon timemanager[1106]: Getting System Settings: time_owner
Jul 24 13:04:14 witherspoon timemanager[1106]: Owner is already set to : BMC
Jul 24 13:04:14 witherspoon timemanager[1106]: Getting System Settings: use_dhcp_ntp
Jul 24 13:04:14 witherspoon timemanager[1106]: use_dhcp_ntp = yes
Jul 24 13:04:14 witherspoon timemanager[1106]: Last known host_offset:0
Jul 24 13:04:14 witherspoon timemanager[1106]: Initial Uptime Usec: 1500901356228617
Jul 24 13:04:14 witherspoon systemd[1]: Started Phosphor Time Manager daemon.
Jul 24 13:04:15 witherspoon systemd[1]: Started Check Chassis0 pgood and create a file to indicate it.
Jul 24 13:04:15 witherspoon systemd[1]: Reached target Chassis0 power on after reset.
Jul 24 13:04:15 witherspoon systemd[1]: Reached target Chassis0 (Reset Check).
Jul 24 13:04:16 witherspoon systemd[1]: Started Wait for /xyz/openbmc_project/control/host0.
Jul 24 13:04:16 witherspoon systemd[1]: Reached target Host0 running after reset.
Jul 24 13:04:16 witherspoon systemd[1]: Reached target Host0 (Reset Check).
Jul 24 13:04:25 witherspoon phosphor-gevent[1022]: Traceback (most recent call last):
Jul 24 13:04:25 witherspoon phosphor-gevent[1022]:   File "/usr/lib/python2.7/site-packages/gevent/greenlet.py", line 327, in run
Jul 24 13:04:25 witherspoon phosphor-gevent[1022]:     result = self._run(*self.args, **self.kwargs)
Jul 24 13:04:25 witherspoon phosphor-gevent[1022]:   File "/usr/lib/python2.7/site-packages/gevent/server.py", line 102, in wrap_socket_and_handle
Jul 24 13:04:25 witherspoon phosphor-gevent[1022]:     ssl_socket = self.wrap_socket(client_socket, **self.ssl_args)
Jul 24 13:04:25 witherspoon phosphor-gevent[1022]:   File "/usr/lib/python2.7/site-packages/gevent/ssl.py", line 404, in wrap_socket
Jul 24 13:04:25 witherspoon phosphor-gevent[1022]:     ciphers=ciphers)
Jul 24 13:04:25 witherspoon phosphor-gevent[1022]:   File "/usr/lib/python2.7/site-packages/gevent/ssl.py", line 113, in __init__
Jul 24 13:04:25 witherspoon phosphor-gevent[1022]:     self.do_handshake()
Jul 24 13:04:25 witherspoon phosphor-gevent[1022]:   File "/usr/lib/python2.7/site-packages/gevent/ssl.py", line 324, in do_handshake
Jul 24 13:04:25 witherspoon phosphor-gevent[1022]:     return self._sslobj.do_handshake()
Jul 24 13:04:25 witherspoon phosphor-gevent[1022]: SSLEOFError: EOF occurred in violation of protocol (_ssl.c:590)
Jul 24 13:04:25 witherspoon phosphor-gevent[1022]: <Greenlet at 0x765a43f0: <bound method WSGIServer.wrap_socket_and_handle of <WSGIServer at 0x7657ab50 fileno=5 address=('::2cc2:ce4c:b09d:b976%1991876000', 443, 0, 1991876000)>>(<socket at 0x76452830 fileno=9>, ('::80a9:b776:8e91:f402%1288547092', 45152, 0, 128)> failed with SSLEOFError
Jul 24 13:04:26 witherspoon phosphor-gevent[1022]: Traceback (most recent call last):
Jul 24 13:04:26 witherspoon phosphor-gevent[1022]:   File "/usr/lib/python2.7/site-packages/gevent/greenlet.py", line 327, in run
Jul 24 13:04:26 witherspoon phosphor-gevent[1022]:     result = self._run(*self.args, **self.kwargs)
Jul 24 13:04:26 witherspoon phosphor-gevent[1022]:   File "/usr/lib/python2.7/site-packages/gevent/server.py", line 102, in wrap_socket_and_handle
Jul 24 13:04:26 witherspoon phosphor-gevent[1022]:     ssl_socket = self.wrap_socket(client_socket, **self.ssl_args)
Jul 24 13:04:26 witherspoon phosphor-gevent[1022]:   File "/usr/lib/python2.7/site-packages/gevent/ssl.py", line 404, in wrap_socket
Jul 24 13:04:26 witherspoon phosphor-gevent[1022]:     ciphers=ciphers)
Jul 24 13:04:26 witherspoon phosphor-gevent[1022]:   File "/usr/lib/python2.7/site-packages/gevent/ssl.py", line 113, in __init__
Jul 24 13:04:26 witherspoon phosphor-gevent[1022]:     self.do_handshake()
Jul 24 13:04:26 witherspoon phosphor-gevent[1022]:   File "/usr/lib/python2.7/site-packages/gevent/ssl.py", line 324, in do_handshake
Jul 24 13:04:26 witherspoon phosphor-gevent[1022]:     return self._sslobj.do_handshake()
Jul 24 13:04:26 witherspoon phosphor-gevent[1022]: SSLEOFError: EOF occurred in violation of protocol (_ssl.c:590)
Jul 24 13:04:26 witherspoon phosphor-gevent[1022]: <Greenlet at 0x765a46c0: <bound method WSGIServer.wrap_socket_and_handle of <WSGIServer at 0x7657ab50 fileno=5 address=('::2cc2:ce4c:b09d:b976%1991876000', 443, 0, 1991876000)>>(<socket at 0x764527d0 fileno=10>, ('::80a9:b776:8e91:f402%1288547092', 45170, 0, 128)> failed with SSLEOFError
Jul 24 13:04:26 witherspoon phosphor-gevent[1022]: Traceback (most recent call last):
Jul 24 13:04:26 witherspoon phosphor-gevent[1022]:   File "/usr/lib/python2.7/site-packages/gevent/greenlet.py", line 327, in run
Jul 24 13:04:26 witherspoon phosphor-gevent[1022]:     result = self._run(*self.args, **self.kwargs)
Jul 24 13:04:26 witherspoon phosphor-gevent[1022]:   File "/usr/lib/python2.7/site-packages/gevent/server.py", line 102, in wrap_socket_and_handle
Jul 24 13:04:26 witherspoon phosphor-gevent[1022]:     ssl_socket = self.wrap_socket(client_socket, **self.ssl_args)
Jul 24 13:04:26 witherspoon phosphor-gevent[1022]:   File "/usr/lib/python2.7/site-packages/gevent/ssl.py", line 404, in wrap_socket
Jul 24 13:04:26 witherspoon phosphor-gevent[1022]:     ciphers=ciphers)
Jul 24 13:04:26 witherspoon phosphor-gevent[1022]:   File "/usr/lib/python2.7/site-packages/gevent/ssl.py", line 113, in __init__
Jul 24 13:04:26 witherspoon phosphor-gevent[1022]:     self.do_handshake()
Jul 24 13:04:26 witherspoon phosphor-gevent[1022]:   File "/usr/lib/python2.7/site-packages/gevent/ssl.py", line 324, in do_handshake
Jul 24 13:04:26 witherspoon phosphor-gevent[1022]:     return self._sslobj.do_handshake()
Jul 24 13:04:26 witherspoon phosphor-gevent[1022]: SSLEOFError: EOF occurred in violation of protocol (_ssl.c:590)
Jul 24 13:04:26 witherspoon phosphor-gevent[1022]: <Greenlet at 0x765a43a0: <bound method WSGIServer.wrap_socket_and_handle of <WSGIServer at 0x7657ab50 fileno=5 address=('::2cc2:ce4c:b09d:b976%1991876000', 443, 0, 1991876000)>>(<socket at 0x76452870 fileno=11>, ('::80a9:b776:8e91:f402%1288547092', 45180, 0, 128)> failed with SSLEOFError
Jul 24 13:04:26 witherspoon phosphor-network-manager[1019]: Failed to get hostname
Jul 24 13:04:26 witherspoon phosphor-network-manager[1019]: The operation failed internally.
Jul 24 13:04:26 witherspoon dbus[953]: [system] Failed to activate service 'org.freedesktop.hostname1': timed out
Jul 24 13:04:26 witherspoon phosphor-log-manager[988]: Failed to find metadata
Jul 24 13:04:26 witherspoon systemd[1]: Started Phosphor Network Manager.
Jul 24 13:04:26 witherspoon systemd[1]: Reached target Phosphor System - Standby.
Jul 24 13:04:26 witherspoon systemd[1]: Startup finished in 8.517s (kernel) + 1min 41.958s (userspace) = 1min 50.476s.
Jul 24 13:04:26 witherspoon phosphor-bmc-state-manager[1073]: BMC_READY
Jul 24 13:04:26 witherspoon phosphor-bmc-state-manager[1073]: Setting the BMCState field
Jul 24 13:04:29 witherspoon avahi-daemon[958]: Service name conflict for "obmc_console" (/services/obmc_console.service), retrying with "obmc_console #18".
Jul 24 13:04:37 witherspoon phosphor-gevent[1022]: ::80a9:b776:8e91:f402%1288547092 - - [2017-07-24 13:04:37] "POST /login HTTP/1.1" 200 320 0.050523
Jul 24 13:04:37 witherspoon phosphor-gevent[1022]: ::80a9:b776:8e91:f402%1288547092 - - [2017-07-24 13:04:37] "GET /xyz/openbmc_project/state/chassis0//attr/CurrentPowerState HTTP/1.1" 200 216 0.061486
Jul 24 13:04:37 witherspoon phosphor-gevent[1022]: ::80a9:b776:8e91:f402%1288547092 - - [2017-07-24 13:04:37] "POST /login HTTP/1.1" 200 320 0.033671
Jul 24 13:04:37 witherspoon phosphor-gevent[1022]: ::80a9:b776:8e91:f402%1288547092 - - [2017-07-24 13:04:37] "GET /xyz/openbmc_project/state/chassis0//attr/CurrentPowerState HTTP/1.1" 200 216 0.048886
Jul 24 13:04:37 witherspoon phosphor-gevent[1022]: ::80a9:b776:8e91:f402%1288547092 - - [2017-07-24 13:04:37] "POST /login HTTP/1.1" 200 320 0.033037
Jul 24 13:04:37 witherspoon phosphor-gevent[1022]: ::80a9:b776:8e91:f402%1288547092 - - [2017-07-24 13:04:37] "GET /org/openbmc/sensors/host/BootProgress/attr/value HTTP/1.1" 200 170 0.052791
Jul 24 13:04:38 witherspoon phosphor-gevent[1022]: ::80a9:b776:8e91:f402%1288547092 - - [2017-07-24 13:04:38] "POST /login HTTP/1.1" 200 320 0.044064
Jul 24 13:04:38 witherspoon phosphor-gevent[1022]: ::80a9:b776:8e91:f402%1288547092 - - [2017-07-24 13:04:38] "GET /xyz/openbmc_project/state/host0//attr/CurrentHostState HTTP/1.1" 200 212 0.049945
Jul 24 13:04:38 witherspoon phosphor-gevent[1022]: ::80a9:b776:8e91:f402%1288547092 - - [2017-07-24 13:04:38] "POST /login HTTP/1.1" 200 320 0.042407
Jul 24 13:04:38 witherspoon phosphor-gevent[1022]: ::80a9:b776:8e91:f402%1288547092 - - [2017-07-24 13:04:38] "GET /xyz/openbmc_project/logging/entry//list HTTP/1.1" 200 259 0.049076
Jul 24 13:04:38 witherspoon phosphor-gevent[1022]: ::80a9:b776:8e91:f402%1288547092 - - [2017-07-24 13:04:38] "POST /login HTTP/1.1" 200 320 0.034821
Jul 24 13:04:38 witherspoon phosphor-gevent[1022]: ::80a9:b776:8e91:f402%1288547092 - - [2017-07-24 13:04:38] "GET /xyz/openbmc_project/logging/entry//list HTTP/1.1" 200 259 0.040777
Jul 24 13:04:38 witherspoon phosphor-gevent[1022]: ::80a9:b776:8e91:f402%1288547092 - - [2017-07-24 13:04:38] "POST /login HTTP/1.1" 200 320 0.033945
Jul 24 13:04:39 witherspoon phosphor-gevent[1022]: ::80a9:b776:8e91:f402%1288547092 - - [2017-07-24 13:04:39] "DELETE /xyz/openbmc_project/logging/entry/1 HTTP/1.1" 200 169 0.079302
Jul 24 13:04:39 witherspoon phosphor-gevent[1022]: ::80a9:b776:8e91:f402%1288547092 - - [2017-07-24 13:04:39] "POST /login HTTP/1.1" 200 320 0.046260
Jul 24 13:04:39 witherspoon phosphor-gevent[1022]: ::80a9:b776:8e91:f402%1288547092 - - [2017-07-24 13:04:39] "DELETE /xyz/openbmc_project/logging/entry/2 HTTP/1.1" 200 169 0.075202
Jul 24 13:04:39 witherspoon systemd[1]: Started SSH Per-Connection Server (9.41.165.94:42536).
Jul 24 13:04:39 witherspoon dropbear[1119]: Failed loading /etc/dropbear/dropbear_dss_host_key
Jul 24 13:04:39 witherspoon dropbear[1119]: Failed loading /etc/dropbear/dropbear_ecdsa_host_key
Jul 24 13:04:39 witherspoon dropbear[1119]: Child connection from ::ffff:9.41.165.94:42536
Jul 24 13:04:40 witherspoon dropbear[1119]: PAM password auth succeeded for 'root' from ::ffff:9.41.165.94:42536
Jul 24 13:04:40 witherspoon dropbear[1120]: lastlog_perform_login: Couldn't stat /var/log/lastlog: No such file or directory
Jul 24 13:04:40 witherspoon dropbear[1120]: lastlog_openseek: /var/log/lastlog is not a file or directory!
Jul 24 13:04:41 witherspoon phosphor-gevent[1022]: ::80a9:b776:8e91:f402%1288547092 - - [2017-07-24 13:04:41] "POST /login HTTP/1.1" 200 320 0.033166
Jul 24 13:04:41 witherspoon phosphor-gevent[1022]: ::80a9:b776:8e91:f402%1288547092 - - [2017-07-24 13:04:41] "GET /xyz/openbmc_project/state/host0//attr/CurrentHostState HTTP/1.1" 200 212 0.058364
Jul 24 13:04:42 witherspoon dropbear[1004]: Exit (root): Exited normally
Jul 24 13:04:42 witherspoon dropbear[1119]: Exit (root): Exited normally
Jul 24 13:04:49 witherspoon avahi-daemon[958]: Service name conflict for "obmc_console" (/services/obmc_console.service), retrying with "obmc_console #19".
Jul 24 13:04:50 witherspoon systemd[1]: Started SSH Per-Connection Server (9.41.165.94:42548).
Jul 24 13:04:50 witherspoon dropbear[1131]: Failed loading /etc/dropbear/dropbear_dss_host_key
Jul 24 13:04:50 witherspoon dropbear[1131]: Failed loading /etc/dropbear/dropbear_ecdsa_host_key
Jul 24 13:04:50 witherspoon dropbear[1131]: Child connection from ::ffff:9.41.165.94:42548
Jul 24 13:04:51 witherspoon dropbear[1131]: PAM password auth succeeded for 'root' from ::ffff:9.41.165.94:42548
Jul 24 13:04:51 witherspoon dropbear[1132]: lastlog_perform_login: Couldn't stat /var/log/lastlog: No such file or directory
Jul 24 13:04:51 witherspoon dropbear[1132]: lastlog_openseek: /var/log/lastlog is not a file or directory!
Jul 24 13:04:51 witherspoon phosphor-gevent[1022]: ::80a9:b776:8e91:f402%1288547092 - - [2017-07-24 13:04:51] "POST /login HTTP/1.1" 200 320 0.033854
Jul 24 13:04:52 witherspoon phosphor-gevent[1022]: ::80a9:b776:8e91:f402%1288547092 - - [2017-07-24 13:04:52] "PUT /org/openbmc/settings/host0/attr/power_policy HTTP/1.1" 200 169 0.176836
Jul 24 13:04:52 witherspoon phosphor-gevent[1022]: ::80a9:b776:8e91:f402%1288547092 - - [2017-07-24 13:04:52] "POST /login HTTP/1.1" 200 320 0.033491
Jul 24 13:04:52 witherspoon phosphor-gevent[1022]: ::80a9:b776:8e91:f402%1288547092 - - [2017-07-24 13:04:52] "GET /org/openbmc/settings/host0/attr/power_policy HTTP/1.1" 200 185 0.071832
Jul 24 13:04:52 witherspoon phosphor-gevent[1022]: ::80a9:b776:8e91:f402%1288547092 - - [2017-07-24 13:04:52] "POST /login HTTP/1.1" 200 320 0.034246
Jul 24 13:04:52 witherspoon phosphor-gevent[1022]: ::80a9:b776:8e91:f402%1288547092 - - [2017-07-24 13:04:52] "GET /xyz/openbmc_project/state/chassis0//attr/CurrentPowerState HTTP/1.1" 200 216 0.074927
Jul 24 13:04:53 witherspoon phosphor-gevent[1022]: ::80a9:b776:8e91:f402%1288547092 - - [2017-07-24 13:04:53] "POST /login HTTP/1.1" 200 320 0.033966
Jul 24 13:04:53 witherspoon phosphor-gevent[1022]: ::80a9:b776:8e91:f402%1288547092 - - [2017-07-24 13:04:53] "GET /xyz/openbmc_project/state/bmc0//attr/CurrentBMCState HTTP/1.1" 200 212 0.049575
Jul 24 13:04:53 witherspoon phosphor-gevent[1022]: ::80a9:b776:8e91:f402%1288547092 - - [2017-07-24 13:04:53] "POST /login HTTP/1.1" 200 320 0.033232
Jul 24 13:04:53 witherspoon phosphor-gevent[1022]: ::80a9:b776:8e91:f402%1288547092 - - [2017-07-24 13:04:53] "GET /org/openbmc/sensors/host/BootProgress/attr/value HTTP/1.1" 200 170 0.063176
Jul 24 13:04:53 witherspoon phosphor-gevent[1022]: ::80a9:b776:8e91:f402%1288547092 - - [2017-07-24 13:04:53] "POST /login HTTP/1.1" 200 320 0.033531
Jul 24 13:04:53 witherspoon phosphor-gevent[1022]: ::80a9:b776:8e91:f402%1288547092 - - [2017-07-24 13:04:53] "GET /xyz/openbmc_project/state/host0//attr/CurrentHostState HTTP/1.1" 200 212 0.052040
Jul 24 13:04:53 witherspoon phosphor-gevent[1022]: ::80a9:b776:8e91:f402%1288547092 - - [2017-07-24 13:04:53] "POST /login HTTP/1.1" 200 320 0.054948
Jul 24 13:04:54 witherspoon phosphor-gevent[1022]: ::80a9:b776:8e91:f402%1288547092 - - [2017-07-24 13:04:54] "GET /xyz/openbmc_project/logging/entry//list HTTP/1.1" 404 311 0.053365
Jul 24 13:04:54 witherspoon systemd[1]: Started SSH Per-Connection Server (9.41.165.94:42566).
Jul 24 13:04:54 witherspoon dropbear[1138]: Failed loading /etc/dropbear/dropbear_dss_host_key
Jul 24 13:04:54 witherspoon dropbear[1138]: Failed loading /etc/dropbear/dropbear_ecdsa_host_key
Jul 24 13:04:54 witherspoon dropbear[1138]: Child connection from ::ffff:9.41.165.94:42566
Jul 24 13:04:54 witherspoon dropbear[1138]: PAM password auth succeeded for 'root' from ::ffff:9.41.165.94:42566
Jul 24 13:05:09 witherspoon avahi-daemon[958]: Service name conflict for "obmc_console" (/services/obmc_console.service), retrying with "obmc_console #20".
Jul 24 13:05:16 witherspoon systemd-timesyncd[903]: Timed out waiting for reply from 0.0.0.0:123 (0).
Jul 24 13:05:23 witherspoon phosphor-gevent[1022]: ::80a9:b776:8e91:f402%1288547092 - - [2017-07-24 13:05:23] "POST /login HTTP/1.1" 200 320 0.040991
Jul 24 13:05:24 witherspoon phosphor-gevent[1022]: ::80a9:b776:8e91:f402%1288547092 - - [2017-07-24 13:05:24] "POST /org/openbmc/control/flash/bios//action/update HTTP/1.1" 200 169 0.221477
Jul 24 13:05:24 witherspoon flash_bios.exe[1044]: Starting flasher: bios,/tmp/witherspoon.pnor,/org/openbmc/control/flash/bios,
Jul 24 13:05:24 witherspoon flash_bios.exe[1044]: flasher: /tmp/witherspoon.pnor, BMC = 1, address = 0x0
Jul 24 13:05:24 witherspoon flash_bios.exe[1044]: Setting up flash
Jul 24 13:05:24 witherspoon phosphor-gevent[1022]: ::80a9:b776:8e91:f402%1288547092 - - [2017-07-24 13:05:24] "POST /login HTTP/1.1" 200 320 0.033942
Jul 24 13:05:24 witherspoon phosphor-gevent[1022]: ::80a9:b776:8e91:f402%1288547092 - - [2017-07-24 13:05:24] "GET /org/openbmc/control/flash/bios HTTP/1.1" 200 386 0.074742
Jul 24 13:05:24 witherspoon phosphor-gevent[1022]: ::80a9:b776:8e91:f402%1288547092 - - [2017-07-24 13:05:24] "POST /login HTTP/1.1" 200 320 0.048457
Jul 24 13:05:25 witherspoon phosphor-gevent[1022]: ::80a9:b776:8e91:f402%1288547092 - - [2017-07-24 13:05:25] "GET /org/openbmc/control/flash/bios HTTP/1.1" 200 386 0.212566
Jul 24 13:05:29 witherspoon avahi-daemon[958]: Service name conflict for "obmc_console" (/services/obmc_console.service), retrying with "obmc_console #21".
Jul 24 13:05:35 witherspoon phosphor-gevent[1022]: ::80a9:b776:8e91:f402%1288547092 - - [2017-07-24 13:05:35] "POST /login HTTP/1.1" 200 320 0.283710
Jul 24 13:05:35 witherspoon phosphor-gevent[1022]: ::80a9:b776:8e91:f402%1288547092 - - [2017-07-24 13:05:35] "GET /org/openbmc/control/flash/bios HTTP/1.1" 200 386 0.067715
Jul 24 13:05:46 witherspoon phosphor-gevent[1022]: ::80a9:b776:8e91:f402%1288547092 - - [2017-07-24 13:05:46] "POST /login HTTP/1.1" 200 320 0.033080
Jul 24 13:05:46 witherspoon phosphor-gevent[1022]: ::80a9:b776:8e91:f402%1288547092 - - [2017-07-24 13:05:46] "GET /org/openbmc/control/flash/bios HTTP/1.1" 200 386 0.067235
Jul 24 13:05:50 witherspoon avahi-daemon[958]: Service name conflict for "obmc_console" (/services/obmc_console.service), retrying with "obmc_console #22".
Jul 24 13:05:56 witherspoon phosphor-gevent[1022]: ::80a9:b776:8e91:f402%1288547092 - - [2017-07-24 13:05:56] "POST /login HTTP/1.1" 200 320 0.033526
Jul 24 13:05:56 witherspoon phosphor-gevent[1022]: ::80a9:b776:8e91:f402%1288547092 - - [2017-07-24 13:05:56] "GET /org/openbmc/control/flash/bios HTTP/1.1" 200 386 0.068190
Jul 24 13:06:06 witherspoon phosphor-gevent[1022]: ::80a9:b776:8e91:f402%1288547092 - - [2017-07-24 13:06:06] "POST /login HTTP/1.1" 200 320 0.034120
Jul 24 13:06:06 witherspoon phosphor-gevent[1022]: ::80a9:b776:8e91:f402%1288547092 - - [2017-07-24 13:06:06] "GET /org/openbmc/control/flash/bios HTTP/1.1" 200 386 0.067241
Jul 24 13:06:10 witherspoon avahi-daemon[958]: Service name conflict for "obmc_console" (/services/obmc_console.service), retrying with "obmc_console #23".
Jul 24 13:06:17 witherspoon phosphor-gevent[1022]: ::80a9:b776:8e91:f402%1288547092 - - [2017-07-24 13:06:17] "POST /login HTTP/1.1" 200 320 0.032898
Jul 24 13:06:17 witherspoon phosphor-gevent[1022]: ::80a9:b776:8e91:f402%1288547092 - - [2017-07-24 13:06:17] "GET /org/openbmc/control/flash/bios HTTP/1.1" 200 386 0.067283
Jul 24 13:06:27 witherspoon phosphor-gevent[1022]: ::80a9:b776:8e91:f402%1288547092 - - [2017-07-24 13:06:27] "POST /login HTTP/1.1" 200 320 0.039765
Jul 24 13:06:27 witherspoon phosphor-gevent[1022]: ::80a9:b776:8e91:f402%1288547092 - - [2017-07-24 13:06:27] "GET /org/openbmc/control/flash/bios HTTP/1.1" 200 386 0.067122
Jul 24 13:06:31 witherspoon avahi-daemon[958]: Service name conflict for "obmc_console" (/services/obmc_console.service), retrying with "obmc_console #24".
Jul 24 13:06:37 witherspoon phosphor-gevent[1022]: ::80a9:b776:8e91:f402%1288547092 - - [2017-07-24 13:06:37] "POST /login HTTP/1.1" 200 320 0.033565
Jul 24 13:06:37 witherspoon phosphor-gevent[1022]: ::80a9:b776:8e91:f402%1288547092 - - [2017-07-24 13:06:37] "GET /org/openbmc/control/flash/bios HTTP/1.1" 200 386 0.067805
Jul 24 13:06:48 witherspoon phosphor-gevent[1022]: ::80a9:b776:8e91:f402%1288547092 - - [2017-07-24 13:06:48] "POST /login HTTP/1.1" 200 320 0.033062
Jul 24 13:06:48 witherspoon phosphor-gevent[1022]: ::80a9:b776:8e91:f402%1288547092 - - [2017-07-24 13:06:48] "GET /org/openbmc/control/flash/bios HTTP/1.1" 200 386 0.067349
Jul 24 13:06:52 witherspoon avahi-daemon[958]: Service name conflict for "obmc_console" (/services/obmc_console.service), retrying with "obmc_console #25".
Jul 24 13:06:58 witherspoon phosphor-gevent[1022]: ::80a9:b776:8e91:f402%1288547092 - - [2017-07-24 13:06:58] "POST /login HTTP/1.1" 200 320 0.033229
Jul 24 13:06:58 witherspoon phosphor-gevent[1022]: ::80a9:b776:8e91:f402%1288547092 - - [2017-07-24 13:06:58] "GET /org/openbmc/control/flash/bios HTTP/1.1" 200 386 0.067016
Jul 24 13:07:08 witherspoon phosphor-gevent[1022]: ::80a9:b776:8e91:f402%1288547092 - - [2017-07-24 13:07:08] "POST /login HTTP/1.1" 200 320 0.033540
Jul 24 13:07:08 witherspoon phosphor-gevent[1022]: ::80a9:b776:8e91:f402%1288547092 - - [2017-07-24 13:07:08] "GET /org/openbmc/control/flash/bios HTTP/1.1" 200 386 0.075038
Jul 24 13:07:12 witherspoon avahi-daemon[958]: Service name conflict for "obmc_console" (/services/obmc_console.service), retrying with "obmc_console #26".
Jul 24 13:07:18 witherspoon phosphor-gevent[1022]: ::80a9:b776:8e91:f402%1288547092 - - [2017-07-24 13:07:18] "POST /login HTTP/1.1" 200 320 0.034073
Jul 24 13:07:18 witherspoon phosphor-gevent[1022]: ::80a9:b776:8e91:f402%1288547092 - - [2017-07-24 13:07:18] "GET /org/openbmc/control/flash/bios HTTP/1.1" 200 386 0.067474
Jul 24 13:07:29 witherspoon phosphor-gevent[1022]: ::80a9:b776:8e91:f402%1288547092 - - [2017-07-24 13:07:29] "POST /login HTTP/1.1" 200 320 0.033798
Jul 24 13:07:29 witherspoon phosphor-gevent[1022]: ::80a9:b776:8e91:f402%1288547092 - - [2017-07-24 13:07:29] "GET /org/openbmc/control/flash/bios HTTP/1.1" 200 386 0.067980
Jul 24 13:07:32 witherspoon avahi-daemon[958]: Service name conflict for "obmc_console" (/services/obmc_console.service), retrying with "obmc_console #27".
Jul 24 13:07:36 witherspoon systemd-timesyncd[903]: Timed out waiting for reply from 0.0.0.0:123 (0).
Jul 24 13:07:39 witherspoon phosphor-gevent[1022]: ::80a9:b776:8e91:f402%1288547092 - - [2017-07-24 13:07:39] "POST /login HTTP/1.1" 200 320 0.033594
Jul 24 13:07:39 witherspoon phosphor-gevent[1022]: ::80a9:b776:8e91:f402%1288547092 - - [2017-07-24 13:07:39] "GET /org/openbmc/control/flash/bios HTTP/1.1" 200 386 0.081294
Jul 24 13:07:49 witherspoon phosphor-gevent[1022]: ::80a9:b776:8e91:f402%1288547092 - - [2017-07-24 13:07:49] "POST /login HTTP/1.1" 200 320 0.033494
Jul 24 13:07:49 witherspoon phosphor-gevent[1022]: ::80a9:b776:8e91:f402%1288547092 - - [2017-07-24 13:07:49] "GET /org/openbmc/control/flash/bios HTTP/1.1" 200 386 0.067997
Jul 24 13:07:52 witherspoon avahi-daemon[958]: Service name conflict for "obmc_console" (/services/obmc_console.service), retrying with "obmc_console #28".
Jul 24 13:07:59 witherspoon phosphor-gevent[1022]: ::80a9:b776:8e91:f402%1288547092 - - [2017-07-24 13:07:59] "POST /login HTTP/1.1" 200 320 0.033100
Jul 24 13:08:00 witherspoon phosphor-gevent[1022]: ::80a9:b776:8e91:f402%1288547092 - - [2017-07-24 13:08:00] "GET /org/openbmc/control/flash/bios HTTP/1.1" 200 390 0.067643
Jul 24 13:08:10 witherspoon phosphor-gevent[1022]: ::80a9:b776:8e91:f402%1288547092 - - [2017-07-24 13:08:10] "POST /login HTTP/1.1" 200 320 0.033981
Jul 24 13:08:10 witherspoon phosphor-gevent[1022]: ::80a9:b776:8e91:f402%1288547092 - - [2017-07-24 13:08:10] "GET /org/openbmc/control/flash/bios HTTP/1.1" 200 391 0.067524
Jul 24 13:08:13 witherspoon avahi-daemon[958]: Service name conflict for "obmc_console" (/services/obmc_console.service), retrying with "obmc_console #29".
Jul 24 13:08:20 witherspoon phosphor-gevent[1022]: ::80a9:b776:8e91:f402%1288547092 - - [2017-07-24 13:08:20] "POST /login HTTP/1.1" 200 320 0.032945
Jul 24 13:08:20 witherspoon phosphor-gevent[1022]: ::80a9:b776:8e91:f402%1288547092 - - [2017-07-24 13:08:20] "GET /org/openbmc/control/flash/bios HTTP/1.1" 200 391 0.068044
Jul 24 13:08:30 witherspoon phosphor-gevent[1022]: ::80a9:b776:8e91:f402%1288547092 - - [2017-07-24 13:08:30] "POST /login HTTP/1.1" 200 320 0.033040
Jul 24 13:08:30 witherspoon phosphor-gevent[1022]: ::80a9:b776:8e91:f402%1288547092 - - [2017-07-24 13:08:30] "GET /org/openbmc/control/flash/bios HTTP/1.1" 200 391 0.070448
Jul 24 13:08:34 witherspoon avahi-daemon[958]: Service name conflict for "obmc_console" (/services/obmc_console.service), retrying with "obmc_console #30".
Jul 24 13:08:41 witherspoon phosphor-gevent[1022]: ::80a9:b776:8e91:f402%1288547092 - - [2017-07-24 13:08:41] "POST /login HTTP/1.1" 200 320 0.033473
Jul 24 13:08:41 witherspoon phosphor-gevent[1022]: ::80a9:b776:8e91:f402%1288547092 - - [2017-07-24 13:08:41] "GET /org/openbmc/control/flash/bios HTTP/1.1" 200 390 0.075565
Jul 24 13:08:51 witherspoon phosphor-gevent[1022]: ::80a9:b776:8e91:f402%1288547092 - - [2017-07-24 13:08:51] "POST /login HTTP/1.1" 200 320 0.033360
Jul 24 13:08:51 witherspoon phosphor-gevent[1022]: ::80a9:b776:8e91:f402%1288547092 - - [2017-07-24 13:08:51] "GET /org/openbmc/control/flash/bios HTTP/1.1" 200 391 0.069187
Jul 24 13:08:52 witherspoon flash_bios.exe[1044]: Erasing... (may take a while !) done !
Jul 24 13:08:52 witherspoon flash_bios.exe[1044]: About to program "/tmp/witherspoon.pnor" at 0x00000000..0x04000000 !
Jul 24 13:08:52 witherspoon flash_bios.exe[1044]: Programming & Verifying...
Jul 24 13:08:52 witherspoon flash_bios.exe[1044]: Flash done
Jul 24 13:08:54 witherspoon avahi-daemon[958]: Service name conflict for "obmc_console" (/services/obmc_console.service), retrying with "obmc_console #31".
Jul 24 13:09:01 witherspoon phosphor-gevent[1022]: ::80a9:b776:8e91:f402%1288547092 - - [2017-07-24 13:09:01] "POST /login HTTP/1.1" 200 320 0.033327
Jul 24 13:09:01 witherspoon phosphor-gevent[1022]: ::80a9:b776:8e91:f402%1288547092 - - [2017-07-24 13:09:01] "GET /org/openbmc/control/flash/bios HTTP/1.1" 200 388 0.068458
Jul 24 13:09:01 witherspoon systemd[1]: Started SSH Per-Connection Server (9.41.165.94:42798).
Jul 24 13:09:01 witherspoon dropbear[1144]: Failed loading /etc/dropbear/dropbear_dss_host_key
Jul 24 13:09:01 witherspoon dropbear[1144]: Failed loading /etc/dropbear/dropbear_ecdsa_host_key
Jul 24 13:09:01 witherspoon dropbear[1144]: Child connection from ::ffff:9.41.165.94:42798
Jul 24 13:09:02 witherspoon dropbear[1144]: PAM password auth succeeded for 'root' from ::ffff:9.41.165.94:42798
Jul 24 13:09:02 witherspoon dropbear[1145]: lastlog_perform_login: Couldn't stat /var/log/lastlog: No such file or directory
Jul 24 13:09:02 witherspoon dropbear[1145]: lastlog_openseek: /var/log/lastlog is not a file or directory!
Jul 24 13:09:03 witherspoon phosphor-gevent[1022]: ::80a9:b776:8e91:f402%1288547092 - - [2017-07-24 13:09:03] "POST /login HTTP/1.1" 200 320 0.034663
Jul 24 13:09:03 witherspoon phosphor-gevent[1022]: ::80a9:b776:8e91:f402%1288547092 - - [2017-07-24 13:09:03] "GET /xyz/openbmc_project/state/host0//attr/CurrentHostState HTTP/1.1" 200 212 0.049135
Jul 24 13:09:04 witherspoon systemd[1]: Created slice system-obmc\x2dconsole\x2dssh.slice.
Jul 24 13:09:04 witherspoon systemd[1]: Started Phosphor Host Console SSH Per-Connection (9.41.165.94:59348).
Jul 24 13:09:04 witherspoon dropbear[1149]: Failed loading /etc/dropbear/dropbear_dss_host_key
Jul 24 13:09:04 witherspoon dropbear[1149]: Failed loading /etc/dropbear/dropbear_ecdsa_host_key
Jul 24 13:09:04 witherspoon dropbear[1149]: Child connection from ::ffff:9.41.165.94:59348
Jul 24 13:09:04 witherspoon dropbear[1149]: PAM password auth succeeded for 'root' from ::ffff:9.41.165.94:59348
Jul 24 13:09:04 witherspoon dropbear[1150]: lastlog_perform_login: Couldn't stat /var/log/lastlog: No such file or directory
Jul 24 13:09:04 witherspoon dropbear[1150]: lastlog_openseek: /var/log/lastlog is not a file or directory!
Jul 24 13:09:04 witherspoon phosphor-gevent[1022]: ::80a9:b776:8e91:f402%1288547092 - - [2017-07-24 13:09:04] "POST /login HTTP/1.1" 200 320 0.139190
Jul 24 13:09:05 witherspoon phosphor-gevent[1022]: ::80a9:b776:8e91:f402%1288547092 - - [2017-07-24 13:09:05] "PUT /org/openbmc/settings/host0/attr/power_policy HTTP/1.1" 200 169 0.216912
Jul 24 13:09:05 witherspoon phosphor-gevent[1022]: ::80a9:b776:8e91:f402%1288547092 - - [2017-07-24 13:09:05] "POST /login HTTP/1.1" 200 320 0.033381
Jul 24 13:09:05 witherspoon phosphor-gevent[1022]: ::80a9:b776:8e91:f402%1288547092 - - [2017-07-24 13:09:05] "GET /org/openbmc/settings/host0/attr/power_policy HTTP/1.1" 200 185 0.070174
Jul 24 13:09:05 witherspoon phosphor-gevent[1022]: ::80a9:b776:8e91:f402%1288547092 - - [2017-07-24 13:09:05] "POST /login HTTP/1.1" 200 320 0.053381
Jul 24 13:09:05 witherspoon phosphor-gevent[1022]: ::80a9:b776:8e91:f402%1288547092 - - [2017-07-24 13:09:05] "GET /xyz/openbmc_project/state/chassis0//attr/CurrentPowerState HTTP/1.1" 200 216 0.051684
Jul 24 13:09:05 witherspoon phosphor-gevent[1022]: ::80a9:b776:8e91:f402%1288547092 - - [2017-07-24 13:09:05] "POST /login HTTP/1.1" 200 320 0.045298
Jul 24 13:09:05 witherspoon phosphor-gevent[1022]: ::80a9:b776:8e91:f402%1288547092 - - [2017-07-24 13:09:05] "GET /xyz/openbmc_project/state/bmc0//attr/CurrentBMCState HTTP/1.1" 200 212 0.050133
Jul 24 13:09:06 witherspoon phosphor-gevent[1022]: ::80a9:b776:8e91:f402%1288547092 - - [2017-07-24 13:09:06] "POST /login HTTP/1.1" 200 320 0.034011
Jul 24 13:09:06 witherspoon phosphor-gevent[1022]: ::80a9:b776:8e91:f402%1288547092 - - [2017-07-24 13:09:06] "GET /org/openbmc/sensors/host/BootProgress/attr/value HTTP/1.1" 200 170 0.064812
Jul 24 13:09:06 witherspoon phosphor-gevent[1022]: ::80a9:b776:8e91:f402%1288547092 - - [2017-07-24 13:09:06] "POST /login HTTP/1.1" 200 320 0.033702
Jul 24 13:09:06 witherspoon phosphor-gevent[1022]: ::80a9:b776:8e91:f402%1288547092 - - [2017-07-24 13:09:06] "GET /xyz/openbmc_project/state/host0//attr/CurrentHostState HTTP/1.1" 200 212 0.051898
Jul 24 13:09:06 witherspoon phosphor-gevent[1022]: ::80a9:b776:8e91:f402%1288547092 - - [2017-07-24 13:09:06] "POST /login HTTP/1.1" 200 320 0.048991
Jul 24 13:09:06 witherspoon phosphor-host-state-manager[1072]: Host State transaction request
Jul 24 13:09:07 witherspoon phosphor-gevent[1022]: ::80a9:b776:8e91:f402%1288547092 - - [2017-07-24 13:09:07] "PUT /xyz/openbmc_project/state/host0//attr/RequestedHostTransition HTTP/1.1" 200 169 0.236048
Jul 24 13:09:07 witherspoon systemd[1]: Created slice system-pcie\x2dslot\x2ddetect.slice.
Jul 24 13:09:07 witherspoon systemd[1]: Created slice system-vcs_off.slice.
Jul 24 13:09:07 witherspoon systemd[1]: Created slice system-cfam_override.slice.
Jul 24 13:09:07 witherspoon systemd[1]: Starting Wait for /xyz/openbmc_project/watchdog/host0...
Jul 24 13:09:07 witherspoon systemd[1]: Created slice system-phosphor\x2dfan\x2dpresence\x2dtach.slice.
Jul 24 13:09:07 witherspoon systemd[1]: Created slice system-start_host.slice.
Jul 24 13:09:07 witherspoon systemd[1]: Created slice system-fsi\x2dbind.slice.
Jul 24 13:09:07 witherspoon systemd[1]: Reached target Powerwitherspoon-fan-watchdog (On).
Jul 24 13:09:07 witherspoon systemd[1]: Created slice system-vcs_workaround.slice.
Jul 24 13:09:07 witherspoon systemd[1]: Created slice system-ucd_disable_vcs.slice.
Jul 24 13:09:07 witherspoon systemd[1]: Created slice system-op\x2dpower\x2dstart.slice.
Jul 24 13:09:07 witherspoon systemd[1]: Starting Wait for /xyz/openbmc_project/led/groups/power_on...
Jul 24 13:09:07 witherspoon systemd[1]: Started Witherspoon Fan Watchdog Daemon.
Jul 24 13:09:07 witherspoon systemd[1]: Created slice system-ir35221\x2don\x2dbind.slice.
Jul 24 13:09:07 witherspoon systemd[1]: Created slice system-phosphor\x2dwatchdog.slice.
Jul 24 13:09:07 witherspoon systemd[1]: Started Phosphor poweron watchdog.
Jul 24 13:09:07 witherspoon systemd[1]: Created slice system-avsbus\x2ddisable.slice.
Jul 24 13:09:07 witherspoon systemd[1]: Created slice system-mapper\x2dsubtree\x2dremove.slice.
Jul 24 13:09:07 witherspoon systemd[1]: Starting mapper subtree-remove /xyz/openbmc_project/software:xyz.openbmc_project.Software.ActivationBlocksTransition...
Jul 24 13:09:07 witherspoon systemd[1]: Created slice system-obmc\x2denable\x2dhost\x2dwatchdog.slice.
Jul 24 13:09:07 witherspoon systemd[1]: Created slice system-ir35221\x2don\x2dunbind.slice.
Jul 24 13:09:07 witherspoon systemd[1]: Starting power on mode unbind ir35221 device driver devs...
Jul 24 13:09:07 witherspoon systemd[1]: Created slice system-avsbus\x2dworkaround.slice.
Jul 24 13:09:07 witherspoon systemd[1]: Created slice system-vrm\x2dcontrol.slice.
Jul 24 13:09:07 witherspoon systemd[1]: Created slice system-phosphor\x2dgpio\x2dmonitor.slice.
Jul 24 13:09:07 witherspoon systemd[1]: Started Phosphor GPIO checkstop monitor.
Jul 24 13:09:08 witherspoon systemd[1]: Reached target Start Host checkstop monitor.
Jul 24 13:09:08 witherspoon phosphor-gevent[1022]: ::80a9:b776:8e91:f402%1288547092 - - [2017-07-24 13:09:08] "POST /login HTTP/1.1" 200 320 0.094252
Jul 24 13:09:08 witherspoon systemd[1]: Starting Wait for /org/openbmc/control/chassis0...
Jul 24 13:09:08 witherspoon systemd[1]: Created slice system-avsbus\x2denable.slice.
Jul 24 13:09:08 witherspoon systemd[1]: Starting Witherspoon Fan Watchdog Reset...
Jul 24 13:09:08 witherspoon systemd[1]: Created slice system-fsi\x2dscan.slice.
Jul 24 13:09:08 witherspoon systemd[1]: Starting Disable UCD VCS rails...
Jul 24 13:09:08 witherspoon systemd[1]: Created slice system-op\x2dwait\x2dpower\x2don.slice.
Jul 24 13:09:08 witherspoon systemd[1]: Starting Wait for Power0 to turn on...
Jul 24 13:09:08 witherspoon systemd[1]: Created slice system-vcs_on.slice.
Jul 24 13:09:08 witherspoon systemd[1]: Created slice system-phosphor\x2dfan\x2dcontrol\x2dinit.slice.
