-- Logs begin at Wed 2017-07-12 21:38:42 UTC, end at Wed 2017-07-12 21:59:14 UTC. --
Jul 12 21:38:42 witherspoon kernel: Booting Linux on physical CPU 0x0
Jul 12 21:38:42 witherspoon kernel: Linux version 4.10.17-7858cdff46b6d8aa4a4f88884a0623ff50fb78c9 (jenkins@hudson) (gcc version 6.2.0 (GCC) ) #1 Wed Jul 12 20:55:21 UTC 2017
Jul 12 21:38:42 witherspoon kernel: CPU: ARMv6-compatible processor [410fb767] revision 7 (ARMv7), cr=00c5387d
Jul 12 21:38:42 witherspoon kernel: CPU: PIPT / VIPT nonaliasing data cache, VIPT nonaliasing instruction cache
Jul 12 21:38:42 witherspoon kernel: OF: fdt:Machine model: Witherspoon BMC
Jul 12 21:38:42 witherspoon kernel: Memory policy: Data cache writeback
Jul 12 21:38:42 witherspoon kernel: SOC Rev: 04030303
Jul 12 21:38:42 witherspoon kernel: On node 0 totalpages: 110592
Jul 12 21:38:42 witherspoon kernel: free_area_init_node: node 0, pgdat 805f9514, node_mem_map 9ec1a000
Jul 12 21:38:42 witherspoon kernel:   Normal zone: 992 pages used for memmap
Jul 12 21:38:42 witherspoon kernel:   Normal zone: 0 pages reserved
Jul 12 21:38:42 witherspoon kernel:   Normal zone: 110592 pages, LIFO batch:31
Jul 12 21:38:42 witherspoon kernel: pcpu-alloc: s0 r0 d32768 u32768 alloc=1*32768
Jul 12 21:38:42 witherspoon kernel: pcpu-alloc: [0] 0 
Jul 12 21:38:42 witherspoon kernel: Built 1 zonelists in Zone order, mobility grouping on.  Total pages: 109600
Jul 12 21:38:42 witherspoon kernel: Kernel command line: console=ttyS4,115200n8 root=/dev/ram rw
Jul 12 21:38:42 witherspoon kernel: PID hash table entries: 2048 (order: 1, 8192 bytes)
Jul 12 21:38:42 witherspoon kernel: Dentry cache hash table entries: 65536 (order: 6, 262144 bytes)
Jul 12 21:38:42 witherspoon kernel: Inode-cache hash table entries: 32768 (order: 5, 131072 bytes)
Jul 12 21:38:42 witherspoon kernel: Memory: 430472K/442368K available (4062K kernel code, 280K rwdata, 1172K rodata, 284K init, 111K bss, 11896K reserved, 0K cma-reserved)
Jul 12 21:38:42 witherspoon kernel: Virtual kernel memory layout:
                                        vector  : 0xffff0000 - 0xffff1000   (   4 kB)
                                        fixmap  : 0xffc00000 - 0xfff00000   (3072 kB)
                                        vmalloc : 0x9f800000 - 0xff800000   (1536 MB)
                                        lowmem  : 0x80000000 - 0x9f000000   ( 496 MB)
                                          .text : 0x80008000 - 0x803ffcc0   (4064 kB)
                                          .init : 0x8057f000 - 0x805c6000   ( 284 kB)
                                          .data : 0x805c6000 - 0x8060c2a8   ( 281 kB)
                                           .bss : 0x8060c2a8 - 0x80628158   ( 112 kB)
Jul 12 21:38:42 witherspoon kernel: NR_IRQS:16 nr_irqs:16 16
Jul 12 21:38:42 witherspoon kernel: i2c controller registered, irq 16
Jul 12 21:38:42 witherspoon kernel: clocksource: moxart_timer: mask: 0xffffffff max_cycles: 0xffffffff, max_idle_ns: 77222644334 ns
Jul 12 21:38:42 witherspoon kernel: sched_clock: 32 bits at 100 Hz, resolution 10000000ns, wraps every 21474836475000000ns
Jul 12 21:38:42 witherspoon kernel: Calibrating delay loop... 789.70 BogoMIPS (lpj=3948544)
Jul 12 21:38:42 witherspoon kernel: pid_max: default: 32768 minimum: 301
Jul 12 21:38:42 witherspoon kernel: Mount-cache hash table entries: 1024 (order: 0, 4096 bytes)
Jul 12 21:38:42 witherspoon kernel: Mountpoint-cache hash table entries: 1024 (order: 0, 4096 bytes)
Jul 12 21:38:42 witherspoon kernel: CPU: Testing write buffer coherency: ok
Jul 12 21:38:42 witherspoon kernel: ftrace: allocating 14932 entries in 44 pages
Jul 12 21:38:42 witherspoon kernel: Setting up static identity map for 0x80008200 - 0x8000825c
Jul 12 21:38:42 witherspoon kernel: devtmpfs: initialized
Jul 12 21:38:42 witherspoon kernel: clocksource: jiffies: mask: 0xffffffff max_cycles: 0xffffffff, max_idle_ns: 19112604462750000 ns
Jul 12 21:38:42 witherspoon kernel: futex hash table entries: 256 (order: -1, 3072 bytes)
Jul 12 21:38:42 witherspoon kernel: pinctrl core: initialized pinctrl subsystem
Jul 12 21:38:42 witherspoon kernel: NET: Registered protocol family 16
Jul 12 21:38:42 witherspoon kernel: DMA: preallocated 256 KiB pool for atomic coherent allocations
Jul 12 21:38:42 witherspoon kernel: usbcore: registered new interface driver usbfs
Jul 12 21:38:42 witherspoon kernel: usbcore: registered new interface driver hub
Jul 12 21:38:42 witherspoon kernel: usbcore: registered new device driver usb
Jul 12 21:38:42 witherspoon kernel: clocksource: Switched to clocksource moxart_timer
Jul 12 21:38:42 witherspoon kernel: NET: Registered protocol family 2
Jul 12 21:38:42 witherspoon kernel: TCP established hash table entries: 4096 (order: 2, 16384 bytes)
Jul 12 21:38:42 witherspoon kernel: TCP bind hash table entries: 4096 (order: 2, 16384 bytes)
Jul 12 21:38:42 witherspoon kernel: TCP: Hash tables configured (established 4096 bind 4096)
Jul 12 21:38:42 witherspoon kernel: UDP hash table entries: 256 (order: 0, 4096 bytes)
Jul 12 21:38:42 witherspoon kernel: UDP-Lite hash table entries: 256 (order: 0, 4096 bytes)
Jul 12 21:38:42 witherspoon kernel: NET: Registered protocol family 1
Jul 12 21:38:42 witherspoon kernel: Trying to unpack rootfs image as initramfs...
Jul 12 21:38:42 witherspoon kernel: Freeing initrd memory: 1544K
Jul 12 21:38:42 witherspoon kernel: workingset: timestamp_bits=30 max_order=17 bucket_order=0
Jul 12 21:38:42 witherspoon kernel: squashfs: version 4.0 (2009/01/31) Phillip Lougher
Jul 12 21:38:42 witherspoon kernel: jffs2: version 2.2. (SUMMARY)  © 2001-2006 Red Hat, Inc.
Jul 12 21:38:42 witherspoon kernel: Block layer SCSI generic (bsg) driver version 0.4 loaded (major 250)
Jul 12 21:38:42 witherspoon kernel: io scheduler noop registered
Jul 12 21:38:42 witherspoon kernel: io scheduler deadline registered
Jul 12 21:38:42 witherspoon kernel: io scheduler cfq registered (default)
Jul 12 21:38:42 witherspoon kernel: ipmi-bt-host 1e789140.ibt: Found bt bmc device
Jul 12 21:38:42 witherspoon kernel: ipmi-bt-host 1e789140.ibt: Using IRQ 22
Jul 12 21:38:42 witherspoon kernel: Serial: 8250/16550 driver, 6 ports, IRQ sharing enabled
Jul 12 21:38:42 witherspoon kernel: 1e783000.serial: ttyS0 at MMIO 0x1e783000 (irq = 23, base_baud = 1500000) is a 16550A
Jul 12 21:38:42 witherspoon kernel: 1e78d000.serial: ttyS1 at MMIO 0x1e78d000 (irq = 24, base_baud = 1500000) is a 16550A
Jul 12 21:38:42 witherspoon kernel: 1e784000.serial: ttyS4 at MMIO 0x1e784000 (irq = 25, base_baud = 1500000) is a 16550A
Jul 12 21:38:42 witherspoon kernel: console [ttyS4] enabled
Jul 12 21:38:42 witherspoon kernel: 1e787000.vuart: ttyS2 at MMIO 0x1e787000 (irq = 22, base_baud = 1500000) is a 16550A
Jul 12 21:38:42 witherspoon kernel: timeriomem_rng 1e6e2078.hwrng: 32bits from 0xf00e2078 @ 1us
Jul 12 21:38:42 witherspoon kernel: random: fast init done
Jul 12 21:38:42 witherspoon kernel: brd: module loaded
Jul 12 21:38:42 witherspoon kernel: loop: module loaded
Jul 12 21:38:42 witherspoon kernel: aspeed-lpc-ctrl 1e789080.lpc-ctrl: Loaded at 0x98000000 (0x04000000)
Jul 12 21:38:42 witherspoon kernel: aspeed-smc 1e620000.flash-controller: Using IRQ 18
Jul 12 21:38:42 witherspoon kernel: aspeed-smc 1e620000.flash-controller: DMA support disabled.
Jul 12 21:38:42 witherspoon kernel: aspeed-smc 1e620000.flash-controller: mx25l25635e (32768 Kbytes)
Jul 12 21:38:42 witherspoon kernel: aspeed-smc 1e620000.flash-controller: CE0 window [ 0x20000000 - 0x22000000 ] 32MB
Jul 12 21:38:42 witherspoon kernel: aspeed-smc 1e620000.flash-controller: CE1 window [ 0x22000000 - 0x2a000000 ] 128MB
Jul 12 21:38:42 witherspoon kernel: 5 ofpart partitions found on MTD device bmc
Jul 12 21:38:42 witherspoon kernel: Creating 5 MTD partitions on "bmc":
Jul 12 21:38:42 witherspoon kernel: 0x000000000000-0x000000060000 : "u-boot"
Jul 12 21:38:42 witherspoon kernel: 0x000000060000-0x000000080000 : "u-boot-env"
Jul 12 21:38:42 witherspoon kernel: 0x000000080000-0x0000004c0000 : "kernel"
Jul 12 21:38:42 witherspoon kernel: 0x0000004c0000-0x000001c00000 : "rofs"
Jul 12 21:38:42 witherspoon kernel: 0x000001c00000-0x000002000000 : "rwfs"
Jul 12 21:38:42 witherspoon kernel: aspeed-smc 1e620000.flash-controller: mx25l25635e (32768 Kbytes)
Jul 12 21:38:42 witherspoon kernel: aspeed-smc 1e620000.flash-controller: CE1 window [ 0x22000000 - 0x24000000 ] 32MB
Jul 12 21:38:42 witherspoon kernel: aspeed-smc 1e620000.flash-controller: CE2 window [ 0x24000000 - 0x2c000000 ] 128MB
Jul 12 21:38:42 witherspoon kernel: aspeed-smc 1e630000.flash-controller: mx66l1g45g (131072 Kbytes)
Jul 12 21:38:42 witherspoon kernel: aspeed-smc 1e630000.flash-controller: CE0 window resized to 120MB (AST2500 HW quirk)
Jul 12 21:38:42 witherspoon kernel: aspeed-smc 1e630000.flash-controller: CE0 window [ 0x30000000 - 0x37800000 ] 120MB
Jul 12 21:38:42 witherspoon kernel: aspeed-smc 1e630000.flash-controller: CE0 window too small for chip 128MB
Jul 12 21:38:42 witherspoon kernel: aspeed-smc 1e630000.flash-controller: CE1 window [ 0x37800000 - 0x38000000 ] 8MB
Jul 12 21:38:42 witherspoon kernel: libphy: Fixed MDIO Bus: probed
Jul 12 21:38:42 witherspoon kernel: ftgmac100 1e660000.ethernet: Read MAC address 70:e2:84:14:28:a9 from chip
Jul 12 21:38:42 witherspoon kernel: ftgmac100 1e660000.ethernet: Using NCSI interface
Jul 12 21:38:42 witherspoon kernel: ftgmac100 1e660000.ethernet eth0: irq 20, mapped at f0060000
Jul 12 21:38:42 witherspoon kernel: ehci_hcd: USB 2.0 'Enhanced' Host Controller (EHCI) Driver
Jul 12 21:38:42 witherspoon kernel: ehci-platform: EHCI generic platform driver
Jul 12 21:38:42 witherspoon kernel:  fsi0: can't read slave 00:00 -5
Jul 12 21:38:42 witherspoon kernel: i2c /dev entries driver
Jul 12 21:38:42 witherspoon kernel: aspeed-i2c-bus 1e78a0c0.i2c-bus: i2c bus 2 registered, irq 26
Jul 12 21:38:42 witherspoon kernel: aspeed-i2c-bus 1e78a100.i2c-bus: i2c bus 3 registered, irq 27
Jul 12 21:38:42 witherspoon kernel: aspeed-i2c-bus 1e78a140.i2c-bus: i2c bus 4 registered, irq 28
Jul 12 21:38:42 witherspoon kernel: aspeed-i2c-bus 1e78a180.i2c-bus: i2c bus 5 registered, irq 29
Jul 12 21:38:42 witherspoon kernel: aspeed-i2c-bus 1e78a380.i2c-bus: i2c bus 9 registered, irq 30
Jul 12 21:38:42 witherspoon kernel: aspeed-i2c-bus 1e78a3c0.i2c-bus: i2c bus 10 registered, irq 31
Jul 12 21:38:42 witherspoon kernel: rtc-rv8803 11-0032: Voltage low, temperature compensation stopped.
Jul 12 21:38:42 witherspoon kernel: rtc-rv8803 11-0032: rtc core: registered rx8900 as rtc0
Jul 12 21:38:42 witherspoon kernel: at24 11-0051: 8192 byte 24c64 EEPROM, writable, 1 bytes/write
Jul 12 21:38:42 witherspoon kernel: aspeed-i2c-bus 1e78a400.i2c-bus: i2c bus 11 registered, irq 32
Jul 12 21:38:42 witherspoon kernel: aspeed-i2c-bus 1e78a440.i2c-bus: i2c bus 12 registered, irq 33
Jul 12 21:38:42 witherspoon kernel: aspeed-i2c-bus 1e78a480.i2c-bus: i2c bus 13 registered, irq 34
Jul 12 21:38:42 witherspoon kernel: Driver for 1-wire Dallas network protocol.
Jul 12 21:38:42 witherspoon kernel: lm75 9-004a: hwmon0: sensor 'tmp275'
Jul 12 21:38:42 witherspoon kernel: random: crng init done
Jul 12 21:38:42 witherspoon kernel: ucd9000 11-0064: Device ID UCD90160|2.3.4.0000|110603
Jul 12 21:38:42 witherspoon kernel: leds-pca955x 11-0060: leds-pca955x: Using pca9552 16-bit LED driver at slave address 0x60
Jul 12 21:38:42 witherspoon kernel: leds-pca955x 11-0060: gpios 264...279
Jul 12 21:38:42 witherspoon kernel: usbcore: registered new interface driver usbhid
Jul 12 21:38:42 witherspoon kernel: usbhid: USB HID core driver
Jul 12 21:38:42 witherspoon kernel: bmp280: probe of 3-0077 failed with error -5
Jul 12 21:38:42 witherspoon kernel: dps310 3-0076: iio:device1: sensor 'dps310'
Jul 12 21:38:42 witherspoon kernel: NET: Registered protocol family 10
Jul 12 21:38:42 witherspoon kernel: Segment Routing with IPv6
Jul 12 21:38:42 witherspoon kernel: NET: Registered protocol family 17
Jul 12 21:38:42 witherspoon kernel: 8021q: 802.1Q VLAN Support v1.8
Jul 12 21:38:42 witherspoon kernel: console [netcon0] enabled
Jul 12 21:38:42 witherspoon kernel: netconsole: network logging started
Jul 12 21:38:42 witherspoon kernel: input: gpio-keys as /devices/platform/gpio-keys/input/input0
Jul 12 21:38:42 witherspoon kernel: rtc-rv8803 11-0032: setting system clock to 2017-07-12 21:38:27 UTC (1499895507)
Jul 12 21:38:42 witherspoon kernel: Freeing unused kernel memory: 284K
Jul 12 21:38:42 witherspoon kernel: This architecture does not have kernel memory protection.
Jul 12 21:38:42 witherspoon kernel: jffs2: notice: (515) jffs2_build_xattr_subsystem: complete building xattr subsystem, 0 of xdatum (0 unchecked, 0 orphan) and 0 of xref (0 dead, 0 orphan) found.
Jul 12 21:38:42 witherspoon systemd[1]: Failed to insert module 'autofs4': No such file or directory
Jul 12 21:38:42 witherspoon systemd[1]: systemd 232 running in system mode. (+PAM -AUDIT -SELINUX -IMA -APPARMOR -SMACK +SYSVINIT -UTMP -LIBCRYPTSETUP -GCRYPT -GNUTLS +ACL +XZ -LZ4 -SECCOMP +BLKID -ELFUTILS +KMOD -IDN)
Jul 12 21:38:42 witherspoon systemd[1]: Detected architecture arm.
Jul 12 21:38:42 witherspoon systemd[1]: Set hostname to <witherspoon>.
Jul 12 21:38:42 witherspoon systemd[1]: Started Dispatch Password Requests to Console Directory Watch.
Jul 12 21:38:42 witherspoon systemd[1]: Listening on Syslog Socket.
Jul 12 21:38:42 witherspoon systemd[1]: Listening on Network Service Netlink Socket.
Jul 12 21:38:42 witherspoon systemd[1]: Listening on Journal Socket.
Jul 12 21:38:42 witherspoon systemd[1]: Listening on Journal Socket (/dev/log).
Jul 12 21:38:42 witherspoon systemd[1]: Reached target Remote File Systems.
Jul 12 21:38:42 witherspoon systemd[1]: Listening on udev Kernel Socket.
Jul 12 21:38:42 witherspoon systemd[1]: Created slice system-obmc\x2dled\x2dgroup\x2dstart.slice.
Jul 12 21:38:42 witherspoon systemd[1]: Created slice system-org.openbmc.control.Chassis.slice.
Jul 12 21:38:42 witherspoon systemd[1]: Created slice system-phosphor\x2dcooling\x2dtype.slice.
Jul 12 21:38:42 witherspoon systemd[1]: Created slice system-org.openbmc.buttons.reset.slice.
Jul 12 21:38:42 witherspoon systemd[1]: Created slice system-phosphor\x2dreset\x2dhost\x2dcheck.slice.
Jul 12 21:38:42 witherspoon systemd[1]: Created slice system-phosphor\x2dreset\x2dhost\x2drunning.slice.
Jul 12 21:38:42 witherspoon systemd[1]: Created slice system-phosphor\x2ddiscover\x2dsystem\x2dstate.slice.
Jul 12 21:38:42 witherspoon systemd[1]: Reached target Slices.
Jul 12 21:38:42 witherspoon systemd[1]: Created slice system-org.openbmc.control.Power.slice.
Jul 12 21:38:42 witherspoon systemd[1]: Created slice system-serial\x2dgetty.slice.
Jul 12 21:38:42 witherspoon systemd[1]: Starting Journal Service...
Jul 12 21:38:42 witherspoon systemd[1]: Starting udev Coldplug all Devices...
Jul 12 21:38:42 witherspoon systemd[1]: Mounting Temporary Directory...
Jul 12 21:38:42 witherspoon systemd[1]: Starting Remount Root and Kernel File Systems...
Jul 12 21:38:42 witherspoon systemd[1]: Created slice system-org.openbmc.control.Bmc.slice.
Jul 12 21:38:42 witherspoon systemd[1]: Created slice system-org.openbmc.buttons.Power.slice.
Jul 12 21:38:42 witherspoon systemd-journald[538]: Journal started
Jul 12 21:38:42 witherspoon systemd-journald[538]: Runtime journal (/run/log/journal/12c6a00ebfdd479284cf09f39d1bc042) is 0B, max 0B, 0B free.
Jul 12 21:38:42 witherspoon systemd[1]: Mounted Debug File System.
Jul 12 21:38:42 witherspoon systemd-sysctl[533]: Couldn't write '16' to 'kernel/sysrq', ignoring: No such file or directory
Jul 12 21:38:42 witherspoon systemd-sysctl[533]: Couldn't write 'fq_codel' to 'net/core/default_qdisc', ignoring: No such file or directory
Jul 12 21:38:42 witherspoon systemd[1]: Mounted Temporary Directory.
Jul 12 21:38:42 witherspoon systemd[1]: Started Journal Service.
Jul 12 21:38:43 witherspoon systemd[1]: Started Apply Kernel Variables.
Jul 12 21:38:43 witherspoon systemd[1]: Started Remount Root and Kernel File Systems.
Jul 12 21:38:43 witherspoon systemd[1]: Starting Create System Users...
Jul 12 21:38:43 witherspoon systemd[1]: Starting Flush Journal to Persistent Storage...
Jul 12 21:38:43 witherspoon systemd-journald[538]: Runtime journal (/run/log/journal/12c6a00ebfdd479284cf09f39d1bc042) is 0B, max 0B, 0B free.
Jul 12 21:38:43 witherspoon systemd[1]: Started Flush Journal to Persistent Storage.
Jul 12 21:38:43 witherspoon systemd[1]: Started udev Coldplug all Devices.
Jul 12 21:38:44 witherspoon systemd[1]: Started Create System Users.
Jul 12 21:38:44 witherspoon systemd[1]: Starting Create Static Device Nodes in /dev...
Jul 12 21:38:44 witherspoon systemd[1]: Started Create Static Device Nodes in /dev.
Jul 12 21:38:44 witherspoon systemd[1]: Starting udev Kernel Device Manager...
Jul 12 21:38:44 witherspoon systemd[1]: Reached target Local File Systems (Pre).
Jul 12 21:38:44 witherspoon systemd[1]: Mounting /var/volatile...
Jul 12 21:38:44 witherspoon systemd[1]: Mounted /var/volatile.
Jul 12 21:38:44 witherspoon systemd[1]: Starting Load/Save Random Seed...
Jul 12 21:38:44 witherspoon systemd[1]: Reached target Local File Systems.
Jul 12 21:38:44 witherspoon systemd[1]: Starting Rebuild Journal Catalog...
Jul 12 21:38:44 witherspoon systemd[1]: Starting Create Volatile Files and Directories...
Jul 12 21:38:44 witherspoon systemd[1]: Started Load/Save Random Seed.
Jul 12 21:38:45 witherspoon systemd[1]: Started Rebuild Journal Catalog.
Jul 12 21:38:45 witherspoon systemd[1]: Started udev Kernel Device Manager.
Jul 12 21:38:45 witherspoon systemd-tmpfiles[876]: "/var/tmp" already exists and is not a directory.
Jul 12 21:38:45 witherspoon systemd[1]: Starting Update is Completed...
Jul 12 21:38:45 witherspoon systemd[1]: Started Update is Completed.
Jul 12 21:38:45 witherspoon systemd-tmpfiles[876]: "/var/log" already exists and is not a directory.
Jul 12 21:38:45 witherspoon systemd[1]: Started Create Volatile Files and Directories.
Jul 12 21:38:45 witherspoon systemd[1]: Starting Run pending postinsts...
Jul 12 21:38:45 witherspoon systemd[1]: Starting Network Time Synchronization...
Jul 12 21:38:46 witherspoon systemd[1]: dev-hugepages.mount: Couldn't determine result for ConditionVirtualization=!private-users, assuming failed: No such file or directory
Jul 12 21:38:46 witherspoon systemd[1]: Created slice system-xyz.openbmc_project.Hwmon.slice.
Jul 12 21:38:46 witherspoon systemd[1]: Found device /dev/aspeed-lpc-ctrl.
Jul 12 21:38:46 witherspoon systemd[1]: Found device /dev/aspeed-mbox.
Jul 12 21:38:46 witherspoon systemd[1]: Found device /dev/ttyS4.
Jul 12 21:38:46 witherspoon systemd[1]: Found device /dev/ttyVUART0.
Jul 12 21:38:47 witherspoon systemd[1]: dev-hugepages.mount: Couldn't determine result for ConditionVirtualization=!private-users, assuming failed: No such file or directory
Jul 12 21:38:47 witherspoon systemd[1]: dev-hugepages.mount: Couldn't determine result for ConditionVirtualization=!private-users, assuming failed: No such file or directory
Jul 12 21:38:48 witherspoon systemd[1]: Created slice system-xyz.openbmc_project.led.controller.slice.
Jul 12 21:38:48 witherspoon systemd[1]: dev-hugepages.mount: Couldn't determine result for ConditionVirtualization=!private-users, assuming failed: No such file or directory
Jul 12 21:38:48 witherspoon systemd[1]: Started Network Time Synchronization.
Jul 12 21:38:48 witherspoon systemd[1]: Reached target System Time Synchronized.
Jul 12 21:38:48 witherspoon run-postinsts[893]: Running postinst /etc/rpm-postinsts/libglib-2.0-0...
Jul 12 21:38:49 witherspoon run-postinsts[893]: rm: can't remove '/etc/rpm-postinsts': Invalid argument
Jul 12 21:38:49 witherspoon run-postinsts[893]:  Removing any system startup links for run-postinsts ...
Jul 12 21:38:49 witherspoon systemctl[913]: Removed /etc/systemd/system/sysinit.target.wants/run-postinsts.service.
Jul 12 21:38:49 witherspoon systemd[1]: Reloading.
Jul 12 21:38:51 witherspoon systemd[1]: Started Run pending postinsts.
Jul 12 21:38:51 witherspoon systemd[1]: Reached target System Initialization.
Jul 12 21:38:52 witherspoon systemd[1]: Listening on phosphor-ipmi-net.socket.
Jul 12 21:38:52 witherspoon systemd[1]: Listening on Avahi mDNS/DNS-SD Stack Activation Socket.
Jul 12 21:38:52 witherspoon systemd[1]: Listening on Phosphor Host Console SSH Per-Connection socket.
Jul 12 21:38:52 witherspoon systemd[1]: Listening on Phosphor DBUS Browser socket.
Jul 12 21:38:52 witherspoon systemd[1]: Started Daily Cleanup of Temporary Directories.
Jul 12 21:38:52 witherspoon systemd[1]: Reached target Timers.
Jul 12 21:38:52 witherspoon systemd[1]: Listening on D-Bus System Message Bus Socket.
Jul 12 21:38:52 witherspoon systemd[1]: Listening on dropbear.socket.
Jul 12 21:38:52 witherspoon systemd[1]: Listening on Phosphor Webserver socket.
Jul 12 21:38:52 witherspoon systemd[1]: Reached target Sockets.
Jul 12 21:38:52 witherspoon systemd[1]: Reached target Basic System.
Jul 12 21:38:52 witherspoon systemd[1]: Started Phosphor sysfs LED controller.
Jul 12 21:38:52 witherspoon systemd[1]: Started Phosphor Hwmon Poller.
Jul 12 21:38:52 witherspoon systemd[1]: Starting Phosphor BMC0 Control...
Jul 12 21:38:52 witherspoon systemd[1]: Started Hardware RNG Entropy Gatherer Daemon.
Jul 12 21:38:52 witherspoon systemd[1]: Started Phosphor Hwmon Poller.
Jul 12 21:38:52 witherspoon systemd[1]: Started Phosphor Hwmon Poller.
Jul 12 21:38:52 witherspoon systemd[1]: Starting Phosphor Log Manager...
Jul 12 21:38:52 witherspoon systemd[1]: Starting Phosphor Network Manager...
Jul 12 21:38:52 witherspoon systemd[1]: Starting Phosphor Download Manager...
Jul 12 21:38:52 witherspoon systemd[1]: Starting Phosphor Inventory Manager...
Jul 12 21:38:52 witherspoon systemd[1]: Starting Phosphor Network Manager...
Jul 12 21:38:52 witherspoon systemd[1]: Starting Avahi mDNS/DNS-SD Stack...
Jul 12 21:38:53 witherspoon systemd[1]: Starting Phosphor Sensor Manager...
Jul 12 21:38:53 witherspoon systemd[1]: Starting Phosphor LED Group Management Daemon...
Jul 12 21:38:53 witherspoon systemd[1]: Started Phosphor Dump core monitor..
Jul 12 21:38:53 witherspoon systemd[1]: Starting OpenBMC Software Update Manager...
Jul 12 21:38:53 witherspoon systemd[1]: Reached target Containers.
Jul 12 21:38:53 witherspoon systemd[1]: Started Phosphor Console Muxer listening on device /dev/ttyVUART0.
Jul 12 21:38:53 witherspoon systemd[1]: Started Kernel Logging Service.
Jul 12 21:38:54 witherspoon systemd[1]: Started System Logging Service.
Jul 12 21:38:54 witherspoon systemd[1]: Starting Phosphor Download Manager...
Jul 12 21:38:54 witherspoon systemd[1]: Starting Phosphor Chassis0 Control...
Jul 12 21:38:54 witherspoon systemd[1]: Started Phosphor Hwmon Poller.
Jul 12 21:38:54 witherspoon systemd[1]: Started Phosphor Hwmon Poller.
Jul 12 21:38:54 witherspoon systemd[1]: Started D-Bus System Message Bus.
Jul 12 21:38:55 witherspoon avahi-daemon[936]: Found user 'avahi' (UID 999) and group 'avahi' (GID 999).
Jul 12 21:38:55 witherspoon avahi-daemon[936]: Successfully dropped root privileges.
Jul 12 21:38:55 witherspoon avahi-daemon[936]: avahi-daemon 0.6.32 starting up.
Jul 12 21:38:55 witherspoon phosphor-hwmon-readd[929]: Usage: /usr/sbin/phosphor-hwmon-readd [options]
Jul 12 21:38:55 witherspoon phosphor-hwmon-readd[929]: Options:
Jul 12 21:38:55 witherspoon phosphor-hwmon-readd[929]:     --help               print this menu
Jul 12 21:38:55 witherspoon phosphor-hwmon-readd[929]:     --path=<path>        sysfs location to monitor
Jul 12 21:38:55 witherspoon phosphor-hwmon-readd[929]:     --of-name=<path>     open firmware device name to monitor
Jul 12 21:38:55 witherspoon phosphor-hwmon-readd[929]: ERROR: Path not specified or invalid.
Jul 12 21:38:56 witherspoon kernel[942]: klogd started: BusyBox v1.24.1 (2017-06-16 19:26:49 UTC)
Jul 12 21:38:56 witherspoon kernel[942]: [    0.000000] Booting Linux on physical CPU 0x0
Jul 12 21:38:56 witherspoon kernel[942]: [    0.000000] Linux version 4.10.17-7858cdff46b6d8aa4a4f88884a0623ff50fb78c9 (jenkins@hudson) (gcc version 6.2.0 (GCC) ) #1 Wed Jul 12 20:55:21 UTC 2017
Jul 12 21:38:56 witherspoon kernel[942]: [    0.000000] CPU: ARMv6-compatible processor [410fb767] revision 7 (ARMv7), cr=00c5387d
Jul 12 21:38:56 witherspoon kernel[942]: [    0.000000] CPU: PIPT / VIPT nonaliasing data cache, VIPT nonaliasing instruction cache
Jul 12 21:38:56 witherspoon kernel[942]: [    0.000000] OF: fdt:Machine model: Witherspoon BMC
Jul 12 21:38:56 witherspoon kernel[942]: [    0.000000] Memory policy: Data cache writeback
Jul 12 21:38:56 witherspoon kernel[942]: [    0.000000] SOC Rev: 04030303
Jul 12 21:38:56 witherspoon kernel[942]: [    0.000000] On node 0 totalpages: 110592
Jul 12 21:38:56 witherspoon kernel[942]: [    0.000000] free_area_init_node: node 0, pgdat 805f9514, node_mem_map 9ec1a000
Jul 12 21:38:56 witherspoon kernel[942]: [    0.000000]   Normal zone: 992 pages used for memmap
Jul 12 21:38:56 witherspoon kernel[942]: [    0.000000]   Normal zone: 0 pages reserved
Jul 12 21:38:56 witherspoon kernel[942]: [    0.000000]   Normal zone: 110592 pages, LIFO batch:31
Jul 12 21:38:56 witherspoon kernel[942]: [    0.000000] pcpu-alloc: s0 r0 d32768 u32768 alloc=1*32768
Jul 12 21:38:56 witherspoon kernel[942]: [    0.000000] pcpu-alloc: [0] 0
Jul 12 21:38:56 witherspoon kernel[942]: [    0.000000] Built 1 zonelists in Zone order, mobility grouping on.  Total pages: 109600
Jul 12 21:38:56 witherspoon kernel[942]: [    0.000000] Kernel command line: console=ttyS4,115200n8 root=/dev/ram rw
Jul 12 21:38:56 witherspoon kernel[942]: [    0.000000] PID hash table entries: 2048 (order: 1, 8192 bytes)
Jul 12 21:38:56 witherspoon kernel[942]: [    0.000000] Dentry cache hash table entries: 65536 (order: 6, 262144 bytes)
Jul 12 21:38:56 witherspoon kernel[942]: [    0.000000] Inode-cache hash table entries: 32768 (order: 5, 131072 bytes)
Jul 12 21:38:56 witherspoon kernel[942]: [    0.000000] Memory: 430472K/442368K available (4062K kernel code, 280K rwdata, 1172K rodata, 284K init, 111K bss, 11896K reserved, 0K cma-reserved)
Jul 12 21:38:56 witherspoon kernel[942]: [    0.000000] Virtual kernel memory layout:
Jul 12 21:38:56 witherspoon kernel[942]: [    0.000000]     vector  : 0xffff0000 - 0xffff1000   (   4 kB)
Jul 12 21:38:56 witherspoon kernel[942]: [    0.000000]     fixmap  : 0xffc00000 - 0xfff00000   (3072 kB)
Jul 12 21:38:56 witherspoon kernel[942]: [    0.000000]     vmalloc : 0x9f800000 - 0xff800000   (1536 MB)
Jul 12 21:38:56 witherspoon kernel[942]: [    0.000000]     lowmem  : 0x80000000 - 0x9f000000   ( 496 MB)
Jul 12 21:38:56 witherspoon kernel[942]: [    0.000000]       .text : 0x80008000 - 0x803ffcc0   (4064 kB)
Jul 12 21:38:56 witherspoon kernel[942]: [    0.000000]       .init : 0x8057f000 - 0x805c6000   ( 284 kB)
Jul 12 21:38:56 witherspoon kernel[942]: [    0.000000]       .data : 0x805c6000 - 0x8060c2a8   ( 281 kB)
Jul 12 21:38:56 witherspoon kernel[942]: [    0.000000]        .bss : 0x8060c2a8 - 0x80628158   ( 112 kB)
Jul 12 21:38:56 witherspoon kernel[942]: [    0.000000] NR_IRQS:16 nr_irqs:16 16
Jul 12 21:38:56 witherspoon kernel[942]: [    0.000000] i2c controller registered, irq 16
Jul 12 21:38:56 witherspoon kernel[942]: [    0.000000] clocksource: moxart_timer: mask: 0xffffffff max_cycles: 0xffffffff, max_idle_ns: 77222644334 ns
Jul 12 21:38:56 witherspoon kernel[942]: [    0.000000] sched_clock: 32 bits at 100 Hz, resolution 10000000ns, wraps every 21474836475000000ns
Jul 12 21:38:56 witherspoon kernel[942]: [    0.090000] Calibrating delay loop... 789.70 BogoMIPS (lpj=3948544)
Jul 12 21:38:56 witherspoon kernel[942]: [    0.090000] pid_max: default: 32768 minimum: 301
Jul 12 21:38:56 witherspoon kernel[942]: [    0.090000] Mount-cache hash table entries: 1024 (order: 0, 4096 bytes)
Jul 12 21:38:56 witherspoon kernel[942]: [    0.090000] Mountpoint-cache hash table entries: 1024 (order: 0, 4096 bytes)
Jul 12 21:38:56 witherspoon kernel[942]: [    0.090000] CPU: Testing write buffer coherency: ok
Jul 12 21:38:56 witherspoon kernel[942]: [    0.090000] ftrace: allocating 14932 entries in 44 pages
Jul 12 21:38:56 witherspoon kernel[942]: [    0.120000] Setting up static identity map for 0x80008200 - 0x8000825c
Jul 12 21:38:56 witherspoon kernel[942]: [    0.120000] devtmpfs: initialized
Jul 12 21:38:56 witherspoon kernel[942]: [    0.140000] clocksource: jiffies: mask: 0xffffffff max_cycles: 0xffffffff, max_idle_ns: 19112604462750000 ns
Jul 12 21:38:56 witherspoon kernel[942]: [    0.140000] futex hash table entries: 256 (order: -1, 3072 bytes)
Jul 12 21:38:56 witherspoon kernel[942]: [    0.140000] pinctrl core: initialized pinctrl subsystem
Jul 12 21:38:56 witherspoon kernel[942]: [    0.140000] NET: Registered protocol family 16
Jul 12 21:38:56 witherspoon kernel[942]: [    0.140000] DMA: preallocated 256 KiB pool for atomic coherent allocations
Jul 12 21:38:56 witherspoon kernel[942]: [    0.200000] usbcore: registered new interface driver usbfs
Jul 12 21:38:56 witherspoon kernel[942]: [    0.200000] usbcore: registered new interface driver hub
Jul 12 21:38:56 witherspoon kernel[942]: [    0.200000] usbcore: registered new device driver usb
Jul 12 21:38:56 witherspoon kernel[942]: [    0.210000] clocksource: Switched to clocksource moxart_timer
Jul 12 21:38:56 witherspoon kernel[942]: [    0.230000] NET: Registered protocol family 2
Jul 12 21:38:56 witherspoon kernel[942]: [    0.230000] TCP established hash table entries: 4096 (order: 2, 16384 bytes)
Jul 12 21:38:56 witherspoon kernel[942]: [    0.230000] TCP bind hash table entries: 4096 (order: 2, 16384 bytes)
Jul 12 21:38:56 witherspoon kernel[942]: [    0.230000] TCP: Hash tables configured (established 4096 bind 4096)
Jul 12 21:38:56 witherspoon kernel[942]: [    0.230000] UDP hash table entries: 256 (order: 0, 4096 bytes)
Jul 12 21:38:56 witherspoon kernel[942]: [    0.230000] UDP-Lite hash table entries: 256 (order: 0, 4096 bytes)
Jul 12 21:38:56 witherspoon kernel[942]: [    0.230000] NET: Registered protocol family 1
Jul 12 21:38:56 witherspoon kernel[942]: [    0.230000] Trying to unpack rootfs image as initramfs...
Jul 12 21:38:56 witherspoon kernel[942]: [    1.900000] Freeing initrd memory: 1544K
Jul 12 21:38:56 witherspoon kernel[942]: [    1.900000] workingset: timestamp_bits=30 max_order=17 bucket_order=0
Jul 12 21:38:58 witherspoon systemd[1]: Started Phosphor Download Manager.
Jul 12 21:38:56 witherspoon kernel[942]: [    1.900000] squashfs: version 4.0 (2009/01/31) Phillip Lougher
Jul 12 21:38:58 witherspoon phosphor-network-manager[932]: ConfigParser: Section not found
Jul 12 21:38:56 witherspoon kernel[942]: [    1.900000] jffs2: version 2.2. (SUMMARY)  © 2001-2006 Red Hat, Inc.
Jul 12 21:38:58 witherspoon phosphor-network-manager[932]: The operation failed internally.
Jul 12 21:38:56 witherspoon kernel[942]: [    1.900000] Block layer SCSI generic (bsg) driver version 0.4 loaded (major 250)
Jul 12 21:38:58 witherspoon phosphor-network-manager[932]: Error in mapper call
Jul 12 21:38:56 witherspoon kernel[942]: [    1.900000] io scheduler noop registered
Jul 12 21:38:58 witherspoon systemd[1]: Started Phosphor Log Manager.
Jul 12 21:38:56 witherspoon kernel[942]: [    1.900000] io scheduler deadline registered
Jul 12 21:38:59 witherspoon systemd[1]: Started Avahi mDNS/DNS-SD Stack.
Jul 12 21:38:56 witherspoon kernel[942]: [    1.900000] io scheduler cfq registered (default)
Jul 12 21:38:59 witherspoon systemd[1]: Started OpenBMC Software Update Manager.
Jul 12 21:38:56 witherspoon kernel[942]: [    2.050000] ipmi-bt-host 1e789140.ibt: Found bt bmc device
Jul 12 21:38:56 witherspoon kernel[942]: [    2.050000] ipmi-bt-host 1e789140.ibt: Using IRQ 22
Jul 12 21:38:56 witherspoon kernel[942]: [    2.050000] Serial: 8250/16550 driver, 6 ports, IRQ sharing enabled
Jul 12 21:38:56 witherspoon kernel[942]: [    2.050000] 1e783000.serial: ttyS0 at MMIO 0x1e783000 (irq = 23, base_baud = 1500000) is a 16550A
Jul 12 21:38:56 witherspoon kernel[942]: [    2.050000] 1e78d000.serial: ttyS1 at MMIO 0x1e78d000 (irq = 24, base_baud = 1500000) is a 16550A
Jul 12 21:38:56 witherspoon kernel[942]: [    2.050000] 1e784000.serial: ttyS4 at MMIO 0x1e784000 (irq = 25, base_baud = 1500000) is a 16550A
Jul 12 21:38:56 witherspoon kernel[942]: [    2.400000] console [ttyS4] enabled
Jul 12 21:38:56 witherspoon kernel[942]: [    2.400000] 1e787000.vuart: ttyS2 at MMIO 0x1e787000 (irq = 22, base_baud = 1500000) is a 16550A
Jul 12 21:38:56 witherspoon kernel[942]: [    2.590000] timeriomem_rng 1e6e2078.hwrng: 32bits from 0xf00e2078 @ 1us
Jul 12 21:38:56 witherspoon kernel[942]: [    2.600000] random: fast init done
Jul 12 21:38:56 witherspoon kernel[942]: [    2.620000] brd: module loaded
Jul 12 21:38:56 witherspoon kernel[942]: [    2.650000] loop: module loaded
Jul 12 21:38:56 witherspoon kernel[942]: [    2.650000] aspeed-lpc-ctrl 1e789080.lpc-ctrl: Loaded at 0x98000000 (0x04000000)
Jul 12 21:38:59 witherspoon systemd[1]: Started Phosphor Inventory Manager.
Jul 12 21:38:56 witherspoon kernel[942]: [    2.680000] aspeed-smc 1e620000.flash-controller: Using IRQ 18
Jul 12 21:38:59 witherspoon systemd[1]: Starting Network Service...
Jul 12 21:38:56 witherspoon kernel[942]: [    2.680000] aspeed-smc 1e620000.flash-controller: DMA support disabled.
Jul 12 21:38:56 witherspoon kernel[942]: [    2.680000] aspeed-smc 1e620000.flash-controller: mx25l25635e (32768 Kbytes)
Jul 12 21:38:56 witherspoon kernel[942]: [    2.680000] aspeed-smc 1e620000.flash-controller: CE0 window [ 0x20000000 - 0x22000000 ] 32MB
Jul 12 21:38:56 witherspoon kernel[942]: [    2.710000] aspeed-smc 1e620000.flash-controller: CE1 window [ 0x22000000 - 0x2a000000 ] 128MB
Jul 12 21:38:56 witherspoon kernel[942]: [    2.710000] 5 ofpart partitions found on MTD device bmc
Jul 12 21:38:56 witherspoon kernel[942]: [    2.710000] Creating 5 MTD partitions on "bmc":
Jul 12 21:38:56 witherspoon kernel[942]: [    2.710000] 0x000000000000-0x000000060000 : "u-boot"
Jul 12 21:38:56 witherspoon kernel[942]: [    2.710000] 0x000000060000-0x000000080000 : "u-boot-env"
Jul 12 21:38:56 witherspoon kernel[942]: [    2.750000] 0x000000080000-0x0000004c0000 : "kernel"
Jul 12 21:38:56 witherspoon kernel[942]: [    2.750000] 0x0000004c0000-0x000001c00000 : "rofs"
Jul 12 21:38:56 witherspoon kernel[942]: [    2.770000] 0x000001c00000-0x000002000000 : "rwfs"
Jul 12 21:38:56 witherspoon kernel[942]: [    2.770000] aspeed-smc 1e620000.flash-controller: mx25l25635e (32768 Kbytes)
Jul 12 21:38:56 witherspoon kernel[942]: [    2.780000] aspeed-smc 1e620000.flash-controller: CE1 window [ 0x22000000 - 0x24000000 ] 32MB
Jul 12 21:38:56 witherspoon kernel[942]: [    2.780000] aspeed-smc 1e620000.flash-controller: CE2 window [ 0x24000000 - 0x2c000000 ] 128MB
Jul 12 21:38:56 witherspoon kernel[942]: [    2.810000] aspeed-smc 1e630000.flash-controller: mx66l1g45g (131072 Kbytes)
Jul 12 21:38:56 witherspoon kernel[942]: [    2.810000] aspeed-smc 1e630000.flash-controller: CE0 window resized to 120MB (AST2500 HW quirk)
Jul 12 21:38:56 witherspoon kernel[942]: [    2.820000] aspeed-smc 1e630000.flash-controller: CE0 window [ 0x30000000 - 0x37800000 ] 120MB
Jul 12 21:38:56 witherspoon kernel[942]: [    2.820000] aspeed-smc 1e630000.flash-controller: CE0 window too small for chip 128MB
Jul 12 21:38:56 witherspoon kernel[942]: [    2.820000] aspeed-smc 1e630000.flash-controller: CE1 window [ 0x37800000 - 0x38000000 ] 8MB
Jul 12 21:38:56 witherspoon kernel[942]: [    3.570000] libphy: Fixed MDIO Bus: probed
Jul 12 21:38:56 witherspoon kernel[942]: [    3.570000] ftgmac100 1e660000.ethernet: Read MAC address 70:e2:84:14:28:a9 from chip
Jul 12 21:39:00 witherspoon systemd[1]: Starting Phosphor User Manager...
Jul 12 21:38:56 witherspoon kernel[942]: [    3.570000] ftgmac100 1e660000.ethernet: Using NCSI interface
Jul 12 21:38:56 witherspoon kernel[942]: [    3.570000] ftgmac100 1e660000.ethernet eth0: irq 20, mapped at f0060000
Jul 12 21:38:56 witherspoon kernel[942]: [    3.570000] ehci_hcd: USB 2.0 'Enhanced' Host Controller (EHCI) Driver
Jul 12 21:38:56 witherspoon kernel[942]: [    3.570000] ehci-platform: EHCI generic platform driver
Jul 12 21:38:56 witherspoon kernel[942]: [    3.820000]  fsi0: can't read slave 00:00 -5
Jul 12 21:38:56 witherspoon kernel[942]: [    3.820000] i2c /dev entries driver
Jul 12 21:38:56 witherspoon kernel[942]: [    3.820000] aspeed-i2c-bus 1e78a0c0.i2c-bus: i2c bus 2 registered, irq 26
Jul 12 21:38:56 witherspoon kernel[942]: [    3.820000] aspeed-i2c-bus 1e78a100.i2c-bus: i2c bus 3 registered, irq 27
Jul 12 21:38:56 witherspoon kernel[942]: [    3.820000] aspeed-i2c-bus 1e78a140.i2c-bus: i2c bus 4 registered, irq 28
Jul 12 21:38:56 witherspoon kernel[942]: [    3.820000] aspeed-i2c-bus 1e78a180.i2c-bus: i2c bus 5 registered, irq 29
Jul 12 21:38:56 witherspoon kernel[942]: [    3.820000] aspeed-i2c-bus 1e78a380.i2c-bus: i2c bus 9 registered, irq 30
Jul 12 21:38:56 witherspoon kernel[942]: [    3.820000] aspeed-i2c-bus 1e78a3c0.i2c-bus: i2c bus 10 registered, irq 31
Jul 12 21:38:56 witherspoon kernel[942]: [    3.820000] rtc-rv8803 11-0032: Voltage low, temperature compensation stopped.
Jul 12 21:38:56 witherspoon kernel[942]: [    3.920000] rtc-rv8803 11-0032: rtc core: registered rx8900 as rtc0
Jul 12 21:38:56 witherspoon kernel[942]: [    3.920000] at24 11-0051: 8192 byte 24c64 EEPROM, writable, 1 bytes/write
Jul 12 21:38:56 witherspoon kernel[942]: [    3.920000] aspeed-i2c-bus 1e78a400.i2c-bus: i2c bus 11 registered, irq 32
Jul 12 21:38:56 witherspoon kernel[942]: [    3.920000] aspeed-i2c-bus 1e78a440.i2c-bus: i2c bus 12 registered, irq 33
Jul 12 21:38:56 witherspoon kernel[942]: [    3.920000] aspeed-i2c-bus 1e78a480.i2c-bus: i2c bus 13 registered, irq 34
Jul 12 21:38:56 witherspoon kernel[942]: [    3.920000] Driver for 1-wire Dallas network protocol.
Jul 12 21:38:56 witherspoon kernel[942]: [    3.920000] lm75 9-004a: hwmon0: sensor 'tmp275'
Jul 12 21:38:56 witherspoon kernel[942]: [    4.020000] random: crng init done
Jul 12 21:38:56 witherspoon kernel[942]: [    4.390000] ucd9000 11-0064: Device ID UCD90160|2.3.4.0000|110603
Jul 12 21:38:56 witherspoon kernel[942]: [    4.720000] leds-pca955x 11-0060: leds-pca955x: Using pca9552 16-bit LED driver at slave address 0x60
Jul 12 21:38:56 witherspoon kernel[942]: [    4.730000] leds-pca955x 11-0060: gpios 264...279
Jul 12 21:38:56 witherspoon kernel[942]: [    4.740000] usbcore: registered new interface driver usbhid
Jul 12 21:38:56 witherspoon kernel[942]: [    4.740000] usbhid: USB HID core driver
Jul 12 21:38:56 witherspoon kernel[942]: [    4.750000] bmp280: probe of 3-0077 failed with error -5
Jul 12 21:38:56 witherspoon kernel[942]: [    4.770000] dps310 3-0076: iio:device1: sensor 'dps310'
Jul 12 21:38:56 witherspoon kernel[942]: [    4.780000] NET: Registered protocol family 10
Jul 12 21:38:56 witherspoon kernel[942]: [    4.780000] Segment Routing with IPv6
Jul 12 21:38:56 witherspoon kernel[942]: [    4.780000] NET: Registered protocol family 17
Jul 12 21:38:56 witherspoon kernel[942]: [    4.790000] 8021q: 802.1Q VLAN Support v1.8
Jul 12 21:38:56 witherspoon kernel[942]: [    4.790000] console [netcon0] enabled
Jul 12 21:38:56 witherspoon kernel[942]: [    4.790000] netconsole: network logging started
Jul 12 21:38:56 witherspoon kernel[942]: [    4.790000] input: gpio-keys as /devices/platform/gpio-keys/input/input0
Jul 12 21:38:56 witherspoon kernel[942]: [    4.820000] rtc-rv8803 11-0032: setting system clock to 2017-07-12 21:38:27 UTC (1499895507)
Jul 12 21:38:56 witherspoon kernel[942]: [    4.830000] Freeing unused kernel memory: 284K
Jul 12 21:38:56 witherspoon kernel[942]: [    4.830000] This architecture does not have kernel memory protection.
Jul 12 21:38:56 witherspoon kernel[942]: [    6.380000] jffs2: notice: (515) jffs2_build_xattr_subsystem: complete building xattr subsystem, 0 of xdatum (0 unchecked, 0 orphan) and 0 of xref (0 dead, 0 orphan) found.
Jul 12 21:38:56 witherspoon kernel[942]: [    8.620000] systemd[1]: Failed to insert module 'autofs4': No such file or directory
Jul 12 21:38:56 witherspoon kernel[942]: [    8.820000] systemd[1]: systemd 232 running in system mode. (+PAM -AUDIT -SELINUX -IMA -APPARMOR -SMACK +SYSVINIT -UTMP -LIBCRYPTSETUP -GCRYPT -GNUTLS +ACL +XZ -LZ4 -SECCOMP +BLKID -ELFUTILS +KMOD -IDN)
Jul 12 21:38:56 witherspoon kernel[942]: [    8.820000] systemd[1]: Detected architecture arm.
Jul 12 21:38:56 witherspoon kernel[942]: [    8.910000] systemd[1]: Set hostname to <witherspoon>.
Jul 12 21:38:56 witherspoon kernel[942]: [   10.680000] systemd[1]: Started Dispatch Password Requests to Console Directory Watch.
Jul 12 21:38:56 witherspoon kernel[942]: [   11.010000] systemd[1]: Listening on Syslog Socket.
Jul 12 21:38:56 witherspoon kernel[942]: [   11.190000] systemd[1]: Listening on Network Service Netlink Socket.
Jul 12 21:38:56 witherspoon kernel[942]: [   11.370000] systemd[1]: Listening on Journal Socket.
Jul 12 21:38:56 witherspoon kernel[942]: [   11.560000] systemd[1]: Listening on Journal Socket (/dev/log).
Jul 12 21:38:56 witherspoon kernel[942]: [   11.760000] systemd[1]: Reached target Remote File Systems.
Jul 12 21:38:56 witherspoon kernel[942]: [   11.960000] systemd[1]: Listening on udev Kernel Socket.
Jul 12 21:38:56 witherspoon kernel[942]: [   13.830000] systemd[1]: Created slice system-obmc\x2dled\x2dgroup\x2dstart.slice.
Jul 12 21:38:56 witherspoon kernel[942]: [   14.090000] systemd[1]: Created slice system-org.openbmc.control.Chassis.slice.
Jul 12 21:38:56 witherspoon kernel[942]: [   14.360000] systemd[1]: Created slice system-phosphor\x2dcooling\x2dtype.slice.
Jul 12 21:38:56 witherspoon kernel[942]: [   14.640000] systemd[1]: Created slice system-org.openbmc.buttons.reset.slice.
Jul 12 21:38:56 witherspoon kernel[942]: [   14.920000] systemd[1]: Created slice system-phosphor\x2dreset\x2dhost\x2dcheck.slice.
Jul 12 21:38:56 witherspoon kernel[942]: [   15.210000] systemd[1]: Created slice system-phosphor\x2dreset\x2dhost\x2drunning.slice.
Jul 12 21:38:56 witherspoon kernel[942]: [   15.510000] systemd[1]: Created slice system-phosphor\x2ddiscover\x2dsystem\x2dstate.slice.
Jul 12 21:38:56 witherspoon kernel[942]: [   15.810000] systemd[1]: Reached target Slices.
Jul 12 21:38:56 witherspoon kernel[942]: [   16.120000] systemd[1]: Created slice system-org.openbmc.control.Power.slice.
Jul 12 21:38:56 witherspoon kernel[942]: [   16.440000] systemd[1]: Created slice system-serial\x2dgetty.slice.
Jul 12 21:38:56 witherspoon kernel[942]: [   18.840000] systemd[1]: Starting Journal Service...
Jul 12 21:38:56 witherspoon kernel[942]: [   19.210000] systemd[1]: Starting udev Coldplug all Devices...
Jul 12 21:38:56 witherspoon kernel[942]: [   19.590000] systemd[1]: Mounting Temporary Directory...
Jul 12 21:38:56 witherspoon kernel[942]: [   19.590000] systemd[1]: Starting Remount Root and Kernel File Systems...
Jul 12 21:38:56 witherspoon kernel[942]: [   19.590000] systemd[1]: Created slice system-org.openbmc.control.Bmc.slice.
Jul 12 21:38:56 witherspoon kernel[942]: [   19.970000] systemd[1]: Created slice system-org.openbmc.buttons.Power.slice.
Jul 12 21:39:00 witherspoon systemd[1]: Started Phosphor sysfs LED controller.
Jul 12 21:38:56 witherspoon kernel[942]: [   20.220000] systemd[1]: Mounted Debug File System.
Jul 12 21:39:00 witherspoon systemd[1]: Started Phosphor sysfs LED controller.
Jul 12 21:38:56 witherspoon kernel[942]: [   20.260000] systemd[1]: Mounted Temporary Directory.
Jul 12 21:38:56 witherspoon kernel[942]: [   20.260000] systemd[1]: Started Journal Service.
Jul 12 21:38:56 witherspoon kernel[942]: [   20.920000] systemd-journald[538]: Received request to flush runtime journal from PID 1
Jul 12 21:38:57 witherspoon avahi-daemon[936]: Successfully called chroot().
Jul 12 21:38:57 witherspoon avahi-daemon[936]: Successfully dropped remaining capabilities.
Jul 12 21:38:57 witherspoon avahi-daemon[936]: Loading service file /services/obmc_console.service.
Jul 12 21:38:57 witherspoon avahi-daemon[936]: Loading service file /services/phosphor_rest.service.
Jul 12 21:38:57 witherspoon avahi-daemon[936]: Loading service file /services/sftp-ssh.service.
Jul 12 21:38:57 witherspoon avahi-daemon[936]: Loading service file /services/sftp.service.
Jul 12 21:38:57 witherspoon avahi-daemon[936]: Loading service file /services/ssh.service.
Jul 12 21:38:57 witherspoon avahi-daemon[936]: Network interface enumeration completed.
Jul 12 21:38:57 witherspoon avahi-daemon[936]: Server startup complete. Host name is witherspoon.local. Local service cookie is 4068160612.
Jul 12 21:38:57 witherspoon avahi-daemon[936]: Service "witherspoon" (/services/ssh.service) successfully established.
Jul 12 21:38:57 witherspoon avahi-daemon[936]: Service "sftp" (/services/sftp.service) successfully established.
Jul 12 21:38:57 witherspoon avahi-daemon[936]: Service "witherspoon" (/services/sftp-ssh.service) successfully established.
Jul 12 21:38:57 witherspoon avahi-daemon[936]: Service "phosphor_rest" (/services/phosphor_rest.service) successfully established.
Jul 12 21:38:57 witherspoon avahi-daemon[936]: Service "obmc_console" (/services/obmc_console.service) successfully established.
Jul 12 21:38:59 witherspoon dbus[948]: [system] Activating via systemd: service name='org.freedesktop.hostname1' unit='dbus-org.freedesktop.hostname1.service'
Jul 12 21:39:02 witherspoon avahi-daemon[936]: Joining mDNS multicast group on interface eth0.IPv4 with address 9.3.21.61.
Jul 12 21:39:01 witherspoon systemd[1]: Starting Phosphor IPMI BT DBus Bridge...
Jul 12 21:39:02 witherspoon avahi-daemon[936]: New relevant interface eth0.IPv4 for mDNS.
Jul 12 21:39:01 witherspoon systemd[1]: Starting Phosphor Inventory Manager...
Jul 12 21:39:02 witherspoon avahi-daemon[936]: Registering new address record for 9.3.21.61 on eth0.IPv4.
Jul 12 21:39:01 witherspoon systemd-networkd[953]: Could not create runtime directory: File exists
Jul 12 21:39:04 witherspoon avahi-daemon[936]: Joining mDNS multicast group on interface eth0.IPv6 with address fe80::72e2:84ff:fe14:28a9.
Jul 12 21:39:01 witherspoon systemd-networkd[953]: Could not create runtime directory 'links': File exists
Jul 12 21:39:04 witherspoon avahi-daemon[936]: New relevant interface eth0.IPv6 for mDNS.
Jul 12 21:39:01 witherspoon systemd-networkd[953]: Could not create runtime directory 'leases': File exists
Jul 12 21:39:04 witherspoon avahi-daemon[936]: Registering new address record for fe80::72e2:84ff:fe14:28a9 on eth0.*.
Jul 12 21:39:01 witherspoon systemd[1]: Started Phosphor MBOX Daemon.
Jul 12 21:39:01 witherspoon systemd[1]: Starting Clear one time boot overrides...
Jul 12 21:39:01 witherspoon systemd[1]: Starting Phosphor DBus Service Discovery Manager...
Jul 12 21:39:01 witherspoon systemd[1]: Started Phosphor Hwmon Poller.
Jul 12 21:39:01 witherspoon systemd[1]: Started Phosphor Hwmon Poller.
Jul 12 21:39:06 witherspoon kernel: ftgmac100 1e660000.ethernet eth0: NCSI interface up
Jul 12 21:39:05 witherspoon kernel[942]: [   42.990000] ftgmac100 1e660000.ethernet eth0: NCSI interface up
Jul 12 21:39:01 witherspoon systemd[1]: Started Phosphor Hwmon Poller.
Jul 12 21:39:01 witherspoon systemd-networkd[953]: Enumeration completed
Jul 12 21:39:06 witherspoon phosphor-hwmon-readd[972]: Usage: /usr/sbin/phosphor-hwmon-readd [options]
Jul 12 21:39:06 witherspoon phosphor-hwmon-readd[972]: Options:
Jul 12 21:39:06 witherspoon phosphor-hwmon-readd[972]:     --help               print this menu
Jul 12 21:39:06 witherspoon phosphor-hwmon-readd[972]:     --path=<path>        sysfs location to monitor
Jul 12 21:39:06 witherspoon phosphor-hwmon-readd[972]:     --of-name=<path>     open firmware device name to monitor
Jul 12 21:39:06 witherspoon phosphor-hwmon-readd[972]: ERROR: Path not specified or invalid.
Jul 12 21:39:02 witherspoon systemd[1]: Starting Phosphor Dump Manager...
Jul 12 21:39:02 witherspoon systemd[1]: Starting OpenPower Software Update Manager...
Jul 12 21:39:02 witherspoon systemd-networkd[953]: eth0: IPv6 enabled for interface: Success
Jul 12 21:39:02 witherspoon systemd-networkd[953]: eth0: Gained carrier
Jul 12 21:39:06 witherspoon phosphor-hwmon-readd[982]: Usage: /usr/sbin/phosphor-hwmon-readd [options]
Jul 12 21:39:06 witherspoon phosphor-hwmon-readd[982]: Options:
Jul 12 21:39:06 witherspoon phosphor-hwmon-readd[982]:     --help               print this menu
Jul 12 21:39:06 witherspoon phosphor-hwmon-readd[982]:     --path=<path>        sysfs location to monitor
Jul 12 21:39:06 witherspoon phosphor-hwmon-readd[982]:     --of-name=<path>     open firmware device name to monitor
Jul 12 21:39:06 witherspoon phosphor-hwmon-readd[982]: ERROR: Path not specified or invalid.
Jul 12 21:39:02 witherspoon systemd-timesyncd[894]: Network configuration changed, trying to establish connection.
Jul 12 21:39:02 witherspoon systemd[1]: Started Network Service.
Jul 12 21:39:03 witherspoon systemd[1]: xyz.openbmc_project.Hwmon@ahb-apb-i2c\x401e78a000-i2c\x2dbus\x40100-dps310\x4076.service: Main process exited, code=exited, status=255/n/a
Jul 12 21:39:06 witherspoon phosphor-hwmon-readd[989]: Usage: /usr/sbin/phosphor-hwmon-readd [options]
Jul 12 21:39:06 witherspoon phosphor-hwmon-readd[989]: Options:
Jul 12 21:39:06 witherspoon phosphor-hwmon-readd[989]:     --help               print this menu
Jul 12 21:39:06 witherspoon phosphor-hwmon-readd[989]:     --path=<path>        sysfs location to monitor
Jul 12 21:39:06 witherspoon phosphor-hwmon-readd[989]:     --of-name=<path>     open firmware device name to monitor
Jul 12 21:39:06 witherspoon phosphor-hwmon-readd[989]: ERROR: Path not specified or invalid.
Jul 12 21:39:03 witherspoon systemd[1]: xyz.openbmc_project.Hwmon@ahb-apb-i2c\x401e78a000-i2c\x2dbus\x40100-dps310\x4076.service: Unit entered failed state.
Jul 12 21:39:03 witherspoon systemd[1]: xyz.openbmc_project.Hwmon@ahb-apb-i2c\x401e78a000-i2c\x2dbus\x40100-dps310\x4076.service: Failed with result 'exit-code'.
Jul 12 21:39:03 witherspoon systemd[1]: Started Clear one time boot overrides.
Jul 12 21:39:03 witherspoon systemd[1]: Started Phosphor LED Group Management Daemon.
Jul 12 21:39:03 witherspoon systemd[1]: xyz.openbmc_project.Hwmon@ahb-apb-i2c\x401e78a000-i2c\x2dbus\x40100-dps310\x4076.service: Service hold-off time over, scheduling restart.
Jul 12 21:39:03 witherspoon systemd[1]: Started Phosphor BMC0 Control.
Jul 12 21:39:03 witherspoon systemd[1]: Stopped Phosphor Hwmon Poller.
Jul 12 21:39:03 witherspoon systemd[1]: Started Phosphor Hwmon Poller.
Jul 12 21:39:03 witherspoon systemd[1]: Starting Hostname Service...
Jul 12 21:39:03 witherspoon systemd[1]: Reached target Network.
Jul 12 21:39:03 witherspoon systemd[973]: systemd-hostnamed.service: Failed at step NETWORK spawning /lib/systemd/systemd-hostnamed: Invalid argument
Jul 12 21:39:03 witherspoon systemd[1]: Started Lightweight SLP Server.
Jul 12 21:39:03 witherspoon systemd[1]: Starting Permit User Sessions...
Jul 12 21:39:03 witherspoon systemd[1]: systemd-hostnamed.service: Main process exited, code=exited, status=225/NETWORK
Jul 12 21:39:03 witherspoon systemd[1]: Failed to start Hostname Service.
Jul 12 21:39:03 witherspoon systemd[1]: systemd-hostnamed.service: Unit entered failed state.
Jul 12 21:39:03 witherspoon systemd[1]: systemd-hostnamed.service: Failed with result 'exit-code'.
Jul 12 21:39:03 witherspoon systemd[1]: Started Phosphor IPMI BT DBus Bridge.
Jul 12 21:39:03 witherspoon systemd[1]: xyz.openbmc_project.Hwmon@ahb-apb-i2c\x401e78a000-i2c\x2dbus\x40100-dps310\x4076.service: Main process exited, code=exited, status=255/n/a
Jul 12 21:39:03 witherspoon systemd[1]: xyz.openbmc_project.Hwmon@ahb-apb-i2c\x401e78a000-i2c\x2dbus\x40100-dps310\x4076.service: Unit entered failed state.
Jul 12 21:39:03 witherspoon systemd[1]: xyz.openbmc_project.Hwmon@ahb-apb-i2c\x401e78a000-i2c\x2dbus\x40100-dps310\x4076.service: Failed with result 'exit-code'.
Jul 12 21:39:03 witherspoon systemd[1]: Started Permit User Sessions.
Jul 12 21:39:03 witherspoon systemd[1]: Started Serial Getty on ttyS4.
Jul 12 21:39:04 witherspoon systemd[1]: Reached target Login Prompts.
Jul 12 21:39:04 witherspoon systemd[1]: Reached target Multi-User System.
Jul 12 21:39:04 witherspoon systemd[1]: xyz.openbmc_project.Hwmon@ahb-apb-i2c\x401e78a000-i2c\x2dbus\x40100-dps310\x4076.service: Service hold-off time over, scheduling restart.
Jul 12 21:39:08 witherspoon phosphor-hwmon-readd[991]: Usage: /usr/sbin/phosphor-hwmon-readd [options]
Jul 12 21:39:08 witherspoon phosphor-hwmon-readd[991]: Options:
Jul 12 21:39:08 witherspoon phosphor-hwmon-readd[991]:     --help               print this menu
Jul 12 21:39:08 witherspoon phosphor-hwmon-readd[991]:     --path=<path>        sysfs location to monitor
Jul 12 21:39:08 witherspoon phosphor-hwmon-readd[991]:     --of-name=<path>     open firmware device name to monitor
Jul 12 21:39:08 witherspoon phosphor-hwmon-readd[991]: ERROR: Path not specified or invalid.
Jul 12 21:39:04 witherspoon systemd[1]: Stopped Phosphor Hwmon Poller.
Jul 12 21:39:04 witherspoon systemd[1]: Started Phosphor Hwmon Poller.
Jul 12 21:39:04 witherspoon systemd[1]: Started Phosphor Dump Manager.
Jul 12 21:39:04 witherspoon systemd[1]: Started OpenPower Software Update Manager.
Jul 12 21:39:04 witherspoon systemd[1]: Starting Phosphor Version Software Manager...
Jul 12 21:39:04 witherspoon systemd-networkd[953]: eth0: Gained IPv6LL
Jul 12 21:39:04 witherspoon systemd[1]: xyz.openbmc_project.Hwmon@ahb-apb-i2c\x401e78a000-i2c\x2dbus\x40100-dps310\x4076.service: Main process exited, code=exited, status=255/n/a
Jul 12 21:39:05 witherspoon systemd[1]: xyz.openbmc_project.Hwmon@ahb-apb-i2c\x401e78a000-i2c\x2dbus\x40100-dps310\x4076.service: Unit entered failed state.
Jul 12 21:39:05 witherspoon systemd[1]: xyz.openbmc_project.Hwmon@ahb-apb-i2c\x401e78a000-i2c\x2dbus\x40100-dps310\x4076.service: Failed with result 'exit-code'.
Jul 12 21:39:05 witherspoon systemd[1]: xyz.openbmc_project.Hwmon@ahb-apb-i2c\x401e78a000-i2c\x2dbus\x40100-dps310\x4076.service: Service hold-off time over, scheduling restart.
Jul 12 21:39:05 witherspoon systemd[1]: Stopped Phosphor Hwmon Poller.
Jul 12 21:39:05 witherspoon systemd[1]: Started Phosphor Hwmon Poller.
Jul 12 21:39:06 witherspoon systemd[1]: xyz.openbmc_project.Hwmon@ahb-apb-i2c\x401e78a000-i2c\x2dbus\x40100-dps310\x4076.service: Main process exited, code=exited, status=255/n/a
Jul 12 21:39:06 witherspoon systemd[1]: xyz.openbmc_project.Hwmon@ahb-apb-i2c\x401e78a000-i2c\x2dbus\x40100-dps310\x4076.service: Unit entered failed state.
Jul 12 21:39:06 witherspoon systemd[1]: xyz.openbmc_project.Hwmon@ahb-apb-i2c\x401e78a000-i2c\x2dbus\x40100-dps310\x4076.service: Failed with result 'exit-code'.
Jul 12 21:39:06 witherspoon systemd[1]: Started Phosphor Version Software Manager.
Jul 12 21:39:07 witherspoon systemd[1]: xyz.openbmc_project.Hwmon@ahb-apb-i2c\x401e78a000-i2c\x2dbus\x40100-dps310\x4076.service: Service hold-off time over, scheduling restart.
Jul 12 21:39:07 witherspoon systemd[1]: Stopped Phosphor Hwmon Poller.
Jul 12 21:39:07 witherspoon systemd[1]: Started Phosphor Hwmon Poller.
Jul 12 21:39:08 witherspoon systemd[1]: xyz.openbmc_project.Hwmon@ahb-apb-i2c\x401e78a000-i2c\x2dbus\x40100-dps310\x4076.service: Main process exited, code=exited, status=255/n/a
Jul 12 21:39:08 witherspoon systemd[1]: xyz.openbmc_project.Hwmon@ahb-apb-i2c\x401e78a000-i2c\x2dbus\x40100-dps310\x4076.service: Unit entered failed state.
Jul 12 21:39:08 witherspoon systemd[1]: xyz.openbmc_project.Hwmon@ahb-apb-i2c\x401e78a000-i2c\x2dbus\x40100-dps310\x4076.service: Failed with result 'exit-code'.
Jul 12 21:39:09 witherspoon phosphor-hwmon-readd[993]: Usage: /usr/sbin/phosphor-hwmon-readd [options]
Jul 12 21:39:09 witherspoon phosphor-hwmon-readd[993]: Options:
Jul 12 21:39:09 witherspoon phosphor-hwmon-readd[993]:     --help               print this menu
Jul 12 21:39:09 witherspoon phosphor-hwmon-readd[993]:     --path=<path>        sysfs location to monitor
Jul 12 21:39:09 witherspoon phosphor-hwmon-readd[993]:     --of-name=<path>     open firmware device name to monitor
Jul 12 21:39:09 witherspoon phosphor-hwmon-readd[993]: ERROR: Path not specified or invalid.
Jul 12 21:39:08 witherspoon systemd[1]: xyz.openbmc_project.Hwmon@ahb-apb-i2c\x401e78a000-i2c\x2dbus\x40100-dps310\x4076.service: Service hold-off time over, scheduling restart.
Jul 12 21:39:08 witherspoon systemd[1]: Stopped Phosphor Hwmon Poller.
Jul 12 21:39:08 witherspoon systemd[1]: Started Phosphor Hwmon Poller.
Jul 12 21:39:08 witherspoon systemd[1]: xyz.openbmc_project.Hwmon@ahb-apb-i2c\x401e78a000-i2c\x2dbus\x40100-dps310\x4076.service: Main process exited, code=exited, status=255/n/a
Jul 12 21:39:08 witherspoon systemd[1]: xyz.openbmc_project.Hwmon@ahb-apb-i2c\x401e78a000-i2c\x2dbus\x40100-dps310\x4076.service: Unit entered failed state.
Jul 12 21:39:08 witherspoon systemd[1]: xyz.openbmc_project.Hwmon@ahb-apb-i2c\x401e78a000-i2c\x2dbus\x40100-dps310\x4076.service: Failed with result 'exit-code'.
Jul 12 21:39:09 witherspoon systemd[1]: xyz.openbmc_project.Hwmon@ahb-apb-i2c\x401e78a000-i2c\x2dbus\x40100-dps310\x4076.service: Service hold-off time over, scheduling restart.
Jul 12 21:39:09 witherspoon systemd[1]: Stopped Phosphor Hwmon Poller.
Jul 12 21:39:09 witherspoon systemd[1]: xyz.openbmc_project.Hwmon@ahb-apb-i2c\x401e78a000-i2c\x2dbus\x40100-dps310\x4076.service: Start request repeated too quickly.
Jul 12 21:39:09 witherspoon systemd[1]: Failed to start Phosphor Hwmon Poller.
Jul 12 21:39:09 witherspoon systemd[1]: xyz.openbmc_project.Hwmon@ahb-apb-i2c\x401e78a000-i2c\x2dbus\x40100-dps310\x4076.service: Unit entered failed state.
Jul 12 21:39:09 witherspoon systemd[1]: xyz.openbmc_project.Hwmon@ahb-apb-i2c\x401e78a000-i2c\x2dbus\x40100-dps310\x4076.service: Failed with result 'exit-code'.
Jul 12 21:39:13 witherspoon systemd[1]: Created slice system-dropbear.slice.
Jul 12 21:39:13 witherspoon systemd[1]: Started SSH Per-Connection Server (9.41.165.94:49328).
Jul 12 21:39:14 witherspoon dropbear[996]: Failed loading /etc/dropbear/dropbear_dss_host_key
Jul 12 21:39:14 witherspoon dropbear[996]: Failed loading /etc/dropbear/dropbear_ecdsa_host_key
Jul 12 21:39:14 witherspoon dropbear[996]: Child connection from ::ffff:9.41.165.94:49328
Jul 12 21:39:17 witherspoon systemd-networkd[953]: eth0: Configured
Jul 12 21:39:17 witherspoon systemd-timesyncd[894]: Network configuration changed, trying to establish connection.
Jul 12 21:39:19 witherspoon dropbear[996]: PAM password auth succeeded for 'root' from ::ffff:9.41.165.94:49328
Jul 12 21:39:19 witherspoon dropbear[997]: lastlog_perform_login: Couldn't stat /var/log/lastlog: No such file or directory
Jul 12 21:39:19 witherspoon dropbear[997]: lastlog_openseek: /var/log/lastlog is not a file or directory!
Jul 12 21:39:24 witherspoon phosphor-network-manager[932]: Failed to get hostname
Jul 12 21:39:24 witherspoon phosphor-network-manager[932]: The operation failed internally.
Jul 12 21:39:24 witherspoon obmc-phosphor-userd[955]: Started
Jul 12 21:39:24 witherspoon systemd[1]: Started Phosphor User Manager.
Jul 12 21:39:24 witherspoon dbus[948]: [system] Failed to activate service 'org.freedesktop.hostname1': timed out
Jul 12 21:39:25 witherspoon phosphor-network-manager[932]: Error in mapper call
Jul 12 21:39:25 witherspoon chassis_control.py[945]: Running ChassisControlService
Jul 12 21:39:25 witherspoon sensor_manager2.py[937]: Setting boot count to 3
Jul 12 21:39:25 witherspoon sensor_manager2.py[937]: Deleting OCC device
Jul 12 21:39:25 witherspoon netman.py[935]: Started
Jul 12 21:39:25 witherspoon systemd[1]: Started Phosphor Network Manager.
Jul 12 21:39:25 witherspoon download_manager.py[944]: Running Download Manager
Jul 12 21:39:25 witherspoon systemd[1]: Started Phosphor Download Manager.
Jul 12 21:39:25 witherspoon systemd[1]: Started Phosphor Chassis0 Control.
Jul 12 21:39:25 witherspoon systemd[1]: Started Phosphor Network Manager.
Jul 12 21:39:25 witherspoon sensor_manager2.py[937]: sh: /sys/class/i2c-adapter/i2c-3/3-0050/online: No such file or directory
Jul 12 21:39:25 witherspoon sensor_manager2.py[937]: Deleting OCC device
Jul 12 21:39:25 witherspoon sensor_manager2.py[937]: sh: /sys/class/i2c-adapter/i2c-3/3-0050/online: No such file or directory
Jul 12 21:39:25 witherspoon sensor_manager2.py[937]: Starting sensor manager
Jul 12 21:39:25 witherspoon systemd[1]: Started Phosphor Sensor Manager.
Jul 12 21:39:26 witherspoon inventory_items.py[959]: Loading from cache: /var/cache/obmc/org.openbmc.inventory.system.chassis.motherboard.apss@org.openbmc.InventoryItem.props
Jul 12 21:39:26 witherspoon inventory_items.py[959]: Loading from cache: /var/cache/obmc/org.openbmc.inventory.system.chassis.motherboard@org.openbmc.InventoryItem.props
Jul 12 21:39:26 witherspoon phosphor-mapper[962]: ObjectMapper startup complete.  Discovery in progress...
Jul 12 21:39:26 witherspoon avahi-daemon[949]: ../../avahi-0.6.32/avahi-daemon/chroot.c: open() failed: No such file or directory
Jul 12 21:39:26 witherspoon avahi-daemon[936]: Failed to open /usr/share/dbus-1/interfaces/org.freedesktop.Avahi.Server.xml: Invalid argument
Jul 12 21:39:26 witherspoon avahi-daemon[936]: Failed to load introspection data.
Jul 12 21:39:27 witherspoon inventory_items.py[959]: Loading from cache: /var/cache/obmc/org.openbmc.inventory.system.chassis.motherboard.refclock@org.openbmc.InventoryItem.props
Jul 12 21:39:27 witherspoon inventory_items.py[959]: Loading from cache: /var/cache/obmc/org.openbmc.inventory.system.chassis.motherboard.todclock@org.openbmc.InventoryItem.props
Jul 12 21:39:27 witherspoon inventory_items.py[959]: Loading from cache: /var/cache/obmc/org.openbmc.inventory.system.chassis.motherboard.bmc@org.openbmc.InventoryItem.props
Jul 12 21:39:27 witherspoon inventory_items.py[959]: Caching: /org/openbmc/inventory/system/chassis/motherboard/bmc
Jul 12 21:39:28 witherspoon inventory_items.py[959]: Loading from cache: /var/cache/obmc/org.openbmc.inventory.system.chassis.motherboard.pcieclock@org.openbmc.InventoryItem.props
Jul 12 21:39:28 witherspoon inventory_items.py[959]: Running Inventory Manager
Jul 12 21:39:28 witherspoon systemd[1]: Started Phosphor Inventory Manager.
Jul 12 21:39:41 witherspoon phosphor-mapper[962]: ObjectMapper discovery complete
Jul 12 21:39:41 witherspoon systemd[1]: Started Phosphor DBus Service Discovery Manager.
Jul 12 21:39:41 witherspoon systemd[1]: Reached target Phosphor Object Mapper.
Jul 12 21:39:41 witherspoon systemd[1]: Starting Wait for /xyz/openbmc_project/control/host0...
Jul 12 21:39:41 witherspoon systemd[1]: Starting Wait for /xyz/openbmc_project/led/groups...
Jul 12 21:39:41 witherspoon systemd[1]: Starting Wait for /org/openbmc/managers/Download...
Jul 12 21:39:41 witherspoon systemd[1]: Starting Wait for /org/openbmc/managers/System...
Jul 12 21:39:41 witherspoon systemd[1]: Starting Wait for /org/openbmc/control/bmc0...
Jul 12 21:39:41 witherspoon systemd[1]: Starting Wait for /org/openbmc/control/flash/bios...
Jul 12 21:39:41 witherspoon systemd[1]: Started Phosphor DBus Monitor.
Jul 12 21:39:41 witherspoon systemd[1]: Starting Wait for /org/openbmc/NetworkManager/Interface...
Jul 12 21:39:41 witherspoon systemd[1]: Reached target Webserver (pre).
Jul 12 21:39:41 witherspoon systemd[1]: Started Phosphor Webserver.
Jul 12 21:39:41 witherspoon systemd[1]: Starting Wait for /org/openbmc/sensors...
Jul 12 21:39:41 witherspoon systemd[1]: Starting Wait for /org/openbmc/control/power0...
Jul 12 21:39:41 witherspoon systemd[1]: Starting Wait for /xyz/openbmc_project/state/chassis0...
Jul 12 21:39:41 witherspoon systemd[1]: Starting Wait for /xyz/openbmc_project/inventory...
Jul 12 21:39:41 witherspoon systemd[1]: Starting Wait for /xyz/openbmc_project/led/groups/bmc_booted...
Jul 12 21:39:41 witherspoon systemd[1]: Starting Phosphor Settings Manager...
Jul 12 21:39:42 witherspoon systemd[1]: Starting Phoshpor System Manager...
Jul 12 21:39:42 witherspoon systemd[1]: Starting Wait for /xyz/openbmc_project/state/host0...
Jul 12 21:39:46 witherspoon systemd[1]: Started Wait for /xyz/openbmc_project/led/groups/bmc_booted.
Jul 12 21:39:46 witherspoon systemd[1]: Starting Assert bmc_booted LED...
Jul 12 21:39:46 witherspoon systemd[1]: Started Wait for /org/openbmc/managers/Download.
Jul 12 21:39:46 witherspoon systemd[1]: Starting Phosphor BIOS Code Update...
Jul 12 21:39:46 witherspoon systemd[1]: Started Wait for /xyz/openbmc_project/led/groups.
Jul 12 21:39:46 witherspoon systemd[1]: Started FRU Fault monitor service.
Jul 12 21:39:46 witherspoon systemd[1]: Started Wait for /org/openbmc/NetworkManager/Interface.
Jul 12 21:39:46 witherspoon systemd[1]: Started Phosphor DNS Settings Cache Manager.
Jul 12 21:39:46 witherspoon systemd[1]: Started Wait for /org/openbmc/sensors.
Jul 12 21:39:46 witherspoon systemd[1]: Started Phosphor Hwmon Poller.
Jul 12 21:39:46 witherspoon systemd[1]: Started Wait for /xyz/openbmc_project/inventory.
Jul 12 21:39:47 witherspoon systemd[1]: Started Phosphor Cooling Type.
Jul 12 21:39:47 witherspoon systemd[1]: Starting OpenPOWER OCC controller...
Jul 12 21:39:47 witherspoon systemd[1]: Starting Read OpenPOWER-format VPD from EEPROM...
Jul 12 21:39:47 witherspoon systemd[1]: Started Wait for /org/openbmc/control/bmc0.
Jul 12 21:39:47 witherspoon systemd[1]: Started Assert bmc_booted LED.
Jul 12 21:39:47 witherspoon systemd[1]: Starting Phosphor BMC Code Update...
Jul 12 21:39:48 witherspoon systemd[1]: Started Phosphor BIOS Code Update.
Jul 12 21:39:51 witherspoon systemd[1]: Started Wait for /org/openbmc/control/flash/bios.
Jul 12 21:39:51 witherspoon systemd[1]: Started Initialize BIOS Flash.
Jul 12 21:39:53 witherspoon systemd[1]: Started OpenPOWER OCC controller.
Jul 12 21:39:54 witherspoon settings_manager.py[1019]: Running HostSettingsService
Jul 12 21:39:54 witherspoon systemd[1]: Started Phosphor Settings Manager.
Jul 12 21:39:54 witherspoon systemd[1]: Starting Wait for /org/openbmc/settings/host0...
Jul 12 21:39:55 witherspoon flash_bios.exe[1024]: Starting flasher: bios,,/org/openbmc/control/flash/bios,
Jul 12 21:39:55 witherspoon flash_bios.exe[1024]: flasher: , BMC = 1, address = 0x0
Jul 12 21:39:55 witherspoon flash_bios.exe[1024]: Setting up flash
Jul 12 21:39:55 witherspoon flash_bios.exe[1024]: Starting flasher: bios,,/org/openbmc/control/flash/bios,
Jul 12 21:39:55 witherspoon flash_bios.exe[1024]: flasher: , BMC = 1, address = 0x0
Jul 12 21:39:55 witherspoon flash_bios.exe[1024]: Setting up flash
Jul 12 21:39:56 witherspoon systemd[1]: Started Read OpenPOWER-format VPD from EEPROM.
Jul 12 21:39:57 witherspoon systemd[1]: Started Wait for /org/openbmc/settings/host0.
Jul 12 21:39:57 witherspoon systemd[1]: Started Phosphor Inband IPMI.
Jul 12 21:40:00 witherspoon system_manager.py[1020]: Running System State: BASE_APPS
Jul 12 21:40:00 witherspoon system_manager.py[1020]: SystemManager Init Done
Jul 12 21:40:00 witherspoon bmc_update.py[1042]: Running Bmc Flash Control
Jul 12 21:40:00 witherspoon systemd[1]: Started Phosphor BMC Code Update.
Jul 12 21:40:01 witherspoon system_manager.py[1020]: Running SystemManager
Jul 12 21:40:01 witherspoon system_manager.py[1020]: SystemManager Goto System State: BMC_STARTING
Jul 12 21:40:01 witherspoon system_manager.py[1020]: Running System State: BMC_STARTING
Jul 12 21:40:01 witherspoon systemd[1]: Started Phoshpor System Manager.
Jul 12 21:40:01 witherspoon hwmon.py[1030]: Starting HWMON sensors
Jul 12 21:40:02 witherspoon systemd[1]: Started Wait for /org/openbmc/managers/System.
Jul 12 21:40:02 witherspoon systemd[1]: Starting Phosphor Reset Button0...
Jul 12 21:40:02 witherspoon systemd[1]: Starting Phosphor BMC State Manager...
Jul 12 21:40:02 witherspoon systemd[1]: Starting Phosphor Chassis State Manager...
Jul 12 21:40:03 witherspoon systemd[1]: Starting Phosphor Power0 Control...
Jul 12 21:40:03 witherspoon systemd[1]: Starting Phosphor Host State Manager...
Jul 12 21:40:03 witherspoon systemd[1]: Starting Phosphor Power Button0...
Jul 12 21:40:03 witherspoon systemd[1]: Started Wait for /xyz/openbmc_project/control/host0.
Jul 12 21:40:03 witherspoon phosphor-bmc-state-manager[1063]: Setting the BMCState field
Jul 12 21:40:03 witherspoon phosphor-bmc-state-manager[1063]: Setting the BMCState field
Jul 12 21:40:03 witherspoon systemd[1]: Started Phosphor BMC State Manager.
Jul 12 21:40:03 witherspoon phosphor-chassis-state-manager[1064]: Initial Chassis State will be Off
Jul 12 21:40:03 witherspoon systemd[1]: Started Phosphor Chassis State Manager.
Jul 12 21:40:04 witherspoon button_reset.exe[1062]: GPIO Lookup:  RESET_BUTTON = 353,both
Jul 12 21:40:04 witherspoon systemd[1]: Started Phosphor Reset Button0.
Jul 12 21:40:04 witherspoon phosphor-host-state-manager[1068]: Initial Host State will be Off
Jul 12 21:40:04 witherspoon systemd[1]: Started Phosphor Host State Manager.
Jul 12 21:40:04 witherspoon system_manager.py[1020]: New object: /org/openbmc/control/power0 (:1.70)
Jul 12 21:40:05 witherspoon button_power.exe[1069]: GPIO Lookup:  POWER_BUTTON = 347,both
Jul 12 21:40:05 witherspoon system_manager.py[1020]: Power GPIO config: ['SYS_PWROK_BUFF', '', [('SOFTWARE_PGOOD', True), ('BMC_POWER_UP', True)], [('BMC_CP0_RESET_N', False)], [], 'FSI_DATA', 'FSI_CLK', 'FSI_ENABLE', 'CRONUS_SEL', []]
Jul 12 21:40:05 witherspoon systemd[1]: Started Phosphor Power Button0.
Jul 12 21:40:05 witherspoon power_control.exe[1067]: Power GPIO latch output:
Jul 12 21:40:05 witherspoon power_control.exe[1067]: Power GPIO power good input: SYS_PWROK_BUFF
Jul 12 21:40:05 witherspoon power_control.exe[1067]: Power GPIO 2 power_up outputs
Jul 12 21:40:05 witherspoon power_control.exe[1067]: Power GPIO power_up[0] = SOFTWARE_PGOOD active HIGH
Jul 12 21:40:05 witherspoon power_control.exe[1067]: Power GPIO power_up[1] = BMC_POWER_UP active HIGH
Jul 12 21:40:05 witherspoon power_control.exe[1067]: Power GPIO 1 reset outputs
Jul 12 21:40:05 witherspoon power_control.exe[1067]: Power GPIO reset[0] = BMC_CP0_RESET_N active LOW
Jul 12 21:40:05 witherspoon power_control.exe[1067]: Power GPIO 0 pci reset outputs
Jul 12 21:40:05 witherspoon power_control.exe[1067]: FSI DATA GPIO: FSI_DATA
Jul 12 21:40:05 witherspoon power_control.exe[1067]: FSI CLK GPIO: FSI_CLK
Jul 12 21:40:05 witherspoon power_control.exe[1067]: FSI ENABLE GPIO: FSI_ENABLE
Jul 12 21:40:05 witherspoon power_control.exe[1067]: CRONUS SEL GPIO: CRONUS_SEL
Jul 12 21:40:05 witherspoon power_control.exe[1067]: Hostctl GPIO optionals: 0
Jul 12 21:40:06 witherspoon power_control.exe[1067]: GPIO Lookup:  SYS_PWROK_BUFF = 306,in
Jul 12 21:40:06 witherspoon power_control.exe[1067]: GPIO Lookup:  SOFTWARE_PGOOD = 417,out
Jul 12 21:40:06 witherspoon power_control.exe[1067]: GPIO Lookup:  BMC_POWER_UP = 305,out
Jul 12 21:40:06 witherspoon power_control.exe[1067]: GPIO Lookup:  BMC_CP0_RESET_N = 281,out
Jul 12 21:40:06 witherspoon power_control.exe[1067]: Pgood state: 0
Jul 12 21:40:06 witherspoon systemd[1]: Started Phosphor Power0 Control.
Jul 12 21:40:09 witherspoon systemd[1]: Started Wait for /xyz/openbmc_project/state/chassis0.
Jul 12 21:40:09 witherspoon systemd[1]: Started Wait for /xyz/openbmc_project/state/host0.
Jul 12 21:40:09 witherspoon systemd[1]: Starting Reboot If Enabled...
Jul 12 21:40:09 witherspoon phosphor-discover-system-state[1092]: Host power is off, checking power policy
Jul 12 21:40:09 witherspoon systemd[1]: Started Reboot If Enabled.
Jul 12 21:40:09 witherspoon system_manager.py[1020]: SystemManager Goto System State: BMC_READY
Jul 12 21:40:09 witherspoon system_manager.py[1020]: Running System State: BMC_READY
Jul 12 21:40:09 witherspoon systemd[1]: Started Wait for /org/openbmc/control/power0.
Jul 12 21:40:09 witherspoon systemd[1]: Starting Phosphor Time Manager daemon...
Jul 12 21:40:09 witherspoon systemd[1]: Starting Check Chassis0 pgood and create a file to indicate it...
Jul 12 21:40:10 witherspoon systemd[1]: Started Check Chassis0 pgood and create a file to indicate it.
Jul 12 21:40:10 witherspoon systemd[1]: Reached target Chassis0 power on after reset.
Jul 12 21:40:10 witherspoon systemd[1]: Reached target Host0 running after reset.
Jul 12 21:40:10 witherspoon systemd[1]: Reached target Host0 (Reset Check).
Jul 12 21:40:10 witherspoon systemd[1]: Reached target Chassis0 (Reset Check).
Jul 12 21:40:10 witherspoon timemanager[1096]: Registering dbus methods
Jul 12 21:40:10 witherspoon timemanager[1096]: Last known time_mode: MANUAL
Jul 12 21:40:10 witherspoon timemanager[1096]: Last known time_owner: BMC
Jul 12 21:40:10 witherspoon timemanager[1096]: Empty DhcpNtp string
Jul 12 21:40:10 witherspoon timemanager[1096]: Reading Power Control key: pgood
Jul 12 21:40:10 witherspoon timemanager[1096]: Changing settings *allowed* now
Jul 12 21:40:10 witherspoon timemanager[1096]: Getting System Settings: time_mode
Jul 12 21:40:10 witherspoon timemanager[1096]: Requested_Mode: MANUAL Current_Mode: MANUAL
Jul 12 21:40:10 witherspoon timemanager[1096]: Mode is already set to : MANUAL
Jul 12 21:40:10 witherspoon timemanager[1096]: Getting System Settings: time_owner
Jul 12 21:40:10 witherspoon timemanager[1096]: Owner is already set to : BMC
Jul 12 21:40:10 witherspoon timemanager[1096]: Getting System Settings: use_dhcp_ntp
Jul 12 21:40:11 witherspoon timemanager[1096]: use_dhcp_ntp = yes
Jul 12 21:40:11 witherspoon timemanager[1096]: Last known host_offset:0
Jul 12 21:40:11 witherspoon timemanager[1096]: Initial Uptime Usec: 1499895502672918
Jul 12 21:40:11 witherspoon systemd[1]: Started Phosphor Time Manager daemon.
Jul 12 21:40:11 witherspoon systemd[1]: Reached target Phosphor System - Standby.
Jul 12 21:40:11 witherspoon systemd[1]: Startup finished in 8.419s (kernel) + 1min 40.164s (userspace) = 1min 48.584s.
Jul 12 21:40:11 witherspoon phosphor-bmc-state-manager[1063]: BMC_READY
Jul 12 21:40:11 witherspoon phosphor-bmc-state-manager[1063]: Setting the BMCState field
Jul 12 21:40:21 witherspoon phosphor-gevent[1013]: Traceback (most recent call last):
Jul 12 21:40:21 witherspoon phosphor-gevent[1013]:   File "/usr/lib/python2.7/site-packages/gevent/greenlet.py", line 327, in run
Jul 12 21:40:21 witherspoon phosphor-gevent[1013]:     result = self._run(*self.args, **self.kwargs)
Jul 12 21:40:21 witherspoon phosphor-gevent[1013]:   File "/usr/lib/python2.7/site-packages/gevent/server.py", line 102, in wrap_socket_and_handle
Jul 12 21:40:21 witherspoon phosphor-gevent[1013]:     ssl_socket = self.wrap_socket(client_socket, **self.ssl_args)
Jul 12 21:40:21 witherspoon phosphor-gevent[1013]:   File "/usr/lib/python2.7/site-packages/gevent/ssl.py", line 404, in wrap_socket
Jul 12 21:40:21 witherspoon phosphor-gevent[1013]:     ciphers=ciphers)
Jul 12 21:40:21 witherspoon phosphor-gevent[1013]:   File "/usr/lib/python2.7/site-packages/gevent/ssl.py", line 113, in __init__
Jul 12 21:40:21 witherspoon phosphor-gevent[1013]:     self.do_handshake()
Jul 12 21:40:21 witherspoon phosphor-gevent[1013]:   File "/usr/lib/python2.7/site-packages/gevent/ssl.py", line 324, in do_handshake
Jul 12 21:40:21 witherspoon phosphor-gevent[1013]:     return self._sslobj.do_handshake()
Jul 12 21:40:21 witherspoon phosphor-gevent[1013]: SSLEOFError: EOF occurred in violation of protocol (_ssl.c:590)
Jul 12 21:40:21 witherspoon phosphor-gevent[1013]: <Greenlet at 0x760053f0: <bound method WSGIServer.wrap_socket_and_handle of <WSGIServer at 0x75fdbb50 fileno=5 address=('::34f2:ee76:b0cd:6476%1986317728', 443, 0, 1986317728)>>(<socket at 0x75eb2830 fileno=9>, ('::80d9:6276:8e91:f402%1995299612', 50352, 0, 199)> failed with SSLEOFError
Jul 12 21:40:21 witherspoon phosphor-gevent[1013]: Traceback (most recent call last):
Jul 12 21:40:21 witherspoon phosphor-gevent[1013]:   File "/usr/lib/python2.7/site-packages/gevent/greenlet.py", line 327, in run
Jul 12 21:40:21 witherspoon phosphor-gevent[1013]:     result = self._run(*self.args, **self.kwargs)
Jul 12 21:40:21 witherspoon phosphor-gevent[1013]:   File "/usr/lib/python2.7/site-packages/gevent/server.py", line 102, in wrap_socket_and_handle
Jul 12 21:40:21 witherspoon phosphor-gevent[1013]:     ssl_socket = self.wrap_socket(client_socket, **self.ssl_args)
Jul 12 21:40:21 witherspoon phosphor-gevent[1013]:   File "/usr/lib/python2.7/site-packages/gevent/ssl.py", line 404, in wrap_socket
Jul 12 21:40:21 witherspoon phosphor-gevent[1013]:     ciphers=ciphers)
Jul 12 21:40:21 witherspoon phosphor-gevent[1013]:   File "/usr/lib/python2.7/site-packages/gevent/ssl.py", line 113, in __init__
Jul 12 21:40:21 witherspoon phosphor-gevent[1013]:     self.do_handshake()
Jul 12 21:40:21 witherspoon phosphor-gevent[1013]:   File "/usr/lib/python2.7/site-packages/gevent/ssl.py", line 324, in do_handshake
Jul 12 21:40:21 witherspoon phosphor-gevent[1013]:     return self._sslobj.do_handshake()
Jul 12 21:40:21 witherspoon phosphor-gevent[1013]: SSLEOFError: EOF occurred in violation of protocol (_ssl.c:590)
Jul 12 21:40:21 witherspoon phosphor-gevent[1013]: <Greenlet at 0x760056c0: <bound method WSGIServer.wrap_socket_and_handle of <WSGIServer at 0x75fdbb50 fileno=5 address=('::34f2:ee76:b0cd:6476%1986317728', 443, 0, 1986317728)>>(<socket at 0x75eb27d0 fileno=10>, ('::80d9:6276:8e91:f402%1995299612', 50358, 0, 199)> failed with SSLEOFError
Jul 12 21:40:21 witherspoon phosphor-gevent[1013]: Traceback (most recent call last):
Jul 12 21:40:21 witherspoon phosphor-gevent[1013]:   File "/usr/lib/python2.7/site-packages/gevent/greenlet.py", line 327, in run
Jul 12 21:40:21 witherspoon phosphor-gevent[1013]:     result = self._run(*self.args, **self.kwargs)
Jul 12 21:40:21 witherspoon phosphor-gevent[1013]:   File "/usr/lib/python2.7/site-packages/gevent/server.py", line 102, in wrap_socket_and_handle
Jul 12 21:40:21 witherspoon phosphor-gevent[1013]:     ssl_socket = self.wrap_socket(client_socket, **self.ssl_args)
Jul 12 21:40:21 witherspoon phosphor-gevent[1013]:   File "/usr/lib/python2.7/site-packages/gevent/ssl.py", line 404, in wrap_socket
Jul 12 21:40:21 witherspoon phosphor-gevent[1013]:     ciphers=ciphers)
Jul 12 21:40:21 witherspoon phosphor-gevent[1013]:   File "/usr/lib/python2.7/site-packages/gevent/ssl.py", line 113, in __init__
Jul 12 21:40:21 witherspoon phosphor-gevent[1013]:     self.do_handshake()
Jul 12 21:40:21 witherspoon phosphor-gevent[1013]:   File "/usr/lib/python2.7/site-packages/gevent/ssl.py", line 324, in do_handshake
Jul 12 21:40:21 witherspoon phosphor-gevent[1013]:     return self._sslobj.do_handshake()
Jul 12 21:40:21 witherspoon phosphor-gevent[1013]: SSLEOFError: EOF occurred in violation of protocol (_ssl.c:590)
Jul 12 21:40:21 witherspoon phosphor-gevent[1013]: <Greenlet at 0x760053a0: <bound method WSGIServer.wrap_socket_and_handle of <WSGIServer at 0x75fdbb50 fileno=5 address=('::34f2:ee76:b0cd:6476%1986317728', 443, 0, 1986317728)>>(<socket at 0x75eb2870 fileno=11>, ('::80d9:6276:8e91:f402%1995299612', 50362, 0, 199)> failed with SSLEOFError
Jul 12 21:40:32 witherspoon phosphor-gevent[1013]: ::80d9:6276:8e91:f402%1995299612 - - [2017-07-12 21:40:32] "POST /login HTTP/1.1" 200 320 0.054570
Jul 12 21:40:33 witherspoon phosphor-gevent[1013]: ::80d9:6276:8e91:f402%1995299612 - - [2017-07-12 21:40:33] "GET /xyz/openbmc_project/state/chassis0//attr/CurrentPowerState HTTP/1.1" 200 216 0.060078
Jul 12 21:40:33 witherspoon phosphor-gevent[1013]: ::80d9:6276:8e91:f402%1995299612 - - [2017-07-12 21:40:33] "POST /login HTTP/1.1" 200 320 0.032649
Jul 12 21:40:33 witherspoon phosphor-gevent[1013]: ::80d9:6276:8e91:f402%1995299612 - - [2017-07-12 21:40:33] "GET /xyz/openbmc_project/state/chassis0//attr/CurrentPowerState HTTP/1.1" 200 216 0.049074
Jul 12 21:40:33 witherspoon phosphor-gevent[1013]: ::80d9:6276:8e91:f402%1995299612 - - [2017-07-12 21:40:33] "POST /login HTTP/1.1" 200 320 0.032263
Jul 12 21:40:33 witherspoon phosphor-gevent[1013]: ::80d9:6276:8e91:f402%1995299612 - - [2017-07-12 21:40:33] "GET /org/openbmc/sensors/host/BootProgress/attr/value HTTP/1.1" 200 170 0.058743
Jul 12 21:40:33 witherspoon phosphor-gevent[1013]: ::80d9:6276:8e91:f402%1995299612 - - [2017-07-12 21:40:33] "POST /login HTTP/1.1" 200 320 0.032960
Jul 12 21:40:33 witherspoon phosphor-gevent[1013]: ::80d9:6276:8e91:f402%1995299612 - - [2017-07-12 21:40:33] "GET /xyz/openbmc_project/state/host0//attr/CurrentHostState HTTP/1.1" 200 212 0.087355
Jul 12 21:40:34 witherspoon phosphor-gevent[1013]: ::80d9:6276:8e91:f402%1995299612 - - [2017-07-12 21:40:34] "POST /login HTTP/1.1" 200 320 0.033342
Jul 12 21:40:34 witherspoon phosphor-gevent[1013]: ::80d9:6276:8e91:f402%1995299612 - - [2017-07-12 21:40:34] "GET /xyz/openbmc_project/logging/entry//list HTTP/1.1" 404 311 0.029377
Jul 12 21:40:34 witherspoon dropbear[996]: Exit (root): Error reading: Connection reset by peer
Jul 12 21:40:34 witherspoon systemd[1]: Started SSH Per-Connection Server (9.41.165.94:49358).
Jul 12 21:40:34 witherspoon dropbear[1112]: Failed loading /etc/dropbear/dropbear_dss_host_key
Jul 12 21:40:34 witherspoon dropbear[1112]: Failed loading /etc/dropbear/dropbear_ecdsa_host_key
Jul 12 21:40:34 witherspoon dropbear[1112]: Child connection from ::ffff:9.41.165.94:49358
Jul 12 21:40:35 witherspoon dropbear[1112]: PAM password auth succeeded for 'root' from ::ffff:9.41.165.94:49358
Jul 12 21:40:35 witherspoon dropbear[1113]: lastlog_perform_login: Couldn't stat /var/log/lastlog: No such file or directory
Jul 12 21:40:35 witherspoon dropbear[1113]: lastlog_openseek: /var/log/lastlog is not a file or directory!
Jul 12 21:40:36 witherspoon phosphor-gevent[1013]: ::80d9:6276:8e91:f402%1995299612 - - [2017-07-12 21:40:36] "POST /login HTTP/1.1" 200 320 0.033053
Jul 12 21:40:36 witherspoon phosphor-gevent[1013]: ::80d9:6276:8e91:f402%1995299612 - - [2017-07-12 21:40:36] "GET /xyz/openbmc_project/state/host0//attr/CurrentHostState HTTP/1.1" 200 212 0.048885
Jul 12 21:40:37 witherspoon dropbear[1112]: Exit (root): Exited normally
Jul 12 21:40:39 witherspoon systemd[1]: Started SSH Per-Connection Server (9.41.165.94:49362).
Jul 12 21:40:39 witherspoon dropbear[1122]: Failed loading /etc/dropbear/dropbear_dss_host_key
Jul 12 21:40:39 witherspoon dropbear[1122]: Failed loading /etc/dropbear/dropbear_ecdsa_host_key
Jul 12 21:40:39 witherspoon dropbear[1122]: Child connection from ::ffff:9.41.165.94:49362
Jul 12 21:40:40 witherspoon dropbear[1122]: PAM password auth succeeded for 'root' from ::ffff:9.41.165.94:49362
Jul 12 21:40:40 witherspoon dropbear[1123]: lastlog_perform_login: Couldn't stat /var/log/lastlog: No such file or directory
Jul 12 21:40:40 witherspoon dropbear[1123]: lastlog_openseek: /var/log/lastlog is not a file or directory!
Jul 12 21:40:41 witherspoon phosphor-gevent[1013]: ::80d9:6276:8e91:f402%1995299612 - - [2017-07-12 21:40:41] "POST /login HTTP/1.1" 200 320 0.032825
Jul 12 21:40:42 witherspoon phosphor-gevent[1013]: ::80d9:6276:8e91:f402%1995299612 - - [2017-07-12 21:40:42] "PUT /org/openbmc/settings/host0/attr/power_policy HTTP/1.1" 200 169 0.186512
Jul 12 21:40:42 witherspoon phosphor-gevent[1013]: ::80d9:6276:8e91:f402%1995299612 - - [2017-07-12 21:40:42] "POST /login HTTP/1.1" 200 320 0.045270
Jul 12 21:40:42 witherspoon phosphor-gevent[1013]: ::80d9:6276:8e91:f402%1995299612 - - [2017-07-12 21:40:42] "GET /org/openbmc/settings/host0/attr/power_policy HTTP/1.1" 200 185 0.073057
Jul 12 21:40:42 witherspoon systemd[1]: Started SSH Per-Connection Server (9.41.165.94:49368).
Jul 12 21:40:42 witherspoon dropbear[1129]: Failed loading /etc/dropbear/dropbear_dss_host_key
Jul 12 21:40:42 witherspoon dropbear[1129]: Failed loading /etc/dropbear/dropbear_ecdsa_host_key
Jul 12 21:40:42 witherspoon dropbear[1129]: Child connection from ::ffff:9.41.165.94:49368
Jul 12 21:40:43 witherspoon dropbear[1129]: PAM password auth succeeded for 'root' from ::ffff:9.41.165.94:49368
Jul 12 21:40:43 witherspoon dropbear[1130]: lastlog_perform_login: Couldn't stat /var/log/lastlog: No such file or directory
Jul 12 21:40:43 witherspoon dropbear[1130]: lastlog_openseek: /var/log/lastlog is not a file or directory!
Jul 12 21:40:44 witherspoon phosphor-gevent[1013]: ::80d9:6276:8e91:f402%1995299612 - - [2017-07-12 21:40:44] "POST /login HTTP/1.1" 200 320 0.032555
Jul 12 21:40:44 witherspoon phosphor-gevent[1013]: ::80d9:6276:8e91:f402%1995299612 - - [2017-07-12 21:40:44] "GET /xyz/openbmc_project/state/chassis0//attr/CurrentPowerState HTTP/1.1" 200 216 0.056848
Jul 12 21:40:44 witherspoon phosphor-gevent[1013]: ::80d9:6276:8e91:f402%1995299612 - - [2017-07-12 21:40:44] "POST /login HTTP/1.1" 200 320 0.054596
Jul 12 21:40:44 witherspoon phosphor-gevent[1013]: ::80d9:6276:8e91:f402%1995299612 - - [2017-07-12 21:40:44] "GET /xyz/openbmc_project/state/bmc0//attr/CurrentBMCState HTTP/1.1" 200 212 0.049085
Jul 12 21:40:45 witherspoon phosphor-gevent[1013]: ::80d9:6276:8e91:f402%1995299612 - - [2017-07-12 21:40:45] "POST /login HTTP/1.1" 200 320 0.032484
Jul 12 21:40:45 witherspoon phosphor-gevent[1013]: ::80d9:6276:8e91:f402%1995299612 - - [2017-07-12 21:40:45] "GET /org/openbmc/sensors/host/BootProgress/attr/value HTTP/1.1" 200 170 0.064005
Jul 12 21:40:45 witherspoon phosphor-gevent[1013]: ::80d9:6276:8e91:f402%1995299612 - - [2017-07-12 21:40:45] "POST /login HTTP/1.1" 200 320 0.062841
Jul 12 21:40:45 witherspoon phosphor-gevent[1013]: ::80d9:6276:8e91:f402%1995299612 - - [2017-07-12 21:40:45] "GET /xyz/openbmc_project/state/host0//attr/CurrentHostState HTTP/1.1" 200 212 0.048897
Jul 12 21:40:45 witherspoon phosphor-gevent[1013]: ::80d9:6276:8e91:f402%1995299612 - - [2017-07-12 21:40:45] "POST /login HTTP/1.1" 200 320 0.032371
Jul 12 21:40:45 witherspoon phosphor-gevent[1013]: ::80d9:6276:8e91:f402%1995299612 - - [2017-07-12 21:40:45] "GET /xyz/openbmc_project/logging/entry//list HTTP/1.1" 404 311 0.030094
Jul 12 21:40:45 witherspoon systemd[1]: Started SSH Per-Connection Server (9.41.165.94:49380).
Jul 12 21:40:45 witherspoon dropbear[1133]: Failed loading /etc/dropbear/dropbear_dss_host_key
Jul 12 21:40:45 witherspoon dropbear[1133]: Failed loading /etc/dropbear/dropbear_ecdsa_host_key
Jul 12 21:40:46 witherspoon dropbear[1133]: Child connection from ::ffff:9.41.165.94:49380
Jul 12 21:40:46 witherspoon dropbear[1133]: PAM password auth succeeded for 'root' from ::ffff:9.41.165.94:49380
Jul 12 21:41:17 witherspoon phosphor-gevent[1013]: ::80d9:6276:8e91:f402%1995299612 - - [2017-07-12 21:41:17] "POST /login HTTP/1.1" 200 320 0.039825
Jul 12 21:41:17 witherspoon phosphor-gevent[1013]: ::80d9:6276:8e91:f402%1995299612 - - [2017-07-12 21:41:17] "POST /org/openbmc/control/flash/bios//action/update HTTP/1.1" 200 169 0.217112
Jul 12 21:41:18 witherspoon phosphor-gevent[1013]: ::80d9:6276:8e91:f402%1995299612 - - [2017-07-12 21:41:18] "POST /login HTTP/1.1" 200 320 0.032754
Jul 12 21:41:18 witherspoon phosphor-gevent[1013]: ::80d9:6276:8e91:f402%1995299612 - - [2017-07-12 21:41:18] "GET /org/openbmc/control/flash/bios HTTP/1.1" 200 396 0.166535
Jul 12 21:41:18 witherspoon flash_bios.exe[1024]: Starting flasher: bios,/tmp/witherspoon_20170704n.pnor,/org/openbmc/control/flash/bios,
Jul 12 21:41:18 witherspoon flash_bios.exe[1024]: flasher: /tmp/witherspoon_20170704n.pnor, BMC = 1, address = 0x0
Jul 12 21:41:18 witherspoon flash_bios.exe[1024]: Setting up flash
Jul 12 21:41:18 witherspoon phosphor-gevent[1013]: ::80d9:6276:8e91:f402%1995299612 - - [2017-07-12 21:41:18] "POST /login HTTP/1.1" 200 320 0.032290
Jul 12 21:41:19 witherspoon phosphor-gevent[1013]: ::80d9:6276:8e91:f402%1995299612 - - [2017-07-12 21:41:19] "GET /org/openbmc/control/flash/bios HTTP/1.1" 200 396 0.066642
Jul 12 21:41:29 witherspoon phosphor-gevent[1013]: ::80d9:6276:8e91:f402%1995299612 - - [2017-07-12 21:41:29] "POST /login HTTP/1.1" 200 320 0.038213
Jul 12 21:41:30 witherspoon phosphor-gevent[1013]: ::80d9:6276:8e91:f402%1995299612 - - [2017-07-12 21:41:30] "GET /org/openbmc/control/flash/bios HTTP/1.1" 200 396 0.412249
Jul 12 21:41:40 witherspoon phosphor-gevent[1013]: ::80d9:6276:8e91:f402%1995299612 - - [2017-07-12 21:41:40] "POST /login HTTP/1.1" 200 320 0.032651
Jul 12 21:41:40 witherspoon phosphor-gevent[1013]: ::80d9:6276:8e91:f402%1995299612 - - [2017-07-12 21:41:40] "GET /org/openbmc/control/flash/bios HTTP/1.1" 200 396 0.068078
Jul 12 21:41:50 witherspoon phosphor-gevent[1013]: ::80d9:6276:8e91:f402%1995299612 - - [2017-07-12 21:41:50] "POST /login HTTP/1.1" 200 320 0.032859
Jul 12 21:41:50 witherspoon phosphor-gevent[1013]: ::80d9:6276:8e91:f402%1995299612 - - [2017-07-12 21:41:50] "GET /org/openbmc/control/flash/bios HTTP/1.1" 200 396 0.067717
Jul 12 21:42:00 witherspoon phosphor-gevent[1013]: ::80d9:6276:8e91:f402%1995299612 - - [2017-07-12 21:42:00] "POST /login HTTP/1.1" 200 320 0.032910
Jul 12 21:42:01 witherspoon phosphor-gevent[1013]: ::80d9:6276:8e91:f402%1995299612 - - [2017-07-12 21:42:01] "GET /org/openbmc/control/flash/bios HTTP/1.1" 200 396 0.067725
Jul 12 21:42:11 witherspoon phosphor-gevent[1013]: ::80d9:6276:8e91:f402%1995299612 - - [2017-07-12 21:42:11] "POST /login HTTP/1.1" 200 320 0.032802
Jul 12 21:42:11 witherspoon phosphor-gevent[1013]: ::80d9:6276:8e91:f402%1995299612 - - [2017-07-12 21:42:11] "GET /org/openbmc/control/flash/bios HTTP/1.1" 200 396 0.067525
Jul 12 21:42:21 witherspoon phosphor-gevent[1013]: ::80d9:6276:8e91:f402%1995299612 - - [2017-07-12 21:42:21] "POST /login HTTP/1.1" 200 320 0.032929
Jul 12 21:42:21 witherspoon phosphor-gevent[1013]: ::80d9:6276:8e91:f402%1995299612 - - [2017-07-12 21:42:21] "GET /org/openbmc/control/flash/bios HTTP/1.1" 200 396 0.076945
Jul 12 21:42:31 witherspoon phosphor-gevent[1013]: ::80d9:6276:8e91:f402%1995299612 - - [2017-07-12 21:42:31] "POST /login HTTP/1.1" 200 320 0.032844
Jul 12 21:42:31 witherspoon phosphor-gevent[1013]: ::80d9:6276:8e91:f402%1995299612 - - [2017-07-12 21:42:31] "GET /org/openbmc/control/flash/bios HTTP/1.1" 200 396 0.068373
Jul 12 21:42:42 witherspoon phosphor-gevent[1013]: ::80d9:6276:8e91:f402%1995299612 - - [2017-07-12 21:42:42] "POST /login HTTP/1.1" 200 320 0.033042
Jul 12 21:42:42 witherspoon phosphor-gevent[1013]: ::80d9:6276:8e91:f402%1995299612 - - [2017-07-12 21:42:42] "GET /org/openbmc/control/flash/bios HTTP/1.1" 200 396 0.067733
Jul 12 21:42:52 witherspoon phosphor-gevent[1013]: ::80d9:6276:8e91:f402%1995299612 - - [2017-07-12 21:42:52] "POST /login HTTP/1.1" 200 320 0.032621
Jul 12 21:42:52 witherspoon phosphor-gevent[1013]: ::80d9:6276:8e91:f402%1995299612 - - [2017-07-12 21:42:52] "GET /org/openbmc/control/flash/bios HTTP/1.1" 200 396 0.069068
Jul 12 21:43:02 witherspoon phosphor-gevent[1013]: ::80d9:6276:8e91:f402%1995299612 - - [2017-07-12 21:43:02] "POST /login HTTP/1.1" 200 320 0.032523
Jul 12 21:43:02 witherspoon phosphor-gevent[1013]: ::80d9:6276:8e91:f402%1995299612 - - [2017-07-12 21:43:02] "GET /org/openbmc/control/flash/bios HTTP/1.1" 200 396 0.069045
Jul 12 21:43:12 witherspoon phosphor-gevent[1013]: ::80d9:6276:8e91:f402%1995299612 - - [2017-07-12 21:43:12] "POST /login HTTP/1.1" 200 320 0.032319
Jul 12 21:43:13 witherspoon phosphor-gevent[1013]: ::80d9:6276:8e91:f402%1995299612 - - [2017-07-12 21:43:13] "GET /org/openbmc/control/flash/bios HTTP/1.1" 200 396 0.073862
Jul 12 21:43:23 witherspoon phosphor-gevent[1013]: ::80d9:6276:8e91:f402%1995299612 - - [2017-07-12 21:43:23] "POST /login HTTP/1.1" 200 320 0.032375
Jul 12 21:43:24 witherspoon phosphor-gevent[1013]: ::80d9:6276:8e91:f402%1995299612 - - [2017-07-12 21:43:24] "GET /org/openbmc/control/flash/bios HTTP/1.1" 200 401 1.239988
Jul 12 21:43:35 witherspoon phosphor-gevent[1013]: ::80d9:6276:8e91:f402%1995299612 - - [2017-07-12 21:43:35] "POST /login HTTP/1.1" 200 320 1.317663
Jul 12 21:43:36 witherspoon phosphor-gevent[1013]: ::80d9:6276:8e91:f402%1995299612 - - [2017-07-12 21:43:36] "GET /org/openbmc/control/flash/bios HTTP/1.1" 200 401 0.067717
Jul 12 21:43:46 witherspoon phosphor-gevent[1013]: ::80d9:6276:8e91:f402%1995299612 - - [2017-07-12 21:43:46] "POST /login HTTP/1.1" 200 320 0.032680
Jul 12 21:43:46 witherspoon phosphor-gevent[1013]: ::80d9:6276:8e91:f402%1995299612 - - [2017-07-12 21:43:46] "GET /org/openbmc/control/flash/bios HTTP/1.1" 200 401 0.067114
Jul 12 21:43:57 witherspoon phosphor-gevent[1013]: ::80d9:6276:8e91:f402%1995299612 - - [2017-07-12 21:43:57] "POST /login HTTP/1.1" 200 320 0.032714
Jul 12 21:43:58 witherspoon phosphor-gevent[1013]: ::80d9:6276:8e91:f402%1995299612 - - [2017-07-12 21:43:58] "GET /org/openbmc/control/flash/bios HTTP/1.1" 200 401 0.066871
Jul 12 21:44:08 witherspoon phosphor-gevent[1013]: ::80d9:6276:8e91:f402%1995299612 - - [2017-07-12 21:44:08] "POST /login HTTP/1.1" 200 320 0.032768
Jul 12 21:44:08 witherspoon phosphor-gevent[1013]: ::80d9:6276:8e91:f402%1995299612 - - [2017-07-12 21:44:08] "GET /org/openbmc/control/flash/bios HTTP/1.1" 200 401 0.067487
Jul 12 21:44:15 witherspoon flash_bios.exe[1024]: Erasing... (may take a while !) done !
Jul 12 21:44:15 witherspoon flash_bios.exe[1024]: About to program "/tmp/witherspoon_20170704n.pnor" at 0x00000000..0x04000000 !
Jul 12 21:44:15 witherspoon flash_bios.exe[1024]: Programming & Verifying...
Jul 12 21:44:15 witherspoon flash_bios.exe[1024]: Flash done
Jul 12 21:44:18 witherspoon phosphor-gevent[1013]: ::80d9:6276:8e91:f402%1995299612 - - [2017-07-12 21:44:18] "POST /login HTTP/1.1" 200 320 0.033646
Jul 12 21:44:18 witherspoon phosphor-gevent[1013]: ::80d9:6276:8e91:f402%1995299612 - - [2017-07-12 21:44:18] "GET /org/openbmc/control/flash/bios HTTP/1.1" 200 398 0.068120
Jul 12 21:44:18 witherspoon systemd[1]: Started SSH Per-Connection Server (9.41.165.94:49488).
Jul 12 21:44:18 witherspoon dropbear[1139]: Failed loading /etc/dropbear/dropbear_dss_host_key
Jul 12 21:44:18 witherspoon dropbear[1139]: Failed loading /etc/dropbear/dropbear_ecdsa_host_key
Jul 12 21:44:18 witherspoon dropbear[1139]: Child connection from ::ffff:9.41.165.94:49488
Jul 12 21:44:19 witherspoon dropbear[1139]: PAM password auth succeeded for 'root' from ::ffff:9.41.165.94:49488
Jul 12 21:44:19 witherspoon dropbear[1140]: lastlog_perform_login: Couldn't stat /var/log/lastlog: No such file or directory
Jul 12 21:44:19 witherspoon dropbear[1140]: lastlog_openseek: /var/log/lastlog is not a file or directory!
Jul 12 21:44:20 witherspoon phosphor-gevent[1013]: ::80d9:6276:8e91:f402%1995299612 - - [2017-07-12 21:44:20] "POST /login HTTP/1.1" 200 320 0.034094
Jul 12 21:44:20 witherspoon phosphor-gevent[1013]: ::80d9:6276:8e91:f402%1995299612 - - [2017-07-12 21:44:20] "GET /xyz/openbmc_project/state/host0//attr/CurrentHostState HTTP/1.1" 200 212 0.051348
Jul 12 21:44:21 witherspoon systemd[1]: Created slice system-obmc\x2dconsole\x2dssh.slice.
Jul 12 21:44:21 witherspoon systemd[1]: Started Phosphor Host Console SSH Per-Connection (9.41.165.94:38042).
Jul 12 21:44:21 witherspoon dropbear[1144]: Failed loading /etc/dropbear/dropbear_dss_host_key
Jul 12 21:44:21 witherspoon dropbear[1144]: Failed loading /etc/dropbear/dropbear_ecdsa_host_key
Jul 12 21:44:21 witherspoon dropbear[1144]: Child connection from ::ffff:9.41.165.94:38042
Jul 12 21:44:21 witherspoon dropbear[1144]: PAM password auth succeeded for 'root' from ::ffff:9.41.165.94:38042
Jul 12 21:44:21 witherspoon dropbear[1145]: lastlog_perform_login: Couldn't stat /var/log/lastlog: No such file or directory
Jul 12 21:44:21 witherspoon dropbear[1145]: lastlog_openseek: /var/log/lastlog is not a file or directory!
Jul 12 21:44:21 witherspoon phosphor-gevent[1013]: ::80d9:6276:8e91:f402%1995299612 - - [2017-07-12 21:44:21] "POST /login HTTP/1.1" 200 320 0.113202
Jul 12 21:44:22 witherspoon phosphor-gevent[1013]: ::80d9:6276:8e91:f402%1995299612 - - [2017-07-12 21:44:22] "PUT /org/openbmc/settings/host0/attr/power_policy HTTP/1.1" 200 169 0.203979
Jul 12 21:44:22 witherspoon phosphor-gevent[1013]: ::80d9:6276:8e91:f402%1995299612 - - [2017-07-12 21:44:22] "POST /login HTTP/1.1" 200 320 0.032946
Jul 12 21:44:22 witherspoon phosphor-gevent[1013]: ::80d9:6276:8e91:f402%1995299612 - - [2017-07-12 21:44:22] "GET /org/openbmc/settings/host0/attr/power_policy HTTP/1.1" 200 185 0.089799
Jul 12 21:44:22 witherspoon dropbear[1146]: Failed loading /etc/dropbear/dropbear_dss_host_key
Jul 12 21:44:22 witherspoon dropbear[1146]: Failed loading /etc/dropbear/dropbear_ecdsa_host_key
Jul 12 21:44:22 witherspoon dropbear[1146]: Child connection from ::ffff:9.41.165.94:49498
Jul 12 21:44:22 witherspoon systemd[1]: Started SSH Per-Connection Server (9.41.165.94:49498).
Jul 12 21:44:23 witherspoon dropbear[1146]: PAM password auth succeeded for 'root' from ::ffff:9.41.165.94:49498
Jul 12 21:44:23 witherspoon dropbear[1147]: lastlog_perform_login: Couldn't stat /var/log/lastlog: No such file or directory
Jul 12 21:44:23 witherspoon dropbear[1147]: lastlog_openseek: /var/log/lastlog is not a file or directory!
Jul 12 21:44:24 witherspoon phosphor-gevent[1013]: ::80d9:6276:8e91:f402%1995299612 - - [2017-07-12 21:44:24] "POST /login HTTP/1.1" 200 320 0.033852
Jul 12 21:44:24 witherspoon phosphor-gevent[1013]: ::80d9:6276:8e91:f402%1995299612 - - [2017-07-12 21:44:24] "GET /xyz/openbmc_project/state/chassis0//attr/CurrentPowerState HTTP/1.1" 200 216 0.049766
Jul 12 21:44:24 witherspoon phosphor-gevent[1013]: ::80d9:6276:8e91:f402%1995299612 - - [2017-07-12 21:44:24] "POST /login HTTP/1.1" 200 320 0.042956
Jul 12 21:44:24 witherspoon phosphor-gevent[1013]: ::80d9:6276:8e91:f402%1995299612 - - [2017-07-12 21:44:24] "GET /xyz/openbmc_project/state/bmc0//attr/CurrentBMCState HTTP/1.1" 200 212 0.050449
Jul 12 21:44:25 witherspoon phosphor-gevent[1013]: ::80d9:6276:8e91:f402%1995299612 - - [2017-07-12 21:44:25] "POST /login HTTP/1.1" 200 320 0.033138
Jul 12 21:44:25 witherspoon phosphor-gevent[1013]: ::80d9:6276:8e91:f402%1995299612 - - [2017-07-12 21:44:25] "GET /org/openbmc/sensors/host/BootProgress/attr/value HTTP/1.1" 200 170 0.052840
Jul 12 21:44:25 witherspoon phosphor-gevent[1013]: ::80d9:6276:8e91:f402%1995299612 - - [2017-07-12 21:44:25] "POST /login HTTP/1.1" 200 320 0.033422
Jul 12 21:44:25 witherspoon phosphor-gevent[1013]: ::80d9:6276:8e91:f402%1995299612 - - [2017-07-12 21:44:25] "GET /xyz/openbmc_project/state/host0//attr/CurrentHostState HTTP/1.1" 200 212 0.050300
Jul 12 21:44:25 witherspoon phosphor-gevent[1013]: ::80d9:6276:8e91:f402%1995299612 - - [2017-07-12 21:44:25] "POST /login HTTP/1.1" 200 320 0.032750
Jul 12 21:44:25 witherspoon phosphor-host-state-manager[1068]: Host State transaction request
Jul 12 21:44:26 witherspoon phosphor-gevent[1013]: ::80d9:6276:8e91:f402%1995299612 - - [2017-07-12 21:44:26] "PUT /xyz/openbmc_project/state/host0//attr/RequestedHostTransition HTTP/1.1" 200 169 0.277320
Jul 12 21:44:26 witherspoon systemd[1]: Created slice system-fsi\x2dbind.slice.
Jul 12 21:44:26 witherspoon systemd[1]: Created slice system-ir35221\x2don\x2dunbind.slice.
Jul 12 21:44:26 witherspoon systemd[1]: Created slice system-avsbus\x2dworkaround.slice.
Jul 12 21:44:26 witherspoon systemd[1]: Created slice system-avsbus\x2ddisable.slice.
Jul 12 21:44:26 witherspoon systemd[1]: Created slice system-phosphor\x2dfan\x2dpresence\x2dtach.slice.
Jul 12 21:44:26 witherspoon systemd[1]: Created slice system-cfam_override.slice.
Jul 12 21:44:26 witherspoon systemd[1]: Created slice system-phosphor\x2dwatchdog.slice.
Jul 12 21:44:26 witherspoon systemd[1]: Created slice system-vrm\x2dcontrol.slice.
Jul 12 21:44:26 witherspoon systemd[1]: Created slice system-vcs_off.slice.
Jul 12 21:44:26 witherspoon systemd[1]: Created slice system-mapper\x2dsubtree\x2dremove.slice.
Jul 12 21:44:26 witherspoon systemd[1]: Starting mapper subtree-remove /xyz/openbmc_project/software:xyz.openbmc_project.Software.ActivationBlocksTransition...
Jul 12 21:44:26 witherspoon systemd[1]: Created slice system-op\x2dpower\x2dstart.slice.
Jul 12 21:44:26 witherspoon systemd[1]: Starting Witherspoon Fan Watchdog Reset...
Jul 12 21:44:26 witherspoon systemd[1]: Starting power on mode unbind ir35221 device driver devs...
Jul 12 21:44:26 witherspoon systemd[1]: Created slice system-phosphor\x2dfan\x2dcontrol\x2dinit.slice.
