[    0.090000] Calibrating delay loop... 789.70 BogoMIPS (lpj=3948544)
[    0.090000] pid_max: default: 32768 minimum: 301
[    0.090000] Mount-cache hash table entries: 1024 (order: 0, 4096 bytes)
[    0.090000] Mountpoint-cache hash table entries: 1024 (order: 0, 4096 bytes)
[    0.090000] CPU: Testing write buffer coherency: ok
[    0.090000] ftrace: allocating 14972 entries in 44 pages
[    0.120000] Setting up static identity map for 0x80008200 - 0x8000825c
[    0.120000] devtmpfs: initialized
[    0.140000] clocksource: jiffies: mask: 0xffffffff max_cycles: 0xffffffff, max_idle_ns: 19112604462750000 ns
[    0.140000] futex hash table entries: 256 (order: -1, 3072 bytes)
[    0.140000] pinctrl core: initialized pinctrl subsystem
[    0.140000] NET: Registered protocol family 16
[    0.150000] DMA: preallocated 256 KiB pool for atomic coherent allocations
[    0.220000] usbcore: registered new interface driver usbfs
[    0.220000] usbcore: registered new interface driver hub
[    0.220000] usbcore: registered new device driver usb
[    0.230000] clocksource: Switched to clocksource moxart_timer
[    0.250000] NET: Registered protocol family 2
[    0.250000] TCP established hash table entries: 4096 (order: 2, 16384 bytes)
[    0.250000] TCP bind hash table entries: 4096 (order: 2, 16384 bytes)
[    0.250000] TCP: Hash tables configured (established 4096 bind 4096)
[    0.250000] UDP hash table entries: 256 (order: 0, 4096 bytes)
[    0.250000] UDP-Lite hash table entries: 256 (order: 0, 4096 bytes)
[    0.250000] NET: Registered protocol family 1
[    0.250000] Trying to unpack rootfs image as initramfs...
[    1.920000] Freeing initrd memory: 1548K
[    1.920000] workingset: timestamp_bits=30 max_order=17 bucket_order=0
[    1.920000] squashfs: version 4.0 (2009/01/31) Phillip Lougher
[    1.920000] jffs2: version 2.2. (SUMMARY)  Â© 2001-2006 Red Hat, Inc.
[    1.920000] Block layer SCSI generic (bsg) driver version 0.4 loaded (major 250)
[    1.920000] io scheduler noop registered
[    1.920000] io scheduler deadline registered
[    1.920000] io scheduler cfq registered (default)
[    2.070000] ipmi-bt-host 1e789140.ibt: Found bt bmc device
[    2.070000] ipmi-bt-host 1e789140.ibt: Using IRQ 22
[    2.070000] Serial: 8250/16550 driver, 6 ports, IRQ sharing enabled
[    2.070000] 1e787000.vuart: ttyS0 at MMIO 0x1e787000 (irq = 22, base_baud = 1500000) is a 16550A
[    2.070000] 1e783000.serial: ttyS1 at MMIO 0x1e783000 (irq = 23, base_baud = 1500000) is a 16550A
[    2.070000] 1e78d000.serial: ttyS2 at MMIO 0x1e78d000 (irq = 24, base_baud = 1500000) is a 16550A
[    2.070000] 1e784000.serial: ttyS4 at MMIO 0x1e784000 (irq = 25, base_baud = 1500000) is a 16550A
[    2.440000] console [ttyS4] enabled
[    2.610000] timeriomem_rng 1e6e2078.hwrng: 32bits from 0xf00e2078 @ 1us
[    2.630000] random: fast init done
[    2.660000] brd: module loaded
[    2.680000] loop: module loaded
[    2.680000] aspeed-lpc-ctrl 1e789080.lpc-ctrl: Loaded at 0x98000000 (0x04000000)
[    2.690000] aspeed-smc 1e620000.flash-controller: Using IRQ 18
[    2.690000] aspeed-smc 1e620000.flash-controller: DMA support disabled.
[    2.710000] aspeed-smc 1e620000.flash-controller: mx25l25635e (32768 Kbytes)
[    2.710000] aspeed-smc 1e620000.flash-controller: CE0 window [ 0x20000000 - 0x22000000 ] 32MB
[    2.710000] aspeed-smc 1e620000.flash-controller: CE1 window [ 0x22000000 - 0x2a000000 ] 128MB
[    2.730000] 5 ofpart partitions found on MTD device bmc
[    2.730000] Creating 5 MTD partitions on "bmc":
[    2.730000] 0x000000000000-0x000000060000 : "u-boot"
[    2.730000] 0x000000060000-0x000000080000 : "u-boot-env"
[    2.770000] 0x000000080000-0x0000004c0000 : "kernel"
[    2.770000] 0x0000004c0000-0x000001c00000 : "rofs"
[    2.790000] 0x000001c00000-0x000002000000 : "rwfs"
[    2.790000] aspeed-smc 1e620000.flash-controller: mx25l25635e (32768 Kbytes)
[    2.800000] aspeed-smc 1e620000.flash-controller: CE1 window [ 0x22000000 - 0x24000000 ] 32MB
[    2.800000] aspeed-smc 1e620000.flash-controller: CE2 window [ 0x24000000 - 0x2c000000 ] 128MB
[    2.830000] aspeed-smc 1e630000.flash-controller: mx66l1g45g (131072 Kbytes)
[    2.830000] aspeed-smc 1e630000.flash-controller: CE0 window resized to 120MB (AST2500 HW quirk)
[    2.840000] aspeed-smc 1e630000.flash-controller: CE0 window [ 0x30000000 - 0x37800000 ] 120MB
[    2.840000] aspeed-smc 1e630000.flash-controller: CE0 window too small for chip 128MB
[    2.840000] aspeed-smc 1e630000.flash-controller: CE1 window [ 0x37800000 - 0x38000000 ] 8MB
[    3.590000] libphy: Fixed MDIO Bus: probed
[    3.590000] ftgmac100 1e660000.ethernet: Read MAC address 70:e2:84:14:24:20 from chip
[    3.590000] ftgmac100 1e660000.ethernet: Using NCSI interface
[    3.590000] ftgmac100 1e660000.ethernet eth0: irq 20, mapped at f0060000
[    3.590000] ehci_hcd: USB 2.0 'Enhanced' Host Controller (EHCI) Driver
[    3.590000] ehci-platform: EHCI generic platform driver
[    3.840000]  fsi0: can't read slave 00:00 -5
[    3.840000] i2c /dev entries driver
[    3.840000] aspeed-i2c-bus 1e78a0c0.i2c-bus: i2c bus 2 registered, irq 26
[    3.840000] aspeed-i2c-bus 1e78a100.i2c-bus: i2c bus 3 registered, irq 27
[    3.840000] aspeed-i2c-bus 1e78a140.i2c-bus: i2c bus 4 registered, irq 28
[    3.840000] aspeed-i2c-bus 1e78a180.i2c-bus: i2c bus 5 registered, irq 29
[    3.840000] aspeed-i2c-bus 1e78a380.i2c-bus: i2c bus 9 registered, irq 30
[    3.840000] aspeed-i2c-bus 1e78a3c0.i2c-bus: i2c bus 10 registered, irq 31
[    3.840000] rtc-rv8803 11-0032: Voltage low, temperature compensation stopped.
[    3.940000] rtc-rv8803 11-0032: rtc core: registered rx8900 as rtc0
[    3.950000] at24 11-0051: 8192 byte 24c64 EEPROM, writable, 1 bytes/write
[    3.950000] aspeed-i2c-bus 1e78a400.i2c-bus: i2c bus 11 registered, irq 32
[    3.950000] aspeed-i2c-bus 1e78a440.i2c-bus: i2c bus 12 registered, irq 33
[    3.950000] aspeed-i2c-bus 1e78a480.i2c-bus: i2c bus 13 registered, irq 34
[    3.950000] Driver for 1-wire Dallas network protocol.
[    3.950000] lm75 9-004a: hwmon0: sensor 'tmp275'
[    4.030000] random: crng init done
[    5.800000] ucd9000 11-0064: Device ID UCD90160|2.3.4.0000|110603
[    6.470000] leds-pca955x 3-0060: leds-pca955x: Using pca9552 16-bit LED driver at slave address 0x60
[    6.490000] leds-pca955x 3-0060: gpios 264...279
[    6.490000] leds-pca955x 11-0060: leds-pca955x: Using pca9552 16-bit LED driver at slave address 0x60
[    6.500000] leds-pca955x 11-0060: gpios 248...263
[    6.510000] usbcore: registered new interface driver usbhid
[    6.510000] usbhid: USB HID core driver
[    6.560000] NET: Registered protocol family 10
[    6.560000] Segment Routing with IPv6
[    6.570000] NET: Registered protocol family 17
[    6.570000] 8021q: 802.1Q VLAN Support v1.8
[    6.580000] input: gpio-keys-polled as /devices/platform/gpio-keys-polled/input/input1
[    6.610000] console [netcon0] enabled
[    6.620000] netconsole: network logging started
[    6.620000] input: gpio-keys as /devices/platform/gpio-keys/input/input2
[    6.630000] rtc-rv8803 11-0032: setting system clock to 2016-04-27 06:09:21 UTC (1461737361)
[    6.640000] Freeing unused kernel memory: 280K
[    6.640000] This architecture does not have kernel memory protection.
[    8.450000] jffs2: notice: (540) jffs2_build_xattr_subsystem: complete building xattr subsystem, 1 of xdatum (0 unchecked, 0 orphan) and 11 of xref (0 dead, 1 orphan) found.
[   10.660000] systemd[1]: System time before build time, advancing clock.
[   10.680000] systemd[1]: Failed to insert module 'autofs4': No such file or directory
[   10.820000] systemd[1]: systemd 232 running in system mode. (+PAM -AUDIT -SELINUX -IMA -APPARMOR -SMACK +SYSVINIT -UTMP -LIBCRYPTSETUP -GCRYPT -GNUTLS +ACL +XZ -LZ4 -SECCOMP +BLKID -ELFUTILS +KMOD -IDN)
[   10.820000] systemd[1]: Detected architecture arm.
[   10.890000] systemd[1]: Set hostname to <witherspoon>.
[   12.060000] systemd[1]: [/lib/systemd/system/obmc-flash-bios-updatesymlinks.service:9] Unknown lvalue 'WantedBy' in section 'Service'
[   12.470000] systemd[1]: Listening on Syslog Socket.
[   12.600000] systemd[1]: Started Dispatch Password Requests to Console Directory Watch.
[   12.640000] systemd[1]: Reached target Remote File Systems.
[   12.680000] systemd[1]: Listening on /dev/initctl Compatibility Named Pipe.
[   12.720000] systemd[1]: Listening on udev Control Socket.
[   12.760000] systemd[1]: Reached target Swap.
[   15.830000] systemd-journald[656]: Received request to flush runtime journal from PID 1
[   21.420000] ubi7: default fastmap pool size: 100
[   21.420000] ubi7: default fastmap WL pool size: 50
[   21.420000] ubi7: attaching mtd7
[   21.420000] ubi7: scanning is finished
[   21.570000] ubi7: attached mtd7 (name "pnor", size 128 MiB)
[   21.570000] ubi7: PEB size: 65536 bytes (64 KiB), LEB size: 65408 bytes
[   21.570000] ubi7: min./max. I/O unit sizes: 1/256, sub-page size 1
[   21.570000] ubi7: VID header offset: 64 (aligned 64), data offset: 128
[   21.570000] ubi7: good PEBs: 2048, bad PEBs: 0, corrupted PEBs: 0
[   21.570000] ubi7: user volume: 3, internal volumes: 1, max. volumes count: 128
[   21.570000] ubi7: max/mean erase counter: 1/0, WL threshold: 4096, image sequence number: 1945979209
[   21.570000] ubi7: available PEBs: 1367, total reserved PEBs: 681, PEBs reserved for bad PEB handling: 0
[   21.570000] ubi7: background thread "ubi_bgt7d" started, PID 993
[   24.080000] ubi: mtd7 is already attached to ubi7
[   30.960000] 8021q: adding VLAN 0 to HW filter on device eth0
[   34.170000] ftgmac100 1e660000.ethernet eth0: ncsi: removed vlan tag 0 at index 1
[   34.170000] ftgmac100 1e660000.ethernet eth0: ncsi: removed vlan tag 0 at index 2
[   34.170000] ftgmac100 1e660000.ethernet eth0: no vlan ids left to set
[   34.170000] ftgmac100 1e660000.ethernet eth0: NCSI interface up
[   39.400000] block ubiblock7_0: created from ubi7:0(pnor-ro-2026f937)
[   42.640000] UBIFS (ubi7:1): UBIFS: mounted UBI device 7, volume 1, name "pnor-rw-2026f937"
[   42.640000] UBIFS (ubi7:1): LEB size: 65408 bytes (63 KiB), min./max. I/O unit sizes: 8 bytes/256 bytes
[   42.640000] UBIFS (ubi7:1): FS size: 16155776 bytes (15 MiB, 247 LEBs), journal size 784896 bytes (0 MiB, 12 LEBs)
[   42.640000] UBIFS (ubi7:1): reserved for root: 763076 bytes (745 KiB)
[   42.640000] UBIFS (ubi7:1): media format: w5/r0 (latest is w5/r0), UUID 500C78CE-DCF3-45AF-AD9B-B4D2706443A6, small LPT model
[   42.640000] UBIFS (ubi7:1): background thread "ubifs_bgt7_1" started, PID 1086
[   44.870000] UBIFS (ubi7:2): UBIFS: mounted UBI device 7, volume 2, name "pnor-prsv"
[   44.870000] UBIFS (ubi7:2): LEB size: 65408 bytes (63 KiB), min./max. I/O unit sizes: 8 bytes/256 bytes
[   44.870000] UBIFS (ubi7:2): FS size: 1504384 bytes (1 MiB, 23 LEBs), journal size 523265 bytes (0 MiB, 6 LEBs)
[   44.870000] UBIFS (ubi7:2): reserved for root: 71055 bytes (69 KiB)
[   44.870000] UBIFS (ubi7:2): media format: w5/r0 (latest is w5/r0), UUID 5D87D5C7-D891-4474-9E72-202C1EE52BC1, small LPT model
[   44.870000] UBIFS (ubi7:2): background thread "ubifs_bgt7_2" started, PID 1095
[   52.870000] UBIFS (ubi7:3): default file-system created
[   52.870000] UBIFS (ubi7:3): UBIFS: mounted UBI device 7, volume 3, name "pnor-patch"
[   52.870000] UBIFS (ubi7:3): LEB size: 65408 bytes (63 KiB), min./max. I/O unit sizes: 8 bytes/256 bytes
[   52.870000] UBIFS (ubi7:3): FS size: 16155776 bytes (15 MiB, 247 LEBs), journal size 784896 bytes (0 MiB, 12 LEBs)
[   52.870000] UBIFS (ubi7:3): reserved for root: 763076 bytes (745 KiB)
[   52.870000] UBIFS (ubi7:3): media format: w5/r0 (latest is w5/r0), UUID 7C400EB8-DD25-4C45-AD05-EFC2B8307040, small LPT model
[   52.870000] UBIFS (ubi7:3): background thread "ubifs_bgt7_3" started, PID 1142
[  216.450000] ucd9000 11-0064: Device ID UCD90160|2.3.4.0000|110603
[  218.060000] ucd9000 11-0064: Device ID UCD90160|2.3.4.0000|110603
[  225.690000] occ-hwmon occ1-dev0: failed to get OCC poll response: -19
[  228.690000] ucd9000 11-0064: Device ID UCD90160|2.3.4.0000|110603
[  231.010000]  slave@00:00: status: 0xc4000511, sisc: 0x82040000
[  279.590000] ucd9000 11-0064: Device ID UCD90160|2.3.4.0000|110603
[  281.120000] ucd9000 11-0064: Device ID UCD90160|2.3.4.0000|110603
[  289.750000] occ-hwmon occ1-dev0: failed to get OCC poll response: -19
[  292.200000] ucd9000 11-0064: Device ID UCD90160|2.3.4.0000|110603
[  294.370000]  slave@00:00: status: 0xc4000511, sisc: 0x82040000
[  344.770000] ucd9000 11-0064: Device ID UCD90160|2.3.4.0000|110603
[  348.050000] ucd9000 11-0064: Device ID UCD90160|2.3.4.0000|110603
[  356.590000] occ-hwmon occ1-dev0: failed to get OCC poll response: -19
[  359.070000] ucd9000 11-0064: Device ID UCD90160|2.3.4.0000|110603
[  361.490000]  slave@00:00: status: 0xc4000511, sisc: 0x82040000
[  411.270000] ucd9000 11-0064: Device ID UCD90160|2.3.4.0000|110603
[  414.220000] ucd9000 11-0064: Device ID UCD90160|2.3.4.0000|110603
[  423.570000] occ-hwmon occ1-dev0: failed to get OCC poll response: -19
[  425.800000] ucd9000 11-0064: Device ID UCD90160|2.3.4.0000|110603
[  427.820000]  slave@00:00: status: 0xc4000511, sisc: 0x82040000
