-- Logs begin at Wed 2017-07-19 20:03:41 UTC, end at Wed 2017-07-19 20:24:49 UTC. --
Jul 19 20:03:41 witherspoon kernel: Booting Linux on physical CPU 0x0
Jul 19 20:03:41 witherspoon kernel: Linux version 4.10.17-ddfde37e4c473463072ad9e95de4d3db17dc1fb0 (jenkins@openbmc-builder1) (gcc version 6.2.0 (GCC) ) #1 Wed Jul 19 18:29:41 UTC 2017
Jul 19 20:03:41 witherspoon kernel: CPU: ARMv6-compatible processor [410fb767] revision 7 (ARMv7), cr=00c5387d
Jul 19 20:03:41 witherspoon kernel: CPU: PIPT / VIPT nonaliasing data cache, VIPT nonaliasing instruction cache
Jul 19 20:03:41 witherspoon kernel: OF: fdt:Machine model: Witherspoon BMC
Jul 19 20:03:41 witherspoon kernel: Memory policy: Data cache writeback
Jul 19 20:03:41 witherspoon kernel: SOC Rev: 04030303
Jul 19 20:03:41 witherspoon kernel: On node 0 totalpages: 110592
Jul 19 20:03:41 witherspoon kernel: free_area_init_node: node 0, pgdat 805fd514, node_mem_map 9ec1a000
Jul 19 20:03:41 witherspoon kernel:   Normal zone: 992 pages used for memmap
Jul 19 20:03:41 witherspoon kernel:   Normal zone: 0 pages reserved
Jul 19 20:03:41 witherspoon kernel:   Normal zone: 110592 pages, LIFO batch:31
Jul 19 20:03:41 witherspoon kernel: pcpu-alloc: s0 r0 d32768 u32768 alloc=1*32768
Jul 19 20:03:41 witherspoon kernel: pcpu-alloc: [0] 0 
Jul 19 20:03:41 witherspoon kernel: Built 1 zonelists in Zone order, mobility grouping on.  Total pages: 109600
Jul 19 20:03:41 witherspoon kernel: Kernel command line: console=ttyS4,115200n8 root=/dev/ram rw
Jul 19 20:03:41 witherspoon kernel: PID hash table entries: 2048 (order: 1, 8192 bytes)
Jul 19 20:03:41 witherspoon kernel: Dentry cache hash table entries: 65536 (order: 6, 262144 bytes)
Jul 19 20:03:41 witherspoon kernel: Inode-cache hash table entries: 32768 (order: 5, 131072 bytes)
Jul 19 20:03:41 witherspoon kernel: Memory: 430448K/442368K available (4063K kernel code, 280K rwdata, 1188K rodata, 284K init, 111K bss, 11920K reserved, 0K cma-reserved)
Jul 19 20:03:41 witherspoon kernel: Virtual kernel memory layout:
                                        vector  : 0xffff0000 - 0xffff1000   (   4 kB)
                                        fixmap  : 0xffc00000 - 0xfff00000   (3072 kB)
                                        vmalloc : 0x9f800000 - 0xff800000   (1536 MB)
                                        lowmem  : 0x80000000 - 0x9f000000   ( 496 MB)
                                          .text : 0x80008000 - 0x803fff10   (4064 kB)
                                          .init : 0x80583000 - 0x805ca000   ( 284 kB)
                                          .data : 0x805ca000 - 0x806102a8   ( 281 kB)
                                           .bss : 0x806102a8 - 0x8062c158   ( 112 kB)
Jul 19 20:03:41 witherspoon kernel: NR_IRQS:16 nr_irqs:16 16
Jul 19 20:03:41 witherspoon kernel: i2c controller registered, irq 16
Jul 19 20:03:41 witherspoon kernel: clocksource: moxart_timer: mask: 0xffffffff max_cycles: 0xffffffff, max_idle_ns: 77222644334 ns
Jul 19 20:03:41 witherspoon kernel: sched_clock: 32 bits at 100 Hz, resolution 10000000ns, wraps every 21474836475000000ns
Jul 19 20:03:41 witherspoon kernel: Calibrating delay loop... 789.70 BogoMIPS (lpj=3948544)
Jul 19 20:03:41 witherspoon kernel: pid_max: default: 32768 minimum: 301
Jul 19 20:03:41 witherspoon kernel: Mount-cache hash table entries: 1024 (order: 0, 4096 bytes)
Jul 19 20:03:41 witherspoon kernel: Mountpoint-cache hash table entries: 1024 (order: 0, 4096 bytes)
Jul 19 20:03:41 witherspoon kernel: CPU: Testing write buffer coherency: ok
Jul 19 20:03:41 witherspoon kernel: ftrace: allocating 14932 entries in 44 pages
Jul 19 20:03:41 witherspoon kernel: Setting up static identity map for 0x80008200 - 0x8000825c
Jul 19 20:03:41 witherspoon kernel: devtmpfs: initialized
Jul 19 20:03:41 witherspoon kernel: clocksource: jiffies: mask: 0xffffffff max_cycles: 0xffffffff, max_idle_ns: 19112604462750000 ns
Jul 19 20:03:41 witherspoon kernel: futex hash table entries: 256 (order: -1, 3072 bytes)
Jul 19 20:03:41 witherspoon kernel: pinctrl core: initialized pinctrl subsystem
Jul 19 20:03:41 witherspoon kernel: NET: Registered protocol family 16
Jul 19 20:03:41 witherspoon kernel: DMA: preallocated 256 KiB pool for atomic coherent allocations
Jul 19 20:03:41 witherspoon kernel: usbcore: registered new interface driver usbfs
Jul 19 20:03:41 witherspoon kernel: usbcore: registered new interface driver hub
Jul 19 20:03:41 witherspoon kernel: usbcore: registered new device driver usb
Jul 19 20:03:41 witherspoon kernel: clocksource: Switched to clocksource moxart_timer
Jul 19 20:03:41 witherspoon kernel: NET: Registered protocol family 2
Jul 19 20:03:41 witherspoon kernel: TCP established hash table entries: 4096 (order: 2, 16384 bytes)
Jul 19 20:03:41 witherspoon kernel: TCP bind hash table entries: 4096 (order: 2, 16384 bytes)
Jul 19 20:03:41 witherspoon kernel: TCP: Hash tables configured (established 4096 bind 4096)
Jul 19 20:03:41 witherspoon kernel: UDP hash table entries: 256 (order: 0, 4096 bytes)
Jul 19 20:03:41 witherspoon kernel: UDP-Lite hash table entries: 256 (order: 0, 4096 bytes)
Jul 19 20:03:41 witherspoon kernel: NET: Registered protocol family 1
Jul 19 20:03:41 witherspoon kernel: Trying to unpack rootfs image as initramfs...
Jul 19 20:03:41 witherspoon kernel: Freeing initrd memory: 1548K
Jul 19 20:03:41 witherspoon kernel: workingset: timestamp_bits=30 max_order=17 bucket_order=0
Jul 19 20:03:41 witherspoon kernel: squashfs: version 4.0 (2009/01/31) Phillip Lougher
Jul 19 20:03:41 witherspoon kernel: jffs2: version 2.2. (SUMMARY)  © 2001-2006 Red Hat, Inc.
Jul 19 20:03:41 witherspoon kernel: Block layer SCSI generic (bsg) driver version 0.4 loaded (major 250)
Jul 19 20:03:41 witherspoon kernel: io scheduler noop registered
Jul 19 20:03:41 witherspoon kernel: io scheduler deadline registered
Jul 19 20:03:41 witherspoon kernel: io scheduler cfq registered (default)
Jul 19 20:03:41 witherspoon kernel: ipmi-bt-host 1e789140.ibt: Found bt bmc device
Jul 19 20:03:41 witherspoon kernel: ipmi-bt-host 1e789140.ibt: Using IRQ 22
Jul 19 20:03:41 witherspoon kernel: Serial: 8250/16550 driver, 6 ports, IRQ sharing enabled
Jul 19 20:03:41 witherspoon kernel: 1e783000.serial: ttyS0 at MMIO 0x1e783000 (irq = 23, base_baud = 1500000) is a 16550A
Jul 19 20:03:41 witherspoon kernel: 1e78d000.serial: ttyS1 at MMIO 0x1e78d000 (irq = 24, base_baud = 1500000) is a 16550A
Jul 19 20:03:41 witherspoon kernel: 1e784000.serial: ttyS4 at MMIO 0x1e784000 (irq = 25, base_baud = 1500000) is a 16550A
Jul 19 20:03:41 witherspoon kernel: console [ttyS4] enabled
Jul 19 20:03:41 witherspoon kernel: 1e787000.vuart: ttyS2 at MMIO 0x1e787000 (irq = 22, base_baud = 1500000) is a 16550A
Jul 19 20:03:41 witherspoon kernel: timeriomem_rng 1e6e2078.hwrng: 32bits from 0xf00e2078 @ 1us
Jul 19 20:03:41 witherspoon kernel: random: fast init done
Jul 19 20:03:41 witherspoon kernel: brd: module loaded
Jul 19 20:03:41 witherspoon kernel: random: crng init done
Jul 19 20:03:41 witherspoon kernel: loop: module loaded
Jul 19 20:03:41 witherspoon kernel: aspeed-lpc-ctrl 1e789080.lpc-ctrl: Loaded at 0x98000000 (0x04000000)
Jul 19 20:03:41 witherspoon kernel: aspeed-smc 1e620000.flash-controller: Using IRQ 18
Jul 19 20:03:41 witherspoon kernel: aspeed-smc 1e620000.flash-controller: DMA support disabled.
Jul 19 20:03:41 witherspoon kernel: aspeed-smc 1e620000.flash-controller: mx25l25635e (32768 Kbytes)
Jul 19 20:03:41 witherspoon kernel: aspeed-smc 1e620000.flash-controller: CE0 window [ 0x20000000 - 0x22000000 ] 32MB
Jul 19 20:03:41 witherspoon kernel: aspeed-smc 1e620000.flash-controller: CE1 window [ 0x22000000 - 0x2a000000 ] 128MB
Jul 19 20:03:41 witherspoon kernel: 5 ofpart partitions found on MTD device bmc
Jul 19 20:03:41 witherspoon kernel: Creating 5 MTD partitions on "bmc":
Jul 19 20:03:41 witherspoon kernel: 0x000000000000-0x000000060000 : "u-boot"
Jul 19 20:03:41 witherspoon kernel: 0x000000060000-0x000000080000 : "u-boot-env"
Jul 19 20:03:41 witherspoon kernel: 0x000000080000-0x0000004c0000 : "kernel"
Jul 19 20:03:41 witherspoon kernel: 0x0000004c0000-0x000001c00000 : "rofs"
Jul 19 20:03:41 witherspoon kernel: 0x000001c00000-0x000002000000 : "rwfs"
Jul 19 20:03:41 witherspoon kernel: aspeed-smc 1e620000.flash-controller: mx25l25635e (32768 Kbytes)
Jul 19 20:03:41 witherspoon kernel: aspeed-smc 1e620000.flash-controller: CE1 window [ 0x22000000 - 0x24000000 ] 32MB
Jul 19 20:03:41 witherspoon kernel: aspeed-smc 1e620000.flash-controller: CE2 window [ 0x24000000 - 0x2c000000 ] 128MB
Jul 19 20:03:41 witherspoon kernel: aspeed-smc 1e630000.flash-controller: mx66l1g45g (131072 Kbytes)
Jul 19 20:03:41 witherspoon kernel: aspeed-smc 1e630000.flash-controller: CE0 window resized to 120MB (AST2500 HW quirk)
Jul 19 20:03:41 witherspoon kernel: aspeed-smc 1e630000.flash-controller: CE0 window [ 0x30000000 - 0x37800000 ] 120MB
Jul 19 20:03:41 witherspoon kernel: aspeed-smc 1e630000.flash-controller: CE0 window too small for chip 128MB
Jul 19 20:03:41 witherspoon kernel: aspeed-smc 1e630000.flash-controller: CE1 window [ 0x37800000 - 0x38000000 ] 8MB
Jul 19 20:03:41 witherspoon kernel: libphy: Fixed MDIO Bus: probed
Jul 19 20:03:41 witherspoon kernel: ftgmac100 1e660000.ethernet: Read MAC address 70:e2:84:14:23:e1 from chip
Jul 19 20:03:41 witherspoon kernel: ftgmac100 1e660000.ethernet: Using NCSI interface
Jul 19 20:03:41 witherspoon kernel: ftgmac100 1e660000.ethernet eth0: irq 20, mapped at f0060000
Jul 19 20:03:41 witherspoon kernel: ehci_hcd: USB 2.0 'Enhanced' Host Controller (EHCI) Driver
Jul 19 20:03:41 witherspoon kernel: ehci-platform: EHCI generic platform driver
Jul 19 20:03:41 witherspoon kernel:  fsi0: can't read slave 00:00 -5
Jul 19 20:03:41 witherspoon kernel: i2c /dev entries driver
Jul 19 20:03:41 witherspoon kernel: aspeed-i2c-bus 1e78a0c0.i2c-bus: i2c bus 2 registered, irq 26
Jul 19 20:03:41 witherspoon kernel: aspeed-i2c-bus 1e78a100.i2c-bus: i2c bus 3 registered, irq 27
Jul 19 20:03:41 witherspoon kernel: aspeed-i2c-bus 1e78a140.i2c-bus: i2c bus 4 registered, irq 28
Jul 19 20:03:41 witherspoon kernel: aspeed-i2c-bus 1e78a180.i2c-bus: i2c bus 5 registered, irq 29
Jul 19 20:03:41 witherspoon kernel: aspeed-i2c-bus 1e78a380.i2c-bus: i2c bus 9 registered, irq 30
Jul 19 20:03:41 witherspoon kernel: aspeed-i2c-bus 1e78a3c0.i2c-bus: i2c bus 10 registered, irq 31
Jul 19 20:03:41 witherspoon kernel: rtc-rv8803 11-0032: Voltage low, temperature compensation stopped.
Jul 19 20:03:41 witherspoon kernel: rtc-rv8803 11-0032: An alarm maybe have been missed.
Jul 19 20:03:41 witherspoon kernel: rtc-rv8803 11-0032: rtc core: registered rx8900 as rtc0
Jul 19 20:03:41 witherspoon kernel: at24 11-0051: 8192 byte 24c64 EEPROM, writable, 1 bytes/write
Jul 19 20:03:41 witherspoon kernel: aspeed-i2c-bus 1e78a400.i2c-bus: i2c bus 11 registered, irq 32
Jul 19 20:03:41 witherspoon kernel: aspeed-i2c-bus 1e78a440.i2c-bus: i2c bus 12 registered, irq 33
Jul 19 20:03:41 witherspoon kernel: aspeed-i2c-bus 1e78a480.i2c-bus: i2c bus 13 registered, irq 34
Jul 19 20:03:41 witherspoon kernel: Driver for 1-wire Dallas network protocol.
Jul 19 20:03:41 witherspoon kernel: lm75 9-004a: hwmon0: sensor 'tmp275'
Jul 19 20:03:41 witherspoon kernel: ucd9000 11-0064: Device ID UCD90160|2.3.4.0000|110603
Jul 19 20:03:41 witherspoon kernel: leds-pca955x 3-0060: leds-pca955x: Using pca9552 16-bit LED driver at slave address 0x60
Jul 19 20:03:41 witherspoon kernel: leds-pca955x 11-0060: leds-pca955x: Using pca9552 16-bit LED driver at slave address 0x60
Jul 19 20:03:41 witherspoon kernel: leds-pca955x 11-0060: gpios 264...279
Jul 19 20:03:41 witherspoon kernel: usbcore: registered new interface driver usbhid
Jul 19 20:03:41 witherspoon kernel: usbhid: USB HID core driver
Jul 19 20:03:41 witherspoon kernel: dps310: probe of 3-0076 failed with error -5
Jul 19 20:03:41 witherspoon kernel: NET: Registered protocol family 10
Jul 19 20:03:41 witherspoon kernel: Segment Routing with IPv6
Jul 19 20:03:41 witherspoon kernel: NET: Registered protocol family 17
Jul 19 20:03:41 witherspoon kernel: 8021q: 802.1Q VLAN Support v1.8
Jul 19 20:03:41 witherspoon kernel: console [netcon0] enabled
Jul 19 20:03:41 witherspoon kernel: netconsole: network logging started
Jul 19 20:03:41 witherspoon kernel: input: gpio-keys as /devices/platform/gpio-keys/input/input0
Jul 19 20:03:41 witherspoon kernel: rtc-rv8803 11-0032: setting system clock to 2017-07-19 20:03:32 UTC (1500494612)
Jul 19 20:03:41 witherspoon kernel: Freeing unused kernel memory: 284K
Jul 19 20:03:41 witherspoon kernel: This architecture does not have kernel memory protection.
Jul 19 20:03:41 witherspoon kernel: jffs2: notice: (526) jffs2_build_xattr_subsystem: complete building xattr subsystem, 0 of xdatum (0 unchecked, 0 orphan) and 0 of xref (0 dead, 0 orphan) found.
Jul 19 20:03:41 witherspoon systemd[1]: Failed to insert module 'autofs4': No such file or directory
Jul 19 20:03:41 witherspoon systemd[1]: systemd 232 running in system mode. (+PAM -AUDIT -SELINUX -IMA -APPARMOR -SMACK +SYSVINIT -UTMP -LIBCRYPTSETUP -GCRYPT -GNUTLS +ACL +XZ -LZ4 -SECCOMP +BLKID -ELFUTILS +KMOD -IDN)
Jul 19 20:03:41 witherspoon systemd[1]: Detected architecture arm.
Jul 19 20:03:41 witherspoon systemd[1]: Set hostname to <witherspoon>.
Jul 19 20:03:41 witherspoon systemd[1]: [/lib/systemd/system/xyz.openbmc_project.ObjectMapper.service:9] Unknown lvalue '--blacklists' in section 'Service'
Jul 19 20:03:41 witherspoon systemd[1]: Listening on udev Control Socket.
Jul 19 20:03:41 witherspoon systemd[1]: Listening on /dev/initctl Compatibility Named Pipe.
Jul 19 20:03:41 witherspoon systemd[1]: Listening on Journal Socket (/dev/log).
Jul 19 20:03:41 witherspoon systemd[1]: Started Forward Password Requests to Wall Directory Watch.
Jul 19 20:03:41 witherspoon systemd[1]: Listening on Network Service Netlink Socket.
Jul 19 20:03:41 witherspoon systemd[1]: Reached target Swap.
Jul 19 20:03:41 witherspoon systemd[1]: Starting udev Coldplug all Devices...
Jul 19 20:03:41 witherspoon systemd-journald[555]: Journal started
Jul 19 20:03:42 witherspoon systemd-journald[555]: Runtime journal (/run/log/journal/cc6e1404d87444e8a089dfdb00a18f7d) is 0B, max 0B, 0B free.
Jul 19 20:03:42 witherspoon systemd[1]: Created slice system-org.openbmc.control.Power.slice.
Jul 19 20:03:42 witherspoon systemd[1]: dev-hugepages.mount: Couldn't determine result for ConditionVirtualization=!private-users, assuming failed: No such file or directory
Jul 19 20:03:42 witherspoon systemd[1]: Created slice system-org.openbmc.control.Chassis.slice.
Jul 19 20:03:42 witherspoon systemd[1]: Created slice system-org.openbmc.buttons.Power.slice.
Jul 19 20:03:43 witherspoon systemd[1]: Created slice system-org.openbmc.control.Bmc.slice.
Jul 19 20:03:43 witherspoon systemd[1]: Created slice system-op\x2dreset\x2dchassis\x2drunning.slice.
Jul 19 20:03:43 witherspoon systemd-sysctl[657]: Couldn't write '16' to 'kernel/sysrq', ignoring: No such file or directory
Jul 19 20:03:43 witherspoon systemd-sysctl[657]: Couldn't write 'fq_codel' to 'net/core/default_qdisc', ignoring: No such file or directory
Jul 19 20:03:43 witherspoon systemd[1]: Starting Apply Kernel Variables...
Jul 19 20:03:44 witherspoon systemd[1]: Mounted Debug File System.
Jul 19 20:03:44 witherspoon systemd[1]: Mounted Temporary Directory.
Jul 19 20:03:44 witherspoon systemd[1]: Started Remount Root and Kernel File Systems.
Jul 19 20:03:45 witherspoon systemd[1]: Started Apply Kernel Variables.
Jul 19 20:03:45 witherspoon systemd[1]: Starting Create System Users...
Jul 19 20:03:45 witherspoon systemd[1]: Starting Flush Journal to Persistent Storage...
Jul 19 20:03:46 witherspoon systemd[1]: Started udev Coldplug all Devices.
Jul 19 20:03:46 witherspoon systemd-journald[555]: Runtime journal (/run/log/journal/cc6e1404d87444e8a089dfdb00a18f7d) is 0B, max 0B, 0B free.
Jul 19 20:03:46 witherspoon systemd[1]: Started Flush Journal to Persistent Storage.
Jul 19 20:03:46 witherspoon systemd[1]: Started Create System Users.
Jul 19 20:03:46 witherspoon systemd[1]: Starting Create Static Device Nodes in /dev...
Jul 19 20:03:46 witherspoon systemd[1]: Started Create Static Device Nodes in /dev.
Jul 19 20:03:46 witherspoon systemd[1]: Starting udev Kernel Device Manager...
Jul 19 20:03:46 witherspoon systemd[1]: Reached target Local File Systems (Pre).
Jul 19 20:03:46 witherspoon systemd[1]: Mounting /var/volatile...
Jul 19 20:03:47 witherspoon systemd[1]: Mounted /var/volatile.
Jul 19 20:03:47 witherspoon systemd[1]: Starting Load/Save Random Seed...
Jul 19 20:03:47 witherspoon systemd[1]: Reached target Local File Systems.
Jul 19 20:03:47 witherspoon systemd[1]: Starting Rebuild Journal Catalog...
Jul 19 20:03:47 witherspoon systemd[1]: Starting Create Volatile Files and Directories...
Jul 19 20:03:47 witherspoon systemd[1]: Started Load/Save Random Seed.
Jul 19 20:03:47 witherspoon systemd-tmpfiles[897]: "/var/tmp" already exists and is not a directory.
Jul 19 20:03:47 witherspoon systemd-tmpfiles[897]: "/var/log" already exists and is not a directory.
Jul 19 20:03:47 witherspoon systemd[1]: Started Create Volatile Files and Directories.
Jul 19 20:03:47 witherspoon systemd[1]: Started Rebuild Journal Catalog.
Jul 19 20:03:48 witherspoon systemd[1]: Started udev Kernel Device Manager.
Jul 19 20:03:48 witherspoon systemd[1]: Starting Update is Completed...
Jul 19 20:03:48 witherspoon systemd[1]: Starting Network Time Synchronization...
Jul 19 20:03:48 witherspoon systemd[1]: Starting Run pending postinsts...
Jul 19 20:03:48 witherspoon systemd[1]: Started Update is Completed.
Jul 19 20:03:49 witherspoon systemd[1]: Found device /dev/aspeed-lpc-ctrl.
Jul 19 20:03:49 witherspoon systemd[1]: Started Network Time Synchronization.
Jul 19 20:03:49 witherspoon systemd[1]: Found device /dev/aspeed-mbox.
Jul 19 20:03:49 witherspoon run-postinsts[913]: Running postinst /etc/rpm-postinsts/libglib-2.0-0...
Jul 19 20:03:49 witherspoon systemd[1]: Found device /dev/ttyS4.
Jul 19 20:03:50 witherspoon systemd[1]: Found device /dev/ttyVUART0.
Jul 19 20:03:50 witherspoon systemd[1]: Created slice system-xyz.openbmc_project.Hwmon.slice.
Jul 19 20:03:50 witherspoon systemd[1]: dev-hugepages.mount: Couldn't determine result for ConditionVirtualization=!private-users, assuming failed: No such file or directory
Jul 19 20:03:50 witherspoon systemd[1]: Reached target System Time Synchronized.
Jul 19 20:03:50 witherspoon systemd[1]: dev-hugepages.mount: Couldn't determine result for ConditionVirtualization=!private-users, assuming failed: No such file or directory
Jul 19 20:03:50 witherspoon systemd[1]: Created slice system-xyz.openbmc_project.led.controller.slice.
Jul 19 20:03:50 witherspoon systemd[1]: dev-hugepages.mount: Couldn't determine result for ConditionVirtualization=!private-users, assuming failed: No such file or directory
Jul 19 20:03:51 witherspoon systemd[1]: dev-hugepages.mount: Couldn't determine result for ConditionVirtualization=!private-users, assuming failed: No such file or directory
Jul 19 20:03:52 witherspoon run-postinsts[913]: rm: can't remove '/etc/rpm-postinsts': Invalid argument
Jul 19 20:03:52 witherspoon run-postinsts[913]:  Removing any system startup links for run-postinsts ...
Jul 19 20:03:52 witherspoon systemctl[933]: Removed /etc/systemd/system/sysinit.target.wants/run-postinsts.service.
Jul 19 20:03:52 witherspoon systemd[1]: Reloading.
Jul 19 20:03:54 witherspoon systemd[1]: [/lib/systemd/system/xyz.openbmc_project.ObjectMapper.service:9] Unknown lvalue '--blacklists' in section 'Service'
Jul 19 20:03:55 witherspoon systemd[1]: Started Run pending postinsts.
Jul 19 20:03:55 witherspoon systemd[1]: Reached target System Initialization.
Jul 19 20:03:55 witherspoon systemd[1]: Listening on phosphor-ipmi-net.socket.
Jul 19 20:03:55 witherspoon systemd[1]: Listening on Phosphor Host Console SSH Per-Connection socket.
Jul 19 20:03:55 witherspoon systemd[1]: Listening on D-Bus System Message Bus Socket.
Jul 19 20:03:55 witherspoon systemd[1]: Listening on Phosphor DBUS Browser socket.
Jul 19 20:03:55 witherspoon systemd[1]: Listening on Avahi mDNS/DNS-SD Stack Activation Socket.
Jul 19 20:03:55 witherspoon systemd[1]: Listening on Phosphor Webserver socket.
Jul 19 20:03:55 witherspoon systemd[1]: Listening on dropbear.socket.
Jul 19 20:03:55 witherspoon systemd[1]: Reached target Sockets.
Jul 19 20:03:55 witherspoon systemd[1]: Reached target Basic System.
Jul 19 20:03:55 witherspoon systemd[1]: Starting Clear one time boot overrides...
Jul 19 20:03:55 witherspoon systemd[1]: Starting Phosphor Inventory Manager...
Jul 19 20:03:55 witherspoon systemd[1]: Starting Phosphor Download Manager...
Jul 19 20:03:55 witherspoon systemd[1]: Starting Phosphor Dump Manager...
Jul 19 20:03:55 witherspoon systemd[1]: Started Phosphor MBOX Daemon.
Jul 19 20:03:55 witherspoon systemd[1]: Starting Phosphor DBus Service Discovery Manager...
Jul 19 20:03:56 witherspoon systemd[1]: Started Phosphor Console Muxer listening on device /dev/ttyVUART0.
Jul 19 20:03:56 witherspoon systemd[1]: Started Phosphor sysfs LED controller.
Jul 19 20:03:56 witherspoon systemd[1]: Started Phosphor Hwmon Poller.
Jul 19 20:03:56 witherspoon systemd[1]: Starting OpenBMC Software Update Manager...
Jul 19 20:03:56 witherspoon systemd[1]: Started Phosphor Hwmon Poller.
Jul 19 20:03:56 witherspoon systemd[1]: Starting Phosphor User Manager...
Jul 19 20:03:56 witherspoon systemd[1]: Started Phosphor sysfs LED controller.
Jul 19 20:03:56 witherspoon systemd[1]: Started Phosphor Hwmon Poller.
Jul 19 20:03:56 witherspoon systemd[1]: Started Phosphor Hwmon Poller.
Jul 19 20:03:56 witherspoon systemd[1]: Starting Phosphor BMC0 Control...
Jul 19 20:03:56 witherspoon systemd[1]: Started Phosphor sysfs LED controller.
Jul 19 20:03:56 witherspoon systemd[1]: Starting OpenPower Software Update Manager...
Jul 19 20:03:57 witherspoon systemd[1]: Started Phosphor Dump core monitor..
Jul 19 20:03:57 witherspoon systemd[1]: Started Phosphor Hwmon Poller.
Jul 19 20:03:57 witherspoon systemd[1]: Started Kernel Logging Service.
Jul 19 20:03:57 witherspoon systemd[1]: Started Phosphor Hwmon Poller.
Jul 19 20:04:00 witherspoon kernel[966]: klogd started: BusyBox v1.24.1 (2017-06-16 19:29:08 UTC)
Jul 19 20:03:57 witherspoon systemd[1]: Started Phosphor sysfs LED controller.
Jul 19 20:04:00 witherspoon kernel[966]: [    0.000000] Booting Linux on physical CPU 0x0
Jul 19 20:03:57 witherspoon systemd[1]: Reached target Containers.
Jul 19 20:04:00 witherspoon kernel[966]: [    0.000000] Linux version 4.10.17-ddfde37e4c473463072ad9e95de4d3db17dc1fb0 (jenkins@openbmc-builder1) (gcc version 6.2.0 (GCC) ) #1 Wed Jul 19 18:29:41 UTC 2017
Jul 19 20:03:57 witherspoon systemd[1]: Starting Phosphor IPMI BT DBus Bridge...
Jul 19 20:04:00 witherspoon kernel[966]: [    0.000000] CPU: ARMv6-compatible processor [410fb767] revision 7 (ARMv7), cr=00c5387d
Jul 19 20:03:57 witherspoon systemd[1]: Starting Phosphor Settings Daemon...
Jul 19 20:04:00 witherspoon kernel[966]: [    0.000000] CPU: PIPT / VIPT nonaliasing data cache, VIPT nonaliasing instruction cache
Jul 19 20:03:57 witherspoon systemd[1]: Starting Phosphor Log Manager...
Jul 19 20:04:00 witherspoon kernel[966]: [    0.000000] OF: fdt:Machine model: Witherspoon BMC
Jul 19 20:03:57 witherspoon systemd[1]: Started Hardware RNG Entropy Gatherer Daemon.
Jul 19 20:04:00 witherspoon kernel[966]: [    0.000000] Memory policy: Data cache writeback
Jul 19 20:03:57 witherspoon systemd[1]: Started Phosphor sysfs LED controller.
Jul 19 20:04:00 witherspoon kernel[966]: [    0.000000] SOC Rev: 04030303
Jul 19 20:03:57 witherspoon systemd[1]: Starting Phosphor Network Manager...
Jul 19 20:04:00 witherspoon kernel[966]: [    0.000000] On node 0 totalpages: 110592
Jul 19 20:03:57 witherspoon systemd[1]: Starting Phosphor Sensor Manager...
Jul 19 20:04:00 witherspoon kernel[966]: [    0.000000] free_area_init_node: node 0, pgdat 805fd514, node_mem_map 9ec1a000
Jul 19 20:03:57 witherspoon systemd[1]: Starting Avahi mDNS/DNS-SD Stack...
Jul 19 20:04:00 witherspoon kernel[966]: [    0.000000]   Normal zone: 992 pages used for memmap
Jul 19 20:03:57 witherspoon systemd[1]: Started Phosphor sysfs LED controller.
Jul 19 20:04:00 witherspoon kernel[966]: [    0.000000]   Normal zone: 0 pages reserved
Jul 19 20:03:57 witherspoon systemd[1]: Started Phosphor sysfs LED controller.
Jul 19 20:04:00 witherspoon kernel[966]: [    0.000000]   Normal zone: 110592 pages, LIFO batch:31
Jul 19 20:03:58 witherspoon systemd[1]: Started Phosphor sysfs LED controller.
Jul 19 20:04:00 witherspoon kernel[966]: [    0.000000] pcpu-alloc: s0 r0 d32768 u32768 alloc=1*32768
Jul 19 20:03:58 witherspoon systemd[1]: Starting Phosphor Inventory Manager...
Jul 19 20:04:00 witherspoon kernel[966]: [    0.000000] pcpu-alloc: [0] 0
Jul 19 20:03:58 witherspoon systemd[1]: Started System Logging Service.
Jul 19 20:04:00 witherspoon kernel[966]: [    0.000000] Built 1 zonelists in Zone order, mobility grouping on.  Total pages: 109600
Jul 19 20:03:58 witherspoon systemd[1]: Started Phosphor sysfs LED controller.
Jul 19 20:04:00 witherspoon kernel[966]: [    0.000000] Kernel command line: console=ttyS4,115200n8 root=/dev/ram rw
Jul 19 20:03:58 witherspoon systemd[1]: Started Phosphor sysfs LED controller.
Jul 19 20:04:00 witherspoon kernel[966]: [    0.000000] PID hash table entries: 2048 (order: 1, 8192 bytes)
Jul 19 20:03:58 witherspoon systemd[1]: Started D-Bus System Message Bus.
Jul 19 20:04:00 witherspoon kernel[966]: [    0.000000] Dentry cache hash table entries: 65536 (order: 6, 262144 bytes)
Jul 19 20:04:00 witherspoon kernel[966]: [    0.000000] Inode-cache hash table entries: 32768 (order: 5, 131072 bytes)
Jul 19 20:04:00 witherspoon kernel[966]: [    0.000000] Memory: 430448K/442368K available (4063K kernel code, 280K rwdata, 1188K rodata, 284K init, 111K bss, 11920K reserved, 0K cma-reserved)
Jul 19 20:04:00 witherspoon kernel[966]: [    0.000000] Virtual kernel memory layout:
Jul 19 20:04:00 witherspoon kernel[966]: [    0.000000]     vector  : 0xffff0000 - 0xffff1000   (   4 kB)
Jul 19 20:04:00 witherspoon kernel[966]: [    0.000000]     fixmap  : 0xffc00000 - 0xfff00000   (3072 kB)
Jul 19 20:04:00 witherspoon kernel[966]: [    0.000000]     vmalloc : 0x9f800000 - 0xff800000   (1536 MB)
Jul 19 20:04:00 witherspoon kernel[966]: [    0.000000]     lowmem  : 0x80000000 - 0x9f000000   ( 496 MB)
Jul 19 20:04:00 witherspoon kernel[966]: [    0.000000]       .text : 0x80008000 - 0x803fff10   (4064 kB)
Jul 19 20:04:00 witherspoon kernel[966]: [    0.000000]       .init : 0x80583000 - 0x805ca000   ( 284 kB)
Jul 19 20:04:00 witherspoon kernel[966]: [    0.000000]       .data : 0x805ca000 - 0x806102a8   ( 281 kB)
Jul 19 20:04:00 witherspoon kernel[966]: [    0.000000]        .bss : 0x806102a8 - 0x8062c158   ( 112 kB)
Jul 19 20:04:00 witherspoon kernel[966]: [    0.000000] NR_IRQS:16 nr_irqs:16 16
Jul 19 20:04:00 witherspoon kernel[966]: [    0.000000] i2c controller registered, irq 16
Jul 19 20:04:00 witherspoon kernel[966]: [    0.000000] clocksource: moxart_timer: mask: 0xffffffff max_cycles: 0xffffffff, max_idle_ns: 77222644334 ns
Jul 19 20:04:00 witherspoon kernel[966]: [    0.000000] sched_clock: 32 bits at 100 Hz, resolution 10000000ns, wraps every 21474836475000000ns
Jul 19 20:04:00 witherspoon kernel[966]: [    0.090000] Calibrating delay loop... 789.70 BogoMIPS (lpj=3948544)
Jul 19 20:04:00 witherspoon kernel[966]: [    0.090000] pid_max: default: 32768 minimum: 301
Jul 19 20:04:00 witherspoon kernel[966]: [    0.090000] Mount-cache hash table entries: 1024 (order: 0, 4096 bytes)
Jul 19 20:04:00 witherspoon kernel[966]: [    0.090000] Mountpoint-cache hash table entries: 1024 (order: 0, 4096 bytes)
Jul 19 20:04:00 witherspoon kernel[966]: [    0.090000] CPU: Testing write buffer coherency: ok
Jul 19 20:04:00 witherspoon kernel[966]: [    0.090000] ftrace: allocating 14932 entries in 44 pages
Jul 19 20:04:00 witherspoon kernel[966]: [    0.120000] Setting up static identity map for 0x80008200 - 0x8000825c
Jul 19 20:04:00 witherspoon kernel[966]: [    0.120000] devtmpfs: initialized
Jul 19 20:04:00 witherspoon kernel[966]: [    0.140000] clocksource: jiffies: mask: 0xffffffff max_cycles: 0xffffffff, max_idle_ns: 19112604462750000 ns
Jul 19 20:04:00 witherspoon kernel[966]: [    0.140000] futex hash table entries: 256 (order: -1, 3072 bytes)
Jul 19 20:04:00 witherspoon kernel[966]: [    0.140000] pinctrl core: initialized pinctrl subsystem
Jul 19 20:04:00 witherspoon kernel[966]: [    0.140000] NET: Registered protocol family 16
Jul 19 20:04:00 witherspoon kernel[966]: [    0.140000] DMA: preallocated 256 KiB pool for atomic coherent allocations
Jul 19 20:04:00 witherspoon kernel[966]: [    0.210000] usbcore: registered new interface driver usbfs
Jul 19 20:04:00 witherspoon kernel[966]: [    0.210000] usbcore: registered new interface driver hub
Jul 19 20:04:00 witherspoon kernel[966]: [    0.210000] usbcore: registered new device driver usb
Jul 19 20:04:00 witherspoon kernel[966]: [    0.220000] clocksource: Switched to clocksource moxart_timer
Jul 19 20:04:00 witherspoon kernel[966]: [    0.240000] NET: Registered protocol family 2
Jul 19 20:04:00 witherspoon kernel[966]: [    0.240000] TCP established hash table entries: 4096 (order: 2, 16384 bytes)
Jul 19 20:04:00 witherspoon kernel[966]: [    0.240000] TCP bind hash table entries: 4096 (order: 2, 16384 bytes)
Jul 19 20:04:00 witherspoon kernel[966]: [    0.240000] TCP: Hash tables configured (established 4096 bind 4096)
Jul 19 20:04:00 witherspoon kernel[966]: [    0.240000] UDP hash table entries: 256 (order: 0, 4096 bytes)
Jul 19 20:04:00 witherspoon kernel[966]: [    0.240000] UDP-Lite hash table entries: 256 (order: 0, 4096 bytes)
Jul 19 20:04:00 witherspoon kernel[966]: [    0.240000] NET: Registered protocol family 1
Jul 19 20:04:00 witherspoon kernel[966]: [    0.240000] Trying to unpack rootfs image as initramfs...
Jul 19 20:04:00 witherspoon kernel[966]: [    1.910000] Freeing initrd memory: 1548K
Jul 19 20:04:00 witherspoon kernel[966]: [    1.910000] workingset: timestamp_bits=30 max_order=17 bucket_order=0
Jul 19 20:04:00 witherspoon kernel[966]: [    1.910000] squashfs: version 4.0 (2009/01/31) Phillip Lougher
Jul 19 20:04:00 witherspoon kernel[966]: [    1.910000] jffs2: version 2.2. (SUMMARY)  © 2001-2006 Red Hat, Inc.
Jul 19 20:04:00 witherspoon kernel[966]: [    1.910000] Block layer SCSI generic (bsg) driver version 0.4 loaded (major 250)
Jul 19 20:04:00 witherspoon kernel[966]: [    1.910000] io scheduler noop registered
Jul 19 20:04:00 witherspoon kernel[966]: [    1.910000] io scheduler deadline registered
Jul 19 20:04:00 witherspoon kernel[966]: [    1.910000] io scheduler cfq registered (default)
Jul 19 20:04:00 witherspoon kernel[966]: [    2.060000] ipmi-bt-host 1e789140.ibt: Found bt bmc device
Jul 19 20:04:00 witherspoon kernel[966]: [    2.060000] ipmi-bt-host 1e789140.ibt: Using IRQ 22
Jul 19 20:04:00 witherspoon kernel[966]: [    2.060000] Serial: 8250/16550 driver, 6 ports, IRQ sharing enabled
Jul 19 20:04:00 witherspoon kernel[966]: [    2.060000] 1e783000.serial: ttyS0 at MMIO 0x1e783000 (irq = 23, base_baud = 1500000) is a 16550A
Jul 19 20:04:00 witherspoon kernel[966]: [    2.060000] 1e78d000.serial: ttyS1 at MMIO 0x1e78d000 (irq = 24, base_baud = 1500000) is a 16550A
Jul 19 20:04:00 witherspoon kernel[966]: [    2.060000] 1e784000.serial: ttyS4 at MMIO 0x1e784000 (irq = 25, base_baud = 1500000) is a 16550A
Jul 19 20:04:00 witherspoon kernel[966]: [    2.410000] console [ttyS4] enabled
Jul 19 20:04:00 witherspoon kernel[966]: [    2.410000] 1e787000.vuart: ttyS2 at MMIO 0x1e787000 (irq = 22, base_baud = 1500000) is a 16550A
Jul 19 20:04:00 witherspoon kernel[966]: [    2.600000] timeriomem_rng 1e6e2078.hwrng: 32bits from 0xf00e2078 @ 1us
Jul 19 20:04:00 witherspoon kernel[966]: [    2.610000] random: fast init done
Jul 19 20:04:00 witherspoon kernel[966]: [    2.650000] brd: module loaded
Jul 19 20:04:00 witherspoon kernel[966]: [    2.660000] random: crng init done
Jul 19 20:04:00 witherspoon kernel[966]: [    2.680000] loop: module loaded
Jul 19 20:04:00 witherspoon kernel[966]: [    2.690000] aspeed-lpc-ctrl 1e789080.lpc-ctrl: Loaded at 0x98000000 (0x04000000)
Jul 19 20:04:00 witherspoon kernel[966]: [    2.700000] aspeed-smc 1e620000.flash-controller: Using IRQ 18
Jul 19 20:04:00 witherspoon kernel[966]: [    2.700000] aspeed-smc 1e620000.flash-controller: DMA support disabled.
Jul 19 20:04:00 witherspoon kernel[966]: [    2.700000] aspeed-smc 1e620000.flash-controller: mx25l25635e (32768 Kbytes)
Jul 19 20:04:00 witherspoon kernel[966]: [    2.720000] aspeed-smc 1e620000.flash-controller: CE0 window [ 0x20000000 - 0x22000000 ] 32MB
Jul 19 20:04:00 witherspoon kernel[966]: [    2.720000] aspeed-smc 1e620000.flash-controller: CE1 window [ 0x22000000 - 0x2a000000 ] 128MB
Jul 19 20:04:00 witherspoon kernel[966]: [    2.720000] 5 ofpart partitions found on MTD device bmc
Jul 19 20:04:00 witherspoon kernel[966]: [    2.720000] Creating 5 MTD partitions on "bmc":
Jul 19 20:04:00 witherspoon kernel[966]: [    2.750000] 0x000000000000-0x000000060000 : "u-boot"
Jul 19 20:04:00 witherspoon kernel[966]: [    2.750000] 0x000000060000-0x000000080000 : "u-boot-env"
Jul 19 20:04:00 witherspoon kernel[966]: [    2.750000] 0x000000080000-0x0000004c0000 : "kernel"
Jul 19 20:04:00 witherspoon kernel[966]: [    2.750000] 0x0000004c0000-0x000001c00000 : "rofs"
Jul 19 20:04:00 witherspoon kernel[966]: [    2.790000] 0x000001c00000-0x000002000000 : "rwfs"
Jul 19 20:04:00 witherspoon kernel[966]: [    2.790000] aspeed-smc 1e620000.flash-controller: mx25l25635e (32768 Kbytes)
Jul 19 20:04:00 witherspoon kernel[966]: [    2.810000] aspeed-smc 1e620000.flash-controller: CE1 window [ 0x22000000 - 0x24000000 ] 32MB
Jul 19 20:04:00 witherspoon kernel[966]: [    2.810000] aspeed-smc 1e620000.flash-controller: CE2 window [ 0x24000000 - 0x2c000000 ] 128MB
Jul 19 20:04:00 witherspoon kernel[966]: [    2.830000] aspeed-smc 1e630000.flash-controller: mx66l1g45g (131072 Kbytes)
Jul 19 20:04:00 witherspoon kernel[966]: [    2.840000] aspeed-smc 1e630000.flash-controller: CE0 window resized to 120MB (AST2500 HW quirk)
Jul 19 20:04:00 witherspoon kernel[966]: [    2.840000] aspeed-smc 1e630000.flash-controller: CE0 window [ 0x30000000 - 0x37800000 ] 120MB
Jul 19 20:04:00 witherspoon kernel[966]: [    2.840000] aspeed-smc 1e630000.flash-controller: CE0 window too small for chip 128MB
Jul 19 20:04:00 witherspoon kernel[966]: [    2.860000] aspeed-smc 1e630000.flash-controller: CE1 window [ 0x37800000 - 0x38000000 ] 8MB
Jul 19 20:04:00 witherspoon kernel[966]: [    3.610000] libphy: Fixed MDIO Bus: probed
Jul 19 20:04:00 witherspoon kernel[966]: [    3.610000] ftgmac100 1e660000.ethernet: Read MAC address 70:e2:84:14:23:e1 from chip
Jul 19 20:04:05 witherspoon systemd[1]: Started Phosphor Settings Daemon.
Jul 19 20:04:00 witherspoon kernel[966]: [    3.610000] ftgmac100 1e660000.ethernet: Using NCSI interface
Jul 19 20:04:05 witherspoon systemd[1]: Started Phosphor IPMI BT DBus Bridge.
Jul 19 20:04:00 witherspoon kernel[966]: [    3.610000] ftgmac100 1e660000.ethernet eth0: irq 20, mapped at f0060000
Jul 19 20:04:00 witherspoon kernel[966]: [    3.610000] ehci_hcd: USB 2.0 'Enhanced' Host Controller (EHCI) Driver
Jul 19 20:04:00 witherspoon kernel[966]: [    3.610000] ehci-platform: EHCI generic platform driver
Jul 19 20:04:00 witherspoon kernel[966]: [    3.840000]  fsi0: can't read slave 00:00 -5
Jul 19 20:04:00 witherspoon kernel[966]: [    3.840000] i2c /dev entries driver
Jul 19 20:04:00 witherspoon kernel[966]: [    3.840000] aspeed-i2c-bus 1e78a0c0.i2c-bus: i2c bus 2 registered, irq 26
Jul 19 20:04:00 witherspoon kernel[966]: [    3.840000] aspeed-i2c-bus 1e78a100.i2c-bus: i2c bus 3 registered, irq 27
Jul 19 20:04:00 witherspoon kernel[966]: [    3.840000] aspeed-i2c-bus 1e78a140.i2c-bus: i2c bus 4 registered, irq 28
Jul 19 20:04:00 witherspoon kernel[966]: [    3.840000] aspeed-i2c-bus 1e78a180.i2c-bus: i2c bus 5 registered, irq 29
Jul 19 20:04:00 witherspoon kernel[966]: [    3.840000] aspeed-i2c-bus 1e78a380.i2c-bus: i2c bus 9 registered, irq 30
Jul 19 20:04:00 witherspoon kernel[966]: [    3.840000] aspeed-i2c-bus 1e78a3c0.i2c-bus: i2c bus 10 registered, irq 31
Jul 19 20:04:00 witherspoon kernel[966]: [    3.840000] rtc-rv8803 11-0032: Voltage low, temperature compensation stopped.
Jul 19 20:04:00 witherspoon kernel[966]: [    3.840000] rtc-rv8803 11-0032: An alarm maybe have been missed.
Jul 19 20:04:00 witherspoon kernel[966]: [    3.940000] rtc-rv8803 11-0032: rtc core: registered rx8900 as rtc0
Jul 19 20:04:00 witherspoon kernel[966]: [    3.950000] at24 11-0051: 8192 byte 24c64 EEPROM, writable, 1 bytes/write
Jul 19 20:04:00 witherspoon kernel[966]: [    3.950000] aspeed-i2c-bus 1e78a400.i2c-bus: i2c bus 11 registered, irq 32
Jul 19 20:04:00 witherspoon kernel[966]: [    3.950000] aspeed-i2c-bus 1e78a440.i2c-bus: i2c bus 12 registered, irq 33
Jul 19 20:04:00 witherspoon kernel[966]: [    3.950000] aspeed-i2c-bus 1e78a480.i2c-bus: i2c bus 13 registered, irq 34
Jul 19 20:04:00 witherspoon kernel[966]: [    3.950000] Driver for 1-wire Dallas network protocol.
Jul 19 20:04:00 witherspoon kernel[966]: [    3.950000] lm75 9-004a: hwmon0: sensor 'tmp275'
Jul 19 20:04:00 witherspoon kernel[966]: [    4.430000] ucd9000 11-0064: Device ID UCD90160|2.3.4.0000|110603
Jul 19 20:04:00 witherspoon kernel[966]: [    4.750000] leds-pca955x 3-0060: leds-pca955x: Using pca9552 16-bit LED driver at slave address 0x60
Jul 19 20:04:00 witherspoon kernel[966]: [    4.780000] leds-pca955x 11-0060: leds-pca955x: Using pca9552 16-bit LED driver at slave address 0x60
Jul 19 20:04:00 witherspoon kernel[966]: [    4.790000] leds-pca955x 11-0060: gpios 264...279
Jul 19 20:04:00 witherspoon kernel[966]: [    4.790000] usbcore: registered new interface driver usbhid
Jul 19 20:04:00 witherspoon kernel[966]: [    4.800000] usbhid: USB HID core driver
Jul 19 20:04:00 witherspoon kernel[966]: [    4.850000] dps310: probe of 3-0076 failed with error -5
Jul 19 20:04:00 witherspoon kernel[966]: [    4.850000] NET: Registered protocol family 10
Jul 19 20:04:00 witherspoon kernel[966]: [    4.860000] Segment Routing with IPv6
Jul 19 20:04:00 witherspoon kernel[966]: [    4.860000] NET: Registered protocol family 17
Jul 19 20:04:00 witherspoon kernel[966]: [    4.860000] 8021q: 802.1Q VLAN Support v1.8
Jul 19 20:04:00 witherspoon kernel[966]: [    4.880000] console [netcon0] enabled
Jul 19 20:04:00 witherspoon kernel[966]: [    4.880000] netconsole: network logging started
Jul 19 20:04:00 witherspoon kernel[966]: [    4.880000] input: gpio-keys as /devices/platform/gpio-keys/input/input0
Jul 19 20:04:00 witherspoon kernel[966]: [    4.900000] rtc-rv8803 11-0032: setting system clock to 2017-07-19 20:03:32 UTC (1500494612)
Jul 19 20:04:00 witherspoon kernel[966]: [    4.910000] Freeing unused kernel memory: 284K
Jul 19 20:04:00 witherspoon kernel[966]: [    4.910000] This architecture does not have kernel memory protection.
Jul 19 20:04:00 witherspoon kernel[966]: [    6.460000] jffs2: notice: (526) jffs2_build_xattr_subsystem: complete building xattr subsystem, 0 of xdatum (0 unchecked, 0 orphan) and 0 of xref (0 dead, 0 orphan) found.
Jul 19 20:04:00 witherspoon kernel[966]: [    8.700000] systemd[1]: Failed to insert module 'autofs4': No such file or directory
Jul 19 20:04:00 witherspoon kernel[966]: [    8.910000] systemd[1]: systemd 232 running in system mode. (+PAM -AUDIT -SELINUX -IMA -APPARMOR -SMACK +SYSVINIT -UTMP -LIBCRYPTSETUP -GCRYPT -GNUTLS +ACL +XZ -LZ4 -SECCOMP +BLKID -ELFUTILS +KMOD -IDN)
Jul 19 20:04:00 witherspoon kernel[966]: [    8.910000] systemd[1]: Detected architecture arm.
Jul 19 20:04:00 witherspoon kernel[966]: [    9.010000] systemd[1]: Set hostname to <witherspoon>.
Jul 19 20:04:00 witherspoon kernel[966]: [   10.310000] systemd[1]: [/lib/systemd/system/xyz.openbmc_project.ObjectMapper.service:9] Unknown lvalue '--blacklists' in section 'Service'
Jul 19 20:04:00 witherspoon kernel[966]: [   10.590000] systemd[1]: Listening on udev Control Socket.
Jul 19 20:04:00 witherspoon kernel[966]: [   10.660000] systemd[1]: Listening on /dev/initctl Compatibility Named Pipe.
Jul 19 20:04:00 witherspoon kernel[966]: [   10.700000] systemd[1]: Listening on Journal Socket (/dev/log).
Jul 19 20:04:00 witherspoon kernel[966]: [   10.740000] systemd[1]: Started Forward Password Requests to Wall Directory Watch.
Jul 19 20:04:00 witherspoon kernel[966]: [   10.780000] systemd[1]: Listening on Network Service Netlink Socket.
Jul 19 20:04:00 witherspoon kernel[966]: [   10.820000] systemd[1]: Reached target Swap.
Jul 19 20:04:00 witherspoon kernel[966]: [   14.070000] systemd[1]: Starting udev Coldplug all Devices...
Jul 19 20:04:00 witherspoon kernel[966]: [   14.330000] systemd[1]: Created slice system-org.openbmc.control.Power.slice.
Jul 19 20:04:00 witherspoon kernel[966]: [   14.600000] systemd[1]: dev-hugepages.mount: Couldn't determine result for ConditionVirtualization=!private-users, assuming failed: No such file or directory
Jul 19 20:04:00 witherspoon kernel[966]: [   14.600000] systemd[1]: Created slice system-org.openbmc.control.Chassis.slice.
Jul 19 20:04:00 witherspoon kernel[966]: [   14.880000] systemd[1]: Created slice system-org.openbmc.buttons.Power.slice.
Jul 19 20:04:00 witherspoon kernel[966]: [   15.170000] systemd[1]: Created slice system-org.openbmc.control.Bmc.slice.
Jul 19 20:04:00 witherspoon kernel[966]: [   15.470000] systemd[1]: Created slice system-op\x2dreset\x2dchassis\x2drunning.slice.
Jul 19 20:04:00 witherspoon kernel[966]: [   15.780000] systemd[1]: Starting Apply Kernel Variables...
Jul 19 20:04:05 witherspoon systemd[1]: Started Avahi mDNS/DNS-SD Stack.
Jul 19 20:04:00 witherspoon kernel[966]: [   16.100000] systemd[1]: Mounted Debug File System.
Jul 19 20:04:00 witherspoon kernel[966]: [   16.430000] systemd[1]: Mounted Temporary Directory.
Jul 19 20:04:00 witherspoon kernel[966]: [   18.620000] systemd-journald[555]: Received request to flush runtime journal from PID 1
Jul 19 20:04:03 witherspoon avahi-daemon[977]: Found user 'avahi' (UID 999) and group 'avahi' (GID 999).
Jul 19 20:04:03 witherspoon avahi-daemon[977]: Successfully dropped root privileges.
Jul 19 20:04:03 witherspoon avahi-daemon[977]: avahi-daemon 0.6.32 starting up.
Jul 19 20:04:04 witherspoon avahi-daemon[977]: Successfully called chroot().
Jul 19 20:04:04 witherspoon avahi-daemon[977]: Successfully dropped remaining capabilities.
Jul 19 20:04:04 witherspoon avahi-daemon[977]: Loading service file /services/obmc_console.service.
Jul 19 20:04:04 witherspoon avahi-daemon[977]: Loading service file /services/phosphor_rest.service.
Jul 19 20:04:04 witherspoon avahi-daemon[977]: Loading service file /services/sftp-ssh.service.
Jul 19 20:04:04 witherspoon avahi-daemon[977]: Loading service file /services/sftp.service.
Jul 19 20:04:04 witherspoon avahi-daemon[977]: Loading service file /services/ssh.service.
Jul 19 20:04:04 witherspoon avahi-daemon[977]: Network interface enumeration completed.
Jul 19 20:04:04 witherspoon avahi-daemon[977]: Server startup complete. Host name is witherspoon.local. Local service cookie is 2169427724.
Jul 19 20:04:04 witherspoon avahi-daemon[977]: Service "witherspoon" (/services/ssh.service) successfully established.
Jul 19 20:04:04 witherspoon avahi-daemon[977]: Service "sftp" (/services/sftp.service) successfully established.
Jul 19 20:04:04 witherspoon avahi-daemon[977]: Service "witherspoon" (/services/sftp-ssh.service) successfully established.
Jul 19 20:04:04 witherspoon avahi-daemon[977]: Service "phosphor_rest" (/services/phosphor_rest.service) successfully established.
Jul 19 20:04:04 witherspoon avahi-daemon[977]: Service "obmc_console" (/services/obmc_console.service) successfully established.
Jul 19 20:04:05 witherspoon openpower-update-manager[963]: Error PNOR current version is empty
Jul 19 20:04:05 witherspoon systemd[1]: Starting Network Service...
Jul 19 20:04:05 witherspoon systemd[1]: Starting Phosphor LED Group Management Daemon...
Jul 19 20:04:05 witherspoon systemd[1]: Starting Phosphor Network Manager...
Jul 19 20:04:05 witherspoon systemd[1]: Starting Phosphor Chassis0 Control...
Jul 19 20:04:05 witherspoon systemd[1]: Starting Phosphor Download Manager...
Jul 19 20:04:05 witherspoon systemd[1]: Started Daily Cleanup of Temporary Directories.
Jul 19 20:04:05 witherspoon systemd[1]: Reached target Timers.
Jul 19 20:04:05 witherspoon systemd[1]: Started Clear one time boot overrides.
Jul 19 20:04:06 witherspoon systemd[1]: Started Phosphor BMC0 Control.
Jul 19 20:04:06 witherspoon systemd[1]: Started Phosphor Log Manager.
Jul 19 20:04:06 witherspoon systemd[1]: Started Phosphor Inventory Manager.
Jul 19 20:04:06 witherspoon systemd[1]: Started OpenBMC Software Update Manager.
Jul 19 20:04:06 witherspoon systemd[1]: Started OpenPower Software Update Manager.
Jul 19 20:04:06 witherspoon systemd[1]: Starting Phosphor Version Software Manager...
Jul 19 20:04:07 witherspoon systemd[1]: Started Phosphor Download Manager.
Jul 19 20:04:07 witherspoon systemd[1]: Started Phosphor Dump Manager.
Jul 19 20:04:08 witherspoon systemd[1]: Started Phosphor LED Group Management Daemon.
Jul 19 20:04:08 witherspoon phosphor-network-manager[992]: ConfigParser: Section not found
Jul 19 20:04:08 witherspoon phosphor-network-manager[992]: The operation failed internally.
Jul 19 20:04:09 witherspoon systemd-networkd[990]: Enumeration completed
Jul 19 20:04:09 witherspoon systemd[1]: Started Network Service.
Jul 19 20:04:09 witherspoon systemd[1]: Reached target Network.
Jul 19 20:04:09 witherspoon systemd[1]: Started Lightweight SLP Server.
Jul 19 20:04:09 witherspoon systemd[1]: Starting Permit User Sessions...
Jul 19 20:04:09 witherspoon phosphor-network-manager[992]: Error in mapper call
Jul 19 20:04:09 witherspoon dbus[985]: [system] Activating via systemd: service name='org.freedesktop.hostname1' unit='dbus-org.freedesktop.hostname1.service'
Jul 19 20:04:09 witherspoon systemd[1]: Starting Hostname Service...
Jul 19 20:04:09 witherspoon systemd[1]: Started Phosphor Version Software Manager.
Jul 19 20:04:09 witherspoon systemd-networkd[990]: eth0: IPv6 enabled for interface: Success
Jul 19 20:04:09 witherspoon avahi-daemon[977]: Joining mDNS multicast group on interface eth0.IPv4 with address 9.3.86.161.
Jul 19 20:04:09 witherspoon avahi-daemon[977]: New relevant interface eth0.IPv4 for mDNS.
Jul 19 20:04:09 witherspoon systemd-networkd[990]: eth0: Gained carrier
Jul 19 20:04:09 witherspoon avahi-daemon[977]: Registering new address record for 9.3.86.161 on eth0.IPv4.
Jul 19 20:04:09 witherspoon systemd-timesyncd[912]: Network configuration changed, trying to establish connection.
Jul 19 20:04:10 witherspoon avahi-daemon[977]: Host name conflict, retrying with witherspoon-2
Jul 19 20:04:10 witherspoon avahi-daemon[977]: Registering new address record for 9.3.86.161 on eth0.IPv4.
Jul 19 20:04:10 witherspoon systemd[1004]: systemd-hostnamed.service: Failed at step NETWORK spawning /lib/systemd/systemd-hostnamed: Invalid argument
Jul 19 20:04:10 witherspoon systemd[1]: systemd-hostnamed.service: Main process exited, code=exited, status=225/NETWORK
Jul 19 20:04:10 witherspoon systemd[1]: Failed to start Hostname Service.
Jul 19 20:04:10 witherspoon systemd[1]: systemd-hostnamed.service: Unit entered failed state.
Jul 19 20:04:10 witherspoon systemd[1]: systemd-hostnamed.service: Failed with result 'exit-code'.
Jul 19 20:04:11 witherspoon systemd[1]: Started Permit User Sessions.
Jul 19 20:04:11 witherspoon systemd[1]: Started Serial Getty on ttyS4.
Jul 19 20:04:11 witherspoon systemd[1]: Reached target Login Prompts.
Jul 19 20:04:11 witherspoon systemd[1]: Reached target Multi-User System.
Jul 19 20:04:11 witherspoon avahi-daemon[977]: Joining mDNS multicast group on interface eth0.IPv6 with address fe80::72e2:84ff:fe14:23e1.
Jul 19 20:04:11 witherspoon systemd-networkd[990]: eth0: Gained IPv6LL
Jul 19 20:04:11 witherspoon avahi-daemon[977]: New relevant interface eth0.IPv6 for mDNS.
Jul 19 20:04:11 witherspoon avahi-daemon[977]: Registering new address record for fe80::72e2:84ff:fe14:23e1 on eth0.*.
Jul 19 20:04:12 witherspoon avahi-daemon[977]: Server startup complete. Host name is witherspoon-2.local. Local service cookie is 2169427724.
Jul 19 20:04:13 witherspoon kernel: ftgmac100 1e660000.ethernet eth0: NCSI interface up
Jul 19 20:04:13 witherspoon kernel[966]: [   46.050000] ftgmac100 1e660000.ethernet eth0: NCSI interface up
Jul 19 20:04:14 witherspoon avahi-daemon[977]: Service "witherspoon-2" (/services/ssh.service) successfully established.
Jul 19 20:04:14 witherspoon avahi-daemon[977]: Service "sftp" (/services/sftp.service) successfully established.
Jul 19 20:04:14 witherspoon avahi-daemon[977]: Service "witherspoon-2" (/services/sftp-ssh.service) successfully established.
Jul 19 20:04:14 witherspoon avahi-daemon[977]: Service "phosphor_rest" (/services/phosphor_rest.service) successfully established.
Jul 19 20:04:14 witherspoon avahi-daemon[977]: Service "obmc_console" (/services/obmc_console.service) successfully established.
Jul 19 20:04:15 witherspoon avahi-daemon[977]: Withdrawing address record for fe80::72e2:84ff:fe14:23e1 on eth0.
Jul 19 20:04:15 witherspoon avahi-daemon[977]: Host name conflict, retrying with witherspoon-3
Jul 19 20:04:15 witherspoon avahi-daemon[977]: Registering new address record for fe80::72e2:84ff:fe14:23e1 on eth0.*.
Jul 19 20:04:15 witherspoon avahi-daemon[977]: Registering new address record for 9.3.86.161 on eth0.IPv4.
Jul 19 20:04:16 witherspoon avahi-daemon[977]: Withdrawing address record for fe80::72e2:84ff:fe14:23e1 on eth0.
Jul 19 20:04:16 witherspoon avahi-daemon[977]: Host name conflict, retrying with witherspoon-4
Jul 19 20:04:16 witherspoon avahi-daemon[977]: Registering new address record for fe80::72e2:84ff:fe14:23e1 on eth0.*.
Jul 19 20:04:16 witherspoon avahi-daemon[977]: Registering new address record for 9.3.86.161 on eth0.IPv4.
Jul 19 20:04:16 witherspoon avahi-daemon[977]: Withdrawing address record for 9.3.86.161 on eth0.
Jul 19 20:04:16 witherspoon avahi-daemon[977]: Host name conflict, retrying with witherspoon-5
Jul 19 20:04:16 witherspoon avahi-daemon[977]: Registering new address record for fe80::72e2:84ff:fe14:23e1 on eth0.*.
Jul 19 20:04:16 witherspoon avahi-daemon[977]: Registering new address record for 9.3.86.161 on eth0.IPv4.
Jul 19 20:04:18 witherspoon avahi-daemon[977]: Withdrawing address record for 9.3.86.161 on eth0.
Jul 19 20:04:18 witherspoon avahi-daemon[977]: Host name conflict, retrying with witherspoon-6
Jul 19 20:04:18 witherspoon avahi-daemon[977]: Registering new address record for fe80::72e2:84ff:fe14:23e1 on eth0.*.
Jul 19 20:04:18 witherspoon avahi-daemon[977]: Registering new address record for 9.3.86.161 on eth0.IPv4.
Jul 19 20:04:19 witherspoon avahi-daemon[977]: Withdrawing address record for 9.3.86.161 on eth0.
Jul 19 20:04:19 witherspoon avahi-daemon[977]: Host name conflict, retrying with witherspoon-7
Jul 19 20:04:19 witherspoon avahi-daemon[977]: Registering new address record for fe80::72e2:84ff:fe14:23e1 on eth0.*.
Jul 19 20:04:19 witherspoon avahi-daemon[977]: Registering new address record for 9.3.86.161 on eth0.IPv4.
Jul 19 20:04:19 witherspoon systemd[1]: Created slice system-dropbear.slice.
Jul 19 20:04:19 witherspoon systemd[1]: Started SSH Per-Connection Server (9.41.165.94:58564).
Jul 19 20:04:19 witherspoon dropbear[1011]: Failed loading /etc/dropbear/dropbear_dss_host_key
Jul 19 20:04:19 witherspoon dropbear[1011]: Failed loading /etc/dropbear/dropbear_ecdsa_host_key
Jul 19 20:04:19 witherspoon dropbear[1011]: Child connection from ::ffff:9.41.165.94:58564
Jul 19 20:04:20 witherspoon avahi-daemon[977]: Withdrawing address record for 9.3.86.161 on eth0.
Jul 19 20:04:20 witherspoon avahi-daemon[977]: Host name conflict, retrying with witherspoon-8
Jul 19 20:04:20 witherspoon avahi-daemon[977]: Registering new address record for fe80::72e2:84ff:fe14:23e1 on eth0.*.
Jul 19 20:04:20 witherspoon avahi-daemon[977]: Registering new address record for 9.3.86.161 on eth0.IPv4.
Jul 19 20:04:21 witherspoon avahi-daemon[977]: Withdrawing address record for 9.3.86.161 on eth0.
Jul 19 20:04:21 witherspoon avahi-daemon[977]: Host name conflict, retrying with witherspoon-9
Jul 19 20:04:21 witherspoon avahi-daemon[977]: Registering new address record for fe80::72e2:84ff:fe14:23e1 on eth0.*.
Jul 19 20:04:21 witherspoon avahi-daemon[977]: Registering new address record for 9.3.86.161 on eth0.IPv4.
Jul 19 20:04:22 witherspoon avahi-daemon[977]: Withdrawing address record for 9.3.86.161 on eth0.
Jul 19 20:04:22 witherspoon avahi-daemon[977]: Host name conflict, retrying with witherspoon-10
Jul 19 20:04:22 witherspoon avahi-daemon[977]: Registering new address record for fe80::72e2:84ff:fe14:23e1 on eth0.*.
Jul 19 20:04:22 witherspoon avahi-daemon[977]: Registering new address record for 9.3.86.161 on eth0.IPv4.
Jul 19 20:04:23 witherspoon avahi-daemon[977]: Withdrawing address record for 9.3.86.161 on eth0.
Jul 19 20:04:23 witherspoon avahi-daemon[977]: Host name conflict, retrying with witherspoon-11
Jul 19 20:04:23 witherspoon avahi-daemon[977]: Registering new address record for fe80::72e2:84ff:fe14:23e1 on eth0.*.
Jul 19 20:04:23 witherspoon avahi-daemon[977]: Registering new address record for 9.3.86.161 on eth0.IPv4.
Jul 19 20:04:24 witherspoon dropbear[1011]: PAM password auth succeeded for 'root' from ::ffff:9.41.165.94:58564
Jul 19 20:04:24 witherspoon systemd-networkd[990]: eth0: Configured
Jul 19 20:04:24 witherspoon systemd-timesyncd[912]: Network configuration changed, trying to establish connection.
Jul 19 20:04:24 witherspoon avahi-daemon[977]: Withdrawing address record for 9.3.86.161 on eth0.
Jul 19 20:04:24 witherspoon avahi-daemon[977]: Host name conflict, retrying with witherspoon-12
Jul 19 20:04:24 witherspoon avahi-daemon[977]: Registering new address record for fe80::72e2:84ff:fe14:23e1 on eth0.*.
Jul 19 20:04:24 witherspoon avahi-daemon[977]: Registering new address record for 9.3.86.161 on eth0.IPv4.
Jul 19 20:04:24 witherspoon dropbear[1012]: lastlog_perform_login: Couldn't stat /var/log/lastlog: No such file or directory
Jul 19 20:04:24 witherspoon dropbear[1012]: lastlog_openseek: /var/log/lastlog is not a file or directory!
Jul 19 20:04:25 witherspoon systemd[1]: Started Phosphor Chassis0 Control.
Jul 19 20:04:25 witherspoon chassis_control.py[993]: Running ChassisControlService
Jul 19 20:04:26 witherspoon systemd[1]: Started Phosphor Download Manager.
Jul 19 20:04:26 witherspoon download_manager.py[947]: Running Download Manager
Jul 19 20:04:26 witherspoon avahi-daemon[977]: Server startup complete. Host name is witherspoon-12.local. Local service cookie is 2169427724.
Jul 19 20:04:26 witherspoon avahi-daemon[977]: Service name conflict for "sftp" (/services/sftp.service), retrying with "sftp #2".
Jul 19 20:04:26 witherspoon avahi-daemon[977]: Service name conflict for "obmc_console" (/services/obmc_console.service), retrying with "obmc_console #2".
Jul 19 20:04:26 witherspoon avahi-daemon[977]: Service name conflict for "phosphor_rest" (/services/phosphor_rest.service), retrying with "phosphor_rest #2".
Jul 19 20:04:26 witherspoon sensor_manager2.py[976]: Setting boot count to 3
Jul 19 20:04:26 witherspoon systemd[1]: Started Phosphor Sensor Manager.
Jul 19 20:04:27 witherspoon sensor_manager2.py[976]: Starting sensor manager
Jul 19 20:04:27 witherspoon avahi-daemon[977]: Service "witherspoon-12" (/services/ssh.service) successfully established.
Jul 19 20:04:27 witherspoon avahi-daemon[977]: Service "witherspoon-12" (/services/sftp-ssh.service) successfully established.
Jul 19 20:04:27 witherspoon systemd[1]: Started Phosphor User Manager.
Jul 19 20:04:27 witherspoon avahi-daemon[977]: Service name conflict for "phosphor_rest" (/services/phosphor_rest.service), retrying with "phosphor_rest #3".
Jul 19 20:04:27 witherspoon avahi-daemon[977]: Service name conflict for "sftp" (/services/sftp.service), retrying with "sftp #3".
Jul 19 20:04:27 witherspoon avahi-daemon[977]: Service name conflict for "obmc_console" (/services/obmc_console.service), retrying with "obmc_console #3".
Jul 19 20:04:27 witherspoon obmc-phosphor-userd[957]: Started
Jul 19 20:04:28 witherspoon phosphor-mapper[950]: ObjectMapper startup complete.  Discovery in progress...
Jul 19 20:04:28 witherspoon inventory_items.py[946]: Loading from cache: /var/cache/obmc/org.openbmc.inventory.system.chassis.motherboard.apss@org.openbmc.InventoryItem.props
Jul 19 20:04:28 witherspoon inventory_items.py[946]: Loading from cache: /var/cache/obmc/org.openbmc.inventory.system.chassis.motherboard@org.openbmc.InventoryItem.props
Jul 19 20:04:28 witherspoon avahi-daemon[988]: ../../avahi-0.6.32/avahi-daemon/chroot.c: open() failed: No such file or directory
Jul 19 20:04:28 witherspoon avahi-daemon[977]: Failed to open /usr/share/dbus-1/interfaces/org.freedesktop.Avahi.Server.xml: Invalid argument
Jul 19 20:04:28 witherspoon avahi-daemon[977]: Failed to load introspection data.
Jul 19 20:04:28 witherspoon avahi-daemon[977]: Service name conflict for "obmc_console" (/services/obmc_console.service), retrying with "obmc_console #4".
Jul 19 20:04:28 witherspoon avahi-daemon[977]: Service name conflict for "sftp" (/services/sftp.service), retrying with "sftp #4".
Jul 19 20:04:28 witherspoon avahi-daemon[977]: Service name conflict for "phosphor_rest" (/services/phosphor_rest.service), retrying with "phosphor_rest #4".
Jul 19 20:04:29 witherspoon inventory_items.py[946]: Loading from cache: /var/cache/obmc/org.openbmc.inventory.system.chassis.motherboard.refclock@org.openbmc.InventoryItem.props
Jul 19 20:04:29 witherspoon inventory_items.py[946]: Loading from cache: /var/cache/obmc/org.openbmc.inventory.system.chassis.motherboard.cpu1.core7@org.openbmc.InventoryItem.props
Jul 19 20:04:29 witherspoon inventory_items.py[946]: Loading from cache: /var/cache/obmc/org.openbmc.inventory.system.chassis.motherboard.cpu1.core4@org.openbmc.InventoryItem.props
Jul 19 20:04:29 witherspoon inventory_items.py[946]: Loading from cache: /var/cache/obmc/org.openbmc.inventory.system.chassis.motherboard.cpu1.core1@org.openbmc.InventoryItem.props
Jul 19 20:04:29 witherspoon avahi-daemon[977]: Service name conflict for "phosphor_rest" (/services/phosphor_rest.service), retrying with "phosphor_rest #5".
Jul 19 20:04:29 witherspoon avahi-daemon[977]: Service name conflict for "obmc_console" (/services/obmc_console.service), retrying with "obmc_console #5".
Jul 19 20:04:29 witherspoon systemd[1]: Started Phosphor Network Manager.
Jul 19 20:04:29 witherspoon netman.py[975]: Started
Jul 19 20:04:29 witherspoon avahi-daemon[977]: Service name conflict for "sftp" (/services/sftp.service), retrying with "sftp #5".
Jul 19 20:04:30 witherspoon inventory_items.py[946]: Loading from cache: /var/cache/obmc/org.openbmc.inventory.system.chassis.motherboard.cpu1.core10@org.openbmc.InventoryItem.props
Jul 19 20:04:30 witherspoon inventory_items.py[946]: Loading from cache: /var/cache/obmc/org.openbmc.inventory.system.chassis.motherboard.todclock@org.openbmc.InventoryItem.props
Jul 19 20:04:30 witherspoon inventory_items.py[946]: Loading from cache: /var/cache/obmc/org.openbmc.inventory.system.chassis.motherboard.cpu1@org.openbmc.InventoryItem.props
Jul 19 20:04:30 witherspoon inventory_items.py[946]: Loading from cache: /var/cache/obmc/org.openbmc.inventory.system.chassis.motherboard.bmc@org.openbmc.InventoryItem.props
Jul 19 20:04:30 witherspoon inventory_items.py[946]: Caching: /org/openbmc/inventory/system/chassis/motherboard/bmc
Jul 19 20:04:30 witherspoon inventory_items.py[946]: Loading from cache: /var/cache/obmc/org.openbmc.inventory.system.chassis.motherboard.cpu0.core1@org.openbmc.InventoryItem.props
Jul 19 20:04:30 witherspoon inventory_items.py[946]: Loading from cache: /var/cache/obmc/org.openbmc.inventory.system.chassis.motherboard.cpu0.core7@org.openbmc.InventoryItem.props
Jul 19 20:04:30 witherspoon inventory_items.py[946]: Loading from cache: /var/cache/obmc/org.openbmc.inventory.system.chassis.motherboard.cpu0.core4@org.openbmc.InventoryItem.props
Jul 19 20:04:30 witherspoon inventory_items.py[946]: Loading from cache: /var/cache/obmc/org.openbmc.inventory.system.chassis.motherboard.pcieclock@org.openbmc.InventoryItem.props
Jul 19 20:04:30 witherspoon avahi-daemon[977]: Service name conflict for "obmc_console" (/services/obmc_console.service), retrying with "obmc_console #6".
Jul 19 20:04:30 witherspoon avahi-daemon[977]: Service name conflict for "phosphor_rest" (/services/phosphor_rest.service), retrying with "phosphor_rest #6".
Jul 19 20:04:30 witherspoon avahi-daemon[977]: Service name conflict for "sftp" (/services/sftp.service), retrying with "sftp #6".
Jul 19 20:04:31 witherspoon inventory_items.py[946]: Loading from cache: /var/cache/obmc/org.openbmc.inventory.system.chassis.motherboard.cpu0.core10@org.openbmc.InventoryItem.props
Jul 19 20:04:31 witherspoon inventory_items.py[946]: Running Inventory Manager
Jul 19 20:04:31 witherspoon systemd[1]: Started Phosphor Inventory Manager.
Jul 19 20:04:31 witherspoon avahi-daemon[977]: Service name conflict for "sftp" (/services/sftp.service), retrying with "sftp #7".
Jul 19 20:04:31 witherspoon avahi-daemon[977]: Service name conflict for "phosphor_rest" (/services/phosphor_rest.service), retrying with "phosphor_rest #7".
Jul 19 20:04:31 witherspoon avahi-daemon[977]: Service name conflict for "obmc_console" (/services/obmc_console.service), retrying with "obmc_console #7".
Jul 19 20:04:33 witherspoon avahi-daemon[977]: Service name conflict for "phosphor_rest" (/services/phosphor_rest.service), retrying with "phosphor_rest #8".
Jul 19 20:04:33 witherspoon avahi-daemon[977]: Service name conflict for "sftp" (/services/sftp.service), retrying with "sftp #8".
Jul 19 20:04:33 witherspoon avahi-daemon[977]: Service name conflict for "obmc_console" (/services/obmc_console.service), retrying with "obmc_console #8".
Jul 19 20:04:34 witherspoon avahi-daemon[977]: Service name conflict for "phosphor_rest" (/services/phosphor_rest.service), retrying with "phosphor_rest #9".
Jul 19 20:04:34 witherspoon avahi-daemon[977]: Service name conflict for "obmc_console" (/services/obmc_console.service), retrying with "obmc_console #9".
Jul 19 20:04:34 witherspoon avahi-daemon[977]: Service name conflict for "sftp" (/services/sftp.service), retrying with "sftp #9".
Jul 19 20:04:34 witherspoon dbus[985]: [system] Failed to activate service 'org.freedesktop.hostname1': timed out
Jul 19 20:04:34 witherspoon phosphor-network-manager[992]: Failed to get hostname
Jul 19 20:04:34 witherspoon phosphor-network-manager[992]: The operation failed internally.
Jul 19 20:04:34 witherspoon phosphor-network-manager[992]: Error in mapper call
Jul 19 20:04:34 witherspoon systemd[1]: Started Phosphor Network Manager.
Jul 19 20:04:34 witherspoon avahi-daemon[977]: Service name conflict for "phosphor_rest" (/services/phosphor_rest.service), retrying with "phosphor_rest #10".
Jul 19 20:04:34 witherspoon avahi-daemon[977]: Service name conflict for "sftp" (/services/sftp.service), retrying with "sftp #10".
Jul 19 20:04:35 witherspoon avahi-daemon[977]: Service name conflict for "obmc_console" (/services/obmc_console.service), retrying with "obmc_console #10".
Jul 19 20:04:36 witherspoon avahi-daemon[977]: Service name conflict for "obmc_console" (/services/obmc_console.service), retrying with "obmc_console #11".
Jul 19 20:04:36 witherspoon avahi-daemon[977]: Service name conflict for "sftp" (/services/sftp.service), retrying with "sftp #11".
Jul 19 20:04:36 witherspoon avahi-daemon[977]: Service name conflict for "phosphor_rest" (/services/phosphor_rest.service), retrying with "phosphor_rest #11".
Jul 19 20:04:37 witherspoon avahi-daemon[977]: Service name conflict for "sftp" (/services/sftp.service), retrying with "sftp #12".
Jul 19 20:04:37 witherspoon avahi-daemon[977]: Service name conflict for "phosphor_rest" (/services/phosphor_rest.service), retrying with "phosphor_rest #12".
Jul 19 20:04:37 witherspoon avahi-daemon[977]: Service name conflict for "obmc_console" (/services/obmc_console.service), retrying with "obmc_console #12".
Jul 19 20:04:38 witherspoon avahi-daemon[977]: Service name conflict for "phosphor_rest" (/services/phosphor_rest.service), retrying with "phosphor_rest #13".
Jul 19 20:04:38 witherspoon avahi-daemon[977]: Service name conflict for "sftp" (/services/sftp.service), retrying with "sftp #13".
Jul 19 20:04:38 witherspoon avahi-daemon[977]: Service name conflict for "obmc_console" (/services/obmc_console.service), retrying with "obmc_console #13".
Jul 19 20:04:39 witherspoon avahi-daemon[977]: Service name conflict for "phosphor_rest" (/services/phosphor_rest.service), retrying with "phosphor_rest #14".
Jul 19 20:04:39 witherspoon avahi-daemon[977]: Service name conflict for "sftp" (/services/sftp.service), retrying with "sftp #14".
Jul 19 20:04:39 witherspoon avahi-daemon[977]: Service name conflict for "obmc_console" (/services/obmc_console.service), retrying with "obmc_console #14".
Jul 19 20:04:42 witherspoon phosphor-mapper[950]: ObjectMapper discovery complete
Jul 19 20:04:42 witherspoon systemd[1]: Started Phosphor DBus Service Discovery Manager.
Jul 19 20:04:42 witherspoon systemd[1]: Reached target Phosphor Object Mapper.
Jul 19 20:04:42 witherspoon systemd[1]: Starting Wait for /org/openbmc/control/power0...
Jul 19 20:04:42 witherspoon systemd[1]: Starting Wait for /org/openbmc/control/bmc0...
Jul 19 20:04:42 witherspoon systemd[1]: Starting Wait for /org/openbmc/control/flash/bios...
Jul 19 20:04:42 witherspoon systemd[1]: Starting Wait for /xyz/openbmc_project/state/host0...
Jul 19 20:04:42 witherspoon systemd[1]: Starting Wait for /xyz/openbmc_project/led/groups...
Jul 19 20:04:42 witherspoon systemd[1]: Starting Phoshpor System Manager...
Jul 19 20:04:42 witherspoon systemd[1]: Starting Wait for /org/openbmc/managers/System...
Jul 19 20:04:42 witherspoon systemd[1]: Starting Wait for /xyz/openbmc_project/control/host0...
Jul 19 20:04:42 witherspoon systemd[1]: Starting Wait for /xyz/openbmc_project/state/chassis0...
Jul 19 20:04:42 witherspoon systemd[1]: Starting Wait for /org/openbmc/NetworkManager/Interface...
Jul 19 20:04:42 witherspoon systemd[1]: Starting Wait for /org/openbmc/managers/Download...
Jul 19 20:04:42 witherspoon systemd[1]: Starting Wait for /xyz/openbmc_project/led/groups/bmc_booted...
Jul 19 20:04:42 witherspoon systemd[1]: Starting Phosphor Settings Manager...
Jul 19 20:04:42 witherspoon systemd[1]: Started Phosphor DBus Monitor.
Jul 19 20:04:42 witherspoon systemd[1]: Starting Wait for /xyz/openbmc_project/inventory...
Jul 19 20:04:42 witherspoon systemd[1]: Reached target Webserver (pre).
Jul 19 20:04:43 witherspoon systemd[1]: Started Phosphor Webserver.
Jul 19 20:04:45 witherspoon systemd[1]: Started Wait for /xyz/openbmc_project/inventory.
Jul 19 20:04:45 witherspoon systemd[1]: Starting OpenPOWER OCC controller...
Jul 19 20:04:45 witherspoon systemd[1]: Starting Read OpenPOWER-format VPD from EEPROM...
Jul 19 20:04:45 witherspoon systemd[1]: Started Phosphor Cooling Type.
Jul 19 20:04:45 witherspoon systemd[1]: Started Wait for /org/openbmc/control/bmc0.
Jul 19 20:04:45 witherspoon systemd[1]: Started Wait for /xyz/openbmc_project/led/groups.
Jul 19 20:04:45 witherspoon systemd[1]: Started FRU Fault monitor service.
Jul 19 20:04:45 witherspoon systemd[1]: Started Wait for /org/openbmc/NetworkManager/Interface.
Jul 19 20:04:45 witherspoon systemd[1]: Started Phosphor DNS Settings Cache Manager.
Jul 19 20:04:45 witherspoon systemd[1]: Started Wait for /xyz/openbmc_project/led/groups/bmc_booted.
Jul 19 20:04:45 witherspoon systemd[1]: Starting Assert bmc_booted LED...
Jul 19 20:04:46 witherspoon systemd[1]: Started Wait for /org/openbmc/managers/Download.
Jul 19 20:04:46 witherspoon systemd[1]: Starting Phosphor BIOS Code Update...
Jul 19 20:04:46 witherspoon systemd[1]: Starting Phosphor BMC Code Update...
Jul 19 20:04:46 witherspoon systemd[1]: Started Phosphor BIOS Code Update.
Jul 19 20:04:48 witherspoon systemd[1]: Started Assert bmc_booted LED.
Jul 19 20:04:49 witherspoon systemd[1]: Started Wait for /org/openbmc/control/flash/bios.
Jul 19 20:04:49 witherspoon systemd[1]: Started Initialize BIOS Flash.
Jul 19 20:04:53 witherspoon systemd[1]: Started OpenPOWER OCC controller.
Jul 19 20:04:54 witherspoon flash_bios.exe[1047]: Starting flasher: bios,,/org/openbmc/control/flash/bios,
Jul 19 20:04:54 witherspoon flash_bios.exe[1047]: flasher: , BMC = 1, address = 0x0
Jul 19 20:04:54 witherspoon flash_bios.exe[1047]: Setting up flash
Jul 19 20:04:54 witherspoon flash_bios.exe[1047]: Starting flasher: bios,,/org/openbmc/control/flash/bios,
Jul 19 20:04:54 witherspoon flash_bios.exe[1047]: flasher: , BMC = 1, address = 0x0
Jul 19 20:04:54 witherspoon flash_bios.exe[1047]: Setting up flash
Jul 19 20:04:56 witherspoon systemd[1]: Started Read OpenPOWER-format VPD from EEPROM.
Jul 19 20:04:57 witherspoon system_manager.py[1023]: Running System State: BASE_APPS
Jul 19 20:04:57 witherspoon system_manager.py[1023]: SystemManager Init Done
Jul 19 20:04:57 witherspoon system_manager.py[1023]: Running SystemManager
Jul 19 20:04:57 witherspoon systemd[1]: Started Phoshpor System Manager.
Jul 19 20:04:57 witherspoon system_manager.py[1023]: SystemManager Goto System State: BMC_STARTING
Jul 19 20:04:57 witherspoon system_manager.py[1023]: Running System State: BMC_STARTING
Jul 19 20:04:58 witherspoon systemd[1]: Started Phosphor BMC Code Update.
Jul 19 20:04:58 witherspoon bmc_update.py[1048]: Running Bmc Flash Control
Jul 19 20:04:58 witherspoon systemd[1]: Started Phosphor Settings Manager.
Jul 19 20:04:58 witherspoon systemd[1]: Starting Wait for /org/openbmc/settings/host0...
Jul 19 20:04:58 witherspoon settings_manager.py[1030]: Running HostSettingsService
Jul 19 20:04:59 witherspoon avahi-daemon[977]: Service name conflict for "phosphor_rest" (/services/phosphor_rest.service), retrying with "phosphor_rest #15".
Jul 19 20:04:59 witherspoon avahi-daemon[977]: Service name conflict for "obmc_console" (/services/obmc_console.service), retrying with "obmc_console #15".
Jul 19 20:04:59 witherspoon avahi-daemon[977]: Service name conflict for "sftp" (/services/sftp.service), retrying with "sftp #15".
Jul 19 20:04:59 witherspoon systemd[1]: Started Wait for /org/openbmc/managers/System.
Jul 19 20:04:59 witherspoon systemd[1]: Starting Phosphor Power0 Control...
Jul 19 20:04:59 witherspoon systemd[1]: Starting Phosphor Power Button0...
Jul 19 20:04:59 witherspoon systemd[1]: Starting Phosphor Reset Button0...
Jul 19 20:04:59 witherspoon systemd[1]: Starting Phosphor Chassis State Manager...
Jul 19 20:04:59 witherspoon systemd[1]: Starting Phosphor BMC State Manager...
Jul 19 20:04:59 witherspoon systemd[1]: Starting Phosphor Host State Manager...
Jul 19 20:05:00 witherspoon phosphor-chassis-state-manager[1073]: Initial Chassis State will be Off
Jul 19 20:05:00 witherspoon systemd[1]: Started Phosphor Chassis State Manager.
Jul 19 20:05:00 witherspoon phosphor-host-state-manager[1075]: Initial Host State will be Off
Jul 19 20:05:00 witherspoon phosphor-bmc-state-manager[1074]: Setting the BMCState field
Jul 19 20:05:00 witherspoon phosphor-bmc-state-manager[1074]: Setting the BMCState field
Jul 19 20:05:00 witherspoon systemd[1]: Started Phosphor Host State Manager.
Jul 19 20:05:00 witherspoon systemd[1]: Started Phosphor BMC State Manager.
Jul 19 20:05:01 witherspoon system_manager.py[1023]: New object: /org/openbmc/control/power0 (:1.73)
Jul 19 20:05:01 witherspoon system_manager.py[1023]: Power GPIO config: ['SYS_PWROK_BUFF', '', [('SOFTWARE_PGOOD', True), ('BMC_POWER_UP', True)], [('BMC_CP0_RESET_N', False)], [], 'FSI_DATA', 'FSI_CLK', 'FSI_ENABLE', 'CRONUS_SEL', []]
Jul 19 20:05:02 witherspoon systemd[1]: Started Wait for /org/openbmc/settings/host0.
Jul 19 20:05:02 witherspoon systemd[1]: Started Phosphor Inband IPMI.
Jul 19 20:05:03 witherspoon button_power.exe[1071]: GPIO Lookup:  POWER_BUTTON = 347,both
Jul 19 20:05:03 witherspoon button_reset.exe[1072]: GPIO Lookup:  RESET_BUTTON = 353,both
Jul 19 20:05:03 witherspoon power_control.exe[1070]: Power GPIO latch output:
Jul 19 20:05:03 witherspoon power_control.exe[1070]: Power GPIO power good input: SYS_PWROK_BUFF
Jul 19 20:05:03 witherspoon power_control.exe[1070]: Power GPIO 2 power_up outputs
Jul 19 20:05:03 witherspoon power_control.exe[1070]: Power GPIO power_up[0] = SOFTWARE_PGOOD active HIGH
Jul 19 20:05:03 witherspoon power_control.exe[1070]: Power GPIO power_up[1] = BMC_POWER_UP active HIGH
Jul 19 20:05:03 witherspoon power_control.exe[1070]: Power GPIO 1 reset outputs
Jul 19 20:05:03 witherspoon power_control.exe[1070]: Power GPIO reset[0] = BMC_CP0_RESET_N active LOW
Jul 19 20:05:03 witherspoon power_control.exe[1070]: Power GPIO 0 pci reset outputs
Jul 19 20:05:03 witherspoon power_control.exe[1070]: FSI DATA GPIO: FSI_DATA
Jul 19 20:05:03 witherspoon power_control.exe[1070]: FSI CLK GPIO: FSI_CLK
Jul 19 20:05:03 witherspoon power_control.exe[1070]: FSI ENABLE GPIO: FSI_ENABLE
Jul 19 20:05:03 witherspoon power_control.exe[1070]: CRONUS SEL GPIO: CRONUS_SEL
Jul 19 20:05:03 witherspoon power_control.exe[1070]: Hostctl GPIO optionals: 0
Jul 19 20:05:04 witherspoon power_control.exe[1070]: GPIO Lookup:  SYS_PWROK_BUFF = 306,in
Jul 19 20:05:04 witherspoon power_control.exe[1070]: GPIO Lookup:  SOFTWARE_PGOOD = 417,out
Jul 19 20:05:03 witherspoon systemd[1]: Started Phosphor Power Button0.
Jul 19 20:05:03 witherspoon systemd[1]: Started Phosphor Reset Button0.
Jul 19 20:05:04 witherspoon power_control.exe[1070]: GPIO Lookup:  BMC_POWER_UP = 305,out
Jul 19 20:05:04 witherspoon power_control.exe[1070]: GPIO Lookup:  BMC_CP0_RESET_N = 281,out
Jul 19 20:05:04 witherspoon power_control.exe[1070]: Pgood state: 0
Jul 19 20:05:04 witherspoon systemd[1]: Started Phosphor Power0 Control.
Jul 19 20:05:06 witherspoon systemd[1]: Started Wait for /xyz/openbmc_project/state/chassis0.
Jul 19 20:05:06 witherspoon systemd[1]: Started Wait for /xyz/openbmc_project/state/host0.
Jul 19 20:05:06 witherspoon systemd[1]: Starting Reboot If Enabled...
Jul 19 20:05:07 witherspoon system_manager.py[1023]: SystemManager Goto System State: BMC_READY
Jul 19 20:05:07 witherspoon system_manager.py[1023]: Running System State: BMC_READY
Jul 19 20:05:08 witherspoon systemd[1]: Started Wait for /org/openbmc/control/power0.
Jul 19 20:05:08 witherspoon systemd[1]: Starting Check Chassis0 pgood and create a file to indicate it...
Jul 19 20:05:08 witherspoon systemd[1]: Starting Phosphor Time Manager daemon...
Jul 19 20:05:08 witherspoon phosphor-discover-system-state[1101]: Host power is off, checking power policy
Jul 19 20:05:08 witherspoon systemd[1]: Started Reboot If Enabled.
Jul 19 20:05:08 witherspoon systemd[1]: Started Wait for /xyz/openbmc_project/control/host0.
Jul 19 20:05:09 witherspoon systemd[1]: Started Check Chassis0 pgood and create a file to indicate it.
Jul 19 20:05:09 witherspoon systemd[1]: Reached target Chassis0 power on after reset.
Jul 19 20:05:09 witherspoon systemd[1]: Reached target Host0 running after reset.
Jul 19 20:05:09 witherspoon systemd[1]: Reached target Host0 (Reset Check).
Jul 19 20:05:09 witherspoon systemd[1]: Reached target Chassis0 (Reset Check).
Jul 19 20:05:09 witherspoon timemanager[1104]: Registering dbus methods
Jul 19 20:05:09 witherspoon timemanager[1104]: Last known time_mode: NTP
Jul 19 20:05:09 witherspoon timemanager[1104]: Last known time_owner: BMC
Jul 19 20:05:09 witherspoon timemanager[1104]: Empty DhcpNtp string
Jul 19 20:05:09 witherspoon timemanager[1104]: Reading Power Control key: pgood
Jul 19 20:05:09 witherspoon timemanager[1104]: Changing settings *allowed* now
Jul 19 20:05:09 witherspoon timemanager[1104]: Getting System Settings: time_mode
Jul 19 20:05:09 witherspoon timemanager[1104]: Requested_Mode: NTP Current_Mode: NTP
Jul 19 20:05:09 witherspoon timemanager[1104]: Mode is already set to : NTP
Jul 19 20:05:09 witherspoon timemanager[1104]: Getting System Settings: time_owner
Jul 19 20:05:09 witherspoon timemanager[1104]: Owner is already set to : BMC
Jul 19 20:05:09 witherspoon timemanager[1104]: Getting System Settings: use_dhcp_ntp
Jul 19 20:05:09 witherspoon timemanager[1104]: use_dhcp_ntp = yes
Jul 19 20:05:09 witherspoon timemanager[1104]: Last known host_offset:0
Jul 19 20:05:09 witherspoon timemanager[1104]: Initial Uptime Usec: 1500494607596818
Jul 19 20:05:09 witherspoon systemd[1]: Started Phosphor Time Manager daemon.
Jul 19 20:05:09 witherspoon systemd[1]: Reached target Phosphor System - Standby.
Jul 19 20:05:09 witherspoon systemd[1]: Startup finished in 8.526s (kernel) + 1min 33.637s (userspace) = 1min 42.164s.
Jul 19 20:05:09 witherspoon phosphor-bmc-state-manager[1074]: BMC_READY
Jul 19 20:05:09 witherspoon phosphor-bmc-state-manager[1074]: Setting the BMCState field
Jul 19 20:05:18 witherspoon phosphor-gevent[1033]: Traceback (most recent call last):
Jul 19 20:05:19 witherspoon phosphor-gevent[1033]:   File "/usr/lib/python2.7/site-packages/gevent/greenlet.py", line 327, in run
Jul 19 20:05:19 witherspoon phosphor-gevent[1033]:     result = self._run(*self.args, **self.kwargs)
Jul 19 20:05:19 witherspoon phosphor-gevent[1033]:   File "/usr/lib/python2.7/site-packages/gevent/server.py", line 102, in wrap_socket_and_handle
Jul 19 20:05:19 witherspoon phosphor-gevent[1033]:     ssl_socket = self.wrap_socket(client_socket, **self.ssl_args)
Jul 19 20:05:19 witherspoon phosphor-gevent[1033]:   File "/usr/lib/python2.7/site-packages/gevent/ssl.py", line 404, in wrap_socket
Jul 19 20:05:19 witherspoon phosphor-gevent[1033]:     ciphers=ciphers)
Jul 19 20:05:19 witherspoon phosphor-gevent[1033]:   File "/usr/lib/python2.7/site-packages/gevent/ssl.py", line 113, in __init__
Jul 19 20:05:19 witherspoon phosphor-gevent[1033]:     self.do_handshake()
Jul 19 20:05:19 witherspoon phosphor-gevent[1033]:   File "/usr/lib/python2.7/site-packages/gevent/ssl.py", line 324, in do_handshake
Jul 19 20:05:19 witherspoon phosphor-gevent[1033]:     return self._sslobj.do_handshake()
Jul 19 20:05:19 witherspoon phosphor-gevent[1033]: SSLEOFError: EOF occurred in violation of protocol (_ssl.c:590)
Jul 19 20:05:19 witherspoon phosphor-gevent[1033]: <Greenlet at 0x760243f0: <bound method WSGIServer.wrap_socket_and_handle of <WSGIServer at 0x75ffab50 fileno=5 address=('::34e2:f076:b0bd:6676%1986444704', 443, 0, 1986444704)>>(<socket at 0x75ed1830 fileno=9>, ('::80c9:6476:8e91:f402%1995426588', 41720, 0, 199)> failed with SSLEOFError
Jul 19 20:05:19 witherspoon phosphor-gevent[1033]: Traceback (most recent call last):
Jul 19 20:05:19 witherspoon phosphor-gevent[1033]:   File "/usr/lib/python2.7/site-packages/gevent/greenlet.py", line 327, in run
Jul 19 20:05:19 witherspoon phosphor-gevent[1033]:     result = self._run(*self.args, **self.kwargs)
Jul 19 20:05:19 witherspoon phosphor-gevent[1033]:   File "/usr/lib/python2.7/site-packages/gevent/server.py", line 102, in wrap_socket_and_handle
Jul 19 20:05:19 witherspoon phosphor-gevent[1033]:     ssl_socket = self.wrap_socket(client_socket, **self.ssl_args)
Jul 19 20:05:19 witherspoon phosphor-gevent[1033]:   File "/usr/lib/python2.7/site-packages/gevent/ssl.py", line 404, in wrap_socket
Jul 19 20:05:19 witherspoon phosphor-gevent[1033]:     ciphers=ciphers)
Jul 19 20:05:19 witherspoon phosphor-gevent[1033]:   File "/usr/lib/python2.7/site-packages/gevent/ssl.py", line 113, in __init__
Jul 19 20:05:19 witherspoon phosphor-gevent[1033]:     self.do_handshake()
Jul 19 20:05:19 witherspoon phosphor-gevent[1033]:   File "/usr/lib/python2.7/site-packages/gevent/ssl.py", line 324, in do_handshake
Jul 19 20:05:19 witherspoon phosphor-gevent[1033]:     return self._sslobj.do_handshake()
Jul 19 20:05:19 witherspoon phosphor-gevent[1033]: SSLEOFError: EOF occurred in violation of protocol (_ssl.c:590)
Jul 19 20:05:19 witherspoon phosphor-gevent[1033]: <Greenlet at 0x760246c0: <bound method WSGIServer.wrap_socket_and_handle of <WSGIServer at 0x75ffab50 fileno=5 address=('::34e2:f076:b0bd:6676%1986444704', 443, 0, 1986444704)>>(<socket at 0x75ed17d0 fileno=10>, ('::80c9:6476:8e91:f402%1995426588', 41722, 0, 199)> failed with SSLEOFError
Jul 19 20:05:19 witherspoon phosphor-gevent[1033]: Traceback (most recent call last):
Jul 19 20:05:19 witherspoon phosphor-gevent[1033]:   File "/usr/lib/python2.7/site-packages/gevent/greenlet.py", line 327, in run
Jul 19 20:05:19 witherspoon phosphor-gevent[1033]:     result = self._run(*self.args, **self.kwargs)
Jul 19 20:05:19 witherspoon phosphor-gevent[1033]:   File "/usr/lib/python2.7/site-packages/gevent/server.py", line 102, in wrap_socket_and_handle
Jul 19 20:05:19 witherspoon phosphor-gevent[1033]:     ssl_socket = self.wrap_socket(client_socket, **self.ssl_args)
Jul 19 20:05:19 witherspoon phosphor-gevent[1033]:   File "/usr/lib/python2.7/site-packages/gevent/ssl.py", line 404, in wrap_socket
Jul 19 20:05:19 witherspoon phosphor-gevent[1033]:     ciphers=ciphers)
Jul 19 20:05:19 witherspoon phosphor-gevent[1033]:   File "/usr/lib/python2.7/site-packages/gevent/ssl.py", line 113, in __init__
Jul 19 20:05:19 witherspoon phosphor-gevent[1033]:     self.do_handshake()
Jul 19 20:05:19 witherspoon phosphor-gevent[1033]:   File "/usr/lib/python2.7/site-packages/gevent/ssl.py", line 324, in do_handshake
Jul 19 20:05:19 witherspoon phosphor-gevent[1033]:     return self._sslobj.do_handshake()
Jul 19 20:05:19 witherspoon phosphor-gevent[1033]: SSLEOFError: EOF occurred in violation of protocol (_ssl.c:590)
Jul 19 20:05:19 witherspoon phosphor-gevent[1033]: <Greenlet at 0x760243a0: <bound method WSGIServer.wrap_socket_and_handle of <WSGIServer at 0x75ffab50 fileno=5 address=('::34e2:f076:b0bd:6676%1986444704', 443, 0, 1986444704)>>(<socket at 0x75ed1870 fileno=11>, ('::80c9:6476:8e91:f402%1995426588', 41724, 0, 199)> failed with SSLEOFError
Jul 19 20:05:19 witherspoon avahi-daemon[977]: Service name conflict for "sftp" (/services/sftp.service), retrying with "sftp #16".
Jul 19 20:05:19 witherspoon avahi-daemon[977]: Service name conflict for "phosphor_rest" (/services/phosphor_rest.service), retrying with "phosphor_rest #16".
Jul 19 20:05:19 witherspoon avahi-daemon[977]: Service name conflict for "obmc_console" (/services/obmc_console.service), retrying with "obmc_console #16".
Jul 19 20:05:37 witherspoon phosphor-gevent[1033]: ::80c9:6476:8e91:f402%1995426588 - - [2017-07-19 20:05:37] "POST /login HTTP/1.1" 200 320 0.062519
Jul 19 20:05:37 witherspoon phosphor-gevent[1033]: ::80c9:6476:8e91:f402%1995426588 - - [2017-07-19 20:05:37] "GET /xyz/openbmc_project/state/chassis0//attr/CurrentPowerState HTTP/1.1" 200 216 0.058827
Jul 19 20:05:38 witherspoon phosphor-gevent[1033]: ::80c9:6476:8e91:f402%1995426588 - - [2017-07-19 20:05:38] "POST /login HTTP/1.1" 200 320 0.045300
Jul 19 20:05:38 witherspoon phosphor-gevent[1033]: ::80c9:6476:8e91:f402%1995426588 - - [2017-07-19 20:05:38] "GET /xyz/openbmc_project/state/chassis0//attr/CurrentPowerState HTTP/1.1" 200 216 0.049614
Jul 19 20:05:38 witherspoon phosphor-gevent[1033]: ::80c9:6476:8e91:f402%1995426588 - - [2017-07-19 20:05:38] "POST /login HTTP/1.1" 200 320 0.032174
Jul 19 20:05:38 witherspoon phosphor-gevent[1033]: ::80c9:6476:8e91:f402%1995426588 - - [2017-07-19 20:05:38] "GET /org/openbmc/sensors/host/BootProgress/attr/value HTTP/1.1" 200 170 0.052381
Jul 19 20:05:38 witherspoon phosphor-gevent[1033]: ::80c9:6476:8e91:f402%1995426588 - - [2017-07-19 20:05:38] "POST /login HTTP/1.1" 200 320 0.032769
Jul 19 20:05:38 witherspoon phosphor-gevent[1033]: ::80c9:6476:8e91:f402%1995426588 - - [2017-07-19 20:05:38] "GET /xyz/openbmc_project/state/host0//attr/CurrentHostState HTTP/1.1" 200 212 0.068774
Jul 19 20:05:38 witherspoon phosphor-gevent[1033]: ::80c9:6476:8e91:f402%1995426588 - - [2017-07-19 20:05:38] "POST /login HTTP/1.1" 200 320 0.032550
Jul 19 20:05:38 witherspoon phosphor-gevent[1033]: ::80c9:6476:8e91:f402%1995426588 - - [2017-07-19 20:05:38] "GET /xyz/openbmc_project/logging/entry//list HTTP/1.1" 404 311 0.029801
Jul 19 20:05:38 witherspoon dropbear[1011]: Exit (root): Exited normally
Jul 19 20:05:39 witherspoon systemd[1]: Started SSH Per-Connection Server (9.41.165.94:58590).
Jul 19 20:05:39 witherspoon dropbear[1122]: Failed loading /etc/dropbear/dropbear_dss_host_key
Jul 19 20:05:39 witherspoon dropbear[1122]: Failed loading /etc/dropbear/dropbear_ecdsa_host_key
Jul 19 20:05:39 witherspoon dropbear[1122]: Child connection from ::ffff:9.41.165.94:58590
Jul 19 20:05:39 witherspoon avahi-daemon[977]: Service name conflict for "obmc_console" (/services/obmc_console.service), retrying with "obmc_console #17".
Jul 19 20:05:39 witherspoon avahi-daemon[977]: Service name conflict for "phosphor_rest" (/services/phosphor_rest.service), retrying with "phosphor_rest #17".
Jul 19 20:05:39 witherspoon dropbear[1122]: PAM password auth succeeded for 'root' from ::ffff:9.41.165.94:58590
Jul 19 20:05:39 witherspoon dropbear[1123]: lastlog_perform_login: Couldn't stat /var/log/lastlog: No such file or directory
Jul 19 20:05:39 witherspoon dropbear[1123]: lastlog_openseek: /var/log/lastlog is not a file or directory!
Jul 19 20:05:40 witherspoon avahi-daemon[977]: Service "sftp #16" (/services/sftp.service) successfully established.
Jul 19 20:05:41 witherspoon phosphor-gevent[1033]: ::80c9:6476:8e91:f402%1995426588 - - [2017-07-19 20:05:41] "POST /login HTTP/1.1" 200 320 0.032877
Jul 19 20:05:41 witherspoon phosphor-gevent[1033]: ::80c9:6476:8e91:f402%1995426588 - - [2017-07-19 20:05:41] "GET /xyz/openbmc_project/state/host0//attr/CurrentHostState HTTP/1.1" 200 212 0.063645
Jul 19 20:05:41 witherspoon dropbear[1122]: Exit (root): Exited normally
Jul 19 20:05:44 witherspoon systemd[1]: Started SSH Per-Connection Server (9.41.165.94:58594).
Jul 19 20:05:44 witherspoon dropbear[1132]: Failed loading /etc/dropbear/dropbear_dss_host_key
Jul 19 20:05:44 witherspoon dropbear[1132]: Failed loading /etc/dropbear/dropbear_ecdsa_host_key
Jul 19 20:05:44 witherspoon dropbear[1132]: Child connection from ::ffff:9.41.165.94:58594
Jul 19 20:05:45 witherspoon dropbear[1132]: PAM password auth succeeded for 'root' from ::ffff:9.41.165.94:58594
Jul 19 20:05:45 witherspoon dropbear[1133]: lastlog_perform_login: Couldn't stat /var/log/lastlog: No such file or directory
Jul 19 20:05:45 witherspoon dropbear[1133]: lastlog_openseek: /var/log/lastlog is not a file or directory!
Jul 19 20:05:47 witherspoon phosphor-gevent[1033]: ::80c9:6476:8e91:f402%1995426588 - - [2017-07-19 20:05:47] "POST /login HTTP/1.1" 200 320 0.032795
Jul 19 20:05:47 witherspoon phosphor-gevent[1033]: ::80c9:6476:8e91:f402%1995426588 - - [2017-07-19 20:05:47] "PUT /org/openbmc/settings/host0/attr/power_policy HTTP/1.1" 200 169 0.220539
Jul 19 20:05:47 witherspoon phosphor-gevent[1033]: ::80c9:6476:8e91:f402%1995426588 - - [2017-07-19 20:05:47] "POST /login HTTP/1.1" 200 320 0.032817
Jul 19 20:05:47 witherspoon phosphor-gevent[1033]: ::80c9:6476:8e91:f402%1995426588 - - [2017-07-19 20:05:47] "GET /org/openbmc/settings/host0/attr/power_policy HTTP/1.1" 200 185 0.081397
Jul 19 20:05:47 witherspoon systemd[1]: Started SSH Per-Connection Server (9.41.165.94:58600).
Jul 19 20:05:47 witherspoon dropbear[1139]: Failed loading /etc/dropbear/dropbear_dss_host_key
Jul 19 20:05:47 witherspoon dropbear[1139]: Failed loading /etc/dropbear/dropbear_ecdsa_host_key
Jul 19 20:05:47 witherspoon dropbear[1139]: Child connection from ::ffff:9.41.165.94:58600
Jul 19 20:05:48 witherspoon dropbear[1139]: PAM password auth succeeded for 'root' from ::ffff:9.41.165.94:58600
Jul 19 20:05:48 witherspoon dropbear[1140]: lastlog_perform_login: Couldn't stat /var/log/lastlog: No such file or directory
Jul 19 20:05:48 witherspoon dropbear[1140]: lastlog_openseek: /var/log/lastlog is not a file or directory!
Jul 19 20:05:49 witherspoon phosphor-gevent[1033]: ::80c9:6476:8e91:f402%1995426588 - - [2017-07-19 20:05:49] "POST /login HTTP/1.1" 200 320 0.035839
Jul 19 20:05:49 witherspoon phosphor-gevent[1033]: ::80c9:6476:8e91:f402%1995426588 - - [2017-07-19 20:05:49] "GET /xyz/openbmc_project/state/chassis0//attr/CurrentPowerState HTTP/1.1" 200 216 0.049822
Jul 19 20:05:50 witherspoon phosphor-gevent[1033]: ::80c9:6476:8e91:f402%1995426588 - - [2017-07-19 20:05:50] "POST /login HTTP/1.1" 200 320 0.047599
Jul 19 20:05:50 witherspoon phosphor-gevent[1033]: ::80c9:6476:8e91:f402%1995426588 - - [2017-07-19 20:05:50] "GET /xyz/openbmc_project/state/bmc0//attr/CurrentBMCState HTTP/1.1" 200 212 0.049617
Jul 19 20:05:50 witherspoon phosphor-gevent[1033]: ::80c9:6476:8e91:f402%1995426588 - - [2017-07-19 20:05:50] "POST /login HTTP/1.1" 200 320 0.035635
Jul 19 20:05:50 witherspoon phosphor-gevent[1033]: ::80c9:6476:8e91:f402%1995426588 - - [2017-07-19 20:05:50] "GET /org/openbmc/sensors/host/BootProgress/attr/value HTTP/1.1" 200 170 0.058604
Jul 19 20:05:50 witherspoon phosphor-gevent[1033]: ::80c9:6476:8e91:f402%1995426588 - - [2017-07-19 20:05:50] "POST /login HTTP/1.1" 200 320 0.032550
Jul 19 20:05:50 witherspoon phosphor-gevent[1033]: ::80c9:6476:8e91:f402%1995426588 - - [2017-07-19 20:05:50] "GET /xyz/openbmc_project/state/host0//attr/CurrentHostState HTTP/1.1" 200 212 0.066701
Jul 19 20:05:50 witherspoon phosphor-gevent[1033]: ::80c9:6476:8e91:f402%1995426588 - - [2017-07-19 20:05:50] "POST /login HTTP/1.1" 200 320 0.032618
Jul 19 20:05:51 witherspoon phosphor-gevent[1033]: ::80c9:6476:8e91:f402%1995426588 - - [2017-07-19 20:05:50] "GET /xyz/openbmc_project/logging/entry//list HTTP/1.1" 404 311 0.029739
Jul 19 20:05:51 witherspoon systemd[1]: Started SSH Per-Connection Server (9.41.165.94:58616).
Jul 19 20:05:51 witherspoon dropbear[1143]: Failed loading /etc/dropbear/dropbear_dss_host_key
Jul 19 20:05:51 witherspoon dropbear[1143]: Failed loading /etc/dropbear/dropbear_ecdsa_host_key
Jul 19 20:05:51 witherspoon dropbear[1143]: Child connection from ::ffff:9.41.165.94:58616
Jul 19 20:05:51 witherspoon dropbear[1143]: PAM password auth succeeded for 'root' from ::ffff:9.41.165.94:58616
Jul 19 20:05:59 witherspoon avahi-daemon[977]: Service name conflict for "phosphor_rest" (/services/phosphor_rest.service), retrying with "phosphor_rest #18".
Jul 19 20:05:59 witherspoon avahi-daemon[977]: Service name conflict for "obmc_console" (/services/obmc_console.service), retrying with "obmc_console #18".
Jul 19 20:06:19 witherspoon avahi-daemon[977]: Service name conflict for "obmc_console" (/services/obmc_console.service), retrying with "obmc_console #19".
Jul 19 20:06:20 witherspoon phosphor-gevent[1033]: ::80c9:6476:8e91:f402%1995426588 - - [2017-07-19 20:06:20] "POST /login HTTP/1.1" 200 320 0.034190
Jul 19 20:06:20 witherspoon avahi-daemon[977]: Service "phosphor_rest #18" (/services/phosphor_rest.service) successfully established.
Jul 19 20:06:20 witherspoon flash_bios.exe[1047]: Starting flasher: bios,/tmp/witherspoon_20170704n.pnor,/org/openbmc/control/flash/bios,
Jul 19 20:06:20 witherspoon flash_bios.exe[1047]: flasher: /tmp/witherspoon_20170704n.pnor, BMC = 1, address = 0x0
Jul 19 20:06:20 witherspoon flash_bios.exe[1047]: Setting up flash
Jul 19 20:06:20 witherspoon phosphor-gevent[1033]: ::80c9:6476:8e91:f402%1995426588 - - [2017-07-19 20:06:20] "POST /org/openbmc/control/flash/bios//action/update HTTP/1.1" 200 169 0.254147
Jul 19 20:06:20 witherspoon phosphor-gevent[1033]: ::80c9:6476:8e91:f402%1995426588 - - [2017-07-19 20:06:20] "POST /login HTTP/1.1" 200 320 0.032428
Jul 19 20:06:21 witherspoon phosphor-gevent[1033]: ::80c9:6476:8e91:f402%1995426588 - - [2017-07-19 20:06:21] "GET /org/openbmc/control/flash/bios HTTP/1.1" 200 396 0.172442
Jul 19 20:06:21 witherspoon phosphor-gevent[1033]: ::80c9:6476:8e91:f402%1995426588 - - [2017-07-19 20:06:21] "POST /login HTTP/1.1" 200 320 0.032785
Jul 19 20:06:21 witherspoon phosphor-gevent[1033]: ::80c9:6476:8e91:f402%1995426588 - - [2017-07-19 20:06:21] "GET /org/openbmc/control/flash/bios HTTP/1.1" 200 396 0.202221
Jul 19 20:06:31 witherspoon phosphor-gevent[1033]: ::80c9:6476:8e91:f402%1995426588 - - [2017-07-19 20:06:31] "POST /login HTTP/1.1" 200 320 0.032952
Jul 19 20:06:32 witherspoon phosphor-gevent[1033]: ::80c9:6476:8e91:f402%1995426588 - - [2017-07-19 20:06:32] "GET /org/openbmc/control/flash/bios HTTP/1.1" 200 396 0.653465
Jul 19 20:06:39 witherspoon avahi-daemon[977]: Service name conflict for "obmc_console" (/services/obmc_console.service), retrying with "obmc_console #20".
Jul 19 20:06:42 witherspoon phosphor-gevent[1033]: ::80c9:6476:8e91:f402%1995426588 - - [2017-07-19 20:06:42] "POST /login HTTP/1.1" 200 320 0.032839
Jul 19 20:06:42 witherspoon phosphor-gevent[1033]: ::80c9:6476:8e91:f402%1995426588 - - [2017-07-19 20:06:42] "GET /org/openbmc/control/flash/bios HTTP/1.1" 200 396 0.075803
Jul 19 20:06:53 witherspoon phosphor-gevent[1033]: ::80c9:6476:8e91:f402%1995426588 - - [2017-07-19 20:06:53] "POST /login HTTP/1.1" 200 320 0.033067
Jul 19 20:06:53 witherspoon phosphor-gevent[1033]: ::80c9:6476:8e91:f402%1995426588 - - [2017-07-19 20:06:53] "GET /org/openbmc/control/flash/bios HTTP/1.1" 200 396 0.495752
Jul 19 20:07:00 witherspoon avahi-daemon[977]: Service name conflict for "obmc_console" (/services/obmc_console.service), retrying with "obmc_console #21".
Jul 19 20:07:03 witherspoon phosphor-gevent[1033]: ::80c9:6476:8e91:f402%1995426588 - - [2017-07-19 20:07:03] "POST /login HTTP/1.1" 200 320 0.032930
Jul 19 20:07:03 witherspoon phosphor-gevent[1033]: ::80c9:6476:8e91:f402%1995426588 - - [2017-07-19 20:07:03] "GET /org/openbmc/control/flash/bios HTTP/1.1" 200 396 0.067684
Jul 19 20:07:14 witherspoon phosphor-gevent[1033]: ::80c9:6476:8e91:f402%1995426588 - - [2017-07-19 20:07:14] "POST /login HTTP/1.1" 200 320 0.032491
Jul 19 20:07:14 witherspoon phosphor-gevent[1033]: ::80c9:6476:8e91:f402%1995426588 - - [2017-07-19 20:07:14] "GET /org/openbmc/control/flash/bios HTTP/1.1" 200 396 0.695655
Jul 19 20:07:20 witherspoon avahi-daemon[977]: Service name conflict for "obmc_console" (/services/obmc_console.service), retrying with "obmc_console #22".
Jul 19 20:07:24 witherspoon phosphor-gevent[1033]: ::80c9:6476:8e91:f402%1995426588 - - [2017-07-19 20:07:24] "POST /login HTTP/1.1" 200 320 0.033061
Jul 19 20:07:25 witherspoon phosphor-gevent[1033]: ::80c9:6476:8e91:f402%1995426588 - - [2017-07-19 20:07:25] "GET /org/openbmc/control/flash/bios HTTP/1.1" 200 396 0.068218
Jul 19 20:07:35 witherspoon phosphor-gevent[1033]: ::80c9:6476:8e91:f402%1995426588 - - [2017-07-19 20:07:35] "POST /login HTTP/1.1" 200 320 0.032833
Jul 19 20:07:36 witherspoon phosphor-gevent[1033]: ::80c9:6476:8e91:f402%1995426588 - - [2017-07-19 20:07:36] "GET /org/openbmc/control/flash/bios HTTP/1.1" 200 396 0.852036
Jul 19 20:07:41 witherspoon avahi-daemon[977]: Service name conflict for "obmc_console" (/services/obmc_console.service), retrying with "obmc_console #23".
Jul 19 20:07:46 witherspoon phosphor-gevent[1033]: ::80c9:6476:8e91:f402%1995426588 - - [2017-07-19 20:07:46] "POST /login HTTP/1.1" 200 320 0.039325
Jul 19 20:07:46 witherspoon phosphor-gevent[1033]: ::80c9:6476:8e91:f402%1995426588 - - [2017-07-19 20:07:46] "GET /org/openbmc/control/flash/bios HTTP/1.1" 200 396 0.068229
Jul 19 20:07:56 witherspoon phosphor-gevent[1033]: ::80c9:6476:8e91:f402%1995426588 - - [2017-07-19 20:07:56] "POST /login HTTP/1.1" 200 320 0.032972
Jul 19 20:07:56 witherspoon phosphor-gevent[1033]: ::80c9:6476:8e91:f402%1995426588 - - [2017-07-19 20:07:56] "GET /org/openbmc/control/flash/bios HTTP/1.1" 200 396 0.067809
Jul 19 20:08:02 witherspoon avahi-daemon[977]: Service name conflict for "obmc_console" (/services/obmc_console.service), retrying with "obmc_console #24".
Jul 19 20:08:07 witherspoon phosphor-gevent[1033]: ::80c9:6476:8e91:f402%1995426588 - - [2017-07-19 20:08:07] "POST /login HTTP/1.1" 200 320 0.032796
Jul 19 20:08:07 witherspoon phosphor-gevent[1033]: ::80c9:6476:8e91:f402%1995426588 - - [2017-07-19 20:08:07] "GET /org/openbmc/control/flash/bios HTTP/1.1" 200 396 0.067894
Jul 19 20:08:18 witherspoon phosphor-gevent[1033]: ::80c9:6476:8e91:f402%1995426588 - - [2017-07-19 20:08:18] "POST /login HTTP/1.1" 200 320 0.032481
Jul 19 20:08:18 witherspoon phosphor-gevent[1033]: ::80c9:6476:8e91:f402%1995426588 - - [2017-07-19 20:08:18] "GET /org/openbmc/control/flash/bios HTTP/1.1" 200 396 0.068038
Jul 19 20:08:22 witherspoon avahi-daemon[977]: Service name conflict for "obmc_console" (/services/obmc_console.service), retrying with "obmc_console #25".
Jul 19 20:08:28 witherspoon phosphor-gevent[1033]: ::80c9:6476:8e91:f402%1995426588 - - [2017-07-19 20:08:28] "POST /login HTTP/1.1" 200 320 0.032994
Jul 19 20:08:28 witherspoon phosphor-gevent[1033]: ::80c9:6476:8e91:f402%1995426588 - - [2017-07-19 20:08:28] "GET /org/openbmc/control/flash/bios HTTP/1.1" 200 396 0.068094
Jul 19 20:08:38 witherspoon phosphor-gevent[1033]: ::80c9:6476:8e91:f402%1995426588 - - [2017-07-19 20:08:38] "POST /login HTTP/1.1" 200 320 0.033064
Jul 19 20:08:38 witherspoon phosphor-gevent[1033]: ::80c9:6476:8e91:f402%1995426588 - - [2017-07-19 20:08:38] "GET /org/openbmc/control/flash/bios HTTP/1.1" 200 396 0.079950
Jul 19 20:08:41 witherspoon avahi-daemon[977]: Service name conflict for "obmc_console" (/services/obmc_console.service), retrying with "obmc_console #26".
Jul 19 20:08:48 witherspoon phosphor-gevent[1033]: ::80c9:6476:8e91:f402%1995426588 - - [2017-07-19 20:08:48] "POST /login HTTP/1.1" 200 320 0.032838
Jul 19 20:08:49 witherspoon phosphor-gevent[1033]: ::80c9:6476:8e91:f402%1995426588 - - [2017-07-19 20:08:49] "GET /org/openbmc/control/flash/bios HTTP/1.1" 200 400 0.068077
Jul 19 20:08:59 witherspoon phosphor-gevent[1033]: ::80c9:6476:8e91:f402%1995426588 - - [2017-07-19 20:08:59] "POST /login HTTP/1.1" 200 320 0.201516
Jul 19 20:08:59 witherspoon phosphor-gevent[1033]: ::80c9:6476:8e91:f402%1995426588 - - [2017-07-19 20:08:59] "GET /org/openbmc/control/flash/bios HTTP/1.1" 200 401 0.079802
Jul 19 20:09:01 witherspoon avahi-daemon[977]: Service name conflict for "obmc_console" (/services/obmc_console.service), retrying with "obmc_console #27".
Jul 19 20:09:10 witherspoon phosphor-gevent[1033]: ::80c9:6476:8e91:f402%1995426588 - - [2017-07-19 20:09:10] "POST /login HTTP/1.1" 200 320 0.032576
Jul 19 20:09:10 witherspoon phosphor-gevent[1033]: ::80c9:6476:8e91:f402%1995426588 - - [2017-07-19 20:09:10] "GET /org/openbmc/control/flash/bios HTTP/1.1" 200 401 0.068475
Jul 19 20:09:20 witherspoon phosphor-gevent[1033]: ::80c9:6476:8e91:f402%1995426588 - - [2017-07-19 20:09:20] "POST /login HTTP/1.1" 200 320 0.032864
Jul 19 20:09:20 witherspoon phosphor-gevent[1033]: ::80c9:6476:8e91:f402%1995426588 - - [2017-07-19 20:09:20] "GET /org/openbmc/control/flash/bios HTTP/1.1" 200 401 0.124539
Jul 19 20:09:21 witherspoon avahi-daemon[977]: Service name conflict for "obmc_console" (/services/obmc_console.service), retrying with "obmc_console #28".
Jul 19 20:09:31 witherspoon phosphor-gevent[1033]: ::80c9:6476:8e91:f402%1995426588 - - [2017-07-19 20:09:31] "POST /login HTTP/1.1" 200 320 0.033161
Jul 19 20:09:31 witherspoon phosphor-gevent[1033]: ::80c9:6476:8e91:f402%1995426588 - - [2017-07-19 20:09:31] "GET /org/openbmc/control/flash/bios HTTP/1.1" 200 400 0.068095
Jul 19 20:09:42 witherspoon flash_bios.exe[1047]: Erasing... (may take a while !) done !
Jul 19 20:09:42 witherspoon flash_bios.exe[1047]: About to program "/tmp/witherspoon_20170704n.pnor" at 0x00000000..0x04000000 !
Jul 19 20:09:42 witherspoon flash_bios.exe[1047]: Programming & Verifying...
Jul 19 20:09:42 witherspoon flash_bios.exe[1047]: Flash done
