-- Logs begin at Thu 2017-07-06 15:52:24 UTC, end at Thu 2017-07-06 16:13:31 UTC. --
Jul 06 15:52:24 witherspoon kernel: Booting Linux on physical CPU 0x0
Jul 06 15:52:24 witherspoon kernel: Linux version 4.10.17-fe613f76559522a7fb28841f91871ccc0dee1a0b (jenkins@openbmc-builder1) (gcc version 6.2.0 (GCC) ) #1 Thu Jul 6 15:29:16 UTC 2017
Jul 06 15:52:24 witherspoon kernel: CPU: ARMv6-compatible processor [410fb767] revision 7 (ARMv7), cr=00c5387d
Jul 06 15:52:24 witherspoon kernel: CPU: PIPT / VIPT nonaliasing data cache, VIPT nonaliasing instruction cache
Jul 06 15:52:24 witherspoon kernel: OF: fdt:Machine model: Witherspoon BMC
Jul 06 15:52:24 witherspoon kernel: Memory policy: Data cache writeback
Jul 06 15:52:24 witherspoon kernel: SOC Rev: 04030303
Jul 06 15:52:24 witherspoon kernel: On node 0 totalpages: 110592
Jul 06 15:52:24 witherspoon kernel: free_area_init_node: node 0, pgdat 805f33fc, node_mem_map 9ec1a000
Jul 06 15:52:24 witherspoon kernel:   Normal zone: 992 pages used for memmap
Jul 06 15:52:24 witherspoon kernel:   Normal zone: 0 pages reserved
Jul 06 15:52:24 witherspoon kernel:   Normal zone: 110592 pages, LIFO batch:31
Jul 06 15:52:24 witherspoon kernel: pcpu-alloc: s0 r0 d32768 u32768 alloc=1*32768
Jul 06 15:52:24 witherspoon kernel: pcpu-alloc: [0] 0 
Jul 06 15:52:24 witherspoon kernel: Built 1 zonelists in Zone order, mobility grouping on.  Total pages: 109600
Jul 06 15:52:24 witherspoon kernel: Kernel command line: console=ttyS4,115200n8 root=/dev/ram rw
Jul 06 15:52:24 witherspoon kernel: PID hash table entries: 2048 (order: 1, 8192 bytes)
Jul 06 15:52:24 witherspoon kernel: Dentry cache hash table entries: 65536 (order: 6, 262144 bytes)
Jul 06 15:52:24 witherspoon kernel: Inode-cache hash table entries: 32768 (order: 5, 131072 bytes)
Jul 06 15:52:24 witherspoon kernel: Memory: 430508K/442368K available (4049K kernel code, 280K rwdata, 1168K rodata, 280K init, 111K bss, 11860K reserved, 0K cma-reserved)
Jul 06 15:52:24 witherspoon kernel: Virtual kernel memory layout:
                                        vector  : 0xffff0000 - 0xffff1000   (   4 kB)
                                        fixmap  : 0xffc00000 - 0xfff00000   (3072 kB)
                                        vmalloc : 0x9f800000 - 0xff800000   (1536 MB)
                                        lowmem  : 0x80000000 - 0x9f000000   ( 496 MB)
                                          .text : 0x80008000 - 0x803fc610   (4050 kB)
                                          .init : 0x8057a000 - 0x805c0000   ( 280 kB)
                                          .data : 0x805c0000 - 0x806061a8   ( 281 kB)
                                           .bss : 0x806061a8 - 0x80622078   ( 112 kB)
Jul 06 15:52:24 witherspoon kernel: NR_IRQS:16 nr_irqs:16 16
Jul 06 15:52:24 witherspoon kernel: i2c controller registered, irq 16
Jul 06 15:52:24 witherspoon kernel: clocksource: moxart_timer: mask: 0xffffffff max_cycles: 0xffffffff, max_idle_ns: 77222644334 ns
Jul 06 15:52:24 witherspoon kernel: sched_clock: 32 bits at 100 Hz, resolution 10000000ns, wraps every 21474836475000000ns
Jul 06 15:52:24 witherspoon kernel: Calibrating delay loop... 789.70 BogoMIPS (lpj=3948544)
Jul 06 15:52:24 witherspoon kernel: pid_max: default: 32768 minimum: 301
Jul 06 15:52:24 witherspoon kernel: Mount-cache hash table entries: 1024 (order: 0, 4096 bytes)
Jul 06 15:52:24 witherspoon kernel: Mountpoint-cache hash table entries: 1024 (order: 0, 4096 bytes)
Jul 06 15:52:24 witherspoon kernel: CPU: Testing write buffer coherency: ok
Jul 06 15:52:24 witherspoon kernel: ftrace: allocating 14869 entries in 44 pages
Jul 06 15:52:24 witherspoon kernel: Setting up static identity map for 0x80008200 - 0x8000825c
Jul 06 15:52:24 witherspoon kernel: devtmpfs: initialized
Jul 06 15:52:24 witherspoon kernel: clocksource: jiffies: mask: 0xffffffff max_cycles: 0xffffffff, max_idle_ns: 19112604462750000 ns
Jul 06 15:52:24 witherspoon kernel: futex hash table entries: 256 (order: -1, 3072 bytes)
Jul 06 15:52:24 witherspoon kernel: pinctrl core: initialized pinctrl subsystem
Jul 06 15:52:24 witherspoon kernel: NET: Registered protocol family 16
Jul 06 15:52:24 witherspoon kernel: DMA: preallocated 256 KiB pool for atomic coherent allocations
Jul 06 15:52:24 witherspoon kernel: usbcore: registered new interface driver usbfs
Jul 06 15:52:24 witherspoon kernel: usbcore: registered new interface driver hub
Jul 06 15:52:24 witherspoon kernel: usbcore: registered new device driver usb
Jul 06 15:52:24 witherspoon kernel: clocksource: Switched to clocksource moxart_timer
Jul 06 15:52:24 witherspoon kernel: NET: Registered protocol family 2
Jul 06 15:52:24 witherspoon kernel: TCP established hash table entries: 4096 (order: 2, 16384 bytes)
Jul 06 15:52:24 witherspoon kernel: TCP bind hash table entries: 4096 (order: 2, 16384 bytes)
Jul 06 15:52:24 witherspoon kernel: TCP: Hash tables configured (established 4096 bind 4096)
Jul 06 15:52:24 witherspoon kernel: UDP hash table entries: 256 (order: 0, 4096 bytes)
Jul 06 15:52:24 witherspoon kernel: UDP-Lite hash table entries: 256 (order: 0, 4096 bytes)
Jul 06 15:52:24 witherspoon kernel: NET: Registered protocol family 1
Jul 06 15:52:24 witherspoon kernel: Trying to unpack rootfs image as initramfs...
Jul 06 15:52:24 witherspoon kernel: Freeing initrd memory: 1548K
Jul 06 15:52:24 witherspoon kernel: workingset: timestamp_bits=30 max_order=17 bucket_order=0
Jul 06 15:52:24 witherspoon kernel: squashfs: version 4.0 (2009/01/31) Phillip Lougher
Jul 06 15:52:24 witherspoon kernel: jffs2: version 2.2. (SUMMARY)  © 2001-2006 Red Hat, Inc.
Jul 06 15:52:24 witherspoon kernel: Block layer SCSI generic (bsg) driver version 0.4 loaded (major 250)
Jul 06 15:52:24 witherspoon kernel: io scheduler noop registered
Jul 06 15:52:24 witherspoon kernel: io scheduler deadline registered
Jul 06 15:52:24 witherspoon kernel: io scheduler cfq registered (default)
Jul 06 15:52:24 witherspoon kernel: ipmi-bt-host 1e789140.ibt: Found bt bmc device
Jul 06 15:52:24 witherspoon kernel: ipmi-bt-host 1e789140.ibt: Using IRQ 22
Jul 06 15:52:24 witherspoon kernel: Serial: 8250/16550 driver, 6 ports, IRQ sharing enabled
Jul 06 15:52:24 witherspoon kernel: 1e783000.serial: ttyS0 at MMIO 0x1e783000 (irq = 23, base_baud = 1500000) is a 16550A
Jul 06 15:52:24 witherspoon kernel: 1e78d000.serial: ttyS1 at MMIO 0x1e78d000 (irq = 24, base_baud = 1500000) is a 16550A
Jul 06 15:52:24 witherspoon kernel: 1e784000.serial: ttyS4 at MMIO 0x1e784000 (irq = 25, base_baud = 1500000) is a 16550A
Jul 06 15:52:24 witherspoon kernel: console [ttyS4] enabled
Jul 06 15:52:24 witherspoon kernel: 1e787000.vuart: ttyS2 at MMIO 0x1e787000 (irq = 22, base_baud = 1500000) is a 16550A
Jul 06 15:52:24 witherspoon kernel: timeriomem_rng 1e6e2078.hwrng: 32bits from 0xf00e2078 @ 1us
Jul 06 15:52:24 witherspoon kernel: brd: module loaded
Jul 06 15:52:24 witherspoon kernel: loop: module loaded
Jul 06 15:52:24 witherspoon kernel: aspeed-lpc-ctrl 1e789080.lpc-ctrl: Loaded at 0x98000000 (0x04000000)
Jul 06 15:52:24 witherspoon kernel: aspeed-smc 1e620000.flash-controller: Using IRQ 18
Jul 06 15:52:24 witherspoon kernel: aspeed-smc 1e620000.flash-controller: DMA support disabled.
Jul 06 15:52:24 witherspoon kernel: aspeed-smc 1e620000.flash-controller: mx25l25635e (32768 Kbytes)
Jul 06 15:52:24 witherspoon kernel: aspeed-smc 1e620000.flash-controller: CE0 window [ 0x20000000 - 0x22000000 ] 32MB
Jul 06 15:52:24 witherspoon kernel: aspeed-smc 1e620000.flash-controller: CE1 window [ 0x22000000 - 0x2a000000 ] 128MB
Jul 06 15:52:24 witherspoon kernel: 5 ofpart partitions found on MTD device bmc
Jul 06 15:52:24 witherspoon kernel: Creating 5 MTD partitions on "bmc":
Jul 06 15:52:24 witherspoon kernel: 0x000000000000-0x000000060000 : "u-boot"
Jul 06 15:52:24 witherspoon kernel: 0x000000060000-0x000000080000 : "u-boot-env"
Jul 06 15:52:24 witherspoon kernel: 0x000000080000-0x0000004c0000 : "kernel"
Jul 06 15:52:24 witherspoon kernel: 0x0000004c0000-0x000001c00000 : "rofs"
Jul 06 15:52:24 witherspoon kernel: 0x000001c00000-0x000002000000 : "rwfs"
Jul 06 15:52:24 witherspoon kernel: aspeed-smc 1e620000.flash-controller: mx25l25635e (32768 Kbytes)
Jul 06 15:52:24 witherspoon kernel: aspeed-smc 1e620000.flash-controller: CE1 window [ 0x22000000 - 0x24000000 ] 32MB
Jul 06 15:52:24 witherspoon kernel: aspeed-smc 1e620000.flash-controller: CE2 window [ 0x24000000 - 0x2c000000 ] 128MB
Jul 06 15:52:24 witherspoon kernel: aspeed-smc 1e630000.flash-controller: mx66l1g45g (131072 Kbytes)
Jul 06 15:52:24 witherspoon kernel: aspeed-smc 1e630000.flash-controller: CE0 window resized to 120MB (AST2500 HW quirk)
Jul 06 15:52:24 witherspoon kernel: aspeed-smc 1e630000.flash-controller: CE0 window [ 0x30000000 - 0x37800000 ] 120MB
Jul 06 15:52:24 witherspoon kernel: aspeed-smc 1e630000.flash-controller: CE0 window too small for chip 128MB
Jul 06 15:52:24 witherspoon kernel: aspeed-smc 1e630000.flash-controller: CE1 window [ 0x37800000 - 0x38000000 ] 8MB
Jul 06 15:52:24 witherspoon kernel: libphy: Fixed MDIO Bus: probed
Jul 06 15:52:24 witherspoon kernel: ftgmac100 1e660000.ethernet: Read MAC address 70:e2:84:14:28:a9 from chip
Jul 06 15:52:24 witherspoon kernel: ftgmac100 1e660000.ethernet: Using NCSI interface
Jul 06 15:52:24 witherspoon kernel: ftgmac100 1e660000.ethernet eth0: irq 20, mapped at f0060000
Jul 06 15:52:24 witherspoon kernel: ehci_hcd: USB 2.0 'Enhanced' Host Controller (EHCI) Driver
Jul 06 15:52:24 witherspoon kernel: ehci-platform: EHCI generic platform driver
Jul 06 15:52:24 witherspoon kernel:  fsi0: can't read slave 00:00 -5
Jul 06 15:52:24 witherspoon kernel: i2c /dev entries driver
Jul 06 15:52:24 witherspoon kernel: aspeed-i2c-bus 1e78a0c0.i2c-bus: i2c bus 2 registered, irq 26
Jul 06 15:52:24 witherspoon kernel: aspeed-i2c-bus 1e78a100.i2c-bus: i2c bus 3 registered, irq 27
Jul 06 15:52:24 witherspoon kernel: aspeed-i2c-bus 1e78a140.i2c-bus: i2c bus 4 registered, irq 28
Jul 06 15:52:24 witherspoon kernel: aspeed-i2c-bus 1e78a180.i2c-bus: i2c bus 5 registered, irq 29
Jul 06 15:52:24 witherspoon kernel: aspeed-i2c-bus 1e78a380.i2c-bus: i2c bus 9 registered, irq 30
Jul 06 15:52:24 witherspoon kernel: aspeed-i2c-bus 1e78a3c0.i2c-bus: i2c bus 10 registered, irq 31
Jul 06 15:52:24 witherspoon kernel: rtc-rv8803 11-0032: Voltage low, temperature compensation stopped.
Jul 06 15:52:24 witherspoon kernel: rtc-rv8803 11-0032: rtc core: registered rx8900 as rtc0
Jul 06 15:52:24 witherspoon kernel: at24 11-0051: 8192 byte 24c64 EEPROM, writable, 1 bytes/write
Jul 06 15:52:24 witherspoon kernel: aspeed-i2c-bus 1e78a400.i2c-bus: i2c bus 11 registered, irq 32
Jul 06 15:52:24 witherspoon kernel: aspeed-i2c-bus 1e78a440.i2c-bus: i2c bus 12 registered, irq 33
Jul 06 15:52:24 witherspoon kernel: aspeed-i2c-bus 1e78a480.i2c-bus: i2c bus 13 registered, irq 34
Jul 06 15:52:24 witherspoon kernel: Driver for 1-wire Dallas network protocol.
Jul 06 15:52:24 witherspoon kernel: lm75 9-004a: hwmon0: sensor 'tmp275'
Jul 06 15:52:24 witherspoon kernel: random: fast init done
Jul 06 15:52:24 witherspoon kernel: ucd9000 11-0064: Device ID UCD90160|2.3.4.0000|110603
Jul 06 15:52:24 witherspoon kernel: leds-pca955x 11-0060: leds-pca955x: Using pca9552 16-bit LED driver at slave address 0x60
Jul 06 15:52:24 witherspoon kernel: leds-pca955x 11-0060: gpios 264...279
Jul 06 15:52:24 witherspoon kernel: usbcore: registered new interface driver usbhid
Jul 06 15:52:24 witherspoon kernel: usbhid: USB HID core driver
Jul 06 15:52:24 witherspoon kernel: bmp280: probe of 3-0077 failed with error -5
Jul 06 15:52:24 witherspoon kernel: dps310 3-0076: iio:device1: sensor 'dps310'
Jul 06 15:52:24 witherspoon kernel: NET: Registered protocol family 10
Jul 06 15:52:24 witherspoon kernel: Segment Routing with IPv6
Jul 06 15:52:24 witherspoon kernel: NET: Registered protocol family 17
Jul 06 15:52:24 witherspoon kernel: console [netcon0] enabled
Jul 06 15:52:24 witherspoon kernel: netconsole: network logging started
Jul 06 15:52:24 witherspoon kernel: input: gpio-keys as /devices/platform/gpio-keys/input/input0
Jul 06 15:52:24 witherspoon kernel: rtc-rv8803 11-0032: setting system clock to 2017-07-06 15:52:11 UTC (1499356331)
Jul 06 15:52:24 witherspoon kernel: Freeing unused kernel memory: 280K
Jul 06 15:52:24 witherspoon kernel: This architecture does not have kernel memory protection.
Jul 06 15:52:24 witherspoon kernel: jffs2: notice: (514) jffs2_build_xattr_subsystem: complete building xattr subsystem, 0 of xdatum (0 unchecked, 0 orphan) and 0 of xref (0 dead, 0 orphan) found.
Jul 06 15:52:24 witherspoon systemd[1]: Failed to insert module 'autofs4': No such file or directory
Jul 06 15:52:24 witherspoon systemd[1]: systemd 232 running in system mode. (+PAM -AUDIT -SELINUX -IMA -APPARMOR -SMACK +SYSVINIT -UTMP -LIBCRYPTSETUP -GCRYPT -GNUTLS +ACL +XZ -LZ4 -SECCOMP +BLKID -ELFUTILS +KMOD -IDN)
Jul 06 15:52:24 witherspoon systemd[1]: Detected architecture arm.
Jul 06 15:52:24 witherspoon systemd[1]: Set hostname to <witherspoon>.
Jul 06 15:52:24 witherspoon systemd[1]: Started Dispatch Password Requests to Console Directory Watch.
Jul 06 15:52:24 witherspoon systemd[1]: Listening on /dev/initctl Compatibility Named Pipe.
Jul 06 15:52:24 witherspoon systemd[1]: Started Forward Password Requests to Wall Directory Watch.
Jul 06 15:52:24 witherspoon systemd[1]: Listening on Journal Socket.
Jul 06 15:52:24 witherspoon systemd[1]: Reached target Swap.
Jul 06 15:52:24 witherspoon systemd[1]: Created slice System Slice.
Jul 06 15:52:24 witherspoon systemd[1]: Created slice system-org.openbmc.buttons.Power.slice.
Jul 06 15:52:24 witherspoon systemd[1]: Created slice system-phosphor\x2ddiscover\x2dsystem\x2dstate.slice.
Jul 06 15:52:24 witherspoon systemd[1]: Created slice system-obmc\x2dled\x2dgroup\x2dstart.slice.
Jul 06 15:52:24 witherspoon systemd[1]: Created slice system-phosphor\x2dcooling\x2dtype.slice.
Jul 06 15:52:24 witherspoon systemd[1]: Created slice system-org.openbmc.buttons.reset.slice.
Jul 06 15:52:24 witherspoon systemd[1]: Created slice system-serial\x2dgetty.slice.
Jul 06 15:52:24 witherspoon systemd[1]: Starting Remount Root and Kernel File Systems...
Jul 06 15:52:24 witherspoon systemd[1]: Reached target Slices.
Jul 06 15:52:24 witherspoon systemd[1]: Created slice system-getty.slice.
Jul 06 15:52:24 witherspoon systemd[1]: Created slice system-op\x2dreset\x2dchassis\x2drunning.slice.
Jul 06 15:52:24 witherspoon systemd[1]: Listening on Syslog Socket.
Jul 06 15:52:24 witherspoon systemd-journald[546]: Journal started
Jul 06 15:52:24 witherspoon systemd-journald[546]: Runtime journal (/run/log/journal/12c6a00ebfdd479284cf09f39d1bc042) is 0B, max 0B, 0B free.
Jul 06 15:52:24 witherspoon systemd-sysctl[532]: Couldn't write '16' to 'kernel/sysrq', ignoring: No such file or directory
Jul 06 15:52:24 witherspoon systemd-sysctl[532]: Couldn't write 'fq_codel' to 'net/core/default_qdisc', ignoring: No such file or directory
Jul 06 15:52:26 witherspoon systemd[1]: Listening on udev Control Socket.
Jul 06 15:52:26 witherspoon systemd[1]: Starting udev Coldplug all Devices...
Jul 06 15:52:27 witherspoon systemd[1]: Mounted Debug File System.
Jul 06 15:52:27 witherspoon systemd[1]: Mounted Temporary Directory.
Jul 06 15:52:27 witherspoon systemd[1]: Started Journal Service.
Jul 06 15:52:27 witherspoon systemd[1]: Started Apply Kernel Variables.
Jul 06 15:52:27 witherspoon systemd[1]: Started Remount Root and Kernel File Systems.
Jul 06 15:52:28 witherspoon systemd[1]: Starting Create System Users...
Jul 06 15:52:28 witherspoon systemd[1]: Starting Flush Journal to Persistent Storage...
Jul 06 15:52:29 witherspoon systemd[1]: Started udev Coldplug all Devices.
Jul 06 15:52:29 witherspoon systemd[1]: Started Create System Users.
Jul 06 15:52:29 witherspoon systemd[1]: Starting Create Static Device Nodes in /dev...
Jul 06 15:52:30 witherspoon systemd-journald[546]: Runtime journal (/run/log/journal/12c6a00ebfdd479284cf09f39d1bc042) is 0B, max 0B, 0B free.
Jul 06 15:52:30 witherspoon systemd[1]: Started Flush Journal to Persistent Storage.
Jul 06 15:52:30 witherspoon systemd[1]: Started Create Static Device Nodes in /dev.
Jul 06 15:52:30 witherspoon systemd[1]: Starting udev Kernel Device Manager...
Jul 06 15:52:31 witherspoon systemd[1]: Reached target Local File Systems (Pre).
Jul 06 15:52:31 witherspoon systemd[1]: Mounting /var/volatile...
Jul 06 15:52:31 witherspoon systemd[1]: Mounted /var/volatile.
Jul 06 15:52:31 witherspoon systemd[1]: Starting Load/Save Random Seed...
Jul 06 15:52:31 witherspoon systemd[1]: Reached target Local File Systems.
Jul 06 15:52:31 witherspoon systemd[1]: Starting Rebuild Journal Catalog...
Jul 06 15:52:31 witherspoon systemd[1]: Starting Create Volatile Files and Directories...
Jul 06 15:52:31 witherspoon systemd[1]: Started Load/Save Random Seed.
Jul 06 15:52:31 witherspoon systemd-tmpfiles[876]: "/var/tmp" already exists and is not a directory.
Jul 06 15:52:31 witherspoon systemd-tmpfiles[876]: "/var/log" already exists and is not a directory.
Jul 06 15:52:31 witherspoon systemd[1]: Started Create Volatile Files and Directories.
Jul 06 15:52:31 witherspoon systemd[1]: Started Rebuild Journal Catalog.
Jul 06 15:52:31 witherspoon systemd[1]: Starting Update is Completed...
Jul 06 15:52:31 witherspoon systemd[1]: Starting Run pending postinsts...
Jul 06 15:52:31 witherspoon systemd[1]: Starting Network Time Synchronization...
Jul 06 15:52:32 witherspoon systemd[1]: Started Update is Completed.
Jul 06 15:52:32 witherspoon systemd[1]: Started udev Kernel Device Manager.
Jul 06 15:52:32 witherspoon systemd[1]: Started Network Time Synchronization.
Jul 06 15:52:32 witherspoon systemd[1]: Reached target System Time Synchronized.
Jul 06 15:52:32 witherspoon run-postinsts[881]: Running postinst /etc/rpm-postinsts/libglib-2.0-0...
Jul 06 15:52:33 witherspoon systemd[1]: Found device /dev/aspeed-lpc-ctrl.
Jul 06 15:52:34 witherspoon systemd[1]: Found device /dev/aspeed-mbox.
Jul 06 15:52:34 witherspoon systemd[1]: Found device /dev/ttyVUART0.
Jul 06 15:52:34 witherspoon systemd[1]: Created slice system-xyz.openbmc_project.Hwmon.slice.
Jul 06 15:52:34 witherspoon systemd[1]: dev-hugepages.mount: Couldn't determine result for ConditionVirtualization=!private-users, assuming failed: No such file or directory
Jul 06 15:52:34 witherspoon systemd[1]: dev-hugepages.mount: Couldn't determine result for ConditionVirtualization=!private-users, assuming failed: No such file or directory
Jul 06 15:52:34 witherspoon systemd[1]: dev-hugepages.mount: Couldn't determine result for ConditionVirtualization=!private-users, assuming failed: No such file or directory
Jul 06 15:52:34 witherspoon systemd[1]: dev-hugepages.mount: Couldn't determine result for ConditionVirtualization=!private-users, assuming failed: No such file or directory
Jul 06 15:52:34 witherspoon systemd[1]: Created slice system-xyz.openbmc_project.led.controller.slice.
Jul 06 15:52:34 witherspoon systemd[1]: dev-hugepages.mount: Couldn't determine result for ConditionVirtualization=!private-users, assuming failed: No such file or directory
Jul 06 15:52:34 witherspoon systemd[1]: dev-hugepages.mount: Couldn't determine result for ConditionVirtualization=!private-users, assuming failed: No such file or directory
Jul 06 15:52:35 witherspoon systemd[1]: Found device /dev/ttyS4.
Jul 06 15:52:35 witherspoon systemd[1]: dev-hugepages.mount: Couldn't determine result for ConditionVirtualization=!private-users, assuming failed: No such file or directory
Jul 06 15:52:35 witherspoon systemd[1]: dev-hugepages.mount: Couldn't determine result for ConditionVirtualization=!private-users, assuming failed: No such file or directory
Jul 06 15:52:36 witherspoon run-postinsts[881]: rm: can't remove '/etc/rpm-postinsts': Invalid argument
Jul 06 15:52:36 witherspoon run-postinsts[881]:  Removing any system startup links for run-postinsts ...
Jul 06 15:52:36 witherspoon systemctl[912]: Removed /etc/systemd/system/sysinit.target.wants/run-postinsts.service.
Jul 06 15:52:36 witherspoon systemd[1]: Reloading.
Jul 06 15:52:38 witherspoon systemd[1]: Started Run pending postinsts.
Jul 06 15:52:38 witherspoon systemd[1]: Reached target System Initialization.
Jul 06 15:52:38 witherspoon systemd[1]: Started Daily Cleanup of Temporary Directories.
Jul 06 15:52:38 witherspoon systemd[1]: Reached target Timers.
Jul 06 15:52:38 witherspoon systemd[1]: Listening on Phosphor Webserver socket.
Jul 06 15:52:38 witherspoon systemd[1]: Listening on Avahi mDNS/DNS-SD Stack Activation Socket.
Jul 06 15:52:38 witherspoon systemd[1]: Listening on Phosphor Host Console SSH Per-Connection socket.
Jul 06 15:52:39 witherspoon systemd[1]: Listening on dropbear.socket.
Jul 06 15:52:39 witherspoon systemd[1]: Listening on Phosphor DBUS Browser socket.
Jul 06 15:52:39 witherspoon systemd[1]: Listening on phosphor-ipmi-net.socket.
Jul 06 15:52:39 witherspoon systemd[1]: Listening on D-Bus System Message Bus Socket.
Jul 06 15:52:39 witherspoon systemd[1]: Reached target Sockets.
Jul 06 15:52:39 witherspoon systemd[1]: Reached target Basic System.
Jul 06 15:52:39 witherspoon systemd[1]: Starting Phosphor IPMI BT DBus Bridge...
Jul 06 15:52:39 witherspoon systemd[1]: Started Phosphor Hwmon Poller.
Jul 06 15:52:39 witherspoon systemd[1]: Started D-Bus System Message Bus.
Jul 06 15:52:40 witherspoon systemd[1]: Started Phosphor IPMI BT DBus Bridge.
Jul 06 15:52:40 witherspoon systemd[1]: Starting Network Service...
Jul 06 15:52:40 witherspoon systemd[1]: Started Kernel Logging Service.
Jul 06 15:52:40 witherspoon systemd[1]: Starting Phosphor User Manager...
Jul 06 15:52:40 witherspoon systemd[1]: Started Phosphor Hwmon Poller.
Jul 06 15:52:40 witherspoon systemd[1]: Starting OpenBMC Software Update Manager...
Jul 06 15:52:40 witherspoon systemd[1]: Starting Phosphor Download Manager...
Jul 06 15:52:40 witherspoon systemd[1]: Starting Phosphor DBus Service Discovery Manager...
Jul 06 15:52:40 witherspoon systemd[1]: Started Phosphor sysfs LED controller.
Jul 06 15:52:41 witherspoon systemd[1]: Started Phosphor Hwmon Poller.
Jul 06 15:52:41 witherspoon kernel[928]: klogd started: BusyBox v1.24.1 (2017-06-16 19:29:08 UTC)
Jul 06 15:52:41 witherspoon kernel[928]: [    0.000000] Booting Linux on physical CPU 0x0
Jul 06 15:52:41 witherspoon kernel[928]: [    0.000000] Linux version 4.10.17-fe613f76559522a7fb28841f91871ccc0dee1a0b (jenkins@openbmc-builder1) (gcc version 6.2.0 (GCC) ) #1 Thu Jul 6 15:29:16 UTC 2017
Jul 06 15:52:41 witherspoon kernel[928]: [    0.000000] CPU: ARMv6-compatible processor [410fb767] revision 7 (ARMv7), cr=00c5387d
Jul 06 15:52:41 witherspoon kernel[928]: [    0.000000] CPU: PIPT / VIPT nonaliasing data cache, VIPT nonaliasing instruction cache
Jul 06 15:52:41 witherspoon kernel[928]: [    0.000000] OF: fdt:Machine model: Witherspoon BMC
Jul 06 15:52:41 witherspoon kernel[928]: [    0.000000] Memory policy: Data cache writeback
Jul 06 15:52:41 witherspoon kernel[928]: [    0.000000] SOC Rev: 04030303
Jul 06 15:52:41 witherspoon kernel[928]: [    0.000000] On node 0 totalpages: 110592
Jul 06 15:52:41 witherspoon kernel[928]: [    0.000000] free_area_init_node: node 0, pgdat 805f33fc, node_mem_map 9ec1a000
Jul 06 15:52:41 witherspoon kernel[928]: [    0.000000]   Normal zone: 992 pages used for memmap
Jul 06 15:52:41 witherspoon kernel[928]: [    0.000000]   Normal zone: 0 pages reserved
Jul 06 15:52:41 witherspoon kernel[928]: [    0.000000]   Normal zone: 110592 pages, LIFO batch:31
Jul 06 15:52:41 witherspoon kernel[928]: [    0.000000] pcpu-alloc: s0 r0 d32768 u32768 alloc=1*32768
Jul 06 15:52:41 witherspoon systemd[1]: Started Phosphor Hwmon Poller.
Jul 06 15:52:41 witherspoon phosphor-hwmon-readd[936]: Usage: /usr/sbin/phosphor-hwmon-readd [options]
Jul 06 15:52:42 witherspoon kernel: random: crng init done
Jul 06 15:52:41 witherspoon systemd[1]: Started Phosphor Hwmon Poller.
Jul 06 15:52:42 witherspoon phosphor-hwmon-readd[936]: Options:
Jul 06 15:52:42 witherspoon phosphor-hwmon-readd[936]:     --help               print this menu
Jul 06 15:52:42 witherspoon phosphor-hwmon-readd[936]:     --path=<path>        sysfs location to monitor
Jul 06 15:52:42 witherspoon phosphor-hwmon-readd[936]:     --of-name=<path>     open firmware device name to monitor
Jul 06 15:52:42 witherspoon phosphor-hwmon-readd[936]: ERROR: Path not specified or invalid.
Jul 06 15:52:41 witherspoon systemd[1]: Starting Phosphor Download Manager...
Jul 06 15:52:41 witherspoon systemd[1]: Started Phosphor Dump core monitor..
Jul 06 15:52:41 witherspoon systemd[1]: Started Phosphor Hwmon Poller.
Jul 06 15:52:41 witherspoon systemd[1]: Started Hardware RNG Entropy Gatherer Daemon.
Jul 06 15:52:42 witherspoon systemd[1]: Started Phosphor sysfs LED controller.
Jul 06 15:52:42 witherspoon kernel[928]: [    0.000000] pcpu-alloc: [0] 0
Jul 06 15:52:42 witherspoon kernel[928]: [    0.000000] Built 1 zonelists in Zone order, mobility grouping on.  Total pages: 109600
Jul 06 15:52:42 witherspoon kernel[928]: [    0.000000] Kernel command line: console=ttyS4,115200n8 root=/dev/ram rw
Jul 06 15:52:42 witherspoon kernel[928]: [    0.000000] PID hash table entries: 2048 (order: 1, 8192 bytes)
Jul 06 15:52:42 witherspoon kernel[928]: [    0.000000] Dentry cache hash table entries: 65536 (order: 6, 262144 bytes)
Jul 06 15:52:42 witherspoon kernel[928]: [    0.000000] Inode-cache hash table entries: 32768 (order: 5, 131072 bytes)
Jul 06 15:52:42 witherspoon kernel[928]: [    0.000000] Memory: 430508K/442368K available (4049K kernel code, 280K rwdata, 1168K rodata, 280K init, 111K bss, 11860K reserved, 0K cma-reserved)
Jul 06 15:52:42 witherspoon kernel[928]: [    0.000000] Virtual kernel memory layout:
Jul 06 15:52:42 witherspoon kernel[928]: [    0.000000]     vector  : 0xffff0000 - 0xffff1000   (   4 kB)
Jul 06 15:52:42 witherspoon kernel[928]: [    0.000000]     fixmap  : 0xffc00000 - 0xfff00000   (3072 kB)
Jul 06 15:52:42 witherspoon kernel[928]: [    0.000000]     vmalloc : 0x9f800000 - 0xff800000   (1536 MB)
Jul 06 15:52:42 witherspoon kernel[928]: [    0.000000]     lowmem  : 0x80000000 - 0x9f000000   ( 496 MB)
Jul 06 15:52:42 witherspoon kernel[928]: [    0.000000]       .text : 0x80008000 - 0x803fc610   (4050 kB)
Jul 06 15:52:42 witherspoon kernel[928]: [    0.000000]       .init : 0x8057a000 - 0x805c0000   ( 280 kB)
Jul 06 15:52:42 witherspoon kernel[928]: [    0.000000]       .data : 0x805c0000 - 0x806061a8   ( 281 kB)
Jul 06 15:52:42 witherspoon kernel[928]: [    0.000000]        .bss : 0x806061a8 - 0x80622078   ( 112 kB)
Jul 06 15:52:42 witherspoon kernel[928]: [    0.000000] NR_IRQS:16 nr_irqs:16 16
Jul 06 15:52:42 witherspoon kernel[928]: [    0.000000] i2c controller registered, irq 16
Jul 06 15:52:43 witherspoon systemd[1]: Started Phosphor Hwmon Poller.
Jul 06 15:52:42 witherspoon kernel[928]: [    0.000000] clocksource: moxart_timer: mask: 0xffffffff max_cycles: 0xffffffff, max_idle_ns: 77222644334 ns
Jul 06 15:52:43 witherspoon systemd[1]: Starting Phosphor Dump Manager...
Jul 06 15:52:42 witherspoon kernel[928]: [    0.000000] sched_clock: 32 bits at 100 Hz, resolution 10000000ns, wraps every 21474836475000000ns
Jul 06 15:52:43 witherspoon systemd[1]: Starting Phosphor BMC0 Control...
Jul 06 15:52:42 witherspoon kernel[928]: [    0.090000] Calibrating delay loop... 789.70 BogoMIPS (lpj=3948544)
Jul 06 15:52:43 witherspoon systemd[1]: Starting Phosphor Inventory Manager...
Jul 06 15:52:42 witherspoon kernel[928]: [    0.090000] pid_max: default: 32768 minimum: 301
Jul 06 15:52:43 witherspoon systemd[1]: Started Phosphor Console Muxer listening on device /dev/ttyVUART0.
Jul 06 15:52:42 witherspoon kernel[928]: [    0.090000] Mount-cache hash table entries: 1024 (order: 0, 4096 bytes)
Jul 06 15:52:43 witherspoon systemd[1]: Starting Phosphor Chassis0 Control...
Jul 06 15:52:42 witherspoon kernel[928]: [    0.090000] Mountpoint-cache hash table entries: 1024 (order: 0, 4096 bytes)
Jul 06 15:52:43 witherspoon systemd[1]: Reached target Containers.
Jul 06 15:52:42 witherspoon kernel[928]: [    0.090000] CPU: Testing write buffer coherency: ok
Jul 06 15:52:43 witherspoon systemd-networkd[927]: Could not create runtime directory: File exists
Jul 06 15:52:42 witherspoon kernel[928]: [    0.090000] ftrace: allocating 14869 entries in 44 pages
Jul 06 15:52:43 witherspoon systemd-networkd[927]: Could not create runtime directory 'links': File exists
Jul 06 15:52:42 witherspoon kernel[928]: [    0.120000] Setting up static identity map for 0x80008200 - 0x8000825c
Jul 06 15:52:43 witherspoon systemd-networkd[927]: Could not create runtime directory 'leases': File exists
Jul 06 15:52:42 witherspoon kernel[928]: [    0.120000] devtmpfs: initialized
Jul 06 15:52:43 witherspoon systemd[1]: Starting Phosphor Network Manager...
Jul 06 15:52:42 witherspoon kernel[928]: [    0.140000] clocksource: jiffies: mask: 0xffffffff max_cycles: 0xffffffff, max_idle_ns: 19112604462750000 ns
Jul 06 15:52:43 witherspoon systemd[1]: Started System Logging Service.
Jul 06 15:52:42 witherspoon kernel[928]: [    0.140000] futex hash table entries: 256 (order: -1, 3072 bytes)
Jul 06 15:52:43 witherspoon systemd[1]: Starting Phosphor LED Group Management Daemon...
Jul 06 15:52:42 witherspoon kernel[928]: [    0.140000] pinctrl core: initialized pinctrl subsystem
Jul 06 15:52:43 witherspoon systemd[1]: Starting OpenPower Software Update Manager...
Jul 06 15:52:42 witherspoon kernel[928]: [    0.140000] NET: Registered protocol family 16
Jul 06 15:52:43 witherspoon systemd[1]: Starting Phosphor Inventory Manager...
Jul 06 15:52:42 witherspoon kernel[928]: [    0.140000] DMA: preallocated 256 KiB pool for atomic coherent allocations
Jul 06 15:52:43 witherspoon systemd[1]: Started Phosphor Hwmon Poller.
Jul 06 15:52:42 witherspoon kernel[928]: [    0.200000] usbcore: registered new interface driver usbfs
Jul 06 15:52:43 witherspoon systemd[1]: Started Phosphor sysfs LED controller.
Jul 06 15:52:42 witherspoon kernel[928]: [    0.210000] usbcore: registered new interface driver hub
Jul 06 15:52:43 witherspoon systemd[1]: Starting Phosphor Log Manager...
Jul 06 15:52:42 witherspoon kernel[928]: [    0.210000] usbcore: registered new device driver usb
Jul 06 15:52:43 witherspoon systemd[1]: Started Phosphor MBOX Daemon.
Jul 06 15:52:47 witherspoon phosphor-hwmon-readd[962]: Usage: /usr/sbin/phosphor-hwmon-readd [options]
Jul 06 15:52:47 witherspoon phosphor-hwmon-readd[962]: Options:
Jul 06 15:52:47 witherspoon phosphor-hwmon-readd[962]:     --help               print this menu
Jul 06 15:52:47 witherspoon phosphor-hwmon-readd[962]:     --path=<path>        sysfs location to monitor
Jul 06 15:52:47 witherspoon phosphor-hwmon-readd[962]:     --of-name=<path>     open firmware device name to monitor
Jul 06 15:52:47 witherspoon phosphor-hwmon-readd[962]: ERROR: Path not specified or invalid.
Jul 06 15:52:42 witherspoon kernel[928]: [    0.210000] clocksource: Switched to clocksource moxart_timer
Jul 06 15:52:43 witherspoon systemd[1]: Starting Phosphor Sensor Manager...
Jul 06 15:52:42 witherspoon kernel[928]: [    0.230000] NET: Registered protocol family 2
Jul 06 15:52:43 witherspoon systemd[1]: Starting Avahi mDNS/DNS-SD Stack...
Jul 06 15:52:42 witherspoon kernel[928]: [    0.230000] TCP established hash table entries: 4096 (order: 2, 16384 bytes)
Jul 06 15:52:43 witherspoon systemd[1]: Starting Clear one time boot overrides...
Jul 06 15:52:42 witherspoon kernel[928]: [    0.230000] TCP bind hash table entries: 4096 (order: 2, 16384 bytes)
Jul 06 15:52:43 witherspoon systemd[1]: xyz.openbmc_project.Hwmon@ahb-apb-i2c\x401e78a000-i2c\x2dbus\x40100-dps310\x4076.service: Main process exited, code=exited, status=255/n/a
Jul 06 15:52:47 witherspoon phosphor-hwmon-readd[968]: Usage: /usr/sbin/phosphor-hwmon-readd [options]
Jul 06 15:52:47 witherspoon phosphor-hwmon-readd[968]: Options:
Jul 06 15:52:47 witherspoon phosphor-hwmon-readd[968]:     --help               print this menu
Jul 06 15:52:47 witherspoon phosphor-hwmon-readd[968]:     --path=<path>        sysfs location to monitor
Jul 06 15:52:47 witherspoon phosphor-hwmon-readd[968]:     --of-name=<path>     open firmware device name to monitor
Jul 06 15:52:47 witherspoon phosphor-hwmon-readd[968]: ERROR: Path not specified or invalid.
Jul 06 15:52:42 witherspoon kernel[928]: [    0.230000] TCP: Hash tables configured (established 4096 bind 4096)
Jul 06 15:52:43 witherspoon systemd[1]: xyz.openbmc_project.Hwmon@ahb-apb-i2c\x401e78a000-i2c\x2dbus\x40100-dps310\x4076.service: Unit entered failed state.
Jul 06 15:52:42 witherspoon kernel[928]: [    0.230000] UDP hash table entries: 256 (order: 0, 4096 bytes)
Jul 06 15:52:43 witherspoon systemd[1]: xyz.openbmc_project.Hwmon@ahb-apb-i2c\x401e78a000-i2c\x2dbus\x40100-dps310\x4076.service: Failed with result 'exit-code'.
Jul 06 15:52:49 witherspoon phosphor-hwmon-readd[971]: Usage: /usr/sbin/phosphor-hwmon-readd [options]
Jul 06 15:52:49 witherspoon phosphor-hwmon-readd[971]: Options:
Jul 06 15:52:49 witherspoon phosphor-hwmon-readd[971]:     --help               print this menu
Jul 06 15:52:49 witherspoon phosphor-hwmon-readd[971]:     --path=<path>        sysfs location to monitor
Jul 06 15:52:49 witherspoon phosphor-hwmon-readd[971]:     --of-name=<path>     open firmware device name to monitor
Jul 06 15:52:49 witherspoon phosphor-hwmon-readd[971]: ERROR: Path not specified or invalid.
Jul 06 15:52:42 witherspoon kernel[928]: [    0.230000] UDP-Lite hash table entries: 256 (order: 0, 4096 bytes)
Jul 06 15:52:43 witherspoon systemd[1]: Started OpenBMC Software Update Manager.
Jul 06 15:52:49 witherspoon phosphor-hwmon-readd[973]: Usage: /usr/sbin/phosphor-hwmon-readd [options]
Jul 06 15:52:49 witherspoon phosphor-hwmon-readd[973]: Options:
Jul 06 15:52:49 witherspoon phosphor-hwmon-readd[973]:     --help               print this menu
Jul 06 15:52:49 witherspoon phosphor-hwmon-readd[973]:     --path=<path>        sysfs location to monitor
Jul 06 15:52:49 witherspoon phosphor-hwmon-readd[973]:     --of-name=<path>     open firmware device name to monitor
Jul 06 15:52:49 witherspoon phosphor-hwmon-readd[973]: ERROR: Path not specified or invalid.
Jul 06 15:52:42 witherspoon kernel[928]: [    0.230000] NET: Registered protocol family 1
Jul 06 15:52:43 witherspoon systemd[1]: Started Phosphor Download Manager.
Jul 06 15:52:42 witherspoon kernel[928]: [    0.230000] Trying to unpack rootfs image as initramfs...
Jul 06 15:52:44 witherspoon systemd[1]: xyz.openbmc_project.Hwmon@ahb-apb-i2c\x401e78a000-i2c\x2dbus\x40100-dps310\x4076.service: Service hold-off time over, scheduling restart.
Jul 06 15:52:42 witherspoon kernel[928]: [    1.900000] Freeing initrd memory: 1548K
Jul 06 15:52:44 witherspoon systemd[1]: Stopped Phosphor Hwmon Poller.
Jul 06 15:52:42 witherspoon kernel[928]: [    1.900000] workingset: timestamp_bits=30 max_order=17 bucket_order=0
Jul 06 15:52:44 witherspoon systemd[1]: Started Phosphor Hwmon Poller.
Jul 06 15:52:42 witherspoon kernel[928]: [    1.900000] squashfs: version 4.0 (2009/01/31) Phillip Lougher
Jul 06 15:52:44 witherspoon systemd[1]: Started OpenPower Software Update Manager.
Jul 06 15:52:42 witherspoon kernel[928]: [    1.900000] jffs2: version 2.2. (SUMMARY)  © 2001-2006 Red Hat, Inc.
Jul 06 15:52:44 witherspoon systemd[1]: Starting Phosphor Version Software Manager...
Jul 06 15:52:42 witherspoon kernel[928]: [    1.900000] Block layer SCSI generic (bsg) driver version 0.4 loaded (major 250)
Jul 06 15:52:46 witherspoon systemd[1]: Started Clear one time boot overrides.
Jul 06 15:52:42 witherspoon kernel[928]: [    1.900000] io scheduler noop registered
Jul 06 15:52:46 witherspoon systemd[1]: xyz.openbmc_project.Hwmon@ahb-apb-i2c\x401e78a000-i2c\x2dbus\x40100-dps310\x4076.service: Main process exited, code=exited, status=255/n/a
Jul 06 15:52:42 witherspoon kernel[928]: [    1.900000] io scheduler deadline registered
Jul 06 15:52:46 witherspoon systemd[1]: xyz.openbmc_project.Hwmon@ahb-apb-i2c\x401e78a000-i2c\x2dbus\x40100-dps310\x4076.service: Unit entered failed state.
Jul 06 15:52:42 witherspoon kernel[928]: [    1.900000] io scheduler cfq registered (default)
Jul 06 15:52:46 witherspoon systemd[1]: xyz.openbmc_project.Hwmon@ahb-apb-i2c\x401e78a000-i2c\x2dbus\x40100-dps310\x4076.service: Failed with result 'exit-code'.
Jul 06 15:52:42 witherspoon kernel[928]: [    2.050000] ipmi-bt-host 1e789140.ibt: Found bt bmc device
Jul 06 15:52:46 witherspoon systemd[1]: Started Phosphor Version Software Manager.
Jul 06 15:52:42 witherspoon kernel[928]: [    2.050000] ipmi-bt-host 1e789140.ibt: Using IRQ 22
Jul 06 15:52:46 witherspoon systemd[1]: Started Phosphor Log Manager.
Jul 06 15:52:42 witherspoon kernel[928]: [    2.050000] Serial: 8250/16550 driver, 6 ports, IRQ sharing enabled
Jul 06 15:52:46 witherspoon systemd[1]: xyz.openbmc_project.Hwmon@ahb-apb-i2c\x401e78a000-i2c\x2dbus\x40100-dps310\x4076.service: Service hold-off time over, scheduling restart.
Jul 06 15:52:42 witherspoon kernel[928]: [    2.050000] 1e783000.serial: ttyS0 at MMIO 0x1e783000 (irq = 23, base_baud = 1500000) is a 16550A
Jul 06 15:52:46 witherspoon systemd[1]: Started Phosphor Dump Manager.
Jul 06 15:52:42 witherspoon kernel[928]: [    2.050000] 1e78d000.serial: ttyS1 at MMIO 0x1e78d000 (irq = 24, base_baud = 1500000) is a 16550A
Jul 06 15:52:46 witherspoon systemd[1]: Stopped Phosphor Hwmon Poller.
Jul 06 15:52:42 witherspoon kernel[928]: [    2.050000] 1e784000.serial: ttyS4 at MMIO 0x1e784000 (irq = 25, base_baud = 1500000) is a 16550A
Jul 06 15:52:46 witherspoon systemd[1]: Started Phosphor Hwmon Poller.
Jul 06 15:52:42 witherspoon kernel[928]: [    2.400000] console [ttyS4] enabled
Jul 06 15:52:47 witherspoon systemd[1]: xyz.openbmc_project.Hwmon@ahb-apb-i2c\x401e78a000-i2c\x2dbus\x40100-dps310\x4076.service: Main process exited, code=exited, status=255/n/a
Jul 06 15:52:42 witherspoon kernel[928]: [    2.400000] 1e787000.vuart: ttyS2 at MMIO 0x1e787000 (irq = 22, base_baud = 1500000) is a 16550A
Jul 06 15:52:47 witherspoon systemd[1]: xyz.openbmc_project.Hwmon@ahb-apb-i2c\x401e78a000-i2c\x2dbus\x40100-dps310\x4076.service: Unit entered failed state.
Jul 06 15:52:42 witherspoon kernel[928]: [    2.590000] timeriomem_rng 1e6e2078.hwrng: 32bits from 0xf00e2078 @ 1us
Jul 06 15:52:47 witherspoon systemd[1]: xyz.openbmc_project.Hwmon@ahb-apb-i2c\x401e78a000-i2c\x2dbus\x40100-dps310\x4076.service: Failed with result 'exit-code'.
Jul 06 15:52:42 witherspoon kernel[928]: [    2.630000] brd: module loaded
Jul 06 15:52:47 witherspoon systemd[1]: xyz.openbmc_project.Hwmon@ahb-apb-i2c\x401e78a000-i2c\x2dbus\x40100-dps310\x4076.service: Service hold-off time over, scheduling restart.
Jul 06 15:52:42 witherspoon kernel[928]: [    2.650000] loop: module loaded
Jul 06 15:52:47 witherspoon systemd[1]: Stopped Phosphor Hwmon Poller.
Jul 06 15:52:42 witherspoon kernel[928]: [    2.650000] aspeed-lpc-ctrl 1e789080.lpc-ctrl: Loaded at 0x98000000 (0x04000000)
Jul 06 15:52:47 witherspoon systemd[1]: Started Phosphor Hwmon Poller.
Jul 06 15:52:42 witherspoon kernel[928]: [    2.650000] aspeed-smc 1e620000.flash-controller: Using IRQ 18
Jul 06 15:52:47 witherspoon systemd[1]: xyz.openbmc_project.Hwmon@ahb-apb-i2c\x401e78a000-i2c\x2dbus\x40100-dps310\x4076.service: Main process exited, code=exited, status=255/n/a
Jul 06 15:52:42 witherspoon kernel[928]: [    2.680000] aspeed-smc 1e620000.flash-controller: DMA support disabled.
Jul 06 15:52:47 witherspoon systemd[1]: xyz.openbmc_project.Hwmon@ahb-apb-i2c\x401e78a000-i2c\x2dbus\x40100-dps310\x4076.service: Unit entered failed state.
Jul 06 15:52:42 witherspoon kernel[928]: [    2.680000] aspeed-smc 1e620000.flash-controller: mx25l25635e (32768 Kbytes)
Jul 06 15:52:47 witherspoon systemd[1]: xyz.openbmc_project.Hwmon@ahb-apb-i2c\x401e78a000-i2c\x2dbus\x40100-dps310\x4076.service: Failed with result 'exit-code'.
Jul 06 15:52:42 witherspoon kernel[928]: [    2.680000] aspeed-smc 1e620000.flash-controller: CE0 window [ 0x20000000 - 0x22000000 ] 32MB
Jul 06 15:52:47 witherspoon systemd-networkd[927]: Enumeration completed
Jul 06 15:52:42 witherspoon kernel[928]: [    2.680000] aspeed-smc 1e620000.flash-controller: CE1 window [ 0x22000000 - 0x2a000000 ] 128MB
Jul 06 15:52:47 witherspoon systemd[1]: Started Network Service.
Jul 06 15:52:42 witherspoon kernel[928]: [    2.680000] 5 ofpart partitions found on MTD device bmc
Jul 06 15:52:48 witherspoon systemd[1]: xyz.openbmc_project.Hwmon@ahb-apb-i2c\x401e78a000-i2c\x2dbus\x40100-dps310\x4076.service: Service hold-off time over, scheduling restart.
Jul 06 15:52:42 witherspoon kernel[928]: [    2.720000] Creating 5 MTD partitions on "bmc":
Jul 06 15:52:48 witherspoon systemd[1]: Stopped Phosphor Hwmon Poller.
Jul 06 15:52:42 witherspoon kernel[928]: [    2.720000] 0x000000000000-0x000000060000 : "u-boot"
Jul 06 15:52:48 witherspoon systemd-networkd[927]: eth0: IPv6 enabled for interface: Success
Jul 06 15:52:42 witherspoon kernel[928]: [    2.720000] 0x000000060000-0x000000080000 : "u-boot-env"
Jul 06 15:52:48 witherspoon systemd[1]: Started Phosphor Hwmon Poller.
Jul 06 15:52:42 witherspoon kernel[928]: [    2.720000] 0x000000080000-0x0000004c0000 : "kernel"
Jul 06 15:52:48 witherspoon systemd[1]: Reached target Network.
Jul 06 15:52:42 witherspoon kernel[928]: [    2.720000] 0x0000004c0000-0x000001c00000 : "rofs"
Jul 06 15:52:48 witherspoon systemd[1]: Starting Permit User Sessions...
Jul 06 15:52:42 witherspoon kernel[928]: [    2.760000] 0x000001c00000-0x000002000000 : "rwfs"
Jul 06 15:52:48 witherspoon systemd[1]: Started Lightweight SLP Server.
Jul 06 15:52:42 witherspoon kernel[928]: [    2.760000] aspeed-smc 1e620000.flash-controller: mx25l25635e (32768 Kbytes)
Jul 06 15:52:48 witherspoon systemd-networkd[927]: eth0: Gained carrier
Jul 06 15:52:42 witherspoon kernel[928]: [    2.760000] aspeed-smc 1e620000.flash-controller: CE1 window [ 0x22000000 - 0x24000000 ] 32MB
Jul 06 15:52:48 witherspoon systemd-timesyncd[882]: Network configuration changed, trying to establish connection.
Jul 06 15:52:42 witherspoon kernel[928]: [    2.760000] aspeed-smc 1e620000.flash-controller: CE2 window [ 0x24000000 - 0x2c000000 ] 128MB
Jul 06 15:52:48 witherspoon systemd[1]: xyz.openbmc_project.Hwmon@ahb-apb-i2c\x401e78a000-i2c\x2dbus\x40100-dps310\x4076.service: Main process exited, code=exited, status=255/n/a
Jul 06 15:52:42 witherspoon kernel[928]: [    2.760000] aspeed-smc 1e630000.flash-controller: mx66l1g45g (131072 Kbytes)
Jul 06 15:52:48 witherspoon systemd[1]: xyz.openbmc_project.Hwmon@ahb-apb-i2c\x401e78a000-i2c\x2dbus\x40100-dps310\x4076.service: Unit entered failed state.
Jul 06 15:52:42 witherspoon kernel[928]: [    2.810000] aspeed-smc 1e630000.flash-controller: CE0 window resized to 120MB (AST2500 HW quirk)
Jul 06 15:52:48 witherspoon systemd[1]: xyz.openbmc_project.Hwmon@ahb-apb-i2c\x401e78a000-i2c\x2dbus\x40100-dps310\x4076.service: Failed with result 'exit-code'.
Jul 06 15:52:42 witherspoon kernel[928]: [    2.810000] aspeed-smc 1e630000.flash-controller: CE0 window [ 0x30000000 - 0x37800000 ] 120MB
Jul 06 15:52:48 witherspoon systemd[1]: Started Permit User Sessions.
Jul 06 15:52:42 witherspoon kernel[928]: [    2.810000] aspeed-smc 1e630000.flash-controller: CE0 window too small for chip 128MB
Jul 06 15:52:48 witherspoon systemd[1]: Started Serial Getty on ttyS4.
Jul 06 15:52:42 witherspoon kernel[928]: [    2.810000] aspeed-smc 1e630000.flash-controller: CE1 window [ 0x37800000 - 0x38000000 ] 8MB
Jul 06 15:52:49 witherspoon systemd[1]: Reached target Login Prompts.
Jul 06 15:52:42 witherspoon kernel[928]: [    3.560000] libphy: Fixed MDIO Bus: probed
Jul 06 15:52:49 witherspoon systemd[1]: xyz.openbmc_project.Hwmon@ahb-apb-i2c\x401e78a000-i2c\x2dbus\x40100-dps310\x4076.service: Service hold-off time over, scheduling restart.
Jul 06 15:52:42 witherspoon kernel[928]: [    3.560000] ftgmac100 1e660000.ethernet: Read MAC address 70:e2:84:14:28:a9 from chip
Jul 06 15:52:49 witherspoon systemd[1]: Stopped Phosphor Hwmon Poller.
Jul 06 15:52:42 witherspoon kernel[928]: [    3.560000] ftgmac100 1e660000.ethernet: Using NCSI interface
Jul 06 15:52:49 witherspoon systemd[1]: xyz.openbmc_project.Hwmon@ahb-apb-i2c\x401e78a000-i2c\x2dbus\x40100-dps310\x4076.service: Start request repeated too quickly.
Jul 06 15:52:42 witherspoon kernel[928]: [    3.560000] ftgmac100 1e660000.ethernet eth0: irq 20, mapped at f0060000
Jul 06 15:52:49 witherspoon systemd[1]: Failed to start Phosphor Hwmon Poller.
Jul 06 15:52:42 witherspoon kernel[928]: [    3.560000] ehci_hcd: USB 2.0 'Enhanced' Host Controller (EHCI) Driver
Jul 06 15:52:49 witherspoon systemd[1]: xyz.openbmc_project.Hwmon@ahb-apb-i2c\x401e78a000-i2c\x2dbus\x40100-dps310\x4076.service: Unit entered failed state.
Jul 06 15:52:52 witherspoon kernel: ftgmac100 1e660000.ethernet eth0: NCSI interface up
Jul 06 15:52:42 witherspoon kernel[928]: [    3.560000] ehci-platform: EHCI generic platform driver
Jul 06 15:52:49 witherspoon systemd[1]: xyz.openbmc_project.Hwmon@ahb-apb-i2c\x401e78a000-i2c\x2dbus\x40100-dps310\x4076.service: Failed with result 'exit-code'.
Jul 06 15:52:42 witherspoon kernel[928]: [    3.810000]  fsi0: can't read slave 00:00 -5
Jul 06 15:52:49 witherspoon systemd[1]: Started Phosphor LED Group Management Daemon.
Jul 06 15:52:42 witherspoon kernel[928]: [    3.810000] i2c /dev entries driver
Jul 06 15:52:49 witherspoon systemd[1]: Started Phosphor Inventory Manager.
Jul 06 15:52:42 witherspoon kernel[928]: [    3.810000] aspeed-i2c-bus 1e78a0c0.i2c-bus: i2c bus 2 registered, irq 26
Jul 06 15:52:49 witherspoon systemd[1]: Started Avahi mDNS/DNS-SD Stack.
Jul 06 15:52:42 witherspoon kernel[928]: [    3.810000] aspeed-i2c-bus 1e78a100.i2c-bus: i2c bus 3 registered, irq 27
Jul 06 15:52:49 witherspoon systemd[1]: Reached target Multi-User System.
Jul 06 15:52:42 witherspoon kernel[928]: [    3.810000] aspeed-i2c-bus 1e78a140.i2c-bus: i2c bus 4 registered, irq 28
Jul 06 15:52:50 witherspoon systemd[1]: Started Phosphor BMC0 Control.
Jul 06 15:52:42 witherspoon kernel[928]: [    3.810000] aspeed-i2c-bus 1e78a180.i2c-bus: i2c bus 5 registered, irq 29
Jul 06 15:52:50 witherspoon systemd-networkd[927]: eth0: Gained IPv6LL
Jul 06 15:52:42 witherspoon kernel[928]: [    3.810000] aspeed-i2c-bus 1e78a380.i2c-bus: i2c bus 9 registered, irq 30
Jul 06 15:52:42 witherspoon kernel[928]: [    3.810000] aspeed-i2c-bus 1e78a3c0.i2c-bus: i2c bus 10 registered, irq 31
Jul 06 15:52:42 witherspoon kernel[928]: [    3.810000] rtc-rv8803 11-0032: Voltage low, temperature compensation stopped.
Jul 06 15:52:42 witherspoon kernel[928]: [    3.910000] rtc-rv8803 11-0032: rtc core: registered rx8900 as rtc0
Jul 06 15:52:42 witherspoon kernel[928]: [    3.920000] at24 11-0051: 8192 byte 24c64 EEPROM, writable, 1 bytes/write
Jul 06 15:52:42 witherspoon kernel[928]: [    3.930000] aspeed-i2c-bus 1e78a400.i2c-bus: i2c bus 11 registered, irq 32
Jul 06 15:52:42 witherspoon kernel[928]: [    3.930000] aspeed-i2c-bus 1e78a440.i2c-bus: i2c bus 12 registered, irq 33
Jul 06 15:52:42 witherspoon kernel[928]: [    3.940000] aspeed-i2c-bus 1e78a480.i2c-bus: i2c bus 13 registered, irq 34
Jul 06 15:52:42 witherspoon kernel[928]: [    3.940000] Driver for 1-wire Dallas network protocol.
Jul 06 15:52:42 witherspoon kernel[928]: [    3.960000] lm75 9-004a: hwmon0: sensor 'tmp275'
Jul 06 15:52:42 witherspoon kernel[928]: [    3.990000] random: fast init done
Jul 06 15:52:42 witherspoon kernel[928]: [    4.380000] ucd9000 11-0064: Device ID UCD90160|2.3.4.0000|110603
Jul 06 15:52:42 witherspoon kernel[928]: [    4.710000] leds-pca955x 11-0060: leds-pca955x: Using pca9552 16-bit LED driver at slave address 0x60
Jul 06 15:52:42 witherspoon kernel[928]: [    4.720000] leds-pca955x 11-0060: gpios 264...279
Jul 06 15:52:42 witherspoon kernel[928]: [    4.730000] usbcore: registered new interface driver usbhid
Jul 06 15:52:42 witherspoon kernel[928]: [    4.730000] usbhid: USB HID core driver
Jul 06 15:52:42 witherspoon kernel[928]: [    4.740000] bmp280: probe of 3-0077 failed with error -5
Jul 06 15:52:42 witherspoon kernel[928]: [    4.760000] dps310 3-0076: iio:device1: sensor 'dps310'
Jul 06 15:52:42 witherspoon kernel[928]: [    4.760000] NET: Registered protocol family 10
Jul 06 15:52:42 witherspoon kernel[928]: [    4.770000] Segment Routing with IPv6
Jul 06 15:52:42 witherspoon kernel[928]: [    4.770000] NET: Registered protocol family 17
Jul 06 15:52:42 witherspoon kernel[928]: [    4.770000] console [netcon0] enabled
Jul 06 15:52:42 witherspoon kernel[928]: [    4.790000] netconsole: network logging started
Jul 06 15:52:42 witherspoon kernel[928]: [    4.790000] input: gpio-keys as /devices/platform/gpio-keys/input/input0
Jul 06 15:52:42 witherspoon kernel[928]: [    4.810000] rtc-rv8803 11-0032: setting system clock to 2017-07-06 15:52:11 UTC (1499356331)
Jul 06 15:52:42 witherspoon kernel[928]: [    4.820000] Freeing unused kernel memory: 280K
Jul 06 15:52:42 witherspoon kernel[928]: [    4.820000] This architecture does not have kernel memory protection.
Jul 06 15:52:42 witherspoon kernel[928]: [    6.500000] jffs2: notice: (514) jffs2_build_xattr_subsystem: complete building xattr subsystem, 0 of xdatum (0 unchecked, 0 orphan) and 0 of xref (0 dead, 0 orphan) found.
Jul 06 15:52:42 witherspoon kernel[928]: [    8.610000] systemd[1]: Failed to insert module 'autofs4': No such file or directory
Jul 06 15:52:42 witherspoon kernel[928]: [    8.810000] systemd[1]: systemd 232 running in system mode. (+PAM -AUDIT -SELINUX -IMA -APPARMOR -SMACK +SYSVINIT -UTMP -LIBCRYPTSETUP -GCRYPT -GNUTLS +ACL +XZ -LZ4 -SECCOMP +BLKID -ELFUTILS +KMOD -IDN)
Jul 06 15:52:42 witherspoon kernel[928]: [    8.810000] systemd[1]: Detected architecture arm.
Jul 06 15:52:42 witherspoon kernel[928]: [    8.990000] systemd[1]: Set hostname to <witherspoon>.
Jul 06 15:52:42 witherspoon kernel[928]: [   10.580000] systemd[1]: Started Dispatch Password Requests to Console Directory Watch.
Jul 06 15:52:42 witherspoon kernel[928]: [   10.730000] systemd[1]: Listening on /dev/initctl Compatibility Named Pipe.
Jul 06 15:52:42 witherspoon kernel[928]: [   10.880000] systemd[1]: Started Forward Password Requests to Wall Directory Watch.
Jul 06 15:52:42 witherspoon kernel[928]: [   11.040000] systemd[1]: Listening on Journal Socket.
Jul 06 15:52:42 witherspoon kernel[928]: [   11.210000] systemd[1]: Reached target Swap.
Jul 06 15:52:42 witherspoon kernel[928]: [   11.380000] systemd[1]: Created slice System Slice.
Jul 06 15:52:42 witherspoon kernel[928]: [   11.560000] systemd[1]: Created slice system-org.openbmc.buttons.Power.slice.
Jul 06 15:52:42 witherspoon kernel[928]: [   13.980000] systemd[1]: Created slice system-phosphor\x2ddiscover\x2dsystem\x2dstate.slice.
Jul 06 15:52:42 witherspoon kernel[928]: [   14.240000] systemd[1]: Created slice system-obmc\x2dled\x2dgroup\x2dstart.slice.
Jul 06 15:52:42 witherspoon kernel[928]: [   14.510000] systemd[1]: Created slice system-phosphor\x2dcooling\x2dtype.slice.
Jul 06 15:52:42 witherspoon kernel[928]: [   14.780000] systemd[1]: Created slice system-org.openbmc.buttons.reset.slice.
Jul 06 15:52:42 witherspoon kernel[928]: [   15.060000] systemd[1]: Created slice system-serial\x2dgetty.slice.
Jul 06 15:52:42 witherspoon kernel[928]: [   15.350000] systemd[1]: Starting Remount Root and Kernel File Systems...
Jul 06 15:52:42 witherspoon kernel[928]: [   15.640000] systemd[1]: Reached target Slices.
Jul 06 15:52:42 witherspoon kernel[928]: [   15.940000] systemd[1]: Created slice system-getty.slice.
Jul 06 15:52:42 witherspoon kernel[928]: [   16.250000] systemd[1]: Created slice system-op\x2dreset\x2dchassis\x2drunning.slice.
Jul 06 15:52:42 witherspoon kernel[928]: [   16.560000] systemd[1]: Listening on Syslog Socket.
Jul 06 15:52:42 witherspoon kernel[928]: [   19.310000] systemd[1]: Listening on udev Control Socket.
Jul 06 15:52:42 witherspoon kernel[928]: [   19.680000] systemd[1]: Starting udev Coldplug all Devices...
Jul 06 15:52:42 witherspoon kernel[928]: [   20.060000] systemd[1]: Mounted Debug File System.
Jul 06 15:52:42 witherspoon kernel[928]: [   20.450000] systemd[1]: Mounted Temporary Directory.
Jul 06 15:52:42 witherspoon kernel[928]: [   20.840000] systemd[1]: Started Journal Service.
Jul 06 15:52:42 witherspoon kernel[928]: [   23.340000] systemd-journald[546]: Received request to flush runtime journal from PID 1
Jul 06 15:52:42 witherspoon kernel[928]: [   35.640000] random: crng init done
Jul 06 15:52:49 witherspoon avahi-daemon[960]: Found user 'avahi' (UID 998) and group 'avahi' (GID 999).
Jul 06 15:52:49 witherspoon avahi-daemon[960]: Successfully dropped root privileges.
Jul 06 15:52:49 witherspoon avahi-daemon[960]: avahi-daemon 0.6.32 starting up.
Jul 06 15:52:49 witherspoon avahi-daemon[960]: Successfully called chroot().
Jul 06 15:52:49 witherspoon avahi-daemon[960]: Successfully dropped remaining capabilities.
Jul 06 15:52:49 witherspoon avahi-daemon[960]: Loading service file /services/obmc_console.service.
Jul 06 15:52:49 witherspoon avahi-daemon[960]: Loading service file /services/phosphor_rest.service.
Jul 06 15:52:49 witherspoon avahi-daemon[960]: Loading service file /services/sftp-ssh.service.
Jul 06 15:52:49 witherspoon avahi-daemon[960]: Loading service file /services/sftp.service.
Jul 06 15:52:49 witherspoon avahi-daemon[960]: Loading service file /services/ssh.service.
Jul 06 15:52:49 witherspoon avahi-daemon[960]: Joining mDNS multicast group on interface eth0.IPv6 with address fe80::72e2:84ff:fe14:28a9.
Jul 06 15:52:49 witherspoon avahi-daemon[960]: New relevant interface eth0.IPv6 for mDNS.
Jul 06 15:52:49 witherspoon avahi-daemon[960]: Joining mDNS multicast group on interface eth0.IPv4 with address 9.3.21.61.
Jul 06 15:52:49 witherspoon avahi-daemon[960]: New relevant interface eth0.IPv4 for mDNS.
Jul 06 15:52:49 witherspoon avahi-daemon[960]: Network interface enumeration completed.
Jul 06 15:52:49 witherspoon avahi-daemon[960]: Registering new address record for fe80::72e2:84ff:fe14:28a9 on eth0.*.
Jul 06 15:52:49 witherspoon avahi-daemon[960]: Registering new address record for 9.3.21.61 on eth0.IPv4.
Jul 06 15:52:50 witherspoon avahi-daemon[960]: Server startup complete. Host name is witherspoon.local. Local service cookie is 2334347731.
Jul 06 15:52:51 witherspoon avahi-daemon[960]: Service "witherspoon" (/services/ssh.service) successfully established.
Jul 06 15:52:51 witherspoon avahi-daemon[960]: Service "sftp" (/services/sftp.service) successfully established.
Jul 06 15:52:51 witherspoon avahi-daemon[960]: Service "witherspoon" (/services/sftp-ssh.service) successfully established.
Jul 06 15:52:51 witherspoon avahi-daemon[960]: Service "phosphor_rest" (/services/phosphor_rest.service) successfully established.
Jul 06 15:52:51 witherspoon avahi-daemon[960]: Service "obmc_console" (/services/obmc_console.service) successfully established.
Jul 06 15:52:51 witherspoon kernel[928]: [   45.150000] ftgmac100 1e660000.ethernet eth0: NCSI interface up
Jul 06 15:52:59 witherspoon systemd[1]: Created slice system-dropbear.slice.
Jul 06 15:52:59 witherspoon systemd[1]: Started SSH Per-Connection Server (9.41.165.94:35238).
Jul 06 15:52:59 witherspoon dropbear[985]: Failed loading /etc/dropbear/dropbear_dss_host_key
Jul 06 15:52:59 witherspoon dropbear[985]: Failed loading /etc/dropbear/dropbear_ecdsa_host_key
Jul 06 15:52:59 witherspoon dropbear[985]: Child connection from ::ffff:9.41.165.94:35238
Jul 06 15:53:02 witherspoon dropbear[985]: PAM password auth succeeded for 'root' from ::ffff:9.41.165.94:35238
Jul 06 15:53:02 witherspoon dropbear[986]: lastlog_perform_login: Couldn't stat /var/log/lastlog: No such file or directory
Jul 06 15:53:02 witherspoon dropbear[986]: lastlog_openseek: /var/log/lastlog is not a file or directory!
Jul 06 15:53:03 witherspoon systemd-networkd[927]: eth0: Configured
Jul 06 15:53:03 witherspoon systemd-timesyncd[882]: Network configuration changed, trying to establish connection.
Jul 06 15:53:10 witherspoon obmc-phosphor-userd[929]: Started
Jul 06 15:53:10 witherspoon systemd[1]: Started Phosphor User Manager.
Jul 06 15:53:10 witherspoon sensor_manager2.py[959]: Setting boot count to 3
Jul 06 15:53:10 witherspoon sensor_manager2.py[959]: Deleting OCC device
Jul 06 15:53:10 witherspoon download_manager.py[932]: Running Download Manager
Jul 06 15:53:10 witherspoon systemd[1]: Started Phosphor Download Manager.
Jul 06 15:53:11 witherspoon sensor_manager2.py[959]: sh: /sys/class/i2c-adapter/i2c-3/3-0050/online: No such file or directory
Jul 06 15:53:11 witherspoon chassis_control.py[949]: Running ChassisControlService
Jul 06 15:53:11 witherspoon netman.py[950]: Started
Jul 06 15:53:10 witherspoon systemd[1]: Started Phosphor Chassis0 Control.
Jul 06 15:53:11 witherspoon sensor_manager2.py[959]: Deleting OCC device
Jul 06 15:53:11 witherspoon systemd[1]: Started Phosphor Network Manager.
Jul 06 15:53:11 witherspoon sensor_manager2.py[959]: sh: /sys/class/i2c-adapter/i2c-3/3-0050/online: No such file or directory
Jul 06 15:53:11 witherspoon sensor_manager2.py[959]: Starting sensor manager
Jul 06 15:53:11 witherspoon systemd[1]: Started Phosphor Sensor Manager.
Jul 06 15:53:12 witherspoon inventory_items.py[954]: Loading from cache: /var/cache/obmc/org.openbmc.inventory.system.chassis.motherboard.apss@org.openbmc.InventoryItem.props
Jul 06 15:53:12 witherspoon inventory_items.py[954]: Loading from cache: /var/cache/obmc/org.openbmc.inventory.system.chassis.motherboard@org.openbmc.InventoryItem.props
Jul 06 15:53:12 witherspoon inventory_items.py[954]: Loading from cache: /var/cache/obmc/org.openbmc.inventory.system.chassis.motherboard.refclock@org.openbmc.InventoryItem.props
Jul 06 15:53:12 witherspoon inventory_items.py[954]: Loading from cache: /var/cache/obmc/org.openbmc.inventory.system.chassis.motherboard.todclock@org.openbmc.InventoryItem.props
Jul 06 15:53:12 witherspoon inventory_items.py[954]: Loading from cache: /var/cache/obmc/org.openbmc.inventory.system.chassis.motherboard.bmc@org.openbmc.InventoryItem.props
Jul 06 15:53:12 witherspoon inventory_items.py[954]: Caching: /org/openbmc/inventory/system/chassis/motherboard/bmc
Jul 06 15:53:12 witherspoon inventory_items.py[954]: Loading from cache: /var/cache/obmc/org.openbmc.inventory.system.chassis.motherboard.pcieclock@org.openbmc.InventoryItem.props
Jul 06 15:53:12 witherspoon inventory_items.py[954]: Running Inventory Manager
Jul 06 15:53:12 witherspoon systemd[1]: Started Phosphor Inventory Manager.
Jul 06 15:53:12 witherspoon phosphor-mapper[933]: ObjectMapper startup complete.  Discovery in progress...
Jul 06 15:53:12 witherspoon avahi-daemon[982]: ../../avahi-0.6.32/avahi-daemon/chroot.c: open() failed: No such file or directory
Jul 06 15:53:12 witherspoon avahi-daemon[960]: Failed to open /usr/share/dbus-1/interfaces/org.freedesktop.Avahi.Server.xml: Invalid argument
Jul 06 15:53:12 witherspoon avahi-daemon[960]: Failed to load introspection data.
Jul 06 15:53:25 witherspoon phosphor-mapper[933]: ObjectMapper discovery complete
Jul 06 15:53:25 witherspoon systemd[1]: Started Phosphor DBus Service Discovery Manager.
Jul 06 15:53:25 witherspoon systemd[1]: Reached target Phosphor Object Mapper.
Jul 06 15:53:25 witherspoon systemd[1]: Starting Phosphor Settings Manager...
Jul 06 15:53:25 witherspoon systemd[1]: Starting Wait for /org/openbmc/managers/Download...
Jul 06 15:53:25 witherspoon systemd[1]: Starting Wait for /org/openbmc/managers/System...
Jul 06 15:53:25 witherspoon systemd[1]: Starting Wait for /xyz/openbmc_project/control/host0...
Jul 06 15:53:25 witherspoon systemd[1]: Starting Wait for /xyz/openbmc_project/state/host0...
Jul 06 15:53:25 witherspoon systemd[1]: Starting Phoshpor System Manager...
Jul 06 15:53:25 witherspoon systemd[1]: Starting Wait for /xyz/openbmc_project/inventory...
Jul 06 15:53:25 witherspoon systemd[1]: Started Phosphor DBus Monitor.
Jul 06 15:53:25 witherspoon systemd[1]: Starting Wait for /xyz/openbmc_project/led/groups...
Jul 06 15:53:25 witherspoon systemd[1]: Starting Wait for /org/openbmc/control/bmc0...
Jul 06 15:53:25 witherspoon systemd[1]: Starting Wait for /org/openbmc/NetworkManager/Interface...
Jul 06 15:53:25 witherspoon systemd[1]: Starting Wait for /xyz/openbmc_project/led/groups/bmc_booted...
Jul 06 15:53:25 witherspoon systemd[1]: Starting Wait for /org/openbmc/control/flash/bios...
Jul 06 15:53:25 witherspoon systemd[1]: Starting Wait for /org/openbmc/sensors...
Jul 06 15:53:25 witherspoon systemd[1]: Reached target Webserver (pre).
Jul 06 15:53:25 witherspoon systemd[1]: Started Phosphor Webserver.
Jul 06 15:53:25 witherspoon systemd[1]: Starting Wait for /xyz/openbmc_project/state/chassis0...
Jul 06 15:53:27 witherspoon systemd[1]: Starting Wait for /org/openbmc/control/power0...
Jul 06 15:53:28 witherspoon systemd[1]: Started Wait for /org/openbmc/control/bmc0.
Jul 06 15:53:28 witherspoon systemd[1]: Started Wait for /org/openbmc/NetworkManager/Interface.
Jul 06 15:53:28 witherspoon systemd[1]: Started Phosphor DNS Settings Cache Manager.
Jul 06 15:53:28 witherspoon systemd[1]: Started Wait for /org/openbmc/managers/Download.
Jul 06 15:53:28 witherspoon systemd[1]: Starting Phosphor BMC Code Update...
Jul 06 15:53:28 witherspoon systemd[1]: Starting Phosphor BIOS Code Update...
Jul 06 15:53:28 witherspoon systemd[1]: Started Wait for /xyz/openbmc_project/inventory.
Jul 06 15:53:28 witherspoon systemd[1]: Started Wait for /xyz/openbmc_project/led/groups.
Jul 06 15:53:28 witherspoon systemd[1]: Started Wait for /xyz/openbmc_project/led/groups/bmc_booted.
Jul 06 15:53:29 witherspoon systemd[1]: Started Wait for /org/openbmc/sensors.
Jul 06 15:53:29 witherspoon systemd[1]: Started Phosphor Hwmon Poller.
Jul 06 15:53:29 witherspoon systemd[1]: Starting Assert bmc_booted LED...
Jul 06 15:53:29 witherspoon systemd[1]: Started FRU Fault monitor service.
Jul 06 15:53:29 witherspoon systemd[1]: Starting Read OpenPOWER-format VPD from EEPROM...
Jul 06 15:53:29 witherspoon systemd[1]: Starting OpenPOWER OCC controller...
Jul 06 15:53:29 witherspoon systemd[1]: Started Phosphor Cooling Type.
Jul 06 15:53:31 witherspoon systemd[1]: Started OpenPOWER OCC controller.
Jul 06 15:53:34 witherspoon systemd[1]: Started Assert bmc_booted LED.
Jul 06 15:53:34 witherspoon systemd[1]: Started Phosphor BIOS Code Update.
Jul 06 15:53:37 witherspoon systemd[1]: Started Read OpenPOWER-format VPD from EEPROM.
Jul 06 15:53:43 witherspoon settings_manager.py[994]: Running HostSettingsService
Jul 06 15:53:43 witherspoon systemd[1]: Started Phosphor Settings Manager.
Jul 06 15:53:43 witherspoon systemd[1]: Starting Wait for /org/openbmc/settings/host0...
Jul 06 15:53:43 witherspoon systemd[1]: Started Wait for /org/openbmc/control/flash/bios.
Jul 06 15:53:43 witherspoon systemd[1]: Started Initialize BIOS Flash.
Jul 06 15:53:44 witherspoon system_manager.py[999]: Running System State: BASE_APPS
Jul 06 15:53:44 witherspoon system_manager.py[999]: SystemManager Init Done
Jul 06 15:53:44 witherspoon systemd[1]: Started Phoshpor System Manager.
Jul 06 15:53:45 witherspoon system_manager.py[999]: Running SystemManager
Jul 06 15:53:45 witherspoon system_manager.py[999]: SystemManager Goto System State: BMC_STARTING
Jul 06 15:53:45 witherspoon system_manager.py[999]: Running System State: BMC_STARTING
Jul 06 15:53:45 witherspoon hwmon.py[1024]: Starting HWMON sensors
Jul 06 15:53:46 witherspoon systemd[1]: Started Wait for /org/openbmc/settings/host0.
Jul 06 15:53:46 witherspoon systemd[1]: Started Phosphor Inband IPMI.
Jul 06 15:53:47 witherspoon bmc_update.py[1020]: Running Bmc Flash Control
Jul 06 15:53:47 witherspoon systemd[1]: Started Phosphor BMC Code Update.
Jul 06 15:53:47 witherspoon systemd[1]: Started Wait for /org/openbmc/managers/System.
Jul 06 15:53:47 witherspoon systemd[1]: Starting Phosphor Power0 Control...
Jul 06 15:53:47 witherspoon systemd[1]: Starting Phosphor Reset Button0...
Jul 06 15:53:49 witherspoon flash_bios.exe[1021]: Starting flasher: bios,,/org/openbmc/control/flash/bios,
Jul 06 15:53:49 witherspoon flash_bios.exe[1021]: flasher: , BMC = 1, address = 0x0
Jul 06 15:53:49 witherspoon flash_bios.exe[1021]: Setting up flash
Jul 06 15:53:47 witherspoon systemd[1]: Starting Phosphor BMC State Manager...
Jul 06 15:53:49 witherspoon flash_bios.exe[1021]: Starting flasher: bios,,/org/openbmc/control/flash/bios,
Jul 06 15:53:49 witherspoon flash_bios.exe[1021]: flasher: , BMC = 1, address = 0x0
Jul 06 15:53:49 witherspoon flash_bios.exe[1021]: Setting up flash
Jul 06 15:53:47 witherspoon systemd[1]: Starting Phosphor Power Button0...
Jul 06 15:53:47 witherspoon systemd[1]: Starting Phosphor Chassis State Manager...
Jul 06 15:53:47 witherspoon systemd[1]: Starting Phosphor Host State Manager...
Jul 06 15:53:48 witherspoon phosphor-chassis-state-manager[1053]: Initial Chassis State will be Off
Jul 06 15:53:48 witherspoon systemd[1]: Started Phosphor Chassis State Manager.
Jul 06 15:53:49 witherspoon system_manager.py[999]: New object: /org/openbmc/control/power0 (:1.68)
Jul 06 15:53:48 witherspoon phosphor-host-state-manager[1054]: Initial Host State will be Off
Jul 06 15:53:48 witherspoon phosphor-bmc-state-manager[1051]: Setting the BMCState field
Jul 06 15:53:48 witherspoon phosphor-bmc-state-manager[1051]: Setting the BMCState field
Jul 06 15:53:48 witherspoon systemd[1]: Started Phosphor BMC State Manager.
Jul 06 15:53:48 witherspoon systemd[1]: Started Phosphor Host State Manager.
Jul 06 15:53:49 witherspoon button_power.exe[1052]: GPIO Lookup:  POWER_BUTTON = 347,both
Jul 06 15:53:49 witherspoon systemd[1]: Started Phosphor Power Button0.
Jul 06 15:53:49 witherspoon button_reset.exe[1050]: GPIO Lookup:  RESET_BUTTON = 353,both
Jul 06 15:53:49 witherspoon systemd[1]: Started Phosphor Reset Button0.
Jul 06 15:53:49 witherspoon system_manager.py[999]: Power GPIO config: ['SYS_PWROK_BUFF', '', [('SOFTWARE_PGOOD', True), ('BMC_POWER_UP', True)], [('BMC_CP0_RESET_N', False)], [], 'FSI_DATA', 'FSI_CLK', 'FSI_ENABLE', 'CRONUS_SEL', []]
Jul 06 15:53:49 witherspoon power_control.exe[1049]: Power GPIO latch output:
Jul 06 15:53:49 witherspoon power_control.exe[1049]: Power GPIO power good input: SYS_PWROK_BUFF
Jul 06 15:53:49 witherspoon power_control.exe[1049]: Power GPIO 2 power_up outputs
Jul 06 15:53:49 witherspoon power_control.exe[1049]: Power GPIO power_up[0] = SOFTWARE_PGOOD active HIGH
Jul 06 15:53:49 witherspoon power_control.exe[1049]: Power GPIO power_up[1] = BMC_POWER_UP active HIGH
Jul 06 15:53:49 witherspoon power_control.exe[1049]: Power GPIO 1 reset outputs
Jul 06 15:53:49 witherspoon power_control.exe[1049]: Power GPIO reset[0] = BMC_CP0_RESET_N active LOW
Jul 06 15:53:49 witherspoon power_control.exe[1049]: Power GPIO 0 pci reset outputs
Jul 06 15:53:49 witherspoon power_control.exe[1049]: FSI DATA GPIO: FSI_DATA
Jul 06 15:53:49 witherspoon power_control.exe[1049]: FSI CLK GPIO: FSI_CLK
Jul 06 15:53:49 witherspoon power_control.exe[1049]: FSI ENABLE GPIO: FSI_ENABLE
Jul 06 15:53:49 witherspoon power_control.exe[1049]: CRONUS SEL GPIO: CRONUS_SEL
Jul 06 15:53:49 witherspoon power_control.exe[1049]: Hostctl GPIO optionals: 0
Jul 06 15:53:50 witherspoon power_control.exe[1049]: GPIO Lookup:  SYS_PWROK_BUFF = 306,in
Jul 06 15:53:50 witherspoon power_control.exe[1049]: GPIO Lookup:  SOFTWARE_PGOOD = 417,out
Jul 06 15:53:51 witherspoon power_control.exe[1049]: GPIO Lookup:  BMC_POWER_UP = 305,out
Jul 06 15:53:51 witherspoon power_control.exe[1049]: GPIO Lookup:  BMC_CP0_RESET_N = 281,out
Jul 06 15:53:51 witherspoon power_control.exe[1049]: Pgood state: 0
Jul 06 15:53:51 witherspoon systemd[1]: Started Phosphor Power0 Control.
Jul 06 15:53:55 witherspoon systemd[1]: Started Wait for /xyz/openbmc_project/control/host0.
Jul 06 15:53:57 witherspoon systemd[1]: Started Wait for /xyz/openbmc_project/state/host0.
Jul 06 15:53:57 witherspoon systemd[1]: Started Wait for /xyz/openbmc_project/state/chassis0.
Jul 06 15:53:57 witherspoon systemd[1]: Starting Reboot If Enabled...
Jul 06 15:53:57 witherspoon system_manager.py[999]: SystemManager Goto System State: BMC_READY
Jul 06 15:53:57 witherspoon system_manager.py[999]: Running System State: BMC_READY
Jul 06 15:53:57 witherspoon systemd[1]: Started Wait for /org/openbmc/control/power0.
Jul 06 15:53:57 witherspoon systemd[1]: Starting Phosphor Time Manager daemon...
Jul 06 15:53:59 witherspoon timemanager[1083]: Registering dbus methods
Jul 06 15:53:59 witherspoon timemanager[1083]: Last known time_mode: MANUAL
Jul 06 15:53:59 witherspoon timemanager[1083]: Last known time_owner: BMC
Jul 06 15:53:59 witherspoon timemanager[1083]: Empty DhcpNtp string
Jul 06 15:53:59 witherspoon timemanager[1083]: Reading Power Control key: pgood
Jul 06 15:53:59 witherspoon timemanager[1083]: Changing settings *allowed* now
Jul 06 15:53:59 witherspoon timemanager[1083]: Getting System Settings: time_mode
Jul 06 15:53:59 witherspoon timemanager[1083]: Requested_Mode: MANUAL Current_Mode: MANUAL
Jul 06 15:53:59 witherspoon timemanager[1083]: Mode is already set to : MANUAL
Jul 06 15:53:59 witherspoon timemanager[1083]: Getting System Settings: time_owner
Jul 06 15:53:59 witherspoon timemanager[1083]: Owner is already set to : BMC
Jul 06 15:53:59 witherspoon timemanager[1083]: Getting System Settings: use_dhcp_ntp
Jul 06 15:53:59 witherspoon timemanager[1083]: use_dhcp_ntp = yes
Jul 06 15:53:59 witherspoon timemanager[1083]: Last known host_offset:0
Jul 06 15:53:59 witherspoon timemanager[1083]: Initial Uptime Usec: 1499356326688120
Jul 06 15:53:57 witherspoon systemd[1]: Starting Check Chassis0 pgood and create a file to indicate it...
Jul 06 15:53:58 witherspoon phosphor-discover-system-state[1081]: Host power is off, checking power policy
Jul 06 15:53:58 witherspoon systemd[1]: Started Reboot If Enabled.
Jul 06 15:53:58 witherspoon systemd[1]: Started Check Chassis0 pgood and create a file to indicate it.
Jul 06 15:53:58 witherspoon systemd[1]: Reached target Chassis0 power on after reset.
Jul 06 15:53:58 witherspoon systemd[1]: Reached target Chassis0 (Reset Check).
Jul 06 15:53:58 witherspoon systemd[1]: Reached target Host0 running after reset.
Jul 06 15:53:58 witherspoon systemd[1]: Reached target Host0 (Reset Check).
Jul 06 15:53:58 witherspoon systemd[1]: Started Phosphor Time Manager daemon.
Jul 06 15:53:58 witherspoon systemd[1]: Reached target Phosphor System - Standby.
Jul 06 15:53:58 witherspoon phosphor-bmc-state-manager[1051]: BMC_READY
Jul 06 15:53:58 witherspoon phosphor-bmc-state-manager[1051]: Setting the BMCState field
Jul 06 15:53:58 witherspoon systemd[1]: Startup finished in 8.502s (kernel) + 1min 43.747s (userspace) = 1min 52.250s.
Jul 06 15:54:02 witherspoon phosphor-gevent[1008]: Traceback (most recent call last):
Jul 06 15:54:02 witherspoon phosphor-gevent[1008]:   File "/usr/lib/python2.7/site-packages/gevent/greenlet.py", line 327, in run
Jul 06 15:54:02 witherspoon phosphor-gevent[1008]:     result = self._run(*self.args, **self.kwargs)
Jul 06 15:54:02 witherspoon phosphor-gevent[1008]:   File "/usr/lib/python2.7/site-packages/gevent/server.py", line 102, in wrap_socket_and_handle
Jul 06 15:54:02 witherspoon phosphor-gevent[1008]:     ssl_socket = self.wrap_socket(client_socket, **self.ssl_args)
Jul 06 15:54:02 witherspoon phosphor-gevent[1008]:   File "/usr/lib/python2.7/site-packages/gevent/ssl.py", line 404, in wrap_socket
Jul 06 15:54:02 witherspoon phosphor-gevent[1008]:     ciphers=ciphers)
Jul 06 15:54:02 witherspoon phosphor-gevent[1008]:   File "/usr/lib/python2.7/site-packages/gevent/ssl.py", line 113, in __init__
Jul 06 15:54:02 witherspoon phosphor-gevent[1008]:     self.do_handshake()
Jul 06 15:54:02 witherspoon phosphor-gevent[1008]:   File "/usr/lib/python2.7/site-packages/gevent/ssl.py", line 324, in do_handshake
Jul 06 15:54:02 witherspoon phosphor-gevent[1008]:     return self._sslobj.do_handshake()
Jul 06 15:54:02 witherspoon phosphor-gevent[1008]: SSLEOFError: EOF occurred in violation of protocol (_ssl.c:590)
Jul 06 15:54:02 witherspoon phosphor-gevent[1008]: <Greenlet at 0x760ad300: <bound method WSGIServer.wrap_socket_and_handle of <WSGIServer at 0x760868d0 fileno=5 address=('::3492:f976:b06d:6f76%1987014048', 443, 0, 1987014048)>>(<socket at 0x75f5c2f0 fileno=9>, ('::8079:6d76:8e91:f402%1995995932', 36260, 0, 199)> failed with SSLEOFError
Jul 06 15:54:02 witherspoon phosphor-gevent[1008]: Traceback (most recent call last):
Jul 06 15:54:02 witherspoon phosphor-gevent[1008]:   File "/usr/lib/python2.7/site-packages/gevent/greenlet.py", line 327, in run
Jul 06 15:54:02 witherspoon phosphor-gevent[1008]:     result = self._run(*self.args, **self.kwargs)
Jul 06 15:54:02 witherspoon phosphor-gevent[1008]:   File "/usr/lib/python2.7/site-packages/gevent/server.py", line 102, in wrap_socket_and_handle
Jul 06 15:54:02 witherspoon phosphor-gevent[1008]:     ssl_socket = self.wrap_socket(client_socket, **self.ssl_args)
Jul 06 15:54:02 witherspoon phosphor-gevent[1008]:   File "/usr/lib/python2.7/site-packages/gevent/ssl.py", line 404, in wrap_socket
Jul 06 15:54:02 witherspoon phosphor-gevent[1008]:     ciphers=ciphers)
Jul 06 15:54:02 witherspoon phosphor-gevent[1008]:   File "/usr/lib/python2.7/site-packages/gevent/ssl.py", line 113, in __init__
Jul 06 15:54:02 witherspoon phosphor-gevent[1008]:     self.do_handshake()
Jul 06 15:54:02 witherspoon phosphor-gevent[1008]:   File "/usr/lib/python2.7/site-packages/gevent/ssl.py", line 324, in do_handshake
Jul 06 15:54:02 witherspoon phosphor-gevent[1008]:     return self._sslobj.do_handshake()
Jul 06 15:54:02 witherspoon phosphor-gevent[1008]: SSLEOFError: EOF occurred in violation of protocol (_ssl.c:590)
Jul 06 15:54:02 witherspoon phosphor-gevent[1008]: <Greenlet at 0x760ad5d0: <bound method WSGIServer.wrap_socket_and_handle of <WSGIServer at 0x760868d0 fileno=5 address=('::3492:f976:b06d:6f76%1987014048', 443, 0, 1987014048)>>(<socket at 0x75f5c290 fileno=10>, ('::8079:6d76:8e91:f402%1995995932', 36262, 0, 199)> failed with SSLEOFError
Jul 06 15:54:02 witherspoon phosphor-gevent[1008]: Traceback (most recent call last):
Jul 06 15:54:02 witherspoon phosphor-gevent[1008]:   File "/usr/lib/python2.7/site-packages/gevent/greenlet.py", line 327, in run
Jul 06 15:54:02 witherspoon phosphor-gevent[1008]:     result = self._run(*self.args, **self.kwargs)
Jul 06 15:54:02 witherspoon phosphor-gevent[1008]:   File "/usr/lib/python2.7/site-packages/gevent/server.py", line 102, in wrap_socket_and_handle
Jul 06 15:54:02 witherspoon phosphor-gevent[1008]:     ssl_socket = self.wrap_socket(client_socket, **self.ssl_args)
Jul 06 15:54:02 witherspoon phosphor-gevent[1008]:   File "/usr/lib/python2.7/site-packages/gevent/ssl.py", line 404, in wrap_socket
Jul 06 15:54:02 witherspoon phosphor-gevent[1008]:     ciphers=ciphers)
Jul 06 15:54:02 witherspoon phosphor-gevent[1008]:   File "/usr/lib/python2.7/site-packages/gevent/ssl.py", line 113, in __init__
Jul 06 15:54:02 witherspoon phosphor-gevent[1008]:     self.do_handshake()
Jul 06 15:54:02 witherspoon phosphor-gevent[1008]:   File "/usr/lib/python2.7/site-packages/gevent/ssl.py", line 324, in do_handshake
Jul 06 15:54:02 witherspoon phosphor-gevent[1008]:     return self._sslobj.do_handshake()
Jul 06 15:54:02 witherspoon phosphor-gevent[1008]: SSLEOFError: EOF occurred in violation of protocol (_ssl.c:590)
Jul 06 15:54:02 witherspoon phosphor-gevent[1008]: <Greenlet at 0x760ad2b0: <bound method WSGIServer.wrap_socket_and_handle of <WSGIServer at 0x760868d0 fileno=5 address=('::3492:f976:b06d:6f76%1987014048', 443, 0, 1987014048)>>(<socket at 0x75f5c330 fileno=11>, ('::8079:6d76:8e91:f402%1995995932', 36264, 0, 199)> failed with SSLEOFError
Jul 06 15:54:15 witherspoon phosphor-gevent[1008]: ::8079:6d76:8e91:f402%1995995932 - - [2017-07-06 15:54:15] "POST /login HTTP/1.1" 200 320 0.064780
Jul 06 15:54:15 witherspoon phosphor-gevent[1008]: ::8079:6d76:8e91:f402%1995995932 - - [2017-07-06 15:54:15] "GET /xyz/openbmc_project/state/chassis0//attr/CurrentPowerState HTTP/1.1" 200 216 0.134056
Jul 06 15:54:15 witherspoon phosphor-gevent[1008]: ::8079:6d76:8e91:f402%1995995932 - - [2017-07-06 15:54:15] "POST /login HTTP/1.1" 200 320 0.058986
Jul 06 15:54:15 witherspoon phosphor-gevent[1008]: ::8079:6d76:8e91:f402%1995995932 - - [2017-07-06 15:54:15] "GET /xyz/openbmc_project/state/chassis0//attr/CurrentPowerState HTTP/1.1" 200 216 0.061383
Jul 06 15:54:16 witherspoon phosphor-gevent[1008]: ::8079:6d76:8e91:f402%1995995932 - - [2017-07-06 15:54:16] "POST /login HTTP/1.1" 200 320 0.033640
Jul 06 15:54:16 witherspoon phosphor-gevent[1008]: ::8079:6d76:8e91:f402%1995995932 - - [2017-07-06 15:54:16] "GET /org/openbmc/sensors/host/BootProgress/attr/value HTTP/1.1" 200 170 0.059351
Jul 06 15:54:16 witherspoon phosphor-gevent[1008]: ::8079:6d76:8e91:f402%1995995932 - - [2017-07-06 15:54:16] "POST /login HTTP/1.1" 200 320 0.033908
Jul 06 15:54:16 witherspoon phosphor-gevent[1008]: ::8079:6d76:8e91:f402%1995995932 - - [2017-07-06 15:54:16] "GET /xyz/openbmc_project/state/host0//attr/CurrentHostState HTTP/1.1" 200 212 0.052078
Jul 06 15:54:16 witherspoon phosphor-gevent[1008]: ::8079:6d76:8e91:f402%1995995932 - - [2017-07-06 15:54:16] "POST /login HTTP/1.1" 200 320 0.033321
Jul 06 15:54:16 witherspoon phosphor-gevent[1008]: ::8079:6d76:8e91:f402%1995995932 - - [2017-07-06 15:54:16] "GET /xyz/openbmc_project/logging/entry/list HTTP/1.1" 404 311 0.031481
Jul 06 15:54:16 witherspoon dropbear[985]: Exit (root): Exited normally
Jul 06 15:54:17 witherspoon systemd[1]: Started SSH Per-Connection Server (9.41.165.94:35256).
Jul 06 15:54:17 witherspoon dropbear[1100]: Failed loading /etc/dropbear/dropbear_dss_host_key
Jul 06 15:54:17 witherspoon dropbear[1100]: Failed loading /etc/dropbear/dropbear_ecdsa_host_key
Jul 06 15:54:17 witherspoon dropbear[1100]: Child connection from ::ffff:9.41.165.94:35256
Jul 06 15:54:17 witherspoon dropbear[1100]: PAM password auth succeeded for 'root' from ::ffff:9.41.165.94:35256
Jul 06 15:54:17 witherspoon dropbear[1101]: lastlog_perform_login: Couldn't stat /var/log/lastlog: No such file or directory
Jul 06 15:54:17 witherspoon dropbear[1101]: lastlog_openseek: /var/log/lastlog is not a file or directory!
Jul 06 15:54:19 witherspoon phosphor-gevent[1008]: ::8079:6d76:8e91:f402%1995995932 - - [2017-07-06 15:54:19] "POST /login HTTP/1.1" 200 320 0.033928
Jul 06 15:54:19 witherspoon phosphor-gevent[1008]: ::8079:6d76:8e91:f402%1995995932 - - [2017-07-06 15:54:19] "GET /xyz/openbmc_project/state/host0//attr/CurrentHostState HTTP/1.1" 200 212 0.049728
Jul 06 15:54:19 witherspoon dropbear[1100]: Exit (root): Exited normally
Jul 06 15:54:28 witherspoon systemd[1]: Started SSH Per-Connection Server (9.41.165.94:35260).
Jul 06 15:54:28 witherspoon dropbear[1110]: Failed loading /etc/dropbear/dropbear_dss_host_key
Jul 06 15:54:28 witherspoon dropbear[1110]: Failed loading /etc/dropbear/dropbear_ecdsa_host_key
Jul 06 15:54:28 witherspoon dropbear[1110]: Child connection from ::ffff:9.41.165.94:35260
Jul 06 15:54:28 witherspoon dropbear[1110]: PAM password auth succeeded for 'root' from ::ffff:9.41.165.94:35260
Jul 06 15:54:28 witherspoon dropbear[1111]: lastlog_perform_login: Couldn't stat /var/log/lastlog: No such file or directory
Jul 06 15:54:28 witherspoon dropbear[1111]: lastlog_openseek: /var/log/lastlog is not a file or directory!
Jul 06 15:54:30 witherspoon phosphor-gevent[1008]: ::8079:6d76:8e91:f402%1995995932 - - [2017-07-06 15:54:30] "POST /login HTTP/1.1" 200 320 0.040993
Jul 06 15:54:30 witherspoon phosphor-gevent[1008]: ::8079:6d76:8e91:f402%1995995932 - - [2017-07-06 15:54:30] "PUT /org/openbmc/settings/host0/attr/power_policy HTTP/1.1" 200 169 0.276076
Jul 06 15:54:31 witherspoon phosphor-gevent[1008]: ::8079:6d76:8e91:f402%1995995932 - - [2017-07-06 15:54:31] "POST /login HTTP/1.1" 200 320 0.034476
Jul 06 15:54:31 witherspoon phosphor-gevent[1008]: ::8079:6d76:8e91:f402%1995995932 - - [2017-07-06 15:54:31] "GET /org/openbmc/settings/host0/attr/power_policy HTTP/1.1" 200 185 0.071144
Jul 06 15:54:31 witherspoon systemd[1]: Started SSH Per-Connection Server (9.41.165.94:35266).
Jul 06 15:54:31 witherspoon dropbear[1117]: Failed loading /etc/dropbear/dropbear_dss_host_key
Jul 06 15:54:31 witherspoon dropbear[1117]: Failed loading /etc/dropbear/dropbear_ecdsa_host_key
Jul 06 15:54:31 witherspoon dropbear[1117]: Child connection from ::ffff:9.41.165.94:35266
Jul 06 15:54:31 witherspoon dropbear[1117]: PAM password auth succeeded for 'root' from ::ffff:9.41.165.94:35266
Jul 06 15:54:31 witherspoon dropbear[1118]: lastlog_perform_login: Couldn't stat /var/log/lastlog: No such file or directory
Jul 06 15:54:31 witherspoon dropbear[1118]: lastlog_openseek: /var/log/lastlog is not a file or directory!
Jul 06 15:54:33 witherspoon phosphor-gevent[1008]: ::8079:6d76:8e91:f402%1995995932 - - [2017-07-06 15:54:33] "POST /login HTTP/1.1" 200 320 0.034924
Jul 06 15:54:33 witherspoon phosphor-gevent[1008]: ::8079:6d76:8e91:f402%1995995932 - - [2017-07-06 15:54:33] "GET /xyz/openbmc_project/state/chassis0//attr/CurrentPowerState HTTP/1.1" 200 216 0.062478
Jul 06 15:54:33 witherspoon phosphor-gevent[1008]: ::8079:6d76:8e91:f402%1995995932 - - [2017-07-06 15:54:33] "POST /login HTTP/1.1" 200 320 0.033833
Jul 06 15:54:33 witherspoon phosphor-gevent[1008]: ::8079:6d76:8e91:f402%1995995932 - - [2017-07-06 15:54:33] "GET /xyz/openbmc_project/state/bmc0//attr/CurrentBMCState HTTP/1.1" 200 212 0.052377
Jul 06 15:54:33 witherspoon phosphor-gevent[1008]: ::8079:6d76:8e91:f402%1995995932 - - [2017-07-06 15:54:33] "POST /login HTTP/1.1" 200 320 0.046608
Jul 06 15:54:33 witherspoon phosphor-gevent[1008]: ::8079:6d76:8e91:f402%1995995932 - - [2017-07-06 15:54:33] "GET /org/openbmc/sensors/host/BootProgress/attr/value HTTP/1.1" 200 170 0.053111
Jul 06 15:54:34 witherspoon phosphor-gevent[1008]: ::8079:6d76:8e91:f402%1995995932 - - [2017-07-06 15:54:34] "POST /login HTTP/1.1" 200 320 0.035536
Jul 06 15:54:34 witherspoon phosphor-gevent[1008]: ::8079:6d76:8e91:f402%1995995932 - - [2017-07-06 15:54:34] "GET /xyz/openbmc_project/state/host0//attr/CurrentHostState HTTP/1.1" 200 212 0.114938
Jul 06 15:54:34 witherspoon phosphor-gevent[1008]: ::8079:6d76:8e91:f402%1995995932 - - [2017-07-06 15:54:34] "POST /login HTTP/1.1" 200 320 0.034323
Jul 06 15:54:34 witherspoon phosphor-gevent[1008]: ::8079:6d76:8e91:f402%1995995932 - - [2017-07-06 15:54:34] "GET /xyz/openbmc_project/logging/entry/list HTTP/1.1" 404 311 0.029534
Jul 06 15:54:34 witherspoon systemd[1]: Started SSH Per-Connection Server (9.41.165.94:35278).
Jul 06 15:54:34 witherspoon dropbear[1121]: Failed loading /etc/dropbear/dropbear_dss_host_key
Jul 06 15:54:34 witherspoon dropbear[1121]: Failed loading /etc/dropbear/dropbear_ecdsa_host_key
Jul 06 15:54:34 witherspoon dropbear[1121]: Child connection from ::ffff:9.41.165.94:35278
Jul 06 15:54:35 witherspoon dropbear[1121]: PAM password auth succeeded for 'root' from ::ffff:9.41.165.94:35278
Jul 06 15:55:06 witherspoon phosphor-gevent[1008]: ::8079:6d76:8e91:f402%1995995932 - - [2017-07-06 15:55:06] "POST /login HTTP/1.1" 200 320 0.038793
Jul 06 15:55:06 witherspoon phosphor-gevent[1008]: ::8079:6d76:8e91:f402%1995995932 - - [2017-07-06 15:55:06] "POST /org/openbmc/control/flash/bios//action/update HTTP/1.1" 200 169 0.241187
Jul 06 15:55:06 witherspoon flash_bios.exe[1021]: Starting flasher: bios,/tmp/witherspoon_20170628n.pnor,/org/openbmc/control/flash/bios,
Jul 06 15:55:06 witherspoon flash_bios.exe[1021]: flasher: /tmp/witherspoon_20170628n.pnor, BMC = 1, address = 0x0
Jul 06 15:55:06 witherspoon flash_bios.exe[1021]: Setting up flash
Jul 06 15:55:07 witherspoon phosphor-gevent[1008]: ::8079:6d76:8e91:f402%1995995932 - - [2017-07-06 15:55:07] "POST /login HTTP/1.1" 200 320 0.146549
Jul 06 15:55:07 witherspoon phosphor-gevent[1008]: ::8079:6d76:8e91:f402%1995995932 - - [2017-07-06 15:55:07] "GET /org/openbmc/control/flash/bios HTTP/1.1" 200 396 0.196768
Jul 06 15:55:07 witherspoon phosphor-gevent[1008]: ::8079:6d76:8e91:f402%1995995932 - - [2017-07-06 15:55:07] "POST /login HTTP/1.1" 200 320 0.033722
Jul 06 15:55:07 witherspoon phosphor-gevent[1008]: ::8079:6d76:8e91:f402%1995995932 - - [2017-07-06 15:55:07] "GET /org/openbmc/control/flash/bios HTTP/1.1" 200 396 0.068206
Jul 06 15:55:18 witherspoon phosphor-gevent[1008]: ::8079:6d76:8e91:f402%1995995932 - - [2017-07-06 15:55:18] "POST /login HTTP/1.1" 200 320 0.033956
Jul 06 15:55:18 witherspoon phosphor-gevent[1008]: ::8079:6d76:8e91:f402%1995995932 - - [2017-07-06 15:55:18] "GET /org/openbmc/control/flash/bios HTTP/1.1" 200 396 0.455169
Jul 06 15:55:28 witherspoon phosphor-gevent[1008]: ::8079:6d76:8e91:f402%1995995932 - - [2017-07-06 15:55:28] "POST /login HTTP/1.1" 200 320 0.039273
Jul 06 15:55:29 witherspoon phosphor-gevent[1008]: ::8079:6d76:8e91:f402%1995995932 - - [2017-07-06 15:55:29] "GET /org/openbmc/control/flash/bios HTTP/1.1" 200 396 0.082775
Jul 06 15:55:39 witherspoon phosphor-gevent[1008]: ::8079:6d76:8e91:f402%1995995932 - - [2017-07-06 15:55:39] "POST /login HTTP/1.1" 200 320 0.034026
Jul 06 15:55:39 witherspoon phosphor-gevent[1008]: ::8079:6d76:8e91:f402%1995995932 - - [2017-07-06 15:55:39] "GET /org/openbmc/control/flash/bios HTTP/1.1" 200 396 0.126894
Jul 06 15:55:50 witherspoon phosphor-gevent[1008]: ::8079:6d76:8e91:f402%1995995932 - - [2017-07-06 15:55:50] "POST /login HTTP/1.1" 200 320 0.033966
Jul 06 15:55:50 witherspoon phosphor-gevent[1008]: ::8079:6d76:8e91:f402%1995995932 - - [2017-07-06 15:55:50] "GET /org/openbmc/control/flash/bios HTTP/1.1" 200 396 0.068201
Jul 06 15:56:00 witherspoon phosphor-gevent[1008]: ::8079:6d76:8e91:f402%1995995932 - - [2017-07-06 15:56:00] "POST /login HTTP/1.1" 200 320 0.035107
Jul 06 15:56:00 witherspoon phosphor-gevent[1008]: ::8079:6d76:8e91:f402%1995995932 - - [2017-07-06 15:56:00] "GET /org/openbmc/control/flash/bios HTTP/1.1" 200 396 0.068244
Jul 06 15:56:12 witherspoon phosphor-gevent[1008]: ::8079:6d76:8e91:f402%1995995932 - - [2017-07-06 15:56:12] "POST /login HTTP/1.1" 200 320 0.085532
Jul 06 15:56:12 witherspoon phosphor-gevent[1008]: ::8079:6d76:8e91:f402%1995995932 - - [2017-07-06 15:56:12] "GET /org/openbmc/control/flash/bios HTTP/1.1" 200 396 0.067923
Jul 06 15:56:22 witherspoon phosphor-gevent[1008]: ::8079:6d76:8e91:f402%1995995932 - - [2017-07-06 15:56:22] "POST /login HTTP/1.1" 200 320 0.040106
Jul 06 15:56:22 witherspoon phosphor-gevent[1008]: ::8079:6d76:8e91:f402%1995995932 - - [2017-07-06 15:56:22] "GET /org/openbmc/control/flash/bios HTTP/1.1" 200 396 0.071211
Jul 06 15:56:32 witherspoon phosphor-gevent[1008]: ::8079:6d76:8e91:f402%1995995932 - - [2017-07-06 15:56:32] "POST /login HTTP/1.1" 200 320 0.033879
Jul 06 15:56:32 witherspoon phosphor-gevent[1008]: ::8079:6d76:8e91:f402%1995995932 - - [2017-07-06 15:56:32] "GET /org/openbmc/control/flash/bios HTTP/1.1" 200 396 0.068187
Jul 06 15:56:42 witherspoon phosphor-gevent[1008]: ::8079:6d76:8e91:f402%1995995932 - - [2017-07-06 15:56:42] "POST /login HTTP/1.1" 200 320 0.033733
Jul 06 15:56:43 witherspoon phosphor-gevent[1008]: ::8079:6d76:8e91:f402%1995995932 - - [2017-07-06 15:56:43] "GET /org/openbmc/control/flash/bios HTTP/1.1" 200 396 0.068474
Jul 06 15:56:53 witherspoon phosphor-gevent[1008]: ::8079:6d76:8e91:f402%1995995932 - - [2017-07-06 15:56:53] "POST /login HTTP/1.1" 200 320 0.033987
Jul 06 15:56:53 witherspoon phosphor-gevent[1008]: ::8079:6d76:8e91:f402%1995995932 - - [2017-07-06 15:56:53] "GET /org/openbmc/control/flash/bios HTTP/1.1" 200 396 0.068193
Jul 06 15:57:03 witherspoon phosphor-gevent[1008]: ::8079:6d76:8e91:f402%1995995932 - - [2017-07-06 15:57:03] "POST /login HTTP/1.1" 200 320 0.034006
Jul 06 15:57:03 witherspoon phosphor-gevent[1008]: ::8079:6d76:8e91:f402%1995995932 - - [2017-07-06 15:57:03] "GET /org/openbmc/control/flash/bios HTTP/1.1" 200 396 0.068264
Jul 06 15:57:13 witherspoon phosphor-gevent[1008]: ::8079:6d76:8e91:f402%1995995932 - - [2017-07-06 15:57:13] "POST /login HTTP/1.1" 200 320 0.040649
Jul 06 15:57:15 witherspoon phosphor-gevent[1008]: ::8079:6d76:8e91:f402%1995995932 - - [2017-07-06 15:57:15] "GET /org/openbmc/control/flash/bios HTTP/1.1" 200 401 1.229121
Jul 06 15:57:25 witherspoon phosphor-gevent[1008]: ::8079:6d76:8e91:f402%1995995932 - - [2017-07-06 15:57:25] "POST /login HTTP/1.1" 200 320 0.034833
Jul 06 15:57:25 witherspoon phosphor-gevent[1008]: ::8079:6d76:8e91:f402%1995995932 - - [2017-07-06 15:57:25] "GET /org/openbmc/control/flash/bios HTTP/1.1" 200 401 0.077554
Jul 06 15:57:35 witherspoon phosphor-gevent[1008]: ::8079:6d76:8e91:f402%1995995932 - - [2017-07-06 15:57:35] "POST /login HTTP/1.1" 200 320 0.034239
Jul 06 15:57:36 witherspoon phosphor-gevent[1008]: ::8079:6d76:8e91:f402%1995995932 - - [2017-07-06 15:57:36] "GET /org/openbmc/control/flash/bios HTTP/1.1" 200 401 0.616348
Jul 06 15:57:47 witherspoon phosphor-gevent[1008]: ::8079:6d76:8e91:f402%1995995932 - - [2017-07-06 15:57:47] "POST /login HTTP/1.1" 200 320 0.034373
Jul 06 15:57:47 witherspoon phosphor-gevent[1008]: ::8079:6d76:8e91:f402%1995995932 - - [2017-07-06 15:57:47] "GET /org/openbmc/control/flash/bios HTTP/1.1" 200 401 0.068410
Jul 06 15:57:57 witherspoon phosphor-gevent[1008]: ::8079:6d76:8e91:f402%1995995932 - - [2017-07-06 15:57:57] "POST /login HTTP/1.1" 200 320 0.033928
Jul 06 15:57:57 witherspoon phosphor-gevent[1008]: ::8079:6d76:8e91:f402%1995995932 - - [2017-07-06 15:57:57] "GET /org/openbmc/control/flash/bios HTTP/1.1" 200 401 0.071049
Jul 06 15:58:02 witherspoon flash_bios.exe[1021]: Erasing... (may take a while !) done !
Jul 06 15:58:02 witherspoon flash_bios.exe[1021]: About to program "/tmp/witherspoon_20170628n.pnor" at 0x00000000..0x04000000 !
Jul 06 15:58:02 witherspoon flash_bios.exe[1021]: Programming & Verifying...
Jul 06 15:58:02 witherspoon flash_bios.exe[1021]: Flash done
Jul 06 15:58:07 witherspoon phosphor-gevent[1008]: ::8079:6d76:8e91:f402%1995995932 - - [2017-07-06 15:58:07] "POST /login HTTP/1.1" 200 320 0.041392
Jul 06 15:58:08 witherspoon systemd[1]: Started SSH Per-Connection Server (9.41.165.94:35328).
Jul 06 15:58:08 witherspoon phosphor-gevent[1008]: ::8079:6d76:8e91:f402%1995995932 - - [2017-07-06 15:58:07] "GET /org/openbmc/control/flash/bios HTTP/1.1" 200 398 0.141844
Jul 06 15:58:08 witherspoon dropbear[1127]: Failed loading /etc/dropbear/dropbear_dss_host_key
Jul 06 15:58:08 witherspoon dropbear[1127]: Failed loading /etc/dropbear/dropbear_ecdsa_host_key
Jul 06 15:58:08 witherspoon dropbear[1127]: Child connection from ::ffff:9.41.165.94:35328
Jul 06 15:58:08 witherspoon dropbear[1127]: PAM password auth succeeded for 'root' from ::ffff:9.41.165.94:35328
Jul 06 15:58:08 witherspoon dropbear[1128]: lastlog_perform_login: Couldn't stat /var/log/lastlog: No such file or directory
Jul 06 15:58:08 witherspoon dropbear[1128]: lastlog_openseek: /var/log/lastlog is not a file or directory!
Jul 06 15:58:09 witherspoon phosphor-gevent[1008]: ::8079:6d76:8e91:f402%1995995932 - - [2017-07-06 15:58:09] "POST /login HTTP/1.1" 200 320 0.034497
Jul 06 15:58:10 witherspoon phosphor-gevent[1008]: ::8079:6d76:8e91:f402%1995995932 - - [2017-07-06 15:58:10] "GET /xyz/openbmc_project/state/host0//attr/CurrentHostState HTTP/1.1" 200 212 0.066793
Jul 06 15:58:10 witherspoon systemd[1]: Created slice system-obmc\x2dconsole\x2dssh.slice.
Jul 06 15:58:10 witherspoon systemd[1]: Started Phosphor Host Console SSH Per-Connection (9.41.165.94:52114).
Jul 06 15:58:10 witherspoon dropbear[1132]: Failed loading /etc/dropbear/dropbear_dss_host_key
Jul 06 15:58:10 witherspoon dropbear[1132]: Failed loading /etc/dropbear/dropbear_ecdsa_host_key
Jul 06 15:58:10 witherspoon dropbear[1132]: Child connection from ::ffff:9.41.165.94:52114
Jul 06 15:58:11 witherspoon phosphor-gevent[1008]: ::8079:6d76:8e91:f402%1995995932 - - [2017-07-06 15:58:11] "POST /login HTTP/1.1" 200 320 0.033658
Jul 06 15:58:11 witherspoon dropbear[1132]: PAM password auth succeeded for 'root' from ::ffff:9.41.165.94:52114
Jul 06 15:58:11 witherspoon dropbear[1133]: lastlog_perform_login: Couldn't stat /var/log/lastlog: No such file or directory
Jul 06 15:58:11 witherspoon dropbear[1133]: lastlog_openseek: /var/log/lastlog is not a file or directory!
Jul 06 15:58:11 witherspoon phosphor-gevent[1008]: ::8079:6d76:8e91:f402%1995995932 - - [2017-07-06 15:58:11] "PUT /org/openbmc/settings/host0/attr/power_policy HTTP/1.1" 200 169 0.322336
Jul 06 15:58:11 witherspoon phosphor-gevent[1008]: ::8079:6d76:8e91:f402%1995995932 - - [2017-07-06 15:58:11] "POST /login HTTP/1.1" 200 320 0.034538
Jul 06 15:58:11 witherspoon phosphor-gevent[1008]: ::8079:6d76:8e91:f402%1995995932 - - [2017-07-06 15:58:11] "GET /org/openbmc/settings/host0/attr/power_policy HTTP/1.1" 200 185 0.089687
Jul 06 15:58:11 witherspoon systemd[1]: Started SSH Per-Connection Server (9.41.165.94:35338).
Jul 06 15:58:11 witherspoon dropbear[1134]: Failed loading /etc/dropbear/dropbear_dss_host_key
Jul 06 15:58:11 witherspoon dropbear[1134]: Failed loading /etc/dropbear/dropbear_ecdsa_host_key
Jul 06 15:58:11 witherspoon dropbear[1134]: Child connection from ::ffff:9.41.165.94:35338
Jul 06 15:58:12 witherspoon dropbear[1134]: PAM password auth succeeded for 'root' from ::ffff:9.41.165.94:35338
Jul 06 15:58:12 witherspoon dropbear[1135]: lastlog_perform_login: Couldn't stat /var/log/lastlog: No such file or directory
Jul 06 15:58:12 witherspoon dropbear[1135]: lastlog_openseek: /var/log/lastlog is not a file or directory!
Jul 06 15:58:13 witherspoon phosphor-gevent[1008]: ::8079:6d76:8e91:f402%1995995932 - - [2017-07-06 15:58:13] "POST /login HTTP/1.1" 200 320 0.034829
Jul 06 15:58:13 witherspoon phosphor-gevent[1008]: ::8079:6d76:8e91:f402%1995995932 - - [2017-07-06 15:58:13] "GET /xyz/openbmc_project/state/chassis0//attr/CurrentPowerState HTTP/1.1" 200 216 0.050476
Jul 06 15:58:14 witherspoon phosphor-gevent[1008]: ::8079:6d76:8e91:f402%1995995932 - - [2017-07-06 15:58:14] "POST /login HTTP/1.1" 200 320 0.040882
Jul 06 15:58:14 witherspoon phosphor-gevent[1008]: ::8079:6d76:8e91:f402%1995995932 - - [2017-07-06 15:58:14] "GET /xyz/openbmc_project/state/bmc0//attr/CurrentBMCState HTTP/1.1" 200 212 0.050554
Jul 06 15:58:14 witherspoon phosphor-gevent[1008]: ::8079:6d76:8e91:f402%1995995932 - - [2017-07-06 15:58:14] "POST /login HTTP/1.1" 200 320 0.034586
Jul 06 15:58:14 witherspoon phosphor-gevent[1008]: ::8079:6d76:8e91:f402%1995995932 - - [2017-07-06 15:58:14] "GET /org/openbmc/sensors/host/BootProgress/attr/value HTTP/1.1" 200 170 0.055489
Jul 06 15:58:14 witherspoon phosphor-gevent[1008]: ::8079:6d76:8e91:f402%1995995932 - - [2017-07-06 15:58:14] "POST /login HTTP/1.1" 200 320 0.054227
Jul 06 15:58:14 witherspoon phosphor-gevent[1008]: ::8079:6d76:8e91:f402%1995995932 - - [2017-07-06 15:58:14] "GET /xyz/openbmc_project/state/host0//attr/CurrentHostState HTTP/1.1" 200 212 0.135129
Jul 06 15:58:15 witherspoon phosphor-gevent[1008]: ::8079:6d76:8e91:f402%1995995932 - - [2017-07-06 15:58:15] "POST /login HTTP/1.1" 200 320 0.034473
Jul 06 15:58:15 witherspoon phosphor-host-state-manager[1054]: Host State transaction request
Jul 06 15:58:15 witherspoon phosphor-gevent[1008]: ::8079:6d76:8e91:f402%1995995932 - - [2017-07-06 15:58:15] "PUT /xyz/openbmc_project/state/host0//attr/RequestedHostTransition HTTP/1.1" 200 169 0.179357
Jul 06 15:58:15 witherspoon systemd[1]: Created slice system-pcie\x2dslot\x2ddetect.slice.
Jul 06 15:58:15 witherspoon systemd[1]: Created slice system-vcs_off.slice.
Jul 06 15:58:15 witherspoon systemd[1]: Starting Wait for /xyz/openbmc_project/led/groups/power_on...
Jul 06 15:58:15 witherspoon systemd[1]: Starting Wait for /org/openbmc/control/chassis0...
Jul 06 15:58:15 witherspoon systemd[1]: Created slice system-mapper\x2dsubtree\x2dremove.slice.
Jul 06 15:58:15 witherspoon systemd[1]: Created slice system-vcs_workaround.slice.
Jul 06 15:58:15 witherspoon systemd[1]: Created slice system-fsi\x2dscan.slice.
Jul 06 15:58:15 witherspoon systemd[1]: Created slice system-cfam_override.slice.
Jul 06 15:58:15 witherspoon systemd[1]: Created slice system-phosphor\x2dwatchdog.slice.
Jul 06 15:58:15 witherspoon systemd[1]: Created slice system-phosphor\x2dfan\x2dpresence\x2dtach.slice.
Jul 06 15:58:15 witherspoon systemd[1]: Created slice system-vrm\x2dcontrol.slice.
Jul 06 15:58:17 witherspoon phosphor-gevent[1008]: ::8079:6d76:8e91:f402%1995995932 - - [2017-07-06 15:58:16] "POST /login HTTP/1.1" 200 320 0.323924
Jul 06 15:58:15 witherspoon systemd[1]: Created slice system-phosphor\x2dfan\x2dcontrol\x2dinit.slice.
Jul 06 15:58:15 witherspoon systemd[1]: Created slice system-avsbus\x2denable.slice.
Jul 06 15:58:15 witherspoon systemd[1]: Starting mapper subtree-remove /xyz/openbmc_project/software:xyz.openbmc_project.Software.ActivationBlocksTransition...
Jul 06 15:58:15 witherspoon systemd[1]: Created slice system-avsbus\x2dworkaround.slice.
Jul 06 15:58:15 witherspoon systemd[1]: Created slice system-avsbus\x2ddisable.slice.
Jul 06 15:58:15 witherspoon systemd[1]: Created slice system-op\x2dwait\x2dpower\x2don.slice.
Jul 06 15:58:15 witherspoon systemd[1]: Created slice system-vcs_on.slice.
Jul 06 15:58:15 witherspoon systemd[1]: Created slice system-ir35221\x2don\x2dunbind.slice.
Jul 06 15:58:15 witherspoon systemd[1]: Created slice system-fsi\x2dbind.slice.
Jul 06 15:58:15 witherspoon systemd[1]: Created slice system-ucd_disable_vcs.slice.
Jul 06 15:58:15 witherspoon systemd[1]: Starting Disable UCD VCS rails...
Jul 06 15:58:17 witherspoon hwmon.py[1024]: Removing: /sys/class/hwmon/hwmon4/
Jul 06 15:58:17 witherspoon hwmon.py[1024]: Removing: /sys/class/hwmon/hwmon5/
Jul 06 15:58:17 witherspoon hwmon.py[1024]: Removing: /sys/class/hwmon/hwmon8/
Jul 06 15:58:17 witherspoon hwmon.py[1024]: Removing: /sys/class/hwmon/hwmon6/
Jul 06 15:58:17 witherspoon hwmon.py[1024]: Removing: /sys/class/hwmon/hwmon7/
Jul 06 15:58:15 witherspoon systemd[1]: Created slice system-op\x2dpower\x2dstart.slice.
Jul 06 15:58:15 witherspoon systemd[1]: Started Phosphor poweron watchdog.
Jul 06 15:58:15 witherspoon systemd[1]: Starting power on mode unbind ir35221 device driver devs...
Jul 06 15:58:15 witherspoon systemd[1]: Created slice system-phosphor\x2dgpio\x2dmonitor.slice.
Jul 06 15:58:16 witherspoon systemd[1]: Started Phosphor GPIO checkstop monitor.
Jul 06 15:58:16 witherspoon systemd[1]: Reached target Start Host checkstop monitor.
Jul 06 15:58:16 witherspoon systemd[1]: Starting Witherspoon Fan Watchdog Reset...
Jul 06 15:58:16 witherspoon systemd[1]: Starting Wait for Power0 to turn on...
Jul 06 15:58:16 witherspoon systemd[1]: Created slice system-start_host.slice.
Jul 06 15:58:16 witherspoon systemd[1]: Created slice system-ir35221\x2don\x2dbind.slice.
Jul 06 15:58:17 witherspoon systemd[1]: Started Wait for /org/openbmc/control/chassis0.
Jul 06 15:58:17 witherspoon systemd[1]: Started mapper subtree-remove /xyz/openbmc_project/software:xyz.openbmc_project.Software.ActivationBlocksTransition.
Jul 06 15:58:17 witherspoon systemd[1]: Started power on mode unbind ir35221 device driver devs.
Jul 06 15:58:17 witherspoon systemd[1]: Started Witherspoon Fan Watchdog Reset.
Jul 06 15:58:18 witherspoon systemd[1]: xyz.openbmc_project.Hwmon@ahb-apb-i2c\x401e78a000-i2c\x2dbus\x40400-ucd90160\x4064.service: Unit not needed anymore. Stopping.
Jul 06 15:58:18 witherspoon systemd[1]: xyz.openbmc_project.Hwmon@ahb-apb-i2c\x401e78a000-i2c\x2dbus\x40180-ir35221\x4071.service: Service hold-off time over, scheduling restart.
Jul 06 15:58:18 witherspoon systemd[1]: xyz.openbmc_project.Hwmon@ahb-apb-i2c\x401e78a000-i2c\x2dbus\x40140-ir35221\x4071.service: Service hold-off time over, scheduling restart.
Jul 06 15:58:18 witherspoon kernel: ucd9000 11-0064: Device ID UCD90160|2.3.4.0000|110603
Jul 06 15:58:18 witherspoon kernel[928]: [  371.350000] ucd9000 11-0064: Device ID UCD90160|2.3.4.0000|110603
Jul 06 15:58:18 witherspoon systemd[1]: Started Wait for /xyz/openbmc_project/led/groups/power_on.
