-- Logs begin at Thu 2017-08-03 19:52:51 UTC, end at Thu 2017-08-03 20:14:08 UTC. --
Aug 03 19:52:51 witherspoon kernel: Booting Linux on physical CPU 0x0
Aug 03 19:52:51 witherspoon kernel: Linux version 4.10.17-03afe5775baf06c3037d62cc2a15628079af38c9 (jenkins@openbmc-builder1) (gcc version 6.2.0 (GCC) ) #1 Thu Aug 3 19:36:59 UTC 2017
Aug 03 19:52:51 witherspoon kernel: CPU: ARMv6-compatible processor [410fb767] revision 7 (ARMv7), cr=00c5387d
Aug 03 19:52:51 witherspoon kernel: CPU: PIPT / VIPT nonaliasing data cache, VIPT nonaliasing instruction cache
Aug 03 19:52:51 witherspoon kernel: OF: fdt:Machine model: Witherspoon BMC
Aug 03 19:52:51 witherspoon kernel: Memory policy: Data cache writeback
Aug 03 19:52:51 witherspoon kernel: SOC Rev: 04030303
Aug 03 19:52:51 witherspoon kernel: On node 0 totalpages: 110592
Aug 03 19:52:51 witherspoon kernel: free_area_init_node: node 0, pgdat 805ff5f4, node_mem_map 9ec1a000
Aug 03 19:52:51 witherspoon kernel:   Normal zone: 992 pages used for memmap
Aug 03 19:52:51 witherspoon kernel:   Normal zone: 0 pages reserved
Aug 03 19:52:51 witherspoon kernel:   Normal zone: 110592 pages, LIFO batch:31
Aug 03 19:52:51 witherspoon kernel: pcpu-alloc: s0 r0 d32768 u32768 alloc=1*32768
Aug 03 19:52:51 witherspoon kernel: pcpu-alloc: [0] 0 
Aug 03 19:52:51 witherspoon kernel: Built 1 zonelists in Zone order, mobility grouping on.  Total pages: 109600
Aug 03 19:52:51 witherspoon kernel: Kernel command line: console=ttyS4,115200n8 root=/dev/ram rw
Aug 03 19:52:51 witherspoon kernel: PID hash table entries: 2048 (order: 1, 8192 bytes)
Aug 03 19:52:51 witherspoon kernel: Dentry cache hash table entries: 65536 (order: 6, 262144 bytes)
Aug 03 19:52:51 witherspoon kernel: Inode-cache hash table entries: 32768 (order: 5, 131072 bytes)
Aug 03 19:52:51 witherspoon kernel: Memory: 430436K/442368K available (4065K kernel code, 280K rwdata, 1192K rodata, 284K init, 111K bss, 11932K reserved, 0K cma-reserved)
Aug 03 19:52:51 witherspoon kernel: Virtual kernel memory layout:
                                        vector  : 0xffff0000 - 0xffff1000   (   4 kB)
                                        fixmap  : 0xffc00000 - 0xfff00000   (3072 kB)
                                        vmalloc : 0x9f800000 - 0xff800000   (1536 MB)
                                        lowmem  : 0x80000000 - 0x9f000000   ( 496 MB)
                                          .text : 0x80008000 - 0x80400940   (4067 kB)
                                          .init : 0x80585000 - 0x805cc000   ( 284 kB)
                                          .data : 0x805cc000 - 0x80612358   ( 281 kB)
                                           .bss : 0x80612358 - 0x8062e1f8   ( 112 kB)
Aug 03 19:52:51 witherspoon kernel: NR_IRQS:16 nr_irqs:16 16
Aug 03 19:52:51 witherspoon kernel: i2c controller registered, irq 16
Aug 03 19:52:51 witherspoon kernel: clocksource: moxart_timer: mask: 0xffffffff max_cycles: 0xffffffff, max_idle_ns: 77222644334 ns
Aug 03 19:52:51 witherspoon kernel: sched_clock: 32 bits at 100 Hz, resolution 10000000ns, wraps every 21474836475000000ns
Aug 03 19:52:51 witherspoon kernel: Calibrating delay loop... 789.70 BogoMIPS (lpj=3948544)
Aug 03 19:52:51 witherspoon kernel: pid_max: default: 32768 minimum: 301
Aug 03 19:52:51 witherspoon kernel: Mount-cache hash table entries: 1024 (order: 0, 4096 bytes)
Aug 03 19:52:51 witherspoon kernel: Mountpoint-cache hash table entries: 1024 (order: 0, 4096 bytes)
Aug 03 19:52:51 witherspoon kernel: CPU: Testing write buffer coherency: ok
Aug 03 19:52:51 witherspoon kernel: ftrace: allocating 14934 entries in 44 pages
Aug 03 19:52:51 witherspoon kernel: Setting up static identity map for 0x80008200 - 0x8000825c
Aug 03 19:52:51 witherspoon kernel: devtmpfs: initialized
Aug 03 19:52:51 witherspoon kernel: clocksource: jiffies: mask: 0xffffffff max_cycles: 0xffffffff, max_idle_ns: 19112604462750000 ns
Aug 03 19:52:51 witherspoon kernel: futex hash table entries: 256 (order: -1, 3072 bytes)
Aug 03 19:52:51 witherspoon kernel: pinctrl core: initialized pinctrl subsystem
Aug 03 19:52:51 witherspoon kernel: NET: Registered protocol family 16
Aug 03 19:52:51 witherspoon kernel: DMA: preallocated 256 KiB pool for atomic coherent allocations
Aug 03 19:52:51 witherspoon kernel: usbcore: registered new interface driver usbfs
Aug 03 19:52:51 witherspoon kernel: usbcore: registered new interface driver hub
Aug 03 19:52:51 witherspoon kernel: usbcore: registered new device driver usb
Aug 03 19:52:51 witherspoon kernel: clocksource: Switched to clocksource moxart_timer
Aug 03 19:52:51 witherspoon kernel: NET: Registered protocol family 2
Aug 03 19:52:51 witherspoon kernel: TCP established hash table entries: 4096 (order: 2, 16384 bytes)
Aug 03 19:52:51 witherspoon kernel: TCP bind hash table entries: 4096 (order: 2, 16384 bytes)
Aug 03 19:52:51 witherspoon kernel: TCP: Hash tables configured (established 4096 bind 4096)
Aug 03 19:52:51 witherspoon kernel: UDP hash table entries: 256 (order: 0, 4096 bytes)
Aug 03 19:52:51 witherspoon kernel: UDP-Lite hash table entries: 256 (order: 0, 4096 bytes)
Aug 03 19:52:51 witherspoon kernel: NET: Registered protocol family 1
Aug 03 19:52:51 witherspoon kernel: Trying to unpack rootfs image as initramfs...
Aug 03 19:52:51 witherspoon kernel: Freeing initrd memory: 1548K
Aug 03 19:52:51 witherspoon kernel: workingset: timestamp_bits=30 max_order=17 bucket_order=0
Aug 03 19:52:51 witherspoon kernel: squashfs: version 4.0 (2009/01/31) Phillip Lougher
Aug 03 19:52:51 witherspoon kernel: jffs2: version 2.2. (SUMMARY)  © 2001-2006 Red Hat, Inc.
Aug 03 19:52:51 witherspoon kernel: Block layer SCSI generic (bsg) driver version 0.4 loaded (major 250)
Aug 03 19:52:51 witherspoon kernel: io scheduler noop registered
Aug 03 19:52:51 witherspoon kernel: io scheduler deadline registered
Aug 03 19:52:51 witherspoon kernel: io scheduler cfq registered (default)
Aug 03 19:52:51 witherspoon kernel: ipmi-bt-host 1e789140.ibt: Found bt bmc device
Aug 03 19:52:51 witherspoon kernel: ipmi-bt-host 1e789140.ibt: Using IRQ 22
Aug 03 19:52:51 witherspoon kernel: Serial: 8250/16550 driver, 6 ports, IRQ sharing enabled
Aug 03 19:52:51 witherspoon kernel: 1e787000.vuart: ttyS0 at MMIO 0x1e787000 (irq = 22, base_baud = 1500000) is a 16550A
Aug 03 19:52:51 witherspoon kernel: 1e783000.serial: ttyS1 at MMIO 0x1e783000 (irq = 23, base_baud = 1500000) is a 16550A
Aug 03 19:52:51 witherspoon kernel: 1e78d000.serial: ttyS2 at MMIO 0x1e78d000 (irq = 24, base_baud = 1500000) is a 16550A
Aug 03 19:52:51 witherspoon kernel: 1e784000.serial: ttyS4 at MMIO 0x1e784000 (irq = 25, base_baud = 1500000) is a 16550A
Aug 03 19:52:51 witherspoon kernel: console [ttyS4] enabled
Aug 03 19:52:51 witherspoon kernel: timeriomem_rng 1e6e2078.hwrng: 32bits from 0xf00e2078 @ 1us
Aug 03 19:52:51 witherspoon kernel: random: fast init done
Aug 03 19:52:51 witherspoon kernel: brd: module loaded
Aug 03 19:52:51 witherspoon kernel: random: crng init done
Aug 03 19:52:51 witherspoon kernel: loop: module loaded
Aug 03 19:52:51 witherspoon kernel: aspeed-lpc-ctrl 1e789080.lpc-ctrl: Loaded at 0x98000000 (0x04000000)
Aug 03 19:52:51 witherspoon kernel: aspeed-smc 1e620000.flash-controller: Using IRQ 18
Aug 03 19:52:51 witherspoon kernel: aspeed-smc 1e620000.flash-controller: DMA support disabled.
Aug 03 19:52:51 witherspoon kernel: aspeed-smc 1e620000.flash-controller: mx25l25635e (32768 Kbytes)
Aug 03 19:52:51 witherspoon kernel: aspeed-smc 1e620000.flash-controller: CE0 window [ 0x20000000 - 0x22000000 ] 32MB
Aug 03 19:52:51 witherspoon kernel: aspeed-smc 1e620000.flash-controller: CE1 window [ 0x22000000 - 0x2a000000 ] 128MB
Aug 03 19:52:51 witherspoon kernel: 5 ofpart partitions found on MTD device bmc
Aug 03 19:52:51 witherspoon kernel: Creating 5 MTD partitions on "bmc":
Aug 03 19:52:51 witherspoon kernel: 0x000000000000-0x000000060000 : "u-boot"
Aug 03 19:52:51 witherspoon kernel: 0x000000060000-0x000000080000 : "u-boot-env"
Aug 03 19:52:51 witherspoon kernel: 0x000000080000-0x0000004c0000 : "kernel"
Aug 03 19:52:51 witherspoon kernel: 0x0000004c0000-0x000001c00000 : "rofs"
Aug 03 19:52:51 witherspoon kernel: 0x000001c00000-0x000002000000 : "rwfs"
Aug 03 19:52:51 witherspoon kernel: aspeed-smc 1e620000.flash-controller: mx25l25635e (32768 Kbytes)
Aug 03 19:52:51 witherspoon kernel: aspeed-smc 1e620000.flash-controller: CE1 window [ 0x22000000 - 0x24000000 ] 32MB
Aug 03 19:52:51 witherspoon kernel: aspeed-smc 1e620000.flash-controller: CE2 window [ 0x24000000 - 0x2c000000 ] 128MB
Aug 03 19:52:51 witherspoon kernel: aspeed-smc 1e630000.flash-controller: mx66l1g45g (131072 Kbytes)
Aug 03 19:52:51 witherspoon kernel: aspeed-smc 1e630000.flash-controller: CE0 window resized to 120MB (AST2500 HW quirk)
Aug 03 19:52:51 witherspoon kernel: aspeed-smc 1e630000.flash-controller: CE0 window [ 0x30000000 - 0x37800000 ] 120MB
Aug 03 19:52:51 witherspoon kernel: aspeed-smc 1e630000.flash-controller: CE0 window too small for chip 128MB
Aug 03 19:52:51 witherspoon kernel: aspeed-smc 1e630000.flash-controller: CE1 window [ 0x37800000 - 0x38000000 ] 8MB
Aug 03 19:52:51 witherspoon kernel: libphy: Fixed MDIO Bus: probed
Aug 03 19:52:51 witherspoon kernel: ftgmac100 1e660000.ethernet: Read MAC address 70:e2:84:14:23:e1 from chip
Aug 03 19:52:51 witherspoon kernel: ftgmac100 1e660000.ethernet: Using NCSI interface
Aug 03 19:52:51 witherspoon kernel: ftgmac100 1e660000.ethernet eth0: irq 20, mapped at f0060000
Aug 03 19:52:51 witherspoon kernel: ehci_hcd: USB 2.0 'Enhanced' Host Controller (EHCI) Driver
Aug 03 19:52:51 witherspoon kernel: ehci-platform: EHCI generic platform driver
Aug 03 19:52:51 witherspoon kernel:  fsi0: can't read slave 00:00 -5
Aug 03 19:52:51 witherspoon kernel: i2c /dev entries driver
Aug 03 19:52:51 witherspoon kernel: aspeed-i2c-bus 1e78a0c0.i2c-bus: i2c bus 2 registered, irq 26
Aug 03 19:52:51 witherspoon kernel: aspeed-i2c-bus 1e78a100.i2c-bus: i2c bus 3 registered, irq 27
Aug 03 19:52:51 witherspoon kernel: aspeed-i2c-bus 1e78a140.i2c-bus: i2c bus 4 registered, irq 28
Aug 03 19:52:51 witherspoon kernel: aspeed-i2c-bus 1e78a180.i2c-bus: i2c bus 5 registered, irq 29
Aug 03 19:52:51 witherspoon kernel: aspeed-i2c-bus 1e78a380.i2c-bus: i2c bus 9 registered, irq 30
Aug 03 19:52:51 witherspoon kernel: aspeed-i2c-bus 1e78a3c0.i2c-bus: i2c bus 10 registered, irq 31
Aug 03 19:52:51 witherspoon kernel: rtc-rv8803 11-0032: Voltage low, temperature compensation stopped.
Aug 03 19:52:51 witherspoon kernel: rtc-rv8803 11-0032: An alarm maybe have been missed.
Aug 03 19:52:51 witherspoon kernel: rtc-rv8803 11-0032: rtc core: registered rx8900 as rtc0
Aug 03 19:52:51 witherspoon kernel: at24 11-0051: 8192 byte 24c64 EEPROM, writable, 1 bytes/write
Aug 03 19:52:51 witherspoon kernel: aspeed-i2c-bus 1e78a400.i2c-bus: i2c bus 11 registered, irq 32
Aug 03 19:52:51 witherspoon kernel: aspeed-i2c-bus 1e78a440.i2c-bus: i2c bus 12 registered, irq 33
Aug 03 19:52:51 witherspoon kernel: aspeed-i2c-bus 1e78a480.i2c-bus: i2c bus 13 registered, irq 34
Aug 03 19:52:51 witherspoon kernel: Driver for 1-wire Dallas network protocol.
Aug 03 19:52:51 witherspoon kernel: lm75 9-004a: hwmon0: sensor 'tmp275'
Aug 03 19:52:51 witherspoon kernel: ucd9000 11-0064: Device ID UCD90160|2.3.4.0000|110603
Aug 03 19:52:51 witherspoon kernel: leds-pca955x 3-0060: leds-pca955x: Using pca9552 16-bit LED driver at slave address 0x60
Aug 03 19:52:51 witherspoon kernel: leds-pca955x 11-0060: leds-pca955x: Using pca9552 16-bit LED driver at slave address 0x60
Aug 03 19:52:51 witherspoon kernel: leds-pca955x 11-0060: gpios 264...279
Aug 03 19:52:51 witherspoon kernel: usbcore: registered new interface driver usbhid
Aug 03 19:52:51 witherspoon kernel: usbhid: USB HID core driver
Aug 03 19:52:51 witherspoon kernel: NET: Registered protocol family 10
Aug 03 19:52:51 witherspoon kernel: Segment Routing with IPv6
Aug 03 19:52:51 witherspoon kernel: NET: Registered protocol family 17
Aug 03 19:52:51 witherspoon kernel: 8021q: 802.1Q VLAN Support v1.8
Aug 03 19:52:51 witherspoon kernel: console [netcon0] enabled
Aug 03 19:52:51 witherspoon kernel: netconsole: network logging started
Aug 03 19:52:51 witherspoon kernel: input: gpio-keys as /devices/platform/gpio-keys/input/input0
Aug 03 19:52:51 witherspoon kernel: rtc-rv8803 11-0032: setting system clock to 2017-08-03 19:52:42 UTC (1501789962)
Aug 03 19:52:51 witherspoon kernel: Freeing unused kernel memory: 284K
Aug 03 19:52:51 witherspoon kernel: This architecture does not have kernel memory protection.
Aug 03 19:52:51 witherspoon kernel: jffs2: notice: (526) jffs2_build_xattr_subsystem: complete building xattr subsystem, 0 of xdatum (0 unchecked, 0 orphan) and 0 of xref (0 dead, 0 orphan) found.
Aug 03 19:52:51 witherspoon systemd[1]: Failed to insert module 'autofs4': No such file or directory
Aug 03 19:52:51 witherspoon systemd[1]: systemd 232 running in system mode. (+PAM -AUDIT -SELINUX -IMA -APPARMOR -SMACK +SYSVINIT -UTMP -LIBCRYPTSETUP -GCRYPT -GNUTLS +ACL +XZ -LZ4 -SECCOMP +BLKID -ELFUTILS +KMOD -IDN)
Aug 03 19:52:51 witherspoon systemd[1]: Detected architecture arm.
Aug 03 19:52:51 witherspoon systemd[1]: Set hostname to <witherspoon>.
Aug 03 19:52:51 witherspoon systemd[1]: Listening on Journal Socket.
Aug 03 19:52:51 witherspoon systemd[1]: Listening on Journal Socket (/dev/log).
Aug 03 19:52:51 witherspoon systemd[1]: Created slice System Slice.
Aug 03 19:52:51 witherspoon systemd[1]: Created slice system-op\x2dreset\x2dchassis\x2don.slice.
Aug 03 19:52:51 witherspoon systemd[1]: Created slice system-mapper\x2dwait.slice.
Aug 03 19:52:51 witherspoon systemd[1]: Created slice system-phosphor\x2dgpio\x2dpresence.slice.
Aug 03 19:52:51 witherspoon systemd[1]: Created slice system-phosphor\x2dcooling\x2dtype.slice.
Aug 03 19:52:51 witherspoon systemd[1]: Starting Remount Root and Kernel File Systems...
Aug 03 19:52:51 witherspoon systemd-journald[653]: Journal started
Aug 03 19:52:51 witherspoon systemd-journald[653]: Runtime journal (/run/log/journal/cc6e1404d87444e8a089dfdb00a18f7d) is 0B, max 0B, 0B free.
Aug 03 19:52:51 witherspoon systemd-sysctl[548]: Couldn't write '16' to 'kernel/sysrq', ignoring: No such file or directory
Aug 03 19:52:51 witherspoon systemd-sysctl[548]: Couldn't write 'fq_codel' to 'net/core/default_qdisc', ignoring: No such file or directory
Aug 03 19:52:52 witherspoon systemd[1]: Created slice system-phosphor\x2ddiscover\x2dsystem\x2dstate.slice.
Aug 03 19:52:52 witherspoon systemd[1]: Listening on /dev/initctl Compatibility Named Pipe.
Aug 03 19:52:52 witherspoon systemd[1]: Created slice system-obmc\x2dled\x2dgroup\x2dstart.slice.
Aug 03 19:52:53 witherspoon systemd[1]: Created slice system-obmc\x2dconsole.slice.
Aug 03 19:52:53 witherspoon systemd[1]: Created slice system-org.openbmc.buttons.reset.slice.
Aug 03 19:52:53 witherspoon systemd[1]: Created slice system-org.openbmc.buttons.Power.slice.
Aug 03 19:52:53 witherspoon systemd[1]: Reached target Slices.
Aug 03 19:52:54 witherspoon systemd[1]: Created slice system-getty.slice.
Aug 03 19:52:54 witherspoon systemd[1]: Created slice system-serial\x2dgetty.slice.
Aug 03 19:52:55 witherspoon systemd[1]: Started Apply Kernel Variables.
Aug 03 19:52:55 witherspoon systemd[1]: Started Remount Root and Kernel File Systems.
Aug 03 19:52:56 witherspoon systemd[1]: Starting Create System Users...
Aug 03 19:52:56 witherspoon systemd[1]: Starting Flush Journal to Persistent Storage...
Aug 03 19:52:56 witherspoon systemd[1]: Started udev Coldplug all Devices.
Aug 03 19:52:57 witherspoon systemd-journald[653]: Runtime journal (/run/log/journal/cc6e1404d87444e8a089dfdb00a18f7d) is 0B, max 0B, 0B free.
Aug 03 19:52:57 witherspoon systemd[1]: Started Flush Journal to Persistent Storage.
Aug 03 19:52:57 witherspoon systemd[1]: Started Create System Users.
Aug 03 19:52:57 witherspoon systemd[1]: Starting Create Static Device Nodes in /dev...
Aug 03 19:52:57 witherspoon systemd[1]: Started Create Static Device Nodes in /dev.
Aug 03 19:52:57 witherspoon systemd[1]: Reached target Local File Systems (Pre).
Aug 03 19:52:57 witherspoon systemd[1]: Mounting /var/volatile...
Aug 03 19:52:57 witherspoon systemd[1]: Starting udev Kernel Device Manager...
Aug 03 19:52:57 witherspoon systemd[1]: Mounted /var/volatile.
Aug 03 19:52:57 witherspoon systemd[1]: Reached target Local File Systems.
Aug 03 19:52:57 witherspoon systemd[1]: Starting Create Volatile Files and Directories...
Aug 03 19:52:57 witherspoon systemd[1]: Starting Rebuild Journal Catalog...
Aug 03 19:52:57 witherspoon systemd[1]: Starting Load/Save Random Seed...
Aug 03 19:52:57 witherspoon systemd[1]: Started Load/Save Random Seed.
Aug 03 19:52:58 witherspoon systemd[1]: Started Rebuild Journal Catalog.
Aug 03 19:52:58 witherspoon systemd[1]: Starting Update is Completed...
Aug 03 19:52:58 witherspoon systemd-tmpfiles[897]: "/var/tmp" already exists and is not a directory.
Aug 03 19:52:58 witherspoon systemd-tmpfiles[897]: "/var/log" already exists and is not a directory.
Aug 03 19:52:58 witherspoon systemd[1]: Started Create Volatile Files and Directories.
Aug 03 19:52:58 witherspoon systemd[1]: Started Update is Completed.
Aug 03 19:52:58 witherspoon systemd[1]: Starting Network Time Synchronization...
Aug 03 19:52:58 witherspoon systemd[1]: Starting Run pending postinsts...
Aug 03 19:52:58 witherspoon systemd[1]: Started udev Kernel Device Manager.
Aug 03 19:52:59 witherspoon systemd[1]: Started Network Time Synchronization.
Aug 03 19:52:59 witherspoon systemd[1]: Reached target System Time Synchronized.
Aug 03 19:52:59 witherspoon run-postinsts[906]: Running postinst /etc/rpm-postinsts/libglib-2.0-0...
Aug 03 19:53:00 witherspoon systemd[1]: Found device /dev/aspeed-lpc-ctrl.
Aug 03 19:53:00 witherspoon systemd[1]: Found device /dev/aspeed-mbox.
Aug 03 19:53:00 witherspoon systemd[1]: Found device /dev/ttyS4.
Aug 03 19:53:00 witherspoon systemd[1]: Found device /dev/ttyVUART0.
Aug 03 19:53:01 witherspoon systemd[1]: Created slice system-xyz.openbmc_project.led.controller.slice.
Aug 03 19:53:01 witherspoon systemd[1]: Created slice system-xyz.openbmc_project.Hwmon.slice.
Aug 03 19:53:01 witherspoon systemd[1]: dev-hugepages.mount: Couldn't determine result for ConditionVirtualization=!private-users, assuming failed: No such file or directory
Aug 03 19:53:02 witherspoon run-postinsts[906]: rm: can't remove '/etc/rpm-postinsts': Invalid argument
Aug 03 19:53:02 witherspoon run-postinsts[906]:  Removing any system startup links for run-postinsts ...
Aug 03 19:53:03 witherspoon systemctl[936]: Removed /etc/systemd/system/sysinit.target.wants/run-postinsts.service.
Aug 03 19:53:03 witherspoon systemd[1]: Reloading.
Aug 03 19:53:05 witherspoon systemd[1]: Started Run pending postinsts.
Aug 03 19:53:05 witherspoon systemd[1]: dev-hugepages.mount: Couldn't determine result for ConditionVirtualization=!private-users, assuming failed: No such file or directory
Aug 03 19:53:05 witherspoon systemd[1]: Reached target System Initialization.
Aug 03 19:53:05 witherspoon systemd[1]: Listening on Phosphor DBUS Browser socket.
Aug 03 19:53:05 witherspoon systemd[1]: Listening on Phosphor Host Console SSH Per-Connection socket.
Aug 03 19:53:05 witherspoon systemd[1]: Started Daily Cleanup of Temporary Directories.
Aug 03 19:53:06 witherspoon systemd[1]: Reached target Timers.
Aug 03 19:53:06 witherspoon systemd[1]: Listening on D-Bus System Message Bus Socket.
Aug 03 19:53:06 witherspoon systemd[1]: Listening on phosphor-ipmi-net.socket.
Aug 03 19:53:06 witherspoon systemd[1]: Listening on Phosphor Webserver socket.
Aug 03 19:53:06 witherspoon systemd[1]: Listening on Avahi mDNS/DNS-SD Stack Activation Socket.
Aug 03 19:53:06 witherspoon systemd[1]: Listening on dropbear.socket.
Aug 03 19:53:06 witherspoon systemd[1]: Reached target Sockets.
Aug 03 19:53:06 witherspoon systemd[1]: Reached target Basic System.
Aug 03 19:53:06 witherspoon systemd[1]: Starting Phosphor Download Manager...
Aug 03 19:53:06 witherspoon systemd[1]: Starting Phosphor Sensor Manager...
Aug 03 19:53:06 witherspoon systemd[1]: Started Phosphor sysfs LED controller.
Aug 03 19:53:06 witherspoon systemd[1]: Started Phosphor sysfs LED controller.
Aug 03 19:53:06 witherspoon systemd[1]: Started Phosphor sysfs LED controller.
Aug 03 19:53:06 witherspoon systemd[1]: Starting Remount the squashfs and ubi volumes after a reboot...
Aug 03 19:53:06 witherspoon systemd[1]: Starting Phosphor DBus Service Discovery Manager...
Aug 03 19:53:07 witherspoon systemd[1]: Starting Phosphor Settings Daemon...
Aug 03 19:53:07 witherspoon systemd[1]: Started Kernel Logging Service.
Aug 03 19:53:07 witherspoon systemd[1]: Starting Phosphor LED Group Management Daemon...
Aug 03 19:53:07 witherspoon systemd[1]: Started Phosphor sysfs LED controller.
Aug 03 19:53:07 witherspoon systemd[1]: Reached target Containers.
Aug 03 19:53:07 witherspoon systemd[1]: Started D-Bus System Message Bus.
Aug 03 19:53:07 witherspoon kernel: ubi7: default fastmap pool size: 100
Aug 03 19:53:07 witherspoon kernel: ubi7: default fastmap WL pool size: 50
Aug 03 19:53:07 witherspoon kernel: ubi7: attaching mtd7
Aug 03 19:53:07 witherspoon kernel: ubi7: scanning is finished
Aug 03 19:53:07 witherspoon kernel: ubi7 error: ubi_read_volume_table: the layout volume was not found
Aug 03 19:53:07 witherspoon kernel: ubi7 error: ubi_attach_mtd_dev: failed to attach mtd7, error -22
Aug 03 19:53:07 witherspoon obmc-flash-bios[952]: ubiattach: error!: cannot attach mtd7
Aug 03 19:53:07 witherspoon obmc-flash-bios[952]:            error 22 (Invalid argument)
Aug 03 19:53:08 witherspoon kernel[955]: klogd started: BusyBox v1.24.1 (2017-06-16 19:29:08 UTC)
Aug 03 19:53:08 witherspoon kernel[955]: [    0.000000] Booting Linux on physical CPU 0x0
Aug 03 19:53:08 witherspoon kernel[955]: [    0.000000] Linux version 4.10.17-03afe5775baf06c3037d62cc2a15628079af38c9 (jenkins@openbmc-builder1) (gcc version 6.2.0 (GCC) ) #1 Thu Aug 3 19:36:59 UTC 2017
Aug 03 19:53:08 witherspoon kernel[955]: [    0.000000] CPU: ARMv6-compatible processor [410fb767] revision 7 (ARMv7), cr=00c5387d
Aug 03 19:53:08 witherspoon kernel[955]: [    0.000000] CPU: PIPT / VIPT nonaliasing data cache, VIPT nonaliasing instruction cache
Aug 03 19:53:08 witherspoon kernel[955]: [    0.000000] OF: fdt:Machine model: Witherspoon BMC
Aug 03 19:53:08 witherspoon kernel[955]: [    0.000000] Memory policy: Data cache writeback
Aug 03 19:53:08 witherspoon kernel[955]: [    0.000000] SOC Rev: 04030303
Aug 03 19:53:08 witherspoon kernel[955]: [    0.000000] On node 0 totalpages: 110592
Aug 03 19:53:08 witherspoon kernel[955]: [    0.000000] free_area_init_node: node 0, pgdat 805ff5f4, node_mem_map 9ec1a000
Aug 03 19:53:08 witherspoon kernel[955]: [    0.000000]   Normal zone: 992 pages used for memmap
Aug 03 19:53:08 witherspoon kernel[955]: [    0.000000]   Normal zone: 0 pages reserved
Aug 03 19:53:08 witherspoon kernel[955]: [    0.000000]   Normal zone: 110592 pages, LIFO batch:31
Aug 03 19:53:08 witherspoon kernel[955]: [    0.000000] pcpu-alloc: s0 r0 d32768 u32768 alloc=1*32768
Aug 03 19:53:08 witherspoon kernel[955]: [    0.000000] pcpu-alloc: [0] 0
Aug 03 19:53:08 witherspoon kernel[955]: [    0.000000] Built 1 zonelists in Zone order, mobility grouping on.  Total pages: 109600
Aug 03 19:53:08 witherspoon kernel[955]: [    0.000000] Kernel command line: console=ttyS4,115200n8 root=/dev/ram rw
Aug 03 19:53:08 witherspoon kernel[955]: [    0.000000] PID hash table entries: 2048 (order: 1, 8192 bytes)
Aug 03 19:53:08 witherspoon kernel[955]: [    0.000000] Dentry cache hash table entries: 65536 (order: 6, 262144 bytes)
Aug 03 19:53:08 witherspoon kernel[955]: [    0.000000] Inode-cache hash table entries: 32768 (order: 5, 131072 bytes)
Aug 03 19:53:08 witherspoon kernel[955]: [    0.000000] Memory: 430436K/442368K available (4065K kernel code, 280K rwdata, 1192K rodata, 284K init, 111K bss, 11932K reserved, 0K cma-reserved)
Aug 03 19:53:08 witherspoon kernel[955]: [    0.000000] Virtual kernel memory layout:
Aug 03 19:53:08 witherspoon kernel[955]: [    0.000000]     vector  : 0xffff0000 - 0xffff1000   (   4 kB)
Aug 03 19:53:08 witherspoon kernel[955]: [    0.000000]     fixmap  : 0xffc00000 - 0xfff00000   (3072 kB)
Aug 03 19:53:08 witherspoon kernel[955]: [    0.000000]     vmalloc : 0x9f800000 - 0xff800000   (1536 MB)
Aug 03 19:53:08 witherspoon kernel[955]: [    0.000000]     lowmem  : 0x80000000 - 0x9f000000   ( 496 MB)
Aug 03 19:53:08 witherspoon kernel[955]: [    0.000000]       .text : 0x80008000 - 0x80400940   (4067 kB)
Aug 03 19:53:08 witherspoon kernel[955]: [    0.000000]       .init : 0x80585000 - 0x805cc000   ( 284 kB)
Aug 03 19:53:08 witherspoon kernel[955]: [    0.000000]       .data : 0x805cc000 - 0x80612358   ( 281 kB)
Aug 03 19:53:08 witherspoon kernel[955]: [    0.000000]        .bss : 0x80612358 - 0x8062e1f8   ( 112 kB)
Aug 03 19:53:08 witherspoon kernel[955]: [    0.000000] NR_IRQS:16 nr_irqs:16 16
Aug 03 19:53:08 witherspoon kernel[955]: [    0.000000] i2c controller registered, irq 16
Aug 03 19:53:08 witherspoon kernel[955]: [    0.000000] clocksource: moxart_timer: mask: 0xffffffff max_cycles: 0xffffffff, max_idle_ns: 77222644334 ns
Aug 03 19:53:08 witherspoon kernel[955]: [    0.000000] sched_clock: 32 bits at 100 Hz, resolution 10000000ns, wraps every 21474836475000000ns
Aug 03 19:53:08 witherspoon kernel[955]: [    0.090000] Calibrating delay loop... 789.70 BogoMIPS (lpj=3948544)
Aug 03 19:53:08 witherspoon kernel[955]: [    0.090000] pid_max: default: 32768 minimum: 301
Aug 03 19:53:08 witherspoon kernel[955]: [    0.090000] Mount-cache hash table entries: 1024 (order: 0, 4096 bytes)
Aug 03 19:53:08 witherspoon kernel[955]: [    0.090000] Mountpoint-cache hash table entries: 1024 (order: 0, 4096 bytes)
Aug 03 19:53:08 witherspoon kernel[955]: [    0.090000] CPU: Testing write buffer coherency: ok
Aug 03 19:53:08 witherspoon kernel[955]: [    0.090000] ftrace: allocating 14934 entries in 44 pages
Aug 03 19:53:08 witherspoon kernel[955]: [    0.120000] Setting up static identity map for 0x80008200 - 0x8000825c
Aug 03 19:53:08 witherspoon kernel[955]: [    0.120000] devtmpfs: initialized
Aug 03 19:53:08 witherspoon kernel[955]: [    0.150000] clocksource: jiffies: mask: 0xffffffff max_cycles: 0xffffffff, max_idle_ns: 19112604462750000 ns
Aug 03 19:53:08 witherspoon kernel[955]: [    0.150000] futex hash table entries: 256 (order: -1, 3072 bytes)
Aug 03 19:53:08 witherspoon kernel[955]: [    0.150000] pinctrl core: initialized pinctrl subsystem
Aug 03 19:53:08 witherspoon kernel[955]: [    0.150000] NET: Registered protocol family 16
Aug 03 19:53:08 witherspoon kernel[955]: [    0.150000] DMA: preallocated 256 KiB pool for atomic coherent allocations
Aug 03 19:53:08 witherspoon kernel[955]: [    0.220000] usbcore: registered new interface driver usbfs
Aug 03 19:53:08 witherspoon kernel[955]: [    0.220000] usbcore: registered new interface driver hub
Aug 03 19:53:08 witherspoon kernel[955]: [    0.220000] usbcore: registered new device driver usb
Aug 03 19:53:08 witherspoon kernel[955]: [    0.220000] clocksource: Switched to clocksource moxart_timer
Aug 03 19:53:08 witherspoon kernel[955]: [    0.230000] NET: Registered protocol family 2
Aug 03 19:53:08 witherspoon kernel[955]: [    0.230000] TCP established hash table entries: 4096 (order: 2, 16384 bytes)
Aug 03 19:53:08 witherspoon kernel[955]: [    0.230000] TCP bind hash table entries: 4096 (order: 2, 16384 bytes)
Aug 03 19:53:08 witherspoon kernel[955]: [    0.230000] TCP: Hash tables configured (established 4096 bind 4096)
Aug 03 19:53:08 witherspoon kernel[955]: [    0.230000] UDP hash table entries: 256 (order: 0, 4096 bytes)
Aug 03 19:53:08 witherspoon kernel[955]: [    0.230000] UDP-Lite hash table entries: 256 (order: 0, 4096 bytes)
Aug 03 19:53:08 witherspoon kernel[955]: [    0.230000] NET: Registered protocol family 1
Aug 03 19:53:08 witherspoon kernel[955]: [    0.240000] Trying to unpack rootfs image as initramfs...
Aug 03 19:53:08 witherspoon kernel[955]: [    1.910000] Freeing initrd memory: 1548K
Aug 03 19:53:08 witherspoon kernel[955]: [    1.910000] workingset: timestamp_bits=30 max_order=17 bucket_order=0
Aug 03 19:53:08 witherspoon kernel[955]: [    1.910000] squashfs: version 4.0 (2009/01/31) Phillip Lougher
Aug 03 19:53:08 witherspoon kernel[955]: [    1.910000] jffs2: version 2.2. (SUMMARY)  © 2001-2006 Red Hat, Inc.
Aug 03 19:53:08 witherspoon kernel[955]: [    1.910000] Block layer SCSI generic (bsg) driver version 0.4 loaded (major 250)
Aug 03 19:53:08 witherspoon kernel[955]: [    1.910000] io scheduler noop registered
Aug 03 19:53:08 witherspoon kernel[955]: [    1.910000] io scheduler deadline registered
Aug 03 19:53:08 witherspoon kernel[955]: [    1.910000] io scheduler cfq registered (default)
Aug 03 19:53:08 witherspoon kernel[955]: [    2.060000] ipmi-bt-host 1e789140.ibt: Found bt bmc device
Aug 03 19:53:08 witherspoon kernel[955]: [    2.060000] ipmi-bt-host 1e789140.ibt: Using IRQ 22
Aug 03 19:53:08 witherspoon kernel[955]: [    2.060000] Serial: 8250/16550 driver, 6 ports, IRQ sharing enabled
Aug 03 19:53:08 witherspoon kernel[955]: [    2.060000] 1e787000.vuart: ttyS0 at MMIO 0x1e787000 (irq = 22, base_baud = 1500000) is a 16550A
Aug 03 19:53:08 witherspoon kernel[955]: [    2.060000] 1e783000.serial: ttyS1 at MMIO 0x1e783000 (irq = 23, base_baud = 1500000) is a 16550A
Aug 03 19:53:08 witherspoon kernel[955]: [    2.060000] 1e78d000.serial: ttyS2 at MMIO 0x1e78d000 (irq = 24, base_baud = 1500000) is a 16550A
Aug 03 19:53:08 witherspoon kernel[955]: [    2.060000] 1e784000.serial: ttyS4 at MMIO 0x1e784000 (irq = 25, base_baud = 1500000) is a 16550A
Aug 03 19:53:08 witherspoon kernel[955]: [    2.410000] console [ttyS4] enabled
Aug 03 19:53:08 witherspoon kernel[955]: [    2.600000] timeriomem_rng 1e6e2078.hwrng: 32bits from 0xf00e2078 @ 1us
Aug 03 19:53:08 witherspoon kernel[955]: [    2.610000] random: fast init done
Aug 03 19:53:08 witherspoon kernel[955]: [    2.650000] brd: module loaded
Aug 03 19:53:08 witherspoon kernel[955]: [    2.670000] random: crng init done
Aug 03 19:53:08 witherspoon kernel[955]: [    2.680000] loop: module loaded
Aug 03 19:53:08 witherspoon kernel[955]: [    2.690000] aspeed-lpc-ctrl 1e789080.lpc-ctrl: Loaded at 0x98000000 (0x04000000)
Aug 03 19:53:08 witherspoon kernel[955]: [    2.690000] aspeed-smc 1e620000.flash-controller: Using IRQ 18
Aug 03 19:53:08 witherspoon kernel[955]: [    2.700000] aspeed-smc 1e620000.flash-controller: DMA support disabled.
Aug 03 19:53:08 witherspoon kernel[955]: [    2.700000] aspeed-smc 1e620000.flash-controller: mx25l25635e (32768 Kbytes)
Aug 03 19:53:08 witherspoon kernel[955]: [    2.720000] aspeed-smc 1e620000.flash-controller: CE0 window [ 0x20000000 - 0x22000000 ] 32MB
Aug 03 19:53:08 witherspoon kernel[955]: [    2.720000] aspeed-smc 1e620000.flash-controller: CE1 window [ 0x22000000 - 0x2a000000 ] 128MB
Aug 03 19:53:08 witherspoon kernel[955]: [    2.720000] 5 ofpart partitions found on MTD device bmc
Aug 03 19:53:08 witherspoon kernel[955]: [    2.750000] Creating 5 MTD partitions on "bmc":
Aug 03 19:53:08 witherspoon kernel[955]: [    2.750000] 0x000000000000-0x000000060000 : "u-boot"
Aug 03 19:53:08 witherspoon kernel[955]: [    2.760000] 0x000000060000-0x000000080000 : "u-boot-env"
Aug 03 19:53:08 witherspoon kernel[955]: [    2.770000] 0x000000080000-0x0000004c0000 : "kernel"
Aug 03 19:53:08 witherspoon kernel[955]: [    2.780000] 0x0000004c0000-0x000001c00000 : "rofs"
Aug 03 19:53:08 witherspoon kernel[955]: [    2.790000] 0x000001c00000-0x000002000000 : "rwfs"
Aug 03 19:53:08 witherspoon kernel[955]: [    2.800000] aspeed-smc 1e620000.flash-controller: mx25l25635e (32768 Kbytes)
Aug 03 19:53:08 witherspoon kernel[955]: [    2.810000] aspeed-smc 1e620000.flash-controller: CE1 window [ 0x22000000 - 0x24000000 ] 32MB
Aug 03 19:53:08 witherspoon kernel[955]: [    2.810000] aspeed-smc 1e620000.flash-controller: CE2 window [ 0x24000000 - 0x2c000000 ] 128MB
Aug 03 19:53:08 witherspoon kernel[955]: [    2.830000] aspeed-smc 1e630000.flash-controller: mx66l1g45g (131072 Kbytes)
Aug 03 19:53:08 witherspoon kernel[955]: [    2.840000] aspeed-smc 1e630000.flash-controller: CE0 window resized to 120MB (AST2500 HW quirk)
Aug 03 19:53:08 witherspoon kernel[955]: [    2.840000] aspeed-smc 1e630000.flash-controller: CE0 window [ 0x30000000 - 0x37800000 ] 120MB
Aug 03 19:53:08 witherspoon kernel[955]: [    2.860000] aspeed-smc 1e630000.flash-controller: CE0 window too small for chip 128MB
Aug 03 19:53:08 witherspoon kernel[955]: [    2.860000] aspeed-smc 1e630000.flash-controller: CE1 window [ 0x37800000 - 0x38000000 ] 8MB
Aug 03 19:53:08 witherspoon kernel[955]: [    3.630000] libphy: Fixed MDIO Bus: probed
Aug 03 19:53:08 witherspoon kernel[955]: [    3.630000] ftgmac100 1e660000.ethernet: Read MAC address 70:e2:84:14:23:e1 from chip
Aug 03 19:53:08 witherspoon kernel[955]: [    3.630000] ftgmac100 1e660000.ethernet: Using NCSI interface
Aug 03 19:53:08 witherspoon kernel[955]: [    3.630000] ftgmac100 1e660000.ethernet eth0: irq 20, mapped at f0060000
Aug 03 19:53:08 witherspoon kernel[955]: [    3.630000] ehci_hcd: USB 2.0 'Enhanced' Host Controller (EHCI) Driver
Aug 03 19:53:08 witherspoon kernel[955]: [    3.630000] ehci-platform: EHCI generic platform driver
Aug 03 19:53:08 witherspoon kernel[955]: [    3.840000]  fsi0: can't read slave 00:00 -5
Aug 03 19:53:08 witherspoon kernel[955]: [    3.840000] i2c /dev entries driver
Aug 03 19:53:08 witherspoon kernel[955]: [    3.840000] aspeed-i2c-bus 1e78a0c0.i2c-bus: i2c bus 2 registered, irq 26
Aug 03 19:53:08 witherspoon kernel[955]: [    3.840000] aspeed-i2c-bus 1e78a100.i2c-bus: i2c bus 3 registered, irq 27
Aug 03 19:53:08 witherspoon kernel[955]: [    3.840000] aspeed-i2c-bus 1e78a140.i2c-bus: i2c bus 4 registered, irq 28
Aug 03 19:53:08 witherspoon kernel[955]: [    3.840000] aspeed-i2c-bus 1e78a180.i2c-bus: i2c bus 5 registered, irq 29
Aug 03 19:53:08 witherspoon kernel[955]: [    3.840000] aspeed-i2c-bus 1e78a380.i2c-bus: i2c bus 9 registered, irq 30
Aug 03 19:53:08 witherspoon kernel[955]: [    3.840000] aspeed-i2c-bus 1e78a3c0.i2c-bus: i2c bus 10 registered, irq 31
Aug 03 19:53:08 witherspoon kernel[955]: [    3.840000] rtc-rv8803 11-0032: Voltage low, temperature compensation stopped.
Aug 03 19:53:08 witherspoon kernel[955]: [    3.840000] rtc-rv8803 11-0032: An alarm maybe have been missed.
Aug 03 19:53:08 witherspoon kernel[955]: [    3.950000] rtc-rv8803 11-0032: rtc core: registered rx8900 as rtc0
Aug 03 19:53:08 witherspoon kernel[955]: [    3.960000] at24 11-0051: 8192 byte 24c64 EEPROM, writable, 1 bytes/write
Aug 03 19:53:08 witherspoon kernel[955]: [    3.960000] aspeed-i2c-bus 1e78a400.i2c-bus: i2c bus 11 registered, irq 32
Aug 03 19:53:08 witherspoon kernel[955]: [    3.960000] aspeed-i2c-bus 1e78a440.i2c-bus: i2c bus 12 registered, irq 33
Aug 03 19:53:08 witherspoon kernel[955]: [    3.960000] aspeed-i2c-bus 1e78a480.i2c-bus: i2c bus 13 registered, irq 34
Aug 03 19:53:08 witherspoon kernel[955]: [    3.960000] Driver for 1-wire Dallas network protocol.
Aug 03 19:53:08 witherspoon kernel[955]: [    3.960000] lm75 9-004a: hwmon0: sensor 'tmp275'
Aug 03 19:53:08 witherspoon kernel[955]: [    4.810000] ucd9000 11-0064: Device ID UCD90160|2.3.4.0000|110603
Aug 03 19:53:08 witherspoon kernel[955]: [    5.140000] leds-pca955x 3-0060: leds-pca955x: Using pca9552 16-bit LED driver at slave address 0x60
Aug 03 19:53:08 witherspoon kernel[955]: [    5.160000] leds-pca955x 11-0060: leds-pca955x: Using pca9552 16-bit LED driver at slave address 0x60
Aug 03 19:53:08 witherspoon kernel[955]: [    5.170000] leds-pca955x 11-0060: gpios 264...279
Aug 03 19:53:08 witherspoon kernel[955]: [    5.180000] usbcore: registered new interface driver usbhid
Aug 03 19:53:11 witherspoon systemd[1]: Started Phosphor Settings Daemon.
Aug 03 19:53:08 witherspoon kernel[955]: [    5.180000] usbhid: USB HID core driver
Aug 03 19:53:08 witherspoon kernel[955]: [    5.240000] NET: Registered protocol family 10
Aug 03 19:53:08 witherspoon kernel[955]: [    5.240000] Segment Routing with IPv6
Aug 03 19:53:08 witherspoon kernel[955]: [    5.250000] NET: Registered protocol family 17
Aug 03 19:53:08 witherspoon kernel[955]: [    5.250000] 8021q: 802.1Q VLAN Support v1.8
Aug 03 19:53:08 witherspoon kernel[955]: [    5.250000] console [netcon0] enabled
Aug 03 19:53:08 witherspoon kernel[955]: [    5.250000] netconsole: network logging started
Aug 03 19:53:08 witherspoon kernel[955]: [    5.270000] input: gpio-keys as /devices/platform/gpio-keys/input/input0
Aug 03 19:53:08 witherspoon kernel[955]: [    5.280000] rtc-rv8803 11-0032: setting system clock to 2017-08-03 19:52:42 UTC (1501789962)
Aug 03 19:53:08 witherspoon kernel[955]: [    5.290000] Freeing unused kernel memory: 284K
Aug 03 19:53:08 witherspoon kernel[955]: [    5.290000] This architecture does not have kernel memory protection.
Aug 03 19:53:08 witherspoon kernel[955]: [    6.960000] jffs2: notice: (526) jffs2_build_xattr_subsystem: complete building xattr subsystem, 0 of xdatum (0 unchecked, 0 orphan) and 0 of xref (0 dead, 0 orphan) found.
Aug 03 19:53:08 witherspoon kernel[955]: [    9.070000] systemd[1]: Failed to insert module 'autofs4': No such file or directory
Aug 03 19:53:08 witherspoon kernel[955]: [    9.270000] systemd[1]: systemd 232 running in system mode. (+PAM -AUDIT -SELINUX -IMA -APPARMOR -SMACK +SYSVINIT -UTMP -LIBCRYPTSETUP -GCRYPT -GNUTLS +ACL +XZ -LZ4 -SECCOMP +BLKID -ELFUTILS +KMOD -IDN)
Aug 03 19:53:08 witherspoon kernel[955]: [    9.270000] systemd[1]: Detected architecture arm.
Aug 03 19:53:08 witherspoon kernel[955]: [    9.400000] systemd[1]: Set hostname to <witherspoon>.
Aug 03 19:53:08 witherspoon kernel[955]: [   10.980000] systemd[1]: Listening on Journal Socket.
Aug 03 19:53:08 witherspoon kernel[955]: [   11.060000] systemd[1]: Listening on Journal Socket (/dev/log).
Aug 03 19:53:08 witherspoon kernel[955]: [   11.100000] systemd[1]: Created slice System Slice.
Aug 03 19:53:08 witherspoon kernel[955]: [   11.140000] systemd[1]: Created slice system-op\x2dreset\x2dchassis\x2don.slice.
Aug 03 19:53:08 witherspoon kernel[955]: [   11.200000] systemd[1]: Created slice system-mapper\x2dwait.slice.
Aug 03 19:53:08 witherspoon kernel[955]: [   11.240000] systemd[1]: Created slice system-phosphor\x2dgpio\x2dpresence.slice.
Aug 03 19:53:08 witherspoon kernel[955]: [   11.290000] systemd[1]: Created slice system-phosphor\x2dcooling\x2dtype.slice.
Aug 03 19:53:08 witherspoon kernel[955]: [   14.390000] systemd[1]: Starting Remount Root and Kernel File Systems...
Aug 03 19:53:08 witherspoon kernel[955]: [   14.650000] systemd[1]: Created slice system-phosphor\x2ddiscover\x2dsystem\x2dstate.slice.
Aug 03 19:53:08 witherspoon kernel[955]: [   14.920000] systemd[1]: Listening on /dev/initctl Compatibility Named Pipe.
Aug 03 19:53:08 witherspoon kernel[955]: [   15.200000] systemd[1]: Created slice system-obmc\x2dled\x2dgroup\x2dstart.slice.
Aug 03 19:53:08 witherspoon kernel[955]: [   15.490000] systemd[1]: Created slice system-obmc\x2dconsole.slice.
Aug 03 19:53:08 witherspoon kernel[955]: [   15.790000] systemd[1]: Created slice system-org.openbmc.buttons.reset.slice.
Aug 03 19:53:08 witherspoon kernel[955]: [   16.100000] systemd[1]: Created slice system-org.openbmc.buttons.Power.slice.
Aug 03 19:53:08 witherspoon kernel[955]: [   16.420000] systemd[1]: Reached target Slices.
Aug 03 19:53:08 witherspoon kernel[955]: [   16.750000] systemd[1]: Created slice system-getty.slice.
Aug 03 19:53:08 witherspoon kernel[955]: [   17.090000] systemd[1]: Created slice system-serial\x2dgetty.slice.
Aug 03 19:53:08 witherspoon kernel[955]: [   19.750000] systemd-journald[653]: Received request to flush runtime journal from PID 1
Aug 03 19:53:08 witherspoon kernel[955]: [   30.500000] ubi7: default fastmap pool size: 100
Aug 03 19:53:08 witherspoon kernel[955]: [   30.500000] ubi7: default fastmap WL pool size: 50
Aug 03 19:53:08 witherspoon kernel[955]: [   30.500000] ubi7: attaching mtd7
Aug 03 19:53:08 witherspoon kernel[955]: [   30.500000] ubi7: scanning is finished
Aug 03 19:53:08 witherspoon kernel[955]: [   30.500000] ubi7 error: ubi_read_volume_table: the layout volume was not found
Aug 03 19:53:08 witherspoon kernel[955]: [   30.500000] ubi7 error: ubi_attach_mtd_dev: failed to attach mtd7, error -22
Aug 03 19:53:11 witherspoon systemd[1]: Started Phosphor LED Group Management Daemon.
Aug 03 19:53:12 witherspoon systemd[1]: Starting Network Service...
Aug 03 19:53:12 witherspoon systemd[1]: Started Phosphor Console Muxer listening on device /dev/ttyVUART0.
Aug 03 19:53:12 witherspoon systemd[1]: Starting Phosphor Log Manager...
Aug 03 19:53:12 witherspoon systemd[1]: Started Phosphor sysfs LED controller.
Aug 03 19:53:12 witherspoon systemd[1]: Starting Clear one time boot overrides...
Aug 03 19:53:12 witherspoon systemd[1]: Starting OpenBMC Software Update Manager...
Aug 03 19:53:12 witherspoon systemd-networkd[965]: Enumeration completed
Aug 03 19:53:12 witherspoon systemd[1]: Starting Phosphor Inventory Manager...
Aug 03 19:53:12 witherspoon systemd[1]: Starting Phosphor IPMI BT DBus Bridge...
Aug 03 19:53:12 witherspoon systemd[1]: Starting Phosphor Dump Manager...
Aug 03 19:53:12 witherspoon systemd[1]: Starting Phosphor User Manager...
Aug 03 19:53:12 witherspoon systemd[1]: Started Phosphor sysfs LED controller.
Aug 03 19:53:12 witherspoon systemd-networkd[965]: eth0: IPv6 enabled for interface: Success
Aug 03 19:53:12 witherspoon systemd[1]: Started Phosphor sysfs LED controller.
Aug 03 19:53:12 witherspoon systemd[1]: Started Phosphor sysfs LED controller.
Aug 03 19:53:13 witherspoon systemd-networkd[965]: eth0: Gained carrier
Aug 03 19:53:13 witherspoon systemd[1]: Starting Avahi mDNS/DNS-SD Stack...
Aug 03 19:53:13 witherspoon systemd-timesyncd[905]: Network configuration changed, trying to establish connection.
Aug 03 19:53:13 witherspoon systemd[1]: Started Hardware RNG Entropy Gatherer Daemon.
Aug 03 19:53:13 witherspoon systemd[1]: Starting Phosphor Download Manager...
Aug 03 19:53:13 witherspoon systemd[1]: Starting Phosphor Network Manager...
Aug 03 19:53:13 witherspoon systemd[1]: Started Phosphor sysfs LED controller.
Aug 03 19:53:13 witherspoon systemd[1]: Started Phosphor sysfs LED controller.
Aug 03 19:53:13 witherspoon systemd[1]: Started Phosphor Dump core monitor..
Aug 03 19:53:13 witherspoon systemd[1]: Starting Phosphor Inventory Manager...
Aug 03 19:53:13 witherspoon systemd[1]: Starting Phosphor BMC0 Control...
Aug 03 19:53:13 witherspoon systemd[1]: Starting Phosphor Chassis0 Control...
Aug 03 19:53:14 witherspoon avahi-daemon[978]: Found user 'avahi' (UID 999) and group 'avahi' (GID 999).
Aug 03 19:53:14 witherspoon avahi-daemon[978]: Successfully dropped root privileges.
Aug 03 19:53:14 witherspoon avahi-daemon[978]: avahi-daemon 0.6.32 starting up.
Aug 03 19:53:14 witherspoon systemd[1]: Started System Logging Service.
Aug 03 19:53:15 witherspoon systemd[1]: Started Network Service.
Aug 03 19:53:15 witherspoon systemd-networkd[965]: eth0: Gained IPv6LL
Aug 03 19:53:15 witherspoon systemd[1]: Started Remount the squashfs and ubi volumes after a reboot.
Aug 03 19:53:16 witherspoon avahi-daemon[978]: Successfully called chroot().
Aug 03 19:53:16 witherspoon avahi-daemon[978]: Successfully dropped remaining capabilities.
Aug 03 19:53:16 witherspoon avahi-daemon[978]: Loading service file /services/obmc_console.service.
Aug 03 19:53:16 witherspoon avahi-daemon[978]: Loading service file /services/phosphor_rest.service.
Aug 03 19:53:16 witherspoon avahi-daemon[978]: Loading service file /services/sftp-ssh.service.
Aug 03 19:53:16 witherspoon avahi-daemon[978]: Loading service file /services/sftp.service.
Aug 03 19:53:16 witherspoon avahi-daemon[978]: Loading service file /services/ssh.service.
Aug 03 19:53:16 witherspoon avahi-daemon[978]: Joining mDNS multicast group on interface eth0.IPv6 with address fe80::72e2:84ff:fe14:23e1.
Aug 03 19:53:16 witherspoon avahi-daemon[978]: New relevant interface eth0.IPv6 for mDNS.
Aug 03 19:53:16 witherspoon avahi-daemon[978]: Joining mDNS multicast group on interface eth0.IPv4 with address 9.3.86.161.
Aug 03 19:53:17 witherspoon kernel: ftgmac100 1e660000.ethernet eth0: NCSI interface up
Aug 03 19:53:16 witherspoon systemd[1]: Started Clear one time boot overrides.
Aug 03 19:53:16 witherspoon avahi-daemon[978]: New relevant interface eth0.IPv4 for mDNS.
Aug 03 19:53:16 witherspoon systemd[1]: Started Phosphor Inventory Manager.
Aug 03 19:53:16 witherspoon avahi-daemon[978]: Network interface enumeration completed.
Aug 03 19:53:16 witherspoon systemd[1]: Started Phosphor IPMI BT DBus Bridge.
Aug 03 19:53:16 witherspoon avahi-daemon[978]: Registering new address record for fe80::72e2:84ff:fe14:23e1 on eth0.*.
Aug 03 19:53:16 witherspoon systemd[1]: Started Phosphor Log Manager.
Aug 03 19:53:16 witherspoon avahi-daemon[978]: Registering new address record for 9.3.86.161 on eth0.IPv4.
Aug 03 19:53:16 witherspoon systemd[1]: Started Avahi mDNS/DNS-SD Stack.
Aug 03 19:53:17 witherspoon kernel[955]: [   40.090000] ftgmac100 1e660000.ethernet eth0: NCSI interface up
Aug 03 19:53:16 witherspoon systemd[1]: Started OpenBMC Software Update Manager.
Aug 03 19:53:17 witherspoon avahi-daemon[978]: Server startup complete. Host name is witherspoon.local. Local service cookie is 2533104324.
Aug 03 19:53:16 witherspoon systemd[1]: Starting OpenPower Software Update Manager...
Aug 03 19:53:17 witherspoon systemd[1]: Reached target Network.
Aug 03 19:53:17 witherspoon systemd[1]: Starting Permit User Sessions...
Aug 03 19:53:17 witherspoon systemd[1]: Started Lightweight SLP Server.
Aug 03 19:53:17 witherspoon systemd[1]: Started Phosphor Download Manager.
Aug 03 19:53:17 witherspoon systemd[1]: Started Phosphor Dump Manager.
Aug 03 19:53:18 witherspoon systemd[1]: Started Permit User Sessions.
Aug 03 19:53:18 witherspoon systemd[1]: Started Serial Getty on ttyS4.
Aug 03 19:53:18 witherspoon systemd[1]: Reached target Login Prompts.
Aug 03 19:53:18 witherspoon systemd[1]: Reached target Multi-User System.
Aug 03 19:53:18 witherspoon avahi-daemon[978]: Service "witherspoon" (/services/ssh.service) successfully established.
Aug 03 19:53:18 witherspoon avahi-daemon[978]: Service "sftp" (/services/sftp.service) successfully established.
Aug 03 19:53:18 witherspoon avahi-daemon[978]: Service "witherspoon" (/services/sftp-ssh.service) successfully established.
Aug 03 19:53:18 witherspoon avahi-daemon[978]: Service "phosphor_rest" (/services/phosphor_rest.service) successfully established.
Aug 03 19:53:18 witherspoon avahi-daemon[978]: Service "obmc_console" (/services/obmc_console.service) successfully established.
Aug 03 19:53:18 witherspoon systemd[1]: Started OpenPower Software Update Manager.
Aug 03 19:53:18 witherspoon systemd[1]: Mounting /usr/local...
Aug 03 19:53:18 witherspoon systemd[1]: Starting Phosphor Version Software Manager...
Aug 03 19:53:18 witherspoon systemd[1]: Started Phosphor MBOX Daemon.
Aug 03 19:53:19 witherspoon systemd[1]: Mounted /usr/local.
Aug 03 19:53:19 witherspoon systemd[1]: Started Phosphor BMC0 Control.
Aug 03 19:53:19 witherspoon systemd[1]: Starting Create a ubi volume for pnor patches...
Aug 03 19:53:20 witherspoon obmc-flash-bios[1009]: grep: /sys/class/ubi/ubi?/subsystem/ubi*/name: No such file or directory
Aug 03 19:53:21 witherspoon obmc-flash-bios[1009]: libubi: error!: cannot get information about "/dev/ubi7"
Aug 03 19:53:21 witherspoon obmc-flash-bios[1009]:         error 2 (No such file or directory)
Aug 03 19:53:21 witherspoon obmc-flash-bios[1009]: ubimkvol: error!: error while probing "/dev/ubi7"
Aug 03 19:53:21 witherspoon obmc-flash-bios[1009]:           error 2 (No such file or directory)
Aug 03 19:53:21 witherspoon systemd[1]: Started Phosphor Version Software Manager.
Aug 03 19:53:21 witherspoon obmc-flash-bios[1009]: mount: unknown filesystem type 'ubifs'
Aug 03 19:53:21 witherspoon obmc-flash-bios[1009]: /usr/sbin/obmc-flash-bios: error 32
Aug 03 19:53:21 witherspoon systemd[1]: obmc-flash-bios-ubipatch.service: Main process exited, code=exited, status=32/n/a
Aug 03 19:53:21 witherspoon systemd[1]: Failed to start Create a ubi volume for pnor patches.
Aug 03 19:53:21 witherspoon systemd[1]: obmc-flash-bios-ubipatch.service: Unit entered failed state.
Aug 03 19:53:21 witherspoon systemd[1]: obmc-flash-bios-ubipatch.service: Failed with result 'exit-code'.
Aug 03 19:53:22 witherspoon systemd[1]: Created slice system-dropbear.slice.
Aug 03 19:53:22 witherspoon systemd[1]: Started SSH Per-Connection Server (9.41.165.94:55760).
Aug 03 19:53:23 witherspoon dropbear[1022]: Failed loading /etc/dropbear/dropbear_dss_host_key
Aug 03 19:53:23 witherspoon dropbear[1022]: Failed loading /etc/dropbear/dropbear_ecdsa_host_key
Aug 03 19:53:23 witherspoon mboxd[1003]: The operation failed internally.
Aug 03 19:53:23 witherspoon mboxd[1003]: terminate called after throwing an instance of 'sdbusplus::xyz::openbmc_project::Common::Error::InternalFailure'
Aug 03 19:53:23 witherspoon mboxd[1003]:   what():  xyz.openbmc_project.Common.Error.InternalFailure: The operation failed internally.
Aug 03 19:53:23 witherspoon mboxd[1003]: [ 1501790003.710137502] Partition HBB not found
Aug 03 19:53:23 witherspoon systemd[1]: mboxd.service: Main process exited, code=dumped, status=6/ABRT
Aug 03 19:53:23 witherspoon systemd[1]: mboxd.service: Unit entered failed state.
Aug 03 19:53:23 witherspoon systemd[1]: mboxd.service: Failed with result 'core-dump'.
Aug 03 19:53:24 witherspoon systemd[1]: mboxd.service: Service hold-off time over, scheduling restart.
Aug 03 19:53:24 witherspoon systemd[1]: Stopped Phosphor MBOX Daemon.
Aug 03 19:53:24 witherspoon systemd[1]: Started Phosphor MBOX Daemon.
Aug 03 19:53:24 witherspoon mboxd[1026]: The operation failed internally.
Aug 03 19:53:24 witherspoon mboxd[1026]: terminate called after throwing an instance of 'sdbusplus::xyz::openbmc_project::Common::Error::InternalFailure'
Aug 03 19:53:24 witherspoon mboxd[1026]:   what():  xyz.openbmc_project.Common.Error.InternalFailure: The operation failed internally.
Aug 03 19:53:24 witherspoon dropbear[1022]: Child connection from ::ffff:9.41.165.94:55760
Aug 03 19:53:24 witherspoon mboxd[1026]: [ 1501790004.441072047] Partition HBB not found
Aug 03 19:53:24 witherspoon systemd[1]: mboxd.service: Main process exited, code=dumped, status=6/ABRT
Aug 03 19:53:24 witherspoon systemd[1]: mboxd.service: Unit entered failed state.
Aug 03 19:53:24 witherspoon systemd[1]: mboxd.service: Failed with result 'core-dump'.
Aug 03 19:53:24 witherspoon systemd[1]: mboxd.service: Service hold-off time over, scheduling restart.
Aug 03 19:53:24 witherspoon systemd[1]: Stopped Phosphor MBOX Daemon.
Aug 03 19:53:24 witherspoon systemd[1]: Started Phosphor MBOX Daemon.
Aug 03 19:53:26 witherspoon mboxd[1029]: The operation failed internally.
Aug 03 19:53:26 witherspoon mboxd[1029]: terminate called after throwing an instance of 'sdbusplus::xyz::openbmc_project::Common::Error::InternalFailure'
Aug 03 19:53:26 witherspoon mboxd[1029]:   what():  xyz.openbmc_project.Common.Error.InternalFailure: The operation failed internally.
Aug 03 19:53:26 witherspoon mboxd[1029]: [ 1501790006.569689300] Partition HBB not found
Aug 03 19:53:26 witherspoon systemd[1]: mboxd.service: Main process exited, code=dumped, status=6/ABRT
Aug 03 19:53:26 witherspoon systemd[1]: mboxd.service: Unit entered failed state.
Aug 03 19:53:26 witherspoon systemd[1]: mboxd.service: Failed with result 'core-dump'.
Aug 03 19:53:26 witherspoon systemd[1]: mboxd.service: Service hold-off time over, scheduling restart.
Aug 03 19:53:26 witherspoon systemd[1]: Stopped Phosphor MBOX Daemon.
Aug 03 19:53:26 witherspoon systemd[1]: Started Phosphor MBOX Daemon.
Aug 03 19:53:28 witherspoon systemd-networkd[965]: eth0: Configured
Aug 03 19:53:28 witherspoon systemd-timesyncd[905]: Network configuration changed, trying to establish connection.
Aug 03 19:53:29 witherspoon mboxd[1032]: The operation failed internally.
Aug 03 19:53:29 witherspoon mboxd[1032]: terminate called after throwing an instance of 'sdbusplus::xyz::openbmc_project::Common::Error::InternalFailure'
Aug 03 19:53:29 witherspoon mboxd[1032]:   what():  xyz.openbmc_project.Common.Error.InternalFailure: The operation failed internally.
Aug 03 19:53:29 witherspoon mboxd[1032]: [ 1501790009.465121018] Partition HBB not found
Aug 03 19:53:29 witherspoon systemd[1]: mboxd.service: Main process exited, code=dumped, status=6/ABRT
Aug 03 19:53:29 witherspoon systemd[1]: mboxd.service: Unit entered failed state.
Aug 03 19:53:29 witherspoon systemd[1]: mboxd.service: Failed with result 'core-dump'.
Aug 03 19:53:29 witherspoon systemd[1]: mboxd.service: Service hold-off time over, scheduling restart.
Aug 03 19:53:29 witherspoon systemd[1]: Stopped Phosphor MBOX Daemon.
Aug 03 19:53:29 witherspoon systemd[1]: Started Phosphor MBOX Daemon.
Aug 03 19:53:30 witherspoon mboxd[1035]: The operation failed internally.
Aug 03 19:53:30 witherspoon mboxd[1035]: terminate called after throwing an instance of 'sdbusplus::xyz::openbmc_project::Common::Error::InternalFailure'
Aug 03 19:53:30 witherspoon mboxd[1035]:   what():  xyz.openbmc_project.Common.Error.InternalFailure: The operation failed internally.
Aug 03 19:53:30 witherspoon mboxd[1035]: [ 1501790010.275450877] Partition HBB not found
Aug 03 19:53:30 witherspoon systemd[1]: mboxd.service: Main process exited, code=dumped, status=6/ABRT
Aug 03 19:53:30 witherspoon systemd[1]: mboxd.service: Unit entered failed state.
Aug 03 19:53:31 witherspoon dropbear[1022]: PAM password auth succeeded for 'root' from ::ffff:9.41.165.94:55760
Aug 03 19:53:30 witherspoon systemd[1]: mboxd.service: Failed with result 'core-dump'.
Aug 03 19:53:32 witherspoon mboxd[1038]: terminate called after throwing an instance of 'sdbusplus::xyz::openbmc_project::Common::Error::InternalFailure'
Aug 03 19:53:32 witherspoon mboxd[1038]:   what():  xyz.openbmc_project.Common.Error.InternalFailure: The operation failed internally.
Aug 03 19:53:31 witherspoon dropbear[1042]: lastlog_perform_login: Couldn't stat /var/log/lastlog: No such file or directory
Aug 03 19:53:30 witherspoon systemd[1]: mboxd.service: Service hold-off time over, scheduling restart.
Aug 03 19:53:32 witherspoon mboxd[1038]: [ 1501790011.072957503] Partition HBB not found
Aug 03 19:53:31 witherspoon dropbear[1042]: lastlog_openseek: /var/log/lastlog is not a file or directory!
Aug 03 19:53:30 witherspoon systemd[1]: Stopped Phosphor MBOX Daemon.
Aug 03 19:53:30 witherspoon systemd[1]: Started Phosphor MBOX Daemon.
Aug 03 19:53:31 witherspoon mboxd[1038]: The operation failed internally.
Aug 03 19:53:31 witherspoon systemd[1]: mboxd.service: Main process exited, code=dumped, status=6/ABRT
Aug 03 19:53:31 witherspoon systemd[1]: mboxd.service: Unit entered failed state.
Aug 03 19:53:31 witherspoon systemd[1]: mboxd.service: Failed with result 'core-dump'.
Aug 03 19:53:31 witherspoon systemd[1]: mboxd.service: Service hold-off time over, scheduling restart.
Aug 03 19:53:31 witherspoon systemd[1]: Stopped Phosphor MBOX Daemon.
Aug 03 19:53:31 witherspoon systemd[1]: Started Phosphor MBOX Daemon.
Aug 03 19:53:33 witherspoon mboxd[1041]: The operation failed internally.
Aug 03 19:53:33 witherspoon mboxd[1041]: terminate called after throwing an instance of 'sdbusplus::xyz::openbmc_project::Common::Error::InternalFailure'
Aug 03 19:53:33 witherspoon mboxd[1041]:   what():  xyz.openbmc_project.Common.Error.InternalFailure: The operation failed internally.
Aug 03 19:53:33 witherspoon mboxd[1041]: [ 1501790013.302466998] Partition HBB not found
Aug 03 19:53:33 witherspoon systemd[1]: mboxd.service: Main process exited, code=dumped, status=6/ABRT
Aug 03 19:53:33 witherspoon systemd[1]: mboxd.service: Unit entered failed state.
Aug 03 19:53:33 witherspoon systemd[1]: mboxd.service: Failed with result 'core-dump'.
Aug 03 19:53:33 witherspoon systemd[1]: mboxd.service: Service hold-off time over, scheduling restart.
Aug 03 19:53:33 witherspoon systemd[1]: Stopped Phosphor MBOX Daemon.
Aug 03 19:53:33 witherspoon systemd[1]: Started Phosphor MBOX Daemon.
Aug 03 19:53:33 witherspoon mboxd[1050]: The operation failed internally.
Aug 03 19:53:33 witherspoon mboxd[1050]: terminate called after throwing an instance of 'sdbusplus::xyz::openbmc_project::Common::Error::InternalFailure'
Aug 03 19:53:33 witherspoon mboxd[1050]:   what():  xyz.openbmc_project.Common.Error.InternalFailure: The operation failed internally.
Aug 03 19:53:34 witherspoon mboxd[1050]: [ 1501790013.978669544] Partition HBB not found
Aug 03 19:53:34 witherspoon systemd[1]: mboxd.service: Main process exited, code=dumped, status=6/ABRT
Aug 03 19:53:34 witherspoon systemd[1]: mboxd.service: Unit entered failed state.
Aug 03 19:53:34 witherspoon systemd[1]: mboxd.service: Failed with result 'core-dump'.
Aug 03 19:53:34 witherspoon systemd[1]: mboxd.service: Service hold-off time over, scheduling restart.
Aug 03 19:53:34 witherspoon systemd[1]: Stopped Phosphor MBOX Daemon.
Aug 03 19:53:34 witherspoon systemd[1]: Started Phosphor MBOX Daemon.
Aug 03 19:53:34 witherspoon mboxd[1053]: The operation failed internally.
Aug 03 19:53:34 witherspoon mboxd[1053]: terminate called after throwing an instance of 'sdbusplus::xyz::openbmc_project::Common::Error::InternalFailure'
Aug 03 19:53:34 witherspoon mboxd[1053]:   what():  xyz.openbmc_project.Common.Error.InternalFailure: The operation failed internally.
Aug 03 19:53:34 witherspoon mboxd[1053]: [ 1501790014.736278716] Partition HBB not found
Aug 03 19:53:34 witherspoon systemd[1]: mboxd.service: Main process exited, code=dumped, status=6/ABRT
Aug 03 19:53:34 witherspoon systemd[1]: mboxd.service: Unit entered failed state.
Aug 03 19:53:34 witherspoon systemd[1]: mboxd.service: Failed with result 'core-dump'.
Aug 03 19:53:35 witherspoon systemd[1]: mboxd.service: Service hold-off time over, scheduling restart.
Aug 03 19:53:35 witherspoon systemd[1]: Stopped Phosphor MBOX Daemon.
Aug 03 19:53:35 witherspoon systemd[1]: mboxd.service: Start request repeated too quickly.
Aug 03 19:53:35 witherspoon systemd[1]: Failed to start Phosphor MBOX Daemon.
Aug 03 19:53:35 witherspoon systemd[1]: mboxd.service: Unit entered failed state.
Aug 03 19:53:35 witherspoon systemd[1]: mboxd.service: Failed with result 'core-dump'.
Aug 03 19:53:38 witherspoon sensor_manager2.py[948]: Setting boot count to 3
Aug 03 19:53:38 witherspoon sensor_manager2.py[948]: Starting sensor manager
Aug 03 19:53:38 witherspoon systemd[1]: Started Phosphor Sensor Manager.
Aug 03 19:53:38 witherspoon chassis_control.py[987]: Running ChassisControlService
Aug 03 19:53:38 witherspoon systemd[1]: Started Phosphor Chassis0 Control.
Aug 03 19:53:38 witherspoon systemd[1]: Started Phosphor User Manager.
Aug 03 19:53:38 witherspoon obmc-phosphor-userd[974]: Started
Aug 03 19:53:38 witherspoon systemd[1]: Started Phosphor Download Manager.
Aug 03 19:53:38 witherspoon download_manager.py[947]: Running Download Manager
Aug 03 19:53:39 witherspoon systemd[1]: Started Phosphor Network Manager.
Aug 03 19:53:39 witherspoon netman.py[981]: Started
Aug 03 19:53:39 witherspoon inventory_items.py[985]: Loading from cache: /var/cache/obmc/org.openbmc.inventory.system.chassis.motherboard.apss@org.openbmc.InventoryItem.props
Aug 03 19:53:39 witherspoon inventory_items.py[985]: Loading from cache: /var/cache/obmc/org.openbmc.inventory.system.chassis.motherboard@org.openbmc.InventoryItem.props
Aug 03 19:53:39 witherspoon phosphor-mapper[953]: ObjectMapper startup complete.  Discovery in progress...
Aug 03 19:53:39 witherspoon avahi-daemon[989]: ../../avahi-0.6.32/avahi-daemon/chroot.c: open() failed: No such file or directory
Aug 03 19:53:39 witherspoon avahi-daemon[978]: Failed to open /usr/share/dbus-1/interfaces/org.freedesktop.Avahi.Server.xml: Invalid argument
Aug 03 19:53:39 witherspoon avahi-daemon[978]: Failed to load introspection data.
Aug 03 19:53:44 witherspoon inventory_items.py[985]: Loading from cache: /var/cache/obmc/org.openbmc.inventory.system.chassis.motherboard.refclock@org.openbmc.InventoryItem.props
Aug 03 19:53:44 witherspoon inventory_items.py[985]: Loading from cache: /var/cache/obmc/org.openbmc.inventory.system.chassis.motherboard.cpu1.core7@org.openbmc.InventoryItem.props
Aug 03 19:53:44 witherspoon inventory_items.py[985]: Loading from cache: /var/cache/obmc/org.openbmc.inventory.system.chassis.motherboard.cpu1.core4@org.openbmc.InventoryItem.props
Aug 03 19:53:44 witherspoon inventory_items.py[985]: Loading from cache: /var/cache/obmc/org.openbmc.inventory.system.chassis.motherboard.cpu1.core1@org.openbmc.InventoryItem.props
Aug 03 19:53:44 witherspoon inventory_items.py[985]: Loading from cache: /var/cache/obmc/org.openbmc.inventory.system.chassis.motherboard.cpu1.core10@org.openbmc.InventoryItem.props
Aug 03 19:53:44 witherspoon inventory_items.py[985]: Loading from cache: /var/cache/obmc/org.openbmc.inventory.system.chassis.motherboard.todclock@org.openbmc.InventoryItem.props
Aug 03 19:53:44 witherspoon inventory_items.py[985]: Loading from cache: /var/cache/obmc/org.openbmc.inventory.system.chassis.motherboard.cpu1@org.openbmc.InventoryItem.props
Aug 03 19:53:44 witherspoon inventory_items.py[985]: Loading from cache: /var/cache/obmc/org.openbmc.inventory.system.chassis.motherboard.bmc@org.openbmc.InventoryItem.props
Aug 03 19:53:44 witherspoon inventory_items.py[985]: Caching: /org/openbmc/inventory/system/chassis/motherboard/bmc
Aug 03 19:53:44 witherspoon inventory_items.py[985]: Loading from cache: /var/cache/obmc/org.openbmc.inventory.system.chassis.motherboard.cpu0.core1@org.openbmc.InventoryItem.props
Aug 03 19:53:44 witherspoon inventory_items.py[985]: Loading from cache: /var/cache/obmc/org.openbmc.inventory.system.chassis.motherboard.cpu0.core7@org.openbmc.InventoryItem.props
Aug 03 19:53:44 witherspoon inventory_items.py[985]: Loading from cache: /var/cache/obmc/org.openbmc.inventory.system.chassis.motherboard.cpu0.core4@org.openbmc.InventoryItem.props
Aug 03 19:53:44 witherspoon inventory_items.py[985]: Loading from cache: /var/cache/obmc/org.openbmc.inventory.system.chassis.motherboard.pcieclock@org.openbmc.InventoryItem.props
Aug 03 19:53:44 witherspoon inventory_items.py[985]: Loading from cache: /var/cache/obmc/org.openbmc.inventory.system.chassis.motherboard.cpu0.core10@org.openbmc.InventoryItem.props
Aug 03 19:53:44 witherspoon inventory_items.py[985]: Running Inventory Manager
Aug 03 19:53:44 witherspoon systemd[1]: Started Phosphor Inventory Manager.
Aug 03 19:53:49 witherspoon phosphor-mapper[953]: ObjectMapper discovery complete
Aug 03 19:53:49 witherspoon systemd[1]: Started Phosphor DBus Service Discovery Manager.
Aug 03 19:53:49 witherspoon systemd[1]: Started Phosphor Hwmon Poller.
Aug 03 19:53:49 witherspoon systemd[1]: Started Phosphor Hwmon Poller.
Aug 03 19:53:49 witherspoon systemd[1]: Started Phosphor Hwmon Poller.
Aug 03 19:53:49 witherspoon systemd[1]: Started Phosphor Hwmon Poller.
Aug 03 19:53:49 witherspoon systemd[1]: Started Phosphor Hwmon Poller.
Aug 03 19:53:49 witherspoon systemd[1]: Started Phosphor Hwmon Poller.
Aug 03 19:53:49 witherspoon systemd[1]: Reached target Phosphor Object Mapper.
Aug 03 19:53:49 witherspoon systemd[1]: Starting Wait for /xyz/openbmc_project/control/host0/power_restore_policy...
Aug 03 19:53:49 witherspoon systemd[1]: Starting Wait for /xyz/openbmc_project/control/host0/boot_source...
Aug 03 19:53:49 witherspoon systemd[1]: Starting Wait for /xyz/openbmc_project/led/groups/bmc_booted...
Aug 03 19:53:49 witherspoon systemd[1]: Starting Wait for /xyz/openbmc_project/state/host0...
Aug 03 19:53:49 witherspoon systemd[1]: Starting Wait for /org/openbmc/control/flash/bios...
Aug 03 19:53:49 witherspoon systemd[1]: Starting Wait for /xyz/openbmc_project/control/host0/restriction_mode...
Aug 03 19:53:49 witherspoon systemd[1]: Starting Phosphor Settings Manager...
Aug 03 19:53:49 witherspoon systemd[1]: Starting Wait for /xyz/openbmc_project/control/host0/auto_reboot...
Aug 03 19:53:49 witherspoon systemd[1]: Starting Wait for /xyz/openbmc_project/state/chassis0...
Aug 03 19:53:49 witherspoon systemd[1]: Starting Wait for /xyz/openbmc_project/led/groups...
Aug 03 19:53:49 witherspoon systemd[1]: Starting Phoshpor System Manager...
Aug 03 19:53:49 witherspoon systemd[1]: Starting Wait for /org/openbmc/control/power0...
Aug 03 19:53:49 witherspoon systemd[1]: Starting Wait for /xyz/openbmc_project/control/host0/boot_mode...
Aug 03 19:53:49 witherspoon systemd[1]: Starting Wait for /org/openbmc/control/bmc0...
Aug 03 19:53:49 witherspoon systemd[1]: Starting Wait for /org/openbmc/managers/Download...
Aug 03 19:53:49 witherspoon systemd[1]: Starting Wait for /xyz/openbmc_project/inventory...
Aug 03 19:53:49 witherspoon systemd[1]: Starting Wait for /org/openbmc/managers/System...
Aug 03 19:53:49 witherspoon systemd[1]: Starting Wait for /org/openbmc/NetworkManager/Interface...
Aug 03 19:53:49 witherspoon systemd[1]: Started Phosphor DBus Monitor.
Aug 03 19:53:49 witherspoon systemd[1]: Reached target Webserver (pre).
Aug 03 19:53:49 witherspoon systemd[1]: Started Phosphor Webserver.
Aug 03 19:53:49 witherspoon systemd[1]: Starting Phosphor Network Manager...
Aug 03 19:53:49 witherspoon systemd[1]: Starting Wait for /xyz/openbmc_project/control/host0...
Aug 03 19:53:49 witherspoon systemd[1]: Starting Wait for /xyz/openbmc_project/time/sync_method...
Aug 03 19:53:49 witherspoon systemd[1]: Starting Wait for /xyz/openbmc_project/time/owner...
Aug 03 19:53:51 witherspoon phosphor-network-manager[1082]: ConfigParser: Section not found
Aug 03 19:53:51 witherspoon phosphor-network-manager[1082]: The operation failed internally.
Aug 03 19:53:51 witherspoon phosphor-network-manager[1082]: ConfigParser: Section not found
Aug 03 19:53:51 witherspoon phosphor-network-manager[1082]: The operation failed internally.
Aug 03 19:53:51 witherspoon phosphor-network-manager[1082]: ConfigParser: Key not found
Aug 03 19:53:51 witherspoon phosphor-network-manager[1082]: The operation failed internally.
Aug 03 19:53:54 witherspoon systemd[1]: Started Wait for /xyz/openbmc_project/control/host0/boot_mode.
Aug 03 19:53:54 witherspoon systemd[1]: Started Wait for /xyz/openbmc_project/led/groups.
Aug 03 19:53:54 witherspoon systemd[1]: Started FRU Fault monitor service.
Aug 03 19:53:55 witherspoon systemd[1]: Started Wait for /xyz/openbmc_project/control/host0/auto_reboot.
Aug 03 19:53:55 witherspoon systemd[1]: Started Wait for /xyz/openbmc_project/control/host0/restriction_mode.
Aug 03 19:53:55 witherspoon systemd[1]: Started Wait for /org/openbmc/control/bmc0.
Aug 03 19:53:55 witherspoon systemd[1]: Started Wait for /org/openbmc/managers/Download.
Aug 03 19:53:55 witherspoon systemd[1]: Starting Phosphor BMC Code Update...
Aug 03 19:53:55 witherspoon systemd[1]: Starting Phosphor BIOS Code Update...
Aug 03 19:53:55 witherspoon systemd[1]: Started Wait for /xyz/openbmc_project/inventory.
Aug 03 19:53:55 witherspoon phosphor-log-manager[967]: Failed to find metadata
Aug 03 19:53:56 witherspoon systemd[1]: Starting Read OpenPOWER-format VPD from EEPROM...
Aug 03 19:53:56 witherspoon systemd[1]: Starting OpenPOWER OCC controller...
Aug 03 19:53:56 witherspoon systemd[1]: Started Phosphor GPIO 0 Presence.
Aug 03 19:53:56 witherspoon systemd[1]: Started Phosphor GPIO 1 Presence.
Aug 03 19:53:56 witherspoon systemd[1]: Started Phosphor Cooling Type.
Aug 03 19:53:56 witherspoon systemd[1]: Started Wait for /org/openbmc/NetworkManager/Interface.
Aug 03 19:53:56 witherspoon systemd[1]: Started Wait for /xyz/openbmc_project/time/sync_method.
Aug 03 19:53:56 witherspoon systemd[1]: Started Wait for /xyz/openbmc_project/time/owner.
Aug 03 19:53:57 witherspoon systemd[1]: Started Wait for /xyz/openbmc_project/control/host0/power_restore_policy.
Aug 03 19:53:57 witherspoon systemd[1]: Started Wait for /xyz/openbmc_project/control/host0/boot_source.
Aug 03 19:53:57 witherspoon systemd[1]: Started Wait for /xyz/openbmc_project/led/groups/bmc_booted.
Aug 03 19:53:58 witherspoon systemd[1]: Started Phosphor DNS Settings Cache Manager.
Aug 03 19:54:00 witherspoon dbus[962]: [system] Activating via systemd: service name='org.freedesktop.hostname1' unit='dbus-org.freedesktop.hostname1.service'
Aug 03 19:54:00 witherspoon systemd[1]: Starting Hostname Service...
Aug 03 19:54:00 witherspoon phosphor-gpio-presence[1106]: Updating inventory present property
Aug 03 19:54:02 witherspoon phosphor-gpio-presence[1105]: Updating inventory present property
Aug 03 19:54:02 witherspoon systemd[1]: Started Phosphor BIOS Code Update.
Aug 03 19:54:03 witherspoon dbus[962]: [system] Successfully activated service 'org.freedesktop.hostname1'
Aug 03 19:54:03 witherspoon systemd[1]: Started Hostname Service.
Aug 03 19:54:03 witherspoon systemd[1]: Started Phosphor Network Manager.
Aug 03 19:54:07 witherspoon system_manager.py[1072]: Running System State: BASE_APPS
Aug 03 19:54:07 witherspoon system_manager.py[1072]: SystemManager Init Done
Aug 03 19:54:07 witherspoon system_manager.py[1072]: Running SystemManager
Aug 03 19:54:07 witherspoon systemd[1]: Started Phoshpor System Manager.
Aug 03 19:54:09 witherspoon systemd[1]: Started OpenPOWER OCC controller.
Aug 03 19:54:10 witherspoon systemd[1]: Started Phosphor BMC Code Update.
Aug 03 19:54:10 witherspoon bmc_update.py[1091]: Running Bmc Flash Control
Aug 03 19:54:10 witherspoon system_manager.py[1072]: SystemManager Goto System State: BMC_STARTING
Aug 03 19:54:10 witherspoon system_manager.py[1072]: Running System State: BMC_STARTING
Aug 03 19:54:11 witherspoon systemd[1]: Started Phosphor Settings Manager.
Aug 03 19:54:11 witherspoon systemd[1]: Starting Wait for /org/openbmc/settings/host0...
Aug 03 19:54:11 witherspoon settings_manager.py[1068]: Running HostSettingsService
Aug 03 19:54:12 witherspoon systemd[1]: Started Read OpenPOWER-format VPD from EEPROM.
Aug 03 19:54:18 witherspoon systemd[1]: Started Wait for /org/openbmc/control/flash/bios.
Aug 03 19:54:18 witherspoon systemd[1]: Started Initialize BIOS Flash.
Aug 03 19:54:18 witherspoon systemd[1]: Started Wait for /org/openbmc/managers/System.
Aug 03 19:54:18 witherspoon systemd[1]: Starting Phosphor BMC State Manager...
Aug 03 19:54:18 witherspoon systemd[1]: Starting Phosphor Chassis State Manager...
Aug 03 19:54:18 witherspoon systemd[1]: Starting Phosphor Power0 Control...
Aug 03 19:54:18 witherspoon systemd[1]: Starting Phosphor Host State Manager...
Aug 03 19:54:18 witherspoon systemd[1]: Starting Phosphor Power Button0...
Aug 03 19:54:18 witherspoon systemd[1]: Starting Phosphor Reset Button0...
Aug 03 19:54:19 witherspoon phosphor-chassis-state-manager[1121]: Initial Chassis State will be Off
Aug 03 19:54:19 witherspoon systemd[1]: Started Phosphor Chassis State Manager.
Aug 03 19:54:19 witherspoon phosphor-bmc-state-manager[1120]: Setting the BMCState field
Aug 03 19:54:19 witherspoon phosphor-bmc-state-manager[1120]: Setting the BMCState field
Aug 03 19:54:19 witherspoon systemd[1]: Started Phosphor BMC State Manager.
Aug 03 19:54:20 witherspoon button_power.exe[1124]: GPIO Lookup:  POWER_BUTTON = 347,both
Aug 03 19:54:20 witherspoon systemd[1]: Started Phosphor Power Button0.
Aug 03 19:54:20 witherspoon systemd[1]: Started Wait for /org/openbmc/settings/host0.
Aug 03 19:54:20 witherspoon systemd[1]: Started Phosphor Inband IPMI.
Aug 03 19:54:21 witherspoon power_control.exe[1122]: Power GPIO latch output:
Aug 03 19:54:21 witherspoon power_control.exe[1122]: Power GPIO power good input: SYS_PWROK_BUFF
Aug 03 19:54:21 witherspoon power_control.exe[1122]: Power GPIO 2 power_up outputs
Aug 03 19:54:21 witherspoon power_control.exe[1122]: Power GPIO power_up[0] = SOFTWARE_PGOOD active HIGH
Aug 03 19:54:21 witherspoon power_control.exe[1122]: Power GPIO power_up[1] = BMC_POWER_UP active HIGH
Aug 03 19:54:21 witherspoon power_control.exe[1122]: Power GPIO 1 reset outputs
Aug 03 19:54:21 witherspoon power_control.exe[1122]: Power GPIO reset[0] = BMC_CP0_RESET_N active LOW
Aug 03 19:54:21 witherspoon power_control.exe[1122]: Power GPIO 0 pci reset outputs
Aug 03 19:54:21 witherspoon power_control.exe[1122]: FSI DATA GPIO: FSI_DATA
Aug 03 19:54:21 witherspoon power_control.exe[1122]: FSI CLK GPIO: FSI_CLK
Aug 03 19:54:21 witherspoon power_control.exe[1122]: FSI ENABLE GPIO: FSI_ENABLE
Aug 03 19:54:21 witherspoon power_control.exe[1122]: CRONUS SEL GPIO: CRONUS_SEL
Aug 03 19:54:21 witherspoon power_control.exe[1122]: Hostctl GPIO optionals: 0
Aug 03 19:54:21 witherspoon system_manager.py[1072]: New object: /org/openbmc/control/power0 (:1.91)
Aug 03 19:54:21 witherspoon system_manager.py[1072]: Power GPIO config: ['SYS_PWROK_BUFF', '', [('SOFTWARE_PGOOD', True), ('BMC_POWER_UP', True)], [('BMC_CP0_RESET_N', False)], [], 'FSI_DATA', 'FSI_CLK', 'FSI_ENABLE', 'CRONUS_SEL', []]
Aug 03 19:54:21 witherspoon button_reset.exe[1125]: GPIO Lookup:  RESET_BUTTON = 353,both
Aug 03 19:54:21 witherspoon systemd[1]: Started Phosphor Reset Button0.
Aug 03 19:54:21 witherspoon power_control.exe[1122]: GPIO Lookup:  SYS_PWROK_BUFF = 306,in
Aug 03 19:54:22 witherspoon power_control.exe[1122]: GPIO Lookup:  SOFTWARE_PGOOD = 417,out
Aug 03 19:54:22 witherspoon power_control.exe[1122]: GPIO Lookup:  BMC_POWER_UP = 305,out
Aug 03 19:54:22 witherspoon power_control.exe[1122]: GPIO Lookup:  BMC_CP0_RESET_N = 281,out
Aug 03 19:54:22 witherspoon power_control.exe[1122]: Pgood state: 0
Aug 03 19:54:22 witherspoon systemd[1]: Started Phosphor Power0 Control.
Aug 03 19:54:23 witherspoon phosphor-host-state-manager[1123]: Initial Host State will be Off
Aug 03 19:54:23 witherspoon flash_bios.exe[1092]: Starting flasher: bios,,/org/openbmc/control/flash/bios,
Aug 03 19:54:23 witherspoon flash_bios.exe[1092]: flasher: , BMC = 1, address = 0x0
Aug 03 19:54:23 witherspoon flash_bios.exe[1092]: Setting up flash
Aug 03 19:54:24 witherspoon flash_bios.exe[1092]: Starting flasher: bios,,/org/openbmc/control/flash/bios,
Aug 03 19:54:24 witherspoon flash_bios.exe[1092]: flasher: , BMC = 1, address = 0x0
Aug 03 19:54:24 witherspoon flash_bios.exe[1092]: Setting up flash
Aug 03 19:54:27 witherspoon systemd[1]: Started Phosphor Host State Manager.
Aug 03 19:54:28 witherspoon systemd[1]: Started Wait for /xyz/openbmc_project/state/chassis0.
Aug 03 19:54:28 witherspoon system_manager.py[1072]: SystemManager Goto System State: BMC_READY
Aug 03 19:54:28 witherspoon system_manager.py[1072]: Running System State: BMC_READY
Aug 03 19:54:28 witherspoon systemd[1]: Started Wait for /org/openbmc/control/power0.
Aug 03 19:54:28 witherspoon systemd[1]: Starting Phosphor Time Manager daemon...
Aug 03 19:54:28 witherspoon systemd[1]: Starting Check Chassis0 pgood and create a file to indicate it...
Aug 03 19:54:30 witherspoon timemanager[1160]: Registering dbus methods
Aug 03 19:54:31 witherspoon timemanager[1160]: Last known time_mode: NTP
Aug 03 19:54:31 witherspoon timemanager[1160]: Last known time_owner: BMC
Aug 03 19:54:31 witherspoon timemanager[1160]: Empty DhcpNtp string
Aug 03 19:54:31 witherspoon timemanager[1160]: Reading Power Control key: pgood
Aug 03 19:54:31 witherspoon systemd[1]: Started Check Chassis0 pgood and create a file to indicate it.
Aug 03 19:54:31 witherspoon systemd[1]: Reached target Chassis0 power on after reset.
Aug 03 19:54:31 witherspoon systemd[1]: Reached target Chassis0 (Reset Check).
Aug 03 19:54:31 witherspoon timemanager[1160]: Changing settings *allowed* now
Aug 03 19:54:32 witherspoon timemanager[1160]: Owner is already set to : BMC
Aug 03 19:54:32 witherspoon systemd[1]: Started Wait for /xyz/openbmc_project/state/host0.
Aug 03 19:54:32 witherspoon systemd[1]: Starting Reboot If Enabled...
Aug 03 19:54:32 witherspoon timemanager[1160]: Requested_Mode: NTP Current_Mode: NTP
Aug 03 19:54:32 witherspoon timemanager[1160]: Mode is already set to : NTP
Aug 03 19:54:32 witherspoon timemanager[1160]: Getting System Settings: use_dhcp_ntp
Aug 03 19:54:33 witherspoon timemanager[1160]: use_dhcp_ntp = yes
Aug 03 19:54:33 witherspoon timemanager[1160]: Last known host_offset:0
Aug 03 19:54:33 witherspoon timemanager[1160]: Initial Uptime Usec: 1501789957210255
Aug 03 19:54:33 witherspoon systemd[1]: Started Phosphor Time Manager daemon.
Aug 03 19:54:33 witherspoon phosphor-discover-system-state[1174]: Host power is off, checking power policy
Aug 03 19:54:33 witherspoon systemd[1]: Started Reboot If Enabled.
Aug 03 19:54:33 witherspoon systemd[1]: Started Wait for /xyz/openbmc_project/control/host0.
Aug 03 19:54:33 witherspoon systemd[1]: Reached target Host0 running after reset.
Aug 03 19:54:33 witherspoon systemd[1]: Reached target Host0 (Reset Check).
Aug 03 19:54:33 witherspoon systemd[1]: Reached target Phosphor System - Standby.
Aug 03 19:54:33 witherspoon systemd[1]: Starting Assert bmc_booted LED...
Aug 03 19:54:33 witherspoon phosphor-bmc-state-manager[1120]: BMC_READY
Aug 03 19:54:33 witherspoon phosphor-bmc-state-manager[1120]: Setting the BMCState field
Aug 03 19:54:34 witherspoon systemd[1]: Started Assert bmc_booted LED.
Aug 03 19:54:34 witherspoon systemd[1]: Startup finished in 8.926s (kernel) + 1min 48.127s (userspace) = 1min 57.054s.
Aug 03 19:54:35 witherspoon phosphor-gevent[1081]: Traceback (most recent call last):
Aug 03 19:54:35 witherspoon phosphor-gevent[1081]:   File "/usr/lib/python2.7/site-packages/gevent/greenlet.py", line 327, in run
Aug 03 19:54:35 witherspoon phosphor-gevent[1081]:     result = self._run(*self.args, **self.kwargs)
Aug 03 19:54:35 witherspoon phosphor-gevent[1081]:   File "/usr/lib/python2.7/site-packages/gevent/server.py", line 102, in wrap_socket_and_handle
Aug 03 19:54:35 witherspoon phosphor-gevent[1081]:     ssl_socket = self.wrap_socket(client_socket, **self.ssl_args)
Aug 03 19:54:35 witherspoon phosphor-gevent[1081]:   File "/usr/lib/python2.7/site-packages/gevent/ssl.py", line 404, in wrap_socket
Aug 03 19:54:35 witherspoon phosphor-gevent[1081]:     ciphers=ciphers)
Aug 03 19:54:35 witherspoon phosphor-gevent[1081]:   File "/usr/lib/python2.7/site-packages/gevent/ssl.py", line 113, in __init__
Aug 03 19:54:35 witherspoon phosphor-gevent[1081]:     self.do_handshake()
Aug 03 19:54:35 witherspoon phosphor-gevent[1081]:   File "/usr/lib/python2.7/site-packages/gevent/ssl.py", line 324, in do_handshake
Aug 03 19:54:35 witherspoon phosphor-gevent[1081]:     return self._sslobj.do_handshake()
Aug 03 19:54:35 witherspoon phosphor-gevent[1081]: SSLEOFError: EOF occurred in violation of protocol (_ssl.c:590)
Aug 03 19:54:35 witherspoon phosphor-gevent[1081]: <Greenlet at 0x7604c3f0: <bound method WSGIServer.wrap_socket_and_handle of <WSGIServer at 0x76022b50 fileno=5 address=('::3462:f376:b03d:6976%1986608544', 443, 0, 1986608544)>>(<socket at 0x75ef9830 fileno=9>, ('::8049:6776:8e91:f402%1995590428', 38918, 0, 199)> failed with SSLEOFError
Aug 03 19:54:35 witherspoon phosphor-gevent[1081]: Traceback (most recent call last):
Aug 03 19:54:35 witherspoon phosphor-gevent[1081]:   File "/usr/lib/python2.7/site-packages/gevent/greenlet.py", line 327, in run
Aug 03 19:54:35 witherspoon phosphor-gevent[1081]:     result = self._run(*self.args, **self.kwargs)
Aug 03 19:54:35 witherspoon phosphor-gevent[1081]:   File "/usr/lib/python2.7/site-packages/gevent/server.py", line 102, in wrap_socket_and_handle
Aug 03 19:54:35 witherspoon phosphor-gevent[1081]:     ssl_socket = self.wrap_socket(client_socket, **self.ssl_args)
Aug 03 19:54:35 witherspoon phosphor-gevent[1081]:   File "/usr/lib/python2.7/site-packages/gevent/ssl.py", line 404, in wrap_socket
Aug 03 19:54:35 witherspoon phosphor-gevent[1081]:     ciphers=ciphers)
Aug 03 19:54:35 witherspoon phosphor-gevent[1081]:   File "/usr/lib/python2.7/site-packages/gevent/ssl.py", line 113, in __init__
Aug 03 19:54:35 witherspoon phosphor-gevent[1081]:     self.do_handshake()
Aug 03 19:54:35 witherspoon phosphor-gevent[1081]:   File "/usr/lib/python2.7/site-packages/gevent/ssl.py", line 324, in do_handshake
Aug 03 19:54:35 witherspoon phosphor-gevent[1081]:     return self._sslobj.do_handshake()
Aug 03 19:54:35 witherspoon phosphor-gevent[1081]: SSLEOFError: EOF occurred in violation of protocol (_ssl.c:590)
Aug 03 19:54:35 witherspoon phosphor-gevent[1081]: <Greenlet at 0x7604c6c0: <bound method WSGIServer.wrap_socket_and_handle of <WSGIServer at 0x76022b50 fileno=5 address=('::3462:f376:b03d:6976%1986608544', 443, 0, 1986608544)>>(<socket at 0x75ef97d0 fileno=10>, ('::8049:6776:8e91:f402%1995590428', 38940, 0, 199)> failed with SSLEOFError
Aug 03 19:54:36 witherspoon phosphor-gevent[1081]: Traceback (most recent call last):
Aug 03 19:54:36 witherspoon phosphor-gevent[1081]:   File "/usr/lib/python2.7/site-packages/gevent/greenlet.py", line 327, in run
Aug 03 19:54:36 witherspoon phosphor-gevent[1081]:     result = self._run(*self.args, **self.kwargs)
Aug 03 19:54:36 witherspoon phosphor-gevent[1081]:   File "/usr/lib/python2.7/site-packages/gevent/server.py", line 102, in wrap_socket_and_handle
Aug 03 19:54:36 witherspoon phosphor-gevent[1081]:     ssl_socket = self.wrap_socket(client_socket, **self.ssl_args)
Aug 03 19:54:36 witherspoon phosphor-gevent[1081]:   File "/usr/lib/python2.7/site-packages/gevent/ssl.py", line 404, in wrap_socket
Aug 03 19:54:36 witherspoon phosphor-gevent[1081]:     ciphers=ciphers)
Aug 03 19:54:36 witherspoon phosphor-gevent[1081]:   File "/usr/lib/python2.7/site-packages/gevent/ssl.py", line 113, in __init__
Aug 03 19:54:36 witherspoon phosphor-gevent[1081]:     self.do_handshake()
Aug 03 19:54:36 witherspoon phosphor-gevent[1081]:   File "/usr/lib/python2.7/site-packages/gevent/ssl.py", line 324, in do_handshake
Aug 03 19:54:36 witherspoon phosphor-gevent[1081]:     return self._sslobj.do_handshake()
Aug 03 19:54:36 witherspoon phosphor-gevent[1081]: SSLEOFError: EOF occurred in violation of protocol (_ssl.c:590)
Aug 03 19:54:36 witherspoon phosphor-gevent[1081]: <Greenlet at 0x7604c3a0: <bound method WSGIServer.wrap_socket_and_handle of <WSGIServer at 0x76022b50 fileno=5 address=('::3462:f376:b03d:6976%1986608544', 443, 0, 1986608544)>>(<socket at 0x75ef9870 fileno=11>, ('::8049:6776:8e91:f402%1995590428', 38942, 0, 199)> failed with SSLEOFError
Aug 03 19:54:44 witherspoon phosphor-gevent[1081]: ::8049:6776:8e91:f402%1995590428 - - [2017-08-03 19:54:44] "POST /login HTTP/1.1" 200 320 0.045258
Aug 03 19:54:44 witherspoon phosphor-gevent[1081]: ::8049:6776:8e91:f402%1995590428 - - [2017-08-03 19:54:44] "GET /xyz/openbmc_project/state/chassis0//attr/CurrentPowerState HTTP/1.1" 200 216 0.058978
Aug 03 19:54:44 witherspoon phosphor-gevent[1081]: ::8049:6776:8e91:f402%1995590428 - - [2017-08-03 19:54:44] "POST /login HTTP/1.1" 200 320 0.033177
Aug 03 19:54:44 witherspoon phosphor-gevent[1081]: ::8049:6776:8e91:f402%1995590428 - - [2017-08-03 19:54:44] "GET /xyz/openbmc_project/state/chassis0//attr/CurrentPowerState HTTP/1.1" 200 216 0.048734
Aug 03 19:54:44 witherspoon phosphor-gevent[1081]: ::8049:6776:8e91:f402%1995590428 - - [2017-08-03 19:54:44] "POST /login HTTP/1.1" 200 320 0.033888
Aug 03 19:54:44 witherspoon phosphor-gevent[1081]: ::8049:6776:8e91:f402%1995590428 - - [2017-08-03 19:54:44] "GET /org/openbmc/sensors/host/BootProgress/attr/value HTTP/1.1" 200 170 0.052220
Aug 03 19:54:44 witherspoon phosphor-gevent[1081]: ::8049:6776:8e91:f402%1995590428 - - [2017-08-03 19:54:44] "POST /login HTTP/1.1" 200 320 0.032713
Aug 03 19:54:45 witherspoon phosphor-gevent[1081]: ::8049:6776:8e91:f402%1995590428 - - [2017-08-03 19:54:45] "GET /xyz/openbmc_project/state/host0//attr/CurrentHostState HTTP/1.1" 200 212 0.077213
Aug 03 19:54:45 witherspoon phosphor-gevent[1081]: ::8049:6776:8e91:f402%1995590428 - - [2017-08-03 19:54:45] "POST /login HTTP/1.1" 200 320 0.049077
Aug 03 19:54:45 witherspoon phosphor-gevent[1081]: ::8049:6776:8e91:f402%1995590428 - - [2017-08-03 19:54:45] "GET /xyz/openbmc_project/logging/entry//list HTTP/1.1" 200 214 0.060401
Aug 03 19:54:45 witherspoon phosphor-gevent[1081]: ::8049:6776:8e91:f402%1995590428 - - [2017-08-03 19:54:45] "POST /login HTTP/1.1" 200 320 0.045514
Aug 03 19:54:45 witherspoon phosphor-gevent[1081]: ::8049:6776:8e91:f402%1995590428 - - [2017-08-03 19:54:45] "GET /xyz/openbmc_project/logging/entry//list HTTP/1.1" 200 214 0.037906
Aug 03 19:54:45 witherspoon phosphor-gevent[1081]: ::8049:6776:8e91:f402%1995590428 - - [2017-08-03 19:54:45] "POST /login HTTP/1.1" 200 320 0.033003
Aug 03 19:54:45 witherspoon phosphor-gevent[1081]: ::8049:6776:8e91:f402%1995590428 - - [2017-08-03 19:54:45] "DELETE /xyz/openbmc_project/logging/entry/1 HTTP/1.1" 200 169 0.080678
Aug 03 19:54:46 witherspoon systemd[1]: Started SSH Per-Connection Server (9.41.165.94:55804).
Aug 03 19:54:46 witherspoon dropbear[1184]: Failed loading /etc/dropbear/dropbear_dss_host_key
Aug 03 19:54:46 witherspoon dropbear[1184]: Failed loading /etc/dropbear/dropbear_ecdsa_host_key
Aug 03 19:54:46 witherspoon dropbear[1184]: Child connection from ::ffff:9.41.165.94:55804
Aug 03 19:54:46 witherspoon dropbear[1184]: PAM password auth succeeded for 'root' from ::ffff:9.41.165.94:55804
Aug 03 19:54:46 witherspoon dropbear[1185]: lastlog_perform_login: Couldn't stat /var/log/lastlog: No such file or directory
Aug 03 19:54:46 witherspoon dropbear[1185]: lastlog_openseek: /var/log/lastlog is not a file or directory!
Aug 03 19:54:48 witherspoon phosphor-gevent[1081]: ::8049:6776:8e91:f402%1995590428 - - [2017-08-03 19:54:48] "POST /login HTTP/1.1" 200 320 0.042838
Aug 03 19:54:48 witherspoon phosphor-gevent[1081]: ::8049:6776:8e91:f402%1995590428 - - [2017-08-03 19:54:48] "GET /xyz/openbmc_project/state/host0//attr/CurrentHostState HTTP/1.1" 200 212 0.075006
Aug 03 19:54:48 witherspoon dropbear[1022]: Exit (root): Exited normally
Aug 03 19:54:48 witherspoon dropbear[1184]: Exit (root): Exited normally
Aug 03 19:55:02 witherspoon phosphor-gevent[1081]: ::8049:6776:8e91:f402%1995590428 - - [2017-08-03 19:55:02] "POST /login HTTP/1.1" 200 320 0.034006
Aug 03 19:55:02 witherspoon phosphor-version-software-manager[1004]: tar: short read
Aug 03 19:55:02 witherspoon phosphor-version-software-manager[1004]: Error No manifest file
Aug 03 19:55:02 witherspoon phosphor-version-software-manager[1004]: An error when reading the Manifest file.
Aug 03 19:55:02 witherspoon phosphor-fru-fault-monitor[1087]: /xyz/openbmc_project/logging/entry/2
Aug 03 19:55:02 witherspoon phosphor-version-software-manager[1004]: Error processing image
Aug 03 19:55:08 witherspoon phosphor-gevent[1081]: ::8049:6776:8e91:f402%1995590428 - - [2017-08-03 19:55:08] "POST /upload/image HTTP/1.1" 200 169 6.578894
Aug 03 19:55:08 witherspoon phosphor-version-software-manager[1004]: Untaring
Aug 03 19:55:08 witherspoon systemd[1]: Started SSH Per-Connection Server (9.41.165.94:55812).
Aug 03 19:55:09 witherspoon dropbear[1199]: Failed loading /etc/dropbear/dropbear_dss_host_key
Aug 03 19:55:09 witherspoon dropbear[1199]: Failed loading /etc/dropbear/dropbear_ecdsa_host_key
Aug 03 19:55:09 witherspoon dropbear[1199]: Child connection from ::ffff:9.41.165.94:55812
Aug 03 19:55:09 witherspoon openpower-update-manager[994]: Error in reading file
Aug 03 19:55:09 witherspoon dropbear[1199]: PAM password auth succeeded for 'root' from ::ffff:9.41.165.94:55812
Aug 03 19:55:09 witherspoon dropbear[1200]: lastlog_perform_login: Couldn't stat /var/log/lastlog: No such file or directory
Aug 03 19:55:09 witherspoon dropbear[1200]: lastlog_openseek: /var/log/lastlog is not a file or directory!
Aug 03 19:55:11 witherspoon systemd[1]: Started SSH Per-Connection Server (9.41.165.94:55814).
Aug 03 19:55:11 witherspoon dropbear[1204]: Failed loading /etc/dropbear/dropbear_dss_host_key
Aug 03 19:55:11 witherspoon dropbear[1204]: Failed loading /etc/dropbear/dropbear_ecdsa_host_key
Aug 03 19:55:11 witherspoon dropbear[1204]: Child connection from ::ffff:9.41.165.94:55814
Aug 03 19:55:11 witherspoon dropbear[1204]: PAM password auth succeeded for 'root' from ::ffff:9.41.165.94:55814
Aug 03 19:55:11 witherspoon dropbear[1205]: lastlog_perform_login: Couldn't stat /var/log/lastlog: No such file or directory
Aug 03 19:55:11 witherspoon dropbear[1205]: lastlog_openseek: /var/log/lastlog is not a file or directory!
Aug 03 19:55:12 witherspoon systemd[1]: Started SSH Per-Connection Server (9.41.165.94:55816).
Aug 03 19:55:12 witherspoon dropbear[1211]: Failed loading /etc/dropbear/dropbear_dss_host_key
Aug 03 19:55:12 witherspoon dropbear[1211]: Failed loading /etc/dropbear/dropbear_ecdsa_host_key
Aug 03 19:55:12 witherspoon dropbear[1211]: Child connection from ::ffff:9.41.165.94:55816
Aug 03 19:55:13 witherspoon dropbear[1211]: PAM password auth succeeded for 'root' from ::ffff:9.41.165.94:55816
Aug 03 19:55:13 witherspoon dropbear[1212]: lastlog_perform_login: Couldn't stat /var/log/lastlog: No such file or directory
Aug 03 19:55:13 witherspoon dropbear[1212]: lastlog_openseek: /var/log/lastlog is not a file or directory!
Aug 03 19:55:14 witherspoon systemd[1]: Started SSH Per-Connection Server (9.41.165.94:55818).
Aug 03 19:55:14 witherspoon dropbear[1215]: Failed loading /etc/dropbear/dropbear_dss_host_key
Aug 03 19:55:14 witherspoon dropbear[1215]: Failed loading /etc/dropbear/dropbear_ecdsa_host_key
Aug 03 19:55:14 witherspoon dropbear[1215]: Child connection from ::ffff:9.41.165.94:55818
Aug 03 19:55:15 witherspoon dropbear[1215]: PAM password auth succeeded for 'root' from ::ffff:9.41.165.94:55818
Aug 03 19:55:15 witherspoon dropbear[1216]: lastlog_perform_login: Couldn't stat /var/log/lastlog: No such file or directory
Aug 03 19:55:15 witherspoon dropbear[1216]: lastlog_openseek: /var/log/lastlog is not a file or directory!
Aug 03 19:55:16 witherspoon phosphor-gevent[1081]: ::8049:6776:8e91:f402%1995590428 - - [2017-08-03 19:55:16] "POST /login HTTP/1.1" 200 320 0.033156
Aug 03 19:55:16 witherspoon phosphor-gevent[1081]: ::8049:6776:8e91:f402%1995590428 - - [2017-08-03 19:55:16] "GET /xyz/openbmc_project/software/e49bc78e/attr/Activation HTTP/1.1" 200 225 0.110840
Aug 03 19:55:16 witherspoon phosphor-gevent[1081]: ::8049:6776:8e91:f402%1995590428 - - [2017-08-03 19:55:16] "POST /login HTTP/1.1" 200 320 0.032887
Aug 03 19:55:16 witherspoon phosphor-gevent[1081]: ::8049:6776:8e91:f402%1995590428 - - [2017-08-03 19:55:16] "GET /xyz/openbmc_project/software/e49bc78e HTTP/1.1" 200 801 0.118128
Aug 03 19:55:17 witherspoon phosphor-gevent[1081]: ::8049:6776:8e91:f402%1995590428 - - [2017-08-03 19:55:17] "POST /login HTTP/1.1" 200 320 0.033191
Aug 03 19:55:17 witherspoon phosphor-gevent[1081]: ::8049:6776:8e91:f402%1995590428 - - [2017-08-03 19:55:17] "PUT /xyz/openbmc_project/software/e49bc78e/attr/RequestedActivation HTTP/1.1" 200 169 0.512203
Aug 03 19:55:17 witherspoon systemd[1]: Created slice system-obmc\x2dflash\x2dbios\x2dubimount.slice.
Aug 03 19:55:17 witherspoon systemd[1]: Starting Attach the PNOR mtd device to UBI...
Aug 03 19:55:17 witherspoon systemd[1]: Created slice system-obmc\x2dflash\x2dbios\x2dsquashfsmount.slice.
Aug 03 19:55:17 witherspoon kernel: UBIFS error (pid: 1020): cannot open "ubi7:pnor-patch", error -19
Aug 03 19:55:17 witherspoon kernel: ubi7: default fastmap pool size: 100
Aug 03 19:55:17 witherspoon kernel: ubi7: default fastmap WL pool size: 50
Aug 03 19:55:17 witherspoon kernel: ubi7: attaching mtd7
Aug 03 19:55:17 witherspoon kernel[955]: [   44.710000] UBIFS error (pid: 1020): cannot open "ubi7:pnor-patch", error -19
Aug 03 19:55:17 witherspoon kernel[955]: [  160.680000] ubi7: default fastmap pool size: 100
Aug 03 19:55:17 witherspoon kernel[955]: [  160.680000] ubi7: default fastmap WL pool size: 50
Aug 03 19:55:17 witherspoon kernel[955]: [  160.680000] ubi7: attaching mtd7
Aug 03 19:55:18 witherspoon obmc-flash-bios[1222]: ubiattach: error!: cannot attach mtd7
Aug 03 19:55:18 witherspoon obmc-flash-bios[1222]:            error 22 (Invalid argument)
Aug 03 19:55:18 witherspoon obmc-flash-bios[1222]: Starting ubiformat /dev/mtd7
Aug 03 19:55:18 witherspoon kernel: ubi7: scanning is finished
Aug 03 19:55:18 witherspoon kernel: ubi7 error: ubi_read_volume_table: the layout volume was not found
Aug 03 19:55:18 witherspoon kernel: ubi7 error: ubi_attach_mtd_dev: failed to attach mtd7, error -22
Aug 03 19:55:18 witherspoon kernel[955]: [  160.870000] ubi7: scanning is finished
Aug 03 19:55:18 witherspoon kernel[955]: [  160.870000] ubi7 error: ubi_read_volume_table: the layout volume was not found
Aug 03 19:55:18 witherspoon kernel[955]: [  160.870000] ubi7 error: ubi_attach_mtd_dev: failed to attach mtd7, error -22
Aug 03 19:55:18 witherspoon phosphor-gevent[1081]: ::8049:6776:8e91:f402%1995590428 - - [2017-08-03 19:55:18] "POST /login HTTP/1.1" 200 320 0.163204
Aug 03 19:55:18 witherspoon phosphor-gevent[1081]: ::8049:6776:8e91:f402%1995590428 - - [2017-08-03 19:55:18] "GET /xyz/openbmc_project/software/e49bc78e HTTP/1.1" 200 829 0.251274
Aug 03 19:55:18 witherspoon systemd[1]: Started SSH Per-Connection Server (9.41.165.94:55828).
Aug 03 19:55:18 witherspoon dropbear[1229]: Failed loading /etc/dropbear/dropbear_dss_host_key
Aug 03 19:55:18 witherspoon dropbear[1229]: Failed loading /etc/dropbear/dropbear_ecdsa_host_key
Aug 03 19:55:18 witherspoon dropbear[1229]: Child connection from ::ffff:9.41.165.94:55828
Aug 03 19:55:19 witherspoon dropbear[1229]: PAM password auth succeeded for 'root' from ::ffff:9.41.165.94:55828
Aug 03 19:55:19 witherspoon dropbear[1230]: lastlog_perform_login: Couldn't stat /var/log/lastlog: No such file or directory
Aug 03 19:55:19 witherspoon dropbear[1230]: lastlog_openseek: /var/log/lastlog is not a file or directory!
Aug 03 19:55:21 witherspoon phosphor-gevent[1081]: ::8049:6776:8e91:f402%1995590428 - - [2017-08-03 19:55:21] "POST /login HTTP/1.1" 200 320 0.049507
Aug 03 19:55:21 witherspoon phosphor-gevent[1081]: ::8049:6776:8e91:f402%1995590428 - - [2017-08-03 19:55:21] "GET /xyz/openbmc_project/software/e49bc78e HTTP/1.1" 200 829 0.350225
Aug 03 19:56:21 witherspoon phosphor-gevent[1081]: ::8049:6776:8e91:f402%1995590428 - - [2017-08-03 19:56:21] "POST /login HTTP/1.1" 200 320 0.033077
Aug 03 19:56:21 witherspoon phosphor-gevent[1081]: ::8049:6776:8e91:f402%1995590428 - - [2017-08-03 19:56:21] "GET /xyz/openbmc_project/software/e49bc78e HTTP/1.1" 200 829 0.134103
Aug 03 19:57:22 witherspoon phosphor-gevent[1081]: ::8049:6776:8e91:f402%1995590428 - - [2017-08-03 19:57:22] "POST /login HTTP/1.1" 200 320 0.033280
Aug 03 19:57:22 witherspoon phosphor-gevent[1081]: ::8049:6776:8e91:f402%1995590428 - - [2017-08-03 19:57:22] "GET /xyz/openbmc_project/software/e49bc78e HTTP/1.1" 200 829 0.127561
Aug 03 19:58:13 witherspoon avahi-daemon[978]: Withdrawing address record for 9.3.86.161 on eth0.
Aug 03 19:58:13 witherspoon avahi-daemon[978]: Host name conflict, retrying with witherspoon-2
Aug 03 19:58:13 witherspoon avahi-daemon[978]: Registering new address record for fe80::72e2:84ff:fe14:23e1 on eth0.*.
Aug 03 19:58:13 witherspoon avahi-daemon[978]: Registering new address record for 9.3.86.161 on eth0.IPv4.
Aug 03 19:58:13 witherspoon avahi-daemon[978]: Withdrawing address record for 9.3.86.161 on eth0.
Aug 03 19:58:13 witherspoon avahi-daemon[978]: Host name conflict, retrying with witherspoon-3
Aug 03 19:58:13 witherspoon avahi-daemon[978]: Registering new address record for fe80::72e2:84ff:fe14:23e1 on eth0.*.
Aug 03 19:58:13 witherspoon avahi-daemon[978]: Registering new address record for 9.3.86.161 on eth0.IPv4.
Aug 03 19:58:15 witherspoon avahi-daemon[978]: Withdrawing address record for 9.3.86.161 on eth0.
Aug 03 19:58:15 witherspoon avahi-daemon[978]: Host name conflict, retrying with witherspoon-4
Aug 03 19:58:15 witherspoon avahi-daemon[978]: Registering new address record for fe80::72e2:84ff:fe14:23e1 on eth0.*.
Aug 03 19:58:15 witherspoon avahi-daemon[978]: Registering new address record for 9.3.86.161 on eth0.IPv4.
Aug 03 19:58:16 witherspoon avahi-daemon[978]: Withdrawing address record for 9.3.86.161 on eth0.
Aug 03 19:58:16 witherspoon avahi-daemon[978]: Host name conflict, retrying with witherspoon-5
Aug 03 19:58:16 witherspoon avahi-daemon[978]: Registering new address record for fe80::72e2:84ff:fe14:23e1 on eth0.*.
Aug 03 19:58:16 witherspoon avahi-daemon[978]: Registering new address record for 9.3.86.161 on eth0.IPv4.
Aug 03 19:58:18 witherspoon avahi-daemon[978]: Withdrawing address record for 9.3.86.161 on eth0.
Aug 03 19:58:18 witherspoon avahi-daemon[978]: Host name conflict, retrying with witherspoon-6
Aug 03 19:58:18 witherspoon avahi-daemon[978]: Registering new address record for fe80::72e2:84ff:fe14:23e1 on eth0.*.
Aug 03 19:58:18 witherspoon avahi-daemon[978]: Registering new address record for 9.3.86.161 on eth0.IPv4.
Aug 03 19:58:19 witherspoon avahi-daemon[978]: Withdrawing address record for 9.3.86.161 on eth0.
Aug 03 19:58:19 witherspoon avahi-daemon[978]: Host name conflict, retrying with witherspoon-7
Aug 03 19:58:19 witherspoon avahi-daemon[978]: Registering new address record for fe80::72e2:84ff:fe14:23e1 on eth0.*.
Aug 03 19:58:19 witherspoon avahi-daemon[978]: Registering new address record for 9.3.86.161 on eth0.IPv4.
Aug 03 19:58:21 witherspoon avahi-daemon[978]: Withdrawing address record for 9.3.86.161 on eth0.
Aug 03 19:58:21 witherspoon avahi-daemon[978]: Host name conflict, retrying with witherspoon-8
Aug 03 19:58:21 witherspoon avahi-daemon[978]: Registering new address record for fe80::72e2:84ff:fe14:23e1 on eth0.*.
Aug 03 19:58:21 witherspoon avahi-daemon[978]: Registering new address record for 9.3.86.161 on eth0.IPv4.
Aug 03 19:58:23 witherspoon avahi-daemon[978]: Withdrawing address record for 9.3.86.161 on eth0.
Aug 03 19:58:23 witherspoon avahi-daemon[978]: Host name conflict, retrying with witherspoon-9
Aug 03 19:58:23 witherspoon avahi-daemon[978]: Registering new address record for fe80::72e2:84ff:fe14:23e1 on eth0.*.
Aug 03 19:58:23 witherspoon avahi-daemon[978]: Registering new address record for 9.3.86.161 on eth0.IPv4.
Aug 03 19:58:23 witherspoon phosphor-gevent[1081]: ::8049:6776:8e91:f402%1995590428 - - [2017-08-03 19:58:23] "POST /login HTTP/1.1" 200 320 0.033109
Aug 03 19:58:23 witherspoon phosphor-gevent[1081]: ::8049:6776:8e91:f402%1995590428 - - [2017-08-03 19:58:23] "GET /xyz/openbmc_project/software/e49bc78e HTTP/1.1" 200 829 0.127428
Aug 03 19:58:25 witherspoon avahi-daemon[978]: Withdrawing address record for 9.3.86.161 on eth0.
Aug 03 19:58:25 witherspoon avahi-daemon[978]: Host name conflict, retrying with witherspoon-10
Aug 03 19:58:25 witherspoon avahi-daemon[978]: Registering new address record for fe80::72e2:84ff:fe14:23e1 on eth0.*.
Aug 03 19:58:25 witherspoon avahi-daemon[978]: Registering new address record for 9.3.86.161 on eth0.IPv4.
Aug 03 19:58:25 witherspoon avahi-daemon[978]: Withdrawing address record for fe80::72e2:84ff:fe14:23e1 on eth0.
Aug 03 19:58:25 witherspoon avahi-daemon[978]: Host name conflict, retrying with witherspoon-11
Aug 03 19:58:25 witherspoon avahi-daemon[978]: Registering new address record for fe80::72e2:84ff:fe14:23e1 on eth0.*.
Aug 03 19:58:25 witherspoon avahi-daemon[978]: Registering new address record for 9.3.86.161 on eth0.IPv4.
Aug 03 19:58:28 witherspoon avahi-daemon[978]: Withdrawing address record for 9.3.86.161 on eth0.
Aug 03 19:58:28 witherspoon avahi-daemon[978]: Host name conflict, retrying with witherspoon-12
Aug 03 19:58:28 witherspoon avahi-daemon[978]: Registering new address record for fe80::72e2:84ff:fe14:23e1 on eth0.*.
Aug 03 19:58:28 witherspoon avahi-daemon[978]: Registering new address record for 9.3.86.161 on eth0.IPv4.
Aug 03 19:58:28 witherspoon avahi-daemon[978]: Withdrawing address record for 9.3.86.161 on eth0.
Aug 03 19:58:28 witherspoon avahi-daemon[978]: Host name conflict, retrying with witherspoon-13
