-- Logs begin at Tue 2017-08-01 03:11:11 UTC, end at Tue 2017-08-01 03:22:02 UTC. --
Aug 01 03:11:11 witherspoon kernel: Booting Linux on physical CPU 0x0
Aug 01 03:11:11 witherspoon kernel: Linux version 4.10.17-44f0dc8ac43162c4f7082884d6cd79400341bf5b (jenkins@openbmc-builder1) (gcc version 6.2.0 (GCC) ) #1 Tue Aug 1 02:53:00 UTC 2017
Aug 01 03:11:11 witherspoon kernel: CPU: ARMv6-compatible processor [410fb767] revision 7 (ARMv7), cr=00c5387d
Aug 01 03:11:11 witherspoon kernel: CPU: PIPT / VIPT nonaliasing data cache, VIPT nonaliasing instruction cache
Aug 01 03:11:11 witherspoon kernel: OF: fdt:Machine model: Witherspoon BMC
Aug 01 03:11:11 witherspoon kernel: Memory policy: Data cache writeback
Aug 01 03:11:11 witherspoon kernel: SOC Rev: 04030303
Aug 01 03:11:11 witherspoon kernel: On node 0 totalpages: 110592
Aug 01 03:11:11 witherspoon kernel: free_area_init_node: node 0, pgdat 805ff5e4, node_mem_map 9ec1a000
Aug 01 03:11:11 witherspoon kernel:   Normal zone: 992 pages used for memmap
Aug 01 03:11:11 witherspoon kernel:   Normal zone: 0 pages reserved
Aug 01 03:11:11 witherspoon kernel:   Normal zone: 110592 pages, LIFO batch:31
Aug 01 03:11:11 witherspoon kernel: pcpu-alloc: s0 r0 d32768 u32768 alloc=1*32768
Aug 01 03:11:11 witherspoon kernel: pcpu-alloc: [0] 0 
Aug 01 03:11:11 witherspoon kernel: Built 1 zonelists in Zone order, mobility grouping on.  Total pages: 109600
Aug 01 03:11:11 witherspoon kernel: Kernel command line: console=ttyS4,115200n8 root=/dev/ram rw
Aug 01 03:11:11 witherspoon kernel: PID hash table entries: 2048 (order: 1, 8192 bytes)
Aug 01 03:11:11 witherspoon kernel: Dentry cache hash table entries: 65536 (order: 6, 262144 bytes)
Aug 01 03:11:11 witherspoon kernel: Inode-cache hash table entries: 32768 (order: 5, 131072 bytes)
Aug 01 03:11:11 witherspoon kernel: Memory: 430436K/442368K available (4065K kernel code, 280K rwdata, 1192K rodata, 284K init, 111K bss, 11932K reserved, 0K cma-reserved)
Aug 01 03:11:11 witherspoon kernel: Virtual kernel memory layout:
                                        vector  : 0xffff0000 - 0xffff1000   (   4 kB)
                                        fixmap  : 0xffc00000 - 0xfff00000   (3072 kB)
                                        vmalloc : 0x9f800000 - 0xff800000   (1536 MB)
                                        lowmem  : 0x80000000 - 0x9f000000   ( 496 MB)
                                          .text : 0x80008000 - 0x804007a0   (4066 kB)
                                          .init : 0x80585000 - 0x805cc000   ( 284 kB)
                                          .data : 0x805cc000 - 0x80612358   ( 281 kB)
                                           .bss : 0x80612358 - 0x8062e1f8   ( 112 kB)
Aug 01 03:11:11 witherspoon kernel: NR_IRQS:16 nr_irqs:16 16
Aug 01 03:11:11 witherspoon kernel: i2c controller registered, irq 16
Aug 01 03:11:11 witherspoon kernel: clocksource: moxart_timer: mask: 0xffffffff max_cycles: 0xffffffff, max_idle_ns: 77222644334 ns
Aug 01 03:11:11 witherspoon kernel: sched_clock: 32 bits at 100 Hz, resolution 10000000ns, wraps every 21474836475000000ns
Aug 01 03:11:11 witherspoon kernel: Calibrating delay loop... 789.70 BogoMIPS (lpj=3948544)
Aug 01 03:11:11 witherspoon kernel: pid_max: default: 32768 minimum: 301
Aug 01 03:11:11 witherspoon kernel: Mount-cache hash table entries: 1024 (order: 0, 4096 bytes)
Aug 01 03:11:11 witherspoon kernel: Mountpoint-cache hash table entries: 1024 (order: 0, 4096 bytes)
Aug 01 03:11:11 witherspoon kernel: CPU: Testing write buffer coherency: ok
Aug 01 03:11:11 witherspoon kernel: ftrace: allocating 14932 entries in 44 pages
Aug 01 03:11:11 witherspoon kernel: Setting up static identity map for 0x80008200 - 0x8000825c
Aug 01 03:11:11 witherspoon kernel: devtmpfs: initialized
Aug 01 03:11:11 witherspoon kernel: clocksource: jiffies: mask: 0xffffffff max_cycles: 0xffffffff, max_idle_ns: 19112604462750000 ns
Aug 01 03:11:11 witherspoon kernel: futex hash table entries: 256 (order: -1, 3072 bytes)
Aug 01 03:11:11 witherspoon kernel: pinctrl core: initialized pinctrl subsystem
Aug 01 03:11:11 witherspoon kernel: NET: Registered protocol family 16
Aug 01 03:11:11 witherspoon kernel: DMA: preallocated 256 KiB pool for atomic coherent allocations
Aug 01 03:11:11 witherspoon kernel: usbcore: registered new interface driver usbfs
Aug 01 03:11:11 witherspoon kernel: usbcore: registered new interface driver hub
Aug 01 03:11:11 witherspoon kernel: usbcore: registered new device driver usb
Aug 01 03:11:11 witherspoon kernel: clocksource: Switched to clocksource moxart_timer
Aug 01 03:11:11 witherspoon kernel: NET: Registered protocol family 2
Aug 01 03:11:11 witherspoon kernel: TCP established hash table entries: 4096 (order: 2, 16384 bytes)
Aug 01 03:11:11 witherspoon kernel: TCP bind hash table entries: 4096 (order: 2, 16384 bytes)
Aug 01 03:11:11 witherspoon kernel: TCP: Hash tables configured (established 4096 bind 4096)
Aug 01 03:11:11 witherspoon kernel: UDP hash table entries: 256 (order: 0, 4096 bytes)
Aug 01 03:11:11 witherspoon kernel: UDP-Lite hash table entries: 256 (order: 0, 4096 bytes)
Aug 01 03:11:11 witherspoon kernel: NET: Registered protocol family 1
Aug 01 03:11:11 witherspoon kernel: Trying to unpack rootfs image as initramfs...
Aug 01 03:11:11 witherspoon kernel: Freeing initrd memory: 1548K
Aug 01 03:11:11 witherspoon kernel: workingset: timestamp_bits=30 max_order=17 bucket_order=0
Aug 01 03:11:11 witherspoon kernel: squashfs: version 4.0 (2009/01/31) Phillip Lougher
Aug 01 03:11:11 witherspoon kernel: jffs2: version 2.2. (SUMMARY)  © 2001-2006 Red Hat, Inc.
Aug 01 03:11:11 witherspoon kernel: Block layer SCSI generic (bsg) driver version 0.4 loaded (major 250)
Aug 01 03:11:11 witherspoon kernel: io scheduler noop registered
Aug 01 03:11:11 witherspoon kernel: io scheduler deadline registered
Aug 01 03:11:11 witherspoon kernel: io scheduler cfq registered (default)
Aug 01 03:11:11 witherspoon kernel: ipmi-bt-host 1e789140.ibt: Found bt bmc device
Aug 01 03:11:11 witherspoon kernel: ipmi-bt-host 1e789140.ibt: Using IRQ 22
Aug 01 03:11:11 witherspoon kernel: Serial: 8250/16550 driver, 6 ports, IRQ sharing enabled
Aug 01 03:11:11 witherspoon kernel: 1e783000.serial: ttyS0 at MMIO 0x1e783000 (irq = 23, base_baud = 1500000) is a 16550A
Aug 01 03:11:11 witherspoon kernel: 1e78d000.serial: ttyS1 at MMIO 0x1e78d000 (irq = 24, base_baud = 1500000) is a 16550A
Aug 01 03:11:11 witherspoon kernel: 1e784000.serial: ttyS4 at MMIO 0x1e784000 (irq = 25, base_baud = 1500000) is a 16550A
Aug 01 03:11:11 witherspoon kernel: console [ttyS4] enabled
Aug 01 03:11:11 witherspoon kernel: 1e787000.vuart: ttyS2 at MMIO 0x1e787000 (irq = 22, base_baud = 1500000) is a 16550A
Aug 01 03:11:11 witherspoon kernel: timeriomem_rng 1e6e2078.hwrng: 32bits from 0xf00e2078 @ 1us
Aug 01 03:11:11 witherspoon kernel: random: fast init done
Aug 01 03:11:11 witherspoon kernel: brd: module loaded
Aug 01 03:11:11 witherspoon kernel: random: crng init done
Aug 01 03:11:11 witherspoon kernel: loop: module loaded
Aug 01 03:11:11 witherspoon kernel: aspeed-lpc-ctrl 1e789080.lpc-ctrl: Loaded at 0x98000000 (0x04000000)
Aug 01 03:11:11 witherspoon kernel: aspeed-smc 1e620000.flash-controller: Using IRQ 18
Aug 01 03:11:11 witherspoon kernel: aspeed-smc 1e620000.flash-controller: DMA support disabled.
Aug 01 03:11:11 witherspoon kernel: aspeed-smc 1e620000.flash-controller: mx25l25635e (32768 Kbytes)
Aug 01 03:11:11 witherspoon kernel: aspeed-smc 1e620000.flash-controller: CE0 window [ 0x20000000 - 0x22000000 ] 32MB
Aug 01 03:11:11 witherspoon kernel: aspeed-smc 1e620000.flash-controller: CE1 window [ 0x22000000 - 0x2a000000 ] 128MB
Aug 01 03:11:11 witherspoon kernel: 5 ofpart partitions found on MTD device bmc
Aug 01 03:11:11 witherspoon kernel: Creating 5 MTD partitions on "bmc":
Aug 01 03:11:11 witherspoon kernel: 0x000000000000-0x000000060000 : "u-boot"
Aug 01 03:11:11 witherspoon kernel: 0x000000060000-0x000000080000 : "u-boot-env"
Aug 01 03:11:11 witherspoon kernel: 0x000000080000-0x0000004c0000 : "kernel"
Aug 01 03:11:11 witherspoon kernel: 0x0000004c0000-0x000001c00000 : "rofs"
Aug 01 03:11:11 witherspoon kernel: 0x000001c00000-0x000002000000 : "rwfs"
Aug 01 03:11:11 witherspoon kernel: aspeed-smc 1e620000.flash-controller: mx25l25635e (32768 Kbytes)
Aug 01 03:11:11 witherspoon kernel: aspeed-smc 1e620000.flash-controller: CE1 window [ 0x22000000 - 0x24000000 ] 32MB
Aug 01 03:11:11 witherspoon kernel: aspeed-smc 1e620000.flash-controller: CE2 window [ 0x24000000 - 0x2c000000 ] 128MB
Aug 01 03:11:11 witherspoon kernel: aspeed-smc 1e630000.flash-controller: mx66l1g45g (131072 Kbytes)
Aug 01 03:11:11 witherspoon kernel: aspeed-smc 1e630000.flash-controller: CE0 window resized to 120MB (AST2500 HW quirk)
Aug 01 03:11:11 witherspoon kernel: aspeed-smc 1e630000.flash-controller: CE0 window [ 0x30000000 - 0x37800000 ] 120MB
Aug 01 03:11:11 witherspoon kernel: aspeed-smc 1e630000.flash-controller: CE0 window too small for chip 128MB
Aug 01 03:11:11 witherspoon kernel: aspeed-smc 1e630000.flash-controller: CE1 window [ 0x37800000 - 0x38000000 ] 8MB
Aug 01 03:11:11 witherspoon kernel: libphy: Fixed MDIO Bus: probed
Aug 01 03:11:11 witherspoon kernel: ftgmac100 1e660000.ethernet: Read MAC address 70:e2:84:14:28:a9 from chip
Aug 01 03:11:11 witherspoon kernel: ftgmac100 1e660000.ethernet: Using NCSI interface
Aug 01 03:11:11 witherspoon kernel: ftgmac100 1e660000.ethernet eth0: irq 20, mapped at f0060000
Aug 01 03:11:11 witherspoon kernel: ehci_hcd: USB 2.0 'Enhanced' Host Controller (EHCI) Driver
Aug 01 03:11:11 witherspoon kernel: ehci-platform: EHCI generic platform driver
Aug 01 03:11:11 witherspoon kernel:  fsi0: can't read slave 00:00 -5
Aug 01 03:11:11 witherspoon kernel: i2c /dev entries driver
Aug 01 03:11:11 witherspoon kernel: aspeed-i2c-bus 1e78a0c0.i2c-bus: i2c bus 2 registered, irq 26
Aug 01 03:11:11 witherspoon kernel: aspeed-i2c-bus 1e78a100.i2c-bus: i2c bus 3 registered, irq 27
Aug 01 03:11:11 witherspoon kernel: aspeed-i2c-bus 1e78a140.i2c-bus: i2c bus 4 registered, irq 28
Aug 01 03:11:11 witherspoon kernel: aspeed-i2c-bus 1e78a180.i2c-bus: i2c bus 5 registered, irq 29
Aug 01 03:11:11 witherspoon kernel: aspeed-i2c-bus 1e78a380.i2c-bus: i2c bus 9 registered, irq 30
Aug 01 03:11:11 witherspoon kernel: aspeed-i2c-bus 1e78a3c0.i2c-bus: i2c bus 10 registered, irq 31
Aug 01 03:11:11 witherspoon kernel: rtc-rv8803 11-0032: Voltage low, temperature compensation stopped.
Aug 01 03:11:11 witherspoon kernel: rtc-rv8803 11-0032: rtc core: registered rx8900 as rtc0
Aug 01 03:11:11 witherspoon kernel: at24 11-0051: 8192 byte 24c64 EEPROM, writable, 1 bytes/write
Aug 01 03:11:11 witherspoon kernel: aspeed-i2c-bus 1e78a400.i2c-bus: i2c bus 11 registered, irq 32
Aug 01 03:11:11 witherspoon kernel: aspeed-i2c-bus 1e78a440.i2c-bus: i2c bus 12 registered, irq 33
Aug 01 03:11:11 witherspoon kernel: aspeed-i2c-bus 1e78a480.i2c-bus: i2c bus 13 registered, irq 34
Aug 01 03:11:11 witherspoon kernel: Driver for 1-wire Dallas network protocol.
Aug 01 03:11:11 witherspoon kernel: lm75 9-004a: hwmon0: sensor 'tmp275'
Aug 01 03:11:11 witherspoon kernel: ucd9000 11-0064: Device ID UCD90160|2.3.4.0000|110603
Aug 01 03:11:11 witherspoon kernel: leds-pca955x 3-0060: leds-pca955x: Using pca9552 16-bit LED driver at slave address 0x60
Aug 01 03:11:11 witherspoon kernel: leds-pca955x 11-0060: leds-pca955x: Using pca9552 16-bit LED driver at slave address 0x60
Aug 01 03:11:11 witherspoon kernel: leds-pca955x 11-0060: gpios 264...279
Aug 01 03:11:11 witherspoon kernel: usbcore: registered new interface driver usbhid
Aug 01 03:11:11 witherspoon kernel: usbhid: USB HID core driver
Aug 01 03:11:11 witherspoon kernel: dps310 3-0076: iio:device1: sensor 'dps310'
Aug 01 03:11:11 witherspoon kernel: NET: Registered protocol family 10
Aug 01 03:11:11 witherspoon kernel: Segment Routing with IPv6
Aug 01 03:11:11 witherspoon kernel: NET: Registered protocol family 17
Aug 01 03:11:11 witherspoon kernel: 8021q: 802.1Q VLAN Support v1.8
Aug 01 03:11:11 witherspoon kernel: console [netcon0] enabled
Aug 01 03:11:11 witherspoon kernel: netconsole: network logging started
Aug 01 03:11:11 witherspoon kernel: input: gpio-keys as /devices/platform/gpio-keys/input/input0
Aug 01 03:11:11 witherspoon kernel: rtc-rv8803 11-0032: setting system clock to 2017-08-01 03:10:57 UTC (1501557057)
Aug 01 03:11:11 witherspoon kernel: Freeing unused kernel memory: 284K
Aug 01 03:11:11 witherspoon kernel: This architecture does not have kernel memory protection.
Aug 01 03:11:11 witherspoon kernel: jffs2: notice: (526) jffs2_build_xattr_subsystem: complete building xattr subsystem, 0 of xdatum (0 unchecked, 0 orphan) and 0 of xref (0 dead, 0 orphan) found.
Aug 01 03:11:11 witherspoon systemd[1]: Failed to insert module 'autofs4': No such file or directory
Aug 01 03:11:11 witherspoon systemd[1]: systemd 232 running in system mode. (+PAM -AUDIT -SELINUX -IMA -APPARMOR -SMACK +SYSVINIT -UTMP -LIBCRYPTSETUP -GCRYPT -GNUTLS +ACL +XZ -LZ4 -SECCOMP +BLKID -ELFUTILS +KMOD -IDN)
Aug 01 03:11:11 witherspoon systemd[1]: Detected architecture arm.
Aug 01 03:11:11 witherspoon systemd[1]: Set hostname to <witherspoon>.
Aug 01 03:11:11 witherspoon systemd[1]: Started Dispatch Password Requests to Console Directory Watch.
Aug 01 03:11:11 witherspoon systemd[1]: Reached target Swap.
Aug 01 03:11:11 witherspoon systemd[1]: Started Forward Password Requests to Wall Directory Watch.
Aug 01 03:11:11 witherspoon systemd[1]: Reached target Paths.
Aug 01 03:11:11 witherspoon systemd[1]: Listening on Journal Socket (/dev/log).
Aug 01 03:11:11 witherspoon systemd[1]: Listening on Network Service Netlink Socket.
Aug 01 03:11:11 witherspoon systemd[1]: Reached target Remote File Systems.
Aug 01 03:11:11 witherspoon systemd[1]: Created slice system-phosphor\x2dreset\x2dhost\x2drunning.slice.
Aug 01 03:11:11 witherspoon systemd[1]: Created slice system-phosphor\x2dgpio\x2dpresence.slice.
Aug 01 03:11:11 witherspoon systemd[1]: Reached target Slices.
Aug 01 03:11:11 witherspoon systemd[1]: Mounting Temporary Directory...
Aug 01 03:11:11 witherspoon systemd[1]: dev-hugepages.mount: Couldn't determine result for ConditionVirtualization=!private-users, assuming failed: No such file or directory
Aug 01 03:11:11 witherspoon systemd[1]: Created slice system-obmc\x2dled\x2dgroup\x2dstart.slice.
Aug 01 03:11:11 witherspoon systemd[1]: Starting Remount Root and Kernel File Systems...
Aug 01 03:11:11 witherspoon systemd[1]: Created slice system-serial\x2dgetty.slice.
Aug 01 03:11:11 witherspoon systemd[1]: Created slice system-org.openbmc.buttons.reset.slice.
Aug 01 03:11:11 witherspoon systemd[1]: Created slice system-org.openbmc.control.Chassis.slice.
Aug 01 03:11:11 witherspoon systemd[1]: Created slice system-mapper\x2dwait.slice.
Aug 01 03:11:11 witherspoon systemd-journald[659]: Journal started
Aug 01 03:11:11 witherspoon systemd-journald[659]: Runtime journal (/run/log/journal/12c6a00ebfdd479284cf09f39d1bc042) is 0B, max 0B, 0B free.
Aug 01 03:11:11 witherspoon systemd-sysctl[553]: Couldn't write '16' to 'kernel/sysrq', ignoring: No such file or directory
Aug 01 03:11:11 witherspoon systemd-sysctl[553]: Couldn't write 'fq_codel' to 'net/core/default_qdisc', ignoring: No such file or directory
Aug 01 03:11:12 witherspoon systemd[1]: Created slice system-phosphor\x2ddiscover\x2dsystem\x2dstate.slice.
Aug 01 03:11:12 witherspoon systemd[1]: Created slice system-getty.slice.
Aug 01 03:11:13 witherspoon systemd[1]: Created slice system-phosphor\x2dreset\x2dhost\x2dcheck.slice.
Aug 01 03:11:13 witherspoon systemd[1]: Mounted Debug File System.
Aug 01 03:11:13 witherspoon systemd[1]: Mounted Temporary Directory.
Aug 01 03:11:14 witherspoon systemd[1]: Started Journal Service.
Aug 01 03:11:14 witherspoon systemd[1]: Started Remount Root and Kernel File Systems.
Aug 01 03:11:14 witherspoon systemd[1]: Started Apply Kernel Variables.
Aug 01 03:11:15 witherspoon systemd[1]: Starting Create System Users...
Aug 01 03:11:15 witherspoon systemd[1]: Starting Flush Journal to Persistent Storage...
Aug 01 03:11:16 witherspoon systemd[1]: Started udev Coldplug all Devices.
Aug 01 03:11:16 witherspoon systemd[1]: Started Create System Users.
Aug 01 03:11:16 witherspoon systemd[1]: Starting Create Static Device Nodes in /dev...
Aug 01 03:11:17 witherspoon systemd-journald[659]: Runtime journal (/run/log/journal/12c6a00ebfdd479284cf09f39d1bc042) is 0B, max 0B, 0B free.
Aug 01 03:11:17 witherspoon systemd[1]: Started Flush Journal to Persistent Storage.
Aug 01 03:11:17 witherspoon systemd[1]: Started Create Static Device Nodes in /dev.
Aug 01 03:11:18 witherspoon systemd[1]: Starting udev Kernel Device Manager...
Aug 01 03:11:18 witherspoon systemd[1]: Reached target Local File Systems (Pre).
Aug 01 03:11:18 witherspoon systemd[1]: Mounting /var/volatile...
Aug 01 03:11:18 witherspoon systemd[1]: Mounted /var/volatile.
Aug 01 03:11:18 witherspoon systemd[1]: Reached target Local File Systems.
Aug 01 03:11:18 witherspoon systemd[1]: Starting Rebuild Journal Catalog...
Aug 01 03:11:18 witherspoon systemd[1]: Starting Create Volatile Files and Directories...
Aug 01 03:11:18 witherspoon systemd[1]: Starting Load/Save Random Seed...
Aug 01 03:11:18 witherspoon systemd[1]: Started Load/Save Random Seed.
Aug 01 03:11:19 witherspoon systemd[1]: Started Rebuild Journal Catalog.
Aug 01 03:11:19 witherspoon systemd-tmpfiles[896]: "/var/tmp" already exists and is not a directory.
Aug 01 03:11:19 witherspoon systemd-tmpfiles[896]: "/var/log" already exists and is not a directory.
Aug 01 03:11:19 witherspoon systemd[1]: Started Create Volatile Files and Directories.
Aug 01 03:11:19 witherspoon systemd[1]: Starting Run pending postinsts...
Aug 01 03:11:19 witherspoon systemd[1]: Starting Network Time Synchronization...
Aug 01 03:11:19 witherspoon systemd[1]: Starting Update is Completed...
Aug 01 03:11:19 witherspoon systemd[1]: Started udev Kernel Device Manager.
Aug 01 03:11:21 witherspoon systemd[1]: Started Network Time Synchronization.
Aug 01 03:11:21 witherspoon systemd[1]: Started Update is Completed.
Aug 01 03:11:21 witherspoon systemd[1]: Reached target System Time Synchronized.
Aug 01 03:11:22 witherspoon systemd[1]: Found device /dev/aspeed-lpc-ctrl.
Aug 01 03:11:22 witherspoon run-postinsts[904]: Running postinst /etc/rpm-postinsts/libglib-2.0-0...
Aug 01 03:11:22 witherspoon systemd[1]: Found device /dev/aspeed-mbox.
Aug 01 03:11:22 witherspoon systemd[1]: Found device /dev/ttyS4.
Aug 01 03:11:22 witherspoon systemd[1]: Found device /dev/ttyVUART0.
Aug 01 03:11:22 witherspoon systemd[1]: Created slice system-xyz.openbmc_project.led.controller.slice.
Aug 01 03:11:22 witherspoon systemd[1]: dev-hugepages.mount: Couldn't determine result for ConditionVirtualization=!private-users, assuming failed: No such file or directory
Aug 01 03:11:22 witherspoon systemd[1]: Created slice system-xyz.openbmc_project.Hwmon.slice.
Aug 01 03:11:22 witherspoon systemd[1]: dev-hugepages.mount: Couldn't determine result for ConditionVirtualization=!private-users, assuming failed: No such file or directory
Aug 01 03:11:23 witherspoon systemd[1]: dev-hugepages.mount: Couldn't determine result for ConditionVirtualization=!private-users, assuming failed: No such file or directory
Aug 01 03:11:24 witherspoon run-postinsts[904]: rm: can't remove '/etc/rpm-postinsts': Invalid argument
Aug 01 03:11:24 witherspoon run-postinsts[904]:  Removing any system startup links for run-postinsts ...
Aug 01 03:11:24 witherspoon systemctl[936]: Removed /etc/systemd/system/sysinit.target.wants/run-postinsts.service.
Aug 01 03:11:24 witherspoon systemd[1]: Reloading.
Aug 01 03:11:27 witherspoon systemd[1]: Started Run pending postinsts.
Aug 01 03:11:27 witherspoon systemd[1]: Reached target System Initialization.
Aug 01 03:11:27 witherspoon systemd[1]: Listening on D-Bus System Message Bus Socket.
Aug 01 03:11:27 witherspoon systemd[1]: Listening on Avahi mDNS/DNS-SD Stack Activation Socket.
Aug 01 03:11:27 witherspoon systemd[1]: Listening on phosphor-ipmi-net.socket.
Aug 01 03:11:27 witherspoon systemd[1]: Listening on Phosphor Host Console SSH Per-Connection socket.
Aug 01 03:11:27 witherspoon systemd[1]: Listening on dropbear.socket.
Aug 01 03:11:27 witherspoon systemd[1]: Listening on Phosphor DBUS Browser socket.
Aug 01 03:11:27 witherspoon systemd[1]: Started Daily Cleanup of Temporary Directories.
Aug 01 03:11:27 witherspoon systemd[1]: Reached target Timers.
Aug 01 03:11:27 witherspoon systemd[1]: Listening on Phosphor Webserver socket.
Aug 01 03:11:27 witherspoon systemd[1]: Reached target Sockets.
Aug 01 03:11:27 witherspoon systemd[1]: Reached target Basic System.
Aug 01 03:11:27 witherspoon systemd[1]: Started Phosphor MBOX Daemon.
Aug 01 03:11:27 witherspoon systemd[1]: Started Phosphor Dump core monitor..
Aug 01 03:11:28 witherspoon systemd[1]: Started Phosphor sysfs LED controller.
Aug 01 03:11:28 witherspoon systemd[1]: Starting Phosphor User Manager...
Aug 01 03:11:28 witherspoon systemd[1]: Starting Phosphor IPMI BT DBus Bridge...
Aug 01 03:11:28 witherspoon systemd[1]: Started Phosphor sysfs LED controller.
Aug 01 03:11:28 witherspoon systemd[1]: Starting Attach the PNOR mtd device to UBI...
Aug 01 03:11:28 witherspoon systemd[1]: Starting OpenBMC Software Update Manager...
Aug 01 03:11:28 witherspoon systemd[1]: Started Phosphor sysfs LED controller.
Aug 01 03:11:28 witherspoon systemd[1]: Started Phosphor sysfs LED controller.
Aug 01 03:11:28 witherspoon systemd[1]: Starting Phosphor Chassis0 Control...
Aug 01 03:11:28 witherspoon systemd[1]: Started D-Bus System Message Bus.
Aug 01 03:11:29 witherspoon kernel: ubi7: default fastmap pool size: 100
Aug 01 03:11:29 witherspoon kernel: ubi7: default fastmap WL pool size: 50
Aug 01 03:11:29 witherspoon kernel: ubi7: attaching mtd7
Aug 01 03:11:29 witherspoon kernel: ubi7: scanning is finished
Aug 01 03:11:29 witherspoon kernel: ubi7 error: ubi_read_volume_table: the layout volume was not found
Aug 01 03:11:29 witherspoon kernel: ubi7 error: ubi_attach_mtd_dev: failed to attach mtd7, error -22
Aug 01 03:11:30 witherspoon obmc-flash-bios[954]: ubiattach: error!: cannot attach mtd7
Aug 01 03:11:30 witherspoon obmc-flash-bios[954]:            error 22 (Invalid argument)
Aug 01 03:11:30 witherspoon obmc-flash-bios[954]: Starting ubiformat /dev/mtd7
Aug 01 03:11:32 witherspoon systemd[1]: Started OpenBMC Software Update Manager.
Aug 01 03:11:32 witherspoon systemd[1]: Started Phosphor IPMI BT DBus Bridge.
Aug 01 03:11:32 witherspoon systemd[1]: Starting Network Service...
Aug 01 03:11:32 witherspoon systemd[1]: Started Phosphor sysfs LED controller.
Aug 01 03:11:32 witherspoon systemd[1]: Reached target Containers.
Aug 01 03:11:32 witherspoon systemd[1]: Started Phosphor sysfs LED controller.
Aug 01 03:11:33 witherspoon systemd[1]: Starting Avahi mDNS/DNS-SD Stack...
Aug 01 03:11:33 witherspoon systemd[1]: Starting Phosphor Inventory Manager...
Aug 01 03:11:33 witherspoon systemd[1]: Starting Phosphor Download Manager...
Aug 01 03:11:33 witherspoon systemd[1]: Starting Phosphor Dump Manager...
Aug 01 03:11:33 witherspoon systemd[1]: Starting Clear one time boot overrides...
Aug 01 03:11:33 witherspoon systemd[1]: Starting Phosphor Log Manager...
Aug 01 03:11:33 witherspoon systemd[1]: Starting Phosphor Inventory Manager...
Aug 01 03:11:35 witherspoon systemd[1]: Started Phosphor sysfs LED controller.
Aug 01 03:11:35 witherspoon systemd[1]: Starting Phosphor Network Manager...
Aug 01 03:11:35 witherspoon systemd[1]: Starting Phosphor DBus Service Discovery Manager...
Aug 01 03:11:35 witherspoon systemd-networkd[966]: Could not create runtime directory: File exists
Aug 01 03:11:35 witherspoon systemd-networkd[966]: Could not create runtime directory 'links': File exists
Aug 01 03:11:35 witherspoon systemd-networkd[966]: Could not create runtime directory 'leases': File exists
Aug 01 03:11:36 witherspoon systemd[1]: Starting Phosphor Download Manager...
Aug 01 03:11:36 witherspoon systemd[1]: Starting Phosphor BMC0 Control...
Aug 01 03:11:36 witherspoon systemd[1]: Started Phosphor sysfs LED controller.
Aug 01 03:11:36 witherspoon systemd[1]: Started Phosphor Console Muxer listening on device /dev/ttyVUART0.
Aug 01 03:11:36 witherspoon systemd[1]: Starting Phosphor Settings Daemon...
Aug 01 03:11:37 witherspoon systemd[1]: Started Phosphor sysfs LED controller.
Aug 01 03:11:37 witherspoon systemd[1]: Started Hardware RNG Entropy Gatherer Daemon.
Aug 01 03:11:37 witherspoon systemd[1]: Starting Phosphor Sensor Manager...
Aug 01 03:11:38 witherspoon systemd[1]: Starting Phosphor LED Group Management Daemon...
Aug 01 03:11:38 witherspoon systemd[1]: Started Kernel Logging Service.
Aug 01 03:11:38 witherspoon kernel[990]: klogd started: BusyBox v1.24.1 (2017-06-16 19:29:08 UTC)
Aug 01 03:11:38 witherspoon kernel[990]: [    0.000000] Booting Linux on physical CPU 0x0
Aug 01 03:11:38 witherspoon kernel[990]: [    0.000000] Linux version 4.10.17-44f0dc8ac43162c4f7082884d6cd79400341bf5b (jenkins@openbmc-builder1) (gcc version 6.2.0 (GCC) ) #1 Tue Aug 1 02:53:00 UTC 2017
Aug 01 03:11:38 witherspoon kernel[990]: [    0.000000] CPU: ARMv6-compatible processor [410fb767] revision 7 (ARMv7), cr=00c5387d
Aug 01 03:11:38 witherspoon kernel[990]: [    0.000000] CPU: PIPT / VIPT nonaliasing data cache, VIPT nonaliasing instruction cache
Aug 01 03:11:38 witherspoon kernel[990]: [    0.000000] OF: fdt:Machine model: Witherspoon BMC
Aug 01 03:11:38 witherspoon kernel[990]: [    0.000000] Memory policy: Data cache writeback
Aug 01 03:11:38 witherspoon kernel[990]: [    0.000000] SOC Rev: 04030303
Aug 01 03:11:38 witherspoon kernel[990]: [    0.000000] On node 0 totalpages: 110592
Aug 01 03:11:38 witherspoon kernel[990]: [    0.000000] free_area_init_node: node 0, pgdat 805ff5e4, node_mem_map 9ec1a000
Aug 01 03:11:38 witherspoon kernel[990]: [    0.000000]   Normal zone: 992 pages used for memmap
Aug 01 03:11:38 witherspoon kernel[990]: [    0.000000]   Normal zone: 0 pages reserved
Aug 01 03:11:38 witherspoon kernel[990]: [    0.000000]   Normal zone: 110592 pages, LIFO batch:31
Aug 01 03:11:38 witherspoon kernel[990]: [    0.000000] pcpu-alloc: s0 r0 d32768 u32768 alloc=1*32768
Aug 01 03:11:38 witherspoon kernel[990]: [    0.000000] pcpu-alloc: [0] 0
Aug 01 03:11:38 witherspoon kernel[990]: [    0.000000] Built 1 zonelists in Zone order, mobility grouping on.  Total pages: 109600
Aug 01 03:11:38 witherspoon kernel[990]: [    0.000000] Kernel command line: console=ttyS4,115200n8 root=/dev/ram rw
Aug 01 03:11:38 witherspoon kernel[990]: [    0.000000] PID hash table entries: 2048 (order: 1, 8192 bytes)
Aug 01 03:11:38 witherspoon kernel[990]: [    0.000000] Dentry cache hash table entries: 65536 (order: 6, 262144 bytes)
Aug 01 03:11:38 witherspoon kernel[990]: [    0.000000] Inode-cache hash table entries: 32768 (order: 5, 131072 bytes)
Aug 01 03:11:38 witherspoon kernel[990]: [    0.000000] Memory: 430436K/442368K available (4065K kernel code, 280K rwdata, 1192K rodata, 284K init, 111K bss, 11932K reserved, 0K cma-reserved)
Aug 01 03:11:38 witherspoon kernel[990]: [    0.000000] Virtual kernel memory layout:
Aug 01 03:11:38 witherspoon kernel[990]: [    0.000000]     vector  : 0xffff0000 - 0xffff1000   (   4 kB)
Aug 01 03:11:38 witherspoon kernel[990]: [    0.000000]     fixmap  : 0xffc00000 - 0xfff00000   (3072 kB)
Aug 01 03:11:38 witherspoon kernel[990]: [    0.000000]     vmalloc : 0x9f800000 - 0xff800000   (1536 MB)
Aug 01 03:11:38 witherspoon kernel[990]: [    0.000000]     lowmem  : 0x80000000 - 0x9f000000   ( 496 MB)
Aug 01 03:11:38 witherspoon kernel[990]: [    0.000000]       .text : 0x80008000 - 0x804007a0   (4066 kB)
Aug 01 03:11:38 witherspoon kernel[990]: [    0.000000]       .init : 0x80585000 - 0x805cc000   ( 284 kB)
Aug 01 03:11:38 witherspoon kernel[990]: [    0.000000]       .data : 0x805cc000 - 0x80612358   ( 281 kB)
Aug 01 03:11:38 witherspoon kernel[990]: [    0.000000]        .bss : 0x80612358 - 0x8062e1f8   ( 112 kB)
Aug 01 03:11:38 witherspoon kernel[990]: [    0.000000] NR_IRQS:16 nr_irqs:16 16
Aug 01 03:11:38 witherspoon kernel[990]: [    0.000000] i2c controller registered, irq 16
Aug 01 03:11:38 witherspoon kernel[990]: [    0.000000] clocksource: moxart_timer: mask: 0xffffffff max_cycles: 0xffffffff, max_idle_ns: 77222644334 ns
Aug 01 03:11:38 witherspoon kernel[990]: [    0.000000] sched_clock: 32 bits at 100 Hz, resolution 10000000ns, wraps every 21474836475000000ns
Aug 01 03:11:38 witherspoon kernel[990]: [    0.090000] Calibrating delay loop... 789.70 BogoMIPS (lpj=3948544)
Aug 01 03:11:38 witherspoon kernel[990]: [    0.090000] pid_max: default: 32768 minimum: 301
Aug 01 03:11:38 witherspoon kernel[990]: [    0.090000] Mount-cache hash table entries: 1024 (order: 0, 4096 bytes)
Aug 01 03:11:38 witherspoon kernel[990]: [    0.090000] Mountpoint-cache hash table entries: 1024 (order: 0, 4096 bytes)
Aug 01 03:11:38 witherspoon kernel[990]: [    0.090000] CPU: Testing write buffer coherency: ok
Aug 01 03:11:38 witherspoon kernel[990]: [    0.090000] ftrace: allocating 14932 entries in 44 pages
Aug 01 03:11:38 witherspoon kernel[990]: [    0.120000] Setting up static identity map for 0x80008200 - 0x8000825c
Aug 01 03:11:38 witherspoon kernel[990]: [    0.120000] devtmpfs: initialized
Aug 01 03:11:38 witherspoon kernel[990]: [    0.140000] clocksource: jiffies: mask: 0xffffffff max_cycles: 0xffffffff, max_idle_ns: 19112604462750000 ns
Aug 01 03:11:38 witherspoon kernel[990]: [    0.140000] futex hash table entries: 256 (order: -1, 3072 bytes)
Aug 01 03:11:38 witherspoon kernel[990]: [    0.140000] pinctrl core: initialized pinctrl subsystem
Aug 01 03:11:38 witherspoon kernel[990]: [    0.140000] NET: Registered protocol family 16
Aug 01 03:11:38 witherspoon kernel[990]: [    0.140000] DMA: preallocated 256 KiB pool for atomic coherent allocations
Aug 01 03:11:38 witherspoon kernel[990]: [    0.210000] usbcore: registered new interface driver usbfs
Aug 01 03:11:38 witherspoon kernel[990]: [    0.210000] usbcore: registered new interface driver hub
Aug 01 03:11:38 witherspoon kernel[990]: [    0.210000] usbcore: registered new device driver usb
Aug 01 03:11:38 witherspoon kernel[990]: [    0.220000] clocksource: Switched to clocksource moxart_timer
Aug 01 03:11:38 witherspoon kernel[990]: [    0.240000] NET: Registered protocol family 2
Aug 01 03:11:38 witherspoon kernel[990]: [    0.240000] TCP established hash table entries: 4096 (order: 2, 16384 bytes)
Aug 01 03:11:38 witherspoon kernel[990]: [    0.240000] TCP bind hash table entries: 4096 (order: 2, 16384 bytes)
Aug 01 03:11:38 witherspoon kernel[990]: [    0.240000] TCP: Hash tables configured (established 4096 bind 4096)
Aug 01 03:11:38 witherspoon kernel[990]: [    0.240000] UDP hash table entries: 256 (order: 0, 4096 bytes)
Aug 01 03:11:38 witherspoon kernel[990]: [    0.240000] UDP-Lite hash table entries: 256 (order: 0, 4096 bytes)
Aug 01 03:11:38 witherspoon kernel[990]: [    0.240000] NET: Registered protocol family 1
Aug 01 03:11:38 witherspoon kernel[990]: [    0.240000] Trying to unpack rootfs image as initramfs...
Aug 01 03:11:38 witherspoon kernel[990]: [    1.910000] Freeing initrd memory: 1548K
Aug 01 03:11:38 witherspoon kernel[990]: [    1.910000] workingset: timestamp_bits=30 max_order=17 bucket_order=0
Aug 01 03:11:38 witherspoon kernel[990]: [    1.910000] squashfs: version 4.0 (2009/01/31) Phillip Lougher
Aug 01 03:11:38 witherspoon kernel[990]: [    1.910000] jffs2: version 2.2. (SUMMARY)  © 2001-2006 Red Hat, Inc.
Aug 01 03:11:38 witherspoon kernel[990]: [    1.910000] Block layer SCSI generic (bsg) driver version 0.4 loaded (major 250)
Aug 01 03:11:38 witherspoon kernel[990]: [    1.910000] io scheduler noop registered
Aug 01 03:11:38 witherspoon kernel[990]: [    1.910000] io scheduler deadline registered
Aug 01 03:11:38 witherspoon kernel[990]: [    1.910000] io scheduler cfq registered (default)
Aug 01 03:11:38 witherspoon kernel[990]: [    2.060000] ipmi-bt-host 1e789140.ibt: Found bt bmc device
Aug 01 03:11:38 witherspoon kernel[990]: [    2.060000] ipmi-bt-host 1e789140.ibt: Using IRQ 22
Aug 01 03:11:38 witherspoon kernel[990]: [    2.060000] Serial: 8250/16550 driver, 6 ports, IRQ sharing enabled
Aug 01 03:11:38 witherspoon kernel[990]: [    2.060000] 1e783000.serial: ttyS0 at MMIO 0x1e783000 (irq = 23, base_baud = 1500000) is a 16550A
Aug 01 03:11:38 witherspoon kernel[990]: [    2.060000] 1e78d000.serial: ttyS1 at MMIO 0x1e78d000 (irq = 24, base_baud = 1500000) is a 16550A
Aug 01 03:11:38 witherspoon kernel[990]: [    2.060000] 1e784000.serial: ttyS4 at MMIO 0x1e784000 (irq = 25, base_baud = 1500000) is a 16550A
Aug 01 03:11:38 witherspoon kernel[990]: [    2.410000] console [ttyS4] enabled
Aug 01 03:11:38 witherspoon kernel[990]: [    2.410000] 1e787000.vuart: ttyS2 at MMIO 0x1e787000 (irq = 22, base_baud = 1500000) is a 16550A
Aug 01 03:11:38 witherspoon kernel[990]: [    2.600000] timeriomem_rng 1e6e2078.hwrng: 32bits from 0xf00e2078 @ 1us
Aug 01 03:11:38 witherspoon kernel[990]: [    2.610000] random: fast init done
Aug 01 03:11:38 witherspoon kernel[990]: [    2.650000] brd: module loaded
Aug 01 03:11:38 witherspoon kernel[990]: [    2.670000] random: crng init done
Aug 01 03:11:38 witherspoon kernel[990]: [    2.690000] loop: module loaded
Aug 01 03:11:38 witherspoon kernel[990]: [    2.690000] aspeed-lpc-ctrl 1e789080.lpc-ctrl: Loaded at 0x98000000 (0x04000000)
Aug 01 03:11:38 witherspoon kernel[990]: [    2.700000] aspeed-smc 1e620000.flash-controller: Using IRQ 18
Aug 01 03:11:38 witherspoon kernel[990]: [    2.700000] aspeed-smc 1e620000.flash-controller: DMA support disabled.
Aug 01 03:11:38 witherspoon kernel[990]: [    2.710000] aspeed-smc 1e620000.flash-controller: mx25l25635e (32768 Kbytes)
Aug 01 03:11:38 witherspoon kernel[990]: [    2.710000] aspeed-smc 1e620000.flash-controller: CE0 window [ 0x20000000 - 0x22000000 ] 32MB
Aug 01 03:11:38 witherspoon kernel[990]: [    2.710000] aspeed-smc 1e620000.flash-controller: CE1 window [ 0x22000000 - 0x2a000000 ] 128MB
Aug 01 03:11:38 witherspoon kernel[990]: [    2.740000] 5 ofpart partitions found on MTD device bmc
Aug 01 03:11:38 witherspoon kernel[990]: [    2.740000] Creating 5 MTD partitions on "bmc":
Aug 01 03:11:38 witherspoon kernel[990]: [    2.750000] 0x000000000000-0x000000060000 : "u-boot"
Aug 01 03:11:38 witherspoon kernel[990]: [    2.750000] 0x000000060000-0x000000080000 : "u-boot-env"
Aug 01 03:11:38 witherspoon kernel[990]: [    2.770000] 0x000000080000-0x0000004c0000 : "kernel"
Aug 01 03:11:38 witherspoon kernel[990]: [    2.780000] 0x0000004c0000-0x000001c00000 : "rofs"
Aug 01 03:11:38 witherspoon kernel[990]: [    2.790000] 0x000001c00000-0x000002000000 : "rwfs"
Aug 01 03:11:38 witherspoon kernel[990]: [    2.800000] aspeed-smc 1e620000.flash-controller: mx25l25635e (32768 Kbytes)
Aug 01 03:11:38 witherspoon kernel[990]: [    2.810000] aspeed-smc 1e620000.flash-controller: CE1 window [ 0x22000000 - 0x24000000 ] 32MB
Aug 01 03:11:38 witherspoon kernel[990]: [    2.810000] aspeed-smc 1e620000.flash-controller: CE2 window [ 0x24000000 - 0x2c000000 ] 128MB
Aug 01 03:11:38 witherspoon kernel[990]: [    2.830000] aspeed-smc 1e630000.flash-controller: mx66l1g45g (131072 Kbytes)
Aug 01 03:11:38 witherspoon kernel[990]: [    2.840000] aspeed-smc 1e630000.flash-controller: CE0 window resized to 120MB (AST2500 HW quirk)
Aug 01 03:11:38 witherspoon kernel[990]: [    2.840000] aspeed-smc 1e630000.flash-controller: CE0 window [ 0x30000000 - 0x37800000 ] 120MB
Aug 01 03:11:38 witherspoon kernel[990]: [    2.860000] aspeed-smc 1e630000.flash-controller: CE0 window too small for chip 128MB
Aug 01 03:11:38 witherspoon kernel[990]: [    2.860000] aspeed-smc 1e630000.flash-controller: CE1 window [ 0x37800000 - 0x38000000 ] 8MB
Aug 01 03:11:38 witherspoon kernel[990]: [    3.630000] libphy: Fixed MDIO Bus: probed
Aug 01 03:11:38 witherspoon kernel[990]: [    3.630000] ftgmac100 1e660000.ethernet: Read MAC address 70:e2:84:14:28:a9 from chip
Aug 01 03:11:38 witherspoon kernel[990]: [    3.630000] ftgmac100 1e660000.ethernet: Using NCSI interface
Aug 01 03:11:38 witherspoon kernel[990]: [    3.630000] ftgmac100 1e660000.ethernet eth0: irq 20, mapped at f0060000
Aug 01 03:11:38 witherspoon kernel[990]: [    3.630000] ehci_hcd: USB 2.0 'Enhanced' Host Controller (EHCI) Driver
Aug 01 03:11:38 witherspoon kernel[990]: [    3.630000] ehci-platform: EHCI generic platform driver
Aug 01 03:11:38 witherspoon kernel[990]: [    3.840000]  fsi0: can't read slave 00:00 -5
Aug 01 03:11:38 witherspoon kernel[990]: [    3.840000] i2c /dev entries driver
Aug 01 03:11:38 witherspoon kernel[990]: [    3.840000] aspeed-i2c-bus 1e78a0c0.i2c-bus: i2c bus 2 registered, irq 26
Aug 01 03:11:38 witherspoon kernel[990]: [    3.840000] aspeed-i2c-bus 1e78a100.i2c-bus: i2c bus 3 registered, irq 27
Aug 01 03:11:38 witherspoon kernel[990]: [    3.840000] aspeed-i2c-bus 1e78a140.i2c-bus: i2c bus 4 registered, irq 28
Aug 01 03:11:38 witherspoon kernel[990]: [    3.840000] aspeed-i2c-bus 1e78a180.i2c-bus: i2c bus 5 registered, irq 29
Aug 01 03:11:38 witherspoon kernel[990]: [    3.840000] aspeed-i2c-bus 1e78a380.i2c-bus: i2c bus 9 registered, irq 30
Aug 01 03:11:38 witherspoon kernel[990]: [    3.840000] aspeed-i2c-bus 1e78a3c0.i2c-bus: i2c bus 10 registered, irq 31
Aug 01 03:11:38 witherspoon kernel[990]: [    3.840000] rtc-rv8803 11-0032: Voltage low, temperature compensation stopped.
Aug 01 03:11:38 witherspoon kernel[990]: [    3.940000] rtc-rv8803 11-0032: rtc core: registered rx8900 as rtc0
Aug 01 03:11:38 witherspoon kernel[990]: [    3.950000] at24 11-0051: 8192 byte 24c64 EEPROM, writable, 1 bytes/write
Aug 01 03:11:38 witherspoon kernel[990]: [    3.950000] aspeed-i2c-bus 1e78a400.i2c-bus: i2c bus 11 registered, irq 32
Aug 01 03:11:38 witherspoon kernel[990]: [    3.950000] aspeed-i2c-bus 1e78a440.i2c-bus: i2c bus 12 registered, irq 33
Aug 01 03:11:38 witherspoon kernel[990]: [    3.950000] aspeed-i2c-bus 1e78a480.i2c-bus: i2c bus 13 registered, irq 34
Aug 01 03:11:38 witherspoon kernel[990]: [    3.950000] Driver for 1-wire Dallas network protocol.
Aug 01 03:11:38 witherspoon kernel[990]: [    3.950000] lm75 9-004a: hwmon0: sensor 'tmp275'
Aug 01 03:11:38 witherspoon kernel[990]: [    4.770000] ucd9000 11-0064: Device ID UCD90160|2.3.4.0000|110603
Aug 01 03:11:38 witherspoon kernel[990]: [    5.090000] leds-pca955x 3-0060: leds-pca955x: Using pca9552 16-bit LED driver at slave address 0x60
Aug 01 03:11:38 witherspoon kernel[990]: [    5.120000] leds-pca955x 11-0060: leds-pca955x: Using pca9552 16-bit LED driver at slave address 0x60
Aug 01 03:11:38 witherspoon kernel[990]: [    5.130000] leds-pca955x 11-0060: gpios 264...279
Aug 01 03:11:38 witherspoon kernel[990]: [    5.130000] usbcore: registered new interface driver usbhid
Aug 01 03:11:38 witherspoon kernel[990]: [    5.140000] usbhid: USB HID core driver
Aug 01 03:11:38 witherspoon kernel[990]: [    5.170000] dps310 3-0076: iio:device1: sensor 'dps310'
Aug 01 03:11:38 witherspoon kernel[990]: [    5.170000] NET: Registered protocol family 10
Aug 01 03:11:38 witherspoon kernel[990]: [    5.180000] Segment Routing with IPv6
Aug 01 03:11:38 witherspoon kernel[990]: [    5.180000] NET: Registered protocol family 17
Aug 01 03:11:38 witherspoon kernel[990]: [    5.180000] 8021q: 802.1Q VLAN Support v1.8
Aug 01 03:11:38 witherspoon kernel[990]: [    5.200000] console [netcon0] enabled
Aug 01 03:11:38 witherspoon kernel[990]: [    5.200000] netconsole: network logging started
Aug 01 03:11:38 witherspoon kernel[990]: [    5.200000] input: gpio-keys as /devices/platform/gpio-keys/input/input0
Aug 01 03:11:38 witherspoon kernel[990]: [    5.220000] rtc-rv8803 11-0032: setting system clock to 2017-08-01 03:10:57 UTC (1501557057)
Aug 01 03:11:38 witherspoon kernel[990]: [    5.230000] Freeing unused kernel memory: 284K
Aug 01 03:11:38 witherspoon kernel[990]: [    5.230000] This architecture does not have kernel memory protection.
Aug 01 03:11:38 witherspoon kernel[990]: [    6.780000] jffs2: notice: (526) jffs2_build_xattr_subsystem: complete building xattr subsystem, 0 of xdatum (0 unchecked, 0 orphan) and 0 of xref (0 dead, 0 orphan) found.
Aug 01 03:11:38 witherspoon kernel[990]: [    9.020000] systemd[1]: Failed to insert module 'autofs4': No such file or directory
Aug 01 03:11:38 witherspoon kernel[990]: [    9.020000] systemd[1]: systemd 232 running in system mode. (+PAM -AUDIT -SELINUX -IMA -APPARMOR -SMACK +SYSVINIT -UTMP -LIBCRYPTSETUP -GCRYPT -GNUTLS +ACL +XZ -LZ4 -SECCOMP +BLKID -ELFUTILS +KMOD -IDN)
Aug 01 03:11:38 witherspoon kernel[990]: [    9.020000] systemd[1]: Detected architecture arm.
Aug 01 03:11:38 witherspoon kernel[990]: [    9.270000] systemd[1]: Set hostname to <witherspoon>.
Aug 01 03:11:38 witherspoon kernel[990]: [   11.000000] systemd[1]: Started Dispatch Password Requests to Console Directory Watch.
Aug 01 03:11:38 witherspoon kernel[990]: [   11.160000] systemd[1]: Reached target Swap.
Aug 01 03:11:38 witherspoon kernel[990]: [   11.320000] systemd[1]: Started Forward Password Requests to Wall Directory Watch.
Aug 01 03:11:38 witherspoon kernel[990]: [   11.490000] systemd[1]: Reached target Paths.
Aug 01 03:11:38 witherspoon kernel[990]: [   11.670000] systemd[1]: Listening on Journal Socket (/dev/log).
Aug 01 03:11:38 witherspoon kernel[990]: [   11.850000] systemd[1]: Listening on Network Service Netlink Socket.
Aug 01 03:11:38 witherspoon kernel[990]: [   12.040000] systemd[1]: Reached target Remote File Systems.
Aug 01 03:11:38 witherspoon kernel[990]: [   14.050000] systemd[1]: Created slice system-phosphor\x2dreset\x2dhost\x2drunning.slice.
Aug 01 03:11:38 witherspoon kernel[990]: [   14.310000] systemd[1]: Created slice system-phosphor\x2dgpio\x2dpresence.slice.
Aug 01 03:11:38 witherspoon kernel[990]: [   14.570000] systemd[1]: Reached target Slices.
Aug 01 03:11:38 witherspoon kernel[990]: [   14.840000] systemd[1]: Mounting Temporary Directory...
Aug 01 03:11:38 witherspoon kernel[990]: [   15.120000] systemd[1]: dev-hugepages.mount: Couldn't determine result for ConditionVirtualization=!private-users, assuming failed: No such file or directory
Aug 01 03:11:38 witherspoon kernel[990]: [   15.120000] systemd[1]: Created slice system-obmc\x2dled\x2dgroup\x2dstart.slice.
Aug 01 03:11:38 witherspoon kernel[990]: [   15.400000] systemd[1]: Starting Remount Root and Kernel File Systems...
Aug 01 03:11:38 witherspoon kernel[990]: [   15.690000] systemd[1]: Created slice system-serial\x2dgetty.slice.
Aug 01 03:11:38 witherspoon kernel[990]: [   15.990000] systemd[1]: Created slice system-org.openbmc.buttons.reset.slice.
Aug 01 03:11:38 witherspoon kernel[990]: [   15.990000] systemd[1]: Created slice system-org.openbmc.control.Chassis.slice.
Aug 01 03:11:38 witherspoon kernel[990]: [   19.320000] systemd[1]: Created slice system-mapper\x2dwait.slice.
Aug 01 03:11:38 witherspoon kernel[990]: [   19.690000] systemd[1]: Created slice system-phosphor\x2ddiscover\x2dsystem\x2dstate.slice.
Aug 01 03:11:38 witherspoon kernel[990]: [   20.070000] systemd[1]: Created slice system-getty.slice.
Aug 01 03:11:38 witherspoon kernel[990]: [   20.450000] systemd[1]: Created slice system-phosphor\x2dreset\x2dhost\x2dcheck.slice.
Aug 01 03:11:38 witherspoon kernel[990]: [   20.840000] systemd[1]: Mounted Debug File System.
Aug 01 03:11:38 witherspoon kernel[990]: [   21.240000] systemd[1]: Mounted Temporary Directory.
Aug 01 03:11:38 witherspoon kernel[990]: [   21.640000] systemd[1]: Started Journal Service.
Aug 01 03:11:38 witherspoon kernel[990]: [   25.110000] systemd-journald[659]: Received request to flush runtime journal from PID 1
Aug 01 03:11:38 witherspoon kernel[990]: [   37.190000] ubi7: default fastmap pool size: 100
Aug 01 03:11:38 witherspoon kernel[990]: [   37.190000] ubi7: default fastmap WL pool size: 50
Aug 01 03:11:38 witherspoon kernel[990]: [   37.190000] ubi7: attaching mtd7
Aug 01 03:11:38 witherspoon kernel[990]: [   37.190000] ubi7: scanning is finished
Aug 01 03:11:38 witherspoon kernel[990]: [   37.190000] ubi7 error: ubi_read_volume_table: the layout volume was not found
Aug 01 03:11:38 witherspoon kernel[990]: [   37.350000] ubi7 error: ubi_attach_mtd_dev: failed to attach mtd7, error -22
Aug 01 03:11:41 witherspoon systemd-networkd[966]: Enumeration completed
Aug 01 03:11:41 witherspoon avahi-daemon[969]: Found user 'avahi' (UID 998) and group 'avahi' (GID 999).
Aug 01 03:11:41 witherspoon systemd[1]: Started System Logging Service.
Aug 01 03:11:41 witherspoon avahi-daemon[969]: Successfully dropped root privileges.
Aug 01 03:11:41 witherspoon avahi-daemon[969]: avahi-daemon 0.6.32 starting up.
Aug 01 03:11:41 witherspoon systemd[1]: Started Phosphor sysfs LED controller.
Aug 01 03:11:41 witherspoon systemd-networkd[966]: eth0: IPv6 enabled for interface: Success
Aug 01 03:11:42 witherspoon avahi-daemon[969]: Successfully called chroot().
Aug 01 03:11:42 witherspoon avahi-daemon[969]: Successfully dropped remaining capabilities.
Aug 01 03:11:42 witherspoon avahi-daemon[969]: Loading service file /services/obmc_console.service.
Aug 01 03:11:42 witherspoon systemd-networkd[966]: eth0: Gained carrier
Aug 01 03:11:42 witherspoon systemd-timesyncd[905]: Network configuration changed, trying to establish connection.
Aug 01 03:11:42 witherspoon systemd[1]: Started Network Service.
Aug 01 03:11:42 witherspoon avahi-daemon[969]: Loading service file /services/phosphor_rest.service.
Aug 01 03:11:42 witherspoon avahi-daemon[969]: Loading service file /services/sftp-ssh.service.
Aug 01 03:11:42 witherspoon avahi-daemon[969]: Loading service file /services/sftp.service.
Aug 01 03:11:42 witherspoon avahi-daemon[969]: Loading service file /services/ssh.service.
Aug 01 03:11:42 witherspoon avahi-daemon[969]: Joining mDNS multicast group on interface eth0.IPv6 with address fe80::72e2:84ff:fe14:28a9.
Aug 01 03:11:42 witherspoon avahi-daemon[969]: New relevant interface eth0.IPv6 for mDNS.
Aug 01 03:11:42 witherspoon avahi-daemon[969]: Joining mDNS multicast group on interface eth0.IPv4 with address 9.3.21.61.
Aug 01 03:11:42 witherspoon avahi-daemon[969]: New relevant interface eth0.IPv4 for mDNS.
Aug 01 03:11:42 witherspoon avahi-daemon[969]: Network interface enumeration completed.
Aug 01 03:11:42 witherspoon avahi-daemon[969]: Registering new address record for fe80::72e2:84ff:fe14:28a9 on eth0.*.
Aug 01 03:11:42 witherspoon avahi-daemon[969]: Registering new address record for 9.3.21.61 on eth0.IPv4.
Aug 01 03:11:43 witherspoon systemd[1]: Started Clear one time boot overrides.
Aug 01 03:11:43 witherspoon systemd[1]: Started Phosphor Log Manager.
Aug 01 03:11:43 witherspoon systemd[1]: Started Phosphor Inventory Manager.
Aug 01 03:11:43 witherspoon systemd[1]: Started Phosphor Download Manager.
Aug 01 03:11:43 witherspoon systemd[1]: Started Avahi mDNS/DNS-SD Stack.
Aug 01 03:11:43 witherspoon systemd[1]: Started Phosphor LED Group Management Daemon.
Aug 01 03:11:43 witherspoon systemd[1]: Started Phosphor Settings Daemon.
Aug 01 03:11:43 witherspoon systemd[1]: Reached target Network.
Aug 01 03:11:43 witherspoon systemd[1]: Starting Permit User Sessions...
Aug 01 03:11:43 witherspoon systemd[1]: Started Lightweight SLP Server.
Aug 01 03:11:43 witherspoon systemd-networkd[966]: eth0: Gained IPv6LL
Aug 01 03:11:44 witherspoon systemd[1]: Started Permit User Sessions.
Aug 01 03:11:44 witherspoon avahi-daemon[969]: Server startup complete. Host name is witherspoon.local. Local service cookie is 3891680452.
Aug 01 03:11:44 witherspoon systemd[1]: Started Serial Getty on ttyS4.
Aug 01 03:11:44 witherspoon systemd[1]: Reached target Login Prompts.
Aug 01 03:11:44 witherspoon systemd[1]: Started Phosphor Dump Manager.
Aug 01 03:11:44 witherspoon avahi-daemon[969]: Service "witherspoon" (/services/ssh.service) successfully established.
Aug 01 03:11:44 witherspoon avahi-daemon[969]: Service "sftp" (/services/sftp.service) successfully established.
Aug 01 03:11:44 witherspoon avahi-daemon[969]: Service "witherspoon" (/services/sftp-ssh.service) successfully established.
Aug 01 03:11:44 witherspoon avahi-daemon[969]: Service "phosphor_rest" (/services/phosphor_rest.service) successfully established.
Aug 01 03:11:44 witherspoon avahi-daemon[969]: Service "obmc_console" (/services/obmc_console.service) successfully established.
Aug 01 03:11:45 witherspoon kernel: ftgmac100 1e660000.ethernet eth0: NCSI interface up
Aug 01 03:11:45 witherspoon kernel[990]: [   52.760000] ftgmac100 1e660000.ethernet eth0: NCSI interface up
Aug 01 03:11:48 witherspoon systemd[1]: Started Phosphor BMC0 Control.
Aug 01 03:11:52 witherspoon systemd[1]: Created slice system-dropbear.slice.
Aug 01 03:11:52 witherspoon systemd[1]: Started SSH Per-Connection Server (9.41.165.94:46424).
Aug 01 03:11:52 witherspoon dropbear[1004]: Failed loading /etc/dropbear/dropbear_dss_host_key
Aug 01 03:11:52 witherspoon dropbear[1004]: Failed loading /etc/dropbear/dropbear_ecdsa_host_key
Aug 01 03:11:52 witherspoon dropbear[1004]: Child connection from ::ffff:9.41.165.94:46424
Aug 01 03:11:53 witherspoon dropbear[1004]: PAM password auth succeeded for 'root' from ::ffff:9.41.165.94:46424
Aug 01 03:11:54 witherspoon dropbear[1005]: lastlog_perform_login: Couldn't stat /var/log/lastlog: No such file or directory
Aug 01 03:11:54 witherspoon dropbear[1005]: lastlog_openseek: /var/log/lastlog is not a file or directory!
Aug 01 03:11:56 witherspoon systemd-networkd[966]: eth0: Configured
Aug 01 03:11:56 witherspoon systemd-timesyncd[905]: Network configuration changed, trying to establish connection.
Aug 01 03:12:01 witherspoon chassis_control.py[958]: Running ChassisControlService
Aug 01 03:12:01 witherspoon systemd[1]: Started Phosphor Chassis0 Control.
Aug 01 03:12:01 witherspoon inventory_items.py[975]: Loading from cache: /var/cache/obmc/org.openbmc.inventory.system.chassis.motherboard.apss@org.openbmc.InventoryItem.props
Aug 01 03:12:01 witherspoon inventory_items.py[975]: Loading from cache: /var/cache/obmc/org.openbmc.inventory.system.chassis.motherboard@org.openbmc.InventoryItem.props
Aug 01 03:12:01 witherspoon inventory_items.py[975]: Loading from cache: /var/cache/obmc/org.openbmc.inventory.system.chassis.motherboard.refclock@org.openbmc.InventoryItem.props
Aug 01 03:12:01 witherspoon inventory_items.py[975]: Loading from cache: /var/cache/obmc/org.openbmc.inventory.system.chassis.motherboard.todclock@org.openbmc.InventoryItem.props
Aug 01 03:12:01 witherspoon inventory_items.py[975]: Loading from cache: /var/cache/obmc/org.openbmc.inventory.system.chassis.motherboard.bmc@org.openbmc.InventoryItem.props
Aug 01 03:12:01 witherspoon inventory_items.py[975]: Caching: /org/openbmc/inventory/system/chassis/motherboard/bmc
Aug 01 03:12:01 witherspoon inventory_items.py[975]: Loading from cache: /var/cache/obmc/org.openbmc.inventory.system.chassis.motherboard.pcieclock@org.openbmc.InventoryItem.props
Aug 01 03:12:01 witherspoon inventory_items.py[975]: Running Inventory Manager
Aug 01 03:12:01 witherspoon systemd[1]: Started Phosphor Inventory Manager.
Aug 01 03:12:01 witherspoon systemd[1]: Started Phosphor Download Manager.
Aug 01 03:12:01 witherspoon download_manager.py[971]: Running Download Manager
Aug 01 03:12:02 witherspoon sensor_manager2.py[988]: Setting boot count to 3
Aug 01 03:12:02 witherspoon systemd[1]: Started Phosphor Sensor Manager.
Aug 01 03:12:02 witherspoon sensor_manager2.py[988]: Starting sensor manager
Aug 01 03:12:03 witherspoon systemd[1]: Started Phosphor Network Manager.
Aug 01 03:12:04 witherspoon netman.py[978]: Started
Aug 01 03:12:04 witherspoon phosphor-mapper[979]: ObjectMapper startup complete.  Discovery in progress...
Aug 01 03:12:04 witherspoon systemd[1]: Started Phosphor User Manager.
Aug 01 03:12:04 witherspoon obmc-phosphor-userd[951]: Started
Aug 01 03:12:04 witherspoon avahi-daemon[991]: ../../avahi-0.6.32/avahi-daemon/chroot.c: open() failed: No such file or directory
Aug 01 03:12:04 witherspoon avahi-daemon[969]: Failed to open /usr/share/dbus-1/interfaces/org.freedesktop.Avahi.Server.xml: Invalid argument
Aug 01 03:12:04 witherspoon avahi-daemon[969]: Failed to load introspection data.
Aug 01 03:12:20 witherspoon phosphor-mapper[979]: ObjectMapper discovery complete
Aug 01 03:12:20 witherspoon systemd[1]: Started Phosphor DBus Service Discovery Manager.
Aug 01 03:12:20 witherspoon systemd[1]: Started Phosphor Hwmon Poller.
Aug 01 03:12:20 witherspoon systemd[1]: Started Phosphor Hwmon Poller.
Aug 01 03:12:20 witherspoon systemd[1]: Started Phosphor Hwmon Poller.
Aug 01 03:12:20 witherspoon systemd[1]: Started Phosphor Hwmon Poller.
Aug 01 03:12:20 witherspoon systemd[1]: Reached target Phosphor Object Mapper.
Aug 01 03:12:20 witherspoon systemd[1]: Starting Wait for /xyz/openbmc_project/control/host0/restriction_mode...
Aug 01 03:12:20 witherspoon systemd[1]: Starting Wait for /org/openbmc/NetworkManager/Interface...
Aug 01 03:12:20 witherspoon systemd[1]: Starting Wait for /xyz/openbmc_project/time/owner...
Aug 01 03:12:20 witherspoon systemd[1]: Starting Wait for /xyz/openbmc_project/time/sync_method...
Aug 01 03:12:20 witherspoon systemd[1]: Starting Wait for /xyz/openbmc_project/led/groups/bmc_booted...
Aug 01 03:12:20 witherspoon systemd[1]: Starting Phosphor Network Manager...
Aug 01 03:12:20 witherspoon systemd[1]: Starting Wait for /org/openbmc/managers/Download...
Aug 01 03:12:20 witherspoon systemd[1]: Starting Phoshpor System Manager...
Aug 01 03:12:20 witherspoon systemd[1]: Starting Wait for /org/openbmc/control/power0...
Aug 01 03:12:20 witherspoon systemd[1]: Starting Wait for /xyz/openbmc_project/control/host0/boot_source...
Aug 01 03:12:20 witherspoon systemd[1]: Starting Wait for /xyz/openbmc_project/state/chassis0...
Aug 01 03:12:20 witherspoon systemd[1]: Reached target Webserver (pre).
Aug 01 03:12:20 witherspoon systemd[1]: Started Phosphor Webserver.
Aug 01 03:12:20 witherspoon systemd[1]: Starting Wait for /xyz/openbmc_project/inventory...
Aug 01 03:12:20 witherspoon systemd[1]: Starting Wait for /xyz/openbmc_project/state/host0...
Aug 01 03:12:20 witherspoon systemd[1]: Starting Phosphor Settings Manager...
Aug 01 03:12:20 witherspoon systemd[1]: Starting Wait for /org/openbmc/control/bmc0...
Aug 01 03:12:20 witherspoon systemd[1]: Starting Wait for /org/openbmc/control/flash/bios...
Aug 01 03:12:20 witherspoon systemd[1]: Starting Wait for /xyz/openbmc_project/led/groups...
Aug 01 03:12:20 witherspoon systemd[1]: Starting Wait for /org/openbmc/managers/System...
Aug 01 03:12:20 witherspoon systemd[1]: Starting Wait for /xyz/openbmc_project/control/host0...
Aug 01 03:12:20 witherspoon systemd[1]: Starting Wait for /xyz/openbmc_project/control/host0/boot_mode...
Aug 01 03:12:20 witherspoon systemd[1]: Starting Wait for /xyz/openbmc_project/control/host0/auto_reboot...
Aug 01 03:12:20 witherspoon systemd[1]: Started Phosphor DBus Monitor.
Aug 01 03:12:20 witherspoon systemd[1]: Starting Wait for /xyz/openbmc_project/control/host0/power_restore_policy...
Aug 01 03:12:20 witherspoon systemd[1]: Started Phosphor Hwmon Poller.
Aug 01 03:12:20 witherspoon systemd[1]: Started Phosphor Hwmon Poller.
Aug 01 03:12:24 witherspoon phosphor-network-manager[1020]: ConfigParser: Section not found
Aug 01 03:12:24 witherspoon phosphor-network-manager[1020]: The operation failed internally.
Aug 01 03:12:24 witherspoon phosphor-network-manager[1020]: ConfigParser: Section not found
Aug 01 03:12:24 witherspoon phosphor-network-manager[1020]: The operation failed internally.
Aug 01 03:12:24 witherspoon phosphor-network-manager[1020]: ConfigParser: Key not found
Aug 01 03:12:24 witherspoon phosphor-network-manager[1020]: The operation failed internally.
Aug 01 03:12:26 witherspoon systemd[1]: Started Wait for /xyz/openbmc_project/led/groups.
Aug 01 03:12:26 witherspoon systemd[1]: Started FRU Fault monitor service.
Aug 01 03:12:26 witherspoon systemd[1]: Started Wait for /org/openbmc/managers/Download.
Aug 01 03:12:26 witherspoon systemd[1]: Starting Phosphor BIOS Code Update...
Aug 01 03:12:27 witherspoon systemd[1]: Started Wait for /org/openbmc/NetworkManager/Interface.
Aug 01 03:12:27 witherspoon systemd[1]: Started Phosphor DNS Settings Cache Manager.
Aug 01 03:12:27 witherspoon systemd[1]: Started Wait for /xyz/openbmc_project/time/sync_method.
Aug 01 03:12:28 witherspoon systemd[1]: Started Wait for /xyz/openbmc_project/control/host0/restriction_mode.
Aug 01 03:12:28 witherspoon systemd[1]: Started Wait for /xyz/openbmc_project/led/groups/bmc_booted.
Aug 01 03:12:28 witherspoon systemd[1]: Started Wait for /xyz/openbmc_project/control/host0/boot_source.
Aug 01 03:12:28 witherspoon systemd[1]: Started Wait for /xyz/openbmc_project/inventory.
Aug 01 03:12:28 witherspoon systemd[1]: Started Wait for /org/openbmc/control/bmc0.
Aug 01 03:12:28 witherspoon systemd[1]: Started Wait for /xyz/openbmc_project/control/host0/boot_mode.
Aug 01 03:12:28 witherspoon systemd[1]: Started Wait for /xyz/openbmc_project/control/host0/auto_reboot.
Aug 01 03:12:28 witherspoon systemd[1]: Started Wait for /xyz/openbmc_project/control/host0/power_restore_policy.
Aug 01 03:12:28 witherspoon systemd[1]: Starting Phosphor BMC Code Update...
Aug 01 03:12:28 witherspoon systemd[1]: Started Phosphor GPIO 0 Presence.
Aug 01 03:12:28 witherspoon systemd[1]: Starting Read OpenPOWER-format VPD from EEPROM...
Aug 01 03:12:28 witherspoon systemd[1]: Starting OpenPOWER OCC controller...
Aug 01 03:12:28 witherspoon systemd[1]: Started Phosphor Cooling Type.
Aug 01 03:12:28 witherspoon systemd[1]: Started Phosphor GPIO 1 Presence.
Aug 01 03:12:28 witherspoon systemd[1]: Starting Assert bmc_booted LED...
Aug 01 03:12:30 witherspoon phosphor-gpio-presence[1064]: Updating inventory present property
Aug 01 03:12:30 witherspoon systemd[1]: Started OpenPOWER OCC controller.
Aug 01 03:12:30 witherspoon phosphor-gpio-presence[1060]: Updating inventory present property
Aug 01 03:12:31 witherspoon systemd[1]: Started Wait for /xyz/openbmc_project/time/owner.
Aug 01 03:12:31 witherspoon systemd[1]: Started Phosphor BIOS Code Update.
Aug 01 03:12:39 witherspoon phosphor-log-manager[974]: Failed to find metadata
Aug 01 03:12:39 witherspoon phosphor-fru-fault-monitor[1041]: /xyz/openbmc_project/logging/entry/1
Aug 01 03:12:40 witherspoon dbus[959]: [system] Activating via systemd: service name='org.freedesktop.hostname1' unit='dbus-org.freedesktop.hostname1.service'
Aug 01 03:12:40 witherspoon systemd[1]: Starting Hostname Service...
Aug 01 03:12:40 witherspoon system_manager.py[1022]: Running System State: BASE_APPS
Aug 01 03:12:40 witherspoon system_manager.py[1022]: SystemManager Init Done
Aug 01 03:12:40 witherspoon systemd[1]: Started Phoshpor System Manager.
Aug 01 03:12:40 witherspoon system_manager.py[1022]: Running SystemManager
Aug 01 03:12:41 witherspoon dbus[959]: [system] Successfully activated service 'org.freedesktop.hostname1'
Aug 01 03:12:41 witherspoon systemd[1]: Started Hostname Service.
Aug 01 03:12:41 witherspoon systemd[1]: Started Phosphor Network Manager.
Aug 01 03:12:43 witherspoon settings_manager.py[1029]: Running HostSettingsService
Aug 01 03:12:43 witherspoon systemd[1]: Started Phosphor Settings Manager.
Aug 01 03:12:43 witherspoon systemd[1]: Starting Wait for /org/openbmc/settings/host0...
Aug 01 03:12:44 witherspoon systemd[1]: Started Phosphor BMC Code Update.
Aug 01 03:12:44 witherspoon bmc_update.py[1059]: Running Bmc Flash Control
Aug 01 03:12:45 witherspoon systemd[1]: Started Assert bmc_booted LED.
Aug 01 03:12:45 witherspoon system_manager.py[1022]: SystemManager Goto System State: BMC_STARTING
Aug 01 03:12:45 witherspoon system_manager.py[1022]: Running System State: BMC_STARTING
Aug 01 03:12:47 witherspoon systemd[1]: Started Read OpenPOWER-format VPD from EEPROM.
Aug 01 03:12:58 witherspoon systemd[1]: Started Wait for /org/openbmc/control/flash/bios.
Aug 01 03:12:58 witherspoon systemd[1]: Started Initialize BIOS Flash.
Aug 01 03:12:58 witherspoon systemd[1]: Started Wait for /org/openbmc/managers/System.
Aug 01 03:12:58 witherspoon systemd[1]: Starting Phosphor Host State Manager...
Aug 01 03:12:58 witherspoon systemd[1]: Starting Phosphor Power0 Control...
Aug 01 03:12:58 witherspoon systemd[1]: Starting Phosphor BMC State Manager...
Aug 01 03:12:58 witherspoon systemd[1]: Starting Phosphor Chassis State Manager...
Aug 01 03:12:58 witherspoon systemd[1]: Starting Phosphor Reset Button0...
Aug 01 03:12:58 witherspoon systemd[1]: Starting Phosphor Power Button0...
Aug 01 03:12:59 witherspoon phosphor-chassis-state-manager[1082]: Initial Chassis State will be Off
Aug 01 03:12:59 witherspoon systemd[1]: Started Phosphor Chassis State Manager.
Aug 01 03:13:00 witherspoon system_manager.py[1022]: New object: /org/openbmc/control/power0 (:1.81)
Aug 01 03:13:00 witherspoon phosphor-bmc-state-manager[1081]: Setting the BMCState field
Aug 01 03:13:00 witherspoon phosphor-bmc-state-manager[1081]: Setting the BMCState field
Aug 01 03:13:00 witherspoon phosphor-host-state-manager[1079]: Initial Host State will be Off
Aug 01 03:13:00 witherspoon systemd[1]: Started Phosphor BMC State Manager.
Aug 01 03:13:01 witherspoon button_power.exe[1084]: GPIO Lookup:  POWER_BUTTON = 347,both
Aug 01 03:13:01 witherspoon system_manager.py[1022]: Power GPIO config: ['SYS_PWROK_BUFF', '', [('SOFTWARE_PGOOD', True), ('BMC_POWER_UP', True)], [('BMC_CP0_RESET_N', False)], [], 'FSI_DATA', 'FSI_CLK', 'FSI_ENABLE', 'CRONUS_SEL', []]
Aug 01 03:13:01 witherspoon power_control.exe[1080]: Power GPIO latch output:
Aug 01 03:13:01 witherspoon power_control.exe[1080]: Power GPIO power good input: SYS_PWROK_BUFF
Aug 01 03:13:01 witherspoon power_control.exe[1080]: Power GPIO 2 power_up outputs
Aug 01 03:13:01 witherspoon power_control.exe[1080]: Power GPIO power_up[0] = SOFTWARE_PGOOD active HIGH
Aug 01 03:13:01 witherspoon power_control.exe[1080]: Power GPIO power_up[1] = BMC_POWER_UP active HIGH
Aug 01 03:13:01 witherspoon power_control.exe[1080]: Power GPIO 1 reset outputs
Aug 01 03:13:01 witherspoon power_control.exe[1080]: Power GPIO reset[0] = BMC_CP0_RESET_N active LOW
Aug 01 03:13:01 witherspoon power_control.exe[1080]: Power GPIO 0 pci reset outputs
Aug 01 03:13:01 witherspoon power_control.exe[1080]: FSI DATA GPIO: FSI_DATA
Aug 01 03:13:01 witherspoon power_control.exe[1080]: FSI CLK GPIO: FSI_CLK
Aug 01 03:13:01 witherspoon power_control.exe[1080]: FSI ENABLE GPIO: FSI_ENABLE
Aug 01 03:13:01 witherspoon power_control.exe[1080]: CRONUS SEL GPIO: CRONUS_SEL
Aug 01 03:13:01 witherspoon power_control.exe[1080]: Hostctl GPIO optionals: 0
Aug 01 03:13:01 witherspoon button_reset.exe[1083]: GPIO Lookup:  RESET_BUTTON = 353,both
Aug 01 03:13:01 witherspoon systemd[1]: Started Phosphor Power Button0.
Aug 01 03:13:01 witherspoon systemd[1]: Started Phosphor Reset Button0.
Aug 01 03:13:01 witherspoon power_control.exe[1080]: GPIO Lookup:  SYS_PWROK_BUFF = 306,in
Aug 01 03:13:01 witherspoon power_control.exe[1080]: GPIO Lookup:  SOFTWARE_PGOOD = 417,out
Aug 01 03:13:01 witherspoon power_control.exe[1080]: GPIO Lookup:  BMC_POWER_UP = 305,out
Aug 01 03:13:02 witherspoon power_control.exe[1080]: GPIO Lookup:  BMC_CP0_RESET_N = 281,out
Aug 01 03:13:02 witherspoon power_control.exe[1080]: Pgood state: 0
Aug 01 03:13:02 witherspoon systemd[1]: Started Phosphor Power0 Control.
Aug 01 03:13:02 witherspoon phosphor-gevent[1026]: Traceback (most recent call last):
Aug 01 03:13:02 witherspoon phosphor-gevent[1026]:   File "/usr/lib/python2.7/site-packages/gevent/greenlet.py", line 327, in run
Aug 01 03:13:02 witherspoon phosphor-gevent[1026]:     result = self._run(*self.args, **self.kwargs)
Aug 01 03:13:02 witherspoon phosphor-gevent[1026]:   File "/usr/lib/python2.7/site-packages/gevent/server.py", line 102, in wrap_socket_and_handle
Aug 01 03:13:02 witherspoon phosphor-gevent[1026]:     ssl_socket = self.wrap_socket(client_socket, **self.ssl_args)
Aug 01 03:13:02 witherspoon phosphor-gevent[1026]:   File "/usr/lib/python2.7/site-packages/gevent/ssl.py", line 404, in wrap_socket
Aug 01 03:13:02 witherspoon phosphor-gevent[1026]:     ciphers=ciphers)
Aug 01 03:13:03 witherspoon systemd[1]: Started Wait for /org/openbmc/settings/host0.
Aug 01 03:13:03 witherspoon phosphor-gevent[1026]:   File "/usr/lib/python2.7/site-packages/gevent/ssl.py", line 113, in __init__
Aug 01 03:13:03 witherspoon phosphor-gevent[1026]:     self.do_handshake()
Aug 01 03:13:03 witherspoon phosphor-gevent[1026]:   File "/usr/lib/python2.7/site-packages/gevent/ssl.py", line 324, in do_handshake
Aug 01 03:13:03 witherspoon phosphor-gevent[1026]:     return self._sslobj.do_handshake()
Aug 01 03:13:03 witherspoon phosphor-gevent[1026]: SSLEOFError: EOF occurred in violation of protocol (_ssl.c:590)
Aug 01 03:13:03 witherspoon phosphor-gevent[1026]: <Greenlet at 0x7605e3f0: <bound method WSGIServer.wrap_socket_and_handle of <WSGIServer at 0x76034b50 fileno=5 address=('::3482:f476:b05d:6a76%1986682272', 443, 0, 1986682272)>>(<socket at 0x75f0b830 fileno=9>, ('::8069:6876:8e91:f402%1995664156', 34338, 0, 199)> failed with SSLEOFError
Aug 01 03:13:03 witherspoon phosphor-gevent[1026]: Traceback (most recent call last):
Aug 01 03:13:03 witherspoon phosphor-gevent[1026]:   File "/usr/lib/python2.7/site-packages/gevent/greenlet.py", line 327, in run
Aug 01 03:13:03 witherspoon phosphor-gevent[1026]:     result = self._run(*self.args, **self.kwargs)
Aug 01 03:13:03 witherspoon phosphor-gevent[1026]:   File "/usr/lib/python2.7/site-packages/gevent/server.py", line 102, in wrap_socket_and_handle
Aug 01 03:13:03 witherspoon phosphor-gevent[1026]:     ssl_socket = self.wrap_socket(client_socket, **self.ssl_args)
Aug 01 03:13:03 witherspoon phosphor-gevent[1026]:   File "/usr/lib/python2.7/site-packages/gevent/ssl.py", line 404, in wrap_socket
Aug 01 03:13:03 witherspoon phosphor-gevent[1026]:     ciphers=ciphers)
Aug 01 03:13:03 witherspoon phosphor-gevent[1026]:   File "/usr/lib/python2.7/site-packages/gevent/ssl.py", line 113, in __init__
Aug 01 03:13:03 witherspoon phosphor-gevent[1026]:     self.do_handshake()
Aug 01 03:13:03 witherspoon phosphor-gevent[1026]:   File "/usr/lib/python2.7/site-packages/gevent/ssl.py", line 324, in do_handshake
Aug 01 03:13:03 witherspoon phosphor-gevent[1026]:     return self._sslobj.do_handshake()
Aug 01 03:13:03 witherspoon phosphor-gevent[1026]: SSLEOFError: EOF occurred in violation of protocol (_ssl.c:590)
Aug 01 03:13:03 witherspoon phosphor-gevent[1026]: <Greenlet at 0x7605e6c0: <bound method WSGIServer.wrap_socket_and_handle of <WSGIServer at 0x76034b50 fileno=5 address=('::3482:f476:b05d:6a76%1986682272', 443, 0, 1986682272)>>(<socket at 0x75f0b7d0 fileno=10>, ('::8069:6876:8e91:f402%1995664156', 34358, 0, 199)> failed with SSLEOFError
Aug 01 03:13:03 witherspoon systemd[1]: Started Phosphor Inband IPMI.
Aug 01 03:13:03 witherspoon phosphor-gevent[1026]: Traceback (most recent call last):
Aug 01 03:13:03 witherspoon phosphor-gevent[1026]:   File "/usr/lib/python2.7/site-packages/gevent/greenlet.py", line 327, in run
Aug 01 03:13:03 witherspoon phosphor-gevent[1026]:     result = self._run(*self.args, **self.kwargs)
Aug 01 03:13:03 witherspoon phosphor-gevent[1026]:   File "/usr/lib/python2.7/site-packages/gevent/server.py", line 102, in wrap_socket_and_handle
Aug 01 03:13:03 witherspoon phosphor-gevent[1026]:     ssl_socket = self.wrap_socket(client_socket, **self.ssl_args)
Aug 01 03:13:03 witherspoon phosphor-gevent[1026]:   File "/usr/lib/python2.7/site-packages/gevent/ssl.py", line 404, in wrap_socket
Aug 01 03:13:03 witherspoon phosphor-gevent[1026]:     ciphers=ciphers)
Aug 01 03:13:03 witherspoon phosphor-gevent[1026]:   File "/usr/lib/python2.7/site-packages/gevent/ssl.py", line 113, in __init__
Aug 01 03:13:03 witherspoon phosphor-gevent[1026]:     self.do_handshake()
Aug 01 03:13:03 witherspoon phosphor-gevent[1026]:   File "/usr/lib/python2.7/site-packages/gevent/ssl.py", line 324, in do_handshake
Aug 01 03:13:03 witherspoon phosphor-gevent[1026]:     return self._sslobj.do_handshake()
Aug 01 03:13:03 witherspoon phosphor-gevent[1026]: SSLEOFError: EOF occurred in violation of protocol (_ssl.c:590)
Aug 01 03:13:03 witherspoon phosphor-gevent[1026]: <Greenlet at 0x7605e3a0: <bound method WSGIServer.wrap_socket_and_handle of <WSGIServer at 0x76034b50 fileno=5 address=('::3482:f476:b05d:6a76%1986682272', 443, 0, 1986682272)>>(<socket at 0x75f0b870 fileno=11>, ('::8069:6876:8e91:f402%1995664156', 34366, 0, 199)> failed with SSLEOFError
Aug 01 03:13:04 witherspoon systemd[1]: Started Phosphor Host State Manager.
Aug 01 03:13:05 witherspoon flash_bios.exe[1043]: Starting flasher: bios,,/org/openbmc/control/flash/bios,
Aug 01 03:13:05 witherspoon flash_bios.exe[1043]: flasher: , BMC = 1, address = 0x0
Aug 01 03:13:05 witherspoon flash_bios.exe[1043]: Setting up flash
Aug 01 03:13:05 witherspoon flash_bios.exe[1043]: Starting flasher: bios,,/org/openbmc/control/flash/bios,
Aug 01 03:13:05 witherspoon flash_bios.exe[1043]: flasher: , BMC = 1, address = 0x0
Aug 01 03:13:05 witherspoon flash_bios.exe[1043]: Setting up flash
Aug 01 03:13:06 witherspoon phosphor-gevent[1026]: ::8069:6876:8e91:f402%1995664156 - - [2017-08-01 03:13:06] "POST /login HTTP/1.1" 200 320 0.044785
Aug 01 03:13:07 witherspoon phosphor-gevent[1026]: ::8069:6876:8e91:f402%1995664156 - - [2017-08-01 03:13:07] "GET /xyz/openbmc_project/state/chassis0//attr/CurrentPowerState HTTP/1.1" 404 312 1.066921
Aug 01 03:13:10 witherspoon phosphor-gevent[1026]: ::8069:6876:8e91:f402%1995664156 - - [2017-08-01 03:13:10] "POST /login HTTP/1.1" 200 320 0.032529
Aug 01 03:13:11 witherspoon phosphor-gevent[1026]: ::8069:6876:8e91:f402%1995664156 - - [2017-08-01 03:13:11] "GET /xyz/openbmc_project/state/chassis0//attr/CurrentPowerState HTTP/1.1" 404 312 1.142717
Aug 01 03:13:12 witherspoon system_manager.py[1022]: SystemManager Goto System State: BMC_READY
Aug 01 03:13:12 witherspoon system_manager.py[1022]: Running System State: BMC_READY
Aug 01 03:13:12 witherspoon systemd[1]: Started Wait for /org/openbmc/control/power0.
Aug 01 03:13:12 witherspoon systemd[1]: Started Wait for /xyz/openbmc_project/state/chassis0.
Aug 01 03:13:12 witherspoon systemd[1]: Starting Phosphor Time Manager daemon...
Aug 01 03:13:12 witherspoon systemd[1]: Starting Check Chassis0 pgood and create a file to indicate it...
Aug 01 03:13:12 witherspoon timemanager[1119]: Registering dbus methods
Aug 01 03:13:12 witherspoon timemanager[1119]: Last known time_mode: MANUAL
Aug 01 03:13:12 witherspoon timemanager[1119]: Last known time_owner: BMC
Aug 01 03:13:12 witherspoon timemanager[1119]: Empty DhcpNtp string
Aug 01 03:13:12 witherspoon timemanager[1119]: Reading Power Control key: pgood
Aug 01 03:13:12 witherspoon systemd[1]: Started Wait for /xyz/openbmc_project/control/host0.
Aug 01 03:13:13 witherspoon timemanager[1119]: Changing settings *allowed* now
Aug 01 03:13:13 witherspoon timemanager[1119]: Getting System Settings: time_mode
Aug 01 03:13:13 witherspoon systemd[1]: Started Wait for /xyz/openbmc_project/state/host0.
Aug 01 03:13:14 witherspoon systemd[1]: Starting Reboot If Enabled...
Aug 01 03:13:14 witherspoon systemd[1]: Started Check Chassis0 pgood and create a file to indicate it.
Aug 01 03:13:14 witherspoon systemd[1]: Reached target Chassis0 power on after reset.
Aug 01 03:13:14 witherspoon systemd[1]: Reached target Host0 running after reset.
Aug 01 03:13:14 witherspoon systemd[1]: Reached target Host0 (Reset Check).
Aug 01 03:13:14 witherspoon systemd[1]: Reached target Chassis0 (Reset Check).
Aug 01 03:13:14 witherspoon timemanager[1119]: Requested_Mode: MANUAL Current_Mode: MANUAL
Aug 01 03:13:14 witherspoon timemanager[1119]: Mode is already set to : MANUAL
Aug 01 03:13:14 witherspoon timemanager[1119]: Getting System Settings: time_owner
Aug 01 03:13:14 witherspoon phosphor-gevent[1026]: ::8069:6876:8e91:f402%1995664156 - - [2017-08-01 03:13:14] "POST /login HTTP/1.1" 200 320 0.036482
Aug 01 03:13:15 witherspoon timemanager[1119]: Owner is already set to : BMC
Aug 01 03:13:15 witherspoon timemanager[1119]: Getting System Settings: use_dhcp_ntp
Aug 01 03:13:15 witherspoon phosphor-discover-system-state[1129]: Host power is off, checking power policy
Aug 01 03:13:15 witherspoon systemd[1]: Started Reboot If Enabled.
Aug 01 03:13:15 witherspoon timemanager[1119]: use_dhcp_ntp = yes
Aug 01 03:13:15 witherspoon timemanager[1119]: Last known host_offset:0
Aug 01 03:13:15 witherspoon timemanager[1119]: Initial Uptime Usec: 1501557052273685
Aug 01 03:13:15 witherspoon systemd[1]: Started Phosphor Time Manager daemon.
Aug 01 03:13:15 witherspoon phosphor-gevent[1026]: ::8069:6876:8e91:f402%1995664156 - - [2017-08-01 03:13:15] "GET /xyz/openbmc_project/state/chassis0//attr/CurrentPowerState HTTP/1.1" 200 216 0.343726
Aug 01 03:13:16 witherspoon phosphor-gevent[1026]: ::8069:6876:8e91:f402%1995664156 - - [2017-08-01 03:13:16] "POST /login HTTP/1.1" 200 320 0.494316
Aug 01 03:13:16 witherspoon phosphor-gevent[1026]: ::8069:6876:8e91:f402%1995664156 - - [2017-08-01 03:13:16] "GET /xyz/openbmc_project/state/chassis0//attr/CurrentPowerState HTTP/1.1" 200 216 0.099354
Aug 01 03:13:17 witherspoon phosphor-gevent[1026]: ::8069:6876:8e91:f402%1995664156 - - [2017-08-01 03:13:17] "POST /login HTTP/1.1" 200 320 0.049285
Aug 01 03:13:17 witherspoon phosphor-gevent[1026]: ::8069:6876:8e91:f402%1995664156 - - [2017-08-01 03:13:17] "GET /org/openbmc/sensors/host/BootProgress/attr/value HTTP/1.1" 200 170 0.077347
Aug 01 03:13:17 witherspoon phosphor-gevent[1026]: ::8069:6876:8e91:f402%1995664156 - - [2017-08-01 03:13:17] "POST /login HTTP/1.1" 200 320 0.033071
Aug 01 03:13:17 witherspoon phosphor-gevent[1026]: ::8069:6876:8e91:f402%1995664156 - - [2017-08-01 03:13:17] "GET /xyz/openbmc_project/state/host0//attr/CurrentHostState HTTP/1.1" 200 212 0.114767
Aug 01 03:13:17 witherspoon phosphor-gevent[1026]: ::8069:6876:8e91:f402%1995664156 - - [2017-08-01 03:13:17] "POST /login HTTP/1.1" 200 320 0.032362
Aug 01 03:13:18 witherspoon phosphor-gevent[1026]: ::8069:6876:8e91:f402%1995664156 - - [2017-08-01 03:13:18] "GET /xyz/openbmc_project/logging/entry//list HTTP/1.1" 200 214 0.080322
Aug 01 03:13:19 witherspoon phosphor-gevent[1026]: ::8069:6876:8e91:f402%1995664156 - - [2017-08-01 03:13:19] "POST /login HTTP/1.1" 200 320 0.033097
Aug 01 03:13:19 witherspoon phosphor-gevent[1026]: ::8069:6876:8e91:f402%1995664156 - - [2017-08-01 03:13:19] "GET /xyz/openbmc_project/logging/entry//list HTTP/1.1" 200 214 0.046963
Aug 01 03:13:19 witherspoon phosphor-gevent[1026]: ::8069:6876:8e91:f402%1995664156 - - [2017-08-01 03:13:19] "POST /login HTTP/1.1" 200 320 0.114319
Aug 01 03:13:21 witherspoon phosphor-gevent[1026]: ::8069:6876:8e91:f402%1995664156 - - [2017-08-01 03:13:21] "DELETE /xyz/openbmc_project/logging/entry/1 HTTP/1.1" 200 169 1.505527
Aug 01 03:13:21 witherspoon systemd[1]: Started SSH Per-Connection Server (9.41.165.94:46498).
Aug 01 03:13:21 witherspoon dropbear[1138]: Failed loading /etc/dropbear/dropbear_dss_host_key
Aug 01 03:13:21 witherspoon dropbear[1138]: Failed loading /etc/dropbear/dropbear_ecdsa_host_key
Aug 01 03:13:21 witherspoon dropbear[1138]: Child connection from ::ffff:9.41.165.94:46498
Aug 01 03:13:22 witherspoon dropbear[1138]: PAM password auth succeeded for 'root' from ::ffff:9.41.165.94:46498
Aug 01 03:13:22 witherspoon dropbear[1139]: lastlog_perform_login: Couldn't stat /var/log/lastlog: No such file or directory
Aug 01 03:13:22 witherspoon dropbear[1139]: lastlog_openseek: /var/log/lastlog is not a file or directory!
Aug 01 03:13:24 witherspoon phosphor-gevent[1026]: ::8069:6876:8e91:f402%1995664156 - - [2017-08-01 03:13:24] "POST /login HTTP/1.1" 200 320 0.068171
Aug 01 03:13:24 witherspoon phosphor-gevent[1026]: ::8069:6876:8e91:f402%1995664156 - - [2017-08-01 03:13:24] "GET /xyz/openbmc_project/state/host0//attr/CurrentHostState HTTP/1.1" 200 212 0.096262
Aug 01 03:13:24 witherspoon dropbear[1004]: Exit (root): Exited normally
Aug 01 03:13:24 witherspoon dropbear[1138]: Exit (root): Exited normally
Aug 01 03:13:27 witherspoon systemd[1]: Started SSH Per-Connection Server (9.41.165.94:46508).
Aug 01 03:13:27 witherspoon dropbear[1150]: Failed loading /etc/dropbear/dropbear_dss_host_key
Aug 01 03:13:27 witherspoon dropbear[1150]: Failed loading /etc/dropbear/dropbear_ecdsa_host_key
Aug 01 03:13:27 witherspoon dropbear[1150]: Child connection from ::ffff:9.41.165.94:46508
Aug 01 03:13:28 witherspoon dropbear[1150]: PAM password auth succeeded for 'root' from ::ffff:9.41.165.94:46508
Aug 01 03:13:28 witherspoon dropbear[1151]: lastlog_perform_login: Couldn't stat /var/log/lastlog: No such file or directory
Aug 01 03:13:28 witherspoon dropbear[1151]: lastlog_openseek: /var/log/lastlog is not a file or directory!
Aug 01 03:13:29 witherspoon phosphor-gevent[1026]: ::8069:6876:8e91:f402%1995664156 - - [2017-08-01 03:13:29] "POST /login HTTP/1.1" 200 320 0.281737
Aug 01 03:13:29 witherspoon phosphor-gevent[1026]: ::8069:6876:8e91:f402%1995664156 - - [2017-08-01 03:13:29] "PUT /org/openbmc/settings/host0/attr/power_policy HTTP/1.1" 200 169 0.431176
Aug 01 03:13:30 witherspoon phosphor-gevent[1026]: ::8069:6876:8e91:f402%1995664156 - - [2017-08-01 03:13:30] "POST /login HTTP/1.1" 200 320 0.032746
Aug 01 03:13:30 witherspoon phosphor-gevent[1026]: ::8069:6876:8e91:f402%1995664156 - - [2017-08-01 03:13:30] "GET /org/openbmc/settings/host0/attr/power_policy HTTP/1.1" 200 185 0.338808
Aug 01 03:13:31 witherspoon phosphor-gevent[1026]: ::8069:6876:8e91:f402%1995664156 - - [2017-08-01 03:13:31] "POST /login HTTP/1.1" 200 320 0.032740
Aug 01 03:13:31 witherspoon phosphor-gevent[1026]: ::8069:6876:8e91:f402%1995664156 - - [2017-08-01 03:13:31] "GET /xyz/openbmc_project/state/chassis0//attr/CurrentPowerState HTTP/1.1" 200 216 0.048980
Aug 01 03:13:31 witherspoon phosphor-gevent[1026]: ::8069:6876:8e91:f402%1995664156 - - [2017-08-01 03:13:31] "POST /login HTTP/1.1" 200 320 0.049345
Aug 01 03:13:31 witherspoon phosphor-gevent[1026]: ::8069:6876:8e91:f402%1995664156 - - [2017-08-01 03:13:31] "GET /xyz/openbmc_project/state/bmc0//attr/CurrentBMCState HTTP/1.1" 200 215 0.057277
Aug 01 03:13:32 witherspoon phosphor-gevent[1026]: ::8069:6876:8e91:f402%1995664156 - - [2017-08-01 03:13:32] "POST /login HTTP/1.1" 200 320 0.032545
Aug 01 03:13:32 witherspoon phosphor-gevent[1026]: ::8069:6876:8e91:f402%1995664156 - - [2017-08-01 03:13:32] "GET /org/openbmc/sensors/host/BootProgress/attr/value HTTP/1.1" 200 170 0.052174
Aug 01 03:13:32 witherspoon phosphor-gevent[1026]: ::8069:6876:8e91:f402%1995664156 - - [2017-08-01 03:13:32] "POST /login HTTP/1.1" 200 320 0.032894
Aug 01 03:13:32 witherspoon phosphor-gevent[1026]: ::8069:6876:8e91:f402%1995664156 - - [2017-08-01 03:13:32] "GET /xyz/openbmc_project/state/host0//attr/CurrentHostState HTTP/1.1" 200 212 0.049682
Aug 01 03:13:33 witherspoon phosphor-gevent[1026]: ::8069:6876:8e91:f402%1995664156 - - [2017-08-01 03:13:33] "POST /login HTTP/1.1" 200 320 0.034045
Aug 01 03:13:33 witherspoon phosphor-gevent[1026]: ::8069:6876:8e91:f402%1995664156 - - [2017-08-01 03:13:33] "GET /xyz/openbmc_project/logging/entry//list HTTP/1.1" 404 311 0.029201
Aug 01 03:13:33 witherspoon systemd[1]: Started SSH Per-Connection Server (9.41.165.94:46524).
Aug 01 03:13:33 witherspoon dropbear[1157]: Failed loading /etc/dropbear/dropbear_dss_host_key
Aug 01 03:13:33 witherspoon dropbear[1157]: Failed loading /etc/dropbear/dropbear_ecdsa_host_key
Aug 01 03:13:33 witherspoon dropbear[1157]: Child connection from ::ffff:9.41.165.94:46524
Aug 01 03:13:34 witherspoon dropbear[1157]: PAM password auth succeeded for 'root' from ::ffff:9.41.165.94:46524
Aug 01 03:14:29 witherspoon phosphor-gevent[1026]: ::8069:6876:8e91:f402%1995664156 - - [2017-08-01 03:14:29] "POST /login HTTP/1.1" 200 320 0.033299
Aug 01 03:14:30 witherspoon phosphor-gevent[1026]: ::8069:6876:8e91:f402%1995664156 - - [2017-08-01 03:14:29] "POST /org/openbmc/control/flash/bios//action/update HTTP/1.1" 200 169 0.220332
Aug 01 03:14:30 witherspoon phosphor-gevent[1026]: ::8069:6876:8e91:f402%1995664156 - - [2017-08-01 03:14:29] "POST /login HTTP/1.1" 200 320 0.033198
Aug 01 03:14:30 witherspoon phosphor-gevent[1026]: ::8069:6876:8e91:f402%1995664156 - - [2017-08-01 03:14:29] "GET /org/openbmc/control/flash/bios HTTP/1.1" 200 397 0.076836
Aug 01 03:14:30 witherspoon flash_bios.exe[1043]: Starting flasher: bios,/tmp/witherspoon_910_golden.pnor,/org/openbmc/control/flash/bios,
Aug 01 03:14:30 witherspoon flash_bios.exe[1043]: flasher: /tmp/witherspoon_910_golden.pnor, BMC = 1, address = 0x0
Aug 01 03:14:30 witherspoon flash_bios.exe[1043]: Setting up flash
Aug 01 03:14:30 witherspoon phosphor-gevent[1026]: ::8069:6876:8e91:f402%1995664156 - - [2017-08-01 03:14:30] "POST /login HTTP/1.1" 200 320 0.072148
Aug 01 03:14:30 witherspoon phosphor-gevent[1026]: ::8069:6876:8e91:f402%1995664156 - - [2017-08-01 03:14:30] "GET /org/openbmc/control/flash/bios HTTP/1.1" 200 397 0.124647
Aug 01 03:14:41 witherspoon phosphor-gevent[1026]: ::8069:6876:8e91:f402%1995664156 - - [2017-08-01 03:14:41] "POST /login HTTP/1.1" 200 320 0.033154
Aug 01 03:14:41 witherspoon phosphor-gevent[1026]: ::8069:6876:8e91:f402%1995664156 - - [2017-08-01 03:14:41] "GET /org/openbmc/control/flash/bios HTTP/1.1" 200 397 0.067573
Aug 01 03:14:51 witherspoon phosphor-gevent[1026]: ::8069:6876:8e91:f402%1995664156 - - [2017-08-01 03:14:51] "POST /login HTTP/1.1" 200 320 0.032946
Aug 01 03:14:51 witherspoon phosphor-gevent[1026]: ::8069:6876:8e91:f402%1995664156 - - [2017-08-01 03:14:51] "GET /org/openbmc/control/flash/bios HTTP/1.1" 200 397 0.067818
Aug 01 03:15:02 witherspoon phosphor-gevent[1026]: ::8069:6876:8e91:f402%1995664156 - - [2017-08-01 03:15:02] "POST /login HTTP/1.1" 200 320 0.033348
Aug 01 03:15:02 witherspoon phosphor-gevent[1026]: ::8069:6876:8e91:f402%1995664156 - - [2017-08-01 03:15:02] "GET /org/openbmc/control/flash/bios HTTP/1.1" 200 397 0.067148
Aug 01 03:15:12 witherspoon phosphor-gevent[1026]: ::8069:6876:8e91:f402%1995664156 - - [2017-08-01 03:15:12] "POST /login HTTP/1.1" 200 320 0.033113
Aug 01 03:15:12 witherspoon phosphor-gevent[1026]: ::8069:6876:8e91:f402%1995664156 - - [2017-08-01 03:15:12] "GET /org/openbmc/control/flash/bios HTTP/1.1" 200 397 0.073172
Aug 01 03:15:22 witherspoon phosphor-gevent[1026]: ::8069:6876:8e91:f402%1995664156 - - [2017-08-01 03:15:22] "POST /login HTTP/1.1" 200 320 0.032855
Aug 01 03:15:22 witherspoon phosphor-gevent[1026]: ::8069:6876:8e91:f402%1995664156 - - [2017-08-01 03:15:22] "GET /org/openbmc/control/flash/bios HTTP/1.1" 200 397 0.074615
Aug 01 03:15:33 witherspoon phosphor-gevent[1026]: ::8069:6876:8e91:f402%1995664156 - - [2017-08-01 03:15:33] "POST /login HTTP/1.1" 200 320 0.033201
Aug 01 03:15:33 witherspoon phosphor-gevent[1026]: ::8069:6876:8e91:f402%1995664156 - - [2017-08-01 03:15:33] "GET /org/openbmc/control/flash/bios HTTP/1.1" 200 397 0.067214
Aug 01 03:15:43 witherspoon phosphor-gevent[1026]: ::8069:6876:8e91:f402%1995664156 - - [2017-08-01 03:15:43] "POST /login HTTP/1.1" 200 320 0.033094
Aug 01 03:15:43 witherspoon phosphor-gevent[1026]: ::8069:6876:8e91:f402%1995664156 - - [2017-08-01 03:15:43] "GET /org/openbmc/control/flash/bios HTTP/1.1" 200 397 0.067201
Aug 01 03:15:54 witherspoon phosphor-gevent[1026]: ::8069:6876:8e91:f402%1995664156 - - [2017-08-01 03:15:54] "POST /login HTTP/1.1" 200 320 0.079362
Aug 01 03:15:54 witherspoon phosphor-gevent[1026]: ::8069:6876:8e91:f402%1995664156 - - [2017-08-01 03:15:54] "GET /org/openbmc/control/flash/bios HTTP/1.1" 200 397 0.087538
Aug 01 03:16:05 witherspoon phosphor-gevent[1026]: ::8069:6876:8e91:f402%1995664156 - - [2017-08-01 03:16:05] "POST /login HTTP/1.1" 200 320 0.033285
Aug 01 03:16:06 witherspoon phosphor-gevent[1026]: ::8069:6876:8e91:f402%1995664156 - - [2017-08-01 03:16:06] "GET /org/openbmc/control/flash/bios HTTP/1.1" 200 397 0.067619
Aug 01 03:16:16 witherspoon phosphor-gevent[1026]: ::8069:6876:8e91:f402%1995664156 - - [2017-08-01 03:16:16] "POST /login HTTP/1.1" 200 320 0.032958
Aug 01 03:16:16 witherspoon phosphor-gevent[1026]: ::8069:6876:8e91:f402%1995664156 - - [2017-08-01 03:16:16] "GET /org/openbmc/control/flash/bios HTTP/1.1" 200 397 0.067495
Aug 01 03:16:26 witherspoon phosphor-gevent[1026]: ::8069:6876:8e91:f402%1995664156 - - [2017-08-01 03:16:26] "POST /login HTTP/1.1" 200 320 0.033094
Aug 01 03:16:26 witherspoon phosphor-gevent[1026]: ::8069:6876:8e91:f402%1995664156 - - [2017-08-01 03:16:26] "GET /org/openbmc/control/flash/bios HTTP/1.1" 200 397 0.067614
Aug 01 03:16:36 witherspoon phosphor-gevent[1026]: ::8069:6876:8e91:f402%1995664156 - - [2017-08-01 03:16:36] "POST /login HTTP/1.1" 200 320 0.032961
Aug 01 03:16:36 witherspoon phosphor-gevent[1026]: ::8069:6876:8e91:f402%1995664156 - - [2017-08-01 03:16:36] "GET /org/openbmc/control/flash/bios HTTP/1.1" 200 401 0.080920
Aug 01 03:16:47 witherspoon phosphor-gevent[1026]: ::8069:6876:8e91:f402%1995664156 - - [2017-08-01 03:16:47] "POST /login HTTP/1.1" 200 320 0.033187
Aug 01 03:16:48 witherspoon phosphor-gevent[1026]: ::8069:6876:8e91:f402%1995664156 - - [2017-08-01 03:16:48] "GET /org/openbmc/control/flash/bios HTTP/1.1" 200 402 1.286256
Aug 01 03:16:58 witherspoon phosphor-gevent[1026]: ::8069:6876:8e91:f402%1995664156 - - [2017-08-01 03:16:58] "POST /login HTTP/1.1" 200 320 0.033165
Aug 01 03:16:58 witherspoon phosphor-gevent[1026]: ::8069:6876:8e91:f402%1995664156 - - [2017-08-01 03:16:58] "GET /org/openbmc/control/flash/bios HTTP/1.1" 200 402 0.068436
Aug 01 03:17:10 witherspoon phosphor-gevent[1026]: ::8069:6876:8e91:f402%1995664156 - - [2017-08-01 03:17:10] "POST /login HTTP/1.1" 200 320 0.062257
Aug 01 03:17:10 witherspoon phosphor-gevent[1026]: ::8069:6876:8e91:f402%1995664156 - - [2017-08-01 03:17:10] "GET /org/openbmc/control/flash/bios HTTP/1.1" 200 402 0.076391
Aug 01 03:17:20 witherspoon phosphor-gevent[1026]: ::8069:6876:8e91:f402%1995664156 - - [2017-08-01 03:17:20] "POST /login HTTP/1.1" 200 320 0.033222
Aug 01 03:17:20 witherspoon phosphor-gevent[1026]: ::8069:6876:8e91:f402%1995664156 - - [2017-08-01 03:17:20] "GET /org/openbmc/control/flash/bios HTTP/1.1" 200 402 0.070074
Aug 01 03:17:32 witherspoon phosphor-gevent[1026]: ::8069:6876:8e91:f402%1995664156 - - [2017-08-01 03:17:32] "POST /login HTTP/1.1" 200 320 0.054421
Aug 01 03:17:32 witherspoon phosphor-gevent[1026]: ::8069:6876:8e91:f402%1995664156 - - [2017-08-01 03:17:32] "GET /org/openbmc/control/flash/bios HTTP/1.1" 200 402 0.066813
Aug 01 03:17:42 witherspoon phosphor-gevent[1026]: ::8069:6876:8e91:f402%1995664156 - - [2017-08-01 03:17:42] "POST /login HTTP/1.1" 200 320 0.032868
Aug 01 03:17:42 witherspoon phosphor-gevent[1026]: ::8069:6876:8e91:f402%1995664156 - - [2017-08-01 03:17:42] "GET /org/openbmc/control/flash/bios HTTP/1.1" 200 402 0.067157
Aug 01 03:17:52 witherspoon phosphor-gevent[1026]: ::8069:6876:8e91:f402%1995664156 - - [2017-08-01 03:17:52] "POST /login HTTP/1.1" 200 320 0.040775
Aug 01 03:17:52 witherspoon phosphor-gevent[1026]: ::8069:6876:8e91:f402%1995664156 - - [2017-08-01 03:17:52] "GET /org/openbmc/control/flash/bios HTTP/1.1" 200 402 0.072225
Aug 01 03:18:03 witherspoon phosphor-gevent[1026]: ::8069:6876:8e91:f402%1995664156 - - [2017-08-01 03:18:03] "POST /login HTTP/1.1" 200 320 0.033380
Aug 01 03:18:03 witherspoon phosphor-gevent[1026]: ::8069:6876:8e91:f402%1995664156 - - [2017-08-01 03:18:03] "GET /org/openbmc/control/flash/bios HTTP/1.1" 200 402 0.068038
Aug 01 03:18:13 witherspoon phosphor-gevent[1026]: ::8069:6876:8e91:f402%1995664156 - - [2017-08-01 03:18:13] "POST /login HTTP/1.1" 200 320 0.033505
Aug 01 03:18:13 witherspoon phosphor-gevent[1026]: ::8069:6876:8e91:f402%1995664156 - - [2017-08-01 03:18:13] "GET /org/openbmc/control/flash/bios HTTP/1.1" 200 401 0.069171
Aug 01 03:18:23 witherspoon phosphor-gevent[1026]: ::8069:6876:8e91:f402%1995664156 - - [2017-08-01 03:18:23] "POST /login HTTP/1.1" 200 320 0.032866
Aug 01 03:18:23 witherspoon phosphor-gevent[1026]: ::8069:6876:8e91:f402%1995664156 - - [2017-08-01 03:18:23] "GET /org/openbmc/control/flash/bios HTTP/1.1" 200 402 0.068309
Aug 01 03:18:31 witherspoon flash_bios.exe[1043]: Erasing... (may take a while !) done !
Aug 01 03:18:31 witherspoon flash_bios.exe[1043]: About to program "/tmp/witherspoon_910_golden.pnor" at 0x00000000..0x04000000 !
Aug 01 03:18:31 witherspoon flash_bios.exe[1043]: Programming & Verifying...
Aug 01 03:18:31 witherspoon flash_bios.exe[1043]: Flash done
Aug 01 03:18:34 witherspoon phosphor-gevent[1026]: ::8069:6876:8e91:f402%1995664156 - - [2017-08-01 03:18:34] "POST /login HTTP/1.1" 200 320 0.033531
Aug 01 03:18:35 witherspoon phosphor-gevent[1026]: ::8069:6876:8e91:f402%1995664156 - - [2017-08-01 03:18:35] "GET /org/openbmc/control/flash/bios HTTP/1.1" 200 399 1.634095
Aug 01 03:18:35 witherspoon systemd[1]: Started SSH Per-Connection Server (9.41.165.94:46708).
Aug 01 03:18:35 witherspoon dropbear[1163]: Failed loading /etc/dropbear/dropbear_dss_host_key
Aug 01 03:18:35 witherspoon dropbear[1163]: Failed loading /etc/dropbear/dropbear_ecdsa_host_key
Aug 01 03:18:35 witherspoon dropbear[1163]: Child connection from ::ffff:9.41.165.94:46708
Aug 01 03:18:36 witherspoon dropbear[1163]: PAM password auth succeeded for 'root' from ::ffff:9.41.165.94:46708
Aug 01 03:18:36 witherspoon dropbear[1164]: lastlog_perform_login: Couldn't stat /var/log/lastlog: No such file or directory
Aug 01 03:18:36 witherspoon dropbear[1164]: lastlog_openseek: /var/log/lastlog is not a file or directory!
Aug 01 03:18:39 witherspoon phosphor-gevent[1026]: ::8069:6876:8e91:f402%1995664156 - - [2017-08-01 03:18:39] "POST /login HTTP/1.1" 200 320 0.032914
Aug 01 03:18:39 witherspoon phosphor-gevent[1026]: ::8069:6876:8e91:f402%1995664156 - - [2017-08-01 03:18:39] "GET /xyz/openbmc_project/state/host0//attr/CurrentHostState HTTP/1.1" 200 212 0.049591
Aug 01 03:18:39 witherspoon systemd[1]: Created slice system-obmc\x2dconsole\x2dssh.slice.
Aug 01 03:18:39 witherspoon systemd[1]: Started Phosphor Host Console SSH Per-Connection (9.41.165.94:55170).
Aug 01 03:18:39 witherspoon dropbear[1168]: Failed loading /etc/dropbear/dropbear_dss_host_key
Aug 01 03:18:39 witherspoon dropbear[1168]: Failed loading /etc/dropbear/dropbear_ecdsa_host_key
Aug 01 03:18:39 witherspoon dropbear[1168]: Child connection from ::ffff:9.41.165.94:55170
Aug 01 03:18:39 witherspoon phosphor-gevent[1026]: ::8069:6876:8e91:f402%1995664156 - - [2017-08-01 03:18:39] "POST /login HTTP/1.1" 200 320 0.033199
Aug 01 03:18:40 witherspoon phosphor-gevent[1026]: ::8069:6876:8e91:f402%1995664156 - - [2017-08-01 03:18:40] "PUT /org/openbmc/settings/host0/attr/power_policy HTTP/1.1" 200 169 0.165913
Aug 01 03:18:40 witherspoon phosphor-gevent[1026]: ::8069:6876:8e91:f402%1995664156 - - [2017-08-01 03:18:40] "POST /login HTTP/1.1" 200 320 0.032796
Aug 01 03:18:40 witherspoon phosphor-gevent[1026]: ::8069:6876:8e91:f402%1995664156 - - [2017-08-01 03:18:40] "GET /org/openbmc/settings/host0/attr/power_policy HTTP/1.1" 200 185 0.073841
Aug 01 03:18:40 witherspoon phosphor-gevent[1026]: ::8069:6876:8e91:f402%1995664156 - - [2017-08-01 03:18:40] "POST /login HTTP/1.1" 200 320 0.032934
Aug 01 03:18:40 witherspoon phosphor-gevent[1026]: ::8069:6876:8e91:f402%1995664156 - - [2017-08-01 03:18:40] "GET /xyz/openbmc_project/state/chassis0//attr/CurrentPowerState HTTP/1.1" 200 216 0.051214
Aug 01 03:18:41 witherspoon phosphor-gevent[1026]: ::8069:6876:8e91:f402%1995664156 - - [2017-08-01 03:18:41] "POST /login HTTP/1.1" 200 320 0.032939
Aug 01 03:18:41 witherspoon phosphor-gevent[1026]: ::8069:6876:8e91:f402%1995664156 - - [2017-08-01 03:18:41] "GET /xyz/openbmc_project/state/bmc0//attr/CurrentBMCState HTTP/1.1" 200 215 0.049542
Aug 01 03:18:41 witherspoon phosphor-gevent[1026]: ::8069:6876:8e91:f402%1995664156 - - [2017-08-01 03:18:41] "POST /login HTTP/1.1" 200 320 0.033353
Aug 01 03:18:41 witherspoon phosphor-gevent[1026]: ::8069:6876:8e91:f402%1995664156 - - [2017-08-01 03:18:41] "GET /org/openbmc/sensors/host/BootProgress/attr/value HTTP/1.1" 200 170 0.053667
Aug 01 03:18:43 witherspoon phosphor-gevent[1026]: ::8069:6876:8e91:f402%1995664156 - - [2017-08-01 03:18:43] "POST /login HTTP/1.1" 200 320 1.908972
Aug 01 03:18:43 witherspoon phosphor-gevent[1026]: ::8069:6876:8e91:f402%1995664156 - - [2017-08-01 03:18:43] "GET /xyz/openbmc_project/state/host0//attr/CurrentHostState HTTP/1.1" 200 212 0.049370
Aug 01 03:18:44 witherspoon dropbear[1168]: PAM password auth succeeded for 'root' from ::ffff:9.41.165.94:55170
Aug 01 03:18:44 witherspoon dropbear[1169]: lastlog_perform_login: Couldn't stat /var/log/lastlog: No such file or directory
Aug 01 03:18:44 witherspoon dropbear[1169]: lastlog_openseek: /var/log/lastlog is not a file or directory!
Aug 01 03:18:44 witherspoon phosphor-gevent[1026]: ::8069:6876:8e91:f402%1995664156 - - [2017-08-01 03:18:44] "POST /login HTTP/1.1" 200 320 0.147960
Aug 01 03:18:44 witherspoon phosphor-host-state-manager[1079]: Host State transaction request
Aug 01 03:18:44 witherspoon systemd[1]: Started Witherspoon Fan Watchdog Daemon.
Aug 01 03:18:44 witherspoon systemd[1]: Starting Wait for /xyz/openbmc_project/watchdog/host0...
Aug 01 03:18:44 witherspoon systemd[1]: Created slice system-cfam_override.slice.
Aug 01 03:18:44 witherspoon systemd[1]: Started Initialize BIOS Flash.
Aug 01 03:18:44 witherspoon systemd[1]: Starting Wait for /xyz/openbmc_project/led/groups/power_on...
Aug 01 03:18:44 witherspoon systemd[1]: Created slice system-avsbus\x2ddisable.slice.
Aug 01 03:18:44 witherspoon systemd[1]: Created slice system-mapper\x2dsubtree\x2dremove.slice.
Aug 01 03:18:44 witherspoon systemd[1]: Created slice system-phosphor\x2dwatchdog.slice.
Aug 01 03:18:44 witherspoon systemd[1]: Started Phosphor Cooling Type.
Aug 01 03:18:44 witherspoon systemd[1]: Starting Witherspoon Fan Watchdog Reset...
Aug 01 03:18:44 witherspoon systemd[1]: Created slice system-phosphor\x2dfan\x2dcontrol\x2dinit.slice.
Aug 01 03:18:44 witherspoon systemd[1]: Created slice system-ir35221\x2don\x2dunbind.slice.
Aug 01 03:18:44 witherspoon systemd[1]: Created slice system-vcs_off.slice.
Aug 01 03:18:44 witherspoon systemd[1]: Created slice system-ir35221\x2don\x2dbind.slice.
Aug 01 03:18:44 witherspoon systemd[1]: Created slice system-ucd_disable_vcs.slice.
Aug 01 03:18:44 witherspoon systemd[1]: Created slice system-op\x2dpower\x2dstart.slice.
Aug 01 03:18:44 witherspoon systemd[1]: Created slice system-vrm\x2dcontrol.slice.
Aug 01 03:18:44 witherspoon systemd[1]: Starting Disable UCD VCS rails...
Aug 01 03:18:44 witherspoon systemd[1]: Created slice system-vcs_on.slice.
Aug 01 03:18:44 witherspoon systemd[1]: Created slice system-avsbus\x2denable.slice.
Aug 01 03:18:44 witherspoon systemd[1]: Starting power on mode unbind ir35221 device driver devs...
Aug 01 03:18:44 witherspoon systemd[1]: Starting mapper subtree-remove /xyz/openbmc_project/software:xyz.openbmc_project.Software.ActivationBlocksTransition...
Aug 01 03:18:44 witherspoon systemd[1]: Created slice system-mboxd\x2dreload.slice.
Aug 01 03:18:44 witherspoon systemd[1]: Starting Reload mboxd during power on...
Aug 01 03:18:44 witherspoon systemd[1]: Created slice system-obmc\x2denable\x2dhost\x2dwatchdog.slice.
Aug 01 03:18:44 witherspoon systemd[1]: Created slice system-avsbus\x2dworkaround.slice.
Aug 01 03:18:44 witherspoon systemd[1]: Created slice system-phosphor\x2dfan\x2dpresence\x2dtach.slice.
Aug 01 03:18:44 witherspoon systemd[1]: Starting Reboot If Enabled...
Aug 01 03:18:44 witherspoon systemd[1]: Starting Wait for /org/openbmc/control/chassis0...
Aug 01 03:18:44 witherspoon systemd[1]: Created slice system-pcie\x2dslot\x2ddetect.slice.
Aug 01 03:18:44 witherspoon systemd[1]: Created slice system-op\x2dwait\x2dpower\x2don.slice.
Aug 01 03:18:44 witherspoon systemd[1]: Starting Wait for Power0 to turn on...
Aug 01 03:18:44 witherspoon systemd[1]: Started Phosphor poweron watchdog.
Aug 01 03:18:44 witherspoon systemd[1]: Created slice system-vcs_workaround.slice.
Aug 01 03:18:44 witherspoon systemd[1]: Created slice system-start_host.slice.
Aug 01 03:18:44 witherspoon systemd[1]: Created slice system-fsi\x2dbind.slice.
Aug 01 03:18:44 witherspoon systemd[1]: Created slice system-fsi\x2dscan.slice.
Aug 01 03:18:44 witherspoon systemd[1]: Created slice system-phosphor\x2dgpio\x2dmonitor.slice.
Aug 01 03:18:44 witherspoon systemd[1]: Started Phosphor GPIO checkstop monitor.
Aug 01 03:18:44 witherspoon systemd[1]: Reached target Start Host checkstop monitor.
Aug 01 03:18:46 witherspoon systemd[1]: Started power on mode unbind ir35221 device driver devs.
Aug 01 03:18:46 witherspoon systemd[1]: xyz.openbmc_project.Hwmon@ahb-apb-i2c\x401e78a000-i2c\x2dbus\x40180-ir35221\x4070.service: Unit not needed anymore. Stopping.
Aug 01 03:18:46 witherspoon systemd[1]: Stopping Phosphor Hwmon Poller...
Aug 01 03:18:46 witherspoon systemd[1]: Stopped Phosphor Hwmon Poller.
Aug 01 03:18:46 witherspoon systemd[1]: Started Witherspoon Fan Watchdog Reset.
Aug 01 03:18:46 witherspoon systemd[1]: xyz.openbmc_project.Hwmon@ahb-apb-i2c\x401e78a000-i2c\x2dbus\x40180-ir35221\x4071.service: Unit not needed anymore. Stopping.
Aug 01 03:18:46 witherspoon systemd[1]: xyz.openbmc_project.Hwmon@ahb-apb-i2c\x401e78a000-i2c\x2dbus\x40140-ir35221\x4071.service: Service hold-off time over, scheduling restart.
Aug 01 03:18:46 witherspoon systemd[1]: xyz.openbmc_project.Hwmon@ahb-apb-i2c\x401e78a000-i2c\x2dbus\x40180-ir35221\x4071.service: Service hold-off time over, scheduling restart.
Aug 01 03:18:46 witherspoon systemd[1]: xyz.openbmc_project.Hwmon@ahb-apb-i2c\x401e78a000-i2c\x2dbus\x40180-ir35221\x4071.service: Stop job pending for unit, delaying automatic restart.
Aug 01 03:18:46 witherspoon systemd[1]: xyz.openbmc_project.Hwmon@ahb-apb-i2c\x401e78a000-i2c\x2dbus\x40140-ir35221\x4070.service: Service hold-off time over, scheduling restart.
Aug 01 03:18:46 witherspoon systemd[1]: xyz.openbmc_project.Hwmon@ahb-apb-i2c\x401e78a000-i2c\x2dbus\x40140-ir35221\x4070.service: Unit not needed anymore. Stopping.
Aug 01 03:18:46 witherspoon kernel: ucd9000 11-0064: Device ID UCD90160|2.3.4.0000|110603
Aug 01 03:18:46 witherspoon kernel[990]: [  474.330000] ucd9000 11-0064: Device ID UCD90160|2.3.4.0000|110603
Aug 01 03:18:46 witherspoon systemd[1]: Requested transaction contradicts existing jobs: Transaction is destructive.
Aug 01 03:18:46 witherspoon systemd[1]: xyz.openbmc_project.Hwmon@ahb-apb-i2c\x401e78a000-i2c\x2dbus\x40140-ir35221\x4070.service: Failed to enqueue stop job, ignoring: Transaction is destructive.
Aug 01 03:18:46 witherspoon systemd[1]: xyz.openbmc_project.Hwmon@ahb-apb-i2c\x401e78a000-i2c\x2dbus\x40140-ir35221\x4071.service: Unit not needed anymore. Stopping.
Aug 01 03:18:46 witherspoon systemd[1]: Requested transaction contradicts existing jobs: Transaction is destructive.
Aug 01 03:18:46 witherspoon systemd[1]: xyz.openbmc_project.Hwmon@ahb-apb-i2c\x401e78a000-i2c\x2dbus\x40140-ir35221\x4071.service: Failed to enqueue stop job, ignoring: Transaction is destructive.
Aug 01 03:18:46 witherspoon systemd[1]: Stopped Phosphor Hwmon Poller.
Aug 01 03:18:46 witherspoon systemd[1]: Started Phosphor Hwmon Poller.
Aug 01 03:18:46 witherspoon systemd[1]: xyz.openbmc_project.Hwmon@ahb-apb-i2c\x401e78a000-i2c\x2dbus\x40140-ir35221\x4070.service: Unit not needed anymore. Stopping.
Aug 01 03:18:46 witherspoon systemd[1]: Stopping Phosphor Hwmon Poller...
Aug 01 03:18:46 witherspoon systemd[1]: Stopped Phosphor Hwmon Poller.
Aug 01 03:18:46 witherspoon systemd[1]: Started Phosphor Hwmon Poller.
Aug 01 03:18:46 witherspoon systemd[1]: xyz.openbmc_project.Hwmon@ahb-apb-i2c\x401e78a000-i2c\x2dbus\x40140-ir35221\x4071.service: Unit not needed anymore. Stopping.
Aug 01 03:18:46 witherspoon systemd[1]: Stopping Phosphor Hwmon Poller...
Aug 01 03:18:46 witherspoon systemd[1]: Stopped Phosphor Hwmon Poller.
