-- Logs begin at Thu 2017-07-13 05:21:31 UTC, end at Thu 2017-07-13 20:38:22 UTC. --
Jul 13 05:21:31 witherspoon kernel: Booting Linux on physical CPU 0x0
Jul 13 05:21:31 witherspoon kernel: Linux version 4.10.17-990f06c35b7e119f00967e90f0514dbbd2e1b51b (jenkins@hudson) (gcc version 6.2.0 (GCC) ) #1 Thu Jul 13 05:05:27 UTC 2017
Jul 13 05:21:31 witherspoon kernel: CPU: ARMv6-compatible processor [410fb767] revision 7 (ARMv7), cr=00c5387d
Jul 13 05:21:31 witherspoon kernel: CPU: PIPT / VIPT nonaliasing data cache, VIPT nonaliasing instruction cache
Jul 13 05:21:31 witherspoon kernel: OF: fdt:Machine model: Witherspoon BMC
Jul 13 05:21:31 witherspoon kernel: Memory policy: Data cache writeback
Jul 13 05:21:31 witherspoon kernel: SOC Rev: 04030303
Jul 13 05:21:31 witherspoon kernel: On node 0 totalpages: 110592
Jul 13 05:21:31 witherspoon kernel: free_area_init_node: node 0, pgdat 805f33fc, node_mem_map 9ec1a000
Jul 13 05:21:31 witherspoon kernel:   Normal zone: 992 pages used for memmap
Jul 13 05:21:31 witherspoon kernel:   Normal zone: 0 pages reserved
Jul 13 05:21:31 witherspoon kernel:   Normal zone: 110592 pages, LIFO batch:31
Jul 13 05:21:31 witherspoon kernel: pcpu-alloc: s0 r0 d32768 u32768 alloc=1*32768
Jul 13 05:21:31 witherspoon kernel: pcpu-alloc: [0] 0 
Jul 13 05:21:31 witherspoon kernel: Built 1 zonelists in Zone order, mobility grouping on.  Total pages: 109600
Jul 13 05:21:31 witherspoon kernel: Kernel command line: console=ttyS4,115200n8 root=/dev/ram rw
Jul 13 05:21:31 witherspoon kernel: PID hash table entries: 2048 (order: 1, 8192 bytes)
Jul 13 05:21:31 witherspoon kernel: Dentry cache hash table entries: 65536 (order: 6, 262144 bytes)
Jul 13 05:21:31 witherspoon kernel: Inode-cache hash table entries: 32768 (order: 5, 131072 bytes)
Jul 13 05:21:31 witherspoon kernel: Memory: 430512K/442368K available (4048K kernel code, 280K rwdata, 1172K rodata, 276K init, 111K bss, 11856K reserved, 0K cma-reserved)
Jul 13 05:21:31 witherspoon kernel: Virtual kernel memory layout:
                                        vector  : 0xffff0000 - 0xffff1000   (   4 kB)
                                        fixmap  : 0xffc00000 - 0xfff00000   (3072 kB)
                                        vmalloc : 0x9f800000 - 0xff800000   (1536 MB)
                                        lowmem  : 0x80000000 - 0x9f000000   ( 496 MB)
                                          .text : 0x80008000 - 0x803fc590   (4050 kB)
                                          .init : 0x8057b000 - 0x805c0000   ( 276 kB)
                                          .data : 0x805c0000 - 0x806061a8   ( 281 kB)
                                           .bss : 0x806061a8 - 0x80622078   ( 112 kB)
Jul 13 05:21:31 witherspoon kernel: NR_IRQS:16 nr_irqs:16 16
Jul 13 05:21:31 witherspoon kernel: i2c controller registered, irq 16
Jul 13 05:21:31 witherspoon kernel: clocksource: moxart_timer: mask: 0xffffffff max_cycles: 0xffffffff, max_idle_ns: 77222644334 ns
Jul 13 05:21:31 witherspoon kernel: sched_clock: 32 bits at 100 Hz, resolution 10000000ns, wraps every 21474836475000000ns
Jul 13 05:21:31 witherspoon kernel: Calibrating delay loop... 789.70 BogoMIPS (lpj=3948544)
Jul 13 05:21:31 witherspoon kernel: pid_max: default: 32768 minimum: 301
Jul 13 05:21:31 witherspoon kernel: Mount-cache hash table entries: 1024 (order: 0, 4096 bytes)
Jul 13 05:21:31 witherspoon kernel: Mountpoint-cache hash table entries: 1024 (order: 0, 4096 bytes)
Jul 13 05:21:31 witherspoon kernel: CPU: Testing write buffer coherency: ok
Jul 13 05:21:31 witherspoon kernel: ftrace: allocating 14867 entries in 44 pages
Jul 13 05:21:31 witherspoon kernel: Setting up static identity map for 0x80008200 - 0x8000825c
Jul 13 05:21:31 witherspoon kernel: devtmpfs: initialized
Jul 13 05:21:31 witherspoon kernel: clocksource: jiffies: mask: 0xffffffff max_cycles: 0xffffffff, max_idle_ns: 19112604462750000 ns
Jul 13 05:21:31 witherspoon kernel: futex hash table entries: 256 (order: -1, 3072 bytes)
Jul 13 05:21:31 witherspoon kernel: pinctrl core: initialized pinctrl subsystem
Jul 13 05:21:31 witherspoon kernel: NET: Registered protocol family 16
Jul 13 05:21:31 witherspoon kernel: DMA: preallocated 256 KiB pool for atomic coherent allocations
Jul 13 05:21:31 witherspoon kernel: usbcore: registered new interface driver usbfs
Jul 13 05:21:31 witherspoon kernel: usbcore: registered new interface driver hub
Jul 13 05:21:31 witherspoon kernel: usbcore: registered new device driver usb
Jul 13 05:21:31 witherspoon kernel: clocksource: Switched to clocksource moxart_timer
Jul 13 05:21:31 witherspoon kernel: NET: Registered protocol family 2
Jul 13 05:21:31 witherspoon kernel: TCP established hash table entries: 4096 (order: 2, 16384 bytes)
Jul 13 05:21:31 witherspoon kernel: TCP bind hash table entries: 4096 (order: 2, 16384 bytes)
Jul 13 05:21:31 witherspoon kernel: TCP: Hash tables configured (established 4096 bind 4096)
Jul 13 05:21:31 witherspoon kernel: UDP hash table entries: 256 (order: 0, 4096 bytes)
Jul 13 05:21:31 witherspoon kernel: UDP-Lite hash table entries: 256 (order: 0, 4096 bytes)
Jul 13 05:21:31 witherspoon kernel: NET: Registered protocol family 1
Jul 13 05:21:31 witherspoon kernel: Trying to unpack rootfs image as initramfs...
Jul 13 05:21:31 witherspoon kernel: Freeing initrd memory: 1544K
Jul 13 05:21:31 witherspoon kernel: workingset: timestamp_bits=30 max_order=17 bucket_order=0
Jul 13 05:21:31 witherspoon kernel: squashfs: version 4.0 (2009/01/31) Phillip Lougher
Jul 13 05:21:31 witherspoon kernel: jffs2: version 2.2. (SUMMARY)  © 2001-2006 Red Hat, Inc.
Jul 13 05:21:31 witherspoon kernel: Block layer SCSI generic (bsg) driver version 0.4 loaded (major 250)
Jul 13 05:21:31 witherspoon kernel: io scheduler noop registered
Jul 13 05:21:31 witherspoon kernel: io scheduler deadline registered
Jul 13 05:21:31 witherspoon kernel: io scheduler cfq registered (default)
Jul 13 05:21:31 witherspoon kernel: ipmi-bt-host 1e789140.ibt: Found bt bmc device
Jul 13 05:21:31 witherspoon kernel: ipmi-bt-host 1e789140.ibt: Using IRQ 22
Jul 13 05:21:31 witherspoon kernel: Serial: 8250/16550 driver, 6 ports, IRQ sharing enabled
Jul 13 05:21:31 witherspoon kernel: 1e783000.serial: ttyS0 at MMIO 0x1e783000 (irq = 23, base_baud = 1500000) is a 16550A
Jul 13 05:21:31 witherspoon kernel: 1e78d000.serial: ttyS1 at MMIO 0x1e78d000 (irq = 24, base_baud = 1500000) is a 16550A
Jul 13 05:21:31 witherspoon kernel: 1e784000.serial: ttyS4 at MMIO 0x1e784000 (irq = 25, base_baud = 1500000) is a 16550A
Jul 13 05:21:31 witherspoon kernel: console [ttyS4] enabled
Jul 13 05:21:31 witherspoon kernel: 1e787000.vuart: ttyS2 at MMIO 0x1e787000 (irq = 22, base_baud = 1500000) is a 16550A
Jul 13 05:21:31 witherspoon kernel: timeriomem_rng 1e6e2078.hwrng: 32bits from 0xf00e2078 @ 1us
Jul 13 05:21:31 witherspoon kernel: brd: module loaded
Jul 13 05:21:31 witherspoon kernel: loop: module loaded
Jul 13 05:21:31 witherspoon kernel: aspeed-lpc-ctrl 1e789080.lpc-ctrl: Loaded at 0x98000000 (0x04000000)
Jul 13 05:21:31 witherspoon kernel: aspeed-smc 1e620000.flash-controller: Using IRQ 18
Jul 13 05:21:31 witherspoon kernel: aspeed-smc 1e620000.flash-controller: DMA support disabled.
Jul 13 05:21:31 witherspoon kernel: aspeed-smc 1e620000.flash-controller: mx25l25635e (32768 Kbytes)
Jul 13 05:21:31 witherspoon kernel: aspeed-smc 1e620000.flash-controller: CE0 window [ 0x20000000 - 0x22000000 ] 32MB
Jul 13 05:21:31 witherspoon kernel: aspeed-smc 1e620000.flash-controller: CE1 window [ 0x22000000 - 0x2a000000 ] 128MB
Jul 13 05:21:31 witherspoon kernel: 5 ofpart partitions found on MTD device bmc
Jul 13 05:21:31 witherspoon kernel: Creating 5 MTD partitions on "bmc":
Jul 13 05:21:31 witherspoon kernel: 0x000000000000-0x000000060000 : "u-boot"
Jul 13 05:21:31 witherspoon kernel: 0x000000060000-0x000000080000 : "u-boot-env"
Jul 13 05:21:31 witherspoon kernel: 0x000000080000-0x0000004c0000 : "kernel"
Jul 13 05:21:31 witherspoon kernel: 0x0000004c0000-0x000001c00000 : "rofs"
Jul 13 05:21:31 witherspoon kernel: 0x000001c00000-0x000002000000 : "rwfs"
Jul 13 05:21:31 witherspoon kernel: aspeed-smc 1e620000.flash-controller: mx25l25635e (32768 Kbytes)
Jul 13 05:21:31 witherspoon kernel: aspeed-smc 1e620000.flash-controller: CE1 window [ 0x22000000 - 0x24000000 ] 32MB
Jul 13 05:21:31 witherspoon kernel: aspeed-smc 1e620000.flash-controller: CE2 window [ 0x24000000 - 0x2c000000 ] 128MB
Jul 13 05:21:31 witherspoon kernel: aspeed-smc 1e630000.flash-controller: mx66l1g45g (131072 Kbytes)
Jul 13 05:21:31 witherspoon kernel: aspeed-smc 1e630000.flash-controller: CE0 window resized to 120MB (AST2500 HW quirk)
Jul 13 05:21:31 witherspoon kernel: aspeed-smc 1e630000.flash-controller: CE0 window [ 0x30000000 - 0x37800000 ] 120MB
Jul 13 05:21:31 witherspoon kernel: aspeed-smc 1e630000.flash-controller: CE0 window too small for chip 128MB
Jul 13 05:21:31 witherspoon kernel: aspeed-smc 1e630000.flash-controller: CE1 window [ 0x37800000 - 0x38000000 ] 8MB
Jul 13 05:21:31 witherspoon kernel: libphy: Fixed MDIO Bus: probed
Jul 13 05:21:31 witherspoon kernel: ftgmac100 1e660000.ethernet: Read MAC address 70:e2:84:14:28:a9 from chip
Jul 13 05:21:31 witherspoon kernel: ftgmac100 1e660000.ethernet: Using NCSI interface
Jul 13 05:21:31 witherspoon kernel: ftgmac100 1e660000.ethernet eth0: irq 20, mapped at f0060000
Jul 13 05:21:31 witherspoon kernel: ehci_hcd: USB 2.0 'Enhanced' Host Controller (EHCI) Driver
Jul 13 05:21:31 witherspoon kernel: ehci-platform: EHCI generic platform driver
Jul 13 05:21:31 witherspoon kernel:  fsi0: can't read slave 00:00 -5
Jul 13 05:21:31 witherspoon kernel: i2c /dev entries driver
Jul 13 05:21:31 witherspoon kernel: aspeed-i2c-bus 1e78a0c0.i2c-bus: i2c bus 2 registered, irq 26
Jul 13 05:21:31 witherspoon kernel: aspeed-i2c-bus 1e78a100.i2c-bus: i2c bus 3 registered, irq 27
Jul 13 05:21:31 witherspoon kernel: aspeed-i2c-bus 1e78a140.i2c-bus: i2c bus 4 registered, irq 28
Jul 13 05:21:31 witherspoon kernel: aspeed-i2c-bus 1e78a180.i2c-bus: i2c bus 5 registered, irq 29
Jul 13 05:21:31 witherspoon kernel: aspeed-i2c-bus 1e78a380.i2c-bus: i2c bus 9 registered, irq 30
Jul 13 05:21:31 witherspoon kernel: aspeed-i2c-bus 1e78a3c0.i2c-bus: i2c bus 10 registered, irq 31
Jul 13 05:21:31 witherspoon kernel: rtc-rv8803 11-0032: Voltage low, temperature compensation stopped.
Jul 13 05:21:31 witherspoon kernel: rtc-rv8803 11-0032: rtc core: registered rx8900 as rtc0
Jul 13 05:21:31 witherspoon kernel: at24 11-0051: 8192 byte 24c64 EEPROM, writable, 1 bytes/write
Jul 13 05:21:31 witherspoon kernel: aspeed-i2c-bus 1e78a400.i2c-bus: i2c bus 11 registered, irq 32
Jul 13 05:21:31 witherspoon kernel: aspeed-i2c-bus 1e78a440.i2c-bus: i2c bus 12 registered, irq 33
Jul 13 05:21:31 witherspoon kernel: aspeed-i2c-bus 1e78a480.i2c-bus: i2c bus 13 registered, irq 34
Jul 13 05:21:31 witherspoon kernel: Driver for 1-wire Dallas network protocol.
Jul 13 05:21:31 witherspoon kernel: lm75 9-004a: hwmon0: sensor 'tmp275'
Jul 13 05:21:31 witherspoon kernel: random: fast init done
Jul 13 05:21:31 witherspoon kernel: ucd9000 11-0064: Device ID UCD90160|2.3.4.0000|110603
Jul 13 05:21:31 witherspoon kernel: leds-pca955x 11-0060: leds-pca955x: Using pca9552 16-bit LED driver at slave address 0x60
Jul 13 05:21:31 witherspoon kernel: leds-pca955x 11-0060: gpios 264...279
Jul 13 05:21:31 witherspoon kernel: usbcore: registered new interface driver usbhid
Jul 13 05:21:31 witherspoon kernel: usbhid: USB HID core driver
Jul 13 05:21:31 witherspoon kernel: bmp280: probe of 3-0077 failed with error -5
Jul 13 05:21:31 witherspoon kernel: dps310 3-0076: iio:device1: sensor 'dps310'
Jul 13 05:21:31 witherspoon kernel: NET: Registered protocol family 10
Jul 13 05:21:31 witherspoon kernel: Segment Routing with IPv6
Jul 13 05:21:31 witherspoon kernel: NET: Registered protocol family 17
Jul 13 05:21:31 witherspoon kernel: console [netcon0] enabled
Jul 13 05:21:31 witherspoon kernel: netconsole: network logging started
Jul 13 05:21:31 witherspoon kernel: input: gpio-keys as /devices/platform/gpio-keys/input/input0
Jul 13 05:21:31 witherspoon kernel: rtc-rv8803 11-0032: setting system clock to 2017-07-13 05:21:21 UTC (1499923281)
Jul 13 05:21:31 witherspoon kernel: Freeing unused kernel memory: 276K
Jul 13 05:21:31 witherspoon kernel: This architecture does not have kernel memory protection.
Jul 13 05:21:31 witherspoon kernel: jffs2: notice: (513) jffs2_build_xattr_subsystem: complete building xattr subsystem, 0 of xdatum (0 unchecked, 0 orphan) and 0 of xref (0 dead, 0 orphan) found.
Jul 13 05:21:31 witherspoon systemd[1]: Failed to insert module 'autofs4': No such file or directory
Jul 13 05:21:31 witherspoon systemd[1]: systemd 232 running in system mode. (+PAM -AUDIT -SELINUX -IMA -APPARMOR -SMACK +SYSVINIT -UTMP -LIBCRYPTSETUP -GCRYPT -GNUTLS +ACL +XZ -LZ4 -SECCOMP +BLKID -ELFUTILS +KMOD -IDN)
Jul 13 05:21:31 witherspoon systemd[1]: Detected architecture arm.
Jul 13 05:21:31 witherspoon systemd[1]: Set hostname to <witherspoon>.
Jul 13 05:21:31 witherspoon systemd[1]: Listening on udev Control Socket.
Jul 13 05:21:31 witherspoon systemd[1]: Listening on Network Service Netlink Socket.
Jul 13 05:21:31 witherspoon systemd[1]: Listening on Journal Socket.
Jul 13 05:21:31 witherspoon systemd[1]: Listening on /dev/initctl Compatibility Named Pipe.
Jul 13 05:21:31 witherspoon systemd[1]: Listening on Syslog Socket.
Jul 13 05:21:31 witherspoon systemd[1]: Started Forward Password Requests to Wall Directory Watch.
Jul 13 05:21:31 witherspoon systemd[1]: Listening on udev Kernel Socket.
Jul 13 05:21:31 witherspoon systemd[1]: Starting Journal Service...
Jul 13 05:21:31 witherspoon systemd[1]: Mounting Debug File System...
Jul 13 05:21:31 witherspoon systemd[1]: Starting Apply Kernel Variables...
Jul 13 05:21:31 witherspoon systemd[1]: Created slice system-org.openbmc.buttons.Power.slice.
Jul 13 05:21:31 witherspoon systemd[1]: Created slice system-org.openbmc.buttons.reset.slice.
Jul 13 05:21:31 witherspoon systemd-journald[532]: Journal started
Jul 13 05:21:31 witherspoon systemd-journald[532]: Runtime journal (/run/log/journal/12c6a00ebfdd479284cf09f39d1bc042) is 0B, max 0B, 0B free.
Jul 13 05:21:31 witherspoon systemd-sysctl[535]: Couldn't write '16' to 'kernel/sysrq', ignoring: No such file or directory
Jul 13 05:21:31 witherspoon systemd-sysctl[535]: Couldn't write 'fq_codel' to 'net/core/default_qdisc', ignoring: No such file or directory
Jul 13 05:21:32 witherspoon systemd[1]: Created slice system-org.openbmc.control.Bmc.slice.
Jul 13 05:21:32 witherspoon systemd[1]: Created slice system-obmc\x2dconsole.slice.
Jul 13 05:21:32 witherspoon systemd[1]: Starting Remount Root and Kernel File Systems...
Jul 13 05:21:33 witherspoon systemd[1]: dev-hugepages.mount: Couldn't determine result for ConditionVirtualization=!private-users, assuming failed: No such file or directory
Jul 13 05:21:33 witherspoon systemd[1]: Created slice system-mapper\x2dwait.slice.
Jul 13 05:21:36 witherspoon systemd[1]: Created slice system-phosphor\x2dcooling\x2dtype.slice.
Jul 13 05:21:36 witherspoon systemd[1]: Created slice system-serial\x2dgetty.slice.
Jul 13 05:21:36 witherspoon systemd[1]: Mounted Debug File System.
Jul 13 05:21:37 witherspoon systemd[1]: Mounted Temporary Directory.
Jul 13 05:21:37 witherspoon systemd[1]: Started Journal Service.
Jul 13 05:21:37 witherspoon systemd[1]: Started Apply Kernel Variables.
Jul 13 05:21:37 witherspoon systemd[1]: Started Remount Root and Kernel File Systems.
Jul 13 05:21:38 witherspoon systemd[1]: Starting Create System Users...
Jul 13 05:21:38 witherspoon systemd[1]: Starting Flush Journal to Persistent Storage...
Jul 13 05:21:38 witherspoon systemd[1]: Started udev Coldplug all Devices.
Jul 13 05:21:39 witherspoon systemd-journald[532]: Runtime journal (/run/log/journal/12c6a00ebfdd479284cf09f39d1bc042) is 0B, max 0B, 0B free.
Jul 13 05:21:39 witherspoon systemd[1]: Started Flush Journal to Persistent Storage.
Jul 13 05:21:39 witherspoon systemd[1]: Started Create System Users.
Jul 13 05:21:39 witherspoon systemd[1]: Starting Create Static Device Nodes in /dev...
Jul 13 05:21:39 witherspoon systemd[1]: Started Create Static Device Nodes in /dev.
Jul 13 05:21:39 witherspoon systemd[1]: Starting udev Kernel Device Manager...
Jul 13 05:21:39 witherspoon systemd[1]: Reached target Local File Systems (Pre).
Jul 13 05:21:39 witherspoon systemd[1]: Mounting /var/volatile...
Jul 13 05:21:39 witherspoon systemd[1]: Mounted /var/volatile.
Jul 13 05:21:39 witherspoon systemd[1]: Starting Load/Save Random Seed...
Jul 13 05:21:39 witherspoon systemd[1]: Reached target Local File Systems.
Jul 13 05:21:40 witherspoon systemd[1]: Starting Create Volatile Files and Directories...
Jul 13 05:21:40 witherspoon systemd[1]: Starting Rebuild Journal Catalog...
Jul 13 05:21:40 witherspoon systemd[1]: Started Load/Save Random Seed.
Jul 13 05:21:40 witherspoon systemd-tmpfiles[874]: "/var/tmp" already exists and is not a directory.
Jul 13 05:21:40 witherspoon systemd-tmpfiles[874]: "/var/log" already exists and is not a directory.
Jul 13 05:21:40 witherspoon systemd[1]: Started Create Volatile Files and Directories.
Jul 13 05:21:40 witherspoon systemd[1]: Started Rebuild Journal Catalog.
Jul 13 05:21:40 witherspoon systemd[1]: Started udev Kernel Device Manager.
Jul 13 05:21:40 witherspoon systemd[1]: Starting Update is Completed...
Jul 13 05:21:40 witherspoon systemd[1]: Starting Network Time Synchronization...
Jul 13 05:21:40 witherspoon systemd[1]: Starting Run pending postinsts...
Jul 13 05:21:41 witherspoon systemd[1]: Started Update is Completed.
Jul 13 05:21:41 witherspoon systemd[1]: Found device /dev/aspeed-lpc-ctrl.
Jul 13 05:21:41 witherspoon systemd[1]: Found device /dev/aspeed-mbox.
Jul 13 05:21:42 witherspoon systemd[1]: Found device /dev/ttyS4.
Jul 13 05:21:42 witherspoon systemd[1]: Found device /dev/ttyVUART0.
Jul 13 05:21:43 witherspoon systemd[1]: Created slice system-xyz.openbmc_project.led.controller.slice.
Jul 13 05:21:43 witherspoon systemd[1]: Created slice system-xyz.openbmc_project.Hwmon.slice.
Jul 13 05:21:43 witherspoon systemd[1]: dev-hugepages.mount: Couldn't determine result for ConditionVirtualization=!private-users, assuming failed: No such file or directory
Jul 13 05:21:43 witherspoon systemd[1]: Started Network Time Synchronization.
Jul 13 05:21:43 witherspoon systemd[1]: Reached target System Time Synchronized.
Jul 13 05:21:43 witherspoon run-postinsts[889]: Running postinst /etc/rpm-postinsts/libglib-2.0-0...
Jul 13 05:21:44 witherspoon run-postinsts[889]: rm: can't remove '/etc/rpm-postinsts': Invalid argument
Jul 13 05:21:44 witherspoon run-postinsts[889]:  Removing any system startup links for run-postinsts ...
Jul 13 05:21:45 witherspoon systemctl[911]: Removed /etc/systemd/system/sysinit.target.wants/run-postinsts.service.
Jul 13 05:21:45 witherspoon systemd[1]: Reloading.
Jul 13 05:21:47 witherspoon systemd[1]: Started Run pending postinsts.
Jul 13 05:21:47 witherspoon systemd[1]: Reached target System Initialization.
Jul 13 05:21:47 witherspoon systemd[1]: Listening on Phosphor Webserver socket.
Jul 13 05:21:47 witherspoon systemd[1]: Started Daily Cleanup of Temporary Directories.
Jul 13 05:21:48 witherspoon systemd[1]: Reached target Timers.
Jul 13 05:21:48 witherspoon systemd[1]: Listening on phosphor-ipmi-net.socket.
Jul 13 05:21:48 witherspoon systemd[1]: Listening on dropbear.socket.
Jul 13 05:21:48 witherspoon systemd[1]: Listening on Phosphor Host Console SSH Per-Connection socket.
Jul 13 05:21:48 witherspoon systemd[1]: Listening on Phosphor DBUS Browser socket.
Jul 13 05:21:48 witherspoon systemd[1]: Listening on D-Bus System Message Bus Socket.
Jul 13 05:21:48 witherspoon systemd[1]: Listening on Avahi mDNS/DNS-SD Stack Activation Socket.
Jul 13 05:21:48 witherspoon systemd[1]: Reached target Sockets.
Jul 13 05:21:48 witherspoon systemd[1]: Reached target Basic System.
Jul 13 05:21:48 witherspoon systemd[1]: Starting Phosphor Sensor Manager...
Jul 13 05:21:48 witherspoon systemd[1]: Starting Phosphor Log Manager...
Jul 13 05:21:48 witherspoon systemd[1]: Starting Phosphor Dump Manager...
Jul 13 05:21:48 witherspoon systemd[1]: Started Start Reboot Guard.
Jul 13 05:21:48 witherspoon systemd[1]: Started Phosphor Hwmon Poller.
Jul 13 05:21:48 witherspoon systemd[1]: Starting OpenPower Software Update Manager...
Jul 13 05:21:48 witherspoon systemd[1]: Starting Phosphor BMC0 Control...
Jul 13 05:21:48 witherspoon systemd[1]: Starting Phosphor LED Group Management Daemon...
Jul 13 05:21:49 witherspoon systemd[1]: Starting Phosphor Download Manager...
Jul 13 05:21:49 witherspoon systemd[1]: Started Phosphor Hwmon Poller.
Jul 13 05:21:49 witherspoon systemd[1]: Started Phosphor Hwmon Poller.
Jul 13 05:21:49 witherspoon systemd[1]: Started D-Bus System Message Bus.
Jul 13 05:21:52 witherspoon systemd[1]: Started Phosphor Log Manager.
Jul 13 05:21:52 witherspoon systemd[1]: Started Phosphor Dump Manager.
Jul 13 05:21:53 witherspoon kernel: random: crng init done
Jul 13 05:21:52 witherspoon systemd[1]: Starting Network Service...
Jul 13 05:21:52 witherspoon systemd[1]: Started Hardware RNG Entropy Gatherer Daemon.
Jul 13 05:21:55 witherspoon kernel[950]: klogd started: BusyBox v1.24.1 (2017-06-16 19:26:49 UTC)
Jul 13 05:21:52 witherspoon systemd[1]: Reached target Containers.
Jul 13 05:21:55 witherspoon kernel[950]: [    0.000000] Booting Linux on physical CPU 0x0
Jul 13 05:21:52 witherspoon systemd[1]: Started Phosphor Hwmon Poller.
Jul 13 05:21:55 witherspoon kernel[950]: [    0.000000] Linux version 4.10.17-990f06c35b7e119f00967e90f0514dbbd2e1b51b (jenkins@hudson) (gcc version 6.2.0 (GCC) ) #1 Thu Jul 13 05:05:27 UTC 2017
Jul 13 05:21:52 witherspoon systemd[1]: Started Phosphor MBOX Daemon.
Jul 13 05:21:55 witherspoon kernel[950]: [    0.000000] CPU: ARMv6-compatible processor [410fb767] revision 7 (ARMv7), cr=00c5387d
Jul 13 05:21:52 witherspoon systemd[1]: Started Phosphor Console Muxer listening on device /dev/ttyVUART0.
Jul 13 05:21:55 witherspoon kernel[950]: [    0.000000] CPU: PIPT / VIPT nonaliasing data cache, VIPT nonaliasing instruction cache
Jul 13 05:21:52 witherspoon systemd[1]: Starting Clear one time boot overrides...
Jul 13 05:21:55 witherspoon kernel[950]: [    0.000000] OF: fdt:Machine model: Witherspoon BMC
Jul 13 05:21:52 witherspoon systemd[1]: Starting OpenBMC Software Update Manager...
Jul 13 05:21:55 witherspoon kernel[950]: [    0.000000] Memory policy: Data cache writeback
Jul 13 05:21:53 witherspoon systemd[1]: Starting Phosphor Network Manager...
Jul 13 05:21:55 witherspoon kernel[950]: [    0.000000] SOC Rev: 04030303
Jul 13 05:21:53 witherspoon systemd[1]: Starting Avahi mDNS/DNS-SD Stack...
Jul 13 05:21:55 witherspoon kernel[950]: [    0.000000] On node 0 totalpages: 110592
Jul 13 05:21:53 witherspoon systemd[1]: Started Phosphor sysfs LED controller.
Jul 13 05:21:55 witherspoon kernel[950]: [    0.000000] free_area_init_node: node 0, pgdat 805f33fc, node_mem_map 9ec1a000
Jul 13 05:21:53 witherspoon systemd[1]: Started Phosphor Hwmon Poller.
Jul 13 05:21:55 witherspoon kernel[950]: [    0.000000]   Normal zone: 992 pages used for memmap
Jul 13 05:21:53 witherspoon systemd[1]: Started Phosphor sysfs LED controller.
Jul 13 05:21:55 witherspoon kernel[950]: [    0.000000]   Normal zone: 0 pages reserved
Jul 13 05:21:53 witherspoon systemd[1]: Started System Logging Service.
Jul 13 05:21:55 witherspoon kernel[950]: [    0.000000]   Normal zone: 110592 pages, LIFO batch:31
Jul 13 05:21:53 witherspoon systemd[1]: Starting Phosphor Inventory Manager...
Jul 13 05:21:55 witherspoon kernel[950]: [    0.000000] pcpu-alloc: s0 r0 d32768 u32768 alloc=1*32768
Jul 13 05:21:53 witherspoon systemd[1]: Starting Phosphor IPMI BT DBus Bridge...
Jul 13 05:21:55 witherspoon kernel[950]: [    0.000000] pcpu-alloc: [0] 0
Jul 13 05:21:53 witherspoon systemd[1]: Started Kernel Logging Service.
Jul 13 05:21:55 witherspoon kernel[950]: [    0.000000] Built 1 zonelists in Zone order, mobility grouping on.  Total pages: 109600
Jul 13 05:21:54 witherspoon systemd[1]: Started Phosphor Hwmon Poller.
Jul 13 05:21:56 witherspoon phosphor-hwmon-readd[951]: Usage: /usr/sbin/phosphor-hwmon-readd [options]
Jul 13 05:21:56 witherspoon phosphor-hwmon-readd[951]: Options:
Jul 13 05:21:56 witherspoon phosphor-hwmon-readd[951]:     --help               print this menu
Jul 13 05:21:56 witherspoon phosphor-hwmon-readd[951]:     --path=<path>        sysfs location to monitor
Jul 13 05:21:56 witherspoon phosphor-hwmon-readd[951]:     --of-name=<path>     open firmware device name to monitor
Jul 13 05:21:56 witherspoon phosphor-hwmon-readd[951]: ERROR: Path not specified or invalid.
Jul 13 05:21:55 witherspoon kernel[950]: [    0.000000] Kernel command line: console=ttyS4,115200n8 root=/dev/ram rw
Jul 13 05:21:54 witherspoon systemd[1]: Started Phosphor Hwmon Poller.
Jul 13 05:21:55 witherspoon kernel[950]: [    0.000000] PID hash table entries: 2048 (order: 1, 8192 bytes)
Jul 13 05:21:54 witherspoon systemd[1]: Started Phosphor Dump core monitor..
Jul 13 05:21:55 witherspoon kernel[950]: [    0.000000] Dentry cache hash table entries: 65536 (order: 6, 262144 bytes)
Jul 13 05:21:54 witherspoon systemd[1]: Starting Phosphor Inventory Manager...
Jul 13 05:21:55 witherspoon kernel[950]: [    0.000000] Inode-cache hash table entries: 32768 (order: 5, 131072 bytes)
Jul 13 05:21:54 witherspoon systemd[1]: Starting Phosphor User Manager...
Jul 13 05:21:55 witherspoon kernel[950]: [    0.000000] Memory: 430512K/442368K available (4048K kernel code, 280K rwdata, 1172K rodata, 276K init, 111K bss, 11856K reserved, 0K cma-reserved)
Jul 13 05:21:54 witherspoon systemd[1]: Starting Phosphor DBus Service Discovery Manager...
Jul 13 05:21:55 witherspoon kernel[950]: [    0.000000] Virtual kernel memory layout:
Jul 13 05:21:54 witherspoon systemd[1]: Started Phosphor Hwmon Poller.
Jul 13 05:21:55 witherspoon kernel[950]: [    0.000000]     vector  : 0xffff0000 - 0xffff1000   (   4 kB)
Jul 13 05:21:55 witherspoon systemd[1]: Starting Phosphor Download Manager...
Jul 13 05:21:55 witherspoon kernel[950]: [    0.000000]     fixmap  : 0xffc00000 - 0xfff00000   (3072 kB)
Jul 13 05:21:55 witherspoon systemd[1]: Starting Phosphor Chassis0 Control...
Jul 13 05:21:55 witherspoon kernel[950]: [    0.000000]     vmalloc : 0x9f800000 - 0xff800000   (1536 MB)
Jul 13 05:21:55 witherspoon systemd[1]: Started Phosphor sysfs LED controller.
Jul 13 05:21:55 witherspoon kernel[950]: [    0.000000]     lowmem  : 0x80000000 - 0x9f000000   ( 496 MB)
Jul 13 05:21:55 witherspoon systemd[1]: Reloading.
Jul 13 05:21:55 witherspoon kernel[950]: [    0.000000]       .text : 0x80008000 - 0x803fc590   (4050 kB)
Jul 13 05:21:56 witherspoon systemd-networkd[935]: Could not create runtime directory: File exists
Jul 13 05:21:55 witherspoon kernel[950]: [    0.000000]       .init : 0x8057b000 - 0x805c0000   ( 276 kB)
Jul 13 05:21:56 witherspoon systemd-networkd[935]: Could not create runtime directory 'links': File exists
Jul 13 05:21:55 witherspoon kernel[950]: [    0.000000]       .data : 0x805c0000 - 0x806061a8   ( 281 kB)
Jul 13 05:21:56 witherspoon systemd-networkd[935]: Could not create runtime directory 'leases': File exists
Jul 13 05:21:55 witherspoon kernel[950]: [    0.000000]        .bss : 0x806061a8 - 0x80622078   ( 112 kB)
Jul 13 05:21:55 witherspoon kernel[950]: [    0.000000] NR_IRQS:16 nr_irqs:16 16
Jul 13 05:21:55 witherspoon kernel[950]: [    0.000000] i2c controller registered, irq 16
Jul 13 05:21:55 witherspoon kernel[950]: [    0.000000] clocksource: moxart_timer: mask: 0xffffffff max_cycles: 0xffffffff, max_idle_ns: 77222644334 ns
Jul 13 05:21:55 witherspoon kernel[950]: [    0.000000] sched_clock: 32 bits at 100 Hz, resolution 10000000ns, wraps every 21474836475000000ns
Jul 13 05:21:55 witherspoon kernel[950]: [    0.090000] Calibrating delay loop... 789.70 BogoMIPS (lpj=3948544)
Jul 13 05:21:55 witherspoon kernel[950]: [    0.090000] pid_max: default: 32768 minimum: 301
Jul 13 05:21:55 witherspoon kernel[950]: [    0.090000] Mount-cache hash table entries: 1024 (order: 0, 4096 bytes)
Jul 13 05:21:55 witherspoon kernel[950]: [    0.090000] Mountpoint-cache hash table entries: 1024 (order: 0, 4096 bytes)
Jul 13 05:21:55 witherspoon kernel[950]: [    0.090000] CPU: Testing write buffer coherency: ok
Jul 13 05:21:55 witherspoon kernel[950]: [    0.090000] ftrace: allocating 14867 entries in 44 pages
Jul 13 05:21:55 witherspoon kernel[950]: [    0.120000] Setting up static identity map for 0x80008200 - 0x8000825c
Jul 13 05:21:55 witherspoon kernel[950]: [    0.120000] devtmpfs: initialized
Jul 13 05:21:55 witherspoon kernel[950]: [    0.130000] clocksource: jiffies: mask: 0xffffffff max_cycles: 0xffffffff, max_idle_ns: 19112604462750000 ns
Jul 13 05:21:55 witherspoon kernel[950]: [    0.130000] futex hash table entries: 256 (order: -1, 3072 bytes)
Jul 13 05:21:55 witherspoon kernel[950]: [    0.130000] pinctrl core: initialized pinctrl subsystem
Jul 13 05:21:55 witherspoon kernel[950]: [    0.140000] NET: Registered protocol family 16
Jul 13 05:21:55 witherspoon kernel[950]: [    0.140000] DMA: preallocated 256 KiB pool for atomic coherent allocations
Jul 13 05:21:55 witherspoon kernel[950]: [    0.210000] usbcore: registered new interface driver usbfs
Jul 13 05:21:55 witherspoon kernel[950]: [    0.210000] usbcore: registered new interface driver hub
Jul 13 05:21:55 witherspoon kernel[950]: [    0.210000] usbcore: registered new device driver usb
Jul 13 05:21:55 witherspoon kernel[950]: [    0.210000] clocksource: Switched to clocksource moxart_timer
Jul 13 05:21:55 witherspoon kernel[950]: [    0.220000] NET: Registered protocol family 2
Jul 13 05:21:55 witherspoon kernel[950]: [    0.220000] TCP established hash table entries: 4096 (order: 2, 16384 bytes)
Jul 13 05:21:55 witherspoon kernel[950]: [    0.220000] TCP bind hash table entries: 4096 (order: 2, 16384 bytes)
Jul 13 05:21:55 witherspoon kernel[950]: [    0.220000] TCP: Hash tables configured (established 4096 bind 4096)
Jul 13 05:21:55 witherspoon kernel[950]: [    0.220000] UDP hash table entries: 256 (order: 0, 4096 bytes)
Jul 13 05:21:55 witherspoon kernel[950]: [    0.220000] UDP-Lite hash table entries: 256 (order: 0, 4096 bytes)
Jul 13 05:21:55 witherspoon kernel[950]: [    0.220000] NET: Registered protocol family 1
Jul 13 05:21:55 witherspoon kernel[950]: [    0.230000] Trying to unpack rootfs image as initramfs...
Jul 13 05:21:55 witherspoon kernel[950]: [    1.900000] Freeing initrd memory: 1544K
Jul 13 05:21:55 witherspoon kernel[950]: [    1.900000] workingset: timestamp_bits=30 max_order=17 bucket_order=0
Jul 13 05:21:55 witherspoon kernel[950]: [    1.900000] squashfs: version 4.0 (2009/01/31) Phillip Lougher
Jul 13 05:21:55 witherspoon kernel[950]: [    1.900000] jffs2: version 2.2. (SUMMARY)  © 2001-2006 Red Hat, Inc.
Jul 13 05:21:55 witherspoon kernel[950]: [    1.900000] Block layer SCSI generic (bsg) driver version 0.4 loaded (major 250)
Jul 13 05:21:55 witherspoon kernel[950]: [    1.900000] io scheduler noop registered
Jul 13 05:21:55 witherspoon kernel[950]: [    1.900000] io scheduler deadline registered
Jul 13 05:21:55 witherspoon kernel[950]: [    1.900000] io scheduler cfq registered (default)
Jul 13 05:21:55 witherspoon kernel[950]: [    2.050000] ipmi-bt-host 1e789140.ibt: Found bt bmc device
Jul 13 05:21:55 witherspoon kernel[950]: [    2.050000] ipmi-bt-host 1e789140.ibt: Using IRQ 22
Jul 13 05:21:55 witherspoon kernel[950]: [    2.050000] Serial: 8250/16550 driver, 6 ports, IRQ sharing enabled
Jul 13 05:21:55 witherspoon kernel[950]: [    2.050000] 1e783000.serial: ttyS0 at MMIO 0x1e783000 (irq = 23, base_baud = 1500000) is a 16550A
Jul 13 05:21:55 witherspoon kernel[950]: [    2.050000] 1e78d000.serial: ttyS1 at MMIO 0x1e78d000 (irq = 24, base_baud = 1500000) is a 16550A
Jul 13 05:21:55 witherspoon kernel[950]: [    2.050000] 1e784000.serial: ttyS4 at MMIO 0x1e784000 (irq = 25, base_baud = 1500000) is a 16550A
Jul 13 05:21:55 witherspoon kernel[950]: [    2.400000] console [ttyS4] enabled
Jul 13 05:21:55 witherspoon kernel[950]: [    2.400000] 1e787000.vuart: ttyS2 at MMIO 0x1e787000 (irq = 22, base_baud = 1500000) is a 16550A
Jul 13 05:21:55 witherspoon kernel[950]: [    2.590000] timeriomem_rng 1e6e2078.hwrng: 32bits from 0xf00e2078 @ 1us
Jul 13 05:21:55 witherspoon kernel[950]: [    2.610000] brd: module loaded
Jul 13 05:21:55 witherspoon kernel[950]: [    2.640000] loop: module loaded
Jul 13 05:21:55 witherspoon kernel[950]: [    2.640000] aspeed-lpc-ctrl 1e789080.lpc-ctrl: Loaded at 0x98000000 (0x04000000)
Jul 13 05:21:55 witherspoon kernel[950]: [    2.670000] aspeed-smc 1e620000.flash-controller: Using IRQ 18
Jul 13 05:21:55 witherspoon kernel[950]: [    2.670000] aspeed-smc 1e620000.flash-controller: DMA support disabled.
Jul 13 05:21:55 witherspoon kernel[950]: [    2.670000] aspeed-smc 1e620000.flash-controller: mx25l25635e (32768 Kbytes)
Jul 13 05:21:55 witherspoon kernel[950]: [    2.670000] aspeed-smc 1e620000.flash-controller: CE0 window [ 0x20000000 - 0x22000000 ] 32MB
Jul 13 05:21:55 witherspoon kernel[950]: [    2.670000] aspeed-smc 1e620000.flash-controller: CE1 window [ 0x22000000 - 0x2a000000 ] 128MB
Jul 13 05:21:55 witherspoon kernel[950]: [    2.710000] 5 ofpart partitions found on MTD device bmc
Jul 13 05:21:55 witherspoon kernel[950]: [    2.710000] Creating 5 MTD partitions on "bmc":
Jul 13 05:21:55 witherspoon kernel[950]: [    2.710000] 0x000000000000-0x000000060000 : "u-boot"
Jul 13 05:21:55 witherspoon kernel[950]: [    2.710000] 0x000000060000-0x000000080000 : "u-boot-env"
Jul 13 05:21:55 witherspoon kernel[950]: [    2.710000] 0x000000080000-0x0000004c0000 : "kernel"
Jul 13 05:21:55 witherspoon kernel[950]: [    2.710000] 0x0000004c0000-0x000001c00000 : "rofs"
Jul 13 05:21:55 witherspoon kernel[950]: [    2.760000] 0x000001c00000-0x000002000000 : "rwfs"
Jul 13 05:21:55 witherspoon kernel[950]: [    2.760000] aspeed-smc 1e620000.flash-controller: mx25l25635e (32768 Kbytes)
Jul 13 05:21:55 witherspoon kernel[950]: [    2.760000] aspeed-smc 1e620000.flash-controller: CE1 window [ 0x22000000 - 0x24000000 ] 32MB
Jul 13 05:21:55 witherspoon kernel[950]: [    2.760000] aspeed-smc 1e620000.flash-controller: CE2 window [ 0x24000000 - 0x2c000000 ] 128MB
Jul 13 05:21:55 witherspoon kernel[950]: [    2.760000] aspeed-smc 1e630000.flash-controller: mx66l1g45g (131072 Kbytes)
Jul 13 05:21:55 witherspoon kernel[950]: [    2.760000] aspeed-smc 1e630000.flash-controller: CE0 window resized to 120MB (AST2500 HW quirk)
Jul 13 05:21:55 witherspoon kernel[950]: [    2.820000] aspeed-smc 1e630000.flash-controller: CE0 window [ 0x30000000 - 0x37800000 ] 120MB
Jul 13 05:21:55 witherspoon kernel[950]: [    2.820000] aspeed-smc 1e630000.flash-controller: CE0 window too small for chip 128MB
Jul 13 05:21:55 witherspoon kernel[950]: [    2.820000] aspeed-smc 1e630000.flash-controller: CE1 window [ 0x37800000 - 0x38000000 ] 8MB
Jul 13 05:21:55 witherspoon kernel[950]: [    3.560000] libphy: Fixed MDIO Bus: probed
Jul 13 05:21:55 witherspoon kernel[950]: [    3.560000] ftgmac100 1e660000.ethernet: Read MAC address 70:e2:84:14:28:a9 from chip
Jul 13 05:21:55 witherspoon kernel[950]: [    3.560000] ftgmac100 1e660000.ethernet: Using NCSI interface
Jul 13 05:21:55 witherspoon kernel[950]: [    3.560000] ftgmac100 1e660000.ethernet eth0: irq 20, mapped at f0060000
Jul 13 05:21:55 witherspoon kernel[950]: [    3.560000] ehci_hcd: USB 2.0 'Enhanced' Host Controller (EHCI) Driver
Jul 13 05:21:55 witherspoon kernel[950]: [    3.560000] ehci-platform: EHCI generic platform driver
Jul 13 05:21:55 witherspoon kernel[950]: [    3.810000]  fsi0: can't read slave 00:00 -5
Jul 13 05:21:55 witherspoon kernel[950]: [    3.810000] i2c /dev entries driver
Jul 13 05:21:55 witherspoon kernel[950]: [    3.810000] aspeed-i2c-bus 1e78a0c0.i2c-bus: i2c bus 2 registered, irq 26
Jul 13 05:21:55 witherspoon kernel[950]: [    3.810000] aspeed-i2c-bus 1e78a100.i2c-bus: i2c bus 3 registered, irq 27
Jul 13 05:21:55 witherspoon kernel[950]: [    3.810000] aspeed-i2c-bus 1e78a140.i2c-bus: i2c bus 4 registered, irq 28
Jul 13 05:21:55 witherspoon kernel[950]: [    3.810000] aspeed-i2c-bus 1e78a180.i2c-bus: i2c bus 5 registered, irq 29
Jul 13 05:21:55 witherspoon kernel[950]: [    3.810000] aspeed-i2c-bus 1e78a380.i2c-bus: i2c bus 9 registered, irq 30
Jul 13 05:21:55 witherspoon kernel[950]: [    3.810000] aspeed-i2c-bus 1e78a3c0.i2c-bus: i2c bus 10 registered, irq 31
Jul 13 05:21:55 witherspoon kernel[950]: [    3.810000] rtc-rv8803 11-0032: Voltage low, temperature compensation stopped.
Jul 13 05:21:55 witherspoon kernel[950]: [    3.910000] rtc-rv8803 11-0032: rtc core: registered rx8900 as rtc0
Jul 13 05:21:55 witherspoon kernel[950]: [    3.920000] at24 11-0051: 8192 byte 24c64 EEPROM, writable, 1 bytes/write
Jul 13 05:21:55 witherspoon kernel[950]: [    3.920000] aspeed-i2c-bus 1e78a400.i2c-bus: i2c bus 11 registered, irq 32
Jul 13 05:21:55 witherspoon kernel[950]: [    3.930000] aspeed-i2c-bus 1e78a440.i2c-bus: i2c bus 12 registered, irq 33
Jul 13 05:21:55 witherspoon kernel[950]: [    3.930000] aspeed-i2c-bus 1e78a480.i2c-bus: i2c bus 13 registered, irq 34
Jul 13 05:21:55 witherspoon kernel[950]: [    3.950000] Driver for 1-wire Dallas network protocol.
Jul 13 05:21:55 witherspoon kernel[950]: [    3.950000] lm75 9-004a: hwmon0: sensor 'tmp275'
Jul 13 05:21:55 witherspoon kernel[950]: [    3.990000] random: fast init done
Jul 13 05:21:55 witherspoon kernel[950]: [    4.380000] ucd9000 11-0064: Device ID UCD90160|2.3.4.0000|110603
Jul 13 05:21:55 witherspoon kernel[950]: [    4.700000] leds-pca955x 11-0060: leds-pca955x: Using pca9552 16-bit LED driver at slave address 0x60
Jul 13 05:21:55 witherspoon kernel[950]: [    4.720000] leds-pca955x 11-0060: gpios 264...279
Jul 13 05:22:00 witherspoon systemd-networkd[935]: Enumeration completed
Jul 13 05:21:55 witherspoon kernel[950]: [    4.730000] usbcore: registered new interface driver usbhid
Jul 13 05:22:00 witherspoon systemd-networkd[935]: eth0: IPv6 enabled for interface: Success
Jul 13 05:21:55 witherspoon kernel[950]: [    4.730000] usbhid: USB HID core driver
Jul 13 05:22:00 witherspoon systemd-networkd[935]: eth0: Gained carrier
Jul 13 05:21:55 witherspoon kernel[950]: [    4.740000] bmp280: probe of 3-0077 failed with error -5
Jul 13 05:22:00 witherspoon systemd-timesyncd[888]: Network configuration changed, trying to establish connection.
Jul 13 05:21:55 witherspoon kernel[950]: [    4.750000] dps310 3-0076: iio:device1: sensor 'dps310'
Jul 13 05:21:55 witherspoon kernel[950]: [    4.760000] NET: Registered protocol family 10
Jul 13 05:21:55 witherspoon kernel[950]: [    4.760000] Segment Routing with IPv6
Jul 13 05:21:55 witherspoon kernel[950]: [    4.770000] NET: Registered protocol family 17
Jul 13 05:21:55 witherspoon kernel[950]: [    4.770000] console [netcon0] enabled
Jul 13 05:21:55 witherspoon kernel[950]: [    4.770000] netconsole: network logging started
Jul 13 05:21:55 witherspoon kernel[950]: [    4.790000] input: gpio-keys as /devices/platform/gpio-keys/input/input0
Jul 13 05:21:55 witherspoon kernel[950]: [    4.800000] rtc-rv8803 11-0032: setting system clock to 2017-07-13 05:21:21 UTC (1499923281)
Jul 13 05:21:55 witherspoon kernel[950]: [    4.810000] Freeing unused kernel memory: 276K
Jul 13 05:21:55 witherspoon kernel[950]: [    4.810000] This architecture does not have kernel memory protection.
Jul 13 05:21:55 witherspoon kernel[950]: [    6.620000] jffs2: notice: (513) jffs2_build_xattr_subsystem: complete building xattr subsystem, 0 of xdatum (0 unchecked, 0 orphan) and 0 of xref (0 dead, 0 orphan) found.
Jul 13 05:21:55 witherspoon kernel[950]: [    8.800000] systemd[1]: Failed to insert module 'autofs4': No such file or directory
Jul 13 05:21:55 witherspoon kernel[950]: [    9.000000] systemd[1]: systemd 232 running in system mode. (+PAM -AUDIT -SELINUX -IMA -APPARMOR -SMACK +SYSVINIT -UTMP -LIBCRYPTSETUP -GCRYPT -GNUTLS +ACL +XZ -LZ4 -SECCOMP +BLKID -ELFUTILS +KMOD -IDN)
Jul 13 05:21:55 witherspoon kernel[950]: [    9.000000] systemd[1]: Detected architecture arm.
Jul 13 05:21:55 witherspoon kernel[950]: [    9.110000] systemd[1]: Set hostname to <witherspoon>.
Jul 13 05:21:55 witherspoon kernel[950]: [   10.690000] systemd[1]: Listening on udev Control Socket.
Jul 13 05:21:55 witherspoon kernel[950]: [   10.840000] systemd[1]: Listening on Network Service Netlink Socket.
Jul 13 05:21:55 witherspoon kernel[950]: [   11.000000] systemd[1]: Listening on Journal Socket.
Jul 13 05:21:55 witherspoon kernel[950]: [   11.160000] systemd[1]: Listening on /dev/initctl Compatibility Named Pipe.
Jul 13 05:21:55 witherspoon kernel[950]: [   11.330000] systemd[1]: Listening on Syslog Socket.
Jul 13 05:21:55 witherspoon kernel[950]: [   11.510000] systemd[1]: Started Forward Password Requests to Wall Directory Watch.
Jul 13 05:21:55 witherspoon kernel[950]: [   11.690000] systemd[1]: Listening on udev Kernel Socket.
Jul 13 05:21:55 witherspoon kernel[950]: [   14.150000] systemd[1]: Starting Journal Service...
Jul 13 05:21:55 witherspoon kernel[950]: [   14.410000] systemd[1]: Mounting Debug File System...
Jul 13 05:21:55 witherspoon kernel[950]: [   14.410000] systemd[1]: Starting Apply Kernel Variables...
Jul 13 05:22:03 witherspoon systemd-networkd[935]: eth0: Gained IPv6LL
Jul 13 05:21:55 witherspoon kernel[950]: [   14.680000] systemd[1]: Created slice system-org.openbmc.buttons.Power.slice.
Jul 13 05:21:55 witherspoon kernel[950]: [   14.960000] systemd[1]: Created slice system-org.openbmc.buttons.reset.slice.
Jul 13 05:21:55 witherspoon kernel[950]: [   15.240000] systemd[1]: Created slice system-org.openbmc.control.Bmc.slice.
Jul 13 05:21:55 witherspoon kernel[950]: [   15.530000] systemd[1]: Created slice system-obmc\x2dconsole.slice.
Jul 13 05:21:55 witherspoon kernel[950]: [   15.830000] systemd[1]: Starting Remount Root and Kernel File Systems...
Jul 13 05:21:55 witherspoon kernel[950]: [   16.130000] systemd[1]: dev-hugepages.mount: Couldn't determine result for ConditionVirtualization=!private-users, assuming failed: No such file or directory
Jul 13 05:21:55 witherspoon kernel[950]: [   16.130000] systemd[1]: Created slice system-mapper\x2dwait.slice.
Jul 13 05:21:55 witherspoon kernel[950]: [   19.160000] systemd[1]: Created slice system-phosphor\x2dcooling\x2dtype.slice.
Jul 13 05:21:55 witherspoon kernel[950]: [   19.530000] systemd[1]: Created slice system-serial\x2dgetty.slice.
Jul 13 05:21:55 witherspoon kernel[950]: [   19.910000] systemd[1]: Mounted Debug File System.
Jul 13 05:21:55 witherspoon kernel[950]: [   20.290000] systemd[1]: Mounted Temporary Directory.
Jul 13 05:21:55 witherspoon kernel[950]: [   20.680000] systemd[1]: Started Journal Service.
Jul 13 05:21:55 witherspoon kernel[950]: [   22.310000] systemd-journald[532]: Received request to flush runtime journal from PID 1
Jul 13 05:21:55 witherspoon kernel[950]: [   36.140000] random: crng init done
Jul 13 05:21:58 witherspoon avahi-daemon[943]: Found user 'avahi' (UID 998) and group 'avahi' (GID 999).
Jul 13 05:21:58 witherspoon avahi-daemon[943]: Successfully dropped root privileges.
Jul 13 05:21:58 witherspoon avahi-daemon[943]: avahi-daemon 0.6.32 starting up.
Jul 13 05:21:58 witherspoon avahi-daemon[943]: Successfully called chroot().
Jul 13 05:21:58 witherspoon avahi-daemon[943]: Successfully dropped remaining capabilities.
Jul 13 05:21:58 witherspoon avahi-daemon[943]: Loading service file /services/obmc_console.service.
Jul 13 05:21:58 witherspoon avahi-daemon[943]: Loading service file /services/phosphor_rest.service.
Jul 13 05:21:58 witherspoon avahi-daemon[943]: Loading service file /services/sftp-ssh.service.
Jul 13 05:21:58 witherspoon avahi-daemon[943]: Loading service file /services/sftp.service.
Jul 13 05:21:58 witherspoon avahi-daemon[943]: Loading service file /services/ssh.service.
Jul 13 05:21:58 witherspoon avahi-daemon[943]: Network interface enumeration completed.
Jul 13 05:21:58 witherspoon avahi-daemon[943]: Server startup complete. Host name is witherspoon.local. Local service cookie is 281957504.
Jul 13 05:21:58 witherspoon avahi-daemon[943]: Service "witherspoon" (/services/ssh.service) successfully established.
Jul 13 05:21:58 witherspoon avahi-daemon[943]: Service "sftp" (/services/sftp.service) successfully established.
Jul 13 05:21:59 witherspoon avahi-daemon[943]: Service "witherspoon" (/services/sftp-ssh.service) successfully established.
Jul 13 05:21:59 witherspoon avahi-daemon[943]: Service "phosphor_rest" (/services/phosphor_rest.service) successfully established.
Jul 13 05:21:59 witherspoon avahi-daemon[943]: Service "obmc_console" (/services/obmc_console.service) successfully established.
Jul 13 05:22:00 witherspoon avahi-daemon[943]: Joining mDNS multicast group on interface eth0.IPv4 with address 9.3.21.61.
Jul 13 05:22:00 witherspoon avahi-daemon[943]: New relevant interface eth0.IPv4 for mDNS.
Jul 13 05:22:00 witherspoon avahi-daemon[943]: Registering new address record for 9.3.21.61 on eth0.IPv4.
Jul 13 05:22:03 witherspoon avahi-daemon[943]: Joining mDNS multicast group on interface eth0.IPv6 with address fe80::72e2:84ff:fe14:28a9.
Jul 13 05:22:03 witherspoon avahi-daemon[943]: New relevant interface eth0.IPv6 for mDNS.
Jul 13 05:22:03 witherspoon avahi-daemon[943]: Registering new address record for fe80::72e2:84ff:fe14:28a9 on eth0.*.
Jul 13 05:22:04 witherspoon kernel: ftgmac100 1e660000.ethernet eth0: NCSI interface up
Jul 13 05:22:04 witherspoon kernel[950]: [   47.500000] ftgmac100 1e660000.ethernet eth0: NCSI interface up
Jul 13 05:22:06 witherspoon systemd[1]: Started OpenBMC Software Update Manager.
Jul 13 05:22:08 witherspoon systemd[1]: Started Phosphor Inventory Manager.
Jul 13 05:22:08 witherspoon systemd[1]: Started Avahi mDNS/DNS-SD Stack.
Jul 13 05:22:08 witherspoon systemd[1]: Started Phosphor LED Group Management Daemon.
Jul 13 05:22:09 witherspoon systemd[1]: Started Phosphor IPMI BT DBus Bridge.
Jul 13 05:22:09 witherspoon systemd[1]: Started Phosphor BMC0 Control.
Jul 13 05:22:09 witherspoon systemd[1]: Started Phosphor Download Manager.
Jul 13 05:22:09 witherspoon systemd[1]: Started OpenPower Software Update Manager.
Jul 13 05:22:09 witherspoon systemd[1]: Started Clear one time boot overrides.
Jul 13 05:22:09 witherspoon systemd[1]: xyz.openbmc_project.Hwmon@ahb-apb-i2c\x401e78a000-i2c\x2dbus\x40100-dps310\x4076.service: Main process exited, code=exited, status=255/n/a
Jul 13 05:22:09 witherspoon systemd[1]: xyz.openbmc_project.Hwmon@ahb-apb-i2c\x401e78a000-i2c\x2dbus\x40100-dps310\x4076.service: Unit entered failed state.
Jul 13 05:22:09 witherspoon systemd[1]: xyz.openbmc_project.Hwmon@ahb-apb-i2c\x401e78a000-i2c\x2dbus\x40100-dps310\x4076.service: Failed with result 'exit-code'.
Jul 13 05:22:09 witherspoon systemd[1]: Started Network Service.
Jul 13 05:22:10 witherspoon systemd[1]: xyz.openbmc_project.Hwmon@ahb-apb-i2c\x401e78a000-i2c\x2dbus\x40100-dps310\x4076.service: Service hold-off time over, scheduling restart.
Jul 13 05:22:11 witherspoon systemd[1]: Stopped Phosphor Hwmon Poller.
Jul 13 05:22:11 witherspoon systemd[1]: Started Phosphor Hwmon Poller.
Jul 13 05:22:11 witherspoon systemd[1]: Starting Phosphor Version Software Manager...
Jul 13 05:22:11 witherspoon systemd[1]: Reached target Network.
Jul 13 05:22:11 witherspoon systemd[1]: Starting Permit User Sessions...
Jul 13 05:22:11 witherspoon systemd[1]: Started Lightweight SLP Server.
Jul 13 05:22:11 witherspoon systemd[1]: Created slice system-dropbear.slice.
Jul 13 05:22:12 witherspoon systemd[1]: Started SSH Per-Connection Server (9.41.165.94:57240).
Jul 13 05:22:12 witherspoon systemd[1]: Started Permit User Sessions.
Jul 13 05:22:12 witherspoon systemd[1]: Started Serial Getty on ttyS4.
Jul 13 05:22:12 witherspoon systemd[1]: Reached target Login Prompts.
Jul 13 05:22:12 witherspoon systemd[1]: Reached target Multi-User System.
Jul 13 05:22:12 witherspoon dropbear[984]: Failed loading /etc/dropbear/dropbear_dss_host_key
Jul 13 05:22:12 witherspoon dropbear[984]: Failed loading /etc/dropbear/dropbear_ecdsa_host_key
Jul 13 05:22:12 witherspoon dropbear[984]: Child connection from ::ffff:9.41.165.94:57240
Jul 13 05:22:12 witherspoon systemd[1]: Started Phosphor Version Software Manager.
Jul 13 05:22:13 witherspoon phosphor-hwmon-readd[976]: Usage: /usr/sbin/phosphor-hwmon-readd [options]
Jul 13 05:22:13 witherspoon phosphor-hwmon-readd[976]: Options:
Jul 13 05:22:13 witherspoon phosphor-hwmon-readd[976]:     --help               print this menu
Jul 13 05:22:13 witherspoon phosphor-hwmon-readd[976]:     --path=<path>        sysfs location to monitor
Jul 13 05:22:13 witherspoon phosphor-hwmon-readd[976]:     --of-name=<path>     open firmware device name to monitor
Jul 13 05:22:13 witherspoon phosphor-hwmon-readd[976]: ERROR: Path not specified or invalid.
Jul 13 05:22:13 witherspoon systemd[1]: xyz.openbmc_project.Hwmon@ahb-apb-i2c\x401e78a000-i2c\x2dbus\x40100-dps310\x4076.service: Main process exited, code=exited, status=255/n/a
Jul 13 05:22:13 witherspoon systemd[1]: xyz.openbmc_project.Hwmon@ahb-apb-i2c\x401e78a000-i2c\x2dbus\x40100-dps310\x4076.service: Unit entered failed state.
Jul 13 05:22:13 witherspoon systemd[1]: xyz.openbmc_project.Hwmon@ahb-apb-i2c\x401e78a000-i2c\x2dbus\x40100-dps310\x4076.service: Failed with result 'exit-code'.
Jul 13 05:22:13 witherspoon systemd[1]: xyz.openbmc_project.Hwmon@ahb-apb-i2c\x401e78a000-i2c\x2dbus\x40100-dps310\x4076.service: Service hold-off time over, scheduling restart.
Jul 13 05:22:13 witherspoon systemd[1]: Stopped Phosphor Hwmon Poller.
Jul 13 05:22:13 witherspoon systemd[1]: Started Phosphor Hwmon Poller.
Jul 13 05:22:13 witherspoon phosphor-hwmon-readd[988]: Usage: /usr/sbin/phosphor-hwmon-readd [options]
Jul 13 05:22:13 witherspoon phosphor-hwmon-readd[988]: Options:
Jul 13 05:22:13 witherspoon phosphor-hwmon-readd[988]:     --help               print this menu
Jul 13 05:22:13 witherspoon phosphor-hwmon-readd[988]:     --path=<path>        sysfs location to monitor
Jul 13 05:22:13 witherspoon phosphor-hwmon-readd[988]:     --of-name=<path>     open firmware device name to monitor
Jul 13 05:22:13 witherspoon phosphor-hwmon-readd[988]: ERROR: Path not specified or invalid.
Jul 13 05:22:13 witherspoon systemd[1]: xyz.openbmc_project.Hwmon@ahb-apb-i2c\x401e78a000-i2c\x2dbus\x40100-dps310\x4076.service: Main process exited, code=exited, status=255/n/a
Jul 13 05:22:13 witherspoon systemd[1]: xyz.openbmc_project.Hwmon@ahb-apb-i2c\x401e78a000-i2c\x2dbus\x40100-dps310\x4076.service: Unit entered failed state.
Jul 13 05:22:13 witherspoon systemd[1]: xyz.openbmc_project.Hwmon@ahb-apb-i2c\x401e78a000-i2c\x2dbus\x40100-dps310\x4076.service: Failed with result 'exit-code'.
Jul 13 05:22:14 witherspoon systemd[1]: xyz.openbmc_project.Hwmon@ahb-apb-i2c\x401e78a000-i2c\x2dbus\x40100-dps310\x4076.service: Service hold-off time over, scheduling restart.
Jul 13 05:22:14 witherspoon systemd[1]: Stopped Phosphor Hwmon Poller.
Jul 13 05:22:14 witherspoon systemd[1]: Started Phosphor Hwmon Poller.
Jul 13 05:22:15 witherspoon systemd-networkd[935]: eth0: Configured
Jul 13 05:22:15 witherspoon systemd-timesyncd[888]: Network configuration changed, trying to establish connection.
Jul 13 05:22:16 witherspoon phosphor-hwmon-readd[990]: Usage: /usr/sbin/phosphor-hwmon-readd [options]
Jul 13 05:22:16 witherspoon phosphor-hwmon-readd[990]: Options:
Jul 13 05:22:16 witherspoon phosphor-hwmon-readd[990]:     --help               print this menu
Jul 13 05:22:16 witherspoon phosphor-hwmon-readd[990]:     --path=<path>        sysfs location to monitor
Jul 13 05:22:16 witherspoon phosphor-hwmon-readd[990]:     --of-name=<path>     open firmware device name to monitor
Jul 13 05:22:16 witherspoon phosphor-hwmon-readd[990]: ERROR: Path not specified or invalid.
Jul 13 05:22:16 witherspoon systemd[1]: xyz.openbmc_project.Hwmon@ahb-apb-i2c\x401e78a000-i2c\x2dbus\x40100-dps310\x4076.service: Main process exited, code=exited, status=255/n/a
Jul 13 05:22:16 witherspoon systemd[1]: xyz.openbmc_project.Hwmon@ahb-apb-i2c\x401e78a000-i2c\x2dbus\x40100-dps310\x4076.service: Unit entered failed state.
Jul 13 05:22:17 witherspoon phosphor-hwmon-readd[991]: Usage: /usr/sbin/phosphor-hwmon-readd [options]
Jul 13 05:22:17 witherspoon phosphor-hwmon-readd[991]: Options:
Jul 13 05:22:17 witherspoon phosphor-hwmon-readd[991]:     --help               print this menu
Jul 13 05:22:17 witherspoon phosphor-hwmon-readd[991]:     --path=<path>        sysfs location to monitor
Jul 13 05:22:17 witherspoon phosphor-hwmon-readd[991]:     --of-name=<path>     open firmware device name to monitor
Jul 13 05:22:17 witherspoon phosphor-hwmon-readd[991]: ERROR: Path not specified or invalid.
Jul 13 05:22:16 witherspoon systemd[1]: xyz.openbmc_project.Hwmon@ahb-apb-i2c\x401e78a000-i2c\x2dbus\x40100-dps310\x4076.service: Failed with result 'exit-code'.
Jul 13 05:22:16 witherspoon systemd[1]: xyz.openbmc_project.Hwmon@ahb-apb-i2c\x401e78a000-i2c\x2dbus\x40100-dps310\x4076.service: Service hold-off time over, scheduling restart.
Jul 13 05:22:16 witherspoon systemd[1]: Stopped Phosphor Hwmon Poller.
Jul 13 05:22:16 witherspoon systemd[1]: Started Phosphor Hwmon Poller.
Jul 13 05:22:16 witherspoon systemd[1]: xyz.openbmc_project.Hwmon@ahb-apb-i2c\x401e78a000-i2c\x2dbus\x40100-dps310\x4076.service: Main process exited, code=exited, status=255/n/a
Jul 13 05:22:16 witherspoon systemd[1]: xyz.openbmc_project.Hwmon@ahb-apb-i2c\x401e78a000-i2c\x2dbus\x40100-dps310\x4076.service: Unit entered failed state.
Jul 13 05:22:16 witherspoon systemd[1]: xyz.openbmc_project.Hwmon@ahb-apb-i2c\x401e78a000-i2c\x2dbus\x40100-dps310\x4076.service: Failed with result 'exit-code'.
Jul 13 05:22:17 witherspoon systemd[1]: xyz.openbmc_project.Hwmon@ahb-apb-i2c\x401e78a000-i2c\x2dbus\x40100-dps310\x4076.service: Service hold-off time over, scheduling restart.
Jul 13 05:22:17 witherspoon systemd[1]: Stopped Phosphor Hwmon Poller.
Jul 13 05:22:17 witherspoon systemd[1]: Started Phosphor Hwmon Poller.
Jul 13 05:22:18 witherspoon systemd[1]: Started Phosphor Chassis0 Control.
Jul 13 05:22:18 witherspoon chassis_control.py[959]: Running ChassisControlService
Jul 13 05:22:18 witherspoon phosphor-hwmon-readd[994]: Usage: /usr/sbin/phosphor-hwmon-readd [options]
Jul 13 05:22:18 witherspoon phosphor-hwmon-readd[994]: Options:
Jul 13 05:22:18 witherspoon phosphor-hwmon-readd[994]:     --help               print this menu
Jul 13 05:22:18 witherspoon phosphor-hwmon-readd[994]:     --path=<path>        sysfs location to monitor
Jul 13 05:22:18 witherspoon phosphor-hwmon-readd[994]:     --of-name=<path>     open firmware device name to monitor
Jul 13 05:22:18 witherspoon phosphor-hwmon-readd[994]: ERROR: Path not specified or invalid.
Jul 13 05:22:18 witherspoon systemd[1]: xyz.openbmc_project.Hwmon@ahb-apb-i2c\x401e78a000-i2c\x2dbus\x40100-dps310\x4076.service: Main process exited, code=exited, status=255/n/a
Jul 13 05:22:18 witherspoon systemd[1]: xyz.openbmc_project.Hwmon@ahb-apb-i2c\x401e78a000-i2c\x2dbus\x40100-dps310\x4076.service: Unit entered failed state.
Jul 13 05:22:18 witherspoon systemd[1]: xyz.openbmc_project.Hwmon@ahb-apb-i2c\x401e78a000-i2c\x2dbus\x40100-dps310\x4076.service: Failed with result 'exit-code'.
Jul 13 05:22:19 witherspoon systemd[1]: xyz.openbmc_project.Hwmon@ahb-apb-i2c\x401e78a000-i2c\x2dbus\x40100-dps310\x4076.service: Service hold-off time over, scheduling restart.
Jul 13 05:22:19 witherspoon systemd[1]: Stopped Phosphor Hwmon Poller.
Jul 13 05:22:19 witherspoon systemd[1]: xyz.openbmc_project.Hwmon@ahb-apb-i2c\x401e78a000-i2c\x2dbus\x40100-dps310\x4076.service: Start request repeated too quickly.
Jul 13 05:22:19 witherspoon systemd[1]: Failed to start Phosphor Hwmon Poller.
Jul 13 05:22:19 witherspoon systemd[1]: xyz.openbmc_project.Hwmon@ahb-apb-i2c\x401e78a000-i2c\x2dbus\x40100-dps310\x4076.service: Unit entered failed state.
Jul 13 05:22:19 witherspoon systemd[1]: xyz.openbmc_project.Hwmon@ahb-apb-i2c\x401e78a000-i2c\x2dbus\x40100-dps310\x4076.service: Failed with result 'exit-code'.
Jul 13 05:22:19 witherspoon systemd[1]: Started Phosphor Download Manager.
Jul 13 05:22:19 witherspoon download_manager.py[931]: Running Download Manager
Jul 13 05:22:19 witherspoon dropbear[984]: PAM password auth succeeded for 'root' from ::ffff:9.41.165.94:57240
Jul 13 05:22:19 witherspoon dropbear[996]: lastlog_perform_login: Couldn't stat /var/log/lastlog: No such file or directory
Jul 13 05:22:19 witherspoon dropbear[996]: lastlog_openseek: /var/log/lastlog is not a file or directory!
Jul 13 05:22:19 witherspoon sensor_manager2.py[923]: Setting boot count to 3
Jul 13 05:22:19 witherspoon sensor_manager2.py[923]: Deleting OCC device
Jul 13 05:22:19 witherspoon sensor_manager2.py[923]: sh: /sys/class/i2c-adapter/i2c-3/3-0050/online: No such file or directory
Jul 13 05:22:19 witherspoon sensor_manager2.py[923]: Deleting OCC device
Jul 13 05:22:19 witherspoon sensor_manager2.py[923]: sh: /sys/class/i2c-adapter/i2c-3/3-0050/online: No such file or directory
Jul 13 05:22:19 witherspoon systemd[1]: Started Phosphor Sensor Manager.
Jul 13 05:22:19 witherspoon sensor_manager2.py[923]: Starting sensor manager
Jul 13 05:22:20 witherspoon inventory_items.py[948]: Loading from cache: /var/cache/obmc/org.openbmc.inventory.system.chassis.motherboard.apss@org.openbmc.InventoryItem.props
Jul 13 05:22:20 witherspoon inventory_items.py[948]: Loading from cache: /var/cache/obmc/org.openbmc.inventory.system.chassis.motherboard@org.openbmc.InventoryItem.props
Jul 13 05:22:20 witherspoon inventory_items.py[948]: Loading from cache: /var/cache/obmc/org.openbmc.inventory.system.chassis.motherboard.refclock@org.openbmc.InventoryItem.props
Jul 13 05:22:20 witherspoon inventory_items.py[948]: Loading from cache: /var/cache/obmc/org.openbmc.inventory.system.chassis.motherboard.todclock@org.openbmc.InventoryItem.props
Jul 13 05:22:20 witherspoon inventory_items.py[948]: Loading from cache: /var/cache/obmc/org.openbmc.inventory.system.chassis.motherboard.bmc@org.openbmc.InventoryItem.props
Jul 13 05:22:20 witherspoon inventory_items.py[948]: Caching: /org/openbmc/inventory/system/chassis/motherboard/bmc
Jul 13 05:22:20 witherspoon inventory_items.py[948]: Loading from cache: /var/cache/obmc/org.openbmc.inventory.system.chassis.motherboard.pcieclock@org.openbmc.InventoryItem.props
Jul 13 05:22:21 witherspoon systemd[1]: Started Phosphor Inventory Manager.
Jul 13 05:22:21 witherspoon inventory_items.py[948]: Running Inventory Manager
Jul 13 05:22:21 witherspoon phosphor-mapper[956]: ObjectMapper startup complete.  Discovery in progress...
Jul 13 05:22:22 witherspoon avahi-daemon[966]: ../../avahi-0.6.32/avahi-daemon/chroot.c: open() failed: No such file or directory
Jul 13 05:22:22 witherspoon avahi-daemon[943]: Failed to open /usr/share/dbus-1/interfaces/org.freedesktop.Avahi.Server.xml: Invalid argument
Jul 13 05:22:22 witherspoon avahi-daemon[943]: Failed to load introspection data.
Jul 13 05:22:25 witherspoon netman.py[942]: Started
Jul 13 05:22:25 witherspoon systemd[1]: Started Phosphor Network Manager.
Jul 13 05:22:28 witherspoon systemd[1]: Started Phosphor User Manager.
Jul 13 05:22:28 witherspoon obmc-phosphor-userd[955]: Started
Jul 13 05:22:38 witherspoon phosphor-mapper[956]: ObjectMapper discovery complete
Jul 13 05:22:38 witherspoon systemd[1]: Started Phosphor DBus Service Discovery Manager.
Jul 13 05:22:38 witherspoon systemd[1]: Reached target Phosphor Object Mapper.
Jul 13 05:22:38 witherspoon systemd[1]: Starting Phoshpor System Manager...
Jul 13 05:22:38 witherspoon systemd[1]: Starting Phosphor Settings Manager...
Jul 13 05:22:38 witherspoon systemd[1]: Reached target Webserver (pre).
Jul 13 05:22:38 witherspoon systemd[1]: Started Phosphor Webserver.
Jul 13 05:22:38 witherspoon systemd[1]: Starting Wait for /org/openbmc/managers/Download...
Jul 13 05:22:38 witherspoon systemd[1]: Starting Wait for /org/openbmc/managers/System...
Jul 13 05:22:38 witherspoon systemd[1]: Starting Wait for /org/openbmc/control/power0...
Jul 13 05:22:38 witherspoon systemd[1]: Starting Wait for /xyz/openbmc_project/control/host0...
Jul 13 05:22:38 witherspoon systemd[1]: Started Phosphor DBus Monitor.
Jul 13 05:22:38 witherspoon systemd[1]: Starting Wait for /xyz/openbmc_project/led/groups...
Jul 13 05:22:38 witherspoon systemd[1]: Starting Wait for /org/openbmc/NetworkManager/Interface...
Jul 13 05:22:38 witherspoon systemd[1]: Starting Wait for /xyz/openbmc_project/state/host0...
Jul 13 05:22:38 witherspoon systemd[1]: Starting Wait for /org/openbmc/sensors...
Jul 13 05:22:38 witherspoon systemd[1]: Starting Wait for /org/openbmc/control/flash/bios...
Jul 13 05:22:38 witherspoon systemd[1]: Starting Wait for /xyz/openbmc_project/state/chassis0...
Jul 13 05:22:38 witherspoon systemd[1]: Starting Wait for /xyz/openbmc_project/inventory...
Jul 13 05:22:38 witherspoon systemd[1]: Starting Wait for /xyz/openbmc_project/led/groups/bmc_booted...
Jul 13 05:22:38 witherspoon systemd[1]: Starting Wait for /org/openbmc/control/bmc0...
Jul 13 05:22:39 witherspoon systemd[1]: Started Wait for /org/openbmc/control/bmc0.
Jul 13 05:22:39 witherspoon systemd[1]: Started Wait for /xyz/openbmc_project/led/groups/bmc_booted.
Jul 13 05:22:39 witherspoon systemd[1]: Starting Assert bmc_booted LED...
Jul 13 05:22:39 witherspoon systemd[1]: Started Wait for /xyz/openbmc_project/inventory.
Jul 13 05:22:39 witherspoon systemd[1]: Starting Read OpenPOWER-format VPD from EEPROM...
Jul 13 05:22:39 witherspoon systemd[1]: Starting OpenPOWER OCC controller...
Jul 13 05:22:39 witherspoon systemd[1]: Started Phosphor Cooling Type.
Jul 13 05:22:39 witherspoon systemd[1]: Started Wait for /org/openbmc/sensors.
Jul 13 05:22:39 witherspoon systemd[1]: Started Phosphor Hwmon Poller.
Jul 13 05:22:39 witherspoon systemd[1]: Started Wait for /org/openbmc/NetworkManager/Interface.
Jul 13 05:22:39 witherspoon systemd[1]: Started Phosphor DNS Settings Cache Manager.
Jul 13 05:22:41 witherspoon systemd[1]: Started OpenPOWER OCC controller.
Jul 13 05:22:42 witherspoon systemd[1]: Started Wait for /org/openbmc/managers/Download.
Jul 13 05:22:42 witherspoon systemd[1]: Starting Phosphor BIOS Code Update...
Jul 13 05:22:42 witherspoon systemd[1]: Starting Phosphor BMC Code Update...
Jul 13 05:22:43 witherspoon systemd[1]: Started Assert bmc_booted LED.
Jul 13 05:22:44 witherspoon systemd[1]: Started Phosphor BIOS Code Update.
Jul 13 05:22:45 witherspoon systemd[1]: Started Read OpenPOWER-format VPD from EEPROM.
Jul 13 05:22:46 witherspoon systemd[1]: Started Wait for /xyz/openbmc_project/led/groups.
Jul 13 05:22:46 witherspoon systemd[1]: Started FRU Fault monitor service.
Jul 13 05:22:51 witherspoon systemd[1]: Started Wait for /org/openbmc/control/flash/bios.
Jul 13 05:22:51 witherspoon systemd[1]: Started Initialize BIOS Flash.
Jul 13 05:22:56 witherspoon flash_bios.exe[1036]: Starting flasher: bios,,/org/openbmc/control/flash/bios,
Jul 13 05:22:56 witherspoon flash_bios.exe[1036]: flasher: , BMC = 1, address = 0x0
Jul 13 05:22:56 witherspoon flash_bios.exe[1036]: Setting up flash
Jul 13 05:22:56 witherspoon flash_bios.exe[1036]: Starting flasher: bios,,/org/openbmc/control/flash/bios,
Jul 13 05:22:56 witherspoon flash_bios.exe[1036]: flasher: , BMC = 1, address = 0x0
Jul 13 05:22:56 witherspoon flash_bios.exe[1036]: Setting up flash
Jul 13 05:22:56 witherspoon hwmon.py[1029]: Starting HWMON sensors
Jul 13 05:22:58 witherspoon system_manager.py[1005]: Running System State: BASE_APPS
Jul 13 05:22:58 witherspoon system_manager.py[1005]: SystemManager Init Done
Jul 13 05:22:58 witherspoon systemd[1]: Started Phoshpor System Manager.
Jul 13 05:22:58 witherspoon system_manager.py[1005]: Running SystemManager
Jul 13 05:22:59 witherspoon systemd[1]: Started Phosphor BMC Code Update.
Jul 13 05:22:59 witherspoon bmc_update.py[1037]: Running Bmc Flash Control
Jul 13 05:22:59 witherspoon system_manager.py[1005]: SystemManager Goto System State: BMC_STARTING
Jul 13 05:22:59 witherspoon system_manager.py[1005]: Running System State: BMC_STARTING
Jul 13 05:22:59 witherspoon settings_manager.py[1006]: Running HostSettingsService
Jul 13 05:22:59 witherspoon systemd[1]: Started Phosphor Settings Manager.
Jul 13 05:22:59 witherspoon systemd[1]: Starting Wait for /org/openbmc/settings/host0...
Jul 13 05:23:00 witherspoon systemd[1]: Started Wait for /org/openbmc/managers/System.
Jul 13 05:23:00 witherspoon systemd[1]: Starting Phosphor Power Button0...
Jul 13 05:23:00 witherspoon systemd[1]: Starting Phosphor Reset Button0...
Jul 13 05:23:00 witherspoon systemd[1]: Starting Phosphor Power0 Control...
Jul 13 05:23:00 witherspoon systemd[1]: Starting Phosphor BMC State Manager...
Jul 13 05:23:00 witherspoon systemd[1]: Starting Phosphor Chassis State Manager...
Jul 13 05:23:00 witherspoon systemd[1]: Starting Phosphor Host State Manager...
Jul 13 05:23:01 witherspoon phosphor-chassis-state-manager[1067]: Initial Chassis State will be Off
Jul 13 05:23:01 witherspoon systemd[1]: Started Phosphor Chassis State Manager.
Jul 13 05:23:01 witherspoon phosphor-host-state-manager[1068]: Initial Host State will be Off
Jul 13 05:23:01 witherspoon systemd[1]: Started Phosphor Host State Manager.
Jul 13 05:23:01 witherspoon phosphor-bmc-state-manager[1066]: Setting the BMCState field
Jul 13 05:23:01 witherspoon phosphor-bmc-state-manager[1066]: Setting the BMCState field
Jul 13 05:23:01 witherspoon systemd[1]: Started Phosphor BMC State Manager.
Jul 13 05:23:02 witherspoon button_power.exe[1059]: GPIO Lookup:  POWER_BUTTON = 347,both
Jul 13 05:23:02 witherspoon systemd[1]: Started Phosphor Power Button0.
Jul 13 05:23:02 witherspoon system_manager.py[1005]: New object: /org/openbmc/control/power0 (:1.67)
Jul 13 05:23:02 witherspoon system_manager.py[1005]: Power GPIO config: ['SYS_PWROK_BUFF', '', [('SOFTWARE_PGOOD', True), ('BMC_POWER_UP', True)], [('BMC_CP0_RESET_N', False)], [], 'FSI_DATA', 'FSI_CLK', 'FSI_ENABLE', 'CRONUS_SEL', []]
Jul 13 05:23:02 witherspoon power_control.exe[1061]: Power GPIO latch output:
Jul 13 05:23:02 witherspoon power_control.exe[1061]: Power GPIO power good input: SYS_PWROK_BUFF
Jul 13 05:23:02 witherspoon power_control.exe[1061]: Power GPIO 2 power_up outputs
Jul 13 05:23:02 witherspoon power_control.exe[1061]: Power GPIO power_up[0] = SOFTWARE_PGOOD active HIGH
Jul 13 05:23:02 witherspoon power_control.exe[1061]: Power GPIO power_up[1] = BMC_POWER_UP active HIGH
Jul 13 05:23:02 witherspoon power_control.exe[1061]: Power GPIO 1 reset outputs
Jul 13 05:23:02 witherspoon power_control.exe[1061]: Power GPIO reset[0] = BMC_CP0_RESET_N active LOW
Jul 13 05:23:02 witherspoon power_control.exe[1061]: Power GPIO 0 pci reset outputs
Jul 13 05:23:02 witherspoon power_control.exe[1061]: FSI DATA GPIO: FSI_DATA
Jul 13 05:23:02 witherspoon power_control.exe[1061]: FSI CLK GPIO: FSI_CLK
Jul 13 05:23:02 witherspoon power_control.exe[1061]: FSI ENABLE GPIO: FSI_ENABLE
Jul 13 05:23:02 witherspoon power_control.exe[1061]: CRONUS SEL GPIO: CRONUS_SEL
Jul 13 05:23:02 witherspoon power_control.exe[1061]: Hostctl GPIO optionals: 0
Jul 13 05:23:02 witherspoon power_control.exe[1061]: GPIO Lookup:  SYS_PWROK_BUFF = 306,in
Jul 13 05:23:02 witherspoon button_reset.exe[1060]: GPIO Lookup:  RESET_BUTTON = 353,both
Jul 13 05:23:02 witherspoon systemd[1]: Started Phosphor Reset Button0.
Jul 13 05:23:03 witherspoon power_control.exe[1061]: GPIO Lookup:  SOFTWARE_PGOOD = 417,out
Jul 13 05:23:03 witherspoon power_control.exe[1061]: GPIO Lookup:  BMC_POWER_UP = 305,out
Jul 13 05:23:03 witherspoon power_control.exe[1061]: GPIO Lookup:  BMC_CP0_RESET_N = 281,out
Jul 13 05:23:03 witherspoon power_control.exe[1061]: Pgood state: 0
Jul 13 05:23:03 witherspoon systemd[1]: Started Phosphor Power0 Control.
Jul 13 05:23:06 witherspoon systemd[1]: Started Wait for /org/openbmc/settings/host0.
Jul 13 05:23:07 witherspoon systemd[1]: Started Phosphor Inband IPMI.
Jul 13 05:23:09 witherspoon systemd[1]: Started Wait for /xyz/openbmc_project/state/host0.
Jul 13 05:23:09 witherspoon systemd[1]: Started Wait for /xyz/openbmc_project/state/chassis0.
Jul 13 05:23:09 witherspoon systemd[1]: Starting Reboot If Enabled...
Jul 13 05:23:10 witherspoon system_manager.py[1005]: SystemManager Goto System State: BMC_READY
Jul 13 05:23:10 witherspoon system_manager.py[1005]: Running System State: BMC_READY
Jul 13 05:23:10 witherspoon systemd[1]: Started Wait for /org/openbmc/control/power0.
Jul 13 05:23:10 witherspoon systemd[1]: Starting Phosphor Time Manager daemon...
Jul 13 05:23:10 witherspoon systemd[1]: Starting Check Chassis0 pgood and create a file to indicate it...
Jul 13 05:23:10 witherspoon timemanager[1094]: Registering dbus methods
Jul 13 05:23:10 witherspoon timemanager[1094]: Last known time_mode: MANUAL
Jul 13 05:23:10 witherspoon timemanager[1094]: Last known time_owner: BMC
Jul 13 05:23:10 witherspoon timemanager[1094]: Empty DhcpNtp string
Jul 13 05:23:10 witherspoon timemanager[1094]: Reading Power Control key: pgood
Jul 13 05:23:11 witherspoon phosphor-discover-system-state[1091]: Host power is off, checking power policy
Jul 13 05:23:11 witherspoon systemd[1]: Started Reboot If Enabled.
Jul 13 05:23:11 witherspoon timemanager[1094]: Changing settings *allowed* now
Jul 13 05:23:11 witherspoon timemanager[1094]: Getting System Settings: time_mode
Jul 13 05:23:11 witherspoon systemd[1]: Started Check Chassis0 pgood and create a file to indicate it.
Jul 13 05:23:11 witherspoon systemd[1]: Reached target Chassis0 power on after reset.
Jul 13 05:23:11 witherspoon systemd[1]: Reached target Chassis0 (Reset Check).
Jul 13 05:23:11 witherspoon timemanager[1094]: Requested_Mode: MANUAL Current_Mode: MANUAL
Jul 13 05:23:11 witherspoon timemanager[1094]: Mode is already set to : MANUAL
Jul 13 05:23:11 witherspoon timemanager[1094]: Getting System Settings: time_owner
Jul 13 05:23:11 witherspoon timemanager[1094]: Owner is already set to : BMC
Jul 13 05:23:11 witherspoon timemanager[1094]: Getting System Settings: use_dhcp_ntp
Jul 13 05:23:11 witherspoon systemd[1]: Started Wait for /xyz/openbmc_project/control/host0.
Jul 13 05:23:11 witherspoon systemd[1]: Reached target Host0 running after reset.
Jul 13 05:23:11 witherspoon systemd[1]: Reached target Host0 (Reset Check).
Jul 13 05:23:12 witherspoon timemanager[1094]: use_dhcp_ntp = yes
Jul 13 05:23:12 witherspoon timemanager[1094]: Last known host_offset:0
Jul 13 05:23:12 witherspoon timemanager[1094]: Initial Uptime Usec: 1499923276692443
Jul 13 05:23:12 witherspoon systemd[1]: Started Phosphor Time Manager daemon.
Jul 13 05:23:12 witherspoon systemd[1]: Reached target Phosphor System - Standby.
Jul 13 05:23:12 witherspoon systemd[1]: Startup finished in 8.627s (kernel) + 1min 46.722s (userspace) = 1min 55.349s.
Jul 13 05:23:12 witherspoon phosphor-bmc-state-manager[1066]: BMC_READY
Jul 13 05:23:12 witherspoon phosphor-bmc-state-manager[1066]: Setting the BMCState field
Jul 13 05:23:14 witherspoon phosphor-gevent[1007]: Traceback (most recent call last):
Jul 13 05:23:14 witherspoon phosphor-gevent[1007]:   File "/usr/lib/python2.7/site-packages/gevent/greenlet.py", line 327, in run
Jul 13 05:23:14 witherspoon phosphor-gevent[1007]:     result = self._run(*self.args, **self.kwargs)
Jul 13 05:23:14 witherspoon phosphor-gevent[1007]:   File "/usr/lib/python2.7/site-packages/gevent/server.py", line 102, in wrap_socket_and_handle
Jul 13 05:23:14 witherspoon phosphor-gevent[1007]:     ssl_socket = self.wrap_socket(client_socket, **self.ssl_args)
Jul 13 05:23:14 witherspoon phosphor-gevent[1007]:   File "/usr/lib/python2.7/site-packages/gevent/ssl.py", line 404, in wrap_socket
Jul 13 05:23:14 witherspoon phosphor-gevent[1007]:     ciphers=ciphers)
Jul 13 05:23:14 witherspoon phosphor-gevent[1007]:   File "/usr/lib/python2.7/site-packages/gevent/ssl.py", line 113, in __init__
Jul 13 05:23:14 witherspoon phosphor-gevent[1007]:     self.do_handshake()
Jul 13 05:23:14 witherspoon phosphor-gevent[1007]:   File "/usr/lib/python2.7/site-packages/gevent/ssl.py", line 324, in do_handshake
Jul 13 05:23:14 witherspoon phosphor-gevent[1007]:     return self._sslobj.do_handshake()
Jul 13 05:23:14 witherspoon phosphor-gevent[1007]: SSLEOFError: EOF occurred in violation of protocol (_ssl.c:590)
Jul 13 05:23:14 witherspoon phosphor-gevent[1007]: <Greenlet at 0x75fe4300: <bound method WSGIServer.wrap_socket_and_handle of <WSGIServer at 0x75fbd8d0 fileno=5 address=('::3402:ed76:b0dd:6276%1986190752', 443, 0, 1986190752)>>(<socket at 0x75e932f0 fileno=9>, ('::80e9:6076:8e91:f402%1995172636', 58262, 0, 199)> failed with SSLEOFError
Jul 13 05:23:14 witherspoon phosphor-gevent[1007]: Traceback (most recent call last):
Jul 13 05:23:14 witherspoon phosphor-gevent[1007]:   File "/usr/lib/python2.7/site-packages/gevent/greenlet.py", line 327, in run
Jul 13 05:23:14 witherspoon phosphor-gevent[1007]:     result = self._run(*self.args, **self.kwargs)
Jul 13 05:23:14 witherspoon phosphor-gevent[1007]:   File "/usr/lib/python2.7/site-packages/gevent/server.py", line 102, in wrap_socket_and_handle
Jul 13 05:23:14 witherspoon phosphor-gevent[1007]:     ssl_socket = self.wrap_socket(client_socket, **self.ssl_args)
Jul 13 05:23:14 witherspoon phosphor-gevent[1007]:   File "/usr/lib/python2.7/site-packages/gevent/ssl.py", line 404, in wrap_socket
Jul 13 05:23:14 witherspoon phosphor-gevent[1007]:     ciphers=ciphers)
Jul 13 05:23:14 witherspoon phosphor-gevent[1007]:   File "/usr/lib/python2.7/site-packages/gevent/ssl.py", line 113, in __init__
Jul 13 05:23:14 witherspoon phosphor-gevent[1007]:     self.do_handshake()
Jul 13 05:23:14 witherspoon phosphor-gevent[1007]:   File "/usr/lib/python2.7/site-packages/gevent/ssl.py", line 324, in do_handshake
Jul 13 05:23:14 witherspoon phosphor-gevent[1007]:     return self._sslobj.do_handshake()
Jul 13 05:23:14 witherspoon phosphor-gevent[1007]: SSLEOFError: EOF occurred in violation of protocol (_ssl.c:590)
Jul 13 05:23:14 witherspoon phosphor-gevent[1007]: <Greenlet at 0x75fe45d0: <bound method WSGIServer.wrap_socket_and_handle of <WSGIServer at 0x75fbd8d0 fileno=5 address=('::3402:ed76:b0dd:6276%1986190752', 443, 0, 1986190752)>>(<socket at 0x75e93290 fileno=10>, ('::80e9:6076:8e91:f402%1995172636', 58316, 0, 199)> failed with SSLEOFError
Jul 13 05:23:14 witherspoon phosphor-gevent[1007]: Traceback (most recent call last):
Jul 13 05:23:14 witherspoon phosphor-gevent[1007]:   File "/usr/lib/python2.7/site-packages/gevent/greenlet.py", line 327, in run
Jul 13 05:23:14 witherspoon phosphor-gevent[1007]:     result = self._run(*self.args, **self.kwargs)
Jul 13 05:23:14 witherspoon phosphor-gevent[1007]:   File "/usr/lib/python2.7/site-packages/gevent/server.py", line 102, in wrap_socket_and_handle
Jul 13 05:23:14 witherspoon phosphor-gevent[1007]:     ssl_socket = self.wrap_socket(client_socket, **self.ssl_args)
Jul 13 05:23:14 witherspoon phosphor-gevent[1007]:   File "/usr/lib/python2.7/site-packages/gevent/ssl.py", line 404, in wrap_socket
Jul 13 05:23:14 witherspoon phosphor-gevent[1007]:     ciphers=ciphers)
Jul 13 05:23:14 witherspoon phosphor-gevent[1007]:   File "/usr/lib/python2.7/site-packages/gevent/ssl.py", line 113, in __init__
Jul 13 05:23:14 witherspoon phosphor-gevent[1007]:     self.do_handshake()
Jul 13 05:23:14 witherspoon phosphor-gevent[1007]:   File "/usr/lib/python2.7/site-packages/gevent/ssl.py", line 324, in do_handshake
Jul 13 05:23:14 witherspoon phosphor-gevent[1007]:     return self._sslobj.do_handshake()
Jul 13 05:23:14 witherspoon phosphor-gevent[1007]: SSLEOFError: EOF occurred in violation of protocol (_ssl.c:590)
Jul 13 05:23:14 witherspoon phosphor-gevent[1007]: <Greenlet at 0x75fe42b0: <bound method WSGIServer.wrap_socket_and_handle of <WSGIServer at 0x75fbd8d0 fileno=5 address=('::3402:ed76:b0dd:6276%1986190752', 443, 0, 1986190752)>>(<socket at 0x75e93330 fileno=11>, ('::80e9:6076:8e91:f402%1995172636', 58352, 0, 199)> failed with SSLEOFError
Jul 13 05:23:33 witherspoon phosphor-gevent[1007]: ::80e9:6076:8e91:f402%1995172636 - - [2017-07-13 05:23:33] "POST /login HTTP/1.1" 200 320 0.045544
Jul 13 05:23:33 witherspoon phosphor-gevent[1007]: ::80e9:6076:8e91:f402%1995172636 - - [2017-07-13 05:23:33] "GET /xyz/openbmc_project/state/chassis0//attr/CurrentPowerState HTTP/1.1" 200 216 0.058928
Jul 13 05:23:33 witherspoon phosphor-gevent[1007]: ::80e9:6076:8e91:f402%1995172636 - - [2017-07-13 05:23:33] "POST /login HTTP/1.1" 200 320 0.033450
Jul 13 05:23:33 witherspoon phosphor-gevent[1007]: ::80e9:6076:8e91:f402%1995172636 - - [2017-07-13 05:23:33] "GET /xyz/openbmc_project/state/chassis0//attr/CurrentPowerState HTTP/1.1" 200 216 0.048925
Jul 13 05:23:34 witherspoon phosphor-gevent[1007]: ::80e9:6076:8e91:f402%1995172636 - - [2017-07-13 05:23:34] "POST /login HTTP/1.1" 200 320 0.058915
Jul 13 05:23:34 witherspoon phosphor-gevent[1007]: ::80e9:6076:8e91:f402%1995172636 - - [2017-07-13 05:23:34] "GET /org/openbmc/sensors/host/BootProgress/attr/value HTTP/1.1" 200 170 0.129952
Jul 13 05:23:34 witherspoon phosphor-gevent[1007]: ::80e9:6076:8e91:f402%1995172636 - - [2017-07-13 05:23:34] "POST /login HTTP/1.1" 200 320 0.032770
Jul 13 05:23:34 witherspoon phosphor-gevent[1007]: ::80e9:6076:8e91:f402%1995172636 - - [2017-07-13 05:23:34] "GET /xyz/openbmc_project/state/host0//attr/CurrentHostState HTTP/1.1" 200 212 0.060106
Jul 13 05:23:34 witherspoon phosphor-gevent[1007]: ::80e9:6076:8e91:f402%1995172636 - - [2017-07-13 05:23:34] "POST /login HTTP/1.1" 200 320 0.033461
Jul 13 05:23:34 witherspoon phosphor-gevent[1007]: ::80e9:6076:8e91:f402%1995172636 - - [2017-07-13 05:23:34] "GET /xyz/openbmc_project/logging/entry//list HTTP/1.1" 404 311 0.029746
Jul 13 05:23:34 witherspoon dropbear[984]: Exit (root): Error reading: Connection reset by peer
Jul 13 05:23:35 witherspoon dropbear[1111]: Failed loading /etc/dropbear/dropbear_dss_host_key
Jul 13 05:23:35 witherspoon dropbear[1111]: Failed loading /etc/dropbear/dropbear_ecdsa_host_key
Jul 13 05:23:35 witherspoon dropbear[1111]: Child connection from ::ffff:9.41.165.94:57366
Jul 13 05:23:35 witherspoon systemd[1]: Started SSH Per-Connection Server (9.41.165.94:57366).
Jul 13 05:23:35 witherspoon dropbear[1111]: PAM password auth succeeded for 'root' from ::ffff:9.41.165.94:57366
Jul 13 05:23:35 witherspoon dropbear[1112]: lastlog_perform_login: Couldn't stat /var/log/lastlog: No such file or directory
Jul 13 05:23:35 witherspoon dropbear[1112]: lastlog_openseek: /var/log/lastlog is not a file or directory!
Jul 13 05:23:37 witherspoon phosphor-gevent[1007]: ::80e9:6076:8e91:f402%1995172636 - - [2017-07-13 05:23:37] "POST /login HTTP/1.1" 200 320 0.034236
Jul 13 05:23:37 witherspoon phosphor-gevent[1007]: ::80e9:6076:8e91:f402%1995172636 - - [2017-07-13 05:23:37] "GET /xyz/openbmc_project/state/host0//attr/CurrentHostState HTTP/1.1" 200 212 0.049123
Jul 13 05:23:37 witherspoon dropbear[1111]: Exit (root): Exited normally
Jul 13 05:23:39 witherspoon systemd[1]: Started SSH Per-Connection Server (9.41.165.94:57374).
Jul 13 05:23:40 witherspoon dropbear[1121]: Failed loading /etc/dropbear/dropbear_dss_host_key
Jul 13 05:23:40 witherspoon dropbear[1121]: Failed loading /etc/dropbear/dropbear_ecdsa_host_key
Jul 13 05:23:40 witherspoon dropbear[1121]: Child connection from ::ffff:9.41.165.94:57374
Jul 13 05:23:40 witherspoon dropbear[1121]: PAM password auth succeeded for 'root' from ::ffff:9.41.165.94:57374
Jul 13 05:23:40 witherspoon dropbear[1122]: lastlog_perform_login: Couldn't stat /var/log/lastlog: No such file or directory
Jul 13 05:23:40 witherspoon dropbear[1122]: lastlog_openseek: /var/log/lastlog is not a file or directory!
Jul 13 05:23:42 witherspoon phosphor-gevent[1007]: ::80e9:6076:8e91:f402%1995172636 - - [2017-07-13 05:23:42] "POST /login HTTP/1.1" 200 320 0.050497
Jul 13 05:23:42 witherspoon phosphor-gevent[1007]: ::80e9:6076:8e91:f402%1995172636 - - [2017-07-13 05:23:42] "PUT /org/openbmc/settings/host0/attr/power_policy HTTP/1.1" 200 169 0.256820
Jul 13 05:23:42 witherspoon phosphor-gevent[1007]: ::80e9:6076:8e91:f402%1995172636 - - [2017-07-13 05:23:42] "POST /login HTTP/1.1" 200 320 0.032683
Jul 13 05:23:42 witherspoon phosphor-gevent[1007]: ::80e9:6076:8e91:f402%1995172636 - - [2017-07-13 05:23:42] "GET /org/openbmc/settings/host0/attr/power_policy HTTP/1.1" 200 185 0.073331
Jul 13 05:23:42 witherspoon systemd[1]: Started SSH Per-Connection Server (9.41.165.94:57380).
Jul 13 05:23:42 witherspoon dropbear[1128]: Failed loading /etc/dropbear/dropbear_dss_host_key
Jul 13 05:23:42 witherspoon dropbear[1128]: Failed loading /etc/dropbear/dropbear_ecdsa_host_key
Jul 13 05:23:42 witherspoon dropbear[1128]: Child connection from ::ffff:9.41.165.94:57380
Jul 13 05:23:43 witherspoon dropbear[1128]: PAM password auth succeeded for 'root' from ::ffff:9.41.165.94:57380
Jul 13 05:23:43 witherspoon dropbear[1129]: lastlog_perform_login: Couldn't stat /var/log/lastlog: No such file or directory
Jul 13 05:23:43 witherspoon dropbear[1129]: lastlog_openseek: /var/log/lastlog is not a file or directory!
Jul 13 05:23:44 witherspoon phosphor-gevent[1007]: ::80e9:6076:8e91:f402%1995172636 - - [2017-07-13 05:23:44] "POST /login HTTP/1.1" 200 320 0.032969
Jul 13 05:23:44 witherspoon phosphor-gevent[1007]: ::80e9:6076:8e91:f402%1995172636 - - [2017-07-13 05:23:44] "GET /xyz/openbmc_project/state/chassis0//attr/CurrentPowerState HTTP/1.1" 200 216 0.074494
Jul 13 05:23:45 witherspoon phosphor-gevent[1007]: ::80e9:6076:8e91:f402%1995172636 - - [2017-07-13 05:23:45] "POST /login HTTP/1.1" 200 320 0.032992
Jul 13 05:23:45 witherspoon phosphor-gevent[1007]: ::80e9:6076:8e91:f402%1995172636 - - [2017-07-13 05:23:45] "GET /xyz/openbmc_project/state/bmc0//attr/CurrentBMCState HTTP/1.1" 200 212 0.050279
Jul 13 05:23:45 witherspoon phosphor-gevent[1007]: ::80e9:6076:8e91:f402%1995172636 - - [2017-07-13 05:23:45] "POST /login HTTP/1.1" 200 320 0.034434
Jul 13 05:23:45 witherspoon phosphor-gevent[1007]: ::80e9:6076:8e91:f402%1995172636 - - [2017-07-13 05:23:45] "GET /org/openbmc/sensors/host/BootProgress/attr/value HTTP/1.1" 200 170 0.052459
Jul 13 05:23:45 witherspoon phosphor-gevent[1007]: ::80e9:6076:8e91:f402%1995172636 - - [2017-07-13 05:23:45] "POST /login HTTP/1.1" 200 320 0.032890
Jul 13 05:23:45 witherspoon phosphor-gevent[1007]: ::80e9:6076:8e91:f402%1995172636 - - [2017-07-13 05:23:45] "GET /xyz/openbmc_project/state/host0//attr/CurrentHostState HTTP/1.1" 200 212 0.057022
Jul 13 05:23:46 witherspoon phosphor-gevent[1007]: ::80e9:6076:8e91:f402%1995172636 - - [2017-07-13 05:23:46] "POST /login HTTP/1.1" 200 320 0.048749
Jul 13 05:23:46 witherspoon phosphor-gevent[1007]: ::80e9:6076:8e91:f402%1995172636 - - [2017-07-13 05:23:46] "GET /xyz/openbmc_project/logging/entry//list HTTP/1.1" 404 311 0.029788
Jul 13 05:23:46 witherspoon systemd[1]: Started SSH Per-Connection Server (9.41.165.94:57392).
Jul 13 05:23:46 witherspoon dropbear[1132]: Failed loading /etc/dropbear/dropbear_dss_host_key
Jul 13 05:23:46 witherspoon dropbear[1132]: Failed loading /etc/dropbear/dropbear_ecdsa_host_key
Jul 13 05:23:46 witherspoon dropbear[1132]: Child connection from ::ffff:9.41.165.94:57392
Jul 13 05:23:46 witherspoon dropbear[1132]: PAM password auth succeeded for 'root' from ::ffff:9.41.165.94:57392
Jul 13 05:24:17 witherspoon phosphor-gevent[1007]: ::80e9:6076:8e91:f402%1995172636 - - [2017-07-13 05:24:17] "POST /login HTTP/1.1" 200 320 0.033144
Jul 13 05:24:18 witherspoon phosphor-gevent[1007]: ::80e9:6076:8e91:f402%1995172636 - - [2017-07-13 05:24:18] "POST /org/openbmc/control/flash/bios//action/update HTTP/1.1" 200 169 0.318814
Jul 13 05:24:18 witherspoon flash_bios.exe[1036]: Starting flasher: bios,/tmp/witherspoon_20170704n.pnor,/org/openbmc/control/flash/bios,
Jul 13 05:24:18 witherspoon flash_bios.exe[1036]: flasher: /tmp/witherspoon_20170704n.pnor, BMC = 1, address = 0x0
Jul 13 05:24:18 witherspoon flash_bios.exe[1036]: Setting up flash
Jul 13 05:24:18 witherspoon phosphor-gevent[1007]: ::80e9:6076:8e91:f402%1995172636 - - [2017-07-13 05:24:18] "POST /login HTTP/1.1" 200 320 0.133563
Jul 13 05:24:18 witherspoon phosphor-gevent[1007]: ::80e9:6076:8e91:f402%1995172636 - - [2017-07-13 05:24:18] "GET /org/openbmc/control/flash/bios HTTP/1.1" 200 396 0.165999
Jul 13 05:24:19 witherspoon phosphor-gevent[1007]: ::80e9:6076:8e91:f402%1995172636 - - [2017-07-13 05:24:19] "POST /login HTTP/1.1" 200 320 0.060139
Jul 13 05:24:19 witherspoon phosphor-gevent[1007]: ::80e9:6076:8e91:f402%1995172636 - - [2017-07-13 05:24:19] "GET /org/openbmc/control/flash/bios HTTP/1.1" 200 396 0.067905
Jul 13 05:24:29 witherspoon phosphor-gevent[1007]: ::80e9:6076:8e91:f402%1995172636 - - [2017-07-13 05:24:29] "POST /login HTTP/1.1" 200 320 0.033241
Jul 13 05:24:30 witherspoon phosphor-gevent[1007]: ::80e9:6076:8e91:f402%1995172636 - - [2017-07-13 05:24:30] "GET /org/openbmc/control/flash/bios HTTP/1.1" 200 396 0.424252
Jul 13 05:24:40 witherspoon phosphor-gevent[1007]: ::80e9:6076:8e91:f402%1995172636 - - [2017-07-13 05:24:40] "POST /login HTTP/1.1" 200 320 0.038980
Jul 13 05:24:40 witherspoon phosphor-gevent[1007]: ::80e9:6076:8e91:f402%1995172636 - - [2017-07-13 05:24:40] "GET /org/openbmc/control/flash/bios HTTP/1.1" 200 396 0.071541
Jul 13 05:24:50 witherspoon phosphor-gevent[1007]: ::80e9:6076:8e91:f402%1995172636 - - [2017-07-13 05:24:50] "POST /login HTTP/1.1" 200 320 0.033031
Jul 13 05:24:50 witherspoon phosphor-gevent[1007]: ::80e9:6076:8e91:f402%1995172636 - - [2017-07-13 05:24:50] "GET /org/openbmc/control/flash/bios HTTP/1.1" 200 396 0.071846
Jul 13 05:25:00 witherspoon phosphor-gevent[1007]: ::80e9:6076:8e91:f402%1995172636 - - [2017-07-13 05:25:00] "POST /login HTTP/1.1" 200 320 0.033950
Jul 13 05:25:00 witherspoon phosphor-gevent[1007]: ::80e9:6076:8e91:f402%1995172636 - - [2017-07-13 05:25:00] "GET /org/openbmc/control/flash/bios HTTP/1.1" 200 396 0.067991
Jul 13 05:25:11 witherspoon phosphor-gevent[1007]: ::80e9:6076:8e91:f402%1995172636 - - [2017-07-13 05:25:11] "POST /login HTTP/1.1" 200 320 0.049781
Jul 13 05:25:11 witherspoon phosphor-gevent[1007]: ::80e9:6076:8e91:f402%1995172636 - - [2017-07-13 05:25:11] "GET /org/openbmc/control/flash/bios HTTP/1.1" 200 396 0.067946
Jul 13 05:25:22 witherspoon phosphor-gevent[1007]: ::80e9:6076:8e91:f402%1995172636 - - [2017-07-13 05:25:22] "POST /login HTTP/1.1" 200 320 0.033308
Jul 13 05:25:22 witherspoon phosphor-gevent[1007]: ::80e9:6076:8e91:f402%1995172636 - - [2017-07-13 05:25:22] "GET /org/openbmc/control/flash/bios HTTP/1.1" 200 396 0.068454
Jul 13 05:25:32 witherspoon phosphor-gevent[1007]: ::80e9:6076:8e91:f402%1995172636 - - [2017-07-13 05:25:32] "POST /login HTTP/1.1" 200 320 0.039144
Jul 13 05:25:32 witherspoon phosphor-gevent[1007]: ::80e9:6076:8e91:f402%1995172636 - - [2017-07-13 05:25:32] "GET /org/openbmc/control/flash/bios HTTP/1.1" 200 396 0.069290
Jul 13 05:25:42 witherspoon phosphor-gevent[1007]: ::80e9:6076:8e91:f402%1995172636 - - [2017-07-13 05:25:42] "POST /login HTTP/1.1" 200 320 0.033228
Jul 13 05:25:42 witherspoon phosphor-gevent[1007]: ::80e9:6076:8e91:f402%1995172636 - - [2017-07-13 05:25:42] "GET /org/openbmc/control/flash/bios HTTP/1.1" 200 396 0.069194
Jul 13 05:25:52 witherspoon phosphor-gevent[1007]: ::80e9:6076:8e91:f402%1995172636 - - [2017-07-13 05:25:52] "POST /login HTTP/1.1" 200 320 0.033139
Jul 13 05:25:52 witherspoon phosphor-gevent[1007]: ::80e9:6076:8e91:f402%1995172636 - - [2017-07-13 05:25:52] "GET /org/openbmc/control/flash/bios HTTP/1.1" 200 396 0.068903
Jul 13 05:26:03 witherspoon phosphor-gevent[1007]: ::80e9:6076:8e91:f402%1995172636 - - [2017-07-13 05:26:03] "POST /login HTTP/1.1" 200 320 0.033314
Jul 13 05:26:03 witherspoon phosphor-gevent[1007]: ::80e9:6076:8e91:f402%1995172636 - - [2017-07-13 05:26:03] "GET /org/openbmc/control/flash/bios HTTP/1.1" 200 396 0.068020
Jul 13 05:26:13 witherspoon phosphor-gevent[1007]: ::80e9:6076:8e91:f402%1995172636 - - [2017-07-13 05:26:13] "POST /login HTTP/1.1" 200 320 0.033398
Jul 13 05:26:13 witherspoon phosphor-gevent[1007]: ::80e9:6076:8e91:f402%1995172636 - - [2017-07-13 05:26:13] "GET /org/openbmc/control/flash/bios HTTP/1.1" 200 396 0.067988
Jul 13 05:26:23 witherspoon phosphor-gevent[1007]: ::80e9:6076:8e91:f402%1995172636 - - [2017-07-13 05:26:23] "POST /login HTTP/1.1" 200 320 0.039807
Jul 13 05:26:24 witherspoon phosphor-gevent[1007]: ::80e9:6076:8e91:f402%1995172636 - - [2017-07-13 05:26:24] "GET /org/openbmc/control/flash/bios HTTP/1.1" 200 401 0.342086
Jul 13 05:26:34 witherspoon phosphor-gevent[1007]: ::80e9:6076:8e91:f402%1995172636 - - [2017-07-13 05:26:34] "POST /login HTTP/1.1" 200 320 0.049419
Jul 13 05:26:34 witherspoon phosphor-gevent[1007]: ::80e9:6076:8e91:f402%1995172636 - - [2017-07-13 05:26:34] "GET /org/openbmc/control/flash/bios HTTP/1.1" 200 401 0.133891
Jul 13 05:26:45 witherspoon phosphor-gevent[1007]: ::80e9:6076:8e91:f402%1995172636 - - [2017-07-13 05:26:45] "POST /login HTTP/1.1" 200 320 0.033238
Jul 13 05:26:45 witherspoon phosphor-gevent[1007]: ::80e9:6076:8e91:f402%1995172636 - - [2017-07-13 05:26:45] "GET /org/openbmc/control/flash/bios HTTP/1.1" 200 401 0.068044
Jul 13 05:26:55 witherspoon phosphor-gevent[1007]: ::80e9:6076:8e91:f402%1995172636 - - [2017-07-13 05:26:55] "POST /login HTTP/1.1" 200 320 0.032994
Jul 13 05:26:56 witherspoon phosphor-gevent[1007]: ::80e9:6076:8e91:f402%1995172636 - - [2017-07-13 05:26:56] "GET /org/openbmc/control/flash/bios HTTP/1.1" 200 401 0.076154
Jul 13 05:27:06 witherspoon phosphor-gevent[1007]: ::80e9:6076:8e91:f402%1995172636 - - [2017-07-13 05:27:06] "POST /login HTTP/1.1" 200 320 0.033333
Jul 13 05:27:06 witherspoon phosphor-gevent[1007]: ::80e9:6076:8e91:f402%1995172636 - - [2017-07-13 05:27:06] "GET /org/openbmc/control/flash/bios HTTP/1.1" 200 400 0.069736
Jul 13 05:27:14 witherspoon flash_bios.exe[1036]: Erasing... (may take a while !) done !
Jul 13 05:27:14 witherspoon flash_bios.exe[1036]: About to program "/tmp/witherspoon_20170704n.pnor" at 0x00000000..0x04000000 !
Jul 13 05:27:14 witherspoon flash_bios.exe[1036]: Programming & Verifying...
Jul 13 05:27:14 witherspoon flash_bios.exe[1036]: Flash done
Jul 13 05:27:16 witherspoon phosphor-gevent[1007]: ::80e9:6076:8e91:f402%1995172636 - - [2017-07-13 05:27:16] "POST /login HTTP/1.1" 200 320 0.040067
Jul 13 05:27:16 witherspoon phosphor-gevent[1007]: ::80e9:6076:8e91:f402%1995172636 - - [2017-07-13 05:27:16] "GET /org/openbmc/control/flash/bios HTTP/1.1" 200 398 0.067728
Jul 13 05:27:16 witherspoon systemd[1]: Started SSH Per-Connection Server (9.41.165.94:57692).
Jul 13 05:27:16 witherspoon dropbear[1138]: Failed loading /etc/dropbear/dropbear_dss_host_key
Jul 13 05:27:16 witherspoon dropbear[1138]: Failed loading /etc/dropbear/dropbear_ecdsa_host_key
Jul 13 05:27:16 witherspoon dropbear[1138]: Child connection from ::ffff:9.41.165.94:57692
Jul 13 05:27:17 witherspoon dropbear[1138]: PAM password auth succeeded for 'root' from ::ffff:9.41.165.94:57692
Jul 13 05:27:17 witherspoon dropbear[1139]: lastlog_perform_login: Couldn't stat /var/log/lastlog: No such file or directory
Jul 13 05:27:17 witherspoon dropbear[1139]: lastlog_openseek: /var/log/lastlog is not a file or directory!
Jul 13 05:27:18 witherspoon phosphor-gevent[1007]: ::80e9:6076:8e91:f402%1995172636 - - [2017-07-13 05:27:18] "POST /login HTTP/1.1" 200 320 0.033359
Jul 13 05:27:18 witherspoon phosphor-gevent[1007]: ::80e9:6076:8e91:f402%1995172636 - - [2017-07-13 05:27:18] "GET /xyz/openbmc_project/state/host0//attr/CurrentHostState HTTP/1.1" 200 212 0.049969
Jul 13 05:27:19 witherspoon systemd[1]: Created slice system-obmc\x2dconsole\x2dssh.slice.
Jul 13 05:27:19 witherspoon systemd[1]: Started Phosphor Host Console SSH Per-Connection (9.41.165.94:46246).
Jul 13 05:27:19 witherspoon dropbear[1143]: Failed loading /etc/dropbear/dropbear_dss_host_key
Jul 13 05:27:19 witherspoon dropbear[1143]: Failed loading /etc/dropbear/dropbear_ecdsa_host_key
Jul 13 05:27:19 witherspoon dropbear[1143]: Child connection from ::ffff:9.41.165.94:46246
Jul 13 05:27:19 witherspoon phosphor-gevent[1007]: ::80e9:6076:8e91:f402%1995172636 - - [2017-07-13 05:27:19] "POST /login HTTP/1.1" 200 320 0.032706
Jul 13 05:27:20 witherspoon dropbear[1143]: PAM password auth succeeded for 'root' from ::ffff:9.41.165.94:46246
Jul 13 05:27:20 witherspoon dropbear[1144]: lastlog_perform_login: Couldn't stat /var/log/lastlog: No such file or directory
Jul 13 05:27:20 witherspoon dropbear[1144]: lastlog_openseek: /var/log/lastlog is not a file or directory!
Jul 13 05:27:20 witherspoon phosphor-gevent[1007]: ::80e9:6076:8e91:f402%1995172636 - - [2017-07-13 05:27:20] "PUT /org/openbmc/settings/host0/attr/power_policy HTTP/1.1" 200 169 0.508395
Jul 13 05:27:20 witherspoon phosphor-gevent[1007]: ::80e9:6076:8e91:f402%1995172636 - - [2017-07-13 05:27:20] "POST /login HTTP/1.1" 200 320 0.033647
Jul 13 05:27:20 witherspoon phosphor-gevent[1007]: ::80e9:6076:8e91:f402%1995172636 - - [2017-07-13 05:27:20] "GET /org/openbmc/settings/host0/attr/power_policy HTTP/1.1" 200 185 0.072489
Jul 13 05:27:20 witherspoon systemd[1]: Started SSH Per-Connection Server (9.41.165.94:57702).
Jul 13 05:27:20 witherspoon dropbear[1145]: Failed loading /etc/dropbear/dropbear_dss_host_key
Jul 13 05:27:20 witherspoon dropbear[1145]: Failed loading /etc/dropbear/dropbear_ecdsa_host_key
Jul 13 05:27:20 witherspoon dropbear[1145]: Child connection from ::ffff:9.41.165.94:57702
Jul 13 05:27:21 witherspoon dropbear[1145]: PAM password auth succeeded for 'root' from ::ffff:9.41.165.94:57702
Jul 13 05:27:21 witherspoon dropbear[1146]: lastlog_perform_login: Couldn't stat /var/log/lastlog: No such file or directory
Jul 13 05:27:21 witherspoon dropbear[1146]: lastlog_openseek: /var/log/lastlog is not a file or directory!
Jul 13 05:27:22 witherspoon phosphor-gevent[1007]: ::80e9:6076:8e91:f402%1995172636 - - [2017-07-13 05:27:22] "POST /login HTTP/1.1" 200 320 0.033359
Jul 13 05:27:22 witherspoon phosphor-gevent[1007]: ::80e9:6076:8e91:f402%1995172636 - - [2017-07-13 05:27:22] "GET /xyz/openbmc_project/state/chassis0//attr/CurrentPowerState HTTP/1.1" 200 216 0.050664
Jul 13 05:27:22 witherspoon phosphor-gevent[1007]: ::80e9:6076:8e91:f402%1995172636 - - [2017-07-13 05:27:22] "POST /login HTTP/1.1" 200 320 0.047984
Jul 13 05:27:22 witherspoon phosphor-gevent[1007]: ::80e9:6076:8e91:f402%1995172636 - - [2017-07-13 05:27:22] "GET /xyz/openbmc_project/state/bmc0//attr/CurrentBMCState HTTP/1.1" 200 212 0.050245
Jul 13 05:27:23 witherspoon phosphor-gevent[1007]: ::80e9:6076:8e91:f402%1995172636 - - [2017-07-13 05:27:23] "POST /login HTTP/1.1" 200 320 0.033574
Jul 13 05:27:23 witherspoon phosphor-gevent[1007]: ::80e9:6076:8e91:f402%1995172636 - - [2017-07-13 05:27:23] "GET /org/openbmc/sensors/host/BootProgress/attr/value HTTP/1.1" 200 170 0.054263
Jul 13 05:27:23 witherspoon phosphor-gevent[1007]: ::80e9:6076:8e91:f402%1995172636 - - [2017-07-13 05:27:23] "POST /login HTTP/1.1" 200 320 0.049725
Jul 13 05:27:23 witherspoon phosphor-gevent[1007]: ::80e9:6076:8e91:f402%1995172636 - - [2017-07-13 05:27:23] "GET /xyz/openbmc_project/state/host0//attr/CurrentHostState HTTP/1.1" 200 212 0.061623
Jul 13 05:27:23 witherspoon phosphor-gevent[1007]: ::80e9:6076:8e91:f402%1995172636 - - [2017-07-13 05:27:23] "POST /login HTTP/1.1" 200 320 0.034761
Jul 13 05:27:23 witherspoon phosphor-host-state-manager[1068]: Host State transaction request
Jul 13 05:27:23 witherspoon phosphor-gevent[1007]: ::80e9:6076:8e91:f402%1995172636 - - [2017-07-13 05:27:23] "PUT /xyz/openbmc_project/state/host0//attr/RequestedHostTransition HTTP/1.1" 200 169 0.198059
Jul 13 05:27:24 witherspoon systemd[1]: Created slice system-fsi\x2dscan.slice.
Jul 13 05:27:24 witherspoon systemd[1]: Created slice system-op\x2dwait\x2dpower\x2don.slice.
Jul 13 05:27:24 witherspoon systemd[1]: Created slice system-op\x2dpower\x2dstart.slice.
Jul 13 05:27:24 witherspoon systemd[1]: Starting Wait for /org/openbmc/control/chassis0...
Jul 13 05:27:24 witherspoon systemd[1]: Created slice system-start_host.slice.
Jul 13 05:27:24 witherspoon systemd[1]: Starting Wait for /xyz/openbmc_project/led/groups/power_on...
Jul 13 05:27:24 witherspoon systemd[1]: Starting Wait for /xyz/openbmc_project/watchdog/host0...
Jul 13 05:27:24 witherspoon systemd[1]: Created slice system-ir35221\x2don\x2dunbind.slice.
Jul 13 05:27:24 witherspoon systemd[1]: Created slice system-obmc\x2denable\x2dhost\x2dwatchdog.slice.
Jul 13 05:27:24 witherspoon systemd[1]: Starting power on mode unbind ir35221 device driver devs...
Jul 13 05:27:24 witherspoon systemd[1]: Created slice system-vrm\x2dcontrol.slice.
Jul 13 05:27:24 witherspoon systemd[1]: Created slice system-avsbus\x2ddisable.slice.
Jul 13 05:27:24 witherspoon systemd[1]: Created slice system-fsi\x2dbind.slice.
Jul 13 05:27:24 witherspoon systemd[1]: Created slice system-vcs_off.slice.
Jul 13 05:27:24 witherspoon systemd[1]: Created slice system-phosphor\x2dwatchdog.slice.
Jul 13 05:27:24 witherspoon phosphor-gevent[1007]: ::80e9:6076:8e91:f402%1995172636 - - [2017-07-13 05:27:24] "POST /login HTTP/1.1" 200 320 0.033673
Jul 13 05:27:24 witherspoon systemd[1]: Started Phosphor poweron watchdog.
Jul 13 05:27:24 witherspoon systemd[1]: Starting Wait for Power0 to turn on...
Jul 13 05:27:24 witherspoon systemd[1]: Created slice system-ucd_disable_vcs.slice.
Jul 13 05:27:24 witherspoon systemd[1]: Created slice system-vcs_workaround.slice.
Jul 13 05:27:24 witherspoon systemd[1]: Created slice system-cfam_override.slice.
Jul 13 05:27:24 witherspoon systemd[1]: Created slice system-mapper\x2dsubtree\x2dremove.slice.
Jul 13 05:27:24 witherspoon systemd[1]: Starting Witherspoon Fan Watchdog Reset...
Jul 13 05:27:24 witherspoon systemd[1]: Created slice system-phosphor\x2dfan\x2dcontrol\x2dinit.slice.
Jul 13 05:27:24 witherspoon systemd[1]: Created slice system-phosphor\x2dfan\x2dpresence\x2dtach.slice.
Jul 13 05:27:25 witherspoon systemd[1]: Created slice system-pcie\x2dslot\x2ddetect.slice.
Jul 13 05:27:25 witherspoon systemd[1]: Starting mapper subtree-remove /xyz/openbmc_project/software:xyz.openbmc_project.Software.ActivationBlocksTransition...
Jul 13 05:27:25 witherspoon phosphor-gevent[1007]: ::80e9:6076:8e91:f402%1995172636 - - [2017-07-13 05:27:25] "GET /xyz/openbmc_project/state/chassis0//attr/CurrentPowerState HTTP/1.1" 200 216 1.093810
Jul 13 05:27:25 witherspoon systemd[1]: Starting Disable UCD VCS rails...
Jul 13 05:27:25 witherspoon systemd[1]: Created slice system-ir35221\x2don\x2dbind.slice.
Jul 13 05:27:25 witherspoon systemd[1]: Created slice system-avsbus\x2dworkaround.slice.
Jul 13 05:27:25 witherspoon systemd[1]: Created slice system-vcs_on.slice.
Jul 13 05:27:25 witherspoon systemd[1]: Created slice system-phosphor\x2dgpio\x2dmonitor.slice.
Jul 13 05:27:26 witherspoon systemd[1]: Started Phosphor GPIO checkstop monitor.
Jul 13 05:27:26 witherspoon systemd[1]: Created slice system-avsbus\x2denable.slice.
Jul 13 05:27:26 witherspoon systemd[1]: Reached target Start Host checkstop monitor.
Jul 13 05:27:26 witherspoon phosphor-gevent[1007]: ::80e9:6076:8e91:f402%1995172636 - - [2017-07-13 05:27:26] "POST /login HTTP/1.1" 200 320 0.039793
Jul 13 05:27:26 witherspoon kernel: ucd9000 11-0064: Device ID UCD90160|2.3.4.0000|110603
Jul 13 05:27:26 witherspoon kernel[950]: [  369.970000] ucd9000 11-0064: Device ID UCD90160|2.3.4.0000|110603
Jul 13 05:27:26 witherspoon systemd[1]: Started power on mode unbind ir35221 device driver devs.
Jul 13 05:27:27 witherspoon systemd[1]: Started Witherspoon Fan Watchdog Reset.
Jul 13 05:27:27 witherspoon systemd[1]: Started Disable UCD VCS rails.
Jul 13 05:27:27 witherspoon systemd[1]: xyz.openbmc_project.Hwmon@ahb-apb-i2c\x401e78a000-i2c\x2dbus\x40180-ir35221\x4070.service: Unit not needed anymore. Stopping.
