-- Logs begin at Thu 2017-07-06 10:31:29 UTC, end at Thu 2017-07-06 10:52:42 UTC. --
Jul 06 10:31:29 witherspoon kernel: Booting Linux on physical CPU 0x0
Jul 06 10:31:29 witherspoon kernel: Linux version 4.10.17-fe613f76559522a7fb28841f91871ccc0dee1a0b (jenkins@openbmc-builder1) (gcc version 6.2.0 (GCC) ) #1 Wed Jul 5 15:43:49 UTC 2017
Jul 06 10:31:29 witherspoon kernel: CPU: ARMv6-compatible processor [410fb767] revision 7 (ARMv7), cr=00c5387d
Jul 06 10:31:29 witherspoon kernel: CPU: PIPT / VIPT nonaliasing data cache, VIPT nonaliasing instruction cache
Jul 06 10:31:29 witherspoon kernel: OF: fdt:Machine model: Witherspoon BMC
Jul 06 10:31:29 witherspoon kernel: Memory policy: Data cache writeback
Jul 06 10:31:29 witherspoon kernel: SOC Rev: 04030303
Jul 06 10:31:29 witherspoon kernel: On node 0 totalpages: 110592
Jul 06 10:31:29 witherspoon kernel: free_area_init_node: node 0, pgdat 805f33fc, node_mem_map 9ec1a000
Jul 06 10:31:29 witherspoon kernel:   Normal zone: 992 pages used for memmap
Jul 06 10:31:29 witherspoon kernel:   Normal zone: 0 pages reserved
Jul 06 10:31:29 witherspoon kernel:   Normal zone: 110592 pages, LIFO batch:31
Jul 06 10:31:29 witherspoon kernel: pcpu-alloc: s0 r0 d32768 u32768 alloc=1*32768
Jul 06 10:31:29 witherspoon kernel: pcpu-alloc: [0] 0 
Jul 06 10:31:29 witherspoon kernel: Built 1 zonelists in Zone order, mobility grouping on.  Total pages: 109600
Jul 06 10:31:29 witherspoon kernel: Kernel command line: console=ttyS4,115200n8 root=/dev/ram rw
Jul 06 10:31:29 witherspoon kernel: PID hash table entries: 2048 (order: 1, 8192 bytes)
Jul 06 10:31:29 witherspoon kernel: Dentry cache hash table entries: 65536 (order: 6, 262144 bytes)
Jul 06 10:31:29 witherspoon kernel: Inode-cache hash table entries: 32768 (order: 5, 131072 bytes)
Jul 06 10:31:29 witherspoon kernel: Memory: 430508K/442368K available (4049K kernel code, 280K rwdata, 1168K rodata, 280K init, 111K bss, 11860K reserved, 0K cma-reserved)
Jul 06 10:31:29 witherspoon kernel: Virtual kernel memory layout:
                                        vector  : 0xffff0000 - 0xffff1000   (   4 kB)
                                        fixmap  : 0xffc00000 - 0xfff00000   (3072 kB)
                                        vmalloc : 0x9f800000 - 0xff800000   (1536 MB)
                                        lowmem  : 0x80000000 - 0x9f000000   ( 496 MB)
                                          .text : 0x80008000 - 0x803fc610   (4050 kB)
                                          .init : 0x8057a000 - 0x805c0000   ( 280 kB)
                                          .data : 0x805c0000 - 0x806061a8   ( 281 kB)
                                           .bss : 0x806061a8 - 0x80622078   ( 112 kB)
Jul 06 10:31:29 witherspoon kernel: NR_IRQS:16 nr_irqs:16 16
Jul 06 10:31:29 witherspoon kernel: i2c controller registered, irq 16
Jul 06 10:31:29 witherspoon kernel: clocksource: moxart_timer: mask: 0xffffffff max_cycles: 0xffffffff, max_idle_ns: 77222644334 ns
Jul 06 10:31:29 witherspoon kernel: sched_clock: 32 bits at 100 Hz, resolution 10000000ns, wraps every 21474836475000000ns
Jul 06 10:31:29 witherspoon kernel: Calibrating delay loop... 789.70 BogoMIPS (lpj=3948544)
Jul 06 10:31:29 witherspoon kernel: pid_max: default: 32768 minimum: 301
Jul 06 10:31:29 witherspoon kernel: Mount-cache hash table entries: 1024 (order: 0, 4096 bytes)
Jul 06 10:31:29 witherspoon kernel: Mountpoint-cache hash table entries: 1024 (order: 0, 4096 bytes)
Jul 06 10:31:29 witherspoon kernel: CPU: Testing write buffer coherency: ok
Jul 06 10:31:29 witherspoon kernel: ftrace: allocating 14869 entries in 44 pages
Jul 06 10:31:29 witherspoon kernel: Setting up static identity map for 0x80008200 - 0x8000825c
Jul 06 10:31:29 witherspoon kernel: devtmpfs: initialized
Jul 06 10:31:29 witherspoon kernel: clocksource: jiffies: mask: 0xffffffff max_cycles: 0xffffffff, max_idle_ns: 19112604462750000 ns
Jul 06 10:31:29 witherspoon kernel: futex hash table entries: 256 (order: -1, 3072 bytes)
Jul 06 10:31:29 witherspoon kernel: pinctrl core: initialized pinctrl subsystem
Jul 06 10:31:29 witherspoon kernel: NET: Registered protocol family 16
Jul 06 10:31:29 witherspoon kernel: DMA: preallocated 256 KiB pool for atomic coherent allocations
Jul 06 10:31:29 witherspoon kernel: usbcore: registered new interface driver usbfs
Jul 06 10:31:29 witherspoon kernel: usbcore: registered new interface driver hub
Jul 06 10:31:29 witherspoon kernel: usbcore: registered new device driver usb
Jul 06 10:31:29 witherspoon kernel: clocksource: Switched to clocksource moxart_timer
Jul 06 10:31:29 witherspoon kernel: NET: Registered protocol family 2
Jul 06 10:31:29 witherspoon kernel: TCP established hash table entries: 4096 (order: 2, 16384 bytes)
Jul 06 10:31:29 witherspoon kernel: TCP bind hash table entries: 4096 (order: 2, 16384 bytes)
Jul 06 10:31:29 witherspoon kernel: TCP: Hash tables configured (established 4096 bind 4096)
Jul 06 10:31:29 witherspoon kernel: UDP hash table entries: 256 (order: 0, 4096 bytes)
Jul 06 10:31:29 witherspoon kernel: UDP-Lite hash table entries: 256 (order: 0, 4096 bytes)
Jul 06 10:31:29 witherspoon kernel: NET: Registered protocol family 1
Jul 06 10:31:29 witherspoon kernel: Trying to unpack rootfs image as initramfs...
Jul 06 10:31:29 witherspoon kernel: Freeing initrd memory: 1548K
Jul 06 10:31:29 witherspoon kernel: workingset: timestamp_bits=30 max_order=17 bucket_order=0
Jul 06 10:31:29 witherspoon kernel: squashfs: version 4.0 (2009/01/31) Phillip Lougher
Jul 06 10:31:29 witherspoon kernel: jffs2: version 2.2. (SUMMARY)  © 2001-2006 Red Hat, Inc.
Jul 06 10:31:29 witherspoon kernel: Block layer SCSI generic (bsg) driver version 0.4 loaded (major 250)
Jul 06 10:31:29 witherspoon kernel: io scheduler noop registered
Jul 06 10:31:29 witherspoon kernel: io scheduler deadline registered
Jul 06 10:31:29 witherspoon kernel: io scheduler cfq registered (default)
Jul 06 10:31:29 witherspoon kernel: ipmi-bt-host 1e789140.ibt: Found bt bmc device
Jul 06 10:31:29 witherspoon kernel: ipmi-bt-host 1e789140.ibt: Using IRQ 22
Jul 06 10:31:29 witherspoon kernel: Serial: 8250/16550 driver, 6 ports, IRQ sharing enabled
Jul 06 10:31:29 witherspoon kernel: 1e783000.serial: ttyS0 at MMIO 0x1e783000 (irq = 23, base_baud = 1500000) is a 16550A
Jul 06 10:31:29 witherspoon kernel: 1e78d000.serial: ttyS1 at MMIO 0x1e78d000 (irq = 24, base_baud = 1500000) is a 16550A
Jul 06 10:31:29 witherspoon kernel: 1e784000.serial: ttyS4 at MMIO 0x1e784000 (irq = 25, base_baud = 1500000) is a 16550A
Jul 06 10:31:29 witherspoon kernel: console [ttyS4] enabled
Jul 06 10:31:29 witherspoon kernel: 1e787000.vuart: ttyS2 at MMIO 0x1e787000 (irq = 22, base_baud = 1500000) is a 16550A
Jul 06 10:31:29 witherspoon kernel: timeriomem_rng 1e6e2078.hwrng: 32bits from 0xf00e2078 @ 1us
Jul 06 10:31:29 witherspoon kernel: brd: module loaded
Jul 06 10:31:29 witherspoon kernel: loop: module loaded
Jul 06 10:31:29 witherspoon kernel: aspeed-lpc-ctrl 1e789080.lpc-ctrl: Loaded at 0x98000000 (0x04000000)
Jul 06 10:31:29 witherspoon kernel: aspeed-smc 1e620000.flash-controller: Using IRQ 18
Jul 06 10:31:29 witherspoon kernel: aspeed-smc 1e620000.flash-controller: DMA support disabled.
Jul 06 10:31:29 witherspoon kernel: aspeed-smc 1e620000.flash-controller: mx25l25635e (32768 Kbytes)
Jul 06 10:31:29 witherspoon kernel: aspeed-smc 1e620000.flash-controller: CE0 window [ 0x20000000 - 0x22000000 ] 32MB
Jul 06 10:31:29 witherspoon kernel: aspeed-smc 1e620000.flash-controller: CE1 window [ 0x22000000 - 0x2a000000 ] 128MB
Jul 06 10:31:29 witherspoon kernel: 5 ofpart partitions found on MTD device bmc
Jul 06 10:31:29 witherspoon kernel: Creating 5 MTD partitions on "bmc":
Jul 06 10:31:29 witherspoon kernel: 0x000000000000-0x000000060000 : "u-boot"
Jul 06 10:31:29 witherspoon kernel: 0x000000060000-0x000000080000 : "u-boot-env"
Jul 06 10:31:29 witherspoon kernel: 0x000000080000-0x0000004c0000 : "kernel"
Jul 06 10:31:29 witherspoon kernel: 0x0000004c0000-0x000001c00000 : "rofs"
Jul 06 10:31:29 witherspoon kernel: 0x000001c00000-0x000002000000 : "rwfs"
Jul 06 10:31:29 witherspoon kernel: aspeed-smc 1e620000.flash-controller: mx25l25635e (32768 Kbytes)
Jul 06 10:31:29 witherspoon kernel: aspeed-smc 1e620000.flash-controller: CE1 window [ 0x22000000 - 0x24000000 ] 32MB
Jul 06 10:31:29 witherspoon kernel: aspeed-smc 1e620000.flash-controller: CE2 window [ 0x24000000 - 0x2c000000 ] 128MB
Jul 06 10:31:29 witherspoon kernel: aspeed-smc 1e630000.flash-controller: mx66l1g45g (131072 Kbytes)
Jul 06 10:31:29 witherspoon kernel: aspeed-smc 1e630000.flash-controller: CE0 window resized to 120MB (AST2500 HW quirk)
Jul 06 10:31:29 witherspoon kernel: aspeed-smc 1e630000.flash-controller: CE0 window [ 0x30000000 - 0x37800000 ] 120MB
Jul 06 10:31:29 witherspoon kernel: aspeed-smc 1e630000.flash-controller: CE0 window too small for chip 128MB
Jul 06 10:31:29 witherspoon kernel: aspeed-smc 1e630000.flash-controller: CE1 window [ 0x37800000 - 0x38000000 ] 8MB
Jul 06 10:31:29 witherspoon kernel: libphy: Fixed MDIO Bus: probed
Jul 06 10:31:29 witherspoon kernel: ftgmac100 1e660000.ethernet: Read MAC address 70:e2:84:14:23:ae from chip
Jul 06 10:31:29 witherspoon kernel: ftgmac100 1e660000.ethernet: Using NCSI interface
Jul 06 10:31:29 witherspoon kernel: ftgmac100 1e660000.ethernet eth0: irq 20, mapped at f0060000
Jul 06 10:31:29 witherspoon kernel: ehci_hcd: USB 2.0 'Enhanced' Host Controller (EHCI) Driver
Jul 06 10:31:29 witherspoon kernel: ehci-platform: EHCI generic platform driver
Jul 06 10:31:29 witherspoon kernel:  fsi0: can't read slave 00:00 -5
Jul 06 10:31:29 witherspoon kernel: i2c /dev entries driver
Jul 06 10:31:29 witherspoon kernel: aspeed-i2c-bus 1e78a0c0.i2c-bus: i2c bus 2 registered, irq 26
Jul 06 10:31:29 witherspoon kernel: aspeed-i2c-bus 1e78a100.i2c-bus: i2c bus 3 registered, irq 27
Jul 06 10:31:29 witherspoon kernel: aspeed-i2c-bus 1e78a140.i2c-bus: i2c bus 4 registered, irq 28
Jul 06 10:31:29 witherspoon kernel: aspeed-i2c-bus 1e78a180.i2c-bus: i2c bus 5 registered, irq 29
Jul 06 10:31:29 witherspoon kernel: aspeed-i2c-bus 1e78a380.i2c-bus: i2c bus 9 registered, irq 30
Jul 06 10:31:29 witherspoon kernel: aspeed-i2c-bus 1e78a3c0.i2c-bus: i2c bus 10 registered, irq 31
Jul 06 10:31:29 witherspoon kernel: rtc-rv8803 11-0032: Voltage low, temperature compensation stopped.
Jul 06 10:31:29 witherspoon kernel: rtc-rv8803 11-0032: rtc core: registered rx8900 as rtc0
Jul 06 10:31:29 witherspoon kernel: at24 11-0051: 8192 byte 24c64 EEPROM, writable, 1 bytes/write
Jul 06 10:31:29 witherspoon kernel: aspeed-i2c-bus 1e78a400.i2c-bus: i2c bus 11 registered, irq 32
Jul 06 10:31:29 witherspoon kernel: aspeed-i2c-bus 1e78a440.i2c-bus: i2c bus 12 registered, irq 33
Jul 06 10:31:29 witherspoon kernel: aspeed-i2c-bus 1e78a480.i2c-bus: i2c bus 13 registered, irq 34
Jul 06 10:31:29 witherspoon kernel: Driver for 1-wire Dallas network protocol.
Jul 06 10:31:29 witherspoon kernel: lm75 9-004a: hwmon0: sensor 'tmp275'
Jul 06 10:31:29 witherspoon kernel: random: fast init done
Jul 06 10:31:29 witherspoon kernel: max31785: probe of 3-0052 failed with error 768
Jul 06 10:31:29 witherspoon kernel: ucd9000 11-0064: Device ID UCD90160|2.3.4.0000|110603
Jul 06 10:31:29 witherspoon kernel: leds-pca955x 11-0060: leds-pca955x: Using pca9552 16-bit LED driver at slave address 0x60
Jul 06 10:31:29 witherspoon kernel: leds-pca955x 11-0060: gpios 264...279
Jul 06 10:31:29 witherspoon kernel: usbcore: registered new interface driver usbhid
Jul 06 10:31:29 witherspoon kernel: usbhid: USB HID core driver
Jul 06 10:31:29 witherspoon kernel: dps310: probe of 3-0076 failed with error -5
Jul 06 10:31:29 witherspoon kernel: NET: Registered protocol family 10
Jul 06 10:31:29 witherspoon kernel: Segment Routing with IPv6
Jul 06 10:31:29 witherspoon kernel: NET: Registered protocol family 17
Jul 06 10:31:29 witherspoon kernel: console [netcon0] enabled
Jul 06 10:31:29 witherspoon kernel: netconsole: network logging started
Jul 06 10:31:29 witherspoon kernel: input: gpio-keys as /devices/platform/gpio-keys/input/input0
Jul 06 10:31:29 witherspoon kernel: rtc-rv8803 11-0032: setting system clock to 2017-07-06 10:31:17 UTC (1499337077)
Jul 06 10:31:29 witherspoon kernel: Freeing unused kernel memory: 280K
Jul 06 10:31:29 witherspoon kernel: This architecture does not have kernel memory protection.
Jul 06 10:31:29 witherspoon kernel: jffs2: notice: (513) jffs2_build_xattr_subsystem: complete building xattr subsystem, 0 of xdatum (0 unchecked, 0 orphan) and 0 of xref (0 dead, 0 orphan) found.
Jul 06 10:31:29 witherspoon systemd[1]: Failed to insert module 'autofs4': No such file or directory
Jul 06 10:31:29 witherspoon systemd[1]: systemd 232 running in system mode. (+PAM -AUDIT -SELINUX -IMA -APPARMOR -SMACK +SYSVINIT -UTMP -LIBCRYPTSETUP -GCRYPT -GNUTLS +ACL +XZ -LZ4 -SECCOMP +BLKID -ELFUTILS +KMOD -IDN)
Jul 06 10:31:29 witherspoon systemd[1]: Detected architecture arm.
Jul 06 10:31:29 witherspoon systemd[1]: Set hostname to <witherspoon>.
Jul 06 10:31:29 witherspoon systemd[1]: Listening on Journal Socket (/dev/log).
Jul 06 10:31:29 witherspoon systemd[1]: Started Dispatch Password Requests to Console Directory Watch.
Jul 06 10:31:29 witherspoon systemd[1]: Listening on Journal Socket.
Jul 06 10:31:29 witherspoon systemd[1]: Reached target Swap.
Jul 06 10:31:29 witherspoon systemd[1]: Listening on /dev/initctl Compatibility Named Pipe.
Jul 06 10:31:29 witherspoon systemd[1]: Listening on Network Service Netlink Socket.
Jul 06 10:31:29 witherspoon systemd[1]: Reached target Remote File Systems.
Jul 06 10:31:29 witherspoon systemd[1]: Created slice system-org.openbmc.control.Power.slice.
Jul 06 10:31:29 witherspoon systemd[1]: Created slice system-phosphor\x2dreset\x2dhost\x2dcheck.slice.
Jul 06 10:31:29 witherspoon systemd[1]: Created slice system-org.openbmc.control.Bmc.slice.
Jul 06 10:31:29 witherspoon systemd[1]: Created slice system-phosphor\x2ddiscover\x2dsystem\x2dstate.slice.
Jul 06 10:31:29 witherspoon systemd[1]: Starting Apply Kernel Variables...
Jul 06 10:31:29 witherspoon systemd[1]: Created slice system-org.openbmc.buttons.reset.slice.
Jul 06 10:31:29 witherspoon systemd[1]: Created slice system-phosphor\x2dreset\x2dhost\x2drunning.slice.
Jul 06 10:31:29 witherspoon systemd[1]: dev-hugepages.mount: Couldn't determine result for ConditionVirtualization=!private-users, assuming failed: No such file or directory
Jul 06 10:31:29 witherspoon systemd[1]: Created slice system-op\x2dreset\x2dchassis\x2don.slice.
Jul 06 10:31:29 witherspoon systemd[1]: Starting Journal Service...
Jul 06 10:31:29 witherspoon systemd-journald[635]: Journal started
Jul 06 10:31:29 witherspoon systemd-journald[635]: Runtime journal (/run/log/journal/3e95d8d447c84a3789afbbe38c32da87) is 0B, max 0B, 0B free.
Jul 06 10:31:29 witherspoon systemd-sysctl[633]: Couldn't write '16' to 'kernel/sysrq', ignoring: No such file or directory
Jul 06 10:31:29 witherspoon systemd-sysctl[633]: Couldn't write 'fq_codel' to 'net/core/default_qdisc', ignoring: No such file or directory
Jul 06 10:31:31 witherspoon systemd[1]: Reached target Slices.
Jul 06 10:31:32 witherspoon systemd[1]: Mounting Temporary Directory...
Jul 06 10:31:32 witherspoon systemd[1]: Mounted Debug File System.
Jul 06 10:31:33 witherspoon systemd[1]: Mounted Temporary Directory.
Jul 06 10:31:33 witherspoon systemd[1]: Started Journal Service.
Jul 06 10:31:33 witherspoon systemd[1]: Started Apply Kernel Variables.
Jul 06 10:31:33 witherspoon systemd[1]: Started Remount Root and Kernel File Systems.
Jul 06 10:31:33 witherspoon systemd[1]: Starting Create System Users...
Jul 06 10:31:33 witherspoon systemd[1]: Starting Flush Journal to Persistent Storage...
Jul 06 10:31:34 witherspoon systemd[1]: Started udev Coldplug all Devices.
Jul 06 10:31:34 witherspoon systemd-journald[635]: Runtime journal (/run/log/journal/3e95d8d447c84a3789afbbe38c32da87) is 0B, max 0B, 0B free.
Jul 06 10:31:34 witherspoon systemd[1]: Started Flush Journal to Persistent Storage.
Jul 06 10:31:35 witherspoon systemd[1]: Started Create System Users.
Jul 06 10:31:35 witherspoon systemd[1]: Starting Create Static Device Nodes in /dev...
Jul 06 10:31:35 witherspoon systemd[1]: Started Create Static Device Nodes in /dev.
Jul 06 10:31:35 witherspoon systemd[1]: Starting udev Kernel Device Manager...
Jul 06 10:31:35 witherspoon systemd[1]: Reached target Local File Systems (Pre).
Jul 06 10:31:35 witherspoon systemd[1]: Mounting /var/volatile...
Jul 06 10:31:35 witherspoon systemd[1]: Mounted /var/volatile.
Jul 06 10:31:35 witherspoon systemd[1]: Starting Load/Save Random Seed...
Jul 06 10:31:35 witherspoon systemd[1]: Reached target Local File Systems.
Jul 06 10:31:36 witherspoon systemd[1]: Starting Create Volatile Files and Directories...
Jul 06 10:31:36 witherspoon systemd[1]: Starting Rebuild Journal Catalog...
Jul 06 10:31:36 witherspoon systemd-tmpfiles[874]: "/var/tmp" already exists and is not a directory.
Jul 06 10:31:36 witherspoon systemd-tmpfiles[874]: "/var/log" already exists and is not a directory.
Jul 06 10:31:36 witherspoon systemd[1]: Started Load/Save Random Seed.
Jul 06 10:31:36 witherspoon systemd[1]: Started Create Volatile Files and Directories.
Jul 06 10:31:36 witherspoon systemd[1]: Started Rebuild Journal Catalog.
Jul 06 10:31:36 witherspoon systemd[1]: Started udev Kernel Device Manager.
Jul 06 10:31:37 witherspoon systemd[1]: Starting Update is Completed...
Jul 06 10:31:37 witherspoon systemd[1]: Starting Run pending postinsts...
Jul 06 10:31:37 witherspoon systemd[1]: Starting Network Time Synchronization...
Jul 06 10:31:38 witherspoon run-postinsts[887]: Running postinst /etc/rpm-postinsts/libglib-2.0-0...
Jul 06 10:31:38 witherspoon systemd[1]: Started Network Time Synchronization.
Jul 06 10:31:38 witherspoon systemd[1]: Started Update is Completed.
Jul 06 10:31:38 witherspoon systemd[1]: Found device /dev/ttyS4.
Jul 06 10:31:38 witherspoon systemd[1]: Found device /dev/ttyVUART0.
Jul 06 10:31:38 witherspoon systemd[1]: Created slice system-xyz.openbmc_project.Hwmon.slice.
Jul 06 10:31:39 witherspoon systemd[1]: dev-hugepages.mount: Couldn't determine result for ConditionVirtualization=!private-users, assuming failed: No such file or directory
Jul 06 10:31:39 witherspoon systemd[1]: Reached target System Time Synchronized.
Jul 06 10:31:39 witherspoon systemd[1]: Found device /dev/aspeed-lpc-ctrl.
Jul 06 10:31:39 witherspoon systemd[1]: Found device /dev/aspeed-mbox.
Jul 06 10:31:40 witherspoon systemd[1]: Created slice system-xyz.openbmc_project.led.controller.slice.
Jul 06 10:31:40 witherspoon run-postinsts[887]: rm: can't remove '/etc/rpm-postinsts': Invalid argument
Jul 06 10:31:40 witherspoon systemd[1]: dev-hugepages.mount: Couldn't determine result for ConditionVirtualization=!private-users, assuming failed: No such file or directory
Jul 06 10:31:41 witherspoon run-postinsts[887]:  Removing any system startup links for run-postinsts ...
Jul 06 10:31:41 witherspoon systemctl[912]: Removed /etc/systemd/system/sysinit.target.wants/run-postinsts.service.
Jul 06 10:31:41 witherspoon systemd[1]: Reloading.
Jul 06 10:31:43 witherspoon systemd[1]: Started Run pending postinsts.
Jul 06 10:31:43 witherspoon systemd[1]: Reached target System Initialization.
Jul 06 10:31:44 witherspoon systemd[1]: Listening on dropbear.socket.
Jul 06 10:31:44 witherspoon systemd[1]: Listening on Phosphor Webserver socket.
Jul 06 10:31:44 witherspoon systemd[1]: Listening on phosphor-ipmi-net.socket.
Jul 06 10:31:44 witherspoon systemd[1]: Listening on D-Bus System Message Bus Socket.
Jul 06 10:31:44 witherspoon systemd[1]: Started Daily Cleanup of Temporary Directories.
Jul 06 10:31:44 witherspoon systemd[1]: Reached target Timers.
Jul 06 10:31:44 witherspoon systemd[1]: Listening on Avahi mDNS/DNS-SD Stack Activation Socket.
Jul 06 10:31:44 witherspoon systemd[1]: Listening on Phosphor Host Console SSH Per-Connection socket.
Jul 06 10:31:44 witherspoon systemd[1]: Listening on Phosphor DBUS Browser socket.
Jul 06 10:31:44 witherspoon systemd[1]: Reached target Sockets.
Jul 06 10:31:44 witherspoon systemd[1]: Reached target Basic System.
Jul 06 10:31:44 witherspoon systemd[1]: Started Phosphor sysfs LED controller.
Jul 06 10:31:44 witherspoon systemd[1]: Started D-Bus System Message Bus.
Jul 06 10:31:46 witherspoon systemd[1]: Starting Network Service...
Jul 06 10:31:46 witherspoon systemd[1]: Starting Phosphor Inventory Manager...
Jul 06 10:31:46 witherspoon systemd[1]: Starting OpenBMC Software Update Manager...
Jul 06 10:31:47 witherspoon systemd[1]: Started Phosphor Hwmon Poller.
Jul 06 10:31:47 witherspoon systemd[1]: Starting Phosphor IPMI BT DBus Bridge...
Jul 06 10:31:47 witherspoon systemd[1]: Reached target Containers.
Jul 06 10:31:47 witherspoon systemd-networkd[925]: Enumeration completed
Jul 06 10:31:47 witherspoon systemd[1]: Started Phosphor Hwmon Poller.
Jul 06 10:31:47 witherspoon systemd[1]: Started Phosphor sysfs LED controller.
Jul 06 10:31:47 witherspoon systemd[1]: Started Hardware RNG Entropy Gatherer Daemon.
Jul 06 10:31:47 witherspoon systemd[1]: Started Phosphor Hwmon Poller.
Jul 06 10:31:47 witherspoon systemd[1]: Starting Phosphor DBus Service Discovery Manager...
Jul 06 10:31:47 witherspoon systemd[1]: Started Phosphor Console Muxer listening on device /dev/ttyVUART0.
Jul 06 10:31:47 witherspoon systemd[1]: Starting Phosphor Network Manager...
Jul 06 10:31:48 witherspoon kernel: random: crng init done
Jul 06 10:31:48 witherspoon systemd-networkd[925]: eth0: IPv6 enabled for interface: Success
Jul 06 10:31:48 witherspoon systemd-networkd[925]: eth0: Gained carrier
Jul 06 10:31:48 witherspoon systemd-timesyncd[888]: Network configuration changed, trying to establish connection.
Jul 06 10:31:48 witherspoon systemd[1]: Starting Clear one time boot overrides...
Jul 06 10:31:48 witherspoon systemd-timesyncd[888]: Network configuration changed, trying to establish connection.
Jul 06 10:31:48 witherspoon systemd[1]: Starting Phosphor User Manager...
Jul 06 10:31:48 witherspoon systemd[1]: Starting Phosphor Download Manager...
Jul 06 10:31:48 witherspoon systemd[1]: Started Phosphor Hwmon Poller.
Jul 06 10:31:49 witherspoon systemd[1]: Started Phosphor Hwmon Poller.
Jul 06 10:31:49 witherspoon systemd[1]: Starting Phosphor LED Group Management Daemon...
Jul 06 10:31:49 witherspoon systemd[1]: Starting Phosphor Chassis0 Control...
Jul 06 10:31:49 witherspoon systemd[1]: Starting Phosphor Dump Manager...
Jul 06 10:31:49 witherspoon systemd[1]: Started System Logging Service.
Jul 06 10:31:49 witherspoon systemd[1]: Started Phosphor MBOX Daemon.
Jul 06 10:31:49 witherspoon systemd[1]: Started Kernel Logging Service.
Jul 06 10:31:49 witherspoon systemd[1]: Started Phosphor Hwmon Poller.
Jul 06 10:31:49 witherspoon systemd[1]: Starting Phosphor Download Manager...
Jul 06 10:31:49 witherspoon systemd[1]: Starting Avahi mDNS/DNS-SD Stack...
Jul 06 10:31:49 witherspoon systemd[1]: Starting OpenPower Software Update Manager...
Jul 06 10:31:50 witherspoon kernel[947]: klogd started: BusyBox v1.24.1 (2017-06-16 19:29:08 UTC)
Jul 06 10:31:49 witherspoon systemd[1]: Started Phosphor Dump core monitor..
Jul 06 10:31:50 witherspoon kernel[947]: [    0.000000] Booting Linux on physical CPU 0x0
Jul 06 10:31:49 witherspoon systemd[1]: Starting Phosphor Sensor Manager...
Jul 06 10:31:50 witherspoon kernel[947]: [    0.000000] Linux version 4.10.17-fe613f76559522a7fb28841f91871ccc0dee1a0b (jenkins@openbmc-builder1) (gcc version 6.2.0 (GCC) ) #1 Wed Jul 5 15:43:49 UTC 2017
Jul 06 10:31:49 witherspoon systemd[1]: Starting Phosphor Log Manager...
Jul 06 10:31:50 witherspoon kernel[947]: [    0.000000] CPU: ARMv6-compatible processor [410fb767] revision 7 (ARMv7), cr=00c5387d
Jul 06 10:31:49 witherspoon systemd[1]: Started Phosphor Hwmon Poller.
Jul 06 10:31:50 witherspoon kernel[947]: [    0.000000] CPU: PIPT / VIPT nonaliasing data cache, VIPT nonaliasing instruction cache
Jul 06 10:31:49 witherspoon systemd[1]: Started Phosphor sysfs LED controller.
Jul 06 10:31:50 witherspoon kernel[947]: [    0.000000] OF: fdt:Machine model: Witherspoon BMC
Jul 06 10:31:49 witherspoon systemd[1]: Starting Phosphor Inventory Manager...
Jul 06 10:31:50 witherspoon kernel[947]: [    0.000000] Memory policy: Data cache writeback
Jul 06 10:31:49 witherspoon systemd[1]: Starting Phosphor BMC0 Control...
Jul 06 10:31:50 witherspoon kernel[947]: [    0.000000] SOC Rev: 04030303
Jul 06 10:31:50 witherspoon systemd[1]: Started Network Service.
Jul 06 10:31:50 witherspoon kernel[947]: [    0.000000] On node 0 totalpages: 110592
Jul 06 10:31:50 witherspoon systemd[1]: Started OpenBMC Software Update Manager.
Jul 06 10:31:50 witherspoon kernel[947]: [    0.000000] free_area_init_node: node 0, pgdat 805f33fc, node_mem_map 9ec1a000
Jul 06 10:31:53 witherspoon kernel: ftgmac100 1e660000.ethernet eth0: NCSI interface up
Jul 06 10:31:50 witherspoon systemd[1]: Started Phosphor IPMI BT DBus Bridge.
Jul 06 10:31:50 witherspoon kernel[947]: [    0.000000]   Normal zone: 992 pages used for memmap
Jul 06 10:31:50 witherspoon systemd[1]: Reached target Network.
Jul 06 10:31:50 witherspoon kernel[947]: [    0.000000]   Normal zone: 0 pages reserved
Jul 06 10:31:50 witherspoon systemd[1]: Starting Permit User Sessions...
Jul 06 10:31:50 witherspoon kernel[947]: [    0.000000]   Normal zone: 110592 pages, LIFO batch:31
Jul 06 10:31:50 witherspoon systemd-networkd[925]: eth0: Gained IPv6LL
Jul 06 10:31:50 witherspoon kernel[947]: [    0.000000] pcpu-alloc: s0 r0 d32768 u32768 alloc=1*32768
Jul 06 10:31:50 witherspoon systemd[1]: Started Lightweight SLP Server.
Jul 06 10:31:50 witherspoon kernel[947]: [    0.000000] pcpu-alloc: [0] 0
Jul 06 10:31:51 witherspoon systemd[1]: Started Permit User Sessions.
Jul 06 10:31:50 witherspoon kernel[947]: [    0.000000] Built 1 zonelists in Zone order, mobility grouping on.  Total pages: 109600
Jul 06 10:31:51 witherspoon systemd[1]: Started Serial Getty on ttyS4.
Jul 06 10:31:50 witherspoon kernel[947]: [    0.000000] Kernel command line: console=ttyS4,115200n8 root=/dev/ram rw
Jul 06 10:31:51 witherspoon systemd[1]: Reached target Login Prompts.
Jul 06 10:31:50 witherspoon kernel[947]: [    0.000000] PID hash table entries: 2048 (order: 1, 8192 bytes)
Jul 06 10:31:51 witherspoon systemd[1]: Started Clear one time boot overrides.
Jul 06 10:31:50 witherspoon kernel[947]: [    0.000000] Dentry cache hash table entries: 65536 (order: 6, 262144 bytes)
Jul 06 10:31:50 witherspoon kernel[947]: [    0.000000] Inode-cache hash table entries: 32768 (order: 5, 131072 bytes)
Jul 06 10:31:50 witherspoon kernel[947]: [    0.000000] Memory: 430508K/442368K available (4049K kernel code, 280K rwdata, 1168K rodata, 280K init, 111K bss, 11860K reserved, 0K cma-reserved)
Jul 06 10:31:50 witherspoon kernel[947]: [    0.000000] Virtual kernel memory layout:
Jul 06 10:31:50 witherspoon kernel[947]: [    0.000000]     vector  : 0xffff0000 - 0xffff1000   (   4 kB)
Jul 06 10:31:50 witherspoon kernel[947]: [    0.000000]     fixmap  : 0xffc00000 - 0xfff00000   (3072 kB)
Jul 06 10:31:50 witherspoon kernel[947]: [    0.000000]     vmalloc : 0x9f800000 - 0xff800000   (1536 MB)
Jul 06 10:31:50 witherspoon kernel[947]: [    0.000000]     lowmem  : 0x80000000 - 0x9f000000   ( 496 MB)
Jul 06 10:31:50 witherspoon kernel[947]: [    0.000000]       .text : 0x80008000 - 0x803fc610   (4050 kB)
Jul 06 10:31:50 witherspoon kernel[947]: [    0.000000]       .init : 0x8057a000 - 0x805c0000   ( 280 kB)
Jul 06 10:31:50 witherspoon kernel[947]: [    0.000000]       .data : 0x805c0000 - 0x806061a8   ( 281 kB)
Jul 06 10:31:50 witherspoon kernel[947]: [    0.000000]        .bss : 0x806061a8 - 0x80622078   ( 112 kB)
Jul 06 10:31:50 witherspoon kernel[947]: [    0.000000] NR_IRQS:16 nr_irqs:16 16
Jul 06 10:31:50 witherspoon kernel[947]: [    0.000000] i2c controller registered, irq 16
Jul 06 10:31:50 witherspoon kernel[947]: [    0.000000] clocksource: moxart_timer: mask: 0xffffffff max_cycles: 0xffffffff, max_idle_ns: 77222644334 ns
Jul 06 10:31:53 witherspoon systemd[1]: Started Phosphor Log Manager.
Jul 06 10:31:50 witherspoon kernel[947]: [    0.000000] sched_clock: 32 bits at 100 Hz, resolution 10000000ns, wraps every 21474836475000000ns
Jul 06 10:31:53 witherspoon systemd[1]: Started Phosphor LED Group Management Daemon.
Jul 06 10:31:50 witherspoon kernel[947]: [    0.090000] Calibrating delay loop... 789.70 BogoMIPS (lpj=3948544)
Jul 06 10:31:53 witherspoon systemd[1]: Started Phosphor Download Manager.
Jul 06 10:31:50 witherspoon kernel[947]: [    0.090000] pid_max: default: 32768 minimum: 301
Jul 06 10:31:54 witherspoon systemd[1]: Started Phosphor Inventory Manager.
Jul 06 10:31:50 witherspoon kernel[947]: [    0.090000] Mount-cache hash table entries: 1024 (order: 0, 4096 bytes)
Jul 06 10:31:54 witherspoon systemd[1]: Started OpenPower Software Update Manager.
Jul 06 10:31:50 witherspoon kernel[947]: [    0.090000] Mountpoint-cache hash table entries: 1024 (order: 0, 4096 bytes)
Jul 06 10:31:54 witherspoon systemd[1]: Starting Phosphor Version Software Manager...
Jul 06 10:31:50 witherspoon kernel[947]: [    0.090000] CPU: Testing write buffer coherency: ok
Jul 06 10:31:54 witherspoon systemd[1]: Started Avahi mDNS/DNS-SD Stack.
Jul 06 10:31:50 witherspoon kernel[947]: [    0.090000] ftrace: allocating 14869 entries in 44 pages
Jul 06 10:31:54 witherspoon systemd[1]: Reached target Multi-User System.
Jul 06 10:31:50 witherspoon kernel[947]: [    0.120000] Setting up static identity map for 0x80008200 - 0x8000825c
Jul 06 10:31:50 witherspoon kernel[947]: [    0.120000] devtmpfs: initialized
Jul 06 10:31:50 witherspoon kernel[947]: [    0.140000] clocksource: jiffies: mask: 0xffffffff max_cycles: 0xffffffff, max_idle_ns: 19112604462750000 ns
Jul 06 10:31:50 witherspoon kernel[947]: [    0.140000] futex hash table entries: 256 (order: -1, 3072 bytes)
Jul 06 10:31:50 witherspoon kernel[947]: [    0.140000] pinctrl core: initialized pinctrl subsystem
Jul 06 10:31:50 witherspoon kernel[947]: [    0.140000] NET: Registered protocol family 16
Jul 06 10:31:50 witherspoon kernel[947]: [    0.140000] DMA: preallocated 256 KiB pool for atomic coherent allocations
Jul 06 10:31:50 witherspoon kernel[947]: [    0.200000] usbcore: registered new interface driver usbfs
Jul 06 10:31:50 witherspoon kernel[947]: [    0.210000] usbcore: registered new interface driver hub
Jul 06 10:31:55 witherspoon systemd[1]: Started Phosphor Dump Manager.
Jul 06 10:31:50 witherspoon kernel[947]: [    0.210000] usbcore: registered new device driver usb
Jul 06 10:31:55 witherspoon systemd[1]: Started Phosphor Version Software Manager.
Jul 06 10:31:50 witherspoon kernel[947]: [    0.210000] clocksource: Switched to clocksource moxart_timer
Jul 06 10:31:50 witherspoon kernel[947]: [    0.230000] NET: Registered protocol family 2
Jul 06 10:31:50 witherspoon kernel[947]: [    0.230000] TCP established hash table entries: 4096 (order: 2, 16384 bytes)
Jul 06 10:31:50 witherspoon kernel[947]: [    0.230000] TCP bind hash table entries: 4096 (order: 2, 16384 bytes)
Jul 06 10:31:50 witherspoon kernel[947]: [    0.230000] TCP: Hash tables configured (established 4096 bind 4096)
Jul 06 10:31:50 witherspoon kernel[947]: [    0.230000] UDP hash table entries: 256 (order: 0, 4096 bytes)
Jul 06 10:31:50 witherspoon kernel[947]: [    0.230000] UDP-Lite hash table entries: 256 (order: 0, 4096 bytes)
Jul 06 10:31:50 witherspoon kernel[947]: [    0.230000] NET: Registered protocol family 1
Jul 06 10:31:50 witherspoon kernel[947]: [    0.230000] Trying to unpack rootfs image as initramfs...
Jul 06 10:31:57 witherspoon systemd[1]: Started Phosphor BMC0 Control.
Jul 06 10:31:50 witherspoon kernel[947]: [    1.900000] Freeing initrd memory: 1548K
Jul 06 10:31:50 witherspoon kernel[947]: [    1.900000] workingset: timestamp_bits=30 max_order=17 bucket_order=0
Jul 06 10:31:50 witherspoon kernel[947]: [    1.900000] squashfs: version 4.0 (2009/01/31) Phillip Lougher
Jul 06 10:31:50 witherspoon kernel[947]: [    1.900000] jffs2: version 2.2. (SUMMARY)  © 2001-2006 Red Hat, Inc.
Jul 06 10:31:50 witherspoon kernel[947]: [    1.900000] Block layer SCSI generic (bsg) driver version 0.4 loaded (major 250)
Jul 06 10:31:50 witherspoon kernel[947]: [    1.900000] io scheduler noop registered
Jul 06 10:31:50 witherspoon kernel[947]: [    1.900000] io scheduler deadline registered
Jul 06 10:31:50 witherspoon kernel[947]: [    1.900000] io scheduler cfq registered (default)
Jul 06 10:31:50 witherspoon kernel[947]: [    2.050000] ipmi-bt-host 1e789140.ibt: Found bt bmc device
Jul 06 10:31:50 witherspoon kernel[947]: [    2.050000] ipmi-bt-host 1e789140.ibt: Using IRQ 22
Jul 06 10:31:50 witherspoon kernel[947]: [    2.050000] Serial: 8250/16550 driver, 6 ports, IRQ sharing enabled
Jul 06 10:31:50 witherspoon kernel[947]: [    2.050000] 1e783000.serial: ttyS0 at MMIO 0x1e783000 (irq = 23, base_baud = 1500000) is a 16550A
Jul 06 10:31:50 witherspoon kernel[947]: [    2.050000] 1e78d000.serial: ttyS1 at MMIO 0x1e78d000 (irq = 24, base_baud = 1500000) is a 16550A
Jul 06 10:31:50 witherspoon kernel[947]: [    2.050000] 1e784000.serial: ttyS4 at MMIO 0x1e784000 (irq = 25, base_baud = 1500000) is a 16550A
Jul 06 10:31:50 witherspoon kernel[947]: [    2.400000] console [ttyS4] enabled
Jul 06 10:31:50 witherspoon kernel[947]: [    2.400000] 1e787000.vuart: ttyS2 at MMIO 0x1e787000 (irq = 22, base_baud = 1500000) is a 16550A
Jul 06 10:31:50 witherspoon kernel[947]: [    2.590000] timeriomem_rng 1e6e2078.hwrng: 32bits from 0xf00e2078 @ 1us
Jul 06 10:31:50 witherspoon kernel[947]: [    2.630000] brd: module loaded
Jul 06 10:31:50 witherspoon kernel[947]: [    2.650000] loop: module loaded
Jul 06 10:31:50 witherspoon kernel[947]: [    2.650000] aspeed-lpc-ctrl 1e789080.lpc-ctrl: Loaded at 0x98000000 (0x04000000)
Jul 06 10:31:50 witherspoon kernel[947]: [    2.650000] aspeed-smc 1e620000.flash-controller: Using IRQ 18
Jul 06 10:31:50 witherspoon kernel[947]: [    2.680000] aspeed-smc 1e620000.flash-controller: DMA support disabled.
Jul 06 10:31:50 witherspoon kernel[947]: [    2.680000] aspeed-smc 1e620000.flash-controller: mx25l25635e (32768 Kbytes)
Jul 06 10:31:50 witherspoon kernel[947]: [    2.680000] aspeed-smc 1e620000.flash-controller: CE0 window [ 0x20000000 - 0x22000000 ] 32MB
Jul 06 10:31:50 witherspoon kernel[947]: [    2.680000] aspeed-smc 1e620000.flash-controller: CE1 window [ 0x22000000 - 0x2a000000 ] 128MB
Jul 06 10:31:50 witherspoon kernel[947]: [    2.680000] 5 ofpart partitions found on MTD device bmc
Jul 06 10:31:50 witherspoon kernel[947]: [    2.720000] Creating 5 MTD partitions on "bmc":
Jul 06 10:31:58 witherspoon systemd[1]: Created slice system-dropbear.slice.
Jul 06 10:31:50 witherspoon kernel[947]: [    2.720000] 0x000000000000-0x000000060000 : "u-boot"
Jul 06 10:31:58 witherspoon systemd[1]: Started SSH Per-Connection Server (9.41.165.94:60744).
Jul 06 10:31:50 witherspoon kernel[947]: [    2.720000] 0x000000060000-0x000000080000 : "u-boot-env"
Jul 06 10:31:50 witherspoon kernel[947]: [    2.720000] 0x000000080000-0x0000004c0000 : "kernel"
Jul 06 10:31:50 witherspoon kernel[947]: [    2.720000] 0x0000004c0000-0x000001c00000 : "rofs"
Jul 06 10:31:50 witherspoon kernel[947]: [    2.760000] 0x000001c00000-0x000002000000 : "rwfs"
Jul 06 10:31:50 witherspoon kernel[947]: [    2.760000] aspeed-smc 1e620000.flash-controller: mx25l25635e (32768 Kbytes)
Jul 06 10:31:50 witherspoon kernel[947]: [    2.760000] aspeed-smc 1e620000.flash-controller: CE1 window [ 0x22000000 - 0x24000000 ] 32MB
Jul 06 10:31:50 witherspoon kernel[947]: [    2.760000] aspeed-smc 1e620000.flash-controller: CE2 window [ 0x24000000 - 0x2c000000 ] 128MB
Jul 06 10:31:50 witherspoon kernel[947]: [    2.760000] aspeed-smc 1e630000.flash-controller: mx66l1g45g (131072 Kbytes)
Jul 06 10:31:50 witherspoon kernel[947]: [    2.810000] aspeed-smc 1e630000.flash-controller: CE0 window resized to 120MB (AST2500 HW quirk)
Jul 06 10:31:50 witherspoon kernel[947]: [    2.810000] aspeed-smc 1e630000.flash-controller: CE0 window [ 0x30000000 - 0x37800000 ] 120MB
Jul 06 10:31:50 witherspoon kernel[947]: [    2.810000] aspeed-smc 1e630000.flash-controller: CE0 window too small for chip 128MB
Jul 06 10:31:50 witherspoon kernel[947]: [    2.810000] aspeed-smc 1e630000.flash-controller: CE1 window [ 0x37800000 - 0x38000000 ] 8MB
Jul 06 10:31:50 witherspoon kernel[947]: [    3.610000] libphy: Fixed MDIO Bus: probed
Jul 06 10:31:50 witherspoon kernel[947]: [    3.610000] ftgmac100 1e660000.ethernet: Read MAC address 70:e2:84:14:23:ae from chip
Jul 06 10:31:50 witherspoon kernel[947]: [    3.610000] ftgmac100 1e660000.ethernet: Using NCSI interface
Jul 06 10:31:50 witherspoon kernel[947]: [    3.610000] ftgmac100 1e660000.ethernet eth0: irq 20, mapped at f0060000
Jul 06 10:31:50 witherspoon kernel[947]: [    3.610000] ehci_hcd: USB 2.0 'Enhanced' Host Controller (EHCI) Driver
Jul 06 10:31:50 witherspoon kernel[947]: [    3.610000] ehci-platform: EHCI generic platform driver
Jul 06 10:31:50 witherspoon kernel[947]: [    3.810000]  fsi0: can't read slave 00:00 -5
Jul 06 10:31:50 witherspoon kernel[947]: [    3.810000] i2c /dev entries driver
Jul 06 10:31:50 witherspoon kernel[947]: [    3.810000] aspeed-i2c-bus 1e78a0c0.i2c-bus: i2c bus 2 registered, irq 26
Jul 06 10:31:50 witherspoon kernel[947]: [    3.810000] aspeed-i2c-bus 1e78a100.i2c-bus: i2c bus 3 registered, irq 27
Jul 06 10:31:50 witherspoon kernel[947]: [    3.810000] aspeed-i2c-bus 1e78a140.i2c-bus: i2c bus 4 registered, irq 28
Jul 06 10:31:50 witherspoon kernel[947]: [    3.810000] aspeed-i2c-bus 1e78a180.i2c-bus: i2c bus 5 registered, irq 29
Jul 06 10:31:50 witherspoon kernel[947]: [    3.810000] aspeed-i2c-bus 1e78a380.i2c-bus: i2c bus 9 registered, irq 30
Jul 06 10:31:50 witherspoon kernel[947]: [    3.810000] aspeed-i2c-bus 1e78a3c0.i2c-bus: i2c bus 10 registered, irq 31
Jul 06 10:31:50 witherspoon kernel[947]: [    3.810000] rtc-rv8803 11-0032: Voltage low, temperature compensation stopped.
Jul 06 10:31:50 witherspoon kernel[947]: [    3.910000] rtc-rv8803 11-0032: rtc core: registered rx8900 as rtc0
Jul 06 10:31:50 witherspoon kernel[947]: [    3.920000] at24 11-0051: 8192 byte 24c64 EEPROM, writable, 1 bytes/write
Jul 06 10:31:50 witherspoon kernel[947]: [    3.930000] aspeed-i2c-bus 1e78a400.i2c-bus: i2c bus 11 registered, irq 32
Jul 06 10:31:50 witherspoon kernel[947]: [    3.930000] aspeed-i2c-bus 1e78a440.i2c-bus: i2c bus 12 registered, irq 33
Jul 06 10:31:50 witherspoon kernel[947]: [    3.950000] aspeed-i2c-bus 1e78a480.i2c-bus: i2c bus 13 registered, irq 34
Jul 06 10:31:50 witherspoon kernel[947]: [    3.950000] Driver for 1-wire Dallas network protocol.
Jul 06 10:31:50 witherspoon kernel[947]: [    3.950000] lm75 9-004a: hwmon0: sensor 'tmp275'
Jul 06 10:31:50 witherspoon kernel[947]: [    3.990000] random: fast init done
Jul 06 10:31:50 witherspoon kernel[947]: [    3.990000] max31785: probe of 3-0052 failed with error 768
Jul 06 10:31:50 witherspoon kernel[947]: [    4.390000] ucd9000 11-0064: Device ID UCD90160|2.3.4.0000|110603
Jul 06 10:31:50 witherspoon kernel[947]: [    4.710000] leds-pca955x 11-0060: leds-pca955x: Using pca9552 16-bit LED driver at slave address 0x60
Jul 06 10:31:50 witherspoon kernel[947]: [    4.730000] leds-pca955x 11-0060: gpios 264...279
Jul 06 10:31:50 witherspoon kernel[947]: [    4.730000] usbcore: registered new interface driver usbhid
Jul 06 10:31:50 witherspoon kernel[947]: [    4.740000] usbhid: USB HID core driver
Jul 06 10:31:50 witherspoon kernel[947]: [    4.780000] dps310: probe of 3-0076 failed with error -5
Jul 06 10:31:50 witherspoon kernel[947]: [    4.780000] NET: Registered protocol family 10
Jul 06 10:31:50 witherspoon kernel[947]: [    4.790000] Segment Routing with IPv6
Jul 06 10:31:50 witherspoon kernel[947]: [    4.790000] NET: Registered protocol family 17
Jul 06 10:31:50 witherspoon kernel[947]: [    4.790000] console [netcon0] enabled
Jul 06 10:31:50 witherspoon kernel[947]: [    4.790000] netconsole: network logging started
Jul 06 10:31:50 witherspoon kernel[947]: [    4.810000] input: gpio-keys as /devices/platform/gpio-keys/input/input0
Jul 06 10:31:50 witherspoon kernel[947]: [    4.820000] rtc-rv8803 11-0032: setting system clock to 2017-07-06 10:31:17 UTC (1499337077)
Jul 06 10:31:50 witherspoon kernel[947]: [    4.830000] Freeing unused kernel memory: 280K
Jul 06 10:31:50 witherspoon kernel[947]: [    4.830000] This architecture does not have kernel memory protection.
Jul 06 10:31:50 witherspoon kernel[947]: [    6.380000] jffs2: notice: (513) jffs2_build_xattr_subsystem: complete building xattr subsystem, 0 of xdatum (0 unchecked, 0 orphan) and 0 of xref (0 dead, 0 orphan) found.
Jul 06 10:31:50 witherspoon kernel[947]: [    8.430000] systemd[1]: Failed to insert module 'autofs4': No such file or directory
Jul 06 10:31:50 witherspoon kernel[947]: [    8.630000] systemd[1]: systemd 232 running in system mode. (+PAM -AUDIT -SELINUX -IMA -APPARMOR -SMACK +SYSVINIT -UTMP -LIBCRYPTSETUP -GCRYPT -GNUTLS +ACL +XZ -LZ4 -SECCOMP +BLKID -ELFUTILS +KMOD -IDN)
Jul 06 10:31:50 witherspoon kernel[947]: [    8.630000] systemd[1]: Detected architecture arm.
Jul 06 10:31:50 witherspoon kernel[947]: [    8.850000] systemd[1]: Set hostname to <witherspoon>.
Jul 06 10:31:50 witherspoon kernel[947]: [   10.430000] systemd[1]: Listening on Journal Socket (/dev/log).
Jul 06 10:31:50 witherspoon kernel[947]: [   10.580000] systemd[1]: Started Dispatch Password Requests to Console Directory Watch.
Jul 06 10:31:50 witherspoon kernel[947]: [   10.740000] systemd[1]: Listening on Journal Socket.
Jul 06 10:31:50 witherspoon kernel[947]: [   10.900000] systemd[1]: Reached target Swap.
Jul 06 10:31:50 witherspoon kernel[947]: [   11.070000] systemd[1]: Listening on /dev/initctl Compatibility Named Pipe.
Jul 06 10:31:50 witherspoon kernel[947]: [   11.250000] systemd[1]: Listening on Network Service Netlink Socket.
Jul 06 10:31:50 witherspoon kernel[947]: [   11.430000] systemd[1]: Reached target Remote File Systems.
Jul 06 10:31:50 witherspoon kernel[947]: [   13.890000] systemd[1]: Created slice system-org.openbmc.control.Power.slice.
Jul 06 10:31:50 witherspoon kernel[947]: [   14.150000] systemd[1]: Created slice system-phosphor\x2dreset\x2dhost\x2dcheck.slice.
Jul 06 10:31:50 witherspoon kernel[947]: [   14.420000] systemd[1]: Created slice system-org.openbmc.control.Bmc.slice.
Jul 06 10:31:50 witherspoon kernel[947]: [   14.700000] systemd[1]: Created slice system-phosphor\x2ddiscover\x2dsystem\x2dstate.slice.
Jul 06 10:31:50 witherspoon kernel[947]: [   14.980000] systemd[1]: Starting Apply Kernel Variables...
Jul 06 10:31:50 witherspoon kernel[947]: [   15.270000] systemd[1]: Created slice system-org.openbmc.buttons.reset.slice.
Jul 06 10:31:50 witherspoon kernel[947]: [   15.570000] systemd[1]: Created slice system-phosphor\x2dreset\x2dhost\x2drunning.slice.
Jul 06 10:31:50 witherspoon kernel[947]: [   15.870000] systemd[1]: dev-hugepages.mount: Couldn't determine result for ConditionVirtualization=!private-users, assuming failed: No such file or directory
Jul 06 10:31:50 witherspoon kernel[947]: [   15.870000] systemd[1]: Created slice system-op\x2dreset\x2dchassis\x2don.slice.
Jul 06 10:31:50 witherspoon kernel[947]: [   16.180000] systemd[1]: Starting Journal Service...
Jul 06 10:31:50 witherspoon kernel[947]: [   18.900000] systemd[1]: Reached target Slices.
Jul 06 10:31:50 witherspoon kernel[947]: [   19.270000] systemd[1]: Mounting Temporary Directory...
Jul 06 10:31:50 witherspoon kernel[947]: [   19.650000] systemd[1]: Mounted Debug File System.
Jul 06 10:31:50 witherspoon kernel[947]: [   20.030000] systemd[1]: Mounted Temporary Directory.
Jul 06 10:31:50 witherspoon kernel[947]: [   20.420000] systemd[1]: Started Journal Service.
Jul 06 10:31:50 witherspoon kernel[947]: [   22.050000] systemd-journald[635]: Received request to flush runtime journal from PID 1
Jul 06 10:31:50 witherspoon kernel[947]: [   35.450000] random: crng init done
Jul 06 10:31:52 witherspoon kernel[947]: [   40.170000] ftgmac100 1e660000.ethernet eth0: NCSI interface up
Jul 06 10:31:54 witherspoon avahi-daemon[950]: Found user 'avahi' (UID 998) and group 'avahi' (GID 997).
Jul 06 10:31:54 witherspoon avahi-daemon[950]: Successfully dropped root privileges.
Jul 06 10:31:54 witherspoon avahi-daemon[950]: avahi-daemon 0.6.32 starting up.
Jul 06 10:31:54 witherspoon avahi-daemon[950]: Successfully called chroot().
Jul 06 10:31:54 witherspoon avahi-daemon[950]: Successfully dropped remaining capabilities.
Jul 06 10:31:54 witherspoon avahi-daemon[950]: Loading service file /services/obmc_console.service.
Jul 06 10:31:54 witherspoon avahi-daemon[950]: Loading service file /services/phosphor_rest.service.
Jul 06 10:31:54 witherspoon avahi-daemon[950]: Loading service file /services/sftp-ssh.service.
Jul 06 10:31:54 witherspoon avahi-daemon[950]: Loading service file /services/sftp.service.
Jul 06 10:31:54 witherspoon avahi-daemon[950]: Loading service file /services/ssh.service.
Jul 06 10:31:54 witherspoon avahi-daemon[950]: Joining mDNS multicast group on interface eth0.IPv6 with address fe80::72e2:84ff:fe14:23ae.
Jul 06 10:31:54 witherspoon avahi-daemon[950]: New relevant interface eth0.IPv6 for mDNS.
Jul 06 10:31:54 witherspoon avahi-daemon[950]: Joining mDNS multicast group on interface eth0.IPv4 with address 9.3.185.224.
Jul 06 10:31:54 witherspoon avahi-daemon[950]: New relevant interface eth0.IPv4 for mDNS.
Jul 06 10:31:54 witherspoon avahi-daemon[950]: Network interface enumeration completed.
Jul 06 10:31:54 witherspoon avahi-daemon[950]: Registering new address record for fe80::72e2:84ff:fe14:23ae on eth0.*.
Jul 06 10:31:54 witherspoon avahi-daemon[950]: Registering new address record for 9.3.185.224 on eth0.IPv4.
Jul 06 10:31:55 witherspoon avahi-daemon[950]: Server startup complete. Host name is witherspoon.local. Local service cookie is 2423647812.
Jul 06 10:32:03 witherspoon systemd-networkd[925]: eth0: Configured
Jul 06 10:31:56 witherspoon avahi-daemon[950]: Service "witherspoon" (/services/ssh.service) successfully established.
Jul 06 10:32:03 witherspoon systemd-timesyncd[888]: Network configuration changed, trying to establish connection.
Jul 06 10:31:56 witherspoon avahi-daemon[950]: Service "sftp" (/services/sftp.service) successfully established.
Jul 06 10:31:56 witherspoon avahi-daemon[950]: Service "witherspoon" (/services/sftp-ssh.service) successfully established.
Jul 06 10:31:56 witherspoon avahi-daemon[950]: Service "phosphor_rest" (/services/phosphor_rest.service) successfully established.
Jul 06 10:31:56 witherspoon avahi-daemon[950]: Service "obmc_console" (/services/obmc_console.service) successfully established.
Jul 06 10:31:58 witherspoon dropbear[974]: Failed loading /etc/dropbear/dropbear_dss_host_key
Jul 06 10:31:58 witherspoon dropbear[974]: Failed loading /etc/dropbear/dropbear_ecdsa_host_key
Jul 06 10:31:58 witherspoon dropbear[974]: Child connection from ::ffff:9.41.165.94:60744
Jul 06 10:32:06 witherspoon dropbear[974]: PAM password auth succeeded for 'root' from ::ffff:9.41.165.94:60744
Jul 06 10:32:06 witherspoon dropbear[975]: lastlog_perform_login: Couldn't stat /var/log/lastlog: No such file or directory
Jul 06 10:32:06 witherspoon dropbear[975]: lastlog_openseek: /var/log/lastlog is not a file or directory!
Jul 06 10:32:12 witherspoon systemd[1]: Started Phosphor Download Manager.
Jul 06 10:32:12 witherspoon download_manager.py[949]: Running Download Manager
Jul 06 10:32:12 witherspoon systemd[1]: Started Phosphor Chassis0 Control.
Jul 06 10:32:12 witherspoon chassis_control.py[943]: Running ChassisControlService
Jul 06 10:32:14 witherspoon sensor_manager2.py[953]: Setting boot count to 3
Jul 06 10:32:14 witherspoon sensor_manager2.py[953]: Deleting OCC device
Jul 06 10:32:14 witherspoon sensor_manager2.py[953]: sh: /sys/class/i2c-adapter/i2c-3/3-0050/online: No such file or directory
Jul 06 10:32:14 witherspoon sensor_manager2.py[953]: Deleting OCC device
Jul 06 10:32:14 witherspoon sensor_manager2.py[953]: sh: /sys/class/i2c-adapter/i2c-3/3-0050/online: No such file or directory
Jul 06 10:32:14 witherspoon systemd[1]: Started Phosphor Sensor Manager.
Jul 06 10:32:14 witherspoon sensor_manager2.py[953]: Starting sensor manager
Jul 06 10:32:15 witherspoon phosphor-mapper[934]: ObjectMapper startup complete.  Discovery in progress...
Jul 06 10:32:16 witherspoon avahi-daemon[965]: ../../avahi-0.6.32/avahi-daemon/chroot.c: open() failed: No such file or directory
Jul 06 10:32:16 witherspoon avahi-daemon[950]: Failed to open /usr/share/dbus-1/interfaces/org.freedesktop.Avahi.Server.xml: Invalid argument
Jul 06 10:32:16 witherspoon avahi-daemon[950]: Failed to load introspection data.
Jul 06 10:32:16 witherspoon systemd[1]: Started Phosphor User Manager.
Jul 06 10:32:16 witherspoon obmc-phosphor-userd[938]: Started
Jul 06 10:32:19 witherspoon inventory_items.py[926]: Loading from cache: /var/cache/obmc/org.openbmc.inventory.system.chassis.motherboard.apss@org.openbmc.InventoryItem.props
Jul 06 10:32:19 witherspoon inventory_items.py[926]: Loading from cache: /var/cache/obmc/org.openbmc.inventory.system.chassis.motherboard@org.openbmc.InventoryItem.props
Jul 06 10:32:19 witherspoon inventory_items.py[926]: Loading from cache: /var/cache/obmc/org.openbmc.inventory.system.chassis.motherboard.refclock@org.openbmc.InventoryItem.props
Jul 06 10:32:19 witherspoon inventory_items.py[926]: Loading from cache: /var/cache/obmc/org.openbmc.inventory.system.chassis.motherboard.todclock@org.openbmc.InventoryItem.props
Jul 06 10:32:19 witherspoon inventory_items.py[926]: Loading from cache: /var/cache/obmc/org.openbmc.inventory.system.chassis.motherboard.bmc@org.openbmc.InventoryItem.props
Jul 06 10:32:19 witherspoon inventory_items.py[926]: Caching: /org/openbmc/inventory/system/chassis/motherboard/bmc
Jul 06 10:32:19 witherspoon inventory_items.py[926]: Loading from cache: /var/cache/obmc/org.openbmc.inventory.system.chassis.motherboard.membuf0@org.openbmc.InventoryItem.props
Jul 06 10:32:19 witherspoon inventory_items.py[926]: Loading from cache: /var/cache/obmc/org.openbmc.inventory.system.chassis.motherboard.pcieclock@org.openbmc.InventoryItem.props
Jul 06 10:32:19 witherspoon inventory_items.py[926]: Loading from cache: /var/cache/obmc/org.openbmc.inventory.system.chassis.motherboard.cpu0.core11@org.openbmc.InventoryItem.props
Jul 06 10:32:19 witherspoon inventory_items.py[926]: Running Inventory Manager
Jul 06 10:32:19 witherspoon systemd[1]: Started Phosphor Inventory Manager.
Jul 06 10:32:19 witherspoon netman.py[936]: Started
Jul 06 10:32:19 witherspoon systemd[1]: Started Phosphor Network Manager.
Jul 06 10:32:29 witherspoon phosphor-mapper[934]: ObjectMapper discovery complete
Jul 06 10:32:29 witherspoon systemd[1]: Started Phosphor DBus Service Discovery Manager.
Jul 06 10:32:29 witherspoon systemd[1]: Reached target Phosphor Object Mapper.
Jul 06 10:32:29 witherspoon systemd[1]: Starting Wait for /org/openbmc/control/flash/bios...
Jul 06 10:32:29 witherspoon systemd[1]: Starting Wait for /org/openbmc/sensors...
Jul 06 10:32:29 witherspoon systemd[1]: Starting Wait for /xyz/openbmc_project/control/host0...
Jul 06 10:32:29 witherspoon systemd[1]: Started Phosphor DBus Monitor.
Jul 06 10:32:29 witherspoon systemd[1]: Starting Wait for /xyz/openbmc_project/led/groups...
Jul 06 10:32:29 witherspoon systemd[1]: Reached target Webserver (pre).
Jul 06 10:32:29 witherspoon systemd[1]: Started Phosphor Webserver.
Jul 06 10:32:29 witherspoon systemd[1]: Starting Wait for /xyz/openbmc_project/inventory...
Jul 06 10:32:29 witherspoon systemd[1]: Starting Phoshpor System Manager...
Jul 06 10:32:29 witherspoon systemd[1]: Starting Wait for /org/openbmc/control/power0...
Jul 06 10:32:29 witherspoon systemd[1]: Starting Wait for /org/openbmc/control/bmc0...
Jul 06 10:32:29 witherspoon systemd[1]: Starting Phosphor Settings Manager...
Jul 06 10:32:29 witherspoon systemd[1]: Starting Wait for /org/openbmc/managers/Download...
Jul 06 10:32:29 witherspoon systemd[1]: Starting Wait for /xyz/openbmc_project/led/groups/bmc_booted...
Jul 06 10:32:29 witherspoon systemd[1]: Starting Wait for /xyz/openbmc_project/state/host0...
Jul 06 10:32:29 witherspoon systemd[1]: Starting Wait for /org/openbmc/managers/System...
Jul 06 10:32:29 witherspoon systemd[1]: Starting Wait for /xyz/openbmc_project/state/chassis0...
Jul 06 10:32:29 witherspoon systemd[1]: Starting Wait for /org/openbmc/NetworkManager/Interface...
Jul 06 10:32:32 witherspoon systemd[1]: Started Wait for /org/openbmc/NetworkManager/Interface.
Jul 06 10:32:32 witherspoon systemd[1]: Started Phosphor DNS Settings Cache Manager.
Jul 06 10:32:33 witherspoon systemd[1]: Started Wait for /xyz/openbmc_project/led/groups/bmc_booted.
Jul 06 10:32:33 witherspoon systemd[1]: Starting Assert bmc_booted LED...
Jul 06 10:32:33 witherspoon systemd[1]: Started Wait for /org/openbmc/managers/Download.
Jul 06 10:32:33 witherspoon systemd[1]: Starting Phosphor BIOS Code Update...
Jul 06 10:32:33 witherspoon systemd[1]: Started Wait for /org/openbmc/control/bmc0.
Jul 06 10:32:33 witherspoon systemd[1]: Starting Phosphor BMC Code Update...
Jul 06 10:32:33 witherspoon systemd[1]: Started Wait for /xyz/openbmc_project/inventory.
Jul 06 10:32:35 witherspoon systemd[1]: Started Phosphor Cooling Type.
Jul 06 10:32:35 witherspoon systemd[1]: Starting OpenPOWER OCC controller...
Jul 06 10:32:35 witherspoon systemd[1]: Starting Read OpenPOWER-format VPD from EEPROM...
Jul 06 10:32:35 witherspoon systemd[1]: Started Wait for /org/openbmc/sensors.
Jul 06 10:32:35 witherspoon systemd[1]: Started Wait for /xyz/openbmc_project/led/groups.
Jul 06 10:32:35 witherspoon systemd[1]: Started FRU Fault monitor service.
Jul 06 10:32:35 witherspoon systemd[1]: Started Phosphor Hwmon Poller.
Jul 06 10:32:35 witherspoon systemd[1]: Started Assert bmc_booted LED.
Jul 06 10:32:36 witherspoon systemd[1]: Started Phosphor BIOS Code Update.
Jul 06 10:32:37 witherspoon openpower-read-vpd[1016]: VHDR record not found
Jul 06 10:32:36 witherspoon systemd[1]: Started Read OpenPOWER-format VPD from EEPROM.
Jul 06 10:32:37 witherspoon systemd[1]: Started OpenPOWER OCC controller.
Jul 06 10:32:42 witherspoon systemd[1]: Started Wait for /org/openbmc/control/flash/bios.
Jul 06 10:32:42 witherspoon systemd[1]: Started Initialize BIOS Flash.
Jul 06 10:32:47 witherspoon flash_bios.exe[1003]: Starting flasher: bios,,/org/openbmc/control/flash/bios,
Jul 06 10:32:47 witherspoon flash_bios.exe[1003]: flasher: , BMC = 1, address = 0x0
Jul 06 10:32:47 witherspoon flash_bios.exe[1003]: Setting up flash
Jul 06 10:32:47 witherspoon flash_bios.exe[1003]: Starting flasher: bios,,/org/openbmc/control/flash/bios,
Jul 06 10:32:47 witherspoon flash_bios.exe[1003]: flasher: , BMC = 1, address = 0x0
Jul 06 10:32:47 witherspoon flash_bios.exe[1003]: Setting up flash
Jul 06 10:32:47 witherspoon hwmon.py[1018]: Starting HWMON sensors
Jul 06 10:32:47 witherspoon system_manager.py[990]: Running System State: BASE_APPS
Jul 06 10:32:48 witherspoon system_manager.py[990]: SystemManager Init Done
Jul 06 10:32:48 witherspoon system_manager.py[990]: Running SystemManager
Jul 06 10:32:48 witherspoon systemd[1]: Started Phoshpor System Manager.
Jul 06 10:32:48 witherspoon system_manager.py[990]: SystemManager Goto System State: BMC_STARTING
Jul 06 10:32:48 witherspoon system_manager.py[990]: Running System State: BMC_STARTING
Jul 06 10:32:48 witherspoon systemd[1]: Started Phosphor BMC Code Update.
Jul 06 10:32:48 witherspoon bmc_update.py[1004]: Running Bmc Flash Control
Jul 06 10:32:49 witherspoon settings_manager.py[993]: Running HostSettingsService
Jul 06 10:32:49 witherspoon systemd[1]: Started Phosphor Settings Manager.
Jul 06 10:32:49 witherspoon systemd[1]: Starting Wait for /org/openbmc/settings/host0...
Jul 06 10:32:49 witherspoon systemd[1]: Started Wait for /org/openbmc/managers/System.
Jul 06 10:32:49 witherspoon systemd[1]: Starting Phosphor Power0 Control...
Jul 06 10:32:49 witherspoon systemd[1]: Starting Phosphor Chassis State Manager...
Jul 06 10:32:49 witherspoon systemd[1]: Starting Phosphor Reset Button0...
Jul 06 10:32:49 witherspoon systemd[1]: Starting Phosphor Host State Manager...
Jul 06 10:32:49 witherspoon systemd[1]: Starting Phosphor Power Button0...
Jul 06 10:32:49 witherspoon systemd[1]: Starting Phosphor BMC State Manager...
Jul 06 10:32:50 witherspoon phosphor-bmc-state-manager[1044]: Setting the BMCState field
Jul 06 10:32:50 witherspoon phosphor-bmc-state-manager[1044]: Setting the BMCState field
Jul 06 10:32:50 witherspoon systemd[1]: Started Phosphor BMC State Manager.
Jul 06 10:32:50 witherspoon system_manager.py[990]: New object: /org/openbmc/control/power0 (:1.61)
Jul 06 10:32:50 witherspoon phosphor-chassis-state-manager[1040]: Initial Chassis State will be Off
Jul 06 10:32:50 witherspoon systemd[1]: Started Phosphor Chassis State Manager.
Jul 06 10:32:50 witherspoon phosphor-host-state-manager[1042]: Initial Host State will be Off
Jul 06 10:32:50 witherspoon systemd[1]: Started Phosphor Host State Manager.
Jul 06 10:32:50 witherspoon system_manager.py[990]: Power GPIO config: ['SYS_PWROK_BUFF', '', [('SOFTWARE_PGOOD', True), ('BMC_POWER_UP', True)], [('BMC_CP0_RESET_N', False)], [], 'FSI_DATA', 'FSI_CLK', 'FSI_ENABLE', 'CRONUS_SEL', []]
Jul 06 10:32:50 witherspoon button_reset.exe[1041]: GPIO Lookup:  RESET_BUTTON = 353,both
Jul 06 10:32:50 witherspoon systemd[1]: Started Phosphor Reset Button0.
Jul 06 10:32:51 witherspoon button_power.exe[1043]: GPIO Lookup:  POWER_BUTTON = 347,both
Jul 06 10:32:51 witherspoon systemd[1]: Started Phosphor Power Button0.
Jul 06 10:32:51 witherspoon power_control.exe[1038]: Power GPIO latch output:
Jul 06 10:32:51 witherspoon power_control.exe[1038]: Power GPIO power good input: SYS_PWROK_BUFF
Jul 06 10:32:51 witherspoon power_control.exe[1038]: Power GPIO 2 power_up outputs
Jul 06 10:32:51 witherspoon power_control.exe[1038]: Power GPIO power_up[0] = SOFTWARE_PGOOD active HIGH
Jul 06 10:32:51 witherspoon power_control.exe[1038]: Power GPIO power_up[1] = BMC_POWER_UP active HIGH
Jul 06 10:32:51 witherspoon power_control.exe[1038]: Power GPIO 1 reset outputs
Jul 06 10:32:51 witherspoon power_control.exe[1038]: Power GPIO reset[0] = BMC_CP0_RESET_N active LOW
Jul 06 10:32:51 witherspoon power_control.exe[1038]: Power GPIO 0 pci reset outputs
Jul 06 10:32:51 witherspoon power_control.exe[1038]: FSI DATA GPIO: FSI_DATA
Jul 06 10:32:51 witherspoon power_control.exe[1038]: FSI CLK GPIO: FSI_CLK
Jul 06 10:32:51 witherspoon power_control.exe[1038]: FSI ENABLE GPIO: FSI_ENABLE
Jul 06 10:32:51 witherspoon power_control.exe[1038]: CRONUS SEL GPIO: CRONUS_SEL
Jul 06 10:32:51 witherspoon power_control.exe[1038]: Hostctl GPIO optionals: 0
Jul 06 10:32:51 witherspoon power_control.exe[1038]: GPIO Lookup:  SYS_PWROK_BUFF = 306,in
Jul 06 10:32:51 witherspoon power_control.exe[1038]: GPIO Lookup:  SOFTWARE_PGOOD = 417,out
Jul 06 10:32:52 witherspoon power_control.exe[1038]: GPIO Lookup:  BMC_POWER_UP = 305,out
Jul 06 10:32:52 witherspoon power_control.exe[1038]: GPIO Lookup:  BMC_CP0_RESET_N = 281,out
Jul 06 10:32:52 witherspoon power_control.exe[1038]: Pgood state: 0
Jul 06 10:32:52 witherspoon systemd[1]: Started Phosphor Power0 Control.
Jul 06 10:32:56 witherspoon systemd[1]: Started Wait for /org/openbmc/settings/host0.
Jul 06 10:32:56 witherspoon systemd[1]: Started Phosphor Inband IPMI.
Jul 06 10:32:57 witherspoon system_manager.py[990]: SystemManager Goto System State: BMC_READY
Jul 06 10:32:57 witherspoon system_manager.py[990]: Running System State: BMC_READY
Jul 06 10:32:57 witherspoon systemd[1]: Started Wait for /org/openbmc/control/power0.
Jul 06 10:32:57 witherspoon systemd[1]: Starting Phosphor Time Manager daemon...
Jul 06 10:32:57 witherspoon systemd[1]: Starting Check Chassis0 pgood and create a file to indicate it...
Jul 06 10:32:58 witherspoon timemanager[1067]: Registering dbus methods
Jul 06 10:32:58 witherspoon timemanager[1067]: Last known time_mode: NTP
Jul 06 10:32:58 witherspoon timemanager[1067]: Last known time_owner: BMC
Jul 06 10:32:58 witherspoon timemanager[1067]: Empty DhcpNtp string
Jul 06 10:32:58 witherspoon timemanager[1067]: Reading Power Control key: pgood
Jul 06 10:32:58 witherspoon systemd[1]: Started Wait for /xyz/openbmc_project/state/host0.
Jul 06 10:32:58 witherspoon systemd[1]: Started Wait for /xyz/openbmc_project/state/chassis0.
Jul 06 10:32:58 witherspoon systemd[1]: Starting Reboot If Enabled...
Jul 06 10:32:59 witherspoon timemanager[1067]: Changing settings *allowed* now
Jul 06 10:32:59 witherspoon timemanager[1067]: Getting System Settings: time_mode
Jul 06 10:32:59 witherspoon timemanager[1067]: Requested_Mode: NTP Current_Mode: NTP
Jul 06 10:32:59 witherspoon timemanager[1067]: Mode is already set to : NTP
Jul 06 10:32:59 witherspoon timemanager[1067]: Getting System Settings: time_owner
Jul 06 10:32:59 witherspoon phosphor-discover-system-state[1077]: Host power is off, checking power policy
Jul 06 10:32:59 witherspoon systemd[1]: Started Reboot If Enabled.
Jul 06 10:32:59 witherspoon timemanager[1067]: Owner is already set to : BMC
Jul 06 10:32:59 witherspoon timemanager[1067]: Getting System Settings: use_dhcp_ntp
Jul 06 10:33:00 witherspoon systemd[1]: Started Check Chassis0 pgood and create a file to indicate it.
Jul 06 10:33:00 witherspoon systemd[1]: Reached target Chassis0 power on after reset.
Jul 06 10:33:00 witherspoon systemd[1]: Reached target Chassis0 (Reset Check).
Jul 06 10:33:00 witherspoon timemanager[1067]: use_dhcp_ntp = yes
Jul 06 10:33:00 witherspoon timemanager[1067]: Last known host_offset:0
Jul 06 10:33:00 witherspoon timemanager[1067]: Initial Uptime Usec: 1499337072671112
Jul 06 10:33:00 witherspoon systemd[1]: Started Phosphor Time Manager daemon.
Jul 06 10:33:01 witherspoon systemd[1]: Started Wait for /xyz/openbmc_project/control/host0.
Jul 06 10:33:01 witherspoon systemd[1]: Reached target Host0 running after reset.
Jul 06 10:33:01 witherspoon systemd[1]: Reached target Host0 (Reset Check).
Jul 06 10:33:01 witherspoon systemd[1]: Reached target Phosphor System - Standby.
Jul 06 10:33:01 witherspoon systemd[1]: Startup finished in 8.366s (kernel) + 1min 40.605s (userspace) = 1min 48.972s.
Jul 06 10:33:01 witherspoon phosphor-bmc-state-manager[1044]: BMC_READY
Jul 06 10:33:01 witherspoon phosphor-bmc-state-manager[1044]: Setting the BMCState field
Jul 06 10:33:08 witherspoon phosphor-gevent[988]: Traceback (most recent call last):
Jul 06 10:33:08 witherspoon phosphor-gevent[988]:   File "/usr/lib/python2.7/site-packages/gevent/greenlet.py", line 327, in run
Jul 06 10:33:08 witherspoon phosphor-gevent[988]:     result = self._run(*self.args, **self.kwargs)
Jul 06 10:33:08 witherspoon phosphor-gevent[988]:   File "/usr/lib/python2.7/site-packages/gevent/server.py", line 102, in wrap_socket_and_handle
Jul 06 10:33:08 witherspoon phosphor-gevent[988]:     ssl_socket = self.wrap_socket(client_socket, **self.ssl_args)
Jul 06 10:33:08 witherspoon phosphor-gevent[988]:   File "/usr/lib/python2.7/site-packages/gevent/ssl.py", line 404, in wrap_socket
Jul 06 10:33:08 witherspoon phosphor-gevent[988]:     ciphers=ciphers)
Jul 06 10:33:08 witherspoon phosphor-gevent[988]:   File "/usr/lib/python2.7/site-packages/gevent/ssl.py", line 113, in __init__
Jul 06 10:33:08 witherspoon phosphor-gevent[988]:     self.do_handshake()
Jul 06 10:33:08 witherspoon phosphor-gevent[988]:   File "/usr/lib/python2.7/site-packages/gevent/ssl.py", line 324, in do_handshake
Jul 06 10:33:08 witherspoon phosphor-gevent[988]:     return self._sslobj.do_handshake()
Jul 06 10:33:08 witherspoon phosphor-gevent[988]: SSLEOFError: EOF occurred in violation of protocol (_ssl.c:590)
Jul 06 10:33:08 witherspoon phosphor-gevent[988]: <Greenlet at 0x75fbf300: <bound method WSGIServer.wrap_socket_and_handle of <WSGIServer at 0x75f9a8b0 fileno=5 address=('::34b2:ea76:b08d:6076%1986039200', 443, 0, 1986039200)>>(<socket at 0x75e6e2d0 fileno=9>, ('::6099:5e76:8e91:f402%1995021084', 58364, 0, 199)> failed with SSLEOFError
Jul 06 10:33:08 witherspoon phosphor-gevent[988]: Traceback (most recent call last):
Jul 06 10:33:08 witherspoon phosphor-gevent[988]:   File "/usr/lib/python2.7/site-packages/gevent/greenlet.py", line 327, in run
Jul 06 10:33:08 witherspoon phosphor-gevent[988]:     result = self._run(*self.args, **self.kwargs)
Jul 06 10:33:08 witherspoon phosphor-gevent[988]:   File "/usr/lib/python2.7/site-packages/gevent/server.py", line 102, in wrap_socket_and_handle
Jul 06 10:33:08 witherspoon phosphor-gevent[988]:     ssl_socket = self.wrap_socket(client_socket, **self.ssl_args)
Jul 06 10:33:08 witherspoon phosphor-gevent[988]:   File "/usr/lib/python2.7/site-packages/gevent/ssl.py", line 404, in wrap_socket
Jul 06 10:33:08 witherspoon phosphor-gevent[988]:     ciphers=ciphers)
Jul 06 10:33:08 witherspoon phosphor-gevent[988]:   File "/usr/lib/python2.7/site-packages/gevent/ssl.py", line 113, in __init__
Jul 06 10:33:08 witherspoon phosphor-gevent[988]:     self.do_handshake()
Jul 06 10:33:08 witherspoon phosphor-gevent[988]:   File "/usr/lib/python2.7/site-packages/gevent/ssl.py", line 324, in do_handshake
Jul 06 10:33:08 witherspoon phosphor-gevent[988]:     return self._sslobj.do_handshake()
Jul 06 10:33:08 witherspoon phosphor-gevent[988]: SSLEOFError: EOF occurred in violation of protocol (_ssl.c:590)
Jul 06 10:33:08 witherspoon phosphor-gevent[988]: <Greenlet at 0x75fbf5d0: <bound method WSGIServer.wrap_socket_and_handle of <WSGIServer at 0x75f9a8b0 fileno=5 address=('::34b2:ea76:b08d:6076%1986039200', 443, 0, 1986039200)>>(<socket at 0x75e6e270 fileno=10>, ('::6099:5e76:8e91:f402%1995021084', 58366, 0, 199)> failed with SSLEOFError
Jul 06 10:33:09 witherspoon phosphor-gevent[988]: Traceback (most recent call last):
Jul 06 10:33:09 witherspoon phosphor-gevent[988]:   File "/usr/lib/python2.7/site-packages/gevent/greenlet.py", line 327, in run
Jul 06 10:33:09 witherspoon phosphor-gevent[988]:     result = self._run(*self.args, **self.kwargs)
Jul 06 10:33:09 witherspoon phosphor-gevent[988]:   File "/usr/lib/python2.7/site-packages/gevent/server.py", line 102, in wrap_socket_and_handle
Jul 06 10:33:09 witherspoon phosphor-gevent[988]:     ssl_socket = self.wrap_socket(client_socket, **self.ssl_args)
Jul 06 10:33:09 witherspoon phosphor-gevent[988]:   File "/usr/lib/python2.7/site-packages/gevent/ssl.py", line 404, in wrap_socket
Jul 06 10:33:09 witherspoon phosphor-gevent[988]:     ciphers=ciphers)
Jul 06 10:33:09 witherspoon phosphor-gevent[988]:   File "/usr/lib/python2.7/site-packages/gevent/ssl.py", line 113, in __init__
Jul 06 10:33:09 witherspoon phosphor-gevent[988]:     self.do_handshake()
Jul 06 10:33:09 witherspoon phosphor-gevent[988]:   File "/usr/lib/python2.7/site-packages/gevent/ssl.py", line 324, in do_handshake
Jul 06 10:33:09 witherspoon phosphor-gevent[988]:     return self._sslobj.do_handshake()
Jul 06 10:33:09 witherspoon phosphor-gevent[988]: SSLEOFError: EOF occurred in violation of protocol (_ssl.c:590)
Jul 06 10:33:09 witherspoon phosphor-gevent[988]: <Greenlet at 0x75fbf2b0: <bound method WSGIServer.wrap_socket_and_handle of <WSGIServer at 0x75f9a8b0 fileno=5 address=('::34b2:ea76:b08d:6076%1986039200', 443, 0, 1986039200)>>(<socket at 0x75e6e310 fileno=11>, ('::6099:5e76:8e91:f402%1995021084', 58368, 0, 199)> failed with SSLEOFError
Jul 06 10:33:20 witherspoon phosphor-gevent[988]: ::6099:5e76:8e91:f402%1995021084 - - [2017-07-06 10:33:20] "POST /login HTTP/1.1" 200 320 0.045149
Jul 06 10:33:20 witherspoon phosphor-gevent[988]: ::6099:5e76:8e91:f402%1995021084 - - [2017-07-06 10:33:20] "GET /xyz/openbmc_project/state/chassis0//attr/CurrentPowerState HTTP/1.1" 200 216 0.058496
Jul 06 10:33:20 witherspoon phosphor-gevent[988]: ::6099:5e76:8e91:f402%1995021084 - - [2017-07-06 10:33:20] "POST /login HTTP/1.1" 200 320 0.049626
Jul 06 10:33:20 witherspoon phosphor-gevent[988]: ::6099:5e76:8e91:f402%1995021084 - - [2017-07-06 10:33:20] "GET /xyz/openbmc_project/state/chassis0//attr/CurrentPowerState HTTP/1.1" 200 216 0.067911
Jul 06 10:33:20 witherspoon phosphor-gevent[988]: ::6099:5e76:8e91:f402%1995021084 - - [2017-07-06 10:33:20] "POST /login HTTP/1.1" 200 320 0.034565
Jul 06 10:33:21 witherspoon phosphor-gevent[988]: ::6099:5e76:8e91:f402%1995021084 - - [2017-07-06 10:33:21] "GET /org/openbmc/sensors/host/BootProgress/attr/value HTTP/1.1" 200 170 0.076417
Jul 06 10:33:21 witherspoon phosphor-gevent[988]: ::6099:5e76:8e91:f402%1995021084 - - [2017-07-06 10:33:21] "POST /login HTTP/1.1" 200 320 0.033152
Jul 06 10:33:21 witherspoon phosphor-gevent[988]: ::6099:5e76:8e91:f402%1995021084 - - [2017-07-06 10:33:21] "GET /xyz/openbmc_project/state/host0//attr/CurrentHostState HTTP/1.1" 200 212 0.050194
Jul 06 10:33:21 witherspoon phosphor-gevent[988]: ::6099:5e76:8e91:f402%1995021084 - - [2017-07-06 10:33:21] "POST /login HTTP/1.1" 200 320 0.033174
Jul 06 10:33:21 witherspoon phosphor-gevent[988]: ::6099:5e76:8e91:f402%1995021084 - - [2017-07-06 10:33:21] "GET /xyz/openbmc_project/logging/entry/list HTTP/1.1" 404 311 0.030495
Jul 06 10:33:21 witherspoon dropbear[974]: Exit (root): Error reading: Connection reset by peer
Jul 06 10:33:21 witherspoon systemd[1]: Started SSH Per-Connection Server (9.41.165.94:60762).
Jul 06 10:33:21 witherspoon dropbear[1089]: Failed loading /etc/dropbear/dropbear_dss_host_key
Jul 06 10:33:21 witherspoon dropbear[1089]: Failed loading /etc/dropbear/dropbear_ecdsa_host_key
Jul 06 10:33:21 witherspoon dropbear[1089]: Child connection from ::ffff:9.41.165.94:60762
Jul 06 10:33:21 witherspoon avahi-daemon[950]: Withdrawing address record for fe80::72e2:84ff:fe14:23ae on eth0.
Jul 06 10:33:21 witherspoon avahi-daemon[950]: Host name conflict, retrying with witherspoon-2
Jul 06 10:33:21 witherspoon avahi-daemon[950]: Registering new address record for fe80::72e2:84ff:fe14:23ae on eth0.*.
Jul 06 10:33:21 witherspoon avahi-daemon[950]: Registering new address record for 9.3.185.224 on eth0.IPv4.
Jul 06 10:33:22 witherspoon avahi-daemon[950]: Withdrawing address record for 9.3.185.224 on eth0.
Jul 06 10:33:22 witherspoon avahi-daemon[950]: Host name conflict, retrying with witherspoon-3
Jul 06 10:33:22 witherspoon avahi-daemon[950]: Registering new address record for fe80::72e2:84ff:fe14:23ae on eth0.*.
Jul 06 10:33:22 witherspoon avahi-daemon[950]: Registering new address record for 9.3.185.224 on eth0.IPv4.
Jul 06 10:33:22 witherspoon dropbear[1089]: PAM password auth succeeded for 'root' from ::ffff:9.41.165.94:60762
Jul 06 10:33:22 witherspoon dropbear[1090]: lastlog_perform_login: Couldn't stat /var/log/lastlog: No such file or directory
Jul 06 10:33:22 witherspoon dropbear[1090]: lastlog_openseek: /var/log/lastlog is not a file or directory!
Jul 06 10:33:23 witherspoon avahi-daemon[950]: Withdrawing address record for 9.3.185.224 on eth0.
Jul 06 10:33:23 witherspoon avahi-daemon[950]: Host name conflict, retrying with witherspoon-4
Jul 06 10:33:23 witherspoon avahi-daemon[950]: Registering new address record for fe80::72e2:84ff:fe14:23ae on eth0.*.
Jul 06 10:33:23 witherspoon avahi-daemon[950]: Registering new address record for 9.3.185.224 on eth0.IPv4.
Jul 06 10:33:23 witherspoon phosphor-gevent[988]: ::6099:5e76:8e91:f402%1995021084 - - [2017-07-06 10:33:23] "POST /login HTTP/1.1" 200 320 0.032927
Jul 06 10:33:24 witherspoon phosphor-gevent[988]: ::6099:5e76:8e91:f402%1995021084 - - [2017-07-06 10:33:24] "GET /xyz/openbmc_project/state/host0//attr/CurrentHostState HTTP/1.1" 200 212 0.050615
Jul 06 10:33:24 witherspoon dropbear[1089]: Exit (root): Exited normally
Jul 06 10:33:24 witherspoon avahi-daemon[950]: Server startup complete. Host name is witherspoon-4.local. Local service cookie is 2423647812.
Jul 06 10:33:24 witherspoon avahi-daemon[950]: Service name conflict for "sftp" (/services/sftp.service), retrying with "sftp #2".
Jul 06 10:33:24 witherspoon avahi-daemon[950]: Service name conflict for "obmc_console" (/services/obmc_console.service), retrying with "obmc_console #2".
Jul 06 10:33:24 witherspoon avahi-daemon[950]: Service name conflict for "phosphor_rest" (/services/phosphor_rest.service), retrying with "phosphor_rest #2".
Jul 06 10:33:25 witherspoon avahi-daemon[950]: Service "witherspoon-4" (/services/ssh.service) successfully established.
Jul 06 10:33:25 witherspoon avahi-daemon[950]: Service "witherspoon-4" (/services/sftp-ssh.service) successfully established.
Jul 06 10:33:25 witherspoon avahi-daemon[950]: Service name conflict for "phosphor_rest" (/services/phosphor_rest.service), retrying with "phosphor_rest #3".
Jul 06 10:33:25 witherspoon avahi-daemon[950]: Service name conflict for "sftp" (/services/sftp.service), retrying with "sftp #3".
Jul 06 10:33:25 witherspoon avahi-daemon[950]: Service name conflict for "obmc_console" (/services/obmc_console.service), retrying with "obmc_console #3".
Jul 06 10:33:26 witherspoon avahi-daemon[950]: Service name conflict for "phosphor_rest" (/services/phosphor_rest.service), retrying with "phosphor_rest #4".
Jul 06 10:33:26 witherspoon avahi-daemon[950]: Service name conflict for "sftp" (/services/sftp.service), retrying with "sftp #4".
Jul 06 10:33:26 witherspoon avahi-daemon[950]: Service name conflict for "obmc_console" (/services/obmc_console.service), retrying with "obmc_console #4".
Jul 06 10:33:27 witherspoon avahi-daemon[950]: Service name conflict for "phosphor_rest" (/services/phosphor_rest.service), retrying with "phosphor_rest #5".
Jul 06 10:33:27 witherspoon avahi-daemon[950]: Service name conflict for "sftp" (/services/sftp.service), retrying with "sftp #5".
Jul 06 10:33:27 witherspoon avahi-daemon[950]: Service name conflict for "obmc_console" (/services/obmc_console.service), retrying with "obmc_console #5".
Jul 06 10:33:28 witherspoon avahi-daemon[950]: Service name conflict for "phosphor_rest" (/services/phosphor_rest.service), retrying with "phosphor_rest #6".
Jul 06 10:33:28 witherspoon avahi-daemon[950]: Service name conflict for "sftp" (/services/sftp.service), retrying with "sftp #6".
Jul 06 10:33:28 witherspoon avahi-daemon[950]: Service name conflict for "obmc_console" (/services/obmc_console.service), retrying with "obmc_console #6".
Jul 06 10:33:30 witherspoon avahi-daemon[950]: Service name conflict for "phosphor_rest" (/services/phosphor_rest.service), retrying with "phosphor_rest #7".
Jul 06 10:33:30 witherspoon avahi-daemon[950]: Service name conflict for "sftp" (/services/sftp.service), retrying with "sftp #7".
Jul 06 10:33:30 witherspoon avahi-daemon[950]: Service name conflict for "obmc_console" (/services/obmc_console.service), retrying with "obmc_console #7".
Jul 06 10:33:30 witherspoon avahi-daemon[950]: Service name conflict for "phosphor_rest" (/services/phosphor_rest.service), retrying with "phosphor_rest #8".
Jul 06 10:33:31 witherspoon avahi-daemon[950]: Service name conflict for "sftp" (/services/sftp.service), retrying with "sftp #8".
Jul 06 10:33:31 witherspoon avahi-daemon[950]: Service name conflict for "obmc_console" (/services/obmc_console.service), retrying with "obmc_console #8".
Jul 06 10:33:32 witherspoon avahi-daemon[950]: Service "sftp #8" (/services/sftp.service) successfully established.
Jul 06 10:33:32 witherspoon avahi-daemon[950]: Service "phosphor_rest #8" (/services/phosphor_rest.service) successfully established.
Jul 06 10:33:32 witherspoon avahi-daemon[950]: Service "obmc_console #8" (/services/obmc_console.service) successfully established.
Jul 06 10:33:33 witherspoon systemd[1]: Started SSH Per-Connection Server (9.41.165.94:60768).
Jul 06 10:33:33 witherspoon dropbear[1099]: Failed loading /etc/dropbear/dropbear_dss_host_key
Jul 06 10:33:33 witherspoon dropbear[1099]: Failed loading /etc/dropbear/dropbear_ecdsa_host_key
Jul 06 10:33:33 witherspoon dropbear[1099]: Child connection from ::ffff:9.41.165.94:60768
Jul 06 10:33:33 witherspoon dropbear[1099]: PAM password auth succeeded for 'root' from ::ffff:9.41.165.94:60768
Jul 06 10:33:33 witherspoon dropbear[1100]: lastlog_perform_login: Couldn't stat /var/log/lastlog: No such file or directory
Jul 06 10:33:33 witherspoon dropbear[1100]: lastlog_openseek: /var/log/lastlog is not a file or directory!
Jul 06 10:33:35 witherspoon phosphor-gevent[988]: ::6099:5e76:8e91:f402%1995021084 - - [2017-07-06 10:33:35] "POST /login HTTP/1.1" 200 320 0.033507
Jul 06 10:33:35 witherspoon phosphor-gevent[988]: ::6099:5e76:8e91:f402%1995021084 - - [2017-07-06 10:33:35] "PUT /org/openbmc/settings/host0/attr/power_policy HTTP/1.1" 200 169 0.173667
Jul 06 10:33:35 witherspoon phosphor-gevent[988]: ::6099:5e76:8e91:f402%1995021084 - - [2017-07-06 10:33:35] "POST /login HTTP/1.1" 200 320 0.048191
Jul 06 10:33:35 witherspoon phosphor-gevent[988]: ::6099:5e76:8e91:f402%1995021084 - - [2017-07-06 10:33:35] "GET /org/openbmc/settings/host0/attr/power_policy HTTP/1.1" 200 185 0.088801
Jul 06 10:33:36 witherspoon systemd[1]: Started SSH Per-Connection Server (9.41.165.94:60774).
Jul 06 10:33:36 witherspoon dropbear[1106]: Failed loading /etc/dropbear/dropbear_dss_host_key
Jul 06 10:33:36 witherspoon dropbear[1106]: Failed loading /etc/dropbear/dropbear_ecdsa_host_key
Jul 06 10:33:36 witherspoon dropbear[1106]: Child connection from ::ffff:9.41.165.94:60774
Jul 06 10:33:36 witherspoon dropbear[1106]: PAM password auth succeeded for 'root' from ::ffff:9.41.165.94:60774
Jul 06 10:33:36 witherspoon dropbear[1107]: lastlog_perform_login: Couldn't stat /var/log/lastlog: No such file or directory
Jul 06 10:33:36 witherspoon dropbear[1107]: lastlog_openseek: /var/log/lastlog is not a file or directory!
Jul 06 10:33:37 witherspoon phosphor-gevent[988]: ::6099:5e76:8e91:f402%1995021084 - - [2017-07-06 10:33:37] "POST /login HTTP/1.1" 200 320 0.039982
Jul 06 10:33:38 witherspoon phosphor-gevent[988]: ::6099:5e76:8e91:f402%1995021084 - - [2017-07-06 10:33:38] "GET /xyz/openbmc_project/state/chassis0//attr/CurrentPowerState HTTP/1.1" 200 216 0.061218
Jul 06 10:33:38 witherspoon phosphor-gevent[988]: ::6099:5e76:8e91:f402%1995021084 - - [2017-07-06 10:33:38] "POST /login HTTP/1.1" 200 320 0.090281
Jul 06 10:33:38 witherspoon phosphor-gevent[988]: ::6099:5e76:8e91:f402%1995021084 - - [2017-07-06 10:33:38] "GET /xyz/openbmc_project/state/bmc0//attr/CurrentBMCState HTTP/1.1" 200 212 0.058569
Jul 06 10:33:38 witherspoon phosphor-gevent[988]: ::6099:5e76:8e91:f402%1995021084 - - [2017-07-06 10:33:38] "POST /login HTTP/1.1" 200 320 0.033477
Jul 06 10:33:38 witherspoon phosphor-gevent[988]: ::6099:5e76:8e91:f402%1995021084 - - [2017-07-06 10:33:38] "GET /org/openbmc/sensors/host/BootProgress/attr/value HTTP/1.1" 200 170 0.052635
Jul 06 10:33:38 witherspoon phosphor-gevent[988]: ::6099:5e76:8e91:f402%1995021084 - - [2017-07-06 10:33:38] "POST /login HTTP/1.1" 200 320 0.033003
Jul 06 10:33:38 witherspoon phosphor-gevent[988]: ::6099:5e76:8e91:f402%1995021084 - - [2017-07-06 10:33:38] "GET /xyz/openbmc_project/state/host0//attr/CurrentHostState HTTP/1.1" 200 212 0.052039
Jul 06 10:33:39 witherspoon phosphor-gevent[988]: ::6099:5e76:8e91:f402%1995021084 - - [2017-07-06 10:33:39] "POST /login HTTP/1.1" 200 320 0.033648
Jul 06 10:33:39 witherspoon phosphor-gevent[988]: ::6099:5e76:8e91:f402%1995021084 - - [2017-07-06 10:33:39] "GET /xyz/openbmc_project/logging/entry/list HTTP/1.1" 404 311 0.036665
Jul 06 10:33:39 witherspoon systemd[1]: Started SSH Per-Connection Server (9.41.165.94:60786).
Jul 06 10:33:39 witherspoon dropbear[1110]: Failed loading /etc/dropbear/dropbear_dss_host_key
Jul 06 10:33:39 witherspoon dropbear[1110]: Failed loading /etc/dropbear/dropbear_ecdsa_host_key
Jul 06 10:33:39 witherspoon dropbear[1110]: Child connection from ::ffff:9.41.165.94:60786
Jul 06 10:33:39 witherspoon dropbear[1110]: PAM password auth succeeded for 'root' from ::ffff:9.41.165.94:60786
Jul 06 10:34:11 witherspoon phosphor-gevent[988]: ::6099:5e76:8e91:f402%1995021084 - - [2017-07-06 10:34:11] "POST /login HTTP/1.1" 200 320 0.048909
Jul 06 10:34:12 witherspoon phosphor-gevent[988]: ::6099:5e76:8e91:f402%1995021084 - - [2017-07-06 10:34:12] "POST /org/openbmc/control/flash/bios//action/update HTTP/1.1" 200 169 0.313174
Jul 06 10:34:12 witherspoon flash_bios.exe[1003]: Starting flasher: bios,/tmp/witherspoon.pnor,/org/openbmc/control/flash/bios,
Jul 06 10:34:12 witherspoon flash_bios.exe[1003]: flasher: /tmp/witherspoon.pnor, BMC = 1, address = 0x0
Jul 06 10:34:12 witherspoon flash_bios.exe[1003]: Setting up flash
Jul 06 10:34:12 witherspoon phosphor-gevent[988]: ::6099:5e76:8e91:f402%1995021084 - - [2017-07-06 10:34:12] "POST /login HTTP/1.1" 200 320 0.032687
Jul 06 10:34:12 witherspoon phosphor-gevent[988]: ::6099:5e76:8e91:f402%1995021084 - - [2017-07-06 10:34:12] "GET /org/openbmc/control/flash/bios HTTP/1.1" 200 386 0.207519
Jul 06 10:34:13 witherspoon phosphor-gevent[988]: ::6099:5e76:8e91:f402%1995021084 - - [2017-07-06 10:34:13] "POST /login HTTP/1.1" 200 320 0.033038
Jul 06 10:34:13 witherspoon phosphor-gevent[988]: ::6099:5e76:8e91:f402%1995021084 - - [2017-07-06 10:34:13] "GET /org/openbmc/control/flash/bios HTTP/1.1" 200 386 0.082649
Jul 06 10:34:23 witherspoon phosphor-gevent[988]: ::6099:5e76:8e91:f402%1995021084 - - [2017-07-06 10:34:23] "POST /login HTTP/1.1" 200 320 0.032834
Jul 06 10:34:23 witherspoon phosphor-gevent[988]: ::6099:5e76:8e91:f402%1995021084 - - [2017-07-06 10:34:23] "GET /org/openbmc/control/flash/bios HTTP/1.1" 200 386 0.436952
Jul 06 10:34:34 witherspoon phosphor-gevent[988]: ::6099:5e76:8e91:f402%1995021084 - - [2017-07-06 10:34:34] "POST /login HTTP/1.1" 200 320 0.038161
Jul 06 10:34:34 witherspoon phosphor-gevent[988]: ::6099:5e76:8e91:f402%1995021084 - - [2017-07-06 10:34:34] "GET /org/openbmc/control/flash/bios HTTP/1.1" 200 386 0.067038
Jul 06 10:34:44 witherspoon phosphor-gevent[988]: ::6099:5e76:8e91:f402%1995021084 - - [2017-07-06 10:34:44] "POST /login HTTP/1.1" 200 320 0.033320
Jul 06 10:34:44 witherspoon phosphor-gevent[988]: ::6099:5e76:8e91:f402%1995021084 - - [2017-07-06 10:34:44] "GET /org/openbmc/control/flash/bios HTTP/1.1" 200 386 0.067704
Jul 06 10:34:54 witherspoon phosphor-gevent[988]: ::6099:5e76:8e91:f402%1995021084 - - [2017-07-06 10:34:54] "POST /login HTTP/1.1" 200 320 0.033122
Jul 06 10:34:54 witherspoon phosphor-gevent[988]: ::6099:5e76:8e91:f402%1995021084 - - [2017-07-06 10:34:54] "GET /org/openbmc/control/flash/bios HTTP/1.1" 200 386 0.067849
Jul 06 10:35:05 witherspoon phosphor-gevent[988]: ::6099:5e76:8e91:f402%1995021084 - - [2017-07-06 10:35:05] "POST /login HTTP/1.1" 200 320 0.033318
Jul 06 10:35:05 witherspoon phosphor-gevent[988]: ::6099:5e76:8e91:f402%1995021084 - - [2017-07-06 10:35:05] "GET /org/openbmc/control/flash/bios HTTP/1.1" 200 386 0.070193
Jul 06 10:35:15 witherspoon phosphor-gevent[988]: ::6099:5e76:8e91:f402%1995021084 - - [2017-07-06 10:35:15] "POST /login HTTP/1.1" 200 320 0.032973
Jul 06 10:35:15 witherspoon phosphor-gevent[988]: ::6099:5e76:8e91:f402%1995021084 - - [2017-07-06 10:35:15] "GET /org/openbmc/control/flash/bios HTTP/1.1" 200 386 0.067847
Jul 06 10:35:25 witherspoon phosphor-gevent[988]: ::6099:5e76:8e91:f402%1995021084 - - [2017-07-06 10:35:25] "POST /login HTTP/1.1" 200 320 0.038781
Jul 06 10:35:25 witherspoon phosphor-gevent[988]: ::6099:5e76:8e91:f402%1995021084 - - [2017-07-06 10:35:25] "GET /org/openbmc/control/flash/bios HTTP/1.1" 200 386 0.070153
Jul 06 10:35:35 witherspoon phosphor-gevent[988]: ::6099:5e76:8e91:f402%1995021084 - - [2017-07-06 10:35:35] "POST /login HTTP/1.1" 200 320 0.032628
Jul 06 10:35:36 witherspoon phosphor-gevent[988]: ::6099:5e76:8e91:f402%1995021084 - - [2017-07-06 10:35:36] "GET /org/openbmc/control/flash/bios HTTP/1.1" 200 386 0.995736
Jul 06 10:35:47 witherspoon phosphor-gevent[988]: ::6099:5e76:8e91:f402%1995021084 - - [2017-07-06 10:35:47] "POST /login HTTP/1.1" 200 320 0.032812
Jul 06 10:35:47 witherspoon phosphor-gevent[988]: ::6099:5e76:8e91:f402%1995021084 - - [2017-07-06 10:35:47] "GET /org/openbmc/control/flash/bios HTTP/1.1" 200 386 0.067619
Jul 06 10:35:58 witherspoon phosphor-gevent[988]: ::6099:5e76:8e91:f402%1995021084 - - [2017-07-06 10:35:58] "POST /login HTTP/1.1" 200 320 0.052797
Jul 06 10:35:58 witherspoon phosphor-gevent[988]: ::6099:5e76:8e91:f402%1995021084 - - [2017-07-06 10:35:58] "GET /org/openbmc/control/flash/bios HTTP/1.1" 200 386 0.067543
Jul 06 10:36:08 witherspoon phosphor-gevent[988]: ::6099:5e76:8e91:f402%1995021084 - - [2017-07-06 10:36:08] "POST /login HTTP/1.1" 200 320 0.032821
Jul 06 10:36:08 witherspoon phosphor-gevent[988]: ::6099:5e76:8e91:f402%1995021084 - - [2017-07-06 10:36:08] "GET /org/openbmc/control/flash/bios HTTP/1.1" 200 386 0.067631
Jul 06 10:36:18 witherspoon phosphor-gevent[988]: ::6099:5e76:8e91:f402%1995021084 - - [2017-07-06 10:36:18] "POST /login HTTP/1.1" 200 320 0.039235
Jul 06 10:36:19 witherspoon phosphor-gevent[988]: ::6099:5e76:8e91:f402%1995021084 - - [2017-07-06 10:36:19] "GET /org/openbmc/control/flash/bios HTTP/1.1" 200 386 0.072067
Jul 06 10:36:29 witherspoon phosphor-gevent[988]: ::6099:5e76:8e91:f402%1995021084 - - [2017-07-06 10:36:29] "POST /login HTTP/1.1" 200 320 0.032994
Jul 06 10:36:29 witherspoon phosphor-gevent[988]: ::6099:5e76:8e91:f402%1995021084 - - [2017-07-06 10:36:29] "GET /org/openbmc/control/flash/bios HTTP/1.1" 200 386 0.081408
Jul 06 10:36:39 witherspoon phosphor-gevent[988]: ::6099:5e76:8e91:f402%1995021084 - - [2017-07-06 10:36:39] "POST /login HTTP/1.1" 200 320 0.032900
Jul 06 10:36:39 witherspoon phosphor-gevent[988]: ::6099:5e76:8e91:f402%1995021084 - - [2017-07-06 10:36:39] "GET /org/openbmc/control/flash/bios HTTP/1.1" 200 390 0.067801
Jul 06 10:36:49 witherspoon phosphor-gevent[988]: ::6099:5e76:8e91:f402%1995021084 - - [2017-07-06 10:36:49] "POST /login HTTP/1.1" 200 320 0.033315
Jul 06 10:36:49 witherspoon phosphor-gevent[988]: ::6099:5e76:8e91:f402%1995021084 - - [2017-07-06 10:36:49] "GET /org/openbmc/control/flash/bios HTTP/1.1" 200 391 0.133345
Jul 06 10:37:00 witherspoon phosphor-gevent[988]: ::6099:5e76:8e91:f402%1995021084 - - [2017-07-06 10:37:00] "POST /login HTTP/1.1" 200 320 0.032991
Jul 06 10:37:00 witherspoon phosphor-gevent[988]: ::6099:5e76:8e91:f402%1995021084 - - [2017-07-06 10:37:00] "GET /org/openbmc/control/flash/bios HTTP/1.1" 200 391 0.068171
Jul 06 10:37:10 witherspoon phosphor-gevent[988]: ::6099:5e76:8e91:f402%1995021084 - - [2017-07-06 10:37:10] "POST /login HTTP/1.1" 200 320 0.039723
Jul 06 10:37:10 witherspoon phosphor-gevent[988]: ::6099:5e76:8e91:f402%1995021084 - - [2017-07-06 10:37:10] "GET /org/openbmc/control/flash/bios HTTP/1.1" 200 391 0.070565
Jul 06 10:37:20 witherspoon phosphor-gevent[988]: ::6099:5e76:8e91:f402%1995021084 - - [2017-07-06 10:37:20] "POST /login HTTP/1.1" 200 320 0.033157
Jul 06 10:37:20 witherspoon phosphor-gevent[988]: ::6099:5e76:8e91:f402%1995021084 - - [2017-07-06 10:37:20] "GET /org/openbmc/control/flash/bios HTTP/1.1" 200 391 0.068143
Jul 06 10:37:31 witherspoon phosphor-gevent[988]: ::6099:5e76:8e91:f402%1995021084 - - [2017-07-06 10:37:31] "POST /login HTTP/1.1" 200 320 0.032942
Jul 06 10:37:31 witherspoon phosphor-gevent[988]: ::6099:5e76:8e91:f402%1995021084 - - [2017-07-06 10:37:31] "GET /org/openbmc/control/flash/bios HTTP/1.1" 200 391 0.068373
Jul 06 10:37:35 witherspoon flash_bios.exe[1003]: Erasing... (may take a while !) done !
Jul 06 10:37:35 witherspoon flash_bios.exe[1003]: About to program "/tmp/witherspoon.pnor" at 0x00000000..0x04000000 !
Jul 06 10:37:35 witherspoon flash_bios.exe[1003]: Programming & Verifying...
Jul 06 10:37:35 witherspoon flash_bios.exe[1003]: Flash done
Jul 06 10:37:41 witherspoon phosphor-gevent[988]: ::6099:5e76:8e91:f402%1995021084 - - [2017-07-06 10:37:41] "POST /login HTTP/1.1" 200 320 0.034038
Jul 06 10:37:41 witherspoon phosphor-gevent[988]: ::6099:5e76:8e91:f402%1995021084 - - [2017-07-06 10:37:41] "GET /org/openbmc/control/flash/bios HTTP/1.1" 200 388 0.070283
Jul 06 10:37:41 witherspoon systemd[1]: Started SSH Per-Connection Server (9.41.165.94:60834).
Jul 06 10:37:41 witherspoon dropbear[1116]: Failed loading /etc/dropbear/dropbear_dss_host_key
Jul 06 10:37:41 witherspoon dropbear[1116]: Failed loading /etc/dropbear/dropbear_ecdsa_host_key
Jul 06 10:37:41 witherspoon dropbear[1116]: Child connection from ::ffff:9.41.165.94:60834
Jul 06 10:37:42 witherspoon dropbear[1116]: PAM password auth succeeded for 'root' from ::ffff:9.41.165.94:60834
Jul 06 10:37:42 witherspoon dropbear[1117]: lastlog_perform_login: Couldn't stat /var/log/lastlog: No such file or directory
Jul 06 10:37:42 witherspoon dropbear[1117]: lastlog_openseek: /var/log/lastlog is not a file or directory!
Jul 06 10:37:43 witherspoon phosphor-gevent[988]: ::6099:5e76:8e91:f402%1995021084 - - [2017-07-06 10:37:43] "POST /login HTTP/1.1" 200 320 0.091985
Jul 06 10:37:43 witherspoon phosphor-gevent[988]: ::6099:5e76:8e91:f402%1995021084 - - [2017-07-06 10:37:43] "GET /xyz/openbmc_project/state/host0//attr/CurrentHostState HTTP/1.1" 200 212 0.050127
Jul 06 10:37:43 witherspoon systemd[1]: Created slice system-obmc\x2dconsole\x2dssh.slice.
Jul 06 10:37:43 witherspoon systemd[1]: Started Phosphor Host Console SSH Per-Connection (9.41.165.94:44376).
Jul 06 10:37:43 witherspoon dropbear[1121]: Failed loading /etc/dropbear/dropbear_dss_host_key
Jul 06 10:37:43 witherspoon dropbear[1121]: Failed loading /etc/dropbear/dropbear_ecdsa_host_key
Jul 06 10:37:43 witherspoon dropbear[1121]: Child connection from ::ffff:9.41.165.94:44376
Jul 06 10:37:44 witherspoon phosphor-gevent[988]: ::6099:5e76:8e91:f402%1995021084 - - [2017-07-06 10:37:44] "POST /login HTTP/1.1" 200 320 0.143872
Jul 06 10:37:44 witherspoon dropbear[1121]: PAM password auth succeeded for 'root' from ::ffff:9.41.165.94:44376
Jul 06 10:37:44 witherspoon dropbear[1122]: lastlog_perform_login: Couldn't stat /var/log/lastlog: No such file or directory
Jul 06 10:37:44 witherspoon dropbear[1122]: lastlog_openseek: /var/log/lastlog is not a file or directory!
Jul 06 10:37:44 witherspoon phosphor-gevent[988]: ::6099:5e76:8e91:f402%1995021084 - - [2017-07-06 10:37:44] "PUT /org/openbmc/settings/host0/attr/power_policy HTTP/1.1" 200 169 0.224652
Jul 06 10:37:45 witherspoon phosphor-gevent[988]: ::6099:5e76:8e91:f402%1995021084 - - [2017-07-06 10:37:45] "POST /login HTTP/1.1" 200 320 0.033382
Jul 06 10:37:45 witherspoon phosphor-gevent[988]: ::6099:5e76:8e91:f402%1995021084 - - [2017-07-06 10:37:45] "GET /org/openbmc/settings/host0/attr/power_policy HTTP/1.1" 200 185 0.087394
Jul 06 10:37:45 witherspoon systemd[1]: Started SSH Per-Connection Server (9.41.165.94:60844).
Jul 06 10:37:45 witherspoon dropbear[1123]: Failed loading /etc/dropbear/dropbear_dss_host_key
Jul 06 10:37:45 witherspoon dropbear[1123]: Failed loading /etc/dropbear/dropbear_ecdsa_host_key
Jul 06 10:37:45 witherspoon dropbear[1123]: Child connection from ::ffff:9.41.165.94:60844
Jul 06 10:37:46 witherspoon dropbear[1123]: PAM password auth succeeded for 'root' from ::ffff:9.41.165.94:60844
Jul 06 10:37:46 witherspoon dropbear[1124]: lastlog_perform_login: Couldn't stat /var/log/lastlog: No such file or directory
Jul 06 10:37:46 witherspoon dropbear[1124]: lastlog_openseek: /var/log/lastlog is not a file or directory!
Jul 06 10:37:47 witherspoon phosphor-gevent[988]: ::6099:5e76:8e91:f402%1995021084 - - [2017-07-06 10:37:47] "POST /login HTTP/1.1" 200 320 0.033150
Jul 06 10:37:47 witherspoon phosphor-gevent[988]: ::6099:5e76:8e91:f402%1995021084 - - [2017-07-06 10:37:47] "GET /xyz/openbmc_project/state/chassis0//attr/CurrentPowerState HTTP/1.1" 200 216 0.049837
Jul 06 10:37:47 witherspoon phosphor-gevent[988]: ::6099:5e76:8e91:f402%1995021084 - - [2017-07-06 10:37:47] "POST /login HTTP/1.1" 200 320 0.033356
Jul 06 10:37:47 witherspoon phosphor-gevent[988]: ::6099:5e76:8e91:f402%1995021084 - - [2017-07-06 10:37:47] "GET /xyz/openbmc_project/state/bmc0//attr/CurrentBMCState HTTP/1.1" 200 212 0.051982
Jul 06 10:37:47 witherspoon phosphor-gevent[988]: ::6099:5e76:8e91:f402%1995021084 - - [2017-07-06 10:37:47] "POST /login HTTP/1.1" 200 320 0.033883
Jul 06 10:37:47 witherspoon phosphor-gevent[988]: ::6099:5e76:8e91:f402%1995021084 - - [2017-07-06 10:37:47] "GET /org/openbmc/sensors/host/BootProgress/attr/value HTTP/1.1" 200 170 0.052888
Jul 06 10:37:48 witherspoon phosphor-gevent[988]: ::6099:5e76:8e91:f402%1995021084 - - [2017-07-06 10:37:48] "POST /login HTTP/1.1" 200 320 0.047211
Jul 06 10:37:48 witherspoon phosphor-gevent[988]: ::6099:5e76:8e91:f402%1995021084 - - [2017-07-06 10:37:48] "GET /xyz/openbmc_project/state/host0//attr/CurrentHostState HTTP/1.1" 200 212 0.095717
Jul 06 10:37:48 witherspoon phosphor-gevent[988]: ::6099:5e76:8e91:f402%1995021084 - - [2017-07-06 10:37:48] "POST /login HTTP/1.1" 200 320 0.045538
Jul 06 10:37:48 witherspoon phosphor-host-state-manager[1042]: Host State transaction request
Jul 06 10:37:48 witherspoon phosphor-gevent[988]: ::6099:5e76:8e91:f402%1995021084 - - [2017-07-06 10:37:48] "PUT /xyz/openbmc_project/state/host0//attr/RequestedHostTransition HTTP/1.1" 200 169 0.173795
Jul 06 10:37:48 witherspoon systemd[1]: Created slice system-cfam_override.slice.
Jul 06 10:37:48 witherspoon systemd[1]: Created slice system-avsbus\x2dworkaround.slice.
Jul 06 10:37:48 witherspoon systemd[1]: Created slice system-vcs_workaround.slice.
Jul 06 10:37:48 witherspoon systemd[1]: Created slice system-phosphor\x2dfan\x2dpresence\x2dtach.slice.
Jul 06 10:37:48 witherspoon systemd[1]: Created slice system-start_host.slice.
Jul 06 10:37:48 witherspoon systemd[1]: Created slice system-avsbus\x2ddisable.slice.
Jul 06 10:37:48 witherspoon systemd[1]: Starting Wait for /org/openbmc/control/chassis0...
Jul 06 10:37:48 witherspoon systemd[1]: Created slice system-phosphor\x2dgpio\x2dmonitor.slice.
Jul 06 10:37:48 witherspoon systemd[1]: Created slice system-pcie\x2dslot\x2ddetect.slice.
Jul 06 10:37:48 witherspoon systemd[1]: Created slice system-vcs_off.slice.
Jul 06 10:37:48 witherspoon systemd[1]: Created slice system-avsbus\x2denable.slice.
Jul 06 10:37:48 witherspoon systemd[1]: Created slice system-mapper\x2dsubtree\x2dremove.slice.
Jul 06 10:37:48 witherspoon systemd[1]: Starting mapper subtree-remove /xyz/openbmc_project/software:xyz.openbmc_project.Software.ActivationBlocksTransition...
Jul 06 10:37:48 witherspoon systemd[1]: Created slice system-fsi\x2dbind.slice.
Jul 06 10:37:48 witherspoon systemd[1]: Created slice system-fsi\x2dscan.slice.
Jul 06 10:37:48 witherspoon systemd[1]: Created slice system-vrm\x2dcontrol.slice.
Jul 06 10:37:48 witherspoon systemd[1]: Created slice system-ucd_disable_vcs.slice.
Jul 06 10:37:48 witherspoon systemd[1]: Created slice system-vcs_on.slice.
Jul 06 10:37:49 witherspoon systemd[1]: Starting Witherspoon Fan Watchdog Reset...
Jul 06 10:37:49 witherspoon systemd[1]: Created slice system-op\x2dwait\x2dpower\x2don.slice.
Jul 06 10:37:49 witherspoon systemd[1]: Starting Wait for Power0 to turn on...
Jul 06 10:37:49 witherspoon systemd[1]: Created slice system-ir35221\x2don\x2dbind.slice.
Jul 06 10:37:49 witherspoon systemd[1]: Started Phosphor GPIO checkstop monitor.
Jul 06 10:37:49 witherspoon systemd[1]: Reached target Start Host checkstop monitor.
Jul 06 10:37:49 witherspoon systemd[1]: Starting Disable UCD VCS rails...
Jul 06 10:37:49 witherspoon systemd[1]: Created slice system-phosphor\x2dwatchdog.slice.
Jul 06 10:37:49 witherspoon systemd[1]: Started Phosphor poweron watchdog.
Jul 06 10:37:49 witherspoon systemd[1]: Created slice system-phosphor\x2dfan\x2dcontrol\x2dinit.slice.
Jul 06 10:37:49 witherspoon systemd[1]: Created slice system-ir35221\x2don\x2dunbind.slice.
Jul 06 10:37:49 witherspoon systemd[1]: Starting power on mode unbind ir35221 device driver devs...
Jul 06 10:37:49 witherspoon systemd[1]: Starting Wait for /xyz/openbmc_project/led/groups/power_on...
Jul 06 10:37:49 witherspoon systemd[1]: Created slice system-op\x2dpower\x2dstart.slice.
Jul 06 10:37:50 witherspoon phosphor-gevent[988]: ::6099:5e76:8e91:f402%1995021084 - - [2017-07-06 10:37:50] "POST /login HTTP/1.1" 200 320 0.329587
Jul 06 10:37:50 witherspoon systemd[1]: Started power on mode unbind ir35221 device driver devs.
Jul 06 10:37:50 witherspoon systemd[1]: Started Witherspoon Fan Watchdog Reset.
Jul 06 10:37:50 witherspoon kernel: ucd9000 11-0064: Device ID UCD90160|2.3.4.0000|110603
Jul 06 10:37:50 witherspoon kernel[947]: [  398.110000] ucd9000 11-0064: Device ID UCD90160|2.3.4.0000|110603
Jul 06 10:37:50 witherspoon systemd[1]: Started mapper subtree-remove /xyz/openbmc_project/software:xyz.openbmc_project.Software.ActivationBlocksTransition.
Jul 06 10:37:51 witherspoon hwmon.py[1018]: Removing: /sys/class/hwmon/hwmon3/
Jul 06 10:37:51 witherspoon hwmon.py[1018]: Removing: /sys/class/hwmon/hwmon4/
Jul 06 10:37:51 witherspoon hwmon.py[1018]: Removing: /sys/class/hwmon/hwmon5/
Jul 06 10:37:51 witherspoon hwmon.py[1018]: Removing: /sys/class/hwmon/hwmon6/
Jul 06 10:37:51 witherspoon hwmon.py[1018]: Removing: /sys/class/hwmon/hwmon7/
Jul 06 10:37:51 witherspoon systemd[1]: xyz.openbmc_project.Hwmon@ahb-apb-i2c\x401e78a000-i2c\x2dbus\x40180-ir35221\x4070.service: Unit not needed anymore. Stopping.
Jul 06 10:37:51 witherspoon systemd[1]: xyz.openbmc_project.Hwmon@ahb-apb-i2c\x401e78a000-i2c\x2dbus\x40140-ir35221\x4070.service: Service hold-off time over, scheduling restart.
Jul 06 10:37:51 witherspoon systemd[1]: xyz.openbmc_project.Hwmon@ahb-apb-i2c\x401e78a000-i2c\x2dbus\x40140-ir35221\x4071.service: Service hold-off time over, scheduling restart.
Jul 06 10:37:51 witherspoon systemd[1]: Started Disable UCD VCS rails.
Jul 06 10:37:51 witherspoon systemd[1]: xyz.openbmc_project.Hwmon@ahb-apb-i2c\x401e78a000-i2c\x2dbus\x40180-ir35221\x4070.service: Service hold-off time over, scheduling restart.
Jul 06 10:37:51 witherspoon systemd[1]: xyz.openbmc_project.Hwmon@ahb-apb-i2c\x401e78a000-i2c\x2dbus\x40180-ir35221\x4070.service: Stop job pending for unit, delaying automatic restart.
Jul 06 10:37:51 witherspoon systemd[1]: xyz.openbmc_project.Hwmon@ahb-apb-i2c\x401e78a000-i2c\x2dbus\x40400-ucd90160\x4064.service: Service hold-off time over, scheduling restart.
Jul 06 10:37:51 witherspoon systemd[1]: xyz.openbmc_project.Hwmon@ahb-apb-i2c\x401e78a000-i2c\x2dbus\x40180-ir35221\x4071.service: Service hold-off time over, scheduling restart.
Jul 06 10:37:51 witherspoon systemd[1]: xyz.openbmc_project.Hwmon@ahb-apb-i2c\x401e78a000-i2c\x2dbus\x40140-ir35221\x4070.service: Unit not needed anymore. Stopping.
Jul 06 10:37:51 witherspoon systemd[1]: Requested transaction contradicts existing jobs: Transaction is destructive.
Jul 06 10:37:51 witherspoon systemd[1]: xyz.openbmc_project.Hwmon@ahb-apb-i2c\x401e78a000-i2c\x2dbus\x40140-ir35221\x4070.service: Failed to enqueue stop job, ignoring: Transaction is destructive.
Jul 06 10:37:51 witherspoon systemd[1]: xyz.openbmc_project.Hwmon@ahb-apb-i2c\x401e78a000-i2c\x2dbus\x40140-ir35221\x4071.service: Unit not needed anymore. Stopping.
Jul 06 10:37:51 witherspoon systemd[1]: Requested transaction contradicts existing jobs: Transaction is destructive.
Jul 06 10:37:51 witherspoon systemd[1]: xyz.openbmc_project.Hwmon@ahb-apb-i2c\x401e78a000-i2c\x2dbus\x40140-ir35221\x4071.service: Failed to enqueue stop job, ignoring: Transaction is destructive.
Jul 06 10:37:51 witherspoon systemd[1]: xyz.openbmc_project.Hwmon@ahb-apb-i2c\x401e78a000-i2c\x2dbus\x40180-ir35221\x4071.service: Unit not needed anymore. Stopping.
Jul 06 10:37:51 witherspoon systemd[1]: Requested transaction contradicts existing jobs: Transaction is destructive.
Jul 06 10:37:51 witherspoon systemd[1]: xyz.openbmc_project.Hwmon@ahb-apb-i2c\x401e78a000-i2c\x2dbus\x40180-ir35221\x4071.service: Failed to enqueue stop job, ignoring: Transaction is destructive.
Jul 06 10:37:51 witherspoon systemd[1]: xyz.openbmc_project.Hwmon@ahb-apb-i2c\x401e78a000-i2c\x2dbus\x40400-ucd90160\x4064.service: Unit not needed anymore. Stopping.
