-- Logs begin at Fri 2017-11-03 13:40:34 UTC, end at Fri 2017-11-03 14:00:12 UTC. --
Nov 03 13:40:34 witherspoon systemd[1]: Removed slice system-phosphor\x2dfan\x2dcontrol\x2dinit.slice.
Nov 03 13:40:34 witherspoon systemd[1]: Stopping Phosphor sysfs LED controller...
Nov 03 13:40:34 witherspoon systemd[1]: Stopping Phosphor sysfs LED controller...
Nov 03 13:40:34 witherspoon systemd[1]: Stopping SSH Per-Connection Server (9.41.165.94:39300)...
Nov 03 13:40:34 witherspoon systemd[1]: Removed slice system-phosphor\x2dwatchdog.slice.
Nov 03 13:40:34 witherspoon systemd[1]: Removed slice system-phosphor\x2dfan\x2dmonitor.slice.
Nov 03 13:40:34 witherspoon systemd[1]: Stopping SSH Per-Connection Server (9.41.165.94:39304)...
Nov 03 13:40:34 witherspoon systemd[1]: Stopping Phosphor sysfs LED controller...
Nov 03 13:40:35 witherspoon dropbear[2645]: Exit (root): Terminated by signal
Nov 03 13:40:34 witherspoon systemd[1]: Removed slice system-fsi\x2dscan.slice.
Nov 03 13:40:35 witherspoon dropbear[2670]: Exit (root): Terminated by signal
Nov 03 13:40:34 witherspoon systemd[1]: Stopping SSH Per-Connection Server (9.41.165.94:39316)...
Nov 03 13:40:34 witherspoon systemd[1]: Removed slice system-avsbus\x2denable.slice.
Nov 03 13:40:34 witherspoon systemd[1]: Stopped Wait for /xyz/openbmc_project/control/host0.
Nov 03 13:40:34 witherspoon systemd[1]: Removed slice system-ir35221\x2don\x2dunbind.slice.
Nov 03 13:40:34 witherspoon systemd[1]: Stopped Assert bmc_booted LED.
Nov 03 13:40:34 witherspoon systemd[1]: Stopped Wait for /xyz/openbmc_project/led/groups/bmc_booted.
Nov 03 13:40:34 witherspoon systemd[1]: Removed slice system-obmc\x2dled\x2dgroup\x2dstart.slice.
Nov 03 13:40:34 witherspoon systemd[1]: Removed slice system-power\x2dworkarounds.slice.
Nov 03 13:40:34 witherspoon systemd[1]: Removed slice system-obmc\x2dflash\x2dbmc\x2dupdateubootvars.slice.
Nov 03 13:40:34 witherspoon systemd[1]: Stopping Phosphor Hwmon Poller...
Nov 03 13:40:35 witherspoon systemd[1]: Stopping Phosphor sysfs LED controller...
Nov 03 13:40:35 witherspoon systemd[1]: Stopped target Stop Host0.
Nov 03 13:40:35 witherspoon systemd[1]: Stopped Wait for /org/openbmc/control/chassis0.
Nov 03 13:40:35 witherspoon systemd[1]: Removed slice system-obmc\x2denable\x2dhost\x2dwatchdog.slice.
Nov 03 13:40:35 witherspoon systemd[1]: Removed slice system-phosphor\x2dfan\x2dmonitor\x2dinit.slice.
Nov 03 13:40:35 witherspoon systemd[1]: Stopping SSH Per-Connection Server (9.41.165.94:39286)...
Nov 03 13:40:35 witherspoon systemd[1]: Stopping Phosphor Hwmon Poller...
Nov 03 13:40:35 witherspoon systemd[1]: Removed slice system-vcs_on.slice.
Nov 03 13:40:35 witherspoon systemd[1]: Stopping Phosphor Hwmon Poller...
Nov 03 13:40:35 witherspoon systemd[1]: Removed slice system-phosphor\x2dmax31785\x2dmsl.slice.
Nov 03 13:40:35 witherspoon systemd[1]: Stopping Phosphor Hwmon Poller...
Nov 03 13:40:35 witherspoon systemd[1]: Removed slice system-mapper\x2dsubtree\x2dremove.slice.
Nov 03 13:40:35 witherspoon systemd[1]: Removed slice system-phosphor\x2dreset\x2dhost\x2drunning.slice.
Nov 03 13:40:35 witherspoon systemd[1]: Removed slice system-phosphor\x2dreset\x2dhost\x2dcheck.slice.
Nov 03 13:40:35 witherspoon systemd[1]: Stopping SSH Per-Connection Server (9.41.165.94:39306)...
Nov 03 13:40:35 witherspoon systemd[1]: Removed slice system-obmc\x2dflash\x2dbmc\x2dsetenv.slice.
Nov 03 13:40:35 witherspoon systemd[1]: Removed slice system-avsbus\x2ddisable.slice.
Nov 03 13:40:35 witherspoon systemd[1]: Stopped target Power0 Host Off.
Nov 03 13:40:35 witherspoon systemd[1]: Stopped target Chassis0 (Power Off).
Nov 03 13:40:35 witherspoon systemd[1]: Stopped Power off mode bind ir35221 device driver devs.
Nov 03 13:40:35 witherspoon systemd[1]: Stopped target Power0 Off.
Nov 03 13:40:35 witherspoon systemd[1]: Stopped Assert power_on LED.
Nov 03 13:40:35 witherspoon systemd[1]: Removed slice system-obmc\x2dled\x2dgroup\x2dstop.slice.
Nov 03 13:40:35 witherspoon systemd[1]: Removed slice system-ir35221\x2doff\x2dbind.slice.
Nov 03 13:40:35 witherspoon systemd[1]: Stopped Stop Power0.
Nov 03 13:40:35 witherspoon systemd[1]: Removed slice system-op\x2dpower\x2dstop.slice.
Nov 03 13:40:35 witherspoon systemd[1]: Stopped Disable VCS on a power off.
Nov 03 13:40:35 witherspoon systemd[1]: Stopped Power off mode unbind ir35221 device driver devs.
Nov 03 13:40:35 witherspoon systemd[1]: Removed slice system-ir35221\x2doff\x2dunbind.slice.
Nov 03 13:40:35 witherspoon systemd[1]: Removed slice system-vcs_off_poweroff.slice.
Nov 03 13:40:35 witherspoon systemd[1]: Removed slice system-pcie\x2dslot\x2ddetect.slice.
Nov 03 13:40:35 witherspoon systemd[1]: Stopping Phosphor sysfs LED controller...
Nov 03 13:40:35 witherspoon systemd[1]: Stopping Phosphor sysfs LED controller...
Nov 03 13:40:35 witherspoon systemd[1]: Stopped Wait for /xyz/openbmc_project/network/config.
Nov 03 13:40:35 witherspoon systemd[1]: Stopped target Poweri Off.
Nov 03 13:40:35 witherspoon systemd[1]: Stopped target Poweri Off (Pre).
Nov 03 13:40:35 witherspoon systemd[1]: Stopped target Hosti (Stopped).
Nov 03 13:40:35 witherspoon systemd[1]: Stopped target Hosti (Stopping).
Nov 03 13:40:35 witherspoon systemd[1]: Stopped target Stop Hosti (Pre).
Nov 03 13:40:35 witherspoon systemd[1]: Stopped Wait for /org/openbmc/HostIpmi/1.
Nov 03 13:40:35 witherspoon systemd[1]: Stopping Phosphor Hwmon Poller...
Nov 03 13:40:35 witherspoon systemd[1]: Stopped target Chassis0 power on after reset.
Nov 03 13:40:35 witherspoon systemd[1]: Stopped Wait for /xyz/openbmc_project/led/groups/power_on.
Nov 03 13:40:35 witherspoon systemd[1]: Removed slice system-obmc\x2dconsole\x2dssh.slice.
Nov 03 13:40:35 witherspoon systemd[1]: Removed slice system-phosphor\x2dfan\x2dpresence\x2dtach.slice.
Nov 03 13:40:35 witherspoon systemd[1]: Removed slice system-vcs_workaround.slice.
Nov 03 13:40:35 witherspoon systemd[1]: Removed slice system-start_host.slice.
Nov 03 13:40:35 witherspoon systemd[1]: Stopped Wait for /xyz/openbmc_project/watchdog/host0.
Nov 03 13:40:35 witherspoon systemd[1]: Stopping Phosphor Webserver...
Nov 03 13:40:35 witherspoon systemd[1]: Stopped target System Time Synchronized.
Nov 03 13:40:36 witherspoon systemd[1]: Removed slice system-op\x2dreset\x2dchassis\x2don.slice.
Nov 03 13:40:37 witherspoon systemd[1]: Stopped Phosphor MSL Verification.
Nov 03 13:40:37 witherspoon systemd[1]: Stopping Phosphor sysfs LED controller...
Nov 03 13:40:37 witherspoon systemd[1]: Stopped Wait for /xyz/openbmc_project/state/chassis0.
Nov 03 13:40:37 witherspoon systemd[1]: Removed slice system-cfam_override.slice.
Nov 03 13:40:37 witherspoon systemd[1]: Removed slice system-getty.slice.
Nov 03 13:40:37 witherspoon systemd[1]: Stopped Daily Cleanup of Temporary Directories.
Nov 03 13:40:37 witherspoon systemd[1]: Stopped Wait for Power0 to turn off.
Nov 03 13:40:37 witherspoon systemd[1]: Stopped target Power0 Off (Pre).
Nov 03 13:40:37 witherspoon systemd[1]: Stopped target Host0 (Stopped).
Nov 03 13:40:37 witherspoon systemd[1]: Stopped target Host0 (Stopping).
Nov 03 13:40:37 witherspoon systemd[1]: Stopped target Stop Host0 (Pre).
Nov 03 13:40:37 witherspoon systemd[1]: Stopped target Phosphor System - Standby.
Nov 03 13:40:37 witherspoon phosphor-bmc-state-manager[1315]: BMC_READY
Nov 03 13:40:37 witherspoon phosphor-bmc-state-manager[1315]: Setting the BMCState field
Nov 03 13:40:37 witherspoon systemd[1]: Stopping Phosphor Chassis State Manager...
Nov 03 13:40:37 witherspoon systemd[1]: Stopping Phosphor Console Muxer listening on device /dev/ttyVUART0...
Nov 03 13:40:37 witherspoon systemd[1]: Stopping Phosphor BMC0 Control...
Nov 03 13:40:37 witherspoon systemd[1]: Stopping Phosphor Inventory Manager...
Nov 03 13:40:37 witherspoon systemd[1]: Stopping Lightweight SLP Server...
Nov 03 13:40:37 witherspoon systemd[1]: Stopping Phosphor Inband IPMI...
Nov 03 13:40:37 witherspoon systemd[1]: Stopping Phosphor Log Manager...
Nov 03 13:40:37 witherspoon systemd[1]: Stopping OpenPOWER OCC controller...
Nov 03 13:40:37 witherspoon systemd[1]: Stopping Phosphor Power Button0...
Nov 03 13:40:37 witherspoon systemd[1]: Stopping Phosphor GPIO 1 Presence...
Nov 03 13:40:37 witherspoon systemd[1]: Stopping Phosphor Dump Manager...
Nov 03 13:40:37 witherspoon systemd[1]: Stopping Phosphor Host State Manager...
Nov 03 13:40:37 witherspoon systemd[1]: Stopping Phosphor Download Manager...
Nov 03 13:40:37 witherspoon systemd[1]: Stopping Phosphor User Manager...
Nov 03 13:40:37 witherspoon systemd[1]: Stopping Phosphor MBOX Daemon...
Nov 03 13:40:37 witherspoon systemd[1]: Stopping Witherspoon Power Supply 1 Monitor...
Nov 03 13:40:37 witherspoon systemd[1]: Stopping Phosphor GPIO 0 Presence...
Nov 03 13:40:37 witherspoon systemd[1]: Stopping Phosphor BMC State Manager...
Nov 03 13:40:37 witherspoon systemd[1]: Stopping Phosphor Network Manager...
Nov 03 13:40:37 witherspoon systemd[1]: Stopped target Multi-User System.
Nov 03 13:40:37 witherspoon systemd[1]: Stopped target Containers.
Nov 03 13:40:37 witherspoon systemd[1]: Stopping Hardware RNG Entropy Gatherer Daemon...
Nov 03 13:40:37 witherspoon avahi-daemon[1030]: Got SIGTERM, quitting.
Nov 03 13:40:37 witherspoon avahi-daemon[1030]: Leaving mDNS multicast group on interface eth0.IPv6 with address fe80::72e2:84ff:fe14:23e1.
Nov 03 13:40:37 witherspoon avahi-daemon[1030]: Leaving mDNS multicast group on interface eth0.IPv4 with address 9.3.86.161.
Nov 03 13:40:38 witherspoon avahi-daemon[1030]: avahi-daemon 0.6.32 exiting.
Nov 03 13:40:38 witherspoon systemd[1]: Stopping Avahi mDNS/DNS-SD Stack...
Nov 03 13:40:38 witherspoon kernel[1002]: klogd: exiting
Nov 03 13:40:38 witherspoon systemd[1]: Stopping Kernel Logging Service...
Nov 03 13:40:38 witherspoon systemd[1]: Stopping System Logging Service...
Nov 03 13:40:38 witherspoon systemd[1]: Stopped target Login Prompts.
Nov 03 13:40:38 witherspoon systemd[1]: Stopping Phosphor DBus Monitor...
Nov 03 13:40:38 witherspoon systemd[1]: Stopping FRU Fault monitor service...
Nov 03 13:40:38 witherspoon systemd[1]: Stopping Phosphor IPMI BT DBus Bridge...
Nov 03 13:40:38 witherspoon systemd[1]: Stopping Phoshpor System Manager...
Nov 03 13:40:38 witherspoon systemd[1]: Stopping Phosphor Download Manager...
Nov 03 13:40:38 witherspoon systemd[1]: Stopping Phosphor Settings Daemon...
Nov 03 13:40:38 witherspoon systemd[1]: Stopping Phosphor Time Manager daemon...
Nov 03 13:40:38 witherspoon systemd[1]: Stopping Phosphor Version Software Manager...
Nov 03 13:40:38 witherspoon systemd[1]: Stopping Phosphor Reset Button0...
Nov 03 13:40:38 witherspoon systemd[1]: Stopping Phosphor Dump core monitor....
Nov 03 13:40:38 witherspoon systemd[1]: Stopping Phosphor Power0 Control...
Nov 03 13:40:38 witherspoon systemd[1]: Stopping Phosphor BMC Code Update...
Nov 03 13:40:38 witherspoon systemd[1]: Stopping Phosphor Chassis0 Control...
Nov 03 13:40:38 witherspoon systemd[1]: Stopping Phosphor Network Manager...
Nov 03 13:40:38 witherspoon systemd[1]: Stopping Phosphor Sensor Manager...
Nov 03 13:40:38 witherspoon systemd[1]: Stopping Witherspoon Power Supply 0 Monitor...
Nov 03 13:40:38 witherspoon systemd[1]: Removed slice system-op\x2dwait\x2dpower\x2doff.slice.
Nov 03 13:40:38 witherspoon systemd[1]: Stopping Phosphor sysfs LED controller...
Nov 03 13:40:38 witherspoon systemd[1]: Stopping Serial Getty on ttyS4...
Nov 03 13:40:38 witherspoon systemd[1]: Removed slice system-phosphor\x2ddiscover\x2dsystem\x2dstate.slice.
Nov 03 13:40:41 witherspoon systemd[1]: Stopped Phosphor sysfs LED controller.
Nov 03 13:40:41 witherspoon systemd[1]: Stopped Phosphor Download Manager.
Nov 03 13:40:41 witherspoon systemd[1]: Stopped Hardware RNG Entropy Gatherer Daemon.
Nov 03 13:40:41 witherspoon systemd[1]: Stopped Phosphor sysfs LED controller.
Nov 03 13:40:41 witherspoon systemd[1]: Stopped Phosphor Dump core monitor..
Nov 03 13:40:41 witherspoon systemd[1]: Stopped Phosphor sysfs LED controller.
Nov 03 13:40:41 witherspoon systemd[1]: Stopped Phosphor sysfs LED controller.
Nov 03 13:40:41 witherspoon systemd[1]: Stopped Phosphor sysfs LED controller.
Nov 03 13:40:41 witherspoon systemd[1]: Stopped Kernel Logging Service.
Nov 03 13:40:41 witherspoon systemd[1]: Stopped Phosphor IPMI BT DBus Bridge.
Nov 03 13:40:41 witherspoon systemd[1]: Stopped Phosphor sysfs LED controller.
Nov 03 13:40:41 witherspoon systemd[1]: Stopped Phosphor User Manager.
Nov 03 13:40:41 witherspoon systemd[1]: Stopped Phosphor Sensor Manager.
Nov 03 13:40:41 witherspoon systemd[1]: Stopped Phosphor sysfs LED controller.
Nov 03 13:40:41 witherspoon systemd[1]: Stopped Phosphor Download Manager.
Nov 03 13:40:41 witherspoon systemd[1]: Stopped Phosphor sysfs LED controller.
Nov 03 13:40:41 witherspoon systemd[1]: Stopped Phosphor Log Manager.
Nov 03 13:40:41 witherspoon systemd[1]: Stopped Phosphor sysfs LED controller.
Nov 03 13:40:41 witherspoon systemd[1]: Stopped Phosphor Chassis0 Control.
Nov 03 13:40:41 witherspoon systemd[1]: Stopped Phosphor Inventory Manager.
Nov 03 13:40:41 witherspoon systemd[1]: Stopped System Logging Service.
Nov 03 13:40:41 witherspoon systemd[1]: Stopped Avahi mDNS/DNS-SD Stack.
Nov 03 13:40:41 witherspoon systemd[1]: Stopped Phosphor Settings Daemon.
Nov 03 13:40:41 witherspoon systemd[1]: Stopped Phosphor Network Manager.
Nov 03 13:40:41 witherspoon systemd[1]: Stopped Phosphor BMC0 Control.
Nov 03 13:40:41 witherspoon systemd[1]: Stopped Phosphor Console Muxer listening on device /dev/ttyVUART0.
Nov 03 13:40:42 witherspoon systemd[1]: Stopped Phosphor sysfs LED controller.
Nov 03 13:40:42 witherspoon systemd[1]: Stopped Phosphor Dump Manager.
Nov 03 13:40:42 witherspoon systemd[1]: Stopped Lightweight SLP Server.
Nov 03 13:40:42 witherspoon systemd[1]: Stopped Serial Getty on ttyS4.
Nov 03 13:40:42 witherspoon systemd[1]: Stopped Phosphor Hwmon Poller.
Nov 03 13:40:42 witherspoon systemd[1]: Stopped Phosphor Hwmon Poller.
Nov 03 13:40:42 witherspoon systemd[1]: Stopped Phosphor Network Manager.
Nov 03 13:40:42 witherspoon systemd[1]: Stopped Phoshpor System Manager.
Nov 03 13:40:42 witherspoon systemd[1]: Stopped Phosphor DBus Monitor.
Nov 03 13:40:42 witherspoon systemd[1]: Stopped Phosphor Webserver.
Nov 03 13:40:42 witherspoon systemd[1]: Stopped Phosphor Hwmon Poller.
Nov 03 13:40:42 witherspoon systemd[1]: Stopped Phosphor Hwmon Poller.
Nov 03 13:40:42 witherspoon systemd[1]: Stopped OpenPOWER OCC controller.
Nov 03 13:40:42 witherspoon systemd[1]: Stopped Phosphor GPIO 1 Presence.
Nov 03 13:40:42 witherspoon systemd[1]: Stopped Phosphor GPIO 0 Presence.
Nov 03 13:40:42 witherspoon systemd[1]: Stopped FRU Fault monitor service.
Nov 03 13:40:42 witherspoon systemd[1]: Stopped Phosphor BMC Code Update.
Nov 03 13:40:42 witherspoon systemd[1]: Stopped Phosphor MBOX Daemon.
Nov 03 13:40:42 witherspoon systemd[1]: Stopped Phosphor Version Software Manager.
Nov 03 13:40:42 witherspoon systemd[1]: Stopped Phosphor Power0 Control.
Nov 03 13:40:42 witherspoon systemd[1]: Stopped Phosphor Reset Button0.
Nov 03 13:40:42 witherspoon systemd[1]: Stopped Phosphor Power Button0.
Nov 03 13:40:42 witherspoon systemd[1]: Stopped Phosphor Chassis State Manager.
Nov 03 13:40:42 witherspoon systemd[1]: Stopped Phosphor BMC State Manager.
Nov 03 13:40:42 witherspoon systemd[1]: Stopped Phosphor Inband IPMI.
Nov 03 13:40:42 witherspoon systemd[1]: Stopped Witherspoon Power Supply 1 Monitor.
Nov 03 13:40:43 witherspoon systemd[1]: Stopped Witherspoon Power Supply 0 Monitor.
Nov 03 13:40:43 witherspoon systemd[1]: Stopped Phosphor Host State Manager.
Nov 03 13:40:43 witherspoon systemd[1]: Stopped Phosphor Time Manager daemon.
Nov 03 13:40:43 witherspoon systemd[1]: witherspoon-fan-watchdog.service: Main process exited, code=killed, status=9/KILL
Nov 03 13:40:43 witherspoon systemd[1]: Stopped Witherspoon Fan Watchdog Daemon.
Nov 03 13:40:43 witherspoon systemd[1]: witherspoon-fan-watchdog.service: Unit entered failed state.
Nov 03 13:40:43 witherspoon systemd[1]: witherspoon-fan-watchdog.service: Failed with result 'signal'.
Nov 03 13:40:43 witherspoon systemd[1]: Stopped Phosphor Hwmon Poller.
Nov 03 13:40:43 witherspoon systemd[1]: Stopped Phosphor Hwmon Poller.
Nov 03 13:40:43 witherspoon systemd[1]: Stopped Phosphor Hwmon Poller.
Nov 03 13:40:43 witherspoon systemd[1]: Stopped Phosphor Hwmon Poller.
Nov 03 13:40:43 witherspoon systemd[1]: Stopped SSH Per-Connection Server (9.41.165.94:39286).
Nov 03 13:40:43 witherspoon systemd[1]: Stopped SSH Per-Connection Server (9.41.165.94:39300).
Nov 03 13:40:43 witherspoon systemd[1]: Stopped SSH Per-Connection Server (9.41.165.94:39302).
Nov 03 13:40:43 witherspoon systemd[1]: Stopped SSH Per-Connection Server (9.41.165.94:39304).
Nov 03 13:40:43 witherspoon systemd[1]: Stopped SSH Per-Connection Server (9.41.165.94:39306).
Nov 03 13:40:43 witherspoon systemd[1]: Stopped SSH Per-Connection Server (9.41.165.94:39316).
Nov 03 13:40:45 witherspoon systemd[1]: Removed slice system-dropbear.slice.
Nov 03 13:40:45 witherspoon systemd[1]: Stopped Wait for /xyz/openbmc_project/time/sync_method.
Nov 03 13:40:45 witherspoon systemd[1]: Stopped Wait for /xyz/openbmc_project/time/owner.
Nov 03 13:40:45 witherspoon systemd[1]: Stopped Wait for /xyz/openbmc_project/state/host0.
Nov 03 13:40:45 witherspoon systemd[1]: Stopped Wait for /xyz/openbmc_project/control/host0/auto_reboot.
Nov 03 13:40:45 witherspoon systemd[1]: Stopped Wait for /xyz/openbmc_project/inventory/system/chassis/power_supply0.
Nov 03 13:40:45 witherspoon systemd[1]: Stopped Wait for /org/openbmc/control/power0.
Nov 03 13:40:45 witherspoon systemd[1]: Stopped Wait for /xyz/openbmc_project/inventory/system/chassis/power_supply1.
Nov 03 13:40:45 witherspoon systemd[1]: Removed slice system-witherspoon\x2dpower\x2dsupply\x2dmonitor.slice.
Nov 03 13:40:45 witherspoon systemd[1]: Stopped Wait for /org/openbmc/settings/host0.
Nov 03 13:40:45 witherspoon systemd[1]: Stopping Phosphor Settings Manager...
Nov 03 13:40:45 witherspoon systemd[1]: Stopped Wait for /xyz/openbmc_project/control/host0/boot.
Nov 03 13:40:45 witherspoon systemd[1]: Stopped Wait for /xyz/openbmc_project/control/host0/boot/one_time.
Nov 03 13:40:45 witherspoon systemd[1]: Stopped Wait for /xyz/openbmc_project/control/host0/restriction_mode.
Nov 03 13:40:45 witherspoon systemd[1]: Stopped Wait for /xyz/openbmc_project/control/host0/power_restore_policy.
Nov 03 13:40:45 witherspoon systemd[1]: Stopped Clear one time boot overrides.
Nov 03 13:40:45 witherspoon systemd[1]: Removed slice system-org.openbmc.buttons.Power.slice.
Nov 03 13:40:45 witherspoon systemd[1]: Removed slice system-org.openbmc.buttons.reset.slice.
Nov 03 13:40:45 witherspoon systemd[1]: Stopped Wait for /org/openbmc/managers/System.
Nov 03 13:40:45 witherspoon systemd[1]: Removed slice system-org.openbmc.control.Power.slice.
Nov 03 13:40:45 witherspoon systemd[1]: Stopping OpenBMC Software Update Manager...
Nov 03 13:40:45 witherspoon systemd[1]: Stopping OpenPower Software Update Manager...
Nov 03 13:40:45 witherspoon systemd[1]: Stopped Check PNOR UBI format.
Nov 03 13:40:46 witherspoon systemd[1]: Stopped Wait for /org/openbmc/managers/Download.
Nov 03 13:40:46 witherspoon systemd[1]: Stopped Wait for /org/openbmc/control/bmc0.
Nov 03 13:40:46 witherspoon systemd[1]: Stopped Wait for /xyz/openbmc_project/led/groups.
Nov 03 13:40:46 witherspoon systemd[1]: Stopping Phosphor LED Group Management Daemon...
Nov 03 13:40:46 witherspoon systemd[1]: Removed slice system-phosphor\x2dgpio\x2dpresence.slice.
Nov 03 13:40:46 witherspoon systemd[1]: Stopped Wait for /xyz/openbmc_project/inventory.
Nov 03 13:40:46 witherspoon systemd[1]: Removed slice system-mapper\x2dwait.slice.
Nov 03 13:40:46 witherspoon systemd[1]: Stopping Phosphor Inventory Manager...
Nov 03 13:40:46 witherspoon systemd[1]: Stopped target Webserver (pre).
Nov 03 13:40:46 witherspoon systemd[1]: Removed slice system-xyz.openbmc_project.Hwmon.slice.
Nov 03 13:40:46 witherspoon systemd[1]: Stopping Permit User Sessions...
Nov 03 13:40:46 witherspoon systemd[1]: Removed slice system-serial\x2dgetty.slice.
Nov 03 13:40:46 witherspoon systemd[1]: Removed slice system-obmc\x2dconsole.slice.
Nov 03 13:40:46 witherspoon systemd[1]: Removed slice system-org.openbmc.control.Bmc.slice.
Nov 03 13:40:47 witherspoon systemd[1]: Removed slice system-org.openbmc.control.Chassis.slice.
Nov 03 13:40:47 witherspoon systemd[1]: Removed slice system-xyz.openbmc_project.led.controller.slice.
Nov 03 13:40:47 witherspoon systemd[1]: Stopped Phosphor Inventory Manager.
Nov 03 13:40:47 witherspoon systemd[1]: Stopped Phosphor LED Group Management Daemon.
Nov 03 13:40:48 witherspoon systemd[1]: Stopped OpenPower Software Update Manager.
Nov 03 13:40:48 witherspoon systemd[1]: Stopped Phosphor Settings Manager.
Nov 03 13:40:48 witherspoon systemd[1]: Stopped OpenBMC Software Update Manager.
Nov 03 13:40:48 witherspoon systemd[1]: Stopped Permit User Sessions.
Nov 03 13:40:48 witherspoon systemd[1]: Stopped target Remote File Systems.
Nov 03 13:40:48 witherspoon systemd[1]: Stopped target Network.
Nov 03 13:40:48 witherspoon systemd[1]: Stopping Network Service...
Nov 03 13:40:48 witherspoon systemd[1]: Stopped target Phosphor Object Mapper.
Nov 03 13:40:48 witherspoon systemd-timesyncd[992]: Network configuration changed, trying to establish connection.
Nov 03 13:40:48 witherspoon systemd[1]: Stopping Phosphor DBus Service Discovery Manager...
Nov 03 13:40:48 witherspoon systemd[1]: Stopped Phosphor DBus Service Discovery Manager.
Nov 03 13:40:48 witherspoon systemd[1]: Stopped Network Service.
Nov 03 13:40:48 witherspoon systemd[1]: Stopping D-Bus System Message Bus...
Nov 03 13:40:48 witherspoon systemd[1]: Stopped D-Bus System Message Bus.
Nov 03 13:40:48 witherspoon systemd[1]: Failed to propagate agent release message: Connection reset by peer
Nov 03 13:40:48 witherspoon systemd[1]: Failed to propagate agent release message: Transport endpoint is not connected
Nov 03 13:40:48 witherspoon systemd[1]: Failed to propagate agent release message: Transport endpoint is not connected
Nov 03 13:40:48 witherspoon systemd[1]: Stopped target Basic System.
Nov 03 13:40:48 witherspoon systemd[1]: Stopped target Paths.
Nov 03 13:40:48 witherspoon systemd[1]: Stopped Dispatch Password Requests to Console Directory Watch.
Nov 03 13:40:48 witherspoon systemd[1]: Stopped Forward Password Requests to Wall Directory Watch.
Nov 03 13:40:48 witherspoon systemd[1]: Stopped target Slices.
Nov 03 13:40:48 witherspoon systemd[1]: Stopped target Sockets.
Nov 03 13:40:48 witherspoon systemd[1]: Closed Phosphor Host Console SSH Per-Connection socket.
Nov 03 13:40:48 witherspoon systemd[1]: Closed Syslog Socket.
Nov 03 13:40:48 witherspoon systemd[1]: Closed phosphor-ipmi-net.socket.
Nov 03 13:40:48 witherspoon systemd[1]: Closed Phosphor Webserver socket.
Nov 03 13:40:49 witherspoon systemd[1]: Closed Phosphor DBUS Browser socket.
Nov 03 13:40:49 witherspoon systemd[1]: Closed dropbear.socket.
Nov 03 13:40:49 witherspoon systemd[1]: Closed Avahi mDNS/DNS-SD Stack Activation Socket.
Nov 03 13:40:49 witherspoon systemd[1]: Closed D-Bus System Message Bus Socket.
Nov 03 13:40:49 witherspoon systemd[1]: Stopped target System Initialization.
Nov 03 13:40:49 witherspoon systemd[1]: Stopping Network Time Synchronization...
Nov 03 13:40:49 witherspoon systemd[1]: Stopped Update is Completed.
Nov 03 13:40:49 witherspoon systemd[1]: Stopped Rebuild Journal Catalog.
Nov 03 13:40:49 witherspoon systemd[1]: Stopped Apply Kernel Variables.
Nov 03 13:40:49 witherspoon systemd[1]: Stopping Load/Save Random Seed...
Nov 03 13:40:49 witherspoon systemd[1]: Stopped Network Time Synchronization.
Nov 03 13:40:49 witherspoon systemd[1]: Stopped Load/Save Random Seed.
Nov 03 13:40:49 witherspoon systemd[1]: Stopped Create Volatile Files and Directories.
Nov 03 13:40:49 witherspoon systemd[1]: Stopped Flush Journal to Persistent Storage.
Nov 03 13:40:49 witherspoon systemd[1]: Stopped target Local File Systems.
Nov 03 13:40:49 witherspoon systemd[1]: Unmounting /media/pnor-rw-8764baa3...
Nov 03 13:40:49 witherspoon systemd[1]: Unmounting /home...
Nov 03 13:40:49 witherspoon systemd[1]: Unmounting /usr/local/share/pnor...
Nov 03 13:40:49 witherspoon systemd[1]: Unmounting /media/pnor-prsv...
Nov 03 13:40:49 witherspoon kernel: UBIFS (ubi8:4): un-mount UBI device 8
Nov 03 13:40:49 witherspoon kernel: UBIFS (ubi8:4): background thread "ubifs_bgt8_4" stops
Nov 03 13:40:49 witherspoon kernel: UBIFS (ubi8:3): un-mount UBI device 8
Nov 03 13:40:49 witherspoon kernel: UBIFS (ubi8:3): background thread "ubifs_bgt8_3" stops
Nov 03 13:40:49 witherspoon systemd[1]: Unmounting /var/volatile...
Nov 03 13:40:49 witherspoon systemd[1]: Unmounting /media/pnor-ro-8764baa3...
Nov 03 13:40:49 witherspoon systemd[1]: Unmounting /etc/machine-id...
Nov 03 13:40:49 witherspoon systemd[1]: Unmounting /media/pnor-rw-7a9ef57c...
Nov 03 13:40:50 witherspoon systemd[1]: Unmounting /media/rofs-303c488c...
Nov 03 13:40:50 witherspoon systemd[1]: Unmounting /media/pnor-ro-7a9ef57c...
Nov 03 13:40:50 witherspoon kernel: UBIFS (ubi8:2): un-mount UBI device 8
Nov 03 13:40:50 witherspoon kernel: UBIFS (ubi8:2): background thread "ubifs_bgt8_2" stops
Nov 03 13:40:50 witherspoon systemd[1]: Unmounting Temporary Directory...
Nov 03 13:40:50 witherspoon kernel: UBIFS (ubi8:5): un-mount UBI device 8
Nov 03 13:40:50 witherspoon kernel: UBIFS (ubi8:5): background thread "ubifs_bgt8_5" stops
Nov 03 13:40:50 witherspoon systemd[1]: Unmounted /media/pnor-rw-8764baa3.
Nov 03 13:40:50 witherspoon systemd[1]: home.mount: Mount process exited, code=exited status=1
Nov 03 13:40:50 witherspoon systemd[1]: Failed unmounting /home.
Nov 03 13:40:50 witherspoon systemd[1]: Unmounted /usr/local/share/pnor.
Nov 03 13:40:50 witherspoon systemd[1]: Unmounted /media/pnor-prsv.
Nov 03 13:40:50 witherspoon systemd[1]: Unmounted /var/volatile.
Nov 03 13:40:50 witherspoon systemd[1]: Unmounted /media/pnor-ro-8764baa3.
Nov 03 13:40:50 witherspoon systemd[1]: etc-machine\x2did.mount: Mount process exited, code=exited status=1
Nov 03 13:40:50 witherspoon systemd[1]: Failed unmounting /etc/machine-id.
Nov 03 13:40:50 witherspoon systemd[1]: media-pnor\x2drw\x2d7a9ef57c.mount: Mount process exited, code=exited status=1
Nov 03 13:40:50 witherspoon systemd[1]: Failed unmounting /media/pnor-rw-7a9ef57c.
Nov 03 13:40:51 witherspoon systemd[1]: media-rofs\x2d303c488c.mount: Mount process exited, code=exited status=1
Nov 03 13:40:51 witherspoon systemd[1]: Unmounted /media/rofs-303c488c.
Nov 03 13:40:51 witherspoon systemd[1]: media-rofs\x2d303c488c.mount: Unit entered failed state.
Nov 03 13:40:51 witherspoon systemd[1]: media-pnor\x2dro\x2d7a9ef57c.mount: Mount process exited, code=exited status=1
Nov 03 13:40:51 witherspoon systemd[1]: Unmounted /media/pnor-ro-7a9ef57c.
Nov 03 13:40:51 witherspoon systemd[1]: media-pnor\x2dro\x2d7a9ef57c.mount: Unit entered failed state.
Nov 03 13:40:51 witherspoon systemd[1]: tmp.mount: Mount process exited, code=exited status=1
Nov 03 13:40:51 witherspoon systemd[1]: Unmounted Temporary Directory.
Nov 03 13:40:51 witherspoon systemd[1]: tmp.mount: Unit entered failed state.
Nov 03 13:40:51 witherspoon systemd[1]: Stopped target Swap.
Nov 03 13:40:51 witherspoon systemd[1]: Unmounting /etc...
Nov 03 13:40:51 witherspoon systemd[1]: Unmounting /usr/local...
Nov 03 13:40:51 witherspoon systemd[1]: Unmounting /var...
Nov 03 13:40:51 witherspoon systemd[1]: Unmounting /media...
Nov 03 13:40:51 witherspoon systemd[1]: Unmounted /etc.
Nov 03 13:40:51 witherspoon systemd[1]: Unmounted /usr/local.
Nov 03 13:40:51 witherspoon systemd[1]: var.mount: Mount process exited, code=exited status=1
Nov 03 13:40:51 witherspoon systemd[1]: Failed unmounting /var.
Nov 03 13:40:51 witherspoon systemd[1]: Unmounted /media.
Nov 03 13:40:51 witherspoon systemd[1]: Reached target Unmount All Filesystems.
Nov 03 13:40:51 witherspoon systemd[1]: Stopped target Local File Systems (Pre).
Nov 03 13:40:51 witherspoon systemd[1]: Stopped Create Static Device Nodes in /dev.
Nov 03 13:40:51 witherspoon systemd[1]: Stopped Remount Root and Kernel File Systems.
Nov 03 13:40:51 witherspoon systemd[1]: Reached target Shutdown.
Nov 03 13:40:51 witherspoon systemd[1]: Reached target Final Step.
Nov 03 13:40:51 witherspoon systemd[1]: Starting Reboot...
Nov 03 13:40:52 witherspoon systemd[1]: Shutting down.
Nov 03 13:40:52 witherspoon systemd[1]: Hardware watchdog 'aspeed_wdt', version 0
Nov 03 13:40:52 witherspoon systemd[1]: Set hardware watchdog to 10min.
Nov 03 13:40:52 witherspoon kernel: watchdog: watchdog0: watchdog did not stop!
Nov 03 13:40:52 witherspoon kernel: systemd-shutdow: 64 output lines suppressed due to ratelimiting
Nov 03 13:40:53 witherspoon systemd-shutdown[1]: Sending SIGTERM to remaining processes...
Nov 03 13:40:53 witherspoon systemd-journald[983]: Journal stopped
-- Reboot --
Nov 03 13:41:25 witherspoon systemd-journald[948]: Time spent on flushing to /var is 7.168ms for 0 entries.
Nov 03 13:41:25 witherspoon kernel: Booting Linux on physical CPU 0x0
Nov 03 13:41:25 witherspoon kernel: Linux version 4.10.17-67fda6b3a8b85e3063fc46fb3262ffb130ba396d (jenkins@openbmc-builder1) (gcc version 6.2.0 (GCC) ) #1 Wed Nov 1 07:50:18 UTC 2017
Nov 03 13:41:25 witherspoon kernel: CPU: ARMv6-compatible processor [410fb767] revision 7 (ARMv7), cr=00c5387d
Nov 03 13:41:25 witherspoon kernel: CPU: PIPT / VIPT nonaliasing data cache, VIPT nonaliasing instruction cache
Nov 03 13:41:25 witherspoon kernel: OF: fdt:Machine model: Witherspoon BMC
Nov 03 13:41:25 witherspoon kernel: Memory policy: Data cache writeback
Nov 03 13:41:25 witherspoon kernel: SOC Rev: 04030303
Nov 03 13:41:25 witherspoon kernel: On node 0 totalpages: 110592
Nov 03 13:41:25 witherspoon kernel: free_area_init_node: node 0, pgdat 806018a4, node_mem_map 9ec1a000
Nov 03 13:41:25 witherspoon kernel:   Normal zone: 992 pages used for memmap
Nov 03 13:41:25 witherspoon kernel:   Normal zone: 0 pages reserved
Nov 03 13:41:25 witherspoon kernel:   Normal zone: 110592 pages, LIFO batch:31
Nov 03 13:41:25 witherspoon kernel: pcpu-alloc: s0 r0 d32768 u32768 alloc=1*32768
Nov 03 13:41:25 witherspoon kernel: pcpu-alloc: [0] 0 
Nov 03 13:41:25 witherspoon kernel: Built 1 zonelists in Zone order, mobility grouping on.  Total pages: 109600
Nov 03 13:41:25 witherspoon kernel: Kernel command line: console=ttyS4,115200n8 ubi.mtd=obmc-ubi,0,0,0 ubi.mtd=alt-obmc-ubi,0,0,4 ro rootfstype=squashfs ubi.block=0,0 root=/dev/ubiblock0_0
Nov 03 13:41:25 witherspoon kernel: PID hash table entries: 2048 (order: 1, 8192 bytes)
Nov 03 13:41:25 witherspoon kernel: Dentry cache hash table entries: 65536 (order: 6, 262144 bytes)
Nov 03 13:41:25 witherspoon kernel: Inode-cache hash table entries: 32768 (order: 5, 131072 bytes)
Nov 03 13:41:25 witherspoon kernel: Memory: 431968K/442368K available (4078K kernel code, 282K rwdata, 1188K rodata, 284K init, 111K bss, 10400K reserved, 0K cma-reserved)
Nov 03 13:41:25 witherspoon kernel: Virtual kernel memory layout:
                                        vector  : 0xffff0000 - 0xffff1000   (   4 kB)
                                        fixmap  : 0xffc00000 - 0xfff00000   (3072 kB)
                                        vmalloc : 0x9f800000 - 0xff800000   (1536 MB)
                                        lowmem  : 0x80000000 - 0x9f000000   ( 496 MB)
                                          .text : 0x80008000 - 0x80403d70   (4080 kB)
                                          .init : 0x80587000 - 0x805ce000   ( 284 kB)
                                          .data : 0x805ce000 - 0x80614800   ( 282 kB)
                                           .bss : 0x80614800 - 0x80630698   ( 112 kB)
Nov 03 13:41:25 witherspoon kernel: NR_IRQS:16 nr_irqs:16 16
Nov 03 13:41:25 witherspoon kernel: i2c controller registered, irq 16
Nov 03 13:41:25 witherspoon kernel: clocksource: moxart_timer: mask: 0xffffffff max_cycles: 0xffffffff, max_idle_ns: 77222644334 ns
Nov 03 13:41:25 witherspoon kernel: sched_clock: 32 bits at 100 Hz, resolution 10000000ns, wraps every 21474836475000000ns
Nov 03 13:41:25 witherspoon kernel: Calibrating delay loop... 789.70 BogoMIPS (lpj=3948544)
Nov 03 13:41:25 witherspoon kernel: pid_max: default: 32768 minimum: 301
Nov 03 13:41:25 witherspoon kernel: Mount-cache hash table entries: 1024 (order: 0, 4096 bytes)
Nov 03 13:41:25 witherspoon kernel: Mountpoint-cache hash table entries: 1024 (order: 0, 4096 bytes)
Nov 03 13:41:25 witherspoon kernel: CPU: Testing write buffer coherency: ok
Nov 03 13:41:25 witherspoon kernel: ftrace: allocating 14998 entries in 44 pages
Nov 03 13:41:25 witherspoon kernel: Setting up static identity map for 0x80008200 - 0x8000825c
Nov 03 13:41:25 witherspoon kernel: devtmpfs: initialized
Nov 03 13:41:25 witherspoon kernel: clocksource: jiffies: mask: 0xffffffff max_cycles: 0xffffffff, max_idle_ns: 19112604462750000 ns
Nov 03 13:41:25 witherspoon kernel: futex hash table entries: 256 (order: -1, 3072 bytes)
Nov 03 13:41:25 witherspoon kernel: pinctrl core: initialized pinctrl subsystem
Nov 03 13:41:25 witherspoon kernel: NET: Registered protocol family 16
Nov 03 13:41:25 witherspoon kernel: DMA: preallocated 256 KiB pool for atomic coherent allocations
Nov 03 13:41:25 witherspoon kernel: usbcore: registered new interface driver usbfs
Nov 03 13:41:25 witherspoon kernel: usbcore: registered new interface driver hub
Nov 03 13:41:25 witherspoon kernel: usbcore: registered new device driver usb
Nov 03 13:41:25 witherspoon kernel: clocksource: Switched to clocksource moxart_timer
Nov 03 13:41:25 witherspoon kernel: NET: Registered protocol family 2
Nov 03 13:41:25 witherspoon kernel: TCP established hash table entries: 4096 (order: 2, 16384 bytes)
Nov 03 13:41:25 witherspoon kernel: TCP bind hash table entries: 4096 (order: 2, 16384 bytes)
Nov 03 13:41:25 witherspoon kernel: TCP: Hash tables configured (established 4096 bind 4096)
Nov 03 13:41:25 witherspoon kernel: UDP hash table entries: 256 (order: 0, 4096 bytes)
Nov 03 13:41:25 witherspoon kernel: UDP-Lite hash table entries: 256 (order: 0, 4096 bytes)
Nov 03 13:41:25 witherspoon kernel: NET: Registered protocol family 1
Nov 03 13:41:25 witherspoon kernel: workingset: timestamp_bits=30 max_order=17 bucket_order=0
Nov 03 13:41:25 witherspoon kernel: squashfs: version 4.0 (2009/01/31) Phillip Lougher
Nov 03 13:41:25 witherspoon kernel: jffs2: version 2.2. (SUMMARY)  Â© 2001-2006 Red Hat, Inc.
Nov 03 13:41:25 witherspoon kernel: Block layer SCSI generic (bsg) driver version 0.4 loaded (major 250)
Nov 03 13:41:25 witherspoon kernel: io scheduler noop registered
Nov 03 13:41:25 witherspoon kernel: io scheduler deadline registered
Nov 03 13:41:25 witherspoon kernel: io scheduler cfq registered (default)
Nov 03 13:41:25 witherspoon kernel: ipmi-bt-host 1e789140.ibt: Found bt bmc device
Nov 03 13:41:25 witherspoon kernel: ipmi-bt-host 1e789140.ibt: Using IRQ 22
Nov 03 13:41:25 witherspoon kernel: Serial: 8250/16550 driver, 6 ports, IRQ sharing enabled
Nov 03 13:41:25 witherspoon kernel: 1e787000.vuart: ttyS5 at MMIO 0x1e787000 (irq = 22, base_baud = 1500000) is a 16550A
Nov 03 13:41:25 witherspoon kernel: 1e783000.serial: ttyS0 at MMIO 0x1e783000 (irq = 23, base_baud = 1500000) is a 16550A
Nov 03 13:41:25 witherspoon kernel: 1e78d000.serial: ttyS1 at MMIO 0x1e78d000 (irq = 24, base_baud = 1500000) is a 16550A
Nov 03 13:41:25 witherspoon kernel: 1e784000.serial: ttyS4 at MMIO 0x1e784000 (irq = 25, base_baud = 1500000) is a 16550A
Nov 03 13:41:25 witherspoon kernel: console [ttyS4] enabled
Nov 03 13:41:25 witherspoon kernel: timeriomem_rng 1e6e2078.hwrng: 32bits from 0xf00e2078 @ 1us
Nov 03 13:41:25 witherspoon kernel: random: fast init done
Nov 03 13:41:25 witherspoon kernel: brd: module loaded
Nov 03 13:41:25 witherspoon kernel: loop: module loaded
Nov 03 13:41:25 witherspoon kernel: aspeed-lpc-ctrl 1e789080.lpc-ctrl: Loaded at 0x98000000 (0x04000000)
Nov 03 13:41:25 witherspoon kernel: aspeed-smc 1e620000.flash-controller: Using IRQ 18
Nov 03 13:41:25 witherspoon kernel: aspeed-smc 1e620000.flash-controller: DMA support disabled.
Nov 03 13:41:25 witherspoon kernel: aspeed-smc 1e620000.flash-controller: mx25l25635e (32768 Kbytes)
Nov 03 13:41:25 witherspoon kernel: aspeed-smc 1e620000.flash-controller: CE0 window [ 0x20000000 - 0x22000000 ] 32MB
Nov 03 13:41:25 witherspoon kernel: aspeed-smc 1e620000.flash-controller: CE1 window [ 0x22000000 - 0x2a000000 ] 128MB
Nov 03 13:41:25 witherspoon kernel: 3 ofpart partitions found on MTD device bmc
Nov 03 13:41:25 witherspoon kernel: Creating 3 MTD partitions on "bmc":
Nov 03 13:41:25 witherspoon kernel: 0x000000000000-0x000000060000 : "u-boot"
Nov 03 13:41:25 witherspoon kernel: 0x000000060000-0x000000080000 : "u-boot-env"
Nov 03 13:41:25 witherspoon kernel: 0x000000080000-0x000002000000 : "obmc-ubi"
Nov 03 13:41:25 witherspoon kernel: aspeed-smc 1e620000.flash-controller: mx25l25635e (32768 Kbytes)
Nov 03 13:41:25 witherspoon kernel: aspeed-smc 1e620000.flash-controller: CE1 window [ 0x22000000 - 0x24000000 ] 32MB
Nov 03 13:41:25 witherspoon kernel: aspeed-smc 1e620000.flash-controller: CE2 window [ 0x24000000 - 0x2c000000 ] 128MB
Nov 03 13:41:25 witherspoon kernel: 3 ofpart partitions found on MTD device alt-bmc
Nov 03 13:41:25 witherspoon kernel: Creating 3 MTD partitions on "alt-bmc":
Nov 03 13:41:25 witherspoon kernel: 0x000000000000-0x000000060000 : "alt-u-boot"
Nov 03 13:41:25 witherspoon kernel: 0x000000060000-0x000000080000 : "alt-u-boot-env"
Nov 03 13:41:25 witherspoon kernel: 0x000000080000-0x000002000000 : "alt-obmc-ubi"
Nov 03 13:41:25 witherspoon kernel: aspeed-smc 1e630000.flash-controller: mx66l1g45g (131072 Kbytes)
Nov 03 13:41:25 witherspoon kernel: aspeed-smc 1e630000.flash-controller: CE0 window resized to 120MB (AST2500 HW quirk)
Nov 03 13:41:25 witherspoon kernel: aspeed-smc 1e630000.flash-controller: CE0 window [ 0x30000000 - 0x37800000 ] 120MB
Nov 03 13:41:25 witherspoon kernel: aspeed-smc 1e630000.flash-controller: CE0 window too small for chip 128MB
Nov 03 13:41:26 witherspoon kernel: aspeed-smc 1e630000.flash-controller: CE1 window [ 0x37800000 - 0x38000000 ] 8MB
Nov 03 13:41:26 witherspoon kernel: random: crng init done
Nov 03 13:41:26 witherspoon kernel: libphy: Fixed MDIO Bus: probed
Nov 03 13:41:26 witherspoon kernel: ftgmac100 1e660000.ethernet: Read MAC address 70:e2:84:14:23:e1 from chip
Nov 03 13:41:26 witherspoon kernel: ftgmac100 1e660000.ethernet: Using NCSI interface
Nov 03 13:41:26 witherspoon kernel: ftgmac100 1e660000.ethernet eth0: irq 20, mapped at f0060000
Nov 03 13:41:26 witherspoon kernel: ehci_hcd: USB 2.0 'Enhanced' Host Controller (EHCI) Driver
Nov 03 13:41:26 witherspoon kernel: ehci-platform: EHCI generic platform driver
Nov 03 13:41:26 witherspoon kernel: i2c /dev entries driver
Nov 03 13:41:26 witherspoon kernel: aspeed-i2c-bus 1e78a0c0.i2c-bus: i2c bus 2 registered, irq 26
Nov 03 13:41:26 witherspoon kernel: aspeed-i2c-bus 1e78a100.i2c-bus: i2c bus 3 registered, irq 27
Nov 03 13:41:26 witherspoon kernel: aspeed-i2c-bus 1e78a140.i2c-bus: i2c bus 4 registered, irq 28
Nov 03 13:41:26 witherspoon kernel: aspeed-i2c-bus 1e78a180.i2c-bus: i2c bus 5 registered, irq 29
Nov 03 13:41:26 witherspoon kernel: aspeed-i2c-bus 1e78a380.i2c-bus: i2c bus 9 registered, irq 30
Nov 03 13:41:26 witherspoon kernel: aspeed-i2c-bus 1e78a3c0.i2c-bus: i2c bus 10 registered, irq 31
Nov 03 13:41:26 witherspoon kernel: rtc-rv8803 11-0032: Voltage low, temperature compensation stopped.
Nov 03 13:41:26 witherspoon kernel: rtc-rv8803 11-0032: An alarm maybe have been missed.
Nov 03 13:41:26 witherspoon kernel: rtc-rv8803 11-0032: rtc core: registered rx8900 as rtc0
Nov 03 13:41:26 witherspoon kernel: at24 11-0051: 8192 byte 24c64 EEPROM, writable, 1 bytes/write
Nov 03 13:41:26 witherspoon kernel: aspeed-i2c-bus 1e78a400.i2c-bus: i2c bus 11 registered, irq 32
Nov 03 13:41:26 witherspoon kernel: aspeed-i2c-bus 1e78a440.i2c-bus: i2c bus 12 registered, irq 33
Nov 03 13:41:26 witherspoon kernel: aspeed-i2c-bus 1e78a480.i2c-bus: i2c bus 13 registered, irq 34
Nov 03 13:41:26 witherspoon kernel: Driver for 1-wire Dallas network protocol.
Nov 03 13:41:26 witherspoon kernel: lm75 9-004a: hwmon0: sensor 'tmp275'
Nov 03 13:41:26 witherspoon kernel: ucd9000 11-0064: Device ID UCD90160|2.3.4.0000|110603
Nov 03 13:41:26 witherspoon kernel: leds-pca955x 3-0060: leds-pca955x: Using pca9552 16-bit LED driver at slave address 0x60
Nov 03 13:41:26 witherspoon kernel: leds-pca955x 3-0060: gpios 238...253
Nov 03 13:41:26 witherspoon kernel: leds-pca955x 11-0060: leds-pca955x: Using pca9552 16-bit LED driver at slave address 0x60
Nov 03 13:41:26 witherspoon kernel: leds-pca955x 11-0060: gpios 222...237
Nov 03 13:41:26 witherspoon kernel: usbcore: registered new interface driver usbhid
Nov 03 13:41:26 witherspoon kernel: usbhid: USB HID core driver
Nov 03 13:41:26 witherspoon kernel: NET: Registered protocol family 10
Nov 03 13:41:26 witherspoon kernel: Segment Routing with IPv6
Nov 03 13:41:26 witherspoon kernel: NET: Registered protocol family 17
Nov 03 13:41:26 witherspoon kernel: 8021q: 802.1Q VLAN Support v1.8
Nov 03 13:41:26 witherspoon kernel: input: gpio-keys-polled as /devices/platform/gpio-keys-polled/input/input1
Nov 03 13:41:26 witherspoon kernel: ubi0: default fastmap pool size: 25
Nov 03 13:41:26 witherspoon kernel: ubi0: default fastmap WL pool size: 12
Nov 03 13:41:26 witherspoon kernel: ubi0: attaching mtd3
Nov 03 13:41:26 witherspoon kernel: ubi0: scanning is finished
Nov 03 13:41:26 witherspoon kernel: ubi0: attached mtd3 (name "obmc-ubi", size 31 MiB)
Nov 03 13:41:26 witherspoon kernel: ubi0: PEB size: 65536 bytes (64 KiB), LEB size: 65408 bytes
Nov 03 13:41:26 witherspoon kernel: ubi0: min./max. I/O unit sizes: 1/256, sub-page size 1
Nov 03 13:41:26 witherspoon kernel: ubi0: VID header offset: 64 (aligned 64), data offset: 128
Nov 03 13:41:26 witherspoon kernel: ubi0: good PEBs: 504, bad PEBs: 0, corrupted PEBs: 0
Nov 03 13:41:26 witherspoon kernel: ubi0: user volume: 4, internal volumes: 1, max. volumes count: 128
Nov 03 13:41:26 witherspoon kernel: ubi0: max/mean erase counter: 19/16, WL threshold: 4096, image sequence number: 1995414495
Nov 03 13:41:26 witherspoon kernel: ubi0: available PEBs: 46, total reserved PEBs: 458, PEBs reserved for bad PEB handling: 0
Nov 03 13:41:26 witherspoon kernel: ubi0: background thread "ubi_bgt0d" started, PID 507
Nov 03 13:41:26 witherspoon kernel: ubi4: default fastmap pool size: 25
Nov 03 13:41:26 witherspoon kernel: ubi4: default fastmap WL pool size: 12
Nov 03 13:41:26 witherspoon kernel: ubi4: attaching mtd7
Nov 03 13:41:26 witherspoon kernel: ubi4: scanning is finished
Nov 03 13:41:26 witherspoon kernel: ubi4: attached mtd7 (name "alt-obmc-ubi", size 31 MiB)
Nov 03 13:41:26 witherspoon kernel: ubi4: PEB size: 65536 bytes (64 KiB), LEB size: 65408 bytes
Nov 03 13:41:26 witherspoon kernel: ubi4: min./max. I/O unit sizes: 1/256, sub-page size 1
Nov 03 13:41:26 witherspoon kernel: ubi4: VID header offset: 64 (aligned 64), data offset: 128
Nov 03 13:41:26 witherspoon kernel: ubi4: good PEBs: 504, bad PEBs: 0, corrupted PEBs: 0
Nov 03 13:41:26 witherspoon kernel: ubi4: user volume: 4, internal volumes: 1, max. volumes count: 128
Nov 03 13:41:26 witherspoon kernel: ubi4: max/mean erase counter: 206/165, WL threshold: 4096, image sequence number: 1358235831
Nov 03 13:41:26 witherspoon kernel: ubi4: available PEBs: 46, total reserved PEBs: 458, PEBs reserved for bad PEB handling: 0
Nov 03 13:41:26 witherspoon kernel: ubi4: background thread "ubi_bgt4d" started, PID 513
Nov 03 13:41:26 witherspoon kernel: block ubiblock0_0: created from ubi0:0(rofs-ba47813b)
Nov 03 13:41:26 witherspoon kernel: console [netcon0] enabled
Nov 03 13:41:26 witherspoon kernel: netconsole: network logging started
Nov 03 13:41:26 witherspoon kernel: input: gpio-keys as /devices/platform/gpio-keys/input/input2
Nov 03 13:41:26 witherspoon kernel: rtc-rv8803 11-0032: setting system clock to 2017-11-03 13:41:14 UTC (1509716474)
Nov 03 13:41:26 witherspoon kernel: VFS: Mounted root (squashfs filesystem) readonly on device 254:0.
Nov 03 13:41:26 witherspoon kernel: devtmpfs: mounted
Nov 03 13:41:26 witherspoon kernel: Freeing unused kernel memory: 284K
Nov 03 13:41:26 witherspoon kernel: This architecture does not have kernel memory protection.
Nov 03 13:41:26 witherspoon systemd[1]: Failed to insert module 'autofs4': No such file or directory
Nov 03 13:41:26 witherspoon systemd[1]: systemd 232 running in system mode. (+PAM -AUDIT -SELINUX -IMA -APPARMOR -SMACK +SYSVINIT -UTMP -LIBCRYPTSETUP -GCRYPT -GNUTLS +ACL +XZ -LZ4 -SECCOMP +BLKID -ELFUTILS +KMOD -IDN)
Nov 03 13:41:26 witherspoon systemd[1]: Detected architecture arm.
Nov 03 13:41:26 witherspoon systemd[1]: Set hostname to <witherspoon>.
Nov 03 13:41:26 witherspoon systemd[1]: Initializing machine ID from random generator.
Nov 03 13:41:26 witherspoon systemd[1]: Installed transient /etc/machine-id file.
Nov 03 13:41:26 witherspoon systemd[1]: Listening on udev Kernel Socket.
Nov 03 13:41:26 witherspoon systemd[1]: Reached target Remote File Systems.
Nov 03 13:41:26 witherspoon systemd[1]: Listening on Journal Socket.
Nov 03 13:41:26 witherspoon systemd[1]: Created slice System Slice.
Nov 03 13:41:26 witherspoon systemd[1]: Created slice system-phosphor\x2dreset\x2dhost\x2drunning.slice.
Nov 03 13:41:26 witherspoon systemd[1]: Mounting /usr/local...
Nov 03 13:41:26 witherspoon systemd[1]: var.mount: Directory /var to mount over is not empty, mounting anyway.
Nov 03 13:41:26 witherspoon systemd[1]: Mounting /var...
Nov 03 13:41:26 witherspoon systemd[1]: Mounting /media...
Nov 03 13:41:26 witherspoon kernel: UBIFS (ubi0:2): background thread "ubifs_bgt0_2" started, PID 657
Nov 03 13:41:26 witherspoon systemd[1]: Starting udev Kernel Device Manager...
Nov 03 13:41:26 witherspoon systemd[1]: Mounted /usr/local.
Nov 03 13:41:26 witherspoon kernel: UBIFS (ubi0:2): UBIFS: mounted UBI device 0, volume 2, name "rwfs"
Nov 03 13:41:26 witherspoon kernel: UBIFS (ubi0:2): LEB size: 65408 bytes (63 KiB), min./max. I/O unit sizes: 8 bytes/256 bytes
Nov 03 13:41:26 witherspoon kernel: UBIFS (ubi0:2): FS size: 3597440 bytes (3 MiB, 55 LEBs), journal size 719488 bytes (0 MiB, 11 LEBs)
Nov 03 13:41:26 witherspoon kernel: UBIFS (ubi0:2): reserved for root: 0 bytes (0 KiB)
Nov 03 13:41:26 witherspoon kernel: UBIFS (ubi0:2): media format: w4/r0 (latest is w5/r0), UUID 00BDF9C0-51BC-4AE2-A17E-C4AA6C7AB8CF, small LPT model
Nov 03 13:41:26 witherspoon systemd[1]: Mounted /media.
Nov 03 13:41:26 witherspoon systemd[1]: Mounted /var.
Nov 03 13:41:26 witherspoon systemd[1]: Started udev Coldplug all Devices.
Nov 03 13:41:26 witherspoon systemd[1]: Started udev Kernel Device Manager.
Nov 03 13:41:26 witherspoon systemd-journald[948]: Journal started
Nov 03 13:41:26 witherspoon systemd-journald[948]: System journal (/var/log/journal/32cb8bbe9a8048fb93f9cf510598738f) is 0B, max 0B, 0B free.
Nov 03 13:41:26 witherspoon systemd-sysctl[537]: Couldn't write '16' to 'kernel/sysrq', ignoring: No such file or directory
Nov 03 13:41:26 witherspoon systemd-sysctl[537]: Couldn't write 'fq_codel' to 'net/core/default_qdisc', ignoring: No such file or directory
Nov 03 13:41:26 witherspoon sh[925]: /etc is not a mountpoint
Nov 03 13:41:26 witherspoon systemd[1]: Started Create System Users.
Nov 03 13:41:27 witherspoon systemd[1]: Started Journal Service.
Nov 03 13:41:27 witherspoon systemd[1]: Created slice system-xyz.openbmc_project.led.controller.slice.
Nov 03 13:41:28 witherspoon systemd[1]: dev-hugepages.mount: Couldn't determine result for ConditionVirtualization=!private-users, assuming failed: No such file or directory
Nov 03 13:41:28 witherspoon systemd[1]: Starting Flush Journal to Persistent Storage...
Nov 03 13:41:28 witherspoon systemd[1]: Starting Update is Completed...
Nov 03 13:41:28 witherspoon systemd[1]: Started Update is Completed.
Nov 03 13:41:28 witherspoon systemd-journald[948]: System journal (/var/log/journal/32cb8bbe9a8048fb93f9cf510598738f) is 0B, max 0B, 0B free.
Nov 03 13:41:28 witherspoon systemd[1]: Started Flush Journal to Persistent Storage.
Nov 03 13:41:28 witherspoon systemd[1]: Starting Create Volatile Files and Directories...
Nov 03 13:41:28 witherspoon systemd[1]: Started Create Volatile Files and Directories.
Nov 03 13:41:28 witherspoon systemd[1]: Starting Network Time Synchronization...
Nov 03 13:41:28 witherspoon systemd[1]: Started Network Time Synchronization.
Nov 03 13:41:28 witherspoon systemd[1]: Reached target System Initialization.
Nov 03 13:41:28 witherspoon systemd[1]: Listening on Avahi mDNS/DNS-SD Stack Activation Socket.
Nov 03 13:41:28 witherspoon systemd[1]: Listening on dropbear.socket.
Nov 03 13:41:29 witherspoon systemd[1]: Listening on D-Bus System Message Bus Socket.
Nov 03 13:41:29 witherspoon systemd[1]: Listening on Phosphor DBUS Browser socket.
Nov 03 13:41:29 witherspoon systemd[1]: Listening on Phosphor Host Console SSH Per-Connection socket.
Nov 03 13:41:29 witherspoon systemd[1]: Listening on phosphor-ipmi-net.socket.
Nov 03 13:41:29 witherspoon systemd[1]: Started Daily Cleanup of Temporary Directories.
Nov 03 13:41:29 witherspoon systemd[1]: Reached target Timers.
Nov 03 13:41:29 witherspoon systemd[1]: Listening on Phosphor Webserver socket.
Nov 03 13:41:29 witherspoon systemd[1]: Reached target Sockets.
Nov 03 13:41:29 witherspoon systemd[1]: Reached target Basic System.
Nov 03 13:41:29 witherspoon systemd[1]: Starting Phosphor Inventory Manager...
Nov 03 13:41:29 witherspoon systemd[1]: Started Hardware RNG Entropy Gatherer Daemon.
Nov 03 13:41:29 witherspoon systemd[1]: Starting Check PNOR UBI format...
Nov 03 13:41:29 witherspoon systemd[1]: Started Phosphor sysfs LED controller.
Nov 03 13:41:29 witherspoon systemd[1]: Starting Phosphor Sensor Manager...
Nov 03 13:41:29 witherspoon systemd[1]: Started Phosphor sysfs LED controller.
Nov 03 13:41:29 witherspoon systemd[1]: Started Phosphor sysfs LED controller.
Nov 03 13:41:29 witherspoon systemd[1]: Started Kernel Logging Service.
Nov 03 13:41:29 witherspoon systemd[1]: Started Phosphor sysfs LED controller.
Nov 03 13:41:29 witherspoon systemd[1]: Started System Logging Service.
Nov 03 13:41:29 witherspoon systemd[1]: Started Phosphor sysfs LED controller.
Nov 03 13:41:29 witherspoon systemd[1]: Reached target Containers.
Nov 03 13:41:29 witherspoon systemd[1]: Started Phosphor sysfs LED controller.
Nov 03 13:41:30 witherspoon systemd[1]: Starting Set U-Boot environment variable...
Nov 03 13:41:30 witherspoon systemd[1]: Starting Avahi mDNS/DNS-SD Stack...
Nov 03 13:41:30 witherspoon systemd[1]: Starting Phosphor Log Manager...
Nov 03 13:41:30 witherspoon systemd[1]: Starting Phosphor IPMI BT DBus Bridge...
Nov 03 13:41:30 witherspoon systemd[1]: Started D-Bus System Message Bus.
Nov 03 13:41:30 witherspoon kernel[971]: klogd started: BusyBox v1.24.1 (2017-10-11 20:44:07 UTC)
Nov 03 13:41:30 witherspoon kernel[971]: [    0.000000] Booting Linux on physical CPU 0x0
Nov 03 13:41:30 witherspoon kernel[971]: [    0.000000] Linux version 4.10.17-67fda6b3a8b85e3063fc46fb3262ffb130ba396d (jenkins@openbmc-builder1) (gcc version 6.2.0 (GCC) ) #1 Wed Nov 1 07:50:18 UTC 2017
Nov 03 13:41:30 witherspoon kernel[971]: [    0.000000] CPU: ARMv6-compatible processor [410fb767] revision 7 (ARMv7), cr=00c5387d
Nov 03 13:41:30 witherspoon kernel[971]: [    0.000000] CPU: PIPT / VIPT nonaliasing data cache, VIPT nonaliasing instruction cache
Nov 03 13:41:30 witherspoon kernel[971]: [    0.000000] OF: fdt:Machine model: Witherspoon BMC
Nov 03 13:41:30 witherspoon kernel[971]: [    0.000000] Memory policy: Data cache writeback
Nov 03 13:41:30 witherspoon kernel[971]: [    0.000000] SOC Rev: 04030303
Nov 03 13:41:30 witherspoon kernel[971]: [    0.000000] On node 0 totalpages: 110592
Nov 03 13:41:30 witherspoon kernel[971]: [    0.000000] free_area_init_node: node 0, pgdat 806018a4, node_mem_map 9ec1a000
Nov 03 13:41:30 witherspoon kernel[971]: [    0.000000]   Normal zone: 992 pages used for memmap
Nov 03 13:41:30 witherspoon kernel[971]: [    0.000000]   Normal zone: 0 pages reserved
Nov 03 13:41:30 witherspoon kernel[971]: [    0.000000]   Normal zone: 110592 pages, LIFO batch:31
Nov 03 13:41:30 witherspoon kernel[971]: [    0.000000] pcpu-alloc: s0 r0 d32768 u32768 alloc=1*32768
Nov 03 13:41:30 witherspoon kernel[971]: [    0.000000] pcpu-alloc: [0] 0
Nov 03 13:41:30 witherspoon kernel[971]: [    0.000000] Built 1 zonelists in Zone order, mobility grouping on.  Total pages: 109600
Nov 03 13:41:30 witherspoon kernel[971]: [    0.000000] Kernel command line: console=ttyS4,115200n8 ubi.mtd=obmc-ubi,0,0,0 ubi.mtd=alt-obmc-ubi,0,0,4 ro rootfstype=squashfs ubi.block=0,0 root=/dev/ubiblock0_0
Nov 03 13:41:30 witherspoon kernel[971]: [    0.000000] PID hash table entries: 2048 (order: 1, 8192 bytes)
Nov 03 13:41:30 witherspoon kernel[971]: [    0.000000] Dentry cache hash table entries: 65536 (order: 6, 262144 bytes)
Nov 03 13:41:31 witherspoon kernel[971]: [    0.000000] Inode-cache hash table entries: 32768 (order: 5, 131072 bytes)
Nov 03 13:41:31 witherspoon kernel[971]: [    0.000000] Memory: 431968K/442368K available (4078K kernel code, 282K rwdata, 1188K rodata, 284K init, 111K bss, 10400K reserved, 0K cma-reserved)
Nov 03 13:41:31 witherspoon kernel[971]: [    0.000000] Virtual kernel memory layout:
Nov 03 13:41:31 witherspoon kernel[971]: [    0.000000]     vector  : 0xffff0000 - 0xffff1000   (   4 kB)
Nov 03 13:41:31 witherspoon kernel[971]: [    0.000000]     fixmap  : 0xffc00000 - 0xfff00000   (3072 kB)
Nov 03 13:41:31 witherspoon kernel[971]: [    0.000000]     vmalloc : 0x9f800000 - 0xff800000   (1536 MB)
Nov 03 13:41:31 witherspoon kernel[971]: [    0.000000]     lowmem  : 0x80000000 - 0x9f000000   ( 496 MB)
Nov 03 13:41:31 witherspoon kernel[971]: [    0.000000]       .text : 0x80008000 - 0x80403d70   (4080 kB)
Nov 03 13:41:31 witherspoon kernel[971]: [    0.000000]       .init : 0x80587000 - 0x805ce000   ( 284 kB)
Nov 03 13:41:31 witherspoon kernel[971]: [    0.000000]       .data : 0x805ce000 - 0x80614800   ( 282 kB)
Nov 03 13:41:31 witherspoon kernel[971]: [    0.000000]        .bss : 0x80614800 - 0x80630698   ( 112 kB)
Nov 03 13:41:31 witherspoon kernel[971]: [    0.000000] NR_IRQS:16 nr_irqs:16 16
Nov 03 13:41:31 witherspoon kernel[971]: [    0.000000] i2c controller registered, irq 16
Nov 03 13:41:31 witherspoon kernel[971]: [    0.000000] clocksource: moxart_timer: mask: 0xffffffff max_cycles: 0xffffffff, max_idle_ns: 77222644334 ns
Nov 03 13:41:31 witherspoon kernel[971]: [    0.000000] sched_clock: 32 bits at 100 Hz, resolution 10000000ns, wraps every 21474836475000000ns
Nov 03 13:41:31 witherspoon kernel[971]: [    0.090000] Calibrating delay loop... 789.70 BogoMIPS (lpj=3948544)
Nov 03 13:41:31 witherspoon kernel[971]: [    0.090000] pid_max: default: 32768 minimum: 301
Nov 03 13:41:31 witherspoon kernel[971]: [    0.090000] Mount-cache hash table entries: 1024 (order: 0, 4096 bytes)
Nov 03 13:41:31 witherspoon kernel[971]: [    0.090000] Mountpoint-cache hash table entries: 1024 (order: 0, 4096 bytes)
Nov 03 13:41:31 witherspoon kernel[971]: [    0.090000] CPU: Testing write buffer coherency: ok
Nov 03 13:41:31 witherspoon kernel[971]: [    0.090000] ftrace: allocating 14998 entries in 44 pages
Nov 03 13:41:31 witherspoon kernel[971]: [    0.120000] Setting up static identity map for 0x80008200 - 0x8000825c
Nov 03 13:41:31 witherspoon kernel[971]: [    0.120000] devtmpfs: initialized
Nov 03 13:41:31 witherspoon kernel[971]: [    0.140000] clocksource: jiffies: mask: 0xffffffff max_cycles: 0xffffffff, max_idle_ns: 19112604462750000 ns
Nov 03 13:41:31 witherspoon kernel[971]: [    0.140000] futex hash table entries: 256 (order: -1, 3072 bytes)
Nov 03 13:41:31 witherspoon kernel[971]: [    0.140000] pinctrl core: initialized pinctrl subsystem
Nov 03 13:41:31 witherspoon kernel[971]: [    0.150000] NET: Registered protocol family 16
Nov 03 13:41:31 witherspoon kernel[971]: [    0.150000] DMA: preallocated 256 KiB pool for atomic coherent allocations
Nov 03 13:41:31 witherspoon kernel[971]: [    0.220000] usbcore: registered new interface driver usbfs
Nov 03 13:41:31 witherspoon kernel[971]: [    0.220000] usbcore: registered new interface driver hub
Nov 03 13:41:31 witherspoon kernel[971]: [    0.220000] usbcore: registered new device driver usb
Nov 03 13:41:31 witherspoon kernel[971]: [    0.220000] clocksource: Switched to clocksource moxart_timer
Nov 03 13:41:31 witherspoon kernel[971]: [    0.230000] NET: Registered protocol family 2
Nov 03 13:41:31 witherspoon kernel[971]: [    0.230000] TCP established hash table entries: 4096 (order: 2, 16384 bytes)
Nov 03 13:41:31 witherspoon kernel[971]: [    0.230000] TCP bind hash table entries: 4096 (order: 2, 16384 bytes)
Nov 03 13:41:31 witherspoon kernel[971]: [    0.230000] TCP: Hash tables configured (established 4096 bind 4096)
Nov 03 13:41:31 witherspoon kernel[971]: [    0.230000] UDP hash table entries: 256 (order: 0, 4096 bytes)
Nov 03 13:41:31 witherspoon kernel[971]: [    0.230000] UDP-Lite hash table entries: 256 (order: 0, 4096 bytes)
Nov 03 13:41:31 witherspoon kernel[971]: [    0.230000] NET: Registered protocol family 1
Nov 03 13:41:31 witherspoon kernel[971]: [    0.240000] workingset: timestamp_bits=30 max_order=17 bucket_order=0
Nov 03 13:41:31 witherspoon kernel[971]: [    0.240000] squashfs: version 4.0 (2009/01/31) Phillip Lougher
Nov 03 13:41:31 witherspoon kernel[971]: [    0.240000] jffs2: version 2.2. (SUMMARY)  Â© 2001-2006 Red Hat, Inc.
Nov 03 13:41:31 witherspoon kernel[971]: [    0.240000] Block layer SCSI generic (bsg) driver version 0.4 loaded (major 250)
Nov 03 13:41:31 witherspoon kernel[971]: [    0.240000] io scheduler noop registered
Nov 03 13:41:31 witherspoon kernel[971]: [    0.240000] io scheduler deadline registered
Nov 03 13:41:31 witherspoon kernel[971]: [    0.240000] io scheduler cfq registered (default)
Nov 03 13:41:31 witherspoon kernel[971]: [    0.260000] ipmi-bt-host 1e789140.ibt: Found bt bmc device
Nov 03 13:41:31 witherspoon kernel[971]: [    0.260000] ipmi-bt-host 1e789140.ibt: Using IRQ 22
Nov 03 13:41:31 witherspoon kernel[971]: [    0.260000] Serial: 8250/16550 driver, 6 ports, IRQ sharing enabled
Nov 03 13:41:31 witherspoon kernel[971]: [    0.290000] 1e787000.vuart: ttyS5 at MMIO 0x1e787000 (irq = 22, base_baud = 1500000) is a 16550A
Nov 03 13:41:31 witherspoon kernel[971]: [    0.290000] 1e783000.serial: ttyS0 at MMIO 0x1e783000 (irq = 23, base_baud = 1500000) is a 16550A
Nov 03 13:41:31 witherspoon kernel[971]: [    0.290000] 1e78d000.serial: ttyS1 at MMIO 0x1e78d000 (irq = 24, base_baud = 1500000) is a 16550A
Nov 03 13:41:31 witherspoon kernel[971]: [    0.290000] 1e784000.serial: ttyS4 at MMIO 0x1e784000 (irq = 25, base_baud = 1500000) is a 16550A
Nov 03 13:41:31 witherspoon kernel[971]: [    0.640000] console [ttyS4] enabled
Nov 03 13:41:31 witherspoon kernel[971]: [    0.780000] timeriomem_rng 1e6e2078.hwrng: 32bits from 0xf00e2078 @ 1us
Nov 03 13:41:31 witherspoon kernel[971]: [    0.800000] random: fast init done
Nov 03 13:41:31 witherspoon kernel[971]: [    0.840000] brd: module loaded
Nov 03 13:41:31 witherspoon kernel[971]: [    0.860000] loop: module loaded
Nov 03 13:41:31 witherspoon kernel[971]: [    0.870000] aspeed-lpc-ctrl 1e789080.lpc-ctrl: Loaded at 0x98000000 (0x04000000)
Nov 03 13:41:31 witherspoon kernel[971]: [    0.880000] aspeed-smc 1e620000.flash-controller: Using IRQ 18
Nov 03 13:41:31 witherspoon kernel[971]: [    0.880000] aspeed-smc 1e620000.flash-controller: DMA support disabled.
Nov 03 13:41:31 witherspoon kernel[971]: [    0.880000] aspeed-smc 1e620000.flash-controller: mx25l25635e (32768 Kbytes)
Nov 03 13:41:31 witherspoon kernel[971]: [    0.900000] aspeed-smc 1e620000.flash-controller: CE0 window [ 0x20000000 - 0x22000000 ] 32MB
Nov 03 13:41:31 witherspoon kernel[971]: [    0.900000] aspeed-smc 1e620000.flash-controller: CE1 window [ 0x22000000 - 0x2a000000 ] 128MB
Nov 03 13:41:31 witherspoon kernel[971]: [    0.900000] 3 ofpart partitions found on MTD device bmc
Nov 03 13:41:31 witherspoon kernel[971]: [    0.900000] Creating 3 MTD partitions on "bmc":
Nov 03 13:41:33 witherspoon systemd[1]: Started Phosphor Log Manager.
Nov 03 13:41:31 witherspoon kernel[971]: [    0.930000] 0x000000000000-0x000000060000 : "u-boot"
Nov 03 13:41:33 witherspoon systemd[1]: Started Phosphor IPMI BT DBus Bridge.
Nov 03 13:41:31 witherspoon kernel[971]: [    0.930000] 0x000000060000-0x000000080000 : "u-boot-env"
Nov 03 13:41:33 witherspoon systemd[1]: Started Avahi mDNS/DNS-SD Stack.
Nov 03 13:41:31 witherspoon kernel[971]: [    0.930000] 0x000000080000-0x000002000000 : "obmc-ubi"
Nov 03 13:41:33 witherspoon systemd[1]: Starting Network Service...
Nov 03 13:41:31 witherspoon kernel[971]: [    0.930000] aspeed-smc 1e620000.flash-controller: mx25l25635e (32768 Kbytes)
Nov 03 13:41:33 witherspoon systemd[1]: Started Phosphor sysfs LED controller.
Nov 03 13:41:31 witherspoon kernel[971]: [    0.930000] aspeed-smc 1e620000.flash-controller: CE1 window [ 0x22000000 - 0x24000000 ] 32MB
Nov 03 13:41:31 witherspoon kernel[971]: [    0.970000] aspeed-smc 1e620000.flash-controller: CE2 window [ 0x24000000 - 0x2c000000 ] 128MB
Nov 03 13:41:31 witherspoon kernel[971]: [    0.970000] 3 ofpart partitions found on MTD device alt-bmc
Nov 03 13:41:31 witherspoon kernel[971]: [    0.970000] Creating 3 MTD partitions on "alt-bmc":
Nov 03 13:41:31 witherspoon kernel[971]: [    0.970000] 0x000000000000-0x000000060000 : "alt-u-boot"
Nov 03 13:41:31 witherspoon kernel[971]: [    0.970000] 0x000000060000-0x000000080000 : "alt-u-boot-env"
Nov 03 13:41:31 witherspoon kernel[971]: [    0.970000] 0x000000080000-0x000002000000 : "alt-obmc-ubi"
Nov 03 13:41:31 witherspoon kernel[971]: [    1.030000] aspeed-smc 1e630000.flash-controller: mx66l1g45g (131072 Kbytes)
Nov 03 13:41:31 witherspoon kernel[971]: [    1.040000] aspeed-smc 1e630000.flash-controller: CE0 window resized to 120MB (AST2500 HW quirk)
Nov 03 13:41:31 witherspoon kernel[971]: [    1.040000] aspeed-smc 1e630000.flash-controller: CE0 window [ 0x30000000 - 0x37800000 ] 120MB
Nov 03 13:41:31 witherspoon kernel[971]: [    1.040000] aspeed-smc 1e630000.flash-controller: CE0 window too small for chip 128MB
Nov 03 13:41:31 witherspoon kernel[971]: [    1.060000] aspeed-smc 1e630000.flash-controller: CE1 window [ 0x37800000 - 0x38000000 ] 8MB
Nov 03 13:41:31 witherspoon kernel[971]: [    1.810000] random: crng init done
Nov 03 13:41:31 witherspoon kernel[971]: [    1.810000] libphy: Fixed MDIO Bus: probed
Nov 03 13:41:31 witherspoon kernel[971]: [    1.810000] ftgmac100 1e660000.ethernet: Read MAC address 70:e2:84:14:23:e1 from chip
Nov 03 13:41:31 witherspoon kernel[971]: [    1.810000] ftgmac100 1e660000.ethernet: Using NCSI interface
Nov 03 13:41:31 witherspoon kernel[971]: [    1.810000] ftgmac100 1e660000.ethernet eth0: irq 20, mapped at f0060000
Nov 03 13:41:33 witherspoon systemd[1]: Starting Phosphor Settings Daemon...
Nov 03 13:41:31 witherspoon kernel[971]: [    1.810000] ehci_hcd: USB 2.0 'Enhanced' Host Controller (EHCI) Driver
Nov 03 13:41:33 witherspoon systemd[1]: Starting Phosphor Dump Manager...
Nov 03 13:41:36 witherspoon kernel: ubi8: default fastmap pool size: 100
Nov 03 13:41:36 witherspoon kernel: ubi8: default fastmap WL pool size: 50
Nov 03 13:41:36 witherspoon kernel: ubi8: attaching mtd8
Nov 03 13:41:31 witherspoon kernel[971]: [    1.810000] ehci-platform: EHCI generic platform driver
Nov 03 13:41:33 witherspoon systemd[1]: Starting Phosphor Download Manager...
Nov 03 13:41:31 witherspoon kernel[971]: [    2.040000] i2c /dev entries driver
Nov 03 13:41:33 witherspoon systemd[1]: Starting Phosphor LED Group Management Daemon...
Nov 03 13:41:31 witherspoon kernel[971]: [    2.040000] aspeed-i2c-bus 1e78a0c0.i2c-bus: i2c bus 2 registered, irq 26
Nov 03 13:41:33 witherspoon systemd[1]: Started Phosphor sysfs LED controller.
Nov 03 13:41:31 witherspoon kernel[971]: [    2.040000] aspeed-i2c-bus 1e78a100.i2c-bus: i2c bus 3 registered, irq 27
Nov 03 13:41:34 witherspoon systemd[1]: Starting Clear one time boot overrides...
Nov 03 13:41:31 witherspoon kernel[971]: [    2.040000] aspeed-i2c-bus 1e78a140.i2c-bus: i2c bus 4 registered, irq 28
Nov 03 13:41:34 witherspoon systemd[1]: Starting Phosphor Download Manager...
Nov 03 13:41:31 witherspoon kernel[971]: [    2.040000] aspeed-i2c-bus 1e78a180.i2c-bus: i2c bus 5 registered, irq 29
Nov 03 13:41:34 witherspoon systemd[1]: Starting Phosphor Inventory Manager...
Nov 03 13:41:31 witherspoon kernel[971]: [    2.040000] aspeed-i2c-bus 1e78a380.i2c-bus: i2c bus 9 registered, irq 30
Nov 03 13:41:34 witherspoon systemd[1]: Starting Phosphor BMC0 Control...
Nov 03 13:41:31 witherspoon kernel[971]: [    2.040000] aspeed-i2c-bus 1e78a3c0.i2c-bus: i2c bus 10 registered, irq 31
Nov 03 13:41:34 witherspoon systemd[1]: Started Phosphor Dump core monitor..
Nov 03 13:41:31 witherspoon kernel[971]: [    2.040000] rtc-rv8803 11-0032: Voltage low, temperature compensation stopped.
Nov 03 13:41:34 witherspoon systemd[1]: Starting Phosphor Network Manager...
Nov 03 13:41:31 witherspoon kernel[971]: [    2.040000] rtc-rv8803 11-0032: An alarm maybe have been missed.
Nov 03 13:41:34 witherspoon systemd[1]: Starting Phosphor Chassis0 Control...
Nov 03 13:41:31 witherspoon kernel[971]: [    2.140000] rtc-rv8803 11-0032: rtc core: registered rx8900 as rtc0
Nov 03 13:41:34 witherspoon systemd[1]: Starting Phosphor DBus Service Discovery Manager...
Nov 03 13:41:31 witherspoon kernel[971]: [    2.150000] at24 11-0051: 8192 byte 24c64 EEPROM, writable, 1 bytes/write
Nov 03 13:41:34 witherspoon systemd[1]: Starting Remount the squashfs and ubi volumes after a reboot...
Nov 03 13:41:31 witherspoon kernel[971]: [    2.150000] aspeed-i2c-bus 1e78a400.i2c-bus: i2c bus 11 registered, irq 32
Nov 03 13:41:34 witherspoon systemd[1]: Started Phosphor sysfs LED controller.
Nov 03 13:41:31 witherspoon kernel[971]: [    2.150000] aspeed-i2c-bus 1e78a440.i2c-bus: i2c bus 12 registered, irq 33
Nov 03 13:41:34 witherspoon systemd[1]: Started Phosphor Console Muxer listening on device /dev/ttyVUART0.
Nov 03 13:41:31 witherspoon kernel[971]: [    2.150000] aspeed-i2c-bus 1e78a480.i2c-bus: i2c bus 13 registered, irq 34
Nov 03 13:41:39 witherspoon kernel: 8021q: adding VLAN 0 to HW filter on device eth0
Nov 03 13:41:39 witherspoon kernel: ubi8: scanning is finished
Nov 03 13:41:39 witherspoon kernel: ubi8: attached mtd8 (name "pnor", size 128 MiB)
Nov 03 13:41:39 witherspoon kernel: ubi8: PEB size: 65536 bytes (64 KiB), LEB size: 65408 bytes
Nov 03 13:41:39 witherspoon kernel: ubi8: min./max. I/O unit sizes: 1/256, sub-page size 1
Nov 03 13:41:39 witherspoon kernel: ubi8: VID header offset: 64 (aligned 64), data offset: 128
Nov 03 13:41:39 witherspoon kernel: ubi8: good PEBs: 2048, bad PEBs: 0, corrupted PEBs: 0
Nov 03 13:41:39 witherspoon kernel: ubi8: user volume: 6, internal volumes: 1, max. volumes count: 128
Nov 03 13:41:39 witherspoon kernel: ubi8: max/mean erase counter: 42/30, WL threshold: 4096, image sequence number: 91395301
Nov 03 13:41:39 witherspoon kernel: ubi8: available PEBs: 468, total reserved PEBs: 1580, PEBs reserved for bad PEB handling: 0
Nov 03 13:41:39 witherspoon kernel: ubi8: background thread "ubi_bgt8d" started, PID 1037
Nov 03 13:41:35 witherspoon systemd[1]: Starting Phosphor User Manager...
Nov 03 13:41:31 witherspoon kernel[971]: [    2.150000] Driver for 1-wire Dallas network protocol.
Nov 03 13:41:35 witherspoon systemd[1]: Started Phosphor sysfs LED controller.
Nov 03 13:41:31 witherspoon kernel[971]: [    2.150000] lm75 9-004a: hwmon0: sensor 'tmp275'
Nov 03 13:41:35 witherspoon systemd[1]: Reached target System Time Synchronized.
Nov 03 13:41:31 witherspoon kernel[971]: [    3.840000] ucd9000 11-0064: Device ID UCD90160|2.3.4.0000|110603
Nov 03 13:41:36 witherspoon systemd[1]: Started Check PNOR UBI format.
Nov 03 13:41:31 witherspoon kernel[971]: [    4.540000] leds-pca955x 3-0060: leds-pca955x: Using pca9552 16-bit LED driver at slave address 0x60
Nov 03 13:41:36 witherspoon systemd[1]: Started Set U-Boot environment variable.
Nov 03 13:41:31 witherspoon kernel[971]: [    4.550000] leds-pca955x 3-0060: gpios 238...253
Nov 03 13:41:36 witherspoon systemd[1]: Started Phosphor Inventory Manager.
Nov 03 13:41:31 witherspoon kernel[971]: [    4.560000] leds-pca955x 11-0060: leds-pca955x: Using pca9552 16-bit LED driver at slave address 0x60
Nov 03 13:41:36 witherspoon systemd[1]: Started Phosphor Settings Daemon.
Nov 03 13:41:31 witherspoon kernel[971]: [    4.570000] leds-pca955x 11-0060: gpios 222...237
Nov 03 13:41:36 witherspoon systemd[1]: Started Phosphor Download Manager.
Nov 03 13:41:31 witherspoon kernel[971]: [    4.570000] usbcore: registered new interface driver usbhid
Nov 03 13:41:36 witherspoon systemd[1]: Starting Remount the ubi volume after a reboot...
Nov 03 13:41:31 witherspoon kernel[971]: [    4.580000] usbhid: USB HID core driver
Nov 03 13:41:37 witherspoon systemd[1]: Started Phosphor LED Group Management Daemon.
Nov 03 13:41:31 witherspoon kernel[971]: [    4.630000] NET: Registered protocol family 10
Nov 03 13:41:38 witherspoon systemd[1]: Started Phosphor User Manager.
Nov 03 13:41:31 witherspoon kernel[971]: [    4.630000] Segment Routing with IPv6
Nov 03 13:41:40 witherspoon obmc-flash-bios[1007]: UBI device number 8, total 2048 LEBs (133955584 bytes, 127.8 MiB), available 468 LEBs (30610944 bytes, 29.2 MiB), LEB size 65408 bytes (63.9 KiB)
Nov 03 13:41:38 witherspoon systemd-networkd[991]: Enumeration completed
Nov 03 13:41:31 witherspoon kernel[971]: [    4.640000] NET: Registered protocol family 17
Nov 03 13:41:38 witherspoon systemd[1]: Started Network Service.
Nov 03 13:41:31 witherspoon kernel[971]: [    4.640000] 8021q: 802.1Q VLAN Support v1.8
Nov 03 13:41:38 witherspoon systemd[1]: Started Clear one time boot overrides.
Nov 03 13:41:31 witherspoon kernel[971]: [    4.660000] input: gpio-keys-polled as /devices/platform/gpio-keys-polled/input/input1
Nov 03 13:41:38 witherspoon systemd-networkd[991]: eth0: IPv6 enabled for interface: Success
Nov 03 13:41:31 witherspoon kernel[971]: [    4.680000] ubi0: default fastmap pool size: 25
Nov 03 13:41:39 witherspoon systemd-networkd[991]: eth0: Gained carrier
Nov 03 13:41:31 witherspoon kernel[971]: [    4.690000] ubi0: default fastmap WL pool size: 12
Nov 03 13:41:39 witherspoon systemd-timesyncd[962]: Network configuration changed, trying to establish connection.
Nov 03 13:41:31 witherspoon kernel[971]: [    4.690000] ubi0: attaching mtd3
Nov 03 13:41:39 witherspoon systemd[1]: Reached target Network.
Nov 03 13:41:31 witherspoon kernel[971]: [    4.700000] ubi0: scanning is finished
Nov 03 13:41:39 witherspoon systemd[1]: Starting Permit User Sessions...
Nov 03 13:41:31 witherspoon kernel[971]: [    4.720000] ubi0: attached mtd3 (name "obmc-ubi", size 31 MiB)
Nov 03 13:41:39 witherspoon systemd[1]: Started Lightweight SLP Server.
Nov 03 13:41:31 witherspoon kernel[971]: [    4.720000] ubi0: PEB size: 65536 bytes (64 KiB), LEB size: 65408 bytes
Nov 03 13:41:40 witherspoon systemd[1]: Started Permit User Sessions.
Nov 03 13:41:31 witherspoon kernel[971]: [    4.740000] ubi0: min./max. I/O unit sizes: 1/256, sub-page size 1
Nov 03 13:41:40 witherspoon systemd[1]: Started Serial Getty on ttyS4.
Nov 03 13:41:31 witherspoon kernel[971]: [    4.740000] ubi0: VID header offset: 64 (aligned 64), data offset: 128
Nov 03 13:41:40 witherspoon systemd[1]: Reached target Login Prompts.
Nov 03 13:41:31 witherspoon kernel[971]: [    4.740000] ubi0: good PEBs: 504, bad PEBs: 0, corrupted PEBs: 0
Nov 03 13:41:40 witherspoon systemd-networkd[991]: eth0: Gained IPv6LL
Nov 03 13:41:31 witherspoon kernel[971]: [    4.740000] ubi0: user volume: 4, internal volumes: 1, max. volumes count: 128
Nov 03 13:41:40 witherspoon systemd[1]: Started Phosphor Dump Manager.
Nov 03 13:41:31 witherspoon kernel[971]: [    4.770000] ubi0: max/mean erase counter: 19/16, WL threshold: 4096, image sequence number: 1995414495
Nov 03 13:41:31 witherspoon kernel[971]: [    4.770000] ubi0: available PEBs: 46, total reserved PEBs: 458, PEBs reserved for bad PEB handling: 0
Nov 03 13:41:31 witherspoon kernel[971]: [    4.770000] ubi0: background thread "ubi_bgt0d" started, PID 507
Nov 03 13:41:31 witherspoon kernel[971]: [    4.770000] ubi4: default fastmap pool size: 25
Nov 03 13:41:31 witherspoon kernel[971]: [    4.770000] ubi4: default fastmap WL pool size: 12
Nov 03 13:41:31 witherspoon kernel[971]: [    4.800000] ubi4: attaching mtd7
Nov 03 13:41:31 witherspoon kernel[971]: [    4.840000] ubi4: scanning is finished
Nov 03 13:41:31 witherspoon kernel[971]: [    4.880000] ubi4: attached mtd7 (name "alt-obmc-ubi", size 31 MiB)
Nov 03 13:41:31 witherspoon kernel[971]: [    4.880000] ubi4: PEB size: 65536 bytes (64 KiB), LEB size: 65408 bytes
Nov 03 13:41:31 witherspoon kernel[971]: [    4.880000] ubi4: min./max. I/O unit sizes: 1/256, sub-page size 1
Nov 03 13:41:31 witherspoon kernel[971]: [    4.880000] ubi4: VID header offset: 64 (aligned 64), data offset: 128
Nov 03 13:41:31 witherspoon kernel[971]: [    4.880000] ubi4: good PEBs: 504, bad PEBs: 0, corrupted PEBs: 0
Nov 03 13:41:31 witherspoon kernel[971]: [    4.930000] ubi4: user volume: 4, internal volumes: 1, max. volumes count: 128
Nov 03 13:41:31 witherspoon kernel[971]: [    4.930000] ubi4: max/mean erase counter: 206/165, WL threshold: 4096, image sequence number: 1358235831
Nov 03 13:41:31 witherspoon kernel[971]: [    4.930000] ubi4: available PEBs: 46, total reserved PEBs: 458, PEBs reserved for bad PEB handling: 0
Nov 03 13:41:31 witherspoon kernel[971]: [    4.930000] ubi4: background thread "ubi_bgt4d" started, PID 513
Nov 03 13:41:31 witherspoon kernel[971]: [    7.740000] block ubiblock0_0: created from ubi0:0(rofs-ba47813b)
Nov 03 13:41:31 witherspoon kernel[971]: [    7.740000] console [netcon0] enabled
Nov 03 13:41:31 witherspoon kernel[971]: [    7.740000] netconsole: network logging started
Nov 03 13:41:31 witherspoon kernel[971]: [    7.740000] input: gpio-keys as /devices/platform/gpio-keys/input/input2
Nov 03 13:41:31 witherspoon kernel[971]: [    7.740000] rtc-rv8803 11-0032: setting system clock to 2017-11-03 13:41:14 UTC (1509716474)
Nov 03 13:41:31 witherspoon kernel[971]: [    7.740000] VFS: Mounted root (squashfs filesystem) readonly on device 254:0.
Nov 03 13:41:31 witherspoon kernel[971]: [    7.740000] devtmpfs: mounted
Nov 03 13:41:31 witherspoon kernel[971]: [    7.740000] Freeing unused kernel memory: 284K
Nov 03 13:41:31 witherspoon kernel[971]: [    7.740000] This architecture does not have kernel memory protection.
Nov 03 13:41:31 witherspoon kernel[971]: [    9.600000] systemd[1]: Failed to insert module 'autofs4': No such file or directory
Nov 03 13:41:31 witherspoon kernel[971]: [    9.600000] systemd[1]: systemd 232 running in system mode. (+PAM -AUDIT -SELINUX -IMA -APPARMOR -SMACK +SYSVINIT -UTMP -LIBCRYPTSETUP -GCRYPT -GNUTLS +ACL +XZ -LZ4 -SECCOMP +BLKID -ELFUTILS +KMOD -IDN)
Nov 03 13:41:31 witherspoon kernel[971]: [    9.790000] systemd[1]: Detected architecture arm.
Nov 03 13:41:31 witherspoon kernel[971]: [    9.880000] systemd[1]: Set hostname to <witherspoon>.
Nov 03 13:41:31 witherspoon kernel[971]: [    9.910000] systemd[1]: Initializing machine ID from random generator.
Nov 03 13:41:31 witherspoon kernel[971]: [    9.940000] systemd[1]: Installed transient /etc/machine-id file.
Nov 03 13:41:44 witherspoon kernel: ubi: ubi0 already exists
Nov 03 13:41:44 witherspoon kernel: ftgmac100 1e660000.ethernet eth0: ncsi: removed vlan tag 0 at index 1
Nov 03 13:41:44 witherspoon kernel: ftgmac100 1e660000.ethernet eth0: ncsi: removed vlan tag 0 at index 2
Nov 03 13:41:44 witherspoon kernel: ftgmac100 1e660000.ethernet eth0: no vlan ids left to set
Nov 03 13:41:44 witherspoon kernel: ftgmac100 1e660000.ethernet eth0: NCSI interface up
Nov 03 13:41:31 witherspoon kernel[971]: [   11.530000] systemd[1]: Listening on udev Kernel Socket.
Nov 03 13:41:31 witherspoon kernel[971]: [   11.670000] systemd[1]: Reached target Remote File Systems.
Nov 03 13:41:31 witherspoon kernel[971]: [   11.710000] systemd[1]: Listening on Journal Socket.
Nov 03 13:41:31 witherspoon kernel[971]: [   11.750000] systemd[1]: Created slice System Slice.
Nov 03 13:41:31 witherspoon kernel[971]: [   11.790000] systemd[1]: Created slice system-phosphor\x2dreset\x2dhost\x2drunning.slice.
Nov 03 13:41:31 witherspoon kernel[971]: [   14.630000] systemd[1]: Mounting /usr/local...
Nov 03 13:41:31 witherspoon kernel[971]: [   14.740000] systemd[1]: var.mount: Directory /var to mount over is not empty, mounting anyway.
Nov 03 13:41:31 witherspoon kernel[971]: [   14.740000] systemd[1]: Mounting /var...
Nov 03 13:41:31 witherspoon kernel[971]: [   14.860000] systemd[1]: Mounting /media...
Nov 03 13:41:31 witherspoon kernel[971]: [   14.860000] UBIFS (ubi0:2): background thread "ubifs_bgt0_2" started, PID 657
Nov 03 13:41:31 witherspoon kernel[971]: [   14.990000] systemd[1]: Starting udev Kernel Device Manager...
Nov 03 13:41:31 witherspoon kernel[971]: [   15.130000] systemd[1]: Mounted /usr/local.
Nov 03 13:41:31 witherspoon kernel[971]: [   15.130000] UBIFS (ubi0:2): UBIFS: mounted UBI device 0, volume 2, name "rwfs"
Nov 03 13:41:31 witherspoon kernel[971]: [   15.130000] UBIFS (ubi0:2): LEB size: 65408 bytes (63 KiB), min./max. I/O unit sizes: 8 bytes/256 bytes
Nov 03 13:41:31 witherspoon kernel[971]: [   15.130000] UBIFS (ubi0:2): FS size: 3597440 bytes (3 MiB, 55 LEBs), journal size 719488 bytes (0 MiB, 11 LEBs)
Nov 03 13:41:31 witherspoon kernel[971]: [   15.130000] UBIFS (ubi0:2): reserved for root: 0 bytes (0 KiB)
Nov 03 13:41:31 witherspoon kernel[971]: [   15.130000] UBIFS (ubi0:2): media format: w4/r0 (latest is w5/r0), UUID 00BDF9C0-51BC-4AE2-A17E-C4AA6C7AB8CF, small LPT model
Nov 03 13:41:31 witherspoon kernel[971]: [   15.280000] systemd[1]: Mounted /media.
Nov 03 13:41:31 witherspoon kernel[971]: [   15.440000] systemd[1]: Mounted /var.
Nov 03 13:41:31 witherspoon kernel[971]: [   15.610000] systemd[1]: Started udev Coldplug all Devices.
Nov 03 13:41:31 witherspoon kernel[971]: [   15.790000] systemd[1]: Started udev Kernel Device Manager.
Nov 03 13:41:31 witherspoon kernel[971]: [   19.690000] systemd[1]: Started Create System Users.
Nov 03 13:41:31 witherspoon kernel[971]: [   20.030000] systemd[1]: Started Journal Service.
Nov 03 13:41:31 witherspoon kernel[971]: [   21.720000] systemd-journald[948]: Received request to flush runtime journal from PID 1
Nov 03 13:41:32 witherspoon avahi-daemon[980]: Found user 'avahi' (UID 998) and group 'avahi' (GID 997).
Nov 03 13:41:32 witherspoon avahi-daemon[980]: Successfully dropped root privileges.
Nov 03 13:41:32 witherspoon avahi-daemon[980]: avahi-daemon 0.6.32 starting up.
Nov 03 13:41:33 witherspoon avahi-daemon[980]: Successfully called chroot().
Nov 03 13:41:33 witherspoon avahi-daemon[980]: Successfully dropped remaining capabilities.
Nov 03 13:41:33 witherspoon avahi-daemon[980]: Loading service file /services/obmc_console.service.
Nov 03 13:41:33 witherspoon avahi-daemon[980]: Loading service file /services/phosphor_rest.service.
Nov 03 13:41:33 witherspoon avahi-daemon[980]: Loading service file /services/sftp-ssh.service.
Nov 03 13:41:33 witherspoon avahi-daemon[980]: Loading service file /services/sftp.service.
Nov 03 13:41:33 witherspoon avahi-daemon[980]: Loading service file /services/ssh.service.
Nov 03 13:41:33 witherspoon avahi-daemon[980]: Network interface enumeration completed.
Nov 03 13:41:33 witherspoon avahi-daemon[980]: Server startup complete. Host name is witherspoon.local. Local service cookie is 3605221217.
Nov 03 13:41:33 witherspoon avahi-daemon[980]: Service "witherspoon" (/services/ssh.service) successfully established.
Nov 03 13:41:33 witherspoon avahi-daemon[980]: Service "sftp" (/services/sftp.service) successfully established.
Nov 03 13:41:33 witherspoon avahi-daemon[980]: Service "witherspoon" (/services/sftp-ssh.service) successfully established.
Nov 03 13:41:33 witherspoon avahi-daemon[980]: Service "phosphor_rest" (/services/phosphor_rest.service) successfully established.
Nov 03 13:41:33 witherspoon avahi-daemon[980]: Service "obmc_console" (/services/obmc_console.service) successfully established.
Nov 03 13:41:36 witherspoon kernel[971]: [   29.750000] ubi8: default fastmap pool size: 100
Nov 03 13:41:36 witherspoon kernel[971]: [   29.750000] ubi8: default fastmap WL pool size: 50
Nov 03 13:41:36 witherspoon kernel[971]: [   29.750000] ubi8: attaching mtd8
Nov 03 13:41:39 witherspoon kernel[971]: [   32.360000] 8021q: adding VLAN 0 to HW filter on device eth0
Nov 03 13:41:39 witherspoon avahi-daemon[980]: Joining mDNS multicast group on interface eth0.IPv4 with address 9.3.86.161.
Nov 03 13:41:39 witherspoon avahi-daemon[980]: New relevant interface eth0.IPv4 for mDNS.
Nov 03 13:41:39 witherspoon avahi-daemon[980]: Registering new address record for 9.3.86.161 on eth0.IPv4.
Nov 03 13:41:39 witherspoon kernel[971]: [   32.440000] ubi8: scanning is finished
Nov 03 13:41:39 witherspoon kernel[971]: [   32.460000] ubi8: attached mtd8 (name "pnor", size 128 MiB)
Nov 03 13:41:39 witherspoon kernel[971]: [   32.460000] ubi8: PEB size: 65536 bytes (64 KiB), LEB size: 65408 bytes
Nov 03 13:41:39 witherspoon kernel[971]: [   32.480000] ubi8: min./max. I/O unit sizes: 1/256, sub-page size 1
Nov 03 13:41:39 witherspoon kernel[971]: [   32.480000] ubi8: VID header offset: 64 (aligned 64), data offset: 128
Nov 03 13:41:39 witherspoon kernel[971]: [   32.480000] ubi8: good PEBs: 2048, bad PEBs: 0, corrupted PEBs: 0
Nov 03 13:41:39 witherspoon kernel[971]: [   32.480000] ubi8: user volume: 6, internal volumes: 1, max. volumes count: 128
Nov 03 13:41:39 witherspoon kernel[971]: [   32.480000] ubi8: max/mean erase counter: 42/30, WL threshold: 4096, image sequence number: 91395301
Nov 03 13:41:39 witherspoon kernel[971]: [   32.520000] ubi8: available PEBs: 468, total reserved PEBs: 1580, PEBs reserved for bad PEB handling: 0
Nov 03 13:41:39 witherspoon kernel[971]: [   32.520000] ubi8: background thread "ubi_bgt8d" started, PID 1037
Nov 03 13:41:40 witherspoon avahi-daemon[980]: Joining mDNS multicast group on interface eth0.IPv6 with address fe80::72e2:84ff:fe14:23e1.
Nov 03 13:41:40 witherspoon avahi-daemon[980]: New relevant interface eth0.IPv6 for mDNS.
Nov 03 13:41:40 witherspoon avahi-daemon[980]: Registering new address record for fe80::72e2:84ff:fe14:23e1 on eth0.*.
Nov 03 13:41:42 witherspoon kernel[971]: [   35.150000] ubi: ubi0 already exists
Nov 03 13:41:42 witherspoon kernel[971]: [   35.760000] ftgmac100 1e660000.ethernet eth0: ncsi: removed vlan tag 0 at index 1
Nov 03 13:41:42 witherspoon kernel[971]: [   35.760000] ftgmac100 1e660000.ethernet eth0: ncsi: removed vlan tag 0 at index 2
Nov 03 13:41:42 witherspoon kernel[971]: [   35.760000] ftgmac100 1e660000.ethernet eth0: no vlan ids left to set
Nov 03 13:41:42 witherspoon kernel[971]: [   35.760000] ftgmac100 1e660000.ethernet eth0: NCSI interface up
Nov 03 13:41:47 witherspoon systemd[1]: Started Phosphor BMC0 Control.
Nov 03 13:41:47 witherspoon systemd[1]: Created slice system-dropbear.slice.
Nov 03 13:41:47 witherspoon systemd[1]: Started SSH Per-Connection Server (9.41.165.94:39364).
Nov 03 13:41:47 witherspoon dropbear[1095]: Failed loading /var/lib/dropbear/dropbear_rsa_host_key
Nov 03 13:41:47 witherspoon dropbear[1095]: Failed loading /etc/dropbear/dropbear_dss_host_key
Nov 03 13:41:47 witherspoon dropbear[1095]: Failed loading /etc/dropbear/dropbear_ecdsa_host_key
Nov 03 13:41:47 witherspoon dropbear[1095]: Child connection from ::ffff:9.41.165.94:39364
Nov 03 13:41:53 witherspoon systemd-networkd[991]: eth0: Configured
Nov 03 13:41:53 witherspoon systemd-timesyncd[962]: Network configuration changed, trying to establish connection.
Nov 03 13:41:55 witherspoon dropbear[1095]: PAM password auth succeeded for 'root' from ::ffff:9.41.165.94:39364
Nov 03 13:41:58 witherspoon kernel: ubi: ubi4 already exists
Nov 03 13:41:58 witherspoon kernel: block ubiblock8_0: created from ubi8:0(pnor-ro-7a9ef57c)
Nov 03 13:41:58 witherspoon kernel[971]: [   39.000000] ubi: ubi4 already exists
Nov 03 13:41:58 witherspoon kernel[971]: [   51.620000] block ubiblock8_0: created from ubi8:0(pnor-ro-7a9ef57c)
Nov 03 13:42:00 witherspoon systemd[1]: Started Phosphor Sensor Manager.
Nov 03 13:42:02 witherspoon chassis_control.py[1005]: Running ChassisControlService
Nov 03 13:42:02 witherspoon sensor_manager2.py[968]: Setting boot count to 3
Nov 03 13:42:02 witherspoon sensor_manager2.py[968]: Starting sensor manager
Nov 03 13:42:02 witherspoon download_manager.py[996]: Running Download Manager
Nov 03 13:42:01 witherspoon systemd[1]: Started Phosphor Download Manager.
Nov 03 13:42:02 witherspoon systemd[1]: Started Phosphor Chassis0 Control.
Nov 03 13:42:03 witherspoon phosphor-mapper[1006]: ObjectMapper startup complete.  Discovery in progress...
Nov 03 13:42:04 witherspoon inventory_items.py[1001]: Loading from cache: /var/cache/obmc/org.openbmc.inventory.system.chassis.motherboard.bmc@org.openbmc.InventoryItem.props
Nov 03 13:42:04 witherspoon inventory_items.py[1001]: Caching: /org/openbmc/inventory/system/chassis/motherboard/bmc
Nov 03 13:42:04 witherspoon systemd[1]: Started Phosphor Inventory Manager.
Nov 03 13:42:04 witherspoon inventory_items.py[1001]: Running Inventory Manager
Nov 03 13:42:05 witherspoon avahi-daemon[990]: ../../avahi-0.6.32/avahi-daemon/chroot.c: open() failed: No such file or directory
Nov 03 13:42:05 witherspoon avahi-daemon[980]: Failed to open /usr/share/dbus-1/interfaces/org.freedesktop.Avahi.Server.xml: Invalid argument
Nov 03 13:42:05 witherspoon avahi-daemon[980]: Failed to load introspection data.
Nov 03 13:42:06 witherspoon kernel: block ubiblock8_1: created from ubi8:1(pnor-ro-8764baa3)
Nov 03 13:42:06 witherspoon kernel[971]: [   59.020000] block ubiblock8_1: created from ubi8:1(pnor-ro-8764baa3)
Nov 03 13:42:06 witherspoon kernel: UBIFS (ubi8:2): UBIFS: mounted UBI device 8, volume 2, name "pnor-prsv"
Nov 03 13:42:06 witherspoon kernel: UBIFS (ubi8:2): LEB size: 65408 bytes (63 KiB), min./max. I/O unit sizes: 8 bytes/256 bytes
Nov 03 13:42:06 witherspoon kernel: UBIFS (ubi8:2): FS size: 1504384 bytes (1 MiB, 23 LEBs), journal size 523265 bytes (0 MiB, 6 LEBs)
Nov 03 13:42:06 witherspoon kernel: UBIFS (ubi8:2): reserved for root: 71055 bytes (69 KiB)
Nov 03 13:42:06 witherspoon kernel: UBIFS (ubi8:2): media format: w5/r0 (latest is w5/r0), UUID 36B3B1E1-197C-4042-A5BB-1F5E6D63DF0B, small LPT model
Nov 03 13:42:06 witherspoon kernel: UBIFS (ubi8:4): UBIFS: mounted UBI device 8, volume 4, name "pnor-rw-8764baa3"
Nov 03 13:42:06 witherspoon kernel: UBIFS (ubi8:4): LEB size: 65408 bytes (63 KiB), min./max. I/O unit sizes: 8 bytes/256 bytes
Nov 03 13:42:06 witherspoon kernel: UBIFS (ubi8:4): FS size: 16155776 bytes (15 MiB, 247 LEBs), journal size 784896 bytes (0 MiB, 12 LEBs)
Nov 03 13:42:06 witherspoon kernel: UBIFS (ubi8:4): reserved for root: 763076 bytes (745 KiB)
Nov 03 13:42:06 witherspoon kernel: UBIFS (ubi8:4): media format: w5/r0 (latest is w5/r0), UUID F587F7F2-1BEE-4E77-9577-250237C0F0BC, small LPT model
Nov 03 13:42:06 witherspoon kernel: UBIFS (ubi8:4): background thread "ubifs_bgt8_4" started, PID 1139
Nov 03 13:42:06 witherspoon kernel[971]: [   59.440000] UBIFS (ubi8:2): UBIFS: mounted UBI device 8, volume 2, name "pnor-prsv"
Nov 03 13:42:06 witherspoon kernel[971]: [   59.440000] UBIFS (ubi8:2): LEB size: 65408 bytes (63 KiB), min./max. I/O unit sizes: 8 bytes/256 bytes
Nov 03 13:42:06 witherspoon kernel[971]: [   59.440000] UBIFS (ubi8:2): FS size: 1504384 bytes (1 MiB, 23 LEBs), journal size 523265 bytes (0 MiB, 6 LEBs)
Nov 03 13:42:06 witherspoon kernel[971]: [   59.440000] UBIFS (ubi8:2): reserved for root: 71055 bytes (69 KiB)
Nov 03 13:42:06 witherspoon kernel[971]: [   59.440000] UBIFS (ubi8:2): media format: w5/r0 (latest is w5/r0), UUID 36B3B1E1-197C-4042-A5BB-1F5E6D63DF0B, small LPT model
Nov 03 13:42:06 witherspoon kernel[971]: [   59.440000] UBIFS (ubi8:4): UBIFS: mounted UBI device 8, volume 4, name "pnor-rw-8764baa3"
Nov 03 13:42:06 witherspoon kernel[971]: [   59.440000] UBIFS (ubi8:4): LEB size: 65408 bytes (63 KiB), min./max. I/O unit sizes: 8 bytes/256 bytes
Nov 03 13:42:06 witherspoon kernel[971]: [   59.440000] UBIFS (ubi8:4): FS size: 16155776 bytes (15 MiB, 247 LEBs), journal size 784896 bytes (0 MiB, 12 LEBs)
Nov 03 13:42:06 witherspoon kernel[971]: [   59.440000] UBIFS (ubi8:4): reserved for root: 763076 bytes (745 KiB)
Nov 03 13:42:06 witherspoon kernel[971]: [   59.440000] UBIFS (ubi8:4): media format: w5/r0 (latest is w5/r0), UUID F587F7F2-1BEE-4E77-9577-250237C0F0BC, small LPT model
Nov 03 13:42:06 witherspoon kernel[971]: [   59.440000] UBIFS (ubi8:4): background thread "ubifs_bgt8_4" started, PID 1139
Nov 03 13:42:06 witherspoon kernel: UBIFS (ubi8:2): background thread "ubifs_bgt8_2" started, PID 1126
Nov 03 13:42:06 witherspoon kernel[971]: [   59.870000] UBIFS (ubi8:2): background thread "ubifs_bgt8_2" started, PID 1126
Nov 03 13:42:07 witherspoon netman.py[1004]: Started
Nov 03 13:42:07 witherspoon systemd[1]: Started Phosphor Network Manager.
Nov 03 13:42:07 witherspoon systemd[1]: Started Remount the squashfs and ubi volumes after a reboot.
Nov 03 13:42:07 witherspoon kernel: UBIFS (ubi8:5): UBIFS: mounted UBI device 8, volume 5, name "pnor-rw-7a9ef57c"
Nov 03 13:42:07 witherspoon kernel: UBIFS (ubi8:5): LEB size: 65408 bytes (63 KiB), min./max. I/O unit sizes: 8 bytes/256 bytes
Nov 03 13:42:07 witherspoon kernel: UBIFS (ubi8:5): FS size: 16155776 bytes (15 MiB, 247 LEBs), journal size 784896 bytes (0 MiB, 12 LEBs)
Nov 03 13:42:07 witherspoon kernel: UBIFS (ubi8:5): reserved for root: 763076 bytes (745 KiB)
Nov 03 13:42:07 witherspoon kernel: UBIFS (ubi8:5): media format: w5/r0 (latest is w5/r0), UUID 904AA0DA-EE42-403C-B44D-8FB80359592C, small LPT model
Nov 03 13:42:07 witherspoon kernel: UBIFS (ubi8:5): background thread "ubifs_bgt8_5" started, PID 1148
Nov 03 13:42:07 witherspoon kernel[971]: [   60.740000] UBIFS (ubi8:5): UBIFS: mounted UBI device 8, volume 5, name "pnor-rw-7a9ef57c"
Nov 03 13:42:07 witherspoon kernel[971]: [   60.740000] UBIFS (ubi8:5): LEB size: 65408 bytes (63 KiB), min./max. I/O unit sizes: 8 bytes/256 bytes
Nov 03 13:42:07 witherspoon kernel[971]: [   60.740000] UBIFS (ubi8:5): FS size: 16155776 bytes (15 MiB, 247 LEBs), journal size 784896 bytes (0 MiB, 12 LEBs)
Nov 03 13:42:07 witherspoon kernel[971]: [   60.740000] UBIFS (ubi8:5): reserved for root: 763076 bytes (745 KiB)
Nov 03 13:42:07 witherspoon kernel[971]: [   60.740000] UBIFS (ubi8:5): media format: w5/r0 (latest is w5/r0), UUID 904AA0DA-EE42-403C-B44D-8FB80359592C, small LPT model
Nov 03 13:42:07 witherspoon kernel[971]: [   60.740000] UBIFS (ubi8:5): background thread "ubifs_bgt8_5" started, PID 1148
Nov 03 13:42:23 witherspoon systemd[1]: Started Remount the ubi volume after a reboot.
Nov 03 13:42:23 witherspoon systemd[1]: Reached target Multi-User System.
Nov 03 13:42:23 witherspoon kernel: block ubiblock4_0: created from ubi4:0(rofs-303c488c)
Nov 03 13:42:23 witherspoon kernel[971]: [   76.190000] block ubiblock4_0: created from ubi4:0(rofs-303c488c)
Nov 03 13:42:25 witherspoon phosphor-mapper[1006]: ObjectMapper discovery complete
Nov 03 13:42:25 witherspoon systemd[1]: Started Phosphor DBus Service Discovery Manager.
Nov 03 13:42:25 witherspoon systemd[1]: Reached target Phosphor Object Mapper.
Nov 03 13:42:25 witherspoon systemd[1]: Starting Wait for /xyz/openbmc_project/network/config...
Nov 03 13:42:25 witherspoon systemd[1]: Starting Wait for /xyz/openbmc_project/inventory...
Nov 03 13:42:25 witherspoon systemd[1]: Starting Phoshpor System Manager...
Nov 03 13:42:25 witherspoon systemd[1]: Starting Wait for /xyz/openbmc_project/inventory/system/chassis/power_supply1...
Nov 03 13:42:25 witherspoon systemd[1]: Starting Wait for /org/openbmc/managers/Download...
Nov 03 13:42:25 witherspoon systemd[1]: Starting Wait for /xyz/openbmc_project/time/owner...
Nov 03 13:42:25 witherspoon systemd[1]: Starting Wait for /xyz/openbmc_project/control/host0/auto_reboot...
Nov 03 13:42:25 witherspoon systemd[1]: Starting Wait for /xyz/openbmc_project/control/host0...
Nov 03 13:42:25 witherspoon systemd[1]: Starting Wait for /xyz/openbmc_project/led/groups/bmc_booted...
Nov 03 13:42:25 witherspoon systemd[1]: Starting Wait for /xyz/openbmc_project/state/chassis0...
Nov 03 13:42:25 witherspoon systemd[1]: Starting Wait for /xyz/openbmc_project/state/host0...
Nov 03 13:42:25 witherspoon systemd[1]: Starting Wait for /xyz/openbmc_project/control/host0/boot/one_time...
Nov 03 13:42:25 witherspoon systemd[1]: Starting Wait for /org/openbmc/managers/System...
Nov 03 13:42:25 witherspoon systemd[1]: Starting Wait for /xyz/openbmc_project/control/host0/restriction_mode...
Nov 03 13:42:25 witherspoon systemd[1]: Starting Wait for /xyz/openbmc_project/control/host0/power_restore_policy...
Nov 03 13:42:25 witherspoon systemd[1]: Starting Wait for /xyz/openbmc_project/led/groups...
Nov 03 13:42:25 witherspoon systemd[1]: Starting Phosphor Network Manager...
Nov 03 13:42:26 witherspoon systemd[1]: Starting Wait for /xyz/openbmc_project/time/sync_method...
Nov 03 13:42:26 witherspoon systemd[1]: Starting Phosphor Settings Manager...
Nov 03 13:42:26 witherspoon systemd[1]: Starting Wait for /xyz/openbmc_project/control/host0/boot...
Nov 03 13:42:26 witherspoon systemd[1]: Starting OpenPower Software Update Manager...
Nov 03 13:42:26 witherspoon systemd[1]: Starting Wait for /org/openbmc/control/power0...
Nov 03 13:42:26 witherspoon systemd[1]: Reached target Webserver (pre).
Nov 03 13:42:26 witherspoon systemd[1]: Started Phosphor Webserver.
Nov 03 13:42:26 witherspoon systemd[1]: Starting OpenBMC Software Update Manager...
Nov 03 13:42:26 witherspoon systemd[1]: Starting Wait for /xyz/openbmc_project/inventory/system/chassis/power_supply0...
Nov 03 13:42:26 witherspoon systemd[1]: Started Phosphor DBus Monitor.
Nov 03 13:42:26 witherspoon systemd[1]: Starting Wait for /org/openbmc/control/bmc0...
Nov 03 13:42:26 witherspoon systemd[1]: Started Phosphor Hwmon Poller.
Nov 03 13:42:26 witherspoon systemd[1]: Started Phosphor Hwmon Poller.
Nov 03 13:42:26 witherspoon systemd[1]: Started Phosphor Hwmon Poller.
Nov 03 13:42:26 witherspoon systemd[1]: Started Phosphor Hwmon Poller.
Nov 03 13:42:26 witherspoon systemd[1]: Started Phosphor Hwmon Poller.
Nov 03 13:42:26 witherspoon systemd[1]: Started Phosphor Hwmon Poller.
Nov 03 13:42:26 witherspoon systemd[1]: Started Phosphor Hwmon Poller.
Nov 03 13:42:26 witherspoon systemd[1]: Started Phosphor Hwmon Poller.
Nov 03 13:42:27 witherspoon systemd[1]: Started Wait for /xyz/openbmc_project/control/host0/boot/one_time.
Nov 03 13:42:27 witherspoon systemd[1]: Started Wait for /xyz/openbmc_project/control/host0/boot.
Nov 03 13:42:30 witherspoon systemd[1]: Started Wait for /xyz/openbmc_project/control/host0/auto_reboot.
Nov 03 13:42:30 witherspoon systemd[1]: Started Wait for /xyz/openbmc_project/time/owner.
Nov 03 13:42:30 witherspoon systemd[1]: Started Wait for /xyz/openbmc_project/control/host0/restriction_mode.
Nov 03 13:42:30 witherspoon systemd[1]: Started Phosphor Network Manager.
Nov 03 13:42:30 witherspoon systemd[1]: Started Wait for /xyz/openbmc_project/control/host0/power_restore_policy.
Nov 03 13:42:30 witherspoon phosphor-network-manager[1185]: ConfigParser: Key not found
Nov 03 13:42:38 witherspoon kernel: UBIFS (ubi8:3): UBIFS: mounted UBI device 8, volume 3, name "pnor-patch"
Nov 03 13:42:38 witherspoon kernel: UBIFS (ubi8:3): LEB size: 65408 bytes (63 KiB), min./max. I/O unit sizes: 8 bytes/256 bytes
Nov 03 13:42:38 witherspoon kernel: UBIFS (ubi8:3): FS size: 16155776 bytes (15 MiB, 247 LEBs), journal size 784896 bytes (0 MiB, 12 LEBs)
Nov 03 13:42:38 witherspoon kernel: UBIFS (ubi8:3): reserved for root: 763076 bytes (745 KiB)
Nov 03 13:42:38 witherspoon kernel: UBIFS (ubi8:3): media format: w5/r0 (latest is w5/r0), UUID 4D589EF4-9175-4F76-B384-1965B1D7B962, small LPT model
Nov 03 13:42:38 witherspoon kernel: UBIFS (ubi8:3): background thread "ubifs_bgt8_3" started, PID 1247
Nov 03 13:42:30 witherspoon phosphor-network-manager[1185]: The operation failed internally.
Nov 03 13:42:31 witherspoon dbus[983]: [system] Activating via systemd: service name='org.freedesktop.hostname1' unit='dbus-org.freedesktop.hostname1.service'
Nov 03 13:42:30 witherspoon phosphor-network-manager[1185]: Exception occurred during getting of DHCP value
Nov 03 13:42:35 witherspoon dbus[983]: [system] Successfully activated service 'org.freedesktop.hostname1'
Nov 03 13:42:30 witherspoon phosphor-network-manager[1185]: ConfigParser: Key not found
Nov 03 13:42:37 witherspoon kernel[971]: [   90.820000] UBIFS (ubi8:3): UBIFS: mounted UBI device 8, volume 3, name "pnor-patch"
Nov 03 13:42:30 witherspoon phosphor-network-manager[1185]: The operation failed internally.
Nov 03 13:42:37 witherspoon kernel[971]: [   90.880000] UBIFS (ubi8:3): LEB size: 65408 bytes (63 KiB), min./max. I/O unit sizes: 8 bytes/256 bytes
Nov 03 13:42:30 witherspoon phosphor-network-manager[1185]: Unable to find the NTP server configuration.
Nov 03 13:42:37 witherspoon kernel[971]: [   90.880000] UBIFS (ubi8:3): FS size: 16155776 bytes (15 MiB, 247 LEBs), journal size 784896 bytes (0 MiB, 12 LEBs)
Nov 03 13:42:32 witherspoon systemd[1]: Started Wait for /org/openbmc/managers/Download.
Nov 03 13:42:37 witherspoon kernel[971]: [   90.880000] UBIFS (ubi8:3): reserved for root: 763076 bytes (745 KiB)
Nov 03 13:42:32 witherspoon systemd[1]: Started Wait for /xyz/openbmc_project/led/groups/bmc_booted.
Nov 03 13:42:37 witherspoon kernel[971]: [   90.880000] UBIFS (ubi8:3): media format: w5/r0 (latest is w5/r0), UUID 4D589EF4-9175-4F76-B384-1965B1D7B962, small LPT model
Nov 03 13:42:32 witherspoon systemd[1]: Starting Hostname Service...
Nov 03 13:42:37 witherspoon kernel[971]: [   90.880000] UBIFS (ubi8:3): background thread "ubifs_bgt8_3" started, PID 1247
Nov 03 13:42:33 witherspoon systemd[1]: Started OpenPower Software Update Manager.
Nov 03 13:42:33 witherspoon systemd[1]: Starting Updates symlinks for active PNOR version...
Nov 03 13:42:33 witherspoon systemd[1]: Starting Create a ubi volume for pnor patches...
Nov 03 13:42:35 witherspoon systemd[1]: Started Wait for /xyz/openbmc_project/inventory.
Nov 03 13:42:35 witherspoon systemd[1]: Starting OpenPOWER OCC controller...
Nov 03 13:42:35 witherspoon systemd[1]: Starting Phosphor MAX31785 MSL...
Nov 03 13:42:35 witherspoon systemd[1]: Started Phosphor GPIO 0 Presence.
Nov 03 13:42:35 witherspoon systemd[1]: Started Phosphor Cooling Type.
Nov 03 13:42:35 witherspoon systemd[1]: Started Phosphor GPIO 1 Presence.
Nov 03 13:42:35 witherspoon systemd[1]: Starting Read OpenPOWER-format VPD from EEPROM...
Nov 03 13:42:35 witherspoon phosphor-gpio-presence[1226]: Updating inventory present property
Nov 03 13:42:36 witherspoon systemd[1]: Started Wait for /xyz/openbmc_project/inventory/system/chassis/power_supply1.
Nov 03 13:42:36 witherspoon systemd[1]: Started Wait for /xyz/openbmc_project/led/groups.
Nov 03 13:42:36 witherspoon systemd[1]: Started Wait for /xyz/openbmc_project/time/sync_method.
Nov 03 13:42:36 witherspoon systemd[1]: Started Wait for /xyz/openbmc_project/inventory/system/chassis/power_supply0.
Nov 03 13:42:36 witherspoon phosphor-gpio-presence[1228]: Updating inventory present property
Nov 03 13:42:37 witherspoon systemd[1]: Started Updates symlinks for active PNOR version.
Nov 03 13:42:37 witherspoon systemd[1]: Started Hostname Service.
Nov 03 13:42:40 witherspoon systemd[1]: Started Wait for /org/openbmc/control/bmc0.
