Booting Linux on physical CPU 0x0
Linux version 4.7.10-08a5126be4b35613c3d2b6ad5e91400aa87798d9 (jenkins@openbmc-builder1) (gcc version 6.2.0 (GCC) ) #1 Tue Apr 25 03:04:39 UTC 2017
CPU: ARMv6-compatible processor [410fb767] revision 7 (ARMv7), cr=00c5387d
CPU: PIPT / VIPT nonaliasing data cache, VIPT nonaliasing instruction cache
Machine model: Witherspoon BMC
Memory policy: Data cache writeback
SOC Rev: 04030303
On node 0 totalpages: 110592
free_area_init_node: node 0, pgdat 8071d38c, node_mem_map 9ec19000
  Normal zone: 992 pages used for memmap
  Normal zone: 0 pages reserved
  Normal zone: 110592 pages, LIFO batch:31
pcpu-alloc: s0 r0 d32768 u32768 alloc=1*32768
pcpu-alloc: [0] 0 
Built 1 zonelists in Zone order, mobility grouping on.  Total pages: 109600
Kernel command line: console=ttyS4,115200n8 root=/dev/ram rw
PID hash table entries: 2048 (order: 1, 8192 bytes)
Dentry cache hash table entries: 65536 (order: 6, 262144 bytes)
Inode-cache hash table entries: 32768 (order: 5, 131072 bytes)
Memory: 430356K/442368K available (4204K kernel code, 149K rwdata, 900K rodata, 1024K init, 110K bss, 12012K reserved, 0K cma-reserved)
Virtual kernel memory layout:
    vector  : 0xffff0000 - 0xffff1000   (   4 kB)
    fixmap  : 0xffc00000 - 0xfff00000   (3072 kB)
    vmalloc : 0x9f800000 - 0xff800000   (1536 MB)
    lowmem  : 0x80000000 - 0x9f000000   ( 496 MB)
      .text : 0x80008000 - 0x805fc2e0   (6097 kB)
      .init : 0x80600000 - 0x80700000   (1024 kB)
      .data : 0x80700000 - 0x807257f8   ( 150 kB)
       .bss : 0x807257f8 - 0x80741368   ( 111 kB)
NR_IRQS:16 nr_irqs:16 16
clocksource: moxart_timer: mask: 0xffffffff max_cycles: 0xffffffff, max_idle_ns: 77222644334 ns
sched_clock: 32 bits at 100 Hz, resolution 10000000ns, wraps every 21474836475000000ns
Calibrating delay loop... 789.70 BogoMIPS (lpj=3948544)
pid_max: default: 32768 minimum: 301
Mount-cache hash table entries: 1024 (order: 0, 4096 bytes)
Mountpoint-cache hash table entries: 1024 (order: 0, 4096 bytes)
CPU: Testing write buffer coherency: ok
Setting up static identity map for 0x80100000 - 0x80100038
devtmpfs: initialized
clocksource: jiffies: mask: 0xffffffff max_cycles: 0xffffffff, max_idle_ns: 19112604462750000 ns
pinctrl core: initialized pinctrl subsystem
NET: Registered protocol family 16
DMA: preallocated 256 KiB pool for atomic coherent allocations
hw-breakpoint: found 6 breakpoint and 1 watchpoint registers.
hw-breakpoint: maximum watchpoint size is 4 bytes.
clocksource: Switched to clocksource moxart_timer
NET: Registered protocol family 2
TCP established hash table entries: 4096 (order: 2, 16384 bytes)
TCP bind hash table entries: 4096 (order: 2, 16384 bytes)
TCP: Hash tables configured (established 4096 bind 4096)
UDP hash table entries: 256 (order: 0, 4096 bytes)
UDP-Lite hash table entries: 256 (order: 0, 4096 bytes)
NET: Registered protocol family 1
RPC: Registered named UNIX socket transport module.
RPC: Registered udp transport module.
RPC: Registered tcp transport module.
RPC: Registered tcp NFSv4.1 backchannel transport module.
Trying to unpack rootfs image as initramfs...
Freeing initrd memory: 1552K (9ea05000 - 9eb89000)
futex hash table entries: 256 (order: -1, 3072 bytes)
workingset: timestamp_bits=29 max_order=17 bucket_order=0
squashfs: version 4.0 (2009/01/31) Phillip Lougher
jffs2: version 2.2. (NAND) (SUMMARY)  Â© 2001-2006 Red Hat, Inc.
io scheduler noop registered (default)
ipmi-bt-host 1e789140.ibt: Found bt bmc device
ipmi-bt-host 1e789140.ibt: Using IRQ 21
Serial: 8250/16550 driver, 6 ports, IRQ sharing enabled
1e783000.serial: ttyS0 at MMIO 0x1e783000 (irq = 22, base_baud = 1500000) is a 16550A
1e78d000.serial: ttyS1 at MMIO 0x1e78d000 (irq = 23, base_baud = 1500000) is a 16550A
1e784000.serial: ttyS4 at MMIO 0x1e784000 (irq = 24, base_baud = 1500000) is a 16550A
console [ttyS4] enabled
1e787000.vuart: ttyS2 at MMIO 0x1e787000 (irq = 21, base_baud = 1500000) is a 16550A
brd: module loaded
loop: module loaded
aspeed-lpc-ctrl 1e789080.lpc-ctrl: Loaded at 0x98000000 (0x04000000)
aspeed-smc 1e620000.flash-controller: Using IRQ 17
aspeed-smc 1e620000.flash-controller: DMA support deactivated.
aspeed-smc 1e620000.flash-controller: control register changed to: 00000640
platform 1e620000.flash-controller:flash@0: mx25l25635e (32768 Kbytes)
5 ofpart partitions found on MTD device bmc
Creating 5 MTD partitions on "bmc":
0x000000000000-0x000000060000 : "u-boot"
0x000000060000-0x000000080000 : "u-boot-env"
0x000000080000-0x0000004c0000 : "kernel"
0x0000004c0000-0x000001c00000 : "rofs"
0x000001c00000-0x000002000000 : "rwfs"
platform 1e620000.flash-controller:flash@1: mx25l25635e (32768 Kbytes)
aspeed-smc 1e630000.flash-controller: no DMA support.
aspeed-smc 1e630000.flash-controller: control register changed to: 00000200
platform 1e630000.flash-controller:flash@0: mx66l1g45g (131072 Kbytes)
ftgmac100 1e660000.ethernet: Read MAC address 70:e2:84:14:23:e1 from chip
ftgmac100 1e660000.ethernet: Using NCSI interface
ftgmac100 1e660000.ethernet eth0: irq 19, mapped at f0060000
i2c /dev entries driver
i2c_aspeed 1e78a000.i2c: i2c controller registered, irq 25
i2c_aspeed i2c-2: i2c bus 2 registered, irq 260
i2c_aspeed i2c-3: i2c bus 3 registered, irq 261
i2c_aspeed i2c-4: i2c bus 4 registered, irq 262
i2c_aspeed i2c-5: i2c bus 5 registered, irq 263
i2c_aspeed i2c-9: i2c bus 9 registered, irq 267
i2c_aspeed i2c-10: i2c bus 10 registered, irq 268
rtc-rv8803 11-0032: Voltage low, temperature compensation stopped.
rtc-rv8803 11-0032: An alarm maybe have been missed.
rtc-rv8803 11-0032: rtc core: registered rx8900 as rtc0
at24 11-0051: 8192 byte 24c64 EEPROM, writable, 1 bytes/write
i2c_aspeed i2c-11: i2c bus 11 registered, irq 269
i2c_aspeed i2c-12: i2c bus 12 registered, irq 270
i2c_aspeed i2c-13: i2c bus 13 registered, irq 271
lm75 9-004a: hwmon0: sensor 'tmp275'
IIC FSI support loaded, ver. 3.2
IIC BOE engine support loaded. ver. 3.0
ip_tables: (C) 2000-2006 Netfilter Core Team
NET: Registered protocol family 10
NET: Registered protocol family 17
rtc-rv8803 11-0032: setting system clock to 2017-04-25 16:26:36 UTC (1493137596)
Freeing unused kernel memory: 1024K (80600000 - 80700000)
jffs2: notice: (433) jffs2_build_xattr_subsystem: complete building xattr subsystem, 1 of xdatum (0 unchecked, 1 orphan) and 1 of xref (0 dead, 1 orphan) found.
random: systemd: uninitialized urandom read (16 bytes read, 11 bits of entropy available)
systemd[1]: systemd 232 running in system mode. (+PAM -AUDIT -SELINUX -IMA -APPARMOR -SMACK +SYSVINIT -UTMP -LIBCRYPTSETUP -GCRYPT -GNUTLS +ACL +XZ -LZ4 -SECCOMP +BLKID -ELFUTILS +KMOD -IDN)
systemd[1]: Detected architecture arm.
systemd[1]: Set hostname to <witherspoon>.
random: systemd: uninitialized urandom read (16 bytes read, 12 bits of entropy available)
random: systemd-sysv-ge: uninitialized urandom read (16 bytes read, 12 bits of entropy available)
random: systemd: uninitialized urandom read (16 bytes read, 12 bits of entropy available)
random: systemd: uninitialized urandom read (16 bytes read, 12 bits of entropy available)
random: systemd: uninitialized urandom read (16 bytes read, 12 bits of entropy available)
random: systemd: uninitialized urandom read (16 bytes read, 12 bits of entropy available)
random: systemd: uninitialized urandom read (16 bytes read, 12 bits of entropy available)
random: systemd: uninitialized urandom read (16 bytes read, 12 bits of entropy available)
random: systemd: uninitialized urandom read (16 bytes read, 12 bits of entropy available)
systemd[1]: Listening on Journal Socket (/dev/log).
systemd[1]: Started Forward Password Requests to Wall Directory Watch.
systemd[1]: Reached target Remote File Systems.
systemd[1]: Listening on Network Service Netlink Socket.
systemd[1]: Created slice System Slice.
systemd[1]: Created slice system-serial\x2dgetty.slice.
systemd[1]: Mounting Debug File System...
systemd[1]: Created slice system-org.openbmc.control.Chassis.slice.
systemd[1]: Created slice system-obmc\x2dconsole.slice.
systemd[1]: Created slice system-obmc\x2dled\x2dgroup\x2dstart.slice.
systemd[1]: Reached target Slices.
systemd[1]: Created slice system-org.openbmc.watchdog.Host.slice.
systemd[1]: Listening on Syslog Socket.
systemd[1]: Listening on udev Kernel Socket.
systemd[1]: Listening on /dev/initctl Compatibility Named Pipe.
systemd[1]: Created slice system-org.openbmc.buttons.reset.slice.
systemd[1]: Listening on udev Control Socket.
systemd[1]: Created slice system-mapper\x2dwait.slice.
systemd[1]: Listening on Journal Socket.
systemd[1]: Starting Apply Kernel Variables...
systemd[1]: Started Dispatch Password Requests to Console Directory Watch.
systemd[1]: Reached target Paths.
systemd[1]: Reached target Swap.
systemd[1]: Mounting Temporary Directory...
systemd[1]: Created slice system-org.openbmc.buttons.Power.slice.
systemd[1]: dev-hugepages.mount: Couldn't determine result for ConditionVirtualization=!private-users, assuming failed: No such file or directory
systemd[1]: Starting udev Coldplug all Devices...
systemd[1]: Created slice system-org.openbmc.control.Power.slice.
systemd[1]: Starting Remount Root and Kernel File Systems...
systemd[1]: Created slice system-org.openbmc.control.Bmc.slice.
systemd[1]: Created slice system-org.openbmc.control.Checkstop.slice.
systemd[1]: Starting Journal Service...
systemd[1]: Created slice system-getty.slice.
systemd[1]: Mounted Debug File System.
systemd[1]: Mounted Temporary Directory.
systemd[1]: Started Apply Kernel Variables.
systemd[1]: Started Remount Root and Kernel File Systems.
systemd[1]: Starting Create System Users...
systemd[1]: Started Create System Users.
systemd[1]: Starting Create Static Device Nodes in /dev...
systemd[1]: Started Journal Service.
systemd-journald[498]: Received request to flush runtime journal from PID 1
ftgmac100 1e660000.ethernet eth0: NCSI interface up
random: nonblocking pool is initialized
