-- Logs begin at Fri 2017-08-04 16:38:03 UTC, end at Fri 2017-08-04 16:54:32 UTC. --
Aug 04 16:38:03 witherspoon kernel: Booting Linux on physical CPU 0x0
Aug 04 16:38:03 witherspoon kernel: Linux version 4.10.17-03afe5775baf06c3037d62cc2a15628079af38c9 (jenkins@openbmc-builder1) (gcc version 6.2.0 (GCC) ) #1 Fri Aug 4 16:14:41 UTC 2017
Aug 04 16:38:03 witherspoon kernel: CPU: ARMv6-compatible processor [410fb767] revision 7 (ARMv7), cr=00c5387d
Aug 04 16:38:03 witherspoon kernel: CPU: PIPT / VIPT nonaliasing data cache, VIPT nonaliasing instruction cache
Aug 04 16:38:03 witherspoon kernel: OF: fdt:Machine model: Witherspoon BMC
Aug 04 16:38:03 witherspoon kernel: Memory policy: Data cache writeback
Aug 04 16:38:03 witherspoon kernel: SOC Rev: 04030303
Aug 04 16:38:03 witherspoon kernel: On node 0 totalpages: 110592
Aug 04 16:38:03 witherspoon kernel: free_area_init_node: node 0, pgdat 805ff5f4, node_mem_map 9ec1a000
Aug 04 16:38:03 witherspoon kernel:   Normal zone: 992 pages used for memmap
Aug 04 16:38:03 witherspoon kernel:   Normal zone: 0 pages reserved
Aug 04 16:38:03 witherspoon kernel:   Normal zone: 110592 pages, LIFO batch:31
Aug 04 16:38:03 witherspoon kernel: pcpu-alloc: s0 r0 d32768 u32768 alloc=1*32768
Aug 04 16:38:03 witherspoon kernel: pcpu-alloc: [0] 0 
Aug 04 16:38:03 witherspoon kernel: Built 1 zonelists in Zone order, mobility grouping on.  Total pages: 109600
Aug 04 16:38:03 witherspoon kernel: Kernel command line: console=ttyS4,115200n8 root=/dev/ram rw
Aug 04 16:38:03 witherspoon kernel: PID hash table entries: 2048 (order: 1, 8192 bytes)
Aug 04 16:38:03 witherspoon kernel: Dentry cache hash table entries: 65536 (order: 6, 262144 bytes)
Aug 04 16:38:03 witherspoon kernel: Inode-cache hash table entries: 32768 (order: 5, 131072 bytes)
Aug 04 16:38:03 witherspoon kernel: Memory: 430436K/442368K available (4065K kernel code, 280K rwdata, 1192K rodata, 284K init, 111K bss, 11932K reserved, 0K cma-reserved)
Aug 04 16:38:03 witherspoon kernel: Virtual kernel memory layout:
                                        vector  : 0xffff0000 - 0xffff1000   (   4 kB)
                                        fixmap  : 0xffc00000 - 0xfff00000   (3072 kB)
                                        vmalloc : 0x9f800000 - 0xff800000   (1536 MB)
                                        lowmem  : 0x80000000 - 0x9f000000   ( 496 MB)
                                          .text : 0x80008000 - 0x80400940   (4067 kB)
                                          .init : 0x80585000 - 0x805cc000   ( 284 kB)
                                          .data : 0x805cc000 - 0x80612358   ( 281 kB)
                                           .bss : 0x80612358 - 0x8062e1f8   ( 112 kB)
Aug 04 16:38:03 witherspoon kernel: NR_IRQS:16 nr_irqs:16 16
Aug 04 16:38:03 witherspoon kernel: i2c controller registered, irq 16
Aug 04 16:38:03 witherspoon kernel: clocksource: moxart_timer: mask: 0xffffffff max_cycles: 0xffffffff, max_idle_ns: 77222644334 ns
Aug 04 16:38:03 witherspoon kernel: sched_clock: 32 bits at 100 Hz, resolution 10000000ns, wraps every 21474836475000000ns
Aug 04 16:38:03 witherspoon kernel: Calibrating delay loop... 789.70 BogoMIPS (lpj=3948544)
Aug 04 16:38:03 witherspoon kernel: pid_max: default: 32768 minimum: 301
Aug 04 16:38:03 witherspoon kernel: Mount-cache hash table entries: 1024 (order: 0, 4096 bytes)
Aug 04 16:38:03 witherspoon kernel: Mountpoint-cache hash table entries: 1024 (order: 0, 4096 bytes)
Aug 04 16:38:03 witherspoon kernel: CPU: Testing write buffer coherency: ok
Aug 04 16:38:03 witherspoon kernel: ftrace: allocating 14934 entries in 44 pages
Aug 04 16:38:03 witherspoon kernel: Setting up static identity map for 0x80008200 - 0x8000825c
Aug 04 16:38:03 witherspoon kernel: devtmpfs: initialized
Aug 04 16:38:03 witherspoon kernel: clocksource: jiffies: mask: 0xffffffff max_cycles: 0xffffffff, max_idle_ns: 19112604462750000 ns
Aug 04 16:38:03 witherspoon kernel: futex hash table entries: 256 (order: -1, 3072 bytes)
Aug 04 16:38:03 witherspoon kernel: pinctrl core: initialized pinctrl subsystem
Aug 04 16:38:03 witherspoon kernel: NET: Registered protocol family 16
Aug 04 16:38:03 witherspoon kernel: DMA: preallocated 256 KiB pool for atomic coherent allocations
Aug 04 16:38:03 witherspoon kernel: usbcore: registered new interface driver usbfs
Aug 04 16:38:03 witherspoon kernel: usbcore: registered new interface driver hub
Aug 04 16:38:03 witherspoon kernel: usbcore: registered new device driver usb
Aug 04 16:38:03 witherspoon kernel: clocksource: Switched to clocksource moxart_timer
Aug 04 16:38:03 witherspoon kernel: NET: Registered protocol family 2
Aug 04 16:38:03 witherspoon kernel: TCP established hash table entries: 4096 (order: 2, 16384 bytes)
Aug 04 16:38:03 witherspoon kernel: TCP bind hash table entries: 4096 (order: 2, 16384 bytes)
Aug 04 16:38:03 witherspoon kernel: TCP: Hash tables configured (established 4096 bind 4096)
Aug 04 16:38:03 witherspoon kernel: UDP hash table entries: 256 (order: 0, 4096 bytes)
Aug 04 16:38:03 witherspoon kernel: UDP-Lite hash table entries: 256 (order: 0, 4096 bytes)
Aug 04 16:38:03 witherspoon kernel: NET: Registered protocol family 1
Aug 04 16:38:03 witherspoon kernel: Trying to unpack rootfs image as initramfs...
Aug 04 16:38:03 witherspoon kernel: Freeing initrd memory: 1548K
Aug 04 16:38:03 witherspoon kernel: workingset: timestamp_bits=30 max_order=17 bucket_order=0
Aug 04 16:38:03 witherspoon kernel: squashfs: version 4.0 (2009/01/31) Phillip Lougher
Aug 04 16:38:03 witherspoon kernel: jffs2: version 2.2. (SUMMARY)  © 2001-2006 Red Hat, Inc.
Aug 04 16:38:03 witherspoon kernel: Block layer SCSI generic (bsg) driver version 0.4 loaded (major 250)
Aug 04 16:38:03 witherspoon kernel: io scheduler noop registered
Aug 04 16:38:03 witherspoon kernel: io scheduler deadline registered
Aug 04 16:38:03 witherspoon kernel: io scheduler cfq registered (default)
Aug 04 16:38:03 witherspoon kernel: ipmi-bt-host 1e789140.ibt: Found bt bmc device
Aug 04 16:38:03 witherspoon kernel: ipmi-bt-host 1e789140.ibt: Using IRQ 22
Aug 04 16:38:03 witherspoon kernel: Serial: 8250/16550 driver, 6 ports, IRQ sharing enabled
Aug 04 16:38:03 witherspoon kernel: 1e787000.vuart: ttyS0 at MMIO 0x1e787000 (irq = 22, base_baud = 1500000) is a 16550A
Aug 04 16:38:03 witherspoon kernel: 1e783000.serial: ttyS1 at MMIO 0x1e783000 (irq = 23, base_baud = 1500000) is a 16550A
Aug 04 16:38:03 witherspoon kernel: 1e78d000.serial: ttyS2 at MMIO 0x1e78d000 (irq = 24, base_baud = 1500000) is a 16550A
Aug 04 16:38:03 witherspoon kernel: 1e784000.serial: ttyS4 at MMIO 0x1e784000 (irq = 25, base_baud = 1500000) is a 16550A
Aug 04 16:38:03 witherspoon kernel: console [ttyS4] enabled
Aug 04 16:38:03 witherspoon kernel: timeriomem_rng 1e6e2078.hwrng: 32bits from 0xf00e2078 @ 1us
Aug 04 16:38:03 witherspoon kernel: random: fast init done
Aug 04 16:38:03 witherspoon kernel: brd: module loaded
Aug 04 16:38:03 witherspoon kernel: random: crng init done
Aug 04 16:38:03 witherspoon kernel: loop: module loaded
Aug 04 16:38:03 witherspoon kernel: aspeed-lpc-ctrl 1e789080.lpc-ctrl: Loaded at 0x98000000 (0x04000000)
Aug 04 16:38:03 witherspoon kernel: aspeed-smc 1e620000.flash-controller: Using IRQ 18
Aug 04 16:38:03 witherspoon kernel: aspeed-smc 1e620000.flash-controller: DMA support disabled.
Aug 04 16:38:03 witherspoon kernel: aspeed-smc 1e620000.flash-controller: mx25l25635e (32768 Kbytes)
Aug 04 16:38:03 witherspoon kernel: aspeed-smc 1e620000.flash-controller: CE0 window [ 0x20000000 - 0x22000000 ] 32MB
Aug 04 16:38:03 witherspoon kernel: aspeed-smc 1e620000.flash-controller: CE1 window [ 0x22000000 - 0x2a000000 ] 128MB
Aug 04 16:38:03 witherspoon kernel: 5 ofpart partitions found on MTD device bmc
Aug 04 16:38:03 witherspoon kernel: Creating 5 MTD partitions on "bmc":
Aug 04 16:38:03 witherspoon kernel: 0x000000000000-0x000000060000 : "u-boot"
Aug 04 16:38:03 witherspoon kernel: 0x000000060000-0x000000080000 : "u-boot-env"
Aug 04 16:38:03 witherspoon kernel: 0x000000080000-0x0000004c0000 : "kernel"
Aug 04 16:38:03 witherspoon kernel: 0x0000004c0000-0x000001c00000 : "rofs"
Aug 04 16:38:03 witherspoon kernel: 0x000001c00000-0x000002000000 : "rwfs"
Aug 04 16:38:03 witherspoon kernel: aspeed-smc 1e620000.flash-controller: mx25l25635e (32768 Kbytes)
Aug 04 16:38:03 witherspoon kernel: aspeed-smc 1e620000.flash-controller: CE1 window [ 0x22000000 - 0x24000000 ] 32MB
Aug 04 16:38:03 witherspoon kernel: aspeed-smc 1e620000.flash-controller: CE2 window [ 0x24000000 - 0x2c000000 ] 128MB
Aug 04 16:38:03 witherspoon kernel: aspeed-smc 1e630000.flash-controller: mx66l1g45g (131072 Kbytes)
Aug 04 16:38:03 witherspoon kernel: aspeed-smc 1e630000.flash-controller: CE0 window resized to 120MB (AST2500 HW quirk)
Aug 04 16:38:03 witherspoon kernel: aspeed-smc 1e630000.flash-controller: CE0 window [ 0x30000000 - 0x37800000 ] 120MB
Aug 04 16:38:03 witherspoon kernel: aspeed-smc 1e630000.flash-controller: CE0 window too small for chip 128MB
Aug 04 16:38:03 witherspoon kernel: aspeed-smc 1e630000.flash-controller: CE1 window [ 0x37800000 - 0x38000000 ] 8MB
Aug 04 16:38:03 witherspoon kernel: libphy: Fixed MDIO Bus: probed
Aug 04 16:38:03 witherspoon kernel: ftgmac100 1e660000.ethernet: Read MAC address 70:e2:84:14:28:a9 from chip
Aug 04 16:38:03 witherspoon kernel: ftgmac100 1e660000.ethernet: Using NCSI interface
Aug 04 16:38:03 witherspoon kernel: ftgmac100 1e660000.ethernet eth0: irq 20, mapped at f0060000
Aug 04 16:38:03 witherspoon kernel: ehci_hcd: USB 2.0 'Enhanced' Host Controller (EHCI) Driver
Aug 04 16:38:03 witherspoon kernel: ehci-platform: EHCI generic platform driver
Aug 04 16:38:03 witherspoon kernel:  fsi0: can't read slave 00:00 -5
Aug 04 16:38:03 witherspoon kernel: i2c /dev entries driver
Aug 04 16:38:03 witherspoon kernel: aspeed-i2c-bus 1e78a0c0.i2c-bus: i2c bus 2 registered, irq 26
Aug 04 16:38:03 witherspoon kernel: aspeed-i2c-bus 1e78a100.i2c-bus: i2c bus 3 registered, irq 27
Aug 04 16:38:03 witherspoon kernel: aspeed-i2c-bus 1e78a140.i2c-bus: i2c bus 4 registered, irq 28
Aug 04 16:38:03 witherspoon kernel: aspeed-i2c-bus 1e78a180.i2c-bus: i2c bus 5 registered, irq 29
Aug 04 16:38:03 witherspoon kernel: aspeed-i2c-bus 1e78a380.i2c-bus: i2c bus 9 registered, irq 30
Aug 04 16:38:03 witherspoon kernel: aspeed-i2c-bus 1e78a3c0.i2c-bus: i2c bus 10 registered, irq 31
Aug 04 16:38:03 witherspoon kernel: rtc-rv8803 11-0032: Voltage low, temperature compensation stopped.
Aug 04 16:38:03 witherspoon kernel: rtc-rv8803 11-0032: rtc core: registered rx8900 as rtc0
Aug 04 16:38:03 witherspoon kernel: at24 11-0051: 8192 byte 24c64 EEPROM, writable, 1 bytes/write
Aug 04 16:38:03 witherspoon kernel: aspeed-i2c-bus 1e78a400.i2c-bus: i2c bus 11 registered, irq 32
Aug 04 16:38:03 witherspoon kernel: aspeed-i2c-bus 1e78a440.i2c-bus: i2c bus 12 registered, irq 33
Aug 04 16:38:03 witherspoon kernel: aspeed-i2c-bus 1e78a480.i2c-bus: i2c bus 13 registered, irq 34
Aug 04 16:38:03 witherspoon kernel: Driver for 1-wire Dallas network protocol.
Aug 04 16:38:03 witherspoon kernel: lm75 9-004a: hwmon0: sensor 'tmp275'
Aug 04 16:38:03 witherspoon kernel: ucd9000 11-0064: Device ID UCD90160|2.3.4.0000|110603
Aug 04 16:38:03 witherspoon kernel: leds-pca955x 3-0060: leds-pca955x: Using pca9552 16-bit LED driver at slave address 0x60
Aug 04 16:38:03 witherspoon kernel: leds-pca955x 11-0060: leds-pca955x: Using pca9552 16-bit LED driver at slave address 0x60
Aug 04 16:38:03 witherspoon kernel: leds-pca955x 11-0060: gpios 264...279
Aug 04 16:38:03 witherspoon kernel: usbcore: registered new interface driver usbhid
Aug 04 16:38:03 witherspoon kernel: usbhid: USB HID core driver
Aug 04 16:38:03 witherspoon kernel: dps310 3-0076: iio:device1: sensor 'dps310'
Aug 04 16:38:03 witherspoon kernel: NET: Registered protocol family 10
Aug 04 16:38:03 witherspoon kernel: Segment Routing with IPv6
Aug 04 16:38:03 witherspoon kernel: NET: Registered protocol family 17
Aug 04 16:38:03 witherspoon kernel: 8021q: 802.1Q VLAN Support v1.8
Aug 04 16:38:03 witherspoon kernel: console [netcon0] enabled
Aug 04 16:38:03 witherspoon kernel: netconsole: network logging started
Aug 04 16:38:03 witherspoon kernel: input: gpio-keys as /devices/platform/gpio-keys/input/input0
Aug 04 16:38:03 witherspoon kernel: rtc-rv8803 11-0032: setting system clock to 2017-08-04 16:37:56 UTC (1501864676)
Aug 04 16:38:03 witherspoon kernel: Freeing unused kernel memory: 284K
Aug 04 16:38:03 witherspoon kernel: This architecture does not have kernel memory protection.
Aug 04 16:38:03 witherspoon kernel: jffs2: notice: (526) jffs2_build_xattr_subsystem: complete building xattr subsystem, 1 of xdatum (0 unchecked, 0 orphan) and 11 of xref (0 dead, 1 orphan) found.
Aug 04 16:38:03 witherspoon systemd[1]: Failed to insert module 'autofs4': No such file or directory
Aug 04 16:38:03 witherspoon systemd[1]: systemd 232 running in system mode. (+PAM -AUDIT -SELINUX -IMA -APPARMOR -SMACK +SYSVINIT -UTMP -LIBCRYPTSETUP -GCRYPT -GNUTLS +ACL +XZ -LZ4 -SECCOMP +BLKID -ELFUTILS +KMOD -IDN)
Aug 04 16:38:03 witherspoon systemd[1]: Detected architecture arm.
Aug 04 16:38:03 witherspoon systemd[1]: Set hostname to <witherspoon>.
Aug 04 16:38:03 witherspoon systemd[1]: Started Dispatch Password Requests to Console Directory Watch.
Aug 04 16:38:03 witherspoon systemd[1]: Listening on udev Kernel Socket.
Aug 04 16:38:03 witherspoon systemd[1]: Reached target Remote File Systems.
Aug 04 16:38:03 witherspoon systemd[1]: Listening on /dev/initctl Compatibility Named Pipe.
Aug 04 16:38:03 witherspoon systemd[1]: Listening on Syslog Socket.
Aug 04 16:38:03 witherspoon systemd[1]: Listening on udev Control Socket.
Aug 04 16:38:03 witherspoon systemd[1]: Started Forward Password Requests to Wall Directory Watch.
Aug 04 16:38:03 witherspoon systemd-journald[655]: Journal started
Aug 04 16:38:04 witherspoon systemd-journald[655]: Runtime journal (/run/log/journal/12c6a00ebfdd479284cf09f39d1bc042) is 0B, max 0B, 0B free.
Aug 04 16:38:04 witherspoon systemd-sysctl[657]: Couldn't write '16' to 'kernel/sysrq', ignoring: No such file or directory
Aug 04 16:38:04 witherspoon systemd-sysctl[657]: Couldn't write 'fq_codel' to 'net/core/default_qdisc', ignoring: No such file or directory
Aug 04 16:38:04 witherspoon systemd[1]: Started Remount Root and Kernel File Systems.
Aug 04 16:38:04 witherspoon systemd[1]: Started Apply Kernel Variables.
Aug 04 16:38:04 witherspoon systemd[1]: Starting Create System Users...
Aug 04 16:38:04 witherspoon systemd[1]: Starting Flush Journal to Persistent Storage...
Aug 04 16:38:04 witherspoon systemd[1]: Started Create System Users.
Aug 04 16:38:04 witherspoon systemd[1]: Starting Create Static Device Nodes in /dev...
Aug 04 16:38:04 witherspoon systemd-journald[655]: Runtime journal (/run/log/journal/12c6a00ebfdd479284cf09f39d1bc042) is 0B, max 0B, 0B free.
Aug 04 16:38:04 witherspoon systemd[1]: Started Flush Journal to Persistent Storage.
Aug 04 16:38:04 witherspoon systemd[1]: Started Create Static Device Nodes in /dev.
Aug 04 16:38:04 witherspoon systemd[1]: Starting udev Kernel Device Manager...
Aug 04 16:38:05 witherspoon systemd[1]: Reached target Local File Systems (Pre).
Aug 04 16:38:05 witherspoon systemd[1]: Mounting /var/volatile...
Aug 04 16:38:05 witherspoon systemd[1]: Mounted /var/volatile.
Aug 04 16:38:05 witherspoon systemd[1]: Starting Load/Save Random Seed...
Aug 04 16:38:05 witherspoon systemd[1]: Reached target Local File Systems.
Aug 04 16:38:05 witherspoon systemd[1]: Starting Rebuild Journal Catalog...
Aug 04 16:38:05 witherspoon systemd[1]: Starting Create Volatile Files and Directories...
Aug 04 16:38:05 witherspoon systemd[1]: Started Rebuild Journal Catalog.
Aug 04 16:38:05 witherspoon systemd[1]: Starting Update is Completed...
Aug 04 16:38:05 witherspoon systemd[1]: Started Load/Save Random Seed.
Aug 04 16:38:05 witherspoon systemd-tmpfiles[672]: "/var/tmp" already exists and is not a directory.
Aug 04 16:38:05 witherspoon systemd-tmpfiles[672]: "/var/log" already exists and is not a directory.
Aug 04 16:38:05 witherspoon systemd[1]: Started Create Volatile Files and Directories.
Aug 04 16:38:05 witherspoon systemd[1]: Starting Network Time Synchronization...
Aug 04 16:38:06 witherspoon systemd[1]: Started Update is Completed.
Aug 04 16:38:06 witherspoon systemd[1]: Started Network Time Synchronization.
Aug 04 16:38:06 witherspoon systemd[1]: Reached target System Time Synchronized.
Aug 04 16:38:06 witherspoon systemd[1]: Started udev Kernel Device Manager.
Aug 04 16:38:06 witherspoon systemd[1]: Started udev Coldplug all Devices.
Aug 04 16:38:06 witherspoon systemd[1]: Reached target System Initialization.
Aug 04 16:38:06 witherspoon systemd[1]: Listening on D-Bus System Message Bus Socket.
Aug 04 16:38:07 witherspoon systemd[1]: Listening on Phosphor Webserver socket.
Aug 04 16:38:07 witherspoon systemd[1]: Listening on Phosphor DBUS Browser socket.
Aug 04 16:38:07 witherspoon systemd[1]: Listening on phosphor-ipmi-net.socket.
Aug 04 16:38:07 witherspoon systemd[1]: Listening on Phosphor Host Console SSH Per-Connection socket.
Aug 04 16:38:07 witherspoon systemd[1]: Listening on dropbear.socket.
Aug 04 16:38:07 witherspoon systemd[1]: Listening on Avahi mDNS/DNS-SD Stack Activation Socket.
Aug 04 16:38:07 witherspoon systemd[1]: Reached target Sockets.
Aug 04 16:38:07 witherspoon systemd[1]: Reached target Basic System.
Aug 04 16:38:07 witherspoon systemd[1]: Starting Phosphor Settings Daemon...
Aug 04 16:38:07 witherspoon systemd[1]: Starting Phosphor Dump Manager...
Aug 04 16:38:07 witherspoon systemd[1]: Starting Phosphor Log Manager...
Aug 04 16:38:07 witherspoon systemd[1]: Starting Phosphor Chassis0 Control...
Aug 04 16:38:07 witherspoon systemd[1]: Starting Phosphor DBus Service Discovery Manager...
Aug 04 16:38:07 witherspoon systemd[1]: Starting Phosphor Inventory Manager...
Aug 04 16:38:09 witherspoon systemd[1]: Starting Phosphor Inventory Manager...
Aug 04 16:38:09 witherspoon systemd[1]: Starting Phosphor BMC0 Control...
Aug 04 16:38:09 witherspoon systemd[1]: Started D-Bus System Message Bus.
Aug 04 16:38:13 witherspoon systemd[1]: Started Phosphor Settings Daemon.
Aug 04 16:38:13 witherspoon systemd[1]: Starting Network Service...
Aug 04 16:38:13 witherspoon systemd[1]: Started Hardware RNG Entropy Gatherer Daemon.
Aug 04 16:38:14 witherspoon systemd[1]: Starting Phosphor IPMI BT DBus Bridge...
Aug 04 16:38:14 witherspoon systemd[1]: Starting OpenBMC Software Update Manager...
Aug 04 16:38:14 witherspoon systemd[1]: Started Phosphor Dump core monitor..
Aug 04 16:38:14 witherspoon systemd[1]: Starting Phosphor Network Manager...
Aug 04 16:38:14 witherspoon systemd[1]: Starting Phosphor Download Manager...
Aug 04 16:38:14 witherspoon systemd[1]: Starting Avahi mDNS/DNS-SD Stack...
Aug 04 16:38:14 witherspoon systemd[1]: Reached target Containers.
Aug 04 16:38:14 witherspoon systemd[1]: Starting Remount the squashfs and ubi volumes after a reboot...
Aug 04 16:38:14 witherspoon systemd[1]: Starting Phosphor LED Group Management Daemon...
Aug 04 16:38:14 witherspoon systemd[1]: Starting Clear one time boot overrides...
Aug 04 16:38:14 witherspoon systemd[1]: Starting Phosphor User Manager...
Aug 04 16:38:14 witherspoon systemd[1]: Starting Phosphor Download Manager...
Aug 04 16:38:14 witherspoon systemd[1]: Started Daily Cleanup of Temporary Directories.
Aug 04 16:38:15 witherspoon systemd[1]: Reached target Timers.
Aug 04 16:38:15 witherspoon systemd-networkd[935]: Could not create runtime directory: File exists
Aug 04 16:38:15 witherspoon kernel[951]: klogd started: BusyBox v1.24.1 (2017-06-16 19:29:08 UTC)
Aug 04 16:38:15 witherspoon systemd-networkd[935]: Could not create runtime directory 'links': File exists
Aug 04 16:38:15 witherspoon kernel[951]: [    0.000000] Booting Linux on physical CPU 0x0
Aug 04 16:38:15 witherspoon systemd-networkd[935]: Could not create runtime directory 'leases': File exists
Aug 04 16:38:15 witherspoon kernel[951]: [    0.000000] Linux version 4.10.17-03afe5775baf06c3037d62cc2a15628079af38c9 (jenkins@openbmc-builder1) (gcc version 6.2.0 (GCC) ) #1 Fri Aug 4 16:14:41 UTC 2017
Aug 04 16:38:15 witherspoon systemd[1]: Started System Logging Service.
Aug 04 16:38:15 witherspoon kernel[951]: [    0.000000] CPU: ARMv6-compatible processor [410fb767] revision 7 (ARMv7), cr=00c5387d
Aug 04 16:38:15 witherspoon systemd[1]: Starting Phosphor Sensor Manager...
Aug 04 16:38:15 witherspoon kernel[951]: [    0.000000] CPU: PIPT / VIPT nonaliasing data cache, VIPT nonaliasing instruction cache
Aug 04 16:38:15 witherspoon systemd[1]: Started Kernel Logging Service.
Aug 04 16:38:15 witherspoon kernel[951]: [    0.000000] OF: fdt:Machine model: Witherspoon BMC
Aug 04 16:38:15 witherspoon kernel[951]: [    0.000000] Memory policy: Data cache writeback
Aug 04 16:38:15 witherspoon kernel[951]: [    0.000000] SOC Rev: 04030303
Aug 04 16:38:15 witherspoon kernel[951]: [    0.000000] On node 0 totalpages: 110592
Aug 04 16:38:15 witherspoon kernel[951]: [    0.000000] free_area_init_node: node 0, pgdat 805ff5f4, node_mem_map 9ec1a000
Aug 04 16:38:15 witherspoon kernel[951]: [    0.000000]   Normal zone: 992 pages used for memmap
Aug 04 16:38:15 witherspoon kernel[951]: [    0.000000]   Normal zone: 0 pages reserved
Aug 04 16:38:15 witherspoon kernel[951]: [    0.000000]   Normal zone: 110592 pages, LIFO batch:31
Aug 04 16:38:15 witherspoon kernel[951]: [    0.000000] pcpu-alloc: s0 r0 d32768 u32768 alloc=1*32768
Aug 04 16:38:15 witherspoon kernel[951]: [    0.000000] pcpu-alloc: [0] 0
Aug 04 16:38:15 witherspoon kernel[951]: [    0.000000] Built 1 zonelists in Zone order, mobility grouping on.  Total pages: 109600
Aug 04 16:38:15 witherspoon kernel[951]: [    0.000000] Kernel command line: console=ttyS4,115200n8 root=/dev/ram rw
Aug 04 16:38:17 witherspoon kernel: ubi7: default fastmap pool size: 100
Aug 04 16:38:17 witherspoon kernel: ubi7: default fastmap WL pool size: 50
Aug 04 16:38:17 witherspoon kernel: ubi7: attaching mtd7
Aug 04 16:38:15 witherspoon kernel[951]: [    0.000000] PID hash table entries: 2048 (order: 1, 8192 bytes)
Aug 04 16:38:17 witherspoon systemd-networkd[935]: Enumeration completed
Aug 04 16:38:15 witherspoon kernel[951]: [    0.000000] Dentry cache hash table entries: 65536 (order: 6, 262144 bytes)
Aug 04 16:38:17 witherspoon systemd-networkd[935]: eth0: IPv6 enabled for interface: Success
Aug 04 16:38:15 witherspoon kernel[951]: [    0.000000] Inode-cache hash table entries: 32768 (order: 5, 131072 bytes)
Aug 04 16:38:17 witherspoon systemd-networkd[935]: eth0: Gained carrier
Aug 04 16:38:15 witherspoon kernel[951]: [    0.000000] Memory: 430436K/442368K available (4065K kernel code, 280K rwdata, 1192K rodata, 284K init, 111K bss, 11932K reserved, 0K cma-reserved)
Aug 04 16:38:17 witherspoon systemd-timesyncd[677]: Network configuration changed, trying to establish connection.
Aug 04 16:38:15 witherspoon kernel[951]: [    0.000000] Virtual kernel memory layout:
Aug 04 16:38:17 witherspoon systemd[1]: Started Network Service.
Aug 04 16:38:15 witherspoon kernel[951]: [    0.000000]     vector  : 0xffff0000 - 0xffff1000   (   4 kB)
Aug 04 16:38:17 witherspoon systemd[1]: Found device /dev/aspeed-lpc-ctrl.
Aug 04 16:38:18 witherspoon kernel: ubi7: scanning is finished
Aug 04 16:38:18 witherspoon kernel: ubi7: attached mtd7 (name "pnor", size 128 MiB)
Aug 04 16:38:18 witherspoon kernel: ubi7: PEB size: 65536 bytes (64 KiB), LEB size: 65408 bytes
Aug 04 16:38:18 witherspoon kernel: ubi7: min./max. I/O unit sizes: 1/256, sub-page size 1
Aug 04 16:38:18 witherspoon kernel: ubi7: VID header offset: 64 (aligned 64), data offset: 128
Aug 04 16:38:18 witherspoon kernel: ubi7: good PEBs: 2048, bad PEBs: 0, corrupted PEBs: 0
Aug 04 16:38:18 witherspoon kernel: ubi7: user volume: 3, internal volumes: 1, max. volumes count: 128
Aug 04 16:38:18 witherspoon kernel: ubi7: max/mean erase counter: 1/0, WL threshold: 4096, image sequence number: 1248553347
Aug 04 16:38:18 witherspoon kernel: ubi7: available PEBs: 1367, total reserved PEBs: 681, PEBs reserved for bad PEB handling: 0
Aug 04 16:38:18 witherspoon kernel: ubi7: background thread "ubi_bgt7d" started, PID 965
Aug 04 16:38:15 witherspoon kernel[951]: [    0.000000]     fixmap  : 0xffc00000 - 0xfff00000   (3072 kB)
Aug 04 16:38:15 witherspoon kernel[951]: [    0.000000]     vmalloc : 0x9f800000 - 0xff800000   (1536 MB)
Aug 04 16:38:15 witherspoon kernel[951]: [    0.000000]     lowmem  : 0x80000000 - 0x9f000000   ( 496 MB)
Aug 04 16:38:15 witherspoon kernel[951]: [    0.000000]       .text : 0x80008000 - 0x80400940   (4067 kB)
Aug 04 16:38:15 witherspoon kernel[951]: [    0.000000]       .init : 0x80585000 - 0x805cc000   ( 284 kB)
Aug 04 16:38:15 witherspoon kernel[951]: [    0.000000]       .data : 0x805cc000 - 0x80612358   ( 281 kB)
Aug 04 16:38:15 witherspoon kernel[951]: [    0.000000]        .bss : 0x80612358 - 0x8062e1f8   ( 112 kB)
Aug 04 16:38:15 witherspoon kernel[951]: [    0.000000] NR_IRQS:16 nr_irqs:16 16
Aug 04 16:38:15 witherspoon kernel[951]: [    0.000000] i2c controller registered, irq 16
Aug 04 16:38:15 witherspoon kernel[951]: [    0.000000] clocksource: moxart_timer: mask: 0xffffffff max_cycles: 0xffffffff, max_idle_ns: 77222644334 ns
Aug 04 16:38:15 witherspoon kernel[951]: [    0.000000] sched_clock: 32 bits at 100 Hz, resolution 10000000ns, wraps every 21474836475000000ns
Aug 04 16:38:15 witherspoon kernel[951]: [    0.090000] Calibrating delay loop... 789.70 BogoMIPS (lpj=3948544)
Aug 04 16:38:15 witherspoon kernel[951]: [    0.090000] pid_max: default: 32768 minimum: 301
Aug 04 16:38:15 witherspoon kernel[951]: [    0.090000] Mount-cache hash table entries: 1024 (order: 0, 4096 bytes)
Aug 04 16:38:15 witherspoon kernel[951]: [    0.090000] Mountpoint-cache hash table entries: 1024 (order: 0, 4096 bytes)
Aug 04 16:38:15 witherspoon kernel[951]: [    0.090000] CPU: Testing write buffer coherency: ok
Aug 04 16:38:15 witherspoon kernel[951]: [    0.090000] ftrace: allocating 14934 entries in 44 pages
Aug 04 16:38:15 witherspoon kernel[951]: [    0.120000] Setting up static identity map for 0x80008200 - 0x8000825c
Aug 04 16:38:15 witherspoon kernel[951]: [    0.120000] devtmpfs: initialized
Aug 04 16:38:15 witherspoon kernel[951]: [    0.150000] clocksource: jiffies: mask: 0xffffffff max_cycles: 0xffffffff, max_idle_ns: 19112604462750000 ns
Aug 04 16:38:15 witherspoon kernel[951]: [    0.150000] futex hash table entries: 256 (order: -1, 3072 bytes)
Aug 04 16:38:18 witherspoon systemd[1]: Found device /dev/aspeed-mbox.
Aug 04 16:38:19 witherspoon obmc-flash-bios[943]: UBI device number 7, total 2048 LEBs (133955584 bytes, 127.8 MiB), available 1367 LEBs (89412736 bytes, 85.3 MiB), LEB size 65408 bytes (63.9 KiB)
Aug 04 16:38:15 witherspoon kernel[951]: [    0.150000] pinctrl core: initialized pinctrl subsystem
Aug 04 16:38:18 witherspoon systemd[1]: Started Clear one time boot overrides.
Aug 04 16:38:15 witherspoon kernel[951]: [    0.150000] NET: Registered protocol family 16
Aug 04 16:38:19 witherspoon systemd[1]: Found device /dev/ttyS4.
Aug 04 16:38:15 witherspoon kernel[951]: [    0.150000] DMA: preallocated 256 KiB pool for atomic coherent allocations
Aug 04 16:38:19 witherspoon systemd[1]: Found device /dev/ttyVUART0.
Aug 04 16:38:15 witherspoon kernel[951]: [    0.220000] usbcore: registered new interface driver usbfs
Aug 04 16:38:15 witherspoon kernel[951]: [    0.220000] usbcore: registered new interface driver hub
Aug 04 16:38:15 witherspoon kernel[951]: [    0.220000] usbcore: registered new device driver usb
Aug 04 16:38:15 witherspoon kernel[951]: [    0.220000] clocksource: Switched to clocksource moxart_timer
Aug 04 16:38:15 witherspoon kernel[951]: [    0.230000] NET: Registered protocol family 2
Aug 04 16:38:15 witherspoon kernel[951]: [    0.230000] TCP established hash table entries: 4096 (order: 2, 16384 bytes)
Aug 04 16:38:15 witherspoon kernel[951]: [    0.230000] TCP bind hash table entries: 4096 (order: 2, 16384 bytes)
Aug 04 16:38:15 witherspoon kernel[951]: [    0.230000] TCP: Hash tables configured (established 4096 bind 4096)
Aug 04 16:38:19 witherspoon systemd-networkd[935]: eth0: Gained IPv6LL
Aug 04 16:38:20 witherspoon kernel: UBIFS (ubi7:0): background thread "ubifs_bgt7_0" started, PID 978
Aug 04 16:38:15 witherspoon kernel[951]: [    0.230000] UDP hash table entries: 256 (order: 0, 4096 bytes)
Aug 04 16:38:15 witherspoon kernel[951]: [    0.230000] UDP-Lite hash table entries: 256 (order: 0, 4096 bytes)
Aug 04 16:38:15 witherspoon kernel[951]: [    0.230000] NET: Registered protocol family 1
Aug 04 16:38:15 witherspoon kernel[951]: [    0.240000] Trying to unpack rootfs image as initramfs...
Aug 04 16:38:15 witherspoon kernel[951]: [    1.910000] Freeing initrd memory: 1548K
Aug 04 16:38:15 witherspoon kernel[951]: [    1.910000] workingset: timestamp_bits=30 max_order=17 bucket_order=0
Aug 04 16:38:20 witherspoon kernel: UBIFS (ubi7:0): UBIFS: mounted UBI device 7, volume 0, name "pnor-rw-e49bc78e"
Aug 04 16:38:20 witherspoon kernel: UBIFS (ubi7:0): LEB size: 65408 bytes (63 KiB), min./max. I/O unit sizes: 8 bytes/256 bytes
Aug 04 16:38:20 witherspoon kernel: UBIFS (ubi7:0): FS size: 16155776 bytes (15 MiB, 247 LEBs), journal size 784896 bytes (0 MiB, 12 LEBs)
Aug 04 16:38:20 witherspoon kernel: UBIFS (ubi7:0): reserved for root: 763076 bytes (745 KiB)
Aug 04 16:38:20 witherspoon kernel: UBIFS (ubi7:0): media format: w5/r0 (latest is w5/r0), UUID 9E6DE93A-E9DB-406D-8D74-17A006BC2C5E, small LPT model
Aug 04 16:38:20 witherspoon kernel: ftgmac100 1e660000.ethernet eth0: NCSI interface up
Aug 04 16:38:15 witherspoon kernel[951]: [    1.910000] squashfs: version 4.0 (2009/01/31) Phillip Lougher
Aug 04 16:38:15 witherspoon kernel[951]: [    1.910000] jffs2: version 2.2. (SUMMARY)  © 2001-2006 Red Hat, Inc.
Aug 04 16:38:15 witherspoon kernel[951]: [    1.910000] Block layer SCSI generic (bsg) driver version 0.4 loaded (major 250)
Aug 04 16:38:15 witherspoon kernel[951]: [    1.910000] io scheduler noop registered
Aug 04 16:38:15 witherspoon kernel[951]: [    1.910000] io scheduler deadline registered
Aug 04 16:38:15 witherspoon kernel[951]: [    1.910000] io scheduler cfq registered (default)
Aug 04 16:38:15 witherspoon kernel[951]: [    2.060000] ipmi-bt-host 1e789140.ibt: Found bt bmc device
Aug 04 16:38:15 witherspoon kernel[951]: [    2.060000] ipmi-bt-host 1e789140.ibt: Using IRQ 22
Aug 04 16:38:15 witherspoon kernel[951]: [    2.060000] Serial: 8250/16550 driver, 6 ports, IRQ sharing enabled
Aug 04 16:38:15 witherspoon kernel[951]: [    2.060000] 1e787000.vuart: ttyS0 at MMIO 0x1e787000 (irq = 22, base_baud = 1500000) is a 16550A
Aug 04 16:38:15 witherspoon kernel[951]: [    2.060000] 1e783000.serial: ttyS1 at MMIO 0x1e783000 (irq = 23, base_baud = 1500000) is a 16550A
Aug 04 16:38:15 witherspoon kernel[951]: [    2.060000] 1e78d000.serial: ttyS2 at MMIO 0x1e78d000 (irq = 24, base_baud = 1500000) is a 16550A
Aug 04 16:38:15 witherspoon kernel[951]: [    2.060000] 1e784000.serial: ttyS4 at MMIO 0x1e784000 (irq = 25, base_baud = 1500000) is a 16550A
Aug 04 16:38:15 witherspoon kernel[951]: [    2.430000] console [ttyS4] enabled
Aug 04 16:38:15 witherspoon kernel[951]: [    2.590000] timeriomem_rng 1e6e2078.hwrng: 32bits from 0xf00e2078 @ 1us
Aug 04 16:38:15 witherspoon kernel[951]: [    2.600000] random: fast init done
Aug 04 16:38:15 witherspoon kernel[951]: [    2.640000] brd: module loaded
Aug 04 16:38:15 witherspoon kernel[951]: [    2.670000] random: crng init done
Aug 04 16:38:15 witherspoon kernel[951]: [    2.670000] loop: module loaded
Aug 04 16:38:15 witherspoon kernel[951]: [    2.680000] aspeed-lpc-ctrl 1e789080.lpc-ctrl: Loaded at 0x98000000 (0x04000000)
Aug 04 16:38:15 witherspoon kernel[951]: [    2.690000] aspeed-smc 1e620000.flash-controller: Using IRQ 18
Aug 04 16:38:15 witherspoon kernel[951]: [    2.690000] aspeed-smc 1e620000.flash-controller: DMA support disabled.
Aug 04 16:38:15 witherspoon kernel[951]: [    2.690000] aspeed-smc 1e620000.flash-controller: mx25l25635e (32768 Kbytes)
Aug 04 16:38:15 witherspoon kernel[951]: [    2.710000] aspeed-smc 1e620000.flash-controller: CE0 window [ 0x20000000 - 0x22000000 ] 32MB
Aug 04 16:38:15 witherspoon kernel[951]: [    2.710000] aspeed-smc 1e620000.flash-controller: CE1 window [ 0x22000000 - 0x2a000000 ] 128MB
Aug 04 16:38:15 witherspoon kernel[951]: [    2.710000] 5 ofpart partitions found on MTD device bmc
Aug 04 16:38:22 witherspoon kernel: UBIFS (ubi7:1): UBIFS: mounted UBI device 7, volume 1, name "pnor-prsv"
Aug 04 16:38:22 witherspoon kernel: UBIFS (ubi7:1): LEB size: 65408 bytes (63 KiB), min./max. I/O unit sizes: 8 bytes/256 bytes
Aug 04 16:38:22 witherspoon kernel: UBIFS (ubi7:1): FS size: 1504384 bytes (1 MiB, 23 LEBs), journal size 523265 bytes (0 MiB, 6 LEBs)
Aug 04 16:38:22 witherspoon kernel: UBIFS (ubi7:1): reserved for root: 71055 bytes (69 KiB)
Aug 04 16:38:22 witherspoon kernel: UBIFS (ubi7:1): media format: w5/r0 (latest is w5/r0), UUID 14A0C15A-D416-4C9C-8D45-F48E67D6A89B, small LPT model
Aug 04 16:38:22 witherspoon kernel: UBIFS (ubi7:1): background thread "ubifs_bgt7_1" started, PID 987
Aug 04 16:38:15 witherspoon kernel[951]: [    2.710000] Creating 5 MTD partitions on "bmc":
Aug 04 16:38:15 witherspoon kernel[951]: [    2.740000] 0x000000000000-0x000000060000 : "u-boot"
Aug 04 16:38:15 witherspoon kernel[951]: [    2.740000] 0x000000060000-0x000000080000 : "u-boot-env"
Aug 04 16:38:15 witherspoon kernel[951]: [    2.740000] 0x000000080000-0x0000004c0000 : "kernel"
Aug 04 16:38:15 witherspoon kernel[951]: [    2.740000] 0x0000004c0000-0x000001c00000 : "rofs"
Aug 04 16:38:15 witherspoon kernel[951]: [    2.780000] 0x000001c00000-0x000002000000 : "rwfs"
Aug 04 16:38:15 witherspoon kernel[951]: [    2.780000] aspeed-smc 1e620000.flash-controller: mx25l25635e (32768 Kbytes)
Aug 04 16:38:15 witherspoon kernel[951]: [    2.800000] aspeed-smc 1e620000.flash-controller: CE1 window [ 0x22000000 - 0x24000000 ] 32MB
Aug 04 16:38:15 witherspoon kernel[951]: [    2.800000] aspeed-smc 1e620000.flash-controller: CE2 window [ 0x24000000 - 0x2c000000 ] 128MB
Aug 04 16:38:15 witherspoon kernel[951]: [    2.820000] aspeed-smc 1e630000.flash-controller: mx66l1g45g (131072 Kbytes)
Aug 04 16:38:15 witherspoon kernel[951]: [    2.830000] aspeed-smc 1e630000.flash-controller: CE0 window resized to 120MB (AST2500 HW quirk)
Aug 04 16:38:15 witherspoon kernel[951]: [    2.830000] aspeed-smc 1e630000.flash-controller: CE0 window [ 0x30000000 - 0x37800000 ] 120MB
Aug 04 16:38:15 witherspoon kernel[951]: [    2.830000] aspeed-smc 1e630000.flash-controller: CE0 window too small for chip 128MB
Aug 04 16:38:15 witherspoon kernel[951]: [    2.850000] aspeed-smc 1e630000.flash-controller: CE1 window [ 0x37800000 - 0x38000000 ] 8MB
Aug 04 16:38:15 witherspoon kernel[951]: [    3.600000] libphy: Fixed MDIO Bus: probed
Aug 04 16:38:15 witherspoon kernel[951]: [    3.600000] ftgmac100 1e660000.ethernet: Read MAC address 70:e2:84:14:28:a9 from chip
Aug 04 16:38:15 witherspoon kernel[951]: [    3.600000] ftgmac100 1e660000.ethernet: Using NCSI interface
Aug 04 16:38:15 witherspoon kernel[951]: [    3.600000] ftgmac100 1e660000.ethernet eth0: irq 20, mapped at f0060000
Aug 04 16:38:15 witherspoon kernel[951]: [    3.600000] ehci_hcd: USB 2.0 'Enhanced' Host Controller (EHCI) Driver
Aug 04 16:38:15 witherspoon kernel[951]: [    3.600000] ehci-platform: EHCI generic platform driver
Aug 04 16:38:15 witherspoon kernel[951]: [    3.830000]  fsi0: can't read slave 00:00 -5
Aug 04 16:38:15 witherspoon kernel[951]: [    3.830000] i2c /dev entries driver
Aug 04 16:38:15 witherspoon kernel[951]: [    3.830000] aspeed-i2c-bus 1e78a0c0.i2c-bus: i2c bus 2 registered, irq 26
Aug 04 16:38:15 witherspoon kernel[951]: [    3.830000] aspeed-i2c-bus 1e78a100.i2c-bus: i2c bus 3 registered, irq 27
Aug 04 16:38:15 witherspoon kernel[951]: [    3.830000] aspeed-i2c-bus 1e78a140.i2c-bus: i2c bus 4 registered, irq 28
Aug 04 16:38:15 witherspoon kernel[951]: [    3.830000] aspeed-i2c-bus 1e78a180.i2c-bus: i2c bus 5 registered, irq 29
Aug 04 16:38:15 witherspoon kernel[951]: [    3.830000] aspeed-i2c-bus 1e78a380.i2c-bus: i2c bus 9 registered, irq 30
Aug 04 16:38:15 witherspoon kernel[951]: [    3.830000] aspeed-i2c-bus 1e78a3c0.i2c-bus: i2c bus 10 registered, irq 31
Aug 04 16:38:15 witherspoon kernel[951]: [    3.830000] rtc-rv8803 11-0032: Voltage low, temperature compensation stopped.
Aug 04 16:38:15 witherspoon kernel[951]: [    3.930000] rtc-rv8803 11-0032: rtc core: registered rx8900 as rtc0
Aug 04 16:38:15 witherspoon kernel[951]: [    3.940000] at24 11-0051: 8192 byte 24c64 EEPROM, writable, 1 bytes/write
Aug 04 16:38:15 witherspoon kernel[951]: [    3.940000] aspeed-i2c-bus 1e78a400.i2c-bus: i2c bus 11 registered, irq 32
Aug 04 16:38:15 witherspoon kernel[951]: [    3.940000] aspeed-i2c-bus 1e78a440.i2c-bus: i2c bus 12 registered, irq 33
Aug 04 16:38:15 witherspoon kernel[951]: [    3.940000] aspeed-i2c-bus 1e78a480.i2c-bus: i2c bus 13 registered, irq 34
Aug 04 16:38:15 witherspoon kernel[951]: [    3.940000] Driver for 1-wire Dallas network protocol.
Aug 04 16:38:15 witherspoon kernel[951]: [    3.940000] lm75 9-004a: hwmon0: sensor 'tmp275'
Aug 04 16:38:15 witherspoon kernel[951]: [    4.790000] ucd9000 11-0064: Device ID UCD90160|2.3.4.0000|110603
Aug 04 16:38:15 witherspoon kernel[951]: [    5.110000] leds-pca955x 3-0060: leds-pca955x: Using pca9552 16-bit LED driver at slave address 0x60
Aug 04 16:38:15 witherspoon kernel[951]: [    5.140000] leds-pca955x 11-0060: leds-pca955x: Using pca9552 16-bit LED driver at slave address 0x60
Aug 04 16:38:15 witherspoon kernel[951]: [    5.150000] leds-pca955x 11-0060: gpios 264...279
Aug 04 16:38:15 witherspoon kernel[951]: [    5.150000] usbcore: registered new interface driver usbhid
Aug 04 16:38:15 witherspoon kernel[951]: [    5.160000] usbhid: USB HID core driver
Aug 04 16:38:15 witherspoon kernel[951]: [    5.190000] dps310 3-0076: iio:device1: sensor 'dps310'
Aug 04 16:38:15 witherspoon kernel[951]: [    5.190000] NET: Registered protocol family 10
Aug 04 16:38:15 witherspoon kernel[951]: [    5.200000] Segment Routing with IPv6
Aug 04 16:38:15 witherspoon kernel[951]: [    5.200000] NET: Registered protocol family 17
Aug 04 16:38:15 witherspoon kernel[951]: [    5.200000] 8021q: 802.1Q VLAN Support v1.8
Aug 04 16:38:15 witherspoon kernel[951]: [    5.220000] console [netcon0] enabled
Aug 04 16:38:15 witherspoon kernel[951]: [    5.220000] netconsole: network logging started
Aug 04 16:38:15 witherspoon kernel[951]: [    5.220000] input: gpio-keys as /devices/platform/gpio-keys/input/input0
Aug 04 16:38:15 witherspoon kernel[951]: [    5.240000] rtc-rv8803 11-0032: setting system clock to 2017-08-04 16:37:56 UTC (1501864676)
Aug 04 16:38:15 witherspoon kernel[951]: [    5.250000] Freeing unused kernel memory: 284K
Aug 04 16:38:15 witherspoon kernel[951]: [    5.250000] This architecture does not have kernel memory protection.
Aug 04 16:38:15 witherspoon kernel[951]: [    6.930000] jffs2: notice: (526) jffs2_build_xattr_subsystem: complete building xattr subsystem, 1 of xdatum (0 unchecked, 0 orphan) and 11 of xref (0 dead, 1 orphan) found.
Aug 04 16:38:15 witherspoon kernel[951]: [    9.040000] systemd[1]: Failed to insert module 'autofs4': No such file or directory
Aug 04 16:38:15 witherspoon kernel[951]: [    9.240000] systemd[1]: systemd 232 running in system mode. (+PAM -AUDIT -SELINUX -IMA -APPARMOR -SMACK +SYSVINIT -UTMP -LIBCRYPTSETUP -GCRYPT -GNUTLS +ACL +XZ -LZ4 -SECCOMP +BLKID -ELFUTILS +KMOD -IDN)
Aug 04 16:38:15 witherspoon kernel[951]: [    9.240000] systemd[1]: Detected architecture arm.
Aug 04 16:38:15 witherspoon kernel[951]: [    9.370000] systemd[1]: Set hostname to <witherspoon>.
Aug 04 16:38:15 witherspoon kernel[951]: [   10.950000] systemd[1]: Started Dispatch Password Requests to Console Directory Watch.
Aug 04 16:38:15 witherspoon kernel[951]: [   11.090000] systemd[1]: Listening on udev Kernel Socket.
Aug 04 16:38:15 witherspoon kernel[951]: [   11.130000] systemd[1]: Reached target Remote File Systems.
Aug 04 16:38:15 witherspoon kernel[951]: [   11.170000] systemd[1]: Listening on /dev/initctl Compatibility Named Pipe.
Aug 04 16:38:15 witherspoon kernel[951]: [   11.210000] systemd[1]: Listening on Syslog Socket.
Aug 04 16:38:15 witherspoon kernel[951]: [   11.240000] systemd[1]: Listening on udev Control Socket.
Aug 04 16:38:15 witherspoon kernel[951]: [   11.280000] systemd[1]: Started Forward Password Requests to Wall Directory Watch.
Aug 04 16:38:15 witherspoon kernel[951]: [   13.470000] systemd-journald[655]: Received request to flush runtime journal from PID 1
Aug 04 16:38:17 witherspoon kernel[951]: [   26.290000] ubi7: default fastmap pool size: 100
Aug 04 16:38:17 witherspoon kernel[951]: [   26.310000] ubi7: default fastmap WL pool size: 50
Aug 04 16:38:17 witherspoon kernel[951]: [   26.310000] ubi7: attaching mtd7
Aug 04 16:38:17 witherspoon kernel[951]: [   26.600000] ubi7: scanning is finished
Aug 04 16:38:18 witherspoon kernel[951]: [   26.660000] ubi7: attached mtd7 (name "pnor", size 128 MiB)
Aug 04 16:38:18 witherspoon kernel[951]: [   26.660000] ubi7: PEB size: 65536 bytes (64 KiB), LEB size: 65408 bytes
Aug 04 16:38:18 witherspoon kernel[951]: [   26.660000] ubi7: min./max. I/O unit sizes: 1/256, sub-page size 1
Aug 04 16:38:18 witherspoon kernel[951]: [   26.660000] ubi7: VID header offset: 64 (aligned 64), data offset: 128
Aug 04 16:38:18 witherspoon kernel[951]: [   26.660000] ubi7: good PEBs: 2048, bad PEBs: 0, corrupted PEBs: 0
Aug 04 16:38:18 witherspoon kernel[951]: [   26.730000] ubi7: user volume: 3, internal volumes: 1, max. volumes count: 128
Aug 04 16:38:18 witherspoon kernel[951]: [   26.730000] ubi7: max/mean erase counter: 1/0, WL threshold: 4096, image sequence number: 1248553347
Aug 04 16:38:18 witherspoon kernel[951]: [   26.730000] ubi7: available PEBs: 1367, total reserved PEBs: 681, PEBs reserved for bad PEB handling: 0
Aug 04 16:38:18 witherspoon kernel[951]: [   26.730000] ubi7: background thread "ubi_bgt7d" started, PID 965
Aug 04 16:38:18 witherspoon avahi-daemon[942]: Found user 'avahi' (UID 998) and group 'avahi' (GID 999).
Aug 04 16:38:18 witherspoon avahi-daemon[942]: Successfully dropped root privileges.
Aug 04 16:38:18 witherspoon avahi-daemon[942]: avahi-daemon 0.6.32 starting up.
Aug 04 16:38:19 witherspoon avahi-daemon[942]: Successfully called chroot().
Aug 04 16:38:19 witherspoon avahi-daemon[942]: Successfully dropped remaining capabilities.
Aug 04 16:38:19 witherspoon avahi-daemon[942]: Loading service file /services/obmc_console.service.
Aug 04 16:38:19 witherspoon avahi-daemon[942]: Loading service file /services/phosphor_rest.service.
Aug 04 16:38:19 witherspoon avahi-daemon[942]: Loading service file /services/sftp-ssh.service.
Aug 04 16:38:19 witherspoon avahi-daemon[942]: Loading service file /services/sftp.service.
Aug 04 16:38:19 witherspoon avahi-daemon[942]: Loading service file /services/ssh.service.
Aug 04 16:38:19 witherspoon avahi-daemon[942]: Joining mDNS multicast group on interface eth0.IPv6 with address fe80::72e2:84ff:fe14:28a9.
Aug 04 16:38:19 witherspoon avahi-daemon[942]: New relevant interface eth0.IPv6 for mDNS.
Aug 04 16:38:19 witherspoon avahi-daemon[942]: Joining mDNS multicast group on interface eth0.IPv4 with address 9.3.21.61.
Aug 04 16:38:19 witherspoon avahi-daemon[942]: New relevant interface eth0.IPv4 for mDNS.
Aug 04 16:38:19 witherspoon avahi-daemon[942]: Network interface enumeration completed.
Aug 04 16:38:19 witherspoon avahi-daemon[942]: Registering new address record for fe80::72e2:84ff:fe14:28a9 on eth0.*.
Aug 04 16:38:19 witherspoon avahi-daemon[942]: Registering new address record for 9.3.21.61 on eth0.IPv4.
Aug 04 16:38:20 witherspoon avahi-daemon[942]: Server startup complete. Host name is witherspoon.local. Local service cookie is 1440200268.
Aug 04 16:38:20 witherspoon kernel[951]: [   29.010000] UBIFS (ubi7:0): background thread "ubifs_bgt7_0" started, PID 978
Aug 04 16:38:20 witherspoon kernel[951]: [   29.150000] UBIFS (ubi7:0): UBIFS: mounted UBI device 7, volume 0, name "pnor-rw-e49bc78e"
Aug 04 16:38:20 witherspoon kernel[951]: [   29.150000] UBIFS (ubi7:0): LEB size: 65408 bytes (63 KiB), min./max. I/O unit sizes: 8 bytes/256 bytes
Aug 04 16:38:20 witherspoon kernel[951]: [   29.150000] UBIFS (ubi7:0): FS size: 16155776 bytes (15 MiB, 247 LEBs), journal size 784896 bytes (0 MiB, 12 LEBs)
Aug 04 16:38:20 witherspoon kernel[951]: [   29.190000] UBIFS (ubi7:0): reserved for root: 763076 bytes (745 KiB)
Aug 04 16:38:20 witherspoon kernel[951]: [   29.190000] UBIFS (ubi7:0): media format: w5/r0 (latest is w5/r0), UUID 9E6DE93A-E9DB-406D-8D74-17A006BC2C5E, small LPT model
Aug 04 16:38:20 witherspoon kernel[951]: [   29.290000] ftgmac100 1e660000.ethernet eth0: NCSI interface up
Aug 04 16:38:21 witherspoon avahi-daemon[942]: Service "witherspoon" (/services/ssh.service) successfully established.
Aug 04 16:38:21 witherspoon avahi-daemon[942]: Service "sftp" (/services/sftp.service) successfully established.
Aug 04 16:38:21 witherspoon avahi-daemon[942]: Service "witherspoon" (/services/sftp-ssh.service) successfully established.
Aug 04 16:38:21 witherspoon avahi-daemon[942]: Service "phosphor_rest" (/services/phosphor_rest.service) successfully established.
Aug 04 16:38:21 witherspoon avahi-daemon[942]: Service "obmc_console" (/services/obmc_console.service) successfully established.
Aug 04 16:38:21 witherspoon kernel[951]: [   30.560000] UBIFS (ubi7:1): UBIFS: mounted UBI device 7, volume 1, name "pnor-prsv"
Aug 04 16:38:21 witherspoon kernel[951]: [   30.560000] UBIFS (ubi7:1): LEB size: 65408 bytes (63 KiB), min./max. I/O unit sizes: 8 bytes/256 bytes
Aug 04 16:38:21 witherspoon kernel[951]: [   30.560000] UBIFS (ubi7:1): FS size: 1504384 bytes (1 MiB, 23 LEBs), journal size 523265 bytes (0 MiB, 6 LEBs)
Aug 04 16:38:21 witherspoon kernel[951]: [   30.620000] UBIFS (ubi7:1): reserved for root: 71055 bytes (69 KiB)
Aug 04 16:38:27 witherspoon systemd[1]: Started Phosphor IPMI BT DBus Bridge.
Aug 04 16:38:21 witherspoon kernel[951]: [   30.620000] UBIFS (ubi7:1): media format: w5/r0 (latest is w5/r0), UUID 14A0C15A-D416-4C9C-8D45-F48E67D6A89B, small LPT model
Aug 04 16:38:27 witherspoon systemd[1]: Started Phosphor Inventory Manager.
Aug 04 16:38:21 witherspoon kernel[951]: [   30.620000] UBIFS (ubi7:1): background thread "ubifs_bgt7_1" started, PID 987
Aug 04 16:38:27 witherspoon systemd[1]: Started Phosphor Log Manager.
Aug 04 16:38:27 witherspoon systemd[1]: Started Phosphor Download Manager.
Aug 04 16:38:27 witherspoon systemd[1]: Started Phosphor Dump Manager.
Aug 04 16:38:27 witherspoon systemd[1]: Started Phosphor LED Group Management Daemon.
Aug 04 16:38:27 witherspoon systemd[1]: Started Avahi mDNS/DNS-SD Stack.
Aug 04 16:38:27 witherspoon systemd[1]: Started Phosphor BMC0 Control.
Aug 04 16:38:27 witherspoon systemd[1]: Started OpenBMC Software Update Manager.
Aug 04 16:38:27 witherspoon systemd[1]: Created slice system-xyz.openbmc_project.led.controller.slice.
Aug 04 16:38:27 witherspoon systemd[1]: Started Phosphor sysfs LED controller.
Aug 04 16:38:27 witherspoon systemd[1]: Started Phosphor sysfs LED controller.
Aug 04 16:38:27 witherspoon systemd[1]: Started Phosphor sysfs LED controller.
Aug 04 16:38:27 witherspoon systemd[1]: Started Phosphor sysfs LED controller.
Aug 04 16:38:27 witherspoon systemd[1]: Started Phosphor sysfs LED controller.
Aug 04 16:38:28 witherspoon systemd[1]: Started Phosphor sysfs LED controller.
Aug 04 16:38:28 witherspoon systemd[1]: Started Phosphor sysfs LED controller.
Aug 04 16:38:28 witherspoon systemd[1]: Started Phosphor sysfs LED controller.
Aug 04 16:38:28 witherspoon systemd[1]: Started Phosphor sysfs LED controller.
Aug 04 16:38:28 witherspoon systemd[1]: Started Phosphor sysfs LED controller.
Aug 04 16:38:28 witherspoon systemd[1]: Started Phosphor Console Muxer listening on device /dev/ttyVUART0.
Aug 04 16:38:28 witherspoon systemd[1]: Created slice system-xyz.openbmc_project.Hwmon.slice.
Aug 04 16:38:28 witherspoon systemd[1]: Reached target Network.
Aug 04 16:38:28 witherspoon systemd[1]: Started Lightweight SLP Server.
Aug 04 16:38:28 witherspoon systemd[1]: Starting Permit User Sessions...
Aug 04 16:38:30 witherspoon systemd[1]: Started Permit User Sessions.
Aug 04 16:38:30 witherspoon systemd[1]: Started Serial Getty on ttyS4.
Aug 04 16:38:30 witherspoon systemd[1]: Reached target Login Prompts.
Aug 04 16:38:32 witherspoon systemd-networkd[935]: eth0: Configured
Aug 04 16:38:32 witherspoon systemd-timesyncd[677]: Network configuration changed, trying to establish connection.
Aug 04 16:38:36 witherspoon kernel: block ubiblock7_2: created from ubi7:2(pnor-ro-e49bc78e)
Aug 04 16:38:36 witherspoon kernel[951]: [   44.500000] block ubiblock7_2: created from ubi7:2(pnor-ro-e49bc78e)
Aug 04 16:38:37 witherspoon chassis_control.py[928]: Running ChassisControlService
Aug 04 16:38:37 witherspoon systemd[1]: Started Remount the squashfs and ubi volumes after a reboot.
Aug 04 16:38:37 witherspoon systemd[1]: Started Phosphor Chassis0 Control.
Aug 04 16:38:37 witherspoon systemd[1]: Starting OpenPower Software Update Manager...
Aug 04 16:38:37 witherspoon systemd[1]: Reached target Multi-User System.
Aug 04 16:38:37 witherspoon openpower-update-manager[1016]: Error in reading file
Aug 04 16:38:37 witherspoon systemd[1]: Started OpenPower Software Update Manager.
Aug 04 16:38:37 witherspoon systemd[1]: Started Phosphor MBOX Daemon.
Aug 04 16:38:37 witherspoon systemd[1]: Mounting /usr/local...
Aug 04 16:38:38 witherspoon sensor_manager2.py[950]: Setting boot count to 3
Aug 04 16:38:38 witherspoon sensor_manager2.py[950]: Starting sensor manager
Aug 04 16:38:39 witherspoon inventory_items.py[932]: Loading from cache: /var/cache/obmc/org.openbmc.inventory.system.chassis.motherboard.apss@org.openbmc.InventoryItem.props
Aug 04 16:38:39 witherspoon inventory_items.py[932]: Loading from cache: /var/cache/obmc/org.openbmc.inventory.system.chassis.motherboard@org.openbmc.InventoryItem.props
Aug 04 16:38:39 witherspoon inventory_items.py[932]: Loading from cache: /var/cache/obmc/org.openbmc.inventory.system.chassis.motherboard.refclock@org.openbmc.InventoryItem.props
Aug 04 16:38:39 witherspoon inventory_items.py[932]: Loading from cache: /var/cache/obmc/org.openbmc.inventory.system.chassis.motherboard.todclock@org.openbmc.InventoryItem.props
Aug 04 16:38:39 witherspoon inventory_items.py[932]: Loading from cache: /var/cache/obmc/org.openbmc.inventory.system.chassis.motherboard.bmc@org.openbmc.InventoryItem.props
Aug 04 16:38:39 witherspoon inventory_items.py[932]: Caching: /org/openbmc/inventory/system/chassis/motherboard/bmc
Aug 04 16:38:39 witherspoon download_manager.py[947]: Running Download Manager
Aug 04 16:38:39 witherspoon systemd[1]: Starting Phosphor Version Software Manager...
Aug 04 16:38:39 witherspoon systemd[1]: Mounted /usr/local.
Aug 04 16:38:39 witherspoon systemd[1]: Started Phosphor Sensor Manager.
Aug 04 16:38:39 witherspoon systemd[1]: Started Phosphor Download Manager.
Aug 04 16:38:39 witherspoon systemd[1]: Starting Create a ubi volume for pnor patches...
Aug 04 16:38:39 witherspoon systemd[1]: Started Phosphor Version Software Manager.
Aug 04 16:38:40 witherspoon inventory_items.py[932]: Loading from cache: /var/cache/obmc/org.openbmc.inventory.system.chassis.motherboard.pcieclock@org.openbmc.InventoryItem.props
Aug 04 16:38:40 witherspoon systemd[1]: Started Phosphor Inventory Manager.
Aug 04 16:38:40 witherspoon inventory_items.py[932]: Running Inventory Manager
Aug 04 16:38:41 witherspoon systemd[1]: Started Phosphor Network Manager.
Aug 04 16:38:41 witherspoon netman.py[940]: Started
Aug 04 16:38:41 witherspoon obmc-flash-bios[1021]: Volume ID 3, size 257 LEBs (16809856 bytes, 16.0 MiB), LEB size 65408 bytes (63.9 KiB), dynamic, name "pnor-patch", alignment 1
Aug 04 16:38:42 witherspoon kernel: UBIFS (ubi7:3): default file-system created
Aug 04 16:38:42 witherspoon kernel: UBIFS (ubi7:3): UBIFS: mounted UBI device 7, volume 3, name "pnor-patch"
Aug 04 16:38:42 witherspoon kernel: UBIFS (ubi7:3): LEB size: 65408 bytes (63 KiB), min./max. I/O unit sizes: 8 bytes/256 bytes
Aug 04 16:38:42 witherspoon kernel: UBIFS (ubi7:3): FS size: 16155776 bytes (15 MiB, 247 LEBs), journal size 784896 bytes (0 MiB, 12 LEBs)
Aug 04 16:38:42 witherspoon kernel: UBIFS (ubi7:3): reserved for root: 763076 bytes (745 KiB)
Aug 04 16:38:42 witherspoon kernel: UBIFS (ubi7:3): media format: w5/r0 (latest is w5/r0), UUID 6F2C39B2-C4B9-4473-9D31-8409D66BD1C0, small LPT model
Aug 04 16:38:42 witherspoon kernel[951]: [   50.650000] UBIFS (ubi7:3): default file-system created
Aug 04 16:38:42 witherspoon kernel[951]: [   50.650000] UBIFS (ubi7:3): UBIFS: mounted UBI device 7, volume 3, name "pnor-patch"
Aug 04 16:38:42 witherspoon kernel[951]: [   50.650000] UBIFS (ubi7:3): LEB size: 65408 bytes (63 KiB), min./max. I/O unit sizes: 8 bytes/256 bytes
Aug 04 16:38:42 witherspoon kernel[951]: [   50.650000] UBIFS (ubi7:3): FS size: 16155776 bytes (15 MiB, 247 LEBs), journal size 784896 bytes (0 MiB, 12 LEBs)
Aug 04 16:38:42 witherspoon kernel[951]: [   50.650000] UBIFS (ubi7:3): reserved for root: 763076 bytes (745 KiB)
Aug 04 16:38:42 witherspoon kernel[951]: [   50.650000] UBIFS (ubi7:3): media format: w5/r0 (latest is w5/r0), UUID 6F2C39B2-C4B9-4473-9D31-8409D66BD1C0, small LPT model
Aug 04 16:38:42 witherspoon obmc-phosphor-userd[946]: Started
Aug 04 16:38:42 witherspoon kernel: UBIFS (ubi7:3): background thread "ubifs_bgt7_3" started, PID 1040
Aug 04 16:38:42 witherspoon kernel[951]: [   50.770000] UBIFS (ubi7:3): background thread "ubifs_bgt7_3" started, PID 1040
Aug 04 16:38:42 witherspoon systemd[1]: Started Create a ubi volume for pnor patches.
Aug 04 16:38:42 witherspoon systemd[1]: Started Phosphor User Manager.
Aug 04 16:38:42 witherspoon phosphor-mapper[929]: ObjectMapper startup complete.  Discovery in progress...
Aug 04 16:38:42 witherspoon avahi-daemon[971]: ../../avahi-0.6.32/avahi-daemon/chroot.c: open() failed: No such file or directory
Aug 04 16:38:42 witherspoon avahi-daemon[942]: Failed to open /usr/share/dbus-1/interfaces/org.freedesktop.Avahi.Server.xml: Invalid argument
Aug 04 16:38:42 witherspoon avahi-daemon[942]: Failed to load introspection data.
Aug 04 16:38:51 witherspoon phosphor-mapper[929]: ObjectMapper discovery complete
Aug 04 16:38:51 witherspoon systemd[1]: Started Phosphor DBus Service Discovery Manager.
Aug 04 16:38:51 witherspoon systemd[1]: Started Phosphor Hwmon Poller.
Aug 04 16:38:51 witherspoon systemd[1]: Started Phosphor Hwmon Poller.
Aug 04 16:38:51 witherspoon systemd[1]: Started Phosphor Hwmon Poller.
Aug 04 16:38:51 witherspoon systemd[1]: Started Phosphor Hwmon Poller.
Aug 04 16:38:51 witherspoon systemd[1]: Started Phosphor Hwmon Poller.
Aug 04 16:38:51 witherspoon systemd[1]: Started Phosphor Hwmon Poller.
Aug 04 16:38:51 witherspoon systemd[1]: Reached target Phosphor Object Mapper.
Aug 04 16:38:51 witherspoon systemd[1]: Starting Wait for /xyz/openbmc_project/inventory...
Aug 04 16:38:51 witherspoon systemd[1]: Starting Wait for /xyz/openbmc_project/control/host0/boot_mode...
Aug 04 16:38:51 witherspoon systemd[1]: Starting Wait for /org/openbmc/control/power0...
Aug 04 16:38:51 witherspoon systemd[1]: Starting Wait for /org/openbmc/control/bmc0...
Aug 04 16:38:51 witherspoon systemd[1]: Starting Wait for /org/openbmc/control/flash/bios...
Aug 04 16:38:51 witherspoon systemd[1]: Starting Wait for /org/openbmc/NetworkManager/Interface...
Aug 04 16:38:51 witherspoon systemd[1]: Starting Wait for /xyz/openbmc_project/led/groups...
Aug 04 16:38:51 witherspoon systemd[1]: Starting Wait for /xyz/openbmc_project/led/groups/bmc_booted...
Aug 04 16:38:51 witherspoon systemd[1]: Starting Wait for /xyz/openbmc_project/time/owner...
Aug 04 16:38:51 witherspoon systemd[1]: Starting Wait for /xyz/openbmc_project/state/host0...
Aug 04 16:38:51 witherspoon systemd[1]: Started Phosphor DBus Monitor.
Aug 04 16:38:51 witherspoon systemd[1]: Starting Phoshpor System Manager...
Aug 04 16:38:51 witherspoon systemd[1]: Starting Wait for /xyz/openbmc_project/state/chassis0...
Aug 04 16:38:51 witherspoon systemd[1]: Starting Phosphor Settings Manager...
Aug 04 16:38:51 witherspoon systemd[1]: Starting Wait for /xyz/openbmc_project/control/host0/auto_reboot...
Aug 04 16:38:51 witherspoon systemd[1]: Starting Wait for /org/openbmc/managers/System...
Aug 04 16:38:51 witherspoon systemd[1]: Starting Wait for /xyz/openbmc_project/control/host0...
Aug 04 16:38:51 witherspoon systemd[1]: Starting Wait for /org/openbmc/managers/Download...
Aug 04 16:38:51 witherspoon systemd[1]: Starting Wait for /xyz/openbmc_project/control/host0/restriction_mode...
Aug 04 16:38:51 witherspoon systemd[1]: Reached target Webserver (pre).
Aug 04 16:38:51 witherspoon systemd[1]: Starting Wait for /xyz/openbmc_project/control/host0/power_restore_policy...
Aug 04 16:38:51 witherspoon systemd[1]: Starting Phosphor Network Manager...
Aug 04 16:38:51 witherspoon systemd[1]: Starting Wait for /xyz/openbmc_project/control/host0/boot_source...
Aug 04 16:38:51 witherspoon systemd[1]: Starting Wait for /xyz/openbmc_project/time/sync_method...
Aug 04 16:38:52 witherspoon phosphor-network-manager[1068]: ConfigParser: Section not found
Aug 04 16:38:52 witherspoon phosphor-network-manager[1068]: The operation failed internally.
Aug 04 16:38:54 witherspoon phosphor-network-manager[1068]: ConfigParser: Section not found
Aug 04 16:38:54 witherspoon phosphor-network-manager[1068]: The operation failed internally.
Aug 04 16:38:54 witherspoon phosphor-network-manager[1068]: ConfigParser: Key not found
Aug 04 16:38:54 witherspoon phosphor-network-manager[1068]: The operation failed internally.
Aug 04 16:38:58 witherspoon systemd[1]: Started Wait for /xyz/openbmc_project/control/host0/power_restore_policy.
Aug 04 16:38:58 witherspoon systemd[1]: Started Wait for /xyz/openbmc_project/control/host0/boot_source.
Aug 04 16:38:58 witherspoon systemd[1]: Started Wait for /xyz/openbmc_project/control/host0/restriction_mode.
Aug 04 16:38:58 witherspoon systemd[1]: Started Wait for /org/openbmc/managers/Download.
Aug 04 16:38:58 witherspoon systemd[1]: Starting Phosphor BIOS Code Update...
Aug 04 16:38:58 witherspoon systemd[1]: Started Wait for /xyz/openbmc_project/time/owner.
Aug 04 16:38:58 witherspoon systemd[1]: Started Wait for /xyz/openbmc_project/inventory.
Aug 04 16:38:59 witherspoon systemd[1]: Started Wait for /org/openbmc/NetworkManager/Interface.
Aug 04 16:38:59 witherspoon systemd[1]: Started Wait for /xyz/openbmc_project/led/groups.
Aug 04 16:38:59 witherspoon systemd[1]: Started Wait for /xyz/openbmc_project/led/groups/bmc_booted.
Aug 04 16:38:59 witherspoon systemd[1]: Started Wait for /xyz/openbmc_project/control/host0/auto_reboot.
Aug 04 16:38:59 witherspoon systemd[1]: Started Wait for /xyz/openbmc_project/time/sync_method.
Aug 04 16:38:59 witherspoon systemd[1]: Started FRU Fault monitor service.
Aug 04 16:38:59 witherspoon systemd[1]: Started Phosphor DNS Settings Cache Manager.
Aug 04 16:38:59 witherspoon systemd[1]: Starting Read OpenPOWER-format VPD from EEPROM...
Aug 04 16:38:59 witherspoon systemd[1]: Starting OpenPOWER OCC controller...
Aug 04 16:38:59 witherspoon systemd[1]: Started Phosphor GPIO 0 Presence.
Aug 04 16:38:59 witherspoon systemd[1]: Started Phosphor GPIO 1 Presence.
Aug 04 16:38:59 witherspoon systemd[1]: Started Phosphor Cooling Type.
Aug 04 16:39:00 witherspoon phosphor-gpio-presence[1092]: Updating inventory present property
Aug 04 16:39:00 witherspoon phosphor-gpio-presence[1093]: Updating inventory present property
Aug 04 16:39:01 witherspoon systemd[1]: Started Phosphor BIOS Code Update.
Aug 04 16:39:01 witherspoon systemd[1]: Started Wait for /org/openbmc/control/bmc0.
Aug 04 16:39:01 witherspoon systemd[1]: Starting Phosphor BMC Code Update...
Aug 04 16:39:01 witherspoon systemd[1]: Started Wait for /xyz/openbmc_project/control/host0/boot_mode.
Aug 04 16:39:06 witherspoon system_manager.py[1059]: Running System State: BASE_APPS
Aug 04 16:39:06 witherspoon system_manager.py[1059]: SystemManager Init Done
Aug 04 16:39:06 witherspoon system_manager.py[1059]: Running SystemManager
Aug 04 16:39:06 witherspoon systemd[1]: Started Phoshpor System Manager.
Aug 04 16:39:07 witherspoon phosphor-log-manager[927]: Failed to find metadata
Aug 04 16:39:07 witherspoon phosphor-fru-fault-monitor[1088]: /xyz/openbmc_project/logging/entry/3
Aug 04 16:39:08 witherspoon dbus[934]: [system] Activating via systemd: service name='org.freedesktop.hostname1' unit='dbus-org.freedesktop.hostname1.service'
Aug 04 16:39:08 witherspoon systemd[1]: Starting Hostname Service...
Aug 04 16:39:08 witherspoon dbus[934]: [system] Successfully activated service 'org.freedesktop.hostname1'
Aug 04 16:39:08 witherspoon systemd[1]: Started Hostname Service.
Aug 04 16:39:09 witherspoon systemd[1]: Started Phosphor Network Manager.
Aug 04 16:39:09 witherspoon systemd[1]: Started OpenPOWER OCC controller.
Aug 04 16:39:10 witherspoon system_manager.py[1059]: SystemManager Goto System State: BMC_STARTING
Aug 04 16:39:10 witherspoon system_manager.py[1059]: Running System State: BMC_STARTING
Aug 04 16:39:10 witherspoon systemd[1]: Started Phosphor Settings Manager.
Aug 04 16:39:10 witherspoon systemd[1]: Starting Wait for /org/openbmc/settings/host0...
Aug 04 16:39:11 witherspoon settings_manager.py[1061]: Running HostSettingsService
Aug 04 16:39:11 witherspoon systemd[1]: Started Phosphor BMC Code Update.
Aug 04 16:39:11 witherspoon bmc_update.py[1095]: Running Bmc Flash Control
Aug 04 16:39:12 witherspoon systemd[1]: Started Read OpenPOWER-format VPD from EEPROM.
Aug 04 16:39:17 witherspoon systemd[1]: Started Wait for /org/openbmc/managers/System.
Aug 04 16:39:17 witherspoon systemd[1]: Starting Phosphor Chassis State Manager...
Aug 04 16:39:17 witherspoon systemd[1]: Starting Phosphor Power Button0...
Aug 04 16:39:17 witherspoon systemd[1]: Starting Phosphor Reset Button0...
Aug 04 16:39:18 witherspoon systemd[1]: Starting Phosphor Power0 Control...
Aug 04 16:39:18 witherspoon systemd[1]: Starting Phosphor Host State Manager...
Aug 04 16:39:18 witherspoon systemd[1]: Starting Phosphor BMC State Manager...
Aug 04 16:39:18 witherspoon systemd[1]: Started Wait for /org/openbmc/control/flash/bios.
Aug 04 16:39:18 witherspoon systemd[1]: Started Initialize BIOS Flash.
Aug 04 16:39:18 witherspoon phosphor-chassis-state-manager[1103]: Initial Chassis State will be Off
Aug 04 16:39:19 witherspoon systemd[1]: Started Phosphor Chassis State Manager.
Aug 04 16:39:19 witherspoon phosphor-bmc-state-manager[1112]: Setting the BMCState field
Aug 04 16:39:19 witherspoon phosphor-bmc-state-manager[1112]: Setting the BMCState field
Aug 04 16:39:19 witherspoon system_manager.py[1059]: New object: /org/openbmc/control/power0 (:1.81)
Aug 04 16:39:19 witherspoon systemd[1]: Started Phosphor BMC State Manager.
Aug 04 16:39:19 witherspoon button_reset.exe[1105]: GPIO Lookup:  RESET_BUTTON = 353,both
Aug 04 16:39:19 witherspoon system_manager.py[1059]: Power GPIO config: ['SYS_PWROK_BUFF', '', [('SOFTWARE_PGOOD', True), ('BMC_POWER_UP', True)], [('BMC_CP0_RESET_N', False)], [], 'FSI_DATA', 'FSI_CLK', 'FSI_ENABLE', 'CRONUS_SEL', []]
Aug 04 16:39:19 witherspoon systemd[1]: Started Phosphor Reset Button0.
Aug 04 16:39:19 witherspoon systemd[1]: Started Wait for /org/openbmc/settings/host0.
Aug 04 16:39:19 witherspoon systemd[1]: Started Phosphor Inband IPMI.
Aug 04 16:39:19 witherspoon power_control.exe[1110]: Power GPIO latch output:
Aug 04 16:39:19 witherspoon power_control.exe[1110]: Power GPIO power good input: SYS_PWROK_BUFF
Aug 04 16:39:19 witherspoon power_control.exe[1110]: Power GPIO 2 power_up outputs
Aug 04 16:39:19 witherspoon power_control.exe[1110]: Power GPIO power_up[0] = SOFTWARE_PGOOD active HIGH
Aug 04 16:39:19 witherspoon power_control.exe[1110]: Power GPIO power_up[1] = BMC_POWER_UP active HIGH
Aug 04 16:39:19 witherspoon power_control.exe[1110]: Power GPIO 1 reset outputs
Aug 04 16:39:19 witherspoon power_control.exe[1110]: Power GPIO reset[0] = BMC_CP0_RESET_N active LOW
Aug 04 16:39:19 witherspoon power_control.exe[1110]: Power GPIO 0 pci reset outputs
Aug 04 16:39:19 witherspoon power_control.exe[1110]: FSI DATA GPIO: FSI_DATA
Aug 04 16:39:19 witherspoon power_control.exe[1110]: FSI CLK GPIO: FSI_CLK
Aug 04 16:39:19 witherspoon power_control.exe[1110]: FSI ENABLE GPIO: FSI_ENABLE
Aug 04 16:39:19 witherspoon power_control.exe[1110]: CRONUS SEL GPIO: CRONUS_SEL
Aug 04 16:39:19 witherspoon power_control.exe[1110]: Hostctl GPIO optionals: 0
Aug 04 16:39:20 witherspoon systemd[1]: Started Phosphor Power Button0.
Aug 04 16:39:20 witherspoon button_power.exe[1104]: GPIO Lookup:  POWER_BUTTON = 347,both
Aug 04 16:39:20 witherspoon power_control.exe[1110]: GPIO Lookup:  SYS_PWROK_BUFF = 306,in
Aug 04 16:39:20 witherspoon power_control.exe[1110]: GPIO Lookup:  SOFTWARE_PGOOD = 417,out
Aug 04 16:39:20 witherspoon power_control.exe[1110]: GPIO Lookup:  BMC_POWER_UP = 305,out
Aug 04 16:39:20 witherspoon power_control.exe[1110]: GPIO Lookup:  BMC_CP0_RESET_N = 281,out
Aug 04 16:39:20 witherspoon power_control.exe[1110]: Pgood state: 0
Aug 04 16:39:20 witherspoon systemd[1]: Started Phosphor Power0 Control.
Aug 04 16:39:21 witherspoon phosphor-host-state-manager[1111]: Initial Host State will be Off
Aug 04 16:39:22 witherspoon systemd[1]: Started Phosphor Host State Manager.
Aug 04 16:39:23 witherspoon flash_bios.exe[1074]: Starting flasher: bios,,/org/openbmc/control/flash/bios,
Aug 04 16:39:23 witherspoon flash_bios.exe[1074]: flasher: , BMC = 1, address = 0x0
Aug 04 16:39:23 witherspoon flash_bios.exe[1074]: Setting up flash
Aug 04 16:39:24 witherspoon flash_bios.exe[1074]: Starting flasher: bios,,/org/openbmc/control/flash/bios,
Aug 04 16:39:24 witherspoon flash_bios.exe[1074]: flasher: , BMC = 1, address = 0x0
Aug 04 16:39:24 witherspoon flash_bios.exe[1074]: Setting up flash
Aug 04 16:39:26 witherspoon system_manager.py[1059]: SystemManager Goto System State: BMC_READY
Aug 04 16:39:26 witherspoon system_manager.py[1059]: Running System State: BMC_READY
Aug 04 16:39:26 witherspoon systemd[1]: Started Wait for /xyz/openbmc_project/state/chassis0.
Aug 04 16:39:26 witherspoon systemd[1]: Started Wait for /org/openbmc/control/power0.
Aug 04 16:39:26 witherspoon systemd[1]: Starting Phosphor Time Manager daemon...
Aug 04 16:39:26 witherspoon systemd[1]: Starting Check Chassis0 pgood and create a file to indicate it...
Aug 04 16:39:27 witherspoon timemanager[1146]: Registering dbus methods
Aug 04 16:39:27 witherspoon timemanager[1146]: Last known time_mode: NTP
Aug 04 16:39:27 witherspoon timemanager[1146]: Last known time_owner: BMC
Aug 04 16:39:27 witherspoon timemanager[1146]: Empty DhcpNtp string
Aug 04 16:39:27 witherspoon timemanager[1146]: Reading Power Control key: pgood
Aug 04 16:39:27 witherspoon systemd[1]: Started Check Chassis0 pgood and create a file to indicate it.
Aug 04 16:39:27 witherspoon systemd[1]: Reached target Chassis0 power on after reset.
Aug 04 16:39:27 witherspoon systemd[1]: Reached target Chassis0 (Reset Check).
Aug 04 16:39:28 witherspoon systemd[1]: Started Wait for /xyz/openbmc_project/control/host0.
Aug 04 16:39:28 witherspoon systemd[1]: Reached target Host0 running after reset.
Aug 04 16:39:28 witherspoon systemd[1]: Reached target Host0 (Reset Check).
Aug 04 16:39:28 witherspoon systemd[1]: Started Wait for /xyz/openbmc_project/state/host0.
Aug 04 16:39:28 witherspoon systemd[1]: Starting Reboot If Enabled...
Aug 04 16:39:28 witherspoon timemanager[1146]: Changing settings *allowed* now
Aug 04 16:39:28 witherspoon timemanager[1146]: Owner is already set to : BMC
Aug 04 16:39:29 witherspoon timemanager[1146]: Requested_Mode: NTP Current_Mode: NTP
Aug 04 16:39:29 witherspoon timemanager[1146]: Mode is already set to : NTP
Aug 04 16:39:29 witherspoon timemanager[1146]: Getting System Settings: use_dhcp_ntp
Aug 04 16:39:29 witherspoon timemanager[1146]: use_dhcp_ntp = yes
Aug 04 16:39:29 witherspoon timemanager[1146]: Last known host_offset:0
Aug 04 16:39:29 witherspoon timemanager[1146]: Initial Uptime Usec: 1501864671254457
Aug 04 16:39:29 witherspoon systemd[1]: Started Phosphor Time Manager daemon.
Aug 04 16:39:29 witherspoon phosphor-discover-system-state[1158]: Host power is off, checking power policy
Aug 04 16:39:29 witherspoon systemd[1]: Started Reboot If Enabled.
Aug 04 16:39:29 witherspoon systemd[1]: Reached target Phosphor System - Standby.
Aug 04 16:39:29 witherspoon systemd[1]: Starting Assert bmc_booted LED...
Aug 04 16:39:29 witherspoon phosphor-bmc-state-manager[1112]: BMC_READY
Aug 04 16:39:29 witherspoon phosphor-bmc-state-manager[1112]: Setting the BMCState field
Aug 04 16:39:29 witherspoon systemd[1]: Started Assert bmc_booted LED.
Aug 04 16:39:29 witherspoon systemd[1]: Startup finished in 8.888s (kernel) + 1min 29.776s (userspace) = 1min 38.665s.
Aug 04 16:42:27 witherspoon systemd[1]: Started Phosphor Webserver.
Aug 04 16:42:39 witherspoon phosphor-gevent[1168]: ::80a9:6076:8e91:f402%1995156252 - - [2017-08-04 16:42:39] "POST /login HTTP/1.1" 200 320 0.074383
Aug 04 16:42:39 witherspoon systemd[1]: Created slice system-dropbear.slice.
Aug 04 16:42:39 witherspoon systemd[1]: Started SSH Per-Connection Server (9.41.165.94:54384).
Aug 04 16:42:40 witherspoon dropbear[1170]: Failed loading /etc/dropbear/dropbear_dss_host_key
Aug 04 16:42:40 witherspoon dropbear[1170]: Failed loading /etc/dropbear/dropbear_ecdsa_host_key
Aug 04 16:42:40 witherspoon dropbear[1170]: Child connection from ::ffff:9.41.165.94:54384
Aug 04 16:42:40 witherspoon dropbear[1170]: PAM password auth succeeded for 'root' from ::ffff:9.41.165.94:54384
Aug 04 16:42:40 witherspoon dropbear[1171]: lastlog_perform_login: Couldn't stat /var/log/lastlog: No such file or directory
Aug 04 16:42:40 witherspoon dropbear[1171]: lastlog_openseek: /var/log/lastlog is not a file or directory!
Aug 04 16:42:41 witherspoon systemd[1]: Started SSH Per-Connection Server (9.41.165.94:54386).
Aug 04 16:42:41 witherspoon dropbear[1175]: Failed loading /etc/dropbear/dropbear_dss_host_key
Aug 04 16:42:41 witherspoon dropbear[1175]: Failed loading /etc/dropbear/dropbear_ecdsa_host_key
Aug 04 16:42:41 witherspoon dropbear[1175]: Child connection from ::ffff:9.41.165.94:54386
Aug 04 16:42:42 witherspoon dropbear[1175]: PAM password auth succeeded for 'root' from ::ffff:9.41.165.94:54386
Aug 04 16:42:42 witherspoon dropbear[1176]: lastlog_perform_login: Couldn't stat /var/log/lastlog: No such file or directory
Aug 04 16:42:42 witherspoon dropbear[1176]: lastlog_openseek: /var/log/lastlog is not a file or directory!
Aug 04 16:42:43 witherspoon systemd[1]: Started SSH Per-Connection Server (9.41.165.94:54388).
Aug 04 16:42:43 witherspoon dropbear[1182]: Failed loading /etc/dropbear/dropbear_dss_host_key
Aug 04 16:42:43 witherspoon dropbear[1182]: Failed loading /etc/dropbear/dropbear_ecdsa_host_key
Aug 04 16:42:43 witherspoon dropbear[1182]: Child connection from ::ffff:9.41.165.94:54388
Aug 04 16:42:44 witherspoon dropbear[1182]: PAM password auth succeeded for 'root' from ::ffff:9.41.165.94:54388
Aug 04 16:42:44 witherspoon dropbear[1183]: lastlog_perform_login: Couldn't stat /var/log/lastlog: No such file or directory
Aug 04 16:42:44 witherspoon dropbear[1183]: lastlog_openseek: /var/log/lastlog is not a file or directory!
Aug 04 16:42:45 witherspoon phosphor-gevent[1168]: ::80a9:6076:8e91:f402%1995156252 - - [2017-08-04 16:42:45] "POST /login HTTP/1.1" 200 320 0.033030
Aug 04 16:42:45 witherspoon phosphor-gevent[1168]: ::80a9:6076:8e91:f402%1995156252 - - [2017-08-04 16:42:45] "GET /xyz/openbmc_project/state/host0//attr/CurrentHostState HTTP/1.1" 200 212 0.085893
Aug 04 16:42:45 witherspoon dropbear[1170]: Exit (root): Error reading: Connection reset by peer
Aug 04 16:42:45 witherspoon dropbear[1175]: Exit (root): Error reading: Connection reset by peer
Aug 04 16:42:45 witherspoon dropbear[1182]: Exit (root): Error reading: Connection reset by peer
Aug 04 16:43:28 witherspoon phosphor-gevent[1168]: ::80a9:6076:8e91:f402%1995156252 - - [2017-08-04 16:43:28] "POST /login HTTP/1.1" 200 320 0.056855
Aug 04 16:43:28 witherspoon phosphor-gevent[1168]: ::80a9:6076:8e91:f402%1995156252 - - [2017-08-04 16:43:28] "GET /xyz/openbmc_project/inventory/enumerate HTTP/1.1" 200 1078 0.166049
Aug 04 16:43:59 witherspoon systemd[1]: Started SSH Per-Connection Server (9.41.165.94:54414).
Aug 04 16:43:59 witherspoon dropbear[1194]: Failed loading /etc/dropbear/dropbear_dss_host_key
Aug 04 16:43:59 witherspoon dropbear[1194]: Failed loading /etc/dropbear/dropbear_ecdsa_host_key
Aug 04 16:43:59 witherspoon dropbear[1194]: Child connection from ::ffff:9.41.165.94:54414
Aug 04 16:43:59 witherspoon dropbear[1194]: PAM password auth succeeded for 'root' from ::ffff:9.41.165.94:54414
Aug 04 16:43:59 witherspoon dropbear[1195]: lastlog_perform_login: Couldn't stat /var/log/lastlog: No such file or directory
Aug 04 16:43:59 witherspoon dropbear[1195]: lastlog_openseek: /var/log/lastlog is not a file or directory!
Aug 04 16:44:01 witherspoon dropbear[1204]: Failed loading /etc/dropbear/dropbear_dss_host_key
Aug 04 16:44:01 witherspoon dropbear[1204]: Failed loading /etc/dropbear/dropbear_ecdsa_host_key
Aug 04 16:44:01 witherspoon systemd[1]: Started SSH Per-Connection Server (9.41.165.94:54416).
Aug 04 16:44:01 witherspoon dropbear[1204]: Child connection from ::ffff:9.41.165.94:54416
Aug 04 16:44:02 witherspoon dropbear[1204]: PAM password auth succeeded for 'root' from ::ffff:9.41.165.94:54416
Aug 04 16:44:02 witherspoon dropbear[1205]: lastlog_perform_login: Couldn't stat /var/log/lastlog: No such file or directory
Aug 04 16:44:02 witherspoon dropbear[1205]: lastlog_openseek: /var/log/lastlog is not a file or directory!
Aug 04 16:44:02 witherspoon systemd[1]: Started SSH Per-Connection Server (9.41.165.94:54418).
Aug 04 16:44:02 witherspoon dropbear[1211]: Failed loading /etc/dropbear/dropbear_dss_host_key
Aug 04 16:44:02 witherspoon dropbear[1211]: Failed loading /etc/dropbear/dropbear_ecdsa_host_key
Aug 04 16:44:02 witherspoon dropbear[1211]: Child connection from ::ffff:9.41.165.94:54418
Aug 04 16:44:03 witherspoon dropbear[1211]: PAM password auth succeeded for 'root' from ::ffff:9.41.165.94:54418
Aug 04 16:44:03 witherspoon dropbear[1212]: lastlog_perform_login: Couldn't stat /var/log/lastlog: No such file or directory
Aug 04 16:44:03 witherspoon dropbear[1212]: lastlog_openseek: /var/log/lastlog is not a file or directory!
Aug 04 16:44:04 witherspoon phosphor-gevent[1168]: ::80a9:6076:8e91:f402%1995156252 - - [2017-08-04 16:44:04] "POST /login HTTP/1.1" 200 320 0.032613
Aug 04 16:44:04 witherspoon phosphor-gevent[1168]: ::80a9:6076:8e91:f402%1995156252 - - [2017-08-04 16:44:04] "POST /login HTTP/1.1" 200 320 0.044468
Aug 04 16:44:04 witherspoon phosphor-gevent[1168]: ::80a9:6076:8e91:f402%1995156252 - - [2017-08-04 16:44:04] "GET /xyz/openbmc_project/state/host0//attr/CurrentHostState HTTP/1.1" 200 212 0.084980
Aug 04 16:44:05 witherspoon systemd[1]: Created slice system-obmc\x2dconsole\x2dssh.slice.
Aug 04 16:44:05 witherspoon systemd[1]: Started Phosphor Host Console SSH Per-Connection (9.41.165.94:42974).
Aug 04 16:44:05 witherspoon dropbear[1218]: Failed loading /etc/dropbear/dropbear_dss_host_key
Aug 04 16:44:05 witherspoon dropbear[1218]: Failed loading /etc/dropbear/dropbear_ecdsa_host_key
Aug 04 16:44:05 witherspoon dropbear[1218]: Child connection from ::ffff:9.41.165.94:42974
Aug 04 16:44:05 witherspoon phosphor-gevent[1168]: ::80a9:6076:8e91:f402%1995156252 - - [2017-08-04 16:44:05] "POST /login HTTP/1.1" 200 320 0.032502
Aug 04 16:44:06 witherspoon phosphor-host-state-manager[1111]: Host State transaction request
Aug 04 16:44:06 witherspoon dropbear[1218]: PAM password auth succeeded for 'root' from ::ffff:9.41.165.94:42974
Aug 04 16:44:06 witherspoon dropbear[1219]: lastlog_perform_login: Couldn't stat /var/log/lastlog: No such file or directory
Aug 04 16:44:06 witherspoon dropbear[1219]: lastlog_openseek: /var/log/lastlog is not a file or directory!
Aug 04 16:44:06 witherspoon phosphor-gevent[1168]: ::80a9:6076:8e91:f402%1995156252 - - [2017-08-04 16:44:06] "PUT /xyz/openbmc_project/state/host0//attr/RequestedHostTransition HTTP/1.1" 200 169 0.658748
Aug 04 16:44:06 witherspoon systemd[1]: Created slice system-op\x2dpower\x2dstop.slice.
Aug 04 16:44:06 witherspoon systemd[1]: Reached target Stop Host0 (Pre).
Aug 04 16:44:06 witherspoon systemd[1]: Starting Wait for /xyz/openbmc_project/led/groups/power_on...
Aug 04 16:44:06 witherspoon systemd[1]: Starting Wait for /org/openbmc/control/chassis0...
Aug 04 16:44:06 witherspoon systemd[1]: Created slice system-ir35221\x2doff\x2dbind.slice.
Aug 04 16:44:06 witherspoon systemd[1]: Starting Wait for /org/openbmc/HostIpmi/1...
Aug 04 16:44:06 witherspoon systemd[1]: Created slice system-ir35221\x2doff\x2dunbind.slice.
Aug 04 16:44:06 witherspoon systemd[1]: Starting Power off mode unbind ir35221 device driver devs...
Aug 04 16:44:06 witherspoon systemd[1]: Created slice system-vcs_off_poweroff.slice.
Aug 04 16:44:06 witherspoon systemd[1]: Created slice system-obmc\x2dled\x2dgroup\x2dstop.slice.
Aug 04 16:44:06 witherspoon systemd[1]: Stopped target Chassis0 power on after reset.
Aug 04 16:44:06 witherspoon systemd[1]: Stopped target Host0 (Reset Check).
Aug 04 16:44:06 witherspoon systemd[1]: Stopped target Host0 running after reset.
Aug 04 16:44:06 witherspoon systemd[1]: Stopped target Chassis0 (Reset Check).
Aug 04 16:44:06 witherspoon systemd[1]: Created slice system-op\x2dwait\x2dpower\x2doff.slice.
Aug 04 16:44:06 witherspoon systemd[1]: Reached target Stop Hosti (Pre).
Aug 04 16:44:06 witherspoon systemd[1]: Reached target Hosti (Stopping).
Aug 04 16:44:06 witherspoon systemd[1]: Reached target Hosti (Stopped).
Aug 04 16:44:06 witherspoon systemd[1]: Reached target Poweri Off (Pre).
Aug 04 16:44:06 witherspoon systemd[1]: Reached target Poweri Off.
Aug 04 16:44:07 witherspoon systemd[1]: Started Power off mode unbind ir35221 device driver devs.
Aug 04 16:44:07 witherspoon systemd[1]: xyz.openbmc_project.Hwmon@ahb-apb-i2c\x401e78a000-i2c\x2dbus\x40180-ir35221\x4070.service: Unit not needed anymore. Stopping.
Aug 04 16:44:07 witherspoon systemd[1]: xyz.openbmc_project.Hwmon@ahb-apb-i2c\x401e78a000-i2c\x2dbus\x40180-ir35221\x4071.service: Service hold-off time over, scheduling restart.
Aug 04 16:44:07 witherspoon systemd[1]: xyz.openbmc_project.Hwmon@ahb-apb-i2c\x401e78a000-i2c\x2dbus\x40140-ir35221\x4071.service: Service hold-off time over, scheduling restart.
Aug 04 16:44:07 witherspoon systemd[1]: xyz.openbmc_project.Hwmon@ahb-apb-i2c\x401e78a000-i2c\x2dbus\x40140-ir35221\x4070.service: Service hold-off time over, scheduling restart.
Aug 04 16:44:07 witherspoon phosphor-gevent[1168]: ::80a9:6076:8e91:f402%1995156252 - - [2017-08-04 16:44:07] "POST /login HTTP/1.1" 200 320 0.032388
Aug 04 16:44:07 witherspoon systemd[1]: Started Wait for /org/openbmc/HostIpmi/1.
Aug 04 16:44:07 witherspoon systemd[1]: xyz.openbmc_project.Hwmon@ahb-apb-i2c\x401e78a000-i2c\x2dbus\x40180-ir35221\x4071.service: Unit not needed anymore. Stopping.
Aug 04 16:44:07 witherspoon systemd[1]: Requested transaction contradicts existing jobs: Transaction is destructive.
Aug 04 16:44:07 witherspoon systemd[1]: xyz.openbmc_project.Hwmon@ahb-apb-i2c\x401e78a000-i2c\x2dbus\x40180-ir35221\x4071.service: Failed to enqueue stop job, ignoring: Transaction is destructive.
Aug 04 16:44:08 witherspoon phosphor-hwmon-readd[1240]: Usage: /usr/sbin/phosphor-hwmon-readd [options]
Aug 04 16:44:08 witherspoon phosphor-hwmon-readd[1240]: Options:
Aug 04 16:44:08 witherspoon phosphor-hwmon-readd[1240]:     --help               print this menu
Aug 04 16:44:08 witherspoon phosphor-hwmon-readd[1240]:     --path=<path>        sysfs location to monitor
Aug 04 16:44:08 witherspoon phosphor-hwmon-readd[1240]:     --of-name=<path>     open firmware device name to monitor
Aug 04 16:44:08 witherspoon phosphor-hwmon-readd[1240]: ERROR: Path not specified or invalid.
Aug 04 16:44:07 witherspoon systemd[1]: xyz.openbmc_project.Hwmon@ahb-apb-i2c\x401e78a000-i2c\x2dbus\x40180-ir35221\x4070.service: Service hold-off time over, scheduling restart.
Aug 04 16:44:07 witherspoon systemd[1]: xyz.openbmc_project.Hwmon@ahb-apb-i2c\x401e78a000-i2c\x2dbus\x40180-ir35221\x4070.service: Stop job pending for unit, delaying automatic restart.
Aug 04 16:44:07 witherspoon systemd[1]: xyz.openbmc_project.Hwmon@ahb-apb-i2c\x401e78a000-i2c\x2dbus\x40140-ir35221\x4070.service: Unit not needed anymore. Stopping.
Aug 04 16:44:07 witherspoon systemd[1]: Requested transaction contradicts existing jobs: Transaction is destructive.
Aug 04 16:44:07 witherspoon systemd[1]: xyz.openbmc_project.Hwmon@ahb-apb-i2c\x401e78a000-i2c\x2dbus\x40140-ir35221\x4070.service: Failed to enqueue stop job, ignoring: Transaction is destructive.
Aug 04 16:44:08 witherspoon phosphor-hwmon-readd[1242]: Usage: /usr/sbin/phosphor-hwmon-readd [options]
Aug 04 16:44:08 witherspoon phosphor-hwmon-readd[1242]: Options:
Aug 04 16:44:08 witherspoon phosphor-hwmon-readd[1242]:     --help               print this menu
Aug 04 16:44:08 witherspoon phosphor-hwmon-readd[1242]:     --path=<path>        sysfs location to monitor
Aug 04 16:44:08 witherspoon phosphor-hwmon-readd[1242]:     --of-name=<path>     open firmware device name to monitor
Aug 04 16:44:08 witherspoon phosphor-hwmon-readd[1242]: ERROR: Path not specified or invalid.
Aug 04 16:44:07 witherspoon systemd[1]: xyz.openbmc_project.Hwmon@ahb-apb-i2c\x401e78a000-i2c\x2dbus\x40140-ir35221\x4071.service: Unit not needed anymore. Stopping.
Aug 04 16:44:07 witherspoon systemd[1]: Requested transaction contradicts existing jobs: Transaction is destructive.
Aug 04 16:44:07 witherspoon systemd[1]: xyz.openbmc_project.Hwmon@ahb-apb-i2c\x401e78a000-i2c\x2dbus\x40140-ir35221\x4071.service: Failed to enqueue stop job, ignoring: Transaction is destructive.
Aug 04 16:44:07 witherspoon systemd[1]: Starting Soft power off of the host...
Aug 04 16:44:07 witherspoon systemd[1]: Stopped Phosphor Hwmon Poller.
Aug 04 16:44:07 witherspoon systemd[1]: Started Phosphor Hwmon Poller.
Aug 04 16:44:08 witherspoon systemd[1]: xyz.openbmc_project.Hwmon@ahb-apb-i2c\x401e78a000-i2c\x2dbus\x40140-ir35221\x4070.service: Unit not needed anymore. Stopping.
Aug 04 16:44:08 witherspoon systemd[1]: Stopping Phosphor Hwmon Poller...
Aug 04 16:44:08 witherspoon systemd[1]: Stopped Phosphor Hwmon Poller.
Aug 04 16:44:08 witherspoon systemd[1]: Started Phosphor Hwmon Poller.
Aug 04 16:44:08 witherspoon systemd[1]: xyz.openbmc_project.Hwmon@ahb-apb-i2c\x401e78a000-i2c\x2dbus\x40140-ir35221\x4071.service: Unit not needed anymore. Stopping.
Aug 04 16:44:08 witherspoon systemd[1]: Stopping Phosphor Hwmon Poller...
Aug 04 16:44:08 witherspoon systemd[1]: Stopped Phosphor Hwmon Poller.
Aug 04 16:44:08 witherspoon systemd[1]: Started Phosphor Hwmon Poller.
Aug 04 16:44:08 witherspoon systemd[1]: xyz.openbmc_project.Hwmon@ahb-apb-i2c\x401e78a000-i2c\x2dbus\x40180-ir35221\x4071.service: Unit not needed anymore. Stopping.
Aug 04 16:44:08 witherspoon systemd[1]: Stopping Phosphor Hwmon Poller...
Aug 04 16:44:08 witherspoon systemd[1]: Stopped Phosphor Hwmon Poller.
Aug 04 16:44:08 witherspoon systemd[1]: xyz.openbmc_project.Hwmon@ahb-apb-i2c\x401e78a000-i2c\x2dbus\x40140-ir35221\x4070.service: Main process exited, code=exited, status=255/n/a
Aug 04 16:44:08 witherspoon systemd[1]: Stopped Phosphor Hwmon Poller.
Aug 04 16:44:08 witherspoon systemd[1]: xyz.openbmc_project.Hwmon@ahb-apb-i2c\x401e78a000-i2c\x2dbus\x40140-ir35221\x4070.service: Unit entered failed state.
Aug 04 16:44:08 witherspoon systemd[1]: xyz.openbmc_project.Hwmon@ahb-apb-i2c\x401e78a000-i2c\x2dbus\x40140-ir35221\x4070.service: Failed with result 'exit-code'.
Aug 04 16:44:08 witherspoon systemd[1]: xyz.openbmc_project.Hwmon@ahb-apb-i2c\x401e78a000-i2c\x2dbus\x40140-ir35221\x4071.service: Main process exited, code=exited, status=255/n/a
Aug 04 16:44:08 witherspoon systemd[1]: Stopped Phosphor Hwmon Poller.
Aug 04 16:44:09 witherspoon systemd[1]: xyz.openbmc_project.Hwmon@ahb-apb-i2c\x401e78a000-i2c\x2dbus\x40140-ir35221\x4071.service: Unit entered failed state.
Aug 04 16:44:09 witherspoon systemd[1]: xyz.openbmc_project.Hwmon@ahb-apb-i2c\x401e78a000-i2c\x2dbus\x40140-ir35221\x4071.service: Failed with result 'exit-code'.
Aug 04 16:44:09 witherspoon systemd[1]: Stopped Phosphor Hwmon Poller.
Aug 04 16:44:10 witherspoon systemd[1]: Started Wait for /org/openbmc/control/chassis0.
Aug 04 16:44:11 witherspoon systemd[1]: Started Wait for /xyz/openbmc_project/led/groups/power_on.
Aug 04 16:44:11 witherspoon systemd[1]: Starting Assert power_on LED...
Aug 04 16:44:12 witherspoon phosphor-gevent[1168]: ::80a9:6076:8e91:f402%1995156252 - - [2017-08-04 16:44:12] "GET /xyz/openbmc_project/state/chassis0//attr/CurrentPowerState HTTP/1.1" 200 216 4.529510
Aug 04 16:44:12 witherspoon ipmid[1123]: Pushing cmd on to queue
Aug 04 16:44:12 witherspoon ipmid[1123]: Asserting SMS Attention
Aug 04 16:44:12 witherspoon phosphor-gevent[1168]: ::80a9:6076:8e91:f402%1995156252 - - [2017-08-04 16:44:12] "POST /login HTTP/1.1" 200 320 0.050178
Aug 04 16:44:12 witherspoon ipmid[1123]: SMS Attention asserted
Aug 04 16:44:13 witherspoon phosphor-gevent[1168]: ::80a9:6076:8e91:f402%1995156252 - - [2017-08-04 16:44:13] "GET /xyz/openbmc_project/state/host0//attr/CurrentHostState HTTP/1.1" 200 212 0.270740
Aug 04 16:44:13 witherspoon phosphor-gevent[1168]: ::80a9:6076:8e91:f402%1995156252 - - [2017-08-04 16:44:13] "POST /login HTTP/1.1" 200 320 0.112637
Aug 04 16:44:13 witherspoon systemd[1]: Started Assert power_on LED.
Aug 04 16:44:13 witherspoon phosphor-host-state-manager[1111]: Host State transaction request
Aug 04 16:44:14 witherspoon phosphor-gevent[1168]: ::80a9:6076:8e91:f402%1995156252 - - [2017-08-04 16:44:14] "PUT /xyz/openbmc_project/state/host0//attr/RequestedHostTransition HTTP/1.1" 200 169 0.635676
Aug 04 16:44:14 witherspoon systemd[1]: Created slice system-vrm\x2dcontrol.slice.
Aug 04 16:44:14 witherspoon systemd[1]: Created slice system-pcie\x2dslot\x2ddetect.slice.
Aug 04 16:44:14 witherspoon systemd[1]: Created slice system-vcs_workaround.slice.
Aug 04 16:44:14 witherspoon phosphor-gevent[1168]: ::80a9:6076:8e91:f402%1995156252 - - [2017-08-04 16:44:14] "POST /login HTTP/1.1" 200 320 0.032415
Aug 04 16:44:14 witherspoon systemd[1]: Created slice system-ucd_disable_vcs.slice.
Aug 04 16:44:14 witherspoon systemd[1]: Created slice system-op\x2dwait\x2dpower\x2don.slice.
Aug 04 16:44:14 witherspoon systemd[1]: Created slice system-vcs_off.slice.
Aug 04 16:44:14 witherspoon systemd[1]: Created slice system-power\x2dworkarounds.slice.
Aug 04 16:44:14 witherspoon systemd[1]: Created slice system-fsi\x2dscan.slice.
Aug 04 16:44:14 witherspoon systemd[1]: Starting Wait for /xyz/openbmc_project/watchdog/host0...
Aug 04 16:44:14 witherspoon systemd[1]: Created slice system-mapper\x2dsubtree\x2dremove.slice.
Aug 04 16:44:14 witherspoon systemd[1]: Created slice system-phosphor\x2dfan\x2dcontrol\x2dinit.slice.
Aug 04 16:44:14 witherspoon systemd[1]: Created slice system-avsbus\x2denable.slice.
Aug 04 16:44:14 witherspoon systemd[1]: Created slice system-mboxd\x2dreload.slice.
Aug 04 16:44:14 witherspoon systemd[1]: Starting Reload mboxd during power on...
Aug 04 16:44:14 witherspoon systemd[1]: Created slice system-phosphor\x2dfan\x2dpresence\x2dtach.slice.
Aug 04 16:44:14 witherspoon systemd[1]: Starting Wait for Power0 to turn on...
Aug 04 16:44:14 witherspoon systemd[1]: Created slice system-vcs_on.slice.
Aug 04 16:44:14 witherspoon systemd[1]: Starting mapper subtree-remove /xyz/openbmc_project/software:xyz.openbmc_project.Software.ActivationBlocksTransition...
Aug 04 16:44:14 witherspoon systemd[1]: Created slice system-fsi\x2dbind.slice.
Aug 04 16:44:14 witherspoon systemd[1]: Created slice system-op\x2dpower\x2dstart.slice.
Aug 04 16:44:14 witherspoon systemd[1]: Reached target Powerwitherspoon-fan-watchdog (On).
Aug 04 16:44:14 witherspoon systemd[1]: Created slice system-avsbus\x2ddisable.slice.
Aug 04 16:44:14 witherspoon systemd[1]: Created slice system-phosphor\x2dgpio\x2dmonitor.slice.
Aug 04 16:44:14 witherspoon systemd[1]: Started Phosphor GPIO checkstop monitor.
Aug 04 16:44:15 witherspoon systemd[1]: Started Witherspoon Fan Watchdog Daemon.
Aug 04 16:44:15 witherspoon systemd[1]: Started Phosphor Fan Control Initialization.
Aug 04 16:44:15 witherspoon systemd[1]: Created slice system-start_host.slice.
Aug 04 16:44:15 witherspoon systemd[1]: Starting Assert power_on LED...
Aug 04 16:44:15 witherspoon systemd[1]: Stopped Assert power_on LED.
Aug 04 16:44:15 witherspoon systemd[1]: Stopped Power off mode unbind ir35221 device driver devs.
Aug 04 16:44:15 witherspoon systemd[1]: Created slice system-obmc\x2denable\x2dhost\x2dwatchdog.slice.
Aug 04 16:44:15 witherspoon systemd[1]: Created slice system-ir35221\x2don\x2dunbind.slice.
Aug 04 16:44:15 witherspoon systemd[1]: Starting power on mode unbind ir35221 device driver devs...
Aug 04 16:44:16 witherspoon mboxctl[1252]: Reset: Success
Aug 04 16:44:15 witherspoon systemd[1]: Created slice system-ir35221\x2don\x2dbind.slice.
Aug 04 16:44:15 witherspoon systemd[1]: Starting Witherspoon Fan Watchdog Reset...
Aug 04 16:44:15 witherspoon systemd[1]: Starting Disable UCD VCS rails...
Aug 04 16:44:15 witherspoon systemd[1]: Created slice system-phosphor\x2dwatchdog.slice.
Aug 04 16:44:15 witherspoon systemd[1]: Started Phosphor poweron watchdog.
Aug 04 16:44:15 witherspoon systemd[1]: Created slice system-cfam_override.slice.
Aug 04 16:44:15 witherspoon systemd[1]: Stopped target Stop Host0 (Pre).
Aug 04 16:44:16 witherspoon ipmid[1123]: Host control timeout hit!
Aug 04 16:44:16 witherspoon ipmid[1123]: Timer expired
Aug 04 16:44:16 witherspoon systemd[1]: xyz.openbmc_project.Ipmi.Internal.SoftPowerOff.service: Main process exited, code=killed, status=15/TERM
Aug 04 16:44:16 witherspoon systemd[1]: Stopped Soft power off of the host.
Aug 04 16:44:16 witherspoon systemd[1]: xyz.openbmc_project.Ipmi.Internal.SoftPowerOff.service: Unit entered failed state.
Aug 04 16:44:16 witherspoon systemd[1]: xyz.openbmc_project.Ipmi.Internal.SoftPowerOff.service: Failed with result 'signal'.
Aug 04 16:44:16 witherspoon systemd[1]: Started Reload mboxd during power on.
Aug 04 16:44:16 witherspoon systemd[1]: Started mapper subtree-remove /xyz/openbmc_project/software:xyz.openbmc_project.Software.ActivationBlocksTransition.
Aug 04 16:44:17 witherspoon kernel: ucd9000 11-0064: Device ID UCD90160|2.3.4.0000|110603
Aug 04 16:44:17 witherspoon kernel[951]: [  385.720000] ucd9000 11-0064: Device ID UCD90160|2.3.4.0000|110603
Aug 04 16:44:17 witherspoon systemd[1]: Started power on mode unbind ir35221 device driver devs.
Aug 04 16:44:17 witherspoon systemd[1]: Started Witherspoon Fan Watchdog Reset.
Aug 04 16:44:17 witherspoon phosphor-host-state-manager[1111]: Received signal that host is off
Aug 04 16:44:17 witherspoon phosphor-host-state-manager[1111]: Change to Host State
Aug 04 16:44:17 witherspoon phosphor-chassis-state-manager[1103]: Received signal that power OFF is complete
Aug 04 16:44:17 witherspoon phosphor-chassis-state-manager[1103]: Change to Chassis Power State
Aug 04 16:44:17 witherspoon phosphor-gevent[1168]: ::80a9:6076:8e91:f402%1995156252 - - [2017-08-04 16:44:17] "GET /xyz/openbmc_project/state/chassis0//attr/CurrentPowerState HTTP/1.1" 200 216 2.411568
Aug 04 16:44:17 witherspoon systemd[1]: Started Disable UCD VCS rails.
Aug 04 16:44:17 witherspoon systemd[1]: Starting Perform power workarounds on VRMs...
Aug 04 16:44:18 witherspoon systemd[1]: Started Perform power workarounds on VRMs.
Aug 04 16:44:18 witherspoon systemd[1]: Starting Disable the AVS bus on the VRMs...
Aug 04 16:44:18 witherspoon systemd[1]: Started Disable the AVS bus on the VRMs.
Aug 04 16:44:18 witherspoon systemd[1]: Starting Apply voltage overrides to VRMs...
Aug 04 16:44:19 witherspoon vrm-control.sh[1328]: rail        set        read        current
Aug 04 16:44:19 witherspoon vrm-control.sh[1328]: -------        ------- ------- -------
Aug 04 16:44:19 witherspoon vrm-control.sh[1328]: vdna        0.898V        0.004V        0.000A
Aug 04 16:44:20 witherspoon vrm-control.sh[1328]: vdnb        0.898V        0.004V        0.000A
Aug 04 16:44:20 witherspoon systemd[1]: Started Apply voltage overrides to VRMs.
Aug 04 16:44:20 witherspoon systemd[1]: Starting Enable the AVS bus on VRMs...
Aug 04 16:44:20 witherspoon phosphor-ledmanager[944]: Asserting LEDs
Aug 04 16:44:20 witherspoon phosphor-ledmanager[944]: No service providers for physical LED
Aug 04 16:44:20 witherspoon systemd[1]: Started Assert power_on LED.
Aug 04 16:44:20 witherspoon systemd[1]: Started Enable the AVS bus on VRMs.
Aug 04 16:44:20 witherspoon systemd[1]: Starting Disable VCS before Witherspoon power on...
Aug 04 16:44:21 witherspoon systemd[1]: Started Disable VCS before Witherspoon power on.
Aug 04 16:44:21 witherspoon systemd[1]: Reached target Power0 On (Pre).
Aug 04 16:44:21 witherspoon systemd[1]: Starting Start Power0...
Aug 04 16:44:21 witherspoon power_control.exe[1110]: PowerControl: setting power up SOFTWARE_PGOOD to 1
Aug 04 16:44:21 witherspoon power_control.exe[1110]: PowerControl: setting power up BMC_POWER_UP to 1
Aug 04 16:44:21 witherspoon systemd[1]: Started Start Power0.
Aug 04 16:44:21 witherspoon timemanager[1146]:  PGOOD has changed..
Aug 04 16:44:21 witherspoon system_manager.py[1059]: Running System State: HOST_POWERING_ON
Aug 04 16:44:22 witherspoon power_control.exe[1110]: PowerControl: pgood: 1, setting reset BMC_CP0_RESET_N to 1
Aug 04 16:44:22 witherspoon system_manager.py[1059]: Running System State: HOST_POWERED_ON
Aug 04 16:44:22 witherspoon timemanager[1146]:  PGOOD has changed..
Aug 04 16:44:22 witherspoon timemanager[1146]: Changing time settings is *deferred* now
Aug 04 16:44:22 witherspoon systemd[1]: Started Wait for Power0 to turn on.
Aug 04 16:44:22 witherspoon systemd[1]: Reached target Power0 On.
Aug 04 16:44:22 witherspoon systemd[1]: Reached target Power0 (On).
Aug 04 16:44:22 witherspoon systemd[1]: Starting PCIE Slot Presence Detection For Chassis0...
Aug 04 16:44:22 witherspoon systemd[1]: Starting Scan FSI devices...
Aug 04 16:44:22 witherspoon systemd[1]: Started Phosphor Fan Control Initialization.
Aug 04 16:44:22 witherspoon systemd[1]: Started Phosphor Fan Presence Tach Daemon.
Aug 04 16:44:22 witherspoon timemanager[1146]:  User Settings have changed..
Aug 04 16:44:23 witherspoon kernel:  fsi0: fsi: found chip c0010d12 at 00:00:00
Aug 04 16:44:23 witherspoon kernel:  slave@00:00: engine[2]: type 4, version 6, addr c00 size 400
Aug 04 16:44:23 witherspoon kernel:  slave@00:00: engine[3]: type 5, version 6, addr 1000 size 400
Aug 04 16:44:23 witherspoon kernel:  slave@00:00: engine[4]: type 6, version 1, addr 1400 size 400
Aug 04 16:44:23 witherspoon kernel:  slave@00:00: engine[5]: type 7, version 2, addr 1800 size 400
Aug 04 16:44:23 witherspoon kernel:  slave@00:00: engine[8]: type 22, version 1, addr 2400 size 400
Aug 04 16:44:23 witherspoon kernel: sbefifo 00:00:00:06: Found sbefifo device
Aug 04 16:44:23 witherspoon kernel: occ-hwmon occ1-dev0: failed to get OCC poll response: -19
Aug 04 16:44:23 witherspoon kernel[951]: [  391.580000]  fsi0: fsi: found chip c0010d12 at 00:00:00
Aug 04 16:44:23 witherspoon kernel[951]: [  391.580000]  slave@00:00: engine[2]: type 4, version 6, addr c00 size 400
Aug 04 16:44:23 witherspoon kernel[951]: [  391.580000]  slave@00:00: engine[3]: type 5, version 6, addr 1000 size 400
Aug 04 16:44:23 witherspoon kernel[951]: [  391.580000]  slave@00:00: engine[4]: type 6, version 1, addr 1400 size 400
Aug 04 16:44:23 witherspoon kernel[951]: [  391.580000]  slave@00:00: engine[5]: type 7, version 2, addr 1800 size 400
Aug 04 16:44:23 witherspoon kernel[951]: [  391.850000]  slave@00:00: engine[8]: type 22, version 1, addr 2400 size 400
Aug 04 16:44:23 witherspoon kernel[951]: [  391.850000] sbefifo 00:00:00:06: Found sbefifo device
Aug 04 16:44:23 witherspoon kernel[951]: [  391.850000] occ-hwmon occ1-dev0: failed to get OCC poll response: -19
Aug 04 16:44:23 witherspoon systemd[1]: Started Wait for /xyz/openbmc_project/watchdog/host0.
Aug 04 16:44:23 witherspoon systemd[1]: Started PCIE Slot Presence Detection For Chassis0.
Aug 04 16:44:24 witherspoon kernel:  slave@00:00: engine[9]: type 20, version 2, addr 2800 size 800
Aug 04 16:44:24 witherspoon kernel:  slave@00:00: engine[11]: type 1a, version 1, addr 3000 size 400
Aug 04 16:44:24 witherspoon kernel:  slave@00:00: engine[12]: type 1c, version 1, addr 3400 size 400
Aug 04 16:44:24 witherspoon kernel: fsi-master-hub 00:00:00:0a: hub version 92010800 (8 links)
Aug 04 16:44:24 witherspoon kernel:  slave@00:00: status: 0x84000510, sisc: 0x01040108
Aug 04 16:44:24 witherspoon kernel:  slave@00:00: status: 0x84000500, sisc: 0x00040108
Aug 04 16:44:24 witherspoon kernel:  fsi1: can't read slave 00:00 -5
Aug 04 16:44:24 witherspoon kernel:  fsi1: fsi: found chip c0010d12 at 01:01:00
Aug 04 16:44:24 witherspoon kernel:  slave@01:00: engine[2]: type 4, version 6, addr c00 size 400
Aug 04 16:44:24 witherspoon kernel:  slave@01:00: engine[3]: type 5, version 6, addr 1000 size 400
Aug 04 16:44:24 witherspoon kernel:  slave@01:00: engine[4]: type 6, version 1, addr 1400 size 400
Aug 04 16:44:24 witherspoon kernel:  slave@01:00: engine[5]: type 7, version 2, addr 1800 size 400
Aug 04 16:44:24 witherspoon kernel[951]: [  392.680000]  slave@00:00: engine[9]: type 20, version 2, addr 2800 size 800
Aug 04 16:44:24 witherspoon kernel[951]: [  392.680000]  slave@00:00: engine[11]: type 1a, version 1, addr 3000 size 400
Aug 04 16:44:24 witherspoon kernel[951]: [  392.680000]  slave@00:00: engine[12]: type 1c, version 1, addr 3400 size 400
Aug 04 16:44:24 witherspoon kernel[951]: [  392.680000] fsi-master-hub 00:00:00:0a: hub version 92010800 (8 links)
Aug 04 16:44:24 witherspoon kernel[951]: [  392.680000]  slave@00:00: status: 0x84000510, sisc: 0x01040108
Aug 04 16:44:24 witherspoon kernel[951]: [  392.680000]  slave@00:00: status: 0x84000500, sisc: 0x00040108
Aug 04 16:44:24 witherspoon kernel[951]: [  392.680000]  fsi1: can't read slave 00:00 -5
Aug 04 16:44:24 witherspoon kernel[951]: [  392.680000]  fsi1: fsi: found chip c0010d12 at 01:01:00
Aug 04 16:44:24 witherspoon kernel[951]: [  392.680000]  slave@01:00: engine[2]: type 4, version 6, addr c00 size 400
Aug 04 16:44:24 witherspoon kernel[951]: [  392.680000]  slave@01:00: engine[3]: type 5, version 6, addr 1000 size 400
Aug 04 16:44:24 witherspoon kernel[951]: [  392.680000]  slave@01:00: engine[4]: type 6, version 1, addr 1400 size 400
Aug 04 16:44:24 witherspoon kernel[951]: [  392.680000]  slave@01:00: engine[5]: type 7, version 2, addr 1800 size 400
Aug 04 16:44:25 witherspoon kernel:  slave@01:00: engine[8]: type 22, version 1, addr 2400 size 400
Aug 04 16:44:25 witherspoon kernel: sbefifo 01:01:00:06: Found sbefifo device
Aug 04 16:44:25 witherspoon kernel: occ-hwmon occ2-dev0: failed to get OCC poll response: -19
Aug 04 16:44:25 witherspoon kernel:  slave@01:00: engine[9]: type 20, version 2, addr 2800 size 800
Aug 04 16:44:25 witherspoon kernel:  slave@01:00: engine[11]: type 1a, version 1, addr 3000 size 400
Aug 04 16:44:25 witherspoon kernel:  slave@01:00: engine[12]: type 1c, version 1, addr 3400 size 400
Aug 04 16:44:25 witherspoon kernel: fsi-master-hub 01:01:00:0a: hub version 92010800 (8 links)
Aug 04 16:44:25 witherspoon kernel:  slave@00:00: status: 0x84000500, sisc: 0x00040108
Aug 04 16:44:25 witherspoon kernel:  slave@00:00: status: 0x84000500, sisc: 0x00040108
