-- Logs begin at Wed 2017-07-19 17:46:20 UTC, end at Wed 2017-07-19 18:07:13 UTC. --
Jul 19 17:46:20 witherspoon kernel: Booting Linux on physical CPU 0x0
Jul 19 17:46:20 witherspoon kernel: Linux version 4.10.17-ddfde37e4c473463072ad9e95de4d3db17dc1fb0 (jenkins@openbmc-builder1) (gcc version 6.2.0 (GCC) ) #1 Wed Jul 19 16:13:30 UTC 2017
Jul 19 17:46:20 witherspoon kernel: CPU: ARMv6-compatible processor [410fb767] revision 7 (ARMv7), cr=00c5387d
Jul 19 17:46:20 witherspoon kernel: CPU: PIPT / VIPT nonaliasing data cache, VIPT nonaliasing instruction cache
Jul 19 17:46:20 witherspoon kernel: OF: fdt:Machine model: Witherspoon BMC
Jul 19 17:46:20 witherspoon kernel: Memory policy: Data cache writeback
Jul 19 17:46:20 witherspoon kernel: SOC Rev: 04030303
Jul 19 17:46:20 witherspoon kernel: On node 0 totalpages: 110592
Jul 19 17:46:20 witherspoon kernel: free_area_init_node: node 0, pgdat 805fd514, node_mem_map 9ec1a000
Jul 19 17:46:20 witherspoon kernel:   Normal zone: 992 pages used for memmap
Jul 19 17:46:20 witherspoon kernel:   Normal zone: 0 pages reserved
Jul 19 17:46:20 witherspoon kernel:   Normal zone: 110592 pages, LIFO batch:31
Jul 19 17:46:20 witherspoon kernel: pcpu-alloc: s0 r0 d32768 u32768 alloc=1*32768
Jul 19 17:46:20 witherspoon kernel: pcpu-alloc: [0] 0 
Jul 19 17:46:20 witherspoon kernel: Built 1 zonelists in Zone order, mobility grouping on.  Total pages: 109600
Jul 19 17:46:20 witherspoon kernel: Kernel command line: console=ttyS4,115200n8 root=/dev/ram rw
Jul 19 17:46:20 witherspoon kernel: PID hash table entries: 2048 (order: 1, 8192 bytes)
Jul 19 17:46:20 witherspoon kernel: Dentry cache hash table entries: 65536 (order: 6, 262144 bytes)
Jul 19 17:46:20 witherspoon kernel: Inode-cache hash table entries: 32768 (order: 5, 131072 bytes)
Jul 19 17:46:20 witherspoon kernel: Memory: 430448K/442368K available (4063K kernel code, 280K rwdata, 1188K rodata, 284K init, 111K bss, 11920K reserved, 0K cma-reserved)
Jul 19 17:46:20 witherspoon kernel: Virtual kernel memory layout:
                                        vector  : 0xffff0000 - 0xffff1000   (   4 kB)
                                        fixmap  : 0xffc00000 - 0xfff00000   (3072 kB)
                                        vmalloc : 0x9f800000 - 0xff800000   (1536 MB)
                                        lowmem  : 0x80000000 - 0x9f000000   ( 496 MB)
                                          .text : 0x80008000 - 0x803fff10   (4064 kB)
                                          .init : 0x80583000 - 0x805ca000   ( 284 kB)
                                          .data : 0x805ca000 - 0x806102a8   ( 281 kB)
                                           .bss : 0x806102a8 - 0x8062c158   ( 112 kB)
Jul 19 17:46:20 witherspoon kernel: NR_IRQS:16 nr_irqs:16 16
Jul 19 17:46:20 witherspoon kernel: i2c controller registered, irq 16
Jul 19 17:46:20 witherspoon kernel: clocksource: moxart_timer: mask: 0xffffffff max_cycles: 0xffffffff, max_idle_ns: 77222644334 ns
Jul 19 17:46:20 witherspoon kernel: sched_clock: 32 bits at 100 Hz, resolution 10000000ns, wraps every 21474836475000000ns
Jul 19 17:46:20 witherspoon kernel: Calibrating delay loop... 789.70 BogoMIPS (lpj=3948544)
Jul 19 17:46:20 witherspoon kernel: pid_max: default: 32768 minimum: 301
Jul 19 17:46:20 witherspoon kernel: Mount-cache hash table entries: 1024 (order: 0, 4096 bytes)
Jul 19 17:46:20 witherspoon kernel: Mountpoint-cache hash table entries: 1024 (order: 0, 4096 bytes)
Jul 19 17:46:20 witherspoon kernel: CPU: Testing write buffer coherency: ok
Jul 19 17:46:20 witherspoon kernel: ftrace: allocating 14932 entries in 44 pages
Jul 19 17:46:20 witherspoon kernel: Setting up static identity map for 0x80008200 - 0x8000825c
Jul 19 17:46:20 witherspoon kernel: devtmpfs: initialized
Jul 19 17:46:20 witherspoon kernel: clocksource: jiffies: mask: 0xffffffff max_cycles: 0xffffffff, max_idle_ns: 19112604462750000 ns
Jul 19 17:46:20 witherspoon kernel: futex hash table entries: 256 (order: -1, 3072 bytes)
Jul 19 17:46:20 witherspoon kernel: pinctrl core: initialized pinctrl subsystem
Jul 19 17:46:20 witherspoon kernel: NET: Registered protocol family 16
Jul 19 17:46:20 witherspoon kernel: DMA: preallocated 256 KiB pool for atomic coherent allocations
Jul 19 17:46:20 witherspoon kernel: usbcore: registered new interface driver usbfs
Jul 19 17:46:20 witherspoon kernel: usbcore: registered new interface driver hub
Jul 19 17:46:20 witherspoon kernel: usbcore: registered new device driver usb
Jul 19 17:46:20 witherspoon kernel: clocksource: Switched to clocksource moxart_timer
Jul 19 17:46:20 witherspoon kernel: NET: Registered protocol family 2
Jul 19 17:46:20 witherspoon kernel: TCP established hash table entries: 4096 (order: 2, 16384 bytes)
Jul 19 17:46:20 witherspoon kernel: TCP bind hash table entries: 4096 (order: 2, 16384 bytes)
Jul 19 17:46:20 witherspoon kernel: TCP: Hash tables configured (established 4096 bind 4096)
Jul 19 17:46:20 witherspoon kernel: UDP hash table entries: 256 (order: 0, 4096 bytes)
Jul 19 17:46:20 witherspoon kernel: UDP-Lite hash table entries: 256 (order: 0, 4096 bytes)
Jul 19 17:46:20 witherspoon kernel: NET: Registered protocol family 1
Jul 19 17:46:20 witherspoon kernel: Trying to unpack rootfs image as initramfs...
Jul 19 17:46:20 witherspoon kernel: Freeing initrd memory: 1548K
Jul 19 17:46:20 witherspoon kernel: workingset: timestamp_bits=30 max_order=17 bucket_order=0
Jul 19 17:46:20 witherspoon kernel: squashfs: version 4.0 (2009/01/31) Phillip Lougher
Jul 19 17:46:20 witherspoon kernel: jffs2: version 2.2. (SUMMARY)  © 2001-2006 Red Hat, Inc.
Jul 19 17:46:20 witherspoon kernel: Block layer SCSI generic (bsg) driver version 0.4 loaded (major 250)
Jul 19 17:46:20 witherspoon kernel: io scheduler noop registered
Jul 19 17:46:20 witherspoon kernel: io scheduler deadline registered
Jul 19 17:46:20 witherspoon kernel: io scheduler cfq registered (default)
Jul 19 17:46:20 witherspoon kernel: ipmi-bt-host 1e789140.ibt: Found bt bmc device
Jul 19 17:46:20 witherspoon kernel: ipmi-bt-host 1e789140.ibt: Using IRQ 22
Jul 19 17:46:20 witherspoon kernel: Serial: 8250/16550 driver, 6 ports, IRQ sharing enabled
Jul 19 17:46:20 witherspoon kernel: 1e783000.serial: ttyS0 at MMIO 0x1e783000 (irq = 23, base_baud = 1500000) is a 16550A
Jul 19 17:46:20 witherspoon kernel: 1e78d000.serial: ttyS1 at MMIO 0x1e78d000 (irq = 24, base_baud = 1500000) is a 16550A
Jul 19 17:46:20 witherspoon kernel: 1e784000.serial: ttyS4 at MMIO 0x1e784000 (irq = 25, base_baud = 1500000) is a 16550A
Jul 19 17:46:20 witherspoon kernel: console [ttyS4] enabled
Jul 19 17:46:20 witherspoon kernel: 1e787000.vuart: ttyS2 at MMIO 0x1e787000 (irq = 22, base_baud = 1500000) is a 16550A
Jul 19 17:46:20 witherspoon kernel: timeriomem_rng 1e6e2078.hwrng: 32bits from 0xf00e2078 @ 1us
Jul 19 17:46:20 witherspoon kernel: random: fast init done
Jul 19 17:46:20 witherspoon kernel: brd: module loaded
Jul 19 17:46:20 witherspoon kernel: random: crng init done
Jul 19 17:46:20 witherspoon kernel: loop: module loaded
Jul 19 17:46:20 witherspoon kernel: aspeed-lpc-ctrl 1e789080.lpc-ctrl: Loaded at 0x98000000 (0x04000000)
Jul 19 17:46:20 witherspoon kernel: aspeed-smc 1e620000.flash-controller: Using IRQ 18
Jul 19 17:46:20 witherspoon kernel: aspeed-smc 1e620000.flash-controller: DMA support disabled.
Jul 19 17:46:20 witherspoon kernel: aspeed-smc 1e620000.flash-controller: mx25l25635e (32768 Kbytes)
Jul 19 17:46:20 witherspoon kernel: aspeed-smc 1e620000.flash-controller: CE0 window [ 0x20000000 - 0x22000000 ] 32MB
Jul 19 17:46:20 witherspoon kernel: aspeed-smc 1e620000.flash-controller: CE1 window [ 0x22000000 - 0x2a000000 ] 128MB
Jul 19 17:46:20 witherspoon kernel: 5 ofpart partitions found on MTD device bmc
Jul 19 17:46:20 witherspoon kernel: Creating 5 MTD partitions on "bmc":
Jul 19 17:46:20 witherspoon kernel: 0x000000000000-0x000000060000 : "u-boot"
Jul 19 17:46:20 witherspoon kernel: 0x000000060000-0x000000080000 : "u-boot-env"
Jul 19 17:46:20 witherspoon kernel: 0x000000080000-0x0000004c0000 : "kernel"
Jul 19 17:46:20 witherspoon kernel: 0x0000004c0000-0x000001c00000 : "rofs"
Jul 19 17:46:20 witherspoon kernel: 0x000001c00000-0x000002000000 : "rwfs"
Jul 19 17:46:20 witherspoon kernel: aspeed-smc 1e620000.flash-controller: mx25l25635e (32768 Kbytes)
Jul 19 17:46:20 witherspoon kernel: aspeed-smc 1e620000.flash-controller: CE1 window [ 0x22000000 - 0x24000000 ] 32MB
Jul 19 17:46:20 witherspoon kernel: aspeed-smc 1e620000.flash-controller: CE2 window [ 0x24000000 - 0x2c000000 ] 128MB
Jul 19 17:46:20 witherspoon kernel: aspeed-smc 1e630000.flash-controller: mx66l1g45g (131072 Kbytes)
Jul 19 17:46:20 witherspoon kernel: aspeed-smc 1e630000.flash-controller: CE0 window resized to 120MB (AST2500 HW quirk)
Jul 19 17:46:20 witherspoon kernel: aspeed-smc 1e630000.flash-controller: CE0 window [ 0x30000000 - 0x37800000 ] 120MB
Jul 19 17:46:20 witherspoon kernel: aspeed-smc 1e630000.flash-controller: CE0 window too small for chip 128MB
Jul 19 17:46:20 witherspoon kernel: aspeed-smc 1e630000.flash-controller: CE1 window [ 0x37800000 - 0x38000000 ] 8MB
Jul 19 17:46:20 witherspoon kernel: libphy: Fixed MDIO Bus: probed
Jul 19 17:46:20 witherspoon kernel: ftgmac100 1e660000.ethernet: Read MAC address 70:e2:84:14:23:e1 from chip
Jul 19 17:46:20 witherspoon kernel: ftgmac100 1e660000.ethernet: Using NCSI interface
Jul 19 17:46:20 witherspoon kernel: ftgmac100 1e660000.ethernet eth0: irq 20, mapped at f0060000
Jul 19 17:46:20 witherspoon kernel: ehci_hcd: USB 2.0 'Enhanced' Host Controller (EHCI) Driver
Jul 19 17:46:20 witherspoon kernel: ehci-platform: EHCI generic platform driver
Jul 19 17:46:20 witherspoon kernel:  fsi0: can't read slave 00:00 -5
Jul 19 17:46:20 witherspoon kernel: i2c /dev entries driver
Jul 19 17:46:20 witherspoon kernel: aspeed-i2c-bus 1e78a0c0.i2c-bus: i2c bus 2 registered, irq 26
Jul 19 17:46:20 witherspoon kernel: aspeed-i2c-bus 1e78a100.i2c-bus: i2c bus 3 registered, irq 27
Jul 19 17:46:20 witherspoon kernel: aspeed-i2c-bus 1e78a140.i2c-bus: i2c bus 4 registered, irq 28
Jul 19 17:46:20 witherspoon kernel: aspeed-i2c-bus 1e78a180.i2c-bus: i2c bus 5 registered, irq 29
Jul 19 17:46:20 witherspoon kernel: aspeed-i2c-bus 1e78a380.i2c-bus: i2c bus 9 registered, irq 30
Jul 19 17:46:20 witherspoon kernel: aspeed-i2c-bus 1e78a3c0.i2c-bus: i2c bus 10 registered, irq 31
Jul 19 17:46:20 witherspoon kernel: rtc-rv8803 11-0032: Voltage low, temperature compensation stopped.
Jul 19 17:46:20 witherspoon kernel: rtc-rv8803 11-0032: An alarm maybe have been missed.
Jul 19 17:46:20 witherspoon kernel: rtc-rv8803 11-0032: rtc core: registered rx8900 as rtc0
Jul 19 17:46:20 witherspoon kernel: at24 11-0051: 8192 byte 24c64 EEPROM, writable, 1 bytes/write
Jul 19 17:46:20 witherspoon kernel: aspeed-i2c-bus 1e78a400.i2c-bus: i2c bus 11 registered, irq 32
Jul 19 17:46:20 witherspoon kernel: aspeed-i2c-bus 1e78a440.i2c-bus: i2c bus 12 registered, irq 33
Jul 19 17:46:20 witherspoon kernel: aspeed-i2c-bus 1e78a480.i2c-bus: i2c bus 13 registered, irq 34
Jul 19 17:46:20 witherspoon kernel: Driver for 1-wire Dallas network protocol.
Jul 19 17:46:20 witherspoon kernel: lm75 9-004a: hwmon0: sensor 'tmp275'
Jul 19 17:46:20 witherspoon kernel: ucd9000 11-0064: Device ID UCD90160|2.3.4.0000|110603
Jul 19 17:46:20 witherspoon kernel: leds-pca955x 3-0060: leds-pca955x: Using pca9552 16-bit LED driver at slave address 0x60
Jul 19 17:46:20 witherspoon kernel: leds-pca955x 11-0060: leds-pca955x: Using pca9552 16-bit LED driver at slave address 0x60
Jul 19 17:46:20 witherspoon kernel: leds-pca955x 11-0060: gpios 264...279
Jul 19 17:46:20 witherspoon kernel: usbcore: registered new interface driver usbhid
Jul 19 17:46:20 witherspoon kernel: usbhid: USB HID core driver
Jul 19 17:46:20 witherspoon kernel: dps310: probe of 3-0076 failed with error -5
Jul 19 17:46:20 witherspoon kernel: NET: Registered protocol family 10
Jul 19 17:46:20 witherspoon kernel: Segment Routing with IPv6
Jul 19 17:46:20 witherspoon kernel: NET: Registered protocol family 17
Jul 19 17:46:20 witherspoon kernel: 8021q: 802.1Q VLAN Support v1.8
Jul 19 17:46:20 witherspoon kernel: console [netcon0] enabled
Jul 19 17:46:20 witherspoon kernel: netconsole: network logging started
Jul 19 17:46:20 witherspoon kernel: input: gpio-keys as /devices/platform/gpio-keys/input/input0
Jul 19 17:46:20 witherspoon kernel: rtc-rv8803 11-0032: setting system clock to 2017-07-19 17:46:11 UTC (1500486371)
Jul 19 17:46:20 witherspoon kernel: Freeing unused kernel memory: 284K
Jul 19 17:46:20 witherspoon kernel: This architecture does not have kernel memory protection.
Jul 19 17:46:20 witherspoon kernel: jffs2: notice: (527) jffs2_build_xattr_subsystem: complete building xattr subsystem, 0 of xdatum (0 unchecked, 0 orphan) and 0 of xref (0 dead, 0 orphan) found.
Jul 19 17:46:20 witherspoon systemd[1]: Failed to insert module 'autofs4': No such file or directory
Jul 19 17:46:20 witherspoon systemd[1]: systemd 232 running in system mode. (+PAM -AUDIT -SELINUX -IMA -APPARMOR -SMACK +SYSVINIT -UTMP -LIBCRYPTSETUP -GCRYPT -GNUTLS +ACL +XZ -LZ4 -SECCOMP +BLKID -ELFUTILS +KMOD -IDN)
Jul 19 17:46:20 witherspoon systemd[1]: Detected architecture arm.
Jul 19 17:46:20 witherspoon systemd[1]: Set hostname to <witherspoon>.
Jul 19 17:46:20 witherspoon systemd[1]: [/lib/systemd/system/xyz.openbmc_project.ObjectMapper.service:9] Unknown lvalue '--blacklists' in section 'Service'
Jul 19 17:46:20 witherspoon systemd[1]: Listening on Journal Socket (/dev/log).
Jul 19 17:46:20 witherspoon systemd[1]: Listening on udev Kernel Socket.
Jul 19 17:46:20 witherspoon systemd[1]: Listening on Syslog Socket.
Jul 19 17:46:20 witherspoon systemd[1]: Started Dispatch Password Requests to Console Directory Watch.
Jul 19 17:46:20 witherspoon systemd[1]: Listening on Journal Socket.
Jul 19 17:46:20 witherspoon systemd[1]: Listening on Network Service Netlink Socket.
Jul 19 17:46:20 witherspoon systemd[1]: Starting Remount Root and Kernel File Systems...
Jul 19 17:46:20 witherspoon systemd-journald[545]: Journal started
Jul 19 17:46:20 witherspoon systemd-journald[545]: Runtime journal (/run/log/journal/cc6e1404d87444e8a089dfdb00a18f7d) is 0B, max 0B, 0B free.
Jul 19 17:46:20 witherspoon systemd[1]: Created slice system-op\x2dreset\x2dchassis\x2don.slice.
Jul 19 17:46:20 witherspoon systemd[1]: Created slice system-getty.slice.
Jul 19 17:46:21 witherspoon systemd[1]: Mounting Temporary Directory...
Jul 19 17:46:21 witherspoon systemd[1]: Created slice system-org.openbmc.buttons.Power.slice.
Jul 19 17:46:21 witherspoon systemd[1]: Created slice system-org.openbmc.control.Bmc.slice.
Jul 19 17:46:21 witherspoon systemd[1]: Created slice system-org.openbmc.control.Power.slice.
Jul 19 17:46:22 witherspoon systemd[1]: Mounting Debug File System...
Jul 19 17:46:22 witherspoon systemd[1]: Starting udev Coldplug all Devices...
Jul 19 17:46:22 witherspoon systemd[1]: Created slice system-obmc\x2dconsole.slice.
Jul 19 17:46:24 witherspoon systemd-sysctl[658]: Couldn't write '16' to 'kernel/sysrq', ignoring: No such file or directory
Jul 19 17:46:24 witherspoon systemd-sysctl[658]: Couldn't write 'fq_codel' to 'net/core/default_qdisc', ignoring: No such file or directory
Jul 19 17:46:25 witherspoon systemd[1]: Started Remount Root and Kernel File Systems.
Jul 19 17:46:25 witherspoon systemd[1]: Started Apply Kernel Variables.
Jul 19 17:46:25 witherspoon systemd[1]: Starting Create System Users...
Jul 19 17:46:25 witherspoon systemd[1]: Starting Flush Journal to Persistent Storage...
Jul 19 17:46:26 witherspoon systemd[1]: Started udev Coldplug all Devices.
Jul 19 17:46:27 witherspoon systemd-journald[545]: Runtime journal (/run/log/journal/cc6e1404d87444e8a089dfdb00a18f7d) is 0B, max 0B, 0B free.
Jul 19 17:46:27 witherspoon systemd[1]: Started Flush Journal to Persistent Storage.
Jul 19 17:46:27 witherspoon systemd[1]: Started Create System Users.
Jul 19 17:46:27 witherspoon systemd[1]: Starting Create Static Device Nodes in /dev...
Jul 19 17:46:27 witherspoon systemd[1]: Started Create Static Device Nodes in /dev.
Jul 19 17:46:27 witherspoon systemd[1]: Starting udev Kernel Device Manager...
Jul 19 17:46:27 witherspoon systemd[1]: Reached target Local File Systems (Pre).
Jul 19 17:46:27 witherspoon systemd[1]: Mounting /var/volatile...
Jul 19 17:46:27 witherspoon systemd[1]: Mounted /var/volatile.
Jul 19 17:46:27 witherspoon systemd[1]: Starting Load/Save Random Seed...
Jul 19 17:46:27 witherspoon systemd[1]: Reached target Local File Systems.
Jul 19 17:46:28 witherspoon systemd[1]: Starting Rebuild Journal Catalog...
Jul 19 17:46:28 witherspoon systemd[1]: Starting Create Volatile Files and Directories...
Jul 19 17:46:28 witherspoon systemd[1]: Started Load/Save Random Seed.
Jul 19 17:46:28 witherspoon systemd[1]: Started Rebuild Journal Catalog.
Jul 19 17:46:28 witherspoon systemd[1]: Starting Update is Completed...
Jul 19 17:46:28 witherspoon systemd[1]: Started Update is Completed.
Jul 19 17:46:28 witherspoon systemd-tmpfiles[897]: "/var/tmp" already exists and is not a directory.
Jul 19 17:46:28 witherspoon systemd-tmpfiles[897]: "/var/log" already exists and is not a directory.
Jul 19 17:46:28 witherspoon systemd[1]: Started Create Volatile Files and Directories.
Jul 19 17:46:28 witherspoon systemd[1]: Started udev Kernel Device Manager.
Jul 19 17:46:28 witherspoon systemd[1]: Starting Run pending postinsts...
Jul 19 17:46:28 witherspoon systemd[1]: Starting Network Time Synchronization...
Jul 19 17:46:31 witherspoon systemd[1]: Started Network Time Synchronization.
Jul 19 17:46:31 witherspoon systemd[1]: Found device /dev/aspeed-lpc-ctrl.
Jul 19 17:46:31 witherspoon run-postinsts[908]: Running postinst /etc/rpm-postinsts/libglib-2.0-0...
Jul 19 17:46:31 witherspoon systemd[1]: Found device /dev/aspeed-mbox.
Jul 19 17:46:31 witherspoon systemd[1]: Found device /dev/ttyS4.
Jul 19 17:46:31 witherspoon systemd[1]: Found device /dev/ttyVUART0.
Jul 19 17:46:33 witherspoon systemd[1]: Created slice system-xyz.openbmc_project.led.controller.slice.
Jul 19 17:46:33 witherspoon systemd[1]: dev-hugepages.mount: Couldn't determine result for ConditionVirtualization=!private-users, assuming failed: No such file or directory
Jul 19 17:46:33 witherspoon systemd[1]: Created slice system-xyz.openbmc_project.Hwmon.slice.
Jul 19 17:46:33 witherspoon run-postinsts[908]: rm: can't remove '/etc/rpm-postinsts': Invalid argument
Jul 19 17:46:33 witherspoon run-postinsts[908]:  Removing any system startup links for run-postinsts ...
Jul 19 17:46:33 witherspoon systemd[1]: Reached target System Time Synchronized.
Jul 19 17:46:34 witherspoon systemctl[935]: Removed /etc/systemd/system/sysinit.target.wants/run-postinsts.service.
Jul 19 17:46:34 witherspoon systemd[1]: Reloading.
Jul 19 17:46:35 witherspoon systemd[1]: [/lib/systemd/system/xyz.openbmc_project.ObjectMapper.service:9] Unknown lvalue '--blacklists' in section 'Service'
Jul 19 17:46:36 witherspoon systemd[1]: Started Run pending postinsts.
Jul 19 17:46:36 witherspoon systemd[1]: Reached target System Initialization.
Jul 19 17:46:36 witherspoon systemd[1]: Listening on Avahi mDNS/DNS-SD Stack Activation Socket.
Jul 19 17:46:37 witherspoon systemd[1]: Listening on dropbear.socket.
Jul 19 17:46:37 witherspoon systemd[1]: Listening on phosphor-ipmi-net.socket.
Jul 19 17:46:37 witherspoon systemd[1]: Listening on D-Bus System Message Bus Socket.
Jul 19 17:46:37 witherspoon systemd[1]: Listening on Phosphor Host Console SSH Per-Connection socket.
Jul 19 17:46:37 witherspoon systemd[1]: Listening on Phosphor DBUS Browser socket.
Jul 19 17:46:37 witherspoon systemd[1]: Listening on Phosphor Webserver socket.
Jul 19 17:46:37 witherspoon systemd[1]: Started Daily Cleanup of Temporary Directories.
Jul 19 17:46:37 witherspoon systemd[1]: Reached target Sockets.
Jul 19 17:46:37 witherspoon systemd[1]: Reached target Timers.
Jul 19 17:46:37 witherspoon systemd[1]: Reached target Basic System.
Jul 19 17:46:37 witherspoon systemd[1]: Started D-Bus System Message Bus.
Jul 19 17:46:39 witherspoon systemd[1]: Started Kernel Logging Service.
Jul 19 17:46:39 witherspoon systemd[1]: Started Phosphor Hwmon Poller.
Jul 19 17:46:39 witherspoon kernel[947]: klogd started: BusyBox v1.24.1 (2017-06-16 19:29:08 UTC)
Jul 19 17:46:39 witherspoon kernel[947]: [    0.000000] Booting Linux on physical CPU 0x0
Jul 19 17:46:39 witherspoon kernel[947]: [    0.000000] Linux version 4.10.17-ddfde37e4c473463072ad9e95de4d3db17dc1fb0 (jenkins@openbmc-builder1) (gcc version 6.2.0 (GCC) ) #1 Wed Jul 19 16:13:30 UTC 2017
Jul 19 17:46:39 witherspoon kernel[947]: [    0.000000] CPU: ARMv6-compatible processor [410fb767] revision 7 (ARMv7), cr=00c5387d
Jul 19 17:46:39 witherspoon kernel[947]: [    0.000000] CPU: PIPT / VIPT nonaliasing data cache, VIPT nonaliasing instruction cache
Jul 19 17:46:39 witherspoon kernel[947]: [    0.000000] OF: fdt:Machine model: Witherspoon BMC
Jul 19 17:46:39 witherspoon kernel[947]: [    0.000000] Memory policy: Data cache writeback
Jul 19 17:46:39 witherspoon kernel[947]: [    0.000000] SOC Rev: 04030303
Jul 19 17:46:39 witherspoon kernel[947]: [    0.000000] On node 0 totalpages: 110592
Jul 19 17:46:39 witherspoon kernel[947]: [    0.000000] free_area_init_node: node 0, pgdat 805fd514, node_mem_map 9ec1a000
Jul 19 17:46:39 witherspoon kernel[947]: [    0.000000]   Normal zone: 992 pages used for memmap
Jul 19 17:46:39 witherspoon kernel[947]: [    0.000000]   Normal zone: 0 pages reserved
Jul 19 17:46:39 witherspoon kernel[947]: [    0.000000]   Normal zone: 110592 pages, LIFO batch:31
Jul 19 17:46:39 witherspoon kernel[947]: [    0.000000] pcpu-alloc: s0 r0 d32768 u32768 alloc=1*32768
Jul 19 17:46:39 witherspoon kernel[947]: [    0.000000] pcpu-alloc: [0] 0
Jul 19 17:46:39 witherspoon kernel[947]: [    0.000000] Built 1 zonelists in Zone order, mobility grouping on.  Total pages: 109600
Jul 19 17:46:39 witherspoon kernel[947]: [    0.000000] Kernel command line: console=ttyS4,115200n8 root=/dev/ram rw
Jul 19 17:46:39 witherspoon kernel[947]: [    0.000000] PID hash table entries: 2048 (order: 1, 8192 bytes)
Jul 19 17:46:39 witherspoon kernel[947]: [    0.000000] Dentry cache hash table entries: 65536 (order: 6, 262144 bytes)
Jul 19 17:46:39 witherspoon kernel[947]: [    0.000000] Inode-cache hash table entries: 32768 (order: 5, 131072 bytes)
Jul 19 17:46:39 witherspoon kernel[947]: [    0.000000] Memory: 430448K/442368K available (4063K kernel code, 280K rwdata, 1188K rodata, 284K init, 111K bss, 11920K reserved, 0K cma-reserved)
Jul 19 17:46:39 witherspoon kernel[947]: [    0.000000] Virtual kernel memory layout:
Jul 19 17:46:39 witherspoon kernel[947]: [    0.000000]     vector  : 0xffff0000 - 0xffff1000   (   4 kB)
Jul 19 17:46:39 witherspoon kernel[947]: [    0.000000]     fixmap  : 0xffc00000 - 0xfff00000   (3072 kB)
Jul 19 17:46:39 witherspoon kernel[947]: [    0.000000]     vmalloc : 0x9f800000 - 0xff800000   (1536 MB)
Jul 19 17:46:39 witherspoon kernel[947]: [    0.000000]     lowmem  : 0x80000000 - 0x9f000000   ( 496 MB)
Jul 19 17:46:39 witherspoon kernel[947]: [    0.000000]       .text : 0x80008000 - 0x803fff10   (4064 kB)
Jul 19 17:46:39 witherspoon kernel[947]: [    0.000000]       .init : 0x80583000 - 0x805ca000   ( 284 kB)
Jul 19 17:46:39 witherspoon kernel[947]: [    0.000000]       .data : 0x805ca000 - 0x806102a8   ( 281 kB)
Jul 19 17:46:39 witherspoon kernel[947]: [    0.000000]        .bss : 0x806102a8 - 0x8062c158   ( 112 kB)
Jul 19 17:46:39 witherspoon kernel[947]: [    0.000000] NR_IRQS:16 nr_irqs:16 16
Jul 19 17:46:39 witherspoon kernel[947]: [    0.000000] i2c controller registered, irq 16
Jul 19 17:46:39 witherspoon kernel[947]: [    0.000000] clocksource: moxart_timer: mask: 0xffffffff max_cycles: 0xffffffff, max_idle_ns: 77222644334 ns
Jul 19 17:46:39 witherspoon kernel[947]: [    0.000000] sched_clock: 32 bits at 100 Hz, resolution 10000000ns, wraps every 21474836475000000ns
Jul 19 17:46:39 witherspoon kernel[947]: [    0.090000] Calibrating delay loop... 789.70 BogoMIPS (lpj=3948544)
Jul 19 17:46:39 witherspoon kernel[947]: [    0.090000] pid_max: default: 32768 minimum: 301
Jul 19 17:46:39 witherspoon systemd[1]: Started Phosphor sysfs LED controller.
Jul 19 17:46:39 witherspoon kernel[947]: [    0.090000] Mount-cache hash table entries: 1024 (order: 0, 4096 bytes)
Jul 19 17:46:39 witherspoon systemd[1]: Reached target Containers.
Jul 19 17:46:39 witherspoon kernel[947]: [    0.090000] Mountpoint-cache hash table entries: 1024 (order: 0, 4096 bytes)
Jul 19 17:46:39 witherspoon systemd[1]: Started Phosphor sysfs LED controller.
Jul 19 17:46:39 witherspoon kernel[947]: [    0.090000] CPU: Testing write buffer coherency: ok
Jul 19 17:46:39 witherspoon kernel[947]: [    0.090000] ftrace: allocating 14932 entries in 44 pages
Jul 19 17:46:39 witherspoon kernel[947]: [    0.120000] Setting up static identity map for 0x80008200 - 0x8000825c
Jul 19 17:46:39 witherspoon kernel[947]: [    0.120000] devtmpfs: initialized
Jul 19 17:46:39 witherspoon kernel[947]: [    0.140000] clocksource: jiffies: mask: 0xffffffff max_cycles: 0xffffffff, max_idle_ns: 19112604462750000 ns
Jul 19 17:46:39 witherspoon kernel[947]: [    0.140000] futex hash table entries: 256 (order: -1, 3072 bytes)
Jul 19 17:46:39 witherspoon kernel[947]: [    0.140000] pinctrl core: initialized pinctrl subsystem
Jul 19 17:46:39 witherspoon kernel[947]: [    0.140000] NET: Registered protocol family 16
Jul 19 17:46:39 witherspoon kernel[947]: [    0.140000] DMA: preallocated 256 KiB pool for atomic coherent allocations
Jul 19 17:46:39 witherspoon kernel[947]: [    0.210000] usbcore: registered new interface driver usbfs
Jul 19 17:46:39 witherspoon kernel[947]: [    0.210000] usbcore: registered new interface driver hub
Jul 19 17:46:39 witherspoon kernel[947]: [    0.210000] usbcore: registered new device driver usb
Jul 19 17:46:39 witherspoon kernel[947]: [    0.220000] clocksource: Switched to clocksource moxart_timer
Jul 19 17:46:39 witherspoon kernel[947]: [    0.240000] NET: Registered protocol family 2
Jul 19 17:46:39 witherspoon kernel[947]: [    0.240000] TCP established hash table entries: 4096 (order: 2, 16384 bytes)
Jul 19 17:46:39 witherspoon kernel[947]: [    0.240000] TCP bind hash table entries: 4096 (order: 2, 16384 bytes)
Jul 19 17:46:39 witherspoon kernel[947]: [    0.240000] TCP: Hash tables configured (established 4096 bind 4096)
Jul 19 17:46:39 witherspoon kernel[947]: [    0.240000] UDP hash table entries: 256 (order: 0, 4096 bytes)
Jul 19 17:46:39 witherspoon kernel[947]: [    0.240000] UDP-Lite hash table entries: 256 (order: 0, 4096 bytes)
Jul 19 17:46:39 witherspoon kernel[947]: [    0.240000] NET: Registered protocol family 1
Jul 19 17:46:39 witherspoon kernel[947]: [    0.240000] Trying to unpack rootfs image as initramfs...
Jul 19 17:46:39 witherspoon kernel[947]: [    1.910000] Freeing initrd memory: 1548K
Jul 19 17:46:39 witherspoon kernel[947]: [    1.910000] workingset: timestamp_bits=30 max_order=17 bucket_order=0
Jul 19 17:46:39 witherspoon kernel[947]: [    1.910000] squashfs: version 4.0 (2009/01/31) Phillip Lougher
Jul 19 17:46:39 witherspoon kernel[947]: [    1.910000] jffs2: version 2.2. (SUMMARY)  © 2001-2006 Red Hat, Inc.
Jul 19 17:46:39 witherspoon kernel[947]: [    1.910000] Block layer SCSI generic (bsg) driver version 0.4 loaded (major 250)
Jul 19 17:46:39 witherspoon kernel[947]: [    1.910000] io scheduler noop registered
Jul 19 17:46:39 witherspoon kernel[947]: [    1.910000] io scheduler deadline registered
Jul 19 17:46:39 witherspoon kernel[947]: [    1.910000] io scheduler cfq registered (default)
Jul 19 17:46:39 witherspoon kernel[947]: [    2.060000] ipmi-bt-host 1e789140.ibt: Found bt bmc device
Jul 19 17:46:39 witherspoon kernel[947]: [    2.060000] ipmi-bt-host 1e789140.ibt: Using IRQ 22
Jul 19 17:46:39 witherspoon kernel[947]: [    2.060000] Serial: 8250/16550 driver, 6 ports, IRQ sharing enabled
Jul 19 17:46:39 witherspoon kernel[947]: [    2.060000] 1e783000.serial: ttyS0 at MMIO 0x1e783000 (irq = 23, base_baud = 1500000) is a 16550A
Jul 19 17:46:39 witherspoon kernel[947]: [    2.060000] 1e78d000.serial: ttyS1 at MMIO 0x1e78d000 (irq = 24, base_baud = 1500000) is a 16550A
Jul 19 17:46:39 witherspoon kernel[947]: [    2.060000] 1e784000.serial: ttyS4 at MMIO 0x1e784000 (irq = 25, base_baud = 1500000) is a 16550A
Jul 19 17:46:39 witherspoon kernel[947]: [    2.410000] console [ttyS4] enabled
Jul 19 17:46:39 witherspoon kernel[947]: [    2.410000] 1e787000.vuart: ttyS2 at MMIO 0x1e787000 (irq = 22, base_baud = 1500000) is a 16550A
Jul 19 17:46:39 witherspoon kernel[947]: [    2.600000] timeriomem_rng 1e6e2078.hwrng: 32bits from 0xf00e2078 @ 1us
Jul 19 17:46:40 witherspoon systemd[1]: Starting OpenBMC Software Update Manager...
Jul 19 17:46:39 witherspoon kernel[947]: [    2.610000] random: fast init done
Jul 19 17:46:40 witherspoon systemd[1]: Starting Phosphor Network Manager...
Jul 19 17:46:39 witherspoon kernel[947]: [    2.650000] brd: module loaded
Jul 19 17:46:40 witherspoon systemd[1]: Starting Phosphor Sensor Manager...
Jul 19 17:46:39 witherspoon kernel[947]: [    2.660000] random: crng init done
Jul 19 17:46:40 witherspoon systemd[1]: Starting OpenPower Software Update Manager...
Jul 19 17:46:39 witherspoon kernel[947]: [    2.680000] loop: module loaded
Jul 19 17:46:40 witherspoon systemd[1]: Starting Avahi mDNS/DNS-SD Stack...
Jul 19 17:46:39 witherspoon kernel[947]: [    2.690000] aspeed-lpc-ctrl 1e789080.lpc-ctrl: Loaded at 0x98000000 (0x04000000)
Jul 19 17:46:40 witherspoon systemd[1]: Starting Phosphor Inventory Manager...
Jul 19 17:46:39 witherspoon kernel[947]: [    2.700000] aspeed-smc 1e620000.flash-controller: Using IRQ 18
Jul 19 17:46:41 witherspoon systemd[1]: Started Hardware RNG Entropy Gatherer Daemon.
Jul 19 17:46:39 witherspoon kernel[947]: [    2.700000] aspeed-smc 1e620000.flash-controller: DMA support disabled.
Jul 19 17:46:39 witherspoon kernel[947]: [    2.700000] aspeed-smc 1e620000.flash-controller: mx25l25635e (32768 Kbytes)
Jul 19 17:46:39 witherspoon kernel[947]: [    2.720000] aspeed-smc 1e620000.flash-controller: CE0 window [ 0x20000000 - 0x22000000 ] 32MB
Jul 19 17:46:39 witherspoon kernel[947]: [    2.720000] aspeed-smc 1e620000.flash-controller: CE1 window [ 0x22000000 - 0x2a000000 ] 128MB
Jul 19 17:46:39 witherspoon kernel[947]: [    2.720000] 5 ofpart partitions found on MTD device bmc
Jul 19 17:46:39 witherspoon kernel[947]: [    2.720000] Creating 5 MTD partitions on "bmc":
Jul 19 17:46:39 witherspoon kernel[947]: [    2.750000] 0x000000000000-0x000000060000 : "u-boot"
Jul 19 17:46:39 witherspoon kernel[947]: [    2.750000] 0x000000060000-0x000000080000 : "u-boot-env"
Jul 19 17:46:39 witherspoon kernel[947]: [    2.750000] 0x000000080000-0x0000004c0000 : "kernel"
Jul 19 17:46:39 witherspoon kernel[947]: [    2.750000] 0x0000004c0000-0x000001c00000 : "rofs"
Jul 19 17:46:39 witherspoon kernel[947]: [    2.790000] 0x000001c00000-0x000002000000 : "rwfs"
Jul 19 17:46:39 witherspoon kernel[947]: [    2.790000] aspeed-smc 1e620000.flash-controller: mx25l25635e (32768 Kbytes)
Jul 19 17:46:39 witherspoon kernel[947]: [    2.810000] aspeed-smc 1e620000.flash-controller: CE1 window [ 0x22000000 - 0x24000000 ] 32MB
Jul 19 17:46:39 witherspoon kernel[947]: [    2.810000] aspeed-smc 1e620000.flash-controller: CE2 window [ 0x24000000 - 0x2c000000 ] 128MB
Jul 19 17:46:39 witherspoon kernel[947]: [    2.830000] aspeed-smc 1e630000.flash-controller: mx66l1g45g (131072 Kbytes)
Jul 19 17:46:39 witherspoon kernel[947]: [    2.840000] aspeed-smc 1e630000.flash-controller: CE0 window resized to 120MB (AST2500 HW quirk)
Jul 19 17:46:39 witherspoon kernel[947]: [    2.840000] aspeed-smc 1e630000.flash-controller: CE0 window [ 0x30000000 - 0x37800000 ] 120MB
Jul 19 17:46:39 witherspoon kernel[947]: [    2.840000] aspeed-smc 1e630000.flash-controller: CE0 window too small for chip 128MB
Jul 19 17:46:39 witherspoon kernel[947]: [    2.860000] aspeed-smc 1e630000.flash-controller: CE1 window [ 0x37800000 - 0x38000000 ] 8MB
Jul 19 17:46:39 witherspoon kernel[947]: [    3.610000] libphy: Fixed MDIO Bus: probed
Jul 19 17:46:39 witherspoon kernel[947]: [    3.610000] ftgmac100 1e660000.ethernet: Read MAC address 70:e2:84:14:23:e1 from chip
Jul 19 17:46:39 witherspoon kernel[947]: [    3.610000] ftgmac100 1e660000.ethernet: Using NCSI interface
Jul 19 17:46:39 witherspoon kernel[947]: [    3.610000] ftgmac100 1e660000.ethernet eth0: irq 20, mapped at f0060000
Jul 19 17:46:39 witherspoon kernel[947]: [    3.610000] ehci_hcd: USB 2.0 'Enhanced' Host Controller (EHCI) Driver
Jul 19 17:46:39 witherspoon kernel[947]: [    3.610000] ehci-platform: EHCI generic platform driver
Jul 19 17:46:39 witherspoon kernel[947]: [    3.840000]  fsi0: can't read slave 00:00 -5
Jul 19 17:46:39 witherspoon kernel[947]: [    3.840000] i2c /dev entries driver
Jul 19 17:46:39 witherspoon kernel[947]: [    3.840000] aspeed-i2c-bus 1e78a0c0.i2c-bus: i2c bus 2 registered, irq 26
Jul 19 17:46:39 witherspoon kernel[947]: [    3.840000] aspeed-i2c-bus 1e78a100.i2c-bus: i2c bus 3 registered, irq 27
Jul 19 17:46:39 witherspoon kernel[947]: [    3.840000] aspeed-i2c-bus 1e78a140.i2c-bus: i2c bus 4 registered, irq 28
Jul 19 17:46:39 witherspoon kernel[947]: [    3.840000] aspeed-i2c-bus 1e78a180.i2c-bus: i2c bus 5 registered, irq 29
Jul 19 17:46:39 witherspoon kernel[947]: [    3.840000] aspeed-i2c-bus 1e78a380.i2c-bus: i2c bus 9 registered, irq 30
Jul 19 17:46:39 witherspoon kernel[947]: [    3.840000] aspeed-i2c-bus 1e78a3c0.i2c-bus: i2c bus 10 registered, irq 31
Jul 19 17:46:39 witherspoon kernel[947]: [    3.840000] rtc-rv8803 11-0032: Voltage low, temperature compensation stopped.
Jul 19 17:46:39 witherspoon kernel[947]: [    3.840000] rtc-rv8803 11-0032: An alarm maybe have been missed.
Jul 19 17:46:39 witherspoon kernel[947]: [    3.840000] rtc-rv8803 11-0032: rtc core: registered rx8900 as rtc0
Jul 19 17:46:39 witherspoon kernel[947]: [    3.840000] at24 11-0051: 8192 byte 24c64 EEPROM, writable, 1 bytes/write
Jul 19 17:46:39 witherspoon kernel[947]: [    3.840000] aspeed-i2c-bus 1e78a400.i2c-bus: i2c bus 11 registered, irq 32
Jul 19 17:46:41 witherspoon systemd[1]: Starting Phosphor Network Manager...
Jul 19 17:46:39 witherspoon kernel[947]: [    3.840000] aspeed-i2c-bus 1e78a440.i2c-bus: i2c bus 12 registered, irq 33
Jul 19 17:46:41 witherspoon systemd[1]: Starting Phosphor IPMI BT DBus Bridge...
Jul 19 17:46:39 witherspoon kernel[947]: [    3.840000] aspeed-i2c-bus 1e78a480.i2c-bus: i2c bus 13 registered, irq 34
Jul 19 17:46:41 witherspoon systemd[1]: Starting Phosphor Download Manager...
Jul 19 17:46:39 witherspoon kernel[947]: [    3.980000] Driver for 1-wire Dallas network protocol.
Jul 19 17:46:41 witherspoon systemd[1]: Started Phosphor sysfs LED controller.
Jul 19 17:46:39 witherspoon kernel[947]: [    3.980000] lm75 9-004a: hwmon0: sensor 'tmp275'
Jul 19 17:46:41 witherspoon systemd[1]: Starting Phosphor DBus Service Discovery Manager...
Jul 19 17:46:39 witherspoon kernel[947]: [    4.430000] ucd9000 11-0064: Device ID UCD90160|2.3.4.0000|110603
Jul 19 17:46:41 witherspoon systemd[1]: Starting Phosphor Download Manager...
Jul 19 17:46:39 witherspoon kernel[947]: [    4.750000] leds-pca955x 3-0060: leds-pca955x: Using pca9552 16-bit LED driver at slave address 0x60
Jul 19 17:46:41 witherspoon systemd[1]: Started Phosphor sysfs LED controller.
Jul 19 17:46:39 witherspoon kernel[947]: [    4.770000] leds-pca955x 11-0060: leds-pca955x: Using pca9552 16-bit LED driver at slave address 0x60
Jul 19 17:46:41 witherspoon openpower-update-manager[954]: Error PNOR current version is empty
Jul 19 17:46:39 witherspoon kernel[947]: [    4.790000] leds-pca955x 11-0060: gpios 264...279
Jul 19 17:46:42 witherspoon systemd[1]: Started Phosphor sysfs LED controller.
Jul 19 17:46:39 witherspoon kernel[947]: [    4.790000] usbcore: registered new interface driver usbhid
Jul 19 17:46:43 witherspoon phosphor-network-manager[958]: ConfigParser: Section not found
Jul 19 17:46:39 witherspoon kernel[947]: [    4.800000] usbhid: USB HID core driver
Jul 19 17:46:43 witherspoon phosphor-network-manager[958]: The operation failed internally.
Jul 19 17:46:39 witherspoon kernel[947]: [    4.850000] dps310: probe of 3-0076 failed with error -5
Jul 19 17:46:43 witherspoon phosphor-network-manager[958]: Error in mapper call
Jul 19 17:46:39 witherspoon kernel[947]: [    4.850000] NET: Registered protocol family 10
Jul 19 17:46:43 witherspoon systemd[1]: Starting Phosphor Inventory Manager...
Jul 19 17:46:39 witherspoon kernel[947]: [    4.860000] Segment Routing with IPv6
Jul 19 17:46:43 witherspoon systemd[1]: Starting Phosphor User Manager...
Jul 19 17:46:39 witherspoon kernel[947]: [    4.860000] NET: Registered protocol family 17
Jul 19 17:46:43 witherspoon systemd[1]: Started Phosphor sysfs LED controller.
Jul 19 17:46:39 witherspoon kernel[947]: [    4.860000] 8021q: 802.1Q VLAN Support v1.8
Jul 19 17:46:43 witherspoon systemd[1]: Starting Phosphor BMC0 Control...
Jul 19 17:46:39 witherspoon kernel[947]: [    4.880000] console [netcon0] enabled
Jul 19 17:46:43 witherspoon systemd[1]: Started Phosphor sysfs LED controller.
Jul 19 17:46:39 witherspoon kernel[947]: [    4.880000] netconsole: network logging started
Jul 19 17:46:43 witherspoon systemd[1]: Started Phosphor Hwmon Poller.
Jul 19 17:46:39 witherspoon kernel[947]: [    4.880000] input: gpio-keys as /devices/platform/gpio-keys/input/input0
Jul 19 17:46:43 witherspoon systemd[1]: Started Phosphor Console Muxer listening on device /dev/ttyVUART0.
Jul 19 17:46:39 witherspoon kernel[947]: [    4.900000] rtc-rv8803 11-0032: setting system clock to 2017-07-19 17:46:11 UTC (1500486371)
Jul 19 17:46:43 witherspoon systemd[1]: Started Phosphor Hwmon Poller.
Jul 19 17:46:39 witherspoon kernel[947]: [    4.910000] Freeing unused kernel memory: 284K
Jul 19 17:46:43 witherspoon systemd[1]: Started Phosphor MBOX Daemon.
Jul 19 17:46:39 witherspoon kernel[947]: [    4.910000] This architecture does not have kernel memory protection.
Jul 19 17:46:43 witherspoon systemd[1]: Started Phosphor sysfs LED controller.
Jul 19 17:46:39 witherspoon kernel[947]: [    6.340000] jffs2: notice: (527) jffs2_build_xattr_subsystem: complete building xattr subsystem, 0 of xdatum (0 unchecked, 0 orphan) and 0 of xref (0 dead, 0 orphan) found.
Jul 19 17:46:43 witherspoon systemd[1]: Started Phosphor Dump core monitor..
Jul 19 17:46:39 witherspoon kernel[947]: [    8.510000] systemd[1]: Failed to insert module 'autofs4': No such file or directory
Jul 19 17:46:43 witherspoon systemd[1]: Starting Phosphor LED Group Management Daemon...
Jul 19 17:46:39 witherspoon kernel[947]: [    8.700000] systemd[1]: systemd 232 running in system mode. (+PAM -AUDIT -SELINUX -IMA -APPARMOR -SMACK +SYSVINIT -UTMP -LIBCRYPTSETUP -GCRYPT -GNUTLS +ACL +XZ -LZ4 -SECCOMP +BLKID -ELFUTILS +KMOD -IDN)
Jul 19 17:46:43 witherspoon systemd[1]: Starting Phosphor Dump Manager...
Jul 19 17:46:39 witherspoon kernel[947]: [    8.700000] systemd[1]: Detected architecture arm.
Jul 19 17:46:45 witherspoon systemd[1]: Starting Phosphor Settings Daemon...
Jul 19 17:46:39 witherspoon kernel[947]: [    8.840000] systemd[1]: Set hostname to <witherspoon>.
Jul 19 17:46:45 witherspoon systemd[1]: Started Phosphor sysfs LED controller.
Jul 19 17:46:39 witherspoon kernel[947]: [   10.220000] systemd[1]: [/lib/systemd/system/xyz.openbmc_project.ObjectMapper.service:9] Unknown lvalue '--blacklists' in section 'Service'
Jul 19 17:46:45 witherspoon systemd[1]: Started Phosphor sysfs LED controller.
Jul 19 17:46:39 witherspoon kernel[947]: [   10.470000] systemd[1]: Listening on Journal Socket (/dev/log).
Jul 19 17:46:45 witherspoon systemd[1]: Starting Network Service...
Jul 19 17:46:39 witherspoon kernel[947]: [   10.600000] systemd[1]: Listening on udev Kernel Socket.
Jul 19 17:46:45 witherspoon systemd[1]: Starting Phosphor Log Manager...
Jul 19 17:46:39 witherspoon kernel[947]: [   10.740000] systemd[1]: Listening on Syslog Socket.
Jul 19 17:46:45 witherspoon systemd[1]: Starting Clear one time boot overrides...
Jul 19 17:46:39 witherspoon kernel[947]: [   10.880000] systemd[1]: Started Dispatch Password Requests to Console Directory Watch.
Jul 19 17:46:45 witherspoon systemd[1]: Started Phosphor Hwmon Poller.
Jul 19 17:46:39 witherspoon kernel[947]: [   11.030000] systemd[1]: Listening on Journal Socket.
Jul 19 17:46:45 witherspoon systemd[1]: Started System Logging Service.
Jul 19 17:46:39 witherspoon kernel[947]: [   11.180000] systemd[1]: Listening on Network Service Netlink Socket.
Jul 19 17:46:45 witherspoon systemd[1]: Started Phosphor Hwmon Poller.
Jul 19 17:46:39 witherspoon kernel[947]: [   13.840000] systemd[1]: Starting Remount Root and Kernel File Systems...
Jul 19 17:46:46 witherspoon systemd[1]: Started Phosphor Hwmon Poller.
Jul 19 17:46:39 witherspoon kernel[947]: [   14.070000] systemd[1]: Created slice system-op\x2dreset\x2dchassis\x2don.slice.
Jul 19 17:46:46 witherspoon systemd[1]: Starting Phosphor Chassis0 Control...
Jul 19 17:46:39 witherspoon kernel[947]: [   14.070000] systemd[1]: Created slice system-getty.slice.
Jul 19 17:46:47 witherspoon systemd[1]: Started Clear one time boot overrides.
Jul 19 17:46:39 witherspoon kernel[947]: [   14.300000] systemd[1]: Mounting Temporary Directory...
Jul 19 17:46:47 witherspoon systemd[1]: Started OpenBMC Software Update Manager.
Jul 19 17:46:39 witherspoon kernel[947]: [   14.540000] systemd[1]: Created slice system-org.openbmc.buttons.Power.slice.
Jul 19 17:46:47 witherspoon systemd[1]: Started Phosphor Inventory Manager.
Jul 19 17:46:39 witherspoon kernel[947]: [   14.780000] systemd[1]: Created slice system-org.openbmc.control.Bmc.slice.
Jul 19 17:46:47 witherspoon systemd[1]: Started OpenPower Software Update Manager.
Jul 19 17:46:39 witherspoon kernel[947]: [   15.030000] systemd[1]: Created slice system-org.openbmc.control.Power.slice.
Jul 19 17:46:47 witherspoon systemd[1]: Started Phosphor Download Manager.
Jul 19 17:46:39 witherspoon kernel[947]: [   15.280000] systemd[1]: Mounting Debug File System...
Jul 19 17:46:47 witherspoon systemd[1]: Started Phosphor IPMI BT DBus Bridge.
Jul 19 17:46:39 witherspoon kernel[947]: [   15.540000] systemd[1]: Starting udev Coldplug all Devices...
Jul 19 17:46:47 witherspoon systemd[1]: Started Avahi mDNS/DNS-SD Stack.
Jul 19 17:46:39 witherspoon kernel[947]: [   15.800000] systemd[1]: Created slice system-obmc\x2dconsole.slice.
Jul 19 17:46:47 witherspoon systemd[1]: Starting Hostname Service...
Jul 19 17:46:39 witherspoon kernel[947]: [   20.340000] systemd-journald[545]: Received request to flush runtime journal from PID 1
Jul 19 17:46:47 witherspoon systemd[995]: systemd-hostnamed.service: Failed at step NETWORK spawning /lib/systemd/systemd-hostnamed: Invalid argument
Jul 19 17:46:43 witherspoon avahi-daemon[955]: Found user 'avahi' (UID 999) and group 'avahi' (GID 999).
Jul 19 17:46:48 witherspoon systemd[1]: Starting Phosphor Version Software Manager...
Jul 19 17:46:43 witherspoon avahi-daemon[955]: Successfully dropped root privileges.
Jul 19 17:46:48 witherspoon systemd[1]: systemd-hostnamed.service: Main process exited, code=exited, status=225/NETWORK
Jul 19 17:46:43 witherspoon avahi-daemon[955]: avahi-daemon 0.6.32 starting up.
Jul 19 17:46:48 witherspoon systemd[1]: Failed to start Hostname Service.
Jul 19 17:46:43 witherspoon avahi-daemon[955]: Successfully called chroot().
Jul 19 17:46:48 witherspoon systemd[1]: systemd-hostnamed.service: Unit entered failed state.
Jul 19 17:46:43 witherspoon avahi-daemon[955]: Successfully dropped remaining capabilities.
Jul 19 17:46:48 witherspoon systemd[1]: systemd-hostnamed.service: Failed with result 'exit-code'.
Jul 19 17:46:44 witherspoon avahi-daemon[955]: Loading service file /services/obmc_console.service.
Jul 19 17:46:48 witherspoon systemd[1]: Started Phosphor Settings Daemon.
Jul 19 17:46:44 witherspoon avahi-daemon[955]: Loading service file /services/phosphor_rest.service.
Jul 19 17:46:49 witherspoon systemd[1]: Started Phosphor Dump Manager.
Jul 19 17:46:44 witherspoon avahi-daemon[955]: Loading service file /services/sftp-ssh.service.
Jul 19 17:46:49 witherspoon systemd[1]: Started Phosphor LED Group Management Daemon.
Jul 19 17:46:44 witherspoon avahi-daemon[955]: Loading service file /services/sftp.service.
Jul 19 17:46:49 witherspoon systemd[1]: Started Phosphor Log Manager.
Jul 19 17:46:44 witherspoon avahi-daemon[955]: Loading service file /services/ssh.service.
Jul 19 17:46:50 witherspoon systemd[1]: Started Phosphor Version Software Manager.
Jul 19 17:46:44 witherspoon avahi-daemon[955]: Network interface enumeration completed.
Jul 19 17:46:44 witherspoon avahi-daemon[955]: Server startup complete. Host name is witherspoon.local. Local service cookie is 3957734476.
Jul 19 17:46:44 witherspoon avahi-daemon[955]: Service "witherspoon" (/services/ssh.service) successfully established.
Jul 19 17:46:44 witherspoon avahi-daemon[955]: Service "sftp" (/services/sftp.service) successfully established.
Jul 19 17:46:44 witherspoon avahi-daemon[955]: Service "witherspoon" (/services/sftp-ssh.service) successfully established.
Jul 19 17:46:44 witherspoon avahi-daemon[955]: Service "phosphor_rest" (/services/phosphor_rest.service) successfully established.
Jul 19 17:46:44 witherspoon avahi-daemon[955]: Service "obmc_console" (/services/obmc_console.service) successfully established.
Jul 19 17:46:45 witherspoon dbus[946]: [system] Activating via systemd: service name='org.freedesktop.hostname1' unit='dbus-org.freedesktop.hostname1.service'
Jul 19 17:46:51 witherspoon systemd[1]: Started Phosphor BMC0 Control.
Jul 19 17:46:51 witherspoon systemd-networkd[984]: Enumeration completed
Jul 19 17:46:51 witherspoon systemd[1]: Started Network Service.
Jul 19 17:46:51 witherspoon systemd[1]: Reached target Network.
Jul 19 17:46:51 witherspoon systemd[1]: Starting Permit User Sessions...
Jul 19 17:46:51 witherspoon avahi-daemon[955]: Joining mDNS multicast group on interface eth0.IPv4 with address 9.3.86.161.
Jul 19 17:46:51 witherspoon systemd-networkd[984]: eth0: IPv6 enabled for interface: Success
Jul 19 17:46:51 witherspoon avahi-daemon[955]: New relevant interface eth0.IPv4 for mDNS.
Jul 19 17:46:51 witherspoon systemd[1]: Started Lightweight SLP Server.
Jul 19 17:46:51 witherspoon avahi-daemon[955]: Registering new address record for 9.3.86.161 on eth0.IPv4.
Jul 19 17:46:51 witherspoon systemd-networkd[984]: eth0: Gained carrier
Jul 19 17:46:51 witherspoon systemd-timesyncd[909]: Network configuration changed, trying to establish connection.
Jul 19 17:46:52 witherspoon systemd[1]: Started Permit User Sessions.
Jul 19 17:46:52 witherspoon systemd[1]: Started Serial Getty on ttyS4.
Jul 19 17:46:53 witherspoon avahi-daemon[955]: Joining mDNS multicast group on interface eth0.IPv6 with address fe80::72e2:84ff:fe14:23e1.
Jul 19 17:46:52 witherspoon systemd[1]: Reached target Login Prompts.
Jul 19 17:46:53 witherspoon avahi-daemon[955]: New relevant interface eth0.IPv6 for mDNS.
Jul 19 17:46:52 witherspoon systemd[1]: Reached target Multi-User System.
Jul 19 17:46:53 witherspoon avahi-daemon[955]: Registering new address record for fe80::72e2:84ff:fe14:23e1 on eth0.*.
Jul 19 17:46:53 witherspoon systemd-networkd[984]: eth0: Gained IPv6LL
Jul 19 17:46:56 witherspoon kernel: ftgmac100 1e660000.ethernet eth0: NCSI interface up
Jul 19 17:46:56 witherspoon kernel[947]: [   49.620000] ftgmac100 1e660000.ethernet eth0: NCSI interface up
Jul 19 17:47:04 witherspoon systemd[1]: Started Phosphor Chassis0 Control.
Jul 19 17:47:04 witherspoon chassis_control.py[991]: Running ChassisControlService
Jul 19 17:47:05 witherspoon systemd[1]: Started Phosphor Download Manager.
Jul 19 17:47:05 witherspoon download_manager.py[960]: Running Download Manager
Jul 19 17:47:05 witherspoon systemd[1]: Created slice system-dropbear.slice.
Jul 19 17:47:05 witherspoon systemd[1]: Started SSH Per-Connection Server (9.41.165.94:56456).
Jul 19 17:47:05 witherspoon inventory_items.py[966]: Loading from cache: /var/cache/obmc/org.openbmc.inventory.system.chassis.motherboard.apss@org.openbmc.InventoryItem.props
Jul 19 17:47:05 witherspoon inventory_items.py[966]: Loading from cache: /var/cache/obmc/org.openbmc.inventory.system.chassis.motherboard@org.openbmc.InventoryItem.props
Jul 19 17:47:05 witherspoon inventory_items.py[966]: Loading from cache: /var/cache/obmc/org.openbmc.inventory.system.chassis.motherboard.refclock@org.openbmc.InventoryItem.props
Jul 19 17:47:05 witherspoon inventory_items.py[966]: Loading from cache: /var/cache/obmc/org.openbmc.inventory.system.chassis.motherboard.cpu1.core7@org.openbmc.InventoryItem.props
Jul 19 17:47:05 witherspoon inventory_items.py[966]: Loading from cache: /var/cache/obmc/org.openbmc.inventory.system.chassis.motherboard.cpu1.core4@org.openbmc.InventoryItem.props
Jul 19 17:47:05 witherspoon inventory_items.py[966]: Loading from cache: /var/cache/obmc/org.openbmc.inventory.system.chassis.motherboard.cpu1.core1@org.openbmc.InventoryItem.props
Jul 19 17:47:05 witherspoon inventory_items.py[966]: Loading from cache: /var/cache/obmc/org.openbmc.inventory.system.chassis.motherboard.cpu1.core10@org.openbmc.InventoryItem.props
Jul 19 17:47:06 witherspoon systemd-networkd[984]: eth0: Configured
Jul 19 17:47:06 witherspoon systemd-timesyncd[909]: Network configuration changed, trying to establish connection.
Jul 19 17:47:06 witherspoon sensor_manager2.py[953]: Setting boot count to 3
Jul 19 17:47:06 witherspoon sensor_manager2.py[953]: Starting sensor manager
Jul 19 17:47:06 witherspoon systemd[1]: Started Phosphor Sensor Manager.
Jul 19 17:47:06 witherspoon inventory_items.py[966]: Loading from cache: /var/cache/obmc/org.openbmc.inventory.system.chassis.motherboard.todclock@org.openbmc.InventoryItem.props
Jul 19 17:47:06 witherspoon inventory_items.py[966]: Loading from cache: /var/cache/obmc/org.openbmc.inventory.system.chassis.motherboard.cpu1@org.openbmc.InventoryItem.props
Jul 19 17:47:06 witherspoon inventory_items.py[966]: Loading from cache: /var/cache/obmc/org.openbmc.inventory.system.chassis.motherboard.bmc@org.openbmc.InventoryItem.props
Jul 19 17:47:06 witherspoon inventory_items.py[966]: Caching: /org/openbmc/inventory/system/chassis/motherboard/bmc
Jul 19 17:47:06 witherspoon inventory_items.py[966]: Loading from cache: /var/cache/obmc/org.openbmc.inventory.system.chassis.motherboard.cpu0.core1@org.openbmc.InventoryItem.props
Jul 19 17:47:06 witherspoon inventory_items.py[966]: Loading from cache: /var/cache/obmc/org.openbmc.inventory.system.chassis.motherboard.cpu0.core7@org.openbmc.InventoryItem.props
Jul 19 17:47:06 witherspoon inventory_items.py[966]: Loading from cache: /var/cache/obmc/org.openbmc.inventory.system.chassis.motherboard.cpu0.core4@org.openbmc.InventoryItem.props
Jul 19 17:47:06 witherspoon inventory_items.py[966]: Loading from cache: /var/cache/obmc/org.openbmc.inventory.system.chassis.motherboard.pcieclock@org.openbmc.InventoryItem.props
Jul 19 17:47:07 witherspoon inventory_items.py[966]: Loading from cache: /var/cache/obmc/org.openbmc.inventory.system.chassis.motherboard.cpu0.core10@org.openbmc.InventoryItem.props
Jul 19 17:47:07 witherspoon systemd[1]: Started Phosphor Inventory Manager.
Jul 19 17:47:07 witherspoon inventory_items.py[966]: Running Inventory Manager
Jul 19 17:47:07 witherspoon dropbear[1011]: Failed loading /etc/dropbear/dropbear_dss_host_key
Jul 19 17:47:07 witherspoon dropbear[1011]: Failed loading /etc/dropbear/dropbear_ecdsa_host_key
Jul 19 17:47:07 witherspoon dropbear[1011]: Child connection from ::ffff:9.41.165.94:56456
Jul 19 17:47:07 witherspoon phosphor-mapper[962]: ObjectMapper startup complete.  Discovery in progress...
Jul 19 17:47:08 witherspoon avahi-daemon[971]: ../../avahi-0.6.32/avahi-daemon/chroot.c: open() failed: No such file or directory
Jul 19 17:47:08 witherspoon avahi-daemon[955]: Failed to open /usr/share/dbus-1/interfaces/org.freedesktop.Avahi.Server.xml: Invalid argument
Jul 19 17:47:08 witherspoon avahi-daemon[955]: Failed to load introspection data.
Jul 19 17:47:09 witherspoon dropbear[1011]: PAM password auth succeeded for 'root' from ::ffff:9.41.165.94:56456
Jul 19 17:47:09 witherspoon dropbear[1012]: lastlog_perform_login: Couldn't stat /var/log/lastlog: No such file or directory
Jul 19 17:47:09 witherspoon dropbear[1012]: lastlog_openseek: /var/log/lastlog is not a file or directory!
Jul 19 17:47:10 witherspoon dbus[946]: [system] Failed to activate service 'org.freedesktop.hostname1': timed out
Jul 19 17:47:10 witherspoon phosphor-network-manager[958]: Failed to get hostname
Jul 19 17:47:10 witherspoon phosphor-network-manager[958]: The operation failed internally.
Jul 19 17:47:10 witherspoon phosphor-network-manager[958]: Error in mapper call
Jul 19 17:47:10 witherspoon systemd[1]: Started Phosphor Network Manager.
Jul 19 17:47:11 witherspoon systemd[1]: Started Phosphor Network Manager.
Jul 19 17:47:11 witherspoon netman.py[952]: Started
Jul 19 17:47:11 witherspoon systemd[1]: Started Phosphor User Manager.
Jul 19 17:47:11 witherspoon obmc-phosphor-userd[967]: Started
Jul 19 17:47:23 witherspoon phosphor-mapper[962]: ObjectMapper discovery complete
Jul 19 17:47:23 witherspoon systemd[1]: Started Phosphor DBus Service Discovery Manager.
Jul 19 17:47:23 witherspoon systemd[1]: Reached target Phosphor Object Mapper.
Jul 19 17:47:23 witherspoon systemd[1]: Starting Wait for /xyz/openbmc_project/led/groups/bmc_booted...
Jul 19 17:47:23 witherspoon systemd[1]: Starting Wait for /xyz/openbmc_project/led/groups...
Jul 19 17:47:23 witherspoon systemd[1]: Starting Phoshpor System Manager...
Jul 19 17:47:23 witherspoon systemd[1]: Starting Wait for /org/openbmc/managers/System...
Jul 19 17:47:23 witherspoon systemd[1]: Starting Wait for /xyz/openbmc_project/control/host0...
Jul 19 17:47:23 witherspoon systemd[1]: Starting Wait for /org/openbmc/control/flash/bios...
Jul 19 17:47:23 witherspoon systemd[1]: Started Phosphor DBus Monitor.
Jul 19 17:47:23 witherspoon systemd[1]: Starting Wait for /org/openbmc/control/bmc0...
Jul 19 17:47:23 witherspoon systemd[1]: Starting Wait for /xyz/openbmc_project/state/chassis0...
Jul 19 17:47:23 witherspoon systemd[1]: Starting Wait for /org/openbmc/control/power0...
Jul 19 17:47:23 witherspoon systemd[1]: Starting Wait for /org/openbmc/managers/Download...
Jul 19 17:47:23 witherspoon systemd[1]: Reached target Webserver (pre).
Jul 19 17:47:23 witherspoon systemd[1]: Started Phosphor Webserver.
Jul 19 17:47:25 witherspoon systemd[1]: Starting Wait for /xyz/openbmc_project/inventory...
Jul 19 17:47:25 witherspoon systemd[1]: Starting Phosphor Settings Manager...
Jul 19 17:47:25 witherspoon systemd[1]: Starting Wait for /org/openbmc/NetworkManager/Interface...
Jul 19 17:47:25 witherspoon systemd[1]: Starting Wait for /xyz/openbmc_project/state/host0...
Jul 19 17:47:25 witherspoon systemd[1]: Started Wait for /xyz/openbmc_project/led/groups/bmc_booted.
Jul 19 17:47:25 witherspoon systemd[1]: Started Wait for /xyz/openbmc_project/led/groups.
Jul 19 17:47:25 witherspoon systemd[1]: Started Wait for /org/openbmc/control/bmc0.
Jul 19 17:47:25 witherspoon systemd[1]: Started Wait for /org/openbmc/managers/Download.
Jul 19 17:47:25 witherspoon systemd[1]: Starting Phosphor BIOS Code Update...
Jul 19 17:47:25 witherspoon systemd[1]: Starting Phosphor BMC Code Update...
Jul 19 17:47:25 witherspoon systemd[1]: Started FRU Fault monitor service.
Jul 19 17:47:25 witherspoon systemd[1]: Starting Assert bmc_booted LED...
Jul 19 17:47:26 witherspoon systemd[1]: Started Assert bmc_booted LED.
Jul 19 17:47:27 witherspoon systemd[1]: Started Phosphor BIOS Code Update.
Jul 19 17:47:27 witherspoon systemd[1]: Started Wait for /org/openbmc/NetworkManager/Interface.
Jul 19 17:47:27 witherspoon systemd[1]: Started Phosphor DNS Settings Cache Manager.
Jul 19 17:47:27 witherspoon systemd[1]: Started Wait for /xyz/openbmc_project/inventory.
Jul 19 17:47:27 witherspoon systemd[1]: Starting OpenPOWER OCC controller...
Jul 19 17:47:27 witherspoon systemd[1]: Started Phosphor Cooling Type.
Jul 19 17:47:27 witherspoon systemd[1]: Starting Read OpenPOWER-format VPD from EEPROM...
Jul 19 17:47:29 witherspoon systemd[1]: Started OpenPOWER OCC controller.
Jul 19 17:47:30 witherspoon systemd[1]: Started Wait for /org/openbmc/control/flash/bios.
Jul 19 17:47:31 witherspoon systemd[1]: Started Initialize BIOS Flash.
Jul 19 17:47:33 witherspoon systemd[1]: Started Read OpenPOWER-format VPD from EEPROM.
Jul 19 17:47:35 witherspoon flash_bios.exe[1039]: Starting flasher: bios,,/org/openbmc/control/flash/bios,
Jul 19 17:47:35 witherspoon flash_bios.exe[1039]: flasher: , BMC = 1, address = 0x0
Jul 19 17:47:35 witherspoon flash_bios.exe[1039]: Setting up flash
Jul 19 17:47:35 witherspoon flash_bios.exe[1039]: Starting flasher: bios,,/org/openbmc/control/flash/bios,
Jul 19 17:47:35 witherspoon flash_bios.exe[1039]: flasher: , BMC = 1, address = 0x0
Jul 19 17:47:35 witherspoon flash_bios.exe[1039]: Setting up flash
Jul 19 17:47:38 witherspoon system_manager.py[1020]: Running System State: BASE_APPS
Jul 19 17:47:38 witherspoon system_manager.py[1020]: SystemManager Init Done
Jul 19 17:47:38 witherspoon systemd[1]: Started Phoshpor System Manager.
Jul 19 17:47:38 witherspoon system_manager.py[1020]: Running SystemManager
Jul 19 17:47:38 witherspoon system_manager.py[1020]: SystemManager Goto System State: BMC_STARTING
Jul 19 17:47:38 witherspoon system_manager.py[1020]: Running System State: BMC_STARTING
Jul 19 17:47:39 witherspoon systemd[1]: Started Wait for /org/openbmc/managers/System.
Jul 19 17:47:40 witherspoon bmc_update.py[1040]: Running Bmc Flash Control
Jul 19 17:47:39 witherspoon systemd[1]: Starting Phosphor Host State Manager...
Jul 19 17:47:40 witherspoon systemd[1]: Starting Phosphor Power0 Control...
Jul 19 17:47:40 witherspoon systemd[1]: Starting Phosphor BMC State Manager...
Jul 19 17:47:40 witherspoon systemd[1]: Starting Phosphor Chassis State Manager...
Jul 19 17:47:40 witherspoon systemd[1]: Starting Phosphor Power Button0...
Jul 19 17:47:40 witherspoon systemd[1]: Starting Phosphor Reset Button0...
Jul 19 17:47:40 witherspoon systemd[1]: Started Phosphor BMC Code Update.
Jul 19 17:47:40 witherspoon phosphor-host-state-manager[1069]: Initial Host State will be Off
Jul 19 17:47:40 witherspoon systemd[1]: Started Phosphor Host State Manager.
Jul 19 17:47:41 witherspoon phosphor-chassis-state-manager[1073]: Initial Chassis State will be Off
Jul 19 17:47:41 witherspoon systemd[1]: Started Phosphor Chassis State Manager.
Jul 19 17:47:41 witherspoon phosphor-bmc-state-manager[1072]: Setting the BMCState field
Jul 19 17:47:41 witherspoon phosphor-bmc-state-manager[1072]: Setting the BMCState field
Jul 19 17:47:41 witherspoon systemd[1]: Started Phosphor BMC State Manager.
Jul 19 17:47:41 witherspoon system_manager.py[1020]: New object: /org/openbmc/control/power0 (:1.73)
Jul 19 17:47:42 witherspoon system_manager.py[1020]: Power GPIO config: ['SYS_PWROK_BUFF', '', [('SOFTWARE_PGOOD', True), ('BMC_POWER_UP', True)], [('BMC_CP0_RESET_N', False)], [], 'FSI_DATA', 'FSI_CLK', 'FSI_ENABLE', 'CRONUS_SEL', []]
Jul 19 17:47:42 witherspoon power_control.exe[1071]: Power GPIO latch output:
Jul 19 17:47:42 witherspoon power_control.exe[1071]: Power GPIO power good input: SYS_PWROK_BUFF
Jul 19 17:47:42 witherspoon power_control.exe[1071]: Power GPIO 2 power_up outputs
Jul 19 17:47:42 witherspoon power_control.exe[1071]: Power GPIO power_up[0] = SOFTWARE_PGOOD active HIGH
Jul 19 17:47:42 witherspoon power_control.exe[1071]: Power GPIO power_up[1] = BMC_POWER_UP active HIGH
Jul 19 17:47:42 witherspoon power_control.exe[1071]: Power GPIO 1 reset outputs
Jul 19 17:47:42 witherspoon power_control.exe[1071]: Power GPIO reset[0] = BMC_CP0_RESET_N active LOW
Jul 19 17:47:42 witherspoon power_control.exe[1071]: Power GPIO 0 pci reset outputs
Jul 19 17:47:42 witherspoon power_control.exe[1071]: FSI DATA GPIO: FSI_DATA
Jul 19 17:47:42 witherspoon power_control.exe[1071]: FSI CLK GPIO: FSI_CLK
Jul 19 17:47:42 witherspoon power_control.exe[1071]: FSI ENABLE GPIO: FSI_ENABLE
Jul 19 17:47:42 witherspoon power_control.exe[1071]: CRONUS SEL GPIO: CRONUS_SEL
Jul 19 17:47:42 witherspoon power_control.exe[1071]: Hostctl GPIO optionals: 0
Jul 19 17:47:42 witherspoon button_reset.exe[1075]: GPIO Lookup:  RESET_BUTTON = 353,both
Jul 19 17:47:42 witherspoon systemd[1]: Started Phosphor Reset Button0.
Jul 19 17:47:42 witherspoon button_power.exe[1074]: GPIO Lookup:  POWER_BUTTON = 347,both
Jul 19 17:47:42 witherspoon systemd[1]: Started Phosphor Power Button0.
Jul 19 17:47:42 witherspoon power_control.exe[1071]: GPIO Lookup:  SYS_PWROK_BUFF = 306,in
Jul 19 17:47:43 witherspoon power_control.exe[1071]: GPIO Lookup:  SOFTWARE_PGOOD = 417,out
Jul 19 17:47:43 witherspoon power_control.exe[1071]: GPIO Lookup:  BMC_POWER_UP = 305,out
Jul 19 17:47:43 witherspoon power_control.exe[1071]: GPIO Lookup:  BMC_CP0_RESET_N = 281,out
Jul 19 17:47:43 witherspoon power_control.exe[1071]: Pgood state: 0
Jul 19 17:47:43 witherspoon systemd[1]: Started Phosphor Power0 Control.
Jul 19 17:47:44 witherspoon settings_manager.py[1036]: Running HostSettingsService
Jul 19 17:47:44 witherspoon systemd[1]: Started Phosphor Settings Manager.
Jul 19 17:47:44 witherspoon systemd[1]: Starting Wait for /org/openbmc/settings/host0...
Jul 19 17:47:46 witherspoon avahi-daemon[955]: Withdrawing address record for 9.3.86.161 on eth0.
Jul 19 17:47:46 witherspoon avahi-daemon[955]: Host name conflict, retrying with witherspoon-2
Jul 19 17:47:46 witherspoon avahi-daemon[955]: Registering new address record for fe80::72e2:84ff:fe14:23e1 on eth0.*.
Jul 19 17:47:46 witherspoon avahi-daemon[955]: Registering new address record for 9.3.86.161 on eth0.IPv4.
Jul 19 17:47:47 witherspoon avahi-daemon[955]: Withdrawing address record for 9.3.86.161 on eth0.
Jul 19 17:47:47 witherspoon avahi-daemon[955]: Host name conflict, retrying with witherspoon-3
Jul 19 17:47:47 witherspoon avahi-daemon[955]: Registering new address record for fe80::72e2:84ff:fe14:23e1 on eth0.*.
Jul 19 17:47:47 witherspoon avahi-daemon[955]: Registering new address record for 9.3.86.161 on eth0.IPv4.
Jul 19 17:47:48 witherspoon avahi-daemon[955]: Withdrawing address record for 9.3.86.161 on eth0.
Jul 19 17:47:48 witherspoon avahi-daemon[955]: Host name conflict, retrying with witherspoon-4
Jul 19 17:47:48 witherspoon avahi-daemon[955]: Registering new address record for fe80::72e2:84ff:fe14:23e1 on eth0.*.
Jul 19 17:47:48 witherspoon avahi-daemon[955]: Registering new address record for 9.3.86.161 on eth0.IPv4.
Jul 19 17:47:49 witherspoon systemd[1]: Started Wait for /xyz/openbmc_project/state/host0.
Jul 19 17:47:49 witherspoon avahi-daemon[955]: Withdrawing address record for 9.3.86.161 on eth0.
Jul 19 17:47:49 witherspoon avahi-daemon[955]: Host name conflict, retrying with witherspoon-5
Jul 19 17:47:49 witherspoon avahi-daemon[955]: Registering new address record for fe80::72e2:84ff:fe14:23e1 on eth0.*.
Jul 19 17:47:49 witherspoon avahi-daemon[955]: Registering new address record for 9.3.86.161 on eth0.IPv4.
Jul 19 17:47:49 witherspoon systemd[1]: Started Wait for /xyz/openbmc_project/state/chassis0.
Jul 19 17:47:49 witherspoon system_manager.py[1020]: SystemManager Goto System State: BMC_READY
Jul 19 17:47:49 witherspoon system_manager.py[1020]: Running System State: BMC_READY
Jul 19 17:47:49 witherspoon systemd[1]: Started Wait for /org/openbmc/control/power0.
Jul 19 17:47:49 witherspoon systemd[1]: Starting Check Chassis0 pgood and create a file to indicate it...
Jul 19 17:47:50 witherspoon avahi-daemon[955]: Withdrawing address record for 9.3.86.161 on eth0.
Jul 19 17:47:50 witherspoon avahi-daemon[955]: Host name conflict, retrying with witherspoon-6
Jul 19 17:47:50 witherspoon avahi-daemon[955]: Registering new address record for fe80::72e2:84ff:fe14:23e1 on eth0.*.
Jul 19 17:47:50 witherspoon avahi-daemon[955]: Registering new address record for 9.3.86.161 on eth0.IPv4.
Jul 19 17:47:50 witherspoon systemd[1]: Started Wait for /org/openbmc/settings/host0.
Jul 19 17:47:50 witherspoon systemd[1]: Starting Reboot If Enabled...
Jul 19 17:47:50 witherspoon systemd[1]: Starting Phosphor Time Manager daemon...
Jul 19 17:47:50 witherspoon systemd[1]: Started Phosphor Inband IPMI.
Jul 19 17:47:51 witherspoon systemd[1]: Started Check Chassis0 pgood and create a file to indicate it.
Jul 19 17:47:51 witherspoon systemd[1]: Reached target Chassis0 power on after reset.
Jul 19 17:47:51 witherspoon systemd[1]: Reached target Chassis0 (Reset Check).
Jul 19 17:47:51 witherspoon avahi-daemon[955]: Withdrawing address record for 9.3.86.161 on eth0.
Jul 19 17:47:51 witherspoon avahi-daemon[955]: Host name conflict, retrying with witherspoon-7
Jul 19 17:47:51 witherspoon avahi-daemon[955]: Registering new address record for fe80::72e2:84ff:fe14:23e1 on eth0.*.
Jul 19 17:47:51 witherspoon avahi-daemon[955]: Registering new address record for 9.3.86.161 on eth0.IPv4.
Jul 19 17:47:51 witherspoon timemanager[1110]: Registering dbus methods
Jul 19 17:47:51 witherspoon timemanager[1110]: Last known time_mode: NTP
Jul 19 17:47:51 witherspoon timemanager[1110]: Last known time_owner: BMC
Jul 19 17:47:51 witherspoon timemanager[1110]: Empty DhcpNtp string
Jul 19 17:47:51 witherspoon timemanager[1110]: Reading Power Control key: pgood
Jul 19 17:47:52 witherspoon timemanager[1110]: Changing settings *allowed* now
Jul 19 17:47:52 witherspoon phosphor-discover-system-state[1109]: Host power is off, checking power policy
Jul 19 17:47:52 witherspoon avahi-daemon[955]: Withdrawing address record for 9.3.86.161 on eth0.
Jul 19 17:47:52 witherspoon timemanager[1110]: Getting System Settings: time_mode
Jul 19 17:47:52 witherspoon timemanager[1110]: Requested_Mode: NTP Current_Mode: NTP
Jul 19 17:47:52 witherspoon timemanager[1110]: Mode is already set to : NTP
Jul 19 17:47:52 witherspoon timemanager[1110]: Getting System Settings: time_owner
Jul 19 17:47:52 witherspoon timemanager[1110]: Owner is already set to : BMC
Jul 19 17:47:52 witherspoon timemanager[1110]: Getting System Settings: use_dhcp_ntp
Jul 19 17:47:52 witherspoon timemanager[1110]: use_dhcp_ntp = yes
Jul 19 17:47:52 witherspoon timemanager[1110]: Last known host_offset:0
Jul 19 17:47:52 witherspoon timemanager[1110]: Initial Uptime Usec: 1500486366596761
Jul 19 17:47:52 witherspoon systemd[1]: Started Reboot If Enabled.
Jul 19 17:47:52 witherspoon avahi-daemon[955]: Host name conflict, retrying with witherspoon-8
Jul 19 17:47:52 witherspoon systemd[1]: Started Phosphor Time Manager daemon.
Jul 19 17:47:52 witherspoon avahi-daemon[955]: Registering new address record for fe80::72e2:84ff:fe14:23e1 on eth0.*.
Jul 19 17:47:52 witherspoon avahi-daemon[955]: Registering new address record for 9.3.86.161 on eth0.IPv4.
Jul 19 17:47:53 witherspoon avahi-daemon[955]: Withdrawing address record for 9.3.86.161 on eth0.
Jul 19 17:47:53 witherspoon avahi-daemon[955]: Host name conflict, retrying with witherspoon-9
Jul 19 17:47:53 witherspoon avahi-daemon[955]: Registering new address record for fe80::72e2:84ff:fe14:23e1 on eth0.*.
Jul 19 17:47:53 witherspoon avahi-daemon[955]: Registering new address record for 9.3.86.161 on eth0.IPv4.
Jul 19 17:47:53 witherspoon systemd[1]: Started Wait for /xyz/openbmc_project/control/host0.
Jul 19 17:47:53 witherspoon systemd[1]: Reached target Host0 running after reset.
Jul 19 17:47:53 witherspoon systemd[1]: Reached target Host0 (Reset Check).
Jul 19 17:47:53 witherspoon systemd[1]: Reached target Phosphor System - Standby.
Jul 19 17:47:53 witherspoon systemd[1]: Startup finished in 8.359s (kernel) + 1min 38.541s (userspace) = 1min 46.900s.
Jul 19 17:47:53 witherspoon phosphor-bmc-state-manager[1072]: BMC_READY
Jul 19 17:47:53 witherspoon phosphor-bmc-state-manager[1072]: Setting the BMCState field
Jul 19 17:47:54 witherspoon avahi-daemon[955]: Withdrawing address record for 9.3.86.161 on eth0.
Jul 19 17:47:54 witherspoon avahi-daemon[955]: Host name conflict, retrying with witherspoon-10
Jul 19 17:47:54 witherspoon avahi-daemon[955]: Registering new address record for fe80::72e2:84ff:fe14:23e1 on eth0.*.
Jul 19 17:47:54 witherspoon avahi-daemon[955]: Registering new address record for 9.3.86.161 on eth0.IPv4.
Jul 19 17:47:55 witherspoon avahi-daemon[955]: Withdrawing address record for 9.3.86.161 on eth0.
Jul 19 17:47:55 witherspoon avahi-daemon[955]: Host name conflict, retrying with witherspoon-11
Jul 19 17:47:55 witherspoon avahi-daemon[955]: Registering new address record for fe80::72e2:84ff:fe14:23e1 on eth0.*.
Jul 19 17:47:55 witherspoon avahi-daemon[955]: Registering new address record for 9.3.86.161 on eth0.IPv4.
Jul 19 17:47:56 witherspoon avahi-daemon[955]: Withdrawing address record for 9.3.86.161 on eth0.
Jul 19 17:47:56 witherspoon avahi-daemon[955]: Host name conflict, retrying with witherspoon-12
Jul 19 17:47:56 witherspoon avahi-daemon[955]: Registering new address record for fe80::72e2:84ff:fe14:23e1 on eth0.*.
Jul 19 17:47:56 witherspoon avahi-daemon[955]: Registering new address record for 9.3.86.161 on eth0.IPv4.
Jul 19 17:47:57 witherspoon avahi-daemon[955]: Withdrawing address record for 9.3.86.161 on eth0.
Jul 19 17:47:57 witherspoon avahi-daemon[955]: Host name conflict, retrying with witherspoon-13
Jul 19 17:47:57 witherspoon avahi-daemon[955]: Registering new address record for fe80::72e2:84ff:fe14:23e1 on eth0.*.
Jul 19 17:47:57 witherspoon avahi-daemon[955]: Registering new address record for 9.3.86.161 on eth0.IPv4.
Jul 19 17:47:57 witherspoon phosphor-gevent[1029]: Traceback (most recent call last):
Jul 19 17:47:57 witherspoon phosphor-gevent[1029]:   File "/usr/lib/python2.7/site-packages/gevent/greenlet.py", line 327, in run
Jul 19 17:47:57 witherspoon phosphor-gevent[1029]:     result = self._run(*self.args, **self.kwargs)
Jul 19 17:47:57 witherspoon phosphor-gevent[1029]:   File "/usr/lib/python2.7/site-packages/gevent/server.py", line 102, in wrap_socket_and_handle
Jul 19 17:47:57 witherspoon phosphor-gevent[1029]:     ssl_socket = self.wrap_socket(client_socket, **self.ssl_args)
Jul 19 17:47:57 witherspoon phosphor-gevent[1029]:   File "/usr/lib/python2.7/site-packages/gevent/ssl.py", line 404, in wrap_socket
Jul 19 17:47:57 witherspoon phosphor-gevent[1029]:     ciphers=ciphers)
Jul 19 17:47:57 witherspoon phosphor-gevent[1029]:   File "/usr/lib/python2.7/site-packages/gevent/ssl.py", line 113, in __init__
Jul 19 17:47:57 witherspoon phosphor-gevent[1029]:     self.do_handshake()
Jul 19 17:47:57 witherspoon phosphor-gevent[1029]:   File "/usr/lib/python2.7/site-packages/gevent/ssl.py", line 324, in do_handshake
Jul 19 17:47:57 witherspoon phosphor-gevent[1029]:     return self._sslobj.do_handshake()
Jul 19 17:47:57 witherspoon phosphor-gevent[1029]: SSLEOFError: EOF occurred in violation of protocol (_ssl.c:590)
Jul 19 17:47:57 witherspoon phosphor-gevent[1029]: <Greenlet at 0x760ac3f0: <bound method WSGIServer.wrap_socket_and_handle of <WSGIServer at 0x76082b50 fileno=5 address=('::3462:f976:b03d:6f76%1987001760', 443, 0, 1987001760)>>(<socket at 0x75f59830 fileno=9>, ('::8049:6d76:8e91:f402%1995983644', 42036, 0, 199)> failed with SSLEOFError
Jul 19 17:47:58 witherspoon phosphor-gevent[1029]: Traceback (most recent call last):
Jul 19 17:47:58 witherspoon phosphor-gevent[1029]:   File "/usr/lib/python2.7/site-packages/gevent/greenlet.py", line 327, in run
Jul 19 17:47:58 witherspoon phosphor-gevent[1029]:     result = self._run(*self.args, **self.kwargs)
Jul 19 17:47:58 witherspoon phosphor-gevent[1029]:   File "/usr/lib/python2.7/site-packages/gevent/server.py", line 102, in wrap_socket_and_handle
Jul 19 17:47:58 witherspoon phosphor-gevent[1029]:     ssl_socket = self.wrap_socket(client_socket, **self.ssl_args)
Jul 19 17:47:58 witherspoon phosphor-gevent[1029]:   File "/usr/lib/python2.7/site-packages/gevent/ssl.py", line 404, in wrap_socket
Jul 19 17:47:58 witherspoon phosphor-gevent[1029]:     ciphers=ciphers)
Jul 19 17:47:58 witherspoon phosphor-gevent[1029]:   File "/usr/lib/python2.7/site-packages/gevent/ssl.py", line 113, in __init__
Jul 19 17:47:58 witherspoon phosphor-gevent[1029]:     self.do_handshake()
Jul 19 17:47:58 witherspoon phosphor-gevent[1029]:   File "/usr/lib/python2.7/site-packages/gevent/ssl.py", line 324, in do_handshake
Jul 19 17:47:58 witherspoon phosphor-gevent[1029]:     return self._sslobj.do_handshake()
Jul 19 17:47:58 witherspoon phosphor-gevent[1029]: SSLEOFError: EOF occurred in violation of protocol (_ssl.c:590)
Jul 19 17:47:58 witherspoon phosphor-gevent[1029]: <Greenlet at 0x760ac6c0: <bound method WSGIServer.wrap_socket_and_handle of <WSGIServer at 0x76082b50 fileno=5 address=('::3462:f976:b03d:6f76%1987001760', 443, 0, 1987001760)>>(<socket at 0x75f597d0 fileno=10>, ('::8049:6d76:8e91:f402%1995983644', 42042, 0, 199)> failed with SSLEOFError
Jul 19 17:47:58 witherspoon phosphor-gevent[1029]: ::8049:6d76:8e91:f402%1995983644 - - [2017-07-19 17:47:58] "POST /login HTTP/1.1" 200 320 0.045793
Jul 19 17:47:58 witherspoon avahi-daemon[955]: Withdrawing address record for 9.3.86.161 on eth0.
Jul 19 17:47:58 witherspoon avahi-daemon[955]: Host name conflict, retrying with witherspoon-14
Jul 19 17:47:58 witherspoon avahi-daemon[955]: Registering new address record for fe80::72e2:84ff:fe14:23e1 on eth0.*.
Jul 19 17:47:58 witherspoon avahi-daemon[955]: Registering new address record for 9.3.86.161 on eth0.IPv4.
Jul 19 17:47:58 witherspoon phosphor-gevent[1029]: ::8049:6d76:8e91:f402%1995983644 - - [2017-07-19 17:47:58] "GET /xyz/openbmc_project/state/chassis0//attr/CurrentPowerState HTTP/1.1" 200 216 0.059152
Jul 19 17:47:58 witherspoon phosphor-gevent[1029]: ::8049:6d76:8e91:f402%1995983644 - - [2017-07-19 17:47:58] "POST /login HTTP/1.1" 200 320 0.032721
Jul 19 17:47:58 witherspoon phosphor-gevent[1029]: ::8049:6d76:8e91:f402%1995983644 - - [2017-07-19 17:47:58] "GET /xyz/openbmc_project/state/chassis0//attr/CurrentPowerState HTTP/1.1" 200 216 0.050222
Jul 19 17:47:58 witherspoon phosphor-gevent[1029]: ::8049:6d76:8e91:f402%1995983644 - - [2017-07-19 17:47:58] "POST /login HTTP/1.1" 200 320 0.032847
Jul 19 17:47:59 witherspoon phosphor-gevent[1029]: ::8049:6d76:8e91:f402%1995983644 - - [2017-07-19 17:47:59] "GET /org/openbmc/sensors/host/BootProgress/attr/value HTTP/1.1" 200 170 0.077745
Jul 19 17:47:59 witherspoon phosphor-gevent[1029]: ::8049:6d76:8e91:f402%1995983644 - - [2017-07-19 17:47:59] "POST /login HTTP/1.1" 200 320 0.033655
Jul 19 17:47:59 witherspoon phosphor-gevent[1029]: ::8049:6d76:8e91:f402%1995983644 - - [2017-07-19 17:47:59] "GET /xyz/openbmc_project/state/host0//attr/CurrentHostState HTTP/1.1" 200 212 0.049052
Jul 19 17:47:59 witherspoon avahi-daemon[955]: Withdrawing address record for 9.3.86.161 on eth0.
Jul 19 17:47:59 witherspoon avahi-daemon[955]: Host name conflict, retrying with witherspoon-15
Jul 19 17:47:59 witherspoon avahi-daemon[955]: Registering new address record for fe80::72e2:84ff:fe14:23e1 on eth0.*.
Jul 19 17:47:59 witherspoon avahi-daemon[955]: Registering new address record for 9.3.86.161 on eth0.IPv4.
Jul 19 17:47:59 witherspoon phosphor-gevent[1029]: ::8049:6d76:8e91:f402%1995983644 - - [2017-07-19 17:47:59] "POST /login HTTP/1.1" 200 320 0.033901
Jul 19 17:47:59 witherspoon phosphor-gevent[1029]: ::8049:6d76:8e91:f402%1995983644 - - [2017-07-19 17:47:59] "GET /xyz/openbmc_project/logging/entry//list HTTP/1.1" 404 311 0.029766
Jul 19 17:47:59 witherspoon dropbear[1011]: Exit (root): Exited normally
Jul 19 17:47:59 witherspoon systemd[1]: Started SSH Per-Connection Server (9.41.165.94:56510).
Jul 19 17:47:59 witherspoon dropbear[1122]: Failed loading /etc/dropbear/dropbear_dss_host_key
Jul 19 17:47:59 witherspoon dropbear[1122]: Failed loading /etc/dropbear/dropbear_ecdsa_host_key
Jul 19 17:47:59 witherspoon dropbear[1122]: Child connection from ::ffff:9.41.165.94:56510
Jul 19 17:48:00 witherspoon avahi-daemon[955]: Withdrawing address record for 9.3.86.161 on eth0.
Jul 19 17:48:00 witherspoon avahi-daemon[955]: Host name conflict, retrying with witherspoon-16
Jul 19 17:48:00 witherspoon avahi-daemon[955]: Registering new address record for fe80::72e2:84ff:fe14:23e1 on eth0.*.
Jul 19 17:48:00 witherspoon avahi-daemon[955]: Registering new address record for 9.3.86.161 on eth0.IPv4.
Jul 19 17:48:00 witherspoon dropbear[1122]: PAM password auth succeeded for 'root' from ::ffff:9.41.165.94:56510
Jul 19 17:48:00 witherspoon dropbear[1123]: lastlog_perform_login: Couldn't stat /var/log/lastlog: No such file or directory
Jul 19 17:48:00 witherspoon dropbear[1123]: lastlog_openseek: /var/log/lastlog is not a file or directory!
Jul 19 17:48:01 witherspoon phosphor-gevent[1029]: ::8049:6d76:8e91:f402%1995983644 - - [2017-07-19 17:48:01] "POST /login HTTP/1.1" 200 320 0.032849
Jul 19 17:48:01 witherspoon phosphor-gevent[1029]: ::8049:6d76:8e91:f402%1995983644 - - [2017-07-19 17:48:01] "GET /xyz/openbmc_project/state/host0//attr/CurrentHostState HTTP/1.1" 200 212 0.051313
Jul 19 17:48:02 witherspoon dropbear[1122]: Exit (root): Exited normally
Jul 19 17:48:04 witherspoon systemd[1]: Started SSH Per-Connection Server (9.41.165.94:52350).
Jul 19 17:48:05 witherspoon dropbear[1132]: Failed loading /etc/dropbear/dropbear_dss_host_key
Jul 19 17:48:05 witherspoon dropbear[1132]: Failed loading /etc/dropbear/dropbear_ecdsa_host_key
Jul 19 17:48:05 witherspoon dropbear[1132]: Child connection from ::ffff:9.41.165.94:52350
Jul 19 17:48:05 witherspoon dropbear[1132]: PAM password auth succeeded for 'root' from ::ffff:9.41.165.94:52350
Jul 19 17:48:05 witherspoon dropbear[1133]: lastlog_perform_login: Couldn't stat /var/log/lastlog: No such file or directory
Jul 19 17:48:05 witherspoon dropbear[1133]: lastlog_openseek: /var/log/lastlog is not a file or directory!
Jul 19 17:48:07 witherspoon phosphor-gevent[1029]: ::8049:6d76:8e91:f402%1995983644 - - [2017-07-19 17:48:07] "POST /login HTTP/1.1" 200 320 0.042840
Jul 19 17:48:07 witherspoon phosphor-gevent[1029]: ::8049:6d76:8e91:f402%1995983644 - - [2017-07-19 17:48:07] "PUT /org/openbmc/settings/host0/attr/power_policy HTTP/1.1" 200 169 0.214021
Jul 19 17:48:07 witherspoon phosphor-gevent[1029]: ::8049:6d76:8e91:f402%1995983644 - - [2017-07-19 17:48:07] "POST /login HTTP/1.1" 200 320 0.033186
Jul 19 17:48:07 witherspoon phosphor-gevent[1029]: ::8049:6d76:8e91:f402%1995983644 - - [2017-07-19 17:48:07] "GET /org/openbmc/settings/host0/attr/power_policy HTTP/1.1" 200 185 0.081341
Jul 19 17:48:07 witherspoon systemd[1]: Started SSH Per-Connection Server (9.41.165.94:52356).
Jul 19 17:48:08 witherspoon dropbear[1139]: Failed loading /etc/dropbear/dropbear_dss_host_key
Jul 19 17:48:08 witherspoon dropbear[1139]: Failed loading /etc/dropbear/dropbear_ecdsa_host_key
Jul 19 17:48:08 witherspoon dropbear[1139]: Child connection from ::ffff:9.41.165.94:52356
Jul 19 17:48:08 witherspoon dropbear[1139]: PAM password auth succeeded for 'root' from ::ffff:9.41.165.94:52356
Jul 19 17:48:08 witherspoon dropbear[1140]: lastlog_perform_login: Couldn't stat /var/log/lastlog: No such file or directory
Jul 19 17:48:08 witherspoon dropbear[1140]: lastlog_openseek: /var/log/lastlog is not a file or directory!
Jul 19 17:48:09 witherspoon phosphor-gevent[1029]: ::8049:6d76:8e91:f402%1995983644 - - [2017-07-19 17:48:09] "POST /login HTTP/1.1" 200 320 0.032574
Jul 19 17:48:09 witherspoon phosphor-gevent[1029]: ::8049:6d76:8e91:f402%1995983644 - - [2017-07-19 17:48:09] "GET /xyz/openbmc_project/state/chassis0//attr/CurrentPowerState HTTP/1.1" 200 216 0.049808
Jul 19 17:48:10 witherspoon phosphor-gevent[1029]: ::8049:6d76:8e91:f402%1995983644 - - [2017-07-19 17:48:10] "POST /login HTTP/1.1" 200 320 0.032737
Jul 19 17:48:10 witherspoon phosphor-gevent[1029]: ::8049:6d76:8e91:f402%1995983644 - - [2017-07-19 17:48:10] "GET /xyz/openbmc_project/state/bmc0//attr/CurrentBMCState HTTP/1.1" 200 212 0.049342
Jul 19 17:48:10 witherspoon phosphor-gevent[1029]: ::8049:6d76:8e91:f402%1995983644 - - [2017-07-19 17:48:10] "POST /login HTTP/1.1" 200 320 0.032788
Jul 19 17:48:10 witherspoon phosphor-gevent[1029]: ::8049:6d76:8e91:f402%1995983644 - - [2017-07-19 17:48:10] "GET /org/openbmc/sensors/host/BootProgress/attr/value HTTP/1.1" 200 170 0.068847
Jul 19 17:48:10 witherspoon phosphor-gevent[1029]: ::8049:6d76:8e91:f402%1995983644 - - [2017-07-19 17:48:10] "POST /login HTTP/1.1" 200 320 0.042903
Jul 19 17:48:10 witherspoon phosphor-gevent[1029]: ::8049:6d76:8e91:f402%1995983644 - - [2017-07-19 17:48:10] "GET /xyz/openbmc_project/state/host0//attr/CurrentHostState HTTP/1.1" 200 212 0.049238
Jul 19 17:48:10 witherspoon phosphor-gevent[1029]: ::8049:6d76:8e91:f402%1995983644 - - [2017-07-19 17:48:10] "POST /login HTTP/1.1" 200 320 0.032884
Jul 19 17:48:11 witherspoon phosphor-gevent[1029]: ::8049:6d76:8e91:f402%1995983644 - - [2017-07-19 17:48:11] "GET /xyz/openbmc_project/logging/entry//list HTTP/1.1" 404 311 0.029149
Jul 19 17:48:11 witherspoon systemd[1]: Started SSH Per-Connection Server (9.41.165.94:52382).
Jul 19 17:48:11 witherspoon dropbear[1143]: Failed loading /etc/dropbear/dropbear_dss_host_key
Jul 19 17:48:11 witherspoon dropbear[1143]: Failed loading /etc/dropbear/dropbear_ecdsa_host_key
Jul 19 17:48:11 witherspoon dropbear[1143]: Child connection from ::ffff:9.41.165.94:52382
Jul 19 17:48:11 witherspoon dropbear[1143]: PAM password auth succeeded for 'root' from ::ffff:9.41.165.94:52382
Jul 19 17:48:20 witherspoon avahi-daemon[955]: Withdrawing address record for 9.3.86.161 on eth0.
Jul 19 17:48:20 witherspoon avahi-daemon[955]: Host name conflict, retrying with witherspoon-17
Jul 19 17:48:20 witherspoon avahi-daemon[955]: Registering new address record for fe80::72e2:84ff:fe14:23e1 on eth0.*.
Jul 19 17:48:20 witherspoon avahi-daemon[955]: Registering new address record for 9.3.86.161 on eth0.IPv4.
Jul 19 17:48:40 witherspoon phosphor-gevent[1029]: ::8049:6d76:8e91:f402%1995983644 - - [2017-07-19 17:48:40] "POST /login HTTP/1.1" 200 320 0.039921
Jul 19 17:48:40 witherspoon phosphor-gevent[1029]: ::8049:6d76:8e91:f402%1995983644 - - [2017-07-19 17:48:40] "POST /org/openbmc/control/flash/bios//action/update HTTP/1.1" 200 169 0.266635
Jul 19 17:48:40 witherspoon avahi-daemon[955]: Withdrawing address record for 9.3.86.161 on eth0.
Jul 19 17:48:40 witherspoon avahi-daemon[955]: Host name conflict, retrying with witherspoon-18
Jul 19 17:48:40 witherspoon avahi-daemon[955]: Registering new address record for fe80::72e2:84ff:fe14:23e1 on eth0.*.
Jul 19 17:48:40 witherspoon avahi-daemon[955]: Registering new address record for 9.3.86.161 on eth0.IPv4.
Jul 19 17:48:40 witherspoon flash_bios.exe[1039]: Starting flasher: bios,/tmp/witherspoon_20170704n.pnor,/org/openbmc/control/flash/bios,
Jul 19 17:48:40 witherspoon flash_bios.exe[1039]: flasher: /tmp/witherspoon_20170704n.pnor, BMC = 1, address = 0x0
Jul 19 17:48:40 witherspoon flash_bios.exe[1039]: Setting up flash
Jul 19 17:48:40 witherspoon phosphor-gevent[1029]: ::8049:6d76:8e91:f402%1995983644 - - [2017-07-19 17:48:40] "POST /login HTTP/1.1" 200 320 0.113931
Jul 19 17:48:41 witherspoon phosphor-gevent[1029]: ::8049:6d76:8e91:f402%1995983644 - - [2017-07-19 17:48:41] "GET /org/openbmc/control/flash/bios HTTP/1.1" 200 396 0.163501
Jul 19 17:48:41 witherspoon phosphor-gevent[1029]: ::8049:6d76:8e91:f402%1995983644 - - [2017-07-19 17:48:41] "POST /login HTTP/1.1" 200 320 0.162586
Jul 19 17:48:41 witherspoon phosphor-gevent[1029]: ::8049:6d76:8e91:f402%1995983644 - - [2017-07-19 17:48:41] "GET /org/openbmc/control/flash/bios HTTP/1.1" 200 396 0.174856
Jul 19 17:48:51 witherspoon phosphor-gevent[1029]: ::8049:6d76:8e91:f402%1995983644 - - [2017-07-19 17:48:51] "POST /login HTTP/1.1" 200 320 0.033718
Jul 19 17:48:52 witherspoon phosphor-gevent[1029]: ::8049:6d76:8e91:f402%1995983644 - - [2017-07-19 17:48:52] "GET /org/openbmc/control/flash/bios HTTP/1.1" 200 396 0.067784
Jul 19 17:49:01 witherspoon avahi-daemon[955]: Withdrawing address record for 9.3.86.161 on eth0.
Jul 19 17:49:01 witherspoon avahi-daemon[955]: Host name conflict, retrying with witherspoon-19
Jul 19 17:49:01 witherspoon avahi-daemon[955]: Registering new address record for fe80::72e2:84ff:fe14:23e1 on eth0.*.
Jul 19 17:49:01 witherspoon avahi-daemon[955]: Registering new address record for 9.3.86.161 on eth0.IPv4.
Jul 19 17:49:02 witherspoon phosphor-gevent[1029]: ::8049:6d76:8e91:f402%1995983644 - - [2017-07-19 17:49:02] "POST /login HTTP/1.1" 200 320 0.033075
Jul 19 17:49:02 witherspoon phosphor-gevent[1029]: ::8049:6d76:8e91:f402%1995983644 - - [2017-07-19 17:49:02] "GET /org/openbmc/control/flash/bios HTTP/1.1" 200 396 0.069569
Jul 19 17:49:12 witherspoon phosphor-gevent[1029]: ::8049:6d76:8e91:f402%1995983644 - - [2017-07-19 17:49:12] "POST /login HTTP/1.1" 200 320 0.033014
Jul 19 17:49:12 witherspoon phosphor-gevent[1029]: ::8049:6d76:8e91:f402%1995983644 - - [2017-07-19 17:49:12] "GET /org/openbmc/control/flash/bios HTTP/1.1" 200 396 0.067406
Jul 19 17:49:21 witherspoon avahi-daemon[955]: Withdrawing address record for 9.3.86.161 on eth0.
Jul 19 17:49:21 witherspoon avahi-daemon[955]: Host name conflict, retrying with witherspoon-20
Jul 19 17:49:21 witherspoon avahi-daemon[955]: Registering new address record for fe80::72e2:84ff:fe14:23e1 on eth0.*.
Jul 19 17:49:21 witherspoon avahi-daemon[955]: Registering new address record for 9.3.86.161 on eth0.IPv4.
Jul 19 17:49:23 witherspoon phosphor-gevent[1029]: ::8049:6d76:8e91:f402%1995983644 - - [2017-07-19 17:49:23] "POST /login HTTP/1.1" 200 320 0.032644
Jul 19 17:49:23 witherspoon phosphor-gevent[1029]: ::8049:6d76:8e91:f402%1995983644 - - [2017-07-19 17:49:23] "GET /org/openbmc/control/flash/bios HTTP/1.1" 200 396 0.067261
Jul 19 17:49:33 witherspoon phosphor-gevent[1029]: ::8049:6d76:8e91:f402%1995983644 - - [2017-07-19 17:49:33] "POST /login HTTP/1.1" 200 320 0.033444
Jul 19 17:49:34 witherspoon phosphor-gevent[1029]: ::8049:6d76:8e91:f402%1995983644 - - [2017-07-19 17:49:33] "GET /org/openbmc/control/flash/bios HTTP/1.1" 200 396 0.075655
Jul 19 17:49:41 witherspoon avahi-daemon[955]: Withdrawing address record for 9.3.86.161 on eth0.
Jul 19 17:49:41 witherspoon avahi-daemon[955]: Host name conflict, retrying with witherspoon-21
Jul 19 17:49:41 witherspoon avahi-daemon[955]: Registering new address record for fe80::72e2:84ff:fe14:23e1 on eth0.*.
Jul 19 17:49:41 witherspoon avahi-daemon[955]: Registering new address record for 9.3.86.161 on eth0.IPv4.
Jul 19 17:49:44 witherspoon phosphor-gevent[1029]: ::8049:6d76:8e91:f402%1995983644 - - [2017-07-19 17:49:44] "POST /login HTTP/1.1" 200 320 0.032905
Jul 19 17:49:44 witherspoon phosphor-gevent[1029]: ::8049:6d76:8e91:f402%1995983644 - - [2017-07-19 17:49:44] "GET /org/openbmc/control/flash/bios HTTP/1.1" 200 396 0.342453
Jul 19 17:49:54 witherspoon phosphor-gevent[1029]: ::8049:6d76:8e91:f402%1995983644 - - [2017-07-19 17:49:54] "POST /login HTTP/1.1" 200 320 0.032827
Jul 19 17:49:54 witherspoon phosphor-gevent[1029]: ::8049:6d76:8e91:f402%1995983644 - - [2017-07-19 17:49:54] "GET /org/openbmc/control/flash/bios HTTP/1.1" 200 396 0.067346
Jul 19 17:50:01 witherspoon avahi-daemon[955]: Withdrawing address record for 9.3.86.161 on eth0.
Jul 19 17:50:01 witherspoon avahi-daemon[955]: Host name conflict, retrying with witherspoon-22
Jul 19 17:50:01 witherspoon avahi-daemon[955]: Registering new address record for fe80::72e2:84ff:fe14:23e1 on eth0.*.
Jul 19 17:50:01 witherspoon avahi-daemon[955]: Registering new address record for 9.3.86.161 on eth0.IPv4.
Jul 19 17:50:04 witherspoon phosphor-gevent[1029]: ::8049:6d76:8e91:f402%1995983644 - - [2017-07-19 17:50:04] "POST /login HTTP/1.1" 200 320 0.039373
Jul 19 17:50:05 witherspoon phosphor-gevent[1029]: ::8049:6d76:8e91:f402%1995983644 - - [2017-07-19 17:50:05] "GET /org/openbmc/control/flash/bios HTTP/1.1" 200 396 0.066938
Jul 19 17:50:15 witherspoon phosphor-gevent[1029]: ::8049:6d76:8e91:f402%1995983644 - - [2017-07-19 17:50:15] "POST /login HTTP/1.1" 200 320 0.032880
Jul 19 17:50:15 witherspoon phosphor-gevent[1029]: ::8049:6d76:8e91:f402%1995983644 - - [2017-07-19 17:50:15] "GET /org/openbmc/control/flash/bios HTTP/1.1" 200 396 0.075370
Jul 19 17:50:22 witherspoon avahi-daemon[955]: Withdrawing address record for 9.3.86.161 on eth0.
Jul 19 17:50:22 witherspoon avahi-daemon[955]: Host name conflict, retrying with witherspoon-23
Jul 19 17:50:22 witherspoon avahi-daemon[955]: Registering new address record for fe80::72e2:84ff:fe14:23e1 on eth0.*.
Jul 19 17:50:22 witherspoon avahi-daemon[955]: Registering new address record for 9.3.86.161 on eth0.IPv4.
Jul 19 17:50:25 witherspoon phosphor-gevent[1029]: ::8049:6d76:8e91:f402%1995983644 - - [2017-07-19 17:50:25] "POST /login HTTP/1.1" 200 320 0.032820
Jul 19 17:50:25 witherspoon phosphor-gevent[1029]: ::8049:6d76:8e91:f402%1995983644 - - [2017-07-19 17:50:25] "GET /org/openbmc/control/flash/bios HTTP/1.1" 200 396 0.067426
Jul 19 17:50:35 witherspoon phosphor-gevent[1029]: ::8049:6d76:8e91:f402%1995983644 - - [2017-07-19 17:50:35] "POST /login HTTP/1.1" 200 320 0.032953
Jul 19 17:50:35 witherspoon phosphor-gevent[1029]: ::8049:6d76:8e91:f402%1995983644 - - [2017-07-19 17:50:35] "GET /org/openbmc/control/flash/bios HTTP/1.1" 200 396 0.069367
Jul 19 17:50:43 witherspoon avahi-daemon[955]: Withdrawing address record for 9.3.86.161 on eth0.
Jul 19 17:50:43 witherspoon avahi-daemon[955]: Host name conflict, retrying with witherspoon-24
Jul 19 17:50:43 witherspoon avahi-daemon[955]: Registering new address record for fe80::72e2:84ff:fe14:23e1 on eth0.*.
Jul 19 17:50:43 witherspoon avahi-daemon[955]: Registering new address record for 9.3.86.161 on eth0.IPv4.
Jul 19 17:50:46 witherspoon phosphor-gevent[1029]: ::8049:6d76:8e91:f402%1995983644 - - [2017-07-19 17:50:46] "POST /login HTTP/1.1" 200 320 0.032630
Jul 19 17:50:46 witherspoon phosphor-gevent[1029]: ::8049:6d76:8e91:f402%1995983644 - - [2017-07-19 17:50:46] "GET /org/openbmc/control/flash/bios HTTP/1.1" 200 396 0.068081
Jul 19 17:50:56 witherspoon phosphor-gevent[1029]: ::8049:6d76:8e91:f402%1995983644 - - [2017-07-19 17:50:56] "POST /login HTTP/1.1" 200 320 0.032730
Jul 19 17:50:56 witherspoon phosphor-gevent[1029]: ::8049:6d76:8e91:f402%1995983644 - - [2017-07-19 17:50:56] "GET /org/openbmc/control/flash/bios HTTP/1.1" 200 396 0.069884
Jul 19 17:51:03 witherspoon avahi-daemon[955]: Withdrawing address record for 9.3.86.161 on eth0.
Jul 19 17:51:03 witherspoon avahi-daemon[955]: Host name conflict, retrying with witherspoon-25
Jul 19 17:51:03 witherspoon avahi-daemon[955]: Registering new address record for fe80::72e2:84ff:fe14:23e1 on eth0.*.
Jul 19 17:51:03 witherspoon avahi-daemon[955]: Registering new address record for 9.3.86.161 on eth0.IPv4.
Jul 19 17:51:07 witherspoon phosphor-gevent[1029]: ::8049:6d76:8e91:f402%1995983644 - - [2017-07-19 17:51:07] "POST /login HTTP/1.1" 200 320 0.032850
Jul 19 17:51:07 witherspoon phosphor-gevent[1029]: ::8049:6d76:8e91:f402%1995983644 - - [2017-07-19 17:51:07] "GET /org/openbmc/control/flash/bios HTTP/1.1" 200 396 0.069286
Jul 19 17:51:17 witherspoon phosphor-gevent[1029]: ::8049:6d76:8e91:f402%1995983644 - - [2017-07-19 17:51:17] "POST /login HTTP/1.1" 200 320 0.033464
Jul 19 17:51:17 witherspoon phosphor-gevent[1029]: ::8049:6d76:8e91:f402%1995983644 - - [2017-07-19 17:51:17] "GET /org/openbmc/control/flash/bios HTTP/1.1" 200 401 0.085704
Jul 19 17:51:23 witherspoon avahi-daemon[955]: Withdrawing address record for 9.3.86.161 on eth0.
Jul 19 17:51:23 witherspoon avahi-daemon[955]: Host name conflict, retrying with witherspoon-26
Jul 19 17:51:23 witherspoon avahi-daemon[955]: Registering new address record for fe80::72e2:84ff:fe14:23e1 on eth0.*.
Jul 19 17:51:23 witherspoon avahi-daemon[955]: Registering new address record for 9.3.86.161 on eth0.IPv4.
Jul 19 17:51:28 witherspoon phosphor-gevent[1029]: ::8049:6d76:8e91:f402%1995983644 - - [2017-07-19 17:51:28] "POST /login HTTP/1.1" 200 320 0.032646
Jul 19 17:51:28 witherspoon phosphor-gevent[1029]: ::8049:6d76:8e91:f402%1995983644 - - [2017-07-19 17:51:28] "GET /org/openbmc/control/flash/bios HTTP/1.1" 200 401 0.067927
Jul 19 17:51:38 witherspoon phosphor-gevent[1029]: ::8049:6d76:8e91:f402%1995983644 - - [2017-07-19 17:51:38] "POST /login HTTP/1.1" 200 320 0.032978
Jul 19 17:51:38 witherspoon phosphor-gevent[1029]: ::8049:6d76:8e91:f402%1995983644 - - [2017-07-19 17:51:38] "GET /org/openbmc/control/flash/bios HTTP/1.1" 200 401 0.067962
Jul 19 17:51:42 witherspoon avahi-daemon[955]: Withdrawing address record for 9.3.86.161 on eth0.
Jul 19 17:51:42 witherspoon avahi-daemon[955]: Host name conflict, retrying with witherspoon-27
Jul 19 17:51:42 witherspoon avahi-daemon[955]: Registering new address record for fe80::72e2:84ff:fe14:23e1 on eth0.*.
Jul 19 17:51:42 witherspoon avahi-daemon[955]: Registering new address record for 9.3.86.161 on eth0.IPv4.
Jul 19 17:51:48 witherspoon phosphor-gevent[1029]: ::8049:6d76:8e91:f402%1995983644 - - [2017-07-19 17:51:48] "POST /login HTTP/1.1" 200 320 0.300404
Jul 19 17:51:48 witherspoon phosphor-gevent[1029]: ::8049:6d76:8e91:f402%1995983644 - - [2017-07-19 17:51:48] "GET /org/openbmc/control/flash/bios HTTP/1.1" 200 401 0.076722
Jul 19 17:51:59 witherspoon phosphor-gevent[1029]: ::8049:6d76:8e91:f402%1995983644 - - [2017-07-19 17:51:59] "POST /login HTTP/1.1" 200 320 0.033044
Jul 19 17:51:59 witherspoon phosphor-gevent[1029]: ::8049:6d76:8e91:f402%1995983644 - - [2017-07-19 17:51:59] "GET /org/openbmc/control/flash/bios HTTP/1.1" 200 401 0.068541
Jul 19 17:52:02 witherspoon flash_bios.exe[1039]: Erasing... (may take a while !) done !
Jul 19 17:52:02 witherspoon flash_bios.exe[1039]: About to program "/tmp/witherspoon_20170704n.pnor" at 0x00000000..0x04000000 !
Jul 19 17:52:02 witherspoon flash_bios.exe[1039]: Programming & Verifying...
Jul 19 17:52:02 witherspoon flash_bios.exe[1039]: Flash done
Jul 19 17:52:03 witherspoon avahi-daemon[955]: Withdrawing address record for 9.3.86.161 on eth0.
Jul 19 17:52:03 witherspoon avahi-daemon[955]: Host name conflict, retrying with witherspoon-28
Jul 19 17:52:03 witherspoon avahi-daemon[955]: Registering new address record for fe80::72e2:84ff:fe14:23e1 on eth0.*.
Jul 19 17:52:03 witherspoon avahi-daemon[955]: Registering new address record for 9.3.86.161 on eth0.IPv4.
Jul 19 17:52:09 witherspoon phosphor-gevent[1029]: ::8049:6d76:8e91:f402%1995983644 - - [2017-07-19 17:52:09] "POST /login HTTP/1.1" 200 320 0.033536
Jul 19 17:52:10 witherspoon phosphor-gevent[1029]: ::8049:6d76:8e91:f402%1995983644 - - [2017-07-19 17:52:09] "GET /org/openbmc/control/flash/bios HTTP/1.1" 200 398 0.143921
Jul 19 17:52:10 witherspoon systemd[1]: Started SSH Per-Connection Server (9.41.165.94:52550).
Jul 19 17:52:10 witherspoon dropbear[1149]: Failed loading /etc/dropbear/dropbear_dss_host_key
Jul 19 17:52:10 witherspoon dropbear[1149]: Failed loading /etc/dropbear/dropbear_ecdsa_host_key
Jul 19 17:52:10 witherspoon dropbear[1149]: Child connection from ::ffff:9.41.165.94:52550
Jul 19 17:52:10 witherspoon dropbear[1149]: PAM password auth succeeded for 'root' from ::ffff:9.41.165.94:52550
Jul 19 17:52:10 witherspoon dropbear[1150]: lastlog_perform_login: Couldn't stat /var/log/lastlog: No such file or directory
Jul 19 17:52:10 witherspoon dropbear[1150]: lastlog_openseek: /var/log/lastlog is not a file or directory!
Jul 19 17:52:11 witherspoon phosphor-gevent[1029]: ::8049:6d76:8e91:f402%1995983644 - - [2017-07-19 17:52:11] "POST /login HTTP/1.1" 200 320 0.033643
Jul 19 17:52:12 witherspoon phosphor-gevent[1029]: ::8049:6d76:8e91:f402%1995983644 - - [2017-07-19 17:52:12] "GET /xyz/openbmc_project/state/host0//attr/CurrentHostState HTTP/1.1" 200 212 0.051510
Jul 19 17:52:12 witherspoon systemd[1]: Created slice system-obmc\x2dconsole\x2dssh.slice.
Jul 19 17:52:12 witherspoon systemd[1]: Started Phosphor Host Console SSH Per-Connection (9.41.165.94:40864).
Jul 19 17:52:12 witherspoon dropbear[1154]: Failed loading /etc/dropbear/dropbear_dss_host_key
Jul 19 17:52:12 witherspoon dropbear[1154]: Failed loading /etc/dropbear/dropbear_ecdsa_host_key
Jul 19 17:52:12 witherspoon dropbear[1154]: Child connection from ::ffff:9.41.165.94:40864
Jul 19 17:52:13 witherspoon phosphor-gevent[1029]: ::8049:6d76:8e91:f402%1995983644 - - [2017-07-19 17:52:13] "POST /login HTTP/1.1" 200 320 0.049662
Jul 19 17:52:13 witherspoon dropbear[1154]: PAM password auth succeeded for 'root' from ::ffff:9.41.165.94:40864
Jul 19 17:52:13 witherspoon dropbear[1155]: lastlog_perform_login: Couldn't stat /var/log/lastlog: No such file or directory
Jul 19 17:52:13 witherspoon dropbear[1155]: lastlog_openseek: /var/log/lastlog is not a file or directory!
Jul 19 17:52:13 witherspoon phosphor-gevent[1029]: ::8049:6d76:8e91:f402%1995983644 - - [2017-07-19 17:52:13] "PUT /org/openbmc/settings/host0/attr/power_policy HTTP/1.1" 200 169 0.261879
Jul 19 17:52:13 witherspoon phosphor-gevent[1029]: ::8049:6d76:8e91:f402%1995983644 - - [2017-07-19 17:52:13] "POST /login HTTP/1.1" 200 320 0.050184
Jul 19 17:52:13 witherspoon phosphor-gevent[1029]: ::8049:6d76:8e91:f402%1995983644 - - [2017-07-19 17:52:13] "GET /org/openbmc/settings/host0/attr/power_policy HTTP/1.1" 200 185 0.070531
Jul 19 17:52:13 witherspoon systemd[1]: Started SSH Per-Connection Server (9.41.165.94:52570).
Jul 19 17:52:13 witherspoon dropbear[1156]: Failed loading /etc/dropbear/dropbear_dss_host_key
Jul 19 17:52:13 witherspoon dropbear[1156]: Failed loading /etc/dropbear/dropbear_ecdsa_host_key
Jul 19 17:52:13 witherspoon dropbear[1156]: Child connection from ::ffff:9.41.165.94:52570
Jul 19 17:52:14 witherspoon dropbear[1156]: PAM password auth succeeded for 'root' from ::ffff:9.41.165.94:52570
Jul 19 17:52:14 witherspoon dropbear[1157]: lastlog_perform_login: Couldn't stat /var/log/lastlog: No such file or directory
Jul 19 17:52:14 witherspoon dropbear[1157]: lastlog_openseek: /var/log/lastlog is not a file or directory!
Jul 19 17:52:15 witherspoon phosphor-gevent[1029]: ::8049:6d76:8e91:f402%1995983644 - - [2017-07-19 17:52:15] "POST /login HTTP/1.1" 200 320 0.033505
Jul 19 17:52:15 witherspoon phosphor-gevent[1029]: ::8049:6d76:8e91:f402%1995983644 - - [2017-07-19 17:52:15] "GET /xyz/openbmc_project/state/chassis0//attr/CurrentPowerState HTTP/1.1" 200 216 0.050209
Jul 19 17:52:15 witherspoon phosphor-gevent[1029]: ::8049:6d76:8e91:f402%1995983644 - - [2017-07-19 17:52:15] "POST /login HTTP/1.1" 200 320 0.033288
Jul 19 17:52:15 witherspoon phosphor-gevent[1029]: ::8049:6d76:8e91:f402%1995983644 - - [2017-07-19 17:52:15] "GET /xyz/openbmc_project/state/bmc0//attr/CurrentBMCState HTTP/1.1" 200 212 0.049959
Jul 19 17:52:16 witherspoon phosphor-gevent[1029]: ::8049:6d76:8e91:f402%1995983644 - - [2017-07-19 17:52:16] "POST /login HTTP/1.1" 200 320 0.033783
Jul 19 17:52:16 witherspoon phosphor-gevent[1029]: ::8049:6d76:8e91:f402%1995983644 - - [2017-07-19 17:52:16] "GET /org/openbmc/sensors/host/BootProgress/attr/value HTTP/1.1" 200 170 0.052804
Jul 19 17:52:16 witherspoon phosphor-gevent[1029]: ::8049:6d76:8e91:f402%1995983644 - - [2017-07-19 17:52:16] "POST /login HTTP/1.1" 200 320 0.033757
Jul 19 17:52:16 witherspoon phosphor-gevent[1029]: ::8049:6d76:8e91:f402%1995983644 - - [2017-07-19 17:52:16] "GET /xyz/openbmc_project/state/host0//attr/CurrentHostState HTTP/1.1" 200 212 0.049801
Jul 19 17:52:16 witherspoon phosphor-gevent[1029]: ::8049:6d76:8e91:f402%1995983644 - - [2017-07-19 17:52:16] "POST /login HTTP/1.1" 200 320 0.033473
Jul 19 17:52:16 witherspoon phosphor-host-state-manager[1069]: Host State transaction request
Jul 19 17:52:16 witherspoon phosphor-gevent[1029]: ::8049:6d76:8e91:f402%1995983644 - - [2017-07-19 17:52:16] "PUT /xyz/openbmc_project/state/host0//attr/RequestedHostTransition HTTP/1.1" 200 169 0.181145
Jul 19 17:52:17 witherspoon systemd[1]: Created slice system-vcs_off.slice.
