[    2.400000] console [ttyS4] enabled
[    2.400000] 1e787000.vuart: ttyS2 at MMIO 0x1e787000 (irq = 22, base_baud = 1500000) is a 16550A
[    2.590000] timeriomem_rng 1e6e2078.hwrng: 32bits from 0xf00e2078 @ 1us
[    2.600000] random: fast init done
[    2.640000] brd: module loaded
[    2.670000] loop: module loaded
[    2.670000] aspeed-lpc-ctrl 1e789080.lpc-ctrl: Loaded at 0x98000000 (0x04000000)
[    2.680000] aspeed-smc 1e620000.flash-controller: Using IRQ 18
[    2.680000] aspeed-smc 1e620000.flash-controller: DMA support disabled.
[    2.700000] aspeed-smc 1e620000.flash-controller: mx25l25635e (32768 Kbytes)
[    2.700000] aspeed-smc 1e620000.flash-controller: CE0 window [ 0x20000000 - 0x22000000 ] 32MB
[    2.700000] aspeed-smc 1e620000.flash-controller: CE1 window [ 0x22000000 - 0x2a000000 ] 128MB
[    2.700000] 5 ofpart partitions found on MTD device bmc
[    2.730000] Creating 5 MTD partitions on "bmc":
[    2.740000] 0x000000000000-0x000000060000 : "u-boot"
[    2.740000] 0x000000060000-0x000000080000 : "u-boot-env"
[    2.750000] random: crng init done
[    2.760000] 0x000000080000-0x0000004c0000 : "kernel"
[    2.770000] 0x0000004c0000-0x000001c00000 : "rofs"
[    2.770000] 0x000001c00000-0x000002000000 : "rwfs"
[    2.790000] aspeed-smc 1e620000.flash-controller: mx25l25635e (32768 Kbytes)
[    2.800000] aspeed-smc 1e620000.flash-controller: CE1 window [ 0x22000000 - 0x24000000 ] 32MB
[    2.800000] aspeed-smc 1e620000.flash-controller: CE2 window [ 0x24000000 - 0x2c000000 ] 128MB
[    2.820000] aspeed-smc 1e630000.flash-controller: mx66l1g45g (131072 Kbytes)
[    2.830000] aspeed-smc 1e630000.flash-controller: CE0 window resized to 120MB (AST2500 HW quirk)
[    2.830000] aspeed-smc 1e630000.flash-controller: CE0 window [ 0x30000000 - 0x37800000 ] 120MB
[    2.850000] aspeed-smc 1e630000.flash-controller: CE0 window too small for chip 128MB
[    2.850000] aspeed-smc 1e630000.flash-controller: CE1 window [ 0x37800000 - 0x38000000 ] 8MB
[    3.620000] libphy: Fixed MDIO Bus: probed
[    3.620000] ftgmac100 1e660000.ethernet: Read MAC address 70:e2:84:14:23:e1 from chip
[    3.620000] ftgmac100 1e660000.ethernet: Using NCSI interface
[    3.620000] ftgmac100 1e660000.ethernet eth0: irq 20, mapped at f0060000
[    3.620000] ehci_hcd: USB 2.0 'Enhanced' Host Controller (EHCI) Driver
[    3.620000] ehci-platform: EHCI generic platform driver
[    3.830000]  fsi0: can't read slave 00:00 -5
[    3.830000] i2c /dev entries driver
[    3.830000] aspeed-i2c-bus 1e78a0c0.i2c-bus: i2c bus 2 registered, irq 26
[    3.830000] aspeed-i2c-bus 1e78a100.i2c-bus: i2c bus 3 registered, irq 27
[    3.830000] aspeed-i2c-bus 1e78a140.i2c-bus: i2c bus 4 registered, irq 28
[    3.830000] aspeed-i2c-bus 1e78a180.i2c-bus: i2c bus 5 registered, irq 29
[    3.830000] aspeed-i2c-bus 1e78a380.i2c-bus: i2c bus 9 registered, irq 30
[    3.830000] aspeed-i2c-bus 1e78a3c0.i2c-bus: i2c bus 10 registered, irq 31
[    3.830000] rtc-rv8803 11-0032: Voltage low, temperature compensation stopped.
[    3.830000] rtc-rv8803 11-0032: An alarm maybe have been missed.
[    3.930000] rtc-rv8803 11-0032: rtc core: registered rx8900 as rtc0
[    3.940000] at24 11-0051: 8192 byte 24c64 EEPROM, writable, 1 bytes/write
[    3.940000] aspeed-i2c-bus 1e78a400.i2c-bus: i2c bus 11 registered, irq 32
[    3.940000] aspeed-i2c-bus 1e78a440.i2c-bus: i2c bus 12 registered, irq 33
[    3.940000] aspeed-i2c-bus 1e78a480.i2c-bus: i2c bus 13 registered, irq 34
[    3.940000] Driver for 1-wire Dallas network protocol.
[    3.940000] lm75 9-004a: hwmon0: sensor 'tmp275'
[    4.390000] max31785 3-0052: Fan 2 is configured but not installed
[    4.400000] max31785 3-0052: Fan 3 is configured but not installed
[    4.780000] ucd9000 11-0064: Device ID UCD90160|2.3.4.0000|110603
[    5.110000] leds-pca955x 3-0060: leds-pca955x: Using pca9552 16-bit LED driver at slave address 0x60
[    5.140000] leds-pca955x 11-0060: leds-pca955x: Using pca9552 16-bit LED driver at slave address 0x60
[    5.150000] leds-pca955x 11-0060: gpios 264...279
[    5.150000] usbcore: registered new interface driver usbhid
[    5.160000] usbhid: USB HID core driver
[    5.210000] NET: Registered protocol family 10
[    5.210000] Segment Routing with IPv6
[    5.220000] NET: Registered protocol family 17
[    5.220000] 8021q: 802.1Q VLAN Support v1.8
[    5.220000] console [netcon0] enabled
[    5.220000] netconsole: network logging started
[    5.240000] input: gpio-keys as /devices/platform/gpio-keys/input/input0
[    5.250000] rtc-rv8803 11-0032: setting system clock to 2017-08-01 07:24:40 UTC (1501572280)
[    5.260000] Freeing unused kernel memory: 284K
[    5.260000] This architecture does not have kernel memory protection.
[    6.930000] jffs2: notice: (525) jffs2_build_xattr_subsystem: complete building xattr subsystem, 0 of xdatum (0 unchecked, 0 orphan) and 0 of xref (0 dead, 0 orphan) found.
[    9.040000] systemd[1]: Failed to insert module 'autofs4': No such file or directory
[    9.240000] systemd[1]: systemd 232 running in system mode. (+PAM -AUDIT -SELINUX -IMA -APPARMOR -SMACK +SYSVINIT -UTMP -LIBCRYPTSETUP -GCRYPT -GNUTLS +ACL +XZ -LZ4 -SECCOMP +BLKID -ELFUTILS +KMOD -IDN)
[    9.240000] systemd[1]: Detected architecture arm.
[    9.400000] systemd[1]: Set hostname to <witherspoon>.
[   10.980000] systemd[1]: Listening on Syslog Socket.
[   11.020000] systemd[1]: Listening on udev Control Socket.
[   11.060000] systemd[1]: Listening on Journal Socket (/dev/log).
[   11.100000] systemd[1]: Reached target Swap.
[   11.130000] systemd[1]: Listening on Journal Socket.
[   11.170000] systemd[1]: Started Dispatch Password Requests to Console Directory Watch.
[   11.220000] systemd[1]: Listening on udev Kernel Socket.
[   14.410000] systemd[1]: Started Forward Password Requests to Wall Directory Watch.
[   14.670000] systemd[1]: Listening on /dev/initctl Compatibility Named Pipe.
[   14.940000] systemd[1]: Reached target Paths.
[   15.220000] systemd[1]: Created slice system-phosphor\x2dgpio\x2dpresence.slice.
[   15.510000] systemd[1]: Created slice system-obmc\x2dled\x2dgroup\x2dstart.slice.
[   15.810000] systemd[1]: Listening on Network Service Netlink Socket.
[   16.120000] systemd[1]: Mounted Debug File System.
[   16.440000] systemd[1]: Mounted Temporary Directory.
[   16.770000] systemd[1]: Started Journal Service.
[   18.960000] systemd-journald[653]: Received request to flush runtime journal from PID 1
[   31.070000] ubi7: default fastmap pool size: 100
[   31.070000] ubi7: default fastmap WL pool size: 50
[   31.070000] ubi7: attaching mtd7
[   32.150000] ubi7: scanning is finished
[   32.150000] ubi7: attached mtd7 (name "pnor", size 128 MiB)
[   32.150000] ubi7: PEB size: 65536 bytes (64 KiB), LEB size: 65408 bytes
[   32.150000] ubi7: min./max. I/O unit sizes: 1/256, sub-page size 1
[   32.150000] ubi7: VID header offset: 64 (aligned 64), data offset: 128
[   32.150000] ubi7: good PEBs: 2048, bad PEBs: 0, corrupted PEBs: 0
[   32.150000] ubi7: user volume: 0, internal volumes: 1, max. volumes count: 128
[   32.150000] ubi7: max/mean erase counter: 0/0, WL threshold: 4096, image sequence number: 644605800
[   32.280000] ubi7: available PEBs: 2042, total reserved PEBs: 6, PEBs reserved for bad PEB handling: 0
[   32.280000] ubi7: background thread "ubi_bgt7d" started, PID 988
[   49.850000] ftgmac100 1e660000.ethernet eth0: NCSI interface up
[  392.860000] ucd9000 11-0064: Device ID UCD90160|2.3.4.0000|110603
[  402.290000]  fsi0: fsi: found chip c0020d1e at 00:00:00
[  402.290000]  slave@00:00: engine[2]: type 4, version 6, addr c00 size 400
[  402.290000]  slave@00:00: engine[3]: type 5, version 7, addr 1000 size 400
[  402.290000]  slave@00:00: engine[4]: type 6, version 1, addr 1400 size 400
[  402.290000]  slave@00:00: engine[5]: type 7, version 3, addr 1800 size 400
[  402.570000]  slave@00:00: engine[8]: type 22, version 1, addr 2400 size 400
[  402.570000] sbefifo 00:00:00:06: Found sbefifo device
[  402.570000] occ-hwmon occ1-dev0: failed to get OCC poll response: -19
[  402.570000]  slave@00:00: engine[9]: type 20, version 2, addr 2800 size 800
[  402.570000]  slave@00:00: engine[11]: type 1a, version 1, addr 3000 size 400
[  402.570000]  slave@00:00: engine[12]: type 1c, version 1, addr 3400 size 400
[  402.570000] fsi-master-hub 00:00:00:0a: hub version 92010800 (8 links)
[  402.570000]  slave@00:00: status: 0x84000510, sisc: 0x01040108
[  402.570000]  slave@00:00: status: 0x84000500, sisc: 0x00040108
[  402.570000]  fsi1: can't read slave 00:00 -5
[  402.570000]  fsi1: fsi: found chip c0020d1e at 01:01:00
[  402.570000]  slave@01:00: engine[2]: type 4, version 6, addr c00 size 400
[  402.570000]  slave@01:00: engine[3]: type 5, version 7, addr 1000 size 400
[  402.570000]  slave@01:00: engine[4]: type 6, version 1, addr 1400 size 400
[  402.570000]  slave@01:00: engine[5]: type 7, version 3, addr 1800 size 400
[  402.570000]  slave@01:00: engine[8]: type 22, version 1, addr 2400 size 400
[  402.850000] sbefifo 01:01:00:06: Found sbefifo device
[  402.850000] occ-hwmon occ2-dev0: failed to get OCC poll response: -19
[  403.730000]  slave@01:00: engine[9]: type 20, version 2, addr 2800 size 800
[  403.730000]  slave@01:00: engine[11]: type 1a, version 1, addr 3000 size 400
[  403.730000]  slave@01:00: engine[12]: type 1c, version 1, addr 3400 size 400
[  403.730000] fsi-master-hub 01:01:00:0a: hub version 92010800 (8 links)
[  403.730000]  slave@00:00: status: 0x84000500, sisc: 0x00040108
[  403.730000]  slave@00:00: status: 0x84000500, sisc: 0x00040108
[  403.730000]  slave@01:00: status: 0x04000510, sisc: 0x01040000
[  403.730000]  slave@00:00: status: 0x84000500, sisc: 0x00040108
[  404.040000]  slave@00:00: status: 0x84000500, sisc: 0x00040108
[  404.040000]  slave@01:00: status: 0x04000500, sisc: 0x00040000
[  404.040000]  slave@00:00: status: 0x84000500, sisc: 0x00040108
[  404.040000]  slave@00:00: status: 0x84000500, sisc: 0x00040108
[  404.040000]  slave@01:00: status: 0x04000500, sisc: 0x00040000
[  404.040000]  slave@00:00: status: 0x84000500, sisc: 0x00040108
[  404.040000]  slave@00:00: status: 0x84000500, sisc: 0x00040108
[  404.040000]  slave@01:00: status: 0x04000500, sisc: 0x00040000
[  404.040000]  slave@00:00: status: 0x84000500, sisc: 0x00040108
[  404.040000]  slave@00:00: status: 0x84000500, sisc: 0x00040108
[  404.040000]  slave@01:00: status: 0x04000500, sisc: 0x00040000
[  404.040000]  slave@00:00: status: 0x84000500, sisc: 0x00040108
[  404.040000]  slave@00:00: status: 0x84000500, sisc: 0x00040108
[  404.040000]  slave@01:00: status: 0x04000500, sisc: 0x00040000
[  404.040000]  slave@01:00: status: 0x04000500, sisc: 0x00040000
[  404.040000]  slave@01:00: status: 0x04000500, sisc: 0x00040000
[  404.040000]  slave@01:00: status: 0x04000500, sisc: 0x00040000
[  404.040000]  slave@01:00: status: 0x04000500, sisc: 0x00040000
[  404.040000]  slave@01:00: status: 0x04000500, sisc: 0x00040000
[  404.040000]  slave@01:00: status: 0x04000500, sisc: 0x00040000
[  404.350000]  slave@01:00: status: 0x04000500, sisc: 0x00040000
[  404.350000]  slave@01:00: status: 0x04000500, sisc: 0x00040000
[  404.350000]  slave@01:00: status: 0x04000500, sisc: 0x00040000
[  404.350000]  slave@01:00: status: 0x04000500, sisc: 0x00040000
[  404.350000]  slave@01:00: engine[14]: type 1b, version 1, addr 40000 size 8000
[  404.350000]  slave@01:00: engine[15]: type 1b, version 1, addr 48000 size 8000
[  404.350000]  slave@01:00: engine[16]: type 1b, version 1, addr 50000 size 8000
[  404.350000]  slave@01:00: engine[17]: type 1b, version 1, addr 58000 size 8000
[  404.350000]  slave@01:00: engine[18]: type 1b, version 1, addr 60000 size 8000
[  404.350000]  slave@01:00: engine[19]: type 1b, version 1, addr 68000 size 8000
[  404.350000]  slave@01:00: engine[20]: type 1b, version 1, addr 70000 size 8000
[  404.350000]  slave@01:00: engine[21]: type 1b, version 1, addr 78000 size 8000
[  404.350000]  slave@00:00: status: 0x84000500, sisc: 0x00040108
[  404.350000]  slave@00:00: status: 0x84000500, sisc: 0x00040108
[  404.350000]  fsi1: can't read slave 02:00 -5
[  404.350000]  slave@00:00: status: 0x84000500, sisc: 0x00040108
[  404.350000]  slave@00:00: status: 0x84000500, sisc: 0x00040108
[  404.350000]  fsi1: can't read slave 03:00 -5
[  404.350000]  slave@00:00: status: 0x84000500, sisc: 0x00040108
[  404.670000]  slave@00:00: status: 0x84000500, sisc: 0x00040108
[  404.670000]  fsi1: can't read slave 04:00 -5
[  404.670000]  slave@00:00: status: 0x84000500, sisc: 0x00040108
[  404.670000]  slave@00:00: status: 0x84000500, sisc: 0x00040108
[  404.670000]  fsi1: can't read slave 05:00 -5
[  404.670000]  slave@00:00: status: 0x84000500, sisc: 0x00040108
[  404.670000]  slave@00:00: status: 0x84000500, sisc: 0x00040108
[  404.670000]  fsi1: can't read slave 06:00 -5
[  404.670000]  slave@00:00: status: 0x84000500, sisc: 0x00040108
[  404.670000]  slave@00:00: status: 0x84000500, sisc: 0x00040108
[  404.670000]  fsi1: can't read slave 07:00 -5
[  404.670000]  slave@00:00: engine[14]: type 1b, version 1, addr 40000 size 8000
[  404.670000]  slave@00:00: engine[15]: type 1b, version 1, addr 48000 size 8000
[  404.670000]  slave@00:00: engine[16]: type 1b, version 1, addr 50000 size 8000
[  404.670000]  slave@00:00: engine[17]: type 1b, version 1, addr 58000 size 8000
[  404.670000]  slave@00:00: engine[18]: type 1b, version 1, addr 60000 size 8000
[  404.670000]  slave@00:00: engine[19]: type 1b, version 1, addr 68000 size 8000
[  404.670000]  slave@00:00: engine[20]: type 1b, version 1, addr 70000 size 8000
[  404.670000]  slave@00:00: engine[21]: type 1b, version 1, addr 78000 size 8000
