-- Logs begin at Wed 2017-06-28 13:43:26 UTC, end at Wed 2017-06-28 14:05:13 UTC. --
Jun 28 13:43:26 witherspoon kernel: Booting Linux on physical CPU 0x0
Jun 28 13:43:26 witherspoon kernel: Linux version 4.10.17-9e95993e2d6edc68af5ca3f2345789e0f450d0db (jenkins@hudson) (gcc version 6.2.0 (GCC) ) #1 Wed Jun 28 13:26:01 UTC 2017
Jun 28 13:43:26 witherspoon kernel: CPU: ARMv6-compatible processor [410fb767] revision 7 (ARMv7), cr=00c5387d
Jun 28 13:43:26 witherspoon kernel: CPU: PIPT / VIPT nonaliasing data cache, VIPT nonaliasing instruction cache
Jun 28 13:43:26 witherspoon kernel: OF: fdt:Machine model: Witherspoon BMC
Jun 28 13:43:26 witherspoon kernel: Memory policy: Data cache writeback
Jun 28 13:43:26 witherspoon kernel: SOC Rev: 04030303
Jun 28 13:43:26 witherspoon kernel: On node 0 totalpages: 110592
Jun 28 13:43:26 witherspoon kernel: free_area_init_node: node 0, pgdat 805f33fc, node_mem_map 9ec1a000
Jun 28 13:43:26 witherspoon kernel:   Normal zone: 992 pages used for memmap
Jun 28 13:43:26 witherspoon kernel:   Normal zone: 0 pages reserved
Jun 28 13:43:26 witherspoon kernel:   Normal zone: 110592 pages, LIFO batch:31
Jun 28 13:43:26 witherspoon kernel: pcpu-alloc: s0 r0 d32768 u32768 alloc=1*32768
Jun 28 13:43:26 witherspoon kernel: pcpu-alloc: [0] 0 
Jun 28 13:43:26 witherspoon kernel: Built 1 zonelists in Zone order, mobility grouping on.  Total pages: 109600
Jun 28 13:43:26 witherspoon kernel: Kernel command line: console=ttyS4,115200n8 root=/dev/ram rw
Jun 28 13:43:26 witherspoon kernel: PID hash table entries: 2048 (order: 1, 8192 bytes)
Jun 28 13:43:26 witherspoon kernel: Dentry cache hash table entries: 65536 (order: 6, 262144 bytes)
Jun 28 13:43:26 witherspoon kernel: Inode-cache hash table entries: 32768 (order: 5, 131072 bytes)
Jun 28 13:43:26 witherspoon kernel: Memory: 430512K/442368K available (4048K kernel code, 280K rwdata, 1168K rodata, 280K init, 111K bss, 11856K reserved, 0K cma-reserved)
Jun 28 13:43:26 witherspoon kernel: Virtual kernel memory layout:
                                        vector  : 0xffff0000 - 0xffff1000   (   4 kB)
                                        fixmap  : 0xffc00000 - 0xfff00000   (3072 kB)
                                        vmalloc : 0x9f800000 - 0xff800000   (1536 MB)
                                        lowmem  : 0x80000000 - 0x9f000000   ( 496 MB)
                                          .text : 0x80008000 - 0x803fc350   (4049 kB)
                                          .init : 0x8057a000 - 0x805c0000   ( 280 kB)
                                          .data : 0x805c0000 - 0x806061a8   ( 281 kB)
                                           .bss : 0x806061a8 - 0x80622058   ( 112 kB)
Jun 28 13:43:26 witherspoon kernel: NR_IRQS:16 nr_irqs:16 16
Jun 28 13:43:26 witherspoon kernel: i2c controller registered, irq 16
Jun 28 13:43:26 witherspoon kernel: clocksource: moxart_timer: mask: 0xffffffff max_cycles: 0xffffffff, max_idle_ns: 77222644334 ns
Jun 28 13:43:26 witherspoon kernel: sched_clock: 32 bits at 100 Hz, resolution 10000000ns, wraps every 21474836475000000ns
Jun 28 13:43:26 witherspoon kernel: Calibrating delay loop... 789.70 BogoMIPS (lpj=3948544)
Jun 28 13:43:26 witherspoon kernel: pid_max: default: 32768 minimum: 301
Jun 28 13:43:26 witherspoon kernel: Mount-cache hash table entries: 1024 (order: 0, 4096 bytes)
Jun 28 13:43:26 witherspoon kernel: Mountpoint-cache hash table entries: 1024 (order: 0, 4096 bytes)
Jun 28 13:43:26 witherspoon kernel: CPU: Testing write buffer coherency: ok
Jun 28 13:43:26 witherspoon kernel: ftrace: allocating 14866 entries in 44 pages
Jun 28 13:43:26 witherspoon kernel: Setting up static identity map for 0x80008200 - 0x8000825c
Jun 28 13:43:26 witherspoon kernel: devtmpfs: initialized
Jun 28 13:43:26 witherspoon kernel: clocksource: jiffies: mask: 0xffffffff max_cycles: 0xffffffff, max_idle_ns: 19112604462750000 ns
Jun 28 13:43:26 witherspoon kernel: futex hash table entries: 256 (order: -1, 3072 bytes)
Jun 28 13:43:26 witherspoon kernel: pinctrl core: initialized pinctrl subsystem
Jun 28 13:43:26 witherspoon kernel: NET: Registered protocol family 16
Jun 28 13:43:26 witherspoon kernel: DMA: preallocated 256 KiB pool for atomic coherent allocations
Jun 28 13:43:26 witherspoon kernel: usbcore: registered new interface driver usbfs
Jun 28 13:43:26 witherspoon kernel: usbcore: registered new interface driver hub
Jun 28 13:43:26 witherspoon kernel: usbcore: registered new device driver usb
Jun 28 13:43:26 witherspoon kernel: clocksource: Switched to clocksource moxart_timer
Jun 28 13:43:26 witherspoon kernel: NET: Registered protocol family 2
Jun 28 13:43:26 witherspoon kernel: TCP established hash table entries: 4096 (order: 2, 16384 bytes)
Jun 28 13:43:26 witherspoon kernel: TCP bind hash table entries: 4096 (order: 2, 16384 bytes)
Jun 28 13:43:26 witherspoon kernel: TCP: Hash tables configured (established 4096 bind 4096)
Jun 28 13:43:26 witherspoon kernel: UDP hash table entries: 256 (order: 0, 4096 bytes)
Jun 28 13:43:26 witherspoon kernel: UDP-Lite hash table entries: 256 (order: 0, 4096 bytes)
Jun 28 13:43:26 witherspoon kernel: NET: Registered protocol family 1
Jun 28 13:43:26 witherspoon kernel: Trying to unpack rootfs image as initramfs...
Jun 28 13:43:26 witherspoon kernel: Freeing initrd memory: 1544K
Jun 28 13:43:26 witherspoon kernel: workingset: timestamp_bits=30 max_order=17 bucket_order=0
Jun 28 13:43:26 witherspoon kernel: squashfs: version 4.0 (2009/01/31) Phillip Lougher
Jun 28 13:43:26 witherspoon kernel: jffs2: version 2.2. (SUMMARY)  © 2001-2006 Red Hat, Inc.
Jun 28 13:43:26 witherspoon kernel: Block layer SCSI generic (bsg) driver version 0.4 loaded (major 250)
Jun 28 13:43:26 witherspoon kernel: io scheduler noop registered
Jun 28 13:43:26 witherspoon kernel: io scheduler deadline registered
Jun 28 13:43:26 witherspoon kernel: io scheduler cfq registered (default)
Jun 28 13:43:26 witherspoon kernel: ipmi-bt-host 1e789140.ibt: Found bt bmc device
Jun 28 13:43:26 witherspoon kernel: ipmi-bt-host 1e789140.ibt: Using IRQ 22
Jun 28 13:43:26 witherspoon kernel: Serial: 8250/16550 driver, 6 ports, IRQ sharing enabled
Jun 28 13:43:26 witherspoon kernel: 1e783000.serial: ttyS0 at MMIO 0x1e783000 (irq = 23, base_baud = 1500000) is a 16550A
Jun 28 13:43:26 witherspoon kernel: 1e78d000.serial: ttyS1 at MMIO 0x1e78d000 (irq = 24, base_baud = 1500000) is a 16550A
Jun 28 13:43:26 witherspoon kernel: 1e784000.serial: ttyS4 at MMIO 0x1e784000 (irq = 25, base_baud = 1500000) is a 16550A
Jun 28 13:43:26 witherspoon kernel: console [ttyS4] enabled
Jun 28 13:43:26 witherspoon kernel: 1e787000.vuart: ttyS2 at MMIO 0x1e787000 (irq = 22, base_baud = 1500000) is a 16550A
Jun 28 13:43:26 witherspoon kernel: timeriomem_rng 1e6e2078.hwrng: 32bits from 0xf00e2078 @ 1us
Jun 28 13:43:26 witherspoon kernel: brd: module loaded
Jun 28 13:43:26 witherspoon kernel: loop: module loaded
Jun 28 13:43:26 witherspoon kernel: aspeed-lpc-ctrl 1e789080.lpc-ctrl: Loaded at 0x98000000 (0x04000000)
Jun 28 13:43:26 witherspoon kernel: aspeed-smc 1e620000.flash-controller: Using IRQ 18
Jun 28 13:43:26 witherspoon kernel: aspeed-smc 1e620000.flash-controller: DMA support disabled.
Jun 28 13:43:26 witherspoon kernel: aspeed-smc 1e620000.flash-controller: mx25l25635e (32768 Kbytes)
Jun 28 13:43:26 witherspoon kernel: aspeed-smc 1e620000.flash-controller: CE0 window [ 0x20000000 - 0x22000000 ] 32MB
Jun 28 13:43:26 witherspoon kernel: aspeed-smc 1e620000.flash-controller: CE1 window [ 0x22000000 - 0x2a000000 ] 128MB
Jun 28 13:43:26 witherspoon kernel: 5 ofpart partitions found on MTD device bmc
Jun 28 13:43:26 witherspoon kernel: Creating 5 MTD partitions on "bmc":
Jun 28 13:43:26 witherspoon kernel: 0x000000000000-0x000000060000 : "u-boot"
Jun 28 13:43:26 witherspoon kernel: 0x000000060000-0x000000080000 : "u-boot-env"
Jun 28 13:43:26 witherspoon kernel: 0x000000080000-0x0000004c0000 : "kernel"
Jun 28 13:43:26 witherspoon kernel: 0x0000004c0000-0x000001c00000 : "rofs"
Jun 28 13:43:26 witherspoon kernel: 0x000001c00000-0x000002000000 : "rwfs"
Jun 28 13:43:26 witherspoon kernel: aspeed-smc 1e620000.flash-controller: mx25l25635e (32768 Kbytes)
Jun 28 13:43:26 witherspoon kernel: aspeed-smc 1e620000.flash-controller: CE1 window [ 0x22000000 - 0x24000000 ] 32MB
Jun 28 13:43:26 witherspoon kernel: aspeed-smc 1e620000.flash-controller: CE2 window [ 0x24000000 - 0x2c000000 ] 128MB
Jun 28 13:43:26 witherspoon kernel: aspeed-smc 1e630000.flash-controller: mx66l1g45g (131072 Kbytes)
Jun 28 13:43:26 witherspoon kernel: aspeed-smc 1e630000.flash-controller: CE0 window resized to 120MB (AST2500 HW quirk)
Jun 28 13:43:26 witherspoon kernel: aspeed-smc 1e630000.flash-controller: CE0 window [ 0x30000000 - 0x37800000 ] 120MB
Jun 28 13:43:26 witherspoon kernel: aspeed-smc 1e630000.flash-controller: CE0 window too small for chip 128MB
Jun 28 13:43:26 witherspoon kernel: aspeed-smc 1e630000.flash-controller: CE1 window [ 0x37800000 - 0x38000000 ] 8MB
Jun 28 13:43:26 witherspoon kernel: libphy: Fixed MDIO Bus: probed
Jun 28 13:43:26 witherspoon kernel: ftgmac100 1e660000.ethernet: Read MAC address 70:e2:84:14:23:e1 from chip
Jun 28 13:43:26 witherspoon kernel: ftgmac100 1e660000.ethernet: Using NCSI interface
Jun 28 13:43:26 witherspoon kernel: ftgmac100 1e660000.ethernet eth0: irq 20, mapped at f0060000
Jun 28 13:43:26 witherspoon kernel: ehci_hcd: USB 2.0 'Enhanced' Host Controller (EHCI) Driver
Jun 28 13:43:26 witherspoon kernel: ehci-platform: EHCI generic platform driver
Jun 28 13:43:26 witherspoon kernel:  fsi0: can't read slave 00:00 -5
Jun 28 13:43:26 witherspoon kernel: i2c /dev entries driver
Jun 28 13:43:26 witherspoon kernel: aspeed-i2c-bus 1e78a0c0.i2c-bus: i2c bus 2 registered, irq 26
Jun 28 13:43:26 witherspoon kernel: aspeed-i2c-bus 1e78a100.i2c-bus: i2c bus 3 registered, irq 27
Jun 28 13:43:26 witherspoon kernel: aspeed-i2c-bus 1e78a140.i2c-bus: i2c bus 4 registered, irq 28
Jun 28 13:43:26 witherspoon kernel: aspeed-i2c-bus 1e78a180.i2c-bus: i2c bus 5 registered, irq 29
Jun 28 13:43:26 witherspoon kernel: aspeed-i2c-bus 1e78a380.i2c-bus: i2c bus 9 registered, irq 30
Jun 28 13:43:26 witherspoon kernel: aspeed-i2c-bus 1e78a3c0.i2c-bus: i2c bus 10 registered, irq 31
Jun 28 13:43:26 witherspoon kernel: rtc-rv8803 11-0032: Voltage low, temperature compensation stopped.
Jun 28 13:43:26 witherspoon kernel: rtc-rv8803 11-0032: An alarm maybe have been missed.
Jun 28 13:43:26 witherspoon kernel: rtc-rv8803 11-0032: rtc core: registered rx8900 as rtc0
Jun 28 13:43:26 witherspoon kernel: at24 11-0051: 8192 byte 24c64 EEPROM, writable, 1 bytes/write
Jun 28 13:43:26 witherspoon kernel: aspeed-i2c-bus 1e78a400.i2c-bus: i2c bus 11 registered, irq 32
Jun 28 13:43:26 witherspoon kernel: aspeed-i2c-bus 1e78a440.i2c-bus: i2c bus 12 registered, irq 33
Jun 28 13:43:26 witherspoon kernel: aspeed-i2c-bus 1e78a480.i2c-bus: i2c bus 13 registered, irq 34
Jun 28 13:43:26 witherspoon kernel: Driver for 1-wire Dallas network protocol.
Jun 28 13:43:26 witherspoon kernel: lm75 9-004a: hwmon0: sensor 'tmp275'
Jun 28 13:43:26 witherspoon kernel: random: fast init done
Jun 28 13:43:26 witherspoon kernel: ucd9000 11-0064: Device ID UCD90160|2.3.4.0000|110603
Jun 28 13:43:26 witherspoon kernel: leds-pca955x 11-0060: leds-pca955x: Using pca9552 16-bit LED driver at slave address 0x60
Jun 28 13:43:26 witherspoon kernel: leds-pca955x 11-0060: gpios 264...279
Jun 28 13:43:26 witherspoon kernel: usbcore: registered new interface driver usbhid
Jun 28 13:43:26 witherspoon kernel: usbhid: USB HID core driver
Jun 28 13:43:26 witherspoon kernel: dps310: probe of 3-0076 failed with error -5
Jun 28 13:43:26 witherspoon kernel: NET: Registered protocol family 10
Jun 28 13:43:26 witherspoon kernel: Segment Routing with IPv6
Jun 28 13:43:26 witherspoon kernel: NET: Registered protocol family 17
Jun 28 13:43:26 witherspoon kernel: console [netcon0] enabled
Jun 28 13:43:26 witherspoon kernel: netconsole: network logging started
Jun 28 13:43:26 witherspoon kernel: input: gpio-keys as /devices/platform/gpio-keys/input/input0
Jun 28 13:43:26 witherspoon kernel: rtc-rv8803 11-0032: setting system clock to 2017-06-28 13:43:16 UTC (1498657396)
Jun 28 13:43:26 witherspoon kernel: Freeing unused kernel memory: 280K
Jun 28 13:43:26 witherspoon kernel: This architecture does not have kernel memory protection.
Jun 28 13:43:26 witherspoon kernel: jffs2: notice: (514) jffs2_build_xattr_subsystem: complete building xattr subsystem, 0 of xdatum (0 unchecked, 0 orphan) and 0 of xref (0 dead, 0 orphan) found.
Jun 28 13:43:26 witherspoon systemd[1]: Failed to insert module 'autofs4': No such file or directory
Jun 28 13:43:26 witherspoon systemd[1]: systemd 232 running in system mode. (+PAM -AUDIT -SELINUX -IMA -APPARMOR -SMACK +SYSVINIT -UTMP -LIBCRYPTSETUP -GCRYPT -GNUTLS +ACL +XZ -LZ4 -SECCOMP +BLKID -ELFUTILS +KMOD -IDN)
Jun 28 13:43:26 witherspoon systemd[1]: Detected architecture arm.
Jun 28 13:43:26 witherspoon systemd[1]: Set hostname to <witherspoon>.
Jun 28 13:43:26 witherspoon systemd[1]: Reached target Remote File Systems.
Jun 28 13:43:26 witherspoon systemd[1]: Listening on Network Service Netlink Socket.
Jun 28 13:43:26 witherspoon systemd[1]: Started Forward Password Requests to Wall Directory Watch.
Jun 28 13:43:26 witherspoon systemd[1]: Reached target Swap.
Jun 28 13:43:26 witherspoon systemd[1]: Created slice System Slice.
Jun 28 13:43:26 witherspoon systemd[1]: Created slice system-getty.slice.
Jun 28 13:43:26 witherspoon systemd[1]: Created slice system-org.openbmc.control.Bmc.slice.
Jun 28 13:43:26 witherspoon systemd[1]: Created slice system-org.openbmc.buttons.reset.slice.
Jun 28 13:43:26 witherspoon systemd[1]: Started Dispatch Password Requests to Console Directory Watch.
Jun 28 13:43:26 witherspoon systemd[1]: Reached target Paths.
Jun 28 13:43:26 witherspoon systemd-journald[540]: Journal started
Jun 28 13:43:26 witherspoon systemd-journald[540]: Runtime journal (/run/log/journal/169f9b5a822f4338824a4e146beb5550) is 0B, max 0B, 0B free.
Jun 28 13:43:26 witherspoon systemd[1]: Mounting Temporary Directory...
Jun 28 13:43:26 witherspoon systemd-sysctl[539]: Couldn't write '16' to 'kernel/sysrq', ignoring: No such file or directory
Jun 28 13:43:26 witherspoon systemd-sysctl[539]: Couldn't write 'fq_codel' to 'net/core/default_qdisc', ignoring: No such file or directory
Jun 28 13:43:26 witherspoon systemd[1]: Mounting Debug File System...
Jun 28 13:43:26 witherspoon systemd[1]: Created slice system-serial\x2dgetty.slice.
Jun 28 13:43:27 witherspoon systemd[1]: Mounted Debug File System.
Jun 28 13:43:27 witherspoon systemd[1]: Mounted Temporary Directory.
Jun 28 13:43:27 witherspoon systemd[1]: Started Journal Service.
Jun 28 13:43:27 witherspoon systemd[1]: Started Remount Root and Kernel File Systems.
Jun 28 13:43:27 witherspoon systemd[1]: Started Apply Kernel Variables.
Jun 28 13:43:28 witherspoon systemd[1]: Starting Create System Users...
Jun 28 13:43:28 witherspoon systemd[1]: Starting Flush Journal to Persistent Storage...
Jun 28 13:43:28 witherspoon systemd-journald[540]: Runtime journal (/run/log/journal/169f9b5a822f4338824a4e146beb5550) is 0B, max 0B, 0B free.
Jun 28 13:43:28 witherspoon systemd[1]: Started Flush Journal to Persistent Storage.
Jun 28 13:43:28 witherspoon systemd[1]: Started Create System Users.
Jun 28 13:43:28 witherspoon systemd[1]: Starting Create Static Device Nodes in /dev...
Jun 28 13:43:29 witherspoon systemd[1]: Started udev Coldplug all Devices.
Jun 28 13:43:29 witherspoon systemd[1]: Started Create Static Device Nodes in /dev.
Jun 28 13:43:29 witherspoon systemd[1]: Reached target Local File Systems (Pre).
Jun 28 13:43:29 witherspoon systemd[1]: Mounting /var/volatile...
Jun 28 13:43:29 witherspoon systemd[1]: Starting udev Kernel Device Manager...
Jun 28 13:43:29 witherspoon systemd[1]: Mounted /var/volatile.
Jun 28 13:43:29 witherspoon systemd[1]: Starting Load/Save Random Seed...
Jun 28 13:43:29 witherspoon systemd[1]: Reached target Local File Systems.
Jun 28 13:43:29 witherspoon systemd[1]: Starting Create Volatile Files and Directories...
Jun 28 13:43:30 witherspoon systemd[1]: Starting Rebuild Journal Catalog...
Jun 28 13:43:30 witherspoon systemd[1]: Started Load/Save Random Seed.
Jun 28 13:43:30 witherspoon systemd-tmpfiles[875]: "/var/tmp" already exists and is not a directory.
Jun 28 13:43:30 witherspoon systemd-tmpfiles[875]: "/var/log" already exists and is not a directory.
Jun 28 13:43:30 witherspoon systemd[1]: Started Create Volatile Files and Directories.
Jun 28 13:43:30 witherspoon systemd[1]: Started Rebuild Journal Catalog.
Jun 28 13:43:30 witherspoon systemd[1]: Starting Update is Completed...
Jun 28 13:43:30 witherspoon systemd[1]: Starting Network Time Synchronization...
Jun 28 13:43:30 witherspoon systemd[1]: Starting Run pending postinsts...
Jun 28 13:43:31 witherspoon systemd[1]: Started udev Kernel Device Manager.
Jun 28 13:43:32 witherspoon systemd[1]: Started Update is Completed.
Jun 28 13:43:33 witherspoon run-postinsts[884]: Running postinst /etc/rpm-postinsts/libglib-2.0-0...
Jun 28 13:43:34 witherspoon systemd[1]: Started Network Time Synchronization.
Jun 28 13:43:34 witherspoon systemd[1]: Found device /dev/aspeed-lpc-ctrl.
Jun 28 13:43:34 witherspoon systemd[1]: Found device /dev/aspeed-mbox.
Jun 28 13:43:34 witherspoon systemd[1]: Found device /dev/ttyS4.
Jun 28 13:43:34 witherspoon systemd[1]: Found device /dev/ttyVUART0.
Jun 28 13:43:35 witherspoon systemd[1]: Created slice system-xyz.openbmc_project.led.controller.slice.
Jun 28 13:43:35 witherspoon systemd[1]: Created slice system-xyz.openbmc_project.Hwmon.slice.
Jun 28 13:43:35 witherspoon systemd[1]: Reached target System Time Synchronized.
Jun 28 13:43:35 witherspoon systemd[1]: dev-hugepages.mount: Couldn't determine result for ConditionVirtualization=!private-users, assuming failed: No such file or directory
Jun 28 13:43:35 witherspoon run-postinsts[884]: rm: can't remove '/etc/rpm-postinsts': Invalid argument
Jun 28 13:43:35 witherspoon run-postinsts[884]:  Removing any system startup links for run-postinsts ...
Jun 28 13:43:36 witherspoon systemctl[916]: Removed /etc/systemd/system/sysinit.target.wants/run-postinsts.service.
Jun 28 13:43:36 witherspoon systemd[1]: Reloading.
Jun 28 13:43:38 witherspoon systemd[1]: Started Run pending postinsts.
Jun 28 13:43:38 witherspoon systemd[1]: Reached target System Initialization.
Jun 28 13:43:38 witherspoon systemd[1]: Listening on Phosphor Webserver socket.
Jun 28 13:43:38 witherspoon systemd[1]: Listening on D-Bus System Message Bus Socket.
Jun 28 13:43:38 witherspoon systemd[1]: Listening on phosphor-ipmi-net.socket.
Jun 28 13:43:38 witherspoon systemd[1]: Started Daily Cleanup of Temporary Directories.
Jun 28 13:43:38 witherspoon systemd[1]: Reached target Timers.
Jun 28 13:43:38 witherspoon systemd[1]: Listening on Avahi mDNS/DNS-SD Stack Activation Socket.
Jun 28 13:43:38 witherspoon systemd[1]: Listening on dropbear.socket.
Jun 28 13:43:38 witherspoon systemd[1]: Listening on Phosphor Host Console SSH Per-Connection socket.
Jun 28 13:43:38 witherspoon systemd[1]: Listening on Phosphor DBUS Browser socket.
Jun 28 13:43:38 witherspoon systemd[1]: Reached target Sockets.
Jun 28 13:43:38 witherspoon systemd[1]: Reached target Basic System.
Jun 28 13:43:38 witherspoon systemd[1]: Started Phosphor Hwmon Poller.
Jun 28 13:43:38 witherspoon systemd[1]: Started Phosphor Dump core monitor..
Jun 28 13:43:38 witherspoon systemd[1]: Starting Phosphor BMC0 Control...
Jun 28 13:43:38 witherspoon systemd[1]: Starting Phosphor Download Manager...
Jun 28 13:43:39 witherspoon systemd[1]: Starting Phosphor Download Manager...
Jun 28 13:43:39 witherspoon systemd[1]: Started Phosphor Hwmon Poller.
Jun 28 13:43:39 witherspoon systemd[1]: Started Phosphor sysfs LED controller.
Jun 28 13:43:39 witherspoon systemd[1]: Started Phosphor MBOX Daemon.
Jun 28 13:43:39 witherspoon systemd[1]: Started Phosphor Hwmon Poller.
Jun 28 13:43:40 witherspoon systemd[1]: Started System Logging Service.
Jun 28 13:43:40 witherspoon systemd[1]: Starting Phosphor DBus Service Discovery Manager...
Jun 28 13:43:40 witherspoon systemd[1]: Starting Clear one time boot overrides...
Jun 28 13:43:40 witherspoon systemd[1]: Starting Phosphor Chassis0 Control...
Jun 28 13:43:40 witherspoon systemd[1]: Starting Phosphor Dump Manager...
Jun 28 13:43:40 witherspoon systemd[1]: Starting Phosphor Inventory Manager...
Jun 28 13:43:40 witherspoon systemd[1]: Starting Phosphor Sensor Manager...
Jun 28 13:43:41 witherspoon systemd[1]: Started Phosphor Hwmon Poller.
Jun 28 13:43:41 witherspoon systemd[1]: Started D-Bus System Message Bus.
Jun 28 13:43:45 witherspoon systemd[1]: Started Phosphor Dump Manager.
Jun 28 13:43:45 witherspoon systemd[1]: Started Phosphor Download Manager.
Jun 28 13:43:45 witherspoon systemd[1]: Started Phosphor Inventory Manager.
Jun 28 13:43:46 witherspoon systemd[1]: Started Phosphor BMC0 Control.
Jun 28 13:43:46 witherspoon systemd[1]: Starting Network Service...
Jun 28 13:43:46 witherspoon systemd[1]: Started Kernel Logging Service.
Jun 28 13:43:46 witherspoon systemd[1]: Started Phosphor sysfs LED controller.
Jun 28 13:43:46 witherspoon kernel[950]: klogd started: BusyBox v1.24.1 (2017-06-16 19:26:49 UTC)
Jun 28 13:43:46 witherspoon kernel[950]: [    0.000000] Booting Linux on physical CPU 0x0
Jun 28 13:43:46 witherspoon kernel[950]: [    0.000000] Linux version 4.10.17-9e95993e2d6edc68af5ca3f2345789e0f450d0db (jenkins@hudson) (gcc version 6.2.0 (GCC) ) #1 Wed Jun 28 13:26:01 UTC 2017
Jun 28 13:43:46 witherspoon kernel[950]: [    0.000000] CPU: ARMv6-compatible processor [410fb767] revision 7 (ARMv7), cr=00c5387d
Jun 28 13:43:46 witherspoon kernel[950]: [    0.000000] CPU: PIPT / VIPT nonaliasing data cache, VIPT nonaliasing instruction cache
Jun 28 13:43:46 witherspoon kernel[950]: [    0.000000] OF: fdt:Machine model: Witherspoon BMC
Jun 28 13:43:46 witherspoon kernel[950]: [    0.000000] Memory policy: Data cache writeback
Jun 28 13:43:46 witherspoon kernel[950]: [    0.000000] SOC Rev: 04030303
Jun 28 13:43:46 witherspoon kernel[950]: [    0.000000] On node 0 totalpages: 110592
Jun 28 13:43:46 witherspoon kernel[950]: [    0.000000] free_area_init_node: node 0, pgdat 805f33fc, node_mem_map 9ec1a000
Jun 28 13:43:46 witherspoon kernel[950]: [    0.000000]   Normal zone: 992 pages used for memmap
Jun 28 13:43:46 witherspoon kernel[950]: [    0.000000]   Normal zone: 0 pages reserved
Jun 28 13:43:46 witherspoon kernel[950]: [    0.000000]   Normal zone: 110592 pages, LIFO batch:31
Jun 28 13:43:46 witherspoon kernel[950]: [    0.000000] pcpu-alloc: s0 r0 d32768 u32768 alloc=1*32768
Jun 28 13:43:46 witherspoon kernel[950]: [    0.000000] pcpu-alloc: [0] 0
Jun 28 13:43:46 witherspoon kernel[950]: [    0.000000] Built 1 zonelists in Zone order, mobility grouping on.  Total pages: 109600
Jun 28 13:43:46 witherspoon kernel[950]: [    0.000000] Kernel command line: console=ttyS4,115200n8 root=/dev/ram rw
Jun 28 13:43:46 witherspoon kernel[950]: [    0.000000] PID hash table entries: 2048 (order: 1, 8192 bytes)
Jun 28 13:43:46 witherspoon kernel[950]: [    0.000000] Dentry cache hash table entries: 65536 (order: 6, 262144 bytes)
Jun 28 13:43:46 witherspoon kernel[950]: [    0.000000] Inode-cache hash table entries: 32768 (order: 5, 131072 bytes)
Jun 28 13:43:46 witherspoon kernel[950]: [    0.000000] Memory: 430512K/442368K available (4048K kernel code, 280K rwdata, 1168K rodata, 280K init, 111K bss, 11856K reserved, 0K cma-reserved)
Jun 28 13:43:46 witherspoon kernel[950]: [    0.000000] Virtual kernel memory layout:
Jun 28 13:43:46 witherspoon kernel[950]: [    0.000000]     vector  : 0xffff0000 - 0xffff1000   (   4 kB)
Jun 28 13:43:46 witherspoon kernel[950]: [    0.000000]     fixmap  : 0xffc00000 - 0xfff00000   (3072 kB)
Jun 28 13:43:46 witherspoon kernel[950]: [    0.000000]     vmalloc : 0x9f800000 - 0xff800000   (1536 MB)
Jun 28 13:43:46 witherspoon kernel[950]: [    0.000000]     lowmem  : 0x80000000 - 0x9f000000   ( 496 MB)
Jun 28 13:43:46 witherspoon kernel[950]: [    0.000000]       .text : 0x80008000 - 0x803fc350   (4049 kB)
Jun 28 13:43:46 witherspoon kernel[950]: [    0.000000]       .init : 0x8057a000 - 0x805c0000   ( 280 kB)
Jun 28 13:43:46 witherspoon kernel[950]: [    0.000000]       .data : 0x805c0000 - 0x806061a8   ( 281 kB)
Jun 28 13:43:46 witherspoon kernel[950]: [    0.000000]        .bss : 0x806061a8 - 0x80622058   ( 112 kB)
Jun 28 13:43:46 witherspoon kernel[950]: [    0.000000] NR_IRQS:16 nr_irqs:16 16
Jun 28 13:43:46 witherspoon kernel[950]: [    0.000000] i2c controller registered, irq 16
Jun 28 13:43:46 witherspoon kernel[950]: [    0.000000] clocksource: moxart_timer: mask: 0xffffffff max_cycles: 0xffffffff, max_idle_ns: 77222644334 ns
Jun 28 13:43:46 witherspoon kernel[950]: [    0.000000] sched_clock: 32 bits at 100 Hz, resolution 10000000ns, wraps every 21474836475000000ns
Jun 28 13:43:46 witherspoon kernel[950]: [    0.090000] Calibrating delay loop... 789.70 BogoMIPS (lpj=3948544)
Jun 28 13:43:46 witherspoon kernel[950]: [    0.090000] pid_max: default: 32768 minimum: 301
Jun 28 13:43:46 witherspoon kernel[950]: [    0.090000] Mount-cache hash table entries: 1024 (order: 0, 4096 bytes)
Jun 28 13:43:46 witherspoon kernel[950]: [    0.090000] Mountpoint-cache hash table entries: 1024 (order: 0, 4096 bytes)
Jun 28 13:43:46 witherspoon kernel[950]: [    0.090000] CPU: Testing write buffer coherency: ok
Jun 28 13:43:46 witherspoon systemd[1]: Starting Phosphor Network Manager...
Jun 28 13:43:46 witherspoon kernel[950]: [    0.090000] ftrace: allocating 14866 entries in 44 pages
Jun 28 13:43:46 witherspoon systemd[1]: Started Phosphor Console Muxer listening on device /dev/ttyVUART0.
Jun 28 13:43:46 witherspoon kernel[950]: [    0.120000] Setting up static identity map for 0x80008200 - 0x8000825c
Jun 28 13:43:47 witherspoon systemd[1]: Reached target Containers.
Jun 28 13:43:46 witherspoon kernel[950]: [    0.120000] devtmpfs: initialized
Jun 28 13:43:47 witherspoon systemd[1]: Starting Phosphor Inventory Manager...
Jun 28 13:43:50 witherspoon kernel: random: crng init done
Jun 28 13:43:46 witherspoon kernel[950]: [    0.140000] clocksource: jiffies: mask: 0xffffffff max_cycles: 0xffffffff, max_idle_ns: 19112604462750000 ns
Jun 28 13:43:47 witherspoon systemd[1]: Started Phosphor Hwmon Poller.
Jun 28 13:43:46 witherspoon kernel[950]: [    0.140000] futex hash table entries: 256 (order: -1, 3072 bytes)
Jun 28 13:43:47 witherspoon systemd[1]: Starting OpenPower Software Update Manager...
Jun 28 13:43:46 witherspoon kernel[950]: [    0.140000] pinctrl core: initialized pinctrl subsystem
Jun 28 13:43:47 witherspoon systemd[1]: Started Phosphor Hwmon Poller.
Jun 28 13:43:46 witherspoon kernel[950]: [    0.140000] NET: Registered protocol family 16
Jun 28 13:43:48 witherspoon systemd[1]: Starting Phosphor Log Manager...
Jun 28 13:43:46 witherspoon kernel[950]: [    0.140000] DMA: preallocated 256 KiB pool for atomic coherent allocations
Jun 28 13:43:48 witherspoon systemd[1]: Started Phosphor Hwmon Poller.
Jun 28 13:43:46 witherspoon kernel[950]: [    0.210000] usbcore: registered new interface driver usbfs
Jun 28 13:43:48 witherspoon systemd[1]: Started Hardware RNG Entropy Gatherer Daemon.
Jun 28 13:43:46 witherspoon kernel[950]: [    0.210000] usbcore: registered new interface driver hub
Jun 28 13:43:48 witherspoon systemd[1]: Starting OpenBMC Software Update Manager...
Jun 28 13:43:46 witherspoon kernel[950]: [    0.210000] usbcore: registered new device driver usb
Jun 28 13:43:50 witherspoon systemd[1]: Started Phosphor sysfs LED controller.
Jun 28 13:43:46 witherspoon kernel[950]: [    0.220000] clocksource: Switched to clocksource moxart_timer
Jun 28 13:43:50 witherspoon systemd[1]: Starting Phosphor IPMI BT DBus Bridge...
Jun 28 13:43:46 witherspoon kernel[950]: [    0.240000] NET: Registered protocol family 2
Jun 28 13:43:50 witherspoon systemd[1]: Starting Phosphor User Manager...
Jun 28 13:43:46 witherspoon kernel[950]: [    0.240000] TCP established hash table entries: 4096 (order: 2, 16384 bytes)
Jun 28 13:43:50 witherspoon systemd[1]: Starting Phosphor LED Group Management Daemon...
Jun 28 13:43:46 witherspoon kernel[950]: [    0.240000] TCP bind hash table entries: 4096 (order: 2, 16384 bytes)
Jun 28 13:43:50 witherspoon systemd[1]: Starting Avahi mDNS/DNS-SD Stack...
Jun 28 13:43:46 witherspoon kernel[950]: [    0.240000] TCP: Hash tables configured (established 4096 bind 4096)
Jun 28 13:43:50 witherspoon systemd[1]: Started Phosphor Hwmon Poller.
Jun 28 13:43:46 witherspoon kernel[950]: [    0.240000] UDP hash table entries: 256 (order: 0, 4096 bytes)
Jun 28 13:43:51 witherspoon systemd[1]: Started Clear one time boot overrides.
Jun 28 13:43:46 witherspoon kernel[950]: [    0.240000] UDP-Lite hash table entries: 256 (order: 0, 4096 bytes)
Jun 28 13:43:51 witherspoon systemd[1]: Started OpenPower Software Update Manager.
Jun 28 13:43:46 witherspoon kernel[950]: [    0.240000] NET: Registered protocol family 1
Jun 28 13:43:51 witherspoon systemd[1]: Started OpenBMC Software Update Manager.
Jun 28 13:43:46 witherspoon kernel[950]: [    0.240000] Trying to unpack rootfs image as initramfs...
Jun 28 13:43:51 witherspoon systemd[1]: Started Phosphor IPMI BT DBus Bridge.
Jun 28 13:43:46 witherspoon kernel[950]: [    1.910000] Freeing initrd memory: 1544K
Jun 28 13:43:51 witherspoon systemd[1]: Starting Phosphor Version Software Manager...
Jun 28 13:43:46 witherspoon kernel[950]: [    1.910000] workingset: timestamp_bits=30 max_order=17 bucket_order=0
Jun 28 13:43:46 witherspoon kernel[950]: [    1.910000] squashfs: version 4.0 (2009/01/31) Phillip Lougher
Jun 28 13:43:46 witherspoon kernel[950]: [    1.910000] jffs2: version 2.2. (SUMMARY)  © 2001-2006 Red Hat, Inc.
Jun 28 13:43:46 witherspoon kernel[950]: [    1.910000] Block layer SCSI generic (bsg) driver version 0.4 loaded (major 250)
Jun 28 13:43:46 witherspoon kernel[950]: [    1.910000] io scheduler noop registered
Jun 28 13:43:46 witherspoon kernel[950]: [    1.910000] io scheduler deadline registered
Jun 28 13:43:46 witherspoon kernel[950]: [    1.910000] io scheduler cfq registered (default)
Jun 28 13:43:46 witherspoon kernel[950]: [    1.910000] ipmi-bt-host 1e789140.ibt: Found bt bmc device
Jun 28 13:43:46 witherspoon kernel[950]: [    2.060000] ipmi-bt-host 1e789140.ibt: Using IRQ 22
Jun 28 13:43:46 witherspoon kernel[950]: [    2.060000] Serial: 8250/16550 driver, 6 ports, IRQ sharing enabled
Jun 28 13:43:46 witherspoon kernel[950]: [    2.060000] 1e783000.serial: ttyS0 at MMIO 0x1e783000 (irq = 23, base_baud = 1500000) is a 16550A
Jun 28 13:43:46 witherspoon kernel[950]: [    2.060000] 1e78d000.serial: ttyS1 at MMIO 0x1e78d000 (irq = 24, base_baud = 1500000) is a 16550A
Jun 28 13:43:46 witherspoon kernel[950]: [    2.060000] 1e784000.serial: ttyS4 at MMIO 0x1e784000 (irq = 25, base_baud = 1500000) is a 16550A
Jun 28 13:43:46 witherspoon kernel[950]: [    2.400000] console [ttyS4] enabled
Jun 28 13:43:46 witherspoon kernel[950]: [    2.400000] 1e787000.vuart: ttyS2 at MMIO 0x1e787000 (irq = 22, base_baud = 1500000) is a 16550A
Jun 28 13:43:46 witherspoon kernel[950]: [    2.610000] timeriomem_rng 1e6e2078.hwrng: 32bits from 0xf00e2078 @ 1us
Jun 28 13:43:46 witherspoon kernel[950]: [    2.630000] brd: module loaded
Jun 28 13:43:46 witherspoon kernel[950]: [    2.660000] loop: module loaded
Jun 28 13:43:52 witherspoon systemd[1]: Started Phosphor Log Manager.
Jun 28 13:43:46 witherspoon kernel[950]: [    2.660000] aspeed-lpc-ctrl 1e789080.lpc-ctrl: Loaded at 0x98000000 (0x04000000)
Jun 28 13:43:53 witherspoon systemd[1]: Started Phosphor Version Software Manager.
Jun 28 13:43:46 witherspoon kernel[950]: [    2.690000] aspeed-smc 1e620000.flash-controller: Using IRQ 18
Jun 28 13:43:53 witherspoon systemd[1]: Started Phosphor LED Group Management Daemon.
Jun 28 13:43:46 witherspoon kernel[950]: [    2.690000] aspeed-smc 1e620000.flash-controller: DMA support disabled.
Jun 28 13:43:46 witherspoon kernel[950]: [    2.690000] aspeed-smc 1e620000.flash-controller: mx25l25635e (32768 Kbytes)
Jun 28 13:43:46 witherspoon kernel[950]: [    2.690000] aspeed-smc 1e620000.flash-controller: CE0 window [ 0x20000000 - 0x22000000 ] 32MB
Jun 28 13:43:46 witherspoon kernel[950]: [    2.690000] aspeed-smc 1e620000.flash-controller: CE1 window [ 0x22000000 - 0x2a000000 ] 128MB
Jun 28 13:43:46 witherspoon kernel[950]: [    2.730000] 5 ofpart partitions found on MTD device bmc
Jun 28 13:43:46 witherspoon kernel[950]: [    2.730000] Creating 5 MTD partitions on "bmc":
Jun 28 13:43:46 witherspoon kernel[950]: [    2.730000] 0x000000000000-0x000000060000 : "u-boot"
Jun 28 13:43:46 witherspoon kernel[950]: [    2.730000] 0x000000060000-0x000000080000 : "u-boot-env"
Jun 28 13:43:46 witherspoon kernel[950]: [    2.730000] 0x000000080000-0x0000004c0000 : "kernel"
Jun 28 13:43:46 witherspoon kernel[950]: [    2.730000] 0x0000004c0000-0x000001c00000 : "rofs"
Jun 28 13:43:46 witherspoon kernel[950]: [    2.780000] 0x000001c00000-0x000002000000 : "rwfs"
Jun 28 13:43:46 witherspoon kernel[950]: [    2.780000] aspeed-smc 1e620000.flash-controller: mx25l25635e (32768 Kbytes)
Jun 28 13:43:46 witherspoon kernel[950]: [    2.780000] aspeed-smc 1e620000.flash-controller: CE1 window [ 0x22000000 - 0x24000000 ] 32MB
Jun 28 13:43:46 witherspoon kernel[950]: [    2.780000] aspeed-smc 1e620000.flash-controller: CE2 window [ 0x24000000 - 0x2c000000 ] 128MB
Jun 28 13:43:46 witherspoon kernel[950]: [    2.780000] aspeed-smc 1e630000.flash-controller: mx66l1g45g (131072 Kbytes)
Jun 28 13:43:46 witherspoon kernel[950]: [    2.780000] aspeed-smc 1e630000.flash-controller: CE0 window resized to 120MB (AST2500 HW quirk)
Jun 28 13:43:46 witherspoon kernel[950]: [    2.840000] aspeed-smc 1e630000.flash-controller: CE0 window [ 0x30000000 - 0x37800000 ] 120MB
Jun 28 13:43:46 witherspoon kernel[950]: [    2.840000] aspeed-smc 1e630000.flash-controller: CE0 window too small for chip 128MB
Jun 28 13:43:46 witherspoon kernel[950]: [    2.840000] aspeed-smc 1e630000.flash-controller: CE1 window [ 0x37800000 - 0x38000000 ] 8MB
Jun 28 13:43:46 witherspoon kernel[950]: [    3.580000] libphy: Fixed MDIO Bus: probed
Jun 28 13:43:46 witherspoon kernel[950]: [    3.580000] ftgmac100 1e660000.ethernet: Read MAC address 70:e2:84:14:23:e1 from chip
Jun 28 13:43:46 witherspoon kernel[950]: [    3.580000] ftgmac100 1e660000.ethernet: Using NCSI interface
Jun 28 13:43:46 witherspoon kernel[950]: [    3.580000] ftgmac100 1e660000.ethernet eth0: irq 20, mapped at f0060000
Jun 28 13:43:46 witherspoon kernel[950]: [    3.580000] ehci_hcd: USB 2.0 'Enhanced' Host Controller (EHCI) Driver
Jun 28 13:43:46 witherspoon kernel[950]: [    3.580000] ehci-platform: EHCI generic platform driver
Jun 28 13:43:46 witherspoon kernel[950]: [    3.830000]  fsi0: can't read slave 00:00 -5
Jun 28 13:43:53 witherspoon systemd[1]: Started Avahi mDNS/DNS-SD Stack.
Jun 28 13:43:46 witherspoon kernel[950]: [    3.830000] i2c /dev entries driver
Jun 28 13:43:46 witherspoon kernel[950]: [    3.830000] aspeed-i2c-bus 1e78a0c0.i2c-bus: i2c bus 2 registered, irq 26
Jun 28 13:43:46 witherspoon kernel[950]: [    3.830000] aspeed-i2c-bus 1e78a100.i2c-bus: i2c bus 3 registered, irq 27
Jun 28 13:43:46 witherspoon kernel[950]: [    3.830000] aspeed-i2c-bus 1e78a140.i2c-bus: i2c bus 4 registered, irq 28
Jun 28 13:43:46 witherspoon kernel[950]: [    3.830000] aspeed-i2c-bus 1e78a180.i2c-bus: i2c bus 5 registered, irq 29
Jun 28 13:43:46 witherspoon kernel[950]: [    3.830000] aspeed-i2c-bus 1e78a380.i2c-bus: i2c bus 9 registered, irq 30
Jun 28 13:43:46 witherspoon kernel[950]: [    3.830000] aspeed-i2c-bus 1e78a3c0.i2c-bus: i2c bus 10 registered, irq 31
Jun 28 13:43:46 witherspoon kernel[950]: [    3.830000] rtc-rv8803 11-0032: Voltage low, temperature compensation stopped.
Jun 28 13:43:46 witherspoon kernel[950]: [    3.830000] rtc-rv8803 11-0032: An alarm maybe have been missed.
Jun 28 13:43:46 witherspoon kernel[950]: [    3.930000] rtc-rv8803 11-0032: rtc core: registered rx8900 as rtc0
Jun 28 13:43:46 witherspoon kernel[950]: [    3.940000] at24 11-0051: 8192 byte 24c64 EEPROM, writable, 1 bytes/write
Jun 28 13:43:46 witherspoon kernel[950]: [    3.950000] aspeed-i2c-bus 1e78a400.i2c-bus: i2c bus 11 registered, irq 32
Jun 28 13:43:46 witherspoon kernel[950]: [    3.950000] aspeed-i2c-bus 1e78a440.i2c-bus: i2c bus 12 registered, irq 33
Jun 28 13:43:46 witherspoon kernel[950]: [    3.970000] aspeed-i2c-bus 1e78a480.i2c-bus: i2c bus 13 registered, irq 34
Jun 28 13:43:46 witherspoon kernel[950]: [    3.970000] Driver for 1-wire Dallas network protocol.
Jun 28 13:43:46 witherspoon kernel[950]: [    3.970000] lm75 9-004a: hwmon0: sensor 'tmp275'
Jun 28 13:43:46 witherspoon kernel[950]: [    4.010000] random: fast init done
Jun 28 13:43:46 witherspoon kernel[950]: [    4.400000] ucd9000 11-0064: Device ID UCD90160|2.3.4.0000|110603
Jun 28 13:43:46 witherspoon kernel[950]: [    4.730000] leds-pca955x 11-0060: leds-pca955x: Using pca9552 16-bit LED driver at slave address 0x60
Jun 28 13:43:46 witherspoon kernel[950]: [    4.740000] leds-pca955x 11-0060: gpios 264...279
Jun 28 13:43:46 witherspoon kernel[950]: [    4.750000] usbcore: registered new interface driver usbhid
Jun 28 13:43:46 witherspoon kernel[950]: [    4.750000] usbhid: USB HID core driver
Jun 28 13:43:46 witherspoon kernel[950]: [    4.800000] dps310: probe of 3-0076 failed with error -5
Jun 28 13:43:46 witherspoon kernel[950]: [    4.800000] NET: Registered protocol family 10
Jun 28 13:43:46 witherspoon kernel[950]: [    4.810000] Segment Routing with IPv6
Jun 28 13:43:46 witherspoon kernel[950]: [    4.810000] NET: Registered protocol family 17
Jun 28 13:43:46 witherspoon kernel[950]: [    4.810000] console [netcon0] enabled
Jun 28 13:43:46 witherspoon kernel[950]: [    4.810000] netconsole: network logging started
Jun 28 13:43:46 witherspoon kernel[950]: [    4.830000] input: gpio-keys as /devices/platform/gpio-keys/input/input0
Jun 28 13:43:46 witherspoon kernel[950]: [    4.840000] rtc-rv8803 11-0032: setting system clock to 2017-06-28 13:43:16 UTC (1498657396)
Jun 28 13:43:46 witherspoon kernel[950]: [    4.850000] Freeing unused kernel memory: 280K
Jun 28 13:43:46 witherspoon kernel[950]: [    4.850000] This architecture does not have kernel memory protection.
Jun 28 13:43:46 witherspoon kernel[950]: [    6.530000] jffs2: notice: (514) jffs2_build_xattr_subsystem: complete building xattr subsystem, 0 of xdatum (0 unchecked, 0 orphan) and 0 of xref (0 dead, 0 orphan) found.
Jun 28 13:43:46 witherspoon kernel[950]: [    8.640000] systemd[1]: Failed to insert module 'autofs4': No such file or directory
Jun 28 13:43:46 witherspoon kernel[950]: [    8.840000] systemd[1]: systemd 232 running in system mode. (+PAM -AUDIT -SELINUX -IMA -APPARMOR -SMACK +SYSVINIT -UTMP -LIBCRYPTSETUP -GCRYPT -GNUTLS +ACL +XZ -LZ4 -SECCOMP +BLKID -ELFUTILS +KMOD -IDN)
Jun 28 13:43:46 witherspoon kernel[950]: [    8.840000] systemd[1]: Detected architecture arm.
Jun 28 13:43:46 witherspoon kernel[950]: [    8.980000] systemd[1]: Set hostname to <witherspoon>.
Jun 28 13:43:46 witherspoon kernel[950]: [   10.420000] systemd[1]: Reached target Remote File Systems.
Jun 28 13:43:46 witherspoon kernel[950]: [   10.530000] systemd[1]: Listening on Network Service Netlink Socket.
Jun 28 13:43:46 witherspoon kernel[950]: [   10.580000] systemd[1]: Started Forward Password Requests to Wall Directory Watch.
Jun 28 13:43:46 witherspoon kernel[950]: [   10.610000] systemd[1]: Reached target Swap.
Jun 28 13:43:46 witherspoon kernel[950]: [   10.650000] systemd[1]: Created slice System Slice.
Jun 28 13:43:46 witherspoon kernel[950]: [   10.700000] systemd[1]: Created slice system-getty.slice.
Jun 28 13:43:46 witherspoon kernel[950]: [   10.750000] systemd[1]: Created slice system-org.openbmc.control.Bmc.slice.
Jun 28 13:43:46 witherspoon kernel[950]: [   14.030000] systemd[1]: Created slice system-org.openbmc.buttons.reset.slice.
Jun 28 13:43:46 witherspoon kernel[950]: [   14.250000] systemd[1]: Started Dispatch Password Requests to Console Directory Watch.
Jun 28 13:43:46 witherspoon kernel[950]: [   14.480000] systemd[1]: Reached target Paths.
Jun 28 13:43:46 witherspoon kernel[950]: [   14.710000] systemd[1]: Mounting Temporary Directory...
Jun 28 13:43:46 witherspoon kernel[950]: [   14.710000] systemd[1]: Mounting Debug File System...
Jun 28 13:43:46 witherspoon kernel[950]: [   14.950000] systemd[1]: Created slice system-serial\x2dgetty.slice.
Jun 28 13:43:46 witherspoon kernel[950]: [   15.200000] systemd[1]: Mounted Debug File System.
Jun 28 13:43:46 witherspoon kernel[950]: [   15.450000] systemd[1]: Mounted Temporary Directory.
Jun 28 13:43:46 witherspoon kernel[950]: [   15.710000] systemd[1]: Started Journal Service.
Jun 28 13:43:46 witherspoon kernel[950]: [   16.680000] systemd-journald[540]: Received request to flush runtime journal from PID 1
Jun 28 13:43:49 witherspoon kernel[950]: [   37.670000] random: crng init done
Jun 28 13:43:52 witherspoon avahi-daemon[966]: Found user 'avahi' (UID 999) and group 'avahi' (GID 997).
Jun 28 13:43:52 witherspoon avahi-daemon[966]: Successfully dropped root privileges.
Jun 28 13:43:52 witherspoon avahi-daemon[966]: avahi-daemon 0.6.32 starting up.
Jun 28 13:43:53 witherspoon avahi-daemon[966]: Successfully called chroot().
Jun 28 13:43:53 witherspoon avahi-daemon[966]: Successfully dropped remaining capabilities.
Jun 28 13:43:53 witherspoon avahi-daemon[966]: Loading service file /services/obmc_console.service.
Jun 28 13:43:53 witherspoon avahi-daemon[966]: Loading service file /services/phosphor_rest.service.
Jun 28 13:43:53 witherspoon avahi-daemon[966]: Loading service file /services/sftp-ssh.service.
Jun 28 13:43:53 witherspoon avahi-daemon[966]: Loading service file /services/sftp.service.
Jun 28 13:43:53 witherspoon avahi-daemon[966]: Loading service file /services/ssh.service.
Jun 28 13:43:53 witherspoon avahi-daemon[966]: Network interface enumeration completed.
Jun 28 13:43:53 witherspoon avahi-daemon[966]: Server startup complete. Host name is witherspoon.local. Local service cookie is 280044974.
Jun 28 13:43:53 witherspoon avahi-daemon[966]: Service "witherspoon" (/services/ssh.service) successfully established.
Jun 28 13:43:53 witherspoon avahi-daemon[966]: Service "sftp" (/services/sftp.service) successfully established.
Jun 28 13:43:53 witherspoon avahi-daemon[966]: Service "witherspoon" (/services/sftp-ssh.service) successfully established.
Jun 28 13:43:53 witherspoon avahi-daemon[966]: Service "phosphor_rest" (/services/phosphor_rest.service) successfully established.
Jun 28 13:43:53 witherspoon avahi-daemon[966]: Service "obmc_console" (/services/obmc_console.service) successfully established.
Jun 28 13:43:55 witherspoon systemd-networkd[949]: Enumeration completed
Jun 28 13:43:55 witherspoon systemd[1]: Started Network Service.
Jun 28 13:43:55 witherspoon systemd[1]: Reached target Network.
Jun 28 13:43:55 witherspoon systemd-networkd[949]: eth0: IPv6 enabled for interface: Success
Jun 28 13:43:55 witherspoon systemd[1]: Starting Permit User Sessions...
Jun 28 13:43:55 witherspoon systemd[1]: Started Lightweight SLP Server.
Jun 28 13:43:55 witherspoon avahi-daemon[966]: Joining mDNS multicast group on interface eth0.IPv4 with address 9.3.86.161.
Jun 28 13:43:55 witherspoon avahi-daemon[966]: New relevant interface eth0.IPv4 for mDNS.
Jun 28 13:43:55 witherspoon avahi-daemon[966]: Registering new address record for 9.3.86.161 on eth0.IPv4.
Jun 28 13:43:55 witherspoon systemd-networkd[949]: eth0: Gained carrier
Jun 28 13:43:55 witherspoon systemd-timesyncd[882]: Network configuration changed, trying to establish connection.
Jun 28 13:43:56 witherspoon systemd[1]: Started Permit User Sessions.
Jun 28 13:43:56 witherspoon systemd[1]: Started Serial Getty on ttyS4.
Jun 28 13:43:56 witherspoon systemd[1]: Reached target Login Prompts.
Jun 28 13:43:56 witherspoon systemd[1]: Reached target Multi-User System.
Jun 28 13:43:56 witherspoon avahi-daemon[966]: Joining mDNS multicast group on interface eth0.IPv6 with address fe80::72e2:84ff:fe14:23e1.
Jun 28 13:43:56 witherspoon systemd-networkd[949]: eth0: Gained IPv6LL
Jun 28 13:43:56 witherspoon avahi-daemon[966]: New relevant interface eth0.IPv6 for mDNS.
Jun 28 13:43:56 witherspoon avahi-daemon[966]: Registering new address record for fe80::72e2:84ff:fe14:23e1 on eth0.*.
Jun 28 13:43:59 witherspoon kernel: ftgmac100 1e660000.ethernet eth0: NCSI interface up
Jun 28 13:43:59 witherspoon kernel[950]: [   47.220000] ftgmac100 1e660000.ethernet eth0: NCSI interface up
Jun 28 13:44:04 witherspoon chassis_control.py[939]: Running ChassisControlService
Jun 28 13:44:04 witherspoon systemd[1]: Started Phosphor Chassis0 Control.
Jun 28 13:44:05 witherspoon inventory_items.py[954]: Loading from cache: /var/cache/obmc/org.openbmc.inventory.system.chassis.motherboard.apss@org.openbmc.InventoryItem.props
Jun 28 13:44:05 witherspoon inventory_items.py[954]: Loading from cache: /var/cache/obmc/org.openbmc.inventory.system.chassis.motherboard@org.openbmc.InventoryItem.props
Jun 28 13:44:05 witherspoon inventory_items.py[954]: Loading from cache: /var/cache/obmc/org.openbmc.inventory.system.chassis.motherboard.refclock@org.openbmc.InventoryItem.props
Jun 28 13:44:05 witherspoon inventory_items.py[954]: Loading from cache: /var/cache/obmc/org.openbmc.inventory.system.chassis.motherboard.cpu1.core7@org.openbmc.InventoryItem.props
Jun 28 13:44:05 witherspoon inventory_items.py[954]: Loading from cache: /var/cache/obmc/org.openbmc.inventory.system.chassis.motherboard.cpu1.core4@org.openbmc.InventoryItem.props
Jun 28 13:44:05 witherspoon inventory_items.py[954]: Loading from cache: /var/cache/obmc/org.openbmc.inventory.system.chassis.motherboard.cpu1.core1@org.openbmc.InventoryItem.props
Jun 28 13:44:05 witherspoon inventory_items.py[954]: Loading from cache: /var/cache/obmc/org.openbmc.inventory.system.chassis.motherboard.cpu1.core10@org.openbmc.InventoryItem.props
Jun 28 13:44:05 witherspoon inventory_items.py[954]: Loading from cache: /var/cache/obmc/org.openbmc.inventory.system.chassis.motherboard.todclock@org.openbmc.InventoryItem.props
Jun 28 13:44:05 witherspoon inventory_items.py[954]: Loading from cache: /var/cache/obmc/org.openbmc.inventory.system.chassis.motherboard.cpu1@org.openbmc.InventoryItem.props
Jun 28 13:44:05 witherspoon inventory_items.py[954]: Loading from cache: /var/cache/obmc/org.openbmc.inventory.system.chassis.motherboard.bmc@org.openbmc.InventoryItem.props
Jun 28 13:44:05 witherspoon inventory_items.py[954]: Caching: /org/openbmc/inventory/system/chassis/motherboard/bmc
Jun 28 13:44:05 witherspoon inventory_items.py[954]: Loading from cache: /var/cache/obmc/org.openbmc.inventory.system.chassis.motherboard.cpu0.core1@org.openbmc.InventoryItem.props
Jun 28 13:44:05 witherspoon inventory_items.py[954]: Loading from cache: /var/cache/obmc/org.openbmc.inventory.system.chassis.motherboard.cpu0.core7@org.openbmc.InventoryItem.props
Jun 28 13:44:05 witherspoon inventory_items.py[954]: Loading from cache: /var/cache/obmc/org.openbmc.inventory.system.chassis.motherboard.cpu0.core4@org.openbmc.InventoryItem.props
Jun 28 13:44:05 witherspoon systemd[1]: Started Phosphor Download Manager.
Jun 28 13:44:05 witherspoon download_manager.py[930]: Running Download Manager
Jun 28 13:44:05 witherspoon sensor_manager2.py[942]: Setting boot count to 3
Jun 28 13:44:05 witherspoon sensor_manager2.py[942]: Deleting OCC device
Jun 28 13:44:05 witherspoon sensor_manager2.py[942]: sh: /sys/class/i2c-adapter/i2c-3/3-0050/online: No such file or directory
Jun 28 13:44:05 witherspoon sensor_manager2.py[942]: Deleting OCC device
Jun 28 13:44:05 witherspoon sensor_manager2.py[942]: sh: /sys/class/i2c-adapter/i2c-3/3-0050/online: No such file or directory
Jun 28 13:44:05 witherspoon systemd[1]: Started Phosphor Sensor Manager.
Jun 28 13:44:05 witherspoon sensor_manager2.py[942]: Starting sensor manager
Jun 28 13:44:05 witherspoon inventory_items.py[954]: Loading from cache: /var/cache/obmc/org.openbmc.inventory.system.chassis.motherboard.pcieclock@org.openbmc.InventoryItem.props
Jun 28 13:44:05 witherspoon inventory_items.py[954]: Loading from cache: /var/cache/obmc/org.openbmc.inventory.system.chassis.motherboard.cpu0.core10@org.openbmc.InventoryItem.props
Jun 28 13:44:05 witherspoon systemd[1]: Started Phosphor Inventory Manager.
Jun 28 13:44:05 witherspoon inventory_items.py[954]: Running Inventory Manager
Jun 28 13:44:06 witherspoon systemd[1]: Created slice system-dropbear.slice.
Jun 28 13:44:06 witherspoon systemd[1]: Started SSH Per-Connection Server (9.41.165.94:37056).
Jun 28 13:44:06 witherspoon dropbear[980]: Failed loading /etc/dropbear/dropbear_dss_host_key
Jun 28 13:44:06 witherspoon dropbear[980]: Failed loading /etc/dropbear/dropbear_ecdsa_host_key
Jun 28 13:44:06 witherspoon dropbear[980]: Child connection from ::ffff:9.41.165.94:37056
Jun 28 13:44:07 witherspoon phosphor-mapper[937]: ObjectMapper startup complete.  Discovery in progress...
Jun 28 13:44:07 witherspoon avahi-daemon[972]: ../../avahi-0.6.32/avahi-daemon/chroot.c: open() failed: No such file or directory
Jun 28 13:44:07 witherspoon avahi-daemon[966]: Failed to open /usr/share/dbus-1/interfaces/org.freedesktop.Avahi.Server.xml: Invalid argument
Jun 28 13:44:07 witherspoon avahi-daemon[966]: Failed to load introspection data.
Jun 28 13:44:09 witherspoon systemd-networkd[949]: eth0: Configured
Jun 28 13:44:09 witherspoon systemd-timesyncd[882]: Network configuration changed, trying to establish connection.
Jun 28 13:44:10 witherspoon dropbear[980]: PAM password auth succeeded for 'root' from ::ffff:9.41.165.94:37056
Jun 28 13:44:10 witherspoon dropbear[981]: lastlog_perform_login: Couldn't stat /var/log/lastlog: No such file or directory
Jun 28 13:44:10 witherspoon dropbear[981]: lastlog_openseek: /var/log/lastlog is not a file or directory!
Jun 28 13:44:12 witherspoon systemd[1]: Started Phosphor User Manager.
Jun 28 13:44:12 witherspoon obmc-phosphor-userd[964]: Started
Jun 28 13:44:14 witherspoon netman.py[952]: Started
Jun 28 13:44:14 witherspoon systemd[1]: Started Phosphor Network Manager.
Jun 28 13:44:25 witherspoon phosphor-mapper[937]: ObjectMapper discovery complete
Jun 28 13:44:25 witherspoon systemd[1]: Started Phosphor DBus Service Discovery Manager.
Jun 28 13:44:25 witherspoon systemd[1]: Reached target Phosphor Object Mapper.
Jun 28 13:44:25 witherspoon systemd[1]: Starting Wait for /xyz/openbmc_project/state/host0...
Jun 28 13:44:25 witherspoon systemd[1]: Starting Wait for /xyz/openbmc_project/control/host0...
Jun 28 13:44:25 witherspoon systemd[1]: Reached target Webserver (pre).
Jun 28 13:44:25 witherspoon systemd[1]: Started Phosphor Webserver.
Jun 28 13:44:25 witherspoon systemd[1]: Starting Wait for /org/openbmc/managers/System...
Jun 28 13:44:25 witherspoon systemd[1]: Starting Wait for /org/openbmc/control/power0...
Jun 28 13:44:25 witherspoon systemd[1]: Starting Wait for /org/openbmc/control/bmc0...
Jun 28 13:44:25 witherspoon systemd[1]: Starting Wait for /org/openbmc/NetworkManager/Interface...
Jun 28 13:44:25 witherspoon systemd[1]: Starting Wait for /xyz/openbmc_project/led/groups...
Jun 28 13:44:25 witherspoon systemd[1]: Starting Wait for /org/openbmc/managers/Download...
Jun 28 13:44:25 witherspoon systemd[1]: Starting Wait for /xyz/openbmc_project/led/groups/bmc_booted...
Jun 28 13:44:25 witherspoon systemd[1]: Starting Phosphor Settings Manager...
Jun 28 13:44:25 witherspoon systemd[1]: Starting Wait for /org/openbmc/sensors...
Jun 28 13:44:25 witherspoon systemd[1]: Started Phosphor DBus Monitor.
Jun 28 13:44:25 witherspoon systemd[1]: Starting Phoshpor System Manager...
Jun 28 13:44:25 witherspoon systemd[1]: Starting Wait for /org/openbmc/control/flash/bios...
Jun 28 13:44:25 witherspoon systemd[1]: Starting Wait for /xyz/openbmc_project/state/chassis0...
Jun 28 13:44:25 witherspoon systemd[1]: Starting Wait for /xyz/openbmc_project/inventory...
Jun 28 13:44:31 witherspoon systemd[1]: Started Wait for /org/openbmc/control/bmc0.
Jun 28 13:44:31 witherspoon systemd[1]: Started Wait for /org/openbmc/NetworkManager/Interface.
Jun 28 13:44:31 witherspoon systemd[1]: Started Wait for /xyz/openbmc_project/led/groups.
Jun 28 13:44:31 witherspoon systemd[1]: Started Wait for /org/openbmc/managers/Download.
Jun 28 13:44:31 witherspoon systemd[1]: Started Wait for /xyz/openbmc_project/led/groups/bmc_booted.
Jun 28 13:44:31 witherspoon systemd[1]: Started Wait for /org/openbmc/sensors.
Jun 28 13:44:31 witherspoon systemd[1]: Started Wait for /xyz/openbmc_project/inventory.
Jun 28 13:44:31 witherspoon systemd[1]: Starting OpenPOWER OCC controller...
Jun 28 13:44:31 witherspoon systemd[1]: Started Phosphor Cooling Type.
Jun 28 13:44:31 witherspoon systemd[1]: Starting Read OpenPOWER-format VPD from EEPROM...
Jun 28 13:44:31 witherspoon systemd[1]: Started Phosphor Hwmon Poller.
Jun 28 13:44:32 witherspoon systemd[1]: Starting Assert bmc_booted LED...
Jun 28 13:44:32 witherspoon systemd[1]: Starting Phosphor BIOS Code Update...
Jun 28 13:44:32 witherspoon systemd[1]: Started FRU Fault monitor service.
Jun 28 13:44:32 witherspoon systemd[1]: Started Phosphor DNS Settings Cache Manager.
Jun 28 13:44:32 witherspoon systemd[1]: Starting Phosphor BMC Code Update...
Jun 28 13:44:34 witherspoon systemd[1]: Started OpenPOWER OCC controller.
Jun 28 13:44:34 witherspoon systemd[1]: Started Assert bmc_booted LED.
Jun 28 13:44:34 witherspoon systemd[1]: Started Phosphor BIOS Code Update.
Jun 28 13:44:35 witherspoon system_manager.py[1000]: Running System State: BASE_APPS
Jun 28 13:44:35 witherspoon system_manager.py[1000]: SystemManager Init Done
Jun 28 13:44:35 witherspoon systemd[1]: Started Phoshpor System Manager.
Jun 28 13:44:35 witherspoon system_manager.py[1000]: Running SystemManager
Jun 28 13:44:35 witherspoon systemd[1]: Started Phosphor Settings Manager.
Jun 28 13:44:35 witherspoon systemd[1]: Starting Wait for /org/openbmc/settings/host0...
Jun 28 13:44:35 witherspoon settings_manager.py[997]: Running HostSettingsService
Jun 28 13:44:36 witherspoon systemd[1]: Started Read OpenPOWER-format VPD from EEPROM.
Jun 28 13:44:36 witherspoon system_manager.py[1000]: SystemManager Goto System State: BMC_STARTING
Jun 28 13:44:36 witherspoon system_manager.py[1000]: Running System State: BMC_STARTING
Jun 28 13:44:42 witherspoon hwmon.py[1007]: Starting HWMON sensors
Jun 28 13:44:42 witherspoon systemd[1]: Started Wait for /org/openbmc/settings/host0.
Jun 28 13:44:42 witherspoon systemd[1]: Started Phosphor Inband IPMI.
Jun 28 13:44:42 witherspoon systemd[1]: Started Wait for /org/openbmc/control/flash/bios.
Jun 28 13:44:42 witherspoon systemd[1]: Started Initialize BIOS Flash.
Jun 28 13:44:42 witherspoon systemd[1]: Started Wait for /org/openbmc/managers/System.
Jun 28 13:44:42 witherspoon systemd[1]: Starting Phosphor Host State Manager...
Jun 28 13:44:42 witherspoon systemd[1]: Starting Phosphor Power Button0...
Jun 28 13:44:42 witherspoon systemd[1]: Starting Phosphor Reset Button0...
Jun 28 13:44:42 witherspoon systemd[1]: Starting Phosphor Chassis State Manager...
Jun 28 13:44:42 witherspoon systemd[1]: Starting Phosphor BMC State Manager...
Jun 28 13:44:42 witherspoon systemd[1]: Starting Phosphor Power0 Control...
Jun 28 13:44:43 witherspoon phosphor-bmc-state-manager[1039]: Setting the BMCState field
Jun 28 13:44:43 witherspoon phosphor-bmc-state-manager[1039]: Setting the BMCState field
Jun 28 13:44:43 witherspoon systemd[1]: Started Phosphor BMC State Manager.
Jun 28 13:44:43 witherspoon phosphor-chassis-state-manager[1038]: Initial Chassis State will be Off
Jun 28 13:44:43 witherspoon systemd[1]: Started Phosphor Chassis State Manager.
Jun 28 13:44:44 witherspoon phosphor-host-state-manager[1035]: Initial Host State will be Off
Jun 28 13:44:44 witherspoon systemd[1]: Started Phosphor Host State Manager.
Jun 28 13:44:47 witherspoon button_power.exe[1036]: GPIO Lookup:  POWER_BUTTON = 347,both
Jun 28 13:44:47 witherspoon button_reset.exe[1037]: GPIO Lookup:  RESET_BUTTON = 353,both
Jun 28 13:44:47 witherspoon systemd[1]: Started Phosphor Power Button0.
Jun 28 13:44:47 witherspoon systemd[1]: Started Phosphor Reset Button0.
Jun 28 13:44:47 witherspoon bmc_update.py[1012]: Running Bmc Flash Control
Jun 28 13:44:47 witherspoon systemd[1]: Started Phosphor BMC Code Update.
Jun 28 13:44:48 witherspoon flash_bios.exe[1009]: Starting flasher: bios,,/org/openbmc/control/flash/bios,
Jun 28 13:44:48 witherspoon flash_bios.exe[1009]: flasher: , BMC = 1, address = 0x0
Jun 28 13:44:48 witherspoon flash_bios.exe[1009]: Setting up flash
Jun 28 13:44:48 witherspoon system_manager.py[1000]: New object: /org/openbmc/control/power0 (:1.68)
Jun 28 13:44:48 witherspoon system_manager.py[1000]: Power GPIO config: ['SYS_PWROK_BUFF', '', [('SOFTWARE_PGOOD', True), ('BMC_POWER_UP', True)], [('BMC_CP0_RESET_N', False)], [], 'FSI_DATA', 'FSI_CLK', 'FSI_ENABLE', 'CRONUS_SEL', []]
Jun 28 13:44:48 witherspoon flash_bios.exe[1009]: Starting flasher: bios,,/org/openbmc/control/flash/bios,
Jun 28 13:44:48 witherspoon flash_bios.exe[1009]: flasher: , BMC = 1, address = 0x0
Jun 28 13:44:48 witherspoon flash_bios.exe[1009]: Setting up flash
Jun 28 13:44:48 witherspoon systemd[1]: Started Wait for /xyz/openbmc_project/state/chassis0.
Jun 28 13:44:49 witherspoon power_control.exe[1040]: Power GPIO latch output:
Jun 28 13:44:49 witherspoon power_control.exe[1040]: Power GPIO power good input: SYS_PWROK_BUFF
Jun 28 13:44:49 witherspoon power_control.exe[1040]: Power GPIO 2 power_up outputs
Jun 28 13:44:49 witherspoon power_control.exe[1040]: Power GPIO power_up[0] = SOFTWARE_PGOOD active HIGH
Jun 28 13:44:49 witherspoon power_control.exe[1040]: Power GPIO power_up[1] = BMC_POWER_UP active HIGH
Jun 28 13:44:49 witherspoon power_control.exe[1040]: Power GPIO 1 reset outputs
Jun 28 13:44:49 witherspoon power_control.exe[1040]: Power GPIO reset[0] = BMC_CP0_RESET_N active LOW
Jun 28 13:44:49 witherspoon power_control.exe[1040]: Power GPIO 0 pci reset outputs
Jun 28 13:44:49 witherspoon power_control.exe[1040]: FSI DATA GPIO: FSI_DATA
Jun 28 13:44:49 witherspoon power_control.exe[1040]: FSI CLK GPIO: FSI_CLK
Jun 28 13:44:49 witherspoon power_control.exe[1040]: FSI ENABLE GPIO: FSI_ENABLE
Jun 28 13:44:49 witherspoon power_control.exe[1040]: CRONUS SEL GPIO: CRONUS_SEL
Jun 28 13:44:49 witherspoon power_control.exe[1040]: Hostctl GPIO optionals: 0
Jun 28 13:44:49 witherspoon power_control.exe[1040]: GPIO Lookup:  SYS_PWROK_BUFF = 306,in
Jun 28 13:44:49 witherspoon power_control.exe[1040]: GPIO Lookup:  SOFTWARE_PGOOD = 417,out
Jun 28 13:44:49 witherspoon power_control.exe[1040]: GPIO Lookup:  BMC_POWER_UP = 305,out
Jun 28 13:44:49 witherspoon power_control.exe[1040]: GPIO Lookup:  BMC_CP0_RESET_N = 281,out
Jun 28 13:44:49 witherspoon power_control.exe[1040]: Pgood state: 0
Jun 28 13:44:49 witherspoon systemd[1]: Started Phosphor Power0 Control.
Jun 28 13:44:50 witherspoon systemd[1]: Started Wait for /xyz/openbmc_project/state/host0.
Jun 28 13:44:50 witherspoon systemd[1]: Starting Reboot If Enabled...
Jun 28 13:44:51 witherspoon phosphor-discover-system-state[1073]: Host power is off, checking power policy
Jun 28 13:44:51 witherspoon systemd[1]: Started Reboot If Enabled.
Jun 28 13:44:51 witherspoon systemd[1]: Started Wait for /xyz/openbmc_project/control/host0.
Jun 28 13:44:52 witherspoon system_manager.py[1000]: SystemManager Goto System State: BMC_READY
Jun 28 13:44:52 witherspoon system_manager.py[1000]: Running System State: BMC_READY
Jun 28 13:44:52 witherspoon systemd[1]: Started Wait for /org/openbmc/control/power0.
Jun 28 13:44:52 witherspoon systemd[1]: Starting Check Chassis0 pgood and create a file to indicate it...
Jun 28 13:44:52 witherspoon timemanager[1079]: Registering dbus methods
Jun 28 13:44:52 witherspoon timemanager[1079]: Empty DhcpNtp string
Jun 28 13:44:52 witherspoon timemanager[1079]: Reading Power Control key: pgood
Jun 28 13:44:52 witherspoon timemanager[1079]: Changing settings *allowed* now
Jun 28 13:44:52 witherspoon timemanager[1079]: Getting System Settings: time_mode
Jun 28 13:44:52 witherspoon timemanager[1079]: Requested_Mode: NTP Current_Mode: NTP
Jun 28 13:44:52 witherspoon timemanager[1079]: Mode is already set to : NTP
Jun 28 13:44:52 witherspoon timemanager[1079]: Getting System Settings: time_owner
Jun 28 13:44:52 witherspoon timemanager[1079]: Owner is already set to : BMC
Jun 28 13:44:52 witherspoon timemanager[1079]: Getting System Settings: use_dhcp_ntp
Jun 28 13:44:52 witherspoon systemd[1]: Starting Phosphor Time Manager daemon...
Jun 28 13:44:52 witherspoon timemanager[1079]: use_dhcp_ntp = yes
Jun 28 13:44:52 witherspoon timemanager[1079]: Last known host_offset:0
Jun 28 13:44:52 witherspoon timemanager[1079]: Initial Uptime Usec: 1498657391651163
Jun 28 13:44:52 witherspoon systemd[1]: Started Phosphor Time Manager daemon.
Jun 28 13:44:53 witherspoon systemd[1]: Started Check Chassis0 pgood and create a file to indicate it.
Jun 28 13:44:53 witherspoon systemd[1]: Reached target Chassis0 power on after reset.
Jun 28 13:44:53 witherspoon systemd[1]: Reached target Host0 running after reset.
Jun 28 13:44:53 witherspoon systemd[1]: Reached target Host0 (Reset Check).
Jun 28 13:44:53 witherspoon systemd[1]: Reached target Chassis0 (Reset Check).
Jun 28 13:44:53 witherspoon systemd[1]: Reached target Phosphor System - Standby.
Jun 28 13:44:53 witherspoon systemd[1]: Startup finished in 8.499s (kernel) + 1min 33.483s (userspace) = 1min 41.983s.
Jun 28 13:44:53 witherspoon phosphor-bmc-state-manager[1039]: BMC_READY
Jun 28 13:44:53 witherspoon phosphor-bmc-state-manager[1039]: Setting the BMCState field
Jun 28 13:45:05 witherspoon phosphor-gevent[989]: Traceback (most recent call last):
Jun 28 13:45:05 witherspoon phosphor-gevent[989]:   File "/usr/lib/python2.7/site-packages/gevent/greenlet.py", line 327, in run
Jun 28 13:45:05 witherspoon phosphor-gevent[989]:     result = self._run(*self.args, **self.kwargs)
Jun 28 13:45:05 witherspoon phosphor-gevent[989]:   File "/usr/lib/python2.7/site-packages/gevent/server.py", line 102, in wrap_socket_and_handle
Jun 28 13:45:05 witherspoon phosphor-gevent[989]:     ssl_socket = self.wrap_socket(client_socket, **self.ssl_args)
Jun 28 13:45:05 witherspoon phosphor-gevent[989]:   File "/usr/lib/python2.7/site-packages/gevent/ssl.py", line 404, in wrap_socket
Jun 28 13:45:05 witherspoon phosphor-gevent[989]:     ciphers=ciphers)
Jun 28 13:45:05 witherspoon phosphor-gevent[989]:   File "/usr/lib/python2.7/site-packages/gevent/ssl.py", line 113, in __init__
Jun 28 13:45:05 witherspoon phosphor-gevent[989]:     self.do_handshake()
Jun 28 13:45:05 witherspoon phosphor-gevent[989]:   File "/usr/lib/python2.7/site-packages/gevent/ssl.py", line 324, in do_handshake
Jun 28 13:45:05 witherspoon phosphor-gevent[989]:     return self._sslobj.do_handshake()
Jun 28 13:45:05 witherspoon phosphor-gevent[989]: SSLEOFError: EOF occurred in violation of protocol (_ssl.c:590)
Jun 28 13:45:05 witherspoon phosphor-gevent[989]: <Greenlet at 0x7603d300: <bound method WSGIServer.wrap_socket_and_handle of <WSGIServer at 0x760188b0 fileno=5 address=('::3492:f276:b06d:6876%1986555296', 443, 0, 1986555296)>>(<socket at 0x75eec2d0 fileno=9>, ('::6079:6676:8e91:f402%1995537180', 43808, 0, 199)> failed with SSLEOFError
Jun 28 13:45:05 witherspoon phosphor-gevent[989]: Traceback (most recent call last):
Jun 28 13:45:05 witherspoon phosphor-gevent[989]:   File "/usr/lib/python2.7/site-packages/gevent/greenlet.py", line 327, in run
Jun 28 13:45:05 witherspoon phosphor-gevent[989]:     result = self._run(*self.args, **self.kwargs)
Jun 28 13:45:05 witherspoon phosphor-gevent[989]:   File "/usr/lib/python2.7/site-packages/gevent/server.py", line 102, in wrap_socket_and_handle
Jun 28 13:45:05 witherspoon phosphor-gevent[989]:     ssl_socket = self.wrap_socket(client_socket, **self.ssl_args)
Jun 28 13:45:05 witherspoon phosphor-gevent[989]:   File "/usr/lib/python2.7/site-packages/gevent/ssl.py", line 404, in wrap_socket
Jun 28 13:45:05 witherspoon phosphor-gevent[989]:     ciphers=ciphers)
Jun 28 13:45:05 witherspoon phosphor-gevent[989]:   File "/usr/lib/python2.7/site-packages/gevent/ssl.py", line 113, in __init__
Jun 28 13:45:05 witherspoon phosphor-gevent[989]:     self.do_handshake()
Jun 28 13:45:05 witherspoon phosphor-gevent[989]:   File "/usr/lib/python2.7/site-packages/gevent/ssl.py", line 324, in do_handshake
Jun 28 13:45:05 witherspoon phosphor-gevent[989]:     return self._sslobj.do_handshake()
Jun 28 13:45:05 witherspoon phosphor-gevent[989]: SSLEOFError: EOF occurred in violation of protocol (_ssl.c:590)
Jun 28 13:45:05 witherspoon phosphor-gevent[989]: <Greenlet at 0x7603d5d0: <bound method WSGIServer.wrap_socket_and_handle of <WSGIServer at 0x760188b0 fileno=5 address=('::3492:f276:b06d:6876%1986555296', 443, 0, 1986555296)>>(<socket at 0x75eec270 fileno=10>, ('::6079:6676:8e91:f402%1995537180', 43810, 0, 199)> failed with SSLEOFError
Jun 28 13:45:05 witherspoon phosphor-gevent[989]: Traceback (most recent call last):
Jun 28 13:45:05 witherspoon phosphor-gevent[989]:   File "/usr/lib/python2.7/site-packages/gevent/greenlet.py", line 327, in run
Jun 28 13:45:05 witherspoon phosphor-gevent[989]:     result = self._run(*self.args, **self.kwargs)
Jun 28 13:45:05 witherspoon phosphor-gevent[989]:   File "/usr/lib/python2.7/site-packages/gevent/server.py", line 102, in wrap_socket_and_handle
Jun 28 13:45:05 witherspoon phosphor-gevent[989]:     ssl_socket = self.wrap_socket(client_socket, **self.ssl_args)
Jun 28 13:45:05 witherspoon phosphor-gevent[989]:   File "/usr/lib/python2.7/site-packages/gevent/ssl.py", line 404, in wrap_socket
Jun 28 13:45:06 witherspoon phosphor-gevent[989]:     ciphers=ciphers)
Jun 28 13:45:06 witherspoon phosphor-gevent[989]:   File "/usr/lib/python2.7/site-packages/gevent/ssl.py", line 113, in __init__
Jun 28 13:45:06 witherspoon phosphor-gevent[989]:     self.do_handshake()
Jun 28 13:45:06 witherspoon phosphor-gevent[989]:   File "/usr/lib/python2.7/site-packages/gevent/ssl.py", line 324, in do_handshake
Jun 28 13:45:06 witherspoon phosphor-gevent[989]:     return self._sslobj.do_handshake()
Jun 28 13:45:06 witherspoon phosphor-gevent[989]: SSLEOFError: EOF occurred in violation of protocol (_ssl.c:590)
Jun 28 13:45:06 witherspoon phosphor-gevent[989]: <Greenlet at 0x7603d2b0: <bound method WSGIServer.wrap_socket_and_handle of <WSGIServer at 0x760188b0 fileno=5 address=('::3492:f276:b06d:6876%1986555296', 443, 0, 1986555296)>>(<socket at 0x75eec310 fileno=11>, ('::6079:6676:8e91:f402%1995537180', 43812, 0, 199)> failed with SSLEOFError
Jun 28 13:45:24 witherspoon phosphor-gevent[989]: ::6079:6676:8e91:f402%1995537180 - - [2017-06-28 13:45:24] "POST /login HTTP/1.1" 200 320 0.045165
Jun 28 13:45:25 witherspoon phosphor-gevent[989]: ::6079:6676:8e91:f402%1995537180 - - [2017-06-28 13:45:25] "GET /xyz/openbmc_project/state/chassis0//attr/CurrentPowerState HTTP/1.1" 200 216 0.087286
Jun 28 13:45:25 witherspoon phosphor-gevent[989]: ::6079:6676:8e91:f402%1995537180 - - [2017-06-28 13:45:25] "POST /login HTTP/1.1" 200 320 0.049074
Jun 28 13:45:25 witherspoon phosphor-gevent[989]: ::6079:6676:8e91:f402%1995537180 - - [2017-06-28 13:45:25] "GET /xyz/openbmc_project/state/chassis0//attr/CurrentPowerState HTTP/1.1" 200 216 0.115000
Jun 28 13:45:25 witherspoon phosphor-gevent[989]: ::6079:6676:8e91:f402%1995537180 - - [2017-06-28 13:45:25] "POST /login HTTP/1.1" 200 320 0.032869
Jun 28 13:45:25 witherspoon phosphor-gevent[989]: ::6079:6676:8e91:f402%1995537180 - - [2017-06-28 13:45:25] "GET /org/openbmc/sensors/host/BootProgress/attr/value HTTP/1.1" 200 170 0.064168
Jun 28 13:45:25 witherspoon phosphor-gevent[989]: ::6079:6676:8e91:f402%1995537180 - - [2017-06-28 13:45:25] "POST /login HTTP/1.1" 200 320 0.032721
Jun 28 13:45:26 witherspoon phosphor-gevent[989]: ::6079:6676:8e91:f402%1995537180 - - [2017-06-28 13:45:26] "GET /xyz/openbmc_project/state/host0//attr/CurrentHostState HTTP/1.1" 200 212 0.058611
Jun 28 13:45:26 witherspoon phosphor-gevent[989]: ::6079:6676:8e91:f402%1995537180 - - [2017-06-28 13:45:26] "POST /login HTTP/1.1" 200 320 0.033486
Jun 28 13:45:26 witherspoon phosphor-gevent[989]: ::6079:6676:8e91:f402%1995537180 - - [2017-06-28 13:45:26] "GET /xyz/openbmc_project/logging/entry/list HTTP/1.1" 404 311 0.030581
Jun 28 13:45:26 witherspoon dropbear[980]: Exit (root): Error reading: Connection reset by peer
Jun 28 13:45:26 witherspoon systemd[1]: Started SSH Per-Connection Server (9.41.165.94:37074).
Jun 28 13:45:26 witherspoon dropbear[1094]: Failed loading /etc/dropbear/dropbear_dss_host_key
Jun 28 13:45:26 witherspoon dropbear[1094]: Failed loading /etc/dropbear/dropbear_ecdsa_host_key
Jun 28 13:45:26 witherspoon dropbear[1094]: Child connection from ::ffff:9.41.165.94:37074
Jun 28 13:45:27 witherspoon dropbear[1094]: PAM password auth succeeded for 'root' from ::ffff:9.41.165.94:37074
Jun 28 13:45:27 witherspoon dropbear[1095]: lastlog_perform_login: Couldn't stat /var/log/lastlog: No such file or directory
Jun 28 13:45:27 witherspoon dropbear[1095]: lastlog_openseek: /var/log/lastlog is not a file or directory!
Jun 28 13:45:28 witherspoon phosphor-gevent[989]: ::6079:6676:8e91:f402%1995537180 - - [2017-06-28 13:45:28] "POST /login HTTP/1.1" 200 320 0.033076
Jun 28 13:45:28 witherspoon phosphor-gevent[989]: ::6079:6676:8e91:f402%1995537180 - - [2017-06-28 13:45:28] "GET /xyz/openbmc_project/state/host0//attr/CurrentHostState HTTP/1.1" 200 212 0.048251
Jun 28 13:45:29 witherspoon dropbear[1094]: Exit (root): Exited normally
Jun 28 13:45:31 witherspoon systemd[1]: Started SSH Per-Connection Server (9.41.165.94:37078).
Jun 28 13:45:31 witherspoon dropbear[1104]: Failed loading /etc/dropbear/dropbear_dss_host_key
Jun 28 13:45:31 witherspoon dropbear[1104]: Failed loading /etc/dropbear/dropbear_ecdsa_host_key
Jun 28 13:45:31 witherspoon dropbear[1104]: Child connection from ::ffff:9.41.165.94:37078
Jun 28 13:45:32 witherspoon dropbear[1104]: PAM password auth succeeded for 'root' from ::ffff:9.41.165.94:37078
Jun 28 13:45:32 witherspoon dropbear[1105]: lastlog_perform_login: Couldn't stat /var/log/lastlog: No such file or directory
Jun 28 13:45:32 witherspoon dropbear[1105]: lastlog_openseek: /var/log/lastlog is not a file or directory!
Jun 28 13:45:33 witherspoon phosphor-gevent[989]: ::6079:6676:8e91:f402%1995537180 - - [2017-06-28 13:45:33] "POST /login HTTP/1.1" 200 320 0.032839
Jun 28 13:45:34 witherspoon phosphor-gevent[989]: ::6079:6676:8e91:f402%1995537180 - - [2017-06-28 13:45:34] "PUT /org/openbmc/settings/host0/attr/power_policy HTTP/1.1" 200 169 0.174458
Jun 28 13:45:34 witherspoon phosphor-gevent[989]: ::6079:6676:8e91:f402%1995537180 - - [2017-06-28 13:45:34] "POST /login HTTP/1.1" 200 320 0.034295
Jun 28 13:45:34 witherspoon phosphor-gevent[989]: ::6079:6676:8e91:f402%1995537180 - - [2017-06-28 13:45:34] "GET /org/openbmc/settings/host0/attr/power_policy HTTP/1.1" 200 185 0.084031
Jun 28 13:45:34 witherspoon systemd[1]: Started SSH Per-Connection Server (9.41.165.94:37084).
Jun 28 13:45:34 witherspoon dropbear[1111]: Failed loading /etc/dropbear/dropbear_dss_host_key
Jun 28 13:45:34 witherspoon dropbear[1111]: Failed loading /etc/dropbear/dropbear_ecdsa_host_key
Jun 28 13:45:34 witherspoon dropbear[1111]: Child connection from ::ffff:9.41.165.94:37084
Jun 28 13:45:35 witherspoon dropbear[1111]: PAM password auth succeeded for 'root' from ::ffff:9.41.165.94:37084
Jun 28 13:45:35 witherspoon dropbear[1112]: lastlog_perform_login: Couldn't stat /var/log/lastlog: No such file or directory
Jun 28 13:45:35 witherspoon dropbear[1112]: lastlog_openseek: /var/log/lastlog is not a file or directory!
Jun 28 13:45:36 witherspoon phosphor-gevent[989]: ::6079:6676:8e91:f402%1995537180 - - [2017-06-28 13:45:36] "POST /login HTTP/1.1" 200 320 0.043292
Jun 28 13:45:36 witherspoon phosphor-gevent[989]: ::6079:6676:8e91:f402%1995537180 - - [2017-06-28 13:45:36] "GET /xyz/openbmc_project/state/chassis0//attr/CurrentPowerState HTTP/1.1" 200 216 0.058994
Jun 28 13:45:36 witherspoon phosphor-gevent[989]: ::6079:6676:8e91:f402%1995537180 - - [2017-06-28 13:45:36] "POST /login HTTP/1.1" 200 320 0.040208
Jun 28 13:45:36 witherspoon phosphor-gevent[989]: ::6079:6676:8e91:f402%1995537180 - - [2017-06-28 13:45:36] "GET /xyz/openbmc_project/state/bmc0//attr/CurrentBMCState HTTP/1.1" 200 212 0.079060
Jun 28 13:45:37 witherspoon phosphor-gevent[989]: ::6079:6676:8e91:f402%1995537180 - - [2017-06-28 13:45:37] "POST /login HTTP/1.1" 200 320 0.033756
Jun 28 13:45:37 witherspoon phosphor-gevent[989]: ::6079:6676:8e91:f402%1995537180 - - [2017-06-28 13:45:37] "GET /org/openbmc/sensors/host/BootProgress/attr/value HTTP/1.1" 200 170 0.051815
Jun 28 13:45:37 witherspoon phosphor-gevent[989]: ::6079:6676:8e91:f402%1995537180 - - [2017-06-28 13:45:37] "POST /login HTTP/1.1" 200 320 0.055219
Jun 28 13:45:37 witherspoon phosphor-gevent[989]: ::6079:6676:8e91:f402%1995537180 - - [2017-06-28 13:45:37] "GET /xyz/openbmc_project/state/host0//attr/CurrentHostState HTTP/1.1" 200 212 0.048263
Jun 28 13:45:37 witherspoon phosphor-gevent[989]: ::6079:6676:8e91:f402%1995537180 - - [2017-06-28 13:45:37] "POST /login HTTP/1.1" 200 320 0.035277
Jun 28 13:45:37 witherspoon phosphor-gevent[989]: ::6079:6676:8e91:f402%1995537180 - - [2017-06-28 13:45:37] "GET /xyz/openbmc_project/logging/entry/list HTTP/1.1" 404 311 0.028862
Jun 28 13:45:37 witherspoon systemd[1]: Started SSH Per-Connection Server (9.41.165.94:37096).
Jun 28 13:45:37 witherspoon dropbear[1115]: Failed loading /etc/dropbear/dropbear_dss_host_key
Jun 28 13:45:38 witherspoon dropbear[1115]: Failed loading /etc/dropbear/dropbear_ecdsa_host_key
Jun 28 13:45:38 witherspoon dropbear[1115]: Child connection from ::ffff:9.41.165.94:37096
Jun 28 13:45:38 witherspoon dropbear[1115]: PAM password auth succeeded for 'root' from ::ffff:9.41.165.94:37096
Jun 28 13:46:10 witherspoon phosphor-gevent[989]: ::6079:6676:8e91:f402%1995537180 - - [2017-06-28 13:46:10] "POST /login HTTP/1.1" 200 320 0.052171
Jun 28 13:46:10 witherspoon phosphor-gevent[989]: ::6079:6676:8e91:f402%1995537180 - - [2017-06-28 13:46:10] "POST /org/openbmc/control/flash/bios//action/update HTTP/1.1" 200 169 0.221551
Jun 28 13:46:11 witherspoon flash_bios.exe[1009]: Starting flasher: bios,/tmp/witherspoon.pnor,/org/openbmc/control/flash/bios,
Jun 28 13:46:11 witherspoon flash_bios.exe[1009]: flasher: /tmp/witherspoon.pnor, BMC = 1, address = 0x0
Jun 28 13:46:11 witherspoon flash_bios.exe[1009]: Setting up flash
Jun 28 13:46:11 witherspoon phosphor-gevent[989]: ::6079:6676:8e91:f402%1995537180 - - [2017-06-28 13:46:11] "POST /login HTTP/1.1" 200 320 0.032569
Jun 28 13:46:11 witherspoon phosphor-gevent[989]: ::6079:6676:8e91:f402%1995537180 - - [2017-06-28 13:46:11] "GET /org/openbmc/control/flash/bios HTTP/1.1" 200 386 0.178837
Jun 28 13:46:12 witherspoon phosphor-gevent[989]: ::6079:6676:8e91:f402%1995537180 - - [2017-06-28 13:46:12] "POST /login HTTP/1.1" 200 320 0.032576
Jun 28 13:46:12 witherspoon phosphor-gevent[989]: ::6079:6676:8e91:f402%1995537180 - - [2017-06-28 13:46:12] "GET /org/openbmc/control/flash/bios HTTP/1.1" 200 386 0.325145
Jun 28 13:46:23 witherspoon phosphor-gevent[989]: ::6079:6676:8e91:f402%1995537180 - - [2017-06-28 13:46:23] "POST /login HTTP/1.1" 200 320 0.032494
Jun 28 13:46:23 witherspoon phosphor-gevent[989]: ::6079:6676:8e91:f402%1995537180 - - [2017-06-28 13:46:23] "GET /org/openbmc/control/flash/bios HTTP/1.1" 200 386 0.066713
Jun 28 13:46:33 witherspoon phosphor-gevent[989]: ::6079:6676:8e91:f402%1995537180 - - [2017-06-28 13:46:33] "POST /login HTTP/1.1" 200 320 0.037882
Jun 28 13:46:33 witherspoon phosphor-gevent[989]: ::6079:6676:8e91:f402%1995537180 - - [2017-06-28 13:46:33] "GET /org/openbmc/control/flash/bios HTTP/1.1" 200 386 0.066972
Jun 28 13:46:44 witherspoon phosphor-gevent[989]: ::6079:6676:8e91:f402%1995537180 - - [2017-06-28 13:46:44] "POST /login HTTP/1.1" 200 320 0.032359
Jun 28 13:46:44 witherspoon phosphor-gevent[989]: ::6079:6676:8e91:f402%1995537180 - - [2017-06-28 13:46:44] "GET /org/openbmc/control/flash/bios HTTP/1.1" 200 386 0.066847
Jun 28 13:46:55 witherspoon phosphor-gevent[989]: ::6079:6676:8e91:f402%1995537180 - - [2017-06-28 13:46:55] "POST /login HTTP/1.1" 200 320 0.033071
Jun 28 13:46:55 witherspoon phosphor-gevent[989]: ::6079:6676:8e91:f402%1995537180 - - [2017-06-28 13:46:55] "GET /org/openbmc/control/flash/bios HTTP/1.1" 200 386 0.067705
Jun 28 13:47:05 witherspoon phosphor-gevent[989]: ::6079:6676:8e91:f402%1995537180 - - [2017-06-28 13:47:05] "POST /login HTTP/1.1" 200 320 0.032989
Jun 28 13:47:06 witherspoon phosphor-gevent[989]: ::6079:6676:8e91:f402%1995537180 - - [2017-06-28 13:47:06] "GET /org/openbmc/control/flash/bios HTTP/1.1" 200 386 0.885368
Jun 28 13:47:17 witherspoon phosphor-gevent[989]: ::6079:6676:8e91:f402%1995537180 - - [2017-06-28 13:47:17] "POST /login HTTP/1.1" 200 320 0.102369
Jun 28 13:47:17 witherspoon phosphor-gevent[989]: ::6079:6676:8e91:f402%1995537180 - - [2017-06-28 13:47:17] "GET /org/openbmc/control/flash/bios HTTP/1.1" 200 386 0.066791
Jun 28 13:47:27 witherspoon phosphor-gevent[989]: ::6079:6676:8e91:f402%1995537180 - - [2017-06-28 13:47:27] "POST /login HTTP/1.1" 200 320 0.038856
Jun 28 13:47:27 witherspoon phosphor-gevent[989]: ::6079:6676:8e91:f402%1995537180 - - [2017-06-28 13:47:27] "GET /org/openbmc/control/flash/bios HTTP/1.1" 200 386 0.071160
Jun 28 13:47:37 witherspoon phosphor-gevent[989]: ::6079:6676:8e91:f402%1995537180 - - [2017-06-28 13:47:37] "POST /login HTTP/1.1" 200 320 0.033315
Jun 28 13:47:38 witherspoon phosphor-gevent[989]: ::6079:6676:8e91:f402%1995537180 - - [2017-06-28 13:47:38] "GET /org/openbmc/control/flash/bios HTTP/1.1" 200 386 0.067835
Jun 28 13:47:49 witherspoon phosphor-gevent[989]: ::6079:6676:8e91:f402%1995537180 - - [2017-06-28 13:47:49] "POST /login HTTP/1.1" 200 320 0.033227
Jun 28 13:47:49 witherspoon phosphor-gevent[989]: ::6079:6676:8e91:f402%1995537180 - - [2017-06-28 13:47:49] "GET /org/openbmc/control/flash/bios HTTP/1.1" 200 386 0.067102
Jun 28 13:47:59 witherspoon phosphor-gevent[989]: ::6079:6676:8e91:f402%1995537180 - - [2017-06-28 13:47:59] "POST /login HTTP/1.1" 200 320 0.032615
Jun 28 13:47:59 witherspoon phosphor-gevent[989]: ::6079:6676:8e91:f402%1995537180 - - [2017-06-28 13:47:59] "GET /org/openbmc/control/flash/bios HTTP/1.1" 200 386 0.067364
Jun 28 13:48:09 witherspoon phosphor-gevent[989]: ::6079:6676:8e91:f402%1995537180 - - [2017-06-28 13:48:09] "POST /login HTTP/1.1" 200 320 0.032734
Jun 28 13:48:09 witherspoon phosphor-gevent[989]: ::6079:6676:8e91:f402%1995537180 - - [2017-06-28 13:48:09] "GET /org/openbmc/control/flash/bios HTTP/1.1" 200 386 0.067082
Jun 28 13:48:20 witherspoon phosphor-gevent[989]: ::6079:6676:8e91:f402%1995537180 - - [2017-06-28 13:48:20] "POST /login HTTP/1.1" 200 320 0.039260
Jun 28 13:48:20 witherspoon phosphor-gevent[989]: ::6079:6676:8e91:f402%1995537180 - - [2017-06-28 13:48:20] "GET /org/openbmc/control/flash/bios HTTP/1.1" 200 386 0.074578
Jun 28 13:48:30 witherspoon phosphor-gevent[989]: ::6079:6676:8e91:f402%1995537180 - - [2017-06-28 13:48:30] "POST /login HTTP/1.1" 200 320 0.032903
Jun 28 13:48:30 witherspoon phosphor-gevent[989]: ::6079:6676:8e91:f402%1995537180 - - [2017-06-28 13:48:30] "GET /org/openbmc/control/flash/bios HTTP/1.1" 200 386 0.072091
Jun 28 13:48:40 witherspoon phosphor-gevent[989]: ::6079:6676:8e91:f402%1995537180 - - [2017-06-28 13:48:40] "POST /login HTTP/1.1" 200 320 0.033157
Jun 28 13:48:40 witherspoon phosphor-gevent[989]: ::6079:6676:8e91:f402%1995537180 - - [2017-06-28 13:48:40] "GET /org/openbmc/control/flash/bios HTTP/1.1" 200 390 0.067559
Jun 28 13:48:52 witherspoon phosphor-gevent[989]: ::6079:6676:8e91:f402%1995537180 - - [2017-06-28 13:48:52] "POST /login HTTP/1.1" 200 320 0.033193
Jun 28 13:48:52 witherspoon phosphor-gevent[989]: ::6079:6676:8e91:f402%1995537180 - - [2017-06-28 13:48:52] "GET /org/openbmc/control/flash/bios HTTP/1.1" 200 391 0.066724
Jun 28 13:49:02 witherspoon phosphor-gevent[989]: ::6079:6676:8e91:f402%1995537180 - - [2017-06-28 13:49:02] "POST /login HTTP/1.1" 200 320 0.032824
Jun 28 13:49:02 witherspoon phosphor-gevent[989]: ::6079:6676:8e91:f402%1995537180 - - [2017-06-28 13:49:02] "GET /org/openbmc/control/flash/bios HTTP/1.1" 200 391 0.067236
Jun 28 13:49:14 witherspoon phosphor-gevent[989]: ::6079:6676:8e91:f402%1995537180 - - [2017-06-28 13:49:14] "POST /login HTTP/1.1" 200 320 0.039756
Jun 28 13:49:14 witherspoon phosphor-gevent[989]: ::6079:6676:8e91:f402%1995537180 - - [2017-06-28 13:49:14] "GET /org/openbmc/control/flash/bios HTTP/1.1" 200 391 0.067260
Jun 28 13:49:24 witherspoon phosphor-gevent[989]: ::6079:6676:8e91:f402%1995537180 - - [2017-06-28 13:49:24] "POST /login HTTP/1.1" 200 320 0.032909
Jun 28 13:49:24 witherspoon phosphor-gevent[989]: ::6079:6676:8e91:f402%1995537180 - - [2017-06-28 13:49:24] "GET /org/openbmc/control/flash/bios HTTP/1.1" 200 390 0.067654
Jun 28 13:49:36 witherspoon flash_bios.exe[1009]: Erasing... (may take a while !) done !
Jun 28 13:49:36 witherspoon flash_bios.exe[1009]: About to program "/tmp/witherspoon.pnor" at 0x00000000..0x04000000 !
Jun 28 13:49:36 witherspoon flash_bios.exe[1009]: Programming & Verifying...
Jun 28 13:49:36 witherspoon flash_bios.exe[1009]: Flash done
Jun 28 13:49:37 witherspoon phosphor-gevent[989]: ::6079:6676:8e91:f402%1995537180 - - [2017-06-28 13:49:37] "POST /login HTTP/1.1" 200 320 0.032764
Jun 28 13:49:37 witherspoon phosphor-gevent[989]: ::6079:6676:8e91:f402%1995537180 - - [2017-06-28 13:49:37] "GET /org/openbmc/control/flash/bios HTTP/1.1" 200 388 0.067273
Jun 28 13:49:37 witherspoon systemd[1]: Started SSH Per-Connection Server (9.41.165.94:37142).
Jun 28 13:49:37 witherspoon dropbear[1121]: Failed loading /etc/dropbear/dropbear_dss_host_key
Jun 28 13:49:37 witherspoon dropbear[1121]: Failed loading /etc/dropbear/dropbear_ecdsa_host_key
Jun 28 13:49:37 witherspoon dropbear[1121]: Child connection from ::ffff:9.41.165.94:37142
Jun 28 13:49:38 witherspoon dropbear[1121]: PAM password auth succeeded for 'root' from ::ffff:9.41.165.94:37142
Jun 28 13:49:38 witherspoon dropbear[1122]: lastlog_perform_login: Couldn't stat /var/log/lastlog: No such file or directory
Jun 28 13:49:38 witherspoon dropbear[1122]: lastlog_openseek: /var/log/lastlog is not a file or directory!
Jun 28 13:49:39 witherspoon phosphor-gevent[989]: ::6079:6676:8e91:f402%1995537180 - - [2017-06-28 13:49:39] "POST /login HTTP/1.1" 200 320 0.033342
Jun 28 13:49:39 witherspoon phosphor-gevent[989]: ::6079:6676:8e91:f402%1995537180 - - [2017-06-28 13:49:39] "GET /xyz/openbmc_project/state/host0//attr/CurrentHostState HTTP/1.1" 200 212 0.049105
Jun 28 13:49:39 witherspoon systemd[1]: Created slice system-obmc\x2dconsole\x2dssh.slice.
Jun 28 13:49:39 witherspoon systemd[1]: Started Phosphor Host Console SSH Per-Connection (9.41.165.94:49364).
Jun 28 13:49:39 witherspoon dropbear[1126]: Failed loading /etc/dropbear/dropbear_dss_host_key
Jun 28 13:49:39 witherspoon dropbear[1126]: Failed loading /etc/dropbear/dropbear_ecdsa_host_key
Jun 28 13:49:39 witherspoon dropbear[1126]: Child connection from ::ffff:9.41.165.94:49364
Jun 28 13:49:40 witherspoon phosphor-gevent[989]: ::6079:6676:8e91:f402%1995537180 - - [2017-06-28 13:49:40] "POST /login HTTP/1.1" 200 320 0.033029
Jun 28 13:49:40 witherspoon dropbear[1126]: PAM password auth succeeded for 'root' from ::ffff:9.41.165.94:49364
Jun 28 13:49:40 witherspoon dropbear[1127]: lastlog_perform_login: Couldn't stat /var/log/lastlog: No such file or directory
Jun 28 13:49:40 witherspoon dropbear[1127]: lastlog_openseek: /var/log/lastlog is not a file or directory!
Jun 28 13:49:40 witherspoon phosphor-gevent[989]: ::6079:6676:8e91:f402%1995537180 - - [2017-06-28 13:49:40] "PUT /org/openbmc/settings/host0/attr/power_policy HTTP/1.1" 200 169 0.256790
Jun 28 13:49:40 witherspoon phosphor-gevent[989]: ::6079:6676:8e91:f402%1995537180 - - [2017-06-28 13:49:40] "POST /login HTTP/1.1" 200 320 0.041781
Jun 28 13:49:41 witherspoon phosphor-gevent[989]: ::6079:6676:8e91:f402%1995537180 - - [2017-06-28 13:49:41] "GET /org/openbmc/settings/host0/attr/power_policy HTTP/1.1" 200 185 0.093731
Jun 28 13:49:41 witherspoon systemd[1]: Started SSH Per-Connection Server (9.41.165.94:37152).
Jun 28 13:49:41 witherspoon dropbear[1128]: Failed loading /etc/dropbear/dropbear_dss_host_key
Jun 28 13:49:41 witherspoon dropbear[1128]: Failed loading /etc/dropbear/dropbear_ecdsa_host_key
Jun 28 13:49:41 witherspoon dropbear[1128]: Child connection from ::ffff:9.41.165.94:37152
Jun 28 13:49:41 witherspoon dropbear[1128]: PAM password auth succeeded for 'root' from ::ffff:9.41.165.94:37152
Jun 28 13:49:41 witherspoon dropbear[1129]: lastlog_perform_login: Couldn't stat /var/log/lastlog: No such file or directory
Jun 28 13:49:41 witherspoon dropbear[1129]: lastlog_openseek: /var/log/lastlog is not a file or directory!
Jun 28 13:49:43 witherspoon phosphor-gevent[989]: ::6079:6676:8e91:f402%1995537180 - - [2017-06-28 13:49:43] "POST /login HTTP/1.1" 200 320 0.039376
Jun 28 13:49:43 witherspoon phosphor-gevent[989]: ::6079:6676:8e91:f402%1995537180 - - [2017-06-28 13:49:43] "GET /xyz/openbmc_project/state/chassis0//attr/CurrentPowerState HTTP/1.1" 200 216 0.052496
Jun 28 13:49:43 witherspoon phosphor-gevent[989]: ::6079:6676:8e91:f402%1995537180 - - [2017-06-28 13:49:43] "POST /login HTTP/1.1" 200 320 0.049090
Jun 28 13:49:43 witherspoon phosphor-gevent[989]: ::6079:6676:8e91:f402%1995537180 - - [2017-06-28 13:49:43] "GET /xyz/openbmc_project/state/bmc0//attr/CurrentBMCState HTTP/1.1" 200 212 0.109028
Jun 28 13:49:43 witherspoon phosphor-gevent[989]: ::6079:6676:8e91:f402%1995537180 - - [2017-06-28 13:49:43] "POST /login HTTP/1.1" 200 320 0.034331
Jun 28 13:49:43 witherspoon phosphor-gevent[989]: ::6079:6676:8e91:f402%1995537180 - - [2017-06-28 13:49:43] "GET /org/openbmc/sensors/host/BootProgress/attr/value HTTP/1.1" 200 170 0.052020
Jun 28 13:49:44 witherspoon phosphor-gevent[989]: ::6079:6676:8e91:f402%1995537180 - - [2017-06-28 13:49:44] "POST /login HTTP/1.1" 200 320 0.033231
Jun 28 13:49:44 witherspoon phosphor-gevent[989]: ::6079:6676:8e91:f402%1995537180 - - [2017-06-28 13:49:44] "GET /xyz/openbmc_project/state/host0//attr/CurrentHostState HTTP/1.1" 200 212 0.049975
Jun 28 13:49:44 witherspoon phosphor-gevent[989]: ::6079:6676:8e91:f402%1995537180 - - [2017-06-28 13:49:44] "POST /login HTTP/1.1" 200 320 0.033020
Jun 28 13:49:44 witherspoon phosphor-host-state-manager[1035]: Host State transaction request
Jun 28 13:49:44 witherspoon phosphor-gevent[989]: ::6079:6676:8e91:f402%1995537180 - - [2017-06-28 13:49:44] "PUT /xyz/openbmc_project/state/host0//attr/RequestedHostTransition HTTP/1.1" 200 169 0.271605
Jun 28 13:49:44 witherspoon systemd[1]: Created slice system-pcie\x2dslot\x2ddetect.slice.
Jun 28 13:49:44 witherspoon systemd[1]: Created slice system-mapper\x2dsubtree\x2dremove.slice.
Jun 28 13:49:44 witherspoon systemd[1]: Created slice system-phosphor\x2dfan\x2dpresence\x2dtach.slice.
Jun 28 13:49:44 witherspoon systemd[1]: Starting Wait for /xyz/openbmc_project/led/groups/power_on...
Jun 28 13:49:45 witherspoon systemd[1]: Created slice system-phosphor\x2dwatchdog.slice.
Jun 28 13:49:45 witherspoon systemd[1]: Created slice system-op\x2dpower\x2dstart.slice.
Jun 28 13:49:45 witherspoon systemd[1]: Created slice system-vcs_on.slice.
Jun 28 13:49:45 witherspoon systemd[1]: Created slice system-phosphor\x2dgpio\x2dmonitor.slice.
Jun 28 13:49:45 witherspoon systemd[1]: Starting Witherspoon Fan Watchdog Reset...
Jun 28 13:49:45 witherspoon systemd[1]: Created slice system-avsbus\x2ddisable.slice.
Jun 28 13:49:45 witherspoon systemd[1]: Created slice system-ir35221\x2don\x2dbind.slice.
Jun 28 13:49:45 witherspoon systemd[1]: Created slice system-fsi\x2dbind.slice.
Jun 28 13:49:45 witherspoon systemd[1]: Created slice system-op\x2dwait\x2dpower\x2don.slice.
Jun 28 13:49:45 witherspoon systemd[1]: Starting Wait for Power0 to turn on...
Jun 28 13:49:45 witherspoon systemd[1]: Created slice system-vcs_workaround.slice.
Jun 28 13:49:45 witherspoon systemd[1]: Started Phosphor GPIO checkstop monitor.
Jun 28 13:49:45 witherspoon systemd[1]: Created slice system-vrm\x2dcontrol.slice.
Jun 28 13:49:45 witherspoon systemd[1]: Created slice system-ucd_disable_vcs.slice.
Jun 28 13:49:45 witherspoon systemd[1]: Starting Disable UCD VCS rails...
Jun 28 13:49:45 witherspoon systemd[1]: Reached target Start Host checkstop monitor.
Jun 28 13:49:46 witherspoon phosphor-gevent[989]: ::6079:6676:8e91:f402%1995537180 - - [2017-06-28 13:49:46] "POST /login HTTP/1.1" 200 320 0.895120
Jun 28 13:49:45 witherspoon systemd[1]: Starting Wait for /org/openbmc/control/chassis0...
Jun 28 13:49:46 witherspoon hwmon.py[1007]: Removing: /sys/class/hwmon/hwmon4/
Jun 28 13:49:45 witherspoon systemd[1]: Created slice system-vcs_off.slice.
Jun 28 13:49:45 witherspoon systemd[1]: Created slice system-ir35221\x2don\x2dunbind.slice.
Jun 28 13:49:45 witherspoon systemd[1]: Starting power on mode unbind ir35221 device driver devs...
Jun 28 13:49:45 witherspoon systemd[1]: Created slice system-avsbus\x2dworkaround.slice.
Jun 28 13:49:45 witherspoon systemd[1]: Created slice system-phosphor\x2dfan\x2dcontrol\x2dinit.slice.
Jun 28 13:49:45 witherspoon systemd[1]: Created slice system-avsbus\x2denable.slice.
Jun 28 13:49:45 witherspoon systemd[1]: Created slice system-cfam_override.slice.
Jun 28 13:49:45 witherspoon systemd[1]: Started Phosphor poweron watchdog.
Jun 28 13:49:45 witherspoon systemd[1]: Created slice system-start_host.slice.
Jun 28 13:49:45 witherspoon systemd[1]: Created slice system-fsi\x2dscan.slice.
Jun 28 13:49:45 witherspoon systemd[1]: Starting mapper subtree-remove /xyz/openbmc_project/software:xyz.openbmc_project.Software.ActivationBlocksTransition...
Jun 28 13:49:46 witherspoon systemd[1]: Started Wait for /xyz/openbmc_project/led/groups/power_on.
Jun 28 13:49:46 witherspoon systemd[1]: Started Witherspoon Fan Watchdog Reset.
Jun 28 13:49:46 witherspoon systemd[1]: Started power on mode unbind ir35221 device driver devs.
Jun 28 13:49:46 witherspoon kernel: ucd9000 11-0064: Device ID UCD90160|2.3.4.0000|110603
Jun 28 13:49:46 witherspoon kernel[950]: [  395.180000] ucd9000 11-0064: Device ID UCD90160|2.3.4.0000|110603
Jun 28 13:49:47 witherspoon systemd[1]: xyz.openbmc_project.Hwmon@ahb-apb-i2c\x401e78a000-i2c\x2dbus\x40400-ucd90160\x4064.service: Service hold-off time over, scheduling restart.
Jun 28 13:49:47 witherspoon systemd[1]: xyz.openbmc_project.Hwmon@ahb-apb-i2c\x401e78a000-i2c\x2dbus\x40180-ir35221\x4071.service: Service hold-off time over, scheduling restart.
Jun 28 13:49:47 witherspoon systemd[1]: xyz.openbmc_project.Hwmon@ahb-apb-i2c\x401e78a000-i2c\x2dbus\x40180-ir35221\x4070.service: Service hold-off time over, scheduling restart.
Jun 28 13:49:47 witherspoon systemd[1]: xyz.openbmc_project.Hwmon@ahb-apb-i2c\x401e78a000-i2c\x2dbus\x40140-ir35221\x4070.service: Service hold-off time over, scheduling restart.
Jun 28 13:49:47 witherspoon systemd[1]: xyz.openbmc_project.Hwmon@ahb-apb-i2c\x401e78a000-i2c\x2dbus\x40140-ir35221\x4070.service: Unit not needed anymore. Stopping.
Jun 28 13:49:47 witherspoon systemd[1]: Requested transaction contradicts existing jobs: Transaction is destructive.
Jun 28 13:49:47 witherspoon systemd[1]: xyz.openbmc_project.Hwmon@ahb-apb-i2c\x401e78a000-i2c\x2dbus\x40140-ir35221\x4070.service: Failed to enqueue stop job, ignoring: Transaction is destructive.
Jun 28 13:49:47 witherspoon systemd[1]: xyz.openbmc_project.Hwmon@ahb-apb-i2c\x401e78a000-i2c\x2dbus\x40140-ir35221\x4071.service: Service hold-off time over, scheduling restart.
Jun 28 13:49:47 witherspoon systemd[1]: xyz.openbmc_project.Hwmon@ahb-apb-i2c\x401e78a000-i2c\x2dbus\x40400-ucd90160\x4064.service: Unit not needed anymore. Stopping.
Jun 28 13:49:47 witherspoon systemd[1]: Requested transaction contradicts existing jobs: Transaction is destructive.
Jun 28 13:49:47 witherspoon systemd[1]: xyz.openbmc_project.Hwmon@ahb-apb-i2c\x401e78a000-i2c\x2dbus\x40400-ucd90160\x4064.service: Failed to enqueue stop job, ignoring: Transaction is destructive.
Jun 28 13:49:47 witherspoon systemd[1]: xyz.openbmc_project.Hwmon@ahb-apb-i2c\x401e78a000-i2c\x2dbus\x40140-ir35221\x4071.service: Unit not needed anymore. Stopping.
Jun 28 13:49:47 witherspoon systemd[1]: Requested transaction contradicts existing jobs: Transaction is destructive.
Jun 28 13:49:47 witherspoon systemd[1]: xyz.openbmc_project.Hwmon@ahb-apb-i2c\x401e78a000-i2c\x2dbus\x40140-ir35221\x4071.service: Failed to enqueue stop job, ignoring: Transaction is destructive.
Jun 28 13:49:47 witherspoon systemd[1]: xyz.openbmc_project.Hwmon@ahb-apb-i2c\x401e78a000-i2c\x2dbus\x40180-ir35221\x4070.service: Unit not needed anymore. Stopping.
Jun 28 13:49:47 witherspoon systemd[1]: Requested transaction contradicts existing jobs: Transaction is destructive.
Jun 28 13:49:47 witherspoon systemd[1]: xyz.openbmc_project.Hwmon@ahb-apb-i2c\x401e78a000-i2c\x2dbus\x40180-ir35221\x4070.service: Failed to enqueue stop job, ignoring: Transaction is destructive.
Jun 28 13:49:47 witherspoon systemd[1]: xyz.openbmc_project.Hwmon@ahb-apb-i2c\x401e78a000-i2c\x2dbus\x40180-ir35221\x4071.service: Unit not needed anymore. Stopping.
Jun 28 13:49:47 witherspoon systemd[1]: Requested transaction contradicts existing jobs: Transaction is destructive.
Jun 28 13:49:47 witherspoon systemd[1]: xyz.openbmc_project.Hwmon@ahb-apb-i2c\x401e78a000-i2c\x2dbus\x40180-ir35221\x4071.service: Failed to enqueue stop job, ignoring: Transaction is destructive.
Jun 28 13:49:47 witherspoon systemd[1]: Started Disable UCD VCS rails.
Jun 28 13:49:47 witherspoon systemd[1]: Starting Perform AVS bus workaround on VRMs...
Jun 28 13:49:47 witherspoon systemd[1]: Stopped Phosphor Hwmon Poller.
Jun 28 13:49:47 witherspoon systemd[1]: Started Phosphor Hwmon Poller.
Jun 28 13:49:47 witherspoon systemd[1]: xyz.openbmc_project.Hwmon@ahb-apb-i2c\x401e78a000-i2c\x2dbus\x40140-ir35221\x4071.service: Unit not needed anymore. Stopping.
Jun 28 13:49:47 witherspoon systemd[1]: Stopping Phosphor Hwmon Poller...
Jun 28 13:49:48 witherspoon phosphor-gevent[989]: ::6079:6676:8e91:f402%1995537180 - - [2017-06-28 13:49:47] "GET /xyz/openbmc_project/state/chassis0//attr/CurrentPowerState HTTP/1.1" 200 216 1.837303
Jun 28 13:49:47 witherspoon systemd[1]: Stopped Phosphor Hwmon Poller.
Jun 28 13:49:47 witherspoon systemd[1]: Started Phosphor Hwmon Poller.
Jun 28 13:49:47 witherspoon systemd[1]: xyz.openbmc_project.Hwmon@ahb-apb-i2c\x401e78a000-i2c\x2dbus\x40140-ir35221\x4070.service: Unit not needed anymore. Stopping.
Jun 28 13:49:47 witherspoon systemd[1]: Stopping Phosphor Hwmon Poller...
Jun 28 13:49:47 witherspoon systemd[1]: Stopped Phosphor Hwmon Poller.
Jun 28 13:49:47 witherspoon systemd[1]: Started Phosphor Hwmon Poller.
Jun 28 13:49:47 witherspoon systemd[1]: xyz.openbmc_project.Hwmon@ahb-apb-i2c\x401e78a000-i2c\x2dbus\x40180-ir35221\x4070.service: Unit not needed anymore. Stopping.
Jun 28 13:49:47 witherspoon systemd[1]: Stopping Phosphor Hwmon Poller...
Jun 28 13:49:47 witherspoon systemd[1]: Stopped Phosphor Hwmon Poller.
Jun 28 13:49:47 witherspoon systemd[1]: Started Phosphor Hwmon Poller.
Jun 28 13:49:47 witherspoon systemd[1]: xyz.openbmc_project.Hwmon@ahb-apb-i2c\x401e78a000-i2c\x2dbus\x40180-ir35221\x4071.service: Unit not needed anymore. Stopping.
Jun 28 13:49:47 witherspoon systemd[1]: Stopping Phosphor Hwmon Poller...
Jun 28 13:49:47 witherspoon systemd[1]: Stopped Phosphor Hwmon Poller.
Jun 28 13:49:47 witherspoon systemd[1]: Started Phosphor Hwmon Poller.
Jun 28 13:49:47 witherspoon systemd[1]: xyz.openbmc_project.Hwmon@ahb-apb-i2c\x401e78a000-i2c\x2dbus\x40400-ucd90160\x4064.service: Unit not needed anymore. Stopping.
Jun 28 13:49:47 witherspoon systemd[1]: Stopping Phosphor Hwmon Poller...
Jun 28 13:49:47 witherspoon systemd[1]: Starting Assert power_on LED...
Jun 28 13:49:48 witherspoon systemd[1]: Stopped Phosphor Hwmon Poller.
Jun 28 13:49:48 witherspoon systemd[1]: Stopped Phosphor Hwmon Poller.
Jun 28 13:49:48 witherspoon systemd[1]: Requested transaction contradicts existing jobs: Resource deadlock avoided
Jun 28 13:49:48 witherspoon systemd[1]: Stopped Phosphor Hwmon Poller.
Jun 28 13:49:48 witherspoon systemd[1]: Stopped Phosphor Hwmon Poller.
Jun 28 13:49:48 witherspoon systemd[1]: Stopped Phosphor Hwmon Poller.
Jun 28 13:49:48 witherspoon systemd[1]: Started Perform AVS bus workaround on VRMs.
Jun 28 13:49:48 witherspoon systemd[1]: Starting Disable the AVS bus on the VRMs...
Jun 28 13:49:49 witherspoon phosphor-gevent[989]: ::6079:6676:8e91:f402%1995537180 - - [2017-06-28 13:49:49] "POST /login HTTP/1.1" 200 320 0.294784
Jun 28 13:49:49 witherspoon systemd[1]: Started Disable the AVS bus on the VRMs.
Jun 28 13:49:49 witherspoon systemd[1]: Starting Apply voltage overrides to VRMs...
Jun 28 13:49:49 witherspoon vrm-control.sh[1210]: rail        set        read        current
Jun 28 13:49:49 witherspoon vrm-control.sh[1210]: -------        ------- ------- -------
Jun 28 13:49:50 witherspoon vrm-control.sh[1210]: vdna        0.898V        0.004V        0.000A
Jun 28 13:49:50 witherspoon vrm-control.sh[1210]: vdnb        0.898V        0.004V        0.000A
Jun 28 13:49:50 witherspoon systemd[1]: Started Apply voltage overrides to VRMs.
Jun 28 13:49:50 witherspoon systemd[1]: Starting Enable the AVS bus on VRMs...
Jun 28 13:49:51 witherspoon systemd[1]: Started Enable the AVS bus on VRMs.
Jun 28 13:49:51 witherspoon systemd[1]: Starting Disable VCS before Witherspoon power on...
Jun 28 13:49:51 witherspoon systemd[1]: Started Disable VCS before Witherspoon power on.
Jun 28 13:49:51 witherspoon systemd[1]: Reached target Power0 On (Pre).
Jun 28 13:49:51 witherspoon systemd[1]: Starting Start Power0...
Jun 28 13:49:52 witherspoon systemd[1]: Started mapper subtree-remove /xyz/openbmc_project/software:xyz.openbmc_project.Software.ActivationBlocksTransition.
Jun 28 13:49:52 witherspoon systemd[1]: Started Wait for /org/openbmc/control/chassis0.
Jun 28 13:49:54 witherspoon phosphor-gevent[989]: ::6079:6676:8e91:f402%1995537180 - - [2017-06-28 13:49:54] "GET /xyz/openbmc_project/state/bmc0//attr/CurrentBMCState HTTP/1.1" 200 212 5.769642
Jun 28 13:49:55 witherspoon power_control.exe[1040]: PowerControl: setting power up SOFTWARE_PGOOD to 1
Jun 28 13:49:55 witherspoon power_control.exe[1040]: PowerControl: setting power up BMC_POWER_UP to 1
Jun 28 13:49:55 witherspoon systemd[1]: Started Start Power0.
Jun 28 13:49:55 witherspoon timemanager[1079]:  PGOOD has changed..
Jun 28 13:49:55 witherspoon system_manager.py[1000]: Running System State: HOST_POWERING_ON
Jun 28 13:49:55 witherspoon phosphor-ledmanager[965]: Asserting LEDs
Jun 28 13:49:55 witherspoon phosphor-ledmanager[965]: No service providers for physical LED
Jun 28 13:49:55 witherspoon systemd[1]: Started Assert power_on LED.
Jun 28 13:49:55 witherspoon phosphor-gevent[989]: ::6079:6676:8e91:f402%1995537180 - - [2017-06-28 13:49:55] "POST /login HTTP/1.1" 200 320 0.631447
Jun 28 13:49:55 witherspoon phosphor-gevent[989]: ::6079:6676:8e91:f402%1995537180 - - [2017-06-28 13:49:55] "GET /org/openbmc/sensors/host/BootProgress/attr/value HTTP/1.1" 200 170 0.119420
Jun 28 13:49:56 witherspoon phosphor-gevent[989]: ::6079:6676:8e91:f402%1995537180 - - [2017-06-28 13:49:55] "POST /login HTTP/1.1" 200 320 0.033092
Jun 28 13:49:56 witherspoon phosphor-gevent[989]: ::6079:6676:8e91:f402%1995537180 - - [2017-06-28 13:49:56] "GET /xyz/openbmc_project/state/host0//attr/CurrentHostState HTTP/1.1" 200 212 0.121535
Jun 28 13:49:56 witherspoon systemd[1]: Started Wait for Power0 to turn on.
Jun 28 13:49:56 witherspoon timemanager[1079]:  PGOOD has changed..
