spawn ssh -p 2200 -o StrictHostKeyChecking no root@9.3.86.161
Warning: Permanently added '[9.3.86.161]:2200' (RSA) to the list of known hosts.
root@9.3.86.161's password: 


--== Welcome to Hostboot hostboot-c68be97/hbicore.bin ==--

  3.91474|secure|Booting in non-secure mode.
  3.91476|secure|SecureROM valid - enabling functionality
  6.94598|ISTEP  6. 5 - host_init_fsi
  7.13409|ISTEP  6. 6 - host_set_ipl_parms
  7.15645|ISTEP  6. 7 - host_discover_targets
  7.64261|HWAS|PRESENT> DIMM[03]=FF77000000000000
  7.64261|HWAS|PRESENT> Proc[05]=C000000000000000
  7.66355|ISTEP  6. 8 - host_update_master_tpm
 18.13509|SECURE|Security Access Bit> 0x0000000000000000
 18.13509|SECURE|Secure Mode Disable (via Jumper)> 0xC000000000000000
 18.13521|ISTEP  6. 9 - host_gard
 18.18292|ISTEP  6.10 - host_revert_sbe_mcs_setup
 18.18826|ISTEP  6.11 - host_start_occ_xstop_handler
 18.18915|ISTEP  6.12 - host_voltage_config
 18.21899|ISTEP  7. 2 - mss_volt
 18.59519|ISTEP  7. 3 - mss_freq
 18.68314|ISTEP  7. 4 - mss_eff_config
 21.32312|ISTEP  7. 5 - mss_attr_update
 21.33380|ISTEP  8. 1 - host_slave_sbe_config
 21.37414|ISTEP  8. 2 - host_setup_sbe
 21.37893|ISTEP  8. 3 - host_cbs_start
 21.39861|ISTEP  8. 4 - proc_check_slave_sbe_seeprom_complete
 28.61461|ISTEP  8. 5 - host_attnlisten_proc
 28.61529|ISTEP  8. 6 - host_p9_fbc_eff_config
 28.62031|ISTEP  8. 7 - host_p9_eff_config_links
 28.63100|ISTEP  8. 8 - proc_attr_update
 28.63238|ISTEP  8. 9 - proc_chiplet_fabric_scominit
 28.66170|ISTEP  8.10 - proc_xbus_scominit
 30.21106|ISTEP  8.11 - proc_xbus_enable_ridi
 30.21372|ISTEP  9. 1 - fabric_erepair
 30.44211|ISTEP  9. 2 - fabric_io_dccal
 31.12767|ISTEP  9. 3 - fabric_pre_trainadv
 31.13771|ISTEP  9. 4 - fabric_io_run_training
 31.26323|ISTEP  9. 5 - fabric_post_trainadv
 31.26747|ISTEP  9. 6 - proc_smp_link_layer
 31.27108|ISTEP  9. 7 - proc_fab_iovalid
 31.30238|ISTEP  9. 8 - host_fbc_eff_config_aggregate
 31.30818|ISTEP 10. 1 - proc_build_smp
 31.42286|ISTEP 10. 2 - host_slave_sbe_update
 32.09803|ISTEP 10. 3 - host_set_voltages
 32.12946|ISTEP 10. 4 - proc_cen_ref_clk_enable
 32.13356|ISTEP 10. 5 - proc_enable_osclite
 32.13469|ISTEP 10. 6 - proc_chiplet_scominit
 32.16421|ISTEP 10. 7 - proc_abus_scominit
 32.17456|ISTEP 10. 8 - proc_obus_scominit
 32.25157|ISTEP 10. 9 - proc_npu_scominit
 32.27387|ISTEP 10.10 - proc_pcie_scominit
 32.32597|ISTEP 10.11 - proc_scomoverride_chiplets
 32.32716|ISTEP 10.12 - proc_chiplet_enable_ridi
 32.32970|ISTEP 10.13 - host_rng_bist
 32.33119|ISTEP 10.14 - host_update_redundant_tpm
 32.40035|ISTEP 11. 1 - host_prd_hwreconfig
 32.40772|ISTEP 11. 2 - cen_tp_chiplet_init1
 32.40886|ISTEP 11. 3 - cen_pll_initf
 32.40985|ISTEP 11. 4 - cen_pll_setup
 32.41164|ISTEP 11. 5 - cen_tp_chiplet_init2
 32.41271|ISTEP 11. 6 - cen_tp_arrayinit
 32.41567|ISTEP 11. 7 - cen_tp_chiplet_init3
 32.41680|ISTEP 11. 8 - cen_chiplet_init
 32.41787|ISTEP 11. 9 - cen_arrayinit
 32.41905|ISTEP 11.10 - cen_initf
 32.42071|ISTEP 11.11 - cen_do_manual_inits
 32.42184|ISTEP 11.12 - cen_startclocks
 32.42300|ISTEP 11.13 - cen_scominits
 32.42496|ISTEP 12. 1 - mss_getecid
 32.43060|ISTEP 12. 2 - dmi_attr_update
 32.43186|ISTEP 12. 3 - proc_dmi_scominit
 32.43288|ISTEP 12. 4 - cen_dmi_scominit
 32.43396|ISTEP 12. 5 - dmi_erepair
 32.43567|ISTEP 12. 6 - dmi_io_dccal
 32.43685|ISTEP 12. 7 - dmi_pre_trainadv
 32.43788|ISTEP 12. 8 - dmi_io_run_training
 32.43888|ISTEP 12. 9 - dmi_post_trainadv
 32.43988|ISTEP 12.10 - proc_cen_framelock
 32.44268|ISTEP 12.11 - host_startprd_dmi
 32.44387|ISTEP 12.12 - host_attnlisten_memb
 32.44506|ISTEP 12.13 - cen_set_inband_addr
 32.44667|ISTEP 13. 1 - host_disable_memvolt
 32.60182|ISTEP 13. 2 - mem_pll_reset
 32.61736|ISTEP 13. 3 - mem_pll_initf
 32.66418|ISTEP 13. 4 - mem_pll_setup
 32.68889|ISTEP 13. 6 - mem_startclocks
 32.70545|ISTEP 13. 7 - host_enable_memvolt
 32.70666|ISTEP 13. 8 - mss_scominit
 32.99603|ISTEP 13. 9 - mss_ddr_phy_reset
 33.06223|ISTEP 13.10 - mss_draminit
 33.34858|ISTEP 13.11 - mss_draminit_training
 33.70180|ISTEP 13.12 - mss_draminit_trainadv
 33.70568|ISTEP 13.13 - mss_draminit_mc
 33.73553|ISTEP 14. 1 - mss_memdiag
 44.12388|ISTEP 14. 2 - mss_thermal_init
 44.13872|ISTEP 14. 3 - proc_pcie_config
 44.15449|ISTEP 14. 4 - mss_power_cleanup
 44.16229|ISTEP 14. 5 - proc_setup_bars
 44.20135|ISTEP 14. 6 - proc_htm_setup
 44.21405|ISTEP 14. 7 - proc_exit_cache_contained
 44.22806|ISTEP 15. 1 - host_build_stop_image
 45.17161|ISTEP 15. 2 - proc_set_pba_homer_bar
 45.17548|ISTEP 15. 3 - host_establish_ex_chiplet
 45.18583|ISTEP 15. 4 - host_start_stop_engine
 45.28988|ISTEP 16. 1 - host_activate_master
  0.00708|ISTEP 16. 2 - host_activate_slave_cores
 46.94775|ISTEP 16. 3 - host_secure_rng
 46.91949|ISTEP 16. 4 - mss_scrub
 46.97405|ISTEP 16. 5 - host_ipl_complete
 46.98697|ISTEP 16. 6 - host_load_io_ppe
 47.03371|ISTEP 18.11 - proc_tod_setup
 47.13293|ISTEP 18.12 - proc_tod_init
 47.10768|ISTEP 20. 1 - host_load_payload
 47.46616|ISTEP 20. 2 - host_load_hdat
 51.19988|ISTEP 21. 1 - host_runtime_setup
 51.39183|dw-Setting HDAT HB Reserved Memory Range: ibm,homer-image RangeType 0x4 RangeId 0x0 StartAddress 0x80002017FD800000 EndAddress 0x80002017FDBFFFFF
 51.39187|dw-Setting HDAT HB Reserved Memory Range: ibm,homer-image RangeType 0x4 RangeId 0x8 StartAddress 0x80002017FDC00000 EndAddress 0x80002017FDFFFFFF
 51.39191|dw-Setting HDAT HB Reserved Memory Range: ibm,occ-common-area RangeType 0x4 RangeId 0x0 StartAddress 0x80002017FF800000 EndAddress 0x80002017FFFFFFFF
 51.80993|dw-Setting HDAT HB Reserved Memory Range: ibm,hbrt-data RangeType 0x1 RangeId 0x0 StartAddress 0x80002017FD670000 EndAddress 0x80002017FD7FFFFF
 53.50495|dw-Setting HDAT HB Reserved Memory Range: ibm,hbrt-code-image RangeType 0x1 RangeId 0x0 StartAddress 0x80002017FD390000 EndAddress 0x80002017FD66FFFF
 53.52775|dw-Setting HDAT HB Reserved Memory Range: ibm,sbe-comm RangeType 0x1 RangeId 0x0 StartAddress 0x80002017FD380000 EndAddress 0x80002017FD38FFFF
 53.52779|dw-Setting HDAT HB Reserved Memory Range: ibm,sbe-ffdc RangeType 0x1 RangeId 0x0 StartAddress 0x80002017FD370000 EndAddress 0x80002017FD37FFFF
 53.52822|dw-Setting HDAT HB Reserved Memory Range: ibm,sbe-comm RangeType 0x1 RangeId 0x8 StartAddress 0x80002017FD360000 EndAddress 0x80002017FD36FFFF
 53.52826|dw-Setting HDAT HB Reserved Memory Range: ibm,sbe-ffdc RangeType 0x1 RangeId 0x8 StartAddress 0x80002017FD350000 EndAddress 0x80002017FD35FFFF
 53.53906|dw-Setting HDAT HB Reserved Memory Range: ibm,secure-crypt-algo-code RangeType 0x3 RangeId 0x0 StartAddress 0x80002017FD340000 EndAddress 0x80002017FD34FFFF
 53.81821|dw-Setting HDAT HB Reserved Memory Range: OCC RangeType 0x5 RangeId 0x0 StartAddress 0x80002017FD2A0000 EndAddress 0x80002017FD33FFFF
 53.81413|dw-Setting HDAT HB Reserved Memory Range: WOFDATA RangeType 0x5 RangeId 0x0 StartAddress 0x80002017FD1A0000 EndAddress 0x80002017FD29FFFF
 53.81599|dw-Setting HDAT HB Reserved Memory Range: HCODE RangeType 0x5 RangeId 0x0 StartAddress 0x80002017FD130000 EndAddress 0x80002017FD19FFFF
 61.29974|htmgt|OCCs are now running in ACTIVE state
 61.31585|ISTEP 21. 2 - host_verify_hdat
 61.27538|ISTEP 21. 3 - host_start_payload
[   78.498128470,5] OPAL skiboot-v5.8-rc1-pd9d2012 starting...
[   78.498132366,7] initial console log level: memory 7, driver 5
[   78.498134456,6] CPU: P9 generation processor (max 4 threads/core)
[   78.498136359,7] CPU: Boot CPU PIR is 0x005c PVR is 0x004e1200
[   78.498138486,7] CPU: Initial max PIR set to 0x7fff
[   78.499129935,7] OPAL table: 0x300e4740 .. 0x300e4c80, branch table: 0x30002000
[   78.499133347,7] Assigning physical memory map table for nimbus
[   78.499136020,7] Parsing HDAT...
[   78.499137517,5] SPIRA-S found.
[   78.499140000,6] BMC #0: HW version 3, SW version 2, chip DD1.0
[   78.499345810,4] SENSORS: Duplicate sensor ID : 8
[   78.499505965,4] SENSORS: Duplicate sensor ID : 9
[   78.499507952,6] SP Family is openbmc
[   78.499513445,7] LPC: IOPATH chip id = 0
[   78.499514871,7] LPC: FW BAR       = f0000000
[   78.499516461,7] LPC: MEM BAR      = e0000000
[   78.499518044,7] LPC: IO BAR       = d0010000
[   78.499519645,7] LPC: Internal BAR = c0012000
[   78.499532811,7] LPC UART: base addr = 3f8 (3f8) size = 1 clk = 1843200, baud = 115200
[   78.499535736,7] LPC: BT [0, 0] sms_int: 0, bmc_int: 0
[   78.500320451,5] UART: Using UART at 0x60300d00103f8
[   78.502920662,3] I2C: v2 found, but not supported. Parsing as v1
[   78.503259929,3] I2C: v2 found, but not supported. Parsing as v1
[   78.503954369,5] P9 DD2.00 detected
[   78.504013279,5] CHIP: Chip ID 0000 type: P9N DD2.0
[   78.504059927,5] P9 DD2.00 detected
[   78.504095126,5] CHIP: Chip ID 0008 type: P9N DD2.0
[   78.504431766,5] SLW: Enabling: stop0_lite
[   78.504478771,5] SLW: Enabling: stop0
[   78.504639544,5] PLAT: Using virtual UART
[   78.504861722,7] LPC: Routing irq 9, policy: 0 (r=1)
[   78.504863671,7] LPC: SerIRQ 9 using route 0 targetted at OPAL
[   78.505072423,5] PLAT: Detected Witherspoon platform
[   78.505130479,5] PLAT: Detected BMC platform OpenBMC
[   79.033454897,5] CPU: All 176 processors called in...
[    2.382961431,5] FLASH: Found system flash:  id:0
[    2.383066362,5] BT: Interface initialized, IO 0x00e4
[    2.383106539,7] LPC: Routing irq 10, policy: 0 (r=1)
[    2.383108050,7] LPC: SerIRQ 10 using route 1 targetted at OPAL
[    4.127275548,5] NVRAM: Size is 576 KB
[    5.331456484,5] STB: secure and trusted boot not supported
[    5.331530325,5] OPAL: Using OPAL UART console
[    5.331565290,7] LPC: Routing irq 4, policy: 0 (r=1)
[    5.331566726,7] LPC: SerIRQ 4 using route 2 targetted at OPAL
[    5.332821525,5] VAS: Initialized chip 0
[    5.333930874,5] VAS: Initialized chip 8
[    5.334125354,5] Found ibm,power9-nx
[    5.334174991,3] NX0: DMA VAS MMIO BAR, 0x0006019100000000, xcfg 0x201105e
[    5.334301100,5] Found ibm,power9-nx
[    5.334335720,3] NX8: DMA VAS MMIO BAR, 0x0006219100000000, xcfg 0x201105e
[    6.458979362,3] FLASH: flash subpartition not found.
[    6.459041815,3] FLASH: Failed to parse subpart info for CAPP
[    6.461383111,3] CAPP: Error loading ucode lid. index=200d1
[    6.485534520,5] PCI: Resetting PHBs and training links...
[    8.009466083,5] PCI: Probing slots...
[    8.065853594,3] PCI: built-in device not found:  (loc: 100)
[    8.067382838,3] PCI: built-in device not found: GPU0 down (loc: 250)
[    8.069541601,3] PCI: built-in device not found: GPU0 (loc: 400)
[    8.072237409,3] PCI: built-in device not found: GPU1 down (loc: 258)
[    8.074973900,3] PCI: built-in device not found: GPU1 (loc: 500)
[    8.082306058,3] PCI: built-in device not found: GPU2 down (loc: 260)
[    8.087862940,3] PCI: built-in device not found: GPU2 (loc: 600)
[    8.094403583,3] PCI: built-in device not found:  (loc: 100)
[    8.096944767,3] PCI: built-in device not found: GPU3 down (loc: 220)
[    8.100931479,3] PCI: built-in device not found: GPU3 (loc: 300)
[    8.103318346,3] PCI: built-in device not found: GPU4 down (loc: 228)
[    8.104923045,3] PCI: built-in device not found: GPU4 (loc: 400)
[    8.111915090,3] PCI: built-in device not found: GPU5 down (loc: 268)
[    8.114828560,3] PCI: built-in device not found: GPU5 (loc: 500)
[    8.118836222,5] PHB#0000:00:00.0 [ROOT] 1014 04c1 R:00 C:060400 B:00..00 
[    8.121300153,5] PHB#0001:00:00.0 [ROOT] 1014 04c1 R:00 C:060400 B:01..01 
[    8.127024033,5] PHB#0001:01:00.0 [EP  ] 104c 8241 R:02 C:0c0330 (      usb-xhci) 
[    8.136226155,5] PHB#0002:00:00.0 [ROOT] 1014 04c1 R:00 C:060400 B:01..02 
[    8.138845994,5] PHB#0002:01:00.0 [ETOX] 1a03 1150 R:04 C:060400 B:02..02 
[    8.141001625,5] PHB#0002:02:00.0 [PCID] 1a03 2000 R:41 C:030000 (           vga) 
[    8.146273668,5] PHB#0003:00:00.0 [ROOT] 1014 04c1 R:00 C:060400 B:00..00 
[    8.149717363,5] PHB#0004:00:00.0 [ROOT] 1014 04c1 R:00 C:060400 B:01..06 
[    8.152322727,5] PHB#0004:01:00.0 [SWUP] 10b5 8725 R:ca C:060400 B:02..06 
[    8.155929781,5] PHB#0004:02:02.0 [SWDN] 10b5 8725 R:ca C:060400 B:03..03 SLOT=S000403 
[    8.162062638,5] PHB#0004:03:00.0 [LGCY] 1b4b 9235 R:11 C:010601 (          sata) LOC_CODE=S000403
[    8.167202702,5] PHB#0004:02:0a.0 [SWDN] 10b5 8725 R:ca C:060400 B:04..04 SLOT=GPU0 down 
[    8.171833858,5] PHB#0004:02:0b.0 [SWDN] 10b5 8725 R:ca C:060400 B:05..05 SLOT=GPU1 down 
[    8.178369025,5] PHB#0004:02:0c.0 [SWDN] 10b5 8725 R:ca C:060400 B:06..06 SLOT=GPU2 down 
[    8.181761515,5] PHB#0004:01:00.1 [EP  ] 10b5 87d0 R:ca C:088000 (system-peripheral) 
[    8.186482367,5] PHB#0004:01:00.2 [EP  ] 10b5 87d0 R:ca C:088000 (system-peripheral) 
[    8.190379884,5] PHB#0004:01:00.3 [EP  ] 10b5 87d0 R:ca C:088000 (system-peripheral) 
[    8.194454131,5] PHB#0004:01:00.4 [EP  ] 10b5 87d0 R:ca C:088000 (system-peripheral) 
[    8.197245202,5] PHB#0005:00:00.0 [ROOT] 1014 04c1 R:00 C:060400 B:01..01 
[    8.208414339,5] PHB#0005:01:00.0 [EP  ] 14e4 1657 R:01 C:020000 (      ethernet) 
[    8.212960602,5] PHB#0005:01:00.1 [EP  ] 14e4 1657 R:01 C:020000 (      ethernet) 
[    8.216300333,5] PHB#0006:00:00.0 [EP  ] 1014 04ea R:01 C:060400 (           pci) SLOT=GPU0 
[    8.218080685,5] PHB#0006:00:00.1 [EP  ] 1014 04ea R:01 C:060400 (           pci) SLOT=GPU0 
[    8.225768686,5] PHB#0006:00:01.0 [EP  ] 1014 04ea R:01 C:060400 (           pci) SLOT=GPU1 
[    8.228845041,5] PHB#0006:00:01.1 [EP  ] 1014 04ea R:01 C:060400 (           pci) SLOT=GPU1 
[    8.234679382,5] PHB#0006:00:02.0 [EP  ] 1014 04ea R:01 C:060400 (           pci) SLOT=GPU2 
[    8.240486792,5] PHB#0006:00:02.1 [EP  ] 1014 04ea R:01 C:060400 (           pci) SLOT=GPU2 
[    8.243959619,5] PHB#0007:00:00.0 [EP  ] 1014 04ea R:01 C:060400 (           pci) SLOT=GPU3 
[    8.243962029,7] LPC-MBOX: Sending BMC interrupt
[    8.244095598,5] PHB#0007:00:00.1 [EP  ] 1014 04ea R:01 C:060400 (           pci) SLOT=GPU3 
[    8.244172342,5] PHB#0007:00:01.0 [EP  ] 1014 04ea R:01 C:060400 (           pci) SLOT=GPU4 
[    8.244236941,5] PHB#0007:00:01.1 [EP  ] 1014 04ea R:01 C:060400 (           pci) SLOT=GPU4 
[    8.244304038,5] PHB#0007:00:02.0 [EP  ] 1014 04ea R:01 C:060400 (           pci) SLOT=GPU5 
[    8.244376229,5] PHB#0007:00:02.1 [EP  ] 1014 04ea R:01 C:060400 (           pci) SLOT=GPU5 
[    8.244440462,5] PHB#0030:00:00.0 [ROOT] 1014 04c1 R:00 C:060400 B:00..00 
[    8.244494047,5] PHB#0033:00:00.0 [ROOT] 1014 04c1 R:00 C:060400 B:00..00 
[    8.244570316,5] PHB#0034:00:00.0 [ROOT] 1014 04c1 R:00 C:060400 B:00..00 
[    8.244631273,5] PHB#0035:00:00.0 [ROOT] 1014 04c1 R:00 C:060400 B:01..08 
[    8.244686267,5] PHB#0035:01:00.0 [SWUP] 10b5 8725 R:ca C:060400 B:02..08 
[    8.244753430,5] PHB#0035:02:08.0 [SWDN] 10b5 8725 R:ca C:060400 B:03..07 
[    8.244824489,5] PHB#0035:02:0d.0 [SWDN] 10b5 8725 R:ca C:060400 B:08..08 SLOT=GPU5 down 
[   19.000266458,5] IPMI: Resetting boot count on successful boot
[   19.000338906,5] INIT: Waiting for kernel...
[   19.000385515,5] INIT: 64-bit LE kernel discovered
[   19.000426152,5] OCC: All Chip Rdy after 0 ms
[   19.043317060,5] INIT: Starting kernel at 0x20011000, fdt at 0x30957bd0 349535 bytes)
[   20.002951827,5] OPAL: Switch to little-endian OS
[    0.000000] opal: OPAL detected !
[    0.000000] OF: reserved mem: not enough space all defined regions.
[    0.000000] OF: reserved mem: not enough space all defined regions.
[    0.000000] OF: reserved mem: not enough space all defined regions.
[    0.000000] Page sizes from device-tree:
[    0.000000] Page size shift = 12 AP=0x0
[    0.000000] Page size shift = 16 AP=0x5
[    0.000000] Page size shift = 21 AP=0x1
[    0.000000] Page size shift = 30 AP=0x2
[    0.000000] Initializing Radix MMU
[    0.000000] Partition table c0002017ff7f0000
[    0.000000] Mapped range 0x0 - 0x2000000000 with 0x40000000
[    0.000000] Mapped range 0x200000000000 - 0x200c00000000 with 0x40000000
[    0.000000] Mapped range 0x201000000000 - 0x201800000000 with 0x40000000
[    0.000000] Process table c0002017fe800000 and radix root for kernel: c000000001440000
[    0.000000] Linux version 4.12.8-openpower1 (fspbld@gfwa610.aus.stglabs.ibm.com) (gcc version 6.3.0 (Buildroot 2017.05.2-00163-g8035745) ) #2 SMP Wed Aug 30 16:46:19 CDT 2017
[    0.000000] OPAL: Found memory mapped LPC bus on chip 0
[    0.000000] Using PowerNV machine description
[    0.000000] bootconsole [udbg0] enabled
[    0.000000] CPU maps initialized for 4 threads per core
 -> smp_release_cpus()
spinning_secondaries = 175
 <- smp_release_cpus()
[    0.000000] -----------------------------------------------------
[    0.000000] ppc64_pft_size    = 0x0
[    0.000000] phys_mem_size     = 0x3400000000
[    0.000000] dcache_bsize      = 0x80
[    0.000000] icache_bsize      = 0x80
[    0.000000] cpu_features      = 0x075c7afd18500249
[    0.000000]   possible        = 0x5f7fffff18500649
[    0.000000]   always          = 0x0000000018100040
[    0.000000] cpu_user_features = 0xdc0065c2 0xaee00000
[    0.000000] mmu_features      = 0x3c006041
[    0.000000] firmware_features = 0x0000000010000000
[    0.000000] -----------------------------------------------------
[    0.000000] numa:   NODE_DATA [mem 0x1fffff6700-0x1fffffffff]
[    0.000000] numa:   NODE_DATA [mem 0x2017ff6e2700-0x2017ff6ebfff]
[    0.000000] numa:   NODE_DATA [mem 0x2017ff6a6700-0x2017ff6affff]
[    0.000000] numa:     NODE_DATA(250) on node 8
[    0.000000] numa:   NODE_DATA [mem 0x2017ff69ce00-0x2017ff6a66ff]
[    0.000000] numa:     NODE_DATA(251) on node 8
[    0.000000] numa:   NODE_DATA [mem 0x2017ff693500-0x2017ff69cdff]
[    0.000000] numa:     NODE_DATA(252) on node 8
[    0.000000] numa:   NODE_DATA [mem 0x2017ff689c00-0x2017ff6934ff]
[    0.000000] numa:     NODE_DATA(253) on node 8
[    0.000000] numa:   NODE_DATA [mem 0x2017ff680300-0x2017ff689bff]
[    0.000000] numa:     NODE_DATA(254) on node 8
[    0.000000] numa:   NODE_DATA [mem 0x2017ff676a00-0x2017ff6802ff]
[    0.000000] numa:     NODE_DATA(255) on node 8
[    0.000000] Initializing IODA2 PHB (/pciex@600c3c0000000)
[    0.000000] PCI host bridge /pciex@600c3c0000000 (primary) ranges:
[    0.000000]  MEM 0x000600c000000000..0x000600c07ffeffff -> 0x0000000080000000 
[    0.000000]  MEM 0x0006000000000000..0x0006003fffffffff -> 0x0006000000000000 (M64 #1..31)
[    0.000000]  Using M64 #31 as default window
[    0.000000]   512 (511) PE's M32: 0x80000000 [segment=0x400000]
[    0.000000]                  M64: 0x4000000000 [segment=0x20000000]
[    0.000000]   Allocated bitmap for 4088 MSIs (base IRQ 0xfe000)
[    0.000000] Initializing IODA2 PHB (/pciex@600c3c0100000)
[    0.000000] PCI host bridge /pciex@600c3c0100000  ranges:
[    0.000000]  MEM 0x000600c080000000..0x000600c0fffeffff -> 0x0000000080000000 
[    0.000000]  MEM 0x0006004000000000..0x0006007fffffffff -> 0x0006004000000000 (M64 #1..15)
[    0.000000]  Using M64 #15 as default window
[    0.000000]   256 (255) PE's M32: 0x80000000 [segment=0x800000]
[    0.000000]                  M64: 0x4000000000 [segment=0x40000000]
[    0.000000]   Allocated bitmap for 2040 MSIs (base IRQ 0xfd800)
[    0.000000] Initializing IODA2 PHB (/pciex@600c3c0200000)
[    0.000000] PCI host bridge /pciex@600c3c0200000  ranges:
[    0.000000]  MEM 0x000600c100000000..0x000600c17ffeffff -> 0x0000000080000000 
[    0.000000]  MEM 0x0006008000000000..0x000600bfffffffff -> 0x0006008000000000 (M64 #1..15)
[    0.000000]  Using M64 #15 as default window
[    0.000000]   256 (255) PE's M32: 0x80000000 [segment=0x800000]
[    0.000000]                  M64: 0x4000000000 [segment=0x40000000]
[    0.000000]   Allocated bitmap for 2040 MSIs (base IRQ 0xfd000)
[    0.000000] Initializing IODA2 PHB (/pciex@600c3c0300000)
[    0.000000] PCI host bridge /pciex@600c3c0300000  ranges:
[    0.000000]  MEM 0x000600c180000000..0x000600c1fffeffff -> 0x0000000080000000 
[    0.000000]  MEM 0x0006020000000000..0x0006023fffffffff -> 0x0006020000000000 (M64 #1..31)
[    0.000000]  Using M64 #31 as default window
[    0.000000]   512 (511) PE's M32: 0x80000000 [segment=0x400000]
[    0.000000]                  M64: 0x4000000000 [segment=0x20000000]
[    0.000000]   Allocated bitmap for 4088 MSIs (base IRQ 0xfc000)
[    0.000000] Initializing IODA2 PHB (/pciex@600c3c0400000)
[    0.000000] PCI host bridge /pciex@600c3c0400000  ranges:
[    0.000000]  MEM 0x000600c200000000..0x000600c27ffeffff -> 0x0000000080000000 
[    0.000000]  MEM 0x0006024000000000..0x0006027fffffffff -> 0x0006024000000000 (M64 #1..15)
[    0.000000]  Using M64 #15 as default window
[    0.000000]   256 (255) PE's M32: 0x80000000 [segment=0x800000]
[    0.000000]                  M64: 0x4000000000 [segment=0x40000000]
[    0.000000]   Allocated bitmap for 2040 MSIs (base IRQ 0xfb800)
[    0.000000] Initializing IODA2 PHB (/pciex@600c3c0500000)
[    0.000000] PCI host bridge /pciex@600c3c0500000  ranges:
[    0.000000]  MEM 0x000600c280000000..0x000600c2fffeffff -> 0x0000000080000000 
[    0.000000]  MEM 0x0006028000000000..0x000602bfffffffff -> 0x0006028000000000 (M64 #1..15)
[    0.000000]  Using M64 #15 as default window
[    0.000000]   256 (255) PE's M32: 0x80000000 [segment=0x800000]
[    0.000000]                  M64: 0x4000000000 [segment=0x40000000]
[    0.000000]   Allocated bitmap for 2040 MSIs (base IRQ 0xfb000)
[    0.000000] Initializing IODA2 PHB (/pciex@620c3c0000000)
[    0.000000] PCI host bridge /pciex@620c3c0000000  ranges:
[    0.000000]  MEM 0x000620c000000000..0x000620c07ffeffff -> 0x0000000080000000 
[    0.000000]  MEM 0x0006200000000000..0x0006203fffffffff -> 0x0006200000000000 (M64 #1..31)
[    0.000000]  Using M64 #31 as default window
[    0.000000]   512 (511) PE's M32: 0x80000000 [segment=0x400000]
[    0.000000]                  M64: 0x4000000000 [segment=0x20000000]
[    0.000000]   Allocated bitmap for 4088 MSIs (base IRQ 0x1fe000)
[    0.000000] Initializing IODA2 PHB (/pciex@620c3c0300000)
[    0.000000] PCI host bridge /pciex@620c3c0300000  ranges:
[    0.000000]  MEM 0x000620c180000000..0x000620c1fffeffff -> 0x0000000080000000 
[    0.000000]  MEM 0x0006220000000000..0x0006223fffffffff -> 0x0006220000000000 (M64 #1..31)
[    0.000000]  Using M64 #31 as default window
[    0.000000]   512 (511) PE's M32: 0x80000000 [segment=0x400000]
[    0.000000]                  M64: 0x4000000000 [segment=0x20000000]
[    0.000000]   Allocated bitmap for 4088 MSIs (base IRQ 0x1fd000)
[    0.000000] Initializing IODA2 PHB (/pciex@620c3c0400000)
[    0.000000] PCI host bridge /pciex@620c3c0400000  ranges:
[    0.000000]  MEM 0x000620c200000000..0x000620c27ffeffff -> 0x0000000080000000 
[    0.000000]  MEM 0x0006224000000000..0x0006227fffffffff -> 0x0006224000000000 (M64 #1..15)
[    0.000000]  Using M64 #15 as default window
[    0.000000]   256 (255) PE's M32: 0x80000000 [segment=0x800000]
[    0.000000]                  M64: 0x4000000000 [segment=0x40000000]
[    0.000000]   Allocated bitmap for 2040 MSIs (base IRQ 0x1fc800)
[    0.000000] Initializing IODA2 PHB (/pciex@620c3c0500000)
[    0.000000] PCI host bridge /pciex@620c3c0500000  ranges:
[    0.000000]  MEM 0x000620c280000000..0x000620c2fffeffff -> 0x0000000080000000 
[    0.000000]  MEM 0x0006228000000000..0x000622bfffffffff -> 0x0006228000000000 (M64 #1..15)
[    0.000000]  Using M64 #15 as default window
[    0.000000]   256 (255) PE's M32: 0x80000000 [segment=0x800000]
[    0.000000]                  M64: 0x4000000000 [segment=0x40000000]
[    0.000000]   Allocated bitmap for 2040 MSIs (base IRQ 0x1fc000)
[    0.000000] Initializing NPU PHB (/pciex@6030200000000)
[    0.000000] PCI host bridge /pciex@6030200000000  ranges:
[    0.000000]  MEM 0x0006030201600000..0x000603020171ffff -> 0x0006030201600000 
[    0.000000]   Not support M64 window
[    0.000000]   016 (015) PE's M32: 0x130000 [segment=0x13000]
[    0.000000] Initializing NPU PHB (/pciex@6230200000000)
[    0.000000] PCI host bridge /pciex@6230200000000  ranges:
[    0.000000]  MEM 0x0006230201600000..0x000623020171ffff -> 0x0006230201600000 
[    0.000000]   Not support M64 window
[    0.000000]   016 (015) PE's M32: 0x130000 [segment=0x13000]
[    0.000000] OPAL nvram setup, 589824 bytes
[    0.000000] Zone ranges:
[    0.000000]   DMA      [mem 0x0000000000000000-0x00002017ffffffff]
[    0.000000]   DMA32    empty
[    0.000000]   Normal   empty
[    0.000000] Movable zone start for each node
[    0.000000] Early memory node ranges
[    0.000000]   node   0: [mem 0x0000000000000000-0x0000001fffffffff]
[    0.000000]   node   8: [mem 0x0000200000000000-0x0000200bffffffff]
[    0.000000]   node   8: [mem 0x0000201000000000-0x00002017ffffffff]
[    0.000000] Initmem setup node 0 [mem 0x0000000000000000-0x0000001fffffffff]
[    0.000000] Initmem setup node 8 [mem 0x0000200000000000-0x00002017ffffffff]
[    0.000000] Could not find start_pfn for node 250
[    0.000000] Initmem setup node 250 [mem 0x0000000000000000-0x0000000000000000]
[    0.000000] Could not find start_pfn for node 251
[    0.000000] Initmem setup node 251 [mem 0x0000000000000000-0x0000000000000000]
[    0.000000] Could not find start_pfn for node 252
[    0.000000] Initmem setup node 252 [mem 0x0000000000000000-0x0000000000000000]
[    0.000000] Could not find start_pfn for node 253
[    0.000000] Initmem setup node 253 [mem 0x0000000000000000-0x0000000000000000]
[    0.000000] Could not find start_pfn for node 254
[    0.000000] Initmem setup node 254 [mem 0x0000000000000000-0x0000000000000000]
[    0.000000] Could not find start_pfn for node 255
[    0.000000] Initmem setup node 255 [mem 0x0000000000000000-0x0000000000000000]
[    0.000000] percpu: Embedded 2 pages/cpu @c000001ff84b0000 s67992 r0 d63080 u131072
[    0.000000] Built 8 zonelists in Node order, mobility grouping on.  Total pages: 3404960
[    0.000000] Policy zone: DMA
[    0.000000] Kernel command line: console=tty0 console=hvc0 powersave=off
[    0.000000] log_buf_len individual max cpu contribution: 4096 bytes
[    0.000000] log_buf_len total cpu_extra contributions: 716800 bytes
[    0.000000] log_buf_len min size: 1048576 bytes
[    0.000000] log_buf_len: 2097152 bytes
[    0.000000] early log buf free: 1033784(98%)
[    0.000000] PID hash table entries: 4096 (order: -1, 32768 bytes)
[    0.000000] Memory: 217623296K/218103808K available (6208K kernel code, 1088K rwdata, 1968K rodata, 11456K init, 1693K bss, 480512K reserved, 0K cma-reserved)
[    0.000000] SLUB: HWalign=128, Order=0-3, MinObjects=0, CPUs=176, Nodes=256
[    0.000000] Hierarchical RCU implementation.
[    0.000000] 	RCU debugfs-based tracing is enabled.
[    0.000000] 	RCU restricting CPUs from NR_CPUS=2048 to nr_cpu_ids=176.
[    0.000000] RCU: Adjusting geometry for rcu_fanout_leaf=16, nr_cpu_ids=176
[    0.000000] NR_IRQS:512 nr_irqs:512 16
[    0.000000] xive: VP block alloc, for max VCPUs 176 use order 8
[    0.000000] xive: Interrupt handling intialized with native backend
[    0.000000] xive: Using priority 7 for all interrupts
[    0.000000] xive: Using 64kB queues
[    0.000004] time_init: 56 bit decrementer (max: 7fffffffffffff)
[    0.000215] clocksource: timebase: mask: 0xffffffffffffffff max_cycles: 0x761537d007, max_idle_ns: 440795202126 ns
[    0.000539] clocksource: timebase mult[1f40000] shift[24] registered
[    0.000976] Console: colour dummy device 80x25
[    0.003573] console [tty0] enabled
[    0.003704] console [hvc0] enabled
[    0.003704] console [hvc0] enabled
[    0.003873] bootconsole [udbg0] disabled
[    0.003873] bootconsole [udbg0] disabled
[    0.004531] pid_max: default: 180224 minimum: 1408
[    0.005943] Security Framework initialized
[    0.009311] Dentry cache hash table entries: 33554432 (order: 12, 268435456 bytes)
[    0.098673] Inode-cache hash table entries: 16777216 (order: 11, 134217728 bytes)
[    0.164308] Mount-cache hash table entries: 524288 (order: 6, 4194304 bytes)
[    0.165850] Mountpoint-cache hash table entries: 524288 (order: 6, 4194304 bytes)
[    0.173861] EEH: PowerNV platform initialized
[    0.175572] POWER9 performance monitor hardware support registered
[    0.178257] smp: Bringing up secondary CPUs ...
[    0.654075] smp: Brought up 8 nodes, 176 CPUs
[    0.654252] numa: Node 0 CPUs: 0-87
[    0.654338] numa: Node 8 CPUs: 88-175
[    0.654405] numa: Node 250 CPUs:
[    0.654477] numa: Node 251 CPUs:
[    0.654540] numa: Node 252 CPUs:
[    0.654617] numa: Node 253 CPUs:
[    0.654694] numa: Node 254 CPUs:
[    0.654761] numa: Node 255 CPUs:
[    0.672180] devtmpfs: initialized
[    0.686824] evm: security.capability
[    0.687542] clocksource: jiffies: mask: 0xffffffff max_cycles: 0xffffffff, max_idle_ns: 19112604462750000 ns
[    0.687802] futex hash table entries: 65536 (order: 7, 8388608 bytes)
[    0.689517] NET: Registered protocol family 16
[    0.690225] cpuidle: using governor menu
[   23.278867026,3] LPC: Got LPC reset on chip 0x0 !
[   23.278870529,3] LPC[000]: Unknown LPC error Error address reg: 0x00000000
[   23.278879875,6] IPMI: dropping non severe PEL event
[   23.278998056,7] UART: IRQ functional !
[    0.750180] PCI: Probing PCI hardware
[    0.750290] PCI host bridge to bus 0000:00
[    0.750360] pci_bus 0000:00: root bus resource [mem 0x600c000000000-0x600c07ffeffff] (bus address [0x80000000-0xfffeffff])
[    0.750496] pci_bus 0000:00: root bus resource [mem 0x6000000000000-0x6003fbfffffff 64bit pref]
[    0.750613] pci_bus 0000:00: root bus resource [bus 00-ff]
[    0.750767] pci 0000:00:00.0: Disabling memory decoding and releasing memory resources.
[    0.750899] pci 0000:00:00.0: disabling bridge mem windows
[    0.751095] pci 0000:00:00.0: bridge configuration invalid ([bus 00-00]), reconfiguring
[    0.751259] pci 0000:00:00.0: PCI bridge to [bus 01-ff]
[    0.751378] PCI host bridge to bus 0001:00
[    0.751437] pci_bus 0001:00: root bus resource [mem 0x600c080000000-0x600c0fffeffff] (bus address [0x80000000-0xfffeffff])
[    0.751591] pci_bus 0001:00: root bus resource [mem 0x6004000000000-0x6007f7fffffff 64bit pref]
[    0.751725] pci_bus 0001:00: root bus resource [bus 00-ff]
[    0.751883] pci 0001:00:00.0: Disabling memory decoding and releasing memory resources.
[    0.751989] pci 0001:00:00.0: disabling bridge mem windows
[    0.752364] pci 0001:01:00.0: Disabling memory decoding and releasing memory resources.
[    0.752450] pci 0001:01:00.0: BAR2 [mem size 0x00002000 64bit]: requesting alignment to 0x10000
[    0.752732] pci 0001:00:00.0: PCI bridge to [bus 01]
[    0.752922] PCI host bridge to bus 0002:00
[    0.752987] pci_bus 0002:00: root bus resource [mem 0x600c100000000-0x600c17ffeffff] (bus address [0x80000000-0xfffeffff])
[    0.753147] pci_bus 0002:00: root bus resource [mem 0x6008000000000-0x600bf7fffffff 64bit pref]
[    0.753285] pci_bus 0002:00: root bus resource [bus 00-ff]
[    0.753430] pci 0002:00:00.0: Disabling memory decoding and releasing memory resources.
[    0.753528] pci 0002:00:00.0: disabling bridge mem windows
[    0.753916] pci 0002:01:00.0: Disabling memory decoding and releasing memory resources.
[    0.754006] pci 0002:01:00.0: disabling bridge mem windows
[    0.754255] pci 0002:00:00.0: PCI bridge to [bus 01-02]
[    0.754580] pci 0002:02:00.0: Disabling memory decoding and releasing memory resources.
[    0.754799] pci 0002:01:00.0: PCI bridge to [bus 02]
[    0.754963] PCI host bridge to bus 0003:00
[    0.755005] pci_bus 0003:00: root bus resource [mem 0x600c180000000-0x600c1fffeffff] (bus address [0x80000000-0xfffeffff])
[    0.755145] pci_bus 0003:00: root bus resource [mem 0x6020000000000-0x6023fbfffffff 64bit pref]
[    0.755291] pci_bus 0003:00: root bus resource [bus 00-ff]
[    0.755432] pci 0003:00:00.0: Disabling memory decoding and releasing memory resources.
[    0.755552] pci 0003:00:00.0: disabling bridge mem windows
[    0.755750] pci 0003:00:00.0: bridge configuration invalid ([bus 00-00]), reconfiguring
[    0.755916] pci 0003:00:00.0: PCI bridge to [bus 01-ff]
[    0.756053] PCI host bridge to bus 0004:00
[    0.756108] pci_bus 0004:00: root bus resource [mem 0x600c200000000-0x600c27ffeffff] (bus address [0x80000000-0xfffeffff])
[    0.756263] pci_bus 0004:00: root bus resource [mem 0x6024000000000-0x6027f7fffffff 64bit pref]
[    0.756400] pci_bus 0004:00: root bus resource [bus 00-ff]
[    0.756556] pci 0004:00:00.0: Disabling memory decoding and releasing memory resources.
[    0.756675] pci 0004:00:00.0: disabling bridge mem windows
[    0.757048] pci 0004:01:00.0: Disabling memory decoding and releasing memory resources.
[    0.757141] pci 0004:01:00.0: disabling bridge mem windows
[    0.757558] pci 0004:01:00.1: Disabling memory decoding and releasing memory resources.
[    0.757646] pci 0004:01:00.1: BAR0 [mem size 0x00002000]: requesting alignment to 0x10000
[    0.758039] pci 0004:01:00.2: Disabling memory decoding and releasing memory resources.
[    0.758141] pci 0004:01:00.2: BAR0 [mem size 0x00002000]: requesting alignment to 0x10000
[    0.758182] random: fast init done
[    0.758588] pci 0004:01:00.3: Disabling memory decoding and releasing memory resources.
[    0.758690] pci 0004:01:00.3: BAR0 [mem size 0x00002000]: requesting alignment to 0x10000
[    0.759097] pci 0004:01:00.4: Disabling memory decoding and releasing memory resources.
[    0.759203] pci 0004:01:00.4: BAR0 [mem size 0x00002000]: requesting alignment to 0x10000
[    0.759470] pci 0004:00:00.0: PCI bridge to [bus 01-06]
[    0.759890] pci 0004:02:02.0: Disabling memory decoding and releasing memory resources.
[    0.760020] pci 0004:02:02.0: disabling bridge mem windows
[    0.760392] pci 0004:02:0a.0: Disabling memory decoding and releasing memory resources.
[    0.760515] pci 0004:02:0a.0: disabling bridge mem windows
[    0.760882] pci 0004:02:0b.0: Disabling memory decoding and releasing memory resources.
[    0.761006] pci 0004:02:0b.0: disabling bridge mem windows
[    0.761376] pci 0004:02:0c.0: Disabling memory decoding and releasing memory resources.
[    0.761500] pci 0004:02:0c.0: disabling bridge mem windows
[    0.761759] pci 0004:01:00.0: PCI bridge to [bus 02-06]
[    0.763344] pci 0004:03:00.0: Disabling memory decoding and releasing memory resources.
[    0.763450] pci 0004:03:00.0: BAR5 [mem size 0x00000800]: requesting alignment to 0x10000
[    0.763725] pci 0004:02:02.0: PCI bridge to [bus 03]
[    0.763909] pci 0004:02:0a.0: PCI bridge to [bus 04]
[    0.764074] pci 0004:02:0b.0: PCI bridge to [bus 05]
[    0.764232] pci 0004:02:0c.0: PCI bridge to [bus 06]
[    0.764410] PCI host bridge to bus 0005:00
[    0.764463] pci_bus 0005:00: root bus resource [mem 0x600c280000000-0x600c2fffeffff] (bus address [0x80000000-0xfffeffff])
[    0.764621] pci_bus 0005:00: root bus resource [mem 0x6028000000000-0x602bf7fffffff 64bit pref]
[    0.764754] pci_bus 0005:00: root bus resource [bus 00-ff]
[    0.764908] pci 0005:00:00.0: Disabling memory decoding and releasing memory resources.
[    0.765011] pci 0005:00:00.0: disabling bridge mem windows
[    0.765413] pci 0005:01:00.0: Disabling memory decoding and releasing memory resources.
[    0.765834] pci 0005:01:00.1: Disabling memory decoding and releasing memory resources.
[    0.766105] pci 0005:00:00.0: PCI bridge to [bus 01]
[    0.766315] PCI host bridge to bus 0030:00
[    0.766371] pci_bus 0030:00: root bus resource [mem 0x620c000000000-0x620c07ffeffff] (bus address [0x80000000-0xfffeffff])
[    0.766533] pci_bus 0030:00: root bus resource [mem 0x6200000000000-0x6203fbfffffff 64bit pref]
[    0.766669] pci_bus 0030:00: root bus resource [bus 00-ff]
[    0.766815] pci 0030:00:00.0: Disabling memory decoding and releasing memory resources.
[    0.766943] pci 0030:00:00.0: disabling bridge mem windows
[    0.767175] pci 0030:00:00.0: bridge configuration invalid ([bus 00-00]), reconfiguring
[    0.767365] pci 0030:00:00.0: PCI bridge to [bus 01-ff]
[    0.767501] PCI host bridge to bus 0033:00
[    0.767566] pci_bus 0033:00: root bus resource [mem 0x620c180000000-0x620c1fffeffff] (bus address [0x80000000-0xfffeffff])
[    0.767723] pci_bus 0033:00: root bus resource [mem 0x6220000000000-0x6223fbfffffff 64bit pref]
[    0.767858] pci_bus 0033:00: root bus resource [bus 00-ff]
[    0.768033] pci 0033:00:00.0: Disabling memory decoding and releasing memory resources.
[    0.768146] pci 0033:00:00.0: disabling bridge mem windows
[    0.768372] pci 0033:00:00.0: bridge configuration invalid ([bus 00-00]), reconfiguring
[    0.768574] pci 0033:00:00.0: PCI bridge to [bus 01-ff]
[    0.768705] PCI host bridge to bus 0034:00
[    0.768764] pci_bus 0034:00: root bus resource [mem 0x620c200000000-0x620c27ffeffff] (bus address [0x80000000-0xfffeffff])
[    0.768927] pci_bus 0034:00: root bus resource [mem 0x6224000000000-0x6227f7fffffff 64bit pref]
[    0.769061] pci_bus 0034:00: root bus resource [bus 00-ff]
[    0.769222] pci 0034:00:00.0: Disabling memory decoding and releasing memory resources.
[    0.769323] pci 0034:00:00.0: disabling bridge mem windows
[    0.769561] pci 0034:00:00.0: bridge configuration invalid ([bus 00-00]), reconfiguring
[    0.769728] pci 0034:00:00.0: PCI bridge to [bus 01-ff]
[    0.769867] PCI host bridge to bus 0035:00
[    0.769915] pci_bus 0035:00: root bus resource [mem 0x620c280000000-0x620c2fffeffff] (bus address [0x80000000-0xfffeffff])
[    0.770040] pci_bus 0035:00: root bus resource [mem 0x6228000000000-0x622bf7fffffff 64bit pref]
[    0.770177] pci_bus 0035:00: root bus resource [bus 00-ff]
[    0.770336] pci 0035:00:00.0: Disabling memory decoding and releasing memory resources.
[    0.770445] pci 0035:00:00.0: disabling bridge mem windows
[    0.770889] pci 0035:01:00.0: Disabling memory decoding and releasing memory resources.
[    0.770983] pci 0035:01:00.0: disabling bridge mem windows
[    0.771330] pci 0035:00:00.0: PCI bridge to [bus 01-08]
[    0.771683] pci 0035:02:08.0: Disabling memory decoding and releasing memory resources.
[    0.771773] pci 0035:02:08.0: disabling bridge mem windows
[    0.772213] pci 0035:02:0d.0: Disabling memory decoding and releasing memory resources.
[    0.772315] pci 0035:02:0d.0: disabling bridge mem windows
[    0.772624] pci 0035:01:00.0: PCI bridge to [bus 02-08]
[    0.773553] pci 0035:02:08.0: PCI bridge to [bus 03-07]
[    0.773733] pci 0035:02:0d.0: PCI bridge to [bus 08]
[    0.773915] PCI host bridge to bus 0006:00
[    0.773966] pci_bus 0006:00: root bus resource [mem 0x6030201600000-0x603020171ffff]
[    0.774066] pci_bus 0006:00: root bus resource [bus 00-ff]
[    0.774238] pci 0006:00:00.0: Disabling memory decoding and releasing memory resources.
[    0.774525] pci 0006:00:00.1: Disabling memory decoding and releasing memory resources.
[    0.774816] pci 0006:00:01.0: Disabling memory decoding and releasing memory resources.
[    0.775100] pci 0006:00:01.1: Disabling memory decoding and releasing memory resources.
[    0.775388] pci 0006:00:02.0: Disabling memory decoding and releasing memory resources.
[    0.775654] pci 0006:00:02.1: Disabling memory decoding and releasing memory resources.
[    0.776043] PCI host bridge to bus 0007:00
[    0.776108] pci_bus 0007:00: root bus resource [mem 0x6230201600000-0x623020171ffff]
[    0.776228] pci_bus 0007:00: root bus resource [bus 00-ff]
[    0.776396] pci 0007:00:00.0: Disabling memory decoding and releasing memory resources.
[    0.776668] pci 0007:00:00.1: Disabling memory decoding and releasing memory resources.
[    0.776918] pci 0007:00:01.0: Disabling memory decoding and releasing memory resources.
[    0.777178] pci 0007:00:01.1: Disabling memory decoding and releasing memory resources.
[    0.777434] pci 0007:00:02.0: Disabling memory decoding and releasing memory resources.
[    0.777712] pci 0007:00:02.1: Disabling memory decoding and releasing memory resources.
[    0.778029] pci 0000:00     : [PE# 1fe] Secondary bus 0 associated with PE#1fe
[    0.778413] pci 0000:00:00.0: PCI bridge to [bus 01]
[    0.778505] pci 0001:00:00.0: BAR 8: assigned [mem 0x600c080000000-0x600c0807fffff]
[    0.778623] pci 0001:01:00.0: BAR 0: assigned [mem 0x600c080000000-0x600c08000ffff 64bit]
[    0.778760] pci 0001:01:00.0: BAR 2: assigned [mem 0x600c080010000-0x600c080011fff 64bit]
[    0.778885] pci 0001:00     : [PE# fe] Secondary bus 0 associated with PE#fe
[    0.779287] pci 0001:01     : [PE# fd] Secondary bus 1 associated with PE#fd
[    0.779667] pci 0001:01     : [PE# fd] Setting up 32-bit TCE table at 0..80000000
[    0.785948] IOMMU table initialized, virtual merging enabled
[    0.786019] pci 0001:01     : [PE# fd] Setting up window#0 0..7fffffff pg=1000
[    0.786118] pci 0001:01     : [PE# fd] Enabling 64-bit DMA bypass
[    0.786198] pci 0001:00:00.0: PCI bridge to [bus 01]
[    0.786287] pci 0001:00:00.0:   bridge window [mem 0x600c080000000-0x600c0ffefffff]
[    0.786460] pci 0002:00:00.0: BAR 8: assigned [mem 0x600c100000000-0x600c1017fffff]
[    0.786581] pci 0002:01:00.0: BAR 8: assigned [mem 0x600c100000000-0x600c1017fffff]
[    0.786703] pci 0002:01:00.0: BAR 7: no space for [io  size 0x1000]
[    0.786785] pci 0002:01:00.0: BAR 7: failed to assign [io  size 0x1000]
[    0.786875] pci 0002:02:00.0: BAR 0: assigned [mem 0x600c100000000-0x600c100ffffff]
[    0.787003] pci 0002:02:00.0: BAR 1: assigned [mem 0x600c101000000-0x600c10101ffff]
[    0.787127] pci 0002:02:00.0: BAR 2: no space for [io  size 0x0080]
[    0.787203] pci 0002:02:00.0: BAR 2: failed to assign [io  size 0x0080]
[    0.787275] pci 0002:00     : [PE# fe] Secondary bus 0 associated with PE#fe
[    0.787688] pci 0002:02     : [PE# fd] Secondary bus 2..2 associated with PE#fd
[    0.788071] pci 0002:02     : [PE# fd] Setting up 32-bit TCE table at 0..80000000
[    0.794339] pci 0002:02     : [PE# fd] Setting up window#0 0..7fffffff pg=1000
[    0.794431] pci 0002:02     : [PE# fd] Enabling 64-bit DMA bypass
[    0.794540] pci 0002:01:00.0: PCI bridge to [bus 02]
[    0.794623] pci 0002:01:00.0:   bridge window [mem 0x600c100000000-0x600c17fefffff]
[    0.794741] pci 0002:01     : [PE# fc] Secondary bus 1 associated with PE#fc
[    0.795142] pci 0002:00:00.0: PCI bridge to [bus 01-02]
[    0.795203] pci 0002:00:00.0:   bridge window [mem 0x600c100000000-0x600c17fefffff]
[    0.795338] pci_bus 0002:00: Some PCI device resources are unassigned, try booting with pci=realloc
[    0.795499] pci 0003:00     : [PE# 1fe] Secondary bus 0 associated with PE#1fe
[    0.795888] pci 0003:00:00.0: PCI bridge to [bus 01]
[    0.796051] pci 0004:00:00.0: BAR 9: assigned [mem 0x6024000000000-0x602407fffffff 64bit pref]
[    0.796184] pci 0004:00:00.0: BAR 8: assigned [mem 0x600c200000000-0x600c200ffffff]
[    0.796312] pci 0004:01:00.0: BAR 9: assigned [mem 0x6024000000000-0x602407fffffff 64bit pref]
[    0.796430] pci 0004:01:00.0: BAR 8: assigned [mem 0x600c200000000-0x600c2007fffff]
[    0.796551] pci 0004:01:00.0: BAR 0: assigned [mem 0x600c200800000-0x600c20083ffff]
[    0.796675] pci 0004:01:00.1: BAR 0: assigned [mem 0x600c200840000-0x600c200841fff]
[    0.796798] pci 0004:01:00.2: BAR 0: assigned [mem 0x600c200850000-0x600c200851fff]
[    0.796914] pci 0004:01:00.3: BAR 0: assigned [mem 0x600c200860000-0x600c200861fff]
[    0.797034] pci 0004:01:00.4: BAR 0: assigned [mem 0x600c200870000-0x600c200871fff]
[    0.797156] pci 0004:01:00.0: BAR 7: no space for [io  size 0x1000]
[    0.797246] pci 0004:01:00.0: BAR 7: failed to assign [io  size 0x1000]
[    0.797341] pci 0004:01:00.0: BAR 7: no space for [io  size 0x1000]
[    0.797433] pci 0004:01:00.0: BAR 7: failed to assign [io  size 0x1000]
[    0.797517] pci 0004:02:02.0: BAR 9: assigned [mem 0x6024000000000-0x602403fffffff 64bit pref]
[    0.797657] pci 0004:02:02.0: BAR 8: assigned [mem 0x600c200000000-0x600c2007fffff]
[    0.797775] pci 0004:02:02.0: BAR 7: no space for [io  size 0x1000]
[    0.797866] pci 0004:02:02.0: BAR 7: failed to assign [io  size 0x1000]
[    0.797957] pci 0004:02:02.0: BAR 7: no space for [io  size 0x1000]
[    0.798052] pci 0004:02:02.0: BAR 7: failed to assign [io  size 0x1000]
[    0.798142] pci 0004:03:00.0: BAR 5: assigned [mem 0x600c200000000-0x600c2000007ff]
[    0.798262] pci 0004:03:00.0: BAR 6: assigned [mem 0x600c200010000-0x600c20001ffff pref]
[    0.798384] pci 0004:03:00.0: BAR 4: no space for [io  size 0x0020]
[    0.798474] pci 0004:03:00.0: BAR 4: failed to assign [io  size 0x0020]
[    0.798568] pci 0004:03:00.0: BAR 0: no space for [io  size 0x0008]
[    0.798653] pci 0004:03:00.0: BAR 0: failed to assign [io  size 0x0008]
[    0.798744] pci 0004:03:00.0: BAR 2: no space for [io  size 0x0008]
[    0.798833] pci 0004:03:00.0: BAR 2: failed to assign [io  size 0x0008]
[    0.798926] pci 0004:03:00.0: BAR 1: no space for [io  size 0x0004]
[    0.799006] pci 0004:03:00.0: BAR 1: failed to assign [io  size 0x0004]
[    0.799108] pci 0004:03:00.0: BAR 3: no space for [io  size 0x0004]
[    0.799197] pci 0004:03:00.0: BAR 3: failed to assign [io  size 0x0004]
[    0.799295] pci 0004:00     : [PE# fe] Secondary bus 0 associated with PE#fe
[    0.799702] pci 0004:03     : [PE# fd] Secondary bus 3 associated with PE#fd
[    0.800083] pci 0004:03     : [PE# fd] Setting up 32-bit TCE table at 0..80000000
[    0.806343] pci 0004:03     : [PE# fd] Setting up window#0 0..7fffffff pg=1000
[    0.806426] pci 0004:03     : [PE# fd] Enabling 64-bit DMA bypass
[    0.806536] pci 0004:02:02.0: PCI bridge to [bus 03]
[    0.806621] pci 0004:02:02.0:   bridge window [mem 0x600c200000000-0x600c2007fffff]
[    0.806722] pci 0004:02:02.0:   bridge window [mem 0x6024000000000-0x602403fffffff 64bit pref]
[    0.806869] pci 0004:02:0a.0: PCI bridge to [bus 04]
[    0.806930] pci 0004:02:0b.0: PCI bridge to [bus 05]
[    0.807023] pci 0004:02:0c.0: PCI bridge to [bus 06]
[    0.807102] pci 0004:02     : [PE# fc] Secondary bus 2 associated with PE#fc
[    0.807512] pci 0004:01:00.0: PCI bridge to [bus 02-06]
[    0.807577] pci 0004:01:00.0:   bridge window [mem 0x600c200000000-0x600c27fefffff]
[    0.807671] pci 0004:01:00.0:   bridge window [mem 0x6024000000000-0x6027f7ff0ffff 64bit pref]
[    0.807776] pci 0004:01     : [PE# fb] Secondary bus 1 associated with PE#fb
[    0.808182] pci 0004:01     : [PE# fb] Setting up 32-bit TCE table at 0..80000000
[    0.814439] pci 0004:01     : [PE# fb] Setting up window#0 0..7fffffff pg=1000
[    0.814539] pci 0004:01     : [PE# fb] Enabling 64-bit DMA bypass
[    0.814637] pci 0004:00:00.0: PCI bridge to [bus 01-06]
[    0.814709] pci 0004:00:00.0:   bridge window [mem 0x600c200000000-0x600c27fefffff]
[    0.814809] pci 0004:00:00.0:   bridge window [mem 0x6024000000000-0x6027f7ff0ffff 64bit pref]
[    0.814939] pci_bus 0004:00: Some PCI device resources are unassigned, try booting with pci=realloc
[    0.815126] pci 0005:00:00.0: BAR 9: assigned [mem 0x6028000000000-0x602803fffffff 64bit pref]
[    0.815244] pci 0005:01:00.0: BAR 0: assigned [mem 0x6028000000000-0x602800000ffff 64bit pref]
[    0.815397] pci 0005:01:00.0: BAR 2: assigned [mem 0x6028000010000-0x602800001ffff 64bit pref]
[    0.815534] pci 0005:01:00.0: BAR 4: assigned [mem 0x6028000020000-0x602800002ffff 64bit pref]
[    0.815677] pci 0005:01:00.1: BAR 0: assigned [mem 0x6028000030000-0x602800003ffff 64bit pref]
[    0.815826] pci 0005:01:00.1: BAR 2: assigned [mem 0x6028000040000-0x602800004ffff 64bit pref]
[    0.815938] pci 0005:01:00.1: BAR 4: assigned [mem 0x6028000050000-0x602800005ffff 64bit pref]
[    0.816114] pci 0005:00     : [PE# fe] Secondary bus 0 associated with PE#fe
[    0.816507] pci 0005:01     : [PE# 00] Secondary bus 1 associated with PE#0
[    0.816878] pci 0005:01     : [PE# 00] Setting up 32-bit TCE table at 0..80000000
[    0.823145] pci 0005:01     : [PE# 00] Setting up window#0 0..7fffffff pg=1000
[    0.823231] pci 0005:01     : [PE# 00] Enabling 64-bit DMA bypass
[    0.823323] pci 0005:00:00.0: PCI bridge to [bus 01]
[    0.823411] pci 0005:00:00.0:   bridge window [mem 0x6028000000000-0x602bf7fffffff 64bit pref]
[    0.823561] pci 0030:00     : [PE# 1fe] Secondary bus 0 associated with PE#1fe
[    0.823973] pci 0030:00:00.0: PCI bridge to [bus 01]
[    0.824069] pci 0033:00     : [PE# 1fe] Secondary bus 0 associated with PE#1fe
[    0.824477] pci 0033:00:00.0: PCI bridge to [bus 01]
[    0.824573] pci 0034:00     : [PE# fe] Secondary bus 0 associated with PE#fe
[    0.824979] pci 0034:00:00.0: PCI bridge to [bus 01]
[    0.825123] pci 0035:00:00.0: BAR 8: assigned [mem 0x620c280000000-0x620c2807fffff]
[    0.825234] pci 0035:01:00.0: BAR 0: assigned [mem 0x620c280000000-0x620c28003ffff]
[    0.825360] pci 0035:00     : [PE# fe] Secondary bus 0 associated with PE#fe
[    0.825747] pci 0035:02:08.0: PCI bridge to [bus 03-07]
[    0.825817] pci 0035:02:0d.0: PCI bridge to [bus 08]
[    0.825891] pci 0035:02     : [PE# fd] Secondary bus 2 associated with PE#fd
[    0.826313] pci 0035:01:00.0: PCI bridge to [bus 02-08]
[    0.826392] pci 0035:01     : [PE# fc] Secondary bus 1 associated with PE#fc
[    0.826758] pci 0035:00:00.0: PCI bridge to [bus 01-08]
[    0.826824] pci 0035:00:00.0:   bridge window [mem 0x620c280000000-0x620c2ffefffff]
[    0.826957] pci 0006:00:00.0: BAR 0: assigned [mem 0x6030201600000-0x603020161ffff 64bit]
[    0.827125] pci 0006:00:00.1: BAR 0: assigned [mem 0x6030201620000-0x603020163ffff 64bit]
[    0.827295] pci 0006:00:01.0: BAR 0: assigned [mem 0x6030201640000-0x603020165ffff 64bit]
[    0.827441] pci 0006:00:01.1: BAR 0: assigned [mem 0x6030201660000-0x603020167ffff 64bit]
[    0.827594] pci 0006:00:02.0: BAR 0: assigned [mem 0x6030201680000-0x603020169ffff 64bit]
[    0.827746] pci 0006:00:02.1: BAR 0: assigned [mem 0x60302016a0000-0x60302016bffff 64bit]
[    0.827891] pci 0006:00:00.0: BAR 2: assigned [mem 0x60302016c0000-0x60302016cffff 64bit]
[    0.828051] pci 0006:00:00.1: BAR 2: assigned [mem 0x60302016d0000-0x60302016dffff 64bit]
[    0.828191] pci 0006:00:01.0: BAR 2: assigned [mem 0x60302016e0000-0x60302016effff 64bit]
[    0.828361] pci 0006:00:01.1: BAR 2: assigned [mem 0x60302016f0000-0x60302016fffff 64bit]
[    0.828508] pci 0006:00:02.0: BAR 2: assigned [mem 0x6030201700000-0x603020170ffff 64bit]
[    0.828670] pci 0006:00:02.1: BAR 2: assigned [mem 0x6030201710000-0x603020171ffff 64bit]
[    0.828837] pci 0007:00:00.0: BAR 0: assigned [mem 0x6230201600000-0x623020161ffff 64bit]
[    0.828982] pci 0007:00:00.1: BAR 0: assigned [mem 0x6230201620000-0x623020163ffff 64bit]
[    0.829150] pci 0007:00:01.0: BAR 0: assigned [mem 0x6230201640000-0x623020165ffff 64bit]
[    0.829287] pci 0007:00:01.1: BAR 0: assigned [mem 0x6230201660000-0x623020167ffff 64bit]
[    0.829461] pci 0007:00:02.0: BAR 0: assigned [mem 0x6230201680000-0x623020169ffff 64bit]
[    0.829604] pci 0007:00:02.1: BAR 0: assigned [mem 0x62302016a0000-0x62302016bffff 64bit]
[    0.829771] pci 0007:00:00.0: BAR 2: assigned [mem 0x62302016c0000-0x62302016cffff 64bit]
[    0.829923] pci 0007:00:00.1: BAR 2: assigned [mem 0x62302016d0000-0x62302016dffff 64bit]
[    0.830074] pci 0007:00:01.0: BAR 2: assigned [mem 0x62302016e0000-0x62302016effff 64bit]
[    0.830222] pci 0007:00:01.1: BAR 2: assigned [mem 0x62302016f0000-0x62302016fffff 64bit]
[    0.830394] pci 0007:00:02.0: BAR 2: assigned [mem 0x6230201700000-0x623020170ffff 64bit]
[    0.830531] pci 0007:00:02.1: BAR 2: assigned [mem 0x6230201710000-0x623020171ffff 64bit]
[    0.830716] pci 0006:00:00.0: [PE# 0d] Associated device to PE
[    0.830800] pci 0006:00:00.1: Associating to existing PE d
[    0.830871] pci 0006:00:01.0: Associating to existing PE d
[    0.830944] pci 0006:00:01.1: Associating to existing PE d
[    0.831035] pci 0006:00:02.0: Associating to existing PE d
[    0.831126] pci 0006:00:02.1: Associating to existing PE d
[    0.831253] NPU6: Found 1 MMIO ATSD registers
[    0.831258] pci 0007:00:00.0: [PE# 0d] Associated device to PE
[    0.831409] pci 0007:00:00.1: Associating to existing PE d
[    0.831495] pci 0007:00:01.0: Associating to existing PE d
[    0.831567] pci 0007:00:01.1: Associating to existing PE d
[    0.831653] pci 0007:00:02.0: Associating to existing PE d
[    0.831736] pci 0007:00:02.1: Associating to existing PE d
[    0.831828] NPU7: Found 1 MMIO ATSD registers
[    0.835550] EEH: PCI Enhanced I/O Error Handling Enabled
[    0.843933] pci 0002:02:00.0: vgaarb: VGA device added: decodes=io+mem,owns=none,locks=none
[    0.844052] pci 0002:02:00.0: vgaarb: bridge control possible
[    0.844142] vgaarb: loaded
[    0.844290] SCSI subsystem initialized
[    0.844457] usbcore: registered new interface driver usbfs
[    0.844539] usbcore: registered new interface driver hub
[    0.845120] usbcore: registered new device driver usb
[    0.845217] pps_core: LinuxPPS API ver. 1 registered
[    0.845281] pps_core: Software ver. 5.3.6 - Copyright 2005-2007 Rodolfo Giometti <giometti@linux.it>
[    0.845394] PTP clock support registered
[    0.846140] clocksource: Switched to clocksource timebase
[    0.849170] NET: Registered protocol family 2
[    0.849493] TCP established hash table entries: 524288 (order: 6, 4194304 bytes)
[    0.851997] TCP bind hash table entries: 65536 (order: 4, 1048576 bytes)
[    0.852440] TCP: Hash tables configured (established 524288 bind 65536)
[    0.852731] UDP hash table entries: 65536 (order: 5, 2097152 bytes)
[    0.853547] UDP-Lite hash table entries: 65536 (order: 5, 2097152 bytes)
[    0.854780] NET: Registered protocol family 1
[    0.854869] pci 0001:00:00.0: enabling device (0105 -> 0107)
[    0.854953] pci 0001:01:00.0: enabling device (0140 -> 0142)
[    3.199999] Initialise system trusted keyrings
[    3.200131] workingset: timestamp_bits=54 max_order=22 bucket_order=0
[    3.205064] Key type asymmetric registered
[    3.205108] Asymmetric key parser 'x509' registered
[    3.205189] Block layer SCSI generic (bsg) driver version 0.4 loaded (major 250)
[    3.205301] io scheduler noop registered
[    3.205737] io scheduler cfq registered (default)
[    3.205799] io scheduler mq-deadline registered
[    3.205862] io scheduler kyber registered
[    3.208340] ipmi message handler version 39.2
[    3.208394] ipmi device interface
[    3.208482] ipmi-powernv ibm,opal:ipmi: Unable to map irq from device tree
[    8.588331] ipmi-powernv ibm,opal:ipmi: Found new BMC (man_id: 0x000000, prod_id: 0x0000, dev_id: 0x00)
[    8.601794] hvc0: raw protocol on /ibm,opal/consoles/serial@0 (boot console)
[    8.601862] hvc0: No interrupts property, using OPAL event
[    8.602306] Serial: 8250/16550 driver, 4 ports, IRQ sharing disabled
[    8.602813] [drm] radeon kernel modesetting enabled.
[    8.612647] brd: module loaded
[    8.632103] loop: module loaded
[    8.632262] pci 0004:00:00.0: enabling device (0105 -> 0107)
[    8.632335] pci 0004:01:00.0: enabling device (0545 -> 0547)
[    8.632432] pci 0004:02:02.0: enabling device (0545 -> 0547)
[    8.632530] ahci 0004:03:00.0: enabling device (0141 -> 0143)
[    8.632722] ahci 0004:03:00.0: Using 64-bit DMA iommu bypass
[    8.642882] ahci 0004:03:00.0: AHCI 0001.0000 32 slots 4 ports 6 Gbps 0xf impl SATA mode
[    8.642961] ahci 0004:03:00.0: flags: 64bit ncq sntf led only pmp fbs pio slum part sxs 
[    8.643596] scsi host0: ahci
[    8.643801] scsi host1: ahci
[    8.644010] scsi host2: ahci
[    8.644209] scsi host3: ahci
[    8.644322] ata1: SATA max UDMA/133 abar m2048@0x600c200000000 port 0x600c200000100 irq 88
[    8.644438] ata2: SATA max UDMA/133 abar m2048@0x600c200000000 port 0x600c200000180 irq 88
[    8.644554] ata3: SATA max UDMA/133 abar m2048@0x600c200000000 port 0x600c200000200 irq 88
[    8.644671] ata4: SATA max UDMA/133 abar m2048@0x600c200000000 port 0x600c200000280 irq 88
[    8.644897] libphy: Fixed MDIO Bus: probed
[    8.644959] tg3.c:v3.137 (May 11, 2014)
[    8.645018] pci 0005:00:00.0: enabling device (0105 -> 0107)
[    8.645115] tg3 0005:01:00.0: enabling device (0140 -> 0142)
[    8.671346] tg3 0005:01:00.0: Using 64-bit DMA iommu bypass
[    8.671763] tg3 0005:01:00.0 eth0: Tigon3 [partno(BCM95719) rev 5719001] (PCI Express) MAC address 70:e2:84:14:23:e2
[    8.671869] tg3 0005:01:00.0 eth0: attached PHY is 5719C (10/100/1000Base-T Ethernet) (WireSpeed[1], EEE[1])
[    8.672014] tg3 0005:01:00.0 eth0: RXcsums[1] LinkChgREG[0] MIirq[0] ASF[1] TSOcap[1]
[    8.672134] tg3 0005:01:00.0 eth0: dma_rwctrl[00000000] dma_mask[64-bit]
[    8.672316] tg3 0005:01:00.1: enabling device (0140 -> 0142)
[    8.702789] tg3 0005:01:00.1: Using 64-bit DMA iommu bypass
[    8.703185] tg3 0005:01:00.1 eth1: Tigon3 [partno(BCM95719) rev 5719001] (PCI Express) MAC address 70:e2:84:14:23:e3
[    8.703289] tg3 0005:01:00.1 eth1: attached PHY is 5719C (10/100/1000Base-T Ethernet) (WireSpeed[1], EEE[1])
[    8.703414] tg3 0005:01:00.1 eth1: RXcsums[1] LinkChgREG[0] MIirq[0] ASF[1] TSOcap[1]
[    8.703533] tg3 0005:01:00.1 eth1: dma_rwctrl[00000000] dma_mask[64-bit]
[    8.703793] ehci_hcd: USB 2.0 'Enhanced' Host Controller (EHCI) Driver
[    8.703864] ehci-pci: EHCI PCI platform driver
[    8.703946] ohci_hcd: USB 1.1 'Open' Host Controller (OHCI) Driver
[    8.704043] ohci-pci: OHCI PCI platform driver
[    8.704176] xhci_hcd 0001:01:00.0: xHCI Host Controller
[    8.704269] xhci_hcd 0001:01:00.0: new USB bus registered, assigned bus number 1
[    8.704446] xhci_hcd 0001:01:00.0: Using 64-bit DMA iommu bypass
[    8.704587] xhci_hcd 0001:01:00.0: hcc params 0x0270f06d hci version 0x96 quirks 0x04000000
[    8.705338] hub 1-0:1.0: USB hub found
[    8.705394] hub 1-0:1.0: 4 ports detected
[    8.705572] xhci_hcd 0001:01:00.0: xHCI Host Controller
[    8.705684] xhci_hcd 0001:01:00.0: new USB bus registered, assigned bus number 2
[    8.705824] usb usb2: We don't know the algorithms for LPM for this host, disabling LPM.
[    8.706135] hub 2-0:1.0: USB hub found
[    8.706185] hub 2-0:1.0: 4 ports detected
[    8.706426] usbcore: registered new interface driver usb-storage
[    8.967263] ata3: SATA link down (SStatus 0 SControl 300)
[    8.977244] ata4: SATA link down (SStatus 0 SControl 300)
[    9.136041] ata2: SATA link up 6.0 Gbps (SStatus 133 SControl 300)
[    9.137078] ata2.00: ATA-10: ST1000NX0313         00LY266 00LY265IBM, BE35, max UDMA/133
[    9.137170] ata2.00: 1953525168 sectors, multi 0: LBA48 NCQ (depth 31/32), AA
[    9.137865] ata2.00: configured for UDMA/133
[    9.996072] rtc-opal opal-rtc: rtc core: registered rtc-opal as rtc0
[    9.996133] i2c /dev entries driver
[    9.996462] at24 0-0050: 16384 byte 24c128 EEPROM, writable, 1 bytes/write
[    9.996779] at24 1-0054: 16384 byte 24c128 EEPROM, writable, 1 bytes/write
[    9.997103] at24 2-0050: 16384 byte 24c128 EEPROM, writable, 1 bytes/write
[    9.997420] at24 3-0054: 16384 byte 24c128 EEPROM, writable, 1 bytes/write
[    9.997758] at24 4-0050: 16384 byte 24c128 EEPROM, writable, 1 bytes/write
[   32.448013148,3] I2C: Request timeout !
[   32.448327462,3] I2C: Chip 00000000 Eng. 3 Port 0--
 xscom_base=0x00000000000a3000	state=4	bytes_sent=0
[   32.449106164,3] I2C: Request info--
 addr=0x0052	offset_bytes=2	offset=0	len=1
[   32.449867215,3] I2C:  start_time=00000003eaa734fa end_time=00000003eb4421df (duration=00000000009cece5)
[   32.450644557,3] I2C: Register dump--
    cmd:0x1000000001000000	mode:0x004d000801000000	stat:0x01018c0001080000
  estat:0x0800dd1801000000	intm:0x0000ff8001000000	intc:0x0000012a01000000
[   10.236038] ata1: SATA link up 6.0 Gbps (SStatus 133 SControl 300)
[   10.237017] ata1.00: ATA-10: ST1000NX0313         00LY266 00LY265IBM, BE35, max UDMA/133
[   10.237095] ata1.00: 1953525168 sectors, multi 0: LBA48 NCQ (depth 31/32), AA
[   10.237803] ata1.00: configured for UDMA/133
[   10.238287] scsi 0:0:0:0: Direct-Access     ATA      ST1000NX0313     BE35 PQ: 0 ANSI: 5
[   10.239180] scsi 1:0:0:0: Direct-Access     ATA      ST1000NX0313     BE35 PQ: 0 ANSI: 5
[   33.063229746,3] I2C: Request timeout !
[   33.063287184,3] I2C: Chip 00000000 Eng. 3 Port 0--
 xscom_base=0x00000000000a3000	state=4	bytes_sent=0
[   33.063369613,3] I2C: Request info--
 addr=0x0053	offset_bytes=2	offset=0	len=1
[   33.063434249,3] I2C:  start_time=00000003f23c649a end_time=00000003f2d94e48 (duration=00000000009ce9ae)
[   33.063547335,3] I2C: Register dump--
    cmd:0x1000000001000000	mode:0x004d000801000000	stat:0x01018c0001080000
  estat:0x0800dd1801000000	intm:0x0000ff8001000000	intc:0x0000012a01000000
[   33.178137021,3] I2C: Request timeout !
[   33.178181735,3] I2C: Chip 00000000 Eng. 3 Port 0--
 xscom_base=0x00000000000a3000	state=4	bytes_sent=0
[   33.178276885,3] I2C: Request info--
 addr=0x0054	offset_bytes=2	offset=0	len=1
[   33.178338771,3] I2C:  start_time=00000003f915bd44 end_time=00000003f9b2a6e2 (duration=00000000009ce99e)
[   33.178439723,3] I2C: Register dump--
    cmd:0x1000000001000000	mode:0x004d000801000000	stat:0x01018c0001080000
  estat:0x0800dd1801000000	intm:0x0000ff8001000000	intc:0x0000012a01000000
[   33.301251789,3] I2C: Request timeout !
[   33.301311434,3] I2C: Chip 00000000 Eng. 3 Port 0--
 xscom_base=0x00000000000a3000	state=4	bytes_sent=0
[   33.301396220,3] I2C: Request info--
 addr=0x0055	offset_bytes=2	offset=0	len=1
[   33.301455967,3] I2C:  start_time=00000004006c53c4 end_time=0000000401093bf9 (duration=00000000009ce835)
[   33.301543780,3] I2C: Register dump--
    cmd:0x1000000001000000	mode:0x004d000801000000	stat:0x01018c0001080000
  estat:0x0800dd1801000000	intm:0x0000ff8001000000	intc:0x0000012a01000000
[   33.424366655,3] I2C: Request timeout !
[   33.424428596,3] I2C: Chip 00000000 Eng. 3 Port 1--
 xscom_base=0x00000000000a3000	state=4	bytes_sent=0
[   33.424515915,3] I2C: Request info--
 addr=0x0052	offset_bytes=2	offset=0	len=1
[   33.424580390,3] I2C:  start_time=0000000407c2e9cf end_time=00000004085fd15c (duration=00000000009ce78d)
[   33.424678592,3] I2C: Register dump--
    cmd:0x1000000001000000	mode:0x004d040801000000	stat:0x01018c0001080000
  estat:0x0800dd1801000000	intm:0x0000ff8001000000	intc:0x0000012a01000000
[   34.053949394,3] I2C: Request timeout !
[   34.054011565,3] I2C: Chip 00000000 Eng. 3 Port 1--
 xscom_base=0x00000000000a3000	state=4	bytes_sent=0
[   34.054101491,3] I2C: Request info--
 addr=0x0054	offset_bytes=2	offset=0	len=1
[   34.054168686,3] I2C:  start_time=0000000410334a9f end_time=0000000410d032ff (duration=00000000009ce860)
[   34.054266551,3] I2C: Register dump--
    cmd:0x1000000001000000	mode:0x004d040801000000	stat:0x01018c0001080000
  estat:0x0800dd1801000000	intm:0x0000ff8001000000	intc:0x0000012a01000000
[   11.461107] at24 7-0050: 16384 byte 24c128 EEPROM, writable, 1 bytes/write
[   11.461437] at24 8-0054: 16384 byte 24c128 EEPROM, writable, 1 bytes/write
[   11.461759] at24 9-0050: 16384 byte 24c128 EEPROM, writable, 1 bytes/write
[   11.462080] at24 10-0054: 16384 byte 24c128 EEPROM, writable, 1 bytes/write
[   34.180897141,3] I2C: Request timeout !
[   34.180956797,3] I2C: Chip 00000008 Eng. 3 Port 0--
 xscom_base=0x00000000000a3000	state=4	bytes_sent=0
[   34.181048194,3] I2C: Request info--
 addr=0x0053	offset_bytes=2	offset=0	len=1
[   34.181122602,3] I2C:  start_time=0000000417c456e5 end_time=00000004186142dd (duration=00000000009cebf8)
[   34.181216748,3] I2C: Register dump--
    cmd:0x1000000001000000	mode:0x004d000801000000	stat:0x01018c0001080000
  estat:0x0800dd1801000000	intm:0x0000ff8001000000	intc:0x0000012a01000000
[   34.314271522,3] I2C: Request timeout !
[   34.314323883,3] I2C: Chip 00000008 Eng. 3 Port 0--
 xscom_base=0x00000000000a3000	state=4	bytes_sent=0
[   34.314397370,3] I2C: Request info--
 addr=0x0055	offset_bytes=2	offset=0	len=1
[   34.314451359,3] I2C:  start_time=000000041fb77cc2 end_time=0000000420546621 (duration=00000000009ce95f)
[   34.314545455,3] I2C: Register dump--
    cmd:0x1000000001000000	mode:0x004d000801000000	stat:0x01018c0001080000
  estat:0x0800dd1801000000	intm:0x0000ff8001000000	intc:0x0000012a01000000
[   34.433282755,3] I2C: Request timeout !
[   34.434013007,3] I2C: Chip 00000008 Eng. 3 Port 1--
 xscom_base=0x00000000000a3000	state=4	bytes_sent=0
[   34.438855434,3] I2C: Request info--
 addr=0x0053	offset_bytes=2	offset=0	len=1
[   34.442483804,3] I2C:  start_time=0000000426cf739b end_time=00000004276c5dc7 (duration=00000000009cea2c)
[   34.443809169,3] I2C: Register dump--
    cmd:0x1000000001000000	mode:0x004d040801000000	stat:0x01018c0001080000
  estat:0x0800dd1801000000	intm:0x0000ff8001000000	intc:0x0000012a01000000
[   35.023878529,3] I2C: Request timeout !
[   35.023940695,3] I2C: Chip 00000008 Eng. 3 Port 1--
 xscom_base=0x00000000000a3000	state=4	bytes_sent=0
[   35.024041499,3] I2C: Request info--
 addr=0x0054	offset_bytes=2	offset=0	len=1
[   35.024103256,3] I2C:  start_time=000000042cecf0ff end_time=000000042d89da86 (duration=00000000009ce987)
[   35.024209862,3] I2C: Register dump--
    cmd:0x1000000001000000	mode:0x004d040801000000	stat:0x01018c0001080000
  estat:0x0800dd1801000000	intm:0x0000ff8001000000	intc:0x0000012a01000000
[   35.136731045,3] I2C: Request timeout !
[   35.136792938,3] I2C: Chip 00000008 Eng. 3 Port 1--
 xscom_base=0x00000000000a3000	state=4	bytes_sent=0
[   35.136866465,3] I2C: Request info--
 addr=0x0055	offset_bytes=2	offset=0	len=1
[   35.136933398,3] I2C:  start_time=0000000433a6f0d8 end_time=000000043443d8af (duration=00000000009ce7d7)
[   35.137025236,3] I2C: Register dump--
    cmd:0x1000000001000000	mode:0x004d040801000000	stat:0x01018c0001080000
  estat:0x0800dd1801000000	intm:0x0000ff8001000000	intc:0x0000012a01000000
[   12.599331] powernv-cpufreq: cpufreq pstate min 101 nominal 50 max 0
[   12.599396] powernv-cpufreq: Workload Optimized Frequency is enabled in the platform
[   12.609130] usbcore: registered new interface driver usbhid
[   12.609177] usbhid: USB HID core driver
[   12.609571] ipip: IPv4 and MPLS over IPv4 tunneling driver
[   12.609873] NET: Registered protocol family 17
[   12.609952] Key type dns_resolver registered
[   12.610228] registered taskstats version 1
[   12.610267] Loading compiled-in X.509 certificates
[   12.616841] Loaded X.509 cert 'Build time autogenerated kernel key: 69b7bd2878a4bab90574770d0a2ffddecb40bd94'
[   12.622174] Key type encrypted registered
[   12.622220] ima: No TPM chip found, activating TPM-bypass! (rc=-19)
[   12.622366] evm: HMAC attrs: 0x1
[   12.956168] rtc-opal opal-rtc: setting system clock to 2017-09-28 17:16:05 UTC (1506618965)
[   12.958524] Freeing unused kernel memory: 11456K
[   12.958593] This architecture does not have kernel memory protection.
[   12.978261] udevd[2945]: starting version 3.2.2
[   12.983564] udevd[2946]: starting eudev-3.2.2
[   13.031161] pci 0002:00:00.0: enabling device (0105 -> 0107)
[   13.031242] pci 0002:01:00.0: enabling device (0145 -> 0147)
[   13.031330] ast 0002:02:00.0: enabling device (0140 -> 0142)
[   13.031538] [drm] platform has no IO space, trying MMIO
[   13.031612] [drm] VGA not enabled on entry, requesting chip POST
[   13.031715] [drm] Using P2A bridge for configuration
[   13.031777] [drm] AST 2500 detected
[   13.031853] [drm] Analog VGA only
[   13.031949] [drm] dram MCLK=800 Mhz type=7 bus_width=16 size=01000000
[   13.032140] [TTM] Zone  kernel: Available graphics memory: 108817376 kiB
[   13.032245] [TTM] Zone   dma32: Available graphics memory: 2097152 kiB
[   13.032350] [TTM] Initializing pool allocator
[   13.033486] scsi 0:0:0:0: Attached scsi generic sg0 type 0
[   13.033634] scsi 1:0:0:0: Attached scsi generic sg1 type 0
[   13.036855] tg3 0005:01:00.1 enP5p1s0f1: renamed from eth1
[   13.037316] sd 0:0:0:0: [sda] 1953525168 512-byte logical blocks: (1.00 TB/932 GiB)
[   13.037396] sd 0:0:0:0: [sda] 4096-byte physical blocks
[   13.037432] sd 1:0:0:0: [sdb] 1953525168 512-byte logical blocks: (1.00 TB/932 GiB)
[   13.037436] sd 1:0:0:0: [sdb] 4096-byte physical blocks
[   13.037462] sd 1:0:0:0: [sdb] Write Protect is off
[   13.037511] sd 1:0:0:0: [sdb] Write cache: enabled, read cache: enabled, doesn't support DPO or FUA
[   13.037863] sd 0:0:0:0: [sda] Write Protect is off
[   13.037966] sd 0:0:0:0: [sda] Write cache: enabled, read cache: enabled, doesn't support DPO or FUA

(B)0[1;24r[m[?7h[?1h=[H[J[H[J Petitboot (v1.5.1-p848cad7)[1B [0mqqqqqqqqqqqqqqqqqqqqqqqqqqqqqqqqqqqqqqqqqqqqqqqqqqqqqqqqqqqqqqqqqqqqqqqqqqqqqq[2B  [0mSystem information[1B  System configuration[1B  System status log[1B  Language[1B  Rescan devices[1B  Retrieve config from URL[1B *[0;7mExit to shell           [12B[25D[0mqqqqqqqqqqqqqqqqqqqqqqqqqqqqqqqqqqqqqqqqqqqqqqqqqqqqqqqqqqqqqqqqqqqqqqqqqqqqqq[1B [0mEnter=accept, e=edit, n=new, x=exit, l=language, g=log, h=help[1B Welcome to Petitboot[J[1;47H0000000000000000 0000000000000000[23B [3;21r[3;1HMM[1;24r[3;3H[Disk: sda2 / 728d2189-0c67-4551-8857-40e2845ba17b][1B[49DUbuntu[12;27H[0;7m                           [12B[52D[m[4;21r[4;1HM[1;24r[4;5HUbuntu, with Linux 4.10.0-26-generic[20B [4;21r[4;1HM[1;24r[4;5HUbuntu, with Linux 4.10.0-26-generic (recovery mode)[14;54H[0;7m   [10B[55D[m[enP5p1s0f0] Configuring with DHCP Booting in 9 sec: [sda2] Ubuntu   [24;13H8[24;33H[24;13H7[24;33H[24;13H6[24;33H[24;13H5[24;33H[24;13H4[24;33H[24;13H3[24;33H[24;13H2[24;33H[24;13H1[24;33H[24;10HUbuntu                 [24;16H Loaded kernel image from file:///var/petitboot/mnt/dev/sda2/boot/vmlinux-4.10.[?7l0[?7h[24;9Hinitrd from file:///var/petitboot/mnt/dev/sda2/boot/initrd.img-4.10.0-2[?7l6[?7h Running boot hooks[K Performing kexec loadrebootThe system is going down NOW!
Sent SIGTERM to all processes
Sent SIGKILL to all processes
[   82.646617] kexec_core: Starting new kernel
[  105.325266300,5] OPAL: Switch to big-endian OS
[  107.447392657,5] OPAL: Switch to little-endian OS
[    0.000000] opal: OPAL detected !
[    0.000000] OF: reserved mem: not enough space all defined regions.
[    0.000000] OF: reserved mem: not enough space all defined regions.
[    0.000000] OF: reserved mem: not enough space all defined regions.
[    0.000000] Page sizes from device-tree:
[    0.000000] Page size shift = 12 AP=0x0
[    0.000000] Page size shift = 16 AP=0x5
[    0.000000] Page size shift = 21 AP=0x1
[    0.000000] Page size shift = 30 AP=0x2
[    0.000000] Initializing Radix MMU
[    0.000000] Partition table c0002017ff7f0000
[    0.000000] Mapped range 0x0 - 0x2000000000 with 0x40000000
[    0.000000] Mapped range 0x200000000000 - 0x200c00000000 with 0x40000000
[    0.000000] Mapped range 0x201000000000 - 0x201800000000 with 0x40000000
[    0.000000] Process table c0002017fe800000 and radix root for kernel: c0000000014a0000
[    0.000000] Linux version 4.10.0-26-generic (buildd@bos01-ppc64el-012) (gcc version 6.3.0 20170406 (Ubuntu 6.3.0-12ubuntu2) ) #30-Ubuntu SMP Tue Jun 27 09:29:34 UTC 2017 (Ubuntu 4.10.0-26.30-generic 4.10.17)
[    0.000000] Found initrd at 0xc000000002d90000:0xc00000000533e9f2
[    0.000000] OPAL: Power8 LPC bus found, chip ID 0
[    0.000000] Using PowerNV machine description
[    0.000000] bootconsole [udbg0] enabled
[    0.000000] CPU maps initialized for 4 threads per core
 -> smp_release_cpus()
spinning_secondaries = 175
 <- smp_release_cpus()
[    0.000000] -----------------------------------------------------
[    0.000000] ppc64_pft_size    = 0x0
[    0.000000] phys_mem_size     = 0x3400000000
[    0.000000] dcache_bsize      = 0x80
[    0.000000] icache_bsize      = 0x80
[    0.000000] cpu_features      = 0x077c7afd18500249
[    0.000000]   possible        = 0x7fffffff18500649
[    0.000000]   always          = 0x0000000018100040
[    0.000000] cpu_user_features = 0xdc0065c2 0xaec00000
[    0.000000] mmu_features      = 0x3c004041
[    0.000000] firmware_features = 0x0000000110000000
[    0.000000] -----------------------------------------------------
[    0.000000] cma: Reserved 10656 MiB at 0x0000201563000000
[    0.000000] numa: Initmem setup node 0 [mem 0x00000000-0x1fffffffff]
[    0.000000] numa:   NODE_DATA [mem 0x1fffff6300-0x1fffffffff]
[    0.000000] numa: Initmem setup node 8 [mem 0x200000000000-0x2017ffffffff]
[    0.000000] numa:   NODE_DATA [mem 0x2017ff6e4d80-0x2017ff6eea7f]
[    0.000000] numa: Initmem setup node 250
[    0.000000] numa:   NODE_DATA [mem 0x2017ff6bb080-0x2017ff6c4d7f]
[    0.000000] numa:     NODE_DATA(250) on node 8
[    0.000000] numa: Initmem setup node 251
[    0.000000] numa:   NODE_DATA [mem 0x2017ff6b1380-0x2017ff6bb07f]
[    0.000000] numa:     NODE_DATA(251) on node 8
[    0.000000] numa: Initmem setup node 252
[    0.000000] numa:   NODE_DATA [mem 0x2017ff6a7680-0x2017ff6b137f]
[    0.000000] numa:     NODE_DATA(252) on node 8
[    0.000000] numa: Initmem setup node 253
[    0.000000] numa:   NODE_DATA [mem 0x2017ff69d980-0x2017ff6a767f]
[    0.000000] numa:     NODE_DATA(253) on node 8
[    0.000000] numa: Initmem setup node 254
[    0.000000] numa:   NODE_DATA [mem 0x2017ff693c80-0x2017ff69d97f]
[    0.000000] numa:     NODE_DATA(254) on node 8
[    0.000000] numa: Initmem setup node 255
[    0.000000] numa:   NODE_DATA [mem 0x2017ff689f80-0x2017ff693c7f]
[    0.000000] numa:     NODE_DATA(255) on node 8
[    0.000000] Initializing IODA2 PHB (/pciex@600c3c0000000)
[    0.000000] PCI host bridge /pciex@600c3c0000000 (primary) ranges:
[    0.000000]  MEM 0x000600c000000000..0x000600c07ffeffff -> 0x0000000080000000 
[    0.000000]  MEM 0x0006000000000000..0x0006003fffffffff -> 0x0006000000000000 (M64 #1..31)
[    0.000000]  Using M64 #31 as default window
[    0.000000]   512 (511) PE's M32: 0x80000000 [segment=0x400000]
[    0.000000]                  M64: 0x4000000000 [segment=0x20000000]
[    0.000000]   Allocated bitmap for 4088 MSIs (base IRQ 0xfe000)
[    0.000000] Initializing IODA2 PHB (/pciex@600c3c0100000)
[    0.000000] PCI host bridge /pciex@600c3c0100000  ranges:
[    0.000000]  MEM 0x000600c080000000..0x000600c0fffeffff -> 0x0000000080000000 
[    0.000000]  MEM 0x0006004000000000..0x0006007fffffffff -> 0x0006004000000000 (M64 #1..15)
[    0.000000]  Using M64 #15 as default window
[    0.000000]   256 (255) PE's M32: 0x80000000 [segment=0x800000]
[    0.000000]                  M64: 0x4000000000 [segment=0x40000000]
[    0.000000]   Allocated bitmap for 2040 MSIs (base IRQ 0xfd800)
[    0.000000] Initializing IODA2 PHB (/pciex@600c3c0200000)
[    0.000000] PCI host bridge /pciex@600c3c0200000  ranges:
[    0.000000]  MEM 0x000600c100000000..0x000600c17ffeffff -> 0x0000000080000000 
[    0.000000]  MEM 0x0006008000000000..0x000600bfffffffff -> 0x0006008000000000 (M64 #1..15)
[    0.000000]  Using M64 #15 as default window
[    0.000000]   256 (255) PE's M32: 0x80000000 [segment=0x800000]
[    0.000000]                  M64: 0x4000000000 [segment=0x40000000]
[    0.000000]   Allocated bitmap for 2040 MSIs (base IRQ 0xfd000)
[    0.000000] Initializing IODA2 PHB (/pciex@600c3c0300000)
[    0.000000] PCI host bridge /pciex@600c3c0300000  ranges:
[    0.000000]  MEM 0x000600c180000000..0x000600c1fffeffff -> 0x0000000080000000 
[    0.000000]  MEM 0x0006020000000000..0x0006023fffffffff -> 0x0006020000000000 (M64 #1..31)
[    0.000000]  Using M64 #31 as default window
[    0.000000]   512 (511) PE's M32: 0x80000000 [segment=0x400000]
[    0.000000]                  M64: 0x4000000000 [segment=0x20000000]
[    0.000000]   Allocated bitmap for 4088 MSIs (base IRQ 0xfc000)
[    0.000000] Initializing IODA2 PHB (/pciex@600c3c0400000)
[    0.000000] PCI host bridge /pciex@600c3c0400000  ranges:
[    0.000000]  MEM 0x000600c200000000..0x000600c27ffeffff -> 0x0000000080000000 
[    0.000000]  MEM 0x0006024000000000..0x0006027fffffffff -> 0x0006024000000000 (M64 #1..15)
[    0.000000]  Using M64 #15 as default window
[    0.000000]   256 (255) PE's M32: 0x80000000 [segment=0x800000]
[    0.000000]                  M64: 0x4000000000 [segment=0x40000000]
[    0.000000]   Allocated bitmap for 2040 MSIs (base IRQ 0xfb800)
[    0.000000] Initializing IODA2 PHB (/pciex@600c3c0500000)
[    0.000000] PCI host bridge /pciex@600c3c0500000  ranges:
[    0.000000]  MEM 0x000600c280000000..0x000600c2fffeffff -> 0x0000000080000000 
[    0.000000]  MEM 0x0006028000000000..0x000602bfffffffff -> 0x0006028000000000 (M64 #1..15)
[    0.000000]  Using M64 #15 as default window
[    0.000000]   256 (255) PE's M32: 0x80000000 [segment=0x800000]
[    0.000000]                  M64: 0x4000000000 [segment=0x40000000]
[    0.000000]   Allocated bitmap for 2040 MSIs (base IRQ 0xfb000)
[    0.000000] Initializing IODA2 PHB (/pciex@620c3c0000000)
[    0.000000] PCI host bridge /pciex@620c3c0000000  ranges:
[    0.000000]  MEM 0x000620c000000000..0x000620c07ffeffff -> 0x0000000080000000 
[    0.000000]  MEM 0x0006200000000000..0x0006203fffffffff -> 0x0006200000000000 (M64 #1..31)
[    0.000000]  Using M64 #31 as default window
[    0.000000]   512 (511) PE's M32: 0x80000000 [segment=0x400000]
[    0.000000]                  M64: 0x4000000000 [segment=0x20000000]
[    0.000000]   Allocated bitmap for 4088 MSIs (base IRQ 0x1fe000)
[    0.000000] Initializing IODA2 PHB (/pciex@620c3c0300000)
[    0.000000] PCI host bridge /pciex@620c3c0300000  ranges:
[    0.000000]  MEM 0x000620c180000000..0x000620c1fffeffff -> 0x0000000080000000 
[    0.000000]  MEM 0x0006220000000000..0x0006223fffffffff -> 0x0006220000000000 (M64 #1..31)
[    0.000000]  Using M64 #31 as default window
[    0.000000]   512 (511) PE's M32: 0x80000000 [segment=0x400000]
[    0.000000]                  M64: 0x4000000000 [segment=0x20000000]
[    0.000000]   Allocated bitmap for 4088 MSIs (base IRQ 0x1fd000)
[    0.000000] Initializing IODA2 PHB (/pciex@620c3c0400000)
[    0.000000] PCI host bridge /pciex@620c3c0400000  ranges:
[    0.000000]  MEM 0x000620c200000000..0x000620c27ffeffff -> 0x0000000080000000 
[    0.000000]  MEM 0x0006224000000000..0x0006227fffffffff -> 0x0006224000000000 (M64 #1..15)
[    0.000000]  Using M64 #15 as default window
[    0.000000]   256 (255) PE's M32: 0x80000000 [segment=0x800000]
[    0.000000]                  M64: 0x4000000000 [segment=0x40000000]
[    0.000000]   Allocated bitmap for 2040 MSIs (base IRQ 0x1fc800)
[    0.000000] Initializing IODA2 PHB (/pciex@620c3c0500000)
[    0.000000] PCI host bridge /pciex@620c3c0500000  ranges:
[    0.000000]  MEM 0x000620c280000000..0x000620c2fffeffff -> 0x0000000080000000 
[    0.000000]  MEM 0x0006228000000000..0x000622bfffffffff -> 0x0006228000000000 (M64 #1..15)
[    0.000000]  Using M64 #15 as default window
[    0.000000]   256 (255) PE's M32: 0x80000000 [segment=0x800000]
[    0.000000]                  M64: 0x4000000000 [segment=0x40000000]
[    0.000000]   Allocated bitmap for 2040 MSIs (base IRQ 0x1fc000)
[    0.000000] Initializing NPU PHB (/pciex@6030200000000)
[    0.000000] PCI host bridge /pciex@6030200000000  ranges:
[    0.000000]  MEM 0x0006030201600000..0x000603020171ffff -> 0x0006030201600000 
[    0.000000]   Not support M64 window
[    0.000000]   016 (015) PE's M32: 0x130000 [segment=0x13000]
[    0.000000] Initializing NPU PHB (/pciex@6230200000000)
[    0.000000] PCI host bridge /pciex@6230200000000  ranges:
[    0.000000]  MEM 0x0006230201600000..0x000623020171ffff -> 0x0006230201600000 
[    0.000000]   Not support M64 window
[    0.000000]   016 (015) PE's M32: 0x130000 [segment=0x13000]
[    0.000000] OPAL nvram setup, 589824 bytes
[    0.000000] Zone ranges:
[    0.000000]   DMA      [mem 0x0000000000000000-0x00002017ffffffff]
[    0.000000]   DMA32    empty
[    0.000000]   Normal   empty
[    0.000000] Movable zone start for each node
[    0.000000] Early memory node ranges
[    0.000000]   node   0: [mem 0x0000000000000000-0x0000001fffffffff]
[    0.000000]   node   8: [mem 0x0000200000000000-0x0000200bffffffff]
[    0.000000]   node   8: [mem 0x0000201000000000-0x00002017ffffffff]
[    0.000000] Initmem setup node 0 [mem 0x0000000000000000-0x0000001fffffffff]
[    0.000000] Initmem setup node 8 [mem 0x0000200000000000-0x00002017ffffffff]
[    0.000000] Could not find start_pfn for node 250
[    0.000000] Initmem setup node 250 [mem 0x0000000000000000-0x0000000000000000]
[    0.000000] Could not find start_pfn for node 251
[    0.000000] Initmem setup node 251 [mem 0x0000000000000000-0x0000000000000000]
[    0.000000] Could not find start_pfn for node 252
[    0.000000] Initmem setup node 252 [mem 0x0000000000000000-0x0000000000000000]
[    0.000000] Could not find start_pfn for node 253
[    0.000000] Initmem setup node 253 [mem 0x0000000000000000-0x0000000000000000]
[    0.000000] Could not find start_pfn for node 254
[    0.000000] Initmem setup node 254 [mem 0x0000000000000000-0x0000000000000000]
[    0.000000] Could not find start_pfn for node 255
[    0.000000] Initmem setup node 255 [mem 0x0000000000000000-0x0000000000000000]
[    0.000000] percpu: Embedded 3 pages/cpu @c000001ff5eb0000 s149272 r0 d47336 u196608
[    0.000000] Built 8 zonelists in Node order, mobility grouping on.  Total pages: 3404544
[    0.000000] Policy zone: DMA
[    0.000000] Kernel command line: root=UUID=728d2189-0c67-4551-8857-40e2845ba17b ro powersave=off
[    0.000000] log_buf_len individual max cpu contribution: 4096 bytes
[    0.000000] log_buf_len total cpu_extra contributions: 716800 bytes
[    0.000000] log_buf_len min size: 131072 bytes
[    0.000000] log_buf_len: 1048576 bytes
[    0.000000] early log buf free: 115232(87%)
[    0.000000] PID hash table entries: 4096 (order: -1, 32768 bytes)
[    0.000000] Memory: 206570240K/218103808K available (11712K kernel code, 1600K rwdata, 3352K rodata, 4416K init, 3045K bss, 621824K reserved, 10911744K cma-reserved)
[    0.000000] SLUB: HWalign=128, Order=0-3, MinObjects=0, CPUs=176, Nodes=256
[    0.000000] Hierarchical RCU implementation.
[    0.000000] 	Build-time adjustment of leaf fanout to 64.
[    0.000000] 	RCU restricting CPUs from NR_CPUS=2048 to nr_cpu_ids=176.
[    0.000000] RCU: Adjusting geometry for rcu_fanout_leaf=64, nr_cpu_ids=176
[    0.000000] NR_IRQS:512 nr_irqs:512 16
[    0.000000] xive: Interrupt handling intialized with native backend
[    0.000000] xive: Using priority 7 for all interrupts
[    0.000000] xive: Using 64kB queues
[    0.000003] time_init: 56 bit decrementer (max: 7fffffffffffff)
[    0.000428] clocksource: timebase: mask: 0xffffffffffffffff max_cycles: 0x761537d007, max_idle_ns: 440795202126 ns
[    0.001153] clocksource: timebase mult[1f40000] shift[24] registered
[    0.001772] Console: colour dummy device 80x25
[    0.002333] console [hvc0] enabled
[    0.002333] console [hvc0] enabled
[    0.002630] bootconsole [udbg0] disabled
[    0.002630] bootconsole [udbg0] disabled
[    0.003256] mempolicy: Enabling automatic NUMA balancing. Configure with numa_balancing= or the kernel.numa_balancing sysctl
[    0.003386] pid_max: default: 180224 minimum: 1408
[    0.005477] Security Framework initialized
[    0.005512] Yama: becoming mindful.
[    0.005635] AppArmor: AppArmor initialized
[    0.009083] Dentry cache hash table entries: 33554432 (order: 12, 268435456 bytes)
[    0.098667] Inode-cache hash table entries: 16777216 (order: 11, 134217728 bytes)
[    0.151866] Mount-cache hash table entries: 524288 (order: 6, 4194304 bytes)
[    0.152001] Mountpoint-cache hash table entries: 524288 (order: 6, 4194304 bytes)
[    0.155748] ftrace: allocating 30684 entries in 12 pages
[    0.174167] EEH: PowerNV platform initialized
[    0.174212] POWER9 performance monitor hardware support registered
[    0.176547] smp: Bringing up secondary CPUs ...
[    0.650864] smp: Brought up 8 nodes, 176 CPUs
[    0.650936] numa: Node 0 CPUs: 0-87
[    0.650975] numa: Node 8 CPUs: 88-175
[    0.651031] numa: Node 250 CPUs:
[    0.651096] numa: Node 251 CPUs:
[    0.651160] numa: Node 252 CPUs:
[    0.651224] numa: Node 253 CPUs:
[    0.651289] numa: Node 254 CPUs:
[    0.651344] numa: Node 255 CPUs:
[    0.663466] devtmpfs: initialized
[    0.724591] evm: security.selinux
[    0.724629] evm: security.SMACK64
[    0.724663] evm: security.SMACK64EXEC
[    0.724697] evm: security.SMACK64TRANSMUTE
[    0.724759] evm: security.SMACK64MMAP
[    0.724821] evm: security.ima
[    0.724873] evm: security.capability
[    0.725915] clocksource: jiffies: mask: 0xffffffff max_cycles: 0xffffffff, max_idle_ns: 7645041785100000 ns
[    0.726105] futex hash table entries: 65536 (order: 7, 8388608 bytes)
[    0.732150] NET: Registered protocol family 16
[    0.750395] cpuidle: using governor ladder
[    0.774412] cpuidle: using governor menu
[    0.774676] pstore: using zlib compression
[    0.774713] pstore: Registered nvram as persistent store backend
[    0.844624] PCI: Probing PCI hardware
[    0.844752] PCI host bridge to bus 0000:00
[    0.844806] pci_bus 0000:00: root bus resource [mem 0x600c000000000-0x600c07ffeffff] (bus address [0x80000000-0xfffeffff])
[    0.844872] pci_bus 0000:00: root bus resource [mem 0x6000000000000-0x6003fbfffffff 64bit pref]
[    0.844931] pci_bus 0000:00: root bus resource [bus 00-ff]
[    0.845268] pci 0000:00:00.0: PCI bridge to [bus 01]
[    0.845384] PCI host bridge to bus 0001:00
[    0.845412] pci_bus 0001:00: root bus resource [mem 0x600c080000000-0x600c0fffeffff] (bus address [0x80000000-0xfffeffff])
[    0.845477] pci_bus 0001:00: root bus resource [mem 0x6004000000000-0x6007f7fffffff 64bit pref]
[    0.845546] pci_bus 0001:00: root bus resource [bus 00-ff]
[    0.846209] pci 0001:00:00.0: PCI bridge to [bus 01]
[    0.846492] PCI host bridge to bus 0002:00
[    0.846521] pci_bus 0002:00: root bus resource [mem 0x600c100000000-0x600c17ffeffff] (bus address [0x80000000-0xfffeffff])
[    0.846586] pci_bus 0002:00: root bus resource [mem 0x6008000000000-0x600bf7fffffff 64bit pref]
[    0.846642] pci_bus 0002:00: root bus resource [bus 00-ff]
[    0.847236] pci 0002:00:00.0: PCI bridge to [bus 01-02]
[    0.847705] pci 0002:01:00.0: PCI bridge to [bus 02]
[    0.847866] PCI host bridge to bus 0003:00
[    0.847894] pci_bus 0003:00: root bus resource [mem 0x600c180000000-0x600c1fffeffff] (bus address [0x80000000-0xfffeffff])
[    0.847964] pci_bus 0003:00: root bus resource [mem 0x6020000000000-0x6023fbfffffff 64bit pref]
[    0.848069] pci_bus 0003:00: root bus resource [bus 00-ff]
[    0.848378] pci 0003:00:00.0: PCI bridge to [bus 01]
[    0.848491] PCI host bridge to bus 0004:00
[    0.848519] pci_bus 0004:00: root bus resource [mem 0x600c200000000-0x600c27ffeffff] (bus address [0x80000000-0xfffeffff])
[    0.848584] pci_bus 0004:00: root bus resource [mem 0x6024000000000-0x6027f7fffffff 64bit pref]
[    0.848641] pci_bus 0004:00: root bus resource [bus 00-ff]
[    0.850359] pci 0004:00:00.0: PCI bridge to [bus 01-06]
[    0.851918] pci 0004:01:00.0: PCI bridge to [bus 02-06]
[    0.853902] pci 0004:02:02.0: PCI bridge to [bus 03]
[    0.854059] pci 0004:02:0a.0: PCI bridge to [bus 04]
[    0.854191] pci 0004:02:0b.0: PCI bridge to [bus 05]
[    0.854324] pci 0004:02:0c.0: PCI bridge to [bus 06]
[    0.854485] PCI host bridge to bus 0005:00
[    0.854513] pci_bus 0005:00: root bus resource [mem 0x600c280000000-0x600c2fffeffff] (bus address [0x80000000-0xfffeffff])
[    0.854578] pci_bus 0005:00: root bus resource [mem 0x6028000000000-0x602bf7fffffff 64bit pref]
[    0.854634] pci_bus 0005:00: root bus resource [bus 00-ff]
[    0.855665] pci 0005:00:00.0: PCI bridge to [bus 01]
[    0.855872] PCI host bridge to bus 0030:00
[    0.855900] pci_bus 0030:00: root bus resource [mem 0x620c000000000-0x620c07ffeffff] (bus address [0x80000000-0xfffeffff])
[    0.855968] pci_bus 0030:00: root bus resource [mem 0x6200000000000-0x6203fbfffffff 64bit pref]
[    0.856025] pci_bus 0030:00: root bus resource [bus 00-ff]
[    0.856381] pci 0030:00:00.0: PCI bridge to [bus 01]
[    0.856499] PCI host bridge to bus 0033:00
[    0.856527] pci_bus 0033:00: root bus resource [mem 0x620c180000000-0x620c1fffeffff] (bus address [0x80000000-0xfffeffff])
[    0.856592] pci_bus 0033:00: root bus resource [mem 0x6220000000000-0x6223fbfffffff 64bit pref]
[    0.856649] pci_bus 0033:00: root bus resource [bus 00-ff]
[    0.857015] pci 0033:00:00.0: PCI bridge to [bus 01]
[    0.857135] PCI host bridge to bus 0034:00
[    0.857163] pci_bus 0034:00: root bus resource [mem 0x620c200000000-0x620c27ffeffff] (bus address [0x80000000-0xfffeffff])
[    0.857227] pci_bus 0034:00: root bus resource [mem 0x6224000000000-0x6227f7fffffff 64bit pref]
[    0.857284] pci_bus 0034:00: root bus resource [bus 00-ff]
[    0.857642] pci 0034:00:00.0: PCI bridge to [bus 01]
[    0.857762] PCI host bridge to bus 0035:00
[    0.857790] pci_bus 0035:00: root bus resource [mem 0x620c280000000-0x620c2fffeffff] (bus address [0x80000000-0xfffeffff])
[    0.857855] pci_bus 0035:00: root bus resource [mem 0x6228000000000-0x622bf7fffffff 64bit pref]
[    0.857912] pci_bus 0035:00: root bus resource [bus 00-ff]
[    0.858691] pci 0035:00:00.0: PCI bridge to [bus 01-08]
[    0.859633] pci 0035:01:00.0: PCI bridge to [bus 02-08]
[    0.860690] pci 0035:02:08.0: PCI bridge to [bus 03-07]
[    0.860842] pci 0035:02:0d.0: PCI bridge to [bus 08]
[    0.862461] PCI host bridge to bus 0006:00
[    0.862509] pci_bus 0006:00: root bus resource [mem 0x6030201600000-0x603020171ffff]
[    0.862624] pci_bus 0006:00: root bus resource [bus 00-ff]
[    0.866166] PCI host bridge to bus 0007:00
[    0.866194] pci_bus 0007:00: root bus resource [mem 0x6230201600000-0x623020171ffff]
[    0.867483] pci_bus 0007:00: root bus resource [bus 00-ff]
[    0.870974] pci 0000:00     : [PE# 1fe] Secondary bus 0 associated with PE#1fe
[    0.874945] pci 0000:00:00.0: PCI bridge to [bus 01]
[    0.877072] pci 0001:00:00.0: BAR 14: assigned [mem 0x600c080000000-0x600c0807fffff]
[    0.879465] pci 0001:01:00.0: BAR 0: assigned [mem 0x600c080000000-0x600c08000ffff 64bit]
[    0.884261] pci 0001:01:00.0: BAR 2: assigned [mem 0x600c080010000-0x600c080011fff 64bit]
[    0.886677] pci 0001:00     : [PE# fe] Secondary bus 0 associated with PE#fe
[    0.889391] pci 0001:01     : [PE# fd] Secondary bus 1 associated with PE#fd
[    0.891857] pci 0001:01     : [PE# fd] Setting up 32-bit TCE table at 0..80000000
[    0.896609] IOMMU table initialized, virtual merging enabled
[    0.896653] pci 0001:01     : [PE# fd] Setting up window#0 0..7fffffff pg=1000
[    0.898911] pci 0001:01     : [PE# fd] Enabling 64-bit DMA bypass
[    0.901314] iommu: Adding device 0001:01:00.0 to group 0
[    0.903707] pci 0001:00:00.0: PCI bridge to [bus 01]
[    0.903795] pci 0001:00:00.0:   bridge window [mem 0x600c080000000-0x600c0ffefffff]
[    0.906265] pci 0002:00:00.0: BAR 14: assigned [mem 0x600c100000000-0x600c1017fffff]
[    0.910981] pci 0002:01:00.0: BAR 14: assigned [mem 0x600c100000000-0x600c1017fffff]
[    0.913438] pci 0002:01:00.0: BAR 13: no space for [io  size 0x1000]
[    0.913509] pci 0002:01:00.0: BAR 13: failed to assign [io  size 0x1000]
[    0.915899] pci 0002:02:00.0: BAR 0: assigned [mem 0x600c100000000-0x600c100ffffff]
[    0.918330] pci 0002:02:00.0: BAR 1: assigned [mem 0x600c101000000-0x600c10101ffff]
[    0.923097] pci 0002:02:00.0: BAR 2: no space for [io  size 0x0080]
[    0.925534] pci 0002:02:00.0: BAR 2: failed to assign [io  size 0x0080]
[    0.927934] pci 0002:00     : [PE# fe] Secondary bus 0 associated with PE#fe
[    0.930757] pci 0002:02     : [PE# fd] Secondary bus 2..2 associated with PE#fd
[    0.933193] pci 0002:02     : [PE# fd] Setting up 32-bit TCE table at 0..80000000
[    0.942326] pci 0002:02     : [PE# fd] Setting up window#0 0..7fffffff pg=1000
[    0.944706] pci 0002:02     : [PE# fd] Enabling 64-bit DMA bypass
[    0.944802] iommu: Adding device 0002:02:00.0 to group 1
[    0.944913] pci 0002:01:00.0: PCI bridge to [bus 02]
[    0.945013] pci 0002:01:00.0:   bridge window [mem 0x600c100000000-0x600c17fefffff]
[    0.945140] pci 0002:01     : [PE# fc] Secondary bus 1 associated with PE#fc
[    0.945507] random: fast init done
[    0.945542] pci 0002:00:00.0: PCI bridge to [bus 01-02]
[    0.945548] pci 0002:00:00.0:   bridge window [mem 0x600c100000000-0x600c17fefffff]
[    0.945558] pci_bus 0002:00: Some PCI device resources are unassigned, try booting with pci=realloc
[    0.945585] pci 0003:00     : [PE# 1fe] Secondary bus 0 associated with PE#1fe
[    0.945887] pci 0003:00:00.0: PCI bridge to [bus 01]
[    0.946007] pci 0004:00:00.0: BAR 15: assigned [mem 0x6024000000000-0x602403fffffff 64bit pref]
[    0.946009] pci 0004:00:00.0: BAR 14: assigned [mem 0x600c200000000-0x600c200ffffff]
[    0.946021] pci 0004:01:00.0: BAR 15: assigned [mem 0x6024000000000-0x602403fffffff 64bit pref]
[    0.946023] pci 0004:01:00.0: BAR 14: assigned [mem 0x600c200000000-0x600c2007fffff]
[    0.946025] pci 0004:01:00.0: BAR 0: assigned [mem 0x600c200800000-0x600c20083ffff]
[    0.946032] pci 0004:01:00.1: BAR 0: assigned [mem 0x600c200840000-0x600c200841fff]
[    0.946038] pci 0004:01:00.2: BAR 0: assigned [mem 0x600c200842000-0x600c200843fff]
[    0.946044] pci 0004:01:00.3: BAR 0: assigned [mem 0x600c200844000-0x600c200845fff]
[    0.946050] pci 0004:01:00.4: BAR 0: assigned [mem 0x600c200846000-0x600c200847fff]
[    0.946056] pci 0004:01:00.0: BAR 13: no space for [io  size 0x1000]
[    0.946058] pci 0004:01:00.0: BAR 13: failed to assign [io  size 0x1000]
[    0.946062] pci 0004:01:00.0: BAR 13: no space for [io  size 0x1000]
[    0.946064] pci 0004:01:00.0: BAR 13: failed to assign [io  size 0x1000]
[    0.946073] pci 0004:02:02.0: BAR 15: assigned [mem 0x6024000000000-0x602403fffffff 64bit pref]
[    0.946076] pci 0004:02:02.0: BAR 14: assigned [mem 0x600c200000000-0x600c2007fffff]
[    0.946078] pci 0004:02:02.0: BAR 13: no space for [io  size 0x1000]
[    0.946080] pci 0004:02:02.0: BAR 13: failed to assign [io  size 0x1000]
[    0.946082] pci 0004:02:02.0: BAR 13: no space for [io  size 0x1000]
[    0.946084] pci 0004:02:02.0: BAR 13: failed to assign [io  size 0x1000]
[    0.946088] pci 0004:03:00.0: BAR 6: assigned [mem 0x600c200000000-0x600c20000ffff pref]
[    0.946091] pci 0004:03:00.0: BAR 5: assigned [mem 0x600c200010000-0x600c2000107ff]
[    0.946096] pci 0004:03:00.0: BAR 4: no space for [io  size 0x0020]
[    0.946098] pci 0004:03:00.0: BAR 4: failed to assign [io  size 0x0020]
[    0.946101] pci 0004:03:00.0: BAR 0: no space for [io  size 0x0008]
[    0.946102] pci 0004:03:00.0: BAR 0: failed to assign [io  size 0x0008]
[    0.946104] pci 0004:03:00.0: BAR 2: no space for [io  size 0x0008]
[    0.946106] pci 0004:03:00.0: BAR 2: failed to assign [io  size 0x0008]
[    0.946108] pci 0004:03:00.0: BAR 1: no space for [io  size 0x0004]
[    0.946110] pci 0004:03:00.0: BAR 1: failed to assign [io  size 0x0004]
[    0.946112] pci 0004:03:00.0: BAR 3: no space for [io  size 0x0004]
[    0.946114] pci 0004:03:00.0: BAR 3: failed to assign [io  size 0x0004]
[    0.946117] pci 0004:00     : [PE# fe] Secondary bus 0 associated with PE#fe
[    0.946420] pci 0004:03     : [PE# fd] Secondary bus 3 associated with PE#fd
[    0.946728] pci 0004:03     : [PE# fd] Setting up 32-bit TCE table at 0..80000000
[    0.951426] pci 0004:03     : [PE# fd] Setting up window#0 0..7fffffff pg=1000
[    0.951537] pci 0004:03     : [PE# fd] Enabling 64-bit DMA bypass
[    0.951653] iommu: Adding device 0004:03:00.0 to group 2
[    0.951725] pci 0004:02:02.0: PCI bridge to [bus 03]
[    0.951804] pci 0004:02:02.0:   bridge window [mem 0x600c200000000-0x600c2007fffff]
[    0.951922] pci 0004:02:02.0:   bridge window [mem 0x6024000000000-0x602403fffffff 64bit pref]
[    0.952061] pci 0004:02:0a.0: PCI bridge to [bus 04]
[    0.952156] pci 0004:02:0b.0: PCI bridge to [bus 05]
[    0.952245] pci 0004:02:0c.0: PCI bridge to [bus 06]
[    0.952335] pci 0004:02     : [PE# fc] Secondary bus 2 associated with PE#fc
[    0.952739] pci 0004:01:00.0: PCI bridge to [bus 02-06]
[    0.952825] pci 0004:01:00.0:   bridge window [mem 0x600c200000000-0x600c27fefffff]
[    0.952939] pci 0004:01:00.0:   bridge window [mem 0x6024000000000-0x6027f7ff0ffff 64bit pref]
[    0.953082] pci 0004:01     : [PE# fb] Secondary bus 1 associated with PE#fb
[    0.953506] pci 0004:01     : [PE# fb] Setting up 32-bit TCE table at 0..80000000
[    0.958316] pci 0004:01     : [PE# fb] Setting up window#0 0..7fffffff pg=1000
[    0.958397] pci 0004:01     : [PE# fb] Enabling 64-bit DMA bypass
[    0.958495] iommu: Adding device 0004:01:00.0 to group 3
[    0.958560] iommu: Adding device 0004:01:00.1 to group 3
[    0.958625] iommu: Adding device 0004:01:00.2 to group 3
[    0.958702] iommu: Adding device 0004:01:00.3 to group 3
[    0.958785] iommu: Adding device 0004:01:00.4 to group 3
[    0.958857] pci 0004:00:00.0: PCI bridge to [bus 01-06]
[    0.958944] pci 0004:00:00.0:   bridge window [mem 0x600c200000000-0x600c27fefffff]
[    0.959054] pci 0004:00:00.0:   bridge window [mem 0x6024000000000-0x6027f7ff0ffff 64bit pref]
[    0.959160] pci_bus 0004:00: Some PCI device resources are unassigned, try booting with pci=realloc
[    0.959320] pci 0005:00:00.0: BAR 15: assigned [mem 0x6028000000000-0x602803fffffff 64bit pref]
[    0.959420] pci 0005:01:00.0: BAR 0: assigned [mem 0x6028000000000-0x602800000ffff 64bit pref]
[    0.959550] pci 0005:01:00.0: BAR 2: assigned [mem 0x6028000010000-0x602800001ffff 64bit pref]
[    0.959686] pci 0005:01:00.0: BAR 4: assigned [mem 0x6028000020000-0x602800002ffff 64bit pref]
[    0.959816] pci 0005:01:00.1: BAR 0: assigned [mem 0x6028000030000-0x602800003ffff 64bit pref]
[    0.959944] pci 0005:01:00.1: BAR 2: assigned [mem 0x6028000040000-0x602800004ffff 64bit pref]
[    0.960068] pci 0005:01:00.1: BAR 4: assigned [mem 0x6028000050000-0x602800005ffff 64bit pref]
[    0.960194] pci 0005:00     : [PE# fe] Secondary bus 0 associated with PE#fe
[    0.960598] pci 0005:01     : [PE# 00] Secondary bus 1 associated with PE#0
[    0.960997] pci 0005:01     : [PE# 00] Setting up 32-bit TCE table at 0..80000000
[    0.965796] pci 0005:01     : [PE# 00] Setting up window#0 0..7fffffff pg=1000
[    0.965883] pci 0005:01     : [PE# 00] Enabling 64-bit DMA bypass
[    0.965984] iommu: Adding device 0005:01:00.0 to group 4
[    0.966067] iommu: Adding device 0005:01:00.1 to group 4
[    0.966136] pci 0005:00:00.0: PCI bridge to [bus 01]
[    0.966190] pci 0005:00:00.0:   bridge window [mem 0x6028000000000-0x602bf7fffffff 64bit pref]
[    0.966335] pci 0030:00     : [PE# 1fe] Secondary bus 0 associated with PE#1fe
[    0.966735] pci 0030:00:00.0: PCI bridge to [bus 01]
[    0.966840] pci 0033:00     : [PE# 1fe] Secondary bus 0 associated with PE#1fe
[    0.967239] pci 0033:00:00.0: PCI bridge to [bus 01]
[    0.967344] pci 0034:00     : [PE# fe] Secondary bus 0 associated with PE#fe
[    0.967732] pci 0034:00:00.0: PCI bridge to [bus 01]
