-- Logs begin at Wed 2017-08-09 23:59:02 UTC, end at Thu 2017-08-10 00:02:06 UTC. --
Aug 09 23:59:02 witherspoon kernel: Booting Linux on physical CPU 0x0
Aug 09 23:59:02 witherspoon kernel: Linux version 4.10.17-03afe5775baf06c3037d62cc2a15628079af38c9 (jenkins@hudson) (gcc version 6.2.0 (GCC) ) #1 Tue Aug 1 17:31:09 UTC 2017
Aug 09 23:59:02 witherspoon kernel: CPU: ARMv6-compatible processor [410fb767] revision 7 (ARMv7), cr=00c5387d
Aug 09 23:59:02 witherspoon kernel: CPU: PIPT / VIPT nonaliasing data cache, VIPT nonaliasing instruction cache
Aug 09 23:59:02 witherspoon kernel: OF: fdt:Machine model: Witherspoon BMC
Aug 09 23:59:02 witherspoon kernel: Memory policy: Data cache writeback
Aug 09 23:59:02 witherspoon kernel: SOC Rev: 04030303
Aug 09 23:59:02 witherspoon kernel: On node 0 totalpages: 110592
Aug 09 23:59:02 witherspoon kernel: free_area_init_node: node 0, pgdat 805ff5f4, node_mem_map 9ec1a000
Aug 09 23:59:02 witherspoon kernel:   Normal zone: 992 pages used for memmap
Aug 09 23:59:02 witherspoon kernel:   Normal zone: 0 pages reserved
Aug 09 23:59:02 witherspoon kernel:   Normal zone: 110592 pages, LIFO batch:31
Aug 09 23:59:02 witherspoon kernel: pcpu-alloc: s0 r0 d32768 u32768 alloc=1*32768
Aug 09 23:59:02 witherspoon kernel: pcpu-alloc: [0] 0 
Aug 09 23:59:02 witherspoon kernel: Built 1 zonelists in Zone order, mobility grouping on.  Total pages: 109600
Aug 09 23:59:02 witherspoon kernel: Kernel command line: console=ttyS4,115200n8 root=/dev/ram rw
Aug 09 23:59:02 witherspoon kernel: PID hash table entries: 2048 (order: 1, 8192 bytes)
Aug 09 23:59:02 witherspoon kernel: Dentry cache hash table entries: 65536 (order: 6, 262144 bytes)
Aug 09 23:59:02 witherspoon kernel: Inode-cache hash table entries: 32768 (order: 5, 131072 bytes)
Aug 09 23:59:02 witherspoon kernel: Memory: 430440K/442368K available (4065K kernel code, 280K rwdata, 1192K rodata, 284K init, 111K bss, 11928K reserved, 0K cma-reserved)
Aug 09 23:59:02 witherspoon kernel: Virtual kernel memory layout:
                                        vector  : 0xffff0000 - 0xffff1000   (   4 kB)
                                        fixmap  : 0xffc00000 - 0xfff00000   (3072 kB)
                                        vmalloc : 0x9f800000 - 0xff800000   (1536 MB)
                                        lowmem  : 0x80000000 - 0x9f000000   ( 496 MB)
                                          .text : 0x80008000 - 0x80400940   (4067 kB)
                                          .init : 0x80585000 - 0x805cc000   ( 284 kB)
                                          .data : 0x805cc000 - 0x80612358   ( 281 kB)
                                           .bss : 0x80612358 - 0x8062e1f8   ( 112 kB)
Aug 09 23:59:02 witherspoon kernel: NR_IRQS:16 nr_irqs:16 16
Aug 09 23:59:02 witherspoon kernel: i2c controller registered, irq 16
Aug 09 23:59:02 witherspoon kernel: clocksource: moxart_timer: mask: 0xffffffff max_cycles: 0xffffffff, max_idle_ns: 77222644334 ns
Aug 09 23:59:02 witherspoon kernel: sched_clock: 32 bits at 100 Hz, resolution 10000000ns, wraps every 21474836475000000ns
Aug 09 23:59:02 witherspoon kernel: Calibrating delay loop... 789.70 BogoMIPS (lpj=3948544)
Aug 09 23:59:02 witherspoon kernel: pid_max: default: 32768 minimum: 301
Aug 09 23:59:02 witherspoon kernel: Mount-cache hash table entries: 1024 (order: 0, 4096 bytes)
Aug 09 23:59:02 witherspoon kernel: Mountpoint-cache hash table entries: 1024 (order: 0, 4096 bytes)
Aug 09 23:59:02 witherspoon kernel: CPU: Testing write buffer coherency: ok
Aug 09 23:59:02 witherspoon kernel: ftrace: allocating 14934 entries in 44 pages
Aug 09 23:59:02 witherspoon kernel: Setting up static identity map for 0x80008200 - 0x8000825c
Aug 09 23:59:02 witherspoon kernel: devtmpfs: initialized
Aug 09 23:59:02 witherspoon kernel: clocksource: jiffies: mask: 0xffffffff max_cycles: 0xffffffff, max_idle_ns: 19112604462750000 ns
Aug 09 23:59:02 witherspoon kernel: futex hash table entries: 256 (order: -1, 3072 bytes)
Aug 09 23:59:02 witherspoon kernel: pinctrl core: initialized pinctrl subsystem
Aug 09 23:59:02 witherspoon kernel: NET: Registered protocol family 16
Aug 09 23:59:02 witherspoon kernel: DMA: preallocated 256 KiB pool for atomic coherent allocations
Aug 09 23:59:02 witherspoon kernel: usbcore: registered new interface driver usbfs
Aug 09 23:59:02 witherspoon kernel: usbcore: registered new interface driver hub
Aug 09 23:59:02 witherspoon kernel: usbcore: registered new device driver usb
Aug 09 23:59:02 witherspoon kernel: clocksource: Switched to clocksource moxart_timer
Aug 09 23:59:02 witherspoon kernel: NET: Registered protocol family 2
Aug 09 23:59:02 witherspoon kernel: TCP established hash table entries: 4096 (order: 2, 16384 bytes)
Aug 09 23:59:02 witherspoon kernel: TCP bind hash table entries: 4096 (order: 2, 16384 bytes)
Aug 09 23:59:02 witherspoon kernel: TCP: Hash tables configured (established 4096 bind 4096)
Aug 09 23:59:02 witherspoon kernel: UDP hash table entries: 256 (order: 0, 4096 bytes)
Aug 09 23:59:02 witherspoon kernel: UDP-Lite hash table entries: 256 (order: 0, 4096 bytes)
Aug 09 23:59:02 witherspoon kernel: NET: Registered protocol family 1
Aug 09 23:59:02 witherspoon kernel: Trying to unpack rootfs image as initramfs...
Aug 09 23:59:02 witherspoon kernel: Freeing initrd memory: 1544K
Aug 09 23:59:02 witherspoon kernel: workingset: timestamp_bits=30 max_order=17 bucket_order=0
Aug 09 23:59:02 witherspoon kernel: squashfs: version 4.0 (2009/01/31) Phillip Lougher
Aug 09 23:59:02 witherspoon kernel: jffs2: version 2.2. (SUMMARY)  © 2001-2006 Red Hat, Inc.
Aug 09 23:59:02 witherspoon kernel: Block layer SCSI generic (bsg) driver version 0.4 loaded (major 250)
Aug 09 23:59:02 witherspoon kernel: io scheduler noop registered
Aug 09 23:59:02 witherspoon kernel: io scheduler deadline registered
Aug 09 23:59:02 witherspoon kernel: io scheduler cfq registered (default)
Aug 09 23:59:02 witherspoon kernel: ipmi-bt-host 1e789140.ibt: Found bt bmc device
Aug 09 23:59:02 witherspoon kernel: ipmi-bt-host 1e789140.ibt: Using IRQ 22
Aug 09 23:59:02 witherspoon kernel: Serial: 8250/16550 driver, 6 ports, IRQ sharing enabled
Aug 09 23:59:02 witherspoon kernel: 1e787000.vuart: ttyS0 at MMIO 0x1e787000 (irq = 22, base_baud = 1500000) is a 16550A
Aug 09 23:59:02 witherspoon kernel: 1e783000.serial: ttyS1 at MMIO 0x1e783000 (irq = 23, base_baud = 1500000) is a 16550A
Aug 09 23:59:02 witherspoon kernel: 1e78d000.serial: ttyS2 at MMIO 0x1e78d000 (irq = 24, base_baud = 1500000) is a 16550A
Aug 09 23:59:02 witherspoon kernel: 1e784000.serial: ttyS4 at MMIO 0x1e784000 (irq = 25, base_baud = 1500000) is a 16550A
Aug 09 23:59:02 witherspoon kernel: console [ttyS4] enabled
Aug 09 23:59:02 witherspoon kernel: timeriomem_rng 1e6e2078.hwrng: 32bits from 0xf00e2078 @ 1us
Aug 09 23:59:02 witherspoon kernel: random: fast init done
Aug 09 23:59:02 witherspoon kernel: brd: module loaded
Aug 09 23:59:02 witherspoon kernel: loop: module loaded
Aug 09 23:59:02 witherspoon kernel: aspeed-lpc-ctrl 1e789080.lpc-ctrl: Loaded at 0x98000000 (0x04000000)
Aug 09 23:59:02 witherspoon kernel: aspeed-smc 1e620000.flash-controller: Using IRQ 18
Aug 09 23:59:02 witherspoon kernel: aspeed-smc 1e620000.flash-controller: DMA support disabled.
Aug 09 23:59:02 witherspoon kernel: aspeed-smc 1e620000.flash-controller: mx25l25635e (32768 Kbytes)
Aug 09 23:59:02 witherspoon kernel: aspeed-smc 1e620000.flash-controller: CE0 window [ 0x20000000 - 0x22000000 ] 32MB
Aug 09 23:59:02 witherspoon kernel: aspeed-smc 1e620000.flash-controller: CE1 window [ 0x22000000 - 0x2a000000 ] 128MB
Aug 09 23:59:03 witherspoon kernel: 5 ofpart partitions found on MTD device bmc
Aug 09 23:59:03 witherspoon kernel: Creating 5 MTD partitions on "bmc":
Aug 09 23:59:03 witherspoon kernel: 0x000000000000-0x000000060000 : "u-boot"
Aug 09 23:59:03 witherspoon kernel: 0x000000060000-0x000000080000 : "u-boot-env"
Aug 09 23:59:03 witherspoon kernel: random: crng init done
Aug 09 23:59:03 witherspoon kernel: 0x000000080000-0x0000004c0000 : "kernel"
Aug 09 23:59:03 witherspoon kernel: 0x0000004c0000-0x000001c00000 : "rofs"
Aug 09 23:59:03 witherspoon kernel: 0x000001c00000-0x000002000000 : "rwfs"
Aug 09 23:59:03 witherspoon kernel: aspeed-smc 1e620000.flash-controller: mx25l25635e (32768 Kbytes)
Aug 09 23:59:03 witherspoon kernel: aspeed-smc 1e620000.flash-controller: CE1 window [ 0x22000000 - 0x24000000 ] 32MB
Aug 09 23:59:03 witherspoon kernel: aspeed-smc 1e620000.flash-controller: CE2 window [ 0x24000000 - 0x2c000000 ] 128MB
Aug 09 23:59:03 witherspoon kernel: aspeed-smc 1e630000.flash-controller: mx66l1g45g (131072 Kbytes)
Aug 09 23:59:03 witherspoon kernel: aspeed-smc 1e630000.flash-controller: CE0 window resized to 120MB (AST2500 HW quirk)
Aug 09 23:59:03 witherspoon kernel: aspeed-smc 1e630000.flash-controller: CE0 window [ 0x30000000 - 0x37800000 ] 120MB
Aug 09 23:59:03 witherspoon kernel: aspeed-smc 1e630000.flash-controller: CE0 window too small for chip 128MB
Aug 09 23:59:03 witherspoon kernel: aspeed-smc 1e630000.flash-controller: CE1 window [ 0x37800000 - 0x38000000 ] 8MB
Aug 09 23:59:03 witherspoon kernel: libphy: Fixed MDIO Bus: probed
Aug 09 23:59:03 witherspoon kernel: ftgmac100 1e660000.ethernet: Read MAC address 70:e2:84:14:23:e1 from chip
Aug 09 23:59:03 witherspoon kernel: ftgmac100 1e660000.ethernet: Using NCSI interface
Aug 09 23:59:03 witherspoon kernel: ftgmac100 1e660000.ethernet eth0: irq 20, mapped at f0060000
Aug 09 23:59:03 witherspoon kernel: ehci_hcd: USB 2.0 'Enhanced' Host Controller (EHCI) Driver
Aug 09 23:59:03 witherspoon kernel: ehci-platform: EHCI generic platform driver
Aug 09 23:59:03 witherspoon kernel:  fsi0: can't read slave 00:00 -5
Aug 09 23:59:03 witherspoon kernel: i2c /dev entries driver
Aug 09 23:59:03 witherspoon kernel: aspeed-i2c-bus 1e78a0c0.i2c-bus: i2c bus 2 registered, irq 26
Aug 09 23:59:03 witherspoon kernel: aspeed-i2c-bus 1e78a100.i2c-bus: i2c bus 3 registered, irq 27
Aug 09 23:59:03 witherspoon kernel: aspeed-i2c-bus 1e78a140.i2c-bus: i2c bus 4 registered, irq 28
Aug 09 23:59:03 witherspoon kernel: aspeed-i2c-bus 1e78a180.i2c-bus: i2c bus 5 registered, irq 29
Aug 09 23:59:03 witherspoon kernel: aspeed-i2c-bus 1e78a380.i2c-bus: i2c bus 9 registered, irq 30
Aug 09 23:59:03 witherspoon kernel: aspeed-i2c-bus 1e78a3c0.i2c-bus: i2c bus 10 registered, irq 31
Aug 09 23:59:03 witherspoon kernel: rtc-rv8803 11-0032: Voltage low, temperature compensation stopped.
Aug 09 23:59:03 witherspoon kernel: rtc-rv8803 11-0032: An alarm maybe have been missed.
Aug 09 23:59:03 witherspoon kernel: rtc-rv8803 11-0032: rtc core: registered rx8900 as rtc0
Aug 09 23:59:03 witherspoon kernel: at24 11-0051: 8192 byte 24c64 EEPROM, writable, 1 bytes/write
Aug 09 23:59:03 witherspoon kernel: aspeed-i2c-bus 1e78a400.i2c-bus: i2c bus 11 registered, irq 32
Aug 09 23:59:03 witherspoon kernel: aspeed-i2c-bus 1e78a440.i2c-bus: i2c bus 12 registered, irq 33
Aug 09 23:59:03 witherspoon kernel: aspeed-i2c-bus 1e78a480.i2c-bus: i2c bus 13 registered, irq 34
Aug 09 23:59:03 witherspoon kernel: Driver for 1-wire Dallas network protocol.
Aug 09 23:59:03 witherspoon kernel: lm75 9-004a: hwmon0: sensor 'tmp275'
Aug 09 23:59:03 witherspoon kernel: ucd9000 11-0064: Device ID UCD90160|2.3.4.0000|110603
Aug 09 23:59:03 witherspoon kernel: leds-pca955x 3-0060: leds-pca955x: Using pca9552 16-bit LED driver at slave address 0x60
Aug 09 23:59:03 witherspoon kernel: leds-pca955x 11-0060: leds-pca955x: Using pca9552 16-bit LED driver at slave address 0x60
Aug 09 23:59:03 witherspoon kernel: leds-pca955x 11-0060: gpios 264...279
Aug 09 23:59:03 witherspoon kernel: usbcore: registered new interface driver usbhid
Aug 09 23:59:03 witherspoon kernel: usbhid: USB HID core driver
Aug 09 23:59:03 witherspoon kernel: NET: Registered protocol family 10
Aug 09 23:59:03 witherspoon kernel: Segment Routing with IPv6
Aug 09 23:59:03 witherspoon kernel: NET: Registered protocol family 17
Aug 09 23:59:03 witherspoon kernel: 8021q: 802.1Q VLAN Support v1.8
Aug 09 23:59:03 witherspoon kernel: console [netcon0] enabled
Aug 09 23:59:03 witherspoon kernel: netconsole: network logging started
Aug 09 23:59:03 witherspoon kernel: input: gpio-keys as /devices/platform/gpio-keys/input/input0
Aug 09 23:59:03 witherspoon kernel: rtc-rv8803 11-0032: setting system clock to 2017-08-09 23:58:50 UTC (1502323130)
Aug 09 23:59:03 witherspoon kernel: Freeing unused kernel memory: 284K
Aug 09 23:59:03 witherspoon kernel: This architecture does not have kernel memory protection.
Aug 09 23:59:03 witherspoon kernel: jffs2: notice: (533) jffs2_build_xattr_subsystem: complete building xattr subsystem, 1 of xdatum (1 unchecked, 0 orphan) and 6 of xref (0 dead, 1 orphan) found.
Aug 09 23:59:03 witherspoon systemd[1]: Failed to insert module 'autofs4': No such file or directory
Aug 09 23:59:03 witherspoon systemd[1]: systemd 232 running in system mode. (+PAM -AUDIT -SELINUX -IMA -APPARMOR -SMACK +SYSVINIT -UTMP -LIBCRYPTSETUP -GCRYPT -GNUTLS +ACL +XZ -LZ4 -SECCOMP +BLKID -ELFUTILS +KMOD -IDN)
Aug 09 23:59:03 witherspoon systemd[1]: Detected architecture arm.
Aug 09 23:59:03 witherspoon systemd[1]: Set hostname to <witherspoon>.
Aug 09 23:59:03 witherspoon systemd[1]: Listening on Network Service Netlink Socket.
Aug 09 23:59:03 witherspoon systemd[1]: Listening on udev Kernel Socket.
Aug 09 23:59:03 witherspoon systemd[1]: Reached target Remote File Systems.
Aug 09 23:59:03 witherspoon systemd[1]: Reached target Swap.
Aug 09 23:59:03 witherspoon systemd[1]: Listening on Syslog Socket.
Aug 09 23:59:03 witherspoon systemd[1]: Started Dispatch Password Requests to Console Directory Watch.
Aug 09 23:59:03 witherspoon systemd[1]: Listening on /dev/initctl Compatibility Named Pipe.
Aug 09 23:59:03 witherspoon systemd-journald[702]: Journal started
Aug 09 23:59:03 witherspoon systemd-journald[702]: Runtime journal (/run/log/journal/cc6e1404d87444e8a089dfdb00a18f7d) is 0B, max 0B, 0B free.
Aug 09 23:59:03 witherspoon systemd-sysctl[701]: Couldn't write '16' to 'kernel/sysrq', ignoring: No such file or directory
Aug 09 23:59:03 witherspoon systemd-sysctl[701]: Couldn't write 'fq_codel' to 'net/core/default_qdisc', ignoring: No such file or directory
Aug 09 23:59:03 witherspoon systemd[1]: Starting Flush Journal to Persistent Storage...
Aug 09 23:59:03 witherspoon systemd[1]: Started Create Static Device Nodes in /dev.
Aug 09 23:59:03 witherspoon systemd[1]: Reached target Local File Systems (Pre).
Aug 09 23:59:03 witherspoon systemd[1]: Mounting /var/volatile...
Aug 09 23:59:03 witherspoon systemd[1]: Starting udev Kernel Device Manager...
Aug 09 23:59:03 witherspoon systemd[1]: Started udev Coldplug all Devices.
Aug 09 23:59:04 witherspoon systemd-journald[702]: Runtime journal (/run/log/journal/cc6e1404d87444e8a089dfdb00a18f7d) is 0B, max 0B, 0B free.
Aug 09 23:59:04 witherspoon systemd[1]: Started Flush Journal to Persistent Storage.
Aug 09 23:59:04 witherspoon systemd[1]: Mounted /var/volatile.
Aug 09 23:59:04 witherspoon systemd[1]: Starting Load/Save Random Seed...
Aug 09 23:59:04 witherspoon systemd[1]: Reached target Local File Systems.
Aug 09 23:59:04 witherspoon systemd[1]: Starting Rebuild Journal Catalog...
Aug 09 23:59:04 witherspoon systemd[1]: Starting Create Volatile Files and Directories...
Aug 09 23:59:04 witherspoon systemd[1]: Started Load/Save Random Seed.
Aug 09 23:59:04 witherspoon systemd[1]: Started Rebuild Journal Catalog.
Aug 09 23:59:04 witherspoon systemd[1]: Starting Update is Completed...
Aug 09 23:59:04 witherspoon systemd[1]: Started udev Kernel Device Manager.
Aug 09 23:59:04 witherspoon systemd-tmpfiles[942]: "/var/tmp" already exists and is not a directory.
Aug 09 23:59:04 witherspoon systemd-tmpfiles[942]: "/var/log" already exists and is not a directory.
Aug 09 23:59:04 witherspoon systemd[1]: Started Create Volatile Files and Directories.
Aug 09 23:59:05 witherspoon systemd[1]: Starting Run pending postinsts...
Aug 09 23:59:05 witherspoon systemd[1]: Starting Network Time Synchronization...
Aug 09 23:59:05 witherspoon systemd[1]: Started Update is Completed.
Aug 09 23:59:06 witherspoon systemd[1]: Started Network Time Synchronization.
Aug 09 23:59:06 witherspoon systemd[1]: Reached target System Time Synchronized.
Aug 09 23:59:06 witherspoon systemd[1]: Found device /dev/aspeed-lpc-ctrl.
Aug 09 23:59:06 witherspoon systemd[1]: Found device /dev/aspeed-mbox.
Aug 09 23:59:06 witherspoon systemd[1]: dev-hugepages.mount: Couldn't determine result for ConditionVirtualization=!private-users, assuming failed: No such file or directory
Aug 09 23:59:06 witherspoon systemd[1]: Created slice system-xyz.openbmc_project.Hwmon.slice.
Aug 09 23:59:06 witherspoon systemd[1]: Found device /dev/ttyS4.
Aug 09 23:59:06 witherspoon systemd[1]: Found device /dev/ttyVUART0.
Aug 09 23:59:06 witherspoon systemd[1]: dev-hugepages.mount: Couldn't determine result for ConditionVirtualization=!private-users, assuming failed: No such file or directory
Aug 09 23:59:06 witherspoon systemd[1]: Created slice system-xyz.openbmc_project.led.controller.slice.
Aug 09 23:59:06 witherspoon systemd[1]: dev-hugepages.mount: Couldn't determine result for ConditionVirtualization=!private-users, assuming failed: No such file or directory
Aug 09 23:59:06 witherspoon systemd[1]: dev-hugepages.mount: Couldn't determine result for ConditionVirtualization=!private-users, assuming failed: No such file or directory
Aug 09 23:59:07 witherspoon run-postinsts[957]: Running postinst /etc/rpm-postinsts/libglib-2.0-0...
Aug 09 23:59:09 witherspoon systemd[1]: dev-hugepages.mount: Couldn't determine result for ConditionVirtualization=!private-users, assuming failed: No such file or directory
Aug 09 23:59:09 witherspoon run-postinsts[957]: rm: can't remove '/etc/rpm-postinsts': Operation not supported
Aug 09 23:59:09 witherspoon run-postinsts[957]:  Removing any system startup links for run-postinsts ...
Aug 09 23:59:09 witherspoon systemctl[978]: Removed /etc/systemd/system/sysinit.target.wants/run-postinsts.service.
Aug 09 23:59:09 witherspoon systemd[1]: Reloading.
Aug 09 23:59:11 witherspoon systemd[1]: Started Run pending postinsts.
Aug 09 23:59:11 witherspoon systemd[1]: Reached target System Initialization.
Aug 09 23:59:11 witherspoon systemd[1]: Listening on phosphor-ipmi-net.socket.
Aug 09 23:59:11 witherspoon systemd[1]: Started Daily Cleanup of Temporary Directories.
Aug 09 23:59:12 witherspoon systemd[1]: Reached target Timers.
Aug 09 23:59:12 witherspoon systemd[1]: Listening on D-Bus System Message Bus Socket.
Aug 09 23:59:12 witherspoon systemd[1]: Listening on dropbear.socket.
Aug 09 23:59:12 witherspoon systemd[1]: Listening on Phosphor Host Console SSH Per-Connection socket.
Aug 09 23:59:12 witherspoon systemd[1]: Listening on Phosphor Webserver socket.
Aug 09 23:59:12 witherspoon systemd[1]: Listening on Avahi mDNS/DNS-SD Stack Activation Socket.
Aug 09 23:59:12 witherspoon systemd[1]: Listening on Phosphor DBUS Browser socket.
Aug 09 23:59:12 witherspoon systemd[1]: Reached target Sockets.
Aug 09 23:59:12 witherspoon systemd[1]: Reached target Basic System.
Aug 09 23:59:12 witherspoon systemd[1]: Starting Phosphor Settings Daemon...
Aug 09 23:59:12 witherspoon systemd[1]: Started Phosphor sysfs LED controller.
Aug 09 23:59:12 witherspoon systemd[1]: Starting Phosphor Log Manager...
Aug 09 23:59:12 witherspoon systemd[1]: Started Kernel Logging Service.
Aug 09 23:59:12 witherspoon systemd[1]: Started Phosphor sysfs LED controller.
Aug 09 23:59:12 witherspoon systemd[1]: Started Phosphor sysfs LED controller.
Aug 09 23:59:12 witherspoon systemd[1]: Starting Avahi mDNS/DNS-SD Stack...
Aug 09 23:59:12 witherspoon systemd[1]: Starting Phosphor User Manager...
Aug 09 23:59:12 witherspoon systemd[1]: Started Phosphor Console Muxer listening on device /dev/ttyVUART0.
Aug 09 23:59:12 witherspoon systemd[1]: Started Phosphor sysfs LED controller.
Aug 09 23:59:12 witherspoon systemd[1]: Starting Phosphor Network Manager...
Aug 09 23:59:12 witherspoon systemd[1]: Started Phosphor sysfs LED controller.
Aug 09 23:59:13 witherspoon systemd[1]: Reached target Containers.
Aug 09 23:59:13 witherspoon systemd[1]: Starting OpenBMC Software Update Manager...
Aug 09 23:59:13 witherspoon systemd[1]: Starting Phosphor BMC0 Control...
Aug 09 23:59:13 witherspoon systemd[1]: Started Phosphor sysfs LED controller.
Aug 09 23:59:13 witherspoon systemd[1]: Starting Phosphor Sensor Manager...
Aug 09 23:59:13 witherspoon systemd[1]: Starting Phosphor LED Group Management Daemon...
Aug 09 23:59:13 witherspoon systemd[1]: Starting Phosphor Inventory Manager...
Aug 09 23:59:13 witherspoon systemd[1]: Starting Phosphor Inventory Manager...
Aug 09 23:59:13 witherspoon systemd[1]: Starting Phosphor IPMI BT DBus Bridge...
Aug 09 23:59:13 witherspoon systemd[1]: Starting Phosphor Download Manager...
Aug 09 23:59:13 witherspoon systemd[1]: Starting Phosphor Chassis0 Control...
Aug 09 23:59:13 witherspoon systemd[1]: Starting Phosphor DBus Service Discovery Manager...
Aug 09 23:59:13 witherspoon systemd[1]: Starting Phosphor Download Manager...
Aug 09 23:59:13 witherspoon systemd[1]: Starting Clear one time boot overrides...
Aug 09 23:59:13 witherspoon systemd[1]: Starting Remount the squashfs and ubi volumes after a reboot...
Aug 09 23:59:13 witherspoon systemd[1]: Started Phosphor sysfs LED controller.
Aug 09 23:59:13 witherspoon systemd[1]: Started Phosphor sysfs LED controller.
Aug 09 23:59:14 witherspoon systemd[1]: Started System Logging Service.
Aug 09 23:59:14 witherspoon systemd[1]: Started Phosphor sysfs LED controller.
Aug 09 23:59:14 witherspoon systemd[1]: Started Hardware RNG Entropy Gatherer Daemon.
Aug 09 23:59:14 witherspoon systemd[1]: Started Phosphor Dump core monitor..
Aug 09 23:59:16 witherspoon kernel: ubi7: default fastmap pool size: 100
Aug 09 23:59:16 witherspoon kernel: ubi7: default fastmap WL pool size: 50
Aug 09 23:59:16 witherspoon kernel: ubi7: attaching mtd7
Aug 09 23:59:16 witherspoon kernel: ubi7: scanning is finished
Aug 09 23:59:16 witherspoon kernel: ubi7 error: ubi_read_volume_table: the layout volume was not found
Aug 09 23:59:16 witherspoon kernel: ubi7 error: ubi_attach_mtd_dev: failed to attach mtd7, error -22
Aug 09 23:59:15 witherspoon kernel[993]: klogd started: BusyBox v1.24.1 (2017-06-16 19:26:49 UTC)
Aug 09 23:59:14 witherspoon systemd[1]: Starting Phosphor Dump Manager...
Aug 09 23:59:16 witherspoon obmc-flash-bios[1015]: ubiattach: error!: cannot attach mtd7
Aug 09 23:59:16 witherspoon obmc-flash-bios[1015]:            error 22 (Invalid argument)
Aug 09 23:59:15 witherspoon kernel[993]: [    0.000000] Booting Linux on physical CPU 0x0
Aug 09 23:59:15 witherspoon systemd[1]: Started D-Bus System Message Bus.
Aug 09 23:59:15 witherspoon kernel[993]: [    0.000000] Linux version 4.10.17-03afe5775baf06c3037d62cc2a15628079af38c9 (jenkins@hudson) (gcc version 6.2.0 (GCC) ) #1 Tue Aug 1 17:31:09 UTC 2017
Aug 09 23:59:15 witherspoon kernel[993]: [    0.000000] CPU: ARMv6-compatible processor [410fb767] revision 7 (ARMv7), cr=00c5387d
Aug 09 23:59:15 witherspoon kernel[993]: [    0.000000] CPU: PIPT / VIPT nonaliasing data cache, VIPT nonaliasing instruction cache
Aug 09 23:59:15 witherspoon kernel[993]: [    0.000000] OF: fdt:Machine model: Witherspoon BMC
Aug 09 23:59:15 witherspoon kernel[993]: [    0.000000] Memory policy: Data cache writeback
Aug 09 23:59:15 witherspoon kernel[993]: [    0.000000] SOC Rev: 04030303
Aug 09 23:59:15 witherspoon kernel[993]: [    0.000000] On node 0 totalpages: 110592
Aug 09 23:59:15 witherspoon kernel[993]: [    0.000000] free_area_init_node: node 0, pgdat 805ff5f4, node_mem_map 9ec1a000
Aug 09 23:59:15 witherspoon kernel[993]: [    0.000000]   Normal zone: 992 pages used for memmap
Aug 09 23:59:15 witherspoon kernel[993]: [    0.000000]   Normal zone: 0 pages reserved
Aug 09 23:59:15 witherspoon kernel[993]: [    0.000000]   Normal zone: 110592 pages, LIFO batch:31
Aug 09 23:59:15 witherspoon kernel[993]: [    0.000000] pcpu-alloc: s0 r0 d32768 u32768 alloc=1*32768
Aug 09 23:59:15 witherspoon kernel[993]: [    0.000000] pcpu-alloc: [0] 0
Aug 09 23:59:15 witherspoon kernel[993]: [    0.000000] Built 1 zonelists in Zone order, mobility grouping on.  Total pages: 109600
Aug 09 23:59:15 witherspoon kernel[993]: [    0.000000] Kernel command line: console=ttyS4,115200n8 root=/dev/ram rw
Aug 09 23:59:15 witherspoon kernel[993]: [    0.000000] PID hash table entries: 2048 (order: 1, 8192 bytes)
Aug 09 23:59:15 witherspoon kernel[993]: [    0.000000] Dentry cache hash table entries: 65536 (order: 6, 262144 bytes)
Aug 09 23:59:15 witherspoon kernel[993]: [    0.000000] Inode-cache hash table entries: 32768 (order: 5, 131072 bytes)
Aug 09 23:59:15 witherspoon kernel[993]: [    0.000000] Memory: 430440K/442368K available (4065K kernel code, 280K rwdata, 1192K rodata, 284K init, 111K bss, 11928K reserved, 0K cma-reserved)
Aug 09 23:59:15 witherspoon kernel[993]: [    0.000000] Virtual kernel memory layout:
Aug 09 23:59:15 witherspoon kernel[993]: [    0.000000]     vector  : 0xffff0000 - 0xffff1000   (   4 kB)
Aug 09 23:59:15 witherspoon kernel[993]: [    0.000000]     fixmap  : 0xffc00000 - 0xfff00000   (3072 kB)
Aug 09 23:59:15 witherspoon kernel[993]: [    0.000000]     vmalloc : 0x9f800000 - 0xff800000   (1536 MB)
Aug 09 23:59:15 witherspoon kernel[993]: [    0.000000]     lowmem  : 0x80000000 - 0x9f000000   ( 496 MB)
Aug 09 23:59:15 witherspoon kernel[993]: [    0.000000]       .text : 0x80008000 - 0x80400940   (4067 kB)
Aug 09 23:59:15 witherspoon kernel[993]: [    0.000000]       .init : 0x80585000 - 0x805cc000   ( 284 kB)
Aug 09 23:59:15 witherspoon kernel[993]: [    0.000000]       .data : 0x805cc000 - 0x80612358   ( 281 kB)
Aug 09 23:59:15 witherspoon kernel[993]: [    0.000000]        .bss : 0x80612358 - 0x8062e1f8   ( 112 kB)
Aug 09 23:59:15 witherspoon kernel[993]: [    0.000000] NR_IRQS:16 nr_irqs:16 16
Aug 09 23:59:15 witherspoon kernel[993]: [    0.000000] i2c controller registered, irq 16
Aug 09 23:59:15 witherspoon kernel[993]: [    0.000000] clocksource: moxart_timer: mask: 0xffffffff max_cycles: 0xffffffff, max_idle_ns: 77222644334 ns
Aug 09 23:59:15 witherspoon kernel[993]: [    0.000000] sched_clock: 32 bits at 100 Hz, resolution 10000000ns, wraps every 21474836475000000ns
Aug 09 23:59:15 witherspoon kernel[993]: [    0.090000] Calibrating delay loop... 789.70 BogoMIPS (lpj=3948544)
Aug 09 23:59:15 witherspoon kernel[993]: [    0.090000] pid_max: default: 32768 minimum: 301
Aug 09 23:59:15 witherspoon kernel[993]: [    0.090000] Mount-cache hash table entries: 1024 (order: 0, 4096 bytes)
Aug 09 23:59:15 witherspoon kernel[993]: [    0.090000] Mountpoint-cache hash table entries: 1024 (order: 0, 4096 bytes)
Aug 09 23:59:15 witherspoon kernel[993]: [    0.090000] CPU: Testing write buffer coherency: ok
Aug 09 23:59:15 witherspoon kernel[993]: [    0.090000] ftrace: allocating 14934 entries in 44 pages
Aug 09 23:59:15 witherspoon kernel[993]: [    0.120000] Setting up static identity map for 0x80008200 - 0x8000825c
Aug 09 23:59:15 witherspoon kernel[993]: [    0.120000] devtmpfs: initialized
Aug 09 23:59:15 witherspoon kernel[993]: [    0.150000] clocksource: jiffies: mask: 0xffffffff max_cycles: 0xffffffff, max_idle_ns: 19112604462750000 ns
Aug 09 23:59:15 witherspoon kernel[993]: [    0.150000] futex hash table entries: 256 (order: -1, 3072 bytes)
Aug 09 23:59:15 witherspoon kernel[993]: [    0.150000] pinctrl core: initialized pinctrl subsystem
Aug 09 23:59:15 witherspoon kernel[993]: [    0.150000] NET: Registered protocol family 16
Aug 09 23:59:15 witherspoon kernel[993]: [    0.150000] DMA: preallocated 256 KiB pool for atomic coherent allocations
Aug 09 23:59:15 witherspoon kernel[993]: [    0.220000] usbcore: registered new interface driver usbfs
Aug 09 23:59:15 witherspoon kernel[993]: [    0.220000] usbcore: registered new interface driver hub
Aug 09 23:59:15 witherspoon kernel[993]: [    0.220000] usbcore: registered new device driver usb
Aug 09 23:59:15 witherspoon kernel[993]: [    0.220000] clocksource: Switched to clocksource moxart_timer
Aug 09 23:59:15 witherspoon kernel[993]: [    0.230000] NET: Registered protocol family 2
Aug 09 23:59:15 witherspoon kernel[993]: [    0.240000] TCP established hash table entries: 4096 (order: 2, 16384 bytes)
Aug 09 23:59:15 witherspoon kernel[993]: [    0.240000] TCP bind hash table entries: 4096 (order: 2, 16384 bytes)
Aug 09 23:59:15 witherspoon kernel[993]: [    0.240000] TCP: Hash tables configured (established 4096 bind 4096)
Aug 09 23:59:15 witherspoon kernel[993]: [    0.240000] UDP hash table entries: 256 (order: 0, 4096 bytes)
Aug 09 23:59:15 witherspoon kernel[993]: [    0.240000] UDP-Lite hash table entries: 256 (order: 0, 4096 bytes)
Aug 09 23:59:15 witherspoon kernel[993]: [    0.240000] NET: Registered protocol family 1
Aug 09 23:59:15 witherspoon kernel[993]: [    0.240000] Trying to unpack rootfs image as initramfs...
Aug 09 23:59:15 witherspoon kernel[993]: [    1.910000] Freeing initrd memory: 1544K
Aug 09 23:59:15 witherspoon kernel[993]: [    1.910000] workingset: timestamp_bits=30 max_order=17 bucket_order=0
Aug 09 23:59:15 witherspoon kernel[993]: [    1.910000] squashfs: version 4.0 (2009/01/31) Phillip Lougher
Aug 09 23:59:15 witherspoon kernel[993]: [    1.910000] jffs2: version 2.2. (SUMMARY)  © 2001-2006 Red Hat, Inc.
Aug 09 23:59:15 witherspoon kernel[993]: [    1.910000] Block layer SCSI generic (bsg) driver version 0.4 loaded (major 250)
Aug 09 23:59:15 witherspoon kernel[993]: [    1.910000] io scheduler noop registered
Aug 09 23:59:15 witherspoon kernel[993]: [    1.910000] io scheduler deadline registered
Aug 09 23:59:15 witherspoon kernel[993]: [    1.910000] io scheduler cfq registered (default)
Aug 09 23:59:15 witherspoon kernel[993]: [    2.060000] ipmi-bt-host 1e789140.ibt: Found bt bmc device
Aug 09 23:59:15 witherspoon kernel[993]: [    2.060000] ipmi-bt-host 1e789140.ibt: Using IRQ 22
Aug 09 23:59:15 witherspoon kernel[993]: [    2.060000] Serial: 8250/16550 driver, 6 ports, IRQ sharing enabled
Aug 09 23:59:15 witherspoon kernel[993]: [    2.060000] 1e787000.vuart: ttyS0 at MMIO 0x1e787000 (irq = 22, base_baud = 1500000) is a 16550A
Aug 09 23:59:15 witherspoon kernel[993]: [    2.060000] 1e783000.serial: ttyS1 at MMIO 0x1e783000 (irq = 23, base_baud = 1500000) is a 16550A
Aug 09 23:59:15 witherspoon kernel[993]: [    2.060000] 1e78d000.serial: ttyS2 at MMIO 0x1e78d000 (irq = 24, base_baud = 1500000) is a 16550A
Aug 09 23:59:15 witherspoon kernel[993]: [    2.060000] 1e784000.serial: ttyS4 at MMIO 0x1e784000 (irq = 25, base_baud = 1500000) is a 16550A
Aug 09 23:59:15 witherspoon kernel[993]: [    2.410000] console [ttyS4] enabled
Aug 09 23:59:15 witherspoon kernel[993]: [    2.590000] timeriomem_rng 1e6e2078.hwrng: 32bits from 0xf00e2078 @ 1us
Aug 09 23:59:15 witherspoon kernel[993]: [    2.610000] random: fast init done
Aug 09 23:59:15 witherspoon kernel[993]: [    2.650000] brd: module loaded
Aug 09 23:59:15 witherspoon kernel[993]: [    2.680000] loop: module loaded
Aug 09 23:59:15 witherspoon kernel[993]: [    2.680000] aspeed-lpc-ctrl 1e789080.lpc-ctrl: Loaded at 0x98000000 (0x04000000)
Aug 09 23:59:15 witherspoon kernel[993]: [    2.690000] aspeed-smc 1e620000.flash-controller: Using IRQ 18
Aug 09 23:59:15 witherspoon kernel[993]: [    2.690000] aspeed-smc 1e620000.flash-controller: DMA support disabled.
Aug 09 23:59:15 witherspoon kernel[993]: [    2.700000] aspeed-smc 1e620000.flash-controller: mx25l25635e (32768 Kbytes)
Aug 09 23:59:15 witherspoon kernel[993]: [    2.700000] aspeed-smc 1e620000.flash-controller: CE0 window [ 0x20000000 - 0x22000000 ] 32MB
Aug 09 23:59:15 witherspoon kernel[993]: [    2.700000] aspeed-smc 1e620000.flash-controller: CE1 window [ 0x22000000 - 0x2a000000 ] 128MB
Aug 09 23:59:15 witherspoon kernel[993]: [    2.730000] 5 ofpart partitions found on MTD device bmc
Aug 09 23:59:15 witherspoon kernel[993]: [    2.730000] Creating 5 MTD partitions on "bmc":
Aug 09 23:59:15 witherspoon kernel[993]: [    2.730000] 0x000000000000-0x000000060000 : "u-boot"
Aug 09 23:59:15 witherspoon kernel[993]: [    2.730000] 0x000000060000-0x000000080000 : "u-boot-env"
Aug 09 23:59:15 witherspoon kernel[993]: [    2.760000] random: crng init done
Aug 09 23:59:15 witherspoon kernel[993]: [    2.760000] 0x000000080000-0x0000004c0000 : "kernel"
Aug 09 23:59:15 witherspoon kernel[993]: [    2.770000] 0x0000004c0000-0x000001c00000 : "rofs"
Aug 09 23:59:15 witherspoon kernel[993]: [    2.790000] 0x000001c00000-0x000002000000 : "rwfs"
Aug 09 23:59:15 witherspoon kernel[993]: [    2.790000] aspeed-smc 1e620000.flash-controller: mx25l25635e (32768 Kbytes)
Aug 09 23:59:15 witherspoon kernel[993]: [    2.800000] aspeed-smc 1e620000.flash-controller: CE1 window [ 0x22000000 - 0x24000000 ] 32MB
Aug 09 23:59:15 witherspoon kernel[993]: [    2.800000] aspeed-smc 1e620000.flash-controller: CE2 window [ 0x24000000 - 0x2c000000 ] 128MB
Aug 09 23:59:15 witherspoon kernel[993]: [    2.830000] aspeed-smc 1e630000.flash-controller: mx66l1g45g (131072 Kbytes)
Aug 09 23:59:15 witherspoon kernel[993]: [    2.830000] aspeed-smc 1e630000.flash-controller: CE0 window resized to 120MB (AST2500 HW quirk)
Aug 09 23:59:15 witherspoon kernel[993]: [    2.840000] aspeed-smc 1e630000.flash-controller: CE0 window [ 0x30000000 - 0x37800000 ] 120MB
Aug 09 23:59:15 witherspoon kernel[993]: [    2.840000] aspeed-smc 1e630000.flash-controller: CE0 window too small for chip 128MB
Aug 09 23:59:15 witherspoon kernel[993]: [    2.840000] aspeed-smc 1e630000.flash-controller: CE1 window [ 0x37800000 - 0x38000000 ] 8MB
Aug 09 23:59:15 witherspoon kernel[993]: [    3.590000] libphy: Fixed MDIO Bus: probed
Aug 09 23:59:15 witherspoon kernel[993]: [    3.590000] ftgmac100 1e660000.ethernet: Read MAC address 70:e2:84:14:23:e1 from chip
Aug 09 23:59:15 witherspoon kernel[993]: [    3.590000] ftgmac100 1e660000.ethernet: Using NCSI interface
Aug 09 23:59:15 witherspoon kernel[993]: [    3.590000] ftgmac100 1e660000.ethernet eth0: irq 20, mapped at f0060000
Aug 09 23:59:15 witherspoon kernel[993]: [    3.590000] ehci_hcd: USB 2.0 'Enhanced' Host Controller (EHCI) Driver
Aug 09 23:59:15 witherspoon kernel[993]: [    3.590000] ehci-platform: EHCI generic platform driver
Aug 09 23:59:15 witherspoon kernel[993]: [    3.840000]  fsi0: can't read slave 00:00 -5
Aug 09 23:59:15 witherspoon kernel[993]: [    3.840000] i2c /dev entries driver
Aug 09 23:59:15 witherspoon kernel[993]: [    3.840000] aspeed-i2c-bus 1e78a0c0.i2c-bus: i2c bus 2 registered, irq 26
Aug 09 23:59:15 witherspoon kernel[993]: [    3.840000] aspeed-i2c-bus 1e78a100.i2c-bus: i2c bus 3 registered, irq 27
Aug 09 23:59:15 witherspoon kernel[993]: [    3.840000] aspeed-i2c-bus 1e78a140.i2c-bus: i2c bus 4 registered, irq 28
Aug 09 23:59:15 witherspoon kernel[993]: [    3.840000] aspeed-i2c-bus 1e78a180.i2c-bus: i2c bus 5 registered, irq 29
Aug 09 23:59:15 witherspoon kernel[993]: [    3.840000] aspeed-i2c-bus 1e78a380.i2c-bus: i2c bus 9 registered, irq 30
Aug 09 23:59:15 witherspoon kernel[993]: [    3.840000] aspeed-i2c-bus 1e78a3c0.i2c-bus: i2c bus 10 registered, irq 31
Aug 09 23:59:15 witherspoon kernel[993]: [    3.840000] rtc-rv8803 11-0032: Voltage low, temperature compensation stopped.
Aug 09 23:59:15 witherspoon kernel[993]: [    3.840000] rtc-rv8803 11-0032: An alarm maybe have been missed.
Aug 09 23:59:15 witherspoon kernel[993]: [    3.940000] rtc-rv8803 11-0032: rtc core: registered rx8900 as rtc0
Aug 09 23:59:15 witherspoon kernel[993]: [    3.950000] at24 11-0051: 8192 byte 24c64 EEPROM, writable, 1 bytes/write
Aug 09 23:59:15 witherspoon kernel[993]: [    3.950000] aspeed-i2c-bus 1e78a400.i2c-bus: i2c bus 11 registered, irq 32
Aug 09 23:59:15 witherspoon kernel[993]: [    3.950000] aspeed-i2c-bus 1e78a440.i2c-bus: i2c bus 12 registered, irq 33
Aug 09 23:59:15 witherspoon kernel[993]: [    3.950000] aspeed-i2c-bus 1e78a480.i2c-bus: i2c bus 13 registered, irq 34
Aug 09 23:59:15 witherspoon kernel[993]: [    3.950000] Driver for 1-wire Dallas network protocol.
Aug 09 23:59:15 witherspoon kernel[993]: [    3.950000] lm75 9-004a: hwmon0: sensor 'tmp275'
Aug 09 23:59:15 witherspoon kernel[993]: [    4.770000] ucd9000 11-0064: Device ID UCD90160|2.3.4.0000|110603
Aug 09 23:59:15 witherspoon kernel[993]: [    5.100000] leds-pca955x 3-0060: leds-pca955x: Using pca9552 16-bit LED driver at slave address 0x60
Aug 09 23:59:15 witherspoon kernel[993]: [    5.120000] leds-pca955x 11-0060: leds-pca955x: Using pca9552 16-bit LED driver at slave address 0x60
Aug 09 23:59:15 witherspoon kernel[993]: [    5.130000] leds-pca955x 11-0060: gpios 264...279
Aug 09 23:59:15 witherspoon kernel[993]: [    5.140000] usbcore: registered new interface driver usbhid
Aug 09 23:59:15 witherspoon kernel[993]: [    5.140000] usbhid: USB HID core driver
Aug 09 23:59:15 witherspoon kernel[993]: [    5.190000] NET: Registered protocol family 10
Aug 09 23:59:15 witherspoon kernel[993]: [    5.190000] Segment Routing with IPv6
Aug 09 23:59:15 witherspoon kernel[993]: [    5.200000] NET: Registered protocol family 17
Aug 09 23:59:15 witherspoon kernel[993]: [    5.200000] 8021q: 802.1Q VLAN Support v1.8
Aug 09 23:59:15 witherspoon kernel[993]: [    5.200000] console [netcon0] enabled
Aug 09 23:59:15 witherspoon kernel[993]: [    5.220000] netconsole: network logging started
Aug 09 23:59:15 witherspoon kernel[993]: [    5.220000] input: gpio-keys as /devices/platform/gpio-keys/input/input0
Aug 09 23:59:15 witherspoon kernel[993]: [    5.230000] rtc-rv8803 11-0032: setting system clock to 2017-08-09 23:58:50 UTC (1502323130)
Aug 09 23:59:15 witherspoon kernel[993]: [    5.240000] Freeing unused kernel memory: 284K
Aug 09 23:59:15 witherspoon kernel[993]: [    5.240000] This architecture does not have kernel memory protection.
Aug 09 23:59:15 witherspoon kernel[993]: [    6.780000] jffs2: notice: (533) jffs2_build_xattr_subsystem: complete building xattr subsystem, 1 of xdatum (1 unchecked, 0 orphan) and 6 of xref (0 dead, 1 orphan) found.
Aug 09 23:59:15 witherspoon kernel[993]: [   13.920000] systemd[1]: Failed to insert module 'autofs4': No such file or directory
Aug 09 23:59:15 witherspoon kernel[993]: [   13.920000] systemd[1]: systemd 232 running in system mode. (+PAM -AUDIT -SELINUX -IMA -APPARMOR -SMACK +SYSVINIT -UTMP -LIBCRYPTSETUP -GCRYPT -GNUTLS +ACL +XZ -LZ4 -SECCOMP +BLKID -ELFUTILS +KMOD -IDN)
Aug 09 23:59:15 witherspoon kernel[993]: [   13.920000] systemd[1]: Detected architecture arm.
Aug 09 23:59:15 witherspoon kernel[993]: [   14.180000] systemd[1]: Set hostname to <witherspoon>.
Aug 09 23:59:15 witherspoon kernel[993]: [   15.760000] systemd[1]: Listening on Network Service Netlink Socket.
Aug 09 23:59:15 witherspoon kernel[993]: [   15.800000] systemd[1]: Listening on udev Kernel Socket.
Aug 09 23:59:15 witherspoon kernel[993]: [   15.840000] systemd[1]: Reached target Remote File Systems.
Aug 09 23:59:15 witherspoon kernel[993]: [   15.880000] systemd[1]: Reached target Swap.
Aug 09 23:59:15 witherspoon kernel[993]: [   15.910000] systemd[1]: Listening on Syslog Socket.
Aug 09 23:59:15 witherspoon kernel[993]: [   15.940000] systemd[1]: Started Dispatch Password Requests to Console Directory Watch.
Aug 09 23:59:15 witherspoon kernel[993]: [   15.980000] systemd[1]: Listening on /dev/initctl Compatibility Named Pipe.
Aug 09 23:59:15 witherspoon kernel[993]: [   18.770000] systemd-journald[702]: Received request to flush runtime journal from PID 1
Aug 09 23:59:15 witherspoon kernel[993]: [   30.150000] ubi7: default fastmap pool size: 100
Aug 09 23:59:15 witherspoon kernel[993]: [   30.150000] ubi7: default fastmap WL pool size: 50
Aug 09 23:59:15 witherspoon kernel[993]: [   30.150000] ubi7: attaching mtd7
Aug 09 23:59:15 witherspoon kernel[993]: [   30.150000] ubi7: scanning is finished
Aug 09 23:59:15 witherspoon kernel[993]: [   30.150000] ubi7 error: ubi_read_volume_table: the layout volume was not found
Aug 09 23:59:15 witherspoon kernel[993]: [   30.150000] ubi7 error: ubi_attach_mtd_dev: failed to attach mtd7, error -22
Aug 09 23:59:19 witherspoon avahi-daemon[996]: Found user 'avahi' (UID 999) and group 'avahi' (GID 999).
Aug 09 23:59:19 witherspoon avahi-daemon[996]: Successfully dropped root privileges.
Aug 09 23:59:19 witherspoon avahi-daemon[996]: avahi-daemon 0.6.32 starting up.
Aug 09 23:59:21 witherspoon avahi-daemon[996]: Successfully called chroot().
Aug 09 23:59:21 witherspoon avahi-daemon[996]: Successfully dropped remaining capabilities.
Aug 09 23:59:21 witherspoon avahi-daemon[996]: Loading service file /services/obmc_console.service.
Aug 09 23:59:21 witherspoon avahi-daemon[996]: Loading service file /services/phosphor_rest.service.
Aug 09 23:59:21 witherspoon systemd[1]: Started Phosphor Inventory Manager.
Aug 09 23:59:21 witherspoon avahi-daemon[996]: Loading service file /services/sftp-ssh.service.
Aug 09 23:59:22 witherspoon systemd[1]: Started Phosphor Settings Daemon.
Aug 09 23:59:21 witherspoon avahi-daemon[996]: Loading service file /services/sftp.service.
Aug 09 23:59:22 witherspoon systemd[1]: Started Phosphor Log Manager.
Aug 09 23:59:21 witherspoon avahi-daemon[996]: Loading service file /services/ssh.service.
Aug 09 23:59:22 witherspoon systemd[1]: Started Avahi mDNS/DNS-SD Stack.
Aug 09 23:59:21 witherspoon avahi-daemon[996]: Network interface enumeration completed.
Aug 09 23:59:22 witherspoon systemd[1]: Started Phosphor IPMI BT DBus Bridge.
Aug 09 23:59:21 witherspoon avahi-daemon[996]: Server startup complete. Host name is witherspoon.local. Local service cookie is 4191631412.
Aug 09 23:59:23 witherspoon systemd[1]: Started Phosphor Download Manager.
Aug 09 23:59:21 witherspoon avahi-daemon[996]: Service "witherspoon" (/services/ssh.service) successfully established.
Aug 09 23:59:23 witherspoon systemd[1]: Starting Network Service...
Aug 09 23:59:21 witherspoon avahi-daemon[996]: Service "sftp" (/services/sftp.service) successfully established.
Aug 09 23:59:23 witherspoon systemd[1]: Started Phosphor sysfs LED controller.
Aug 09 23:59:21 witherspoon avahi-daemon[996]: Service "witherspoon" (/services/sftp-ssh.service) successfully established.
Aug 09 23:59:24 witherspoon systemd-networkd[1036]: Enumeration completed
Aug 09 23:59:21 witherspoon avahi-daemon[996]: Service "phosphor_rest" (/services/phosphor_rest.service) successfully established.
Aug 09 23:59:21 witherspoon avahi-daemon[996]: Service "obmc_console" (/services/obmc_console.service) successfully established.
Aug 09 23:59:21 witherspoon dbus[1025]: [system] Successfully activated service 'org.freedesktop.systemd1'
Aug 09 23:59:24 witherspoon systemd-networkd[1036]: eth0: IPv6 enabled for interface: Success
Aug 09 23:59:24 witherspoon avahi-daemon[996]: Joining mDNS multicast group on interface eth0.IPv4 with address 9.3.86.161.
Aug 09 23:59:24 witherspoon systemd-networkd[1036]: eth0: Gained carrier
Aug 09 23:59:24 witherspoon avahi-daemon[996]: New relevant interface eth0.IPv4 for mDNS.
Aug 09 23:59:24 witherspoon systemd-timesyncd[958]: Network configuration changed, trying to establish connection.
Aug 09 23:59:24 witherspoon avahi-daemon[996]: Registering new address record for 9.3.86.161 on eth0.IPv4.
Aug 09 23:59:24 witherspoon systemd[1]: Started Network Service.
Aug 09 23:59:24 witherspoon systemd[1]: Started Clear one time boot overrides.
Aug 09 23:59:24 witherspoon systemd[1]: Started Remount the squashfs and ubi volumes after a reboot.
Aug 09 23:59:25 witherspoon systemd[1]: Started Phosphor BMC0 Control.
Aug 09 23:59:25 witherspoon systemd[1]: Started Phosphor LED Group Management Daemon.
Aug 09 23:59:25 witherspoon systemd[1]: Starting OpenPower Software Update Manager...
Aug 09 23:59:25 witherspoon systemd[1]: Reached target Network.
Aug 09 23:59:25 witherspoon systemd[1]: Starting Permit User Sessions...
Aug 09 23:59:25 witherspoon systemd[1]: Started Lightweight SLP Server.
Aug 09 23:59:25 witherspoon systemd[1]: Started OpenBMC Software Update Manager.
Aug 09 23:59:25 witherspoon systemd[1]: Started Permit User Sessions.
Aug 09 23:59:25 witherspoon systemd[1]: Started Serial Getty on ttyS4.
Aug 09 23:59:25 witherspoon systemd[1]: Reached target Login Prompts.
Aug 09 23:59:25 witherspoon systemd[1]: Reached target Multi-User System.
Aug 09 23:59:26 witherspoon systemd[1]: Started OpenPower Software Update Manager.
Aug 09 23:59:26 witherspoon systemd[1]: Started Phosphor MBOX Daemon.
Aug 09 23:59:26 witherspoon systemd[1]: Starting Phosphor Version Software Manager...
Aug 09 23:59:26 witherspoon systemd[1]: Started Phosphor Dump Manager.
Aug 09 23:59:26 witherspoon avahi-daemon[996]: Joining mDNS multicast group on interface eth0.IPv6 with address fe80::72e2:84ff:fe14:23e1.
Aug 09 23:59:26 witherspoon systemd-networkd[1036]: eth0: Gained IPv6LL
Aug 09 23:59:26 witherspoon avahi-daemon[996]: New relevant interface eth0.IPv6 for mDNS.
Aug 09 23:59:26 witherspoon avahi-daemon[996]: Registering new address record for fe80::72e2:84ff:fe14:23e1 on eth0.*.
Aug 09 23:59:27 witherspoon systemd[1]: Started Phosphor Version Software Manager.
Aug 09 23:59:27 witherspoon kernel: ftgmac100 1e660000.ethernet eth0: NCSI interface up
Aug 09 23:59:27 witherspoon kernel[993]: [   42.580000] ftgmac100 1e660000.ethernet eth0: NCSI interface up
Aug 09 23:59:36 witherspoon systemd[1]: Started Phosphor Chassis0 Control.
Aug 09 23:59:36 witherspoon chassis_control.py[1011]: Running ChassisControlService
Aug 09 23:59:36 witherspoon sensor_manager2.py[1005]: Setting boot count to 3
Aug 09 23:59:37 witherspoon systemd[1]: Started Phosphor Download Manager.
Aug 09 23:59:37 witherspoon download_manager.py[1013]: Running Download Manager
Aug 09 23:59:38 witherspoon systemd[1]: Started Phosphor Sensor Manager.
Aug 09 23:59:38 witherspoon sensor_manager2.py[1005]: Starting sensor manager
Aug 09 23:59:38 witherspoon inventory_items.py[1007]: Loading from cache: /var/cache/obmc/org.openbmc.inventory.system.chassis.motherboard.apss@org.openbmc.InventoryItem.props
Aug 09 23:59:38 witherspoon inventory_items.py[1007]: Loading from cache: /var/cache/obmc/org.openbmc.inventory.system.chassis.motherboard@org.openbmc.InventoryItem.props
Aug 09 23:59:38 witherspoon inventory_items.py[1007]: Loading from cache: /var/cache/obmc/org.openbmc.inventory.system.chassis.motherboard.refclock@org.openbmc.InventoryItem.props
Aug 09 23:59:38 witherspoon inventory_items.py[1007]: Loading from cache: /var/cache/obmc/org.openbmc.inventory.system.chassis.motherboard.cpu1.core7@org.openbmc.InventoryItem.props
Aug 09 23:59:38 witherspoon inventory_items.py[1007]: Loading from cache: /var/cache/obmc/org.openbmc.inventory.system.chassis.motherboard.cpu1.core4@org.openbmc.InventoryItem.props
Aug 09 23:59:38 witherspoon inventory_items.py[1007]: Loading from cache: /var/cache/obmc/org.openbmc.inventory.system.chassis.motherboard.cpu1.core1@org.openbmc.InventoryItem.props
Aug 09 23:59:38 witherspoon inventory_items.py[1007]: Loading from cache: /var/cache/obmc/org.openbmc.inventory.system.chassis.motherboard.cpu1.core10@org.openbmc.InventoryItem.props
Aug 09 23:59:38 witherspoon inventory_items.py[1007]: Loading from cache: /var/cache/obmc/org.openbmc.inventory.system.chassis.motherboard.todclock@org.openbmc.InventoryItem.props
Aug 09 23:59:38 witherspoon inventory_items.py[1007]: Loading from cache: /var/cache/obmc/org.openbmc.inventory.system.chassis.motherboard.cpu1@org.openbmc.InventoryItem.props
Aug 09 23:59:38 witherspoon inventory_items.py[1007]: Loading from cache: /var/cache/obmc/org.openbmc.inventory.system.chassis.motherboard.bmc@org.openbmc.InventoryItem.props
Aug 09 23:59:38 witherspoon inventory_items.py[1007]: Caching: /org/openbmc/inventory/system/chassis/motherboard/bmc
Aug 09 23:59:38 witherspoon inventory_items.py[1007]: Loading from cache: /var/cache/obmc/org.openbmc.inventory.system.chassis.motherboard.cpu0.core1@org.openbmc.InventoryItem.props
Aug 09 23:59:38 witherspoon inventory_items.py[1007]: Loading from cache: /var/cache/obmc/org.openbmc.inventory.system.chassis.motherboard.cpu0.core7@org.openbmc.InventoryItem.props
Aug 09 23:59:38 witherspoon inventory_items.py[1007]: Loading from cache: /var/cache/obmc/org.openbmc.inventory.system.chassis.motherboard.cpu0.core4@org.openbmc.InventoryItem.props
Aug 09 23:59:38 witherspoon inventory_items.py[1007]: Loading from cache: /var/cache/obmc/org.openbmc.inventory.system.chassis.motherboard.pcieclock@org.openbmc.InventoryItem.props
Aug 09 23:59:39 witherspoon systemd-networkd[1036]: eth0: Configured
Aug 09 23:59:39 witherspoon systemd-timesyncd[958]: Network configuration changed, trying to establish connection.
Aug 09 23:59:39 witherspoon inventory_items.py[1007]: Loading from cache: /var/cache/obmc/org.openbmc.inventory.system.chassis.motherboard.cpu0.core10@org.openbmc.InventoryItem.props
Aug 09 23:59:39 witherspoon systemd[1]: Started Phosphor Inventory Manager.
Aug 09 23:59:39 witherspoon inventory_items.py[1007]: Running Inventory Manager
Aug 09 23:59:40 witherspoon phosphor-mapper[1012]: ObjectMapper startup complete.  Discovery in progress...
Aug 09 23:59:40 witherspoon systemd[1]: Started Phosphor Network Manager.
Aug 09 23:59:40 witherspoon netman.py[1000]: Started
Aug 09 23:59:40 witherspoon avahi-daemon[1034]: ../../avahi-0.6.32/avahi-daemon/chroot.c: open() failed: No such file or directory
Aug 09 23:59:40 witherspoon avahi-daemon[996]: Failed to open /usr/share/dbus-1/interfaces/org.freedesktop.Avahi.Server.xml: Invalid argument
Aug 09 23:59:40 witherspoon avahi-daemon[996]: Failed to load introspection data.
Aug 09 23:59:41 witherspoon systemd[1]: Started Phosphor User Manager.
Aug 09 23:59:41 witherspoon obmc-phosphor-userd[997]: Started
Aug 09 23:59:49 witherspoon phosphor-mapper[1012]: ObjectMapper discovery complete
Aug 09 23:59:49 witherspoon systemd[1]: Started Phosphor DBus Service Discovery Manager.
Aug 09 23:59:49 witherspoon systemd[1]: Reached target Phosphor Object Mapper.
Aug 09 23:59:49 witherspoon systemd[1]: Starting Wait for /xyz/openbmc_project/control/host0/power_restore_policy...
Aug 09 23:59:49 witherspoon systemd[1]: Starting Wait for /xyz/openbmc_project/state/chassis0...
Aug 09 23:59:49 witherspoon systemd[1]: Starting Phoshpor System Manager...
Aug 09 23:59:49 witherspoon systemd[1]: Starting Phosphor Settings Manager...
Aug 09 23:59:49 witherspoon systemd[1]: Starting Wait for /org/openbmc/managers/Download...
Aug 09 23:59:49 witherspoon systemd[1]: Started Phosphor DBus Monitor.
Aug 09 23:59:49 witherspoon systemd[1]: Starting Wait for /org/openbmc/NetworkManager/Interface...
Aug 09 23:59:49 witherspoon systemd[1]: Starting Wait for /xyz/openbmc_project/control/host0/restriction_mode...
Aug 09 23:59:49 witherspoon systemd[1]: Starting Wait for /xyz/openbmc_project/control/host0/auto_reboot...
Aug 09 23:59:49 witherspoon systemd[1]: Starting Wait for /xyz/openbmc_project/control/host0...
Aug 09 23:59:49 witherspoon systemd[1]: Starting Wait for /xyz/openbmc_project/led/groups/bmc_booted...
Aug 09 23:59:49 witherspoon systemd[1]: Starting Wait for /org/openbmc/control/power0...
Aug 09 23:59:49 witherspoon systemd[1]: Starting Wait for /xyz/openbmc_project/control/host0/boot_source...
Aug 09 23:59:49 witherspoon systemd[1]: Starting Wait for /xyz/openbmc_project/led/groups...
Aug 09 23:59:49 witherspoon systemd[1]: Starting Wait for /org/openbmc/managers/System...
Aug 09 23:59:49 witherspoon systemd[1]: Starting Wait for /xyz/openbmc_project/time/owner...
Aug 09 23:59:49 witherspoon systemd[1]: Starting Wait for /org/openbmc/control/bmc0...
Aug 09 23:59:49 witherspoon systemd[1]: Starting Wait for /xyz/openbmc_project/time/sync_method...
Aug 09 23:59:49 witherspoon systemd[1]: Starting Wait for /xyz/openbmc_project/control/host0/boot_mode...
Aug 09 23:59:49 witherspoon systemd[1]: Starting Wait for /xyz/openbmc_project/state/host0...
Aug 09 23:59:49 witherspoon systemd[1]: Reached target Webserver (pre).
Aug 09 23:59:49 witherspoon systemd[1]: Started Phosphor Webserver.
Aug 09 23:59:49 witherspoon systemd[1]: Starting Wait for /xyz/openbmc_project/inventory...
Aug 09 23:59:49 witherspoon systemd[1]: Starting Wait for /org/openbmc/control/flash/bios...
Aug 09 23:59:51 witherspoon phosphor-network-manager[1075]: ConfigParser: Section not found
Aug 09 23:59:51 witherspoon phosphor-network-manager[1075]: The operation failed internally.
Aug 09 23:59:52 witherspoon phosphor-network-manager[1075]: ConfigParser: Section not found
Aug 09 23:59:52 witherspoon phosphor-network-manager[1075]: The operation failed internally.
Aug 09 23:59:52 witherspoon phosphor-network-manager[1075]: ConfigParser: Key not found
Aug 09 23:59:52 witherspoon phosphor-network-manager[1075]: The operation failed internally.
Aug 09 23:59:53 witherspoon systemd[1]: Starting Phosphor Network Manager...
Aug 09 23:59:53 witherspoon systemd[1]: Started Phosphor Hwmon Poller.
Aug 09 23:59:53 witherspoon systemd[1]: Started Phosphor Hwmon Poller.
Aug 09 23:59:53 witherspoon systemd[1]: Started Phosphor Hwmon Poller.
Aug 09 23:59:53 witherspoon systemd[1]: Started Phosphor Hwmon Poller.
Aug 09 23:59:53 witherspoon systemd[1]: Started Phosphor Hwmon Poller.
Aug 09 23:59:53 witherspoon systemd[1]: Started Phosphor Hwmon Poller.
Aug 09 23:59:53 witherspoon systemd[1]: Started Wait for /xyz/openbmc_project/control/host0/power_restore_policy.
Aug 09 23:59:53 witherspoon systemd[1]: Started Wait for /org/openbmc/managers/Download.
Aug 09 23:59:53 witherspoon systemd[1]: Started Wait for /org/openbmc/NetworkManager/Interface.
Aug 09 23:59:53 witherspoon systemd[1]: Started Wait for /xyz/openbmc_project/control/host0/restriction_mode.
Aug 09 23:59:53 witherspoon systemd[1]: Started Wait for /xyz/openbmc_project/control/host0/auto_reboot.
Aug 09 23:59:53 witherspoon systemd[1]: Started Wait for /xyz/openbmc_project/control/host0/boot_source.
Aug 09 23:59:53 witherspoon systemd[1]: Started Wait for /xyz/openbmc_project/led/groups.
Aug 09 23:59:53 witherspoon systemd[1]: Started Wait for /xyz/openbmc_project/time/owner.
Aug 09 23:59:53 witherspoon systemd[1]: Started Wait for /org/openbmc/control/bmc0.
Aug 09 23:59:53 witherspoon systemd[1]: Started Wait for /xyz/openbmc_project/time/sync_method.
Aug 09 23:59:53 witherspoon systemd[1]: Started Wait for /xyz/openbmc_project/control/host0/boot_mode.
Aug 09 23:59:53 witherspoon systemd[1]: Started Wait for /xyz/openbmc_project/inventory.
Aug 09 23:59:54 witherspoon phosphor-log-manager[992]: Failed to find metadata
Aug 09 23:59:55 witherspoon systemd[1]: Starting Read OpenPOWER-format VPD from EEPROM...
Aug 09 23:59:55 witherspoon systemd[1]: Starting OpenPOWER OCC controller...
Aug 09 23:59:55 witherspoon systemd[1]: Started Phosphor Cooling Type.
Aug 09 23:59:55 witherspoon systemd[1]: Started Phosphor GPIO 1 Presence.
Aug 09 23:59:55 witherspoon systemd[1]: Started Phosphor GPIO 0 Presence.
Aug 09 23:59:55 witherspoon systemd[1]: Started FRU Fault monitor service.
Aug 09 23:59:55 witherspoon systemd[1]: Started Phosphor DNS Settings Cache Manager.
Aug 09 23:59:55 witherspoon systemd[1]: Starting Phosphor BMC Code Update...
Aug 09 23:59:55 witherspoon systemd[1]: Starting Phosphor BIOS Code Update...
Aug 09 23:59:56 witherspoon dbus[1025]: [system] Activating via systemd: service name='org.freedesktop.hostname1' unit='dbus-org.freedesktop.hostname1.service'
Aug 09 23:59:57 witherspoon systemd[1]: Starting Hostname Service...
Aug 09 23:59:57 witherspoon phosphor-gpio-presence[1099]: Updating inventory present property
Aug 09 23:59:58 witherspoon phosphor-gpio-presence[1100]: Updating inventory present property
Aug 09 23:59:58 witherspoon systemd[1]: Started OpenPOWER OCC controller.
Aug 09 23:59:59 witherspoon systemd[1]: Started Hostname Service.
Aug 09 23:59:59 witherspoon dbus[1025]: [system] Successfully activated service 'org.freedesktop.hostname1'
Aug 09 23:59:59 witherspoon systemd[1]: Started Phosphor BIOS Code Update.
Aug 09 23:59:59 witherspoon systemd[1]: Started Phosphor Network Manager.
Aug 10 00:00:04 witherspoon systemd[1]: Started Wait for /xyz/openbmc_project/led/groups/bmc_booted.
Aug 10 00:00:07 witherspoon system_manager.py[1054]: Running System State: BASE_APPS
Aug 10 00:00:07 witherspoon system_manager.py[1054]: SystemManager Init Done
Aug 10 00:00:07 witherspoon system_manager.py[1054]: Running SystemManager
Aug 10 00:00:07 witherspoon systemd[1]: Started Phoshpor System Manager.
Aug 10 00:00:10 witherspoon bmc_update.py[1103]: Running Bmc Flash Control
Aug 10 00:00:10 witherspoon systemd[1]: Started Phosphor BMC Code Update.
Aug 10 00:00:11 witherspoon system_manager.py[1054]: SystemManager Goto System State: BMC_STARTING
Aug 10 00:00:11 witherspoon system_manager.py[1054]: Running System State: BMC_STARTING
Aug 10 00:00:11 witherspoon systemd[1]: Started Phosphor Settings Manager.
Aug 10 00:00:11 witherspoon systemd[1]: Starting Wait for /org/openbmc/settings/host0...
Aug 10 00:00:11 witherspoon settings_manager.py[1055]: Running HostSettingsService
Aug 10 00:00:12 witherspoon systemd[1]: Started Read OpenPOWER-format VPD from EEPROM.
Aug 10 00:00:19 witherspoon systemd[1]: Started Wait for /org/openbmc/control/flash/bios.
Aug 10 00:00:20 witherspoon systemd[1]: Started Initialize BIOS Flash.
Aug 10 00:00:20 witherspoon systemd[1]: Started Wait for /org/openbmc/managers/System.
Aug 10 00:00:20 witherspoon systemd[1]: Starting Phosphor Power0 Control...
Aug 10 00:00:20 witherspoon systemd[1]: Starting Phosphor Chassis State Manager...
Aug 10 00:00:20 witherspoon systemd[1]: Starting Phosphor BMC State Manager...
Aug 10 00:00:20 witherspoon systemd[1]: Starting Phosphor Host State Manager...
Aug 10 00:00:20 witherspoon systemd[1]: Starting Phosphor Power Button0...
Aug 10 00:00:20 witherspoon systemd[1]: Starting Phosphor Reset Button0...
Aug 10 00:00:20 witherspoon phosphor-chassis-state-manager[1118]: Initial Chassis State will be Off
Aug 10 00:00:20 witherspoon systemd[1]: Started Phosphor Chassis State Manager.
Aug 10 00:00:20 witherspoon phosphor-bmc-state-manager[1119]: Setting the BMCState field
Aug 10 00:00:20 witherspoon phosphor-bmc-state-manager[1119]: Setting the BMCState field
Aug 10 00:00:21 witherspoon systemd[1]: Started Phosphor BMC State Manager.
Aug 10 00:00:21 witherspoon system_manager.py[1054]: New object: /org/openbmc/control/power0 (:1.83)
Aug 10 00:00:22 witherspoon system_manager.py[1054]: Power GPIO config: ['SYS_PWROK_BUFF', '', [('SOFTWARE_PGOOD', True), ('BMC_POWER_UP', True)], [('BMC_CP0_RESET_N', False)], [], 'FSI_DATA', 'FSI_CLK', 'FSI_ENABLE', 'CRONUS_SEL', []]
Aug 10 00:00:22 witherspoon power_control.exe[1117]: Power GPIO latch output:
Aug 10 00:00:22 witherspoon power_control.exe[1117]: Power GPIO power good input: SYS_PWROK_BUFF
Aug 10 00:00:22 witherspoon power_control.exe[1117]: Power GPIO 2 power_up outputs
Aug 10 00:00:22 witherspoon power_control.exe[1117]: Power GPIO power_up[0] = SOFTWARE_PGOOD active HIGH
Aug 10 00:00:22 witherspoon power_control.exe[1117]: Power GPIO power_up[1] = BMC_POWER_UP active HIGH
Aug 10 00:00:22 witherspoon power_control.exe[1117]: Power GPIO 1 reset outputs
Aug 10 00:00:22 witherspoon power_control.exe[1117]: Power GPIO reset[0] = BMC_CP0_RESET_N active LOW
Aug 10 00:00:22 witherspoon power_control.exe[1117]: Power GPIO 0 pci reset outputs
Aug 10 00:00:22 witherspoon power_control.exe[1117]: FSI DATA GPIO: FSI_DATA
Aug 10 00:00:22 witherspoon power_control.exe[1117]: FSI CLK GPIO: FSI_CLK
Aug 10 00:00:22 witherspoon power_control.exe[1117]: FSI ENABLE GPIO: FSI_ENABLE
Aug 10 00:00:22 witherspoon power_control.exe[1117]: CRONUS SEL GPIO: CRONUS_SEL
Aug 10 00:00:22 witherspoon power_control.exe[1117]: Hostctl GPIO optionals: 0
Aug 10 00:00:22 witherspoon button_reset.exe[1122]: GPIO Lookup:  RESET_BUTTON = 353,both
Aug 10 00:00:22 witherspoon systemd[1]: Started Phosphor Power Button0.
Aug 10 00:00:22 witherspoon power_control.exe[1117]: GPIO Lookup:  SYS_PWROK_BUFF = 306,in
Aug 10 00:00:22 witherspoon power_control.exe[1117]: GPIO Lookup:  SOFTWARE_PGOOD = 417,out
Aug 10 00:00:22 witherspoon button_power.exe[1121]: GPIO Lookup:  POWER_BUTTON = 347,both
Aug 10 00:00:22 witherspoon systemd[1]: Started Phosphor Reset Button0.
Aug 10 00:00:22 witherspoon power_control.exe[1117]: GPIO Lookup:  BMC_POWER_UP = 305,out
Aug 10 00:00:22 witherspoon power_control.exe[1117]: GPIO Lookup:  BMC_CP0_RESET_N = 281,out
Aug 10 00:00:22 witherspoon power_control.exe[1117]: Pgood state: 0
Aug 10 00:00:23 witherspoon systemd[1]: Started Phosphor Power0 Control.
Aug 10 00:00:23 witherspoon phosphor-gevent[1072]: Traceback (most recent call last):
Aug 10 00:00:23 witherspoon phosphor-gevent[1072]:   File "/usr/lib/python2.7/site-packages/gevent/greenlet.py", line 327, in run
Aug 10 00:00:23 witherspoon phosphor-gevent[1072]:     result = self._run(*self.args, **self.kwargs)
Aug 10 00:00:23 witherspoon phosphor-gevent[1072]:   File "/usr/lib/python2.7/site-packages/gevent/server.py", line 102, in wrap_socket_and_handle
Aug 10 00:00:23 witherspoon phosphor-gevent[1072]:     ssl_socket = self.wrap_socket(client_socket, **self.ssl_args)
Aug 10 00:00:23 witherspoon phosphor-gevent[1072]:   File "/usr/lib/python2.7/site-packages/gevent/ssl.py", line 404, in wrap_socket
Aug 10 00:00:23 witherspoon phosphor-gevent[1072]:     ciphers=ciphers)
Aug 10 00:00:23 witherspoon phosphor-gevent[1072]:   File "/usr/lib/python2.7/site-packages/gevent/ssl.py", line 113, in __init__
Aug 10 00:00:23 witherspoon phosphor-gevent[1072]:     self.do_handshake()
Aug 10 00:00:23 witherspoon phosphor-gevent[1072]:   File "/usr/lib/python2.7/site-packages/gevent/ssl.py", line 324, in do_handshake
Aug 10 00:00:23 witherspoon phosphor-gevent[1072]:     return self._sslobj.do_handshake()
Aug 10 00:00:23 witherspoon phosphor-gevent[1072]: SSLEOFError: EOF occurred in violation of protocol (_ssl.c:590)
Aug 10 00:00:23 witherspoon phosphor-gevent[1072]: <Greenlet at 0x760543f0: <bound method WSGIServer.wrap_socket_and_handle of <WSGIServer at 0x7602ab50 fileno=5 address=('::34e2:f376:b0bd:6976%1986641312', 443, 0, 1986641312)>>(<socket at 0x75f01830 fileno=9>, ('::80c9:6776:8e91:f402%1995623196', 43598, 0, 199)> failed with SSLEOFError
Aug 10 00:00:23 witherspoon systemd[1]: Started Wait for /org/openbmc/settings/host0.
Aug 10 00:00:23 witherspoon systemd[1]: Started Phosphor Inband IPMI.
Aug 10 00:00:23 witherspoon phosphor-gevent[1072]: ::80c9:6776:8e91:f402%1995623196 - - [2017-08-10 00:00:23] "POST /login HTTP/1.1" 200 320 0.044541
Aug 10 00:00:24 witherspoon systemd[1]: Created slice system-dropbear.slice.
Aug 10 00:00:24 witherspoon systemd[1]: Started SSH Per-Connection Server (9.41.165.94:60448).
Aug 10 00:00:24 witherspoon dropbear[1152]: Failed loading /etc/dropbear/dropbear_dss_host_key
Aug 10 00:00:24 witherspoon dropbear[1152]: Failed loading /etc/dropbear/dropbear_ecdsa_host_key
Aug 10 00:00:24 witherspoon dropbear[1152]: Child connection from ::ffff:9.41.165.94:60448
Aug 10 00:00:25 witherspoon phosphor-host-state-manager[1120]: Initial Host State will be Off
Aug 10 00:00:25 witherspoon flash_bios.exe[1104]: Starting flasher: bios,,/org/openbmc/control/flash/bios,
Aug 10 00:00:25 witherspoon flash_bios.exe[1104]: flasher: , BMC = 1, address = 0x0
Aug 10 00:00:25 witherspoon flash_bios.exe[1104]: Setting up flash
Aug 10 00:00:26 witherspoon dropbear[1152]: PAM password auth succeeded for 'root' from ::ffff:9.41.165.94:60448
Aug 10 00:00:26 witherspoon flash_bios.exe[1104]: Starting flasher: bios,,/org/openbmc/control/flash/bios,
Aug 10 00:00:26 witherspoon flash_bios.exe[1104]: flasher: , BMC = 1, address = 0x0
Aug 10 00:00:26 witherspoon flash_bios.exe[1104]: Setting up flash
Aug 10 00:00:26 witherspoon dropbear[1157]: lastlog_perform_login: Couldn't stat /var/log/lastlog: No such file or directory
Aug 10 00:00:26 witherspoon dropbear[1157]: lastlog_openseek: /var/log/lastlog is not a file or directory!
Aug 10 00:00:27 witherspoon systemd[1]: Started Phosphor Host State Manager.
Aug 10 00:00:27 witherspoon systemd[1]: Started SSH Per-Connection Server (9.41.165.94:60450).
Aug 10 00:00:27 witherspoon dropbear[1161]: Failed loading /etc/dropbear/dropbear_dss_host_key
Aug 10 00:00:27 witherspoon dropbear[1161]: Failed loading /etc/dropbear/dropbear_ecdsa_host_key
Aug 10 00:00:27 witherspoon dropbear[1161]: Child connection from ::ffff:9.41.165.94:60450
Aug 10 00:00:28 witherspoon dropbear[1161]: PAM password auth succeeded for 'root' from ::ffff:9.41.165.94:60450
Aug 10 00:00:28 witherspoon dropbear[1162]: lastlog_perform_login: Couldn't stat /var/log/lastlog: No such file or directory
Aug 10 00:00:28 witherspoon dropbear[1162]: lastlog_openseek: /var/log/lastlog is not a file or directory!
Aug 10 00:00:30 witherspoon phosphor-gevent[1072]: ::80c9:6776:8e91:f402%1995623196 - - [2017-08-10 00:00:30] "POST /login HTTP/1.1" 200 320 0.330193
Aug 10 00:00:31 witherspoon phosphor-gevent[1072]: ::80c9:6776:8e91:f402%1995623196 - - [2017-08-10 00:00:31] "GET /xyz/openbmc_project/state/BMC0/ HTTP/1.1" 404 308 0.517667
Aug 10 00:00:31 witherspoon phosphor-gevent[1072]: ::80c9:6776:8e91:f402%1995623196 - - [2017-08-10 00:00:31] "POST /login HTTP/1.1" 200 320 0.084738
Aug 10 00:00:32 witherspoon system_manager.py[1054]: SystemManager Goto System State: BMC_READY
Aug 10 00:00:32 witherspoon system_manager.py[1054]: Running System State: BMC_READY
Aug 10 00:00:32 witherspoon systemd[1]: Started Wait for /xyz/openbmc_project/state/chassis0.
Aug 10 00:00:32 witherspoon systemd[1]: Started Wait for /org/openbmc/control/power0.
Aug 10 00:00:32 witherspoon systemd[1]: Starting Phosphor Time Manager daemon...
Aug 10 00:00:32 witherspoon systemd[1]: Starting Check Chassis0 pgood and create a file to indicate it...
Aug 10 00:00:32 witherspoon phosphor-gevent[1072]: ::80c9:6776:8e91:f402%1995623196 - - [2017-08-10 00:00:32] "GET /xyz/openbmc_project/state/bmc0//attr/CurrentBMCState HTTP/1.1" 200 215 1.226023
Aug 10 00:00:33 witherspoon timemanager[1169]: Registering dbus methods
Aug 10 00:00:34 witherspoon timemanager[1169]: Last known time_mode: NTP
Aug 10 00:00:34 witherspoon timemanager[1169]: Last known time_owner: BMC
Aug 10 00:00:34 witherspoon timemanager[1169]: Empty DhcpNtp string
Aug 10 00:00:34 witherspoon timemanager[1169]: Reading Power Control key: pgood
Aug 10 00:00:34 witherspoon systemd[1]: Started Check Chassis0 pgood and create a file to indicate it.
Aug 10 00:00:34 witherspoon systemd[1]: Reached target Chassis0 power on after reset.
Aug 10 00:00:34 witherspoon systemd[1]: Reached target Chassis0 (Reset Check).
Aug 10 00:00:34 witherspoon timemanager[1169]: Changing settings *allowed* now
Aug 10 00:00:34 witherspoon systemd[1]: Started Wait for /xyz/openbmc_project/control/host0.
Aug 10 00:00:34 witherspoon systemd[1]: Reached target Host0 running after reset.
Aug 10 00:00:34 witherspoon systemd[1]: Reached target Host0 (Reset Check).
Aug 10 00:00:34 witherspoon systemd[1]: Started Wait for /xyz/openbmc_project/state/host0.
Aug 10 00:00:34 witherspoon systemd[1]: Starting Reboot If Enabled...
Aug 10 00:00:35 witherspoon timemanager[1169]: Owner is already set to : BMC
Aug 10 00:00:35 witherspoon timemanager[1169]: Requested_Mode: NTP Current_Mode: NTP
Aug 10 00:00:35 witherspoon timemanager[1169]: Mode is already set to : NTP
Aug 10 00:00:35 witherspoon timemanager[1169]: Getting System Settings: use_dhcp_ntp
Aug 10 00:00:35 witherspoon timemanager[1169]: use_dhcp_ntp = yes
Aug 10 00:00:35 witherspoon timemanager[1169]: Last known host_offset:0
Aug 10 00:00:35 witherspoon timemanager[1169]: Initial Uptime Usec: 1502323125260122
Aug 10 00:00:35 witherspoon systemd[1]: Started Phosphor Time Manager daemon.
Aug 10 00:00:36 witherspoon phosphor-discover-system-state[1182]: Host power is off, checking power policy
Aug 10 00:00:36 witherspoon systemd[1]: Started Reboot If Enabled.
Aug 10 00:00:36 witherspoon systemd[1]: Reached target Phosphor System - Standby.
Aug 10 00:00:36 witherspoon systemd[1]: Starting Assert bmc_booted LED...
Aug 10 00:00:36 witherspoon phosphor-bmc-state-manager[1119]: BMC_READY
Aug 10 00:00:36 witherspoon phosphor-bmc-state-manager[1119]: Setting the BMCState field
Aug 10 00:00:36 witherspoon systemd[1]: Started Assert bmc_booted LED.
Aug 10 00:00:36 witherspoon systemd[1]: Startup finished in 13.738s (kernel) + 1min 37.575s (userspace) = 1min 51.314s.
Aug 10 00:00:43 witherspoon phosphor-gevent[1072]: ::80c9:6776:8e91:f402%1995623196 - - [2017-08-10 00:00:43] "POST /login HTTP/1.1" 200 320 0.066834
Aug 10 00:00:44 witherspoon phosphor-gevent[1072]: ::80c9:6776:8e91:f402%1995623196 - - [2017-08-10 00:00:44] "GET /xyz/openbmc_project/state/bmc0//attr/CurrentBMCState HTTP/1.1" 200 212 0.943668
Aug 10 00:00:44 witherspoon phosphor-gevent[1072]: ::80c9:6776:8e91:f402%1995623196 - - [2017-08-10 00:00:44] "POST /login HTTP/1.1" 200 320 0.047117
Aug 10 00:00:44 witherspoon phosphor-gevent[1072]: ::80c9:6776:8e91:f402%1995623196 - - [2017-08-10 00:00:44] "PUT /org/openbmc/control/flash/bmc/attr/preserve_network_settings HTTP/1.1" 200 169 0.312474
Aug 10 00:00:44 witherspoon phosphor-gevent[1072]: ::80c9:6776:8e91:f402%1995623196 - - [2017-08-10 00:00:44] "POST /login HTTP/1.1" 200 320 0.032489
Aug 10 00:00:44 witherspoon phosphor-gevent[1072]: ::80c9:6776:8e91:f402%1995623196 - - [2017-08-10 00:00:44] "GET /org/openbmc/control/flash/bmc HTTP/1.1" 200 380 0.088550
Aug 10 00:00:45 witherspoon systemd[1]: Started SSH Per-Connection Server (9.41.165.94:60462).
Aug 10 00:00:45 witherspoon dropbear[1192]: Failed loading /etc/dropbear/dropbear_dss_host_key
Aug 10 00:00:45 witherspoon dropbear[1192]: Failed loading /etc/dropbear/dropbear_ecdsa_host_key
Aug 10 00:00:45 witherspoon dropbear[1192]: Child connection from ::ffff:9.41.165.94:60462
Aug 10 00:00:45 witherspoon dropbear[1192]: PAM password auth succeeded for 'root' from ::ffff:9.41.165.94:60462
Aug 10 00:00:45 witherspoon systemd[1]: Started SSH Per-Connection Server (9.41.165.94:60464).
Aug 10 00:00:45 witherspoon dropbear[1193]: Failed loading /etc/dropbear/dropbear_dss_host_key
Aug 10 00:00:45 witherspoon dropbear[1193]: Failed loading /etc/dropbear/dropbear_ecdsa_host_key
Aug 10 00:00:45 witherspoon dropbear[1193]: Child connection from ::ffff:9.41.165.94:60464
Aug 10 00:00:46 witherspoon dropbear[1193]: PAM password auth succeeded for 'root' from ::ffff:9.41.165.94:60464
Aug 10 00:00:46 witherspoon dropbear[1194]: lastlog_perform_login: Couldn't stat /var/log/lastlog: No such file or directory
Aug 10 00:00:46 witherspoon dropbear[1194]: lastlog_openseek: /var/log/lastlog is not a file or directory!
Aug 10 00:01:53 witherspoon phosphor-gevent[1072]: ::80c9:6776:8e91:f402%1995623196 - - [2017-08-10 00:01:53] "POST /login HTTP/1.1" 200 320 0.033501
Aug 10 00:01:53 witherspoon bmc_update.py[1103]: Download complete. Updating...
Aug 10 00:01:56 witherspoon bmc_update.py[1103]: Preserving network settings
Aug 10 00:01:56 witherspoon bmc_update.py[1103]: update: --no-flash --no-save-files --no-restore-files --no-clean-saved-files
Aug 10 00:01:57 witherspoon bmc_update.py[1103]: ERROR: Image image-bmc too big for mtd0.
Aug 10 00:01:57 witherspoon phosphor-gevent[1072]: ::80c9:6776:8e91:f402%1995623196 - - [2017-08-10 00:01:57] "POST /org/openbmc/control/flash/bmc/action/update HTTP/1.1" 200 169 3.663122
Aug 10 00:01:57 witherspoon phosphor-gevent[1072]: ::80c9:6776:8e91:f402%1995623196 - - [2017-08-10 00:01:57] "POST /login HTTP/1.1" 200 320 0.032941
Aug 10 00:01:57 witherspoon phosphor-gevent[1072]: ::80c9:6776:8e91:f402%1995623196 - - [2017-08-10 00:01:57] "GET /org/openbmc/control/flash/bmc HTTP/1.1" 200 538 0.080259
Aug 10 00:01:57 witherspoon phosphor-gevent[1072]: ::80c9:6776:8e91:f402%1995623196 - - [2017-08-10 00:01:57] "POST /login HTTP/1.1" 200 320 0.033074
Aug 10 00:01:57 witherspoon phosphor-gevent[1072]: ::80c9:6776:8e91:f402%1995623196 - - [2017-08-10 00:01:57] "GET /xyz/openbmc_project/state/host0//attr/CurrentHostState HTTP/1.1" 200 212 0.048991
Aug 10 00:02:01 witherspoon systemd[1]: Started SSH Per-Connection Server (9.41.165.94:60472).
Aug 10 00:02:01 witherspoon dropbear[1229]: Failed loading /etc/dropbear/dropbear_dss_host_key
Aug 10 00:02:01 witherspoon dropbear[1229]: Failed loading /etc/dropbear/dropbear_ecdsa_host_key
Aug 10 00:02:01 witherspoon dropbear[1229]: Child connection from ::ffff:9.41.165.94:60472
Aug 10 00:02:01 witherspoon dropbear[1229]: PAM password auth succeeded for 'root' from ::ffff:9.41.165.94:60472
Aug 10 00:02:01 witherspoon dropbear[1230]: lastlog_perform_login: Couldn't stat /var/log/lastlog: No such file or directory
Aug 10 00:02:01 witherspoon dropbear[1230]: lastlog_openseek: /var/log/lastlog is not a file or directory!
Aug 10 00:02:04 witherspoon phosphor-gevent[1072]: ::80c9:6776:8e91:f402%1995623196 - - [2017-08-10 00:02:04] "POST /login HTTP/1.1" 200 320 0.032872
Aug 10 00:02:04 witherspoon phosphor-gevent[1072]: ::80c9:6776:8e91:f402%1995623196 - - [2017-08-10 00:02:04] "GET /xyz/openbmc_project/logging/entry/enumerate HTTP/1.1" 200 488 0.115453
Aug 10 00:02:04 witherspoon phosphor-gevent[1072]: ::80c9:6776:8e91:f402%1995623196 - - [2017-08-10 00:02:04] "POST /login HTTP/1.1" 200 320 0.054878
Aug 10 00:02:04 witherspoon phosphor-gevent[1072]: ::80c9:6776:8e91:f402%1995623196 - - [2017-08-10 00:02:04] "GET /org/openbmc/sensors/enumerate HTTP/1.1" 200 881 0.163561
Aug 10 00:02:04 witherspoon phosphor-gevent[1072]: ::80c9:6776:8e91:f402%1995623196 - - [2017-08-10 00:02:04] "POST /login HTTP/1.1" 200 320 0.033042
Aug 10 00:02:05 witherspoon phosphor-gevent[1072]: ::80c9:6776:8e91:f402%1995623196 - - [2017-08-10 00:02:05] "GET /xyz/openbmc_project/inventory/enumerate HTTP/1.1" 200 1078 0.181478
Aug 10 00:02:05 witherspoon phosphor-gevent[1072]: ::80c9:6776:8e91:f402%1995623196 - - [2017-08-10 00:02:05] "POST /login HTTP/1.1" 200 320 0.033084
Aug 10 00:02:05 witherspoon phosphor-gevent[1072]: ::80c9:6776:8e91:f402%1995623196 - - [2017-08-10 00:02:05] "GET /org/openbmc/records/events/enumerate HTTP/1.1" 404 304 0.041943
Aug 10 00:02:05 witherspoon phosphor-gevent[1072]: ::80c9:6776:8e91:f402%1995623196 - - [2017-08-10 00:02:05] "POST /login HTTP/1.1" 200 320 0.048703
Aug 10 00:02:05 witherspoon phosphor-gevent[1072]: ::80c9:6776:8e91:f402%1995623196 - - [2017-08-10 00:02:05] "GET /org/openbmc/control/led/enumerate HTTP/1.1" 404 301 0.039415
Aug 10 00:02:05 witherspoon systemd[1]: Started SSH Per-Connection Server (9.41.165.94:60484).
Aug 10 00:02:05 witherspoon dropbear[1242]: Failed loading /etc/dropbear/dropbear_dss_host_key
Aug 10 00:02:05 witherspoon dropbear[1242]: Failed loading /etc/dropbear/dropbear_ecdsa_host_key
Aug 10 00:02:05 witherspoon dropbear[1242]: Child connection from ::ffff:9.41.165.94:60484
Aug 10 00:02:06 witherspoon dropbear[1242]: PAM password auth succeeded for 'root' from ::ffff:9.41.165.94:60484
