-- Logs begin at Wed 2017-09-27 01:21:41 UTC, end at Wed 2017-09-27 01:40:43 UTC. --
Sep 27 01:21:41 witherspoon kernel: Booting Linux on physical CPU 0x0
Sep 27 01:21:41 witherspoon kernel: Linux version 4.10.17-00cd954c889746a65f9022088c5d83f9f43bfddc (jenkins@openbmc-builder1) (gcc version 6.2.0 (GCC) ) #1 Fri Sep 22 12:34:59 UTC 2017
Sep 27 01:21:41 witherspoon kernel: CPU: ARMv6-compatible processor [410fb767] revision 7 (ARMv7), cr=00c5387d
Sep 27 01:21:41 witherspoon kernel: CPU: PIPT / VIPT nonaliasing data cache, VIPT nonaliasing instruction cache
Sep 27 01:21:41 witherspoon kernel: OF: fdt:Machine model: Witherspoon BMC
Sep 27 01:21:41 witherspoon kernel: Memory policy: Data cache writeback
Sep 27 01:21:41 witherspoon kernel: SOC Rev: 04030303
Sep 27 01:21:41 witherspoon kernel: On node 0 totalpages: 110592
Sep 27 01:21:41 witherspoon kernel: free_area_init_node: node 0, pgdat 806038a4, node_mem_map 9ec1a000
Sep 27 01:21:41 witherspoon kernel:   Normal zone: 992 pages used for memmap
Sep 27 01:21:41 witherspoon kernel:   Normal zone: 0 pages reserved
Sep 27 01:21:41 witherspoon kernel:   Normal zone: 110592 pages, LIFO batch:31
Sep 27 01:21:41 witherspoon kernel: pcpu-alloc: s0 r0 d32768 u32768 alloc=1*32768
Sep 27 01:21:41 witherspoon kernel: pcpu-alloc: [0] 0 
Sep 27 01:21:41 witherspoon kernel: Built 1 zonelists in Zone order, mobility grouping on.  Total pages: 109600
Sep 27 01:21:41 witherspoon kernel: Kernel command line: console=ttyS4,115200n8 ubi.mtd=obmc-ubi,0,0,0 ubi.mtd=alt-obmc-ubi,0,0,4 ro rootfstype=squashfs ubi.block=4,0 root=/dev/ubiblock4_0
Sep 27 01:21:41 witherspoon kernel: PID hash table entries: 2048 (order: 1, 8192 bytes)
Sep 27 01:21:41 witherspoon kernel: Dentry cache hash table entries: 65536 (order: 6, 262144 bytes)
Sep 27 01:21:41 witherspoon kernel: Inode-cache hash table entries: 32768 (order: 5, 131072 bytes)
Sep 27 01:21:41 witherspoon kernel: Memory: 431960K/442368K available (4077K kernel code, 281K rwdata, 1196K rodata, 284K init, 111K bss, 10408K reserved, 0K cma-reserved)
Sep 27 01:21:41 witherspoon kernel: Virtual kernel memory layout:
                                        vector  : 0xffff0000 - 0xffff1000   (   4 kB)
                                        fixmap  : 0xffc00000 - 0xfff00000   (3072 kB)
                                        vmalloc : 0x9f800000 - 0xff800000   (1536 MB)
                                        lowmem  : 0x80000000 - 0x9f000000   ( 496 MB)
                                          .text : 0x80008000 - 0x80403740   (4078 kB)
                                          .init : 0x80589000 - 0x805d0000   ( 284 kB)
                                          .data : 0x805d0000 - 0x806167a8   ( 282 kB)
                                           .bss : 0x806167a8 - 0x80632678   ( 112 kB)
Sep 27 01:21:41 witherspoon kernel: NR_IRQS:16 nr_irqs:16 16
Sep 27 01:21:41 witherspoon kernel: i2c controller registered, irq 16
Sep 27 01:21:41 witherspoon kernel: clocksource: moxart_timer: mask: 0xffffffff max_cycles: 0xffffffff, max_idle_ns: 77222644334 ns
Sep 27 01:21:41 witherspoon kernel: sched_clock: 32 bits at 100 Hz, resolution 10000000ns, wraps every 21474836475000000ns
Sep 27 01:21:41 witherspoon kernel: Calibrating delay loop... 789.70 BogoMIPS (lpj=3948544)
Sep 27 01:21:41 witherspoon kernel: pid_max: default: 32768 minimum: 301
Sep 27 01:21:41 witherspoon kernel: Mount-cache hash table entries: 1024 (order: 0, 4096 bytes)
Sep 27 01:21:41 witherspoon kernel: Mountpoint-cache hash table entries: 1024 (order: 0, 4096 bytes)
Sep 27 01:21:41 witherspoon kernel: CPU: Testing write buffer coherency: ok
Sep 27 01:21:41 witherspoon kernel: ftrace: allocating 14991 entries in 44 pages
Sep 27 01:21:41 witherspoon kernel: Setting up static identity map for 0x80008200 - 0x8000825c
Sep 27 01:21:41 witherspoon kernel: devtmpfs: initialized
Sep 27 01:21:41 witherspoon kernel: clocksource: jiffies: mask: 0xffffffff max_cycles: 0xffffffff, max_idle_ns: 19112604462750000 ns
Sep 27 01:21:41 witherspoon kernel: futex hash table entries: 256 (order: -1, 3072 bytes)
Sep 27 01:21:41 witherspoon kernel: pinctrl core: initialized pinctrl subsystem
Sep 27 01:21:41 witherspoon kernel: NET: Registered protocol family 16
Sep 27 01:21:41 witherspoon kernel: DMA: preallocated 256 KiB pool for atomic coherent allocations
Sep 27 01:21:41 witherspoon kernel: usbcore: registered new interface driver usbfs
Sep 27 01:21:41 witherspoon kernel: usbcore: registered new interface driver hub
Sep 27 01:21:41 witherspoon kernel: usbcore: registered new device driver usb
Sep 27 01:21:41 witherspoon kernel: clocksource: Switched to clocksource moxart_timer
Sep 27 01:21:41 witherspoon kernel: NET: Registered protocol family 2
Sep 27 01:21:41 witherspoon kernel: TCP established hash table entries: 4096 (order: 2, 16384 bytes)
Sep 27 01:21:41 witherspoon kernel: TCP bind hash table entries: 4096 (order: 2, 16384 bytes)
Sep 27 01:21:41 witherspoon kernel: TCP: Hash tables configured (established 4096 bind 4096)
Sep 27 01:21:41 witherspoon kernel: UDP hash table entries: 256 (order: 0, 4096 bytes)
Sep 27 01:21:41 witherspoon kernel: UDP-Lite hash table entries: 256 (order: 0, 4096 bytes)
Sep 27 01:21:41 witherspoon kernel: NET: Registered protocol family 1
Sep 27 01:21:41 witherspoon kernel: workingset: timestamp_bits=30 max_order=17 bucket_order=0
Sep 27 01:21:41 witherspoon kernel: squashfs: version 4.0 (2009/01/31) Phillip Lougher
Sep 27 01:21:41 witherspoon kernel: jffs2: version 2.2. (SUMMARY)  © 2001-2006 Red Hat, Inc.
Sep 27 01:21:41 witherspoon kernel: Block layer SCSI generic (bsg) driver version 0.4 loaded (major 250)
Sep 27 01:21:41 witherspoon kernel: io scheduler noop registered
Sep 27 01:21:41 witherspoon kernel: io scheduler deadline registered
Sep 27 01:21:41 witherspoon kernel: io scheduler cfq registered (default)
Sep 27 01:21:41 witherspoon kernel: ipmi-bt-host 1e789140.ibt: Found bt bmc device
Sep 27 01:21:41 witherspoon kernel: ipmi-bt-host 1e789140.ibt: Using IRQ 22
Sep 27 01:21:41 witherspoon kernel: Serial: 8250/16550 driver, 6 ports, IRQ sharing enabled
Sep 27 01:21:41 witherspoon kernel: 1e787000.vuart: ttyS5 at MMIO 0x1e787000 (irq = 22, base_baud = 1500000) is a 16550A
Sep 27 01:21:41 witherspoon kernel: 1e783000.serial: ttyS0 at MMIO 0x1e783000 (irq = 23, base_baud = 1500000) is a 16550A
Sep 27 01:21:41 witherspoon kernel: 1e78d000.serial: ttyS1 at MMIO 0x1e78d000 (irq = 24, base_baud = 1500000) is a 16550A
Sep 27 01:21:41 witherspoon kernel: 1e784000.serial: ttyS4 at MMIO 0x1e784000 (irq = 25, base_baud = 1500000) is a 16550A
Sep 27 01:21:41 witherspoon kernel: console [ttyS4] enabled
Sep 27 01:21:41 witherspoon kernel: timeriomem_rng 1e6e2078.hwrng: 32bits from 0xf00e2078 @ 1us
Sep 27 01:21:41 witherspoon kernel: random: fast init done
Sep 27 01:21:41 witherspoon kernel: brd: module loaded
Sep 27 01:21:41 witherspoon kernel: loop: module loaded
Sep 27 01:21:41 witherspoon kernel: aspeed-lpc-ctrl 1e789080.lpc-ctrl: Loaded at 0x98000000 (0x04000000)
Sep 27 01:21:41 witherspoon kernel: aspeed-smc 1e620000.flash-controller: Using IRQ 18
Sep 27 01:21:41 witherspoon kernel: aspeed-smc 1e620000.flash-controller: DMA support disabled.
Sep 27 01:21:41 witherspoon kernel: aspeed-smc 1e620000.flash-controller: mx25l25635e (32768 Kbytes)
Sep 27 01:21:41 witherspoon kernel: aspeed-smc 1e620000.flash-controller: CE0 window [ 0x20000000 - 0x22000000 ] 32MB
Sep 27 01:21:41 witherspoon kernel: aspeed-smc 1e620000.flash-controller: CE1 window [ 0x22000000 - 0x2a000000 ] 128MB
Sep 27 01:21:41 witherspoon kernel: 3 ofpart partitions found on MTD device bmc
Sep 27 01:21:41 witherspoon kernel: Creating 3 MTD partitions on "bmc":
Sep 27 01:21:41 witherspoon kernel: 0x000000000000-0x000000060000 : "u-boot"
Sep 27 01:21:41 witherspoon kernel: 0x000000060000-0x000000080000 : "u-boot-env"
Sep 27 01:21:41 witherspoon kernel: 0x000000080000-0x000002000000 : "obmc-ubi"
Sep 27 01:21:41 witherspoon kernel: aspeed-smc 1e620000.flash-controller: mx25l25635e (32768 Kbytes)
Sep 27 01:21:41 witherspoon kernel: aspeed-smc 1e620000.flash-controller: CE1 window [ 0x22000000 - 0x24000000 ] 32MB
Sep 27 01:21:41 witherspoon kernel: aspeed-smc 1e620000.flash-controller: CE2 window [ 0x24000000 - 0x2c000000 ] 128MB
Sep 27 01:21:41 witherspoon kernel: 3 ofpart partitions found on MTD device alt-bmc
Sep 27 01:21:41 witherspoon kernel: Creating 3 MTD partitions on "alt-bmc":
Sep 27 01:21:41 witherspoon kernel: 0x000000000000-0x000000060000 : "alt-u-boot"
Sep 27 01:21:41 witherspoon kernel: 0x000000060000-0x000000080000 : "alt-u-boot-env"
Sep 27 01:21:41 witherspoon kernel: 0x000000080000-0x000002000000 : "alt-obmc-ubi"
Sep 27 01:21:41 witherspoon kernel: random: crng init done
Sep 27 01:21:41 witherspoon kernel: aspeed-smc 1e630000.flash-controller: mx66l1g45g (131072 Kbytes)
Sep 27 01:21:41 witherspoon kernel: aspeed-smc 1e630000.flash-controller: CE0 window resized to 120MB (AST2500 HW quirk)
Sep 27 01:21:41 witherspoon kernel: aspeed-smc 1e630000.flash-controller: CE0 window [ 0x30000000 - 0x37800000 ] 120MB
Sep 27 01:21:41 witherspoon kernel: aspeed-smc 1e630000.flash-controller: CE0 window too small for chip 128MB
Sep 27 01:21:41 witherspoon kernel: aspeed-smc 1e630000.flash-controller: CE1 window [ 0x37800000 - 0x38000000 ] 8MB
Sep 27 01:21:41 witherspoon kernel: libphy: Fixed MDIO Bus: probed
Sep 27 01:21:41 witherspoon kernel: ftgmac100 1e660000.ethernet: Read MAC address 70:e2:84:14:23:e1 from chip
Sep 27 01:21:41 witherspoon kernel: ftgmac100 1e660000.ethernet: Using NCSI interface
Sep 27 01:21:41 witherspoon kernel: ftgmac100 1e660000.ethernet eth0: irq 20, mapped at f0060000
Sep 27 01:21:41 witherspoon kernel: ehci_hcd: USB 2.0 'Enhanced' Host Controller (EHCI) Driver
Sep 27 01:21:41 witherspoon kernel: ehci-platform: EHCI generic platform driver
Sep 27 01:21:41 witherspoon kernel: i2c /dev entries driver
Sep 27 01:21:41 witherspoon kernel: aspeed-i2c-bus 1e78a0c0.i2c-bus: i2c bus 2 registered, irq 26
Sep 27 01:21:41 witherspoon kernel: aspeed-i2c-bus 1e78a100.i2c-bus: i2c bus 3 registered, irq 27
Sep 27 01:21:41 witherspoon kernel: aspeed-i2c-bus 1e78a140.i2c-bus: i2c bus 4 registered, irq 28
Sep 27 01:21:41 witherspoon kernel: aspeed-i2c-bus 1e78a180.i2c-bus: i2c bus 5 registered, irq 29
Sep 27 01:21:41 witherspoon kernel: aspeed-i2c-bus 1e78a380.i2c-bus: i2c bus 9 registered, irq 30
Sep 27 01:21:41 witherspoon kernel: aspeed-i2c-bus 1e78a3c0.i2c-bus: i2c bus 10 registered, irq 31
Sep 27 01:21:41 witherspoon kernel: rtc-rv8803 11-0032: Voltage low, temperature compensation stopped.
Sep 27 01:21:41 witherspoon kernel: rtc-rv8803 11-0032: An alarm maybe have been missed.
Sep 27 01:21:41 witherspoon kernel: rtc-rv8803 11-0032: rtc core: registered rx8900 as rtc0
Sep 27 01:21:41 witherspoon kernel: at24 11-0051: 8192 byte 24c64 EEPROM, writable, 1 bytes/write
Sep 27 01:21:41 witherspoon kernel: aspeed-i2c-bus 1e78a400.i2c-bus: i2c bus 11 registered, irq 32
Sep 27 01:21:41 witherspoon kernel: aspeed-i2c-bus 1e78a440.i2c-bus: i2c bus 12 registered, irq 33
Sep 27 01:21:41 witherspoon kernel: aspeed-i2c-bus 1e78a480.i2c-bus: i2c bus 13 registered, irq 34
Sep 27 01:21:41 witherspoon kernel: Driver for 1-wire Dallas network protocol.
Sep 27 01:21:41 witherspoon kernel: lm75 9-004a: hwmon0: sensor 'tmp275'
Sep 27 01:21:41 witherspoon kernel: ucd9000 11-0064: Device ID UCD90160|2.3.4.0000|110603
Sep 27 01:21:41 witherspoon kernel: leds-pca955x 3-0060: leds-pca955x: Using pca9552 16-bit LED driver at slave address 0x60
Sep 27 01:21:41 witherspoon kernel: leds-pca955x 3-0060: gpios 238...253
Sep 27 01:21:41 witherspoon kernel: leds-pca955x 11-0060: leds-pca955x: Using pca9552 16-bit LED driver at slave address 0x60
Sep 27 01:21:41 witherspoon kernel: leds-pca955x 11-0060: gpios 222...237
Sep 27 01:21:41 witherspoon kernel: usbcore: registered new interface driver usbhid
Sep 27 01:21:41 witherspoon kernel: usbhid: USB HID core driver
Sep 27 01:21:41 witherspoon kernel: NET: Registered protocol family 10
Sep 27 01:21:41 witherspoon kernel: Segment Routing with IPv6
Sep 27 01:21:41 witherspoon kernel: NET: Registered protocol family 17
Sep 27 01:21:41 witherspoon kernel: 8021q: 802.1Q VLAN Support v1.8
Sep 27 01:21:41 witherspoon kernel: input: gpio-keys-polled as /devices/platform/gpio-keys-polled/input/input1
Sep 27 01:21:41 witherspoon kernel: ubi0: default fastmap pool size: 25
Sep 27 01:21:41 witherspoon kernel: ubi0: default fastmap WL pool size: 12
Sep 27 01:21:41 witherspoon kernel: ubi0: attaching mtd3
Sep 27 01:21:41 witherspoon kernel: ubi0: scanning is finished
Sep 27 01:21:41 witherspoon kernel: ubi0: attached mtd3 (name "obmc-ubi", size 31 MiB)
Sep 27 01:21:41 witherspoon kernel: ubi0: PEB size: 65536 bytes (64 KiB), LEB size: 65408 bytes
Sep 27 01:21:41 witherspoon kernel: ubi0: min./max. I/O unit sizes: 1/256, sub-page size 1
Sep 27 01:21:41 witherspoon kernel: ubi0: VID header offset: 64 (aligned 64), data offset: 128
Sep 27 01:21:41 witherspoon kernel: ubi0: good PEBs: 504, bad PEBs: 0, corrupted PEBs: 0
Sep 27 01:21:41 witherspoon kernel: ubi0: user volume: 4, internal volumes: 1, max. volumes count: 128
Sep 27 01:21:41 witherspoon kernel: ubi0: max/mean erase counter: 28/23, WL threshold: 4096, image sequence number: 1358235831
Sep 27 01:21:41 witherspoon kernel: ubi0: available PEBs: 46, total reserved PEBs: 458, PEBs reserved for bad PEB handling: 0
Sep 27 01:21:41 witherspoon kernel: ubi0: background thread "ubi_bgt0d" started, PID 506
Sep 27 01:21:41 witherspoon kernel: ubi4: default fastmap pool size: 25
Sep 27 01:21:41 witherspoon kernel: ubi4: default fastmap WL pool size: 12
Sep 27 01:21:41 witherspoon kernel: ubi4: attaching mtd7
Sep 27 01:21:41 witherspoon kernel: ubi4: scanning is finished
Sep 27 01:21:41 witherspoon kernel: ubi4: attached mtd7 (name "alt-obmc-ubi", size 31 MiB)
Sep 27 01:21:41 witherspoon kernel: ubi4: PEB size: 65536 bytes (64 KiB), LEB size: 65408 bytes
Sep 27 01:21:41 witherspoon kernel: ubi4: min./max. I/O unit sizes: 1/256, sub-page size 1
Sep 27 01:21:41 witherspoon kernel: ubi4: VID header offset: 64 (aligned 64), data offset: 128
Sep 27 01:21:41 witherspoon kernel: ubi4: good PEBs: 504, bad PEBs: 0, corrupted PEBs: 0
Sep 27 01:21:41 witherspoon kernel: ubi4: user volume: 4, internal volumes: 1, max. volumes count: 128
Sep 27 01:21:41 witherspoon kernel: ubi4: max/mean erase counter: 23/17, WL threshold: 4096, image sequence number: 1358235831
Sep 27 01:21:41 witherspoon kernel: ubi4: available PEBs: 46, total reserved PEBs: 458, PEBs reserved for bad PEB handling: 0
Sep 27 01:21:41 witherspoon kernel: ubi4: background thread "ubi_bgt4d" started, PID 512
Sep 27 01:21:41 witherspoon kernel: block ubiblock4_0: created from ubi4:0(rofs-64f6c5de)
Sep 27 01:21:41 witherspoon kernel: console [netcon0] enabled
Sep 27 01:21:41 witherspoon kernel: netconsole: network logging started
Sep 27 01:21:41 witherspoon kernel: input: gpio-keys as /devices/platform/gpio-keys/input/input2
Sep 27 01:21:41 witherspoon kernel: rtc-rv8803 11-0032: setting system clock to 2017-09-27 01:21:35 UTC (1506475295)
Sep 27 01:21:41 witherspoon kernel: VFS: Mounted root (squashfs filesystem) readonly on device 254:0.
Sep 27 01:21:41 witherspoon kernel: devtmpfs: mounted
Sep 27 01:21:41 witherspoon kernel: Freeing unused kernel memory: 284K
Sep 27 01:21:41 witherspoon kernel: This architecture does not have kernel memory protection.
Sep 27 01:21:41 witherspoon systemd[1]: Failed to insert module 'autofs4': No such file or directory
Sep 27 01:21:41 witherspoon systemd[1]: systemd 232 running in system mode. (+PAM -AUDIT -SELINUX -IMA -APPARMOR -SMACK +SYSVINIT -UTMP -LIBCRYPTSETUP -GCRYPT -GNUTLS +ACL +XZ -LZ4 -SECCOMP +BLKID -ELFUTILS +KMOD -IDN)
Sep 27 01:21:41 witherspoon systemd[1]: Detected architecture arm.
Sep 27 01:21:41 witherspoon systemd[1]: Set hostname to <witherspoon>.
Sep 27 01:21:41 witherspoon systemd[1]: Initializing machine ID from random generator.
Sep 27 01:21:41 witherspoon systemd[1]: Installed transient /etc/machine-id file.
Sep 27 01:21:41 witherspoon systemd[1]: Listening on Journal Socket.
Sep 27 01:21:41 witherspoon systemd[1]: Reached target Remote File Systems.
Sep 27 01:21:41 witherspoon systemd[1]: Listening on Network Service Netlink Socket.
Sep 27 01:21:41 witherspoon systemd[1]: Listening on udev Kernel Socket.
Sep 27 01:21:41 witherspoon systemd[1]: Reached target Swap.
Sep 27 01:21:41 witherspoon systemd-journald[528]: Journal started
Sep 27 01:21:41 witherspoon systemd-journald[528]: Runtime journal (/run/log/journal/38658f068b8b45c58d4a2236d00db081) is 0B, max 0B, 0B free.
Sep 27 01:21:41 witherspoon systemd-sysctl[532]: Couldn't write '16' to 'kernel/sysrq', ignoring: No such file or directory
Sep 27 01:21:41 witherspoon systemd-sysctl[532]: Couldn't write 'fq_codel' to 'net/core/default_qdisc', ignoring: No such file or directory
Sep 27 01:21:42 witherspoon systemd[1]: Started Apply Kernel Variables.
Sep 27 01:21:42 witherspoon systemd[1]: Started Remount Root and Kernel File Systems.
Sep 27 01:21:42 witherspoon systemd[1]: Starting Create Static Device Nodes in /dev...
Sep 27 01:21:42 witherspoon systemd[1]: Started Create Static Device Nodes in /dev.
Sep 27 01:21:43 witherspoon systemd[1]: Starting udev Kernel Device Manager...
Sep 27 01:21:43 witherspoon systemd[1]: Reached target Local File Systems (Pre).
Sep 27 01:21:43 witherspoon systemd[1]: Mounting /media...
Sep 27 01:21:43 witherspoon systemd[1]: Mounting /usr/local...
Sep 27 01:21:43 witherspoon systemd[1]: var.mount: Directory /var to mount over is not empty, mounting anyway.
Sep 27 01:21:43 witherspoon systemd[1]: Mounting /var...
Sep 27 01:21:43 witherspoon systemd[1]: Mounted /usr/local.
Sep 27 01:21:43 witherspoon systemd[1]: Mounted /media.
Sep 27 01:21:43 witherspoon kernel: UBIFS (ubi0:2): UBIFS: mounted UBI device 0, volume 2, name "rwfs"
Sep 27 01:21:43 witherspoon kernel: UBIFS (ubi0:2): LEB size: 65408 bytes (63 KiB), min./max. I/O unit sizes: 8 bytes/256 bytes
Sep 27 01:21:43 witherspoon kernel: UBIFS (ubi0:2): FS size: 3597440 bytes (3 MiB, 55 LEBs), journal size 719488 bytes (0 MiB, 11 LEBs)
Sep 27 01:21:43 witherspoon kernel: UBIFS (ubi0:2): reserved for root: 0 bytes (0 KiB)
Sep 27 01:21:43 witherspoon kernel: UBIFS (ubi0:2): media format: w4/r0 (latest is w5/r0), UUID F6AF7850-1C6E-4E2A-94BB-A56899CAF080, small LPT model
Sep 27 01:21:43 witherspoon systemd[1]: Mounted /var.
Sep 27 01:21:43 witherspoon systemd[1]: Mounting /var/volatile...
Sep 27 01:21:43 witherspoon systemd[1]: Starting Prepare for overlay fs...
Sep 27 01:21:43 witherspoon kernel: UBIFS (ubi0:2): background thread "ubifs_bgt0_2" started, PID 766
Sep 27 01:21:43 witherspoon systemd[1]: Starting Flush Journal to Persistent Storage...
Sep 27 01:21:43 witherspoon systemd[1]: Mounted /var/volatile.
Sep 27 01:21:44 witherspoon systemd[1]: Starting Load/Save Random Seed...
Sep 27 01:21:44 witherspoon systemd-journald[528]: Runtime journal (/run/log/journal/38658f068b8b45c58d4a2236d00db081) is 0B, max 0B, 0B free.
Sep 27 01:21:44 witherspoon systemd[1]: Started Flush Journal to Persistent Storage.
Sep 27 01:21:44 witherspoon systemd[1]: Started Load/Save Random Seed.
Sep 27 01:21:44 witherspoon systemd[1]: Started udev Coldplug all Devices.
Sep 27 01:21:45 witherspoon systemd[1]: Started udev Kernel Device Manager.
Sep 27 01:21:46 witherspoon systemd[1]: Found device /dev/aspeed-lpc-ctrl.
Sep 27 01:21:46 witherspoon systemd[1]: Found device /dev/aspeed-mbox.
Sep 27 01:21:46 witherspoon systemd[1]: Found device /dev/ttyS4.
Sep 27 01:21:46 witherspoon systemd[1]: Found device /dev/ttyVUART0.
Sep 27 01:21:46 witherspoon systemd[1]: dev-hugepages.mount: Couldn't determine result for ConditionVirtualization=!private-users, assuming failed: No such file or directory
Sep 27 01:21:46 witherspoon systemd[1]: Created slice system-xyz.openbmc_project.Hwmon.slice.
Sep 27 01:21:47 witherspoon systemd[1]: Started Prepare for overlay fs.
Sep 27 01:21:48 witherspoon systemd[1]: Created slice system-xyz.openbmc_project.led.controller.slice.
Sep 27 01:21:48 witherspoon systemd[1]: Starting Prepare for overlay fs...
Sep 27 01:21:48 witherspoon systemd[1]: dev-hugepages.mount: Couldn't determine result for ConditionVirtualization=!private-users, assuming failed: No such file or directory
Sep 27 01:21:48 witherspoon systemd[1]: Started Prepare for overlay fs.
Sep 27 01:21:48 witherspoon systemd[1]: home.mount: Directory /home to mount over is not empty, mounting anyway.
Sep 27 01:21:48 witherspoon systemd[1]: Mounting /home...
Sep 27 01:21:48 witherspoon systemd[1]: etc.mount: Directory /etc to mount over is not empty, mounting anyway.
Sep 27 01:21:48 witherspoon systemd[1]: Mounting /etc...
Sep 27 01:21:48 witherspoon systemd[1]: Mounted /home.
Sep 27 01:21:48 witherspoon systemd[1]: Mounted /etc.
Sep 27 01:21:48 witherspoon systemd[1]: Reached target Local File Systems.
Sep 27 01:21:48 witherspoon systemd[1]: Starting Create Volatile Files and Directories...
Sep 27 01:21:48 witherspoon systemd[1]: Started Create Volatile Files and Directories.
Sep 27 01:21:48 witherspoon systemd[1]: Starting Network Time Synchronization...
Sep 27 01:21:49 witherspoon systemd[1]: Started Network Time Synchronization.
Sep 27 01:21:49 witherspoon systemd[1]: Reached target System Initialization.
Sep 27 01:21:49 witherspoon systemd[1]: Listening on Phosphor DBUS Browser socket.
Sep 27 01:21:49 witherspoon systemd[1]: Listening on Phosphor Webserver socket.
Sep 27 01:21:49 witherspoon systemd[1]: Listening on phosphor-ipmi-net.socket.
Sep 27 01:21:49 witherspoon systemd[1]: Listening on Phosphor Host Console SSH Per-Connection socket.
Sep 27 01:21:49 witherspoon systemd[1]: Listening on Avahi mDNS/DNS-SD Stack Activation Socket.
Sep 27 01:21:49 witherspoon systemd[1]: Listening on dropbear.socket.
Sep 27 01:21:49 witherspoon systemd[1]: Listening on D-Bus System Message Bus Socket.
Sep 27 01:21:49 witherspoon systemd[1]: Reached target Sockets.
Sep 27 01:21:49 witherspoon systemd[1]: Reached target Basic System.
Sep 27 01:21:49 witherspoon systemd[1]: Started Phosphor sysfs LED controller.
Sep 27 01:21:49 witherspoon systemd[1]: Started Phosphor sysfs LED controller.
Sep 27 01:21:49 witherspoon systemd[1]: Started Hardware RNG Entropy Gatherer Daemon.
Sep 27 01:21:49 witherspoon systemd[1]: Started Phosphor Dump core monitor..
Sep 27 01:21:49 witherspoon systemd[1]: Started Phosphor sysfs LED controller.
Sep 27 01:21:50 witherspoon systemd[1]: Started System Logging Service.
Sep 27 01:21:50 witherspoon systemd[1]: Started Phosphor sysfs LED controller.
Sep 27 01:21:50 witherspoon systemd[1]: Starting Remount the ubi volume after a reboot...
Sep 27 01:21:50 witherspoon systemd[1]: Started Phosphor sysfs LED controller.
Sep 27 01:21:50 witherspoon systemd[1]: Started Phosphor sysfs LED controller.
Sep 27 01:21:50 witherspoon systemd[1]: Starting Updates symlinks for active PNOR version...
Sep 27 01:21:50 witherspoon systemd[1]: Starting Remount the squashfs and ubi volumes after a reboot...
Sep 27 01:21:50 witherspoon systemd[1]: Started Phosphor Console Muxer listening on device /dev/ttyVUART0.
Sep 27 01:21:50 witherspoon systemd[1]: Starting Phosphor Network Manager...
Sep 27 01:21:50 witherspoon systemd[1]: Reached target Containers.
Sep 27 01:21:50 witherspoon systemd[1]: Starting Clear one time boot overrides...
Sep 27 01:21:50 witherspoon systemd[1]: Starting Phosphor Sensor Manager...
Sep 27 01:21:50 witherspoon systemd[1]: Started Phosphor sysfs LED controller.
Sep 27 01:21:50 witherspoon systemd[1]: Starting Check PNOR UBI format...
Sep 27 01:21:50 witherspoon systemd[1]: Started Phosphor sysfs LED controller.
Sep 27 01:21:50 witherspoon systemd[1]: Started Kernel Logging Service.
Sep 27 01:21:50 witherspoon systemd[1]: Started Phosphor sysfs LED controller.
Sep 27 01:21:50 witherspoon systemd[1]: Starting Avahi mDNS/DNS-SD Stack...
Sep 27 01:21:50 witherspoon systemd[1]: Starting Phosphor Settings Daemon...
Sep 27 01:21:50 witherspoon systemd[1]: Starting Phosphor DBus Service Discovery Manager...
Sep 27 01:21:51 witherspoon systemd[1]: Starting Phosphor Log Manager...
Sep 27 01:21:51 witherspoon systemd[1]: Starting Phosphor IPMI BT DBus Bridge...
Sep 27 01:21:51 witherspoon obmc-flash-bmc[960]: /usr/sbin/obmc-flash-bmc: line 360: syntax error near unexpected token `)'
Sep 27 01:21:51 witherspoon obmc-flash-bmc[960]: /usr/sbin/obmc-flash-bmc: line 360: `  rebootguardenable)'
Sep 27 01:21:51 witherspoon systemd[1]: Starting Phosphor BMC0 Control...
Sep 27 01:21:51 witherspoon systemd[1]: Starting Phosphor Download Manager...
Sep 27 01:21:51 witherspoon systemd[1]: Starting Phosphor Inventory Manager...
Sep 27 01:21:51 witherspoon systemd[1]: Starting Phosphor User Manager...
Sep 27 01:21:51 witherspoon systemd[1]: Started D-Bus System Message Bus.
Sep 27 01:21:51 witherspoon obmc-flash-bios[963]: ls: /media/pnor-ro-*: No such file or directory
Sep 27 01:21:54 witherspoon kernel: ubi8: default fastmap pool size: 100
Sep 27 01:21:54 witherspoon kernel: ubi8: default fastmap WL pool size: 50
Sep 27 01:21:54 witherspoon kernel: ubi8: attaching mtd8
Sep 27 01:21:55 witherspoon obmc-flash-bios[964]: UBI device number 8, total 2048 LEBs (133955584 bytes, 127.8 MiB), available 468 LEBs (30610944 bytes, 29.2 MiB), LEB size 65408 bytes (63.9 KiB)
Sep 27 01:21:55 witherspoon kernel: ubi8: scanning is finished
Sep 27 01:21:55 witherspoon kernel: ubi8: attached mtd8 (name "pnor", size 128 MiB)
Sep 27 01:21:55 witherspoon kernel: ubi8: PEB size: 65536 bytes (64 KiB), LEB size: 65408 bytes
Sep 27 01:21:55 witherspoon kernel: ubi8: min./max. I/O unit sizes: 1/256, sub-page size 1
Sep 27 01:21:55 witherspoon kernel: ubi8: VID header offset: 64 (aligned 64), data offset: 128
Sep 27 01:21:55 witherspoon kernel: ubi8: good PEBs: 2048, bad PEBs: 0, corrupted PEBs: 0
Sep 27 01:21:55 witherspoon kernel: ubi8: user volume: 6, internal volumes: 1, max. volumes count: 128
Sep 27 01:21:55 witherspoon kernel: ubi8: max/mean erase counter: 42/29, WL threshold: 4096, image sequence number: 91395301
Sep 27 01:21:55 witherspoon kernel: ubi8: available PEBs: 468, total reserved PEBs: 1580, PEBs reserved for bad PEB handling: 0
Sep 27 01:21:55 witherspoon kernel: ubi8: background thread "ubi_bgt8d" started, PID 1015
Sep 27 01:21:58 witherspoon avahi-daemon[974]: Found user 'avahi' (UID 999) and group 'avahi' (GID 999).
Sep 27 01:21:58 witherspoon avahi-daemon[974]: Successfully dropped root privileges.
Sep 27 01:21:58 witherspoon avahi-daemon[974]: avahi-daemon 0.6.32 starting up.
Sep 27 01:21:58 witherspoon kernel[972]: klogd started: BusyBox v1.24.1 (2017-06-16 19:29:08 UTC)
Sep 27 01:21:58 witherspoon kernel[972]: [    0.000000] CPU: ARMv6-compatible processor [410fb767] revision 7 (ARMv7), cr=00c5387d
Sep 27 01:21:58 witherspoon kernel[972]: [    0.000000] CPU: PIPT / VIPT nonaliasing data cache, VIPT nonaliasing instruction cache
Sep 27 01:21:58 witherspoon kernel[972]: [    0.000000] OF: fdt:Machine model: Witherspoon BMC
Sep 27 01:21:58 witherspoon kernel[972]: [    0.000000] Memory policy: Data cache writeback
Sep 27 01:21:58 witherspoon kernel[972]: [    0.000000] SOC Rev: 04030303
Sep 27 01:21:58 witherspoon kernel[972]: [    0.000000] On node 0 totalpages: 110592
Sep 27 01:21:58 witherspoon kernel[972]: [    0.000000] free_area_init_node: node 0, pgdat 806038a4, node_mem_map 9ec1a000
Sep 27 01:21:58 witherspoon kernel[972]: [    0.000000]   Normal zone: 992 pages used for memmap
Sep 27 01:21:58 witherspoon kernel[972]: [    0.000000]   Normal zone: 0 pages reserved
Sep 27 01:21:58 witherspoon kernel[972]: [    0.000000]   Normal zone: 110592 pages, LIFO batch:31
Sep 27 01:21:58 witherspoon kernel[972]: [    0.000000] pcpu-alloc: s0 r0 d32768 u32768 alloc=1*32768
Sep 27 01:21:58 witherspoon kernel[972]: [    0.000000] pcpu-alloc: [0] 0
Sep 27 01:21:58 witherspoon kernel[972]: [    0.000000] Built 1 zonelists in Zone order, mobility grouping on.  Total pages: 109600
Sep 27 01:21:58 witherspoon kernel[972]: [    0.000000] Kernel command line: console=ttyS4,115200n8 ubi.mtd=obmc-ubi,0,0,0 ubi.mtd=alt-obmc-ubi,0,0,4 ro rootfstype=squashfs ubi.block=4,0 root=/dev/ubiblock4_0
Sep 27 01:21:58 witherspoon kernel[972]: [    0.000000] PID hash table entries: 2048 (order: 1, 8192 bytes)
Sep 27 01:21:58 witherspoon kernel[972]: [    0.000000] Dentry cache hash table entries: 65536 (order: 6, 262144 bytes)
Sep 27 01:21:58 witherspoon kernel[972]: [    0.000000] Inode-cache hash table entries: 32768 (order: 5, 131072 bytes)
Sep 27 01:21:58 witherspoon kernel[972]: [    0.000000] Memory: 431960K/442368K available (4077K kernel code, 281K rwdata, 1196K rodata, 284K init, 111K bss, 10408K reserved, 0K cma-reserved)
Sep 27 01:21:58 witherspoon kernel[972]: [    0.000000] Virtual kernel memory layout:
Sep 27 01:21:58 witherspoon kernel[972]: [    0.000000]     vector  : 0xffff0000 - 0xffff1000   (   4 kB)
Sep 27 01:21:58 witherspoon kernel[972]: [    0.000000]     fixmap  : 0xffc00000 - 0xfff00000   (3072 kB)
Sep 27 01:21:58 witherspoon kernel[972]: [    0.000000]     vmalloc : 0x9f800000 - 0xff800000   (1536 MB)
Sep 27 01:21:58 witherspoon kernel[972]: [    0.000000]     lowmem  : 0x80000000 - 0x9f000000   ( 496 MB)
Sep 27 01:21:58 witherspoon kernel[972]: [    0.000000]       .text : 0x80008000 - 0x80403740   (4078 kB)
Sep 27 01:21:58 witherspoon kernel[972]: [    0.000000]       .init : 0x80589000 - 0x805d0000   ( 284 kB)
Sep 27 01:21:58 witherspoon kernel[972]: [    0.000000]       .data : 0x805d0000 - 0x806167a8   ( 282 kB)
Sep 27 01:21:58 witherspoon kernel[972]: [    0.000000]        .bss : 0x806167a8 - 0x80632678   ( 112 kB)
Sep 27 01:21:58 witherspoon kernel[972]: [    0.000000] NR_IRQS:16 nr_irqs:16 16
Sep 27 01:21:58 witherspoon kernel[972]: [    0.000000] i2c controller registered, irq 16
Sep 27 01:21:58 witherspoon kernel[972]: [    0.000000] clocksource: moxart_timer: mask: 0xffffffff max_cycles: 0xffffffff, max_idle_ns: 77222644334 ns
Sep 27 01:21:58 witherspoon kernel[972]: [    0.000000] sched_clock: 32 bits at 100 Hz, resolution 10000000ns, wraps every 21474836475000000ns
Sep 27 01:21:58 witherspoon kernel[972]: [    0.090000] Calibrating delay loop... 789.70 BogoMIPS (lpj=3948544)
Sep 27 01:21:58 witherspoon kernel[972]: [    0.090000] pid_max: default: 32768 minimum: 301
Sep 27 01:21:58 witherspoon kernel[972]: [    0.090000] Mount-cache hash table entries: 1024 (order: 0, 4096 bytes)
Sep 27 01:21:58 witherspoon kernel[972]: [    0.090000] Mountpoint-cache hash table entries: 1024 (order: 0, 4096 bytes)
Sep 27 01:21:58 witherspoon kernel[972]: [    0.090000] CPU: Testing write buffer coherency: ok
Sep 27 01:21:58 witherspoon kernel[972]: [    0.090000] ftrace: allocating 14991 entries in 44 pages
Sep 27 01:21:58 witherspoon kernel[972]: [    0.120000] Setting up static identity map for 0x80008200 - 0x8000825c
Sep 27 01:21:58 witherspoon kernel[972]: [    0.130000] devtmpfs: initialized
Sep 27 01:21:58 witherspoon kernel[972]: [    0.140000] clocksource: jiffies: mask: 0xffffffff max_cycles: 0xffffffff, max_idle_ns: 19112604462750000 ns
Sep 27 01:21:58 witherspoon kernel[972]: [    0.140000] futex hash table entries: 256 (order: -1, 3072 bytes)
Sep 27 01:21:58 witherspoon kernel[972]: [    0.140000] pinctrl core: initialized pinctrl subsystem
Sep 27 01:21:58 witherspoon kernel[972]: [    0.140000] NET: Registered protocol family 16
Sep 27 01:21:58 witherspoon kernel[972]: [    0.140000] DMA: preallocated 256 KiB pool for atomic coherent allocations
Sep 27 01:21:58 witherspoon kernel[972]: [    0.210000] usbcore: registered new interface driver usbfs
Sep 27 01:21:58 witherspoon kernel[972]: [    0.210000] usbcore: registered new interface driver hub
Sep 27 01:21:58 witherspoon kernel[972]: [    0.210000] usbcore: registered new device driver usb
Sep 27 01:21:58 witherspoon kernel[972]: [    0.220000] clocksource: Switched to clocksource moxart_timer
Sep 27 01:21:58 witherspoon kernel[972]: [    0.240000] NET: Registered protocol family 2
Sep 27 01:21:58 witherspoon kernel[972]: [    0.240000] TCP established hash table entries: 4096 (order: 2, 16384 bytes)
Sep 27 01:21:58 witherspoon kernel[972]: [    0.240000] TCP bind hash table entries: 4096 (order: 2, 16384 bytes)
Sep 27 01:21:58 witherspoon kernel[972]: [    0.240000] TCP: Hash tables configured (established 4096 bind 4096)
Sep 27 01:21:58 witherspoon kernel[972]: [    0.240000] UDP hash table entries: 256 (order: 0, 4096 bytes)
Sep 27 01:21:58 witherspoon kernel[972]: [    0.240000] UDP-Lite hash table entries: 256 (order: 0, 4096 bytes)
Sep 27 01:21:58 witherspoon kernel[972]: [    0.240000] NET: Registered protocol family 1
Sep 27 01:21:58 witherspoon kernel[972]: [    0.240000] workingset: timestamp_bits=30 max_order=17 bucket_order=0
Sep 27 01:21:58 witherspoon kernel[972]: [    0.240000] squashfs: version 4.0 (2009/01/31) Phillip Lougher
Sep 27 01:21:58 witherspoon kernel[972]: [    0.240000] jffs2: version 2.2. (SUMMARY)  © 2001-2006 Red Hat, Inc.
Sep 27 01:21:58 witherspoon kernel[972]: [    0.240000] Block layer SCSI generic (bsg) driver version 0.4 loaded (major 250)
Sep 27 01:21:58 witherspoon kernel[972]: [    0.240000] io scheduler noop registered
Sep 27 01:21:58 witherspoon kernel[972]: [    0.240000] io scheduler deadline registered
Sep 27 01:21:58 witherspoon kernel[972]: [    0.240000] io scheduler cfq registered (default)
Sep 27 01:21:58 witherspoon kernel[972]: [    0.260000] ipmi-bt-host 1e789140.ibt: Found bt bmc device
Sep 27 01:21:58 witherspoon kernel[972]: [    0.260000] ipmi-bt-host 1e789140.ibt: Using IRQ 22
Sep 27 01:21:58 witherspoon kernel[972]: [    0.260000] Serial: 8250/16550 driver, 6 ports, IRQ sharing enabled
Sep 27 01:21:58 witherspoon kernel[972]: [    0.290000] 1e787000.vuart: ttyS5 at MMIO 0x1e787000 (irq = 22, base_baud = 1500000) is a 16550A
Sep 27 01:21:58 witherspoon kernel[972]: [    0.290000] 1e783000.serial: ttyS0 at MMIO 0x1e783000 (irq = 23, base_baud = 1500000) is a 16550A
Sep 27 01:21:58 witherspoon kernel[972]: [    0.290000] 1e78d000.serial: ttyS1 at MMIO 0x1e78d000 (irq = 24, base_baud = 1500000) is a 16550A
Sep 27 01:21:58 witherspoon kernel[972]: [    0.290000] 1e784000.serial: ttyS4 at MMIO 0x1e784000 (irq = 25, base_baud = 1500000) is a 16550A
Sep 27 01:21:58 witherspoon kernel[972]: [    0.640000] console [ttyS4] enabled
Sep 27 01:21:58 witherspoon kernel[972]: [    0.780000] timeriomem_rng 1e6e2078.hwrng: 32bits from 0xf00e2078 @ 1us
Sep 27 01:21:58 witherspoon kernel[972]: [    0.800000] random: fast init done
Sep 27 01:21:58 witherspoon kernel[972]: [    0.840000] brd: module loaded
Sep 27 01:21:58 witherspoon kernel[972]: [    0.860000] loop: module loaded
Sep 27 01:21:58 witherspoon kernel[972]: [    0.870000] aspeed-lpc-ctrl 1e789080.lpc-ctrl: Loaded at 0x98000000 (0x04000000)
Sep 27 01:21:58 witherspoon kernel[972]: [    0.880000] aspeed-smc 1e620000.flash-controller: Using IRQ 18
Sep 27 01:21:58 witherspoon kernel[972]: [    0.880000] aspeed-smc 1e620000.flash-controller: DMA support disabled.
Sep 27 01:21:58 witherspoon kernel[972]: [    0.880000] aspeed-smc 1e620000.flash-controller: mx25l25635e (32768 Kbytes)
Sep 27 01:21:58 witherspoon kernel[972]: [    0.900000] aspeed-smc 1e620000.flash-controller: CE0 window [ 0x20000000 - 0x22000000 ] 32MB
Sep 27 01:21:58 witherspoon kernel[972]: [    0.900000] aspeed-smc 1e620000.flash-controller: CE1 window [ 0x22000000 - 0x2a000000 ] 128MB
Sep 27 01:21:58 witherspoon kernel[972]: [    0.900000] 3 ofpart partitions found on MTD device bmc
Sep 27 01:21:58 witherspoon kernel[972]: [    0.900000] Creating 3 MTD partitions on "bmc":
Sep 27 01:21:58 witherspoon kernel[972]: [    0.930000] 0x000000000000-0x000000060000 : "u-boot"
Sep 27 01:21:58 witherspoon kernel[972]: [    0.930000] 0x000000060000-0x000000080000 : "u-boot-env"
Sep 27 01:21:58 witherspoon kernel[972]: [    0.930000] 0x000000080000-0x000002000000 : "obmc-ubi"
Sep 27 01:21:58 witherspoon kernel[972]: [    0.930000] aspeed-smc 1e620000.flash-controller: mx25l25635e (32768 Kbytes)
Sep 27 01:21:58 witherspoon kernel[972]: [    0.930000] aspeed-smc 1e620000.flash-controller: CE1 window [ 0x22000000 - 0x24000000 ] 32MB
Sep 27 01:21:58 witherspoon kernel[972]: [    0.970000] aspeed-smc 1e620000.flash-controller: CE2 window [ 0x24000000 - 0x2c000000 ] 128MB
Sep 27 01:21:58 witherspoon kernel[972]: [    0.970000] 3 ofpart partitions found on MTD device alt-bmc
Sep 27 01:21:58 witherspoon kernel[972]: [    0.970000] Creating 3 MTD partitions on "alt-bmc":
Sep 27 01:21:58 witherspoon kernel[972]: [    0.970000] 0x000000000000-0x000000060000 : "alt-u-boot"
Sep 27 01:21:58 witherspoon kernel[972]: [    0.970000] 0x000000060000-0x000000080000 : "alt-u-boot-env"
Sep 27 01:21:58 witherspoon kernel[972]: [    0.970000] 0x000000080000-0x000002000000 : "alt-obmc-ubi"
Sep 27 01:21:58 witherspoon kernel[972]: [    1.020000] random: crng init done
Sep 27 01:21:58 witherspoon kernel[972]: [    1.030000] aspeed-smc 1e630000.flash-controller: mx66l1g45g (131072 Kbytes)
Sep 27 01:21:58 witherspoon kernel[972]: [    1.040000] aspeed-smc 1e630000.flash-controller: CE0 window resized to 120MB (AST2500 HW quirk)
Sep 27 01:21:58 witherspoon kernel[972]: [    1.040000] aspeed-smc 1e630000.flash-controller: CE0 window [ 0x30000000 - 0x37800000 ] 120MB
Sep 27 01:21:58 witherspoon kernel[972]: [    1.060000] aspeed-smc 1e630000.flash-controller: CE0 window too small for chip 128MB
Sep 27 01:21:58 witherspoon kernel[972]: [    1.060000] aspeed-smc 1e630000.flash-controller: CE1 window [ 0x37800000 - 0x38000000 ] 8MB
Sep 27 01:21:58 witherspoon kernel[972]: [    1.830000] libphy: Fixed MDIO Bus: probed
Sep 27 01:21:58 witherspoon kernel[972]: [    1.830000] ftgmac100 1e660000.ethernet: Read MAC address 70:e2:84:14:23:e1 from chip
Sep 27 01:21:58 witherspoon kernel[972]: [    1.830000] ftgmac100 1e660000.ethernet: Using NCSI interface
Sep 27 01:21:58 witherspoon kernel[972]: [    1.830000] ftgmac100 1e660000.ethernet eth0: irq 20, mapped at f0060000
Sep 27 01:21:58 witherspoon kernel[972]: [    1.830000] ehci_hcd: USB 2.0 'Enhanced' Host Controller (EHCI) Driver
Sep 27 01:21:58 witherspoon kernel[972]: [    1.830000] ehci-platform: EHCI generic platform driver
Sep 27 01:21:58 witherspoon kernel[972]: [    2.040000] i2c /dev entries driver
Sep 27 01:21:58 witherspoon kernel[972]: [    2.040000] aspeed-i2c-bus 1e78a0c0.i2c-bus: i2c bus 2 registered, irq 26
Sep 27 01:21:58 witherspoon kernel[972]: [    2.040000] aspeed-i2c-bus 1e78a100.i2c-bus: i2c bus 3 registered, irq 27
Sep 27 01:21:58 witherspoon kernel[972]: [    2.040000] aspeed-i2c-bus 1e78a140.i2c-bus: i2c bus 4 registered, irq 28
Sep 27 01:21:58 witherspoon kernel[972]: [    2.040000] aspeed-i2c-bus 1e78a180.i2c-bus: i2c bus 5 registered, irq 29
Sep 27 01:21:58 witherspoon kernel[972]: [    2.040000] aspeed-i2c-bus 1e78a380.i2c-bus: i2c bus 9 registered, irq 30
Sep 27 01:21:58 witherspoon kernel[972]: [    2.040000] aspeed-i2c-bus 1e78a3c0.i2c-bus: i2c bus 10 registered, irq 31
Sep 27 01:21:58 witherspoon kernel[972]: [    2.040000] rtc-rv8803 11-0032: Voltage low, temperature compensation stopped.
Sep 27 01:21:58 witherspoon kernel[972]: [    2.040000] rtc-rv8803 11-0032: An alarm maybe have been missed.
Sep 27 01:21:58 witherspoon kernel[972]: [    2.140000] rtc-rv8803 11-0032: rtc core: registered rx8900 as rtc0
Sep 27 01:21:58 witherspoon kernel[972]: [    2.150000] at24 11-0051: 8192 byte 24c64 EEPROM, writable, 1 bytes/write
Sep 27 01:21:58 witherspoon kernel[972]: [    2.150000] aspeed-i2c-bus 1e78a400.i2c-bus: i2c bus 11 registered, irq 32
Sep 27 01:21:58 witherspoon kernel[972]: [    2.150000] aspeed-i2c-bus 1e78a440.i2c-bus: i2c bus 12 registered, irq 33
Sep 27 01:21:58 witherspoon kernel[972]: [    2.150000] aspeed-i2c-bus 1e78a480.i2c-bus: i2c bus 13 registered, irq 34
Sep 27 01:21:58 witherspoon kernel[972]: [    2.150000] Driver for 1-wire Dallas network protocol.
Sep 27 01:21:58 witherspoon kernel[972]: [    2.150000] lm75 9-004a: hwmon0: sensor 'tmp275'
Sep 27 01:21:58 witherspoon kernel[972]: [    3.980000] ucd9000 11-0064: Device ID UCD90160|2.3.4.0000|110603
Sep 27 01:21:58 witherspoon kernel[972]: [    4.680000] leds-pca955x 3-0060: leds-pca955x: Using pca9552 16-bit LED driver at slave address 0x60
Sep 27 01:21:58 witherspoon kernel[972]: [    4.700000] leds-pca955x 3-0060: gpios 238...253
Sep 27 01:21:58 witherspoon kernel[972]: [    4.700000] leds-pca955x 11-0060: leds-pca955x: Using pca9552 16-bit LED driver at slave address 0x60
Sep 27 01:21:58 witherspoon kernel[972]: [    4.710000] leds-pca955x 11-0060: gpios 222...237
Sep 27 01:21:58 witherspoon kernel[972]: [    4.720000] usbcore: registered new interface driver usbhid
Sep 27 01:21:58 witherspoon kernel[972]: [    4.720000] usbhid: USB HID core driver
Sep 27 01:21:58 witherspoon kernel[972]: [    4.770000] NET: Registered protocol family 10
Sep 27 01:21:58 witherspoon kernel[972]: [    4.770000] Segment Routing with IPv6
Sep 27 01:21:58 witherspoon kernel[972]: [    4.780000] NET: Registered protocol family 17
Sep 27 01:21:58 witherspoon kernel[972]: [    4.780000] 8021q: 802.1Q VLAN Support v1.8
Sep 27 01:21:58 witherspoon kernel[972]: [    4.800000] input: gpio-keys-polled as /devices/platform/gpio-keys-polled/input/input1
Sep 27 01:21:58 witherspoon kernel[972]: [    4.820000] ubi0: default fastmap pool size: 25
Sep 27 01:21:58 witherspoon kernel[972]: [    4.830000] ubi0: default fastmap WL pool size: 12
Sep 27 01:21:58 witherspoon kernel[972]: [    4.830000] ubi0: attaching mtd3
Sep 27 01:21:58 witherspoon kernel[972]: [    4.840000] ubi0: scanning is finished
Sep 27 01:21:58 witherspoon kernel[972]: [    4.860000] ubi0: attached mtd3 (name "obmc-ubi", size 31 MiB)
Sep 27 01:21:58 witherspoon kernel[972]: [    4.860000] ubi0: PEB size: 65536 bytes (64 KiB), LEB size: 65408 bytes
Sep 27 01:21:58 witherspoon kernel[972]: [    4.880000] ubi0: min./max. I/O unit sizes: 1/256, sub-page size 1
Sep 27 01:21:58 witherspoon kernel[972]: [    4.880000] ubi0: VID header offset: 64 (aligned 64), data offset: 128
Sep 27 01:21:58 witherspoon kernel[972]: [    4.880000] ubi0: good PEBs: 504, bad PEBs: 0, corrupted PEBs: 0
Sep 27 01:21:58 witherspoon kernel[972]: [    4.880000] ubi0: user volume: 4, internal volumes: 1, max. volumes count: 128
Sep 27 01:21:58 witherspoon kernel[972]: [    4.910000] ubi0: max/mean erase counter: 28/23, WL threshold: 4096, image sequence number: 1358235831
Sep 27 01:21:58 witherspoon kernel[972]: [    4.910000] ubi0: available PEBs: 46, total reserved PEBs: 458, PEBs reserved for bad PEB handling: 0
Sep 27 01:21:58 witherspoon kernel[972]: [    4.910000] ubi0: background thread "ubi_bgt0d" started, PID 506
Sep 27 01:21:58 witherspoon kernel[972]: [    4.910000] ubi4: default fastmap pool size: 25
Sep 27 01:21:58 witherspoon kernel[972]: [    4.910000] ubi4: default fastmap WL pool size: 12
Sep 27 01:21:58 witherspoon kernel[972]: [    4.940000] ubi4: attaching mtd7
Sep 27 01:21:58 witherspoon kernel[972]: [    4.980000] ubi4: scanning is finished
Sep 27 01:21:58 witherspoon kernel[972]: [    5.020000] ubi4: attached mtd7 (name "alt-obmc-ubi", size 31 MiB)
Sep 27 01:21:58 witherspoon kernel[972]: [    5.020000] ubi4: PEB size: 65536 bytes (64 KiB), LEB size: 65408 bytes
Sep 27 01:21:58 witherspoon kernel[972]: [    5.020000] ubi4: min./max. I/O unit sizes: 1/256, sub-page size 1
Sep 27 01:21:58 witherspoon kernel[972]: [    5.020000] ubi4: VID header offset: 64 (aligned 64), data offset: 128
Sep 27 01:21:58 witherspoon kernel[972]: [    5.020000] ubi4: good PEBs: 504, bad PEBs: 0, corrupted PEBs: 0
Sep 27 01:22:01 witherspoon systemd[1]: Started Phosphor IPMI BT DBus Bridge.
Sep 27 01:21:58 witherspoon kernel[972]: [    5.070000] ubi4: user volume: 4, internal volumes: 1, max. volumes count: 128
Sep 27 01:22:01 witherspoon systemd[1]: Started Phosphor Download Manager.
Sep 27 01:21:58 witherspoon kernel[972]: [    5.070000] ubi4: max/mean erase counter: 23/17, WL threshold: 4096, image sequence number: 1358235831
Sep 27 01:22:02 witherspoon systemd[1]: Started Phosphor Settings Daemon.
Sep 27 01:21:58 witherspoon kernel[972]: [    5.070000] ubi4: available PEBs: 46, total reserved PEBs: 458, PEBs reserved for bad PEB handling: 0
Sep 27 01:22:02 witherspoon systemd[1]: Started Phosphor Log Manager.
Sep 27 01:21:58 witherspoon kernel[972]: [    5.070000] ubi4: background thread "ubi_bgt4d" started, PID 512
Sep 27 01:21:58 witherspoon kernel[972]: [   15.060000] block ubiblock4_0: created from ubi4:0(rofs-64f6c5de)
Sep 27 01:21:58 witherspoon kernel[972]: [   15.060000] console [netcon0] enabled
Sep 27 01:21:58 witherspoon kernel[972]: [   15.060000] netconsole: network logging started
Sep 27 01:21:58 witherspoon kernel[972]: [   15.060000] input: gpio-keys as /devices/platform/gpio-keys/input/input2
Sep 27 01:21:58 witherspoon kernel[972]: [   15.060000] rtc-rv8803 11-0032: setting system clock to 2017-09-27 01:21:35 UTC (1506475295)
Sep 27 01:21:58 witherspoon kernel[972]: [   15.060000] VFS: Mounted root (squashfs filesystem) readonly on device 254:0.
Sep 27 01:21:58 witherspoon kernel[972]: [   15.060000] devtmpfs: mounted
Sep 27 01:21:58 witherspoon kernel[972]: [   15.060000] Freeing unused kernel memory: 284K
Sep 27 01:21:58 witherspoon kernel[972]: [   15.060000] This architecture does not have kernel memory protection.
Sep 27 01:21:58 witherspoon kernel[972]: [   17.700000] systemd[1]: Failed to insert module 'autofs4': No such file or directory
Sep 27 01:21:58 witherspoon kernel[972]: [   17.910000] systemd[1]: systemd 232 running in system mode. (+PAM -AUDIT -SELINUX -IMA -APPARMOR -SMACK +SYSVINIT -UTMP -LIBCRYPTSETUP -GCRYPT -GNUTLS +ACL +XZ -LZ4 -SECCOMP +BLKID -ELFUTILS +KMOD -IDN)
Sep 27 01:21:58 witherspoon kernel[972]: [   17.910000] systemd[1]: Detected architecture arm.
Sep 27 01:21:58 witherspoon kernel[972]: [   18.150000] systemd[1]: Set hostname to <witherspoon>.
Sep 27 01:21:58 witherspoon kernel[972]: [   18.220000] systemd[1]: Initializing machine ID from random generator.
Sep 27 01:21:58 witherspoon kernel[972]: [   18.220000] systemd[1]: Installed transient /etc/machine-id file.
Sep 27 01:21:58 witherspoon kernel[972]: [   20.020000] systemd[1]: Listening on Journal Socket.
Sep 27 01:21:58 witherspoon kernel[972]: [   20.100000] systemd[1]: Reached target Remote File Systems.
Sep 27 01:21:58 witherspoon kernel[972]: [   20.140000] systemd[1]: Listening on Network Service Netlink Socket.
Sep 27 01:21:58 witherspoon kernel[972]: [   20.180000] systemd[1]: Listening on udev Kernel Socket.
Sep 27 01:21:58 witherspoon kernel[972]: [   20.220000] systemd[1]: Reached target Swap.
Sep 27 01:21:58 witherspoon kernel[972]: [   23.180000] UBIFS (ubi0:2): UBIFS: mounted UBI device 0, volume 2, name "rwfs"
Sep 27 01:21:58 witherspoon kernel[972]: [   23.180000] UBIFS (ubi0:2): LEB size: 65408 bytes (63 KiB), min./max. I/O unit sizes: 8 bytes/256 bytes
Sep 27 01:21:58 witherspoon kernel[972]: [   23.360000] UBIFS (ubi0:2): FS size: 3597440 bytes (3 MiB, 55 LEBs), journal size 719488 bytes (0 MiB, 11 LEBs)
Sep 27 01:21:58 witherspoon kernel[972]: [   23.360000] UBIFS (ubi0:2): reserved for root: 0 bytes (0 KiB)
Sep 27 01:21:58 witherspoon kernel[972]: [   23.360000] UBIFS (ubi0:2): media format: w4/r0 (latest is w5/r0), UUID F6AF7850-1C6E-4E2A-94BB-A56899CAF080, small LPT model
Sep 27 01:21:58 witherspoon kernel[972]: [   23.360000] UBIFS (ubi0:2): background thread "ubifs_bgt0_2" started, PID 766
Sep 27 01:21:58 witherspoon kernel[972]: [   23.750000] systemd-journald[528]: Received request to flush runtime journal from PID 1
Sep 27 01:21:58 witherspoon kernel[972]: [   33.530000] ubi8: default fastmap pool size: 100
Sep 27 01:21:58 witherspoon kernel[972]: [   33.530000] ubi8: default fastmap WL pool size: 50
Sep 27 01:21:58 witherspoon kernel[972]: [   33.530000] ubi8: attaching mtd8
Sep 27 01:21:58 witherspoon kernel[972]: [   34.700000] ubi8: scanning is finished
Sep 27 01:21:58 witherspoon kernel[972]: [   34.700000] ubi8: attached mtd8 (name "pnor", size 128 MiB)
Sep 27 01:21:58 witherspoon kernel[972]: [   34.700000] ubi8: PEB size: 65536 bytes (64 KiB), LEB size: 65408 bytes
Sep 27 01:21:58 witherspoon kernel[972]: [   34.700000] ubi8: min./max. I/O unit sizes: 1/256, sub-page size 1
Sep 27 01:21:58 witherspoon kernel[972]: [   34.700000] ubi8: VID header offset: 64 (aligned 64), data offset: 128
Sep 27 01:21:58 witherspoon kernel[972]: [   34.700000] ubi8: good PEBs: 2048, bad PEBs: 0, corrupted PEBs: 0
Sep 27 01:21:58 witherspoon kernel[972]: [   34.700000] ubi8: user volume: 6, internal volumes: 1, max. volumes count: 128
Sep 27 01:21:58 witherspoon kernel[972]: [   34.700000] ubi8: max/mean erase counter: 42/29, WL threshold: 4096, image sequence number: 91395301
Sep 27 01:21:58 witherspoon kernel[972]: [   34.700000] ubi8: available PEBs: 468, total reserved PEBs: 1580, PEBs reserved for bad PEB handling: 0
Sep 27 01:21:58 witherspoon kernel[972]: [   34.700000] ubi8: background thread "ubi_bgt8d" started, PID 1015
Sep 27 01:22:01 witherspoon avahi-daemon[974]: Successfully called chroot().
Sep 27 01:22:01 witherspoon avahi-daemon[974]: Successfully dropped remaining capabilities.
Sep 27 01:22:01 witherspoon avahi-daemon[974]: Loading service file /services/obmc_console.service.
Sep 27 01:22:01 witherspoon avahi-daemon[974]: Loading service file /services/phosphor_rest.service.
Sep 27 01:22:01 witherspoon avahi-daemon[974]: Loading service file /services/sftp-ssh.service.
Sep 27 01:22:01 witherspoon avahi-daemon[974]: Loading service file /services/sftp.service.
Sep 27 01:22:01 witherspoon avahi-daemon[974]: Loading service file /services/ssh.service.
Sep 27 01:22:01 witherspoon avahi-daemon[974]: Network interface enumeration completed.
Sep 27 01:22:01 witherspoon avahi-daemon[974]: Server startup complete. Host name is witherspoon.local. Local service cookie is 1437944517.
Sep 27 01:22:01 witherspoon avahi-daemon[974]: Service "witherspoon" (/services/ssh.service) successfully established.
Sep 27 01:22:01 witherspoon avahi-daemon[974]: Service "sftp" (/services/sftp.service) successfully established.
Sep 27 01:22:01 witherspoon avahi-daemon[974]: Service "witherspoon" (/services/sftp-ssh.service) successfully established.
Sep 27 01:22:01 witherspoon avahi-daemon[974]: Service "phosphor_rest" (/services/phosphor_rest.service) successfully established.
Sep 27 01:22:01 witherspoon avahi-daemon[974]: Service "obmc_console" (/services/obmc_console.service) successfully established.
Sep 27 01:22:02 witherspoon systemd[1]: Started Avahi mDNS/DNS-SD Stack.
Sep 27 01:22:03 witherspoon systemd[1]: Starting Network Service...
Sep 27 01:22:03 witherspoon systemd[1]: Starting Phosphor Dump Manager...
Sep 27 01:22:03 witherspoon systemd[1]: Starting Phosphor Download Manager...
Sep 27 01:22:03 witherspoon systemd[1]: Starting Phosphor Inventory Manager...
Sep 27 01:22:03 witherspoon systemd[1]: Starting Phosphor Chassis0 Control...
Sep 27 01:22:03 witherspoon systemd[1]: Started Phosphor sysfs LED controller.
Sep 27 01:22:03 witherspoon systemd[1]: Started Daily Cleanup of Temporary Directories.
Sep 27 01:22:04 witherspoon systemd[1]: Reached target Timers.
Sep 27 01:22:04 witherspoon systemd[1]: Starting Phosphor LED Group Management Daemon...
Sep 27 01:22:04 witherspoon systemd[1]: Reached target System Time Synchronized.
Sep 27 01:22:04 witherspoon systemd[1]: obmc-flash-bmc-ubiremount.service: Main process exited, code=exited, status=2/INVALIDARGUMENT
Sep 27 01:22:04 witherspoon systemd[1]: Failed to start Remount the ubi volume after a reboot.
Sep 27 01:22:04 witherspoon systemd[1]: obmc-flash-bmc-ubiremount.service: Unit entered failed state.
Sep 27 01:22:04 witherspoon systemd[1]: obmc-flash-bmc-ubiremount.service: Failed with result 'exit-code'.
Sep 27 01:22:04 witherspoon systemd[1]: Started Updates symlinks for active PNOR version.
Sep 27 01:22:04 witherspoon systemd[1]: Started Clear one time boot overrides.
Sep 27 01:22:04 witherspoon systemd[1]: Started Check PNOR UBI format.
Sep 27 01:22:04 witherspoon systemd[1]: Started Phosphor BMC0 Control.
Sep 27 01:22:05 witherspoon systemd[1]: Started Phosphor LED Group Management Daemon.
Sep 27 01:22:06 witherspoon systemd[1]: Started Phosphor Inventory Manager.
Sep 27 01:22:08 witherspoon systemd-networkd[1027]: Enumeration completed
Sep 27 01:22:08 witherspoon systemd[1]: Started Network Service.
Sep 27 01:22:08 witherspoon systemd[1]: Reached target Network.
Sep 27 01:22:08 witherspoon systemd[1]: Started Lightweight SLP Server.
Sep 27 01:22:08 witherspoon systemd[1]: Starting Permit User Sessions...
Sep 27 01:22:08 witherspoon systemd-networkd[1027]: eth0: IPv6 enabled for interface: Success
Sep 27 01:22:08 witherspoon avahi-daemon[974]: Joining mDNS multicast group on interface eth0.IPv4 with address 9.3.86.161.
Sep 27 01:22:08 witherspoon avahi-daemon[974]: New relevant interface eth0.IPv4 for mDNS.
Sep 27 01:22:08 witherspoon avahi-daemon[974]: Registering new address record for 9.3.86.161 on eth0.IPv4.
Sep 27 01:22:08 witherspoon kernel: 8021q: adding VLAN 0 to HW filter on device eth0
Sep 27 01:22:08 witherspoon kernel[972]: [   48.150000] 8021q: adding VLAN 0 to HW filter on device eth0
Sep 27 01:22:08 witherspoon systemd-networkd[1027]: eth0: Gained carrier
Sep 27 01:22:08 witherspoon systemd-timesyncd[951]: Network configuration changed, trying to establish connection.
Sep 27 01:22:08 witherspoon kernel: block ubiblock8_0: created from ubi8:0(pnor-ro-7a9ef57c)
Sep 27 01:22:08 witherspoon kernel[972]: [   48.390000] block ubiblock8_0: created from ubi8:0(pnor-ro-7a9ef57c)
Sep 27 01:22:08 witherspoon systemd[1]: Started Permit User Sessions.
Sep 27 01:22:08 witherspoon systemd[1]: Started Serial Getty on ttyS4.
Sep 27 01:22:08 witherspoon systemd[1]: Reached target Login Prompts.
Sep 27 01:22:09 witherspoon systemd[1]: Started Phosphor Dump Manager.
Sep 27 01:22:11 witherspoon avahi-daemon[974]: Joining mDNS multicast group on interface eth0.IPv6 with address fe80::72e2:84ff:fe14:23e1.
Sep 27 01:22:11 witherspoon systemd-networkd[1027]: eth0: Gained IPv6LL
Sep 27 01:22:11 witherspoon avahi-daemon[974]: New relevant interface eth0.IPv6 for mDNS.
Sep 27 01:22:11 witherspoon avahi-daemon[974]: Registering new address record for fe80::72e2:84ff:fe14:23e1 on eth0.*.
Sep 27 01:22:13 witherspoon kernel: ftgmac100 1e660000.ethernet eth0: ncsi: removed vlan tag 0 at index 1
Sep 27 01:22:13 witherspoon kernel: ftgmac100 1e660000.ethernet eth0: ncsi: removed vlan tag 0 at index 2
Sep 27 01:22:13 witherspoon kernel: ftgmac100 1e660000.ethernet eth0: no vlan ids left to set
Sep 27 01:22:13 witherspoon kernel: ftgmac100 1e660000.ethernet eth0: NCSI interface up
Sep 27 01:22:13 witherspoon kernel[972]: [   52.600000] ftgmac100 1e660000.ethernet eth0: ncsi: removed vlan tag 0 at index 1
Sep 27 01:22:13 witherspoon kernel[972]: [   52.600000] ftgmac100 1e660000.ethernet eth0: ncsi: removed vlan tag 0 at index 2
Sep 27 01:22:13 witherspoon kernel[972]: [   52.600000] ftgmac100 1e660000.ethernet eth0: no vlan ids left to set
Sep 27 01:22:13 witherspoon kernel[972]: [   52.600000] ftgmac100 1e660000.ethernet eth0: NCSI interface up
Sep 27 01:22:19 witherspoon systemd[1]: Created slice system-dropbear.slice.
Sep 27 01:22:19 witherspoon systemd[1]: Started SSH Per-Connection Server (9.41.165.94:47988).
Sep 27 01:22:22 witherspoon dropbear[1054]: Failed loading /var/lib/dropbear/dropbear_rsa_host_key
Sep 27 01:22:22 witherspoon dropbear[1054]: Failed loading /etc/dropbear/dropbear_dss_host_key
Sep 27 01:22:22 witherspoon dropbear[1054]: Failed loading /etc/dropbear/dropbear_ecdsa_host_key
Sep 27 01:22:22 witherspoon dropbear[1054]: Child connection from ::ffff:9.41.165.94:47988
Sep 27 01:22:23 witherspoon sensor_manager2.py[968]: Setting boot count to 3
Sep 27 01:22:23 witherspoon sensor_manager2.py[968]: Starting sensor manager
Sep 27 01:22:23 witherspoon systemd[1]: Started Phosphor Sensor Manager.
Sep 27 01:22:23 witherspoon systemd[1]: Started Phosphor Chassis0 Control.
Sep 27 01:22:23 witherspoon chassis_control.py[1031]: Running ChassisControlService
Sep 27 01:22:23 witherspoon kernel: block ubiblock8_1: created from ubi8:1(pnor-ro-8764baa3)
Sep 27 01:22:23 witherspoon kernel[972]: [   63.160000] block ubiblock8_1: created from ubi8:1(pnor-ro-8764baa3)
Sep 27 01:22:24 witherspoon systemd-networkd[1027]: eth0: Configured
Sep 27 01:22:24 witherspoon systemd-timesyncd[951]: Network configuration changed, trying to establish connection.
Sep 27 01:22:25 witherspoon dropbear[1054]: PAM password auth succeeded for 'root' from ::ffff:9.41.165.94:47988
Sep 27 01:22:25 witherspoon systemd[1]: Started Phosphor Download Manager.
Sep 27 01:22:25 witherspoon download_manager.py[1029]: Running Download Manager
Sep 27 01:22:27 witherspoon phosphor-mapper[976]: ObjectMapper startup complete.  Discovery in progress...
Sep 27 01:22:28 witherspoon kernel: UBIFS (ubi8:2): UBIFS: mounted UBI device 8, volume 2, name "pnor-prsv"
Sep 27 01:22:28 witherspoon kernel: UBIFS (ubi8:2): LEB size: 65408 bytes (63 KiB), min./max. I/O unit sizes: 8 bytes/256 bytes
Sep 27 01:22:28 witherspoon kernel: UBIFS (ubi8:2): FS size: 1504384 bytes (1 MiB, 23 LEBs), journal size 523265 bytes (0 MiB, 6 LEBs)
Sep 27 01:22:28 witherspoon kernel: UBIFS (ubi8:2): reserved for root: 71055 bytes (69 KiB)
Sep 27 01:22:28 witherspoon kernel: UBIFS (ubi8:2): media format: w5/r0 (latest is w5/r0), UUID 36B3B1E1-197C-4042-A5BB-1F5E6D63DF0B, small LPT model
Sep 27 01:22:28 witherspoon kernel: UBIFS (ubi8:2): background thread "ubifs_bgt8_2" started, PID 1075
Sep 27 01:22:28 witherspoon kernel[972]: [   67.360000] UBIFS (ubi8:2): UBIFS: mounted UBI device 8, volume 2, name "pnor-prsv"
Sep 27 01:22:28 witherspoon kernel[972]: [   67.360000] UBIFS (ubi8:2): LEB size: 65408 bytes (63 KiB), min./max. I/O unit sizes: 8 bytes/256 bytes
Sep 27 01:22:28 witherspoon kernel[972]: [   67.360000] UBIFS (ubi8:2): FS size: 1504384 bytes (1 MiB, 23 LEBs), journal size 523265 bytes (0 MiB, 6 LEBs)
Sep 27 01:22:28 witherspoon kernel[972]: [   67.360000] UBIFS (ubi8:2): reserved for root: 71055 bytes (69 KiB)
Sep 27 01:22:28 witherspoon kernel[972]: [   67.360000] UBIFS (ubi8:2): media format: w5/r0 (latest is w5/r0), UUID 36B3B1E1-197C-4042-A5BB-1F5E6D63DF0B, small LPT model
Sep 27 01:22:28 witherspoon kernel[972]: [   67.360000] UBIFS (ubi8:2): background thread "ubifs_bgt8_2" started, PID 1075
Sep 27 01:22:28 witherspoon avahi-daemon[1024]: ../../avahi-0.6.32/avahi-daemon/chroot.c: open() failed: No such file or directory
Sep 27 01:22:28 witherspoon avahi-daemon[974]: Failed to open /usr/share/dbus-1/interfaces/org.freedesktop.Avahi.Server.xml: Invalid argument
Sep 27 01:22:28 witherspoon avahi-daemon[974]: Failed to load introspection data.
Sep 27 01:22:28 witherspoon inventory_items.py[982]: Loading from cache: /var/cache/obmc/org.openbmc.inventory.system.chassis.motherboard.bmc@org.openbmc.InventoryItem.props
Sep 27 01:22:28 witherspoon inventory_items.py[982]: Caching: /org/openbmc/inventory/system/chassis/motherboard/bmc
Sep 27 01:22:28 witherspoon inventory_items.py[982]: Running Inventory Manager
Sep 27 01:22:28 witherspoon systemd[1]: Started Phosphor Inventory Manager.
Sep 27 01:22:28 witherspoon netman.py[966]: Started
Sep 27 01:22:28 witherspoon systemd[1]: Started Phosphor Network Manager.
Sep 27 01:22:29 witherspoon obmc-phosphor-userd[984]: Started
Sep 27 01:22:29 witherspoon systemd[1]: Started Phosphor User Manager.
Sep 27 01:22:29 witherspoon systemd[1]: Started Remount the squashfs and ubi volumes after a reboot.
Sep 27 01:22:29 witherspoon systemd[1]: Reached target Multi-User System.
Sep 27 01:22:29 witherspoon kernel: UBIFS (ubi8:4): UBIFS: mounted UBI device 8, volume 4, name "pnor-rw-8764baa3"
Sep 27 01:22:29 witherspoon kernel: UBIFS (ubi8:4): LEB size: 65408 bytes (63 KiB), min./max. I/O unit sizes: 8 bytes/256 bytes
Sep 27 01:22:29 witherspoon kernel: UBIFS (ubi8:4): FS size: 16155776 bytes (15 MiB, 247 LEBs), journal size 784896 bytes (0 MiB, 12 LEBs)
Sep 27 01:22:29 witherspoon kernel: UBIFS (ubi8:4): reserved for root: 763076 bytes (745 KiB)
Sep 27 01:22:29 witherspoon kernel: UBIFS (ubi8:4): media format: w5/r0 (latest is w5/r0), UUID F587F7F2-1BEE-4E77-9577-250237C0F0BC, small LPT model
Sep 27 01:22:29 witherspoon kernel: UBIFS (ubi8:5): UBIFS: mounted UBI device 8, volume 5, name "pnor-rw-7a9ef57c"
Sep 27 01:22:29 witherspoon kernel: UBIFS (ubi8:5): LEB size: 65408 bytes (63 KiB), min./max. I/O unit sizes: 8 bytes/256 bytes
Sep 27 01:22:29 witherspoon kernel: UBIFS (ubi8:5): FS size: 16155776 bytes (15 MiB, 247 LEBs), journal size 784896 bytes (0 MiB, 12 LEBs)
Sep 27 01:22:29 witherspoon kernel: UBIFS (ubi8:5): reserved for root: 763076 bytes (745 KiB)
Sep 27 01:22:29 witherspoon kernel: UBIFS (ubi8:5): media format: w5/r0 (latest is w5/r0), UUID 904AA0DA-EE42-403C-B44D-8FB80359592C, small LPT model
Sep 27 01:22:29 witherspoon kernel: UBIFS (ubi8:5): background thread "ubifs_bgt8_5" started, PID 1097
Sep 27 01:22:29 witherspoon kernel: UBIFS (ubi8:4): background thread "ubifs_bgt8_4" started, PID 1088
Sep 27 01:22:29 witherspoon kernel[972]: [   68.750000] UBIFS (ubi8:4): UBIFS: mounted UBI device 8, volume 4, name "pnor-rw-8764baa3"
Sep 27 01:22:29 witherspoon kernel[972]: [   68.750000] UBIFS (ubi8:4): LEB size: 65408 bytes (63 KiB), min./max. I/O unit sizes: 8 bytes/256 bytes
Sep 27 01:22:29 witherspoon kernel[972]: [   68.750000] UBIFS (ubi8:4): FS size: 16155776 bytes (15 MiB, 247 LEBs), journal size 784896 bytes (0 MiB, 12 LEBs)
Sep 27 01:22:29 witherspoon kernel[972]: [   68.750000] UBIFS (ubi8:4): reserved for root: 763076 bytes (745 KiB)
Sep 27 01:22:29 witherspoon kernel[972]: [   68.750000] UBIFS (ubi8:4): media format: w5/r0 (latest is w5/r0), UUID F587F7F2-1BEE-4E77-9577-250237C0F0BC, small LPT model
Sep 27 01:22:29 witherspoon kernel[972]: [   68.750000] UBIFS (ubi8:5): UBIFS: mounted UBI device 8, volume 5, name "pnor-rw-7a9ef57c"
Sep 27 01:22:29 witherspoon kernel[972]: [   68.750000] UBIFS (ubi8:5): LEB size: 65408 bytes (63 KiB), min./max. I/O unit sizes: 8 bytes/256 bytes
Sep 27 01:22:29 witherspoon kernel[972]: [   68.750000] UBIFS (ubi8:5): FS size: 16155776 bytes (15 MiB, 247 LEBs), journal size 784896 bytes (0 MiB, 12 LEBs)
Sep 27 01:22:29 witherspoon kernel[972]: [   68.750000] UBIFS (ubi8:5): reserved for root: 763076 bytes (745 KiB)
Sep 27 01:22:29 witherspoon kernel[972]: [   68.750000] UBIFS (ubi8:5): media format: w5/r0 (latest is w5/r0), UUID 904AA0DA-EE42-403C-B44D-8FB80359592C, small LPT model
Sep 27 01:22:29 witherspoon kernel[972]: [   68.750000] UBIFS (ubi8:5): background thread "ubifs_bgt8_5" started, PID 1097
Sep 27 01:22:29 witherspoon kernel[972]: [   68.750000] UBIFS (ubi8:4): background thread "ubifs_bgt8_4" started, PID 1088
Sep 27 01:22:40 witherspoon phosphor-mapper[976]: ObjectMapper discovery complete
Sep 27 01:22:40 witherspoon systemd[1]: Started Phosphor DBus Service Discovery Manager.
Sep 27 01:22:40 witherspoon systemd[1]: Started Phosphor Hwmon Poller.
Sep 27 01:22:40 witherspoon systemd[1]: Reached target Phosphor Object Mapper.
Sep 27 01:22:40 witherspoon systemd[1]: Starting Wait for /xyz/openbmc_project/state/chassis0...
Sep 27 01:22:40 witherspoon systemd[1]: Starting Wait for /org/openbmc/managers/Download...
Sep 27 01:22:40 witherspoon systemd[1]: Starting Wait for /org/openbmc/control/bmc0...
Sep 27 01:22:40 witherspoon systemd[1]: Starting Wait for /xyz/openbmc_project/control/host0/auto_reboot...
Sep 27 01:22:40 witherspoon systemd[1]: Starting Phosphor Settings Manager...
Sep 27 01:22:40 witherspoon systemd[1]: Starting Wait for /xyz/openbmc_project/control/host0...
Sep 27 01:22:40 witherspoon systemd[1]: Starting Wait for /xyz/openbmc_project/state/host0...
Sep 27 01:22:40 witherspoon systemd[1]: Starting Wait for /xyz/openbmc_project/led/groups...
Sep 27 01:22:40 witherspoon systemd[1]: Starting Wait for /xyz/openbmc_project/control/host0/restriction_mode...
Sep 27 01:22:40 witherspoon systemd[1]: Starting OpenBMC Software Update Manager...
Sep 27 01:22:40 witherspoon systemd[1]: Starting Wait for /xyz/openbmc_project/time/sync_method...
Sep 27 01:22:40 witherspoon systemd[1]: Starting Wait for /xyz/openbmc_project/control/host0/boot/one_time...
Sep 27 01:22:40 witherspoon systemd[1]: Starting Wait for /org/openbmc/managers/System...
Sep 27 01:22:40 witherspoon systemd[1]: Starting OpenPower Software Update Manager...
Sep 27 01:22:40 witherspoon systemd[1]: Starting Wait for /xyz/openbmc_project/control/host0/boot...
Sep 27 01:22:40 witherspoon systemd[1]: Started Phosphor DBus Monitor.
Sep 27 01:22:40 witherspoon systemd[1]: Starting Wait for /org/openbmc/NetworkManager/Interface...
Sep 27 01:22:40 witherspoon systemd[1]: Starting Phoshpor System Manager...
Sep 27 01:22:40 witherspoon systemd[1]: Starting Phosphor Network Manager...
Sep 27 01:22:40 witherspoon systemd[1]: Starting Wait for /xyz/openbmc_project/inventory...
Sep 27 01:22:40 witherspoon systemd[1]: Reached target Webserver (pre).
Sep 27 01:22:40 witherspoon systemd[1]: Started Phosphor Webserver.
Sep 27 01:22:40 witherspoon systemd[1]: Starting Wait for /xyz/openbmc_project/time/owner...
Sep 27 01:22:40 witherspoon systemd[1]: Starting Wait for /org/openbmc/control/power0...
Sep 27 01:22:40 witherspoon systemd[1]: Starting Wait for /xyz/openbmc_project/control/host0/power_restore_policy...
Sep 27 01:22:40 witherspoon systemd[1]: Starting Wait for /xyz/openbmc_project/led/groups/bmc_booted...
Sep 27 01:22:40 witherspoon systemd[1]: Started Phosphor Hwmon Poller.
Sep 27 01:22:40 witherspoon systemd[1]: Started Phosphor Hwmon Poller.
Sep 27 01:22:40 witherspoon systemd[1]: Started Phosphor Hwmon Poller.
Sep 27 01:22:40 witherspoon systemd[1]: Started Phosphor Hwmon Poller.
Sep 27 01:22:40 witherspoon systemd[1]: Started Phosphor Hwmon Poller.
Sep 27 01:22:40 witherspoon systemd[1]: Started Phosphor Hwmon Poller.
Sep 27 01:22:40 witherspoon systemd[1]: Started Phosphor Hwmon Poller.
Sep 27 01:22:43 witherspoon systemd[1]: Started Wait for /xyz/openbmc_project/time/sync_method.
Sep 27 01:22:43 witherspoon systemd[1]: Started Wait for /xyz/openbmc_project/time/owner.
Sep 27 01:22:43 witherspoon systemd[1]: Started Wait for /xyz/openbmc_project/control/host0/boot/one_time.
Sep 27 01:22:43 witherspoon systemd[1]: Started Wait for /org/openbmc/control/bmc0.
Sep 27 01:22:48 witherspoon phosphor-network-manager[1118]: ConfigParser: Key not found
Sep 27 01:22:48 witherspoon phosphor-network-manager[1118]: The operation failed internally.
Sep 27 01:22:48 witherspoon phosphor-network-manager[1118]: Exception occured during getting of DHCP value
Sep 27 01:22:49 witherspoon systemd[1]: Started Phosphor Network Manager.
Sep 27 01:22:49 witherspoon systemd[1]: Started Wait for /xyz/openbmc_project/control/host0/restriction_mode.
Sep 27 01:22:49 witherspoon systemd[1]: Started Wait for /xyz/openbmc_project/control/host0/power_restore_policy.
Sep 27 01:22:49 witherspoon systemd[1]: Started Wait for /xyz/openbmc_project/control/host0/auto_reboot.
Sep 27 01:22:49 witherspoon systemd[1]: Started Wait for /xyz/openbmc_project/led/groups/bmc_booted.
Sep 27 01:22:49 witherspoon systemd[1]: Started Wait for /xyz/openbmc_project/inventory.
Sep 27 01:22:49 witherspoon systemd[1]: Starting OpenPOWER OCC controller...
Sep 27 01:22:49 witherspoon systemd[1]: Started Phosphor Cooling Type.
Sep 27 01:22:49 witherspoon systemd[1]: Starting Phosphor MAX31785 MSL...
Sep 27 01:22:49 witherspoon systemd[1]: Started Phosphor GPIO 1 Presence.
Sep 27 01:22:49 witherspoon systemd[1]: Starting Read OpenPOWER-format VPD from EEPROM...
Sep 27 01:22:49 witherspoon systemd[1]: Started Phosphor GPIO 0 Presence.
Sep 27 01:22:49 witherspoon systemd[1]: Started Wait for /org/openbmc/NetworkManager/Interface.
Sep 27 01:22:49 witherspoon systemd[1]: Started Phosphor DNS Settings Cache Manager.
Sep 27 01:22:49 witherspoon systemd[1]: Started Wait for /xyz/openbmc_project/control/host0/boot.
Sep 27 01:22:49 witherspoon systemd[1]: Started Wait for /org/openbmc/managers/Download.
Sep 27 01:22:49 witherspoon dbus[985]: [system] Activating via systemd: service name='org.freedesktop.hostname1' unit='dbus-org.freedesktop.hostname1.service'
Sep 27 01:22:49 witherspoon systemd[1]: Starting Hostname Service...
Sep 27 01:22:49 witherspoon systemd[1]: Starting Phosphor BMC Code Update...
Sep 27 01:22:50 witherspoon systemd[1]: Started Wait for /xyz/openbmc_project/led/groups.
Sep 27 01:22:50 witherspoon systemd[1]: Started FRU Fault monitor service.
Sep 27 01:22:52 witherspoon phosphor-gpio-presence[1142]: Updating inventory present property
Sep 27 01:22:52 witherspoon phosphor-gpio-presence[1140]: Updating inventory present property
Sep 27 01:22:52 witherspoon systemd[1]: Started OpenPower Software Update Manager.
Sep 27 01:22:52 witherspoon systemd[1]: Started Phosphor MBOX Daemon.
Sep 27 01:22:52 witherspoon systemd[1]: Starting Create a ubi volume for pnor patches...
Sep 27 01:22:53 witherspoon dbus[985]: [system] Successfully activated service 'org.freedesktop.hostname1'
Sep 27 01:22:54 witherspoon systemd[1]: Started Hostname Service.
Sep 27 01:22:55 witherspoon kernel: UBIFS (ubi8:3): UBIFS: mounted UBI device 8, volume 3, name "pnor-patch"
Sep 27 01:22:55 witherspoon kernel: UBIFS (ubi8:3): LEB size: 65408 bytes (63 KiB), min./max. I/O unit sizes: 8 bytes/256 bytes
Sep 27 01:22:55 witherspoon kernel: UBIFS (ubi8:3): FS size: 16155776 bytes (15 MiB, 247 LEBs), journal size 784896 bytes (0 MiB, 12 LEBs)
Sep 27 01:22:55 witherspoon kernel: UBIFS (ubi8:3): reserved for root: 763076 bytes (745 KiB)
Sep 27 01:22:55 witherspoon kernel: UBIFS (ubi8:3): media format: w5/r0 (latest is w5/r0), UUID 4D589EF4-9175-4F76-B384-1965B1D7B962, small LPT model
Sep 27 01:22:55 witherspoon kernel[972]: [   95.130000] UBIFS (ubi8:3): UBIFS: mounted UBI device 8, volume 3, name "pnor-patch"
Sep 27 01:22:55 witherspoon kernel[972]: [   95.130000] UBIFS (ubi8:3): LEB size: 65408 bytes (63 KiB), min./max. I/O unit sizes: 8 bytes/256 bytes
Sep 27 01:22:55 witherspoon kernel[972]: [   95.130000] UBIFS (ubi8:3): FS size: 16155776 bytes (15 MiB, 247 LEBs), journal size 784896 bytes (0 MiB, 12 LEBs)
Sep 27 01:22:55 witherspoon kernel[972]: [   95.130000] UBIFS (ubi8:3): reserved for root: 763076 bytes (745 KiB)
Sep 27 01:22:55 witherspoon kernel[972]: [   95.130000] UBIFS (ubi8:3): media format: w5/r0 (latest is w5/r0), UUID 4D589EF4-9175-4F76-B384-1965B1D7B962, small LPT model
Sep 27 01:22:55 witherspoon kernel: UBIFS (ubi8:3): background thread "ubifs_bgt8_3" started, PID 1173
Sep 27 01:22:55 witherspoon kernel[972]: [   95.270000] UBIFS (ubi8:3): background thread "ubifs_bgt8_3" started, PID 1173
Sep 27 01:22:56 witherspoon systemd[1]: Started Create a ubi volume for pnor patches.
Sep 27 01:23:00 witherspoon system_manager.py[1117]: Running System State: BASE_APPS
Sep 27 01:23:00 witherspoon system_manager.py[1117]: SystemManager Init Done
Sep 27 01:23:00 witherspoon system_manager.py[1117]: Running SystemManager
Sep 27 01:23:00 witherspoon systemd[1]: Started Phoshpor System Manager.
Sep 27 01:23:01 witherspoon systemd[1]: Started OpenBMC Software Update Manager.
Sep 27 01:23:01 witherspoon systemd[1]: Starting Phosphor Version Software Manager...
Sep 27 01:23:02 witherspoon systemd[1]: Started Phosphor Version Software Manager.
Sep 27 01:23:03 witherspoon systemd[1]: Started Phosphor BMC Code Update.
Sep 27 01:23:03 witherspoon bmc_update.py[1145]: Running Bmc Flash Control
Sep 27 01:23:04 witherspoon systemd[1]: Started Phosphor MAX31785 MSL.
Sep 27 01:23:04 witherspoon phosphor-inventory[1030]: Encountered unsupported interface.
Sep 27 01:23:05 witherspoon systemd[1]: Started OpenPOWER OCC controller.
Sep 27 01:23:06 witherspoon phosphor-fru-fault-monitor[1155]: Failed to get response from the method.
Sep 27 01:23:07 witherspoon settings_manager.py[1104]: Running HostSettingsService
Sep 27 01:23:07 witherspoon systemd[1]: Started Phosphor Settings Manager.
Sep 27 01:23:07 witherspoon systemd[1]: Starting Wait for /org/openbmc/settings/host0...
Sep 27 01:23:08 witherspoon system_manager.py[1117]: SystemManager Goto System State: BMC_STARTING
Sep 27 01:23:08 witherspoon system_manager.py[1117]: Running System State: BMC_STARTING
Sep 27 01:23:09 witherspoon phosphor-inventory[1030]: Encountered unsupported interface.
Sep 27 01:23:09 witherspoon systemd[1]: Started Read OpenPOWER-format VPD from EEPROM.
Sep 27 01:23:10 witherspoon dbus[985]: [system] Activating via systemd: service name='org.freedesktop.journal1' unit='dbus-org.freedesktop.journal1.service'
Sep 27 01:23:10 witherspoon systemd[1]: Starting Journal Dbus Service...
Sep 27 01:23:10 witherspoon dbus[985]: [system] Successfully activated service 'org.freedesktop.journal1'
Sep 27 01:23:10 witherspoon systemd[1]: Started Journal Dbus Service.
Sep 27 01:23:11 witherspoon phosphor-fru-fault-monitor[1155]: /xyz/openbmc_project/logging/entry/1
Sep 27 01:23:19 witherspoon phosphor-gevent[1120]: Traceback (most recent call last):
Sep 27 01:23:19 witherspoon phosphor-gevent[1120]:   File "/usr/lib/python2.7/site-packages/gevent/greenlet.py", line 327, in run
Sep 27 01:23:19 witherspoon phosphor-gevent[1120]:     result = self._run(*self.args, **self.kwargs)
Sep 27 01:23:19 witherspoon phosphor-gevent[1120]:   File "/usr/lib/python2.7/site-packages/gevent/server.py", line 102, in wrap_socket_and_handle
Sep 27 01:23:19 witherspoon phosphor-gevent[1120]:     ssl_socket = self.wrap_socket(client_socket, **self.ssl_args)
Sep 27 01:23:19 witherspoon phosphor-gevent[1120]:   File "/usr/lib/python2.7/site-packages/gevent/ssl.py", line 404, in wrap_socket
Sep 27 01:23:19 witherspoon phosphor-gevent[1120]:     ciphers=ciphers)
Sep 27 01:23:19 witherspoon phosphor-gevent[1120]:   File "/usr/lib/python2.7/site-packages/gevent/ssl.py", line 113, in __init__
Sep 27 01:23:19 witherspoon phosphor-gevent[1120]:     self.do_handshake()
Sep 27 01:23:19 witherspoon phosphor-gevent[1120]:   File "/usr/lib/python2.7/site-packages/gevent/ssl.py", line 324, in do_handshake
Sep 27 01:23:19 witherspoon phosphor-gevent[1120]:     return self._sslobj.do_handshake()
Sep 27 01:23:19 witherspoon phosphor-gevent[1120]: SSLEOFError: EOF occurred in violation of protocol (_ssl.c:590)
Sep 27 01:23:19 witherspoon phosphor-gevent[1120]: <Greenlet at 0x7608a490: <bound method WSGIServer.wrap_socket_and_handle of <WSGIServer at 0x76062bb0 fileno=5 address=('::3452:f776:d82d:6d76%1986866632', 443, 0, 1986866632)>>(<socket at 0x75f37890 fileno=9>, ('::6039:6b76:8e91:f402%1995848476', 35462, 0, 199)> failed with SSLEOFError
Sep 27 01:23:19 witherspoon phosphor-gevent[1120]: Traceback (most recent call last):
Sep 27 01:23:19 witherspoon phosphor-gevent[1120]:   File "/usr/lib/python2.7/site-packages/gevent/greenlet.py", line 327, in run
Sep 27 01:23:19 witherspoon phosphor-gevent[1120]:     result = self._run(*self.args, **self.kwargs)
Sep 27 01:23:19 witherspoon phosphor-gevent[1120]:   File "/usr/lib/python2.7/site-packages/gevent/server.py", line 102, in wrap_socket_and_handle
Sep 27 01:23:19 witherspoon phosphor-gevent[1120]:     ssl_socket = self.wrap_socket(client_socket, **self.ssl_args)
Sep 27 01:23:19 witherspoon phosphor-gevent[1120]:   File "/usr/lib/python2.7/site-packages/gevent/ssl.py", line 404, in wrap_socket
Sep 27 01:23:19 witherspoon phosphor-gevent[1120]:     ciphers=ciphers)
Sep 27 01:23:19 witherspoon phosphor-gevent[1120]:   File "/usr/lib/python2.7/site-packages/gevent/ssl.py", line 113, in __init__
Sep 27 01:23:19 witherspoon phosphor-gevent[1120]:     self.do_handshake()
Sep 27 01:23:19 witherspoon phosphor-gevent[1120]:   File "/usr/lib/python2.7/site-packages/gevent/ssl.py", line 324, in do_handshake
Sep 27 01:23:19 witherspoon phosphor-gevent[1120]:     return self._sslobj.do_handshake()
Sep 27 01:23:19 witherspoon phosphor-gevent[1120]: SSLEOFError: EOF occurred in violation of protocol (_ssl.c:590)
Sep 27 01:23:19 witherspoon phosphor-gevent[1120]: <Greenlet at 0x7608a760: <bound method WSGIServer.wrap_socket_and_handle of <WSGIServer at 0x76062bb0 fileno=5 address=('::3452:f776:d82d:6d76%1986866632', 443, 0, 1986866632)>>(<socket at 0x75f37830 fileno=10>, ('::6039:6b76:8e91:f402%1995848476', 35472, 0, 199)> failed with SSLEOFError
Sep 27 01:23:19 witherspoon phosphor-gevent[1120]: Traceback (most recent call last):
Sep 27 01:23:19 witherspoon phosphor-gevent[1120]:   File "/usr/lib/python2.7/site-packages/gevent/greenlet.py", line 327, in run
Sep 27 01:23:19 witherspoon phosphor-gevent[1120]:     result = self._run(*self.args, **self.kwargs)
Sep 27 01:23:19 witherspoon phosphor-gevent[1120]:   File "/usr/lib/python2.7/site-packages/gevent/server.py", line 102, in wrap_socket_and_handle
Sep 27 01:23:19 witherspoon phosphor-gevent[1120]:     ssl_socket = self.wrap_socket(client_socket, **self.ssl_args)
Sep 27 01:23:19 witherspoon phosphor-gevent[1120]:   File "/usr/lib/python2.7/site-packages/gevent/ssl.py", line 404, in wrap_socket
Sep 27 01:23:19 witherspoon phosphor-gevent[1120]:     ciphers=ciphers)
Sep 27 01:23:19 witherspoon phosphor-gevent[1120]:   File "/usr/lib/python2.7/site-packages/gevent/ssl.py", line 113, in __init__
Sep 27 01:23:19 witherspoon phosphor-gevent[1120]:     self.do_handshake()
Sep 27 01:23:19 witherspoon phosphor-gevent[1120]:   File "/usr/lib/python2.7/site-packages/gevent/ssl.py", line 324, in do_handshake
Sep 27 01:23:19 witherspoon phosphor-gevent[1120]:     return self._sslobj.do_handshake()
Sep 27 01:23:19 witherspoon phosphor-gevent[1120]: SSLEOFError: EOF occurred in violation of protocol (_ssl.c:590)
Sep 27 01:23:19 witherspoon phosphor-gevent[1120]: <Greenlet at 0x7608a440: <bound method WSGIServer.wrap_socket_and_handle of <WSGIServer at 0x76062bb0 fileno=5 address=('::3452:f776:d82d:6d76%1986866632', 443, 0, 1986866632)>>(<socket at 0x75f378d0 fileno=11>, ('::6039:6b76:8e91:f402%1995848476', 35476, 0, 199)> failed with SSLEOFError
Sep 27 01:23:20 witherspoon systemd[1]: Started Wait for /org/openbmc/managers/System.
Sep 27 01:23:20 witherspoon systemd[1]: Starting Phosphor Power Button0...
Sep 27 01:23:20 witherspoon systemd[1]: Starting Phosphor BMC State Manager...
Sep 27 01:23:20 witherspoon systemd[1]: Starting Phosphor Reset Button0...
Sep 27 01:23:20 witherspoon systemd[1]: Starting Phosphor Chassis State Manager...
Sep 27 01:23:21 witherspoon systemd[1]: Starting Phosphor Power0 Control...
Sep 27 01:23:21 witherspoon system_manager.py[1117]: New object: /org/openbmc/control/power0 (:1.86)
Sep 27 01:23:22 witherspoon systemd[1]: Started Wait for /org/openbmc/settings/host0.
Sep 27 01:23:22 witherspoon systemd[1]: Started Phosphor Inband IPMI.
Sep 27 01:23:22 witherspoon phosphor-chassis-state-manager[1196]: Initial Chassis State will be Off
Sep 27 01:23:22 witherspoon systemd[1]: Started Phosphor Chassis State Manager.
Sep 27 01:23:22 witherspoon phosphor-bmc-state-manager[1194]: Setting the BMCState field
Sep 27 01:23:22 witherspoon phosphor-bmc-state-manager[1194]: Setting the BMCState field
Sep 27 01:23:22 witherspoon system_manager.py[1117]: Power GPIO config: ['SYS_PWROK_BUFF', '', [('SOFTWARE_PGOOD', True), ('BMC_POWER_UP', True)], [('BMC_CP0_RESET_N', False)], [], 'FSI_DATA', 'FSI_CLK', 'FSI_ENABLE', 'CRONUS_SEL', []]
Sep 27 01:23:22 witherspoon button_reset.exe[1195]: GPIO Lookup:  RESET_BUTTON = 353,both
Sep 27 01:23:22 witherspoon systemd[1]: Started Phosphor BMC State Manager.
Sep 27 01:23:22 witherspoon power_control.exe[1198]: Power GPIO latch output:
Sep 27 01:23:22 witherspoon power_control.exe[1198]: Power GPIO power good input: SYS_PWROK_BUFF
Sep 27 01:23:22 witherspoon power_control.exe[1198]: Power GPIO 2 power_up outputs
Sep 27 01:23:22 witherspoon power_control.exe[1198]: Power GPIO power_up[0] = SOFTWARE_PGOOD active HIGH
Sep 27 01:23:22 witherspoon power_control.exe[1198]: Power GPIO power_up[1] = BMC_POWER_UP active HIGH
Sep 27 01:23:22 witherspoon power_control.exe[1198]: Power GPIO 1 reset outputs
Sep 27 01:23:22 witherspoon power_control.exe[1198]: Power GPIO reset[0] = BMC_CP0_RESET_N active LOW
Sep 27 01:23:22 witherspoon power_control.exe[1198]: Power GPIO 0 pci reset outputs
Sep 27 01:23:22 witherspoon power_control.exe[1198]: FSI DATA GPIO: FSI_DATA
Sep 27 01:23:22 witherspoon power_control.exe[1198]: FSI CLK GPIO: FSI_CLK
Sep 27 01:23:22 witherspoon power_control.exe[1198]: FSI ENABLE GPIO: FSI_ENABLE
Sep 27 01:23:22 witherspoon power_control.exe[1198]: CRONUS SEL GPIO: CRONUS_SEL
Sep 27 01:23:22 witherspoon power_control.exe[1198]: Hostctl GPIO optionals: 0
Sep 27 01:23:22 witherspoon systemd[1]: Started Phosphor Reset Button0.
Sep 27 01:23:22 witherspoon power_control.exe[1198]: GPIO Lookup:  SYS_PWROK_BUFF = 306,in
Sep 27 01:23:23 witherspoon button_power.exe[1193]: GPIO Lookup:  POWER_BUTTON = 347,both
Sep 27 01:23:23 witherspoon systemd[1]: Started Phosphor Power Button0.
Sep 27 01:23:23 witherspoon power_control.exe[1198]: GPIO Lookup:  SOFTWARE_PGOOD = 417,out
Sep 27 01:23:23 witherspoon power_control.exe[1198]: GPIO Lookup:  BMC_POWER_UP = 305,out
Sep 27 01:23:23 witherspoon power_control.exe[1198]: GPIO Lookup:  BMC_CP0_RESET_N = 281,out
Sep 27 01:23:23 witherspoon power_control.exe[1198]: Pgood state: 0
Sep 27 01:23:23 witherspoon systemd[1]: Started Phosphor Power0 Control.
Sep 27 01:23:28 witherspoon systemd[1]: Started Wait for /xyz/openbmc_project/state/chassis0.
Sep 27 01:23:28 witherspoon systemd[1]: Started Wait for /org/openbmc/control/power0.
Sep 27 01:23:28 witherspoon systemd[1]: Starting Check Chassis0 pgood and create a file to indicate it...
Sep 27 01:23:28 witherspoon systemd[1]: Starting Phosphor Time Manager daemon...
Sep 27 01:23:29 witherspoon timemanager[1224]: Registering dbus methods
Sep 27 01:23:29 witherspoon timemanager[1224]: Last known time_mode: NTP
Sep 27 01:23:29 witherspoon timemanager[1224]: Last known time_owner: BMC
Sep 27 01:23:29 witherspoon timemanager[1224]: Empty DhcpNtp string
Sep 27 01:23:29 witherspoon timemanager[1224]: Reading Power Control key: pgood
Sep 27 01:23:29 witherspoon timemanager[1224]: Changing settings *allowed* now
Sep 27 01:23:30 witherspoon systemd[1]: Started Check Chassis0 pgood and create a file to indicate it.
Sep 27 01:23:30 witherspoon systemd[1]: Reached target Chassis0 power on after reset.
Sep 27 01:23:30 witherspoon systemd[1]: Reached target Chassis0 (Reset Check).
Sep 27 01:23:30 witherspoon timemanager[1224]: Owner is already set to : BMC
Sep 27 01:23:30 witherspoon systemd[1]: Started Wait for /xyz/openbmc_project/control/host0.
Sep 27 01:23:30 witherspoon systemd[1]: Reached target Host0 running after reset.
Sep 27 01:23:30 witherspoon systemd[1]: Reached target Host0 (Reset Check).
Sep 27 01:23:30 witherspoon systemd[1]: Starting Phosphor Host State Manager...
Sep 27 01:23:30 witherspoon timemanager[1224]: Requested_Mode: NTP Current_Mode: NTP
Sep 27 01:23:30 witherspoon timemanager[1224]: Mode is already set to : NTP
Sep 27 01:23:30 witherspoon timemanager[1224]: Getting System Settings: use_dhcp_ntp
Sep 27 01:23:31 witherspoon timemanager[1224]: use_dhcp_ntp = yes
Sep 27 01:23:31 witherspoon timemanager[1224]: Last known host_offset:0
Sep 27 01:23:31 witherspoon timemanager[1224]: Initial Uptime Usec: 1506475280307209
Sep 27 01:23:31 witherspoon phosphor-host-state-manager[1235]: Initial Host State will be Off
Sep 27 01:23:31 witherspoon phosphor-host-state-manager[1235]: External request to reset reboot count
Sep 27 01:23:31 witherspoon systemd[1]: Started Phosphor Time Manager daemon.
Sep 27 01:23:31 witherspoon systemd[1]: Started Phosphor Host State Manager.
Sep 27 01:23:32 witherspoon systemd[1]: Started Wait for /xyz/openbmc_project/state/host0.
Sep 27 01:23:32 witherspoon systemd[1]: Starting Reboot If Enabled...
Sep 27 01:23:33 witherspoon phosphor-discover-system-state[1237]: Host power is off, checking power policy
Sep 27 01:23:33 witherspoon phosphor-discover-system-state[1237]: power_policy=RESTORE, restoring last state
Sep 27 01:23:33 witherspoon phosphor-host-state-manager[1235]: Host State transaction request
Sep 27 01:23:33 witherspoon systemd[1]: Created slice system-vcs_off_poweroff.slice.
Sep 27 01:23:33 witherspoon systemd[1]: Stopped target Host0 (Reset Check).
Sep 27 01:23:33 witherspoon systemd[1]: Created slice system-op\x2dpower\x2dstop.slice.
Sep 27 01:23:33 witherspoon systemd[1]: Starting Wait for /xyz/openbmc_project/led/groups/power_on...
Sep 27 01:23:33 witherspoon systemd[1]: Starting Wait for /org/openbmc/HostIpmi/1...
Sep 27 01:23:33 witherspoon systemd[1]: Created slice system-ir35221\x2doff\x2dbind.slice.
Sep 27 01:23:33 witherspoon systemd[1]: Stopped target Chassis0 (Reset Check).
Sep 27 01:23:33 witherspoon systemd[1]: Starting Phosphor MAX31785 MSL...
Sep 27 01:23:33 witherspoon systemd[1]: Stopped target Chassis0 power on after reset.
Sep 27 01:23:33 witherspoon systemd[1]: Created slice system-obmc\x2dled\x2dgroup\x2dstop.slice.
Sep 27 01:23:33 witherspoon systemd[1]: Starting Wait for /org/openbmc/control/chassis0...
Sep 27 01:23:33 witherspoon systemd[1]: Created slice system-op\x2docc\x2ddisable.slice.
Sep 27 01:23:33 witherspoon systemd[1]: Starting OpenPOWER OCC Active Disable...
Sep 27 01:23:33 witherspoon systemd[1]: Created slice system-ir35221\x2doff\x2dunbind.slice.
Sep 27 01:23:33 witherspoon systemd[1]: Started Phosphor Cooling Type.
Sep 27 01:23:33 witherspoon systemd[1]: Created slice system-op\x2dwait\x2dpower\x2doff.slice.
Sep 27 01:23:34 witherspoon systemd[1]: Started Reboot If Enabled.
Sep 27 01:23:35 witherspoon systemd[1]: Started OpenPOWER OCC Active Disable.
Sep 27 01:23:35 witherspoon systemd[1]: Started Wait for /org/openbmc/HostIpmi/1.
Sep 27 01:23:35 witherspoon systemd[1]: Starting Soft power off of the host...
Sep 27 01:23:35 witherspoon systemd[1]: Started Wait for /xyz/openbmc_project/led/groups/power_on.
Sep 27 01:23:35 witherspoon systemd[1]: Starting Assert power_on LED...
Sep 27 01:23:35 witherspoon systemd[1]: Started Wait for /org/openbmc/control/chassis0.
Sep 27 01:23:36 witherspoon systemd[1]: Started Assert power_on LED.
Sep 27 01:23:36 witherspoon systemd[1]: Started Phosphor MAX31785 MSL.
Sep 27 01:23:36 witherspoon systemd[1]: Reached target Phosphor System - Standby.
Sep 27 01:23:36 witherspoon systemd[1]: Starting Assert bmc_booted LED...
Sep 27 01:23:36 witherspoon systemd[1]: Reached target Stop Host0 (Pre).
Sep 27 01:23:36 witherspoon systemd[1]: Starting Power off mode unbind ir35221 device driver devs...
Sep 27 01:23:36 witherspoon systemd[1]: Reached target Stop Hosti (Pre).
Sep 27 01:23:36 witherspoon systemd[1]: Reached target Hosti (Stopping).
Sep 27 01:23:36 witherspoon systemd[1]: Reached target Hosti (Stopped).
Sep 27 01:23:36 witherspoon systemd[1]: Reached target Poweri Off (Pre).
Sep 27 01:23:36 witherspoon systemd[1]: Reached target Poweri Off.
Sep 27 01:23:36 witherspoon phosphor-bmc-state-manager[1194]: BMC_READY
Sep 27 01:23:36 witherspoon phosphor-bmc-state-manager[1194]: Setting the BMCState field
Sep 27 01:23:37 witherspoon ipmid[1207]: Pushing cmd on to queue
Sep 27 01:23:37 witherspoon ipmid[1207]: Pushing cmd on to queue
Sep 27 01:23:37 witherspoon ipmid[1207]: Asserting SMS Attention
Sep 27 01:23:37 witherspoon ipmid[1207]: SMS Attention asserted
Sep 27 01:23:37 witherspoon phosphor-ledmanager[1033]: Asserting LEDs
Sep 27 01:23:37 witherspoon systemd[1]: Started Assert bmc_booted LED.
Sep 27 01:23:37 witherspoon systemd[1]: Started Power off mode unbind ir35221 device driver devs.
Sep 27 01:23:37 witherspoon systemd[1]: xyz.openbmc_project.Hwmon@ahb-apb-i2c\x401e78a000-i2c\x2dbus\x40140-ir35221\x4071.service: Unit not needed anymore. Stopping.
Sep 27 01:23:37 witherspoon systemd[1]: Stopping Phosphor Hwmon Poller...
Sep 27 01:23:37 witherspoon systemd[1]: Stopped Phosphor Hwmon Poller.
Sep 27 01:23:37 witherspoon systemd[1]: xyz.openbmc_project.Hwmon@ahb-apb-i2c\x401e78a000-i2c\x2dbus\x40180-ir35221\x4070.service: Unit not needed anymore. Stopping.
Sep 27 01:23:37 witherspoon systemd[1]: xyz.openbmc_project.Hwmon@ahb-apb-i2c\x401e78a000-i2c\x2dbus\x40180-ir35221\x4071.service: Unit not needed anymore. Stopping.
Sep 27 01:23:37 witherspoon systemd[1]: xyz.openbmc_project.Hwmon@ahb-apb-i2c\x401e78a000-i2c\x2dbus\x40140-ir35221\x4070.service: Unit not needed anymore. Stopping.
Sep 27 01:23:37 witherspoon systemd[1]: Stopping Phosphor Hwmon Poller...
Sep 27 01:23:37 witherspoon systemd[1]: Stopping Phosphor Hwmon Poller...
Sep 27 01:23:37 witherspoon systemd[1]: Stopping Phosphor Hwmon Poller...
Sep 27 01:23:37 witherspoon systemd[1]: Stopped Phosphor Hwmon Poller.
Sep 27 01:23:37 witherspoon systemd[1]: Stopped Phosphor Hwmon Poller.
Sep 27 01:23:38 witherspoon systemd[1]: Stopped Phosphor Hwmon Poller.
Sep 27 01:23:38 witherspoon phosphor-gevent[1120]: ::6039:6b76:8e91:f402%1995848476 - - [2017-09-27 01:23:38] "POST /login HTTP/1.1" 200 320 0.139057
Sep 27 01:23:40 witherspoon ipmid[1207]: Host control timeout hit!
Sep 27 01:23:40 witherspoon ipmid[1207]: Timer expired
Sep 27 01:23:40 witherspoon phosphor-softpoweroff[1256]: Host control signal values
Sep 27 01:23:40 witherspoon phosphor-softpoweroff[1256]: Timeout on host attention, continue with power down
Sep 27 01:23:40 witherspoon systemd[1]: Started Soft power off of the host.
Sep 27 01:23:40 witherspoon systemd[1]: Reached target Host0 (Stopping).
Sep 27 01:23:40 witherspoon systemd[1]: Reached target Host0 (Stopped).
Sep 27 01:23:40 witherspoon systemd[1]: Reached target Power0 Off (Pre).
Sep 27 01:23:40 witherspoon systemd[1]: Started Stop Power0.
Sep 27 01:23:40 witherspoon systemd[1]: Starting Wait for Power0 to turn off...
Sep 27 01:23:43 witherspoon phosphor-gevent[1120]: ::6039:6b76:8e91:f402%1995848476 - - [2017-09-27 01:23:43] "GET /xyz/openbmc_project/state/chassis0//attr/CurrentPowerState HTTP/1.1" 200 216 5.114424
Sep 27 01:23:44 witherspoon phosphor-gevent[1120]: ::6039:6b76:8e91:f402%1995848476 - - [2017-09-27 01:23:44] "POST /login HTTP/1.1" 200 320 0.033213
Sep 27 01:23:46 witherspoon power_control.exe[1198]: Power already at requested state: 0
Sep 27 01:23:46 witherspoon systemd[1]: Started Wait for Power0 to turn off.
Sep 27 01:23:47 witherspoon phosphor-gevent[1120]: ::6039:6b76:8e91:f402%1995848476 - - [2017-09-27 01:23:47] "GET /xyz/openbmc_project/state/chassis0//attr/CurrentPowerState HTTP/1.1" 200 216 2.831387
Sep 27 01:23:46 witherspoon systemd[1]: Reached target Power0 Off.
Sep 27 01:23:46 witherspoon systemd[1]: Starting Disable VCS on a power off...
Sep 27 01:23:47 witherspoon systemd[1]: Started Disable VCS on a power off.
Sep 27 01:23:47 witherspoon systemd[1]: Starting Power off mode bind ir35221 device driver devs...
Sep 27 01:23:47 witherspoon systemd[1]: Started Phosphor Hwmon Poller.
Sep 27 01:23:47 witherspoon systemd[1]: Started Phosphor Hwmon Poller.
Sep 27 01:23:48 witherspoon phosphor-gevent[1120]: ::6039:6b76:8e91:f402%1995848476 - - [2017-09-27 01:23:48] "POST /login HTTP/1.1" 200 320 0.220468
Sep 27 01:23:48 witherspoon systemd[1]: Started Phosphor Hwmon Poller.
Sep 27 01:23:48 witherspoon systemd[1]: Started Power off mode bind ir35221 device driver devs.
Sep 27 01:23:48 witherspoon systemd[1]: Started Phosphor Hwmon Poller.
Sep 27 01:23:48 witherspoon systemd[1]: Reached target Chassis0 (Power Off).
Sep 27 01:23:48 witherspoon systemd[1]: Reached target Power0 Host Off.
Sep 27 01:23:48 witherspoon systemd[1]: Reached target Stop Host0.
Sep 27 01:23:48 witherspoon systemd[1]: Startup finished in 17.389s (kernel) + 2min 11.092s (userspace) = 2min 28.481s.
Sep 27 01:23:49 witherspoon phosphor-chassis-state-manager[1196]: Received signal that power OFF is complete
Sep 27 01:23:49 witherspoon phosphor-chassis-state-manager[1196]: Change to Chassis Power State
Sep 27 01:23:49 witherspoon phosphor-host-state-manager[1235]: Received signal that host is off
Sep 27 01:23:49 witherspoon phosphor-host-state-manager[1235]: Change to Host State
Sep 27 01:23:50 witherspoon phosphor-gevent[1120]: ::6039:6b76:8e91:f402%1995848476 - - [2017-09-27 01:23:50] "GET /xyz/openbmc_project/state/host0//attr/BootProgress HTTP/1.1" 200 234 1.998076
Sep 27 01:23:51 witherspoon phosphor-gevent[1120]: ::6039:6b76:8e91:f402%1995848476 - - [2017-09-27 01:23:51] "POST /login HTTP/1.1" 200 320 0.033164
Sep 27 01:23:51 witherspoon phosphor-gevent[1120]: ::6039:6b76:8e91:f402%1995848476 - - [2017-09-27 01:23:51] "GET /xyz/openbmc_project/state/host0//attr/CurrentHostState HTTP/1.1" 200 212 0.226920
Sep 27 01:23:51 witherspoon phosphor-gevent[1120]: ::6039:6b76:8e91:f402%1995848476 - - [2017-09-27 01:23:51] "POST /login HTTP/1.1" 200 320 0.033114
Sep 27 01:23:52 witherspoon phosphor-gevent[1120]: ::6039:6b76:8e91:f402%1995848476 - - [2017-09-27 01:23:52] "GET /xyz/openbmc_project/logging/entry//list HTTP/1.1" 200 214 0.386747
Sep 27 01:23:58 witherspoon phosphor-gevent[1120]: ::6039:6b76:8e91:f402%1995848476 - - [2017-09-27 01:23:58] "POST /login HTTP/1.1" 200 320 0.033133
Sep 27 01:23:58 witherspoon phosphor-gevent[1120]: ::6039:6b76:8e91:f402%1995848476 - - [2017-09-27 01:23:58] "GET /xyz/openbmc_project/sensors/enumerate HTTP/1.1" 200 4477 0.537150
Sep 27 01:23:59 witherspoon phosphor-gevent[1120]: ::6039:6b76:8e91:f402%1995848476 - - [2017-09-27 01:23:59] "POST /login HTTP/1.1" 200 320 0.033463
Sep 27 01:23:59 witherspoon phosphor-gevent[1120]: ::6039:6b76:8e91:f402%1995848476 - - [2017-09-27 01:23:59] "GET /org/open_power/control/enumerate HTTP/1.1" 200 345 0.130651
Sep 27 01:23:59 witherspoon phosphor-gevent[1120]: ::6039:6b76:8e91:f402%1995848476 - - [2017-09-27 01:23:59] "POST /login HTTP/1.1" 200 320 0.033229
Sep 27 01:23:59 witherspoon phosphor-gevent[1120]: ::6039:6b76:8e91:f402%1995848476 - - [2017-09-27 01:23:59] "GET /xyz/openbmc_project/control/enumerate HTTP/1.1" 200 1380 0.334366
Sep 27 01:23:59 witherspoon phosphor-gevent[1120]: ::6039:6b76:8e91:f402%1995848476 - - [2017-09-27 01:23:59] "POST /login HTTP/1.1" 200 320 0.033585
Sep 27 01:24:01 witherspoon phosphor-gevent[1120]: ::6039:6b76:8e91:f402%1995848476 - - [2017-09-27 01:24:01] "GET /xyz/openbmc_project/led/enumerate HTTP/1.1" 200 8126 1.594239
Sep 27 01:24:01 witherspoon phosphor-gevent[1120]: ::6039:6b76:8e91:f402%1995848476 - - [2017-09-27 01:24:01] "POST /login HTTP/1.1" 200 320 0.032941
Sep 27 01:24:02 witherspoon phosphor-gevent[1120]: ::6039:6b76:8e91:f402%1995848476 - - [2017-09-27 01:24:02] "GET /xyz/openbmc_project/software/enumerate HTTP/1.1" 200 2685 0.219677
Sep 27 01:24:02 witherspoon phosphor-gevent[1120]: ::6039:6b76:8e91:f402%1995848476 - - [2017-09-27 01:24:02] "POST /login HTTP/1.1" 200 320 0.033407
Sep 27 01:24:02 witherspoon phosphor-gevent[1120]: ::6039:6b76:8e91:f402%1995848476 - - [2017-09-27 01:24:02] "GET /xyz/openbmc_project/logging/entry/enumerate HTTP/1.1" 200 523 0.105366
Sep 27 01:24:02 witherspoon phosphor-gevent[1120]: ::6039:6b76:8e91:f402%1995848476 - - [2017-09-27 01:24:02] "POST /login HTTP/1.1" 200 320 0.045126
Sep 27 01:24:04 witherspoon phosphor-gevent[1120]: ::6039:6b76:8e91:f402%1995848476 - - [2017-09-27 01:24:04] "GET /xyz/openbmc_project/inventory/enumerate HTTP/1.1" 200 16718 2.042253
Sep 27 01:24:05 witherspoon systemd[1]: Started SSH Per-Connection Server (9.41.165.94:48044).
Sep 27 01:24:05 witherspoon dropbear[1344]: Failed loading /var/lib/dropbear/dropbear_rsa_host_key
Sep 27 01:24:05 witherspoon dropbear[1344]: Failed loading /etc/dropbear/dropbear_dss_host_key
Sep 27 01:24:05 witherspoon dropbear[1344]: Failed loading /etc/dropbear/dropbear_ecdsa_host_key
Sep 27 01:24:05 witherspoon dropbear[1344]: Child connection from ::ffff:9.41.165.94:48044
Sep 27 01:24:05 witherspoon dropbear[1344]: PAM password auth succeeded for 'root' from ::ffff:9.41.165.94:48044
Sep 27 01:24:11 witherspoon phosphor-gevent[1120]: ::6039:6b76:8e91:f402%1995848476 - - [2017-09-27 01:24:11] "POST /login HTTP/1.1" 200 320 0.045073
Sep 27 01:24:11 witherspoon phosphor-gevent[1120]: ::6039:6b76:8e91:f402%1995848476 - - [2017-09-27 01:24:11] "GET /xyz/openbmc_project/logging/entry//enumerate HTTP/1.1" 200 523 0.105866
Sep 27 01:24:11 witherspoon phosphor-gevent[1120]: ::6039:6b76:8e91:f402%1995848476 - - [2017-09-27 01:24:11] "POST /login HTTP/1.1" 200 320 0.049306
Sep 27 01:24:12 witherspoon phosphor-gevent[1120]: ::6039:6b76:8e91:f402%1995848476 - - [2017-09-27 01:24:12] "GET /xyz/openbmc_project/logging/entry/1/attr/AdditionalData HTTP/1.1" 200 186 0.081282
Sep 27 01:24:12 witherspoon phosphor-gevent[1120]: ::6039:6b76:8e91:f402%1995848476 - - [2017-09-27 01:24:12] "POST /login HTTP/1.1" 200 320 0.033618
Sep 27 01:24:12 witherspoon phosphor-gevent[1120]: ::6039:6b76:8e91:f402%1995848476 - - [2017-09-27 01:24:12] "GET /xyz/openbmc_project/logging/entry//list HTTP/1.1" 200 214 0.038548
Sep 27 01:24:12 witherspoon phosphor-gevent[1120]: ::6039:6b76:8e91:f402%1995848476 - - [2017-09-27 01:24:12] "POST /login HTTP/1.1" 200 320 0.042806
Sep 27 01:24:12 witherspoon phosphor-gevent[1120]: ::6039:6b76:8e91:f402%1995848476 - - [2017-09-27 01:24:12] "GET /xyz/openbmc_project/logging/entry//list HTTP/1.1" 200 214 0.038759
Sep 27 01:24:12 witherspoon phosphor-gevent[1120]: ::6039:6b76:8e91:f402%1995848476 - - [2017-09-27 01:24:12] "POST /login HTTP/1.1" 200 320 0.034069
Sep 27 01:24:13 witherspoon phosphor-gevent[1120]: ::6039:6b76:8e91:f402%1995848476 - - [2017-09-27 01:24:13] "DELETE /xyz/openbmc_project/logging/entry/1 HTTP/1.1" 200 169 0.079841
Sep 27 01:24:13 witherspoon dropbear[1054]: Exit (root): Exited normally
Sep 27 01:24:13 witherspoon dropbear[1344]: Exit (root): Exited normally
Sep 27 01:25:33 witherspoon systemd[1]: Started SSH Per-Connection Server (9.41.165.94:48096).
Sep 27 01:25:33 witherspoon dropbear[1357]: Failed loading /var/lib/dropbear/dropbear_rsa_host_key
Sep 27 01:25:33 witherspoon dropbear[1357]: Failed loading /etc/dropbear/dropbear_dss_host_key
Sep 27 01:25:33 witherspoon dropbear[1357]: Failed loading /etc/dropbear/dropbear_ecdsa_host_key
Sep 27 01:25:33 witherspoon dropbear[1357]: Child connection from ::ffff:9.41.165.94:48096
Sep 27 01:25:34 witherspoon dropbear[1357]: PAM password auth succeeded for 'root' from ::ffff:9.41.165.94:48096
Sep 27 01:25:35 witherspoon phosphor-gevent[1120]: ::6039:6b76:8e91:f402%1995848476 - - [2017-09-27 01:25:35] "POST /login HTTP/1.1" 200 320 0.033822
Sep 27 01:25:35 witherspoon phosphor-gevent[1120]: ::6039:6b76:8e91:f402%1995848476 - - [2017-09-27 01:25:35] "GET /xyz/openbmc_project/software/ HTTP/1.1" 200 308 0.048810
Sep 27 01:25:35 witherspoon phosphor-gevent[1120]: ::6039:6b76:8e91:f402%1995848476 - - [2017-09-27 01:25:35] "POST /login HTTP/1.1" 200 320 0.033587
Sep 27 01:25:35 witherspoon phosphor-gevent[1120]: ::6039:6b76:8e91:f402%1995848476 - - [2017-09-27 01:25:35] "GET /xyz/openbmc_project/software/8764baa3/attr/Purpose HTTP/1.1" 200 224 0.120669
Sep 27 01:25:36 witherspoon phosphor-gevent[1120]: ::6039:6b76:8e91:f402%1995848476 - - [2017-09-27 01:25:36] "POST /login HTTP/1.1" 200 320 0.033909
Sep 27 01:25:36 witherspoon phosphor-gevent[1120]: ::6039:6b76:8e91:f402%1995848476 - - [2017-09-27 01:25:36] "GET /xyz/openbmc_project/software/7a9ef57c/attr/Purpose HTTP/1.1" 200 224 0.112989
Sep 27 01:25:36 witherspoon phosphor-gevent[1120]: ::6039:6b76:8e91:f402%1995848476 - - [2017-09-27 01:25:36] "POST /login HTTP/1.1" 200 320 0.041271
Sep 27 01:25:36 witherspoon phosphor-gevent[1120]: ::6039:6b76:8e91:f402%1995848476 - - [2017-09-27 01:25:36] "GET /xyz/openbmc_project/software/active/attr/Purpose HTTP/1.1" 404 259 0.059686
Sep 27 01:25:36 witherspoon phosphor-gevent[1120]: ::6039:6b76:8e91:f402%1995848476 - - [2017-09-27 01:25:36] "POST /login HTTP/1.1" 200 320 0.041058
