-- Logs begin at Mon 2017-07-31 19:41:06 UTC, end at Mon 2017-07-31 19:50:25 UTC. --
Jul 31 19:41:06 witherspoon kernel: Booting Linux on physical CPU 0x0
Jul 31 19:41:06 witherspoon kernel: Linux version 4.10.17-44f0dc8ac43162c4f7082884d6cd79400341bf5b (jenkins@openbmc-builder1) (gcc version 6.2.0 (GCC) ) #1 Mon Jul 31 19:20:33 UTC 2017
Jul 31 19:41:06 witherspoon kernel: CPU: ARMv6-compatible processor [410fb767] revision 7 (ARMv7), cr=00c5387d
Jul 31 19:41:06 witherspoon kernel: CPU: PIPT / VIPT nonaliasing data cache, VIPT nonaliasing instruction cache
Jul 31 19:41:06 witherspoon kernel: OF: fdt:Machine model: Witherspoon BMC
Jul 31 19:41:06 witherspoon kernel: Memory policy: Data cache writeback
Jul 31 19:41:06 witherspoon kernel: SOC Rev: 04030303
Jul 31 19:41:06 witherspoon kernel: On node 0 totalpages: 110592
Jul 31 19:41:06 witherspoon kernel: free_area_init_node: node 0, pgdat 805ff5e4, node_mem_map 9ec1a000
Jul 31 19:41:06 witherspoon kernel:   Normal zone: 992 pages used for memmap
Jul 31 19:41:07 witherspoon kernel:   Normal zone: 0 pages reserved
Jul 31 19:41:07 witherspoon kernel:   Normal zone: 110592 pages, LIFO batch:31
Jul 31 19:41:07 witherspoon kernel: pcpu-alloc: s0 r0 d32768 u32768 alloc=1*32768
Jul 31 19:41:07 witherspoon kernel: pcpu-alloc: [0] 0 
Jul 31 19:41:07 witherspoon kernel: Built 1 zonelists in Zone order, mobility grouping on.  Total pages: 109600
Jul 31 19:41:07 witherspoon kernel: Kernel command line: console=ttyS4,115200n8 root=/dev/ram rw
Jul 31 19:41:07 witherspoon kernel: PID hash table entries: 2048 (order: 1, 8192 bytes)
Jul 31 19:41:07 witherspoon kernel: Dentry cache hash table entries: 65536 (order: 6, 262144 bytes)
Jul 31 19:41:07 witherspoon kernel: Inode-cache hash table entries: 32768 (order: 5, 131072 bytes)
Jul 31 19:41:07 witherspoon kernel: Memory: 430436K/442368K available (4065K kernel code, 280K rwdata, 1192K rodata, 284K init, 111K bss, 11932K reserved, 0K cma-reserved)
Jul 31 19:41:07 witherspoon kernel: Virtual kernel memory layout:
                                        vector  : 0xffff0000 - 0xffff1000   (   4 kB)
                                        fixmap  : 0xffc00000 - 0xfff00000   (3072 kB)
                                        vmalloc : 0x9f800000 - 0xff800000   (1536 MB)
                                        lowmem  : 0x80000000 - 0x9f000000   ( 496 MB)
                                          .text : 0x80008000 - 0x804007a0   (4066 kB)
                                          .init : 0x80585000 - 0x805cc000   ( 284 kB)
                                          .data : 0x805cc000 - 0x80612358   ( 281 kB)
                                           .bss : 0x80612358 - 0x8062e1f8   ( 112 kB)
Jul 31 19:41:07 witherspoon kernel: NR_IRQS:16 nr_irqs:16 16
Jul 31 19:41:07 witherspoon kernel: i2c controller registered, irq 16
Jul 31 19:41:07 witherspoon kernel: clocksource: moxart_timer: mask: 0xffffffff max_cycles: 0xffffffff, max_idle_ns: 77222644334 ns
Jul 31 19:41:07 witherspoon kernel: sched_clock: 32 bits at 100 Hz, resolution 10000000ns, wraps every 21474836475000000ns
Jul 31 19:41:07 witherspoon kernel: Calibrating delay loop... 789.70 BogoMIPS (lpj=3948544)
Jul 31 19:41:07 witherspoon kernel: pid_max: default: 32768 minimum: 301
Jul 31 19:41:07 witherspoon kernel: Mount-cache hash table entries: 1024 (order: 0, 4096 bytes)
Jul 31 19:41:07 witherspoon kernel: Mountpoint-cache hash table entries: 1024 (order: 0, 4096 bytes)
Jul 31 19:41:07 witherspoon kernel: CPU: Testing write buffer coherency: ok
Jul 31 19:41:07 witherspoon kernel: ftrace: allocating 14932 entries in 44 pages
Jul 31 19:41:07 witherspoon kernel: Setting up static identity map for 0x80008200 - 0x8000825c
Jul 31 19:41:07 witherspoon kernel: devtmpfs: initialized
Jul 31 19:41:07 witherspoon kernel: clocksource: jiffies: mask: 0xffffffff max_cycles: 0xffffffff, max_idle_ns: 19112604462750000 ns
Jul 31 19:41:07 witherspoon kernel: futex hash table entries: 256 (order: -1, 3072 bytes)
Jul 31 19:41:07 witherspoon kernel: pinctrl core: initialized pinctrl subsystem
Jul 31 19:41:07 witherspoon kernel: NET: Registered protocol family 16
Jul 31 19:41:07 witherspoon kernel: DMA: preallocated 256 KiB pool for atomic coherent allocations
Jul 31 19:41:07 witherspoon kernel: usbcore: registered new interface driver usbfs
Jul 31 19:41:07 witherspoon kernel: usbcore: registered new interface driver hub
Jul 31 19:41:07 witherspoon kernel: usbcore: registered new device driver usb
Jul 31 19:41:07 witherspoon kernel: clocksource: Switched to clocksource moxart_timer
Jul 31 19:41:07 witherspoon kernel: NET: Registered protocol family 2
Jul 31 19:41:07 witherspoon kernel: TCP established hash table entries: 4096 (order: 2, 16384 bytes)
Jul 31 19:41:07 witherspoon kernel: TCP bind hash table entries: 4096 (order: 2, 16384 bytes)
Jul 31 19:41:07 witherspoon kernel: TCP: Hash tables configured (established 4096 bind 4096)
Jul 31 19:41:07 witherspoon kernel: UDP hash table entries: 256 (order: 0, 4096 bytes)
Jul 31 19:41:07 witherspoon kernel: UDP-Lite hash table entries: 256 (order: 0, 4096 bytes)
Jul 31 19:41:07 witherspoon kernel: NET: Registered protocol family 1
Jul 31 19:41:07 witherspoon kernel: Trying to unpack rootfs image as initramfs...
Jul 31 19:41:07 witherspoon kernel: Freeing initrd memory: 1548K
Jul 31 19:41:07 witherspoon kernel: workingset: timestamp_bits=30 max_order=17 bucket_order=0
Jul 31 19:41:07 witherspoon kernel: squashfs: version 4.0 (2009/01/31) Phillip Lougher
Jul 31 19:41:07 witherspoon kernel: jffs2: version 2.2. (SUMMARY)  © 2001-2006 Red Hat, Inc.
Jul 31 19:41:07 witherspoon kernel: Block layer SCSI generic (bsg) driver version 0.4 loaded (major 250)
Jul 31 19:41:07 witherspoon kernel: io scheduler noop registered
Jul 31 19:41:07 witherspoon kernel: io scheduler deadline registered
Jul 31 19:41:07 witherspoon kernel: io scheduler cfq registered (default)
Jul 31 19:41:07 witherspoon kernel: ipmi-bt-host 1e789140.ibt: Found bt bmc device
Jul 31 19:41:07 witherspoon kernel: ipmi-bt-host 1e789140.ibt: Using IRQ 22
Jul 31 19:41:07 witherspoon kernel: Serial: 8250/16550 driver, 6 ports, IRQ sharing enabled
Jul 31 19:41:07 witherspoon kernel: 1e783000.serial: ttyS0 at MMIO 0x1e783000 (irq = 23, base_baud = 1500000) is a 16550A
Jul 31 19:41:07 witherspoon kernel: 1e78d000.serial: ttyS1 at MMIO 0x1e78d000 (irq = 24, base_baud = 1500000) is a 16550A
Jul 31 19:41:07 witherspoon kernel: 1e784000.serial: ttyS4 at MMIO 0x1e784000 (irq = 25, base_baud = 1500000) is a 16550A
Jul 31 19:41:07 witherspoon kernel: console [ttyS4] enabled
Jul 31 19:41:07 witherspoon kernel: 1e787000.vuart: ttyS2 at MMIO 0x1e787000 (irq = 22, base_baud = 1500000) is a 16550A
Jul 31 19:41:07 witherspoon kernel: timeriomem_rng 1e6e2078.hwrng: 32bits from 0xf00e2078 @ 1us
Jul 31 19:41:07 witherspoon kernel: random: fast init done
Jul 31 19:41:07 witherspoon kernel: brd: module loaded
Jul 31 19:41:07 witherspoon kernel: loop: module loaded
Jul 31 19:41:07 witherspoon kernel: aspeed-lpc-ctrl 1e789080.lpc-ctrl: Loaded at 0x98000000 (0x04000000)
Jul 31 19:41:07 witherspoon kernel: aspeed-smc 1e620000.flash-controller: Using IRQ 18
Jul 31 19:41:07 witherspoon kernel: aspeed-smc 1e620000.flash-controller: DMA support disabled.
Jul 31 19:41:07 witherspoon kernel: aspeed-smc 1e620000.flash-controller: mx25l25635e (32768 Kbytes)
Jul 31 19:41:07 witherspoon kernel: aspeed-smc 1e620000.flash-controller: CE0 window [ 0x20000000 - 0x22000000 ] 32MB
Jul 31 19:41:07 witherspoon kernel: aspeed-smc 1e620000.flash-controller: CE1 window [ 0x22000000 - 0x2a000000 ] 128MB
Jul 31 19:41:07 witherspoon kernel: 5 ofpart partitions found on MTD device bmc
Jul 31 19:41:07 witherspoon kernel: Creating 5 MTD partitions on "bmc":
Jul 31 19:41:07 witherspoon kernel: 0x000000000000-0x000000060000 : "u-boot"
Jul 31 19:41:07 witherspoon kernel: 0x000000060000-0x000000080000 : "u-boot-env"
Jul 31 19:41:07 witherspoon kernel: random: crng init done
Jul 31 19:41:07 witherspoon kernel: 0x000000080000-0x0000004c0000 : "kernel"
Jul 31 19:41:07 witherspoon kernel: 0x0000004c0000-0x000001c00000 : "rofs"
Jul 31 19:41:07 witherspoon kernel: 0x000001c00000-0x000002000000 : "rwfs"
Jul 31 19:41:07 witherspoon kernel: aspeed-smc 1e620000.flash-controller: mx25l25635e (32768 Kbytes)
Jul 31 19:41:07 witherspoon kernel: aspeed-smc 1e620000.flash-controller: CE1 window [ 0x22000000 - 0x24000000 ] 32MB
Jul 31 19:41:07 witherspoon kernel: aspeed-smc 1e620000.flash-controller: CE2 window [ 0x24000000 - 0x2c000000 ] 128MB
Jul 31 19:41:07 witherspoon kernel: aspeed-smc 1e630000.flash-controller: mx66l1g45g (131072 Kbytes)
Jul 31 19:41:07 witherspoon kernel: aspeed-smc 1e630000.flash-controller: CE0 window resized to 120MB (AST2500 HW quirk)
Jul 31 19:41:07 witherspoon kernel: aspeed-smc 1e630000.flash-controller: CE0 window [ 0x30000000 - 0x37800000 ] 120MB
Jul 31 19:41:07 witherspoon kernel: aspeed-smc 1e630000.flash-controller: CE0 window too small for chip 128MB
Jul 31 19:41:07 witherspoon kernel: aspeed-smc 1e630000.flash-controller: CE1 window [ 0x37800000 - 0x38000000 ] 8MB
Jul 31 19:41:07 witherspoon kernel: libphy: Fixed MDIO Bus: probed
Jul 31 19:41:07 witherspoon kernel: ftgmac100 1e660000.ethernet: Read MAC address 70:e2:84:14:23:e1 from chip
Jul 31 19:41:07 witherspoon kernel: ftgmac100 1e660000.ethernet: Using NCSI interface
Jul 31 19:41:07 witherspoon kernel: ftgmac100 1e660000.ethernet eth0: irq 20, mapped at f0060000
Jul 31 19:41:07 witherspoon kernel: ehci_hcd: USB 2.0 'Enhanced' Host Controller (EHCI) Driver
Jul 31 19:41:07 witherspoon kernel: ehci-platform: EHCI generic platform driver
Jul 31 19:41:07 witherspoon kernel:  fsi0: can't read slave 00:00 -5
Jul 31 19:41:07 witherspoon kernel: i2c /dev entries driver
Jul 31 19:41:07 witherspoon kernel: aspeed-i2c-bus 1e78a0c0.i2c-bus: i2c bus 2 registered, irq 26
Jul 31 19:41:07 witherspoon kernel: aspeed-i2c-bus 1e78a100.i2c-bus: i2c bus 3 registered, irq 27
Jul 31 19:41:07 witherspoon kernel: aspeed-i2c-bus 1e78a140.i2c-bus: i2c bus 4 registered, irq 28
Jul 31 19:41:07 witherspoon kernel: aspeed-i2c-bus 1e78a180.i2c-bus: i2c bus 5 registered, irq 29
Jul 31 19:41:07 witherspoon kernel: aspeed-i2c-bus 1e78a380.i2c-bus: i2c bus 9 registered, irq 30
Jul 31 19:41:07 witherspoon kernel: aspeed-i2c-bus 1e78a3c0.i2c-bus: i2c bus 10 registered, irq 31
Jul 31 19:41:07 witherspoon kernel: rtc-rv8803 11-0032: Voltage low, temperature compensation stopped.
Jul 31 19:41:07 witherspoon kernel: rtc-rv8803 11-0032: An alarm maybe have been missed.
Jul 31 19:41:07 witherspoon kernel: rtc-rv8803 11-0032: rtc core: registered rx8900 as rtc0
Jul 31 19:41:07 witherspoon kernel: at24 11-0051: 8192 byte 24c64 EEPROM, writable, 1 bytes/write
Jul 31 19:41:07 witherspoon kernel: aspeed-i2c-bus 1e78a400.i2c-bus: i2c bus 11 registered, irq 32
Jul 31 19:41:07 witherspoon kernel: aspeed-i2c-bus 1e78a440.i2c-bus: i2c bus 12 registered, irq 33
Jul 31 19:41:07 witherspoon kernel: aspeed-i2c-bus 1e78a480.i2c-bus: i2c bus 13 registered, irq 34
Jul 31 19:41:07 witherspoon kernel: Driver for 1-wire Dallas network protocol.
Jul 31 19:41:07 witherspoon kernel: lm75 9-004a: hwmon0: sensor 'tmp275'
Jul 31 19:41:07 witherspoon kernel: max31785: probe of 3-0052 failed with error -5
Jul 31 19:41:07 witherspoon kernel: ucd9000 11-0064: Device ID UCD90160|2.3.4.0000|110603
Jul 31 19:41:07 witherspoon kernel: leds-pca955x 3-0060: leds-pca955x: Using pca9552 16-bit LED driver at slave address 0x60
Jul 31 19:41:07 witherspoon kernel: leds-pca955x 11-0060: leds-pca955x: Using pca9552 16-bit LED driver at slave address 0x60
Jul 31 19:41:07 witherspoon kernel: leds-pca955x 11-0060: gpios 264...279
Jul 31 19:41:07 witherspoon kernel: usbcore: registered new interface driver usbhid
Jul 31 19:41:07 witherspoon kernel: usbhid: USB HID core driver
Jul 31 19:41:07 witherspoon kernel: NET: Registered protocol family 10
Jul 31 19:41:07 witherspoon kernel: Segment Routing with IPv6
Jul 31 19:41:07 witherspoon kernel: NET: Registered protocol family 17
Jul 31 19:41:07 witherspoon kernel: 8021q: 802.1Q VLAN Support v1.8
Jul 31 19:41:07 witherspoon kernel: console [netcon0] enabled
Jul 31 19:41:07 witherspoon kernel: netconsole: network logging started
Jul 31 19:41:07 witherspoon kernel: input: gpio-keys as /devices/platform/gpio-keys/input/input0
Jul 31 19:41:07 witherspoon kernel: rtc-rv8803 11-0032: setting system clock to 2017-07-31 19:40:58 UTC (1501530058)
Jul 31 19:41:07 witherspoon kernel: Freeing unused kernel memory: 284K
Jul 31 19:41:07 witherspoon kernel: This architecture does not have kernel memory protection.
Jul 31 19:41:07 witherspoon kernel: jffs2: notice: (525) jffs2_build_xattr_subsystem: complete building xattr subsystem, 0 of xdatum (0 unchecked, 0 orphan) and 0 of xref (0 dead, 0 orphan) found.
Jul 31 19:41:07 witherspoon systemd[1]: Failed to insert module 'autofs4': No such file or directory
Jul 31 19:41:07 witherspoon systemd[1]: systemd 232 running in system mode. (+PAM -AUDIT -SELINUX -IMA -APPARMOR -SMACK +SYSVINIT -UTMP -LIBCRYPTSETUP -GCRYPT -GNUTLS +ACL +XZ -LZ4 -SECCOMP +BLKID -ELFUTILS +KMOD -IDN)
Jul 31 19:41:07 witherspoon systemd[1]: Detected architecture arm.
Jul 31 19:41:07 witherspoon systemd[1]: Set hostname to <witherspoon>.
Jul 31 19:41:07 witherspoon systemd[1]: Started Forward Password Requests to Wall Directory Watch.
Jul 31 19:41:07 witherspoon systemd[1]: Listening on Network Service Netlink Socket.
Jul 31 19:41:07 witherspoon systemd[1]: Listening on Journal Socket (/dev/log).
Jul 31 19:41:07 witherspoon systemd[1]: Listening on Syslog Socket.
Jul 31 19:41:07 witherspoon systemd[1]: Reached target Remote File Systems.
Jul 31 19:41:07 witherspoon systemd[1]: Listening on Journal Socket.
Jul 31 19:41:07 witherspoon systemd[1]: Reached target Swap.
Jul 31 19:41:07 witherspoon systemd-journald[553]: Journal started
Jul 31 19:41:07 witherspoon systemd-journald[553]: Runtime journal (/run/log/journal/cc6e1404d87444e8a089dfdb00a18f7d) is 0B, max 0B, 0B free.
Jul 31 19:41:07 witherspoon systemd-sysctl[655]: Couldn't write '16' to 'kernel/sysrq', ignoring: No such file or directory
Jul 31 19:41:07 witherspoon systemd-sysctl[655]: Couldn't write 'fq_codel' to 'net/core/default_qdisc', ignoring: No such file or directory
Jul 31 19:41:07 witherspoon systemd[1]: Created slice system-org.openbmc.control.Chassis.slice.
Jul 31 19:41:08 witherspoon systemd[1]: Created slice system-obmc\x2dled\x2dgroup\x2dstart.slice.
Jul 31 19:41:08 witherspoon systemd[1]: Created slice system-serial\x2dgetty.slice.
Jul 31 19:41:08 witherspoon systemd[1]: Created slice system-obmc\x2dconsole.slice.
Jul 31 19:41:09 witherspoon systemd[1]: Created slice system-org.openbmc.buttons.reset.slice.
Jul 31 19:41:09 witherspoon systemd[1]: Created slice system-op\x2dreset\x2dchassis\x2don.slice.
Jul 31 19:41:09 witherspoon systemd[1]: Created slice system-org.openbmc.buttons.Power.slice.
Jul 31 19:41:09 witherspoon systemd[1]: Mounted Debug File System.
Jul 31 19:41:10 witherspoon systemd[1]: Mounted Temporary Directory.
Jul 31 19:41:10 witherspoon systemd[1]: Started Journal Service.
Jul 31 19:41:10 witherspoon systemd[1]: Started Remount Root and Kernel File Systems.
Jul 31 19:41:11 witherspoon systemd[1]: Started Apply Kernel Variables.
Jul 31 19:41:11 witherspoon systemd[1]: Starting Create System Users...
Jul 31 19:41:11 witherspoon systemd[1]: Starting Flush Journal to Persistent Storage...
Jul 31 19:41:11 witherspoon systemd[1]: Started udev Coldplug all Devices.
Jul 31 19:41:12 witherspoon systemd[1]: Started Create System Users.
Jul 31 19:41:12 witherspoon systemd[1]: Starting Create Static Device Nodes in /dev...
Jul 31 19:41:12 witherspoon systemd-journald[553]: Runtime journal (/run/log/journal/cc6e1404d87444e8a089dfdb00a18f7d) is 0B, max 0B, 0B free.
Jul 31 19:41:12 witherspoon systemd[1]: Started Flush Journal to Persistent Storage.
Jul 31 19:41:13 witherspoon systemd[1]: Started Create Static Device Nodes in /dev.
Jul 31 19:41:13 witherspoon systemd[1]: Starting udev Kernel Device Manager...
Jul 31 19:41:13 witherspoon systemd[1]: Reached target Local File Systems (Pre).
Jul 31 19:41:13 witherspoon systemd[1]: Mounting /var/volatile...
Jul 31 19:41:14 witherspoon systemd[1]: Mounted /var/volatile.
Jul 31 19:41:14 witherspoon systemd[1]: Starting Load/Save Random Seed...
Jul 31 19:41:14 witherspoon systemd[1]: Reached target Local File Systems.
Jul 31 19:41:14 witherspoon systemd[1]: Starting Rebuild Journal Catalog...
Jul 31 19:41:14 witherspoon systemd[1]: Starting Create Volatile Files and Directories...
Jul 31 19:41:14 witherspoon systemd[1]: Started Load/Save Random Seed.
Jul 31 19:41:14 witherspoon systemd[1]: Started Rebuild Journal Catalog.
Jul 31 19:41:14 witherspoon systemd[1]: Starting Update is Completed...
Jul 31 19:41:14 witherspoon systemd-tmpfiles[896]: "/var/tmp" already exists and is not a directory.
Jul 31 19:41:14 witherspoon systemd-tmpfiles[896]: "/var/log" already exists and is not a directory.
Jul 31 19:41:14 witherspoon systemd[1]: Started Create Volatile Files and Directories.
Jul 31 19:41:14 witherspoon systemd[1]: Starting Run pending postinsts...
Jul 31 19:41:14 witherspoon systemd[1]: Starting Network Time Synchronization...
Jul 31 19:41:15 witherspoon systemd[1]: Started Update is Completed.
Jul 31 19:41:15 witherspoon systemd[1]: Started udev Kernel Device Manager.
Jul 31 19:41:15 witherspoon run-postinsts[903]: Running postinst /etc/rpm-postinsts/libglib-2.0-0...
Jul 31 19:41:15 witherspoon systemd[1]: Started Network Time Synchronization.
Jul 31 19:41:16 witherspoon systemd[1]: Reached target System Time Synchronized.
Jul 31 19:41:17 witherspoon systemd[1]: Found device /dev/aspeed-lpc-ctrl.
Jul 31 19:41:17 witherspoon systemd[1]: Found device /dev/aspeed-mbox.
Jul 31 19:41:17 witherspoon systemd[1]: Found device /dev/ttyS4.
Jul 31 19:41:17 witherspoon systemd[1]: Found device /dev/ttyVUART0.
Jul 31 19:41:18 witherspoon systemd[1]: Created slice system-xyz.openbmc_project.led.controller.slice.
Jul 31 19:41:18 witherspoon systemd[1]: dev-hugepages.mount: Couldn't determine result for ConditionVirtualization=!private-users, assuming failed: No such file or directory
Jul 31 19:41:18 witherspoon systemd[1]: Created slice system-xyz.openbmc_project.Hwmon.slice.
Jul 31 19:41:19 witherspoon run-postinsts[903]: rm: can't remove '/etc/rpm-postinsts': Invalid argument
Jul 31 19:41:19 witherspoon run-postinsts[903]:  Removing any system startup links for run-postinsts ...
Jul 31 19:41:19 witherspoon systemctl[934]: Removed /etc/systemd/system/sysinit.target.wants/run-postinsts.service.
Jul 31 19:41:19 witherspoon systemd[1]: Reloading.
Jul 31 19:41:22 witherspoon systemd[1]: Started Run pending postinsts.
Jul 31 19:41:22 witherspoon systemd[1]: Reached target System Initialization.
Jul 31 19:41:22 witherspoon systemd[1]: Listening on Phosphor Webserver socket.
Jul 31 19:41:22 witherspoon systemd[1]: Listening on Phosphor Host Console SSH Per-Connection socket.
Jul 31 19:41:22 witherspoon systemd[1]: Listening on D-Bus System Message Bus Socket.
Jul 31 19:41:22 witherspoon systemd[1]: Listening on Avahi mDNS/DNS-SD Stack Activation Socket.
Jul 31 19:41:22 witherspoon systemd[1]: Listening on Phosphor DBUS Browser socket.
Jul 31 19:41:22 witherspoon systemd[1]: Started Daily Cleanup of Temporary Directories.
Jul 31 19:41:22 witherspoon systemd[1]: Reached target Timers.
Jul 31 19:41:22 witherspoon systemd[1]: Listening on dropbear.socket.
Jul 31 19:41:22 witherspoon systemd[1]: Listening on phosphor-ipmi-net.socket.
Jul 31 19:41:23 witherspoon systemd[1]: Reached target Sockets.
Jul 31 19:41:23 witherspoon systemd[1]: Reached target Basic System.
Jul 31 19:41:23 witherspoon systemd[1]: Starting OpenBMC Software Update Manager...
Jul 31 19:41:23 witherspoon systemd[1]: Started Phosphor sysfs LED controller.
Jul 31 19:41:23 witherspoon systemd[1]: Started Phosphor MBOX Daemon.
Jul 31 19:41:23 witherspoon systemd[1]: Starting Phosphor Chassis0 Control...
Jul 31 19:41:23 witherspoon systemd[1]: Starting Avahi mDNS/DNS-SD Stack...
Jul 31 19:41:23 witherspoon systemd[1]: Started Phosphor sysfs LED controller.
Jul 31 19:41:23 witherspoon systemd[1]: Starting Phosphor User Manager...
Jul 31 19:41:23 witherspoon systemd[1]: Starting Phosphor Inventory Manager...
Jul 31 19:41:23 witherspoon systemd[1]: Starting Phosphor Settings Daemon...
Jul 31 19:41:23 witherspoon systemd[1]: Starting Phosphor BMC0 Control...
Jul 31 19:41:23 witherspoon systemd[1]: Starting Phosphor Download Manager...
Jul 31 19:41:23 witherspoon systemd[1]: Started Kernel Logging Service.
Jul 31 19:41:23 witherspoon systemd[1]: Starting Clear one time boot overrides...
Jul 31 19:41:24 witherspoon systemd[1]: Started Hardware RNG Entropy Gatherer Daemon.
Jul 31 19:41:24 witherspoon systemd[1]: Started Phosphor sysfs LED controller.
Jul 31 19:41:24 witherspoon systemd[1]: Starting Phosphor Inventory Manager...
Jul 31 19:41:24 witherspoon systemd[1]: Started Phosphor sysfs LED controller.
Jul 31 19:41:24 witherspoon systemd[1]: Starting Phosphor Network Manager...
Jul 31 19:41:24 witherspoon systemd[1]: Started System Logging Service.
Jul 31 19:41:24 witherspoon systemd[1]: Starting Phosphor Sensor Manager...
Jul 31 19:41:24 witherspoon systemd[1]: Started Phosphor Console Muxer listening on device /dev/ttyVUART0.
Jul 31 19:41:24 witherspoon systemd[1]: Started Phosphor sysfs LED controller.
Jul 31 19:41:24 witherspoon systemd[1]: Starting Phosphor Dump Manager...
Jul 31 19:41:25 witherspoon systemd[1]: Started Phosphor sysfs LED controller.
Jul 31 19:41:25 witherspoon systemd[1]: Starting Phosphor Download Manager...
Jul 31 19:41:25 witherspoon systemd[1]: Starting Phosphor DBus Service Discovery Manager...
Jul 31 19:41:25 witherspoon systemd[1]: Started Phosphor sysfs LED controller.
Jul 31 19:41:25 witherspoon systemd[1]: Starting Phosphor Log Manager...
Jul 31 19:41:25 witherspoon systemd[1]: Starting Phosphor LED Group Management Daemon...
Jul 31 19:41:25 witherspoon systemd[1]: Started Phosphor Dump core monitor..
Jul 31 19:41:25 witherspoon systemd[1]: Reached target Containers.
Jul 31 19:41:25 witherspoon systemd[1]: Starting OpenPower Software Update Manager...
Jul 31 19:41:25 witherspoon systemd[1]: Started D-Bus System Message Bus.
Jul 31 19:41:26 witherspoon avahi-daemon[950]: Found user 'avahi' (UID 999) and group 'avahi' (GID 999).
Jul 31 19:41:26 witherspoon avahi-daemon[950]: Successfully dropped root privileges.
Jul 31 19:41:26 witherspoon avahi-daemon[950]: avahi-daemon 0.6.32 starting up.
Jul 31 19:41:29 witherspoon kernel[957]: klogd started: BusyBox v1.24.1 (2017-06-16 19:29:08 UTC)
Jul 31 19:41:29 witherspoon kernel[957]: [    0.000000] Booting Linux on physical CPU 0x0
Jul 31 19:41:29 witherspoon kernel[957]: [    0.000000] Linux version 4.10.17-44f0dc8ac43162c4f7082884d6cd79400341bf5b (jenkins@openbmc-builder1) (gcc version 6.2.0 (GCC) ) #1 Mon Jul 31 19:20:33 UTC 2017
Jul 31 19:41:29 witherspoon kernel[957]: [    0.000000] CPU: ARMv6-compatible processor [410fb767] revision 7 (ARMv7), cr=00c5387d
Jul 31 19:41:29 witherspoon kernel[957]: [    0.000000] CPU: PIPT / VIPT nonaliasing data cache, VIPT nonaliasing instruction cache
Jul 31 19:41:29 witherspoon kernel[957]: [    0.000000] OF: fdt:Machine model: Witherspoon BMC
Jul 31 19:41:29 witherspoon kernel[957]: [    0.000000] Memory policy: Data cache writeback
Jul 31 19:41:29 witherspoon kernel[957]: [    0.000000] SOC Rev: 04030303
Jul 31 19:41:29 witherspoon kernel[957]: [    0.000000] On node 0 totalpages: 110592
Jul 31 19:41:29 witherspoon kernel[957]: [    0.000000] free_area_init_node: node 0, pgdat 805ff5e4, node_mem_map 9ec1a000
Jul 31 19:41:29 witherspoon kernel[957]: [    0.000000]   Normal zone: 992 pages used for memmap
Jul 31 19:41:29 witherspoon kernel[957]: [    0.000000]   Normal zone: 0 pages reserved
Jul 31 19:41:29 witherspoon kernel[957]: [    0.000000]   Normal zone: 110592 pages, LIFO batch:31
Jul 31 19:41:29 witherspoon kernel[957]: [    0.000000] pcpu-alloc: s0 r0 d32768 u32768 alloc=1*32768
Jul 31 19:41:29 witherspoon kernel[957]: [    0.000000] pcpu-alloc: [0] 0
Jul 31 19:41:29 witherspoon kernel[957]: [    0.000000] Built 1 zonelists in Zone order, mobility grouping on.  Total pages: 109600
Jul 31 19:41:30 witherspoon kernel[957]: [    0.000000] Kernel command line: console=ttyS4,115200n8 root=/dev/ram rw
Jul 31 19:41:30 witherspoon kernel[957]: [    0.000000] PID hash table entries: 2048 (order: 1, 8192 bytes)
Jul 31 19:41:30 witherspoon kernel[957]: [    0.000000] Dentry cache hash table entries: 65536 (order: 6, 262144 bytes)
Jul 31 19:41:30 witherspoon kernel[957]: [    0.000000] Inode-cache hash table entries: 32768 (order: 5, 131072 bytes)
Jul 31 19:41:30 witherspoon kernel[957]: [    0.000000] Memory: 430436K/442368K available (4065K kernel code, 280K rwdata, 1192K rodata, 284K init, 111K bss, 11932K reserved, 0K cma-reserved)
Jul 31 19:41:30 witherspoon kernel[957]: [    0.000000] Virtual kernel memory layout:
Jul 31 19:41:30 witherspoon kernel[957]: [    0.000000]     vector  : 0xffff0000 - 0xffff1000   (   4 kB)
Jul 31 19:41:30 witherspoon kernel[957]: [    0.000000]     fixmap  : 0xffc00000 - 0xfff00000   (3072 kB)
Jul 31 19:41:30 witherspoon kernel[957]: [    0.000000]     vmalloc : 0x9f800000 - 0xff800000   (1536 MB)
Jul 31 19:41:30 witherspoon kernel[957]: [    0.000000]     lowmem  : 0x80000000 - 0x9f000000   ( 496 MB)
Jul 31 19:41:30 witherspoon kernel[957]: [    0.000000]       .text : 0x80008000 - 0x804007a0   (4066 kB)
Jul 31 19:41:30 witherspoon kernel[957]: [    0.000000]       .init : 0x80585000 - 0x805cc000   ( 284 kB)
Jul 31 19:41:30 witherspoon kernel[957]: [    0.000000]       .data : 0x805cc000 - 0x80612358   ( 281 kB)
Jul 31 19:41:30 witherspoon kernel[957]: [    0.000000]        .bss : 0x80612358 - 0x8062e1f8   ( 112 kB)
Jul 31 19:41:30 witherspoon kernel[957]: [    0.000000] NR_IRQS:16 nr_irqs:16 16
Jul 31 19:41:30 witherspoon kernel[957]: [    0.000000] i2c controller registered, irq 16
Jul 31 19:41:30 witherspoon kernel[957]: [    0.000000] clocksource: moxart_timer: mask: 0xffffffff max_cycles: 0xffffffff, max_idle_ns: 77222644334 ns
Jul 31 19:41:30 witherspoon kernel[957]: [    0.000000] sched_clock: 32 bits at 100 Hz, resolution 10000000ns, wraps every 21474836475000000ns
Jul 31 19:41:30 witherspoon kernel[957]: [    0.090000] Calibrating delay loop... 789.70 BogoMIPS (lpj=3948544)
Jul 31 19:41:30 witherspoon kernel[957]: [    0.090000] pid_max: default: 32768 minimum: 301
Jul 31 19:41:30 witherspoon kernel[957]: [    0.090000] Mount-cache hash table entries: 1024 (order: 0, 4096 bytes)
Jul 31 19:41:30 witherspoon kernel[957]: [    0.090000] Mountpoint-cache hash table entries: 1024 (order: 0, 4096 bytes)
Jul 31 19:41:30 witherspoon kernel[957]: [    0.090000] CPU: Testing write buffer coherency: ok
Jul 31 19:41:30 witherspoon kernel[957]: [    0.090000] ftrace: allocating 14932 entries in 44 pages
Jul 31 19:41:30 witherspoon kernel[957]: [    0.120000] Setting up static identity map for 0x80008200 - 0x8000825c
Jul 31 19:41:30 witherspoon kernel[957]: [    0.120000] devtmpfs: initialized
Jul 31 19:41:30 witherspoon kernel[957]: [    0.140000] clocksource: jiffies: mask: 0xffffffff max_cycles: 0xffffffff, max_idle_ns: 19112604462750000 ns
Jul 31 19:41:30 witherspoon kernel[957]: [    0.140000] futex hash table entries: 256 (order: -1, 3072 bytes)
Jul 31 19:41:30 witherspoon kernel[957]: [    0.140000] pinctrl core: initialized pinctrl subsystem
Jul 31 19:41:30 witherspoon kernel[957]: [    0.140000] NET: Registered protocol family 16
Jul 31 19:41:30 witherspoon kernel[957]: [    0.140000] DMA: preallocated 256 KiB pool for atomic coherent allocations
Jul 31 19:41:30 witherspoon kernel[957]: [    0.210000] usbcore: registered new interface driver usbfs
Jul 31 19:41:30 witherspoon kernel[957]: [    0.210000] usbcore: registered new interface driver hub
Jul 31 19:41:30 witherspoon kernel[957]: [    0.210000] usbcore: registered new device driver usb
Jul 31 19:41:30 witherspoon kernel[957]: [    0.220000] clocksource: Switched to clocksource moxart_timer
Jul 31 19:41:30 witherspoon kernel[957]: [    0.240000] NET: Registered protocol family 2
Jul 31 19:41:30 witherspoon kernel[957]: [    0.240000] TCP established hash table entries: 4096 (order: 2, 16384 bytes)
Jul 31 19:41:30 witherspoon kernel[957]: [    0.240000] TCP bind hash table entries: 4096 (order: 2, 16384 bytes)
Jul 31 19:41:30 witherspoon kernel[957]: [    0.240000] TCP: Hash tables configured (established 4096 bind 4096)
Jul 31 19:41:30 witherspoon kernel[957]: [    0.240000] UDP hash table entries: 256 (order: 0, 4096 bytes)
Jul 31 19:41:30 witherspoon kernel[957]: [    0.240000] UDP-Lite hash table entries: 256 (order: 0, 4096 bytes)
Jul 31 19:41:30 witherspoon kernel[957]: [    0.240000] NET: Registered protocol family 1
Jul 31 19:41:30 witherspoon kernel[957]: [    0.240000] Trying to unpack rootfs image as initramfs...
Jul 31 19:41:30 witherspoon kernel[957]: [    1.910000] Freeing initrd memory: 1548K
Jul 31 19:41:30 witherspoon kernel[957]: [    1.910000] workingset: timestamp_bits=30 max_order=17 bucket_order=0
Jul 31 19:41:30 witherspoon kernel[957]: [    1.910000] squashfs: version 4.0 (2009/01/31) Phillip Lougher
Jul 31 19:41:31 witherspoon kernel[957]: [    1.910000] jffs2: version 2.2. (SUMMARY)  © 2001-2006 Red Hat, Inc.
Jul 31 19:41:31 witherspoon kernel[957]: [    1.910000] Block layer SCSI generic (bsg) driver version 0.4 loaded (major 250)
Jul 31 19:41:31 witherspoon kernel[957]: [    1.910000] io scheduler noop registered
Jul 31 19:41:31 witherspoon kernel[957]: [    1.910000] io scheduler deadline registered
Jul 31 19:41:31 witherspoon kernel[957]: [    1.910000] io scheduler cfq registered (default)
Jul 31 19:41:31 witherspoon kernel[957]: [    2.060000] ipmi-bt-host 1e789140.ibt: Found bt bmc device
Jul 31 19:41:31 witherspoon kernel[957]: [    2.060000] ipmi-bt-host 1e789140.ibt: Using IRQ 22
Jul 31 19:41:31 witherspoon kernel[957]: [    2.060000] Serial: 8250/16550 driver, 6 ports, IRQ sharing enabled
Jul 31 19:41:31 witherspoon kernel[957]: [    2.060000] 1e783000.serial: ttyS0 at MMIO 0x1e783000 (irq = 23, base_baud = 1500000) is a 16550A
Jul 31 19:41:31 witherspoon kernel[957]: [    2.060000] 1e78d000.serial: ttyS1 at MMIO 0x1e78d000 (irq = 24, base_baud = 1500000) is a 16550A
Jul 31 19:41:31 witherspoon kernel[957]: [    2.060000] 1e784000.serial: ttyS4 at MMIO 0x1e784000 (irq = 25, base_baud = 1500000) is a 16550A
Jul 31 19:41:31 witherspoon systemd[1]: Started Phosphor Settings Daemon.
Jul 31 19:41:31 witherspoon kernel[957]: [    2.410000] console [ttyS4] enabled
Jul 31 19:41:31 witherspoon systemd[1]: Started Phosphor Log Manager.
Jul 31 19:41:31 witherspoon kernel[957]: [    2.410000] 1e787000.vuart: ttyS2 at MMIO 0x1e787000 (irq = 22, base_baud = 1500000) is a 16550A
Jul 31 19:41:31 witherspoon systemd[1]: Started Avahi mDNS/DNS-SD Stack.
Jul 31 19:41:31 witherspoon kernel[957]: [    2.600000] timeriomem_rng 1e6e2078.hwrng: 32bits from 0xf00e2078 @ 1us
Jul 31 19:41:31 witherspoon systemd[1]: Starting Phosphor IPMI BT DBus Bridge...
Jul 31 19:41:31 witherspoon kernel[957]: [    2.610000] random: fast init done
Jul 31 19:41:31 witherspoon systemd[1]: Starting Network Service...
Jul 31 19:41:31 witherspoon kernel[957]: [    2.650000] brd: module loaded
Jul 31 19:41:31 witherspoon systemd[1]: Started Phosphor sysfs LED controller.
Jul 31 19:41:31 witherspoon kernel[957]: [    2.680000] loop: module loaded
Jul 31 19:41:31 witherspoon systemd[1]: Started Phosphor sysfs LED controller.
Jul 31 19:41:31 witherspoon kernel[957]: [    2.680000] aspeed-lpc-ctrl 1e789080.lpc-ctrl: Loaded at 0x98000000 (0x04000000)
Jul 31 19:41:31 witherspoon systemd[1]: Started Phosphor sysfs LED controller.
Jul 31 19:41:31 witherspoon kernel[957]: [    2.690000] aspeed-smc 1e620000.flash-controller: Using IRQ 18
Jul 31 19:41:32 witherspoon systemd[1]: Started Clear one time boot overrides.
Jul 31 19:41:31 witherspoon kernel[957]: [    2.690000] aspeed-smc 1e620000.flash-controller: DMA support disabled.
Jul 31 19:41:32 witherspoon systemd[1]: Started Phosphor Download Manager.
Jul 31 19:41:31 witherspoon kernel[957]: [    2.710000] aspeed-smc 1e620000.flash-controller: mx25l25635e (32768 Kbytes)
Jul 31 19:41:32 witherspoon systemd[1]: Started Phosphor Inventory Manager.
Jul 31 19:41:31 witherspoon kernel[957]: [    2.710000] aspeed-smc 1e620000.flash-controller: CE0 window [ 0x20000000 - 0x22000000 ] 32MB
Jul 31 19:41:32 witherspoon systemd[1]: Started OpenBMC Software Update Manager.
Jul 31 19:41:31 witherspoon kernel[957]: [    2.710000] aspeed-smc 1e620000.flash-controller: CE1 window [ 0x22000000 - 0x2a000000 ] 128MB
Jul 31 19:41:33 witherspoon systemd[1]: Started Phosphor LED Group Management Daemon.
Jul 31 19:41:31 witherspoon kernel[957]: [    2.710000] 5 ofpart partitions found on MTD device bmc
Jul 31 19:41:33 witherspoon systemd[1]: Started Phosphor IPMI BT DBus Bridge.
Jul 31 19:41:31 witherspoon kernel[957]: [    2.740000] Creating 5 MTD partitions on "bmc":
Jul 31 19:41:31 witherspoon kernel[957]: [    2.750000] 0x000000000000-0x000000060000 : "u-boot"
Jul 31 19:41:34 witherspoon systemd[1]: Started Phosphor BMC0 Control.
Jul 31 19:41:31 witherspoon kernel[957]: [    2.750000] 0x000000060000-0x000000080000 : "u-boot-env"
Jul 31 19:41:34 witherspoon systemd[1]: Started Phosphor Dump Manager.
Jul 31 19:41:31 witherspoon kernel[957]: [    2.760000] random: crng init done
Jul 31 19:41:31 witherspoon kernel[957]: [    2.770000] 0x000000080000-0x0000004c0000 : "kernel"
Jul 31 19:41:31 witherspoon kernel[957]: [    2.780000] 0x0000004c0000-0x000001c00000 : "rofs"
Jul 31 19:41:31 witherspoon kernel[957]: [    2.780000] 0x000001c00000-0x000002000000 : "rwfs"
Jul 31 19:41:31 witherspoon kernel[957]: [    2.800000] aspeed-smc 1e620000.flash-controller: mx25l25635e (32768 Kbytes)
Jul 31 19:41:31 witherspoon kernel[957]: [    2.800000] aspeed-smc 1e620000.flash-controller: CE1 window [ 0x22000000 - 0x24000000 ] 32MB
Jul 31 19:41:31 witherspoon kernel[957]: [    2.810000] aspeed-smc 1e620000.flash-controller: CE2 window [ 0x24000000 - 0x2c000000 ] 128MB
Jul 31 19:41:31 witherspoon kernel[957]: [    2.810000] aspeed-smc 1e630000.flash-controller: mx66l1g45g (131072 Kbytes)
Jul 31 19:41:31 witherspoon kernel[957]: [    2.840000] aspeed-smc 1e630000.flash-controller: CE0 window resized to 120MB (AST2500 HW quirk)
Jul 31 19:41:31 witherspoon kernel[957]: [    2.840000] aspeed-smc 1e630000.flash-controller: CE0 window [ 0x30000000 - 0x37800000 ] 120MB
Jul 31 19:41:31 witherspoon kernel[957]: [    2.840000] aspeed-smc 1e630000.flash-controller: CE0 window too small for chip 128MB
Jul 31 19:41:31 witherspoon kernel[957]: [    2.840000] aspeed-smc 1e630000.flash-controller: CE1 window [ 0x37800000 - 0x38000000 ] 8MB
Jul 31 19:41:31 witherspoon kernel[957]: [    3.560000] libphy: Fixed MDIO Bus: probed
Jul 31 19:41:31 witherspoon kernel[957]: [    3.650000] ftgmac100 1e660000.ethernet: Read MAC address 70:e2:84:14:23:e1 from chip
Jul 31 19:41:31 witherspoon kernel[957]: [    3.650000] ftgmac100 1e660000.ethernet: Using NCSI interface
Jul 31 19:41:31 witherspoon kernel[957]: [    3.650000] ftgmac100 1e660000.ethernet eth0: irq 20, mapped at f0060000
Jul 31 19:41:31 witherspoon kernel[957]: [    3.650000] ehci_hcd: USB 2.0 'Enhanced' Host Controller (EHCI) Driver
Jul 31 19:41:31 witherspoon kernel[957]: [    3.650000] ehci-platform: EHCI generic platform driver
Jul 31 19:41:31 witherspoon kernel[957]: [    3.840000]  fsi0: can't read slave 00:00 -5
Jul 31 19:41:31 witherspoon kernel[957]: [    3.840000] i2c /dev entries driver
Jul 31 19:41:31 witherspoon kernel[957]: [    3.840000] aspeed-i2c-bus 1e78a0c0.i2c-bus: i2c bus 2 registered, irq 26
Jul 31 19:41:35 witherspoon systemd-networkd[984]: Enumeration completed
Jul 31 19:41:31 witherspoon kernel[957]: [    3.840000] aspeed-i2c-bus 1e78a100.i2c-bus: i2c bus 3 registered, irq 27
Jul 31 19:41:35 witherspoon systemd[1]: Started Network Service.
Jul 31 19:41:31 witherspoon kernel[957]: [    3.840000] aspeed-i2c-bus 1e78a140.i2c-bus: i2c bus 4 registered, irq 28
Jul 31 19:41:35 witherspoon systemd[1]: Reached target Network.
Jul 31 19:41:31 witherspoon kernel[957]: [    3.840000] aspeed-i2c-bus 1e78a180.i2c-bus: i2c bus 5 registered, irq 29
Jul 31 19:41:35 witherspoon systemd-networkd[984]: eth0: IPv6 enabled for interface: Success
Jul 31 19:41:31 witherspoon kernel[957]: [    3.840000] aspeed-i2c-bus 1e78a380.i2c-bus: i2c bus 9 registered, irq 30
Jul 31 19:41:35 witherspoon systemd[1]: Starting Permit User Sessions...
Jul 31 19:41:31 witherspoon kernel[957]: [    3.840000] aspeed-i2c-bus 1e78a3c0.i2c-bus: i2c bus 10 registered, irq 31
Jul 31 19:41:35 witherspoon systemd[1]: Started Lightweight SLP Server.
Jul 31 19:41:31 witherspoon kernel[957]: [    3.840000] rtc-rv8803 11-0032: Voltage low, temperature compensation stopped.
Jul 31 19:41:35 witherspoon systemd-networkd[984]: eth0: Gained carrier
Jul 31 19:41:31 witherspoon kernel[957]: [    3.840000] rtc-rv8803 11-0032: An alarm maybe have been missed.
Jul 31 19:41:35 witherspoon systemd-timesyncd[904]: Network configuration changed, trying to establish connection.
Jul 31 19:41:31 witherspoon kernel[957]: [    3.940000] rtc-rv8803 11-0032: rtc core: registered rx8900 as rtc0
Jul 31 19:41:35 witherspoon openpower-update-manager[977]: Error PNOR current version is empty
Jul 31 19:41:31 witherspoon kernel[957]: [    3.950000] at24 11-0051: 8192 byte 24c64 EEPROM, writable, 1 bytes/write
Jul 31 19:41:35 witherspoon systemd[1]: Started OpenPower Software Update Manager.
Jul 31 19:41:31 witherspoon kernel[957]: [    3.950000] aspeed-i2c-bus 1e78a400.i2c-bus: i2c bus 11 registered, irq 32
Jul 31 19:41:35 witherspoon systemd[1]: Starting Phosphor Version Software Manager...
Jul 31 19:41:31 witherspoon kernel[957]: [    3.950000] aspeed-i2c-bus 1e78a440.i2c-bus: i2c bus 12 registered, irq 33
Jul 31 19:41:35 witherspoon systemd[1]: Started Permit User Sessions.
Jul 31 19:41:31 witherspoon kernel[957]: [    3.950000] aspeed-i2c-bus 1e78a480.i2c-bus: i2c bus 13 registered, irq 34
Jul 31 19:41:35 witherspoon systemd[1]: Started Serial Getty on ttyS4.
Jul 31 19:41:31 witherspoon kernel[957]: [    3.950000] Driver for 1-wire Dallas network protocol.
Jul 31 19:41:36 witherspoon systemd[1]: Reached target Login Prompts.
Jul 31 19:41:31 witherspoon kernel[957]: [    3.950000] lm75 9-004a: hwmon0: sensor 'tmp275'
Jul 31 19:41:36 witherspoon systemd[1]: Reached target Multi-User System.
Jul 31 19:41:31 witherspoon kernel[957]: [    4.430000] max31785: probe of 3-0052 failed with error -5
Jul 31 19:41:31 witherspoon kernel[957]: [    4.440000] ucd9000 11-0064: Device ID UCD90160|2.3.4.0000|110603
Jul 31 19:41:31 witherspoon kernel[957]: [    4.770000] leds-pca955x 3-0060: leds-pca955x: Using pca9552 16-bit LED driver at slave address 0x60
Jul 31 19:41:31 witherspoon kernel[957]: [    4.790000] leds-pca955x 11-0060: leds-pca955x: Using pca9552 16-bit LED driver at slave address 0x60
Jul 31 19:41:31 witherspoon kernel[957]: [    4.800000] leds-pca955x 11-0060: gpios 264...279
Jul 31 19:41:31 witherspoon kernel[957]: [    4.810000] usbcore: registered new interface driver usbhid
Jul 31 19:41:31 witherspoon kernel[957]: [    4.810000] usbhid: USB HID core driver
Jul 31 19:41:31 witherspoon kernel[957]: [    4.870000] NET: Registered protocol family 10
Jul 31 19:41:31 witherspoon kernel[957]: [    4.870000] Segment Routing with IPv6
Jul 31 19:41:31 witherspoon kernel[957]: [    4.880000] NET: Registered protocol family 17
Jul 31 19:41:31 witherspoon kernel[957]: [    4.880000] 8021q: 802.1Q VLAN Support v1.8
Jul 31 19:41:31 witherspoon kernel[957]: [    4.880000] console [netcon0] enabled
Jul 31 19:41:31 witherspoon kernel[957]: [    4.880000] netconsole: network logging started
Jul 31 19:41:31 witherspoon kernel[957]: [    4.900000] input: gpio-keys as /devices/platform/gpio-keys/input/input0
Jul 31 19:41:31 witherspoon kernel[957]: [    4.910000] rtc-rv8803 11-0032: setting system clock to 2017-07-31 19:40:58 UTC (1501530058)
Jul 31 19:41:31 witherspoon kernel[957]: [    4.920000] Freeing unused kernel memory: 284K
Jul 31 19:41:31 witherspoon kernel[957]: [    4.920000] This architecture does not have kernel memory protection.
Jul 31 19:41:31 witherspoon kernel[957]: [    6.590000] jffs2: notice: (525) jffs2_build_xattr_subsystem: complete building xattr subsystem, 0 of xdatum (0 unchecked, 0 orphan) and 0 of xref (0 dead, 0 orphan) found.
Jul 31 19:41:31 witherspoon kernel[957]: [    8.700000] systemd[1]: Failed to insert module 'autofs4': No such file or directory
Jul 31 19:41:31 witherspoon kernel[957]: [    8.900000] systemd[1]: systemd 232 running in system mode. (+PAM -AUDIT -SELINUX -IMA -APPARMOR -SMACK +SYSVINIT -UTMP -LIBCRYPTSETUP -GCRYPT -GNUTLS +ACL +XZ -LZ4 -SECCOMP +BLKID -ELFUTILS +KMOD -IDN)
Jul 31 19:41:31 witherspoon kernel[957]: [    8.900000] systemd[1]: Detected architecture arm.
Jul 31 19:41:31 witherspoon kernel[957]: [    9.040000] systemd[1]: Set hostname to <witherspoon>.
Jul 31 19:41:31 witherspoon kernel[957]: [   10.480000] systemd[1]: Started Forward Password Requests to Wall Directory Watch.
Jul 31 19:41:31 witherspoon kernel[957]: [   10.640000] systemd[1]: Listening on Network Service Netlink Socket.
Jul 31 19:41:31 witherspoon kernel[957]: [   10.680000] systemd[1]: Listening on Journal Socket (/dev/log).
Jul 31 19:41:31 witherspoon kernel[957]: [   10.720000] systemd[1]: Listening on Syslog Socket.
Jul 31 19:41:31 witherspoon kernel[957]: [   10.750000] systemd[1]: Reached target Remote File Systems.
Jul 31 19:41:31 witherspoon kernel[957]: [   10.810000] systemd[1]: Listening on Journal Socket.
Jul 31 19:41:31 witherspoon kernel[957]: [   10.840000] systemd[1]: Reached target Swap.
Jul 31 19:41:31 witherspoon kernel[957]: [   14.030000] systemd[1]: Created slice system-org.openbmc.control.Chassis.slice.
Jul 31 19:41:31 witherspoon kernel[957]: [   14.290000] systemd[1]: Created slice system-obmc\x2dled\x2dgroup\x2dstart.slice.
Jul 31 19:41:31 witherspoon kernel[957]: [   14.560000] systemd[1]: Created slice system-serial\x2dgetty.slice.
Jul 31 19:41:31 witherspoon kernel[957]: [   14.840000] systemd[1]: Created slice system-obmc\x2dconsole.slice.
Jul 31 19:41:31 witherspoon kernel[957]: [   15.130000] systemd[1]: Created slice system-org.openbmc.buttons.reset.slice.
Jul 31 19:41:31 witherspoon kernel[957]: [   15.430000] systemd[1]: Created slice system-op\x2dreset\x2dchassis\x2don.slice.
Jul 31 19:41:31 witherspoon kernel[957]: [   15.740000] systemd[1]: Created slice system-org.openbmc.buttons.Power.slice.
Jul 31 19:41:31 witherspoon kernel[957]: [   16.060000] systemd[1]: Mounted Debug File System.
Jul 31 19:41:31 witherspoon kernel[957]: [   16.390000] systemd[1]: Mounted Temporary Directory.
Jul 31 19:41:31 witherspoon kernel[957]: [   16.730000] systemd[1]: Started Journal Service.
Jul 31 19:41:31 witherspoon kernel[957]: [   19.390000] systemd-journald[553]: Received request to flush runtime journal from PID 1
Jul 31 19:41:31 witherspoon avahi-daemon[950]: Successfully called chroot().
Jul 31 19:41:31 witherspoon avahi-daemon[950]: Successfully dropped remaining capabilities.
Jul 31 19:41:31 witherspoon avahi-daemon[950]: Loading service file /services/obmc_console.service.
Jul 31 19:41:31 witherspoon avahi-daemon[950]: Loading service file /services/phosphor_rest.service.
Jul 31 19:41:31 witherspoon avahi-daemon[950]: Loading service file /services/sftp-ssh.service.
Jul 31 19:41:31 witherspoon avahi-daemon[950]: Loading service file /services/sftp.service.
Jul 31 19:41:31 witherspoon avahi-daemon[950]: Loading service file /services/ssh.service.
Jul 31 19:41:31 witherspoon avahi-daemon[950]: Network interface enumeration completed.
Jul 31 19:41:31 witherspoon avahi-daemon[950]: Server startup complete. Host name is witherspoon.local. Local service cookie is 396688099.
Jul 31 19:41:31 witherspoon avahi-daemon[950]: Service "witherspoon" (/services/ssh.service) successfully established.
Jul 31 19:41:31 witherspoon avahi-daemon[950]: Service "sftp" (/services/sftp.service) successfully established.
Jul 31 19:41:31 witherspoon avahi-daemon[950]: Service "witherspoon" (/services/sftp-ssh.service) successfully established.
Jul 31 19:41:31 witherspoon avahi-daemon[950]: Service "phosphor_rest" (/services/phosphor_rest.service) successfully established.
Jul 31 19:41:31 witherspoon avahi-daemon[950]: Service "obmc_console" (/services/obmc_console.service) successfully established.
Jul 31 19:41:35 witherspoon avahi-daemon[950]: Joining mDNS multicast group on interface eth0.IPv4 with address 9.3.86.161.
Jul 31 19:41:35 witherspoon avahi-daemon[950]: New relevant interface eth0.IPv4 for mDNS.
Jul 31 19:41:35 witherspoon avahi-daemon[950]: Registering new address record for 9.3.86.161 on eth0.IPv4.
Jul 31 19:41:38 witherspoon avahi-daemon[950]: Joining mDNS multicast group on interface eth0.IPv6 with address fe80::72e2:84ff:fe14:23e1.
Jul 31 19:41:38 witherspoon systemd-networkd[984]: eth0: Gained IPv6LL
Jul 31 19:41:38 witherspoon avahi-daemon[950]: New relevant interface eth0.IPv6 for mDNS.
Jul 31 19:41:38 witherspoon avahi-daemon[950]: Registering new address record for fe80::72e2:84ff:fe14:23e1 on eth0.*.
Jul 31 19:41:38 witherspoon systemd[1]: Started Phosphor Version Software Manager.
Jul 31 19:41:38 witherspoon kernel: ftgmac100 1e660000.ethernet eth0: NCSI interface up
Jul 31 19:41:38 witherspoon kernel[957]: [   45.240000] ftgmac100 1e660000.ethernet eth0: NCSI interface up
Jul 31 19:41:39 witherspoon avahi-daemon[950]: Withdrawing address record for fe80::72e2:84ff:fe14:23e1 on eth0.
Jul 31 19:41:39 witherspoon avahi-daemon[950]: Host name conflict, retrying with witherspoon-2
Jul 31 19:41:39 witherspoon avahi-daemon[950]: Registering new address record for fe80::72e2:84ff:fe14:23e1 on eth0.*.
Jul 31 19:41:39 witherspoon avahi-daemon[950]: Registering new address record for 9.3.86.161 on eth0.IPv4.
Jul 31 19:41:39 witherspoon avahi-daemon[950]: Withdrawing address record for fe80::72e2:84ff:fe14:23e1 on eth0.
Jul 31 19:41:39 witherspoon avahi-daemon[950]: Host name conflict, retrying with witherspoon-3
Jul 31 19:41:39 witherspoon avahi-daemon[950]: Registering new address record for fe80::72e2:84ff:fe14:23e1 on eth0.*.
Jul 31 19:41:39 witherspoon avahi-daemon[950]: Registering new address record for 9.3.86.161 on eth0.IPv4.
Jul 31 19:41:41 witherspoon avahi-daemon[950]: Withdrawing address record for 9.3.86.161 on eth0.
Jul 31 19:41:41 witherspoon avahi-daemon[950]: Host name conflict, retrying with witherspoon-4
Jul 31 19:41:41 witherspoon avahi-daemon[950]: Registering new address record for fe80::72e2:84ff:fe14:23e1 on eth0.*.
Jul 31 19:41:41 witherspoon avahi-daemon[950]: Registering new address record for 9.3.86.161 on eth0.IPv4.
Jul 31 19:41:42 witherspoon avahi-daemon[950]: Withdrawing address record for 9.3.86.161 on eth0.
Jul 31 19:41:42 witherspoon avahi-daemon[950]: Host name conflict, retrying with witherspoon-5
Jul 31 19:41:42 witherspoon avahi-daemon[950]: Registering new address record for fe80::72e2:84ff:fe14:23e1 on eth0.*.
Jul 31 19:41:42 witherspoon avahi-daemon[950]: Registering new address record for 9.3.86.161 on eth0.IPv4.
Jul 31 19:41:43 witherspoon avahi-daemon[950]: Withdrawing address record for 9.3.86.161 on eth0.
Jul 31 19:41:43 witherspoon avahi-daemon[950]: Host name conflict, retrying with witherspoon-6
Jul 31 19:41:43 witherspoon avahi-daemon[950]: Registering new address record for fe80::72e2:84ff:fe14:23e1 on eth0.*.
Jul 31 19:41:43 witherspoon avahi-daemon[950]: Registering new address record for 9.3.86.161 on eth0.IPv4.
Jul 31 19:41:44 witherspoon avahi-daemon[950]: Withdrawing address record for 9.3.86.161 on eth0.
Jul 31 19:41:44 witherspoon avahi-daemon[950]: Host name conflict, retrying with witherspoon-7
Jul 31 19:41:44 witherspoon avahi-daemon[950]: Registering new address record for fe80::72e2:84ff:fe14:23e1 on eth0.*.
Jul 31 19:41:44 witherspoon avahi-daemon[950]: Registering new address record for 9.3.86.161 on eth0.IPv4.
Jul 31 19:41:45 witherspoon avahi-daemon[950]: Withdrawing address record for 9.3.86.161 on eth0.
Jul 31 19:41:45 witherspoon avahi-daemon[950]: Host name conflict, retrying with witherspoon-8
Jul 31 19:41:45 witherspoon avahi-daemon[950]: Registering new address record for fe80::72e2:84ff:fe14:23e1 on eth0.*.
Jul 31 19:41:45 witherspoon avahi-daemon[950]: Registering new address record for 9.3.86.161 on eth0.IPv4.
Jul 31 19:41:45 witherspoon systemd[1]: Created slice system-dropbear.slice.
Jul 31 19:41:46 witherspoon systemd[1]: Started SSH Per-Connection Server (9.41.165.94:47188).
Jul 31 19:41:46 witherspoon avahi-daemon[950]: Withdrawing address record for 9.3.86.161 on eth0.
Jul 31 19:41:46 witherspoon avahi-daemon[950]: Host name conflict, retrying with witherspoon-9
Jul 31 19:41:46 witherspoon avahi-daemon[950]: Registering new address record for fe80::72e2:84ff:fe14:23e1 on eth0.*.
Jul 31 19:41:46 witherspoon avahi-daemon[950]: Registering new address record for 9.3.86.161 on eth0.IPv4.
Jul 31 19:41:47 witherspoon dropbear[1000]: Failed loading /etc/dropbear/dropbear_dss_host_key
Jul 31 19:41:47 witherspoon dropbear[1000]: Failed loading /etc/dropbear/dropbear_ecdsa_host_key
Jul 31 19:41:47 witherspoon dropbear[1000]: Child connection from ::ffff:9.41.165.94:47188
Jul 31 19:41:47 witherspoon avahi-daemon[950]: Withdrawing address record for 9.3.86.161 on eth0.
Jul 31 19:41:47 witherspoon avahi-daemon[950]: Host name conflict, retrying with witherspoon-10
Jul 31 19:41:47 witherspoon avahi-daemon[950]: Registering new address record for fe80::72e2:84ff:fe14:23e1 on eth0.*.
Jul 31 19:41:47 witherspoon avahi-daemon[950]: Registering new address record for 9.3.86.161 on eth0.IPv4.
Jul 31 19:41:48 witherspoon avahi-daemon[950]: Withdrawing address record for 9.3.86.161 on eth0.
Jul 31 19:41:48 witherspoon avahi-daemon[950]: Host name conflict, retrying with witherspoon-11
Jul 31 19:41:48 witherspoon avahi-daemon[950]: Registering new address record for fe80::72e2:84ff:fe14:23e1 on eth0.*.
Jul 31 19:41:48 witherspoon avahi-daemon[950]: Registering new address record for 9.3.86.161 on eth0.IPv4.
Jul 31 19:41:50 witherspoon sensor_manager2.py[965]: Setting boot count to 3
Jul 31 19:41:50 witherspoon sensor_manager2.py[965]: Starting sensor manager
Jul 31 19:41:50 witherspoon systemd[1]: Started Phosphor Sensor Manager.
Jul 31 19:41:50 witherspoon avahi-daemon[950]: Withdrawing address record for 9.3.86.161 on eth0.
Jul 31 19:41:50 witherspoon avahi-daemon[950]: Host name conflict, retrying with witherspoon-12
Jul 31 19:41:50 witherspoon avahi-daemon[950]: Registering new address record for fe80::72e2:84ff:fe14:23e1 on eth0.*.
Jul 31 19:41:50 witherspoon avahi-daemon[950]: Registering new address record for 9.3.86.161 on eth0.IPv4.
Jul 31 19:41:50 witherspoon systemd-networkd[984]: eth0: Configured
Jul 31 19:41:50 witherspoon systemd-timesyncd[904]: Network configuration changed, trying to establish connection.
Jul 31 19:41:51 witherspoon download_manager.py[956]: Running Download Manager
Jul 31 19:41:51 witherspoon systemd[1]: Started Phosphor Download Manager.
Jul 31 19:41:51 witherspoon chassis_control.py[949]: Running ChassisControlService
Jul 31 19:41:51 witherspoon systemd[1]: Started Phosphor Chassis0 Control.
Jul 31 19:41:51 witherspoon avahi-daemon[950]: Withdrawing address record for 9.3.86.161 on eth0.
Jul 31 19:41:51 witherspoon avahi-daemon[950]: Host name conflict, retrying with witherspoon-13
Jul 31 19:41:51 witherspoon avahi-daemon[950]: Registering new address record for fe80::72e2:84ff:fe14:23e1 on eth0.*.
Jul 31 19:41:51 witherspoon avahi-daemon[950]: Registering new address record for 9.3.86.161 on eth0.IPv4.
Jul 31 19:41:52 witherspoon phosphor-mapper[971]: ObjectMapper startup complete.  Discovery in progress...
Jul 31 19:41:53 witherspoon netman.py[963]: Started
Jul 31 19:41:53 witherspoon systemd[1]: Started Phosphor Network Manager.
Jul 31 19:41:53 witherspoon systemd[1]: Started Phosphor User Manager.
Jul 31 19:41:53 witherspoon avahi-daemon[950]: Withdrawing address record for 9.3.86.161 on eth0.
Jul 31 19:41:53 witherspoon avahi-daemon[950]: Host name conflict, retrying with witherspoon-14
Jul 31 19:41:53 witherspoon avahi-daemon[950]: Registering new address record for fe80::72e2:84ff:fe14:23e1 on eth0.*.
Jul 31 19:41:53 witherspoon avahi-daemon[950]: Registering new address record for 9.3.86.161 on eth0.IPv4.
Jul 31 19:41:53 witherspoon obmc-phosphor-userd[952]: Started
Jul 31 19:41:53 witherspoon avahi-daemon[980]: ../../avahi-0.6.32/avahi-daemon/chroot.c: open() failed: No such file or directory
Jul 31 19:41:53 witherspoon avahi-daemon[950]: Failed to open /usr/share/dbus-1/interfaces/org.freedesktop.Avahi.Server.xml: Invalid argument
Jul 31 19:41:53 witherspoon avahi-daemon[950]: Failed to load introspection data.
Jul 31 19:41:53 witherspoon dropbear[1000]: PAM password auth succeeded for 'root' from ::ffff:9.41.165.94:47188
Jul 31 19:41:53 witherspoon dropbear[1001]: lastlog_perform_login: Couldn't stat /var/log/lastlog: No such file or directory
Jul 31 19:41:53 witherspoon dropbear[1001]: lastlog_openseek: /var/log/lastlog is not a file or directory!
Jul 31 19:41:53 witherspoon inventory_items.py[961]: Loading from cache: /var/cache/obmc/org.openbmc.inventory.system.chassis.motherboard.apss@org.openbmc.InventoryItem.props
Jul 31 19:41:53 witherspoon inventory_items.py[961]: Loading from cache: /var/cache/obmc/org.openbmc.inventory.system.chassis.motherboard@org.openbmc.InventoryItem.props
Jul 31 19:41:53 witherspoon inventory_items.py[961]: Loading from cache: /var/cache/obmc/org.openbmc.inventory.system.chassis.motherboard.refclock@org.openbmc.InventoryItem.props
Jul 31 19:41:53 witherspoon inventory_items.py[961]: Loading from cache: /var/cache/obmc/org.openbmc.inventory.system.chassis.motherboard.cpu1.core7@org.openbmc.InventoryItem.props
Jul 31 19:41:53 witherspoon inventory_items.py[961]: Loading from cache: /var/cache/obmc/org.openbmc.inventory.system.chassis.motherboard.cpu1.core4@org.openbmc.InventoryItem.props
Jul 31 19:41:54 witherspoon inventory_items.py[961]: Loading from cache: /var/cache/obmc/org.openbmc.inventory.system.chassis.motherboard.cpu1.core1@org.openbmc.InventoryItem.props
Jul 31 19:41:54 witherspoon inventory_items.py[961]: Loading from cache: /var/cache/obmc/org.openbmc.inventory.system.chassis.motherboard.cpu1.core10@org.openbmc.InventoryItem.props
Jul 31 19:41:54 witherspoon inventory_items.py[961]: Loading from cache: /var/cache/obmc/org.openbmc.inventory.system.chassis.motherboard.todclock@org.openbmc.InventoryItem.props
Jul 31 19:41:54 witherspoon inventory_items.py[961]: Loading from cache: /var/cache/obmc/org.openbmc.inventory.system.chassis.motherboard.cpu1@org.openbmc.InventoryItem.props
Jul 31 19:41:54 witherspoon inventory_items.py[961]: Loading from cache: /var/cache/obmc/org.openbmc.inventory.system.chassis.motherboard.bmc@org.openbmc.InventoryItem.props
Jul 31 19:41:54 witherspoon inventory_items.py[961]: Caching: /org/openbmc/inventory/system/chassis/motherboard/bmc
Jul 31 19:41:54 witherspoon avahi-daemon[950]: Withdrawing address record for 9.3.86.161 on eth0.
Jul 31 19:41:54 witherspoon avahi-daemon[950]: Host name conflict, retrying with witherspoon-15
Jul 31 19:41:54 witherspoon avahi-daemon[950]: Registering new address record for fe80::72e2:84ff:fe14:23e1 on eth0.*.
Jul 31 19:41:54 witherspoon avahi-daemon[950]: Registering new address record for 9.3.86.161 on eth0.IPv4.
Jul 31 19:41:54 witherspoon inventory_items.py[961]: Loading from cache: /var/cache/obmc/org.openbmc.inventory.system.chassis.motherboard.cpu0.core1@org.openbmc.InventoryItem.props
Jul 31 19:41:54 witherspoon inventory_items.py[961]: Loading from cache: /var/cache/obmc/org.openbmc.inventory.system.chassis.motherboard.cpu0.core7@org.openbmc.InventoryItem.props
Jul 31 19:41:54 witherspoon inventory_items.py[961]: Loading from cache: /var/cache/obmc/org.openbmc.inventory.system.chassis.motherboard.cpu0.core4@org.openbmc.InventoryItem.props
Jul 31 19:41:54 witherspoon inventory_items.py[961]: Loading from cache: /var/cache/obmc/org.openbmc.inventory.system.chassis.motherboard.pcieclock@org.openbmc.InventoryItem.props
Jul 31 19:41:54 witherspoon inventory_items.py[961]: Loading from cache: /var/cache/obmc/org.openbmc.inventory.system.chassis.motherboard.cpu0.core10@org.openbmc.InventoryItem.props
Jul 31 19:41:54 witherspoon systemd[1]: Started Phosphor Inventory Manager.
Jul 31 19:41:54 witherspoon inventory_items.py[961]: Running Inventory Manager
Jul 31 19:42:02 witherspoon phosphor-mapper[971]: ObjectMapper discovery complete
Jul 31 19:42:02 witherspoon systemd[1]: Started Phosphor DBus Service Discovery Manager.
Jul 31 19:42:02 witherspoon systemd[1]: Started Phosphor Hwmon Poller.
Jul 31 19:42:02 witherspoon systemd[1]: Started Phosphor Hwmon Poller.
Jul 31 19:42:02 witherspoon systemd[1]: Started Phosphor Hwmon Poller.
Jul 31 19:42:02 witherspoon systemd[1]: Started Phosphor Hwmon Poller.
Jul 31 19:42:02 witherspoon systemd[1]: Started Phosphor Hwmon Poller.
Jul 31 19:42:02 witherspoon systemd[1]: Reached target Phosphor Object Mapper.
Jul 31 19:42:02 witherspoon systemd[1]: Starting Wait for /xyz/openbmc_project/led/groups...
Jul 31 19:42:02 witherspoon systemd[1]: Starting Wait for /xyz/openbmc_project/led/groups/bmc_booted...
Jul 31 19:42:02 witherspoon systemd[1]: Starting Wait for /org/openbmc/NetworkManager/Interface...
Jul 31 19:42:02 witherspoon systemd[1]: Started Phosphor DBus Monitor.
Jul 31 19:42:02 witherspoon systemd[1]: Starting Wait for /xyz/openbmc_project/state/chassis0...
Jul 31 19:42:02 witherspoon systemd[1]: Starting Phoshpor System Manager...
Jul 31 19:42:02 witherspoon systemd[1]: Starting Phosphor Settings Manager...
Jul 31 19:42:02 witherspoon systemd[1]: Starting Wait for /org/openbmc/managers/System...
Jul 31 19:42:02 witherspoon systemd[1]: Starting Wait for /xyz/openbmc_project/inventory...
Jul 31 19:42:02 witherspoon systemd[1]: Starting Wait for /org/openbmc/managers/Download...
Jul 31 19:42:02 witherspoon systemd[1]: Reached target Webserver (pre).
Jul 31 19:42:02 witherspoon systemd[1]: Started Phosphor Webserver.
Jul 31 19:42:02 witherspoon systemd[1]: Starting Wait for /xyz/openbmc_project/control/host0...
Jul 31 19:42:02 witherspoon systemd[1]: Starting Wait for /org/openbmc/control/power0...
Jul 31 19:42:02 witherspoon systemd[1]: Starting Wait for /xyz/openbmc_project/state/host0...
Jul 31 19:42:02 witherspoon systemd[1]: Starting Wait for /org/openbmc/control/flash/bios...
Jul 31 19:42:02 witherspoon systemd[1]: Starting Wait for /org/openbmc/control/bmc0...
Jul 31 19:42:03 witherspoon systemd[1]: Starting Phosphor Network Manager...
Jul 31 19:42:08 witherspoon phosphor-network-manager[1028]: ConfigParser: Section not found
Jul 31 19:42:08 witherspoon phosphor-network-manager[1028]: The operation failed internally.
Jul 31 19:42:08 witherspoon systemd[1]: Started Wait for /org/openbmc/control/bmc0.
Jul 31 19:42:08 witherspoon systemd[1]: Started Wait for /xyz/openbmc_project/led/groups.
Jul 31 19:42:08 witherspoon systemd[1]: Started FRU Fault monitor service.
Jul 31 19:42:08 witherspoon systemd[1]: Started Wait for /xyz/openbmc_project/led/groups/bmc_booted.
Jul 31 19:42:08 witherspoon systemd[1]: Starting Assert bmc_booted LED...
Jul 31 19:42:08 witherspoon systemd[1]: Started Wait for /org/openbmc/NetworkManager/Interface.
Jul 31 19:42:08 witherspoon systemd[1]: Started Phosphor DNS Settings Cache Manager.
Jul 31 19:42:08 witherspoon systemd[1]: Started Wait for /xyz/openbmc_project/inventory.
Jul 31 19:42:08 witherspoon systemd[1]: Starting Read OpenPOWER-format VPD from EEPROM...
Jul 31 19:42:08 witherspoon systemd[1]: Starting OpenPOWER OCC controller...
Jul 31 19:42:08 witherspoon systemd[1]: Started Phosphor Cooling Type.
Jul 31 19:42:08 witherspoon systemd[1]: Started Wait for /org/openbmc/managers/Download.
Jul 31 19:42:08 witherspoon systemd[1]: Starting Phosphor BMC Code Update...
Jul 31 19:42:08 witherspoon systemd[1]: Starting Phosphor BIOS Code Update...
Jul 31 19:42:10 witherspoon systemd[1]: Started Phosphor BIOS Code Update.
Jul 31 19:42:12 witherspoon systemd[1]: Started Assert bmc_booted LED.
Jul 31 19:42:14 witherspoon avahi-daemon[950]: Withdrawing address record for 9.3.86.161 on eth0.
Jul 31 19:42:14 witherspoon avahi-daemon[950]: Host name conflict, retrying with witherspoon-16
Jul 31 19:42:14 witherspoon avahi-daemon[950]: Registering new address record for fe80::72e2:84ff:fe14:23e1 on eth0.*.
Jul 31 19:42:14 witherspoon avahi-daemon[950]: Registering new address record for 9.3.86.161 on eth0.IPv4.
Jul 31 19:42:14 witherspoon systemd[1]: Started Wait for /org/openbmc/control/flash/bios.
Jul 31 19:42:14 witherspoon systemd[1]: Started Initialize BIOS Flash.
Jul 31 19:42:15 witherspoon phosphor-network-manager[1028]: ConfigParser: Section not found
Jul 31 19:42:15 witherspoon phosphor-network-manager[1028]: The operation failed internally.
Jul 31 19:42:15 witherspoon phosphor-network-manager[1028]: ConfigParser: Key not found
Jul 31 19:42:15 witherspoon phosphor-network-manager[1028]: The operation failed internally.
Jul 31 19:42:16 witherspoon phosphor-log-manager[973]: Failed to find metadata
Jul 31 19:42:16 witherspoon dbus[978]: [system] Activating via systemd: service name='org.freedesktop.hostname1' unit='dbus-org.freedesktop.hostname1.service'
Jul 31 19:42:16 witherspoon systemd[1]: Starting Hostname Service...
Jul 31 19:42:16 witherspoon systemd[1]: Started OpenPOWER OCC controller.
Jul 31 19:42:17 witherspoon flash_bios.exe[1039]: Starting flasher: bios,,/org/openbmc/control/flash/bios,
Jul 31 19:42:17 witherspoon flash_bios.exe[1039]: flasher: , BMC = 1, address = 0x0
Jul 31 19:42:17 witherspoon flash_bios.exe[1039]: Setting up flash
Jul 31 19:42:17 witherspoon systemd[1]: Started Hostname Service.
Jul 31 19:42:17 witherspoon system_manager.py[1017]: Running System State: BASE_APPS
Jul 31 19:42:17 witherspoon dbus[978]: [system] Successfully activated service 'org.freedesktop.hostname1'
Jul 31 19:42:17 witherspoon systemd[1]: Started Phosphor Network Manager.
Jul 31 19:42:17 witherspoon system_manager.py[1017]: SystemManager Init Done
Jul 31 19:42:17 witherspoon system_manager.py[1017]: Running SystemManager
Jul 31 19:42:17 witherspoon systemd[1]: Started Phoshpor System Manager.
Jul 31 19:42:18 witherspoon flash_bios.exe[1039]: Starting flasher: bios,,/org/openbmc/control/flash/bios,
Jul 31 19:42:18 witherspoon flash_bios.exe[1039]: flasher: , BMC = 1, address = 0x0
Jul 31 19:42:18 witherspoon flash_bios.exe[1039]: Setting up flash
Jul 31 19:42:19 witherspoon system_manager.py[1017]: SystemManager Goto System State: BMC_STARTING
Jul 31 19:42:19 witherspoon system_manager.py[1017]: Running System State: BMC_STARTING
Jul 31 19:42:20 witherspoon systemd[1]: Started Read OpenPOWER-format VPD from EEPROM.
Jul 31 19:42:21 witherspoon settings_manager.py[1018]: Running HostSettingsService
Jul 31 19:42:21 witherspoon systemd[1]: Started Phosphor Settings Manager.
Jul 31 19:42:21 witherspoon systemd[1]: Starting Wait for /org/openbmc/settings/host0...
Jul 31 19:42:23 witherspoon systemd[1]: Started Wait for /org/openbmc/managers/System.
Jul 31 19:42:23 witherspoon systemd[1]: Starting Phosphor BMC State Manager...
Jul 31 19:42:23 witherspoon systemd[1]: Starting Phosphor Power0 Control...
Jul 31 19:42:23 witherspoon systemd[1]: Starting Phosphor Chassis State Manager...
Jul 31 19:42:23 witherspoon systemd[1]: Starting Phosphor Power Button0...
Jul 31 19:42:23 witherspoon systemd[1]: Starting Phosphor Reset Button0...
Jul 31 19:42:23 witherspoon systemd[1]: Starting Phosphor Host State Manager...
Jul 31 19:42:24 witherspoon phosphor-chassis-state-manager[1069]: Initial Chassis State will be Off
Jul 31 19:42:24 witherspoon systemd[1]: Started Phosphor Chassis State Manager.
Jul 31 19:42:24 witherspoon phosphor-bmc-state-manager[1067]: Setting the BMCState field
Jul 31 19:42:24 witherspoon phosphor-bmc-state-manager[1067]: Setting the BMCState field
Jul 31 19:42:24 witherspoon systemd[1]: Started Phosphor BMC State Manager.
Jul 31 19:42:25 witherspoon systemd[1]: Started Wait for /org/openbmc/settings/host0.
Jul 31 19:42:26 witherspoon button_power.exe[1070]: GPIO Lookup:  POWER_BUTTON = 347,both
Jul 31 19:42:26 witherspoon button_reset.exe[1071]: GPIO Lookup:  RESET_BUTTON = 353,both
Jul 31 19:42:26 witherspoon bmc_update.py[1038]: Running Bmc Flash Control
Jul 31 19:42:26 witherspoon system_manager.py[1017]: New object: /org/openbmc/control/power0 (:1.74)
Jul 31 19:42:26 witherspoon system_manager.py[1017]: Power GPIO config: ['SYS_PWROK_BUFF', '', [('SOFTWARE_PGOOD', True), ('BMC_POWER_UP', True)], [('BMC_CP0_RESET_N', False)], [], 'FSI_DATA', 'FSI_CLK', 'FSI_ENABLE', 'CRONUS_SEL', []]
Jul 31 19:42:26 witherspoon power_control.exe[1068]: Power GPIO latch output:
Jul 31 19:42:26 witherspoon power_control.exe[1068]: Power GPIO power good input: SYS_PWROK_BUFF
Jul 31 19:42:26 witherspoon power_control.exe[1068]: Power GPIO 2 power_up outputs
Jul 31 19:42:26 witherspoon power_control.exe[1068]: Power GPIO power_up[0] = SOFTWARE_PGOOD active HIGH
Jul 31 19:42:26 witherspoon power_control.exe[1068]: Power GPIO power_up[1] = BMC_POWER_UP active HIGH
Jul 31 19:42:26 witherspoon power_control.exe[1068]: Power GPIO 1 reset outputs
Jul 31 19:42:26 witherspoon power_control.exe[1068]: Power GPIO reset[0] = BMC_CP0_RESET_N active LOW
Jul 31 19:42:26 witherspoon power_control.exe[1068]: Power GPIO 0 pci reset outputs
Jul 31 19:42:26 witherspoon power_control.exe[1068]: FSI DATA GPIO: FSI_DATA
Jul 31 19:42:26 witherspoon power_control.exe[1068]: FSI CLK GPIO: FSI_CLK
Jul 31 19:42:26 witherspoon power_control.exe[1068]: FSI ENABLE GPIO: FSI_ENABLE
Jul 31 19:42:26 witherspoon power_control.exe[1068]: CRONUS SEL GPIO: CRONUS_SEL
Jul 31 19:42:26 witherspoon power_control.exe[1068]: Hostctl GPIO optionals: 0
Jul 31 19:42:26 witherspoon systemd[1]: Started Phosphor Power Button0.
Jul 31 19:42:27 witherspoon power_control.exe[1068]: GPIO Lookup:  SYS_PWROK_BUFF = 306,in
Jul 31 19:42:27 witherspoon power_control.exe[1068]: GPIO Lookup:  SOFTWARE_PGOOD = 417,out
Jul 31 19:42:27 witherspoon power_control.exe[1068]: GPIO Lookup:  BMC_POWER_UP = 305,out
Jul 31 19:42:27 witherspoon power_control.exe[1068]: GPIO Lookup:  BMC_CP0_RESET_N = 281,out
Jul 31 19:42:27 witherspoon power_control.exe[1068]: Pgood state: 0
Jul 31 19:42:26 witherspoon systemd[1]: Started Phosphor Reset Button0.
Jul 31 19:42:26 witherspoon systemd[1]: Started Phosphor BMC Code Update.
Jul 31 19:42:26 witherspoon systemd[1]: Started Phosphor Power0 Control.
Jul 31 19:42:26 witherspoon systemd[1]: Started Phosphor Inband IPMI.
Jul 31 19:42:27 witherspoon phosphor-host-state-manager[1072]: Initial Host State will be Off
Jul 31 19:42:29 witherspoon systemd[1]: Started Wait for /xyz/openbmc_project/state/chassis0.
Jul 31 19:42:30 witherspoon systemd[1]: Started Phosphor Host State Manager.
Jul 31 19:42:30 witherspoon system_manager.py[1017]: SystemManager Goto System State: BMC_READY
Jul 31 19:42:30 witherspoon system_manager.py[1017]: Running System State: BMC_READY
Jul 31 19:42:30 witherspoon systemd[1]: Started Wait for /org/openbmc/control/power0.
Jul 31 19:42:30 witherspoon systemd[1]: Starting Check Chassis0 pgood and create a file to indicate it...
Jul 31 19:42:30 witherspoon systemd[1]: Starting Phosphor Time Manager daemon...
Jul 31 19:42:32 witherspoon systemd[1]: Started Wait for /xyz/openbmc_project/state/host0.
Jul 31 19:42:32 witherspoon systemd[1]: Starting Reboot If Enabled...
Jul 31 19:42:33 witherspoon timemanager[1098]: Registering dbus methods
Jul 31 19:42:33 witherspoon timemanager[1098]: Last known time_mode: NTP
Jul 31 19:42:33 witherspoon timemanager[1098]: Last known time_owner: BMC
Jul 31 19:42:33 witherspoon timemanager[1098]: Empty DhcpNtp string
Jul 31 19:42:33 witherspoon timemanager[1098]: Reading Power Control key: pgood
Jul 31 19:42:33 witherspoon systemd[1]: Started Check Chassis0 pgood and create a file to indicate it.
Jul 31 19:42:33 witherspoon systemd[1]: Reached target Chassis0 power on after reset.
Jul 31 19:42:33 witherspoon systemd[1]: Reached target Chassis0 (Reset Check).
Jul 31 19:42:33 witherspoon timemanager[1098]: Changing settings *allowed* now
Jul 31 19:42:33 witherspoon timemanager[1098]: Getting System Settings: time_mode
Jul 31 19:42:33 witherspoon phosphor-discover-system-state[1107]: Host power is off, checking power policy
Jul 31 19:42:33 witherspoon systemd[1]: Started Reboot If Enabled.
Jul 31 19:42:33 witherspoon login[995]: pam_lastlog(login:session): file /var/log/lastlog created
Jul 31 19:42:33 witherspoon login[995]: pam_unix(login:session): session opened for user root by LOGIN(uid=0)
Jul 31 19:42:34 witherspoon login[995]: pam_systemd(login:session): Failed to create session: The name org.freedesktop.login1 was not provided by any .service files
Jul 31 19:42:34 witherspoon login[1113]: ROOT LOGIN  on '/dev/ttyS4'
Jul 31 19:42:34 witherspoon timemanager[1098]: Requested_Mode: NTP Current_Mode: NTP
Jul 31 19:42:34 witherspoon timemanager[1098]: Mode is already set to : NTP
Jul 31 19:42:34 witherspoon timemanager[1098]: Getting System Settings: time_owner
Jul 31 19:42:34 witherspoon avahi-daemon[950]: Withdrawing address record for 9.3.86.161 on eth0.
Jul 31 19:42:34 witherspoon avahi-daemon[950]: Host name conflict, retrying with witherspoon-17
Jul 31 19:42:34 witherspoon avahi-daemon[950]: Registering new address record for fe80::72e2:84ff:fe14:23e1 on eth0.*.
Jul 31 19:42:34 witherspoon avahi-daemon[950]: Registering new address record for 9.3.86.161 on eth0.IPv4.
Jul 31 19:42:34 witherspoon timemanager[1098]: Owner is already set to : BMC
Jul 31 19:42:34 witherspoon timemanager[1098]: Getting System Settings: use_dhcp_ntp
Jul 31 19:42:34 witherspoon timemanager[1098]: use_dhcp_ntp = yes
Jul 31 19:42:34 witherspoon timemanager[1098]: Last known host_offset:0
Jul 31 19:42:34 witherspoon timemanager[1098]: Initial Uptime Usec: 1501530053580522
Jul 31 19:42:34 witherspoon systemd[1]: Started Phosphor Time Manager daemon.
Jul 31 19:42:35 witherspoon systemd[1]: Started Wait for /xyz/openbmc_project/control/host0.
Jul 31 19:42:35 witherspoon systemd[1]: Reached target Host0 running after reset.
Jul 31 19:42:35 witherspoon systemd[1]: Reached target Host0 (Reset Check).
Jul 31 19:42:35 witherspoon systemd[1]: Reached target Phosphor System - Standby.
Jul 31 19:42:35 witherspoon systemd[1]: Startup finished in 8.560s (kernel) + 1min 33.808s (userspace) = 1min 42.368s.
Jul 31 19:42:36 witherspoon phosphor-bmc-state-manager[1067]: BMC_READY
Jul 31 19:42:36 witherspoon phosphor-bmc-state-manager[1067]: Setting the BMCState field
Jul 31 19:42:39 witherspoon systemd[1]: Started SSH Per-Connection Server (9.3.62.215:42521).
Jul 31 19:42:39 witherspoon dropbear[1121]: Failed loading /etc/dropbear/dropbear_dss_host_key
Jul 31 19:42:39 witherspoon dropbear[1121]: Failed loading /etc/dropbear/dropbear_ecdsa_host_key
Jul 31 19:42:39 witherspoon dropbear[1121]: Child connection from ::ffff:9.3.62.215:42521
Jul 31 19:42:40 witherspoon dropbear[1121]: PAM password auth succeeded for 'root' from ::ffff:9.3.62.215:42521
Jul 31 19:42:44 witherspoon phosphor-gevent[1022]: Traceback (most recent call last):
Jul 31 19:42:44 witherspoon phosphor-gevent[1022]:   File "/usr/lib/python2.7/site-packages/gevent/greenlet.py", line 327, in run
Jul 31 19:42:44 witherspoon phosphor-gevent[1022]:     result = self._run(*self.args, **self.kwargs)
Jul 31 19:42:44 witherspoon phosphor-gevent[1022]:   File "/usr/lib/python2.7/site-packages/gevent/server.py", line 102, in wrap_socket_and_handle
Jul 31 19:42:44 witherspoon phosphor-gevent[1022]:     ssl_socket = self.wrap_socket(client_socket, **self.ssl_args)
Jul 31 19:42:44 witherspoon phosphor-gevent[1022]:   File "/usr/lib/python2.7/site-packages/gevent/ssl.py", line 404, in wrap_socket
Jul 31 19:42:44 witherspoon phosphor-gevent[1022]:     ciphers=ciphers)
Jul 31 19:42:44 witherspoon phosphor-gevent[1022]:   File "/usr/lib/python2.7/site-packages/gevent/ssl.py", line 113, in __init__
Jul 31 19:42:44 witherspoon phosphor-gevent[1022]:     self.do_handshake()
Jul 31 19:42:44 witherspoon phosphor-gevent[1022]:   File "/usr/lib/python2.7/site-packages/gevent/ssl.py", line 324, in do_handshake
Jul 31 19:42:44 witherspoon phosphor-gevent[1022]:     return self._sslobj.do_handshake()
Jul 31 19:42:44 witherspoon phosphor-gevent[1022]: SSLEOFError: EOF occurred in violation of protocol (_ssl.c:590)
Jul 31 19:42:44 witherspoon phosphor-gevent[1022]: <Greenlet at 0x7605a3f0: <bound method WSGIServer.wrap_socket_and_handle of <WSGIServer at 0x76030b50 fileno=5 address=('::3442:f476:b01d:6a76%1986665888', 443, 0, 1986665888)>>(<socket at 0x75f07830 fileno=9>, ('::8029:6876:8e91:f402%1995647772', 58576, 0, 199)> failed with SSLEOFError
Jul 31 19:42:44 witherspoon phosphor-gevent[1022]: Traceback (most recent call last):
Jul 31 19:42:44 witherspoon phosphor-gevent[1022]:   File "/usr/lib/python2.7/site-packages/gevent/greenlet.py", line 327, in run
Jul 31 19:42:44 witherspoon phosphor-gevent[1022]:     result = self._run(*self.args, **self.kwargs)
Jul 31 19:42:44 witherspoon phosphor-gevent[1022]:   File "/usr/lib/python2.7/site-packages/gevent/server.py", line 102, in wrap_socket_and_handle
Jul 31 19:42:44 witherspoon phosphor-gevent[1022]:     ssl_socket = self.wrap_socket(client_socket, **self.ssl_args)
Jul 31 19:42:44 witherspoon phosphor-gevent[1022]:   File "/usr/lib/python2.7/site-packages/gevent/ssl.py", line 404, in wrap_socket
Jul 31 19:42:44 witherspoon phosphor-gevent[1022]:     ciphers=ciphers)
Jul 31 19:42:44 witherspoon phosphor-gevent[1022]:   File "/usr/lib/python2.7/site-packages/gevent/ssl.py", line 113, in __init__
Jul 31 19:42:44 witherspoon phosphor-gevent[1022]:     self.do_handshake()
Jul 31 19:42:44 witherspoon phosphor-gevent[1022]:   File "/usr/lib/python2.7/site-packages/gevent/ssl.py", line 324, in do_handshake
Jul 31 19:42:44 witherspoon phosphor-gevent[1022]:     return self._sslobj.do_handshake()
Jul 31 19:42:44 witherspoon phosphor-gevent[1022]: SSLEOFError: EOF occurred in violation of protocol (_ssl.c:590)
Jul 31 19:42:44 witherspoon phosphor-gevent[1022]: <Greenlet at 0x7605a6c0: <bound method WSGIServer.wrap_socket_and_handle of <WSGIServer at 0x76030b50 fileno=5 address=('::3442:f476:b01d:6a76%1986665888', 443, 0, 1986665888)>>(<socket at 0x75f077d0 fileno=10>, ('::8029:6876:8e91:f402%1995647772', 58578, 0, 199)> failed with SSLEOFError
Jul 31 19:42:45 witherspoon phosphor-gevent[1022]: ::8029:6876:8e91:f402%1995647772 - - [2017-07-31 19:42:45] "POST /login HTTP/1.1" 200 320 0.045731
Jul 31 19:42:45 witherspoon phosphor-gevent[1022]: ::8029:6876:8e91:f402%1995647772 - - [2017-07-31 19:42:45] "GET /xyz/openbmc_project/state/chassis0//attr/CurrentPowerState HTTP/1.1" 200 216 0.059104
Jul 31 19:42:45 witherspoon phosphor-gevent[1022]: ::8029:6876:8e91:f402%1995647772 - - [2017-07-31 19:42:45] "POST /login HTTP/1.1" 200 320 0.032156
Jul 31 19:42:45 witherspoon phosphor-gevent[1022]: ::8029:6876:8e91:f402%1995647772 - - [2017-07-31 19:42:45] "GET /xyz/openbmc_project/state/chassis0//attr/CurrentPowerState HTTP/1.1" 200 216 0.049677
Jul 31 19:42:45 witherspoon phosphor-gevent[1022]: ::8029:6876:8e91:f402%1995647772 - - [2017-07-31 19:42:45] "POST /login HTTP/1.1" 200 320 0.031966
Jul 31 19:42:45 witherspoon phosphor-gevent[1022]: ::8029:6876:8e91:f402%1995647772 - - [2017-07-31 19:42:45] "GET /org/openbmc/sensors/host/BootProgress/attr/value HTTP/1.1" 200 170 0.052653
Jul 31 19:42:45 witherspoon phosphor-gevent[1022]: ::8029:6876:8e91:f402%1995647772 - - [2017-07-31 19:42:45] "POST /login HTTP/1.1" 200 320 0.032048
Jul 31 19:42:45 witherspoon phosphor-gevent[1022]: ::8029:6876:8e91:f402%1995647772 - - [2017-07-31 19:42:45] "GET /xyz/openbmc_project/state/host0//attr/CurrentHostState HTTP/1.1" 200 212 0.070200
Jul 31 19:42:46 witherspoon phosphor-gevent[1022]: ::8029:6876:8e91:f402%1995647772 - - [2017-07-31 19:42:46] "POST /login HTTP/1.1" 200 320 0.032549
Jul 31 19:42:46 witherspoon phosphor-gevent[1022]: ::8029:6876:8e91:f402%1995647772 - - [2017-07-31 19:42:46] "GET /xyz/openbmc_project/logging/entry//list HTTP/1.1" 200 214 0.045107
Jul 31 19:42:46 witherspoon phosphor-gevent[1022]: ::8029:6876:8e91:f402%1995647772 - - [2017-07-31 19:42:46] "POST /login HTTP/1.1" 200 320 0.031963
Jul 31 19:42:46 witherspoon phosphor-gevent[1022]: ::8029:6876:8e91:f402%1995647772 - - [2017-07-31 19:42:46] "GET /xyz/openbmc_project/logging/entry//list HTTP/1.1" 200 214 0.037595
Jul 31 19:42:46 witherspoon phosphor-gevent[1022]: ::8029:6876:8e91:f402%1995647772 - - [2017-07-31 19:42:46] "POST /login HTTP/1.1" 200 320 0.032643
Jul 31 19:42:46 witherspoon phosphor-gevent[1022]: ::8029:6876:8e91:f402%1995647772 - - [2017-07-31 19:42:46] "DELETE /xyz/openbmc_project/logging/entry/1 HTTP/1.1" 200 169 0.066515
Jul 31 19:42:46 witherspoon systemd[1]: Started SSH Per-Connection Server (9.41.165.94:47216).
Jul 31 19:42:46 witherspoon dropbear[1129]: Failed loading /etc/dropbear/dropbear_dss_host_key
Jul 31 19:42:46 witherspoon dropbear[1129]: Failed loading /etc/dropbear/dropbear_ecdsa_host_key
Jul 31 19:42:46 witherspoon dropbear[1129]: Child connection from ::ffff:9.41.165.94:47216
Jul 31 19:42:47 witherspoon dropbear[1129]: PAM password auth succeeded for 'root' from ::ffff:9.41.165.94:47216
Jul 31 19:42:48 witherspoon phosphor-gevent[1022]: ::8029:6876:8e91:f402%1995647772 - - [2017-07-31 19:42:48] "POST /login HTTP/1.1" 200 320 0.041877
Jul 31 19:42:48 witherspoon phosphor-gevent[1022]: ::8029:6876:8e91:f402%1995647772 - - [2017-07-31 19:42:48] "GET /xyz/openbmc_project/state/host0//attr/CurrentHostState HTTP/1.1" 200 212 0.048370
Jul 31 19:42:49 witherspoon dropbear[1000]: Exit (root): Exited normally
Jul 31 19:42:49 witherspoon dropbear[1129]: Exit (root): Exited normally
Jul 31 19:42:51 witherspoon systemd[1]: Started SSH Per-Connection Server (9.41.165.94:47222).
Jul 31 19:42:51 witherspoon dropbear[1143]: Failed loading /etc/dropbear/dropbear_dss_host_key
Jul 31 19:42:51 witherspoon dropbear[1143]: Failed loading /etc/dropbear/dropbear_ecdsa_host_key
Jul 31 19:42:51 witherspoon dropbear[1143]: Child connection from ::ffff:9.41.165.94:47222
Jul 31 19:42:52 witherspoon dropbear[1143]: PAM password auth succeeded for 'root' from ::ffff:9.41.165.94:47222
Jul 31 19:42:53 witherspoon phosphor-gevent[1022]: ::8029:6876:8e91:f402%1995647772 - - [2017-07-31 19:42:53] "POST /login HTTP/1.1" 200 320 0.033384
Jul 31 19:42:53 witherspoon phosphor-gevent[1022]: ::8029:6876:8e91:f402%1995647772 - - [2017-07-31 19:42:53] "PUT /org/openbmc/settings/host0/attr/power_policy HTTP/1.1" 200 169 0.233496
Jul 31 19:42:53 witherspoon phosphor-gevent[1022]: ::8029:6876:8e91:f402%1995647772 - - [2017-07-31 19:42:53] "POST /login HTTP/1.1" 200 320 0.032302
Jul 31 19:42:53 witherspoon phosphor-gevent[1022]: ::8029:6876:8e91:f402%1995647772 - - [2017-07-31 19:42:53] "GET /org/openbmc/settings/host0/attr/power_policy HTTP/1.1" 200 185 0.068794
Jul 31 19:42:53 witherspoon phosphor-gevent[1022]: ::8029:6876:8e91:f402%1995647772 - - [2017-07-31 19:42:53] "POST /login HTTP/1.1" 200 320 0.032268
Jul 31 19:42:53 witherspoon phosphor-gevent[1022]: ::8029:6876:8e91:f402%1995647772 - - [2017-07-31 19:42:53] "GET /xyz/openbmc_project/state/chassis0//attr/CurrentPowerState HTTP/1.1" 200 216 0.048677
Jul 31 19:42:54 witherspoon phosphor-gevent[1022]: ::8029:6876:8e91:f402%1995647772 - - [2017-07-31 19:42:54] "POST /login HTTP/1.1" 200 320 0.032267
Jul 31 19:42:54 witherspoon phosphor-gevent[1022]: ::8029:6876:8e91:f402%1995647772 - - [2017-07-31 19:42:54] "GET /xyz/openbmc_project/state/bmc0//attr/CurrentBMCState HTTP/1.1" 200 212 0.050850
Jul 31 19:42:54 witherspoon avahi-daemon[950]: Withdrawing address record for 9.3.86.161 on eth0.
Jul 31 19:42:54 witherspoon avahi-daemon[950]: Host name conflict, retrying with witherspoon-18
Jul 31 19:42:54 witherspoon avahi-daemon[950]: Registering new address record for fe80::72e2:84ff:fe14:23e1 on eth0.*.
Jul 31 19:42:54 witherspoon avahi-daemon[950]: Registering new address record for 9.3.86.161 on eth0.IPv4.
Jul 31 19:42:54 witherspoon phosphor-gevent[1022]: ::8029:6876:8e91:f402%1995647772 - - [2017-07-31 19:42:54] "POST /login HTTP/1.1" 200 320 0.037208
Jul 31 19:42:54 witherspoon phosphor-gevent[1022]: ::8029:6876:8e91:f402%1995647772 - - [2017-07-31 19:42:54] "GET /org/openbmc/sensors/host/BootProgress/attr/value HTTP/1.1" 200 170 0.052087
Jul 31 19:42:54 witherspoon phosphor-gevent[1022]: ::8029:6876:8e91:f402%1995647772 - - [2017-07-31 19:42:54] "POST /login HTTP/1.1" 200 320 0.042181
Jul 31 19:42:54 witherspoon phosphor-gevent[1022]: ::8029:6876:8e91:f402%1995647772 - - [2017-07-31 19:42:54] "GET /xyz/openbmc_project/state/host0//attr/CurrentHostState HTTP/1.1" 200 212 0.050394
Jul 31 19:42:55 witherspoon phosphor-gevent[1022]: ::8029:6876:8e91:f402%1995647772 - - [2017-07-31 19:42:55] "POST /login HTTP/1.1" 200 320 0.032415
Jul 31 19:42:55 witherspoon phosphor-gevent[1022]: ::8029:6876:8e91:f402%1995647772 - - [2017-07-31 19:42:55] "GET /xyz/openbmc_project/logging/entry//list HTTP/1.1" 404 311 0.030381
Jul 31 19:42:55 witherspoon systemd[1]: Started SSH Per-Connection Server (9.41.165.94:47238).
Jul 31 19:42:55 witherspoon dropbear[1150]: Failed loading /etc/dropbear/dropbear_dss_host_key
Jul 31 19:42:55 witherspoon dropbear[1150]: Failed loading /etc/dropbear/dropbear_ecdsa_host_key
Jul 31 19:42:55 witherspoon dropbear[1150]: Child connection from ::ffff:9.41.165.94:47238
Jul 31 19:42:55 witherspoon dropbear[1150]: PAM password auth succeeded for 'root' from ::ffff:9.41.165.94:47238
Jul 31 19:43:14 witherspoon avahi-daemon[950]: Withdrawing address record for 9.3.86.161 on eth0.
Jul 31 19:43:14 witherspoon avahi-daemon[950]: Host name conflict, retrying with witherspoon-19
Jul 31 19:43:14 witherspoon avahi-daemon[950]: Registering new address record for fe80::72e2:84ff:fe14:23e1 on eth0.*.
Jul 31 19:43:14 witherspoon avahi-daemon[950]: Registering new address record for 9.3.86.161 on eth0.IPv4.
Jul 31 19:43:25 witherspoon phosphor-gevent[1022]: ::8029:6876:8e91:f402%1995647772 - - [2017-07-31 19:43:25] "POST /login HTTP/1.1" 200 320 0.032741
Jul 31 19:43:25 witherspoon phosphor-gevent[1022]: ::8029:6876:8e91:f402%1995647772 - - [2017-07-31 19:43:25] "POST /org/openbmc/control/flash/bios//action/update HTTP/1.1" 200 169 0.203582
Jul 31 19:43:25 witherspoon flash_bios.exe[1039]: Starting flasher: bios,/tmp/witherspoon_910_golden.pnor,/org/openbmc/control/flash/bios,
Jul 31 19:43:25 witherspoon flash_bios.exe[1039]: flasher: /tmp/witherspoon_910_golden.pnor, BMC = 1, address = 0x0
Jul 31 19:43:25 witherspoon flash_bios.exe[1039]: Setting up flash
Jul 31 19:43:26 witherspoon phosphor-gevent[1022]: ::8029:6876:8e91:f402%1995647772 - - [2017-07-31 19:43:26] "POST /login HTTP/1.1" 200 320 0.032663
Jul 31 19:43:26 witherspoon phosphor-gevent[1022]: ::8029:6876:8e91:f402%1995647772 - - [2017-07-31 19:43:26] "GET /org/openbmc/control/flash/bios HTTP/1.1" 200 397 0.181125
Jul 31 19:43:26 witherspoon phosphor-gevent[1022]: ::8029:6876:8e91:f402%1995647772 - - [2017-07-31 19:43:26] "POST /login HTTP/1.1" 200 320 0.032529
Jul 31 19:43:26 witherspoon phosphor-gevent[1022]: ::8029:6876:8e91:f402%1995647772 - - [2017-07-31 19:43:26] "GET /org/openbmc/control/flash/bios HTTP/1.1" 200 397 0.187267
Jul 31 19:43:34 witherspoon avahi-daemon[950]: Withdrawing address record for 9.3.86.161 on eth0.
Jul 31 19:43:34 witherspoon avahi-daemon[950]: Host name conflict, retrying with witherspoon-20
Jul 31 19:43:34 witherspoon avahi-daemon[950]: Registering new address record for fe80::72e2:84ff:fe14:23e1 on eth0.*.
Jul 31 19:43:34 witherspoon avahi-daemon[950]: Registering new address record for 9.3.86.161 on eth0.IPv4.
Jul 31 19:43:37 witherspoon phosphor-gevent[1022]: ::8029:6876:8e91:f402%1995647772 - - [2017-07-31 19:43:37] "POST /login HTTP/1.1" 200 320 0.042688
Jul 31 19:43:37 witherspoon phosphor-gevent[1022]: ::8029:6876:8e91:f402%1995647772 - - [2017-07-31 19:43:37] "GET /org/openbmc/control/flash/bios HTTP/1.1" 200 397 0.066920
Jul 31 19:43:47 witherspoon phosphor-gevent[1022]: ::8029:6876:8e91:f402%1995647772 - - [2017-07-31 19:43:47] "POST /login HTTP/1.1" 200 320 0.032271
Jul 31 19:43:47 witherspoon phosphor-gevent[1022]: ::8029:6876:8e91:f402%1995647772 - - [2017-07-31 19:43:47] "GET /org/openbmc/control/flash/bios HTTP/1.1" 200 397 0.067363
Jul 31 19:43:55 witherspoon avahi-daemon[950]: Withdrawing address record for 9.3.86.161 on eth0.
Jul 31 19:43:55 witherspoon avahi-daemon[950]: Host name conflict, retrying with witherspoon-21
Jul 31 19:43:55 witherspoon avahi-daemon[950]: Registering new address record for fe80::72e2:84ff:fe14:23e1 on eth0.*.
Jul 31 19:43:55 witherspoon avahi-daemon[950]: Registering new address record for 9.3.86.161 on eth0.IPv4.
Jul 31 19:43:57 witherspoon phosphor-gevent[1022]: ::8029:6876:8e91:f402%1995647772 - - [2017-07-31 19:43:57] "POST /login HTTP/1.1" 200 320 0.032267
Jul 31 19:43:58 witherspoon phosphor-gevent[1022]: ::8029:6876:8e91:f402%1995647772 - - [2017-07-31 19:43:58] "GET /org/openbmc/control/flash/bios HTTP/1.1" 200 397 0.097650
Jul 31 19:44:08 witherspoon phosphor-gevent[1022]: ::8029:6876:8e91:f402%1995647772 - - [2017-07-31 19:44:08] "POST /login HTTP/1.1" 200 320 0.032181
Jul 31 19:44:08 witherspoon phosphor-gevent[1022]: ::8029:6876:8e91:f402%1995647772 - - [2017-07-31 19:44:08] "GET /org/openbmc/control/flash/bios HTTP/1.1" 200 397 0.067518
Jul 31 19:44:15 witherspoon avahi-daemon[950]: Withdrawing address record for 9.3.86.161 on eth0.
Jul 31 19:44:15 witherspoon avahi-daemon[950]: Host name conflict, retrying with witherspoon-22
Jul 31 19:44:15 witherspoon avahi-daemon[950]: Registering new address record for fe80::72e2:84ff:fe14:23e1 on eth0.*.
Jul 31 19:44:15 witherspoon avahi-daemon[950]: Registering new address record for 9.3.86.161 on eth0.IPv4.
Jul 31 19:44:19 witherspoon phosphor-gevent[1022]: ::8029:6876:8e91:f402%1995647772 - - [2017-07-31 19:44:19] "POST /login HTTP/1.1" 200 320 0.032482
Jul 31 19:44:19 witherspoon phosphor-gevent[1022]: ::8029:6876:8e91:f402%1995647772 - - [2017-07-31 19:44:19] "GET /org/openbmc/control/flash/bios HTTP/1.1" 200 397 0.067249
Jul 31 19:44:29 witherspoon phosphor-gevent[1022]: ::8029:6876:8e91:f402%1995647772 - - [2017-07-31 19:44:29] "POST /login HTTP/1.1" 200 320 0.032720
Jul 31 19:44:29 witherspoon phosphor-gevent[1022]: ::8029:6876:8e91:f402%1995647772 - - [2017-07-31 19:44:29] "GET /org/openbmc/control/flash/bios HTTP/1.1" 200 397 0.068975
Jul 31 19:44:36 witherspoon avahi-daemon[950]: Withdrawing address record for 9.3.86.161 on eth0.
Jul 31 19:44:36 witherspoon avahi-daemon[950]: Host name conflict, retrying with witherspoon-23
Jul 31 19:44:36 witherspoon avahi-daemon[950]: Registering new address record for fe80::72e2:84ff:fe14:23e1 on eth0.*.
Jul 31 19:44:36 witherspoon avahi-daemon[950]: Registering new address record for 9.3.86.161 on eth0.IPv4.
Jul 31 19:44:39 witherspoon phosphor-gevent[1022]: ::8029:6876:8e91:f402%1995647772 - - [2017-07-31 19:44:39] "POST /login HTTP/1.1" 200 320 0.032283
Jul 31 19:44:40 witherspoon phosphor-gevent[1022]: ::8029:6876:8e91:f402%1995647772 - - [2017-07-31 19:44:39] "GET /org/openbmc/control/flash/bios HTTP/1.1" 200 397 0.069126
Jul 31 19:44:50 witherspoon phosphor-gevent[1022]: ::8029:6876:8e91:f402%1995647772 - - [2017-07-31 19:44:50] "POST /login HTTP/1.1" 200 320 0.032343
Jul 31 19:44:50 witherspoon phosphor-gevent[1022]: ::8029:6876:8e91:f402%1995647772 - - [2017-07-31 19:44:50] "GET /org/openbmc/control/flash/bios HTTP/1.1" 200 397 0.066908
Jul 31 19:44:55 witherspoon avahi-daemon[950]: Withdrawing address record for 9.3.86.161 on eth0.
Jul 31 19:44:55 witherspoon avahi-daemon[950]: Host name conflict, retrying with witherspoon-24
Jul 31 19:44:55 witherspoon avahi-daemon[950]: Registering new address record for fe80::72e2:84ff:fe14:23e1 on eth0.*.
Jul 31 19:44:55 witherspoon avahi-daemon[950]: Registering new address record for 9.3.86.161 on eth0.IPv4.
Jul 31 19:45:00 witherspoon phosphor-gevent[1022]: ::8029:6876:8e91:f402%1995647772 - - [2017-07-31 19:45:00] "POST /login HTTP/1.1" 200 320 0.032980
Jul 31 19:45:01 witherspoon phosphor-gevent[1022]: ::8029:6876:8e91:f402%1995647772 - - [2017-07-31 19:45:01] "GET /org/openbmc/control/flash/bios HTTP/1.1" 200 397 0.189827
Jul 31 19:45:11 witherspoon phosphor-gevent[1022]: ::8029:6876:8e91:f402%1995647772 - - [2017-07-31 19:45:11] "POST /login HTTP/1.1" 200 320 0.032172
Jul 31 19:45:11 witherspoon phosphor-gevent[1022]: ::8029:6876:8e91:f402%1995647772 - - [2017-07-31 19:45:11] "GET /org/openbmc/control/flash/bios HTTP/1.1" 200 397 0.067079
Jul 31 19:45:16 witherspoon avahi-daemon[950]: Withdrawing address record for 9.3.86.161 on eth0.
Jul 31 19:45:16 witherspoon avahi-daemon[950]: Host name conflict, retrying with witherspoon-25
Jul 31 19:45:16 witherspoon avahi-daemon[950]: Registering new address record for fe80::72e2:84ff:fe14:23e1 on eth0.*.
Jul 31 19:45:16 witherspoon avahi-daemon[950]: Registering new address record for 9.3.86.161 on eth0.IPv4.
Jul 31 19:45:21 witherspoon phosphor-gevent[1022]: ::8029:6876:8e91:f402%1995647772 - - [2017-07-31 19:45:21] "POST /login HTTP/1.1" 200 320 0.032315
Jul 31 19:45:21 witherspoon phosphor-gevent[1022]: ::8029:6876:8e91:f402%1995647772 - - [2017-07-31 19:45:21] "GET /org/openbmc/control/flash/bios HTTP/1.1" 200 397 0.067548
Jul 31 19:45:32 witherspoon phosphor-gevent[1022]: ::8029:6876:8e91:f402%1995647772 - - [2017-07-31 19:45:32] "POST /login HTTP/1.1" 200 320 0.032283
Jul 31 19:45:32 witherspoon phosphor-gevent[1022]: ::8029:6876:8e91:f402%1995647772 - - [2017-07-31 19:45:32] "GET /org/openbmc/control/flash/bios HTTP/1.1" 200 397 0.067278
Jul 31 19:45:36 witherspoon avahi-daemon[950]: Withdrawing address record for 9.3.86.161 on eth0.
Jul 31 19:45:36 witherspoon avahi-daemon[950]: Host name conflict, retrying with witherspoon-26
Jul 31 19:45:36 witherspoon avahi-daemon[950]: Registering new address record for fe80::72e2:84ff:fe14:23e1 on eth0.*.
Jul 31 19:45:36 witherspoon avahi-daemon[950]: Registering new address record for 9.3.86.161 on eth0.IPv4.
Jul 31 19:45:42 witherspoon phosphor-gevent[1022]: ::8029:6876:8e91:f402%1995647772 - - [2017-07-31 19:45:42] "POST /login HTTP/1.1" 200 320 0.032400
Jul 31 19:45:43 witherspoon phosphor-gevent[1022]: ::8029:6876:8e91:f402%1995647772 - - [2017-07-31 19:45:43] "GET /org/openbmc/control/flash/bios HTTP/1.1" 200 397 0.699209
Jul 31 19:45:53 witherspoon phosphor-gevent[1022]: ::8029:6876:8e91:f402%1995647772 - - [2017-07-31 19:45:53] "POST /login HTTP/1.1" 200 320 0.045092
Jul 31 19:45:53 witherspoon phosphor-gevent[1022]: ::8029:6876:8e91:f402%1995647772 - - [2017-07-31 19:45:53] "GET /org/openbmc/control/flash/bios HTTP/1.1" 200 401 0.075136
Jul 31 19:45:57 witherspoon avahi-daemon[950]: Withdrawing address record for 9.3.86.161 on eth0.
Jul 31 19:45:57 witherspoon avahi-daemon[950]: Host name conflict, retrying with witherspoon-27
Jul 31 19:45:57 witherspoon avahi-daemon[950]: Registering new address record for fe80::72e2:84ff:fe14:23e1 on eth0.*.
Jul 31 19:45:57 witherspoon avahi-daemon[950]: Registering new address record for 9.3.86.161 on eth0.IPv4.
Jul 31 19:46:04 witherspoon phosphor-gevent[1022]: ::8029:6876:8e91:f402%1995647772 - - [2017-07-31 19:46:04] "POST /login HTTP/1.1" 200 320 0.032824
Jul 31 19:46:04 witherspoon phosphor-gevent[1022]: ::8029:6876:8e91:f402%1995647772 - - [2017-07-31 19:46:04] "GET /org/openbmc/control/flash/bios HTTP/1.1" 200 402 0.067242
Jul 31 19:46:14 witherspoon phosphor-gevent[1022]: ::8029:6876:8e91:f402%1995647772 - - [2017-07-31 19:46:14] "POST /login HTTP/1.1" 200 320 0.032399
Jul 31 19:46:15 witherspoon phosphor-gevent[1022]: ::8029:6876:8e91:f402%1995647772 - - [2017-07-31 19:46:15] "GET /org/openbmc/control/flash/bios HTTP/1.1" 200 402 0.911725
Jul 31 19:46:17 witherspoon avahi-daemon[950]: Withdrawing address record for 9.3.86.161 on eth0.
Jul 31 19:46:17 witherspoon avahi-daemon[950]: Host name conflict, retrying with witherspoon-28
Jul 31 19:46:17 witherspoon avahi-daemon[950]: Registering new address record for fe80::72e2:84ff:fe14:23e1 on eth0.*.
Jul 31 19:46:17 witherspoon avahi-daemon[950]: Registering new address record for 9.3.86.161 on eth0.IPv4.
Jul 31 19:46:25 witherspoon phosphor-gevent[1022]: ::8029:6876:8e91:f402%1995647772 - - [2017-07-31 19:46:25] "POST /login HTTP/1.1" 200 320 0.032612
Jul 31 19:46:25 witherspoon phosphor-gevent[1022]: ::8029:6876:8e91:f402%1995647772 - - [2017-07-31 19:46:25] "GET /org/openbmc/control/flash/bios HTTP/1.1" 200 402 0.067369
Jul 31 19:46:35 witherspoon phosphor-gevent[1022]: ::8029:6876:8e91:f402%1995647772 - - [2017-07-31 19:46:35] "POST /login HTTP/1.1" 200 320 0.032516
Jul 31 19:46:35 witherspoon phosphor-gevent[1022]: ::8029:6876:8e91:f402%1995647772 - - [2017-07-31 19:46:35] "GET /org/openbmc/control/flash/bios HTTP/1.1" 200 402 0.067863
Jul 31 19:46:38 witherspoon avahi-daemon[950]: Withdrawing address record for 9.3.86.161 on eth0.
Jul 31 19:46:38 witherspoon avahi-daemon[950]: Host name conflict, retrying with witherspoon-29
Jul 31 19:46:38 witherspoon avahi-daemon[950]: Registering new address record for fe80::72e2:84ff:fe14:23e1 on eth0.*.
Jul 31 19:46:38 witherspoon avahi-daemon[950]: Registering new address record for 9.3.86.161 on eth0.IPv4.
Jul 31 19:46:46 witherspoon phosphor-gevent[1022]: ::8029:6876:8e91:f402%1995647772 - - [2017-07-31 19:46:46] "POST /login HTTP/1.1" 200 320 0.032823
Jul 31 19:46:46 witherspoon phosphor-gevent[1022]: ::8029:6876:8e91:f402%1995647772 - - [2017-07-31 19:46:46] "GET /org/openbmc/control/flash/bios HTTP/1.1" 200 402 0.070722
Jul 31 19:46:48 witherspoon flash_bios.exe[1039]: Erasing... (may take a while !) done !
Jul 31 19:46:48 witherspoon flash_bios.exe[1039]: About to program "/tmp/witherspoon_910_golden.pnor" at 0x00000000..0x04000000 !
Jul 31 19:46:48 witherspoon flash_bios.exe[1039]: Programming & Verifying...
Jul 31 19:46:48 witherspoon flash_bios.exe[1039]: Flash done
Jul 31 19:46:56 witherspoon phosphor-gevent[1022]: ::8029:6876:8e91:f402%1995647772 - - [2017-07-31 19:46:56] "POST /login HTTP/1.1" 200 320 0.032927
Jul 31 19:46:56 witherspoon phosphor-gevent[1022]: ::8029:6876:8e91:f402%1995647772 - - [2017-07-31 19:46:56] "GET /org/openbmc/control/flash/bios HTTP/1.1" 200 399 0.077496
Jul 31 19:46:56 witherspoon systemd[1]: Started SSH Per-Connection Server (9.41.165.94:47348).
Jul 31 19:46:56 witherspoon dropbear[1159]: Failed loading /etc/dropbear/dropbear_dss_host_key
Jul 31 19:46:56 witherspoon dropbear[1159]: Failed loading /etc/dropbear/dropbear_ecdsa_host_key
Jul 31 19:46:56 witherspoon dropbear[1159]: Child connection from ::ffff:9.41.165.94:47348
Jul 31 19:46:57 witherspoon dropbear[1159]: PAM password auth succeeded for 'root' from ::ffff:9.41.165.94:47348
Jul 31 19:46:57 witherspoon avahi-daemon[950]: Withdrawing address record for 9.3.86.161 on eth0.
Jul 31 19:46:57 witherspoon avahi-daemon[950]: Host name conflict, retrying with witherspoon-30
Jul 31 19:46:57 witherspoon avahi-daemon[950]: Registering new address record for fe80::72e2:84ff:fe14:23e1 on eth0.*.
Jul 31 19:46:57 witherspoon avahi-daemon[950]: Registering new address record for 9.3.86.161 on eth0.IPv4.
Jul 31 19:46:58 witherspoon phosphor-gevent[1022]: ::8029:6876:8e91:f402%1995647772 - - [2017-07-31 19:46:58] "POST /login HTTP/1.1" 200 320 0.033120
Jul 31 19:46:58 witherspoon phosphor-gevent[1022]: ::8029:6876:8e91:f402%1995647772 - - [2017-07-31 19:46:58] "GET /xyz/openbmc_project/state/host0//attr/CurrentHostState HTTP/1.1" 200 212 0.049117
Jul 31 19:46:58 witherspoon systemd[1]: Created slice system-obmc\x2dconsole\x2dssh.slice.
Jul 31 19:46:58 witherspoon systemd[1]: Started Phosphor Host Console SSH Per-Connection (9.41.165.94:42630).
Jul 31 19:46:58 witherspoon dropbear[1164]: Failed loading /etc/dropbear/dropbear_dss_host_key
Jul 31 19:46:58 witherspoon dropbear[1164]: Failed loading /etc/dropbear/dropbear_ecdsa_host_key
Jul 31 19:46:58 witherspoon dropbear[1164]: Child connection from ::ffff:9.41.165.94:42630
Jul 31 19:46:59 witherspoon phosphor-gevent[1022]: ::8029:6876:8e91:f402%1995647772 - - [2017-07-31 19:46:59] "POST /login HTTP/1.1" 200 320 0.122948
Jul 31 19:46:59 witherspoon phosphor-gevent[1022]: ::8029:6876:8e91:f402%1995647772 - - [2017-07-31 19:46:59] "PUT /org/openbmc/settings/host0/attr/power_policy HTTP/1.1" 200 169 0.248291
Jul 31 19:46:59 witherspoon dropbear[1164]: PAM password auth succeeded for 'root' from ::ffff:9.41.165.94:42630
Jul 31 19:46:59 witherspoon phosphor-gevent[1022]: ::8029:6876:8e91:f402%1995647772 - - [2017-07-31 19:46:59] "POST /login HTTP/1.1" 200 320 0.032882
Jul 31 19:46:59 witherspoon phosphor-gevent[1022]: ::8029:6876:8e91:f402%1995647772 - - [2017-07-31 19:46:59] "GET /org/openbmc/settings/host0/attr/power_policy HTTP/1.1" 200 185 0.070657
Jul 31 19:47:00 witherspoon phosphor-gevent[1022]: ::8029:6876:8e91:f402%1995647772 - - [2017-07-31 19:47:00] "POST /login HTTP/1.1" 200 320 0.047872
Jul 31 19:47:00 witherspoon phosphor-gevent[1022]: ::8029:6876:8e91:f402%1995647772 - - [2017-07-31 19:47:00] "GET /xyz/openbmc_project/state/chassis0//attr/CurrentPowerState HTTP/1.1" 200 216 0.048956
Jul 31 19:47:00 witherspoon phosphor-gevent[1022]: ::8029:6876:8e91:f402%1995647772 - - [2017-07-31 19:47:00] "POST /login HTTP/1.1" 200 320 0.033466
Jul 31 19:47:00 witherspoon phosphor-gevent[1022]: ::8029:6876:8e91:f402%1995647772 - - [2017-07-31 19:47:00] "GET /xyz/openbmc_project/state/bmc0//attr/CurrentBMCState HTTP/1.1" 200 212 0.050141
Jul 31 19:47:00 witherspoon phosphor-gevent[1022]: ::8029:6876:8e91:f402%1995647772 - - [2017-07-31 19:47:00] "POST /login HTTP/1.1" 200 320 0.032735
Jul 31 19:47:00 witherspoon phosphor-gevent[1022]: ::8029:6876:8e91:f402%1995647772 - - [2017-07-31 19:47:00] "GET /org/openbmc/sensors/host/BootProgress/attr/value HTTP/1.1" 200 170 0.052712
Jul 31 19:47:01 witherspoon phosphor-gevent[1022]: ::8029:6876:8e91:f402%1995647772 - - [2017-07-31 19:47:01] "POST /login HTTP/1.1" 200 320 0.041364
Jul 31 19:47:01 witherspoon phosphor-gevent[1022]: ::8029:6876:8e91:f402%1995647772 - - [2017-07-31 19:47:01] "GET /xyz/openbmc_project/state/host0//attr/CurrentHostState HTTP/1.1" 200 212 0.049198
Jul 31 19:47:01 witherspoon phosphor-gevent[1022]: ::8029:6876:8e91:f402%1995647772 - - [2017-07-31 19:47:01] "POST /login HTTP/1.1" 200 320 0.032861
Jul 31 19:47:01 witherspoon phosphor-host-state-manager[1072]: Host State transaction request
Jul 31 19:47:01 witherspoon phosphor-gevent[1022]: ::8029:6876:8e91:f402%1995647772 - - [2017-07-31 19:47:01] "PUT /xyz/openbmc_project/state/host0//attr/RequestedHostTransition HTTP/1.1" 200 169 0.197020
Jul 31 19:47:01 witherspoon systemd[1]: Starting Wait for /xyz/openbmc_project/watchdog/host0...
Jul 31 19:47:01 witherspoon systemd[1]: Created slice system-phosphor\x2dwatchdog.slice.
Jul 31 19:47:01 witherspoon systemd[1]: Starting Wait for /xyz/openbmc_project/led/groups/power_on...
Jul 31 19:47:01 witherspoon systemd[1]: Created slice system-obmc\x2denable\x2dhost\x2dwatchdog.slice.
Jul 31 19:47:01 witherspoon systemd[1]: Created slice system-cfam_override.slice.
Jul 31 19:47:01 witherspoon systemd[1]: Created slice system-vrm\x2dcontrol.slice.
Jul 31 19:47:01 witherspoon systemd[1]: Created slice system-avsbus\x2denable.slice.
Jul 31 19:47:01 witherspoon systemd[1]: Created slice system-phosphor\x2dgpio\x2dmonitor.slice.
Jul 31 19:47:01 witherspoon systemd[1]: Created slice system-fsi\x2dscan.slice.
