-- Logs begin at Tue 2017-08-01 07:24:49 UTC, end at Tue 2017-08-01 07:45:47 UTC. --
Aug 01 07:24:49 witherspoon kernel: Booting Linux on physical CPU 0x0
Aug 01 07:24:49 witherspoon kernel: Linux version 4.10.17-44f0dc8ac43162c4f7082884d6cd79400341bf5b (jenkins@openbmc-builder1) (gcc version 6.2.0 (GCC) ) #1 Tue Aug 1 07:08:05 UTC 2017
Aug 01 07:24:49 witherspoon kernel: CPU: ARMv6-compatible processor [410fb767] revision 7 (ARMv7), cr=00c5387d
Aug 01 07:24:49 witherspoon kernel: CPU: PIPT / VIPT nonaliasing data cache, VIPT nonaliasing instruction cache
Aug 01 07:24:49 witherspoon kernel: OF: fdt:Machine model: Witherspoon BMC
Aug 01 07:24:49 witherspoon kernel: Memory policy: Data cache writeback
Aug 01 07:24:49 witherspoon kernel: SOC Rev: 04030303
Aug 01 07:24:49 witherspoon kernel: On node 0 totalpages: 110592
Aug 01 07:24:49 witherspoon kernel: free_area_init_node: node 0, pgdat 805ff5e4, node_mem_map 9ec1a000
Aug 01 07:24:49 witherspoon kernel:   Normal zone: 992 pages used for memmap
Aug 01 07:24:49 witherspoon kernel:   Normal zone: 0 pages reserved
Aug 01 07:24:49 witherspoon kernel:   Normal zone: 110592 pages, LIFO batch:31
Aug 01 07:24:49 witherspoon kernel: pcpu-alloc: s0 r0 d32768 u32768 alloc=1*32768
Aug 01 07:24:49 witherspoon kernel: pcpu-alloc: [0] 0 
Aug 01 07:24:49 witherspoon kernel: Built 1 zonelists in Zone order, mobility grouping on.  Total pages: 109600
Aug 01 07:24:49 witherspoon kernel: Kernel command line: console=ttyS4,115200n8 root=/dev/ram rw
Aug 01 07:24:49 witherspoon kernel: PID hash table entries: 2048 (order: 1, 8192 bytes)
Aug 01 07:24:49 witherspoon kernel: Dentry cache hash table entries: 65536 (order: 6, 262144 bytes)
Aug 01 07:24:49 witherspoon kernel: Inode-cache hash table entries: 32768 (order: 5, 131072 bytes)
Aug 01 07:24:49 witherspoon kernel: Memory: 430440K/442368K available (4065K kernel code, 280K rwdata, 1192K rodata, 284K init, 111K bss, 11928K reserved, 0K cma-reserved)
Aug 01 07:24:49 witherspoon kernel: Virtual kernel memory layout:
                                        vector  : 0xffff0000 - 0xffff1000   (   4 kB)
                                        fixmap  : 0xffc00000 - 0xfff00000   (3072 kB)
                                        vmalloc : 0x9f800000 - 0xff800000   (1536 MB)
                                        lowmem  : 0x80000000 - 0x9f000000   ( 496 MB)
                                          .text : 0x80008000 - 0x804007a0   (4066 kB)
                                          .init : 0x80585000 - 0x805cc000   ( 284 kB)
                                          .data : 0x805cc000 - 0x80612358   ( 281 kB)
                                           .bss : 0x80612358 - 0x8062e1f8   ( 112 kB)
Aug 01 07:24:49 witherspoon kernel: NR_IRQS:16 nr_irqs:16 16
Aug 01 07:24:49 witherspoon kernel: i2c controller registered, irq 16
Aug 01 07:24:49 witherspoon kernel: clocksource: moxart_timer: mask: 0xffffffff max_cycles: 0xffffffff, max_idle_ns: 77222644334 ns
Aug 01 07:24:49 witherspoon kernel: sched_clock: 32 bits at 100 Hz, resolution 10000000ns, wraps every 21474836475000000ns
Aug 01 07:24:49 witherspoon kernel: Calibrating delay loop... 789.70 BogoMIPS (lpj=3948544)
Aug 01 07:24:49 witherspoon kernel: pid_max: default: 32768 minimum: 301
Aug 01 07:24:49 witherspoon kernel: Mount-cache hash table entries: 1024 (order: 0, 4096 bytes)
Aug 01 07:24:49 witherspoon kernel: Mountpoint-cache hash table entries: 1024 (order: 0, 4096 bytes)
Aug 01 07:24:49 witherspoon kernel: CPU: Testing write buffer coherency: ok
Aug 01 07:24:49 witherspoon kernel: ftrace: allocating 14932 entries in 44 pages
Aug 01 07:24:49 witherspoon kernel: Setting up static identity map for 0x80008200 - 0x8000825c
Aug 01 07:24:49 witherspoon kernel: devtmpfs: initialized
Aug 01 07:24:49 witherspoon kernel: clocksource: jiffies: mask: 0xffffffff max_cycles: 0xffffffff, max_idle_ns: 19112604462750000 ns
Aug 01 07:24:49 witherspoon kernel: futex hash table entries: 256 (order: -1, 3072 bytes)
Aug 01 07:24:49 witherspoon kernel: pinctrl core: initialized pinctrl subsystem
Aug 01 07:24:49 witherspoon kernel: NET: Registered protocol family 16
Aug 01 07:24:49 witherspoon kernel: DMA: preallocated 256 KiB pool for atomic coherent allocations
Aug 01 07:24:49 witherspoon kernel: usbcore: registered new interface driver usbfs
Aug 01 07:24:49 witherspoon kernel: usbcore: registered new interface driver hub
Aug 01 07:24:49 witherspoon kernel: usbcore: registered new device driver usb
Aug 01 07:24:49 witherspoon kernel: clocksource: Switched to clocksource moxart_timer
Aug 01 07:24:49 witherspoon kernel: NET: Registered protocol family 2
Aug 01 07:24:49 witherspoon kernel: TCP established hash table entries: 4096 (order: 2, 16384 bytes)
Aug 01 07:24:49 witherspoon kernel: TCP bind hash table entries: 4096 (order: 2, 16384 bytes)
Aug 01 07:24:49 witherspoon kernel: TCP: Hash tables configured (established 4096 bind 4096)
Aug 01 07:24:49 witherspoon kernel: UDP hash table entries: 256 (order: 0, 4096 bytes)
Aug 01 07:24:49 witherspoon kernel: UDP-Lite hash table entries: 256 (order: 0, 4096 bytes)
Aug 01 07:24:49 witherspoon kernel: NET: Registered protocol family 1
Aug 01 07:24:49 witherspoon kernel: Trying to unpack rootfs image as initramfs...
Aug 01 07:24:49 witherspoon kernel: Freeing initrd memory: 1544K
Aug 01 07:24:49 witherspoon kernel: workingset: timestamp_bits=30 max_order=17 bucket_order=0
Aug 01 07:24:49 witherspoon kernel: squashfs: version 4.0 (2009/01/31) Phillip Lougher
Aug 01 07:24:49 witherspoon kernel: jffs2: version 2.2. (SUMMARY)  © 2001-2006 Red Hat, Inc.
Aug 01 07:24:49 witherspoon kernel: Block layer SCSI generic (bsg) driver version 0.4 loaded (major 250)
Aug 01 07:24:49 witherspoon kernel: io scheduler noop registered
Aug 01 07:24:49 witherspoon kernel: io scheduler deadline registered
Aug 01 07:24:49 witherspoon kernel: io scheduler cfq registered (default)
Aug 01 07:24:49 witherspoon kernel: ipmi-bt-host 1e789140.ibt: Found bt bmc device
Aug 01 07:24:49 witherspoon kernel: ipmi-bt-host 1e789140.ibt: Using IRQ 22
Aug 01 07:24:49 witherspoon kernel: Serial: 8250/16550 driver, 6 ports, IRQ sharing enabled
Aug 01 07:24:49 witherspoon kernel: 1e783000.serial: ttyS0 at MMIO 0x1e783000 (irq = 23, base_baud = 1500000) is a 16550A
Aug 01 07:24:49 witherspoon kernel: 1e78d000.serial: ttyS1 at MMIO 0x1e78d000 (irq = 24, base_baud = 1500000) is a 16550A
Aug 01 07:24:49 witherspoon kernel: 1e784000.serial: ttyS4 at MMIO 0x1e784000 (irq = 25, base_baud = 1500000) is a 16550A
Aug 01 07:24:49 witherspoon kernel: console [ttyS4] enabled
Aug 01 07:24:49 witherspoon kernel: 1e787000.vuart: ttyS2 at MMIO 0x1e787000 (irq = 22, base_baud = 1500000) is a 16550A
Aug 01 07:24:49 witherspoon kernel: timeriomem_rng 1e6e2078.hwrng: 32bits from 0xf00e2078 @ 1us
Aug 01 07:24:49 witherspoon kernel: random: fast init done
Aug 01 07:24:49 witherspoon kernel: brd: module loaded
Aug 01 07:24:49 witherspoon kernel: loop: module loaded
Aug 01 07:24:49 witherspoon kernel: aspeed-lpc-ctrl 1e789080.lpc-ctrl: Loaded at 0x98000000 (0x04000000)
Aug 01 07:24:49 witherspoon kernel: aspeed-smc 1e620000.flash-controller: Using IRQ 18
Aug 01 07:24:49 witherspoon kernel: aspeed-smc 1e620000.flash-controller: DMA support disabled.
Aug 01 07:24:49 witherspoon kernel: aspeed-smc 1e620000.flash-controller: mx25l25635e (32768 Kbytes)
Aug 01 07:24:49 witherspoon kernel: aspeed-smc 1e620000.flash-controller: CE0 window [ 0x20000000 - 0x22000000 ] 32MB
Aug 01 07:24:49 witherspoon kernel: aspeed-smc 1e620000.flash-controller: CE1 window [ 0x22000000 - 0x2a000000 ] 128MB
Aug 01 07:24:49 witherspoon kernel: 5 ofpart partitions found on MTD device bmc
Aug 01 07:24:49 witherspoon kernel: Creating 5 MTD partitions on "bmc":
Aug 01 07:24:49 witherspoon kernel: 0x000000000000-0x000000060000 : "u-boot"
Aug 01 07:24:49 witherspoon kernel: 0x000000060000-0x000000080000 : "u-boot-env"
Aug 01 07:24:49 witherspoon kernel: random: crng init done
Aug 01 07:24:49 witherspoon kernel: 0x000000080000-0x0000004c0000 : "kernel"
Aug 01 07:24:49 witherspoon kernel: 0x0000004c0000-0x000001c00000 : "rofs"
Aug 01 07:24:49 witherspoon kernel: 0x000001c00000-0x000002000000 : "rwfs"
Aug 01 07:24:49 witherspoon kernel: aspeed-smc 1e620000.flash-controller: mx25l25635e (32768 Kbytes)
Aug 01 07:24:49 witherspoon kernel: aspeed-smc 1e620000.flash-controller: CE1 window [ 0x22000000 - 0x24000000 ] 32MB
Aug 01 07:24:49 witherspoon kernel: aspeed-smc 1e620000.flash-controller: CE2 window [ 0x24000000 - 0x2c000000 ] 128MB
Aug 01 07:24:49 witherspoon kernel: aspeed-smc 1e630000.flash-controller: mx66l1g45g (131072 Kbytes)
Aug 01 07:24:49 witherspoon kernel: aspeed-smc 1e630000.flash-controller: CE0 window resized to 120MB (AST2500 HW quirk)
Aug 01 07:24:49 witherspoon kernel: aspeed-smc 1e630000.flash-controller: CE0 window [ 0x30000000 - 0x37800000 ] 120MB
Aug 01 07:24:49 witherspoon kernel: aspeed-smc 1e630000.flash-controller: CE0 window too small for chip 128MB
Aug 01 07:24:49 witherspoon kernel: aspeed-smc 1e630000.flash-controller: CE1 window [ 0x37800000 - 0x38000000 ] 8MB
Aug 01 07:24:49 witherspoon kernel: libphy: Fixed MDIO Bus: probed
Aug 01 07:24:49 witherspoon kernel: ftgmac100 1e660000.ethernet: Read MAC address 70:e2:84:14:23:e1 from chip
Aug 01 07:24:49 witherspoon kernel: ftgmac100 1e660000.ethernet: Using NCSI interface
Aug 01 07:24:49 witherspoon kernel: ftgmac100 1e660000.ethernet eth0: irq 20, mapped at f0060000
Aug 01 07:24:49 witherspoon kernel: ehci_hcd: USB 2.0 'Enhanced' Host Controller (EHCI) Driver
Aug 01 07:24:49 witherspoon kernel: ehci-platform: EHCI generic platform driver
Aug 01 07:24:49 witherspoon kernel:  fsi0: can't read slave 00:00 -5
Aug 01 07:24:49 witherspoon kernel: i2c /dev entries driver
Aug 01 07:24:49 witherspoon kernel: aspeed-i2c-bus 1e78a0c0.i2c-bus: i2c bus 2 registered, irq 26
Aug 01 07:24:49 witherspoon kernel: aspeed-i2c-bus 1e78a100.i2c-bus: i2c bus 3 registered, irq 27
Aug 01 07:24:49 witherspoon kernel: aspeed-i2c-bus 1e78a140.i2c-bus: i2c bus 4 registered, irq 28
Aug 01 07:24:49 witherspoon kernel: aspeed-i2c-bus 1e78a180.i2c-bus: i2c bus 5 registered, irq 29
Aug 01 07:24:49 witherspoon kernel: aspeed-i2c-bus 1e78a380.i2c-bus: i2c bus 9 registered, irq 30
Aug 01 07:24:49 witherspoon kernel: aspeed-i2c-bus 1e78a3c0.i2c-bus: i2c bus 10 registered, irq 31
Aug 01 07:24:49 witherspoon kernel: rtc-rv8803 11-0032: Voltage low, temperature compensation stopped.
Aug 01 07:24:49 witherspoon kernel: rtc-rv8803 11-0032: An alarm maybe have been missed.
Aug 01 07:24:49 witherspoon kernel: rtc-rv8803 11-0032: rtc core: registered rx8900 as rtc0
Aug 01 07:24:49 witherspoon kernel: at24 11-0051: 8192 byte 24c64 EEPROM, writable, 1 bytes/write
Aug 01 07:24:49 witherspoon kernel: aspeed-i2c-bus 1e78a400.i2c-bus: i2c bus 11 registered, irq 32
Aug 01 07:24:49 witherspoon kernel: aspeed-i2c-bus 1e78a440.i2c-bus: i2c bus 12 registered, irq 33
Aug 01 07:24:49 witherspoon kernel: aspeed-i2c-bus 1e78a480.i2c-bus: i2c bus 13 registered, irq 34
Aug 01 07:24:49 witherspoon kernel: Driver for 1-wire Dallas network protocol.
Aug 01 07:24:49 witherspoon kernel: lm75 9-004a: hwmon0: sensor 'tmp275'
Aug 01 07:24:49 witherspoon kernel: max31785 3-0052: Fan 2 is configured but not installed
Aug 01 07:24:49 witherspoon kernel: max31785 3-0052: Fan 3 is configured but not installed
Aug 01 07:24:49 witherspoon kernel: ucd9000 11-0064: Device ID UCD90160|2.3.4.0000|110603
Aug 01 07:24:49 witherspoon kernel: leds-pca955x 3-0060: leds-pca955x: Using pca9552 16-bit LED driver at slave address 0x60
Aug 01 07:24:49 witherspoon kernel: leds-pca955x 11-0060: leds-pca955x: Using pca9552 16-bit LED driver at slave address 0x60
Aug 01 07:24:49 witherspoon kernel: leds-pca955x 11-0060: gpios 264...279
Aug 01 07:24:49 witherspoon kernel: usbcore: registered new interface driver usbhid
Aug 01 07:24:49 witherspoon kernel: usbhid: USB HID core driver
Aug 01 07:24:49 witherspoon kernel: NET: Registered protocol family 10
Aug 01 07:24:49 witherspoon kernel: Segment Routing with IPv6
Aug 01 07:24:49 witherspoon kernel: NET: Registered protocol family 17
Aug 01 07:24:49 witherspoon kernel: 8021q: 802.1Q VLAN Support v1.8
Aug 01 07:24:49 witherspoon kernel: console [netcon0] enabled
Aug 01 07:24:49 witherspoon kernel: netconsole: network logging started
Aug 01 07:24:49 witherspoon kernel: input: gpio-keys as /devices/platform/gpio-keys/input/input0
Aug 01 07:24:49 witherspoon kernel: rtc-rv8803 11-0032: setting system clock to 2017-08-01 07:24:40 UTC (1501572280)
Aug 01 07:24:49 witherspoon kernel: Freeing unused kernel memory: 284K
Aug 01 07:24:49 witherspoon kernel: This architecture does not have kernel memory protection.
Aug 01 07:24:49 witherspoon kernel: jffs2: notice: (525) jffs2_build_xattr_subsystem: complete building xattr subsystem, 0 of xdatum (0 unchecked, 0 orphan) and 0 of xref (0 dead, 0 orphan) found.
Aug 01 07:24:49 witherspoon systemd[1]: Failed to insert module 'autofs4': No such file or directory
Aug 01 07:24:49 witherspoon systemd[1]: systemd 232 running in system mode. (+PAM -AUDIT -SELINUX -IMA -APPARMOR -SMACK +SYSVINIT -UTMP -LIBCRYPTSETUP -GCRYPT -GNUTLS +ACL +XZ -LZ4 -SECCOMP +BLKID -ELFUTILS +KMOD -IDN)
Aug 01 07:24:49 witherspoon systemd[1]: Detected architecture arm.
Aug 01 07:24:49 witherspoon systemd[1]: Set hostname to <witherspoon>.
Aug 01 07:24:49 witherspoon systemd[1]: Listening on Syslog Socket.
Aug 01 07:24:49 witherspoon systemd[1]: Listening on udev Control Socket.
Aug 01 07:24:49 witherspoon systemd[1]: Listening on Journal Socket (/dev/log).
Aug 01 07:24:49 witherspoon systemd[1]: Reached target Swap.
Aug 01 07:24:49 witherspoon systemd[1]: Listening on Journal Socket.
Aug 01 07:24:49 witherspoon systemd[1]: Started Dispatch Password Requests to Console Directory Watch.
Aug 01 07:24:49 witherspoon systemd[1]: Listening on udev Kernel Socket.
Aug 01 07:24:49 witherspoon systemd-journald[653]: Journal started
Aug 01 07:24:49 witherspoon systemd-journald[653]: Runtime journal (/run/log/journal/cc6e1404d87444e8a089dfdb00a18f7d) is 0B, max 0B, 0B free.
Aug 01 07:24:49 witherspoon systemd-sysctl[656]: Couldn't write '16' to 'kernel/sysrq', ignoring: No such file or directory
Aug 01 07:24:49 witherspoon systemd-sysctl[656]: Couldn't write 'fq_codel' to 'net/core/default_qdisc', ignoring: No such file or directory
Aug 01 07:24:49 witherspoon systemd[1]: Started Forward Password Requests to Wall Directory Watch.
Aug 01 07:24:50 witherspoon systemd[1]: Listening on /dev/initctl Compatibility Named Pipe.
Aug 01 07:24:50 witherspoon systemd[1]: Reached target Paths.
Aug 01 07:24:50 witherspoon systemd[1]: Created slice system-phosphor\x2dgpio\x2dpresence.slice.
Aug 01 07:24:51 witherspoon systemd[1]: Created slice system-obmc\x2dled\x2dgroup\x2dstart.slice.
Aug 01 07:24:51 witherspoon systemd[1]: Listening on Network Service Netlink Socket.
Aug 01 07:24:51 witherspoon systemd[1]: Mounted Debug File System.
Aug 01 07:24:52 witherspoon systemd[1]: Mounted Temporary Directory.
Aug 01 07:24:52 witherspoon systemd[1]: Started Journal Service.
Aug 01 07:24:52 witherspoon systemd[1]: Started Remount Root and Kernel File Systems.
Aug 01 07:24:52 witherspoon systemd[1]: Started Apply Kernel Variables.
Aug 01 07:24:52 witherspoon systemd[1]: Starting Create System Users...
Aug 01 07:24:52 witherspoon systemd[1]: Starting Flush Journal to Persistent Storage...
Aug 01 07:24:53 witherspoon systemd[1]: Started udev Coldplug all Devices.
Aug 01 07:24:53 witherspoon systemd[1]: Started Create System Users.
Aug 01 07:24:53 witherspoon systemd[1]: Starting Create Static Device Nodes in /dev...
Aug 01 07:24:54 witherspoon systemd-journald[653]: Runtime journal (/run/log/journal/cc6e1404d87444e8a089dfdb00a18f7d) is 0B, max 0B, 0B free.
Aug 01 07:24:54 witherspoon systemd[1]: Started Flush Journal to Persistent Storage.
Aug 01 07:24:54 witherspoon systemd[1]: Started Create Static Device Nodes in /dev.
Aug 01 07:24:55 witherspoon systemd[1]: Starting udev Kernel Device Manager...
Aug 01 07:24:55 witherspoon systemd[1]: Reached target Local File Systems (Pre).
Aug 01 07:24:55 witherspoon systemd[1]: Mounting /var/volatile...
Aug 01 07:24:55 witherspoon systemd[1]: Mounted /var/volatile.
Aug 01 07:24:55 witherspoon systemd[1]: Starting Load/Save Random Seed...
Aug 01 07:24:55 witherspoon systemd[1]: Reached target Local File Systems.
Aug 01 07:24:55 witherspoon systemd[1]: Starting Rebuild Journal Catalog...
Aug 01 07:24:55 witherspoon systemd[1]: Starting Create Volatile Files and Directories...
Aug 01 07:24:55 witherspoon systemd-tmpfiles[897]: "/var/tmp" already exists and is not a directory.
Aug 01 07:24:55 witherspoon systemd-tmpfiles[897]: "/var/log" already exists and is not a directory.
Aug 01 07:24:55 witherspoon systemd[1]: Started Load/Save Random Seed.
Aug 01 07:24:55 witherspoon systemd[1]: Started Rebuild Journal Catalog.
Aug 01 07:24:55 witherspoon systemd[1]: Starting Update is Completed...
Aug 01 07:24:55 witherspoon systemd[1]: Started Create Volatile Files and Directories.
Aug 01 07:24:55 witherspoon systemd[1]: Starting Run pending postinsts...
Aug 01 07:24:55 witherspoon systemd[1]: Starting Network Time Synchronization...
Aug 01 07:24:56 witherspoon systemd[1]: Started Update is Completed.
Aug 01 07:24:56 witherspoon systemd[1]: Started udev Kernel Device Manager.
Aug 01 07:24:56 witherspoon systemd[1]: Started Network Time Synchronization.
Aug 01 07:24:56 witherspoon systemd[1]: Reached target System Time Synchronized.
Aug 01 07:24:57 witherspoon systemd[1]: Found device /dev/aspeed-lpc-ctrl.
Aug 01 07:24:57 witherspoon systemd[1]: Found device /dev/aspeed-mbox.
Aug 01 07:24:57 witherspoon systemd[1]: Found device /dev/ttyS4.
Aug 01 07:24:58 witherspoon systemd[1]: Found device /dev/ttyVUART0.
Aug 01 07:24:59 witherspoon systemd[1]: Created slice system-xyz.openbmc_project.led.controller.slice.
Aug 01 07:24:59 witherspoon systemd[1]: dev-hugepages.mount: Couldn't determine result for ConditionVirtualization=!private-users, assuming failed: No such file or directory
Aug 01 07:24:59 witherspoon systemd[1]: Created slice system-xyz.openbmc_project.Hwmon.slice.
Aug 01 07:24:59 witherspoon run-postinsts[902]: Running postinst /etc/rpm-postinsts/libglib-2.0-0...
Aug 01 07:25:00 witherspoon run-postinsts[902]: rm: can't remove '/etc/rpm-postinsts': Invalid argument
Aug 01 07:25:00 witherspoon run-postinsts[902]:  Removing any system startup links for run-postinsts ...
Aug 01 07:25:00 witherspoon systemctl[934]: Removed /etc/systemd/system/sysinit.target.wants/run-postinsts.service.
Aug 01 07:25:00 witherspoon systemd[1]: Reloading.
Aug 01 07:25:03 witherspoon systemd[1]: Started Run pending postinsts.
Aug 01 07:25:03 witherspoon systemd[1]: Reached target System Initialization.
Aug 01 07:25:03 witherspoon systemd[1]: Listening on Avahi mDNS/DNS-SD Stack Activation Socket.
Aug 01 07:25:03 witherspoon systemd[1]: Listening on dropbear.socket.
Aug 01 07:25:03 witherspoon systemd[1]: Started Daily Cleanup of Temporary Directories.
Aug 01 07:25:03 witherspoon systemd[1]: Listening on Phosphor DBUS Browser socket.
Aug 01 07:25:03 witherspoon systemd[1]: Listening on phosphor-ipmi-net.socket.
Aug 01 07:25:03 witherspoon systemd[1]: Reached target Timers.
Aug 01 07:25:03 witherspoon systemd[1]: Listening on Phosphor Host Console SSH Per-Connection socket.
Aug 01 07:25:03 witherspoon systemd[1]: Listening on D-Bus System Message Bus Socket.
Aug 01 07:25:04 witherspoon systemd[1]: Listening on Phosphor Webserver socket.
Aug 01 07:25:04 witherspoon systemd[1]: Reached target Sockets.
Aug 01 07:25:04 witherspoon systemd[1]: Reached target Basic System.
Aug 01 07:25:04 witherspoon systemd[1]: Started Phosphor sysfs LED controller.
Aug 01 07:25:04 witherspoon systemd[1]: Starting Phosphor Download Manager...
Aug 01 07:25:04 witherspoon systemd[1]: Started Phosphor sysfs LED controller.
Aug 01 07:25:04 witherspoon systemd[1]: Starting Phosphor User Manager...
Aug 01 07:25:04 witherspoon systemd[1]: Starting Phosphor LED Group Management Daemon...
Aug 01 07:25:04 witherspoon systemd[1]: Started Phosphor sysfs LED controller.
Aug 01 07:25:04 witherspoon systemd[1]: Started Phosphor sysfs LED controller.
Aug 01 07:25:04 witherspoon systemd[1]: Starting Phosphor Inventory Manager...
Aug 01 07:25:04 witherspoon systemd[1]: Starting Phosphor Inventory Manager...
Aug 01 07:25:04 witherspoon systemd[1]: Starting Phosphor IPMI BT DBus Bridge...
Aug 01 07:25:04 witherspoon systemd[1]: Starting Phosphor Download Manager...
Aug 01 07:25:04 witherspoon systemd[1]: Starting Phosphor BMC0 Control...
Aug 01 07:25:04 witherspoon systemd[1]: Starting Phosphor Dump Manager...
Aug 01 07:25:05 witherspoon systemd[1]: Started Kernel Logging Service.
Aug 01 07:25:05 witherspoon systemd[1]: Starting Clear one time boot overrides...
Aug 01 07:25:05 witherspoon systemd[1]: Starting Avahi mDNS/DNS-SD Stack...
Aug 01 07:25:05 witherspoon systemd[1]: Started Phosphor sysfs LED controller.
Aug 01 07:25:05 witherspoon systemd[1]: Starting Phosphor Settings Daemon...
Aug 01 07:25:05 witherspoon systemd[1]: Reached target Containers.
Aug 01 07:25:05 witherspoon systemd[1]: Starting Attach the PNOR mtd device to UBI...
Aug 01 07:25:05 witherspoon systemd[1]: Starting Phosphor DBus Service Discovery Manager...
Aug 01 07:25:05 witherspoon systemd[1]: Starting Phosphor Log Manager...
Aug 01 07:25:05 witherspoon systemd[1]: Started Phosphor Console Muxer listening on device /dev/ttyVUART0.
Aug 01 07:25:05 witherspoon systemd[1]: Starting OpenBMC Software Update Manager...
Aug 01 07:25:05 witherspoon systemd[1]: Starting Phosphor Network Manager...
Aug 01 07:25:05 witherspoon systemd[1]: Started Hardware RNG Entropy Gatherer Daemon.
Aug 01 07:25:05 witherspoon systemd[1]: Started Phosphor sysfs LED controller.
Aug 01 07:25:05 witherspoon systemd[1]: Starting Phosphor Sensor Manager...
Aug 01 07:25:06 witherspoon systemd[1]: Started System Logging Service.
Aug 01 07:25:06 witherspoon systemd[1]: Started Phosphor Dump core monitor..
Aug 01 07:25:06 witherspoon kernel: ubi7: default fastmap pool size: 100
Aug 01 07:25:06 witherspoon kernel: ubi7: default fastmap WL pool size: 50
Aug 01 07:25:06 witherspoon kernel: ubi7: attaching mtd7
Aug 01 07:25:06 witherspoon systemd[1]: Started Phosphor sysfs LED controller.
Aug 01 07:25:06 witherspoon systemd[1]: Started Phosphor sysfs LED controller.
Aug 01 07:25:06 witherspoon systemd[1]: Started Phosphor sysfs LED controller.
Aug 01 07:25:06 witherspoon systemd[1]: Started Phosphor sysfs LED controller.
Aug 01 07:25:06 witherspoon systemd[1]: Started D-Bus System Message Bus.
Aug 01 07:25:06 witherspoon kernel[960]: klogd started: BusyBox v1.24.1 (2017-06-16 19:29:08 UTC)
Aug 01 07:25:07 witherspoon kernel: ubi7: scanning is finished
Aug 01 07:25:07 witherspoon kernel: ubi7: attached mtd7 (name "pnor", size 128 MiB)
Aug 01 07:25:07 witherspoon kernel: ubi7: PEB size: 65536 bytes (64 KiB), LEB size: 65408 bytes
Aug 01 07:25:07 witherspoon kernel: ubi7: min./max. I/O unit sizes: 1/256, sub-page size 1
Aug 01 07:25:07 witherspoon kernel: ubi7: VID header offset: 64 (aligned 64), data offset: 128
Aug 01 07:25:07 witherspoon kernel: ubi7: good PEBs: 2048, bad PEBs: 0, corrupted PEBs: 0
Aug 01 07:25:07 witherspoon kernel: ubi7: user volume: 0, internal volumes: 1, max. volumes count: 128
Aug 01 07:25:07 witherspoon kernel: ubi7: max/mean erase counter: 0/0, WL threshold: 4096, image sequence number: 644605800
Aug 01 07:25:07 witherspoon kernel: ubi7: available PEBs: 2042, total reserved PEBs: 6, PEBs reserved for bad PEB handling: 0
Aug 01 07:25:07 witherspoon kernel[960]: [    0.000000] Booting Linux on physical CPU 0x0
Aug 01 07:25:09 witherspoon kernel: ubi7: background thread "ubi_bgt7d" started, PID 988
Aug 01 07:25:09 witherspoon obmc-flash-bios[965]: UBI device number 7, total 2048 LEBs (133955584 bytes, 127.8 MiB), available 2042 LEBs (133563136 bytes, 127.4 MiB), LEB size 65408 bytes (63.9 KiB)
Aug 01 07:25:07 witherspoon kernel[960]: [    0.000000] Linux version 4.10.17-44f0dc8ac43162c4f7082884d6cd79400341bf5b (jenkins@openbmc-builder1) (gcc version 6.2.0 (GCC) ) #1 Tue Aug 1 07:08:05 UTC 2017
Aug 01 07:25:07 witherspoon kernel[960]: [    0.000000] CPU: ARMv6-compatible processor [410fb767] revision 7 (ARMv7), cr=00c5387d
Aug 01 07:25:07 witherspoon kernel[960]: [    0.000000] CPU: PIPT / VIPT nonaliasing data cache, VIPT nonaliasing instruction cache
Aug 01 07:25:07 witherspoon kernel[960]: [    0.000000] OF: fdt:Machine model: Witherspoon BMC
Aug 01 07:25:07 witherspoon kernel[960]: [    0.000000] Memory policy: Data cache writeback
Aug 01 07:25:07 witherspoon kernel[960]: [    0.000000] SOC Rev: 04030303
Aug 01 07:25:07 witherspoon kernel[960]: [    0.000000] On node 0 totalpages: 110592
Aug 01 07:25:07 witherspoon kernel[960]: [    0.000000] free_area_init_node: node 0, pgdat 805ff5e4, node_mem_map 9ec1a000
Aug 01 07:25:07 witherspoon kernel[960]: [    0.000000]   Normal zone: 992 pages used for memmap
Aug 01 07:25:07 witherspoon kernel[960]: [    0.000000]   Normal zone: 0 pages reserved
Aug 01 07:25:07 witherspoon kernel[960]: [    0.000000]   Normal zone: 110592 pages, LIFO batch:31
Aug 01 07:25:07 witherspoon kernel[960]: [    0.000000] pcpu-alloc: s0 r0 d32768 u32768 alloc=1*32768
Aug 01 07:25:07 witherspoon kernel[960]: [    0.000000] pcpu-alloc: [0] 0
Aug 01 07:25:07 witherspoon kernel[960]: [    0.000000] Built 1 zonelists in Zone order, mobility grouping on.  Total pages: 109600
Aug 01 07:25:07 witherspoon kernel[960]: [    0.000000] Kernel command line: console=ttyS4,115200n8 root=/dev/ram rw
Aug 01 07:25:07 witherspoon kernel[960]: [    0.000000] PID hash table entries: 2048 (order: 1, 8192 bytes)
Aug 01 07:25:07 witherspoon kernel[960]: [    0.000000] Dentry cache hash table entries: 65536 (order: 6, 262144 bytes)
Aug 01 07:25:07 witherspoon kernel[960]: [    0.000000] Inode-cache hash table entries: 32768 (order: 5, 131072 bytes)
Aug 01 07:25:07 witherspoon kernel[960]: [    0.000000] Memory: 430440K/442368K available (4065K kernel code, 280K rwdata, 1192K rodata, 284K init, 111K bss, 11928K reserved, 0K cma-reserved)
Aug 01 07:25:07 witherspoon kernel[960]: [    0.000000] Virtual kernel memory layout:
Aug 01 07:25:07 witherspoon kernel[960]: [    0.000000]     vector  : 0xffff0000 - 0xffff1000   (   4 kB)
Aug 01 07:25:07 witherspoon kernel[960]: [    0.000000]     fixmap  : 0xffc00000 - 0xfff00000   (3072 kB)
Aug 01 07:25:07 witherspoon kernel[960]: [    0.000000]     vmalloc : 0x9f800000 - 0xff800000   (1536 MB)
Aug 01 07:25:07 witherspoon kernel[960]: [    0.000000]     lowmem  : 0x80000000 - 0x9f000000   ( 496 MB)
Aug 01 07:25:07 witherspoon kernel[960]: [    0.000000]       .text : 0x80008000 - 0x804007a0   (4066 kB)
Aug 01 07:25:07 witherspoon kernel[960]: [    0.000000]       .init : 0x80585000 - 0x805cc000   ( 284 kB)
Aug 01 07:25:07 witherspoon kernel[960]: [    0.000000]       .data : 0x805cc000 - 0x80612358   ( 281 kB)
Aug 01 07:25:07 witherspoon kernel[960]: [    0.000000]        .bss : 0x80612358 - 0x8062e1f8   ( 112 kB)
Aug 01 07:25:07 witherspoon kernel[960]: [    0.000000] NR_IRQS:16 nr_irqs:16 16
Aug 01 07:25:07 witherspoon kernel[960]: [    0.000000] i2c controller registered, irq 16
Aug 01 07:25:07 witherspoon kernel[960]: [    0.000000] clocksource: moxart_timer: mask: 0xffffffff max_cycles: 0xffffffff, max_idle_ns: 77222644334 ns
Aug 01 07:25:07 witherspoon kernel[960]: [    0.000000] sched_clock: 32 bits at 100 Hz, resolution 10000000ns, wraps every 21474836475000000ns
Aug 01 07:25:07 witherspoon kernel[960]: [    0.090000] Calibrating delay loop... 789.70 BogoMIPS (lpj=3948544)
Aug 01 07:25:07 witherspoon kernel[960]: [    0.090000] pid_max: default: 32768 minimum: 301
Aug 01 07:25:07 witherspoon kernel[960]: [    0.090000] Mount-cache hash table entries: 1024 (order: 0, 4096 bytes)
Aug 01 07:25:07 witherspoon kernel[960]: [    0.090000] Mountpoint-cache hash table entries: 1024 (order: 0, 4096 bytes)
Aug 01 07:25:07 witherspoon kernel[960]: [    0.090000] CPU: Testing write buffer coherency: ok
Aug 01 07:25:07 witherspoon kernel[960]: [    0.090000] ftrace: allocating 14932 entries in 44 pages
Aug 01 07:25:07 witherspoon kernel[960]: [    0.120000] Setting up static identity map for 0x80008200 - 0x8000825c
Aug 01 07:25:07 witherspoon kernel[960]: [    0.120000] devtmpfs: initialized
Aug 01 07:25:07 witherspoon kernel[960]: [    0.140000] clocksource: jiffies: mask: 0xffffffff max_cycles: 0xffffffff, max_idle_ns: 19112604462750000 ns
Aug 01 07:25:07 witherspoon kernel[960]: [    0.140000] futex hash table entries: 256 (order: -1, 3072 bytes)
Aug 01 07:25:07 witherspoon kernel[960]: [    0.140000] pinctrl core: initialized pinctrl subsystem
Aug 01 07:25:07 witherspoon kernel[960]: [    0.140000] NET: Registered protocol family 16
Aug 01 07:25:07 witherspoon kernel[960]: [    0.140000] DMA: preallocated 256 KiB pool for atomic coherent allocations
Aug 01 07:25:07 witherspoon kernel[960]: [    0.210000] usbcore: registered new interface driver usbfs
Aug 01 07:25:07 witherspoon kernel[960]: [    0.210000] usbcore: registered new interface driver hub
Aug 01 07:25:07 witherspoon kernel[960]: [    0.210000] usbcore: registered new device driver usb
Aug 01 07:25:07 witherspoon kernel[960]: [    0.210000] clocksource: Switched to clocksource moxart_timer
Aug 01 07:25:07 witherspoon kernel[960]: [    0.220000] NET: Registered protocol family 2
Aug 01 07:25:07 witherspoon kernel[960]: [    0.220000] TCP established hash table entries: 4096 (order: 2, 16384 bytes)
Aug 01 07:25:07 witherspoon kernel[960]: [    0.220000] TCP bind hash table entries: 4096 (order: 2, 16384 bytes)
Aug 01 07:25:07 witherspoon kernel[960]: [    0.220000] TCP: Hash tables configured (established 4096 bind 4096)
Aug 01 07:25:07 witherspoon kernel[960]: [    0.220000] UDP hash table entries: 256 (order: 0, 4096 bytes)
Aug 01 07:25:07 witherspoon kernel[960]: [    0.220000] UDP-Lite hash table entries: 256 (order: 0, 4096 bytes)
Aug 01 07:25:07 witherspoon kernel[960]: [    0.220000] NET: Registered protocol family 1
Aug 01 07:25:07 witherspoon kernel[960]: [    0.220000] Trying to unpack rootfs image as initramfs...
Aug 01 07:25:07 witherspoon kernel[960]: [    1.900000] Freeing initrd memory: 1544K
Aug 01 07:25:07 witherspoon kernel[960]: [    1.900000] workingset: timestamp_bits=30 max_order=17 bucket_order=0
Aug 01 07:25:07 witherspoon kernel[960]: [    1.900000] squashfs: version 4.0 (2009/01/31) Phillip Lougher
Aug 01 07:25:07 witherspoon kernel[960]: [    1.900000] jffs2: version 2.2. (SUMMARY)  © 2001-2006 Red Hat, Inc.
Aug 01 07:25:07 witherspoon kernel[960]: [    1.900000] Block layer SCSI generic (bsg) driver version 0.4 loaded (major 250)
Aug 01 07:25:07 witherspoon kernel[960]: [    1.900000] io scheduler noop registered
Aug 01 07:25:07 witherspoon kernel[960]: [    1.900000] io scheduler deadline registered
Aug 01 07:25:07 witherspoon kernel[960]: [    1.900000] io scheduler cfq registered (default)
Aug 01 07:25:07 witherspoon kernel[960]: [    2.050000] ipmi-bt-host 1e789140.ibt: Found bt bmc device
Aug 01 07:25:07 witherspoon kernel[960]: [    2.050000] ipmi-bt-host 1e789140.ibt: Using IRQ 22
Aug 01 07:25:07 witherspoon kernel[960]: [    2.050000] Serial: 8250/16550 driver, 6 ports, IRQ sharing enabled
Aug 01 07:25:07 witherspoon kernel[960]: [    2.050000] 1e783000.serial: ttyS0 at MMIO 0x1e783000 (irq = 23, base_baud = 1500000) is a 16550A
Aug 01 07:25:07 witherspoon kernel[960]: [    2.050000] 1e78d000.serial: ttyS1 at MMIO 0x1e78d000 (irq = 24, base_baud = 1500000) is a 16550A
Aug 01 07:25:07 witherspoon kernel[960]: [    2.050000] 1e784000.serial: ttyS4 at MMIO 0x1e784000 (irq = 25, base_baud = 1500000) is a 16550A
Aug 01 07:25:07 witherspoon kernel[960]: [    2.400000] console [ttyS4] enabled
Aug 01 07:25:07 witherspoon kernel[960]: [    2.400000] 1e787000.vuart: ttyS2 at MMIO 0x1e787000 (irq = 22, base_baud = 1500000) is a 16550A
Aug 01 07:25:07 witherspoon kernel[960]: [    2.590000] timeriomem_rng 1e6e2078.hwrng: 32bits from 0xf00e2078 @ 1us
Aug 01 07:25:07 witherspoon kernel[960]: [    2.600000] random: fast init done
Aug 01 07:25:07 witherspoon kernel[960]: [    2.640000] brd: module loaded
Aug 01 07:25:07 witherspoon kernel[960]: [    2.670000] loop: module loaded
Aug 01 07:25:07 witherspoon kernel[960]: [    2.670000] aspeed-lpc-ctrl 1e789080.lpc-ctrl: Loaded at 0x98000000 (0x04000000)
Aug 01 07:25:07 witherspoon kernel[960]: [    2.680000] aspeed-smc 1e620000.flash-controller: Using IRQ 18
Aug 01 07:25:07 witherspoon kernel[960]: [    2.680000] aspeed-smc 1e620000.flash-controller: DMA support disabled.
Aug 01 07:25:07 witherspoon kernel[960]: [    2.700000] aspeed-smc 1e620000.flash-controller: mx25l25635e (32768 Kbytes)
Aug 01 07:25:07 witherspoon kernel[960]: [    2.700000] aspeed-smc 1e620000.flash-controller: CE0 window [ 0x20000000 - 0x22000000 ] 32MB
Aug 01 07:25:07 witherspoon kernel[960]: [    2.700000] aspeed-smc 1e620000.flash-controller: CE1 window [ 0x22000000 - 0x2a000000 ] 128MB
Aug 01 07:25:07 witherspoon kernel[960]: [    2.700000] 5 ofpart partitions found on MTD device bmc
Aug 01 07:25:07 witherspoon kernel[960]: [    2.730000] Creating 5 MTD partitions on "bmc":
Aug 01 07:25:07 witherspoon kernel[960]: [    2.740000] 0x000000000000-0x000000060000 : "u-boot"
Aug 01 07:25:07 witherspoon kernel[960]: [    2.740000] 0x000000060000-0x000000080000 : "u-boot-env"
Aug 01 07:25:07 witherspoon kernel[960]: [    2.750000] random: crng init done
Aug 01 07:25:07 witherspoon kernel[960]: [    2.760000] 0x000000080000-0x0000004c0000 : "kernel"
Aug 01 07:25:07 witherspoon kernel[960]: [    2.770000] 0x0000004c0000-0x000001c00000 : "rofs"
Aug 01 07:25:07 witherspoon kernel[960]: [    2.770000] 0x000001c00000-0x000002000000 : "rwfs"
Aug 01 07:25:07 witherspoon kernel[960]: [    2.790000] aspeed-smc 1e620000.flash-controller: mx25l25635e (32768 Kbytes)
Aug 01 07:25:07 witherspoon kernel[960]: [    2.800000] aspeed-smc 1e620000.flash-controller: CE1 window [ 0x22000000 - 0x24000000 ] 32MB
Aug 01 07:25:07 witherspoon kernel[960]: [    2.800000] aspeed-smc 1e620000.flash-controller: CE2 window [ 0x24000000 - 0x2c000000 ] 128MB
Aug 01 07:25:07 witherspoon kernel[960]: [    2.820000] aspeed-smc 1e630000.flash-controller: mx66l1g45g (131072 Kbytes)
Aug 01 07:25:07 witherspoon kernel[960]: [    2.830000] aspeed-smc 1e630000.flash-controller: CE0 window resized to 120MB (AST2500 HW quirk)
Aug 01 07:25:07 witherspoon kernel[960]: [    2.830000] aspeed-smc 1e630000.flash-controller: CE0 window [ 0x30000000 - 0x37800000 ] 120MB
Aug 01 07:25:07 witherspoon kernel[960]: [    2.850000] aspeed-smc 1e630000.flash-controller: CE0 window too small for chip 128MB
Aug 01 07:25:07 witherspoon kernel[960]: [    2.850000] aspeed-smc 1e630000.flash-controller: CE1 window [ 0x37800000 - 0x38000000 ] 8MB
Aug 01 07:25:07 witherspoon kernel[960]: [    3.620000] libphy: Fixed MDIO Bus: probed
Aug 01 07:25:07 witherspoon kernel[960]: [    3.620000] ftgmac100 1e660000.ethernet: Read MAC address 70:e2:84:14:23:e1 from chip
Aug 01 07:25:07 witherspoon kernel[960]: [    3.620000] ftgmac100 1e660000.ethernet: Using NCSI interface
Aug 01 07:25:07 witherspoon kernel[960]: [    3.620000] ftgmac100 1e660000.ethernet eth0: irq 20, mapped at f0060000
Aug 01 07:25:07 witherspoon kernel[960]: [    3.620000] ehci_hcd: USB 2.0 'Enhanced' Host Controller (EHCI) Driver
Aug 01 07:25:07 witherspoon kernel[960]: [    3.620000] ehci-platform: EHCI generic platform driver
Aug 01 07:25:07 witherspoon kernel[960]: [    3.830000]  fsi0: can't read slave 00:00 -5
Aug 01 07:25:07 witherspoon kernel[960]: [    3.830000] i2c /dev entries driver
Aug 01 07:25:07 witherspoon kernel[960]: [    3.830000] aspeed-i2c-bus 1e78a0c0.i2c-bus: i2c bus 2 registered, irq 26
Aug 01 07:25:07 witherspoon kernel[960]: [    3.830000] aspeed-i2c-bus 1e78a100.i2c-bus: i2c bus 3 registered, irq 27
Aug 01 07:25:07 witherspoon kernel[960]: [    3.830000] aspeed-i2c-bus 1e78a140.i2c-bus: i2c bus 4 registered, irq 28
Aug 01 07:25:07 witherspoon kernel[960]: [    3.830000] aspeed-i2c-bus 1e78a180.i2c-bus: i2c bus 5 registered, irq 29
Aug 01 07:25:07 witherspoon kernel[960]: [    3.830000] aspeed-i2c-bus 1e78a380.i2c-bus: i2c bus 9 registered, irq 30
Aug 01 07:25:07 witherspoon kernel[960]: [    3.830000] aspeed-i2c-bus 1e78a3c0.i2c-bus: i2c bus 10 registered, irq 31
Aug 01 07:25:07 witherspoon kernel[960]: [    3.830000] rtc-rv8803 11-0032: Voltage low, temperature compensation stopped.
Aug 01 07:25:07 witherspoon kernel[960]: [    3.830000] rtc-rv8803 11-0032: An alarm maybe have been missed.
Aug 01 07:25:07 witherspoon kernel[960]: [    3.930000] rtc-rv8803 11-0032: rtc core: registered rx8900 as rtc0
Aug 01 07:25:07 witherspoon kernel[960]: [    3.940000] at24 11-0051: 8192 byte 24c64 EEPROM, writable, 1 bytes/write
Aug 01 07:25:07 witherspoon kernel[960]: [    3.940000] aspeed-i2c-bus 1e78a400.i2c-bus: i2c bus 11 registered, irq 32
Aug 01 07:25:07 witherspoon kernel[960]: [    3.940000] aspeed-i2c-bus 1e78a440.i2c-bus: i2c bus 12 registered, irq 33
Aug 01 07:25:07 witherspoon kernel[960]: [    3.940000] aspeed-i2c-bus 1e78a480.i2c-bus: i2c bus 13 registered, irq 34
Aug 01 07:25:07 witherspoon kernel[960]: [    3.940000] Driver for 1-wire Dallas network protocol.
Aug 01 07:25:07 witherspoon kernel[960]: [    3.940000] lm75 9-004a: hwmon0: sensor 'tmp275'
Aug 01 07:25:07 witherspoon kernel[960]: [    4.390000] max31785 3-0052: Fan 2 is configured but not installed
Aug 01 07:25:07 witherspoon kernel[960]: [    4.400000] max31785 3-0052: Fan 3 is configured but not installed
Aug 01 07:25:07 witherspoon kernel[960]: [    4.780000] ucd9000 11-0064: Device ID UCD90160|2.3.4.0000|110603
Aug 01 07:25:07 witherspoon kernel[960]: [    5.110000] leds-pca955x 3-0060: leds-pca955x: Using pca9552 16-bit LED driver at slave address 0x60
Aug 01 07:25:07 witherspoon kernel[960]: [    5.140000] leds-pca955x 11-0060: leds-pca955x: Using pca9552 16-bit LED driver at slave address 0x60
Aug 01 07:25:07 witherspoon kernel[960]: [    5.150000] leds-pca955x 11-0060: gpios 264...279
Aug 01 07:25:07 witherspoon kernel[960]: [    5.150000] usbcore: registered new interface driver usbhid
Aug 01 07:25:07 witherspoon kernel[960]: [    5.160000] usbhid: USB HID core driver
Aug 01 07:25:07 witherspoon kernel[960]: [    5.210000] NET: Registered protocol family 10
Aug 01 07:25:07 witherspoon kernel[960]: [    5.210000] Segment Routing with IPv6
Aug 01 07:25:07 witherspoon kernel[960]: [    5.220000] NET: Registered protocol family 17
Aug 01 07:25:07 witherspoon kernel[960]: [    5.220000] 8021q: 802.1Q VLAN Support v1.8
Aug 01 07:25:07 witherspoon kernel[960]: [    5.220000] console [netcon0] enabled
Aug 01 07:25:07 witherspoon kernel[960]: [    5.220000] netconsole: network logging started
Aug 01 07:25:07 witherspoon kernel[960]: [    5.240000] input: gpio-keys as /devices/platform/gpio-keys/input/input0
Aug 01 07:25:07 witherspoon kernel[960]: [    5.250000] rtc-rv8803 11-0032: setting system clock to 2017-08-01 07:24:40 UTC (1501572280)
Aug 01 07:25:07 witherspoon kernel[960]: [    5.260000] Freeing unused kernel memory: 284K
Aug 01 07:25:07 witherspoon kernel[960]: [    5.260000] This architecture does not have kernel memory protection.
Aug 01 07:25:07 witherspoon kernel[960]: [    6.930000] jffs2: notice: (525) jffs2_build_xattr_subsystem: complete building xattr subsystem, 0 of xdatum (0 unchecked, 0 orphan) and 0 of xref (0 dead, 0 orphan) found.
Aug 01 07:25:07 witherspoon kernel[960]: [    9.040000] systemd[1]: Failed to insert module 'autofs4': No such file or directory
Aug 01 07:25:07 witherspoon kernel[960]: [    9.240000] systemd[1]: systemd 232 running in system mode. (+PAM -AUDIT -SELINUX -IMA -APPARMOR -SMACK +SYSVINIT -UTMP -LIBCRYPTSETUP -GCRYPT -GNUTLS +ACL +XZ -LZ4 -SECCOMP +BLKID -ELFUTILS +KMOD -IDN)
Aug 01 07:25:07 witherspoon kernel[960]: [    9.240000] systemd[1]: Detected architecture arm.
Aug 01 07:25:07 witherspoon kernel[960]: [    9.400000] systemd[1]: Set hostname to <witherspoon>.
Aug 01 07:25:07 witherspoon kernel[960]: [   10.980000] systemd[1]: Listening on Syslog Socket.
Aug 01 07:25:07 witherspoon kernel[960]: [   11.020000] systemd[1]: Listening on udev Control Socket.
Aug 01 07:25:07 witherspoon kernel[960]: [   11.060000] systemd[1]: Listening on Journal Socket (/dev/log).
Aug 01 07:25:07 witherspoon kernel[960]: [   11.100000] systemd[1]: Reached target Swap.
Aug 01 07:25:07 witherspoon kernel[960]: [   11.130000] systemd[1]: Listening on Journal Socket.
Aug 01 07:25:07 witherspoon kernel[960]: [   11.170000] systemd[1]: Started Dispatch Password Requests to Console Directory Watch.
Aug 01 07:25:07 witherspoon kernel[960]: [   11.220000] systemd[1]: Listening on udev Kernel Socket.
Aug 01 07:25:07 witherspoon kernel[960]: [   14.410000] systemd[1]: Started Forward Password Requests to Wall Directory Watch.
Aug 01 07:25:07 witherspoon kernel[960]: [   14.670000] systemd[1]: Listening on /dev/initctl Compatibility Named Pipe.
Aug 01 07:25:07 witherspoon kernel[960]: [   14.940000] systemd[1]: Reached target Paths.
Aug 01 07:25:07 witherspoon kernel[960]: [   15.220000] systemd[1]: Created slice system-phosphor\x2dgpio\x2dpresence.slice.
Aug 01 07:25:07 witherspoon kernel[960]: [   15.510000] systemd[1]: Created slice system-obmc\x2dled\x2dgroup\x2dstart.slice.
Aug 01 07:25:07 witherspoon kernel[960]: [   15.810000] systemd[1]: Listening on Network Service Netlink Socket.
Aug 01 07:25:07 witherspoon kernel[960]: [   16.120000] systemd[1]: Mounted Debug File System.
Aug 01 07:25:07 witherspoon kernel[960]: [   16.440000] systemd[1]: Mounted Temporary Directory.
Aug 01 07:25:07 witherspoon kernel[960]: [   16.770000] systemd[1]: Started Journal Service.
Aug 01 07:25:07 witherspoon kernel[960]: [   18.960000] systemd-journald[653]: Received request to flush runtime journal from PID 1
Aug 01 07:25:07 witherspoon kernel[960]: [   31.070000] ubi7: default fastmap pool size: 100
Aug 01 07:25:07 witherspoon kernel[960]: [   31.070000] ubi7: default fastmap WL pool size: 50
Aug 01 07:25:07 witherspoon kernel[960]: [   31.070000] ubi7: attaching mtd7
Aug 01 07:25:07 witherspoon kernel[960]: [   32.150000] ubi7: scanning is finished
Aug 01 07:25:07 witherspoon kernel[960]: [   32.150000] ubi7: attached mtd7 (name "pnor", size 128 MiB)
Aug 01 07:25:07 witherspoon kernel[960]: [   32.150000] ubi7: PEB size: 65536 bytes (64 KiB), LEB size: 65408 bytes
Aug 01 07:25:07 witherspoon kernel[960]: [   32.150000] ubi7: min./max. I/O unit sizes: 1/256, sub-page size 1
Aug 01 07:25:07 witherspoon kernel[960]: [   32.150000] ubi7: VID header offset: 64 (aligned 64), data offset: 128
Aug 01 07:25:07 witherspoon kernel[960]: [   32.150000] ubi7: good PEBs: 2048, bad PEBs: 0, corrupted PEBs: 0
Aug 01 07:25:07 witherspoon kernel[960]: [   32.150000] ubi7: user volume: 0, internal volumes: 1, max. volumes count: 128
Aug 01 07:25:07 witherspoon kernel[960]: [   32.150000] ubi7: max/mean erase counter: 0/0, WL threshold: 4096, image sequence number: 644605800
Aug 01 07:25:07 witherspoon kernel[960]: [   32.280000] ubi7: available PEBs: 2042, total reserved PEBs: 6, PEBs reserved for bad PEB handling: 0
Aug 01 07:25:07 witherspoon kernel[960]: [   32.280000] ubi7: background thread "ubi_bgt7d" started, PID 988
Aug 01 07:25:12 witherspoon avahi-daemon[962]: Found user 'avahi' (UID 999) and group 'avahi' (GID 999).
Aug 01 07:25:12 witherspoon avahi-daemon[962]: Successfully dropped root privileges.
Aug 01 07:25:12 witherspoon avahi-daemon[962]: avahi-daemon 0.6.32 starting up.
Aug 01 07:25:16 witherspoon avahi-daemon[962]: Successfully called chroot().
Aug 01 07:25:16 witherspoon avahi-daemon[962]: Successfully dropped remaining capabilities.
Aug 01 07:25:16 witherspoon avahi-daemon[962]: Loading service file /services/obmc_console.service.
Aug 01 07:25:16 witherspoon avahi-daemon[962]: Loading service file /services/phosphor_rest.service.
Aug 01 07:25:16 witherspoon avahi-daemon[962]: Loading service file /services/sftp-ssh.service.
Aug 01 07:25:16 witherspoon avahi-daemon[962]: Loading service file /services/sftp.service.
Aug 01 07:25:16 witherspoon avahi-daemon[962]: Loading service file /services/ssh.service.
Aug 01 07:25:16 witherspoon avahi-daemon[962]: Network interface enumeration completed.
Aug 01 07:25:16 witherspoon avahi-daemon[962]: Server startup complete. Host name is witherspoon.local. Local service cookie is 3704272800.
Aug 01 07:25:16 witherspoon avahi-daemon[962]: Service "witherspoon" (/services/ssh.service) successfully established.
Aug 01 07:25:16 witherspoon avahi-daemon[962]: Service "sftp" (/services/sftp.service) successfully established.
Aug 01 07:25:16 witherspoon avahi-daemon[962]: Service "witherspoon" (/services/sftp-ssh.service) successfully established.
Aug 01 07:25:16 witherspoon avahi-daemon[962]: Service "phosphor_rest" (/services/phosphor_rest.service) successfully established.
Aug 01 07:25:16 witherspoon avahi-daemon[962]: Service "obmc_console" (/services/obmc_console.service) successfully established.
Aug 01 07:25:16 witherspoon systemd[1]: Started Avahi mDNS/DNS-SD Stack.
Aug 01 07:25:16 witherspoon systemd[1]: Started Phosphor IPMI BT DBus Bridge.
Aug 01 07:25:19 witherspoon systemd[1]: Started Phosphor Inventory Manager.
Aug 01 07:25:19 witherspoon systemd[1]: Started Phosphor Download Manager.
Aug 01 07:25:20 witherspoon systemd[1]: Started Phosphor Settings Daemon.
Aug 01 07:25:20 witherspoon systemd[1]: Started Phosphor LED Group Management Daemon.
Aug 01 07:25:20 witherspoon systemd[1]: Started Phosphor Log Manager.
Aug 01 07:25:20 witherspoon systemd[1]: Starting Network Service...
Aug 01 07:25:20 witherspoon systemd[1]: Starting Phosphor Chassis0 Control...
Aug 01 07:25:20 witherspoon systemd[1]: Started Clear one time boot overrides.
Aug 01 07:25:20 witherspoon systemd[1]: Started Attach the PNOR mtd device to UBI.
Aug 01 07:25:20 witherspoon systemd[1]: Started Phosphor BMC0 Control.
Aug 01 07:25:21 witherspoon systemd[1]: Started OpenBMC Software Update Manager.
Aug 01 07:25:21 witherspoon systemd[1]: Starting Remount the squashfs and ubi volumes after a reboot...
Aug 01 07:25:21 witherspoon systemd[1]: Started Phosphor Dump Manager.
Aug 01 07:25:21 witherspoon systemd-networkd[994]: Enumeration completed
Aug 01 07:25:21 witherspoon systemd[1]: Started Network Service.
Aug 01 07:25:21 witherspoon systemd[1]: Reached target Network.
Aug 01 07:25:21 witherspoon systemd[1]: Starting Permit User Sessions...
Aug 01 07:25:21 witherspoon systemd[1]: Started Lightweight SLP Server.
Aug 01 07:25:22 witherspoon obmc-flash-bios[998]: ubinfo: error!: cannot get information about UBI volume 0 on ubi7
Aug 01 07:25:22 witherspoon obmc-flash-bios[998]:         error 2 (No such file or directory)
Aug 01 07:25:21 witherspoon systemd-networkd[994]: eth0: IPv6 enabled for interface: Success
Aug 01 07:25:21 witherspoon avahi-daemon[962]: Joining mDNS multicast group on interface eth0.IPv4 with address 9.3.86.161.
Aug 01 07:25:21 witherspoon systemd-networkd[994]: eth0: Gained carrier
Aug 01 07:25:21 witherspoon avahi-daemon[962]: New relevant interface eth0.IPv4 for mDNS.
Aug 01 07:25:22 witherspoon systemd-timesyncd[903]: Network configuration changed, trying to establish connection.
Aug 01 07:25:21 witherspoon avahi-daemon[962]: Registering new address record for 9.3.86.161 on eth0.IPv4.
Aug 01 07:25:22 witherspoon systemd[1]: Started Permit User Sessions.
Aug 01 07:25:22 witherspoon systemd[1]: Started Serial Getty on ttyS4.
Aug 01 07:25:22 witherspoon systemd[1]: Reached target Login Prompts.
Aug 01 07:25:22 witherspoon systemd[1]: Started Remount the squashfs and ubi volumes after a reboot.
Aug 01 07:25:22 witherspoon systemd[1]: Starting OpenPower Software Update Manager...
Aug 01 07:25:22 witherspoon systemd[1]: Reached target Multi-User System.
Aug 01 07:25:23 witherspoon avahi-daemon[962]: Joining mDNS multicast group on interface eth0.IPv6 with address fe80::72e2:84ff:fe14:23e1.
Aug 01 07:25:23 witherspoon systemd-networkd[994]: eth0: Gained IPv6LL
Aug 01 07:25:23 witherspoon avahi-daemon[962]: New relevant interface eth0.IPv6 for mDNS.
Aug 01 07:25:23 witherspoon avahi-daemon[962]: Registering new address record for fe80::72e2:84ff:fe14:23e1 on eth0.*.
Aug 01 07:25:23 witherspoon openpower-update-manager[1012]: Error PNOR current version is empty
Aug 01 07:25:23 witherspoon systemd[1]: Started OpenPower Software Update Manager.
Aug 01 07:25:23 witherspoon systemd[1]: Started Phosphor MBOX Daemon.
Aug 01 07:25:23 witherspoon systemd[1]: Starting Phosphor Version Software Manager...
Aug 01 07:25:24 witherspoon systemd[1]: Started Phosphor Version Software Manager.
Aug 01 07:25:25 witherspoon kernel: ftgmac100 1e660000.ethernet eth0: NCSI interface up
Aug 01 07:25:25 witherspoon kernel[960]: [   49.850000] ftgmac100 1e660000.ethernet eth0: NCSI interface up
Aug 01 07:25:30 witherspoon systemd[1]: Started Phosphor Download Manager.
Aug 01 07:25:30 witherspoon download_manager.py[956]: Running Download Manager
Aug 01 07:25:30 witherspoon sensor_manager2.py[974]: Setting boot count to 3
Aug 01 07:25:30 witherspoon systemd[1]: Started Phosphor Sensor Manager.
Aug 01 07:25:30 witherspoon sensor_manager2.py[974]: Starting sensor manager
Aug 01 07:25:30 witherspoon systemd[1]: Created slice system-dropbear.slice.
Aug 01 07:25:30 witherspoon systemd[1]: Started SSH Per-Connection Server (9.41.165.94:59134).
Aug 01 07:25:31 witherspoon dropbear[1020]: Failed loading /etc/dropbear/dropbear_dss_host_key
Aug 01 07:25:31 witherspoon dropbear[1020]: Failed loading /etc/dropbear/dropbear_ecdsa_host_key
Aug 01 07:25:31 witherspoon dropbear[1020]: Child connection from ::ffff:9.41.165.94:59134
Aug 01 07:25:31 witherspoon inventory_items.py[954]: Loading from cache: /var/cache/obmc/org.openbmc.inventory.system.chassis.motherboard.apss@org.openbmc.InventoryItem.props
Aug 01 07:25:31 witherspoon inventory_items.py[954]: Loading from cache: /var/cache/obmc/org.openbmc.inventory.system.chassis.motherboard@org.openbmc.InventoryItem.props
Aug 01 07:25:31 witherspoon inventory_items.py[954]: Loading from cache: /var/cache/obmc/org.openbmc.inventory.system.chassis.motherboard.refclock@org.openbmc.InventoryItem.props
Aug 01 07:25:31 witherspoon inventory_items.py[954]: Loading from cache: /var/cache/obmc/org.openbmc.inventory.system.chassis.motherboard.cpu1.core7@org.openbmc.InventoryItem.props
Aug 01 07:25:31 witherspoon inventory_items.py[954]: Loading from cache: /var/cache/obmc/org.openbmc.inventory.system.chassis.motherboard.cpu1.core4@org.openbmc.InventoryItem.props
Aug 01 07:25:31 witherspoon inventory_items.py[954]: Loading from cache: /var/cache/obmc/org.openbmc.inventory.system.chassis.motherboard.cpu1.core1@org.openbmc.InventoryItem.props
Aug 01 07:25:31 witherspoon inventory_items.py[954]: Loading from cache: /var/cache/obmc/org.openbmc.inventory.system.chassis.motherboard.cpu1.core10@org.openbmc.InventoryItem.props
Aug 01 07:25:31 witherspoon inventory_items.py[954]: Loading from cache: /var/cache/obmc/org.openbmc.inventory.system.chassis.motherboard.todclock@org.openbmc.InventoryItem.props
Aug 01 07:25:31 witherspoon inventory_items.py[954]: Loading from cache: /var/cache/obmc/org.openbmc.inventory.system.chassis.motherboard.cpu1@org.openbmc.InventoryItem.props
Aug 01 07:25:31 witherspoon inventory_items.py[954]: Loading from cache: /var/cache/obmc/org.openbmc.inventory.system.chassis.motherboard.bmc@org.openbmc.InventoryItem.props
Aug 01 07:25:31 witherspoon inventory_items.py[954]: Caching: /org/openbmc/inventory/system/chassis/motherboard/bmc
Aug 01 07:25:31 witherspoon inventory_items.py[954]: Loading from cache: /var/cache/obmc/org.openbmc.inventory.system.chassis.motherboard.cpu0.core1@org.openbmc.InventoryItem.props
Aug 01 07:25:31 witherspoon inventory_items.py[954]: Loading from cache: /var/cache/obmc/org.openbmc.inventory.system.chassis.motherboard.cpu0.core7@org.openbmc.InventoryItem.props
Aug 01 07:25:31 witherspoon inventory_items.py[954]: Loading from cache: /var/cache/obmc/org.openbmc.inventory.system.chassis.motherboard.cpu0.core4@org.openbmc.InventoryItem.props
Aug 01 07:25:31 witherspoon inventory_items.py[954]: Loading from cache: /var/cache/obmc/org.openbmc.inventory.system.chassis.motherboard.pcieclock@org.openbmc.InventoryItem.props
Aug 01 07:25:32 witherspoon phosphor-mapper[967]: ObjectMapper startup complete.  Discovery in progress...
Aug 01 07:25:33 witherspoon avahi-daemon[992]: ../../avahi-0.6.32/avahi-daemon/chroot.c: open() failed: No such file or directory
Aug 01 07:25:33 witherspoon avahi-daemon[962]: Failed to open /usr/share/dbus-1/interfaces/org.freedesktop.Avahi.Server.xml: Invalid argument
Aug 01 07:25:33 witherspoon systemd[1]: Started Phosphor User Manager.
Aug 01 07:25:34 witherspoon obmc-phosphor-userd[949]: Started
Aug 01 07:25:33 witherspoon avahi-daemon[962]: Failed to load introspection data.
Aug 01 07:25:34 witherspoon dropbear[1020]: PAM password auth succeeded for 'root' from ::ffff:9.41.165.94:59134
Aug 01 07:25:34 witherspoon dropbear[1021]: lastlog_perform_login: Couldn't stat /var/log/lastlog: No such file or directory
Aug 01 07:25:34 witherspoon dropbear[1021]: lastlog_openseek: /var/log/lastlog is not a file or directory!
Aug 01 07:25:34 witherspoon inventory_items.py[954]: Loading from cache: /var/cache/obmc/org.openbmc.inventory.system.chassis.motherboard.cpu0.core10@org.openbmc.InventoryItem.props
Aug 01 07:25:34 witherspoon systemd[1]: Started Phosphor Inventory Manager.
Aug 01 07:25:34 witherspoon inventory_items.py[954]: Running Inventory Manager
Aug 01 07:25:35 witherspoon systemd[1]: Started Phosphor Network Manager.
Aug 01 07:25:35 witherspoon netman.py[971]: Started
Aug 01 07:25:35 witherspoon systemd[1]: Started Phosphor Chassis0 Control.
Aug 01 07:25:35 witherspoon chassis_control.py[995]: Running ChassisControlService
Aug 01 07:25:36 witherspoon systemd-networkd[994]: eth0: Configured
Aug 01 07:25:36 witherspoon systemd-timesyncd[903]: Network configuration changed, trying to establish connection.
Aug 01 07:25:44 witherspoon phosphor-mapper[967]: ObjectMapper discovery complete
Aug 01 07:25:44 witherspoon systemd[1]: Started Phosphor DBus Service Discovery Manager.
Aug 01 07:25:44 witherspoon systemd[1]: Started Phosphor Hwmon Poller.
Aug 01 07:25:44 witherspoon systemd[1]: Started Phosphor Hwmon Poller.
Aug 01 07:25:44 witherspoon systemd[1]: Started Phosphor Hwmon Poller.
Aug 01 07:25:44 witherspoon systemd[1]: Started Phosphor Hwmon Poller.
Aug 01 07:25:44 witherspoon systemd[1]: Reached target Phosphor Object Mapper.
Aug 01 07:25:44 witherspoon systemd[1]: Starting Wait for /xyz/openbmc_project/led/groups...
Aug 01 07:25:44 witherspoon systemd[1]: Starting Wait for /org/openbmc/control/bmc0...
Aug 01 07:25:44 witherspoon systemd[1]: Starting Wait for /org/openbmc/managers/Download...
Aug 01 07:25:44 witherspoon systemd[1]: Starting Phoshpor System Manager...
Aug 01 07:25:44 witherspoon systemd[1]: Starting Wait for /org/openbmc/control/flash/bios...
Aug 01 07:25:44 witherspoon systemd[1]: Starting Wait for /xyz/openbmc_project/control/host0...
Aug 01 07:25:44 witherspoon systemd[1]: Reached target Webserver (pre).
Aug 01 07:25:44 witherspoon systemd[1]: Started Phosphor Webserver.
Aug 01 07:25:44 witherspoon systemd[1]: Started Phosphor DBus Monitor.
Aug 01 07:25:44 witherspoon systemd[1]: Starting Wait for /xyz/openbmc_project/state/chassis0...
Aug 01 07:25:44 witherspoon systemd[1]: Starting Phosphor Network Manager...
Aug 01 07:25:44 witherspoon systemd[1]: Starting Wait for /xyz/openbmc_project/state/host0...
Aug 01 07:25:44 witherspoon systemd[1]: Starting Wait for /org/openbmc/managers/System...
Aug 01 07:25:44 witherspoon systemd[1]: Starting Wait for /org/openbmc/control/power0...
Aug 01 07:25:44 witherspoon systemd[1]: Starting Wait for /org/openbmc/NetworkManager/Interface...
Aug 01 07:25:44 witherspoon systemd[1]: Starting Wait for /xyz/openbmc_project/led/groups/bmc_booted...
Aug 01 07:25:44 witherspoon systemd[1]: Starting Phosphor Settings Manager...
Aug 01 07:25:44 witherspoon systemd[1]: Starting Wait for /xyz/openbmc_project/inventory...
Aug 01 07:25:44 witherspoon systemd[1]: Started Phosphor Hwmon Poller.
Aug 01 07:25:44 witherspoon systemd[1]: Started Phosphor Hwmon Poller.
Aug 01 07:25:51 witherspoon phosphor-network-manager[1040]: ConfigParser: Section not found
Aug 01 07:25:51 witherspoon phosphor-network-manager[1040]: The operation failed internally.
Aug 01 07:25:51 witherspoon systemd[1]: Started Wait for /org/openbmc/managers/Download.
Aug 01 07:25:51 witherspoon systemd[1]: Starting Phosphor BIOS Code Update...
Aug 01 07:25:51 witherspoon phosphor-network-manager[1040]: ConfigParser: Section not found
Aug 01 07:25:51 witherspoon phosphor-network-manager[1040]: The operation failed internally.
Aug 01 07:25:51 witherspoon phosphor-network-manager[1040]: ConfigParser: Key not found
Aug 01 07:25:51 witherspoon phosphor-network-manager[1040]: The operation failed internally.
Aug 01 07:25:52 witherspoon systemd[1]: Started Wait for /xyz/openbmc_project/led/groups.
Aug 01 07:25:52 witherspoon systemd[1]: Started FRU Fault monitor service.
Aug 01 07:25:52 witherspoon systemd[1]: Started Wait for /xyz/openbmc_project/inventory.
Aug 01 07:25:52 witherspoon systemd[1]: Started Phosphor GPIO 0 Presence.
Aug 01 07:25:52 witherspoon systemd[1]: Started Phosphor GPIO 1 Presence.
Aug 01 07:25:53 witherspoon phosphor-log-manager[968]: Failed to find metadata
Aug 01 07:25:54 witherspoon system_manager.py[1034]: Running System State: BASE_APPS
Aug 01 07:25:54 witherspoon systemd[1]: Starting Read OpenPOWER-format VPD from EEPROM...
Aug 01 07:25:54 witherspoon systemd[1]: Starting OpenPOWER OCC controller...
Aug 01 07:25:54 witherspoon systemd[1]: Started Phosphor Cooling Type.
Aug 01 07:25:54 witherspoon systemd[1]: Started Wait for /org/openbmc/control/bmc0.
Aug 01 07:25:54 witherspoon systemd[1]: Started Wait for /org/openbmc/NetworkManager/Interface.
Aug 01 07:25:54 witherspoon systemd[1]: Started Wait for /xyz/openbmc_project/led/groups/bmc_booted.
Aug 01 07:25:54 witherspoon systemd[1]: Started Phosphor BIOS Code Update.
Aug 01 07:25:54 witherspoon system_manager.py[1034]: SystemManager Init Done
Aug 01 07:25:54 witherspoon phosphor-gpio-presence[1056]: Updating inventory present property
Aug 01 07:25:55 witherspoon system_manager.py[1034]: Running SystemManager
Aug 01 07:25:54 witherspoon phosphor-gpio-presence[1062]: Updating inventory present property
Aug 01 07:25:55 witherspoon systemd[1]: Started Phoshpor System Manager.
Aug 01 07:25:55 witherspoon systemd[1]: Starting Assert bmc_booted LED...
Aug 01 07:25:55 witherspoon systemd[1]: Started Phosphor DNS Settings Cache Manager.
Aug 01 07:25:55 witherspoon systemd[1]: Starting Phosphor BMC Code Update...
Aug 01 07:25:55 witherspoon dbus[984]: [system] Activating via systemd: service name='org.freedesktop.hostname1' unit='dbus-org.freedesktop.hostname1.service'
Aug 01 07:25:55 witherspoon systemd[1]: Starting Hostname Service...
Aug 01 07:25:56 witherspoon systemd[1]: Started OpenPOWER OCC controller.
Aug 01 07:25:56 witherspoon dbus[984]: [system] Successfully activated service 'org.freedesktop.hostname1'
Aug 01 07:25:56 witherspoon systemd[1]: Started Hostname Service.
Aug 01 07:25:56 witherspoon systemd[1]: Started Phosphor Network Manager.
Aug 01 07:25:57 witherspoon system_manager.py[1034]: SystemManager Goto System State: BMC_STARTING
Aug 01 07:25:57 witherspoon system_manager.py[1034]: Running System State: BMC_STARTING
Aug 01 07:25:59 witherspoon settings_manager.py[1046]: Running HostSettingsService
Aug 01 07:25:59 witherspoon systemd[1]: Started Phosphor Settings Manager.
Aug 01 07:25:59 witherspoon systemd[1]: Starting Wait for /org/openbmc/settings/host0...
Aug 01 07:26:02 witherspoon systemd[1]: Started Assert bmc_booted LED.
Aug 01 07:26:03 witherspoon systemd[1]: Started Read OpenPOWER-format VPD from EEPROM.
Aug 01 07:26:05 witherspoon systemd[1]: Started Phosphor BMC Code Update.
Aug 01 07:26:05 witherspoon bmc_update.py[1070]: Running Bmc Flash Control
Aug 01 07:26:10 witherspoon systemd[1]: Started Wait for /org/openbmc/control/flash/bios.
Aug 01 07:26:10 witherspoon systemd[1]: Started Initialize BIOS Flash.
Aug 01 07:26:10 witherspoon systemd[1]: Started Wait for /org/openbmc/managers/System.
Aug 01 07:26:10 witherspoon systemd[1]: Starting Phosphor BMC State Manager...
Aug 01 07:26:10 witherspoon systemd[1]: Starting Phosphor Reset Button0...
Aug 01 07:26:10 witherspoon systemd[1]: Starting Phosphor Power0 Control...
Aug 01 07:26:10 witherspoon systemd[1]: Starting Phosphor Chassis State Manager...
Aug 01 07:26:10 witherspoon systemd[1]: Starting Phosphor Host State Manager...
Aug 01 07:26:10 witherspoon systemd[1]: Starting Phosphor Power Button0...
Aug 01 07:26:10 witherspoon phosphor-chassis-state-manager[1084]: Initial Chassis State will be Off
Aug 01 07:26:10 witherspoon systemd[1]: Started Phosphor Chassis State Manager.
Aug 01 07:26:11 witherspoon systemd[1]: Started Wait for /org/openbmc/settings/host0.
Aug 01 07:26:11 witherspoon systemd[1]: Started Phosphor Inband IPMI.
Aug 01 07:26:12 witherspoon phosphor-bmc-state-manager[1081]: Setting the BMCState field
Aug 01 07:26:12 witherspoon phosphor-bmc-state-manager[1081]: Setting the BMCState field
Aug 01 07:26:12 witherspoon systemd[1]: Started Phosphor BMC State Manager.
Aug 01 07:26:12 witherspoon button_reset.exe[1082]: GPIO Lookup:  RESET_BUTTON = 353,both
Aug 01 07:26:12 witherspoon button_power.exe[1086]: GPIO Lookup:  POWER_BUTTON = 347,both
Aug 01 07:26:12 witherspoon systemd[1]: Started Phosphor Reset Button0.
Aug 01 07:26:12 witherspoon systemd[1]: Started Phosphor Power Button0.
Aug 01 07:26:13 witherspoon phosphor-host-state-manager[1085]: Initial Host State will be Off
Aug 01 07:26:13 witherspoon system_manager.py[1034]: New object: /org/openbmc/control/power0 (:1.78)
Aug 01 07:26:13 witherspoon system_manager.py[1034]: Power GPIO config: ['SYS_PWROK_BUFF', '', [('SOFTWARE_PGOOD', True), ('BMC_POWER_UP', True)], [('BMC_CP0_RESET_N', False)], [], 'FSI_DATA', 'FSI_CLK', 'FSI_ENABLE', 'CRONUS_SEL', []]
Aug 01 07:26:14 witherspoon power_control.exe[1083]: Power GPIO latch output:
Aug 01 07:26:14 witherspoon power_control.exe[1083]: Power GPIO power good input: SYS_PWROK_BUFF
Aug 01 07:26:14 witherspoon power_control.exe[1083]: Power GPIO 2 power_up outputs
Aug 01 07:26:14 witherspoon power_control.exe[1083]: Power GPIO power_up[0] = SOFTWARE_PGOOD active HIGH
Aug 01 07:26:14 witherspoon power_control.exe[1083]: Power GPIO power_up[1] = BMC_POWER_UP active HIGH
Aug 01 07:26:14 witherspoon power_control.exe[1083]: Power GPIO 1 reset outputs
Aug 01 07:26:14 witherspoon power_control.exe[1083]: Power GPIO reset[0] = BMC_CP0_RESET_N active LOW
Aug 01 07:26:14 witherspoon power_control.exe[1083]: Power GPIO 0 pci reset outputs
Aug 01 07:26:14 witherspoon power_control.exe[1083]: FSI DATA GPIO: FSI_DATA
Aug 01 07:26:14 witherspoon power_control.exe[1083]: FSI CLK GPIO: FSI_CLK
Aug 01 07:26:14 witherspoon power_control.exe[1083]: FSI ENABLE GPIO: FSI_ENABLE
Aug 01 07:26:14 witherspoon power_control.exe[1083]: CRONUS SEL GPIO: CRONUS_SEL
Aug 01 07:26:14 witherspoon power_control.exe[1083]: Hostctl GPIO optionals: 0
Aug 01 07:26:14 witherspoon power_control.exe[1083]: GPIO Lookup:  SYS_PWROK_BUFF = 306,in
Aug 01 07:26:14 witherspoon flash_bios.exe[1050]: Starting flasher: bios,,/org/openbmc/control/flash/bios,
Aug 01 07:26:14 witherspoon flash_bios.exe[1050]: flasher: , BMC = 1, address = 0x0
Aug 01 07:26:14 witherspoon flash_bios.exe[1050]: Setting up flash
Aug 01 07:26:14 witherspoon power_control.exe[1083]: GPIO Lookup:  SOFTWARE_PGOOD = 417,out
Aug 01 07:26:15 witherspoon power_control.exe[1083]: GPIO Lookup:  BMC_POWER_UP = 305,out
Aug 01 07:26:15 witherspoon power_control.exe[1083]: GPIO Lookup:  BMC_CP0_RESET_N = 281,out
Aug 01 07:26:15 witherspoon power_control.exe[1083]: Pgood state: 0
Aug 01 07:26:15 witherspoon systemd[1]: Started Phosphor Power0 Control.
Aug 01 07:26:15 witherspoon flash_bios.exe[1050]: Starting flasher: bios,,/org/openbmc/control/flash/bios,
Aug 01 07:26:15 witherspoon flash_bios.exe[1050]: flasher: , BMC = 1, address = 0x0
Aug 01 07:26:15 witherspoon flash_bios.exe[1050]: Setting up flash
Aug 01 07:26:17 witherspoon systemd[1]: Started Wait for /xyz/openbmc_project/state/chassis0.
Aug 01 07:26:17 witherspoon systemd[1]: Started Phosphor Host State Manager.
Aug 01 07:26:19 witherspoon system_manager.py[1034]: SystemManager Goto System State: BMC_READY
Aug 01 07:26:19 witherspoon system_manager.py[1034]: Running System State: BMC_READY
Aug 01 07:26:19 witherspoon systemd[1]: Started Wait for /org/openbmc/control/power0.
Aug 01 07:26:19 witherspoon systemd[1]: Starting Phosphor Time Manager daemon...
Aug 01 07:26:19 witherspoon systemd[1]: Starting Check Chassis0 pgood and create a file to indicate it...
Aug 01 07:26:19 witherspoon timemanager[1120]: Registering dbus methods
Aug 01 07:26:19 witherspoon systemd[1]: Started Wait for /xyz/openbmc_project/control/host0.
Aug 01 07:26:20 witherspoon timemanager[1120]: Last known time_mode: NTP
Aug 01 07:26:20 witherspoon timemanager[1120]: Last known time_owner: BMC
Aug 01 07:26:20 witherspoon timemanager[1120]: Empty DhcpNtp string
Aug 01 07:26:20 witherspoon timemanager[1120]: Reading Power Control key: pgood
Aug 01 07:26:20 witherspoon systemd[1]: Started Check Chassis0 pgood and create a file to indicate it.
Aug 01 07:26:20 witherspoon systemd[1]: Reached target Chassis0 power on after reset.
Aug 01 07:26:20 witherspoon systemd[1]: Reached target Host0 running after reset.
Aug 01 07:26:20 witherspoon systemd[1]: Reached target Host0 (Reset Check).
Aug 01 07:26:20 witherspoon systemd[1]: Reached target Chassis0 (Reset Check).
Aug 01 07:26:20 witherspoon timemanager[1120]: Changing settings *allowed* now
Aug 01 07:26:20 witherspoon timemanager[1120]: Getting System Settings: time_mode
Aug 01 07:26:21 witherspoon timemanager[1120]: Requested_Mode: NTP Current_Mode: NTP
Aug 01 07:26:21 witherspoon timemanager[1120]: Mode is already set to : NTP
Aug 01 07:26:21 witherspoon timemanager[1120]: Getting System Settings: time_owner
Aug 01 07:26:21 witherspoon timemanager[1120]: Owner is already set to : BMC
Aug 01 07:26:21 witherspoon timemanager[1120]: Getting System Settings: use_dhcp_ntp
Aug 01 07:26:21 witherspoon timemanager[1120]: use_dhcp_ntp = yes
Aug 01 07:26:21 witherspoon timemanager[1120]: Last known host_offset:0
Aug 01 07:26:21 witherspoon timemanager[1120]: Initial Uptime Usec: 1501572275240414
Aug 01 07:26:21 witherspoon systemd[1]: Started Phosphor Time Manager daemon.
Aug 01 07:26:21 witherspoon systemd[1]: Started Wait for /xyz/openbmc_project/state/host0.
Aug 01 07:26:21 witherspoon systemd[1]: Starting Reboot If Enabled...
Aug 01 07:26:22 witherspoon phosphor-discover-system-state[1133]: Host power is off, checking power policy
Aug 01 07:26:22 witherspoon systemd[1]: Started Reboot If Enabled.
Aug 01 07:26:22 witherspoon systemd[1]: Reached target Phosphor System - Standby.
Aug 01 07:26:22 witherspoon systemd[1]: Startup finished in 8.926s (kernel) + 1min 38.471s (userspace) = 1min 47.397s.
Aug 01 07:26:22 witherspoon phosphor-bmc-state-manager[1081]: BMC_READY
Aug 01 07:26:22 witherspoon phosphor-bmc-state-manager[1081]: Setting the BMCState field
Aug 01 07:26:27 witherspoon phosphor-gevent[1037]: Traceback (most recent call last):
Aug 01 07:26:27 witherspoon phosphor-gevent[1037]:   File "/usr/lib/python2.7/site-packages/gevent/greenlet.py", line 327, in run
Aug 01 07:26:27 witherspoon phosphor-gevent[1037]:     result = self._run(*self.args, **self.kwargs)
Aug 01 07:26:27 witherspoon phosphor-gevent[1037]:   File "/usr/lib/python2.7/site-packages/gevent/server.py", line 102, in wrap_socket_and_handle
Aug 01 07:26:27 witherspoon phosphor-gevent[1037]:     ssl_socket = self.wrap_socket(client_socket, **self.ssl_args)
Aug 01 07:26:27 witherspoon phosphor-gevent[1037]:   File "/usr/lib/python2.7/site-packages/gevent/ssl.py", line 404, in wrap_socket
Aug 01 07:26:27 witherspoon phosphor-gevent[1037]:     ciphers=ciphers)
Aug 01 07:26:27 witherspoon phosphor-gevent[1037]:   File "/usr/lib/python2.7/site-packages/gevent/ssl.py", line 113, in __init__
Aug 01 07:26:27 witherspoon phosphor-gevent[1037]:     self.do_handshake()
Aug 01 07:26:27 witherspoon phosphor-gevent[1037]:   File "/usr/lib/python2.7/site-packages/gevent/ssl.py", line 324, in do_handshake
Aug 01 07:26:27 witherspoon phosphor-gevent[1037]:     return self._sslobj.do_handshake()
Aug 01 07:26:27 witherspoon phosphor-gevent[1037]: SSLEOFError: EOF occurred in violation of protocol (_ssl.c:590)
Aug 01 07:26:27 witherspoon phosphor-gevent[1037]: <Greenlet at 0x75fd63f0: <bound method WSGIServer.wrap_socket_and_handle of <WSGIServer at 0x75facb50 fileno=5 address=('::3402:ec76:b0dd:6176%1986125216', 443, 0, 1986125216)>>(<socket at 0x75e83830 fileno=9>, ('::80e9:5f76:8e91:f402%1995107100', 42290, 0, 199)> failed with SSLEOFError
Aug 01 07:26:28 witherspoon phosphor-gevent[1037]: Traceback (most recent call last):
Aug 01 07:26:28 witherspoon phosphor-gevent[1037]:   File "/usr/lib/python2.7/site-packages/gevent/greenlet.py", line 327, in run
Aug 01 07:26:28 witherspoon phosphor-gevent[1037]:     result = self._run(*self.args, **self.kwargs)
Aug 01 07:26:28 witherspoon phosphor-gevent[1037]:   File "/usr/lib/python2.7/site-packages/gevent/server.py", line 102, in wrap_socket_and_handle
Aug 01 07:26:28 witherspoon phosphor-gevent[1037]:     ssl_socket = self.wrap_socket(client_socket, **self.ssl_args)
Aug 01 07:26:28 witherspoon phosphor-gevent[1037]:   File "/usr/lib/python2.7/site-packages/gevent/ssl.py", line 404, in wrap_socket
Aug 01 07:26:28 witherspoon phosphor-gevent[1037]:     ciphers=ciphers)
Aug 01 07:26:28 witherspoon phosphor-gevent[1037]:   File "/usr/lib/python2.7/site-packages/gevent/ssl.py", line 113, in __init__
Aug 01 07:26:28 witherspoon phosphor-gevent[1037]:     self.do_handshake()
Aug 01 07:26:28 witherspoon phosphor-gevent[1037]:   File "/usr/lib/python2.7/site-packages/gevent/ssl.py", line 324, in do_handshake
Aug 01 07:26:28 witherspoon phosphor-gevent[1037]:     return self._sslobj.do_handshake()
Aug 01 07:26:28 witherspoon phosphor-gevent[1037]: SSLEOFError: EOF occurred in violation of protocol (_ssl.c:590)
Aug 01 07:26:28 witherspoon phosphor-gevent[1037]: <Greenlet at 0x75fd66c0: <bound method WSGIServer.wrap_socket_and_handle of <WSGIServer at 0x75facb50 fileno=5 address=('::3402:ec76:b0dd:6176%1986125216', 443, 0, 1986125216)>>(<socket at 0x75e837d0 fileno=10>, ('::80e9:5f76:8e91:f402%1995107100', 42318, 0, 199)> failed with SSLEOFError
Aug 01 07:26:28 witherspoon phosphor-gevent[1037]: Traceback (most recent call last):
Aug 01 07:26:28 witherspoon phosphor-gevent[1037]:   File "/usr/lib/python2.7/site-packages/gevent/greenlet.py", line 327, in run
Aug 01 07:26:28 witherspoon phosphor-gevent[1037]:     result = self._run(*self.args, **self.kwargs)
Aug 01 07:26:28 witherspoon phosphor-gevent[1037]:   File "/usr/lib/python2.7/site-packages/gevent/server.py", line 102, in wrap_socket_and_handle
Aug 01 07:26:28 witherspoon phosphor-gevent[1037]:     ssl_socket = self.wrap_socket(client_socket, **self.ssl_args)
Aug 01 07:26:28 witherspoon phosphor-gevent[1037]:   File "/usr/lib/python2.7/site-packages/gevent/ssl.py", line 404, in wrap_socket
Aug 01 07:26:28 witherspoon phosphor-gevent[1037]:     ciphers=ciphers)
Aug 01 07:26:28 witherspoon phosphor-gevent[1037]:   File "/usr/lib/python2.7/site-packages/gevent/ssl.py", line 113, in __init__
Aug 01 07:26:28 witherspoon phosphor-gevent[1037]:     self.do_handshake()
Aug 01 07:26:28 witherspoon phosphor-gevent[1037]:   File "/usr/lib/python2.7/site-packages/gevent/ssl.py", line 324, in do_handshake
Aug 01 07:26:28 witherspoon phosphor-gevent[1037]:     return self._sslobj.do_handshake()
Aug 01 07:26:28 witherspoon phosphor-gevent[1037]: SSLEOFError: EOF occurred in violation of protocol (_ssl.c:590)
Aug 01 07:26:28 witherspoon phosphor-gevent[1037]: <Greenlet at 0x75fd63a0: <bound method WSGIServer.wrap_socket_and_handle of <WSGIServer at 0x75facb50 fileno=5 address=('::3402:ec76:b0dd:6176%1986125216', 443, 0, 1986125216)>>(<socket at 0x75e83870 fileno=11>, ('::80e9:5f76:8e91:f402%1995107100', 42370, 0, 199)> failed with SSLEOFError
Aug 01 07:26:47 witherspoon phosphor-gevent[1037]: ::80e9:5f76:8e91:f402%1995107100 - - [2017-08-01 07:26:47] "POST /login HTTP/1.1" 200 320 0.044710
Aug 01 07:26:47 witherspoon phosphor-gevent[1037]: ::80e9:5f76:8e91:f402%1995107100 - - [2017-08-01 07:26:47] "GET /xyz/openbmc_project/state/chassis0//attr/CurrentPowerState HTTP/1.1" 200 216 0.058378
Aug 01 07:26:47 witherspoon phosphor-gevent[1037]: ::80e9:5f76:8e91:f402%1995107100 - - [2017-08-01 07:26:47] "POST /login HTTP/1.1" 200 320 0.032379
Aug 01 07:26:48 witherspoon phosphor-gevent[1037]: ::80e9:5f76:8e91:f402%1995107100 - - [2017-08-01 07:26:48] "GET /xyz/openbmc_project/state/chassis0//attr/CurrentPowerState HTTP/1.1" 200 216 0.048897
Aug 01 07:26:48 witherspoon phosphor-gevent[1037]: ::80e9:5f76:8e91:f402%1995107100 - - [2017-08-01 07:26:48] "POST /login HTTP/1.1" 200 320 0.052040
Aug 01 07:26:48 witherspoon phosphor-gevent[1037]: ::80e9:5f76:8e91:f402%1995107100 - - [2017-08-01 07:26:48] "GET /org/openbmc/sensors/host/BootProgress/attr/value HTTP/1.1" 200 170 0.071641
Aug 01 07:26:48 witherspoon phosphor-gevent[1037]: ::80e9:5f76:8e91:f402%1995107100 - - [2017-08-01 07:26:48] "POST /login HTTP/1.1" 200 320 0.032412
Aug 01 07:26:48 witherspoon phosphor-gevent[1037]: ::80e9:5f76:8e91:f402%1995107100 - - [2017-08-01 07:26:48] "GET /xyz/openbmc_project/state/host0//attr/CurrentHostState HTTP/1.1" 200 212 0.050408
Aug 01 07:26:48 witherspoon phosphor-gevent[1037]: ::80e9:5f76:8e91:f402%1995107100 - - [2017-08-01 07:26:48] "POST /login HTTP/1.1" 200 320 0.043140
Aug 01 07:26:48 witherspoon phosphor-gevent[1037]: ::80e9:5f76:8e91:f402%1995107100 - - [2017-08-01 07:26:48] "GET /xyz/openbmc_project/logging/entry//list HTTP/1.1" 200 214 0.045711
Aug 01 07:26:49 witherspoon phosphor-gevent[1037]: ::80e9:5f76:8e91:f402%1995107100 - - [2017-08-01 07:26:49] "POST /login HTTP/1.1" 200 320 0.032564
Aug 01 07:26:49 witherspoon phosphor-gevent[1037]: ::80e9:5f76:8e91:f402%1995107100 - - [2017-08-01 07:26:49] "GET /xyz/openbmc_project/logging/entry//list HTTP/1.1" 200 214 0.049307
Aug 01 07:26:49 witherspoon phosphor-gevent[1037]: ::80e9:5f76:8e91:f402%1995107100 - - [2017-08-01 07:26:49] "POST /login HTTP/1.1" 200 320 0.032334
Aug 01 07:26:49 witherspoon phosphor-gevent[1037]: ::80e9:5f76:8e91:f402%1995107100 - - [2017-08-01 07:26:49] "DELETE /xyz/openbmc_project/logging/entry/1 HTTP/1.1" 200 169 0.109964
Aug 01 07:26:49 witherspoon systemd[1]: Started SSH Per-Connection Server (9.41.165.94:59288).
Aug 01 07:26:49 witherspoon dropbear[1141]: Failed loading /etc/dropbear/dropbear_dss_host_key
Aug 01 07:26:49 witherspoon dropbear[1141]: Failed loading /etc/dropbear/dropbear_ecdsa_host_key
Aug 01 07:26:49 witherspoon dropbear[1141]: Child connection from ::ffff:9.41.165.94:59288
Aug 01 07:26:50 witherspoon dropbear[1141]: PAM password auth succeeded for 'root' from ::ffff:9.41.165.94:59288
Aug 01 07:26:50 witherspoon dropbear[1142]: lastlog_perform_login: Couldn't stat /var/log/lastlog: No such file or directory
Aug 01 07:26:50 witherspoon dropbear[1142]: lastlog_openseek: /var/log/lastlog is not a file or directory!
Aug 01 07:26:51 witherspoon phosphor-gevent[1037]: ::80e9:5f76:8e91:f402%1995107100 - - [2017-08-01 07:26:51] "POST /login HTTP/1.1" 200 320 0.032689
Aug 01 07:26:51 witherspoon phosphor-gevent[1037]: ::80e9:5f76:8e91:f402%1995107100 - - [2017-08-01 07:26:51] "GET /xyz/openbmc_project/state/host0//attr/CurrentHostState HTTP/1.1" 200 212 0.049301
Aug 01 07:26:52 witherspoon dropbear[1020]: Exit (root): Exited normally
Aug 01 07:26:52 witherspoon dropbear[1141]: Exit (root): Exited normally
Aug 01 07:26:54 witherspoon systemd[1]: Started SSH Per-Connection Server (9.41.165.94:59298).
Aug 01 07:26:54 witherspoon dropbear[1152]: Failed loading /etc/dropbear/dropbear_dss_host_key
Aug 01 07:26:54 witherspoon dropbear[1152]: Failed loading /etc/dropbear/dropbear_ecdsa_host_key
Aug 01 07:26:54 witherspoon dropbear[1152]: Child connection from ::ffff:9.41.165.94:59298
Aug 01 07:26:55 witherspoon dropbear[1152]: PAM password auth succeeded for 'root' from ::ffff:9.41.165.94:59298
Aug 01 07:26:55 witherspoon dropbear[1153]: lastlog_perform_login: Couldn't stat /var/log/lastlog: No such file or directory
Aug 01 07:26:55 witherspoon dropbear[1153]: lastlog_openseek: /var/log/lastlog is not a file or directory!
Aug 01 07:26:56 witherspoon phosphor-gevent[1037]: ::80e9:5f76:8e91:f402%1995107100 - - [2017-08-01 07:26:56] "POST /login HTTP/1.1" 200 320 0.032852
Aug 01 07:26:56 witherspoon phosphor-gevent[1037]: ::80e9:5f76:8e91:f402%1995107100 - - [2017-08-01 07:26:56] "PUT /org/openbmc/settings/host0/attr/power_policy HTTP/1.1" 200 169 0.243332
Aug 01 07:26:56 witherspoon phosphor-gevent[1037]: ::80e9:5f76:8e91:f402%1995107100 - - [2017-08-01 07:26:56] "POST /login HTTP/1.1" 200 320 0.032845
Aug 01 07:26:56 witherspoon phosphor-gevent[1037]: ::80e9:5f76:8e91:f402%1995107100 - - [2017-08-01 07:26:56] "GET /org/openbmc/settings/host0/attr/power_policy HTTP/1.1" 200 185 0.077829
Aug 01 07:26:57 witherspoon phosphor-gevent[1037]: ::80e9:5f76:8e91:f402%1995107100 - - [2017-08-01 07:26:57] "POST /login HTTP/1.1" 200 320 0.032472
Aug 01 07:26:57 witherspoon phosphor-gevent[1037]: ::80e9:5f76:8e91:f402%1995107100 - - [2017-08-01 07:26:57] "GET /xyz/openbmc_project/state/chassis0//attr/CurrentPowerState HTTP/1.1" 200 216 0.049012
Aug 01 07:26:57 witherspoon phosphor-gevent[1037]: ::80e9:5f76:8e91:f402%1995107100 - - [2017-08-01 07:26:57] "POST /login HTTP/1.1" 200 320 0.044897
Aug 01 07:26:57 witherspoon phosphor-gevent[1037]: ::80e9:5f76:8e91:f402%1995107100 - - [2017-08-01 07:26:57] "GET /xyz/openbmc_project/state/bmc0//attr/CurrentBMCState HTTP/1.1" 200 212 0.049024
Aug 01 07:26:57 witherspoon phosphor-gevent[1037]: ::80e9:5f76:8e91:f402%1995107100 - - [2017-08-01 07:26:57] "POST /login HTTP/1.1" 200 320 0.042190
Aug 01 07:26:57 witherspoon phosphor-gevent[1037]: ::80e9:5f76:8e91:f402%1995107100 - - [2017-08-01 07:26:57] "GET /org/openbmc/sensors/host/BootProgress/attr/value HTTP/1.1" 200 170 0.067467
Aug 01 07:26:57 witherspoon phosphor-gevent[1037]: ::80e9:5f76:8e91:f402%1995107100 - - [2017-08-01 07:26:57] "POST /login HTTP/1.1" 200 320 0.032303
Aug 01 07:26:57 witherspoon phosphor-gevent[1037]: ::80e9:5f76:8e91:f402%1995107100 - - [2017-08-01 07:26:57] "GET /xyz/openbmc_project/state/host0//attr/CurrentHostState HTTP/1.1" 200 212 0.051334
Aug 01 07:26:58 witherspoon phosphor-gevent[1037]: ::80e9:5f76:8e91:f402%1995107100 - - [2017-08-01 07:26:58] "POST /login HTTP/1.1" 200 320 0.032695
Aug 01 07:26:58 witherspoon phosphor-gevent[1037]: ::80e9:5f76:8e91:f402%1995107100 - - [2017-08-01 07:26:58] "GET /xyz/openbmc_project/logging/entry//list HTTP/1.1" 404 311 0.029179
Aug 01 07:26:58 witherspoon systemd[1]: Started SSH Per-Connection Server (9.41.165.94:59314).
Aug 01 07:26:58 witherspoon dropbear[1159]: Failed loading /etc/dropbear/dropbear_dss_host_key
Aug 01 07:26:58 witherspoon dropbear[1159]: Failed loading /etc/dropbear/dropbear_ecdsa_host_key
Aug 01 07:26:58 witherspoon dropbear[1159]: Child connection from ::ffff:9.41.165.94:59314
Aug 01 07:26:58 witherspoon dropbear[1159]: PAM password auth succeeded for 'root' from ::ffff:9.41.165.94:59314
Aug 01 07:27:28 witherspoon phosphor-gevent[1037]: ::80e9:5f76:8e91:f402%1995107100 - - [2017-08-01 07:27:28] "POST /login HTTP/1.1" 200 320 0.032855
Aug 01 07:27:28 witherspoon phosphor-gevent[1037]: ::80e9:5f76:8e91:f402%1995107100 - - [2017-08-01 07:27:28] "POST /org/openbmc/control/flash/bios//action/update HTTP/1.1" 200 169 0.244362
Aug 01 07:27:28 witherspoon flash_bios.exe[1050]: Starting flasher: bios,/tmp/witherspoon_910_golden.pnor,/org/openbmc/control/flash/bios,
Aug 01 07:27:28 witherspoon flash_bios.exe[1050]: flasher: /tmp/witherspoon_910_golden.pnor, BMC = 1, address = 0x0
Aug 01 07:27:28 witherspoon flash_bios.exe[1050]: Setting up flash
Aug 01 07:27:28 witherspoon phosphor-gevent[1037]: ::80e9:5f76:8e91:f402%1995107100 - - [2017-08-01 07:27:28] "POST /login HTTP/1.1" 200 320 0.148472
Aug 01 07:27:29 witherspoon phosphor-gevent[1037]: ::80e9:5f76:8e91:f402%1995107100 - - [2017-08-01 07:27:29] "GET /org/openbmc/control/flash/bios HTTP/1.1" 200 397 0.185857
Aug 01 07:27:29 witherspoon phosphor-gevent[1037]: ::80e9:5f76:8e91:f402%1995107100 - - [2017-08-01 07:27:29] "POST /login HTTP/1.1" 200 320 0.032964
Aug 01 07:27:29 witherspoon phosphor-gevent[1037]: ::80e9:5f76:8e91:f402%1995107100 - - [2017-08-01 07:27:29] "GET /org/openbmc/control/flash/bios HTTP/1.1" 200 397 0.087775
Aug 01 07:27:40 witherspoon phosphor-gevent[1037]: ::80e9:5f76:8e91:f402%1995107100 - - [2017-08-01 07:27:40] "POST /login HTTP/1.1" 200 320 0.054232
Aug 01 07:27:40 witherspoon phosphor-gevent[1037]: ::80e9:5f76:8e91:f402%1995107100 - - [2017-08-01 07:27:40] "GET /org/openbmc/control/flash/bios HTTP/1.1" 200 397 0.067178
Aug 01 07:27:50 witherspoon phosphor-gevent[1037]: ::80e9:5f76:8e91:f402%1995107100 - - [2017-08-01 07:27:50] "POST /login HTTP/1.1" 200 320 0.032682
Aug 01 07:27:50 witherspoon phosphor-gevent[1037]: ::80e9:5f76:8e91:f402%1995107100 - - [2017-08-01 07:27:50] "GET /org/openbmc/control/flash/bios HTTP/1.1" 200 397 0.431150
Aug 01 07:28:01 witherspoon phosphor-gevent[1037]: ::80e9:5f76:8e91:f402%1995107100 - - [2017-08-01 07:28:01] "POST /login HTTP/1.1" 200 320 0.516031
Aug 01 07:28:01 witherspoon phosphor-gevent[1037]: ::80e9:5f76:8e91:f402%1995107100 - - [2017-08-01 07:28:01] "GET /org/openbmc/control/flash/bios HTTP/1.1" 200 397 0.102553
Aug 01 07:28:12 witherspoon phosphor-gevent[1037]: ::80e9:5f76:8e91:f402%1995107100 - - [2017-08-01 07:28:12] "POST /login HTTP/1.1" 200 320 0.050355
Aug 01 07:28:12 witherspoon phosphor-gevent[1037]: ::80e9:5f76:8e91:f402%1995107100 - - [2017-08-01 07:28:12] "GET /org/openbmc/control/flash/bios HTTP/1.1" 200 397 0.067076
Aug 01 07:28:23 witherspoon phosphor-gevent[1037]: ::80e9:5f76:8e91:f402%1995107100 - - [2017-08-01 07:28:23] "POST /login HTTP/1.1" 200 320 0.717266
Aug 01 07:28:23 witherspoon phosphor-gevent[1037]: ::80e9:5f76:8e91:f402%1995107100 - - [2017-08-01 07:28:23] "GET /org/openbmc/control/flash/bios HTTP/1.1" 200 397 0.088058
Aug 01 07:28:33 witherspoon phosphor-gevent[1037]: ::80e9:5f76:8e91:f402%1995107100 - - [2017-08-01 07:28:33] "POST /login HTTP/1.1" 200 320 0.039576
Aug 01 07:28:33 witherspoon phosphor-gevent[1037]: ::80e9:5f76:8e91:f402%1995107100 - - [2017-08-01 07:28:33] "GET /org/openbmc/control/flash/bios HTTP/1.1" 200 397 0.067849
Aug 01 07:28:44 witherspoon phosphor-gevent[1037]: ::80e9:5f76:8e91:f402%1995107100 - - [2017-08-01 07:28:44] "POST /login HTTP/1.1" 200 320 0.048164
Aug 01 07:28:45 witherspoon phosphor-gevent[1037]: ::80e9:5f76:8e91:f402%1995107100 - - [2017-08-01 07:28:45] "GET /org/openbmc/control/flash/bios HTTP/1.1" 200 397 0.076997
Aug 01 07:28:56 witherspoon phosphor-gevent[1037]: ::80e9:5f76:8e91:f402%1995107100 - - [2017-08-01 07:28:56] "POST /login HTTP/1.1" 200 320 0.950393
Aug 01 07:28:56 witherspoon phosphor-gevent[1037]: ::80e9:5f76:8e91:f402%1995107100 - - [2017-08-01 07:28:56] "GET /org/openbmc/control/flash/bios HTTP/1.1" 200 397 0.105294
Aug 01 07:29:06 witherspoon phosphor-gevent[1037]: ::80e9:5f76:8e91:f402%1995107100 - - [2017-08-01 07:29:06] "POST /login HTTP/1.1" 200 320 0.032301
Aug 01 07:29:06 witherspoon phosphor-gevent[1037]: ::80e9:5f76:8e91:f402%1995107100 - - [2017-08-01 07:29:06] "GET /org/openbmc/control/flash/bios HTTP/1.1" 200 397 0.067410
Aug 01 07:29:17 witherspoon phosphor-gevent[1037]: ::80e9:5f76:8e91:f402%1995107100 - - [2017-08-01 07:29:17] "POST /login HTTP/1.1" 200 320 0.071564
Aug 01 07:29:17 witherspoon phosphor-gevent[1037]: ::80e9:5f76:8e91:f402%1995107100 - - [2017-08-01 07:29:17] "GET /org/openbmc/control/flash/bios HTTP/1.1" 200 397 0.067527
Aug 01 07:29:28 witherspoon phosphor-gevent[1037]: ::80e9:5f76:8e91:f402%1995107100 - - [2017-08-01 07:29:28] "POST /login HTTP/1.1" 200 320 0.032430
Aug 01 07:29:28 witherspoon phosphor-gevent[1037]: ::80e9:5f76:8e91:f402%1995107100 - - [2017-08-01 07:29:28] "GET /org/openbmc/control/flash/bios HTTP/1.1" 200 397 0.070183
Aug 01 07:29:38 witherspoon phosphor-gevent[1037]: ::80e9:5f76:8e91:f402%1995107100 - - [2017-08-01 07:29:38] "POST /login HTTP/1.1" 200 320 0.032582
Aug 01 07:29:38 witherspoon phosphor-gevent[1037]: ::80e9:5f76:8e91:f402%1995107100 - - [2017-08-01 07:29:38] "GET /org/openbmc/control/flash/bios HTTP/1.1" 200 397 0.067921
Aug 01 07:29:48 witherspoon phosphor-gevent[1037]: ::80e9:5f76:8e91:f402%1995107100 - - [2017-08-01 07:29:48] "POST /login HTTP/1.1" 200 320 0.033283
Aug 01 07:29:48 witherspoon phosphor-gevent[1037]: ::80e9:5f76:8e91:f402%1995107100 - - [2017-08-01 07:29:48] "GET /org/openbmc/control/flash/bios HTTP/1.1" 200 397 0.085244
Aug 01 07:29:58 witherspoon phosphor-gevent[1037]: ::80e9:5f76:8e91:f402%1995107100 - - [2017-08-01 07:29:58] "POST /login HTTP/1.1" 200 320 0.032814
Aug 01 07:29:59 witherspoon phosphor-gevent[1037]: ::80e9:5f76:8e91:f402%1995107100 - - [2017-08-01 07:29:59] "GET /org/openbmc/control/flash/bios HTTP/1.1" 200 401 0.068320
Aug 01 07:30:09 witherspoon phosphor-gevent[1037]: ::80e9:5f76:8e91:f402%1995107100 - - [2017-08-01 07:30:09] "POST /login HTTP/1.1" 200 320 0.032519
Aug 01 07:30:09 witherspoon phosphor-gevent[1037]: ::80e9:5f76:8e91:f402%1995107100 - - [2017-08-01 07:30:09] "GET /org/openbmc/control/flash/bios HTTP/1.1" 200 402 0.068031
Aug 01 07:30:19 witherspoon phosphor-gevent[1037]: ::80e9:5f76:8e91:f402%1995107100 - - [2017-08-01 07:30:19] "POST /login HTTP/1.1" 200 320 0.032458
Aug 01 07:30:19 witherspoon phosphor-gevent[1037]: ::80e9:5f76:8e91:f402%1995107100 - - [2017-08-01 07:30:19] "GET /org/openbmc/control/flash/bios HTTP/1.1" 200 402 0.067995
Aug 01 07:30:29 witherspoon phosphor-gevent[1037]: ::80e9:5f76:8e91:f402%1995107100 - - [2017-08-01 07:30:29] "POST /login HTTP/1.1" 200 320 0.032568
Aug 01 07:30:29 witherspoon phosphor-gevent[1037]: ::80e9:5f76:8e91:f402%1995107100 - - [2017-08-01 07:30:29] "GET /org/openbmc/control/flash/bios HTTP/1.1" 200 402 0.068137
Aug 01 07:30:37 witherspoon avahi-daemon[962]: Service name conflict for "phosphor_rest" (/services/phosphor_rest.service), retrying with "phosphor_rest #2".
Aug 01 07:30:37 witherspoon avahi-daemon[962]: Service name conflict for "obmc_console" (/services/obmc_console.service), retrying with "obmc_console #2".
Aug 01 07:30:37 witherspoon avahi-daemon[962]: Service name conflict for "sftp" (/services/sftp.service), retrying with "sftp #2".
Aug 01 07:30:38 witherspoon avahi-daemon[962]: Service "phosphor_rest #2" (/services/phosphor_rest.service) successfully established.
Aug 01 07:30:38 witherspoon avahi-daemon[962]: Service "obmc_console #2" (/services/obmc_console.service) successfully established.
Aug 01 07:30:38 witherspoon avahi-daemon[962]: Service "sftp #2" (/services/sftp.service) successfully established.
Aug 01 07:30:40 witherspoon phosphor-gevent[1037]: ::80e9:5f76:8e91:f402%1995107100 - - [2017-08-01 07:30:40] "POST /login HTTP/1.1" 200 320 0.032875
Aug 01 07:30:40 witherspoon phosphor-gevent[1037]: ::80e9:5f76:8e91:f402%1995107100 - - [2017-08-01 07:30:40] "GET /org/openbmc/control/flash/bios HTTP/1.1" 200 401 0.067594
Aug 01 07:30:50 witherspoon phosphor-gevent[1037]: ::80e9:5f76:8e91:f402%1995107100 - - [2017-08-01 07:30:50] "POST /login HTTP/1.1" 200 320 0.032529
Aug 01 07:30:50 witherspoon phosphor-gevent[1037]: ::80e9:5f76:8e91:f402%1995107100 - - [2017-08-01 07:30:50] "GET /org/openbmc/control/flash/bios HTTP/1.1" 200 402 0.452732
Aug 01 07:30:52 witherspoon flash_bios.exe[1050]: Erasing... (may take a while !) done !
Aug 01 07:30:52 witherspoon flash_bios.exe[1050]: About to program "/tmp/witherspoon_910_golden.pnor" at 0x00000000..0x04000000 !
Aug 01 07:30:52 witherspoon flash_bios.exe[1050]: Programming & Verifying...
Aug 01 07:30:52 witherspoon flash_bios.exe[1050]: Flash done
Aug 01 07:31:01 witherspoon phosphor-gevent[1037]: ::80e9:5f76:8e91:f402%1995107100 - - [2017-08-01 07:31:01] "POST /login HTTP/1.1" 200 320 0.034470
Aug 01 07:31:01 witherspoon phosphor-gevent[1037]: ::80e9:5f76:8e91:f402%1995107100 - - [2017-08-01 07:31:01] "GET /org/openbmc/control/flash/bios HTTP/1.1" 200 399 0.067740
Aug 01 07:31:01 witherspoon systemd[1]: Started SSH Per-Connection Server (9.41.165.94:59574).
Aug 01 07:31:01 witherspoon dropbear[1165]: Failed loading /etc/dropbear/dropbear_dss_host_key
Aug 01 07:31:01 witherspoon dropbear[1165]: Failed loading /etc/dropbear/dropbear_ecdsa_host_key
Aug 01 07:31:01 witherspoon dropbear[1165]: Child connection from ::ffff:9.41.165.94:59574
Aug 01 07:31:01 witherspoon dropbear[1165]: PAM password auth succeeded for 'root' from ::ffff:9.41.165.94:59574
Aug 01 07:31:01 witherspoon dropbear[1166]: lastlog_perform_login: Couldn't stat /var/log/lastlog: No such file or directory
Aug 01 07:31:01 witherspoon dropbear[1166]: lastlog_openseek: /var/log/lastlog is not a file or directory!
Aug 01 07:31:03 witherspoon phosphor-gevent[1037]: ::80e9:5f76:8e91:f402%1995107100 - - [2017-08-01 07:31:03] "POST /login HTTP/1.1" 200 320 0.032925
Aug 01 07:31:03 witherspoon phosphor-gevent[1037]: ::80e9:5f76:8e91:f402%1995107100 - - [2017-08-01 07:31:03] "GET /xyz/openbmc_project/state/host0//attr/CurrentHostState HTTP/1.1" 200 212 0.049950
Aug 01 07:31:03 witherspoon systemd[1]: Created slice system-obmc\x2dconsole\x2dssh.slice.
Aug 01 07:31:03 witherspoon systemd[1]: Started Phosphor Host Console SSH Per-Connection (9.41.165.94:54856).
Aug 01 07:31:03 witherspoon dropbear[1170]: Failed loading /etc/dropbear/dropbear_dss_host_key
Aug 01 07:31:03 witherspoon dropbear[1170]: Failed loading /etc/dropbear/dropbear_ecdsa_host_key
Aug 01 07:31:03 witherspoon dropbear[1170]: Child connection from ::ffff:9.41.165.94:54856
Aug 01 07:31:04 witherspoon dropbear[1170]: PAM password auth succeeded for 'root' from ::ffff:9.41.165.94:54856
Aug 01 07:31:04 witherspoon dropbear[1171]: lastlog_perform_login: Couldn't stat /var/log/lastlog: No such file or directory
Aug 01 07:31:04 witherspoon dropbear[1171]: lastlog_openseek: /var/log/lastlog is not a file or directory!
Aug 01 07:31:04 witherspoon phosphor-gevent[1037]: ::80e9:5f76:8e91:f402%1995107100 - - [2017-08-01 07:31:04] "POST /login HTTP/1.1" 200 320 0.194163
Aug 01 07:31:04 witherspoon phosphor-gevent[1037]: ::80e9:5f76:8e91:f402%1995107100 - - [2017-08-01 07:31:04] "PUT /org/openbmc/settings/host0/attr/power_policy HTTP/1.1" 200 169 0.165265
Aug 01 07:31:04 witherspoon phosphor-gevent[1037]: ::80e9:5f76:8e91:f402%1995107100 - - [2017-08-01 07:31:04] "POST /login HTTP/1.1" 200 320 0.032743
Aug 01 07:31:04 witherspoon phosphor-gevent[1037]: ::80e9:5f76:8e91:f402%1995107100 - - [2017-08-01 07:31:04] "GET /org/openbmc/settings/host0/attr/power_policy HTTP/1.1" 200 185 0.070846
Aug 01 07:31:05 witherspoon phosphor-gevent[1037]: ::80e9:5f76:8e91:f402%1995107100 - - [2017-08-01 07:31:05] "POST /login HTTP/1.1" 200 320 0.043589
Aug 01 07:31:05 witherspoon phosphor-gevent[1037]: ::80e9:5f76:8e91:f402%1995107100 - - [2017-08-01 07:31:05] "GET /xyz/openbmc_project/state/chassis0//attr/CurrentPowerState HTTP/1.1" 200 216 0.056028
Aug 01 07:31:05 witherspoon phosphor-gevent[1037]: ::80e9:5f76:8e91:f402%1995107100 - - [2017-08-01 07:31:05] "POST /login HTTP/1.1" 200 320 0.050825
Aug 01 07:31:05 witherspoon phosphor-gevent[1037]: ::80e9:5f76:8e91:f402%1995107100 - - [2017-08-01 07:31:05] "GET /xyz/openbmc_project/state/bmc0//attr/CurrentBMCState HTTP/1.1" 200 212 0.049570
Aug 01 07:31:05 witherspoon phosphor-gevent[1037]: ::80e9:5f76:8e91:f402%1995107100 - - [2017-08-01 07:31:05] "POST /login HTTP/1.1" 200 320 0.032754
Aug 01 07:31:05 witherspoon phosphor-gevent[1037]: ::80e9:5f76:8e91:f402%1995107100 - - [2017-08-01 07:31:05] "GET /org/openbmc/sensors/host/BootProgress/attr/value HTTP/1.1" 200 170 0.052122
Aug 01 07:31:05 witherspoon phosphor-gevent[1037]: ::80e9:5f76:8e91:f402%1995107100 - - [2017-08-01 07:31:05] "POST /login HTTP/1.1" 200 320 0.043160
Aug 01 07:31:06 witherspoon phosphor-gevent[1037]: ::80e9:5f76:8e91:f402%1995107100 - - [2017-08-01 07:31:06] "GET /xyz/openbmc_project/state/host0//attr/CurrentHostState HTTP/1.1" 200 212 0.049656
Aug 01 07:31:06 witherspoon phosphor-gevent[1037]: ::80e9:5f76:8e91:f402%1995107100 - - [2017-08-01 07:31:06] "POST /login HTTP/1.1" 200 320 0.032437
Aug 01 07:31:06 witherspoon phosphor-host-state-manager[1085]: Host State transaction request
Aug 01 07:31:06 witherspoon phosphor-gevent[1037]: ::80e9:5f76:8e91:f402%1995107100 - - [2017-08-01 07:31:06] "PUT /xyz/openbmc_project/state/host0//attr/RequestedHostTransition HTTP/1.1" 200 169 0.255767
Aug 01 07:31:06 witherspoon systemd[1]: Created slice system-ucd_disable_vcs.slice.
Aug 01 07:31:06 witherspoon systemd[1]: Created slice system-pcie\x2dslot\x2ddetect.slice.
Aug 01 07:31:06 witherspoon systemd[1]: Created slice system-mboxd\x2dreload.slice.
Aug 01 07:31:06 witherspoon systemd[1]: Created slice system-ir35221\x2don\x2dunbind.slice.
Aug 01 07:31:06 witherspoon systemd[1]: Created slice system-avsbus\x2dworkaround.slice.
Aug 01 07:31:06 witherspoon systemd[1]: Starting Reload mboxd during power on...
Aug 01 07:31:06 witherspoon systemd[1]: Starting power on mode unbind ir35221 device driver devs...
Aug 01 07:31:06 witherspoon systemd[1]: Starting Wait for /xyz/openbmc_project/led/groups/power_on...
Aug 01 07:31:06 witherspoon systemd[1]: Created slice system-op\x2dwait\x2dpower\x2don.slice.
Aug 01 07:31:06 witherspoon systemd[1]: Starting Wait for Power0 to turn on...
Aug 01 07:31:06 witherspoon systemd[1]: Created slice system-start_host.slice.
Aug 01 07:31:06 witherspoon systemd[1]: Created slice system-ir35221\x2don\x2dbind.slice.
Aug 01 07:31:06 witherspoon systemd[1]: Created slice system-vcs_on.slice.
Aug 01 07:31:06 witherspoon systemd[1]: Created slice system-phosphor\x2dfan\x2dcontrol\x2dinit.slice.
Aug 01 07:31:06 witherspoon systemd[1]: Starting Witherspoon Fan Watchdog Reset...
Aug 01 07:31:06 witherspoon systemd[1]: Created slice system-cfam_override.slice.
Aug 01 07:31:06 witherspoon systemd[1]: Starting Wait for /org/openbmc/control/chassis0...
Aug 01 07:31:06 witherspoon systemd[1]: Created slice system-fsi\x2dbind.slice.
Aug 01 07:31:06 witherspoon systemd[1]: Created slice system-op\x2dpower\x2dstart.slice.
Aug 01 07:31:06 witherspoon systemd[1]: Created slice system-phosphor\x2dfan\x2dpresence\x2dtach.slice.
Aug 01 07:31:06 witherspoon systemd[1]: Created slice system-vcs_off.slice.
Aug 01 07:31:06 witherspoon systemd[1]: Created slice system-vcs_workaround.slice.
Aug 01 07:31:06 witherspoon systemd[1]: Created slice system-avsbus\x2ddisable.slice.
Aug 01 07:31:06 witherspoon systemd[1]: Created slice system-phosphor\x2dgpio\x2dmonitor.slice.
Aug 01 07:31:06 witherspoon systemd[1]: Started Phosphor GPIO checkstop monitor.
Aug 01 07:31:06 witherspoon systemd[1]: Reached target Start Host checkstop monitor.
Aug 01 07:31:06 witherspoon systemd[1]: Created slice system-phosphor\x2dwatchdog.slice.
Aug 01 07:31:06 witherspoon systemd[1]: Started Phosphor poweron watchdog.
Aug 01 07:31:06 witherspoon systemd[1]: Starting Disable UCD VCS rails...
Aug 01 07:31:08 witherspoon kernel: ucd9000 11-0064: Device ID UCD90160|2.3.4.0000|110603
Aug 01 07:31:08 witherspoon kernel[960]: [  392.860000] ucd9000 11-0064: Device ID UCD90160|2.3.4.0000|110603
Aug 01 07:31:06 witherspoon systemd[1]: Created slice system-obmc\x2denable\x2dhost\x2dwatchdog.slice.
Aug 01 07:31:06 witherspoon systemd[1]: Reached target Powerwitherspoon-fan-watchdog (On).
Aug 01 07:31:06 witherspoon systemd[1]: Created slice system-mapper\x2dsubtree\x2dremove.slice.
Aug 01 07:31:06 witherspoon systemd[1]: Starting mapper subtree-remove /xyz/openbmc_project/software:xyz.openbmc_project.Software.ActivationBlocksTransition...
Aug 01 07:31:06 witherspoon systemd[1]: Starting Wait for /xyz/openbmc_project/watchdog/host0...
Aug 01 07:31:06 witherspoon systemd[1]: Started Witherspoon Fan Watchdog Daemon.
Aug 01 07:31:06 witherspoon systemd[1]: Started Phosphor Fan Control Initialization.
Aug 01 07:31:07 witherspoon systemd[1]: Created slice system-avsbus\x2denable.slice.
Aug 01 07:31:07 witherspoon systemd[1]: Created slice system-fsi\x2dscan.slice.
Aug 01 07:31:07 witherspoon systemd[1]: Created slice system-vrm\x2dcontrol.slice.
Aug 01 07:31:08 witherspoon phosphor-gevent[1037]: ::80e9:5f76:8e91:f402%1995107100 - - [2017-08-01 07:31:08] "POST /login HTTP/1.1" 200 320 0.032659
Aug 01 07:31:08 witherspoon systemd[1]: Started power on mode unbind ir35221 device driver devs.
Aug 01 07:31:08 witherspoon systemd[1]: Started Witherspoon Fan Watchdog Reset.
Aug 01 07:31:08 witherspoon systemd[1]: Started Disable UCD VCS rails.
Aug 01 07:31:08 witherspoon systemd[1]: xyz.openbmc_project.Hwmon@ahb-apb-i2c\x401e78a000-i2c\x2dbus\x40180-ir35221\x4071.service: Unit not needed anymore. Stopping.
Aug 01 07:31:08 witherspoon systemd[1]: xyz.openbmc_project.Hwmon@ahb-apb-i2c\x401e78a000-i2c\x2dbus\x40140-ir35221\x4070.service: Unit not needed anymore. Stopping.
Aug 01 07:31:08 witherspoon systemd[1]: xyz.openbmc_project.Hwmon@ahb-apb-i2c\x401e78a000-i2c\x2dbus\x40140-ir35221\x4071.service: Unit not needed anymore. Stopping.
Aug 01 07:31:08 witherspoon systemd[1]: xyz.openbmc_project.Hwmon@ahb-apb-i2c\x401e78a000-i2c\x2dbus\x40180-ir35221\x4070.service: Unit not needed anymore. Stopping.
Aug 01 07:31:08 witherspoon systemd[1]: xyz.openbmc_project.Hwmon@ahb-apb-i2c\x401e78a000-i2c\x2dbus\x40140-ir35221\x4071.service: Service hold-off time over, scheduling restart.
Aug 01 07:31:08 witherspoon systemd[1]: xyz.openbmc_project.Hwmon@ahb-apb-i2c\x401e78a000-i2c\x2dbus\x40140-ir35221\x4071.service: Stop job pending for unit, delaying automatic restart.
Aug 01 07:31:08 witherspoon systemd[1]: xyz.openbmc_project.Hwmon@ahb-apb-i2c\x401e78a000-i2c\x2dbus\x40140-ir35221\x4070.service: Service hold-off time over, scheduling restart.
Aug 01 07:31:08 witherspoon systemd[1]: xyz.openbmc_project.Hwmon@ahb-apb-i2c\x401e78a000-i2c\x2dbus\x40140-ir35221\x4070.service: Stop job pending for unit, delaying automatic restart.
Aug 01 07:31:08 witherspoon systemd[1]: Stopping Phosphor Hwmon Poller...
Aug 01 07:31:08 witherspoon systemd[1]: Stopped Phosphor Hwmon Poller.
Aug 01 07:31:08 witherspoon systemd[1]: Stopped Phosphor Hwmon Poller.
Aug 01 07:31:09 witherspoon systemd[1]: Stopping Phosphor Hwmon Poller...
Aug 01 07:31:09 witherspoon systemd[1]: Starting Perform AVS bus workaround on VRMs...
Aug 01 07:31:09 witherspoon systemd[1]: Stopped Phosphor Hwmon Poller.
Aug 01 07:31:09 witherspoon systemd[1]: Stopped Phosphor Hwmon Poller.
Aug 01 07:31:09 witherspoon systemd[1]: Started Perform AVS bus workaround on VRMs.
Aug 01 07:31:09 witherspoon systemd[1]: Starting Disable the AVS bus on the VRMs...
Aug 01 07:31:09 witherspoon mboxctl[1172]: Reset: Success
Aug 01 07:31:09 witherspoon systemd[1]: Started Reload mboxd during power on.
Aug 01 07:31:09 witherspoon systemd[1]: Started Wait for /org/openbmc/control/chassis0.
Aug 01 07:31:09 witherspoon systemd[1]: Started Wait for /xyz/openbmc_project/led/groups/power_on.
Aug 01 07:31:09 witherspoon systemd[1]: Starting Assert power_on LED...
Aug 01 07:31:10 witherspoon systemd[1]: Started Disable the AVS bus on the VRMs.
Aug 01 07:31:10 witherspoon systemd[1]: Starting Apply voltage overrides to VRMs...
