-- Logs begin at Wed 2017-08-23 13:38:54 UTC, end at Wed 2017-08-23 13:52:25 UTC. --
Aug 23 13:38:54 witherspoon kernel: Booting Linux on physical CPU 0x0
Aug 23 13:38:54 witherspoon kernel: Linux version 4.10.17-ba30e9ed152bab62f72da24986ee5ca22d6c9b07 (jenkins@openbmc-builder1) (gcc version 6.2.0 (GCC) ) #1 Wed Aug 23 13:13:13 UTC 2017
Aug 23 13:38:54 witherspoon kernel: CPU: ARMv6-compatible processor [410fb767] revision 7 (ARMv7), cr=00c5387d
Aug 23 13:38:54 witherspoon kernel: CPU: PIPT / VIPT nonaliasing data cache, VIPT nonaliasing instruction cache
Aug 23 13:38:54 witherspoon kernel: OF: fdt:Machine model: Witherspoon BMC
Aug 23 13:38:54 witherspoon kernel: Memory policy: Data cache writeback
Aug 23 13:38:54 witherspoon kernel: SOC Rev: 04030303
Aug 23 13:38:54 witherspoon kernel: On node 0 totalpages: 110592
Aug 23 13:38:54 witherspoon kernel: free_area_init_node: node 0, pgdat 80601864, node_mem_map 9ec1a000
Aug 23 13:38:54 witherspoon kernel:   Normal zone: 992 pages used for memmap
Aug 23 13:38:54 witherspoon kernel:   Normal zone: 0 pages reserved
Aug 23 13:38:54 witherspoon kernel:   Normal zone: 110592 pages, LIFO batch:31
Aug 23 13:38:54 witherspoon kernel: pcpu-alloc: s0 r0 d32768 u32768 alloc=1*32768
Aug 23 13:38:54 witherspoon kernel: pcpu-alloc: [0] 0 
Aug 23 13:38:54 witherspoon kernel: Built 1 zonelists in Zone order, mobility grouping on.  Total pages: 109600
Aug 23 13:38:54 witherspoon kernel: Kernel command line: console=ttyS4,115200n8 root=/dev/ram rw
Aug 23 13:38:54 witherspoon kernel: PID hash table entries: 2048 (order: 1, 8192 bytes)
Aug 23 13:38:54 witherspoon kernel: Dentry cache hash table entries: 65536 (order: 6, 262144 bytes)
Aug 23 13:38:54 witherspoon kernel: Inode-cache hash table entries: 32768 (order: 5, 131072 bytes)
Aug 23 13:38:54 witherspoon kernel: Memory: 430420K/442368K available (4074K kernel code, 281K rwdata, 1196K rodata, 280K init, 111K bss, 11948K reserved, 0K cma-reserved)
Aug 23 13:38:54 witherspoon kernel: Virtual kernel memory layout:
                                        vector  : 0xffff0000 - 0xffff1000   (   4 kB)
                                        fixmap  : 0xffc00000 - 0xfff00000   (3072 kB)
                                        vmalloc : 0x9f800000 - 0xff800000   (1536 MB)
                                        lowmem  : 0x80000000 - 0x9f000000   ( 496 MB)
                                          .text : 0x80008000 - 0x80402d80   (4076 kB)
                                          .init : 0x80588000 - 0x805ce000   ( 280 kB)
                                          .data : 0x805ce000 - 0x80614710   ( 282 kB)
                                           .bss : 0x80614710 - 0x806305b8   ( 112 kB)
Aug 23 13:38:54 witherspoon kernel: NR_IRQS:16 nr_irqs:16 16
Aug 23 13:38:54 witherspoon kernel: i2c controller registered, irq 16
Aug 23 13:38:54 witherspoon kernel: clocksource: moxart_timer: mask: 0xffffffff max_cycles: 0xffffffff, max_idle_ns: 77222644334 ns
Aug 23 13:38:54 witherspoon kernel: sched_clock: 32 bits at 100 Hz, resolution 10000000ns, wraps every 21474836475000000ns
Aug 23 13:38:54 witherspoon kernel: Calibrating delay loop... 789.70 BogoMIPS (lpj=3948544)
Aug 23 13:38:54 witherspoon kernel: pid_max: default: 32768 minimum: 301
Aug 23 13:38:54 witherspoon kernel: Mount-cache hash table entries: 1024 (order: 0, 4096 bytes)
Aug 23 13:38:54 witherspoon kernel: Mountpoint-cache hash table entries: 1024 (order: 0, 4096 bytes)
Aug 23 13:38:54 witherspoon kernel: CPU: Testing write buffer coherency: ok
Aug 23 13:38:54 witherspoon kernel: ftrace: allocating 14975 entries in 44 pages
Aug 23 13:38:54 witherspoon kernel: Setting up static identity map for 0x80008200 - 0x8000825c
Aug 23 13:38:54 witherspoon kernel: devtmpfs: initialized
Aug 23 13:38:54 witherspoon kernel: clocksource: jiffies: mask: 0xffffffff max_cycles: 0xffffffff, max_idle_ns: 19112604462750000 ns
Aug 23 13:38:54 witherspoon kernel: futex hash table entries: 256 (order: -1, 3072 bytes)
Aug 23 13:38:54 witherspoon kernel: pinctrl core: initialized pinctrl subsystem
Aug 23 13:38:54 witherspoon kernel: NET: Registered protocol family 16
Aug 23 13:38:54 witherspoon kernel: DMA: preallocated 256 KiB pool for atomic coherent allocations
Aug 23 13:38:54 witherspoon kernel: usbcore: registered new interface driver usbfs
Aug 23 13:38:54 witherspoon kernel: usbcore: registered new interface driver hub
Aug 23 13:38:54 witherspoon kernel: usbcore: registered new device driver usb
Aug 23 13:38:54 witherspoon kernel: clocksource: Switched to clocksource moxart_timer
Aug 23 13:38:54 witherspoon kernel: NET: Registered protocol family 2
Aug 23 13:38:54 witherspoon kernel: TCP established hash table entries: 4096 (order: 2, 16384 bytes)
Aug 23 13:38:54 witherspoon kernel: TCP bind hash table entries: 4096 (order: 2, 16384 bytes)
Aug 23 13:38:54 witherspoon kernel: TCP: Hash tables configured (established 4096 bind 4096)
Aug 23 13:38:54 witherspoon kernel: UDP hash table entries: 256 (order: 0, 4096 bytes)
Aug 23 13:38:54 witherspoon kernel: UDP-Lite hash table entries: 256 (order: 0, 4096 bytes)
Aug 23 13:38:54 witherspoon kernel: NET: Registered protocol family 1
Aug 23 13:38:54 witherspoon kernel: Trying to unpack rootfs image as initramfs...
Aug 23 13:38:54 witherspoon kernel: Freeing initrd memory: 1548K
Aug 23 13:38:54 witherspoon kernel: workingset: timestamp_bits=30 max_order=17 bucket_order=0
Aug 23 13:38:54 witherspoon kernel: squashfs: version 4.0 (2009/01/31) Phillip Lougher
Aug 23 13:38:54 witherspoon kernel: jffs2: version 2.2. (SUMMARY)  © 2001-2006 Red Hat, Inc.
Aug 23 13:38:54 witherspoon kernel: Block layer SCSI generic (bsg) driver version 0.4 loaded (major 250)
Aug 23 13:38:54 witherspoon kernel: io scheduler noop registered
Aug 23 13:38:54 witherspoon kernel: io scheduler deadline registered
Aug 23 13:38:54 witherspoon kernel: io scheduler cfq registered (default)
Aug 23 13:38:54 witherspoon kernel: ipmi-bt-host 1e789140.ibt: Found bt bmc device
Aug 23 13:38:54 witherspoon kernel: ipmi-bt-host 1e789140.ibt: Using IRQ 22
Aug 23 13:38:54 witherspoon kernel: Serial: 8250/16550 driver, 6 ports, IRQ sharing enabled
Aug 23 13:38:54 witherspoon kernel: 1e787000.vuart: ttyS0 at MMIO 0x1e787000 (irq = 22, base_baud = 1500000) is a 16550A
Aug 23 13:38:54 witherspoon kernel: 1e783000.serial: ttyS1 at MMIO 0x1e783000 (irq = 23, base_baud = 1500000) is a 16550A
Aug 23 13:38:54 witherspoon kernel: 1e78d000.serial: ttyS2 at MMIO 0x1e78d000 (irq = 24, base_baud = 1500000) is a 16550A
Aug 23 13:38:54 witherspoon kernel: 1e784000.serial: ttyS4 at MMIO 0x1e784000 (irq = 25, base_baud = 1500000) is a 16550A
Aug 23 13:38:54 witherspoon kernel: console [ttyS4] enabled
Aug 23 13:38:54 witherspoon kernel: timeriomem_rng 1e6e2078.hwrng: 32bits from 0xf00e2078 @ 1us
Aug 23 13:38:54 witherspoon kernel: random: fast init done
Aug 23 13:38:54 witherspoon kernel: random: crng init done
Aug 23 13:38:54 witherspoon kernel: brd: module loaded
Aug 23 13:38:54 witherspoon kernel: loop: module loaded
Aug 23 13:38:54 witherspoon kernel: aspeed-lpc-ctrl 1e789080.lpc-ctrl: Loaded at 0x98000000 (0x04000000)
Aug 23 13:38:54 witherspoon kernel: aspeed-smc 1e620000.flash-controller: Using IRQ 18
Aug 23 13:38:54 witherspoon kernel: aspeed-smc 1e620000.flash-controller: DMA support disabled.
Aug 23 13:38:54 witherspoon kernel: aspeed-smc 1e620000.flash-controller: mx25l25635e (32768 Kbytes)
Aug 23 13:38:54 witherspoon kernel: aspeed-smc 1e620000.flash-controller: CE0 window [ 0x20000000 - 0x22000000 ] 32MB
Aug 23 13:38:54 witherspoon kernel: aspeed-smc 1e620000.flash-controller: CE1 window [ 0x22000000 - 0x2a000000 ] 128MB
Aug 23 13:38:54 witherspoon kernel: 5 ofpart partitions found on MTD device bmc
Aug 23 13:38:54 witherspoon kernel: Creating 5 MTD partitions on "bmc":
Aug 23 13:38:54 witherspoon kernel: 0x000000000000-0x000000060000 : "u-boot"
Aug 23 13:38:54 witherspoon kernel: 0x000000060000-0x000000080000 : "u-boot-env"
Aug 23 13:38:54 witherspoon kernel: 0x000000080000-0x0000004c0000 : "kernel"
Aug 23 13:38:54 witherspoon kernel: 0x0000004c0000-0x000001c00000 : "rofs"
Aug 23 13:38:54 witherspoon kernel: 0x000001c00000-0x000002000000 : "rwfs"
Aug 23 13:38:54 witherspoon kernel: aspeed-smc 1e620000.flash-controller: mx25l25635e (32768 Kbytes)
Aug 23 13:38:54 witherspoon kernel: aspeed-smc 1e620000.flash-controller: CE1 window [ 0x22000000 - 0x24000000 ] 32MB
Aug 23 13:38:54 witherspoon kernel: aspeed-smc 1e620000.flash-controller: CE2 window [ 0x24000000 - 0x2c000000 ] 128MB
Aug 23 13:38:54 witherspoon kernel: aspeed-smc 1e630000.flash-controller: mx66l1g45g (131072 Kbytes)
Aug 23 13:38:54 witherspoon kernel: aspeed-smc 1e630000.flash-controller: CE0 window resized to 120MB (AST2500 HW quirk)
Aug 23 13:38:54 witherspoon kernel: aspeed-smc 1e630000.flash-controller: CE0 window [ 0x30000000 - 0x37800000 ] 120MB
Aug 23 13:38:54 witherspoon kernel: aspeed-smc 1e630000.flash-controller: CE0 window too small for chip 128MB
Aug 23 13:38:54 witherspoon kernel: aspeed-smc 1e630000.flash-controller: CE1 window [ 0x37800000 - 0x38000000 ] 8MB
Aug 23 13:38:54 witherspoon kernel: libphy: Fixed MDIO Bus: probed
Aug 23 13:38:54 witherspoon kernel: ftgmac100 1e660000.ethernet: Read MAC address 70:e2:84:14:23:e1 from chip
Aug 23 13:38:54 witherspoon kernel: ftgmac100 1e660000.ethernet: Using NCSI interface
Aug 23 13:38:54 witherspoon kernel: ftgmac100 1e660000.ethernet eth0: irq 20, mapped at f0060000
Aug 23 13:38:54 witherspoon kernel: ehci_hcd: USB 2.0 'Enhanced' Host Controller (EHCI) Driver
Aug 23 13:38:54 witherspoon kernel: ehci-platform: EHCI generic platform driver
Aug 23 13:38:54 witherspoon kernel:  fsi0: can't read slave 00:00 -5
Aug 23 13:38:54 witherspoon kernel: i2c /dev entries driver
Aug 23 13:38:54 witherspoon kernel: aspeed-i2c-bus 1e78a0c0.i2c-bus: i2c bus 2 registered, irq 26
Aug 23 13:38:54 witherspoon kernel: aspeed-i2c-bus 1e78a100.i2c-bus: i2c bus 3 registered, irq 27
Aug 23 13:38:54 witherspoon kernel: aspeed-i2c-bus 1e78a140.i2c-bus: i2c bus 4 registered, irq 28
Aug 23 13:38:54 witherspoon kernel: aspeed-i2c-bus 1e78a180.i2c-bus: i2c bus 5 registered, irq 29
Aug 23 13:38:54 witherspoon kernel: aspeed-i2c-bus 1e78a380.i2c-bus: i2c bus 9 registered, irq 30
Aug 23 13:38:54 witherspoon kernel: aspeed-i2c-bus 1e78a3c0.i2c-bus: i2c bus 10 registered, irq 31
Aug 23 13:38:54 witherspoon kernel: rtc-rv8803 11-0032: Voltage low, temperature compensation stopped.
Aug 23 13:38:54 witherspoon kernel: rtc-rv8803 11-0032: An alarm maybe have been missed.
Aug 23 13:38:54 witherspoon kernel: rtc-rv8803 11-0032: rtc core: registered rx8900 as rtc0
Aug 23 13:38:54 witherspoon kernel: at24 11-0051: 8192 byte 24c64 EEPROM, writable, 1 bytes/write
Aug 23 13:38:54 witherspoon kernel: aspeed-i2c-bus 1e78a400.i2c-bus: i2c bus 11 registered, irq 32
Aug 23 13:38:54 witherspoon kernel: aspeed-i2c-bus 1e78a440.i2c-bus: i2c bus 12 registered, irq 33
Aug 23 13:38:54 witherspoon kernel: aspeed-i2c-bus 1e78a480.i2c-bus: i2c bus 13 registered, irq 34
Aug 23 13:38:54 witherspoon kernel: Driver for 1-wire Dallas network protocol.
Aug 23 13:38:54 witherspoon kernel: lm75 9-004a: hwmon0: sensor 'tmp275'
Aug 23 13:38:54 witherspoon kernel: ucd9000 11-0064: Device ID UCD90160|2.3.4.0000|110603
Aug 23 13:38:54 witherspoon kernel: leds-pca955x 3-0060: leds-pca955x: Using pca9552 16-bit LED driver at slave address 0x60
Aug 23 13:38:54 witherspoon kernel: leds-pca955x 3-0060: gpios 264...279
Aug 23 13:38:54 witherspoon kernel: leds-pca955x 11-0060: leds-pca955x: Using pca9552 16-bit LED driver at slave address 0x60
Aug 23 13:38:54 witherspoon kernel: leds-pca955x 11-0060: gpios 248...263
Aug 23 13:38:54 witherspoon kernel: usbcore: registered new interface driver usbhid
Aug 23 13:38:54 witherspoon kernel: usbhid: USB HID core driver
Aug 23 13:38:54 witherspoon kernel: NET: Registered protocol family 10
Aug 23 13:38:54 witherspoon kernel: Segment Routing with IPv6
Aug 23 13:38:54 witherspoon kernel: NET: Registered protocol family 17
Aug 23 13:38:54 witherspoon kernel: 8021q: 802.1Q VLAN Support v1.8
Aug 23 13:38:54 witherspoon kernel: input: gpio-keys-polled as /devices/platform/gpio-keys-polled/input/input1
Aug 23 13:38:54 witherspoon kernel: console [netcon0] enabled
Aug 23 13:38:54 witherspoon kernel: netconsole: network logging started
Aug 23 13:38:54 witherspoon kernel: input: gpio-keys as /devices/platform/gpio-keys/input/input2
Aug 23 13:38:54 witherspoon kernel: rtc-rv8803 11-0032: setting system clock to 2017-08-23 13:38:46 UTC (1503495526)
Aug 23 13:38:54 witherspoon kernel: Freeing unused kernel memory: 280K
Aug 23 13:38:54 witherspoon kernel: This architecture does not have kernel memory protection.
Aug 23 13:38:54 witherspoon kernel: jffs2: notice: (541) jffs2_build_xattr_subsystem: complete building xattr subsystem, 1 of xdatum (0 unchecked, 0 orphan) and 11 of xref (0 dead, 0 orphan) found.
Aug 23 13:38:54 witherspoon systemd[1]: Failed to insert module 'autofs4': No such file or directory
Aug 23 13:38:54 witherspoon systemd[1]: systemd 232 running in system mode. (+PAM -AUDIT -SELINUX -IMA -APPARMOR -SMACK +SYSVINIT -UTMP -LIBCRYPTSETUP -GCRYPT -GNUTLS +ACL +XZ -LZ4 -SECCOMP +BLKID -ELFUTILS +KMOD -IDN)
Aug 23 13:38:54 witherspoon systemd[1]: Detected architecture arm.
Aug 23 13:38:54 witherspoon systemd[1]: Set hostname to <witherspoon>.
Aug 23 13:38:54 witherspoon systemd[1]: Listening on udev Kernel Socket.
Aug 23 13:38:54 witherspoon systemd[1]: Listening on Network Service Netlink Socket.
Aug 23 13:38:54 witherspoon systemd[1]: Reached target Remote File Systems.
Aug 23 13:38:54 witherspoon systemd[1]: Listening on Syslog Socket.
Aug 23 13:38:54 witherspoon systemd[1]: Reached target Swap.
Aug 23 13:38:54 witherspoon systemd[1]: Created slice System Slice.
Aug 23 13:38:54 witherspoon systemd[1]: Created slice system-obmc\x2dconsole.slice.
Aug 23 13:38:54 witherspoon systemd-journald[569]: Journal started
Aug 23 13:38:54 witherspoon systemd-journald[569]: Runtime journal (/run/log/journal/cc6e1404d87444e8a089dfdb00a18f7d) is 0B, max 0B, 0B free.
Aug 23 13:38:55 witherspoon systemd-sysctl[570]: Couldn't write '16' to 'kernel/sysrq', ignoring: No such file or directory
Aug 23 13:38:55 witherspoon systemd-sysctl[570]: Couldn't write 'fq_codel' to 'net/core/default_qdisc', ignoring: No such file or directory
Aug 23 13:38:55 witherspoon systemd[1]: Starting Flush Journal to Persistent Storage...
Aug 23 13:38:55 witherspoon systemd[1]: Reached target Local File Systems.
Aug 23 13:38:55 witherspoon systemd[1]: Starting Load/Save Random Seed...
Aug 23 13:38:55 witherspoon systemd[1]: Started Load/Save Random Seed.
Aug 23 13:38:55 witherspoon systemd-journald[569]: Runtime journal (/run/log/journal/cc6e1404d87444e8a089dfdb00a18f7d) is 0B, max 0B, 0B free.
Aug 23 13:38:55 witherspoon systemd[1]: Started Flush Journal to Persistent Storage.
Aug 23 13:38:56 witherspoon systemd[1]: Starting Create Volatile Files and Directories...
Aug 23 13:38:56 witherspoon systemd-tmpfiles[698]: "/var/tmp" already exists and is not a directory.
Aug 23 13:38:56 witherspoon systemd-tmpfiles[698]: "/var/log" already exists and is not a directory.
Aug 23 13:38:56 witherspoon systemd[1]: Started Create Volatile Files and Directories.
Aug 23 13:38:56 witherspoon systemd[1]: Starting Network Time Synchronization...
Aug 23 13:38:56 witherspoon systemd[1]: Started Network Time Synchronization.
Aug 23 13:38:56 witherspoon systemd[1]: Reached target System Time Synchronized.
Aug 23 13:38:56 witherspoon systemd[1]: Started udev Coldplug all Devices.
Aug 23 13:38:56 witherspoon systemd[1]: Reached target System Initialization.
Aug 23 13:38:57 witherspoon systemd[1]: Listening on Phosphor Webserver socket.
Aug 23 13:38:57 witherspoon systemd[1]: Listening on Phosphor DBUS Browser socket.
Aug 23 13:38:57 witherspoon systemd[1]: Listening on dropbear.socket.
Aug 23 13:38:57 witherspoon systemd[1]: Started Daily Cleanup of Temporary Directories.
Aug 23 13:38:57 witherspoon systemd[1]: Reached target Timers.
Aug 23 13:38:57 witherspoon systemd[1]: Listening on Phosphor Host Console SSH Per-Connection socket.
Aug 23 13:38:57 witherspoon systemd-udevd[703]: rename '/dev/mtd/.tmp-c90:3' '/dev/mtd/' failed: Not a directory
Aug 23 13:38:57 witherspoon systemd[1]: Listening on Avahi mDNS/DNS-SD Stack Activation Socket.
Aug 23 13:38:57 witherspoon systemd-udevd[706]: rename '/dev/mtd/.tmp-c90:1' '/dev/mtd/' failed: Not a directory
Aug 23 13:38:57 witherspoon systemd[1]: Listening on phosphor-ipmi-net.socket.
Aug 23 13:38:57 witherspoon systemd-udevd[945]: rename '/dev/mtd/.tmp-c90:13' '/dev/mtd/' failed: Not a directory
Aug 23 13:38:57 witherspoon systemd-udevd[943]: rename '/dev/mtd/.tmp-c90:5' '/dev/mtd/' failed: Not a directory
Aug 23 13:38:57 witherspoon systemd-udevd[703]: rename '/dev/mtd/.tmp-c90:7' '/dev/mtd/' failed: Not a directory
Aug 23 13:38:57 witherspoon systemd-udevd[706]: rename '/dev/mtd/.tmp-c90:9' '/dev/mtd/' failed: Not a directory
Aug 23 13:38:57 witherspoon systemd[1]: Listening on D-Bus System Message Bus Socket.
Aug 23 13:38:57 witherspoon systemd-udevd[941]: rename '/dev/mtd/.tmp-c90:11' '/dev/mtd/' failed: Not a directory
Aug 23 13:38:57 witherspoon systemd[1]: Reached target Sockets.
Aug 23 13:38:58 witherspoon systemd[1]: Reached target Basic System.
Aug 23 13:38:58 witherspoon systemd[1]: Starting Phosphor DBus Service Discovery Manager...
Aug 23 13:38:58 witherspoon systemd[1]: Started Hardware RNG Entropy Gatherer Daemon.
Aug 23 13:38:58 witherspoon systemd[1]: Started System Logging Service.
Aug 23 13:38:58 witherspoon systemd[1]: Reached target Containers.
Aug 23 13:38:58 witherspoon systemd[1]: Started Phosphor Dump core monitor..
Aug 23 13:38:58 witherspoon systemd[1]: Starting Phosphor Download Manager...
Aug 23 13:38:58 witherspoon systemd[1]: Starting Phosphor Network Manager...
Aug 23 13:38:58 witherspoon systemd[1]: Starting Phosphor Dump Manager...
Aug 23 13:38:58 witherspoon systemd[1]: Starting Updates symlinks for active PNOR version...
Aug 23 13:38:58 witherspoon systemd[1]: Starting Phosphor Log Manager...
Aug 23 13:38:58 witherspoon systemd[1]: Starting Phosphor Sensor Manager...
Aug 23 13:38:58 witherspoon systemd[1]: Starting Remount the squashfs and ubi volumes after a reboot...
Aug 23 13:38:58 witherspoon systemd[1]: Starting Clear one time boot overrides...
Aug 23 13:38:58 witherspoon systemd[1]: Starting Phosphor LED Group Management Daemon...
Aug 23 13:38:58 witherspoon systemd[1]: Starting Phosphor BMC0 Control...
Aug 23 13:38:58 witherspoon systemd[1]: Starting Phosphor Chassis0 Control...
Aug 23 13:38:58 witherspoon systemd[1]: Starting Phosphor Inventory Manager...
Aug 23 13:38:58 witherspoon systemd[1]: Starting Phosphor IPMI BT DBus Bridge...
Aug 23 13:38:58 witherspoon systemd[1]: Starting Avahi mDNS/DNS-SD Stack...
Aug 23 13:38:58 witherspoon systemd[1]: Starting Phosphor Inventory Manager...
Aug 23 13:38:58 witherspoon systemd[1]: Starting Phosphor User Manager...
Aug 23 13:38:58 witherspoon systemd[1]: Starting Phosphor Download Manager...
Aug 23 13:38:58 witherspoon systemd[1]: Started D-Bus System Message Bus.
Aug 23 13:39:01 witherspoon systemd-udevd[947]: rename '/dev/mtd/.tmp-c90:15' '/dev/mtd/' failed: Not a directory
Aug 23 13:39:02 witherspoon kernel: ubi7: default fastmap pool size: 100
Aug 23 13:39:02 witherspoon kernel: ubi7: default fastmap WL pool size: 50
Aug 23 13:39:02 witherspoon kernel: ubi7: attaching mtd7
Aug 23 13:39:02 witherspoon kernel: ubi7: scanning is finished
Aug 23 13:39:02 witherspoon obmc-flash-bios[968]: UBI device number 7, total 2048 LEBs (133955584 bytes, 127.8 MiB), available 1367 LEBs (89412736 bytes, 85.3 MiB), LEB size 65408 bytes (63.9 KiB)
Aug 23 13:39:02 witherspoon kernel: ubi7: attached mtd7 (name "pnor", size 128 MiB)
Aug 23 13:39:02 witherspoon kernel: ubi7: PEB size: 65536 bytes (64 KiB), LEB size: 65408 bytes
Aug 23 13:39:02 witherspoon kernel: ubi7: min./max. I/O unit sizes: 1/256, sub-page size 1
Aug 23 13:39:02 witherspoon kernel: ubi7: VID header offset: 64 (aligned 64), data offset: 128
Aug 23 13:39:02 witherspoon kernel: ubi7: good PEBs: 2048, bad PEBs: 0, corrupted PEBs: 0
Aug 23 13:39:02 witherspoon kernel: ubi7: user volume: 3, internal volumes: 1, max. volumes count: 128
Aug 23 13:39:02 witherspoon kernel: ubi7: max/mean erase counter: 1/0, WL threshold: 4096, image sequence number: 1824086017
Aug 23 13:39:02 witherspoon kernel: ubi7: available PEBs: 1367, total reserved PEBs: 681, PEBs reserved for bad PEB handling: 0
Aug 23 13:39:03 witherspoon kernel: ubi7: background thread "ubi_bgt7d" started, PID 992
Aug 23 13:39:04 witherspoon avahi-daemon[975]: Found user 'avahi' (UID 999) and group 'avahi' (GID 999).
Aug 23 13:39:04 witherspoon avahi-daemon[975]: Successfully dropped root privileges.
Aug 23 13:39:04 witherspoon avahi-daemon[975]: avahi-daemon 0.6.32 starting up.
Aug 23 13:39:04 witherspoon avahi-daemon[975]: Successfully called chroot().
Aug 23 13:39:04 witherspoon avahi-daemon[975]: Successfully dropped remaining capabilities.
Aug 23 13:39:04 witherspoon systemd[1]: Started Avahi mDNS/DNS-SD Stack.
Aug 23 13:39:04 witherspoon systemd[1]: Starting Network Service...
Aug 23 13:39:04 witherspoon systemd[1]: Started Kernel Logging Service.
Aug 23 13:39:04 witherspoon systemd[1]: Starting Remount the ubi volume after a reboot...
Aug 23 13:39:04 witherspoon avahi-daemon[975]: Loading service file /services/obmc_console.service.
Aug 23 13:39:04 witherspoon avahi-daemon[975]: Loading service file /services/phosphor_rest.service.
Aug 23 13:39:04 witherspoon systemd[1]: Starting Phosphor Settings Daemon...
Aug 23 13:39:04 witherspoon avahi-daemon[975]: Loading service file /services/sftp-ssh.service.
Aug 23 13:39:07 witherspoon obmc-flash-bios[965]: '/var/lib/phosphor-software-manager/pnor/ro' -> '/media/pnor-ro-fd2cbe15'
Aug 23 13:39:05 witherspoon systemd[1]: Started Clear one time boot overrides.
Aug 23 13:39:04 witherspoon avahi-daemon[975]: Loading service file /services/sftp.service.
Aug 23 13:39:07 witherspoon obmc-flash-bios[965]: '/var/lib/phosphor-software-manager/pnor/rw' -> '/media/pnor-rw-fd2cbe15'
Aug 23 13:39:05 witherspoon systemd[1]: Found device /dev/aspeed-lpc-ctrl.
Aug 23 13:39:04 witherspoon avahi-daemon[975]: Loading service file /services/ssh.service.
Aug 23 13:39:07 witherspoon obmc-flash-bios[965]: '/var/lib/phosphor-software-manager/pnor/prsv' -> '/media/pnor-prsv'
Aug 23 13:39:05 witherspoon systemd[1]: Started Updates symlinks for active PNOR version.
Aug 23 13:39:04 witherspoon avahi-daemon[975]: Network interface enumeration completed.
Aug 23 13:39:05 witherspoon systemd[1]: Found device /dev/aspeed-mbox.
Aug 23 13:39:04 witherspoon avahi-daemon[975]: Server startup complete. Host name is witherspoon.local. Local service cookie is 2634965417.
Aug 23 13:39:07 witherspoon obmc-flash-bmc[1008]: hexdump: /dev/mtd: Is a directory
Aug 23 13:39:05 witherspoon systemd[1]: Found device /dev/ttyS4.
Aug 23 13:39:04 witherspoon avahi-daemon[975]: Service "witherspoon" (/services/ssh.service) successfully established.
Aug 23 13:39:05 witherspoon systemd[1]: Found device /dev/ttyVUART0.
Aug 23 13:39:04 witherspoon avahi-daemon[975]: Service "sftp" (/services/sftp.service) successfully established.
Aug 23 13:39:04 witherspoon avahi-daemon[975]: Service "witherspoon" (/services/sftp-ssh.service) successfully established.
Aug 23 13:39:04 witherspoon avahi-daemon[975]: Service "phosphor_rest" (/services/phosphor_rest.service) successfully established.
Aug 23 13:39:04 witherspoon avahi-daemon[975]: Service "obmc_console" (/services/obmc_console.service) successfully established.
Aug 23 13:39:04 witherspoon kernel[1007]: klogd started: BusyBox v1.24.1 (2017-06-16 19:29:08 UTC)
Aug 23 13:39:04 witherspoon kernel[1007]: [    0.000000] Booting Linux on physical CPU 0x0
Aug 23 13:39:04 witherspoon kernel[1007]: [    0.000000] Linux version 4.10.17-ba30e9ed152bab62f72da24986ee5ca22d6c9b07 (jenkins@openbmc-builder1) (gcc version 6.2.0 (GCC) ) #1 Wed Aug 23 13:13:13 UTC 2017
Aug 23 13:39:04 witherspoon kernel[1007]: [    0.000000] CPU: ARMv6-compatible processor [410fb767] revision 7 (ARMv7), cr=00c5387d
Aug 23 13:39:04 witherspoon kernel[1007]: [    0.000000] CPU: PIPT / VIPT nonaliasing data cache, VIPT nonaliasing instruction cache
Aug 23 13:39:04 witherspoon kernel[1007]: [    0.000000] OF: fdt:Machine model: Witherspoon BMC
Aug 23 13:39:04 witherspoon kernel[1007]: [    0.000000] Memory policy: Data cache writeback
Aug 23 13:39:04 witherspoon kernel[1007]: [    0.000000] SOC Rev: 04030303
Aug 23 13:39:04 witherspoon kernel[1007]: [    0.000000] On node 0 totalpages: 110592
Aug 23 13:39:04 witherspoon kernel[1007]: [    0.000000] free_area_init_node: node 0, pgdat 80601864, node_mem_map 9ec1a000
Aug 23 13:39:04 witherspoon kernel[1007]: [    0.000000]   Normal zone: 992 pages used for memmap
Aug 23 13:39:04 witherspoon kernel[1007]: [    0.000000]   Normal zone: 0 pages reserved
Aug 23 13:39:04 witherspoon kernel[1007]: [    0.000000]   Normal zone: 110592 pages, LIFO batch:31
Aug 23 13:39:04 witherspoon kernel[1007]: [    0.000000] pcpu-alloc: s0 r0 d32768 u32768 alloc=1*32768
Aug 23 13:39:04 witherspoon kernel[1007]: [    0.000000] pcpu-alloc: [0] 0
Aug 23 13:39:04 witherspoon kernel[1007]: [    0.000000] Built 1 zonelists in Zone order, mobility grouping on.  Total pages: 109600
Aug 23 13:39:04 witherspoon kernel[1007]: [    0.000000] Kernel command line: console=ttyS4,115200n8 root=/dev/ram rw
Aug 23 13:39:04 witherspoon kernel[1007]: [    0.000000] PID hash table entries: 2048 (order: 1, 8192 bytes)
Aug 23 13:39:04 witherspoon kernel[1007]: [    0.000000] Dentry cache hash table entries: 65536 (order: 6, 262144 bytes)
Aug 23 13:39:04 witherspoon kernel[1007]: [    0.000000] Inode-cache hash table entries: 32768 (order: 5, 131072 bytes)
Aug 23 13:39:04 witherspoon kernel[1007]: [    0.000000] Memory: 430420K/442368K available (4074K kernel code, 281K rwdata, 1196K rodata, 280K init, 111K bss, 11948K reserved, 0K cma-reserved)
Aug 23 13:39:04 witherspoon kernel[1007]: [    0.000000] Virtual kernel memory layout:
Aug 23 13:39:04 witherspoon kernel[1007]: [    0.000000]     vector  : 0xffff0000 - 0xffff1000   (   4 kB)
Aug 23 13:39:04 witherspoon kernel[1007]: [    0.000000]     fixmap  : 0xffc00000 - 0xfff00000   (3072 kB)
Aug 23 13:39:04 witherspoon kernel[1007]: [    0.000000]     vmalloc : 0x9f800000 - 0xff800000   (1536 MB)
Aug 23 13:39:04 witherspoon kernel[1007]: [    0.000000]     lowmem  : 0x80000000 - 0x9f000000   ( 496 MB)
Aug 23 13:39:04 witherspoon kernel[1007]: [    0.000000]       .text : 0x80008000 - 0x80402d80   (4076 kB)
Aug 23 13:39:04 witherspoon kernel[1007]: [    0.000000]       .init : 0x80588000 - 0x805ce000   ( 280 kB)
Aug 23 13:39:04 witherspoon kernel[1007]: [    0.000000]       .data : 0x805ce000 - 0x80614710   ( 282 kB)
Aug 23 13:39:04 witherspoon kernel[1007]: [    0.000000]        .bss : 0x80614710 - 0x806305b8   ( 112 kB)
Aug 23 13:39:04 witherspoon kernel[1007]: [    0.000000] NR_IRQS:16 nr_irqs:16 16
Aug 23 13:39:04 witherspoon kernel[1007]: [    0.000000] i2c controller registered, irq 16
Aug 23 13:39:04 witherspoon kernel[1007]: [    0.000000] clocksource: moxart_timer: mask: 0xffffffff max_cycles: 0xffffffff, max_idle_ns: 77222644334 ns
Aug 23 13:39:04 witherspoon kernel[1007]: [    0.000000] sched_clock: 32 bits at 100 Hz, resolution 10000000ns, wraps every 21474836475000000ns
Aug 23 13:39:04 witherspoon kernel[1007]: [    0.090000] Calibrating delay loop... 789.70 BogoMIPS (lpj=3948544)
Aug 23 13:39:04 witherspoon kernel[1007]: [    0.090000] pid_max: default: 32768 minimum: 301
Aug 23 13:39:04 witherspoon kernel[1007]: [    0.090000] Mount-cache hash table entries: 1024 (order: 0, 4096 bytes)
Aug 23 13:39:04 witherspoon kernel[1007]: [    0.090000] Mountpoint-cache hash table entries: 1024 (order: 0, 4096 bytes)
Aug 23 13:39:04 witherspoon kernel[1007]: [    0.090000] CPU: Testing write buffer coherency: ok
Aug 23 13:39:04 witherspoon kernel[1007]: [    0.090000] ftrace: allocating 14975 entries in 44 pages
Aug 23 13:39:04 witherspoon kernel[1007]: [    0.120000] Setting up static identity map for 0x80008200 - 0x8000825c
Aug 23 13:39:10 witherspoon kernel: 8021q: adding VLAN 0 to HW filter on device eth0
Aug 23 13:39:04 witherspoon kernel[1007]: [    0.120000] devtmpfs: initialized
Aug 23 13:39:10 witherspoon systemd-networkd[1006]: Enumeration completed
Aug 23 13:39:04 witherspoon kernel[1007]: [    0.140000] clocksource: jiffies: mask: 0xffffffff max_cycles: 0xffffffff, max_idle_ns: 19112604462750000 ns
Aug 23 13:39:10 witherspoon systemd-networkd[1006]: eth0: IPv6 enabled for interface: Success
Aug 23 13:39:04 witherspoon kernel[1007]: [    0.140000] futex hash table entries: 256 (order: -1, 3072 bytes)
Aug 23 13:39:10 witherspoon systemd-networkd[1006]: eth0: Gained carrier
Aug 23 13:39:04 witherspoon kernel[1007]: [    0.140000] pinctrl core: initialized pinctrl subsystem
Aug 23 13:39:10 witherspoon systemd[1]: Started Network Service.
Aug 23 13:39:04 witherspoon kernel[1007]: [    0.150000] NET: Registered protocol family 16
Aug 23 13:39:10 witherspoon systemd-timesyncd[701]: Network configuration changed, trying to establish connection.
Aug 23 13:39:04 witherspoon kernel[1007]: [    0.150000] DMA: preallocated 256 KiB pool for atomic coherent allocations
Aug 23 13:39:04 witherspoon kernel[1007]: [    0.210000] usbcore: registered new interface driver usbfs
Aug 23 13:39:04 witherspoon kernel[1007]: [    0.210000] usbcore: registered new interface driver hub
Aug 23 13:39:04 witherspoon kernel[1007]: [    0.210000] usbcore: registered new device driver usb
Aug 23 13:39:04 witherspoon kernel[1007]: [    0.220000] clocksource: Switched to clocksource moxart_timer
Aug 23 13:39:04 witherspoon kernel[1007]: [    0.240000] NET: Registered protocol family 2
Aug 23 13:39:04 witherspoon kernel[1007]: [    0.240000] TCP established hash table entries: 4096 (order: 2, 16384 bytes)
Aug 23 13:39:04 witherspoon kernel[1007]: [    0.240000] TCP bind hash table entries: 4096 (order: 2, 16384 bytes)
Aug 23 13:39:04 witherspoon kernel[1007]: [    0.240000] TCP: Hash tables configured (established 4096 bind 4096)
Aug 23 13:39:04 witherspoon kernel[1007]: [    0.240000] UDP hash table entries: 256 (order: 0, 4096 bytes)
Aug 23 13:39:04 witherspoon kernel[1007]: [    0.240000] UDP-Lite hash table entries: 256 (order: 0, 4096 bytes)
Aug 23 13:39:04 witherspoon kernel[1007]: [    0.240000] NET: Registered protocol family 1
Aug 23 13:39:04 witherspoon kernel[1007]: [    0.240000] Trying to unpack rootfs image as initramfs...
Aug 23 13:39:04 witherspoon kernel[1007]: [    1.910000] Freeing initrd memory: 1548K
Aug 23 13:39:04 witherspoon kernel[1007]: [    1.910000] workingset: timestamp_bits=30 max_order=17 bucket_order=0
Aug 23 13:39:04 witherspoon kernel[1007]: [    1.910000] squashfs: version 4.0 (2009/01/31) Phillip Lougher
Aug 23 13:39:04 witherspoon kernel[1007]: [    1.910000] jffs2: version 2.2. (SUMMARY)  © 2001-2006 Red Hat, Inc.
Aug 23 13:39:04 witherspoon kernel[1007]: [    1.910000] Block layer SCSI generic (bsg) driver version 0.4 loaded (major 250)
Aug 23 13:39:04 witherspoon kernel[1007]: [    1.910000] io scheduler noop registered
Aug 23 13:39:11 witherspoon systemd-networkd[1006]: eth0: Gained IPv6LL
Aug 23 13:39:04 witherspoon kernel[1007]: [    1.910000] io scheduler deadline registered
Aug 23 13:39:04 witherspoon kernel[1007]: [    1.910000] io scheduler cfq registered (default)
Aug 23 13:39:04 witherspoon kernel[1007]: [    2.060000] ipmi-bt-host 1e789140.ibt: Found bt bmc device
Aug 23 13:39:04 witherspoon kernel[1007]: [    2.060000] ipmi-bt-host 1e789140.ibt: Using IRQ 22
Aug 23 13:39:04 witherspoon kernel[1007]: [    2.060000] Serial: 8250/16550 driver, 6 ports, IRQ sharing enabled
Aug 23 13:39:04 witherspoon kernel[1007]: [    2.060000] 1e787000.vuart: ttyS0 at MMIO 0x1e787000 (irq = 22, base_baud = 1500000) is a 16550A
Aug 23 13:39:04 witherspoon kernel[1007]: [    2.060000] 1e783000.serial: ttyS1 at MMIO 0x1e783000 (irq = 23, base_baud = 1500000) is a 16550A
Aug 23 13:39:04 witherspoon kernel[1007]: [    2.060000] 1e78d000.serial: ttyS2 at MMIO 0x1e78d000 (irq = 24, base_baud = 1500000) is a 16550A
Aug 23 13:39:04 witherspoon kernel[1007]: [    2.060000] 1e784000.serial: ttyS4 at MMIO 0x1e784000 (irq = 25, base_baud = 1500000) is a 16550A
Aug 23 13:39:04 witherspoon kernel[1007]: [    2.420000] console [ttyS4] enabled
Aug 23 13:39:04 witherspoon kernel[1007]: [    2.600000] timeriomem_rng 1e6e2078.hwrng: 32bits from 0xf00e2078 @ 1us
Aug 23 13:39:04 witherspoon kernel[1007]: [    2.610000] random: fast init done
Aug 23 13:39:04 witherspoon kernel[1007]: [    2.640000] random: crng init done
Aug 23 13:39:04 witherspoon kernel[1007]: [    2.660000] brd: module loaded
Aug 23 13:39:04 witherspoon kernel[1007]: [    2.680000] loop: module loaded
Aug 23 13:39:04 witherspoon kernel[1007]: [    2.690000] aspeed-lpc-ctrl 1e789080.lpc-ctrl: Loaded at 0x98000000 (0x04000000)
Aug 23 13:39:04 witherspoon kernel[1007]: [    2.700000] aspeed-smc 1e620000.flash-controller: Using IRQ 18
Aug 23 13:39:04 witherspoon kernel[1007]: [    2.700000] aspeed-smc 1e620000.flash-controller: DMA support disabled.
Aug 23 13:39:04 witherspoon kernel[1007]: [    2.710000] aspeed-smc 1e620000.flash-controller: mx25l25635e (32768 Kbytes)
Aug 23 13:39:04 witherspoon kernel[1007]: [    2.710000] aspeed-smc 1e620000.flash-controller: CE0 window [ 0x20000000 - 0x22000000 ] 32MB
Aug 23 13:39:04 witherspoon kernel[1007]: [    2.710000] aspeed-smc 1e620000.flash-controller: CE1 window [ 0x22000000 - 0x2a000000 ] 128MB
Aug 23 13:39:04 witherspoon kernel[1007]: [    2.740000] 5 ofpart partitions found on MTD device bmc
Aug 23 13:39:04 witherspoon kernel[1007]: [    2.740000] Creating 5 MTD partitions on "bmc":
Aug 23 13:39:04 witherspoon kernel[1007]: [    2.750000] 0x000000000000-0x000000060000 : "u-boot"
Aug 23 13:39:04 witherspoon kernel[1007]: [    2.750000] 0x000000060000-0x000000080000 : "u-boot-env"
Aug 23 13:39:14 witherspoon kernel: ubi: mtd7 is already attached to ubi7
Aug 23 13:39:14 witherspoon kernel: ftgmac100 1e660000.ethernet eth0: ncsi: removed vlan tag 0 at index 1
Aug 23 13:39:14 witherspoon kernel: ftgmac100 1e660000.ethernet eth0: ncsi: removed vlan tag 0 at index 2
Aug 23 13:39:14 witherspoon kernel: ftgmac100 1e660000.ethernet eth0: no vlan ids left to set
Aug 23 13:39:14 witherspoon kernel: ftgmac100 1e660000.ethernet eth0: NCSI interface up
Aug 23 13:39:04 witherspoon kernel[1007]: [    2.770000] 0x000000080000-0x0000004c0000 : "kernel"
Aug 23 13:39:04 witherspoon kernel[1007]: [    2.780000] 0x0000004c0000-0x000001c00000 : "rofs"
Aug 23 13:39:04 witherspoon kernel[1007]: [    2.790000] 0x000001c00000-0x000002000000 : "rwfs"
Aug 23 13:39:04 witherspoon kernel[1007]: [    2.800000] aspeed-smc 1e620000.flash-controller: mx25l25635e (32768 Kbytes)
Aug 23 13:39:04 witherspoon kernel[1007]: [    2.810000] aspeed-smc 1e620000.flash-controller: CE1 window [ 0x22000000 - 0x24000000 ] 32MB
Aug 23 13:39:04 witherspoon kernel[1007]: [    2.820000] aspeed-smc 1e620000.flash-controller: CE2 window [ 0x24000000 - 0x2c000000 ] 128MB
Aug 23 13:39:04 witherspoon kernel[1007]: [    2.830000] aspeed-smc 1e630000.flash-controller: mx66l1g45g (131072 Kbytes)
Aug 23 13:39:04 witherspoon kernel[1007]: [    2.830000] aspeed-smc 1e630000.flash-controller: CE0 window resized to 120MB (AST2500 HW quirk)
Aug 23 13:39:04 witherspoon kernel[1007]: [    2.850000] aspeed-smc 1e630000.flash-controller: CE0 window [ 0x30000000 - 0x37800000 ] 120MB
Aug 23 13:39:04 witherspoon kernel[1007]: [    2.850000] aspeed-smc 1e630000.flash-controller: CE0 window too small for chip 128MB
Aug 23 13:39:04 witherspoon kernel[1007]: [    2.850000] aspeed-smc 1e630000.flash-controller: CE1 window [ 0x37800000 - 0x38000000 ] 8MB
Aug 23 13:39:04 witherspoon kernel[1007]: [    3.600000] libphy: Fixed MDIO Bus: probed
Aug 23 13:39:04 witherspoon kernel[1007]: [    3.600000] ftgmac100 1e660000.ethernet: Read MAC address 70:e2:84:14:23:e1 from chip
Aug 23 13:39:04 witherspoon kernel[1007]: [    3.600000] ftgmac100 1e660000.ethernet: Using NCSI interface
Aug 23 13:39:04 witherspoon kernel[1007]: [    3.600000] ftgmac100 1e660000.ethernet eth0: irq 20, mapped at f0060000
Aug 23 13:39:04 witherspoon kernel[1007]: [    3.600000] ehci_hcd: USB 2.0 'Enhanced' Host Controller (EHCI) Driver
Aug 23 13:39:04 witherspoon kernel[1007]: [    3.600000] ehci-platform: EHCI generic platform driver
Aug 23 13:39:04 witherspoon kernel[1007]: [    3.840000]  fsi0: can't read slave 00:00 -5
Aug 23 13:39:04 witherspoon kernel[1007]: [    3.840000] i2c /dev entries driver
Aug 23 13:39:04 witherspoon kernel[1007]: [    3.840000] aspeed-i2c-bus 1e78a0c0.i2c-bus: i2c bus 2 registered, irq 26
Aug 23 13:39:04 witherspoon kernel[1007]: [    3.840000] aspeed-i2c-bus 1e78a100.i2c-bus: i2c bus 3 registered, irq 27
Aug 23 13:39:04 witherspoon kernel[1007]: [    3.840000] aspeed-i2c-bus 1e78a140.i2c-bus: i2c bus 4 registered, irq 28
Aug 23 13:39:04 witherspoon kernel[1007]: [    3.840000] aspeed-i2c-bus 1e78a180.i2c-bus: i2c bus 5 registered, irq 29
Aug 23 13:39:04 witherspoon kernel[1007]: [    3.840000] aspeed-i2c-bus 1e78a380.i2c-bus: i2c bus 9 registered, irq 30
Aug 23 13:39:04 witherspoon kernel[1007]: [    3.840000] aspeed-i2c-bus 1e78a3c0.i2c-bus: i2c bus 10 registered, irq 31
Aug 23 13:39:04 witherspoon kernel[1007]: [    3.840000] rtc-rv8803 11-0032: Voltage low, temperature compensation stopped.
Aug 23 13:39:04 witherspoon kernel[1007]: [    3.840000] rtc-rv8803 11-0032: An alarm maybe have been missed.
Aug 23 13:39:04 witherspoon kernel[1007]: [    3.950000] rtc-rv8803 11-0032: rtc core: registered rx8900 as rtc0
Aug 23 13:39:04 witherspoon kernel[1007]: [    3.960000] at24 11-0051: 8192 byte 24c64 EEPROM, writable, 1 bytes/write
Aug 23 13:39:04 witherspoon kernel[1007]: [    3.960000] aspeed-i2c-bus 1e78a400.i2c-bus: i2c bus 11 registered, irq 32
Aug 23 13:39:04 witherspoon kernel[1007]: [    3.960000] aspeed-i2c-bus 1e78a440.i2c-bus: i2c bus 12 registered, irq 33
Aug 23 13:39:04 witherspoon kernel[1007]: [    3.960000] aspeed-i2c-bus 1e78a480.i2c-bus: i2c bus 13 registered, irq 34
Aug 23 13:39:04 witherspoon kernel[1007]: [    3.960000] Driver for 1-wire Dallas network protocol.
Aug 23 13:39:04 witherspoon kernel[1007]: [    3.960000] lm75 9-004a: hwmon0: sensor 'tmp275'
Aug 23 13:39:04 witherspoon kernel[1007]: [    5.700000] ucd9000 11-0064: Device ID UCD90160|2.3.4.0000|110603
Aug 23 13:39:04 witherspoon kernel[1007]: [    6.380000] leds-pca955x 3-0060: leds-pca955x: Using pca9552 16-bit LED driver at slave address 0x60
Aug 23 13:39:04 witherspoon kernel[1007]: [    6.390000] leds-pca955x 3-0060: gpios 264...279
Aug 23 13:39:04 witherspoon kernel[1007]: [    6.400000] leds-pca955x 11-0060: leds-pca955x: Using pca9552 16-bit LED driver at slave address 0x60
Aug 23 13:39:04 witherspoon kernel[1007]: [    6.410000] leds-pca955x 11-0060: gpios 248...263
Aug 23 13:39:04 witherspoon kernel[1007]: [    6.420000] usbcore: registered new interface driver usbhid
Aug 23 13:39:04 witherspoon kernel[1007]: [    6.420000] usbhid: USB HID core driver
Aug 23 13:39:04 witherspoon kernel[1007]: [    6.470000] NET: Registered protocol family 10
Aug 23 13:39:04 witherspoon kernel[1007]: [    6.470000] Segment Routing with IPv6
Aug 23 13:39:04 witherspoon kernel[1007]: [    6.480000] NET: Registered protocol family 17
Aug 23 13:39:04 witherspoon kernel[1007]: [    6.480000] 8021q: 802.1Q VLAN Support v1.8
Aug 23 13:39:04 witherspoon kernel[1007]: [    6.490000] input: gpio-keys-polled as /devices/platform/gpio-keys-polled/input/input1
Aug 23 13:39:04 witherspoon kernel[1007]: [    6.520000] console [netcon0] enabled
Aug 23 13:39:04 witherspoon kernel[1007]: [    6.530000] netconsole: network logging started
Aug 23 13:39:04 witherspoon kernel[1007]: [    6.530000] input: gpio-keys as /devices/platform/gpio-keys/input/input2
Aug 23 13:39:04 witherspoon kernel[1007]: [    6.540000] rtc-rv8803 11-0032: setting system clock to 2017-08-23 13:38:46 UTC (1503495526)
Aug 23 13:39:04 witherspoon kernel[1007]: [    6.550000] Freeing unused kernel memory: 280K
Aug 23 13:39:04 witherspoon kernel[1007]: [    6.550000] This architecture does not have kernel memory protection.
Aug 23 13:39:04 witherspoon kernel[1007]: [    8.100000] jffs2: notice: (541) jffs2_build_xattr_subsystem: complete building xattr subsystem, 1 of xdatum (0 unchecked, 0 orphan) and 11 of xref (0 dead, 0 orphan) found.
Aug 23 13:39:04 witherspoon kernel[1007]: [   10.340000] systemd[1]: Failed to insert module 'autofs4': No such file or directory
Aug 23 13:39:04 witherspoon kernel[1007]: [   10.340000] systemd[1]: systemd 232 running in system mode. (+PAM -AUDIT -SELINUX -IMA -APPARMOR -SMACK +SYSVINIT -UTMP -LIBCRYPTSETUP -GCRYPT -GNUTLS +ACL +XZ -LZ4 -SECCOMP +BLKID -ELFUTILS +KMOD -IDN)
Aug 23 13:39:04 witherspoon kernel[1007]: [   10.340000] systemd[1]: Detected architecture arm.
Aug 23 13:39:04 witherspoon kernel[1007]: [   10.570000] systemd[1]: Set hostname to <witherspoon>.
Aug 23 13:39:04 witherspoon kernel[1007]: [   12.150000] systemd[1]: Listening on udev Kernel Socket.
Aug 23 13:39:04 witherspoon kernel[1007]: [   12.330000] systemd[1]: Listening on Network Service Netlink Socket.
Aug 23 13:39:04 witherspoon kernel[1007]: [   12.370000] systemd[1]: Reached target Remote File Systems.
Aug 23 13:39:04 witherspoon kernel[1007]: [   12.410000] systemd[1]: Listening on Syslog Socket.
Aug 23 13:39:04 witherspoon kernel[1007]: [   12.450000] systemd[1]: Reached target Swap.
Aug 23 13:39:04 witherspoon kernel[1007]: [   12.480000] systemd[1]: Created slice System Slice.
Aug 23 13:39:15 witherspoon systemd[1]: Started Remount the ubi volume after a reboot.
Aug 23 13:39:04 witherspoon kernel[1007]: [   12.520000] systemd[1]: Created slice system-obmc\x2dconsole.slice.
Aug 23 13:39:04 witherspoon kernel[1007]: [   15.980000] systemd-journald[569]: Received request to flush runtime journal from PID 1
Aug 23 13:39:04 witherspoon kernel[1007]: [   22.650000] ubi7: default fastmap pool size: 100
Aug 23 13:39:04 witherspoon kernel[1007]: [   22.650000] ubi7: default fastmap WL pool size: 50
Aug 23 13:39:04 witherspoon kernel[1007]: [   22.650000] ubi7: attaching mtd7
Aug 23 13:39:04 witherspoon kernel[1007]: [   22.650000] ubi7: scanning is finished
Aug 23 13:39:04 witherspoon kernel[1007]: [   22.790000] ubi7: attached mtd7 (name "pnor", size 128 MiB)
Aug 23 13:39:04 witherspoon kernel[1007]: [   22.790000] ubi7: PEB size: 65536 bytes (64 KiB), LEB size: 65408 bytes
Aug 23 13:39:04 witherspoon kernel[1007]: [   22.790000] ubi7: min./max. I/O unit sizes: 1/256, sub-page size 1
Aug 23 13:39:04 witherspoon kernel[1007]: [   22.790000] ubi7: VID header offset: 64 (aligned 64), data offset: 128
Aug 23 13:39:04 witherspoon kernel[1007]: [   22.790000] ubi7: good PEBs: 2048, bad PEBs: 0, corrupted PEBs: 0
Aug 23 13:39:04 witherspoon kernel[1007]: [   22.790000] ubi7: user volume: 3, internal volumes: 1, max. volumes count: 128
Aug 23 13:39:04 witherspoon kernel[1007]: [   22.790000] ubi7: max/mean erase counter: 1/0, WL threshold: 4096, image sequence number: 1824086017
Aug 23 13:39:04 witherspoon kernel[1007]: [   22.790000] ubi7: available PEBs: 1367, total reserved PEBs: 681, PEBs reserved for bad PEB handling: 0
Aug 23 13:39:04 witherspoon kernel[1007]: [   22.940000] ubi7: background thread "ubi_bgt7d" started, PID 992
Aug 23 13:39:10 witherspoon avahi-daemon[975]: Joining mDNS multicast group on interface eth0.IPv4 with address 9.3.86.161.
Aug 23 13:39:10 witherspoon avahi-daemon[975]: New relevant interface eth0.IPv4 for mDNS.
Aug 23 13:39:10 witherspoon avahi-daemon[975]: Registering new address record for 9.3.86.161 on eth0.IPv4.
Aug 23 13:39:10 witherspoon kernel[1007]: [   30.230000] 8021q: adding VLAN 0 to HW filter on device eth0
Aug 23 13:39:11 witherspoon avahi-daemon[975]: Joining mDNS multicast group on interface eth0.IPv6 with address fe80::72e2:84ff:fe14:23e1.
Aug 23 13:39:11 witherspoon avahi-daemon[975]: New relevant interface eth0.IPv6 for mDNS.
Aug 23 13:39:17 witherspoon systemd[1]: Started Phosphor Download Manager.
Aug 23 13:39:11 witherspoon avahi-daemon[975]: Registering new address record for fe80::72e2:84ff:fe14:23e1 on eth0.*.
Aug 23 13:39:17 witherspoon systemd[1]: Started Phosphor IPMI BT DBus Bridge.
Aug 23 13:39:13 witherspoon kernel[1007]: [   32.940000] ubi: mtd7 is already attached to ubi7
Aug 23 13:39:17 witherspoon systemd[1]: Started Phosphor Log Manager.
Aug 23 13:39:13 witherspoon kernel[1007]: [   33.690000] ftgmac100 1e660000.ethernet eth0: ncsi: removed vlan tag 0 at index 1
Aug 23 13:39:17 witherspoon systemd[1]: Started Phosphor Settings Daemon.
Aug 23 13:39:13 witherspoon kernel[1007]: [   33.690000] ftgmac100 1e660000.ethernet eth0: ncsi: removed vlan tag 0 at index 2
Aug 23 13:39:17 witherspoon systemd[1]: Started Phosphor Inventory Manager.
Aug 23 13:39:13 witherspoon kernel[1007]: [   33.690000] ftgmac100 1e660000.ethernet eth0: no vlan ids left to set
Aug 23 13:39:17 witherspoon systemd[1]: Started Phosphor LED Group Management Daemon.
Aug 23 13:39:13 witherspoon kernel[1007]: [   33.690000] ftgmac100 1e660000.ethernet eth0: NCSI interface up
Aug 23 13:39:17 witherspoon systemd[1]: Started Phosphor Dump Manager.
Aug 23 13:39:15 witherspoon avahi-daemon[975]: Withdrawing address record for 9.3.86.161 on eth0.
Aug 23 13:39:17 witherspoon systemd[1]: Started Phosphor BMC0 Control.
Aug 23 13:39:15 witherspoon avahi-daemon[975]: Host name conflict, retrying with witherspoon-2
Aug 23 13:39:17 witherspoon systemd[1]: Starting OpenBMC Software Update Manager...
Aug 23 13:39:15 witherspoon avahi-daemon[975]: Registering new address record for fe80::72e2:84ff:fe14:23e1 on eth0.*.
Aug 23 13:39:17 witherspoon systemd[1]: Created slice system-xyz.openbmc_project.led.controller.slice.
Aug 23 13:39:15 witherspoon avahi-daemon[975]: Registering new address record for 9.3.86.161 on eth0.IPv4.
Aug 23 13:39:17 witherspoon systemd[1]: Started Phosphor sysfs LED controller.
Aug 23 13:39:17 witherspoon avahi-daemon[975]: Withdrawing address record for 9.3.86.161 on eth0.
Aug 23 13:39:17 witherspoon systemd[1]: Started Phosphor sysfs LED controller.
Aug 23 13:39:17 witherspoon avahi-daemon[975]: Host name conflict, retrying with witherspoon-3
Aug 23 13:39:17 witherspoon systemd[1]: Started Phosphor sysfs LED controller.
Aug 23 13:39:17 witherspoon avahi-daemon[975]: Registering new address record for fe80::72e2:84ff:fe14:23e1 on eth0.*.
Aug 23 13:39:17 witherspoon systemd[1]: Started Phosphor sysfs LED controller.
Aug 23 13:39:17 witherspoon avahi-daemon[975]: Registering new address record for 9.3.86.161 on eth0.IPv4.
Aug 23 13:39:17 witherspoon avahi-daemon[975]: Withdrawing address record for 9.3.86.161 on eth0.
Aug 23 13:39:17 witherspoon avahi-daemon[975]: Host name conflict, retrying with witherspoon-4
Aug 23 13:39:19 witherspoon systemd[1]: Started Phosphor sysfs LED controller.
Aug 23 13:39:17 witherspoon avahi-daemon[975]: Registering new address record for fe80::72e2:84ff:fe14:23e1 on eth0.*.
Aug 23 13:39:19 witherspoon systemd[1]: Started Phosphor sysfs LED controller.
Aug 23 13:39:17 witherspoon avahi-daemon[975]: Registering new address record for 9.3.86.161 on eth0.IPv4.
Aug 23 13:39:19 witherspoon systemd[1]: Started Phosphor sysfs LED controller.
Aug 23 13:39:19 witherspoon avahi-daemon[975]: Server startup complete. Host name is witherspoon-4.local. Local service cookie is 2634965417.
Aug 23 13:39:19 witherspoon systemd[1]: Started Phosphor sysfs LED controller.
Aug 23 13:39:19 witherspoon avahi-daemon[975]: Service name conflict for "sftp" (/services/sftp.service), retrying with "sftp #2".
Aug 23 13:39:19 witherspoon systemd[1]: Started Phosphor sysfs LED controller.
Aug 23 13:39:19 witherspoon systemd[1]: Started Phosphor sysfs LED controller.
Aug 23 13:39:19 witherspoon systemd[1]: Reached target Network.
Aug 23 13:39:20 witherspoon systemd[1]: Starting Permit User Sessions...
Aug 23 13:39:20 witherspoon systemd[1]: Started Lightweight SLP Server.
Aug 23 13:39:20 witherspoon systemd[1]: Started Phosphor Console Muxer listening on device /dev/ttyVUART0.
Aug 23 13:39:20 witherspoon systemd[1]: Created slice system-xyz.openbmc_project.Hwmon.slice.
Aug 23 13:39:20 witherspoon systemd[1]: Started Permit User Sessions.
Aug 23 13:39:20 witherspoon systemd[1]: Created slice system-dropbear.slice.
Aug 23 13:39:20 witherspoon systemd[1]: Started SSH Per-Connection Server (9.41.165.94:33972).
Aug 23 13:39:20 witherspoon systemd[1]: Started Serial Getty on ttyS4.
Aug 23 13:39:20 witherspoon systemd[1]: Reached target Login Prompts.
Aug 23 13:39:20 witherspoon systemd[1]: Started OpenBMC Software Update Manager.
Aug 23 13:39:20 witherspoon dropbear[1083]: Failed loading /etc/dropbear/dropbear_dss_host_key
Aug 23 13:39:20 witherspoon dropbear[1083]: Failed loading /etc/dropbear/dropbear_ecdsa_host_key
Aug 23 13:39:20 witherspoon dropbear[1083]: Child connection from ::ffff:9.41.165.94:33972
Aug 23 13:39:20 witherspoon avahi-daemon[975]: Service name conflict for "obmc_console" (/services/obmc_console.service), retrying with "obmc_console #2".
Aug 23 13:39:21 witherspoon avahi-daemon[975]: Service name conflict for "phosphor_rest" (/services/phosphor_rest.service), retrying with "phosphor_rest #2".
Aug 23 13:39:21 witherspoon avahi-daemon[975]: Withdrawing address record for 9.3.86.161 on eth0.
Aug 23 13:39:21 witherspoon avahi-daemon[975]: Host name conflict, retrying with witherspoon-5
Aug 23 13:39:21 witherspoon avahi-daemon[975]: Registering new address record for fe80::72e2:84ff:fe14:23e1 on eth0.*.
Aug 23 13:39:21 witherspoon avahi-daemon[975]: Registering new address record for 9.3.86.161 on eth0.IPv4.
Aug 23 13:39:21 witherspoon avahi-daemon[975]: Withdrawing address record for 9.3.86.161 on eth0.
Aug 23 13:39:21 witherspoon avahi-daemon[975]: Host name conflict, retrying with witherspoon-6
Aug 23 13:39:21 witherspoon avahi-daemon[975]: Registering new address record for fe80::72e2:84ff:fe14:23e1 on eth0.*.
Aug 23 13:39:21 witherspoon avahi-daemon[975]: Registering new address record for 9.3.86.161 on eth0.IPv4.
Aug 23 13:39:22 witherspoon avahi-daemon[975]: Withdrawing address record for 9.3.86.161 on eth0.
Aug 23 13:39:22 witherspoon avahi-daemon[975]: Host name conflict, retrying with witherspoon-7
Aug 23 13:39:22 witherspoon avahi-daemon[975]: Registering new address record for fe80::72e2:84ff:fe14:23e1 on eth0.*.
Aug 23 13:39:22 witherspoon avahi-daemon[975]: Registering new address record for 9.3.86.161 on eth0.IPv4.
Aug 23 13:39:23 witherspoon kernel: block ubiblock7_0: created from ubi7:0(pnor-ro-fd2cbe15)
Aug 23 13:39:23 witherspoon kernel[1007]: [   43.030000] block ubiblock7_0: created from ubi7:0(pnor-ro-fd2cbe15)
Aug 23 13:39:23 witherspoon avahi-daemon[975]: Withdrawing address record for 9.3.86.161 on eth0.
Aug 23 13:39:23 witherspoon avahi-daemon[975]: Host name conflict, retrying with witherspoon-8
Aug 23 13:39:23 witherspoon avahi-daemon[975]: Registering new address record for fe80::72e2:84ff:fe14:23e1 on eth0.*.
Aug 23 13:39:23 witherspoon avahi-daemon[975]: Registering new address record for 9.3.86.161 on eth0.IPv4.
Aug 23 13:39:24 witherspoon kernel: UBIFS (ubi7:1): UBIFS: mounted UBI device 7, volume 1, name "pnor-rw-fd2cbe15"
Aug 23 13:39:24 witherspoon kernel: UBIFS (ubi7:1): LEB size: 65408 bytes (63 KiB), min./max. I/O unit sizes: 8 bytes/256 bytes
Aug 23 13:39:24 witherspoon kernel: UBIFS (ubi7:1): FS size: 16155776 bytes (15 MiB, 247 LEBs), journal size 784896 bytes (0 MiB, 12 LEBs)
Aug 23 13:39:24 witherspoon kernel: UBIFS (ubi7:1): reserved for root: 763076 bytes (745 KiB)
Aug 23 13:39:24 witherspoon kernel: UBIFS (ubi7:1): media format: w5/r0 (latest is w5/r0), UUID 0ED25C5E-C866-4CBE-B6CE-CD96440B5E03, small LPT model
Aug 23 13:39:24 witherspoon kernel: UBIFS (ubi7:1): background thread "ubifs_bgt7_1" started, PID 1098
Aug 23 13:39:24 witherspoon kernel: UBIFS (ubi7:2): UBIFS: mounted UBI device 7, volume 2, name "pnor-prsv"
Aug 23 13:39:24 witherspoon kernel: UBIFS (ubi7:2): LEB size: 65408 bytes (63 KiB), min./max. I/O unit sizes: 8 bytes/256 bytes
Aug 23 13:39:24 witherspoon kernel: UBIFS (ubi7:2): FS size: 1504384 bytes (1 MiB, 23 LEBs), journal size 523265 bytes (0 MiB, 6 LEBs)
Aug 23 13:39:24 witherspoon kernel: UBIFS (ubi7:2): reserved for root: 71055 bytes (69 KiB)
Aug 23 13:39:24 witherspoon kernel: UBIFS (ubi7:2): media format: w5/r0 (latest is w5/r0), UUID 5AD4627D-A525-4479-8E86-B0DCD9F3D5EC, small LPT model
Aug 23 13:39:24 witherspoon kernel[1007]: [   44.160000] UBIFS (ubi7:1): UBIFS: mounted UBI device 7, volume 1, name "pnor-rw-fd2cbe15"
Aug 23 13:39:24 witherspoon kernel[1007]: [   44.160000] UBIFS (ubi7:1): LEB size: 65408 bytes (63 KiB), min./max. I/O unit sizes: 8 bytes/256 bytes
Aug 23 13:39:24 witherspoon kernel[1007]: [   44.160000] UBIFS (ubi7:1): FS size: 16155776 bytes (15 MiB, 247 LEBs), journal size 784896 bytes (0 MiB, 12 LEBs)
Aug 23 13:39:24 witherspoon kernel[1007]: [   44.160000] UBIFS (ubi7:1): reserved for root: 763076 bytes (745 KiB)
Aug 23 13:39:24 witherspoon kernel[1007]: [   44.160000] UBIFS (ubi7:1): media format: w5/r0 (latest is w5/r0), UUID 0ED25C5E-C866-4CBE-B6CE-CD96440B5E03, small LPT model
Aug 23 13:39:24 witherspoon kernel[1007]: [   44.160000] UBIFS (ubi7:1): background thread "ubifs_bgt7_1" started, PID 1098
Aug 23 13:39:24 witherspoon kernel[1007]: [   44.160000] UBIFS (ubi7:2): UBIFS: mounted UBI device 7, volume 2, name "pnor-prsv"
Aug 23 13:39:24 witherspoon kernel[1007]: [   44.470000] UBIFS (ubi7:2): LEB size: 65408 bytes (63 KiB), min./max. I/O unit sizes: 8 bytes/256 bytes
Aug 23 13:39:24 witherspoon kernel[1007]: [   44.470000] UBIFS (ubi7:2): FS size: 1504384 bytes (1 MiB, 23 LEBs), journal size 523265 bytes (0 MiB, 6 LEBs)
Aug 23 13:39:24 witherspoon kernel[1007]: [   44.470000] UBIFS (ubi7:2): reserved for root: 71055 bytes (69 KiB)
Aug 23 13:39:24 witherspoon kernel[1007]: [   44.470000] UBIFS (ubi7:2): media format: w5/r0 (latest is w5/r0), UUID 5AD4627D-A525-4479-8E86-B0DCD9F3D5EC, small LPT model
Aug 23 13:39:24 witherspoon kernel: UBIFS (ubi7:2): background thread "ubifs_bgt7_2" started, PID 1106
Aug 23 13:39:24 witherspoon kernel[1007]: [   44.470000] UBIFS (ubi7:2): background thread "ubifs_bgt7_2" started, PID 1106
Aug 23 13:39:24 witherspoon systemd-networkd[1006]: eth0: Configured
Aug 23 13:39:24 witherspoon systemd-timesyncd[701]: Network configuration changed, trying to establish connection.
Aug 23 13:39:26 witherspoon dropbear[1083]: PAM password auth succeeded for 'root' from ::ffff:9.41.165.94:33972
Aug 23 13:39:26 witherspoon dropbear[1108]: lastlog_perform_login: Couldn't stat /var/log/lastlog: No such file or directory
Aug 23 13:39:26 witherspoon dropbear[1108]: lastlog_openseek: /var/log/lastlog is not a file or directory!
Aug 23 13:39:26 witherspoon systemd[1]: Started Remount the squashfs and ubi volumes after a reboot.
Aug 23 13:39:26 witherspoon systemd[1]: Starting OpenPower Software Update Manager...
Aug 23 13:39:26 witherspoon systemd[1]: Reached target Multi-User System.
Aug 23 13:39:26 witherspoon openpower-update-manager[1114]: Error in reading file
Aug 23 13:39:27 witherspoon systemd[1]: Started OpenPower Software Update Manager.
Aug 23 13:39:27 witherspoon systemd[1]: Started Phosphor MBOX Daemon.
Aug 23 13:39:27 witherspoon systemd[1]: Starting Phosphor Version Software Manager...
Aug 23 13:39:27 witherspoon systemd[1]: Starting Create a ubi volume for pnor patches...
Aug 23 13:39:27 witherspoon avahi-daemon[975]: Server startup complete. Host name is witherspoon-8.local. Local service cookie is 2634965417.
Aug 23 13:39:28 witherspoon avahi-daemon[975]: Service name conflict for "sftp" (/services/sftp.service), retrying with "sftp #3".
Aug 23 13:39:28 witherspoon avahi-daemon[975]: Service name conflict for "obmc_console" (/services/obmc_console.service), retrying with "obmc_console #3".
Aug 23 13:39:28 witherspoon avahi-daemon[975]: Service name conflict for "phosphor_rest" (/services/phosphor_rest.service), retrying with "phosphor_rest #3".
Aug 23 13:39:29 witherspoon avahi-daemon[975]: Service "witherspoon-8" (/services/ssh.service) successfully established.
Aug 23 13:39:29 witherspoon avahi-daemon[975]: Service "witherspoon-8" (/services/sftp-ssh.service) successfully established.
Aug 23 13:39:29 witherspoon avahi-daemon[975]: Service name conflict for "sftp" (/services/sftp.service), retrying with "sftp #4".
Aug 23 13:39:29 witherspoon avahi-daemon[975]: Service name conflict for "phosphor_rest" (/services/phosphor_rest.service), retrying with "phosphor_rest #4".
Aug 23 13:39:29 witherspoon avahi-daemon[975]: Service name conflict for "obmc_console" (/services/obmc_console.service), retrying with "obmc_console #4".
Aug 23 13:39:30 witherspoon avahi-daemon[975]: Service name conflict for "phosphor_rest" (/services/phosphor_rest.service), retrying with "phosphor_rest #5".
Aug 23 13:39:30 witherspoon avahi-daemon[975]: Service name conflict for "sftp" (/services/sftp.service), retrying with "sftp #5".
Aug 23 13:39:30 witherspoon avahi-daemon[975]: Service name conflict for "obmc_console" (/services/obmc_console.service), retrying with "obmc_console #5".
Aug 23 13:39:30 witherspoon systemd[1]: Started Phosphor Version Software Manager.
Aug 23 13:39:30 witherspoon obmc-flash-bios[1118]: Volume ID 3, size 257 LEBs (16809856 bytes, 16.0 MiB), LEB size 65408 bytes (63.9 KiB), dynamic, name "pnor-patch", alignment 1
Aug 23 13:39:30 witherspoon kernel: UBIFS (ubi7:3): default file-system created
Aug 23 13:39:30 witherspoon kernel: UBIFS (ubi7:3): UBIFS: mounted UBI device 7, volume 3, name "pnor-patch"
Aug 23 13:39:30 witherspoon kernel: UBIFS (ubi7:3): LEB size: 65408 bytes (63 KiB), min./max. I/O unit sizes: 8 bytes/256 bytes
Aug 23 13:39:30 witherspoon kernel: UBIFS (ubi7:3): FS size: 16155776 bytes (15 MiB, 247 LEBs), journal size 784896 bytes (0 MiB, 12 LEBs)
Aug 23 13:39:30 witherspoon kernel: UBIFS (ubi7:3): reserved for root: 763076 bytes (745 KiB)
Aug 23 13:39:30 witherspoon kernel: UBIFS (ubi7:3): media format: w5/r0 (latest is w5/r0), UUID 6FBA984E-D736-4C98-B8A0-AEB4F0A1E7ED, small LPT model
Aug 23 13:39:30 witherspoon kernel[1007]: [   50.460000] UBIFS (ubi7:3): default file-system created
Aug 23 13:39:30 witherspoon kernel[1007]: [   50.460000] UBIFS (ubi7:3): UBIFS: mounted UBI device 7, volume 3, name "pnor-patch"
Aug 23 13:39:30 witherspoon kernel[1007]: [   50.460000] UBIFS (ubi7:3): LEB size: 65408 bytes (63 KiB), min./max. I/O unit sizes: 8 bytes/256 bytes
Aug 23 13:39:30 witherspoon kernel[1007]: [   50.460000] UBIFS (ubi7:3): FS size: 16155776 bytes (15 MiB, 247 LEBs), journal size 784896 bytes (0 MiB, 12 LEBs)
Aug 23 13:39:30 witherspoon kernel[1007]: [   50.460000] UBIFS (ubi7:3): reserved for root: 763076 bytes (745 KiB)
Aug 23 13:39:30 witherspoon kernel[1007]: [   50.460000] UBIFS (ubi7:3): media format: w5/r0 (latest is w5/r0), UUID 6FBA984E-D736-4C98-B8A0-AEB4F0A1E7ED, small LPT model
Aug 23 13:39:31 witherspoon kernel: UBIFS (ubi7:3): background thread "ubifs_bgt7_3" started, PID 1137
Aug 23 13:39:31 witherspoon kernel[1007]: [   50.930000] UBIFS (ubi7:3): background thread "ubifs_bgt7_3" started, PID 1137
Aug 23 13:39:31 witherspoon avahi-daemon[975]: Service name conflict for "phosphor_rest" (/services/phosphor_rest.service), retrying with "phosphor_rest #6".
Aug 23 13:39:31 witherspoon avahi-daemon[975]: Service name conflict for "obmc_console" (/services/obmc_console.service), retrying with "obmc_console #6".
Aug 23 13:39:31 witherspoon avahi-daemon[975]: Service name conflict for "sftp" (/services/sftp.service), retrying with "sftp #6".
Aug 23 13:39:32 witherspoon avahi-daemon[975]: Service name conflict for "obmc_console" (/services/obmc_console.service), retrying with "obmc_console #7".
Aug 23 13:39:32 witherspoon avahi-daemon[975]: Service name conflict for "phosphor_rest" (/services/phosphor_rest.service), retrying with "phosphor_rest #7".
Aug 23 13:39:32 witherspoon avahi-daemon[975]: Service name conflict for "sftp" (/services/sftp.service), retrying with "sftp #7".
Aug 23 13:39:32 witherspoon download_manager.py[962]: Running Download Manager
Aug 23 13:39:32 witherspoon sensor_manager2.py[967]: Setting boot count to 3
Aug 23 13:39:32 witherspoon sensor_manager2.py[967]: Starting sensor manager
Aug 23 13:39:33 witherspoon systemd[1]: Started Create a ubi volume for pnor patches.
Aug 23 13:39:33 witherspoon systemd[1]: Started Phosphor Download Manager.
Aug 23 13:39:33 witherspoon systemd[1]: Started Phosphor Sensor Manager.
Aug 23 13:39:33 witherspoon avahi-daemon[975]: Service name conflict for "obmc_console" (/services/obmc_console.service), retrying with "obmc_console #8".
Aug 23 13:39:33 witherspoon avahi-daemon[975]: Service name conflict for "phosphor_rest" (/services/phosphor_rest.service), retrying with "phosphor_rest #8".
Aug 23 13:39:33 witherspoon avahi-daemon[975]: Service name conflict for "sftp" (/services/sftp.service), retrying with "sftp #8".
Aug 23 13:39:33 witherspoon inventory_items.py[976]: Loading from cache: /var/cache/obmc/org.openbmc.inventory.system.chassis.motherboard.apss@org.openbmc.InventoryItem.props
Aug 23 13:39:33 witherspoon inventory_items.py[976]: Loading from cache: /var/cache/obmc/org.openbmc.inventory.system.chassis.motherboard@org.openbmc.InventoryItem.props
Aug 23 13:39:33 witherspoon inventory_items.py[976]: Loading from cache: /var/cache/obmc/org.openbmc.inventory.system.chassis.motherboard.refclock@org.openbmc.InventoryItem.props
Aug 23 13:39:33 witherspoon inventory_items.py[976]: Loading from cache: /var/cache/obmc/org.openbmc.inventory.system.chassis.motherboard.cpu1.core7@org.openbmc.InventoryItem.props
Aug 23 13:39:33 witherspoon inventory_items.py[976]: Loading from cache: /var/cache/obmc/org.openbmc.inventory.system.chassis.motherboard.cpu1.core4@org.openbmc.InventoryItem.props
Aug 23 13:39:33 witherspoon inventory_items.py[976]: Loading from cache: /var/cache/obmc/org.openbmc.inventory.system.chassis.motherboard.cpu1.core1@org.openbmc.InventoryItem.props
Aug 23 13:39:34 witherspoon avahi-daemon[975]: Service name conflict for "phosphor_rest" (/services/phosphor_rest.service), retrying with "phosphor_rest #9".
Aug 23 13:39:34 witherspoon avahi-daemon[975]: Service name conflict for "obmc_console" (/services/obmc_console.service), retrying with "obmc_console #9".
Aug 23 13:39:34 witherspoon avahi-daemon[975]: Service name conflict for "sftp" (/services/sftp.service), retrying with "sftp #9".
Aug 23 13:39:34 witherspoon systemd[1]: Started Phosphor Chassis0 Control.
Aug 23 13:39:34 witherspoon chassis_control.py[972]: Running ChassisControlService
Aug 23 13:39:34 witherspoon inventory_items.py[976]: Loading from cache: /var/cache/obmc/org.openbmc.inventory.system.chassis.motherboard.cpu1.core10@org.openbmc.InventoryItem.props
Aug 23 13:39:34 witherspoon inventory_items.py[976]: Loading from cache: /var/cache/obmc/org.openbmc.inventory.system.chassis.motherboard.todclock@org.openbmc.InventoryItem.props
Aug 23 13:39:34 witherspoon inventory_items.py[976]: Loading from cache: /var/cache/obmc/org.openbmc.inventory.system.chassis.motherboard.cpu1@org.openbmc.InventoryItem.props
Aug 23 13:39:34 witherspoon inventory_items.py[976]: Loading from cache: /var/cache/obmc/org.openbmc.inventory.system.chassis.motherboard.bmc@org.openbmc.InventoryItem.props
Aug 23 13:39:34 witherspoon inventory_items.py[976]: Caching: /org/openbmc/inventory/system/chassis/motherboard/bmc
Aug 23 13:39:34 witherspoon inventory_items.py[976]: Loading from cache: /var/cache/obmc/org.openbmc.inventory.system.chassis.motherboard.cpu0.core1@org.openbmc.InventoryItem.props
Aug 23 13:39:34 witherspoon inventory_items.py[976]: Loading from cache: /var/cache/obmc/org.openbmc.inventory.system.chassis.motherboard.cpu0.core7@org.openbmc.InventoryItem.props
Aug 23 13:39:34 witherspoon inventory_items.py[976]: Loading from cache: /var/cache/obmc/org.openbmc.inventory.system.chassis.motherboard.cpu0.core4@org.openbmc.InventoryItem.props
Aug 23 13:39:34 witherspoon inventory_items.py[976]: Loading from cache: /var/cache/obmc/org.openbmc.inventory.system.chassis.motherboard.pcieclock@org.openbmc.InventoryItem.props
Aug 23 13:39:34 witherspoon inventory_items.py[976]: Loading from cache: /var/cache/obmc/org.openbmc.inventory.system.chassis.motherboard.cpu0.core10@org.openbmc.InventoryItem.props
Aug 23 13:39:34 witherspoon systemd[1]: Started Phosphor Inventory Manager.
Aug 23 13:39:34 witherspoon inventory_items.py[976]: Running Inventory Manager
Aug 23 13:39:35 witherspoon systemd[1]: Started Phosphor Network Manager.
Aug 23 13:39:35 witherspoon netman.py[963]: Started
Aug 23 13:39:35 witherspoon avahi-daemon[975]: Service name conflict for "phosphor_rest" (/services/phosphor_rest.service), retrying with "phosphor_rest #10".
Aug 23 13:39:35 witherspoon avahi-daemon[975]: Service name conflict for "obmc_console" (/services/obmc_console.service), retrying with "obmc_console #10".
Aug 23 13:39:35 witherspoon avahi-daemon[975]: Service name conflict for "sftp" (/services/sftp.service), retrying with "sftp #10".
Aug 23 13:39:35 witherspoon systemd[1]: Started Phosphor User Manager.
Aug 23 13:39:35 witherspoon obmc-phosphor-userd[977]: Started
Aug 23 13:39:36 witherspoon phosphor-mapper[958]: ObjectMapper startup complete.  Discovery in progress...
Aug 23 13:39:36 witherspoon avahi-daemon[1004]: ../../avahi-0.6.32/avahi-daemon/chroot.c: open() failed: No such file or directory
Aug 23 13:39:36 witherspoon avahi-daemon[975]: Failed to open /usr/share/dbus-1/interfaces/org.freedesktop.Avahi.Server.xml: Invalid argument
Aug 23 13:39:36 witherspoon avahi-daemon[975]: Failed to load introspection data.
Aug 23 13:39:36 witherspoon avahi-daemon[975]: Service name conflict for "phosphor_rest" (/services/phosphor_rest.service), retrying with "phosphor_rest #11".
Aug 23 13:39:36 witherspoon avahi-daemon[975]: Service name conflict for "sftp" (/services/sftp.service), retrying with "sftp #11".
Aug 23 13:39:36 witherspoon avahi-daemon[975]: Service name conflict for "obmc_console" (/services/obmc_console.service), retrying with "obmc_console #11".
Aug 23 13:39:37 witherspoon avahi-daemon[975]: Service name conflict for "phosphor_rest" (/services/phosphor_rest.service), retrying with "phosphor_rest #12".
Aug 23 13:39:37 witherspoon avahi-daemon[975]: Service name conflict for "obmc_console" (/services/obmc_console.service), retrying with "obmc_console #12".
Aug 23 13:39:37 witherspoon avahi-daemon[975]: Service name conflict for "sftp" (/services/sftp.service), retrying with "sftp #12".
Aug 23 13:39:39 witherspoon avahi-daemon[975]: Service name conflict for "phosphor_rest" (/services/phosphor_rest.service), retrying with "phosphor_rest #13".
Aug 23 13:39:39 witherspoon avahi-daemon[975]: Service name conflict for "sftp" (/services/sftp.service), retrying with "sftp #13".
Aug 23 13:39:39 witherspoon avahi-daemon[975]: Service name conflict for "obmc_console" (/services/obmc_console.service), retrying with "obmc_console #13".
Aug 23 13:39:40 witherspoon avahi-daemon[975]: Service name conflict for "obmc_console" (/services/obmc_console.service), retrying with "obmc_console #14".
Aug 23 13:39:40 witherspoon avahi-daemon[975]: Service name conflict for "sftp" (/services/sftp.service), retrying with "sftp #14".
Aug 23 13:39:40 witherspoon avahi-daemon[975]: Service name conflict for "phosphor_rest" (/services/phosphor_rest.service), retrying with "phosphor_rest #14".
Aug 23 13:39:48 witherspoon phosphor-mapper[958]: ObjectMapper discovery complete
Aug 23 13:39:48 witherspoon systemd[1]: Started Phosphor DBus Service Discovery Manager.
Aug 23 13:39:48 witherspoon systemd[1]: Started Phosphor Hwmon Poller.
Aug 23 13:39:48 witherspoon systemd[1]: Started Phosphor Hwmon Poller.
Aug 23 13:39:48 witherspoon systemd[1]: Reached target Phosphor Object Mapper.
Aug 23 13:39:48 witherspoon systemd[1]: Started Phosphor DBus Monitor.
Aug 23 13:39:48 witherspoon systemd[1]: Starting Phosphor Network Manager...
Aug 23 13:39:48 witherspoon systemd[1]: Starting Wait for /org/openbmc/managers/Download...
Aug 23 13:39:48 witherspoon systemd[1]: Starting Wait for /xyz/openbmc_project/state/chassis0...
Aug 23 13:39:48 witherspoon systemd[1]: Starting Wait for /xyz/openbmc_project/led/groups...
Aug 23 13:39:48 witherspoon systemd[1]: Starting Wait for /xyz/openbmc_project/control/host0/boot_mode...
Aug 23 13:39:48 witherspoon systemd[1]: Reached target Webserver (pre).
Aug 23 13:39:48 witherspoon systemd[1]: Started Phosphor Webserver.
Aug 23 13:39:48 witherspoon systemd[1]: Starting Phosphor Settings Manager...
Aug 23 13:39:48 witherspoon systemd[1]: Starting Wait for /xyz/openbmc_project/led/groups/bmc_booted...
Aug 23 13:39:48 witherspoon systemd[1]: Starting Wait for /xyz/openbmc_project/control/host0/restriction_mode...
Aug 23 13:39:48 witherspoon systemd[1]: Starting Wait for /xyz/openbmc_project/control/host0/boot_source...
Aug 23 13:39:48 witherspoon systemd[1]: Starting Wait for /xyz/openbmc_project/inventory...
Aug 23 13:39:48 witherspoon systemd[1]: Starting Wait for /xyz/openbmc_project/state/host0...
Aug 23 13:39:48 witherspoon systemd[1]: Starting Wait for /xyz/openbmc_project/control/host0...
Aug 23 13:39:48 witherspoon systemd[1]: Starting Phoshpor System Manager...
Aug 23 13:39:48 witherspoon systemd[1]: Starting Wait for /xyz/openbmc_project/control/host0/auto_reboot...
Aug 23 13:39:48 witherspoon systemd[1]: Starting Wait for /xyz/openbmc_project/time/owner...
Aug 23 13:39:48 witherspoon systemd[1]: Starting Wait for /org/openbmc/managers/System...
Aug 23 13:39:48 witherspoon systemd[1]: Starting Wait for /org/openbmc/control/power0...
Aug 23 13:39:48 witherspoon systemd[1]: Starting Wait for /xyz/openbmc_project/control/host0/power_restore_policy...
Aug 23 13:39:48 witherspoon systemd[1]: Starting Wait for /org/openbmc/control/bmc0...
Aug 23 13:39:48 witherspoon systemd[1]: Starting Wait for /xyz.openbmc_project.Network...
Aug 23 13:39:48 witherspoon systemd[1]: Starting Wait for /org/openbmc/NetworkManager/Interface...
Aug 23 13:39:48 witherspoon systemd[1]: Starting Wait for /xyz/openbmc_project/time/sync_method...
Aug 23 13:39:48 witherspoon systemd[1]: Started Phosphor Hwmon Poller.
Aug 23 13:39:48 witherspoon systemd[1]: Started Phosphor Hwmon Poller.
Aug 23 13:39:48 witherspoon systemd[1]: Started Phosphor Hwmon Poller.
Aug 23 13:39:48 witherspoon systemd[1]: Started Phosphor Hwmon Poller.
Aug 23 13:39:48 witherspoon systemd[1]: Started Phosphor Hwmon Poller.
Aug 23 13:39:48 witherspoon systemd[1]: Started Phosphor Hwmon Poller.
Aug 23 13:39:55 witherspoon phosphor-network-manager[1142]: ConfigParser: Key not found
Aug 23 13:39:55 witherspoon phosphor-network-manager[1142]: The operation failed internally.
Aug 23 13:39:55 witherspoon phosphor-network-manager[1142]: Exception occured during getting of DHCP value
Aug 23 13:39:56 witherspoon dbus[979]: [system] Activating via systemd: service name='org.freedesktop.hostname1' unit='dbus-org.freedesktop.hostname1.service'
Aug 23 13:39:56 witherspoon systemd[1]: Starting Hostname Service...
Aug 23 13:39:56 witherspoon systemd[1]: Started Wait for /xyz/openbmc_project/led/groups/bmc_booted.
Aug 23 13:39:57 witherspoon dbus[979]: [system] Successfully activated service 'org.freedesktop.hostname1'
Aug 23 13:39:56 witherspoon systemd[1]: Started Wait for /xyz/openbmc_project/control/host0/restriction_mode.
Aug 23 13:39:56 witherspoon systemd[1]: Started Wait for /xyz/openbmc_project/control/host0/boot_source.
Aug 23 13:39:56 witherspoon systemd[1]: Started Wait for /xyz/openbmc_project/inventory.
Aug 23 13:39:56 witherspoon systemd[1]: Starting OpenPOWER OCC controller...
Aug 23 13:39:56 witherspoon systemd[1]: Starting Read OpenPOWER-format VPD from EEPROM...
Aug 23 13:39:56 witherspoon systemd[1]: Started Phosphor GPIO 1 Presence.
Aug 23 13:39:56 witherspoon systemd[1]: Started Phosphor GPIO 0 Presence.
Aug 23 13:39:56 witherspoon systemd[1]: Started Phosphor Cooling Type.
Aug 23 13:39:56 witherspoon systemd[1]: Started Wait for /xyz/openbmc_project/time/owner.
Aug 23 13:39:56 witherspoon systemd[1]: Started Wait for /org/openbmc/control/bmc0.
Aug 23 13:39:57 witherspoon phosphor-gpio-presence[1178]: Updating inventory present property
Aug 23 13:39:58 witherspoon systemd[1]: Started Wait for /org/openbmc/managers/Download.
Aug 23 13:39:58 witherspoon systemd[1]: Started Wait for /xyz/openbmc_project/control/host0/boot_mode.
Aug 23 13:39:58 witherspoon systemd[1]: Started Hostname Service.
Aug 23 13:39:58 witherspoon systemd[1]: Started Phosphor Network Manager.
Aug 23 13:39:58 witherspoon systemd[1]: Starting Phosphor BMC Code Update...
Aug 23 13:39:59 witherspoon phosphor-gpio-presence[1177]: Updating inventory present property
Aug 23 13:40:00 witherspoon avahi-daemon[975]: Service name conflict for "phosphor_rest" (/services/phosphor_rest.service), retrying with "phosphor_rest #15".
Aug 23 13:40:00 witherspoon avahi-daemon[975]: Service name conflict for "sftp" (/services/sftp.service), retrying with "sftp #15".
Aug 23 13:40:00 witherspoon avahi-daemon[975]: Service name conflict for "obmc_console" (/services/obmc_console.service), retrying with "obmc_console #15".
Aug 23 13:40:03 witherspoon systemd[1]: Started Wait for /xyz/openbmc_project/led/groups.
Aug 23 13:40:04 witherspoon systemd[1]: Started Wait for /xyz/openbmc_project/control/host0/auto_reboot.
Aug 23 13:40:04 witherspoon systemd[1]: Started Wait for /org/openbmc/NetworkManager/Interface.
Aug 23 13:40:04 witherspoon systemd[1]: Started Wait for /xyz/openbmc_project/time/sync_method.
Aug 23 13:40:05 witherspoon systemd[1]: Started FRU Fault monitor service.
Aug 23 13:40:06 witherspoon system_manager.py[1155]: Running System State: BASE_APPS
Aug 23 13:40:06 witherspoon system_manager.py[1155]: SystemManager Init Done
Aug 23 13:40:06 witherspoon system_manager.py[1155]: Running SystemManager
Aug 23 13:40:06 witherspoon systemd[1]: Started Phoshpor System Manager.
Aug 23 13:40:10 witherspoon systemd[1]: Started Wait for /xyz/openbmc_project/control/host0/power_restore_policy.
Aug 23 13:40:10 witherspoon bmc_update.py[1187]: Running Bmc Flash Control
Aug 23 13:40:10 witherspoon systemd[1]: Started Phosphor BMC Code Update.
Aug 23 13:40:13 witherspoon systemd[1]: Started OpenPOWER OCC controller.
Aug 23 13:40:14 witherspoon settings_manager.py[1148]: Running HostSettingsService
Aug 23 13:40:14 witherspoon systemd[1]: Started Phosphor Settings Manager.
Aug 23 13:40:14 witherspoon systemd[1]: Starting Wait for /org/openbmc/settings/host0...
Aug 23 13:40:14 witherspoon system_manager.py[1155]: SystemManager Goto System State: BMC_STARTING
Aug 23 13:40:14 witherspoon system_manager.py[1155]: Running System State: BMC_STARTING
Aug 23 13:40:16 witherspoon systemd[1]: Started Read OpenPOWER-format VPD from EEPROM.
Aug 23 13:40:20 witherspoon avahi-daemon[975]: Service name conflict for "obmc_console" (/services/obmc_console.service), retrying with "obmc_console #16".
Aug 23 13:40:20 witherspoon avahi-daemon[975]: Service name conflict for "phosphor_rest" (/services/phosphor_rest.service), retrying with "phosphor_rest #16".
Aug 23 13:40:20 witherspoon avahi-daemon[975]: Service name conflict for "sftp" (/services/sftp.service), retrying with "sftp #16".
Aug 23 13:40:23 witherspoon systemd[1]: Started Wait for /org/openbmc/managers/System.
Aug 23 13:40:23 witherspoon systemd[1]: Starting Phosphor Reset Button0...
Aug 23 13:40:23 witherspoon systemd[1]: Starting Phosphor Power Button0...
Aug 23 13:40:23 witherspoon systemd[1]: Starting Phosphor BMC State Manager...
Aug 23 13:40:24 witherspoon systemd[1]: Starting Phosphor Power0 Control...
Aug 23 13:40:24 witherspoon systemd[1]: Starting Phosphor Chassis State Manager...
Aug 23 13:40:24 witherspoon systemd[1]: Started Wait for /org/openbmc/settings/host0.
Aug 23 13:40:25 witherspoon phosphor-gevent[1147]: Traceback (most recent call last):
Aug 23 13:40:25 witherspoon phosphor-gevent[1147]:   File "/usr/lib/python2.7/site-packages/gevent/greenlet.py", line 327, in run
Aug 23 13:40:25 witherspoon phosphor-gevent[1147]:     result = self._run(*self.args, **self.kwargs)
Aug 23 13:40:25 witherspoon phosphor-gevent[1147]:   File "/usr/lib/python2.7/site-packages/gevent/server.py", line 102, in wrap_socket_and_handle
Aug 23 13:40:25 witherspoon phosphor-gevent[1147]:     ssl_socket = self.wrap_socket(client_socket, **self.ssl_args)
Aug 23 13:40:25 witherspoon phosphor-gevent[1147]:   File "/usr/lib/python2.7/site-packages/gevent/ssl.py", line 404, in wrap_socket
Aug 23 13:40:25 witherspoon phosphor-gevent[1147]:     ciphers=ciphers)
Aug 23 13:40:25 witherspoon phosphor-gevent[1147]:   File "/usr/lib/python2.7/site-packages/gevent/ssl.py", line 113, in __init__
Aug 23 13:40:25 witherspoon phosphor-gevent[1147]:     self.do_handshake()
Aug 23 13:40:25 witherspoon phosphor-gevent[1147]:   File "/usr/lib/python2.7/site-packages/gevent/ssl.py", line 324, in do_handshake
Aug 23 13:40:25 witherspoon phosphor-gevent[1147]:     return self._sslobj.do_handshake()
Aug 23 13:40:25 witherspoon phosphor-gevent[1147]: SSLEOFError: EOF occurred in violation of protocol (_ssl.c:590)
Aug 23 13:40:25 witherspoon systemd[1]: Started Phosphor Inband IPMI.
Aug 23 13:40:25 witherspoon phosphor-gevent[1147]: <Greenlet at 0x76020490: <bound method WSGIServer.wrap_socket_and_handle of <WSGIServer at 0x75ff7b90 fileno=5 address=('::34a2:f076:b07d:6676%1986428320', 443, 0, 1986428320)>>(<socket at 0x75ecd870 fileno=9>, ('::8089:6476:8e91:f402%1995410204', 45360, 0, 199)> failed with SSLEOFError
Aug 23 13:40:25 witherspoon phosphor-gevent[1147]: Traceback (most recent call last):
Aug 23 13:40:25 witherspoon phosphor-gevent[1147]:   File "/usr/lib/python2.7/site-packages/gevent/greenlet.py", line 327, in run
Aug 23 13:40:25 witherspoon phosphor-gevent[1147]:     result = self._run(*self.args, **self.kwargs)
Aug 23 13:40:25 witherspoon phosphor-gevent[1147]:   File "/usr/lib/python2.7/site-packages/gevent/server.py", line 102, in wrap_socket_and_handle
Aug 23 13:40:26 witherspoon phosphor-gevent[1147]:     ssl_socket = self.wrap_socket(client_socket, **self.ssl_args)
Aug 23 13:40:26 witherspoon phosphor-gevent[1147]:   File "/usr/lib/python2.7/site-packages/gevent/ssl.py", line 404, in wrap_socket
Aug 23 13:40:26 witherspoon phosphor-gevent[1147]:     ciphers=ciphers)
Aug 23 13:40:26 witherspoon phosphor-gevent[1147]:   File "/usr/lib/python2.7/site-packages/gevent/ssl.py", line 113, in __init__
Aug 23 13:40:26 witherspoon phosphor-gevent[1147]:     self.do_handshake()
Aug 23 13:40:26 witherspoon phosphor-gevent[1147]:   File "/usr/lib/python2.7/site-packages/gevent/ssl.py", line 324, in do_handshake
Aug 23 13:40:26 witherspoon phosphor-gevent[1147]:     return self._sslobj.do_handshake()
Aug 23 13:40:26 witherspoon phosphor-gevent[1147]: SSLEOFError: EOF occurred in violation of protocol (_ssl.c:590)
Aug 23 13:40:26 witherspoon phosphor-gevent[1147]: <Greenlet at 0x76020760: <bound method WSGIServer.wrap_socket_and_handle of <WSGIServer at 0x75ff7b90 fileno=5 address=('::34a2:f076:b07d:6676%1986428320', 443, 0, 1986428320)>>(<socket at 0x75ecd810 fileno=10>, ('::8089:6476:8e91:f402%1995410204', 45362, 0, 199)> failed with SSLEOFError
Aug 23 13:40:26 witherspoon phosphor-gevent[1147]: Traceback (most recent call last):
Aug 23 13:40:26 witherspoon phosphor-gevent[1147]:   File "/usr/lib/python2.7/site-packages/gevent/greenlet.py", line 327, in run
Aug 23 13:40:26 witherspoon phosphor-gevent[1147]:     result = self._run(*self.args, **self.kwargs)
Aug 23 13:40:26 witherspoon phosphor-gevent[1147]:   File "/usr/lib/python2.7/site-packages/gevent/server.py", line 102, in wrap_socket_and_handle
Aug 23 13:40:26 witherspoon phosphor-gevent[1147]:     ssl_socket = self.wrap_socket(client_socket, **self.ssl_args)
Aug 23 13:40:26 witherspoon phosphor-gevent[1147]:   File "/usr/lib/python2.7/site-packages/gevent/ssl.py", line 404, in wrap_socket
Aug 23 13:40:26 witherspoon phosphor-gevent[1147]:     ciphers=ciphers)
Aug 23 13:40:26 witherspoon phosphor-gevent[1147]:   File "/usr/lib/python2.7/site-packages/gevent/ssl.py", line 113, in __init__
Aug 23 13:40:26 witherspoon phosphor-gevent[1147]:     self.do_handshake()
Aug 23 13:40:26 witherspoon phosphor-gevent[1147]:   File "/usr/lib/python2.7/site-packages/gevent/ssl.py", line 324, in do_handshake
Aug 23 13:40:26 witherspoon phosphor-gevent[1147]:     return self._sslobj.do_handshake()
Aug 23 13:40:26 witherspoon phosphor-gevent[1147]: SSLEOFError: EOF occurred in violation of protocol (_ssl.c:590)
Aug 23 13:40:26 witherspoon phosphor-gevent[1147]: <Greenlet at 0x76020440: <bound method WSGIServer.wrap_socket_and_handle of <WSGIServer at 0x75ff7b90 fileno=5 address=('::34a2:f076:b07d:6676%1986428320', 443, 0, 1986428320)>>(<socket at 0x75ecd8b0 fileno=11>, ('::8089:6476:8e91:f402%1995410204', 45364, 0, 199)> failed with SSLEOFError
Aug 23 13:40:26 witherspoon button_reset.exe[1199]: GPIO Lookup:  RESET_BUTTON = 353,both
Aug 23 13:40:26 witherspoon button_power.exe[1200]: GPIO Lookup:  POWER_BUTTON = 347,both
Aug 23 13:40:26 witherspoon systemd[1]: Started Phosphor Reset Button0.
Aug 23 13:40:26 witherspoon systemd[1]: Started Phosphor Power Button0.
Aug 23 13:40:26 witherspoon phosphor-chassis-state-manager[1211]: Initial Chassis State will be Off
Aug 23 13:40:26 witherspoon systemd[1]: Started Phosphor Chassis State Manager.
Aug 23 13:40:27 witherspoon phosphor-bmc-state-manager[1201]: Setting the BMCState field
Aug 23 13:40:27 witherspoon phosphor-bmc-state-manager[1201]: Setting the BMCState field
Aug 23 13:40:27 witherspoon systemd[1]: Started Phosphor BMC State Manager.
Aug 23 13:40:27 witherspoon system_manager.py[1155]: New object: /org/openbmc/control/power0 (:1.83)
Aug 23 13:40:27 witherspoon system_manager.py[1155]: Power GPIO config: ['SYS_PWROK_BUFF', '', [('SOFTWARE_PGOOD', True), ('BMC_POWER_UP', True)], [('BMC_CP0_RESET_N', False)], [('BMC_VS1_PERST_N', False, False), ('BMC_CP0_PERST_ENABLE_R', False, False)], 'FSI_DATA', 'FSI_CLK', 'FSI_ENABLE', 'CRONUS_SEL', []]
Aug 23 13:40:27 witherspoon power_control.exe[1210]: Power GPIO latch output:
Aug 23 13:40:27 witherspoon power_control.exe[1210]: Power GPIO power good input: SYS_PWROK_BUFF
Aug 23 13:40:27 witherspoon power_control.exe[1210]: Power GPIO 2 power_up outputs
Aug 23 13:40:27 witherspoon power_control.exe[1210]: Power GPIO power_up[0] = SOFTWARE_PGOOD active HIGH
Aug 23 13:40:27 witherspoon power_control.exe[1210]: Power GPIO power_up[1] = BMC_POWER_UP active HIGH
Aug 23 13:40:27 witherspoon power_control.exe[1210]: Power GPIO 1 reset outputs
Aug 23 13:40:27 witherspoon power_control.exe[1210]: Power GPIO reset[0] = BMC_CP0_RESET_N active LOW
Aug 23 13:40:27 witherspoon power_control.exe[1210]: Power GPIO 2 pci reset outputs
Aug 23 13:40:27 witherspoon power_control.exe[1210]: Power GPIO pci reset[0] = BMC_VS1_PERST_N active LOW, hold - No
Aug 23 13:40:27 witherspoon power_control.exe[1210]: Power GPIO pci reset[1] = BMC_CP0_PERST_ENABLE_R active LOW, hold - No
Aug 23 13:40:27 witherspoon power_control.exe[1210]: FSI DATA GPIO: FSI_DATA
Aug 23 13:40:27 witherspoon power_control.exe[1210]: FSI CLK GPIO: FSI_CLK
Aug 23 13:40:28 witherspoon power_control.exe[1210]: FSI ENABLE GPIO: FSI_ENABLE
Aug 23 13:40:28 witherspoon power_control.exe[1210]: CRONUS SEL GPIO: CRONUS_SEL
Aug 23 13:40:28 witherspoon power_control.exe[1210]: Hostctl GPIO optionals: 0
Aug 23 13:40:28 witherspoon power_control.exe[1210]: GPIO Lookup:  SYS_PWROK_BUFF = 306,in
Aug 23 13:40:28 witherspoon power_control.exe[1210]: GPIO Lookup:  SOFTWARE_PGOOD = 417,out
Aug 23 13:40:28 witherspoon power_control.exe[1210]: GPIO Lookup:  BMC_POWER_UP = 305,out
Aug 23 13:40:28 witherspoon power_control.exe[1210]: GPIO Lookup:  BMC_CP0_RESET_N = 281,out
Aug 23 13:40:28 witherspoon power_control.exe[1210]: GPIO Lookup:  BMC_VS1_PERST_N = 295,out
Aug 23 13:40:28 witherspoon power_control.exe[1210]: GPIO Lookup:  BMC_CP0_PERST_ENABLE_R = 283,out
Aug 23 13:40:28 witherspoon power_control.exe[1210]: Pgood state: 0
Aug 23 13:40:28 witherspoon systemd[1]: Started Phosphor Power0 Control.
Aug 23 13:40:32 witherspoon systemd[1]: Started Wait for /xyz/openbmc_project/state/chassis0.
Aug 23 13:40:32 witherspoon systemd[1]: Started Wait for /org/openbmc/control/power0.
Aug 23 13:40:32 witherspoon systemd[1]: Starting Check Chassis0 pgood and create a file to indicate it...
Aug 23 13:40:32 witherspoon systemd[1]: Starting Phosphor Time Manager daemon...
Aug 23 13:40:33 witherspoon systemd[1]: Started Check Chassis0 pgood and create a file to indicate it.
Aug 23 13:40:33 witherspoon systemd[1]: Reached target Chassis0 power on after reset.
Aug 23 13:40:33 witherspoon systemd[1]: Reached target Chassis0 (Reset Check).
Aug 23 13:40:33 witherspoon timemanager[1234]: Registering dbus methods
Aug 23 13:40:33 witherspoon timemanager[1234]: Last known time_mode: NTP
Aug 23 13:40:33 witherspoon timemanager[1234]: Last known time_owner: BMC
Aug 23 13:40:33 witherspoon timemanager[1234]: Empty DhcpNtp string
Aug 23 13:40:33 witherspoon timemanager[1234]: Reading Power Control key: pgood
Aug 23 13:40:33 witherspoon timemanager[1234]: Changing settings *allowed* now
Aug 23 13:40:33 witherspoon systemd[1]: Started Wait for /xyz/openbmc_project/control/host0.
Aug 23 13:40:33 witherspoon systemd[1]: Reached target Host0 running after reset.
Aug 23 13:40:33 witherspoon systemd[1]: Starting Phosphor Host State Manager...
Aug 23 13:40:33 witherspoon systemd[1]: Reached target Host0 (Reset Check).
Aug 23 13:40:34 witherspoon timemanager[1234]: Owner is already set to : BMC
Aug 23 13:40:34 witherspoon systemd[1]: Started Phosphor Time Manager daemon.
Aug 23 13:40:34 witherspoon timemanager[1234]: Requested_Mode: NTP Current_Mode: NTP
Aug 23 13:40:34 witherspoon timemanager[1234]: Mode is already set to : NTP
Aug 23 13:40:34 witherspoon timemanager[1234]: Getting System Settings: use_dhcp_ntp
Aug 23 13:40:34 witherspoon timemanager[1234]: use_dhcp_ntp = yes
Aug 23 13:40:34 witherspoon timemanager[1234]: Last known host_offset:0
Aug 23 13:40:34 witherspoon timemanager[1234]: Initial Uptime Usec: 1503495519952640
Aug 23 13:40:34 witherspoon phosphor-host-state-manager[1245]: Initial Host State will be Off
Aug 23 13:40:35 witherspoon phosphor-host-state-manager[1245]: External request to reset reboot count
Aug 23 13:40:35 witherspoon systemd[1]: Started Phosphor Host State Manager.
Aug 23 13:40:36 witherspoon systemd[1]: Started Wait for /xyz/openbmc_project/state/host0.
Aug 23 13:40:36 witherspoon systemd[1]: Starting Reboot If Enabled...
Aug 23 13:40:37 witherspoon phosphor-discover-system-state[1247]: Host power is off, checking power policy
Aug 23 13:40:37 witherspoon systemd[1]: Started Reboot If Enabled.
Aug 23 13:40:38 witherspoon phosphor-gevent[1147]: ::8089:6476:8e91:f402%1995410204 - - [2017-08-23 13:40:38] "POST /login HTTP/1.1" 200 320 0.045472
Aug 23 13:40:38 witherspoon phosphor-gevent[1147]: ::8089:6476:8e91:f402%1995410204 - - [2017-08-23 13:40:38] "GET /xyz/openbmc_project/state/chassis0//attr/CurrentPowerState HTTP/1.1" 200 216 0.058970
Aug 23 13:40:39 witherspoon phosphor-gevent[1147]: ::8089:6476:8e91:f402%1995410204 - - [2017-08-23 13:40:39] "POST /login HTTP/1.1" 200 320 0.033111
Aug 23 13:40:39 witherspoon phosphor-gevent[1147]: ::8089:6476:8e91:f402%1995410204 - - [2017-08-23 13:40:39] "GET /xyz/openbmc_project/state/chassis0//attr/CurrentPowerState HTTP/1.1" 200 216 0.049221
Aug 23 13:40:39 witherspoon phosphor-gevent[1147]: ::8089:6476:8e91:f402%1995410204 - - [2017-08-23 13:40:39] "POST /login HTTP/1.1" 200 320 0.048097
Aug 23 13:40:39 witherspoon phosphor-gevent[1147]: ::8089:6476:8e91:f402%1995410204 - - [2017-08-23 13:40:39] "GET /xyz/openbmc_project/state/host0//attr/CurrentHostState HTTP/1.1" 200 212 0.087728
Aug 23 13:40:39 witherspoon phosphor-gevent[1147]: ::8089:6476:8e91:f402%1995410204 - - [2017-08-23 13:40:39] "POST /login HTTP/1.1" 200 320 0.032921
Aug 23 13:40:39 witherspoon phosphor-gevent[1147]: ::8089:6476:8e91:f402%1995410204 - - [2017-08-23 13:40:39] "GET /xyz/openbmc_project/logging/entry//list HTTP/1.1" 200 214 0.050257
Aug 23 13:40:39 witherspoon avahi-daemon[975]: Service name conflict for "sftp" (/services/sftp.service), retrying with "sftp #17".
Aug 23 13:40:39 witherspoon avahi-daemon[975]: Service name conflict for "phosphor_rest" (/services/phosphor_rest.service), retrying with "phosphor_rest #17".
Aug 23 13:40:39 witherspoon avahi-daemon[975]: Service name conflict for "obmc_console" (/services/obmc_console.service), retrying with "obmc_console #17".
Aug 23 13:40:40 witherspoon phosphor-gevent[1147]: ::8089:6476:8e91:f402%1995410204 - - [2017-08-23 13:40:40] "POST /login HTTP/1.1" 200 320 0.048482
Aug 23 13:40:40 witherspoon phosphor-gevent[1147]: ::8089:6476:8e91:f402%1995410204 - - [2017-08-23 13:40:40] "GET /xyz/openbmc_project/logging/entry//list HTTP/1.1" 200 214 0.058502
Aug 23 13:40:40 witherspoon phosphor-gevent[1147]: ::8089:6476:8e91:f402%1995410204 - - [2017-08-23 13:40:40] "POST /login HTTP/1.1" 200 320 0.052556
Aug 23 13:40:40 witherspoon phosphor-gevent[1147]: ::8089:6476:8e91:f402%1995410204 - - [2017-08-23 13:40:40] "DELETE /xyz/openbmc_project/logging/entry/1 HTTP/1.1" 200 169 0.080424
Aug 23 13:40:40 witherspoon systemd[1]: Started SSH Per-Connection Server (9.41.165.94:33992).
Aug 23 13:40:40 witherspoon dropbear[1251]: Failed loading /etc/dropbear/dropbear_dss_host_key
Aug 23 13:40:40 witherspoon dropbear[1251]: Failed loading /etc/dropbear/dropbear_ecdsa_host_key
Aug 23 13:40:40 witherspoon dropbear[1251]: Child connection from ::ffff:9.41.165.94:33992
Aug 23 13:40:41 witherspoon dropbear[1251]: PAM password auth succeeded for 'root' from ::ffff:9.41.165.94:33992
Aug 23 13:40:41 witherspoon dropbear[1252]: lastlog_perform_login: Couldn't stat /var/log/lastlog: No such file or directory
Aug 23 13:40:41 witherspoon dropbear[1252]: lastlog_openseek: /var/log/lastlog is not a file or directory!
Aug 23 13:40:42 witherspoon dropbear[1251]: Exit (root): Error reading: Connection reset by peer
Aug 23 13:40:42 witherspoon phosphor-gevent[1147]: ::8089:6476:8e91:f402%1995410204 - - [2017-08-23 13:40:42] "POST /login HTTP/1.1" 200 320 0.034846
Aug 23 13:40:42 witherspoon phosphor-gevent[1147]: ::8089:6476:8e91:f402%1995410204 - - [2017-08-23 13:40:42] "GET /xyz/openbmc_project/state/host0//attr/CurrentHostState HTTP/1.1" 200 212 0.076206
Aug 23 13:40:43 witherspoon dropbear[1083]: Exit (root): Exited normally
Aug 23 13:41:00 witherspoon avahi-daemon[975]: Service name conflict for "sftp" (/services/sftp.service), retrying with "sftp #18".
Aug 23 13:41:00 witherspoon avahi-daemon[975]: Service name conflict for "obmc_console" (/services/obmc_console.service), retrying with "obmc_console #18".
Aug 23 13:41:00 witherspoon avahi-daemon[975]: Service name conflict for "phosphor_rest" (/services/phosphor_rest.service), retrying with "phosphor_rest #18".
Aug 23 13:41:20 witherspoon avahi-daemon[975]: Service name conflict for "phosphor_rest" (/services/phosphor_rest.service), retrying with "phosphor_rest #19".
Aug 23 13:41:20 witherspoon avahi-daemon[975]: Service name conflict for "obmc_console" (/services/obmc_console.service), retrying with "obmc_console #19".
Aug 23 13:41:20 witherspoon avahi-daemon[975]: Service "sftp #18" (/services/sftp.service) successfully established.
Aug 23 13:41:40 witherspoon avahi-daemon[975]: Service name conflict for "obmc_console" (/services/obmc_console.service), retrying with "obmc_console #20".
Aug 23 13:41:40 witherspoon avahi-daemon[975]: Service name conflict for "phosphor_rest" (/services/phosphor_rest.service), retrying with "phosphor_rest #20".
Aug 23 13:41:55 witherspoon systemd[1]: Started SSH Per-Connection Server (9.41.165.94:34016).
Aug 23 13:41:55 witherspoon dropbear[1264]: Failed loading /etc/dropbear/dropbear_dss_host_key
Aug 23 13:41:55 witherspoon dropbear[1264]: Failed loading /etc/dropbear/dropbear_ecdsa_host_key
Aug 23 13:41:55 witherspoon dropbear[1264]: Child connection from ::ffff:9.41.165.94:34016
Aug 23 13:41:55 witherspoon dropbear[1264]: PAM password auth succeeded for 'root' from ::ffff:9.41.165.94:34016
Aug 23 13:41:56 witherspoon dropbear[1265]: lastlog_perform_login: Couldn't stat /var/log/lastlog: No such file or directory
Aug 23 13:41:56 witherspoon dropbear[1265]: lastlog_openseek: /var/log/lastlog is not a file or directory!
Aug 23 13:41:57 witherspoon systemd[1]: Started SSH Per-Connection Server (9.41.165.94:34018).
Aug 23 13:41:57 witherspoon dropbear[1274]: Failed loading /etc/dropbear/dropbear_dss_host_key
Aug 23 13:41:57 witherspoon dropbear[1274]: Failed loading /etc/dropbear/dropbear_ecdsa_host_key
Aug 23 13:41:57 witherspoon dropbear[1274]: Child connection from ::ffff:9.41.165.94:34018
Aug 23 13:41:58 witherspoon dropbear[1274]: PAM password auth succeeded for 'root' from ::ffff:9.41.165.94:34018
Aug 23 13:41:58 witherspoon dropbear[1275]: lastlog_perform_login: Couldn't stat /var/log/lastlog: No such file or directory
Aug 23 13:41:58 witherspoon dropbear[1275]: lastlog_openseek: /var/log/lastlog is not a file or directory!
Aug 23 13:41:58 witherspoon systemd[1]: Started SSH Per-Connection Server (9.41.165.94:34020).
Aug 23 13:41:58 witherspoon dropbear[1281]: Failed loading /etc/dropbear/dropbear_dss_host_key
Aug 23 13:41:58 witherspoon dropbear[1281]: Failed loading /etc/dropbear/dropbear_ecdsa_host_key
Aug 23 13:41:58 witherspoon dropbear[1281]: Child connection from ::ffff:9.41.165.94:34020
Aug 23 13:41:59 witherspoon dropbear[1281]: PAM password auth succeeded for 'root' from ::ffff:9.41.165.94:34020
Aug 23 13:41:59 witherspoon dropbear[1282]: lastlog_perform_login: Couldn't stat /var/log/lastlog: No such file or directory
Aug 23 13:41:59 witherspoon dropbear[1282]: lastlog_openseek: /var/log/lastlog is not a file or directory!
Aug 23 13:42:00 witherspoon avahi-daemon[975]: Service name conflict for "obmc_console" (/services/obmc_console.service), retrying with "obmc_console #21".
Aug 23 13:42:00 witherspoon avahi-daemon[975]: Service name conflict for "phosphor_rest" (/services/phosphor_rest.service), retrying with "phosphor_rest #21".
Aug 23 13:42:00 witherspoon phosphor-gevent[1147]: ::8089:6476:8e91:f402%1995410204 - - [2017-08-23 13:42:00] "POST /login HTTP/1.1" 200 320 0.055171
Aug 23 13:42:00 witherspoon phosphor-gevent[1147]: ::8089:6476:8e91:f402%1995410204 - - [2017-08-23 13:42:00] "POST /login HTTP/1.1" 200 320 0.047547
Aug 23 13:42:00 witherspoon phosphor-gevent[1147]: ::8089:6476:8e91:f402%1995410204 - - [2017-08-23 13:42:00] "GET /xyz/openbmc_project/state/host0//attr/CurrentHostState HTTP/1.1" 200 212 0.076653
Aug 23 13:42:01 witherspoon systemd[1]: Created slice system-obmc\x2dconsole\x2dssh.slice.
Aug 23 13:42:01 witherspoon systemd[1]: Started Phosphor Host Console SSH Per-Connection (9.41.165.94:57538).
Aug 23 13:42:01 witherspoon dropbear[1288]: Failed loading /etc/dropbear/dropbear_dss_host_key
Aug 23 13:42:01 witherspoon dropbear[1288]: Failed loading /etc/dropbear/dropbear_ecdsa_host_key
Aug 23 13:42:01 witherspoon dropbear[1288]: Child connection from ::ffff:9.41.165.94:57538
Aug 23 13:42:01 witherspoon phosphor-gevent[1147]: ::8089:6476:8e91:f402%1995410204 - - [2017-08-23 13:42:01] "POST /login HTTP/1.1" 200 320 0.109147
Aug 23 13:42:02 witherspoon phosphor-host-state-manager[1245]: Host State transaction request
Aug 23 13:42:02 witherspoon dropbear[1288]: PAM password auth succeeded for 'root' from ::ffff:9.41.165.94:57538
Aug 23 13:42:02 witherspoon dropbear[1289]: lastlog_perform_login: Couldn't stat /var/log/lastlog: No such file or directory
Aug 23 13:42:02 witherspoon dropbear[1289]: lastlog_openseek: /var/log/lastlog is not a file or directory!
Aug 23 13:42:02 witherspoon systemd[1]: Created slice system-vcs_off_poweroff.slice.
Aug 23 13:42:02 witherspoon systemd[1]: Stopped target Host0 (Reset Check).
Aug 23 13:42:02 witherspoon systemd[1]: Starting Wait for /org/openbmc/control/chassis0...
Aug 23 13:42:02 witherspoon systemd[1]: Stopped target Host0 running after reset.
Aug 23 13:42:02 witherspoon systemd[1]: Created slice system-obmc\x2dled\x2dgroup\x2dstop.slice.
Aug 23 13:42:02 witherspoon systemd[1]: Stopped target Chassis0 power on after reset.
Aug 23 13:42:02 witherspoon systemd[1]: Created slice system-op\x2docc\x2ddisable.slice.
Aug 23 13:42:02 witherspoon systemd[1]: Created slice system-op\x2dwait\x2dpower\x2doff.slice.
Aug 23 13:42:02 witherspoon systemd[1]: Starting Wait for /xyz/openbmc_project/led/groups/power_on...
Aug 23 13:42:02 witherspoon systemd[1]: Starting Wait for /org/openbmc/HostIpmi/1...
Aug 23 13:42:02 witherspoon systemd[1]: Created slice system-ir35221\x2doff\x2dunbind.slice.
Aug 23 13:42:02 witherspoon systemd[1]: Created slice system-op\x2dpower\x2dstop.slice.
Aug 23 13:42:02 witherspoon systemd[1]: Stopped target Chassis0 (Reset Check).
Aug 23 13:42:02 witherspoon systemd[1]: Starting OpenPOWER OCC Active Disable...
Aug 23 13:42:02 witherspoon systemd[1]: Created slice system-ir35221\x2doff\x2dbind.slice.
Aug 23 13:42:02 witherspoon systemd[1]: Starting Reboot If Enabled...
Aug 23 13:42:02 witherspoon systemd[1]: Started Phosphor Cooling Type.
Aug 23 13:42:03 witherspoon phosphor-gevent[1147]: ::8089:6476:8e91:f402%1995410204 - - [2017-08-23 13:42:03] "PUT /xyz/openbmc_project/state/host0//attr/RequestedHostTransition HTTP/1.1" 200 169 1.584910
Aug 23 13:42:03 witherspoon occ-active.sh[1293]: /usr/bin/occ-active.sh: line 16:  1296 Done                    busctl tree org.open_power.OCC.Control --list
Aug 23 13:42:03 witherspoon occ-active.sh[1293]:       1297 Done(1)                 | grep occ
Aug 23 13:42:03 witherspoon occ-active.sh[1293]:       1298 Segmentation fault      | xargs -n1 -I{} busctl set-property org.open_power.OCC.Control {} org.open_power.OCC.Status OccActive b $value
Aug 23 13:42:03 witherspoon systemd[1]: Started OpenPOWER OCC Active Disable.
Aug 23 13:42:03 witherspoon phosphor-gevent[1147]: ::8089:6476:8e91:f402%1995410204 - - [2017-08-23 13:42:03] "POST /login HTTP/1.1" 200 320 0.048761
Aug 23 13:42:04 witherspoon systemd[1]: Started Wait for /org/openbmc/HostIpmi/1.
Aug 23 13:42:04 witherspoon systemd[1]: Starting Soft power off of the host...
Aug 23 13:42:04 witherspoon systemd[1]: Started Wait for /org/openbmc/control/chassis0.
Aug 23 13:42:04 witherspoon systemd[1]: Started Wait for /xyz/openbmc_project/led/groups/power_on.
Aug 23 13:42:04 witherspoon systemd[1]: Starting Assert power_on LED...
Aug 23 13:42:05 witherspoon phosphor-gevent[1147]: ::8089:6476:8e91:f402%1995410204 - - [2017-08-23 13:42:05] "GET /xyz/openbmc_project/state/chassis0//attr/CurrentPowerState HTTP/1.1" 200 216 1.161814
Aug 23 13:42:05 witherspoon ipmid[1214]: Pushing cmd on to queue
Aug 23 13:42:05 witherspoon ipmid[1214]: Pushing cmd on to queue
Aug 23 13:42:05 witherspoon ipmid[1214]: Asserting SMS Attention
Aug 23 13:42:05 witherspoon phosphor-gevent[1147]: ::8089:6476:8e91:f402%1995410204 - - [2017-08-23 13:42:05] "POST /login HTTP/1.1" 200 320 0.050280
Aug 23 13:42:05 witherspoon phosphor-discover-system-state[1294]: Host power is off, checking power policy
Aug 23 13:42:05 witherspoon systemd[1]: Started Reboot If Enabled.
Aug 23 13:42:05 witherspoon ipmid[1214]: SMS Attention asserted
Aug 23 13:42:05 witherspoon systemd[1]: Started Assert power_on LED.
Aug 23 13:42:06 witherspoon phosphor-gevent[1147]: ::8089:6476:8e91:f402%1995410204 - - [2017-08-23 13:42:06] "GET /xyz/openbmc_project/state/host0//attr/CurrentHostState HTTP/1.1" 200 212 0.455484
