-- Logs begin at Fri 2017-09-29 17:33:55 UTC, end at Fri 2017-09-29 17:55:00 UTC. --
Sep 29 17:33:55 witherspoon kernel: Booting Linux on physical CPU 0x0
Sep 29 17:33:55 witherspoon kernel: Linux version 4.10.17-00cd954c889746a65f9022088c5d83f9f43bfddc (jenkins@openbmc-builder1) (gcc version 6.2.0 (GCC) ) #1 Fri Sep 22 12:34:59 UTC 2017
Sep 29 17:33:55 witherspoon kernel: CPU: ARMv6-compatible processor [410fb767] revision 7 (ARMv7), cr=00c5387d
Sep 29 17:33:55 witherspoon kernel: CPU: PIPT / VIPT nonaliasing data cache, VIPT nonaliasing instruction cache
Sep 29 17:33:55 witherspoon kernel: OF: fdt:Machine model: Witherspoon BMC
Sep 29 17:33:55 witherspoon kernel: Memory policy: Data cache writeback
Sep 29 17:33:55 witherspoon kernel: SOC Rev: 04030303
Sep 29 17:33:55 witherspoon kernel: On node 0 totalpages: 110592
Sep 29 17:33:55 witherspoon kernel: free_area_init_node: node 0, pgdat 806038a4, node_mem_map 9ec1a000
Sep 29 17:33:55 witherspoon kernel:   Normal zone: 992 pages used for memmap
Sep 29 17:33:55 witherspoon kernel:   Normal zone: 0 pages reserved
Sep 29 17:33:55 witherspoon kernel:   Normal zone: 110592 pages, LIFO batch:31
Sep 29 17:33:55 witherspoon kernel: pcpu-alloc: s0 r0 d32768 u32768 alloc=1*32768
Sep 29 17:33:55 witherspoon kernel: pcpu-alloc: [0] 0 
Sep 29 17:33:55 witherspoon kernel: Built 1 zonelists in Zone order, mobility grouping on.  Total pages: 109600
Sep 29 17:33:55 witherspoon kernel: Kernel command line: console=ttyS4,115200n8 ubi.mtd=obmc-ubi,0,0,0 ubi.mtd=alt-obmc-ubi,0,0,4 ro rootfstype=squashfs ubi.block=0,0 root=/dev/ubiblock0_0
Sep 29 17:33:55 witherspoon kernel: PID hash table entries: 2048 (order: 1, 8192 bytes)
Sep 29 17:33:55 witherspoon kernel: Dentry cache hash table entries: 65536 (order: 6, 262144 bytes)
Sep 29 17:33:55 witherspoon kernel: Inode-cache hash table entries: 32768 (order: 5, 131072 bytes)
Sep 29 17:33:55 witherspoon kernel: Memory: 431960K/442368K available (4077K kernel code, 281K rwdata, 1196K rodata, 284K init, 111K bss, 10408K reserved, 0K cma-reserved)
Sep 29 17:33:55 witherspoon kernel: Virtual kernel memory layout:
                                        vector  : 0xffff0000 - 0xffff1000   (   4 kB)
                                        fixmap  : 0xffc00000 - 0xfff00000   (3072 kB)
                                        vmalloc : 0x9f800000 - 0xff800000   (1536 MB)
                                        lowmem  : 0x80000000 - 0x9f000000   ( 496 MB)
                                          .text : 0x80008000 - 0x80403740   (4078 kB)
                                          .init : 0x80589000 - 0x805d0000   ( 284 kB)
                                          .data : 0x805d0000 - 0x806167a8   ( 282 kB)
                                           .bss : 0x806167a8 - 0x80632678   ( 112 kB)
Sep 29 17:33:55 witherspoon kernel: NR_IRQS:16 nr_irqs:16 16
Sep 29 17:33:55 witherspoon kernel: i2c controller registered, irq 16
Sep 29 17:33:55 witherspoon kernel: clocksource: moxart_timer: mask: 0xffffffff max_cycles: 0xffffffff, max_idle_ns: 77222644334 ns
Sep 29 17:33:55 witherspoon kernel: sched_clock: 32 bits at 100 Hz, resolution 10000000ns, wraps every 21474836475000000ns
Sep 29 17:33:55 witherspoon kernel: Calibrating delay loop... 789.70 BogoMIPS (lpj=3948544)
Sep 29 17:33:55 witherspoon kernel: pid_max: default: 32768 minimum: 301
Sep 29 17:33:55 witherspoon kernel: Mount-cache hash table entries: 1024 (order: 0, 4096 bytes)
Sep 29 17:33:55 witherspoon kernel: Mountpoint-cache hash table entries: 1024 (order: 0, 4096 bytes)
Sep 29 17:33:55 witherspoon kernel: CPU: Testing write buffer coherency: ok
Sep 29 17:33:55 witherspoon kernel: ftrace: allocating 14991 entries in 44 pages
Sep 29 17:33:55 witherspoon kernel: Setting up static identity map for 0x80008200 - 0x8000825c
Sep 29 17:33:55 witherspoon kernel: devtmpfs: initialized
Sep 29 17:33:55 witherspoon kernel: clocksource: jiffies: mask: 0xffffffff max_cycles: 0xffffffff, max_idle_ns: 19112604462750000 ns
Sep 29 17:33:55 witherspoon kernel: futex hash table entries: 256 (order: -1, 3072 bytes)
Sep 29 17:33:55 witherspoon kernel: pinctrl core: initialized pinctrl subsystem
Sep 29 17:33:55 witherspoon kernel: NET: Registered protocol family 16
Sep 29 17:33:55 witherspoon kernel: DMA: preallocated 256 KiB pool for atomic coherent allocations
Sep 29 17:33:55 witherspoon kernel: usbcore: registered new interface driver usbfs
Sep 29 17:33:55 witherspoon kernel: usbcore: registered new interface driver hub
Sep 29 17:33:55 witherspoon kernel: usbcore: registered new device driver usb
Sep 29 17:33:55 witherspoon kernel: clocksource: Switched to clocksource moxart_timer
Sep 29 17:33:55 witherspoon kernel: NET: Registered protocol family 2
Sep 29 17:33:55 witherspoon kernel: TCP established hash table entries: 4096 (order: 2, 16384 bytes)
Sep 29 17:33:55 witherspoon kernel: TCP bind hash table entries: 4096 (order: 2, 16384 bytes)
Sep 29 17:33:55 witherspoon kernel: TCP: Hash tables configured (established 4096 bind 4096)
Sep 29 17:33:55 witherspoon kernel: UDP hash table entries: 256 (order: 0, 4096 bytes)
Sep 29 17:33:55 witherspoon kernel: UDP-Lite hash table entries: 256 (order: 0, 4096 bytes)
Sep 29 17:33:55 witherspoon kernel: NET: Registered protocol family 1
Sep 29 17:33:55 witherspoon kernel: workingset: timestamp_bits=30 max_order=17 bucket_order=0
Sep 29 17:33:55 witherspoon kernel: squashfs: version 4.0 (2009/01/31) Phillip Lougher
Sep 29 17:33:55 witherspoon kernel: jffs2: version 2.2. (SUMMARY)  © 2001-2006 Red Hat, Inc.
Sep 29 17:33:55 witherspoon kernel: Block layer SCSI generic (bsg) driver version 0.4 loaded (major 250)
Sep 29 17:33:55 witherspoon kernel: io scheduler noop registered
Sep 29 17:33:55 witherspoon kernel: io scheduler deadline registered
Sep 29 17:33:55 witherspoon kernel: io scheduler cfq registered (default)
Sep 29 17:33:55 witherspoon kernel: ipmi-bt-host 1e789140.ibt: Found bt bmc device
Sep 29 17:33:55 witherspoon kernel: ipmi-bt-host 1e789140.ibt: Using IRQ 22
Sep 29 17:33:55 witherspoon kernel: Serial: 8250/16550 driver, 6 ports, IRQ sharing enabled
Sep 29 17:33:55 witherspoon kernel: 1e787000.vuart: ttyS5 at MMIO 0x1e787000 (irq = 22, base_baud = 1500000) is a 16550A
Sep 29 17:33:55 witherspoon kernel: 1e783000.serial: ttyS0 at MMIO 0x1e783000 (irq = 23, base_baud = 1500000) is a 16550A
Sep 29 17:33:55 witherspoon kernel: 1e78d000.serial: ttyS1 at MMIO 0x1e78d000 (irq = 24, base_baud = 1500000) is a 16550A
Sep 29 17:33:55 witherspoon kernel: 1e784000.serial: ttyS4 at MMIO 0x1e784000 (irq = 25, base_baud = 1500000) is a 16550A
Sep 29 17:33:55 witherspoon kernel: console [ttyS4] enabled
Sep 29 17:33:55 witherspoon kernel: timeriomem_rng 1e6e2078.hwrng: 32bits from 0xf00e2078 @ 1us
Sep 29 17:33:55 witherspoon kernel: random: fast init done
Sep 29 17:33:55 witherspoon kernel: brd: module loaded
Sep 29 17:33:55 witherspoon kernel: random: crng init done
Sep 29 17:33:55 witherspoon kernel: loop: module loaded
Sep 29 17:33:55 witherspoon kernel: aspeed-lpc-ctrl 1e789080.lpc-ctrl: Loaded at 0x98000000 (0x04000000)
Sep 29 17:33:55 witherspoon kernel: aspeed-smc 1e620000.flash-controller: Using IRQ 18
Sep 29 17:33:55 witherspoon kernel: aspeed-smc 1e620000.flash-controller: DMA support disabled.
Sep 29 17:33:55 witherspoon kernel: aspeed-smc 1e620000.flash-controller: mx25l25635e (32768 Kbytes)
Sep 29 17:33:55 witherspoon kernel: aspeed-smc 1e620000.flash-controller: CE0 window [ 0x20000000 - 0x22000000 ] 32MB
Sep 29 17:33:55 witherspoon kernel: aspeed-smc 1e620000.flash-controller: CE1 window [ 0x22000000 - 0x2a000000 ] 128MB
Sep 29 17:33:55 witherspoon kernel: 3 ofpart partitions found on MTD device bmc
Sep 29 17:33:55 witherspoon kernel: Creating 3 MTD partitions on "bmc":
Sep 29 17:33:55 witherspoon kernel: 0x000000000000-0x000000060000 : "u-boot"
Sep 29 17:33:55 witherspoon kernel: 0x000000060000-0x000000080000 : "u-boot-env"
Sep 29 17:33:55 witherspoon kernel: 0x000000080000-0x000002000000 : "obmc-ubi"
Sep 29 17:33:55 witherspoon kernel: aspeed-smc 1e620000.flash-controller: mx25l25635e (32768 Kbytes)
Sep 29 17:33:55 witherspoon kernel: aspeed-smc 1e620000.flash-controller: CE1 window [ 0x22000000 - 0x24000000 ] 32MB
Sep 29 17:33:55 witherspoon kernel: aspeed-smc 1e620000.flash-controller: CE2 window [ 0x24000000 - 0x2c000000 ] 128MB
Sep 29 17:33:55 witherspoon kernel: 3 ofpart partitions found on MTD device alt-bmc
Sep 29 17:33:55 witherspoon kernel: Creating 3 MTD partitions on "alt-bmc":
Sep 29 17:33:55 witherspoon kernel: 0x000000000000-0x000000060000 : "alt-u-boot"
Sep 29 17:33:55 witherspoon kernel: 0x000000060000-0x000000080000 : "alt-u-boot-env"
Sep 29 17:33:55 witherspoon kernel: 0x000000080000-0x000002000000 : "alt-obmc-ubi"
Sep 29 17:33:55 witherspoon kernel: aspeed-smc 1e630000.flash-controller: mx66l1g45g (131072 Kbytes)
Sep 29 17:33:55 witherspoon kernel: aspeed-smc 1e630000.flash-controller: CE0 window resized to 120MB (AST2500 HW quirk)
Sep 29 17:33:55 witherspoon kernel: aspeed-smc 1e630000.flash-controller: CE0 window [ 0x30000000 - 0x37800000 ] 120MB
Sep 29 17:33:55 witherspoon kernel: aspeed-smc 1e630000.flash-controller: CE0 window too small for chip 128MB
Sep 29 17:33:55 witherspoon kernel: aspeed-smc 1e630000.flash-controller: CE1 window [ 0x37800000 - 0x38000000 ] 8MB
Sep 29 17:33:55 witherspoon kernel: libphy: Fixed MDIO Bus: probed
Sep 29 17:33:55 witherspoon kernel: ftgmac100 1e660000.ethernet: Read MAC address 70:e2:84:14:23:e1 from chip
Sep 29 17:33:55 witherspoon kernel: ftgmac100 1e660000.ethernet: Using NCSI interface
Sep 29 17:33:55 witherspoon kernel: ftgmac100 1e660000.ethernet eth0: irq 20, mapped at f0060000
Sep 29 17:33:55 witherspoon kernel: ehci_hcd: USB 2.0 'Enhanced' Host Controller (EHCI) Driver
Sep 29 17:33:55 witherspoon kernel: ehci-platform: EHCI generic platform driver
Sep 29 17:33:55 witherspoon kernel: i2c /dev entries driver
Sep 29 17:33:55 witherspoon kernel: aspeed-i2c-bus 1e78a0c0.i2c-bus: i2c bus 2 registered, irq 26
Sep 29 17:33:55 witherspoon kernel: aspeed-i2c-bus 1e78a100.i2c-bus: i2c bus 3 registered, irq 27
Sep 29 17:33:55 witherspoon kernel: aspeed-i2c-bus 1e78a140.i2c-bus: i2c bus 4 registered, irq 28
Sep 29 17:33:55 witherspoon kernel: aspeed-i2c-bus 1e78a180.i2c-bus: i2c bus 5 registered, irq 29
Sep 29 17:33:55 witherspoon kernel: aspeed-i2c-bus 1e78a380.i2c-bus: i2c bus 9 registered, irq 30
Sep 29 17:33:55 witherspoon kernel: aspeed-i2c-bus 1e78a3c0.i2c-bus: i2c bus 10 registered, irq 31
Sep 29 17:33:55 witherspoon kernel: rtc-rv8803 11-0032: Voltage low, temperature compensation stopped.
Sep 29 17:33:55 witherspoon kernel: rtc-rv8803 11-0032: An alarm maybe have been missed.
Sep 29 17:33:55 witherspoon kernel: rtc-rv8803 11-0032: rtc core: registered rx8900 as rtc0
Sep 29 17:33:55 witherspoon kernel: at24 11-0051: 8192 byte 24c64 EEPROM, writable, 1 bytes/write
Sep 29 17:33:55 witherspoon kernel: aspeed-i2c-bus 1e78a400.i2c-bus: i2c bus 11 registered, irq 32
Sep 29 17:33:55 witherspoon kernel: aspeed-i2c-bus 1e78a440.i2c-bus: i2c bus 12 registered, irq 33
Sep 29 17:33:55 witherspoon kernel: aspeed-i2c-bus 1e78a480.i2c-bus: i2c bus 13 registered, irq 34
Sep 29 17:33:55 witherspoon kernel: Driver for 1-wire Dallas network protocol.
Sep 29 17:33:55 witherspoon kernel: lm75 9-004a: hwmon0: sensor 'tmp275'
Sep 29 17:33:55 witherspoon kernel: ucd9000 11-0064: Device ID UCD90160|2.3.4.0000|110603
Sep 29 17:33:55 witherspoon kernel: leds-pca955x 3-0060: leds-pca955x: Using pca9552 16-bit LED driver at slave address 0x60
Sep 29 17:33:55 witherspoon kernel: leds-pca955x 3-0060: gpios 238...253
Sep 29 17:33:55 witherspoon kernel: leds-pca955x 11-0060: leds-pca955x: Using pca9552 16-bit LED driver at slave address 0x60
Sep 29 17:33:55 witherspoon kernel: leds-pca955x 11-0060: gpios 222...237
Sep 29 17:33:55 witherspoon kernel: usbcore: registered new interface driver usbhid
Sep 29 17:33:55 witherspoon kernel: usbhid: USB HID core driver
Sep 29 17:33:55 witherspoon kernel: NET: Registered protocol family 10
Sep 29 17:33:55 witherspoon kernel: Segment Routing with IPv6
Sep 29 17:33:55 witherspoon kernel: NET: Registered protocol family 17
Sep 29 17:33:55 witherspoon kernel: 8021q: 802.1Q VLAN Support v1.8
Sep 29 17:33:55 witherspoon kernel: input: gpio-keys-polled as /devices/platform/gpio-keys-polled/input/input1
Sep 29 17:33:55 witherspoon kernel: ubi0: default fastmap pool size: 25
Sep 29 17:33:55 witherspoon kernel: ubi0: default fastmap WL pool size: 12
Sep 29 17:33:55 witherspoon kernel: ubi0: attaching mtd3
Sep 29 17:33:55 witherspoon kernel: ubi0: scanning is finished
Sep 29 17:33:55 witherspoon kernel: ubi0: attached mtd3 (name "obmc-ubi", size 31 MiB)
Sep 29 17:33:55 witherspoon kernel: ubi0: PEB size: 65536 bytes (64 KiB), LEB size: 65408 bytes
Sep 29 17:33:55 witherspoon kernel: ubi0: min./max. I/O unit sizes: 1/256, sub-page size 1
Sep 29 17:33:55 witherspoon kernel: ubi0: VID header offset: 64 (aligned 64), data offset: 128
Sep 29 17:33:55 witherspoon kernel: ubi0: good PEBs: 504, bad PEBs: 0, corrupted PEBs: 0
Sep 29 17:33:55 witherspoon kernel: ubi0: user volume: 4, internal volumes: 1, max. volumes count: 128
Sep 29 17:33:55 witherspoon kernel: ubi0: max/mean erase counter: 49/39, WL threshold: 4096, image sequence number: 1358235831
Sep 29 17:33:55 witherspoon kernel: ubi0: available PEBs: 46, total reserved PEBs: 458, PEBs reserved for bad PEB handling: 0
Sep 29 17:33:55 witherspoon kernel: ubi0: background thread "ubi_bgt0d" started, PID 507
Sep 29 17:33:55 witherspoon kernel: ubi4: default fastmap pool size: 25
Sep 29 17:33:55 witherspoon kernel: ubi4: default fastmap WL pool size: 12
Sep 29 17:33:55 witherspoon kernel: ubi4: attaching mtd7
Sep 29 17:33:55 witherspoon kernel: ubi4: scanning is finished
Sep 29 17:33:55 witherspoon kernel: ubi4: attached mtd7 (name "alt-obmc-ubi", size 31 MiB)
Sep 29 17:33:55 witherspoon kernel: ubi4: PEB size: 65536 bytes (64 KiB), LEB size: 65408 bytes
Sep 29 17:33:55 witherspoon kernel: ubi4: min./max. I/O unit sizes: 1/256, sub-page size 1
Sep 29 17:33:55 witherspoon kernel: ubi4: VID header offset: 64 (aligned 64), data offset: 128
Sep 29 17:33:55 witherspoon kernel: ubi4: good PEBs: 504, bad PEBs: 0, corrupted PEBs: 0
Sep 29 17:33:55 witherspoon kernel: ubi4: user volume: 4, internal volumes: 1, max. volumes count: 128
Sep 29 17:33:55 witherspoon kernel: ubi4: max/mean erase counter: 41/31, WL threshold: 4096, image sequence number: 1358235831
Sep 29 17:33:55 witherspoon kernel: ubi4: available PEBs: 46, total reserved PEBs: 458, PEBs reserved for bad PEB handling: 0
Sep 29 17:33:55 witherspoon kernel: ubi4: background thread "ubi_bgt4d" started, PID 513
Sep 29 17:33:55 witherspoon kernel: block ubiblock0_0: created from ubi0:0(rofs-7bf5cb2c)
Sep 29 17:33:55 witherspoon kernel: console [netcon0] enabled
Sep 29 17:33:55 witherspoon kernel: netconsole: network logging started
Sep 29 17:33:55 witherspoon kernel: input: gpio-keys as /devices/platform/gpio-keys/input/input2
Sep 29 17:33:55 witherspoon kernel: rtc-rv8803 11-0032: setting system clock to 2017-09-29 17:33:49 UTC (1506706429)
Sep 29 17:33:55 witherspoon kernel: VFS: Mounted root (squashfs filesystem) readonly on device 254:0.
Sep 29 17:33:55 witherspoon kernel: devtmpfs: mounted
Sep 29 17:33:55 witherspoon kernel: Freeing unused kernel memory: 284K
Sep 29 17:33:55 witherspoon kernel: This architecture does not have kernel memory protection.
Sep 29 17:33:55 witherspoon systemd[1]: Failed to insert module 'autofs4': No such file or directory
Sep 29 17:33:55 witherspoon systemd[1]: systemd 232 running in system mode. (+PAM -AUDIT -SELINUX -IMA -APPARMOR -SMACK +SYSVINIT -UTMP -LIBCRYPTSETUP -GCRYPT -GNUTLS +ACL +XZ -LZ4 -SECCOMP +BLKID -ELFUTILS +KMOD -IDN)
Sep 29 17:33:55 witherspoon systemd[1]: Detected architecture arm.
Sep 29 17:33:55 witherspoon systemd[1]: Set hostname to <witherspoon>.
Sep 29 17:33:55 witherspoon systemd[1]: Initializing machine ID from random generator.
Sep 29 17:33:55 witherspoon systemd[1]: Installed transient /etc/machine-id file.
Sep 29 17:33:55 witherspoon systemd[1]: [/lib/systemd/system/obmc-standby.target.requires/../witherspoon-power-supply-monitor@.service:12] Unknown lvalue 'SysLogIdentifier' in section 'Service'
Sep 29 17:33:55 witherspoon systemd[1]: [/lib/systemd/system/obmc-standby.target.requires/../witherspoon-power-supply-monitor@.service:12] Unknown lvalue 'SysLogIdentifier' in section 'Service'
Sep 29 17:33:55 witherspoon systemd[1]: Listening on Journal Socket (/dev/log).
Sep 29 17:33:55 witherspoon systemd[1]: Listening on udev Control Socket.
Sep 29 17:33:55 witherspoon systemd[1]: Reached target Swap.
Sep 29 17:33:55 witherspoon systemd-journald[636]: Journal started
Sep 29 17:33:55 witherspoon systemd-journald[636]: Runtime journal (/run/log/journal/39afeb6ad498445e873fc79169590c23) is 0B, max 0B, 0B free.
Sep 29 17:33:55 witherspoon systemd-sysctl[633]: Couldn't write '16' to 'kernel/sysrq', ignoring: No such file or directory
Sep 29 17:33:55 witherspoon systemd-sysctl[633]: Couldn't write 'fq_codel' to 'net/core/default_qdisc', ignoring: No such file or directory
Sep 29 17:33:55 witherspoon systemd[1]: Started Apply Kernel Variables.
Sep 29 17:33:55 witherspoon systemd[1]: Started Remount Root and Kernel File Systems.
Sep 29 17:33:55 witherspoon systemd[1]: Starting Create Static Device Nodes in /dev...
Sep 29 17:33:55 witherspoon systemd[1]: Started Create Static Device Nodes in /dev.
Sep 29 17:33:55 witherspoon systemd[1]: Reached target Local File Systems (Pre).
Sep 29 17:33:55 witherspoon systemd[1]: Mounting /media...
Sep 29 17:33:55 witherspoon systemd[1]: var.mount: Directory /var to mount over is not empty, mounting anyway.
Sep 29 17:33:55 witherspoon systemd[1]: Mounting /var...
Sep 29 17:33:55 witherspoon systemd[1]: Mounting /usr/local...
Sep 29 17:33:55 witherspoon systemd[1]: Starting udev Kernel Device Manager...
Sep 29 17:33:56 witherspoon systemd[1]: Mounted /usr/local.
Sep 29 17:33:56 witherspoon systemd[1]: Mounted /media.
Sep 29 17:33:56 witherspoon systemd[1]: Mounted /var.
Sep 29 17:33:56 witherspoon systemd[1]: Starting Flush Journal to Persistent Storage...
Sep 29 17:33:56 witherspoon kernel: UBIFS (ubi0:2): UBIFS: mounted UBI device 0, volume 2, name "rwfs"
Sep 29 17:33:56 witherspoon kernel: UBIFS (ubi0:2): LEB size: 65408 bytes (63 KiB), min./max. I/O unit sizes: 8 bytes/256 bytes
Sep 29 17:33:56 witherspoon kernel: UBIFS (ubi0:2): FS size: 3597440 bytes (3 MiB, 55 LEBs), journal size 719488 bytes (0 MiB, 11 LEBs)
Sep 29 17:33:56 witherspoon kernel: UBIFS (ubi0:2): reserved for root: 0 bytes (0 KiB)
Sep 29 17:33:56 witherspoon kernel: UBIFS (ubi0:2): media format: w4/r0 (latest is w5/r0), UUID F6AF7850-1C6E-4E2A-94BB-A56899CAF080, small LPT model
Sep 29 17:33:56 witherspoon kernel: UBIFS (ubi0:2): background thread "ubifs_bgt0_2" started, PID 654
Sep 29 17:33:56 witherspoon systemd[1]: Starting Prepare for overlay fs...
Sep 29 17:33:56 witherspoon systemd[1]: Mounting /var/volatile...
Sep 29 17:33:56 witherspoon systemd[1]: Mounted /var/volatile.
Sep 29 17:33:57 witherspoon systemd[1]: Starting Load/Save Random Seed...
Sep 29 17:33:57 witherspoon systemd[1]: Started Load/Save Random Seed.
Sep 29 17:33:57 witherspoon systemd[1]: Started udev Coldplug all Devices.
Sep 29 17:33:57 witherspoon systemd[1]: Started udev Kernel Device Manager.
Sep 29 17:33:57 witherspoon systemd-journald[636]: Runtime journal (/run/log/journal/39afeb6ad498445e873fc79169590c23) is 0B, max 0B, 0B free.
Sep 29 17:33:57 witherspoon systemd[1]: Started Flush Journal to Persistent Storage.
Sep 29 17:33:58 witherspoon systemd[1]: Found device /dev/aspeed-lpc-ctrl.
Sep 29 17:33:58 witherspoon systemd[1]: Found device /dev/aspeed-mbox.
Sep 29 17:33:58 witherspoon systemd[1]: Created slice system-xyz.openbmc_project.Hwmon.slice.
Sep 29 17:33:58 witherspoon systemd[1]: dev-hugepages.mount: Couldn't determine result for ConditionVirtualization=!private-users, assuming failed: No such file or directory
Sep 29 17:33:59 witherspoon systemd[1]: Started Prepare for overlay fs.
Sep 29 17:33:59 witherspoon systemd[1]: Found device /dev/ttyS4.
Sep 29 17:33:59 witherspoon systemd[1]: Found device /dev/ttyVUART0.
Sep 29 17:34:00 witherspoon systemd[1]: Created slice system-xyz.openbmc_project.led.controller.slice.
Sep 29 17:34:01 witherspoon systemd[1]: Starting Prepare for overlay fs...
Sep 29 17:34:01 witherspoon systemd[1]: dev-hugepages.mount: Couldn't determine result for ConditionVirtualization=!private-users, assuming failed: No such file or directory
Sep 29 17:34:01 witherspoon systemd[1]: Started Prepare for overlay fs.
Sep 29 17:34:01 witherspoon systemd[1]: home.mount: Directory /home to mount over is not empty, mounting anyway.
Sep 29 17:34:01 witherspoon systemd[1]: Mounting /home...
Sep 29 17:34:01 witherspoon systemd[1]: etc.mount: Directory /etc to mount over is not empty, mounting anyway.
Sep 29 17:34:01 witherspoon systemd[1]: Mounting /etc...
Sep 29 17:34:01 witherspoon systemd[1]: Mounted /home.
Sep 29 17:34:01 witherspoon systemd[1]: Mounted /etc.
Sep 29 17:34:01 witherspoon systemd[1]: Reached target Local File Systems.
Sep 29 17:34:01 witherspoon systemd[1]: Starting Create Volatile Files and Directories...
Sep 29 17:34:01 witherspoon systemd[1]: Started Create Volatile Files and Directories.
Sep 29 17:34:01 witherspoon systemd[1]: Starting Network Time Synchronization...
Sep 29 17:34:01 witherspoon systemd[1]: Started Network Time Synchronization.
Sep 29 17:34:01 witherspoon systemd[1]: Reached target System Time Synchronized.
Sep 29 17:34:01 witherspoon systemd[1]: Reached target System Initialization.
Sep 29 17:34:01 witherspoon systemd[1]: Listening on Phosphor Webserver socket.
Sep 29 17:34:01 witherspoon systemd[1]: Listening on phosphor-ipmi-net.socket.
Sep 29 17:34:01 witherspoon systemd[1]: Started Daily Cleanup of Temporary Directories.
Sep 29 17:34:01 witherspoon systemd[1]: Reached target Timers.
Sep 29 17:34:02 witherspoon systemd[1]: Listening on dropbear.socket.
Sep 29 17:34:02 witherspoon systemd[1]: Listening on Phosphor Host Console SSH Per-Connection socket.
Sep 29 17:34:02 witherspoon systemd[1]: Listening on D-Bus System Message Bus Socket.
Sep 29 17:34:02 witherspoon systemd[1]: Listening on Avahi mDNS/DNS-SD Stack Activation Socket.
Sep 29 17:34:02 witherspoon systemd[1]: Listening on Phosphor DBUS Browser socket.
Sep 29 17:34:02 witherspoon systemd[1]: Reached target Sockets.
Sep 29 17:34:02 witherspoon systemd[1]: Reached target Basic System.
Sep 29 17:34:02 witherspoon systemd[1]: Reached target Containers.
Sep 29 17:34:02 witherspoon systemd[1]: Starting Remount the squashfs and ubi volumes after a reboot...
Sep 29 17:34:02 witherspoon systemd[1]: Starting Phosphor IPMI BT DBus Bridge...
Sep 29 17:34:02 witherspoon systemd[1]: Starting Avahi mDNS/DNS-SD Stack...
Sep 29 17:34:02 witherspoon systemd[1]: Starting Phosphor Inventory Manager...
Sep 29 17:34:02 witherspoon systemd[1]: Starting Remount the ubi volume after a reboot...
Sep 29 17:34:02 witherspoon systemd[1]: Started Phosphor Console Muxer listening on device /dev/ttyVUART0.
Sep 29 17:34:02 witherspoon systemd[1]: Starting Phosphor Download Manager...
Sep 29 17:34:02 witherspoon systemd[1]: Starting Phosphor Dump Manager...
Sep 29 17:34:02 witherspoon systemd[1]: Starting Phosphor Settings Daemon...
Sep 29 17:34:02 witherspoon systemd[1]: Starting Phosphor Sensor Manager...
Sep 29 17:34:02 witherspoon systemd[1]: Started Phosphor sysfs LED controller.
Sep 29 17:34:02 witherspoon systemd[1]: Starting Phosphor User Manager...
Sep 29 17:34:02 witherspoon systemd[1]: Started Hardware RNG Entropy Gatherer Daemon.
Sep 29 17:34:02 witherspoon systemd[1]: Starting Phosphor Log Manager...
Sep 29 17:34:02 witherspoon systemd[1]: Starting Phosphor BMC0 Control...
Sep 29 17:34:02 witherspoon systemd[1]: Starting Phosphor LED Group Management Daemon...
Sep 29 17:34:03 witherspoon systemd[1]: Started Phosphor sysfs LED controller.
Sep 29 17:34:03 witherspoon systemd[1]: Started Phosphor sysfs LED controller.
Sep 29 17:34:03 witherspoon systemd[1]: Starting Phosphor Network Manager...
Sep 29 17:34:03 witherspoon systemd[1]: Started Phosphor sysfs LED controller.
Sep 29 17:34:03 witherspoon systemd[1]: Started Phosphor Dump core monitor..
Sep 29 17:34:03 witherspoon systemd[1]: Starting Phosphor DBus Service Discovery Manager...
Sep 29 17:34:03 witherspoon systemd[1]: Started D-Bus System Message Bus.
Sep 29 17:34:06 witherspoon kernel: ubi: ubi0 already exists
Sep 29 17:34:06 witherspoon kernel: ubi8: default fastmap pool size: 100
Sep 29 17:34:06 witherspoon kernel: ubi8: default fastmap WL pool size: 50
Sep 29 17:34:06 witherspoon kernel: ubi8: attaching mtd8
Sep 29 17:34:06 witherspoon kernel: ubi8: scanning is finished
Sep 29 17:34:06 witherspoon kernel: ubi8: attached mtd8 (name "pnor", size 128 MiB)
Sep 29 17:34:06 witherspoon kernel: ubi8: PEB size: 65536 bytes (64 KiB), LEB size: 65408 bytes
Sep 29 17:34:06 witherspoon kernel: ubi8: min./max. I/O unit sizes: 1/256, sub-page size 1
Sep 29 17:34:06 witherspoon kernel: ubi8: VID header offset: 64 (aligned 64), data offset: 128
Sep 29 17:34:06 witherspoon kernel: ubi8: good PEBs: 2048, bad PEBs: 0, corrupted PEBs: 0
Sep 29 17:34:06 witherspoon kernel: ubi8: user volume: 6, internal volumes: 1, max. volumes count: 128
Sep 29 17:34:06 witherspoon kernel: ubi8: max/mean erase counter: 42/29, WL threshold: 4096, image sequence number: 91395301
Sep 29 17:34:06 witherspoon kernel: ubi8: available PEBs: 468, total reserved PEBs: 1580, PEBs reserved for bad PEB handling: 0
Sep 29 17:34:07 witherspoon kernel: ubi8: background thread "ubi_bgt8d" started, PID 1004
Sep 29 17:34:07 witherspoon avahi-daemon[956]: Found user 'avahi' (UID 999) and group 'avahi' (GID 999).
Sep 29 17:34:07 witherspoon avahi-daemon[956]: Successfully dropped root privileges.
Sep 29 17:34:07 witherspoon avahi-daemon[956]: avahi-daemon 0.6.32 starting up.
Sep 29 17:34:08 witherspoon avahi-daemon[956]: Successfully called chroot().
Sep 29 17:34:08 witherspoon avahi-daemon[956]: Successfully dropped remaining capabilities.
Sep 29 17:34:08 witherspoon avahi-daemon[956]: Loading service file /services/obmc_console.service.
Sep 29 17:34:08 witherspoon avahi-daemon[956]: Loading service file /services/phosphor_rest.service.
Sep 29 17:34:08 witherspoon avahi-daemon[956]: Loading service file /services/sftp-ssh.service.
Sep 29 17:34:08 witherspoon avahi-daemon[956]: Loading service file /services/sftp.service.
Sep 29 17:34:08 witherspoon avahi-daemon[956]: Loading service file /services/ssh.service.
Sep 29 17:34:08 witherspoon avahi-daemon[956]: Network interface enumeration completed.
Sep 29 17:34:08 witherspoon avahi-daemon[956]: Server startup complete. Host name is witherspoon.local. Local service cookie is 3236483291.
Sep 29 17:34:08 witherspoon avahi-daemon[956]: Service "witherspoon" (/services/ssh.service) successfully established.
Sep 29 17:34:08 witherspoon avahi-daemon[956]: Service "sftp" (/services/sftp.service) successfully established.
Sep 29 17:34:08 witherspoon avahi-daemon[956]: Service "witherspoon" (/services/sftp-ssh.service) successfully established.
Sep 29 17:34:08 witherspoon avahi-daemon[956]: Service "phosphor_rest" (/services/phosphor_rest.service) successfully established.
Sep 29 17:34:08 witherspoon avahi-daemon[956]: Service "obmc_console" (/services/obmc_console.service) successfully established.
Sep 29 17:34:08 witherspoon systemd[1]: Started Phosphor Settings Daemon.
Sep 29 17:34:08 witherspoon obmc-flash-bios[954]: UBI device number 8, total 2048 LEBs (133955584 bytes, 127.8 MiB), available 468 LEBs (30610944 bytes, 29.2 MiB), LEB size 65408 bytes (63.9 KiB)
Sep 29 17:34:08 witherspoon systemd[1]: Started Phosphor LED Group Management Daemon.
Sep 29 17:34:08 witherspoon systemd[1]: Started Phosphor Inventory Manager.
Sep 29 17:34:09 witherspoon systemd[1]: Started Phosphor IPMI BT DBus Bridge.
Sep 29 17:34:09 witherspoon systemd[1]: Started Avahi mDNS/DNS-SD Stack.
Sep 29 17:34:09 witherspoon systemd[1]: Started Phosphor Download Manager.
Sep 29 17:34:09 witherspoon systemd[1]: Starting Network Service...
Sep 29 17:34:09 witherspoon systemd[1]: Started Phosphor sysfs LED controller.
Sep 29 17:34:10 witherspoon systemd[1]: Started Phosphor sysfs LED controller.
Sep 29 17:34:10 witherspoon systemd[1]: Started Phosphor sysfs LED controller.
Sep 29 17:34:10 witherspoon systemd[1]: Starting Phosphor Chassis0 Control...
Sep 29 17:34:10 witherspoon systemd[1]: Started Kernel Logging Service.
Sep 29 17:34:11 witherspoon systemd[1]: Started System Logging Service.
Sep 29 17:34:11 witherspoon kernel[1050]: klogd started: BusyBox v1.24.1 (2017-06-16 19:29:08 UTC)
Sep 29 17:34:11 witherspoon kernel[1050]: [    0.000000] OF: fdt:Machine model: Witherspoon BMC
Sep 29 17:34:11 witherspoon kernel[1050]: [    0.000000] Memory policy: Data cache writeback
Sep 29 17:34:11 witherspoon kernel[1050]: [    0.000000] SOC Rev: 04030303
Sep 29 17:34:11 witherspoon kernel[1050]: [    0.000000] On node 0 totalpages: 110592
Sep 29 17:34:11 witherspoon kernel[1050]: [    0.000000] free_area_init_node: node 0, pgdat 806038a4, node_mem_map 9ec1a000
Sep 29 17:34:11 witherspoon kernel[1050]: [    0.000000]   Normal zone: 992 pages used for memmap
Sep 29 17:34:11 witherspoon kernel[1050]: [    0.000000]   Normal zone: 0 pages reserved
Sep 29 17:34:11 witherspoon kernel[1050]: [    0.000000]   Normal zone: 110592 pages, LIFO batch:31
Sep 29 17:34:11 witherspoon kernel[1050]: [    0.000000] pcpu-alloc: s0 r0 d32768 u32768 alloc=1*32768
Sep 29 17:34:11 witherspoon kernel[1050]: [    0.000000] pcpu-alloc: [0] 0
Sep 29 17:34:11 witherspoon kernel[1050]: [    0.000000] Built 1 zonelists in Zone order, mobility grouping on.  Total pages: 109600
Sep 29 17:34:11 witherspoon kernel[1050]: [    0.000000] Kernel command line: console=ttyS4,115200n8 ubi.mtd=obmc-ubi,0,0,0 ubi.mtd=alt-obmc-ubi,0,0,4 ro rootfstype=squashfs ubi.block=0,0 root=/dev/ubiblock0_0
Sep 29 17:34:11 witherspoon kernel[1050]: [    0.000000] PID hash table entries: 2048 (order: 1, 8192 bytes)
Sep 29 17:34:11 witherspoon kernel[1050]: [    0.000000] Dentry cache hash table entries: 65536 (order: 6, 262144 bytes)
Sep 29 17:34:11 witherspoon kernel[1050]: [    0.000000] Inode-cache hash table entries: 32768 (order: 5, 131072 bytes)
Sep 29 17:34:11 witherspoon kernel[1050]: [    0.000000] Memory: 431960K/442368K available (4077K kernel code, 281K rwdata, 1196K rodata, 284K init, 111K bss, 10408K reserved, 0K cma-reserved)
Sep 29 17:34:11 witherspoon kernel[1050]: [    0.000000] Virtual kernel memory layout:
Sep 29 17:34:11 witherspoon kernel[1050]: [    0.000000]     vector  : 0xffff0000 - 0xffff1000   (   4 kB)
Sep 29 17:34:11 witherspoon kernel[1050]: [    0.000000]     fixmap  : 0xffc00000 - 0xfff00000   (3072 kB)
Sep 29 17:34:11 witherspoon kernel[1050]: [    0.000000]     vmalloc : 0x9f800000 - 0xff800000   (1536 MB)
Sep 29 17:34:11 witherspoon kernel[1050]: [    0.000000]     lowmem  : 0x80000000 - 0x9f000000   ( 496 MB)
Sep 29 17:34:11 witherspoon kernel[1050]: [    0.000000]       .text : 0x80008000 - 0x80403740   (4078 kB)
Sep 29 17:34:11 witherspoon kernel[1050]: [    0.000000]       .init : 0x80589000 - 0x805d0000   ( 284 kB)
Sep 29 17:34:11 witherspoon kernel[1050]: [    0.000000]       .data : 0x805d0000 - 0x806167a8   ( 282 kB)
Sep 29 17:34:11 witherspoon kernel[1050]: [    0.000000]        .bss : 0x806167a8 - 0x80632678   ( 112 kB)
Sep 29 17:34:11 witherspoon kernel[1050]: [    0.000000] NR_IRQS:16 nr_irqs:16 16
Sep 29 17:34:11 witherspoon kernel[1050]: [    0.000000] i2c controller registered, irq 16
Sep 29 17:34:11 witherspoon kernel[1050]: [    0.000000] clocksource: moxart_timer: mask: 0xffffffff max_cycles: 0xffffffff, max_idle_ns: 77222644334 ns
Sep 29 17:34:11 witherspoon kernel[1050]: [    0.000000] sched_clock: 32 bits at 100 Hz, resolution 10000000ns, wraps every 21474836475000000ns
Sep 29 17:34:11 witherspoon kernel[1050]: [    0.090000] Calibrating delay loop... 789.70 BogoMIPS (lpj=3948544)
Sep 29 17:34:11 witherspoon kernel[1050]: [    0.090000] pid_max: default: 32768 minimum: 301
Sep 29 17:34:11 witherspoon kernel[1050]: [    0.090000] Mount-cache hash table entries: 1024 (order: 0, 4096 bytes)
Sep 29 17:34:11 witherspoon kernel[1050]: [    0.090000] Mountpoint-cache hash table entries: 1024 (order: 0, 4096 bytes)
Sep 29 17:34:11 witherspoon kernel[1050]: [    0.090000] CPU: Testing write buffer coherency: ok
Sep 29 17:34:11 witherspoon kernel[1050]: [    0.090000] ftrace: allocating 14991 entries in 44 pages
Sep 29 17:34:11 witherspoon kernel[1050]: [    0.120000] Setting up static identity map for 0x80008200 - 0x8000825c
Sep 29 17:34:11 witherspoon kernel[1050]: [    0.130000] devtmpfs: initialized
Sep 29 17:34:11 witherspoon kernel[1050]: [    0.140000] clocksource: jiffies: mask: 0xffffffff max_cycles: 0xffffffff, max_idle_ns: 19112604462750000 ns
Sep 29 17:34:11 witherspoon kernel[1050]: [    0.140000] futex hash table entries: 256 (order: -1, 3072 bytes)
Sep 29 17:34:11 witherspoon kernel[1050]: [    0.140000] pinctrl core: initialized pinctrl subsystem
Sep 29 17:34:11 witherspoon kernel[1050]: [    0.140000] NET: Registered protocol family 16
Sep 29 17:34:11 witherspoon kernel[1050]: [    0.140000] DMA: preallocated 256 KiB pool for atomic coherent allocations
Sep 29 17:34:11 witherspoon kernel[1050]: [    0.210000] usbcore: registered new interface driver usbfs
Sep 29 17:34:11 witherspoon kernel[1050]: [    0.210000] usbcore: registered new interface driver hub
Sep 29 17:34:11 witherspoon kernel[1050]: [    0.210000] usbcore: registered new device driver usb
Sep 29 17:34:11 witherspoon kernel[1050]: [    0.220000] clocksource: Switched to clocksource moxart_timer
Sep 29 17:34:11 witherspoon kernel[1050]: [    0.240000] NET: Registered protocol family 2
Sep 29 17:34:11 witherspoon kernel[1050]: [    0.240000] TCP established hash table entries: 4096 (order: 2, 16384 bytes)
Sep 29 17:34:11 witherspoon kernel[1050]: [    0.240000] TCP bind hash table entries: 4096 (order: 2, 16384 bytes)
Sep 29 17:34:11 witherspoon kernel[1050]: [    0.240000] TCP: Hash tables configured (established 4096 bind 4096)
Sep 29 17:34:11 witherspoon kernel[1050]: [    0.240000] UDP hash table entries: 256 (order: 0, 4096 bytes)
Sep 29 17:34:11 witherspoon kernel[1050]: [    0.240000] UDP-Lite hash table entries: 256 (order: 0, 4096 bytes)
Sep 29 17:34:11 witherspoon kernel[1050]: [    0.240000] NET: Registered protocol family 1
Sep 29 17:34:11 witherspoon kernel[1050]: [    0.240000] workingset: timestamp_bits=30 max_order=17 bucket_order=0
Sep 29 17:34:11 witherspoon kernel[1050]: [    0.240000] squashfs: version 4.0 (2009/01/31) Phillip Lougher
Sep 29 17:34:11 witherspoon kernel[1050]: [    0.240000] jffs2: version 2.2. (SUMMARY)  © 2001-2006 Red Hat, Inc.
Sep 29 17:34:11 witherspoon kernel[1050]: [    0.240000] Block layer SCSI generic (bsg) driver version 0.4 loaded (major 250)
Sep 29 17:34:11 witherspoon systemd[1]: Starting Check PNOR UBI format...
Sep 29 17:34:11 witherspoon kernel[1050]: [    0.240000] io scheduler noop registered
Sep 29 17:34:11 witherspoon systemd[1]: Starting Clear one time boot overrides...
Sep 29 17:34:11 witherspoon kernel[1050]: [    0.240000] io scheduler deadline registered
Sep 29 17:34:11 witherspoon systemd[1]: Starting Phosphor Download Manager...
Sep 29 17:34:11 witherspoon kernel[1050]: [    0.240000] io scheduler cfq registered (default)
Sep 29 17:34:11 witherspoon systemd[1]: Starting Updates symlinks for active PNOR version...
Sep 29 17:34:11 witherspoon kernel[1050]: [    0.260000] ipmi-bt-host 1e789140.ibt: Found bt bmc device
Sep 29 17:34:12 witherspoon systemd[1]: Started Phosphor sysfs LED controller.
Sep 29 17:34:11 witherspoon kernel[1050]: [    0.260000] ipmi-bt-host 1e789140.ibt: Using IRQ 22
Sep 29 17:34:12 witherspoon systemd[1]: Started Phosphor sysfs LED controller.
Sep 29 17:34:13 witherspoon obmc-flash-bios[1061]: '/var/lib/phosphor-software-manager/pnor/ro' -> '/media/pnor-ro-7a9ef57c'
Sep 29 17:34:11 witherspoon kernel[1050]: [    0.260000] Serial: 8250/16550 driver, 6 ports, IRQ sharing enabled
Sep 29 17:34:12 witherspoon systemd[1]: Started Phosphor sysfs LED controller.
Sep 29 17:34:13 witherspoon obmc-flash-bios[1061]: '/var/lib/phosphor-software-manager/pnor/rw' -> '/media/pnor-rw-7a9ef57c'
Sep 29 17:34:11 witherspoon kernel[1050]: [    0.290000] 1e787000.vuart: ttyS5 at MMIO 0x1e787000 (irq = 22, base_baud = 1500000) is a 16550A
Sep 29 17:34:13 witherspoon systemd[1]: Starting Phosphor Inventory Manager...
Sep 29 17:34:11 witherspoon kernel[1050]: [    0.290000] 1e783000.serial: ttyS0 at MMIO 0x1e783000 (irq = 23, base_baud = 1500000) is a 16550A
Sep 29 17:34:13 witherspoon systemd[1]: Started Updates symlinks for active PNOR version.
Sep 29 17:34:11 witherspoon kernel[1050]: [    0.290000] 1e78d000.serial: ttyS1 at MMIO 0x1e78d000 (irq = 24, base_baud = 1500000) is a 16550A
Sep 29 17:34:13 witherspoon systemd[1]: Started Phosphor Log Manager.
Sep 29 17:34:11 witherspoon kernel[1050]: [    0.290000] 1e784000.serial: ttyS4 at MMIO 0x1e784000 (irq = 25, base_baud = 1500000) is a 16550A
Sep 29 17:34:13 witherspoon systemd[1]: Started Check PNOR UBI format.
Sep 29 17:34:11 witherspoon kernel[1050]: [    0.640000] console [ttyS4] enabled
Sep 29 17:34:14 witherspoon systemd[1]: Started Phosphor Dump Manager.
Sep 29 17:34:11 witherspoon kernel[1050]: [    0.780000] timeriomem_rng 1e6e2078.hwrng: 32bits from 0xf00e2078 @ 1us
Sep 29 17:34:11 witherspoon kernel[1050]: [    0.800000] random: fast init done
Sep 29 17:34:11 witherspoon kernel[1050]: [    0.840000] brd: module loaded
Sep 29 17:34:11 witherspoon kernel[1050]: [    0.850000] random: crng init done
Sep 29 17:34:11 witherspoon kernel[1050]: [    0.870000] loop: module loaded
Sep 29 17:34:11 witherspoon kernel[1050]: [    0.870000] aspeed-lpc-ctrl 1e789080.lpc-ctrl: Loaded at 0x98000000 (0x04000000)
Sep 29 17:34:11 witherspoon kernel[1050]: [    0.880000] aspeed-smc 1e620000.flash-controller: Using IRQ 18
Sep 29 17:34:11 witherspoon kernel[1050]: [    0.880000] aspeed-smc 1e620000.flash-controller: DMA support disabled.
Sep 29 17:34:11 witherspoon kernel[1050]: [    0.900000] aspeed-smc 1e620000.flash-controller: mx25l25635e (32768 Kbytes)
Sep 29 17:34:11 witherspoon kernel[1050]: [    0.900000] aspeed-smc 1e620000.flash-controller: CE0 window [ 0x20000000 - 0x22000000 ] 32MB
Sep 29 17:34:11 witherspoon kernel[1050]: [    0.900000] aspeed-smc 1e620000.flash-controller: CE1 window [ 0x22000000 - 0x2a000000 ] 128MB
Sep 29 17:34:11 witherspoon kernel[1050]: [    0.900000] 3 ofpart partitions found on MTD device bmc
Sep 29 17:34:11 witherspoon kernel[1050]: [    0.920000] Creating 3 MTD partitions on "bmc":
Sep 29 17:34:11 witherspoon kernel[1050]: [    0.920000] 0x000000000000-0x000000060000 : "u-boot"
Sep 29 17:34:11 witherspoon kernel[1050]: [    0.920000] 0x000000060000-0x000000080000 : "u-boot-env"
Sep 29 17:34:11 witherspoon kernel[1050]: [    0.920000] 0x000000080000-0x000002000000 : "obmc-ubi"
Sep 29 17:34:11 witherspoon kernel[1050]: [    0.960000] aspeed-smc 1e620000.flash-controller: mx25l25635e (32768 Kbytes)
Sep 29 17:34:11 witherspoon kernel[1050]: [    0.970000] aspeed-smc 1e620000.flash-controller: CE1 window [ 0x22000000 - 0x24000000 ] 32MB
Sep 29 17:34:11 witherspoon kernel[1050]: [    0.970000] aspeed-smc 1e620000.flash-controller: CE2 window [ 0x24000000 - 0x2c000000 ] 128MB
Sep 29 17:34:11 witherspoon kernel[1050]: [    0.990000] 3 ofpart partitions found on MTD device alt-bmc
Sep 29 17:34:11 witherspoon kernel[1050]: [    0.990000] Creating 3 MTD partitions on "alt-bmc":
Sep 29 17:34:11 witherspoon kernel[1050]: [    1.000000] 0x000000000000-0x000000060000 : "alt-u-boot"
Sep 29 17:34:11 witherspoon kernel[1050]: [    1.000000] 0x000000060000-0x000000080000 : "alt-u-boot-env"
Sep 29 17:34:11 witherspoon kernel[1050]: [    1.020000] 0x000000080000-0x000002000000 : "alt-obmc-ubi"
Sep 29 17:34:11 witherspoon kernel[1050]: [    1.030000] aspeed-smc 1e630000.flash-controller: mx66l1g45g (131072 Kbytes)
Sep 29 17:34:11 witherspoon kernel[1050]: [    1.040000] aspeed-smc 1e630000.flash-controller: CE0 window resized to 120MB (AST2500 HW quirk)
Sep 29 17:34:11 witherspoon kernel[1050]: [    1.040000] aspeed-smc 1e630000.flash-controller: CE0 window [ 0x30000000 - 0x37800000 ] 120MB
Sep 29 17:34:15 witherspoon systemd[1]: Started Phosphor BMC0 Control.
Sep 29 17:34:11 witherspoon kernel[1050]: [    1.060000] aspeed-smc 1e630000.flash-controller: CE0 window too small for chip 128MB
Sep 29 17:34:16 witherspoon systemd-networkd[1031]: Enumeration completed
Sep 29 17:34:11 witherspoon kernel[1050]: [    1.060000] aspeed-smc 1e630000.flash-controller: CE1 window [ 0x37800000 - 0x38000000 ] 8MB
Sep 29 17:34:16 witherspoon kernel: ubi: ubi4 already exists
Sep 29 17:34:16 witherspoon kernel: 8021q: adding VLAN 0 to HW filter on device eth0
Sep 29 17:34:16 witherspoon systemd[1]: Started Network Service.
Sep 29 17:34:11 witherspoon kernel[1050]: [    1.830000] libphy: Fixed MDIO Bus: probed
Sep 29 17:34:16 witherspoon systemd[1]: Reached target Network.
Sep 29 17:34:11 witherspoon kernel[1050]: [    1.830000] ftgmac100 1e660000.ethernet: Read MAC address 70:e2:84:14:23:e1 from chip
Sep 29 17:34:16 witherspoon systemd-networkd[1031]: eth0: IPv6 enabled for interface: Success
Sep 29 17:34:11 witherspoon kernel[1050]: [    1.830000] ftgmac100 1e660000.ethernet: Using NCSI interface
Sep 29 17:34:16 witherspoon systemd[1]: Started Lightweight SLP Server.
Sep 29 17:34:11 witherspoon kernel[1050]: [    1.830000] ftgmac100 1e660000.ethernet eth0: irq 20, mapped at f0060000
Sep 29 17:34:16 witherspoon systemd[1]: Starting Permit User Sessions...
Sep 29 17:34:11 witherspoon kernel[1050]: [    1.830000] ehci_hcd: USB 2.0 'Enhanced' Host Controller (EHCI) Driver
Sep 29 17:34:16 witherspoon systemd-networkd[1031]: eth0: Gained carrier
Sep 29 17:34:11 witherspoon kernel[1050]: [    1.830000] ehci-platform: EHCI generic platform driver
Sep 29 17:34:16 witherspoon systemd-timesyncd[952]: Network configuration changed, trying to establish connection.
Sep 29 17:34:11 witherspoon kernel[1050]: [    2.040000] i2c /dev entries driver
Sep 29 17:34:16 witherspoon systemd[1]: Started Permit User Sessions.
Sep 29 17:34:11 witherspoon kernel[1050]: [    2.040000] aspeed-i2c-bus 1e78a0c0.i2c-bus: i2c bus 2 registered, irq 26
Sep 29 17:34:16 witherspoon systemd[1]: Started Serial Getty on ttyS4.
Sep 29 17:34:11 witherspoon kernel[1050]: [    2.040000] aspeed-i2c-bus 1e78a100.i2c-bus: i2c bus 3 registered, irq 27
Sep 29 17:34:16 witherspoon systemd[1]: Reached target Login Prompts.
Sep 29 17:34:11 witherspoon kernel[1050]: [    2.040000] aspeed-i2c-bus 1e78a140.i2c-bus: i2c bus 4 registered, irq 28
Sep 29 17:34:11 witherspoon kernel[1050]: [    2.040000] aspeed-i2c-bus 1e78a180.i2c-bus: i2c bus 5 registered, irq 29
Sep 29 17:34:11 witherspoon kernel[1050]: [    2.040000] aspeed-i2c-bus 1e78a380.i2c-bus: i2c bus 9 registered, irq 30
Sep 29 17:34:11 witherspoon kernel[1050]: [    2.040000] aspeed-i2c-bus 1e78a3c0.i2c-bus: i2c bus 10 registered, irq 31
Sep 29 17:34:11 witherspoon kernel[1050]: [    2.040000] rtc-rv8803 11-0032: Voltage low, temperature compensation stopped.
Sep 29 17:34:11 witherspoon kernel[1050]: [    2.040000] rtc-rv8803 11-0032: An alarm maybe have been missed.
Sep 29 17:34:11 witherspoon kernel[1050]: [    2.150000] rtc-rv8803 11-0032: rtc core: registered rx8900 as rtc0
Sep 29 17:34:11 witherspoon kernel[1050]: [    2.160000] at24 11-0051: 8192 byte 24c64 EEPROM, writable, 1 bytes/write
Sep 29 17:34:11 witherspoon kernel[1050]: [    2.160000] aspeed-i2c-bus 1e78a400.i2c-bus: i2c bus 11 registered, irq 32
Sep 29 17:34:11 witherspoon kernel[1050]: [    2.160000] aspeed-i2c-bus 1e78a440.i2c-bus: i2c bus 12 registered, irq 33
Sep 29 17:34:11 witherspoon kernel[1050]: [    2.160000] aspeed-i2c-bus 1e78a480.i2c-bus: i2c bus 13 registered, irq 34
Sep 29 17:34:17 witherspoon systemd-networkd[1031]: eth0: Gained IPv6LL
Sep 29 17:34:11 witherspoon kernel[1050]: [    2.160000] Driver for 1-wire Dallas network protocol.
Sep 29 17:34:11 witherspoon kernel[1050]: [    2.160000] lm75 9-004a: hwmon0: sensor 'tmp275'
Sep 29 17:34:11 witherspoon kernel[1050]: [    3.950000] ucd9000 11-0064: Device ID UCD90160|2.3.4.0000|110603
Sep 29 17:34:11 witherspoon kernel[1050]: [    4.650000] leds-pca955x 3-0060: leds-pca955x: Using pca9552 16-bit LED driver at slave address 0x60
Sep 29 17:34:11 witherspoon kernel[1050]: [    4.660000] leds-pca955x 3-0060: gpios 238...253
Sep 29 17:34:11 witherspoon kernel[1050]: [    4.670000] leds-pca955x 11-0060: leds-pca955x: Using pca9552 16-bit LED driver at slave address 0x60
Sep 29 17:34:11 witherspoon kernel[1050]: [    4.680000] leds-pca955x 11-0060: gpios 222...237
Sep 29 17:34:11 witherspoon kernel[1050]: [    4.690000] usbcore: registered new interface driver usbhid
Sep 29 17:34:11 witherspoon kernel[1050]: [    4.690000] usbhid: USB HID core driver
Sep 29 17:34:11 witherspoon kernel[1050]: [    4.740000] NET: Registered protocol family 10
Sep 29 17:34:11 witherspoon kernel[1050]: [    4.740000] Segment Routing with IPv6
Sep 29 17:34:11 witherspoon kernel[1050]: [    4.750000] NET: Registered protocol family 17
Sep 29 17:34:11 witherspoon kernel[1050]: [    4.750000] 8021q: 802.1Q VLAN Support v1.8
Sep 29 17:34:11 witherspoon kernel[1050]: [    4.760000] input: gpio-keys-polled as /devices/platform/gpio-keys-polled/input/input1
Sep 29 17:34:11 witherspoon kernel[1050]: [    4.790000] ubi0: default fastmap pool size: 25
Sep 29 17:34:11 witherspoon kernel[1050]: [    4.800000] ubi0: default fastmap WL pool size: 12
Sep 29 17:34:11 witherspoon kernel[1050]: [    4.800000] ubi0: attaching mtd3
Sep 29 17:34:18 witherspoon systemd[1]: Started Clear one time boot overrides.
Sep 29 17:34:11 witherspoon kernel[1050]: [    4.810000] ubi0: scanning is finished
Sep 29 17:34:11 witherspoon kernel[1050]: [    4.830000] ubi0: attached mtd3 (name "obmc-ubi", size 31 MiB)
Sep 29 17:34:11 witherspoon kernel[1050]: [    4.830000] ubi0: PEB size: 65536 bytes (64 KiB), LEB size: 65408 bytes
Sep 29 17:34:11 witherspoon kernel[1050]: [    4.850000] ubi0: min./max. I/O unit sizes: 1/256, sub-page size 1
Sep 29 17:34:11 witherspoon kernel[1050]: [    4.850000] ubi0: VID header offset: 64 (aligned 64), data offset: 128
Sep 29 17:34:11 witherspoon kernel[1050]: [    4.850000] ubi0: good PEBs: 504, bad PEBs: 0, corrupted PEBs: 0
Sep 29 17:34:11 witherspoon kernel[1050]: [    4.850000] ubi0: user volume: 4, internal volumes: 1, max. volumes count: 128
Sep 29 17:34:11 witherspoon kernel[1050]: [    4.880000] ubi0: max/mean erase counter: 49/39, WL threshold: 4096, image sequence number: 1358235831
Sep 29 17:34:11 witherspoon kernel[1050]: [    4.880000] ubi0: available PEBs: 46, total reserved PEBs: 458, PEBs reserved for bad PEB handling: 0
Sep 29 17:34:11 witherspoon kernel[1050]: [    4.880000] ubi0: background thread "ubi_bgt0d" started, PID 507
Sep 29 17:34:11 witherspoon kernel[1050]: [    4.880000] ubi4: default fastmap pool size: 25
Sep 29 17:34:11 witherspoon kernel[1050]: [    4.880000] ubi4: default fastmap WL pool size: 12
Sep 29 17:34:11 witherspoon kernel[1050]: [    4.910000] ubi4: attaching mtd7
Sep 29 17:34:11 witherspoon kernel[1050]: [    4.950000] ubi4: scanning is finished
Sep 29 17:34:11 witherspoon kernel[1050]: [    4.990000] ubi4: attached mtd7 (name "alt-obmc-ubi", size 31 MiB)
Sep 29 17:34:11 witherspoon kernel[1050]: [    4.990000] ubi4: PEB size: 65536 bytes (64 KiB), LEB size: 65408 bytes
Sep 29 17:34:11 witherspoon kernel[1050]: [    4.990000] ubi4: min./max. I/O unit sizes: 1/256, sub-page size 1
Sep 29 17:34:11 witherspoon kernel[1050]: [    4.990000] ubi4: VID header offset: 64 (aligned 64), data offset: 128
Sep 29 17:34:11 witherspoon kernel[1050]: [    4.990000] ubi4: good PEBs: 504, bad PEBs: 0, corrupted PEBs: 0
Sep 29 17:34:11 witherspoon kernel[1050]: [    5.040000] ubi4: user volume: 4, internal volumes: 1, max. volumes count: 128
Sep 29 17:34:11 witherspoon kernel[1050]: [    5.040000] ubi4: max/mean erase counter: 41/31, WL threshold: 4096, image sequence number: 1358235831
Sep 29 17:34:11 witherspoon kernel[1050]: [    5.040000] ubi4: available PEBs: 46, total reserved PEBs: 458, PEBs reserved for bad PEB handling: 0
Sep 29 17:34:11 witherspoon kernel[1050]: [    5.040000] ubi4: background thread "ubi_bgt4d" started, PID 513
Sep 29 17:34:11 witherspoon kernel[1050]: [    7.850000] block ubiblock0_0: created from ubi0:0(rofs-7bf5cb2c)
Sep 29 17:34:11 witherspoon kernel[1050]: [    7.850000] console [netcon0] enabled
Sep 29 17:34:11 witherspoon kernel[1050]: [    7.850000] netconsole: network logging started
Sep 29 17:34:11 witherspoon kernel[1050]: [    7.850000] input: gpio-keys as /devices/platform/gpio-keys/input/input2
Sep 29 17:34:20 witherspoon kernel: ftgmac100 1e660000.ethernet eth0: ncsi: removed vlan tag 0 at index 1
Sep 29 17:34:20 witherspoon kernel: ftgmac100 1e660000.ethernet eth0: ncsi: removed vlan tag 0 at index 2
Sep 29 17:34:20 witherspoon kernel: ftgmac100 1e660000.ethernet eth0: no vlan ids left to set
Sep 29 17:34:20 witherspoon kernel: ftgmac100 1e660000.ethernet eth0: NCSI interface up
Sep 29 17:34:11 witherspoon kernel[1050]: [    7.850000] rtc-rv8803 11-0032: setting system clock to 2017-09-29 17:33:49 UTC (1506706429)
Sep 29 17:34:11 witherspoon kernel[1050]: [    7.850000] VFS: Mounted root (squashfs filesystem) readonly on device 254:0.
Sep 29 17:34:11 witherspoon kernel[1050]: [    7.850000] devtmpfs: mounted
Sep 29 17:34:11 witherspoon kernel[1050]: [    7.850000] Freeing unused kernel memory: 284K
Sep 29 17:34:11 witherspoon kernel[1050]: [    7.850000] This architecture does not have kernel memory protection.
Sep 29 17:34:11 witherspoon kernel[1050]: [    9.700000] systemd[1]: Failed to insert module 'autofs4': No such file or directory
Sep 29 17:34:11 witherspoon kernel[1050]: [    9.700000] systemd[1]: systemd 232 running in system mode. (+PAM -AUDIT -SELINUX -IMA -APPARMOR -SMACK +SYSVINIT -UTMP -LIBCRYPTSETUP -GCRYPT -GNUTLS +ACL +XZ -LZ4 -SECCOMP +BLKID -ELFUTILS +KMOD -IDN)
Sep 29 17:34:11 witherspoon kernel[1050]: [    9.700000] systemd[1]: Detected architecture arm.
Sep 29 17:34:11 witherspoon kernel[1050]: [    9.960000] systemd[1]: Set hostname to <witherspoon>.
Sep 29 17:34:11 witherspoon kernel[1050]: [    9.990000] systemd[1]: Initializing machine ID from random generator.
Sep 29 17:34:11 witherspoon kernel[1050]: [    9.990000] systemd[1]: Installed transient /etc/machine-id file.
Sep 29 17:34:11 witherspoon kernel[1050]: [   10.840000] systemd[1]: [/lib/systemd/system/obmc-standby.target.requires/../witherspoon-power-supply-monitor@.service:12] Unknown lvalue 'SysLogIdentifier' in section 'Service'
Sep 29 17:34:11 witherspoon kernel[1050]: [   10.840000] systemd[1]: [/lib/systemd/system/obmc-standby.target.requires/../witherspoon-power-supply-monitor@.service:12] Unknown lvalue 'SysLogIdentifier' in section 'Service'
Sep 29 17:34:11 witherspoon kernel[1050]: [   11.640000] systemd[1]: Listening on Journal Socket (/dev/log).
Sep 29 17:34:11 witherspoon kernel[1050]: [   11.810000] systemd[1]: Listening on udev Control Socket.
Sep 29 17:34:11 witherspoon kernel[1050]: [   11.850000] systemd[1]: Reached target Swap.
Sep 29 17:34:11 witherspoon kernel[1050]: [   14.790000] UBIFS (ubi0:2): UBIFS: mounted UBI device 0, volume 2, name "rwfs"
Sep 29 17:34:11 witherspoon kernel[1050]: [   14.790000] UBIFS (ubi0:2): LEB size: 65408 bytes (63 KiB), min./max. I/O unit sizes: 8 bytes/256 bytes
Sep 29 17:34:11 witherspoon kernel[1050]: [   14.790000] UBIFS (ubi0:2): FS size: 3597440 bytes (3 MiB, 55 LEBs), journal size 719488 bytes (0 MiB, 11 LEBs)
Sep 29 17:34:11 witherspoon kernel[1050]: [   14.790000] UBIFS (ubi0:2): reserved for root: 0 bytes (0 KiB)
Sep 29 17:34:11 witherspoon kernel[1050]: [   14.790000] UBIFS (ubi0:2): media format: w4/r0 (latest is w5/r0), UUID F6AF7850-1C6E-4E2A-94BB-A56899CAF080, small LPT model
Sep 29 17:34:11 witherspoon kernel[1050]: [   14.790000] UBIFS (ubi0:2): background thread "ubifs_bgt0_2" started, PID 654
Sep 29 17:34:11 witherspoon kernel[1050]: [   16.270000] systemd-journald[636]: Received request to flush runtime journal from PID 1
Sep 29 17:34:11 witherspoon kernel[1050]: [   23.330000] ubi: ubi0 already exists
Sep 29 17:34:11 witherspoon kernel[1050]: [   25.060000] ubi8: default fastmap pool size: 100
Sep 29 17:34:11 witherspoon kernel[1050]: [   25.060000] ubi8: default fastmap WL pool size: 50
Sep 29 17:34:11 witherspoon kernel[1050]: [   25.060000] ubi8: attaching mtd8
Sep 29 17:34:11 witherspoon kernel[1050]: [   25.060000] ubi8: scanning is finished
Sep 29 17:34:11 witherspoon kernel[1050]: [   25.060000] ubi8: attached mtd8 (name "pnor", size 128 MiB)
Sep 29 17:34:11 witherspoon kernel[1050]: [   25.060000] ubi8: PEB size: 65536 bytes (64 KiB), LEB size: 65408 bytes
Sep 29 17:34:11 witherspoon kernel[1050]: [   25.060000] ubi8: min./max. I/O unit sizes: 1/256, sub-page size 1
Sep 29 17:34:11 witherspoon kernel[1050]: [   25.060000] ubi8: VID header offset: 64 (aligned 64), data offset: 128
Sep 29 17:34:11 witherspoon kernel[1050]: [   25.060000] ubi8: good PEBs: 2048, bad PEBs: 0, corrupted PEBs: 0
Sep 29 17:34:11 witherspoon kernel[1050]: [   25.060000] ubi8: user volume: 6, internal volumes: 1, max. volumes count: 128
Sep 29 17:34:11 witherspoon kernel[1050]: [   25.060000] ubi8: max/mean erase counter: 42/29, WL threshold: 4096, image sequence number: 91395301
Sep 29 17:34:11 witherspoon kernel[1050]: [   25.060000] ubi8: available PEBs: 468, total reserved PEBs: 1580, PEBs reserved for bad PEB handling: 0
Sep 29 17:34:11 witherspoon kernel[1050]: [   25.250000] ubi8: background thread "ubi_bgt8d" started, PID 1004
Sep 29 17:34:16 witherspoon kernel[1050]: [   28.660000] ubi: ubi4 already exists
Sep 29 17:34:16 witherspoon kernel[1050]: [   34.800000] 8021q: adding VLAN 0 to HW filter on device eth0
Sep 29 17:34:16 witherspoon avahi-daemon[956]: Joining mDNS multicast group on interface eth0.IPv4 with address 9.3.86.161.
Sep 29 17:34:16 witherspoon avahi-daemon[956]: New relevant interface eth0.IPv4 for mDNS.
Sep 29 17:34:16 witherspoon avahi-daemon[956]: Registering new address record for 9.3.86.161 on eth0.IPv4.
Sep 29 17:34:17 witherspoon avahi-daemon[956]: Joining mDNS multicast group on interface eth0.IPv6 with address fe80::72e2:84ff:fe14:23e1.
Sep 29 17:34:17 witherspoon avahi-daemon[956]: New relevant interface eth0.IPv6 for mDNS.
Sep 29 17:34:17 witherspoon avahi-daemon[956]: Registering new address record for fe80::72e2:84ff:fe14:23e1 on eth0.*.
Sep 29 17:34:19 witherspoon kernel[1050]: [   38.010000] ftgmac100 1e660000.ethernet eth0: ncsi: removed vlan tag 0 at index 1
Sep 29 17:34:19 witherspoon kernel[1050]: [   38.010000] ftgmac100 1e660000.ethernet eth0: ncsi: removed vlan tag 0 at index 2
Sep 29 17:34:19 witherspoon kernel[1050]: [   38.010000] ftgmac100 1e660000.ethernet eth0: no vlan ids left to set
Sep 29 17:34:19 witherspoon kernel[1050]: [   38.010000] ftgmac100 1e660000.ethernet eth0: NCSI interface up
Sep 29 17:34:27 witherspoon kernel: block ubiblock8_0: created from ubi8:0(pnor-ro-7a9ef57c)
Sep 29 17:34:27 witherspoon kernel[1050]: [   45.660000] block ubiblock8_0: created from ubi8:0(pnor-ro-7a9ef57c)
Sep 29 17:34:29 witherspoon systemd[1]: Created slice system-dropbear.slice.
Sep 29 17:34:29 witherspoon systemd[1]: Started SSH Per-Connection Server (9.41.165.94:50214).
Sep 29 17:34:29 witherspoon dropbear[1094]: Failed loading /var/lib/dropbear/dropbear_rsa_host_key
Sep 29 17:34:29 witherspoon dropbear[1094]: Failed loading /etc/dropbear/dropbear_dss_host_key
Sep 29 17:34:29 witherspoon dropbear[1094]: Failed loading /etc/dropbear/dropbear_ecdsa_host_key
Sep 29 17:34:29 witherspoon dropbear[1094]: Child connection from ::ffff:9.41.165.94:50214
Sep 29 17:34:30 witherspoon systemd-networkd[1031]: eth0: Configured
Sep 29 17:34:30 witherspoon systemd-timesyncd[952]: Network configuration changed, trying to establish connection.
Sep 29 17:34:33 witherspoon systemd[1]: Started Phosphor Download Manager.
Sep 29 17:34:33 witherspoon download_manager.py[1060]: Running Download Manager
Sep 29 17:34:37 witherspoon dropbear[1094]: PAM password auth succeeded for 'root' from ::ffff:9.41.165.94:50214
Sep 29 17:34:37 witherspoon systemd[1]: Started Phosphor Chassis0 Control.
Sep 29 17:34:38 witherspoon sensor_manager2.py[963]: Setting boot count to 3
Sep 29 17:34:38 witherspoon systemd[1]: Started Phosphor Sensor Manager.
Sep 29 17:34:38 witherspoon sensor_manager2.py[963]: Starting sensor manager
Sep 29 17:34:38 witherspoon inventory_items.py[1074]: Loading from cache: /var/cache/obmc/org.openbmc.inventory.system.chassis.motherboard.bmc@org.openbmc.InventoryItem.props
Sep 29 17:34:38 witherspoon inventory_items.py[1074]: Caching: /org/openbmc/inventory/system/chassis/motherboard/bmc
Sep 29 17:34:39 witherspoon systemd[1]: Started Phosphor Inventory Manager.
Sep 29 17:34:39 witherspoon inventory_items.py[1074]: Running Inventory Manager
Sep 29 17:34:39 witherspoon phosphor-mapper[976]: ObjectMapper startup complete.  Discovery in progress...
Sep 29 17:34:39 witherspoon avahi-daemon[1015]: ../../avahi-0.6.32/avahi-daemon/chroot.c: open() failed: No such file or directory
Sep 29 17:34:39 witherspoon avahi-daemon[956]: Failed to open /usr/share/dbus-1/interfaces/org.freedesktop.Avahi.Server.xml: Invalid argument
Sep 29 17:34:39 witherspoon avahi-daemon[956]: Failed to load introspection data.
Sep 29 17:34:40 witherspoon chassis_control.py[1049]: Running ChassisControlService
Sep 29 17:34:41 witherspoon kernel: block ubiblock8_1: created from ubi8:1(pnor-ro-8764baa3)
Sep 29 17:34:41 witherspoon kernel: UBIFS (ubi8:2): UBIFS: mounted UBI device 8, volume 2, name "pnor-prsv"
Sep 29 17:34:41 witherspoon kernel: UBIFS (ubi8:2): LEB size: 65408 bytes (63 KiB), min./max. I/O unit sizes: 8 bytes/256 bytes
Sep 29 17:34:41 witherspoon kernel: UBIFS (ubi8:2): FS size: 1504384 bytes (1 MiB, 23 LEBs), journal size 523265 bytes (0 MiB, 6 LEBs)
Sep 29 17:34:41 witherspoon kernel: UBIFS (ubi8:2): reserved for root: 71055 bytes (69 KiB)
Sep 29 17:34:41 witherspoon kernel: UBIFS (ubi8:2): media format: w5/r0 (latest is w5/r0), UUID 36B3B1E1-197C-4042-A5BB-1F5E6D63DF0B, small LPT model
Sep 29 17:34:41 witherspoon kernel: UBIFS (ubi8:2): background thread "ubifs_bgt8_2" started, PID 1121
Sep 29 17:34:41 witherspoon kernel: UBIFS (ubi8:4): UBIFS: mounted UBI device 8, volume 4, name "pnor-rw-8764baa3"
Sep 29 17:34:41 witherspoon kernel: UBIFS (ubi8:4): LEB size: 65408 bytes (63 KiB), min./max. I/O unit sizes: 8 bytes/256 bytes
Sep 29 17:34:41 witherspoon kernel: UBIFS (ubi8:4): FS size: 16155776 bytes (15 MiB, 247 LEBs), journal size 784896 bytes (0 MiB, 12 LEBs)
Sep 29 17:34:41 witherspoon kernel: UBIFS (ubi8:4): reserved for root: 763076 bytes (745 KiB)
Sep 29 17:34:41 witherspoon kernel: UBIFS (ubi8:4): media format: w5/r0 (latest is w5/r0), UUID F587F7F2-1BEE-4E77-9577-250237C0F0BC, small LPT model
Sep 29 17:34:41 witherspoon kernel[1050]: [   59.090000] block ubiblock8_1: created from ubi8:1(pnor-ro-8764baa3)
Sep 29 17:34:41 witherspoon kernel[1050]: [   59.090000] UBIFS (ubi8:2): UBIFS: mounted UBI device 8, volume 2, name "pnor-prsv"
Sep 29 17:34:41 witherspoon kernel[1050]: [   59.090000] UBIFS (ubi8:2): LEB size: 65408 bytes (63 KiB), min./max. I/O unit sizes: 8 bytes/256 bytes
Sep 29 17:34:41 witherspoon kernel[1050]: [   59.090000] UBIFS (ubi8:2): FS size: 1504384 bytes (1 MiB, 23 LEBs), journal size 523265 bytes (0 MiB, 6 LEBs)
Sep 29 17:34:41 witherspoon kernel[1050]: [   59.090000] UBIFS (ubi8:2): reserved for root: 71055 bytes (69 KiB)
Sep 29 17:34:41 witherspoon kernel[1050]: [   59.090000] UBIFS (ubi8:2): media format: w5/r0 (latest is w5/r0), UUID 36B3B1E1-197C-4042-A5BB-1F5E6D63DF0B, small LPT model
Sep 29 17:34:41 witherspoon kernel[1050]: [   59.090000] UBIFS (ubi8:2): background thread "ubifs_bgt8_2" started, PID 1121
Sep 29 17:34:41 witherspoon kernel[1050]: [   59.090000] UBIFS (ubi8:4): UBIFS: mounted UBI device 8, volume 4, name "pnor-rw-8764baa3"
Sep 29 17:34:41 witherspoon kernel[1050]: [   59.090000] UBIFS (ubi8:4): LEB size: 65408 bytes (63 KiB), min./max. I/O unit sizes: 8 bytes/256 bytes
Sep 29 17:34:41 witherspoon kernel[1050]: [   59.090000] UBIFS (ubi8:4): FS size: 16155776 bytes (15 MiB, 247 LEBs), journal size 784896 bytes (0 MiB, 12 LEBs)
Sep 29 17:34:41 witherspoon kernel[1050]: [   59.090000] UBIFS (ubi8:4): reserved for root: 763076 bytes (745 KiB)
Sep 29 17:34:41 witherspoon kernel[1050]: [   59.580000] UBIFS (ubi8:4): media format: w5/r0 (latest is w5/r0), UUID F587F7F2-1BEE-4E77-9577-250237C0F0BC, small LPT model
Sep 29 17:34:41 witherspoon systemd[1]: Started Phosphor User Manager.
Sep 29 17:34:41 witherspoon obmc-phosphor-userd[966]: Started
Sep 29 17:34:41 witherspoon kernel: UBIFS (ubi8:4): background thread "ubifs_bgt8_4" started, PID 1134
Sep 29 17:34:41 witherspoon kernel[1050]: [   59.580000] UBIFS (ubi8:4): background thread "ubifs_bgt8_4" started, PID 1134
Sep 29 17:34:41 witherspoon systemd[1]: Started Phosphor Network Manager.
Sep 29 17:34:41 witherspoon netman.py[973]: Started
Sep 29 17:34:42 witherspoon systemd[1]: Started Remount the squashfs and ubi volumes after a reboot.
Sep 29 17:34:42 witherspoon kernel: UBIFS (ubi8:5): UBIFS: mounted UBI device 8, volume 5, name "pnor-rw-7a9ef57c"
Sep 29 17:34:42 witherspoon kernel: UBIFS (ubi8:5): LEB size: 65408 bytes (63 KiB), min./max. I/O unit sizes: 8 bytes/256 bytes
Sep 29 17:34:42 witherspoon kernel: UBIFS (ubi8:5): FS size: 16155776 bytes (15 MiB, 247 LEBs), journal size 784896 bytes (0 MiB, 12 LEBs)
Sep 29 17:34:42 witherspoon kernel: UBIFS (ubi8:5): reserved for root: 763076 bytes (745 KiB)
Sep 29 17:34:42 witherspoon kernel: UBIFS (ubi8:5): media format: w5/r0 (latest is w5/r0), UUID 904AA0DA-EE42-403C-B44D-8FB80359592C, small LPT model
Sep 29 17:34:42 witherspoon kernel: UBIFS (ubi8:5): background thread "ubifs_bgt8_5" started, PID 1143
Sep 29 17:34:42 witherspoon kernel[1050]: [   60.570000] UBIFS (ubi8:5): UBIFS: mounted UBI device 8, volume 5, name "pnor-rw-7a9ef57c"
Sep 29 17:34:42 witherspoon kernel[1050]: [   60.570000] UBIFS (ubi8:5): LEB size: 65408 bytes (63 KiB), min./max. I/O unit sizes: 8 bytes/256 bytes
Sep 29 17:34:42 witherspoon kernel[1050]: [   60.570000] UBIFS (ubi8:5): FS size: 16155776 bytes (15 MiB, 247 LEBs), journal size 784896 bytes (0 MiB, 12 LEBs)
Sep 29 17:34:42 witherspoon kernel[1050]: [   60.570000] UBIFS (ubi8:5): reserved for root: 763076 bytes (745 KiB)
Sep 29 17:34:42 witherspoon kernel[1050]: [   60.570000] UBIFS (ubi8:5): media format: w5/r0 (latest is w5/r0), UUID 904AA0DA-EE42-403C-B44D-8FB80359592C, small LPT model
Sep 29 17:34:42 witherspoon kernel[1050]: [   60.570000] UBIFS (ubi8:5): background thread "ubifs_bgt8_5" started, PID 1143
Sep 29 17:34:56 witherspoon kernel: block ubiblock4_0: created from ubi4:0(rofs-dde6793f)
Sep 29 17:34:56 witherspoon kernel[1050]: [   74.630000] block ubiblock4_0: created from ubi4:0(rofs-dde6793f)
Sep 29 17:34:57 witherspoon systemd[1]: Started Remount the ubi volume after a reboot.
Sep 29 17:34:57 witherspoon systemd[1]: Reached target Multi-User System.
Sep 29 17:35:00 witherspoon phosphor-mapper[976]: ObjectMapper discovery complete
Sep 29 17:35:00 witherspoon systemd[1]: Started Phosphor DBus Service Discovery Manager.
Sep 29 17:35:00 witherspoon systemd[1]: Started Phosphor Hwmon Poller.
Sep 29 17:35:00 witherspoon systemd[1]: Reached target Phosphor Object Mapper.
Sep 29 17:35:00 witherspoon systemd[1]: Starting OpenPower Software Update Manager...
Sep 29 17:35:00 witherspoon systemd[1]: Starting Wait for /xyz/openbmc_project/control/host0/boot...
Sep 29 17:35:00 witherspoon systemd[1]: Starting Phoshpor System Manager...
Sep 29 17:35:00 witherspoon systemd[1]: Starting Wait for /xyz/openbmc_project/time/owner...
Sep 29 17:35:00 witherspoon systemd[1]: Starting Wait for /xyz/openbmc_project/control/host0/boot/one_time...
Sep 29 17:35:00 witherspoon systemd[1]: Starting Phosphor Network Manager...
Sep 29 17:35:00 witherspoon systemd[1]: Starting Wait for /xyz/openbmc_project/state/chassis0...
Sep 29 17:35:00 witherspoon systemd[1]: Starting Wait for /org/openbmc/control/bmc0...
Sep 29 17:35:00 witherspoon systemd[1]: Reached target Webserver (pre).
Sep 29 17:35:00 witherspoon systemd[1]: Started Phosphor Webserver.
Sep 29 17:35:00 witherspoon systemd[1]: Starting Wait for /xyz/openbmc_project/inventory/system/chassis/power_supply0...
Sep 29 17:35:00 witherspoon systemd[1]: Starting Wait for /xyz/openbmc_project/control/host0/restriction_mode...
Sep 29 17:35:00 witherspoon systemd[1]: Starting Wait for /org/openbmc/managers/System...
Sep 29 17:35:00 witherspoon systemd[1]: Starting Wait for /xyz/openbmc_project/inventory/system/chassis/power_supply1...
Sep 29 17:35:00 witherspoon systemd[1]: Starting Wait for /xyz/openbmc_project/led/groups/bmc_booted...
Sep 29 17:35:00 witherspoon systemd[1]: Starting Wait for /org/openbmc/NetworkManager/Interface...
Sep 29 17:35:00 witherspoon systemd[1]: Starting Wait for /xyz/openbmc_project/inventory...
Sep 29 17:35:00 witherspoon systemd[1]: Starting Phosphor Settings Manager...
Sep 29 17:35:00 witherspoon systemd[1]: Starting Wait for /xyz/openbmc_project/control/host0/power_restore_policy...
Sep 29 17:35:00 witherspoon systemd[1]: Starting Wait for /xyz/openbmc_project/led/groups...
Sep 29 17:35:00 witherspoon systemd[1]: Starting Wait for /xyz/openbmc_project/control/host0/auto_reboot...
Sep 29 17:35:00 witherspoon systemd[1]: Starting Wait for /xyz/openbmc_project/state/host0...
Sep 29 17:35:00 witherspoon systemd[1]: Starting Wait for /xyz/openbmc_project/time/sync_method...
Sep 29 17:35:00 witherspoon systemd[1]: Starting OpenBMC Software Update Manager...
Sep 29 17:35:00 witherspoon systemd[1]: Starting Wait for /org/openbmc/managers/Download...
Sep 29 17:35:00 witherspoon systemd[1]: Starting Wait for /xyz/openbmc_project/control/host0...
Sep 29 17:35:00 witherspoon systemd[1]: Started Phosphor DBus Monitor.
Sep 29 17:35:00 witherspoon systemd[1]: Starting Wait for /org/openbmc/control/power0...
Sep 29 17:35:00 witherspoon systemd[1]: Started Phosphor Hwmon Poller.
Sep 29 17:35:00 witherspoon systemd[1]: Started Phosphor Hwmon Poller.
Sep 29 17:35:00 witherspoon systemd[1]: Started Phosphor Hwmon Poller.
Sep 29 17:35:00 witherspoon systemd[1]: Started Phosphor Hwmon Poller.
Sep 29 17:35:00 witherspoon systemd[1]: Started Phosphor Hwmon Poller.
Sep 29 17:35:00 witherspoon systemd[1]: Started Phosphor Hwmon Poller.
Sep 29 17:35:00 witherspoon systemd[1]: Started Phosphor Hwmon Poller.
Sep 29 17:35:04 witherspoon systemd[1]: Started Wait for /xyz/openbmc_project/control/host0/restriction_mode.
Sep 29 17:35:04 witherspoon systemd[1]: Started Wait for /xyz/openbmc_project/inventory/system/chassis/power_supply1.
Sep 29 17:35:04 witherspoon systemd[1]: Started Wait for /xyz/openbmc_project/led/groups/bmc_booted.
Sep 29 17:35:04 witherspoon systemd[1]: Started Wait for /xyz/openbmc_project/inventory.
Sep 29 17:35:04 witherspoon systemd[1]: Starting Read OpenPOWER-format VPD from EEPROM...
Sep 29 17:35:04 witherspoon systemd[1]: Started Phosphor GPIO 0 Presence.
Sep 29 17:35:05 witherspoon systemd[1]: Started Phosphor GPIO 1 Presence.
Sep 29 17:35:05 witherspoon systemd[1]: Starting OpenPOWER OCC controller...
Sep 29 17:35:06 witherspoon systemd[1]: Starting Phosphor MAX31785 MSL...
Sep 29 17:35:06 witherspoon systemd[1]: Started Phosphor Cooling Type.
Sep 29 17:35:06 witherspoon systemd[1]: Started Wait for /xyz/openbmc_project/time/sync_method.
Sep 29 17:35:07 witherspoon phosphor-network-manager[1170]: ConfigParser: Key not found
Sep 29 17:35:07 witherspoon phosphor-network-manager[1170]: The operation failed internally.
Sep 29 17:35:07 witherspoon phosphor-network-manager[1170]: Exception occured during getting of DHCP value
Sep 29 17:35:07 witherspoon systemd[1]: Started Phosphor Network Manager.
Sep 29 17:35:07 witherspoon dbus[977]: [system] Activating via systemd: service name='org.freedesktop.hostname1' unit='dbus-org.freedesktop.hostname1.service'
Sep 29 17:35:08 witherspoon systemd[1]: Starting Hostname Service...
Sep 29 17:35:09 witherspoon phosphor-gpio-presence[1203]: Updating inventory present property
Sep 29 17:35:09 witherspoon phosphor-gpio-presence[1204]: Updating inventory present property
Sep 29 17:35:11 witherspoon dbus[977]: [system] Successfully activated service 'org.freedesktop.hostname1'
Sep 29 17:35:11 witherspoon systemd[1]: Started Hostname Service.
Sep 29 17:35:11 witherspoon systemd[1]: Started OpenPower Software Update Manager.
Sep 29 17:35:11 witherspoon systemd[1]: Starting Create a ubi volume for pnor patches...
Sep 29 17:35:11 witherspoon systemd[1]: Started Phosphor MBOX Daemon.
Sep 29 17:35:12 witherspoon systemd[1]: Started Wait for /xyz/openbmc_project/time/owner.
Sep 29 17:35:12 witherspoon systemd[1]: Started Wait for /org/openbmc/control/bmc0.
Sep 29 17:35:12 witherspoon systemd[1]: Started Wait for /xyz/openbmc_project/control/host0/boot/one_time.
Sep 29 17:35:12 witherspoon systemd[1]: Started Wait for /xyz/openbmc_project/inventory/system/chassis/power_supply0.
Sep 29 17:35:13 witherspoon kernel: UBIFS (ubi8:3): UBIFS: mounted UBI device 8, volume 3, name "pnor-patch"
Sep 29 17:35:13 witherspoon kernel: UBIFS (ubi8:3): LEB size: 65408 bytes (63 KiB), min./max. I/O unit sizes: 8 bytes/256 bytes
Sep 29 17:35:13 witherspoon kernel: UBIFS (ubi8:3): FS size: 16155776 bytes (15 MiB, 247 LEBs), journal size 784896 bytes (0 MiB, 12 LEBs)
Sep 29 17:35:13 witherspoon kernel: UBIFS (ubi8:3): reserved for root: 763076 bytes (745 KiB)
Sep 29 17:35:13 witherspoon kernel: UBIFS (ubi8:3): media format: w5/r0 (latest is w5/r0), UUID 4D589EF4-9175-4F76-B384-1965B1D7B962, small LPT model
Sep 29 17:35:13 witherspoon kernel[1050]: [   91.720000] UBIFS (ubi8:3): UBIFS: mounted UBI device 8, volume 3, name "pnor-patch"
Sep 29 17:35:13 witherspoon kernel[1050]: [   91.720000] UBIFS (ubi8:3): LEB size: 65408 bytes (63 KiB), min./max. I/O unit sizes: 8 bytes/256 bytes
Sep 29 17:35:13 witherspoon kernel[1050]: [   91.720000] UBIFS (ubi8:3): FS size: 16155776 bytes (15 MiB, 247 LEBs), journal size 784896 bytes (0 MiB, 12 LEBs)
Sep 29 17:35:13 witherspoon kernel[1050]: [   91.720000] UBIFS (ubi8:3): reserved for root: 763076 bytes (745 KiB)
Sep 29 17:35:13 witherspoon kernel[1050]: [   91.720000] UBIFS (ubi8:3): media format: w5/r0 (latest is w5/r0), UUID 4D589EF4-9175-4F76-B384-1965B1D7B962, small LPT model
Sep 29 17:35:13 witherspoon kernel: UBIFS (ubi8:3): background thread "ubifs_bgt8_3" started, PID 1232
Sep 29 17:35:13 witherspoon kernel[1050]: [   91.840000] UBIFS (ubi8:3): background thread "ubifs_bgt8_3" started, PID 1232
Sep 29 17:35:14 witherspoon systemd[1]: Started Create a ubi volume for pnor patches.
Sep 29 17:35:14 witherspoon systemd[1]: Started Wait for /xyz/openbmc_project/control/host0/boot.
Sep 29 17:35:14 witherspoon systemd[1]: Started Wait for /org/openbmc/NetworkManager/Interface.
Sep 29 17:35:14 witherspoon systemd[1]: Started Wait for /xyz/openbmc_project/control/host0/power_restore_policy.
Sep 29 17:35:14 witherspoon systemd[1]: Started Wait for /xyz/openbmc_project/control/host0/auto_reboot.
Sep 29 17:35:14 witherspoon systemd[1]: Started Wait for /org/openbmc/managers/Download.
Sep 29 17:35:14 witherspoon systemd[1]: Starting Phosphor BMC Code Update...
Sep 29 17:35:14 witherspoon systemd[1]: Started Phosphor DNS Settings Cache Manager.
Sep 29 17:35:16 witherspoon systemd[1]: Created slice system-obmc\x2dflash\x2dbmc\x2dsetenv.slice.
Sep 29 17:35:17 witherspoon systemd[1]: Starting Set U-Boot environment variable...
Sep 29 17:35:17 witherspoon systemd[1]: Created slice system-obmc\x2dflash\x2dbmc\x2dupdateubootvars.slice.
Sep 29 17:35:18 witherspoon systemd[1]: Starting Updates the u-boot variable to point BMC version to dde6793f...
Sep 29 17:35:18 witherspoon systemd[1]: Started Set U-Boot environment variable.
Sep 29 17:35:19 witherspoon systemd[1]: Started OpenBMC Software Update Manager.
Sep 29 17:35:19 witherspoon systemd[1]: Starting Phosphor Version Software Manager...
Sep 29 17:35:19 witherspoon systemd[1]: Starting Updates the u-boot variable to point BMC version to 7bf5cb2c...
Sep 29 17:35:19 witherspoon systemd[1]: Starting Set U-Boot environment variable...
Sep 29 17:35:20 witherspoon system_manager.py[1167]: Running System State: BASE_APPS
Sep 29 17:35:20 witherspoon system_manager.py[1167]: SystemManager Init Done
Sep 29 17:35:21 witherspoon system_manager.py[1167]: Running SystemManager
Sep 29 17:35:20 witherspoon systemd[1]: Started Phoshpor System Manager.
Sep 29 17:35:20 witherspoon systemd[1]: Started Phosphor Version Software Manager.
Sep 29 17:35:23 witherspoon systemd[1]: Started OpenPOWER OCC controller.
Sep 29 17:35:25 witherspoon systemd[1]: Started Set U-Boot environment variable.
Sep 29 17:35:25 witherspoon systemd[1]: Started Phosphor MAX31785 MSL.
Sep 29 17:35:26 witherspoon systemd[1]: Started Wait for /xyz/openbmc_project/led/groups.
Sep 29 17:35:26 witherspoon systemd[1]: Started FRU Fault monitor service.
Sep 29 17:35:27 witherspoon avahi-daemon[956]: Withdrawing address record for fe80::72e2:84ff:fe14:23e1 on eth0.
Sep 29 17:35:27 witherspoon avahi-daemon[956]: Host name conflict, retrying with witherspoon-2
Sep 29 17:35:27 witherspoon avahi-daemon[956]: Registering new address record for fe80::72e2:84ff:fe14:23e1 on eth0.*.
Sep 29 17:35:27 witherspoon avahi-daemon[956]: Registering new address record for 9.3.86.161 on eth0.IPv4.
Sep 29 17:35:28 witherspoon systemd[1]: Started Updates the u-boot variable to point BMC version to dde6793f.
Sep 29 17:35:28 witherspoon avahi-daemon[956]: Withdrawing address record for fe80::72e2:84ff:fe14:23e1 on eth0.
Sep 29 17:35:28 witherspoon avahi-daemon[956]: Host name conflict, retrying with witherspoon-3
Sep 29 17:35:28 witherspoon avahi-daemon[956]: Registering new address record for fe80::72e2:84ff:fe14:23e1 on eth0.*.
Sep 29 17:35:28 witherspoon avahi-daemon[956]: Registering new address record for 9.3.86.161 on eth0.IPv4.
Sep 29 17:35:28 witherspoon avahi-daemon[956]: Withdrawing address record for 9.3.86.161 on eth0.
Sep 29 17:35:28 witherspoon avahi-daemon[956]: Host name conflict, retrying with witherspoon-4
Sep 29 17:35:28 witherspoon avahi-daemon[956]: Registering new address record for fe80::72e2:84ff:fe14:23e1 on eth0.*.
Sep 29 17:35:28 witherspoon avahi-daemon[956]: Registering new address record for 9.3.86.161 on eth0.IPv4.
Sep 29 17:35:29 witherspoon systemd[1]: Started Updates the u-boot variable to point BMC version to 7bf5cb2c.
Sep 29 17:35:29 witherspoon avahi-daemon[956]: Withdrawing address record for 9.3.86.161 on eth0.
Sep 29 17:35:29 witherspoon avahi-daemon[956]: Host name conflict, retrying with witherspoon-5
Sep 29 17:35:29 witherspoon avahi-daemon[956]: Registering new address record for fe80::72e2:84ff:fe14:23e1 on eth0.*.
Sep 29 17:35:29 witherspoon avahi-daemon[956]: Registering new address record for 9.3.86.161 on eth0.IPv4.
Sep 29 17:35:30 witherspoon systemd[1]: Started Phosphor BMC Code Update.
Sep 29 17:35:30 witherspoon bmc_update.py[1239]: Running Bmc Flash Control
Sep 29 17:35:30 witherspoon avahi-daemon[956]: Withdrawing address record for 9.3.86.161 on eth0.
Sep 29 17:35:30 witherspoon avahi-daemon[956]: Host name conflict, retrying with witherspoon-6
Sep 29 17:35:30 witherspoon avahi-daemon[956]: Registering new address record for fe80::72e2:84ff:fe14:23e1 on eth0.*.
Sep 29 17:35:30 witherspoon avahi-daemon[956]: Registering new address record for 9.3.86.161 on eth0.IPv4.
Sep 29 17:35:31 witherspoon avahi-daemon[956]: Withdrawing address record for 9.3.86.161 on eth0.
Sep 29 17:35:31 witherspoon avahi-daemon[956]: Host name conflict, retrying with witherspoon-7
Sep 29 17:35:31 witherspoon avahi-daemon[956]: Registering new address record for fe80::72e2:84ff:fe14:23e1 on eth0.*.
Sep 29 17:35:31 witherspoon avahi-daemon[956]: Registering new address record for 9.3.86.161 on eth0.IPv4.
Sep 29 17:35:32 witherspoon settings_manager.py[1181]: Running HostSettingsService
Sep 29 17:35:32 witherspoon systemd[1]: Started Phosphor Settings Manager.
Sep 29 17:35:32 witherspoon systemd[1]: Starting Wait for /org/openbmc/settings/host0...
Sep 29 17:35:32 witherspoon system_manager.py[1167]: SystemManager Goto System State: BMC_STARTING
Sep 29 17:35:32 witherspoon system_manager.py[1167]: Running System State: BMC_STARTING
Sep 29 17:35:32 witherspoon avahi-daemon[956]: Withdrawing address record for 9.3.86.161 on eth0.
Sep 29 17:35:32 witherspoon avahi-daemon[956]: Host name conflict, retrying with witherspoon-8
Sep 29 17:35:32 witherspoon avahi-daemon[956]: Registering new address record for fe80::72e2:84ff:fe14:23e1 on eth0.*.
Sep 29 17:35:32 witherspoon avahi-daemon[956]: Registering new address record for 9.3.86.161 on eth0.IPv4.
Sep 29 17:35:33 witherspoon systemd[1]: Started Read OpenPOWER-format VPD from EEPROM.
Sep 29 17:35:34 witherspoon avahi-daemon[956]: Withdrawing address record for 9.3.86.161 on eth0.
Sep 29 17:35:34 witherspoon avahi-daemon[956]: Host name conflict, retrying with witherspoon-9
Sep 29 17:35:34 witherspoon avahi-daemon[956]: Registering new address record for fe80::72e2:84ff:fe14:23e1 on eth0.*.
Sep 29 17:35:34 witherspoon avahi-daemon[956]: Registering new address record for 9.3.86.161 on eth0.IPv4.
Sep 29 17:35:35 witherspoon avahi-daemon[956]: Withdrawing address record for 9.3.86.161 on eth0.
Sep 29 17:35:35 witherspoon avahi-daemon[956]: Host name conflict, retrying with witherspoon-10
Sep 29 17:35:35 witherspoon avahi-daemon[956]: Registering new address record for fe80::72e2:84ff:fe14:23e1 on eth0.*.
Sep 29 17:35:35 witherspoon avahi-daemon[956]: Registering new address record for 9.3.86.161 on eth0.IPv4.
Sep 29 17:35:36 witherspoon avahi-daemon[956]: Withdrawing address record for 9.3.86.161 on eth0.
Sep 29 17:35:36 witherspoon avahi-daemon[956]: Host name conflict, retrying with witherspoon-11
Sep 29 17:35:36 witherspoon avahi-daemon[956]: Registering new address record for fe80::72e2:84ff:fe14:23e1 on eth0.*.
Sep 29 17:35:36 witherspoon avahi-daemon[956]: Registering new address record for 9.3.86.161 on eth0.IPv4.
Sep 29 17:35:37 witherspoon avahi-daemon[956]: Withdrawing address record for 9.3.86.161 on eth0.
Sep 29 17:35:37 witherspoon avahi-daemon[956]: Host name conflict, retrying with witherspoon-12
Sep 29 17:35:37 witherspoon avahi-daemon[956]: Registering new address record for fe80::72e2:84ff:fe14:23e1 on eth0.*.
Sep 29 17:35:37 witherspoon avahi-daemon[956]: Registering new address record for 9.3.86.161 on eth0.IPv4.
Sep 29 17:35:38 witherspoon avahi-daemon[956]: Withdrawing address record for 9.3.86.161 on eth0.
Sep 29 17:35:38 witherspoon avahi-daemon[956]: Host name conflict, retrying with witherspoon-13
Sep 29 17:35:38 witherspoon avahi-daemon[956]: Registering new address record for fe80::72e2:84ff:fe14:23e1 on eth0.*.
Sep 29 17:35:38 witherspoon avahi-daemon[956]: Registering new address record for 9.3.86.161 on eth0.IPv4.
Sep 29 17:35:39 witherspoon avahi-daemon[956]: Withdrawing address record for 9.3.86.161 on eth0.
Sep 29 17:35:39 witherspoon avahi-daemon[956]: Host name conflict, retrying with witherspoon-14
Sep 29 17:35:39 witherspoon avahi-daemon[956]: Registering new address record for fe80::72e2:84ff:fe14:23e1 on eth0.*.
Sep 29 17:35:39 witherspoon avahi-daemon[956]: Registering new address record for 9.3.86.161 on eth0.IPv4.
Sep 29 17:35:41 witherspoon phosphor-gevent[1173]: Traceback (most recent call last):
Sep 29 17:35:41 witherspoon phosphor-gevent[1173]:   File "/usr/lib/python2.7/site-packages/gevent/greenlet.py", line 327, in run
Sep 29 17:35:41 witherspoon phosphor-gevent[1173]:     result = self._run(*self.args, **self.kwargs)
Sep 29 17:35:41 witherspoon phosphor-gevent[1173]:   File "/usr/lib/python2.7/site-packages/gevent/server.py", line 102, in wrap_socket_and_handle
Sep 29 17:35:41 witherspoon phosphor-gevent[1173]:     ssl_socket = self.wrap_socket(client_socket, **self.ssl_args)
Sep 29 17:35:41 witherspoon phosphor-gevent[1173]:   File "/usr/lib/python2.7/site-packages/gevent/ssl.py", line 404, in wrap_socket
Sep 29 17:35:41 witherspoon phosphor-gevent[1173]:     ciphers=ciphers)
Sep 29 17:35:41 witherspoon phosphor-gevent[1173]:   File "/usr/lib/python2.7/site-packages/gevent/ssl.py", line 113, in __init__
Sep 29 17:35:41 witherspoon phosphor-gevent[1173]:     self.do_handshake()
Sep 29 17:35:41 witherspoon phosphor-gevent[1173]:   File "/usr/lib/python2.7/site-packages/gevent/ssl.py", line 324, in do_handshake
Sep 29 17:35:41 witherspoon phosphor-gevent[1173]:     return self._sslobj.do_handshake()
Sep 29 17:35:41 witherspoon phosphor-gevent[1173]: SSLEOFError: EOF occurred in violation of protocol (_ssl.c:590)
Sep 29 17:35:41 witherspoon phosphor-gevent[1173]: <Greenlet at 0x75ff1490: <bound method WSGIServer.wrap_socket_and_handle of <WSGIServer at 0x75fc9bb0 fileno=5 address=('::34c2:ed76:d89d:6376%1986239944', 443, 0, 1986239944)>>(<socket at 0x75e9e890 fileno=9>, ('::60a9:6176:8e91:f402%1995221788', 33370, 0, 199)> failed with SSLEOFError
Sep 29 17:35:41 witherspoon avahi-daemon[956]: Server startup complete. Host name is witherspoon-14.local. Local service cookie is 3236483291.
Sep 29 17:35:41 witherspoon phosphor-gevent[1173]: Traceback (most recent call last):
Sep 29 17:35:42 witherspoon phosphor-gevent[1173]:   File "/usr/lib/python2.7/site-packages/gevent/greenlet.py", line 327, in run
Sep 29 17:35:42 witherspoon phosphor-gevent[1173]:     result = self._run(*self.args, **self.kwargs)
Sep 29 17:35:42 witherspoon phosphor-gevent[1173]:   File "/usr/lib/python2.7/site-packages/gevent/server.py", line 102, in wrap_socket_and_handle
Sep 29 17:35:42 witherspoon phosphor-gevent[1173]:     ssl_socket = self.wrap_socket(client_socket, **self.ssl_args)
Sep 29 17:35:42 witherspoon phosphor-gevent[1173]:   File "/usr/lib/python2.7/site-packages/gevent/ssl.py", line 404, in wrap_socket
Sep 29 17:35:42 witherspoon phosphor-gevent[1173]:     ciphers=ciphers)
Sep 29 17:35:42 witherspoon phosphor-gevent[1173]:   File "/usr/lib/python2.7/site-packages/gevent/ssl.py", line 113, in __init__
Sep 29 17:35:42 witherspoon phosphor-gevent[1173]:     self.do_handshake()
Sep 29 17:35:42 witherspoon phosphor-gevent[1173]:   File "/usr/lib/python2.7/site-packages/gevent/ssl.py", line 324, in do_handshake
Sep 29 17:35:42 witherspoon phosphor-gevent[1173]:     return self._sslobj.do_handshake()
Sep 29 17:35:42 witherspoon phosphor-gevent[1173]: SSLEOFError: EOF occurred in violation of protocol (_ssl.c:590)
Sep 29 17:35:42 witherspoon phosphor-gevent[1173]: <Greenlet at 0x75ff1760: <bound method WSGIServer.wrap_socket_and_handle of <WSGIServer at 0x75fc9bb0 fileno=5 address=('::34c2:ed76:d89d:6376%1986239944', 443, 0, 1986239944)>>(<socket at 0x75e9e830 fileno=10>, ('::60a9:6176:8e91:f402%1995221788', 33372, 0, 199)> failed with SSLEOFError
Sep 29 17:35:42 witherspoon phosphor-gevent[1173]: Traceback (most recent call last):
Sep 29 17:35:42 witherspoon phosphor-gevent[1173]:   File "/usr/lib/python2.7/site-packages/gevent/greenlet.py", line 327, in run
Sep 29 17:35:42 witherspoon phosphor-gevent[1173]:     result = self._run(*self.args, **self.kwargs)
Sep 29 17:35:42 witherspoon phosphor-gevent[1173]:   File "/usr/lib/python2.7/site-packages/gevent/server.py", line 102, in wrap_socket_and_handle
Sep 29 17:35:42 witherspoon phosphor-gevent[1173]:     ssl_socket = self.wrap_socket(client_socket, **self.ssl_args)
Sep 29 17:35:42 witherspoon phosphor-gevent[1173]:   File "/usr/lib/python2.7/site-packages/gevent/ssl.py", line 404, in wrap_socket
Sep 29 17:35:42 witherspoon phosphor-gevent[1173]:     ciphers=ciphers)
Sep 29 17:35:42 witherspoon phosphor-gevent[1173]:   File "/usr/lib/python2.7/site-packages/gevent/ssl.py", line 113, in __init__
Sep 29 17:35:42 witherspoon phosphor-gevent[1173]:     self.do_handshake()
Sep 29 17:35:42 witherspoon phosphor-gevent[1173]:   File "/usr/lib/python2.7/site-packages/gevent/ssl.py", line 324, in do_handshake
Sep 29 17:35:42 witherspoon phosphor-gevent[1173]:     return self._sslobj.do_handshake()
Sep 29 17:35:42 witherspoon phosphor-gevent[1173]: SSLEOFError: EOF occurred in violation of protocol (_ssl.c:590)
Sep 29 17:35:42 witherspoon phosphor-gevent[1173]: <Greenlet at 0x75ff1440: <bound method WSGIServer.wrap_socket_and_handle of <WSGIServer at 0x75fc9bb0 fileno=5 address=('::34c2:ed76:d89d:6376%1986239944', 443, 0, 1986239944)>>(<socket at 0x75e9e8d0 fileno=11>, ('::60a9:6176:8e91:f402%1995221788', 33374, 0, 199)> failed with SSLEOFError
Sep 29 17:35:42 witherspoon avahi-daemon[956]: Service "witherspoon-14" (/services/ssh.service) successfully established.
Sep 29 17:35:42 witherspoon avahi-daemon[956]: Service "sftp" (/services/sftp.service) successfully established.
Sep 29 17:35:42 witherspoon avahi-daemon[956]: Service "witherspoon-14" (/services/sftp-ssh.service) successfully established.
Sep 29 17:35:42 witherspoon avahi-daemon[956]: Service "phosphor_rest" (/services/phosphor_rest.service) successfully established.
Sep 29 17:35:42 witherspoon avahi-daemon[956]: Service "obmc_console" (/services/obmc_console.service) successfully established.
Sep 29 17:35:45 witherspoon systemd[1]: Started Wait for /org/openbmc/managers/System.
Sep 29 17:35:45 witherspoon systemd[1]: Starting Phosphor Chassis State Manager...
Sep 29 17:35:45 witherspoon systemd[1]: Starting Phosphor Power0 Control...
Sep 29 17:35:45 witherspoon systemd[1]: Starting Phosphor Power Button0...
Sep 29 17:35:45 witherspoon systemd[1]: Starting Phosphor Reset Button0...
Sep 29 17:35:45 witherspoon systemd[1]: Starting Phosphor BMC State Manager...
Sep 29 17:35:46 witherspoon phosphor-chassis-state-manager[1291]: Initial Chassis State will be Off
Sep 29 17:35:46 witherspoon systemd[1]: Started Phosphor Chassis State Manager.
Sep 29 17:35:46 witherspoon button_power.exe[1293]: GPIO Lookup:  POWER_BUTTON = 347,both
Sep 29 17:35:46 witherspoon systemd[1]: Started Phosphor Power Button0.
Sep 29 17:35:46 witherspoon phosphor-bmc-state-manager[1295]: Setting the BMCState field
Sep 29 17:35:46 witherspoon phosphor-bmc-state-manager[1295]: Setting the BMCState field
Sep 29 17:35:46 witherspoon systemd[1]: Started Phosphor BMC State Manager.
Sep 29 17:35:46 witherspoon systemd[1]: Started Wait for /org/openbmc/settings/host0.
Sep 29 17:35:46 witherspoon systemd[1]: Started Phosphor Inband IPMI.
Sep 29 17:35:47 witherspoon system_manager.py[1167]: New object: /org/openbmc/control/power0 (:1.89)
Sep 29 17:35:47 witherspoon system_manager.py[1167]: Power GPIO config: ['SYS_PWROK_BUFF', '', [('SOFTWARE_PGOOD', True), ('BMC_POWER_UP', True)], [('BMC_CP0_RESET_N', False)], [], 'FSI_DATA', 'FSI_CLK', 'FSI_ENABLE', 'CRONUS_SEL', []]
Sep 29 17:35:47 witherspoon power_control.exe[1292]: Power GPIO latch output:
Sep 29 17:35:47 witherspoon power_control.exe[1292]: Power GPIO power good input: SYS_PWROK_BUFF
Sep 29 17:35:47 witherspoon power_control.exe[1292]: Power GPIO 2 power_up outputs
Sep 29 17:35:47 witherspoon power_control.exe[1292]: Power GPIO power_up[0] = SOFTWARE_PGOOD active HIGH
Sep 29 17:35:47 witherspoon power_control.exe[1292]: Power GPIO power_up[1] = BMC_POWER_UP active HIGH
Sep 29 17:35:47 witherspoon power_control.exe[1292]: Power GPIO 1 reset outputs
Sep 29 17:35:47 witherspoon power_control.exe[1292]: Power GPIO reset[0] = BMC_CP0_RESET_N active LOW
Sep 29 17:35:47 witherspoon power_control.exe[1292]: Power GPIO 0 pci reset outputs
Sep 29 17:35:47 witherspoon power_control.exe[1292]: FSI DATA GPIO: FSI_DATA
Sep 29 17:35:47 witherspoon power_control.exe[1292]: FSI CLK GPIO: FSI_CLK
Sep 29 17:35:47 witherspoon power_control.exe[1292]: FSI ENABLE GPIO: FSI_ENABLE
Sep 29 17:35:47 witherspoon power_control.exe[1292]: CRONUS SEL GPIO: CRONUS_SEL
Sep 29 17:35:47 witherspoon power_control.exe[1292]: Hostctl GPIO optionals: 0
Sep 29 17:35:47 witherspoon button_reset.exe[1294]: GPIO Lookup:  RESET_BUTTON = 353,both
Sep 29 17:35:47 witherspoon systemd[1]: Started Phosphor Reset Button0.
Sep 29 17:35:48 witherspoon power_control.exe[1292]: GPIO Lookup:  SYS_PWROK_BUFF = 306,in
Sep 29 17:35:48 witherspoon power_control.exe[1292]: GPIO Lookup:  SOFTWARE_PGOOD = 417,out
Sep 29 17:35:48 witherspoon power_control.exe[1292]: GPIO Lookup:  BMC_POWER_UP = 305,out
Sep 29 17:35:48 witherspoon power_control.exe[1292]: GPIO Lookup:  BMC_CP0_RESET_N = 281,out
Sep 29 17:35:48 witherspoon power_control.exe[1292]: Pgood state: 0
Sep 29 17:35:48 witherspoon systemd[1]: Started Phosphor Power0 Control.
Sep 29 17:35:49 witherspoon phosphor-gevent[1173]: ::60a9:6176:8e91:f402%1995221788 - - [2017-09-29 17:35:49] "POST /login HTTP/1.1" 200 320 0.044890
Sep 29 17:35:50 witherspoon phosphor-gevent[1173]: ::60a9:6176:8e91:f402%1995221788 - - [2017-09-29 17:35:50] "GET /xyz/openbmc_project/state/chassis0//attr/CurrentPowerState HTTP/1.1" 404 312 0.730082
Sep 29 17:35:52 witherspoon phosphor-gevent[1173]: ::60a9:6176:8e91:f402%1995221788 - - [2017-09-29 17:35:52] "POST /login HTTP/1.1" 200 320 0.032745
Sep 29 17:35:53 witherspoon systemd[1]: Started Wait for /xyz/openbmc_project/state/chassis0.
Sep 29 17:35:53 witherspoon systemd[1]: Started Wait for /org/openbmc/control/power0.
Sep 29 17:35:53 witherspoon systemd[1]: Starting Phosphor Time Manager daemon...
Sep 29 17:35:53 witherspoon systemd[1]: Started Witherspoon Power Supply 1 Monitor.
Sep 29 17:35:53 witherspoon systemd[1]: Started Witherspoon Power Supply 0 Monitor.
Sep 29 17:35:53 witherspoon systemd[1]: Starting Check Chassis0 pgood and create a file to indicate it...
Sep 29 17:35:54 witherspoon phosphor-gevent[1173]: ::60a9:6176:8e91:f402%1995221788 - - [2017-09-29 17:35:54] "GET /xyz/openbmc_project/state/chassis0//attr/CurrentPowerState HTTP/1.1" 200 216 1.143830
Sep 29 17:35:54 witherspoon env[1322]: witherspoon-psu-monitor: unrecognized option '--instance=1'
Sep 29 17:35:54 witherspoon env[1322]: Usage: witherspoon-psu-monitor [options]
Sep 29 17:35:54 witherspoon env[1322]: Options:
Sep 29 17:35:54 witherspoon env[1322]:     --help               print this menu
Sep 29 17:35:54 witherspoon env[1322]:     --path=<objpath>     path to location to monitor
Sep 29 17:35:54 witherspoon systemd[1]: witherspoon-power-supply-monitor@1.service: Main process exited, code=exited, status=255/n/a
Sep 29 17:35:54 witherspoon systemd[1]: witherspoon-power-supply-monitor@1.service: Unit entered failed state.
Sep 29 17:35:54 witherspoon systemd[1]: witherspoon-power-supply-monitor@1.service: Failed with result 'exit-code'.
Sep 29 17:35:54 witherspoon env[1323]: witherspoon-psu-monitor: unrecognized option '--instance=0'
Sep 29 17:35:54 witherspoon env[1323]: Usage: witherspoon-psu-monitor [options]
Sep 29 17:35:54 witherspoon env[1323]: Options:
Sep 29 17:35:54 witherspoon env[1323]:     --help               print this menu
Sep 29 17:35:54 witherspoon env[1323]:     --path=<objpath>     path to location to monitor
Sep 29 17:35:54 witherspoon systemd[1]: witherspoon-power-supply-monitor@0.service: Main process exited, code=exited, status=255/n/a
Sep 29 17:35:54 witherspoon systemd[1]: witherspoon-power-supply-monitor@0.service: Unit entered failed state.
Sep 29 17:35:54 witherspoon systemd[1]: witherspoon-power-supply-monitor@0.service: Failed with result 'exit-code'.
Sep 29 17:35:54 witherspoon phosphor-gevent[1173]: ::60a9:6176:8e91:f402%1995221788 - - [2017-09-29 17:35:54] "POST /login HTTP/1.1" 200 320 0.032280
Sep 29 17:35:55 witherspoon timemanager[1321]: Registering dbus methods
Sep 29 17:35:55 witherspoon timemanager[1321]: Last known time_mode: NTP
Sep 29 17:35:55 witherspoon timemanager[1321]: Last known time_owner: BMC
Sep 29 17:35:55 witherspoon timemanager[1321]: Empty DhcpNtp string
Sep 29 17:35:55 witherspoon timemanager[1321]: Reading Power Control key: pgood
Sep 29 17:35:55 witherspoon systemd[1]: Started Check Chassis0 pgood and create a file to indicate it.
Sep 29 17:35:55 witherspoon systemd[1]: Reached target Chassis0 power on after reset.
Sep 29 17:35:55 witherspoon systemd[1]: Reached target Chassis0 (Reset Check).
Sep 29 17:35:56 witherspoon phosphor-gevent[1173]: ::60a9:6176:8e91:f402%1995221788 - - [2017-09-29 17:35:56] "GET /xyz/openbmc_project/state/chassis0//attr/CurrentPowerState HTTP/1.1" 200 216 1.198722
Sep 29 17:35:56 witherspoon timemanager[1321]: Changing settings *allowed* now
Sep 29 17:35:56 witherspoon timemanager[1321]: Owner is already set to : BMC
Sep 29 17:35:56 witherspoon systemd[1]: Started Wait for /xyz/openbmc_project/control/host0.
Sep 29 17:35:56 witherspoon timemanager[1321]: Requested_Mode: NTP Current_Mode: NTP
Sep 29 17:35:56 witherspoon timemanager[1321]: Mode is already set to : NTP
Sep 29 17:35:56 witherspoon timemanager[1321]: Getting System Settings: use_dhcp_ntp
Sep 29 17:35:56 witherspoon timemanager[1321]: use_dhcp_ntp = yes
Sep 29 17:35:56 witherspoon timemanager[1321]: Last known host_offset:0
Sep 29 17:35:56 witherspoon timemanager[1321]: Initial Uptime Usec: 1506706421558270
Sep 29 17:35:56 witherspoon phosphor-gevent[1173]: ::60a9:6176:8e91:f402%1995221788 - - [2017-09-29 17:35:56] "POST /login HTTP/1.1" 200 320 0.032201
Sep 29 17:35:56 witherspoon systemd[1]: Started Phosphor Time Manager daemon.
Sep 29 17:35:56 witherspoon systemd[1]: Reached target Host0 running after reset.
Sep 29 17:35:56 witherspoon systemd[1]: Reached target Host0 (Reset Check).
Sep 29 17:35:56 witherspoon systemd[1]: Starting Phosphor Host State Manager...
Sep 29 17:35:57 witherspoon phosphor-gevent[1173]: ::60a9:6176:8e91:f402%1995221788 - - [2017-09-29 17:35:57] "GET /xyz/openbmc_project/state/host0//attr/BootProgress HTTP/1.1" 404 309 0.570402
Sep 29 17:35:57 witherspoon phosphor-gevent[1173]: ::60a9:6176:8e91:f402%1995221788 - - [2017-09-29 17:35:57] "POST /login HTTP/1.1" 200 320 0.032292
Sep 29 17:35:58 witherspoon phosphor-host-state-manager[1339]: Initial Host State will be Off
Sep 29 17:35:58 witherspoon phosphor-host-state-manager[1339]: External request to reset reboot count
Sep 29 17:35:58 witherspoon systemd[1]: Started Phosphor Host State Manager.
Sep 29 17:35:58 witherspoon phosphor-gevent[1173]: ::60a9:6176:8e91:f402%1995221788 - - [2017-09-29 17:35:58] "GET /xyz/openbmc_project/state/host0//attr/CurrentHostState HTTP/1.1" 404 309 0.751416
Sep 29 17:35:59 witherspoon systemd[1]: Started Wait for /xyz/openbmc_project/state/host0.
Sep 29 17:35:59 witherspoon systemd[1]: Starting Reboot If Enabled...
Sep 29 17:36:00 witherspoon phosphor-discover-system-state[1340]: Host power is off, checking power policy
Sep 29 17:36:00 witherspoon phosphor-discover-system-state[1340]: power_policy=RESTORE, restoring last state
Sep 29 17:36:00 witherspoon phosphor-host-state-manager[1339]: Host State transaction request
Sep 29 17:36:00 witherspoon systemd[1]: Created slice system-op\x2docc\x2ddisable.slice.
Sep 29 17:36:00 witherspoon systemd[1]: Starting Wait for /org/openbmc/control/chassis0...
Sep 29 17:36:00 witherspoon systemd[1]: Starting Phosphor MAX31785 MSL...
Sep 29 17:36:01 witherspoon systemd[1]: Started Witherspoon Power Supply 1 Monitor.
Sep 29 17:36:01 witherspoon systemd[1]: Created slice system-ir35221\x2doff\x2dbind.slice.
Sep 29 17:36:01 witherspoon systemd[1]: Started Phosphor Cooling Type.
Sep 29 17:36:01 witherspoon systemd[1]: Starting Wait for /org/openbmc/HostIpmi/1...
Sep 29 17:36:01 witherspoon systemd[1]: Created slice system-ir35221\x2doff\x2dunbind.slice.
Sep 29 17:36:01 witherspoon systemd[1]: Started Witherspoon Power Supply 0 Monitor.
Sep 29 17:36:01 witherspoon systemd[1]: Stopped target Host0 (Reset Check).
Sep 29 17:36:01 witherspoon systemd[1]: Starting OpenPOWER OCC Active Disable...
Sep 29 17:36:01 witherspoon env[1345]: witherspoon-psu-monitor: unrecognized option '--instance=1'
Sep 29 17:36:01 witherspoon env[1348]: witherspoon-psu-monitor: unrecognized option '--instance=0'
Sep 29 17:36:01 witherspoon env[1348]: Usage: witherspoon-psu-monitor [options]
Sep 29 17:36:01 witherspoon env[1348]: Options:
Sep 29 17:36:01 witherspoon env[1348]:     --help               print this menu
Sep 29 17:36:01 witherspoon env[1348]:     --path=<objpath>     path to location to monitor
Sep 29 17:36:01 witherspoon systemd[1]: Created slice system-obmc\x2dled\x2dgroup\x2dstop.slice.
Sep 29 17:36:01 witherspoon systemd[1]: Created slice system-op\x2dwait\x2dpower\x2doff.slice.
Sep 29 17:36:01 witherspoon systemd[1]: Created slice system-op\x2dpower\x2dstop.slice.
Sep 29 17:36:01 witherspoon systemd[1]: Starting Wait for /xyz/openbmc_project/led/groups/power_on...
Sep 29 17:36:01 witherspoon systemd[1]: Created slice system-vcs_off_poweroff.slice.
Sep 29 17:36:01 witherspoon env[1345]: Usage: witherspoon-psu-monitor [options]
Sep 29 17:36:01 witherspoon env[1345]: Options:
Sep 29 17:36:01 witherspoon env[1345]:     --help               print this menu
Sep 29 17:36:01 witherspoon env[1345]:     --path=<objpath>     path to location to monitor
Sep 29 17:36:02 witherspoon systemd[1]: Started Reboot If Enabled.
Sep 29 17:36:02 witherspoon systemd[1]: Started Wait for /org/openbmc/control/chassis0.
Sep 29 17:36:02 witherspoon systemd[1]: witherspoon-power-supply-monitor@1.service: Main process exited, code=exited, status=255/n/a
Sep 29 17:36:02 witherspoon systemd[1]: witherspoon-power-supply-monitor@1.service: Unit entered failed state.
Sep 29 17:36:02 witherspoon systemd[1]: witherspoon-power-supply-monitor@1.service: Failed with result 'exit-code'.
Sep 29 17:36:02 witherspoon systemd[1]: witherspoon-power-supply-monitor@0.service: Main process exited, code=exited, status=255/n/a
Sep 29 17:36:02 witherspoon systemd[1]: witherspoon-power-supply-monitor@0.service: Unit entered failed state.
Sep 29 17:36:02 witherspoon systemd[1]: witherspoon-power-supply-monitor@0.service: Failed with result 'exit-code'.
Sep 29 17:36:02 witherspoon systemd[1]: Started Wait for /xyz/openbmc_project/led/groups/power_on.
Sep 29 17:36:03 witherspoon systemd[1]: Started OpenPOWER OCC Active Disable.
Sep 29 17:36:03 witherspoon systemd[1]: Started Wait for /org/openbmc/HostIpmi/1.
Sep 29 17:36:03 witherspoon systemd[1]: Starting Soft power off of the host...
Sep 29 17:36:03 witherspoon systemd[1]: Starting Assert power_on LED...
Sep 29 17:36:04 witherspoon systemd[1]: Started Assert power_on LED.
Sep 29 17:36:04 witherspoon ipmid[1308]: Pushing cmd on to queue
Sep 29 17:36:04 witherspoon ipmid[1308]: Pushing cmd on to queue
Sep 29 17:36:04 witherspoon ipmid[1308]: Asserting SMS Attention
Sep 29 17:36:04 witherspoon ipmid[1308]: SMS Attention asserted
Sep 29 17:36:04 witherspoon systemd[1]: Started Phosphor MAX31785 MSL.
Sep 29 17:36:04 witherspoon systemd[1]: Reached target Phosphor System - Standby.
Sep 29 17:36:04 witherspoon systemd[1]: Reached target Stop Host0 (Pre).
Sep 29 17:36:04 witherspoon systemd[1]: Starting Power off mode unbind ir35221 device driver devs...
Sep 29 17:36:04 witherspoon systemd[1]: Reached target Stop Hosti (Pre).
Sep 29 17:36:04 witherspoon systemd[1]: Reached target Hosti (Stopping).
Sep 29 17:36:04 witherspoon systemd[1]: Reached target Hosti (Stopped).
Sep 29 17:36:04 witherspoon phosphor-bmc-state-manager[1295]: BMC_READY
Sep 29 17:36:04 witherspoon phosphor-bmc-state-manager[1295]: Setting the BMCState field
Sep 29 17:36:04 witherspoon systemd[1]: Reached target Poweri Off (Pre).
Sep 29 17:36:04 witherspoon systemd[1]: Reached target Poweri Off.
Sep 29 17:36:04 witherspoon systemd[1]: Starting Assert bmc_booted LED...
Sep 29 17:36:04 witherspoon systemd[1]: Started Power off mode unbind ir35221 device driver devs.
