-- Logs begin at Wed 2017-08-09 23:23:55 UTC, end at Wed 2017-08-09 23:27:01 UTC. --
Aug 09 23:23:55 witherspoon kernel: Booting Linux on physical CPU 0x0
Aug 09 23:23:55 witherspoon kernel: Linux version 4.10.17-03afe5775baf06c3037d62cc2a15628079af38c9 (jenkins@hudson) (gcc version 6.2.0 (GCC) ) #1 Tue Aug 1 17:31:09 UTC 2017
Aug 09 23:23:55 witherspoon kernel: CPU: ARMv6-compatible processor [410fb767] revision 7 (ARMv7), cr=00c5387d
Aug 09 23:23:55 witherspoon kernel: CPU: PIPT / VIPT nonaliasing data cache, VIPT nonaliasing instruction cache
Aug 09 23:23:55 witherspoon kernel: OF: fdt:Machine model: Witherspoon BMC
Aug 09 23:23:55 witherspoon kernel: Memory policy: Data cache writeback
Aug 09 23:23:55 witherspoon kernel: SOC Rev: 04030303
Aug 09 23:23:55 witherspoon kernel: On node 0 totalpages: 110592
Aug 09 23:23:55 witherspoon kernel: free_area_init_node: node 0, pgdat 805ff5f4, node_mem_map 9ec1a000
Aug 09 23:23:55 witherspoon kernel:   Normal zone: 992 pages used for memmap
Aug 09 23:23:55 witherspoon kernel:   Normal zone: 0 pages reserved
Aug 09 23:23:55 witherspoon kernel:   Normal zone: 110592 pages, LIFO batch:31
Aug 09 23:23:55 witherspoon kernel: pcpu-alloc: s0 r0 d32768 u32768 alloc=1*32768
Aug 09 23:23:55 witherspoon kernel: pcpu-alloc: [0] 0 
Aug 09 23:23:55 witherspoon kernel: Built 1 zonelists in Zone order, mobility grouping on.  Total pages: 109600
Aug 09 23:23:55 witherspoon kernel: Kernel command line: console=ttyS4,115200n8 root=/dev/ram rw
Aug 09 23:23:55 witherspoon kernel: PID hash table entries: 2048 (order: 1, 8192 bytes)
Aug 09 23:23:55 witherspoon kernel: Dentry cache hash table entries: 65536 (order: 6, 262144 bytes)
Aug 09 23:23:55 witherspoon kernel: Inode-cache hash table entries: 32768 (order: 5, 131072 bytes)
Aug 09 23:23:55 witherspoon kernel: Memory: 430440K/442368K available (4065K kernel code, 280K rwdata, 1192K rodata, 284K init, 111K bss, 11928K reserved, 0K cma-reserved)
Aug 09 23:23:55 witherspoon kernel: Virtual kernel memory layout:
                                        vector  : 0xffff0000 - 0xffff1000   (   4 kB)
                                        fixmap  : 0xffc00000 - 0xfff00000   (3072 kB)
                                        vmalloc : 0x9f800000 - 0xff800000   (1536 MB)
                                        lowmem  : 0x80000000 - 0x9f000000   ( 496 MB)
                                          .text : 0x80008000 - 0x80400940   (4067 kB)
                                          .init : 0x80585000 - 0x805cc000   ( 284 kB)
                                          .data : 0x805cc000 - 0x80612358   ( 281 kB)
                                           .bss : 0x80612358 - 0x8062e1f8   ( 112 kB)
Aug 09 23:23:55 witherspoon kernel: NR_IRQS:16 nr_irqs:16 16
Aug 09 23:23:55 witherspoon kernel: i2c controller registered, irq 16
Aug 09 23:23:55 witherspoon kernel: clocksource: moxart_timer: mask: 0xffffffff max_cycles: 0xffffffff, max_idle_ns: 77222644334 ns
Aug 09 23:23:55 witherspoon kernel: sched_clock: 32 bits at 100 Hz, resolution 10000000ns, wraps every 21474836475000000ns
Aug 09 23:23:55 witherspoon kernel: Calibrating delay loop... 789.70 BogoMIPS (lpj=3948544)
Aug 09 23:23:55 witherspoon kernel: pid_max: default: 32768 minimum: 301
Aug 09 23:23:55 witherspoon kernel: Mount-cache hash table entries: 1024 (order: 0, 4096 bytes)
Aug 09 23:23:55 witherspoon kernel: Mountpoint-cache hash table entries: 1024 (order: 0, 4096 bytes)
Aug 09 23:23:55 witherspoon kernel: CPU: Testing write buffer coherency: ok
Aug 09 23:23:55 witherspoon kernel: ftrace: allocating 14934 entries in 44 pages
Aug 09 23:23:55 witherspoon kernel: Setting up static identity map for 0x80008200 - 0x8000825c
Aug 09 23:23:55 witherspoon kernel: devtmpfs: initialized
Aug 09 23:23:55 witherspoon kernel: clocksource: jiffies: mask: 0xffffffff max_cycles: 0xffffffff, max_idle_ns: 19112604462750000 ns
Aug 09 23:23:55 witherspoon kernel: futex hash table entries: 256 (order: -1, 3072 bytes)
Aug 09 23:23:55 witherspoon kernel: pinctrl core: initialized pinctrl subsystem
Aug 09 23:23:55 witherspoon kernel: NET: Registered protocol family 16
Aug 09 23:23:55 witherspoon kernel: DMA: preallocated 256 KiB pool for atomic coherent allocations
Aug 09 23:23:55 witherspoon kernel: usbcore: registered new interface driver usbfs
Aug 09 23:23:55 witherspoon kernel: usbcore: registered new interface driver hub
Aug 09 23:23:55 witherspoon kernel: usbcore: registered new device driver usb
Aug 09 23:23:55 witherspoon kernel: clocksource: Switched to clocksource moxart_timer
Aug 09 23:23:55 witherspoon kernel: NET: Registered protocol family 2
Aug 09 23:23:55 witherspoon kernel: TCP established hash table entries: 4096 (order: 2, 16384 bytes)
Aug 09 23:23:55 witherspoon kernel: TCP bind hash table entries: 4096 (order: 2, 16384 bytes)
Aug 09 23:23:55 witherspoon kernel: TCP: Hash tables configured (established 4096 bind 4096)
Aug 09 23:23:55 witherspoon kernel: UDP hash table entries: 256 (order: 0, 4096 bytes)
Aug 09 23:23:55 witherspoon kernel: UDP-Lite hash table entries: 256 (order: 0, 4096 bytes)
Aug 09 23:23:55 witherspoon kernel: NET: Registered protocol family 1
Aug 09 23:23:55 witherspoon kernel: Trying to unpack rootfs image as initramfs...
Aug 09 23:23:55 witherspoon kernel: Freeing initrd memory: 1544K
Aug 09 23:23:55 witherspoon kernel: workingset: timestamp_bits=30 max_order=17 bucket_order=0
Aug 09 23:23:55 witherspoon kernel: squashfs: version 4.0 (2009/01/31) Phillip Lougher
Aug 09 23:23:55 witherspoon kernel: jffs2: version 2.2. (SUMMARY)  © 2001-2006 Red Hat, Inc.
Aug 09 23:23:55 witherspoon kernel: Block layer SCSI generic (bsg) driver version 0.4 loaded (major 250)
Aug 09 23:23:55 witherspoon kernel: io scheduler noop registered
Aug 09 23:23:55 witherspoon kernel: io scheduler deadline registered
Aug 09 23:23:55 witherspoon kernel: io scheduler cfq registered (default)
Aug 09 23:23:55 witherspoon kernel: ipmi-bt-host 1e789140.ibt: Found bt bmc device
Aug 09 23:23:55 witherspoon kernel: ipmi-bt-host 1e789140.ibt: Using IRQ 22
Aug 09 23:23:55 witherspoon kernel: Serial: 8250/16550 driver, 6 ports, IRQ sharing enabled
Aug 09 23:23:55 witherspoon kernel: 1e787000.vuart: ttyS0 at MMIO 0x1e787000 (irq = 22, base_baud = 1500000) is a 16550A
Aug 09 23:23:55 witherspoon kernel: 1e783000.serial: ttyS1 at MMIO 0x1e783000 (irq = 23, base_baud = 1500000) is a 16550A
Aug 09 23:23:55 witherspoon kernel: 1e78d000.serial: ttyS2 at MMIO 0x1e78d000 (irq = 24, base_baud = 1500000) is a 16550A
Aug 09 23:23:55 witherspoon kernel: 1e784000.serial: ttyS4 at MMIO 0x1e784000 (irq = 25, base_baud = 1500000) is a 16550A
Aug 09 23:23:55 witherspoon kernel: console [ttyS4] enabled
Aug 09 23:23:55 witherspoon kernel: timeriomem_rng 1e6e2078.hwrng: 32bits from 0xf00e2078 @ 1us
Aug 09 23:23:55 witherspoon kernel: random: fast init done
Aug 09 23:23:55 witherspoon kernel: brd: module loaded
Aug 09 23:23:55 witherspoon kernel: loop: module loaded
Aug 09 23:23:55 witherspoon kernel: aspeed-lpc-ctrl 1e789080.lpc-ctrl: Loaded at 0x98000000 (0x04000000)
Aug 09 23:23:55 witherspoon kernel: aspeed-smc 1e620000.flash-controller: Using IRQ 18
Aug 09 23:23:55 witherspoon kernel: aspeed-smc 1e620000.flash-controller: DMA support disabled.
Aug 09 23:23:55 witherspoon kernel: aspeed-smc 1e620000.flash-controller: mx25l25635e (32768 Kbytes)
Aug 09 23:23:55 witherspoon kernel: aspeed-smc 1e620000.flash-controller: CE0 window [ 0x20000000 - 0x22000000 ] 32MB
Aug 09 23:23:55 witherspoon kernel: aspeed-smc 1e620000.flash-controller: CE1 window [ 0x22000000 - 0x2a000000 ] 128MB
Aug 09 23:23:55 witherspoon kernel: 5 ofpart partitions found on MTD device bmc
Aug 09 23:23:55 witherspoon kernel: Creating 5 MTD partitions on "bmc":
Aug 09 23:23:55 witherspoon kernel: 0x000000000000-0x000000060000 : "u-boot"
Aug 09 23:23:55 witherspoon kernel: 0x000000060000-0x000000080000 : "u-boot-env"
Aug 09 23:23:55 witherspoon kernel: 0x000000080000-0x0000004c0000 : "kernel"
Aug 09 23:23:55 witherspoon kernel: 0x0000004c0000-0x000001c00000 : "rofs"
Aug 09 23:23:55 witherspoon kernel: 0x000001c00000-0x000002000000 : "rwfs"
Aug 09 23:23:55 witherspoon kernel: aspeed-smc 1e620000.flash-controller: mx25l25635e (32768 Kbytes)
Aug 09 23:23:55 witherspoon kernel: aspeed-smc 1e620000.flash-controller: CE1 window [ 0x22000000 - 0x24000000 ] 32MB
Aug 09 23:23:55 witherspoon kernel: aspeed-smc 1e620000.flash-controller: CE2 window [ 0x24000000 - 0x2c000000 ] 128MB
Aug 09 23:23:55 witherspoon kernel: aspeed-smc 1e630000.flash-controller: mx66l1g45g (131072 Kbytes)
Aug 09 23:23:55 witherspoon kernel: aspeed-smc 1e630000.flash-controller: CE0 window resized to 120MB (AST2500 HW quirk)
Aug 09 23:23:55 witherspoon kernel: aspeed-smc 1e630000.flash-controller: CE0 window [ 0x30000000 - 0x37800000 ] 120MB
Aug 09 23:23:55 witherspoon kernel: aspeed-smc 1e630000.flash-controller: CE0 window too small for chip 128MB
Aug 09 23:23:55 witherspoon kernel: aspeed-smc 1e630000.flash-controller: CE1 window [ 0x37800000 - 0x38000000 ] 8MB
Aug 09 23:23:55 witherspoon kernel: libphy: Fixed MDIO Bus: probed
Aug 09 23:23:55 witherspoon kernel: ftgmac100 1e660000.ethernet: Read MAC address 70:e2:84:14:23:e1 from chip
Aug 09 23:23:55 witherspoon kernel: ftgmac100 1e660000.ethernet: Using NCSI interface
Aug 09 23:23:55 witherspoon kernel: ftgmac100 1e660000.ethernet eth0: irq 20, mapped at f0060000
Aug 09 23:23:55 witherspoon kernel: ehci_hcd: USB 2.0 'Enhanced' Host Controller (EHCI) Driver
Aug 09 23:23:55 witherspoon kernel: ehci-platform: EHCI generic platform driver
Aug 09 23:23:55 witherspoon kernel:  fsi0: can't read slave 00:00 -5
Aug 09 23:23:55 witherspoon kernel: i2c /dev entries driver
Aug 09 23:23:55 witherspoon kernel: aspeed-i2c-bus 1e78a0c0.i2c-bus: i2c bus 2 registered, irq 26
Aug 09 23:23:55 witherspoon kernel: aspeed-i2c-bus 1e78a100.i2c-bus: i2c bus 3 registered, irq 27
Aug 09 23:23:55 witherspoon kernel: aspeed-i2c-bus 1e78a140.i2c-bus: i2c bus 4 registered, irq 28
Aug 09 23:23:55 witherspoon kernel: aspeed-i2c-bus 1e78a180.i2c-bus: i2c bus 5 registered, irq 29
Aug 09 23:23:55 witherspoon kernel: aspeed-i2c-bus 1e78a380.i2c-bus: i2c bus 9 registered, irq 30
Aug 09 23:23:55 witherspoon kernel: aspeed-i2c-bus 1e78a3c0.i2c-bus: i2c bus 10 registered, irq 31
Aug 09 23:23:55 witherspoon kernel: rtc-rv8803 11-0032: Voltage low, temperature compensation stopped.
Aug 09 23:23:55 witherspoon kernel: rtc-rv8803 11-0032: An alarm maybe have been missed.
Aug 09 23:23:55 witherspoon kernel: rtc-rv8803 11-0032: rtc core: registered rx8900 as rtc0
Aug 09 23:23:55 witherspoon kernel: at24 11-0051: 8192 byte 24c64 EEPROM, writable, 1 bytes/write
Aug 09 23:23:55 witherspoon kernel: aspeed-i2c-bus 1e78a400.i2c-bus: i2c bus 11 registered, irq 32
Aug 09 23:23:55 witherspoon kernel: aspeed-i2c-bus 1e78a440.i2c-bus: i2c bus 12 registered, irq 33
Aug 09 23:23:55 witherspoon kernel: aspeed-i2c-bus 1e78a480.i2c-bus: i2c bus 13 registered, irq 34
Aug 09 23:23:55 witherspoon kernel: Driver for 1-wire Dallas network protocol.
Aug 09 23:23:55 witherspoon kernel: lm75 9-004a: hwmon0: sensor 'tmp275'
Aug 09 23:23:55 witherspoon kernel: random: crng init done
Aug 09 23:23:55 witherspoon kernel: ucd9000 11-0064: Device ID UCD90160|2.3.4.0000|110603
Aug 09 23:23:55 witherspoon kernel: leds-pca955x 3-0060: leds-pca955x: Using pca9552 16-bit LED driver at slave address 0x60
Aug 09 23:23:55 witherspoon kernel: leds-pca955x 11-0060: leds-pca955x: Using pca9552 16-bit LED driver at slave address 0x60
Aug 09 23:23:55 witherspoon kernel: leds-pca955x 11-0060: gpios 264...279
Aug 09 23:23:55 witherspoon kernel: usbcore: registered new interface driver usbhid
Aug 09 23:23:55 witherspoon kernel: usbhid: USB HID core driver
Aug 09 23:23:55 witherspoon kernel: NET: Registered protocol family 10
Aug 09 23:23:55 witherspoon kernel: Segment Routing with IPv6
Aug 09 23:23:55 witherspoon kernel: NET: Registered protocol family 17
Aug 09 23:23:55 witherspoon kernel: 8021q: 802.1Q VLAN Support v1.8
Aug 09 23:23:55 witherspoon kernel: console [netcon0] enabled
Aug 09 23:23:55 witherspoon kernel: netconsole: network logging started
Aug 09 23:23:55 witherspoon kernel: input: gpio-keys as /devices/platform/gpio-keys/input/input0
Aug 09 23:23:55 witherspoon kernel: rtc-rv8803 11-0032: setting system clock to 2017-08-09 23:23:43 UTC (1502321023)
Aug 09 23:23:55 witherspoon kernel: Freeing unused kernel memory: 284K
Aug 09 23:23:55 witherspoon kernel: This architecture does not have kernel memory protection.
Aug 09 23:23:55 witherspoon kernel: jffs2: notice: (533) jffs2_build_xattr_subsystem: complete building xattr subsystem, 1 of xdatum (1 unchecked, 0 orphan) and 6 of xref (0 dead, 1 orphan) found.
Aug 09 23:23:55 witherspoon systemd[1]: Failed to insert module 'autofs4': No such file or directory
Aug 09 23:23:55 witherspoon systemd[1]: systemd 232 running in system mode. (+PAM -AUDIT -SELINUX -IMA -APPARMOR -SMACK +SYSVINIT -UTMP -LIBCRYPTSETUP -GCRYPT -GNUTLS +ACL +XZ -LZ4 -SECCOMP +BLKID -ELFUTILS +KMOD -IDN)
Aug 09 23:23:55 witherspoon systemd[1]: Detected architecture arm.
Aug 09 23:23:55 witherspoon systemd[1]: Set hostname to <witherspoon>.
Aug 09 23:23:55 witherspoon systemd[1]: Reached target Swap.
Aug 09 23:23:55 witherspoon systemd[1]: Listening on Journal Socket (/dev/log).
Aug 09 23:23:55 witherspoon systemd[1]: Listening on udev Control Socket.
Aug 09 23:23:55 witherspoon systemd[1]: Listening on Syslog Socket.
Aug 09 23:23:55 witherspoon systemd[1]: Listening on /dev/initctl Compatibility Named Pipe.
Aug 09 23:23:55 witherspoon systemd[1]: Listening on Journal Socket.
Aug 09 23:23:55 witherspoon systemd[1]: Started Dispatch Password Requests to Console Directory Watch.
Aug 09 23:23:55 witherspoon systemd-journald[588]: Journal started
Aug 09 23:23:55 witherspoon systemd-journald[588]: Runtime journal (/run/log/journal/cc6e1404d87444e8a089dfdb00a18f7d) is 0B, max 0B, 0B free.
Aug 09 23:23:56 witherspoon systemd-sysctl[702]: Couldn't write '16' to 'kernel/sysrq', ignoring: No such file or directory
Aug 09 23:23:56 witherspoon systemd-sysctl[702]: Couldn't write 'fq_codel' to 'net/core/default_qdisc', ignoring: No such file or directory
Aug 09 23:23:56 witherspoon systemd[1]: Started Remount Root and Kernel File Systems.
Aug 09 23:23:56 witherspoon systemd[1]: Started Apply Kernel Variables.
Aug 09 23:23:56 witherspoon systemd[1]: Starting Create System Users...
Aug 09 23:23:56 witherspoon systemd[1]: Starting Flush Journal to Persistent Storage...
Aug 09 23:23:56 witherspoon systemd-journald[588]: Runtime journal (/run/log/journal/cc6e1404d87444e8a089dfdb00a18f7d) is 0B, max 0B, 0B free.
Aug 09 23:23:56 witherspoon systemd[1]: Started Create System Users.
Aug 09 23:23:56 witherspoon systemd[1]: Started Flush Journal to Persistent Storage.
Aug 09 23:23:56 witherspoon systemd[1]: Starting Create Static Device Nodes in /dev...
Aug 09 23:23:57 witherspoon systemd[1]: Started Create Static Device Nodes in /dev.
Aug 09 23:23:57 witherspoon systemd[1]: Reached target Local File Systems (Pre).
Aug 09 23:23:57 witherspoon systemd[1]: Mounting /var/volatile...
Aug 09 23:23:57 witherspoon systemd[1]: Starting udev Kernel Device Manager...
Aug 09 23:23:57 witherspoon systemd[1]: Mounted /var/volatile.
Aug 09 23:23:57 witherspoon systemd[1]: Starting Load/Save Random Seed...
Aug 09 23:23:57 witherspoon systemd[1]: Reached target Local File Systems.
Aug 09 23:23:57 witherspoon systemd[1]: Starting Rebuild Journal Catalog...
Aug 09 23:23:57 witherspoon systemd[1]: Starting Create Volatile Files and Directories...
Aug 09 23:23:57 witherspoon systemd[1]: Started udev Coldplug all Devices.
Aug 09 23:23:57 witherspoon systemd[1]: Started Rebuild Journal Catalog.
Aug 09 23:23:57 witherspoon systemd[1]: Starting Update is Completed...
Aug 09 23:23:58 witherspoon systemd[1]: Started Update is Completed.
Aug 09 23:23:58 witherspoon systemd[1]: Started Load/Save Random Seed.
Aug 09 23:23:58 witherspoon systemd-tmpfiles[932]: "/var/tmp" already exists and is not a directory.
Aug 09 23:23:58 witherspoon systemd-tmpfiles[932]: "/var/log" already exists and is not a directory.
Aug 09 23:23:58 witherspoon systemd[1]: Started Create Volatile Files and Directories.
Aug 09 23:23:58 witherspoon systemd[1]: Starting Network Time Synchronization...
Aug 09 23:23:58 witherspoon systemd[1]: Starting Run pending postinsts...
Aug 09 23:23:58 witherspoon systemd[1]: Started udev Kernel Device Manager.
Aug 09 23:23:58 witherspoon systemd[1]: Started Network Time Synchronization.
Aug 09 23:23:58 witherspoon systemd[1]: Reached target System Time Synchronized.
Aug 09 23:23:59 witherspoon run-postinsts[950]: Running postinst /etc/rpm-postinsts/libglib-2.0-0...
Aug 09 23:24:00 witherspoon systemd[1]: Found device /dev/aspeed-lpc-ctrl.
Aug 09 23:24:00 witherspoon systemd[1]: Found device /dev/aspeed-mbox.
Aug 09 23:24:00 witherspoon systemd[1]: dev-hugepages.mount: Couldn't determine result for ConditionVirtualization=!private-users, assuming failed: No such file or directory
Aug 09 23:24:00 witherspoon systemd[1]: Created slice system-xyz.openbmc_project.Hwmon.slice.
Aug 09 23:24:00 witherspoon systemd[1]: Found device /dev/ttyS4.
Aug 09 23:24:00 witherspoon systemd[1]: Found device /dev/ttyVUART0.
Aug 09 23:24:00 witherspoon systemd[1]: Created slice system-xyz.openbmc_project.led.controller.slice.
Aug 09 23:24:00 witherspoon systemd[1]: dev-hugepages.mount: Couldn't determine result for ConditionVirtualization=!private-users, assuming failed: No such file or directory
Aug 09 23:24:00 witherspoon systemd[1]: dev-hugepages.mount: Couldn't determine result for ConditionVirtualization=!private-users, assuming failed: No such file or directory
Aug 09 23:24:01 witherspoon systemd[1]: dev-hugepages.mount: Couldn't determine result for ConditionVirtualization=!private-users, assuming failed: No such file or directory
Aug 09 23:24:01 witherspoon systemd[1]: dev-hugepages.mount: Couldn't determine result for ConditionVirtualization=!private-users, assuming failed: No such file or directory
Aug 09 23:24:01 witherspoon systemd[1]: dev-hugepages.mount: Couldn't determine result for ConditionVirtualization=!private-users, assuming failed: No such file or directory
Aug 09 23:24:01 witherspoon run-postinsts[950]: rm: can't remove '/etc/rpm-postinsts': Operation not supported
Aug 09 23:24:02 witherspoon run-postinsts[950]:  Removing any system startup links for run-postinsts ...
Aug 09 23:24:02 witherspoon systemctl[980]: Removed /etc/systemd/system/sysinit.target.wants/run-postinsts.service.
Aug 09 23:24:02 witherspoon systemd[1]: Reloading.
Aug 09 23:24:05 witherspoon systemd[1]: Started Run pending postinsts.
Aug 09 23:24:05 witherspoon systemd[1]: dev-hugepages.mount: Couldn't determine result for ConditionVirtualization=!private-users, assuming failed: No such file or directory
Aug 09 23:24:05 witherspoon systemd[1]: Reached target System Initialization.
Aug 09 23:24:05 witherspoon systemd[1]: Listening on Phosphor Host Console SSH Per-Connection socket.
Aug 09 23:24:05 witherspoon systemd[1]: Listening on Phosphor DBUS Browser socket.
Aug 09 23:24:05 witherspoon systemd[1]: Started Daily Cleanup of Temporary Directories.
Aug 09 23:24:05 witherspoon systemd[1]: Reached target Timers.
Aug 09 23:24:05 witherspoon systemd[1]: Listening on Phosphor Webserver socket.
Aug 09 23:24:05 witherspoon systemd[1]: Listening on phosphor-ipmi-net.socket.
Aug 09 23:24:05 witherspoon systemd[1]: Listening on D-Bus System Message Bus Socket.
Aug 09 23:24:05 witherspoon systemd[1]: Listening on Avahi mDNS/DNS-SD Stack Activation Socket.
Aug 09 23:24:05 witherspoon systemd[1]: Listening on dropbear.socket.
Aug 09 23:24:05 witherspoon systemd[1]: Reached target Sockets.
Aug 09 23:24:05 witherspoon systemd[1]: Reached target Basic System.
Aug 09 23:24:05 witherspoon systemd[1]: Starting Phosphor Settings Daemon...
Aug 09 23:24:05 witherspoon systemd[1]: Started Phosphor sysfs LED controller.
Aug 09 23:24:05 witherspoon systemd[1]: Started Phosphor sysfs LED controller.
Aug 09 23:24:05 witherspoon systemd[1]: Started Phosphor Console Muxer listening on device /dev/ttyVUART0.
Aug 09 23:24:05 witherspoon systemd[1]: Reached target Containers.
Aug 09 23:24:05 witherspoon systemd[1]: Started Phosphor sysfs LED controller.
Aug 09 23:24:05 witherspoon systemd[1]: Started Phosphor sysfs LED controller.
Aug 09 23:24:05 witherspoon systemd[1]: Starting Phosphor Inventory Manager...
Aug 09 23:24:06 witherspoon systemd[1]: Started Phosphor sysfs LED controller.
Aug 09 23:24:06 witherspoon systemd[1]: Started Phosphor sysfs LED controller.
Aug 09 23:24:06 witherspoon systemd[1]: Starting Avahi mDNS/DNS-SD Stack...
Aug 09 23:24:06 witherspoon systemd[1]: Starting Phosphor LED Group Management Daemon...
Aug 09 23:24:06 witherspoon systemd[1]: Starting Phosphor Log Manager...
Aug 09 23:24:06 witherspoon systemd[1]: Starting Phosphor Download Manager...
Aug 09 23:24:06 witherspoon systemd[1]: Started Phosphor Dump core monitor..
Aug 09 23:24:06 witherspoon systemd[1]: Starting Phosphor Dump Manager...
Aug 09 23:24:06 witherspoon systemd[1]: Starting Phosphor User Manager...
Aug 09 23:24:06 witherspoon systemd[1]: Starting Phosphor Sensor Manager...
Aug 09 23:24:06 witherspoon systemd[1]: Starting Phosphor Network Manager...
Aug 09 23:24:06 witherspoon systemd[1]: Starting Phosphor BMC0 Control...
Aug 09 23:24:06 witherspoon systemd[1]: Starting Phosphor Chassis0 Control...
Aug 09 23:24:06 witherspoon systemd[1]: Starting Phosphor Download Manager...
Aug 09 23:24:06 witherspoon systemd[1]: Starting OpenBMC Software Update Manager...
Aug 09 23:24:06 witherspoon systemd[1]: Starting Phosphor Inventory Manager...
Aug 09 23:24:06 witherspoon systemd[1]: Starting Phosphor DBus Service Discovery Manager...
Aug 09 23:24:06 witherspoon systemd[1]: Starting Clear one time boot overrides...
Aug 09 23:24:06 witherspoon systemd[1]: Started Phosphor sysfs LED controller.
Aug 09 23:24:06 witherspoon systemd[1]: Started Phosphor sysfs LED controller.
Aug 09 23:24:07 witherspoon systemd[1]: Started Kernel Logging Service.
Aug 09 23:24:07 witherspoon systemd[1]: Started Phosphor sysfs LED controller.
Aug 09 23:24:07 witherspoon systemd[1]: Starting Remount the squashfs and ubi volumes after a reboot...
Aug 09 23:24:07 witherspoon systemd[1]: Started Hardware RNG Entropy Gatherer Daemon.
Aug 09 23:24:07 witherspoon systemd[1]: Started System Logging Service.
Aug 09 23:24:07 witherspoon systemd[1]: Started D-Bus System Message Bus.
Aug 09 23:24:08 witherspoon kernel[1019]: klogd started: BusyBox v1.24.1 (2017-06-16 19:26:49 UTC)
Aug 09 23:24:08 witherspoon kernel[1019]: [    0.000000] Booting Linux on physical CPU 0x0
Aug 09 23:24:08 witherspoon kernel[1019]: [    0.000000] Linux version 4.10.17-03afe5775baf06c3037d62cc2a15628079af38c9 (jenkins@hudson) (gcc version 6.2.0 (GCC) ) #1 Tue Aug 1 17:31:09 UTC 2017
Aug 09 23:24:08 witherspoon kernel[1019]: [    0.000000] CPU: ARMv6-compatible processor [410fb767] revision 7 (ARMv7), cr=00c5387d
Aug 09 23:24:08 witherspoon kernel[1019]: [    0.000000] CPU: PIPT / VIPT nonaliasing data cache, VIPT nonaliasing instruction cache
Aug 09 23:24:08 witherspoon kernel[1019]: [    0.000000] OF: fdt:Machine model: Witherspoon BMC
Aug 09 23:24:08 witherspoon kernel[1019]: [    0.000000] Memory policy: Data cache writeback
Aug 09 23:24:08 witherspoon kernel[1019]: [    0.000000] SOC Rev: 04030303
Aug 09 23:24:08 witherspoon kernel[1019]: [    0.000000] On node 0 totalpages: 110592
Aug 09 23:24:08 witherspoon kernel[1019]: [    0.000000] free_area_init_node: node 0, pgdat 805ff5f4, node_mem_map 9ec1a000
Aug 09 23:24:08 witherspoon kernel[1019]: [    0.000000]   Normal zone: 992 pages used for memmap
Aug 09 23:24:08 witherspoon kernel[1019]: [    0.000000]   Normal zone: 0 pages reserved
Aug 09 23:24:08 witherspoon kernel[1019]: [    0.000000]   Normal zone: 110592 pages, LIFO batch:31
Aug 09 23:24:08 witherspoon kernel[1019]: [    0.000000] pcpu-alloc: s0 r0 d32768 u32768 alloc=1*32768
Aug 09 23:24:08 witherspoon kernel[1019]: [    0.000000] pcpu-alloc: [0] 0
Aug 09 23:24:08 witherspoon kernel[1019]: [    0.000000] Built 1 zonelists in Zone order, mobility grouping on.  Total pages: 109600
Aug 09 23:24:08 witherspoon kernel[1019]: [    0.000000] Kernel command line: console=ttyS4,115200n8 root=/dev/ram rw
Aug 09 23:24:08 witherspoon kernel[1019]: [    0.000000] PID hash table entries: 2048 (order: 1, 8192 bytes)
Aug 09 23:24:08 witherspoon kernel[1019]: [    0.000000] Dentry cache hash table entries: 65536 (order: 6, 262144 bytes)
Aug 09 23:24:08 witherspoon kernel[1019]: [    0.000000] Inode-cache hash table entries: 32768 (order: 5, 131072 bytes)
Aug 09 23:24:08 witherspoon kernel[1019]: [    0.000000] Memory: 430440K/442368K available (4065K kernel code, 280K rwdata, 1192K rodata, 284K init, 111K bss, 11928K reserved, 0K cma-reserved)
Aug 09 23:24:08 witherspoon kernel[1019]: [    0.000000] Virtual kernel memory layout:
Aug 09 23:24:08 witherspoon kernel[1019]: [    0.000000]     vector  : 0xffff0000 - 0xffff1000   (   4 kB)
Aug 09 23:24:08 witherspoon kernel[1019]: [    0.000000]     fixmap  : 0xffc00000 - 0xfff00000   (3072 kB)
Aug 09 23:24:08 witherspoon kernel[1019]: [    0.000000]     vmalloc : 0x9f800000 - 0xff800000   (1536 MB)
Aug 09 23:24:08 witherspoon kernel[1019]: [    0.000000]     lowmem  : 0x80000000 - 0x9f000000   ( 496 MB)
Aug 09 23:24:08 witherspoon kernel[1019]: [    0.000000]       .text : 0x80008000 - 0x80400940   (4067 kB)
Aug 09 23:24:08 witherspoon kernel[1019]: [    0.000000]       .init : 0x80585000 - 0x805cc000   ( 284 kB)
Aug 09 23:24:08 witherspoon kernel[1019]: [    0.000000]       .data : 0x805cc000 - 0x80612358   ( 281 kB)
Aug 09 23:24:08 witherspoon kernel[1019]: [    0.000000]        .bss : 0x80612358 - 0x8062e1f8   ( 112 kB)
Aug 09 23:24:08 witherspoon kernel[1019]: [    0.000000] NR_IRQS:16 nr_irqs:16 16
Aug 09 23:24:08 witherspoon kernel[1019]: [    0.000000] i2c controller registered, irq 16
Aug 09 23:24:08 witherspoon kernel[1019]: [    0.000000] clocksource: moxart_timer: mask: 0xffffffff max_cycles: 0xffffffff, max_idle_ns: 77222644334 ns
Aug 09 23:24:08 witherspoon kernel[1019]: [    0.000000] sched_clock: 32 bits at 100 Hz, resolution 10000000ns, wraps every 21474836475000000ns
Aug 09 23:24:08 witherspoon kernel[1019]: [    0.090000] Calibrating delay loop... 789.70 BogoMIPS (lpj=3948544)
Aug 09 23:24:08 witherspoon kernel[1019]: [    0.090000] pid_max: default: 32768 minimum: 301
Aug 09 23:24:08 witherspoon kernel[1019]: [    0.090000] Mount-cache hash table entries: 1024 (order: 0, 4096 bytes)
Aug 09 23:24:08 witherspoon kernel[1019]: [    0.090000] Mountpoint-cache hash table entries: 1024 (order: 0, 4096 bytes)
Aug 09 23:24:08 witherspoon kernel[1019]: [    0.090000] CPU: Testing write buffer coherency: ok
Aug 09 23:24:08 witherspoon kernel[1019]: [    0.090000] ftrace: allocating 14934 entries in 44 pages
Aug 09 23:24:08 witherspoon kernel[1019]: [    0.120000] Setting up static identity map for 0x80008200 - 0x8000825c
Aug 09 23:24:08 witherspoon kernel[1019]: [    0.120000] devtmpfs: initialized
Aug 09 23:24:08 witherspoon kernel[1019]: [    0.150000] clocksource: jiffies: mask: 0xffffffff max_cycles: 0xffffffff, max_idle_ns: 19112604462750000 ns
Aug 09 23:24:08 witherspoon kernel[1019]: [    0.150000] futex hash table entries: 256 (order: -1, 3072 bytes)
Aug 09 23:24:08 witherspoon kernel[1019]: [    0.150000] pinctrl core: initialized pinctrl subsystem
Aug 09 23:24:08 witherspoon kernel[1019]: [    0.150000] NET: Registered protocol family 16
Aug 09 23:24:08 witherspoon kernel[1019]: [    0.150000] DMA: preallocated 256 KiB pool for atomic coherent allocations
Aug 09 23:24:08 witherspoon kernel[1019]: [    0.220000] usbcore: registered new interface driver usbfs
Aug 09 23:24:08 witherspoon kernel[1019]: [    0.220000] usbcore: registered new interface driver hub
Aug 09 23:24:08 witherspoon kernel[1019]: [    0.220000] usbcore: registered new device driver usb
Aug 09 23:24:08 witherspoon kernel[1019]: [    0.220000] clocksource: Switched to clocksource moxart_timer
Aug 09 23:24:08 witherspoon kernel[1019]: [    0.230000] NET: Registered protocol family 2
Aug 09 23:24:08 witherspoon kernel[1019]: [    0.230000] TCP established hash table entries: 4096 (order: 2, 16384 bytes)
Aug 09 23:24:08 witherspoon kernel[1019]: [    0.230000] TCP bind hash table entries: 4096 (order: 2, 16384 bytes)
Aug 09 23:24:08 witherspoon kernel[1019]: [    0.230000] TCP: Hash tables configured (established 4096 bind 4096)
Aug 09 23:24:08 witherspoon kernel[1019]: [    0.230000] UDP hash table entries: 256 (order: 0, 4096 bytes)
Aug 09 23:24:08 witherspoon kernel[1019]: [    0.230000] UDP-Lite hash table entries: 256 (order: 0, 4096 bytes)
Aug 09 23:24:08 witherspoon kernel[1019]: [    0.230000] NET: Registered protocol family 1
Aug 09 23:24:08 witherspoon kernel[1019]: [    0.240000] Trying to unpack rootfs image as initramfs...
Aug 09 23:24:08 witherspoon kernel[1019]: [    1.910000] Freeing initrd memory: 1544K
Aug 09 23:24:08 witherspoon kernel[1019]: [    1.910000] workingset: timestamp_bits=30 max_order=17 bucket_order=0
Aug 09 23:24:08 witherspoon kernel[1019]: [    1.910000] squashfs: version 4.0 (2009/01/31) Phillip Lougher
Aug 09 23:24:08 witherspoon kernel[1019]: [    1.910000] jffs2: version 2.2. (SUMMARY)  © 2001-2006 Red Hat, Inc.
Aug 09 23:24:08 witherspoon kernel[1019]: [    1.910000] Block layer SCSI generic (bsg) driver version 0.4 loaded (major 250)
Aug 09 23:24:08 witherspoon kernel[1019]: [    1.910000] io scheduler noop registered
Aug 09 23:24:13 witherspoon kernel: ubi7: default fastmap pool size: 100
Aug 09 23:24:13 witherspoon kernel: ubi7: default fastmap WL pool size: 50
Aug 09 23:24:13 witherspoon kernel: ubi7: attaching mtd7
Aug 09 23:24:13 witherspoon kernel: ubi7: scanning is finished
Aug 09 23:24:13 witherspoon kernel: ubi7 error: ubi_read_volume_table: the layout volume was not found
Aug 09 23:24:13 witherspoon kernel: ubi7 error: ubi_attach_mtd_dev: failed to attach mtd7, error -22
Aug 09 23:24:08 witherspoon kernel[1019]: [    1.910000] io scheduler deadline registered
Aug 09 23:24:13 witherspoon obmc-flash-bios[1021]: ubiattach: error!: cannot attach mtd7
Aug 09 23:24:13 witherspoon obmc-flash-bios[1021]:            error 22 (Invalid argument)
Aug 09 23:24:08 witherspoon kernel[1019]: [    1.910000] io scheduler cfq registered (default)
Aug 09 23:24:08 witherspoon kernel[1019]: [    2.060000] ipmi-bt-host 1e789140.ibt: Found bt bmc device
Aug 09 23:24:08 witherspoon kernel[1019]: [    2.060000] ipmi-bt-host 1e789140.ibt: Using IRQ 22
Aug 09 23:24:08 witherspoon kernel[1019]: [    2.060000] Serial: 8250/16550 driver, 6 ports, IRQ sharing enabled
Aug 09 23:24:08 witherspoon kernel[1019]: [    2.060000] 1e787000.vuart: ttyS0 at MMIO 0x1e787000 (irq = 22, base_baud = 1500000) is a 16550A
Aug 09 23:24:08 witherspoon kernel[1019]: [    2.060000] 1e783000.serial: ttyS1 at MMIO 0x1e783000 (irq = 23, base_baud = 1500000) is a 16550A
Aug 09 23:24:08 witherspoon kernel[1019]: [    2.060000] 1e78d000.serial: ttyS2 at MMIO 0x1e78d000 (irq = 24, base_baud = 1500000) is a 16550A
Aug 09 23:24:08 witherspoon kernel[1019]: [    2.060000] 1e784000.serial: ttyS4 at MMIO 0x1e784000 (irq = 25, base_baud = 1500000) is a 16550A
Aug 09 23:24:08 witherspoon kernel[1019]: [    2.410000] console [ttyS4] enabled
Aug 09 23:24:08 witherspoon kernel[1019]: [    2.600000] timeriomem_rng 1e6e2078.hwrng: 32bits from 0xf00e2078 @ 1us
Aug 09 23:24:08 witherspoon kernel[1019]: [    2.620000] random: fast init done
Aug 09 23:24:08 witherspoon kernel[1019]: [    2.650000] brd: module loaded
Aug 09 23:24:08 witherspoon kernel[1019]: [    2.670000] loop: module loaded
Aug 09 23:24:08 witherspoon kernel[1019]: [    2.680000] aspeed-lpc-ctrl 1e789080.lpc-ctrl: Loaded at 0x98000000 (0x04000000)
Aug 09 23:24:08 witherspoon kernel[1019]: [    2.690000] aspeed-smc 1e620000.flash-controller: Using IRQ 18
Aug 09 23:24:08 witherspoon kernel[1019]: [    2.690000] aspeed-smc 1e620000.flash-controller: DMA support disabled.
Aug 09 23:24:08 witherspoon kernel[1019]: [    2.690000] aspeed-smc 1e620000.flash-controller: mx25l25635e (32768 Kbytes)
Aug 09 23:24:08 witherspoon kernel[1019]: [    2.710000] aspeed-smc 1e620000.flash-controller: CE0 window [ 0x20000000 - 0x22000000 ] 32MB
Aug 09 23:24:08 witherspoon kernel[1019]: [    2.710000] aspeed-smc 1e620000.flash-controller: CE1 window [ 0x22000000 - 0x2a000000 ] 128MB
Aug 09 23:24:08 witherspoon kernel[1019]: [    2.710000] 5 ofpart partitions found on MTD device bmc
Aug 09 23:24:08 witherspoon kernel[1019]: [    2.710000] Creating 5 MTD partitions on "bmc":
Aug 09 23:24:08 witherspoon kernel[1019]: [    2.740000] 0x000000000000-0x000000060000 : "u-boot"
Aug 09 23:24:08 witherspoon kernel[1019]: [    2.740000] 0x000000060000-0x000000080000 : "u-boot-env"
Aug 09 23:24:08 witherspoon kernel[1019]: [    2.740000] 0x000000080000-0x0000004c0000 : "kernel"
Aug 09 23:24:08 witherspoon kernel[1019]: [    2.740000] 0x0000004c0000-0x000001c00000 : "rofs"
Aug 09 23:24:08 witherspoon kernel[1019]: [    2.780000] 0x000001c00000-0x000002000000 : "rwfs"
Aug 09 23:24:08 witherspoon kernel[1019]: [    2.790000] aspeed-smc 1e620000.flash-controller: mx25l25635e (32768 Kbytes)
Aug 09 23:24:08 witherspoon kernel[1019]: [    2.800000] aspeed-smc 1e620000.flash-controller: CE1 window [ 0x22000000 - 0x24000000 ] 32MB
Aug 09 23:24:08 witherspoon kernel[1019]: [    2.800000] aspeed-smc 1e620000.flash-controller: CE2 window [ 0x24000000 - 0x2c000000 ] 128MB
Aug 09 23:24:08 witherspoon kernel[1019]: [    2.820000] aspeed-smc 1e630000.flash-controller: mx66l1g45g (131072 Kbytes)
Aug 09 23:24:08 witherspoon kernel[1019]: [    2.830000] aspeed-smc 1e630000.flash-controller: CE0 window resized to 120MB (AST2500 HW quirk)
Aug 09 23:24:08 witherspoon kernel[1019]: [    2.830000] aspeed-smc 1e630000.flash-controller: CE0 window [ 0x30000000 - 0x37800000 ] 120MB
Aug 09 23:24:08 witherspoon kernel[1019]: [    2.850000] aspeed-smc 1e630000.flash-controller: CE0 window too small for chip 128MB
Aug 09 23:24:08 witherspoon kernel[1019]: [    2.850000] aspeed-smc 1e630000.flash-controller: CE1 window [ 0x37800000 - 0x38000000 ] 8MB
Aug 09 23:24:08 witherspoon kernel[1019]: [    3.620000] libphy: Fixed MDIO Bus: probed
Aug 09 23:24:08 witherspoon kernel[1019]: [    3.620000] ftgmac100 1e660000.ethernet: Read MAC address 70:e2:84:14:23:e1 from chip
Aug 09 23:24:08 witherspoon kernel[1019]: [    3.620000] ftgmac100 1e660000.ethernet: Using NCSI interface
Aug 09 23:24:08 witherspoon kernel[1019]: [    3.620000] ftgmac100 1e660000.ethernet eth0: irq 20, mapped at f0060000
Aug 09 23:24:08 witherspoon kernel[1019]: [    3.620000] ehci_hcd: USB 2.0 'Enhanced' Host Controller (EHCI) Driver
Aug 09 23:24:08 witherspoon kernel[1019]: [    3.620000] ehci-platform: EHCI generic platform driver
Aug 09 23:24:08 witherspoon kernel[1019]: [    3.830000]  fsi0: can't read slave 00:00 -5
Aug 09 23:24:08 witherspoon kernel[1019]: [    3.830000] i2c /dev entries driver
Aug 09 23:24:08 witherspoon kernel[1019]: [    3.830000] aspeed-i2c-bus 1e78a0c0.i2c-bus: i2c bus 2 registered, irq 26
Aug 09 23:24:08 witherspoon kernel[1019]: [    3.830000] aspeed-i2c-bus 1e78a100.i2c-bus: i2c bus 3 registered, irq 27
Aug 09 23:24:08 witherspoon kernel[1019]: [    3.830000] aspeed-i2c-bus 1e78a140.i2c-bus: i2c bus 4 registered, irq 28
Aug 09 23:24:08 witherspoon kernel[1019]: [    3.830000] aspeed-i2c-bus 1e78a180.i2c-bus: i2c bus 5 registered, irq 29
Aug 09 23:24:08 witherspoon kernel[1019]: [    3.830000] aspeed-i2c-bus 1e78a380.i2c-bus: i2c bus 9 registered, irq 30
Aug 09 23:24:08 witherspoon kernel[1019]: [    3.830000] aspeed-i2c-bus 1e78a3c0.i2c-bus: i2c bus 10 registered, irq 31
Aug 09 23:24:08 witherspoon kernel[1019]: [    3.830000] rtc-rv8803 11-0032: Voltage low, temperature compensation stopped.
Aug 09 23:24:08 witherspoon kernel[1019]: [    3.830000] rtc-rv8803 11-0032: An alarm maybe have been missed.
Aug 09 23:24:08 witherspoon kernel[1019]: [    3.930000] rtc-rv8803 11-0032: rtc core: registered rx8900 as rtc0
Aug 09 23:24:08 witherspoon kernel[1019]: [    3.940000] at24 11-0051: 8192 byte 24c64 EEPROM, writable, 1 bytes/write
Aug 09 23:24:08 witherspoon kernel[1019]: [    3.940000] aspeed-i2c-bus 1e78a400.i2c-bus: i2c bus 11 registered, irq 32
Aug 09 23:24:08 witherspoon kernel[1019]: [    3.940000] aspeed-i2c-bus 1e78a440.i2c-bus: i2c bus 12 registered, irq 33
Aug 09 23:24:08 witherspoon kernel[1019]: [    3.940000] aspeed-i2c-bus 1e78a480.i2c-bus: i2c bus 13 registered, irq 34
Aug 09 23:24:08 witherspoon kernel[1019]: [    3.940000] Driver for 1-wire Dallas network protocol.
Aug 09 23:24:08 witherspoon kernel[1019]: [    3.940000] lm75 9-004a: hwmon0: sensor 'tmp275'
Aug 09 23:24:08 witherspoon kernel[1019]: [    4.040000] random: crng init done
Aug 09 23:24:08 witherspoon kernel[1019]: [    4.790000] ucd9000 11-0064: Device ID UCD90160|2.3.4.0000|110603
Aug 09 23:24:08 witherspoon kernel[1019]: [    5.130000] leds-pca955x 3-0060: leds-pca955x: Using pca9552 16-bit LED driver at slave address 0x60
Aug 09 23:24:08 witherspoon kernel[1019]: [    5.150000] leds-pca955x 11-0060: leds-pca955x: Using pca9552 16-bit LED driver at slave address 0x60
Aug 09 23:24:08 witherspoon kernel[1019]: [    5.160000] leds-pca955x 11-0060: gpios 264...279
Aug 09 23:24:08 witherspoon kernel[1019]: [    5.170000] usbcore: registered new interface driver usbhid
Aug 09 23:24:08 witherspoon kernel[1019]: [    5.170000] usbhid: USB HID core driver
Aug 09 23:24:08 witherspoon kernel[1019]: [    5.230000] NET: Registered protocol family 10
Aug 09 23:24:08 witherspoon kernel[1019]: [    5.230000] Segment Routing with IPv6
Aug 09 23:24:08 witherspoon kernel[1019]: [    5.240000] NET: Registered protocol family 17
Aug 09 23:24:08 witherspoon kernel[1019]: [    5.240000] 8021q: 802.1Q VLAN Support v1.8
Aug 09 23:24:08 witherspoon kernel[1019]: [    5.240000] console [netcon0] enabled
Aug 09 23:24:08 witherspoon kernel[1019]: [    5.240000] netconsole: network logging started
Aug 09 23:24:08 witherspoon kernel[1019]: [    5.260000] input: gpio-keys as /devices/platform/gpio-keys/input/input0
Aug 09 23:24:08 witherspoon kernel[1019]: [    5.270000] rtc-rv8803 11-0032: setting system clock to 2017-08-09 23:23:43 UTC (1502321023)
Aug 09 23:24:08 witherspoon kernel[1019]: [    5.280000] Freeing unused kernel memory: 284K
Aug 09 23:24:08 witherspoon kernel[1019]: [    5.280000] This architecture does not have kernel memory protection.
Aug 09 23:24:08 witherspoon kernel[1019]: [    7.220000] jffs2: notice: (533) jffs2_build_xattr_subsystem: complete building xattr subsystem, 1 of xdatum (1 unchecked, 0 orphan) and 6 of xref (0 dead, 1 orphan) found.
Aug 09 23:24:08 witherspoon kernel[1019]: [   14.260000] systemd[1]: Failed to insert module 'autofs4': No such file or directory
Aug 09 23:24:08 witherspoon kernel[1019]: [   14.260000] systemd[1]: systemd 232 running in system mode. (+PAM -AUDIT -SELINUX -IMA -APPARMOR -SMACK +SYSVINIT -UTMP -LIBCRYPTSETUP -GCRYPT -GNUTLS +ACL +XZ -LZ4 -SECCOMP +BLKID -ELFUTILS +KMOD -IDN)
Aug 09 23:24:08 witherspoon kernel[1019]: [   14.570000] systemd[1]: Detected architecture arm.
Aug 09 23:24:08 witherspoon kernel[1019]: [   14.630000] systemd[1]: Set hostname to <witherspoon>.
Aug 09 23:24:08 witherspoon kernel[1019]: [   16.070000] systemd[1]: Reached target Swap.
Aug 09 23:24:08 witherspoon kernel[1019]: [   16.240000] systemd[1]: Listening on Journal Socket (/dev/log).
Aug 09 23:24:08 witherspoon kernel[1019]: [   16.280000] systemd[1]: Listening on udev Control Socket.
Aug 09 23:24:08 witherspoon kernel[1019]: [   16.320000] systemd[1]: Listening on Syslog Socket.
Aug 09 23:24:08 witherspoon kernel[1019]: [   16.350000] systemd[1]: Listening on /dev/initctl Compatibility Named Pipe.
Aug 09 23:24:08 witherspoon kernel[1019]: [   16.390000] systemd[1]: Listening on Journal Socket.
Aug 09 23:24:08 witherspoon kernel[1019]: [   16.430000] systemd[1]: Started Dispatch Password Requests to Console Directory Watch.
Aug 09 23:24:08 witherspoon kernel[1019]: [   18.350000] systemd-journald[588]: Received request to flush runtime journal from PID 1
Aug 09 23:24:11 witherspoon kernel[1019]: [   32.950000] ubi7: default fastmap pool size: 100
Aug 09 23:24:11 witherspoon kernel[1019]: [   32.950000] ubi7: default fastmap WL pool size: 50
Aug 09 23:24:11 witherspoon kernel[1019]: [   32.950000] ubi7: attaching mtd7
Aug 09 23:24:11 witherspoon kernel[1019]: [   32.950000] ubi7: scanning is finished
Aug 09 23:24:11 witherspoon kernel[1019]: [   32.950000] ubi7 error: ubi_read_volume_table: the layout volume was not found
Aug 09 23:24:11 witherspoon kernel[1019]: [   32.950000] ubi7 error: ubi_attach_mtd_dev: failed to attach mtd7, error -22
Aug 09 23:24:12 witherspoon avahi-daemon[1000]: Found user 'avahi' (UID 999) and group 'avahi' (GID 999).
Aug 09 23:24:12 witherspoon avahi-daemon[1000]: Successfully dropped root privileges.
Aug 09 23:24:12 witherspoon avahi-daemon[1000]: avahi-daemon 0.6.32 starting up.
Aug 09 23:24:16 witherspoon avahi-daemon[1000]: Successfully called chroot().
Aug 09 23:24:16 witherspoon avahi-daemon[1000]: Successfully dropped remaining capabilities.
Aug 09 23:24:16 witherspoon avahi-daemon[1000]: Loading service file /services/obmc_console.service.
Aug 09 23:24:16 witherspoon avahi-daemon[1000]: Loading service file /services/phosphor_rest.service.
Aug 09 23:24:16 witherspoon avahi-daemon[1000]: Loading service file /services/sftp-ssh.service.
Aug 09 23:24:16 witherspoon avahi-daemon[1000]: Loading service file /services/sftp.service.
Aug 09 23:24:16 witherspoon avahi-daemon[1000]: Loading service file /services/ssh.service.
Aug 09 23:24:16 witherspoon avahi-daemon[1000]: Network interface enumeration completed.
Aug 09 23:24:16 witherspoon avahi-daemon[1000]: Server startup complete. Host name is witherspoon.local. Local service cookie is 2925372120.
Aug 09 23:24:16 witherspoon avahi-daemon[1000]: Service "witherspoon" (/services/ssh.service) successfully established.
Aug 09 23:24:16 witherspoon avahi-daemon[1000]: Service "sftp" (/services/sftp.service) successfully established.
Aug 09 23:24:16 witherspoon avahi-daemon[1000]: Service "witherspoon" (/services/sftp-ssh.service) successfully established.
Aug 09 23:24:16 witherspoon avahi-daemon[1000]: Service "phosphor_rest" (/services/phosphor_rest.service) successfully established.
Aug 09 23:24:16 witherspoon avahi-daemon[1000]: Service "obmc_console" (/services/obmc_console.service) successfully established.
Aug 09 23:24:18 witherspoon dbus[1024]: [system] Successfully activated service 'org.freedesktop.systemd1'
Aug 09 23:24:19 witherspoon systemd[1]: Started Phosphor Settings Daemon.
Aug 09 23:24:19 witherspoon systemd[1]: Started Phosphor BMC0 Control.
Aug 09 23:24:19 witherspoon systemd[1]: Started Phosphor LED Group Management Daemon.
Aug 09 23:24:19 witherspoon systemd[1]: Started Phosphor Download Manager.
Aug 09 23:24:19 witherspoon systemd[1]: Started Phosphor Log Manager.
Aug 09 23:24:19 witherspoon systemd[1]: Started Avahi mDNS/DNS-SD Stack.
Aug 09 23:24:19 witherspoon systemd[1]: Started Phosphor Inventory Manager.
Aug 09 23:24:20 witherspoon systemd[1]: Starting Network Service...
Aug 09 23:24:20 witherspoon systemd[1]: Starting Phosphor IPMI BT DBus Bridge...
Aug 09 23:24:20 witherspoon systemd[1]: Started Clear one time boot overrides.
Aug 09 23:24:20 witherspoon systemd[1]: Started Remount the squashfs and ubi volumes after a reboot.
Aug 09 23:24:20 witherspoon systemd[1]: Started Phosphor IPMI BT DBus Bridge.
Aug 09 23:24:20 witherspoon systemd[1]: Started OpenBMC Software Update Manager.
Aug 09 23:24:20 witherspoon systemd[1]: Starting OpenPower Software Update Manager...
Aug 09 23:24:21 witherspoon systemd[1]: Started OpenPower Software Update Manager.
Aug 09 23:24:21 witherspoon systemd[1]: Started Phosphor Dump Manager.
Aug 09 23:24:21 witherspoon systemd[1]: Starting Phosphor Version Software Manager...
Aug 09 23:24:21 witherspoon systemd[1]: Started Phosphor MBOX Daemon.
Aug 09 23:24:22 witherspoon systemd-networkd[1036]: Enumeration completed
Aug 09 23:24:22 witherspoon systemd[1]: Started Network Service.
Aug 09 23:24:22 witherspoon systemd[1]: Reached target Network.
Aug 09 23:24:22 witherspoon systemd[1]: Started Lightweight SLP Server.
Aug 09 23:24:22 witherspoon systemd[1]: Starting Permit User Sessions...
Aug 09 23:24:23 witherspoon avahi-daemon[1000]: Joining mDNS multicast group on interface eth0.IPv4 with address 9.3.86.161.
Aug 09 23:24:22 witherspoon systemd[1]: Started Permit User Sessions.
Aug 09 23:24:23 witherspoon avahi-daemon[1000]: New relevant interface eth0.IPv4 for mDNS.
Aug 09 23:24:23 witherspoon systemd[1]: Started Serial Getty on ttyS4.
Aug 09 23:24:23 witherspoon avahi-daemon[1000]: Registering new address record for 9.3.86.161 on eth0.IPv4.
Aug 09 23:24:23 witherspoon systemd-networkd[1036]: eth0: IPv6 enabled for interface: Success
Aug 09 23:24:23 witherspoon systemd[1]: Reached target Login Prompts.
Aug 09 23:24:23 witherspoon systemd[1]: Reached target Multi-User System.
Aug 09 23:24:23 witherspoon systemd-networkd[1036]: eth0: Gained carrier
Aug 09 23:24:23 witherspoon systemd-timesyncd[949]: Network configuration changed, trying to establish connection.
Aug 09 23:24:23 witherspoon systemd[1]: Started Phosphor Version Software Manager.
Aug 09 23:24:24 witherspoon avahi-daemon[1000]: Joining mDNS multicast group on interface eth0.IPv6 with address fe80::72e2:84ff:fe14:23e1.
Aug 09 23:24:24 witherspoon systemd-networkd[1036]: eth0: Gained IPv6LL
Aug 09 23:24:24 witherspoon avahi-daemon[1000]: New relevant interface eth0.IPv6 for mDNS.
Aug 09 23:24:24 witherspoon avahi-daemon[1000]: Registering new address record for fe80::72e2:84ff:fe14:23e1 on eth0.*.
Aug 09 23:24:26 witherspoon kernel: ftgmac100 1e660000.ethernet eth0: NCSI interface up
Aug 09 23:24:26 witherspoon kernel[1019]: [   48.180000] ftgmac100 1e660000.ethernet eth0: NCSI interface up
Aug 09 23:24:30 witherspoon chassis_control.py[1010]: Running ChassisControlService
Aug 09 23:24:30 witherspoon systemd[1]: Started Phosphor Chassis0 Control.
Aug 09 23:24:30 witherspoon download_manager.py[1003]: Running Download Manager
Aug 09 23:24:30 witherspoon systemd[1]: Started Phosphor Download Manager.
Aug 09 23:24:31 witherspoon inventory_items.py[997]: Loading from cache: /var/cache/obmc/org.openbmc.inventory.system.chassis.motherboard.apss@org.openbmc.InventoryItem.props
Aug 09 23:24:31 witherspoon inventory_items.py[997]: Loading from cache: /var/cache/obmc/org.openbmc.inventory.system.chassis.motherboard@org.openbmc.InventoryItem.props
Aug 09 23:24:31 witherspoon inventory_items.py[997]: Loading from cache: /var/cache/obmc/org.openbmc.inventory.system.chassis.motherboard.refclock@org.openbmc.InventoryItem.props
Aug 09 23:24:31 witherspoon inventory_items.py[997]: Loading from cache: /var/cache/obmc/org.openbmc.inventory.system.chassis.motherboard.cpu1.core7@org.openbmc.InventoryItem.props
Aug 09 23:24:31 witherspoon inventory_items.py[997]: Loading from cache: /var/cache/obmc/org.openbmc.inventory.system.chassis.motherboard.cpu1.core4@org.openbmc.InventoryItem.props
Aug 09 23:24:31 witherspoon inventory_items.py[997]: Loading from cache: /var/cache/obmc/org.openbmc.inventory.system.chassis.motherboard.cpu1.core1@org.openbmc.InventoryItem.props
Aug 09 23:24:31 witherspoon sensor_manager2.py[1007]: Setting boot count to 3
Aug 09 23:24:31 witherspoon systemd[1]: Started Phosphor Sensor Manager.
Aug 09 23:24:31 witherspoon sensor_manager2.py[1007]: Starting sensor manager
Aug 09 23:24:32 witherspoon inventory_items.py[997]: Loading from cache: /var/cache/obmc/org.openbmc.inventory.system.chassis.motherboard.cpu1.core10@org.openbmc.InventoryItem.props
Aug 09 23:24:32 witherspoon inventory_items.py[997]: Loading from cache: /var/cache/obmc/org.openbmc.inventory.system.chassis.motherboard.todclock@org.openbmc.InventoryItem.props
Aug 09 23:24:32 witherspoon inventory_items.py[997]: Loading from cache: /var/cache/obmc/org.openbmc.inventory.system.chassis.motherboard.cpu1@org.openbmc.InventoryItem.props
Aug 09 23:24:32 witherspoon inventory_items.py[997]: Loading from cache: /var/cache/obmc/org.openbmc.inventory.system.chassis.motherboard.bmc@org.openbmc.InventoryItem.props
Aug 09 23:24:32 witherspoon inventory_items.py[997]: Caching: /org/openbmc/inventory/system/chassis/motherboard/bmc
Aug 09 23:24:32 witherspoon inventory_items.py[997]: Loading from cache: /var/cache/obmc/org.openbmc.inventory.system.chassis.motherboard.cpu0.core1@org.openbmc.InventoryItem.props
Aug 09 23:24:32 witherspoon inventory_items.py[997]: Loading from cache: /var/cache/obmc/org.openbmc.inventory.system.chassis.motherboard.cpu0.core7@org.openbmc.InventoryItem.props
Aug 09 23:24:32 witherspoon inventory_items.py[997]: Loading from cache: /var/cache/obmc/org.openbmc.inventory.system.chassis.motherboard.cpu0.core4@org.openbmc.InventoryItem.props
Aug 09 23:24:32 witherspoon inventory_items.py[997]: Loading from cache: /var/cache/obmc/org.openbmc.inventory.system.chassis.motherboard.pcieclock@org.openbmc.InventoryItem.props
Aug 09 23:24:32 witherspoon inventory_items.py[997]: Loading from cache: /var/cache/obmc/org.openbmc.inventory.system.chassis.motherboard.cpu0.core10@org.openbmc.InventoryItem.props
Aug 09 23:24:32 witherspoon systemd[1]: Started Phosphor Inventory Manager.
Aug 09 23:24:32 witherspoon inventory_items.py[997]: Running Inventory Manager
Aug 09 23:24:33 witherspoon systemd[1]: Started Phosphor Network Manager.
Aug 09 23:24:33 witherspoon netman.py[1008]: Started
Aug 09 23:24:33 witherspoon systemd[1]: Started Phosphor User Manager.
Aug 09 23:24:33 witherspoon obmc-phosphor-userd[1006]: Started
Aug 09 23:24:33 witherspoon phosphor-mapper[1014]: ObjectMapper startup complete.  Discovery in progress...
Aug 09 23:24:34 witherspoon avahi-daemon[1034]: ../../avahi-0.6.32/avahi-daemon/chroot.c: open() failed: No such file or directory
Aug 09 23:24:34 witherspoon avahi-daemon[1000]: Failed to open /usr/share/dbus-1/interfaces/org.freedesktop.Avahi.Server.xml: Invalid argument
Aug 09 23:24:34 witherspoon avahi-daemon[1000]: Failed to load introspection data.
Aug 09 23:24:37 witherspoon systemd-networkd[1036]: eth0: Configured
Aug 09 23:24:37 witherspoon systemd-timesyncd[949]: Network configuration changed, trying to establish connection.
Aug 09 23:24:41 witherspoon phosphor-mapper[1014]: ObjectMapper discovery complete
Aug 09 23:24:41 witherspoon systemd[1]: Started Phosphor DBus Service Discovery Manager.
Aug 09 23:24:41 witherspoon systemd[1]: Started Phosphor Hwmon Poller.
Aug 09 23:24:41 witherspoon systemd[1]: Started Phosphor Hwmon Poller.
Aug 09 23:24:41 witherspoon systemd[1]: Started Phosphor Hwmon Poller.
Aug 09 23:24:41 witherspoon systemd[1]: Started Phosphor Hwmon Poller.
Aug 09 23:24:41 witherspoon systemd[1]: Started Phosphor Hwmon Poller.
Aug 09 23:24:41 witherspoon systemd[1]: Reached target Phosphor Object Mapper.
Aug 09 23:24:41 witherspoon systemd[1]: Starting Phosphor Settings Manager...
Aug 09 23:24:41 witherspoon systemd[1]: Starting Wait for /xyz/openbmc_project/inventory...
Aug 09 23:24:41 witherspoon systemd[1]: Starting Wait for /org/openbmc/control/flash/bios...
Aug 09 23:24:41 witherspoon systemd[1]: Starting Wait for /org/openbmc/NetworkManager/Interface...
Aug 09 23:24:41 witherspoon systemd[1]: Starting Wait for /xyz/openbmc_project/control/host0/restriction_mode...
Aug 09 23:24:41 witherspoon systemd[1]: Starting Wait for /xyz/openbmc_project/state/host0...
Aug 09 23:24:41 witherspoon systemd[1]: Starting Wait for /xyz/openbmc_project/time/sync_method...
Aug 09 23:24:41 witherspoon systemd[1]: Starting Wait for /org/openbmc/managers/Download...
Aug 09 23:24:41 witherspoon systemd[1]: Starting Wait for /xyz/openbmc_project/time/owner...
Aug 09 23:24:41 witherspoon systemd[1]: Starting Phosphor Network Manager...
Aug 09 23:24:41 witherspoon systemd[1]: Starting Wait for /xyz/openbmc_project/control/host0/boot_mode...
Aug 09 23:24:41 witherspoon systemd[1]: Starting Wait for /org/openbmc/control/power0...
Aug 09 23:24:41 witherspoon systemd[1]: Starting Wait for /xyz/openbmc_project/control/host0/power_restore_policy...
Aug 09 23:24:41 witherspoon systemd[1]: Starting Wait for /org/openbmc/control/bmc0...
Aug 09 23:24:41 witherspoon systemd[1]: Started Phosphor DBus Monitor.
Aug 09 23:24:41 witherspoon systemd[1]: Starting Wait for /xyz/openbmc_project/control/host0/auto_reboot...
Aug 09 23:24:41 witherspoon systemd[1]: Starting Phoshpor System Manager...
Aug 09 23:24:41 witherspoon systemd[1]: Starting Wait for /org/openbmc/managers/System...
Aug 09 23:24:41 witherspoon systemd[1]: Starting Wait for /xyz/openbmc_project/control/host0/boot_source...
Aug 09 23:24:41 witherspoon systemd[1]: Starting Wait for /xyz/openbmc_project/control/host0...
Aug 09 23:24:41 witherspoon systemd[1]: Starting Wait for /xyz/openbmc_project/led/groups/bmc_booted...
Aug 09 23:24:41 witherspoon systemd[1]: Starting Wait for /xyz/openbmc_project/state/chassis0...
Aug 09 23:24:41 witherspoon systemd[1]: Starting Wait for /xyz/openbmc_project/led/groups...
Aug 09 23:24:41 witherspoon systemd[1]: Reached target Webserver (pre).
Aug 09 23:24:41 witherspoon systemd[1]: Started Phosphor Webserver.
Aug 09 23:24:41 witherspoon systemd[1]: Started Phosphor Hwmon Poller.
Aug 09 23:24:44 witherspoon phosphor-network-manager[1066]: ConfigParser: Section not found
Aug 09 23:24:44 witherspoon phosphor-network-manager[1066]: The operation failed internally.
Aug 09 23:24:45 witherspoon phosphor-network-manager[1066]: ConfigParser: Section not found
Aug 09 23:24:45 witherspoon phosphor-network-manager[1066]: The operation failed internally.
Aug 09 23:24:45 witherspoon phosphor-network-manager[1066]: ConfigParser: Key not found
Aug 09 23:24:45 witherspoon phosphor-network-manager[1066]: The operation failed internally.
Aug 09 23:24:47 witherspoon systemd[1]: Started Wait for /xyz/openbmc_project/time/sync_method.
Aug 09 23:24:47 witherspoon systemd[1]: Started Wait for /xyz/openbmc_project/time/owner.
Aug 09 23:24:48 witherspoon systemd[1]: Started Wait for /xyz/openbmc_project/led/groups.
Aug 09 23:24:48 witherspoon systemd[1]: Started FRU Fault monitor service.
Aug 09 23:24:48 witherspoon systemd[1]: Started Wait for /xyz/openbmc_project/control/host0/boot_source.
Aug 09 23:24:48 witherspoon systemd[1]: Started Wait for /org/openbmc/NetworkManager/Interface.
Aug 09 23:24:48 witherspoon systemd[1]: Started Phosphor DNS Settings Cache Manager.
Aug 09 23:24:48 witherspoon systemd[1]: Started Wait for /org/openbmc/control/bmc0.
Aug 09 23:24:49 witherspoon systemd[1]: Started Wait for /xyz/openbmc_project/led/groups/bmc_booted.
Aug 09 23:24:49 witherspoon systemd[1]: Started Wait for /xyz/openbmc_project/inventory.
Aug 09 23:24:49 witherspoon systemd[1]: Started Wait for /xyz/openbmc_project/control/host0/restriction_mode.
Aug 09 23:24:49 witherspoon systemd[1]: Started Wait for /xyz/openbmc_project/control/host0/boot_mode.
Aug 09 23:24:49 witherspoon systemd[1]: Started Wait for /xyz/openbmc_project/control/host0/power_restore_policy.
Aug 09 23:24:49 witherspoon systemd[1]: Started Wait for /xyz/openbmc_project/control/host0/auto_reboot.
Aug 09 23:24:50 witherspoon systemd[1]: Started Phosphor Cooling Type.
Aug 09 23:24:50 witherspoon systemd[1]: Started Phosphor GPIO 1 Presence.
Aug 09 23:24:50 witherspoon systemd[1]: Starting OpenPOWER OCC controller...
Aug 09 23:24:50 witherspoon systemd[1]: Starting Read OpenPOWER-format VPD from EEPROM...
Aug 09 23:24:50 witherspoon systemd[1]: Started Phosphor GPIO 0 Presence.
Aug 09 23:24:52 witherspoon phosphor-gpio-presence[1099]: Updating inventory present property
Aug 09 23:24:52 witherspoon phosphor-gpio-presence[1102]: Updating inventory present property
Aug 09 23:24:52 witherspoon systemd[1]: Started OpenPOWER OCC controller.
Aug 09 23:24:53 witherspoon phosphor-log-manager[1002]: Failed to find metadata
Aug 09 23:24:54 witherspoon phosphor-fru-fault-monitor[1084]: /xyz/openbmc_project/logging/entry/1
Aug 09 23:24:54 witherspoon dbus[1024]: [system] Activating via systemd: service name='org.freedesktop.hostname1' unit='dbus-org.freedesktop.hostname1.service'
Aug 09 23:24:54 witherspoon systemd[1]: Starting Hostname Service...
Aug 09 23:24:54 witherspoon systemd[1]: Started Wait for /org/openbmc/managers/Download.
Aug 09 23:24:55 witherspoon systemd[1]: Starting Phosphor BIOS Code Update...
Aug 09 23:24:55 witherspoon systemd[1]: Starting Phosphor BMC Code Update...
Aug 09 23:24:55 witherspoon dbus[1024]: [system] Successfully activated service 'org.freedesktop.hostname1'
Aug 09 23:24:55 witherspoon systemd[1]: Started Hostname Service.
Aug 09 23:24:55 witherspoon systemd[1]: Started Phosphor Network Manager.
Aug 09 23:24:55 witherspoon systemd[1]: Started Phosphor BIOS Code Update.
Aug 09 23:24:58 witherspoon system_manager.py[1073]: Running System State: BASE_APPS
Aug 09 23:24:59 witherspoon system_manager.py[1073]: SystemManager Init Done
Aug 09 23:24:59 witherspoon system_manager.py[1073]: Running SystemManager
Aug 09 23:24:59 witherspoon systemd[1]: Started Phoshpor System Manager.
Aug 09 23:25:03 witherspoon system_manager.py[1073]: SystemManager Goto System State: BMC_STARTING
Aug 09 23:25:03 witherspoon system_manager.py[1073]: Running System State: BMC_STARTING
Aug 09 23:25:04 witherspoon systemd[1]: Started Phosphor Settings Manager.
Aug 09 23:25:04 witherspoon systemd[1]: Starting Wait for /org/openbmc/settings/host0...
Aug 09 23:25:04 witherspoon settings_manager.py[1057]: Running HostSettingsService
Aug 09 23:25:05 witherspoon systemd[1]: Started Read OpenPOWER-format VPD from EEPROM.
Aug 09 23:25:06 witherspoon systemd[1]: Started Phosphor BMC Code Update.
Aug 09 23:25:06 witherspoon bmc_update.py[1105]: Running Bmc Flash Control
Aug 09 23:25:12 witherspoon systemd[1]: Started Wait for /org/openbmc/control/flash/bios.
Aug 09 23:25:12 witherspoon systemd[1]: Started Initialize BIOS Flash.
Aug 09 23:25:13 witherspoon systemd[1]: Started Wait for /org/openbmc/managers/System.
Aug 09 23:25:13 witherspoon systemd[1]: Starting Phosphor Host State Manager...
Aug 09 23:25:13 witherspoon systemd[1]: Starting Phosphor Power Button0...
Aug 09 23:25:13 witherspoon systemd[1]: Starting Phosphor Power0 Control...
Aug 09 23:25:13 witherspoon systemd[1]: Starting Phosphor Reset Button0...
Aug 09 23:25:13 witherspoon systemd[1]: Starting Phosphor BMC State Manager...
Aug 09 23:25:13 witherspoon systemd[1]: Starting Phosphor Chassis State Manager...
Aug 09 23:25:14 witherspoon button_reset.exe[1120]: GPIO Lookup:  RESET_BUTTON = 353,both
Aug 09 23:25:14 witherspoon button_power.exe[1118]: GPIO Lookup:  POWER_BUTTON = 347,both
Aug 09 23:25:14 witherspoon system_manager.py[1073]: New object: /org/openbmc/control/power0 (:1.81)
Aug 09 23:25:15 witherspoon systemd[1]: Started Phosphor Reset Button0.
Aug 09 23:25:15 witherspoon systemd[1]: Started Phosphor Power Button0.
Aug 09 23:25:15 witherspoon system_manager.py[1073]: Power GPIO config: ['SYS_PWROK_BUFF', '', [('SOFTWARE_PGOOD', True), ('BMC_POWER_UP', True)], [('BMC_CP0_RESET_N', False)], [], 'FSI_DATA', 'FSI_CLK', 'FSI_ENABLE', 'CRONUS_SEL', []]
Aug 09 23:25:15 witherspoon phosphor-chassis-state-manager[1122]: Initial Chassis State will be Off
Aug 09 23:25:15 witherspoon power_control.exe[1119]: Power GPIO latch output:
Aug 09 23:25:15 witherspoon power_control.exe[1119]: Power GPIO power good input: SYS_PWROK_BUFF
Aug 09 23:25:15 witherspoon power_control.exe[1119]: Power GPIO 2 power_up outputs
Aug 09 23:25:15 witherspoon power_control.exe[1119]: Power GPIO power_up[0] = SOFTWARE_PGOOD active HIGH
Aug 09 23:25:15 witherspoon power_control.exe[1119]: Power GPIO power_up[1] = BMC_POWER_UP active HIGH
Aug 09 23:25:15 witherspoon power_control.exe[1119]: Power GPIO 1 reset outputs
Aug 09 23:25:15 witherspoon power_control.exe[1119]: Power GPIO reset[0] = BMC_CP0_RESET_N active LOW
Aug 09 23:25:15 witherspoon power_control.exe[1119]: Power GPIO 0 pci reset outputs
Aug 09 23:25:15 witherspoon power_control.exe[1119]: FSI DATA GPIO: FSI_DATA
Aug 09 23:25:15 witherspoon power_control.exe[1119]: FSI CLK GPIO: FSI_CLK
Aug 09 23:25:15 witherspoon power_control.exe[1119]: FSI ENABLE GPIO: FSI_ENABLE
Aug 09 23:25:15 witherspoon power_control.exe[1119]: CRONUS SEL GPIO: CRONUS_SEL
Aug 09 23:25:15 witherspoon power_control.exe[1119]: Hostctl GPIO optionals: 0
Aug 09 23:25:15 witherspoon power_control.exe[1119]: GPIO Lookup:  SYS_PWROK_BUFF = 306,in
Aug 09 23:25:15 witherspoon systemd[1]: Started Phosphor Chassis State Manager.
Aug 09 23:25:15 witherspoon phosphor-bmc-state-manager[1121]: Setting the BMCState field
Aug 09 23:25:15 witherspoon phosphor-bmc-state-manager[1121]: Setting the BMCState field
Aug 09 23:25:15 witherspoon systemd[1]: Started Phosphor BMC State Manager.
Aug 09 23:25:15 witherspoon power_control.exe[1119]: GPIO Lookup:  SOFTWARE_PGOOD = 417,out
Aug 09 23:25:15 witherspoon power_control.exe[1119]: GPIO Lookup:  BMC_POWER_UP = 305,out
Aug 09 23:25:15 witherspoon power_control.exe[1119]: GPIO Lookup:  BMC_CP0_RESET_N = 281,out
Aug 09 23:25:15 witherspoon power_control.exe[1119]: Pgood state: 0
Aug 09 23:25:15 witherspoon systemd[1]: Started Phosphor Power0 Control.
Aug 09 23:25:16 witherspoon phosphor-host-state-manager[1117]: Initial Host State will be Off
Aug 09 23:25:16 witherspoon systemd[1]: Started Wait for /org/openbmc/settings/host0.
Aug 09 23:25:16 witherspoon systemd[1]: Started Phosphor Inband IPMI.
Aug 09 23:25:17 witherspoon phosphor-gevent[1080]: Traceback (most recent call last):
Aug 09 23:25:17 witherspoon phosphor-gevent[1080]:   File "/usr/lib/python2.7/site-packages/gevent/greenlet.py", line 327, in run
Aug 09 23:25:17 witherspoon phosphor-gevent[1080]:     result = self._run(*self.args, **self.kwargs)
Aug 09 23:25:17 witherspoon phosphor-gevent[1080]:   File "/usr/lib/python2.7/site-packages/gevent/server.py", line 102, in wrap_socket_and_handle
Aug 09 23:25:17 witherspoon phosphor-gevent[1080]:     ssl_socket = self.wrap_socket(client_socket, **self.ssl_args)
Aug 09 23:25:17 witherspoon phosphor-gevent[1080]:   File "/usr/lib/python2.7/site-packages/gevent/ssl.py", line 404, in wrap_socket
Aug 09 23:25:17 witherspoon phosphor-gevent[1080]:     ciphers=ciphers)
Aug 09 23:25:17 witherspoon phosphor-gevent[1080]:   File "/usr/lib/python2.7/site-packages/gevent/ssl.py", line 113, in __init__
Aug 09 23:25:17 witherspoon phosphor-gevent[1080]:     self.do_handshake()
Aug 09 23:25:17 witherspoon phosphor-gevent[1080]:   File "/usr/lib/python2.7/site-packages/gevent/ssl.py", line 324, in do_handshake
Aug 09 23:25:17 witherspoon phosphor-gevent[1080]:     return self._sslobj.do_handshake()
Aug 09 23:25:17 witherspoon phosphor-gevent[1080]: SSLEOFError: EOF occurred in violation of protocol (_ssl.c:590)
Aug 09 23:25:17 witherspoon phosphor-gevent[1080]: <Greenlet at 0x7607e3f0: <bound method WSGIServer.wrap_socket_and_handle of <WSGIServer at 0x76054b50 fileno=5 address=('::3482:f676:b05d:6c76%1986813344', 443, 0, 1986813344)>>(<socket at 0x75f2b830 fileno=9>, ('::8069:6a76:8e91:f402%1995795228', 43412, 0, 199)> failed with SSLEOFError
Aug 09 23:25:17 witherspoon flash_bios.exe[1104]: Starting flasher: bios,,/org/openbmc/control/flash/bios,
Aug 09 23:25:17 witherspoon flash_bios.exe[1104]: flasher: , BMC = 1, address = 0x0
Aug 09 23:25:17 witherspoon flash_bios.exe[1104]: Setting up flash
Aug 09 23:25:18 witherspoon systemd[1]: Created slice system-dropbear.slice.
Aug 09 23:25:18 witherspoon systemd[1]: Started SSH Per-Connection Server (9.41.165.94:60262).
Aug 09 23:25:18 witherspoon dropbear[1155]: Failed loading /etc/dropbear/dropbear_dss_host_key
Aug 09 23:25:18 witherspoon dropbear[1155]: Failed loading /etc/dropbear/dropbear_ecdsa_host_key
Aug 09 23:25:18 witherspoon dropbear[1155]: Child connection from ::ffff:9.41.165.94:60262
Aug 09 23:25:18 witherspoon phosphor-gevent[1080]: ::8069:6a76:8e91:f402%1995795228 - - [2017-08-09 23:25:18] "POST /login HTTP/1.1" 200 320 0.044556
Aug 09 23:25:19 witherspoon systemd[1]: Started Phosphor Host State Manager.
Aug 09 23:25:19 witherspoon flash_bios.exe[1104]: Starting flasher: bios,,/org/openbmc/control/flash/bios,
Aug 09 23:25:19 witherspoon flash_bios.exe[1104]: flasher: , BMC = 1, address = 0x0
Aug 09 23:25:19 witherspoon flash_bios.exe[1104]: Setting up flash
Aug 09 23:25:19 witherspoon dropbear[1155]: PAM password auth succeeded for 'root' from ::ffff:9.41.165.94:60262
Aug 09 23:25:20 witherspoon dropbear[1156]: lastlog_perform_login: Couldn't stat /var/log/lastlog: No such file or directory
Aug 09 23:25:20 witherspoon dropbear[1156]: lastlog_openseek: /var/log/lastlog is not a file or directory!
Aug 09 23:25:21 witherspoon systemd[1]: Started SSH Per-Connection Server (9.41.165.94:60264).
Aug 09 23:25:21 witherspoon dropbear[1160]: Failed loading /etc/dropbear/dropbear_dss_host_key
Aug 09 23:25:21 witherspoon dropbear[1160]: Failed loading /etc/dropbear/dropbear_ecdsa_host_key
Aug 09 23:25:21 witherspoon dropbear[1160]: Child connection from ::ffff:9.41.165.94:60264
Aug 09 23:25:22 witherspoon dropbear[1160]: PAM password auth succeeded for 'root' from ::ffff:9.41.165.94:60264
Aug 09 23:25:22 witherspoon dropbear[1161]: lastlog_perform_login: Couldn't stat /var/log/lastlog: No such file or directory
Aug 09 23:25:22 witherspoon dropbear[1161]: lastlog_openseek: /var/log/lastlog is not a file or directory!
Aug 09 23:25:23 witherspoon phosphor-gevent[1080]: ::8069:6a76:8e91:f402%1995795228 - - [2017-08-09 23:25:23] "POST /login HTTP/1.1" 200 320 0.177065
Aug 09 23:25:23 witherspoon system_manager.py[1073]: SystemManager Goto System State: BMC_READY
Aug 09 23:25:23 witherspoon system_manager.py[1073]: Running System State: BMC_READY
Aug 09 23:25:23 witherspoon systemd[1]: Started Wait for /org/openbmc/control/power0.
Aug 09 23:25:23 witherspoon systemd[1]: Starting Phosphor Time Manager daemon...
Aug 09 23:25:23 witherspoon systemd[1]: Starting Check Chassis0 pgood and create a file to indicate it...
Aug 09 23:25:24 witherspoon phosphor-gevent[1080]: ::8069:6a76:8e91:f402%1995795228 - - [2017-08-09 23:25:24] "GET /xyz/openbmc_project/state/BMC0/ HTTP/1.1" 404 308 0.835032
Aug 09 23:25:24 witherspoon systemd[1]: Started Wait for /xyz/openbmc_project/state/chassis0.
Aug 09 23:25:25 witherspoon phosphor-gevent[1080]: ::8069:6a76:8e91:f402%1995795228 - - [2017-08-09 23:25:25] "POST /login HTTP/1.1" 200 320 0.032437
Aug 09 23:25:25 witherspoon systemd[1]: Started Check Chassis0 pgood and create a file to indicate it.
Aug 09 23:25:25 witherspoon systemd[1]: Reached target Chassis0 power on after reset.
Aug 09 23:25:25 witherspoon systemd[1]: Reached target Chassis0 (Reset Check).
Aug 09 23:25:25 witherspoon timemanager[1167]: Registering dbus methods
Aug 09 23:25:25 witherspoon timemanager[1167]: Last known time_mode: NTP
Aug 09 23:25:25 witherspoon timemanager[1167]: Last known time_owner: BMC
Aug 09 23:25:25 witherspoon timemanager[1167]: Empty DhcpNtp string
Aug 09 23:25:25 witherspoon timemanager[1167]: Reading Power Control key: pgood
Aug 09 23:25:26 witherspoon phosphor-gevent[1080]: ::8069:6a76:8e91:f402%1995795228 - - [2017-08-09 23:25:26] "GET /xyz/openbmc_project/state/bmc0//attr/CurrentBMCState HTTP/1.1" 200 215 0.929398
Aug 09 23:25:26 witherspoon timemanager[1167]: Changing settings *allowed* now
Aug 09 23:25:26 witherspoon systemd[1]: Started Wait for /xyz/openbmc_project/control/host0.
Aug 09 23:25:26 witherspoon systemd[1]: Reached target Host0 running after reset.
Aug 09 23:25:26 witherspoon systemd[1]: Reached target Host0 (Reset Check).
Aug 09 23:25:26 witherspoon systemd[1]: Started Wait for /xyz/openbmc_project/state/host0.
Aug 09 23:25:26 witherspoon systemd[1]: Starting Reboot If Enabled...
Aug 09 23:25:26 witherspoon timemanager[1167]: Owner is already set to : BMC
Aug 09 23:25:27 witherspoon timemanager[1167]: Requested_Mode: NTP Current_Mode: NTP
Aug 09 23:25:27 witherspoon timemanager[1167]: Mode is already set to : NTP
Aug 09 23:25:27 witherspoon timemanager[1167]: Getting System Settings: use_dhcp_ntp
Aug 09 23:25:27 witherspoon timemanager[1167]: use_dhcp_ntp = yes
Aug 09 23:25:27 witherspoon timemanager[1167]: Last known host_offset:0
Aug 09 23:25:27 witherspoon timemanager[1167]: Initial Uptime Usec: 1502321018220218
Aug 09 23:25:27 witherspoon systemd[1]: Started Phosphor Time Manager daemon.
Aug 09 23:25:27 witherspoon phosphor-discover-system-state[1181]: Host power is off, checking power policy
Aug 09 23:25:27 witherspoon systemd[1]: Started Reboot If Enabled.
Aug 09 23:25:27 witherspoon systemd[1]: Reached target Phosphor System - Standby.
Aug 09 23:25:27 witherspoon systemd[1]: Starting Assert bmc_booted LED...
Aug 09 23:25:27 witherspoon phosphor-bmc-state-manager[1121]: BMC_READY
Aug 09 23:25:27 witherspoon phosphor-bmc-state-manager[1121]: Setting the BMCState field
Aug 09 23:25:27 witherspoon systemd[1]: Started Assert bmc_booted LED.
Aug 09 23:25:27 witherspoon systemd[1]: Startup finished in 14.188s (kernel) + 1min 35.503s (userspace) = 1min 49.691s.
Aug 09 23:25:36 witherspoon phosphor-gevent[1080]: ::8069:6a76:8e91:f402%1995795228 - - [2017-08-09 23:25:36] "POST /login HTTP/1.1" 200 320 0.137937
Aug 09 23:25:37 witherspoon phosphor-gevent[1080]: ::8069:6a76:8e91:f402%1995795228 - - [2017-08-09 23:25:37] "GET /xyz/openbmc_project/state/bmc0//attr/CurrentBMCState HTTP/1.1" 200 212 0.799435
Aug 09 23:25:37 witherspoon phosphor-gevent[1080]: ::8069:6a76:8e91:f402%1995795228 - - [2017-08-09 23:25:37] "POST /login HTTP/1.1" 200 320 0.046652
Aug 09 23:25:37 witherspoon phosphor-gevent[1080]: ::8069:6a76:8e91:f402%1995795228 - - [2017-08-09 23:25:37] "PUT /org/openbmc/control/flash/bmc/attr/preserve_network_settings HTTP/1.1" 200 169 0.234750
Aug 09 23:25:38 witherspoon phosphor-gevent[1080]: ::8069:6a76:8e91:f402%1995795228 - - [2017-08-09 23:25:38] "POST /login HTTP/1.1" 200 320 0.036137
Aug 09 23:25:38 witherspoon phosphor-gevent[1080]: ::8069:6a76:8e91:f402%1995795228 - - [2017-08-09 23:25:38] "GET /org/openbmc/control/flash/bmc HTTP/1.1" 200 380 0.087142
Aug 09 23:25:38 witherspoon systemd[1]: Started SSH Per-Connection Server (9.41.165.94:60276).
Aug 09 23:25:38 witherspoon dropbear[1191]: Failed loading /etc/dropbear/dropbear_dss_host_key
Aug 09 23:25:38 witherspoon dropbear[1191]: Failed loading /etc/dropbear/dropbear_ecdsa_host_key
Aug 09 23:25:38 witherspoon dropbear[1191]: Child connection from ::ffff:9.41.165.94:60276
Aug 09 23:25:38 witherspoon dropbear[1191]: PAM password auth succeeded for 'root' from ::ffff:9.41.165.94:60276
Aug 09 23:25:39 witherspoon systemd[1]: Started SSH Per-Connection Server (9.41.165.94:60278).
Aug 09 23:25:39 witherspoon dropbear[1192]: Failed loading /etc/dropbear/dropbear_dss_host_key
Aug 09 23:25:39 witherspoon dropbear[1192]: Failed loading /etc/dropbear/dropbear_ecdsa_host_key
Aug 09 23:25:39 witherspoon dropbear[1192]: Child connection from ::ffff:9.41.165.94:60278
Aug 09 23:25:39 witherspoon dropbear[1192]: PAM password auth succeeded for 'root' from ::ffff:9.41.165.94:60278
Aug 09 23:25:39 witherspoon dropbear[1193]: lastlog_perform_login: Couldn't stat /var/log/lastlog: No such file or directory
Aug 09 23:25:39 witherspoon dropbear[1193]: lastlog_openseek: /var/log/lastlog is not a file or directory!
Aug 09 23:26:48 witherspoon phosphor-gevent[1080]: ::8069:6a76:8e91:f402%1995795228 - - [2017-08-09 23:26:48] "POST /login HTTP/1.1" 200 320 0.043364
Aug 09 23:26:49 witherspoon bmc_update.py[1105]: Download complete. Updating...
Aug 09 23:26:51 witherspoon bmc_update.py[1105]: Preserving network settings
Aug 09 23:26:52 witherspoon bmc_update.py[1105]: update: --no-flash --no-save-files --no-restore-files --no-clean-saved-files
Aug 09 23:26:52 witherspoon bmc_update.py[1105]: ERROR: Image image-bmc too big for mtd0.
Aug 09 23:26:52 witherspoon phosphor-gevent[1080]: ::8069:6a76:8e91:f402%1995795228 - - [2017-08-09 23:26:52] "POST /org/openbmc/control/flash/bmc/action/update HTTP/1.1" 200 169 3.738897
Aug 09 23:26:52 witherspoon phosphor-gevent[1080]: ::8069:6a76:8e91:f402%1995795228 - - [2017-08-09 23:26:52] "POST /login HTTP/1.1" 200 320 0.032531
Aug 09 23:26:52 witherspoon phosphor-gevent[1080]: ::8069:6a76:8e91:f402%1995795228 - - [2017-08-09 23:26:52] "GET /org/openbmc/control/flash/bmc HTTP/1.1" 200 538 0.080391
Aug 09 23:26:53 witherspoon phosphor-gevent[1080]: ::8069:6a76:8e91:f402%1995795228 - - [2017-08-09 23:26:53] "POST /login HTTP/1.1" 200 320 0.048648
Aug 09 23:26:53 witherspoon phosphor-gevent[1080]: ::8069:6a76:8e91:f402%1995795228 - - [2017-08-09 23:26:53] "GET /xyz/openbmc_project/state/host0//attr/CurrentHostState HTTP/1.1" 200 212 0.073941
Aug 09 23:26:56 witherspoon systemd[1]: Started SSH Per-Connection Server (9.41.165.94:60286).
Aug 09 23:26:56 witherspoon dropbear[1228]: Failed loading /etc/dropbear/dropbear_dss_host_key
Aug 09 23:26:56 witherspoon dropbear[1228]: Failed loading /etc/dropbear/dropbear_ecdsa_host_key
Aug 09 23:26:56 witherspoon dropbear[1228]: Child connection from ::ffff:9.41.165.94:60286
Aug 09 23:26:56 witherspoon dropbear[1228]: PAM password auth succeeded for 'root' from ::ffff:9.41.165.94:60286
Aug 09 23:26:56 witherspoon dropbear[1229]: lastlog_perform_login: Couldn't stat /var/log/lastlog: No such file or directory
Aug 09 23:26:56 witherspoon dropbear[1229]: lastlog_openseek: /var/log/lastlog is not a file or directory!
Aug 09 23:26:59 witherspoon phosphor-gevent[1080]: ::8069:6a76:8e91:f402%1995795228 - - [2017-08-09 23:26:59] "POST /login HTTP/1.1" 200 320 0.032778
Aug 09 23:26:59 witherspoon phosphor-gevent[1080]: ::8069:6a76:8e91:f402%1995795228 - - [2017-08-09 23:26:59] "GET /xyz/openbmc_project/logging/entry/enumerate HTTP/1.1" 200 488 0.126991
Aug 09 23:26:59 witherspoon phosphor-gevent[1080]: ::8069:6a76:8e91:f402%1995795228 - - [2017-08-09 23:26:59] "POST /login HTTP/1.1" 200 320 0.032950
Aug 09 23:26:59 witherspoon phosphor-gevent[1080]: ::8069:6a76:8e91:f402%1995795228 - - [2017-08-09 23:26:59] "GET /org/openbmc/sensors/enumerate HTTP/1.1" 200 881 0.168805
Aug 09 23:27:00 witherspoon phosphor-gevent[1080]: ::8069:6a76:8e91:f402%1995795228 - - [2017-08-09 23:27:00] "POST /login HTTP/1.1" 200 320 0.032711
Aug 09 23:27:00 witherspoon phosphor-gevent[1080]: ::8069:6a76:8e91:f402%1995795228 - - [2017-08-09 23:27:00] "GET /xyz/openbmc_project/inventory/enumerate HTTP/1.1" 200 1078 0.171200
Aug 09 23:27:00 witherspoon phosphor-gevent[1080]: ::8069:6a76:8e91:f402%1995795228 - - [2017-08-09 23:27:00] "POST /login HTTP/1.1" 200 320 0.032389
Aug 09 23:27:00 witherspoon phosphor-gevent[1080]: ::8069:6a76:8e91:f402%1995795228 - - [2017-08-09 23:27:00] "GET /org/openbmc/records/events/enumerate HTTP/1.1" 404 304 0.038370
Aug 09 23:27:00 witherspoon phosphor-gevent[1080]: ::8069:6a76:8e91:f402%1995795228 - - [2017-08-09 23:27:00] "POST /login HTTP/1.1" 200 320 0.032724
Aug 09 23:27:00 witherspoon phosphor-gevent[1080]: ::8069:6a76:8e91:f402%1995795228 - - [2017-08-09 23:27:00] "GET /org/openbmc/control/led/enumerate HTTP/1.1" 404 301 0.040808
Aug 09 23:27:01 witherspoon systemd[1]: Started SSH Per-Connection Server (9.41.165.94:60298).
Aug 09 23:27:01 witherspoon dropbear[1241]: Failed loading /etc/dropbear/dropbear_dss_host_key
Aug 09 23:27:01 witherspoon dropbear[1241]: Failed loading /etc/dropbear/dropbear_ecdsa_host_key
Aug 09 23:27:01 witherspoon dropbear[1241]: Child connection from ::ffff:9.41.165.94:60298
Aug 09 23:27:01 witherspoon dropbear[1241]: PAM password auth succeeded for 'root' from ::ffff:9.41.165.94:60298
