-- Logs begin at Wed 2017-08-09 16:44:16 UTC, end at Wed 2017-08-09 16:48:14 UTC. --
Aug 09 16:44:16 witherspoon kernel: Booting Linux on physical CPU 0x0
Aug 09 16:44:16 witherspoon kernel: Linux version 4.10.17-baeb50beb784ac5993d2bfb5d06d909971b60506 (jenkins@openbmc-builder2) (gcc version 6.2.0 (GCC) ) #1 Wed Aug 9 14:31:18 UTC 2017
Aug 09 16:44:16 witherspoon kernel: CPU: ARMv6-compatible processor [410fb767] revision 7 (ARMv7), cr=00c5387d
Aug 09 16:44:16 witherspoon kernel: CPU: PIPT / VIPT nonaliasing data cache, VIPT nonaliasing instruction cache
Aug 09 16:44:16 witherspoon kernel: OF: fdt:Machine model: Witherspoon BMC
Aug 09 16:44:16 witherspoon kernel: Memory policy: Data cache writeback
Aug 09 16:44:16 witherspoon kernel: SOC Rev: 04030303
Aug 09 16:44:16 witherspoon kernel: On node 0 totalpages: 110592
Aug 09 16:44:16 witherspoon kernel: free_area_init_node: node 0, pgdat 805ff5f4, node_mem_map 9ec1a000
Aug 09 16:44:16 witherspoon kernel:   Normal zone: 992 pages used for memmap
Aug 09 16:44:16 witherspoon kernel:   Normal zone: 0 pages reserved
Aug 09 16:44:16 witherspoon kernel:   Normal zone: 110592 pages, LIFO batch:31
Aug 09 16:44:16 witherspoon kernel: pcpu-alloc: s0 r0 d32768 u32768 alloc=1*32768
Aug 09 16:44:16 witherspoon kernel: pcpu-alloc: [0] 0 
Aug 09 16:44:16 witherspoon kernel: Built 1 zonelists in Zone order, mobility grouping on.  Total pages: 109600
Aug 09 16:44:16 witherspoon kernel: Kernel command line: console=ttyS4,115200n8 root=/dev/ram rw
Aug 09 16:44:16 witherspoon kernel: PID hash table entries: 2048 (order: 1, 8192 bytes)
Aug 09 16:44:16 witherspoon kernel: Dentry cache hash table entries: 65536 (order: 6, 262144 bytes)
Aug 09 16:44:16 witherspoon kernel: Inode-cache hash table entries: 32768 (order: 5, 131072 bytes)
Aug 09 16:44:16 witherspoon kernel: Memory: 430428K/442368K available (4065K kernel code, 280K rwdata, 1192K rodata, 284K init, 111K bss, 11940K reserved, 0K cma-reserved)
Aug 09 16:44:16 witherspoon kernel: Virtual kernel memory layout:
                                        vector  : 0xffff0000 - 0xffff1000   (   4 kB)
                                        fixmap  : 0xffc00000 - 0xfff00000   (3072 kB)
                                        vmalloc : 0x9f800000 - 0xff800000   (1536 MB)
                                        lowmem  : 0x80000000 - 0x9f000000   ( 496 MB)
                                          .text : 0x80008000 - 0x80400950   (4067 kB)
                                          .init : 0x80585000 - 0x805cc000   ( 284 kB)
                                          .data : 0x805cc000 - 0x80612358   ( 281 kB)
                                           .bss : 0x80612358 - 0x8062e1f8   ( 112 kB)
Aug 09 16:44:16 witherspoon kernel: NR_IRQS:16 nr_irqs:16 16
Aug 09 16:44:16 witherspoon kernel: i2c controller registered, irq 16
Aug 09 16:44:16 witherspoon kernel: clocksource: moxart_timer: mask: 0xffffffff max_cycles: 0xffffffff, max_idle_ns: 77222644334 ns
Aug 09 16:44:16 witherspoon kernel: sched_clock: 32 bits at 100 Hz, resolution 10000000ns, wraps every 21474836475000000ns
Aug 09 16:44:16 witherspoon kernel: Calibrating delay loop... 789.70 BogoMIPS (lpj=3948544)
Aug 09 16:44:16 witherspoon kernel: pid_max: default: 32768 minimum: 301
Aug 09 16:44:16 witherspoon kernel: Mount-cache hash table entries: 1024 (order: 0, 4096 bytes)
Aug 09 16:44:16 witherspoon kernel: Mountpoint-cache hash table entries: 1024 (order: 0, 4096 bytes)
Aug 09 16:44:16 witherspoon kernel: CPU: Testing write buffer coherency: ok
Aug 09 16:44:16 witherspoon kernel: ftrace: allocating 14934 entries in 44 pages
Aug 09 16:44:16 witherspoon kernel: Setting up static identity map for 0x80008200 - 0x8000825c
Aug 09 16:44:16 witherspoon kernel: devtmpfs: initialized
Aug 09 16:44:16 witherspoon kernel: clocksource: jiffies: mask: 0xffffffff max_cycles: 0xffffffff, max_idle_ns: 19112604462750000 ns
Aug 09 16:44:16 witherspoon kernel: futex hash table entries: 256 (order: -1, 3072 bytes)
Aug 09 16:44:16 witherspoon kernel: pinctrl core: initialized pinctrl subsystem
Aug 09 16:44:16 witherspoon kernel: NET: Registered protocol family 16
Aug 09 16:44:16 witherspoon kernel: DMA: preallocated 256 KiB pool for atomic coherent allocations
Aug 09 16:44:16 witherspoon kernel: usbcore: registered new interface driver usbfs
Aug 09 16:44:16 witherspoon kernel: usbcore: registered new interface driver hub
Aug 09 16:44:16 witherspoon kernel: usbcore: registered new device driver usb
Aug 09 16:44:16 witherspoon kernel: clocksource: Switched to clocksource moxart_timer
Aug 09 16:44:16 witherspoon kernel: NET: Registered protocol family 2
Aug 09 16:44:16 witherspoon kernel: TCP established hash table entries: 4096 (order: 2, 16384 bytes)
Aug 09 16:44:16 witherspoon kernel: TCP bind hash table entries: 4096 (order: 2, 16384 bytes)
Aug 09 16:44:16 witherspoon kernel: TCP: Hash tables configured (established 4096 bind 4096)
Aug 09 16:44:16 witherspoon kernel: UDP hash table entries: 256 (order: 0, 4096 bytes)
Aug 09 16:44:16 witherspoon kernel: UDP-Lite hash table entries: 256 (order: 0, 4096 bytes)
Aug 09 16:44:16 witherspoon kernel: NET: Registered protocol family 1
Aug 09 16:44:16 witherspoon kernel: Trying to unpack rootfs image as initramfs...
Aug 09 16:44:16 witherspoon kernel: Freeing initrd memory: 1548K
Aug 09 16:44:16 witherspoon kernel: workingset: timestamp_bits=30 max_order=17 bucket_order=0
Aug 09 16:44:16 witherspoon kernel: squashfs: version 4.0 (2009/01/31) Phillip Lougher
Aug 09 16:44:16 witherspoon kernel: jffs2: version 2.2. (SUMMARY)  © 2001-2006 Red Hat, Inc.
Aug 09 16:44:16 witherspoon kernel: Block layer SCSI generic (bsg) driver version 0.4 loaded (major 250)
Aug 09 16:44:16 witherspoon kernel: io scheduler noop registered
Aug 09 16:44:16 witherspoon kernel: io scheduler deadline registered
Aug 09 16:44:16 witherspoon kernel: io scheduler cfq registered (default)
Aug 09 16:44:16 witherspoon kernel: ipmi-bt-host 1e789140.ibt: Found bt bmc device
Aug 09 16:44:16 witherspoon kernel: ipmi-bt-host 1e789140.ibt: Using IRQ 22
Aug 09 16:44:16 witherspoon kernel: Serial: 8250/16550 driver, 6 ports, IRQ sharing enabled
Aug 09 16:44:16 witherspoon kernel: 1e787000.vuart: ttyS0 at MMIO 0x1e787000 (irq = 22, base_baud = 1500000) is a 16550A
Aug 09 16:44:16 witherspoon kernel: 1e783000.serial: ttyS1 at MMIO 0x1e783000 (irq = 23, base_baud = 1500000) is a 16550A
Aug 09 16:44:16 witherspoon kernel: 1e78d000.serial: ttyS2 at MMIO 0x1e78d000 (irq = 24, base_baud = 1500000) is a 16550A
Aug 09 16:44:16 witherspoon kernel: 1e784000.serial: ttyS4 at MMIO 0x1e784000 (irq = 25, base_baud = 1500000) is a 16550A
Aug 09 16:44:16 witherspoon kernel: console [ttyS4] enabled
Aug 09 16:44:16 witherspoon kernel: timeriomem_rng 1e6e2078.hwrng: 32bits from 0xf00e2078 @ 1us
Aug 09 16:44:16 witherspoon kernel: random: fast init done
Aug 09 16:44:16 witherspoon kernel: random: crng init done
Aug 09 16:44:16 witherspoon kernel: brd: module loaded
Aug 09 16:44:16 witherspoon kernel: loop: module loaded
Aug 09 16:44:16 witherspoon kernel: aspeed-lpc-ctrl 1e789080.lpc-ctrl: Loaded at 0x98000000 (0x04000000)
Aug 09 16:44:16 witherspoon kernel: aspeed-smc 1e620000.flash-controller: Using IRQ 18
Aug 09 16:44:16 witherspoon kernel: aspeed-smc 1e620000.flash-controller: DMA support disabled.
Aug 09 16:44:16 witherspoon kernel: aspeed-smc 1e620000.flash-controller: mx25l25635e (32768 Kbytes)
Aug 09 16:44:16 witherspoon kernel: aspeed-smc 1e620000.flash-controller: CE0 window [ 0x20000000 - 0x22000000 ] 32MB
Aug 09 16:44:16 witherspoon kernel: aspeed-smc 1e620000.flash-controller: CE1 window [ 0x22000000 - 0x2a000000 ] 128MB
Aug 09 16:44:16 witherspoon kernel: 5 ofpart partitions found on MTD device bmc
Aug 09 16:44:16 witherspoon kernel: Creating 5 MTD partitions on "bmc":
Aug 09 16:44:16 witherspoon kernel: 0x000000000000-0x000000060000 : "u-boot"
Aug 09 16:44:16 witherspoon kernel: 0x000000060000-0x000000080000 : "u-boot-env"
Aug 09 16:44:16 witherspoon kernel: 0x000000080000-0x0000004c0000 : "kernel"
Aug 09 16:44:16 witherspoon kernel: 0x0000004c0000-0x000001c00000 : "rofs"
Aug 09 16:44:16 witherspoon kernel: 0x000001c00000-0x000002000000 : "rwfs"
Aug 09 16:44:16 witherspoon kernel: aspeed-smc 1e620000.flash-controller: mx25l25635e (32768 Kbytes)
Aug 09 16:44:16 witherspoon kernel: aspeed-smc 1e620000.flash-controller: CE1 window [ 0x22000000 - 0x24000000 ] 32MB
Aug 09 16:44:16 witherspoon kernel: aspeed-smc 1e620000.flash-controller: CE2 window [ 0x24000000 - 0x2c000000 ] 128MB
Aug 09 16:44:16 witherspoon kernel: aspeed-smc 1e630000.flash-controller: mx66l1g45g (131072 Kbytes)
Aug 09 16:44:16 witherspoon kernel: aspeed-smc 1e630000.flash-controller: CE0 window resized to 120MB (AST2500 HW quirk)
Aug 09 16:44:16 witherspoon kernel: aspeed-smc 1e630000.flash-controller: CE0 window [ 0x30000000 - 0x37800000 ] 120MB
Aug 09 16:44:16 witherspoon kernel: aspeed-smc 1e630000.flash-controller: CE0 window too small for chip 128MB
Aug 09 16:44:16 witherspoon kernel: aspeed-smc 1e630000.flash-controller: CE1 window [ 0x37800000 - 0x38000000 ] 8MB
Aug 09 16:44:16 witherspoon kernel: libphy: Fixed MDIO Bus: probed
Aug 09 16:44:16 witherspoon kernel: ftgmac100 1e660000.ethernet: Read MAC address 70:e2:84:14:23:e1 from chip
Aug 09 16:44:16 witherspoon kernel: ftgmac100 1e660000.ethernet: Using NCSI interface
Aug 09 16:44:16 witherspoon kernel: ftgmac100 1e660000.ethernet eth0: irq 20, mapped at f0060000
Aug 09 16:44:16 witherspoon kernel: ehci_hcd: USB 2.0 'Enhanced' Host Controller (EHCI) Driver
Aug 09 16:44:16 witherspoon kernel: ehci-platform: EHCI generic platform driver
Aug 09 16:44:16 witherspoon kernel:  fsi0: can't read slave 00:00 -5
Aug 09 16:44:16 witherspoon kernel: i2c /dev entries driver
Aug 09 16:44:16 witherspoon kernel: aspeed-i2c-bus 1e78a0c0.i2c-bus: i2c bus 2 registered, irq 26
Aug 09 16:44:16 witherspoon kernel: aspeed-i2c-bus 1e78a100.i2c-bus: i2c bus 3 registered, irq 27
Aug 09 16:44:16 witherspoon kernel: aspeed-i2c-bus 1e78a140.i2c-bus: i2c bus 4 registered, irq 28
Aug 09 16:44:16 witherspoon kernel: aspeed-i2c-bus 1e78a180.i2c-bus: i2c bus 5 registered, irq 29
Aug 09 16:44:16 witherspoon kernel: aspeed-i2c-bus 1e78a380.i2c-bus: i2c bus 9 registered, irq 30
Aug 09 16:44:16 witherspoon kernel: aspeed-i2c-bus 1e78a3c0.i2c-bus: i2c bus 10 registered, irq 31
Aug 09 16:44:16 witherspoon kernel: rtc-rv8803 11-0032: Voltage low, temperature compensation stopped.
Aug 09 16:44:16 witherspoon kernel: rtc-rv8803 11-0032: An alarm maybe have been missed.
Aug 09 16:44:16 witherspoon kernel: rtc-rv8803 11-0032: rtc core: registered rx8900 as rtc0
Aug 09 16:44:16 witherspoon kernel: at24 11-0051: 8192 byte 24c64 EEPROM, writable, 1 bytes/write
Aug 09 16:44:16 witherspoon kernel: aspeed-i2c-bus 1e78a400.i2c-bus: i2c bus 11 registered, irq 32
Aug 09 16:44:16 witherspoon kernel: aspeed-i2c-bus 1e78a440.i2c-bus: i2c bus 12 registered, irq 33
Aug 09 16:44:16 witherspoon kernel: aspeed-i2c-bus 1e78a480.i2c-bus: i2c bus 13 registered, irq 34
Aug 09 16:44:16 witherspoon kernel: Driver for 1-wire Dallas network protocol.
Aug 09 16:44:16 witherspoon kernel: lm75 9-004a: hwmon0: sensor 'tmp275'
Aug 09 16:44:16 witherspoon kernel: ucd9000 11-0064: Device ID UCD90160|2.3.4.0000|110603
Aug 09 16:44:16 witherspoon kernel: leds-pca955x 3-0060: leds-pca955x: Using pca9552 16-bit LED driver at slave address 0x60
Aug 09 16:44:16 witherspoon kernel: leds-pca955x 3-0060: gpios 264...279
Aug 09 16:44:16 witherspoon kernel: leds-pca955x 11-0060: leds-pca955x: Using pca9552 16-bit LED driver at slave address 0x60
Aug 09 16:44:16 witherspoon kernel: leds-pca955x 11-0060: gpios 248...263
Aug 09 16:44:16 witherspoon kernel: usbcore: registered new interface driver usbhid
Aug 09 16:44:16 witherspoon kernel: usbhid: USB HID core driver
Aug 09 16:44:16 witherspoon kernel: NET: Registered protocol family 10
Aug 09 16:44:16 witherspoon kernel: Segment Routing with IPv6
Aug 09 16:44:16 witherspoon kernel: NET: Registered protocol family 17
Aug 09 16:44:16 witherspoon kernel: 8021q: 802.1Q VLAN Support v1.8
Aug 09 16:44:16 witherspoon kernel: console [netcon0] enabled
Aug 09 16:44:16 witherspoon kernel: netconsole: network logging started
Aug 09 16:44:16 witherspoon kernel: input: gpio-keys as /devices/platform/gpio-keys/input/input0
Aug 09 16:44:16 witherspoon kernel: rtc-rv8803 11-0032: setting system clock to 2017-08-09 16:44:08 UTC (1502297048)
Aug 09 16:44:16 witherspoon kernel: Freeing unused kernel memory: 284K
Aug 09 16:44:16 witherspoon kernel: This architecture does not have kernel memory protection.
Aug 09 16:44:16 witherspoon kernel: jffs2: notice: (531) jffs2_build_xattr_subsystem: complete building xattr subsystem, 0 of xdatum (0 unchecked, 0 orphan) and 0 of xref (0 dead, 0 orphan) found.
Aug 09 16:44:16 witherspoon systemd[1]: Failed to insert module 'autofs4': No such file or directory
Aug 09 16:44:16 witherspoon systemd[1]: systemd 232 running in system mode. (+PAM -AUDIT -SELINUX -IMA -APPARMOR -SMACK +SYSVINIT -UTMP -LIBCRYPTSETUP -GCRYPT -GNUTLS +ACL +XZ -LZ4 -SECCOMP +BLKID -ELFUTILS +KMOD -IDN)
Aug 09 16:44:16 witherspoon systemd[1]: Detected architecture arm.
Aug 09 16:44:16 witherspoon systemd[1]: Set hostname to <witherspoon>.
Aug 09 16:44:16 witherspoon systemd[1]: Listening on udev Control Socket.
Aug 09 16:44:16 witherspoon systemd[1]: Listening on Syslog Socket.
Aug 09 16:44:16 witherspoon systemd[1]: Reached target Remote File Systems.
Aug 09 16:44:16 witherspoon systemd[1]: Listening on Network Service Netlink Socket.
Aug 09 16:44:16 witherspoon systemd[1]: Listening on udev Kernel Socket.
Aug 09 16:44:16 witherspoon systemd[1]: Listening on /dev/initctl Compatibility Named Pipe.
Aug 09 16:44:16 witherspoon systemd[1]: Listening on Journal Socket.
Aug 09 16:44:16 witherspoon systemd-journald[549]: Journal started
Aug 09 16:44:16 witherspoon systemd-journald[549]: Runtime journal (/run/log/journal/cc6e1404d87444e8a089dfdb00a18f7d) is 0B, max 0B, 0B free.
Aug 09 16:44:16 witherspoon systemd-sysctl[552]: Couldn't write '16' to 'kernel/sysrq', ignoring: No such file or directory
Aug 09 16:44:16 witherspoon systemd-sysctl[552]: Couldn't write 'fq_codel' to 'net/core/default_qdisc', ignoring: No such file or directory
Aug 09 16:44:17 witherspoon systemd[1]: Mounting Debug File System...
Aug 09 16:44:18 witherspoon systemd[1]: Created slice system-org.openbmc.buttons.Power.slice.
Aug 09 16:44:18 witherspoon systemd[1]: Starting Remount Root and Kernel File Systems...
Aug 09 16:44:18 witherspoon systemd[1]: Created slice system-phosphor\x2dcooling\x2dtype.slice.
Aug 09 16:44:18 witherspoon systemd[1]: Starting udev Coldplug all Devices...
Aug 09 16:44:19 witherspoon systemd[1]: Created slice system-org.openbmc.control.Chassis.slice.
Aug 09 16:44:19 witherspoon systemd[1]: Created slice system-op\x2dreset\x2dchassis\x2don.slice.
Aug 09 16:44:19 witherspoon systemd[1]: Mounted Debug File System.
Aug 09 16:44:20 witherspoon systemd[1]: Mounted Temporary Directory.
Aug 09 16:44:20 witherspoon systemd[1]: Started Journal Service.
Aug 09 16:44:20 witherspoon systemd[1]: Started Apply Kernel Variables.
Aug 09 16:44:20 witherspoon systemd[1]: Started Remount Root and Kernel File Systems.
Aug 09 16:44:20 witherspoon systemd[1]: Starting Create System Users...
Aug 09 16:44:20 witherspoon systemd[1]: Starting Flush Journal to Persistent Storage...
Aug 09 16:44:21 witherspoon systemd[1]: Started udev Coldplug all Devices.
Aug 09 16:44:22 witherspoon systemd-journald[549]: Runtime journal (/run/log/journal/cc6e1404d87444e8a089dfdb00a18f7d) is 0B, max 0B, 0B free.
Aug 09 16:44:22 witherspoon systemd[1]: Started Flush Journal to Persistent Storage.
Aug 09 16:44:22 witherspoon systemd[1]: Started Create System Users.
Aug 09 16:44:22 witherspoon systemd[1]: Starting Create Static Device Nodes in /dev...
Aug 09 16:44:22 witherspoon systemd[1]: Started Create Static Device Nodes in /dev.
Aug 09 16:44:22 witherspoon systemd[1]: Reached target Local File Systems (Pre).
Aug 09 16:44:22 witherspoon systemd[1]: Mounting /var/volatile...
Aug 09 16:44:22 witherspoon systemd[1]: Starting udev Kernel Device Manager...
Aug 09 16:44:22 witherspoon systemd[1]: Mounted /var/volatile.
Aug 09 16:44:22 witherspoon systemd[1]: Reached target Local File Systems.
Aug 09 16:44:23 witherspoon systemd[1]: Starting Create Volatile Files and Directories...
Aug 09 16:44:23 witherspoon systemd[1]: Starting Rebuild Journal Catalog...
Aug 09 16:44:23 witherspoon systemd[1]: Starting Load/Save Random Seed...
Aug 09 16:44:23 witherspoon systemd[1]: Started Load/Save Random Seed.
Aug 09 16:44:23 witherspoon systemd-tmpfiles[904]: "/var/tmp" already exists and is not a directory.
Aug 09 16:44:23 witherspoon systemd-tmpfiles[904]: "/var/log" already exists and is not a directory.
Aug 09 16:44:23 witherspoon systemd[1]: Started Create Volatile Files and Directories.
Aug 09 16:44:23 witherspoon systemd[1]: Starting Network Time Synchronization...
Aug 09 16:44:23 witherspoon systemd[1]: Starting Run pending postinsts...
Aug 09 16:44:23 witherspoon systemd[1]: Started Rebuild Journal Catalog.
Aug 09 16:44:23 witherspoon systemd[1]: Starting Update is Completed...
Aug 09 16:44:23 witherspoon systemd[1]: Started Update is Completed.
Aug 09 16:44:24 witherspoon systemd[1]: Started Network Time Synchronization.
Aug 09 16:44:24 witherspoon systemd[1]: Reached target System Time Synchronized.
Aug 09 16:44:24 witherspoon systemd[1]: Started udev Kernel Device Manager.
Aug 09 16:44:24 witherspoon run-postinsts[911]: Running postinst /etc/rpm-postinsts/libglib-2.0-0...
Aug 09 16:44:25 witherspoon systemd[1]: Found device /dev/aspeed-lpc-ctrl.
Aug 09 16:44:25 witherspoon systemd[1]: Found device /dev/aspeed-mbox.
Aug 09 16:44:25 witherspoon systemd[1]: Created slice system-xyz.openbmc_project.Hwmon.slice.
Aug 09 16:44:25 witherspoon systemd[1]: dev-hugepages.mount: Couldn't determine result for ConditionVirtualization=!private-users, assuming failed: No such file or directory
Aug 09 16:44:26 witherspoon systemd[1]: Found device /dev/ttyS4.
Aug 09 16:44:26 witherspoon systemd[1]: Found device /dev/ttyVUART0.
Aug 09 16:44:26 witherspoon systemd[1]: dev-hugepages.mount: Couldn't determine result for ConditionVirtualization=!private-users, assuming failed: No such file or directory
Aug 09 16:44:26 witherspoon systemd[1]: dev-hugepages.mount: Couldn't determine result for ConditionVirtualization=!private-users, assuming failed: No such file or directory
Aug 09 16:44:26 witherspoon systemd[1]: dev-hugepages.mount: Couldn't determine result for ConditionVirtualization=!private-users, assuming failed: No such file or directory
Aug 09 16:44:26 witherspoon systemd[1]: dev-hugepages.mount: Couldn't determine result for ConditionVirtualization=!private-users, assuming failed: No such file or directory
Aug 09 16:44:27 witherspoon systemd[1]: dev-hugepages.mount: Couldn't determine result for ConditionVirtualization=!private-users, assuming failed: No such file or directory
Aug 09 16:44:27 witherspoon systemd[1]: dev-hugepages.mount: Couldn't determine result for ConditionVirtualization=!private-users, assuming failed: No such file or directory
Aug 09 16:44:28 witherspoon systemd[1]: dev-hugepages.mount: Couldn't determine result for ConditionVirtualization=!private-users, assuming failed: No such file or directory
Aug 09 16:44:28 witherspoon systemd[1]: Created slice system-xyz.openbmc_project.led.controller.slice.
Aug 09 16:44:28 witherspoon run-postinsts[911]: rm: can't remove '/etc/rpm-postinsts': Invalid argument
Aug 09 16:44:28 witherspoon run-postinsts[911]:  Removing any system startup links for run-postinsts ...
Aug 09 16:44:28 witherspoon systemctl[943]: Removed /etc/systemd/system/sysinit.target.wants/run-postinsts.service.
Aug 09 16:44:28 witherspoon systemd[1]: Reloading.
Aug 09 16:44:31 witherspoon systemd[1]: Started Run pending postinsts.
Aug 09 16:44:31 witherspoon systemd[1]: Reached target System Initialization.
Aug 09 16:44:31 witherspoon systemd[1]: Listening on D-Bus System Message Bus Socket.
Aug 09 16:44:31 witherspoon systemd[1]: Started Daily Cleanup of Temporary Directories.
Aug 09 16:44:31 witherspoon systemd[1]: Reached target Timers.
Aug 09 16:44:31 witherspoon systemd[1]: Listening on Avahi mDNS/DNS-SD Stack Activation Socket.
Aug 09 16:44:31 witherspoon systemd[1]: Listening on dropbear.socket.
Aug 09 16:44:31 witherspoon systemd[1]: Listening on Phosphor DBUS Browser socket.
Aug 09 16:44:31 witherspoon systemd[1]: Listening on Phosphor Webserver socket.
Aug 09 16:44:31 witherspoon systemd[1]: Listening on Phosphor Host Console SSH Per-Connection socket.
Aug 09 16:44:31 witherspoon systemd[1]: Listening on phosphor-ipmi-net.socket.
Aug 09 16:44:32 witherspoon systemd[1]: Reached target Sockets.
Aug 09 16:44:32 witherspoon systemd[1]: Reached target Basic System.
Aug 09 16:44:32 witherspoon systemd[1]: Starting Phosphor DBus Service Discovery Manager...
Aug 09 16:44:32 witherspoon systemd[1]: Starting Avahi mDNS/DNS-SD Stack...
Aug 09 16:44:32 witherspoon systemd[1]: Started D-Bus System Message Bus.
Aug 09 16:44:32 witherspoon avahi-daemon[956]: Found user 'avahi' (UID 999) and group 'avahi' (GID 999).
Aug 09 16:44:32 witherspoon avahi-daemon[956]: Successfully dropped root privileges.
Aug 09 16:44:32 witherspoon avahi-daemon[956]: avahi-daemon 0.6.32 starting up.
Aug 09 16:44:33 witherspoon avahi-daemon[956]: Successfully called chroot().
Aug 09 16:44:33 witherspoon avahi-daemon[956]: Successfully dropped remaining capabilities.
Aug 09 16:44:33 witherspoon avahi-daemon[956]: Loading service file /services/obmc_console.service.
Aug 09 16:44:33 witherspoon avahi-daemon[956]: Loading service file /services/phosphor_rest.service.
Aug 09 16:44:33 witherspoon avahi-daemon[956]: Loading service file /services/sftp-ssh.service.
Aug 09 16:44:33 witherspoon avahi-daemon[956]: Loading service file /services/sftp.service.
Aug 09 16:44:33 witherspoon avahi-daemon[956]: Loading service file /services/ssh.service.
Aug 09 16:44:33 witherspoon avahi-daemon[956]: Network interface enumeration completed.
Aug 09 16:44:33 witherspoon avahi-daemon[956]: Server startup complete. Host name is witherspoon.local. Local service cookie is 2572281042.
Aug 09 16:44:33 witherspoon avahi-daemon[956]: Service "witherspoon" (/services/ssh.service) successfully established.
Aug 09 16:44:33 witherspoon avahi-daemon[956]: Service "sftp" (/services/sftp.service) successfully established.
Aug 09 16:44:33 witherspoon avahi-daemon[956]: Service "witherspoon" (/services/sftp-ssh.service) successfully established.
Aug 09 16:44:33 witherspoon avahi-daemon[956]: Service "phosphor_rest" (/services/phosphor_rest.service) successfully established.
Aug 09 16:44:33 witherspoon avahi-daemon[956]: Service "obmc_console" (/services/obmc_console.service) successfully established.
Aug 09 16:44:33 witherspoon systemd[1]: Started Avahi mDNS/DNS-SD Stack.
Aug 09 16:44:33 witherspoon systemd[1]: Starting Network Service...
Aug 09 16:44:33 witherspoon systemd[1]: Started Phosphor sysfs LED controller.
Aug 09 16:44:34 witherspoon systemd[1]: Starting Phosphor Settings Daemon...
Aug 09 16:44:34 witherspoon systemd[1]: Started Phosphor sysfs LED controller.
Aug 09 16:44:34 witherspoon systemd[1]: Starting Phosphor Log Manager...
Aug 09 16:44:34 witherspoon systemd[1]: Started Phosphor sysfs LED controller.
Aug 09 16:44:34 witherspoon systemd[1]: Starting Remount the squashfs and ubi volumes after a reboot...
Aug 09 16:44:34 witherspoon systemd[1]: Starting Phosphor Inventory Manager...
Aug 09 16:44:34 witherspoon systemd[1]: Starting Phosphor BMC0 Control...
Aug 09 16:44:34 witherspoon systemd[1]: Starting Phosphor Network Manager...
Aug 09 16:44:34 witherspoon systemd[1]: Started Phosphor sysfs LED controller.
Aug 09 16:44:37 witherspoon kernel[979]: klogd started: BusyBox v1.24.1 (2017-06-16 19:28:48 UTC)
Aug 09 16:44:34 witherspoon systemd[1]: Starting Phosphor Download Manager...
Aug 09 16:44:37 witherspoon kernel[979]: [    0.000000] Booting Linux on physical CPU 0x0
Aug 09 16:44:34 witherspoon systemd[1]: Started Phosphor sysfs LED controller.
Aug 09 16:44:37 witherspoon kernel[979]: [    0.000000] Linux version 4.10.17-baeb50beb784ac5993d2bfb5d06d909971b60506 (jenkins@openbmc-builder2) (gcc version 6.2.0 (GCC) ) #1 Wed Aug 9 14:31:18 UTC 2017
Aug 09 16:44:34 witherspoon systemd[1]: Started Phosphor sysfs LED controller.
Aug 09 16:44:37 witherspoon kernel[979]: [    0.000000] CPU: ARMv6-compatible processor [410fb767] revision 7 (ARMv7), cr=00c5387d
Aug 09 16:44:40 witherspoon kernel: ubi7: default fastmap pool size: 100
Aug 09 16:44:40 witherspoon kernel: ubi7: default fastmap WL pool size: 50
Aug 09 16:44:40 witherspoon kernel: ubi7: attaching mtd7
Aug 09 16:44:34 witherspoon systemd[1]: Starting Phosphor Sensor Manager...
Aug 09 16:44:37 witherspoon kernel[979]: [    0.000000] CPU: PIPT / VIPT nonaliasing data cache, VIPT nonaliasing instruction cache
Aug 09 16:44:35 witherspoon systemd[1]: Started System Logging Service.
Aug 09 16:44:37 witherspoon kernel[979]: [    0.000000] OF: fdt:Machine model: Witherspoon BMC
Aug 09 16:44:35 witherspoon systemd[1]: Started Kernel Logging Service.
Aug 09 16:44:37 witherspoon kernel[979]: [    0.000000] Memory policy: Data cache writeback
Aug 09 16:44:35 witherspoon systemd[1]: Starting Phosphor Chassis0 Control...
Aug 09 16:44:37 witherspoon kernel[979]: [    0.000000] SOC Rev: 04030303
Aug 09 16:44:35 witherspoon systemd[1]: Starting Phosphor Download Manager...
Aug 09 16:44:37 witherspoon kernel[979]: [    0.000000] On node 0 totalpages: 110592
Aug 09 16:44:41 witherspoon kernel: ubi7: scanning is finished
Aug 09 16:44:41 witherspoon kernel: ubi7: attached mtd7 (name "pnor", size 128 MiB)
Aug 09 16:44:41 witherspoon kernel: ubi7: PEB size: 65536 bytes (64 KiB), LEB size: 65408 bytes
Aug 09 16:44:41 witherspoon kernel: ubi7: min./max. I/O unit sizes: 1/256, sub-page size 1
Aug 09 16:44:41 witherspoon kernel: ubi7: VID header offset: 64 (aligned 64), data offset: 128
Aug 09 16:44:41 witherspoon kernel: ubi7: good PEBs: 2048, bad PEBs: 0, corrupted PEBs: 0
Aug 09 16:44:41 witherspoon kernel: ubi7: user volume: 4, internal volumes: 1, max. volumes count: 128
Aug 09 16:44:41 witherspoon kernel: ubi7: max/mean erase counter: 1/0, WL threshold: 4096, image sequence number: 1613407033
Aug 09 16:44:41 witherspoon kernel: ubi7: available PEBs: 1110, total reserved PEBs: 938, PEBs reserved for bad PEB handling: 0
Aug 09 16:44:41 witherspoon kernel: ubi7: background thread "ubi_bgt7d" started, PID 1011
Aug 09 16:44:35 witherspoon systemd[1]: Started Phosphor sysfs LED controller.
Aug 09 16:44:37 witherspoon kernel[979]: [    0.000000] free_area_init_node: node 0, pgdat 805ff5f4, node_mem_map 9ec1a000
Aug 09 16:44:35 witherspoon systemd[1]: Started Phosphor Console Muxer listening on device /dev/ttyVUART0.
Aug 09 16:44:37 witherspoon kernel[979]: [    0.000000]   Normal zone: 992 pages used for memmap
Aug 09 16:44:35 witherspoon systemd[1]: Starting Phosphor LED Group Management Daemon...
Aug 09 16:44:37 witherspoon kernel[979]: [    0.000000]   Normal zone: 0 pages reserved
Aug 09 16:44:41 witherspoon obmc-flash-bios[965]: UBI device number 7, total 2048 LEBs (133955584 bytes, 127.8 MiB), available 1110 LEBs (72602880 bytes, 69.2 MiB), LEB size 65408 bytes (63.9 KiB)
Aug 09 16:44:35 witherspoon systemd[1]: Started Phosphor sysfs LED controller.
Aug 09 16:44:42 witherspoon kernel: ftgmac100 1e660000.ethernet eth0: NCSI interface up
Aug 09 16:44:37 witherspoon kernel[979]: [    0.000000]   Normal zone: 110592 pages, LIFO batch:31
Aug 09 16:44:35 witherspoon systemd[1]: Started Phosphor sysfs LED controller.
Aug 09 16:44:37 witherspoon kernel[979]: [    0.000000] pcpu-alloc: s0 r0 d32768 u32768 alloc=1*32768
Aug 09 16:44:35 witherspoon systemd[1]: Reached target Containers.
Aug 09 16:44:37 witherspoon kernel[979]: [    0.000000] pcpu-alloc: [0] 0
Aug 09 16:44:35 witherspoon systemd[1]: Started Phosphor sysfs LED controller.
Aug 09 16:44:37 witherspoon kernel[979]: [    0.000000] Built 1 zonelists in Zone order, mobility grouping on.  Total pages: 109600
Aug 09 16:44:35 witherspoon systemd[1]: Starting Phosphor Inventory Manager...
Aug 09 16:44:37 witherspoon kernel[979]: [    0.000000] Kernel command line: console=ttyS4,115200n8 root=/dev/ram rw
Aug 09 16:44:35 witherspoon systemd[1]: Starting Phosphor IPMI BT DBus Bridge...
Aug 09 16:44:37 witherspoon kernel[979]: [    0.000000] PID hash table entries: 2048 (order: 1, 8192 bytes)
Aug 09 16:44:35 witherspoon systemd[1]: Starting Clear one time boot overrides...
Aug 09 16:44:37 witherspoon kernel[979]: [    0.000000] Dentry cache hash table entries: 65536 (order: 6, 262144 bytes)
Aug 09 16:44:43 witherspoon kernel: UBIFS (ubi7:0): UBIFS: mounted UBI device 7, volume 0, name "pnor-rw-136cf504"
Aug 09 16:44:43 witherspoon kernel: UBIFS (ubi7:0): LEB size: 65408 bytes (63 KiB), min./max. I/O unit sizes: 8 bytes/256 bytes
Aug 09 16:44:43 witherspoon kernel: UBIFS (ubi7:0): FS size: 16155776 bytes (15 MiB, 247 LEBs), journal size 784896 bytes (0 MiB, 12 LEBs)
Aug 09 16:44:43 witherspoon kernel: UBIFS (ubi7:0): reserved for root: 763076 bytes (745 KiB)
Aug 09 16:44:43 witherspoon kernel: UBIFS (ubi7:0): media format: w5/r0 (latest is w5/r0), UUID FD59E80D-F7C1-4E3D-BA65-47A452939965, small LPT model
Aug 09 16:44:43 witherspoon kernel: UBIFS (ubi7:0): background thread "ubifs_bgt7_0" started, PID 1026
Aug 09 16:44:35 witherspoon systemd[1]: Started Hardware RNG Entropy Gatherer Daemon.
Aug 09 16:44:37 witherspoon kernel[979]: [    0.000000] Inode-cache hash table entries: 32768 (order: 5, 131072 bytes)
Aug 09 16:44:37 witherspoon systemd[1]: Starting Phosphor Dump Manager...
Aug 09 16:44:37 witherspoon kernel[979]: [    0.000000] Memory: 430428K/442368K available (4065K kernel code, 280K rwdata, 1192K rodata, 284K init, 111K bss, 11940K reserved, 0K cma-reserved)
Aug 09 16:44:38 witherspoon systemd-networkd[959]: Enumeration completed
Aug 09 16:44:37 witherspoon kernel[979]: [    0.000000] Virtual kernel memory layout:
Aug 09 16:44:38 witherspoon systemd[1]: Started Phosphor Dump core monitor..
Aug 09 16:44:37 witherspoon kernel[979]: [    0.000000]     vector  : 0xffff0000 - 0xffff1000   (   4 kB)
Aug 09 16:44:38 witherspoon systemd-networkd[959]: eth0: IPv6 enabled for interface: Success
Aug 09 16:44:37 witherspoon kernel[979]: [    0.000000]     fixmap  : 0xffc00000 - 0xfff00000   (3072 kB)
Aug 09 16:44:38 witherspoon systemd-networkd[959]: eth0: Gained carrier
Aug 09 16:44:37 witherspoon kernel[979]: [    0.000000]     vmalloc : 0x9f800000 - 0xff800000   (1536 MB)
Aug 09 16:44:39 witherspoon systemd-timesyncd[910]: Network configuration changed, trying to establish connection.
Aug 09 16:44:37 witherspoon kernel[979]: [    0.000000]     lowmem  : 0x80000000 - 0x9f000000   ( 496 MB)
Aug 09 16:44:40 witherspoon systemd[1]: Starting Phosphor User Manager...
Aug 09 16:44:37 witherspoon kernel[979]: [    0.000000]       .text : 0x80008000 - 0x80400950   (4067 kB)
Aug 09 16:44:40 witherspoon systemd[1]: Starting OpenBMC Software Update Manager...
Aug 09 16:44:37 witherspoon kernel[979]: [    0.000000]       .init : 0x80585000 - 0x805cc000   ( 284 kB)
Aug 09 16:44:40 witherspoon systemd[1]: Started Network Service.
Aug 09 16:44:37 witherspoon kernel[979]: [    0.000000]       .data : 0x805cc000 - 0x80612358   ( 281 kB)
Aug 09 16:44:40 witherspoon systemd-networkd[959]: eth0: Gained IPv6LL
Aug 09 16:44:37 witherspoon kernel[979]: [    0.000000]        .bss : 0x80612358 - 0x8062e1f8   ( 112 kB)
Aug 09 16:44:40 witherspoon systemd[1]: Started Clear one time boot overrides.
Aug 09 16:44:37 witherspoon kernel[979]: [    0.000000] NR_IRQS:16 nr_irqs:16 16
Aug 09 16:44:40 witherspoon systemd[1]: Started Phosphor Settings Daemon.
Aug 09 16:44:37 witherspoon kernel[979]: [    0.000000] i2c controller registered, irq 16
Aug 09 16:44:40 witherspoon systemd[1]: Started Phosphor Download Manager.
Aug 09 16:44:37 witherspoon kernel[979]: [    0.000000] clocksource: moxart_timer: mask: 0xffffffff max_cycles: 0xffffffff, max_idle_ns: 77222644334 ns
Aug 09 16:44:40 witherspoon systemd[1]: Started Phosphor IPMI BT DBus Bridge.
Aug 09 16:44:37 witherspoon kernel[979]: [    0.000000] sched_clock: 32 bits at 100 Hz, resolution 10000000ns, wraps every 21474836475000000ns
Aug 09 16:44:40 witherspoon systemd[1]: Started Phosphor LED Group Management Daemon.
Aug 09 16:44:37 witherspoon kernel[979]: [    0.090000] Calibrating delay loop... 789.70 BogoMIPS (lpj=3948544)
Aug 09 16:44:40 witherspoon systemd[1]: Started Phosphor Inventory Manager.
Aug 09 16:44:37 witherspoon kernel[979]: [    0.090000] pid_max: default: 32768 minimum: 301
Aug 09 16:44:40 witherspoon systemd[1]: Started Phosphor BMC0 Control.
Aug 09 16:44:37 witherspoon kernel[979]: [    0.090000] Mount-cache hash table entries: 1024 (order: 0, 4096 bytes)
Aug 09 16:44:40 witherspoon systemd[1]: Started Phosphor Log Manager.
Aug 09 16:44:37 witherspoon kernel[979]: [    0.090000] Mountpoint-cache hash table entries: 1024 (order: 0, 4096 bytes)
Aug 09 16:44:40 witherspoon systemd[1]: Reached target Network.
Aug 09 16:44:37 witherspoon kernel[979]: [    0.090000] CPU: Testing write buffer coherency: ok
Aug 09 16:44:40 witherspoon systemd[1]: Starting Permit User Sessions...
Aug 09 16:44:37 witherspoon kernel[979]: [    0.090000] ftrace: allocating 14934 entries in 44 pages
Aug 09 16:44:40 witherspoon systemd[1]: Started Lightweight SLP Server.
Aug 09 16:44:37 witherspoon kernel[979]: [    0.120000] Setting up static identity map for 0x80008200 - 0x8000825c
Aug 09 16:44:41 witherspoon systemd[1]: Started Permit User Sessions.
Aug 09 16:44:37 witherspoon kernel[979]: [    0.120000] devtmpfs: initialized
Aug 09 16:44:41 witherspoon systemd[1]: Started Serial Getty on ttyS4.
Aug 09 16:44:37 witherspoon kernel[979]: [    0.150000] clocksource: jiffies: mask: 0xffffffff max_cycles: 0xffffffff, max_idle_ns: 19112604462750000 ns
Aug 09 16:44:41 witherspoon systemd[1]: Reached target Login Prompts.
Aug 09 16:44:37 witherspoon kernel[979]: [    0.150000] futex hash table entries: 256 (order: -1, 3072 bytes)
Aug 09 16:44:41 witherspoon systemd[1]: Started OpenBMC Software Update Manager.
Aug 09 16:44:37 witherspoon kernel[979]: [    0.150000] pinctrl core: initialized pinctrl subsystem
Aug 09 16:44:41 witherspoon systemd[1]: Started Phosphor Dump Manager.
Aug 09 16:44:37 witherspoon kernel[979]: [    0.150000] NET: Registered protocol family 16
Aug 09 16:44:37 witherspoon kernel[979]: [    0.150000] DMA: preallocated 256 KiB pool for atomic coherent allocations
Aug 09 16:44:37 witherspoon kernel[979]: [    0.220000] usbcore: registered new interface driver usbfs
Aug 09 16:44:37 witherspoon kernel[979]: [    0.220000] usbcore: registered new interface driver hub
Aug 09 16:44:37 witherspoon kernel[979]: [    0.220000] usbcore: registered new device driver usb
Aug 09 16:44:37 witherspoon kernel[979]: [    0.230000] clocksource: Switched to clocksource moxart_timer
Aug 09 16:44:37 witherspoon kernel[979]: [    0.250000] NET: Registered protocol family 2
Aug 09 16:44:37 witherspoon kernel[979]: [    0.250000] TCP established hash table entries: 4096 (order: 2, 16384 bytes)
Aug 09 16:44:37 witherspoon kernel[979]: [    0.250000] TCP bind hash table entries: 4096 (order: 2, 16384 bytes)
Aug 09 16:44:37 witherspoon kernel[979]: [    0.250000] TCP: Hash tables configured (established 4096 bind 4096)
Aug 09 16:44:37 witherspoon kernel[979]: [    0.250000] UDP hash table entries: 256 (order: 0, 4096 bytes)
Aug 09 16:44:37 witherspoon kernel[979]: [    0.250000] UDP-Lite hash table entries: 256 (order: 0, 4096 bytes)
Aug 09 16:44:37 witherspoon kernel[979]: [    0.250000] NET: Registered protocol family 1
Aug 09 16:44:37 witherspoon kernel[979]: [    0.250000] Trying to unpack rootfs image as initramfs...
Aug 09 16:44:37 witherspoon kernel[979]: [    1.920000] Freeing initrd memory: 1548K
Aug 09 16:44:37 witherspoon kernel[979]: [    1.920000] workingset: timestamp_bits=30 max_order=17 bucket_order=0
Aug 09 16:44:37 witherspoon kernel[979]: [    1.920000] squashfs: version 4.0 (2009/01/31) Phillip Lougher
Aug 09 16:44:37 witherspoon kernel[979]: [    1.920000] jffs2: version 2.2. (SUMMARY)  © 2001-2006 Red Hat, Inc.
Aug 09 16:44:37 witherspoon kernel[979]: [    1.920000] Block layer SCSI generic (bsg) driver version 0.4 loaded (major 250)
Aug 09 16:44:37 witherspoon kernel[979]: [    1.920000] io scheduler noop registered
Aug 09 16:44:37 witherspoon kernel[979]: [    1.920000] io scheduler deadline registered
Aug 09 16:44:37 witherspoon kernel[979]: [    1.920000] io scheduler cfq registered (default)
Aug 09 16:44:37 witherspoon kernel[979]: [    2.070000] ipmi-bt-host 1e789140.ibt: Found bt bmc device
Aug 09 16:44:37 witherspoon kernel[979]: [    2.070000] ipmi-bt-host 1e789140.ibt: Using IRQ 22
Aug 09 16:44:37 witherspoon kernel[979]: [    2.070000] Serial: 8250/16550 driver, 6 ports, IRQ sharing enabled
Aug 09 16:44:37 witherspoon kernel[979]: [    2.070000] 1e787000.vuart: ttyS0 at MMIO 0x1e787000 (irq = 22, base_baud = 1500000) is a 16550A
Aug 09 16:44:37 witherspoon kernel[979]: [    2.070000] 1e783000.serial: ttyS1 at MMIO 0x1e783000 (irq = 23, base_baud = 1500000) is a 16550A
Aug 09 16:44:37 witherspoon kernel[979]: [    2.070000] 1e78d000.serial: ttyS2 at MMIO 0x1e78d000 (irq = 24, base_baud = 1500000) is a 16550A
Aug 09 16:44:37 witherspoon kernel[979]: [    2.070000] 1e784000.serial: ttyS4 at MMIO 0x1e784000 (irq = 25, base_baud = 1500000) is a 16550A
Aug 09 16:44:37 witherspoon kernel[979]: [    2.430000] console [ttyS4] enabled
Aug 09 16:44:37 witherspoon kernel[979]: [    2.610000] timeriomem_rng 1e6e2078.hwrng: 32bits from 0xf00e2078 @ 1us
Aug 09 16:44:37 witherspoon kernel[979]: [    2.620000] random: fast init done
Aug 09 16:44:37 witherspoon kernel[979]: [    2.670000] random: crng init done
Aug 09 16:44:37 witherspoon kernel[979]: [    2.670000] brd: module loaded
Aug 09 16:44:37 witherspoon kernel[979]: [    2.700000] loop: module loaded
Aug 09 16:44:37 witherspoon kernel[979]: [    2.700000] aspeed-lpc-ctrl 1e789080.lpc-ctrl: Loaded at 0x98000000 (0x04000000)
Aug 09 16:44:37 witherspoon kernel[979]: [    2.710000] aspeed-smc 1e620000.flash-controller: Using IRQ 18
Aug 09 16:44:37 witherspoon kernel[979]: [    2.720000] aspeed-smc 1e620000.flash-controller: DMA support disabled.
Aug 09 16:44:37 witherspoon kernel[979]: [    2.720000] aspeed-smc 1e620000.flash-controller: mx25l25635e (32768 Kbytes)
Aug 09 16:44:37 witherspoon kernel[979]: [    2.720000] aspeed-smc 1e620000.flash-controller: CE0 window [ 0x20000000 - 0x22000000 ] 32MB
Aug 09 16:44:37 witherspoon kernel[979]: [    2.740000] aspeed-smc 1e620000.flash-controller: CE1 window [ 0x22000000 - 0x2a000000 ] 128MB
Aug 09 16:44:37 witherspoon kernel[979]: [    2.740000] 5 ofpart partitions found on MTD device bmc
Aug 09 16:44:37 witherspoon kernel[979]: [    2.740000] Creating 5 MTD partitions on "bmc":
Aug 09 16:44:37 witherspoon kernel[979]: [    2.740000] 0x000000000000-0x000000060000 : "u-boot"
Aug 09 16:44:37 witherspoon kernel[979]: [    2.780000] 0x000000060000-0x000000080000 : "u-boot-env"
Aug 09 16:44:37 witherspoon kernel[979]: [    2.780000] 0x000000080000-0x0000004c0000 : "kernel"
Aug 09 16:44:37 witherspoon kernel[979]: [    2.800000] 0x0000004c0000-0x000001c00000 : "rofs"
Aug 09 16:44:37 witherspoon kernel[979]: [    2.810000] 0x000001c00000-0x000002000000 : "rwfs"
Aug 09 16:44:37 witherspoon kernel[979]: [    2.820000] aspeed-smc 1e620000.flash-controller: mx25l25635e (32768 Kbytes)
Aug 09 16:44:37 witherspoon kernel[979]: [    2.820000] aspeed-smc 1e620000.flash-controller: CE1 window [ 0x22000000 - 0x24000000 ] 32MB
Aug 09 16:44:37 witherspoon kernel[979]: [    2.830000] aspeed-smc 1e620000.flash-controller: CE2 window [ 0x24000000 - 0x2c000000 ] 128MB
Aug 09 16:44:37 witherspoon kernel[979]: [    2.850000] aspeed-smc 1e630000.flash-controller: mx66l1g45g (131072 Kbytes)
Aug 09 16:44:37 witherspoon kernel[979]: [    2.860000] aspeed-smc 1e630000.flash-controller: CE0 window resized to 120MB (AST2500 HW quirk)
Aug 09 16:44:37 witherspoon kernel[979]: [    2.860000] aspeed-smc 1e630000.flash-controller: CE0 window [ 0x30000000 - 0x37800000 ] 120MB
Aug 09 16:44:37 witherspoon kernel[979]: [    2.860000] aspeed-smc 1e630000.flash-controller: CE0 window too small for chip 128MB
Aug 09 16:44:37 witherspoon kernel[979]: [    2.880000] aspeed-smc 1e630000.flash-controller: CE1 window [ 0x37800000 - 0x38000000 ] 8MB
Aug 09 16:44:37 witherspoon kernel[979]: [    3.630000] libphy: Fixed MDIO Bus: probed
Aug 09 16:44:37 witherspoon kernel[979]: [    3.630000] ftgmac100 1e660000.ethernet: Read MAC address 70:e2:84:14:23:e1 from chip
Aug 09 16:44:37 witherspoon kernel[979]: [    3.630000] ftgmac100 1e660000.ethernet: Using NCSI interface
Aug 09 16:44:37 witherspoon kernel[979]: [    3.630000] ftgmac100 1e660000.ethernet eth0: irq 20, mapped at f0060000
Aug 09 16:44:37 witherspoon kernel[979]: [    3.630000] ehci_hcd: USB 2.0 'Enhanced' Host Controller (EHCI) Driver
Aug 09 16:44:37 witherspoon kernel[979]: [    3.630000] ehci-platform: EHCI generic platform driver
Aug 09 16:44:37 witherspoon kernel[979]: [    3.860000]  fsi0: can't read slave 00:00 -5
Aug 09 16:44:37 witherspoon kernel[979]: [    3.880000] i2c /dev entries driver
Aug 09 16:44:37 witherspoon kernel[979]: [    3.890000] aspeed-i2c-bus 1e78a0c0.i2c-bus: i2c bus 2 registered, irq 26
Aug 09 16:44:37 witherspoon kernel[979]: [    3.900000] aspeed-i2c-bus 1e78a100.i2c-bus: i2c bus 3 registered, irq 27
Aug 09 16:44:37 witherspoon kernel[979]: [    3.910000] aspeed-i2c-bus 1e78a140.i2c-bus: i2c bus 4 registered, irq 28
Aug 09 16:44:37 witherspoon kernel[979]: [    3.920000] aspeed-i2c-bus 1e78a180.i2c-bus: i2c bus 5 registered, irq 29
Aug 09 16:44:37 witherspoon kernel[979]: [    3.930000] aspeed-i2c-bus 1e78a380.i2c-bus: i2c bus 9 registered, irq 30
Aug 09 16:44:37 witherspoon kernel[979]: [    3.940000] aspeed-i2c-bus 1e78a3c0.i2c-bus: i2c bus 10 registered, irq 31
Aug 09 16:44:37 witherspoon kernel[979]: [    3.950000] rtc-rv8803 11-0032: Voltage low, temperature compensation stopped.
Aug 09 16:44:37 witherspoon kernel[979]: [    3.960000] rtc-rv8803 11-0032: An alarm maybe have been missed.
Aug 09 16:44:37 witherspoon kernel[979]: [    3.970000] rtc-rv8803 11-0032: rtc core: registered rx8900 as rtc0
Aug 09 16:44:37 witherspoon kernel[979]: [    3.980000] at24 11-0051: 8192 byte 24c64 EEPROM, writable, 1 bytes/write
Aug 09 16:44:37 witherspoon kernel[979]: [    3.980000] aspeed-i2c-bus 1e78a400.i2c-bus: i2c bus 11 registered, irq 32
Aug 09 16:44:37 witherspoon kernel[979]: [    3.990000] aspeed-i2c-bus 1e78a440.i2c-bus: i2c bus 12 registered, irq 33
Aug 09 16:44:37 witherspoon kernel[979]: [    4.000000] aspeed-i2c-bus 1e78a480.i2c-bus: i2c bus 13 registered, irq 34
Aug 09 16:44:46 witherspoon systemd[1]: Created slice system-dropbear.slice.
Aug 09 16:44:37 witherspoon kernel[979]: [    4.010000] Driver for 1-wire Dallas network protocol.
Aug 09 16:44:46 witherspoon systemd[1]: Started SSH Per-Connection Server (9.41.165.94:58482).
Aug 09 16:44:37 witherspoon kernel[979]: [    4.010000] lm75 9-004a: hwmon0: sensor 'tmp275'
Aug 09 16:44:37 witherspoon kernel[979]: [    4.800000] ucd9000 11-0064: Device ID UCD90160|2.3.4.0000|110603
Aug 09 16:44:37 witherspoon kernel[979]: [    5.130000] leds-pca955x 3-0060: leds-pca955x: Using pca9552 16-bit LED driver at slave address 0x60
Aug 09 16:44:37 witherspoon kernel[979]: [    5.140000] leds-pca955x 3-0060: gpios 264...279
Aug 09 16:44:37 witherspoon kernel[979]: [    5.140000] leds-pca955x 11-0060: leds-pca955x: Using pca9552 16-bit LED driver at slave address 0x60
Aug 09 16:44:37 witherspoon kernel[979]: [    5.160000] leds-pca955x 11-0060: gpios 248...263
Aug 09 16:44:37 witherspoon kernel[979]: [    5.160000] usbcore: registered new interface driver usbhid
Aug 09 16:44:37 witherspoon kernel[979]: [    5.170000] usbhid: USB HID core driver
Aug 09 16:44:37 witherspoon kernel[979]: [    5.220000] NET: Registered protocol family 10
Aug 09 16:44:37 witherspoon kernel[979]: [    5.220000] Segment Routing with IPv6
Aug 09 16:44:37 witherspoon kernel[979]: [    5.230000] NET: Registered protocol family 17
Aug 09 16:44:37 witherspoon kernel[979]: [    5.230000] 8021q: 802.1Q VLAN Support v1.8
Aug 09 16:44:37 witherspoon kernel[979]: [    5.260000] console [netcon0] enabled
Aug 09 16:44:37 witherspoon kernel[979]: [    5.260000] netconsole: network logging started
Aug 09 16:44:37 witherspoon kernel[979]: [    5.270000] input: gpio-keys as /devices/platform/gpio-keys/input/input0
Aug 09 16:44:37 witherspoon kernel[979]: [    5.280000] rtc-rv8803 11-0032: setting system clock to 2017-08-09 16:44:08 UTC (1502297048)
Aug 09 16:44:37 witherspoon kernel[979]: [    5.290000] Freeing unused kernel memory: 284K
Aug 09 16:44:37 witherspoon kernel[979]: [    5.290000] This architecture does not have kernel memory protection.
Aug 09 16:44:37 witherspoon kernel[979]: [    6.970000] jffs2: notice: (531) jffs2_build_xattr_subsystem: complete building xattr subsystem, 0 of xdatum (0 unchecked, 0 orphan) and 0 of xref (0 dead, 0 orphan) found.
Aug 09 16:44:37 witherspoon kernel[979]: [    9.080000] systemd[1]: Failed to insert module 'autofs4': No such file or directory
Aug 09 16:44:37 witherspoon kernel[979]: [    9.280000] systemd[1]: systemd 232 running in system mode. (+PAM -AUDIT -SELINUX -IMA -APPARMOR -SMACK +SYSVINIT -UTMP -LIBCRYPTSETUP -GCRYPT -GNUTLS +ACL +XZ -LZ4 -SECCOMP +BLKID -ELFUTILS +KMOD -IDN)
Aug 09 16:44:37 witherspoon kernel[979]: [    9.280000] systemd[1]: Detected architecture arm.
Aug 09 16:44:37 witherspoon kernel[979]: [    9.470000] systemd[1]: Set hostname to <witherspoon>.
Aug 09 16:44:37 witherspoon kernel[979]: [   11.050000] systemd[1]: Listening on udev Control Socket.
Aug 09 16:44:37 witherspoon kernel[979]: [   11.140000] systemd[1]: Listening on Syslog Socket.
Aug 09 16:44:37 witherspoon kernel[979]: [   11.180000] systemd[1]: Reached target Remote File Systems.
Aug 09 16:44:37 witherspoon kernel[979]: [   11.220000] systemd[1]: Listening on Network Service Netlink Socket.
Aug 09 16:44:37 witherspoon kernel[979]: [   11.260000] systemd[1]: Listening on udev Kernel Socket.
Aug 09 16:44:37 witherspoon kernel[979]: [   11.300000] systemd[1]: Listening on /dev/initctl Compatibility Named Pipe.
Aug 09 16:44:37 witherspoon kernel[979]: [   11.340000] systemd[1]: Listening on Journal Socket.
Aug 09 16:44:37 witherspoon kernel[979]: [   14.330000] systemd[1]: Mounting Debug File System...
Aug 09 16:44:37 witherspoon kernel[979]: [   14.580000] systemd[1]: Created slice system-org.openbmc.buttons.Power.slice.
Aug 09 16:44:37 witherspoon kernel[979]: [   14.840000] systemd[1]: Starting Remount Root and Kernel File Systems...
Aug 09 16:44:37 witherspoon kernel[979]: [   15.110000] systemd[1]: Created slice system-phosphor\x2dcooling\x2dtype.slice.
Aug 09 16:44:37 witherspoon kernel[979]: [   15.390000] systemd[1]: Starting udev Coldplug all Devices...
Aug 09 16:44:37 witherspoon kernel[979]: [   15.680000] systemd[1]: Created slice system-org.openbmc.control.Chassis.slice.
Aug 09 16:44:37 witherspoon kernel[979]: [   15.980000] systemd[1]: Created slice system-op\x2dreset\x2dchassis\x2don.slice.
Aug 09 16:44:37 witherspoon kernel[979]: [   16.290000] systemd[1]: Mounted Debug File System.
Aug 09 16:44:37 witherspoon kernel[979]: [   16.610000] systemd[1]: Mounted Temporary Directory.
Aug 09 16:44:37 witherspoon kernel[979]: [   16.940000] systemd[1]: Started Journal Service.
Aug 09 16:44:37 witherspoon kernel[979]: [   18.740000] systemd-journald[549]: Received request to flush runtime journal from PID 1
Aug 09 16:44:37 witherspoon kernel[979]: [   34.390000] ubi7: default fastmap pool size: 100
Aug 09 16:44:37 witherspoon kernel[979]: [   34.390000] ubi7: default fastmap WL pool size: 50
Aug 09 16:44:37 witherspoon kernel[979]: [   34.390000] ubi7: attaching mtd7
Aug 09 16:44:39 witherspoon avahi-daemon[956]: Joining mDNS multicast group on interface eth0.IPv4 with address 9.3.86.161.
Aug 09 16:44:39 witherspoon avahi-daemon[956]: New relevant interface eth0.IPv4 for mDNS.
Aug 09 16:44:39 witherspoon avahi-daemon[956]: Registering new address record for 9.3.86.161 on eth0.IPv4.
Aug 09 16:44:40 witherspoon avahi-daemon[956]: Joining mDNS multicast group on interface eth0.IPv6 with address fe80::72e2:84ff:fe14:23e1.
Aug 09 16:44:40 witherspoon avahi-daemon[956]: New relevant interface eth0.IPv6 for mDNS.
Aug 09 16:44:40 witherspoon avahi-daemon[956]: Registering new address record for fe80::72e2:84ff:fe14:23e1 on eth0.*.
Aug 09 16:44:41 witherspoon kernel[979]: [   37.770000] ubi7: scanning is finished
Aug 09 16:44:41 witherspoon kernel[979]: [   37.770000] ubi7: attached mtd7 (name "pnor", size 128 MiB)
Aug 09 16:44:41 witherspoon kernel[979]: [   37.770000] ubi7: PEB size: 65536 bytes (64 KiB), LEB size: 65408 bytes
Aug 09 16:44:41 witherspoon kernel[979]: [   37.770000] ubi7: min./max. I/O unit sizes: 1/256, sub-page size 1
Aug 09 16:44:41 witherspoon kernel[979]: [   37.770000] ubi7: VID header offset: 64 (aligned 64), data offset: 128
Aug 09 16:44:41 witherspoon kernel[979]: [   37.770000] ubi7: good PEBs: 2048, bad PEBs: 0, corrupted PEBs: 0
Aug 09 16:44:41 witherspoon kernel[979]: [   37.770000] ubi7: user volume: 4, internal volumes: 1, max. volumes count: 128
Aug 09 16:44:41 witherspoon kernel[979]: [   37.770000] ubi7: max/mean erase counter: 1/0, WL threshold: 4096, image sequence number: 1613407033
Aug 09 16:44:41 witherspoon kernel[979]: [   37.850000] ubi7: available PEBs: 1110, total reserved PEBs: 938, PEBs reserved for bad PEB handling: 0
Aug 09 16:44:41 witherspoon kernel[979]: [   37.850000] ubi7: background thread "ubi_bgt7d" started, PID 1011
Aug 09 16:44:42 witherspoon kernel[979]: [   38.830000] ftgmac100 1e660000.ethernet eth0: NCSI interface up
Aug 09 16:44:43 witherspoon kernel[979]: [   39.930000] UBIFS (ubi7:0): UBIFS: mounted UBI device 7, volume 0, name "pnor-rw-136cf504"
Aug 09 16:44:43 witherspoon kernel[979]: [   39.930000] UBIFS (ubi7:0): LEB size: 65408 bytes (63 KiB), min./max. I/O unit sizes: 8 bytes/256 bytes
Aug 09 16:44:43 witherspoon kernel[979]: [   39.930000] UBIFS (ubi7:0): FS size: 16155776 bytes (15 MiB, 247 LEBs), journal size 784896 bytes (0 MiB, 12 LEBs)
Aug 09 16:44:43 witherspoon kernel[979]: [   40.080000] UBIFS (ubi7:0): reserved for root: 763076 bytes (745 KiB)
Aug 09 16:44:43 witherspoon kernel[979]: [   40.080000] UBIFS (ubi7:0): media format: w5/r0 (latest is w5/r0), UUID FD59E80D-F7C1-4E3D-BA65-47A452939965, small LPT model
Aug 09 16:44:43 witherspoon kernel[979]: [   40.080000] UBIFS (ubi7:0): background thread "ubifs_bgt7_0" started, PID 1026
Aug 09 16:44:47 witherspoon dropbear[1034]: Failed loading /etc/dropbear/dropbear_dss_host_key
Aug 09 16:44:47 witherspoon dropbear[1034]: Failed loading /etc/dropbear/dropbear_ecdsa_host_key
Aug 09 16:44:47 witherspoon dropbear[1034]: Child connection from ::ffff:9.41.165.94:58482
Aug 09 16:44:51 witherspoon dropbear[1034]: PAM password auth succeeded for 'root' from ::ffff:9.41.165.94:58482
Aug 09 16:44:51 witherspoon dropbear[1035]: lastlog_perform_login: Couldn't stat /var/log/lastlog: No such file or directory
Aug 09 16:44:51 witherspoon dropbear[1035]: lastlog_openseek: /var/log/lastlog is not a file or directory!
Aug 09 16:44:53 witherspoon systemd-networkd[959]: eth0: Configured
Aug 09 16:44:53 witherspoon systemd-timesyncd[910]: Network configuration changed, trying to establish connection.
Aug 09 16:44:55 witherspoon kernel: block ubiblock7_1: created from ubi7:1(pnor-ro-136cf504)
Aug 09 16:44:55 witherspoon kernel[979]: [   52.260000] block ubiblock7_1: created from ubi7:1(pnor-ro-136cf504)
Aug 09 16:44:59 witherspoon download_manager.py[981]: Running Download Manager
Aug 09 16:44:59 witherspoon systemd[1]: Started Phosphor Download Manager.
Aug 09 16:44:59 witherspoon systemd[1]: Started Remount the squashfs and ubi volumes after a reboot.
Aug 09 16:44:59 witherspoon systemd[1]: Reached target Multi-User System.
Aug 09 16:44:59 witherspoon systemd[1]: Starting OpenPower Software Update Manager...
Aug 09 16:45:00 witherspoon openpower-update-manager[1060]: Error in reading file
Aug 09 16:45:00 witherspoon kernel: UBIFS (ubi7:2): UBIFS: mounted UBI device 7, volume 2, name "pnor-prsv"
Aug 09 16:45:00 witherspoon kernel: UBIFS (ubi7:2): LEB size: 65408 bytes (63 KiB), min./max. I/O unit sizes: 8 bytes/256 bytes
Aug 09 16:45:00 witherspoon kernel: UBIFS (ubi7:2): FS size: 1504384 bytes (1 MiB, 23 LEBs), journal size 523265 bytes (0 MiB, 6 LEBs)
Aug 09 16:45:00 witherspoon kernel: UBIFS (ubi7:2): reserved for root: 71055 bytes (69 KiB)
Aug 09 16:45:00 witherspoon kernel: UBIFS (ubi7:2): media format: w5/r0 (latest is w5/r0), UUID D400F8DD-ACE5-45CE-8A6B-A6E9309F1A81, small LPT model
Aug 09 16:45:00 witherspoon kernel: UBIFS (ubi7:2): background thread "ubifs_bgt7_2" started, PID 1055
Aug 09 16:45:00 witherspoon kernel[979]: [   56.400000] UBIFS (ubi7:2): UBIFS: mounted UBI device 7, volume 2, name "pnor-prsv"
Aug 09 16:45:00 witherspoon systemd[1]: Started OpenPower Software Update Manager.
Aug 09 16:45:00 witherspoon kernel[979]: [   56.400000] UBIFS (ubi7:2): LEB size: 65408 bytes (63 KiB), min./max. I/O unit sizes: 8 bytes/256 bytes
Aug 09 16:45:00 witherspoon systemd[1]: Mounting /usr/local...
Aug 09 16:45:00 witherspoon kernel[979]: [   56.400000] UBIFS (ubi7:2): FS size: 1504384 bytes (1 MiB, 23 LEBs), journal size 523265 bytes (0 MiB, 6 LEBs)
Aug 09 16:45:00 witherspoon kernel[979]: [   56.400000] UBIFS (ubi7:2): reserved for root: 71055 bytes (69 KiB)
Aug 09 16:45:00 witherspoon kernel[979]: [   56.400000] UBIFS (ubi7:2): media format: w5/r0 (latest is w5/r0), UUID D400F8DD-ACE5-45CE-8A6B-A6E9309F1A81, small LPT model
Aug 09 16:45:00 witherspoon kernel[979]: [   56.400000] UBIFS (ubi7:2): background thread "ubifs_bgt7_2" started, PID 1055
Aug 09 16:45:01 witherspoon sensor_manager2.py[974]: Setting boot count to 3
Aug 09 16:45:01 witherspoon sensor_manager2.py[974]: Starting sensor manager
Aug 09 16:45:01 witherspoon inventory_items.py[988]: Loading from cache: /var/cache/obmc/org.openbmc.inventory.system.chassis.motherboard.apss@org.openbmc.InventoryItem.props
Aug 09 16:45:01 witherspoon inventory_items.py[988]: Loading from cache: /var/cache/obmc/org.openbmc.inventory.system.chassis.motherboard@org.openbmc.InventoryItem.props
Aug 09 16:45:01 witherspoon inventory_items.py[988]: Loading from cache: /var/cache/obmc/org.openbmc.inventory.system.chassis.motherboard.refclock@org.openbmc.InventoryItem.props
Aug 09 16:45:01 witherspoon inventory_items.py[988]: Loading from cache: /var/cache/obmc/org.openbmc.inventory.system.chassis.motherboard.cpu1.core7@org.openbmc.InventoryItem.props
Aug 09 16:45:01 witherspoon inventory_items.py[988]: Loading from cache: /var/cache/obmc/org.openbmc.inventory.system.chassis.motherboard.cpu1.core4@org.openbmc.InventoryItem.props
Aug 09 16:45:01 witherspoon inventory_items.py[988]: Loading from cache: /var/cache/obmc/org.openbmc.inventory.system.chassis.motherboard.cpu1.core1@org.openbmc.InventoryItem.props
Aug 09 16:45:01 witherspoon inventory_items.py[988]: Loading from cache: /var/cache/obmc/org.openbmc.inventory.system.chassis.motherboard.cpu1.core10@org.openbmc.InventoryItem.props
Aug 09 16:45:01 witherspoon inventory_items.py[988]: Loading from cache: /var/cache/obmc/org.openbmc.inventory.system.chassis.motherboard.todclock@org.openbmc.InventoryItem.props
Aug 09 16:45:01 witherspoon inventory_items.py[988]: Loading from cache: /var/cache/obmc/org.openbmc.inventory.system.chassis.motherboard.cpu1@org.openbmc.InventoryItem.props
Aug 09 16:45:01 witherspoon inventory_items.py[988]: Loading from cache: /var/cache/obmc/org.openbmc.inventory.system.chassis.motherboard.bmc@org.openbmc.InventoryItem.props
Aug 09 16:45:01 witherspoon inventory_items.py[988]: Caching: /org/openbmc/inventory/system/chassis/motherboard/bmc
Aug 09 16:45:02 witherspoon systemd[1]: Started Phosphor MBOX Daemon.
Aug 09 16:45:02 witherspoon systemd[1]: Starting Phosphor Version Software Manager...
Aug 09 16:45:02 witherspoon systemd[1]: Mounted /usr/local.
Aug 09 16:45:02 witherspoon systemd[1]: Started Phosphor Sensor Manager.
Aug 09 16:45:02 witherspoon systemd[1]: Starting Create a ubi volume for pnor patches...
Aug 09 16:45:03 witherspoon systemd[1]: Started Create a ubi volume for pnor patches.
Aug 09 16:45:03 witherspoon kernel: UBIFS (ubi7:3): UBIFS: mounted UBI device 7, volume 3, name "pnor-patch"
Aug 09 16:45:03 witherspoon kernel: UBIFS (ubi7:3): LEB size: 65408 bytes (63 KiB), min./max. I/O unit sizes: 8 bytes/256 bytes
Aug 09 16:45:03 witherspoon kernel: UBIFS (ubi7:3): FS size: 16155776 bytes (15 MiB, 247 LEBs), journal size 784896 bytes (0 MiB, 12 LEBs)
Aug 09 16:45:03 witherspoon kernel: UBIFS (ubi7:3): reserved for root: 763076 bytes (745 KiB)
Aug 09 16:45:03 witherspoon kernel: UBIFS (ubi7:3): media format: w5/r0 (latest is w5/r0), UUID 4ADA7344-7D09-42E2-AB07-B9DC1D0DD5D3, small LPT model
Aug 09 16:45:03 witherspoon kernel: UBIFS (ubi7:3): background thread "ubifs_bgt7_3" started, PID 1078
Aug 09 16:45:03 witherspoon kernel[979]: [   59.460000] UBIFS (ubi7:3): UBIFS: mounted UBI device 7, volume 3, name "pnor-patch"
Aug 09 16:45:03 witherspoon kernel[979]: [   59.460000] UBIFS (ubi7:3): LEB size: 65408 bytes (63 KiB), min./max. I/O unit sizes: 8 bytes/256 bytes
Aug 09 16:45:03 witherspoon kernel[979]: [   59.460000] UBIFS (ubi7:3): FS size: 16155776 bytes (15 MiB, 247 LEBs), journal size 784896 bytes (0 MiB, 12 LEBs)
Aug 09 16:45:03 witherspoon kernel[979]: [   59.460000] UBIFS (ubi7:3): reserved for root: 763076 bytes (745 KiB)
Aug 09 16:45:03 witherspoon kernel[979]: [   59.460000] UBIFS (ubi7:3): media format: w5/r0 (latest is w5/r0), UUID 4ADA7344-7D09-42E2-AB07-B9DC1D0DD5D3, small LPT model
Aug 09 16:45:03 witherspoon kernel[979]: [   59.460000] UBIFS (ubi7:3): background thread "ubifs_bgt7_3" started, PID 1078
Aug 09 16:45:03 witherspoon chassis_control.py[980]: Running ChassisControlService
Aug 09 16:45:03 witherspoon phosphor-mapper[955]: ObjectMapper startup complete.  Discovery in progress...
Aug 09 16:45:03 witherspoon avahi-daemon[958]: ../../avahi-0.6.32/avahi-daemon/chroot.c: open() failed: No such file or directory
Aug 09 16:45:03 witherspoon avahi-daemon[956]: Failed to open /usr/share/dbus-1/interfaces/org.freedesktop.Avahi.Server.xml: Invalid argument
Aug 09 16:45:03 witherspoon avahi-daemon[956]: Failed to load introspection data.
Aug 09 16:45:04 witherspoon inventory_items.py[988]: Loading from cache: /var/cache/obmc/org.openbmc.inventory.system.chassis.motherboard.cpu0.core1@org.openbmc.InventoryItem.props
Aug 09 16:45:04 witherspoon inventory_items.py[988]: Loading from cache: /var/cache/obmc/org.openbmc.inventory.system.chassis.motherboard.cpu0.core7@org.openbmc.InventoryItem.props
Aug 09 16:45:04 witherspoon inventory_items.py[988]: Loading from cache: /var/cache/obmc/org.openbmc.inventory.system.chassis.motherboard.cpu0.core4@org.openbmc.InventoryItem.props
Aug 09 16:45:04 witherspoon inventory_items.py[988]: Loading from cache: /var/cache/obmc/org.openbmc.inventory.system.chassis.motherboard.pcieclock@org.openbmc.InventoryItem.props
Aug 09 16:45:04 witherspoon inventory_items.py[988]: Loading from cache: /var/cache/obmc/org.openbmc.inventory.system.chassis.motherboard.cpu0.core10@org.openbmc.InventoryItem.props
Aug 09 16:45:04 witherspoon inventory_items.py[988]: Running Inventory Manager
Aug 09 16:45:05 witherspoon systemd[1]: Started Phosphor Chassis0 Control.
Aug 09 16:45:05 witherspoon systemd[1]: Started Phosphor Inventory Manager.
Aug 09 16:45:05 witherspoon systemd[1]: Started Phosphor Version Software Manager.
Aug 09 16:45:05 witherspoon systemd[1]: Started Phosphor User Manager.
Aug 09 16:45:05 witherspoon obmc-phosphor-userd[994]: Started
Aug 09 16:45:06 witherspoon systemd[1]: Started Phosphor Network Manager.
Aug 09 16:45:06 witherspoon netman.py[968]: Started
Aug 09 16:45:19 witherspoon phosphor-mapper[955]: ObjectMapper discovery complete
Aug 09 16:45:19 witherspoon systemd[1]: Started Phosphor DBus Service Discovery Manager.
Aug 09 16:45:19 witherspoon systemd[1]: Started Phosphor Hwmon Poller.
Aug 09 16:45:19 witherspoon systemd[1]: Started Phosphor Hwmon Poller.
Aug 09 16:45:19 witherspoon systemd[1]: Started Phosphor Hwmon Poller.
Aug 09 16:45:19 witherspoon systemd[1]: Started Phosphor Hwmon Poller.
Aug 09 16:45:19 witherspoon systemd[1]: Reached target Phosphor Object Mapper.
Aug 09 16:45:19 witherspoon systemd[1]: Starting Wait for /xyz/openbmc_project/led/groups/bmc_booted...
Aug 09 16:45:19 witherspoon systemd[1]: Starting Phoshpor System Manager...
Aug 09 16:45:19 witherspoon systemd[1]: Starting Wait for /xyz/openbmc_project/state/host0...
Aug 09 16:45:19 witherspoon systemd[1]: Starting Wait for /xyz/openbmc_project/control/host0/auto_reboot...
Aug 09 16:45:19 witherspoon systemd[1]: Starting Wait for /xyz/openbmc_project/inventory...
Aug 09 16:45:19 witherspoon systemd[1]: Starting Wait for /xyz/openbmc_project/state/chassis0...
Aug 09 16:45:19 witherspoon systemd[1]: Starting Wait for /org/openbmc/control/bmc0...
Aug 09 16:45:19 witherspoon systemd[1]: Reached target Webserver (pre).
Aug 09 16:45:19 witherspoon systemd[1]: Started Phosphor Webserver.
Aug 09 16:45:19 witherspoon systemd[1]: Starting Wait for /xyz/openbmc_project/control/host0/restriction_mode...
Aug 09 16:45:19 witherspoon systemd[1]: Starting Wait for /xyz/openbmc_project/led/groups...
Aug 09 16:45:19 witherspoon systemd[1]: Starting Wait for /org/openbmc/NetworkManager/Interface...
Aug 09 16:45:19 witherspoon systemd[1]: Starting Wait for /xyz/openbmc_project/time/owner...
Aug 09 16:45:19 witherspoon systemd[1]: Starting Wait for /xyz/openbmc_project/control/host0/boot_source...
Aug 09 16:45:19 witherspoon systemd[1]: Starting Wait for /xyz/openbmc_project/control/host0...
Aug 09 16:45:19 witherspoon systemd[1]: Starting Wait for /org/openbmc/managers/Download...
Aug 09 16:45:19 witherspoon systemd[1]: Starting Phosphor Network Manager...
Aug 09 16:45:19 witherspoon systemd[1]: Starting Wait for /org/openbmc/control/flash/bios...
Aug 09 16:45:19 witherspoon systemd[1]: Started Phosphor DBus Monitor.
Aug 09 16:45:19 witherspoon systemd[1]: Starting Wait for /org/openbmc/managers/System...
Aug 09 16:45:19 witherspoon systemd[1]: Starting Wait for /xyz/openbmc_project/control/host0/power_restore_policy...
Aug 09 16:45:19 witherspoon systemd[1]: Starting Wait for /xyz/openbmc_project/control/host0/boot_mode...
Aug 09 16:45:19 witherspoon systemd[1]: Starting Wait for /xyz/openbmc_project/time/sync_method...
Aug 09 16:45:19 witherspoon systemd[1]: Starting Wait for /org/openbmc/control/power0...
Aug 09 16:45:19 witherspoon systemd[1]: Starting Phosphor Settings Manager...
Aug 09 16:45:19 witherspoon systemd[1]: Started Phosphor Hwmon Poller.
Aug 09 16:45:19 witherspoon systemd[1]: Started Phosphor Hwmon Poller.
Aug 09 16:45:26 witherspoon phosphor-network-manager[1102]: ConfigParser: Section not found
Aug 09 16:45:26 witherspoon phosphor-network-manager[1102]: The operation failed internally.
Aug 09 16:45:26 witherspoon systemd[1]: Started Wait for /xyz/openbmc_project/led/groups/bmc_booted.
Aug 09 16:45:26 witherspoon systemd[1]: Started Wait for /xyz/openbmc_project/control/host0/auto_reboot.
Aug 09 16:45:26 witherspoon systemd[1]: Started Wait for /xyz/openbmc_project/inventory.
Aug 09 16:45:26 witherspoon systemd[1]: Started Wait for /org/openbmc/control/bmc0.
Aug 09 16:45:26 witherspoon systemd[1]: Started Wait for /xyz/openbmc_project/control/host0/restriction_mode.
Aug 09 16:45:26 witherspoon systemd[1]: Started Wait for /xyz/openbmc_project/led/groups.
Aug 09 16:45:26 witherspoon systemd[1]: Started Wait for /org/openbmc/NetworkManager/Interface.
Aug 09 16:45:26 witherspoon phosphor-network-manager[1102]: ConfigParser: Section not found
Aug 09 16:45:26 witherspoon phosphor-network-manager[1102]: The operation failed internally.
Aug 09 16:45:26 witherspoon phosphor-network-manager[1102]: ConfigParser: Key not found
Aug 09 16:45:26 witherspoon phosphor-network-manager[1102]: The operation failed internally.
Aug 09 16:45:27 witherspoon dbus[957]: [system] Activating via systemd: service name='org.freedesktop.journal1' unit='dbus-org.freedesktop.journal1.service'
Aug 09 16:45:28 witherspoon systemd[1]: Started Wait for /xyz/openbmc_project/time/owner.
Aug 09 16:45:28 witherspoon systemd[1]: Started Wait for /xyz/openbmc_project/control/host0/boot_source.
Aug 09 16:45:28 witherspoon systemd[1]: Started Wait for /org/openbmc/managers/Download.
Aug 09 16:45:28 witherspoon systemd[1]: Started Wait for /xyz/openbmc_project/control/host0/power_restore_policy.
Aug 09 16:45:28 witherspoon systemd[1]: Started Wait for /xyz/openbmc_project/control/host0/boot_mode.
Aug 09 16:45:28 witherspoon systemd[1]: Started Wait for /xyz/openbmc_project/time/sync_method.
Aug 09 16:45:28 witherspoon systemd[1]: Starting Journal Dbus Service...
Aug 09 16:45:28 witherspoon systemd[1]: Starting Phosphor BIOS Code Update...
Aug 09 16:45:28 witherspoon systemd[1]: Started Phosphor DNS Settings Cache Manager.
Aug 09 16:45:28 witherspoon systemd[1]: Started FRU Fault monitor service.
Aug 09 16:45:28 witherspoon systemd[1]: Starting Phosphor BMC Code Update...
Aug 09 16:45:28 witherspoon systemd[1]: Starting OpenPOWER OCC controller...
Aug 09 16:45:28 witherspoon systemd[1]: Started Phosphor Cooling Type.
Aug 09 16:45:28 witherspoon phosphor-gpio-presence[1135]: Updating inventory present property
Aug 09 16:45:30 witherspoon systemd[1]: Started Phosphor GPIO 0 Presence.
Aug 09 16:45:30 witherspoon systemd[1]: Started Phosphor GPIO 1 Presence.
Aug 09 16:45:30 witherspoon systemd[1]: Starting Read OpenPOWER-format VPD from EEPROM...
Aug 09 16:45:30 witherspoon phosphor-gpio-presence[1139]: Updating inventory present property
Aug 09 16:45:30 witherspoon systemd[1]: Started Phosphor BIOS Code Update.
Aug 09 16:45:31 witherspoon dbus[957]: [system] Successfully activated service 'org.freedesktop.journal1'
Aug 09 16:45:31 witherspoon systemd[1]: Started Journal Dbus Service.
Aug 09 16:45:31 witherspoon phosphor-log-manager[963]: Failed to find metadata
Aug 09 16:45:31 witherspoon phosphor-fru-fault-monitor[1131]: /xyz/openbmc_project/logging/entry/1
Aug 09 16:45:36 witherspoon dbus[957]: [system] Activating via systemd: service name='org.freedesktop.hostname1' unit='dbus-org.freedesktop.hostname1.service'
Aug 09 16:45:36 witherspoon systemd[1]: Starting Hostname Service...
Aug 09 16:45:39 witherspoon system_manager.py[1088]: Running System State: BASE_APPS
Aug 09 16:45:39 witherspoon systemd[1]: Started Phosphor Settings Manager.
Aug 09 16:45:39 witherspoon settings_manager.py[1110]: Running HostSettingsService
Aug 09 16:45:39 witherspoon systemd[1]: Starting Wait for /org/openbmc/settings/host0...
Aug 09 16:45:39 witherspoon dbus[957]: [system] Successfully activated service 'org.freedesktop.hostname1'
Aug 09 16:45:39 witherspoon system_manager.py[1088]: SystemManager Init Done
Aug 09 16:45:39 witherspoon systemd[1]: Started Hostname Service.
Aug 09 16:45:39 witherspoon system_manager.py[1088]: Running SystemManager
Aug 09 16:45:39 witherspoon systemd[1]: Started Phoshpor System Manager.
Aug 09 16:45:39 witherspoon systemd[1]: Started Phosphor Network Manager.
Aug 09 16:45:40 witherspoon systemd[1]: Started Phosphor BMC Code Update.
Aug 09 16:45:40 witherspoon bmc_update.py[1132]: Running Bmc Flash Control
Aug 09 16:45:41 witherspoon systemd[1]: Started Read OpenPOWER-format VPD from EEPROM.
Aug 09 16:45:41 witherspoon system_manager.py[1088]: SystemManager Goto System State: BMC_STARTING
Aug 09 16:45:41 witherspoon system_manager.py[1088]: Running System State: BMC_STARTING
Aug 09 16:45:42 witherspoon systemd[1]: Started OpenPOWER OCC controller.
Aug 09 16:45:44 witherspoon systemd[1]: Started Wait for /org/openbmc/control/flash/bios.
Aug 09 16:45:44 witherspoon systemd[1]: Started Initialize BIOS Flash.
Aug 09 16:45:47 witherspoon systemd[1]: Started Wait for /org/openbmc/settings/host0.
Aug 09 16:45:47 witherspoon systemd[1]: Started Phosphor Inband IPMI.
Aug 09 16:45:47 witherspoon systemd[1]: Started Wait for /org/openbmc/managers/System.
Aug 09 16:45:47 witherspoon systemd[1]: Starting Phosphor Chassis State Manager...
Aug 09 16:45:47 witherspoon systemd[1]: Starting Phosphor BMC State Manager...
Aug 09 16:45:47 witherspoon systemd[1]: Starting Phosphor Power Button0...
Aug 09 16:45:47 witherspoon systemd[1]: Starting Phosphor Power0 Control...
Aug 09 16:45:47 witherspoon systemd[1]: Starting Phosphor Reset Button0...
Aug 09 16:45:47 witherspoon systemd[1]: Starting Phosphor Host State Manager...
Aug 09 16:45:48 witherspoon phosphor-chassis-state-manager[1157]: Initial Chassis State will be Off
Aug 09 16:45:48 witherspoon systemd[1]: Started Phosphor Chassis State Manager.
Aug 09 16:45:48 witherspoon phosphor-bmc-state-manager[1158]: Setting the BMCState field
Aug 09 16:45:48 witherspoon phosphor-bmc-state-manager[1158]: Setting the BMCState field
Aug 09 16:45:48 witherspoon systemd[1]: Started Phosphor BMC State Manager.
Aug 09 16:45:48 witherspoon flash_bios.exe[1129]: Starting flasher: bios,,/org/openbmc/control/flash/bios,
Aug 09 16:45:48 witherspoon flash_bios.exe[1129]: flasher: , BMC = 1, address = 0x0
Aug 09 16:45:48 witherspoon flash_bios.exe[1129]: Setting up flash
Aug 09 16:45:49 witherspoon flash_bios.exe[1129]: Starting flasher: bios,,/org/openbmc/control/flash/bios,
Aug 09 16:45:49 witherspoon flash_bios.exe[1129]: flasher: , BMC = 1, address = 0x0
Aug 09 16:45:49 witherspoon flash_bios.exe[1129]: Setting up flash
Aug 09 16:45:49 witherspoon button_reset.exe[1161]: GPIO Lookup:  RESET_BUTTON = 353,both
Aug 09 16:45:49 witherspoon button_power.exe[1159]: GPIO Lookup:  POWER_BUTTON = 347,both
Aug 09 16:45:49 witherspoon systemd[1]: Started Phosphor Reset Button0.
Aug 09 16:45:49 witherspoon systemd[1]: Started Phosphor Power Button0.
Aug 09 16:45:50 witherspoon system_manager.py[1088]: New object: /org/openbmc/control/power0 (:1.87)
Aug 09 16:45:50 witherspoon system_manager.py[1088]: Power GPIO config: ['SYS_PWROK_BUFF', '', [('SOFTWARE_PGOOD', True), ('BMC_POWER_UP', True)], [('BMC_CP0_RESET_N', False)], [], 'FSI_DATA', 'FSI_CLK', 'FSI_ENABLE', 'CRONUS_SEL', []]
Aug 09 16:45:50 witherspoon power_control.exe[1160]: Power GPIO latch output:
Aug 09 16:45:50 witherspoon power_control.exe[1160]: Power GPIO power good input: SYS_PWROK_BUFF
Aug 09 16:45:50 witherspoon power_control.exe[1160]: Power GPIO 2 power_up outputs
Aug 09 16:45:50 witherspoon power_control.exe[1160]: Power GPIO power_up[0] = SOFTWARE_PGOOD active HIGH
Aug 09 16:45:50 witherspoon power_control.exe[1160]: Power GPIO power_up[1] = BMC_POWER_UP active HIGH
Aug 09 16:45:50 witherspoon power_control.exe[1160]: Power GPIO 1 reset outputs
Aug 09 16:45:50 witherspoon power_control.exe[1160]: Power GPIO reset[0] = BMC_CP0_RESET_N active LOW
Aug 09 16:45:50 witherspoon power_control.exe[1160]: Power GPIO 0 pci reset outputs
Aug 09 16:45:50 witherspoon power_control.exe[1160]: FSI DATA GPIO: FSI_DATA
Aug 09 16:45:50 witherspoon power_control.exe[1160]: FSI CLK GPIO: FSI_CLK
Aug 09 16:45:50 witherspoon power_control.exe[1160]: FSI ENABLE GPIO: FSI_ENABLE
Aug 09 16:45:50 witherspoon power_control.exe[1160]: CRONUS SEL GPIO: CRONUS_SEL
Aug 09 16:45:50 witherspoon power_control.exe[1160]: Hostctl GPIO optionals: 0
Aug 09 16:45:50 witherspoon power_control.exe[1160]: GPIO Lookup:  SYS_PWROK_BUFF = 306,in
Aug 09 16:45:50 witherspoon power_control.exe[1160]: GPIO Lookup:  SOFTWARE_PGOOD = 417,out
Aug 09 16:45:50 witherspoon power_control.exe[1160]: GPIO Lookup:  BMC_POWER_UP = 305,out
Aug 09 16:45:51 witherspoon power_control.exe[1160]: GPIO Lookup:  BMC_CP0_RESET_N = 281,out
Aug 09 16:45:51 witherspoon power_control.exe[1160]: Pgood state: 0
Aug 09 16:45:51 witherspoon systemd[1]: Started Phosphor Power0 Control.
Aug 09 16:45:52 witherspoon phosphor-host-state-manager[1162]: Initial Host State will be Off
Aug 09 16:45:54 witherspoon systemd[1]: Started Phosphor Host State Manager.
Aug 09 16:45:55 witherspoon system_manager.py[1088]: SystemManager Goto System State: BMC_READY
Aug 09 16:45:55 witherspoon system_manager.py[1088]: Running System State: BMC_READY
Aug 09 16:45:55 witherspoon systemd[1]: Started Wait for /xyz/openbmc_project/state/chassis0.
Aug 09 16:45:55 witherspoon systemd[1]: Started Wait for /org/openbmc/control/power0.
Aug 09 16:45:56 witherspoon systemd[1]: Starting Phosphor Time Manager daemon...
Aug 09 16:45:56 witherspoon systemd[1]: Starting Check Chassis0 pgood and create a file to indicate it...
Aug 09 16:45:58 witherspoon timemanager[1189]: Registering dbus methods
Aug 09 16:45:59 witherspoon timemanager[1189]: Last known time_mode: NTP
Aug 09 16:45:59 witherspoon timemanager[1189]: Last known time_owner: BMC
Aug 09 16:45:59 witherspoon timemanager[1189]: Empty DhcpNtp string
Aug 09 16:45:59 witherspoon timemanager[1189]: Reading Power Control key: pgood
Aug 09 16:45:59 witherspoon systemd[1]: Started Check Chassis0 pgood and create a file to indicate it.
Aug 09 16:45:59 witherspoon systemd[1]: Reached target Chassis0 power on after reset.
Aug 09 16:45:59 witherspoon systemd[1]: Reached target Chassis0 (Reset Check).
Aug 09 16:45:59 witherspoon timemanager[1189]: Changing settings *allowed* now
Aug 09 16:45:59 witherspoon timemanager[1189]: Owner is already set to : BMC
Aug 09 16:45:59 witherspoon systemd[1]: Started Wait for /xyz/openbmc_project/state/host0.
Aug 09 16:45:59 witherspoon systemd[1]: Starting Reboot If Enabled...
Aug 09 16:46:00 witherspoon timemanager[1189]: Requested_Mode: NTP Current_Mode: NTP
Aug 09 16:46:00 witherspoon timemanager[1189]: Mode is already set to : NTP
Aug 09 16:46:00 witherspoon timemanager[1189]: Getting System Settings: use_dhcp_ntp
Aug 09 16:46:01 witherspoon systemd[1]: Started Wait for /xyz/openbmc_project/control/host0.
Aug 09 16:46:01 witherspoon systemd[1]: Reached target Host0 running after reset.
Aug 09 16:46:01 witherspoon systemd[1]: Reached target Host0 (Reset Check).
Aug 09 16:46:01 witherspoon timemanager[1189]: use_dhcp_ntp = yes
Aug 09 16:46:01 witherspoon timemanager[1189]: Last known host_offset:0
Aug 09 16:46:01 witherspoon timemanager[1189]: Initial Uptime Usec: 1502297043217167
Aug 09 16:46:01 witherspoon systemd[1]: Started Phosphor Time Manager daemon.
Aug 09 16:46:02 witherspoon phosphor-discover-system-state[1200]: Host power is off, checking power policy
Aug 09 16:46:02 witherspoon systemd[1]: Started Reboot If Enabled.
Aug 09 16:46:02 witherspoon systemd[1]: Reached target Phosphor System - Standby.
Aug 09 16:46:02 witherspoon systemd[1]: Starting Assert bmc_booted LED...
Aug 09 16:46:02 witherspoon phosphor-bmc-state-manager[1158]: BMC_READY
Aug 09 16:46:02 witherspoon phosphor-bmc-state-manager[1158]: Setting the BMCState field
Aug 09 16:46:02 witherspoon phosphor-ledmanager[984]: Asserting LEDs
Aug 09 16:46:02 witherspoon systemd[1]: Started Assert bmc_booted LED.
Aug 09 16:46:02 witherspoon systemd[1]: Startup finished in 8.999s (kernel) + 1min 50.782s (userspace) = 1min 59.781s.
Aug 09 16:46:10 witherspoon phosphor-gevent[1094]: Traceback (most recent call last):
Aug 09 16:46:10 witherspoon phosphor-gevent[1094]:   File "/usr/lib/python2.7/site-packages/gevent/greenlet.py", line 327, in run
Aug 09 16:46:10 witherspoon phosphor-gevent[1094]:     result = self._run(*self.args, **self.kwargs)
Aug 09 16:46:10 witherspoon phosphor-gevent[1094]:   File "/usr/lib/python2.7/site-packages/gevent/server.py", line 102, in wrap_socket_and_handle
Aug 09 16:46:10 witherspoon phosphor-gevent[1094]:     ssl_socket = self.wrap_socket(client_socket, **self.ssl_args)
Aug 09 16:46:10 witherspoon phosphor-gevent[1094]:   File "/usr/lib/python2.7/site-packages/gevent/ssl.py", line 404, in wrap_socket
Aug 09 16:46:10 witherspoon phosphor-gevent[1094]:     ciphers=ciphers)
Aug 09 16:46:10 witherspoon phosphor-gevent[1094]:   File "/usr/lib/python2.7/site-packages/gevent/ssl.py", line 113, in __init__
Aug 09 16:46:10 witherspoon phosphor-gevent[1094]:     self.do_handshake()
Aug 09 16:46:10 witherspoon phosphor-gevent[1094]:   File "/usr/lib/python2.7/site-packages/gevent/ssl.py", line 324, in do_handshake
Aug 09 16:46:10 witherspoon phosphor-gevent[1094]:     return self._sslobj.do_handshake()
Aug 09 16:46:10 witherspoon phosphor-gevent[1094]: SSLEOFError: EOF occurred in violation of protocol (_ssl.c:590)
Aug 09 16:46:10 witherspoon phosphor-gevent[1094]: <Greenlet at 0x75fe33f0: <bound method WSGIServer.wrap_socket_and_handle of <WSGIServer at 0x75fb9b50 fileno=5 address=('::34d2:ec76:b0ad:6276%1986178464', 443, 0, 1986178464)>>(<socket at 0x75e90830 fileno=9>, ('::80b9:6076:8e91:f402%1995160348', 41638, 0, 199)> failed with SSLEOFError
Aug 09 16:46:10 witherspoon phosphor-gevent[1094]: Traceback (most recent call last):
Aug 09 16:46:10 witherspoon phosphor-gevent[1094]:   File "/usr/lib/python2.7/site-packages/gevent/greenlet.py", line 327, in run
Aug 09 16:46:10 witherspoon phosphor-gevent[1094]:     result = self._run(*self.args, **self.kwargs)
Aug 09 16:46:10 witherspoon phosphor-gevent[1094]:   File "/usr/lib/python2.7/site-packages/gevent/server.py", line 102, in wrap_socket_and_handle
Aug 09 16:46:10 witherspoon phosphor-gevent[1094]:     ssl_socket = self.wrap_socket(client_socket, **self.ssl_args)
Aug 09 16:46:10 witherspoon phosphor-gevent[1094]:   File "/usr/lib/python2.7/site-packages/gevent/ssl.py", line 404, in wrap_socket
Aug 09 16:46:10 witherspoon phosphor-gevent[1094]:     ciphers=ciphers)
Aug 09 16:46:10 witherspoon phosphor-gevent[1094]:   File "/usr/lib/python2.7/site-packages/gevent/ssl.py", line 113, in __init__
Aug 09 16:46:10 witherspoon phosphor-gevent[1094]:     self.do_handshake()
Aug 09 16:46:10 witherspoon phosphor-gevent[1094]:   File "/usr/lib/python2.7/site-packages/gevent/ssl.py", line 324, in do_handshake
Aug 09 16:46:10 witherspoon phosphor-gevent[1094]:     return self._sslobj.do_handshake()
Aug 09 16:46:10 witherspoon phosphor-gevent[1094]: SSLEOFError: EOF occurred in violation of protocol (_ssl.c:590)
Aug 09 16:46:10 witherspoon phosphor-gevent[1094]: <Greenlet at 0x75fe36c0: <bound method WSGIServer.wrap_socket_and_handle of <WSGIServer at 0x75fb9b50 fileno=5 address=('::34d2:ec76:b0ad:6276%1986178464', 443, 0, 1986178464)>>(<socket at 0x75e907d0 fileno=10>, ('::80b9:6076:8e91:f402%1995160348', 41642, 0, 199)> failed with SSLEOFError
Aug 09 16:46:11 witherspoon phosphor-gevent[1094]: Traceback (most recent call last):
Aug 09 16:46:11 witherspoon phosphor-gevent[1094]:   File "/usr/lib/python2.7/site-packages/gevent/greenlet.py", line 327, in run
Aug 09 16:46:11 witherspoon phosphor-gevent[1094]:     result = self._run(*self.args, **self.kwargs)
Aug 09 16:46:11 witherspoon phosphor-gevent[1094]:   File "/usr/lib/python2.7/site-packages/gevent/server.py", line 102, in wrap_socket_and_handle
Aug 09 16:46:11 witherspoon phosphor-gevent[1094]:     ssl_socket = self.wrap_socket(client_socket, **self.ssl_args)
Aug 09 16:46:11 witherspoon phosphor-gevent[1094]:   File "/usr/lib/python2.7/site-packages/gevent/ssl.py", line 404, in wrap_socket
Aug 09 16:46:11 witherspoon phosphor-gevent[1094]:     ciphers=ciphers)
Aug 09 16:46:11 witherspoon phosphor-gevent[1094]:   File "/usr/lib/python2.7/site-packages/gevent/ssl.py", line 113, in __init__
Aug 09 16:46:11 witherspoon phosphor-gevent[1094]:     self.do_handshake()
Aug 09 16:46:11 witherspoon phosphor-gevent[1094]:   File "/usr/lib/python2.7/site-packages/gevent/ssl.py", line 324, in do_handshake
Aug 09 16:46:11 witherspoon phosphor-gevent[1094]:     return self._sslobj.do_handshake()
Aug 09 16:46:11 witherspoon phosphor-gevent[1094]: SSLEOFError: EOF occurred in violation of protocol (_ssl.c:590)
Aug 09 16:46:11 witherspoon phosphor-gevent[1094]: <Greenlet at 0x75fe33a0: <bound method WSGIServer.wrap_socket_and_handle of <WSGIServer at 0x75fb9b50 fileno=5 address=('::34d2:ec76:b0ad:6276%1986178464', 443, 0, 1986178464)>>(<socket at 0x75e90870 fileno=11>, ('::80b9:6076:8e91:f402%1995160348', 41644, 0, 199)> failed with SSLEOFError
Aug 09 16:46:11 witherspoon phosphor-gevent[1094]: ::80b9:6076:8e91:f402%1995160348 - - [2017-08-09 16:46:11] "POST /login HTTP/1.1" 200 320 0.050013
Aug 09 16:46:11 witherspoon phosphor-gevent[1094]: ::80b9:6076:8e91:f402%1995160348 - - [2017-08-09 16:46:11] "GET /xyz/openbmc_project/state/chassis0//attr/CurrentPowerState HTTP/1.1" 200 216 0.087801
Aug 09 16:46:11 witherspoon phosphor-gevent[1094]: ::80b9:6076:8e91:f402%1995160348 - - [2017-08-09 16:46:11] "POST /login HTTP/1.1" 200 320 0.033259
Aug 09 16:46:11 witherspoon phosphor-gevent[1094]: ::80b9:6076:8e91:f402%1995160348 - - [2017-08-09 16:46:11] "GET /xyz/openbmc_project/state/chassis0//attr/CurrentPowerState HTTP/1.1" 200 216 0.051912
Aug 09 16:46:11 witherspoon phosphor-gevent[1094]: ::80b9:6076:8e91:f402%1995160348 - - [2017-08-09 16:46:11] "POST /login HTTP/1.1" 200 320 0.040679
Aug 09 16:46:11 witherspoon phosphor-gevent[1094]: ::80b9:6076:8e91:f402%1995160348 - - [2017-08-09 16:46:11] "GET /org/openbmc/sensors/host/BootProgress/attr/value HTTP/1.1" 200 170 0.055487
Aug 09 16:46:12 witherspoon phosphor-gevent[1094]: ::80b9:6076:8e91:f402%1995160348 - - [2017-08-09 16:46:12] "POST /login HTTP/1.1" 200 320 0.033495
Aug 09 16:46:12 witherspoon phosphor-gevent[1094]: ::80b9:6076:8e91:f402%1995160348 - - [2017-08-09 16:46:12] "GET /xyz/openbmc_project/state/host0//attr/CurrentHostState HTTP/1.1" 200 212 0.077536
Aug 09 16:46:12 witherspoon phosphor-gevent[1094]: ::80b9:6076:8e91:f402%1995160348 - - [2017-08-09 16:46:12] "POST /login HTTP/1.1" 200 320 0.047102
Aug 09 16:46:12 witherspoon phosphor-gevent[1094]: ::80b9:6076:8e91:f402%1995160348 - - [2017-08-09 16:46:12] "GET /xyz/openbmc_project/logging/entry//list HTTP/1.1" 200 214 0.070856
Aug 09 16:46:12 witherspoon phosphor-gevent[1094]: ::80b9:6076:8e91:f402%1995160348 - - [2017-08-09 16:46:12] "POST /login HTTP/1.1" 200 320 0.049092
Aug 09 16:46:12 witherspoon phosphor-gevent[1094]: ::80b9:6076:8e91:f402%1995160348 - - [2017-08-09 16:46:12] "GET /xyz/openbmc_project/logging/entry//list HTTP/1.1" 200 214 0.038649
Aug 09 16:46:13 witherspoon phosphor-gevent[1094]: ::80b9:6076:8e91:f402%1995160348 - - [2017-08-09 16:46:13] "POST /login HTTP/1.1" 200 320 0.033439
Aug 09 16:46:13 witherspoon phosphor-gevent[1094]: ::80b9:6076:8e91:f402%1995160348 - - [2017-08-09 16:46:13] "DELETE /xyz/openbmc_project/logging/entry/1 HTTP/1.1" 200 169 0.077167
Aug 09 16:46:13 witherspoon systemd[1]: Started SSH Per-Connection Server (9.41.165.94:58508).
Aug 09 16:46:13 witherspoon dropbear[1214]: Failed loading /etc/dropbear/dropbear_dss_host_key
Aug 09 16:46:13 witherspoon dropbear[1214]: Failed loading /etc/dropbear/dropbear_ecdsa_host_key
Aug 09 16:46:13 witherspoon dropbear[1214]: Child connection from ::ffff:9.41.165.94:58508
Aug 09 16:46:14 witherspoon dropbear[1214]: PAM password auth succeeded for 'root' from ::ffff:9.41.165.94:58508
Aug 09 16:46:14 witherspoon dropbear[1218]: lastlog_perform_login: Couldn't stat /var/log/lastlog: No such file or directory
Aug 09 16:46:14 witherspoon dropbear[1218]: lastlog_openseek: /var/log/lastlog is not a file or directory!
Aug 09 16:46:15 witherspoon phosphor-gevent[1094]: ::80b9:6076:8e91:f402%1995160348 - - [2017-08-09 16:46:15] "POST /login HTTP/1.1" 200 320 0.042313
Aug 09 16:46:15 witherspoon phosphor-gevent[1094]: ::80b9:6076:8e91:f402%1995160348 - - [2017-08-09 16:46:15] "GET /xyz/openbmc_project/state/host0//attr/CurrentHostState HTTP/1.1" 200 212 0.074781
Aug 09 16:46:16 witherspoon dropbear[1034]: Exit (root): Exited normally
Aug 09 16:46:16 witherspoon dropbear[1214]: Exit (root): Exited normally
Aug 09 16:46:18 witherspoon phosphor-gevent[1094]: ::80b9:6076:8e91:f402%1995160348 - - [2017-08-09 16:46:18] "POST /login HTTP/1.1" 200 320 0.033391
Aug 09 16:46:18 witherspoon phosphor-gevent[1094]: ::80b9:6076:8e91:f402%1995160348 - - [2017-08-09 16:46:18] "GET /xyz/openbmc_project/software/enumerate HTTP/1.1" 200 1237 0.147015
Aug 09 16:46:18 witherspoon phosphor-gevent[1094]: ::80b9:6076:8e91:f402%1995160348 - - [2017-08-09 16:46:18] "POST /login HTTP/1.1" 200 320 0.034156
Aug 09 16:46:19 witherspoon phosphor-gevent[1094]: ::80b9:6076:8e91:f402%1995160348 - - [2017-08-09 16:46:19] "POST /xyz/openbmc_project/software/136cf504/action/delete HTTP/1.1" 200 169 0.363523
Aug 09 16:46:19 witherspoon systemd[1]: Created slice system-obmc\x2dflash\x2dbios\x2dubiumount\x2dro.slice.
Aug 09 16:46:19 witherspoon systemd[1]: Starting Attach the PNOR mtd device to UBI...
Aug 09 16:46:19 witherspoon systemd[1]: Created slice system-obmc\x2dflash\x2dbios\x2dubiumount\x2drw.slice.
Aug 09 16:46:19 witherspoon systemd[1]: Started Attach the PNOR mtd device to UBI.
Aug 09 16:46:19 witherspoon systemd[1]: Starting Remove UBIFS volume pnor-ro-136cf504...
Aug 09 16:46:19 witherspoon systemd[1]: Starting Remove UBIFS volume pnor-rw-136cf504...
Aug 09 16:46:20 witherspoon phosphor-gevent[1094]: ::80b9:6076:8e91:f402%1995160348 - - [2017-08-09 16:46:20] "POST /login HTTP/1.1" 200 320 0.276681
Aug 09 16:46:20 witherspoon phosphor-gevent[1094]: ::80b9:6076:8e91:f402%1995160348 - - [2017-08-09 16:46:20] "POST /xyz/openbmc_project/software/136cf504/action/delete HTTP/1.1" 404 315 0.030392
Aug 09 16:46:20 witherspoon kernel: UBIFS (ubi7:0): un-mount UBI device 7
Aug 09 16:46:20 witherspoon kernel: UBIFS (ubi7:0): background thread "ubifs_bgt7_0" stops
Aug 09 16:46:20 witherspoon kernel: block ubiblock7_1: released
Aug 09 16:46:20 witherspoon kernel[979]: [  137.400000] UBIFS (ubi7:0): un-mount UBI device 7
Aug 09 16:46:20 witherspoon kernel[979]: [  137.400000] UBIFS (ubi7:0): background thread "ubifs_bgt7_0" stops
Aug 09 16:46:20 witherspoon kernel[979]: [  137.400000] block ubiblock7_1: released
Aug 09 16:46:20 witherspoon systemd[1]: Started Remove UBIFS volume pnor-ro-136cf504.
Aug 09 16:46:21 witherspoon systemd[1]: Started Remove UBIFS volume pnor-rw-136cf504.
Aug 09 16:46:32 witherspoon phosphor-gevent[1094]: ::80b9:6076:8e91:f402%1995160348 - - [2017-08-09 16:46:32] "POST /login HTTP/1.1" 200 320 0.041471
Aug 09 16:46:32 witherspoon phosphor-version-software-manager[1082]: tar: short read
Aug 09 16:46:32 witherspoon phosphor-version-software-manager[1082]: Error No manifest file
Aug 09 16:46:32 witherspoon phosphor-version-software-manager[1082]: An error when reading the Manifest file.
Aug 09 16:46:32 witherspoon dbus[957]: [system] Activating via systemd: service name='org.freedesktop.journal1' unit='dbus-org.freedesktop.journal1.service'
Aug 09 16:46:32 witherspoon systemd[1]: Starting Journal Dbus Service...
Aug 09 16:46:33 witherspoon dbus[957]: [system] Successfully activated service 'org.freedesktop.journal1'
Aug 09 16:46:33 witherspoon systemd[1]: Started Journal Dbus Service.
Aug 09 16:46:33 witherspoon phosphor-fru-fault-monitor[1131]: /xyz/openbmc_project/logging/entry/2
Aug 09 16:46:33 witherspoon phosphor-version-software-manager[1082]: Error processing image
Aug 09 16:46:45 witherspoon phosphor-gevent[1094]: ::80b9:6076:8e91:f402%1995160348 - - [2017-08-09 16:46:45] "POST /upload/image HTTP/1.1" 200 169 13.095713
Aug 09 16:46:45 witherspoon systemd[1]: Started SSH Per-Connection Server (9.41.165.94:58520).
Aug 09 16:46:45 witherspoon phosphor-version-software-manager[1082]: Untaring
Aug 09 16:46:45 witherspoon dropbear[1274]: Failed loading /etc/dropbear/dropbear_dss_host_key
Aug 09 16:46:45 witherspoon dropbear[1274]: Failed loading /etc/dropbear/dropbear_ecdsa_host_key
Aug 09 16:46:45 witherspoon dropbear[1274]: Child connection from ::ffff:9.41.165.94:58520
Aug 09 16:46:46 witherspoon openpower-update-manager[1060]: Error in reading file
Aug 09 16:46:47 witherspoon dropbear[1274]: PAM password auth succeeded for 'root' from ::ffff:9.41.165.94:58520
Aug 09 16:46:47 witherspoon dropbear[1276]: lastlog_perform_login: Couldn't stat /var/log/lastlog: No such file or directory
Aug 09 16:46:47 witherspoon dropbear[1276]: lastlog_openseek: /var/log/lastlog is not a file or directory!
Aug 09 16:46:48 witherspoon systemd[1]: Started SSH Per-Connection Server (9.41.165.94:58522).
Aug 09 16:46:49 witherspoon dropbear[1280]: Failed loading /etc/dropbear/dropbear_dss_host_key
Aug 09 16:46:49 witherspoon dropbear[1280]: Failed loading /etc/dropbear/dropbear_ecdsa_host_key
Aug 09 16:46:49 witherspoon dropbear[1280]: Child connection from ::ffff:9.41.165.94:58522
Aug 09 16:46:50 witherspoon dropbear[1280]: PAM password auth succeeded for 'root' from ::ffff:9.41.165.94:58522
Aug 09 16:46:50 witherspoon dropbear[1281]: lastlog_perform_login: Couldn't stat /var/log/lastlog: No such file or directory
Aug 09 16:46:50 witherspoon dropbear[1281]: lastlog_openseek: /var/log/lastlog is not a file or directory!
Aug 09 16:46:52 witherspoon systemd[1]: Started SSH Per-Connection Server (9.41.165.94:58524).
Aug 09 16:46:52 witherspoon dropbear[1287]: Failed loading /etc/dropbear/dropbear_dss_host_key
Aug 09 16:46:52 witherspoon dropbear[1287]: Failed loading /etc/dropbear/dropbear_ecdsa_host_key
Aug 09 16:46:52 witherspoon dropbear[1287]: Child connection from ::ffff:9.41.165.94:58524
Aug 09 16:46:53 witherspoon dropbear[1287]: PAM password auth succeeded for 'root' from ::ffff:9.41.165.94:58524
Aug 09 16:46:54 witherspoon dropbear[1288]: lastlog_perform_login: Couldn't stat /var/log/lastlog: No such file or directory
Aug 09 16:46:54 witherspoon dropbear[1288]: lastlog_openseek: /var/log/lastlog is not a file or directory!
Aug 09 16:46:54 witherspoon systemd[1]: Started SSH Per-Connection Server (9.41.165.94:58528).
Aug 09 16:46:54 witherspoon dropbear[1289]: Failed loading /etc/dropbear/dropbear_dss_host_key
Aug 09 16:46:54 witherspoon dropbear[1289]: Failed loading /etc/dropbear/dropbear_ecdsa_host_key
Aug 09 16:46:54 witherspoon dropbear[1289]: Child connection from ::ffff:9.41.165.94:58528
Aug 09 16:46:55 witherspoon dropbear[1289]: PAM password auth succeeded for 'root' from ::ffff:9.41.165.94:58528
Aug 09 16:46:56 witherspoon dropbear[1292]: lastlog_perform_login: Couldn't stat /var/log/lastlog: No such file or directory
Aug 09 16:46:56 witherspoon dropbear[1292]: lastlog_openseek: /var/log/lastlog is not a file or directory!
Aug 09 16:46:56 witherspoon phosphor-gevent[1094]: ::80b9:6076:8e91:f402%1995160348 - - [2017-08-09 16:46:56] "POST /login HTTP/1.1" 200 320 0.033585
Aug 09 16:46:56 witherspoon phosphor-gevent[1094]: ::80b9:6076:8e91:f402%1995160348 - - [2017-08-09 16:46:56] "GET /xyz/openbmc_project/software/136cf504/attr/Activation HTTP/1.1" 200 225 0.112845
Aug 09 16:46:57 witherspoon phosphor-gevent[1094]: ::80b9:6076:8e91:f402%1995160348 - - [2017-08-09 16:46:57] "POST /login HTTP/1.1" 200 320 0.048004
Aug 09 16:46:57 witherspoon phosphor-gevent[1094]: ::80b9:6076:8e91:f402%1995160348 - - [2017-08-09 16:46:57] "GET /xyz/openbmc_project/software/136cf504 HTTP/1.1" 200 793 0.118452
Aug 09 16:46:57 witherspoon phosphor-gevent[1094]: ::80b9:6076:8e91:f402%1995160348 - - [2017-08-09 16:46:57] "POST /login HTTP/1.1" 200 320 0.033206
Aug 09 16:46:58 witherspoon systemd[1]: Created slice system-obmc\x2dflash\x2dbios\x2dsquashfsmount.slice.
Aug 09 16:46:58 witherspoon systemd[1]: Starting Mount SquashFS image pnor-ro-136cf504...
Aug 09 16:46:58 witherspoon systemd[1]: Created slice system-obmc\x2dflash\x2dbios\x2dubimount.slice.
Aug 09 16:46:58 witherspoon systemd[1]: Starting Mount UBIFS volume pnor-prsv and pnor-rw-136cf504...
Aug 09 16:46:58 witherspoon phosphor-gevent[1094]: ::80b9:6076:8e91:f402%1995160348 - - [2017-08-09 16:46:58] "PUT /xyz/openbmc_project/software/136cf504/attr/RequestedActivation HTTP/1.1" 200 169 0.940942
Aug 09 16:46:58 witherspoon phosphor-gevent[1094]: ::80b9:6076:8e91:f402%1995160348 - - [2017-08-09 16:46:58] "POST /login HTTP/1.1" 200 320 0.032923
Aug 09 16:46:59 witherspoon dropbear[1300]: Failed loading /etc/dropbear/dropbear_dss_host_key
Aug 09 16:47:00 witherspoon phosphor-gevent[1094]: ::80b9:6076:8e91:f402%1995160348 - - [2017-08-09 16:46:59] "GET /xyz/openbmc_project/software/136cf504 HTTP/1.1" 200 821 0.305515
Aug 09 16:46:59 witherspoon systemd[1]: Started SSH Per-Connection Server (9.41.165.94:58538).
Aug 09 16:46:59 witherspoon dropbear[1300]: Failed loading /etc/dropbear/dropbear_ecdsa_host_key
Aug 09 16:46:59 witherspoon dropbear[1300]: Child connection from ::ffff:9.41.165.94:58538
Aug 09 16:47:00 witherspoon dropbear[1300]: PAM password auth succeeded for 'root' from ::ffff:9.41.165.94:58538
Aug 09 16:47:00 witherspoon dropbear[1311]: lastlog_perform_login: Couldn't stat /var/log/lastlog: No such file or directory
Aug 09 16:47:00 witherspoon dropbear[1311]: lastlog_openseek: /var/log/lastlog is not a file or directory!
Aug 09 16:47:02 witherspoon phosphor-gevent[1094]: ::80b9:6076:8e91:f402%1995160348 - - [2017-08-09 16:47:02] "POST /login HTTP/1.1" 200 320 0.050409
Aug 09 16:47:02 witherspoon phosphor-gevent[1094]: ::80b9:6076:8e91:f402%1995160348 - - [2017-08-09 16:47:02] "GET /xyz/openbmc_project/software/136cf504 HTTP/1.1" 200 821 0.132391
Aug 09 16:47:05 witherspoon obmc-flash-bios[1298]: Volume ID 0, size 385 LEBs (25182080 bytes, 24.0 MiB), LEB size 65408 bytes (63.9 KiB), static, name "pnor-ro-136cf504", alignment 1
Aug 09 16:47:05 witherspoon kernel: block ubiblock7_0: created from ubi7:0(pnor-ro-136cf504)
Aug 09 16:47:05 witherspoon kernel[979]: [  181.910000] block ubiblock7_0: created from ubi7:0(pnor-ro-136cf504)
Aug 09 16:47:05 witherspoon obmc-flash-bios[1298]: ubiupdatevol: error!: cannot start volume "/dev/ubi7_0" update
Aug 09 16:47:05 witherspoon kernel: ubi7 error: get_exclusive: 2 users for volume 0
Aug 09 16:47:05 witherspoon kernel: blk_update_request: I/O error, dev ubiblock7_0, sector 0
Aug 09 16:47:05 witherspoon kernel: SQUASHFS error: squashfs_read_data failed to read block 0x0
Aug 09 16:47:05 witherspoon kernel: squashfs: SQUASHFS error: unable to read squashfs_super_block
Aug 09 16:47:05 witherspoon kernel[979]: [  181.950000] ubi7 error: get_exclusive: 2 users for volume 0
Aug 09 16:47:05 witherspoon obmc-flash-bios[1298]:               error 16 (Device or resource busy)
Aug 09 16:47:05 witherspoon kernel[979]: [  182.000000] blk_update_request: I/O error, dev ubiblock7_0, sector 0
Aug 09 16:47:05 witherspoon systemd[1]: obmc-flash-bios-squashfsmount@136cf504.service: Main process exited, code=exited, status=32/n/a
Aug 09 16:47:05 witherspoon obmc-flash-bios[1298]: mount: /dev/ubiblock7_0: can't read superblock
Aug 09 16:47:05 witherspoon kernel[979]: [  182.000000] SQUASHFS error: squashfs_read_data failed to read block 0x0
Aug 09 16:47:05 witherspoon systemd[1]: Failed to start Mount SquashFS image pnor-ro-136cf504.
Aug 09 16:47:05 witherspoon obmc-flash-bios[1298]: /usr/sbin/obmc-flash-bios: error 32
Aug 09 16:47:05 witherspoon kernel[979]: [  182.060000] squashfs: SQUASHFS error: unable to read squashfs_super_block
Aug 09 16:47:05 witherspoon systemd[1]: obmc-flash-bios-squashfsmount@136cf504.service: Unit entered failed state.
Aug 09 16:47:05 witherspoon systemd[1]: obmc-flash-bios-squashfsmount@136cf504.service: Failed with result 'exit-code'.
Aug 09 16:47:24 witherspoon obmc-flash-bios[1299]: Volume ID 1, size 257 LEBs (16809856 bytes, 16.0 MiB), LEB size 65408 bytes (63.9 KiB), dynamic, name "pnor-rw-136cf504", alignment 1
Aug 09 16:47:25 witherspoon kernel: UBIFS (ubi7:1): default file-system created
Aug 09 16:47:25 witherspoon kernel: UBIFS (ubi7:1): UBIFS: mounted UBI device 7, volume 1, name "pnor-rw-136cf504"
Aug 09 16:47:25 witherspoon kernel: UBIFS (ubi7:1): LEB size: 65408 bytes (63 KiB), min./max. I/O unit sizes: 8 bytes/256 bytes
Aug 09 16:47:25 witherspoon kernel: UBIFS (ubi7:1): FS size: 16155776 bytes (15 MiB, 247 LEBs), journal size 784896 bytes (0 MiB, 12 LEBs)
Aug 09 16:47:25 witherspoon kernel: UBIFS (ubi7:1): reserved for root: 763076 bytes (745 KiB)
Aug 09 16:47:25 witherspoon kernel: UBIFS (ubi7:1): media format: w5/r0 (latest is w5/r0), UUID 14751340-43B2-48C2-A32B-8C4ADD5C7FB0, small LPT model
Aug 09 16:47:25 witherspoon kernel[979]: [  201.530000] UBIFS (ubi7:1): default file-system created
Aug 09 16:47:25 witherspoon kernel[979]: [  201.530000] UBIFS (ubi7:1): UBIFS: mounted UBI device 7, volume 1, name "pnor-rw-136cf504"
Aug 09 16:47:25 witherspoon kernel[979]: [  201.530000] UBIFS (ubi7:1): LEB size: 65408 bytes (63 KiB), min./max. I/O unit sizes: 8 bytes/256 bytes
Aug 09 16:47:25 witherspoon kernel[979]: [  201.810000] UBIFS (ubi7:1): FS size: 16155776 bytes (15 MiB, 247 LEBs), journal size 784896 bytes (0 MiB, 12 LEBs)
Aug 09 16:47:25 witherspoon kernel[979]: [  201.810000] UBIFS (ubi7:1): reserved for root: 763076 bytes (745 KiB)
Aug 09 16:47:25 witherspoon kernel[979]: [  201.810000] UBIFS (ubi7:1): media format: w5/r0 (latest is w5/r0), UUID 14751340-43B2-48C2-A32B-8C4ADD5C7FB0, small LPT model
Aug 09 16:47:25 witherspoon kernel: UBIFS (ubi7:1): background thread "ubifs_bgt7_1" started, PID 1343
Aug 09 16:47:25 witherspoon kernel[979]: [  201.810000] UBIFS (ubi7:1): background thread "ubifs_bgt7_1" started, PID 1343
Aug 09 16:47:25 witherspoon systemd[1]: Started Mount UBIFS volume pnor-prsv and pnor-rw-136cf504.
Aug 09 16:47:25 witherspoon systemd[1]: org.open_power.Software.Host.Updater.service: Main process exited, code=dumped, status=11/SEGV
Aug 09 16:47:25 witherspoon systemd[1]: org.open_power.Software.Host.Updater.service: Unit entered failed state.
Aug 09 16:47:25 witherspoon systemd[1]: org.open_power.Software.Host.Updater.service: Failed with result 'core-dump'.
Aug 09 16:47:25 witherspoon systemd[1]: org.open_power.Software.Host.Updater.service: Service hold-off time over, scheduling restart.
Aug 09 16:47:25 witherspoon systemd[1]: Stopped OpenPower Software Update Manager.
Aug 09 16:47:25 witherspoon systemd[1]: Starting OpenPower Software Update Manager...
Aug 09 16:47:26 witherspoon openpower-update-manager[1357]: Failed to read pnorTOC
Aug 09 16:47:26 witherspoon openpower-update-manager[1357]: Error in reading file
Aug 09 16:47:26 witherspoon openpower-update-manager[1357]: Failed to read version from pnorTOC
Aug 09 16:47:26 witherspoon openpower-update-manager[1357]: Failed to read extendedVersion from pnorTOC
Aug 09 16:47:26 witherspoon systemd[1]: Started OpenPower Software Update Manager.
Aug 09 16:47:26 witherspoon systemd[1]: Starting Create a ubi volume for pnor patches...
Aug 09 16:47:26 witherspoon systemd[1]: Started Create a ubi volume for pnor patches.
Aug 09 16:48:02 witherspoon phosphor-gevent[1094]: ::80b9:6076:8e91:f402%1995160348 - - [2017-08-09 16:48:02] "POST /login HTTP/1.1" 200 320 0.043806
Aug 09 16:48:02 witherspoon phosphor-gevent[1094]: ::80b9:6076:8e91:f402%1995160348 - - [2017-08-09 16:48:02] "GET /xyz/openbmc_project/software/136cf504 HTTP/1.1" 200 489 0.139416
Aug 09 16:48:02 witherspoon phosphor-gevent[1094]: ::80b9:6076:8e91:f402%1995160348 - - [2017-08-09 16:48:02] "POST /login HTTP/1.1" 200 320 0.033214
Aug 09 16:48:02 witherspoon phosphor-gevent[1094]: ::80b9:6076:8e91:f402%1995160348 - - [2017-08-09 16:48:02] "GET /xyz/openbmc_project/software/136cf504 HTTP/1.1" 200 489 0.111314
Aug 09 16:48:03 witherspoon systemd[1]: Started SSH Per-Connection Server (9.41.165.94:58548).
Aug 09 16:48:03 witherspoon dropbear[1367]: Failed loading /etc/dropbear/dropbear_dss_host_key
Aug 09 16:48:03 witherspoon dropbear[1367]: Failed loading /etc/dropbear/dropbear_ecdsa_host_key
Aug 09 16:48:03 witherspoon dropbear[1367]: Child connection from ::ffff:9.41.165.94:58548
Aug 09 16:48:03 witherspoon dropbear[1367]: PAM password auth succeeded for 'root' from ::ffff:9.41.165.94:58548
