[    0.000000] NR_IRQS:16 nr_irqs:16 16
[    0.000000] i2c controller registered, irq 16
[    0.000000] clocksource: moxart_timer: mask: 0xffffffff max_cycles: 0xffffffff, max_idle_ns: 77222644334 ns
[    0.000000] sched_clock: 32 bits at 100 Hz, resolution 10000000ns, wraps every 21474836475000000ns
[    0.090000] Calibrating delay loop... 789.70 BogoMIPS (lpj=3948544)
[    0.090000] pid_max: default: 32768 minimum: 301
[    0.090000] Mount-cache hash table entries: 1024 (order: 0, 4096 bytes)
[    0.090000] Mountpoint-cache hash table entries: 1024 (order: 0, 4096 bytes)
[    0.090000] CPU: Testing write buffer coherency: ok
[    0.090000] ftrace: allocating 14934 entries in 44 pages
[    0.120000] Setting up static identity map for 0x80008200 - 0x8000825c
[    0.120000] devtmpfs: initialized
[    0.150000] clocksource: jiffies: mask: 0xffffffff max_cycles: 0xffffffff, max_idle_ns: 19112604462750000 ns
[    0.150000] futex hash table entries: 256 (order: -1, 3072 bytes)
[    0.150000] pinctrl core: initialized pinctrl subsystem
[    0.150000] NET: Registered protocol family 16
[    0.150000] DMA: preallocated 256 KiB pool for atomic coherent allocations
[    0.220000] usbcore: registered new interface driver usbfs
[    0.220000] usbcore: registered new interface driver hub
[    0.220000] usbcore: registered new device driver usb
[    0.230000] clocksource: Switched to clocksource moxart_timer
[    0.250000] NET: Registered protocol family 2
[    0.250000] TCP established hash table entries: 4096 (order: 2, 16384 bytes)
[    0.250000] TCP bind hash table entries: 4096 (order: 2, 16384 bytes)
[    0.250000] TCP: Hash tables configured (established 4096 bind 4096)
[    0.250000] UDP hash table entries: 256 (order: 0, 4096 bytes)
[    0.250000] UDP-Lite hash table entries: 256 (order: 0, 4096 bytes)
[    0.250000] NET: Registered protocol family 1
[    0.250000] Trying to unpack rootfs image as initramfs...
[    1.920000] Freeing initrd memory: 1548K
[    1.920000] workingset: timestamp_bits=30 max_order=17 bucket_order=0
[    1.920000] squashfs: version 4.0 (2009/01/31) Phillip Lougher
[    1.920000] jffs2: version 2.2. (SUMMARY)  Â© 2001-2006 Red Hat, Inc.
[    1.920000] Block layer SCSI generic (bsg) driver version 0.4 loaded (major 250)
[    1.920000] io scheduler noop registered
[    1.920000] io scheduler deadline registered
[    1.920000] io scheduler cfq registered (default)
[    2.070000] ipmi-bt-host 1e789140.ibt: Found bt bmc device
[    2.070000] ipmi-bt-host 1e789140.ibt: Using IRQ 22
[    2.070000] Serial: 8250/16550 driver, 6 ports, IRQ sharing enabled
[    2.070000] 1e787000.vuart: ttyS0 at MMIO 0x1e787000 (irq = 22, base_baud = 1500000) is a 16550A
[    2.070000] 1e783000.serial: ttyS1 at MMIO 0x1e783000 (irq = 23, base_baud = 1500000) is a 16550A
[    2.070000] 1e78d000.serial: ttyS2 at MMIO 0x1e78d000 (irq = 24, base_baud = 1500000) is a 16550A
[    2.070000] 1e784000.serial: ttyS4 at MMIO 0x1e784000 (irq = 25, base_baud = 1500000) is a 16550A
[    2.430000] console [ttyS4] enabled
[    2.610000] timeriomem_rng 1e6e2078.hwrng: 32bits from 0xf00e2078 @ 1us
[    2.620000] random: fast init done
[    2.670000] random: crng init done
[    2.670000] brd: module loaded
[    2.700000] loop: module loaded
[    2.700000] aspeed-lpc-ctrl 1e789080.lpc-ctrl: Loaded at 0x98000000 (0x04000000)
[    2.710000] aspeed-smc 1e620000.flash-controller: Using IRQ 18
[    2.720000] aspeed-smc 1e620000.flash-controller: DMA support disabled.
[    2.720000] aspeed-smc 1e620000.flash-controller: mx25l25635e (32768 Kbytes)
[    2.720000] aspeed-smc 1e620000.flash-controller: CE0 window [ 0x20000000 - 0x22000000 ] 32MB
[    2.740000] aspeed-smc 1e620000.flash-controller: CE1 window [ 0x22000000 - 0x2a000000 ] 128MB
[    2.740000] 5 ofpart partitions found on MTD device bmc
[    2.740000] Creating 5 MTD partitions on "bmc":
[    2.740000] 0x000000000000-0x000000060000 : "u-boot"
[    2.780000] 0x000000060000-0x000000080000 : "u-boot-env"
[    2.780000] 0x000000080000-0x0000004c0000 : "kernel"
[    2.800000] 0x0000004c0000-0x000001c00000 : "rofs"
[    2.810000] 0x000001c00000-0x000002000000 : "rwfs"
[    2.820000] aspeed-smc 1e620000.flash-controller: mx25l25635e (32768 Kbytes)
[    2.820000] aspeed-smc 1e620000.flash-controller: CE1 window [ 0x22000000 - 0x24000000 ] 32MB
[    2.830000] aspeed-smc 1e620000.flash-controller: CE2 window [ 0x24000000 - 0x2c000000 ] 128MB
[    2.850000] aspeed-smc 1e630000.flash-controller: mx66l1g45g (131072 Kbytes)
[    2.860000] aspeed-smc 1e630000.flash-controller: CE0 window resized to 120MB (AST2500 HW quirk)
[    2.860000] aspeed-smc 1e630000.flash-controller: CE0 window [ 0x30000000 - 0x37800000 ] 120MB
[    2.860000] aspeed-smc 1e630000.flash-controller: CE0 window too small for chip 128MB
[    2.880000] aspeed-smc 1e630000.flash-controller: CE1 window [ 0x37800000 - 0x38000000 ] 8MB
[    3.630000] libphy: Fixed MDIO Bus: probed
[    3.630000] ftgmac100 1e660000.ethernet: Read MAC address 70:e2:84:14:23:e1 from chip
[    3.630000] ftgmac100 1e660000.ethernet: Using NCSI interface
[    3.630000] ftgmac100 1e660000.ethernet eth0: irq 20, mapped at f0060000
[    3.630000] ehci_hcd: USB 2.0 'Enhanced' Host Controller (EHCI) Driver
[    3.630000] ehci-platform: EHCI generic platform driver
[    3.860000]  fsi0: can't read slave 00:00 -5
[    3.880000] i2c /dev entries driver
[    3.890000] aspeed-i2c-bus 1e78a0c0.i2c-bus: i2c bus 2 registered, irq 26
[    3.900000] aspeed-i2c-bus 1e78a100.i2c-bus: i2c bus 3 registered, irq 27
[    3.910000] aspeed-i2c-bus 1e78a140.i2c-bus: i2c bus 4 registered, irq 28
[    3.920000] aspeed-i2c-bus 1e78a180.i2c-bus: i2c bus 5 registered, irq 29
[    3.930000] aspeed-i2c-bus 1e78a380.i2c-bus: i2c bus 9 registered, irq 30
[    3.940000] aspeed-i2c-bus 1e78a3c0.i2c-bus: i2c bus 10 registered, irq 31
[    3.950000] rtc-rv8803 11-0032: Voltage low, temperature compensation stopped.
[    3.960000] rtc-rv8803 11-0032: An alarm maybe have been missed.
[    3.970000] rtc-rv8803 11-0032: rtc core: registered rx8900 as rtc0
[    3.980000] at24 11-0051: 8192 byte 24c64 EEPROM, writable, 1 bytes/write
[    3.980000] aspeed-i2c-bus 1e78a400.i2c-bus: i2c bus 11 registered, irq 32
[    3.990000] aspeed-i2c-bus 1e78a440.i2c-bus: i2c bus 12 registered, irq 33
[    4.000000] aspeed-i2c-bus 1e78a480.i2c-bus: i2c bus 13 registered, irq 34
[    4.010000] Driver for 1-wire Dallas network protocol.
[    4.010000] lm75 9-004a: hwmon0: sensor 'tmp275'
[    4.800000] ucd9000 11-0064: Device ID UCD90160|2.3.4.0000|110603
[    5.130000] leds-pca955x 3-0060: leds-pca955x: Using pca9552 16-bit LED driver at slave address 0x60
[    5.140000] leds-pca955x 3-0060: gpios 264...279
[    5.140000] leds-pca955x 11-0060: leds-pca955x: Using pca9552 16-bit LED driver at slave address 0x60
[    5.160000] leds-pca955x 11-0060: gpios 248...263
[    5.160000] usbcore: registered new interface driver usbhid
[    5.170000] usbhid: USB HID core driver
[    5.220000] NET: Registered protocol family 10
[    5.220000] Segment Routing with IPv6
[    5.230000] NET: Registered protocol family 17
[    5.230000] 8021q: 802.1Q VLAN Support v1.8
[    5.260000] console [netcon0] enabled
[    5.260000] netconsole: network logging started
[    5.270000] input: gpio-keys as /devices/platform/gpio-keys/input/input0
[    5.280000] rtc-rv8803 11-0032: setting system clock to 2017-08-09 16:44:08 UTC (1502297048)
[    5.290000] Freeing unused kernel memory: 284K
[    5.290000] This architecture does not have kernel memory protection.
[    6.970000] jffs2: notice: (531) jffs2_build_xattr_subsystem: complete building xattr subsystem, 0 of xdatum (0 unchecked, 0 orphan) and 0 of xref (0 dead, 0 orphan) found.
[    9.080000] systemd[1]: Failed to insert module 'autofs4': No such file or directory
[    9.280000] systemd[1]: systemd 232 running in system mode. (+PAM -AUDIT -SELINUX -IMA -APPARMOR -SMACK +SYSVINIT -UTMP -LIBCRYPTSETUP -GCRYPT -GNUTLS +ACL +XZ -LZ4 -SECCOMP +BLKID -ELFUTILS +KMOD -IDN)
[    9.280000] systemd[1]: Detected architecture arm.
[    9.470000] systemd[1]: Set hostname to <witherspoon>.
[   11.050000] systemd[1]: Listening on udev Control Socket.
[   11.140000] systemd[1]: Listening on Syslog Socket.
[   11.180000] systemd[1]: Reached target Remote File Systems.
[   11.220000] systemd[1]: Listening on Network Service Netlink Socket.
[   11.260000] systemd[1]: Listening on udev Kernel Socket.
[   11.300000] systemd[1]: Listening on /dev/initctl Compatibility Named Pipe.
[   11.340000] systemd[1]: Listening on Journal Socket.
[   14.330000] systemd[1]: Mounting Debug File System...
[   14.580000] systemd[1]: Created slice system-org.openbmc.buttons.Power.slice.
[   14.840000] systemd[1]: Starting Remount Root and Kernel File Systems...
[   15.110000] systemd[1]: Created slice system-phosphor\x2dcooling\x2dtype.slice.
[   15.390000] systemd[1]: Starting udev Coldplug all Devices...
[   15.680000] systemd[1]: Created slice system-org.openbmc.control.Chassis.slice.
[   15.980000] systemd[1]: Created slice system-op\x2dreset\x2dchassis\x2don.slice.
[   16.290000] systemd[1]: Mounted Debug File System.
[   16.610000] systemd[1]: Mounted Temporary Directory.
[   16.940000] systemd[1]: Started Journal Service.
[   18.740000] systemd-journald[549]: Received request to flush runtime journal from PID 1
[   34.390000] ubi7: default fastmap pool size: 100
[   34.390000] ubi7: default fastmap WL pool size: 50
[   34.390000] ubi7: attaching mtd7
[   37.770000] ubi7: scanning is finished
[   37.770000] ubi7: attached mtd7 (name "pnor", size 128 MiB)
[   37.770000] ubi7: PEB size: 65536 bytes (64 KiB), LEB size: 65408 bytes
[   37.770000] ubi7: min./max. I/O unit sizes: 1/256, sub-page size 1
[   37.770000] ubi7: VID header offset: 64 (aligned 64), data offset: 128
[   37.770000] ubi7: good PEBs: 2048, bad PEBs: 0, corrupted PEBs: 0
[   37.770000] ubi7: user volume: 4, internal volumes: 1, max. volumes count: 128
[   37.770000] ubi7: max/mean erase counter: 1/0, WL threshold: 4096, image sequence number: 1613407033
[   37.850000] ubi7: available PEBs: 1110, total reserved PEBs: 938, PEBs reserved for bad PEB handling: 0
[   37.850000] ubi7: background thread "ubi_bgt7d" started, PID 1011
[   38.830000] ftgmac100 1e660000.ethernet eth0: NCSI interface up
[   39.930000] UBIFS (ubi7:0): UBIFS: mounted UBI device 7, volume 0, name "pnor-rw-136cf504"
[   39.930000] UBIFS (ubi7:0): LEB size: 65408 bytes (63 KiB), min./max. I/O unit sizes: 8 bytes/256 bytes
[   39.930000] UBIFS (ubi7:0): FS size: 16155776 bytes (15 MiB, 247 LEBs), journal size 784896 bytes (0 MiB, 12 LEBs)
[   40.080000] UBIFS (ubi7:0): reserved for root: 763076 bytes (745 KiB)
[   40.080000] UBIFS (ubi7:0): media format: w5/r0 (latest is w5/r0), UUID FD59E80D-F7C1-4E3D-BA65-47A452939965, small LPT model
[   40.080000] UBIFS (ubi7:0): background thread "ubifs_bgt7_0" started, PID 1026
[   52.260000] block ubiblock7_1: created from ubi7:1(pnor-ro-136cf504)
[   56.400000] UBIFS (ubi7:2): UBIFS: mounted UBI device 7, volume 2, name "pnor-prsv"
[   56.400000] UBIFS (ubi7:2): LEB size: 65408 bytes (63 KiB), min./max. I/O unit sizes: 8 bytes/256 bytes
[   56.400000] UBIFS (ubi7:2): FS size: 1504384 bytes (1 MiB, 23 LEBs), journal size 523265 bytes (0 MiB, 6 LEBs)
[   56.400000] UBIFS (ubi7:2): reserved for root: 71055 bytes (69 KiB)
[   56.400000] UBIFS (ubi7:2): media format: w5/r0 (latest is w5/r0), UUID D400F8DD-ACE5-45CE-8A6B-A6E9309F1A81, small LPT model
[   56.400000] UBIFS (ubi7:2): background thread "ubifs_bgt7_2" started, PID 1055
[   59.460000] UBIFS (ubi7:3): UBIFS: mounted UBI device 7, volume 3, name "pnor-patch"
[   59.460000] UBIFS (ubi7:3): LEB size: 65408 bytes (63 KiB), min./max. I/O unit sizes: 8 bytes/256 bytes
[   59.460000] UBIFS (ubi7:3): FS size: 16155776 bytes (15 MiB, 247 LEBs), journal size 784896 bytes (0 MiB, 12 LEBs)
[   59.460000] UBIFS (ubi7:3): reserved for root: 763076 bytes (745 KiB)
[   59.460000] UBIFS (ubi7:3): media format: w5/r0 (latest is w5/r0), UUID 4ADA7344-7D09-42E2-AB07-B9DC1D0DD5D3, small LPT model
[   59.460000] UBIFS (ubi7:3): background thread "ubifs_bgt7_3" started, PID 1078
[  137.400000] UBIFS (ubi7:0): un-mount UBI device 7
[  137.400000] UBIFS (ubi7:0): background thread "ubifs_bgt7_0" stops
[  137.400000] block ubiblock7_1: released
[  181.910000] block ubiblock7_0: created from ubi7:0(pnor-ro-136cf504)
[  181.950000] ubi7 error: get_exclusive: 2 users for volume 0
[  182.000000] blk_update_request: I/O error, dev ubiblock7_0, sector 0
[  182.000000] SQUASHFS error: squashfs_read_data failed to read block 0x0
[  182.060000] squashfs: SQUASHFS error: unable to read squashfs_super_block
[  201.530000] UBIFS (ubi7:1): default file-system created
[  201.530000] UBIFS (ubi7:1): UBIFS: mounted UBI device 7, volume 1, name "pnor-rw-136cf504"
[  201.530000] UBIFS (ubi7:1): LEB size: 65408 bytes (63 KiB), min./max. I/O unit sizes: 8 bytes/256 bytes
[  201.810000] UBIFS (ubi7:1): FS size: 16155776 bytes (15 MiB, 247 LEBs), journal size 784896 bytes (0 MiB, 12 LEBs)
[  201.810000] UBIFS (ubi7:1): reserved for root: 763076 bytes (745 KiB)
[  201.810000] UBIFS (ubi7:1): media format: w5/r0 (latest is w5/r0), UUID 14751340-43B2-48C2-A32B-8C4ADD5C7FB0, small LPT model
[  201.810000] UBIFS (ubi7:1): background thread "ubifs_bgt7_1" started, PID 1343
