[    0.000000] Booting Linux on physical CPU 0x0
[    0.000000] Linux version 4.10.17-d6ae40dc4c4dff3265cc254d404ed6b03fcc2206 (jenkins@openbmc-builder2) (gcc version 6.2.0 (GCC) ) #1 Mon Jul 24 03:22:54 UTC 2017
[    0.000000] CPU: ARM926EJ-S [41069265] revision 5 (ARMv5TEJ), cr=0005317f
[    0.000000] CPU: VIVT data cache, VIVT instruction cache
[    0.000000] OF: fdt:Machine model: Barrelye BMC
[    0.000000] Memory policy: Data cache writeback
[    0.000000] SOC Rev: 02010303
[    0.000000] On node 0 totalpages: 126976
[    0.000000] free_area_init_node: node 0, pgdat 80833a5c, node_mem_map 9ec1a000
[    0.000000]   Normal zone: 992 pages used for memmap
[    0.000000]   Normal zone: 0 pages reserved
[    0.000000]   Normal zone: 126976 pages, LIFO batch:31
[    0.000000] pcpu-alloc: s0 r0 d32768 u32768 alloc=1*32768
[    0.000000] pcpu-alloc: [0] 0 
[    0.000000] Built 1 zonelists in Zone order, mobility grouping on.  Total pages: 125984
[    0.000000] Kernel command line: console=ttyS4,115200n8 root=/dev/ram rw
[    0.000000] PID hash table entries: 2048 (order: 1, 8192 bytes)
[    0.000000] Dentry cache hash table entries: 65536 (order: 6, 262144 bytes)
[    0.000000] Inode-cache hash table entries: 32768 (order: 5, 131072 bytes)
[    0.000000] Memory: 494244K/507904K available (4096K kernel code, 276K rwdata, 1100K rodata, 1024K init, 111K bss, 13660K reserved, 0K cma-reserved)
[    0.000000] Virtual kernel memory layout:
[    0.000000]     vector  : 0xffff0000 - 0xffff1000   (   4 kB)
[    0.000000]     fixmap  : 0xffc00000 - 0xfff00000   (3072 kB)
[    0.000000]     vmalloc : 0x9f800000 - 0xff800000   (1536 MB)
[    0.000000]     lowmem  : 0x80000000 - 0x9f000000   ( 496 MB)
[    0.000000]       .text : 0x80008000 - 0x80500000   (5088 kB)
[    0.000000]       .init : 0x80700000 - 0x80800000   (1024 kB)
[    0.000000]       .data : 0x80800000 - 0x80845210   ( 277 kB)
[    0.000000]        .bss : 0x80845210 - 0x808611a0   ( 112 kB)
[    0.000000] NR_IRQS:16 nr_irqs:16 16
[    0.000000] i2c controller registered, irq 16
[    0.000000] clocksource: moxart_timer: mask: 0xffffffff max_cycles: 0xffffffff, max_idle_ns: 39817925974 ns
[    0.000000] sched_clock: 32 bits at 100 Hz, resolution 10000000ns, wraps every 21474836475000000ns
[    0.070000] Calibrating delay loop... 190.87 BogoMIPS (lpj=954368)
[    0.070000] pid_max: default: 32768 minimum: 301
[    0.070000] Mount-cache hash table entries: 1024 (order: 0, 4096 bytes)
[    0.070000] Mountpoint-cache hash table entries: 1024 (order: 0, 4096 bytes)
[    0.070000] CPU: Testing write buffer coherency: ok
[    0.070000] ftrace: allocating 14713 entries in 44 pages
[    0.130000] Setting up static identity map for 0x40100000 - 0x40100058
[    0.150000] devtmpfs: initialized
[    0.180000] clocksource: jiffies: mask: 0xffffffff max_cycles: 0xffffffff, max_idle_ns: 19112604462750000 ns
[    0.180000] futex hash table entries: 256 (order: -1, 3072 bytes)
[    0.180000] pinctrl core: initialized pinctrl subsystem
[    0.180000] NET: Registered protocol family 16
[    0.180000] DMA: preallocated 256 KiB pool for atomic coherent allocations
[    0.280000] clocksource: Switched to clocksource moxart_timer
[    0.320000] NET: Registered protocol family 2
[    0.320000] TCP established hash table entries: 4096 (order: 2, 16384 bytes)
[    0.320000] TCP bind hash table entries: 4096 (order: 2, 16384 bytes)
[    0.320000] TCP: Hash tables configured (established 4096 bind 4096)
[    0.320000] UDP hash table entries: 256 (order: 0, 4096 bytes)
[    0.320000] UDP-Lite hash table entries: 256 (order: 0, 4096 bytes)
[    0.320000] NET: Registered protocol family 1
[    0.320000] Trying to unpack rootfs image as initramfs...
[    4.970000] Freeing initrd memory: 1548K
[    4.970000] workingset: timestamp_bits=30 max_order=17 bucket_order=0
[    4.970000] squashfs: version 4.0 (2009/01/31) Phillip Lougher
[    4.970000] jffs2: version 2.2. (NAND) (SUMMARY)  Â© 2001-2006 Red Hat, Inc.
[    4.970000] io scheduler noop registered (default)
[    4.970000] ipmi-bt-host 1e789140.ibt: Found bt bmc device
[    4.970000] ipmi-bt-host 1e789140.ibt: Using IRQ 21
[    4.970000] Serial: 8250/16550 driver, 6 ports, IRQ sharing enabled
[    4.970000] console [ttyS4] disabled
[    4.970000] 1e784000.serial: ttyS4 at MMIO 0x1e784000 (irq = 22, base_baud = 1500000) is a 16550A
[    5.230000] console [ttyS4] enabled
[    5.230000] 1e787000.vuart: ttyS0 at MMIO 0x1e787000 (irq = 21, base_baud = 1500000) is a 16550A
[    5.230000] timeriomem_rng 1e6e2000.syscon:hwrng@1e6e2078: timeriomem_rng: resource is missing
[    5.500000] brd: module loaded
[    5.500000] loop: module loaded
[    5.500000] aspeed-smc 1e620000.fmc: Using IRQ 18
[    5.500000] aspeed-smc 1e620000.fmc: DMA support disabled.
[    5.500000] aspeed-smc 1e620000.fmc: mx25l25635e (32768 Kbytes)
[    5.500000] aspeed-smc 1e620000.fmc: CE0 window [ 0x20000000 - 0x22000000 ] 32MB
[    5.500000] aspeed-smc 1e620000.fmc: CE1 window [ 0x22000000 - 0x26000000 ] 64MB
[    5.500000] 5 ofpart partitions found on MTD device bmc
[    5.500000] Creating 5 MTD partitions on "bmc":
[    5.500000] 0x000000000000-0x000000060000 : "u-boot"
[    5.500000] 0x000000060000-0x000000080000 : "u-boot-env"
[    5.500000] 0x000000080000-0x0000004c0000 : "kernel"
[    5.500000] 0x0000004c0000-0x000001c00000 : "rofs"
[    5.500000] 0x000001c00000-0x000002000000 : "rwfs"
[    5.500000] aspeed-smc 1e630000.spi: Error applying setting, reverse things back
[    5.500000] aspeed-smc 1e630000.spi: n25q512ax3 (65536 Kbytes)
[    6.650000] libphy: Fixed MDIO Bus: probed
[    6.650000] ftgmac100 1e660000.ethernet: Read MAC address 00:01:6c:80:02:28 from chip
[    6.650000] ftgmac100 1e660000.ethernet: Using NCSI interface
[    6.650000] ftgmac100 1e660000.ethernet eth0: irq 19, mapped at f0060000
[    6.650000] i2c /dev entries driver
[    6.850000] rtc-ds1307: probe of 0-0068 failed with error -5
[    6.850000] aspeed-i2c-bus 1e78a040.i2c-bus: i2c bus 0 registered, irq 23
[    6.860000] aspeed-i2c-bus 1e78a100.i2c-bus: i2c bus 3 registered, irq 24
[    6.860000] at24 4-0054: 32768 byte 24c256 EEPROM, writable, 64 bytes/write
[    6.890000] aspeed-i2c-bus 1e78a140.i2c-bus: i2c bus 4 registered, irq 25
[    6.890000] aspeed-i2c-bus 1e78a180.i2c-bus: i2c bus 5 registered, irq 26
[    6.890000] at24 6-0051: 256 byte 24c02 EEPROM, writable, 8 bytes/write
[    6.890000] at24 6-0055: 256 byte 24c02 EEPROM, writable, 8 bytes/write
[    6.930000] aspeed-i2c-bus 1e78a1c0.i2c-bus: i2c bus 6 registered, irq 27
[    6.930000] Driver for 1-wire Dallas network protocol.
[    6.930000] lm75: probe of 0-004a failed with error -5
[    6.970000] random: fast init done
[    7.040000] ip_tables: (C) 2000-2006 Netfilter Core Team
[    7.040000] NET: Registered protocol family 10
[    7.040000] Segment Routing with IPv6
[    7.060000] NET: Registered protocol family 17
[    7.060000] 8021q: 802.1Q VLAN Support v1.8
[    7.060000] hctosys: unable to open rtc device (rtc0)
[    7.090000] Freeing unused kernel memory: 1024K
[    8.440000] jffs2: notice: (446) jffs2_build_xattr_subsystem: complete building xattr subsystem, 1 of xdatum (1 unchecked, 0 orphan) and 5 of xref (0 dead, 1 orphan) found.
[   18.220000] systemd[1]: System time before build time, advancing clock.
[   18.220000] systemd[1]: systemd 232 running in system mode. (+PAM -AUDIT -SELINUX -IMA -APPARMOR -SMACK +SYSVINIT -UTMP -LIBCRYPTSETUP -GCRYPT -GNUTLS +ACL +XZ -LZ4 -SECCOMP +BLKID -ELFUTILS +KMOD -IDN)
[   18.220000] systemd[1]: Detected architecture arm.
[   18.840000] systemd[1]: Set hostname to <barreleye>.
[   21.120000] systemd[1]: Started Forward Password Requests to Wall Directory Watch.
[   21.530000] systemd[1]: Reached target Fans Ready.
[   21.560000] systemd[1]: Listening on Network Service Netlink Socket.
[   21.600000] systemd[1]: Reached target Remote File Systems.
[   21.640000] systemd[1]: Listening on udev Control Socket.
[   21.680000] systemd[1]: Reached target Swap.
[   21.710000] systemd[1]: Listening on udev Kernel Socket.
[   23.260000] systemd[1]: Listening on /dev/initctl Compatibility Named Pipe.
[   23.380000] systemd[1]: Created slice system-org.openbmc.control.Power.slice.
[   23.510000] systemd[1]: Reached target Slices.
[   23.650000] systemd[1]: Mounted Debug File System.
[   23.800000] systemd[1]: Mounted Temporary Directory.
[   23.800000] systemd[1]: Started Apply Kernel Variables.
[   23.960000] systemd[1]: Started Remount Root and Kernel File Systems.
[   24.130000] systemd[1]: Starting Create System Users...
[   24.500000] systemd[1]: Started Journal Service.
[   25.720000] systemd-journald[505]: Received request to flush runtime journal from PID 1
[   57.790000] ftgmac100 1e660000.ethernet eth0: NCSI interface up
[   74.720000] random: crng init done
