-- Logs begin at Fri 2017-06-30 15:56:33 UTC, end at Fri 2017-06-30 16:04:48 UTC. --
Jun 30 15:56:33 witherspoon kernel: Booting Linux on physical CPU 0x0
Jun 30 15:56:33 witherspoon kernel: Linux version 4.10.17-9e95993e2d6edc68af5ca3f2345789e0f450d0db (jenkins@openbmc-builder1) (gcc version 6.2.0 (GCC) ) #1 Fri Jun 30 09:32:45 UTC 2017
Jun 30 15:56:33 witherspoon kernel: CPU: ARMv6-compatible processor [410fb767] revision 7 (ARMv7), cr=00c5387d
Jun 30 15:56:33 witherspoon kernel: CPU: PIPT / VIPT nonaliasing data cache, VIPT nonaliasing instruction cache
Jun 30 15:56:33 witherspoon kernel: OF: fdt:Machine model: Witherspoon BMC
Jun 30 15:56:33 witherspoon kernel: Memory policy: Data cache writeback
Jun 30 15:56:33 witherspoon kernel: SOC Rev: 04030303
Jun 30 15:56:33 witherspoon kernel: On node 0 totalpages: 110592
Jun 30 15:56:33 witherspoon kernel: free_area_init_node: node 0, pgdat 805f33fc, node_mem_map 9ec1a000
Jun 30 15:56:33 witherspoon kernel:   Normal zone: 992 pages used for memmap
Jun 30 15:56:33 witherspoon kernel:   Normal zone: 0 pages reserved
Jun 30 15:56:33 witherspoon kernel:   Normal zone: 110592 pages, LIFO batch:31
Jun 30 15:56:33 witherspoon kernel: pcpu-alloc: s0 r0 d32768 u32768 alloc=1*32768
Jun 30 15:56:33 witherspoon kernel: pcpu-alloc: [0] 0 
Jun 30 15:56:33 witherspoon kernel: Built 1 zonelists in Zone order, mobility grouping on.  Total pages: 109600
Jun 30 15:56:33 witherspoon kernel: Kernel command line: console=ttyS4,115200n8 root=/dev/ram rw
Jun 30 15:56:33 witherspoon kernel: PID hash table entries: 2048 (order: 1, 8192 bytes)
Jun 30 15:56:33 witherspoon kernel: Dentry cache hash table entries: 65536 (order: 6, 262144 bytes)
Jun 30 15:56:33 witherspoon kernel: Inode-cache hash table entries: 32768 (order: 5, 131072 bytes)
Jun 30 15:56:33 witherspoon kernel: Memory: 430508K/442368K available (4048K kernel code, 280K rwdata, 1168K rodata, 280K init, 111K bss, 11860K reserved, 0K cma-reserved)
Jun 30 15:56:33 witherspoon kernel: Virtual kernel memory layout:
                                        vector  : 0xffff0000 - 0xffff1000   (   4 kB)
                                        fixmap  : 0xffc00000 - 0xfff00000   (3072 kB)
                                        vmalloc : 0x9f800000 - 0xff800000   (1536 MB)
                                        lowmem  : 0x80000000 - 0x9f000000   ( 496 MB)
                                          .text : 0x80008000 - 0x803fc380   (4049 kB)
                                          .init : 0x8057a000 - 0x805c0000   ( 280 kB)
                                          .data : 0x805c0000 - 0x806061a8   ( 281 kB)
                                           .bss : 0x806061a8 - 0x80622058   ( 112 kB)
Jun 30 15:56:33 witherspoon kernel: NR_IRQS:16 nr_irqs:16 16
Jun 30 15:56:33 witherspoon kernel: i2c controller registered, irq 16
Jun 30 15:56:33 witherspoon kernel: clocksource: moxart_timer: mask: 0xffffffff max_cycles: 0xffffffff, max_idle_ns: 77222644334 ns
Jun 30 15:56:33 witherspoon kernel: sched_clock: 32 bits at 100 Hz, resolution 10000000ns, wraps every 21474836475000000ns
Jun 30 15:56:33 witherspoon kernel: Calibrating delay loop... 789.70 BogoMIPS (lpj=3948544)
Jun 30 15:56:33 witherspoon kernel: pid_max: default: 32768 minimum: 301
Jun 30 15:56:33 witherspoon kernel: Mount-cache hash table entries: 1024 (order: 0, 4096 bytes)
Jun 30 15:56:33 witherspoon kernel: Mountpoint-cache hash table entries: 1024 (order: 0, 4096 bytes)
Jun 30 15:56:33 witherspoon kernel: CPU: Testing write buffer coherency: ok
Jun 30 15:56:33 witherspoon kernel: ftrace: allocating 14866 entries in 44 pages
Jun 30 15:56:33 witherspoon kernel: Setting up static identity map for 0x80008200 - 0x8000825c
Jun 30 15:56:33 witherspoon kernel: devtmpfs: initialized
Jun 30 15:56:33 witherspoon kernel: clocksource: jiffies: mask: 0xffffffff max_cycles: 0xffffffff, max_idle_ns: 19112604462750000 ns
Jun 30 15:56:33 witherspoon kernel: futex hash table entries: 256 (order: -1, 3072 bytes)
Jun 30 15:56:33 witherspoon kernel: pinctrl core: initialized pinctrl subsystem
Jun 30 15:56:33 witherspoon kernel: NET: Registered protocol family 16
Jun 30 15:56:33 witherspoon kernel: DMA: preallocated 256 KiB pool for atomic coherent allocations
Jun 30 15:56:33 witherspoon kernel: usbcore: registered new interface driver usbfs
Jun 30 15:56:33 witherspoon kernel: usbcore: registered new interface driver hub
Jun 30 15:56:33 witherspoon kernel: usbcore: registered new device driver usb
Jun 30 15:56:33 witherspoon kernel: clocksource: Switched to clocksource moxart_timer
Jun 30 15:56:33 witherspoon kernel: NET: Registered protocol family 2
Jun 30 15:56:33 witherspoon kernel: TCP established hash table entries: 4096 (order: 2, 16384 bytes)
Jun 30 15:56:33 witherspoon kernel: TCP bind hash table entries: 4096 (order: 2, 16384 bytes)
Jun 30 15:56:33 witherspoon kernel: TCP: Hash tables configured (established 4096 bind 4096)
Jun 30 15:56:33 witherspoon kernel: UDP hash table entries: 256 (order: 0, 4096 bytes)
Jun 30 15:56:33 witherspoon kernel: UDP-Lite hash table entries: 256 (order: 0, 4096 bytes)
Jun 30 15:56:33 witherspoon kernel: NET: Registered protocol family 1
Jun 30 15:56:33 witherspoon kernel: Trying to unpack rootfs image as initramfs...
Jun 30 15:56:33 witherspoon kernel: Freeing initrd memory: 1548K
Jun 30 15:56:33 witherspoon kernel: workingset: timestamp_bits=30 max_order=17 bucket_order=0
Jun 30 15:56:33 witherspoon kernel: squashfs: version 4.0 (2009/01/31) Phillip Lougher
Jun 30 15:56:33 witherspoon kernel: jffs2: version 2.2. (SUMMARY)  © 2001-2006 Red Hat, Inc.
Jun 30 15:56:33 witherspoon kernel: Block layer SCSI generic (bsg) driver version 0.4 loaded (major 250)
Jun 30 15:56:33 witherspoon kernel: io scheduler noop registered
Jun 30 15:56:33 witherspoon kernel: io scheduler deadline registered
Jun 30 15:56:33 witherspoon kernel: io scheduler cfq registered (default)
Jun 30 15:56:33 witherspoon kernel: ipmi-bt-host 1e789140.ibt: Found bt bmc device
Jun 30 15:56:33 witherspoon kernel: ipmi-bt-host 1e789140.ibt: Using IRQ 22
Jun 30 15:56:33 witherspoon kernel: Serial: 8250/16550 driver, 6 ports, IRQ sharing enabled
Jun 30 15:56:33 witherspoon kernel: 1e783000.serial: ttyS0 at MMIO 0x1e783000 (irq = 23, base_baud = 1500000) is a 16550A
Jun 30 15:56:33 witherspoon kernel: 1e78d000.serial: ttyS1 at MMIO 0x1e78d000 (irq = 24, base_baud = 1500000) is a 16550A
Jun 30 15:56:33 witherspoon kernel: 1e784000.serial: ttyS4 at MMIO 0x1e784000 (irq = 25, base_baud = 1500000) is a 16550A
Jun 30 15:56:33 witherspoon kernel: console [ttyS4] enabled
Jun 30 15:56:33 witherspoon kernel: 1e787000.vuart: ttyS2 at MMIO 0x1e787000 (irq = 22, base_baud = 1500000) is a 16550A
Jun 30 15:56:33 witherspoon kernel: timeriomem_rng 1e6e2078.hwrng: 32bits from 0xf00e2078 @ 1us
Jun 30 15:56:33 witherspoon kernel: brd: module loaded
Jun 30 15:56:33 witherspoon kernel: loop: module loaded
Jun 30 15:56:33 witherspoon kernel: aspeed-lpc-ctrl 1e789080.lpc-ctrl: Loaded at 0x98000000 (0x04000000)
Jun 30 15:56:33 witherspoon kernel: aspeed-smc 1e620000.flash-controller: Using IRQ 18
Jun 30 15:56:33 witherspoon kernel: aspeed-smc 1e620000.flash-controller: DMA support disabled.
Jun 30 15:56:33 witherspoon kernel: aspeed-smc 1e620000.flash-controller: mx25l25635e (32768 Kbytes)
Jun 30 15:56:33 witherspoon kernel: aspeed-smc 1e620000.flash-controller: CE0 window [ 0x20000000 - 0x22000000 ] 32MB
Jun 30 15:56:33 witherspoon kernel: aspeed-smc 1e620000.flash-controller: CE1 window [ 0x22000000 - 0x2a000000 ] 128MB
Jun 30 15:56:33 witherspoon kernel: 5 ofpart partitions found on MTD device bmc
Jun 30 15:56:33 witherspoon kernel: Creating 5 MTD partitions on "bmc":
Jun 30 15:56:33 witherspoon kernel: 0x000000000000-0x000000060000 : "u-boot"
Jun 30 15:56:33 witherspoon kernel: 0x000000060000-0x000000080000 : "u-boot-env"
Jun 30 15:56:33 witherspoon kernel: 0x000000080000-0x0000004c0000 : "kernel"
Jun 30 15:56:33 witherspoon kernel: 0x0000004c0000-0x000001c00000 : "rofs"
Jun 30 15:56:33 witherspoon kernel: 0x000001c00000-0x000002000000 : "rwfs"
Jun 30 15:56:33 witherspoon kernel: aspeed-smc 1e620000.flash-controller: mx25l25635e (32768 Kbytes)
Jun 30 15:56:33 witherspoon kernel: aspeed-smc 1e620000.flash-controller: CE1 window [ 0x22000000 - 0x24000000 ] 32MB
Jun 30 15:56:33 witherspoon kernel: aspeed-smc 1e620000.flash-controller: CE2 window [ 0x24000000 - 0x2c000000 ] 128MB
Jun 30 15:56:33 witherspoon kernel: aspeed-smc 1e630000.flash-controller: mx66l1g45g (131072 Kbytes)
Jun 30 15:56:33 witherspoon kernel: aspeed-smc 1e630000.flash-controller: CE0 window resized to 120MB (AST2500 HW quirk)
Jun 30 15:56:33 witherspoon kernel: aspeed-smc 1e630000.flash-controller: CE0 window [ 0x30000000 - 0x37800000 ] 120MB
Jun 30 15:56:33 witherspoon kernel: aspeed-smc 1e630000.flash-controller: CE0 window too small for chip 128MB
Jun 30 15:56:33 witherspoon kernel: aspeed-smc 1e630000.flash-controller: CE1 window [ 0x37800000 - 0x38000000 ] 8MB
Jun 30 15:56:33 witherspoon kernel: libphy: Fixed MDIO Bus: probed
Jun 30 15:56:33 witherspoon kernel: ftgmac100 1e660000.ethernet: Read MAC address 70:e2:84:14:23:e1 from chip
Jun 30 15:56:33 witherspoon kernel: ftgmac100 1e660000.ethernet: Using NCSI interface
Jun 30 15:56:33 witherspoon kernel: ftgmac100 1e660000.ethernet eth0: irq 20, mapped at f0060000
Jun 30 15:56:33 witherspoon kernel: ehci_hcd: USB 2.0 'Enhanced' Host Controller (EHCI) Driver
Jun 30 15:56:33 witherspoon kernel: ehci-platform: EHCI generic platform driver
Jun 30 15:56:33 witherspoon kernel:  fsi0: can't read slave 00:00 -5
Jun 30 15:56:33 witherspoon kernel: i2c /dev entries driver
Jun 30 15:56:33 witherspoon kernel: aspeed-i2c-bus 1e78a0c0.i2c-bus: i2c bus 2 registered, irq 26
Jun 30 15:56:33 witherspoon kernel: aspeed-i2c-bus 1e78a100.i2c-bus: i2c bus 3 registered, irq 27
Jun 30 15:56:33 witherspoon kernel: aspeed-i2c-bus 1e78a140.i2c-bus: i2c bus 4 registered, irq 28
Jun 30 15:56:33 witherspoon kernel: aspeed-i2c-bus 1e78a180.i2c-bus: i2c bus 5 registered, irq 29
Jun 30 15:56:33 witherspoon kernel: aspeed-i2c-bus 1e78a380.i2c-bus: i2c bus 9 registered, irq 30
Jun 30 15:56:33 witherspoon kernel: aspeed-i2c-bus 1e78a3c0.i2c-bus: i2c bus 10 registered, irq 31
Jun 30 15:56:33 witherspoon kernel: rtc-rv8803 11-0032: Voltage low, temperature compensation stopped.
Jun 30 15:56:33 witherspoon kernel: rtc-rv8803 11-0032: An alarm maybe have been missed.
Jun 30 15:56:33 witherspoon kernel: rtc-rv8803 11-0032: rtc core: registered rx8900 as rtc0
Jun 30 15:56:33 witherspoon kernel: at24 11-0051: 8192 byte 24c64 EEPROM, writable, 1 bytes/write
Jun 30 15:56:33 witherspoon kernel: aspeed-i2c-bus 1e78a400.i2c-bus: i2c bus 11 registered, irq 32
Jun 30 15:56:33 witherspoon kernel: aspeed-i2c-bus 1e78a440.i2c-bus: i2c bus 12 registered, irq 33
Jun 30 15:56:33 witherspoon kernel: aspeed-i2c-bus 1e78a480.i2c-bus: i2c bus 13 registered, irq 34
Jun 30 15:56:33 witherspoon kernel: Driver for 1-wire Dallas network protocol.
Jun 30 15:56:33 witherspoon kernel: lm75 9-004a: hwmon0: sensor 'tmp275'
Jun 30 15:56:33 witherspoon kernel: random: fast init done
Jun 30 15:56:33 witherspoon kernel: ucd9000 11-0064: Device ID UCD90160|2.3.4.0000|110603
Jun 30 15:56:33 witherspoon kernel: leds-pca955x 11-0060: leds-pca955x: Using pca9552 16-bit LED driver at slave address 0x60
Jun 30 15:56:33 witherspoon kernel: leds-pca955x 11-0060: gpios 264...279
Jun 30 15:56:33 witherspoon kernel: usbcore: registered new interface driver usbhid
Jun 30 15:56:33 witherspoon kernel: usbhid: USB HID core driver
Jun 30 15:56:33 witherspoon kernel: dps310: probe of 3-0076 failed with error -5
Jun 30 15:56:33 witherspoon kernel: NET: Registered protocol family 10
Jun 30 15:56:33 witherspoon kernel: Segment Routing with IPv6
Jun 30 15:56:33 witherspoon kernel: NET: Registered protocol family 17
Jun 30 15:56:33 witherspoon kernel: console [netcon0] enabled
Jun 30 15:56:33 witherspoon kernel: netconsole: network logging started
Jun 30 15:56:33 witherspoon kernel: input: gpio-keys as /devices/platform/gpio-keys/input/input0
Jun 30 15:56:33 witherspoon kernel: rtc-rv8803 11-0032: setting system clock to 2017-06-30 15:56:22 UTC (1498838182)
Jun 30 15:56:33 witherspoon kernel: Freeing unused kernel memory: 280K
Jun 30 15:56:33 witherspoon kernel: This architecture does not have kernel memory protection.
Jun 30 15:56:33 witherspoon kernel: jffs2: notice: (515) jffs2_build_xattr_subsystem: complete building xattr subsystem, 0 of xdatum (0 unchecked, 0 orphan) and 0 of xref (0 dead, 0 orphan) found.
Jun 30 15:56:33 witherspoon systemd[1]: Failed to insert module 'autofs4': No such file or directory
Jun 30 15:56:33 witherspoon systemd[1]: systemd 232 running in system mode. (+PAM -AUDIT -SELINUX -IMA -APPARMOR -SMACK +SYSVINIT -UTMP -LIBCRYPTSETUP -GCRYPT -GNUTLS +ACL +XZ -LZ4 -SECCOMP +BLKID -ELFUTILS +KMOD -IDN)
Jun 30 15:56:33 witherspoon systemd[1]: Detected architecture arm.
Jun 30 15:56:33 witherspoon systemd[1]: Set hostname to <witherspoon>.
Jun 30 15:56:33 witherspoon systemd[1]: Reached target Remote File Systems.
Jun 30 15:56:33 witherspoon systemd[1]: Started Dispatch Password Requests to Console Directory Watch.
Jun 30 15:56:33 witherspoon systemd[1]: Listening on Journal Socket.
Jun 30 15:56:33 witherspoon systemd[1]: Listening on /dev/initctl Compatibility Named Pipe.
Jun 30 15:56:33 witherspoon systemd[1]: Created slice System Slice.
Jun 30 15:56:33 witherspoon systemd[1]: Created slice system-serial\x2dgetty.slice.
Jun 30 15:56:33 witherspoon systemd[1]: Created slice system-org.openbmc.control.Chassis.slice.
Jun 30 15:56:33 witherspoon systemd[1]: Starting Apply Kernel Variables...
Jun 30 15:56:33 witherspoon systemd[1]: Created slice system-org.openbmc.buttons.Power.slice.
Jun 30 15:56:33 witherspoon systemd[1]: Mounting Debug File System...
Jun 30 15:56:33 witherspoon systemd[1]: Starting Remount Root and Kernel File Systems...
Jun 30 15:56:33 witherspoon systemd[1]: Listening on udev Kernel Socket.
Jun 30 15:56:33 witherspoon systemd[1]: Starting udev Coldplug all Devices...
Jun 30 15:56:33 witherspoon systemd[1]: Listening on Journal Socket (/dev/log).
Jun 30 15:56:33 witherspoon systemd[1]: Starting Journal Service...
Jun 30 15:56:33 witherspoon systemd[1]: Created slice system-phosphor\x2ddiscover\x2dsystem\x2dstate.slice.
Jun 30 15:56:33 witherspoon systemd-journald[547]: Journal started
Jun 30 15:56:33 witherspoon systemd-journald[547]: Runtime journal (/run/log/journal/169f9b5a822f4338824a4e146beb5550) is 0B, max 0B, 0B free.
Jun 30 15:56:33 witherspoon systemd-sysctl[536]: Couldn't write '16' to 'kernel/sysrq', ignoring: No such file or directory
Jun 30 15:56:34 witherspoon systemd-sysctl[536]: Couldn't write 'fq_codel' to 'net/core/default_qdisc', ignoring: No such file or directory
Jun 30 15:56:34 witherspoon systemd[1]: Created slice system-mapper\x2dwait.slice.
Jun 30 15:56:35 witherspoon systemd[1]: Started Apply Kernel Variables.
Jun 30 15:56:35 witherspoon systemd[1]: Started Remount Root and Kernel File Systems.
Jun 30 15:56:36 witherspoon systemd[1]: Starting Create System Users...
Jun 30 15:56:36 witherspoon systemd[1]: Starting Flush Journal to Persistent Storage...
Jun 30 15:56:36 witherspoon systemd[1]: Started udev Coldplug all Devices.
Jun 30 15:56:37 witherspoon systemd[1]: Started Create System Users.
Jun 30 15:56:37 witherspoon systemd[1]: Starting Create Static Device Nodes in /dev...
Jun 30 15:56:38 witherspoon systemd[1]: Started Create Static Device Nodes in /dev.
Jun 30 15:56:38 witherspoon systemd-journald[547]: Runtime journal (/run/log/journal/169f9b5a822f4338824a4e146beb5550) is 0B, max 0B, 0B free.
Jun 30 15:56:38 witherspoon systemd[1]: Reached target Local File Systems (Pre).
Jun 30 15:56:38 witherspoon systemd[1]: Mounting /var/volatile...
Jun 30 15:56:38 witherspoon systemd[1]: Starting udev Kernel Device Manager...
Jun 30 15:56:39 witherspoon systemd[1]: Started Flush Journal to Persistent Storage.
Jun 30 15:56:39 witherspoon systemd[1]: Mounted /var/volatile.
Jun 30 15:56:39 witherspoon systemd[1]: Starting Load/Save Random Seed...
Jun 30 15:56:39 witherspoon systemd[1]: Reached target Local File Systems.
Jun 30 15:56:39 witherspoon systemd[1]: Starting Create Volatile Files and Directories...
Jun 30 15:56:39 witherspoon systemd[1]: Starting Rebuild Journal Catalog...
Jun 30 15:56:39 witherspoon systemd[1]: Started Load/Save Random Seed.
Jun 30 15:56:39 witherspoon systemd-tmpfiles[877]: "/var/tmp" already exists and is not a directory.
Jun 30 15:56:39 witherspoon systemd-tmpfiles[877]: "/var/log" already exists and is not a directory.
Jun 30 15:56:39 witherspoon systemd[1]: Started Create Volatile Files and Directories.
Jun 30 15:56:39 witherspoon systemd[1]: Starting Run pending postinsts...
Jun 30 15:56:39 witherspoon systemd[1]: Starting Network Time Synchronization...
Jun 30 15:56:39 witherspoon systemd[1]: Started Rebuild Journal Catalog.
Jun 30 15:56:39 witherspoon systemd[1]: Starting Update is Completed...
Jun 30 15:56:39 witherspoon systemd[1]: Started Update is Completed.
Jun 30 15:56:40 witherspoon systemd[1]: Started Network Time Synchronization.
Jun 30 15:56:40 witherspoon systemd[1]: Reached target System Time Synchronized.
Jun 30 15:56:40 witherspoon systemd[1]: Started udev Kernel Device Manager.
Jun 30 15:56:40 witherspoon run-postinsts[881]: Running postinst /etc/rpm-postinsts/libglib-2.0-0...
Jun 30 15:56:42 witherspoon systemd[1]: dev-hugepages.mount: Couldn't determine result for ConditionVirtualization=!private-users, assuming failed: No such file or directory
Jun 30 15:56:42 witherspoon systemd[1]: Created slice system-xyz.openbmc_project.Hwmon.slice.
Jun 30 15:56:42 witherspoon systemd[1]: Found device /dev/aspeed-lpc-ctrl.
Jun 30 15:56:42 witherspoon systemd[1]: Found device /dev/aspeed-mbox.
Jun 30 15:56:42 witherspoon systemd[1]: Found device /dev/ttyS4.
Jun 30 15:56:42 witherspoon systemd[1]: Found device /dev/ttyVUART0.
Jun 30 15:56:43 witherspoon run-postinsts[881]: rm: can't remove '/etc/rpm-postinsts': Invalid argument
Jun 30 15:56:43 witherspoon systemd[1]: Created slice system-xyz.openbmc_project.led.controller.slice.
Jun 30 15:56:43 witherspoon systemd[1]: dev-hugepages.mount: Couldn't determine result for ConditionVirtualization=!private-users, assuming failed: No such file or directory
Jun 30 15:56:43 witherspoon systemd[1]: dev-hugepages.mount: Couldn't determine result for ConditionVirtualization=!private-users, assuming failed: No such file or directory
Jun 30 15:56:44 witherspoon run-postinsts[881]:  Removing any system startup links for run-postinsts ...
Jun 30 15:56:44 witherspoon systemctl[915]: Removed /etc/systemd/system/sysinit.target.wants/run-postinsts.service.
Jun 30 15:56:44 witherspoon systemd[1]: Reloading.
Jun 30 15:56:46 witherspoon systemd[1]: Started Run pending postinsts.
Jun 30 15:56:46 witherspoon systemd[1]: Reached target System Initialization.
Jun 30 15:56:46 witherspoon systemd[1]: Started Daily Cleanup of Temporary Directories.
Jun 30 15:56:46 witherspoon systemd[1]: Reached target Timers.
Jun 30 15:56:46 witherspoon systemd[1]: Listening on D-Bus System Message Bus Socket.
Jun 30 15:56:46 witherspoon systemd[1]: Listening on Phosphor DBUS Browser socket.
Jun 30 15:56:46 witherspoon systemd[1]: Listening on phosphor-ipmi-net.socket.
Jun 30 15:56:46 witherspoon systemd[1]: Listening on Avahi mDNS/DNS-SD Stack Activation Socket.
Jun 30 15:56:46 witherspoon systemd[1]: Listening on Phosphor Webserver socket.
Jun 30 15:56:46 witherspoon systemd[1]: Listening on dropbear.socket.
Jun 30 15:56:46 witherspoon systemd[1]: Listening on Phosphor Host Console SSH Per-Connection socket.
Jun 30 15:56:47 witherspoon systemd[1]: Reached target Sockets.
Jun 30 15:56:47 witherspoon systemd[1]: Reached target Basic System.
Jun 30 15:56:47 witherspoon systemd[1]: Starting Phosphor Inventory Manager...
Jun 30 15:56:47 witherspoon systemd[1]: Started Phosphor Hwmon Poller.
Jun 30 15:56:47 witherspoon systemd[1]: Starting Phosphor Download Manager...
Jun 30 15:56:47 witherspoon systemd[1]: Started Phosphor MBOX Daemon.
Jun 30 15:56:47 witherspoon systemd[1]: Started Phosphor sysfs LED controller.
Jun 30 15:56:47 witherspoon systemd[1]: Started Phosphor Hwmon Poller.
Jun 30 15:56:47 witherspoon systemd[1]: Starting Phosphor Download Manager...
Jun 30 15:56:47 witherspoon systemd[1]: Starting Phosphor IPMI BT DBus Bridge...
Jun 30 15:56:47 witherspoon systemd[1]: Starting OpenPower Software Update Manager...
Jun 30 15:56:47 witherspoon systemd[1]: Starting Phosphor BMC0 Control...
Jun 30 15:56:47 witherspoon systemd[1]: Started Phosphor Hwmon Poller.
Jun 30 15:56:47 witherspoon systemd[1]: Starting Avahi mDNS/DNS-SD Stack...
Jun 30 15:56:47 witherspoon systemd[1]: Reached target Containers.
Jun 30 15:56:47 witherspoon systemd[1]: Starting Clear one time boot overrides...
Jun 30 15:56:48 witherspoon systemd[1]: Started Phosphor Hwmon Poller.
Jun 30 15:56:48 witherspoon systemd[1]: Starting OpenBMC Software Update Manager...
Jun 30 15:56:48 witherspoon systemd[1]: Started Phosphor sysfs LED controller.
Jun 30 15:56:48 witherspoon systemd[1]: Starting Phosphor Dump Manager...
Jun 30 15:56:48 witherspoon systemd[1]: Starting Phosphor Sensor Manager...
Jun 30 15:56:48 witherspoon systemd[1]: Started Kernel Logging Service.
Jun 30 15:56:48 witherspoon systemd[1]: Started Phosphor Console Muxer listening on device /dev/ttyVUART0.
Jun 30 15:56:48 witherspoon systemd[1]: Starting Phosphor DBus Service Discovery Manager...
Jun 30 15:56:48 witherspoon systemd[1]: Started System Logging Service.
Jun 30 15:56:48 witherspoon systemd[1]: Started Phosphor Dump core monitor..
Jun 30 15:56:48 witherspoon systemd[1]: Started Phosphor Hwmon Poller.
Jun 30 15:56:48 witherspoon systemd[1]: Starting Phosphor Log Manager...
Jun 30 15:56:48 witherspoon systemd[1]: Started Phosphor Hwmon Poller.
Jun 30 15:56:48 witherspoon systemd[1]: Starting Phosphor LED Group Management Daemon...
Jun 30 15:56:50 witherspoon kernel[944]: klogd started: BusyBox v1.24.1 (2017-06-16 19:29:08 UTC)
Jun 30 15:56:50 witherspoon kernel[944]: [    0.000000] Booting Linux on physical CPU 0x0
Jun 30 15:56:50 witherspoon kernel[944]: [    0.000000] Linux version 4.10.17-9e95993e2d6edc68af5ca3f2345789e0f450d0db (jenkins@openbmc-builder1) (gcc version 6.2.0 (GCC) ) #1 Fri Jun 30 09:32:45 UTC 2017
Jun 30 15:56:50 witherspoon kernel[944]: [    0.000000] CPU: ARMv6-compatible processor [410fb767] revision 7 (ARMv7), cr=00c5387d
Jun 30 15:56:50 witherspoon kernel[944]: [    0.000000] CPU: PIPT / VIPT nonaliasing data cache, VIPT nonaliasing instruction cache
Jun 30 15:56:50 witherspoon kernel[944]: [    0.000000] OF: fdt:Machine model: Witherspoon BMC
Jun 30 15:56:50 witherspoon kernel[944]: [    0.000000] Memory policy: Data cache writeback
Jun 30 15:56:50 witherspoon kernel[944]: [    0.000000] SOC Rev: 04030303
Jun 30 15:56:50 witherspoon kernel[944]: [    0.000000] On node 0 totalpages: 110592
Jun 30 15:56:50 witherspoon kernel[944]: [    0.000000] free_area_init_node: node 0, pgdat 805f33fc, node_mem_map 9ec1a000
Jun 30 15:56:50 witherspoon kernel[944]: [    0.000000]   Normal zone: 992 pages used for memmap
Jun 30 15:56:50 witherspoon kernel[944]: [    0.000000]   Normal zone: 0 pages reserved
Jun 30 15:56:50 witherspoon kernel[944]: [    0.000000]   Normal zone: 110592 pages, LIFO batch:31
Jun 30 15:56:50 witherspoon kernel[944]: [    0.000000] pcpu-alloc: s0 r0 d32768 u32768 alloc=1*32768
Jun 30 15:56:50 witherspoon kernel[944]: [    0.000000] pcpu-alloc: [0] 0
Jun 30 15:56:50 witherspoon kernel[944]: [    0.000000] Built 1 zonelists in Zone order, mobility grouping on.  Total pages: 109600
Jun 30 15:56:50 witherspoon kernel[944]: [    0.000000] Kernel command line: console=ttyS4,115200n8 root=/dev/ram rw
Jun 30 15:56:50 witherspoon kernel[944]: [    0.000000] PID hash table entries: 2048 (order: 1, 8192 bytes)
Jun 30 15:56:50 witherspoon kernel[944]: [    0.000000] Dentry cache hash table entries: 65536 (order: 6, 262144 bytes)
Jun 30 15:56:50 witherspoon kernel[944]: [    0.000000] Inode-cache hash table entries: 32768 (order: 5, 131072 bytes)
Jun 30 15:56:50 witherspoon kernel[944]: [    0.000000] Memory: 430508K/442368K available (4048K kernel code, 280K rwdata, 1168K rodata, 280K init, 111K bss, 11860K reserved, 0K cma-reserved)
Jun 30 15:56:50 witherspoon kernel[944]: [    0.000000] Virtual kernel memory layout:
Jun 30 15:56:50 witherspoon kernel[944]: [    0.000000]     vector  : 0xffff0000 - 0xffff1000   (   4 kB)
Jun 30 15:56:50 witherspoon kernel[944]: [    0.000000]     fixmap  : 0xffc00000 - 0xfff00000   (3072 kB)
Jun 30 15:56:50 witherspoon kernel[944]: [    0.000000]     vmalloc : 0x9f800000 - 0xff800000   (1536 MB)
Jun 30 15:56:50 witherspoon kernel[944]: [    0.000000]     lowmem  : 0x80000000 - 0x9f000000   ( 496 MB)
Jun 30 15:56:50 witherspoon kernel[944]: [    0.000000]       .text : 0x80008000 - 0x803fc380   (4049 kB)
Jun 30 15:56:50 witherspoon kernel[944]: [    0.000000]       .init : 0x8057a000 - 0x805c0000   ( 280 kB)
Jun 30 15:56:50 witherspoon kernel[944]: [    0.000000]       .data : 0x805c0000 - 0x806061a8   ( 281 kB)
Jun 30 15:56:50 witherspoon kernel[944]: [    0.000000]        .bss : 0x806061a8 - 0x80622058   ( 112 kB)
Jun 30 15:56:50 witherspoon kernel[944]: [    0.000000] NR_IRQS:16 nr_irqs:16 16
Jun 30 15:56:50 witherspoon kernel[944]: [    0.000000] i2c controller registered, irq 16
Jun 30 15:56:50 witherspoon kernel[944]: [    0.000000] clocksource: moxart_timer: mask: 0xffffffff max_cycles: 0xffffffff, max_idle_ns: 77222644334 ns
Jun 30 15:56:50 witherspoon kernel[944]: [    0.000000] sched_clock: 32 bits at 100 Hz, resolution 10000000ns, wraps every 21474836475000000ns
Jun 30 15:56:50 witherspoon kernel[944]: [    0.090000] Calibrating delay loop... 789.70 BogoMIPS (lpj=3948544)
Jun 30 15:56:50 witherspoon kernel[944]: [    0.090000] pid_max: default: 32768 minimum: 301
Jun 30 15:56:50 witherspoon kernel[944]: [    0.090000] Mount-cache hash table entries: 1024 (order: 0, 4096 bytes)
Jun 30 15:56:50 witherspoon kernel[944]: [    0.090000] Mountpoint-cache hash table entries: 1024 (order: 0, 4096 bytes)
Jun 30 15:56:50 witherspoon kernel[944]: [    0.090000] CPU: Testing write buffer coherency: ok
Jun 30 15:56:50 witherspoon kernel[944]: [    0.090000] ftrace: allocating 14866 entries in 44 pages
Jun 30 15:56:50 witherspoon kernel[944]: [    0.120000] Setting up static identity map for 0x80008200 - 0x8000825c
Jun 30 15:56:50 witherspoon kernel[944]: [    0.120000] devtmpfs: initialized
Jun 30 15:56:50 witherspoon kernel[944]: [    0.140000] clocksource: jiffies: mask: 0xffffffff max_cycles: 0xffffffff, max_idle_ns: 19112604462750000 ns
Jun 30 15:56:52 witherspoon kernel: random: crng init done
Jun 30 15:56:51 witherspoon systemd[1]: Starting Phosphor Chassis0 Control...
Jun 30 15:56:50 witherspoon kernel[944]: [    0.140000] futex hash table entries: 256 (order: -1, 3072 bytes)
Jun 30 15:56:51 witherspoon systemd[1]: Started Hardware RNG Entropy Gatherer Daemon.
Jun 30 15:56:50 witherspoon kernel[944]: [    0.140000] pinctrl core: initialized pinctrl subsystem
Jun 30 15:56:51 witherspoon systemd[1]: Started Phosphor Hwmon Poller.
Jun 30 15:56:50 witherspoon kernel[944]: [    0.140000] NET: Registered protocol family 16
Jun 30 15:56:52 witherspoon systemd[1]: Started D-Bus System Message Bus.
Jun 30 15:56:50 witherspoon kernel[944]: [    0.140000] DMA: preallocated 256 KiB pool for atomic coherent allocations
Jun 30 15:56:50 witherspoon kernel[944]: [    0.210000] usbcore: registered new interface driver usbfs
Jun 30 15:56:50 witherspoon kernel[944]: [    0.210000] usbcore: registered new interface driver hub
Jun 30 15:56:50 witherspoon kernel[944]: [    0.210000] usbcore: registered new device driver usb
Jun 30 15:56:50 witherspoon kernel[944]: [    0.220000] clocksource: Switched to clocksource moxart_timer
Jun 30 15:56:50 witherspoon kernel[944]: [    0.240000] NET: Registered protocol family 2
Jun 30 15:56:50 witherspoon kernel[944]: [    0.240000] TCP established hash table entries: 4096 (order: 2, 16384 bytes)
Jun 30 15:56:50 witherspoon kernel[944]: [    0.240000] TCP bind hash table entries: 4096 (order: 2, 16384 bytes)
Jun 30 15:56:50 witherspoon kernel[944]: [    0.240000] TCP: Hash tables configured (established 4096 bind 4096)
Jun 30 15:56:50 witherspoon kernel[944]: [    0.240000] UDP hash table entries: 256 (order: 0, 4096 bytes)
Jun 30 15:56:50 witherspoon kernel[944]: [    0.240000] UDP-Lite hash table entries: 256 (order: 0, 4096 bytes)
Jun 30 15:56:50 witherspoon kernel[944]: [    0.240000] NET: Registered protocol family 1
Jun 30 15:56:50 witherspoon kernel[944]: [    0.240000] Trying to unpack rootfs image as initramfs...
Jun 30 15:56:50 witherspoon kernel[944]: [    1.910000] Freeing initrd memory: 1548K
Jun 30 15:56:50 witherspoon kernel[944]: [    1.910000] workingset: timestamp_bits=30 max_order=17 bucket_order=0
Jun 30 15:56:50 witherspoon kernel[944]: [    1.910000] squashfs: version 4.0 (2009/01/31) Phillip Lougher
Jun 30 15:56:50 witherspoon kernel[944]: [    1.910000] jffs2: version 2.2. (SUMMARY)  © 2001-2006 Red Hat, Inc.
Jun 30 15:56:50 witherspoon kernel[944]: [    1.910000] Block layer SCSI generic (bsg) driver version 0.4 loaded (major 250)
Jun 30 15:56:50 witherspoon kernel[944]: [    1.910000] io scheduler noop registered
Jun 30 15:56:50 witherspoon kernel[944]: [    1.910000] io scheduler deadline registered
Jun 30 15:56:50 witherspoon kernel[944]: [    1.910000] io scheduler cfq registered (default)
Jun 30 15:56:50 witherspoon kernel[944]: [    2.060000] ipmi-bt-host 1e789140.ibt: Found bt bmc device
Jun 30 15:56:50 witherspoon kernel[944]: [    2.060000] ipmi-bt-host 1e789140.ibt: Using IRQ 22
Jun 30 15:56:50 witherspoon kernel[944]: [    2.060000] Serial: 8250/16550 driver, 6 ports, IRQ sharing enabled
Jun 30 15:56:50 witherspoon kernel[944]: [    2.060000] 1e783000.serial: ttyS0 at MMIO 0x1e783000 (irq = 23, base_baud = 1500000) is a 16550A
Jun 30 15:56:50 witherspoon kernel[944]: [    2.060000] 1e78d000.serial: ttyS1 at MMIO 0x1e78d000 (irq = 24, base_baud = 1500000) is a 16550A
Jun 30 15:56:50 witherspoon kernel[944]: [    2.060000] 1e784000.serial: ttyS4 at MMIO 0x1e784000 (irq = 25, base_baud = 1500000) is a 16550A
Jun 30 15:56:50 witherspoon kernel[944]: [    2.400000] console [ttyS4] enabled
Jun 30 15:56:50 witherspoon kernel[944]: [    2.400000] 1e787000.vuart: ttyS2 at MMIO 0x1e787000 (irq = 22, base_baud = 1500000) is a 16550A
Jun 30 15:56:50 witherspoon kernel[944]: [    2.610000] timeriomem_rng 1e6e2078.hwrng: 32bits from 0xf00e2078 @ 1us
Jun 30 15:56:50 witherspoon kernel[944]: [    2.650000] brd: module loaded
Jun 30 15:56:50 witherspoon kernel[944]: [    2.670000] loop: module loaded
Jun 30 15:56:50 witherspoon kernel[944]: [    2.670000] aspeed-lpc-ctrl 1e789080.lpc-ctrl: Loaded at 0x98000000 (0x04000000)
Jun 30 15:56:50 witherspoon kernel[944]: [    2.670000] aspeed-smc 1e620000.flash-controller: Using IRQ 18
Jun 30 15:56:50 witherspoon kernel[944]: [    2.700000] aspeed-smc 1e620000.flash-controller: DMA support disabled.
Jun 30 15:56:50 witherspoon kernel[944]: [    2.700000] aspeed-smc 1e620000.flash-controller: mx25l25635e (32768 Kbytes)
Jun 30 15:56:50 witherspoon kernel[944]: [    2.700000] aspeed-smc 1e620000.flash-controller: CE0 window [ 0x20000000 - 0x22000000 ] 32MB
Jun 30 15:56:50 witherspoon kernel[944]: [    2.700000] aspeed-smc 1e620000.flash-controller: CE1 window [ 0x22000000 - 0x2a000000 ] 128MB
Jun 30 15:56:50 witherspoon kernel[944]: [    2.730000] 5 ofpart partitions found on MTD device bmc
Jun 30 15:56:50 witherspoon kernel[944]: [    2.730000] Creating 5 MTD partitions on "bmc":
Jun 30 15:56:50 witherspoon kernel[944]: [    2.730000] 0x000000000000-0x000000060000 : "u-boot"
Jun 30 15:56:50 witherspoon kernel[944]: [    2.730000] 0x000000060000-0x000000080000 : "u-boot-env"
Jun 30 15:56:50 witherspoon kernel[944]: [    2.730000] 0x000000080000-0x0000004c0000 : "kernel"
Jun 30 15:56:50 witherspoon kernel[944]: [    2.770000] 0x0000004c0000-0x000001c00000 : "rofs"
Jun 30 15:56:50 witherspoon kernel[944]: [    2.770000] 0x000001c00000-0x000002000000 : "rwfs"
Jun 30 15:56:50 witherspoon kernel[944]: [    2.770000] aspeed-smc 1e620000.flash-controller: mx25l25635e (32768 Kbytes)
Jun 30 15:56:50 witherspoon kernel[944]: [    2.770000] aspeed-smc 1e620000.flash-controller: CE1 window [ 0x22000000 - 0x24000000 ] 32MB
Jun 30 15:56:50 witherspoon kernel[944]: [    2.770000] aspeed-smc 1e620000.flash-controller: CE2 window [ 0x24000000 - 0x2c000000 ] 128MB
Jun 30 15:56:50 witherspoon kernel[944]: [    2.820000] aspeed-smc 1e630000.flash-controller: mx66l1g45g (131072 Kbytes)
Jun 30 15:56:50 witherspoon kernel[944]: [    2.820000] aspeed-smc 1e630000.flash-controller: CE0 window resized to 120MB (AST2500 HW quirk)
Jun 30 15:56:50 witherspoon kernel[944]: [    2.820000] aspeed-smc 1e630000.flash-controller: CE0 window [ 0x30000000 - 0x37800000 ] 120MB
Jun 30 15:56:50 witherspoon kernel[944]: [    2.820000] aspeed-smc 1e630000.flash-controller: CE0 window too small for chip 128MB
Jun 30 15:56:50 witherspoon kernel[944]: [    2.820000] aspeed-smc 1e630000.flash-controller: CE1 window [ 0x37800000 - 0x38000000 ] 8MB
Jun 30 15:56:50 witherspoon kernel[944]: [    3.570000] libphy: Fixed MDIO Bus: probed
Jun 30 15:56:50 witherspoon kernel[944]: [    3.570000] ftgmac100 1e660000.ethernet: Read MAC address 70:e2:84:14:23:e1 from chip
Jun 30 15:56:50 witherspoon kernel[944]: [    3.570000] ftgmac100 1e660000.ethernet: Using NCSI interface
Jun 30 15:56:50 witherspoon kernel[944]: [    3.570000] ftgmac100 1e660000.ethernet eth0: irq 20, mapped at f0060000
Jun 30 15:56:50 witherspoon kernel[944]: [    3.570000] ehci_hcd: USB 2.0 'Enhanced' Host Controller (EHCI) Driver
Jun 30 15:56:50 witherspoon kernel[944]: [    3.670000] ehci-platform: EHCI generic platform driver
Jun 30 15:56:50 witherspoon kernel[944]: [    3.830000]  fsi0: can't read slave 00:00 -5
Jun 30 15:56:50 witherspoon kernel[944]: [    3.830000] i2c /dev entries driver
Jun 30 15:56:50 witherspoon kernel[944]: [    3.830000] aspeed-i2c-bus 1e78a0c0.i2c-bus: i2c bus 2 registered, irq 26
Jun 30 15:56:50 witherspoon kernel[944]: [    3.830000] aspeed-i2c-bus 1e78a100.i2c-bus: i2c bus 3 registered, irq 27
Jun 30 15:56:50 witherspoon kernel[944]: [    3.830000] aspeed-i2c-bus 1e78a140.i2c-bus: i2c bus 4 registered, irq 28
Jun 30 15:56:50 witherspoon kernel[944]: [    3.830000] aspeed-i2c-bus 1e78a180.i2c-bus: i2c bus 5 registered, irq 29
Jun 30 15:56:50 witherspoon kernel[944]: [    3.830000] aspeed-i2c-bus 1e78a380.i2c-bus: i2c bus 9 registered, irq 30
Jun 30 15:56:50 witherspoon kernel[944]: [    3.830000] aspeed-i2c-bus 1e78a3c0.i2c-bus: i2c bus 10 registered, irq 31
Jun 30 15:56:50 witherspoon kernel[944]: [    3.830000] rtc-rv8803 11-0032: Voltage low, temperature compensation stopped.
Jun 30 15:56:50 witherspoon kernel[944]: [    3.830000] rtc-rv8803 11-0032: An alarm maybe have been missed.
Jun 30 15:56:50 witherspoon kernel[944]: [    3.940000] rtc-rv8803 11-0032: rtc core: registered rx8900 as rtc0
Jun 30 15:56:50 witherspoon kernel[944]: [    3.950000] at24 11-0051: 8192 byte 24c64 EEPROM, writable, 1 bytes/write
Jun 30 15:56:50 witherspoon kernel[944]: [    3.950000] aspeed-i2c-bus 1e78a400.i2c-bus: i2c bus 11 registered, irq 32
Jun 30 15:56:50 witherspoon kernel[944]: [    3.960000] aspeed-i2c-bus 1e78a440.i2c-bus: i2c bus 12 registered, irq 33
Jun 30 15:56:50 witherspoon kernel[944]: [    3.960000] aspeed-i2c-bus 1e78a480.i2c-bus: i2c bus 13 registered, irq 34
Jun 30 15:56:50 witherspoon kernel[944]: [    3.960000] Driver for 1-wire Dallas network protocol.
Jun 30 15:56:50 witherspoon kernel[944]: [    3.980000] lm75 9-004a: hwmon0: sensor 'tmp275'
Jun 30 15:56:50 witherspoon kernel[944]: [    4.010000] random: fast init done
Jun 30 15:56:50 witherspoon kernel[944]: [    4.410000] ucd9000 11-0064: Device ID UCD90160|2.3.4.0000|110603
Jun 30 15:56:50 witherspoon kernel[944]: [    4.730000] leds-pca955x 11-0060: leds-pca955x: Using pca9552 16-bit LED driver at slave address 0x60
Jun 30 15:56:50 witherspoon kernel[944]: [    4.750000] leds-pca955x 11-0060: gpios 264...279
Jun 30 15:56:52 witherspoon kernel[944]: [    4.750000] usbcore: registered new interface driver usbhid
Jun 30 15:56:52 witherspoon kernel[944]: [    4.760000] usbhid: USB HID core driver
Jun 30 15:56:52 witherspoon kernel[944]: [    4.800000] dps310: probe of 3-0076 failed with error -5
Jun 30 15:56:52 witherspoon kernel[944]: [    4.800000] NET: Registered protocol family 10
Jun 30 15:56:52 witherspoon kernel[944]: [    4.810000] Segment Routing with IPv6
Jun 30 15:56:52 witherspoon kernel[944]: [    4.810000] NET: Registered protocol family 17
Jun 30 15:56:52 witherspoon kernel[944]: [    4.810000] console [netcon0] enabled
Jun 30 15:56:52 witherspoon kernel[944]: [    4.810000] netconsole: network logging started
Jun 30 15:56:52 witherspoon kernel[944]: [    4.830000] input: gpio-keys as /devices/platform/gpio-keys/input/input0
Jun 30 15:56:52 witherspoon kernel[944]: [    4.840000] rtc-rv8803 11-0032: setting system clock to 2017-06-30 15:56:22 UTC (1498838182)
Jun 30 15:56:52 witherspoon kernel[944]: [    4.850000] Freeing unused kernel memory: 280K
Jun 30 15:56:52 witherspoon kernel[944]: [    4.850000] This architecture does not have kernel memory protection.
Jun 30 15:56:52 witherspoon kernel[944]: [    6.450000] jffs2: notice: (515) jffs2_build_xattr_subsystem: complete building xattr subsystem, 0 of xdatum (0 unchecked, 0 orphan) and 0 of xref (0 dead, 0 orphan) found.
Jun 30 15:56:52 witherspoon kernel[944]: [    8.690000] systemd[1]: Failed to insert module 'autofs4': No such file or directory
Jun 30 15:56:52 witherspoon kernel[944]: [    8.690000] systemd[1]: systemd 232 running in system mode. (+PAM -AUDIT -SELINUX -IMA -APPARMOR -SMACK +SYSVINIT -UTMP -LIBCRYPTSETUP -GCRYPT -GNUTLS +ACL +XZ -LZ4 -SECCOMP +BLKID -ELFUTILS +KMOD -IDN)
Jun 30 15:56:52 witherspoon kernel[944]: [    8.690000] systemd[1]: Detected architecture arm.
Jun 30 15:56:52 witherspoon kernel[944]: [    8.920000] systemd[1]: Set hostname to <witherspoon>.
Jun 30 15:56:52 witherspoon kernel[944]: [   10.360000] systemd[1]: Reached target Remote File Systems.
Jun 30 15:56:52 witherspoon kernel[944]: [   10.490000] systemd[1]: Started Dispatch Password Requests to Console Directory Watch.
Jun 30 15:56:52 witherspoon kernel[944]: [   10.550000] systemd[1]: Listening on Journal Socket.
Jun 30 15:56:52 witherspoon kernel[944]: [   10.590000] systemd[1]: Listening on /dev/initctl Compatibility Named Pipe.
Jun 30 15:56:52 witherspoon kernel[944]: [   10.640000] systemd[1]: Created slice System Slice.
Jun 30 15:56:52 witherspoon kernel[944]: [   10.680000] systemd[1]: Created slice system-serial\x2dgetty.slice.
Jun 30 15:56:52 witherspoon kernel[944]: [   10.730000] systemd[1]: Created slice system-org.openbmc.control.Chassis.slice.
Jun 30 15:56:52 witherspoon kernel[944]: [   13.830000] systemd[1]: Starting Apply Kernel Variables...
Jun 30 15:56:52 witherspoon kernel[944]: [   14.090000] systemd[1]: Created slice system-org.openbmc.buttons.Power.slice.
Jun 30 15:56:52 witherspoon kernel[944]: [   14.360000] systemd[1]: Mounting Debug File System...
Jun 30 15:56:52 witherspoon kernel[944]: [   14.640000] systemd[1]: Starting Remount Root and Kernel File Systems...
Jun 30 15:56:52 witherspoon kernel[944]: [   14.930000] systemd[1]: Listening on udev Kernel Socket.
Jun 30 15:56:52 witherspoon kernel[944]: [   15.230000] systemd[1]: Starting udev Coldplug all Devices...
Jun 30 15:56:52 witherspoon kernel[944]: [   15.540000] systemd[1]: Listening on Journal Socket (/dev/log).
Jun 30 15:56:52 witherspoon kernel[944]: [   15.860000] systemd[1]: Starting Journal Service...
Jun 30 15:56:52 witherspoon kernel[944]: [   16.190000] systemd[1]: Created slice system-phosphor\x2ddiscover\x2dsystem\x2dstate.slice.
Jun 30 15:56:52 witherspoon kernel[944]: [   16.530000] systemd[1]: Created slice system-mapper\x2dwait.slice.
Jun 30 15:56:52 witherspoon kernel[944]: [   20.930000] systemd-journald[547]: Received request to flush runtime journal from PID 1
Jun 30 15:56:52 witherspoon kernel[944]: [   34.610000] random: crng init done
Jun 30 15:56:53 witherspoon avahi-daemon[937]: Found user 'avahi' (UID 998) and group 'avahi' (GID 997).
Jun 30 15:56:53 witherspoon avahi-daemon[937]: Successfully dropped root privileges.
Jun 30 15:56:53 witherspoon avahi-daemon[937]: avahi-daemon 0.6.32 starting up.
Jun 30 15:56:55 witherspoon avahi-daemon[937]: Successfully called chroot().
Jun 30 15:56:55 witherspoon systemd[1]: Started OpenBMC Software Update Manager.
Jun 30 15:56:55 witherspoon avahi-daemon[937]: Successfully dropped remaining capabilities.
Jun 30 15:56:55 witherspoon avahi-daemon[937]: Loading service file /services/obmc_console.service.
Jun 30 15:56:55 witherspoon avahi-daemon[937]: Loading service file /services/phosphor_rest.service.
Jun 30 15:56:55 witherspoon avahi-daemon[937]: Loading service file /services/sftp-ssh.service.
Jun 30 15:56:55 witherspoon avahi-daemon[937]: Loading service file /services/sftp.service.
Jun 30 15:56:55 witherspoon avahi-daemon[937]: Loading service file /services/ssh.service.
Jun 30 15:56:55 witherspoon avahi-daemon[937]: Network interface enumeration completed.
Jun 30 15:56:55 witherspoon avahi-daemon[937]: Server startup complete. Host name is witherspoon.local. Local service cookie is 2788728848.
Jun 30 15:56:55 witherspoon avahi-daemon[937]: Service "witherspoon" (/services/ssh.service) successfully established.
Jun 30 15:56:55 witherspoon avahi-daemon[937]: Service "sftp" (/services/sftp.service) successfully established.
Jun 30 15:56:55 witherspoon avahi-daemon[937]: Service "witherspoon" (/services/sftp-ssh.service) successfully established.
Jun 30 15:56:56 witherspoon systemd[1]: Started Phosphor IPMI BT DBus Bridge.
Jun 30 15:56:55 witherspoon avahi-daemon[937]: Service "phosphor_rest" (/services/phosphor_rest.service) successfully established.
Jun 30 15:56:55 witherspoon avahi-daemon[937]: Service "obmc_console" (/services/obmc_console.service) successfully established.
Jun 30 15:56:56 witherspoon systemd[1]: Started Avahi mDNS/DNS-SD Stack.
Jun 30 15:56:56 witherspoon systemd[1]: Started OpenPower Software Update Manager.
Jun 30 15:56:56 witherspoon systemd[1]: Started Phosphor LED Group Management Daemon.
Jun 30 15:56:56 witherspoon systemd[1]: Started Phosphor Log Manager.
Jun 30 15:56:56 witherspoon systemd[1]: Started Phosphor Inventory Manager.
Jun 30 15:56:57 witherspoon systemd[1]: Started Phosphor BMC0 Control.
Jun 30 15:56:57 witherspoon systemd[1]: Started Phosphor Download Manager.
Jun 30 15:56:57 witherspoon systemd[1]: Started Phosphor Dump Manager.
Jun 30 15:56:57 witherspoon systemd[1]: Starting Phosphor Version Software Manager...
Jun 30 15:56:57 witherspoon systemd[1]: Starting Network Service...
Jun 30 15:56:57 witherspoon systemd[1]: Started Phosphor Hwmon Poller.
Jun 30 15:56:57 witherspoon systemd[1]: Started Phosphor sysfs LED controller.
Jun 30 15:56:58 witherspoon systemd[1]: Starting Phosphor User Manager...
Jun 30 15:56:58 witherspoon systemd[1]: Starting Phosphor Inventory Manager...
Jun 30 15:56:58 witherspoon systemd[1]: Starting Phosphor Network Manager...
Jun 30 15:56:58 witherspoon systemd[1]: Started Clear one time boot overrides.
Jun 30 15:57:00 witherspoon systemd[1]: Started Phosphor Version Software Manager.
Jun 30 15:57:01 witherspoon systemd-networkd[963]: Enumeration completed
Jun 30 15:57:01 witherspoon systemd[1]: Started Network Service.
Jun 30 15:57:01 witherspoon systemd[1]: Reached target Network.
Jun 30 15:57:01 witherspoon systemd[1]: Starting Permit User Sessions...
Jun 30 15:57:01 witherspoon systemd[1]: Started Lightweight SLP Server.
Jun 30 15:57:02 witherspoon systemd-networkd[963]: eth0: IPv6 enabled for interface: Success
Jun 30 15:57:02 witherspoon avahi-daemon[937]: Joining mDNS multicast group on interface eth0.IPv4 with address 9.3.86.161.
Jun 30 15:57:02 witherspoon avahi-daemon[937]: New relevant interface eth0.IPv4 for mDNS.
Jun 30 15:57:02 witherspoon avahi-daemon[937]: Registering new address record for 9.3.86.161 on eth0.IPv4.
Jun 30 15:57:02 witherspoon systemd-networkd[963]: eth0: Gained carrier
Jun 30 15:57:02 witherspoon systemd-timesyncd[882]: Network configuration changed, trying to establish connection.
Jun 30 15:57:02 witherspoon systemd[1]: Started Permit User Sessions.
Jun 30 15:57:02 witherspoon systemd[1]: Started Serial Getty on ttyS4.
Jun 30 15:57:02 witherspoon systemd[1]: Reached target Login Prompts.
Jun 30 15:57:02 witherspoon systemd[1]: Reached target Multi-User System.
Jun 30 15:57:04 witherspoon avahi-daemon[937]: Joining mDNS multicast group on interface eth0.IPv6 with address fe80::72e2:84ff:fe14:23e1.
Jun 30 15:57:04 witherspoon systemd-networkd[963]: eth0: Gained IPv6LL
Jun 30 15:57:04 witherspoon avahi-daemon[937]: New relevant interface eth0.IPv6 for mDNS.
Jun 30 15:57:04 witherspoon avahi-daemon[937]: Registering new address record for fe80::72e2:84ff:fe14:23e1 on eth0.*.
Jun 30 15:57:05 witherspoon kernel: ftgmac100 1e660000.ethernet eth0: NCSI interface up
Jun 30 15:57:05 witherspoon kernel[944]: [   48.060000] ftgmac100 1e660000.ethernet eth0: NCSI interface up
Jun 30 15:57:12 witherspoon download_manager.py[928]: Running Download Manager
Jun 30 15:57:12 witherspoon systemd[1]: Started Phosphor Download Manager.
Jun 30 15:57:12 witherspoon chassis_control.py[953]: Running ChassisControlService
Jun 30 15:57:12 witherspoon systemd[1]: Started Phosphor Chassis0 Control.
Jun 30 15:57:14 witherspoon sensor_manager2.py[943]: Setting boot count to 3
Jun 30 15:57:14 witherspoon systemd[1]: Created slice system-dropbear.slice.
Jun 30 15:57:14 witherspoon systemd[1]: Started SSH Per-Connection Server (9.41.165.94:60648).
Jun 30 15:57:14 witherspoon sensor_manager2.py[943]: Deleting OCC device
Jun 30 15:57:14 witherspoon dropbear[977]: Failed loading /etc/dropbear/dropbear_dss_host_key
Jun 30 15:57:14 witherspoon dropbear[977]: Failed loading /etc/dropbear/dropbear_ecdsa_host_key
Jun 30 15:57:14 witherspoon dropbear[977]: Child connection from ::ffff:9.41.165.94:60648
Jun 30 15:57:14 witherspoon sensor_manager2.py[943]: sh: /sys/class/i2c-adapter/i2c-3/3-0050/online: No such file or directory
Jun 30 15:57:14 witherspoon sensor_manager2.py[943]: Deleting OCC device
Jun 30 15:57:15 witherspoon phosphor-mapper[946]: ObjectMapper startup complete.  Discovery in progress...
Jun 30 15:57:16 witherspoon sensor_manager2.py[943]: sh: /sys/class/i2c-adapter/i2c-3/3-0050/online: No such file or directory
Jun 30 15:57:16 witherspoon sensor_manager2.py[943]: Starting sensor manager
Jun 30 15:57:16 witherspoon systemd[1]: Started Phosphor Sensor Manager.
Jun 30 15:57:16 witherspoon avahi-daemon[960]: ../../avahi-0.6.32/avahi-daemon/chroot.c: open() failed: No such file or directory
Jun 30 15:57:16 witherspoon avahi-daemon[937]: Failed to open /usr/share/dbus-1/interfaces/org.freedesktop.Avahi.Server.xml: Invalid argument
Jun 30 15:57:16 witherspoon avahi-daemon[937]: Failed to load introspection data.
Jun 30 15:57:17 witherspoon dropbear[977]: PAM password auth succeeded for 'root' from ::ffff:9.41.165.94:60648
Jun 30 15:57:17 witherspoon systemd-networkd[963]: eth0: Configured
Jun 30 15:57:17 witherspoon systemd-timesyncd[882]: Network configuration changed, trying to establish connection.
Jun 30 15:57:18 witherspoon dropbear[980]: lastlog_perform_login: Couldn't stat /var/log/lastlog: No such file or directory
Jun 30 15:57:18 witherspoon dropbear[980]: lastlog_openseek: /var/log/lastlog is not a file or directory!
Jun 30 15:57:20 witherspoon inventory_items.py[968]: Loading from cache: /var/cache/obmc/org.openbmc.inventory.system.chassis.motherboard.apss@org.openbmc.InventoryItem.props
Jun 30 15:57:20 witherspoon inventory_items.py[968]: Loading from cache: /var/cache/obmc/org.openbmc.inventory.system.chassis.motherboard@org.openbmc.InventoryItem.props
Jun 30 15:57:20 witherspoon inventory_items.py[968]: Loading from cache: /var/cache/obmc/org.openbmc.inventory.system.chassis.motherboard.refclock@org.openbmc.InventoryItem.props
Jun 30 15:57:20 witherspoon inventory_items.py[968]: Loading from cache: /var/cache/obmc/org.openbmc.inventory.system.chassis.motherboard.cpu1.core7@org.openbmc.InventoryItem.props
Jun 30 15:57:20 witherspoon inventory_items.py[968]: Loading from cache: /var/cache/obmc/org.openbmc.inventory.system.chassis.motherboard.cpu1.core4@org.openbmc.InventoryItem.props
Jun 30 15:57:20 witherspoon inventory_items.py[968]: Loading from cache: /var/cache/obmc/org.openbmc.inventory.system.chassis.motherboard.cpu1.core1@org.openbmc.InventoryItem.props
Jun 30 15:57:20 witherspoon inventory_items.py[968]: Loading from cache: /var/cache/obmc/org.openbmc.inventory.system.chassis.motherboard.cpu1.core10@org.openbmc.InventoryItem.props
Jun 30 15:57:20 witherspoon inventory_items.py[968]: Loading from cache: /var/cache/obmc/org.openbmc.inventory.system.chassis.motherboard.todclock@org.openbmc.InventoryItem.props
Jun 30 15:57:20 witherspoon inventory_items.py[968]: Loading from cache: /var/cache/obmc/org.openbmc.inventory.system.chassis.motherboard.cpu1@org.openbmc.InventoryItem.props
Jun 30 15:57:20 witherspoon inventory_items.py[968]: Loading from cache: /var/cache/obmc/org.openbmc.inventory.system.chassis.motherboard.bmc@org.openbmc.InventoryItem.props
Jun 30 15:57:20 witherspoon inventory_items.py[968]: Caching: /org/openbmc/inventory/system/chassis/motherboard/bmc
Jun 30 15:57:20 witherspoon inventory_items.py[968]: Loading from cache: /var/cache/obmc/org.openbmc.inventory.system.chassis.motherboard.cpu0.core1@org.openbmc.InventoryItem.props
Jun 30 15:57:20 witherspoon inventory_items.py[968]: Loading from cache: /var/cache/obmc/org.openbmc.inventory.system.chassis.motherboard.cpu0.core7@org.openbmc.InventoryItem.props
Jun 30 15:57:20 witherspoon inventory_items.py[968]: Loading from cache: /var/cache/obmc/org.openbmc.inventory.system.chassis.motherboard.cpu0.core4@org.openbmc.InventoryItem.props
Jun 30 15:57:20 witherspoon inventory_items.py[968]: Loading from cache: /var/cache/obmc/org.openbmc.inventory.system.chassis.motherboard.pcieclock@org.openbmc.InventoryItem.props
Jun 30 15:57:20 witherspoon inventory_items.py[968]: Loading from cache: /var/cache/obmc/org.openbmc.inventory.system.chassis.motherboard.cpu0.core10@org.openbmc.InventoryItem.props
Jun 30 15:57:20 witherspoon inventory_items.py[968]: Running Inventory Manager
Jun 30 15:57:20 witherspoon systemd[1]: Started Phosphor Inventory Manager.
Jun 30 15:57:20 witherspoon netman.py[969]: Started
Jun 30 15:57:20 witherspoon systemd[1]: Started Phosphor Network Manager.
Jun 30 15:57:23 witherspoon systemd[1]: Started Phosphor User Manager.
Jun 30 15:57:23 witherspoon obmc-phosphor-userd[967]: Started
Jun 30 15:57:32 witherspoon phosphor-mapper[946]: ObjectMapper discovery complete
Jun 30 15:57:33 witherspoon systemd[1]: Started Phosphor DBus Service Discovery Manager.
Jun 30 15:57:33 witherspoon systemd[1]: Reached target Phosphor Object Mapper.
Jun 30 15:57:33 witherspoon systemd[1]: Starting Wait for /org/openbmc/control/flash/bios...
Jun 30 15:57:33 witherspoon systemd[1]: Started Phosphor DBus Monitor.
Jun 30 15:57:33 witherspoon systemd[1]: Starting Wait for /xyz/openbmc_project/led/groups...
Jun 30 15:57:33 witherspoon systemd[1]: Starting Phoshpor System Manager...
Jun 30 15:57:33 witherspoon systemd[1]: Starting Wait for /org/openbmc/managers/System...
Jun 30 15:57:33 witherspoon systemd[1]: Starting Wait for /org/openbmc/control/power0...
Jun 30 15:57:33 witherspoon systemd[1]: Starting Wait for /xyz/openbmc_project/inventory...
Jun 30 15:57:33 witherspoon systemd[1]: Reached target Webserver (pre).
Jun 30 15:57:33 witherspoon systemd[1]: Started Phosphor Webserver.
Jun 30 15:57:33 witherspoon systemd[1]: Starting Wait for /xyz/openbmc_project/control/host0...
Jun 30 15:57:33 witherspoon systemd[1]: Starting Wait for /org/openbmc/NetworkManager/Interface...
Jun 30 15:57:33 witherspoon systemd[1]: Starting Wait for /xyz/openbmc_project/led/groups/bmc_booted...
Jun 30 15:57:33 witherspoon systemd[1]: Starting Phosphor Settings Manager...
Jun 30 15:57:33 witherspoon systemd[1]: Starting Wait for /xyz/openbmc_project/state/host0...
Jun 30 15:57:33 witherspoon systemd[1]: Starting Wait for /org/openbmc/sensors...
Jun 30 15:57:33 witherspoon systemd[1]: Starting Wait for /org/openbmc/managers/Download...
Jun 30 15:57:33 witherspoon systemd[1]: Starting Wait for /org/openbmc/control/bmc0...
Jun 30 15:57:33 witherspoon systemd[1]: Starting Wait for /xyz/openbmc_project/state/chassis0...
Jun 30 15:57:39 witherspoon settings_manager.py[997]: Running HostSettingsService
Jun 30 15:57:39 witherspoon systemd[1]: Started Phosphor Settings Manager.
Jun 30 15:57:39 witherspoon systemd[1]: Starting Wait for /org/openbmc/settings/host0...
Jun 30 15:57:40 witherspoon systemd[1]: Started Wait for /xyz/openbmc_project/led/groups.
Jun 30 15:57:40 witherspoon systemd[1]: Started Wait for /xyz/openbmc_project/inventory.
Jun 30 15:57:40 witherspoon systemd[1]: Started Wait for /org/openbmc/NetworkManager/Interface.
Jun 30 15:57:40 witherspoon systemd[1]: Started Wait for /xyz/openbmc_project/led/groups/bmc_booted.
Jun 30 15:57:40 witherspoon systemd[1]: Started Wait for /org/openbmc/sensors.
Jun 30 15:57:40 witherspoon systemd[1]: Started Wait for /org/openbmc/managers/Download.
Jun 30 15:57:40 witherspoon systemd[1]: Started Wait for /org/openbmc/control/bmc0.
Jun 30 15:57:40 witherspoon systemd[1]: Starting Phosphor BMC Code Update...
Jun 30 15:57:40 witherspoon systemd[1]: Starting Phosphor BIOS Code Update...
Jun 30 15:57:40 witherspoon systemd[1]: Started Phosphor Hwmon Poller.
Jun 30 15:57:40 witherspoon systemd[1]: Starting Assert bmc_booted LED...
Jun 30 15:57:40 witherspoon systemd[1]: Started Phosphor DNS Settings Cache Manager.
Jun 30 15:57:40 witherspoon systemd[1]: Starting Read OpenPOWER-format VPD from EEPROM...
Jun 30 15:57:40 witherspoon systemd[1]: Starting OpenPOWER OCC controller...
Jun 30 15:57:40 witherspoon systemd[1]: Started Phosphor Cooling Type.
Jun 30 15:57:40 witherspoon systemd[1]: Started FRU Fault monitor service.
Jun 30 15:57:41 witherspoon systemd[1]: Started OpenPOWER OCC controller.
Jun 30 15:57:41 witherspoon systemd[1]: Started Phosphor BIOS Code Update.
Jun 30 15:57:42 witherspoon systemd[1]: Started Wait for /org/openbmc/settings/host0.
Jun 30 15:57:42 witherspoon systemd[1]: Started Phosphor Inband IPMI.
Jun 30 15:57:44 witherspoon systemd[1]: Started Assert bmc_booted LED.
Jun 30 15:57:47 witherspoon systemd[1]: Started Wait for /org/openbmc/control/flash/bios.
Jun 30 15:57:47 witherspoon systemd[1]: Started Initialize BIOS Flash.
Jun 30 15:57:47 witherspoon systemd[1]: Started Read OpenPOWER-format VPD from EEPROM.
Jun 30 15:57:50 witherspoon system_manager.py[989]: Running System State: BASE_APPS
Jun 30 15:57:50 witherspoon system_manager.py[989]: SystemManager Init Done
Jun 30 15:57:50 witherspoon system_manager.py[989]: Running SystemManager
Jun 30 15:57:50 witherspoon systemd[1]: Started Phoshpor System Manager.
Jun 30 15:57:50 witherspoon system_manager.py[989]: SystemManager Goto System State: BMC_STARTING
Jun 30 15:57:50 witherspoon system_manager.py[989]: Running System State: BMC_STARTING
Jun 30 15:57:50 witherspoon systemd[1]: Started Phosphor BMC Code Update.
Jun 30 15:57:51 witherspoon flash_bios.exe[1005]: Starting flasher: bios,,/org/openbmc/control/flash/bios,
Jun 30 15:57:51 witherspoon flash_bios.exe[1005]: flasher: , BMC = 1, address = 0x0
Jun 30 15:57:51 witherspoon flash_bios.exe[1005]: Setting up flash
Jun 30 15:57:51 witherspoon bmc_update.py[1004]: Running Bmc Flash Control
Jun 30 15:57:51 witherspoon flash_bios.exe[1005]: Starting flasher: bios,,/org/openbmc/control/flash/bios,
Jun 30 15:57:51 witherspoon flash_bios.exe[1005]: flasher: , BMC = 1, address = 0x0
Jun 30 15:57:51 witherspoon flash_bios.exe[1005]: Setting up flash
Jun 30 15:57:52 witherspoon hwmon.py[1006]: Starting HWMON sensors
Jun 30 15:57:54 witherspoon systemd[1]: Started Wait for /org/openbmc/managers/System.
Jun 30 15:57:54 witherspoon systemd[1]: Starting Phosphor Host State Manager...
Jun 30 15:57:54 witherspoon systemd[1]: Starting Phosphor Power0 Control...
Jun 30 15:57:54 witherspoon systemd[1]: Starting Phosphor BMC State Manager...
Jun 30 15:57:54 witherspoon systemd[1]: Starting Phosphor Power Button0...
Jun 30 15:57:54 witherspoon systemd[1]: Starting Phosphor Reset Button0...
Jun 30 15:57:54 witherspoon systemd[1]: Starting Phosphor Chassis State Manager...
Jun 30 15:57:54 witherspoon phosphor-bmc-state-manager[1046]: Setting the BMCState field
Jun 30 15:57:54 witherspoon phosphor-bmc-state-manager[1046]: Setting the BMCState field
Jun 30 15:57:54 witherspoon systemd[1]: Started Phosphor BMC State Manager.
Jun 30 15:57:55 witherspoon phosphor-chassis-state-manager[1049]: Initial Chassis State will be Off
Jun 30 15:57:55 witherspoon systemd[1]: Started Phosphor Chassis State Manager.
Jun 30 15:57:55 witherspoon phosphor-host-state-manager[1044]: Initial Host State will be Off
Jun 30 15:57:55 witherspoon systemd[1]: Started Phosphor Host State Manager.
Jun 30 15:57:55 witherspoon button_reset.exe[1048]: GPIO Lookup:  RESET_BUTTON = 353,both
Jun 30 15:57:55 witherspoon systemd[1]: Started Phosphor Reset Button0.
Jun 30 15:57:56 witherspoon system_manager.py[989]: New object: /org/openbmc/control/power0 (:1.69)
Jun 30 15:57:56 witherspoon button_power.exe[1047]: GPIO Lookup:  POWER_BUTTON = 347,both
Jun 30 15:57:56 witherspoon systemd[1]: Started Phosphor Power Button0.
Jun 30 15:57:56 witherspoon system_manager.py[989]: Power GPIO config: ['SYS_PWROK_BUFF', '', [('SOFTWARE_PGOOD', True), ('BMC_POWER_UP', True)], [('BMC_CP0_RESET_N', False)], [], 'FSI_DATA', 'FSI_CLK', 'FSI_ENABLE', 'CRONUS_SEL', []]
Jun 30 15:57:56 witherspoon power_control.exe[1045]: Power GPIO latch output:
Jun 30 15:57:56 witherspoon power_control.exe[1045]: Power GPIO power good input: SYS_PWROK_BUFF
Jun 30 15:57:56 witherspoon power_control.exe[1045]: Power GPIO 2 power_up outputs
Jun 30 15:57:56 witherspoon power_control.exe[1045]: Power GPIO power_up[0] = SOFTWARE_PGOOD active HIGH
Jun 30 15:57:56 witherspoon power_control.exe[1045]: Power GPIO power_up[1] = BMC_POWER_UP active HIGH
Jun 30 15:57:56 witherspoon power_control.exe[1045]: Power GPIO 1 reset outputs
Jun 30 15:57:56 witherspoon power_control.exe[1045]: Power GPIO reset[0] = BMC_CP0_RESET_N active LOW
Jun 30 15:57:56 witherspoon power_control.exe[1045]: Power GPIO 0 pci reset outputs
Jun 30 15:57:56 witherspoon power_control.exe[1045]: FSI DATA GPIO: FSI_DATA
Jun 30 15:57:56 witherspoon power_control.exe[1045]: FSI CLK GPIO: FSI_CLK
Jun 30 15:57:56 witherspoon power_control.exe[1045]: FSI ENABLE GPIO: FSI_ENABLE
Jun 30 15:57:56 witherspoon power_control.exe[1045]: CRONUS SEL GPIO: CRONUS_SEL
Jun 30 15:57:56 witherspoon power_control.exe[1045]: Hostctl GPIO optionals: 0
Jun 30 15:57:57 witherspoon power_control.exe[1045]: GPIO Lookup:  SYS_PWROK_BUFF = 306,in
Jun 30 15:57:57 witherspoon power_control.exe[1045]: GPIO Lookup:  SOFTWARE_PGOOD = 417,out
Jun 30 15:57:57 witherspoon power_control.exe[1045]: GPIO Lookup:  BMC_POWER_UP = 305,out
Jun 30 15:57:57 witherspoon power_control.exe[1045]: GPIO Lookup:  BMC_CP0_RESET_N = 281,out
Jun 30 15:57:57 witherspoon power_control.exe[1045]: Pgood state: 0
Jun 30 15:57:56 witherspoon systemd[1]: Started Phosphor Power0 Control.
Jun 30 15:57:59 witherspoon systemd[1]: Started Wait for /xyz/openbmc_project/control/host0.
Jun 30 15:58:02 witherspoon system_manager.py[989]: SystemManager Goto System State: BMC_READY
Jun 30 15:58:02 witherspoon system_manager.py[989]: Running System State: BMC_READY
Jun 30 15:58:02 witherspoon systemd[1]: Started Wait for /xyz/openbmc_project/state/host0.
Jun 30 15:58:02 witherspoon systemd[1]: Started Wait for /org/openbmc/control/power0.
Jun 30 15:58:02 witherspoon systemd[1]: Starting Phosphor Time Manager daemon...
Jun 30 15:58:02 witherspoon systemd[1]: Starting Check Chassis0 pgood and create a file to indicate it...
Jun 30 15:58:02 witherspoon systemd[1]: Started Wait for /xyz/openbmc_project/state/chassis0.
Jun 30 15:58:02 witherspoon systemd[1]: Starting Reboot If Enabled...
Jun 30 15:58:02 witherspoon timemanager[1074]: Registering dbus methods
Jun 30 15:58:02 witherspoon timemanager[1074]: Empty DhcpNtp string
Jun 30 15:58:02 witherspoon timemanager[1074]: Reading Power Control key: pgood
Jun 30 15:58:03 witherspoon timemanager[1074]: Changing settings *allowed* now
Jun 30 15:58:03 witherspoon timemanager[1074]: Getting System Settings: time_mode
Jun 30 15:58:03 witherspoon phosphor-discover-system-state[1084]: Host power is off, checking power policy
Jun 30 15:58:03 witherspoon systemd[1]: Started Reboot If Enabled.
Jun 30 15:58:03 witherspoon timemanager[1074]: Requested_Mode: NTP Current_Mode: NTP
Jun 30 15:58:03 witherspoon timemanager[1074]: Mode is already set to : NTP
Jun 30 15:58:03 witherspoon timemanager[1074]: Getting System Settings: time_owner
Jun 30 15:58:03 witherspoon timemanager[1074]: Owner is already set to : BMC
Jun 30 15:58:03 witherspoon timemanager[1074]: Getting System Settings: use_dhcp_ntp
Jun 30 15:58:03 witherspoon timemanager[1074]: use_dhcp_ntp = yes
Jun 30 15:58:03 witherspoon timemanager[1074]: Last known host_offset:0
Jun 30 15:58:03 witherspoon timemanager[1074]: Initial Uptime Usec: 1498838177651115
Jun 30 15:58:03 witherspoon systemd[1]: Started Phosphor Time Manager daemon.
Jun 30 15:58:04 witherspoon systemd[1]: Started Check Chassis0 pgood and create a file to indicate it.
Jun 30 15:58:04 witherspoon systemd[1]: Reached target Chassis0 power on after reset.
Jun 30 15:58:04 witherspoon systemd[1]: Reached target Chassis0 (Reset Check).
Jun 30 15:58:04 witherspoon systemd[1]: Reached target Host0 running after reset.
Jun 30 15:58:04 witherspoon systemd[1]: Reached target Host0 (Reset Check).
Jun 30 15:58:04 witherspoon systemd[1]: Reached target Phosphor System - Standby.
Jun 30 15:58:04 witherspoon systemd[1]: Startup finished in 8.431s (kernel) + 1min 38.026s (userspace) = 1min 46.458s.
Jun 30 15:58:04 witherspoon phosphor-bmc-state-manager[1046]: BMC_READY
Jun 30 15:58:04 witherspoon phosphor-bmc-state-manager[1046]: Setting the BMCState field
Jun 30 15:58:13 witherspoon phosphor-gevent[993]: Traceback (most recent call last):
Jun 30 15:58:13 witherspoon phosphor-gevent[993]:   File "/usr/lib/python2.7/site-packages/gevent/greenlet.py", line 327, in run
Jun 30 15:58:13 witherspoon phosphor-gevent[993]:     result = self._run(*self.args, **self.kwargs)
Jun 30 15:58:13 witherspoon phosphor-gevent[993]:   File "/usr/lib/python2.7/site-packages/gevent/server.py", line 102, in wrap_socket_and_handle
Jun 30 15:58:13 witherspoon phosphor-gevent[993]:     ssl_socket = self.wrap_socket(client_socket, **self.ssl_args)
Jun 30 15:58:13 witherspoon phosphor-gevent[993]:   File "/usr/lib/python2.7/site-packages/gevent/ssl.py", line 404, in wrap_socket
Jun 30 15:58:13 witherspoon phosphor-gevent[993]:     ciphers=ciphers)
Jun 30 15:58:13 witherspoon phosphor-gevent[993]:   File "/usr/lib/python2.7/site-packages/gevent/ssl.py", line 113, in __init__
Jun 30 15:58:13 witherspoon phosphor-gevent[993]:     self.do_handshake()
Jun 30 15:58:13 witherspoon phosphor-gevent[993]:   File "/usr/lib/python2.7/site-packages/gevent/ssl.py", line 324, in do_handshake
Jun 30 15:58:13 witherspoon phosphor-gevent[993]:     return self._sslobj.do_handshake()
Jun 30 15:58:13 witherspoon phosphor-gevent[993]: SSLEOFError: EOF occurred in violation of protocol (_ssl.c:590)
Jun 30 15:58:13 witherspoon phosphor-gevent[993]: <Greenlet at 0x760b1300: <bound method WSGIServer.wrap_socket_and_handle of <WSGIServer at 0x7608c8b0 fileno=5 address=('::34d2:f976:b0ad:6f76%1987030432', 443, 0, 1987030432)>>(<socket at 0x75f602d0 fileno=9>, ('::60b9:6d76:8e91:f402%1996012316', 43804, 0, 199)> failed with SSLEOFError
Jun 30 15:58:13 witherspoon phosphor-gevent[993]: Traceback (most recent call last):
Jun 30 15:58:13 witherspoon phosphor-gevent[993]:   File "/usr/lib/python2.7/site-packages/gevent/greenlet.py", line 327, in run
Jun 30 15:58:13 witherspoon phosphor-gevent[993]:     result = self._run(*self.args, **self.kwargs)
Jun 30 15:58:13 witherspoon phosphor-gevent[993]:   File "/usr/lib/python2.7/site-packages/gevent/server.py", line 102, in wrap_socket_and_handle
Jun 30 15:58:13 witherspoon phosphor-gevent[993]:     ssl_socket = self.wrap_socket(client_socket, **self.ssl_args)
Jun 30 15:58:13 witherspoon phosphor-gevent[993]:   File "/usr/lib/python2.7/site-packages/gevent/ssl.py", line 404, in wrap_socket
Jun 30 15:58:13 witherspoon phosphor-gevent[993]:     ciphers=ciphers)
Jun 30 15:58:13 witherspoon phosphor-gevent[993]:   File "/usr/lib/python2.7/site-packages/gevent/ssl.py", line 113, in __init__
Jun 30 15:58:13 witherspoon phosphor-gevent[993]:     self.do_handshake()
Jun 30 15:58:13 witherspoon phosphor-gevent[993]:   File "/usr/lib/python2.7/site-packages/gevent/ssl.py", line 324, in do_handshake
Jun 30 15:58:13 witherspoon phosphor-gevent[993]:     return self._sslobj.do_handshake()
Jun 30 15:58:13 witherspoon phosphor-gevent[993]: SSLEOFError: EOF occurred in violation of protocol (_ssl.c:590)
Jun 30 15:58:13 witherspoon phosphor-gevent[993]: <Greenlet at 0x760b15d0: <bound method WSGIServer.wrap_socket_and_handle of <WSGIServer at 0x7608c8b0 fileno=5 address=('::34d2:f976:b0ad:6f76%1987030432', 443, 0, 1987030432)>>(<socket at 0x75f60270 fileno=10>, ('::60b9:6d76:8e91:f402%1996012316', 43808, 0, 199)> failed with SSLEOFError
Jun 30 15:58:13 witherspoon phosphor-gevent[993]: Traceback (most recent call last):
Jun 30 15:58:13 witherspoon phosphor-gevent[993]:   File "/usr/lib/python2.7/site-packages/gevent/greenlet.py", line 327, in run
Jun 30 15:58:13 witherspoon phosphor-gevent[993]:     result = self._run(*self.args, **self.kwargs)
Jun 30 15:58:13 witherspoon phosphor-gevent[993]:   File "/usr/lib/python2.7/site-packages/gevent/server.py", line 102, in wrap_socket_and_handle
Jun 30 15:58:13 witherspoon phosphor-gevent[993]:     ssl_socket = self.wrap_socket(client_socket, **self.ssl_args)
Jun 30 15:58:13 witherspoon phosphor-gevent[993]:   File "/usr/lib/python2.7/site-packages/gevent/ssl.py", line 404, in wrap_socket
Jun 30 15:58:13 witherspoon phosphor-gevent[993]:     ciphers=ciphers)
Jun 30 15:58:13 witherspoon phosphor-gevent[993]:   File "/usr/lib/python2.7/site-packages/gevent/ssl.py", line 113, in __init__
Jun 30 15:58:13 witherspoon phosphor-gevent[993]:     self.do_handshake()
Jun 30 15:58:13 witherspoon phosphor-gevent[993]:   File "/usr/lib/python2.7/site-packages/gevent/ssl.py", line 324, in do_handshake
Jun 30 15:58:13 witherspoon phosphor-gevent[993]:     return self._sslobj.do_handshake()
Jun 30 15:58:13 witherspoon phosphor-gevent[993]: SSLEOFError: EOF occurred in violation of protocol (_ssl.c:590)
Jun 30 15:58:13 witherspoon phosphor-gevent[993]: <Greenlet at 0x760b12b0: <bound method WSGIServer.wrap_socket_and_handle of <WSGIServer at 0x7608c8b0 fileno=5 address=('::34d2:f976:b0ad:6f76%1987030432', 443, 0, 1987030432)>>(<socket at 0x75f60310 fileno=11>, ('::60b9:6d76:8e91:f402%1996012316', 43812, 0, 199)> failed with SSLEOFError
Jun 30 15:58:31 witherspoon phosphor-gevent[993]: ::60b9:6d76:8e91:f402%1996012316 - - [2017-06-30 15:58:31] "POST /login HTTP/1.1" 200 320 0.053758
Jun 30 15:58:31 witherspoon phosphor-gevent[993]: ::60b9:6d76:8e91:f402%1996012316 - - [2017-06-30 15:58:31] "GET /xyz/openbmc_project/state/chassis0//attr/CurrentPowerState HTTP/1.1" 200 216 0.094474
Jun 30 15:58:32 witherspoon phosphor-gevent[993]: ::60b9:6d76:8e91:f402%1996012316 - - [2017-06-30 15:58:31] "POST /login HTTP/1.1" 200 320 0.033036
Jun 30 15:58:32 witherspoon phosphor-gevent[993]: ::60b9:6d76:8e91:f402%1996012316 - - [2017-06-30 15:58:32] "GET /xyz/openbmc_project/state/chassis0//attr/CurrentPowerState HTTP/1.1" 200 216 0.064699
Jun 30 15:58:32 witherspoon phosphor-gevent[993]: ::60b9:6d76:8e91:f402%1996012316 - - [2017-06-30 15:58:32] "POST /login HTTP/1.1" 200 320 0.032823
Jun 30 15:58:32 witherspoon phosphor-gevent[993]: ::60b9:6d76:8e91:f402%1996012316 - - [2017-06-30 15:58:32] "GET /org/openbmc/sensors/host/BootProgress/attr/value HTTP/1.1" 200 170 0.055309
Jun 30 15:58:32 witherspoon phosphor-gevent[993]: ::60b9:6d76:8e91:f402%1996012316 - - [2017-06-30 15:58:32] "POST /login HTTP/1.1" 200 320 0.032600
Jun 30 15:58:32 witherspoon phosphor-gevent[993]: ::60b9:6d76:8e91:f402%1996012316 - - [2017-06-30 15:58:32] "GET /xyz/openbmc_project/state/host0//attr/CurrentHostState HTTP/1.1" 200 212 0.048724
Jun 30 15:58:32 witherspoon phosphor-gevent[993]: ::60b9:6d76:8e91:f402%1996012316 - - [2017-06-30 15:58:32] "POST /login HTTP/1.1" 200 320 0.087763
Jun 30 15:58:32 witherspoon phosphor-gevent[993]: ::60b9:6d76:8e91:f402%1996012316 - - [2017-06-30 15:58:32] "GET /xyz/openbmc_project/logging/entry/list HTTP/1.1" 404 311 0.059379
Jun 30 15:58:33 witherspoon dropbear[977]: Exit (root): Error reading: Connection reset by peer
Jun 30 15:58:33 witherspoon dropbear[1095]: Failed loading /etc/dropbear/dropbear_dss_host_key
Jun 30 15:58:33 witherspoon dropbear[1095]: Failed loading /etc/dropbear/dropbear_ecdsa_host_key
Jun 30 15:58:33 witherspoon dropbear[1095]: Child connection from ::ffff:9.41.165.94:60672
Jun 30 15:58:33 witherspoon systemd[1]: Started SSH Per-Connection Server (9.41.165.94:60672).
Jun 30 15:58:33 witherspoon dropbear[1095]: PAM password auth succeeded for 'root' from ::ffff:9.41.165.94:60672
Jun 30 15:58:33 witherspoon dropbear[1096]: lastlog_perform_login: Couldn't stat /var/log/lastlog: No such file or directory
Jun 30 15:58:33 witherspoon dropbear[1096]: lastlog_openseek: /var/log/lastlog is not a file or directory!
Jun 30 15:58:35 witherspoon phosphor-gevent[993]: ::60b9:6d76:8e91:f402%1996012316 - - [2017-06-30 15:58:35] "POST /login HTTP/1.1" 200 320 0.044456
Jun 30 15:58:35 witherspoon phosphor-gevent[993]: ::60b9:6d76:8e91:f402%1996012316 - - [2017-06-30 15:58:35] "GET /xyz/openbmc_project/state/host0//attr/CurrentHostState HTTP/1.1" 200 212 0.048995
Jun 30 15:58:35 witherspoon dropbear[1095]: Exit (root): Exited normally
Jun 30 15:59:41 witherspoon systemd[1]: Started SSH Per-Connection Server (9.41.165.94:60726).
Jun 30 15:59:41 witherspoon dropbear[1105]: Failed loading /etc/dropbear/dropbear_dss_host_key
Jun 30 15:59:41 witherspoon dropbear[1105]: Failed loading /etc/dropbear/dropbear_ecdsa_host_key
Jun 30 15:59:41 witherspoon dropbear[1105]: Child connection from ::ffff:9.41.165.94:60726
Jun 30 15:59:42 witherspoon dropbear[1105]: PAM password auth succeeded for 'root' from ::ffff:9.41.165.94:60726
Jun 30 15:59:42 witherspoon dropbear[1106]: lastlog_perform_login: Couldn't stat /var/log/lastlog: No such file or directory
Jun 30 15:59:42 witherspoon dropbear[1106]: lastlog_openseek: /var/log/lastlog is not a file or directory!
Jun 30 15:59:43 witherspoon dropbear[1115]: Failed loading /etc/dropbear/dropbear_dss_host_key
Jun 30 15:59:43 witherspoon dropbear[1115]: Failed loading /etc/dropbear/dropbear_ecdsa_host_key
Jun 30 15:59:43 witherspoon dropbear[1115]: Child connection from ::ffff:9.41.165.94:60730
Jun 30 15:59:43 witherspoon systemd[1]: Started SSH Per-Connection Server (9.41.165.94:60730).
Jun 30 15:59:44 witherspoon dropbear[1115]: PAM password auth succeeded for 'root' from ::ffff:9.41.165.94:60730
Jun 30 15:59:44 witherspoon dropbear[1116]: lastlog_perform_login: Couldn't stat /var/log/lastlog: No such file or directory
Jun 30 15:59:44 witherspoon dropbear[1116]: lastlog_openseek: /var/log/lastlog is not a file or directory!
Jun 30 15:59:45 witherspoon systemd[1]: Started SSH Per-Connection Server (9.41.165.94:60732).
Jun 30 15:59:45 witherspoon dropbear[1122]: Failed loading /etc/dropbear/dropbear_dss_host_key
Jun 30 15:59:45 witherspoon dropbear[1122]: Failed loading /etc/dropbear/dropbear_ecdsa_host_key
Jun 30 15:59:45 witherspoon dropbear[1122]: Child connection from ::ffff:9.41.165.94:60732
Jun 30 15:59:45 witherspoon dropbear[1122]: PAM password auth succeeded for 'root' from ::ffff:9.41.165.94:60732
Jun 30 15:59:45 witherspoon dropbear[1123]: lastlog_perform_login: Couldn't stat /var/log/lastlog: No such file or directory
Jun 30 15:59:45 witherspoon dropbear[1123]: lastlog_openseek: /var/log/lastlog is not a file or directory!
Jun 30 15:59:47 witherspoon phosphor-gevent[993]: ::60b9:6d76:8e91:f402%1996012316 - - [2017-06-30 15:59:47] "POST /login HTTP/1.1" 200 320 0.032907
Jun 30 15:59:47 witherspoon phosphor-gevent[993]: ::60b9:6d76:8e91:f402%1996012316 - - [2017-06-30 15:59:47] "POST /login HTTP/1.1" 200 320 0.033466
Jun 30 15:59:47 witherspoon phosphor-gevent[993]: ::60b9:6d76:8e91:f402%1996012316 - - [2017-06-30 15:59:47] "GET /xyz/openbmc_project/state/host0//attr/CurrentHostState HTTP/1.1" 200 212 0.048725
Jun 30 15:59:48 witherspoon systemd[1]: Created slice system-obmc\x2dconsole\x2dssh.slice.
Jun 30 15:59:48 witherspoon systemd[1]: Started Phosphor Host Console SSH Per-Connection (9.41.165.94:56020).
Jun 30 15:59:48 witherspoon dropbear[1129]: Failed loading /etc/dropbear/dropbear_dss_host_key
Jun 30 15:59:48 witherspoon dropbear[1129]: Failed loading /etc/dropbear/dropbear_ecdsa_host_key
Jun 30 15:59:48 witherspoon dropbear[1129]: Child connection from ::ffff:9.41.165.94:56020
Jun 30 15:59:48 witherspoon phosphor-gevent[993]: ::60b9:6d76:8e91:f402%1996012316 - - [2017-06-30 15:59:48] "POST /login HTTP/1.1" 200 320 0.032803
Jun 30 15:59:48 witherspoon phosphor-host-state-manager[1044]: Host State transaction request
Jun 30 15:59:48 witherspoon phosphor-gevent[993]: ::60b9:6d76:8e91:f402%1996012316 - - [2017-06-30 15:59:48] "PUT /xyz/openbmc_project/state/host0//attr/RequestedHostTransition HTTP/1.1" 200 169 0.436355
Jun 30 15:59:49 witherspoon systemd[1]: Starting Wait for /org/openbmc/control/chassis0...
Jun 30 15:59:49 witherspoon systemd[1]: Created slice system-ir35221\x2doff\x2dbind.slice.
Jun 30 15:59:49 witherspoon systemd[1]: Stopped target Chassis0 (Reset Check).
Jun 30 15:59:49 witherspoon systemd[1]: Reached target Stop Hosti (Pre).
Jun 30 15:59:49 witherspoon systemd[1]: Reached target Stop Host checkstop monitor.
Jun 30 15:59:49 witherspoon systemd[1]: Created slice system-vcs_off_poweroff.slice.
Jun 30 15:59:49 witherspoon systemd[1]: Created slice system-obmc\x2dled\x2dgroup\x2dstop.slice.
Jun 30 15:59:49 witherspoon systemd[1]: Stopped target Chassis0 power on after reset.
Jun 30 15:59:49 witherspoon systemd[1]: Reached target Stop Host0 (Pre).
Jun 30 15:59:49 witherspoon systemd[1]: Created slice system-mboxd\x2dreload.slice.
Jun 30 15:59:49 witherspoon systemd[1]: Created slice system-op\x2dpower\x2dstop.slice.
Jun 30 15:59:49 witherspoon systemd[1]: Created slice system-op\x2dwait\x2dpower\x2doff.slice.
Jun 30 15:59:49 witherspoon systemd[1]: Stopped target Host0 (Reset Check).
Jun 30 15:59:49 witherspoon systemd[1]: Starting Wait for /org/openbmc/HostIpmi/1...
Jun 30 15:59:49 witherspoon systemd[1]: Stopped target Host0 running after reset.
Jun 30 15:59:49 witherspoon systemd[1]: Reached target Hosti (Stopping).
Jun 30 15:59:49 witherspoon systemd[1]: Reached target Hosti (Stopped).
Jun 30 15:59:49 witherspoon systemd[1]: Reached target Poweri Off (Pre).
Jun 30 15:59:49 witherspoon systemd[1]: Reached target Poweri Off.
Jun 30 15:59:49 witherspoon systemd[1]: Created slice system-ir35221\x2doff\x2dunbind.slice.
Jun 30 15:59:49 witherspoon systemd[1]: Starting Power off mode unbind ir35221 device driver devs...
Jun 30 15:59:49 witherspoon systemd[1]: Starting Wait for /xyz/openbmc_project/led/groups/power_on...
Jun 30 15:59:49 witherspoon systemd[1]: Started Power off mode unbind ir35221 device driver devs.
Jun 30 15:59:49 witherspoon systemd[1]: xyz.openbmc_project.Hwmon@ahb-apb-i2c\x401e78a000-i2c\x2dbus\x40140-ir35221\x4071.service: Unit not needed anymore. Stopping.
Jun 30 15:59:49 witherspoon systemd[1]: Stopping Phosphor Hwmon Poller...
Jun 30 15:59:49 witherspoon systemd[1]: Stopped Phosphor Hwmon Poller.
Jun 30 15:59:49 witherspoon systemd[1]: xyz.openbmc_project.Hwmon@ahb-apb-i2c\x401e78a000-i2c\x2dbus\x40180-ir35221\x4070.service: Unit not needed anymore. Stopping.
Jun 30 15:59:49 witherspoon systemd[1]: Stopping Phosphor Hwmon Poller...
Jun 30 15:59:50 witherspoon systemd[1]: Stopped Phosphor Hwmon Poller.
Jun 30 15:59:50 witherspoon systemd[1]: xyz.openbmc_project.Hwmon@ahb-apb-i2c\x401e78a000-i2c\x2dbus\x40140-ir35221\x4070.service: Unit not needed anymore. Stopping.
Jun 30 15:59:50 witherspoon systemd[1]: xyz.openbmc_project.Hwmon@ahb-apb-i2c\x401e78a000-i2c\x2dbus\x40180-ir35221\x4071.service: Unit not needed anymore. Stopping.
Jun 30 15:59:50 witherspoon systemd[1]: Stopping Phosphor Hwmon Poller...
Jun 30 15:59:50 witherspoon systemd[1]: Stopping Phosphor Hwmon Poller...
Jun 30 15:59:50 witherspoon systemd[1]: Stopped Phosphor Hwmon Poller.
Jun 30 15:59:50 witherspoon systemd[1]: Stopped Phosphor Hwmon Poller.
Jun 30 15:59:50 witherspoon dropbear[1129]: PAM password auth succeeded for 'root' from ::ffff:9.41.165.94:56020
Jun 30 15:59:50 witherspoon dropbear[1148]: lastlog_perform_login: Couldn't stat /var/log/lastlog: No such file or directory
Jun 30 15:59:50 witherspoon dropbear[1148]: lastlog_openseek: /var/log/lastlog is not a file or directory!
Jun 30 15:59:50 witherspoon phosphor-gevent[993]: ::60b9:6d76:8e91:f402%1996012316 - - [2017-06-30 15:59:50] "POST /login HTTP/1.1" 200 320 0.213729
Jun 30 15:59:51 witherspoon systemd[1]: Started Wait for /org/openbmc/control/chassis0.
Jun 30 15:59:52 witherspoon hwmon.py[1006]: Removing: /sys/class/hwmon/hwmon4/
Jun 30 15:59:52 witherspoon hwmon.py[1006]: Removing: /sys/class/hwmon/hwmon5/
Jun 30 15:59:52 witherspoon hwmon.py[1006]: Removing: /sys/class/hwmon/hwmon6/
Jun 30 15:59:52 witherspoon hwmon.py[1006]: Removing: /sys/class/hwmon/hwmon7/
Jun 30 15:59:52 witherspoon systemd[1]: Started Wait for /xyz/openbmc_project/led/groups/power_on.
Jun 30 15:59:53 witherspoon systemd[1]: Starting Assert power_on LED...
Jun 30 15:59:54 witherspoon systemd[1]: Started Wait for /org/openbmc/HostIpmi/1.
Jun 30 15:59:54 witherspoon systemd[1]: Starting Soft power off of the host...
Jun 30 15:59:54 witherspoon phosphor-gevent[993]: ::60b9:6d76:8e91:f402%1996012316 - - [2017-06-30 15:59:54] "GET /xyz/openbmc_project/state/host0//attr/CurrentHostState HTTP/1.1" 200 212 3.964089
Jun 30 15:59:55 witherspoon phosphor-gevent[993]: ::60b9:6d76:8e91:f402%1996012316 - - [2017-06-30 15:59:55] "POST /login HTTP/1.1" 200 320 0.032836
Jun 30 15:59:55 witherspoon ipmid[1025]: Pushing cmd on to queue
Jun 30 15:59:55 witherspoon ipmid[1025]: Asserting SMS Attention
Jun 30 15:59:55 witherspoon systemd[1]: Started Assert power_on LED.
Jun 30 15:59:55 witherspoon phosphor-gevent[993]: ::60b9:6d76:8e91:f402%1996012316 - - [2017-06-30 15:59:55] "GET /org/openbmc/sensors/host/BootProgress/attr/value HTTP/1.1" 200 170 0.404480
Jun 30 15:59:55 witherspoon ipmid[1025]: SMS Attention asserted
Jun 30 15:59:55 witherspoon phosphor-gevent[993]: ::60b9:6d76:8e91:f402%1996012316 - - [2017-06-30 15:59:55] "POST /login HTTP/1.1" 200 320 0.033115
Jun 30 15:59:55 witherspoon phosphor-host-state-manager[1044]: Host State transaction request
Jun 30 15:59:56 witherspoon phosphor-gevent[993]: ::60b9:6d76:8e91:f402%1996012316 - - [2017-06-30 15:59:56] "PUT /xyz/openbmc_project/state/host0//attr/RequestedHostTransition HTTP/1.1" 200 169 0.287159
Jun 30 15:59:56 witherspoon phosphor-gevent[993]: ::60b9:6d76:8e91:f402%1996012316 - - [2017-06-30 15:59:56] "POST /login HTTP/1.1" 200 320 0.097462
Jun 30 15:59:56 witherspoon systemd[1]: Created slice system-vcs_workaround.slice.
Jun 30 15:59:56 witherspoon systemd[1]: Created slice system-fsi\x2dscan.slice.
Jun 30 15:59:56 witherspoon systemd[1]: Created slice system-vrm\x2dcontrol.slice.
Jun 30 15:59:56 witherspoon systemd[1]: Created slice system-ucd_disable_vcs.slice.
Jun 30 15:59:56 witherspoon systemd[1]: Created slice system-phosphor\x2dfan\x2dpresence\x2dtach.slice.
Jun 30 15:59:56 witherspoon systemd[1]: Created slice system-phosphor\x2dfan\x2dcontrol\x2dinit.slice.
Jun 30 15:59:56 witherspoon systemd[1]: Created slice system-phosphor\x2dgpio\x2dmonitor.slice.
Jun 30 15:59:56 witherspoon systemd[1]: Created slice system-pcie\x2dslot\x2ddetect.slice.
Jun 30 15:59:56 witherspoon systemd[1]: Created slice system-op\x2dpower\x2dstart.slice.
Jun 30 15:59:56 witherspoon systemd[1]: Starting Witherspoon Fan Watchdog Reset...
Jun 30 15:59:56 witherspoon systemd[1]: Created slice system-op\x2dwait\x2dpower\x2don.slice.
Jun 30 15:59:56 witherspoon systemd[1]: Starting Wait for Power0 to turn on...
Jun 30 15:59:56 witherspoon systemd[1]: Created slice system-vcs_on.slice.
Jun 30 15:59:56 witherspoon systemd[1]: Created slice system-fsi\x2dbind.slice.
Jun 30 15:59:56 witherspoon systemd[1]: Created slice system-avsbus\x2dworkaround.slice.
Jun 30 15:59:56 witherspoon systemd[1]: Created slice system-mapper\x2dsubtree\x2dremove.slice.
Jun 30 15:59:56 witherspoon systemd[1]: Started Phosphor GPIO checkstop monitor.
Jun 30 15:59:56 witherspoon systemd[1]: Starting Assert power_on LED...
Jun 30 15:59:56 witherspoon systemd[1]: Created slice system-cfam_override.slice.
Jun 30 15:59:56 witherspoon systemd[1]: Created slice system-start_host.slice.
Jun 30 15:59:56 witherspoon systemd[1]: Created slice system-phosphor\x2dwatchdog.slice.
Jun 30 15:59:56 witherspoon systemd[1]: Started Phosphor poweron watchdog.
Jun 30 15:59:56 witherspoon systemd[1]: Created slice system-vcs_off.slice.
Jun 30 15:59:56 witherspoon systemd[1]: Starting mapper subtree-remove /xyz/openbmc_project/software:xyz.openbmc_project.Software.ActivationBlocksTransition...
Jun 30 15:59:56 witherspoon systemd[1]: Starting Disable UCD VCS rails...
Jun 30 15:59:56 witherspoon systemd[1]: Created slice system-avsbus\x2denable.slice.
Jun 30 15:59:56 witherspoon systemd[1]: Created slice system-ir35221\x2don\x2dunbind.slice.
Jun 30 15:59:57 witherspoon systemd[1]: Starting power on mode unbind ir35221 device driver devs...
Jun 30 15:59:57 witherspoon systemd[1]: Created slice system-avsbus\x2ddisable.slice.
Jun 30 15:59:57 witherspoon systemd[1]: Created slice system-ir35221\x2don\x2dbind.slice.
Jun 30 15:59:57 witherspoon systemd[1]: Stopped Power off mode unbind ir35221 device driver devs.
Jun 30 15:59:57 witherspoon systemd[1]: Stopped target Stop Host checkstop monitor.
Jun 30 15:59:57 witherspoon systemd[1]: Stopped target Stop Host0 (Pre).
Jun 30 15:59:57 witherspoon systemd[1]: Reached target Start Host checkstop monitor.
Jun 30 15:59:57 witherspoon systemd[1]: xyz.openbmc_project.Ipmi.Internal.SoftPowerOff.service: Main process exited, code=killed, status=15/TERM
Jun 30 15:59:57 witherspoon systemd[1]: Stopped Soft power off of the host.
Jun 30 15:59:57 witherspoon systemd[1]: xyz.openbmc_project.Ipmi.Internal.SoftPowerOff.service: Unit entered failed state.
Jun 30 15:59:57 witherspoon systemd[1]: xyz.openbmc_project.Ipmi.Internal.SoftPowerOff.service: Failed with result 'signal'.
Jun 30 15:59:57 witherspoon systemd[1]: Started Witherspoon Fan Watchdog Reset.
Jun 30 15:59:58 witherspoon kernel: ucd9000 11-0064: Device ID UCD90160|2.3.4.0000|110603
Jun 30 15:59:58 witherspoon kernel[944]: [  220.360000] ucd9000 11-0064: Device ID UCD90160|2.3.4.0000|110603
Jun 30 15:59:57 witherspoon systemd[1]: xyz.openbmc_project.Hwmon@ahb-apb-i2c\x401e78a000-i2c\x2dbus\x40400-ucd90160\x4064.service: Unit not needed anymore. Stopping.
Jun 30 15:59:57 witherspoon systemd[1]: Stopping Phosphor Hwmon Poller...
Jun 30 15:59:57 witherspoon systemd[1]: Stopped Phosphor Hwmon Poller.
Jun 30 15:59:57 witherspoon systemd[1]: Started power on mode unbind ir35221 device driver devs.
Jun 30 15:59:58 witherspoon phosphor-chassis-state-manager[1049]: Received signal that power OFF is complete
Jun 30 15:59:58 witherspoon phosphor-chassis-state-manager[1049]: Change to Chassis Power State
Jun 30 15:59:58 witherspoon phosphor-gevent[993]: ::60b9:6d76:8e91:f402%1996012316 - - [2017-06-30 15:59:58] "GET /xyz/openbmc_project/state/host0//attr/CurrentHostState HTTP/1.1" 200 212 2.231585
Jun 30 15:59:58 witherspoon systemd[1]: Started Disable UCD VCS rails.
Jun 30 15:59:58 witherspoon systemd[1]: Starting Perform AVS bus workaround on VRMs...
Jun 30 15:59:58 witherspoon ipmid[1025]: Host control timeout hit!
Jun 30 15:59:58 witherspoon ipmid[1025]: Timer expired
Jun 30 15:59:58 witherspoon phosphor-host-state-manager[1044]: Received signal that host is off
Jun 30 15:59:58 witherspoon phosphor-host-state-manager[1044]: Change to Host State
Jun 30 15:59:58 witherspoon systemd[1]: Started Phosphor Hwmon Poller.
Jun 30 15:59:59 witherspoon systemd[1]: Started Perform AVS bus workaround on VRMs.
Jun 30 15:59:59 witherspoon systemd[1]: Starting Disable the AVS bus on the VRMs...
Jun 30 15:59:59 witherspoon systemd[1]: Started Disable the AVS bus on the VRMs.
Jun 30 15:59:59 witherspoon systemd[1]: Starting Apply voltage overrides to VRMs...
Jun 30 16:00:00 witherspoon vrm-control.sh[1210]: rail        set        read        current
Jun 30 16:00:00 witherspoon vrm-control.sh[1210]: -------        ------- ------- -------
Jun 30 16:00:01 witherspoon vrm-control.sh[1210]: vdna        0.898V        0.004V        0.000A
Jun 30 16:00:01 witherspoon vrm-control.sh[1210]: vdnb        0.898V        0.004V        0.000A
Jun 30 16:00:01 witherspoon systemd[1]: Started Apply voltage overrides to VRMs.
Jun 30 16:00:01 witherspoon systemd[1]: Starting Enable the AVS bus on VRMs...
Jun 30 16:00:02 witherspoon systemd[1]: Started Enable the AVS bus on VRMs.
Jun 30 16:00:02 witherspoon systemd[1]: Starting Disable VCS before Witherspoon power on...
Jun 30 16:00:02 witherspoon systemd[1]: Started Disable VCS before Witherspoon power on.
Jun 30 16:00:02 witherspoon systemd[1]: Reached target Power0 On (Pre).
Jun 30 16:00:02 witherspoon systemd[1]: Starting Start Power0...
Jun 30 16:00:03 witherspoon systemd[1]: Started mapper subtree-remove /xyz/openbmc_project/software:xyz.openbmc_project.Software.ActivationBlocksTransition.
Jun 30 16:00:04 witherspoon power_control.exe[1045]: PowerControl: setting power up SOFTWARE_PGOOD to 1
Jun 30 16:00:04 witherspoon power_control.exe[1045]: PowerControl: setting power up BMC_POWER_UP to 1
Jun 30 16:00:04 witherspoon systemd[1]: Started Start Power0.
Jun 30 16:00:04 witherspoon timemanager[1074]:  PGOOD has changed..
Jun 30 16:00:04 witherspoon system_manager.py[989]: Running System State: HOST_POWERING_ON
Jun 30 16:00:04 witherspoon phosphor-ledmanager[952]: Asserting LEDs
Jun 30 16:00:04 witherspoon phosphor-ledmanager[952]: No service providers for physical LED
Jun 30 16:00:04 witherspoon systemd[1]: Started Assert power_on LED.
Jun 30 16:00:04 witherspoon power_control.exe[1045]: PowerControl: pgood: 1, setting reset BMC_CP0_RESET_N to 1
Jun 30 16:00:04 witherspoon timemanager[1074]:  PGOOD has changed..
Jun 30 16:00:04 witherspoon timemanager[1074]: Changing time settings is *deferred* now
Jun 30 16:00:04 witherspoon timemanager[1074]:  User Settings have changed..
Jun 30 16:00:04 witherspoon systemd[1]: Started Wait for Power0 to turn on.
Jun 30 16:00:04 witherspoon system_manager.py[989]: Running System State: HOST_POWERED_ON
Jun 30 16:00:04 witherspoon systemd[1]: Reached target Power0 On.
Jun 30 16:00:04 witherspoon systemd[1]: Reached target Power0 (On).
Jun 30 16:00:04 witherspoon systemd[1]: Started Phosphor Fan Control Initialization.
Jun 30 16:00:04 witherspoon systemd[1]: Starting Scan FSI devices...
Jun 30 16:00:04 witherspoon systemd[1]: Started Phosphor Fan Presence Tach Daemon.
Jun 30 16:00:04 witherspoon systemd[1]: Starting PCIE Slot Presence Detection For Chassis0...
Jun 30 16:00:05 witherspoon kernel:  fsi0: fsi: found chip c0010d12 at 00:00:00
Jun 30 16:00:05 witherspoon kernel:  slave@00:00: engine[2]: type 4, version 6, addr c00 size 400
Jun 30 16:00:05 witherspoon kernel:  slave@00:00: engine[3]: type 5, version 6, addr 1000 size 400
Jun 30 16:00:05 witherspoon kernel[944]: [  227.270000]  fsi0: fsi: found chip c0010d12 at 00:00:00
Jun 30 16:00:05 witherspoon kernel[944]: [  227.270000]  slave@00:00: engine[2]: type 4, version 6, addr c00 size 400
Jun 30 16:00:05 witherspoon kernel[944]: [  227.270000]  slave@00:00: engine[3]: type 5, version 6, addr 1000 size 400
Jun 30 16:00:06 witherspoon kernel:  slave@00:00: engine[4]: type 6, version 1, addr 1400 size 400
Jun 30 16:00:06 witherspoon kernel:  slave@00:00: engine[5]: type 7, version 2, addr 1800 size 400
Jun 30 16:00:06 witherspoon kernel:  slave@00:00: engine[8]: type 22, version 1, addr 2400 size 400
Jun 30 16:00:06 witherspoon kernel: sbefifo 00:00:00:06: Found sbefifo device
Jun 30 16:00:06 witherspoon kernel: occ-hwmon occ1-dev0: failed to get OCC poll response: -19
Jun 30 16:00:06 witherspoon kernel:  slave@00:00: engine[9]: type 20, version 2, addr 2800 size 800
Jun 30 16:00:06 witherspoon kernel:  slave@00:00: engine[11]: type 1a, version 1, addr 3000 size 400
Jun 30 16:00:06 witherspoon kernel:  slave@00:00: engine[12]: type 1c, version 1, addr 3400 size 400
Jun 30 16:00:06 witherspoon kernel: fsi-master-hub 00:00:00:0a: hub version 92010800 (8 links)
Jun 30 16:00:06 witherspoon kernel:  slave@00:00: status: 0x84000510, sisc: 0x01040108
Jun 30 16:00:06 witherspoon kernel:  slave@00:00: status: 0x84000500, sisc: 0x00040108
Jun 30 16:00:06 witherspoon kernel:  fsi1: can't read slave 00:00 -5
Jun 30 16:00:06 witherspoon kernel:  fsi1: fsi: found chip c0010d12 at 01:01:00
Jun 30 16:00:06 witherspoon kernel:  slave@01:00: engine[2]: type 4, version 6, addr c00 size 400
Jun 30 16:00:06 witherspoon kernel:  slave@01:00: engine[3]: type 5, version 6, addr 1000 size 400
Jun 30 16:00:06 witherspoon kernel[944]: [  227.970000]  slave@00:00: engine[4]: type 6, version 1, addr 1400 size 400
Jun 30 16:00:06 witherspoon kernel[944]: [  227.970000]  slave@00:00: engine[5]: type 7, version 2, addr 1800 size 400
Jun 30 16:00:06 witherspoon kernel[944]: [  227.970000]  slave@00:00: engine[8]: type 22, version 1, addr 2400 size 400
Jun 30 16:00:06 witherspoon kernel[944]: [  227.970000] sbefifo 00:00:00:06: Found sbefifo device
Jun 30 16:00:06 witherspoon kernel[944]: [  227.970000] occ-hwmon occ1-dev0: failed to get OCC poll response: -19
Jun 30 16:00:06 witherspoon kernel[944]: [  227.970000]  slave@00:00: engine[9]: type 20, version 2, addr 2800 size 800
Jun 30 16:00:06 witherspoon kernel[944]: [  227.970000]  slave@00:00: engine[11]: type 1a, version 1, addr 3000 size 400
Jun 30 16:00:06 witherspoon kernel[944]: [  228.210000]  slave@00:00: engine[12]: type 1c, version 1, addr 3400 size 400
Jun 30 16:00:06 witherspoon kernel[944]: [  228.210000] fsi-master-hub 00:00:00:0a: hub version 92010800 (8 links)
Jun 30 16:00:06 witherspoon kernel[944]: [  228.210000]  slave@00:00: status: 0x84000510, sisc: 0x01040108
Jun 30 16:00:06 witherspoon kernel[944]: [  228.210000]  slave@00:00: status: 0x84000500, sisc: 0x00040108
Jun 30 16:00:06 witherspoon kernel[944]: [  228.210000]  fsi1: can't read slave 00:00 -5
Jun 30 16:00:06 witherspoon kernel[944]: [  228.210000]  fsi1: fsi: found chip c0010d12 at 01:01:00
Jun 30 16:00:06 witherspoon kernel[944]: [  228.210000]  slave@01:00: engine[2]: type 4, version 6, addr c00 size 400
Jun 30 16:00:06 witherspoon kernel[944]: [  228.210000]  slave@01:00: engine[3]: type 5, version 6, addr 1000 size 400
Jun 30 16:00:07 witherspoon kernel:  slave@01:00: engine[4]: type 6, version 1, addr 1400 size 400
Jun 30 16:00:07 witherspoon kernel:  slave@01:00: engine[5]: type 7, version 2, addr 1800 size 400
Jun 30 16:00:07 witherspoon kernel:  slave@01:00: engine[8]: type 22, version 1, addr 2400 size 400
Jun 30 16:00:07 witherspoon kernel: sbefifo 01:01:00:06: Found sbefifo device
Jun 30 16:00:07 witherspoon kernel: occ-hwmon occ2-dev0: failed to get OCC poll response: -19
Jun 30 16:00:07 witherspoon kernel:  slave@01:00: engine[9]: type 20, version 2, addr 2800 size 800
Jun 30 16:00:07 witherspoon kernel:  slave@01:00: engine[11]: type 1a, version 1, addr 3000 size 400
Jun 30 16:00:07 witherspoon kernel:  slave@01:00: engine[12]: type 1c, version 1, addr 3400 size 400
Jun 30 16:00:07 witherspoon kernel: fsi-master-hub 01:01:00:0a: hub version 92010800 (8 links)
Jun 30 16:00:07 witherspoon kernel:  slave@00:00: status: 0x84000500, sisc: 0x00040108
Jun 30 16:00:07 witherspoon kernel:  slave@00:00: status: 0x84000500, sisc: 0x00040108
Jun 30 16:00:07 witherspoon kernel:  slave@01:00: status: 0x04000510, sisc: 0x01040000
Jun 30 16:00:07 witherspoon kernel:  slave@00:00: status: 0x84000500, sisc: 0x00040108
Jun 30 16:00:07 witherspoon kernel:  slave@00:00: status: 0x84000500, sisc: 0x00040108
Jun 30 16:00:07 witherspoon kernel:  slave@01:00: status: 0x04000500, sisc: 0x00040000
Jun 30 16:00:07 witherspoon kernel:  slave@00:00: status: 0x84000500, sisc: 0x00040108
Jun 30 16:00:07 witherspoon kernel:  slave@00:00: status: 0x84000500, sisc: 0x00040108
Jun 30 16:00:07 witherspoon kernel:  slave@01:00: status: 0x04000500, sisc: 0x00040000
Jun 30 16:00:07 witherspoon kernel:  slave@00:00: status: 0x84000500, sisc: 0x00040108
Jun 30 16:00:07 witherspoon kernel:  slave@00:00: status: 0x84000500, sisc: 0x00040108
Jun 30 16:00:07 witherspoon kernel:  slave@01:00: status: 0x04000500, sisc: 0x00040000
Jun 30 16:00:07 witherspoon kernel:  slave@00:00: status: 0x84000500, sisc: 0x00040108
Jun 30 16:00:07 witherspoon kernel:  slave@00:00: status: 0x84000500, sisc: 0x00040108
Jun 30 16:00:07 witherspoon kernel:  slave@01:00: status: 0x04000500, sisc: 0x00040000
Jun 30 16:00:07 witherspoon kernel:  slave@00:00: status: 0x84000500, sisc: 0x00040108
Jun 30 16:00:07 witherspoon kernel:  slave@00:00: status: 0x84000500, sisc: 0x00040108
Jun 30 16:00:07 witherspoon kernel:  slave@01:00: status: 0x04000500, sisc: 0x00040000
Jun 30 16:00:07 witherspoon kernel:  slave@01:00: status: 0x04000500, sisc: 0x00040000
Jun 30 16:00:07 witherspoon kernel:  slave@01:00: status: 0x04000500, sisc: 0x00040000
Jun 30 16:00:07 witherspoon kernel:  slave@01:00: status: 0x04000500, sisc: 0x00040000
Jun 30 16:00:07 witherspoon kernel:  slave@01:00: status: 0x04000500, sisc: 0x00040000
Jun 30 16:00:07 witherspoon kernel:  slave@01:00: status: 0x04000500, sisc: 0x00040000
Jun 30 16:00:07 witherspoon kernel:  slave@01:00: status: 0x04000500, sisc: 0x00040000
Jun 30 16:00:07 witherspoon kernel:  slave@01:00: status: 0x04000500, sisc: 0x00040000
Jun 30 16:00:07 witherspoon kernel:  slave@01:00: status: 0x04000500, sisc: 0x00040000
Jun 30 16:00:07 witherspoon kernel:  slave@01:00: status: 0x04000500, sisc: 0x00040000
Jun 30 16:00:07 witherspoon kernel:  slave@01:00: status: 0x04000500, sisc: 0x00040000
Jun 30 16:00:07 witherspoon kernel:  slave@01:00: engine[14]: type 1b, version 1, addr 40000 size 8000
Jun 30 16:00:07 witherspoon kernel:  slave@01:00: engine[15]: type 1b, version 1, addr 48000 size 8000
Jun 30 16:00:07 witherspoon kernel:  slave@01:00: engine[16]: type 1b, version 1, addr 50000 size 8000
Jun 30 16:00:07 witherspoon kernel:  slave@01:00: engine[17]: type 1b, version 1, addr 58000 size 8000
Jun 30 16:00:07 witherspoon kernel:  slave@01:00: engine[18]: type 1b, version 1, addr 60000 size 8000
Jun 30 16:00:07 witherspoon kernel:  slave@01:00: engine[19]: type 1b, version 1, addr 68000 size 8000
Jun 30 16:00:07 witherspoon kernel:  slave@01:00: engine[20]: type 1b, version 1, addr 70000 size 8000
Jun 30 16:00:07 witherspoon kernel:  slave@01:00: engine[21]: type 1b, version 1, addr 78000 size 8000
Jun 30 16:00:07 witherspoon kernel:  slave@00:00: status: 0x84000500, sisc: 0x00040108
Jun 30 16:00:07 witherspoon kernel:  slave@00:00: status: 0x84000500, sisc: 0x00040108
Jun 30 16:00:07 witherspoon kernel:  fsi1: can't read slave 02:00 -5
Jun 30 16:00:07 witherspoon kernel:  slave@00:00: status: 0x84000500, sisc: 0x00040108
Jun 30 16:00:07 witherspoon kernel:  slave@00:00: status: 0x84000500, sisc: 0x00040108
Jun 30 16:00:07 witherspoon kernel:  fsi1: can't read slave 03:00 -5
Jun 30 16:00:07 witherspoon kernel:  slave@00:00: status: 0x84000500, sisc: 0x00040108
Jun 30 16:00:07 witherspoon kernel:  slave@00:00: status: 0x84000500, sisc: 0x00040108
Jun 30 16:00:07 witherspoon kernel:  fsi1: can't read slave 04:00 -5
Jun 30 16:00:07 witherspoon kernel:  slave@00:00: status: 0x84000500, sisc: 0x00040108
Jun 30 16:00:07 witherspoon kernel:  slave@00:00: status: 0x84000500, sisc: 0x00040108
Jun 30 16:00:07 witherspoon kernel:  fsi1: can't read slave 05:00 -5
Jun 30 16:00:07 witherspoon kernel:  slave@00:00: status: 0x84000500, sisc: 0x00040108
Jun 30 16:00:07 witherspoon kernel:  slave@00:00: status: 0x84000500, sisc: 0x00040108
Jun 30 16:00:07 witherspoon kernel:  fsi1: can't read slave 06:00 -5
Jun 30 16:00:07 witherspoon kernel:  slave@00:00: status: 0x84000500, sisc: 0x00040108
Jun 30 16:00:07 witherspoon kernel:  slave@00:00: status: 0x84000500, sisc: 0x00040108
Jun 30 16:00:07 witherspoon kernel:  fsi1: can't read slave 07:00 -5
Jun 30 16:00:07 witherspoon kernel:  slave@00:00: engine[14]: type 1b, version 1, addr 40000 size 8000
Jun 30 16:00:07 witherspoon kernel:  slave@00:00: engine[15]: type 1b, version 1, addr 48000 size 8000
Jun 30 16:00:07 witherspoon kernel:  slave@00:00: engine[16]: type 1b, version 1, addr 50000 size 8000
Jun 30 16:00:07 witherspoon kernel:  slave@00:00: engine[17]: type 1b, version 1, addr 58000 size 8000
Jun 30 16:00:07 witherspoon kernel:  slave@00:00: engine[18]: type 1b, version 1, addr 60000 size 8000
Jun 30 16:00:07 witherspoon kernel:  slave@00:00: engine[19]: type 1b, version 1, addr 68000 size 8000
Jun 30 16:00:07 witherspoon kernel:  slave@00:00: engine[20]: type 1b, version 1, addr 70000 size 8000
Jun 30 16:00:07 witherspoon kernel:  slave@00:00: engine[21]: type 1b, version 1, addr 78000 size 8000
Jun 30 16:00:07 witherspoon kernel[944]: [  228.710000]  slave@01:00: engine[4]: type 6, version 1, addr 1400 size 400
Jun 30 16:00:07 witherspoon kernel[944]: [  228.710000]  slave@01:00: engine[5]: type 7, version 2, addr 1800 size 400
Jun 30 16:00:07 witherspoon kernel[944]: [  228.710000]  slave@01:00: engine[8]: type 22, version 1, addr 2400 size 400
Jun 30 16:00:07 witherspoon kernel[944]: [  228.710000] sbefifo 01:01:00:06: Found sbefifo device
Jun 30 16:00:07 witherspoon kernel[944]: [  228.710000] occ-hwmon occ2-dev0: failed to get OCC poll response: -19
Jun 30 16:00:07 witherspoon kernel[944]: [  228.710000]  slave@01:00: engine[9]: type 20, version 2, addr 2800 size 800
Jun 30 16:00:07 witherspoon kernel[944]: [  228.710000]  slave@01:00: engine[11]: type 1a, version 1, addr 3000 size 400
Jun 30 16:00:07 witherspoon kernel[944]: [  228.710000]  slave@01:00: engine[12]: type 1c, version 1, addr 3400 size 400
Jun 30 16:00:07 witherspoon kernel[944]: [  228.710000] fsi-master-hub 01:01:00:0a: hub version 92010800 (8 links)
Jun 30 16:00:07 witherspoon kernel[944]: [  228.710000]  slave@00:00: status: 0x84000500, sisc: 0x00040108
Jun 30 16:00:07 witherspoon kernel[944]: [  228.970000]  slave@00:00: status: 0x84000500, sisc: 0x00040108
Jun 30 16:00:07 witherspoon kernel[944]: [  228.970000]  slave@01:00: status: 0x04000510, sisc: 0x01040000
Jun 30 16:00:07 witherspoon kernel[944]: [  228.970000]  slave@00:00: status: 0x84000500, sisc: 0x00040108
Jun 30 16:00:07 witherspoon kernel[944]: [  228.970000]  slave@00:00: status: 0x84000500, sisc: 0x00040108
Jun 30 16:00:08 witherspoon systemd[1]: Started PCIE Slot Presence Detection For Chassis0.
Jun 30 16:00:07 witherspoon kernel[944]: [  228.970000]  slave@01:00: status: 0x04000500, sisc: 0x00040000
