-- Logs begin at Thu 2017-08-10 03:13:17 UTC, end at Thu 2017-08-10 03:29:29 UTC. --
Aug 10 03:13:17 witherspoon kernel: Booting Linux on physical CPU 0x0
Aug 10 03:13:17 witherspoon kernel: Linux version 4.10.17-baeb50beb784ac5993d2bfb5d06d909971b60506 (jenkins@openbmc-builder1) (gcc version 6.2.0 (GCC) ) #1 Thu Aug 10 02:42:11 UTC 2017
Aug 10 03:13:17 witherspoon kernel: CPU: ARMv6-compatible processor [410fb767] revision 7 (ARMv7), cr=00c5387d
Aug 10 03:13:17 witherspoon kernel: CPU: PIPT / VIPT nonaliasing data cache, VIPT nonaliasing instruction cache
Aug 10 03:13:17 witherspoon kernel: OF: fdt:Machine model: Witherspoon BMC
Aug 10 03:13:17 witherspoon kernel: Memory policy: Data cache writeback
Aug 10 03:13:17 witherspoon kernel: SOC Rev: 04030303
Aug 10 03:13:17 witherspoon kernel: On node 0 totalpages: 110592
Aug 10 03:13:17 witherspoon kernel: free_area_init_node: node 0, pgdat 805ff6cc, node_mem_map 9ec1a000
Aug 10 03:13:17 witherspoon kernel:   Normal zone: 992 pages used for memmap
Aug 10 03:13:17 witherspoon kernel:   Normal zone: 0 pages reserved
Aug 10 03:13:17 witherspoon kernel:   Normal zone: 110592 pages, LIFO batch:31
Aug 10 03:13:17 witherspoon kernel: pcpu-alloc: s0 r0 d32768 u32768 alloc=1*32768
Aug 10 03:13:17 witherspoon kernel: pcpu-alloc: [0] 0 
Aug 10 03:13:17 witherspoon kernel: Built 1 zonelists in Zone order, mobility grouping on.  Total pages: 109600
Aug 10 03:13:17 witherspoon kernel: Kernel command line: console=ttyS4,115200n8 root=/dev/ram rw
Aug 10 03:13:17 witherspoon kernel: PID hash table entries: 2048 (order: 1, 8192 bytes)
Aug 10 03:13:17 witherspoon kernel: Dentry cache hash table entries: 65536 (order: 6, 262144 bytes)
Aug 10 03:13:17 witherspoon kernel: Inode-cache hash table entries: 32768 (order: 5, 131072 bytes)
Aug 10 03:13:17 witherspoon kernel: Memory: 430432K/442368K available (4070K kernel code, 281K rwdata, 1192K rodata, 280K init, 111K bss, 11936K reserved, 0K cma-reserved)
Aug 10 03:13:17 witherspoon kernel: Virtual kernel memory layout:
                                        vector  : 0xffff0000 - 0xffff1000   (   4 kB)
                                        fixmap  : 0xffc00000 - 0xfff00000   (3072 kB)
                                        vmalloc : 0x9f800000 - 0xff800000   (1536 MB)
                                        lowmem  : 0x80000000 - 0x9f000000   ( 496 MB)
                                          .text : 0x80008000 - 0x80401ae0   (4071 kB)
                                          .init : 0x80586000 - 0x805cc000   ( 280 kB)
                                          .data : 0x805cc000 - 0x806124c0   ( 282 kB)
                                           .bss : 0x806124c0 - 0x8062e358   ( 112 kB)
Aug 10 03:13:17 witherspoon kernel: NR_IRQS:16 nr_irqs:16 16
Aug 10 03:13:17 witherspoon kernel: i2c controller registered, irq 16
Aug 10 03:13:17 witherspoon kernel: clocksource: moxart_timer: mask: 0xffffffff max_cycles: 0xffffffff, max_idle_ns: 77222644334 ns
Aug 10 03:13:17 witherspoon kernel: sched_clock: 32 bits at 100 Hz, resolution 10000000ns, wraps every 21474836475000000ns
Aug 10 03:13:17 witherspoon kernel: Calibrating delay loop... 789.70 BogoMIPS (lpj=3948544)
Aug 10 03:13:17 witherspoon kernel: pid_max: default: 32768 minimum: 301
Aug 10 03:13:17 witherspoon kernel: Mount-cache hash table entries: 1024 (order: 0, 4096 bytes)
Aug 10 03:13:17 witherspoon kernel: Mountpoint-cache hash table entries: 1024 (order: 0, 4096 bytes)
Aug 10 03:13:17 witherspoon kernel: CPU: Testing write buffer coherency: ok
Aug 10 03:13:17 witherspoon kernel: ftrace: allocating 14956 entries in 44 pages
Aug 10 03:13:17 witherspoon kernel: Setting up static identity map for 0x80008200 - 0x8000825c
Aug 10 03:13:17 witherspoon kernel: devtmpfs: initialized
Aug 10 03:13:17 witherspoon kernel: clocksource: jiffies: mask: 0xffffffff max_cycles: 0xffffffff, max_idle_ns: 19112604462750000 ns
Aug 10 03:13:17 witherspoon kernel: futex hash table entries: 256 (order: -1, 3072 bytes)
Aug 10 03:13:17 witherspoon kernel: pinctrl core: initialized pinctrl subsystem
Aug 10 03:13:17 witherspoon kernel: NET: Registered protocol family 16
Aug 10 03:13:17 witherspoon kernel: DMA: preallocated 256 KiB pool for atomic coherent allocations
Aug 10 03:13:17 witherspoon kernel: usbcore: registered new interface driver usbfs
Aug 10 03:13:17 witherspoon kernel: usbcore: registered new interface driver hub
Aug 10 03:13:17 witherspoon kernel: usbcore: registered new device driver usb
Aug 10 03:13:17 witherspoon kernel: clocksource: Switched to clocksource moxart_timer
Aug 10 03:13:17 witherspoon kernel: NET: Registered protocol family 2
Aug 10 03:13:17 witherspoon kernel: TCP established hash table entries: 4096 (order: 2, 16384 bytes)
Aug 10 03:13:17 witherspoon kernel: TCP bind hash table entries: 4096 (order: 2, 16384 bytes)
Aug 10 03:13:17 witherspoon kernel: TCP: Hash tables configured (established 4096 bind 4096)
Aug 10 03:13:17 witherspoon kernel: UDP hash table entries: 256 (order: 0, 4096 bytes)
Aug 10 03:13:17 witherspoon kernel: UDP-Lite hash table entries: 256 (order: 0, 4096 bytes)
Aug 10 03:13:17 witherspoon kernel: NET: Registered protocol family 1
Aug 10 03:13:17 witherspoon kernel: Trying to unpack rootfs image as initramfs...
Aug 10 03:13:17 witherspoon kernel: Freeing initrd memory: 1544K
Aug 10 03:13:17 witherspoon kernel: workingset: timestamp_bits=30 max_order=17 bucket_order=0
Aug 10 03:13:17 witherspoon kernel: squashfs: version 4.0 (2009/01/31) Phillip Lougher
Aug 10 03:13:17 witherspoon kernel: jffs2: version 2.2. (SUMMARY)  © 2001-2006 Red Hat, Inc.
Aug 10 03:13:17 witherspoon kernel: Block layer SCSI generic (bsg) driver version 0.4 loaded (major 250)
Aug 10 03:13:17 witherspoon kernel: io scheduler noop registered
Aug 10 03:13:17 witherspoon kernel: io scheduler deadline registered
Aug 10 03:13:17 witherspoon kernel: io scheduler cfq registered (default)
Aug 10 03:13:17 witherspoon kernel: ipmi-bt-host 1e789140.ibt: Found bt bmc device
Aug 10 03:13:17 witherspoon kernel: ipmi-bt-host 1e789140.ibt: Using IRQ 22
Aug 10 03:13:17 witherspoon kernel: Serial: 8250/16550 driver, 6 ports, IRQ sharing enabled
Aug 10 03:13:17 witherspoon kernel: 1e787000.vuart: ttyS0 at MMIO 0x1e787000 (irq = 22, base_baud = 1500000) is a 16550A
Aug 10 03:13:17 witherspoon kernel: 1e783000.serial: ttyS1 at MMIO 0x1e783000 (irq = 23, base_baud = 1500000) is a 16550A
Aug 10 03:13:17 witherspoon kernel: 1e78d000.serial: ttyS2 at MMIO 0x1e78d000 (irq = 24, base_baud = 1500000) is a 16550A
Aug 10 03:13:17 witherspoon kernel: 1e784000.serial: ttyS4 at MMIO 0x1e784000 (irq = 25, base_baud = 1500000) is a 16550A
Aug 10 03:13:17 witherspoon kernel: console [ttyS4] enabled
Aug 10 03:13:17 witherspoon kernel: timeriomem_rng 1e6e2078.hwrng: 32bits from 0xf00e2078 @ 1us
Aug 10 03:13:17 witherspoon kernel: random: fast init done
Aug 10 03:13:17 witherspoon kernel: brd: module loaded
Aug 10 03:13:17 witherspoon kernel: random: crng init done
Aug 10 03:13:17 witherspoon kernel: loop: module loaded
Aug 10 03:13:17 witherspoon kernel: aspeed-lpc-ctrl 1e789080.lpc-ctrl: Loaded at 0x98000000 (0x04000000)
Aug 10 03:13:17 witherspoon kernel: aspeed-smc 1e620000.flash-controller: Using IRQ 18
Aug 10 03:13:17 witherspoon kernel: aspeed-smc 1e620000.flash-controller: DMA support disabled.
Aug 10 03:13:17 witherspoon kernel: aspeed-smc 1e620000.flash-controller: mx25l25635e (32768 Kbytes)
Aug 10 03:13:17 witherspoon kernel: aspeed-smc 1e620000.flash-controller: CE0 window [ 0x20000000 - 0x22000000 ] 32MB
Aug 10 03:13:17 witherspoon kernel: aspeed-smc 1e620000.flash-controller: CE1 window [ 0x22000000 - 0x2a000000 ] 128MB
Aug 10 03:13:17 witherspoon kernel: 5 ofpart partitions found on MTD device bmc
Aug 10 03:13:17 witherspoon kernel: Creating 5 MTD partitions on "bmc":
Aug 10 03:13:17 witherspoon kernel: 0x000000000000-0x000000060000 : "u-boot"
Aug 10 03:13:17 witherspoon kernel: 0x000000060000-0x000000080000 : "u-boot-env"
Aug 10 03:13:17 witherspoon kernel: 0x000000080000-0x0000004c0000 : "kernel"
Aug 10 03:13:17 witherspoon kernel: 0x0000004c0000-0x000001c00000 : "rofs"
Aug 10 03:13:17 witherspoon kernel: 0x000001c00000-0x000002000000 : "rwfs"
Aug 10 03:13:17 witherspoon kernel: aspeed-smc 1e620000.flash-controller: mx25l25635e (32768 Kbytes)
Aug 10 03:13:17 witherspoon kernel: aspeed-smc 1e620000.flash-controller: CE1 window [ 0x22000000 - 0x24000000 ] 32MB
Aug 10 03:13:17 witherspoon kernel: aspeed-smc 1e620000.flash-controller: CE2 window [ 0x24000000 - 0x2c000000 ] 128MB
Aug 10 03:13:17 witherspoon kernel: aspeed-smc 1e630000.flash-controller: mx66l1g45g (131072 Kbytes)
Aug 10 03:13:17 witherspoon kernel: aspeed-smc 1e630000.flash-controller: CE0 window resized to 120MB (AST2500 HW quirk)
Aug 10 03:13:17 witherspoon kernel: aspeed-smc 1e630000.flash-controller: CE0 window [ 0x30000000 - 0x37800000 ] 120MB
Aug 10 03:13:17 witherspoon kernel: aspeed-smc 1e630000.flash-controller: CE0 window too small for chip 128MB
Aug 10 03:13:17 witherspoon kernel: aspeed-smc 1e630000.flash-controller: CE1 window [ 0x37800000 - 0x38000000 ] 8MB
Aug 10 03:13:17 witherspoon kernel: libphy: Fixed MDIO Bus: probed
Aug 10 03:13:17 witherspoon kernel: ftgmac100 1e660000.ethernet: Read MAC address 70:e2:84:14:23:e1 from chip
Aug 10 03:13:17 witherspoon kernel: ftgmac100 1e660000.ethernet: Using NCSI interface
Aug 10 03:13:17 witherspoon kernel: ftgmac100 1e660000.ethernet eth0: irq 20, mapped at f0060000
Aug 10 03:13:17 witherspoon kernel: ehci_hcd: USB 2.0 'Enhanced' Host Controller (EHCI) Driver
Aug 10 03:13:17 witherspoon kernel: ehci-platform: EHCI generic platform driver
Aug 10 03:13:17 witherspoon kernel:  fsi0: can't read slave 00:00 -5
Aug 10 03:13:17 witherspoon kernel: i2c /dev entries driver
Aug 10 03:13:17 witherspoon kernel: aspeed-i2c-bus 1e78a0c0.i2c-bus: i2c bus 2 registered, irq 26
Aug 10 03:13:17 witherspoon kernel: aspeed-i2c-bus 1e78a100.i2c-bus: i2c bus 3 registered, irq 27
Aug 10 03:13:17 witherspoon kernel: aspeed-i2c-bus 1e78a140.i2c-bus: i2c bus 4 registered, irq 28
Aug 10 03:13:17 witherspoon kernel: aspeed-i2c-bus 1e78a180.i2c-bus: i2c bus 5 registered, irq 29
Aug 10 03:13:17 witherspoon kernel: aspeed-i2c-bus 1e78a380.i2c-bus: i2c bus 9 registered, irq 30
Aug 10 03:13:17 witherspoon kernel: aspeed-i2c-bus 1e78a3c0.i2c-bus: i2c bus 10 registered, irq 31
Aug 10 03:13:17 witherspoon kernel: rtc-rv8803 11-0032: Voltage low, temperature compensation stopped.
Aug 10 03:13:17 witherspoon kernel: rtc-rv8803 11-0032: An alarm maybe have been missed.
Aug 10 03:13:17 witherspoon kernel: rtc-rv8803 11-0032: rtc core: registered rx8900 as rtc0
Aug 10 03:13:17 witherspoon kernel: at24 11-0051: 8192 byte 24c64 EEPROM, writable, 1 bytes/write
Aug 10 03:13:17 witherspoon kernel: aspeed-i2c-bus 1e78a400.i2c-bus: i2c bus 11 registered, irq 32
Aug 10 03:13:17 witherspoon kernel: aspeed-i2c-bus 1e78a440.i2c-bus: i2c bus 12 registered, irq 33
Aug 10 03:13:17 witherspoon kernel: aspeed-i2c-bus 1e78a480.i2c-bus: i2c bus 13 registered, irq 34
Aug 10 03:13:17 witherspoon kernel: Driver for 1-wire Dallas network protocol.
Aug 10 03:13:17 witherspoon kernel: lm75 9-004a: hwmon0: sensor 'tmp275'
Aug 10 03:13:17 witherspoon kernel: ucd9000 11-0064: Device ID UCD90160|2.3.4.0000|110603
Aug 10 03:13:17 witherspoon kernel: leds-pca955x 3-0060: leds-pca955x: Using pca9552 16-bit LED driver at slave address 0x60
Aug 10 03:13:17 witherspoon kernel: leds-pca955x 3-0060: gpios 264...279
Aug 10 03:13:17 witherspoon kernel: leds-pca955x 11-0060: leds-pca955x: Using pca9552 16-bit LED driver at slave address 0x60
Aug 10 03:13:17 witherspoon kernel: leds-pca955x 11-0060: gpios 248...263
Aug 10 03:13:17 witherspoon kernel: usbcore: registered new interface driver usbhid
Aug 10 03:13:17 witherspoon kernel: usbhid: USB HID core driver
Aug 10 03:13:17 witherspoon kernel: NET: Registered protocol family 10
Aug 10 03:13:17 witherspoon kernel: Segment Routing with IPv6
Aug 10 03:13:17 witherspoon kernel: NET: Registered protocol family 17
Aug 10 03:13:17 witherspoon kernel: 8021q: 802.1Q VLAN Support v1.8
Aug 10 03:13:17 witherspoon kernel: input: gpio-keys-polled as /devices/platform/gpio-keys-polled/input/input1
Aug 10 03:13:17 witherspoon kernel: console [netcon0] enabled
Aug 10 03:13:17 witherspoon kernel: netconsole: network logging started
Aug 10 03:13:17 witherspoon kernel: input: gpio-keys as /devices/platform/gpio-keys/input/input2
Aug 10 03:13:17 witherspoon kernel: rtc-rv8803 11-0032: setting system clock to 2017-08-10 03:13:09 UTC (1502334789)
Aug 10 03:13:17 witherspoon kernel: Freeing unused kernel memory: 280K
Aug 10 03:13:17 witherspoon kernel: This architecture does not have kernel memory protection.
Aug 10 03:13:17 witherspoon kernel: jffs2: notice: (536) jffs2_build_xattr_subsystem: complete building xattr subsystem, 1 of xdatum (0 unchecked, 0 orphan) and 13 of xref (0 dead, 3 orphan) found.
Aug 10 03:13:17 witherspoon systemd[1]: Failed to insert module 'autofs4': No such file or directory
Aug 10 03:13:17 witherspoon systemd[1]: systemd 232 running in system mode. (+PAM -AUDIT -SELINUX -IMA -APPARMOR -SMACK +SYSVINIT -UTMP -LIBCRYPTSETUP -GCRYPT -GNUTLS +ACL +XZ -LZ4 -SECCOMP +BLKID -ELFUTILS +KMOD -IDN)
Aug 10 03:13:17 witherspoon systemd[1]: Detected architecture arm.
Aug 10 03:13:17 witherspoon systemd[1]: Set hostname to <witherspoon>.
Aug 10 03:13:17 witherspoon systemd[1]: Started Dispatch Password Requests to Console Directory Watch.
Aug 10 03:13:17 witherspoon systemd[1]: Listening on Syslog Socket.
Aug 10 03:13:17 witherspoon systemd[1]: Listening on Journal Socket (/dev/log).
Aug 10 03:13:17 witherspoon systemd[1]: Listening on udev Kernel Socket.
Aug 10 03:13:17 witherspoon systemd[1]: Listening on /dev/initctl Compatibility Named Pipe.
Aug 10 03:13:17 witherspoon systemd[1]: Started Forward Password Requests to Wall Directory Watch.
Aug 10 03:13:17 witherspoon systemd[1]: Reached target Paths.
Aug 10 03:13:17 witherspoon systemd-journald[566]: Journal started
Aug 10 03:13:17 witherspoon systemd-journald[566]: Runtime journal (/run/log/journal/cc6e1404d87444e8a089dfdb00a18f7d) is 0B, max 0B, 0B free.
Aug 10 03:13:17 witherspoon systemd-sysctl[565]: Couldn't write '16' to 'kernel/sysrq', ignoring: No such file or directory
Aug 10 03:13:17 witherspoon systemd-sysctl[565]: Couldn't write 'fq_codel' to 'net/core/default_qdisc', ignoring: No such file or directory
Aug 10 03:13:17 witherspoon systemd[1]: Starting Flush Journal to Persistent Storage...
Aug 10 03:13:18 witherspoon systemd-journald[566]: Runtime journal (/run/log/journal/cc6e1404d87444e8a089dfdb00a18f7d) is 0B, max 0B, 0B free.
Aug 10 03:13:18 witherspoon systemd[1]: Started Flush Journal to Persistent Storage.
Aug 10 03:13:18 witherspoon systemd[1]: Started Create Static Device Nodes in /dev.
Aug 10 03:13:18 witherspoon systemd[1]: Started udev Coldplug all Devices.
Aug 10 03:13:18 witherspoon systemd[1]: Reached target Local File Systems (Pre).
Aug 10 03:13:18 witherspoon systemd[1]: Mounting /var/volatile...
Aug 10 03:13:18 witherspoon systemd[1]: Starting udev Kernel Device Manager...
Aug 10 03:13:18 witherspoon systemd[1]: Mounted /var/volatile.
Aug 10 03:13:18 witherspoon systemd[1]: Reached target Local File Systems.
Aug 10 03:13:18 witherspoon systemd[1]: Starting Rebuild Journal Catalog...
Aug 10 03:13:18 witherspoon systemd[1]: Starting Create Volatile Files and Directories...
Aug 10 03:13:18 witherspoon systemd[1]: Starting Load/Save Random Seed...
Aug 10 03:13:19 witherspoon systemd[1]: Started Rebuild Journal Catalog.
Aug 10 03:13:19 witherspoon systemd[1]: Started Load/Save Random Seed.
Aug 10 03:13:19 witherspoon systemd[1]: Starting Update is Completed...
Aug 10 03:13:19 witherspoon systemd-tmpfiles[913]: "/var/tmp" already exists and is not a directory.
Aug 10 03:13:19 witherspoon systemd-tmpfiles[913]: "/var/log" already exists and is not a directory.
Aug 10 03:13:19 witherspoon systemd[1]: Started Create Volatile Files and Directories.
Aug 10 03:13:19 witherspoon systemd[1]: Starting Network Time Synchronization...
Aug 10 03:13:19 witherspoon systemd[1]: Started Update is Completed.
Aug 10 03:13:19 witherspoon systemd[1]: Started udev Kernel Device Manager.
Aug 10 03:13:19 witherspoon systemd[1]: Started Network Time Synchronization.
Aug 10 03:13:20 witherspoon systemd[1]: Reached target System Time Synchronized.
Aug 10 03:13:20 witherspoon systemd[1]: Reached target System Initialization.
Aug 10 03:13:20 witherspoon systemd[1]: Listening on Phosphor Webserver socket.
Aug 10 03:13:20 witherspoon systemd[1]: Listening on D-Bus System Message Bus Socket.
Aug 10 03:13:20 witherspoon systemd[1]: Listening on dropbear.socket.
Aug 10 03:13:20 witherspoon systemd[1]: Listening on Phosphor DBUS Browser socket.
Aug 10 03:13:21 witherspoon systemd[1]: Started Daily Cleanup of Temporary Directories.
Aug 10 03:13:21 witherspoon systemd[1]: Reached target Timers.
Aug 10 03:13:21 witherspoon systemd[1]: Listening on Phosphor Host Console SSH Per-Connection socket.
Aug 10 03:13:21 witherspoon systemd[1]: Listening on Avahi mDNS/DNS-SD Stack Activation Socket.
Aug 10 03:13:21 witherspoon systemd[1]: Listening on phosphor-ipmi-net.socket.
Aug 10 03:13:21 witherspoon systemd[1]: Reached target Sockets.
Aug 10 03:13:21 witherspoon systemd[1]: Reached target Basic System.
Aug 10 03:13:21 witherspoon systemd[1]: Starting Phosphor LED Group Management Daemon...
Aug 10 03:13:22 witherspoon systemd[1]: Starting Phosphor IPMI BT DBus Bridge...
Aug 10 03:13:22 witherspoon systemd[1]: Starting Phosphor Inventory Manager...
Aug 10 03:13:22 witherspoon systemd[1]: Started Phosphor Dump core monitor..
Aug 10 03:13:22 witherspoon systemd[1]: Starting Phosphor Download Manager...
Aug 10 03:13:22 witherspoon systemd[1]: Starting Phosphor Network Manager...
Aug 10 03:13:22 witherspoon systemd[1]: Starting Clear one time boot overrides...
Aug 10 03:13:22 witherspoon systemd[1]: Started Hardware RNG Entropy Gatherer Daemon.
Aug 10 03:13:22 witherspoon systemd[1]: Starting Phosphor User Manager...
Aug 10 03:13:22 witherspoon systemd[1]: Reached target Containers.
Aug 10 03:13:22 witherspoon systemd[1]: Started Kernel Logging Service.
Aug 10 03:13:22 witherspoon systemd[1]: Starting Phosphor Log Manager...
Aug 10 03:13:22 witherspoon systemd[1]: Starting OpenBMC Software Update Manager...
Aug 10 03:13:23 witherspoon systemd[1]: Started D-Bus System Message Bus.
Aug 10 03:13:23 witherspoon kernel[951]: klogd started: BusyBox v1.24.1 (2017-06-16 19:29:08 UTC)
Aug 10 03:13:23 witherspoon kernel[951]: [    0.000000] Booting Linux on physical CPU 0x0
Aug 10 03:13:23 witherspoon kernel[951]: [    0.000000] Linux version 4.10.17-baeb50beb784ac5993d2bfb5d06d909971b60506 (jenkins@openbmc-builder1) (gcc version 6.2.0 (GCC) ) #1 Thu Aug 10 02:42:11 UTC 2017
Aug 10 03:13:23 witherspoon kernel[951]: [    0.000000] CPU: ARMv6-compatible processor [410fb767] revision 7 (ARMv7), cr=00c5387d
Aug 10 03:13:23 witherspoon kernel[951]: [    0.000000] CPU: PIPT / VIPT nonaliasing data cache, VIPT nonaliasing instruction cache
Aug 10 03:13:23 witherspoon kernel[951]: [    0.000000] OF: fdt:Machine model: Witherspoon BMC
Aug 10 03:13:23 witherspoon kernel[951]: [    0.000000] Memory policy: Data cache writeback
Aug 10 03:13:23 witherspoon kernel[951]: [    0.000000] SOC Rev: 04030303
Aug 10 03:13:23 witherspoon kernel[951]: [    0.000000] On node 0 totalpages: 110592
Aug 10 03:13:23 witherspoon kernel[951]: [    0.000000] free_area_init_node: node 0, pgdat 805ff6cc, node_mem_map 9ec1a000
Aug 10 03:13:23 witherspoon kernel[951]: [    0.000000]   Normal zone: 992 pages used for memmap
Aug 10 03:13:23 witherspoon kernel[951]: [    0.000000]   Normal zone: 0 pages reserved
Aug 10 03:13:23 witherspoon kernel[951]: [    0.000000]   Normal zone: 110592 pages, LIFO batch:31
Aug 10 03:13:23 witherspoon kernel[951]: [    0.000000] pcpu-alloc: s0 r0 d32768 u32768 alloc=1*32768
Aug 10 03:13:23 witherspoon kernel[951]: [    0.000000] pcpu-alloc: [0] 0
Aug 10 03:13:23 witherspoon kernel[951]: [    0.000000] Built 1 zonelists in Zone order, mobility grouping on.  Total pages: 109600
Aug 10 03:13:23 witherspoon kernel[951]: [    0.000000] Kernel command line: console=ttyS4,115200n8 root=/dev/ram rw
Aug 10 03:13:23 witherspoon kernel[951]: [    0.000000] PID hash table entries: 2048 (order: 1, 8192 bytes)
Aug 10 03:13:23 witherspoon kernel[951]: [    0.000000] Dentry cache hash table entries: 65536 (order: 6, 262144 bytes)
Aug 10 03:13:23 witherspoon kernel[951]: [    0.000000] Inode-cache hash table entries: 32768 (order: 5, 131072 bytes)
Aug 10 03:13:23 witherspoon kernel[951]: [    0.000000] Memory: 430432K/442368K available (4070K kernel code, 281K rwdata, 1192K rodata, 280K init, 111K bss, 11936K reserved, 0K cma-reserved)
Aug 10 03:13:23 witherspoon kernel[951]: [    0.000000] Virtual kernel memory layout:
Aug 10 03:13:23 witherspoon kernel[951]: [    0.000000]     vector  : 0xffff0000 - 0xffff1000   (   4 kB)
Aug 10 03:13:23 witherspoon kernel[951]: [    0.000000]     fixmap  : 0xffc00000 - 0xfff00000   (3072 kB)
Aug 10 03:13:23 witherspoon kernel[951]: [    0.000000]     vmalloc : 0x9f800000 - 0xff800000   (1536 MB)
Aug 10 03:13:23 witherspoon kernel[951]: [    0.000000]     lowmem  : 0x80000000 - 0x9f000000   ( 496 MB)
Aug 10 03:13:23 witherspoon kernel[951]: [    0.000000]       .text : 0x80008000 - 0x80401ae0   (4071 kB)
Aug 10 03:13:23 witherspoon kernel[951]: [    0.000000]       .init : 0x80586000 - 0x805cc000   ( 280 kB)
Aug 10 03:13:23 witherspoon kernel[951]: [    0.000000]       .data : 0x805cc000 - 0x806124c0   ( 282 kB)
Aug 10 03:13:23 witherspoon kernel[951]: [    0.000000]        .bss : 0x806124c0 - 0x8062e358   ( 112 kB)
Aug 10 03:13:23 witherspoon kernel[951]: [    0.000000] NR_IRQS:16 nr_irqs:16 16
Aug 10 03:13:23 witherspoon kernel[951]: [    0.000000] i2c controller registered, irq 16
Aug 10 03:13:23 witherspoon kernel[951]: [    0.000000] clocksource: moxart_timer: mask: 0xffffffff max_cycles: 0xffffffff, max_idle_ns: 77222644334 ns
Aug 10 03:13:23 witherspoon kernel[951]: [    0.000000] sched_clock: 32 bits at 100 Hz, resolution 10000000ns, wraps every 21474836475000000ns
Aug 10 03:13:23 witherspoon kernel[951]: [    0.090000] Calibrating delay loop... 789.70 BogoMIPS (lpj=3948544)
Aug 10 03:13:23 witherspoon kernel[951]: [    0.090000] pid_max: default: 32768 minimum: 301
Aug 10 03:13:23 witherspoon kernel[951]: [    0.090000] Mount-cache hash table entries: 1024 (order: 0, 4096 bytes)
Aug 10 03:13:23 witherspoon kernel[951]: [    0.090000] Mountpoint-cache hash table entries: 1024 (order: 0, 4096 bytes)
Aug 10 03:13:23 witherspoon kernel[951]: [    0.090000] CPU: Testing write buffer coherency: ok
Aug 10 03:13:23 witherspoon kernel[951]: [    0.090000] ftrace: allocating 14956 entries in 44 pages
Aug 10 03:13:23 witherspoon kernel[951]: [    0.120000] Setting up static identity map for 0x80008200 - 0x8000825c
Aug 10 03:13:23 witherspoon kernel[951]: [    0.120000] devtmpfs: initialized
Aug 10 03:13:23 witherspoon kernel[951]: [    0.140000] clocksource: jiffies: mask: 0xffffffff max_cycles: 0xffffffff, max_idle_ns: 19112604462750000 ns
Aug 10 03:13:23 witherspoon kernel[951]: [    0.140000] futex hash table entries: 256 (order: -1, 3072 bytes)
Aug 10 03:13:23 witherspoon kernel[951]: [    0.140000] pinctrl core: initialized pinctrl subsystem
Aug 10 03:13:23 witherspoon kernel[951]: [    0.140000] NET: Registered protocol family 16
Aug 10 03:13:23 witherspoon kernel[951]: [    0.140000] DMA: preallocated 256 KiB pool for atomic coherent allocations
Aug 10 03:13:23 witherspoon kernel[951]: [    0.210000] usbcore: registered new interface driver usbfs
Aug 10 03:13:23 witherspoon kernel[951]: [    0.210000] usbcore: registered new interface driver hub
Aug 10 03:13:23 witherspoon kernel[951]: [    0.210000] usbcore: registered new device driver usb
Aug 10 03:13:23 witherspoon kernel[951]: [    0.220000] clocksource: Switched to clocksource moxart_timer
Aug 10 03:13:23 witherspoon kernel[951]: [    0.240000] NET: Registered protocol family 2
Aug 10 03:13:23 witherspoon kernel[951]: [    0.240000] TCP established hash table entries: 4096 (order: 2, 16384 bytes)
Aug 10 03:13:23 witherspoon kernel[951]: [    0.240000] TCP bind hash table entries: 4096 (order: 2, 16384 bytes)
Aug 10 03:13:23 witherspoon kernel[951]: [    0.240000] TCP: Hash tables configured (established 4096 bind 4096)
Aug 10 03:13:23 witherspoon kernel[951]: [    0.240000] UDP hash table entries: 256 (order: 0, 4096 bytes)
Aug 10 03:13:23 witherspoon kernel[951]: [    0.240000] UDP-Lite hash table entries: 256 (order: 0, 4096 bytes)
Aug 10 03:13:23 witherspoon kernel[951]: [    0.240000] NET: Registered protocol family 1
Aug 10 03:13:23 witherspoon kernel[951]: [    0.240000] Trying to unpack rootfs image as initramfs...
Aug 10 03:13:23 witherspoon kernel[951]: [    1.910000] Freeing initrd memory: 1544K
Aug 10 03:13:23 witherspoon kernel[951]: [    1.910000] workingset: timestamp_bits=30 max_order=17 bucket_order=0
Aug 10 03:13:23 witherspoon kernel[951]: [    1.910000] squashfs: version 4.0 (2009/01/31) Phillip Lougher
Aug 10 03:13:23 witherspoon kernel[951]: [    1.910000] jffs2: version 2.2. (SUMMARY)  © 2001-2006 Red Hat, Inc.
Aug 10 03:13:23 witherspoon kernel[951]: [    1.910000] Block layer SCSI generic (bsg) driver version 0.4 loaded (major 250)
Aug 10 03:13:23 witherspoon kernel[951]: [    1.910000] io scheduler noop registered
Aug 10 03:13:23 witherspoon kernel[951]: [    1.910000] io scheduler deadline registered
Aug 10 03:13:23 witherspoon kernel[951]: [    1.910000] io scheduler cfq registered (default)
Aug 10 03:13:23 witherspoon kernel[951]: [    2.060000] ipmi-bt-host 1e789140.ibt: Found bt bmc device
Aug 10 03:13:23 witherspoon kernel[951]: [    2.060000] ipmi-bt-host 1e789140.ibt: Using IRQ 22
Aug 10 03:13:23 witherspoon kernel[951]: [    2.060000] Serial: 8250/16550 driver, 6 ports, IRQ sharing enabled
Aug 10 03:13:23 witherspoon kernel[951]: [    2.060000] 1e787000.vuart: ttyS0 at MMIO 0x1e787000 (irq = 22, base_baud = 1500000) is a 16550A
Aug 10 03:13:23 witherspoon kernel[951]: [    2.060000] 1e783000.serial: ttyS1 at MMIO 0x1e783000 (irq = 23, base_baud = 1500000) is a 16550A
Aug 10 03:13:23 witherspoon kernel[951]: [    2.060000] 1e78d000.serial: ttyS2 at MMIO 0x1e78d000 (irq = 24, base_baud = 1500000) is a 16550A
Aug 10 03:13:23 witherspoon kernel[951]: [    2.060000] 1e784000.serial: ttyS4 at MMIO 0x1e784000 (irq = 25, base_baud = 1500000) is a 16550A
Aug 10 03:13:23 witherspoon kernel[951]: [    2.410000] console [ttyS4] enabled
Aug 10 03:13:23 witherspoon kernel[951]: [    2.600000] timeriomem_rng 1e6e2078.hwrng: 32bits from 0xf00e2078 @ 1us
Aug 10 03:13:23 witherspoon kernel[951]: [    2.610000] random: fast init done
Aug 10 03:13:23 witherspoon kernel[951]: [    2.650000] brd: module loaded
Aug 10 03:13:23 witherspoon kernel[951]: [    2.680000] random: crng init done
Aug 10 03:13:23 witherspoon kernel[951]: [    2.690000] loop: module loaded
Aug 10 03:13:23 witherspoon kernel[951]: [    2.690000] aspeed-lpc-ctrl 1e789080.lpc-ctrl: Loaded at 0x98000000 (0x04000000)
Aug 10 03:13:23 witherspoon kernel[951]: [    2.700000] aspeed-smc 1e620000.flash-controller: Using IRQ 18
Aug 10 03:13:23 witherspoon kernel[951]: [    2.700000] aspeed-smc 1e620000.flash-controller: DMA support disabled.
Aug 10 03:13:23 witherspoon kernel[951]: [    2.720000] aspeed-smc 1e620000.flash-controller: mx25l25635e (32768 Kbytes)
Aug 10 03:13:23 witherspoon kernel[951]: [    2.720000] aspeed-smc 1e620000.flash-controller: CE0 window [ 0x20000000 - 0x22000000 ] 32MB
Aug 10 03:13:23 witherspoon kernel[951]: [    2.720000] aspeed-smc 1e620000.flash-controller: CE1 window [ 0x22000000 - 0x2a000000 ] 128MB
Aug 10 03:13:23 witherspoon kernel[951]: [    2.720000] 5 ofpart partitions found on MTD device bmc
Aug 10 03:13:23 witherspoon kernel[951]: [    2.740000] Creating 5 MTD partitions on "bmc":
Aug 10 03:13:23 witherspoon kernel[951]: [    2.740000] 0x000000000000-0x000000060000 : "u-boot"
Aug 10 03:13:23 witherspoon kernel[951]: [    2.740000] 0x000000060000-0x000000080000 : "u-boot-env"
Aug 10 03:13:23 witherspoon kernel[951]: [    2.740000] 0x000000080000-0x0000004c0000 : "kernel"
Aug 10 03:13:23 witherspoon kernel[951]: [    2.780000] 0x0000004c0000-0x000001c00000 : "rofs"
Aug 10 03:13:24 witherspoon kernel[951]: [    2.790000] 0x000001c00000-0x000002000000 : "rwfs"
Aug 10 03:13:24 witherspoon kernel[951]: [    2.800000] aspeed-smc 1e620000.flash-controller: mx25l25635e (32768 Kbytes)
Aug 10 03:13:24 witherspoon kernel[951]: [    2.810000] aspeed-smc 1e620000.flash-controller: CE1 window [ 0x22000000 - 0x24000000 ] 32MB
Aug 10 03:13:24 witherspoon kernel[951]: [    2.810000] aspeed-smc 1e620000.flash-controller: CE2 window [ 0x24000000 - 0x2c000000 ] 128MB
Aug 10 03:13:24 witherspoon kernel[951]: [    2.830000] aspeed-smc 1e630000.flash-controller: mx66l1g45g (131072 Kbytes)
Aug 10 03:13:24 witherspoon kernel[951]: [    2.840000] aspeed-smc 1e630000.flash-controller: CE0 window resized to 120MB (AST2500 HW quirk)
Aug 10 03:13:24 witherspoon kernel[951]: [    2.840000] aspeed-smc 1e630000.flash-controller: CE0 window [ 0x30000000 - 0x37800000 ] 120MB
Aug 10 03:13:24 witherspoon kernel[951]: [    2.860000] aspeed-smc 1e630000.flash-controller: CE0 window too small for chip 128MB
Aug 10 03:13:24 witherspoon kernel[951]: [    2.860000] aspeed-smc 1e630000.flash-controller: CE1 window [ 0x37800000 - 0x38000000 ] 8MB
Aug 10 03:13:24 witherspoon kernel[951]: [    3.630000] libphy: Fixed MDIO Bus: probed
Aug 10 03:13:24 witherspoon kernel[951]: [    3.630000] ftgmac100 1e660000.ethernet: Read MAC address 70:e2:84:14:23:e1 from chip
Aug 10 03:13:24 witherspoon kernel[951]: [    3.630000] ftgmac100 1e660000.ethernet: Using NCSI interface
Aug 10 03:13:24 witherspoon kernel[951]: [    3.630000] ftgmac100 1e660000.ethernet eth0: irq 20, mapped at f0060000
Aug 10 03:13:24 witherspoon kernel[951]: [    3.630000] ehci_hcd: USB 2.0 'Enhanced' Host Controller (EHCI) Driver
Aug 10 03:13:24 witherspoon kernel[951]: [    3.630000] ehci-platform: EHCI generic platform driver
Aug 10 03:13:24 witherspoon kernel[951]: [    3.840000]  fsi0: can't read slave 00:00 -5
Aug 10 03:13:24 witherspoon kernel[951]: [    3.840000] i2c /dev entries driver
Aug 10 03:13:24 witherspoon kernel[951]: [    3.840000] aspeed-i2c-bus 1e78a0c0.i2c-bus: i2c bus 2 registered, irq 26
Aug 10 03:13:24 witherspoon kernel[951]: [    3.840000] aspeed-i2c-bus 1e78a100.i2c-bus: i2c bus 3 registered, irq 27
Aug 10 03:13:24 witherspoon kernel[951]: [    3.840000] aspeed-i2c-bus 1e78a140.i2c-bus: i2c bus 4 registered, irq 28
Aug 10 03:13:24 witherspoon kernel[951]: [    3.840000] aspeed-i2c-bus 1e78a180.i2c-bus: i2c bus 5 registered, irq 29
Aug 10 03:13:24 witherspoon kernel[951]: [    3.840000] aspeed-i2c-bus 1e78a380.i2c-bus: i2c bus 9 registered, irq 30
Aug 10 03:13:24 witherspoon kernel[951]: [    3.840000] aspeed-i2c-bus 1e78a3c0.i2c-bus: i2c bus 10 registered, irq 31
Aug 10 03:13:24 witherspoon kernel[951]: [    3.840000] rtc-rv8803 11-0032: Voltage low, temperature compensation stopped.
Aug 10 03:13:24 witherspoon kernel[951]: [    3.840000] rtc-rv8803 11-0032: An alarm maybe have been missed.
Aug 10 03:13:24 witherspoon kernel[951]: [    3.950000] rtc-rv8803 11-0032: rtc core: registered rx8900 as rtc0
Aug 10 03:13:24 witherspoon kernel[951]: [    3.960000] at24 11-0051: 8192 byte 24c64 EEPROM, writable, 1 bytes/write
Aug 10 03:13:24 witherspoon kernel[951]: [    3.960000] aspeed-i2c-bus 1e78a400.i2c-bus: i2c bus 11 registered, irq 32
Aug 10 03:13:24 witherspoon kernel[951]: [    3.960000] aspeed-i2c-bus 1e78a440.i2c-bus: i2c bus 12 registered, irq 33
Aug 10 03:13:24 witherspoon kernel[951]: [    3.960000] aspeed-i2c-bus 1e78a480.i2c-bus: i2c bus 13 registered, irq 34
Aug 10 03:13:24 witherspoon kernel[951]: [    3.960000] Driver for 1-wire Dallas network protocol.
Aug 10 03:13:24 witherspoon kernel[951]: [    3.960000] lm75 9-004a: hwmon0: sensor 'tmp275'
Aug 10 03:13:24 witherspoon kernel[951]: [    4.780000] ucd9000 11-0064: Device ID UCD90160|2.3.4.0000|110603
Aug 10 03:13:24 witherspoon kernel[951]: [    5.110000] leds-pca955x 3-0060: leds-pca955x: Using pca9552 16-bit LED driver at slave address 0x60
Aug 10 03:13:24 witherspoon kernel[951]: [    5.120000] leds-pca955x 3-0060: gpios 264...279
Aug 10 03:13:24 witherspoon kernel[951]: [    5.130000] leds-pca955x 11-0060: leds-pca955x: Using pca9552 16-bit LED driver at slave address 0x60
Aug 10 03:13:24 witherspoon kernel[951]: [    5.140000] leds-pca955x 11-0060: gpios 248...263
Aug 10 03:13:24 witherspoon kernel[951]: [    5.140000] usbcore: registered new interface driver usbhid
Aug 10 03:13:24 witherspoon kernel[951]: [    5.150000] usbhid: USB HID core driver
Aug 10 03:13:24 witherspoon kernel[951]: [    5.200000] NET: Registered protocol family 10
Aug 10 03:13:24 witherspoon kernel[951]: [    5.200000] Segment Routing with IPv6
Aug 10 03:13:24 witherspoon kernel[951]: [    5.210000] NET: Registered protocol family 17
Aug 10 03:13:24 witherspoon kernel[951]: [    5.210000] 8021q: 802.1Q VLAN Support v1.8
Aug 10 03:13:24 witherspoon kernel[951]: [    5.230000] input: gpio-keys-polled as /devices/platform/gpio-keys-polled/input/input1
Aug 10 03:13:24 witherspoon kernel[951]: [    5.250000] console [netcon0] enabled
Aug 10 03:13:26 witherspoon systemd[1]: Started Phosphor Inventory Manager.
Aug 10 03:13:24 witherspoon kernel[951]: [    5.260000] netconsole: network logging started
Aug 10 03:13:26 witherspoon systemd[1]: Started Phosphor Log Manager.
Aug 10 03:13:24 witherspoon kernel[951]: [    5.260000] input: gpio-keys as /devices/platform/gpio-keys/input/input2
Aug 10 03:13:24 witherspoon kernel[951]: [    5.270000] rtc-rv8803 11-0032: setting system clock to 2017-08-10 03:13:09 UTC (1502334789)
Aug 10 03:13:24 witherspoon kernel[951]: [    5.280000] Freeing unused kernel memory: 280K
Aug 10 03:13:24 witherspoon kernel[951]: [    5.280000] This architecture does not have kernel memory protection.
Aug 10 03:13:24 witherspoon kernel[951]: [    6.830000] jffs2: notice: (536) jffs2_build_xattr_subsystem: complete building xattr subsystem, 1 of xdatum (0 unchecked, 0 orphan) and 13 of xref (0 dead, 3 orphan) found.
Aug 10 03:13:24 witherspoon kernel[951]: [    8.880000] systemd[1]: Failed to insert module 'autofs4': No such file or directory
Aug 10 03:13:24 witherspoon kernel[951]: [    9.070000] systemd[1]: systemd 232 running in system mode. (+PAM -AUDIT -SELINUX -IMA -APPARMOR -SMACK +SYSVINIT -UTMP -LIBCRYPTSETUP -GCRYPT -GNUTLS +ACL +XZ -LZ4 -SECCOMP +BLKID -ELFUTILS +KMOD -IDN)
Aug 10 03:13:24 witherspoon kernel[951]: [    9.070000] systemd[1]: Detected architecture arm.
Aug 10 03:13:24 witherspoon kernel[951]: [    9.280000] systemd[1]: Set hostname to <witherspoon>.
Aug 10 03:13:24 witherspoon kernel[951]: [   10.860000] systemd[1]: Started Dispatch Password Requests to Console Directory Watch.
Aug 10 03:13:24 witherspoon kernel[951]: [   10.970000] systemd[1]: Listening on Syslog Socket.
Aug 10 03:13:24 witherspoon kernel[951]: [   11.000000] systemd[1]: Listening on Journal Socket (/dev/log).
Aug 10 03:13:24 witherspoon kernel[951]: [   11.040000] systemd[1]: Listening on udev Kernel Socket.
Aug 10 03:13:24 witherspoon kernel[951]: [   11.080000] systemd[1]: Listening on /dev/initctl Compatibility Named Pipe.
Aug 10 03:13:24 witherspoon kernel[951]: [   11.120000] systemd[1]: Started Forward Password Requests to Wall Directory Watch.
Aug 10 03:13:24 witherspoon kernel[951]: [   11.160000] systemd[1]: Reached target Paths.
Aug 10 03:13:24 witherspoon kernel[951]: [   13.810000] systemd-journald[566]: Received request to flush runtime journal from PID 1
Aug 10 03:13:26 witherspoon dbus[954]: [system] Successfully activated service 'org.freedesktop.systemd1'
Aug 10 03:13:26 witherspoon systemd[1]: Started Phosphor Download Manager.
Aug 10 03:13:26 witherspoon systemd[1]: Started Phosphor IPMI BT DBus Bridge.
Aug 10 03:13:27 witherspoon systemd[1]: Starting Network Service...
Aug 10 03:13:27 witherspoon systemd[1]: Starting Phosphor Sensor Manager...
Aug 10 03:13:27 witherspoon systemd[1]: Started System Logging Service.
Aug 10 03:13:27 witherspoon systemd[1]: Starting Phosphor Download Manager...
Aug 10 03:13:27 witherspoon systemd[1]: Starting Remount the squashfs and ubi volumes after a reboot...
Aug 10 03:13:27 witherspoon systemd[1]: Starting Phosphor DBus Service Discovery Manager...
Aug 10 03:13:27 witherspoon systemd[1]: Starting Phosphor Inventory Manager...
Aug 10 03:13:27 witherspoon systemd[1]: Starting Phosphor BMC0 Control...
Aug 10 03:13:27 witherspoon systemd[1]: Starting Phosphor Chassis0 Control...
Aug 10 03:13:27 witherspoon systemd[1]: Starting Avahi mDNS/DNS-SD Stack...
Aug 10 03:13:27 witherspoon systemd[1]: Starting Phosphor Settings Daemon...
Aug 10 03:13:27 witherspoon systemd[1]: Starting Phosphor Dump Manager...
Aug 10 03:13:27 witherspoon systemd[1]: Started Clear one time boot overrides.
Aug 10 03:13:29 witherspoon avahi-daemon[965]: Found user 'avahi' (UID 999) and group 'avahi' (GID 999).
Aug 10 03:13:29 witherspoon avahi-daemon[965]: Successfully dropped root privileges.
Aug 10 03:13:29 witherspoon avahi-daemon[965]: avahi-daemon 0.6.32 starting up.
Aug 10 03:13:29 witherspoon avahi-daemon[965]: Successfully called chroot().
Aug 10 03:13:29 witherspoon avahi-daemon[965]: Successfully dropped remaining capabilities.
Aug 10 03:13:29 witherspoon avahi-daemon[965]: Loading service file /services/obmc_console.service.
Aug 10 03:13:29 witherspoon avahi-daemon[965]: Loading service file /services/phosphor_rest.service.
Aug 10 03:13:29 witherspoon avahi-daemon[965]: Loading service file /services/sftp-ssh.service.
Aug 10 03:13:29 witherspoon avahi-daemon[965]: Loading service file /services/sftp.service.
Aug 10 03:13:29 witherspoon avahi-daemon[965]: Loading service file /services/ssh.service.
Aug 10 03:13:29 witherspoon avahi-daemon[965]: Network interface enumeration completed.
Aug 10 03:13:29 witherspoon avahi-daemon[965]: Server startup complete. Host name is witherspoon.local. Local service cookie is 169387157.
Aug 10 03:13:29 witherspoon avahi-daemon[965]: Service "witherspoon" (/services/ssh.service) successfully established.
Aug 10 03:13:29 witherspoon avahi-daemon[965]: Service "sftp" (/services/sftp.service) successfully established.
Aug 10 03:13:29 witherspoon avahi-daemon[965]: Service "witherspoon" (/services/sftp-ssh.service) successfully established.
Aug 10 03:13:29 witherspoon avahi-daemon[965]: Service "phosphor_rest" (/services/phosphor_rest.service) successfully established.
Aug 10 03:13:29 witherspoon avahi-daemon[965]: Service "obmc_console" (/services/obmc_console.service) successfully established.
Aug 10 03:13:29 witherspoon systemd[1]: Found device /dev/aspeed-lpc-ctrl.
Aug 10 03:13:29 witherspoon systemd[1]: Found device /dev/aspeed-mbox.
Aug 10 03:13:30 witherspoon systemd[1]: Found device /dev/ttyS4.
Aug 10 03:13:30 witherspoon systemd[1]: Found device /dev/ttyVUART0.
Aug 10 03:13:30 witherspoon kernel: ubi7: default fastmap pool size: 100
Aug 10 03:13:30 witherspoon kernel: ubi7: default fastmap WL pool size: 50
Aug 10 03:13:30 witherspoon kernel: ubi7: attaching mtd7
Aug 10 03:13:30 witherspoon kernel[951]: [   26.560000] ubi7: default fastmap pool size: 100
Aug 10 03:13:30 witherspoon kernel[951]: [   26.560000] ubi7: default fastmap WL pool size: 50
Aug 10 03:13:30 witherspoon kernel[951]: [   26.560000] ubi7: attaching mtd7
Aug 10 03:13:31 witherspoon systemd-networkd[956]: Enumeration completed
Aug 10 03:13:31 witherspoon systemd-networkd[956]: eth0: IPv6 enabled for interface: Success
Aug 10 03:13:31 witherspoon avahi-daemon[965]: Joining mDNS multicast group on interface eth0.IPv4 with address 9.3.86.161.
Aug 10 03:13:31 witherspoon avahi-daemon[965]: New relevant interface eth0.IPv4 for mDNS.
Aug 10 03:13:31 witherspoon avahi-daemon[965]: Registering new address record for 9.3.86.161 on eth0.IPv4.
Aug 10 03:13:31 witherspoon systemd-networkd[956]: eth0: Gained carrier
Aug 10 03:13:31 witherspoon systemd-timesyncd[919]: Network configuration changed, trying to establish connection.
Aug 10 03:13:31 witherspoon systemd[1]: Started Network Service.
Aug 10 03:13:31 witherspoon kernel: ubi7: scanning is finished
Aug 10 03:13:31 witherspoon kernel[951]: [   27.240000] ubi7: scanning is finished
Aug 10 03:13:31 witherspoon kernel: ubi7: attached mtd7 (name "pnor", size 128 MiB)
Aug 10 03:13:31 witherspoon kernel: ubi7: PEB size: 65536 bytes (64 KiB), LEB size: 65408 bytes
Aug 10 03:13:31 witherspoon kernel: ubi7: min./max. I/O unit sizes: 1/256, sub-page size 1
Aug 10 03:13:31 witherspoon kernel: ubi7: VID header offset: 64 (aligned 64), data offset: 128
Aug 10 03:13:31 witherspoon kernel: ubi7: good PEBs: 2048, bad PEBs: 0, corrupted PEBs: 0
Aug 10 03:13:31 witherspoon kernel: ubi7: user volume: 4, internal volumes: 1, max. volumes count: 128
Aug 10 03:13:31 witherspoon kernel: ubi7: max/mean erase counter: 1/0, WL threshold: 4096, image sequence number: 175615265
Aug 10 03:13:31 witherspoon kernel: ubi7: available PEBs: 1110, total reserved PEBs: 938, PEBs reserved for bad PEB handling: 0
Aug 10 03:13:31 witherspoon kernel[951]: [   27.520000] ubi7: attached mtd7 (name "pnor", size 128 MiB)
Aug 10 03:13:31 witherspoon kernel[951]: [   27.520000] ubi7: PEB size: 65536 bytes (64 KiB), LEB size: 65408 bytes
Aug 10 03:13:31 witherspoon kernel[951]: [   27.520000] ubi7: min./max. I/O unit sizes: 1/256, sub-page size 1
Aug 10 03:13:31 witherspoon kernel[951]: [   27.520000] ubi7: VID header offset: 64 (aligned 64), data offset: 128
Aug 10 03:13:31 witherspoon kernel[951]: [   27.520000] ubi7: good PEBs: 2048, bad PEBs: 0, corrupted PEBs: 0
Aug 10 03:13:31 witherspoon kernel[951]: [   27.580000] ubi7: user volume: 4, internal volumes: 1, max. volumes count: 128
Aug 10 03:13:31 witherspoon kernel[951]: [   27.580000] ubi7: max/mean erase counter: 1/0, WL threshold: 4096, image sequence number: 175615265
Aug 10 03:13:32 witherspoon kernel: ubi7: background thread "ubi_bgt7d" started, PID 982
Aug 10 03:13:31 witherspoon kernel[951]: [   27.580000] ubi7: available PEBs: 1110, total reserved PEBs: 938, PEBs reserved for bad PEB handling: 0
Aug 10 03:13:31 witherspoon kernel[951]: [   27.640000] ubi7: background thread "ubi_bgt7d" started, PID 982
Aug 10 03:13:32 witherspoon obmc-flash-bios[960]: UBI device number 7, total 2048 LEBs (133955584 bytes, 127.8 MiB), available 1110 LEBs (72602880 bytes, 69.2 MiB), LEB size 65408 bytes (63.9 KiB)
Aug 10 03:13:32 witherspoon avahi-daemon[965]: Joining mDNS multicast group on interface eth0.IPv6 with address fe80::72e2:84ff:fe14:23e1.
Aug 10 03:13:32 witherspoon systemd-networkd[956]: eth0: Gained IPv6LL
Aug 10 03:13:32 witherspoon avahi-daemon[965]: New relevant interface eth0.IPv6 for mDNS.
Aug 10 03:13:32 witherspoon avahi-daemon[965]: Registering new address record for fe80::72e2:84ff:fe14:23e1 on eth0.*.
Aug 10 03:13:33 witherspoon kernel: UBIFS (ubi7:0): UBIFS: mounted UBI device 7, volume 0, name "pnor-rw-2b6dcac8"
Aug 10 03:13:33 witherspoon kernel: UBIFS (ubi7:0): LEB size: 65408 bytes (63 KiB), min./max. I/O unit sizes: 8 bytes/256 bytes
Aug 10 03:13:33 witherspoon kernel: UBIFS (ubi7:0): FS size: 16155776 bytes (15 MiB, 247 LEBs), journal size 784896 bytes (0 MiB, 12 LEBs)
Aug 10 03:13:33 witherspoon kernel: UBIFS (ubi7:0): reserved for root: 763076 bytes (745 KiB)
Aug 10 03:13:33 witherspoon kernel: UBIFS (ubi7:0): media format: w5/r0 (latest is w5/r0), UUID 9A9EB0A6-2185-4311-99E2-7EB096B13062, small LPT model
Aug 10 03:13:33 witherspoon kernel[951]: [   29.550000] UBIFS (ubi7:0): UBIFS: mounted UBI device 7, volume 0, name "pnor-rw-2b6dcac8"
Aug 10 03:13:33 witherspoon kernel[951]: [   29.550000] UBIFS (ubi7:0): LEB size: 65408 bytes (63 KiB), min./max. I/O unit sizes: 8 bytes/256 bytes
Aug 10 03:13:33 witherspoon kernel[951]: [   29.550000] UBIFS (ubi7:0): FS size: 16155776 bytes (15 MiB, 247 LEBs), journal size 784896 bytes (0 MiB, 12 LEBs)
Aug 10 03:13:33 witherspoon kernel[951]: [   29.660000] UBIFS (ubi7:0): reserved for root: 763076 bytes (745 KiB)
Aug 10 03:13:33 witherspoon kernel[951]: [   29.660000] UBIFS (ubi7:0): media format: w5/r0 (latest is w5/r0), UUID 9A9EB0A6-2185-4311-99E2-7EB096B13062, small LPT model
Aug 10 03:13:34 witherspoon kernel: UBIFS (ubi7:0): background thread "ubifs_bgt7_0" started, PID 994
Aug 10 03:13:34 witherspoon kernel[951]: [   29.660000] UBIFS (ubi7:0): background thread "ubifs_bgt7_0" started, PID 994
Aug 10 03:13:36 witherspoon kernel: ftgmac100 1e660000.ethernet eth0: NCSI interface up
Aug 10 03:13:36 witherspoon kernel[951]: [   31.740000] ftgmac100 1e660000.ethernet eth0: NCSI interface up
Aug 10 03:13:38 witherspoon systemd[1]: Started Phosphor LED Group Management Daemon.
Aug 10 03:13:38 witherspoon systemd[1]: Started Phosphor Settings Daemon.
Aug 10 03:13:38 witherspoon systemd[1]: Started Phosphor Dump Manager.
Aug 10 03:13:38 witherspoon systemd[1]: Started Avahi mDNS/DNS-SD Stack.
Aug 10 03:13:38 witherspoon systemd[1]: Started Phosphor BMC0 Control.
Aug 10 03:13:38 witherspoon systemd[1]: Started OpenBMC Software Update Manager.
Aug 10 03:13:38 witherspoon systemd[1]: Created slice system-xyz.openbmc_project.led.controller.slice.
Aug 10 03:13:38 witherspoon systemd[1]: Started Phosphor sysfs LED controller.
Aug 10 03:13:38 witherspoon systemd[1]: Started Phosphor sysfs LED controller.
Aug 10 03:13:39 witherspoon systemd[1]: Started Phosphor sysfs LED controller.
Aug 10 03:13:39 witherspoon systemd[1]: Started Phosphor sysfs LED controller.
Aug 10 03:13:39 witherspoon systemd[1]: Started Phosphor sysfs LED controller.
Aug 10 03:13:39 witherspoon systemd[1]: Started Phosphor sysfs LED controller.
Aug 10 03:13:39 witherspoon systemd[1]: Started Phosphor sysfs LED controller.
Aug 10 03:13:39 witherspoon systemd[1]: Started Phosphor sysfs LED controller.
Aug 10 03:13:39 witherspoon systemd[1]: Started Phosphor sysfs LED controller.
Aug 10 03:13:39 witherspoon systemd[1]: Started Phosphor sysfs LED controller.
Aug 10 03:13:39 witherspoon systemd[1]: Reached target Network.
Aug 10 03:13:39 witherspoon systemd[1]: Started Lightweight SLP Server.
Aug 10 03:13:39 witherspoon systemd[1]: Starting Permit User Sessions...
Aug 10 03:13:39 witherspoon systemd[1]: Started Phosphor Console Muxer listening on device /dev/ttyVUART0.
Aug 10 03:13:40 witherspoon systemd[1]: Created slice system-xyz.openbmc_project.Hwmon.slice.
Aug 10 03:13:42 witherspoon systemd[1]: Started Permit User Sessions.
Aug 10 03:13:42 witherspoon systemd[1]: Started Serial Getty on ttyS4.
Aug 10 03:13:42 witherspoon systemd[1]: Reached target Login Prompts.
Aug 10 03:13:45 witherspoon systemd-networkd[956]: eth0: Configured
Aug 10 03:13:45 witherspoon systemd-timesyncd[919]: Network configuration changed, trying to establish connection.
Aug 10 03:13:48 witherspoon systemd[1]: Started Phosphor Chassis0 Control.
Aug 10 03:13:48 witherspoon chassis_control.py[964]: Running ChassisControlService
Aug 10 03:13:51 witherspoon kernel: block ubiblock7_1: created from ubi7:1(pnor-ro-2b6dcac8)
Aug 10 03:13:51 witherspoon kernel: UBIFS (ubi7:2): UBIFS: mounted UBI device 7, volume 2, name "pnor-prsv"
Aug 10 03:13:51 witherspoon kernel: UBIFS (ubi7:2): LEB size: 65408 bytes (63 KiB), min./max. I/O unit sizes: 8 bytes/256 bytes
Aug 10 03:13:51 witherspoon kernel: UBIFS (ubi7:2): FS size: 1504384 bytes (1 MiB, 23 LEBs), journal size 523265 bytes (0 MiB, 6 LEBs)
Aug 10 03:13:51 witherspoon kernel: UBIFS (ubi7:2): reserved for root: 71055 bytes (69 KiB)
Aug 10 03:13:51 witherspoon kernel: UBIFS (ubi7:2): media format: w5/r0 (latest is w5/r0), UUID 644A5261-6731-4E50-AD57-9F11BF61A256, small LPT model
Aug 10 03:13:51 witherspoon kernel: UBIFS (ubi7:2): background thread "ubifs_bgt7_2" started, PID 1032
Aug 10 03:13:51 witherspoon download_manager.py[959]: Running Download Manager
Aug 10 03:13:51 witherspoon systemd[1]: Started Phosphor Download Manager.
Aug 10 03:13:50 witherspoon kernel[951]: [   46.250000] block ubiblock7_1: created from ubi7:1(pnor-ro-2b6dcac8)
Aug 10 03:13:50 witherspoon kernel[951]: [   46.250000] UBIFS (ubi7:2): UBIFS: mounted UBI device 7, volume 2, name "pnor-prsv"
Aug 10 03:13:50 witherspoon kernel[951]: [   46.250000] UBIFS (ubi7:2): LEB size: 65408 bytes (63 KiB), min./max. I/O unit sizes: 8 bytes/256 bytes
Aug 10 03:13:50 witherspoon kernel[951]: [   46.250000] UBIFS (ubi7:2): FS size: 1504384 bytes (1 MiB, 23 LEBs), journal size 523265 bytes (0 MiB, 6 LEBs)
Aug 10 03:13:50 witherspoon kernel[951]: [   46.610000] UBIFS (ubi7:2): reserved for root: 71055 bytes (69 KiB)
Aug 10 03:13:50 witherspoon kernel[951]: [   46.610000] UBIFS (ubi7:2): media format: w5/r0 (latest is w5/r0), UUID 644A5261-6731-4E50-AD57-9F11BF61A256, small LPT model
Aug 10 03:13:51 witherspoon kernel[951]: [   46.610000] UBIFS (ubi7:2): background thread "ubifs_bgt7_2" started, PID 1032
Aug 10 03:13:52 witherspoon sensor_manager2.py[957]: Setting boot count to 3
Aug 10 03:13:52 witherspoon systemd[1]: Started Phosphor Sensor Manager.
Aug 10 03:13:52 witherspoon sensor_manager2.py[957]: Starting sensor manager
Aug 10 03:13:52 witherspoon systemd[1]: Started Remount the squashfs and ubi volumes after a reboot.
Aug 10 03:13:52 witherspoon systemd[1]: Reached target Multi-User System.
Aug 10 03:13:52 witherspoon systemd[1]: Starting OpenPower Software Update Manager...
Aug 10 03:13:52 witherspoon inventory_items.py[962]: Loading from cache: /var/cache/obmc/org.openbmc.inventory.system.chassis.motherboard.apss@org.openbmc.InventoryItem.props
Aug 10 03:13:52 witherspoon inventory_items.py[962]: Loading from cache: /var/cache/obmc/org.openbmc.inventory.system.chassis.motherboard@org.openbmc.InventoryItem.props
Aug 10 03:13:52 witherspoon inventory_items.py[962]: Loading from cache: /var/cache/obmc/org.openbmc.inventory.system.chassis.motherboard.refclock@org.openbmc.InventoryItem.props
Aug 10 03:13:52 witherspoon inventory_items.py[962]: Loading from cache: /var/cache/obmc/org.openbmc.inventory.system.chassis.motherboard.cpu1.core7@org.openbmc.InventoryItem.props
Aug 10 03:13:52 witherspoon inventory_items.py[962]: Loading from cache: /var/cache/obmc/org.openbmc.inventory.system.chassis.motherboard.cpu1.core4@org.openbmc.InventoryItem.props
Aug 10 03:13:52 witherspoon inventory_items.py[962]: Loading from cache: /var/cache/obmc/org.openbmc.inventory.system.chassis.motherboard.cpu1.core1@org.openbmc.InventoryItem.props
Aug 10 03:13:52 witherspoon inventory_items.py[962]: Loading from cache: /var/cache/obmc/org.openbmc.inventory.system.chassis.motherboard.cpu1.core10@org.openbmc.InventoryItem.props
Aug 10 03:13:52 witherspoon inventory_items.py[962]: Loading from cache: /var/cache/obmc/org.openbmc.inventory.system.chassis.motherboard.todclock@org.openbmc.InventoryItem.props
Aug 10 03:13:52 witherspoon inventory_items.py[962]: Loading from cache: /var/cache/obmc/org.openbmc.inventory.system.chassis.motherboard.cpu1@org.openbmc.InventoryItem.props
Aug 10 03:13:52 witherspoon inventory_items.py[962]: Loading from cache: /var/cache/obmc/org.openbmc.inventory.system.chassis.motherboard.bmc@org.openbmc.InventoryItem.props
Aug 10 03:13:53 witherspoon inventory_items.py[962]: Caching: /org/openbmc/inventory/system/chassis/motherboard/bmc
Aug 10 03:13:53 witherspoon inventory_items.py[962]: Loading from cache: /var/cache/obmc/org.openbmc.inventory.system.chassis.motherboard.cpu0.core1@org.openbmc.InventoryItem.props
Aug 10 03:13:53 witherspoon inventory_items.py[962]: Loading from cache: /var/cache/obmc/org.openbmc.inventory.system.chassis.motherboard.cpu0.core7@org.openbmc.InventoryItem.props
Aug 10 03:13:53 witherspoon inventory_items.py[962]: Loading from cache: /var/cache/obmc/org.openbmc.inventory.system.chassis.motherboard.cpu0.core4@org.openbmc.InventoryItem.props
Aug 10 03:13:53 witherspoon inventory_items.py[962]: Loading from cache: /var/cache/obmc/org.openbmc.inventory.system.chassis.motherboard.pcieclock@org.openbmc.InventoryItem.props
Aug 10 03:13:54 witherspoon phosphor-mapper[961]: ObjectMapper startup complete.  Discovery in progress...
Aug 10 03:13:54 witherspoon avahi-daemon[971]: ../../avahi-0.6.32/avahi-daemon/chroot.c: open() failed: No such file or directory
Aug 10 03:13:54 witherspoon avahi-daemon[965]: Failed to open /usr/share/dbus-1/interfaces/org.freedesktop.Avahi.Server.xml: Invalid argument
Aug 10 03:13:54 witherspoon avahi-daemon[965]: Failed to load introspection data.
Aug 10 03:13:55 witherspoon kernel: UBIFS (ubi7:3): background thread "ubifs_bgt7_3" started, PID 1059
Aug 10 03:13:55 witherspoon kernel: UBIFS (ubi7:3): UBIFS: mounted UBI device 7, volume 3, name "pnor-patch"
Aug 10 03:13:55 witherspoon kernel: UBIFS (ubi7:3): LEB size: 65408 bytes (63 KiB), min./max. I/O unit sizes: 8 bytes/256 bytes
Aug 10 03:13:55 witherspoon kernel: UBIFS (ubi7:3): FS size: 16155776 bytes (15 MiB, 247 LEBs), journal size 784896 bytes (0 MiB, 12 LEBs)
Aug 10 03:13:55 witherspoon kernel: UBIFS (ubi7:3): reserved for root: 763076 bytes (745 KiB)
Aug 10 03:13:55 witherspoon kernel: UBIFS (ubi7:3): media format: w5/r0 (latest is w5/r0), UUID 3B37228A-DD07-4120-B8EF-7BE425FC4688, small LPT model
Aug 10 03:13:55 witherspoon inventory_items.py[962]: Loading from cache: /var/cache/obmc/org.openbmc.inventory.system.chassis.motherboard.cpu0.core10@org.openbmc.InventoryItem.props
Aug 10 03:13:55 witherspoon inventory_items.py[962]: Running Inventory Manager
Aug 10 03:13:54 witherspoon openpower-update-manager[1037]: Error in reading file
Aug 10 03:13:55 witherspoon kernel[951]: [   51.160000] UBIFS (ubi7:3): background thread "ubifs_bgt7_3" started, PID 1059
Aug 10 03:13:54 witherspoon systemd[1]: Started OpenPower Software Update Manager.
Aug 10 03:13:55 witherspoon kernel[951]: [   51.260000] UBIFS (ubi7:3): UBIFS: mounted UBI device 7, volume 3, name "pnor-patch"
Aug 10 03:13:54 witherspoon systemd[1]: Starting Phosphor Version Software Manager...
Aug 10 03:13:55 witherspoon kernel[951]: [   51.260000] UBIFS (ubi7:3): LEB size: 65408 bytes (63 KiB), min./max. I/O unit sizes: 8 bytes/256 bytes
Aug 10 03:13:54 witherspoon systemd[1]: Mounting /usr/local...
Aug 10 03:13:55 witherspoon kernel[951]: [   51.260000] UBIFS (ubi7:3): FS size: 16155776 bytes (15 MiB, 247 LEBs), journal size 784896 bytes (0 MiB, 12 LEBs)
Aug 10 03:13:54 witherspoon systemd[1]: Started Phosphor MBOX Daemon.
Aug 10 03:13:55 witherspoon kernel[951]: [   51.260000] UBIFS (ubi7:3): reserved for root: 763076 bytes (745 KiB)
Aug 10 03:13:54 witherspoon systemd[1]: Mounted /usr/local.
Aug 10 03:13:55 witherspoon kernel[951]: [   51.300000] UBIFS (ubi7:3): media format: w5/r0 (latest is w5/r0), UUID 3B37228A-DD07-4120-B8EF-7BE425FC4688, small LPT model
Aug 10 03:13:54 witherspoon systemd[1]: Starting Create a ubi volume for pnor patches...
Aug 10 03:13:55 witherspoon systemd[1]: Started Phosphor Version Software Manager.
Aug 10 03:13:55 witherspoon systemd[1]: Started Phosphor Inventory Manager.
Aug 10 03:13:55 witherspoon systemd[1]: Started Create a ubi volume for pnor patches.
Aug 10 03:13:55 witherspoon systemd[1]: Started Phosphor Network Manager.
Aug 10 03:13:56 witherspoon netman.py[947]: Started
Aug 10 03:13:56 witherspoon obmc-phosphor-userd[950]: Started
Aug 10 03:13:56 witherspoon systemd[1]: Started Phosphor User Manager.
Aug 10 03:14:07 witherspoon phosphor-mapper[961]: ObjectMapper discovery complete
Aug 10 03:14:07 witherspoon systemd[1]: Started Phosphor DBus Service Discovery Manager.
Aug 10 03:14:07 witherspoon systemd[1]: Started Phosphor Hwmon Poller.
Aug 10 03:14:07 witherspoon systemd[1]: Started Phosphor Hwmon Poller.
Aug 10 03:14:07 witherspoon systemd[1]: Started Phosphor Hwmon Poller.
Aug 10 03:14:07 witherspoon systemd[1]: Started Phosphor Hwmon Poller.
Aug 10 03:14:07 witherspoon systemd[1]: Started Phosphor Hwmon Poller.
Aug 10 03:14:07 witherspoon systemd[1]: Reached target Phosphor Object Mapper.
Aug 10 03:14:07 witherspoon systemd[1]: Starting Wait for /xyz/openbmc_project/time/owner...
Aug 10 03:14:07 witherspoon systemd[1]: Starting Wait for /org/openbmc/NetworkManager/Interface...
Aug 10 03:14:07 witherspoon systemd[1]: Starting Wait for /xyz/openbmc_project/state/chassis0...
Aug 10 03:14:07 witherspoon systemd[1]: Starting Wait for /xyz/openbmc_project/control/host0/power_restore_policy...
Aug 10 03:14:07 witherspoon systemd[1]: Starting Wait for /xyz/openbmc_project/time/sync_method...
Aug 10 03:14:07 witherspoon systemd[1]: Starting Wait for /xyz/openbmc_project/control/host0/restriction_mode...
Aug 10 03:14:07 witherspoon systemd[1]: Starting Wait for /xyz/openbmc_project/control/host0/auto_reboot...
Aug 10 03:14:07 witherspoon systemd[1]: Starting Phoshpor System Manager...
Aug 10 03:14:07 witherspoon systemd[1]: Starting Wait for /org/openbmc/managers/Download...
Aug 10 03:14:07 witherspoon systemd[1]: Starting Phosphor Settings Manager...
Aug 10 03:14:07 witherspoon systemd[1]: Starting Wait for /xyz/openbmc_project/led/groups/bmc_booted...
Aug 10 03:14:07 witherspoon systemd[1]: Starting Wait for /xyz/openbmc_project/control/host0/boot_mode...
Aug 10 03:14:07 witherspoon systemd[1]: Starting Wait for /xyz/openbmc_project/control/host0...
Aug 10 03:14:07 witherspoon systemd[1]: Starting Wait for /xyz/openbmc_project/inventory...
Aug 10 03:14:07 witherspoon systemd[1]: Starting Phosphor Network Manager...
Aug 10 03:14:07 witherspoon systemd[1]: Starting Wait for /xyz/openbmc_project/led/groups...
Aug 10 03:14:07 witherspoon systemd[1]: Starting Wait for /org/openbmc/control/bmc0...
Aug 10 03:14:07 witherspoon systemd[1]: Starting Wait for /xyz/openbmc_project/control/host0/boot_source...
Aug 10 03:14:08 witherspoon systemd[1]: Starting Wait for /org/openbmc/control/flash/bios...
Aug 10 03:14:08 witherspoon systemd[1]: Reached target Webserver (pre).
Aug 10 03:14:10 witherspoon systemd[1]: Started Phosphor DBus Monitor.
Aug 10 03:14:10 witherspoon systemd[1]: Starting Wait for /xyz/openbmc_project/state/host0...
Aug 10 03:14:10 witherspoon systemd[1]: Starting Wait for /org/openbmc/managers/System...
Aug 10 03:14:10 witherspoon systemd[1]: Starting Wait for /org/openbmc/control/power0...
Aug 10 03:14:10 witherspoon systemd[1]: Started Phosphor Hwmon Poller.
Aug 10 03:14:10 witherspoon systemd[1]: Started Wait for /xyz/openbmc_project/control/host0/auto_reboot.
Aug 10 03:14:10 witherspoon systemd[1]: Started Wait for /org/openbmc/managers/Download.
Aug 10 03:14:10 witherspoon systemd[1]: Starting Phosphor BIOS Code Update...
Aug 10 03:14:10 witherspoon systemd[1]: Started Wait for /xyz/openbmc_project/control/host0/boot_mode.
Aug 10 03:14:10 witherspoon systemd[1]: Started Wait for /xyz/openbmc_project/control/host0/boot_source.
Aug 10 03:14:11 witherspoon phosphor-network-manager[1080]: ConfigParser: Section not found
Aug 10 03:14:11 witherspoon phosphor-network-manager[1080]: The operation failed internally.
Aug 10 03:14:11 witherspoon phosphor-network-manager[1080]: ConfigParser: Section not found
Aug 10 03:14:11 witherspoon phosphor-network-manager[1080]: The operation failed internally.
Aug 10 03:14:11 witherspoon phosphor-network-manager[1080]: ConfigParser: Key not found
Aug 10 03:14:11 witherspoon phosphor-network-manager[1080]: The operation failed internally.
Aug 10 03:14:14 witherspoon systemd[1]: Started Wait for /xyz/openbmc_project/control/host0/power_restore_policy.
Aug 10 03:14:14 witherspoon systemd[1]: Started Wait for /org/openbmc/control/bmc0.
Aug 10 03:14:14 witherspoon systemd[1]: Starting Phosphor BMC Code Update...
Aug 10 03:14:14 witherspoon systemd[1]: Started Wait for /xyz/openbmc_project/time/owner.
Aug 10 03:14:14 witherspoon systemd[1]: Started Wait for /org/openbmc/NetworkManager/Interface.
Aug 10 03:14:14 witherspoon systemd[1]: Started Wait for /xyz/openbmc_project/time/sync_method.
Aug 10 03:14:14 witherspoon systemd[1]: Started Wait for /xyz/openbmc_project/control/host0/restriction_mode.
Aug 10 03:14:14 witherspoon systemd[1]: Started Wait for /xyz/openbmc_project/led/groups/bmc_booted.
Aug 10 03:14:14 witherspoon systemd[1]: Started Wait for /xyz/openbmc_project/inventory.
Aug 10 03:14:14 witherspoon systemd[1]: Started Wait for /xyz/openbmc_project/led/groups.
Aug 10 03:14:15 witherspoon systemd[1]: Started Phosphor BIOS Code Update.
Aug 10 03:14:15 witherspoon systemd[1]: Started FRU Fault monitor service.
Aug 10 03:14:15 witherspoon systemd[1]: Starting OpenPOWER OCC controller...
Aug 10 03:14:15 witherspoon systemd[1]: Starting Read OpenPOWER-format VPD from EEPROM...
Aug 10 03:14:15 witherspoon systemd[1]: Started Phosphor GPIO 1 Presence.
Aug 10 03:14:15 witherspoon systemd[1]: Started Phosphor Cooling Type.
Aug 10 03:14:15 witherspoon systemd[1]: Started Phosphor GPIO 0 Presence.
Aug 10 03:14:15 witherspoon systemd[1]: Started Phosphor DNS Settings Cache Manager.
Aug 10 03:14:17 witherspoon phosphor-gpio-presence[1113]: Updating inventory present property
Aug 10 03:14:17 witherspoon phosphor-gpio-presence[1115]: Updating inventory present property
Aug 10 03:14:22 witherspoon dbus[954]: [system] Activating via systemd: service name='org.freedesktop.journal1' unit='dbus-org.freedesktop.journal1.service'
Aug 10 03:14:22 witherspoon systemd[1]: Starting Journal Dbus Service...
Aug 10 03:14:23 witherspoon dbus[954]: [system] Successfully activated service 'org.freedesktop.journal1'
Aug 10 03:14:23 witherspoon systemd[1]: Started Journal Dbus Service.
Aug 10 03:14:23 witherspoon system_manager.py[1073]: Running System State: BASE_APPS
Aug 10 03:14:23 witherspoon system_manager.py[1073]: SystemManager Init Done
Aug 10 03:14:23 witherspoon system_manager.py[1073]: Running SystemManager
Aug 10 03:14:23 witherspoon systemd[1]: Started Phoshpor System Manager.
Aug 10 03:14:23 witherspoon phosphor-log-manager[952]: Failed to find metadata
Aug 10 03:14:23 witherspoon phosphor-fru-fault-monitor[1110]: /xyz/openbmc_project/logging/entry/3
Aug 10 03:14:24 witherspoon dbus[954]: [system] Activating via systemd: service name='org.freedesktop.hostname1' unit='dbus-org.freedesktop.hostname1.service'
Aug 10 03:14:24 witherspoon systemd[1]: Starting Hostname Service...
Aug 10 03:14:24 witherspoon dbus[954]: [system] Successfully activated service 'org.freedesktop.hostname1'
Aug 10 03:14:24 witherspoon systemd[1]: Started Hostname Service.
Aug 10 03:14:24 witherspoon systemd[1]: Started Phosphor Network Manager.
Aug 10 03:14:25 witherspoon systemd[1]: Started Phosphor BMC Code Update.
Aug 10 03:14:25 witherspoon bmc_update.py[1099]: Running Bmc Flash Control
Aug 10 03:14:26 witherspoon systemd[1]: Started OpenPOWER OCC controller.
Aug 10 03:14:26 witherspoon settings_manager.py[1075]: Running HostSettingsService
Aug 10 03:14:26 witherspoon systemd[1]: Started Phosphor Settings Manager.
Aug 10 03:14:26 witherspoon systemd[1]: Starting Wait for /org/openbmc/settings/host0...
Aug 10 03:14:27 witherspoon system_manager.py[1073]: SystemManager Goto System State: BMC_STARTING
Aug 10 03:14:27 witherspoon system_manager.py[1073]: Running System State: BMC_STARTING
Aug 10 03:14:28 witherspoon systemd[1]: Started Read OpenPOWER-format VPD from EEPROM.
Aug 10 03:14:33 witherspoon systemd[1]: Started Wait for /org/openbmc/managers/System.
Aug 10 03:14:33 witherspoon systemd[1]: Starting Phosphor Reset Button0...
Aug 10 03:14:33 witherspoon systemd[1]: Starting Phosphor Power0 Control...
Aug 10 03:14:33 witherspoon systemd[1]: Starting Phosphor Power Button0...
Aug 10 03:14:33 witherspoon systemd[1]: Starting Phosphor BMC State Manager...
Aug 10 03:14:33 witherspoon systemd[1]: Starting Phosphor Chassis State Manager...
Aug 10 03:14:34 witherspoon systemd[1]: Started Wait for /org/openbmc/control/flash/bios.
Aug 10 03:14:34 witherspoon systemd[1]: Started Initialize BIOS Flash.
Aug 10 03:14:34 witherspoon systemd[1]: Started Wait for /org/openbmc/settings/host0.
Aug 10 03:14:35 witherspoon system_manager.py[1073]: New object: /org/openbmc/control/power0 (:1.82)
Aug 10 03:14:35 witherspoon systemd[1]: Started Phosphor Inband IPMI.
Aug 10 03:14:35 witherspoon phosphor-chassis-state-manager[1128]: Initial Chassis State will be Off
Aug 10 03:14:35 witherspoon systemd[1]: Started Phosphor Chassis State Manager.
Aug 10 03:14:35 witherspoon phosphor-bmc-state-manager[1127]: Setting the BMCState field
Aug 10 03:14:35 witherspoon phosphor-bmc-state-manager[1127]: Setting the BMCState field
Aug 10 03:14:36 witherspoon system_manager.py[1073]: Power GPIO config: ['SYS_PWROK_BUFF', '', [('SOFTWARE_PGOOD', True), ('BMC_POWER_UP', True)], [('BMC_CP0_RESET_N', False)], [], 'FSI_DATA', 'FSI_CLK', 'FSI_ENABLE', 'CRONUS_SEL', []]
Aug 10 03:14:36 witherspoon systemd[1]: Started Phosphor BMC State Manager.
Aug 10 03:14:36 witherspoon power_control.exe[1125]: Power GPIO latch output:
Aug 10 03:14:36 witherspoon power_control.exe[1125]: Power GPIO power good input: SYS_PWROK_BUFF
Aug 10 03:14:36 witherspoon power_control.exe[1125]: Power GPIO 2 power_up outputs
Aug 10 03:14:36 witherspoon power_control.exe[1125]: Power GPIO power_up[0] = SOFTWARE_PGOOD active HIGH
Aug 10 03:14:36 witherspoon power_control.exe[1125]: Power GPIO power_up[1] = BMC_POWER_UP active HIGH
Aug 10 03:14:36 witherspoon power_control.exe[1125]: Power GPIO 1 reset outputs
Aug 10 03:14:36 witherspoon power_control.exe[1125]: Power GPIO reset[0] = BMC_CP0_RESET_N active LOW
Aug 10 03:14:36 witherspoon power_control.exe[1125]: Power GPIO 0 pci reset outputs
Aug 10 03:14:36 witherspoon power_control.exe[1125]: FSI DATA GPIO: FSI_DATA
Aug 10 03:14:36 witherspoon power_control.exe[1125]: FSI CLK GPIO: FSI_CLK
Aug 10 03:14:36 witherspoon power_control.exe[1125]: FSI ENABLE GPIO: FSI_ENABLE
Aug 10 03:14:36 witherspoon power_control.exe[1125]: CRONUS SEL GPIO: CRONUS_SEL
Aug 10 03:14:36 witherspoon power_control.exe[1125]: Hostctl GPIO optionals: 0
Aug 10 03:14:36 witherspoon button_power.exe[1126]: GPIO Lookup:  POWER_BUTTON = 347,both
Aug 10 03:14:36 witherspoon button_reset.exe[1124]: GPIO Lookup:  RESET_BUTTON = 353,both
Aug 10 03:14:36 witherspoon systemd[1]: Started Phosphor Power Button0.
Aug 10 03:14:36 witherspoon power_control.exe[1125]: GPIO Lookup:  SYS_PWROK_BUFF = 306,in
Aug 10 03:14:36 witherspoon systemd[1]: Started Phosphor Reset Button0.
Aug 10 03:14:36 witherspoon power_control.exe[1125]: GPIO Lookup:  SOFTWARE_PGOOD = 417,out
Aug 10 03:14:37 witherspoon power_control.exe[1125]: GPIO Lookup:  BMC_POWER_UP = 305,out
Aug 10 03:14:37 witherspoon power_control.exe[1125]: GPIO Lookup:  BMC_CP0_RESET_N = 281,out
Aug 10 03:14:37 witherspoon power_control.exe[1125]: Pgood state: 0
Aug 10 03:14:37 witherspoon systemd[1]: Started Phosphor Power0 Control.
Aug 10 03:14:40 witherspoon system_manager.py[1073]: SystemManager Goto System State: BMC_READY
Aug 10 03:14:40 witherspoon system_manager.py[1073]: Running System State: BMC_READY
Aug 10 03:14:40 witherspoon systemd[1]: Started Wait for /xyz/openbmc_project/state/chassis0.
Aug 10 03:14:40 witherspoon systemd[1]: Started Wait for /org/openbmc/control/power0.
Aug 10 03:14:40 witherspoon systemd[1]: Starting Phosphor Time Manager daemon...
Aug 10 03:14:40 witherspoon systemd[1]: Starting Check Chassis0 pgood and create a file to indicate it...
Aug 10 03:14:41 witherspoon systemd[1]: Started Check Chassis0 pgood and create a file to indicate it.
Aug 10 03:14:41 witherspoon systemd[1]: Reached target Chassis0 power on after reset.
Aug 10 03:14:41 witherspoon systemd[1]: Reached target Chassis0 (Reset Check).
Aug 10 03:14:41 witherspoon timemanager[1161]: Registering dbus methods
Aug 10 03:14:42 witherspoon timemanager[1161]: Last known time_mode: NTP
Aug 10 03:14:42 witherspoon timemanager[1161]: Last known time_owner: BMC
Aug 10 03:14:42 witherspoon timemanager[1161]: Empty DhcpNtp string
Aug 10 03:14:42 witherspoon timemanager[1161]: Reading Power Control key: pgood
Aug 10 03:14:42 witherspoon systemd[1]: Started Wait for /xyz/openbmc_project/control/host0.
Aug 10 03:14:42 witherspoon systemd[1]: Reached target Host0 running after reset.
Aug 10 03:14:42 witherspoon systemd[1]: Starting Phosphor Host State Manager...
Aug 10 03:14:42 witherspoon systemd[1]: Reached target Host0 (Reset Check).
Aug 10 03:14:42 witherspoon timemanager[1161]: Changing settings *allowed* now
Aug 10 03:14:42 witherspoon timemanager[1161]: Owner is already set to : BMC
Aug 10 03:14:43 witherspoon phosphor-host-state-manager[1172]: Initial Host State will be Off
Aug 10 03:14:43 witherspoon timemanager[1161]: Requested_Mode: NTP Current_Mode: NTP
Aug 10 03:14:43 witherspoon timemanager[1161]: Mode is already set to : NTP
Aug 10 03:14:43 witherspoon timemanager[1161]: Getting System Settings: use_dhcp_ntp
Aug 10 03:14:43 witherspoon systemd[1]: Started Phosphor Host State Manager.
Aug 10 03:14:43 witherspoon timemanager[1161]: use_dhcp_ntp = yes
Aug 10 03:14:43 witherspoon timemanager[1161]: Last known host_offset:0
Aug 10 03:14:43 witherspoon timemanager[1161]: Initial Uptime Usec: 1502334784222194
Aug 10 03:14:43 witherspoon systemd[1]: Started Phosphor Time Manager daemon.
Aug 10 03:14:44 witherspoon systemd[1]: Started Wait for /xyz/openbmc_project/state/host0.
Aug 10 03:14:44 witherspoon systemd[1]: Starting Reboot If Enabled...
Aug 10 03:14:45 witherspoon phosphor-discover-system-state[1174]: Host power is off, checking power policy
Aug 10 03:14:45 witherspoon systemd[1]: Started Reboot If Enabled.
Aug 10 03:14:45 witherspoon systemd[1]: Reached target Phosphor System - Standby.
Aug 10 03:14:45 witherspoon systemd[1]: Starting Assert bmc_booted LED...
Aug 10 03:14:45 witherspoon phosphor-bmc-state-manager[1127]: BMC_READY
Aug 10 03:14:45 witherspoon phosphor-bmc-state-manager[1127]: Setting the BMCState field
Aug 10 03:14:45 witherspoon phosphor-ledmanager[942]: Asserting LEDs
Aug 10 03:14:45 witherspoon systemd[1]: Started Assert bmc_booted LED.
Aug 10 03:14:45 witherspoon systemd[1]: Startup finished in 8.809s (kernel) + 1min 32.684s (userspace) = 1min 41.494s.
Aug 10 03:17:40 witherspoon systemd[1]: Started Phosphor Webserver.
Aug 10 03:17:53 witherspoon phosphor-gevent[1188]: ::8019:6b76:8e91:f402%1995840284 - - [2017-08-10 03:17:53] "POST /login HTTP/1.1" 200 320 0.046593
Aug 10 03:17:53 witherspoon systemd[1]: Created slice system-dropbear.slice.
Aug 10 03:17:53 witherspoon systemd[1]: Started SSH Per-Connection Server (9.41.165.94:34236).
Aug 10 03:17:53 witherspoon dropbear[1190]: Failed loading /etc/dropbear/dropbear_dss_host_key
Aug 10 03:17:53 witherspoon dropbear[1190]: Failed loading /etc/dropbear/dropbear_ecdsa_host_key
Aug 10 03:17:53 witherspoon dropbear[1190]: Child connection from ::ffff:9.41.165.94:34236
Aug 10 03:17:54 witherspoon dropbear[1190]: PAM password auth succeeded for 'root' from ::ffff:9.41.165.94:34236
Aug 10 03:17:54 witherspoon dropbear[1191]: lastlog_perform_login: Couldn't stat /var/log/lastlog: No such file or directory
Aug 10 03:17:54 witherspoon dropbear[1191]: lastlog_openseek: /var/log/lastlog is not a file or directory!
Aug 10 03:17:55 witherspoon systemd[1]: Started SSH Per-Connection Server (9.41.165.94:34238).
Aug 10 03:17:55 witherspoon dropbear[1195]: Failed loading /etc/dropbear/dropbear_dss_host_key
Aug 10 03:17:55 witherspoon dropbear[1195]: Failed loading /etc/dropbear/dropbear_ecdsa_host_key
Aug 10 03:17:55 witherspoon dropbear[1195]: Child connection from ::ffff:9.41.165.94:34238
Aug 10 03:17:55 witherspoon dropbear[1195]: PAM password auth succeeded for 'root' from ::ffff:9.41.165.94:34238
Aug 10 03:17:55 witherspoon dropbear[1196]: lastlog_perform_login: Couldn't stat /var/log/lastlog: No such file or directory
Aug 10 03:17:55 witherspoon dropbear[1196]: lastlog_openseek: /var/log/lastlog is not a file or directory!
Aug 10 03:17:57 witherspoon systemd[1]: Started SSH Per-Connection Server (9.41.165.94:34240).
Aug 10 03:17:57 witherspoon dropbear[1202]: Failed loading /etc/dropbear/dropbear_dss_host_key
Aug 10 03:17:57 witherspoon dropbear[1202]: Failed loading /etc/dropbear/dropbear_ecdsa_host_key
Aug 10 03:17:57 witherspoon dropbear[1202]: Child connection from ::ffff:9.41.165.94:34240
Aug 10 03:17:57 witherspoon dropbear[1202]: PAM password auth succeeded for 'root' from ::ffff:9.41.165.94:34240
Aug 10 03:17:57 witherspoon dropbear[1203]: lastlog_perform_login: Couldn't stat /var/log/lastlog: No such file or directory
Aug 10 03:17:57 witherspoon dropbear[1203]: lastlog_openseek: /var/log/lastlog is not a file or directory!
Aug 10 03:17:58 witherspoon phosphor-gevent[1188]: ::8019:6b76:8e91:f402%1995840284 - - [2017-08-10 03:17:58] "POST /login HTTP/1.1" 200 320 0.037626
Aug 10 03:17:59 witherspoon phosphor-gevent[1188]: ::8019:6b76:8e91:f402%1995840284 - - [2017-08-10 03:17:59] "GET /xyz/openbmc_project/state/host0//attr/CurrentHostState HTTP/1.1" 200 212 0.085454
Aug 10 03:17:59 witherspoon dropbear[1190]: Exit (root): Error reading: Connection reset by peer
Aug 10 03:17:59 witherspoon dropbear[1195]: Exit (root): Error reading: Connection reset by peer
Aug 10 03:17:59 witherspoon dropbear[1202]: Exit (root): Error reading: Connection reset by peer
Aug 10 03:19:04 witherspoon systemd[1]: Started SSH Per-Connection Server (9.41.165.94:34268).
Aug 10 03:19:04 witherspoon dropbear[1214]: Failed loading /etc/dropbear/dropbear_dss_host_key
Aug 10 03:19:04 witherspoon dropbear[1214]: Failed loading /etc/dropbear/dropbear_ecdsa_host_key
Aug 10 03:19:04 witherspoon dropbear[1214]: Child connection from ::ffff:9.41.165.94:34268
Aug 10 03:19:05 witherspoon dropbear[1214]: PAM password auth succeeded for 'root' from ::ffff:9.41.165.94:34268
Aug 10 03:19:05 witherspoon dropbear[1215]: lastlog_perform_login: Couldn't stat /var/log/lastlog: No such file or directory
Aug 10 03:19:05 witherspoon dropbear[1215]: lastlog_openseek: /var/log/lastlog is not a file or directory!
Aug 10 03:19:07 witherspoon systemd[1]: Started SSH Per-Connection Server (9.41.165.94:34270).
Aug 10 03:19:07 witherspoon dropbear[1224]: Failed loading /etc/dropbear/dropbear_dss_host_key
Aug 10 03:19:07 witherspoon dropbear[1224]: Failed loading /etc/dropbear/dropbear_ecdsa_host_key
Aug 10 03:19:07 witherspoon dropbear[1224]: Child connection from ::ffff:9.41.165.94:34270
Aug 10 03:19:07 witherspoon dropbear[1224]: PAM password auth succeeded for 'root' from ::ffff:9.41.165.94:34270
Aug 10 03:19:07 witherspoon dropbear[1225]: lastlog_perform_login: Couldn't stat /var/log/lastlog: No such file or directory
Aug 10 03:19:07 witherspoon dropbear[1225]: lastlog_openseek: /var/log/lastlog is not a file or directory!
Aug 10 03:19:07 witherspoon systemd[1]: Started SSH Per-Connection Server (9.41.165.94:34272).
Aug 10 03:19:07 witherspoon dropbear[1231]: Failed loading /etc/dropbear/dropbear_dss_host_key
Aug 10 03:19:08 witherspoon dropbear[1231]: Failed loading /etc/dropbear/dropbear_ecdsa_host_key
Aug 10 03:19:08 witherspoon dropbear[1231]: Child connection from ::ffff:9.41.165.94:34272
Aug 10 03:19:08 witherspoon dropbear[1231]: PAM password auth succeeded for 'root' from ::ffff:9.41.165.94:34272
Aug 10 03:19:08 witherspoon dropbear[1232]: lastlog_perform_login: Couldn't stat /var/log/lastlog: No such file or directory
Aug 10 03:19:08 witherspoon dropbear[1232]: lastlog_openseek: /var/log/lastlog is not a file or directory!
Aug 10 03:19:09 witherspoon phosphor-gevent[1188]: ::8019:6b76:8e91:f402%1995840284 - - [2017-08-10 03:19:09] "POST /login HTTP/1.1" 200 320 0.035201
Aug 10 03:19:10 witherspoon phosphor-gevent[1188]: ::8019:6b76:8e91:f402%1995840284 - - [2017-08-10 03:19:10] "POST /login HTTP/1.1" 200 320 0.068467
Aug 10 03:19:10 witherspoon phosphor-gevent[1188]: ::8019:6b76:8e91:f402%1995840284 - - [2017-08-10 03:19:10] "GET /xyz/openbmc_project/state/host0//attr/CurrentHostState HTTP/1.1" 200 212 0.075359
Aug 10 03:19:10 witherspoon systemd[1]: Created slice system-obmc\x2dconsole\x2dssh.slice.
Aug 10 03:19:10 witherspoon systemd[1]: Started Phosphor Host Console SSH Per-Connection (9.41.165.94:57788).
Aug 10 03:19:10 witherspoon dropbear[1238]: Failed loading /etc/dropbear/dropbear_dss_host_key
Aug 10 03:19:10 witherspoon dropbear[1238]: Failed loading /etc/dropbear/dropbear_ecdsa_host_key
Aug 10 03:19:10 witherspoon dropbear[1238]: Child connection from ::ffff:9.41.165.94:57788
Aug 10 03:19:11 witherspoon phosphor-gevent[1188]: ::8019:6b76:8e91:f402%1995840284 - - [2017-08-10 03:19:11] "POST /login HTTP/1.1" 200 320 0.102657
Aug 10 03:19:11 witherspoon phosphor-host-state-manager[1172]: Host State transaction request
Aug 10 03:19:11 witherspoon dropbear[1238]: PAM password auth succeeded for 'root' from ::ffff:9.41.165.94:57788
Aug 10 03:19:11 witherspoon dropbear[1239]: lastlog_perform_login: Couldn't stat /var/log/lastlog: No such file or directory
Aug 10 03:19:11 witherspoon dropbear[1239]: lastlog_openseek: /var/log/lastlog is not a file or directory!
Aug 10 03:19:11 witherspoon phosphor-gevent[1188]: ::8019:6b76:8e91:f402%1995840284 - - [2017-08-10 03:19:11] "PUT /xyz/openbmc_project/state/host0//attr/RequestedHostTransition HTTP/1.1" 200 169 0.608984
Aug 10 03:19:11 witherspoon systemd[1]: Created slice system-ir35221\x2doff\x2dunbind.slice.
Aug 10 03:19:11 witherspoon systemd[1]: Reached target Stop Hosti (Pre).
Aug 10 03:19:11 witherspoon systemd[1]: Created slice system-op\x2dpower\x2dstop.slice.
Aug 10 03:19:11 witherspoon systemd[1]: Starting Wait for /org/openbmc/HostIpmi/1...
Aug 10 03:19:11 witherspoon systemd[1]: Starting Wait for /xyz/openbmc_project/led/groups/power_on...
Aug 10 03:19:11 witherspoon systemd[1]: Reached target Stop Host0 (Pre).
Aug 10 03:19:11 witherspoon systemd[1]: Created slice system-vcs_off_poweroff.slice.
Aug 10 03:19:12 witherspoon phosphor-gevent[1188]: ::8019:6b76:8e91:f402%1995840284 - - [2017-08-10 03:19:12] "POST /login HTTP/1.1" 200 320 0.047419
Aug 10 03:19:11 witherspoon systemd[1]: Created slice system-obmc\x2dled\x2dgroup\x2dstop.slice.
Aug 10 03:19:11 witherspoon systemd[1]: Stopped target Host0 (Reset Check).
Aug 10 03:19:11 witherspoon systemd[1]: Stopped target Host0 running after reset.
Aug 10 03:19:11 witherspoon systemd[1]: Starting Power off mode unbind ir35221 device driver devs...
Aug 10 03:19:11 witherspoon systemd[1]: Starting Wait for /org/openbmc/control/chassis0...
Aug 10 03:19:11 witherspoon systemd[1]: Reached target Hosti (Stopping).
Aug 10 03:19:11 witherspoon systemd[1]: Reached target Hosti (Stopped).
Aug 10 03:19:11 witherspoon systemd[1]: Reached target Poweri Off (Pre).
Aug 10 03:19:11 witherspoon systemd[1]: Reached target Poweri Off.
Aug 10 03:19:12 witherspoon systemd[1]: Stopped target Chassis0 (Reset Check).
Aug 10 03:19:12 witherspoon systemd[1]: Stopped target Chassis0 power on after reset.
Aug 10 03:19:12 witherspoon systemd[1]: Created slice system-op\x2dwait\x2dpower\x2doff.slice.
Aug 10 03:19:12 witherspoon systemd[1]: Created slice system-ir35221\x2doff\x2dbind.slice.
Aug 10 03:19:12 witherspoon systemd[1]: Started Power off mode unbind ir35221 device driver devs.
Aug 10 03:19:12 witherspoon systemd[1]: xyz.openbmc_project.Hwmon@ahb-apb-i2c\x401e78a000-i2c\x2dbus\x40140-ir35221\x4071.service: Unit not needed anymore. Stopping.
Aug 10 03:19:12 witherspoon systemd[1]: Stopping Phosphor Hwmon Poller...
Aug 10 03:19:12 witherspoon systemd[1]: Stopped Phosphor Hwmon Poller.
Aug 10 03:19:12 witherspoon systemd[1]: xyz.openbmc_project.Hwmon@ahb-apb-i2c\x401e78a000-i2c\x2dbus\x40180-ir35221\x4071.service: Unit not needed anymore. Stopping.
Aug 10 03:19:12 witherspoon systemd[1]: Stopping Phosphor Hwmon Poller...
Aug 10 03:19:12 witherspoon systemd[1]: Stopped Phosphor Hwmon Poller.
Aug 10 03:19:12 witherspoon systemd[1]: xyz.openbmc_project.Hwmon@ahb-apb-i2c\x401e78a000-i2c\x2dbus\x40180-ir35221\x4070.service: Unit not needed anymore. Stopping.
Aug 10 03:19:12 witherspoon systemd[1]: xyz.openbmc_project.Hwmon@ahb-apb-i2c\x401e78a000-i2c\x2dbus\x40140-ir35221\x4070.service: Unit not needed anymore. Stopping.
Aug 10 03:19:12 witherspoon systemd[1]: Stopping Phosphor Hwmon Poller...
Aug 10 03:19:12 witherspoon systemd[1]: Stopping Phosphor Hwmon Poller...
Aug 10 03:19:12 witherspoon systemd[1]: Stopped Phosphor Hwmon Poller.
Aug 10 03:19:12 witherspoon systemd[1]: Stopped Phosphor Hwmon Poller.
Aug 10 03:19:13 witherspoon phosphor-gevent[1188]: ::8019:6b76:8e91:f402%1995840284 - - [2017-08-10 03:19:13] "GET /xyz/openbmc_project/state/chassis0//attr/CurrentPowerState HTTP/1.1" 200 216 0.893716
Aug 10 03:19:13 witherspoon phosphor-gevent[1188]: ::8019:6b76:8e91:f402%1995840284 - - [2017-08-10 03:19:13] "POST /login HTTP/1.1" 200 320 0.101207
Aug 10 03:19:17 witherspoon systemd[1]: Started Wait for /org/openbmc/control/chassis0.
Aug 10 03:19:17 witherspoon systemd[1]: Started Wait for /xyz/openbmc_project/led/groups/power_on.
Aug 10 03:19:17 witherspoon systemd[1]: Starting Assert power_on LED...
Aug 10 03:19:17 witherspoon systemd[1]: Started Wait for /org/openbmc/HostIpmi/1.
Aug 10 03:19:17 witherspoon systemd[1]: Starting Soft power off of the host...
Aug 10 03:19:17 witherspoon phosphor-gevent[1188]: ::8019:6b76:8e91:f402%1995840284 - - [2017-08-10 03:19:17] "GET /xyz/openbmc_project/state/host0//attr/CurrentHostState HTTP/1.1" 200 212 3.906197
Aug 10 03:19:17 witherspoon ipmid[1140]: Pushing cmd on to queue
Aug 10 03:19:17 witherspoon ipmid[1140]: Asserting SMS Attention
Aug 10 03:19:17 witherspoon systemd[1]: Started Assert power_on LED.
Aug 10 03:19:17 witherspoon ipmid[1140]: SMS Attention asserted
Aug 10 03:19:18 witherspoon phosphor-gevent[1188]: ::8019:6b76:8e91:f402%1995840284 - - [2017-08-10 03:19:18] "POST /login HTTP/1.1" 200 320 0.093485
Aug 10 03:19:18 witherspoon phosphor-host-state-manager[1172]: Host State transaction request
Aug 10 03:19:19 witherspoon systemd[1]: Reached target Powerwitherspoon-fan-watchdog (On).
Aug 10 03:19:19 witherspoon systemd[1]: Created slice system-obmc\x2denable\x2dhost\x2dwatchdog.slice.
Aug 10 03:19:19 witherspoon systemd[1]: Created slice system-vcs_on.slice.
Aug 10 03:19:19 witherspoon systemd[1]: Created slice system-start_host.slice.
Aug 10 03:19:19 witherspoon systemd[1]: Started Witherspoon Fan Watchdog Daemon.
Aug 10 03:19:19 witherspoon systemd[1]: Created slice system-ir35221\x2don\x2dunbind.slice.
Aug 10 03:19:19 witherspoon systemd[1]: Created slice system-power\x2dworkarounds.slice.
Aug 10 03:19:19 witherspoon systemd[1]: Starting Wait for /xyz/openbmc_project/watchdog/host0...
Aug 10 03:19:19 witherspoon systemd[1]: Created slice system-fsi\x2dscan.slice.
Aug 10 03:19:19 witherspoon systemd[1]: Starting power on mode unbind ir35221 device driver devs...
Aug 10 03:19:19 witherspoon systemd[1]: Created slice system-phosphor\x2dgpio\x2dmonitor.slice.
Aug 10 03:19:19 witherspoon systemd[1]: Created slice system-avsbus\x2ddisable.slice.
Aug 10 03:19:19 witherspoon systemd[1]: Created slice system-phosphor\x2dfan\x2dcontrol\x2dinit.slice.
Aug 10 03:19:19 witherspoon systemd[1]: Started Phosphor Fan Control Initialization.
Aug 10 03:19:19 witherspoon systemd[1]: Created slice system-phosphor\x2dfan\x2dpresence\x2dtach.slice.
Aug 10 03:19:19 witherspoon systemd[1]: Created slice system-ir35221\x2don\x2dbind.slice.
Aug 10 03:19:19 witherspoon systemd[1]: Created slice system-vcs_workaround.slice.
Aug 10 03:19:19 witherspoon systemd[1]: Stopped Assert power_on LED.
Aug 10 03:19:19 witherspoon systemd[1]: Created slice system-fsi\x2dbind.slice.
Aug 10 03:19:19 witherspoon systemd[1]: Created slice system-mboxd\x2dreload.slice.
Aug 10 03:19:19 witherspoon systemd[1]: Created slice system-op\x2dpower\x2dstart.slice.
Aug 10 03:19:19 witherspoon systemd[1]: Created slice system-vrm\x2dcontrol.slice.
Aug 10 03:19:19 witherspoon systemd[1]: Created slice system-phosphor\x2dwatchdog.slice.
Aug 10 03:19:20 witherspoon phosphor-gevent[1188]: ::8019:6b76:8e91:f402%1995840284 - - [2017-08-10 03:19:20] "PUT /xyz/openbmc_project/state/host0//attr/RequestedHostTransition HTTP/1.1" 200 169 2.080164
Aug 10 03:19:19 witherspoon systemd[1]: Started Phosphor GPIO checkstop monitor.
Aug 10 03:19:19 witherspoon systemd[1]: Created slice system-ucd_disable_vcs.slice.
Aug 10 03:19:19 witherspoon systemd[1]: Starting Disable UCD VCS rails...
Aug 10 03:19:19 witherspoon systemd[1]: Created slice system-cfam_override.slice.
Aug 10 03:19:19 witherspoon systemd[1]: Created slice system-avsbus\x2denable.slice.
Aug 10 03:19:19 witherspoon systemd[1]: Created slice system-pcie\x2dslot\x2ddetect.slice.
Aug 10 03:19:19 witherspoon systemd[1]: Starting Witherspoon Fan Watchdog Reset...
Aug 10 03:19:19 witherspoon systemd[1]: Stopped Power off mode unbind ir35221 device driver devs.
Aug 10 03:19:19 witherspoon systemd[1]: Started Phosphor poweron watchdog.
Aug 10 03:19:19 witherspoon systemd[1]: Created slice system-vcs_off.slice.
Aug 10 03:19:19 witherspoon systemd[1]: Stopped target Stop Host0 (Pre).
Aug 10 03:19:19 witherspoon systemd[1]: Created slice system-mapper\x2dsubtree\x2dremove.slice.
Aug 10 03:19:19 witherspoon systemd[1]: Starting mapper subtree-remove /xyz/openbmc_project/software:xyz.openbmc_project.Software.ActivationBlocksTransition...
Aug 10 03:19:19 witherspoon systemd[1]: Starting Reload mboxd during power on...
Aug 10 03:19:19 witherspoon systemd[1]: Starting Assert power_on LED...
Aug 10 03:19:19 witherspoon systemd[1]: Created slice system-op\x2dwait\x2dpower\x2don.slice.
Aug 10 03:19:19 witherspoon systemd[1]: Starting Wait for Power0 to turn on...
Aug 10 03:19:20 witherspoon ipmid[1140]: Host control timeout hit!
Aug 10 03:19:20 witherspoon ipmid[1140]: Timer expired
Aug 10 03:19:21 witherspoon mboxctl[1277]: Reset: Success
Aug 10 03:19:21 witherspoon systemd[1]: xyz.openbmc_project.Ipmi.Internal.SoftPowerOff.service: Main process exited, code=killed, status=15/TERM
Aug 10 03:19:21 witherspoon systemd[1]: Stopped Soft power off of the host.
Aug 10 03:19:21 witherspoon systemd[1]: xyz.openbmc_project.Ipmi.Internal.SoftPowerOff.service: Unit entered failed state.
Aug 10 03:19:21 witherspoon systemd[1]: xyz.openbmc_project.Ipmi.Internal.SoftPowerOff.service: Failed with result 'signal'.
Aug 10 03:19:21 witherspoon systemd[1]: Started power on mode unbind ir35221 device driver devs.
Aug 10 03:19:21 witherspoon systemd[1]: Started Witherspoon Fan Watchdog Reset.
Aug 10 03:19:21 witherspoon systemd[1]: Started Reload mboxd during power on.
Aug 10 03:19:21 witherspoon phosphor-gevent[1188]: ::8019:6b76:8e91:f402%1995840284 - - [2017-08-10 03:19:21] "POST /login HTTP/1.1" 200 320 0.196336
Aug 10 03:19:21 witherspoon kernel: ucd9000 11-0064: Device ID UCD90160|2.3.4.0000|110603
Aug 10 03:19:21 witherspoon kernel[951]: [  377.700000] ucd9000 11-0064: Device ID UCD90160|2.3.4.0000|110603
Aug 10 03:19:22 witherspoon phosphor-chassis-state-manager[1128]: Received signal that power OFF is complete
Aug 10 03:19:22 witherspoon phosphor-chassis-state-manager[1128]: Change to Chassis Power State
Aug 10 03:19:22 witherspoon phosphor-host-state-manager[1172]: Received signal that host is off
Aug 10 03:19:22 witherspoon phosphor-host-state-manager[1172]: Change to Host State
Aug 10 03:19:22 witherspoon systemd[1]: Started Disable UCD VCS rails.
Aug 10 03:19:22 witherspoon systemd[1]: Starting Perform power workarounds on VRMs...
Aug 10 03:19:22 witherspoon systemd[1]: Started Perform power workarounds on VRMs.
Aug 10 03:19:22 witherspoon systemd[1]: Starting Disable the AVS bus on the VRMs...
Aug 10 03:19:23 witherspoon systemd[1]: Started mapper subtree-remove /xyz/openbmc_project/software:xyz.openbmc_project.Software.ActivationBlocksTransition.
Aug 10 03:19:23 witherspoon systemd[1]: Started Disable the AVS bus on the VRMs.
Aug 10 03:19:23 witherspoon systemd[1]: Starting Apply voltage overrides to VRMs...
Aug 10 03:19:23 witherspoon vrm-control.sh[1343]: rail        set        read        current
Aug 10 03:19:23 witherspoon vrm-control.sh[1343]: -------        ------- ------- -------
Aug 10 03:19:24 witherspoon vrm-control.sh[1343]: vdna        0.898V        0.004V        0.000A
Aug 10 03:19:24 witherspoon phosphor-gevent[1188]: ::8019:6b76:8e91:f402%1995840284 - - [2017-08-10 03:19:24] "GET /xyz/openbmc_project/state/chassis0//attr/CurrentPowerState HTTP/1.1" 200 216 2.973790
Aug 10 03:19:25 witherspoon systemd[1]: Started Assert power_on LED.
Aug 10 03:19:25 witherspoon vrm-control.sh[1343]: vdnb        0.898V        0.004V        0.000A
Aug 10 03:19:25 witherspoon systemd[1]: Started Apply voltage overrides to VRMs.
Aug 10 03:19:25 witherspoon systemd[1]: Starting Enable the AVS bus on VRMs...
Aug 10 03:19:25 witherspoon systemd[1]: Started Enable the AVS bus on VRMs.
Aug 10 03:19:25 witherspoon systemd[1]: Starting Disable VCS before Witherspoon power on...
Aug 10 03:19:25 witherspoon systemd[1]: Started Disable VCS before Witherspoon power on.
Aug 10 03:19:25 witherspoon systemd[1]: Reached target Power0 On (Pre).
Aug 10 03:19:25 witherspoon systemd[1]: Starting Start Power0...
Aug 10 03:19:26 witherspoon power_control.exe[1125]: PowerControl: setting power up SOFTWARE_PGOOD to 1
Aug 10 03:19:26 witherspoon power_control.exe[1125]: PowerControl: setting power up BMC_POWER_UP to 1
Aug 10 03:19:26 witherspoon systemd[1]: Started Start Power0.
Aug 10 03:19:26 witherspoon timemanager[1161]:  PGOOD has changed..
Aug 10 03:19:26 witherspoon system_manager.py[1073]: Running System State: HOST_POWERING_ON
Aug 10 03:19:26 witherspoon power_control.exe[1125]: PowerControl: pgood: 1, setting reset BMC_CP0_RESET_N to 1
Aug 10 03:19:26 witherspoon system_manager.py[1073]: Running System State: HOST_POWERED_ON
Aug 10 03:19:26 witherspoon timemanager[1161]:  PGOOD has changed..
Aug 10 03:19:26 witherspoon timemanager[1161]: Changing time settings is *deferred* now
Aug 10 03:19:26 witherspoon systemd[1]: Started Wait for Power0 to turn on.
Aug 10 03:19:26 witherspoon systemd[1]: Reached target Power0 On.
Aug 10 03:19:26 witherspoon systemd[1]: Reached target Power0 (On).
Aug 10 03:19:26 witherspoon systemd[1]: Started Phosphor Fan Control Initialization.
Aug 10 03:19:26 witherspoon systemd[1]: Starting PCIE Slot Presence Detection For Chassis0...
Aug 10 03:19:26 witherspoon systemd[1]: Started Phosphor Fan Presence Tach Daemon.
Aug 10 03:19:26 witherspoon systemd[1]: Starting Scan FSI devices...
Aug 10 03:19:27 witherspoon kernel:  fsi0: fsi: found chip c0020d1e at 00:00:00
Aug 10 03:19:27 witherspoon kernel:  slave@00:00: engine[2]: type 4, version 6, addr c00 size 400
Aug 10 03:19:27 witherspoon kernel:  slave@00:00: engine[3]: type 5, version 7, addr 1000 size 400
Aug 10 03:19:27 witherspoon kernel[951]: [  383.350000]  fsi0: fsi: found chip c0020d1e at 00:00:00
Aug 10 03:19:27 witherspoon kernel[951]: [  383.350000]  slave@00:00: engine[2]: type 4, version 6, addr c00 size 400
Aug 10 03:19:27 witherspoon kernel[951]: [  383.350000]  slave@00:00: engine[3]: type 5, version 7, addr 1000 size 400
Aug 10 03:19:27 witherspoon kernel:  slave@00:00: engine[4]: type 6, version 1, addr 1400 size 400
Aug 10 03:19:27 witherspoon kernel:  slave@00:00: engine[5]: type 7, version 3, addr 1800 size 400
Aug 10 03:19:27 witherspoon kernel:  slave@00:00: engine[8]: type 22, version 1, addr 2400 size 400
Aug 10 03:19:27 witherspoon kernel: sbefifo 00:00:00:06: Found sbefifo device
Aug 10 03:19:27 witherspoon kernel: occ-hwmon occ1-dev0: failed to get OCC poll response: -19
Aug 10 03:19:27 witherspoon kernel[951]: [  383.470000]  slave@00:00: engine[4]: type 6, version 1, addr 1400 size 400
Aug 10 03:19:27 witherspoon kernel[951]: [  383.470000]  slave@00:00: engine[5]: type 7, version 3, addr 1800 size 400
Aug 10 03:19:27 witherspoon kernel[951]: [  383.470000]  slave@00:00: engine[8]: type 22, version 1, addr 2400 size 400
Aug 10 03:19:27 witherspoon kernel[951]: [  383.470000] sbefifo 00:00:00:06: Found sbefifo device
Aug 10 03:19:27 witherspoon kernel[951]: [  383.590000] occ-hwmon occ1-dev0: failed to get OCC poll response: -19
Aug 10 03:19:28 witherspoon timemanager[1161]:  User Settings have changed..
Aug 10 03:19:28 witherspoon systemd[1]: Started Wait for /xyz/openbmc_project/watchdog/host0.
Aug 10 03:19:28 witherspoon kernel:  slave@00:00: engine[9]: type 20, version 2, addr 2800 size 800
Aug 10 03:19:28 witherspoon kernel:  slave@00:00: engine[11]: type 1a, version 1, addr 3000 size 400
Aug 10 03:19:28 witherspoon kernel:  slave@00:00: engine[12]: type 1c, version 1, addr 3400 size 400
Aug 10 03:19:28 witherspoon kernel: fsi-master-hub 00:00:00:0a: hub version 92010800 (8 links)
Aug 10 03:19:28 witherspoon kernel:  slave@00:00: engine[14]: type 1b, version 1, addr 40000 size 8000
Aug 10 03:19:28 witherspoon kernel:  slave@00:00: engine[15]: type 1b, version 1, addr 48000 size 8000
Aug 10 03:19:28 witherspoon kernel:  slave@00:00: engine[16]: type 1b, version 1, addr 50000 size 8000
Aug 10 03:19:28 witherspoon kernel:  slave@00:00: engine[17]: type 1b, version 1, addr 58000 size 8000
Aug 10 03:19:28 witherspoon kernel:  slave@00:00: engine[18]: type 1b, version 1, addr 60000 size 8000
Aug 10 03:19:28 witherspoon kernel:  slave@00:00: engine[19]: type 1b, version 1, addr 68000 size 8000
Aug 10 03:19:28 witherspoon kernel:  slave@00:00: engine[20]: type 1b, version 1, addr 70000 size 8000
Aug 10 03:19:28 witherspoon kernel:  slave@00:00: engine[21]: type 1b, version 1, addr 78000 size 8000
Aug 10 03:19:28 witherspoon kernel[951]: [  384.120000]  slave@00:00: engine[9]: type 20, version 2, addr 2800 size 800
Aug 10 03:19:28 witherspoon kernel[951]: [  384.120000]  slave@00:00: engine[11]: type 1a, version 1, addr 3000 size 400
Aug 10 03:19:28 witherspoon kernel[951]: [  384.120000]  slave@00:00: engine[12]: type 1c, version 1, addr 3400 size 400
Aug 10 03:19:28 witherspoon kernel[951]: [  384.120000] fsi-master-hub 00:00:00:0a: hub version 92010800 (8 links)
Aug 10 03:19:28 witherspoon kernel[951]: [  384.120000]  slave@00:00: engine[14]: type 1b, version 1, addr 40000 size 8000
Aug 10 03:19:28 witherspoon kernel[951]: [  384.120000]  slave@00:00: engine[15]: type 1b, version 1, addr 48000 size 8000
Aug 10 03:19:28 witherspoon kernel[951]: [  384.120000]  slave@00:00: engine[16]: type 1b, version 1, addr 50000 size 8000
Aug 10 03:19:28 witherspoon kernel[951]: [  384.120000]  slave@00:00: engine[17]: type 1b, version 1, addr 58000 size 8000
Aug 10 03:19:28 witherspoon kernel[951]: [  384.120000]  slave@00:00: engine[18]: type 1b, version 1, addr 60000 size 8000
Aug 10 03:19:28 witherspoon kernel[951]: [  384.120000]  slave@00:00: engine[19]: type 1b, version 1, addr 68000 size 8000
Aug 10 03:19:28 witherspoon kernel[951]: [  384.120000]  slave@00:00: engine[20]: type 1b, version 1, addr 70000 size 8000
Aug 10 03:19:28 witherspoon kernel[951]: [  384.120000]  slave@00:00: engine[21]: type 1b, version 1, addr 78000 size 8000
Aug 10 03:19:28 witherspoon systemd[1]: Started Scan FSI devices.
Aug 10 03:19:28 witherspoon systemd[1]: Starting Run VCS workaround on host0...
Aug 10 03:19:29 witherspoon openpower-proc-control[1500]: P9 procedure vcsWorkaround not needed
Aug 10 03:19:29 witherspoon systemd[1]: Started Run VCS workaround on host0.
Aug 10 03:19:29 witherspoon systemd[1]: Starting Turn VCS on...
Aug 10 03:19:29 witherspoon systemd[1]: Started PCIE Slot Presence Detection For Chassis0.
Aug 10 03:19:30 witherspoon kernel: ucd9000 11-0064: Device ID UCD90160|2.3.4.0000|110603
Aug 10 03:19:30 witherspoon kernel[951]: [  386.740000] ucd9000 11-0064: Device ID UCD90160|2.3.4.0000|110603
Aug 10 03:19:31 witherspoon systemd[1]: Started Turn VCS on.
Aug 10 03:19:31 witherspoon systemd[1]: Starting Power on bind ir35221 device driver devs...
Aug 10 03:19:31 witherspoon systemd[1]: Started Phosphor Hwmon Poller.
Aug 10 03:19:32 witherspoon systemd[1]: Started Phosphor Hwmon Poller.
Aug 10 03:19:32 witherspoon systemd[1]: Started Power on bind ir35221 device driver devs.
Aug 10 03:19:32 witherspoon systemd[1]: Started Phosphor Hwmon Poller.
Aug 10 03:19:32 witherspoon systemd[1]: Started Phosphor Hwmon Poller.
Aug 10 03:19:32 witherspoon systemd[1]: Reached target Start Host0 (Pre).
Aug 10 03:19:33 witherspoon systemd[1]: Starting Start host0 SBE...
Aug 10 03:19:33 witherspoon systemd[1]: Reached target Chassis0 (Power On).
Aug 10 03:19:33 witherspoon phosphor-chassis-state-manager[1128]: Received signal that power ON is complete
Aug 10 03:19:33 witherspoon phosphor-chassis-state-manager[1128]: Change to Chassis Power State
Aug 10 03:19:33 witherspoon openpower-proc-control[1540]: Running P9 procedure startHost
Aug 10 03:19:33 witherspoon kernel:  slave@00:00: status: 0xc4000511, sisc: 0x82040000
Aug 10 03:19:33 witherspoon kernel[951]: [  389.060000]  slave@00:00: status: 0xc4000511, sisc: 0x82040000
Aug 10 03:19:33 witherspoon openpower-proc-control[1540]: Setting SBE seeprom side to 0
Aug 10 03:19:33 witherspoon systemd[1]: Started Start host0 SBE.
Aug 10 03:19:33 witherspoon systemd[1]: Reached target Host0 (Starting).
Aug 10 03:19:33 witherspoon systemd[1]: Reached target Host0 (Started).
Aug 10 03:19:33 witherspoon systemd[1]: Starting Start Watchdog0...
Aug 10 03:19:34 witherspoon phosphor-watchdog[1275]: watchdog: enabled and started
Aug 10 03:19:34 witherspoon systemd[1]: Started Start Watchdog0.
Aug 10 03:19:34 witherspoon systemd[1]: Reached target Start Host0.
Aug 10 03:19:34 witherspoon phosphor-host-state-manager[1172]: Received signal that host is running
Aug 10 03:19:34 witherspoon phosphor-host-state-manager[1172]: Change to Host State
Aug 10 03:19:35 witherspoon phosphor-gevent[1188]: ::8019:6b76:8e91:f402%1995840284 - - [2017-08-10 03:19:35] "POST /login HTTP/1.1" 200 320 0.032297
Aug 10 03:19:35 witherspoon phosphor-gevent[1188]: ::8019:6b76:8e91:f402%1995840284 - - [2017-08-10 03:19:35] "GET /xyz/openbmc_project/state/chassis0//attr/CurrentPowerState HTTP/1.1" 200 215 0.391563
Aug 10 03:19:36 witherspoon phosphor-gevent[1188]: ::8019:6b76:8e91:f402%1995840284 - - [2017-08-10 03:19:36] "POST /login HTTP/1.1" 200 320 0.032231
Aug 10 03:19:36 witherspoon phosphor-gevent[1188]: ::8019:6b76:8e91:f402%1995840284 - - [2017-08-10 03:19:36] "GET /xyz/openbmc_project/state/host0//attr/CurrentHostState HTTP/1.1" 200 216 0.075845
Aug 10 03:19:36 witherspoon phosphor-gevent[1188]: ::8019:6b76:8e91:f402%1995840284 - - [2017-08-10 03:19:36] "POST /login HTTP/1.1" 200 320 0.048118
Aug 10 03:19:36 witherspoon phosphor-gevent[1188]: ::8019:6b76:8e91:f402%1995840284 - - [2017-08-10 03:19:36] "GET /org/openbmc/sensors/host/BootProgress/attr/value HTTP/1.1" 200 170 0.090545
Aug 10 03:19:44 witherspoon ipmid[1140]: Control Host work queue is empty!
Aug 10 03:19:44 witherspoon phosphor-watchdog[1275]: watchdog: disabled
Aug 10 03:19:44 witherspoon phosphor-watchdog[1275]: watchdog: enabled and started
Aug 10 03:19:46 witherspoon phosphor-gevent[1188]: ::8019:6b76:8e91:f402%1995840284 - - [2017-08-10 03:19:46] "POST /login HTTP/1.1" 200 320 0.038110
Aug 10 03:19:46 witherspoon phosphor-gevent[1188]: ::8019:6b76:8e91:f402%1995840284 - - [2017-08-10 03:19:46] "GET /xyz/openbmc_project/state/chassis0//attr/CurrentPowerState HTTP/1.1" 200 215 0.049449
Aug 10 03:19:46 witherspoon phosphor-gevent[1188]: ::8019:6b76:8e91:f402%1995840284 - - [2017-08-10 03:19:46] "POST /login HTTP/1.1" 200 320 0.032470
Aug 10 03:19:47 witherspoon phosphor-gevent[1188]: ::8019:6b76:8e91:f402%1995840284 - - [2017-08-10 03:19:47] "GET /xyz/openbmc_project/state/host0//attr/CurrentHostState HTTP/1.1" 200 216 0.075658
Aug 10 03:19:47 witherspoon phosphor-gevent[1188]: ::8019:6b76:8e91:f402%1995840284 - - [2017-08-10 03:19:47] "POST /login HTTP/1.1" 200 320 0.225584
Aug 10 03:19:47 witherspoon systemd[1]: Created slice system-phosphor\x2dfan\x2dcontrol.slice.
Aug 10 03:19:47 witherspoon systemd[1]: Created slice system-phosphor\x2dfan\x2dmonitor.slice.
Aug 10 03:19:47 witherspoon systemd[1]: Starting Phosphor Fan Monitor Daemon...
