-- Logs begin at Tue 2017-10-31 19:07:54 UTC, end at Tue 2017-10-31 19:36:38 UTC. --
Oct 31 19:07:54 witherspoon phosphor-fan-control[2504]: Unable to find property
Oct 31 19:07:54 witherspoon phosphor-fan-control[2504]: Failed to invoke DBus method.
Oct 31 19:07:54 witherspoon phosphor-fan-control[2504]: The operation failed internally.
Oct 31 19:07:54 witherspoon phosphor-fan-control[2504]: Unable to find property
Oct 31 19:07:54 witherspoon phosphor-fan-control[2504]: Failed to invoke DBus method.
Oct 31 19:07:54 witherspoon phosphor-fan-control[2504]: The operation failed internally.
Oct 31 19:07:54 witherspoon phosphor-fan-control[2504]: Unable to find property
Oct 31 19:07:54 witherspoon phosphor-fan-control[2504]: Failed to invoke DBus method.
Oct 31 19:07:54 witherspoon phosphor-fan-control[2504]: The operation failed internally.
Oct 31 19:07:54 witherspoon phosphor-fan-control[2504]: Unable to find property
Oct 31 19:07:54 witherspoon phosphor-fan-control[2504]: Failed to invoke DBus method.
Oct 31 19:07:54 witherspoon phosphor-fan-control[2504]: The operation failed internally.
Oct 31 19:07:54 witherspoon phosphor-fan-control[2504]: Unable to find property
Oct 31 19:07:59 witherspoon phosphor-fan-control[2504]: Failed to invoke DBus method.
Oct 31 19:07:59 witherspoon phosphor-fan-control[2504]: The operation failed internally.
Oct 31 19:07:59 witherspoon phosphor-fan-control[2504]: Unable to find property
Oct 31 19:08:02 witherspoon phosphor-fan-control[2504]: Failed to invoke DBus method.
Oct 31 19:08:02 witherspoon phosphor-fan-control[2504]: The operation failed internally.
Oct 31 19:08:02 witherspoon phosphor-fan-control[2504]: Unable to find property
Oct 31 19:08:02 witherspoon phosphor-fan-control[2504]: Failed to invoke DBus method.
Oct 31 19:08:02 witherspoon phosphor-fan-control[2504]: The operation failed internally.
Oct 31 19:08:02 witherspoon phosphor-fan-control[2504]: Unable to find property
Oct 31 19:08:02 witherspoon phosphor-fan-control[2504]: Failed to invoke DBus method.
Oct 31 19:08:02 witherspoon phosphor-fan-control[2504]: The operation failed internally.
Oct 31 19:08:02 witherspoon phosphor-fan-control[2504]: Unable to find property
Oct 31 19:08:02 witherspoon phosphor-fan-control[2504]: Failed to invoke DBus method.
Oct 31 19:08:02 witherspoon phosphor-fan-control[2504]: The operation failed internally.
Oct 31 19:08:02 witherspoon phosphor-fan-control[2504]: Unable to find property
Oct 31 19:08:02 witherspoon phosphor-fan-control[2504]: Failed to invoke DBus method.
Oct 31 19:08:02 witherspoon phosphor-fan-control[2504]: The operation failed internally.
Oct 31 19:08:02 witherspoon phosphor-fan-control[2504]: Unable to find property
Oct 31 19:08:02 witherspoon phosphor-fan-control[2504]: Failed to invoke DBus method.
Oct 31 19:08:02 witherspoon phosphor-fan-control[2504]: The operation failed internally.
Oct 31 19:08:02 witherspoon phosphor-fan-control[2504]: Unable to find property
Oct 31 19:08:02 witherspoon phosphor-fan-control[2504]: Failed to invoke DBus method.
Oct 31 19:08:02 witherspoon phosphor-fan-control[2504]: The operation failed internally.
Oct 31 19:08:02 witherspoon phosphor-fan-control[2504]: Unable to find property
Oct 31 19:08:02 witherspoon phosphor-fan-control[2504]: Failed to invoke DBus method.
Oct 31 19:08:02 witherspoon phosphor-fan-control[2504]: The operation failed internally.
Oct 31 19:08:02 witherspoon phosphor-fan-control[2504]: Unable to find property
Oct 31 19:08:02 witherspoon phosphor-fan-control[2504]: Failed to invoke DBus method.
Oct 31 19:08:02 witherspoon phosphor-fan-control[2504]: The operation failed internally.
Oct 31 19:08:02 witherspoon phosphor-fan-control[2504]: Unable to find property
Oct 31 19:08:02 witherspoon phosphor-fan-control[2504]: Failed to invoke DBus method.
Oct 31 19:08:02 witherspoon phosphor-fan-control[2504]: The operation failed internally.
Oct 31 19:08:02 witherspoon phosphor-fan-control[2504]: Unable to find property
Oct 31 19:08:02 witherspoon phosphor-fan-control[2504]: Failed to invoke DBus method.
Oct 31 19:08:02 witherspoon phosphor-fan-control[2504]: The operation failed internally.
Oct 31 19:08:02 witherspoon phosphor-fan-control[2504]: Unable to find property
Oct 31 19:08:02 witherspoon phosphor-fan-control[2504]: Failed to invoke DBus method.
Oct 31 19:08:02 witherspoon phosphor-fan-control[2504]: The operation failed internally.
Oct 31 19:08:02 witherspoon phosphor-fan-control[2504]: Unable to find property
Oct 31 19:08:05 witherspoon phosphor-host-state-manager[1332]: External request to reset reboot count
Oct 31 19:08:20 witherspoon ipmid[1282]: getHostNetworkData failed for get_sys_boot_options.
Oct 31 19:08:20 witherspoon ipmid[1282]: ERROR:[0xFF] handling NetFn:[0x0], Cmd:[0x9]
Oct 31 19:08:20 witherspoon ipmid[1282]: Failed to call the method: Input/output error
Oct 31 19:08:20 witherspoon ipmid[1282]: Dest: :1.1, Path: /org/openbmc/HostIpmi/1
Oct 31 19:08:23 witherspoon ipmid[1282]: Failed to call the method: Input/output error
Oct 31 19:08:23 witherspoon ipmid[1282]: Dest: :1.1, Path: /org/openbmc/HostIpmi/1
Oct 31 19:08:32 witherspoon ipmid[1282]: getHostNetworkData failed for get_sys_boot_options.
Oct 31 19:08:32 witherspoon ipmid[1282]: ERROR:[0xFF] handling NetFn:[0x0], Cmd:[0x9]
Oct 31 19:08:32 witherspoon ipmid[1282]: Failed to call the method: Input/output error
Oct 31 19:08:32 witherspoon ipmid[1282]: Dest: :1.1, Path: /org/openbmc/HostIpmi/1
Oct 31 19:08:33 witherspoon ipmid[1282]: Failed to call the method: Input/output error
Oct 31 19:08:33 witherspoon ipmid[1282]: Dest: :1.1, Path: /org/openbmc/HostIpmi/1
Oct 31 19:08:38 witherspoon ipmid[1282]: getHostNetworkData failed for get_sys_boot_options.
Oct 31 19:08:38 witherspoon ipmid[1282]: ERROR:[0xFF] handling NetFn:[0x0], Cmd:[0x9]
Oct 31 19:08:38 witherspoon ipmid[1282]: Failed to call the method: Input/output error
Oct 31 19:08:38 witherspoon ipmid[1282]: Dest: :1.1, Path: /org/openbmc/HostIpmi/1
Oct 31 19:08:47 witherspoon ipmid[1282]: getHostNetworkData failed for get_sys_boot_options.
Oct 31 19:08:47 witherspoon ipmid[1282]: ERROR:[0xFF] handling NetFn:[0x0], Cmd:[0x9]
Oct 31 19:08:47 witherspoon ipmid[1282]: Failed to call the method: Input/output error
Oct 31 19:08:47 witherspoon ipmid[1282]: Dest: :1.1, Path: /org/openbmc/HostIpmi/1
Oct 31 19:08:50 witherspoon ipmid[1282]: No Registered handlers for NetFn:[0x3A],Cmd:[0xFF]
Oct 31 19:08:50 witherspoon ipmid[1282]: ERROR:[0xC1] handling NetFn:[0x3A], Cmd:[0x1A]
Oct 31 19:08:51 witherspoon kernel: ftgmac100 1e660000.ethernet eth0: no vlan ids left to set
Oct 31 19:08:51 witherspoon kernel: ftgmac100 1e660000.ethernet eth0: NCSI interface up
Oct 31 19:08:51 witherspoon kernel[972]: [  663.790000] ftgmac100 1e660000.ethernet eth0: no vlan ids left to set
Oct 31 19:08:51 witherspoon kernel[972]: [  663.790000] ftgmac100 1e660000.ethernet eth0: NCSI interface up
Oct 31 19:09:12 witherspoon ipmid[1282]: getHostNetworkData failed for get_sys_boot_options.
Oct 31 19:09:12 witherspoon ipmid[1282]: ERROR:[0xFF] handling NetFn:[0x0], Cmd:[0x9]
Oct 31 19:09:12 witherspoon ipmid[1282]: Failed to call the method: Input/output error
Oct 31 19:09:12 witherspoon ipmid[1282]: Dest: :1.1, Path: /org/openbmc/HostIpmi/1
Oct 31 19:09:14 witherspoon kernel: ftgmac100 1e660000.ethernet eth0: no vlan ids left to set
Oct 31 19:09:14 witherspoon kernel[972]: [  686.610000] ftgmac100 1e660000.ethernet eth0: no vlan ids left to set
Oct 31 19:09:14 witherspoon kernel: ftgmac100 1e660000.ethernet eth0: NCSI interface up
Oct 31 19:09:14 witherspoon kernel[972]: [  686.740000] ftgmac100 1e660000.ethernet eth0: NCSI interface up
Oct 31 19:09:28 witherspoon kernel: ftgmac100 1e660000.ethernet eth0: no vlan ids left to set
Oct 31 19:09:28 witherspoon kernel: ftgmac100 1e660000.ethernet eth0: NCSI interface up
Oct 31 19:09:28 witherspoon kernel[972]: [  700.680000] ftgmac100 1e660000.ethernet eth0: no vlan ids left to set
Oct 31 19:09:28 witherspoon kernel[972]: [  700.680000] ftgmac100 1e660000.ethernet eth0: NCSI interface up
Oct 31 19:09:39 witherspoon phosphor-timemanager[1340]: Setting HostTime is not allowed
Oct 31 19:09:45 witherspoon dropbear[1485]: Exit (root): Disconnect received
Oct 31 19:09:46 witherspoon systemd[1]: Started Phosphor Host Console SSH Per-Connection (9.41.165.94:55860).
Oct 31 19:09:46 witherspoon dropbear[2517]: Failed loading /var/lib/dropbear/dropbear_rsa_host_key
Oct 31 19:09:46 witherspoon dropbear[2517]: Failed loading /etc/dropbear/dropbear_dss_host_key
Oct 31 19:09:46 witherspoon dropbear[2517]: Failed loading /etc/dropbear/dropbear_ecdsa_host_key
Oct 31 19:09:46 witherspoon dropbear[2517]: Child connection from ::ffff:9.41.165.94:55860
Oct 31 19:09:47 witherspoon systemd[1]: Started SSH Per-Connection Server (9.41.165.94:60584).
Oct 31 19:09:47 witherspoon dropbear[2518]: Failed loading /var/lib/dropbear/dropbear_rsa_host_key
Oct 31 19:09:47 witherspoon dropbear[2518]: Failed loading /etc/dropbear/dropbear_dss_host_key
Oct 31 19:09:47 witherspoon dropbear[2518]: Failed loading /etc/dropbear/dropbear_ecdsa_host_key
Oct 31 19:09:47 witherspoon dropbear[2518]: Child connection from ::ffff:9.41.165.94:60584
Oct 31 19:09:49 witherspoon dropbear[2517]: PAM password auth succeeded for 'root' from ::ffff:9.41.165.94:55860
Oct 31 19:09:51 witherspoon dropbear[2518]: PAM password auth succeeded for 'root' from ::ffff:9.41.165.94:60584
Oct 31 19:10:08 witherspoon dropbear[2517]: Exit (root): Disconnect received
Oct 31 19:10:09 witherspoon dropbear[1464]: Exit (root): Exited normally
Oct 31 19:10:09 witherspoon dropbear[1478]: Exit (root): Exited normally
Oct 31 19:10:10 witherspoon dropbear[2518]: Exit (root): Exited normally
Oct 31 19:10:10 witherspoon dropbear[1471]: Exit (root): Exited normally
Oct 31 19:10:48 witherspoon systemd[1]: Started SSH Per-Connection Server (9.41.165.103:58032).
Oct 31 19:10:48 witherspoon dropbear[2537]: Failed loading /var/lib/dropbear/dropbear_rsa_host_key
Oct 31 19:10:48 witherspoon dropbear[2537]: Failed loading /etc/dropbear/dropbear_dss_host_key
Oct 31 19:10:48 witherspoon dropbear[2537]: Failed loading /etc/dropbear/dropbear_ecdsa_host_key
Oct 31 19:10:48 witherspoon dropbear[2537]: Child connection from ::ffff:9.41.165.103:58032
Oct 31 19:10:49 witherspoon dropbear[2537]: PAM password auth succeeded for 'root' from ::ffff:9.41.165.103:58032
Oct 31 19:10:53 witherspoon phosphor-host-state-manager[1332]: Host State transaction request
Oct 31 19:10:53 witherspoon systemd[1]: Stopped target Start Host0.
Oct 31 19:10:53 witherspoon systemd[1]: Stopped target Host0 (Started).
Oct 31 19:10:53 witherspoon systemd[1]: Stopped target Host0 (Starting).
Oct 31 19:10:53 witherspoon systemd[1]: Stopped target Chassis0 (Reset Check).
Oct 31 19:10:53 witherspoon systemd[1]: Stopped target Chassis0 power on after reset.
Oct 31 19:10:53 witherspoon systemd[1]: Stopped PCIE Slot Presence Detection For Chassis0.
Oct 31 19:10:53 witherspoon systemd[1]: Stopped target Fan Control Ready.
Oct 31 19:10:53 witherspoon systemd[1]: Starting Soft power off of the host...
Oct 31 19:10:53 witherspoon systemd[1]: Stopping Phosphor poweron watchdog...
Oct 31 19:10:53 witherspoon systemd[1]: Starting Assert power_on LED...
Oct 31 19:10:53 witherspoon systemd[1]: Stopped Start host0 SBE.
Oct 31 19:10:53 witherspoon systemd[1]: Stopped target Start Host0 (Pre).
Oct 31 19:10:53 witherspoon systemd[1]: Starting OpenPOWER OCC Active Disable...
Oct 31 19:10:53 witherspoon systemd[1]: Stopped target Chassis0 (Power On).
Oct 31 19:10:53 witherspoon systemd[1]: Stopped Power on bind ir35221 device driver devs.
Oct 31 19:10:53 witherspoon systemd[1]: Stopping Phosphor Fan Presence Tach Daemon...
Oct 31 19:10:53 witherspoon systemd[1]: Stopped Witherspoon Fan Watchdog Reset.
Oct 31 19:10:53 witherspoon systemd[1]: Stopping Phosphor GPIO checkstop monitor...
Oct 31 19:10:53 witherspoon systemd[1]: Stopping Witherspoon Power Sequencer Runtime Monitor...
Oct 31 19:10:53 witherspoon systemd[1]: Stopping Phosphor Fan Monitor Daemon...
Oct 31 19:10:53 witherspoon systemd[1]: Stopping Phosphor Fan Control Daemon...
Oct 31 19:10:53 witherspoon systemd[1]: Stopped Phosphor GPIO checkstop monitor.
Oct 31 19:10:53 witherspoon systemd[1]: Stopped Phosphor poweron watchdog.
Oct 31 19:10:53 witherspoon systemd[1]: Stopped Phosphor Fan Presence Tach Daemon.
Oct 31 19:10:53 witherspoon systemd[1]: Stopped Witherspoon Power Sequencer Runtime Monitor.
Oct 31 19:10:53 witherspoon systemd[1]: Stopped Phosphor Fan Control Daemon.
Oct 31 19:10:53 witherspoon systemd[1]: Stopped Phosphor Fan Monitor Daemon.
Oct 31 19:10:53 witherspoon systemd[1]: Stopped Turn VCS on.
Oct 31 19:10:53 witherspoon systemd[1]: Stopped Run VCS workaround on host0.
Oct 31 19:10:53 witherspoon systemd[1]: Stopped Scan FSI devices.
Oct 31 19:10:53 witherspoon systemd[1]: Stopped target Power0 (On).
Oct 31 19:10:53 witherspoon systemd[1]: Stopped target Power0 On.
Oct 31 19:10:53 witherspoon systemd[1]: Stopped Start Power0.
Oct 31 19:10:53 witherspoon systemd[1]: Stopped target Power0 On (Pre).
Oct 31 19:10:53 witherspoon systemd[1]: Stopped Disable VCS before Witherspoon power on.
Oct 31 19:10:53 witherspoon systemd[1]: Stopped Enable the AVS bus on VRMs.
Oct 31 19:10:53 witherspoon systemd[1]: Stopped Apply voltage overrides to VRMs.
Oct 31 19:10:53 witherspoon systemd[1]: Stopped Disable the AVS bus on the VRMs.
Oct 31 19:10:53 witherspoon systemd[1]: Stopped Perform power workarounds on VRMs.
Oct 31 19:10:53 witherspoon systemd[1]: Stopped Disable UCD VCS rails.
Oct 31 19:10:53 witherspoon systemd[1]: Stopped power on mode unbind ir35221 device driver devs.
Oct 31 19:10:53 witherspoon systemd[1]: Stopped Reload mboxd during power on.
Oct 31 19:10:53 witherspoon systemd[1]: Stopped Assert power_on LED.
Oct 31 19:10:53 witherspoon systemd[1]: Stopped Wait for Power0 to turn on.
Oct 31 19:10:56 witherspoon phosphor-hwmon-readd[2509]: Failed to read from device.
Oct 31 19:10:56 witherspoon systemd[1]: xyz.openbmc_project.Hwmon@gpio\x2dfsi-cfam\x400\x2c0-sbefifo\x402400-occ\x401-occ\x2dhwmon\x401.service: Unit not needed anymore. Stopping.
Oct 31 19:10:56 witherspoon systemd[1]: Stopping Phosphor Hwmon Poller...
Oct 31 19:10:56 witherspoon systemd[1]: Stopped Phosphor Hwmon Poller.
Oct 31 19:10:56 witherspoon kernel: occ-hwmon occ1-dev0: occ bus op failed rc:-125
Oct 31 19:10:56 witherspoon kernel[972]: [  788.890000] occ-hwmon occ1-dev0: occ bus op failed rc:-125
Oct 31 19:10:56 witherspoon systemd[1]: xyz.openbmc_project.Hwmon@gpio\x2dfsi-cfam\x400\x2c0-hub\x403400-cfam\x401\x2c0-sbefifo\x402400-occ\x402-occ\x2dhwmon\x402.service: Unit not needed anymore. Stopping.
Oct 31 19:10:56 witherspoon systemd[1]: Stopping Phosphor Hwmon Poller...
Oct 31 19:10:56 witherspoon systemd[1]: Stopped Phosphor Hwmon Poller.
Oct 31 19:10:56 witherspoon systemd[1]: Started OpenPOWER OCC Active Disable.
Oct 31 19:10:56 witherspoon systemd[1]: Reached target Stop Host0 (Pre).
Oct 31 19:10:56 witherspoon systemd[1]: Starting Power off mode unbind ir35221 device driver devs...
Oct 31 19:10:57 witherspoon systemd[1]: Started Power off mode unbind ir35221 device driver devs.
Oct 31 19:10:57 witherspoon systemd[1]: xyz.openbmc_project.Hwmon@ahb-apb-i2c\x401e78a000-i2c\x2dbus\x40140-ir35221\x4070.service: Unit not needed anymore. Stopping.
Oct 31 19:10:57 witherspoon systemd[1]: xyz.openbmc_project.Hwmon@ahb-apb-i2c\x401e78a000-i2c\x2dbus\x40140-ir35221\x4071.service: Unit not needed anymore. Stopping.
Oct 31 19:10:57 witherspoon systemd[1]: xyz.openbmc_project.Hwmon@ahb-apb-i2c\x401e78a000-i2c\x2dbus\x40180-ir35221\x4070.service: Unit not needed anymore. Stopping.
Oct 31 19:10:57 witherspoon systemd[1]: xyz.openbmc_project.Hwmon@ahb-apb-i2c\x401e78a000-i2c\x2dbus\x40180-ir35221\x4071.service: Unit not needed anymore. Stopping.
Oct 31 19:10:57 witherspoon systemd[1]: Stopping Phosphor Hwmon Poller...
Oct 31 19:10:57 witherspoon systemd[1]: Stopping Phosphor Hwmon Poller...
Oct 31 19:10:57 witherspoon systemd[1]: Stopped Phosphor Hwmon Poller.
Oct 31 19:10:57 witherspoon systemd[1]: Stopped Phosphor Hwmon Poller.
Oct 31 19:10:57 witherspoon systemd[1]: Stopped Phosphor Hwmon Poller.
Oct 31 19:10:57 witherspoon systemd[1]: Stopped Phosphor Hwmon Poller.
Oct 31 19:10:59 witherspoon ipmid[1282]: Pushing cmd on to queue
Oct 31 19:10:59 witherspoon ipmid[1282]: Pushing cmd on to queue
Oct 31 19:10:59 witherspoon ipmid[1282]: Asserting SMS Attention
Oct 31 19:11:09 witherspoon phosphor-ledmanager[984]: Asserting LEDs
Oct 31 19:11:09 witherspoon systemd[1]: Started Assert power_on LED.
Oct 31 19:11:09 witherspoon ipmid[1282]: SMS Attention asserted
Oct 31 19:11:09 witherspoon phosphor-softpoweroff[2541]: Host control signal values
Oct 31 19:11:09 witherspoon phosphor-softpoweroff[2541]: Timer started waiting for host to shutdown
Oct 31 19:11:10 witherspoon kernel: ftgmac100 1e660000.ethernet eth0: no vlan ids left to set
Oct 31 19:11:10 witherspoon kernel: ftgmac100 1e660000.ethernet eth0: NCSI interface up
Oct 31 19:11:10 witherspoon kernel[972]: [  802.810000] ftgmac100 1e660000.ethernet eth0: no vlan ids left to set
Oct 31 19:11:10 witherspoon kernel[972]: [  802.810000] ftgmac100 1e660000.ethernet eth0: NCSI interface up
Oct 31 19:11:12 witherspoon ipmid[1282]: Soft off is running, so let shutdown target stop the host
Oct 31 19:11:12 witherspoon systemd[1]: Started Soft power off of the host.
Oct 31 19:11:12 witherspoon systemd[1]: Reached target Host0 (Stopping).
Oct 31 19:11:12 witherspoon systemd[1]: Reached target Host0 (Stopped).
Oct 31 19:11:12 witherspoon systemd[1]: Reached target Power0 Off (Pre).
Oct 31 19:11:12 witherspoon systemd[1]: Starting Wait for Power0 to turn off...
Oct 31 19:11:13 witherspoon systemd[1]: Started Stop Power0.
Oct 31 19:11:14 witherspoon power_control.exe[1286]: PowerControl: setting power up SOFTWARE_PGOOD to 0
Oct 31 19:11:14 witherspoon power_control.exe[1286]: PowerControl: setting power up BMC_POWER_UP to 0
Oct 31 19:11:14 witherspoon system_manager.py[1188]: Running System State: HOST_POWERING_OFF
Oct 31 19:11:15 witherspoon power_control.exe[1286]: PowerControl: pgood: 0, setting reset BMC_CP0_RESET_N to 0
Oct 31 19:11:15 witherspoon system_manager.py[1188]: Running System State: HOST_POWERED_OFF
Oct 31 19:11:15 witherspoon systemd[1]: Started Wait for Power0 to turn off.
Oct 31 19:11:15 witherspoon systemd[1]: Reached target Power0 Off.
Oct 31 19:11:15 witherspoon systemd[1]: Starting Disable VCS on a power off...
Oct 31 19:11:15 witherspoon systemd[1]: Started Disable VCS on a power off.
Oct 31 19:11:15 witherspoon systemd[1]: Starting Power off mode bind ir35221 device driver devs...
Oct 31 19:11:16 witherspoon systemd[1]: Started Phosphor Hwmon Poller.
Oct 31 19:11:16 witherspoon systemd[1]: Started Phosphor Hwmon Poller.
Oct 31 19:11:16 witherspoon systemd[1]: Started Phosphor Hwmon Poller.
Oct 31 19:11:16 witherspoon systemd[1]: Started Power off mode bind ir35221 device driver devs.
Oct 31 19:11:16 witherspoon systemd[1]: Reached target Chassis0 (Power Off).
Oct 31 19:11:16 witherspoon systemd[1]: Reached target Stop Host0.
Oct 31 19:11:16 witherspoon systemd[1]: Reached target Power0 Host Off.
Oct 31 19:11:17 witherspoon systemd[1]: Started Phosphor Hwmon Poller.
Oct 31 19:11:17 witherspoon phosphor-chassis-state-manager[1285]: Received signal that power OFF is complete
Oct 31 19:11:17 witherspoon phosphor-chassis-state-manager[1285]: Change to Chassis Power State
Oct 31 19:11:17 witherspoon phosphor-host-state-manager[1332]: Received signal that host is off
Oct 31 19:11:17 witherspoon phosphor-host-state-manager[1332]: Change to Host State
Oct 31 19:11:17 witherspoon phosphor-timemanager[1340]: Changing time settings allowed now
Oct 31 19:11:17 witherspoon power_control.exe[1286]: BootProgress: xyz.openbmc_project.State.Boot.Progress.ProgressStages.Unspecified
Oct 31 19:11:21 witherspoon systemd[1]: Started SSH Per-Connection Server (9.41.165.103:58050).
Oct 31 19:11:21 witherspoon dropbear[2629]: Failed loading /var/lib/dropbear/dropbear_rsa_host_key
Oct 31 19:11:21 witherspoon dropbear[2629]: Failed loading /etc/dropbear/dropbear_dss_host_key
Oct 31 19:11:21 witherspoon dropbear[2629]: Failed loading /etc/dropbear/dropbear_ecdsa_host_key
Oct 31 19:11:21 witherspoon dropbear[2629]: Child connection from ::ffff:9.41.165.103:58050
Oct 31 19:11:22 witherspoon dropbear[2629]: PAM password auth succeeded for 'root' from ::ffff:9.41.165.103:58050
Oct 31 19:11:25 witherspoon dropbear[2537]: Exit (root): Exited normally
Oct 31 19:11:25 witherspoon dropbear[2629]: Exit (root): Exited normally
Oct 31 19:12:48 witherspoon systemd[1]: Starting Cleanup of Temporary Directories...
Oct 31 19:12:48 witherspoon systemd[1]: Started SSH Per-Connection Server (9.41.165.94:60616).
Oct 31 19:12:48 witherspoon dropbear[2640]: Failed loading /var/lib/dropbear/dropbear_rsa_host_key
Oct 31 19:12:48 witherspoon dropbear[2640]: Failed loading /etc/dropbear/dropbear_dss_host_key
Oct 31 19:12:48 witherspoon dropbear[2640]: Failed loading /etc/dropbear/dropbear_ecdsa_host_key
Oct 31 19:12:48 witherspoon dropbear[2640]: Child connection from ::ffff:9.41.165.94:60616
Oct 31 19:12:48 witherspoon systemd[1]: Started Cleanup of Temporary Directories.
Oct 31 19:12:49 witherspoon dropbear[2640]: PAM password auth succeeded for 'root' from ::ffff:9.41.165.94:60616
Oct 31 19:13:11 witherspoon phosphor-version-software-manager[1249]: Untaring
Oct 31 19:13:11 witherspoon systemd[1]: Started SSH Per-Connection Server (9.41.165.94:60628).
Oct 31 19:13:11 witherspoon dropbear[2650]: Failed loading /var/lib/dropbear/dropbear_rsa_host_key
Oct 31 19:13:11 witherspoon dropbear[2650]: Failed loading /etc/dropbear/dropbear_dss_host_key
Oct 31 19:13:11 witherspoon dropbear[2650]: Failed loading /etc/dropbear/dropbear_ecdsa_host_key
Oct 31 19:13:11 witherspoon dropbear[2650]: Child connection from ::ffff:9.41.165.94:60628
Oct 31 19:13:12 witherspoon dropbear[2650]: PAM password auth succeeded for 'root' from ::ffff:9.41.165.94:60628
Oct 31 19:13:13 witherspoon systemd[1]: Started SSH Per-Connection Server (9.41.165.94:60630).
Oct 31 19:13:13 witherspoon dropbear[2655]: Failed loading /var/lib/dropbear/dropbear_rsa_host_key
Oct 31 19:13:13 witherspoon dropbear[2655]: Failed loading /etc/dropbear/dropbear_dss_host_key
Oct 31 19:13:13 witherspoon dropbear[2655]: Failed loading /etc/dropbear/dropbear_ecdsa_host_key
Oct 31 19:13:13 witherspoon dropbear[2655]: Child connection from ::ffff:9.41.165.94:60630
Oct 31 19:13:14 witherspoon dropbear[2655]: PAM password auth succeeded for 'root' from ::ffff:9.41.165.94:60630
Oct 31 19:13:15 witherspoon systemd[1]: Started SSH Per-Connection Server (9.41.165.94:60632).
Oct 31 19:13:15 witherspoon dropbear[2662]: Failed loading /var/lib/dropbear/dropbear_rsa_host_key
Oct 31 19:13:15 witherspoon dropbear[2662]: Failed loading /etc/dropbear/dropbear_dss_host_key
Oct 31 19:13:15 witherspoon dropbear[2662]: Failed loading /etc/dropbear/dropbear_ecdsa_host_key
Oct 31 19:13:15 witherspoon dropbear[2662]: Child connection from ::ffff:9.41.165.94:60632
Oct 31 19:13:16 witherspoon dropbear[2662]: PAM password auth succeeded for 'root' from ::ffff:9.41.165.94:60632
Oct 31 19:13:17 witherspoon systemd[1]: Started SSH Per-Connection Server (9.41.165.94:60634).
Oct 31 19:13:17 witherspoon dropbear[2666]: Failed loading /var/lib/dropbear/dropbear_rsa_host_key
Oct 31 19:13:17 witherspoon dropbear[2666]: Failed loading /etc/dropbear/dropbear_dss_host_key
Oct 31 19:13:17 witherspoon dropbear[2666]: Failed loading /etc/dropbear/dropbear_ecdsa_host_key
Oct 31 19:13:17 witherspoon dropbear[2666]: Child connection from ::ffff:9.41.165.94:60634
Oct 31 19:13:17 witherspoon dropbear[2666]: PAM password auth succeeded for 'root' from ::ffff:9.41.165.94:60634
Oct 31 19:13:21 witherspoon systemd[1]: Starting Create BMC read-write ubi volume...
Oct 31 19:13:21 witherspoon systemd[1]: Created slice system-obmc\x2dflash\x2dbmc\x2dubiro.slice.
Oct 31 19:13:21 witherspoon systemd[1]: Starting Store read-only images 7a0199e0 to BMC storage...
Oct 31 19:13:22 witherspoon systemd[1]: Started Create BMC read-write ubi volume.
Oct 31 19:13:22 witherspoon systemd[1]: Started SSH Per-Connection Server (9.41.165.94:60646).
Oct 31 19:13:22 witherspoon dropbear[2684]: Failed loading /var/lib/dropbear/dropbear_rsa_host_key
Oct 31 19:13:22 witherspoon dropbear[2684]: Failed loading /etc/dropbear/dropbear_dss_host_key
Oct 31 19:13:22 witherspoon dropbear[2684]: Failed loading /etc/dropbear/dropbear_ecdsa_host_key
Oct 31 19:13:22 witherspoon dropbear[2684]: Child connection from ::ffff:9.41.165.94:60646
Oct 31 19:13:23 witherspoon dropbear[2684]: PAM password auth succeeded for 'root' from ::ffff:9.41.165.94:60646
Oct 31 19:13:25 witherspoon kernel: block ubiblock0_0: released
Oct 31 19:13:25 witherspoon kernel[972]: [  938.260000] block ubiblock0_0: released
Oct 31 19:14:54 witherspoon obmc-flash-bmc[2692]: Volume ID 0, size 257 LEBs (16809856 bytes, 16.0 MiB), LEB size 65408 bytes (63.9 KiB), static, name "rofs-7a0199e0", alignment 1
Oct 31 19:15:55 witherspoon kernel: block ubiblock0_0: created from ubi0:0(rofs-7a0199e0)
Oct 31 19:15:55 witherspoon kernel[972]: [ 1087.630000] block ubiblock0_0: created from ubi0:0(rofs-7a0199e0)
Oct 31 19:15:56 witherspoon obmc-flash-bmc[2771]: Volume ID 3, size 65 LEBs (4251520 bytes, 4.1 MiB), LEB size 65408 bytes (63.9 KiB), static, name "kernel-7a0199e0", alignment 1
Oct 31 19:16:16 witherspoon obmc-flash-bmc[2771]: Volume ID 1, size 65 LEBs (4251520 bytes, 4.1 MiB), LEB size 65408 bytes (63.9 KiB), static, name "kernel-7a0199e0", alignment 1
Oct 31 19:16:27 witherspoon obmc-flash-bmc[2857]: [130B blob data]
Oct 31 19:16:28 witherspoon obmc-flash-bmc[2857]: [1.9K blob data]
Oct 31 19:16:28 witherspoon obmc-flash-bmc[2857]: [2.0K blob data]
Oct 31 19:16:28 witherspoon systemd[1]: Started Store read-only images 7a0199e0 to BMC storage.
Oct 31 19:16:28 witherspoon obmc-flash-bmc[2857]: [150B blob data]
Oct 31 19:16:29 witherspoon systemd[1]: Created slice system-obmc\x2dflash\x2dbmc\x2dupdateubootvars.slice.
Oct 31 19:16:29 witherspoon systemd[1]: Starting Updates the u-boot variable to point BMC version to 7a0199e0...
Oct 31 19:16:29 witherspoon systemd[1]: Starting Set U-Boot environment variable...
Oct 31 19:16:29 witherspoon systemd[1]: Starting Set U-Boot environment variable...
Oct 31 19:16:29 witherspoon systemd[1]: Starting Set U-Boot environment variable...
Oct 31 19:16:30 witherspoon systemd[1]: Started Set U-Boot environment variable.
Oct 31 19:16:31 witherspoon systemd[1]: Started Set U-Boot environment variable.
Oct 31 19:16:31 witherspoon systemd[1]: Started Set U-Boot environment variable.
Oct 31 19:16:32 witherspoon systemd[1]: Started Updates the u-boot variable to point BMC version to 7a0199e0.
Oct 31 19:16:42 witherspoon systemd[1]: Stopping Phosphor Hwmon Poller...
Oct 31 19:16:42 witherspoon systemd[1]: Removed slice system-avsbus\x2denable.slice.
Oct 31 19:16:42 witherspoon systemd[1]: Stopped Assert bmc_booted LED.
Oct 31 19:16:42 witherspoon systemd[1]: Removed slice system-obmc\x2denable\x2dhost\x2dwatchdog.slice.
Oct 31 19:16:42 witherspoon systemd[1]: Stopped Wait for /xyz/openbmc_project/network/config.
Oct 31 19:16:42 witherspoon systemd[1]: Removed slice system-mapper\x2dsubtree\x2dremove.slice.
Oct 31 19:16:42 witherspoon systemd[1]: Stopping Phosphor sysfs LED controller...
Oct 31 19:16:42 witherspoon systemd[1]: Removed slice system-ir35221\x2don\x2dunbind.slice.
Oct 31 19:16:42 witherspoon systemd[1]: Removed slice system-vcs_on.slice.
Oct 31 19:16:42 witherspoon systemd[1]: Stopping SSH Per-Connection Server (9.41.165.94:60646)...
Oct 31 19:16:42 witherspoon dropbear[2684]: Exit (root): Terminated by signal
Oct 31 19:16:42 witherspoon systemd[1]: Stopping Phosphor sysfs LED controller...
Oct 31 19:16:42 witherspoon dropbear[2666]: Exit (root): Terminated by signal
Oct 31 19:16:42 witherspoon systemd[1]: Removed slice system-fsi\x2dbind.slice.
Oct 31 19:16:43 witherspoon dropbear[2640]: Exit (root): Terminated by signal
Oct 31 19:16:42 witherspoon systemd[1]: Removed slice system-op\x2docc\x2denable.slice.
Oct 31 19:16:43 witherspoon dropbear[2662]: Exit (root): Terminated by signal
Oct 31 19:16:42 witherspoon systemd[1]: Removed slice system-avsbus\x2ddisable.slice.
Oct 31 19:16:43 witherspoon dropbear[2650]: Exit (root): Terminated by signal
Oct 31 19:16:42 witherspoon systemd[1]: Removed slice system-phosphor\x2ddiscover\x2dsystem\x2dstate.slice.
Oct 31 19:16:42 witherspoon systemd[1]: Removed slice system-cfam_override.slice.
Oct 31 19:16:42 witherspoon systemd[1]: Removed slice system-obmc\x2dflash\x2dbmc\x2dubiro.slice.
Oct 31 19:16:42 witherspoon systemd[1]: Stopping Phosphor Hwmon Poller...
Oct 31 19:16:42 witherspoon systemd[1]: Removed slice system-start_host.slice.
Oct 31 19:16:42 witherspoon systemd[1]: Stopping SSH Per-Connection Server (9.41.165.94:60634)...
Oct 31 19:16:42 witherspoon systemd[1]: Removed slice system-op\x2docc\x2ddisable.slice.
Oct 31 19:16:43 witherspoon systemd[1]: Stopping Phosphor sysfs LED controller...
Oct 31 19:16:43 witherspoon systemd[1]: Removed slice system-op\x2dreset\x2dchassis\x2don.slice.
Oct 31 19:16:43 witherspoon systemd[1]: Stopping Phosphor sysfs LED controller...
Oct 31 19:16:43 witherspoon systemd[1]: Stopped Wait for /xyz/openbmc_project/watchdog/host0.
Oct 31 19:16:43 witherspoon systemd[1]: Removed slice system-phosphor\x2dreset\x2dhost\x2drunning.slice.
Oct 31 19:16:43 witherspoon systemd[1]: Stopping Phosphor Hwmon Poller...
Oct 31 19:16:43 witherspoon systemd[1]: Stopping Phosphor sysfs LED controller...
Oct 31 19:16:43 witherspoon systemd[1]: Stopping SSH Per-Connection Server (9.41.165.94:60616)...
Oct 31 19:16:43 witherspoon systemd[1]: Stopping Phosphor Webserver...
Oct 31 19:16:43 witherspoon systemd[1]: Removed slice system-power\x2dworkarounds.slice.
Oct 31 19:16:43 witherspoon systemd[1]: Stopped Wait for /org/openbmc/HostIpmi/1.
Oct 31 19:16:43 witherspoon systemd[1]: Stopped target Stop Host0.
Oct 31 19:16:43 witherspoon systemd[1]: Stopping Phosphor Hwmon Poller...
Oct 31 19:16:43 witherspoon systemd[1]: Removed slice system-vrm\x2dcontrol.slice.
Oct 31 19:16:43 witherspoon systemd[1]: Stopped Phosphor MSL Verification.
Oct 31 19:16:43 witherspoon systemd[1]: Removed slice system-vcs_workaround.slice.
Oct 31 19:16:43 witherspoon systemd[1]: Stopped Wait for /xyz/openbmc_project/control/host0.
Oct 31 19:16:43 witherspoon systemd[1]: Removed slice system-obmc\x2dled\x2dgroup\x2dstart.slice.
Oct 31 19:16:43 witherspoon systemd[1]: Removed slice system-phosphor\x2dgpio\x2dmonitor.slice.
Oct 31 19:16:43 witherspoon systemd[1]: Stopped target System Time Synchronized.
Oct 31 19:16:43 witherspoon systemd[1]: Removed slice system-phosphor\x2dfan\x2dcontrol\x2dinit.slice.
Oct 31 19:16:43 witherspoon systemd[1]: Stopped target Timers.
Oct 31 19:16:43 witherspoon systemd[1]: Stopped Daily Cleanup of Temporary Directories.
Oct 31 19:16:43 witherspoon systemd[1]: Stopping SSH Per-Connection Server (9.41.165.94:60632)...
Oct 31 19:16:43 witherspoon systemd[1]: Stopped target Poweri Off.
Oct 31 19:16:43 witherspoon systemd[1]: Stopping SSH Per-Connection Server (9.41.165.94:60628)...
Oct 31 19:16:43 witherspoon systemd[1]: Removed slice system-op\x2dpower\x2dstart.slice.
Oct 31 19:16:43 witherspoon systemd[1]: Stopping Phosphor Hwmon Poller...
Oct 31 19:16:43 witherspoon systemd[1]: Removed slice system-obmc\x2dsync\x2dinventory\x2ditem.slice.
Oct 31 19:16:43 witherspoon systemd[1]: Removed slice system-phosphor\x2dmax31785\x2dmsl.slice.
Oct 31 19:16:43 witherspoon systemd[1]: Removed slice system-vcs_off.slice.
Oct 31 19:16:43 witherspoon systemd[1]: Removed slice system-getty.slice.
Oct 31 19:16:43 witherspoon systemd[1]: Removed slice system-ir35221\x2don\x2dbind.slice.
Oct 31 19:16:43 witherspoon systemd[1]: Removed slice system-op\x2dreset\x2dchassis\x2drunning.slice.
Oct 31 19:16:43 witherspoon systemd[1]: Stopped target Poweri Off (Pre).
Oct 31 19:16:43 witherspoon systemd[1]: Stopped target Hosti (Stopped).
Oct 31 19:16:44 witherspoon systemd[1]: Stopping Phosphor Hwmon Poller...
Oct 31 19:16:44 witherspoon systemd[1]: Removed slice system-phosphor\x2dreset\x2dhost\x2dcheck.slice.
Oct 31 19:16:44 witherspoon systemd[1]: Stopped Wait for /org/openbmc/control/chassis0.
Oct 31 19:16:44 witherspoon systemd[1]: Removed slice system-phosphor\x2dfan\x2dmonitor\x2dinit.slice.
Oct 31 19:16:44 witherspoon systemd[1]: Removed slice system-mboxd\x2dreload.slice.
Oct 31 19:16:44 witherspoon systemd[1]: Removed slice system-ucd_disable_vcs.slice.
Oct 31 19:16:44 witherspoon systemd[1]: Stopping Phosphor sysfs LED controller...
Oct 31 19:16:44 witherspoon systemd[1]: Removed slice system-pcie\x2dslot\x2ddetect.slice.
Oct 31 19:16:44 witherspoon systemd[1]: Stopped target Hosti (Stopping).
Oct 31 19:16:44 witherspoon systemd[1]: Stopped target Stop Hosti (Pre).
Oct 31 19:16:44 witherspoon systemd[1]: Stopped Wait for /xyz/openbmc_project/led/groups/bmc_booted.
Oct 31 19:16:44 witherspoon systemd[1]: Removed slice system-obmc\x2dflash\x2dbmc\x2dsetenv.slice.
Oct 31 19:16:44 witherspoon systemd[1]: Stopped target Power0 Host Off.
Oct 31 19:16:44 witherspoon systemd[1]: Stopped target Chassis0 (Power Off).
Oct 31 19:16:44 witherspoon systemd[1]: Stopped Power off mode bind ir35221 device driver devs.
Oct 31 19:16:44 witherspoon systemd[1]: Stopped Disable VCS on a power off.
Oct 31 19:16:44 witherspoon systemd[1]: Removed slice system-vcs_off_poweroff.slice.
Oct 31 19:16:44 witherspoon systemd[1]: Stopped Power off mode unbind ir35221 device driver devs.
Oct 31 19:16:44 witherspoon systemd[1]: Removed slice system-ir35221\x2doff\x2dunbind.slice.
Oct 31 19:16:44 witherspoon systemd[1]: Stopped target Power0 Off.
Oct 31 19:16:44 witherspoon systemd[1]: Stopped Stop Power0.
Oct 31 19:16:44 witherspoon systemd[1]: Removed slice system-op\x2dpower\x2dstop.slice.
Oct 31 19:16:44 witherspoon systemd[1]: Stopped Assert power_on LED.
Oct 31 19:16:44 witherspoon systemd[1]: Removed slice system-obmc\x2dled\x2dgroup\x2dstop.slice.
Oct 31 19:16:44 witherspoon systemd[1]: Stopped Wait for /xyz/openbmc_project/state/chassis0.
Oct 31 19:16:44 witherspoon systemd[1]: Stopped Wait for Power0 to turn off.
Oct 31 19:16:44 witherspoon systemd[1]: Removed slice system-op\x2dwait\x2dpower\x2doff.slice.
Oct 31 19:16:44 witherspoon systemd[1]: Stopped target Power0 Off (Pre).
Oct 31 19:16:44 witherspoon systemd[1]: Stopped target Host0 (Stopped).
Oct 31 19:16:44 witherspoon systemd[1]: Stopped target Host0 (Stopping).
Oct 31 19:16:44 witherspoon systemd[1]: Stopped target Stop Host0 (Pre).
Oct 31 19:16:44 witherspoon systemd[1]: Stopped target Phosphor System - Standby.
Oct 31 19:16:44 witherspoon phosphor-bmc-state-manager[1284]: BMC_READY
Oct 31 19:16:44 witherspoon phosphor-bmc-state-manager[1284]: Setting the BMCState field
Oct 31 19:16:44 witherspoon systemd[1]: Stopping Phosphor GPIO 1 Presence...
Oct 31 19:16:44 witherspoon systemd[1]: Stopping Phosphor Settings Daemon...
Oct 31 19:16:45 witherspoon systemd[1]: Stopping OpenPOWER OCC controller...
Oct 31 19:16:45 witherspoon systemd[1]: Stopping Phosphor Power Button0...
Oct 31 19:16:45 witherspoon systemd[1]: Stopping Phoshpor System Manager...
Oct 31 19:16:45 witherspoon systemd[1]: Stopped target Multi-User System.
Oct 31 19:16:45 witherspoon systemd[1]: Stopping System Logging Service...
Oct 31 19:16:45 witherspoon systemd[1]: Stopping Hardware RNG Entropy Gatherer Daemon...
Oct 31 19:16:45 witherspoon kernel[972]: klogd: exiting
Oct 31 19:16:45 witherspoon systemd[1]: Stopping Kernel Logging Service...
Oct 31 19:16:45 witherspoon systemd[1]: Stopped target Login Prompts.
Oct 31 19:16:45 witherspoon systemd[1]: Stopping Serial Getty on ttyS4...
Oct 31 19:16:45 witherspoon systemd[1]: Stopping Phosphor Chassis State Manager...
Oct 31 19:16:45 witherspoon systemd[1]: Stopping Phosphor Reset Button0...
Oct 31 19:16:46 witherspoon systemd[1]: Stopping Phosphor DBus Monitor...
Oct 31 19:16:46 witherspoon systemd[1]: Stopping Phosphor Network Manager...
Oct 31 19:16:46 witherspoon systemd[1]: Stopping Phosphor Sensor Manager...
Oct 31 19:16:46 witherspoon systemd[1]: Stopping Phosphor Network Manager...
Oct 31 19:16:46 witherspoon systemd[1]: Stopping Phosphor Power0 Control...
Oct 31 19:16:46 witherspoon systemd[1]: Stopping Lightweight SLP Server...
Oct 31 19:16:46 witherspoon systemd[1]: Stopping Phosphor GPIO 0 Presence...
Oct 31 19:16:46 witherspoon systemd[1]: Stopping Phosphor Log Manager...
Oct 31 19:16:46 witherspoon systemd[1]: Stopping Phosphor Download Manager...
Oct 31 19:16:46 witherspoon systemd[1]: Stopping Phosphor MBOX Daemon...
Oct 31 19:16:46 witherspoon systemd[1]: Stopping Witherspoon Power Supply 0 Monitor...
Oct 31 19:16:46 witherspoon systemd[1]: Stopping Phosphor Version Software Manager...
Oct 31 19:16:46 witherspoon systemd[1]: Stopping Phosphor Inventory Manager...
Oct 31 19:16:46 witherspoon systemd[1]: Stopping Phosphor IPMI BT DBus Bridge...
Oct 31 19:16:46 witherspoon systemd[1]: Stopping Phosphor Inband IPMI...
Oct 31 19:16:46 witherspoon systemd[1]: Stopping Phosphor Host State Manager...
Oct 31 19:16:46 witherspoon systemd[1]: Stopping Phosphor Dump core monitor....
Oct 31 19:16:46 witherspoon systemd[1]: Stopping Phosphor User Manager...
Oct 31 19:16:46 witherspoon systemd[1]: Stopping Phosphor BMC0 Control...
Oct 31 19:16:46 witherspoon systemd[1]: Removed slice system-phosphor\x2dfan\x2dmonitor.slice.
Oct 31 19:16:46 witherspoon systemd[1]: Stopping Phosphor sysfs LED controller...
Oct 31 19:16:46 witherspoon systemd[1]: Stopping Phosphor Hwmon Poller...
Oct 31 19:16:46 witherspoon dropbear[2655]: Exit (root): Terminated by signal
Oct 31 19:16:46 witherspoon systemd[1]: Stopping SSH Per-Connection Server (9.41.165.94:60630)...
Oct 31 19:16:46 witherspoon systemd[1]: Removed slice system-fsi\x2dscan.slice.
Oct 31 19:16:47 witherspoon systemd[1]: Removed slice system-obmc\x2dflash\x2dbmc\x2dupdateubootvars.slice.
Oct 31 19:16:47 witherspoon systemd[1]: Removed slice system-obmc\x2dconsole\x2dssh.slice.
Oct 31 19:16:47 witherspoon avahi-daemon[990]: Got SIGTERM, quitting.
Oct 31 19:16:47 witherspoon systemd[1]: Stopping Phosphor sysfs LED controller...
Oct 31 19:16:47 witherspoon avahi-daemon[990]: Leaving mDNS multicast group on interface eth0.IPv6 with address fe80::72e2:84ff:fe14:23e1.
Oct 31 19:16:47 witherspoon systemd[1]: Stopping Avahi mDNS/DNS-SD Stack...
Oct 31 19:16:47 witherspoon avahi-daemon[990]: Leaving mDNS multicast group on interface eth0.IPv4 with address 9.3.86.161.
Oct 31 19:16:47 witherspoon systemd[1]: Removed slice system-op\x2dwait\x2dpower\x2don.slice.
Oct 31 19:16:47 witherspoon systemd[1]: Stopping Phosphor Time Manager daemon...
Oct 31 19:16:47 witherspoon systemd[1]: Stopping Phosphor Download Manager...
Oct 31 19:16:47 witherspoon systemd[1]: Stopping Phosphor Hwmon Poller...
Oct 31 19:16:47 witherspoon systemd[1]: Removed slice system-phosphor\x2dfan\x2dcontrol.slice.
Oct 31 19:16:47 witherspoon systemd[1]: Stopping Phosphor Console Muxer listening on device /dev/ttyVUART0...
Oct 31 19:16:47 witherspoon systemd[1]: Stopping Phosphor Chassis0 Control...
Oct 31 19:16:47 witherspoon systemd[1]: Stopping Phosphor BMC Code Update...
Oct 31 19:16:47 witherspoon systemd[1]: Removed slice system-phosphor\x2dfan\x2dpresence\x2dtach.slice.
Oct 31 19:16:47 witherspoon systemd[1]: Stopping Phosphor sysfs LED controller...
Oct 31 19:16:47 witherspoon systemd[1]: Stopping Phosphor Dump Manager...
Oct 31 19:16:47 witherspoon systemd[1]: Stopping Phosphor sysfs LED controller...
Oct 31 19:16:47 witherspoon systemd[1]: Stopped target Containers.
Oct 31 19:16:47 witherspoon systemd[1]: Removed slice system-phosphor\x2dwatchdog.slice.
Oct 31 19:16:47 witherspoon systemd[1]: Stopping Phosphor BMC State Manager...
Oct 31 19:16:47 witherspoon systemd[1]: Removed slice system-phosphor\x2dcooling\x2dtype.slice.
Oct 31 19:16:47 witherspoon systemd[1]: witherspoon-fan-watchdog.service: Killing process 1506 (watchdog) with signal SIGKILL.
Oct 31 19:16:47 witherspoon systemd[1]: Stopping Witherspoon Fan Watchdog Daemon...
Oct 31 19:16:47 witherspoon systemd[1]: Removed slice system-ir35221\x2doff\x2dbind.slice.
Oct 31 19:16:48 witherspoon kernel: watchdog: watchdog0: watchdog did not stop!
Oct 31 19:16:48 witherspoon systemd[1]: Stopped Wait for /xyz/openbmc_project/led/groups/power_on.
Oct 31 19:16:48 witherspoon avahi-daemon[990]: avahi-daemon 0.6.32 exiting.
Oct 31 19:16:48 witherspoon systemd[1]: Stopping FRU Fault monitor service...
Oct 31 19:16:48 witherspoon systemd[1]: Stopping Witherspoon Power Supply 1 Monitor...
Oct 31 19:16:51 witherspoon systemd[1]: Stopped Phosphor sysfs LED controller.
Oct 31 19:16:51 witherspoon systemd[1]: Stopped Phosphor Settings Daemon.
Oct 31 19:16:51 witherspoon systemd[1]: Stopped System Logging Service.
Oct 31 19:16:51 witherspoon systemd[1]: Stopped Phosphor Sensor Manager.
Oct 31 19:16:51 witherspoon systemd[1]: Stopped Phosphor Log Manager.
Oct 31 19:16:51 witherspoon systemd[1]: Stopped Kernel Logging Service.
Oct 31 19:16:51 witherspoon systemd[1]: Stopped Phosphor sysfs LED controller.
Oct 31 19:16:52 witherspoon systemd[1]: Stopped Phosphor BMC0 Control.
Oct 31 19:16:52 witherspoon systemd[1]: Stopped Phosphor User Manager.
Oct 31 19:16:52 witherspoon systemd[1]: Stopped Phosphor Download Manager.
Oct 31 19:16:52 witherspoon systemd[1]: Stopped Phosphor sysfs LED controller.
Oct 31 19:16:52 witherspoon systemd[1]: Stopped Phosphor Dump core monitor..
Oct 31 19:16:52 witherspoon systemd[1]: Stopped Phosphor sysfs LED controller.
Oct 31 19:16:52 witherspoon systemd[1]: Stopped Phosphor sysfs LED controller.
Oct 31 19:16:52 witherspoon systemd[1]: Stopped Phosphor sysfs LED controller.
Oct 31 19:16:52 witherspoon systemd[1]: Stopped Phosphor Chassis0 Control.
Oct 31 19:16:52 witherspoon systemd[1]: Stopped Avahi mDNS/DNS-SD Stack.
Oct 31 19:16:52 witherspoon systemd[1]: Stopped Phosphor Network Manager.
Oct 31 19:16:52 witherspoon systemd[1]: Stopped Phosphor IPMI BT DBus Bridge.
Oct 31 19:16:52 witherspoon systemd[1]: Stopped Phosphor Console Muxer listening on device /dev/ttyVUART0.
Oct 31 19:16:52 witherspoon systemd[1]: Stopped Hardware RNG Entropy Gatherer Daemon.
Oct 31 19:16:52 witherspoon systemd[1]: Stopped Phosphor Inventory Manager.
Oct 31 19:16:52 witherspoon systemd[1]: Stopped Phosphor sysfs LED controller.
Oct 31 19:16:52 witherspoon systemd[1]: Stopped Phosphor Download Manager.
Oct 31 19:16:52 witherspoon systemd[1]: Stopped Phosphor sysfs LED controller.
Oct 31 19:16:52 witherspoon systemd[1]: Stopped Phosphor sysfs LED controller.
Oct 31 19:16:52 witherspoon systemd[1]: Stopped Phosphor sysfs LED controller.
Oct 31 19:16:52 witherspoon systemd[1]: Stopped Phosphor Dump Manager.
Oct 31 19:16:52 witherspoon systemd[1]: Stopped Lightweight SLP Server.
Oct 31 19:16:52 witherspoon systemd[1]: Stopped Serial Getty on ttyS4.
Oct 31 19:16:53 witherspoon systemd[1]: Stopped Phosphor Hwmon Poller.
Oct 31 19:16:53 witherspoon systemd[1]: Stopped Phosphor Hwmon Poller.
Oct 31 19:16:53 witherspoon systemd[1]: Stopped Phosphor Hwmon Poller.
Oct 31 19:16:53 witherspoon systemd[1]: Stopped Phosphor Hwmon Poller.
Oct 31 19:16:53 witherspoon systemd[1]: Stopped Phosphor Network Manager.
Oct 31 19:16:53 witherspoon systemd[1]: Stopped Phosphor DBus Monitor.
Oct 31 19:16:53 witherspoon systemd[1]: Stopped Phoshpor System Manager.
Oct 31 19:16:53 witherspoon systemd[1]: Stopped Phosphor Webserver.
Oct 31 19:16:53 witherspoon systemd[1]: Stopped FRU Fault monitor service.
Oct 31 19:16:53 witherspoon systemd[1]: Stopped Phosphor BMC Code Update.
Oct 31 19:16:53 witherspoon systemd[1]: Stopped OpenPOWER OCC controller.
Oct 31 19:16:53 witherspoon systemd[1]: Stopped Phosphor GPIO 1 Presence.
Oct 31 19:16:53 witherspoon systemd[1]: Stopped Phosphor GPIO 0 Presence.
Oct 31 19:16:53 witherspoon systemd[1]: Stopped Phosphor Version Software Manager.
Oct 31 19:16:53 witherspoon systemd[1]: Stopped Phosphor MBOX Daemon.
Oct 31 19:16:53 witherspoon systemd[1]: Stopped Phosphor Inband IPMI.
Oct 31 19:16:53 witherspoon systemd[1]: Stopped Phosphor BMC State Manager.
Oct 31 19:16:53 witherspoon systemd[1]: Stopped Phosphor Chassis State Manager.
Oct 31 19:16:53 witherspoon systemd[1]: Stopped Phosphor Power0 Control.
Oct 31 19:16:53 witherspoon systemd[1]: Stopped Phosphor Reset Button0.
Oct 31 19:16:53 witherspoon systemd[1]: Stopped Phosphor Power Button0.
Oct 31 19:16:53 witherspoon systemd[1]: Stopped Witherspoon Power Supply 0 Monitor.
Oct 31 19:16:53 witherspoon systemd[1]: Stopped Witherspoon Power Supply 1 Monitor.
Oct 31 19:16:53 witherspoon systemd[1]: Stopped Phosphor Host State Manager.
Oct 31 19:16:53 witherspoon systemd[1]: Stopped Phosphor Time Manager daemon.
Oct 31 19:16:53 witherspoon systemd[1]: witherspoon-fan-watchdog.service: Main process exited, code=killed, status=9/KILL
Oct 31 19:16:53 witherspoon systemd[1]: Stopped Witherspoon Fan Watchdog Daemon.
Oct 31 19:16:53 witherspoon systemd[1]: witherspoon-fan-watchdog.service: Unit entered failed state.
Oct 31 19:16:53 witherspoon systemd[1]: witherspoon-fan-watchdog.service: Failed with result 'signal'.
Oct 31 19:16:53 witherspoon systemd[1]: Stopped Phosphor Hwmon Poller.
Oct 31 19:16:53 witherspoon systemd[1]: Stopped Phosphor Hwmon Poller.
Oct 31 19:16:53 witherspoon systemd[1]: Stopped Phosphor Hwmon Poller.
Oct 31 19:16:53 witherspoon systemd[1]: Stopped Phosphor Hwmon Poller.
Oct 31 19:16:53 witherspoon systemd[1]: Stopped SSH Per-Connection Server (9.41.165.94:60616).
Oct 31 19:16:53 witherspoon systemd[1]: Stopped SSH Per-Connection Server (9.41.165.94:60628).
Oct 31 19:16:53 witherspoon systemd[1]: Stopped SSH Per-Connection Server (9.41.165.94:60630).
Oct 31 19:16:53 witherspoon systemd[1]: Stopped SSH Per-Connection Server (9.41.165.94:60632).
Oct 31 19:16:53 witherspoon systemd[1]: Stopped SSH Per-Connection Server (9.41.165.94:60634).
Oct 31 19:16:53 witherspoon systemd[1]: Stopped SSH Per-Connection Server (9.41.165.94:60646).
Oct 31 19:16:55 witherspoon systemd[1]: Removed slice system-dropbear.slice.
Oct 31 19:16:55 witherspoon systemd[1]: Stopped Wait for /xyz/openbmc_project/time/owner.
Oct 31 19:16:55 witherspoon systemd[1]: Stopped Wait for /xyz/openbmc_project/time/sync_method.
Oct 31 19:16:55 witherspoon systemd[1]: Stopped Wait for /xyz/openbmc_project/state/host0.
Oct 31 19:16:55 witherspoon systemd[1]: Stopped Wait for /xyz/openbmc_project/control/host0/auto_reboot.
Oct 31 19:16:55 witherspoon systemd[1]: Stopped Wait for /xyz/openbmc_project/inventory/system/chassis/power_supply1.
Oct 31 19:16:55 witherspoon systemd[1]: Stopped Wait for /org/openbmc/control/power0.
Oct 31 19:16:55 witherspoon systemd[1]: Stopped Wait for /xyz/openbmc_project/inventory/system/chassis/power_supply0.
Oct 31 19:16:55 witherspoon systemd[1]: Removed slice system-witherspoon\x2dpower\x2dsupply\x2dmonitor.slice.
Oct 31 19:16:55 witherspoon systemd[1]: Removed slice system-org.openbmc.buttons.Power.slice.
Oct 31 19:16:55 witherspoon systemd[1]: Removed slice system-org.openbmc.buttons.reset.slice.
Oct 31 19:16:55 witherspoon systemd[1]: Removed slice system-org.openbmc.control.Power.slice.
Oct 31 19:16:55 witherspoon systemd[1]: Stopped Wait for /org/openbmc/managers/System.
Oct 31 19:16:55 witherspoon systemd[1]: Stopped Wait for /xyz/openbmc_project/control/host0/boot.
Oct 31 19:16:55 witherspoon systemd[1]: Stopped Wait for /xyz/openbmc_project/control/host0/power_restore_policy.
Oct 31 19:16:55 witherspoon systemd[1]: Stopped Clear one time boot overrides.
Oct 31 19:16:55 witherspoon systemd[1]: Stopped Wait for /xyz/openbmc_project/control/host0/boot/one_time.
Oct 31 19:16:55 witherspoon systemd[1]: Stopped Wait for /xyz/openbmc_project/control/host0/restriction_mode.
Oct 31 19:16:56 witherspoon systemd[1]: Stopped Wait for /org/openbmc/settings/host0.
Oct 31 19:16:56 witherspoon systemd[1]: Stopping Phosphor Settings Manager...
Oct 31 19:16:56 witherspoon systemd[1]: Stopped Check PNOR UBI format.
Oct 31 19:16:56 witherspoon systemd[1]: Stopping OpenBMC Software Update Manager...
Oct 31 19:16:56 witherspoon systemd[1]: Stopping OpenPower Software Update Manager...
Oct 31 19:16:56 witherspoon systemd[1]: Removed slice system-phosphor\x2dgpio\x2dpresence.slice.
Oct 31 19:16:56 witherspoon systemd[1]: Stopped Wait for /xyz/openbmc_project/inventory.
Oct 31 19:16:56 witherspoon systemd[1]: Stopping Phosphor Inventory Manager...
Oct 31 19:16:56 witherspoon systemd[1]: Stopped Wait for /org/openbmc/control/bmc0.
Oct 31 19:16:56 witherspoon systemd[1]: Stopped Wait for /org/openbmc/managers/Download.
Oct 31 19:16:56 witherspoon systemd[1]: Stopped Wait for /xyz/openbmc_project/led/groups.
Oct 31 19:16:56 witherspoon systemd[1]: Stopping Phosphor LED Group Management Daemon...
Oct 31 19:16:56 witherspoon systemd[1]: Removed slice system-mapper\x2dwait.slice.
Oct 31 19:16:56 witherspoon systemd[1]: Stopped target Webserver (pre).
Oct 31 19:16:56 witherspoon systemd[1]: Removed slice system-xyz.openbmc_project.Hwmon.slice.
Oct 31 19:16:56 witherspoon systemd[1]: Removed slice system-serial\x2dgetty.slice.
Oct 31 19:16:56 witherspoon systemd[1]: Stopping Permit User Sessions...
Oct 31 19:16:56 witherspoon systemd[1]: Removed slice system-obmc\x2dconsole.slice.
Oct 31 19:16:56 witherspoon systemd[1]: Removed slice system-org.openbmc.control.Chassis.slice.
Oct 31 19:16:57 witherspoon systemd[1]: Removed slice system-org.openbmc.control.Bmc.slice.
Oct 31 19:16:57 witherspoon systemd[1]: Removed slice system-xyz.openbmc_project.led.controller.slice.
Oct 31 19:16:57 witherspoon systemd[1]: Stopped Phosphor Inventory Manager.
Oct 31 19:16:57 witherspoon systemd[1]: Stopped Phosphor LED Group Management Daemon.
Oct 31 19:16:57 witherspoon systemd[1]: Stopped OpenPower Software Update Manager.
Oct 31 19:16:58 witherspoon systemd[1]: Stopped OpenBMC Software Update Manager.
Oct 31 19:16:58 witherspoon systemd[1]: Stopped Phosphor Settings Manager.
Oct 31 19:16:58 witherspoon systemd[1]: Stopped Permit User Sessions.
Oct 31 19:16:58 witherspoon systemd[1]: Stopped target Remote File Systems.
Oct 31 19:16:58 witherspoon systemd[1]: Stopped target Network.
Oct 31 19:16:58 witherspoon systemd[1]: Stopping Network Service...
Oct 31 19:16:58 witherspoon systemd[1]: Stopped target Phosphor Object Mapper.
Oct 31 19:16:58 witherspoon systemd-timesyncd[964]: Network configuration changed, trying to establish connection.
Oct 31 19:16:58 witherspoon systemd[1]: Stopping Phosphor DBus Service Discovery Manager...
Oct 31 19:16:58 witherspoon systemd[1]: Stopped Phosphor DBus Service Discovery Manager.
Oct 31 19:16:58 witherspoon systemd[1]: Stopped Network Service.
Oct 31 19:16:58 witherspoon systemd[1]: Stopping D-Bus System Message Bus...
Oct 31 19:16:58 witherspoon systemd[1]: Stopped D-Bus System Message Bus.
Oct 31 19:16:58 witherspoon systemd[1]: Stopped target Basic System.
Oct 31 19:16:58 witherspoon systemd[1]: Stopped target Sockets.
Oct 31 19:16:58 witherspoon systemd[1]: Closed Syslog Socket.
Oct 31 19:16:58 witherspoon systemd[1]: Closed Phosphor DBUS Browser socket.
Oct 31 19:16:58 witherspoon systemd[1]: Closed phosphor-ipmi-net.socket.
Oct 31 19:16:58 witherspoon systemd[1]: Closed Phosphor Host Console SSH Per-Connection socket.
Oct 31 19:16:58 witherspoon systemd[1]: Closed dropbear.socket.
Oct 31 19:16:58 witherspoon systemd[1]: Closed Avahi mDNS/DNS-SD Stack Activation Socket.
Oct 31 19:16:58 witherspoon systemd[1]: Closed Phosphor Webserver socket.
Oct 31 19:16:58 witherspoon systemd[1]: Stopped target Paths.
Oct 31 19:16:58 witherspoon systemd[1]: Stopped Forward Password Requests to Wall Directory Watch.
Oct 31 19:16:59 witherspoon systemd[1]: Stopped Dispatch Password Requests to Console Directory Watch.
Oct 31 19:16:59 witherspoon systemd[1]: Stopped target Slices.
Oct 31 19:16:59 witherspoon systemd[1]: Closed D-Bus System Message Bus Socket.
Oct 31 19:16:59 witherspoon systemd[1]: Stopped target System Initialization.
Oct 31 19:16:59 witherspoon systemd[1]: Stopping Load/Save Random Seed...
Oct 31 19:16:59 witherspoon systemd[1]: Stopped Apply Kernel Variables.
Oct 31 19:16:59 witherspoon systemd[1]: Stopping Network Time Synchronization...
Oct 31 19:16:59 witherspoon systemd[1]: Stopped Network Time Synchronization.
Oct 31 19:16:59 witherspoon systemd[1]: Stopped Load/Save Random Seed.
Oct 31 19:16:59 witherspoon systemd[1]: Stopped Create Volatile Files and Directories.
Oct 31 19:16:59 witherspoon systemd[1]: Stopped Flush Journal to Persistent Storage.
Oct 31 19:16:59 witherspoon systemd[1]: Stopped target Local File Systems.
Oct 31 19:16:59 witherspoon systemd[1]: Unmounting /media/pnor-rw-7a9ef57c...
Oct 31 19:16:59 witherspoon kernel: UBIFS (ubi8:5): un-mount UBI device 8
Oct 31 19:16:59 witherspoon kernel: UBIFS (ubi8:5): background thread "ubifs_bgt8_5" stops
Oct 31 19:16:59 witherspoon systemd[1]: Unmounting /media/pnor-rw-8764baa3...
Oct 31 19:16:59 witherspoon systemd[1]: Unmounting /media/pnor-ro-7a9ef57c...
Oct 31 19:16:59 witherspoon systemd[1]: Unmounting /media/pnor-ro-8764baa3...
Oct 31 19:16:59 witherspoon systemd[1]: Unmounting /etc/machine-id...
Oct 31 19:16:59 witherspoon kernel: UBIFS (ubi8:3): un-mount UBI device 8
Oct 31 19:16:59 witherspoon kernel: UBIFS (ubi8:3): background thread "ubifs_bgt8_3" stops
Oct 31 19:16:59 witherspoon systemd[1]: Unmounting /usr/local/share/pnor...
Oct 31 19:16:59 witherspoon systemd[1]: Unmounting /media/rofs-28496194...
Oct 31 19:16:59 witherspoon systemd[1]: Unmounting /home...
Oct 31 19:16:59 witherspoon systemd[1]: Unmounting /var/volatile...
Oct 31 19:16:59 witherspoon systemd[1]: Unmounting /media/pnor-prsv...
Oct 31 19:17:00 witherspoon systemd[1]: Unmounting Temporary Directory...
Oct 31 19:17:00 witherspoon kernel: UBIFS (ubi8:4): un-mount UBI device 8
Oct 31 19:17:00 witherspoon kernel: UBIFS (ubi8:4): background thread "ubifs_bgt8_4" stops
Oct 31 19:17:00 witherspoon kernel: UBIFS (ubi8:2): un-mount UBI device 8
Oct 31 19:17:00 witherspoon kernel: UBIFS (ubi8:2): background thread "ubifs_bgt8_2" stops
Oct 31 19:17:00 witherspoon systemd[1]: Unmounted /media/pnor-rw-7a9ef57c.
Oct 31 19:17:00 witherspoon systemd[1]: Unmounted /media/pnor-rw-8764baa3.
Oct 31 19:17:00 witherspoon systemd[1]: Unmounted /media/pnor-ro-7a9ef57c.
Oct 31 19:17:00 witherspoon systemd[1]: Unmounted /media/pnor-ro-8764baa3.
Oct 31 19:17:00 witherspoon systemd[1]: etc-machine\x2did.mount: Mount process exited, code=exited status=1
Oct 31 19:17:00 witherspoon systemd[1]: Failed unmounting /etc/machine-id.
Oct 31 19:17:00 witherspoon systemd[1]: Unmounted /usr/local/share/pnor.
Oct 31 19:17:00 witherspoon systemd[1]: Unmounted /media/rofs-28496194.
Oct 31 19:17:00 witherspoon systemd[1]: home.mount: Mount process exited, code=exited status=1
Oct 31 19:17:00 witherspoon systemd[1]: Failed unmounting /home.
Oct 31 19:17:00 witherspoon systemd[1]: Unmounted /var/volatile.
Oct 31 19:17:00 witherspoon systemd[1]: Unmounted /media/pnor-prsv.
Oct 31 19:17:00 witherspoon systemd[1]: Unmounted Temporary Directory.
Oct 31 19:17:00 witherspoon systemd[1]: Stopped target Swap.
Oct 31 19:17:00 witherspoon systemd[1]: Unmounting /var...
Oct 31 19:17:01 witherspoon systemd[1]: Unmounting /usr/local...
Oct 31 19:17:01 witherspoon systemd[1]: Unmounting /etc...
Oct 31 19:17:01 witherspoon systemd[1]: Unmounting /media...
Oct 31 19:17:01 witherspoon systemd[1]: var.mount: Mount process exited, code=exited status=1
Oct 31 19:17:01 witherspoon systemd[1]: Failed unmounting /var.
Oct 31 19:17:01 witherspoon systemd[1]: Unmounted /usr/local.
Oct 31 19:17:01 witherspoon systemd[1]: Unmounted /etc.
Oct 31 19:17:01 witherspoon systemd[1]: Unmounted /media.
Oct 31 19:17:01 witherspoon systemd[1]: Reached target Unmount All Filesystems.
Oct 31 19:17:01 witherspoon systemd[1]: Stopped target Local File Systems (Pre).
Oct 31 19:17:01 witherspoon systemd[1]: Stopped Create Static Device Nodes in /dev.
Oct 31 19:17:01 witherspoon systemd[1]: Stopped Remount Root and Kernel File Systems.
Oct 31 19:17:01 witherspoon systemd[1]: Reached target Shutdown.
Oct 31 19:17:01 witherspoon systemd[1]: Reached target Final Step.
Oct 31 19:17:01 witherspoon systemd[1]: Starting Reboot...
Oct 31 19:17:01 witherspoon systemd[1]: Shutting down.
Oct 31 19:17:02 witherspoon systemd[1]: Hardware watchdog 'aspeed_wdt', version 0
Oct 31 19:17:02 witherspoon systemd[1]: Set hardware watchdog to 10min.
Oct 31 19:17:02 witherspoon kernel: watchdog: watchdog0: watchdog did not stop!
Oct 31 19:17:02 witherspoon kernel: systemd-shutdow: 61 output lines suppressed due to ratelimiting
Oct 31 19:17:03 witherspoon systemd-journald[957]: Journal stopped
-- Reboot --
Oct 31 19:17:38 witherspoon systemd-journald[951]: Time spent on flushing to /var is 7.309ms for 0 entries.
Oct 31 19:17:38 witherspoon systemd-journald[951]: Missed 9 kernel messages
Oct 31 19:17:38 witherspoon kernel:   Normal zone: 992 pages used for memmap
Oct 31 19:17:38 witherspoon kernel:   Normal zone: 0 pages reserved
Oct 31 19:17:38 witherspoon kernel:   Normal zone: 110592 pages, LIFO batch:31
Oct 31 19:17:38 witherspoon kernel: pcpu-alloc: s0 r0 d32768 u32768 alloc=1*32768
Oct 31 19:17:38 witherspoon kernel: pcpu-alloc: [0] 0 
Oct 31 19:17:38 witherspoon kernel: Built 1 zonelists in Zone order, mobility grouping on.  Total pages: 109600
Oct 31 19:17:38 witherspoon kernel: Kernel command line: console=ttyS4,115200n8 ubi.mtd=obmc-ubi,0,0,0 ubi.mtd=alt-obmc-ubi,0,0,4 ro rootfstype=squashfs ubi.block=0,0 root=/dev/ubiblock0_0
Oct 31 19:17:38 witherspoon kernel: PID hash table entries: 2048 (order: 1, 8192 bytes)
Oct 31 19:17:38 witherspoon kernel: Dentry cache hash table entries: 65536 (order: 6, 262144 bytes)
Oct 31 19:17:38 witherspoon kernel: Inode-cache hash table entries: 32768 (order: 5, 131072 bytes)
Oct 31 19:17:38 witherspoon kernel: Memory: 431968K/442368K available (4078K kernel code, 282K rwdata, 1188K rodata, 284K init, 111K bss, 10400K reserved, 0K cma-reserved)
Oct 31 19:17:38 witherspoon kernel: Virtual kernel memory layout:
                                        vector  : 0xffff0000 - 0xffff1000   (   4 kB)
                                        fixmap  : 0xffc00000 - 0xfff00000   (3072 kB)
                                        vmalloc : 0x9f800000 - 0xff800000   (1536 MB)
                                        lowmem  : 0x80000000 - 0x9f000000   ( 496 MB)
                                          .text : 0x80008000 - 0x80403d70   (4080 kB)
                                          .init : 0x80587000 - 0x805ce000   ( 284 kB)
                                          .data : 0x805ce000 - 0x80614800   ( 282 kB)
                                           .bss : 0x80614800 - 0x80630698   ( 112 kB)
Oct 31 19:17:38 witherspoon kernel: NR_IRQS:16 nr_irqs:16 16
Oct 31 19:17:38 witherspoon kernel: i2c controller registered, irq 16
Oct 31 19:17:38 witherspoon kernel: clocksource: moxart_timer: mask: 0xffffffff max_cycles: 0xffffffff, max_idle_ns: 77222644334 ns
Oct 31 19:17:38 witherspoon kernel: sched_clock: 32 bits at 100 Hz, resolution 10000000ns, wraps every 21474836475000000ns
Oct 31 19:17:38 witherspoon kernel: Calibrating delay loop... 789.70 BogoMIPS (lpj=3948544)
Oct 31 19:17:38 witherspoon kernel: pid_max: default: 32768 minimum: 301
Oct 31 19:17:38 witherspoon kernel: Mount-cache hash table entries: 1024 (order: 0, 4096 bytes)
Oct 31 19:17:38 witherspoon kernel: Mountpoint-cache hash table entries: 1024 (order: 0, 4096 bytes)
Oct 31 19:17:38 witherspoon kernel: CPU: Testing write buffer coherency: ok
Oct 31 19:17:38 witherspoon kernel: ftrace: allocating 14998 entries in 44 pages
Oct 31 19:17:38 witherspoon kernel: Setting up static identity map for 0x80008200 - 0x8000825c
Oct 31 19:17:38 witherspoon kernel: devtmpfs: initialized
Oct 31 19:17:38 witherspoon kernel: clocksource: jiffies: mask: 0xffffffff max_cycles: 0xffffffff, max_idle_ns: 19112604462750000 ns
Oct 31 19:17:38 witherspoon kernel: futex hash table entries: 256 (order: -1, 3072 bytes)
Oct 31 19:17:38 witherspoon kernel: pinctrl core: initialized pinctrl subsystem
Oct 31 19:17:38 witherspoon kernel: NET: Registered protocol family 16
Oct 31 19:17:38 witherspoon kernel: DMA: preallocated 256 KiB pool for atomic coherent allocations
Oct 31 19:17:38 witherspoon kernel: usbcore: registered new interface driver usbfs
Oct 31 19:17:38 witherspoon kernel: usbcore: registered new interface driver hub
Oct 31 19:17:38 witherspoon kernel: usbcore: registered new device driver usb
Oct 31 19:17:38 witherspoon kernel: clocksource: Switched to clocksource moxart_timer
Oct 31 19:17:38 witherspoon kernel: NET: Registered protocol family 2
Oct 31 19:17:38 witherspoon kernel: TCP established hash table entries: 4096 (order: 2, 16384 bytes)
Oct 31 19:17:38 witherspoon kernel: TCP bind hash table entries: 4096 (order: 2, 16384 bytes)
Oct 31 19:17:38 witherspoon kernel: TCP: Hash tables configured (established 4096 bind 4096)
Oct 31 19:17:38 witherspoon kernel: UDP hash table entries: 256 (order: 0, 4096 bytes)
Oct 31 19:17:38 witherspoon kernel: UDP-Lite hash table entries: 256 (order: 0, 4096 bytes)
Oct 31 19:17:38 witherspoon kernel: NET: Registered protocol family 1
Oct 31 19:17:38 witherspoon kernel: workingset: timestamp_bits=30 max_order=17 bucket_order=0
Oct 31 19:17:38 witherspoon kernel: squashfs: version 4.0 (2009/01/31) Phillip Lougher
Oct 31 19:17:38 witherspoon kernel: jffs2: version 2.2. (SUMMARY)   2001-2006 Red Hat, Inc.
Oct 31 19:17:38 witherspoon kernel: Block layer SCSI generic (bsg) driver version 0.4 loaded (major 250)
Oct 31 19:17:38 witherspoon kernel: io scheduler noop registered
Oct 31 19:17:38 witherspoon kernel: io scheduler deadline registered
Oct 31 19:17:38 witherspoon kernel: io scheduler cfq registered (default)
Oct 31 19:17:38 witherspoon kernel: ipmi-bt-host 1e789140.ibt: Found bt bmc device
Oct 31 19:17:38 witherspoon kernel: ipmi-bt-host 1e789140.ibt: Using IRQ 22
Oct 31 19:17:38 witherspoon kernel: Serial: 8250/16550 driver, 6 ports, IRQ sharing enabled
Oct 31 19:17:38 witherspoon kernel: 1e787000.vuart: ttyS5 at MMIO 0x1e787000 (irq = 22, base_baud = 1500000) is a 16550A
Oct 31 19:17:38 witherspoon kernel: 1e783000.serial: ttyS0 at MMIO 0x1e783000 (irq = 23, base_baud = 1500000) is a 16550A
Oct 31 19:17:38 witherspoon kernel: 1e78d000.serial: ttyS1 at MMIO 0x1e78d000 (irq = 24, base_baud = 1500000) is a 16550A
Oct 31 19:17:38 witherspoon kernel: 1e784000.serial: ttyS4 at MMIO 0x1e784000 (irq = 25, base_baud = 1500000) is a 16550A
Oct 31 19:17:38 witherspoon kernel: console [ttyS4] enabled
Oct 31 19:17:38 witherspoon kernel: timeriomem_rng 1e6e2078.hwrng: 32bits from 0xf00e2078 @ 1us
Oct 31 19:17:38 witherspoon kernel: random: fast init done
Oct 31 19:17:38 witherspoon kernel: brd: module loaded
Oct 31 19:17:38 witherspoon kernel: loop: module loaded
Oct 31 19:17:38 witherspoon kernel: aspeed-lpc-ctrl 1e789080.lpc-ctrl: Loaded at 0x98000000 (0x04000000)
Oct 31 19:17:38 witherspoon kernel: aspeed-smc 1e620000.flash-controller: Using IRQ 18
Oct 31 19:17:38 witherspoon kernel: aspeed-smc 1e620000.flash-controller: DMA support disabled.
Oct 31 19:17:38 witherspoon kernel: aspeed-smc 1e620000.flash-controller: mx25l25635e (32768 Kbytes)
Oct 31 19:17:38 witherspoon kernel: aspeed-smc 1e620000.flash-controller: CE0 window [ 0x20000000 - 0x22000000 ] 32MB
Oct 31 19:17:38 witherspoon kernel: aspeed-smc 1e620000.flash-controller: CE1 window [ 0x22000000 - 0x2a000000 ] 128MB
Oct 31 19:17:38 witherspoon kernel: 3 ofpart partitions found on MTD device bmc
Oct 31 19:17:38 witherspoon kernel: Creating 3 MTD partitions on "bmc":
Oct 31 19:17:38 witherspoon kernel: 0x000000000000-0x000000060000 : "u-boot"
Oct 31 19:17:38 witherspoon kernel: 0x000000060000-0x000000080000 : "u-boot-env"
Oct 31 19:17:38 witherspoon kernel: 0x000000080000-0x000002000000 : "obmc-ubi"
Oct 31 19:17:38 witherspoon kernel: aspeed-smc 1e620000.flash-controller: mx25l25635e (32768 Kbytes)
Oct 31 19:17:38 witherspoon kernel: aspeed-smc 1e620000.flash-controller: CE1 window [ 0x22000000 - 0x24000000 ] 32MB
Oct 31 19:17:38 witherspoon kernel: aspeed-smc 1e620000.flash-controller: CE2 window [ 0x24000000 - 0x2c000000 ] 128MB
Oct 31 19:17:38 witherspoon kernel: 3 ofpart partitions found on MTD device alt-bmc
Oct 31 19:17:38 witherspoon kernel: Creating 3 MTD partitions on "alt-bmc":
Oct 31 19:17:38 witherspoon kernel: 0x000000000000-0x000000060000 : "alt-u-boot"
Oct 31 19:17:38 witherspoon kernel: 0x000000060000-0x000000080000 : "alt-u-boot-env"
Oct 31 19:17:38 witherspoon kernel: 0x000000080000-0x000002000000 : "alt-obmc-ubi"
Oct 31 19:17:38 witherspoon kernel: random: crng init done
Oct 31 19:17:38 witherspoon kernel: aspeed-smc 1e630000.flash-controller: mx66l1g45g (131072 Kbytes)
Oct 31 19:17:38 witherspoon kernel: aspeed-smc 1e630000.flash-controller: CE0 window resized to 120MB (AST2500 HW quirk)
Oct 31 19:17:38 witherspoon kernel: aspeed-smc 1e630000.flash-controller: CE0 window [ 0x30000000 - 0x37800000 ] 120MB
Oct 31 19:17:38 witherspoon kernel: aspeed-smc 1e630000.flash-controller: CE0 window too small for chip 128MB
Oct 31 19:17:38 witherspoon kernel: aspeed-smc 1e630000.flash-controller: CE1 window [ 0x37800000 - 0x38000000 ] 8MB
Oct 31 19:17:38 witherspoon kernel: libphy: Fixed MDIO Bus: probed
Oct 31 19:17:38 witherspoon kernel: ftgmac100 1e660000.ethernet: Read MAC address 70:e2:84:14:23:e1 from chip
Oct 31 19:17:38 witherspoon kernel: ftgmac100 1e660000.ethernet: Using NCSI interface
Oct 31 19:17:38 witherspoon kernel: ftgmac100 1e660000.ethernet eth0: irq 20, mapped at f0060000
Oct 31 19:17:38 witherspoon kernel: ehci_hcd: USB 2.0 'Enhanced' Host Controller (EHCI) Driver
Oct 31 19:17:38 witherspoon kernel: ehci-platform: EHCI generic platform driver
Oct 31 19:17:38 witherspoon kernel: i2c /dev entries driver
Oct 31 19:17:38 witherspoon kernel: aspeed-i2c-bus 1e78a0c0.i2c-bus: i2c bus 2 registered, irq 26
Oct 31 19:17:38 witherspoon kernel: aspeed-i2c-bus 1e78a100.i2c-bus: i2c bus 3 registered, irq 27
Oct 31 19:17:38 witherspoon kernel: aspeed-i2c-bus 1e78a140.i2c-bus: i2c bus 4 registered, irq 28
Oct 31 19:17:38 witherspoon kernel: aspeed-i2c-bus 1e78a180.i2c-bus: i2c bus 5 registered, irq 29
Oct 31 19:17:38 witherspoon kernel: aspeed-i2c-bus 1e78a380.i2c-bus: i2c bus 9 registered, irq 30
Oct 31 19:17:38 witherspoon kernel: aspeed-i2c-bus 1e78a3c0.i2c-bus: i2c bus 10 registered, irq 31
Oct 31 19:17:38 witherspoon kernel: rtc-rv8803 11-0032: Voltage low, temperature compensation stopped.
Oct 31 19:17:38 witherspoon kernel: rtc-rv8803 11-0032: An alarm maybe have been missed.
Oct 31 19:17:38 witherspoon kernel: rtc-rv8803 11-0032: rtc core: registered rx8900 as rtc0
Oct 31 19:17:38 witherspoon kernel: at24 11-0051: 8192 byte 24c64 EEPROM, writable, 1 bytes/write
Oct 31 19:17:38 witherspoon kernel: aspeed-i2c-bus 1e78a400.i2c-bus: i2c bus 11 registered, irq 32
Oct 31 19:17:38 witherspoon kernel: aspeed-i2c-bus 1e78a440.i2c-bus: i2c bus 12 registered, irq 33
Oct 31 19:17:38 witherspoon kernel: aspeed-i2c-bus 1e78a480.i2c-bus: i2c bus 13 registered, irq 34
Oct 31 19:17:38 witherspoon kernel: Driver for 1-wire Dallas network protocol.
Oct 31 19:17:38 witherspoon kernel: lm75 9-004a: hwmon0: sensor 'tmp275'
Oct 31 19:17:38 witherspoon kernel: ucd9000 11-0064: Device ID UCD90160|2.3.4.0000|110603
Oct 31 19:17:38 witherspoon kernel: leds-pca955x 3-0060: leds-pca955x: Using pca9552 16-bit LED driver at slave address 0x60
Oct 31 19:17:38 witherspoon kernel: leds-pca955x 3-0060: gpios 238...253
Oct 31 19:17:38 witherspoon kernel: leds-pca955x 11-0060: leds-pca955x: Using pca9552 16-bit LED driver at slave address 0x60
Oct 31 19:17:38 witherspoon kernel: leds-pca955x 11-0060: gpios 222...237
Oct 31 19:17:38 witherspoon kernel: usbcore: registered new interface driver usbhid
Oct 31 19:17:38 witherspoon kernel: usbhid: USB HID core driver
Oct 31 19:17:38 witherspoon kernel: NET: Registered protocol family 10
Oct 31 19:17:38 witherspoon kernel: Segment Routing with IPv6
Oct 31 19:17:38 witherspoon kernel: NET: Registered protocol family 17
Oct 31 19:17:38 witherspoon kernel: 8021q: 802.1Q VLAN Support v1.8
Oct 31 19:17:38 witherspoon kernel: input: gpio-keys-polled as /devices/platform/gpio-keys-polled/input/input1
Oct 31 19:17:38 witherspoon kernel: ubi0: default fastmap pool size: 25
Oct 31 19:17:38 witherspoon kernel: ubi0: default fastmap WL pool size: 12
Oct 31 19:17:38 witherspoon kernel: ubi0: attaching mtd3
Oct 31 19:17:38 witherspoon kernel: ubi0: scanning is finished
Oct 31 19:17:38 witherspoon kernel: ubi0: attached mtd3 (name "obmc-ubi", size 31 MiB)
Oct 31 19:17:38 witherspoon kernel: ubi0: PEB size: 65536 bytes (64 KiB), LEB size: 65408 bytes
Oct 31 19:17:38 witherspoon kernel: ubi0: min./max. I/O unit sizes: 1/256, sub-page size 1
Oct 31 19:17:38 witherspoon kernel: ubi0: VID header offset: 64 (aligned 64), data offset: 128
Oct 31 19:17:38 witherspoon kernel: ubi0: good PEBs: 504, bad PEBs: 0, corrupted PEBs: 0
Oct 31 19:17:38 witherspoon kernel: ubi0: user volume: 4, internal volumes: 1, max. volumes count: 128
Oct 31 19:17:38 witherspoon kernel: ubi0: max/mean erase counter: 223/196, WL threshold: 4096, image sequence number: 1358235831
Oct 31 19:17:38 witherspoon kernel: ubi0: available PEBs: 46, total reserved PEBs: 458, PEBs reserved for bad PEB handling: 0
Oct 31 19:17:38 witherspoon kernel: ubi0: background thread "ubi_bgt0d" started, PID 508
Oct 31 19:17:38 witherspoon kernel: ubi4: default fastmap pool size: 25
Oct 31 19:17:38 witherspoon kernel: ubi4: default fastmap WL pool size: 12
Oct 31 19:17:38 witherspoon kernel: ubi4: attaching mtd7
Oct 31 19:17:38 witherspoon kernel: ubi4: scanning is finished
Oct 31 19:17:38 witherspoon kernel: ubi4: attached mtd7 (name "alt-obmc-ubi", size 31 MiB)
Oct 31 19:17:38 witherspoon kernel: ubi4: PEB size: 65536 bytes (64 KiB), LEB size: 65408 bytes
Oct 31 19:17:38 witherspoon kernel: ubi4: min./max. I/O unit sizes: 1/256, sub-page size 1
Oct 31 19:17:38 witherspoon kernel: ubi4: VID header offset: 64 (aligned 64), data offset: 128
Oct 31 19:17:38 witherspoon kernel: ubi4: good PEBs: 504, bad PEBs: 0, corrupted PEBs: 0
Oct 31 19:17:38 witherspoon kernel: ubi4: user volume: 4, internal volumes: 1, max. volumes count: 128
Oct 31 19:17:38 witherspoon kernel: ubi4: max/mean erase counter: 190/153, WL threshold: 4096, image sequence number: 1358235831
Oct 31 19:17:38 witherspoon kernel: ubi4: available PEBs: 46, total reserved PEBs: 458, PEBs reserved for bad PEB handling: 0
Oct 31 19:17:38 witherspoon kernel: ubi4: background thread "ubi_bgt4d" started, PID 514
Oct 31 19:17:38 witherspoon kernel: block ubiblock0_0: created from ubi0:0(rofs-7a0199e0)
Oct 31 19:17:38 witherspoon kernel: console [netcon0] enabled
Oct 31 19:17:38 witherspoon kernel: netconsole: network logging started
Oct 31 19:17:38 witherspoon kernel: input: gpio-keys as /devices/platform/gpio-keys/input/input2
Oct 31 19:17:38 witherspoon kernel: rtc-rv8803 11-0032: setting system clock to 2017-10-31 19:17:25 UTC (1509477445)
Oct 31 19:17:38 witherspoon kernel: VFS: Mounted root (squashfs filesystem) readonly on device 254:0.
Oct 31 19:17:38 witherspoon kernel: devtmpfs: mounted
Oct 31 19:17:38 witherspoon kernel: Freeing unused kernel memory: 284K
Oct 31 19:17:38 witherspoon kernel: This architecture does not have kernel memory protection.
Oct 31 19:17:38 witherspoon systemd[1]: Failed to insert module 'autofs4': No such file or directory
Oct 31 19:17:38 witherspoon systemd[1]: systemd 232 running in system mode. (+PAM -AUDIT -SELINUX -IMA -APPARMOR -SMACK +SYSVINIT -UTMP -LIBCRYPTSETUP -GCRYPT -GNUTLS +ACL +XZ -LZ4 -SECCOMP +BLKID -ELFUTILS +KMOD -IDN)
Oct 31 19:17:38 witherspoon systemd[1]: Detected architecture arm.
Oct 31 19:17:38 witherspoon systemd[1]: Set hostname to <witherspoon>.
Oct 31 19:17:38 witherspoon systemd[1]: Initializing machine ID from random generator.
Oct 31 19:17:38 witherspoon systemd[1]: Installed transient /etc/machine-id file.
Oct 31 19:17:38 witherspoon systemd[1]: Reached target Swap.
Oct 31 19:17:38 witherspoon systemd[1]: Listening on udev Control Socket.
Oct 31 19:17:38 witherspoon systemd[1]: Listening on Process Core Dump Socket.
Oct 31 19:17:38 witherspoon systemd[1]: Listening on Journal Socket (/dev/log).
Oct 31 19:17:38 witherspoon systemd[1]: Started Forward Password Requests to Wall Directory Watch.
Oct 31 19:17:38 witherspoon systemd[1]: Reached target Local File Systems (Pre).
Oct 31 19:17:38 witherspoon systemd[1]: Mounting /usr/local...
Oct 31 19:17:38 witherspoon systemd[1]: Mounting /media...
Oct 31 19:17:38 witherspoon systemd[1]: Starting udev Kernel Device Manager...
Oct 31 19:17:38 witherspoon systemd[1]: Mounted /usr/local.
Oct 31 19:17:38 witherspoon systemd[1]: Mounted /media.
Oct 31 19:17:38 witherspoon systemd[1]: Started udev Kernel Device Manager.
Oct 31 19:17:38 witherspoon systemd[1]: Started udev Coldplug all Devices.
Oct 31 19:17:38 witherspoon systemd[1]: Created slice system-xyz.openbmc_project.Hwmon.slice.
Oct 31 19:17:38 witherspoon systemd[1]: dev-hugepages.mount: Couldn't determine result for ConditionVirtualization=!private-users, assuming failed: No such file or directory
Oct 31 19:17:38 witherspoon systemd[1]: Found device /dev/ttyS4.
Oct 31 19:17:38 witherspoon systemd[1]: Created slice system-xyz.openbmc_project.led.controller.slice.
Oct 31 19:17:38 witherspoon systemd[1]: var.mount: Directory /var to mount over is not empty, mounting anyway.
Oct 31 19:17:38 witherspoon systemd[1]: Mounting /var...
Oct 31 19:17:38 witherspoon systemd[1]: dev-hugepages.mount: Couldn't determine result for ConditionVirtualization=!private-users, assuming failed: No such file or directory
Oct 31 19:17:38 witherspoon kernel: UBIFS (ubi0:2): background thread "ubifs_bgt0_2" started, PID 935
Oct 31 19:17:38 witherspoon kernel: UBIFS (ubi0:2): UBIFS: mounted UBI device 0, volume 2, name "rwfs"
Oct 31 19:17:38 witherspoon kernel: UBIFS (ubi0:2): LEB size: 65408 bytes (63 KiB), min./max. I/O unit sizes: 8 bytes/256 bytes
Oct 31 19:17:38 witherspoon kernel: UBIFS (ubi0:2): FS size: 3597440 bytes (3 MiB, 55 LEBs), journal size 719488 bytes (0 MiB, 11 LEBs)
Oct 31 19:17:38 witherspoon kernel: UBIFS (ubi0:2): reserved for root: 0 bytes (0 KiB)
Oct 31 19:17:38 witherspoon kernel: UBIFS (ubi0:2): media format: w4/r0 (latest is w5/r0), UUID F6AF7850-1C6E-4E2A-94BB-A56899CAF080, small LPT model
Oct 31 19:17:38 witherspoon systemd[1]: Mounted /var.
Oct 31 19:17:38 witherspoon systemd[1]: Mounting /var/volatile...
Oct 31 19:17:38 witherspoon systemd[1]: Starting Prepare for overlay fs...
Oct 31 19:17:38 witherspoon systemd[1]: Mounted /var/volatile.
Oct 31 19:17:38 witherspoon systemd[1]: Starting Load/Save Random Seed...
Oct 31 19:17:38 witherspoon systemd-journald[951]: Journal started
Oct 31 19:17:38 witherspoon systemd-journald[951]: System journal (/var/log/journal/23f4ba7753244af89c98e7d3cc867c37) is 0B, max 0B, 0B free.
Oct 31 19:17:38 witherspoon systemd-sysctl[534]: Couldn't write '16' to 'kernel/sysrq', ignoring: No such file or directory
Oct 31 19:17:38 witherspoon systemd-sysctl[534]: Couldn't write 'fq_codel' to 'net/core/default_qdisc', ignoring: No such file or directory
Oct 31 19:17:38 witherspoon systemd[1]: Starting Flush Journal to Persistent Storage...
Oct 31 19:17:38 witherspoon sh[939]: /etc is not a mountpoint
Oct 31 19:17:39 witherspoon systemd-journald[951]: System journal (/var/log/journal/23f4ba7753244af89c98e7d3cc867c37) is 0B, max 0B, 0B free.
Oct 31 19:17:39 witherspoon systemd[1]: Started Flush Journal to Persistent Storage.
Oct 31 19:17:39 witherspoon systemd[1]: Starting Create Volatile Files and Directories...
Oct 31 19:17:39 witherspoon systemd[1]: Started Create Volatile Files and Directories.
Oct 31 19:17:40 witherspoon systemd[1]: Starting Network Time Synchronization...
Oct 31 19:17:40 witherspoon systemd[1]: Started Network Time Synchronization.
Oct 31 19:17:40 witherspoon systemd[1]: Reached target System Initialization.
Oct 31 19:17:40 witherspoon systemd[1]: Listening on Phosphor DBUS Browser socket.
Oct 31 19:17:40 witherspoon systemd[1]: Listening on dropbear.socket.
Oct 31 19:17:40 witherspoon systemd[1]: Listening on phosphor-ipmi-net.socket.
Oct 31 19:17:40 witherspoon systemd[1]: Listening on D-Bus System Message Bus Socket.
Oct 31 19:17:40 witherspoon systemd[1]: Started Daily Cleanup of Temporary Directories.
Oct 31 19:17:40 witherspoon systemd[1]: Reached target Timers.
Oct 31 19:17:40 witherspoon systemd[1]: Listening on Phosphor Webserver socket.
Oct 31 19:17:40 witherspoon systemd[1]: Listening on Phosphor Host Console SSH Per-Connection socket.
Oct 31 19:17:40 witherspoon systemd[1]: Listening on Avahi mDNS/DNS-SD Stack Activation Socket.
Oct 31 19:17:40 witherspoon systemd[1]: Reached target Sockets.
Oct 31 19:17:40 witherspoon systemd[1]: Reached target Basic System.
Oct 31 19:17:40 witherspoon systemd[1]: Started System Logging Service.
Oct 31 19:17:40 witherspoon systemd[1]: Starting Phosphor Settings Daemon...
Oct 31 19:17:40 witherspoon systemd[1]: Starting Phosphor LED Group Management Daemon...
Oct 31 19:17:40 witherspoon systemd[1]: Reached target Containers.
Oct 31 19:17:40 witherspoon systemd[1]: Starting Avahi mDNS/DNS-SD Stack...
Oct 31 19:17:40 witherspoon systemd[1]: Started Phosphor sysfs LED controller.
Oct 31 19:17:40 witherspoon systemd[1]: Started Phosphor sysfs LED controller.
Oct 31 19:17:41 witherspoon systemd[1]: Starting Phosphor Download Manager...
Oct 31 19:17:41 witherspoon systemd[1]: Starting Phosphor IPMI BT DBus Bridge...
Oct 31 19:17:41 witherspoon systemd[1]: Started Phosphor sysfs LED controller.
Oct 31 19:17:41 witherspoon systemd[1]: Starting Phosphor Download Manager...
Oct 31 19:17:41 witherspoon systemd[1]: Started Phosphor sysfs LED controller.
Oct 31 19:17:41 witherspoon systemd[1]: Starting Phosphor Dump Manager...
Oct 31 19:17:41 witherspoon systemd[1]: Starting Phosphor Inventory Manager...
Oct 31 19:17:41 witherspoon systemd[1]: Starting Set U-Boot environment variable...
Oct 31 19:17:41 witherspoon systemd[1]: Started Phosphor sysfs LED controller.
Oct 31 19:17:41 witherspoon systemd[1]: Starting Phosphor Log Manager...
Oct 31 19:17:41 witherspoon systemd[1]: Started Phosphor sysfs LED controller.
Oct 31 19:17:41 witherspoon systemd[1]: Started Phosphor sysfs LED controller.
Oct 31 19:17:41 witherspoon systemd[1]: Starting Phosphor DBus Service Discovery Manager...
Oct 31 19:17:42 witherspoon systemd[1]: Starting Phosphor BMC0 Control...
Oct 31 19:17:42 witherspoon systemd[1]: Starting Phosphor Sensor Manager...
Oct 31 19:17:42 witherspoon systemd[1]: Starting Phosphor Network Manager...
Oct 31 19:17:42 witherspoon systemd[1]: Starting Phosphor User Manager...
Oct 31 19:17:42 witherspoon systemd[1]: Started D-Bus System Message Bus.
Oct 31 19:17:48 witherspoon avahi-daemon[962]: Found user 'avahi' (UID 998) and group 'avahi' (GID 999).
Oct 31 19:17:48 witherspoon avahi-daemon[962]: Successfully dropped root privileges.
Oct 31 19:17:48 witherspoon avahi-daemon[962]: avahi-daemon 0.6.32 starting up.
Oct 31 19:17:48 witherspoon avahi-daemon[962]: Successfully called chroot().
Oct 31 19:17:48 witherspoon avahi-daemon[962]: Successfully dropped remaining capabilities.
Oct 31 19:17:48 witherspoon avahi-daemon[962]: Loading service file /services/obmc_console.service.
Oct 31 19:17:48 witherspoon avahi-daemon[962]: Loading service file /services/phosphor_rest.service.
Oct 31 19:17:48 witherspoon avahi-daemon[962]: Loading service file /services/sftp-ssh.service.
Oct 31 19:17:48 witherspoon avahi-daemon[962]: Loading service file /services/sftp.service.
Oct 31 19:17:48 witherspoon avahi-daemon[962]: Loading service file /services/ssh.service.
Oct 31 19:17:48 witherspoon avahi-daemon[962]: Network interface enumeration completed.
Oct 31 19:17:48 witherspoon avahi-daemon[962]: Server startup complete. Host name is witherspoon.local. Local service cookie is 3594444424.
Oct 31 19:17:48 witherspoon avahi-daemon[962]: Service "witherspoon" (/services/ssh.service) successfully established.
Oct 31 19:17:48 witherspoon avahi-daemon[962]: Service "sftp" (/services/sftp.service) successfully established.
Oct 31 19:17:48 witherspoon avahi-daemon[962]: Service "witherspoon" (/services/sftp-ssh.service) successfully established.
Oct 31 19:17:48 witherspoon avahi-daemon[962]: Service "phosphor_rest" (/services/phosphor_rest.service) successfully established.
Oct 31 19:17:48 witherspoon avahi-daemon[962]: Service "obmc_console" (/services/obmc_console.service) successfully established.
Oct 31 19:17:48 witherspoon systemd[1]: Started Phosphor Settings Daemon.
Oct 31 19:17:48 witherspoon systemd[1]: Started Phosphor LED Group Management Daemon.
Oct 31 19:17:49 witherspoon systemd[1]: Started Avahi mDNS/DNS-SD Stack.
Oct 31 19:17:49 witherspoon systemd[1]: Started Phosphor Log Manager.
Oct 31 19:17:50 witherspoon systemd[1]: Started Phosphor Download Manager.
Oct 31 19:17:50 witherspoon systemd[1]: Started Phosphor IPMI BT DBus Bridge.
Oct 31 19:17:51 witherspoon systemd[1]: Started Phosphor User Manager.
Oct 31 19:17:51 witherspoon systemd[1]: Starting Network Service...
Oct 31 19:17:51 witherspoon systemd[1]: Started Hardware RNG Entropy Gatherer Daemon.
Oct 31 19:17:51 witherspoon systemd[1]: Started Phosphor sysfs LED controller.
Oct 31 19:17:51 witherspoon systemd-networkd[991]: Enumeration completed
Oct 31 19:17:52 witherspoon systemd[1]: Starting Phosphor Chassis0 Control...
Oct 31 19:17:52 witherspoon systemd[1]: Starting Clear one time boot overrides...
Oct 31 19:17:52 witherspoon systemd[1]: Started Phosphor sysfs LED controller.
Oct 31 19:17:52 witherspoon systemd-networkd[991]: eth0: IPv6 enabled for interface: Success
Oct 31 19:17:52 witherspoon kernel: 8021q: adding VLAN 0 to HW filter on device eth0
Oct 31 19:17:52 witherspoon avahi-daemon[962]: Joining mDNS multicast group on interface eth0.IPv4 with address 9.3.86.161.
Oct 31 19:17:52 witherspoon systemd[1]: Starting Check PNOR UBI format...
Oct 31 19:17:52 witherspoon avahi-daemon[962]: New relevant interface eth0.IPv4 for mDNS.
Oct 31 19:17:52 witherspoon systemd[1]: Starting Phosphor Inventory Manager...
Oct 31 19:17:52 witherspoon avahi-daemon[962]: Registering new address record for 9.3.86.161 on eth0.IPv4.
Oct 31 19:17:52 witherspoon systemd[1]: Started Phosphor sysfs LED controller.
Oct 31 19:17:52 witherspoon kernel[1001]: klogd started: BusyBox v1.24.1 (2017-10-11 20:44:07 UTC)
Oct 31 19:17:54 witherspoon kernel: ubi8: default fastmap pool size: 100
Oct 31 19:17:54 witherspoon kernel: ubi8: default fastmap WL pool size: 50
Oct 31 19:17:54 witherspoon kernel: ubi8: attaching mtd8
Oct 31 19:17:54 witherspoon kernel: ubi8: scanning is finished
Oct 31 19:17:54 witherspoon kernel: ubi8: attached mtd8 (name "pnor", size 128 MiB)
Oct 31 19:17:54 witherspoon kernel: ubi8: PEB size: 65536 bytes (64 KiB), LEB size: 65408 bytes
Oct 31 19:17:54 witherspoon kernel: ubi8: min./max. I/O unit sizes: 1/256, sub-page size 1
Oct 31 19:17:54 witherspoon kernel: ubi8: VID header offset: 64 (aligned 64), data offset: 128
Oct 31 19:17:54 witherspoon kernel: ubi8: good PEBs: 2048, bad PEBs: 0, corrupted PEBs: 0
Oct 31 19:17:54 witherspoon kernel: ubi8: user volume: 6, internal volumes: 1, max. volumes count: 128
Oct 31 19:17:54 witherspoon kernel: ubi8: max/mean erase counter: 42/30, WL threshold: 4096, image sequence number: 91395301
Oct 31 19:17:55 witherspoon kernel: ubi8: available PEBs: 468, total reserved PEBs: 1580, PEBs reserved for bad PEB handling: 0
Oct 31 19:17:55 witherspoon kernel: ubi8: background thread "ubi_bgt8d" started, PID 1040
Oct 31 19:17:52 witherspoon systemd-networkd[991]: eth0: Gained carrier
Oct 31 19:17:52 witherspoon kernel[1001]: [    0.000000]   Normal zone: 110592 pages, LIFO batch:31
Oct 31 19:17:52 witherspoon systemd[1]: Started Phosphor Dump core monitor..
Oct 31 19:17:52 witherspoon kernel[1001]: [    0.000000] pcpu-alloc: s0 r0 d32768 u32768 alloc=1*32768
Oct 31 19:17:52 witherspoon systemd[1]: Started Kernel Logging Service.
Oct 31 19:17:52 witherspoon kernel[1001]: [    0.000000] pcpu-alloc: [0] 0
Oct 31 19:17:52 witherspoon systemd[1]: Started Phosphor Console Muxer listening on device /dev/ttyVUART0.
Oct 31 19:17:55 witherspoon obmc-flash-bios[1003]: UBI device number 8, total 2048 LEBs (133955584 bytes, 127.8 MiB), available 468 LEBs (30610944 bytes, 29.2 MiB), LEB size 65408 bytes (63.9 KiB)
Oct 31 19:17:52 witherspoon kernel[1001]: [    0.000000] Built 1 zonelists in Zone order, mobility grouping on.  Total pages: 109600
Oct 31 19:17:52 witherspoon systemd[1]: Starting Remount the squashfs and ubi volumes after a reboot...
Oct 31 19:17:52 witherspoon kernel[1001]: [    0.000000] Kernel command line: console=ttyS4,115200n8 ubi.mtd=obmc-ubi,0,0,0 ubi.mtd=alt-obmc-ubi,0,0,4 ro rootfstype=squashfs ubi.block=0,0 root=/dev/ubiblock0_0
Oct 31 19:17:52 witherspoon systemd[1]: Reached target System Time Synchronized.
Oct 31 19:17:52 witherspoon kernel[1001]: [    0.000000] PID hash table entries: 2048 (order: 1, 8192 bytes)
Oct 31 19:17:52 witherspoon systemd-timesyncd[957]: Network configuration changed, trying to establish connection.
Oct 31 19:17:52 witherspoon kernel[1001]: [    0.000000] Dentry cache hash table entries: 65536 (order: 6, 262144 bytes)
Oct 31 19:17:53 witherspoon systemd[1]: Started Network Service.
Oct 31 19:17:56 witherspoon kernel: ftgmac100 1e660000.ethernet eth0: ncsi: removed vlan tag 0 at index 1
Oct 31 19:17:56 witherspoon kernel: ftgmac100 1e660000.ethernet eth0: ncsi: removed vlan tag 0 at index 2
Oct 31 19:17:56 witherspoon kernel: ftgmac100 1e660000.ethernet eth0: no vlan ids left to set
Oct 31 19:17:56 witherspoon kernel: ftgmac100 1e660000.ethernet eth0: NCSI interface up
Oct 31 19:17:52 witherspoon kernel[1001]: [    0.000000] Inode-cache hash table entries: 32768 (order: 5, 131072 bytes)
Oct 31 19:17:53 witherspoon systemd-networkd[991]: eth0: Gained IPv6LL
Oct 31 19:17:52 witherspoon kernel[1001]: [    0.000000] Memory: 431968K/442368K available (4078K kernel code, 282K rwdata, 1188K rodata, 284K init, 111K bss, 10400K reserved, 0K cma-reserved)
Oct 31 19:17:53 witherspoon systemd[1]: Started Set U-Boot environment variable.
Oct 31 19:17:52 witherspoon kernel[1001]: [    0.000000] Virtual kernel memory layout:
Oct 31 19:17:53 witherspoon systemd[1]: Started Check PNOR UBI format.
Oct 31 19:17:52 witherspoon kernel[1001]: [    0.000000]     vector  : 0xffff0000 - 0xffff1000   (   4 kB)
Oct 31 19:17:53 witherspoon systemd[1]: Started Phosphor BMC0 Control.
Oct 31 19:17:52 witherspoon kernel[1001]: [    0.000000]     fixmap  : 0xffc00000 - 0xfff00000   (3072 kB)
Oct 31 19:17:53 witherspoon systemd[1]: Starting Remount the ubi volume after a reboot...
Oct 31 19:17:52 witherspoon kernel[1001]: [    0.000000]     vmalloc : 0x9f800000 - 0xff800000   (1536 MB)
Oct 31 19:17:53 witherspoon systemd[1]: Reached target Network.
Oct 31 19:17:52 witherspoon kernel[1001]: [    0.000000]     lowmem  : 0x80000000 - 0x9f000000   ( 496 MB)
Oct 31 19:17:53 witherspoon systemd[1]: Starting Permit User Sessions...
Oct 31 19:17:52 witherspoon kernel[1001]: [    0.000000]       .text : 0x80008000 - 0x80403d70   (4080 kB)
Oct 31 19:17:53 witherspoon systemd[1]: Started Lightweight SLP Server.
Oct 31 19:17:52 witherspoon kernel[1001]: [    0.000000]       .init : 0x80587000 - 0x805ce000   ( 284 kB)
Oct 31 19:17:54 witherspoon systemd[1]: Started Permit User Sessions.
Oct 31 19:17:52 witherspoon kernel[1001]: [    0.000000]       .data : 0x805ce000 - 0x80614800   ( 282 kB)
Oct 31 19:17:54 witherspoon systemd[1]: Started Serial Getty on ttyS4.
Oct 31 19:17:52 witherspoon kernel[1001]: [    0.000000]        .bss : 0x80614800 - 0x80630698   ( 112 kB)
Oct 31 19:17:54 witherspoon systemd[1]: Reached target Login Prompts.
Oct 31 19:17:52 witherspoon kernel[1001]: [    0.000000] NR_IRQS:16 nr_irqs:16 16
Oct 31 19:17:55 witherspoon systemd[1]: Started Phosphor Inventory Manager.
Oct 31 19:17:52 witherspoon kernel[1001]: [    0.000000] i2c controller registered, irq 16
Oct 31 19:17:55 witherspoon systemd[1]: Started Phosphor Dump Manager.
Oct 31 19:17:52 witherspoon kernel[1001]: [    0.000000] clocksource: moxart_timer: mask: 0xffffffff max_cycles: 0xffffffff, max_idle_ns: 77222644334 ns
Oct 31 19:17:57 witherspoon systemd[1]: Started Clear one time boot overrides.
Oct 31 19:17:52 witherspoon kernel[1001]: [    0.000000] sched_clock: 32 bits at 100 Hz, resolution 10000000ns, wraps every 21474836475000000ns
Oct 31 19:17:52 witherspoon kernel[1001]: [    0.090000] Calibrating delay loop... 789.70 BogoMIPS (lpj=3948544)
Oct 31 19:17:52 witherspoon kernel[1001]: [    0.090000] pid_max: default: 32768 minimum: 301
Oct 31 19:17:52 witherspoon kernel[1001]: [    0.090000] Mount-cache hash table entries: 1024 (order: 0, 4096 bytes)
Oct 31 19:17:52 witherspoon kernel[1001]: [    0.090000] Mountpoint-cache hash table entries: 1024 (order: 0, 4096 bytes)
Oct 31 19:17:52 witherspoon kernel[1001]: [    0.090000] CPU: Testing write buffer coherency: ok
Oct 31 19:17:52 witherspoon kernel[1001]: [    0.090000] ftrace: allocating 14998 entries in 44 pages
Oct 31 19:17:52 witherspoon kernel[1001]: [    0.120000] Setting up static identity map for 0x80008200 - 0x8000825c
Oct 31 19:17:52 witherspoon kernel[1001]: [    0.120000] devtmpfs: initialized
Oct 31 19:17:52 witherspoon kernel[1001]: [    0.140000] clocksource: jiffies: mask: 0xffffffff max_cycles: 0xffffffff, max_idle_ns: 19112604462750000 ns
Oct 31 19:17:52 witherspoon kernel[1001]: [    0.140000] futex hash table entries: 256 (order: -1, 3072 bytes)
Oct 31 19:17:52 witherspoon kernel[1001]: [    0.140000] pinctrl core: initialized pinctrl subsystem
Oct 31 19:17:52 witherspoon kernel[1001]: [    0.150000] NET: Registered protocol family 16
Oct 31 19:17:52 witherspoon kernel[1001]: [    0.150000] DMA: preallocated 256 KiB pool for atomic coherent allocations
Oct 31 19:17:52 witherspoon kernel[1001]: [    0.220000] usbcore: registered new interface driver usbfs
Oct 31 19:17:52 witherspoon kernel[1001]: [    0.220000] usbcore: registered new interface driver hub
Oct 31 19:17:52 witherspoon kernel[1001]: [    0.220000] usbcore: registered new device driver usb
Oct 31 19:17:52 witherspoon kernel[1001]: [    0.230000] clocksource: Switched to clocksource moxart_timer
Oct 31 19:17:52 witherspoon kernel[1001]: [    0.250000] NET: Registered protocol family 2
Oct 31 19:17:52 witherspoon kernel[1001]: [    0.250000] TCP established hash table entries: 4096 (order: 2, 16384 bytes)
Oct 31 19:17:52 witherspoon kernel[1001]: [    0.250000] TCP bind hash table entries: 4096 (order: 2, 16384 bytes)
Oct 31 19:17:52 witherspoon kernel[1001]: [    0.250000] TCP: Hash tables configured (established 4096 bind 4096)
Oct 31 19:17:52 witherspoon kernel[1001]: [    0.250000] UDP hash table entries: 256 (order: 0, 4096 bytes)
Oct 31 19:17:52 witherspoon kernel[1001]: [    0.250000] UDP-Lite hash table entries: 256 (order: 0, 4096 bytes)
Oct 31 19:17:52 witherspoon kernel[1001]: [    0.250000] NET: Registered protocol family 1
Oct 31 19:17:52 witherspoon kernel[1001]: [    0.250000] workingset: timestamp_bits=30 max_order=17 bucket_order=0
Oct 31 19:17:52 witherspoon kernel[1001]: [    0.250000] squashfs: version 4.0 (2009/01/31) Phillip Lougher
Oct 31 19:17:52 witherspoon kernel[1001]: [    0.250000] jffs2: version 2.2. (SUMMARY)   2001-2006 Red Hat, Inc.
Oct 31 19:17:52 witherspoon kernel[1001]: [    0.250000] Block layer SCSI generic (bsg) driver version 0.4 loaded (major 250)
Oct 31 19:17:52 witherspoon kernel[1001]: [    0.250000] io scheduler noop registered
Oct 31 19:17:52 witherspoon kernel[1001]: [    0.250000] io scheduler deadline registered
Oct 31 19:18:00 witherspoon kernel: ubi: ubi0 already exists
Oct 31 19:17:52 witherspoon kernel[1001]: [    0.250000] io scheduler cfq registered (default)
Oct 31 19:17:52 witherspoon kernel[1001]: [    0.270000] ipmi-bt-host 1e789140.ibt: Found bt bmc device
Oct 31 19:17:52 witherspoon kernel[1001]: [    0.270000] ipmi-bt-host 1e789140.ibt: Using IRQ 22
Oct 31 19:17:52 witherspoon kernel[1001]: [    0.270000] Serial: 8250/16550 driver, 6 ports, IRQ sharing enabled
Oct 31 19:17:52 witherspoon kernel[1001]: [    0.300000] 1e787000.vuart: ttyS5 at MMIO 0x1e787000 (irq = 22, base_baud = 1500000) is a 16550A
Oct 31 19:17:52 witherspoon kernel[1001]: [    0.300000] 1e783000.serial: ttyS0 at MMIO 0x1e783000 (irq = 23, base_baud = 1500000) is a 16550A
Oct 31 19:17:52 witherspoon kernel[1001]: [    0.300000] 1e78d000.serial: ttyS1 at MMIO 0x1e78d000 (irq = 24, base_baud = 1500000) is a 16550A
Oct 31 19:17:52 witherspoon kernel[1001]: [    0.300000] 1e784000.serial: ttyS4 at MMIO 0x1e784000 (irq = 25, base_baud = 1500000) is a 16550A
Oct 31 19:17:52 witherspoon kernel[1001]: [    0.650000] console [ttyS4] enabled
Oct 31 19:17:52 witherspoon kernel[1001]: [    0.790000] timeriomem_rng 1e6e2078.hwrng: 32bits from 0xf00e2078 @ 1us
Oct 31 19:17:52 witherspoon kernel[1001]: [    0.810000] random: fast init done
Oct 31 19:17:52 witherspoon kernel[1001]: [    0.850000] brd: module loaded
Oct 31 19:17:52 witherspoon kernel[1001]: [    0.870000] loop: module loaded
Oct 31 19:17:52 witherspoon kernel[1001]: [    0.880000] aspeed-lpc-ctrl 1e789080.lpc-ctrl: Loaded at 0x98000000 (0x04000000)
Oct 31 19:17:52 witherspoon kernel[1001]: [    0.890000] aspeed-smc 1e620000.flash-controller: Using IRQ 18
Oct 31 19:17:52 witherspoon kernel[1001]: [    0.890000] aspeed-smc 1e620000.flash-controller: DMA support disabled.
Oct 31 19:17:52 witherspoon kernel[1001]: [    0.890000] aspeed-smc 1e620000.flash-controller: mx25l25635e (32768 Kbytes)
Oct 31 19:17:52 witherspoon kernel[1001]: [    0.910000] aspeed-smc 1e620000.flash-controller: CE0 window [ 0x20000000 - 0x22000000 ] 32MB
Oct 31 19:17:52 witherspoon kernel[1001]: [    0.910000] aspeed-smc 1e620000.flash-controller: CE1 window [ 0x22000000 - 0x2a000000 ] 128MB
Oct 31 19:17:52 witherspoon kernel[1001]: [    0.910000] 3 ofpart partitions found on MTD device bmc
Oct 31 19:17:52 witherspoon kernel[1001]: [    0.910000] Creating 3 MTD partitions on "bmc":
Oct 31 19:17:52 witherspoon kernel[1001]: [    0.940000] 0x000000000000-0x000000060000 : "u-boot"
Oct 31 19:17:52 witherspoon kernel[1001]: [    0.940000] 0x000000060000-0x000000080000 : "u-boot-env"
Oct 31 19:17:52 witherspoon kernel[1001]: [    0.940000] 0x000000080000-0x000002000000 : "obmc-ubi"
Oct 31 19:17:52 witherspoon kernel[1001]: [    0.940000] aspeed-smc 1e620000.flash-controller: mx25l25635e (32768 Kbytes)
Oct 31 19:17:52 witherspoon kernel[1001]: [    0.940000] aspeed-smc 1e620000.flash-controller: CE1 window [ 0x22000000 - 0x24000000 ] 32MB
Oct 31 19:17:52 witherspoon kernel[1001]: [    0.980000] aspeed-smc 1e620000.flash-controller: CE2 window [ 0x24000000 - 0x2c000000 ] 128MB
Oct 31 19:17:52 witherspoon kernel[1001]: [    0.980000] 3 ofpart partitions found on MTD device alt-bmc
Oct 31 19:17:52 witherspoon kernel[1001]: [    0.980000] Creating 3 MTD partitions on "alt-bmc":
Oct 31 19:17:52 witherspoon kernel[1001]: [    0.980000] 0x000000000000-0x000000060000 : "alt-u-boot"
Oct 31 19:17:52 witherspoon kernel[1001]: [    0.980000] 0x000000060000-0x000000080000 : "alt-u-boot-env"
Oct 31 19:17:52 witherspoon kernel[1001]: [    0.980000] 0x000000080000-0x000002000000 : "alt-obmc-ubi"
Oct 31 19:17:52 witherspoon kernel[1001]: [    1.030000] random: crng init done
Oct 31 19:17:52 witherspoon kernel[1001]: [    1.040000] aspeed-smc 1e630000.flash-controller: mx66l1g45g (131072 Kbytes)
Oct 31 19:17:52 witherspoon kernel[1001]: [    1.050000] aspeed-smc 1e630000.flash-controller: CE0 window resized to 120MB (AST2500 HW quirk)
Oct 31 19:17:52 witherspoon kernel[1001]: [    1.050000] aspeed-smc 1e630000.flash-controller: CE0 window [ 0x30000000 - 0x37800000 ] 120MB
Oct 31 19:17:52 witherspoon kernel[1001]: [    1.070000] aspeed-smc 1e630000.flash-controller: CE0 window too small for chip 128MB
Oct 31 19:17:52 witherspoon kernel[1001]: [    1.070000] aspeed-smc 1e630000.flash-controller: CE1 window [ 0x37800000 - 0x38000000 ] 8MB
Oct 31 19:17:52 witherspoon kernel[1001]: [    1.840000] libphy: Fixed MDIO Bus: probed
Oct 31 19:17:52 witherspoon kernel[1001]: [    1.840000] ftgmac100 1e660000.ethernet: Read MAC address 70:e2:84:14:23:e1 from chip
Oct 31 19:17:52 witherspoon kernel[1001]: [    1.840000] ftgmac100 1e660000.ethernet: Using NCSI interface
Oct 31 19:17:52 witherspoon kernel[1001]: [    1.840000] ftgmac100 1e660000.ethernet eth0: irq 20, mapped at f0060000
Oct 31 19:17:52 witherspoon kernel[1001]: [    1.840000] ehci_hcd: USB 2.0 'Enhanced' Host Controller (EHCI) Driver
Oct 31 19:17:52 witherspoon kernel[1001]: [    1.840000] ehci-platform: EHCI generic platform driver
Oct 31 19:17:52 witherspoon kernel[1001]: [    2.050000] i2c /dev entries driver
Oct 31 19:18:02 witherspoon systemd[1]: Created slice system-dropbear.slice.
Oct 31 19:17:52 witherspoon kernel[1001]: [    2.050000] aspeed-i2c-bus 1e78a0c0.i2c-bus: i2c bus 2 registered, irq 26
Oct 31 19:17:52 witherspoon kernel[1001]: [    2.050000] aspeed-i2c-bus 1e78a100.i2c-bus: i2c bus 3 registered, irq 27
Oct 31 19:17:52 witherspoon kernel[1001]: [    2.050000] aspeed-i2c-bus 1e78a140.i2c-bus: i2c bus 4 registered, irq 28
Oct 31 19:17:52 witherspoon kernel[1001]: [    2.050000] aspeed-i2c-bus 1e78a180.i2c-bus: i2c bus 5 registered, irq 29
Oct 31 19:17:52 witherspoon kernel[1001]: [    2.050000] aspeed-i2c-bus 1e78a380.i2c-bus: i2c bus 9 registered, irq 30
Oct 31 19:17:52 witherspoon kernel[1001]: [    2.050000] aspeed-i2c-bus 1e78a3c0.i2c-bus: i2c bus 10 registered, irq 31
Oct 31 19:17:52 witherspoon kernel[1001]: [    2.050000] rtc-rv8803 11-0032: Voltage low, temperature compensation stopped.
Oct 31 19:17:52 witherspoon kernel[1001]: [    2.050000] rtc-rv8803 11-0032: An alarm maybe have been missed.
Oct 31 19:17:52 witherspoon kernel[1001]: [    2.150000] rtc-rv8803 11-0032: rtc core: registered rx8900 as rtc0
Oct 31 19:17:52 witherspoon kernel[1001]: [    2.160000] at24 11-0051: 8192 byte 24c64 EEPROM, writable, 1 bytes/write
Oct 31 19:17:52 witherspoon kernel[1001]: [    2.160000] aspeed-i2c-bus 1e78a400.i2c-bus: i2c bus 11 registered, irq 32
Oct 31 19:17:52 witherspoon kernel[1001]: [    2.160000] aspeed-i2c-bus 1e78a440.i2c-bus: i2c bus 12 registered, irq 33
Oct 31 19:17:52 witherspoon kernel[1001]: [    2.160000] aspeed-i2c-bus 1e78a480.i2c-bus: i2c bus 13 registered, irq 34
Oct 31 19:17:52 witherspoon kernel[1001]: [    2.160000] Driver for 1-wire Dallas network protocol.
Oct 31 19:17:52 witherspoon kernel[1001]: [    2.160000] lm75 9-004a: hwmon0: sensor 'tmp275'
Oct 31 19:17:52 witherspoon kernel[1001]: [    3.850000] ucd9000 11-0064: Device ID UCD90160|2.3.4.0000|110603
Oct 31 19:17:52 witherspoon kernel[1001]: [    4.420000] leds-pca955x 3-0060: leds-pca955x: Using pca9552 16-bit LED driver at slave address 0x60
Oct 31 19:17:52 witherspoon kernel[1001]: [    4.440000] leds-pca955x 3-0060: gpios 238...253
Oct 31 19:17:52 witherspoon kernel[1001]: [    4.440000] leds-pca955x 11-0060: leds-pca955x: Using pca9552 16-bit LED driver at slave address 0x60
Oct 31 19:17:52 witherspoon kernel[1001]: [    4.450000] leds-pca955x 11-0060: gpios 222...237
Oct 31 19:17:52 witherspoon kernel[1001]: [    4.460000] usbcore: registered new interface driver usbhid
Oct 31 19:17:52 witherspoon kernel[1001]: [    4.460000] usbhid: USB HID core driver
Oct 31 19:17:52 witherspoon kernel[1001]: [    4.510000] NET: Registered protocol family 10
Oct 31 19:17:52 witherspoon kernel[1001]: [    4.510000] Segment Routing with IPv6
