-- Logs begin at Sat 2017-08-05 05:49:20 UTC, end at Sat 2017-08-05 05:52:27 UTC. --
Aug 05 05:49:20 witherspoon kernel: Booting Linux on physical CPU 0x0
Aug 05 05:49:20 witherspoon kernel: Linux version 4.10.17-03afe5775baf06c3037d62cc2a15628079af38c9 (jenkins@hudson) (gcc version 6.2.0 (GCC) ) #1 Tue Aug 1 17:31:09 UTC 2017
Aug 05 05:49:20 witherspoon kernel: CPU: ARMv6-compatible processor [410fb767] revision 7 (ARMv7), cr=00c5387d
Aug 05 05:49:20 witherspoon kernel: CPU: PIPT / VIPT nonaliasing data cache, VIPT nonaliasing instruction cache
Aug 05 05:49:20 witherspoon kernel: OF: fdt:Machine model: Witherspoon BMC
Aug 05 05:49:20 witherspoon kernel: Memory policy: Data cache writeback
Aug 05 05:49:20 witherspoon kernel: SOC Rev: 04030303
Aug 05 05:49:20 witherspoon kernel: On node 0 totalpages: 110592
Aug 05 05:49:20 witherspoon kernel: free_area_init_node: node 0, pgdat 805ff5f4, node_mem_map 9ec1a000
Aug 05 05:49:20 witherspoon kernel:   Normal zone: 992 pages used for memmap
Aug 05 05:49:20 witherspoon kernel:   Normal zone: 0 pages reserved
Aug 05 05:49:20 witherspoon kernel:   Normal zone: 110592 pages, LIFO batch:31
Aug 05 05:49:20 witherspoon kernel: pcpu-alloc: s0 r0 d32768 u32768 alloc=1*32768
Aug 05 05:49:20 witherspoon kernel: pcpu-alloc: [0] 0 
Aug 05 05:49:20 witherspoon kernel: Built 1 zonelists in Zone order, mobility grouping on.  Total pages: 109600
Aug 05 05:49:20 witherspoon kernel: Kernel command line: console=ttyS4,115200n8 root=/dev/ram rw
Aug 05 05:49:20 witherspoon kernel: PID hash table entries: 2048 (order: 1, 8192 bytes)
Aug 05 05:49:20 witherspoon kernel: Dentry cache hash table entries: 65536 (order: 6, 262144 bytes)
Aug 05 05:49:20 witherspoon kernel: Inode-cache hash table entries: 32768 (order: 5, 131072 bytes)
Aug 05 05:49:20 witherspoon kernel: Memory: 430440K/442368K available (4065K kernel code, 280K rwdata, 1192K rodata, 284K init, 111K bss, 11928K reserved, 0K cma-reserved)
Aug 05 05:49:20 witherspoon kernel: Virtual kernel memory layout:
                                        vector  : 0xffff0000 - 0xffff1000   (   4 kB)
                                        fixmap  : 0xffc00000 - 0xfff00000   (3072 kB)
                                        vmalloc : 0x9f800000 - 0xff800000   (1536 MB)
                                        lowmem  : 0x80000000 - 0x9f000000   ( 496 MB)
                                          .text : 0x80008000 - 0x80400940   (4067 kB)
                                          .init : 0x80585000 - 0x805cc000   ( 284 kB)
                                          .data : 0x805cc000 - 0x80612358   ( 281 kB)
                                           .bss : 0x80612358 - 0x8062e1f8   ( 112 kB)
Aug 05 05:49:20 witherspoon kernel: NR_IRQS:16 nr_irqs:16 16
Aug 05 05:49:20 witherspoon kernel: i2c controller registered, irq 16
Aug 05 05:49:20 witherspoon kernel: clocksource: moxart_timer: mask: 0xffffffff max_cycles: 0xffffffff, max_idle_ns: 77222644334 ns
Aug 05 05:49:20 witherspoon kernel: sched_clock: 32 bits at 100 Hz, resolution 10000000ns, wraps every 21474836475000000ns
Aug 05 05:49:20 witherspoon kernel: Calibrating delay loop... 789.70 BogoMIPS (lpj=3948544)
Aug 05 05:49:20 witherspoon kernel: pid_max: default: 32768 minimum: 301
Aug 05 05:49:20 witherspoon kernel: Mount-cache hash table entries: 1024 (order: 0, 4096 bytes)
Aug 05 05:49:20 witherspoon kernel: Mountpoint-cache hash table entries: 1024 (order: 0, 4096 bytes)
Aug 05 05:49:20 witherspoon kernel: CPU: Testing write buffer coherency: ok
Aug 05 05:49:20 witherspoon kernel: ftrace: allocating 14934 entries in 44 pages
Aug 05 05:49:20 witherspoon kernel: Setting up static identity map for 0x80008200 - 0x8000825c
Aug 05 05:49:20 witherspoon kernel: devtmpfs: initialized
Aug 05 05:49:20 witherspoon kernel: clocksource: jiffies: mask: 0xffffffff max_cycles: 0xffffffff, max_idle_ns: 19112604462750000 ns
Aug 05 05:49:20 witherspoon kernel: futex hash table entries: 256 (order: -1, 3072 bytes)
Aug 05 05:49:20 witherspoon kernel: pinctrl core: initialized pinctrl subsystem
Aug 05 05:49:20 witherspoon kernel: NET: Registered protocol family 16
Aug 05 05:49:20 witherspoon kernel: DMA: preallocated 256 KiB pool for atomic coherent allocations
Aug 05 05:49:20 witherspoon kernel: usbcore: registered new interface driver usbfs
Aug 05 05:49:20 witherspoon kernel: usbcore: registered new interface driver hub
Aug 05 05:49:20 witherspoon kernel: usbcore: registered new device driver usb
Aug 05 05:49:20 witherspoon kernel: clocksource: Switched to clocksource moxart_timer
Aug 05 05:49:20 witherspoon kernel: NET: Registered protocol family 2
Aug 05 05:49:20 witherspoon kernel: TCP established hash table entries: 4096 (order: 2, 16384 bytes)
Aug 05 05:49:20 witherspoon kernel: TCP bind hash table entries: 4096 (order: 2, 16384 bytes)
Aug 05 05:49:20 witherspoon kernel: TCP: Hash tables configured (established 4096 bind 4096)
Aug 05 05:49:20 witherspoon kernel: UDP hash table entries: 256 (order: 0, 4096 bytes)
Aug 05 05:49:20 witherspoon kernel: UDP-Lite hash table entries: 256 (order: 0, 4096 bytes)
Aug 05 05:49:20 witherspoon kernel: NET: Registered protocol family 1
Aug 05 05:49:20 witherspoon kernel: Trying to unpack rootfs image as initramfs...
Aug 05 05:49:20 witherspoon kernel: Freeing initrd memory: 1544K
Aug 05 05:49:20 witherspoon kernel: workingset: timestamp_bits=30 max_order=17 bucket_order=0
Aug 05 05:49:20 witherspoon kernel: squashfs: version 4.0 (2009/01/31) Phillip Lougher
Aug 05 05:49:20 witherspoon kernel: jffs2: version 2.2. (SUMMARY)  © 2001-2006 Red Hat, Inc.
Aug 05 05:49:20 witherspoon kernel: Block layer SCSI generic (bsg) driver version 0.4 loaded (major 250)
Aug 05 05:49:20 witherspoon kernel: io scheduler noop registered
Aug 05 05:49:20 witherspoon kernel: io scheduler deadline registered
Aug 05 05:49:20 witherspoon kernel: io scheduler cfq registered (default)
Aug 05 05:49:20 witherspoon kernel: ipmi-bt-host 1e789140.ibt: Found bt bmc device
Aug 05 05:49:20 witherspoon kernel: ipmi-bt-host 1e789140.ibt: Using IRQ 22
Aug 05 05:49:20 witherspoon kernel: Serial: 8250/16550 driver, 6 ports, IRQ sharing enabled
Aug 05 05:49:20 witherspoon kernel: 1e787000.vuart: ttyS0 at MMIO 0x1e787000 (irq = 22, base_baud = 1500000) is a 16550A
Aug 05 05:49:20 witherspoon kernel: 1e783000.serial: ttyS1 at MMIO 0x1e783000 (irq = 23, base_baud = 1500000) is a 16550A
Aug 05 05:49:20 witherspoon kernel: 1e78d000.serial: ttyS2 at MMIO 0x1e78d000 (irq = 24, base_baud = 1500000) is a 16550A
Aug 05 05:49:20 witherspoon kernel: 1e784000.serial: ttyS4 at MMIO 0x1e784000 (irq = 25, base_baud = 1500000) is a 16550A
Aug 05 05:49:20 witherspoon kernel: console [ttyS4] enabled
Aug 05 05:49:20 witherspoon kernel: timeriomem_rng 1e6e2078.hwrng: 32bits from 0xf00e2078 @ 1us
Aug 05 05:49:20 witherspoon kernel: random: fast init done
Aug 05 05:49:20 witherspoon kernel: brd: module loaded
Aug 05 05:49:20 witherspoon kernel: random: crng init done
Aug 05 05:49:20 witherspoon kernel: loop: module loaded
Aug 05 05:49:20 witherspoon kernel: aspeed-lpc-ctrl 1e789080.lpc-ctrl: Loaded at 0x98000000 (0x04000000)
Aug 05 05:49:20 witherspoon kernel: aspeed-smc 1e620000.flash-controller: Using IRQ 18
Aug 05 05:49:20 witherspoon kernel: aspeed-smc 1e620000.flash-controller: DMA support disabled.
Aug 05 05:49:20 witherspoon kernel: aspeed-smc 1e620000.flash-controller: mx25l25635e (32768 Kbytes)
Aug 05 05:49:20 witherspoon kernel: aspeed-smc 1e620000.flash-controller: CE0 window [ 0x20000000 - 0x22000000 ] 32MB
Aug 05 05:49:20 witherspoon kernel: aspeed-smc 1e620000.flash-controller: CE1 window [ 0x22000000 - 0x2a000000 ] 128MB
Aug 05 05:49:20 witherspoon kernel: 5 ofpart partitions found on MTD device bmc
Aug 05 05:49:20 witherspoon kernel: Creating 5 MTD partitions on "bmc":
Aug 05 05:49:20 witherspoon kernel: 0x000000000000-0x000000060000 : "u-boot"
Aug 05 05:49:20 witherspoon kernel: 0x000000060000-0x000000080000 : "u-boot-env"
Aug 05 05:49:20 witherspoon kernel: 0x000000080000-0x0000004c0000 : "kernel"
Aug 05 05:49:20 witherspoon kernel: 0x0000004c0000-0x000001c00000 : "rofs"
Aug 05 05:49:20 witherspoon kernel: 0x000001c00000-0x000002000000 : "rwfs"
Aug 05 05:49:20 witherspoon kernel: aspeed-smc 1e620000.flash-controller: mx25l25635e (32768 Kbytes)
Aug 05 05:49:20 witherspoon kernel: aspeed-smc 1e620000.flash-controller: CE1 window [ 0x22000000 - 0x24000000 ] 32MB
Aug 05 05:49:20 witherspoon kernel: aspeed-smc 1e620000.flash-controller: CE2 window [ 0x24000000 - 0x2c000000 ] 128MB
Aug 05 05:49:20 witherspoon kernel: aspeed-smc 1e630000.flash-controller: mx66l1g45g (131072 Kbytes)
Aug 05 05:49:20 witherspoon kernel: aspeed-smc 1e630000.flash-controller: CE0 window resized to 120MB (AST2500 HW quirk)
Aug 05 05:49:20 witherspoon kernel: aspeed-smc 1e630000.flash-controller: CE0 window [ 0x30000000 - 0x37800000 ] 120MB
Aug 05 05:49:20 witherspoon kernel: aspeed-smc 1e630000.flash-controller: CE0 window too small for chip 128MB
Aug 05 05:49:20 witherspoon kernel: aspeed-smc 1e630000.flash-controller: CE1 window [ 0x37800000 - 0x38000000 ] 8MB
Aug 05 05:49:20 witherspoon kernel: libphy: Fixed MDIO Bus: probed
Aug 05 05:49:20 witherspoon kernel: ftgmac100 1e660000.ethernet: Read MAC address 70:e2:84:14:23:e1 from chip
Aug 05 05:49:20 witherspoon kernel: ftgmac100 1e660000.ethernet: Using NCSI interface
Aug 05 05:49:20 witherspoon kernel: ftgmac100 1e660000.ethernet eth0: irq 20, mapped at f0060000
Aug 05 05:49:20 witherspoon kernel: ehci_hcd: USB 2.0 'Enhanced' Host Controller (EHCI) Driver
Aug 05 05:49:20 witherspoon kernel: ehci-platform: EHCI generic platform driver
Aug 05 05:49:20 witherspoon kernel:  fsi0: can't read slave 00:00 -5
Aug 05 05:49:20 witherspoon kernel: i2c /dev entries driver
Aug 05 05:49:20 witherspoon kernel: aspeed-i2c-bus 1e78a0c0.i2c-bus: i2c bus 2 registered, irq 26
Aug 05 05:49:20 witherspoon kernel: aspeed-i2c-bus 1e78a100.i2c-bus: i2c bus 3 registered, irq 27
Aug 05 05:49:20 witherspoon kernel: aspeed-i2c-bus 1e78a140.i2c-bus: i2c bus 4 registered, irq 28
Aug 05 05:49:20 witherspoon kernel: aspeed-i2c-bus 1e78a180.i2c-bus: i2c bus 5 registered, irq 29
Aug 05 05:49:20 witherspoon kernel: aspeed-i2c-bus 1e78a380.i2c-bus: i2c bus 9 registered, irq 30
Aug 05 05:49:20 witherspoon kernel: aspeed-i2c-bus 1e78a3c0.i2c-bus: i2c bus 10 registered, irq 31
Aug 05 05:49:20 witherspoon kernel: rtc-rv8803 11-0032: Voltage low, temperature compensation stopped.
Aug 05 05:49:20 witherspoon kernel: rtc-rv8803 11-0032: An alarm maybe have been missed.
Aug 05 05:49:20 witherspoon kernel: rtc-rv8803 11-0032: rtc core: registered rx8900 as rtc0
Aug 05 05:49:20 witherspoon kernel: at24 11-0051: 8192 byte 24c64 EEPROM, writable, 1 bytes/write
Aug 05 05:49:20 witherspoon kernel: aspeed-i2c-bus 1e78a400.i2c-bus: i2c bus 11 registered, irq 32
Aug 05 05:49:20 witherspoon kernel: aspeed-i2c-bus 1e78a440.i2c-bus: i2c bus 12 registered, irq 33
Aug 05 05:49:20 witherspoon kernel: aspeed-i2c-bus 1e78a480.i2c-bus: i2c bus 13 registered, irq 34
Aug 05 05:49:20 witherspoon kernel: Driver for 1-wire Dallas network protocol.
Aug 05 05:49:20 witherspoon kernel: lm75 9-004a: hwmon0: sensor 'tmp275'
Aug 05 05:49:20 witherspoon kernel: ucd9000 11-0064: Device ID UCD90160|2.3.4.0000|110603
Aug 05 05:49:20 witherspoon kernel: leds-pca955x 3-0060: leds-pca955x: Using pca9552 16-bit LED driver at slave address 0x60
Aug 05 05:49:20 witherspoon kernel: leds-pca955x 11-0060: leds-pca955x: Using pca9552 16-bit LED driver at slave address 0x60
Aug 05 05:49:20 witherspoon kernel: leds-pca955x 11-0060: gpios 264...279
Aug 05 05:49:20 witherspoon kernel: usbcore: registered new interface driver usbhid
Aug 05 05:49:20 witherspoon kernel: usbhid: USB HID core driver
Aug 05 05:49:20 witherspoon kernel: NET: Registered protocol family 10
Aug 05 05:49:20 witherspoon kernel: Segment Routing with IPv6
Aug 05 05:49:20 witherspoon kernel: NET: Registered protocol family 17
Aug 05 05:49:20 witherspoon kernel: 8021q: 802.1Q VLAN Support v1.8
Aug 05 05:49:20 witherspoon kernel: console [netcon0] enabled
Aug 05 05:49:20 witherspoon kernel: netconsole: network logging started
Aug 05 05:49:20 witherspoon kernel: input: gpio-keys as /devices/platform/gpio-keys/input/input0
Aug 05 05:49:20 witherspoon kernel: rtc-rv8803 11-0032: setting system clock to 2017-08-05 05:49:07 UTC (1501912147)
Aug 05 05:49:20 witherspoon kernel: Freeing unused kernel memory: 284K
Aug 05 05:49:20 witherspoon kernel: This architecture does not have kernel memory protection.
Aug 05 05:49:20 witherspoon kernel: jffs2: notice: (533) jffs2_build_xattr_subsystem: complete building xattr subsystem, 1 of xdatum (1 unchecked, 0 orphan) and 6 of xref (0 dead, 1 orphan) found.
Aug 05 05:49:20 witherspoon systemd[1]: Failed to insert module 'autofs4': No such file or directory
Aug 05 05:49:20 witherspoon systemd[1]: systemd 232 running in system mode. (+PAM -AUDIT -SELINUX -IMA -APPARMOR -SMACK +SYSVINIT -UTMP -LIBCRYPTSETUP -GCRYPT -GNUTLS +ACL +XZ -LZ4 -SECCOMP +BLKID -ELFUTILS +KMOD -IDN)
Aug 05 05:49:20 witherspoon systemd[1]: Detected architecture arm.
Aug 05 05:49:20 witherspoon systemd[1]: Set hostname to <witherspoon>.
Aug 05 05:49:20 witherspoon systemd[1]: Listening on /dev/initctl Compatibility Named Pipe.
Aug 05 05:49:20 witherspoon systemd[1]: Listening on udev Kernel Socket.
Aug 05 05:49:20 witherspoon systemd[1]: Listening on Journal Socket (/dev/log).
Aug 05 05:49:20 witherspoon systemd[1]: Reached target Swap.
Aug 05 05:49:20 witherspoon systemd[1]: Started Forward Password Requests to Wall Directory Watch.
Aug 05 05:49:20 witherspoon systemd[1]: Listening on udev Control Socket.
Aug 05 05:49:20 witherspoon systemd[1]: Listening on Syslog Socket.
Aug 05 05:49:20 witherspoon systemd-journald[702]: Journal started
Aug 05 05:49:20 witherspoon systemd-journald[702]: Runtime journal (/run/log/journal/cc6e1404d87444e8a089dfdb00a18f7d) is 0B, max 0B, 0B free.
Aug 05 05:49:20 witherspoon systemd-sysctl[694]: Couldn't write '16' to 'kernel/sysrq', ignoring: No such file or directory
Aug 05 05:49:20 witherspoon systemd-sysctl[694]: Couldn't write 'fq_codel' to 'net/core/default_qdisc', ignoring: No such file or directory
Aug 05 05:49:20 witherspoon systemd[1]: Starting Flush Journal to Persistent Storage...
Aug 05 05:49:21 witherspoon systemd[1]: Started Create Static Device Nodes in /dev.
Aug 05 05:49:21 witherspoon systemd[1]: Reached target Local File Systems (Pre).
Aug 05 05:49:21 witherspoon systemd[1]: Mounting /var/volatile...
Aug 05 05:49:21 witherspoon systemd[1]: Starting udev Kernel Device Manager...
Aug 05 05:49:21 witherspoon systemd[1]: Mounted /var/volatile.
Aug 05 05:49:21 witherspoon systemd-journald[702]: Runtime journal (/run/log/journal/cc6e1404d87444e8a089dfdb00a18f7d) is 0B, max 0B, 0B free.
Aug 05 05:49:21 witherspoon systemd[1]: Reached target Local File Systems.
Aug 05 05:49:21 witherspoon systemd[1]: Starting Rebuild Journal Catalog...
Aug 05 05:49:21 witherspoon systemd[1]: Starting Load/Save Random Seed...
Aug 05 05:49:21 witherspoon systemd[1]: Started Flush Journal to Persistent Storage.
Aug 05 05:49:21 witherspoon systemd[1]: Starting Create Volatile Files and Directories...
Aug 05 05:49:21 witherspoon systemd-tmpfiles[826]: "/var/tmp" already exists and is not a directory.
Aug 05 05:49:21 witherspoon systemd-tmpfiles[826]: "/var/log" already exists and is not a directory.
Aug 05 05:49:21 witherspoon systemd[1]: Started Load/Save Random Seed.
Aug 05 05:49:22 witherspoon systemd[1]: Started Create Volatile Files and Directories.
Aug 05 05:49:22 witherspoon systemd[1]: Started Rebuild Journal Catalog.
Aug 05 05:49:22 witherspoon systemd[1]: Started udev Coldplug all Devices.
Aug 05 05:49:22 witherspoon systemd[1]: Starting Update is Completed...
Aug 05 05:49:22 witherspoon systemd[1]: Starting Run pending postinsts...
Aug 05 05:49:22 witherspoon systemd[1]: Starting Network Time Synchronization...
Aug 05 05:49:22 witherspoon systemd[1]: Started udev Kernel Device Manager.
Aug 05 05:49:23 witherspoon systemd[1]: Started Update is Completed.
Aug 05 05:49:23 witherspoon systemd[1]: dev-hugepages.mount: Couldn't determine result for ConditionVirtualization=!private-users, assuming failed: No such file or directory
Aug 05 05:49:23 witherspoon systemd[1]: Created slice system-xyz.openbmc_project.Hwmon.slice.
Aug 05 05:49:24 witherspoon run-postinsts[947]: Running postinst /etc/rpm-postinsts/libglib-2.0-0...
Aug 05 05:49:24 witherspoon systemd[1]: Found device /dev/aspeed-mbox.
Aug 05 05:49:24 witherspoon systemd[1]: Found device /dev/aspeed-lpc-ctrl.
Aug 05 05:49:24 witherspoon systemd[1]: Found device /dev/ttyS4.
Aug 05 05:49:24 witherspoon systemd[1]: Found device /dev/ttyVUART0.
Aug 05 05:49:24 witherspoon systemd[1]: dev-hugepages.mount: Couldn't determine result for ConditionVirtualization=!private-users, assuming failed: No such file or directory
Aug 05 05:49:25 witherspoon systemd[1]: Started Network Time Synchronization.
Aug 05 05:49:26 witherspoon run-postinsts[947]: rm: can't remove '/etc/rpm-postinsts': Operation not supported
Aug 05 05:49:26 witherspoon systemd[1]: Reached target System Time Synchronized.
Aug 05 05:49:26 witherspoon systemd[1]: Created slice system-xyz.openbmc_project.led.controller.slice.
Aug 05 05:49:26 witherspoon run-postinsts[947]:  Removing any system startup links for run-postinsts ...
Aug 05 05:49:26 witherspoon systemd[1]: dev-hugepages.mount: Couldn't determine result for ConditionVirtualization=!private-users, assuming failed: No such file or directory
Aug 05 05:49:26 witherspoon systemctl[979]: Removed /etc/systemd/system/sysinit.target.wants/run-postinsts.service.
Aug 05 05:49:26 witherspoon systemd[1]: Reloading.
Aug 05 05:49:29 witherspoon systemd[1]: Started Run pending postinsts.
Aug 05 05:49:29 witherspoon systemd[1]: Reached target System Initialization.
Aug 05 05:49:29 witherspoon systemd[1]: Listening on Phosphor DBUS Browser socket.
Aug 05 05:49:29 witherspoon systemd[1]: Listening on dropbear.socket.
Aug 05 05:49:29 witherspoon systemd[1]: Listening on phosphor-ipmi-net.socket.
Aug 05 05:49:29 witherspoon systemd[1]: Started Daily Cleanup of Temporary Directories.
Aug 05 05:49:29 witherspoon systemd[1]: Reached target Timers.
Aug 05 05:49:29 witherspoon systemd[1]: Listening on Avahi mDNS/DNS-SD Stack Activation Socket.
Aug 05 05:49:29 witherspoon systemd[1]: Listening on Phosphor Webserver socket.
Aug 05 05:49:29 witherspoon systemd[1]: Listening on Phosphor Host Console SSH Per-Connection socket.
Aug 05 05:49:29 witherspoon systemd[1]: Listening on D-Bus System Message Bus Socket.
Aug 05 05:49:29 witherspoon systemd[1]: Reached target Sockets.
Aug 05 05:49:29 witherspoon systemd[1]: Reached target Basic System.
Aug 05 05:49:29 witherspoon systemd[1]: Starting Phosphor Sensor Manager...
Aug 05 05:49:29 witherspoon systemd[1]: Starting Phosphor Dump Manager...
Aug 05 05:49:29 witherspoon systemd[1]: Started Phosphor sysfs LED controller.
Aug 05 05:49:29 witherspoon systemd[1]: Starting Phosphor User Manager...
Aug 05 05:49:29 witherspoon systemd[1]: Starting Clear one time boot overrides...
Aug 05 05:49:30 witherspoon systemd[1]: Started Phosphor sysfs LED controller.
Aug 05 05:49:30 witherspoon systemd[1]: Starting Phosphor Log Manager...
Aug 05 05:49:30 witherspoon systemd[1]: Starting Phosphor Download Manager...
Aug 05 05:49:30 witherspoon systemd[1]: Started System Logging Service.
Aug 05 05:49:31 witherspoon kernel[1001]: klogd started: BusyBox v1.24.1 (2017-06-16 19:26:49 UTC)
Aug 05 05:49:30 witherspoon systemd[1]: Starting Phosphor Download Manager...
Aug 05 05:49:31 witherspoon kernel[1001]: [    0.000000] Booting Linux on physical CPU 0x0
Aug 05 05:49:30 witherspoon systemd[1]: Started Phosphor sysfs LED controller.
Aug 05 05:49:31 witherspoon kernel[1001]: [    0.000000] Linux version 4.10.17-03afe5775baf06c3037d62cc2a15628079af38c9 (jenkins@hudson) (gcc version 6.2.0 (GCC) ) #1 Tue Aug 1 17:31:09 UTC 2017
Aug 05 05:49:30 witherspoon systemd[1]: Started Kernel Logging Service.
Aug 05 05:49:31 witherspoon kernel[1001]: [    0.000000] CPU: ARMv6-compatible processor [410fb767] revision 7 (ARMv7), cr=00c5387d
Aug 05 05:49:30 witherspoon systemd[1]: Starting Phosphor Chassis0 Control...
Aug 05 05:49:31 witherspoon kernel[1001]: [    0.000000] CPU: PIPT / VIPT nonaliasing data cache, VIPT nonaliasing instruction cache
Aug 05 05:49:30 witherspoon systemd[1]: Started Phosphor sysfs LED controller.
Aug 05 05:49:31 witherspoon kernel[1001]: [    0.000000] OF: fdt:Machine model: Witherspoon BMC
Aug 05 05:49:30 witherspoon systemd[1]: Starting Remount the squashfs and ubi volumes after a reboot...
Aug 05 05:49:31 witherspoon kernel[1001]: [    0.000000] Memory policy: Data cache writeback
Aug 05 05:49:30 witherspoon systemd[1]: Started Phosphor sysfs LED controller.
Aug 05 05:49:31 witherspoon kernel[1001]: [    0.000000] SOC Rev: 04030303
Aug 05 05:49:30 witherspoon systemd[1]: Starting Phosphor BMC0 Control...
Aug 05 05:49:31 witherspoon kernel[1001]: [    0.000000] On node 0 totalpages: 110592
Aug 05 05:49:30 witherspoon systemd[1]: Started Phosphor sysfs LED controller.
Aug 05 05:49:31 witherspoon kernel[1001]: [    0.000000] free_area_init_node: node 0, pgdat 805ff5f4, node_mem_map 9ec1a000
Aug 05 05:49:30 witherspoon systemd[1]: Started Phosphor sysfs LED controller.
Aug 05 05:49:31 witherspoon kernel[1001]: [    0.000000]   Normal zone: 992 pages used for memmap
Aug 05 05:49:33 witherspoon kernel: ubi7: default fastmap pool size: 100
Aug 05 05:49:33 witherspoon kernel: ubi7: default fastmap WL pool size: 50
Aug 05 05:49:33 witherspoon kernel: ubi7: attaching mtd7
Aug 05 05:49:33 witherspoon kernel: ubi7: scanning is finished
Aug 05 05:49:33 witherspoon kernel: ubi7 error: ubi_read_volume_table: the layout volume was not found
Aug 05 05:49:33 witherspoon kernel: ubi7 error: ubi_attach_mtd_dev: failed to attach mtd7, error -22
Aug 05 05:49:30 witherspoon systemd[1]: Started Hardware RNG Entropy Gatherer Daemon.
Aug 05 05:49:31 witherspoon kernel[1001]: [    0.000000]   Normal zone: 0 pages reserved
Aug 05 05:49:30 witherspoon systemd[1]: Started Phosphor Dump core monitor..
Aug 05 05:49:33 witherspoon obmc-flash-bios[1004]: ubiattach: error!: cannot attach mtd7
Aug 05 05:49:33 witherspoon obmc-flash-bios[1004]:            error 22 (Invalid argument)
Aug 05 05:49:31 witherspoon kernel[1001]: [    0.000000]   Normal zone: 110592 pages, LIFO batch:31
Aug 05 05:49:31 witherspoon systemd[1]: Started Phosphor Console Muxer listening on device /dev/ttyVUART0.
Aug 05 05:49:31 witherspoon kernel[1001]: [    0.000000] pcpu-alloc: s0 r0 d32768 u32768 alloc=1*32768
Aug 05 05:49:31 witherspoon systemd[1]: Started Phosphor sysfs LED controller.
Aug 05 05:49:31 witherspoon kernel[1001]: [    0.000000] pcpu-alloc: [0] 0
Aug 05 05:49:31 witherspoon systemd[1]: Started Phosphor sysfs LED controller.
Aug 05 05:49:31 witherspoon kernel[1001]: [    0.000000] Built 1 zonelists in Zone order, mobility grouping on.  Total pages: 109600
Aug 05 05:49:31 witherspoon systemd[1]: Starting Phosphor DBus Service Discovery Manager...
Aug 05 05:49:31 witherspoon kernel[1001]: [    0.000000] Kernel command line: console=ttyS4,115200n8 root=/dev/ram rw
Aug 05 05:49:31 witherspoon systemd[1]: Started Phosphor sysfs LED controller.
Aug 05 05:49:31 witherspoon kernel[1001]: [    0.000000] PID hash table entries: 2048 (order: 1, 8192 bytes)
Aug 05 05:49:31 witherspoon systemd[1]: Starting Phosphor Inventory Manager...
Aug 05 05:49:31 witherspoon kernel[1001]: [    0.000000] Dentry cache hash table entries: 65536 (order: 6, 262144 bytes)
Aug 05 05:49:31 witherspoon systemd[1]: Reached target Containers.
Aug 05 05:49:31 witherspoon kernel[1001]: [    0.000000] Inode-cache hash table entries: 32768 (order: 5, 131072 bytes)
Aug 05 05:49:31 witherspoon systemd[1]: Starting Phosphor LED Group Management Daemon...
Aug 05 05:49:31 witherspoon kernel[1001]: [    0.000000] Memory: 430440K/442368K available (4065K kernel code, 280K rwdata, 1192K rodata, 284K init, 111K bss, 11928K reserved, 0K cma-reserved)
Aug 05 05:49:32 witherspoon systemd[1]: Started D-Bus System Message Bus.
Aug 05 05:49:31 witherspoon kernel[1001]: [    0.000000] Virtual kernel memory layout:
Aug 05 05:49:31 witherspoon kernel[1001]: [    0.000000]     vector  : 0xffff0000 - 0xffff1000   (   4 kB)
Aug 05 05:49:31 witherspoon kernel[1001]: [    0.000000]     fixmap  : 0xffc00000 - 0xfff00000   (3072 kB)
Aug 05 05:49:31 witherspoon kernel[1001]: [    0.000000]     vmalloc : 0x9f800000 - 0xff800000   (1536 MB)
Aug 05 05:49:31 witherspoon kernel[1001]: [    0.000000]     lowmem  : 0x80000000 - 0x9f000000   ( 496 MB)
Aug 05 05:49:31 witherspoon kernel[1001]: [    0.000000]       .text : 0x80008000 - 0x80400940   (4067 kB)
Aug 05 05:49:31 witherspoon kernel[1001]: [    0.000000]       .init : 0x80585000 - 0x805cc000   ( 284 kB)
Aug 05 05:49:31 witherspoon kernel[1001]: [    0.000000]       .data : 0x805cc000 - 0x80612358   ( 281 kB)
Aug 05 05:49:31 witherspoon kernel[1001]: [    0.000000]        .bss : 0x80612358 - 0x8062e1f8   ( 112 kB)
Aug 05 05:49:31 witherspoon kernel[1001]: [    0.000000] NR_IRQS:16 nr_irqs:16 16
Aug 05 05:49:31 witherspoon kernel[1001]: [    0.000000] i2c controller registered, irq 16
Aug 05 05:49:31 witherspoon kernel[1001]: [    0.000000] clocksource: moxart_timer: mask: 0xffffffff max_cycles: 0xffffffff, max_idle_ns: 77222644334 ns
Aug 05 05:49:31 witherspoon kernel[1001]: [    0.000000] sched_clock: 32 bits at 100 Hz, resolution 10000000ns, wraps every 21474836475000000ns
Aug 05 05:49:31 witherspoon kernel[1001]: [    0.090000] Calibrating delay loop... 789.70 BogoMIPS (lpj=3948544)
Aug 05 05:49:31 witherspoon kernel[1001]: [    0.090000] pid_max: default: 32768 minimum: 301
Aug 05 05:49:31 witherspoon kernel[1001]: [    0.090000] Mount-cache hash table entries: 1024 (order: 0, 4096 bytes)
Aug 05 05:49:31 witherspoon kernel[1001]: [    0.090000] Mountpoint-cache hash table entries: 1024 (order: 0, 4096 bytes)
Aug 05 05:49:31 witherspoon kernel[1001]: [    0.090000] CPU: Testing write buffer coherency: ok
Aug 05 05:49:31 witherspoon kernel[1001]: [    0.090000] ftrace: allocating 14934 entries in 44 pages
Aug 05 05:49:31 witherspoon kernel[1001]: [    0.120000] Setting up static identity map for 0x80008200 - 0x8000825c
Aug 05 05:49:31 witherspoon kernel[1001]: [    0.120000] devtmpfs: initialized
Aug 05 05:49:31 witherspoon kernel[1001]: [    0.150000] clocksource: jiffies: mask: 0xffffffff max_cycles: 0xffffffff, max_idle_ns: 19112604462750000 ns
Aug 05 05:49:31 witherspoon kernel[1001]: [    0.150000] futex hash table entries: 256 (order: -1, 3072 bytes)
Aug 05 05:49:31 witherspoon kernel[1001]: [    0.150000] pinctrl core: initialized pinctrl subsystem
Aug 05 05:49:31 witherspoon kernel[1001]: [    0.150000] NET: Registered protocol family 16
Aug 05 05:49:31 witherspoon kernel[1001]: [    0.150000] DMA: preallocated 256 KiB pool for atomic coherent allocations
Aug 05 05:49:31 witherspoon kernel[1001]: [    0.220000] usbcore: registered new interface driver usbfs
Aug 05 05:49:31 witherspoon kernel[1001]: [    0.220000] usbcore: registered new interface driver hub
Aug 05 05:49:31 witherspoon kernel[1001]: [    0.220000] usbcore: registered new device driver usb
Aug 05 05:49:31 witherspoon kernel[1001]: [    0.220000] clocksource: Switched to clocksource moxart_timer
Aug 05 05:49:31 witherspoon kernel[1001]: [    0.230000] NET: Registered protocol family 2
Aug 05 05:49:31 witherspoon kernel[1001]: [    0.230000] TCP established hash table entries: 4096 (order: 2, 16384 bytes)
Aug 05 05:49:31 witherspoon kernel[1001]: [    0.240000] TCP bind hash table entries: 4096 (order: 2, 16384 bytes)
Aug 05 05:49:31 witherspoon kernel[1001]: [    0.240000] TCP: Hash tables configured (established 4096 bind 4096)
Aug 05 05:49:31 witherspoon kernel[1001]: [    0.240000] UDP hash table entries: 256 (order: 0, 4096 bytes)
Aug 05 05:49:31 witherspoon kernel[1001]: [    0.240000] UDP-Lite hash table entries: 256 (order: 0, 4096 bytes)
Aug 05 05:49:31 witherspoon kernel[1001]: [    0.240000] NET: Registered protocol family 1
Aug 05 05:49:31 witherspoon kernel[1001]: [    0.240000] Trying to unpack rootfs image as initramfs...
Aug 05 05:49:31 witherspoon kernel[1001]: [    1.910000] Freeing initrd memory: 1544K
Aug 05 05:49:31 witherspoon kernel[1001]: [    1.910000] workingset: timestamp_bits=30 max_order=17 bucket_order=0
Aug 05 05:49:31 witherspoon kernel[1001]: [    1.910000] squashfs: version 4.0 (2009/01/31) Phillip Lougher
Aug 05 05:49:31 witherspoon kernel[1001]: [    1.910000] jffs2: version 2.2. (SUMMARY)  © 2001-2006 Red Hat, Inc.
Aug 05 05:49:31 witherspoon kernel[1001]: [    1.910000] Block layer SCSI generic (bsg) driver version 0.4 loaded (major 250)
Aug 05 05:49:31 witherspoon kernel[1001]: [    1.910000] io scheduler noop registered
Aug 05 05:49:31 witherspoon kernel[1001]: [    1.910000] io scheduler deadline registered
Aug 05 05:49:31 witherspoon kernel[1001]: [    1.910000] io scheduler cfq registered (default)
Aug 05 05:49:31 witherspoon kernel[1001]: [    2.060000] ipmi-bt-host 1e789140.ibt: Found bt bmc device
Aug 05 05:49:31 witherspoon kernel[1001]: [    2.060000] ipmi-bt-host 1e789140.ibt: Using IRQ 22
Aug 05 05:49:31 witherspoon kernel[1001]: [    2.060000] Serial: 8250/16550 driver, 6 ports, IRQ sharing enabled
Aug 05 05:49:31 witherspoon kernel[1001]: [    2.060000] 1e787000.vuart: ttyS0 at MMIO 0x1e787000 (irq = 22, base_baud = 1500000) is a 16550A
Aug 05 05:49:31 witherspoon kernel[1001]: [    2.060000] 1e783000.serial: ttyS1 at MMIO 0x1e783000 (irq = 23, base_baud = 1500000) is a 16550A
Aug 05 05:49:31 witherspoon kernel[1001]: [    2.060000] 1e78d000.serial: ttyS2 at MMIO 0x1e78d000 (irq = 24, base_baud = 1500000) is a 16550A
Aug 05 05:49:31 witherspoon kernel[1001]: [    2.060000] 1e784000.serial: ttyS4 at MMIO 0x1e784000 (irq = 25, base_baud = 1500000) is a 16550A
Aug 05 05:49:31 witherspoon kernel[1001]: [    2.410000] console [ttyS4] enabled
Aug 05 05:49:31 witherspoon kernel[1001]: [    2.590000] timeriomem_rng 1e6e2078.hwrng: 32bits from 0xf00e2078 @ 1us
Aug 05 05:49:31 witherspoon kernel[1001]: [    2.610000] random: fast init done
Aug 05 05:49:31 witherspoon kernel[1001]: [    2.650000] brd: module loaded
Aug 05 05:49:31 witherspoon kernel[1001]: [    2.670000] random: crng init done
Aug 05 05:49:31 witherspoon kernel[1001]: [    2.680000] loop: module loaded
Aug 05 05:49:31 witherspoon kernel[1001]: [    2.690000] aspeed-lpc-ctrl 1e789080.lpc-ctrl: Loaded at 0x98000000 (0x04000000)
Aug 05 05:49:31 witherspoon kernel[1001]: [    2.700000] aspeed-smc 1e620000.flash-controller: Using IRQ 18
Aug 05 05:49:31 witherspoon kernel[1001]: [    2.700000] aspeed-smc 1e620000.flash-controller: DMA support disabled.
Aug 05 05:49:31 witherspoon kernel[1001]: [    2.700000] aspeed-smc 1e620000.flash-controller: mx25l25635e (32768 Kbytes)
Aug 05 05:49:31 witherspoon kernel[1001]: [    2.720000] aspeed-smc 1e620000.flash-controller: CE0 window [ 0x20000000 - 0x22000000 ] 32MB
Aug 05 05:49:31 witherspoon kernel[1001]: [    2.720000] aspeed-smc 1e620000.flash-controller: CE1 window [ 0x22000000 - 0x2a000000 ] 128MB
Aug 05 05:49:31 witherspoon kernel[1001]: [    2.720000] 5 ofpart partitions found on MTD device bmc
Aug 05 05:49:31 witherspoon kernel[1001]: [    2.720000] Creating 5 MTD partitions on "bmc":
Aug 05 05:49:31 witherspoon kernel[1001]: [    2.750000] 0x000000000000-0x000000060000 : "u-boot"
Aug 05 05:49:31 witherspoon kernel[1001]: [    2.750000] 0x000000060000-0x000000080000 : "u-boot-env"
Aug 05 05:49:31 witherspoon kernel[1001]: [    2.770000] 0x000000080000-0x0000004c0000 : "kernel"
Aug 05 05:49:31 witherspoon kernel[1001]: [    2.770000] 0x0000004c0000-0x000001c00000 : "rofs"
Aug 05 05:49:31 witherspoon kernel[1001]: [    2.790000] 0x000001c00000-0x000002000000 : "rwfs"
Aug 05 05:49:31 witherspoon kernel[1001]: [    2.790000] aspeed-smc 1e620000.flash-controller: mx25l25635e (32768 Kbytes)
Aug 05 05:49:31 witherspoon kernel[1001]: [    2.800000] aspeed-smc 1e620000.flash-controller: CE1 window [ 0x22000000 - 0x24000000 ] 32MB
Aug 05 05:49:31 witherspoon kernel[1001]: [    2.800000] aspeed-smc 1e620000.flash-controller: CE2 window [ 0x24000000 - 0x2c000000 ] 128MB
Aug 05 05:49:31 witherspoon kernel[1001]: [    2.830000] aspeed-smc 1e630000.flash-controller: mx66l1g45g (131072 Kbytes)
Aug 05 05:49:31 witherspoon kernel[1001]: [    2.840000] aspeed-smc 1e630000.flash-controller: CE0 window resized to 120MB (AST2500 HW quirk)
Aug 05 05:49:31 witherspoon kernel[1001]: [    2.840000] aspeed-smc 1e630000.flash-controller: CE0 window [ 0x30000000 - 0x37800000 ] 120MB
Aug 05 05:49:31 witherspoon kernel[1001]: [    2.840000] aspeed-smc 1e630000.flash-controller: CE0 window too small for chip 128MB
Aug 05 05:49:31 witherspoon kernel[1001]: [    2.860000] aspeed-smc 1e630000.flash-controller: CE1 window [ 0x37800000 - 0x38000000 ] 8MB
Aug 05 05:49:31 witherspoon kernel[1001]: [    3.610000] libphy: Fixed MDIO Bus: probed
Aug 05 05:49:31 witherspoon kernel[1001]: [    3.610000] ftgmac100 1e660000.ethernet: Read MAC address 70:e2:84:14:23:e1 from chip
Aug 05 05:49:31 witherspoon kernel[1001]: [    3.610000] ftgmac100 1e660000.ethernet: Using NCSI interface
Aug 05 05:49:31 witherspoon kernel[1001]: [    3.610000] ftgmac100 1e660000.ethernet eth0: irq 20, mapped at f0060000
Aug 05 05:49:31 witherspoon kernel[1001]: [    3.610000] ehci_hcd: USB 2.0 'Enhanced' Host Controller (EHCI) Driver
Aug 05 05:49:31 witherspoon kernel[1001]: [    3.610000] ehci-platform: EHCI generic platform driver
Aug 05 05:49:31 witherspoon kernel[1001]: [    3.840000]  fsi0: can't read slave 00:00 -5
Aug 05 05:49:31 witherspoon kernel[1001]: [    3.840000] i2c /dev entries driver
Aug 05 05:49:31 witherspoon kernel[1001]: [    3.840000] aspeed-i2c-bus 1e78a0c0.i2c-bus: i2c bus 2 registered, irq 26
Aug 05 05:49:31 witherspoon kernel[1001]: [    3.840000] aspeed-i2c-bus 1e78a100.i2c-bus: i2c bus 3 registered, irq 27
Aug 05 05:49:31 witherspoon kernel[1001]: [    3.840000] aspeed-i2c-bus 1e78a140.i2c-bus: i2c bus 4 registered, irq 28
Aug 05 05:49:31 witherspoon kernel[1001]: [    3.840000] aspeed-i2c-bus 1e78a180.i2c-bus: i2c bus 5 registered, irq 29
Aug 05 05:49:31 witherspoon kernel[1001]: [    3.840000] aspeed-i2c-bus 1e78a380.i2c-bus: i2c bus 9 registered, irq 30
Aug 05 05:49:31 witherspoon kernel[1001]: [    3.840000] aspeed-i2c-bus 1e78a3c0.i2c-bus: i2c bus 10 registered, irq 31
Aug 05 05:49:31 witherspoon kernel[1001]: [    3.840000] rtc-rv8803 11-0032: Voltage low, temperature compensation stopped.
Aug 05 05:49:31 witherspoon kernel[1001]: [    3.840000] rtc-rv8803 11-0032: An alarm maybe have been missed.
Aug 05 05:49:31 witherspoon kernel[1001]: [    3.940000] rtc-rv8803 11-0032: rtc core: registered rx8900 as rtc0
Aug 05 05:49:31 witherspoon kernel[1001]: [    3.950000] at24 11-0051: 8192 byte 24c64 EEPROM, writable, 1 bytes/write
Aug 05 05:49:31 witherspoon kernel[1001]: [    3.950000] aspeed-i2c-bus 1e78a400.i2c-bus: i2c bus 11 registered, irq 32
Aug 05 05:49:31 witherspoon kernel[1001]: [    3.950000] aspeed-i2c-bus 1e78a440.i2c-bus: i2c bus 12 registered, irq 33
Aug 05 05:49:31 witherspoon kernel[1001]: [    3.950000] aspeed-i2c-bus 1e78a480.i2c-bus: i2c bus 13 registered, irq 34
Aug 05 05:49:31 witherspoon kernel[1001]: [    3.950000] Driver for 1-wire Dallas network protocol.
Aug 05 05:49:31 witherspoon kernel[1001]: [    3.950000] lm75 9-004a: hwmon0: sensor 'tmp275'
Aug 05 05:49:31 witherspoon kernel[1001]: [    4.770000] ucd9000 11-0064: Device ID UCD90160|2.3.4.0000|110603
Aug 05 05:49:31 witherspoon kernel[1001]: [    5.100000] leds-pca955x 3-0060: leds-pca955x: Using pca9552 16-bit LED driver at slave address 0x60
Aug 05 05:49:31 witherspoon kernel[1001]: [    5.120000] leds-pca955x 11-0060: leds-pca955x: Using pca9552 16-bit LED driver at slave address 0x60
Aug 05 05:49:31 witherspoon kernel[1001]: [    5.140000] leds-pca955x 11-0060: gpios 264...279
Aug 05 05:49:31 witherspoon kernel[1001]: [    5.140000] usbcore: registered new interface driver usbhid
Aug 05 05:49:31 witherspoon kernel[1001]: [    5.150000] usbhid: USB HID core driver
Aug 05 05:49:31 witherspoon kernel[1001]: [    5.200000] NET: Registered protocol family 10
Aug 05 05:49:31 witherspoon kernel[1001]: [    5.200000] Segment Routing with IPv6
Aug 05 05:49:31 witherspoon kernel[1001]: [    5.210000] NET: Registered protocol family 17
Aug 05 05:49:31 witherspoon kernel[1001]: [    5.210000] 8021q: 802.1Q VLAN Support v1.8
Aug 05 05:49:31 witherspoon kernel[1001]: [    5.210000] console [netcon0] enabled
Aug 05 05:49:31 witherspoon kernel[1001]: [    5.210000] netconsole: network logging started
Aug 05 05:49:31 witherspoon kernel[1001]: [    5.230000] input: gpio-keys as /devices/platform/gpio-keys/input/input0
Aug 05 05:49:31 witherspoon kernel[1001]: [    5.240000] rtc-rv8803 11-0032: setting system clock to 2017-08-05 05:49:07 UTC (1501912147)
Aug 05 05:49:31 witherspoon kernel[1001]: [    5.250000] Freeing unused kernel memory: 284K
Aug 05 05:49:31 witherspoon kernel[1001]: [    5.250000] This architecture does not have kernel memory protection.
Aug 05 05:49:31 witherspoon kernel[1001]: [    7.190000] jffs2: notice: (533) jffs2_build_xattr_subsystem: complete building xattr subsystem, 1 of xdatum (1 unchecked, 0 orphan) and 6 of xref (0 dead, 1 orphan) found.
Aug 05 05:49:31 witherspoon kernel[1001]: [   14.230000] systemd[1]: Failed to insert module 'autofs4': No such file or directory
Aug 05 05:49:31 witherspoon kernel[1001]: [   14.230000] systemd[1]: systemd 232 running in system mode. (+PAM -AUDIT -SELINUX -IMA -APPARMOR -SMACK +SYSVINIT -UTMP -LIBCRYPTSETUP -GCRYPT -GNUTLS +ACL +XZ -LZ4 -SECCOMP +BLKID -ELFUTILS +KMOD -IDN)
Aug 05 05:49:31 witherspoon kernel[1001]: [   14.230000] systemd[1]: Detected architecture arm.
Aug 05 05:49:31 witherspoon kernel[1001]: [   14.550000] systemd[1]: Set hostname to <witherspoon>.
Aug 05 05:49:31 witherspoon kernel[1001]: [   16.130000] systemd[1]: Listening on /dev/initctl Compatibility Named Pipe.
Aug 05 05:49:31 witherspoon kernel[1001]: [   16.190000] systemd[1]: Listening on udev Kernel Socket.
Aug 05 05:49:31 witherspoon kernel[1001]: [   16.230000] systemd[1]: Listening on Journal Socket (/dev/log).
Aug 05 05:49:31 witherspoon kernel[1001]: [   16.270000] systemd[1]: Reached target Swap.
Aug 05 05:49:31 witherspoon kernel[1001]: [   16.300000] systemd[1]: Started Forward Password Requests to Wall Directory Watch.
Aug 05 05:49:31 witherspoon kernel[1001]: [   16.340000] systemd[1]: Listening on udev Control Socket.
Aug 05 05:49:31 witherspoon kernel[1001]: [   16.380000] systemd[1]: Listening on Syslog Socket.
Aug 05 05:49:31 witherspoon kernel[1001]: [   19.210000] systemd-journald[702]: Received request to flush runtime journal from PID 1
Aug 05 05:49:33 witherspoon kernel[1001]: [   31.510000] ubi7: default fastmap pool size: 100
Aug 05 05:49:33 witherspoon kernel[1001]: [   31.510000] ubi7: default fastmap WL pool size: 50
Aug 05 05:49:33 witherspoon kernel[1001]: [   31.510000] ubi7: attaching mtd7
Aug 05 05:49:33 witherspoon kernel[1001]: [   31.510000] ubi7: scanning is finished
Aug 05 05:49:33 witherspoon kernel[1001]: [   31.510000] ubi7 error: ubi_read_volume_table: the layout volume was not found
Aug 05 05:49:33 witherspoon kernel[1001]: [   31.510000] ubi7 error: ubi_attach_mtd_dev: failed to attach mtd7, error -22
Aug 05 05:49:38 witherspoon systemd[1]: Started Phosphor Download Manager.
Aug 05 05:49:38 witherspoon systemd[1]: Started Phosphor Log Manager.
Aug 05 05:49:38 witherspoon systemd[1]: Started Phosphor BMC0 Control.
Aug 05 05:49:38 witherspoon systemd[1]: Started Phosphor Inventory Manager.
Aug 05 05:49:38 witherspoon systemd[1]: Started Phosphor LED Group Management Daemon.
Aug 05 05:49:39 witherspoon systemd[1]: Starting Network Service...
Aug 05 05:49:39 witherspoon systemd[1]: Starting Avahi mDNS/DNS-SD Stack...
Aug 05 05:49:39 witherspoon systemd[1]: Starting Phosphor Inventory Manager...
Aug 05 05:49:39 witherspoon systemd[1]: Starting Phosphor Settings Daemon...
Aug 05 05:49:39 witherspoon systemd[1]: Starting Phosphor IPMI BT DBus Bridge...
Aug 05 05:49:39 witherspoon systemd[1]: Starting Phosphor Network Manager...
Aug 05 05:49:39 witherspoon systemd[1]: Starting OpenBMC Software Update Manager...
Aug 05 05:49:39 witherspoon systemd[1]: Started Clear one time boot overrides.
Aug 05 05:49:39 witherspoon systemd[1]: Started Remount the squashfs and ubi volumes after a reboot.
Aug 05 05:49:40 witherspoon systemd[1]: Starting OpenPower Software Update Manager...
Aug 05 05:49:40 witherspoon systemd[1]: Started Phosphor IPMI BT DBus Bridge.
Aug 05 05:49:40 witherspoon systemd[1]: Started Phosphor Settings Daemon.
Aug 05 05:49:40 witherspoon systemd[1]: Started OpenBMC Software Update Manager.
Aug 05 05:49:40 witherspoon systemd[1]: Started Phosphor Dump Manager.
Aug 05 05:49:41 witherspoon systemd[1]: Started OpenPower Software Update Manager.
Aug 05 05:49:41 witherspoon avahi-daemon[1031]: Found user 'avahi' (UID 999) and group 'avahi' (GID 999).
Aug 05 05:49:41 witherspoon avahi-daemon[1031]: Successfully dropped root privileges.
Aug 05 05:49:41 witherspoon avahi-daemon[1031]: avahi-daemon 0.6.32 starting up.
Aug 05 05:49:41 witherspoon avahi-daemon[1031]: Successfully called chroot().
Aug 05 05:49:41 witherspoon avahi-daemon[1031]: Successfully dropped remaining capabilities.
Aug 05 05:49:41 witherspoon avahi-daemon[1031]: Loading service file /services/obmc_console.service.
Aug 05 05:49:41 witherspoon systemd[1]: Started Avahi mDNS/DNS-SD Stack.
Aug 05 05:49:41 witherspoon systemd[1]: Starting Phosphor Version Software Manager...
Aug 05 05:49:42 witherspoon systemd[1]: Started Phosphor MBOX Daemon.
Aug 05 05:49:42 witherspoon avahi-daemon[1031]: Loading service file /services/phosphor_rest.service.
Aug 05 05:49:42 witherspoon avahi-daemon[1031]: Loading service file /services/sftp-ssh.service.
Aug 05 05:49:42 witherspoon avahi-daemon[1031]: Loading service file /services/sftp.service.
Aug 05 05:49:42 witherspoon avahi-daemon[1031]: Loading service file /services/ssh.service.
Aug 05 05:49:42 witherspoon avahi-daemon[1031]: Network interface enumeration completed.
Aug 05 05:49:42 witherspoon avahi-daemon[1031]: Server startup complete. Host name is witherspoon.local. Local service cookie is 3866799623.
Aug 05 05:49:42 witherspoon avahi-daemon[1031]: Service "witherspoon" (/services/ssh.service) successfully established.
Aug 05 05:49:42 witherspoon avahi-daemon[1031]: Service "sftp" (/services/sftp.service) successfully established.
Aug 05 05:49:42 witherspoon avahi-daemon[1031]: Service "witherspoon" (/services/sftp-ssh.service) successfully established.
Aug 05 05:49:42 witherspoon avahi-daemon[1031]: Service "phosphor_rest" (/services/phosphor_rest.service) successfully established.
Aug 05 05:49:42 witherspoon avahi-daemon[1031]: Service "obmc_console" (/services/obmc_console.service) successfully established.
Aug 05 05:49:42 witherspoon systemd-networkd[1030]: Enumeration completed
Aug 05 05:49:42 witherspoon systemd[1]: Started Network Service.
Aug 05 05:49:42 witherspoon systemd[1]: Reached target Network.
Aug 05 05:49:42 witherspoon systemd[1]: Starting Permit User Sessions...
Aug 05 05:49:42 witherspoon systemd[1]: Started Lightweight SLP Server.
Aug 05 05:49:43 witherspoon systemd-networkd[1030]: eth0: IPv6 enabled for interface: Success
Aug 05 05:49:43 witherspoon systemd-networkd[1030]: eth0: Gained carrier
Aug 05 05:49:43 witherspoon avahi-daemon[1031]: Joining mDNS multicast group on interface eth0.IPv4 with address 9.3.86.161.
Aug 05 05:49:43 witherspoon systemd-timesyncd[948]: Network configuration changed, trying to establish connection.
Aug 05 05:49:43 witherspoon avahi-daemon[1031]: New relevant interface eth0.IPv4 for mDNS.
Aug 05 05:49:43 witherspoon avahi-daemon[1031]: Registering new address record for 9.3.86.161 on eth0.IPv4.
Aug 05 05:49:44 witherspoon systemd[1]: Started Phosphor Version Software Manager.
Aug 05 05:49:44 witherspoon systemd[1]: Started Permit User Sessions.
Aug 05 05:49:44 witherspoon systemd[1]: Started Serial Getty on ttyS4.
Aug 05 05:49:44 witherspoon systemd[1]: Reached target Login Prompts.
Aug 05 05:49:44 witherspoon systemd[1]: Reached target Multi-User System.
Aug 05 05:49:44 witherspoon avahi-daemon[1031]: Joining mDNS multicast group on interface eth0.IPv6 with address fe80::72e2:84ff:fe14:23e1.
Aug 05 05:49:44 witherspoon systemd-networkd[1030]: eth0: Gained IPv6LL
Aug 05 05:49:44 witherspoon avahi-daemon[1031]: New relevant interface eth0.IPv6 for mDNS.
Aug 05 05:49:44 witherspoon avahi-daemon[1031]: Registering new address record for fe80::72e2:84ff:fe14:23e1 on eth0.*.
Aug 05 05:49:46 witherspoon kernel: ftgmac100 1e660000.ethernet eth0: NCSI interface up
Aug 05 05:49:46 witherspoon kernel[1001]: [   44.020000] ftgmac100 1e660000.ethernet eth0: NCSI interface up
Aug 05 05:49:48 witherspoon avahi-daemon[1031]: Service name conflict for "sftp" (/services/sftp.service), retrying with "sftp #2".
Aug 05 05:49:48 witherspoon avahi-daemon[1031]: Service name conflict for "obmc_console" (/services/obmc_console.service), retrying with "obmc_console #2".
Aug 05 05:49:49 witherspoon avahi-daemon[1031]: Service name conflict for "obmc_console" (/services/obmc_console.service), retrying with "obmc_console #3".
Aug 05 05:49:49 witherspoon avahi-daemon[1031]: Service name conflict for "sftp" (/services/sftp.service), retrying with "sftp #3".
Aug 05 05:49:50 witherspoon avahi-daemon[1031]: Service name conflict for "obmc_console" (/services/obmc_console.service), retrying with "obmc_console #4".
Aug 05 05:49:50 witherspoon avahi-daemon[1031]: Service name conflict for "sftp" (/services/sftp.service), retrying with "sftp #4".
Aug 05 05:49:51 witherspoon avahi-daemon[1031]: Service name conflict for "obmc_console" (/services/obmc_console.service), retrying with "obmc_console #5".
Aug 05 05:49:51 witherspoon avahi-daemon[1031]: Service name conflict for "sftp" (/services/sftp.service), retrying with "sftp #5".
Aug 05 05:49:53 witherspoon avahi-daemon[1031]: Service name conflict for "obmc_console" (/services/obmc_console.service), retrying with "obmc_console #6".
Aug 05 05:49:53 witherspoon avahi-daemon[1031]: Service name conflict for "sftp" (/services/sftp.service), retrying with "sftp #6".
Aug 05 05:49:53 witherspoon avahi-daemon[1031]: Service name conflict for "sftp" (/services/sftp.service), retrying with "sftp #7".
Aug 05 05:49:53 witherspoon avahi-daemon[1031]: Service name conflict for "obmc_console" (/services/obmc_console.service), retrying with "obmc_console #7".
Aug 05 05:49:54 witherspoon systemd[1]: Started Phosphor Download Manager.
Aug 05 05:49:55 witherspoon chassis_control.py[1002]: Running ChassisControlService
Aug 05 05:49:55 witherspoon sensor_manager2.py[990]: Setting boot count to 3
Aug 05 05:49:55 witherspoon sensor_manager2.py[990]: Starting sensor manager
Aug 05 05:49:55 witherspoon avahi-daemon[1031]: Service name conflict for "obmc_console" (/services/obmc_console.service), retrying with "obmc_console #8".
Aug 05 05:49:54 witherspoon systemd[1]: Started Phosphor Chassis0 Control.
Aug 05 05:49:55 witherspoon download_manager.py[999]: Running Download Manager
Aug 05 05:49:55 witherspoon systemd[1]: Started Phosphor Sensor Manager.
Aug 05 05:49:55 witherspoon avahi-daemon[1031]: Service "sftp #7" (/services/sftp.service) successfully established.
Aug 05 05:49:56 witherspoon inventory_items.py[1032]: Loading from cache: /var/cache/obmc/org.openbmc.inventory.system.chassis.motherboard.apss@org.openbmc.InventoryItem.props
Aug 05 05:49:56 witherspoon inventory_items.py[1032]: Loading from cache: /var/cache/obmc/org.openbmc.inventory.system.chassis.motherboard@org.openbmc.InventoryItem.props
Aug 05 05:49:56 witherspoon inventory_items.py[1032]: Loading from cache: /var/cache/obmc/org.openbmc.inventory.system.chassis.motherboard.refclock@org.openbmc.InventoryItem.props
Aug 05 05:49:56 witherspoon inventory_items.py[1032]: Loading from cache: /var/cache/obmc/org.openbmc.inventory.system.chassis.motherboard.cpu1.core7@org.openbmc.InventoryItem.props
Aug 05 05:49:56 witherspoon inventory_items.py[1032]: Loading from cache: /var/cache/obmc/org.openbmc.inventory.system.chassis.motherboard.cpu1.core4@org.openbmc.InventoryItem.props
Aug 05 05:49:56 witherspoon inventory_items.py[1032]: Loading from cache: /var/cache/obmc/org.openbmc.inventory.system.chassis.motherboard.cpu1.core1@org.openbmc.InventoryItem.props
Aug 05 05:49:56 witherspoon avahi-daemon[1031]: Service "obmc_console #8" (/services/obmc_console.service) successfully established.
Aug 05 05:49:56 witherspoon inventory_items.py[1032]: Loading from cache: /var/cache/obmc/org.openbmc.inventory.system.chassis.motherboard.cpu1.core10@org.openbmc.InventoryItem.props
Aug 05 05:49:56 witherspoon inventory_items.py[1032]: Loading from cache: /var/cache/obmc/org.openbmc.inventory.system.chassis.motherboard.todclock@org.openbmc.InventoryItem.props
Aug 05 05:49:56 witherspoon inventory_items.py[1032]: Loading from cache: /var/cache/obmc/org.openbmc.inventory.system.chassis.motherboard.cpu1@org.openbmc.InventoryItem.props
Aug 05 05:49:57 witherspoon inventory_items.py[1032]: Loading from cache: /var/cache/obmc/org.openbmc.inventory.system.chassis.motherboard.bmc@org.openbmc.InventoryItem.props
Aug 05 05:49:57 witherspoon inventory_items.py[1032]: Caching: /org/openbmc/inventory/system/chassis/motherboard/bmc
Aug 05 05:49:57 witherspoon inventory_items.py[1032]: Loading from cache: /var/cache/obmc/org.openbmc.inventory.system.chassis.motherboard.cpu0.core1@org.openbmc.InventoryItem.props
Aug 05 05:49:57 witherspoon inventory_items.py[1032]: Loading from cache: /var/cache/obmc/org.openbmc.inventory.system.chassis.motherboard.cpu0.core7@org.openbmc.InventoryItem.props
Aug 05 05:49:57 witherspoon inventory_items.py[1032]: Loading from cache: /var/cache/obmc/org.openbmc.inventory.system.chassis.motherboard.cpu0.core4@org.openbmc.InventoryItem.props
Aug 05 05:49:57 witherspoon inventory_items.py[1032]: Loading from cache: /var/cache/obmc/org.openbmc.inventory.system.chassis.motherboard.pcieclock@org.openbmc.InventoryItem.props
Aug 05 05:49:57 witherspoon phosphor-mapper[1014]: ObjectMapper startup complete.  Discovery in progress...
Aug 05 05:49:57 witherspoon systemd-networkd[1030]: eth0: Configured
Aug 05 05:49:57 witherspoon systemd-timesyncd[948]: Network configuration changed, trying to establish connection.
Aug 05 05:49:57 witherspoon inventory_items.py[1032]: Loading from cache: /var/cache/obmc/org.openbmc.inventory.system.chassis.motherboard.cpu0.core10@org.openbmc.InventoryItem.props
Aug 05 05:49:57 witherspoon inventory_items.py[1032]: Running Inventory Manager
Aug 05 05:49:57 witherspoon systemd[1]: Started Phosphor Inventory Manager.
Aug 05 05:49:58 witherspoon avahi-daemon[1040]: ../../avahi-0.6.32/avahi-daemon/chroot.c: open() failed: No such file or directory
Aug 05 05:49:58 witherspoon avahi-daemon[1031]: Failed to open /usr/share/dbus-1/interfaces/org.freedesktop.Avahi.Server.xml: Invalid argument
Aug 05 05:49:58 witherspoon avahi-daemon[1031]: Failed to load introspection data.
Aug 05 05:49:58 witherspoon systemd[1]: Started Phosphor User Manager.
Aug 05 05:49:59 witherspoon obmc-phosphor-userd[993]: Started
Aug 05 05:49:59 witherspoon systemd[1]: Started Phosphor Network Manager.
Aug 05 05:49:59 witherspoon netman.py[1035]: Started
Aug 05 05:50:07 witherspoon phosphor-mapper[1014]: ObjectMapper discovery complete
Aug 05 05:50:07 witherspoon systemd[1]: Started Phosphor DBus Service Discovery Manager.
Aug 05 05:50:07 witherspoon systemd[1]: Started Phosphor Hwmon Poller.
Aug 05 05:50:07 witherspoon systemd[1]: Reached target Phosphor Object Mapper.
Aug 05 05:50:07 witherspoon systemd[1]: Starting Wait for /xyz/openbmc_project/control/host0/auto_reboot...
Aug 05 05:50:07 witherspoon systemd[1]: Starting Wait for /org/openbmc/control/flash/bios...
Aug 05 05:50:07 witherspoon systemd[1]: Starting Wait for /xyz/openbmc_project/state/chassis0...
Aug 05 05:50:07 witherspoon systemd[1]: Starting Wait for /xyz/openbmc_project/inventory...
Aug 05 05:50:07 witherspoon systemd[1]: Started Phosphor DBus Monitor.
Aug 05 05:50:07 witherspoon systemd[1]: Starting Wait for /xyz/openbmc_project/time/sync_method...
Aug 05 05:50:07 witherspoon systemd[1]: Starting Wait for /org/openbmc/managers/Download...
Aug 05 05:50:07 witherspoon systemd[1]: Starting Phosphor Settings Manager...
Aug 05 05:50:07 witherspoon systemd[1]: Starting Wait for /xyz/openbmc_project/control/host0/boot_mode...
Aug 05 05:50:07 witherspoon systemd[1]: Starting Wait for /org/openbmc/control/power0...
Aug 05 05:50:07 witherspoon systemd[1]: Starting Wait for /xyz/openbmc_project/time/owner...
Aug 05 05:50:07 witherspoon systemd[1]: Starting Wait for /org/openbmc/control/bmc0...
Aug 05 05:50:07 witherspoon systemd[1]: Starting Wait for /xyz/openbmc_project/control/host0/boot_source...
Aug 05 05:50:07 witherspoon systemd[1]: Starting Wait for /xyz/openbmc_project/led/groups...
Aug 05 05:50:07 witherspoon systemd[1]: Starting Wait for /org/openbmc/managers/System...
Aug 05 05:50:07 witherspoon systemd[1]: Reached target Webserver (pre).
Aug 05 05:50:07 witherspoon systemd[1]: Started Phosphor Webserver.
Aug 05 05:50:07 witherspoon systemd[1]: Starting Wait for /xyz/openbmc_project/state/host0...
Aug 05 05:50:07 witherspoon systemd[1]: Starting Wait for /xyz/openbmc_project/control/host0/restriction_mode...
Aug 05 05:50:07 witherspoon systemd[1]: Starting Phoshpor System Manager...
Aug 05 05:50:07 witherspoon systemd[1]: Starting Phosphor Network Manager...
Aug 05 05:50:07 witherspoon systemd[1]: Starting Wait for /org/openbmc/NetworkManager/Interface...
Aug 05 05:50:07 witherspoon systemd[1]: Starting Wait for /xyz/openbmc_project/control/host0...
Aug 05 05:50:07 witherspoon systemd[1]: Starting Wait for /xyz/openbmc_project/control/host0/power_restore_policy...
Aug 05 05:50:07 witherspoon systemd[1]: Starting Wait for /xyz/openbmc_project/led/groups/bmc_booted...
Aug 05 05:50:07 witherspoon systemd[1]: Started Phosphor Hwmon Poller.
Aug 05 05:50:07 witherspoon systemd[1]: Started Phosphor Hwmon Poller.
Aug 05 05:50:07 witherspoon systemd[1]: Started Phosphor Hwmon Poller.
Aug 05 05:50:07 witherspoon systemd[1]: Started Phosphor Hwmon Poller.
Aug 05 05:50:07 witherspoon systemd[1]: Started Phosphor Hwmon Poller.
Aug 05 05:50:10 witherspoon phosphor-network-manager[1072]: ConfigParser: Section not found
Aug 05 05:50:10 witherspoon phosphor-network-manager[1072]: The operation failed internally.
Aug 05 05:50:11 witherspoon phosphor-network-manager[1072]: ConfigParser: Section not found
Aug 05 05:50:11 witherspoon phosphor-network-manager[1072]: The operation failed internally.
Aug 05 05:50:11 witherspoon phosphor-network-manager[1072]: ConfigParser: Key not found
Aug 05 05:50:11 witherspoon phosphor-network-manager[1072]: The operation failed internally.
Aug 05 05:50:14 witherspoon systemd[1]: Started Wait for /xyz/openbmc_project/time/owner.
Aug 05 05:50:14 witherspoon systemd[1]: Started Wait for /xyz/openbmc_project/control/host0/power_restore_policy.
Aug 05 05:50:14 witherspoon systemd[1]: Started Wait for /xyz/openbmc_project/inventory.
Aug 05 05:50:14 witherspoon systemd[1]: Started Wait for /org/openbmc/control/bmc0.
Aug 05 05:50:15 witherspoon systemd[1]: Started Phosphor GPIO 1 Presence.
Aug 05 05:50:15 witherspoon systemd[1]: Starting OpenPOWER OCC controller...
Aug 05 05:50:15 witherspoon systemd[1]: Started Phosphor Cooling Type.
Aug 05 05:50:15 witherspoon systemd[1]: Started Phosphor GPIO 0 Presence.
Aug 05 05:50:15 witherspoon systemd[1]: Starting Read OpenPOWER-format VPD from EEPROM...
Aug 05 05:50:15 witherspoon systemd[1]: Started Wait for /xyz/openbmc_project/control/host0/auto_reboot.
Aug 05 05:50:15 witherspoon systemd[1]: Started Wait for /org/openbmc/managers/Download.
Aug 05 05:50:15 witherspoon systemd[1]: Started Wait for /org/openbmc/NetworkManager/Interface.
Aug 05 05:50:15 witherspoon systemd[1]: Started Phosphor DNS Settings Cache Manager.
Aug 05 05:50:15 witherspoon systemd[1]: Starting Phosphor BIOS Code Update...
Aug 05 05:50:15 witherspoon systemd[1]: Starting Phosphor BMC Code Update...
Aug 05 05:50:16 witherspoon systemd[1]: Started Wait for /xyz/openbmc_project/led/groups/bmc_booted.
Aug 05 05:50:16 witherspoon phosphor-gpio-presence[1092]: Updating inventory present property
Aug 05 05:50:16 witherspoon phosphor-gpio-presence[1089]: Updating inventory present property
Aug 05 05:50:16 witherspoon systemd[1]: Started OpenPOWER OCC controller.
Aug 05 05:50:17 witherspoon systemd[1]: Started Phosphor BIOS Code Update.
Aug 05 05:50:18 witherspoon systemd[1]: Started Wait for /xyz/openbmc_project/control/host0/boot_mode.
Aug 05 05:50:19 witherspoon systemd[1]: Started Wait for /xyz/openbmc_project/control/host0/restriction_mode.
Aug 05 05:50:19 witherspoon systemd[1]: Started Wait for /xyz/openbmc_project/time/sync_method.
Aug 05 05:50:20 witherspoon systemd[1]: Started Wait for /xyz/openbmc_project/led/groups.
Aug 05 05:50:20 witherspoon systemd[1]: Started FRU Fault monitor service.
Aug 05 05:50:23 witherspoon system_manager.py[1071]: Running System State: BASE_APPS
Aug 05 05:50:23 witherspoon system_manager.py[1071]: SystemManager Init Done
Aug 05 05:50:23 witherspoon systemd[1]: Started Phoshpor System Manager.
Aug 05 05:50:23 witherspoon system_manager.py[1071]: Running SystemManager
Aug 05 05:50:26 witherspoon systemd[1]: Started Wait for /xyz/openbmc_project/control/host0/boot_source.
Aug 05 05:50:26 witherspoon phosphor-log-manager[996]: Failed to find metadata
Aug 05 05:50:26 witherspoon phosphor-fru-fault-monitor[1106]: /xyz/openbmc_project/logging/entry/1
Aug 05 05:50:27 witherspoon dbus[1018]: [system] Activating via systemd: service name='org.freedesktop.hostname1' unit='dbus-org.freedesktop.hostname1.service'
Aug 05 05:50:27 witherspoon systemd[1]: Starting Hostname Service...
Aug 05 05:50:27 witherspoon dbus[1018]: [system] Successfully activated service 'org.freedesktop.hostname1'
Aug 05 05:50:27 witherspoon systemd[1]: Started Hostname Service.
Aug 05 05:50:28 witherspoon systemd[1]: Started Phosphor Network Manager.
Aug 05 05:50:29 witherspoon bmc_update.py[1096]: Running Bmc Flash Control
Aug 05 05:50:29 witherspoon systemd[1]: Started Phosphor BMC Code Update.
Aug 05 05:50:30 witherspoon system_manager.py[1071]: SystemManager Goto System State: BMC_STARTING
Aug 05 05:50:30 witherspoon system_manager.py[1071]: Running System State: BMC_STARTING
Aug 05 05:50:30 witherspoon settings_manager.py[1060]: Running HostSettingsService
Aug 05 05:50:30 witherspoon systemd[1]: Started Phosphor Settings Manager.
Aug 05 05:50:30 witherspoon systemd[1]: Starting Wait for /org/openbmc/settings/host0...
Aug 05 05:50:34 witherspoon systemd[1]: Started Read OpenPOWER-format VPD from EEPROM.
Aug 05 05:50:39 witherspoon systemd[1]: Started Wait for /org/openbmc/control/flash/bios.
Aug 05 05:50:39 witherspoon systemd[1]: Started Initialize BIOS Flash.
Aug 05 05:50:40 witherspoon systemd[1]: Started Wait for /org/openbmc/managers/System.
Aug 05 05:50:40 witherspoon systemd[1]: Starting Phosphor Power Button0...
Aug 05 05:50:40 witherspoon systemd[1]: Starting Phosphor Reset Button0...
Aug 05 05:50:40 witherspoon systemd[1]: Starting Phosphor Host State Manager...
Aug 05 05:50:40 witherspoon systemd[1]: Starting Phosphor Chassis State Manager...
Aug 05 05:50:40 witherspoon systemd[1]: Starting Phosphor Power0 Control...
Aug 05 05:50:40 witherspoon systemd[1]: Starting Phosphor BMC State Manager...
Aug 05 05:50:41 witherspoon phosphor-bmc-state-manager[1121]: Setting the BMCState field
Aug 05 05:50:41 witherspoon phosphor-bmc-state-manager[1121]: Setting the BMCState field
Aug 05 05:50:41 witherspoon systemd[1]: Started Phosphor BMC State Manager.
Aug 05 05:50:42 witherspoon phosphor-chassis-state-manager[1119]: Initial Chassis State will be Off
Aug 05 05:50:42 witherspoon systemd[1]: Started Phosphor Chassis State Manager.
Aug 05 05:50:42 witherspoon button_reset.exe[1117]: GPIO Lookup:  RESET_BUTTON = 353,both
Aug 05 05:50:42 witherspoon button_power.exe[1116]: GPIO Lookup:  POWER_BUTTON = 347,both
Aug 05 05:50:42 witherspoon systemd[1]: Started Phosphor Power Button0.
Aug 05 05:50:42 witherspoon system_manager.py[1071]: New object: /org/openbmc/control/power0 (:1.83)
Aug 05 05:50:42 witherspoon system_manager.py[1071]: Power GPIO config: ['SYS_PWROK_BUFF', '', [('SOFTWARE_PGOOD', True), ('BMC_POWER_UP', True)], [('BMC_CP0_RESET_N', False)], [], 'FSI_DATA', 'FSI_CLK', 'FSI_ENABLE', 'CRONUS_SEL', []]
Aug 05 05:50:42 witherspoon power_control.exe[1120]: Power GPIO latch output:
Aug 05 05:50:42 witherspoon power_control.exe[1120]: Power GPIO power good input: SYS_PWROK_BUFF
Aug 05 05:50:42 witherspoon power_control.exe[1120]: Power GPIO 2 power_up outputs
Aug 05 05:50:43 witherspoon phosphor-gevent[1068]: Traceback (most recent call last):
Aug 05 05:50:43 witherspoon phosphor-gevent[1068]:   File "/usr/lib/python2.7/site-packages/gevent/greenlet.py", line 327, in run
Aug 05 05:50:43 witherspoon phosphor-gevent[1068]:     result = self._run(*self.args, **self.kwargs)
Aug 05 05:50:43 witherspoon phosphor-gevent[1068]:   File "/usr/lib/python2.7/site-packages/gevent/server.py", line 102, in wrap_socket_and_handle
Aug 05 05:50:43 witherspoon phosphor-gevent[1068]:     ssl_socket = self.wrap_socket(client_socket, **self.ssl_args)
Aug 05 05:50:43 witherspoon phosphor-gevent[1068]:   File "/usr/lib/python2.7/site-packages/gevent/ssl.py", line 404, in wrap_socket
Aug 05 05:50:43 witherspoon phosphor-gevent[1068]:     ciphers=ciphers)
Aug 05 05:50:43 witherspoon phosphor-gevent[1068]:   File "/usr/lib/python2.7/site-packages/gevent/ssl.py", line 113, in __init__
Aug 05 05:50:43 witherspoon phosphor-gevent[1068]:     self.do_handshake()
Aug 05 05:50:43 witherspoon phosphor-gevent[1068]:   File "/usr/lib/python2.7/site-packages/gevent/ssl.py", line 324, in do_handshake
Aug 05 05:50:43 witherspoon phosphor-gevent[1068]:     return self._sslobj.do_handshake()
Aug 05 05:50:43 witherspoon systemd[1]: Started Phosphor Reset Button0.
Aug 05 05:50:43 witherspoon power_control.exe[1120]: Power GPIO power_up[0] = SOFTWARE_PGOOD active HIGH
Aug 05 05:50:43 witherspoon power_control.exe[1120]: Power GPIO power_up[1] = BMC_POWER_UP active HIGH
Aug 05 05:50:43 witherspoon power_control.exe[1120]: Power GPIO 1 reset outputs
Aug 05 05:50:43 witherspoon power_control.exe[1120]: Power GPIO reset[0] = BMC_CP0_RESET_N active LOW
Aug 05 05:50:43 witherspoon power_control.exe[1120]: Power GPIO 0 pci reset outputs
Aug 05 05:50:43 witherspoon power_control.exe[1120]: FSI DATA GPIO: FSI_DATA
Aug 05 05:50:43 witherspoon power_control.exe[1120]: FSI CLK GPIO: FSI_CLK
Aug 05 05:50:43 witherspoon power_control.exe[1120]: FSI ENABLE GPIO: FSI_ENABLE
Aug 05 05:50:43 witherspoon power_control.exe[1120]: CRONUS SEL GPIO: CRONUS_SEL
Aug 05 05:50:43 witherspoon power_control.exe[1120]: Hostctl GPIO optionals: 0
Aug 05 05:50:43 witherspoon power_control.exe[1120]: GPIO Lookup:  SYS_PWROK_BUFF = 306,in
Aug 05 05:50:43 witherspoon power_control.exe[1120]: GPIO Lookup:  SOFTWARE_PGOOD = 417,out
Aug 05 05:50:43 witherspoon power_control.exe[1120]: GPIO Lookup:  BMC_POWER_UP = 305,out
Aug 05 05:50:43 witherspoon phosphor-gevent[1068]: SSLEOFError: EOF occurred in violation of protocol (_ssl.c:590)
Aug 05 05:50:43 witherspoon phosphor-gevent[1068]: <Greenlet at 0x75fe33f0: <bound method WSGIServer.wrap_socket_and_handle of <WSGIServer at 0x75fb9b50 fileno=5 address=('::34d2:ec76:b0ad:6276%1986178464', 443, 0, 1986178464)>>(<socket at 0x75e90830 fileno=9>, ('::80b9:6076:8e91:f402%1995160348', 48222, 0, 199)> failed with SSLEOFError
Aug 05 05:50:43 witherspoon power_control.exe[1120]: GPIO Lookup:  BMC_CP0_RESET_N = 281,out
Aug 05 05:50:43 witherspoon power_control.exe[1120]: Pgood state: 0
Aug 05 05:50:43 witherspoon systemd[1]: Started Phosphor Power0 Control.
Aug 05 05:50:43 witherspoon phosphor-gevent[1068]: ::80b9:6076:8e91:f402%1995160348 - - [2017-08-05 05:50:43] "POST /login HTTP/1.1" 200 320 0.123460
Aug 05 05:50:43 witherspoon systemd[1]: Created slice system-dropbear.slice.
Aug 05 05:50:44 witherspoon systemd[1]: Started SSH Per-Connection Server (9.41.165.94:34418).
Aug 05 05:50:44 witherspoon dropbear[1149]: Failed loading /etc/dropbear/dropbear_dss_host_key
Aug 05 05:50:44 witherspoon dropbear[1149]: Failed loading /etc/dropbear/dropbear_ecdsa_host_key
Aug 05 05:50:44 witherspoon dropbear[1149]: Child connection from ::ffff:9.41.165.94:34418
Aug 05 05:50:44 witherspoon systemd[1]: Started Wait for /org/openbmc/settings/host0.
Aug 05 05:50:44 witherspoon phosphor-host-state-manager[1118]: Initial Host State will be Off
Aug 05 05:50:44 witherspoon systemd[1]: Started Phosphor Inband IPMI.
Aug 05 05:50:45 witherspoon flash_bios.exe[1095]: Starting flasher: bios,,/org/openbmc/control/flash/bios,
Aug 05 05:50:45 witherspoon flash_bios.exe[1095]: flasher: , BMC = 1, address = 0x0
Aug 05 05:50:45 witherspoon flash_bios.exe[1095]: Setting up flash
Aug 05 05:50:46 witherspoon flash_bios.exe[1095]: Starting flasher: bios,,/org/openbmc/control/flash/bios,
Aug 05 05:50:46 witherspoon flash_bios.exe[1095]: flasher: , BMC = 1, address = 0x0
Aug 05 05:50:46 witherspoon flash_bios.exe[1095]: Setting up flash
Aug 05 05:50:46 witherspoon dropbear[1149]: PAM password auth succeeded for 'root' from ::ffff:9.41.165.94:34418
Aug 05 05:50:46 witherspoon dropbear[1156]: lastlog_perform_login: Couldn't stat /var/log/lastlog: No such file or directory
Aug 05 05:50:46 witherspoon dropbear[1156]: lastlog_openseek: /var/log/lastlog is not a file or directory!
Aug 05 05:50:46 witherspoon systemd[1]: Started Phosphor Host State Manager.
Aug 05 05:50:47 witherspoon systemd[1]: Started SSH Per-Connection Server (9.41.165.94:34420).
Aug 05 05:50:47 witherspoon dropbear[1160]: Failed loading /etc/dropbear/dropbear_dss_host_key
Aug 05 05:50:47 witherspoon dropbear[1160]: Failed loading /etc/dropbear/dropbear_ecdsa_host_key
Aug 05 05:50:47 witherspoon dropbear[1160]: Child connection from ::ffff:9.41.165.94:34420
Aug 05 05:50:48 witherspoon dropbear[1160]: PAM password auth succeeded for 'root' from ::ffff:9.41.165.94:34420
Aug 05 05:50:48 witherspoon dropbear[1161]: lastlog_perform_login: Couldn't stat /var/log/lastlog: No such file or directory
Aug 05 05:50:48 witherspoon dropbear[1161]: lastlog_openseek: /var/log/lastlog is not a file or directory!
Aug 05 05:50:50 witherspoon phosphor-gevent[1068]: ::80b9:6076:8e91:f402%1995160348 - - [2017-08-05 05:50:50] "POST /login HTTP/1.1" 200 320 0.032274
Aug 05 05:50:51 witherspoon phosphor-gevent[1068]: ::80b9:6076:8e91:f402%1995160348 - - [2017-08-05 05:50:51] "GET /xyz/openbmc_project/state/BMC0/ HTTP/1.1" 404 308 0.668413
Aug 05 05:50:51 witherspoon system_manager.py[1071]: SystemManager Goto System State: BMC_READY
Aug 05 05:50:51 witherspoon system_manager.py[1071]: Running System State: BMC_READY
Aug 05 05:50:51 witherspoon systemd[1]: Started Wait for /xyz/openbmc_project/state/chassis0.
Aug 05 05:50:51 witherspoon systemd[1]: Started Wait for /org/openbmc/control/power0.
Aug 05 05:50:51 witherspoon systemd[1]: Starting Phosphor Time Manager daemon...
Aug 05 05:50:51 witherspoon systemd[1]: Starting Check Chassis0 pgood and create a file to indicate it...
Aug 05 05:50:52 witherspoon phosphor-gevent[1068]: ::80b9:6076:8e91:f402%1995160348 - - [2017-08-05 05:50:52] "POST /login HTTP/1.1" 200 320 0.032182
Aug 05 05:50:52 witherspoon timemanager[1169]: Registering dbus methods
Aug 05 05:50:52 witherspoon timemanager[1169]: Last known time_mode: NTP
Aug 05 05:50:52 witherspoon timemanager[1169]: Last known time_owner: BMC
Aug 05 05:50:52 witherspoon timemanager[1169]: Empty DhcpNtp string
Aug 05 05:50:52 witherspoon timemanager[1169]: Reading Power Control key: pgood
Aug 05 05:50:53 witherspoon timemanager[1169]: Changing settings *allowed* now
Aug 05 05:50:53 witherspoon systemd[1]: Started Wait for /xyz/openbmc_project/state/host0.
Aug 05 05:50:53 witherspoon systemd[1]: Starting Reboot If Enabled...
Aug 05 05:50:53 witherspoon phosphor-gevent[1068]: ::80b9:6076:8e91:f402%1995160348 - - [2017-08-05 05:50:52] "GET /xyz/openbmc_project/state/bmc0//attr/CurrentBMCState HTTP/1.1" 200 215 0.806636
Aug 05 05:50:53 witherspoon timemanager[1169]: Owner is already set to : BMC
Aug 05 05:50:53 witherspoon systemd[1]: Started Check Chassis0 pgood and create a file to indicate it.
Aug 05 05:50:53 witherspoon systemd[1]: Reached target Chassis0 power on after reset.
Aug 05 05:50:53 witherspoon systemd[1]: Reached target Chassis0 (Reset Check).
Aug 05 05:50:54 witherspoon systemd[1]: Started Wait for /xyz/openbmc_project/control/host0.
Aug 05 05:50:54 witherspoon systemd[1]: Reached target Host0 running after reset.
Aug 05 05:50:54 witherspoon systemd[1]: Reached target Host0 (Reset Check).
Aug 05 05:50:54 witherspoon timemanager[1169]: Requested_Mode: NTP Current_Mode: NTP
Aug 05 05:50:54 witherspoon timemanager[1169]: Mode is already set to : NTP
Aug 05 05:50:54 witherspoon timemanager[1169]: Getting System Settings: use_dhcp_ntp
Aug 05 05:50:54 witherspoon timemanager[1169]: use_dhcp_ntp = yes
Aug 05 05:50:54 witherspoon timemanager[1169]: Last known host_offset:0
Aug 05 05:50:54 witherspoon timemanager[1169]: Initial Uptime Usec: 1501912142250266
Aug 05 05:50:54 witherspoon systemd[1]: Started Phosphor Time Manager daemon.
Aug 05 05:50:54 witherspoon phosphor-discover-system-state[1178]: Host power is off, checking power policy
Aug 05 05:50:54 witherspoon systemd[1]: Started Reboot If Enabled.
Aug 05 05:50:54 witherspoon systemd[1]: Reached target Phosphor System - Standby.
Aug 05 05:50:54 witherspoon phosphor-bmc-state-manager[1121]: BMC_READY
Aug 05 05:50:54 witherspoon phosphor-bmc-state-manager[1121]: Setting the BMCState field
Aug 05 05:50:54 witherspoon systemd[1]: Starting Assert bmc_booted LED...
Aug 05 05:50:55 witherspoon systemd[1]: Started Assert bmc_booted LED.
Aug 05 05:50:55 witherspoon systemd[1]: Startup finished in 14.109s (kernel) + 1min 38.754s (userspace) = 1min 52.864s.
Aug 05 05:51:03 witherspoon phosphor-gevent[1068]: ::80b9:6076:8e91:f402%1995160348 - - [2017-08-05 05:51:03] "POST /login HTTP/1.1" 200 320 0.049655
Aug 05 05:51:03 witherspoon phosphor-gevent[1068]: ::80b9:6076:8e91:f402%1995160348 - - [2017-08-05 05:51:03] "GET /xyz/openbmc_project/state/bmc0//attr/CurrentBMCState HTTP/1.1" 200 212 0.048803
Aug 05 05:51:03 witherspoon phosphor-gevent[1068]: ::80b9:6076:8e91:f402%1995160348 - - [2017-08-05 05:51:03] "POST /login HTTP/1.1" 200 320 0.032759
Aug 05 05:51:03 witherspoon phosphor-gevent[1068]: ::80b9:6076:8e91:f402%1995160348 - - [2017-08-05 05:51:03] "PUT /org/openbmc/control/flash/bmc/attr/preserve_network_settings HTTP/1.1" 200 169 0.241076
Aug 05 05:51:03 witherspoon phosphor-gevent[1068]: ::80b9:6076:8e91:f402%1995160348 - - [2017-08-05 05:51:03] "POST /login HTTP/1.1" 200 320 0.046143
Aug 05 05:51:04 witherspoon phosphor-gevent[1068]: ::80b9:6076:8e91:f402%1995160348 - - [2017-08-05 05:51:04] "GET /org/openbmc/control/flash/bmc HTTP/1.1" 200 380 0.101444
Aug 05 05:51:04 witherspoon systemd[1]: Started SSH Per-Connection Server (9.41.165.94:34432).
Aug 05 05:51:04 witherspoon dropbear[1188]: Failed loading /etc/dropbear/dropbear_dss_host_key
Aug 05 05:51:04 witherspoon dropbear[1188]: Failed loading /etc/dropbear/dropbear_ecdsa_host_key
Aug 05 05:51:04 witherspoon dropbear[1188]: Child connection from ::ffff:9.41.165.94:34432
Aug 05 05:51:04 witherspoon dropbear[1188]: PAM password auth succeeded for 'root' from ::ffff:9.41.165.94:34432
Aug 05 05:51:04 witherspoon systemd[1]: Started SSH Per-Connection Server (9.41.165.94:34434).
Aug 05 05:51:04 witherspoon dropbear[1189]: Failed loading /etc/dropbear/dropbear_dss_host_key
Aug 05 05:51:04 witherspoon dropbear[1189]: Failed loading /etc/dropbear/dropbear_ecdsa_host_key
Aug 05 05:51:04 witherspoon dropbear[1189]: Child connection from ::ffff:9.41.165.94:34434
Aug 05 05:51:05 witherspoon dropbear[1189]: PAM password auth succeeded for 'root' from ::ffff:9.41.165.94:34434
Aug 05 05:51:05 witherspoon dropbear[1193]: lastlog_perform_login: Couldn't stat /var/log/lastlog: No such file or directory
Aug 05 05:51:05 witherspoon dropbear[1193]: lastlog_openseek: /var/log/lastlog is not a file or directory!
Aug 05 05:52:14 witherspoon phosphor-gevent[1068]: ::80b9:6076:8e91:f402%1995160348 - - [2017-08-05 05:52:14] "POST /login HTTP/1.1" 200 320 0.032774
Aug 05 05:52:14 witherspoon bmc_update.py[1096]: Download complete. Updating...
Aug 05 05:52:17 witherspoon bmc_update.py[1096]: Preserving network settings
Aug 05 05:52:17 witherspoon bmc_update.py[1096]: update: --no-flash --no-save-files --no-restore-files --no-clean-saved-files
Aug 05 05:52:17 witherspoon bmc_update.py[1096]: ERROR: Image image-bmc too big for mtd0.
Aug 05 05:52:17 witherspoon phosphor-gevent[1068]: ::80b9:6076:8e91:f402%1995160348 - - [2017-08-05 05:52:17] "POST /org/openbmc/control/flash/bmc/action/update HTTP/1.1" 200 169 3.649964
Aug 05 05:52:17 witherspoon phosphor-gevent[1068]: ::80b9:6076:8e91:f402%1995160348 - - [2017-08-05 05:52:17] "POST /login HTTP/1.1" 200 320 0.035495
Aug 05 05:52:18 witherspoon phosphor-gevent[1068]: ::80b9:6076:8e91:f402%1995160348 - - [2017-08-05 05:52:18] "GET /org/openbmc/control/flash/bmc HTTP/1.1" 200 538 0.105985
Aug 05 05:52:18 witherspoon phosphor-gevent[1068]: ::80b9:6076:8e91:f402%1995160348 - - [2017-08-05 05:52:18] "POST /login HTTP/1.1" 200 320 0.032424
Aug 05 05:52:18 witherspoon phosphor-gevent[1068]: ::80b9:6076:8e91:f402%1995160348 - - [2017-08-05 05:52:18] "GET /xyz/openbmc_project/state/host0//attr/CurrentHostState HTTP/1.1" 200 212 0.049539
Aug 05 05:52:21 witherspoon systemd[1]: Started SSH Per-Connection Server (9.41.165.94:34442).
Aug 05 05:52:21 witherspoon dropbear[1228]: Failed loading /etc/dropbear/dropbear_dss_host_key
Aug 05 05:52:21 witherspoon dropbear[1228]: Failed loading /etc/dropbear/dropbear_ecdsa_host_key
Aug 05 05:52:21 witherspoon dropbear[1228]: Child connection from ::ffff:9.41.165.94:34442
Aug 05 05:52:22 witherspoon dropbear[1228]: PAM password auth succeeded for 'root' from ::ffff:9.41.165.94:34442
Aug 05 05:52:22 witherspoon dropbear[1229]: lastlog_perform_login: Couldn't stat /var/log/lastlog: No such file or directory
Aug 05 05:52:22 witherspoon dropbear[1229]: lastlog_openseek: /var/log/lastlog is not a file or directory!
Aug 05 05:52:24 witherspoon phosphor-gevent[1068]: ::80b9:6076:8e91:f402%1995160348 - - [2017-08-05 05:52:24] "POST /login HTTP/1.1" 200 320 0.043238
Aug 05 05:52:24 witherspoon phosphor-gevent[1068]: ::80b9:6076:8e91:f402%1995160348 - - [2017-08-05 05:52:24] "GET /xyz/openbmc_project/logging/entry/enumerate HTTP/1.1" 200 488 0.110514
Aug 05 05:52:25 witherspoon phosphor-gevent[1068]: ::80b9:6076:8e91:f402%1995160348 - - [2017-08-05 05:52:25] "POST /login HTTP/1.1" 200 320 0.032761
Aug 05 05:52:25 witherspoon phosphor-gevent[1068]: ::80b9:6076:8e91:f402%1995160348 - - [2017-08-05 05:52:25] "GET /org/openbmc/sensors/enumerate HTTP/1.1" 200 881 0.216849
Aug 05 05:52:25 witherspoon phosphor-gevent[1068]: ::80b9:6076:8e91:f402%1995160348 - - [2017-08-05 05:52:25] "POST /login HTTP/1.1" 200 320 0.032703
Aug 05 05:52:25 witherspoon phosphor-gevent[1068]: ::80b9:6076:8e91:f402%1995160348 - - [2017-08-05 05:52:25] "GET /xyz/openbmc_project/inventory/enumerate HTTP/1.1" 200 1078 0.180375
Aug 05 05:52:25 witherspoon phosphor-gevent[1068]: ::80b9:6076:8e91:f402%1995160348 - - [2017-08-05 05:52:25] "POST /login HTTP/1.1" 200 320 0.033188
Aug 05 05:52:26 witherspoon phosphor-gevent[1068]: ::80b9:6076:8e91:f402%1995160348 - - [2017-08-05 05:52:26] "GET /org/openbmc/records/events/enumerate HTTP/1.1" 404 304 0.028349
Aug 05 05:52:26 witherspoon phosphor-gevent[1068]: ::80b9:6076:8e91:f402%1995160348 - - [2017-08-05 05:52:26] "POST /login HTTP/1.1" 200 320 0.032730
Aug 05 05:52:26 witherspoon phosphor-gevent[1068]: ::80b9:6076:8e91:f402%1995160348 - - [2017-08-05 05:52:26] "GET /org/openbmc/control/led/enumerate HTTP/1.1" 404 301 0.028835
Aug 05 05:52:26 witherspoon systemd[1]: Started SSH Per-Connection Server (9.41.165.94:34454).
Aug 05 05:52:26 witherspoon dropbear[1241]: Failed loading /etc/dropbear/dropbear_dss_host_key
Aug 05 05:52:26 witherspoon dropbear[1241]: Failed loading /etc/dropbear/dropbear_ecdsa_host_key
Aug 05 05:52:26 witherspoon dropbear[1241]: Child connection from ::ffff:9.41.165.94:34454
Aug 05 05:52:27 witherspoon dropbear[1241]: PAM password auth succeeded for 'root' from ::ffff:9.41.165.94:34454
