-- Logs begin at Mon 2017-09-25 17:44:57 UTC, end at Mon 2017-09-25 17:46:33 UTC. --
Sep 25 17:44:57 witherspoon kernel: Booting Linux on physical CPU 0x0
Sep 25 17:44:57 witherspoon kernel: Linux version 4.10.17-c4227b43277bbd0992d10d764d4958239786503d (jenkins@openbmc-builder1) (gcc version 6.2.0 (GCC) ) #1 Wed Sep 13 15:42:31 UTC 2017
Sep 25 17:44:57 witherspoon kernel: CPU: ARMv6-compatible processor [410fb767] revision 7 (ARMv7), cr=00c5387d
Sep 25 17:44:57 witherspoon kernel: CPU: PIPT / VIPT nonaliasing data cache, VIPT nonaliasing instruction cache
Sep 25 17:44:57 witherspoon kernel: OF: fdt:Machine model: Witherspoon BMC
Sep 25 17:44:57 witherspoon kernel: Memory policy: Data cache writeback
Sep 25 17:44:57 witherspoon kernel: SOC Rev: 04030303
Sep 25 17:44:57 witherspoon kernel: On node 0 totalpages: 110592
Sep 25 17:44:57 witherspoon kernel: free_area_init_node: node 0, pgdat 806038a4, node_mem_map 9ec1a000
Sep 25 17:44:57 witherspoon kernel:   Normal zone: 992 pages used for memmap
Sep 25 17:44:57 witherspoon kernel:   Normal zone: 0 pages reserved
Sep 25 17:44:57 witherspoon kernel:   Normal zone: 110592 pages, LIFO batch:31
Sep 25 17:44:57 witherspoon kernel: pcpu-alloc: s0 r0 d32768 u32768 alloc=1*32768
Sep 25 17:44:57 witherspoon kernel: pcpu-alloc: [0] 0 
Sep 25 17:44:57 witherspoon kernel: Built 1 zonelists in Zone order, mobility grouping on.  Total pages: 109600
Sep 25 17:44:57 witherspoon kernel: Kernel command line: console=ttyS4,115200n8 ubi.mtd=obmc-ubi,0,0,0 ubi.mtd=alt-obmc-ubi,0,0,4 ro rootfstype=squashfs ubi.block=4,0 root=/dev/ubiblock4_0
Sep 25 17:44:57 witherspoon kernel: PID hash table entries: 2048 (order: 1, 8192 bytes)
Sep 25 17:44:57 witherspoon kernel: Dentry cache hash table entries: 65536 (order: 6, 262144 bytes)
Sep 25 17:44:57 witherspoon kernel: Inode-cache hash table entries: 32768 (order: 5, 131072 bytes)
Sep 25 17:44:57 witherspoon kernel: Memory: 431960K/442368K available (4077K kernel code, 281K rwdata, 1196K rodata, 284K init, 111K bss, 10408K reserved, 0K cma-reserved)
Sep 25 17:44:57 witherspoon kernel: Virtual kernel memory layout:
                                        vector  : 0xffff0000 - 0xffff1000   (   4 kB)
                                        fixmap  : 0xffc00000 - 0xfff00000   (3072 kB)
                                        vmalloc : 0x9f800000 - 0xff800000   (1536 MB)
                                        lowmem  : 0x80000000 - 0x9f000000   ( 496 MB)
                                          .text : 0x80008000 - 0x804036e0   (4078 kB)
                                          .init : 0x80589000 - 0x805d0000   ( 284 kB)
                                          .data : 0x805d0000 - 0x806167a8   ( 282 kB)
                                           .bss : 0x806167a8 - 0x80632678   ( 112 kB)
Sep 25 17:44:57 witherspoon kernel: NR_IRQS:16 nr_irqs:16 16
Sep 25 17:44:57 witherspoon kernel: i2c controller registered, irq 16
Sep 25 17:44:57 witherspoon kernel: clocksource: moxart_timer: mask: 0xffffffff max_cycles: 0xffffffff, max_idle_ns: 77222644334 ns
Sep 25 17:44:57 witherspoon kernel: sched_clock: 32 bits at 100 Hz, resolution 10000000ns, wraps every 21474836475000000ns
Sep 25 17:44:57 witherspoon kernel: Calibrating delay loop... 789.70 BogoMIPS (lpj=3948544)
Sep 25 17:44:57 witherspoon kernel: pid_max: default: 32768 minimum: 301
Sep 25 17:44:57 witherspoon kernel: Mount-cache hash table entries: 1024 (order: 0, 4096 bytes)
Sep 25 17:44:57 witherspoon kernel: Mountpoint-cache hash table entries: 1024 (order: 0, 4096 bytes)
Sep 25 17:44:57 witherspoon kernel: CPU: Testing write buffer coherency: ok
Sep 25 17:44:57 witherspoon kernel: ftrace: allocating 14991 entries in 44 pages
Sep 25 17:44:57 witherspoon kernel: Setting up static identity map for 0x80008200 - 0x8000825c
Sep 25 17:44:57 witherspoon kernel: devtmpfs: initialized
Sep 25 17:44:57 witherspoon kernel: clocksource: jiffies: mask: 0xffffffff max_cycles: 0xffffffff, max_idle_ns: 19112604462750000 ns
Sep 25 17:44:57 witherspoon kernel: futex hash table entries: 256 (order: -1, 3072 bytes)
Sep 25 17:44:57 witherspoon kernel: pinctrl core: initialized pinctrl subsystem
Sep 25 17:44:57 witherspoon kernel: NET: Registered protocol family 16
Sep 25 17:44:57 witherspoon kernel: DMA: preallocated 256 KiB pool for atomic coherent allocations
Sep 25 17:44:57 witherspoon kernel: usbcore: registered new interface driver usbfs
Sep 25 17:44:57 witherspoon kernel: usbcore: registered new interface driver hub
Sep 25 17:44:57 witherspoon kernel: usbcore: registered new device driver usb
Sep 25 17:44:57 witherspoon kernel: clocksource: Switched to clocksource moxart_timer
Sep 25 17:44:57 witherspoon kernel: NET: Registered protocol family 2
Sep 25 17:44:57 witherspoon kernel: TCP established hash table entries: 4096 (order: 2, 16384 bytes)
Sep 25 17:44:57 witherspoon kernel: TCP bind hash table entries: 4096 (order: 2, 16384 bytes)
Sep 25 17:44:57 witherspoon kernel: TCP: Hash tables configured (established 4096 bind 4096)
Sep 25 17:44:57 witherspoon kernel: UDP hash table entries: 256 (order: 0, 4096 bytes)
Sep 25 17:44:57 witherspoon kernel: UDP-Lite hash table entries: 256 (order: 0, 4096 bytes)
Sep 25 17:44:57 witherspoon kernel: NET: Registered protocol family 1
Sep 25 17:44:57 witherspoon kernel: workingset: timestamp_bits=30 max_order=17 bucket_order=0
Sep 25 17:44:57 witherspoon kernel: squashfs: version 4.0 (2009/01/31) Phillip Lougher
Sep 25 17:44:57 witherspoon kernel: jffs2: version 2.2. (SUMMARY)  © 2001-2006 Red Hat, Inc.
Sep 25 17:44:57 witherspoon kernel: Block layer SCSI generic (bsg) driver version 0.4 loaded (major 250)
Sep 25 17:44:57 witherspoon kernel: io scheduler noop registered
Sep 25 17:44:57 witherspoon kernel: io scheduler deadline registered
Sep 25 17:44:57 witherspoon kernel: io scheduler cfq registered (default)
Sep 25 17:44:57 witherspoon kernel: ipmi-bt-host 1e789140.ibt: Found bt bmc device
Sep 25 17:44:57 witherspoon kernel: ipmi-bt-host 1e789140.ibt: Using IRQ 22
Sep 25 17:44:57 witherspoon kernel: Serial: 8250/16550 driver, 6 ports, IRQ sharing enabled
Sep 25 17:44:57 witherspoon kernel: 1e787000.vuart: ttyS5 at MMIO 0x1e787000 (irq = 22, base_baud = 1500000) is a 16550A
Sep 25 17:44:57 witherspoon kernel: 1e783000.serial: ttyS0 at MMIO 0x1e783000 (irq = 23, base_baud = 1500000) is a 16550A
Sep 25 17:44:57 witherspoon kernel: 1e78d000.serial: ttyS1 at MMIO 0x1e78d000 (irq = 24, base_baud = 1500000) is a 16550A
Sep 25 17:44:57 witherspoon kernel: 1e784000.serial: ttyS4 at MMIO 0x1e784000 (irq = 25, base_baud = 1500000) is a 16550A
Sep 25 17:44:57 witherspoon kernel: console [ttyS4] enabled
Sep 25 17:44:57 witherspoon kernel: timeriomem_rng 1e6e2078.hwrng: 32bits from 0xf00e2078 @ 1us
Sep 25 17:44:57 witherspoon kernel: random: fast init done
Sep 25 17:44:57 witherspoon kernel: random: crng init done
Sep 25 17:44:57 witherspoon kernel: brd: module loaded
Sep 25 17:44:57 witherspoon kernel: loop: module loaded
Sep 25 17:44:57 witherspoon kernel: aspeed-lpc-ctrl 1e789080.lpc-ctrl: Loaded at 0x98000000 (0x04000000)
Sep 25 17:44:58 witherspoon kernel: aspeed-smc 1e620000.flash-controller: Using IRQ 18
Sep 25 17:44:58 witherspoon kernel: aspeed-smc 1e620000.flash-controller: DMA support disabled.
Sep 25 17:44:58 witherspoon kernel: aspeed-smc 1e620000.flash-controller: mx25l25635e (32768 Kbytes)
Sep 25 17:44:58 witherspoon kernel: aspeed-smc 1e620000.flash-controller: CE0 window [ 0x20000000 - 0x22000000 ] 32MB
Sep 25 17:44:58 witherspoon kernel: aspeed-smc 1e620000.flash-controller: CE1 window [ 0x22000000 - 0x2a000000 ] 128MB
Sep 25 17:44:58 witherspoon kernel: 3 ofpart partitions found on MTD device bmc
Sep 25 17:44:58 witherspoon kernel: Creating 3 MTD partitions on "bmc":
Sep 25 17:44:58 witherspoon kernel: 0x000000000000-0x000000060000 : "u-boot"
Sep 25 17:44:58 witherspoon kernel: 0x000000060000-0x000000080000 : "u-boot-env"
Sep 25 17:44:58 witherspoon kernel: 0x000000080000-0x000002000000 : "obmc-ubi"
Sep 25 17:44:58 witherspoon kernel: aspeed-smc 1e620000.flash-controller: mx25l25635e (32768 Kbytes)
Sep 25 17:44:58 witherspoon kernel: aspeed-smc 1e620000.flash-controller: CE1 window [ 0x22000000 - 0x24000000 ] 32MB
Sep 25 17:44:58 witherspoon kernel: aspeed-smc 1e620000.flash-controller: CE2 window [ 0x24000000 - 0x2c000000 ] 128MB
Sep 25 17:44:58 witherspoon kernel: 3 ofpart partitions found on MTD device alt-bmc
Sep 25 17:44:58 witherspoon kernel: Creating 3 MTD partitions on "alt-bmc":
Sep 25 17:44:58 witherspoon kernel: 0x000000000000-0x000000060000 : "alt-u-boot"
Sep 25 17:44:58 witherspoon kernel: 0x000000060000-0x000000080000 : "alt-u-boot-env"
Sep 25 17:44:58 witherspoon kernel: 0x000000080000-0x000002000000 : "alt-obmc-ubi"
Sep 25 17:44:58 witherspoon kernel: aspeed-smc 1e630000.flash-controller: mx66l1g45g (131072 Kbytes)
Sep 25 17:44:58 witherspoon kernel: aspeed-smc 1e630000.flash-controller: CE0 window resized to 120MB (AST2500 HW quirk)
Sep 25 17:44:58 witherspoon kernel: aspeed-smc 1e630000.flash-controller: CE0 window [ 0x30000000 - 0x37800000 ] 120MB
Sep 25 17:44:58 witherspoon kernel: aspeed-smc 1e630000.flash-controller: CE0 window too small for chip 128MB
Sep 25 17:44:58 witherspoon kernel: aspeed-smc 1e630000.flash-controller: CE1 window [ 0x37800000 - 0x38000000 ] 8MB
Sep 25 17:44:58 witherspoon kernel: libphy: Fixed MDIO Bus: probed
Sep 25 17:44:58 witherspoon kernel: ftgmac100 1e660000.ethernet: Read MAC address 70:e2:84:14:23:e1 from chip
Sep 25 17:44:58 witherspoon kernel: ftgmac100 1e660000.ethernet: Using NCSI interface
Sep 25 17:44:58 witherspoon kernel: ftgmac100 1e660000.ethernet eth0: irq 20, mapped at f0060000
Sep 25 17:44:58 witherspoon kernel: ehci_hcd: USB 2.0 'Enhanced' Host Controller (EHCI) Driver
Sep 25 17:44:58 witherspoon kernel: ehci-platform: EHCI generic platform driver
Sep 25 17:44:58 witherspoon kernel: i2c /dev entries driver
Sep 25 17:44:58 witherspoon kernel: aspeed-i2c-bus 1e78a0c0.i2c-bus: i2c bus 2 registered, irq 26
Sep 25 17:44:58 witherspoon kernel: aspeed-i2c-bus 1e78a100.i2c-bus: i2c bus 3 registered, irq 27
Sep 25 17:44:58 witherspoon kernel: aspeed-i2c-bus 1e78a140.i2c-bus: i2c bus 4 registered, irq 28
Sep 25 17:44:58 witherspoon kernel: aspeed-i2c-bus 1e78a180.i2c-bus: i2c bus 5 registered, irq 29
Sep 25 17:44:58 witherspoon kernel: aspeed-i2c-bus 1e78a380.i2c-bus: i2c bus 9 registered, irq 30
Sep 25 17:44:58 witherspoon kernel: aspeed-i2c-bus 1e78a3c0.i2c-bus: i2c bus 10 registered, irq 31
Sep 25 17:44:58 witherspoon kernel: rtc-rv8803 11-0032: Voltage low, temperature compensation stopped.
Sep 25 17:44:58 witherspoon kernel: rtc-rv8803 11-0032: An alarm maybe have been missed.
Sep 25 17:44:58 witherspoon kernel: rtc-rv8803 11-0032: rtc core: registered rx8900 as rtc0
Sep 25 17:44:58 witherspoon kernel: at24 11-0051: 8192 byte 24c64 EEPROM, writable, 1 bytes/write
Sep 25 17:44:58 witherspoon kernel: aspeed-i2c-bus 1e78a400.i2c-bus: i2c bus 11 registered, irq 32
Sep 25 17:44:58 witherspoon kernel: aspeed-i2c-bus 1e78a440.i2c-bus: i2c bus 12 registered, irq 33
Sep 25 17:44:58 witherspoon kernel: aspeed-i2c-bus 1e78a480.i2c-bus: i2c bus 13 registered, irq 34
Sep 25 17:44:58 witherspoon kernel: Driver for 1-wire Dallas network protocol.
Sep 25 17:44:58 witherspoon kernel: lm75 9-004a: hwmon0: sensor 'tmp275'
Sep 25 17:44:58 witherspoon kernel: ucd9000 11-0064: Device ID UCD90160|2.3.4.0000|110603
Sep 25 17:44:58 witherspoon kernel: leds-pca955x 3-0060: leds-pca955x: Using pca9552 16-bit LED driver at slave address 0x60
Sep 25 17:44:58 witherspoon kernel: leds-pca955x 3-0060: gpios 238...253
Sep 25 17:44:58 witherspoon kernel: leds-pca955x 11-0060: leds-pca955x: Using pca9552 16-bit LED driver at slave address 0x60
Sep 25 17:44:58 witherspoon kernel: leds-pca955x 11-0060: gpios 222...237
Sep 25 17:44:58 witherspoon kernel: usbcore: registered new interface driver usbhid
Sep 25 17:44:58 witherspoon kernel: usbhid: USB HID core driver
Sep 25 17:44:58 witherspoon kernel: NET: Registered protocol family 10
Sep 25 17:44:58 witherspoon kernel: Segment Routing with IPv6
Sep 25 17:44:58 witherspoon kernel: NET: Registered protocol family 17
Sep 25 17:44:58 witherspoon kernel: 8021q: 802.1Q VLAN Support v1.8
Sep 25 17:44:58 witherspoon kernel: input: gpio-keys-polled as /devices/platform/gpio-keys-polled/input/input1
Sep 25 17:44:58 witherspoon kernel: ubi0: default fastmap pool size: 25
Sep 25 17:44:58 witherspoon kernel: ubi0: default fastmap WL pool size: 12
Sep 25 17:44:58 witherspoon kernel: ubi0: attaching mtd3
Sep 25 17:44:58 witherspoon kernel: ubi0: scanning is finished
Sep 25 17:44:58 witherspoon kernel: ubi0: attached mtd3 (name "obmc-ubi", size 31 MiB)
Sep 25 17:44:58 witherspoon kernel: ubi0: PEB size: 65536 bytes (64 KiB), LEB size: 65408 bytes
Sep 25 17:44:58 witherspoon kernel: ubi0: min./max. I/O unit sizes: 1/256, sub-page size 1
Sep 25 17:44:58 witherspoon kernel: ubi0: VID header offset: 64 (aligned 64), data offset: 128
Sep 25 17:44:58 witherspoon kernel: ubi0: good PEBs: 504, bad PEBs: 0, corrupted PEBs: 0
Sep 25 17:44:58 witherspoon kernel: ubi0: user volume: 4, internal volumes: 1, max. volumes count: 128
Sep 25 17:44:58 witherspoon kernel: ubi0: max/mean erase counter: 9/7, WL threshold: 4096, image sequence number: 1358235831
Sep 25 17:44:58 witherspoon kernel: ubi0: available PEBs: 46, total reserved PEBs: 458, PEBs reserved for bad PEB handling: 0
Sep 25 17:44:58 witherspoon kernel: ubi0: background thread "ubi_bgt0d" started, PID 507
Sep 25 17:44:58 witherspoon kernel: ubi4: default fastmap pool size: 25
Sep 25 17:44:58 witherspoon kernel: ubi4: default fastmap WL pool size: 12
Sep 25 17:44:58 witherspoon kernel: ubi4: attaching mtd7
Sep 25 17:44:58 witherspoon kernel: ubi4: scanning is finished
Sep 25 17:44:58 witherspoon kernel: ubi4: attached mtd7 (name "alt-obmc-ubi", size 31 MiB)
Sep 25 17:44:58 witherspoon kernel: ubi4: PEB size: 65536 bytes (64 KiB), LEB size: 65408 bytes
Sep 25 17:44:58 witherspoon kernel: ubi4: min./max. I/O unit sizes: 1/256, sub-page size 1
Sep 25 17:44:58 witherspoon kernel: ubi4: VID header offset: 64 (aligned 64), data offset: 128
Sep 25 17:44:58 witherspoon kernel: ubi4: good PEBs: 504, bad PEBs: 0, corrupted PEBs: 0
Sep 25 17:44:58 witherspoon kernel: ubi4: user volume: 3, internal volumes: 1, max. volumes count: 128
Sep 25 17:44:58 witherspoon kernel: ubi4: max/mean erase counter: 7/5, WL threshold: 4096, image sequence number: 1358235831
Sep 25 17:44:58 witherspoon kernel: ubi4: available PEBs: 111, total reserved PEBs: 393, PEBs reserved for bad PEB handling: 0
Sep 25 17:44:58 witherspoon kernel: ubi4: background thread "ubi_bgt4d" started, PID 512
Sep 25 17:44:58 witherspoon kernel: block ubiblock4_0: created from ubi4:0(rofs-eb27353e)
Sep 25 17:44:58 witherspoon kernel: console [netcon0] enabled
Sep 25 17:44:58 witherspoon kernel: netconsole: network logging started
Sep 25 17:44:58 witherspoon kernel: input: gpio-keys as /devices/platform/gpio-keys/input/input2
Sep 25 17:44:58 witherspoon kernel: rtc-rv8803 11-0032: setting system clock to 2017-09-25 17:44:51 UTC (1506361491)
Sep 25 17:44:58 witherspoon kernel: VFS: Mounted root (squashfs filesystem) readonly on device 254:0.
Sep 25 17:44:58 witherspoon kernel: devtmpfs: mounted
Sep 25 17:44:58 witherspoon kernel: Freeing unused kernel memory: 284K
Sep 25 17:44:58 witherspoon kernel: This architecture does not have kernel memory protection.
Sep 25 17:44:58 witherspoon systemd[1]: Failed to insert module 'autofs4': No such file or directory
Sep 25 17:44:58 witherspoon systemd[1]: systemd 232 running in system mode. (+PAM -AUDIT -SELINUX -IMA -APPARMOR -SMACK +SYSVINIT -UTMP -LIBCRYPTSETUP -GCRYPT -GNUTLS +ACL +XZ -LZ4 -SECCOMP +BLKID -ELFUTILS +KMOD -IDN)
Sep 25 17:44:58 witherspoon systemd[1]: Detected architecture arm.
Sep 25 17:44:58 witherspoon systemd[1]: Set hostname to <witherspoon>.
Sep 25 17:44:58 witherspoon systemd[1]: Initializing machine ID from random generator.
Sep 25 17:44:58 witherspoon systemd[1]: Installed transient /etc/machine-id file.
Sep 25 17:44:58 witherspoon systemd[1]: Reached target Swap.
Sep 25 17:44:58 witherspoon systemd[1]: Created slice System Slice.
Sep 25 17:44:58 witherspoon systemd[1]: Created slice system-phosphor\x2dreset\x2dhost\x2drunning.slice.
Sep 25 17:44:58 witherspoon systemd[1]: Created slice system-serial\x2dgetty.slice.
Sep 25 17:44:58 witherspoon systemd[1]: Created slice system-phosphor\x2dmax31785\x2dmsl.slice.
Sep 25 17:44:58 witherspoon systemd-journald[534]: Journal started
Sep 25 17:44:58 witherspoon systemd-journald[534]: Runtime journal (/run/log/journal/f474b6631f894dea8cd20c918210303b) is 0B, max 0B, 0B free.
Sep 25 17:44:58 witherspoon systemd-sysctl[539]: Couldn't write '16' to 'kernel/sysrq', ignoring: No such file or directory
Sep 25 17:44:58 witherspoon systemd-sysctl[539]: Couldn't write 'fq_codel' to 'net/core/default_qdisc', ignoring: No such file or directory
Sep 25 17:44:58 witherspoon kernel: UBIFS (ubi0:2): background thread "ubifs_bgt0_2" started, PID 555
Sep 25 17:44:59 witherspoon kernel: UBIFS (ubi0:2): UBIFS: mounted UBI device 0, volume 2, name "rwfs"
Sep 25 17:44:59 witherspoon kernel: UBIFS (ubi0:2): LEB size: 65408 bytes (63 KiB), min./max. I/O unit sizes: 8 bytes/256 bytes
Sep 25 17:44:59 witherspoon kernel: UBIFS (ubi0:2): FS size: 3597440 bytes (3 MiB, 55 LEBs), journal size 719488 bytes (0 MiB, 11 LEBs)
Sep 25 17:44:59 witherspoon kernel: UBIFS (ubi0:2): reserved for root: 0 bytes (0 KiB)
Sep 25 17:44:59 witherspoon kernel: UBIFS (ubi0:2): media format: w4/r0 (latest is w5/r0), UUID F6AF7850-1C6E-4E2A-94BB-A56899CAF080, small LPT model
Sep 25 17:44:59 witherspoon systemd[1]: Mounted /var.
Sep 25 17:44:59 witherspoon systemd[1]: Mounting /var/volatile...
Sep 25 17:44:59 witherspoon systemd[1]: Starting Prepare for overlay fs...
Sep 25 17:44:59 witherspoon systemd[1]: Starting Flush Journal to Persistent Storage...
Sep 25 17:44:59 witherspoon systemd[1]: Mounted /var/volatile.
Sep 25 17:44:59 witherspoon systemd[1]: Starting Load/Save Random Seed...
Sep 25 17:44:59 witherspoon systemd[1]: Mounted /usr/local.
Sep 25 17:44:59 witherspoon systemd[1]: Started Load/Save Random Seed.
Sep 25 17:44:59 witherspoon systemd-journald[534]: Runtime journal (/run/log/journal/f474b6631f894dea8cd20c918210303b) is 0B, max 0B, 0B free.
Sep 25 17:44:59 witherspoon systemd[1]: Started Flush Journal to Persistent Storage.
Sep 25 17:45:00 witherspoon systemd[1]: Started udev Kernel Device Manager.
Sep 25 17:45:01 witherspoon systemd[1]: Started udev Coldplug all Devices.
Sep 25 17:45:02 witherspoon systemd[1]: Created slice system-xyz.openbmc_project.Hwmon.slice.
Sep 25 17:45:02 witherspoon systemd[1]: dev-hugepages.mount: Couldn't determine result for ConditionVirtualization=!private-users, assuming failed: No such file or directory
Sep 25 17:45:02 witherspoon systemd[1]: Found device /dev/aspeed-lpc-ctrl.
Sep 25 17:45:02 witherspoon systemd[1]: Found device /dev/ttyS4.
Sep 25 17:45:02 witherspoon systemd[1]: Found device /dev/ttyVUART0.
Sep 25 17:45:03 witherspoon systemd[1]: dev-hugepages.mount: Couldn't determine result for ConditionVirtualization=!private-users, assuming failed: No such file or directory
Sep 25 17:45:03 witherspoon systemd[1]: Found device /dev/aspeed-mbox.
Sep 25 17:45:03 witherspoon systemd[1]: dev-hugepages.mount: Couldn't determine result for ConditionVirtualization=!private-users, assuming failed: No such file or directory
Sep 25 17:45:03 witherspoon systemd[1]: dev-hugepages.mount: Couldn't determine result for ConditionVirtualization=!private-users, assuming failed: No such file or directory
Sep 25 17:45:03 witherspoon systemd[1]: dev-hugepages.mount: Couldn't determine result for ConditionVirtualization=!private-users, assuming failed: No such file or directory
Sep 25 17:45:03 witherspoon systemd[1]: Created slice system-xyz.openbmc_project.led.controller.slice.
Sep 25 17:45:03 witherspoon systemd[1]: dev-hugepages.mount: Couldn't determine result for ConditionVirtualization=!private-users, assuming failed: No such file or directory
Sep 25 17:45:04 witherspoon systemd[1]: dev-hugepages.mount: Couldn't determine result for ConditionVirtualization=!private-users, assuming failed: No such file or directory
Sep 25 17:45:04 witherspoon systemd[1]: Started Prepare for overlay fs.
Sep 25 17:45:04 witherspoon systemd[1]: dev-hugepages.mount: Couldn't determine result for ConditionVirtualization=!private-users, assuming failed: No such file or directory
Sep 25 17:45:04 witherspoon systemd[1]: Starting Prepare for overlay fs...
Sep 25 17:45:04 witherspoon systemd[1]: Started Prepare for overlay fs.
Sep 25 17:45:04 witherspoon systemd[1]: etc.mount: Directory /etc to mount over is not empty, mounting anyway.
Sep 25 17:45:04 witherspoon systemd[1]: Mounting /etc...
Sep 25 17:45:04 witherspoon systemd[1]: home.mount: Directory /home to mount over is not empty, mounting anyway.
Sep 25 17:45:04 witherspoon systemd[1]: Mounting /home...
Sep 25 17:45:04 witherspoon systemd[1]: Mounted /home.
Sep 25 17:45:04 witherspoon systemd[1]: Mounted /etc.
Sep 25 17:45:04 witherspoon systemd[1]: Reached target Local File Systems.
Sep 25 17:45:05 witherspoon systemd[1]: Starting Create Volatile Files and Directories...
Sep 25 17:45:05 witherspoon systemd[1]: Starting Rebuild Journal Catalog...
Sep 25 17:45:05 witherspoon systemd[1]: Started Create Volatile Files and Directories.
Sep 25 17:45:05 witherspoon systemd[1]: Started Rebuild Journal Catalog.
Sep 25 17:45:05 witherspoon systemd[1]: Starting Update is Completed...
Sep 25 17:45:05 witherspoon systemd[1]: Starting Network Time Synchronization...
Sep 25 17:45:05 witherspoon systemd[1]: Started Update is Completed.
Sep 25 17:45:05 witherspoon systemd[1]: Started Network Time Synchronization.
Sep 25 17:45:05 witherspoon systemd[1]: Reached target System Initialization.
Sep 25 17:45:05 witherspoon systemd[1]: Listening on phosphor-ipmi-net.socket.
Sep 25 17:45:05 witherspoon systemd[1]: Listening on Avahi mDNS/DNS-SD Stack Activation Socket.
Sep 25 17:45:05 witherspoon systemd[1]: Started Daily Cleanup of Temporary Directories.
Sep 25 17:45:06 witherspoon systemd[1]: Reached target Timers.
Sep 25 17:45:06 witherspoon systemd[1]: Listening on Phosphor Webserver socket.
Sep 25 17:45:06 witherspoon systemd[1]: Listening on Phosphor Host Console SSH Per-Connection socket.
Sep 25 17:45:06 witherspoon systemd[1]: Listening on D-Bus System Message Bus Socket.
Sep 25 17:45:06 witherspoon systemd[1]: Listening on dropbear.socket.
Sep 25 17:45:06 witherspoon systemd[1]: Listening on Phosphor DBUS Browser socket.
Sep 25 17:45:06 witherspoon systemd[1]: Reached target Sockets.
Sep 25 17:45:06 witherspoon systemd[1]: Reached target Basic System.
Sep 25 17:45:06 witherspoon systemd[1]: Started Phosphor sysfs LED controller.
Sep 25 17:45:06 witherspoon systemd[1]: Started Phosphor sysfs LED controller.
Sep 25 17:45:06 witherspoon systemd[1]: Starting Phosphor User Manager...
Sep 25 17:45:06 witherspoon systemd[1]: Starting Phosphor IPMI BT DBus Bridge...
Sep 25 17:45:06 witherspoon systemd[1]: Starting Phosphor Settings Daemon...
Sep 25 17:45:06 witherspoon systemd[1]: Started Phosphor sysfs LED controller.
Sep 25 17:45:06 witherspoon systemd[1]: Starting Phosphor Inventory Manager...
Sep 25 17:45:06 witherspoon systemd[1]: Started Phosphor sysfs LED controller.
Sep 25 17:45:06 witherspoon systemd[1]: Started Phosphor sysfs LED controller.
Sep 25 17:45:06 witherspoon systemd[1]: Started Hardware RNG Entropy Gatherer Daemon.
Sep 25 17:45:06 witherspoon systemd[1]: Starting Phosphor Chassis0 Control...
Sep 25 17:45:06 witherspoon systemd[1]: Starting Phosphor Log Manager...
Sep 25 17:45:06 witherspoon systemd[1]: Started Phosphor sysfs LED controller.
Sep 25 17:45:07 witherspoon systemd[1]: Starting Updates symlinks for active PNOR version...
Sep 25 17:45:07 witherspoon systemd[1]: Starting Phosphor Inventory Manager...
Sep 25 17:45:07 witherspoon systemd[1]: Starting Phosphor Download Manager...
Sep 25 17:45:07 witherspoon systemd[1]: Started Phosphor sysfs LED controller.
Sep 25 17:45:07 witherspoon systemd[1]: Starting Check PNOR UBI format...
Sep 25 17:45:07 witherspoon systemd[1]: Started Phosphor sysfs LED controller.
Sep 25 17:45:07 witherspoon systemd[1]: Started System Logging Service.
Sep 25 17:45:07 witherspoon systemd[1]: Started Phosphor Console Muxer listening on device /dev/ttyVUART0.
Sep 25 17:45:07 witherspoon systemd[1]: Started D-Bus System Message Bus.
Sep 25 17:45:07 witherspoon obmc-flash-bios[970]: ls: /media/pnor-ro-*: No such file or directory
Sep 25 17:45:13 witherspoon systemd[1]: Started Phosphor Settings Daemon.
Sep 25 17:45:13 witherspoon systemd[1]: Started Phosphor IPMI BT DBus Bridge.
Sep 25 17:45:13 witherspoon systemd[1]: Started Phosphor Log Manager.
Sep 25 17:45:14 witherspoon systemd[1]: Started Phosphor Inventory Manager.
Sep 25 17:45:14 witherspoon systemd[1]: Starting Network Service...
Sep 25 17:45:14 witherspoon systemd[1]: Starting Phosphor Sensor Manager...
Sep 25 17:45:14 witherspoon systemd[1]: Starting Remount the ubi volume after a reboot...
Sep 25 17:45:14 witherspoon systemd[1]: Starting Remount the squashfs and ubi volumes after a reboot...
Sep 25 17:45:14 witherspoon systemd[1]: Reached target Containers.
Sep 25 17:45:14 witherspoon systemd[1]: Starting Clear one time boot overrides...
Sep 25 17:45:14 witherspoon systemd[1]: Starting Phosphor Network Manager...
Sep 25 17:45:14 witherspoon systemd[1]: Started Phosphor sysfs LED controller.
Sep 25 17:45:14 witherspoon systemd[1]: Started Phosphor sysfs LED controller.
Sep 25 17:45:14 witherspoon systemd[1]: Starting Phosphor BMC0 Control...
Sep 25 17:45:14 witherspoon systemd[1]: Starting Phosphor Download Manager...
Sep 25 17:45:14 witherspoon systemd[1]: Starting Avahi mDNS/DNS-SD Stack...
Sep 25 17:45:14 witherspoon systemd[1]: Starting Phosphor Dump Manager...
Sep 25 17:45:14 witherspoon systemd[1]: Starting Phosphor LED Group Management Daemon...
Sep 25 17:45:15 witherspoon systemd[1]: Started Phosphor Dump core monitor..
Sep 25 17:45:15 witherspoon systemd[1]: Starting Phosphor DBus Service Discovery Manager...
Sep 25 17:45:15 witherspoon systemd[1]: Started Kernel Logging Service.
Sep 25 17:45:15 witherspoon systemd[1]: Reached target System Time Synchronized.
Sep 25 17:45:15 witherspoon kernel[1003]: klogd started: BusyBox v1.24.1 (2017-06-16 19:29:08 UTC)
Sep 25 17:45:15 witherspoon kernel[1003]: [    0.000000] Booting Linux on physical CPU 0x0
Sep 25 17:45:15 witherspoon kernel[1003]: [    0.000000] Linux version 4.10.17-c4227b43277bbd0992d10d764d4958239786503d (jenkins@openbmc-builder1) (gcc version 6.2.0 (GCC) ) #1 Wed Sep 13 15:42:31 UTC 2017
Sep 25 17:45:15 witherspoon kernel[1003]: [    0.000000] CPU: ARMv6-compatible processor [410fb767] revision 7 (ARMv7), cr=00c5387d
Sep 25 17:45:15 witherspoon kernel[1003]: [    0.000000] CPU: PIPT / VIPT nonaliasing data cache, VIPT nonaliasing instruction cache
Sep 25 17:45:15 witherspoon kernel[1003]: [    0.000000] OF: fdt:Machine model: Witherspoon BMC
Sep 25 17:45:15 witherspoon kernel[1003]: [    0.000000] Memory policy: Data cache writeback
Sep 25 17:45:15 witherspoon kernel[1003]: [    0.000000] SOC Rev: 04030303
Sep 25 17:45:15 witherspoon kernel[1003]: [    0.000000] On node 0 totalpages: 110592
Sep 25 17:45:15 witherspoon kernel[1003]: [    0.000000] free_area_init_node: node 0, pgdat 806038a4, node_mem_map 9ec1a000
Sep 25 17:45:15 witherspoon kernel[1003]: [    0.000000]   Normal zone: 992 pages used for memmap
Sep 25 17:45:15 witherspoon kernel[1003]: [    0.000000]   Normal zone: 0 pages reserved
Sep 25 17:45:15 witherspoon kernel[1003]: [    0.000000]   Normal zone: 110592 pages, LIFO batch:31
Sep 25 17:45:15 witherspoon kernel[1003]: [    0.000000] pcpu-alloc: s0 r0 d32768 u32768 alloc=1*32768
Sep 25 17:45:15 witherspoon kernel[1003]: [    0.000000] pcpu-alloc: [0] 0
Sep 25 17:45:15 witherspoon kernel[1003]: [    0.000000] Built 1 zonelists in Zone order, mobility grouping on.  Total pages: 109600
Sep 25 17:45:15 witherspoon kernel[1003]: [    0.000000] Kernel command line: console=ttyS4,115200n8 ubi.mtd=obmc-ubi,0,0,0 ubi.mtd=alt-obmc-ubi,0,0,4 ro rootfstype=squashfs ubi.block=4,0 root=/dev/ubiblock4_0
Sep 25 17:45:15 witherspoon kernel[1003]: [    0.000000] PID hash table entries: 2048 (order: 1, 8192 bytes)
Sep 25 17:45:15 witherspoon kernel[1003]: [    0.000000] Dentry cache hash table entries: 65536 (order: 6, 262144 bytes)
Sep 25 17:45:15 witherspoon kernel[1003]: [    0.000000] Inode-cache hash table entries: 32768 (order: 5, 131072 bytes)
Sep 25 17:45:15 witherspoon kernel[1003]: [    0.000000] Memory: 431960K/442368K available (4077K kernel code, 281K rwdata, 1196K rodata, 284K init, 111K bss, 10408K reserved, 0K cma-reserved)
Sep 25 17:45:15 witherspoon kernel[1003]: [    0.000000] Virtual kernel memory layout:
Sep 25 17:45:15 witherspoon kernel[1003]: [    0.000000]     vector  : 0xffff0000 - 0xffff1000   (   4 kB)
Sep 25 17:45:15 witherspoon kernel[1003]: [    0.000000]     fixmap  : 0xffc00000 - 0xfff00000   (3072 kB)
Sep 25 17:45:15 witherspoon kernel[1003]: [    0.000000]     vmalloc : 0x9f800000 - 0xff800000   (1536 MB)
Sep 25 17:45:15 witherspoon kernel[1003]: [    0.000000]     lowmem  : 0x80000000 - 0x9f000000   ( 496 MB)
Sep 25 17:45:15 witherspoon kernel[1003]: [    0.000000]       .text : 0x80008000 - 0x804036e0   (4078 kB)
Sep 25 17:45:15 witherspoon kernel[1003]: [    0.000000]       .init : 0x80589000 - 0x805d0000   ( 284 kB)
Sep 25 17:45:16 witherspoon kernel[1003]: [    0.000000]       .data : 0x805d0000 - 0x806167a8   ( 282 kB)
Sep 25 17:45:16 witherspoon kernel[1003]: [    0.000000]        .bss : 0x806167a8 - 0x80632678   ( 112 kB)
Sep 25 17:45:16 witherspoon kernel[1003]: [    0.000000] NR_IRQS:16 nr_irqs:16 16
Sep 25 17:45:16 witherspoon kernel[1003]: [    0.000000] i2c controller registered, irq 16
Sep 25 17:45:16 witherspoon kernel[1003]: [    0.000000] clocksource: moxart_timer: mask: 0xffffffff max_cycles: 0xffffffff, max_idle_ns: 77222644334 ns
Sep 25 17:45:16 witherspoon kernel[1003]: [    0.000000] sched_clock: 32 bits at 100 Hz, resolution 10000000ns, wraps every 21474836475000000ns
Sep 25 17:45:16 witherspoon kernel[1003]: [    0.090000] Calibrating delay loop... 789.70 BogoMIPS (lpj=3948544)
Sep 25 17:45:16 witherspoon kernel[1003]: [    0.090000] pid_max: default: 32768 minimum: 301
Sep 25 17:45:16 witherspoon kernel[1003]: [    0.090000] Mount-cache hash table entries: 1024 (order: 0, 4096 bytes)
Sep 25 17:45:16 witherspoon kernel[1003]: [    0.090000] Mountpoint-cache hash table entries: 1024 (order: 0, 4096 bytes)
Sep 25 17:45:16 witherspoon kernel[1003]: [    0.090000] CPU: Testing write buffer coherency: ok
Sep 25 17:45:16 witherspoon kernel[1003]: [    0.090000] ftrace: allocating 14991 entries in 44 pages
Sep 25 17:45:16 witherspoon kernel[1003]: [    0.120000] Setting up static identity map for 0x80008200 - 0x8000825c
Sep 25 17:45:16 witherspoon kernel[1003]: [    0.130000] devtmpfs: initialized
Sep 25 17:45:16 witherspoon kernel[1003]: [    0.140000] clocksource: jiffies: mask: 0xffffffff max_cycles: 0xffffffff, max_idle_ns: 19112604462750000 ns
Sep 25 17:45:16 witherspoon kernel[1003]: [    0.140000] futex hash table entries: 256 (order: -1, 3072 bytes)
Sep 25 17:45:16 witherspoon kernel[1003]: [    0.140000] pinctrl core: initialized pinctrl subsystem
Sep 25 17:45:16 witherspoon kernel[1003]: [    0.140000] NET: Registered protocol family 16
Sep 25 17:45:16 witherspoon kernel[1003]: [    0.150000] DMA: preallocated 256 KiB pool for atomic coherent allocations
Sep 25 17:45:16 witherspoon kernel[1003]: [    0.210000] usbcore: registered new interface driver usbfs
Sep 25 17:45:16 witherspoon kernel[1003]: [    0.210000] usbcore: registered new interface driver hub
Sep 25 17:45:16 witherspoon kernel[1003]: [    0.210000] usbcore: registered new device driver usb
Sep 25 17:45:16 witherspoon kernel[1003]: [    0.220000] clocksource: Switched to clocksource moxart_timer
Sep 25 17:45:16 witherspoon kernel[1003]: [    0.240000] NET: Registered protocol family 2
Sep 25 17:45:16 witherspoon kernel[1003]: [    0.240000] TCP established hash table entries: 4096 (order: 2, 16384 bytes)
Sep 25 17:45:16 witherspoon kernel[1003]: [    0.240000] TCP bind hash table entries: 4096 (order: 2, 16384 bytes)
Sep 25 17:45:16 witherspoon kernel[1003]: [    0.240000] TCP: Hash tables configured (established 4096 bind 4096)
Sep 25 17:45:16 witherspoon kernel[1003]: [    0.240000] UDP hash table entries: 256 (order: 0, 4096 bytes)
Sep 25 17:45:16 witherspoon kernel[1003]: [    0.240000] UDP-Lite hash table entries: 256 (order: 0, 4096 bytes)
Sep 25 17:45:16 witherspoon kernel[1003]: [    0.240000] NET: Registered protocol family 1
Sep 25 17:45:16 witherspoon kernel[1003]: [    0.240000] workingset: timestamp_bits=30 max_order=17 bucket_order=0
Sep 25 17:45:16 witherspoon kernel[1003]: [    0.240000] squashfs: version 4.0 (2009/01/31) Phillip Lougher
Sep 25 17:45:17 witherspoon kernel: ubi8: default fastmap pool size: 100
Sep 25 17:45:17 witherspoon kernel: ubi8: default fastmap WL pool size: 50
Sep 25 17:45:17 witherspoon kernel: ubi8: attaching mtd8
Sep 25 17:45:16 witherspoon systemd[1]: Started Updates symlinks for active PNOR version.
Sep 25 17:45:16 witherspoon kernel[1003]: [    0.240000] jffs2: version 2.2. (SUMMARY)  © 2001-2006 Red Hat, Inc.
Sep 25 17:45:16 witherspoon systemd[1]: Started Check PNOR UBI format.
Sep 25 17:45:16 witherspoon kernel[1003]: [    0.240000] Block layer SCSI generic (bsg) driver version 0.4 loaded (major 250)
Sep 25 17:45:16 witherspoon kernel[1003]: [    0.240000] io scheduler noop registered
Sep 25 17:45:16 witherspoon kernel[1003]: [    0.240000] io scheduler deadline registered
Sep 25 17:45:16 witherspoon kernel[1003]: [    0.240000] io scheduler cfq registered (default)
Sep 25 17:45:16 witherspoon kernel[1003]: [    0.260000] ipmi-bt-host 1e789140.ibt: Found bt bmc device
Sep 25 17:45:16 witherspoon kernel[1003]: [    0.260000] ipmi-bt-host 1e789140.ibt: Using IRQ 22
Sep 25 17:45:16 witherspoon kernel[1003]: [    0.260000] Serial: 8250/16550 driver, 6 ports, IRQ sharing enabled
Sep 25 17:45:16 witherspoon kernel[1003]: [    0.290000] 1e787000.vuart: ttyS5 at MMIO 0x1e787000 (irq = 22, base_baud = 1500000) is a 16550A
Sep 25 17:45:16 witherspoon kernel[1003]: [    0.290000] 1e783000.serial: ttyS0 at MMIO 0x1e783000 (irq = 23, base_baud = 1500000) is a 16550A
Sep 25 17:45:16 witherspoon kernel[1003]: [    0.290000] 1e78d000.serial: ttyS1 at MMIO 0x1e78d000 (irq = 24, base_baud = 1500000) is a 16550A
Sep 25 17:45:16 witherspoon kernel[1003]: [    0.290000] 1e784000.serial: ttyS4 at MMIO 0x1e784000 (irq = 25, base_baud = 1500000) is a 16550A
Sep 25 17:45:16 witherspoon kernel[1003]: [    0.670000] console [ttyS4] enabled
Sep 25 17:45:16 witherspoon kernel[1003]: [    0.750000] timeriomem_rng 1e6e2078.hwrng: 32bits from 0xf00e2078 @ 1us
Sep 25 17:45:16 witherspoon kernel[1003]: [    0.760000] random: fast init done
Sep 25 17:45:16 witherspoon kernel[1003]: [    0.790000] random: crng init done
Sep 25 17:45:16 witherspoon kernel[1003]: [    0.810000] brd: module loaded
Sep 25 17:45:16 witherspoon kernel[1003]: [    0.840000] loop: module loaded
Sep 25 17:45:16 witherspoon kernel[1003]: [    0.850000] aspeed-lpc-ctrl 1e789080.lpc-ctrl: Loaded at 0x98000000 (0x04000000)
Sep 25 17:45:16 witherspoon kernel[1003]: [    0.860000] aspeed-smc 1e620000.flash-controller: Using IRQ 18
Sep 25 17:45:16 witherspoon kernel[1003]: [    0.860000] aspeed-smc 1e620000.flash-controller: DMA support disabled.
Sep 25 17:45:16 witherspoon kernel[1003]: [    0.860000] aspeed-smc 1e620000.flash-controller: mx25l25635e (32768 Kbytes)
Sep 25 17:45:16 witherspoon kernel[1003]: [    0.880000] aspeed-smc 1e620000.flash-controller: CE0 window [ 0x20000000 - 0x22000000 ] 32MB
Sep 25 17:45:16 witherspoon kernel[1003]: [    0.880000] aspeed-smc 1e620000.flash-controller: CE1 window [ 0x22000000 - 0x2a000000 ] 128MB
Sep 25 17:45:16 witherspoon kernel[1003]: [    0.880000] 3 ofpart partitions found on MTD device bmc
Sep 25 17:45:16 witherspoon kernel[1003]: [    0.880000] Creating 3 MTD partitions on "bmc":
Sep 25 17:45:16 witherspoon kernel[1003]: [    0.910000] 0x000000000000-0x000000060000 : "u-boot"
Sep 25 17:45:16 witherspoon kernel[1003]: [    0.910000] 0x000000060000-0x000000080000 : "u-boot-env"
Sep 25 17:45:16 witherspoon kernel[1003]: [    0.910000] 0x000000080000-0x000002000000 : "obmc-ubi"
Sep 25 17:45:16 witherspoon kernel[1003]: [    0.910000] aspeed-smc 1e620000.flash-controller: mx25l25635e (32768 Kbytes)
Sep 25 17:45:16 witherspoon kernel[1003]: [    0.910000] aspeed-smc 1e620000.flash-controller: CE1 window [ 0x22000000 - 0x24000000 ] 32MB
Sep 25 17:45:18 witherspoon kernel: ubi8: scanning is finished
Sep 25 17:45:18 witherspoon kernel: ubi8: attached mtd8 (name "pnor", size 128 MiB)
Sep 25 17:45:18 witherspoon kernel: ubi8: PEB size: 65536 bytes (64 KiB), LEB size: 65408 bytes
Sep 25 17:45:19 witherspoon kernel: ubi8: min./max. I/O unit sizes: 1/256, sub-page size 1
Sep 25 17:45:19 witherspoon kernel: ubi8: VID header offset: 64 (aligned 64), data offset: 128
Sep 25 17:45:19 witherspoon kernel: ubi8: good PEBs: 2048, bad PEBs: 0, corrupted PEBs: 0
Sep 25 17:45:19 witherspoon kernel: ubi8: user volume: 6, internal volumes: 1, max. volumes count: 128
Sep 25 17:45:19 witherspoon kernel: ubi8: max/mean erase counter: 42/28, WL threshold: 4096, image sequence number: 91395301
Sep 25 17:45:19 witherspoon kernel: ubi8: available PEBs: 468, total reserved PEBs: 1580, PEBs reserved for bad PEB handling: 0
Sep 25 17:45:19 witherspoon kernel: ubi: ubi0 already exists
Sep 25 17:45:19 witherspoon kernel: ubi8: background thread "ubi_bgt8d" started, PID 1031
Sep 25 17:45:18 witherspoon systemd[1]: Started Phosphor Download Manager.
Sep 25 17:45:19 witherspoon obmc-flash-bios[990]: UBI device number 8, total 2048 LEBs (133955584 bytes, 127.8 MiB), available 468 LEBs (30610944 bytes, 29.2 MiB), LEB size 65408 bytes (63.9 KiB)
Sep 25 17:45:16 witherspoon kernel[1003]: [    0.950000] aspeed-smc 1e620000.flash-controller: CE2 window [ 0x24000000 - 0x2c000000 ] 128MB
Sep 25 17:45:16 witherspoon kernel[1003]: [    0.950000] 3 ofpart partitions found on MTD device alt-bmc
Sep 25 17:45:16 witherspoon kernel[1003]: [    0.950000] Creating 3 MTD partitions on "alt-bmc":
Sep 25 17:45:16 witherspoon kernel[1003]: [    0.950000] 0x000000000000-0x000000060000 : "alt-u-boot"
Sep 25 17:45:16 witherspoon kernel[1003]: [    0.950000] 0x000000060000-0x000000080000 : "alt-u-boot-env"
Sep 25 17:45:16 witherspoon kernel[1003]: [    0.950000] 0x000000080000-0x000002000000 : "alt-obmc-ubi"
Sep 25 17:45:16 witherspoon kernel[1003]: [    1.010000] aspeed-smc 1e630000.flash-controller: mx66l1g45g (131072 Kbytes)
Sep 25 17:45:16 witherspoon kernel[1003]: [    1.020000] aspeed-smc 1e630000.flash-controller: CE0 window resized to 120MB (AST2500 HW quirk)
Sep 25 17:45:16 witherspoon kernel[1003]: [    1.020000] aspeed-smc 1e630000.flash-controller: CE0 window [ 0x30000000 - 0x37800000 ] 120MB
Sep 25 17:45:16 witherspoon kernel[1003]: [    1.030000] aspeed-smc 1e630000.flash-controller: CE0 window too small for chip 128MB
Sep 25 17:45:16 witherspoon kernel[1003]: [    1.040000] aspeed-smc 1e630000.flash-controller: CE1 window [ 0x37800000 - 0x38000000 ] 8MB
Sep 25 17:45:16 witherspoon kernel[1003]: [    1.750000] libphy: Fixed MDIO Bus: probed
Sep 25 17:45:16 witherspoon kernel[1003]: [    1.750000] ftgmac100 1e660000.ethernet: Read MAC address 70:e2:84:14:23:e1 from chip
Sep 25 17:45:16 witherspoon kernel[1003]: [    1.750000] ftgmac100 1e660000.ethernet: Using NCSI interface
Sep 25 17:45:16 witherspoon kernel[1003]: [    1.850000] ftgmac100 1e660000.ethernet eth0: irq 20, mapped at f0060000
Sep 25 17:45:16 witherspoon kernel[1003]: [    1.850000] ehci_hcd: USB 2.0 'Enhanced' Host Controller (EHCI) Driver
Sep 25 17:45:16 witherspoon kernel[1003]: [    1.850000] ehci-platform: EHCI generic platform driver
Sep 25 17:45:16 witherspoon kernel[1003]: [    2.020000] i2c /dev entries driver
Sep 25 17:45:16 witherspoon kernel[1003]: [    2.020000] aspeed-i2c-bus 1e78a0c0.i2c-bus: i2c bus 2 registered, irq 26
Sep 25 17:45:16 witherspoon kernel[1003]: [    2.020000] aspeed-i2c-bus 1e78a100.i2c-bus: i2c bus 3 registered, irq 27
Sep 25 17:45:16 witherspoon kernel[1003]: [    2.020000] aspeed-i2c-bus 1e78a140.i2c-bus: i2c bus 4 registered, irq 28
Sep 25 17:45:16 witherspoon kernel[1003]: [    2.020000] aspeed-i2c-bus 1e78a180.i2c-bus: i2c bus 5 registered, irq 29
Sep 25 17:45:16 witherspoon kernel[1003]: [    2.020000] aspeed-i2c-bus 1e78a380.i2c-bus: i2c bus 9 registered, irq 30
Sep 25 17:45:16 witherspoon kernel[1003]: [    2.020000] aspeed-i2c-bus 1e78a3c0.i2c-bus: i2c bus 10 registered, irq 31
Sep 25 17:45:16 witherspoon kernel[1003]: [    2.020000] rtc-rv8803 11-0032: Voltage low, temperature compensation stopped.
Sep 25 17:45:16 witherspoon kernel[1003]: [    2.020000] rtc-rv8803 11-0032: An alarm maybe have been missed.
Sep 25 17:45:16 witherspoon kernel[1003]: [    2.120000] rtc-rv8803 11-0032: rtc core: registered rx8900 as rtc0
Sep 25 17:45:16 witherspoon kernel[1003]: [    2.130000] at24 11-0051: 8192 byte 24c64 EEPROM, writable, 1 bytes/write
Sep 25 17:45:16 witherspoon kernel[1003]: [    2.130000] aspeed-i2c-bus 1e78a400.i2c-bus: i2c bus 11 registered, irq 32
Sep 25 17:45:16 witherspoon kernel[1003]: [    2.130000] aspeed-i2c-bus 1e78a440.i2c-bus: i2c bus 12 registered, irq 33
Sep 25 17:45:16 witherspoon kernel[1003]: [    2.130000] aspeed-i2c-bus 1e78a480.i2c-bus: i2c bus 13 registered, irq 34
Sep 25 17:45:16 witherspoon kernel[1003]: [    2.130000] Driver for 1-wire Dallas network protocol.
Sep 25 17:45:16 witherspoon kernel[1003]: [    2.130000] lm75 9-004a: hwmon0: sensor 'tmp275'
Sep 25 17:45:16 witherspoon kernel[1003]: [    3.950000] ucd9000 11-0064: Device ID UCD90160|2.3.4.0000|110603
Sep 25 17:45:16 witherspoon kernel[1003]: [    4.660000] leds-pca955x 3-0060: leds-pca955x: Using pca9552 16-bit LED driver at slave address 0x60
Sep 25 17:45:16 witherspoon kernel[1003]: [    4.670000] leds-pca955x 3-0060: gpios 238...253
Sep 25 17:45:16 witherspoon kernel[1003]: [    4.670000] leds-pca955x 11-0060: leds-pca955x: Using pca9552 16-bit LED driver at slave address 0x60
Sep 25 17:45:16 witherspoon kernel[1003]: [    4.690000] leds-pca955x 11-0060: gpios 222...237
Sep 25 17:45:16 witherspoon kernel[1003]: [    4.690000] usbcore: registered new interface driver usbhid
Sep 25 17:45:16 witherspoon kernel[1003]: [    4.700000] usbhid: USB HID core driver
Sep 25 17:45:16 witherspoon kernel[1003]: [    4.750000] NET: Registered protocol family 10
Sep 25 17:45:16 witherspoon kernel[1003]: [    4.750000] Segment Routing with IPv6
Sep 25 17:45:20 witherspoon systemd[1]: Started Clear one time boot overrides.
Sep 25 17:45:16 witherspoon kernel[1003]: [    4.760000] NET: Registered protocol family 17
Sep 25 17:45:20 witherspoon systemd[1]: Started Phosphor LED Group Management Daemon.
Sep 25 17:45:16 witherspoon kernel[1003]: [    4.760000] 8021q: 802.1Q VLAN Support v1.8
Sep 25 17:45:16 witherspoon kernel[1003]: [    4.780000] input: gpio-keys-polled as /devices/platform/gpio-keys-polled/input/input1
Sep 25 17:45:16 witherspoon kernel[1003]: [    4.800000] ubi0: default fastmap pool size: 25
Sep 25 17:45:16 witherspoon kernel[1003]: [    4.810000] ubi0: default fastmap WL pool size: 12
Sep 25 17:45:16 witherspoon kernel[1003]: [    4.810000] ubi0: attaching mtd3
Sep 25 17:45:16 witherspoon kernel[1003]: [    4.830000] ubi0: scanning is finished
Sep 25 17:45:16 witherspoon kernel[1003]: [    4.840000] ubi0: attached mtd3 (name "obmc-ubi", size 31 MiB)
Sep 25 17:45:16 witherspoon kernel[1003]: [    4.840000] ubi0: PEB size: 65536 bytes (64 KiB), LEB size: 65408 bytes
Sep 25 17:45:16 witherspoon kernel[1003]: [    4.860000] ubi0: min./max. I/O unit sizes: 1/256, sub-page size 1
Sep 25 17:45:16 witherspoon kernel[1003]: [    4.860000] ubi0: VID header offset: 64 (aligned 64), data offset: 128
Sep 25 17:45:16 witherspoon kernel[1003]: [    4.860000] ubi0: good PEBs: 504, bad PEBs: 0, corrupted PEBs: 0
Sep 25 17:45:16 witherspoon kernel[1003]: [    4.860000] ubi0: user volume: 4, internal volumes: 1, max. volumes count: 128
Sep 25 17:45:16 witherspoon kernel[1003]: [    4.860000] ubi0: max/mean erase counter: 9/7, WL threshold: 4096, image sequence number: 1358235831
Sep 25 17:45:16 witherspoon kernel[1003]: [    4.900000] ubi0: available PEBs: 46, total reserved PEBs: 458, PEBs reserved for bad PEB handling: 0
Sep 25 17:45:16 witherspoon kernel[1003]: [    4.900000] ubi0: background thread "ubi_bgt0d" started, PID 507
Sep 25 17:45:16 witherspoon kernel[1003]: [    4.900000] ubi4: default fastmap pool size: 25
Sep 25 17:45:16 witherspoon kernel[1003]: [    4.900000] ubi4: default fastmap WL pool size: 12
Sep 25 17:45:16 witherspoon kernel[1003]: [    4.900000] ubi4: attaching mtd7
Sep 25 17:45:16 witherspoon kernel[1003]: [    4.940000] ubi4: scanning is finished
Sep 25 17:45:16 witherspoon kernel[1003]: [    4.990000] ubi4: attached mtd7 (name "alt-obmc-ubi", size 31 MiB)
Sep 25 17:45:16 witherspoon kernel[1003]: [    4.990000] ubi4: PEB size: 65536 bytes (64 KiB), LEB size: 65408 bytes
Sep 25 17:45:16 witherspoon kernel[1003]: [    4.990000] ubi4: min./max. I/O unit sizes: 1/256, sub-page size 1
Sep 25 17:45:16 witherspoon kernel[1003]: [    4.990000] ubi4: VID header offset: 64 (aligned 64), data offset: 128
Sep 25 17:45:16 witherspoon kernel[1003]: [    5.040000] ubi4: good PEBs: 504, bad PEBs: 0, corrupted PEBs: 0
Sep 25 17:45:16 witherspoon kernel[1003]: [    5.040000] ubi4: user volume: 3, internal volumes: 1, max. volumes count: 128
Sep 25 17:45:16 witherspoon kernel[1003]: [    5.040000] ubi4: max/mean erase counter: 7/5, WL threshold: 4096, image sequence number: 1358235831
Sep 25 17:45:16 witherspoon kernel[1003]: [    5.040000] ubi4: available PEBs: 111, total reserved PEBs: 393, PEBs reserved for bad PEB handling: 0
Sep 25 17:45:16 witherspoon kernel[1003]: [    5.040000] ubi4: background thread "ubi_bgt4d" started, PID 512
Sep 25 17:45:16 witherspoon kernel[1003]: [   14.980000] block ubiblock4_0: created from ubi4:0(rofs-eb27353e)
Sep 25 17:45:16 witherspoon kernel[1003]: [   14.980000] console [netcon0] enabled
Sep 25 17:45:16 witherspoon kernel[1003]: [   14.980000] netconsole: network logging started
Sep 25 17:45:16 witherspoon kernel[1003]: [   14.980000] input: gpio-keys as /devices/platform/gpio-keys/input/input2
Sep 25 17:45:16 witherspoon kernel[1003]: [   14.980000] rtc-rv8803 11-0032: setting system clock to 2017-09-25 17:44:51 UTC (1506361491)
Sep 25 17:45:16 witherspoon kernel[1003]: [   14.980000] VFS: Mounted root (squashfs filesystem) readonly on device 254:0.
Sep 25 17:45:16 witherspoon kernel[1003]: [   14.980000] devtmpfs: mounted
Sep 25 17:45:16 witherspoon kernel[1003]: [   14.980000] Freeing unused kernel memory: 284K
Sep 25 17:45:16 witherspoon kernel[1003]: [   14.980000] This architecture does not have kernel memory protection.
Sep 25 17:45:16 witherspoon kernel[1003]: [   17.620000] systemd[1]: Failed to insert module 'autofs4': No such file or directory
Sep 25 17:45:16 witherspoon kernel[1003]: [   17.870000] systemd[1]: systemd 232 running in system mode. (+PAM -AUDIT -SELINUX -IMA -APPARMOR -SMACK +SYSVINIT -UTMP -LIBCRYPTSETUP -GCRYPT -GNUTLS +ACL +XZ -LZ4 -SECCOMP +BLKID -ELFUTILS +KMOD -IDN)
Sep 25 17:45:16 witherspoon kernel[1003]: [   17.870000] systemd[1]: Detected architecture arm.
Sep 25 17:45:16 witherspoon kernel[1003]: [   18.080000] systemd[1]: Set hostname to <witherspoon>.
Sep 25 17:45:16 witherspoon kernel[1003]: [   18.150000] systemd[1]: Initializing machine ID from random generator.
Sep 25 17:45:16 witherspoon kernel[1003]: [   18.150000] systemd[1]: Installed transient /etc/machine-id file.
Sep 25 17:45:16 witherspoon kernel[1003]: [   19.950000] systemd[1]: Reached target Swap.
Sep 25 17:45:16 witherspoon kernel[1003]: [   20.000000] systemd[1]: Created slice System Slice.
Sep 25 17:45:16 witherspoon kernel[1003]: [   20.030000] systemd[1]: Created slice system-phosphor\x2dreset\x2dhost\x2drunning.slice.
Sep 25 17:45:16 witherspoon kernel[1003]: [   20.070000] systemd[1]: Created slice system-serial\x2dgetty.slice.
Sep 25 17:45:16 witherspoon kernel[1003]: [   20.110000] systemd[1]: Created slice system-phosphor\x2dmax31785\x2dmsl.slice.
Sep 25 17:45:16 witherspoon kernel[1003]: [   22.470000] UBIFS (ubi0:2): background thread "ubifs_bgt0_2" started, PID 555
Sep 25 17:45:16 witherspoon kernel[1003]: [   22.610000] UBIFS (ubi0:2): UBIFS: mounted UBI device 0, volume 2, name "rwfs"
Sep 25 17:45:16 witherspoon kernel[1003]: [   22.610000] UBIFS (ubi0:2): LEB size: 65408 bytes (63 KiB), min./max. I/O unit sizes: 8 bytes/256 bytes
Sep 25 17:45:16 witherspoon kernel[1003]: [   22.610000] UBIFS (ubi0:2): FS size: 3597440 bytes (3 MiB, 55 LEBs), journal size 719488 bytes (0 MiB, 11 LEBs)
Sep 25 17:45:16 witherspoon kernel[1003]: [   22.610000] UBIFS (ubi0:2): reserved for root: 0 bytes (0 KiB)
Sep 25 17:45:22 witherspoon systemd[1]: Started Phosphor Dump Manager.
Sep 25 17:45:16 witherspoon kernel[1003]: [   22.610000] UBIFS (ubi0:2): media format: w4/r0 (latest is w5/r0), UUID F6AF7850-1C6E-4E2A-94BB-A56899CAF080, small LPT model
Sep 25 17:45:16 witherspoon kernel[1003]: [   23.400000] systemd-journald[534]: Received request to flush runtime journal from PID 1
Sep 25 17:45:17 witherspoon kernel[1003]: [   41.320000] ubi8: default fastmap pool size: 100
Sep 25 17:45:17 witherspoon kernel[1003]: [   41.320000] ubi8: default fastmap WL pool size: 50
Sep 25 17:45:17 witherspoon kernel[1003]: [   41.320000] ubi8: attaching mtd8
Sep 25 17:45:18 witherspoon kernel[1003]: [   42.510000] ubi8: scanning is finished
Sep 25 17:45:18 witherspoon kernel[1003]: [   42.510000] ubi8: attached mtd8 (name "pnor", size 128 MiB)
Sep 25 17:45:18 witherspoon kernel[1003]: [   42.510000] ubi8: PEB size: 65536 bytes (64 KiB), LEB size: 65408 bytes
Sep 25 17:45:18 witherspoon kernel[1003]: [   42.510000] ubi8: min./max. I/O unit sizes: 1/256, sub-page size 1
Sep 25 17:45:18 witherspoon kernel[1003]: [   42.510000] ubi8: VID header offset: 64 (aligned 64), data offset: 128
Sep 25 17:45:18 witherspoon kernel[1003]: [   42.510000] ubi8: good PEBs: 2048, bad PEBs: 0, corrupted PEBs: 0
Sep 25 17:45:18 witherspoon kernel[1003]: [   42.510000] ubi8: user volume: 6, internal volumes: 1, max. volumes count: 128
Sep 25 17:45:18 witherspoon kernel[1003]: [   42.510000] ubi8: max/mean erase counter: 42/28, WL threshold: 4096, image sequence number: 91395301
Sep 25 17:45:18 witherspoon kernel[1003]: [   42.510000] ubi8: available PEBs: 468, total reserved PEBs: 1580, PEBs reserved for bad PEB handling: 0
Sep 25 17:45:18 witherspoon kernel[1003]: [   42.510000] ubi: ubi0 already exists
Sep 25 17:45:18 witherspoon kernel[1003]: [   42.510000] ubi8: background thread "ubi_bgt8d" started, PID 1031
Sep 25 17:45:22 witherspoon avahi-daemon[997]: Found user 'avahi' (UID 999) and group 'avahi' (GID 999).
Sep 25 17:45:22 witherspoon avahi-daemon[997]: Successfully dropped root privileges.
Sep 25 17:45:22 witherspoon avahi-daemon[997]: avahi-daemon 0.6.32 starting up.
Sep 25 17:45:23 witherspoon systemd[1]: Started Avahi mDNS/DNS-SD Stack.
Sep 25 17:45:23 witherspoon avahi-daemon[997]: Successfully called chroot().
Sep 25 17:45:23 witherspoon avahi-daemon[997]: Successfully dropped remaining capabilities.
Sep 25 17:45:23 witherspoon avahi-daemon[997]: Loading service file /services/obmc_console.service.
Sep 25 17:45:24 witherspoon avahi-daemon[997]: Loading service file /services/phosphor_rest.service.
Sep 25 17:45:24 witherspoon avahi-daemon[997]: Loading service file /services/sftp-ssh.service.
Sep 25 17:45:24 witherspoon avahi-daemon[997]: Loading service file /services/sftp.service.
Sep 25 17:45:24 witherspoon avahi-daemon[997]: Loading service file /services/ssh.service.
Sep 25 17:45:24 witherspoon avahi-daemon[997]: Network interface enumeration completed.
Sep 25 17:45:24 witherspoon avahi-daemon[997]: Server startup complete. Host name is witherspoon.local. Local service cookie is 1322001944.
Sep 25 17:45:24 witherspoon avahi-daemon[997]: Service "witherspoon" (/services/ssh.service) successfully established.
Sep 25 17:45:24 witherspoon avahi-daemon[997]: Service "sftp" (/services/sftp.service) successfully established.
Sep 25 17:45:24 witherspoon avahi-daemon[997]: Service "witherspoon" (/services/sftp-ssh.service) successfully established.
Sep 25 17:45:24 witherspoon avahi-daemon[997]: Service "phosphor_rest" (/services/phosphor_rest.service) successfully established.
Sep 25 17:45:24 witherspoon avahi-daemon[997]: Service "obmc_console" (/services/obmc_console.service) successfully established.
Sep 25 17:45:25 witherspoon systemd-networkd[987]: Enumeration completed
Sep 25 17:45:25 witherspoon systemd[1]: Started Network Service.
Sep 25 17:45:25 witherspoon systemd[1]: Reached target Network.
Sep 25 17:45:25 witherspoon systemd[1]: Starting Permit User Sessions...
Sep 25 17:45:25 witherspoon systemd[1]: Started Lightweight SLP Server.
Sep 25 17:45:25 witherspoon systemd-networkd[987]: eth0: IPv6 enabled for interface: Success
Sep 25 17:45:26 witherspoon kernel: 8021q: adding VLAN 0 to HW filter on device eth0
Sep 25 17:45:25 witherspoon avahi-daemon[997]: Joining mDNS multicast group on interface eth0.IPv4 with address 9.3.86.161.
Sep 25 17:45:25 witherspoon avahi-daemon[997]: New relevant interface eth0.IPv4 for mDNS.
Sep 25 17:45:26 witherspoon systemd-networkd[987]: eth0: Gained carrier
Sep 25 17:45:25 witherspoon avahi-daemon[997]: Registering new address record for 9.3.86.161 on eth0.IPv4.
Sep 25 17:45:26 witherspoon systemd-timesyncd[954]: Network configuration changed, trying to establish connection.
Sep 25 17:45:26 witherspoon kernel[1003]: [   49.660000] 8021q: adding VLAN 0 to HW filter on device eth0
Sep 25 17:45:26 witherspoon systemd[1]: Started Permit User Sessions.
Sep 25 17:45:26 witherspoon systemd[1]: Started Serial Getty on ttyS4.
Sep 25 17:45:26 witherspoon systemd[1]: Reached target Login Prompts.
Sep 25 17:45:27 witherspoon avahi-daemon[997]: Joining mDNS multicast group on interface eth0.IPv6 with address fe80::72e2:84ff:fe14:23e1.
Sep 25 17:45:27 witherspoon systemd-networkd[987]: eth0: Gained IPv6LL
Sep 25 17:45:27 witherspoon avahi-daemon[997]: New relevant interface eth0.IPv6 for mDNS.
Sep 25 17:45:27 witherspoon avahi-daemon[997]: Registering new address record for fe80::72e2:84ff:fe14:23e1 on eth0.*.
Sep 25 17:45:30 witherspoon kernel: ftgmac100 1e660000.ethernet eth0: ncsi: removed vlan tag 0 at index 1
Sep 25 17:45:30 witherspoon kernel: ftgmac100 1e660000.ethernet eth0: ncsi: removed vlan tag 0 at index 2
Sep 25 17:45:30 witherspoon kernel: ftgmac100 1e660000.ethernet eth0: no vlan ids left to set
Sep 25 17:45:30 witherspoon kernel: ftgmac100 1e660000.ethernet eth0: NCSI interface up
Sep 25 17:45:30 witherspoon kernel[1003]: [   53.760000] ftgmac100 1e660000.ethernet eth0: ncsi: removed vlan tag 0 at index 1
Sep 25 17:45:30 witherspoon kernel[1003]: [   53.760000] ftgmac100 1e660000.ethernet eth0: ncsi: removed vlan tag 0 at index 2
Sep 25 17:45:30 witherspoon kernel[1003]: [   53.760000] ftgmac100 1e660000.ethernet eth0: no vlan ids left to set
Sep 25 17:45:30 witherspoon kernel[1003]: [   53.760000] ftgmac100 1e660000.ethernet eth0: NCSI interface up
Sep 25 17:45:30 witherspoon systemd[1]: Started Phosphor BMC0 Control.
Sep 25 17:45:37 witherspoon kernel: block ubiblock8_0: created from ubi8:0(pnor-ro-7a9ef57c)
Sep 25 17:45:37 witherspoon kernel[1003]: [   60.570000] block ubiblock8_0: created from ubi8:0(pnor-ro-7a9ef57c)
Sep 25 17:45:38 witherspoon systemd[1]: Created slice system-dropbear.slice.
Sep 25 17:45:38 witherspoon systemd[1]: Started SSH Per-Connection Server (9.41.165.94:39496).
Sep 25 17:45:39 witherspoon dropbear[1074]: Failed loading /var/lib/dropbear/dropbear_rsa_host_key
Sep 25 17:45:39 witherspoon dropbear[1074]: Failed loading /etc/dropbear/dropbear_dss_host_key
Sep 25 17:45:39 witherspoon dropbear[1074]: Failed loading /etc/dropbear/dropbear_ecdsa_host_key
Sep 25 17:45:39 witherspoon dropbear[1074]: Child connection from ::ffff:9.41.165.94:39496
Sep 25 17:45:39 witherspoon kernel: block ubiblock0_0: created from ubi0:0(rofs-6235b70b)
Sep 25 17:45:39 witherspoon kernel[1003]: [   63.620000] block ubiblock0_0: created from ubi0:0(rofs-6235b70b)
Sep 25 17:45:40 witherspoon systemd-networkd[987]: eth0: Configured
Sep 25 17:45:40 witherspoon systemd-timesyncd[954]: Network configuration changed, trying to establish connection.
Sep 25 17:45:42 witherspoon systemd[1]: Started Phosphor Download Manager.
Sep 25 17:45:42 witherspoon download_manager.py[972]: Running Download Manager
Sep 25 17:45:43 witherspoon sensor_manager2.py[988]: Setting boot count to 3
Sep 25 17:45:43 witherspoon systemd[1]: Started Phosphor Sensor Manager.
Sep 25 17:45:43 witherspoon sensor_manager2.py[988]: Starting sensor manager
Sep 25 17:45:44 witherspoon systemd[1]: Started Phosphor Chassis0 Control.
Sep 25 17:45:44 witherspoon chassis_control.py[967]: Running ChassisControlService
Sep 25 17:45:44 witherspoon inventory_items.py[963]: Loading from cache: /var/cache/obmc/org.openbmc.inventory.system.chassis.motherboard.bmc@org.openbmc.InventoryItem.props
Sep 25 17:45:44 witherspoon inventory_items.py[963]: Caching: /org/openbmc/inventory/system/chassis/motherboard/bmc
Sep 25 17:45:44 witherspoon systemd[1]: Started Phosphor Inventory Manager.
Sep 25 17:45:44 witherspoon inventory_items.py[963]: Running Inventory Manager
Sep 25 17:45:44 witherspoon systemd[1]: Started Remount the ubi volume after a reboot.
Sep 25 17:45:45 witherspoon dropbear[1074]: PAM password auth succeeded for 'root' from ::ffff:9.41.165.94:39496
Sep 25 17:45:47 witherspoon phosphor-mapper[1001]: ObjectMapper startup complete.  Discovery in progress...
Sep 25 17:45:47 witherspoon systemd[1]: Started Phosphor Network Manager.
Sep 25 17:45:47 witherspoon netman.py[992]: Started
Sep 25 17:45:48 witherspoon systemd[1]: Started Phosphor User Manager.
Sep 25 17:45:48 witherspoon obmc-phosphor-userd[959]: Started
Sep 25 17:45:48 witherspoon kernel: ubi: ubi4 already exists
Sep 25 17:45:48 witherspoon kernel: block ubiblock8_1: created from ubi8:1(pnor-ro-8764baa3)
Sep 25 17:45:48 witherspoon kernel[1003]: [   65.330000] ubi: ubi4 already exists
Sep 25 17:45:48 witherspoon kernel[1003]: [   71.760000] block ubiblock8_1: created from ubi8:1(pnor-ro-8764baa3)
Sep 25 17:45:48 witherspoon kernel: UBIFS (ubi8:2): UBIFS: mounted UBI device 8, volume 2, name "pnor-prsv"
Sep 25 17:45:48 witherspoon kernel: UBIFS (ubi8:2): LEB size: 65408 bytes (63 KiB), min./max. I/O unit sizes: 8 bytes/256 bytes
Sep 25 17:45:48 witherspoon kernel: UBIFS (ubi8:2): FS size: 1504384 bytes (1 MiB, 23 LEBs), journal size 523265 bytes (0 MiB, 6 LEBs)
Sep 25 17:45:48 witherspoon kernel: UBIFS (ubi8:2): reserved for root: 71055 bytes (69 KiB)
Sep 25 17:45:48 witherspoon kernel: UBIFS (ubi8:2): media format: w5/r0 (latest is w5/r0), UUID 36B3B1E1-197C-4042-A5BB-1F5E6D63DF0B, small LPT model
Sep 25 17:45:48 witherspoon kernel: UBIFS (ubi8:2): background thread "ubifs_bgt8_2" started, PID 1132
Sep 25 17:45:48 witherspoon kernel[1003]: [   72.050000] UBIFS (ubi8:2): UBIFS: mounted UBI device 8, volume 2, name "pnor-prsv"
Sep 25 17:45:48 witherspoon kernel[1003]: [   72.050000] UBIFS (ubi8:2): LEB size: 65408 bytes (63 KiB), min./max. I/O unit sizes: 8 bytes/256 bytes
Sep 25 17:45:48 witherspoon kernel[1003]: [   72.050000] UBIFS (ubi8:2): FS size: 1504384 bytes (1 MiB, 23 LEBs), journal size 523265 bytes (0 MiB, 6 LEBs)
Sep 25 17:45:48 witherspoon kernel[1003]: [   72.050000] UBIFS (ubi8:2): reserved for root: 71055 bytes (69 KiB)
Sep 25 17:45:48 witherspoon kernel[1003]: [   72.050000] UBIFS (ubi8:2): media format: w5/r0 (latest is w5/r0), UUID 36B3B1E1-197C-4042-A5BB-1F5E6D63DF0B, small LPT model
Sep 25 17:45:48 witherspoon kernel[1003]: [   72.050000] UBIFS (ubi8:2): background thread "ubifs_bgt8_2" started, PID 1132
Sep 25 17:45:48 witherspoon avahi-daemon[1053]: ../../avahi-0.6.32/avahi-daemon/chroot.c: open() failed: No such file or directory
Sep 25 17:45:48 witherspoon avahi-daemon[997]: Failed to open /usr/share/dbus-1/interfaces/org.freedesktop.Avahi.Server.xml: Invalid argument
Sep 25 17:45:48 witherspoon avahi-daemon[997]: Failed to load introspection data.
Sep 25 17:45:49 witherspoon kernel: UBIFS (ubi8:4): UBIFS: mounted UBI device 8, volume 4, name "pnor-rw-8764baa3"
Sep 25 17:45:49 witherspoon kernel: UBIFS (ubi8:4): LEB size: 65408 bytes (63 KiB), min./max. I/O unit sizes: 8 bytes/256 bytes
Sep 25 17:45:49 witherspoon kernel: UBIFS (ubi8:4): FS size: 16155776 bytes (15 MiB, 247 LEBs), journal size 784896 bytes (0 MiB, 12 LEBs)
Sep 25 17:45:49 witherspoon kernel: UBIFS (ubi8:4): reserved for root: 763076 bytes (745 KiB)
Sep 25 17:45:49 witherspoon kernel: UBIFS (ubi8:4): media format: w5/r0 (latest is w5/r0), UUID F587F7F2-1BEE-4E77-9577-250237C0F0BC, small LPT model
Sep 25 17:45:49 witherspoon kernel: UBIFS (ubi8:4): background thread "ubifs_bgt8_4" started, PID 1145
Sep 25 17:45:49 witherspoon kernel: UBIFS (ubi8:5): UBIFS: mounted UBI device 8, volume 5, name "pnor-rw-7a9ef57c"
Sep 25 17:45:49 witherspoon kernel: UBIFS (ubi8:5): LEB size: 65408 bytes (63 KiB), min./max. I/O unit sizes: 8 bytes/256 bytes
Sep 25 17:45:49 witherspoon kernel: UBIFS (ubi8:5): FS size: 16155776 bytes (15 MiB, 247 LEBs), journal size 784896 bytes (0 MiB, 12 LEBs)
Sep 25 17:45:49 witherspoon kernel: UBIFS (ubi8:5): reserved for root: 763076 bytes (745 KiB)
Sep 25 17:45:49 witherspoon kernel: UBIFS (ubi8:5): media format: w5/r0 (latest is w5/r0), UUID 904AA0DA-EE42-403C-B44D-8FB80359592C, small LPT model
Sep 25 17:45:49 witherspoon kernel[1003]: [   72.940000] UBIFS (ubi8:4): UBIFS: mounted UBI device 8, volume 4, name "pnor-rw-8764baa3"
Sep 25 17:45:49 witherspoon kernel[1003]: [   72.940000] UBIFS (ubi8:4): LEB size: 65408 bytes (63 KiB), min./max. I/O unit sizes: 8 bytes/256 bytes
Sep 25 17:45:49 witherspoon kernel[1003]: [   72.940000] UBIFS (ubi8:4): FS size: 16155776 bytes (15 MiB, 247 LEBs), journal size 784896 bytes (0 MiB, 12 LEBs)
Sep 25 17:45:49 witherspoon kernel[1003]: [   72.940000] UBIFS (ubi8:4): reserved for root: 763076 bytes (745 KiB)
Sep 25 17:45:49 witherspoon kernel[1003]: [   72.940000] UBIFS (ubi8:4): media format: w5/r0 (latest is w5/r0), UUID F587F7F2-1BEE-4E77-9577-250237C0F0BC, small LPT model
Sep 25 17:45:49 witherspoon kernel[1003]: [   72.940000] UBIFS (ubi8:4): background thread "ubifs_bgt8_4" started, PID 1145
Sep 25 17:45:49 witherspoon kernel[1003]: [   72.940000] UBIFS (ubi8:5): UBIFS: mounted UBI device 8, volume 5, name "pnor-rw-7a9ef57c"
Sep 25 17:45:49 witherspoon kernel[1003]: [   72.940000] UBIFS (ubi8:5): LEB size: 65408 bytes (63 KiB), min./max. I/O unit sizes: 8 bytes/256 bytes
Sep 25 17:45:49 witherspoon kernel[1003]: [   72.940000] UBIFS (ubi8:5): FS size: 16155776 bytes (15 MiB, 247 LEBs), journal size 784896 bytes (0 MiB, 12 LEBs)
Sep 25 17:45:49 witherspoon kernel[1003]: [   72.940000] UBIFS (ubi8:5): reserved for root: 763076 bytes (745 KiB)
Sep 25 17:45:49 witherspoon kernel[1003]: [   72.940000] UBIFS (ubi8:5): media format: w5/r0 (latest is w5/r0), UUID 904AA0DA-EE42-403C-B44D-8FB80359592C, small LPT model
Sep 25 17:45:49 witherspoon kernel: UBIFS (ubi8:5): background thread "ubifs_bgt8_5" started, PID 1154
Sep 25 17:45:49 witherspoon kernel[1003]: [   73.260000] UBIFS (ubi8:5): background thread "ubifs_bgt8_5" started, PID 1154
Sep 25 17:45:50 witherspoon systemd[1]: Started Remount the squashfs and ubi volumes after a reboot.
Sep 25 17:45:50 witherspoon systemd[1]: Reached target Multi-User System.
Sep 25 17:46:01 witherspoon phosphor-mapper[1001]: ObjectMapper discovery complete
Sep 25 17:46:01 witherspoon systemd[1]: Started Phosphor DBus Service Discovery Manager.
Sep 25 17:46:01 witherspoon systemd[1]: Started Phosphor Hwmon Poller.
Sep 25 17:46:01 witherspoon systemd[1]: Started Phosphor Hwmon Poller.
Sep 25 17:46:01 witherspoon systemd[1]: Started Phosphor Hwmon Poller.
Sep 25 17:46:01 witherspoon systemd[1]: Reached target Phosphor Object Mapper.
Sep 25 17:46:01 witherspoon systemd[1]: Starting Wait for /org/openbmc/control/power0...
Sep 25 17:46:01 witherspoon systemd[1]: Starting Wait for /xyz/openbmc_project/inventory...
Sep 25 17:46:01 witherspoon systemd[1]: Starting OpenPower Software Update Manager...
Sep 25 17:46:01 witherspoon systemd[1]: Starting Wait for /xyz/openbmc_project/control/host0/restriction_mode...
Sep 25 17:46:01 witherspoon systemd[1]: Starting Wait for /xyz/openbmc_project/state/chassis0...
Sep 25 17:46:01 witherspoon systemd[1]: Starting Phosphor Settings Manager...
Sep 25 17:46:01 witherspoon systemd[1]: Starting Wait for /xyz/openbmc_project/control/host0/boot...
Sep 25 17:46:01 witherspoon systemd[1]: Starting Wait for /xyz/openbmc_project/control/host0...
Sep 25 17:46:01 witherspoon systemd[1]: Starting Wait for /xyz/openbmc_project/led/groups/bmc_booted...
Sep 25 17:46:01 witherspoon systemd[1]: Starting Wait for /org/openbmc/control/bmc0...
Sep 25 17:46:01 witherspoon systemd[1]: Starting Wait for /xyz/openbmc_project/control/host0/boot/one_time...
Sep 25 17:46:01 witherspoon systemd[1]: Starting Wait for /xyz/openbmc_project/state/host0...
Sep 25 17:46:01 witherspoon systemd[1]: Started Phosphor DBus Monitor.
Sep 25 17:46:01 witherspoon systemd[1]: Starting Wait for /xyz/openbmc_project/control/host0/auto_reboot...
Sep 25 17:46:01 witherspoon systemd[1]: Starting Wait for /xyz/openbmc_project/time/owner...
Sep 25 17:46:01 witherspoon systemd[1]: Starting Wait for /xyz/openbmc_project/led/groups...
Sep 25 17:46:01 witherspoon systemd[1]: Starting Wait for /org/openbmc/NetworkManager/Interface...
Sep 25 17:46:01 witherspoon systemd[1]: Reached target Webserver (pre).
Sep 25 17:46:01 witherspoon systemd[1]: Started Phosphor Webserver.
Sep 25 17:46:01 witherspoon systemd[1]: Starting OpenBMC Software Update Manager...
Sep 25 17:46:01 witherspoon systemd[1]: Starting Wait for /org/openbmc/managers/System...
Sep 25 17:46:01 witherspoon systemd[1]: Starting Phosphor Network Manager...
Sep 25 17:46:01 witherspoon systemd[1]: Starting Wait for /xyz/openbmc_project/time/sync_method...
Sep 25 17:46:01 witherspoon systemd[1]: Starting Wait for /org/openbmc/managers/Download...
Sep 25 17:46:01 witherspoon systemd[1]: Starting Wait for /xyz/openbmc_project/control/host0/power_restore_policy...
Sep 25 17:46:01 witherspoon systemd[1]: Starting Phoshpor System Manager...
Sep 25 17:46:01 witherspoon systemd[1]: Started Phosphor Hwmon Poller.
Sep 25 17:46:05 witherspoon systemd[1]: Started Phosphor Hwmon Poller.
Sep 25 17:46:05 witherspoon systemd[1]: Started Phosphor Hwmon Poller.
Sep 25 17:46:05 witherspoon systemd[1]: Started Phosphor Hwmon Poller.
Sep 25 17:46:06 witherspoon systemd[1]: Started Phosphor Hwmon Poller.
Sep 25 17:46:06 witherspoon systemd[1]: Started Wait for /xyz/openbmc_project/inventory.
Sep 25 17:46:06 witherspoon systemd[1]: Started Wait for /xyz/openbmc_project/control/host0/restriction_mode.
Sep 25 17:46:06 witherspoon systemd[1]: Started Wait for /xyz/openbmc_project/control/host0/boot.
Sep 25 17:46:06 witherspoon systemd[1]: Started Wait for /org/openbmc/control/bmc0.
Sep 25 17:46:07 witherspoon systemd[1]: Started Wait for /xyz/openbmc_project/control/host0/boot/one_time.
Sep 25 17:46:07 witherspoon systemd[1]: Started Wait for /xyz/openbmc_project/control/host0/auto_reboot.
Sep 25 17:46:07 witherspoon systemd[1]: Started Wait for /xyz/openbmc_project/time/owner.
Sep 25 17:46:07 witherspoon systemd[1]: Started Wait for /org/openbmc/NetworkManager/Interface.
Sep 25 17:46:07 witherspoon systemd[1]: Started Wait for /xyz/openbmc_project/time/sync_method.
Sep 25 17:46:07 witherspoon systemd[1]: Started Wait for /org/openbmc/managers/Download.
Sep 25 17:46:08 witherspoon systemd[1]: Started Phosphor Network Manager.
Sep 25 17:46:08 witherspoon systemd[1]: Started Phosphor DNS Settings Cache Manager.
Sep 25 17:46:08 witherspoon systemd[1]: Starting Phosphor BMC Code Update...
Sep 25 17:46:08 witherspoon systemd[1]: Started Phosphor GPIO 1 Presence.
Sep 25 17:46:08 witherspoon systemd[1]: Started Phosphor GPIO 0 Presence.
Sep 25 17:46:08 witherspoon systemd[1]: Started Phosphor Cooling Type.
Sep 25 17:46:09 witherspoon systemd[1]: Starting OpenPOWER OCC controller...
Sep 25 17:46:09 witherspoon systemd[1]: Starting Phosphor MAX31785 MSL...
Sep 25 17:46:09 witherspoon systemd[1]: Starting Read OpenPOWER-format VPD from EEPROM...
Sep 25 17:46:10 witherspoon phosphor-gpio-presence[1207]: Updating inventory present property
Sep 25 17:46:10 witherspoon phosphor-gpio-presence[1208]: Updating inventory present property
Sep 25 17:46:10 witherspoon phosphor-network-manager[1184]: ConfigParser: Key not found
Sep 25 17:46:10 witherspoon phosphor-network-manager[1184]: The operation failed internally.
Sep 25 17:46:10 witherspoon phosphor-network-manager[1184]: Exception occured during getting of DHCP value
Sep 25 17:46:10 witherspoon dbus[978]: [system] Activating via systemd: service name='org.freedesktop.hostname1' unit='dbus-org.freedesktop.hostname1.service'
Sep 25 17:46:11 witherspoon systemd[1]: Started Wait for /xyz/openbmc_project/led/groups/bmc_booted.
Sep 25 17:46:11 witherspoon systemd[1]: Started Wait for /xyz/openbmc_project/led/groups.
Sep 25 17:46:12 witherspoon systemd[1]: Started Wait for /xyz/openbmc_project/control/host0/power_restore_policy.
Sep 25 17:46:12 witherspoon systemd[1]: Started OpenPower Software Update Manager.
Sep 25 17:46:12 witherspoon systemd[1]: Starting Create a ubi volume for pnor patches...
Sep 25 17:46:12 witherspoon systemd[1]: Started Phosphor MBOX Daemon.
Sep 25 17:46:13 witherspoon systemd[1]: Started FRU Fault monitor service.
Sep 25 17:46:13 witherspoon systemd[1]: Starting Hostname Service...
Sep 25 17:46:13 witherspoon systemd[1]: Created slice system-obmc\x2dflash\x2dbmc\x2dsetenv.slice.
Sep 25 17:46:13 witherspoon systemd[1]: Starting Set U-Boot environment variable...
Sep 25 17:46:13 witherspoon dbus[978]: [system] Successfully activated service 'org.freedesktop.hostname1'
Sep 25 17:46:13 witherspoon systemd[1]: Started Hostname Service.
Sep 25 17:46:14 witherspoon systemd[1]: Starting Set U-Boot environment variable...
Sep 25 17:46:15 witherspoon systemd[1]: Started OpenBMC Software Update Manager.
Sep 25 17:46:15 witherspoon systemd[1]: Starting Phosphor Version Software Manager...
Sep 25 17:46:16 witherspoon kernel: UBIFS (ubi8:3): UBIFS: mounted UBI device 8, volume 3, name "pnor-patch"
Sep 25 17:46:16 witherspoon kernel: UBIFS (ubi8:3): LEB size: 65408 bytes (63 KiB), min./max. I/O unit sizes: 8 bytes/256 bytes
Sep 25 17:46:16 witherspoon kernel: UBIFS (ubi8:3): FS size: 16155776 bytes (15 MiB, 247 LEBs), journal size 784896 bytes (0 MiB, 12 LEBs)
Sep 25 17:46:16 witherspoon kernel: UBIFS (ubi8:3): reserved for root: 763076 bytes (745 KiB)
Sep 25 17:46:16 witherspoon kernel: UBIFS (ubi8:3): media format: w5/r0 (latest is w5/r0), UUID 4D589EF4-9175-4F76-B384-1965B1D7B962, small LPT model
Sep 25 17:46:16 witherspoon kernel[1003]: [  100.160000] UBIFS (ubi8:3): UBIFS: mounted UBI device 8, volume 3, name "pnor-patch"
Sep 25 17:46:16 witherspoon kernel[1003]: [  100.160000] UBIFS (ubi8:3): LEB size: 65408 bytes (63 KiB), min./max. I/O unit sizes: 8 bytes/256 bytes
Sep 25 17:46:16 witherspoon kernel[1003]: [  100.160000] UBIFS (ubi8:3): FS size: 16155776 bytes (15 MiB, 247 LEBs), journal size 784896 bytes (0 MiB, 12 LEBs)
Sep 25 17:46:16 witherspoon kernel[1003]: [  100.160000] UBIFS (ubi8:3): reserved for root: 763076 bytes (745 KiB)
Sep 25 17:46:16 witherspoon kernel[1003]: [  100.160000] UBIFS (ubi8:3): media format: w5/r0 (latest is w5/r0), UUID 4D589EF4-9175-4F76-B384-1965B1D7B962, small LPT model
Sep 25 17:46:16 witherspoon kernel: UBIFS (ubi8:3): background thread "ubifs_bgt8_3" started, PID 1241
Sep 25 17:46:16 witherspoon kernel[1003]: [  100.270000] UBIFS (ubi8:3): background thread "ubifs_bgt8_3" started, PID 1241
Sep 25 17:46:17 witherspoon systemd[1]: Started Create a ubi volume for pnor patches.
Sep 25 17:46:17 witherspoon systemd[1]: Started Set U-Boot environment variable.
Sep 25 17:46:18 witherspoon systemd[1]: Started Phosphor Version Software Manager.
Sep 25 17:46:19 witherspoon systemd[1]: Started Set U-Boot environment variable.
Sep 25 17:46:23 witherspoon system_manager.py[1188]: Running System State: BASE_APPS
Sep 25 17:46:23 witherspoon system_manager.py[1188]: SystemManager Init Done
Sep 25 17:46:23 witherspoon systemd[1]: Started Phoshpor System Manager.
Sep 25 17:46:23 witherspoon system_manager.py[1188]: Running SystemManager
Sep 25 17:46:25 witherspoon systemd[1]: Started OpenPOWER OCC controller.
Sep 25 17:46:27 witherspoon systemd[1]: Started Phosphor MAX31785 MSL.
Sep 25 17:46:28 witherspoon systemd[1]: Started Phosphor BMC Code Update.
Sep 25 17:46:28 witherspoon bmc_update.py[1206]: Running Bmc Flash Control
Sep 25 17:46:28 witherspoon phosphor-fru-fault-monitor[1220]: Failed to get response from the method.
Sep 25 17:46:31 witherspoon system_manager.py[1188]: SystemManager Goto System State: BMC_STARTING
Sep 25 17:46:31 witherspoon system_manager.py[1188]: Running System State: BMC_STARTING
Sep 25 17:46:31 witherspoon settings_manager.py[1169]: Running HostSettingsService
Sep 25 17:46:31 witherspoon systemd[1]: Started Phosphor Settings Manager.
Sep 25 17:46:31 witherspoon systemd[1]: Starting Wait for /org/openbmc/settings/host0...
Sep 25 17:46:32 witherspoon systemd[1]: Started Read OpenPOWER-format VPD from EEPROM.
Sep 25 17:46:33 witherspoon dbus[978]: [system] Activating via systemd: service name='org.freedesktop.journal1' unit='dbus-org.freedesktop.journal1.service'
Sep 25 17:46:33 witherspoon systemd[1]: Starting Journal Dbus Service...
Sep 25 17:46:33 witherspoon dbus[978]: [system] Successfully activated service 'org.freedesktop.journal1'
Sep 25 17:46:33 witherspoon systemd[1]: Started Journal Dbus Service.
Sep 25 17:46:33 witherspoon phosphor-fru-fault-monitor[1220]: /xyz/openbmc_project/logging/entry/1
