-- Logs begin at Thu 2017-06-22 13:02:51 UTC, end at Thu 2017-06-22 13:24:15 UTC. --
Jun 22 13:02:51 witherspoon kernel: Booting Linux on physical CPU 0x0
Jun 22 13:02:51 witherspoon kernel: Linux version 4.10.17-9e95993e2d6edc68af5ca3f2345789e0f450d0db (bmcbuild@hmcci186.aus.stglabs.ibm.com) (gcc version 6.2.0 (GCC) ) #1 Thu Jun 22 08:18:33 CDT 2017
Jun 22 13:02:51 witherspoon kernel: CPU: ARMv6-compatible processor [410fb767] revision 7 (ARMv7), cr=00c5387d
Jun 22 13:02:51 witherspoon kernel: CPU: PIPT / VIPT nonaliasing data cache, VIPT nonaliasing instruction cache
Jun 22 13:02:51 witherspoon kernel: OF: fdt:Machine model: Witherspoon BMC
Jun 22 13:02:51 witherspoon kernel: Memory policy: Data cache writeback
Jun 22 13:02:51 witherspoon kernel: SOC Rev: 04030303
Jun 22 13:02:51 witherspoon kernel: On node 0 totalpages: 110592
Jun 22 13:02:51 witherspoon kernel: free_area_init_node: node 0, pgdat 805fd3fc, node_mem_map 9ec1a000
Jun 22 13:02:51 witherspoon kernel:   Normal zone: 992 pages used for memmap
Jun 22 13:02:51 witherspoon kernel:   Normal zone: 0 pages reserved
Jun 22 13:02:51 witherspoon kernel:   Normal zone: 110592 pages, LIFO batch:31
Jun 22 13:02:51 witherspoon kernel: pcpu-alloc: s0 r0 d32768 u32768 alloc=1*32768
Jun 22 13:02:51 witherspoon kernel: pcpu-alloc: [0] 0 
Jun 22 13:02:51 witherspoon kernel: Built 1 zonelists in Zone order, mobility grouping on.  Total pages: 109600
Jun 22 13:02:51 witherspoon kernel: Kernel command line: console=ttyS4,115200n8 root=/dev/ram rw
Jun 22 13:02:51 witherspoon kernel: PID hash table entries: 2048 (order: 1, 8192 bytes)
Jun 22 13:02:51 witherspoon kernel: Dentry cache hash table entries: 65536 (order: 6, 262144 bytes)
Jun 22 13:02:51 witherspoon kernel: Inode-cache hash table entries: 32768 (order: 5, 131072 bytes)
Jun 22 13:02:51 witherspoon kernel: Memory: 430464K/442368K available (4048K kernel code, 280K rwdata, 1208K rodata, 280K init, 111K bss, 11904K reserved, 0K cma-reserved)
Jun 22 13:02:51 witherspoon kernel: Virtual kernel memory layout:
                                        vector  : 0xffff0000 - 0xffff1000   (   4 kB)
                                        fixmap  : 0xffc00000 - 0xfff00000   (3072 kB)
                                        vmalloc : 0x9f800000 - 0xff800000   (1536 MB)
                                        lowmem  : 0x80000000 - 0x9f000000   ( 496 MB)
                                          .text : 0x80008000 - 0x803fc380   (4049 kB)
                                          .init : 0x80584000 - 0x805ca000   ( 280 kB)
                                          .data : 0x805ca000 - 0x806101a8   ( 281 kB)
                                           .bss : 0x806101a8 - 0x8062c058   ( 112 kB)
Jun 22 13:02:51 witherspoon kernel: NR_IRQS:16 nr_irqs:16 16
Jun 22 13:02:51 witherspoon kernel: i2c controller registered, irq 16
Jun 22 13:02:51 witherspoon kernel: clocksource: moxart_timer: mask: 0xffffffff max_cycles: 0xffffffff, max_idle_ns: 77222644334 ns
Jun 22 13:02:51 witherspoon kernel: sched_clock: 32 bits at 100 Hz, resolution 10000000ns, wraps every 21474836475000000ns
Jun 22 13:02:51 witherspoon kernel: Calibrating delay loop... 789.70 BogoMIPS (lpj=3948544)
Jun 22 13:02:51 witherspoon kernel: pid_max: default: 32768 minimum: 301
Jun 22 13:02:51 witherspoon kernel: Mount-cache hash table entries: 1024 (order: 0, 4096 bytes)
Jun 22 13:02:51 witherspoon kernel: Mountpoint-cache hash table entries: 1024 (order: 0, 4096 bytes)
Jun 22 13:02:51 witherspoon kernel: CPU: Testing write buffer coherency: ok
Jun 22 13:02:51 witherspoon kernel: ftrace: allocating 14866 entries in 44 pages
Jun 22 13:02:51 witherspoon kernel: Setting up static identity map for 0x80008200 - 0x8000825c
Jun 22 13:02:51 witherspoon kernel: devtmpfs: initialized
Jun 22 13:02:51 witherspoon kernel: clocksource: jiffies: mask: 0xffffffff max_cycles: 0xffffffff, max_idle_ns: 19112604462750000 ns
Jun 22 13:02:51 witherspoon kernel: futex hash table entries: 256 (order: -1, 3072 bytes)
Jun 22 13:02:51 witherspoon kernel: pinctrl core: initialized pinctrl subsystem
Jun 22 13:02:51 witherspoon kernel: NET: Registered protocol family 16
Jun 22 13:02:51 witherspoon kernel: DMA: preallocated 256 KiB pool for atomic coherent allocations
Jun 22 13:02:51 witherspoon kernel: usbcore: registered new interface driver usbfs
Jun 22 13:02:51 witherspoon kernel: usbcore: registered new interface driver hub
Jun 22 13:02:51 witherspoon kernel: usbcore: registered new device driver usb
Jun 22 13:02:51 witherspoon kernel: clocksource: Switched to clocksource moxart_timer
Jun 22 13:02:51 witherspoon kernel: NET: Registered protocol family 2
Jun 22 13:02:51 witherspoon kernel: TCP established hash table entries: 4096 (order: 2, 16384 bytes)
Jun 22 13:02:51 witherspoon kernel: TCP bind hash table entries: 4096 (order: 2, 16384 bytes)
Jun 22 13:02:51 witherspoon kernel: TCP: Hash tables configured (established 4096 bind 4096)
Jun 22 13:02:51 witherspoon kernel: UDP hash table entries: 256 (order: 0, 4096 bytes)
Jun 22 13:02:51 witherspoon kernel: UDP-Lite hash table entries: 256 (order: 0, 4096 bytes)
Jun 22 13:02:51 witherspoon kernel: NET: Registered protocol family 1
Jun 22 13:02:51 witherspoon kernel: Trying to unpack rootfs image as initramfs...
Jun 22 13:02:51 witherspoon kernel: Freeing initrd memory: 1552K
Jun 22 13:02:51 witherspoon kernel: workingset: timestamp_bits=30 max_order=17 bucket_order=0
Jun 22 13:02:51 witherspoon kernel: squashfs: version 4.0 (2009/01/31) Phillip Lougher
Jun 22 13:02:51 witherspoon kernel: jffs2: version 2.2. (SUMMARY)  © 2001-2006 Red Hat, Inc.
Jun 22 13:02:51 witherspoon kernel: Block layer SCSI generic (bsg) driver version 0.4 loaded (major 250)
Jun 22 13:02:51 witherspoon kernel: io scheduler noop registered
Jun 22 13:02:51 witherspoon kernel: io scheduler deadline registered
Jun 22 13:02:51 witherspoon kernel: io scheduler cfq registered (default)
Jun 22 13:02:51 witherspoon kernel: ipmi-bt-host 1e789140.ibt: Found bt bmc device
Jun 22 13:02:51 witherspoon kernel: ipmi-bt-host 1e789140.ibt: Using IRQ 22
Jun 22 13:02:51 witherspoon kernel: Serial: 8250/16550 driver, 6 ports, IRQ sharing enabled
Jun 22 13:02:51 witherspoon kernel: 1e783000.serial: ttyS0 at MMIO 0x1e783000 (irq = 23, base_baud = 1500000) is a 16550A
Jun 22 13:02:51 witherspoon kernel: 1e78d000.serial: ttyS1 at MMIO 0x1e78d000 (irq = 24, base_baud = 1500000) is a 16550A
Jun 22 13:02:51 witherspoon kernel: 1e784000.serial: ttyS4 at MMIO 0x1e784000 (irq = 25, base_baud = 1500000) is a 16550A
Jun 22 13:02:51 witherspoon kernel: console [ttyS4] enabled
Jun 22 13:02:51 witherspoon kernel: 1e787000.vuart: ttyS2 at MMIO 0x1e787000 (irq = 22, base_baud = 1500000) is a 16550A
Jun 22 13:02:51 witherspoon kernel: timeriomem_rng 1e6e2078.hwrng: 32bits from 0xf00e2078 @ 1us
Jun 22 13:02:51 witherspoon kernel: brd: module loaded
Jun 22 13:02:51 witherspoon kernel: loop: module loaded
Jun 22 13:02:51 witherspoon kernel: aspeed-lpc-ctrl 1e789080.lpc-ctrl: Loaded at 0x98000000 (0x04000000)
Jun 22 13:02:51 witherspoon kernel: aspeed-smc 1e620000.flash-controller: Using IRQ 18
Jun 22 13:02:51 witherspoon kernel: aspeed-smc 1e620000.flash-controller: DMA support disabled.
Jun 22 13:02:51 witherspoon kernel: aspeed-smc 1e620000.flash-controller: mx25l25635e (32768 Kbytes)
Jun 22 13:02:51 witherspoon kernel: aspeed-smc 1e620000.flash-controller: CE0 window [ 0x20000000 - 0x22000000 ] 32MB
Jun 22 13:02:51 witherspoon kernel: aspeed-smc 1e620000.flash-controller: CE1 window [ 0x22000000 - 0x2a000000 ] 128MB
Jun 22 13:02:51 witherspoon kernel: 5 ofpart partitions found on MTD device bmc
Jun 22 13:02:51 witherspoon kernel: Creating 5 MTD partitions on "bmc":
Jun 22 13:02:51 witherspoon kernel: 0x000000000000-0x000000060000 : "u-boot"
Jun 22 13:02:51 witherspoon kernel: 0x000000060000-0x000000080000 : "u-boot-env"
Jun 22 13:02:51 witherspoon kernel: 0x000000080000-0x0000004c0000 : "kernel"
Jun 22 13:02:51 witherspoon kernel: 0x0000004c0000-0x000001c00000 : "rofs"
Jun 22 13:02:51 witherspoon kernel: 0x000001c00000-0x000002000000 : "rwfs"
Jun 22 13:02:51 witherspoon kernel: aspeed-smc 1e620000.flash-controller: mx25l25635e (32768 Kbytes)
Jun 22 13:02:51 witherspoon kernel: aspeed-smc 1e620000.flash-controller: CE1 window [ 0x22000000 - 0x24000000 ] 32MB
Jun 22 13:02:51 witherspoon kernel: aspeed-smc 1e620000.flash-controller: CE2 window [ 0x24000000 - 0x2c000000 ] 128MB
Jun 22 13:02:51 witherspoon kernel: aspeed-smc 1e630000.flash-controller: mx66l1g45g (131072 Kbytes)
Jun 22 13:02:51 witherspoon kernel: aspeed-smc 1e630000.flash-controller: CE0 window resized to 120MB (AST2500 HW quirk)
Jun 22 13:02:51 witherspoon kernel: aspeed-smc 1e630000.flash-controller: CE0 window [ 0x30000000 - 0x37800000 ] 120MB
Jun 22 13:02:51 witherspoon kernel: aspeed-smc 1e630000.flash-controller: CE0 window too small for chip 128MB
Jun 22 13:02:51 witherspoon kernel: aspeed-smc 1e630000.flash-controller: CE1 window [ 0x37800000 - 0x38000000 ] 8MB
Jun 22 13:02:51 witherspoon kernel: libphy: Fixed MDIO Bus: probed
Jun 22 13:02:51 witherspoon kernel: ftgmac100 1e660000.ethernet: Read MAC address da:49:86:ca:3b:d1 from chip
Jun 22 13:02:51 witherspoon kernel: ftgmac100 1e660000.ethernet: Using NCSI interface
Jun 22 13:02:51 witherspoon kernel: ftgmac100 1e660000.ethernet eth0: irq 20, mapped at f0060000
Jun 22 13:02:51 witherspoon kernel: ehci_hcd: USB 2.0 'Enhanced' Host Controller (EHCI) Driver
Jun 22 13:02:51 witherspoon kernel: ehci-platform: EHCI generic platform driver
Jun 22 13:02:51 witherspoon kernel:  fsi0: can't read slave 00:00 -5
Jun 22 13:02:51 witherspoon kernel: i2c /dev entries driver
Jun 22 13:02:51 witherspoon kernel: aspeed-i2c-bus 1e78a0c0.i2c-bus: i2c bus 2 registered, irq 26
Jun 22 13:02:51 witherspoon kernel: aspeed-i2c-bus 1e78a100.i2c-bus: i2c bus 3 registered, irq 27
Jun 22 13:02:51 witherspoon kernel: aspeed-i2c-bus 1e78a140.i2c-bus: i2c bus 4 registered, irq 28
Jun 22 13:02:51 witherspoon kernel: aspeed-i2c-bus 1e78a180.i2c-bus: i2c bus 5 registered, irq 29
Jun 22 13:02:51 witherspoon kernel: aspeed-i2c-bus 1e78a380.i2c-bus: i2c bus 9 registered, irq 30
Jun 22 13:02:51 witherspoon kernel: aspeed-i2c-bus 1e78a3c0.i2c-bus: i2c bus 10 registered, irq 31
Jun 22 13:02:51 witherspoon kernel: rtc-rv8803 11-0032: Voltage low, temperature compensation stopped.
Jun 22 13:02:51 witherspoon kernel: rtc-rv8803 11-0032: An alarm maybe have been missed.
Jun 22 13:02:51 witherspoon kernel: rtc-rv8803 11-0032: rtc core: registered rx8900 as rtc0
Jun 22 13:02:51 witherspoon kernel: at24 11-0051: 8192 byte 24c64 EEPROM, writable, 1 bytes/write
Jun 22 13:02:51 witherspoon kernel: aspeed-i2c-bus 1e78a400.i2c-bus: i2c bus 11 registered, irq 32
Jun 22 13:02:51 witherspoon kernel: aspeed-i2c-bus 1e78a440.i2c-bus: i2c bus 12 registered, irq 33
Jun 22 13:02:51 witherspoon kernel: aspeed-i2c-bus 1e78a480.i2c-bus: i2c bus 13 registered, irq 34
Jun 22 13:02:51 witherspoon kernel: Driver for 1-wire Dallas network protocol.
Jun 22 13:02:51 witherspoon kernel: lm75 9-004a: hwmon0: sensor 'tmp275'
Jun 22 13:02:51 witherspoon kernel: random: fast init done
Jun 22 13:02:51 witherspoon kernel: ucd9000 11-0064: Device ID UCD90160|2.3.4.0000|110603
Jun 22 13:02:51 witherspoon kernel: leds-pca955x 11-0060: leds-pca955x: Using pca9552 16-bit LED driver at slave address 0x60
Jun 22 13:02:51 witherspoon kernel: leds-pca955x 11-0060: gpios 264...279
Jun 22 13:02:51 witherspoon kernel: usbcore: registered new interface driver usbhid
Jun 22 13:02:51 witherspoon kernel: usbhid: USB HID core driver
Jun 22 13:02:51 witherspoon kernel: bmp280: probe of 3-0077 failed with error -5
Jun 22 13:02:52 witherspoon kernel: dps310 3-0076: iio:device1: sensor 'dps310'
Jun 22 13:02:52 witherspoon kernel: NET: Registered protocol family 10
Jun 22 13:02:52 witherspoon kernel: Segment Routing with IPv6
Jun 22 13:02:52 witherspoon kernel: NET: Registered protocol family 17
Jun 22 13:02:52 witherspoon kernel: console [netcon0] enabled
Jun 22 13:02:52 witherspoon kernel: netconsole: network logging started
Jun 22 13:02:52 witherspoon kernel: input: gpio-keys as /devices/platform/gpio-keys/input/input0
Jun 22 13:02:52 witherspoon kernel: rtc-rv8803 11-0032: setting system clock to 2016-03-06 14:03:29 UTC (1457273009)
Jun 22 13:02:52 witherspoon kernel: Freeing unused kernel memory: 280K
Jun 22 13:02:52 witherspoon kernel: This architecture does not have kernel memory protection.
Jun 22 13:02:52 witherspoon kernel: jffs2: notice: (513) jffs2_build_xattr_subsystem: complete building xattr subsystem, 0 of xdatum (0 unchecked, 0 orphan) and 0 of xref (0 dead, 0 orphan) found.
Jun 22 13:02:52 witherspoon systemd[1]: System time before build time, advancing clock.
Jun 22 13:02:52 witherspoon systemd[1]: Failed to insert module 'autofs4': No such file or directory
Jun 22 13:02:52 witherspoon systemd[1]: systemd 232 running in system mode. (+PAM -AUDIT -SELINUX -IMA -APPARMOR -SMACK +SYSVINIT -UTMP -LIBCRYPTSETUP -GCRYPT -GNUTLS +ACL +XZ -LZ4 -SECCOMP +BLKID -ELFUTILS +KMOD -IDN)
Jun 22 13:02:52 witherspoon systemd[1]: Detected architecture arm.
Jun 22 13:02:52 witherspoon systemd[1]: Set hostname to <witherspoon>.
Jun 22 13:02:52 witherspoon systemd[1]: Started Dispatch Password Requests to Console Directory Watch.
Jun 22 13:02:52 witherspoon systemd[1]: Listening on Syslog Socket.
Jun 22 13:02:52 witherspoon systemd[1]: Created slice System Slice.
Jun 22 13:02:52 witherspoon systemd[1]: dev-hugepages.mount: Couldn't determine result for ConditionVirtualization=!private-users, assuming failed: No such file or directory
Jun 22 13:02:52 witherspoon systemd[1]: Created slice system-op\x2dreset\x2dchassis\x2drunning.slice.
Jun 22 13:02:52 witherspoon systemd[1]: Created slice system-org.openbmc.control.Chassis.slice.
Jun 22 13:02:52 witherspoon systemd[1]: Created slice system-org.openbmc.buttons.reset.slice.
Jun 22 13:02:52 witherspoon systemd-journald[542]: Journal started
Jun 22 13:02:52 witherspoon systemd-journald[542]: Runtime journal (/run/log/journal/04d04ee5c4bc45dbb658f22b75bbb56b) is 0B, max 0B, 0B free.
Jun 22 13:02:52 witherspoon systemd[1]: Reached target Slices.
Jun 22 13:02:52 witherspoon systemd-sysctl[543]: Couldn't write '16' to 'kernel/sysrq', ignoring: No such file or directory
Jun 22 13:02:52 witherspoon systemd-sysctl[543]: Couldn't write 'fq_codel' to 'net/core/default_qdisc', ignoring: No such file or directory
Jun 22 13:02:52 witherspoon systemd[1]: Mounted Debug File System.
Jun 22 13:02:52 witherspoon systemd[1]: Mounted Temporary Directory.
Jun 22 13:02:52 witherspoon systemd[1]: Started Journal Service.
Jun 22 13:02:52 witherspoon systemd[1]: Started Remount Root and Kernel File Systems.
Jun 22 13:02:52 witherspoon systemd[1]: Started Apply Kernel Variables.
Jun 22 13:02:52 witherspoon systemd[1]: Starting Create System Users...
Jun 22 13:02:52 witherspoon systemd[1]: Starting Flush Journal to Persistent Storage...
Jun 22 13:02:53 witherspoon systemd-journald[542]: Runtime journal (/run/log/journal/04d04ee5c4bc45dbb658f22b75bbb56b) is 0B, max 0B, 0B free.
Jun 22 13:02:53 witherspoon systemd[1]: Started Flush Journal to Persistent Storage.
Jun 22 13:02:53 witherspoon systemd[1]: Started Create System Users.
Jun 22 13:02:53 witherspoon systemd[1]: Starting Create Static Device Nodes in /dev...
Jun 22 13:02:53 witherspoon systemd[1]: Started udev Coldplug all Devices.
Jun 22 13:02:53 witherspoon systemd[1]: Started Create Static Device Nodes in /dev.
Jun 22 13:02:53 witherspoon systemd[1]: Reached target Local File Systems (Pre).
Jun 22 13:02:53 witherspoon systemd[1]: Mounting /var/volatile...
Jun 22 13:02:53 witherspoon systemd[1]: Starting udev Kernel Device Manager...
Jun 22 13:02:53 witherspoon systemd[1]: Mounted /var/volatile.
Jun 22 13:02:54 witherspoon systemd[1]: Starting Load/Save Random Seed...
Jun 22 13:02:54 witherspoon systemd[1]: Reached target Local File Systems.
Jun 22 13:02:54 witherspoon systemd[1]: Starting Rebuild Journal Catalog...
Jun 22 13:02:54 witherspoon systemd[1]: Starting Create Volatile Files and Directories...
Jun 22 13:02:54 witherspoon systemd[1]: Started Load/Save Random Seed.
Jun 22 13:02:54 witherspoon systemd[1]: Started Rebuild Journal Catalog.
Jun 22 13:02:54 witherspoon systemd[1]: Starting Update is Completed...
Jun 22 13:02:54 witherspoon systemd-tmpfiles[874]: "/var/tmp" already exists and is not a directory.
Jun 22 13:02:54 witherspoon systemd-tmpfiles[874]: "/var/log" already exists and is not a directory.
Jun 22 13:02:54 witherspoon systemd[1]: Started Create Volatile Files and Directories.
Jun 22 13:02:55 witherspoon systemd[1]: Starting Run pending postinsts...
Jun 22 13:02:55 witherspoon systemd[1]: Starting Network Time Synchronization...
Jun 22 13:02:55 witherspoon systemd[1]: Started udev Kernel Device Manager.
Jun 22 13:02:55 witherspoon systemd[1]: Started Update is Completed.
Jun 22 13:02:56 witherspoon run-postinsts[879]: Running postinst /etc/rpm-postinsts/libglib-2.0-0...
Jun 22 13:02:56 witherspoon systemd[1]: Found device /dev/aspeed-lpc-ctrl.
Jun 22 13:02:56 witherspoon systemd[1]: Found device /dev/aspeed-mbox.
Jun 22 13:02:56 witherspoon systemd[1]: Found device /dev/ttyS4.
Jun 22 13:02:56 witherspoon systemd[1]: Found device /dev/ttyVUART0.
Jun 22 13:02:57 witherspoon systemd[1]: Started Network Time Synchronization.
Jun 22 13:02:58 witherspoon systemd[1]: Created slice system-xyz.openbmc_project.led.controller.slice.
Jun 22 13:02:58 witherspoon run-postinsts[879]: rm: can't remove '/etc/rpm-postinsts': Invalid argument
Jun 22 13:02:58 witherspoon systemd[1]: Created slice system-xyz.openbmc_project.Hwmon.slice.
Jun 22 13:02:58 witherspoon systemd[1]: Reached target System Time Synchronized.
Jun 22 13:02:59 witherspoon systemd[1]: dev-hugepages.mount: Couldn't determine result for ConditionVirtualization=!private-users, assuming failed: No such file or directory
Jun 22 13:02:59 witherspoon run-postinsts[879]:  Removing any system startup links for run-postinsts ...
Jun 22 13:02:59 witherspoon systemctl[911]: Removed /etc/systemd/system/sysinit.target.wants/run-postinsts.service.
Jun 22 13:02:59 witherspoon systemd[1]: Reloading.
Jun 22 13:03:02 witherspoon systemd[1]: Started Run pending postinsts.
Jun 22 13:03:02 witherspoon systemd[1]: Reached target System Initialization.
Jun 22 13:03:02 witherspoon systemd[1]: Listening on Phosphor DBUS Browser socket.
Jun 22 13:03:02 witherspoon systemd[1]: Listening on dropbear.socket.
Jun 22 13:03:02 witherspoon systemd[1]: Listening on Avahi mDNS/DNS-SD Stack Activation Socket.
Jun 22 13:03:02 witherspoon systemd[1]: Listening on Phosphor Webserver socket.
Jun 22 13:03:02 witherspoon systemd[1]: Listening on Phosphor Host Console SSH Per-Connection socket.
Jun 22 13:03:02 witherspoon systemd[1]: Listening on D-Bus System Message Bus Socket.
Jun 22 13:03:02 witherspoon systemd[1]: Listening on phosphor-ipmi-net.socket.
Jun 22 13:03:02 witherspoon systemd[1]: Reached target Sockets.
Jun 22 13:03:02 witherspoon systemd[1]: Reached target Basic System.
Jun 22 13:03:02 witherspoon systemd[1]: Started D-Bus System Message Bus.
Jun 22 13:03:04 witherspoon systemd[1]: Starting Network Service...
Jun 22 13:03:04 witherspoon systemd[1]: Starting Phosphor Download Manager...
Jun 22 13:03:04 witherspoon systemd[1]: Starting Phosphor Log Manager...
Jun 22 13:03:04 witherspoon systemd[1]: Starting Phosphor Inventory Manager...
Jun 22 13:03:04 witherspoon systemd[1]: Starting Avahi mDNS/DNS-SD Stack...
Jun 22 13:03:04 witherspoon systemd[1]: Starting OpenPower Software Update Manager...
Jun 22 13:03:04 witherspoon systemd[1]: Starting Phosphor Download Manager...
Jun 22 13:03:04 witherspoon systemd[1]: Started Phosphor MBOX Daemon.
Jun 22 13:03:04 witherspoon systemd[1]: Starting Phosphor User Manager...
Jun 22 13:03:04 witherspoon systemd[1]: Starting OpenBMC Software Update Manager...
Jun 22 13:03:04 witherspoon systemd[1]: Starting Phosphor Network Manager...
Jun 22 13:03:04 witherspoon systemd[1]: Starting Phosphor Inventory Manager...
Jun 22 13:03:04 witherspoon systemd[1]: Started Phosphor Hwmon Poller.
Jun 22 13:03:04 witherspoon systemd[1]: Started Phosphor Hwmon Poller.
Jun 22 13:03:05 witherspoon systemd[1]: Started Kernel Logging Service.
Jun 22 13:03:05 witherspoon systemd[1]: Started Phosphor Hwmon Poller.
Jun 22 13:03:05 witherspoon systemd[1]: Started Phosphor sysfs LED controller.
Jun 22 13:03:05 witherspoon systemd[1]: Reached target Containers.
Jun 22 13:03:05 witherspoon systemd[1]: Started System Logging Service.
Jun 22 13:03:05 witherspoon systemd[1]: Started Phosphor Dump core monitor..
Jun 22 13:03:06 witherspoon systemd[1]: Started Phosphor Hwmon Poller.
Jun 22 13:03:06 witherspoon systemd[1]: Starting Phosphor Chassis0 Control...
Jun 22 13:03:06 witherspoon systemd[1]: Starting Phosphor LED Group Management Daemon...
Jun 22 13:03:06 witherspoon systemd[1]: Starting Phosphor Sensor Manager...
Jun 22 13:03:06 witherspoon systemd[1]: Starting Phosphor Dump Manager...
Jun 22 13:03:06 witherspoon systemd[1]: Started Phosphor Hwmon Poller.
Jun 22 13:03:06 witherspoon systemd[1]: Started Phosphor Console Muxer listening on device /dev/ttyVUART0.
Jun 22 13:03:06 witherspoon systemd[1]: Starting Phosphor DBus Service Discovery Manager...
Jun 22 13:03:06 witherspoon systemd[1]: Starting Phosphor BMC0 Control...
Jun 22 13:03:06 witherspoon systemd[1]: Started Phosphor Hwmon Poller.
Jun 22 13:03:06 witherspoon systemd[1]: Starting Clear one time boot overrides...
Jun 22 13:03:06 witherspoon kernel[938]: klogd started: BusyBox v1.24.1 (2017-06-22 08:18:48 CDT)
Jun 22 13:03:06 witherspoon kernel[938]: [    0.000000] Booting Linux on physical CPU 0x0
Jun 22 13:03:06 witherspoon kernel[938]: [    0.000000] Linux version 4.10.17-9e95993e2d6edc68af5ca3f2345789e0f450d0db (bmcbuild@hmcci186.aus.stglabs.ibm.com) (gcc version 6.2.0 (GCC) ) #1 Thu Jun 22 08:18:33 CDT 2017
Jun 22 13:03:06 witherspoon kernel[938]: [    0.000000] CPU: ARMv6-compatible processor [410fb767] revision 7 (ARMv7), cr=00c5387d
Jun 22 13:03:06 witherspoon kernel[938]: [    0.000000] CPU: PIPT / VIPT nonaliasing data cache, VIPT nonaliasing instruction cache
Jun 22 13:03:06 witherspoon kernel[938]: [    0.000000] OF: fdt:Machine model: Witherspoon BMC
Jun 22 13:03:06 witherspoon kernel[938]: [    0.000000] Memory policy: Data cache writeback
Jun 22 13:03:06 witherspoon kernel[938]: [    0.000000] SOC Rev: 04030303
Jun 22 13:03:06 witherspoon kernel[938]: [    0.000000] On node 0 totalpages: 110592
Jun 22 13:03:06 witherspoon kernel[938]: [    0.000000] free_area_init_node: node 0, pgdat 805fd3fc, node_mem_map 9ec1a000
Jun 22 13:03:06 witherspoon kernel[938]: [    0.000000]   Normal zone: 992 pages used for memmap
Jun 22 13:03:06 witherspoon kernel[938]: [    0.000000]   Normal zone: 0 pages reserved
Jun 22 13:03:06 witherspoon kernel[938]: [    0.000000]   Normal zone: 110592 pages, LIFO batch:31
Jun 22 13:03:06 witherspoon kernel[938]: [    0.000000] pcpu-alloc: s0 r0 d32768 u32768 alloc=1*32768
Jun 22 13:03:06 witherspoon kernel[938]: [    0.000000] pcpu-alloc: [0] 0
Jun 22 13:03:06 witherspoon kernel[938]: [    0.000000] Built 1 zonelists in Zone order, mobility grouping on.  Total pages: 109600
Jun 22 13:03:06 witherspoon kernel[938]: [    0.000000] Kernel command line: console=ttyS4,115200n8 root=/dev/ram rw
Jun 22 13:03:06 witherspoon kernel[938]: [    0.000000] PID hash table entries: 2048 (order: 1, 8192 bytes)
Jun 22 13:03:06 witherspoon kernel[938]: [    0.000000] Dentry cache hash table entries: 65536 (order: 6, 262144 bytes)
Jun 22 13:03:06 witherspoon kernel[938]: [    0.000000] Inode-cache hash table entries: 32768 (order: 5, 131072 bytes)
Jun 22 13:03:06 witherspoon kernel[938]: [    0.000000] Memory: 430464K/442368K available (4048K kernel code, 280K rwdata, 1208K rodata, 280K init, 111K bss, 11904K reserved, 0K cma-reserved)
Jun 22 13:03:06 witherspoon kernel[938]: [    0.000000] Virtual kernel memory layout:
Jun 22 13:03:06 witherspoon kernel[938]: [    0.000000]     vector  : 0xffff0000 - 0xffff1000   (   4 kB)
Jun 22 13:03:06 witherspoon kernel[938]: [    0.000000]     fixmap  : 0xffc00000 - 0xfff00000   (3072 kB)
Jun 22 13:03:06 witherspoon kernel[938]: [    0.000000]     vmalloc : 0x9f800000 - 0xff800000   (1536 MB)
Jun 22 13:03:06 witherspoon kernel[938]: [    0.000000]     lowmem  : 0x80000000 - 0x9f000000   ( 496 MB)
Jun 22 13:03:06 witherspoon kernel[938]: [    0.000000]       .text : 0x80008000 - 0x803fc380   (4049 kB)
Jun 22 13:03:06 witherspoon kernel[938]: [    0.000000]       .init : 0x80584000 - 0x805ca000   ( 280 kB)
Jun 22 13:03:06 witherspoon kernel[938]: [    0.000000]       .data : 0x805ca000 - 0x806101a8   ( 281 kB)
Jun 22 13:03:07 witherspoon kernel[938]: [    0.000000]        .bss : 0x806101a8 - 0x8062c058   ( 112 kB)
Jun 22 13:03:07 witherspoon kernel[938]: [    0.000000] NR_IRQS:16 nr_irqs:16 16
Jun 22 13:03:07 witherspoon kernel[938]: [    0.000000] i2c controller registered, irq 16
Jun 22 13:03:07 witherspoon kernel[938]: [    0.000000] clocksource: moxart_timer: mask: 0xffffffff max_cycles: 0xffffffff, max_idle_ns: 77222644334 ns
Jun 22 13:03:07 witherspoon kernel[938]: [    0.000000] sched_clock: 32 bits at 100 Hz, resolution 10000000ns, wraps every 21474836475000000ns
Jun 22 13:03:07 witherspoon kernel[938]: [    0.090000] Calibrating delay loop... 789.70 BogoMIPS (lpj=3948544)
Jun 22 13:03:07 witherspoon kernel[938]: [    0.090000] pid_max: default: 32768 minimum: 301
Jun 22 13:03:07 witherspoon kernel[938]: [    0.090000] Mount-cache hash table entries: 1024 (order: 0, 4096 bytes)
Jun 22 13:03:07 witherspoon kernel[938]: [    0.090000] Mountpoint-cache hash table entries: 1024 (order: 0, 4096 bytes)
Jun 22 13:03:07 witherspoon systemd[1]: Starting Phosphor IPMI BT DBus Bridge...
Jun 22 13:03:07 witherspoon kernel[938]: [    0.090000] CPU: Testing write buffer coherency: ok
Jun 22 13:03:07 witherspoon kernel[938]: [    0.090000] ftrace: allocating 14866 entries in 44 pages
Jun 22 13:03:07 witherspoon kernel[938]: [    0.120000] Setting up static identity map for 0x80008200 - 0x8000825c
Jun 22 13:03:07 witherspoon kernel[938]: [    0.120000] devtmpfs: initialized
Jun 22 13:03:07 witherspoon kernel[938]: [    0.140000] clocksource: jiffies: mask: 0xffffffff max_cycles: 0xffffffff, max_idle_ns: 19112604462750000 ns
Jun 22 13:03:07 witherspoon kernel[938]: [    0.140000] futex hash table entries: 256 (order: -1, 3072 bytes)
Jun 22 13:03:07 witherspoon kernel[938]: [    0.140000] pinctrl core: initialized pinctrl subsystem
Jun 22 13:03:07 witherspoon kernel[938]: [    0.140000] NET: Registered protocol family 16
Jun 22 13:03:07 witherspoon kernel[938]: [    0.140000] DMA: preallocated 256 KiB pool for atomic coherent allocations
Jun 22 13:03:07 witherspoon kernel[938]: [    0.210000] usbcore: registered new interface driver usbfs
Jun 22 13:03:07 witherspoon kernel[938]: [    0.210000] usbcore: registered new interface driver hub
Jun 22 13:03:07 witherspoon kernel[938]: [    0.210000] usbcore: registered new device driver usb
Jun 22 13:03:07 witherspoon kernel[938]: [    0.220000] clocksource: Switched to clocksource moxart_timer
Jun 22 13:03:07 witherspoon kernel[938]: [    0.240000] NET: Registered protocol family 2
Jun 22 13:03:07 witherspoon kernel[938]: [    0.240000] TCP established hash table entries: 4096 (order: 2, 16384 bytes)
Jun 22 13:03:07 witherspoon kernel[938]: [    0.240000] TCP bind hash table entries: 4096 (order: 2, 16384 bytes)
Jun 22 13:03:07 witherspoon kernel[938]: [    0.240000] TCP: Hash tables configured (established 4096 bind 4096)
Jun 22 13:03:07 witherspoon kernel[938]: [    0.240000] UDP hash table entries: 256 (order: 0, 4096 bytes)
Jun 22 13:03:07 witherspoon kernel[938]: [    0.240000] UDP-Lite hash table entries: 256 (order: 0, 4096 bytes)
Jun 22 13:03:07 witherspoon kernel[938]: [    0.240000] NET: Registered protocol family 1
Jun 22 13:03:07 witherspoon kernel[938]: [    0.240000] Trying to unpack rootfs image as initramfs...
Jun 22 13:03:07 witherspoon kernel[938]: [    1.910000] Freeing initrd memory: 1552K
Jun 22 13:03:07 witherspoon kernel[938]: [    1.910000] workingset: timestamp_bits=30 max_order=17 bucket_order=0
Jun 22 13:03:07 witherspoon kernel[938]: [    1.910000] squashfs: version 4.0 (2009/01/31) Phillip Lougher
Jun 22 13:03:07 witherspoon kernel[938]: [    1.910000] jffs2: version 2.2. (SUMMARY)  © 2001-2006 Red Hat, Inc.
Jun 22 13:03:07 witherspoon kernel[938]: [    1.910000] Block layer SCSI generic (bsg) driver version 0.4 loaded (major 250)
Jun 22 13:03:07 witherspoon kernel[938]: [    1.910000] io scheduler noop registered
Jun 22 13:03:07 witherspoon systemd[1]: Started Phosphor sysfs LED controller.
Jun 22 13:03:07 witherspoon kernel[938]: [    1.910000] io scheduler deadline registered
Jun 22 13:03:07 witherspoon systemd[1]: Started Phosphor sysfs LED controller.
Jun 22 13:03:07 witherspoon kernel[938]: [    1.910000] io scheduler cfq registered (default)
Jun 22 13:03:07 witherspoon systemd[1]: Started Phosphor Hwmon Poller.
Jun 22 13:03:07 witherspoon kernel[938]: [    2.060000] ipmi-bt-host 1e789140.ibt: Found bt bmc device
Jun 22 13:03:07 witherspoon systemd[1]: Started Daily Cleanup of Temporary Directories.
Jun 22 13:03:07 witherspoon kernel[938]: [    2.060000] ipmi-bt-host 1e789140.ibt: Using IRQ 22
Jun 22 13:03:07 witherspoon systemd[1]: Reached target Timers.
Jun 22 13:03:07 witherspoon kernel[938]: [    2.060000] Serial: 8250/16550 driver, 6 ports, IRQ sharing enabled
Jun 22 13:03:08 witherspoon systemd[1]: Started OpenBMC Software Update Manager.
Jun 22 13:03:07 witherspoon kernel[938]: [    2.060000] 1e783000.serial: ttyS0 at MMIO 0x1e783000 (irq = 23, base_baud = 1500000) is a 16550A
Jun 22 13:03:08 witherspoon systemd[1]: Started Phosphor IPMI BT DBus Bridge.
Jun 22 13:03:07 witherspoon kernel[938]: [    2.060000] 1e78d000.serial: ttyS1 at MMIO 0x1e78d000 (irq = 24, base_baud = 1500000) is a 16550A
Jun 22 13:03:08 witherspoon systemd[1]: Started Phosphor Dump Manager.
Jun 22 13:03:07 witherspoon kernel[938]: [    2.060000] 1e784000.serial: ttyS4 at MMIO 0x1e784000 (irq = 25, base_baud = 1500000) is a 16550A
Jun 22 13:03:08 witherspoon systemd[1]: Started Avahi mDNS/DNS-SD Stack.
Jun 22 13:03:07 witherspoon kernel[938]: [    2.420000] console [ttyS4] enabled
Jun 22 13:03:08 witherspoon systemd[1]: Started Phosphor Download Manager.
Jun 22 13:03:07 witherspoon kernel[938]: [    2.420000] 1e787000.vuart: ttyS2 at MMIO 0x1e787000 (irq = 22, base_baud = 1500000) is a 16550A
Jun 22 13:03:07 witherspoon kernel[938]: [    2.610000] timeriomem_rng 1e6e2078.hwrng: 32bits from 0xf00e2078 @ 1us
Jun 22 13:03:07 witherspoon kernel[938]: [    2.650000] brd: module loaded
Jun 22 13:03:07 witherspoon kernel[938]: [    2.680000] loop: module loaded
Jun 22 13:03:07 witherspoon kernel[938]: [    2.680000] aspeed-lpc-ctrl 1e789080.lpc-ctrl: Loaded at 0x98000000 (0x04000000)
Jun 22 13:03:07 witherspoon kernel[938]: [    2.680000] aspeed-smc 1e620000.flash-controller: Using IRQ 18
Jun 22 13:03:07 witherspoon kernel[938]: [    2.680000] aspeed-smc 1e620000.flash-controller: DMA support disabled.
Jun 22 13:03:07 witherspoon kernel[938]: [    2.680000] aspeed-smc 1e620000.flash-controller: mx25l25635e (32768 Kbytes)
Jun 22 13:03:07 witherspoon kernel[938]: [    2.710000] aspeed-smc 1e620000.flash-controller: CE0 window [ 0x20000000 - 0x22000000 ] 32MB
Jun 22 13:03:07 witherspoon kernel[938]: [    2.710000] aspeed-smc 1e620000.flash-controller: CE1 window [ 0x22000000 - 0x2a000000 ] 128MB
Jun 22 13:03:07 witherspoon kernel[938]: [    2.710000] 5 ofpart partitions found on MTD device bmc
Jun 22 13:03:07 witherspoon kernel[938]: [    2.710000] Creating 5 MTD partitions on "bmc":
Jun 22 13:03:07 witherspoon kernel[938]: [    2.710000] 0x000000000000-0x000000060000 : "u-boot"
Jun 22 13:03:07 witherspoon kernel[938]: [    2.750000] 0x000000060000-0x000000080000 : "u-boot-env"
Jun 22 13:03:07 witherspoon kernel[938]: [    2.750000] 0x000000080000-0x0000004c0000 : "kernel"
Jun 22 13:03:07 witherspoon kernel[938]: [    2.750000] 0x0000004c0000-0x000001c00000 : "rofs"
Jun 22 13:03:07 witherspoon kernel[938]: [    2.750000] 0x000001c00000-0x000002000000 : "rwfs"
Jun 22 13:03:07 witherspoon kernel[938]: [    2.750000] aspeed-smc 1e620000.flash-controller: mx25l25635e (32768 Kbytes)
Jun 22 13:03:07 witherspoon kernel[938]: [    2.800000] aspeed-smc 1e620000.flash-controller: CE1 window [ 0x22000000 - 0x24000000 ] 32MB
Jun 22 13:03:07 witherspoon kernel[938]: [    2.800000] aspeed-smc 1e620000.flash-controller: CE2 window [ 0x24000000 - 0x2c000000 ] 128MB
Jun 22 13:03:07 witherspoon kernel[938]: [    2.800000] aspeed-smc 1e630000.flash-controller: mx66l1g45g (131072 Kbytes)
Jun 22 13:03:07 witherspoon kernel[938]: [    2.800000] aspeed-smc 1e630000.flash-controller: CE0 window resized to 120MB (AST2500 HW quirk)
Jun 22 13:03:07 witherspoon kernel[938]: [    2.800000] aspeed-smc 1e630000.flash-controller: CE0 window [ 0x30000000 - 0x37800000 ] 120MB
Jun 22 13:03:07 witherspoon kernel[938]: [    2.800000] aspeed-smc 1e630000.flash-controller: CE0 window too small for chip 128MB
Jun 22 13:03:07 witherspoon kernel[938]: [    2.850000] aspeed-smc 1e630000.flash-controller: CE1 window [ 0x37800000 - 0x38000000 ] 8MB
Jun 22 13:03:07 witherspoon kernel[938]: [    3.550000] libphy: Fixed MDIO Bus: probed
Jun 22 13:03:07 witherspoon kernel[938]: [    3.550000] ftgmac100 1e660000.ethernet: Read MAC address da:49:86:ca:3b:d1 from chip
Jun 22 13:03:07 witherspoon kernel[938]: [    3.650000] ftgmac100 1e660000.ethernet: Using NCSI interface
Jun 22 13:03:07 witherspoon kernel[938]: [    3.650000] ftgmac100 1e660000.ethernet eth0: irq 20, mapped at f0060000
Jun 22 13:03:07 witherspoon kernel[938]: [    3.650000] ehci_hcd: USB 2.0 'Enhanced' Host Controller (EHCI) Driver
Jun 22 13:03:07 witherspoon kernel[938]: [    3.650000] ehci-platform: EHCI generic platform driver
Jun 22 13:03:07 witherspoon kernel[938]: [    3.830000]  fsi0: can't read slave 00:00 -5
Jun 22 13:03:07 witherspoon kernel[938]: [    3.830000] i2c /dev entries driver
Jun 22 13:03:07 witherspoon kernel[938]: [    3.830000] aspeed-i2c-bus 1e78a0c0.i2c-bus: i2c bus 2 registered, irq 26
Jun 22 13:03:07 witherspoon kernel[938]: [    3.830000] aspeed-i2c-bus 1e78a100.i2c-bus: i2c bus 3 registered, irq 27
Jun 22 13:03:07 witherspoon kernel[938]: [    3.830000] aspeed-i2c-bus 1e78a140.i2c-bus: i2c bus 4 registered, irq 28
Jun 22 13:03:11 witherspoon systemd[1]: Started Clear one time boot overrides.
Jun 22 13:03:07 witherspoon kernel[938]: [    3.830000] aspeed-i2c-bus 1e78a180.i2c-bus: i2c bus 5 registered, irq 29
Jun 22 13:03:11 witherspoon systemd[1]: Started OpenPower Software Update Manager.
Jun 22 13:03:07 witherspoon kernel[938]: [    3.830000] aspeed-i2c-bus 1e78a380.i2c-bus: i2c bus 9 registered, irq 30
Jun 22 13:03:11 witherspoon systemd[1]: Starting Phosphor Version Software Manager...
Jun 22 13:03:07 witherspoon kernel[938]: [    3.830000] aspeed-i2c-bus 1e78a3c0.i2c-bus: i2c bus 10 registered, irq 31
Jun 22 13:03:11 witherspoon systemd[1]: Started Phosphor Log Manager.
Jun 22 13:03:07 witherspoon kernel[938]: [    3.830000] rtc-rv8803 11-0032: Voltage low, temperature compensation stopped.
Jun 22 13:03:11 witherspoon systemd[1]: Started Phosphor Inventory Manager.
Jun 22 13:03:07 witherspoon kernel[938]: [    3.830000] rtc-rv8803 11-0032: An alarm maybe have been missed.
Jun 22 13:03:07 witherspoon kernel[938]: [    3.930000] rtc-rv8803 11-0032: rtc core: registered rx8900 as rtc0
Jun 22 13:03:07 witherspoon kernel[938]: [    3.940000] at24 11-0051: 8192 byte 24c64 EEPROM, writable, 1 bytes/write
Jun 22 13:03:07 witherspoon kernel[938]: [    3.950000] aspeed-i2c-bus 1e78a400.i2c-bus: i2c bus 11 registered, irq 32
Jun 22 13:03:07 witherspoon kernel[938]: [    3.950000] aspeed-i2c-bus 1e78a440.i2c-bus: i2c bus 12 registered, irq 33
Jun 22 13:03:07 witherspoon kernel[938]: [    3.970000] aspeed-i2c-bus 1e78a480.i2c-bus: i2c bus 13 registered, irq 34
Jun 22 13:03:07 witherspoon kernel[938]: [    3.970000] Driver for 1-wire Dallas network protocol.
Jun 22 13:03:15 witherspoon kernel: random: crng init done
Jun 22 13:03:07 witherspoon kernel[938]: [    3.970000] lm75 9-004a: hwmon0: sensor 'tmp275'
Jun 22 13:03:07 witherspoon kernel[938]: [    4.010000] random: fast init done
Jun 22 13:03:07 witherspoon kernel[938]: [    4.400000] ucd9000 11-0064: Device ID UCD90160|2.3.4.0000|110603
Jun 22 13:03:07 witherspoon kernel[938]: [    4.730000] leds-pca955x 11-0060: leds-pca955x: Using pca9552 16-bit LED driver at slave address 0x60
Jun 22 13:03:07 witherspoon kernel[938]: [    4.740000] leds-pca955x 11-0060: gpios 264...279
Jun 22 13:03:07 witherspoon kernel[938]: [    4.750000] usbcore: registered new interface driver usbhid
Jun 22 13:03:07 witherspoon kernel[938]: [    4.750000] usbhid: USB HID core driver
Jun 22 13:03:07 witherspoon kernel[938]: [    4.760000] bmp280: probe of 3-0077 failed with error -5
Jun 22 13:03:07 witherspoon kernel[938]: [    4.780000] dps310 3-0076: iio:device1: sensor 'dps310'
Jun 22 13:03:07 witherspoon kernel[938]: [    4.780000] NET: Registered protocol family 10
Jun 22 13:03:07 witherspoon kernel[938]: [    4.790000] Segment Routing with IPv6
Jun 22 13:03:07 witherspoon kernel[938]: [    4.790000] NET: Registered protocol family 17
Jun 22 13:03:07 witherspoon kernel[938]: [    4.790000] console [netcon0] enabled
Jun 22 13:03:07 witherspoon kernel[938]: [    4.810000] netconsole: network logging started
Jun 22 13:03:07 witherspoon kernel[938]: [    4.810000] input: gpio-keys as /devices/platform/gpio-keys/input/input0
Jun 22 13:03:07 witherspoon kernel[938]: [    4.820000] rtc-rv8803 11-0032: setting system clock to 2016-03-06 14:03:29 UTC (1457273009)
Jun 22 13:03:07 witherspoon kernel[938]: [    4.830000] Freeing unused kernel memory: 280K
Jun 22 13:03:07 witherspoon kernel[938]: [    4.830000] This architecture does not have kernel memory protection.
Jun 22 13:03:07 witherspoon kernel[938]: [    6.770000] jffs2: notice: (513) jffs2_build_xattr_subsystem: complete building xattr subsystem, 0 of xdatum (0 unchecked, 0 orphan) and 0 of xref (0 dead, 0 orphan) found.
Jun 22 13:03:07 witherspoon kernel[938]: [    8.810000] systemd[1]: System time before build time, advancing clock.
Jun 22 13:03:07 witherspoon kernel[938]: [    8.810000] systemd[1]: Failed to insert module 'autofs4': No such file or directory
Jun 22 13:03:07 witherspoon kernel[938]: [    9.040000] systemd[1]: systemd 232 running in system mode. (+PAM -AUDIT -SELINUX -IMA -APPARMOR -SMACK +SYSVINIT -UTMP -LIBCRYPTSETUP -GCRYPT -GNUTLS +ACL +XZ -LZ4 -SECCOMP +BLKID -ELFUTILS +KMOD -IDN)
Jun 22 13:03:07 witherspoon kernel[938]: [    9.040000] systemd[1]: Detected architecture arm.
Jun 22 13:03:07 witherspoon kernel[938]: [    9.150000] systemd[1]: Set hostname to <witherspoon>.
Jun 22 13:03:07 witherspoon kernel[938]: [   10.510000] systemd[1]: Started Dispatch Password Requests to Console Directory Watch.
Jun 22 13:03:07 witherspoon kernel[938]: [   10.710000] systemd[1]: Listening on Syslog Socket.
Jun 22 13:03:07 witherspoon kernel[938]: [   10.740000] systemd[1]: Created slice System Slice.
Jun 22 13:03:07 witherspoon kernel[938]: [   10.780000] systemd[1]: dev-hugepages.mount: Couldn't determine result for ConditionVirtualization=!private-users, assuming failed: No such file or directory
Jun 22 13:03:07 witherspoon kernel[938]: [   10.790000] systemd[1]: Created slice system-op\x2dreset\x2dchassis\x2drunning.slice.
Jun 22 13:03:07 witherspoon kernel[938]: [   10.840000] systemd[1]: Created slice system-org.openbmc.control.Chassis.slice.
Jun 22 13:03:07 witherspoon kernel[938]: [   10.880000] systemd[1]: Created slice system-org.openbmc.buttons.reset.slice.
Jun 22 13:03:07 witherspoon kernel[938]: [   14.060000] systemd[1]: Reached target Slices.
Jun 22 13:03:07 witherspoon kernel[938]: [   14.100000] systemd[1]: Mounted Debug File System.
Jun 22 13:03:07 witherspoon kernel[938]: [   14.150000] systemd[1]: Mounted Temporary Directory.
Jun 22 13:03:07 witherspoon kernel[938]: [   14.180000] systemd[1]: Started Journal Service.
Jun 22 13:03:07 witherspoon kernel[938]: [   15.160000] systemd-journald[542]: Received request to flush runtime journal from PID 1
Jun 22 13:03:07 witherspoon avahi-daemon[928]: Found user 'avahi' (UID 999) and group 'avahi' (GID 997).
Jun 22 13:03:07 witherspoon avahi-daemon[928]: Successfully dropped root privileges.
Jun 22 13:03:07 witherspoon avahi-daemon[928]: avahi-daemon 0.6.32 starting up.
Jun 22 13:03:15 witherspoon systemd[1]: Started Phosphor LED Group Management Daemon.
Jun 22 13:03:07 witherspoon avahi-daemon[928]: Successfully called chroot().
Jun 22 13:03:15 witherspoon systemd[1]: Started Phosphor Version Software Manager.
Jun 22 13:03:07 witherspoon avahi-daemon[928]: Successfully dropped remaining capabilities.
Jun 22 13:03:15 witherspoon systemd[1]: Started Phosphor BMC0 Control.
Jun 22 13:03:08 witherspoon avahi-daemon[928]: Loading service file /services/obmc_console.service.
Jun 22 13:03:08 witherspoon avahi-daemon[928]: Loading service file /services/phosphor_rest.service.
Jun 22 13:03:08 witherspoon avahi-daemon[928]: Loading service file /services/sftp-ssh.service.
Jun 22 13:03:08 witherspoon avahi-daemon[928]: Loading service file /services/sftp.service.
Jun 22 13:03:08 witherspoon avahi-daemon[928]: Loading service file /services/ssh.service.
Jun 22 13:03:08 witherspoon avahi-daemon[928]: Network interface enumeration completed.
Jun 22 13:03:08 witherspoon avahi-daemon[928]: Server startup complete. Host name is witherspoon.local. Local service cookie is 1520177360.
Jun 22 13:03:09 witherspoon avahi-daemon[928]: Service "witherspoon" (/services/ssh.service) successfully established.
Jun 22 13:03:09 witherspoon avahi-daemon[928]: Service "sftp" (/services/sftp.service) successfully established.
Jun 22 13:03:09 witherspoon avahi-daemon[928]: Service "witherspoon" (/services/sftp-ssh.service) successfully established.
Jun 22 13:03:09 witherspoon avahi-daemon[928]: Service "phosphor_rest" (/services/phosphor_rest.service) successfully established.
Jun 22 13:03:09 witherspoon avahi-daemon[928]: Service "obmc_console" (/services/obmc_console.service) successfully established.
Jun 22 13:03:13 witherspoon kernel[938]: [   34.880000] random: crng init done
Jun 22 13:03:16 witherspoon systemd-networkd[924]: Enumeration completed
Jun 22 13:03:16 witherspoon systemd[1]: Started Network Service.
Jun 22 13:03:16 witherspoon systemd[1]: Reached target Network.
Jun 22 13:03:16 witherspoon avahi-daemon[928]: Joining mDNS multicast group on interface eth0.IPv4 with address 9.3.181.15.
Jun 22 13:03:16 witherspoon systemd[1]: Starting Permit User Sessions...
Jun 22 13:03:16 witherspoon avahi-daemon[928]: New relevant interface eth0.IPv4 for mDNS.
Jun 22 13:03:16 witherspoon systemd[1]: Started Lightweight SLP Server.
Jun 22 13:03:16 witherspoon avahi-daemon[928]: Registering new address record for 9.3.181.15 on eth0.IPv4.
Jun 22 13:03:16 witherspoon systemd-networkd[924]: eth0: IPv6 enabled for interface: Success
Jun 22 13:03:16 witherspoon systemd-networkd[924]: eth0: Gained carrier
Jun 22 13:03:16 witherspoon systemd-timesyncd[880]: Network configuration changed, trying to establish connection.
Jun 22 13:03:17 witherspoon systemd[1]: Started Permit User Sessions.
Jun 22 13:03:17 witherspoon systemd[1]: Started Serial Getty on ttyS4.
Jun 22 13:03:17 witherspoon systemd[1]: Reached target Login Prompts.
Jun 22 13:03:17 witherspoon systemd[1]: Reached target Multi-User System.
Jun 22 13:03:18 witherspoon avahi-daemon[928]: Joining mDNS multicast group on interface eth0.IPv6 with address fe80::d849:86ff:feca:3bd1.
Jun 22 13:03:18 witherspoon systemd-networkd[924]: eth0: Gained IPv6LL
Jun 22 13:03:18 witherspoon avahi-daemon[928]: New relevant interface eth0.IPv6 for mDNS.
Jun 22 13:03:18 witherspoon avahi-daemon[928]: Registering new address record for fe80::d849:86ff:feca:3bd1 on eth0.*.
Jun 22 13:03:20 witherspoon kernel: ftgmac100 1e660000.ethernet eth0: NCSI interface up
Jun 22 13:03:20 witherspoon kernel[938]: [   42.070000] ftgmac100 1e660000.ethernet eth0: NCSI interface up
Jun 22 13:03:28 witherspoon systemd[1]: Created slice system-dropbear.slice.
Jun 22 13:03:29 witherspoon systemd[1]: Started SSH Per-Connection Server (9.41.165.94:44568).
Jun 22 13:03:29 witherspoon download_manager.py[930]: Running Download Manager
Jun 22 13:03:29 witherspoon systemd[1]: Started Phosphor Download Manager.
Jun 22 13:03:29 witherspoon chassis_control.py[944]: Running ChassisControlService
Jun 22 13:03:29 witherspoon systemd[1]: Started Phosphor Chassis0 Control.
Jun 22 13:03:30 witherspoon sensor_manager2.py[946]: Setting boot count to 3
Jun 22 13:03:30 witherspoon sensor_manager2.py[946]: Deleting OCC device
Jun 22 13:03:30 witherspoon sensor_manager2.py[946]: sh: /sys/class/i2c-adapter/i2c-3/3-0050/online: No such file or directory
Jun 22 13:03:30 witherspoon sensor_manager2.py[946]: Deleting OCC device
Jun 22 13:03:30 witherspoon phosphor-mapper[950]: ObjectMapper startup complete.  Discovery in progress...
Jun 22 13:03:30 witherspoon sensor_manager2.py[946]: sh: /sys/class/i2c-adapter/i2c-3/3-0050/online: No such file or directory
Jun 22 13:03:30 witherspoon sensor_manager2.py[946]: Starting sensor manager
Jun 22 13:03:30 witherspoon systemd[1]: Started Phosphor Sensor Manager.
Jun 22 13:03:31 witherspoon avahi-daemon[956]: ../../avahi-0.6.32/avahi-daemon/chroot.c: open() failed: No such file or directory
Jun 22 13:03:31 witherspoon avahi-daemon[928]: Failed to open /usr/share/dbus-1/interfaces/org.freedesktop.Avahi.Server.xml: Invalid argument
Jun 22 13:03:31 witherspoon avahi-daemon[928]: Failed to load introspection data.
Jun 22 13:03:31 witherspoon systemd-networkd[924]: eth0: Configured
Jun 22 13:03:31 witherspoon systemd-timesyncd[880]: Network configuration changed, trying to establish connection.
Jun 22 13:03:33 witherspoon dropbear[972]: Failed loading /etc/dropbear/dropbear_dss_host_key
Jun 22 13:03:33 witherspoon inventory_items.py[935]: Loading from cache: /var/cache/obmc/org.openbmc.inventory.system.chassis.motherboard.apss@org.openbmc.InventoryItem.props
Jun 22 13:03:33 witherspoon inventory_items.py[935]: Loading from cache: /var/cache/obmc/org.openbmc.inventory.system.chassis.motherboard@org.openbmc.InventoryItem.props
Jun 22 13:03:33 witherspoon inventory_items.py[935]: Loading from cache: /var/cache/obmc/org.openbmc.inventory.system.chassis.motherboard.refclock@org.openbmc.InventoryItem.props
Jun 22 13:03:33 witherspoon inventory_items.py[935]: Loading from cache: /var/cache/obmc/org.openbmc.inventory.system.chassis.motherboard.todclock@org.openbmc.InventoryItem.props
Jun 22 13:03:33 witherspoon inventory_items.py[935]: Loading from cache: /var/cache/obmc/org.openbmc.inventory.system.chassis.motherboard.bmc@org.openbmc.InventoryItem.props
Jun 22 13:03:33 witherspoon inventory_items.py[935]: Caching: /org/openbmc/inventory/system/chassis/motherboard/bmc
Jun 22 13:03:33 witherspoon inventory_items.py[935]: Loading from cache: /var/cache/obmc/org.openbmc.inventory.system.chassis.motherboard.membuf0@org.openbmc.InventoryItem.props
Jun 22 13:03:33 witherspoon inventory_items.py[935]: Loading from cache: /var/cache/obmc/org.openbmc.inventory.system.chassis.motherboard.pcieclock@org.openbmc.InventoryItem.props
Jun 22 13:03:33 witherspoon dropbear[972]: Failed loading /etc/dropbear/dropbear_ecdsa_host_key
Jun 22 13:03:33 witherspoon dropbear[972]: Child connection from ::ffff:9.41.165.94:44568
Jun 22 13:03:36 witherspoon dropbear[972]: PAM password auth succeeded for 'root' from ::ffff:9.41.165.94:44568
Jun 22 13:03:36 witherspoon dropbear[975]: lastlog_perform_login: Couldn't stat /var/log/lastlog: No such file or directory
Jun 22 13:03:36 witherspoon dropbear[975]: lastlog_openseek: /var/log/lastlog is not a file or directory!
Jun 22 13:03:40 witherspoon systemd[1]: Started Phosphor User Manager.
Jun 22 13:03:40 witherspoon obmc-phosphor-userd[932]: Started
Jun 22 13:03:42 witherspoon inventory_items.py[935]: Loading from cache: /var/cache/obmc/org.openbmc.inventory.system.chassis.motherboard.cpu0.core11@org.openbmc.InventoryItem.props
Jun 22 13:03:42 witherspoon inventory_items.py[935]: Running Inventory Manager
Jun 22 13:03:42 witherspoon systemd[1]: Started Phosphor Inventory Manager.
Jun 22 13:03:42 witherspoon netman.py[934]: Started
Jun 22 13:03:42 witherspoon systemd[1]: Started Phosphor Network Manager.
Jun 22 13:03:49 witherspoon phosphor-mapper[950]: ObjectMapper discovery complete
Jun 22 13:03:49 witherspoon systemd[1]: Started Phosphor DBus Service Discovery Manager.
Jun 22 13:03:49 witherspoon systemd[1]: Reached target Phosphor Object Mapper.
Jun 22 13:03:49 witherspoon systemd[1]: Starting Wait for /xyz/openbmc_project/state/host0...
Jun 22 13:03:49 witherspoon systemd[1]: Starting Wait for /org/openbmc/sensors...
Jun 22 13:03:49 witherspoon systemd[1]: Starting Wait for /xyz/openbmc_project/control/host0...
Jun 22 13:03:49 witherspoon systemd[1]: Reached target Webserver (pre).
Jun 22 13:03:49 witherspoon systemd[1]: Started Phosphor Webserver.
Jun 22 13:03:49 witherspoon systemd[1]: Starting Wait for /xyz/openbmc_project/led/groups/bmc_booted...
Jun 22 13:03:49 witherspoon systemd[1]: Starting Wait for /org/openbmc/managers/System...
Jun 22 13:03:49 witherspoon systemd[1]: Starting Wait for /org/openbmc/managers/Download...
Jun 22 13:03:49 witherspoon systemd[1]: Starting Phosphor Settings Manager...
Jun 22 13:03:49 witherspoon systemd[1]: Starting Wait for /xyz/openbmc_project/state/chassis0...
Jun 22 13:03:49 witherspoon systemd[1]: Starting Wait for /xyz/openbmc_project/inventory...
Jun 22 13:03:49 witherspoon systemd[1]: Starting Wait for /org/openbmc/control/flash/bios...
Jun 22 13:03:49 witherspoon systemd[1]: Starting Wait for /org/openbmc/control/bmc0...
Jun 22 13:03:49 witherspoon systemd[1]: Starting Wait for /xyz/openbmc_project/led/groups...
Jun 22 13:03:49 witherspoon systemd[1]: Starting Wait for /org/openbmc/control/power0...
Jun 22 13:03:49 witherspoon systemd[1]: Starting Phoshpor System Manager...
Jun 22 13:03:49 witherspoon systemd[1]: Starting Wait for /org/openbmc/NetworkManager/Interface...
Jun 22 13:03:56 witherspoon systemd[1]: Started Wait for /org/openbmc/sensors.
Jun 22 13:03:56 witherspoon systemd[1]: Started Wait for /xyz/openbmc_project/led/groups/bmc_booted.
Jun 22 13:03:56 witherspoon systemd[1]: Started Wait for /org/openbmc/managers/Download.
Jun 22 13:03:56 witherspoon systemd[1]: Started Wait for /xyz/openbmc_project/inventory.
Jun 22 13:03:56 witherspoon systemd[1]: Started Wait for /org/openbmc/control/bmc0.
Jun 22 13:03:56 witherspoon systemd[1]: Started Wait for /xyz/openbmc_project/led/groups.
Jun 22 13:03:56 witherspoon systemd[1]: Started Wait for /org/openbmc/NetworkManager/Interface.
Jun 22 13:03:56 witherspoon systemd[1]: Started Phosphor DNS Settings Cache Manager.
Jun 22 13:03:56 witherspoon systemd[1]: Started FRU Fault monitor service.
Jun 22 13:03:56 witherspoon systemd[1]: Starting Read OpenPOWER-format VPD from EEPROM...
Jun 22 13:03:56 witherspoon systemd[1]: Started Phosphor Cooling Type.
Jun 22 13:03:56 witherspoon systemd[1]: Starting OpenPOWER OCC controller...
Jun 22 13:03:56 witherspoon systemd[1]: Starting Phosphor BMC Code Update...
Jun 22 13:03:56 witherspoon systemd[1]: Starting Phosphor BIOS Code Update...
Jun 22 13:03:56 witherspoon systemd[1]: Starting Assert bmc_booted LED...
Jun 22 13:03:56 witherspoon systemd[1]: Started Phosphor Hwmon Poller.
Jun 22 13:03:56 witherspoon systemd[1]: Started Assert bmc_booted LED.
Jun 22 13:03:57 witherspoon systemd[1]: Started OpenPOWER OCC controller.
Jun 22 13:03:58 witherspoon systemd[1]: Started Phosphor BIOS Code Update.
Jun 22 13:04:00 witherspoon systemd[1]: Started Read OpenPOWER-format VPD from EEPROM.
Jun 22 13:04:00 witherspoon system_manager.py[995]: Running System State: BASE_APPS
Jun 22 13:04:00 witherspoon system_manager.py[995]: SystemManager Init Done
Jun 22 13:04:00 witherspoon system_manager.py[995]: Running SystemManager
Jun 22 13:04:00 witherspoon systemd[1]: Started Phoshpor System Manager.
Jun 22 13:04:01 witherspoon system_manager.py[995]: SystemManager Goto System State: BMC_STARTING
Jun 22 13:04:01 witherspoon system_manager.py[995]: Running System State: BMC_STARTING
Jun 22 13:04:04 witherspoon settings_manager.py[988]: Running HostSettingsService
Jun 22 13:04:04 witherspoon systemd[1]: Started Phosphor Settings Manager.
Jun 22 13:04:04 witherspoon systemd[1]: Starting Wait for /org/openbmc/settings/host0...
Jun 22 13:04:05 witherspoon systemd[1]: Started Wait for /org/openbmc/control/flash/bios.
Jun 22 13:04:05 witherspoon systemd[1]: Started Initialize BIOS Flash.
Jun 22 13:04:07 witherspoon systemd[1]: Started Wait for /org/openbmc/managers/System.
Jun 22 13:04:07 witherspoon systemd[1]: Starting Phosphor Power Button0...
Jun 22 13:04:07 witherspoon systemd[1]: Starting Phosphor Host State Manager...
Jun 22 13:04:07 witherspoon systemd[1]: Starting Phosphor Reset Button0...
Jun 22 13:04:07 witherspoon systemd[1]: Starting Phosphor Power0 Control...
Jun 22 13:04:07 witherspoon systemd[1]: Starting Phosphor Chassis State Manager...
Jun 22 13:04:07 witherspoon systemd[1]: Starting Phosphor BMC State Manager...
Jun 22 13:04:08 witherspoon systemd[1]: Started Wait for /org/openbmc/settings/host0.
Jun 22 13:04:08 witherspoon systemd[1]: Started Phosphor Inband IPMI.
Jun 22 13:04:09 witherspoon hwmon.py[1005]: Starting HWMON sensors
Jun 22 13:04:09 witherspoon button_reset.exe[1034]: GPIO Lookup:  RESET_BUTTON = 353,both
Jun 22 13:04:09 witherspoon button_power.exe[1032]: GPIO Lookup:  POWER_BUTTON = 347,both
Jun 22 13:04:09 witherspoon systemd[1]: Started Phosphor Reset Button0.
Jun 22 13:04:10 witherspoon flash_bios.exe[1003]: Starting flasher: bios,,/org/openbmc/control/flash/bios,
Jun 22 13:04:10 witherspoon flash_bios.exe[1003]: flasher: , BMC = 1, address = 0x0
Jun 22 13:04:10 witherspoon flash_bios.exe[1003]: Setting up flash
Jun 22 13:04:10 witherspoon avahi-daemon[928]: Withdrawing address record for fe80::d849:86ff:feca:3bd1 on eth0.
Jun 22 13:04:10 witherspoon bmc_update.py[1002]: Running Bmc Flash Control
Jun 22 13:04:09 witherspoon systemd[1]: Started Phosphor Power Button0.
Jun 22 13:04:11 witherspoon system_manager.py[995]: New object: /org/openbmc/control/power0 (:1.65)
Jun 22 13:04:11 witherspoon system_manager.py[995]: Power GPIO config: ['SYS_PWROK_BUFF', '', [('SOFTWARE_PGOOD', True), ('BMC_POWER_UP', True)], [('BMC_CP0_RESET_N', False)], [], 'FSI_DATA', 'FSI_CLK', 'FSI_ENABLE', 'CRONUS_SEL', []]
Jun 22 13:04:11 witherspoon flash_bios.exe[1003]: Starting flasher: bios,,/org/openbmc/control/flash/bios,
Jun 22 13:04:11 witherspoon flash_bios.exe[1003]: flasher: , BMC = 1, address = 0x0
Jun 22 13:04:11 witherspoon flash_bios.exe[1003]: Setting up flash
Jun 22 13:04:10 witherspoon avahi-daemon[928]: Host name conflict, retrying with witherspoon-2
Jun 22 13:04:11 witherspoon power_control.exe[1039]: Power GPIO latch output:
Jun 22 13:04:11 witherspoon power_control.exe[1039]: Power GPIO power good input: SYS_PWROK_BUFF
Jun 22 13:04:11 witherspoon power_control.exe[1039]: Power GPIO 2 power_up outputs
Jun 22 13:04:11 witherspoon power_control.exe[1039]: Power GPIO power_up[0] = SOFTWARE_PGOOD active HIGH
Jun 22 13:04:11 witherspoon power_control.exe[1039]: Power GPIO power_up[1] = BMC_POWER_UP active HIGH
Jun 22 13:04:11 witherspoon power_control.exe[1039]: Power GPIO 1 reset outputs
Jun 22 13:04:11 witherspoon power_control.exe[1039]: Power GPIO reset[0] = BMC_CP0_RESET_N active LOW
Jun 22 13:04:11 witherspoon power_control.exe[1039]: Power GPIO 0 pci reset outputs
Jun 22 13:04:11 witherspoon power_control.exe[1039]: FSI DATA GPIO: FSI_DATA
Jun 22 13:04:11 witherspoon power_control.exe[1039]: FSI CLK GPIO: FSI_CLK
Jun 22 13:04:11 witherspoon power_control.exe[1039]: FSI ENABLE GPIO: FSI_ENABLE
Jun 22 13:04:11 witherspoon power_control.exe[1039]: CRONUS SEL GPIO: CRONUS_SEL
Jun 22 13:04:11 witherspoon power_control.exe[1039]: Hostctl GPIO optionals: 0
Jun 22 13:04:11 witherspoon power_control.exe[1039]: GPIO Lookup:  SYS_PWROK_BUFF = 306,in
Jun 22 13:04:10 witherspoon systemd[1]: Started Phosphor BMC Code Update.
Jun 22 13:04:10 witherspoon avahi-daemon[928]: Registering new address record for fe80::d849:86ff:feca:3bd1 on eth0.*.
Jun 22 13:04:11 witherspoon power_control.exe[1039]: GPIO Lookup:  SOFTWARE_PGOOD = 417,out
Jun 22 13:04:11 witherspoon power_control.exe[1039]: GPIO Lookup:  BMC_POWER_UP = 305,out
Jun 22 13:04:10 witherspoon phosphor-chassis-state-manager[1040]: Initial Chassis State will be Off
Jun 22 13:04:10 witherspoon avahi-daemon[928]: Registering new address record for 9.3.181.15 on eth0.IPv4.
Jun 22 13:04:10 witherspoon systemd[1]: Started Phosphor Chassis State Manager.
Jun 22 13:04:10 witherspoon avahi-daemon[928]: Withdrawing address record for 9.3.181.15 on eth0.
Jun 22 13:04:10 witherspoon phosphor-host-state-manager[1033]: Initial Host State will be Off
Jun 22 13:04:11 witherspoon avahi-daemon[928]: Host name conflict, retrying with witherspoon-3
Jun 22 13:04:10 witherspoon phosphor-bmc-state-manager[1041]: Setting the BMCState field
Jun 22 13:04:11 witherspoon avahi-daemon[928]: Registering new address record for fe80::d849:86ff:feca:3bd1 on eth0.*.
Jun 22 13:04:10 witherspoon phosphor-bmc-state-manager[1041]: Setting the BMCState field
Jun 22 13:04:11 witherspoon avahi-daemon[928]: Registering new address record for 9.3.181.15 on eth0.IPv4.
Jun 22 13:04:10 witherspoon systemd[1]: Started Phosphor Host State Manager.
Jun 22 13:04:10 witherspoon systemd[1]: Started Phosphor BMC State Manager.
Jun 22 13:04:11 witherspoon power_control.exe[1039]: GPIO Lookup:  BMC_CP0_RESET_N = 281,out
Jun 22 13:04:11 witherspoon power_control.exe[1039]: Pgood state: 0
Jun 22 13:04:11 witherspoon systemd[1]: Started Phosphor Power0 Control.
Jun 22 13:04:12 witherspoon avahi-daemon[928]: Withdrawing address record for fe80::d849:86ff:feca:3bd1 on eth0.
Jun 22 13:04:12 witherspoon avahi-daemon[928]: Host name conflict, retrying with witherspoon-4
Jun 22 13:04:12 witherspoon avahi-daemon[928]: Registering new address record for fe80::d849:86ff:feca:3bd1 on eth0.*.
Jun 22 13:04:12 witherspoon avahi-daemon[928]: Registering new address record for 9.3.181.15 on eth0.IPv4.
Jun 22 13:04:13 witherspoon avahi-daemon[928]: Withdrawing address record for 9.3.181.15 on eth0.
Jun 22 13:04:13 witherspoon avahi-daemon[928]: Host name conflict, retrying with witherspoon-5
Jun 22 13:04:13 witherspoon avahi-daemon[928]: Registering new address record for fe80::d849:86ff:feca:3bd1 on eth0.*.
Jun 22 13:04:13 witherspoon avahi-daemon[928]: Registering new address record for 9.3.181.15 on eth0.IPv4.
Jun 22 13:04:14 witherspoon avahi-daemon[928]: Withdrawing address record for 9.3.181.15 on eth0.
Jun 22 13:04:14 witherspoon avahi-daemon[928]: Host name conflict, retrying with witherspoon-6
Jun 22 13:04:14 witherspoon avahi-daemon[928]: Registering new address record for fe80::d849:86ff:feca:3bd1 on eth0.*.
Jun 22 13:04:14 witherspoon avahi-daemon[928]: Registering new address record for 9.3.181.15 on eth0.IPv4.
Jun 22 13:04:15 witherspoon avahi-daemon[928]: Withdrawing address record for 9.3.181.15 on eth0.
Jun 22 13:04:15 witherspoon avahi-daemon[928]: Host name conflict, retrying with witherspoon-7
Jun 22 13:04:15 witherspoon avahi-daemon[928]: Registering new address record for fe80::d849:86ff:feca:3bd1 on eth0.*.
Jun 22 13:04:15 witherspoon avahi-daemon[928]: Registering new address record for 9.3.181.15 on eth0.IPv4.
Jun 22 13:04:16 witherspoon avahi-daemon[928]: Withdrawing address record for 9.3.181.15 on eth0.
Jun 22 13:04:16 witherspoon avahi-daemon[928]: Host name conflict, retrying with witherspoon-8
Jun 22 13:04:16 witherspoon avahi-daemon[928]: Registering new address record for fe80::d849:86ff:feca:3bd1 on eth0.*.
Jun 22 13:04:16 witherspoon avahi-daemon[928]: Registering new address record for 9.3.181.15 on eth0.IPv4.
Jun 22 13:04:17 witherspoon avahi-daemon[928]: Withdrawing address record for 9.3.181.15 on eth0.
Jun 22 13:04:17 witherspoon avahi-daemon[928]: Host name conflict, retrying with witherspoon-9
Jun 22 13:04:17 witherspoon avahi-daemon[928]: Registering new address record for fe80::d849:86ff:feca:3bd1 on eth0.*.
Jun 22 13:04:17 witherspoon avahi-daemon[928]: Registering new address record for 9.3.181.15 on eth0.IPv4.
Jun 22 13:04:17 witherspoon systemd[1]: Started Wait for /org/openbmc/control/power0.
Jun 22 13:04:17 witherspoon systemd[1]: Starting Phosphor Time Manager daemon...
Jun 22 13:04:17 witherspoon systemd[1]: Starting Check Chassis0 pgood and create a file to indicate it...
Jun 22 13:04:17 witherspoon systemd[1]: Started Wait for /xyz/openbmc_project/control/host0.
Jun 22 13:04:18 witherspoon systemd[1]: Started Wait for /xyz/openbmc_project/state/chassis0.
Jun 22 13:04:18 witherspoon systemd[1]: Started Wait for /xyz/openbmc_project/state/host0.
Jun 22 13:04:18 witherspoon systemd[1]: Starting Reboot If Enabled...
Jun 22 13:04:18 witherspoon avahi-daemon[928]: Withdrawing address record for 9.3.181.15 on eth0.
Jun 22 13:04:18 witherspoon avahi-daemon[928]: Host name conflict, retrying with witherspoon-10
Jun 22 13:04:18 witherspoon avahi-daemon[928]: Registering new address record for fe80::d849:86ff:feca:3bd1 on eth0.*.
Jun 22 13:04:18 witherspoon avahi-daemon[928]: Registering new address record for 9.3.181.15 on eth0.IPv4.
Jun 22 13:04:18 witherspoon system_manager.py[995]: SystemManager Goto System State: BMC_READY
Jun 22 13:04:18 witherspoon system_manager.py[995]: Running System State: BMC_READY
Jun 22 13:04:18 witherspoon timemanager[1066]: Registering dbus methods
Jun 22 13:04:18 witherspoon phosphor-discover-system-state[1078]: Host power is off, checking power policy
Jun 22 13:04:18 witherspoon systemd[1]: Started Reboot If Enabled.
Jun 22 13:04:19 witherspoon timemanager[1066]: Last known time_mode: NTP
Jun 22 13:04:19 witherspoon timemanager[1066]: Last known time_owner: BMC
Jun 22 13:04:19 witherspoon timemanager[1066]: Empty DhcpNtp string
Jun 22 13:04:19 witherspoon timemanager[1066]: Reading Power Control key: pgood
Jun 22 13:04:19 witherspoon timemanager[1066]: Changing settings *allowed* now
Jun 22 13:04:19 witherspoon timemanager[1066]: Getting System Settings: time_mode
Jun 22 13:04:19 witherspoon systemd[1]: Started Check Chassis0 pgood and create a file to indicate it.
Jun 22 13:04:19 witherspoon systemd[1]: Reached target Chassis0 power on after reset.
Jun 22 13:04:19 witherspoon systemd[1]: Reached target Host0 running after reset.
Jun 22 13:04:19 witherspoon systemd[1]: Reached target Host0 (Reset Check).
Jun 22 13:04:19 witherspoon systemd[1]: Reached target Chassis0 (Reset Check).
Jun 22 13:04:19 witherspoon avahi-daemon[928]: Withdrawing address record for 9.3.181.15 on eth0.
Jun 22 13:04:19 witherspoon avahi-daemon[928]: Host name conflict, retrying with witherspoon-11
Jun 22 13:04:19 witherspoon avahi-daemon[928]: Registering new address record for fe80::d849:86ff:feca:3bd1 on eth0.*.
Jun 22 13:04:19 witherspoon avahi-daemon[928]: Registering new address record for 9.3.181.15 on eth0.IPv4.
Jun 22 13:04:19 witherspoon timemanager[1066]: Requested_Mode: NTP Current_Mode: NTP
Jun 22 13:04:19 witherspoon timemanager[1066]: Mode is already set to : NTP
Jun 22 13:04:19 witherspoon timemanager[1066]: Getting System Settings: time_owner
Jun 22 13:04:19 witherspoon timemanager[1066]: Owner is already set to : BMC
Jun 22 13:04:19 witherspoon timemanager[1066]: Getting System Settings: use_dhcp_ntp
Jun 22 13:04:19 witherspoon timemanager[1066]: use_dhcp_ntp = yes
Jun 22 13:04:19 witherspoon timemanager[1066]: Last known host_offset:0
Jun 22 13:04:19 witherspoon timemanager[1066]: Initial Uptime Usec: 1498136558074440
Jun 22 13:04:19 witherspoon systemd[1]: Started Phosphor Time Manager daemon.
Jun 22 13:04:19 witherspoon systemd[1]: Reached target Phosphor System - Standby.
Jun 22 13:04:19 witherspoon systemd[1]: Startup finished in 8.673s (kernel) + 1min 33.212s (userspace) = 1min 41.885s.
Jun 22 13:04:19 witherspoon phosphor-bmc-state-manager[1041]: BMC_READY
Jun 22 13:04:19 witherspoon phosphor-bmc-state-manager[1041]: Setting the BMCState field
Jun 22 13:04:20 witherspoon avahi-daemon[928]: Withdrawing address record for 9.3.181.15 on eth0.
Jun 22 13:04:20 witherspoon avahi-daemon[928]: Host name conflict, retrying with witherspoon-12
Jun 22 13:04:20 witherspoon avahi-daemon[928]: Registering new address record for fe80::d849:86ff:feca:3bd1 on eth0.*.
Jun 22 13:04:20 witherspoon avahi-daemon[928]: Registering new address record for 9.3.181.15 on eth0.IPv4.
Jun 22 13:04:21 witherspoon avahi-daemon[928]: Withdrawing address record for 9.3.181.15 on eth0.
Jun 22 13:04:21 witherspoon avahi-daemon[928]: Host name conflict, retrying with witherspoon-13
Jun 22 13:04:21 witherspoon avahi-daemon[928]: Registering new address record for fe80::d849:86ff:feca:3bd1 on eth0.*.
Jun 22 13:04:21 witherspoon avahi-daemon[928]: Registering new address record for 9.3.181.15 on eth0.IPv4.
Jun 22 13:04:22 witherspoon avahi-daemon[928]: Withdrawing address record for 9.3.181.15 on eth0.
Jun 22 13:04:22 witherspoon avahi-daemon[928]: Host name conflict, retrying with witherspoon-14
Jun 22 13:04:22 witherspoon avahi-daemon[928]: Registering new address record for fe80::d849:86ff:feca:3bd1 on eth0.*.
Jun 22 13:04:22 witherspoon avahi-daemon[928]: Registering new address record for 9.3.181.15 on eth0.IPv4.
Jun 22 13:04:23 witherspoon avahi-daemon[928]: Withdrawing address record for 9.3.181.15 on eth0.
Jun 22 13:04:23 witherspoon avahi-daemon[928]: Host name conflict, retrying with witherspoon-15
Jun 22 13:04:23 witherspoon avahi-daemon[928]: Registering new address record for fe80::d849:86ff:feca:3bd1 on eth0.*.
Jun 22 13:04:23 witherspoon avahi-daemon[928]: Registering new address record for 9.3.181.15 on eth0.IPv4.
Jun 22 13:04:24 witherspoon avahi-daemon[928]: Withdrawing address record for 9.3.181.15 on eth0.
Jun 22 13:04:24 witherspoon avahi-daemon[928]: Host name conflict, retrying with witherspoon-16
Jun 22 13:04:24 witherspoon avahi-daemon[928]: Registering new address record for fe80::d849:86ff:feca:3bd1 on eth0.*.
Jun 22 13:04:24 witherspoon avahi-daemon[928]: Registering new address record for 9.3.181.15 on eth0.IPv4.
Jun 22 13:04:30 witherspoon phosphor-gevent[984]: Traceback (most recent call last):
Jun 22 13:04:30 witherspoon phosphor-gevent[984]:   File "/usr/lib/python2.7/site-packages/gevent/greenlet.py", line 327, in run
Jun 22 13:04:30 witherspoon phosphor-gevent[984]:     result = self._run(*self.args, **self.kwargs)
Jun 22 13:04:30 witherspoon phosphor-gevent[984]:   File "/usr/lib/python2.7/site-packages/gevent/server.py", line 102, in wrap_socket_and_handle
Jun 22 13:04:30 witherspoon phosphor-gevent[984]:     ssl_socket = self.wrap_socket(client_socket, **self.ssl_args)
Jun 22 13:04:30 witherspoon phosphor-gevent[984]:   File "/usr/lib/python2.7/site-packages/gevent/ssl.py", line 404, in wrap_socket
Jun 22 13:04:30 witherspoon phosphor-gevent[984]:     ciphers=ciphers)
Jun 22 13:04:30 witherspoon phosphor-gevent[984]:   File "/usr/lib/python2.7/site-packages/gevent/ssl.py", line 113, in __init__
Jun 22 13:04:30 witherspoon phosphor-gevent[984]:     self.do_handshake()
Jun 22 13:04:30 witherspoon phosphor-gevent[984]:   File "/usr/lib/python2.7/site-packages/gevent/ssl.py", line 324, in do_handshake
Jun 22 13:04:30 witherspoon phosphor-gevent[984]:     return self._sslobj.do_handshake()
Jun 22 13:04:30 witherspoon phosphor-gevent[984]: SSLEOFError: EOF occurred in violation of protocol (_ssl.c:590)
Jun 22 13:04:30 witherspoon phosphor-gevent[984]: <Greenlet at 0x76571300: <bound method WSGIServer.wrap_socket_and_handle of <WSGIServer at 0x7654c8b0 fileno=5 address=('::2cc2:414e:b0ad:ae76%1991159200', 443, 0, 1991159200)>>(<socket at 0x764212d0 fileno=9>, ('::60b9:ac76:8e91:f402%1312860948', 47734, 0, 131)> failed with SSLEOFError
Jun 22 13:04:30 witherspoon phosphor-gevent[984]: Traceback (most recent call last):
Jun 22 13:04:30 witherspoon phosphor-gevent[984]:   File "/usr/lib/python2.7/site-packages/gevent/greenlet.py", line 327, in run
Jun 22 13:04:30 witherspoon phosphor-gevent[984]:     result = self._run(*self.args, **self.kwargs)
Jun 22 13:04:30 witherspoon phosphor-gevent[984]:   File "/usr/lib/python2.7/site-packages/gevent/server.py", line 102, in wrap_socket_and_handle
Jun 22 13:04:30 witherspoon phosphor-gevent[984]:     ssl_socket = self.wrap_socket(client_socket, **self.ssl_args)
Jun 22 13:04:30 witherspoon phosphor-gevent[984]:   File "/usr/lib/python2.7/site-packages/gevent/ssl.py", line 404, in wrap_socket
Jun 22 13:04:30 witherspoon phosphor-gevent[984]:     ciphers=ciphers)
Jun 22 13:04:30 witherspoon phosphor-gevent[984]:   File "/usr/lib/python2.7/site-packages/gevent/ssl.py", line 113, in __init__
Jun 22 13:04:30 witherspoon phosphor-gevent[984]:     self.do_handshake()
Jun 22 13:04:30 witherspoon phosphor-gevent[984]:   File "/usr/lib/python2.7/site-packages/gevent/ssl.py", line 324, in do_handshake
Jun 22 13:04:30 witherspoon phosphor-gevent[984]:     return self._sslobj.do_handshake()
Jun 22 13:04:30 witherspoon phosphor-gevent[984]: SSLEOFError: EOF occurred in violation of protocol (_ssl.c:590)
Jun 22 13:04:30 witherspoon phosphor-gevent[984]: <Greenlet at 0x765715d0: <bound method WSGIServer.wrap_socket_and_handle of <WSGIServer at 0x7654c8b0 fileno=5 address=('::2cc2:414e:b0ad:ae76%1991159200', 443, 0, 1991159200)>>(<socket at 0x76421270 fileno=10>, ('::60b9:ac76:8e91:f402%1312860948', 47736, 0, 131)> failed with SSLEOFError
Jun 22 13:04:30 witherspoon phosphor-gevent[984]: Traceback (most recent call last):
Jun 22 13:04:30 witherspoon phosphor-gevent[984]:   File "/usr/lib/python2.7/site-packages/gevent/greenlet.py", line 327, in run
Jun 22 13:04:30 witherspoon phosphor-gevent[984]:     result = self._run(*self.args, **self.kwargs)
Jun 22 13:04:30 witherspoon phosphor-gevent[984]:   File "/usr/lib/python2.7/site-packages/gevent/server.py", line 102, in wrap_socket_and_handle
Jun 22 13:04:30 witherspoon phosphor-gevent[984]:     ssl_socket = self.wrap_socket(client_socket, **self.ssl_args)
Jun 22 13:04:30 witherspoon phosphor-gevent[984]:   File "/usr/lib/python2.7/site-packages/gevent/ssl.py", line 404, in wrap_socket
Jun 22 13:04:30 witherspoon phosphor-gevent[984]:     ciphers=ciphers)
Jun 22 13:04:30 witherspoon phosphor-gevent[984]:   File "/usr/lib/python2.7/site-packages/gevent/ssl.py", line 113, in __init__
Jun 22 13:04:30 witherspoon phosphor-gevent[984]:     self.do_handshake()
Jun 22 13:04:30 witherspoon phosphor-gevent[984]:   File "/usr/lib/python2.7/site-packages/gevent/ssl.py", line 324, in do_handshake
Jun 22 13:04:30 witherspoon phosphor-gevent[984]:     return self._sslobj.do_handshake()
Jun 22 13:04:30 witherspoon phosphor-gevent[984]: SSLEOFError: EOF occurred in violation of protocol (_ssl.c:590)
Jun 22 13:04:30 witherspoon phosphor-gevent[984]: <Greenlet at 0x765712b0: <bound method WSGIServer.wrap_socket_and_handle of <WSGIServer at 0x7654c8b0 fileno=5 address=('::2cc2:414e:b0ad:ae76%1991159200', 443, 0, 1991159200)>>(<socket at 0x76421310 fileno=11>, ('::60b9:ac76:8e91:f402%1312860948', 47738, 0, 131)> failed with SSLEOFError
Jun 22 13:04:44 witherspoon avahi-daemon[928]: Withdrawing address record for 9.3.181.15 on eth0.
Jun 22 13:04:44 witherspoon avahi-daemon[928]: Host name conflict, retrying with witherspoon-17
Jun 22 13:04:44 witherspoon avahi-daemon[928]: Registering new address record for fe80::d849:86ff:feca:3bd1 on eth0.*.
Jun 22 13:04:44 witherspoon avahi-daemon[928]: Registering new address record for 9.3.181.15 on eth0.IPv4.
Jun 22 13:04:49 witherspoon phosphor-gevent[984]: ::60b9:ac76:8e91:f402%1312860948 - - [2017-06-22 13:04:49] "POST /login HTTP/1.1" 200 320 0.044345
Jun 22 13:04:50 witherspoon phosphor-gevent[984]: ::60b9:ac76:8e91:f402%1312860948 - - [2017-06-22 13:04:50] "GET /xyz/openbmc_project/state/chassis0//attr/CurrentPowerState HTTP/1.1" 200 216 0.057594
Jun 22 13:04:50 witherspoon phosphor-gevent[984]: ::60b9:ac76:8e91:f402%1312860948 - - [2017-06-22 13:04:50] "POST /login HTTP/1.1" 200 320 0.033210
Jun 22 13:04:50 witherspoon phosphor-gevent[984]: ::60b9:ac76:8e91:f402%1312860948 - - [2017-06-22 13:04:50] "GET /xyz/openbmc_project/state/chassis0//attr/CurrentPowerState HTTP/1.1" 200 216 0.048590
Jun 22 13:04:50 witherspoon phosphor-gevent[984]: ::60b9:ac76:8e91:f402%1312860948 - - [2017-06-22 13:04:50] "POST /login HTTP/1.1" 200 320 0.032467
Jun 22 13:04:50 witherspoon phosphor-gevent[984]: ::60b9:ac76:8e91:f402%1312860948 - - [2017-06-22 13:04:50] "GET /org/openbmc/sensors/host/BootProgress/attr/value HTTP/1.1" 200 170 0.072064
Jun 22 13:04:50 witherspoon phosphor-gevent[984]: ::60b9:ac76:8e91:f402%1312860948 - - [2017-06-22 13:04:50] "POST /login HTTP/1.1" 200 320 0.042787
Jun 22 13:04:50 witherspoon phosphor-gevent[984]: ::60b9:ac76:8e91:f402%1312860948 - - [2017-06-22 13:04:50] "GET /xyz/openbmc_project/state/host0//attr/CurrentHostState HTTP/1.1" 200 212 0.058564
Jun 22 13:04:51 witherspoon phosphor-gevent[984]: ::60b9:ac76:8e91:f402%1312860948 - - [2017-06-22 13:04:51] "POST /login HTTP/1.1" 200 320 0.033821
Jun 22 13:04:51 witherspoon phosphor-gevent[984]: ::60b9:ac76:8e91:f402%1312860948 - - [2017-06-22 13:04:51] "GET /xyz/openbmc_project/logging/entry/list HTTP/1.1" 404 311 0.038125
Jun 22 13:04:51 witherspoon dropbear[972]: Exit (root): Error reading: Connection reset by peer
Jun 22 13:04:51 witherspoon systemd[1]: Started SSH Per-Connection Server (9.41.165.94:44586).
Jun 22 13:04:51 witherspoon dropbear[1088]: Failed loading /etc/dropbear/dropbear_dss_host_key
Jun 22 13:04:51 witherspoon dropbear[1088]: Failed loading /etc/dropbear/dropbear_ecdsa_host_key
Jun 22 13:04:51 witherspoon dropbear[1088]: Child connection from ::ffff:9.41.165.94:44586
Jun 22 13:04:52 witherspoon dropbear[1088]: PAM password auth succeeded for 'root' from ::ffff:9.41.165.94:44586
Jun 22 13:04:52 witherspoon dropbear[1089]: lastlog_perform_login: Couldn't stat /var/log/lastlog: No such file or directory
Jun 22 13:04:52 witherspoon dropbear[1089]: lastlog_openseek: /var/log/lastlog is not a file or directory!
Jun 22 13:04:53 witherspoon phosphor-gevent[984]: ::60b9:ac76:8e91:f402%1312860948 - - [2017-06-22 13:04:53] "POST /login HTTP/1.1" 200 320 0.032813
Jun 22 13:04:53 witherspoon phosphor-gevent[984]: ::60b9:ac76:8e91:f402%1312860948 - - [2017-06-22 13:04:53] "GET /xyz/openbmc_project/state/host0//attr/CurrentHostState HTTP/1.1" 200 212 0.048164
Jun 22 13:04:54 witherspoon dropbear[1088]: Exit (root): Exited normally
Jun 22 13:05:02 witherspoon systemd[1]: Started SSH Per-Connection Server (9.41.165.94:53506).
Jun 22 13:05:02 witherspoon dropbear[1098]: Failed loading /etc/dropbear/dropbear_dss_host_key
Jun 22 13:05:03 witherspoon dropbear[1098]: Failed loading /etc/dropbear/dropbear_ecdsa_host_key
Jun 22 13:05:03 witherspoon dropbear[1098]: Child connection from ::ffff:9.41.165.94:53506
Jun 22 13:05:03 witherspoon dropbear[1098]: PAM password auth succeeded for 'root' from ::ffff:9.41.165.94:53506
Jun 22 13:05:03 witherspoon dropbear[1099]: lastlog_perform_login: Couldn't stat /var/log/lastlog: No such file or directory
Jun 22 13:05:03 witherspoon dropbear[1099]: lastlog_openseek: /var/log/lastlog is not a file or directory!
Jun 22 13:05:05 witherspoon phosphor-gevent[984]: ::60b9:ac76:8e91:f402%1312860948 - - [2017-06-22 13:05:05] "POST /login HTTP/1.1" 200 320 0.033980
Jun 22 13:05:05 witherspoon phosphor-gevent[984]: ::60b9:ac76:8e91:f402%1312860948 - - [2017-06-22 13:05:05] "PUT /org/openbmc/settings/host0/attr/power_policy HTTP/1.1" 200 169 0.177133
Jun 22 13:05:05 witherspoon avahi-daemon[928]: Server startup complete. Host name is witherspoon-17.local. Local service cookie is 1520177360.
Jun 22 13:05:05 witherspoon phosphor-gevent[984]: ::60b9:ac76:8e91:f402%1312860948 - - [2017-06-22 13:05:05] "POST /login HTTP/1.1" 200 320 0.034149
Jun 22 13:05:05 witherspoon phosphor-gevent[984]: ::60b9:ac76:8e91:f402%1312860948 - - [2017-06-22 13:05:05] "GET /org/openbmc/settings/host0/attr/power_policy HTTP/1.1" 200 185 0.068638
Jun 22 13:05:05 witherspoon avahi-daemon[928]: Service name conflict for "sftp" (/services/sftp.service), retrying with "sftp #2".
Jun 22 13:05:05 witherspoon avahi-daemon[928]: Service name conflict for "obmc_console" (/services/obmc_console.service), retrying with "obmc_console #2".
Jun 22 13:05:05 witherspoon avahi-daemon[928]: Service name conflict for "phosphor_rest" (/services/phosphor_rest.service), retrying with "phosphor_rest #2".
Jun 22 13:05:05 witherspoon systemd[1]: Started SSH Per-Connection Server (9.41.165.94:53512).
Jun 22 13:05:05 witherspoon dropbear[1105]: Failed loading /etc/dropbear/dropbear_dss_host_key
Jun 22 13:05:05 witherspoon dropbear[1105]: Failed loading /etc/dropbear/dropbear_ecdsa_host_key
Jun 22 13:05:06 witherspoon dropbear[1105]: Child connection from ::ffff:9.41.165.94:53512
Jun 22 13:05:06 witherspoon dropbear[1105]: PAM password auth succeeded for 'root' from ::ffff:9.41.165.94:53512
Jun 22 13:05:06 witherspoon avahi-daemon[928]: Service "witherspoon-17" (/services/ssh.service) successfully established.
Jun 22 13:05:06 witherspoon avahi-daemon[928]: Service "witherspoon-17" (/services/sftp-ssh.service) successfully established.
Jun 22 13:05:06 witherspoon dropbear[1106]: lastlog_perform_login: Couldn't stat /var/log/lastlog: No such file or directory
Jun 22 13:05:06 witherspoon dropbear[1106]: lastlog_openseek: /var/log/lastlog is not a file or directory!
Jun 22 13:05:06 witherspoon avahi-daemon[928]: Service name conflict for "phosphor_rest" (/services/phosphor_rest.service), retrying with "phosphor_rest #3".
Jun 22 13:05:06 witherspoon avahi-daemon[928]: Service name conflict for "sftp" (/services/sftp.service), retrying with "sftp #3".
Jun 22 13:05:06 witherspoon avahi-daemon[928]: Service name conflict for "obmc_console" (/services/obmc_console.service), retrying with "obmc_console #3".
Jun 22 13:05:07 witherspoon avahi-daemon[928]: Service name conflict for "phosphor_rest" (/services/phosphor_rest.service), retrying with "phosphor_rest #4".
Jun 22 13:05:07 witherspoon avahi-daemon[928]: Service name conflict for "sftp" (/services/sftp.service), retrying with "sftp #4".
Jun 22 13:05:07 witherspoon avahi-daemon[928]: Service name conflict for "obmc_console" (/services/obmc_console.service), retrying with "obmc_console #4".
Jun 22 13:05:07 witherspoon phosphor-gevent[984]: ::60b9:ac76:8e91:f402%1312860948 - - [2017-06-22 13:05:07] "POST /login HTTP/1.1" 200 320 0.052714
Jun 22 13:05:08 witherspoon phosphor-gevent[984]: ::60b9:ac76:8e91:f402%1312860948 - - [2017-06-22 13:05:08] "GET /xyz/openbmc_project/state/chassis0//attr/CurrentPowerState HTTP/1.1" 200 216 0.076565
Jun 22 13:05:08 witherspoon phosphor-gevent[984]: ::60b9:ac76:8e91:f402%1312860948 - - [2017-06-22 13:05:08] "POST /login HTTP/1.1" 200 320 0.032635
Jun 22 13:05:08 witherspoon phosphor-gevent[984]: ::60b9:ac76:8e91:f402%1312860948 - - [2017-06-22 13:05:08] "GET /xyz/openbmc_project/state/bmc0//attr/CurrentBMCState HTTP/1.1" 200 212 0.059098
Jun 22 13:05:08 witherspoon phosphor-gevent[984]: ::60b9:ac76:8e91:f402%1312860948 - - [2017-06-22 13:05:08] "POST /login HTTP/1.1" 200 320 0.074967
Jun 22 13:05:08 witherspoon phosphor-gevent[984]: ::60b9:ac76:8e91:f402%1312860948 - - [2017-06-22 13:05:08] "GET /org/openbmc/sensors/host/BootProgress/attr/value HTTP/1.1" 200 170 0.056685
Jun 22 13:05:08 witherspoon phosphor-gevent[984]: ::60b9:ac76:8e91:f402%1312860948 - - [2017-06-22 13:05:08] "POST /login HTTP/1.1" 200 320 0.032603
Jun 22 13:05:09 witherspoon avahi-daemon[928]: Service name conflict for "phosphor_rest" (/services/phosphor_rest.service), retrying with "phosphor_rest #5".
Jun 22 13:05:09 witherspoon avahi-daemon[928]: Service name conflict for "sftp" (/services/sftp.service), retrying with "sftp #5".
Jun 22 13:05:09 witherspoon avahi-daemon[928]: Service name conflict for "obmc_console" (/services/obmc_console.service), retrying with "obmc_console #5".
Jun 22 13:05:09 witherspoon phosphor-gevent[984]: ::60b9:ac76:8e91:f402%1312860948 - - [2017-06-22 13:05:09] "GET /xyz/openbmc_project/state/host0//attr/CurrentHostState HTTP/1.1" 200 212 0.073784
Jun 22 13:05:09 witherspoon phosphor-gevent[984]: ::60b9:ac76:8e91:f402%1312860948 - - [2017-06-22 13:05:09] "POST /login HTTP/1.1" 200 320 0.032618
Jun 22 13:05:09 witherspoon phosphor-gevent[984]: ::60b9:ac76:8e91:f402%1312860948 - - [2017-06-22 13:05:09] "GET /xyz/openbmc_project/logging/entry/list HTTP/1.1" 404 311 0.028606
Jun 22 13:05:09 witherspoon systemd[1]: Started SSH Per-Connection Server (9.41.165.94:53524).
Jun 22 13:05:09 witherspoon dropbear[1109]: Failed loading /etc/dropbear/dropbear_dss_host_key
Jun 22 13:05:09 witherspoon dropbear[1109]: Failed loading /etc/dropbear/dropbear_ecdsa_host_key
Jun 22 13:05:09 witherspoon dropbear[1109]: Child connection from ::ffff:9.41.165.94:53524
Jun 22 13:05:10 witherspoon avahi-daemon[928]: Service name conflict for "phosphor_rest" (/services/phosphor_rest.service), retrying with "phosphor_rest #6".
Jun 22 13:05:10 witherspoon avahi-daemon[928]: Service name conflict for "sftp" (/services/sftp.service), retrying with "sftp #6".
Jun 22 13:05:10 witherspoon avahi-daemon[928]: Service name conflict for "obmc_console" (/services/obmc_console.service), retrying with "obmc_console #6".
Jun 22 13:05:10 witherspoon dropbear[1109]: PAM password auth succeeded for 'root' from ::ffff:9.41.165.94:53524
Jun 22 13:05:11 witherspoon avahi-daemon[928]: Service name conflict for "phosphor_rest" (/services/phosphor_rest.service), retrying with "phosphor_rest #7".
Jun 22 13:05:11 witherspoon avahi-daemon[928]: Service name conflict for "sftp" (/services/sftp.service), retrying with "sftp #7".
Jun 22 13:05:11 witherspoon avahi-daemon[928]: Service name conflict for "obmc_console" (/services/obmc_console.service), retrying with "obmc_console #7".
Jun 22 13:05:12 witherspoon avahi-daemon[928]: Service name conflict for "phosphor_rest" (/services/phosphor_rest.service), retrying with "phosphor_rest #8".
Jun 22 13:05:12 witherspoon avahi-daemon[928]: Service name conflict for "sftp" (/services/sftp.service), retrying with "sftp #8".
Jun 22 13:05:12 witherspoon avahi-daemon[928]: Service name conflict for "obmc_console" (/services/obmc_console.service), retrying with "obmc_console #8".
Jun 22 13:05:13 witherspoon avahi-daemon[928]: Service name conflict for "phosphor_rest" (/services/phosphor_rest.service), retrying with "phosphor_rest #9".
Jun 22 13:05:13 witherspoon avahi-daemon[928]: Service name conflict for "sftp" (/services/sftp.service), retrying with "sftp #9".
Jun 22 13:05:13 witherspoon avahi-daemon[928]: Service name conflict for "obmc_console" (/services/obmc_console.service), retrying with "obmc_console #9".
Jun 22 13:05:14 witherspoon avahi-daemon[928]: Service name conflict for "phosphor_rest" (/services/phosphor_rest.service), retrying with "phosphor_rest #10".
Jun 22 13:05:14 witherspoon avahi-daemon[928]: Service name conflict for "obmc_console" (/services/obmc_console.service), retrying with "obmc_console #10".
Jun 22 13:05:14 witherspoon avahi-daemon[928]: Service name conflict for "sftp" (/services/sftp.service), retrying with "sftp #10".
Jun 22 13:05:14 witherspoon avahi-daemon[928]: Service name conflict for "obmc_console" (/services/obmc_console.service), retrying with "obmc_console #11".
Jun 22 13:05:14 witherspoon avahi-daemon[928]: Service name conflict for "phosphor_rest" (/services/phosphor_rest.service), retrying with "phosphor_rest #11".
Jun 22 13:05:14 witherspoon avahi-daemon[928]: Service name conflict for "sftp" (/services/sftp.service), retrying with "sftp #11".
Jun 22 13:05:16 witherspoon avahi-daemon[928]: Service name conflict for "phosphor_rest" (/services/phosphor_rest.service), retrying with "phosphor_rest #12".
Jun 22 13:05:16 witherspoon avahi-daemon[928]: Service name conflict for "obmc_console" (/services/obmc_console.service), retrying with "obmc_console #12".
Jun 22 13:05:16 witherspoon avahi-daemon[928]: Service name conflict for "sftp" (/services/sftp.service), retrying with "sftp #12".
Jun 22 13:05:17 witherspoon avahi-daemon[928]: Service name conflict for "phosphor_rest" (/services/phosphor_rest.service), retrying with "phosphor_rest #13".
Jun 22 13:05:17 witherspoon avahi-daemon[928]: Service "sftp #12" (/services/sftp.service) successfully established.
Jun 22 13:05:17 witherspoon avahi-daemon[928]: Service "obmc_console #12" (/services/obmc_console.service) successfully established.
Jun 22 13:05:18 witherspoon avahi-daemon[928]: Service "phosphor_rest #13" (/services/phosphor_rest.service) successfully established.
Jun 22 13:05:42 witherspoon phosphor-gevent[984]: ::60b9:ac76:8e91:f402%1312860948 - - [2017-06-22 13:05:42] "POST /login HTTP/1.1" 200 320 0.033137
Jun 22 13:05:42 witherspoon phosphor-gevent[984]: ::60b9:ac76:8e91:f402%1312860948 - - [2017-06-22 13:05:42] "POST /org/openbmc/control/flash/bios//action/update HTTP/1.1" 200 169 0.248286
Jun 22 13:05:42 witherspoon flash_bios.exe[1003]: Starting flasher: bios,/tmp/witherspoon.pnor,/org/openbmc/control/flash/bios,
Jun 22 13:05:42 witherspoon flash_bios.exe[1003]: flasher: /tmp/witherspoon.pnor, BMC = 1, address = 0x0
Jun 22 13:05:42 witherspoon flash_bios.exe[1003]: Setting up flash
Jun 22 13:05:42 witherspoon phosphor-gevent[984]: ::60b9:ac76:8e91:f402%1312860948 - - [2017-06-22 13:05:42] "POST /login HTTP/1.1" 200 320 0.161509
Jun 22 13:05:43 witherspoon phosphor-gevent[984]: ::60b9:ac76:8e91:f402%1312860948 - - [2017-06-22 13:05:43] "GET /org/openbmc/control/flash/bios HTTP/1.1" 200 386 0.166315
Jun 22 13:05:43 witherspoon phosphor-gevent[984]: ::60b9:ac76:8e91:f402%1312860948 - - [2017-06-22 13:05:43] "POST /login HTTP/1.1" 200 320 0.138828
Jun 22 13:05:43 witherspoon phosphor-gevent[984]: ::60b9:ac76:8e91:f402%1312860948 - - [2017-06-22 13:05:43] "GET /org/openbmc/control/flash/bios HTTP/1.1" 200 386 0.072513
Jun 22 13:05:54 witherspoon phosphor-gevent[984]: ::60b9:ac76:8e91:f402%1312860948 - - [2017-06-22 13:05:54] "POST /login HTTP/1.1" 200 320 0.375783
Jun 22 13:05:54 witherspoon phosphor-gevent[984]: ::60b9:ac76:8e91:f402%1312860948 - - [2017-06-22 13:05:54] "GET /org/openbmc/control/flash/bios HTTP/1.1" 200 386 0.087160
Jun 22 13:06:04 witherspoon phosphor-gevent[984]: ::60b9:ac76:8e91:f402%1312860948 - - [2017-06-22 13:06:04] "POST /login HTTP/1.1" 200 320 0.038282
Jun 22 13:06:04 witherspoon phosphor-gevent[984]: ::60b9:ac76:8e91:f402%1312860948 - - [2017-06-22 13:06:04] "GET /org/openbmc/control/flash/bios HTTP/1.1" 200 386 0.540452
Jun 22 13:06:15 witherspoon phosphor-gevent[984]: ::60b9:ac76:8e91:f402%1312860948 - - [2017-06-22 13:06:15] "POST /login HTTP/1.1" 200 320 0.032580
Jun 22 13:06:15 witherspoon phosphor-gevent[984]: ::60b9:ac76:8e91:f402%1312860948 - - [2017-06-22 13:06:15] "GET /org/openbmc/control/flash/bios HTTP/1.1" 200 386 0.066728
Jun 22 13:06:25 witherspoon phosphor-gevent[984]: ::60b9:ac76:8e91:f402%1312860948 - - [2017-06-22 13:06:25] "POST /login HTTP/1.1" 200 320 0.032655
Jun 22 13:06:25 witherspoon phosphor-gevent[984]: ::60b9:ac76:8e91:f402%1312860948 - - [2017-06-22 13:06:25] "GET /org/openbmc/control/flash/bios HTTP/1.1" 200 386 0.066804
Jun 22 13:06:35 witherspoon phosphor-gevent[984]: ::60b9:ac76:8e91:f402%1312860948 - - [2017-06-22 13:06:35] "POST /login HTTP/1.1" 200 320 0.033092
Jun 22 13:06:35 witherspoon phosphor-gevent[984]: ::60b9:ac76:8e91:f402%1312860948 - - [2017-06-22 13:06:35] "GET /org/openbmc/control/flash/bios HTTP/1.1" 200 386 0.067302
Jun 22 13:06:46 witherspoon phosphor-gevent[984]: ::60b9:ac76:8e91:f402%1312860948 - - [2017-06-22 13:06:46] "POST /login HTTP/1.1" 200 320 0.032881
Jun 22 13:06:46 witherspoon phosphor-gevent[984]: ::60b9:ac76:8e91:f402%1312860948 - - [2017-06-22 13:06:46] "GET /org/openbmc/control/flash/bios HTTP/1.1" 200 386 0.111704
Jun 22 13:06:57 witherspoon phosphor-gevent[984]: ::60b9:ac76:8e91:f402%1312860948 - - [2017-06-22 13:06:57] "POST /login HTTP/1.1" 200 320 0.038891
Jun 22 13:06:57 witherspoon phosphor-gevent[984]: ::60b9:ac76:8e91:f402%1312860948 - - [2017-06-22 13:06:57] "GET /org/openbmc/control/flash/bios HTTP/1.1" 200 386 0.073005
Jun 22 13:07:07 witherspoon phosphor-gevent[984]: ::60b9:ac76:8e91:f402%1312860948 - - [2017-06-22 13:07:07] "POST /login HTTP/1.1" 200 320 0.032859
Jun 22 13:07:08 witherspoon phosphor-gevent[984]: ::60b9:ac76:8e91:f402%1312860948 - - [2017-06-22 13:07:08] "GET /org/openbmc/control/flash/bios HTTP/1.1" 200 386 0.095844
Jun 22 13:07:18 witherspoon phosphor-gevent[984]: ::60b9:ac76:8e91:f402%1312860948 - - [2017-06-22 13:07:18] "POST /login HTTP/1.1" 200 320 0.032615
Jun 22 13:07:18 witherspoon phosphor-gevent[984]: ::60b9:ac76:8e91:f402%1312860948 - - [2017-06-22 13:07:18] "GET /org/openbmc/control/flash/bios HTTP/1.1" 200 386 0.066580
Jun 22 13:07:30 witherspoon phosphor-gevent[984]: ::60b9:ac76:8e91:f402%1312860948 - - [2017-06-22 13:07:30] "POST /login HTTP/1.1" 200 320 0.049362
Jun 22 13:07:30 witherspoon phosphor-gevent[984]: ::60b9:ac76:8e91:f402%1312860948 - - [2017-06-22 13:07:30] "GET /org/openbmc/control/flash/bios HTTP/1.1" 200 386 0.066266
Jun 22 13:07:40 witherspoon phosphor-gevent[984]: ::60b9:ac76:8e91:f402%1312860948 - - [2017-06-22 13:07:40] "POST /login HTTP/1.1" 200 320 0.032694
Jun 22 13:07:40 witherspoon phosphor-gevent[984]: ::60b9:ac76:8e91:f402%1312860948 - - [2017-06-22 13:07:40] "GET /org/openbmc/control/flash/bios HTTP/1.1" 200 386 0.067187
Jun 22 13:07:50 witherspoon phosphor-gevent[984]: ::60b9:ac76:8e91:f402%1312860948 - - [2017-06-22 13:07:50] "POST /login HTTP/1.1" 200 320 0.039347
Jun 22 13:07:50 witherspoon phosphor-gevent[984]: ::60b9:ac76:8e91:f402%1312860948 - - [2017-06-22 13:07:50] "GET /org/openbmc/control/flash/bios HTTP/1.1" 200 386 0.070921
Jun 22 13:08:02 witherspoon phosphor-gevent[984]: ::60b9:ac76:8e91:f402%1312860948 - - [2017-06-22 13:08:02] "POST /login HTTP/1.1" 200 320 0.032344
Jun 22 13:08:02 witherspoon phosphor-gevent[984]: ::60b9:ac76:8e91:f402%1312860948 - - [2017-06-22 13:08:02] "GET /org/openbmc/control/flash/bios HTTP/1.1" 200 386 0.066463
Jun 22 13:08:12 witherspoon phosphor-gevent[984]: ::60b9:ac76:8e91:f402%1312860948 - - [2017-06-22 13:08:12] "POST /login HTTP/1.1" 200 320 0.032672
Jun 22 13:08:12 witherspoon phosphor-gevent[984]: ::60b9:ac76:8e91:f402%1312860948 - - [2017-06-22 13:08:12] "GET /org/openbmc/control/flash/bios HTTP/1.1" 200 386 0.067030
Jun 22 13:08:24 witherspoon phosphor-gevent[984]: ::60b9:ac76:8e91:f402%1312860948 - - [2017-06-22 13:08:24] "POST /login HTTP/1.1" 200 320 0.033336
Jun 22 13:08:24 witherspoon phosphor-gevent[984]: ::60b9:ac76:8e91:f402%1312860948 - - [2017-06-22 13:08:24] "GET /org/openbmc/control/flash/bios HTTP/1.1" 200 391 0.066449
Jun 22 13:08:34 witherspoon phosphor-gevent[984]: ::60b9:ac76:8e91:f402%1312860948 - - [2017-06-22 13:08:34] "POST /login HTTP/1.1" 200 320 0.032994
Jun 22 13:08:35 witherspoon phosphor-gevent[984]: ::60b9:ac76:8e91:f402%1312860948 - - [2017-06-22 13:08:35] "GET /org/openbmc/control/flash/bios HTTP/1.1" 200 391 0.719070
Jun 22 13:08:46 witherspoon phosphor-gevent[984]: ::60b9:ac76:8e91:f402%1312860948 - - [2017-06-22 13:08:46] "POST /login HTTP/1.1" 200 320 0.133465
Jun 22 13:08:46 witherspoon phosphor-gevent[984]: ::60b9:ac76:8e91:f402%1312860948 - - [2017-06-22 13:08:46] "GET /org/openbmc/control/flash/bios HTTP/1.1" 200 391 0.066317
Jun 22 13:08:56 witherspoon phosphor-gevent[984]: ::60b9:ac76:8e91:f402%1312860948 - - [2017-06-22 13:08:56] "POST /login HTTP/1.1" 200 320 0.033353
Jun 22 13:08:56 witherspoon phosphor-gevent[984]: ::60b9:ac76:8e91:f402%1312860948 - - [2017-06-22 13:08:56] "GET /org/openbmc/control/flash/bios HTTP/1.1" 200 391 0.067867
Jun 22 13:09:06 witherspoon phosphor-gevent[984]: ::60b9:ac76:8e91:f402%1312860948 - - [2017-06-22 13:09:06] "POST /login HTTP/1.1" 200 320 0.033056
Jun 22 13:09:06 witherspoon phosphor-gevent[984]: ::60b9:ac76:8e91:f402%1312860948 - - [2017-06-22 13:09:06] "GET /org/openbmc/control/flash/bios HTTP/1.1" 200 391 0.068059
Jun 22 13:09:14 witherspoon flash_bios.exe[1003]: Erasing... (may take a while !) done !
Jun 22 13:09:14 witherspoon flash_bios.exe[1003]: About to program "/tmp/witherspoon.pnor" at 0x00000000..0x04000000 !
Jun 22 13:09:14 witherspoon flash_bios.exe[1003]: Programming & Verifying...
Jun 22 13:09:14 witherspoon flash_bios.exe[1003]: Flash done
Jun 22 13:09:17 witherspoon phosphor-gevent[984]: ::60b9:ac76:8e91:f402%1312860948 - - [2017-06-22 13:09:17] "POST /login HTTP/1.1" 200 320 0.033060
Jun 22 13:09:17 witherspoon phosphor-gevent[984]: ::60b9:ac76:8e91:f402%1312860948 - - [2017-06-22 13:09:17] "GET /org/openbmc/control/flash/bios HTTP/1.1" 200 388 0.109595
Jun 22 13:09:17 witherspoon systemd[1]: Started SSH Per-Connection Server (9.41.165.94:53572).
Jun 22 13:09:17 witherspoon dropbear[1115]: Failed loading /etc/dropbear/dropbear_dss_host_key
Jun 22 13:09:17 witherspoon dropbear[1115]: Failed loading /etc/dropbear/dropbear_ecdsa_host_key
Jun 22 13:09:17 witherspoon dropbear[1115]: Child connection from ::ffff:9.41.165.94:53572
Jun 22 13:09:18 witherspoon dropbear[1115]: PAM password auth succeeded for 'root' from ::ffff:9.41.165.94:53572
Jun 22 13:09:18 witherspoon dropbear[1116]: lastlog_perform_login: Couldn't stat /var/log/lastlog: No such file or directory
Jun 22 13:09:18 witherspoon dropbear[1116]: lastlog_openseek: /var/log/lastlog is not a file or directory!
Jun 22 13:09:19 witherspoon phosphor-gevent[984]: ::60b9:ac76:8e91:f402%1312860948 - - [2017-06-22 13:09:19] "POST /login HTTP/1.1" 200 320 0.033483
Jun 22 13:09:19 witherspoon phosphor-gevent[984]: ::60b9:ac76:8e91:f402%1312860948 - - [2017-06-22 13:09:19] "GET /xyz/openbmc_project/state/host0//attr/CurrentHostState HTTP/1.1" 200 212 0.052327
Jun 22 13:09:19 witherspoon systemd[1]: Created slice system-obmc\x2dconsole\x2dssh.slice.
Jun 22 13:09:19 witherspoon systemd[1]: Started Phosphor Host Console SSH Per-Connection (9.41.165.94:48528).
Jun 22 13:09:19 witherspoon dropbear[1120]: Failed loading /etc/dropbear/dropbear_dss_host_key
Jun 22 13:09:19 witherspoon dropbear[1120]: Failed loading /etc/dropbear/dropbear_ecdsa_host_key
Jun 22 13:09:19 witherspoon dropbear[1120]: Child connection from ::ffff:9.41.165.94:48528
Jun 22 13:09:20 witherspoon phosphor-gevent[984]: ::60b9:ac76:8e91:f402%1312860948 - - [2017-06-22 13:09:20] "POST /login HTTP/1.1" 200 320 0.095977
Jun 22 13:09:20 witherspoon dropbear[1120]: PAM password auth succeeded for 'root' from ::ffff:9.41.165.94:48528
Jun 22 13:09:20 witherspoon dropbear[1121]: lastlog_perform_login: Couldn't stat /var/log/lastlog: No such file or directory
Jun 22 13:09:20 witherspoon dropbear[1121]: lastlog_openseek: /var/log/lastlog is not a file or directory!
Jun 22 13:09:20 witherspoon phosphor-gevent[984]: ::60b9:ac76:8e91:f402%1312860948 - - [2017-06-22 13:09:20] "PUT /org/openbmc/settings/host0/attr/power_policy HTTP/1.1" 200 169 0.320616
Jun 22 13:09:20 witherspoon phosphor-gevent[984]: ::60b9:ac76:8e91:f402%1312860948 - - [2017-06-22 13:09:20] "POST /login HTTP/1.1" 200 320 0.033417
Jun 22 13:09:21 witherspoon phosphor-gevent[984]: ::60b9:ac76:8e91:f402%1312860948 - - [2017-06-22 13:09:21] "GET /org/openbmc/settings/host0/attr/power_policy HTTP/1.1" 200 185 0.078922
Jun 22 13:09:21 witherspoon dropbear[1122]: Failed loading /etc/dropbear/dropbear_dss_host_key
Jun 22 13:09:21 witherspoon dropbear[1122]: Failed loading /etc/dropbear/dropbear_ecdsa_host_key
Jun 22 13:09:21 witherspoon systemd[1]: Started SSH Per-Connection Server (9.41.165.94:53582).
Jun 22 13:09:21 witherspoon dropbear[1122]: Child connection from ::ffff:9.41.165.94:53582
Jun 22 13:09:21 witherspoon dropbear[1122]: PAM password auth succeeded for 'root' from ::ffff:9.41.165.94:53582
Jun 22 13:09:21 witherspoon dropbear[1123]: lastlog_perform_login: Couldn't stat /var/log/lastlog: No such file or directory
Jun 22 13:09:21 witherspoon dropbear[1123]: lastlog_openseek: /var/log/lastlog is not a file or directory!
Jun 22 13:09:23 witherspoon phosphor-gevent[984]: ::60b9:ac76:8e91:f402%1312860948 - - [2017-06-22 13:09:23] "POST /login HTTP/1.1" 200 320 0.033348
Jun 22 13:09:23 witherspoon phosphor-gevent[984]: ::60b9:ac76:8e91:f402%1312860948 - - [2017-06-22 13:09:23] "GET /xyz/openbmc_project/state/chassis0//attr/CurrentPowerState HTTP/1.1" 200 216 0.048702
Jun 22 13:09:23 witherspoon phosphor-gevent[984]: ::60b9:ac76:8e91:f402%1312860948 - - [2017-06-22 13:09:23] "POST /login HTTP/1.1" 200 320 0.033234
Jun 22 13:09:23 witherspoon phosphor-gevent[984]: ::60b9:ac76:8e91:f402%1312860948 - - [2017-06-22 13:09:23] "GET /xyz/openbmc_project/state/bmc0//attr/CurrentBMCState HTTP/1.1" 200 212 0.050665
Jun 22 13:09:23 witherspoon phosphor-gevent[984]: ::60b9:ac76:8e91:f402%1312860948 - - [2017-06-22 13:09:23] "POST /login HTTP/1.1" 200 320 0.049646
Jun 22 13:09:23 witherspoon phosphor-gevent[984]: ::60b9:ac76:8e91:f402%1312860948 - - [2017-06-22 13:09:23] "GET /org/openbmc/sensors/host/BootProgress/attr/value HTTP/1.1" 200 170 0.117400
Jun 22 13:09:23 witherspoon phosphor-gevent[984]: ::60b9:ac76:8e91:f402%1312860948 - - [2017-06-22 13:09:23] "POST /login HTTP/1.1" 200 320 0.033952
Jun 22 13:09:24 witherspoon phosphor-gevent[984]: ::60b9:ac76:8e91:f402%1312860948 - - [2017-06-22 13:09:24] "GET /xyz/openbmc_project/state/host0//attr/CurrentHostState HTTP/1.1" 200 212 0.086330
Jun 22 13:09:24 witherspoon phosphor-gevent[984]: ::60b9:ac76:8e91:f402%1312860948 - - [2017-06-22 13:09:24] "POST /login HTTP/1.1" 200 320 0.032947
Jun 22 13:09:24 witherspoon phosphor-host-state-manager[1033]: Host State transaction request
Jun 22 13:09:24 witherspoon phosphor-gevent[984]: ::60b9:ac76:8e91:f402%1312860948 - - [2017-06-22 13:09:24] "PUT /xyz/openbmc_project/state/host0//attr/RequestedHostTransition HTTP/1.1" 200 169 0.232269
Jun 22 13:09:24 witherspoon systemd[1]: Created slice system-op\x2dpower\x2dstart.slice.
Jun 22 13:09:24 witherspoon systemd[1]: Created slice system-cfam_override.slice.
Jun 22 13:09:24 witherspoon systemd[1]: Created slice system-pcie\x2dslot\x2ddetect.slice.
Jun 22 13:09:24 witherspoon systemd[1]: Created slice system-phosphor\x2dgpio\x2dmonitor.slice.
Jun 22 13:09:24 witherspoon systemd[1]: Created slice system-start_host.slice.
Jun 22 13:09:24 witherspoon systemd[1]: Created slice system-avsbus\x2dworkaround.slice.
Jun 22 13:09:24 witherspoon systemd[1]: Created slice system-ir35221\x2don\x2dunbind.slice.
Jun 22 13:09:24 witherspoon systemd[1]: Starting power on mode unbind ir35221 device driver devs...
Jun 22 13:09:24 witherspoon systemd[1]: Created slice system-fsi\x2dscan.slice.
Jun 22 13:09:24 witherspoon systemd[1]: Created slice system-fsi\x2dbind.slice.
Jun 22 13:09:24 witherspoon systemd[1]: Created slice system-mapper\x2dsubtree\x2dremove.slice.
Jun 22 13:09:24 witherspoon systemd[1]: Created slice system-phosphor\x2dfan\x2dpresence\x2dtach.slice.
Jun 22 13:09:24 witherspoon systemd[1]: Started Phosphor GPIO checkstop monitor.
Jun 22 13:09:24 witherspoon systemd[1]: Reached target Start Host checkstop monitor.
Jun 22 13:09:25 witherspoon systemd[1]: Starting Wait for /org/openbmc/control/chassis0...
Jun 22 13:09:25 witherspoon systemd[1]: Created slice system-avsbus\x2ddisable.slice.
Jun 22 13:09:25 witherspoon phosphor-hwmon-readd[937]: terminate called after throwing an instance of 'std::experimental::filesystem::v1::__cxx11::filesystem_error'
