Booting Linux on physical CPU 0x0
Linux version 4.7.10-08a5126be4b35613c3d2b6ad5e91400aa87798d9 (leiyu@ubuntu) (gcc version 6.2.0 (GCC) ) #1 Thu Apr 27 10:21:02 CST 2017
CPU: ARM926EJ-S [41069265] revision 5 (ARMv5TEJ), cr=0005317f
CPU: VIVT data cache, VIVT instruction cache
Machine model: Palmetto BMC
Memory policy: Data cache writeback
SOC Rev: 02010303
On node 0 totalpages: 126976
free_area_init_node: node 0, pgdat c071c3fc, node_mem_map dec19000
  Normal zone: 992 pages used for memmap
  Normal zone: 0 pages reserved
  Normal zone: 126976 pages, LIFO batch:31
pcpu-alloc: s0 r0 d32768 u32768 alloc=1*32768
pcpu-alloc: [0] 0 
Built 1 zonelists in Zone order, mobility grouping on.  Total pages: 125984
Kernel command line: console=ttyS4,115200n8 root=/dev/ram rw
PID hash table entries: 2048 (order: 1, 8192 bytes)
Dentry cache hash table entries: 65536 (order: 6, 262144 bytes)
Inode-cache hash table entries: 32768 (order: 5, 131072 bytes)
Memory: 495388K/507904K available (4203K kernel code, 145K rwdata, 832K rodata, 1024K init, 110K bss, 12516K reserved, 0K cma-reserved)
Virtual kernel memory layout:
    vector  : 0xffff0000 - 0xffff1000   (   4 kB)
    fixmap  : 0xffc00000 - 0xfff00000   (3072 kB)
    vmalloc : 0xdf800000 - 0xff800000   ( 512 MB)
    lowmem  : 0xc0000000 - 0xdf000000   ( 496 MB)
      .text : 0xc0008000 - 0xc05ead14   (6028 kB)
      .init : 0xc0600000 - 0xc0700000   (1024 kB)
      .data : 0xc0700000 - 0xc07247c8   ( 146 kB)
       .bss : 0xc07247c8 - 0xc07402e8   ( 111 kB)
NR_IRQS:16 nr_irqs:16 16
clocksource: moxart_timer: mask: 0xffffffff max_cycles: 0xffffffff, max_idle_ns: 39817925974 ns
sched_clock: 32 bits at 100 Hz, resolution 10000000ns, wraps every 21474836475000000ns
Calibrating delay loop... 190.87 BogoMIPS (lpj=954368)
pid_max: default: 32768 minimum: 301
Mount-cache hash table entries: 1024 (order: 0, 4096 bytes)
Mountpoint-cache hash table entries: 1024 (order: 0, 4096 bytes)
CPU: Testing write buffer coherency: ok
Setting up static identity map for 0x40100000 - 0x4010003c
devtmpfs: initialized
clocksource: jiffies: mask: 0xffffffff max_cycles: 0xffffffff, max_idle_ns: 19112604462750000 ns
pinctrl core: initialized pinctrl subsystem
NET: Registered protocol family 16
DMA: preallocated 256 KiB pool for atomic coherent allocations
clocksource: Switched to clocksource moxart_timer
NET: Registered protocol family 2
TCP established hash table entries: 4096 (order: 2, 16384 bytes)
TCP bind hash table entries: 4096 (order: 2, 16384 bytes)
TCP: Hash tables configured (established 4096 bind 4096)
UDP hash table entries: 256 (order: 0, 4096 bytes)
UDP-Lite hash table entries: 256 (order: 0, 4096 bytes)
NET: Registered protocol family 1
RPC: Registered named UNIX socket transport module.
RPC: Registered udp transport module.
RPC: Registered tcp transport module.
RPC: Registered tcp NFSv4.1 backchannel transport module.
Trying to unpack rootfs image as initramfs...
Freeing initrd memory: 1552K (dea04000 - deb88000)
futex hash table entries: 256 (order: -1, 3072 bytes)
workingset: timestamp_bits=29 max_order=17 bucket_order=0
squashfs: version 4.0 (2009/01/31) Phillip Lougher
jffs2: version 2.2. (NAND) (SUMMARY)  Â© 2001-2006 Red Hat, Inc.
io scheduler noop registered (default)
GPIO line 312 (func_mode0) hogged as output/low
GPIO line 313 (func_mode1) hogged as output/low
GPIO line 314 (func_mode2) hogged as output/low
GPIO line 292 (A0) hogged as input
GPIO line 293 (A1) hogged as output/high
GPIO line 301 (B1) hogged as output/high
GPIO line 302 (B2) hogged as output/high
GPIO line 307 (B7) hogged as output/high
GPIO line 317 (D1) hogged as output/high
GPIO line 333 (F1) hogged as input
GPIO line 336 (F4) hogged as input
GPIO line 337 (F5) hogged as input
GPIO line 339 (F7) hogged as output/high
GPIO line 343 (G3) hogged as output/high
GPIO line 344 (G4) hogged as input
GPIO line 345 (G5) hogged as input
GPIO line 348 (H0) hogged as input
GPIO line 349 (H1) hogged as input
GPIO line 350 (H2) hogged as output/high
GPIO line 354 (H6) hogged as output/high
GPIO line 355 (H7) hogged as output/high
ipmi-bt-host 1e789140.ibt: Found bt bmc device
ipmi-bt-host 1e789140.ibt: Using IRQ 19
Serial: 8250/16550 driver, 6 ports, IRQ sharing enabled
console [ttyS4] disabled
1e784000.serial: ttyS4 at MMIO 0x1e784000 (irq = 20, base_baud = 1500000) is a 16550A
console [ttyS4] enabled
1e787000.vuart: ttyS0 at MMIO 0x1e787000 (irq = 19, base_baud = 1500000) is a 16550A
brd: module loaded
loop: module loaded
aspeed-smc 1e620000.fmc: Using IRQ 22
aspeed-smc 1e620000.fmc: DMA support deactivated.
aspeed-smc 1e620000.fmc: control register changed to: 00000640
platform 1e620000.fmc:flash@0: mx25l25635e (32768 Kbytes)
5 ofpart partitions found on MTD device bmc
Creating 5 MTD partitions on "bmc":
0x000000000000-0x000000060000 : "u-boot"
0x000000060000-0x000000080000 : "u-boot-env"
0x000000080000-0x0000004c0000 : "kernel"
0x0000004c0000-0x000001c00000 : "rofs"
0x000001c00000-0x000002000000 : "rwfs"
aspeed-smc 1e630000.spi: no DMA support.
platform 1e630000.spi:flash: mx25l25635e (32768 Kbytes)
ftgmac100 1e660000.ethernet: Read MAC address 2e:0d:01:b4:ff:c8 from chip
ftgmac100 1e660000.ethernet: Using NCSI interface
ftgmac100 1e660000.ethernet eth0: irq 17, mapped at f0060000
i2c /dev entries driver
i2c_aspeed 1e78a000.i2c: i2c controller registered, irq 21
at24 0-0050: 32768 byte 24c256 EEPROM, writable, 64 bytes/write
rtc-ds1307 0-0068: rtc core: registered ds3231 as rtc0
i2c_aspeed i2c-0: i2c bus 0 registered, irq 243
i2c_aspeed i2c-1: i2c bus 1 registered, irq 244
i2c_aspeed i2c-2: i2c bus 2 registered, irq 245
i2c_aspeed i2c-3: i2c bus 3 registered, irq 246
i2c_aspeed i2c-4: i2c bus 4 registered, irq 247
i2c_aspeed i2c-5: i2c bus 5 registered, irq 248
i2c_aspeed i2c-6: i2c bus 6 registered, irq 249
i2c_aspeed i2c-7: i2c bus 7 registered, irq 250
occ-i2c 3-0050: occ i2c driver ready: i2c addr@0x50
IIC FSI support loaded, ver. 3.2
IIC BOE engine support loaded. ver. 3.0
ip_tables: (C) 2000-2006 Netfilter Core Team
NET: Registered protocol family 10
NET: Registered protocol family 17
rtc-ds1307 0-0068: setting system clock to 2017-05-04 08:55:09 UTC (1493888109)
Freeing unused kernel memory: 1024K (c0600000 - c0700000)
jffs2: notice: (382) jffs2_build_xattr_subsystem: complete building xattr subsystem, 1 of xdatum (0 unchecked, 1 orphan) and 1 of xref (0 dead, 1 orphan) found.
random: systemd: uninitialized urandom read (16 bytes read, 7 bits of entropy available)
systemd[1]: systemd 232 running in system mode. (+PAM -AUDIT -SELINUX -IMA -APPARMOR -SMACK +SYSVINIT -UTMP -LIBCRYPTSETUP -GCRYPT -GNUTLS +ACL +XZ -LZ4 -SECCOMP +BLKID -ELFUTILS +KMOD -IDN)
systemd[1]: Detected architecture arm.
systemd[1]: Set hostname to <palm303>.
random: systemd: uninitialized urandom read (16 bytes read, 7 bits of entropy available)
random: systemd-sysv-ge: uninitialized urandom read (16 bytes read, 8 bits of entropy available)
random: systemd: uninitialized urandom read (16 bytes read, 8 bits of entropy available)
random: systemd: uninitialized urandom read (16 bytes read, 8 bits of entropy available)
random: systemd: uninitialized urandom read (16 bytes read, 8 bits of entropy available)
random: systemd: uninitialized urandom read (16 bytes read, 8 bits of entropy available)
random: systemd: uninitialized urandom read (16 bytes read, 8 bits of entropy available)
random: systemd: uninitialized urandom read (16 bytes read, 8 bits of entropy available)
random: systemd: uninitialized urandom read (16 bytes read, 8 bits of entropy available)
systemd[1]: Listening on udev Control Socket.
systemd[1]: Listening on Journal Socket (/dev/log).
systemd[1]: Reached target Remote File Systems.
systemd[1]: Listening on Journal Socket.
systemd[1]: Listening on udev Kernel Socket.
systemd[1]: Listening on Syslog Socket.
systemd[1]: Started Forward Password Requests to Wall Directory Watch.
systemd[1]: Started Dispatch Password Requests to Console Directory Watch.
systemd[1]: Reached target Paths.
systemd[1]: Reached target Swap.
systemd[1]: Listening on /dev/initctl Compatibility Named Pipe.
systemd[1]: Listening on Network Service Netlink Socket.
systemd[1]: Created slice System Slice.
systemd[1]: Created slice system-org.openbmc.buttons.Power.slice.
systemd[1]: Created slice system-org.openbmc.control.Power.slice.
systemd[1]: Mounting Debug File System...
systemd[1]: dev-hugepages.mount: Couldn't determine result for ConditionVirtualization=!private-users, assuming failed: No such file or directory
systemd[1]: Created slice system-op\x2dreset\x2dpgood\x2dcheck.slice.
systemd[1]: Created slice system-org.openbmc.control.Chassis.slice.
systemd[1]: Created slice system-op\x2dreset\x2dchassis\x2don.slice.
systemd[1]: Created slice system-obmc\x2dconsole.slice.
systemd[1]: Created slice system-obmc\x2dled\x2dgroup\x2dstart.slice.
systemd[1]: Mounting Temporary Directory...
systemd[1]: Created slice system-serial\x2dgetty.slice.
systemd[1]: Created slice system-org.openbmc.watchdog.Host.slice.
systemd[1]: Created slice system-op\x2dreset\x2dset\x2dpower\x2don.slice.
systemd[1]: Created slice system-org.openbmc.control.Bmc.slice.
systemd[1]: Starting Remount Root and Kernel File Systems...
systemd[1]: Reached target Slices.
systemd[1]: Created slice system-mapper\x2dwait.slice.
systemd[1]: Created slice system-op\x2dreset\x2dhost\x2drunning.slice.
systemd[1]: Created slice system-org.openbmc.control.Host.slice.
systemd[1]: Created slice system-op\x2dreset\x2dhost\x2dcheck.slice.
systemd[1]: Starting Journal Service...
systemd[1]: Starting udev Coldplug all Devices...
systemd[1]: Created slice system-org.openbmc.control.Checkstop.slice.
systemd[1]: Starting Apply Kernel Variables...
systemd[1]: Created slice system-getty.slice.
systemd[1]: Mounted Debug File System.
systemd[1]: Mounted Temporary Directory.
systemd[1]: Started Remount Root and Kernel File Systems.
systemd[1]: Starting Create Static Device Nodes in /dev...
systemd[1]: Started Apply Kernel Variables.
systemd[1]: Started Create Static Device Nodes in /dev.
systemd[1]: Reached target Local File Systems (Pre).
systemd[1]: Mounting /var/volatile...
systemd[1]: Starting udev Kernel Device Manager...
systemd[1]: Mounted /var/volatile.
systemd[1]: Starting Load/Save Random Seed...
systemd[1]: Reached target Local File Systems.
systemd[1]: Started Journal Service.
systemd-journald[412]: Received request to flush runtime journal from PID 1
ftgmac100 1e660000.ethernet eth0: NCSI interface up
random: nonblocking pool is initialized
ftgmac100 1e660000.ethernet eth0: NCSI interface down
ftgmac100 1e660000.ethernet eth0: NCSI interface up
ftgmac100 1e660000.ethernet eth0: NCSI interface down
ftgmac100 1e660000.ethernet eth0: NCSI interface up
ftgmac100 1e660000.ethernet eth0: NCSI interface down
ftgmac100 1e660000.ethernet eth0: NCSI interface up
ftgmac100 1e660000.ethernet eth0: NCSI interface down
ftgmac100 1e660000.ethernet eth0: NCSI interface up
