-- Logs begin at Mon 2017-07-31 14:39:41 UTC, end at Mon 2017-07-31 15:01:52 UTC. --
Jul 31 14:39:41 witherspoon kernel: Booting Linux on physical CPU 0x0
Jul 31 14:39:41 witherspoon kernel: Linux version 4.10.17-44f0dc8ac43162c4f7082884d6cd79400341bf5b (jenkins@openbmc-builder1) (gcc version 6.2.0 (GCC) ) #1 Mon Jul 31 14:25:07 UTC 2017
Jul 31 14:39:41 witherspoon kernel: CPU: ARMv6-compatible processor [410fb767] revision 7 (ARMv7), cr=00c5387d
Jul 31 14:39:41 witherspoon kernel: CPU: PIPT / VIPT nonaliasing data cache, VIPT nonaliasing instruction cache
Jul 31 14:39:41 witherspoon kernel: OF: fdt:Machine model: Witherspoon BMC
Jul 31 14:39:41 witherspoon kernel: Memory policy: Data cache writeback
Jul 31 14:39:41 witherspoon kernel: SOC Rev: 04030303
Jul 31 14:39:41 witherspoon kernel: On node 0 totalpages: 110592
Jul 31 14:39:41 witherspoon kernel: free_area_init_node: node 0, pgdat 805ff5e4, node_mem_map 9ec1a000
Jul 31 14:39:41 witherspoon kernel:   Normal zone: 992 pages used for memmap
Jul 31 14:39:41 witherspoon kernel:   Normal zone: 0 pages reserved
Jul 31 14:39:41 witherspoon kernel:   Normal zone: 110592 pages, LIFO batch:31
Jul 31 14:39:41 witherspoon kernel: pcpu-alloc: s0 r0 d32768 u32768 alloc=1*32768
Jul 31 14:39:41 witherspoon kernel: pcpu-alloc: [0] 0 
Jul 31 14:39:41 witherspoon kernel: Built 1 zonelists in Zone order, mobility grouping on.  Total pages: 109600
Jul 31 14:39:41 witherspoon kernel: Kernel command line: console=ttyS4,115200n8 root=/dev/ram rw
Jul 31 14:39:41 witherspoon kernel: PID hash table entries: 2048 (order: 1, 8192 bytes)
Jul 31 14:39:41 witherspoon kernel: Dentry cache hash table entries: 65536 (order: 6, 262144 bytes)
Jul 31 14:39:41 witherspoon kernel: Inode-cache hash table entries: 32768 (order: 5, 131072 bytes)
Jul 31 14:39:41 witherspoon kernel: Memory: 430440K/442368K available (4065K kernel code, 280K rwdata, 1192K rodata, 284K init, 111K bss, 11928K reserved, 0K cma-reserved)
Jul 31 14:39:41 witherspoon kernel: Virtual kernel memory layout:
                                        vector  : 0xffff0000 - 0xffff1000   (   4 kB)
                                        fixmap  : 0xffc00000 - 0xfff00000   (3072 kB)
                                        vmalloc : 0x9f800000 - 0xff800000   (1536 MB)
                                        lowmem  : 0x80000000 - 0x9f000000   ( 496 MB)
                                          .text : 0x80008000 - 0x804007a0   (4066 kB)
                                          .init : 0x80585000 - 0x805cc000   ( 284 kB)
                                          .data : 0x805cc000 - 0x80612358   ( 281 kB)
                                           .bss : 0x80612358 - 0x8062e1f8   ( 112 kB)
Jul 31 14:39:41 witherspoon kernel: NR_IRQS:16 nr_irqs:16 16
Jul 31 14:39:41 witherspoon kernel: i2c controller registered, irq 16
Jul 31 14:39:41 witherspoon kernel: clocksource: moxart_timer: mask: 0xffffffff max_cycles: 0xffffffff, max_idle_ns: 77222644334 ns
Jul 31 14:39:41 witherspoon kernel: sched_clock: 32 bits at 100 Hz, resolution 10000000ns, wraps every 21474836475000000ns
Jul 31 14:39:41 witherspoon kernel: Calibrating delay loop... 789.70 BogoMIPS (lpj=3948544)
Jul 31 14:39:41 witherspoon kernel: pid_max: default: 32768 minimum: 301
Jul 31 14:39:41 witherspoon kernel: Mount-cache hash table entries: 1024 (order: 0, 4096 bytes)
Jul 31 14:39:41 witherspoon kernel: Mountpoint-cache hash table entries: 1024 (order: 0, 4096 bytes)
Jul 31 14:39:41 witherspoon kernel: CPU: Testing write buffer coherency: ok
Jul 31 14:39:41 witherspoon kernel: ftrace: allocating 14932 entries in 44 pages
Jul 31 14:39:41 witherspoon kernel: Setting up static identity map for 0x80008200 - 0x8000825c
Jul 31 14:39:41 witherspoon kernel: devtmpfs: initialized
Jul 31 14:39:41 witherspoon kernel: clocksource: jiffies: mask: 0xffffffff max_cycles: 0xffffffff, max_idle_ns: 19112604462750000 ns
Jul 31 14:39:41 witherspoon kernel: futex hash table entries: 256 (order: -1, 3072 bytes)
Jul 31 14:39:41 witherspoon kernel: pinctrl core: initialized pinctrl subsystem
Jul 31 14:39:41 witherspoon kernel: NET: Registered protocol family 16
Jul 31 14:39:41 witherspoon kernel: DMA: preallocated 256 KiB pool for atomic coherent allocations
Jul 31 14:39:41 witherspoon kernel: usbcore: registered new interface driver usbfs
Jul 31 14:39:41 witherspoon kernel: usbcore: registered new interface driver hub
Jul 31 14:39:41 witherspoon kernel: usbcore: registered new device driver usb
Jul 31 14:39:41 witherspoon kernel: clocksource: Switched to clocksource moxart_timer
Jul 31 14:39:41 witherspoon kernel: NET: Registered protocol family 2
Jul 31 14:39:41 witherspoon kernel: TCP established hash table entries: 4096 (order: 2, 16384 bytes)
Jul 31 14:39:41 witherspoon kernel: TCP bind hash table entries: 4096 (order: 2, 16384 bytes)
Jul 31 14:39:41 witherspoon kernel: TCP: Hash tables configured (established 4096 bind 4096)
Jul 31 14:39:41 witherspoon kernel: UDP hash table entries: 256 (order: 0, 4096 bytes)
Jul 31 14:39:41 witherspoon kernel: UDP-Lite hash table entries: 256 (order: 0, 4096 bytes)
Jul 31 14:39:41 witherspoon kernel: NET: Registered protocol family 1
Jul 31 14:39:41 witherspoon kernel: Trying to unpack rootfs image as initramfs...
Jul 31 14:39:41 witherspoon kernel: Freeing initrd memory: 1544K
Jul 31 14:39:41 witherspoon kernel: workingset: timestamp_bits=30 max_order=17 bucket_order=0
Jul 31 14:39:41 witherspoon kernel: squashfs: version 4.0 (2009/01/31) Phillip Lougher
Jul 31 14:39:41 witherspoon kernel: jffs2: version 2.2. (SUMMARY)  © 2001-2006 Red Hat, Inc.
Jul 31 14:39:41 witherspoon kernel: Block layer SCSI generic (bsg) driver version 0.4 loaded (major 250)
Jul 31 14:39:41 witherspoon kernel: io scheduler noop registered
Jul 31 14:39:41 witherspoon kernel: io scheduler deadline registered
Jul 31 14:39:41 witherspoon kernel: io scheduler cfq registered (default)
Jul 31 14:39:41 witherspoon kernel: ipmi-bt-host 1e789140.ibt: Found bt bmc device
Jul 31 14:39:41 witherspoon kernel: ipmi-bt-host 1e789140.ibt: Using IRQ 22
Jul 31 14:39:41 witherspoon kernel: Serial: 8250/16550 driver, 6 ports, IRQ sharing enabled
Jul 31 14:39:41 witherspoon kernel: 1e783000.serial: ttyS0 at MMIO 0x1e783000 (irq = 23, base_baud = 1500000) is a 16550A
Jul 31 14:39:41 witherspoon kernel: 1e78d000.serial: ttyS1 at MMIO 0x1e78d000 (irq = 24, base_baud = 1500000) is a 16550A
Jul 31 14:39:41 witherspoon kernel: 1e784000.serial: ttyS4 at MMIO 0x1e784000 (irq = 25, base_baud = 1500000) is a 16550A
Jul 31 14:39:41 witherspoon kernel: console [ttyS4] enabled
Jul 31 14:39:41 witherspoon kernel: 1e787000.vuart: ttyS2 at MMIO 0x1e787000 (irq = 22, base_baud = 1500000) is a 16550A
Jul 31 14:39:41 witherspoon kernel: timeriomem_rng 1e6e2078.hwrng: 32bits from 0xf00e2078 @ 1us
Jul 31 14:39:41 witherspoon kernel: random: fast init done
Jul 31 14:39:41 witherspoon kernel: brd: module loaded
Jul 31 14:39:41 witherspoon kernel: random: crng init done
Jul 31 14:39:41 witherspoon kernel: loop: module loaded
Jul 31 14:39:41 witherspoon kernel: aspeed-lpc-ctrl 1e789080.lpc-ctrl: Loaded at 0x98000000 (0x04000000)
Jul 31 14:39:41 witherspoon kernel: aspeed-smc 1e620000.flash-controller: Using IRQ 18
Jul 31 14:39:41 witherspoon kernel: aspeed-smc 1e620000.flash-controller: DMA support disabled.
Jul 31 14:39:41 witherspoon kernel: aspeed-smc 1e620000.flash-controller: mx25l25635e (32768 Kbytes)
Jul 31 14:39:41 witherspoon kernel: aspeed-smc 1e620000.flash-controller: CE0 window [ 0x20000000 - 0x22000000 ] 32MB
Jul 31 14:39:41 witherspoon kernel: aspeed-smc 1e620000.flash-controller: CE1 window [ 0x22000000 - 0x2a000000 ] 128MB
Jul 31 14:39:41 witherspoon kernel: 5 ofpart partitions found on MTD device bmc
Jul 31 14:39:41 witherspoon kernel: Creating 5 MTD partitions on "bmc":
Jul 31 14:39:41 witherspoon kernel: 0x000000000000-0x000000060000 : "u-boot"
Jul 31 14:39:41 witherspoon kernel: 0x000000060000-0x000000080000 : "u-boot-env"
Jul 31 14:39:41 witherspoon kernel: 0x000000080000-0x0000004c0000 : "kernel"
Jul 31 14:39:41 witherspoon kernel: 0x0000004c0000-0x000001c00000 : "rofs"
Jul 31 14:39:41 witherspoon kernel: 0x000001c00000-0x000002000000 : "rwfs"
Jul 31 14:39:41 witherspoon kernel: aspeed-smc 1e620000.flash-controller: mx25l25635e (32768 Kbytes)
Jul 31 14:39:41 witherspoon kernel: aspeed-smc 1e620000.flash-controller: CE1 window [ 0x22000000 - 0x24000000 ] 32MB
Jul 31 14:39:41 witherspoon kernel: aspeed-smc 1e620000.flash-controller: CE2 window [ 0x24000000 - 0x2c000000 ] 128MB
Jul 31 14:39:41 witherspoon kernel: aspeed-smc 1e630000.flash-controller: mx66l1g45g (131072 Kbytes)
Jul 31 14:39:41 witherspoon kernel: aspeed-smc 1e630000.flash-controller: CE0 window resized to 120MB (AST2500 HW quirk)
Jul 31 14:39:41 witherspoon kernel: aspeed-smc 1e630000.flash-controller: CE0 window [ 0x30000000 - 0x37800000 ] 120MB
Jul 31 14:39:41 witherspoon kernel: aspeed-smc 1e630000.flash-controller: CE0 window too small for chip 128MB
Jul 31 14:39:41 witherspoon kernel: aspeed-smc 1e630000.flash-controller: CE1 window [ 0x37800000 - 0x38000000 ] 8MB
Jul 31 14:39:41 witherspoon kernel: libphy: Fixed MDIO Bus: probed
Jul 31 14:39:41 witherspoon kernel: ftgmac100 1e660000.ethernet: Read MAC address 70:e2:84:14:28:a9 from chip
Jul 31 14:39:41 witherspoon kernel: ftgmac100 1e660000.ethernet: Using NCSI interface
Jul 31 14:39:41 witherspoon kernel: ftgmac100 1e660000.ethernet eth0: irq 20, mapped at f0060000
Jul 31 14:39:41 witherspoon kernel: ehci_hcd: USB 2.0 'Enhanced' Host Controller (EHCI) Driver
Jul 31 14:39:41 witherspoon kernel: ehci-platform: EHCI generic platform driver
Jul 31 14:39:41 witherspoon kernel:  fsi0: can't read slave 00:00 -5
Jul 31 14:39:41 witherspoon kernel: i2c /dev entries driver
Jul 31 14:39:41 witherspoon kernel: aspeed-i2c-bus 1e78a0c0.i2c-bus: i2c bus 2 registered, irq 26
Jul 31 14:39:41 witherspoon kernel: aspeed-i2c-bus 1e78a100.i2c-bus: i2c bus 3 registered, irq 27
Jul 31 14:39:41 witherspoon kernel: aspeed-i2c-bus 1e78a140.i2c-bus: i2c bus 4 registered, irq 28
Jul 31 14:39:41 witherspoon kernel: aspeed-i2c-bus 1e78a180.i2c-bus: i2c bus 5 registered, irq 29
Jul 31 14:39:41 witherspoon kernel: aspeed-i2c-bus 1e78a380.i2c-bus: i2c bus 9 registered, irq 30
Jul 31 14:39:41 witherspoon kernel: aspeed-i2c-bus 1e78a3c0.i2c-bus: i2c bus 10 registered, irq 31
Jul 31 14:39:41 witherspoon kernel: rtc-rv8803 11-0032: Voltage low, temperature compensation stopped.
Jul 31 14:39:41 witherspoon kernel: rtc-rv8803 11-0032: rtc core: registered rx8900 as rtc0
Jul 31 14:39:41 witherspoon kernel: at24 11-0051: 8192 byte 24c64 EEPROM, writable, 1 bytes/write
Jul 31 14:39:41 witherspoon kernel: aspeed-i2c-bus 1e78a400.i2c-bus: i2c bus 11 registered, irq 32
Jul 31 14:39:41 witherspoon kernel: aspeed-i2c-bus 1e78a440.i2c-bus: i2c bus 12 registered, irq 33
Jul 31 14:39:41 witherspoon kernel: aspeed-i2c-bus 1e78a480.i2c-bus: i2c bus 13 registered, irq 34
Jul 31 14:39:41 witherspoon kernel: Driver for 1-wire Dallas network protocol.
Jul 31 14:39:41 witherspoon kernel: lm75 9-004a: hwmon0: sensor 'tmp275'
Jul 31 14:39:41 witherspoon kernel: ucd9000 11-0064: Device ID UCD90160|2.3.4.0000|110603
Jul 31 14:39:41 witherspoon kernel: leds-pca955x 3-0060: leds-pca955x: Using pca9552 16-bit LED driver at slave address 0x60
Jul 31 14:39:41 witherspoon kernel: leds-pca955x 11-0060: leds-pca955x: Using pca9552 16-bit LED driver at slave address 0x60
Jul 31 14:39:41 witherspoon kernel: leds-pca955x 11-0060: gpios 264...279
Jul 31 14:39:41 witherspoon kernel: usbcore: registered new interface driver usbhid
Jul 31 14:39:41 witherspoon kernel: usbhid: USB HID core driver
Jul 31 14:39:41 witherspoon kernel: dps310 3-0076: iio:device1: sensor 'dps310'
Jul 31 14:39:41 witherspoon kernel: NET: Registered protocol family 10
Jul 31 14:39:41 witherspoon kernel: Segment Routing with IPv6
Jul 31 14:39:41 witherspoon kernel: NET: Registered protocol family 17
Jul 31 14:39:41 witherspoon kernel: 8021q: 802.1Q VLAN Support v1.8
Jul 31 14:39:41 witherspoon kernel: console [netcon0] enabled
Jul 31 14:39:41 witherspoon kernel: netconsole: network logging started
Jul 31 14:39:41 witherspoon kernel: input: gpio-keys as /devices/platform/gpio-keys/input/input0
Jul 31 14:39:41 witherspoon kernel: rtc-rv8803 11-0032: setting system clock to 2017-07-31 14:39:27 UTC (1501511967)
Jul 31 14:39:41 witherspoon kernel: Freeing unused kernel memory: 284K
Jul 31 14:39:41 witherspoon kernel: This architecture does not have kernel memory protection.
Jul 31 14:39:41 witherspoon kernel: jffs2: notice: (526) jffs2_build_xattr_subsystem: complete building xattr subsystem, 0 of xdatum (0 unchecked, 0 orphan) and 0 of xref (0 dead, 0 orphan) found.
Jul 31 14:39:41 witherspoon systemd[1]: Failed to insert module 'autofs4': No such file or directory
Jul 31 14:39:41 witherspoon systemd[1]: systemd 232 running in system mode. (+PAM -AUDIT -SELINUX -IMA -APPARMOR -SMACK +SYSVINIT -UTMP -LIBCRYPTSETUP -GCRYPT -GNUTLS +ACL +XZ -LZ4 -SECCOMP +BLKID -ELFUTILS +KMOD -IDN)
Jul 31 14:39:41 witherspoon systemd[1]: Detected architecture arm.
Jul 31 14:39:41 witherspoon systemd[1]: Set hostname to <witherspoon>.
Jul 31 14:39:41 witherspoon systemd[1]: Listening on Journal Socket (/dev/log).
Jul 31 14:39:41 witherspoon systemd[1]: Listening on Syslog Socket.
Jul 31 14:39:41 witherspoon systemd[1]: Reached target Swap.
Jul 31 14:39:41 witherspoon systemd[1]: Started Forward Password Requests to Wall Directory Watch.
Jul 31 14:39:41 witherspoon systemd[1]: Listening on Network Service Netlink Socket.
Jul 31 14:39:41 witherspoon systemd[1]: Reached target Remote File Systems.
Jul 31 14:39:41 witherspoon systemd[1]: Listening on udev Control Socket.
Jul 31 14:39:41 witherspoon systemd[1]: Mounting Debug File System...
Jul 31 14:39:41 witherspoon systemd[1]: Created slice system-phosphor\x2ddiscover\x2dsystem\x2dstate.slice.
Jul 31 14:39:41 witherspoon systemd[1]: Created slice system-phosphor\x2dreset\x2dhost\x2drunning.slice.
Jul 31 14:39:41 witherspoon systemd[1]: Starting udev Coldplug all Devices...
Jul 31 14:39:41 witherspoon systemd[1]: Starting Apply Kernel Variables...
Jul 31 14:39:41 witherspoon systemd[1]: Reached target Slices.
Jul 31 14:39:41 witherspoon systemd[1]: dev-hugepages.mount: Couldn't determine result for ConditionVirtualization=!private-users, assuming failed: No such file or directory
Jul 31 14:39:41 witherspoon systemd[1]: Created slice system-phosphor\x2dcooling\x2dtype.slice.
Jul 31 14:39:41 witherspoon systemd[1]: Created slice system-org.openbmc.control.Bmc.slice.
Jul 31 14:39:41 witherspoon systemd[1]: Mounting Temporary Directory...
Jul 31 14:39:41 witherspoon systemd[1]: Created slice system-org.openbmc.buttons.reset.slice.
Jul 31 14:39:41 witherspoon systemd-journald[659]: Journal started
Jul 31 14:39:41 witherspoon systemd-journald[659]: Runtime journal (/run/log/journal/12c6a00ebfdd479284cf09f39d1bc042) is 0B, max 0B, 0B free.
Jul 31 14:39:41 witherspoon systemd-sysctl[548]: Couldn't write '16' to 'kernel/sysrq', ignoring: No such file or directory
Jul 31 14:39:41 witherspoon systemd-sysctl[548]: Couldn't write 'fq_codel' to 'net/core/default_qdisc', ignoring: No such file or directory
Jul 31 14:39:42 witherspoon systemd[1]: Created slice system-org.openbmc.control.Chassis.slice.
Jul 31 14:39:42 witherspoon systemd[1]: Mounted Debug File System.
Jul 31 14:39:43 witherspoon systemd[1]: Mounted Temporary Directory.
Jul 31 14:39:43 witherspoon systemd[1]: Started Journal Service.
Jul 31 14:39:43 witherspoon systemd[1]: Started Apply Kernel Variables.
Jul 31 14:39:43 witherspoon systemd[1]: Started Remount Root and Kernel File Systems.
Jul 31 14:39:44 witherspoon systemd[1]: Starting Create System Users...
Jul 31 14:39:44 witherspoon systemd[1]: Starting Flush Journal to Persistent Storage...
Jul 31 14:39:44 witherspoon systemd[1]: Started udev Coldplug all Devices.
Jul 31 14:39:44 witherspoon systemd-journald[659]: Runtime journal (/run/log/journal/12c6a00ebfdd479284cf09f39d1bc042) is 0B, max 0B, 0B free.
Jul 31 14:39:44 witherspoon systemd[1]: Started Flush Journal to Persistent Storage.
Jul 31 14:39:45 witherspoon systemd[1]: Started Create System Users.
Jul 31 14:39:45 witherspoon systemd[1]: Starting Create Static Device Nodes in /dev...
Jul 31 14:39:45 witherspoon systemd[1]: Started Create Static Device Nodes in /dev.
Jul 31 14:39:45 witherspoon systemd[1]: Starting udev Kernel Device Manager...
Jul 31 14:39:45 witherspoon systemd[1]: Reached target Local File Systems (Pre).
Jul 31 14:39:45 witherspoon systemd[1]: Mounting /var/volatile...
Jul 31 14:39:45 witherspoon systemd[1]: Mounted /var/volatile.
Jul 31 14:39:45 witherspoon systemd[1]: Reached target Local File Systems.
Jul 31 14:39:45 witherspoon systemd[1]: Starting Rebuild Journal Catalog...
Jul 31 14:39:45 witherspoon systemd[1]: Starting Create Volatile Files and Directories...
Jul 31 14:39:45 witherspoon systemd[1]: Starting Load/Save Random Seed...
Jul 31 14:39:46 witherspoon systemd-tmpfiles[898]: "/var/tmp" already exists and is not a directory.
Jul 31 14:39:46 witherspoon systemd-tmpfiles[898]: "/var/log" already exists and is not a directory.
Jul 31 14:39:46 witherspoon systemd[1]: Started Rebuild Journal Catalog.
Jul 31 14:39:46 witherspoon systemd[1]: Started Create Volatile Files and Directories.
Jul 31 14:39:46 witherspoon systemd[1]: Started Load/Save Random Seed.
Jul 31 14:39:46 witherspoon systemd[1]: Started udev Kernel Device Manager.
Jul 31 14:39:46 witherspoon systemd[1]: Starting Run pending postinsts...
Jul 31 14:39:46 witherspoon systemd[1]: Starting Network Time Synchronization...
Jul 31 14:39:46 witherspoon systemd[1]: Starting Update is Completed...
Jul 31 14:39:47 witherspoon systemd[1]: Started Network Time Synchronization.
Jul 31 14:39:47 witherspoon systemd[1]: Started Update is Completed.
Jul 31 14:39:47 witherspoon systemd[1]: Reached target System Time Synchronized.
Jul 31 14:39:48 witherspoon systemd[1]: Found device /dev/aspeed-lpc-ctrl.
Jul 31 14:39:48 witherspoon systemd[1]: Found device /dev/aspeed-mbox.
Jul 31 14:39:48 witherspoon systemd[1]: Found device /dev/ttyS4.
Jul 31 14:39:48 witherspoon systemd[1]: Found device /dev/ttyVUART0.
Jul 31 14:39:48 witherspoon systemd[1]: Created slice system-xyz.openbmc_project.Hwmon.slice.
Jul 31 14:39:48 witherspoon systemd[1]: dev-hugepages.mount: Couldn't determine result for ConditionVirtualization=!private-users, assuming failed: No such file or directory
Jul 31 14:39:50 witherspoon systemd[1]: Created slice system-xyz.openbmc_project.led.controller.slice.
Jul 31 14:39:50 witherspoon systemd[1]: dev-hugepages.mount: Couldn't determine result for ConditionVirtualization=!private-users, assuming failed: No such file or directory
Jul 31 14:39:50 witherspoon run-postinsts[913]: Running postinst /etc/rpm-postinsts/libglib-2.0-0...
Jul 31 14:39:50 witherspoon run-postinsts[913]: rm: can't remove '/etc/rpm-postinsts': Invalid argument
Jul 31 14:39:51 witherspoon run-postinsts[913]:  Removing any system startup links for run-postinsts ...
Jul 31 14:39:51 witherspoon systemctl[935]: Removed /etc/systemd/system/sysinit.target.wants/run-postinsts.service.
Jul 31 14:39:51 witherspoon systemd[1]: Reloading.
Jul 31 14:39:53 witherspoon systemd[1]: Started Run pending postinsts.
Jul 31 14:39:53 witherspoon systemd[1]: Reached target System Initialization.
Jul 31 14:39:53 witherspoon systemd[1]: Listening on D-Bus System Message Bus Socket.
Jul 31 14:39:53 witherspoon systemd[1]: Listening on Avahi mDNS/DNS-SD Stack Activation Socket.
Jul 31 14:39:53 witherspoon systemd[1]: Listening on Phosphor Host Console SSH Per-Connection socket.
Jul 31 14:39:53 witherspoon systemd[1]: Listening on Phosphor DBUS Browser socket.
Jul 31 14:39:53 witherspoon systemd[1]: Listening on Phosphor Webserver socket.
Jul 31 14:39:54 witherspoon systemd[1]: Listening on dropbear.socket.
Jul 31 14:39:54 witherspoon systemd[1]: Listening on phosphor-ipmi-net.socket.
Jul 31 14:39:54 witherspoon systemd[1]: Reached target Sockets.
Jul 31 14:39:54 witherspoon systemd[1]: Started Daily Cleanup of Temporary Directories.
Jul 31 14:39:54 witherspoon systemd[1]: Reached target Timers.
Jul 31 14:39:54 witherspoon systemd[1]: Reached target Basic System.
Jul 31 14:39:54 witherspoon systemd[1]: Starting Phosphor LED Group Management Daemon...
Jul 31 14:39:54 witherspoon systemd[1]: Starting Phosphor User Manager...
Jul 31 14:39:54 witherspoon systemd[1]: Starting Phosphor Network Manager...
Jul 31 14:39:54 witherspoon systemd[1]: Starting Phosphor Inventory Manager...
Jul 31 14:39:54 witherspoon systemd[1]: Started Phosphor sysfs LED controller.
Jul 31 14:39:54 witherspoon systemd[1]: Reached target Containers.
Jul 31 14:39:54 witherspoon systemd[1]: Started Phosphor sysfs LED controller.
Jul 31 14:39:54 witherspoon systemd[1]: Started D-Bus System Message Bus.
Jul 31 14:39:56 witherspoon systemd[1]: Starting Network Service...
Jul 31 14:39:56 witherspoon systemd[1]: Starting Clear one time boot overrides...
Jul 31 14:39:56 witherspoon systemd-networkd[954]: Could not create runtime directory: File exists
Jul 31 14:39:56 witherspoon systemd-networkd[954]: Could not create runtime directory 'links': File exists
Jul 31 14:39:56 witherspoon systemd-networkd[954]: Could not create runtime directory 'leases': File exists
Jul 31 14:39:57 witherspoon systemd[1]: Started Phosphor sysfs LED controller.
Jul 31 14:39:57 witherspoon systemd[1]: Started Phosphor Dump core monitor..
Jul 31 14:39:57 witherspoon systemd[1]: Started Kernel Logging Service.
Jul 31 14:39:57 witherspoon systemd[1]: Starting Phosphor IPMI BT DBus Bridge...
Jul 31 14:39:57 witherspoon systemd[1]: Started Phosphor sysfs LED controller.
Jul 31 14:39:57 witherspoon systemd[1]: Started Hardware RNG Entropy Gatherer Daemon.
Jul 31 14:39:57 witherspoon systemd[1]: Started Phosphor sysfs LED controller.
Jul 31 14:39:57 witherspoon systemd[1]: Starting Phosphor Dump Manager...
Jul 31 14:39:57 witherspoon systemd[1]: Started Phosphor sysfs LED controller.
Jul 31 14:39:57 witherspoon systemd[1]: Starting Phosphor Log Manager...
Jul 31 14:39:57 witherspoon systemd[1]: Starting OpenBMC Software Update Manager...
Jul 31 14:39:57 witherspoon systemd[1]: Started Phosphor sysfs LED controller.
Jul 31 14:39:57 witherspoon systemd[1]: Started Phosphor sysfs LED controller.
Jul 31 14:39:57 witherspoon systemd[1]: Starting OpenPower Software Update Manager...
Jul 31 14:39:57 witherspoon systemd[1]: Starting Phosphor Sensor Manager...
Jul 31 14:39:57 witherspoon systemd[1]: Starting Phosphor BMC0 Control...
Jul 31 14:39:57 witherspoon systemd[1]: Starting Phosphor Download Manager...
Jul 31 14:39:57 witherspoon systemd[1]: Started Phosphor Console Muxer listening on device /dev/ttyVUART0.
Jul 31 14:39:58 witherspoon systemd[1]: Started Phosphor sysfs LED controller.
Jul 31 14:39:58 witherspoon systemd[1]: Started System Logging Service.
Jul 31 14:39:58 witherspoon systemd[1]: Starting Phosphor Chassis0 Control...
Jul 31 14:40:00 witherspoon kernel[959]: klogd started: BusyBox v1.24.1 (2017-06-16 19:29:08 UTC)
Jul 31 14:40:00 witherspoon kernel[959]: [    0.000000] Booting Linux on physical CPU 0x0
Jul 31 14:40:00 witherspoon kernel[959]: [    0.000000] Linux version 4.10.17-44f0dc8ac43162c4f7082884d6cd79400341bf5b (jenkins@openbmc-builder1) (gcc version 6.2.0 (GCC) ) #1 Mon Jul 31 14:25:07 UTC 2017
Jul 31 14:40:00 witherspoon kernel[959]: [    0.000000] CPU: ARMv6-compatible processor [410fb767] revision 7 (ARMv7), cr=00c5387d
Jul 31 14:40:00 witherspoon kernel[959]: [    0.000000] CPU: PIPT / VIPT nonaliasing data cache, VIPT nonaliasing instruction cache
Jul 31 14:40:00 witherspoon kernel[959]: [    0.000000] OF: fdt:Machine model: Witherspoon BMC
Jul 31 14:40:00 witherspoon systemd[1]: Starting Phosphor DBus Service Discovery Manager...
Jul 31 14:40:00 witherspoon systemd[1]: Starting Phosphor Settings Daemon...
Jul 31 14:40:00 witherspoon systemd[1]: Started Phosphor MBOX Daemon.
Jul 31 14:40:00 witherspoon kernel[959]: [    0.000000] Memory policy: Data cache writeback
Jul 31 14:40:00 witherspoon kernel[959]: [    0.000000] SOC Rev: 04030303
Jul 31 14:40:00 witherspoon kernel[959]: [    0.000000] On node 0 totalpages: 110592
Jul 31 14:40:00 witherspoon kernel[959]: [    0.000000] free_area_init_node: node 0, pgdat 805ff5e4, node_mem_map 9ec1a000
Jul 31 14:40:00 witherspoon kernel[959]: [    0.000000]   Normal zone: 992 pages used for memmap
Jul 31 14:40:00 witherspoon kernel[959]: [    0.000000]   Normal zone: 0 pages reserved
Jul 31 14:40:00 witherspoon kernel[959]: [    0.000000]   Normal zone: 110592 pages, LIFO batch:31
Jul 31 14:40:00 witherspoon kernel[959]: [    0.000000] pcpu-alloc: s0 r0 d32768 u32768 alloc=1*32768
Jul 31 14:40:00 witherspoon kernel[959]: [    0.000000] pcpu-alloc: [0] 0
Jul 31 14:40:00 witherspoon kernel[959]: [    0.000000] Built 1 zonelists in Zone order, mobility grouping on.  Total pages: 109600
Jul 31 14:40:00 witherspoon kernel[959]: [    0.000000] Kernel command line: console=ttyS4,115200n8 root=/dev/ram rw
Jul 31 14:40:00 witherspoon kernel[959]: [    0.000000] PID hash table entries: 2048 (order: 1, 8192 bytes)
Jul 31 14:40:00 witherspoon kernel[959]: [    0.000000] Dentry cache hash table entries: 65536 (order: 6, 262144 bytes)
Jul 31 14:40:00 witherspoon kernel[959]: [    0.000000] Inode-cache hash table entries: 32768 (order: 5, 131072 bytes)
Jul 31 14:40:00 witherspoon kernel[959]: [    0.000000] Memory: 430440K/442368K available (4065K kernel code, 280K rwdata, 1192K rodata, 284K init, 111K bss, 11928K reserved, 0K cma-reserved)
Jul 31 14:40:00 witherspoon kernel[959]: [    0.000000] Virtual kernel memory layout:
Jul 31 14:40:00 witherspoon kernel[959]: [    0.000000]     vector  : 0xffff0000 - 0xffff1000   (   4 kB)
Jul 31 14:40:00 witherspoon kernel[959]: [    0.000000]     fixmap  : 0xffc00000 - 0xfff00000   (3072 kB)
Jul 31 14:40:00 witherspoon kernel[959]: [    0.000000]     vmalloc : 0x9f800000 - 0xff800000   (1536 MB)
Jul 31 14:40:00 witherspoon kernel[959]: [    0.000000]     lowmem  : 0x80000000 - 0x9f000000   ( 496 MB)
Jul 31 14:40:00 witherspoon kernel[959]: [    0.000000]       .text : 0x80008000 - 0x804007a0   (4066 kB)
Jul 31 14:40:00 witherspoon kernel[959]: [    0.000000]       .init : 0x80585000 - 0x805cc000   ( 284 kB)
Jul 31 14:40:00 witherspoon kernel[959]: [    0.000000]       .data : 0x805cc000 - 0x80612358   ( 281 kB)
Jul 31 14:40:00 witherspoon kernel[959]: [    0.000000]        .bss : 0x80612358 - 0x8062e1f8   ( 112 kB)
Jul 31 14:40:00 witherspoon kernel[959]: [    0.000000] NR_IRQS:16 nr_irqs:16 16
Jul 31 14:40:00 witherspoon kernel[959]: [    0.000000] i2c controller registered, irq 16
Jul 31 14:40:00 witherspoon kernel[959]: [    0.000000] clocksource: moxart_timer: mask: 0xffffffff max_cycles: 0xffffffff, max_idle_ns: 77222644334 ns
Jul 31 14:40:00 witherspoon kernel[959]: [    0.000000] sched_clock: 32 bits at 100 Hz, resolution 10000000ns, wraps every 21474836475000000ns
Jul 31 14:40:00 witherspoon kernel[959]: [    0.090000] Calibrating delay loop... 789.70 BogoMIPS (lpj=3948544)
Jul 31 14:40:00 witherspoon kernel[959]: [    0.090000] pid_max: default: 32768 minimum: 301
Jul 31 14:40:00 witherspoon kernel[959]: [    0.090000] Mount-cache hash table entries: 1024 (order: 0, 4096 bytes)
Jul 31 14:40:00 witherspoon kernel[959]: [    0.090000] Mountpoint-cache hash table entries: 1024 (order: 0, 4096 bytes)
Jul 31 14:40:00 witherspoon kernel[959]: [    0.090000] CPU: Testing write buffer coherency: ok
Jul 31 14:40:00 witherspoon kernel[959]: [    0.090000] ftrace: allocating 14932 entries in 44 pages
Jul 31 14:40:00 witherspoon kernel[959]: [    0.120000] Setting up static identity map for 0x80008200 - 0x8000825c
Jul 31 14:40:00 witherspoon kernel[959]: [    0.120000] devtmpfs: initialized
Jul 31 14:40:00 witherspoon kernel[959]: [    0.140000] clocksource: jiffies: mask: 0xffffffff max_cycles: 0xffffffff, max_idle_ns: 19112604462750000 ns
Jul 31 14:40:00 witherspoon kernel[959]: [    0.140000] futex hash table entries: 256 (order: -1, 3072 bytes)
Jul 31 14:40:00 witherspoon kernel[959]: [    0.140000] pinctrl core: initialized pinctrl subsystem
Jul 31 14:40:00 witherspoon kernel[959]: [    0.140000] NET: Registered protocol family 16
Jul 31 14:40:00 witherspoon kernel[959]: [    0.140000] DMA: preallocated 256 KiB pool for atomic coherent allocations
Jul 31 14:40:00 witherspoon kernel[959]: [    0.210000] usbcore: registered new interface driver usbfs
Jul 31 14:40:00 witherspoon kernel[959]: [    0.210000] usbcore: registered new interface driver hub
Jul 31 14:40:00 witherspoon kernel[959]: [    0.210000] usbcore: registered new device driver usb
Jul 31 14:40:00 witherspoon kernel[959]: [    0.220000] clocksource: Switched to clocksource moxart_timer
Jul 31 14:40:00 witherspoon kernel[959]: [    0.240000] NET: Registered protocol family 2
Jul 31 14:40:00 witherspoon kernel[959]: [    0.240000] TCP established hash table entries: 4096 (order: 2, 16384 bytes)
Jul 31 14:40:00 witherspoon kernel[959]: [    0.240000] TCP bind hash table entries: 4096 (order: 2, 16384 bytes)
Jul 31 14:40:00 witherspoon kernel[959]: [    0.240000] TCP: Hash tables configured (established 4096 bind 4096)
Jul 31 14:40:00 witherspoon kernel[959]: [    0.240000] UDP hash table entries: 256 (order: 0, 4096 bytes)
Jul 31 14:40:00 witherspoon kernel[959]: [    0.240000] UDP-Lite hash table entries: 256 (order: 0, 4096 bytes)
Jul 31 14:40:00 witherspoon kernel[959]: [    0.240000] NET: Registered protocol family 1
Jul 31 14:40:00 witherspoon kernel[959]: [    0.240000] Trying to unpack rootfs image as initramfs...
Jul 31 14:40:00 witherspoon kernel[959]: [    1.910000] Freeing initrd memory: 1544K
Jul 31 14:40:00 witherspoon kernel[959]: [    1.910000] workingset: timestamp_bits=30 max_order=17 bucket_order=0
Jul 31 14:40:00 witherspoon kernel[959]: [    1.910000] squashfs: version 4.0 (2009/01/31) Phillip Lougher
Jul 31 14:40:00 witherspoon kernel[959]: [    1.910000] jffs2: version 2.2. (SUMMARY)  © 2001-2006 Red Hat, Inc.
Jul 31 14:40:00 witherspoon kernel[959]: [    1.910000] Block layer SCSI generic (bsg) driver version 0.4 loaded (major 250)
Jul 31 14:40:00 witherspoon kernel[959]: [    1.910000] io scheduler noop registered
Jul 31 14:40:00 witherspoon kernel[959]: [    1.910000] io scheduler deadline registered
Jul 31 14:40:00 witherspoon kernel[959]: [    1.910000] io scheduler cfq registered (default)
Jul 31 14:40:00 witherspoon kernel[959]: [    2.060000] ipmi-bt-host 1e789140.ibt: Found bt bmc device
Jul 31 14:40:00 witherspoon kernel[959]: [    2.060000] ipmi-bt-host 1e789140.ibt: Using IRQ 22
Jul 31 14:40:00 witherspoon kernel[959]: [    2.060000] Serial: 8250/16550 driver, 6 ports, IRQ sharing enabled
Jul 31 14:40:00 witherspoon kernel[959]: [    2.060000] 1e783000.serial: ttyS0 at MMIO 0x1e783000 (irq = 23, base_baud = 1500000) is a 16550A
Jul 31 14:40:00 witherspoon kernel[959]: [    2.060000] 1e78d000.serial: ttyS1 at MMIO 0x1e78d000 (irq = 24, base_baud = 1500000) is a 16550A
Jul 31 14:40:00 witherspoon kernel[959]: [    2.060000] 1e784000.serial: ttyS4 at MMIO 0x1e784000 (irq = 25, base_baud = 1500000) is a 16550A
Jul 31 14:40:00 witherspoon kernel[959]: [    2.410000] console [ttyS4] enabled
Jul 31 14:40:00 witherspoon kernel[959]: [    2.410000] 1e787000.vuart: ttyS2 at MMIO 0x1e787000 (irq = 22, base_baud = 1500000) is a 16550A
Jul 31 14:40:00 witherspoon kernel[959]: [    2.600000] timeriomem_rng 1e6e2078.hwrng: 32bits from 0xf00e2078 @ 1us
Jul 31 14:40:00 witherspoon kernel[959]: [    2.610000] random: fast init done
Jul 31 14:40:00 witherspoon kernel[959]: [    2.650000] brd: module loaded
Jul 31 14:40:00 witherspoon kernel[959]: [    2.680000] random: crng init done
Jul 31 14:40:00 witherspoon kernel[959]: [    2.680000] loop: module loaded
Jul 31 14:40:00 witherspoon kernel[959]: [    2.690000] aspeed-lpc-ctrl 1e789080.lpc-ctrl: Loaded at 0x98000000 (0x04000000)
Jul 31 14:40:00 witherspoon kernel[959]: [    2.700000] aspeed-smc 1e620000.flash-controller: Using IRQ 18
Jul 31 14:40:00 witherspoon kernel[959]: [    2.700000] aspeed-smc 1e620000.flash-controller: DMA support disabled.
Jul 31 14:40:00 witherspoon kernel[959]: [    2.710000] aspeed-smc 1e620000.flash-controller: mx25l25635e (32768 Kbytes)
Jul 31 14:40:00 witherspoon kernel[959]: [    2.710000] aspeed-smc 1e620000.flash-controller: CE0 window [ 0x20000000 - 0x22000000 ] 32MB
Jul 31 14:40:00 witherspoon kernel[959]: [    2.710000] aspeed-smc 1e620000.flash-controller: CE1 window [ 0x22000000 - 0x2a000000 ] 128MB
Jul 31 14:40:00 witherspoon kernel[959]: [    2.740000] 5 ofpart partitions found on MTD device bmc
Jul 31 14:40:00 witherspoon kernel[959]: [    2.740000] Creating 5 MTD partitions on "bmc":
Jul 31 14:40:00 witherspoon kernel[959]: [    2.750000] 0x000000000000-0x000000060000 : "u-boot"
Jul 31 14:40:00 witherspoon kernel[959]: [    2.750000] 0x000000060000-0x000000080000 : "u-boot-env"
Jul 31 14:40:00 witherspoon kernel[959]: [    2.770000] 0x000000080000-0x0000004c0000 : "kernel"
Jul 31 14:40:00 witherspoon kernel[959]: [    2.780000] 0x0000004c0000-0x000001c00000 : "rofs"
Jul 31 14:40:00 witherspoon kernel[959]: [    2.790000] 0x000001c00000-0x000002000000 : "rwfs"
Jul 31 14:40:00 witherspoon kernel[959]: [    2.800000] aspeed-smc 1e620000.flash-controller: mx25l25635e (32768 Kbytes)
Jul 31 14:40:00 witherspoon kernel[959]: [    2.810000] aspeed-smc 1e620000.flash-controller: CE1 window [ 0x22000000 - 0x24000000 ] 32MB
Jul 31 14:40:00 witherspoon kernel[959]: [    2.810000] aspeed-smc 1e620000.flash-controller: CE2 window [ 0x24000000 - 0x2c000000 ] 128MB
Jul 31 14:40:00 witherspoon kernel[959]: [    2.830000] aspeed-smc 1e630000.flash-controller: mx66l1g45g (131072 Kbytes)
Jul 31 14:40:00 witherspoon kernel[959]: [    2.840000] aspeed-smc 1e630000.flash-controller: CE0 window resized to 120MB (AST2500 HW quirk)
Jul 31 14:40:00 witherspoon kernel[959]: [    2.840000] aspeed-smc 1e630000.flash-controller: CE0 window [ 0x30000000 - 0x37800000 ] 120MB
Jul 31 14:40:00 witherspoon kernel[959]: [    2.860000] aspeed-smc 1e630000.flash-controller: CE0 window too small for chip 128MB
Jul 31 14:40:00 witherspoon kernel[959]: [    2.860000] aspeed-smc 1e630000.flash-controller: CE1 window [ 0x37800000 - 0x38000000 ] 8MB
Jul 31 14:40:00 witherspoon kernel[959]: [    3.630000] libphy: Fixed MDIO Bus: probed
Jul 31 14:40:00 witherspoon kernel[959]: [    3.630000] ftgmac100 1e660000.ethernet: Read MAC address 70:e2:84:14:28:a9 from chip
Jul 31 14:40:00 witherspoon kernel[959]: [    3.630000] ftgmac100 1e660000.ethernet: Using NCSI interface
Jul 31 14:40:00 witherspoon kernel[959]: [    3.630000] ftgmac100 1e660000.ethernet eth0: irq 20, mapped at f0060000
Jul 31 14:40:00 witherspoon kernel[959]: [    3.630000] ehci_hcd: USB 2.0 'Enhanced' Host Controller (EHCI) Driver
Jul 31 14:40:00 witherspoon kernel[959]: [    3.630000] ehci-platform: EHCI generic platform driver
Jul 31 14:40:00 witherspoon kernel[959]: [    3.840000]  fsi0: can't read slave 00:00 -5
Jul 31 14:40:00 witherspoon kernel[959]: [    3.840000] i2c /dev entries driver
Jul 31 14:40:00 witherspoon kernel[959]: [    3.840000] aspeed-i2c-bus 1e78a0c0.i2c-bus: i2c bus 2 registered, irq 26
Jul 31 14:40:00 witherspoon kernel[959]: [    3.840000] aspeed-i2c-bus 1e78a100.i2c-bus: i2c bus 3 registered, irq 27
Jul 31 14:40:00 witherspoon kernel[959]: [    3.840000] aspeed-i2c-bus 1e78a140.i2c-bus: i2c bus 4 registered, irq 28
Jul 31 14:40:00 witherspoon kernel[959]: [    3.840000] aspeed-i2c-bus 1e78a180.i2c-bus: i2c bus 5 registered, irq 29
Jul 31 14:40:00 witherspoon kernel[959]: [    3.840000] aspeed-i2c-bus 1e78a380.i2c-bus: i2c bus 9 registered, irq 30
Jul 31 14:40:00 witherspoon kernel[959]: [    3.840000] aspeed-i2c-bus 1e78a3c0.i2c-bus: i2c bus 10 registered, irq 31
Jul 31 14:40:00 witherspoon kernel[959]: [    3.840000] rtc-rv8803 11-0032: Voltage low, temperature compensation stopped.
Jul 31 14:40:00 witherspoon kernel[959]: [    3.940000] rtc-rv8803 11-0032: rtc core: registered rx8900 as rtc0
Jul 31 14:40:00 witherspoon kernel[959]: [    3.950000] at24 11-0051: 8192 byte 24c64 EEPROM, writable, 1 bytes/write
Jul 31 14:40:00 witherspoon kernel[959]: [    3.950000] aspeed-i2c-bus 1e78a400.i2c-bus: i2c bus 11 registered, irq 32
Jul 31 14:40:00 witherspoon kernel[959]: [    3.950000] aspeed-i2c-bus 1e78a440.i2c-bus: i2c bus 12 registered, irq 33
Jul 31 14:40:00 witherspoon kernel[959]: [    3.950000] aspeed-i2c-bus 1e78a480.i2c-bus: i2c bus 13 registered, irq 34
Jul 31 14:40:00 witherspoon kernel[959]: [    3.950000] Driver for 1-wire Dallas network protocol.
Jul 31 14:40:00 witherspoon kernel[959]: [    3.950000] lm75 9-004a: hwmon0: sensor 'tmp275'
Jul 31 14:40:00 witherspoon kernel[959]: [    4.770000] ucd9000 11-0064: Device ID UCD90160|2.3.4.0000|110603
Jul 31 14:40:00 witherspoon kernel[959]: [    5.100000] leds-pca955x 3-0060: leds-pca955x: Using pca9552 16-bit LED driver at slave address 0x60
Jul 31 14:40:00 witherspoon kernel[959]: [    5.120000] leds-pca955x 11-0060: leds-pca955x: Using pca9552 16-bit LED driver at slave address 0x60
Jul 31 14:40:00 witherspoon kernel[959]: [    5.130000] leds-pca955x 11-0060: gpios 264...279
Jul 31 14:40:00 witherspoon kernel[959]: [    5.140000] usbcore: registered new interface driver usbhid
Jul 31 14:40:00 witherspoon kernel[959]: [    5.140000] usbhid: USB HID core driver
Jul 31 14:40:00 witherspoon kernel[959]: [    5.180000] dps310 3-0076: iio:device1: sensor 'dps310'
Jul 31 14:40:00 witherspoon kernel[959]: [    5.180000] NET: Registered protocol family 10
Jul 31 14:40:00 witherspoon kernel[959]: [    5.190000] Segment Routing with IPv6
Jul 31 14:40:00 witherspoon kernel[959]: [    5.190000] NET: Registered protocol family 17
Jul 31 14:40:00 witherspoon kernel[959]: [    5.190000] 8021q: 802.1Q VLAN Support v1.8
Jul 31 14:40:00 witherspoon kernel[959]: [    5.210000] console [netcon0] enabled
Jul 31 14:40:00 witherspoon kernel[959]: [    5.210000] netconsole: network logging started
Jul 31 14:40:00 witherspoon kernel[959]: [    5.210000] input: gpio-keys as /devices/platform/gpio-keys/input/input0
Jul 31 14:40:00 witherspoon kernel[959]: [    5.230000] rtc-rv8803 11-0032: setting system clock to 2017-07-31 14:39:27 UTC (1501511967)
Jul 31 14:40:00 witherspoon kernel[959]: [    5.240000] Freeing unused kernel memory: 284K
Jul 31 14:40:00 witherspoon kernel[959]: [    5.240000] This architecture does not have kernel memory protection.
Jul 31 14:40:00 witherspoon kernel[959]: [    6.920000] jffs2: notice: (526) jffs2_build_xattr_subsystem: complete building xattr subsystem, 0 of xdatum (0 unchecked, 0 orphan) and 0 of xref (0 dead, 0 orphan) found.
Jul 31 14:40:00 witherspoon kernel[959]: [    9.030000] systemd[1]: Failed to insert module 'autofs4': No such file or directory
Jul 31 14:40:00 witherspoon kernel[959]: [    9.230000] systemd[1]: systemd 232 running in system mode. (+PAM -AUDIT -SELINUX -IMA -APPARMOR -SMACK +SYSVINIT -UTMP -LIBCRYPTSETUP -GCRYPT -GNUTLS +ACL +XZ -LZ4 -SECCOMP +BLKID -ELFUTILS +KMOD -IDN)
Jul 31 14:40:00 witherspoon kernel[959]: [    9.230000] systemd[1]: Detected architecture arm.
Jul 31 14:40:00 witherspoon kernel[959]: [    9.360000] systemd[1]: Set hostname to <witherspoon>.
Jul 31 14:40:00 witherspoon kernel[959]: [   10.940000] systemd[1]: Listening on Journal Socket (/dev/log).
Jul 31 14:40:00 witherspoon kernel[959]: [   11.090000] systemd[1]: Listening on Syslog Socket.
Jul 31 14:40:00 witherspoon kernel[959]: [   11.250000] systemd[1]: Reached target Swap.
Jul 31 14:40:00 witherspoon kernel[959]: [   11.410000] systemd[1]: Started Forward Password Requests to Wall Directory Watch.
Jul 31 14:40:00 witherspoon kernel[959]: [   11.580000] systemd[1]: Listening on Network Service Netlink Socket.
Jul 31 14:40:00 witherspoon kernel[959]: [   11.760000] systemd[1]: Reached target Remote File Systems.
Jul 31 14:40:00 witherspoon kernel[959]: [   11.940000] systemd[1]: Listening on udev Control Socket.
Jul 31 14:40:00 witherspoon kernel[959]: [   14.400000] systemd[1]: Mounting Debug File System...
Jul 31 14:40:00 witherspoon kernel[959]: [   14.660000] systemd[1]: Created slice system-phosphor\x2ddiscover\x2dsystem\x2dstate.slice.
Jul 31 14:40:00 witherspoon kernel[959]: [   14.930000] systemd[1]: Created slice system-phosphor\x2dreset\x2dhost\x2drunning.slice.
Jul 31 14:40:00 witherspoon kernel[959]: [   15.210000] systemd[1]: Starting udev Coldplug all Devices...
Jul 31 14:40:00 witherspoon kernel[959]: [   15.490000] systemd[1]: Starting Apply Kernel Variables...
Jul 31 14:40:00 witherspoon kernel[959]: [   15.780000] systemd[1]: Reached target Slices.
Jul 31 14:40:00 witherspoon kernel[959]: [   15.780000] systemd[1]: dev-hugepages.mount: Couldn't determine result for ConditionVirtualization=!private-users, assuming failed: No such file or directory
Jul 31 14:40:00 witherspoon kernel[959]: [   15.780000] systemd[1]: Created slice system-phosphor\x2dcooling\x2dtype.slice.
Jul 31 14:40:00 witherspoon kernel[959]: [   16.080000] systemd[1]: Created slice system-org.openbmc.control.Bmc.slice.
Jul 31 14:40:00 witherspoon kernel[959]: [   16.380000] systemd[1]: Mounting Temporary Directory...
Jul 31 14:40:00 witherspoon kernel[959]: [   19.410000] systemd[1]: Created slice system-org.openbmc.buttons.reset.slice.
Jul 31 14:40:00 witherspoon kernel[959]: [   19.780000] systemd[1]: Created slice system-org.openbmc.control.Chassis.slice.
Jul 31 14:40:00 witherspoon kernel[959]: [   20.160000] systemd[1]: Mounted Debug File System.
Jul 31 14:40:00 witherspoon kernel[959]: [   20.540000] systemd[1]: Mounted Temporary Directory.
Jul 31 14:40:00 witherspoon kernel[959]: [   20.930000] systemd[1]: Started Journal Service.
Jul 31 14:40:00 witherspoon kernel[959]: [   22.560000] systemd-journald[659]: Received request to flush runtime journal from PID 1
Jul 31 14:40:01 witherspoon systemd-networkd[954]: Enumeration completed
Jul 31 14:40:01 witherspoon openpower-update-manager[970]: Error PNOR current version is empty
Jul 31 14:40:01 witherspoon systemd[1]: Starting Avahi mDNS/DNS-SD Stack...
Jul 31 14:40:01 witherspoon systemd[1]: Started Phosphor sysfs LED controller.
Jul 31 14:40:01 witherspoon systemd[1]: Starting Phosphor Inventory Manager...
Jul 31 14:40:01 witherspoon systemd[1]: Starting Phosphor Download Manager...
Jul 31 14:40:02 witherspoon systemd-networkd[954]: eth0: IPv6 enabled for interface: Success
Jul 31 14:40:02 witherspoon systemd-networkd[954]: eth0: Gained carrier
Jul 31 14:40:02 witherspoon systemd-timesyncd[914]: Network configuration changed, trying to establish connection.
Jul 31 14:40:02 witherspoon systemd[1]: Started Network Service.
Jul 31 14:40:02 witherspoon systemd[1]: Started Clear one time boot overrides.
Jul 31 14:40:03 witherspoon systemd[1]: Started Phosphor Inventory Manager.
Jul 31 14:40:03 witherspoon systemd[1]: Started Phosphor LED Group Management Daemon.
Jul 31 14:40:03 witherspoon systemd[1]: Started Phosphor IPMI BT DBus Bridge.
Jul 31 14:40:03 witherspoon systemd[1]: Started OpenBMC Software Update Manager.
Jul 31 14:40:03 witherspoon systemd[1]: Started Phosphor Log Manager.
Jul 31 14:40:03 witherspoon systemd[1]: Started OpenPower Software Update Manager.
Jul 31 14:40:03 witherspoon systemd[1]: Started Phosphor Download Manager.
Jul 31 14:40:03 witherspoon systemd[1]: Starting Phosphor Version Software Manager...
Jul 31 14:40:03 witherspoon systemd[1]: Reached target Network.
Jul 31 14:40:03 witherspoon systemd[1]: Starting Permit User Sessions...
Jul 31 14:40:03 witherspoon systemd[1]: Started Lightweight SLP Server.
Jul 31 14:40:03 witherspoon systemd[1]: Started Permit User Sessions.
Jul 31 14:40:03 witherspoon systemd[1]: Started Serial Getty on ttyS4.
Jul 31 14:40:03 witherspoon systemd[1]: Reached target Login Prompts.
Jul 31 14:40:04 witherspoon systemd[1]: Started Phosphor Dump Manager.
Jul 31 14:40:04 witherspoon systemd-networkd[954]: eth0: Gained IPv6LL
Jul 31 14:40:05 witherspoon systemd[1]: Started Phosphor Version Software Manager.
Jul 31 14:40:05 witherspoon avahi-daemon[982]: Found user 'avahi' (UID 998) and group 'avahi' (GID 999).
Jul 31 14:40:05 witherspoon avahi-daemon[982]: Successfully dropped root privileges.
Jul 31 14:40:05 witherspoon avahi-daemon[982]: avahi-daemon 0.6.32 starting up.
Jul 31 14:40:05 witherspoon systemd[1]: Started Avahi mDNS/DNS-SD Stack.
Jul 31 14:40:05 witherspoon systemd[1]: Reached target Multi-User System.
Jul 31 14:40:06 witherspoon kernel: ftgmac100 1e660000.ethernet eth0: NCSI interface up
Jul 31 14:40:06 witherspoon kernel[959]: [   43.720000] ftgmac100 1e660000.ethernet eth0: NCSI interface up
Jul 31 14:40:06 witherspoon avahi-daemon[982]: Successfully called chroot().
Jul 31 14:40:06 witherspoon avahi-daemon[982]: Successfully dropped remaining capabilities.
Jul 31 14:40:06 witherspoon avahi-daemon[982]: Loading service file /services/obmc_console.service.
Jul 31 14:40:06 witherspoon avahi-daemon[982]: Loading service file /services/phosphor_rest.service.
Jul 31 14:40:06 witherspoon avahi-daemon[982]: Loading service file /services/sftp-ssh.service.
Jul 31 14:40:06 witherspoon avahi-daemon[982]: Loading service file /services/sftp.service.
Jul 31 14:40:06 witherspoon avahi-daemon[982]: Loading service file /services/ssh.service.
Jul 31 14:40:06 witherspoon avahi-daemon[982]: Joining mDNS multicast group on interface eth0.IPv6 with address fe80::72e2:84ff:fe14:28a9.
Jul 31 14:40:06 witherspoon avahi-daemon[982]: New relevant interface eth0.IPv6 for mDNS.
Jul 31 14:40:06 witherspoon systemd[1]: Started Phosphor Settings Daemon.
Jul 31 14:40:06 witherspoon avahi-daemon[982]: Joining mDNS multicast group on interface eth0.IPv4 with address 9.3.21.61.
Jul 31 14:40:06 witherspoon avahi-daemon[982]: New relevant interface eth0.IPv4 for mDNS.
Jul 31 14:40:06 witherspoon avahi-daemon[982]: Network interface enumeration completed.
Jul 31 14:40:06 witherspoon avahi-daemon[982]: Registering new address record for fe80::72e2:84ff:fe14:28a9 on eth0.*.
Jul 31 14:40:06 witherspoon avahi-daemon[982]: Registering new address record for 9.3.21.61 on eth0.IPv4.
Jul 31 14:40:07 witherspoon avahi-daemon[982]: Server startup complete. Host name is witherspoon.local. Local service cookie is 3697359522.
Jul 31 14:40:07 witherspoon systemd[1]: Started Phosphor BMC0 Control.
Jul 31 14:40:07 witherspoon avahi-daemon[982]: Service name conflict for "sftp" (/services/sftp.service), retrying with "sftp #2".
Jul 31 14:40:07 witherspoon avahi-daemon[982]: Service name conflict for "obmc_console" (/services/obmc_console.service), retrying with "obmc_console #2".
Jul 31 14:40:07 witherspoon avahi-daemon[982]: Service name conflict for "phosphor_rest" (/services/phosphor_rest.service), retrying with "phosphor_rest #2".
Jul 31 14:40:08 witherspoon avahi-daemon[982]: Service "witherspoon" (/services/ssh.service) successfully established.
Jul 31 14:40:08 witherspoon avahi-daemon[982]: Service "witherspoon" (/services/sftp-ssh.service) successfully established.
Jul 31 14:40:09 witherspoon avahi-daemon[982]: Service name conflict for "phosphor_rest" (/services/phosphor_rest.service), retrying with "phosphor_rest #3".
Jul 31 14:40:09 witherspoon avahi-daemon[982]: Service name conflict for "sftp" (/services/sftp.service), retrying with "sftp #3".
Jul 31 14:40:09 witherspoon avahi-daemon[982]: Service name conflict for "obmc_console" (/services/obmc_console.service), retrying with "obmc_console #3".
Jul 31 14:40:09 witherspoon avahi-daemon[982]: Service name conflict for "phosphor_rest" (/services/phosphor_rest.service), retrying with "phosphor_rest #4".
Jul 31 14:40:09 witherspoon avahi-daemon[982]: Service name conflict for "sftp" (/services/sftp.service), retrying with "sftp #4".
Jul 31 14:40:09 witherspoon avahi-daemon[982]: Service name conflict for "obmc_console" (/services/obmc_console.service), retrying with "obmc_console #4".
Jul 31 14:40:10 witherspoon avahi-daemon[982]: Service name conflict for "phosphor_rest" (/services/phosphor_rest.service), retrying with "phosphor_rest #5".
Jul 31 14:40:10 witherspoon avahi-daemon[982]: Service name conflict for "sftp" (/services/sftp.service), retrying with "sftp #5".
Jul 31 14:40:10 witherspoon avahi-daemon[982]: Service name conflict for "obmc_console" (/services/obmc_console.service), retrying with "obmc_console #5".
Jul 31 14:40:11 witherspoon avahi-daemon[982]: Service name conflict for "phosphor_rest" (/services/phosphor_rest.service), retrying with "phosphor_rest #6".
Jul 31 14:40:11 witherspoon avahi-daemon[982]: Service name conflict for "sftp" (/services/sftp.service), retrying with "sftp #6".
Jul 31 14:40:11 witherspoon avahi-daemon[982]: Service name conflict for "obmc_console" (/services/obmc_console.service), retrying with "obmc_console #6".
Jul 31 14:40:12 witherspoon avahi-daemon[982]: Service name conflict for "phosphor_rest" (/services/phosphor_rest.service), retrying with "phosphor_rest #7".
Jul 31 14:40:12 witherspoon avahi-daemon[982]: Service name conflict for "sftp" (/services/sftp.service), retrying with "sftp #7".
Jul 31 14:40:12 witherspoon avahi-daemon[982]: Service name conflict for "obmc_console" (/services/obmc_console.service), retrying with "obmc_console #7".
Jul 31 14:40:14 witherspoon avahi-daemon[982]: Service name conflict for "phosphor_rest" (/services/phosphor_rest.service), retrying with "phosphor_rest #8".
Jul 31 14:40:14 witherspoon avahi-daemon[982]: Service name conflict for "sftp" (/services/sftp.service), retrying with "sftp #8".
Jul 31 14:40:14 witherspoon avahi-daemon[982]: Service name conflict for "obmc_console" (/services/obmc_console.service), retrying with "obmc_console #8".
Jul 31 14:40:14 witherspoon systemd[1]: Created slice system-dropbear.slice.
Jul 31 14:40:14 witherspoon systemd[1]: Started SSH Per-Connection Server (9.41.165.94:39378).
Jul 31 14:40:15 witherspoon avahi-daemon[982]: Service name conflict for "phosphor_rest" (/services/phosphor_rest.service), retrying with "phosphor_rest #9".
Jul 31 14:40:15 witherspoon avahi-daemon[982]: Service name conflict for "sftp" (/services/sftp.service), retrying with "sftp #9".
Jul 31 14:40:15 witherspoon avahi-daemon[982]: Service name conflict for "obmc_console" (/services/obmc_console.service), retrying with "obmc_console #9".
Jul 31 14:40:16 witherspoon avahi-daemon[982]: Service name conflict for "phosphor_rest" (/services/phosphor_rest.service), retrying with "phosphor_rest #10".
Jul 31 14:40:16 witherspoon avahi-daemon[982]: Service name conflict for "sftp" (/services/sftp.service), retrying with "sftp #10".
Jul 31 14:40:16 witherspoon avahi-daemon[982]: Service name conflict for "obmc_console" (/services/obmc_console.service), retrying with "obmc_console #10".
Jul 31 14:40:17 witherspoon avahi-daemon[982]: Service name conflict for "phosphor_rest" (/services/phosphor_rest.service), retrying with "phosphor_rest #11".
Jul 31 14:40:17 witherspoon systemd-networkd[954]: eth0: Configured
Jul 31 14:40:17 witherspoon avahi-daemon[982]: Service name conflict for "sftp" (/services/sftp.service), retrying with "sftp #11".
Jul 31 14:40:17 witherspoon avahi-daemon[982]: Service name conflict for "obmc_console" (/services/obmc_console.service), retrying with "obmc_console #11".
Jul 31 14:40:17 witherspoon systemd-timesyncd[914]: Network configuration changed, trying to establish connection.
Jul 31 14:40:18 witherspoon download_manager.py[973]: Running Download Manager
Jul 31 14:40:18 witherspoon systemd[1]: Started Phosphor Download Manager.
Jul 31 14:40:18 witherspoon avahi-daemon[982]: Service name conflict for "phosphor_rest" (/services/phosphor_rest.service), retrying with "phosphor_rest #12".
Jul 31 14:40:18 witherspoon avahi-daemon[982]: Service name conflict for "sftp" (/services/sftp.service), retrying with "sftp #12".
Jul 31 14:40:18 witherspoon avahi-daemon[982]: Service name conflict for "obmc_console" (/services/obmc_console.service), retrying with "obmc_console #12".
Jul 31 14:40:18 witherspoon dropbear[1002]: Failed loading /etc/dropbear/dropbear_dss_host_key
Jul 31 14:40:18 witherspoon dropbear[1002]: Failed loading /etc/dropbear/dropbear_ecdsa_host_key
Jul 31 14:40:18 witherspoon dropbear[1002]: Child connection from ::ffff:9.41.165.94:39378
Jul 31 14:40:18 witherspoon chassis_control.py[977]: Running ChassisControlService
Jul 31 14:40:18 witherspoon systemd[1]: Started Phosphor Chassis0 Control.
Jul 31 14:40:19 witherspoon sensor_manager2.py[971]: Setting boot count to 3
Jul 31 14:40:19 witherspoon systemd[1]: Started Phosphor Sensor Manager.
Jul 31 14:40:19 witherspoon sensor_manager2.py[971]: Starting sensor manager
Jul 31 14:40:19 witherspoon avahi-daemon[982]: Service name conflict for "phosphor_rest" (/services/phosphor_rest.service), retrying with "phosphor_rest #13".
Jul 31 14:40:20 witherspoon dropbear[1002]: PAM password auth succeeded for 'root' from ::ffff:9.41.165.94:39378
Jul 31 14:40:20 witherspoon dropbear[1003]: lastlog_perform_login: Couldn't stat /var/log/lastlog: No such file or directory
Jul 31 14:40:20 witherspoon dropbear[1003]: lastlog_openseek: /var/log/lastlog is not a file or directory!
Jul 31 14:40:20 witherspoon inventory_items.py[984]: Loading from cache: /var/cache/obmc/org.openbmc.inventory.system.chassis.motherboard.apss@org.openbmc.InventoryItem.props
Jul 31 14:40:20 witherspoon inventory_items.py[984]: Loading from cache: /var/cache/obmc/org.openbmc.inventory.system.chassis.motherboard@org.openbmc.InventoryItem.props
Jul 31 14:40:20 witherspoon inventory_items.py[984]: Loading from cache: /var/cache/obmc/org.openbmc.inventory.system.chassis.motherboard.refclock@org.openbmc.InventoryItem.props
Jul 31 14:40:20 witherspoon inventory_items.py[984]: Loading from cache: /var/cache/obmc/org.openbmc.inventory.system.chassis.motherboard.todclock@org.openbmc.InventoryItem.props
Jul 31 14:40:20 witherspoon inventory_items.py[984]: Loading from cache: /var/cache/obmc/org.openbmc.inventory.system.chassis.motherboard.bmc@org.openbmc.InventoryItem.props
Jul 31 14:40:20 witherspoon inventory_items.py[984]: Caching: /org/openbmc/inventory/system/chassis/motherboard/bmc
Jul 31 14:40:20 witherspoon inventory_items.py[984]: Loading from cache: /var/cache/obmc/org.openbmc.inventory.system.chassis.motherboard.pcieclock@org.openbmc.InventoryItem.props
Jul 31 14:40:20 witherspoon avahi-daemon[982]: Service "sftp #12" (/services/sftp.service) successfully established.
Jul 31 14:40:20 witherspoon avahi-daemon[982]: Service "obmc_console #12" (/services/obmc_console.service) successfully established.
Jul 31 14:40:21 witherspoon avahi-daemon[982]: Service "phosphor_rest #13" (/services/phosphor_rest.service) successfully established.
Jul 31 14:40:21 witherspoon systemd[1]: Started Phosphor Inventory Manager.
Jul 31 14:40:21 witherspoon inventory_items.py[984]: Running Inventory Manager
Jul 31 14:40:22 witherspoon phosphor-mapper[979]: ObjectMapper startup complete.  Discovery in progress...
Jul 31 14:40:23 witherspoon avahi-daemon[997]: ../../avahi-0.6.32/avahi-daemon/chroot.c: open() failed: No such file or directory
Jul 31 14:40:23 witherspoon avahi-daemon[982]: Failed to open /usr/share/dbus-1/interfaces/org.freedesktop.Avahi.Server.xml: Invalid argument
Jul 31 14:40:23 witherspoon avahi-daemon[982]: Failed to load introspection data.
Jul 31 14:40:25 witherspoon systemd[1]: Started Phosphor User Manager.
Jul 31 14:40:25 witherspoon obmc-phosphor-userd[948]: Started
Jul 31 14:40:27 witherspoon netman.py[949]: Started
Jul 31 14:40:27 witherspoon systemd[1]: Started Phosphor Network Manager.
Jul 31 14:40:33 witherspoon phosphor-mapper[979]: ObjectMapper discovery complete
Jul 31 14:40:33 witherspoon systemd[1]: Started Phosphor DBus Service Discovery Manager.
Jul 31 14:40:33 witherspoon systemd[1]: Started Phosphor Hwmon Poller.
Jul 31 14:40:33 witherspoon systemd[1]: Started Phosphor Hwmon Poller.
Jul 31 14:40:33 witherspoon systemd[1]: Started Phosphor Hwmon Poller.
Jul 31 14:40:33 witherspoon systemd[1]: Started Phosphor Hwmon Poller.
Jul 31 14:40:33 witherspoon systemd[1]: Started Phosphor Hwmon Poller.
Jul 31 14:40:33 witherspoon systemd[1]: Reached target Phosphor Object Mapper.
Jul 31 14:40:33 witherspoon systemd[1]: Starting Phosphor Network Manager...
Jul 31 14:40:33 witherspoon systemd[1]: Starting Wait for /org/openbmc/control/power0...
Jul 31 14:40:33 witherspoon systemd[1]: Reached target Webserver (pre).
Jul 31 14:40:33 witherspoon systemd[1]: Started Phosphor Webserver.
Jul 31 14:40:33 witherspoon systemd[1]: Starting Wait for /org/openbmc/NetworkManager/Interface...
Jul 31 14:40:33 witherspoon systemd[1]: Starting Phoshpor System Manager...
Jul 31 14:40:33 witherspoon systemd[1]: Starting Wait for /org/openbmc/control/flash/bios...
Jul 31 14:40:33 witherspoon systemd[1]: Starting Wait for /org/openbmc/managers/Download...
Jul 31 14:40:33 witherspoon systemd[1]: Started Phosphor DBus Monitor.
Jul 31 14:40:33 witherspoon systemd[1]: Starting Wait for /org/openbmc/managers/System...
Jul 31 14:40:33 witherspoon systemd[1]: Starting Wait for /org/openbmc/control/bmc0...
Jul 31 14:40:33 witherspoon systemd[1]: Starting Wait for /xyz/openbmc_project/led/groups/bmc_booted...
Jul 31 14:40:33 witherspoon systemd[1]: Starting Wait for /xyz/openbmc_project/state/chassis0...
Jul 31 14:40:33 witherspoon systemd[1]: Starting Wait for /xyz/openbmc_project/led/groups...
Jul 31 14:40:33 witherspoon systemd[1]: Starting Phosphor Settings Manager...
Jul 31 14:40:33 witherspoon systemd[1]: Starting Wait for /xyz/openbmc_project/control/host0...
Jul 31 14:40:34 witherspoon systemd[1]: Starting Wait for /xyz/openbmc_project/state/host0...
Jul 31 14:40:34 witherspoon systemd[1]: Starting Wait for /xyz/openbmc_project/inventory...
Jul 31 14:40:35 witherspoon systemd[1]: Started Phosphor Hwmon Poller.
Jul 31 14:40:35 witherspoon phosphor-network-manager[1014]: ConfigParser: Section not found
Jul 31 14:40:35 witherspoon phosphor-network-manager[1014]: The operation failed internally.
Jul 31 14:40:36 witherspoon phosphor-network-manager[1014]: ConfigParser: Section not found
Jul 31 14:40:36 witherspoon phosphor-network-manager[1014]: The operation failed internally.
Jul 31 14:40:36 witherspoon phosphor-network-manager[1014]: ConfigParser: Key not found
Jul 31 14:40:36 witherspoon phosphor-network-manager[1014]: The operation failed internally.
Jul 31 14:40:37 witherspoon systemd[1]: Started Wait for /xyz/openbmc_project/led/groups.
Jul 31 14:40:37 witherspoon systemd[1]: Started FRU Fault monitor service.
Jul 31 14:40:37 witherspoon systemd[1]: Started Wait for /org/openbmc/control/bmc0.
Jul 31 14:40:37 witherspoon systemd[1]: Started Wait for /org/openbmc/NetworkManager/Interface.
Jul 31 14:40:37 witherspoon systemd[1]: Started Phosphor DNS Settings Cache Manager.
Jul 31 14:40:37 witherspoon systemd[1]: Started Wait for /xyz/openbmc_project/inventory.
Jul 31 14:40:37 witherspoon systemd[1]: Starting Read OpenPOWER-format VPD from EEPROM...
Jul 31 14:40:37 witherspoon systemd[1]: Started Phosphor Cooling Type.
Jul 31 14:40:39 witherspoon systemd[1]: Starting OpenPOWER OCC controller...
Jul 31 14:40:39 witherspoon systemd[1]: Started Wait for /org/openbmc/managers/Download.
Jul 31 14:40:39 witherspoon systemd[1]: Starting Phosphor BMC Code Update...
Jul 31 14:40:39 witherspoon systemd[1]: Starting Phosphor BIOS Code Update...
Jul 31 14:40:40 witherspoon systemd[1]: Started Phosphor BIOS Code Update.
Jul 31 14:40:41 witherspoon phosphor-log-manager[966]: Failed to find metadata
Jul 31 14:40:41 witherspoon phosphor-fru-fault-monitor[1032]: /xyz/openbmc_project/logging/entry/1
Jul 31 14:40:43 witherspoon dbus[953]: [system] Activating via systemd: service name='org.freedesktop.hostname1' unit='dbus-org.freedesktop.hostname1.service'
Jul 31 14:40:43 witherspoon systemd[1]: Started Wait for /xyz/openbmc_project/led/groups/bmc_booted.
Jul 31 14:40:44 witherspoon systemd[1]: Starting Hostname Service...
Jul 31 14:40:44 witherspoon systemd[1]: Starting Assert bmc_booted LED...
Jul 31 14:40:45 witherspoon systemd[1]: Started OpenPOWER OCC controller.
Jul 31 14:40:49 witherspoon dbus[953]: [system] Successfully activated service 'org.freedesktop.hostname1'
Jul 31 14:40:49 witherspoon systemd[1]: Started Hostname Service.
Jul 31 14:40:49 witherspoon systemd[1]: Started Phosphor Network Manager.
Jul 31 14:40:49 witherspoon systemd[1]: Started Assert bmc_booted LED.
Jul 31 14:40:51 witherspoon systemd[1]: Started Read OpenPOWER-format VPD from EEPROM.
Jul 31 14:40:52 witherspoon system_manager.py[1018]: Running System State: BASE_APPS
Jul 31 14:40:53 witherspoon settings_manager.py[1027]: Running HostSettingsService
Jul 31 14:40:53 witherspoon systemd[1]: Started Phosphor Settings Manager.
Jul 31 14:40:53 witherspoon systemd[1]: Starting Wait for /org/openbmc/settings/host0...
Jul 31 14:40:53 witherspoon system_manager.py[1018]: SystemManager Init Done
Jul 31 14:40:53 witherspoon system_manager.py[1018]: Running SystemManager
Jul 31 14:40:53 witherspoon systemd[1]: Started Phoshpor System Manager.
Jul 31 14:40:53 witherspoon bmc_update.py[1043]: Running Bmc Flash Control
Jul 31 14:40:53 witherspoon systemd[1]: Started Phosphor BMC Code Update.
Jul 31 14:40:54 witherspoon system_manager.py[1018]: SystemManager Goto System State: BMC_STARTING
Jul 31 14:40:54 witherspoon system_manager.py[1018]: Running System State: BMC_STARTING
Jul 31 14:40:56 witherspoon systemd[1]: Started Wait for /org/openbmc/control/flash/bios.
Jul 31 14:40:56 witherspoon systemd[1]: Started Initialize BIOS Flash.
Jul 31 14:40:58 witherspoon systemd[1]: Started Wait for /org/openbmc/settings/host0.
Jul 31 14:40:58 witherspoon systemd[1]: Started Phosphor Inband IPMI.
Jul 31 14:40:58 witherspoon systemd[1]: Started Wait for /org/openbmc/managers/System.
Jul 31 14:40:58 witherspoon systemd[1]: Starting Phosphor Chassis State Manager...
Jul 31 14:40:58 witherspoon systemd[1]: Starting Phosphor Host State Manager...
Jul 31 14:40:58 witherspoon systemd[1]: Starting Phosphor Power Button0...
Jul 31 14:40:58 witherspoon systemd[1]: Starting Phosphor Power0 Control...
Jul 31 14:40:58 witherspoon systemd[1]: Starting Phosphor Reset Button0...
Jul 31 14:40:58 witherspoon systemd[1]: Starting Phosphor BMC State Manager...
Jul 31 14:40:59 witherspoon phosphor-bmc-state-manager[1072]: Setting the BMCState field
Jul 31 14:40:59 witherspoon phosphor-bmc-state-manager[1072]: Setting the BMCState field
Jul 31 14:41:00 witherspoon systemd[1]: Started Phosphor BMC State Manager.
Jul 31 14:41:00 witherspoon flash_bios.exe[1044]: Starting flasher: bios,,/org/openbmc/control/flash/bios,
Jul 31 14:41:00 witherspoon flash_bios.exe[1044]: flasher: , BMC = 1, address = 0x0
Jul 31 14:41:00 witherspoon flash_bios.exe[1044]: Setting up flash
Jul 31 14:41:00 witherspoon phosphor-chassis-state-manager[1067]: Initial Chassis State will be Off
Jul 31 14:41:00 witherspoon systemd[1]: Started Phosphor Chassis State Manager.
Jul 31 14:41:01 witherspoon flash_bios.exe[1044]: Starting flasher: bios,,/org/openbmc/control/flash/bios,
Jul 31 14:41:01 witherspoon flash_bios.exe[1044]: flasher: , BMC = 1, address = 0x0
Jul 31 14:41:01 witherspoon flash_bios.exe[1044]: Setting up flash
Jul 31 14:41:02 witherspoon button_reset.exe[1071]: GPIO Lookup:  RESET_BUTTON = 353,both
Jul 31 14:41:02 witherspoon button_power.exe[1069]: GPIO Lookup:  POWER_BUTTON = 347,both
Jul 31 14:41:02 witherspoon systemd[1]: Started Phosphor Reset Button0.
Jul 31 14:41:02 witherspoon systemd[1]: Started Phosphor Power Button0.
Jul 31 14:41:02 witherspoon phosphor-host-state-manager[1068]: Initial Host State will be Off
Jul 31 14:41:02 witherspoon system_manager.py[1018]: New object: /org/openbmc/control/power0 (:1.76)
Jul 31 14:41:03 witherspoon system_manager.py[1018]: Power GPIO config: ['SYS_PWROK_BUFF', '', [('SOFTWARE_PGOOD', True), ('BMC_POWER_UP', True)], [('BMC_CP0_RESET_N', False)], [], 'FSI_DATA', 'FSI_CLK', 'FSI_ENABLE', 'CRONUS_SEL', []]
Jul 31 14:41:03 witherspoon power_control.exe[1070]: Power GPIO latch output:
Jul 31 14:41:03 witherspoon power_control.exe[1070]: Power GPIO power good input: SYS_PWROK_BUFF
Jul 31 14:41:03 witherspoon power_control.exe[1070]: Power GPIO 2 power_up outputs
Jul 31 14:41:03 witherspoon power_control.exe[1070]: Power GPIO power_up[0] = SOFTWARE_PGOOD active HIGH
Jul 31 14:41:03 witherspoon power_control.exe[1070]: Power GPIO power_up[1] = BMC_POWER_UP active HIGH
Jul 31 14:41:03 witherspoon power_control.exe[1070]: Power GPIO 1 reset outputs
Jul 31 14:41:03 witherspoon power_control.exe[1070]: Power GPIO reset[0] = BMC_CP0_RESET_N active LOW
Jul 31 14:41:03 witherspoon power_control.exe[1070]: Power GPIO 0 pci reset outputs
Jul 31 14:41:03 witherspoon power_control.exe[1070]: FSI DATA GPIO: FSI_DATA
Jul 31 14:41:03 witherspoon power_control.exe[1070]: FSI CLK GPIO: FSI_CLK
Jul 31 14:41:03 witherspoon power_control.exe[1070]: FSI ENABLE GPIO: FSI_ENABLE
Jul 31 14:41:03 witherspoon power_control.exe[1070]: CRONUS SEL GPIO: CRONUS_SEL
Jul 31 14:41:03 witherspoon power_control.exe[1070]: Hostctl GPIO optionals: 0
Jul 31 14:41:03 witherspoon power_control.exe[1070]: GPIO Lookup:  SYS_PWROK_BUFF = 306,in
Jul 31 14:41:04 witherspoon power_control.exe[1070]: GPIO Lookup:  SOFTWARE_PGOOD = 417,out
Jul 31 14:41:04 witherspoon power_control.exe[1070]: GPIO Lookup:  BMC_POWER_UP = 305,out
Jul 31 14:41:04 witherspoon power_control.exe[1070]: GPIO Lookup:  BMC_CP0_RESET_N = 281,out
Jul 31 14:41:04 witherspoon power_control.exe[1070]: Pgood state: 0
Jul 31 14:41:04 witherspoon systemd[1]: Started Phosphor Power0 Control.
Jul 31 14:41:05 witherspoon systemd[1]: Started Wait for /xyz/openbmc_project/state/chassis0.
Jul 31 14:41:05 witherspoon systemd[1]: Started Phosphor Host State Manager.
Jul 31 14:41:07 witherspoon system_manager.py[1018]: SystemManager Goto System State: BMC_READY
Jul 31 14:41:07 witherspoon system_manager.py[1018]: Running System State: BMC_READY
Jul 31 14:41:08 witherspoon systemd[1]: Started Wait for /org/openbmc/control/power0.
Jul 31 14:41:08 witherspoon systemd[1]: Starting Check Chassis0 pgood and create a file to indicate it...
Jul 31 14:41:08 witherspoon systemd[1]: Starting Phosphor Time Manager daemon...
Jul 31 14:41:08 witherspoon timemanager[1101]: Registering dbus methods
Jul 31 14:41:08 witherspoon timemanager[1101]: Last known time_mode: MANUAL
Jul 31 14:41:08 witherspoon timemanager[1101]: Last known time_owner: BMC
Jul 31 14:41:08 witherspoon timemanager[1101]: Empty DhcpNtp string
Jul 31 14:41:08 witherspoon timemanager[1101]: Reading Power Control key: pgood
Jul 31 14:41:09 witherspoon timemanager[1101]: Changing settings *allowed* now
Jul 31 14:41:09 witherspoon timemanager[1101]: Getting System Settings: time_mode
Jul 31 14:41:09 witherspoon systemd[1]: Started Check Chassis0 pgood and create a file to indicate it.
Jul 31 14:41:09 witherspoon systemd[1]: Reached target Chassis0 power on after reset.
Jul 31 14:41:09 witherspoon systemd[1]: Reached target Chassis0 (Reset Check).
Jul 31 14:41:09 witherspoon timemanager[1101]: Requested_Mode: MANUAL Current_Mode: MANUAL
Jul 31 14:41:09 witherspoon timemanager[1101]: Mode is already set to : MANUAL
Jul 31 14:41:09 witherspoon timemanager[1101]: Getting System Settings: time_owner
Jul 31 14:41:10 witherspoon timemanager[1101]: Owner is already set to : BMC
Jul 31 14:41:10 witherspoon timemanager[1101]: Getting System Settings: use_dhcp_ntp
Jul 31 14:41:10 witherspoon timemanager[1101]: use_dhcp_ntp = yes
Jul 31 14:41:10 witherspoon timemanager[1101]: Last known host_offset:0
Jul 31 14:41:10 witherspoon timemanager[1101]: Initial Uptime Usec: 1501511962264417
Jul 31 14:41:10 witherspoon systemd[1]: Started Phosphor Time Manager daemon.
Jul 31 14:41:10 witherspoon systemd[1]: Started Wait for /xyz/openbmc_project/state/host0.
Jul 31 14:41:10 witherspoon systemd[1]: Starting Reboot If Enabled...
Jul 31 14:41:11 witherspoon systemd[1]: Started Wait for /xyz/openbmc_project/control/host0.
Jul 31 14:41:11 witherspoon systemd[1]: Reached target Host0 running after reset.
Jul 31 14:41:11 witherspoon systemd[1]: Reached target Host0 (Reset Check).
Jul 31 14:41:11 witherspoon phosphor-discover-system-state[1112]: Host power is off, checking power policy
Jul 31 14:41:11 witherspoon systemd[1]: Started Reboot If Enabled.
Jul 31 14:41:12 witherspoon systemd[1]: Reached target Phosphor System - Standby.
Jul 31 14:41:12 witherspoon systemd[1]: Startup finished in 8.883s (kernel) + 1min 40.856s (userspace) = 1min 49.739s.
Jul 31 14:41:12 witherspoon phosphor-bmc-state-manager[1072]: BMC_READY
Jul 31 14:41:12 witherspoon phosphor-bmc-state-manager[1072]: Setting the BMCState field
Jul 31 14:41:18 witherspoon phosphor-gevent[1016]: Traceback (most recent call last):
Jul 31 14:41:18 witherspoon phosphor-gevent[1016]:   File "/usr/lib/python2.7/site-packages/gevent/greenlet.py", line 327, in run
Jul 31 14:41:18 witherspoon phosphor-gevent[1016]:     result = self._run(*self.args, **self.kwargs)
Jul 31 14:41:18 witherspoon phosphor-gevent[1016]:   File "/usr/lib/python2.7/site-packages/gevent/server.py", line 102, in wrap_socket_and_handle
Jul 31 14:41:18 witherspoon phosphor-gevent[1016]:     ssl_socket = self.wrap_socket(client_socket, **self.ssl_args)
Jul 31 14:41:18 witherspoon phosphor-gevent[1016]:   File "/usr/lib/python2.7/site-packages/gevent/ssl.py", line 404, in wrap_socket
Jul 31 14:41:18 witherspoon phosphor-gevent[1016]:     ciphers=ciphers)
Jul 31 14:41:18 witherspoon phosphor-gevent[1016]:   File "/usr/lib/python2.7/site-packages/gevent/ssl.py", line 113, in __init__
Jul 31 14:41:18 witherspoon phosphor-gevent[1016]:     self.do_handshake()
Jul 31 14:41:18 witherspoon phosphor-gevent[1016]:   File "/usr/lib/python2.7/site-packages/gevent/ssl.py", line 324, in do_handshake
Jul 31 14:41:18 witherspoon phosphor-gevent[1016]:     return self._sslobj.do_handshake()
Jul 31 14:41:18 witherspoon phosphor-gevent[1016]: SSLEOFError: EOF occurred in violation of protocol (_ssl.c:590)
Jul 31 14:41:18 witherspoon phosphor-gevent[1016]: <Greenlet at 0x760603f0: <bound method WSGIServer.wrap_socket_and_handle of <WSGIServer at 0x76036b50 fileno=5 address=('::34a2:f476:b07d:6a76%1986690464', 443, 0, 1986690464)>>(<socket at 0x75f0d830 fileno=9>, ('::8089:6876:8e91:f402%1995672348', 40400, 0, 199)> failed with SSLEOFError
Jul 31 14:41:19 witherspoon phosphor-gevent[1016]: Traceback (most recent call last):
Jul 31 14:41:19 witherspoon phosphor-gevent[1016]:   File "/usr/lib/python2.7/site-packages/gevent/greenlet.py", line 327, in run
Jul 31 14:41:19 witherspoon phosphor-gevent[1016]:     result = self._run(*self.args, **self.kwargs)
Jul 31 14:41:19 witherspoon phosphor-gevent[1016]:   File "/usr/lib/python2.7/site-packages/gevent/server.py", line 102, in wrap_socket_and_handle
Jul 31 14:41:19 witherspoon phosphor-gevent[1016]:     ssl_socket = self.wrap_socket(client_socket, **self.ssl_args)
Jul 31 14:41:19 witherspoon phosphor-gevent[1016]:   File "/usr/lib/python2.7/site-packages/gevent/ssl.py", line 404, in wrap_socket
Jul 31 14:41:19 witherspoon phosphor-gevent[1016]:     ciphers=ciphers)
Jul 31 14:41:19 witherspoon phosphor-gevent[1016]:   File "/usr/lib/python2.7/site-packages/gevent/ssl.py", line 113, in __init__
Jul 31 14:41:19 witherspoon phosphor-gevent[1016]:     self.do_handshake()
Jul 31 14:41:19 witherspoon phosphor-gevent[1016]:   File "/usr/lib/python2.7/site-packages/gevent/ssl.py", line 324, in do_handshake
Jul 31 14:41:19 witherspoon phosphor-gevent[1016]:     return self._sslobj.do_handshake()
Jul 31 14:41:19 witherspoon phosphor-gevent[1016]: SSLEOFError: EOF occurred in violation of protocol (_ssl.c:590)
Jul 31 14:41:19 witherspoon phosphor-gevent[1016]: <Greenlet at 0x760606c0: <bound method WSGIServer.wrap_socket_and_handle of <WSGIServer at 0x76036b50 fileno=5 address=('::34a2:f476:b07d:6a76%1986690464', 443, 0, 1986690464)>>(<socket at 0x75f0d7d0 fileno=10>, ('::8089:6876:8e91:f402%1995672348', 40402, 0, 199)> failed with SSLEOFError
Jul 31 14:41:19 witherspoon phosphor-gevent[1016]: Traceback (most recent call last):
Jul 31 14:41:19 witherspoon phosphor-gevent[1016]:   File "/usr/lib/python2.7/site-packages/gevent/greenlet.py", line 327, in run
Jul 31 14:41:19 witherspoon phosphor-gevent[1016]:     result = self._run(*self.args, **self.kwargs)
Jul 31 14:41:19 witherspoon phosphor-gevent[1016]:   File "/usr/lib/python2.7/site-packages/gevent/server.py", line 102, in wrap_socket_and_handle
Jul 31 14:41:19 witherspoon phosphor-gevent[1016]:     ssl_socket = self.wrap_socket(client_socket, **self.ssl_args)
Jul 31 14:41:19 witherspoon phosphor-gevent[1016]:   File "/usr/lib/python2.7/site-packages/gevent/ssl.py", line 404, in wrap_socket
Jul 31 14:41:19 witherspoon phosphor-gevent[1016]:     ciphers=ciphers)
Jul 31 14:41:19 witherspoon phosphor-gevent[1016]:   File "/usr/lib/python2.7/site-packages/gevent/ssl.py", line 113, in __init__
Jul 31 14:41:19 witherspoon phosphor-gevent[1016]:     self.do_handshake()
Jul 31 14:41:19 witherspoon phosphor-gevent[1016]:   File "/usr/lib/python2.7/site-packages/gevent/ssl.py", line 324, in do_handshake
Jul 31 14:41:19 witherspoon phosphor-gevent[1016]:     return self._sslobj.do_handshake()
Jul 31 14:41:19 witherspoon phosphor-gevent[1016]: SSLEOFError: EOF occurred in violation of protocol (_ssl.c:590)
Jul 31 14:41:19 witherspoon phosphor-gevent[1016]: <Greenlet at 0x760603a0: <bound method WSGIServer.wrap_socket_and_handle of <WSGIServer at 0x76036b50 fileno=5 address=('::34a2:f476:b07d:6a76%1986690464', 443, 0, 1986690464)>>(<socket at 0x75f0d870 fileno=11>, ('::8089:6876:8e91:f402%1995672348', 40404, 0, 199)> failed with SSLEOFError
Jul 31 14:41:34 witherspoon phosphor-gevent[1016]: ::8089:6876:8e91:f402%1995672348 - - [2017-07-31 14:41:34] "POST /login HTTP/1.1" 200 320 0.045237
Jul 31 14:41:34 witherspoon phosphor-gevent[1016]: ::8089:6876:8e91:f402%1995672348 - - [2017-07-31 14:41:34] "GET /xyz/openbmc_project/state/chassis0//attr/CurrentPowerState HTTP/1.1" 200 216 0.089268
Jul 31 14:41:34 witherspoon phosphor-gevent[1016]: ::8089:6876:8e91:f402%1995672348 - - [2017-07-31 14:41:34] "POST /login HTTP/1.1" 200 320 0.041549
Jul 31 14:41:34 witherspoon phosphor-gevent[1016]: ::8089:6876:8e91:f402%1995672348 - - [2017-07-31 14:41:34] "GET /xyz/openbmc_project/state/chassis0//attr/CurrentPowerState HTTP/1.1" 200 216 0.049258
Jul 31 14:41:34 witherspoon phosphor-gevent[1016]: ::8089:6876:8e91:f402%1995672348 - - [2017-07-31 14:41:34] "POST /login HTTP/1.1" 200 320 0.033277
Jul 31 14:41:34 witherspoon phosphor-gevent[1016]: ::8089:6876:8e91:f402%1995672348 - - [2017-07-31 14:41:34] "GET /org/openbmc/sensors/host/BootProgress/attr/value HTTP/1.1" 200 170 0.052174
Jul 31 14:41:34 witherspoon phosphor-gevent[1016]: ::8089:6876:8e91:f402%1995672348 - - [2017-07-31 14:41:34] "POST /login HTTP/1.1" 200 320 0.033158
Jul 31 14:41:35 witherspoon phosphor-gevent[1016]: ::8089:6876:8e91:f402%1995672348 - - [2017-07-31 14:41:35] "GET /xyz/openbmc_project/state/host0//attr/CurrentHostState HTTP/1.1" 200 212 0.050758
Jul 31 14:41:35 witherspoon phosphor-gevent[1016]: ::8089:6876:8e91:f402%1995672348 - - [2017-07-31 14:41:35] "POST /login HTTP/1.1" 200 320 0.032529
Jul 31 14:41:35 witherspoon phosphor-gevent[1016]: ::8089:6876:8e91:f402%1995672348 - - [2017-07-31 14:41:35] "GET /xyz/openbmc_project/logging/entry//list HTTP/1.1" 200 214 0.071005
Jul 31 14:41:35 witherspoon phosphor-gevent[1016]: ::8089:6876:8e91:f402%1995672348 - - [2017-07-31 14:41:35] "POST /login HTTP/1.1" 200 320 0.033186
Jul 31 14:41:35 witherspoon phosphor-gevent[1016]: ::8089:6876:8e91:f402%1995672348 - - [2017-07-31 14:41:35] "GET /xyz/openbmc_project/logging/entry//list HTTP/1.1" 200 214 0.038110
Jul 31 14:41:35 witherspoon phosphor-gevent[1016]: ::8089:6876:8e91:f402%1995672348 - - [2017-07-31 14:41:35] "POST /login HTTP/1.1" 200 320 0.032858
Jul 31 14:41:35 witherspoon phosphor-gevent[1016]: ::8089:6876:8e91:f402%1995672348 - - [2017-07-31 14:41:35] "DELETE /xyz/openbmc_project/logging/entry/1 HTTP/1.1" 200 169 0.078376
Jul 31 14:41:35 witherspoon systemd[1]: Started SSH Per-Connection Server (9.41.165.94:39400).
Jul 31 14:41:36 witherspoon dropbear[1121]: Failed loading /etc/dropbear/dropbear_dss_host_key
Jul 31 14:41:36 witherspoon dropbear[1121]: Failed loading /etc/dropbear/dropbear_ecdsa_host_key
Jul 31 14:41:36 witherspoon dropbear[1121]: Child connection from ::ffff:9.41.165.94:39400
Jul 31 14:41:36 witherspoon dropbear[1121]: PAM password auth succeeded for 'root' from ::ffff:9.41.165.94:39400
Jul 31 14:41:36 witherspoon dropbear[1122]: lastlog_perform_login: Couldn't stat /var/log/lastlog: No such file or directory
Jul 31 14:41:36 witherspoon dropbear[1122]: lastlog_openseek: /var/log/lastlog is not a file or directory!
Jul 31 14:41:38 witherspoon phosphor-gevent[1016]: ::8089:6876:8e91:f402%1995672348 - - [2017-07-31 14:41:38] "POST /login HTTP/1.1" 200 320 0.041793
Jul 31 14:41:38 witherspoon phosphor-gevent[1016]: ::8089:6876:8e91:f402%1995672348 - - [2017-07-31 14:41:38] "GET /xyz/openbmc_project/state/host0//attr/CurrentHostState HTTP/1.1" 200 212 0.049161
Jul 31 14:41:38 witherspoon dropbear[1002]: Exit (root): Exited normally
Jul 31 14:41:38 witherspoon dropbear[1121]: Exit (root): Exited normally
Jul 31 14:41:40 witherspoon systemd[1]: Started SSH Per-Connection Server (9.41.165.94:39404).
Jul 31 14:41:41 witherspoon dropbear[1133]: Failed loading /etc/dropbear/dropbear_dss_host_key
Jul 31 14:41:41 witherspoon dropbear[1133]: Failed loading /etc/dropbear/dropbear_ecdsa_host_key
Jul 31 14:41:41 witherspoon dropbear[1133]: Child connection from ::ffff:9.41.165.94:39404
Jul 31 14:41:41 witherspoon dropbear[1133]: PAM password auth succeeded for 'root' from ::ffff:9.41.165.94:39404
Jul 31 14:41:41 witherspoon dropbear[1134]: lastlog_perform_login: Couldn't stat /var/log/lastlog: No such file or directory
Jul 31 14:41:41 witherspoon dropbear[1134]: lastlog_openseek: /var/log/lastlog is not a file or directory!
Jul 31 14:41:42 witherspoon phosphor-gevent[1016]: ::8089:6876:8e91:f402%1995672348 - - [2017-07-31 14:41:42] "POST /login HTTP/1.1" 200 320 0.032912
Jul 31 14:41:42 witherspoon phosphor-gevent[1016]: ::8089:6876:8e91:f402%1995672348 - - [2017-07-31 14:41:42] "PUT /org/openbmc/settings/host0/attr/power_policy HTTP/1.1" 200 169 0.193377
Jul 31 14:41:42 witherspoon phosphor-gevent[1016]: ::8089:6876:8e91:f402%1995672348 - - [2017-07-31 14:41:42] "POST /login HTTP/1.1" 200 320 0.033051
Jul 31 14:41:42 witherspoon phosphor-gevent[1016]: ::8089:6876:8e91:f402%1995672348 - - [2017-07-31 14:41:42] "GET /org/openbmc/settings/host0/attr/power_policy HTTP/1.1" 200 185 0.080741
Jul 31 14:41:43 witherspoon phosphor-gevent[1016]: ::8089:6876:8e91:f402%1995672348 - - [2017-07-31 14:41:43] "POST /login HTTP/1.1" 200 320 0.032566
Jul 31 14:41:43 witherspoon phosphor-gevent[1016]: ::8089:6876:8e91:f402%1995672348 - - [2017-07-31 14:41:43] "GET /xyz/openbmc_project/state/chassis0//attr/CurrentPowerState HTTP/1.1" 200 216 0.051293
Jul 31 14:41:43 witherspoon phosphor-gevent[1016]: ::8089:6876:8e91:f402%1995672348 - - [2017-07-31 14:41:43] "POST /login HTTP/1.1" 200 320 0.032977
Jul 31 14:41:43 witherspoon phosphor-gevent[1016]: ::8089:6876:8e91:f402%1995672348 - - [2017-07-31 14:41:43] "GET /xyz/openbmc_project/state/bmc0//attr/CurrentBMCState HTTP/1.1" 200 212 0.049730
Jul 31 14:41:43 witherspoon phosphor-gevent[1016]: ::8089:6876:8e91:f402%1995672348 - - [2017-07-31 14:41:43] "POST /login HTTP/1.1" 200 320 0.078069
Jul 31 14:41:43 witherspoon phosphor-gevent[1016]: ::8089:6876:8e91:f402%1995672348 - - [2017-07-31 14:41:43] "GET /org/openbmc/sensors/host/BootProgress/attr/value HTTP/1.1" 200 170 0.057260
Jul 31 14:41:43 witherspoon phosphor-gevent[1016]: ::8089:6876:8e91:f402%1995672348 - - [2017-07-31 14:41:43] "POST /login HTTP/1.1" 200 320 0.043230
Jul 31 14:41:44 witherspoon phosphor-gevent[1016]: ::8089:6876:8e91:f402%1995672348 - - [2017-07-31 14:41:44] "GET /xyz/openbmc_project/state/host0//attr/CurrentHostState HTTP/1.1" 200 212 0.049068
Jul 31 14:41:44 witherspoon phosphor-gevent[1016]: ::8089:6876:8e91:f402%1995672348 - - [2017-07-31 14:41:44] "POST /login HTTP/1.1" 200 320 0.033542
Jul 31 14:41:44 witherspoon phosphor-gevent[1016]: ::8089:6876:8e91:f402%1995672348 - - [2017-07-31 14:41:44] "GET /xyz/openbmc_project/logging/entry//list HTTP/1.1" 404 311 0.029300
Jul 31 14:41:44 witherspoon systemd[1]: Started SSH Per-Connection Server (9.41.165.94:39420).
Jul 31 14:41:44 witherspoon dropbear[1140]: Failed loading /etc/dropbear/dropbear_dss_host_key
Jul 31 14:41:44 witherspoon dropbear[1140]: Failed loading /etc/dropbear/dropbear_ecdsa_host_key
Jul 31 14:41:44 witherspoon dropbear[1140]: Child connection from ::ffff:9.41.165.94:39420
Jul 31 14:41:44 witherspoon dropbear[1140]: PAM password auth succeeded for 'root' from ::ffff:9.41.165.94:39420
Jul 31 14:42:14 witherspoon phosphor-gevent[1016]: ::8089:6876:8e91:f402%1995672348 - - [2017-07-31 14:42:14] "POST /login HTTP/1.1" 200 320 0.049874
Jul 31 14:42:14 witherspoon phosphor-gevent[1016]: ::8089:6876:8e91:f402%1995672348 - - [2017-07-31 14:42:14] "POST /org/openbmc/control/flash/bios//action/update HTTP/1.1" 200 169 0.340167
Jul 31 14:42:15 witherspoon flash_bios.exe[1044]: Starting flasher: bios,/tmp/witherspoon_910_golden.pnor,/org/openbmc/control/flash/bios,
Jul 31 14:42:15 witherspoon flash_bios.exe[1044]: flasher: /tmp/witherspoon_910_golden.pnor, BMC = 1, address = 0x0
Jul 31 14:42:15 witherspoon flash_bios.exe[1044]: Setting up flash
Jul 31 14:42:15 witherspoon phosphor-gevent[1016]: ::8089:6876:8e91:f402%1995672348 - - [2017-07-31 14:42:15] "POST /login HTTP/1.1" 200 320 0.143499
Jul 31 14:42:15 witherspoon phosphor-gevent[1016]: ::8089:6876:8e91:f402%1995672348 - - [2017-07-31 14:42:15] "GET /org/openbmc/control/flash/bios HTTP/1.1" 200 397 0.194479
Jul 31 14:42:15 witherspoon phosphor-gevent[1016]: ::8089:6876:8e91:f402%1995672348 - - [2017-07-31 14:42:15] "POST /login HTTP/1.1" 200 320 0.102652
Jul 31 14:42:16 witherspoon phosphor-gevent[1016]: ::8089:6876:8e91:f402%1995672348 - - [2017-07-31 14:42:16] "GET /org/openbmc/control/flash/bios HTTP/1.1" 200 397 0.145449
Jul 31 14:42:26 witherspoon phosphor-gevent[1016]: ::8089:6876:8e91:f402%1995672348 - - [2017-07-31 14:42:26] "POST /login HTTP/1.1" 200 320 0.045898
Jul 31 14:42:26 witherspoon phosphor-gevent[1016]: ::8089:6876:8e91:f402%1995672348 - - [2017-07-31 14:42:26] "GET /org/openbmc/control/flash/bios HTTP/1.1" 200 397 0.068015
Jul 31 14:42:37 witherspoon phosphor-gevent[1016]: ::8089:6876:8e91:f402%1995672348 - - [2017-07-31 14:42:37] "POST /login HTTP/1.1" 200 320 0.032434
Jul 31 14:42:37 witherspoon phosphor-gevent[1016]: ::8089:6876:8e91:f402%1995672348 - - [2017-07-31 14:42:37] "GET /org/openbmc/control/flash/bios HTTP/1.1" 200 397 0.067459
Jul 31 14:42:48 witherspoon phosphor-gevent[1016]: ::8089:6876:8e91:f402%1995672348 - - [2017-07-31 14:42:48] "POST /login HTTP/1.1" 200 320 0.032862
Jul 31 14:42:48 witherspoon phosphor-gevent[1016]: ::8089:6876:8e91:f402%1995672348 - - [2017-07-31 14:42:48] "GET /org/openbmc/control/flash/bios HTTP/1.1" 200 397 0.067397
Jul 31 14:42:58 witherspoon phosphor-gevent[1016]: ::8089:6876:8e91:f402%1995672348 - - [2017-07-31 14:42:58] "POST /login HTTP/1.1" 200 320 0.033567
Jul 31 14:42:58 witherspoon phosphor-gevent[1016]: ::8089:6876:8e91:f402%1995672348 - - [2017-07-31 14:42:58] "GET /org/openbmc/control/flash/bios HTTP/1.1" 200 397 0.072624
Jul 31 14:43:08 witherspoon phosphor-gevent[1016]: ::8089:6876:8e91:f402%1995672348 - - [2017-07-31 14:43:08] "POST /login HTTP/1.1" 200 320 0.032865
Jul 31 14:43:08 witherspoon phosphor-gevent[1016]: ::8089:6876:8e91:f402%1995672348 - - [2017-07-31 14:43:08] "GET /org/openbmc/control/flash/bios HTTP/1.1" 200 397 0.067649
Jul 31 14:43:19 witherspoon phosphor-gevent[1016]: ::8089:6876:8e91:f402%1995672348 - - [2017-07-31 14:43:19] "POST /login HTTP/1.1" 200 320 0.032752
Jul 31 14:43:20 witherspoon phosphor-gevent[1016]: ::8089:6876:8e91:f402%1995672348 - - [2017-07-31 14:43:20] "GET /org/openbmc/control/flash/bios HTTP/1.1" 200 397 0.906901
Jul 31 14:43:31 witherspoon phosphor-gevent[1016]: ::8089:6876:8e91:f402%1995672348 - - [2017-07-31 14:43:31] "POST /login HTTP/1.1" 200 320 0.050803
Jul 31 14:43:31 witherspoon phosphor-gevent[1016]: ::8089:6876:8e91:f402%1995672348 - - [2017-07-31 14:43:31] "GET /org/openbmc/control/flash/bios HTTP/1.1" 200 397 0.067231
Jul 31 14:43:41 witherspoon phosphor-gevent[1016]: ::8089:6876:8e91:f402%1995672348 - - [2017-07-31 14:43:41] "POST /login HTTP/1.1" 200 320 0.032684
Jul 31 14:43:42 witherspoon phosphor-gevent[1016]: ::8089:6876:8e91:f402%1995672348 - - [2017-07-31 14:43:42] "GET /org/openbmc/control/flash/bios HTTP/1.1" 200 397 0.544742
Jul 31 14:43:52 witherspoon phosphor-gevent[1016]: ::8089:6876:8e91:f402%1995672348 - - [2017-07-31 14:43:52] "POST /login HTTP/1.1" 200 320 0.033035
Jul 31 14:43:52 witherspoon phosphor-gevent[1016]: ::8089:6876:8e91:f402%1995672348 - - [2017-07-31 14:43:52] "GET /org/openbmc/control/flash/bios HTTP/1.1" 200 397 0.454949
Jul 31 14:44:02 witherspoon phosphor-gevent[1016]: ::8089:6876:8e91:f402%1995672348 - - [2017-07-31 14:44:02] "POST /login HTTP/1.1" 200 320 0.032807
Jul 31 14:44:03 witherspoon phosphor-gevent[1016]: ::8089:6876:8e91:f402%1995672348 - - [2017-07-31 14:44:03] "GET /org/openbmc/control/flash/bios HTTP/1.1" 200 397 0.067623
Jul 31 14:44:13 witherspoon phosphor-gevent[1016]: ::8089:6876:8e91:f402%1995672348 - - [2017-07-31 14:44:13] "POST /login HTTP/1.1" 200 320 0.032638
Jul 31 14:44:13 witherspoon phosphor-gevent[1016]: ::8089:6876:8e91:f402%1995672348 - - [2017-07-31 14:44:13] "GET /org/openbmc/control/flash/bios HTTP/1.1" 200 397 0.070153
Jul 31 14:44:24 witherspoon phosphor-gevent[1016]: ::8089:6876:8e91:f402%1995672348 - - [2017-07-31 14:44:24] "POST /login HTTP/1.1" 200 320 0.032767
Jul 31 14:44:24 witherspoon phosphor-gevent[1016]: ::8089:6876:8e91:f402%1995672348 - - [2017-07-31 14:44:24] "GET /org/openbmc/control/flash/bios HTTP/1.1" 200 402 0.067310
Jul 31 14:44:34 witherspoon phosphor-gevent[1016]: ::8089:6876:8e91:f402%1995672348 - - [2017-07-31 14:44:34] "POST /login HTTP/1.1" 200 320 0.032648
Jul 31 14:44:34 witherspoon phosphor-gevent[1016]: ::8089:6876:8e91:f402%1995672348 - - [2017-07-31 14:44:34] "GET /org/openbmc/control/flash/bios HTTP/1.1" 200 402 0.067171
Jul 31 14:44:44 witherspoon phosphor-gevent[1016]: ::8089:6876:8e91:f402%1995672348 - - [2017-07-31 14:44:44] "POST /login HTTP/1.1" 200 320 0.045364
Jul 31 14:44:44 witherspoon phosphor-gevent[1016]: ::8089:6876:8e91:f402%1995672348 - - [2017-07-31 14:44:44] "GET /org/openbmc/control/flash/bios HTTP/1.1" 200 402 0.068738
Jul 31 14:44:54 witherspoon phosphor-gevent[1016]: ::8089:6876:8e91:f402%1995672348 - - [2017-07-31 14:44:54] "POST /login HTTP/1.1" 200 320 0.032874
Jul 31 14:44:55 witherspoon phosphor-gevent[1016]: ::8089:6876:8e91:f402%1995672348 - - [2017-07-31 14:44:55] "GET /org/openbmc/control/flash/bios HTTP/1.1" 200 402 0.130350
Jul 31 14:45:06 witherspoon phosphor-gevent[1016]: ::8089:6876:8e91:f402%1995672348 - - [2017-07-31 14:45:06] "POST /login HTTP/1.1" 200 320 0.032672
Jul 31 14:45:06 witherspoon phosphor-gevent[1016]: ::8089:6876:8e91:f402%1995672348 - - [2017-07-31 14:45:06] "GET /org/openbmc/control/flash/bios HTTP/1.1" 200 402 0.067593
Jul 31 14:45:12 witherspoon flash_bios.exe[1044]: Erasing... (may take a while !) done !
Jul 31 14:45:12 witherspoon flash_bios.exe[1044]: About to program "/tmp/witherspoon_910_golden.pnor" at 0x00000000..0x04000000 !
Jul 31 14:45:12 witherspoon flash_bios.exe[1044]: Programming & Verifying...
Jul 31 14:45:12 witherspoon flash_bios.exe[1044]: Flash done
Jul 31 14:45:16 witherspoon phosphor-gevent[1016]: ::8089:6876:8e91:f402%1995672348 - - [2017-07-31 14:45:16] "POST /login HTTP/1.1" 200 320 0.033213
Jul 31 14:45:16 witherspoon phosphor-gevent[1016]: ::8089:6876:8e91:f402%1995672348 - - [2017-07-31 14:45:16] "GET /org/openbmc/control/flash/bios HTTP/1.1" 200 399 0.067776
Jul 31 14:45:16 witherspoon systemd[1]: Started SSH Per-Connection Server (9.41.165.94:39462).
Jul 31 14:45:16 witherspoon dropbear[1146]: Failed loading /etc/dropbear/dropbear_dss_host_key
Jul 31 14:45:16 witherspoon dropbear[1146]: Failed loading /etc/dropbear/dropbear_ecdsa_host_key
Jul 31 14:45:16 witherspoon dropbear[1146]: Child connection from ::ffff:9.41.165.94:39462
Jul 31 14:45:17 witherspoon dropbear[1146]: PAM password auth succeeded for 'root' from ::ffff:9.41.165.94:39462
Jul 31 14:45:17 witherspoon dropbear[1147]: lastlog_perform_login: Couldn't stat /var/log/lastlog: No such file or directory
Jul 31 14:45:17 witherspoon dropbear[1147]: lastlog_openseek: /var/log/lastlog is not a file or directory!
Jul 31 14:45:18 witherspoon phosphor-gevent[1016]: ::8089:6876:8e91:f402%1995672348 - - [2017-07-31 14:45:18] "POST /login HTTP/1.1" 200 320 0.032815
Jul 31 14:45:18 witherspoon phosphor-gevent[1016]: ::8089:6876:8e91:f402%1995672348 - - [2017-07-31 14:45:18] "GET /xyz/openbmc_project/state/host0//attr/CurrentHostState HTTP/1.1" 200 212 0.049065
Jul 31 14:45:18 witherspoon systemd[1]: Created slice system-obmc\x2dconsole\x2dssh.slice.
Jul 31 14:45:18 witherspoon systemd[1]: Started Phosphor Host Console SSH Per-Connection (9.41.165.94:56248).
Jul 31 14:45:18 witherspoon dropbear[1151]: Failed loading /etc/dropbear/dropbear_dss_host_key
Jul 31 14:45:18 witherspoon dropbear[1151]: Failed loading /etc/dropbear/dropbear_ecdsa_host_key
Jul 31 14:45:18 witherspoon dropbear[1151]: Child connection from ::ffff:9.41.165.94:56248
Jul 31 14:45:19 witherspoon phosphor-gevent[1016]: ::8089:6876:8e91:f402%1995672348 - - [2017-07-31 14:45:19] "POST /login HTTP/1.1" 200 320 0.049496
Jul 31 14:45:19 witherspoon dropbear[1151]: PAM password auth succeeded for 'root' from ::ffff:9.41.165.94:56248
Jul 31 14:45:19 witherspoon dropbear[1152]: lastlog_perform_login: Couldn't stat /var/log/lastlog: No such file or directory
Jul 31 14:45:19 witherspoon dropbear[1152]: lastlog_openseek: /var/log/lastlog is not a file or directory!
Jul 31 14:45:19 witherspoon phosphor-gevent[1016]: ::8089:6876:8e91:f402%1995672348 - - [2017-07-31 14:45:19] "PUT /org/openbmc/settings/host0/attr/power_policy HTTP/1.1" 200 169 0.375918
Jul 31 14:45:20 witherspoon phosphor-gevent[1016]: ::8089:6876:8e91:f402%1995672348 - - [2017-07-31 14:45:20] "POST /login HTTP/1.1" 200 320 0.041530
Jul 31 14:45:20 witherspoon phosphor-gevent[1016]: ::8089:6876:8e91:f402%1995672348 - - [2017-07-31 14:45:20] "GET /org/openbmc/settings/host0/attr/power_policy HTTP/1.1" 200 185 0.086165
Jul 31 14:45:20 witherspoon phosphor-gevent[1016]: ::8089:6876:8e91:f402%1995672348 - - [2017-07-31 14:45:20] "POST /login HTTP/1.1" 200 320 0.033088
Jul 31 14:45:20 witherspoon phosphor-gevent[1016]: ::8089:6876:8e91:f402%1995672348 - - [2017-07-31 14:45:20] "GET /xyz/openbmc_project/state/chassis0//attr/CurrentPowerState HTTP/1.1" 200 216 0.049145
Jul 31 14:45:20 witherspoon phosphor-gevent[1016]: ::8089:6876:8e91:f402%1995672348 - - [2017-07-31 14:45:20] "POST /login HTTP/1.1" 200 320 0.040240
Jul 31 14:45:20 witherspoon phosphor-gevent[1016]: ::8089:6876:8e91:f402%1995672348 - - [2017-07-31 14:45:20] "GET /xyz/openbmc_project/state/bmc0//attr/CurrentBMCState HTTP/1.1" 200 212 0.104460
Jul 31 14:45:21 witherspoon phosphor-gevent[1016]: ::8089:6876:8e91:f402%1995672348 - - [2017-07-31 14:45:21] "POST /login HTTP/1.1" 200 320 0.033106
Jul 31 14:45:21 witherspoon phosphor-gevent[1016]: ::8089:6876:8e91:f402%1995672348 - - [2017-07-31 14:45:21] "GET /org/openbmc/sensors/host/BootProgress/attr/value HTTP/1.1" 200 170 0.052987
Jul 31 14:45:21 witherspoon phosphor-gevent[1016]: ::8089:6876:8e91:f402%1995672348 - - [2017-07-31 14:45:21] "POST /login HTTP/1.1" 200 320 0.042958
Jul 31 14:45:21 witherspoon phosphor-gevent[1016]: ::8089:6876:8e91:f402%1995672348 - - [2017-07-31 14:45:21] "GET /xyz/openbmc_project/state/host0//attr/CurrentHostState HTTP/1.1" 200 212 0.049627
Jul 31 14:45:21 witherspoon phosphor-gevent[1016]: ::8089:6876:8e91:f402%1995672348 - - [2017-07-31 14:45:21] "POST /login HTTP/1.1" 200 320 0.033759
Jul 31 14:45:21 witherspoon phosphor-host-state-manager[1068]: Host State transaction request
Jul 31 14:45:21 witherspoon systemd[1]: Created slice system-avsbus\x2dworkaround.slice.
Jul 31 14:45:21 witherspoon systemd[1]: Created slice system-phosphor\x2dgpio\x2dmonitor.slice.
Jul 31 14:45:21 witherspoon systemd[1]: Created slice system-vcs_on.slice.
Jul 31 14:45:21 witherspoon systemd[1]: Created slice system-mboxd\x2dreload.slice.
Jul 31 14:45:21 witherspoon systemd[1]: Created slice system-vcs_off.slice.
Jul 31 14:45:21 witherspoon systemd[1]: Created slice system-avsbus\x2ddisable.slice.
Jul 31 14:45:21 witherspoon systemd[1]: Created slice system-phosphor\x2dwatchdog.slice.
Jul 31 14:45:21 witherspoon systemd[1]: Started Phosphor poweron watchdog.
Jul 31 14:45:22 witherspoon systemd[1]: Created slice system-start_host.slice.
Jul 31 14:45:22 witherspoon phosphor-gevent[1016]: ::8089:6876:8e91:f402%1995672348 - - [2017-07-31 14:45:22] "PUT /xyz/openbmc_project/state/host0//attr/RequestedHostTransition HTTP/1.1" 200 169 0.706016
Jul 31 14:45:22 witherspoon systemd[1]: Created slice system-mapper\x2dsubtree\x2dremove.slice.
Jul 31 14:45:22 witherspoon systemd[1]: Starting Wait for /org/openbmc/control/chassis0...
Jul 31 14:45:22 witherspoon systemd[1]: Started Phosphor GPIO checkstop monitor.
Jul 31 14:45:22 witherspoon systemd[1]: Created slice system-obmc\x2denable\x2dhost\x2dwatchdog.slice.
Jul 31 14:45:22 witherspoon systemd[1]: Reached target Powerwitherspoon-fan-watchdog (On).
Jul 31 14:45:22 witherspoon systemd[1]: Created slice system-vrm\x2dcontrol.slice.
Jul 31 14:45:22 witherspoon systemd[1]: Created slice system-ucd_disable_vcs.slice.
Jul 31 14:45:22 witherspoon systemd[1]: Reached target Start Host checkstop monitor.
Jul 31 14:45:22 witherspoon systemd[1]: Started Witherspoon Fan Watchdog Daemon.
Jul 31 14:45:22 witherspoon systemd[1]: Starting Wait for /xyz/openbmc_project/led/groups/power_on...
Jul 31 14:45:22 witherspoon systemd[1]: Created slice system-ir35221\x2don\x2dbind.slice.
Jul 31 14:45:22 witherspoon systemd[1]: Created slice system-fsi\x2dscan.slice.
Jul 31 14:45:22 witherspoon systemd[1]: Starting mapper subtree-remove /xyz/openbmc_project/software:xyz.openbmc_project.Software.ActivationBlocksTransition...
Jul 31 14:45:22 witherspoon systemd[1]: Created slice system-avsbus\x2denable.slice.
Jul 31 14:45:22 witherspoon systemd[1]: Created slice system-op\x2dwait\x2dpower\x2don.slice.
Jul 31 14:45:22 witherspoon systemd[1]: Created slice system-phosphor\x2dfan\x2dpresence\x2dtach.slice.
Jul 31 14:45:22 witherspoon systemd[1]: Starting Wait for /xyz/openbmc_project/watchdog/host0...
Jul 31 14:45:23 witherspoon systemd[1]: Created slice system-op\x2dpower\x2dstart.slice.
Jul 31 14:45:23 witherspoon systemd[1]: Starting Reload mboxd during power on...
Jul 31 14:45:23 witherspoon systemd[1]: Created slice system-pcie\x2dslot\x2ddetect.slice.
Jul 31 14:45:23 witherspoon systemd[1]: Created slice system-phosphor\x2dfan\x2dcontrol\x2dinit.slice.
Jul 31 14:45:23 witherspoon systemd[1]: Started Phosphor Fan Control Initialization.
Jul 31 14:45:23 witherspoon systemd[1]: Created slice system-ir35221\x2don\x2dunbind.slice.
Jul 31 14:45:23 witherspoon systemd[1]: Starting Witherspoon Fan Watchdog Reset...
Jul 31 14:45:23 witherspoon mboxctl[1162]: Reset: Success
Jul 31 14:45:23 witherspoon systemd[1]: Starting power on mode unbind ir35221 device driver devs...
Jul 31 14:45:23 witherspoon systemd[1]: Created slice system-vcs_workaround.slice.
Jul 31 14:45:23 witherspoon systemd[1]: Created slice system-cfam_override.slice.
Jul 31 14:45:23 witherspoon phosphor-gevent[1016]: ::8089:6876:8e91:f402%1995672348 - - [2017-07-31 14:45:23] "POST /login HTTP/1.1" 200 320 0.388489
Jul 31 14:45:23 witherspoon systemd[1]: Created slice system-fsi\x2dbind.slice.
Jul 31 14:45:23 witherspoon systemd[1]: Starting Disable UCD VCS rails...
Jul 31 14:45:23 witherspoon systemd[1]: Starting Wait for Power0 to turn on...
Jul 31 14:45:24 witherspoon systemd[1]: Started Wait for /org/openbmc/control/chassis0.
Jul 31 14:45:24 witherspoon systemd[1]: Started Wait for /xyz/openbmc_project/led/groups/power_on.
Jul 31 14:45:24 witherspoon systemd[1]: Started mapper subtree-remove /xyz/openbmc_project/software:xyz.openbmc_project.Software.ActivationBlocksTransition.
Jul 31 14:45:24 witherspoon systemd[1]: Started Reload mboxd during power on.
Jul 31 14:45:24 witherspoon systemd[1]: Started Witherspoon Fan Watchdog Reset.
Jul 31 14:45:24 witherspoon systemd[1]: Started power on mode unbind ir35221 device driver devs.
Jul 31 14:45:24 witherspoon systemd[1]: xyz.openbmc_project.Hwmon@ahb-apb-i2c\x401e78a000-i2c\x2dbus\x40140-ir35221\x4071.service: Unit not needed anymore. Stopping.
Jul 31 14:45:24 witherspoon systemd[1]: xyz.openbmc_project.Hwmon@ahb-apb-i2c\x401e78a000-i2c\x2dbus\x40140-ir35221\x4071.service: Service hold-off time over, scheduling restart.
Jul 31 14:45:24 witherspoon systemd[1]: xyz.openbmc_project.Hwmon@ahb-apb-i2c\x401e78a000-i2c\x2dbus\x40140-ir35221\x4071.service: Stop job pending for unit, delaying automatic restart.
Jul 31 14:45:24 witherspoon systemd[1]: xyz.openbmc_project.Hwmon@ahb-apb-i2c\x401e78a000-i2c\x2dbus\x40140-ir35221\x4070.service: Service hold-off time over, scheduling restart.
Jul 31 14:45:24 witherspoon systemd[1]: xyz.openbmc_project.Hwmon@ahb-apb-i2c\x401e78a000-i2c\x2dbus\x40180-ir35221\x4070.service: Service hold-off time over, scheduling restart.
Jul 31 14:45:24 witherspoon systemd[1]: xyz.openbmc_project.Hwmon@ahb-apb-i2c\x401e78a000-i2c\x2dbus\x40180-ir35221\x4071.service: Service hold-off time over, scheduling restart.
Jul 31 14:45:24 witherspoon systemd[1]: xyz.openbmc_project.Hwmon@ahb-apb-i2c\x401e78a000-i2c\x2dbus\x40180-ir35221\x4070.service: Unit not needed anymore. Stopping.
Jul 31 14:45:24 witherspoon systemd[1]: Requested transaction contradicts existing jobs: Transaction is destructive.
Jul 31 14:45:24 witherspoon systemd[1]: xyz.openbmc_project.Hwmon@ahb-apb-i2c\x401e78a000-i2c\x2dbus\x40180-ir35221\x4070.service: Failed to enqueue stop job, ignoring: Transaction is destructive.
Jul 31 14:45:25 witherspoon kernel: ucd9000 11-0064: Device ID UCD90160|2.3.4.0000|110603
Jul 31 14:45:25 witherspoon kernel[959]: [  362.700000] ucd9000 11-0064: Device ID UCD90160|2.3.4.0000|110603
Jul 31 14:45:25 witherspoon systemd[1]: xyz.openbmc_project.Hwmon@ahb-apb-i2c\x401e78a000-i2c\x2dbus\x40180-ir35221\x4071.service: Unit not needed anymore. Stopping.
Jul 31 14:45:25 witherspoon systemd[1]: Requested transaction contradicts existing jobs: Transaction is destructive.
Jul 31 14:45:25 witherspoon systemd[1]: xyz.openbmc_project.Hwmon@ahb-apb-i2c\x401e78a000-i2c\x2dbus\x40180-ir35221\x4071.service: Failed to enqueue stop job, ignoring: Transaction is destructive.
Jul 31 14:45:25 witherspoon systemd[1]: xyz.openbmc_project.Hwmon@ahb-apb-i2c\x401e78a000-i2c\x2dbus\x40140-ir35221\x4071.service: Service hold-off time over, scheduling restart.
Jul 31 14:45:25 witherspoon systemd[1]: xyz.openbmc_project.Hwmon@ahb-apb-i2c\x401e78a000-i2c\x2dbus\x40140-ir35221\x4071.service: Stop job pending for unit, delaying automatic restart.
Jul 31 14:45:25 witherspoon systemd[1]: xyz.openbmc_project.Hwmon@ahb-apb-i2c\x401e78a000-i2c\x2dbus\x40140-ir35221\x4070.service: Unit not needed anymore. Stopping.
Jul 31 14:45:25 witherspoon systemd[1]: Requested transaction contradicts existing jobs: Transaction is destructive.
