-- Logs begin at Mon 2017-09-18 22:04:25 UTC, end at Mon 2017-09-18 22:17:56 UTC. --
Sep 18 22:04:25 witherspoon kernel: Booting Linux on physical CPU 0x0
Sep 18 22:04:25 witherspoon kernel: Linux version 4.10.17-c4227b43277bbd0992d10d764d4958239786503d (jenkins@openbmc-builder1) (gcc version 6.2.0 (GCC) ) #1 Mon Sep 18 20:14:46 UTC 2017
Sep 18 22:04:25 witherspoon kernel: CPU: ARMv6-compatible processor [410fb767] revision 7 (ARMv7), cr=00c5387d
Sep 18 22:04:25 witherspoon kernel: CPU: PIPT / VIPT nonaliasing data cache, VIPT nonaliasing instruction cache
Sep 18 22:04:25 witherspoon kernel: OF: fdt:Machine model: Witherspoon BMC
Sep 18 22:04:25 witherspoon kernel: Memory policy: Data cache writeback
Sep 18 22:04:25 witherspoon kernel: SOC Rev: 04030303
Sep 18 22:04:25 witherspoon kernel: On node 0 totalpages: 110592
Sep 18 22:04:25 witherspoon kernel: free_area_init_node: node 0, pgdat 806038a4, node_mem_map 9ec1a000
Sep 18 22:04:25 witherspoon kernel:   Normal zone: 992 pages used for memmap
Sep 18 22:04:25 witherspoon kernel:   Normal zone: 0 pages reserved
Sep 18 22:04:25 witherspoon kernel:   Normal zone: 110592 pages, LIFO batch:31
Sep 18 22:04:25 witherspoon kernel: pcpu-alloc: s0 r0 d32768 u32768 alloc=1*32768
Sep 18 22:04:25 witherspoon kernel: pcpu-alloc: [0] 0 
Sep 18 22:04:25 witherspoon kernel: Built 1 zonelists in Zone order, mobility grouping on.  Total pages: 109600
Sep 18 22:04:25 witherspoon kernel: Kernel command line: console=ttyS4,115200n8 root=/dev/ram rw
Sep 18 22:04:25 witherspoon kernel: PID hash table entries: 2048 (order: 1, 8192 bytes)
Sep 18 22:04:25 witherspoon kernel: Dentry cache hash table entries: 65536 (order: 6, 262144 bytes)
Sep 18 22:04:25 witherspoon kernel: Inode-cache hash table entries: 32768 (order: 5, 131072 bytes)
Sep 18 22:04:25 witherspoon kernel: Memory: 430408K/442368K available (4077K kernel code, 281K rwdata, 1196K rodata, 284K init, 111K bss, 11960K reserved, 0K cma-reserved)
Sep 18 22:04:25 witherspoon kernel: Virtual kernel memory layout:
                                        vector  : 0xffff0000 - 0xffff1000   (   4 kB)
                                        fixmap  : 0xffc00000 - 0xfff00000   (3072 kB)
                                        vmalloc : 0x9f800000 - 0xff800000   (1536 MB)
                                        lowmem  : 0x80000000 - 0x9f000000   ( 496 MB)
                                          .text : 0x80008000 - 0x804036e0   (4078 kB)
                                          .init : 0x80589000 - 0x805d0000   ( 284 kB)
                                          .data : 0x805d0000 - 0x806167a8   ( 282 kB)
                                           .bss : 0x806167a8 - 0x80632678   ( 112 kB)
Sep 18 22:04:25 witherspoon kernel: NR_IRQS:16 nr_irqs:16 16
Sep 18 22:04:25 witherspoon kernel: i2c controller registered, irq 16
Sep 18 22:04:25 witherspoon kernel: clocksource: moxart_timer: mask: 0xffffffff max_cycles: 0xffffffff, max_idle_ns: 77222644334 ns
Sep 18 22:04:25 witherspoon kernel: sched_clock: 32 bits at 100 Hz, resolution 10000000ns, wraps every 21474836475000000ns
Sep 18 22:04:25 witherspoon kernel: Calibrating delay loop... 789.70 BogoMIPS (lpj=3948544)
Sep 18 22:04:25 witherspoon kernel: pid_max: default: 32768 minimum: 301
Sep 18 22:04:25 witherspoon kernel: Mount-cache hash table entries: 1024 (order: 0, 4096 bytes)
Sep 18 22:04:25 witherspoon kernel: Mountpoint-cache hash table entries: 1024 (order: 0, 4096 bytes)
Sep 18 22:04:25 witherspoon kernel: CPU: Testing write buffer coherency: ok
Sep 18 22:04:25 witherspoon kernel: ftrace: allocating 14991 entries in 44 pages
Sep 18 22:04:25 witherspoon kernel: Setting up static identity map for 0x80008200 - 0x8000825c
Sep 18 22:04:25 witherspoon kernel: devtmpfs: initialized
Sep 18 22:04:25 witherspoon kernel: clocksource: jiffies: mask: 0xffffffff max_cycles: 0xffffffff, max_idle_ns: 19112604462750000 ns
Sep 18 22:04:25 witherspoon kernel: futex hash table entries: 256 (order: -1, 3072 bytes)
Sep 18 22:04:25 witherspoon kernel: pinctrl core: initialized pinctrl subsystem
Sep 18 22:04:25 witherspoon kernel: NET: Registered protocol family 16
Sep 18 22:04:25 witherspoon kernel: DMA: preallocated 256 KiB pool for atomic coherent allocations
Sep 18 22:04:25 witherspoon kernel: usbcore: registered new interface driver usbfs
Sep 18 22:04:25 witherspoon kernel: usbcore: registered new interface driver hub
Sep 18 22:04:25 witherspoon kernel: usbcore: registered new device driver usb
Sep 18 22:04:25 witherspoon kernel: clocksource: Switched to clocksource moxart_timer
Sep 18 22:04:25 witherspoon kernel: NET: Registered protocol family 2
Sep 18 22:04:25 witherspoon kernel: TCP established hash table entries: 4096 (order: 2, 16384 bytes)
Sep 18 22:04:25 witherspoon kernel: TCP bind hash table entries: 4096 (order: 2, 16384 bytes)
Sep 18 22:04:25 witherspoon kernel: TCP: Hash tables configured (established 4096 bind 4096)
Sep 18 22:04:25 witherspoon kernel: UDP hash table entries: 256 (order: 0, 4096 bytes)
Sep 18 22:04:25 witherspoon kernel: UDP-Lite hash table entries: 256 (order: 0, 4096 bytes)
Sep 18 22:04:25 witherspoon kernel: NET: Registered protocol family 1
Sep 18 22:04:25 witherspoon kernel: Trying to unpack rootfs image as initramfs...
Sep 18 22:04:25 witherspoon kernel: Freeing initrd memory: 1548K
Sep 18 22:04:25 witherspoon kernel: workingset: timestamp_bits=30 max_order=17 bucket_order=0
Sep 18 22:04:25 witherspoon kernel: squashfs: version 4.0 (2009/01/31) Phillip Lougher
Sep 18 22:04:25 witherspoon kernel: jffs2: version 2.2. (SUMMARY)  © 2001-2006 Red Hat, Inc.
Sep 18 22:04:25 witherspoon kernel: Block layer SCSI generic (bsg) driver version 0.4 loaded (major 250)
Sep 18 22:04:25 witherspoon kernel: io scheduler noop registered
Sep 18 22:04:25 witherspoon kernel: io scheduler deadline registered
Sep 18 22:04:25 witherspoon kernel: io scheduler cfq registered (default)
Sep 18 22:04:25 witherspoon kernel: ipmi-bt-host 1e789140.ibt: Found bt bmc device
Sep 18 22:04:25 witherspoon kernel: ipmi-bt-host 1e789140.ibt: Using IRQ 22
Sep 18 22:04:25 witherspoon kernel: Serial: 8250/16550 driver, 6 ports, IRQ sharing enabled
Sep 18 22:04:25 witherspoon kernel: 1e787000.vuart: ttyS5 at MMIO 0x1e787000 (irq = 22, base_baud = 1500000) is a 16550A
Sep 18 22:04:25 witherspoon kernel: 1e783000.serial: ttyS0 at MMIO 0x1e783000 (irq = 23, base_baud = 1500000) is a 16550A
Sep 18 22:04:25 witherspoon kernel: 1e78d000.serial: ttyS1 at MMIO 0x1e78d000 (irq = 24, base_baud = 1500000) is a 16550A
Sep 18 22:04:25 witherspoon kernel: 1e784000.serial: ttyS4 at MMIO 0x1e784000 (irq = 25, base_baud = 1500000) is a 16550A
Sep 18 22:04:25 witherspoon kernel: console [ttyS4] enabled
Sep 18 22:04:25 witherspoon kernel: timeriomem_rng 1e6e2078.hwrng: 32bits from 0xf00e2078 @ 1us
Sep 18 22:04:25 witherspoon kernel: random: fast init done
Sep 18 22:04:25 witherspoon kernel: random: crng init done
Sep 18 22:04:25 witherspoon kernel: brd: module loaded
Sep 18 22:04:25 witherspoon kernel: loop: module loaded
Sep 18 22:04:25 witherspoon kernel: aspeed-lpc-ctrl 1e789080.lpc-ctrl: Loaded at 0x98000000 (0x04000000)
Sep 18 22:04:25 witherspoon kernel: aspeed-smc 1e620000.flash-controller: Using IRQ 18
Sep 18 22:04:25 witherspoon kernel: aspeed-smc 1e620000.flash-controller: DMA support disabled.
Sep 18 22:04:25 witherspoon kernel: aspeed-smc 1e620000.flash-controller: mx25l25635e (32768 Kbytes)
Sep 18 22:04:25 witherspoon kernel: aspeed-smc 1e620000.flash-controller: CE0 window [ 0x20000000 - 0x22000000 ] 32MB
Sep 18 22:04:25 witherspoon kernel: aspeed-smc 1e620000.flash-controller: CE1 window [ 0x22000000 - 0x2a000000 ] 128MB
Sep 18 22:04:25 witherspoon kernel: 5 ofpart partitions found on MTD device bmc
Sep 18 22:04:25 witherspoon kernel: Creating 5 MTD partitions on "bmc":
Sep 18 22:04:25 witherspoon kernel: 0x000000000000-0x000000060000 : "u-boot"
Sep 18 22:04:25 witherspoon kernel: 0x000000060000-0x000000080000 : "u-boot-env"
Sep 18 22:04:25 witherspoon kernel: 0x000000080000-0x0000004c0000 : "kernel"
Sep 18 22:04:25 witherspoon kernel: 0x0000004c0000-0x000001c00000 : "rofs"
Sep 18 22:04:25 witherspoon kernel: 0x000001c00000-0x000002000000 : "rwfs"
Sep 18 22:04:25 witherspoon kernel: aspeed-smc 1e620000.flash-controller: mx25l25635e (32768 Kbytes)
Sep 18 22:04:25 witherspoon kernel: aspeed-smc 1e620000.flash-controller: CE1 window [ 0x22000000 - 0x24000000 ] 32MB
Sep 18 22:04:26 witherspoon kernel: aspeed-smc 1e620000.flash-controller: CE2 window [ 0x24000000 - 0x2c000000 ] 128MB
Sep 18 22:04:26 witherspoon kernel: aspeed-smc 1e630000.flash-controller: mx66l1g45g (131072 Kbytes)
Sep 18 22:04:26 witherspoon kernel: aspeed-smc 1e630000.flash-controller: CE0 window resized to 120MB (AST2500 HW quirk)
Sep 18 22:04:26 witherspoon kernel: aspeed-smc 1e630000.flash-controller: CE0 window [ 0x30000000 - 0x37800000 ] 120MB
Sep 18 22:04:26 witherspoon kernel: aspeed-smc 1e630000.flash-controller: CE0 window too small for chip 128MB
Sep 18 22:04:26 witherspoon kernel: aspeed-smc 1e630000.flash-controller: CE1 window [ 0x37800000 - 0x38000000 ] 8MB
Sep 18 22:04:26 witherspoon kernel: libphy: Fixed MDIO Bus: probed
Sep 18 22:04:26 witherspoon kernel: ftgmac100 1e660000.ethernet: Read MAC address 70:e2:84:14:23:e1 from chip
Sep 18 22:04:26 witherspoon kernel: ftgmac100 1e660000.ethernet: Using NCSI interface
Sep 18 22:04:26 witherspoon kernel: ftgmac100 1e660000.ethernet eth0: irq 20, mapped at f0060000
Sep 18 22:04:26 witherspoon kernel: ehci_hcd: USB 2.0 'Enhanced' Host Controller (EHCI) Driver
Sep 18 22:04:26 witherspoon kernel: ehci-platform: EHCI generic platform driver
Sep 18 22:04:26 witherspoon kernel: i2c /dev entries driver
Sep 18 22:04:26 witherspoon kernel: aspeed-i2c-bus 1e78a0c0.i2c-bus: i2c bus 2 registered, irq 26
Sep 18 22:04:26 witherspoon kernel: aspeed-i2c-bus 1e78a100.i2c-bus: i2c bus 3 registered, irq 27
Sep 18 22:04:26 witherspoon kernel: aspeed-i2c-bus 1e78a140.i2c-bus: i2c bus 4 registered, irq 28
Sep 18 22:04:26 witherspoon kernel: aspeed-i2c-bus 1e78a180.i2c-bus: i2c bus 5 registered, irq 29
Sep 18 22:04:26 witherspoon kernel: aspeed-i2c-bus 1e78a380.i2c-bus: i2c bus 9 registered, irq 30
Sep 18 22:04:26 witherspoon kernel: aspeed-i2c-bus 1e78a3c0.i2c-bus: i2c bus 10 registered, irq 31
Sep 18 22:04:26 witherspoon kernel: rtc-rv8803 11-0032: Voltage low, temperature compensation stopped.
Sep 18 22:04:26 witherspoon kernel: rtc-rv8803 11-0032: An alarm maybe have been missed.
Sep 18 22:04:26 witherspoon kernel: rtc-rv8803 11-0032: rtc core: registered rx8900 as rtc0
Sep 18 22:04:26 witherspoon kernel: at24 11-0051: 8192 byte 24c64 EEPROM, writable, 1 bytes/write
Sep 18 22:04:26 witherspoon kernel: aspeed-i2c-bus 1e78a400.i2c-bus: i2c bus 11 registered, irq 32
Sep 18 22:04:26 witherspoon kernel: aspeed-i2c-bus 1e78a440.i2c-bus: i2c bus 12 registered, irq 33
Sep 18 22:04:26 witherspoon kernel: aspeed-i2c-bus 1e78a480.i2c-bus: i2c bus 13 registered, irq 34
Sep 18 22:04:26 witherspoon kernel: Driver for 1-wire Dallas network protocol.
Sep 18 22:04:26 witherspoon kernel: lm75 9-004a: hwmon0: sensor 'tmp275'
Sep 18 22:04:26 witherspoon kernel: ucd9000 11-0064: Device ID UCD90160|2.3.4.0000|110603
Sep 18 22:04:26 witherspoon kernel: leds-pca955x 3-0060: leds-pca955x: Using pca9552 16-bit LED driver at slave address 0x60
Sep 18 22:04:26 witherspoon kernel: leds-pca955x 3-0060: gpios 238...253
Sep 18 22:04:26 witherspoon kernel: leds-pca955x 11-0060: leds-pca955x: Using pca9552 16-bit LED driver at slave address 0x60
Sep 18 22:04:26 witherspoon kernel: leds-pca955x 11-0060: gpios 222...237
Sep 18 22:04:26 witherspoon kernel: usbcore: registered new interface driver usbhid
Sep 18 22:04:26 witherspoon kernel: usbhid: USB HID core driver
Sep 18 22:04:26 witherspoon kernel: NET: Registered protocol family 10
Sep 18 22:04:26 witherspoon kernel: Segment Routing with IPv6
Sep 18 22:04:26 witherspoon kernel: NET: Registered protocol family 17
Sep 18 22:04:26 witherspoon kernel: 8021q: 802.1Q VLAN Support v1.8
Sep 18 22:04:26 witherspoon kernel: input: gpio-keys-polled as /devices/platform/gpio-keys-polled/input/input1
Sep 18 22:04:26 witherspoon kernel: console [netcon0] enabled
Sep 18 22:04:26 witherspoon kernel: netconsole: network logging started
Sep 18 22:04:26 witherspoon kernel: input: gpio-keys as /devices/platform/gpio-keys/input/input2
Sep 18 22:04:26 witherspoon kernel: rtc-rv8803 11-0032: setting system clock to 2017-09-18 22:04:18 UTC (1505772258)
Sep 18 22:04:26 witherspoon kernel: Freeing unused kernel memory: 284K
Sep 18 22:04:26 witherspoon kernel: This architecture does not have kernel memory protection.
Sep 18 22:04:26 witherspoon kernel: jffs2: notice: (542) jffs2_build_xattr_subsystem: complete building xattr subsystem, 1 of xdatum (1 unchecked, 0 orphan) and 12 of xref (0 dead, 2 orphan) found.
Sep 18 22:04:26 witherspoon systemd[1]: Failed to insert module 'autofs4': No such file or directory
Sep 18 22:04:26 witherspoon systemd[1]: systemd 232 running in system mode. (+PAM -AUDIT -SELINUX -IMA -APPARMOR -SMACK +SYSVINIT -UTMP -LIBCRYPTSETUP -GCRYPT -GNUTLS +ACL +XZ -LZ4 -SECCOMP +BLKID -ELFUTILS +KMOD -IDN)
Sep 18 22:04:26 witherspoon systemd[1]: Detected architecture arm.
Sep 18 22:04:26 witherspoon systemd[1]: Set hostname to <witherspoon>.
Sep 18 22:04:26 witherspoon systemd[1]: Listening on Journal Socket.
Sep 18 22:04:26 witherspoon systemd[1]: Started Dispatch Password Requests to Console Directory Watch.
Sep 18 22:04:26 witherspoon systemd[1]: Listening on udev Kernel Socket.
Sep 18 22:04:26 witherspoon systemd[1]: Listening on Journal Socket (/dev/log).
Sep 18 22:04:26 witherspoon systemd[1]: Listening on Network Service Netlink Socket.
Sep 18 22:04:26 witherspoon systemd[1]: Reached target Swap.
Sep 18 22:04:26 witherspoon systemd[1]: Started Forward Password Requests to Wall Directory Watch.
Sep 18 22:04:26 witherspoon systemd-journald[563]: Journal started
Sep 18 22:04:26 witherspoon systemd-journald[563]: Runtime journal (/run/log/journal/cc6e1404d87444e8a089dfdb00a18f7d) is 0B, max 0B, 0B free.
Sep 18 22:04:25 witherspoon systemd-sysctl[561]: Couldn't write '16' to 'kernel/sysrq', ignoring: No such file or directory
Sep 18 22:04:25 witherspoon systemd-sysctl[561]: Couldn't write 'fq_codel' to 'net/core/default_qdisc', ignoring: No such file or directory
Sep 18 22:04:26 witherspoon systemd[1]: Started Apply Kernel Variables.
Sep 18 22:04:26 witherspoon systemd[1]: Started Remount Root and Kernel File Systems.
Sep 18 22:04:26 witherspoon systemd[1]: Starting Create Static Device Nodes in /dev...
Sep 18 22:04:26 witherspoon systemd[1]: Starting Flush Journal to Persistent Storage...
Sep 18 22:04:26 witherspoon systemd-journald[563]: Runtime journal (/run/log/journal/cc6e1404d87444e8a089dfdb00a18f7d) is 0B, max 0B, 0B free.
Sep 18 22:04:27 witherspoon systemd[1]: Started Flush Journal to Persistent Storage.
Sep 18 22:04:27 witherspoon systemd[1]: Started Create Static Device Nodes in /dev.
Sep 18 22:04:27 witherspoon systemd[1]: Starting udev Kernel Device Manager...
Sep 18 22:04:27 witherspoon systemd[1]: Reached target Local File Systems (Pre).
Sep 18 22:04:27 witherspoon systemd[1]: Mounting /var/volatile...
Sep 18 22:04:27 witherspoon systemd[1]: Mounting /usr/local...
Sep 18 22:04:27 witherspoon systemd[1]: Mounted /usr/local.
Sep 18 22:04:27 witherspoon systemd[1]: Mounted /var/volatile.
Sep 18 22:04:27 witherspoon systemd[1]: Starting Load/Save Random Seed...
Sep 18 22:04:27 witherspoon systemd[1]: Reached target Local File Systems.
Sep 18 22:04:27 witherspoon systemd[1]: Starting Create Volatile Files and Directories...
Sep 18 22:04:27 witherspoon systemd[1]: Started Load/Save Random Seed.
Sep 18 22:04:28 witherspoon systemd[1]: Started udev Coldplug all Devices.
Sep 18 22:04:28 witherspoon systemd[1]: Started udev Kernel Device Manager.
Sep 18 22:04:28 witherspoon systemd-tmpfiles[689]: "/var/tmp" already exists and is not a directory.
Sep 18 22:04:28 witherspoon systemd-tmpfiles[689]: "/var/log" already exists and is not a directory.
Sep 18 22:04:28 witherspoon systemd[1]: Started Create Volatile Files and Directories.
Sep 18 22:04:28 witherspoon systemd[1]: Starting Network Time Synchronization...
Sep 18 22:04:28 witherspoon systemd[1]: Started Network Time Synchronization.
Sep 18 22:04:28 witherspoon systemd[1]: Reached target System Time Synchronized.
Sep 18 22:04:29 witherspoon systemd[1]: Reached target System Initialization.
Sep 18 22:04:29 witherspoon systemd[1]: Listening on phosphor-ipmi-net.socket.
Sep 18 22:04:29 witherspoon systemd[1]: Listening on Phosphor Host Console SSH Per-Connection socket.
Sep 18 22:04:29 witherspoon systemd[1]: Listening on Avahi mDNS/DNS-SD Stack Activation Socket.
Sep 18 22:04:29 witherspoon systemd[1]: Listening on dropbear.socket.
Sep 18 22:04:29 witherspoon systemd[1]: Started Daily Cleanup of Temporary Directories.
Sep 18 22:04:29 witherspoon systemd[1]: Reached target Timers.
Sep 18 22:04:29 witherspoon systemd[1]: Listening on D-Bus System Message Bus Socket.
Sep 18 22:04:29 witherspoon systemd[1]: Listening on Phosphor Webserver socket.
Sep 18 22:04:30 witherspoon systemd[1]: Listening on Phosphor DBUS Browser socket.
Sep 18 22:04:30 witherspoon systemd[1]: Reached target Sockets.
Sep 18 22:04:30 witherspoon systemd[1]: Reached target Basic System.
Sep 18 22:04:30 witherspoon systemd[1]: Starting Phosphor Chassis0 Control...
Sep 18 22:04:30 witherspoon systemd[1]: Starting Phosphor BMC0 Control...
Sep 18 22:04:30 witherspoon systemd[1]: Starting Phosphor Download Manager...
Sep 18 22:04:30 witherspoon systemd[1]: Starting Phosphor DBus Service Discovery Manager...
Sep 18 22:04:30 witherspoon systemd[1]: Started Kernel Logging Service.
Sep 18 22:04:30 witherspoon systemd[1]: Starting Phosphor Settings Daemon...
Sep 18 22:04:30 witherspoon systemd[1]: Starting Updates symlinks for active PNOR version...
Sep 18 22:04:30 witherspoon systemd[1]: Starting Phosphor IPMI BT DBus Bridge...
Sep 18 22:04:30 witherspoon systemd[1]: Starting Phosphor Inventory Manager...
Sep 18 22:04:30 witherspoon systemd[1]: Starting Phosphor Inventory Manager...
Sep 18 22:04:30 witherspoon systemd[1]: Started System Logging Service.
Sep 18 22:04:31 witherspoon systemd[1]: Starting Phosphor Download Manager...
Sep 18 22:04:31 witherspoon systemd[1]: Started Phosphor Dump core monitor..
Sep 18 22:04:31 witherspoon kernel[954]: klogd started: BusyBox v1.24.1 (2017-06-16 19:29:08 UTC)
Sep 18 22:04:31 witherspoon kernel[954]: [    0.000000] Booting Linux on physical CPU 0x0
Sep 18 22:04:31 witherspoon kernel[954]: [    0.000000] Linux version 4.10.17-c4227b43277bbd0992d10d764d4958239786503d (jenkins@openbmc-builder1) (gcc version 6.2.0 (GCC) ) #1 Mon Sep 18 20:14:46 UTC 2017
Sep 18 22:04:31 witherspoon kernel[954]: [    0.000000] CPU: ARMv6-compatible processor [410fb767] revision 7 (ARMv7), cr=00c5387d
Sep 18 22:04:31 witherspoon kernel[954]: [    0.000000] CPU: PIPT / VIPT nonaliasing data cache, VIPT nonaliasing instruction cache
Sep 18 22:04:31 witherspoon kernel[954]: [    0.000000] OF: fdt:Machine model: Witherspoon BMC
Sep 18 22:04:31 witherspoon kernel[954]: [    0.000000] Memory policy: Data cache writeback
Sep 18 22:04:31 witherspoon kernel[954]: [    0.000000] SOC Rev: 04030303
Sep 18 22:04:31 witherspoon kernel[954]: [    0.000000] On node 0 totalpages: 110592
Sep 18 22:04:31 witherspoon kernel[954]: [    0.000000] free_area_init_node: node 0, pgdat 806038a4, node_mem_map 9ec1a000
Sep 18 22:04:31 witherspoon kernel[954]: [    0.000000]   Normal zone: 992 pages used for memmap
Sep 18 22:04:31 witherspoon kernel[954]: [    0.000000]   Normal zone: 0 pages reserved
Sep 18 22:04:31 witherspoon kernel[954]: [    0.000000]   Normal zone: 110592 pages, LIFO batch:31
Sep 18 22:04:31 witherspoon kernel[954]: [    0.000000] pcpu-alloc: s0 r0 d32768 u32768 alloc=1*32768
Sep 18 22:04:31 witherspoon kernel[954]: [    0.000000] pcpu-alloc: [0] 0
Sep 18 22:04:31 witherspoon kernel[954]: [    0.000000] Built 1 zonelists in Zone order, mobility grouping on.  Total pages: 109600
Sep 18 22:04:31 witherspoon kernel[954]: [    0.000000] Kernel command line: console=ttyS4,115200n8 root=/dev/ram rw
Sep 18 22:04:31 witherspoon kernel[954]: [    0.000000] PID hash table entries: 2048 (order: 1, 8192 bytes)
Sep 18 22:04:31 witherspoon kernel[954]: [    0.000000] Dentry cache hash table entries: 65536 (order: 6, 262144 bytes)
Sep 18 22:04:31 witherspoon kernel[954]: [    0.000000] Inode-cache hash table entries: 32768 (order: 5, 131072 bytes)
Sep 18 22:04:31 witherspoon systemd[1]: Reached target Containers.
Sep 18 22:04:31 witherspoon obmc-flash-bios[956]: '/var/lib/phosphor-software-manager/pnor/ro' -> '/media/pnor-ro-8764baa3'
Sep 18 22:04:31 witherspoon kernel[954]: [    0.000000] Memory: 430408K/442368K available (4077K kernel code, 281K rwdata, 1196K rodata, 284K init, 111K bss, 11960K reserved, 0K cma-reserved)
Sep 18 22:04:31 witherspoon systemd[1]: Started D-Bus System Message Bus.
Sep 18 22:04:31 witherspoon kernel[954]: [    0.000000] Virtual kernel memory layout:
Sep 18 22:04:31 witherspoon kernel[954]: [    0.000000]     vector  : 0xffff0000 - 0xffff1000   (   4 kB)
Sep 18 22:04:31 witherspoon kernel[954]: [    0.000000]     fixmap  : 0xffc00000 - 0xfff00000   (3072 kB)
Sep 18 22:04:31 witherspoon kernel[954]: [    0.000000]     vmalloc : 0x9f800000 - 0xff800000   (1536 MB)
Sep 18 22:04:31 witherspoon kernel[954]: [    0.000000]     lowmem  : 0x80000000 - 0x9f000000   ( 496 MB)
Sep 18 22:04:31 witherspoon kernel[954]: [    0.000000]       .text : 0x80008000 - 0x804036e0   (4078 kB)
Sep 18 22:04:31 witherspoon kernel[954]: [    0.000000]       .init : 0x80589000 - 0x805d0000   ( 284 kB)
Sep 18 22:04:31 witherspoon kernel[954]: [    0.000000]       .data : 0x805d0000 - 0x806167a8   ( 282 kB)
Sep 18 22:04:31 witherspoon kernel[954]: [    0.000000]        .bss : 0x806167a8 - 0x80632678   ( 112 kB)
Sep 18 22:04:31 witherspoon kernel[954]: [    0.000000] NR_IRQS:16 nr_irqs:16 16
Sep 18 22:04:31 witherspoon kernel[954]: [    0.000000] i2c controller registered, irq 16
Sep 18 22:04:31 witherspoon kernel[954]: [    0.000000] clocksource: moxart_timer: mask: 0xffffffff max_cycles: 0xffffffff, max_idle_ns: 77222644334 ns
Sep 18 22:04:31 witherspoon kernel[954]: [    0.000000] sched_clock: 32 bits at 100 Hz, resolution 10000000ns, wraps every 21474836475000000ns
Sep 18 22:04:31 witherspoon kernel[954]: [    0.090000] Calibrating delay loop... 789.70 BogoMIPS (lpj=3948544)
Sep 18 22:04:31 witherspoon kernel[954]: [    0.090000] pid_max: default: 32768 minimum: 301
Sep 18 22:04:31 witherspoon kernel[954]: [    0.090000] Mount-cache hash table entries: 1024 (order: 0, 4096 bytes)
Sep 18 22:04:31 witherspoon kernel[954]: [    0.090000] Mountpoint-cache hash table entries: 1024 (order: 0, 4096 bytes)
Sep 18 22:04:31 witherspoon kernel[954]: [    0.090000] CPU: Testing write buffer coherency: ok
Sep 18 22:04:31 witherspoon kernel[954]: [    0.090000] ftrace: allocating 14991 entries in 44 pages
Sep 18 22:04:31 witherspoon kernel[954]: [    0.120000] Setting up static identity map for 0x80008200 - 0x8000825c
Sep 18 22:04:31 witherspoon kernel[954]: [    0.130000] devtmpfs: initialized
Sep 18 22:04:31 witherspoon kernel[954]: [    0.140000] clocksource: jiffies: mask: 0xffffffff max_cycles: 0xffffffff, max_idle_ns: 19112604462750000 ns
Sep 18 22:04:31 witherspoon kernel[954]: [    0.140000] futex hash table entries: 256 (order: -1, 3072 bytes)
Sep 18 22:04:31 witherspoon kernel[954]: [    0.140000] pinctrl core: initialized pinctrl subsystem
Sep 18 22:04:31 witherspoon kernel[954]: [    0.140000] NET: Registered protocol family 16
Sep 18 22:04:31 witherspoon kernel[954]: [    0.140000] DMA: preallocated 256 KiB pool for atomic coherent allocations
Sep 18 22:04:31 witherspoon kernel[954]: [    0.210000] usbcore: registered new interface driver usbfs
Sep 18 22:04:31 witherspoon kernel[954]: [    0.210000] usbcore: registered new interface driver hub
Sep 18 22:04:31 witherspoon kernel[954]: [    0.210000] usbcore: registered new device driver usb
Sep 18 22:04:31 witherspoon kernel[954]: [    0.220000] clocksource: Switched to clocksource moxart_timer
Sep 18 22:04:31 witherspoon kernel[954]: [    0.240000] NET: Registered protocol family 2
Sep 18 22:04:31 witherspoon kernel[954]: [    0.240000] TCP established hash table entries: 4096 (order: 2, 16384 bytes)
Sep 18 22:04:31 witherspoon kernel[954]: [    0.240000] TCP bind hash table entries: 4096 (order: 2, 16384 bytes)
Sep 18 22:04:31 witherspoon kernel[954]: [    0.240000] TCP: Hash tables configured (established 4096 bind 4096)
Sep 18 22:04:31 witherspoon kernel[954]: [    0.240000] UDP hash table entries: 256 (order: 0, 4096 bytes)
Sep 18 22:04:31 witherspoon kernel[954]: [    0.240000] UDP-Lite hash table entries: 256 (order: 0, 4096 bytes)
Sep 18 22:04:31 witherspoon kernel[954]: [    0.240000] NET: Registered protocol family 1
Sep 18 22:04:31 witherspoon kernel[954]: [    0.240000] Trying to unpack rootfs image as initramfs...
Sep 18 22:04:31 witherspoon kernel[954]: [    1.910000] Freeing initrd memory: 1548K
Sep 18 22:04:31 witherspoon kernel[954]: [    1.910000] workingset: timestamp_bits=30 max_order=17 bucket_order=0
Sep 18 22:04:31 witherspoon kernel[954]: [    1.910000] squashfs: version 4.0 (2009/01/31) Phillip Lougher
Sep 18 22:04:31 witherspoon kernel[954]: [    1.910000] jffs2: version 2.2. (SUMMARY)  © 2001-2006 Red Hat, Inc.
Sep 18 22:04:31 witherspoon kernel[954]: [    1.910000] Block layer SCSI generic (bsg) driver version 0.4 loaded (major 250)
Sep 18 22:04:31 witherspoon kernel[954]: [    1.910000] io scheduler noop registered
Sep 18 22:04:31 witherspoon kernel[954]: [    1.910000] io scheduler deadline registered
Sep 18 22:04:31 witherspoon kernel[954]: [    1.910000] io scheduler cfq registered (default)
Sep 18 22:04:31 witherspoon kernel[954]: [    2.060000] ipmi-bt-host 1e789140.ibt: Found bt bmc device
Sep 18 22:04:31 witherspoon kernel[954]: [    2.060000] ipmi-bt-host 1e789140.ibt: Using IRQ 22
Sep 18 22:04:33 witherspoon obmc-flash-bios[956]: '/var/lib/phosphor-software-manager/pnor/rw' -> '/media/pnor-rw-8764baa3'
Sep 18 22:04:31 witherspoon kernel[954]: [    2.060000] Serial: 8250/16550 driver, 6 ports, IRQ sharing enabled
Sep 18 22:04:33 witherspoon obmc-flash-bios[956]: '/var/lib/phosphor-software-manager/pnor/prsv' -> '/media/pnor-prsv'
Sep 18 22:04:31 witherspoon kernel[954]: [    2.060000] 1e787000.vuart: ttyS5 at MMIO 0x1e787000 (irq = 22, base_baud = 1500000) is a 16550A
Sep 18 22:04:31 witherspoon kernel[954]: [    2.060000] 1e783000.serial: ttyS0 at MMIO 0x1e783000 (irq = 23, base_baud = 1500000) is a 16550A
Sep 18 22:04:31 witherspoon kernel[954]: [    2.060000] 1e78d000.serial: ttyS1 at MMIO 0x1e78d000 (irq = 24, base_baud = 1500000) is a 16550A
Sep 18 22:04:31 witherspoon kernel[954]: [    2.060000] 1e784000.serial: ttyS4 at MMIO 0x1e784000 (irq = 25, base_baud = 1500000) is a 16550A
Sep 18 22:04:31 witherspoon kernel[954]: [    2.410000] console [ttyS4] enabled
Sep 18 22:04:31 witherspoon kernel[954]: [    2.600000] timeriomem_rng 1e6e2078.hwrng: 32bits from 0xf00e2078 @ 1us
Sep 18 22:04:31 witherspoon kernel[954]: [    2.620000] random: fast init done
Sep 18 22:04:31 witherspoon kernel[954]: [    2.640000] random: crng init done
Sep 18 22:04:31 witherspoon kernel[954]: [    2.660000] brd: module loaded
Sep 18 22:04:31 witherspoon kernel[954]: [    2.680000] loop: module loaded
Sep 18 22:04:31 witherspoon kernel[954]: [    2.690000] aspeed-lpc-ctrl 1e789080.lpc-ctrl: Loaded at 0x98000000 (0x04000000)
Sep 18 22:04:31 witherspoon kernel[954]: [    2.690000] aspeed-smc 1e620000.flash-controller: Using IRQ 18
Sep 18 22:04:31 witherspoon kernel[954]: [    2.700000] aspeed-smc 1e620000.flash-controller: DMA support disabled.
Sep 18 22:04:31 witherspoon kernel[954]: [    2.700000] aspeed-smc 1e620000.flash-controller: mx25l25635e (32768 Kbytes)
Sep 18 22:04:31 witherspoon kernel[954]: [    2.700000] aspeed-smc 1e620000.flash-controller: CE0 window [ 0x20000000 - 0x22000000 ] 32MB
Sep 18 22:04:31 witherspoon kernel[954]: [    2.730000] aspeed-smc 1e620000.flash-controller: CE1 window [ 0x22000000 - 0x2a000000 ] 128MB
Sep 18 22:04:31 witherspoon kernel[954]: [    2.730000] 5 ofpart partitions found on MTD device bmc
Sep 18 22:04:31 witherspoon kernel[954]: [    2.750000] Creating 5 MTD partitions on "bmc":
Sep 18 22:04:31 witherspoon kernel[954]: [    2.750000] 0x000000000000-0x000000060000 : "u-boot"
Sep 18 22:04:31 witherspoon kernel[954]: [    2.760000] 0x000000060000-0x000000080000 : "u-boot-env"
Sep 18 22:04:31 witherspoon kernel[954]: [    2.770000] 0x000000080000-0x0000004c0000 : "kernel"
Sep 18 22:04:31 witherspoon kernel[954]: [    2.780000] 0x0000004c0000-0x000001c00000 : "rofs"
Sep 18 22:04:31 witherspoon kernel[954]: [    2.790000] 0x000001c00000-0x000002000000 : "rwfs"
Sep 18 22:04:31 witherspoon kernel[954]: [    2.800000] aspeed-smc 1e620000.flash-controller: mx25l25635e (32768 Kbytes)
Sep 18 22:04:31 witherspoon kernel[954]: [    2.810000] aspeed-smc 1e620000.flash-controller: CE1 window [ 0x22000000 - 0x24000000 ] 32MB
Sep 18 22:04:31 witherspoon kernel[954]: [    2.810000] aspeed-smc 1e620000.flash-controller: CE2 window [ 0x24000000 - 0x2c000000 ] 128MB
Sep 18 22:04:31 witherspoon kernel[954]: [    2.830000] aspeed-smc 1e630000.flash-controller: mx66l1g45g (131072 Kbytes)
Sep 18 22:04:31 witherspoon kernel[954]: [    2.840000] aspeed-smc 1e630000.flash-controller: CE0 window resized to 120MB (AST2500 HW quirk)
Sep 18 22:04:31 witherspoon kernel[954]: [    2.840000] aspeed-smc 1e630000.flash-controller: CE0 window [ 0x30000000 - 0x37800000 ] 120MB
Sep 18 22:04:31 witherspoon kernel[954]: [    2.860000] aspeed-smc 1e630000.flash-controller: CE0 window too small for chip 128MB
Sep 18 22:04:31 witherspoon kernel[954]: [    2.870000] aspeed-smc 1e630000.flash-controller: CE1 window [ 0x37800000 - 0x38000000 ] 8MB
Sep 18 22:04:31 witherspoon kernel[954]: [    3.580000] libphy: Fixed MDIO Bus: probed
Sep 18 22:04:31 witherspoon kernel[954]: [    3.580000] ftgmac100 1e660000.ethernet: Read MAC address 70:e2:84:14:23:e1 from chip
Sep 18 22:04:31 witherspoon kernel[954]: [    3.580000] ftgmac100 1e660000.ethernet: Using NCSI interface
Sep 18 22:04:31 witherspoon kernel[954]: [    3.580000] ftgmac100 1e660000.ethernet eth0: irq 20, mapped at f0060000
Sep 18 22:04:31 witherspoon kernel[954]: [    3.680000] ehci_hcd: USB 2.0 'Enhanced' Host Controller (EHCI) Driver
Sep 18 22:04:31 witherspoon kernel[954]: [    3.680000] ehci-platform: EHCI generic platform driver
Sep 18 22:04:31 witherspoon kernel[954]: [    3.840000] i2c /dev entries driver
Sep 18 22:04:31 witherspoon kernel[954]: [    3.840000] aspeed-i2c-bus 1e78a0c0.i2c-bus: i2c bus 2 registered, irq 26
Sep 18 22:04:31 witherspoon kernel[954]: [    3.840000] aspeed-i2c-bus 1e78a100.i2c-bus: i2c bus 3 registered, irq 27
Sep 18 22:04:31 witherspoon kernel[954]: [    3.840000] aspeed-i2c-bus 1e78a140.i2c-bus: i2c bus 4 registered, irq 28
Sep 18 22:04:31 witherspoon kernel[954]: [    3.840000] aspeed-i2c-bus 1e78a180.i2c-bus: i2c bus 5 registered, irq 29
Sep 18 22:04:31 witherspoon kernel[954]: [    3.840000] aspeed-i2c-bus 1e78a380.i2c-bus: i2c bus 9 registered, irq 30
Sep 18 22:04:31 witherspoon kernel[954]: [    3.840000] aspeed-i2c-bus 1e78a3c0.i2c-bus: i2c bus 10 registered, irq 31
Sep 18 22:04:31 witherspoon kernel[954]: [    3.840000] rtc-rv8803 11-0032: Voltage low, temperature compensation stopped.
Sep 18 22:04:31 witherspoon kernel[954]: [    3.840000] rtc-rv8803 11-0032: An alarm maybe have been missed.
Sep 18 22:04:31 witherspoon kernel[954]: [    3.950000] rtc-rv8803 11-0032: rtc core: registered rx8900 as rtc0
Sep 18 22:04:31 witherspoon kernel[954]: [    3.960000] at24 11-0051: 8192 byte 24c64 EEPROM, writable, 1 bytes/write
Sep 18 22:04:31 witherspoon kernel[954]: [    3.960000] aspeed-i2c-bus 1e78a400.i2c-bus: i2c bus 11 registered, irq 32
Sep 18 22:04:31 witherspoon kernel[954]: [    3.960000] aspeed-i2c-bus 1e78a440.i2c-bus: i2c bus 12 registered, irq 33
Sep 18 22:04:31 witherspoon kernel[954]: [    3.960000] aspeed-i2c-bus 1e78a480.i2c-bus: i2c bus 13 registered, irq 34
Sep 18 22:04:31 witherspoon kernel[954]: [    3.960000] Driver for 1-wire Dallas network protocol.
Sep 18 22:04:31 witherspoon kernel[954]: [    3.960000] lm75 9-004a: hwmon0: sensor 'tmp275'
Sep 18 22:04:31 witherspoon kernel[954]: [    5.800000] ucd9000 11-0064: Device ID UCD90160|2.3.4.0000|110603
Sep 18 22:04:31 witherspoon kernel[954]: [    6.510000] leds-pca955x 3-0060: leds-pca955x: Using pca9552 16-bit LED driver at slave address 0x60
Sep 18 22:04:31 witherspoon kernel[954]: [    6.520000] leds-pca955x 3-0060: gpios 238...253
Sep 18 22:04:31 witherspoon kernel[954]: [    6.530000] leds-pca955x 11-0060: leds-pca955x: Using pca9552 16-bit LED driver at slave address 0x60
Sep 18 22:04:31 witherspoon kernel[954]: [    6.540000] leds-pca955x 11-0060: gpios 222...237
Sep 18 22:04:31 witherspoon kernel[954]: [    6.540000] usbcore: registered new interface driver usbhid
Sep 18 22:04:31 witherspoon kernel[954]: [    6.550000] usbhid: USB HID core driver
Sep 18 22:04:31 witherspoon kernel[954]: [    6.600000] NET: Registered protocol family 10
Sep 18 22:04:31 witherspoon kernel[954]: [    6.600000] Segment Routing with IPv6
Sep 18 22:04:31 witherspoon kernel[954]: [    6.610000] NET: Registered protocol family 17
Sep 18 22:04:31 witherspoon kernel[954]: [    6.610000] 8021q: 802.1Q VLAN Support v1.8
Sep 18 22:04:31 witherspoon kernel[954]: [    6.630000] input: gpio-keys-polled as /devices/platform/gpio-keys-polled/input/input1
Sep 18 22:04:31 witherspoon kernel[954]: [    6.650000] console [netcon0] enabled
Sep 18 22:04:31 witherspoon kernel[954]: [    6.660000] netconsole: network logging started
Sep 18 22:04:31 witherspoon kernel[954]: [    6.660000] input: gpio-keys as /devices/platform/gpio-keys/input/input2
Sep 18 22:04:31 witherspoon kernel[954]: [    6.680000] rtc-rv8803 11-0032: setting system clock to 2017-09-18 22:04:18 UTC (1505772258)
Sep 18 22:04:31 witherspoon kernel[954]: [    6.690000] Freeing unused kernel memory: 284K
Sep 18 22:04:31 witherspoon kernel[954]: [    6.690000] This architecture does not have kernel memory protection.
Sep 18 22:04:31 witherspoon kernel[954]: [    8.370000] jffs2: notice: (542) jffs2_build_xattr_subsystem: complete building xattr subsystem, 1 of xdatum (1 unchecked, 0 orphan) and 12 of xref (0 dead, 2 orphan) found.
Sep 18 22:04:31 witherspoon kernel[954]: [   10.420000] systemd[1]: Failed to insert module 'autofs4': No such file or directory
Sep 18 22:04:31 witherspoon kernel[954]: [   10.650000] systemd[1]: systemd 232 running in system mode. (+PAM -AUDIT -SELINUX -IMA -APPARMOR -SMACK +SYSVINIT -UTMP -LIBCRYPTSETUP -GCRYPT -GNUTLS +ACL +XZ -LZ4 -SECCOMP +BLKID -ELFUTILS +KMOD -IDN)
Sep 18 22:04:31 witherspoon kernel[954]: [   10.650000] systemd[1]: Detected architecture arm.
Sep 18 22:04:31 witherspoon kernel[954]: [   10.740000] systemd[1]: Set hostname to <witherspoon>.
Sep 18 22:04:31 witherspoon kernel[954]: [   12.420000] systemd[1]: Listening on Journal Socket.
Sep 18 22:04:31 witherspoon kernel[954]: [   12.530000] systemd[1]: Started Dispatch Password Requests to Console Directory Watch.
Sep 18 22:04:31 witherspoon kernel[954]: [   12.570000] systemd[1]: Listening on udev Kernel Socket.
Sep 18 22:04:31 witherspoon kernel[954]: [   12.610000] systemd[1]: Listening on Journal Socket (/dev/log).
Sep 18 22:04:31 witherspoon kernel[954]: [   12.650000] systemd[1]: Listening on Network Service Netlink Socket.
Sep 18 22:04:31 witherspoon kernel[954]: [   12.690000] systemd[1]: Reached target Swap.
Sep 18 22:04:31 witherspoon kernel[954]: [   12.720000] systemd[1]: Started Forward Password Requests to Wall Directory Watch.
Sep 18 22:04:31 witherspoon kernel[954]: [   15.110000] systemd-journald[563]: Received request to flush runtime journal from PID 1
Sep 18 22:04:37 witherspoon systemd[1]: Started Phosphor Settings Daemon.
Sep 18 22:04:37 witherspoon systemd[1]: Started Phosphor IPMI BT DBus Bridge.
Sep 18 22:04:38 witherspoon systemd[1]: Starting Network Service...
Sep 18 22:04:38 witherspoon systemd[1]: Starting Phosphor User Manager...
Sep 18 22:04:38 witherspoon systemd[1]: Started Hardware RNG Entropy Gatherer Daemon.
Sep 18 22:04:38 witherspoon systemd[1]: Starting Check PNOR UBI format...
Sep 18 22:04:38 witherspoon systemd[1]: Starting Remount the ubi volume after a reboot...
Sep 18 22:04:38 witherspoon systemd[1]: Starting Phosphor Log Manager...
Sep 18 22:04:38 witherspoon systemd[1]: Starting Phosphor LED Group Management Daemon...
Sep 18 22:04:39 witherspoon systemd[1]: Starting Phosphor Dump Manager...
Sep 18 22:04:39 witherspoon systemd[1]: Starting Phosphor Sensor Manager...
Sep 18 22:04:39 witherspoon systemd[1]: Starting Avahi mDNS/DNS-SD Stack...
Sep 18 22:04:39 witherspoon systemd[1]: Starting Remount the squashfs and ubi volumes after a reboot...
Sep 18 22:04:39 witherspoon kernel: ubi7: default fastmap pool size: 100
Sep 18 22:04:39 witherspoon kernel: ubi7: default fastmap WL pool size: 50
Sep 18 22:04:39 witherspoon kernel: ubi7: attaching mtd7
Sep 18 22:04:39 witherspoon kernel: ubi7: scanning is finished
Sep 18 22:04:39 witherspoon kernel[954]: [   27.430000] ubi7: default fastmap pool size: 100
Sep 18 22:04:39 witherspoon kernel[954]: [   27.430000] ubi7: default fastmap WL pool size: 50
Sep 18 22:04:39 witherspoon kernel[954]: [   27.430000] ubi7: attaching mtd7
Sep 18 22:04:39 witherspoon kernel[954]: [   27.430000] ubi7: scanning is finished
Sep 18 22:04:39 witherspoon systemd[1]: Starting Clear one time boot overrides...
Sep 18 22:04:39 witherspoon systemd[1]: Starting Phosphor Network Manager...
Sep 18 22:04:40 witherspoon systemd[1]: Started Updates symlinks for active PNOR version.
Sep 18 22:04:41 witherspoon avahi-daemon[990]: Found user 'avahi' (UID 999) and group 'avahi' (GID 999).
Sep 18 22:04:41 witherspoon avahi-daemon[990]: Successfully dropped root privileges.
Sep 18 22:04:41 witherspoon avahi-daemon[990]: avahi-daemon 0.6.32 starting up.
Sep 18 22:04:41 witherspoon avahi-daemon[990]: Successfully called chroot().
Sep 18 22:04:41 witherspoon avahi-daemon[990]: Successfully dropped remaining capabilities.
Sep 18 22:04:41 witherspoon avahi-daemon[990]: Loading service file /services/obmc_console.service.
Sep 18 22:04:41 witherspoon avahi-daemon[990]: Loading service file /services/phosphor_rest.service.
Sep 18 22:04:41 witherspoon avahi-daemon[990]: Loading service file /services/sftp-ssh.service.
Sep 18 22:04:41 witherspoon avahi-daemon[990]: Loading service file /services/sftp.service.
Sep 18 22:04:41 witherspoon avahi-daemon[990]: Loading service file /services/ssh.service.
Sep 18 22:04:41 witherspoon avahi-daemon[990]: Network interface enumeration completed.
Sep 18 22:04:41 witherspoon avahi-daemon[990]: Server startup complete. Host name is witherspoon.local. Local service cookie is 3981329955.
Sep 18 22:04:41 witherspoon avahi-daemon[990]: Service "witherspoon" (/services/ssh.service) successfully established.
Sep 18 22:04:42 witherspoon systemd[1]: Found device /dev/aspeed-lpc-ctrl.
Sep 18 22:04:41 witherspoon avahi-daemon[990]: Service "sftp" (/services/sftp.service) successfully established.
Sep 18 22:04:42 witherspoon systemd[1]: Found device /dev/aspeed-mbox.
Sep 18 22:04:41 witherspoon avahi-daemon[990]: Service "witherspoon" (/services/sftp-ssh.service) successfully established.
Sep 18 22:04:41 witherspoon avahi-daemon[990]: Service "phosphor_rest" (/services/phosphor_rest.service) successfully established.
Sep 18 22:04:41 witherspoon avahi-daemon[990]: Service "obmc_console" (/services/obmc_console.service) successfully established.
Sep 18 22:04:42 witherspoon systemd[1]: Found device /dev/ttyS4.
Sep 18 22:04:42 witherspoon systemd[1]: Found device /dev/ttyVUART0.
Sep 18 22:04:42 witherspoon systemd-networkd[976]: Enumeration completed
Sep 18 22:04:42 witherspoon systemd-networkd[976]: eth0: IPv6 enabled for interface: Success
Sep 18 22:04:42 witherspoon avahi-daemon[990]: Joining mDNS multicast group on interface eth0.IPv4 with address 9.3.86.161.
Sep 18 22:04:43 witherspoon kernel: 8021q: adding VLAN 0 to HW filter on device eth0
Sep 18 22:04:43 witherspoon kernel: ubi7: attached mtd7 (name "pnor", size 128 MiB)
Sep 18 22:04:43 witherspoon kernel: ubi7: PEB size: 65536 bytes (64 KiB), LEB size: 65408 bytes
Sep 18 22:04:43 witherspoon kernel: ubi7: min./max. I/O unit sizes: 1/256, sub-page size 1
Sep 18 22:04:43 witherspoon kernel: ubi7: VID header offset: 64 (aligned 64), data offset: 128
Sep 18 22:04:43 witherspoon kernel: ubi7: good PEBs: 2048, bad PEBs: 0, corrupted PEBs: 0
Sep 18 22:04:43 witherspoon kernel: ubi7: user volume: 4, internal volumes: 1, max. volumes count: 128
Sep 18 22:04:43 witherspoon kernel: ubi7: max/mean erase counter: 27/17, WL threshold: 4096, image sequence number: 91395301
Sep 18 22:04:43 witherspoon kernel: ubi7: available PEBs: 1110, total reserved PEBs: 938, PEBs reserved for bad PEB handling: 0
Sep 18 22:04:43 witherspoon kernel: ubi0: default fastmap pool size: 25
Sep 18 22:04:43 witherspoon kernel: ubi0: default fastmap WL pool size: 12
Sep 18 22:04:43 witherspoon kernel: ubi0: attaching mtd0
Sep 18 22:04:43 witherspoon kernel: ubi0: scanning is finished
Sep 18 22:04:43 witherspoon kernel: ubi0 error: ubi_read_volume_table: the layout volume was not found
Sep 18 22:04:43 witherspoon kernel: ubi0 error: ubi_attach_mtd_dev: failed to attach mtd0, error -22
Sep 18 22:04:43 witherspoon kernel: ubi7: background thread "ubi_bgt7d" started, PID 1027
Sep 18 22:04:42 witherspoon avahi-daemon[990]: New relevant interface eth0.IPv4 for mDNS.
Sep 18 22:04:42 witherspoon systemd[1]: Started Network Service.
Sep 18 22:04:42 witherspoon avahi-daemon[990]: Registering new address record for 9.3.86.161 on eth0.IPv4.
Sep 18 22:04:42 witherspoon systemd[1]: Started Clear one time boot overrides.
Sep 18 22:04:42 witherspoon kernel[954]: [   30.900000] 8021q: adding VLAN 0 to HW filter on device eth0
Sep 18 22:04:43 witherspoon systemd-networkd[976]: eth0: Gained carrier
Sep 18 22:04:43 witherspoon kernel[954]: [   31.210000] ubi7: attached mtd7 (name "pnor", size 128 MiB)
Sep 18 22:04:43 witherspoon systemd-timesyncd[939]: Network configuration changed, trying to establish connection.
Sep 18 22:04:43 witherspoon kernel[954]: [   31.210000] ubi7: PEB size: 65536 bytes (64 KiB), LEB size: 65408 bytes
Sep 18 22:04:43 witherspoon systemd[1]: Started Check PNOR UBI format.
Sep 18 22:04:43 witherspoon kernel[954]: [   31.210000] ubi7: min./max. I/O unit sizes: 1/256, sub-page size 1
Sep 18 22:04:43 witherspoon kernel[954]: [   31.210000] ubi7: VID header offset: 64 (aligned 64), data offset: 128
Sep 18 22:04:43 witherspoon kernel[954]: [   31.210000] ubi7: good PEBs: 2048, bad PEBs: 0, corrupted PEBs: 0
Sep 18 22:04:43 witherspoon systemd-networkd[976]: eth0: Gained IPv6LL
Sep 18 22:04:44 witherspoon obmc-flash-bmc[980]: ubinfo: error!: cannot get information about UBI device 0
Sep 18 22:04:44 witherspoon obmc-flash-bmc[980]:         error 2 (No such file or directory)
Sep 18 22:04:43 witherspoon kernel[954]: [   31.210000] ubi7: user volume: 4, internal volumes: 1, max. volumes count: 128
Sep 18 22:04:44 witherspoon obmc-flash-bios[991]: UBI device number 7, total 2048 LEBs (133955584 bytes, 127.8 MiB), available 1110 LEBs (72602880 bytes, 69.2 MiB), LEB size 65408 bytes (63.9 KiB)
Sep 18 22:04:43 witherspoon systemd[1]: Started Remount the ubi volume after a reboot.
Sep 18 22:04:43 witherspoon kernel[954]: [   31.260000] ubi7: max/mean erase counter: 27/17, WL threshold: 4096, image sequence number: 91395301
Sep 18 22:04:43 witherspoon kernel[954]: [   31.260000] ubi7: available PEBs: 1110, total reserved PEBs: 938, PEBs reserved for bad PEB handling: 0
Sep 18 22:04:43 witherspoon kernel[954]: [   31.260000] ubi0: default fastmap pool size: 25
Sep 18 22:04:43 witherspoon kernel[954]: [   31.260000] ubi0: default fastmap WL pool size: 12
Sep 18 22:04:43 witherspoon kernel[954]: [   31.260000] ubi0: attaching mtd0
Sep 18 22:04:43 witherspoon kernel[954]: [   31.260000] ubi0: scanning is finished
Sep 18 22:04:43 witherspoon kernel[954]: [   31.260000] ubi0 error: ubi_read_volume_table: the layout volume was not found
Sep 18 22:04:43 witherspoon kernel[954]: [   31.260000] ubi0 error: ubi_attach_mtd_dev: failed to attach mtd0, error -22
Sep 18 22:04:43 witherspoon kernel[954]: [   31.320000] ubi7: background thread "ubi_bgt7d" started, PID 1027
Sep 18 22:04:43 witherspoon avahi-daemon[990]: Joining mDNS multicast group on interface eth0.IPv6 with address fe80::72e2:84ff:fe14:23e1.
Sep 18 22:04:43 witherspoon avahi-daemon[990]: New relevant interface eth0.IPv6 for mDNS.
Sep 18 22:04:43 witherspoon avahi-daemon[990]: Registering new address record for fe80::72e2:84ff:fe14:23e1 on eth0.*.
Sep 18 22:04:46 witherspoon kernel: ftgmac100 1e660000.ethernet eth0: ncsi: removed vlan tag 0 at index 1
Sep 18 22:04:46 witherspoon kernel: ftgmac100 1e660000.ethernet eth0: ncsi: removed vlan tag 0 at index 2
Sep 18 22:04:46 witherspoon kernel: ftgmac100 1e660000.ethernet eth0: no vlan ids left to set
Sep 18 22:04:46 witherspoon kernel: ftgmac100 1e660000.ethernet eth0: NCSI interface up
Sep 18 22:04:46 witherspoon kernel[954]: [   34.610000] ftgmac100 1e660000.ethernet eth0: ncsi: removed vlan tag 0 at index 1
Sep 18 22:04:46 witherspoon kernel[954]: [   34.610000] ftgmac100 1e660000.ethernet eth0: ncsi: removed vlan tag 0 at index 2
Sep 18 22:04:46 witherspoon kernel[954]: [   34.610000] ftgmac100 1e660000.ethernet eth0: no vlan ids left to set
Sep 18 22:04:46 witherspoon kernel[954]: [   34.610000] ftgmac100 1e660000.ethernet eth0: NCSI interface up
Sep 18 22:04:49 witherspoon systemd[1]: Started Phosphor Inventory Manager.
Sep 18 22:04:49 witherspoon systemd[1]: Started Phosphor Download Manager.
Sep 18 22:04:49 witherspoon systemd[1]: Started Phosphor LED Group Management Daemon.
Sep 18 22:04:49 witherspoon systemd[1]: Started Avahi mDNS/DNS-SD Stack.
Sep 18 22:04:49 witherspoon systemd[1]: Started Phosphor BMC0 Control.
Sep 18 22:04:49 witherspoon systemd[1]: Started Phosphor Log Manager.
Sep 18 22:04:49 witherspoon systemd[1]: Started Phosphor Dump Manager.
Sep 18 22:04:49 witherspoon systemd[1]: Created slice system-xyz.openbmc_project.led.controller.slice.
Sep 18 22:04:49 witherspoon systemd[1]: Started Phosphor sysfs LED controller.
Sep 18 22:04:49 witherspoon systemd[1]: Started Phosphor sysfs LED controller.
Sep 18 22:04:49 witherspoon systemd[1]: Started Phosphor sysfs LED controller.
Sep 18 22:04:49 witherspoon systemd[1]: Started Phosphor sysfs LED controller.
Sep 18 22:04:49 witherspoon systemd[1]: Started Phosphor sysfs LED controller.
Sep 18 22:04:49 witherspoon systemd[1]: Started Phosphor sysfs LED controller.
Sep 18 22:04:49 witherspoon systemd[1]: Started Phosphor sysfs LED controller.
Sep 18 22:04:49 witherspoon systemd[1]: Started Phosphor sysfs LED controller.
Sep 18 22:04:50 witherspoon systemd[1]: Started Phosphor sysfs LED controller.
Sep 18 22:04:50 witherspoon systemd[1]: Started Phosphor sysfs LED controller.
Sep 18 22:04:50 witherspoon systemd[1]: Reached target Network.
Sep 18 22:04:50 witherspoon systemd[1]: Starting Permit User Sessions...
Sep 18 22:04:50 witherspoon systemd[1]: Started Lightweight SLP Server.
Sep 18 22:04:50 witherspoon systemd[1]: Started Phosphor Console Muxer listening on device /dev/ttyVUART0.
Sep 18 22:04:50 witherspoon systemd[1]: Created slice system-xyz.openbmc_project.Hwmon.slice.
Sep 18 22:04:50 witherspoon systemd[1]: Started Permit User Sessions.
Sep 18 22:04:50 witherspoon systemd[1]: Started Serial Getty on ttyS4.
Sep 18 22:04:50 witherspoon systemd[1]: Reached target Login Prompts.
Sep 18 22:04:54 witherspoon systemd[1]: Created slice system-dropbear.slice.
Sep 18 22:04:54 witherspoon systemd[1]: Started SSH Per-Connection Server (9.41.165.94:58312).
Sep 18 22:04:54 witherspoon dropbear[1054]: Failed loading /etc/dropbear/dropbear_dss_host_key
Sep 18 22:04:54 witherspoon dropbear[1054]: Failed loading /etc/dropbear/dropbear_ecdsa_host_key
Sep 18 22:04:54 witherspoon dropbear[1054]: Child connection from ::ffff:9.41.165.94:58312
Sep 18 22:04:56 witherspoon systemd-networkd[976]: eth0: Configured
Sep 18 22:04:56 witherspoon systemd-timesyncd[939]: Network configuration changed, trying to establish connection.
Sep 18 22:04:58 witherspoon kernel: block ubiblock7_0: created from ubi7:0(pnor-ro-8764baa3)
Sep 18 22:04:58 witherspoon kernel[954]: [   46.730000] block ubiblock7_0: created from ubi7:0(pnor-ro-8764baa3)
Sep 18 22:04:59 witherspoon dropbear[1054]: PAM password auth succeeded for 'root' from ::ffff:9.41.165.94:58312
Sep 18 22:04:59 witherspoon dropbear[1062]: lastlog_perform_login: Couldn't stat /var/log/lastlog: No such file or directory
Sep 18 22:04:59 witherspoon dropbear[1062]: lastlog_openseek: /var/log/lastlog is not a file or directory!
Sep 18 22:05:00 witherspoon systemd[1]: Started Phosphor Download Manager.
Sep 18 22:05:00 witherspoon download_manager.py[952]: Running Download Manager
Sep 18 22:05:01 witherspoon kernel: UBIFS (ubi7:1): UBIFS: mounted UBI device 7, volume 1, name "pnor-rw-8764baa3"
Sep 18 22:05:01 witherspoon kernel: UBIFS (ubi7:1): LEB size: 65408 bytes (63 KiB), min./max. I/O unit sizes: 8 bytes/256 bytes
Sep 18 22:05:01 witherspoon kernel: UBIFS (ubi7:1): FS size: 16155776 bytes (15 MiB, 247 LEBs), journal size 784896 bytes (0 MiB, 12 LEBs)
Sep 18 22:05:01 witherspoon kernel: UBIFS (ubi7:1): reserved for root: 763076 bytes (745 KiB)
Sep 18 22:05:01 witherspoon kernel: UBIFS (ubi7:1): media format: w5/r0 (latest is w5/r0), UUID 3F168AA0-2192-4315-AFF8-9ED9742C9886, small LPT model
Sep 18 22:05:01 witherspoon kernel: UBIFS (ubi7:1): background thread "ubifs_bgt7_1" started, PID 1075
Sep 18 22:05:01 witherspoon kernel: UBIFS (ubi7:2): UBIFS: mounted UBI device 7, volume 2, name "pnor-prsv"
Sep 18 22:05:01 witherspoon kernel: UBIFS (ubi7:2): LEB size: 65408 bytes (63 KiB), min./max. I/O unit sizes: 8 bytes/256 bytes
Sep 18 22:05:01 witherspoon kernel: UBIFS (ubi7:2): FS size: 1504384 bytes (1 MiB, 23 LEBs), journal size 523265 bytes (0 MiB, 6 LEBs)
Sep 18 22:05:01 witherspoon kernel: UBIFS (ubi7:2): reserved for root: 71055 bytes (69 KiB)
Sep 18 22:05:01 witherspoon kernel: UBIFS (ubi7:2): media format: w5/r0 (latest is w5/r0), UUID 36B3B1E1-197C-4042-A5BB-1F5E6D63DF0B, small LPT model
Sep 18 22:05:01 witherspoon kernel[954]: [   48.950000] UBIFS (ubi7:1): UBIFS: mounted UBI device 7, volume 1, name "pnor-rw-8764baa3"
Sep 18 22:05:01 witherspoon kernel[954]: [   48.950000] UBIFS (ubi7:1): LEB size: 65408 bytes (63 KiB), min./max. I/O unit sizes: 8 bytes/256 bytes
Sep 18 22:05:01 witherspoon kernel[954]: [   48.950000] UBIFS (ubi7:1): FS size: 16155776 bytes (15 MiB, 247 LEBs), journal size 784896 bytes (0 MiB, 12 LEBs)
Sep 18 22:05:01 witherspoon kernel[954]: [   48.950000] UBIFS (ubi7:1): reserved for root: 763076 bytes (745 KiB)
Sep 18 22:05:01 witherspoon kernel[954]: [   48.950000] UBIFS (ubi7:1): media format: w5/r0 (latest is w5/r0), UUID 3F168AA0-2192-4315-AFF8-9ED9742C9886, small LPT model
Sep 18 22:05:01 witherspoon kernel[954]: [   48.950000] UBIFS (ubi7:1): background thread "ubifs_bgt7_1" started, PID 1075
Sep 18 22:05:01 witherspoon kernel[954]: [   48.950000] UBIFS (ubi7:2): UBIFS: mounted UBI device 7, volume 2, name "pnor-prsv"
Sep 18 22:05:01 witherspoon kernel[954]: [   49.290000] UBIFS (ubi7:2): LEB size: 65408 bytes (63 KiB), min./max. I/O unit sizes: 8 bytes/256 bytes
Sep 18 22:05:01 witherspoon kernel[954]: [   49.290000] UBIFS (ubi7:2): FS size: 1504384 bytes (1 MiB, 23 LEBs), journal size 523265 bytes (0 MiB, 6 LEBs)
Sep 18 22:05:01 witherspoon kernel[954]: [   49.290000] UBIFS (ubi7:2): reserved for root: 71055 bytes (69 KiB)
Sep 18 22:05:01 witherspoon kernel[954]: [   49.290000] UBIFS (ubi7:2): media format: w5/r0 (latest is w5/r0), UUID 36B3B1E1-197C-4042-A5BB-1F5E6D63DF0B, small LPT model
Sep 18 22:05:01 witherspoon kernel: UBIFS (ubi7:2): background thread "ubifs_bgt7_2" started, PID 1083
Sep 18 22:05:01 witherspoon kernel[954]: [   49.290000] UBIFS (ubi7:2): background thread "ubifs_bgt7_2" started, PID 1083
Sep 18 22:05:01 witherspoon systemd[1]: Started Phosphor Chassis0 Control.
Sep 18 22:05:01 witherspoon chassis_control.py[950]: Running ChassisControlService
Sep 18 22:05:02 witherspoon inventory_items.py[959]: Loading from cache: /var/cache/obmc/org.openbmc.inventory.system.chassis.motherboard.apss@org.openbmc.InventoryItem.props
Sep 18 22:05:02 witherspoon systemd[1]: Started Phosphor Inventory Manager.
Sep 18 22:05:03 witherspoon sensor_manager2.py[989]: Setting boot count to 3
Sep 18 22:05:03 witherspoon sensor_manager2.py[989]: Starting sensor manager
Sep 18 22:05:03 witherspoon inventory_items.py[959]: Loading from cache: /var/cache/obmc/org.openbmc.inventory.system.chassis.motherboard@org.openbmc.InventoryItem.props
Sep 18 22:05:03 witherspoon inventory_items.py[959]: Loading from cache: /var/cache/obmc/org.openbmc.inventory.system.chassis.motherboard.refclock@org.openbmc.InventoryItem.props
Sep 18 22:05:03 witherspoon inventory_items.py[959]: Loading from cache: /var/cache/obmc/org.openbmc.inventory.system.chassis.motherboard.cpu1.core7@org.openbmc.InventoryItem.props
Sep 18 22:05:03 witherspoon inventory_items.py[959]: Loading from cache: /var/cache/obmc/org.openbmc.inventory.system.chassis.motherboard.cpu1.core4@org.openbmc.InventoryItem.props
Sep 18 22:05:03 witherspoon inventory_items.py[959]: Loading from cache: /var/cache/obmc/org.openbmc.inventory.system.chassis.motherboard.cpu1.core1@org.openbmc.InventoryItem.props
Sep 18 22:05:03 witherspoon inventory_items.py[959]: Loading from cache: /var/cache/obmc/org.openbmc.inventory.system.chassis.motherboard.cpu1.core10@org.openbmc.InventoryItem.props
Sep 18 22:05:03 witherspoon inventory_items.py[959]: Loading from cache: /var/cache/obmc/org.openbmc.inventory.system.chassis.motherboard.todclock@org.openbmc.InventoryItem.props
Sep 18 22:05:03 witherspoon inventory_items.py[959]: Loading from cache: /var/cache/obmc/org.openbmc.inventory.system.chassis.motherboard.cpu1@org.openbmc.InventoryItem.props
Sep 18 22:05:03 witherspoon inventory_items.py[959]: Loading from cache: /var/cache/obmc/org.openbmc.inventory.system.chassis.motherboard.bmc@org.openbmc.InventoryItem.props
Sep 18 22:05:03 witherspoon inventory_items.py[959]: Caching: /org/openbmc/inventory/system/chassis/motherboard/bmc
Sep 18 22:05:03 witherspoon inventory_items.py[959]: Loading from cache: /var/cache/obmc/org.openbmc.inventory.system.chassis.motherboard.cpu0.core1@org.openbmc.InventoryItem.props
Sep 18 22:05:03 witherspoon inventory_items.py[959]: Loading from cache: /var/cache/obmc/org.openbmc.inventory.system.chassis.motherboard.cpu0.core7@org.openbmc.InventoryItem.props
Sep 18 22:05:03 witherspoon inventory_items.py[959]: Loading from cache: /var/cache/obmc/org.openbmc.inventory.system.chassis.motherboard.cpu0.core4@org.openbmc.InventoryItem.props
Sep 18 22:05:03 witherspoon inventory_items.py[959]: Loading from cache: /var/cache/obmc/org.openbmc.inventory.system.chassis.motherboard.pcieclock@org.openbmc.InventoryItem.props
Sep 18 22:05:03 witherspoon inventory_items.py[959]: Loading from cache: /var/cache/obmc/org.openbmc.inventory.system.chassis.motherboard.cpu0.core10@org.openbmc.InventoryItem.props
Sep 18 22:05:03 witherspoon inventory_items.py[959]: Running Inventory Manager
Sep 18 22:05:03 witherspoon systemd[1]: Started Remount the squashfs and ubi volumes after a reboot.
Sep 18 22:05:03 witherspoon systemd[1]: Reached target Multi-User System.
Sep 18 22:05:03 witherspoon systemd[1]: Started Phosphor Sensor Manager.
Sep 18 22:05:04 witherspoon phosphor-mapper[953]: ObjectMapper startup complete.  Discovery in progress...
Sep 18 22:05:05 witherspoon avahi-daemon[1013]: ../../avahi-0.6.32/avahi-daemon/chroot.c: open() failed: No such file or directory
Sep 18 22:05:05 witherspoon avahi-daemon[990]: Failed to open /usr/share/dbus-1/interfaces/org.freedesktop.Avahi.Server.xml: Invalid argument
Sep 18 22:05:05 witherspoon avahi-daemon[990]: Failed to load introspection data.
Sep 18 22:05:05 witherspoon obmc-phosphor-userd[977]: Started
Sep 18 22:05:05 witherspoon systemd[1]: Started Phosphor User Manager.
Sep 18 22:05:06 witherspoon systemd[1]: Started Phosphor Network Manager.
Sep 18 22:05:06 witherspoon netman.py[1006]: Started
Sep 18 22:05:16 witherspoon phosphor-mapper[953]: ObjectMapper discovery complete
Sep 18 22:05:16 witherspoon systemd[1]: Started Phosphor DBus Service Discovery Manager.
Sep 18 22:05:16 witherspoon systemd[1]: Started Phosphor Hwmon Poller.
Sep 18 22:05:16 witherspoon systemd[1]: Started Phosphor Hwmon Poller.
Sep 18 22:05:16 witherspoon systemd[1]: Started Phosphor Hwmon Poller.
Sep 18 22:05:16 witherspoon systemd[1]: Started Phosphor Hwmon Poller.
Sep 18 22:05:16 witherspoon systemd[1]: Started Phosphor Hwmon Poller.
Sep 18 22:05:16 witherspoon systemd[1]: Started Phosphor Hwmon Poller.
Sep 18 22:05:16 witherspoon systemd[1]: Reached target Phosphor Object Mapper.
Sep 18 22:05:16 witherspoon systemd[1]: Starting Phosphor Settings Manager...
Sep 18 22:05:16 witherspoon systemd[1]: Starting Wait for /xyz/openbmc_project/control/host0/power_restore_policy...
Sep 18 22:05:16 witherspoon systemd[1]: Starting Wait for /xyz/openbmc_project/control/host0/auto_reboot...
Sep 18 22:05:16 witherspoon systemd[1]: Starting Wait for /org/openbmc/control/bmc0...
Sep 18 22:05:16 witherspoon systemd[1]: Reached target Webserver (pre).
Sep 18 22:05:16 witherspoon systemd[1]: Started Phosphor Webserver.
Sep 18 22:05:16 witherspoon systemd[1]: Starting Phoshpor System Manager...
Sep 18 22:05:16 witherspoon systemd[1]: Starting Wait for /xyz/openbmc_project/control/host0/restriction_mode...
Sep 18 22:05:16 witherspoon systemd[1]: Starting Wait for /xyz/openbmc_project/control/host0/boot...
Sep 18 22:05:16 witherspoon systemd[1]: Starting Wait for /xyz/openbmc_project/led/groups...
Sep 18 22:05:16 witherspoon systemd[1]: Starting Wait for /xyz/openbmc_project/control/host0...
Sep 18 22:05:16 witherspoon systemd[1]: Starting Wait for /xyz/openbmc_project/state/host0...
Sep 18 22:05:16 witherspoon systemd[1]: Started Phosphor DBus Monitor.
Sep 18 22:05:16 witherspoon systemd[1]: Starting Phosphor Network Manager...
Sep 18 22:05:16 witherspoon systemd[1]: Starting OpenPower Software Update Manager...
Sep 18 22:05:16 witherspoon systemd[1]: Starting Wait for /xyz/openbmc_project/inventory...
Sep 18 22:05:16 witherspoon systemd[1]: Starting Wait for /org/openbmc/control/power0...
Sep 18 22:05:16 witherspoon systemd[1]: Starting Wait for /xyz/openbmc_project/time/owner...
Sep 18 22:05:16 witherspoon systemd[1]: Starting Wait for /xyz/openbmc_project/state/chassis0...
Sep 18 22:05:16 witherspoon systemd[1]: Starting Wait for /org/openbmc/NetworkManager/Interface...
Sep 18 22:05:16 witherspoon systemd[1]: Starting OpenBMC Software Update Manager...
Sep 18 22:05:16 witherspoon systemd[1]: Starting Wait for /org/openbmc/managers/System...
Sep 18 22:05:16 witherspoon systemd[1]: Starting Wait for /org/openbmc/managers/Download...
Sep 18 22:05:16 witherspoon systemd[1]: Starting Wait for /xyz/openbmc_project/control/host0/boot/one_time...
Sep 18 22:05:16 witherspoon systemd[1]: Starting Wait for /xyz/openbmc_project/led/groups/bmc_booted...
Sep 18 22:05:16 witherspoon systemd[1]: Starting Wait for /xyz/openbmc_project/time/sync_method...
Sep 18 22:05:16 witherspoon systemd[1]: Started Phosphor Hwmon Poller.
Sep 18 22:05:16 witherspoon systemd[1]: Started Phosphor Hwmon Poller.
Sep 18 22:05:16 witherspoon systemd[1]: Started Wait for /xyz/openbmc_project/control/host0/boot/one_time.
Sep 18 22:05:16 witherspoon systemd[1]: Started Wait for /xyz/openbmc_project/time/sync_method.
Sep 18 22:05:19 witherspoon systemd[1]: Started Wait for /xyz/openbmc_project/control/host0/restriction_mode.
Sep 18 22:05:19 witherspoon systemd[1]: Started Wait for /xyz/openbmc_project/led/groups.
Sep 18 22:05:19 witherspoon systemd[1]: Started FRU Fault monitor service.
Sep 18 22:05:22 witherspoon dbus[963]: [system] Activating via systemd: service name='org.freedesktop.hostname1' unit='dbus-org.freedesktop.hostname1.service'
Sep 18 22:05:19 witherspoon systemd[1]: Started Wait for /xyz/openbmc_project/inventory.
Sep 18 22:05:19 witherspoon systemd[1]: Starting Phosphor MAX31785 MSL...
Sep 18 22:05:19 witherspoon systemd[1]: Started Phosphor Cooling Type.
Sep 18 22:05:19 witherspoon systemd[1]: Starting Read OpenPOWER-format VPD from EEPROM...
Sep 18 22:05:19 witherspoon systemd[1]: Starting OpenPOWER OCC controller...
Sep 18 22:05:19 witherspoon systemd[1]: Started Phosphor GPIO 1 Presence.
Sep 18 22:05:19 witherspoon systemd[1]: Started Phosphor GPIO 0 Presence.
Sep 18 22:05:21 witherspoon phosphor-gpio-presence[1132]: Updating inventory present property
Sep 18 22:05:21 witherspoon systemd[1]: Started Wait for /org/openbmc/NetworkManager/Interface.
Sep 18 22:05:21 witherspoon systemd[1]: Started Phosphor DNS Settings Cache Manager.
Sep 18 22:05:21 witherspoon systemd[1]: Started Wait for /xyz/openbmc_project/time/owner.
Sep 18 22:05:22 witherspoon phosphor-network-manager[1107]: ConfigParser: Key not found
Sep 18 22:05:22 witherspoon phosphor-network-manager[1107]: The operation failed internally.
Sep 18 22:05:22 witherspoon phosphor-network-manager[1107]: Exception occured during getting of DHCP value
Sep 18 22:05:22 witherspoon systemd[1]: Started Phosphor Network Manager.
Sep 18 22:05:22 witherspoon systemd[1]: Starting Hostname Service...
Sep 18 22:05:25 witherspoon systemd[1]: Started Wait for /org/openbmc/managers/Download.
Sep 18 22:05:25 witherspoon systemd[1]: Started Wait for /org/openbmc/control/bmc0.
Sep 18 22:05:25 witherspoon phosphor-gpio-presence[1133]: Updating inventory present property
Sep 18 22:05:25 witherspoon systemd[1]: Started Wait for /xyz/openbmc_project/control/host0/power_restore_policy.
Sep 18 22:05:25 witherspoon systemd[1]: Started Wait for /xyz/openbmc_project/control/host0/auto_reboot.
Sep 18 22:05:25 witherspoon systemd[1]: Started Wait for /xyz/openbmc_project/led/groups/bmc_booted.
Sep 18 22:05:25 witherspoon systemd[1]: Starting Phosphor BMC Code Update...
Sep 18 22:05:26 witherspoon dbus[963]: [system] Successfully activated service 'org.freedesktop.hostname1'
Sep 18 22:05:26 witherspoon systemd[1]: Started Hostname Service.
Sep 18 22:05:26 witherspoon systemd[1]: Started OpenPOWER OCC controller.
Sep 18 22:05:27 witherspoon systemd[1]: Started OpenPower Software Update Manager.
Sep 18 22:05:27 witherspoon systemd[1]: Started Phosphor MBOX Daemon.
Sep 18 22:05:27 witherspoon systemd[1]: Starting Create a ubi volume for pnor patches...
Sep 18 22:05:27 witherspoon systemd[1]: Started OpenBMC Software Update Manager.
Sep 18 22:05:28 witherspoon systemd[1]: Starting Phosphor Version Software Manager...
Sep 18 22:05:30 witherspoon kernel: UBIFS (ubi7:3): background thread "ubifs_bgt7_3" started, PID 1168
Sep 18 22:05:30 witherspoon kernel[954]: [   78.100000] UBIFS (ubi7:3): background thread "ubifs_bgt7_3" started, PID 1168
Sep 18 22:05:30 witherspoon systemd[1]: Started Create a ubi volume for pnor patches.
Sep 18 22:05:31 witherspoon kernel: UBIFS (ubi7:3): UBIFS: mounted UBI device 7, volume 3, name "pnor-patch"
Sep 18 22:05:31 witherspoon kernel: UBIFS (ubi7:3): LEB size: 65408 bytes (63 KiB), min./max. I/O unit sizes: 8 bytes/256 bytes
Sep 18 22:05:31 witherspoon kernel: UBIFS (ubi7:3): FS size: 16155776 bytes (15 MiB, 247 LEBs), journal size 784896 bytes (0 MiB, 12 LEBs)
Sep 18 22:05:31 witherspoon kernel: UBIFS (ubi7:3): reserved for root: 763076 bytes (745 KiB)
Sep 18 22:05:31 witherspoon kernel: UBIFS (ubi7:3): media format: w5/r0 (latest is w5/r0), UUID 4D589EF4-9175-4F76-B384-1965B1D7B962, small LPT model
Sep 18 22:05:31 witherspoon kernel[954]: [   79.030000] UBIFS (ubi7:3): UBIFS: mounted UBI device 7, volume 3, name "pnor-patch"
Sep 18 22:05:31 witherspoon kernel[954]: [   79.030000] UBIFS (ubi7:3): LEB size: 65408 bytes (63 KiB), min./max. I/O unit sizes: 8 bytes/256 bytes
Sep 18 22:05:31 witherspoon kernel[954]: [   79.030000] UBIFS (ubi7:3): FS size: 16155776 bytes (15 MiB, 247 LEBs), journal size 784896 bytes (0 MiB, 12 LEBs)
Sep 18 22:05:31 witherspoon kernel[954]: [   79.030000] UBIFS (ubi7:3): reserved for root: 763076 bytes (745 KiB)
Sep 18 22:05:31 witherspoon kernel[954]: [   79.030000] UBIFS (ubi7:3): media format: w5/r0 (latest is w5/r0), UUID 4D589EF4-9175-4F76-B384-1965B1D7B962, small LPT model
Sep 18 22:05:31 witherspoon systemd[1]: Started Phosphor Version Software Manager.
Sep 18 22:05:35 witherspoon system_manager.py[1100]: Running System State: BASE_APPS
Sep 18 22:05:35 witherspoon system_manager.py[1100]: SystemManager Init Done
Sep 18 22:05:35 witherspoon systemd[1]: Started Phoshpor System Manager.
Sep 18 22:05:35 witherspoon system_manager.py[1100]: Running SystemManager
Sep 18 22:05:36 witherspoon systemd[1]: Started Wait for /xyz/openbmc_project/control/host0/boot.
Sep 18 22:05:38 witherspoon systemd[1]: Started Phosphor MAX31785 MSL.
Sep 18 22:05:39 witherspoon phosphor-fru-fault-monitor[1126]: Failed to get response from the method.
Sep 18 22:05:40 witherspoon systemd[1]: Started Phosphor BMC Code Update.
Sep 18 22:05:40 witherspoon bmc_update.py[1147]: Running Bmc Flash Control
Sep 18 22:05:42 witherspoon systemd[1]: Started Read OpenPOWER-format VPD from EEPROM.
Sep 18 22:05:42 witherspoon system_manager.py[1100]: SystemManager Goto System State: BMC_STARTING
Sep 18 22:05:42 witherspoon system_manager.py[1100]: Running System State: BMC_STARTING
Sep 18 22:05:42 witherspoon systemd[1]: Started Phosphor Settings Manager.
Sep 18 22:05:42 witherspoon systemd[1]: Starting Wait for /org/openbmc/settings/host0...
Sep 18 22:05:42 witherspoon settings_manager.py[1095]: Running HostSettingsService
Sep 18 22:05:43 witherspoon dbus[963]: [system] Activating via systemd: service name='org.freedesktop.journal1' unit='dbus-org.freedesktop.journal1.service'
Sep 18 22:05:43 witherspoon systemd[1]: Starting Journal Dbus Service...
Sep 18 22:05:44 witherspoon dbus[963]: [system] Successfully activated service 'org.freedesktop.journal1'
Sep 18 22:05:44 witherspoon systemd[1]: Started Journal Dbus Service.
Sep 18 22:05:44 witherspoon phosphor-fru-fault-monitor[1126]: /xyz/openbmc_project/logging/entry/1
Sep 18 22:05:53 witherspoon phosphor-gevent[1099]: Traceback (most recent call last):
Sep 18 22:05:53 witherspoon phosphor-gevent[1099]:   File "/usr/lib/python2.7/site-packages/gevent/greenlet.py", line 327, in run
Sep 18 22:05:53 witherspoon phosphor-gevent[1099]:     result = self._run(*self.args, **self.kwargs)
Sep 18 22:05:53 witherspoon phosphor-gevent[1099]:   File "/usr/lib/python2.7/site-packages/gevent/server.py", line 102, in wrap_socket_and_handle
Sep 18 22:05:53 witherspoon phosphor-gevent[1099]:     ssl_socket = self.wrap_socket(client_socket, **self.ssl_args)
Sep 18 22:05:53 witherspoon phosphor-gevent[1099]:   File "/usr/lib/python2.7/site-packages/gevent/ssl.py", line 404, in wrap_socket
Sep 18 22:05:53 witherspoon phosphor-gevent[1099]:     ciphers=ciphers)
Sep 18 22:05:53 witherspoon phosphor-gevent[1099]:   File "/usr/lib/python2.7/site-packages/gevent/ssl.py", line 113, in __init__
Sep 18 22:05:53 witherspoon phosphor-gevent[1099]:     self.do_handshake()
Sep 18 22:05:53 witherspoon phosphor-gevent[1099]:   File "/usr/lib/python2.7/site-packages/gevent/ssl.py", line 324, in do_handshake
Sep 18 22:05:53 witherspoon phosphor-gevent[1099]:     return self._sslobj.do_handshake()
Sep 18 22:05:53 witherspoon phosphor-gevent[1099]: SSLEOFError: EOF occurred in violation of protocol (_ssl.c:590)
Sep 18 22:05:53 witherspoon phosphor-gevent[1099]: <Greenlet at 0x75ff2490: <bound method WSGIServer.wrap_socket_and_handle of <WSGIServer at 0x75fc8bd0 fileno=5 address=('::34d2:ed76:b0ad:6376%1986244000', 443, 0, 1986244000)>>(<socket at 0x75e9f8b0 fileno=9>, ('::80b9:6176:8e91:f402%1995225884', 41468, 0, 199)> failed with SSLEOFError
Sep 18 22:05:53 witherspoon phosphor-gevent[1099]: Traceback (most recent call last):
Sep 18 22:05:53 witherspoon phosphor-gevent[1099]:   File "/usr/lib/python2.7/site-packages/gevent/greenlet.py", line 327, in run
Sep 18 22:05:53 witherspoon phosphor-gevent[1099]:     result = self._run(*self.args, **self.kwargs)
Sep 18 22:05:53 witherspoon phosphor-gevent[1099]:   File "/usr/lib/python2.7/site-packages/gevent/server.py", line 102, in wrap_socket_and_handle
Sep 18 22:05:53 witherspoon phosphor-gevent[1099]:     ssl_socket = self.wrap_socket(client_socket, **self.ssl_args)
Sep 18 22:05:53 witherspoon phosphor-gevent[1099]:   File "/usr/lib/python2.7/site-packages/gevent/ssl.py", line 404, in wrap_socket
Sep 18 22:05:53 witherspoon phosphor-gevent[1099]:     ciphers=ciphers)
Sep 18 22:05:53 witherspoon phosphor-gevent[1099]:   File "/usr/lib/python2.7/site-packages/gevent/ssl.py", line 113, in __init__
Sep 18 22:05:53 witherspoon phosphor-gevent[1099]:     self.do_handshake()
Sep 18 22:05:53 witherspoon phosphor-gevent[1099]:   File "/usr/lib/python2.7/site-packages/gevent/ssl.py", line 324, in do_handshake
Sep 18 22:05:53 witherspoon phosphor-gevent[1099]:     return self._sslobj.do_handshake()
Sep 18 22:05:53 witherspoon phosphor-gevent[1099]: SSLEOFError: EOF occurred in violation of protocol (_ssl.c:590)
Sep 18 22:05:53 witherspoon phosphor-gevent[1099]: <Greenlet at 0x75ff2760: <bound method WSGIServer.wrap_socket_and_handle of <WSGIServer at 0x75fc8bd0 fileno=5 address=('::34d2:ed76:b0ad:6376%1986244000', 443, 0, 1986244000)>>(<socket at 0x75e9f850 fileno=10>, ('::80b9:6176:8e91:f402%1995225884', 41494, 0, 199)> failed with SSLEOFError
Sep 18 22:05:54 witherspoon phosphor-gevent[1099]: Traceback (most recent call last):
Sep 18 22:05:54 witherspoon phosphor-gevent[1099]:   File "/usr/lib/python2.7/site-packages/gevent/greenlet.py", line 327, in run
Sep 18 22:05:54 witherspoon phosphor-gevent[1099]:     result = self._run(*self.args, **self.kwargs)
Sep 18 22:05:54 witherspoon phosphor-gevent[1099]:   File "/usr/lib/python2.7/site-packages/gevent/server.py", line 102, in wrap_socket_and_handle
Sep 18 22:05:54 witherspoon phosphor-gevent[1099]:     ssl_socket = self.wrap_socket(client_socket, **self.ssl_args)
Sep 18 22:05:54 witherspoon phosphor-gevent[1099]:   File "/usr/lib/python2.7/site-packages/gevent/ssl.py", line 404, in wrap_socket
Sep 18 22:05:54 witherspoon phosphor-gevent[1099]:     ciphers=ciphers)
Sep 18 22:05:54 witherspoon phosphor-gevent[1099]:   File "/usr/lib/python2.7/site-packages/gevent/ssl.py", line 113, in __init__
Sep 18 22:05:54 witherspoon phosphor-gevent[1099]:     self.do_handshake()
Sep 18 22:05:54 witherspoon phosphor-gevent[1099]:   File "/usr/lib/python2.7/site-packages/gevent/ssl.py", line 324, in do_handshake
Sep 18 22:05:54 witherspoon phosphor-gevent[1099]:     return self._sslobj.do_handshake()
Sep 18 22:05:54 witherspoon phosphor-gevent[1099]: SSLEOFError: EOF occurred in violation of protocol (_ssl.c:590)
Sep 18 22:05:54 witherspoon phosphor-gevent[1099]: <Greenlet at 0x75ff2440: <bound method WSGIServer.wrap_socket_and_handle of <WSGIServer at 0x75fc8bd0 fileno=5 address=('::34d2:ed76:b0ad:6376%1986244000', 443, 0, 1986244000)>>(<socket at 0x75e9f8f0 fileno=11>, ('::80b9:6176:8e91:f402%1995225884', 41498, 0, 199)> failed with SSLEOFError
Sep 18 22:05:55 witherspoon systemd[1]: Started Wait for /org/openbmc/settings/host0.
Sep 18 22:05:55 witherspoon systemd[1]: Started Phosphor Inband IPMI.
Sep 18 22:05:55 witherspoon systemd[1]: Started Wait for /org/openbmc/managers/System.
Sep 18 22:05:55 witherspoon systemd[1]: Starting Phosphor Power0 Control...
Sep 18 22:05:55 witherspoon systemd[1]: Starting Phosphor Power Button0...
Sep 18 22:05:55 witherspoon systemd[1]: Starting Phosphor Reset Button0...
Sep 18 22:05:55 witherspoon systemd[1]: Starting Phosphor BMC State Manager...
Sep 18 22:05:56 witherspoon systemd[1]: Starting Phosphor Chassis State Manager...
Sep 18 22:05:56 witherspoon phosphor-chassis-state-manager[1193]: Initial Chassis State will be Off
Sep 18 22:05:57 witherspoon systemd[1]: Started Phosphor Chassis State Manager.
Sep 18 22:05:57 witherspoon phosphor-bmc-state-manager[1192]: Setting the BMCState field
Sep 18 22:05:57 witherspoon phosphor-bmc-state-manager[1192]: Setting the BMCState field
Sep 18 22:05:57 witherspoon systemd[1]: Started Phosphor BMC State Manager.
Sep 18 22:05:57 witherspoon system_manager.py[1100]: New object: /org/openbmc/control/power0 (:1.86)
Sep 18 22:05:57 witherspoon system_manager.py[1100]: Power GPIO config: ['SYS_PWROK_BUFF', '', [('SOFTWARE_PGOOD', True), ('BMC_POWER_UP', True)], [('BMC_CP0_RESET_N', False)], [], 'FSI_DATA', 'FSI_CLK', 'FSI_ENABLE', 'CRONUS_SEL', []]
Sep 18 22:05:57 witherspoon power_control.exe[1186]: Power GPIO latch output:
Sep 18 22:05:57 witherspoon power_control.exe[1186]: Power GPIO power good input: SYS_PWROK_BUFF
Sep 18 22:05:57 witherspoon power_control.exe[1186]: Power GPIO 2 power_up outputs
Sep 18 22:05:57 witherspoon power_control.exe[1186]: Power GPIO power_up[0] = SOFTWARE_PGOOD active HIGH
Sep 18 22:05:57 witherspoon power_control.exe[1186]: Power GPIO power_up[1] = BMC_POWER_UP active HIGH
Sep 18 22:05:57 witherspoon power_control.exe[1186]: Power GPIO 1 reset outputs
Sep 18 22:05:57 witherspoon power_control.exe[1186]: Power GPIO reset[0] = BMC_CP0_RESET_N active LOW
Sep 18 22:05:57 witherspoon power_control.exe[1186]: Power GPIO 0 pci reset outputs
Sep 18 22:05:57 witherspoon power_control.exe[1186]: FSI DATA GPIO: FSI_DATA
Sep 18 22:05:57 witherspoon power_control.exe[1186]: FSI CLK GPIO: FSI_CLK
Sep 18 22:05:57 witherspoon power_control.exe[1186]: FSI ENABLE GPIO: FSI_ENABLE
Sep 18 22:05:57 witherspoon power_control.exe[1186]: CRONUS SEL GPIO: CRONUS_SEL
Sep 18 22:05:57 witherspoon power_control.exe[1186]: Hostctl GPIO optionals: 0
Sep 18 22:05:57 witherspoon button_power.exe[1187]: GPIO Lookup:  POWER_BUTTON = 347,both
Sep 18 22:05:58 witherspoon systemd[1]: Started Phosphor Power Button0.
Sep 18 22:05:58 witherspoon power_control.exe[1186]: GPIO Lookup:  SYS_PWROK_BUFF = 306,in
Sep 18 22:05:58 witherspoon power_control.exe[1186]: GPIO Lookup:  SOFTWARE_PGOOD = 417,out
Sep 18 22:05:58 witherspoon power_control.exe[1186]: GPIO Lookup:  BMC_POWER_UP = 305,out
Sep 18 22:05:58 witherspoon button_reset.exe[1188]: GPIO Lookup:  RESET_BUTTON = 353,both
Sep 18 22:05:58 witherspoon systemd[1]: Started Phosphor Reset Button0.
Sep 18 22:05:58 witherspoon power_control.exe[1186]: GPIO Lookup:  BMC_CP0_RESET_N = 281,out
Sep 18 22:05:58 witherspoon power_control.exe[1186]: Pgood state: 0
Sep 18 22:05:58 witherspoon systemd[1]: Started Phosphor Power0 Control.
Sep 18 22:06:02 witherspoon systemd[1]: Started Wait for /xyz/openbmc_project/state/chassis0.
Sep 18 22:06:02 witherspoon systemd[1]: Started Wait for /org/openbmc/control/power0.
Sep 18 22:06:02 witherspoon systemd[1]: Starting Check Chassis0 pgood and create a file to indicate it...
Sep 18 22:06:02 witherspoon systemd[1]: Starting Phosphor Time Manager daemon...
Sep 18 22:06:03 witherspoon timemanager[1214]: Registering dbus methods
Sep 18 22:06:03 witherspoon timemanager[1214]: Last known time_mode: NTP
Sep 18 22:06:03 witherspoon timemanager[1214]: Last known time_owner: BMC
Sep 18 22:06:03 witherspoon timemanager[1214]: Empty DhcpNtp string
Sep 18 22:06:03 witherspoon timemanager[1214]: Reading Power Control key: pgood
Sep 18 22:06:03 witherspoon systemd[1]: Started Check Chassis0 pgood and create a file to indicate it.
Sep 18 22:06:03 witherspoon systemd[1]: Reached target Chassis0 power on after reset.
Sep 18 22:06:04 witherspoon timemanager[1214]: Changing settings *allowed* now
Sep 18 22:06:04 witherspoon systemd[1]: Reached target Chassis0 (Reset Check).
Sep 18 22:06:04 witherspoon systemd[1]: Started Wait for /xyz/openbmc_project/control/host0.
Sep 18 22:06:04 witherspoon systemd[1]: Reached target Host0 running after reset.
Sep 18 22:06:04 witherspoon systemd[1]: Reached target Host0 (Reset Check).
Sep 18 22:06:04 witherspoon systemd[1]: Starting Phosphor Host State Manager...
Sep 18 22:06:04 witherspoon timemanager[1214]: Owner is already set to : BMC
Sep 18 22:06:04 witherspoon timemanager[1214]: Requested_Mode: NTP Current_Mode: NTP
Sep 18 22:06:04 witherspoon timemanager[1214]: Mode is already set to : NTP
Sep 18 22:06:04 witherspoon timemanager[1214]: Getting System Settings: use_dhcp_ntp
Sep 18 22:06:04 witherspoon timemanager[1214]: use_dhcp_ntp = yes
Sep 18 22:06:04 witherspoon timemanager[1214]: Last known host_offset:0
Sep 18 22:06:04 witherspoon timemanager[1214]: Initial Uptime Usec: 1505772251819442
Sep 18 22:06:04 witherspoon systemd[1]: Started Phosphor Time Manager daemon.
Sep 18 22:06:05 witherspoon phosphor-host-state-manager[1226]: Initial Host State will be Off
Sep 18 22:06:05 witherspoon phosphor-host-state-manager[1226]: External request to reset reboot count
Sep 18 22:06:05 witherspoon systemd[1]: Started Phosphor Host State Manager.
Sep 18 22:06:06 witherspoon avahi-daemon[990]: Withdrawing address record for 9.3.86.161 on eth0.
Sep 18 22:06:06 witherspoon avahi-daemon[990]: Host name conflict, retrying with witherspoon-2
Sep 18 22:06:06 witherspoon avahi-daemon[990]: Registering new address record for fe80::72e2:84ff:fe14:23e1 on eth0.*.
Sep 18 22:06:06 witherspoon avahi-daemon[990]: Registering new address record for 9.3.86.161 on eth0.IPv4.
Sep 18 22:06:06 witherspoon avahi-daemon[990]: Withdrawing address record for 9.3.86.161 on eth0.
Sep 18 22:06:06 witherspoon avahi-daemon[990]: Host name conflict, retrying with witherspoon-3
Sep 18 22:06:06 witherspoon avahi-daemon[990]: Registering new address record for fe80::72e2:84ff:fe14:23e1 on eth0.*.
Sep 18 22:06:06 witherspoon avahi-daemon[990]: Registering new address record for 9.3.86.161 on eth0.IPv4.
Sep 18 22:06:06 witherspoon systemd[1]: Started Wait for /xyz/openbmc_project/state/host0.
Sep 18 22:06:06 witherspoon systemd[1]: Starting Reboot If Enabled...
Sep 18 22:06:07 witherspoon avahi-daemon[990]: Withdrawing address record for 9.3.86.161 on eth0.
Sep 18 22:06:07 witherspoon avahi-daemon[990]: Host name conflict, retrying with witherspoon-4
Sep 18 22:06:07 witherspoon avahi-daemon[990]: Registering new address record for fe80::72e2:84ff:fe14:23e1 on eth0.*.
Sep 18 22:06:07 witherspoon avahi-daemon[990]: Registering new address record for 9.3.86.161 on eth0.IPv4.
Sep 18 22:06:07 witherspoon phosphor-discover-system-state[1227]: Host power is off, checking power policy
Sep 18 22:06:07 witherspoon phosphor-discover-system-state[1227]: power_policy=RESTORE, restoring last state
Sep 18 22:06:07 witherspoon phosphor-host-state-manager[1226]: Host State transaction request
Sep 18 22:06:07 witherspoon systemd[1]: Starting Phosphor MAX31785 MSL...
Sep 18 22:06:07 witherspoon systemd[1]: Starting Wait for /org/openbmc/control/chassis0...
Sep 18 22:06:07 witherspoon systemd[1]: Created slice system-op\x2dwait\x2dpower\x2doff.slice.
Sep 18 22:06:07 witherspoon systemd[1]: Starting Wait for /org/openbmc/HostIpmi/1...
Sep 18 22:06:07 witherspoon systemd[1]: Created slice system-obmc\x2dled\x2dgroup\x2dstop.slice.
Sep 18 22:06:07 witherspoon systemd[1]: Created slice system-vcs_off_poweroff.slice.
Sep 18 22:06:07 witherspoon systemd[1]: Created slice system-op\x2dpower\x2dstop.slice.
Sep 18 22:06:07 witherspoon systemd[1]: Started Phosphor Cooling Type.
Sep 18 22:06:07 witherspoon systemd[1]: Starting Wait for /xyz/openbmc_project/led/groups/power_on...
Sep 18 22:06:07 witherspoon systemd[1]: Created slice system-op\x2docc\x2ddisable.slice.
Sep 18 22:06:07 witherspoon systemd[1]: Starting OpenPOWER OCC Active Disable...
Sep 18 22:06:07 witherspoon systemd[1]: Created slice system-ir35221\x2doff\x2dunbind.slice.
Sep 18 22:06:07 witherspoon systemd[1]: Created slice system-ir35221\x2doff\x2dbind.slice.
Sep 18 22:06:08 witherspoon avahi-daemon[990]: Withdrawing address record for 9.3.86.161 on eth0.
Sep 18 22:06:08 witherspoon avahi-daemon[990]: Host name conflict, retrying with witherspoon-5
Sep 18 22:06:08 witherspoon avahi-daemon[990]: Registering new address record for fe80::72e2:84ff:fe14:23e1 on eth0.*.
Sep 18 22:06:08 witherspoon avahi-daemon[990]: Registering new address record for 9.3.86.161 on eth0.IPv4.
Sep 18 22:06:09 witherspoon avahi-daemon[990]: Withdrawing address record for 9.3.86.161 on eth0.
Sep 18 22:06:09 witherspoon avahi-daemon[990]: Host name conflict, retrying with witherspoon-6
Sep 18 22:06:09 witherspoon avahi-daemon[990]: Registering new address record for fe80::72e2:84ff:fe14:23e1 on eth0.*.
Sep 18 22:06:09 witherspoon avahi-daemon[990]: Registering new address record for 9.3.86.161 on eth0.IPv4.
Sep 18 22:06:09 witherspoon systemd[1]: Started Reboot If Enabled.
Sep 18 22:06:09 witherspoon systemd[1]: Started Phosphor MAX31785 MSL.
Sep 18 22:06:09 witherspoon systemd[1]: Started Wait for /org/openbmc/control/chassis0.
Sep 18 22:06:09 witherspoon systemd[1]: Started Wait for /org/openbmc/HostIpmi/1.
Sep 18 22:06:09 witherspoon systemd[1]: Started Wait for /xyz/openbmc_project/led/groups/power_on.
Sep 18 22:06:10 witherspoon systemd[1]: Started OpenPOWER OCC Active Disable.
Sep 18 22:06:10 witherspoon systemd[1]: Starting Assert power_on LED...
Sep 18 22:06:10 witherspoon systemd[1]: Starting Soft power off of the host...
Sep 18 22:06:10 witherspoon systemd[1]: Reached target Phosphor System - Standby.
Sep 18 22:06:10 witherspoon phosphor-bmc-state-manager[1192]: BMC_READY
Sep 18 22:06:10 witherspoon phosphor-bmc-state-manager[1192]: Setting the BMCState field
Sep 18 22:06:10 witherspoon avahi-daemon[990]: Withdrawing address record for 9.3.86.161 on eth0.
Sep 18 22:06:10 witherspoon avahi-daemon[990]: Host name conflict, retrying with witherspoon-7
Sep 18 22:06:10 witherspoon avahi-daemon[990]: Registering new address record for fe80::72e2:84ff:fe14:23e1 on eth0.*.
Sep 18 22:06:10 witherspoon avahi-daemon[990]: Registering new address record for 9.3.86.161 on eth0.IPv4.
Sep 18 22:06:10 witherspoon systemd[1]: Starting Assert bmc_booted LED...
Sep 18 22:06:10 witherspoon systemd[1]: Reached target Stop Host0 (Pre).
Sep 18 22:06:10 witherspoon systemd[1]: Starting Power off mode unbind ir35221 device driver devs...
Sep 18 22:06:10 witherspoon systemd[1]: Reached target Stop Hosti (Pre).
Sep 18 22:06:10 witherspoon systemd[1]: Reached target Hosti (Stopping).
Sep 18 22:06:10 witherspoon systemd[1]: Reached target Hosti (Stopped).
Sep 18 22:06:10 witherspoon systemd[1]: Reached target Poweri Off (Pre).
Sep 18 22:06:10 witherspoon systemd[1]: Reached target Poweri Off.
Sep 18 22:06:11 witherspoon systemd[1]: xyz.openbmc_project.Hwmon@ahb-apb-i2c\x401e78a000-i2c\x2dbus\x40140-ir35221\x4070.service: Unit not needed anymore. Stopping.
Sep 18 22:06:11 witherspoon systemd[1]: Stopping Phosphor Hwmon Poller...
Sep 18 22:06:11 witherspoon systemd[1]: Stopped Phosphor Hwmon Poller.
Sep 18 22:06:11 witherspoon systemd[1]: xyz.openbmc_project.Hwmon@ahb-apb-i2c\x401e78a000-i2c\x2dbus\x40140-ir35221\x4071.service: Unit not needed anymore. Stopping.
Sep 18 22:06:11 witherspoon systemd[1]: Stopping Phosphor Hwmon Poller...
Sep 18 22:06:11 witherspoon systemd[1]: Stopped Phosphor Hwmon Poller.
Sep 18 22:06:11 witherspoon systemd[1]: xyz.openbmc_project.Hwmon@ahb-apb-i2c\x401e78a000-i2c\x2dbus\x40180-ir35221\x4070.service: Unit not needed anymore. Stopping.
Sep 18 22:06:11 witherspoon systemd[1]: Stopping Phosphor Hwmon Poller...
Sep 18 22:06:11 witherspoon systemd[1]: Stopped Phosphor Hwmon Poller.
Sep 18 22:06:11 witherspoon avahi-daemon[990]: Withdrawing address record for 9.3.86.161 on eth0.
Sep 18 22:06:11 witherspoon avahi-daemon[990]: Host name conflict, retrying with witherspoon-8
Sep 18 22:06:11 witherspoon avahi-daemon[990]: Registering new address record for fe80::72e2:84ff:fe14:23e1 on eth0.*.
Sep 18 22:06:11 witherspoon avahi-daemon[990]: Registering new address record for 9.3.86.161 on eth0.IPv4.
Sep 18 22:06:11 witherspoon systemd[1]: xyz.openbmc_project.Hwmon@ahb-apb-i2c\x401e78a000-i2c\x2dbus\x40180-ir35221\x4071.service: Unit not needed anymore. Stopping.
Sep 18 22:06:11 witherspoon systemd[1]: Stopping Phosphor Hwmon Poller...
Sep 18 22:06:11 witherspoon systemd[1]: Stopped Phosphor Hwmon Poller.
Sep 18 22:06:11 witherspoon systemd[1]: Started Power off mode unbind ir35221 device driver devs.
Sep 18 22:06:12 witherspoon phosphor-gevent[1099]: ::80b9:6176:8e91:f402%1995225884 - - [2017-09-18 22:06:12] "POST /login HTTP/1.1" 200 320 0.045844
Sep 18 22:06:12 witherspoon avahi-daemon[990]: Withdrawing address record for 9.3.86.161 on eth0.
Sep 18 22:06:12 witherspoon avahi-daemon[990]: Host name conflict, retrying with witherspoon-9
Sep 18 22:06:12 witherspoon avahi-daemon[990]: Registering new address record for fe80::72e2:84ff:fe14:23e1 on eth0.*.
Sep 18 22:06:12 witherspoon avahi-daemon[990]: Registering new address record for 9.3.86.161 on eth0.IPv4.
Sep 18 22:06:13 witherspoon avahi-daemon[990]: Withdrawing address record for 9.3.86.161 on eth0.
Sep 18 22:06:13 witherspoon avahi-daemon[990]: Host name conflict, retrying with witherspoon-10
Sep 18 22:06:13 witherspoon avahi-daemon[990]: Registering new address record for fe80::72e2:84ff:fe14:23e1 on eth0.*.
Sep 18 22:06:13 witherspoon avahi-daemon[990]: Registering new address record for 9.3.86.161 on eth0.IPv4.
Sep 18 22:06:14 witherspoon avahi-daemon[990]: Withdrawing address record for 9.3.86.161 on eth0.
Sep 18 22:06:14 witherspoon avahi-daemon[990]: Host name conflict, retrying with witherspoon-11
Sep 18 22:06:14 witherspoon avahi-daemon[990]: Registering new address record for fe80::72e2:84ff:fe14:23e1 on eth0.*.
Sep 18 22:06:14 witherspoon avahi-daemon[990]: Registering new address record for 9.3.86.161 on eth0.IPv4.
Sep 18 22:06:15 witherspoon avahi-daemon[990]: Withdrawing address record for 9.3.86.161 on eth0.
Sep 18 22:06:15 witherspoon avahi-daemon[990]: Host name conflict, retrying with witherspoon-12
Sep 18 22:06:15 witherspoon avahi-daemon[990]: Registering new address record for fe80::72e2:84ff:fe14:23e1 on eth0.*.
Sep 18 22:06:15 witherspoon avahi-daemon[990]: Registering new address record for 9.3.86.161 on eth0.IPv4.
Sep 18 22:06:16 witherspoon phosphor-ledmanager[982]: Asserting LEDs
Sep 18 22:06:16 witherspoon systemd[1]: Started Assert bmc_booted LED.
Sep 18 22:06:16 witherspoon ipmid[1183]: Pushing cmd on to queue
Sep 18 22:06:16 witherspoon ipmid[1183]: Pushing cmd on to queue
Sep 18 22:06:16 witherspoon ipmid[1183]: Asserting SMS Attention
Sep 18 22:06:16 witherspoon phosphor-gevent[1099]: ::80b9:6176:8e91:f402%1995225884 - - [2017-09-18 22:06:16] "GET /xyz/openbmc_project/state/chassis0//attr/CurrentPowerState HTTP/1.1" 200 216 4.048847
Sep 18 22:06:16 witherspoon avahi-daemon[990]: Withdrawing address record for 9.3.86.161 on eth0.
Sep 18 22:06:16 witherspoon avahi-daemon[990]: Host name conflict, retrying with witherspoon-13
Sep 18 22:06:16 witherspoon avahi-daemon[990]: Registering new address record for fe80::72e2:84ff:fe14:23e1 on eth0.*.
Sep 18 22:06:16 witherspoon avahi-daemon[990]: Registering new address record for 9.3.86.161 on eth0.IPv4.
Sep 18 22:06:16 witherspoon phosphor-gevent[1099]: ::80b9:6176:8e91:f402%1995225884 - - [2017-09-18 22:06:16] "POST /login HTTP/1.1" 200 320 0.037578
Sep 18 22:06:17 witherspoon systemd[1]: Started Assert power_on LED.
Sep 18 22:06:17 witherspoon avahi-daemon[990]: Withdrawing address record for fe80::72e2:84ff:fe14:23e1 on eth0.
Sep 18 22:06:18 witherspoon phosphor-gevent[1099]: ::80b9:6176:8e91:f402%1995225884 - - [2017-09-18 22:06:18] "GET /xyz/openbmc_project/state/chassis0//attr/CurrentPowerState HTTP/1.1" 200 216 1.030064
Sep 18 22:06:17 witherspoon ipmid[1183]: SMS Attention asserted
Sep 18 22:06:17 witherspoon avahi-daemon[990]: Host name conflict, retrying with witherspoon-14
Sep 18 22:06:17 witherspoon avahi-daemon[990]: Registering new address record for fe80::72e2:84ff:fe14:23e1 on eth0.*.
Sep 18 22:06:17 witherspoon avahi-daemon[990]: Registering new address record for 9.3.86.161 on eth0.IPv4.
Sep 18 22:06:18 witherspoon phosphor-gevent[1099]: ::80b9:6176:8e91:f402%1995225884 - - [2017-09-18 22:06:18] "POST /login HTTP/1.1" 200 320 0.032890
Sep 18 22:06:18 witherspoon phosphor-gevent[1099]: ::80b9:6176:8e91:f402%1995225884 - - [2017-09-18 22:06:18] "GET /xyz/openbmc_project/state/host0//attr/BootProgress HTTP/1.1" 200 234 0.199058
Sep 18 22:06:18 witherspoon avahi-daemon[990]: Withdrawing address record for 9.3.86.161 on eth0.
Sep 18 22:06:18 witherspoon avahi-daemon[990]: Host name conflict, retrying with witherspoon-15
Sep 18 22:06:18 witherspoon avahi-daemon[990]: Registering new address record for fe80::72e2:84ff:fe14:23e1 on eth0.*.
Sep 18 22:06:18 witherspoon avahi-daemon[990]: Registering new address record for 9.3.86.161 on eth0.IPv4.
Sep 18 22:06:19 witherspoon phosphor-gevent[1099]: ::80b9:6176:8e91:f402%1995225884 - - [2017-09-18 22:06:19] "POST /login HTTP/1.1" 200 320 0.033119
Sep 18 22:06:19 witherspoon phosphor-gevent[1099]: ::80b9:6176:8e91:f402%1995225884 - - [2017-09-18 22:06:19] "GET /xyz/openbmc_project/state/host0//attr/CurrentHostState HTTP/1.1" 200 212 0.073144
Sep 18 22:06:19 witherspoon phosphor-gevent[1099]: ::80b9:6176:8e91:f402%1995225884 - - [2017-09-18 22:06:19] "POST /login HTTP/1.1" 200 320 0.040693
Sep 18 22:06:19 witherspoon phosphor-gevent[1099]: ::80b9:6176:8e91:f402%1995225884 - - [2017-09-18 22:06:19] "GET /xyz/openbmc_project/logging/entry//list HTTP/1.1" 200 214 0.113367
Sep 18 22:06:19 witherspoon avahi-daemon[990]: Withdrawing address record for 9.3.86.161 on eth0.
Sep 18 22:06:19 witherspoon avahi-daemon[990]: Host name conflict, retrying with witherspoon-16
Sep 18 22:06:19 witherspoon avahi-daemon[990]: Registering new address record for fe80::72e2:84ff:fe14:23e1 on eth0.*.
Sep 18 22:06:19 witherspoon avahi-daemon[990]: Registering new address record for 9.3.86.161 on eth0.IPv4.
Sep 18 22:06:19 witherspoon phosphor-gevent[1099]: ::80b9:6176:8e91:f402%1995225884 - - [2017-09-18 22:06:19] "POST /login HTTP/1.1" 200 320 0.087969
Sep 18 22:06:20 witherspoon phosphor-gevent[1099]: ::80b9:6176:8e91:f402%1995225884 - - [2017-09-18 22:06:20] "GET /xyz/openbmc_project/logging/entry//list HTTP/1.1" 200 214 0.857914
Sep 18 22:06:20 witherspoon phosphor-gevent[1099]: ::80b9:6176:8e91:f402%1995225884 - - [2017-09-18 22:06:20] "POST /login HTTP/1.1" 200 320 0.033097
Sep 18 22:06:21 witherspoon ipmid[1183]: Host control timeout hit!
Sep 18 22:06:21 witherspoon ipmid[1183]: Timer expired
Sep 18 22:06:21 witherspoon phosphor-softpoweroff[1257]: Host control signal values
Sep 18 22:06:21 witherspoon phosphor-softpoweroff[1257]: Timeout on host attention, continue with power down
Sep 18 22:06:21 witherspoon systemd[1]: Started Soft power off of the host.
Sep 18 22:06:21 witherspoon systemd[1]: Reached target Host0 (Stopping).
Sep 18 22:06:21 witherspoon phosphor-gevent[1099]: ::80b9:6176:8e91:f402%1995225884 - - [2017-09-18 22:06:21] "DELETE /xyz/openbmc_project/logging/entry/1 HTTP/1.1" 200 169 0.313504
Sep 18 22:06:21 witherspoon systemd[1]: Reached target Host0 (Stopped).
Sep 18 22:06:21 witherspoon systemd[1]: Reached target Power0 Off (Pre).
Sep 18 22:06:21 witherspoon systemd[1]: Started Stop Power0.
Sep 18 22:06:21 witherspoon systemd[1]: Starting Wait for Power0 to turn off...
Sep 18 22:06:21 witherspoon phosphor-gevent[1099]: ::80b9:6176:8e91:f402%1995225884 - - [2017-09-18 22:06:21] "POST /login HTTP/1.1" 200 320 0.157015
Sep 18 22:06:22 witherspoon power_control.exe[1186]: Power already at requested state: 0
Sep 18 22:06:23 witherspoon systemd[1]: Started Wait for Power0 to turn off.
Sep 18 22:06:23 witherspoon systemd[1]: Reached target Power0 Off.
Sep 18 22:06:23 witherspoon systemd[1]: Starting Disable VCS on a power off...
Sep 18 22:06:23 witherspoon phosphor-gevent[1099]: ::80b9:6176:8e91:f402%1995225884 - - [2017-09-18 22:06:23] "GET /xyz/openbmc_project/state/host0//attr/CurrentHostState HTTP/1.1" 200 212 1.467275
Sep 18 22:06:23 witherspoon systemd[1]: Started Disable VCS on a power off.
Sep 18 22:06:23 witherspoon systemd[1]: Starting Power off mode bind ir35221 device driver devs...
Sep 18 22:06:23 witherspoon systemd[1]: Started Phosphor Hwmon Poller.
Sep 18 22:06:24 witherspoon systemd[1]: Started Phosphor Hwmon Poller.
Sep 18 22:06:24 witherspoon systemd[1]: Started Phosphor Hwmon Poller.
Sep 18 22:06:24 witherspoon phosphor-gevent[1099]: ::80b9:6176:8e91:f402%1995225884 - - [2017-09-18 22:06:24] "POST /login HTTP/1.1" 200 320 0.466527
Sep 18 22:06:24 witherspoon systemd[1]: Started Power off mode bind ir35221 device driver devs.
Sep 18 22:06:24 witherspoon systemd[1]: Reached target Chassis0 (Power Off).
Sep 18 22:06:24 witherspoon systemd[1]: Reached target Stop Host0.
Sep 18 22:06:24 witherspoon systemd[1]: Reached target Power0 Host Off.
Sep 18 22:06:24 witherspoon systemd[1]: Startup finished in 10.291s (kernel) + 2min 2.631s (userspace) = 2min 12.923s.
Sep 18 22:06:24 witherspoon systemd[1]: Started Phosphor Hwmon Poller.
Sep 18 22:06:25 witherspoon phosphor-chassis-state-manager[1193]: Received signal that power OFF is complete
Sep 18 22:06:25 witherspoon phosphor-chassis-state-manager[1193]: Change to Chassis Power State
Sep 18 22:06:25 witherspoon phosphor-host-state-manager[1226]: Received signal that host is off
Sep 18 22:06:25 witherspoon phosphor-host-state-manager[1226]: Change to Host State
Sep 18 22:06:25 witherspoon phosphor-gevent[1099]: ::80b9:6176:8e91:f402%1995225884 - - [2017-09-18 22:06:25] "GET /xyz/openbmc_project/logging/entry//list HTTP/1.1" 404 311 0.108537
Sep 18 22:06:25 witherspoon phosphor-gevent[1099]: ::80b9:6176:8e91:f402%1995225884 - - [2017-09-18 22:06:25] "POST /login HTTP/1.1" 200 320 0.102961
Sep 18 22:06:26 witherspoon phosphor-gevent[1099]: ::80b9:6176:8e91:f402%1995225884 - - [2017-09-18 22:06:26] "GET /xyz/openbmc_project/logging/entry//list HTTP/1.1" 404 311 0.263679
Sep 18 22:06:26 witherspoon dropbear[1054]: Exit (root): Exited normally
Sep 18 22:06:39 witherspoon avahi-daemon[990]: Withdrawing address record for 9.3.86.161 on eth0.
Sep 18 22:06:39 witherspoon avahi-daemon[990]: Host name conflict, retrying with witherspoon-17
Sep 18 22:06:39 witherspoon avahi-daemon[990]: Registering new address record for fe80::72e2:84ff:fe14:23e1 on eth0.*.
Sep 18 22:06:39 witherspoon avahi-daemon[990]: Registering new address record for 9.3.86.161 on eth0.IPv4.
Sep 18 22:06:59 witherspoon avahi-daemon[990]: Withdrawing address record for 9.3.86.161 on eth0.
Sep 18 22:06:59 witherspoon avahi-daemon[990]: Host name conflict, retrying with witherspoon-18
Sep 18 22:06:59 witherspoon avahi-daemon[990]: Registering new address record for fe80::72e2:84ff:fe14:23e1 on eth0.*.
Sep 18 22:06:59 witherspoon avahi-daemon[990]: Registering new address record for 9.3.86.161 on eth0.IPv4.
Sep 18 22:07:19 witherspoon avahi-daemon[990]: Withdrawing address record for 9.3.86.161 on eth0.
Sep 18 22:07:19 witherspoon avahi-daemon[990]: Host name conflict, retrying with witherspoon-19
Sep 18 22:07:19 witherspoon avahi-daemon[990]: Registering new address record for fe80::72e2:84ff:fe14:23e1 on eth0.*.
Sep 18 22:07:19 witherspoon avahi-daemon[990]: Registering new address record for 9.3.86.161 on eth0.IPv4.
Sep 18 22:07:39 witherspoon systemd[1]: Started SSH Per-Connection Server (9.41.165.94:58422).
Sep 18 22:07:39 witherspoon dropbear[1326]: Failed loading /etc/dropbear/dropbear_dss_host_key
Sep 18 22:07:39 witherspoon dropbear[1326]: Failed loading /etc/dropbear/dropbear_ecdsa_host_key
Sep 18 22:07:39 witherspoon dropbear[1326]: Child connection from ::ffff:9.41.165.94:58422
Sep 18 22:07:39 witherspoon avahi-daemon[990]: Withdrawing address record for 9.3.86.161 on eth0.
Sep 18 22:07:39 witherspoon avahi-daemon[990]: Host name conflict, retrying with witherspoon-20
Sep 18 22:07:39 witherspoon avahi-daemon[990]: Registering new address record for fe80::72e2:84ff:fe14:23e1 on eth0.*.
Sep 18 22:07:39 witherspoon avahi-daemon[990]: Registering new address record for 9.3.86.161 on eth0.IPv4.
Sep 18 22:07:39 witherspoon dropbear[1326]: PAM password auth succeeded for 'root' from ::ffff:9.41.165.94:58422
Sep 18 22:07:39 witherspoon dropbear[1327]: lastlog_perform_login: Couldn't stat /var/log/lastlog: No such file or directory
Sep 18 22:07:39 witherspoon dropbear[1327]: lastlog_openseek: /var/log/lastlog is not a file or directory!
Sep 18 22:07:41 witherspoon phosphor-gevent[1099]: ::80b9:6176:8e91:f402%1995225884 - - [2017-09-18 22:07:41] "POST /login HTTP/1.1" 200 320 0.033146
Sep 18 22:07:41 witherspoon phosphor-gevent[1099]: ::80b9:6176:8e91:f402%1995225884 - - [2017-09-18 22:07:41] "GET /xyz/openbmc_project/software/ HTTP/1.1" 200 261 0.047661
Sep 18 22:07:41 witherspoon phosphor-gevent[1099]: ::80b9:6176:8e91:f402%1995225884 - - [2017-09-18 22:07:41] "POST /login HTTP/1.1" 200 320 0.033601
Sep 18 22:07:41 witherspoon phosphor-gevent[1099]: ::80b9:6176:8e91:f402%1995225884 - - [2017-09-18 22:07:41] "GET /xyz/openbmc_project/software/8764baa3/attr/Purpose HTTP/1.1" 200 224 0.119547
Sep 18 22:07:41 witherspoon phosphor-gevent[1099]: ::80b9:6176:8e91:f402%1995225884 - - [2017-09-18 22:07:41] "POST /login HTTP/1.1" 200 320 0.065652
Sep 18 22:07:42 witherspoon phosphor-gevent[1099]: ::80b9:6176:8e91:f402%1995225884 - - [2017-09-18 22:07:42] "GET /xyz/openbmc_project/software/active/attr/Purpose HTTP/1.1" 404 259 0.076732
Sep 18 22:07:42 witherspoon phosphor-gevent[1099]: ::80b9:6176:8e91:f402%1995225884 - - [2017-09-18 22:07:42] "POST /login HTTP/1.1" 200 320 0.069456
Sep 18 22:07:42 witherspoon phosphor-gevent[1099]: ::80b9:6176:8e91:f402%1995225884 - - [2017-09-18 22:07:42] "GET /xyz/openbmc_project/software/8764baa3 HTTP/1.1" 200 970 0.106296
Sep 18 22:07:42 witherspoon systemd[1]: Started SSH Per-Connection Server (9.41.165.94:58432).
Sep 18 22:07:42 witherspoon dropbear[1333]: Failed loading /etc/dropbear/dropbear_dss_host_key
Sep 18 22:07:42 witherspoon dropbear[1333]: Failed loading /etc/dropbear/dropbear_ecdsa_host_key
Sep 18 22:07:42 witherspoon dropbear[1333]: Child connection from ::ffff:9.41.165.94:58432
Sep 18 22:07:43 witherspoon dropbear[1333]: PAM password auth succeeded for 'root' from ::ffff:9.41.165.94:58432
Sep 18 22:07:43 witherspoon dropbear[1334]: lastlog_perform_login: Couldn't stat /var/log/lastlog: No such file or directory
Sep 18 22:07:43 witherspoon dropbear[1334]: lastlog_openseek: /var/log/lastlog is not a file or directory!
Sep 18 22:07:43 witherspoon systemd[1]: Started SSH Per-Connection Server (9.41.165.94:58436).
Sep 18 22:07:43 witherspoon dropbear[1340]: Failed loading /etc/dropbear/dropbear_dss_host_key
Sep 18 22:07:43 witherspoon dropbear[1340]: Failed loading /etc/dropbear/dropbear_ecdsa_host_key
Sep 18 22:07:43 witherspoon dropbear[1340]: Child connection from ::ffff:9.41.165.94:58436
Sep 18 22:07:44 witherspoon dropbear[1340]: PAM password auth succeeded for 'root' from ::ffff:9.41.165.94:58436
Sep 18 22:07:44 witherspoon dropbear[1341]: lastlog_perform_login: Couldn't stat /var/log/lastlog: No such file or directory
Sep 18 22:07:44 witherspoon dropbear[1341]: lastlog_openseek: /var/log/lastlog is not a file or directory!
Sep 18 22:07:45 witherspoon phosphor-gevent[1099]: ::80b9:6176:8e91:f402%1995225884 - - [2017-09-18 22:07:45] "POST /login HTTP/1.1" 200 320 0.033161
Sep 18 22:07:46 witherspoon phosphor-gevent[1099]: ::80b9:6176:8e91:f402%1995225884 - - [2017-09-18 22:07:46] "POST /login HTTP/1.1" 200 320 0.043022
