-- Logs begin at Thu 2017-08-10 00:22:02 UTC, end at Thu 2017-08-10 00:25:08 UTC. --
Aug 10 00:22:02 witherspoon kernel: Booting Linux on physical CPU 0x0
Aug 10 00:22:02 witherspoon kernel: Linux version 4.10.17-03afe5775baf06c3037d62cc2a15628079af38c9 (jenkins@hudson) (gcc version 6.2.0 (GCC) ) #1 Tue Aug 1 17:31:09 UTC 2017
Aug 10 00:22:02 witherspoon kernel: CPU: ARMv6-compatible processor [410fb767] revision 7 (ARMv7), cr=00c5387d
Aug 10 00:22:02 witherspoon kernel: CPU: PIPT / VIPT nonaliasing data cache, VIPT nonaliasing instruction cache
Aug 10 00:22:02 witherspoon kernel: OF: fdt:Machine model: Witherspoon BMC
Aug 10 00:22:02 witherspoon kernel: Memory policy: Data cache writeback
Aug 10 00:22:02 witherspoon kernel: SOC Rev: 04030303
Aug 10 00:22:02 witherspoon kernel: On node 0 totalpages: 110592
Aug 10 00:22:02 witherspoon kernel: free_area_init_node: node 0, pgdat 805ff5f4, node_mem_map 9ec1a000
Aug 10 00:22:02 witherspoon kernel:   Normal zone: 992 pages used for memmap
Aug 10 00:22:02 witherspoon kernel:   Normal zone: 0 pages reserved
Aug 10 00:22:02 witherspoon kernel:   Normal zone: 110592 pages, LIFO batch:31
Aug 10 00:22:02 witherspoon kernel: pcpu-alloc: s0 r0 d32768 u32768 alloc=1*32768
Aug 10 00:22:02 witherspoon kernel: pcpu-alloc: [0] 0 
Aug 10 00:22:02 witherspoon kernel: Built 1 zonelists in Zone order, mobility grouping on.  Total pages: 109600
Aug 10 00:22:02 witherspoon kernel: Kernel command line: console=ttyS4,115200n8 root=/dev/ram rw
Aug 10 00:22:02 witherspoon kernel: PID hash table entries: 2048 (order: 1, 8192 bytes)
Aug 10 00:22:02 witherspoon kernel: Dentry cache hash table entries: 65536 (order: 6, 262144 bytes)
Aug 10 00:22:02 witherspoon kernel: Inode-cache hash table entries: 32768 (order: 5, 131072 bytes)
Aug 10 00:22:02 witherspoon kernel: Memory: 430440K/442368K available (4065K kernel code, 280K rwdata, 1192K rodata, 284K init, 111K bss, 11928K reserved, 0K cma-reserved)
Aug 10 00:22:02 witherspoon kernel: Virtual kernel memory layout:
                                        vector  : 0xffff0000 - 0xffff1000   (   4 kB)
                                        fixmap  : 0xffc00000 - 0xfff00000   (3072 kB)
                                        vmalloc : 0x9f800000 - 0xff800000   (1536 MB)
                                        lowmem  : 0x80000000 - 0x9f000000   ( 496 MB)
                                          .text : 0x80008000 - 0x80400940   (4067 kB)
                                          .init : 0x80585000 - 0x805cc000   ( 284 kB)
                                          .data : 0x805cc000 - 0x80612358   ( 281 kB)
                                           .bss : 0x80612358 - 0x8062e1f8   ( 112 kB)
Aug 10 00:22:02 witherspoon kernel: NR_IRQS:16 nr_irqs:16 16
Aug 10 00:22:02 witherspoon kernel: i2c controller registered, irq 16
Aug 10 00:22:02 witherspoon kernel: clocksource: moxart_timer: mask: 0xffffffff max_cycles: 0xffffffff, max_idle_ns: 77222644334 ns
Aug 10 00:22:02 witherspoon kernel: sched_clock: 32 bits at 100 Hz, resolution 10000000ns, wraps every 21474836475000000ns
Aug 10 00:22:02 witherspoon kernel: Calibrating delay loop... 789.70 BogoMIPS (lpj=3948544)
Aug 10 00:22:02 witherspoon kernel: pid_max: default: 32768 minimum: 301
Aug 10 00:22:02 witherspoon kernel: Mount-cache hash table entries: 1024 (order: 0, 4096 bytes)
Aug 10 00:22:02 witherspoon kernel: Mountpoint-cache hash table entries: 1024 (order: 0, 4096 bytes)
Aug 10 00:22:02 witherspoon kernel: CPU: Testing write buffer coherency: ok
Aug 10 00:22:02 witherspoon kernel: ftrace: allocating 14934 entries in 44 pages
Aug 10 00:22:02 witherspoon kernel: Setting up static identity map for 0x80008200 - 0x8000825c
Aug 10 00:22:02 witherspoon kernel: devtmpfs: initialized
Aug 10 00:22:02 witherspoon kernel: clocksource: jiffies: mask: 0xffffffff max_cycles: 0xffffffff, max_idle_ns: 19112604462750000 ns
Aug 10 00:22:02 witherspoon kernel: futex hash table entries: 256 (order: -1, 3072 bytes)
Aug 10 00:22:02 witherspoon kernel: pinctrl core: initialized pinctrl subsystem
Aug 10 00:22:02 witherspoon kernel: NET: Registered protocol family 16
Aug 10 00:22:02 witherspoon kernel: DMA: preallocated 256 KiB pool for atomic coherent allocations
Aug 10 00:22:02 witherspoon kernel: usbcore: registered new interface driver usbfs
Aug 10 00:22:02 witherspoon kernel: usbcore: registered new interface driver hub
Aug 10 00:22:02 witherspoon kernel: usbcore: registered new device driver usb
Aug 10 00:22:02 witherspoon kernel: clocksource: Switched to clocksource moxart_timer
Aug 10 00:22:02 witherspoon kernel: NET: Registered protocol family 2
Aug 10 00:22:02 witherspoon kernel: TCP established hash table entries: 4096 (order: 2, 16384 bytes)
Aug 10 00:22:02 witherspoon kernel: TCP bind hash table entries: 4096 (order: 2, 16384 bytes)
Aug 10 00:22:02 witherspoon kernel: TCP: Hash tables configured (established 4096 bind 4096)
Aug 10 00:22:02 witherspoon kernel: UDP hash table entries: 256 (order: 0, 4096 bytes)
Aug 10 00:22:02 witherspoon kernel: UDP-Lite hash table entries: 256 (order: 0, 4096 bytes)
Aug 10 00:22:02 witherspoon kernel: NET: Registered protocol family 1
Aug 10 00:22:02 witherspoon kernel: Trying to unpack rootfs image as initramfs...
Aug 10 00:22:02 witherspoon kernel: Freeing initrd memory: 1544K
Aug 10 00:22:02 witherspoon kernel: workingset: timestamp_bits=30 max_order=17 bucket_order=0
Aug 10 00:22:02 witherspoon kernel: squashfs: version 4.0 (2009/01/31) Phillip Lougher
Aug 10 00:22:02 witherspoon kernel: jffs2: version 2.2. (SUMMARY)  © 2001-2006 Red Hat, Inc.
Aug 10 00:22:02 witherspoon kernel: Block layer SCSI generic (bsg) driver version 0.4 loaded (major 250)
Aug 10 00:22:02 witherspoon kernel: io scheduler noop registered
Aug 10 00:22:02 witherspoon kernel: io scheduler deadline registered
Aug 10 00:22:02 witherspoon kernel: io scheduler cfq registered (default)
Aug 10 00:22:02 witherspoon kernel: ipmi-bt-host 1e789140.ibt: Found bt bmc device
Aug 10 00:22:02 witherspoon kernel: ipmi-bt-host 1e789140.ibt: Using IRQ 22
Aug 10 00:22:02 witherspoon kernel: Serial: 8250/16550 driver, 6 ports, IRQ sharing enabled
Aug 10 00:22:02 witherspoon kernel: 1e787000.vuart: ttyS0 at MMIO 0x1e787000 (irq = 22, base_baud = 1500000) is a 16550A
Aug 10 00:22:02 witherspoon kernel: 1e783000.serial: ttyS1 at MMIO 0x1e783000 (irq = 23, base_baud = 1500000) is a 16550A
Aug 10 00:22:02 witherspoon kernel: 1e78d000.serial: ttyS2 at MMIO 0x1e78d000 (irq = 24, base_baud = 1500000) is a 16550A
Aug 10 00:22:02 witherspoon kernel: 1e784000.serial: ttyS4 at MMIO 0x1e784000 (irq = 25, base_baud = 1500000) is a 16550A
Aug 10 00:22:02 witherspoon kernel: console [ttyS4] enabled
Aug 10 00:22:02 witherspoon kernel: timeriomem_rng 1e6e2078.hwrng: 32bits from 0xf00e2078 @ 1us
Aug 10 00:22:02 witherspoon kernel: random: fast init done
Aug 10 00:22:02 witherspoon kernel: brd: module loaded
Aug 10 00:22:02 witherspoon kernel: random: crng init done
Aug 10 00:22:02 witherspoon kernel: loop: module loaded
Aug 10 00:22:02 witherspoon kernel: aspeed-lpc-ctrl 1e789080.lpc-ctrl: Loaded at 0x98000000 (0x04000000)
Aug 10 00:22:02 witherspoon kernel: aspeed-smc 1e620000.flash-controller: Using IRQ 18
Aug 10 00:22:02 witherspoon kernel: aspeed-smc 1e620000.flash-controller: DMA support disabled.
Aug 10 00:22:02 witherspoon kernel: aspeed-smc 1e620000.flash-controller: mx25l25635e (32768 Kbytes)
Aug 10 00:22:02 witherspoon kernel: aspeed-smc 1e620000.flash-controller: CE0 window [ 0x20000000 - 0x22000000 ] 32MB
Aug 10 00:22:02 witherspoon kernel: aspeed-smc 1e620000.flash-controller: CE1 window [ 0x22000000 - 0x2a000000 ] 128MB
Aug 10 00:22:02 witherspoon kernel: 5 ofpart partitions found on MTD device bmc
Aug 10 00:22:02 witherspoon kernel: Creating 5 MTD partitions on "bmc":
Aug 10 00:22:02 witherspoon kernel: 0x000000000000-0x000000060000 : "u-boot"
Aug 10 00:22:02 witherspoon kernel: 0x000000060000-0x000000080000 : "u-boot-env"
Aug 10 00:22:02 witherspoon kernel: 0x000000080000-0x0000004c0000 : "kernel"
Aug 10 00:22:02 witherspoon kernel: 0x0000004c0000-0x000001c00000 : "rofs"
Aug 10 00:22:02 witherspoon kernel: 0x000001c00000-0x000002000000 : "rwfs"
Aug 10 00:22:02 witherspoon kernel: aspeed-smc 1e620000.flash-controller: mx25l25635e (32768 Kbytes)
Aug 10 00:22:02 witherspoon kernel: aspeed-smc 1e620000.flash-controller: CE1 window [ 0x22000000 - 0x24000000 ] 32MB
Aug 10 00:22:02 witherspoon kernel: aspeed-smc 1e620000.flash-controller: CE2 window [ 0x24000000 - 0x2c000000 ] 128MB
Aug 10 00:22:02 witherspoon kernel: aspeed-smc 1e630000.flash-controller: mx66l1g45g (131072 Kbytes)
Aug 10 00:22:02 witherspoon kernel: aspeed-smc 1e630000.flash-controller: CE0 window resized to 120MB (AST2500 HW quirk)
Aug 10 00:22:02 witherspoon kernel: aspeed-smc 1e630000.flash-controller: CE0 window [ 0x30000000 - 0x37800000 ] 120MB
Aug 10 00:22:03 witherspoon kernel: aspeed-smc 1e630000.flash-controller: CE0 window too small for chip 128MB
Aug 10 00:22:03 witherspoon kernel: aspeed-smc 1e630000.flash-controller: CE1 window [ 0x37800000 - 0x38000000 ] 8MB
Aug 10 00:22:03 witherspoon kernel: libphy: Fixed MDIO Bus: probed
Aug 10 00:22:03 witherspoon kernel: ftgmac100 1e660000.ethernet: Read MAC address 70:e2:84:14:23:e1 from chip
Aug 10 00:22:03 witherspoon kernel: ftgmac100 1e660000.ethernet: Using NCSI interface
Aug 10 00:22:03 witherspoon kernel: ftgmac100 1e660000.ethernet eth0: irq 20, mapped at f0060000
Aug 10 00:22:03 witherspoon kernel: ehci_hcd: USB 2.0 'Enhanced' Host Controller (EHCI) Driver
Aug 10 00:22:03 witherspoon kernel: ehci-platform: EHCI generic platform driver
Aug 10 00:22:03 witherspoon kernel:  fsi0: can't read slave 00:00 -5
Aug 10 00:22:03 witherspoon kernel: i2c /dev entries driver
Aug 10 00:22:03 witherspoon kernel: aspeed-i2c-bus 1e78a0c0.i2c-bus: i2c bus 2 registered, irq 26
Aug 10 00:22:03 witherspoon kernel: aspeed-i2c-bus 1e78a100.i2c-bus: i2c bus 3 registered, irq 27
Aug 10 00:22:03 witherspoon kernel: aspeed-i2c-bus 1e78a140.i2c-bus: i2c bus 4 registered, irq 28
Aug 10 00:22:03 witherspoon kernel: aspeed-i2c-bus 1e78a180.i2c-bus: i2c bus 5 registered, irq 29
Aug 10 00:22:03 witherspoon kernel: aspeed-i2c-bus 1e78a380.i2c-bus: i2c bus 9 registered, irq 30
Aug 10 00:22:03 witherspoon kernel: aspeed-i2c-bus 1e78a3c0.i2c-bus: i2c bus 10 registered, irq 31
Aug 10 00:22:03 witherspoon kernel: rtc-rv8803 11-0032: Voltage low, temperature compensation stopped.
Aug 10 00:22:03 witherspoon kernel: rtc-rv8803 11-0032: An alarm maybe have been missed.
Aug 10 00:22:03 witherspoon kernel: rtc-rv8803 11-0032: rtc core: registered rx8900 as rtc0
Aug 10 00:22:03 witherspoon kernel: at24 11-0051: 8192 byte 24c64 EEPROM, writable, 1 bytes/write
Aug 10 00:22:03 witherspoon kernel: aspeed-i2c-bus 1e78a400.i2c-bus: i2c bus 11 registered, irq 32
Aug 10 00:22:03 witherspoon kernel: aspeed-i2c-bus 1e78a440.i2c-bus: i2c bus 12 registered, irq 33
Aug 10 00:22:03 witherspoon kernel: aspeed-i2c-bus 1e78a480.i2c-bus: i2c bus 13 registered, irq 34
Aug 10 00:22:03 witherspoon kernel: Driver for 1-wire Dallas network protocol.
Aug 10 00:22:03 witherspoon kernel: lm75 9-004a: hwmon0: sensor 'tmp275'
Aug 10 00:22:03 witherspoon kernel: ucd9000 11-0064: Device ID UCD90160|2.3.4.0000|110603
Aug 10 00:22:03 witherspoon kernel: leds-pca955x 3-0060: leds-pca955x: Using pca9552 16-bit LED driver at slave address 0x60
Aug 10 00:22:03 witherspoon kernel: leds-pca955x 11-0060: leds-pca955x: Using pca9552 16-bit LED driver at slave address 0x60
Aug 10 00:22:03 witherspoon kernel: leds-pca955x 11-0060: gpios 264...279
Aug 10 00:22:03 witherspoon kernel: usbcore: registered new interface driver usbhid
Aug 10 00:22:03 witherspoon kernel: usbhid: USB HID core driver
Aug 10 00:22:03 witherspoon kernel: NET: Registered protocol family 10
Aug 10 00:22:03 witherspoon kernel: Segment Routing with IPv6
Aug 10 00:22:03 witherspoon kernel: NET: Registered protocol family 17
Aug 10 00:22:03 witherspoon kernel: 8021q: 802.1Q VLAN Support v1.8
Aug 10 00:22:03 witherspoon kernel: console [netcon0] enabled
Aug 10 00:22:03 witherspoon kernel: netconsole: network logging started
Aug 10 00:22:03 witherspoon kernel: input: gpio-keys as /devices/platform/gpio-keys/input/input0
Aug 10 00:22:03 witherspoon kernel: rtc-rv8803 11-0032: setting system clock to 2017-08-10 00:21:50 UTC (1502324510)
Aug 10 00:22:03 witherspoon kernel: Freeing unused kernel memory: 284K
Aug 10 00:22:03 witherspoon kernel: This architecture does not have kernel memory protection.
Aug 10 00:22:03 witherspoon kernel: jffs2: notice: (533) jffs2_build_xattr_subsystem: complete building xattr subsystem, 1 of xdatum (1 unchecked, 0 orphan) and 6 of xref (0 dead, 1 orphan) found.
Aug 10 00:22:03 witherspoon systemd[1]: Failed to insert module 'autofs4': No such file or directory
Aug 10 00:22:03 witherspoon systemd[1]: systemd 232 running in system mode. (+PAM -AUDIT -SELINUX -IMA -APPARMOR -SMACK +SYSVINIT -UTMP -LIBCRYPTSETUP -GCRYPT -GNUTLS +ACL +XZ -LZ4 -SECCOMP +BLKID -ELFUTILS +KMOD -IDN)
Aug 10 00:22:03 witherspoon systemd[1]: Detected architecture arm.
Aug 10 00:22:03 witherspoon systemd[1]: Set hostname to <witherspoon>.
Aug 10 00:22:03 witherspoon systemd[1]: Listening on Syslog Socket.
Aug 10 00:22:03 witherspoon systemd[1]: Listening on /dev/initctl Compatibility Named Pipe.
Aug 10 00:22:03 witherspoon systemd[1]: Reached target Swap.
Aug 10 00:22:03 witherspoon systemd[1]: Listening on Journal Socket.
Aug 10 00:22:03 witherspoon systemd[1]: Started Forward Password Requests to Wall Directory Watch.
Aug 10 00:22:03 witherspoon systemd[1]: Reached target Remote File Systems.
Aug 10 00:22:03 witherspoon systemd[1]: Listening on udev Control Socket.
Aug 10 00:22:03 witherspoon systemd-journald[598]: Journal started
Aug 10 00:22:03 witherspoon systemd-journald[598]: Runtime journal (/run/log/journal/cc6e1404d87444e8a089dfdb00a18f7d) is 0B, max 0B, 0B free.
Aug 10 00:22:02 witherspoon systemd-sysctl[601]: Couldn't write '16' to 'kernel/sysrq', ignoring: No such file or directory
Aug 10 00:22:02 witherspoon systemd-sysctl[601]: Couldn't write 'fq_codel' to 'net/core/default_qdisc', ignoring: No such file or directory
Aug 10 00:22:03 witherspoon systemd[1]: Starting Flush Journal to Persistent Storage...
Aug 10 00:22:03 witherspoon systemd[1]: Starting udev Kernel Device Manager...
Aug 10 00:22:03 witherspoon systemd[1]: Reached target Local File Systems (Pre).
Aug 10 00:22:03 witherspoon systemd[1]: Mounting /var/volatile...
Aug 10 00:22:03 witherspoon systemd[1]: Mounted /var/volatile.
Aug 10 00:22:03 witherspoon systemd[1]: Reached target Local File Systems.
Aug 10 00:22:03 witherspoon systemd[1]: Starting Rebuild Journal Catalog...
Aug 10 00:22:03 witherspoon systemd[1]: Starting Load/Save Random Seed...
Aug 10 00:22:04 witherspoon systemd-journald[598]: Runtime journal (/run/log/journal/cc6e1404d87444e8a089dfdb00a18f7d) is 0B, max 0B, 0B free.
Aug 10 00:22:04 witherspoon systemd[1]: Started Flush Journal to Persistent Storage.
Aug 10 00:22:04 witherspoon systemd[1]: Starting Create Volatile Files and Directories...
Aug 10 00:22:04 witherspoon systemd[1]: Started Rebuild Journal Catalog.
Aug 10 00:22:04 witherspoon systemd[1]: Starting Update is Completed...
Aug 10 00:22:04 witherspoon systemd[1]: Started Load/Save Random Seed.
Aug 10 00:22:04 witherspoon systemd[1]: Started Update is Completed.
Aug 10 00:22:04 witherspoon systemd-tmpfiles[716]: "/var/tmp" already exists and is not a directory.
Aug 10 00:22:04 witherspoon systemd-tmpfiles[716]: "/var/log" already exists and is not a directory.
Aug 10 00:22:04 witherspoon systemd[1]: Started Create Volatile Files and Directories.
Aug 10 00:22:04 witherspoon systemd[1]: Starting Run pending postinsts...
Aug 10 00:22:04 witherspoon systemd[1]: Starting Network Time Synchronization...
Aug 10 00:22:05 witherspoon systemd[1]: Started udev Coldplug all Devices.
Aug 10 00:22:05 witherspoon systemd[1]: Started udev Kernel Device Manager.
Aug 10 00:22:05 witherspoon systemd[1]: Started Network Time Synchronization.
Aug 10 00:22:06 witherspoon systemd[1]: Reached target System Time Synchronized.
Aug 10 00:22:06 witherspoon run-postinsts[724]: Running postinst /etc/rpm-postinsts/libglib-2.0-0...
Aug 10 00:22:06 witherspoon systemd[1]: Found device /dev/aspeed-lpc-ctrl.
Aug 10 00:22:07 witherspoon systemd[1]: Found device /dev/aspeed-mbox.
Aug 10 00:22:07 witherspoon systemd[1]: Created slice system-xyz.openbmc_project.Hwmon.slice.
Aug 10 00:22:07 witherspoon systemd[1]: dev-hugepages.mount: Couldn't determine result for ConditionVirtualization=!private-users, assuming failed: No such file or directory
Aug 10 00:22:07 witherspoon systemd[1]: Found device /dev/ttyS4.
Aug 10 00:22:07 witherspoon systemd[1]: Found device /dev/ttyVUART0.
Aug 10 00:22:07 witherspoon systemd[1]: dev-hugepages.mount: Couldn't determine result for ConditionVirtualization=!private-users, assuming failed: No such file or directory
Aug 10 00:22:07 witherspoon systemd[1]: dev-hugepages.mount: Couldn't determine result for ConditionVirtualization=!private-users, assuming failed: No such file or directory
Aug 10 00:22:07 witherspoon systemd[1]: Created slice system-xyz.openbmc_project.led.controller.slice.
Aug 10 00:22:08 witherspoon run-postinsts[724]: rm: can't remove '/etc/rpm-postinsts': Operation not supported
Aug 10 00:22:08 witherspoon run-postinsts[724]:  Removing any system startup links for run-postinsts ...
Aug 10 00:22:09 witherspoon systemctl[980]: Removed /etc/systemd/system/sysinit.target.wants/run-postinsts.service.
Aug 10 00:22:09 witherspoon systemd[1]: Reloading.
Aug 10 00:22:11 witherspoon systemd[1]: Started Run pending postinsts.
Aug 10 00:22:11 witherspoon systemd[1]: dev-hugepages.mount: Couldn't determine result for ConditionVirtualization=!private-users, assuming failed: No such file or directory
Aug 10 00:22:11 witherspoon systemd[1]: Reached target System Initialization.
Aug 10 00:22:11 witherspoon systemd[1]: Listening on D-Bus System Message Bus Socket.
Aug 10 00:22:11 witherspoon systemd[1]: Listening on Phosphor Host Console SSH Per-Connection socket.
Aug 10 00:22:11 witherspoon systemd[1]: Started Daily Cleanup of Temporary Directories.
Aug 10 00:22:12 witherspoon systemd[1]: Reached target Timers.
Aug 10 00:22:12 witherspoon systemd[1]: Listening on Avahi mDNS/DNS-SD Stack Activation Socket.
Aug 10 00:22:12 witherspoon systemd[1]: Listening on Phosphor Webserver socket.
Aug 10 00:22:12 witherspoon systemd[1]: Listening on dropbear.socket.
Aug 10 00:22:12 witherspoon systemd[1]: Listening on phosphor-ipmi-net.socket.
Aug 10 00:22:12 witherspoon systemd[1]: Listening on Phosphor DBUS Browser socket.
Aug 10 00:22:12 witherspoon systemd[1]: Reached target Sockets.
Aug 10 00:22:12 witherspoon systemd[1]: Reached target Basic System.
Aug 10 00:22:12 witherspoon systemd[1]: Starting Clear one time boot overrides...
Aug 10 00:22:12 witherspoon systemd[1]: Started D-Bus System Message Bus.
Aug 10 00:22:13 witherspoon systemd[1]: Starting OpenBMC Software Update Manager...
Aug 10 00:22:13 witherspoon systemd[1]: Started Phosphor sysfs LED controller.
Aug 10 00:22:13 witherspoon systemd[1]: Starting Phosphor Dump Manager...
Aug 10 00:22:13 witherspoon systemd[1]: Started Phosphor sysfs LED controller.
Aug 10 00:22:13 witherspoon systemd[1]: Started Hardware RNG Entropy Gatherer Daemon.
Aug 10 00:22:13 witherspoon systemd[1]: Started Kernel Logging Service.
Aug 10 00:22:13 witherspoon systemd[1]: Started Phosphor sysfs LED controller.
Aug 10 00:22:13 witherspoon systemd[1]: Starting Phosphor Download Manager...
Aug 10 00:22:13 witherspoon systemd[1]: Starting Phosphor IPMI BT DBus Bridge...
Aug 10 00:22:13 witherspoon systemd[1]: Started Phosphor sysfs LED controller.
Aug 10 00:22:14 witherspoon systemd[1]: Started Phosphor Console Muxer listening on device /dev/ttyVUART0.
Aug 10 00:22:14 witherspoon systemd[1]: Starting Phosphor Inventory Manager...
Aug 10 00:22:14 witherspoon kernel[999]: klogd started: BusyBox v1.24.1 (2017-06-16 19:26:49 UTC)
Aug 10 00:22:14 witherspoon systemd[1]: Started Phosphor Dump core monitor..
Aug 10 00:22:14 witherspoon systemd[1]: Started Phosphor sysfs LED controller.
Aug 10 00:22:14 witherspoon systemd[1]: Started Phosphor sysfs LED controller.
Aug 10 00:22:14 witherspoon systemd[1]: Starting Phosphor DBus Service Discovery Manager...
Aug 10 00:22:14 witherspoon systemd[1]: Starting Avahi mDNS/DNS-SD Stack...
Aug 10 00:22:14 witherspoon systemd[1]: Starting Phosphor Sensor Manager...
Aug 10 00:22:14 witherspoon systemd[1]: Reached target Containers.
Aug 10 00:22:14 witherspoon systemd[1]: Started System Logging Service.
Aug 10 00:22:14 witherspoon systemd[1]: Started Phosphor sysfs LED controller.
Aug 10 00:22:14 witherspoon systemd[1]: Starting Phosphor Log Manager...
Aug 10 00:22:14 witherspoon systemd[1]: Starting Remount the squashfs and ubi volumes after a reboot...
Aug 10 00:22:15 witherspoon systemd[1]: Starting Phosphor Settings Daemon...
Aug 10 00:22:15 witherspoon systemd[1]: Starting Phosphor BMC0 Control...
Aug 10 00:22:15 witherspoon systemd[1]: Starting Phosphor Download Manager...
Aug 10 00:22:15 witherspoon systemd[1]: Starting Network Service...
Aug 10 00:22:15 witherspoon systemd[1]: Starting Phosphor User Manager...
Aug 10 00:22:15 witherspoon systemd[1]: Started Phosphor sysfs LED controller.
Aug 10 00:22:15 witherspoon systemd[1]: Starting Phosphor Network Manager...
Aug 10 00:22:15 witherspoon kernel[999]: [    0.000000] Booting Linux on physical CPU 0x0
Aug 10 00:22:15 witherspoon systemd[1]: Starting Phosphor Chassis0 Control...
Aug 10 00:22:15 witherspoon kernel[999]: [    0.000000] Linux version 4.10.17-03afe5775baf06c3037d62cc2a15628079af38c9 (jenkins@hudson) (gcc version 6.2.0 (GCC) ) #1 Tue Aug 1 17:31:09 UTC 2017
Aug 10 00:22:15 witherspoon systemd[1]: Starting Phosphor LED Group Management Daemon...
Aug 10 00:22:15 witherspoon kernel[999]: [    0.000000] CPU: ARMv6-compatible processor [410fb767] revision 7 (ARMv7), cr=00c5387d
Aug 10 00:22:15 witherspoon systemd[1]: Starting Phosphor Inventory Manager...
Aug 10 00:22:15 witherspoon kernel[999]: [    0.000000] CPU: PIPT / VIPT nonaliasing data cache, VIPT nonaliasing instruction cache
Aug 10 00:22:15 witherspoon systemd[1]: Started Phosphor sysfs LED controller.
Aug 10 00:22:15 witherspoon kernel[999]: [    0.000000] OF: fdt:Machine model: Witherspoon BMC
Aug 10 00:22:15 witherspoon systemd[1]: Started Phosphor sysfs LED controller.
Aug 10 00:22:15 witherspoon kernel[999]: [    0.000000] Memory policy: Data cache writeback
Aug 10 00:22:15 witherspoon systemd[1]: Started Clear one time boot overrides.
Aug 10 00:22:15 witherspoon kernel[999]: [    0.000000] SOC Rev: 04030303
Aug 10 00:22:15 witherspoon systemd[1]: Started Phosphor IPMI BT DBus Bridge.
Aug 10 00:22:15 witherspoon kernel[999]: [    0.000000] On node 0 totalpages: 110592
Aug 10 00:22:15 witherspoon systemd[1]: Started Phosphor Download Manager.
Aug 10 00:22:15 witherspoon kernel[999]: [    0.000000] free_area_init_node: node 0, pgdat 805ff5f4, node_mem_map 9ec1a000
Aug 10 00:22:16 witherspoon systemd[1]: Started OpenBMC Software Update Manager.
Aug 10 00:22:15 witherspoon kernel[999]: [    0.000000]   Normal zone: 992 pages used for memmap
Aug 10 00:22:15 witherspoon kernel[999]: [    0.000000]   Normal zone: 0 pages reserved
Aug 10 00:22:15 witherspoon kernel[999]: [    0.000000]   Normal zone: 110592 pages, LIFO batch:31
Aug 10 00:22:15 witherspoon kernel[999]: [    0.000000] pcpu-alloc: s0 r0 d32768 u32768 alloc=1*32768
Aug 10 00:22:19 witherspoon kernel: ubi7: default fastmap pool size: 100
Aug 10 00:22:19 witherspoon kernel: ubi7: default fastmap WL pool size: 50
Aug 10 00:22:19 witherspoon kernel: ubi7: attaching mtd7
Aug 10 00:22:19 witherspoon kernel: ubi7: scanning is finished
Aug 10 00:22:19 witherspoon kernel: ubi7 error: ubi_read_volume_table: the layout volume was not found
Aug 10 00:22:19 witherspoon kernel: ubi7 error: ubi_attach_mtd_dev: failed to attach mtd7, error -22
Aug 10 00:22:15 witherspoon kernel[999]: [    0.000000] pcpu-alloc: [0] 0
Aug 10 00:22:19 witherspoon obmc-flash-bios[1016]: ubiattach: error!: cannot attach mtd7
Aug 10 00:22:19 witherspoon obmc-flash-bios[1016]:            error 22 (Invalid argument)
Aug 10 00:22:18 witherspoon systemd[1]: Started Phosphor LED Group Management Daemon.
Aug 10 00:22:15 witherspoon kernel[999]: [    0.000000] Built 1 zonelists in Zone order, mobility grouping on.  Total pages: 109600
Aug 10 00:22:18 witherspoon systemd[1]: Started Phosphor Inventory Manager.
Aug 10 00:22:15 witherspoon kernel[999]: [    0.000000] Kernel command line: console=ttyS4,115200n8 root=/dev/ram rw
Aug 10 00:22:18 witherspoon systemd[1]: Started Phosphor Settings Daemon.
Aug 10 00:22:15 witherspoon kernel[999]: [    0.000000] PID hash table entries: 2048 (order: 1, 8192 bytes)
Aug 10 00:22:15 witherspoon kernel[999]: [    0.000000] Dentry cache hash table entries: 65536 (order: 6, 262144 bytes)
Aug 10 00:22:15 witherspoon kernel[999]: [    0.000000] Inode-cache hash table entries: 32768 (order: 5, 131072 bytes)
Aug 10 00:22:15 witherspoon kernel[999]: [    0.000000] Memory: 430440K/442368K available (4065K kernel code, 280K rwdata, 1192K rodata, 284K init, 111K bss, 11928K reserved, 0K cma-reserved)
Aug 10 00:22:15 witherspoon kernel[999]: [    0.000000] Virtual kernel memory layout:
Aug 10 00:22:15 witherspoon kernel[999]: [    0.000000]     vector  : 0xffff0000 - 0xffff1000   (   4 kB)
Aug 10 00:22:15 witherspoon kernel[999]: [    0.000000]     fixmap  : 0xffc00000 - 0xfff00000   (3072 kB)
Aug 10 00:22:15 witherspoon kernel[999]: [    0.000000]     vmalloc : 0x9f800000 - 0xff800000   (1536 MB)
Aug 10 00:22:15 witherspoon kernel[999]: [    0.000000]     lowmem  : 0x80000000 - 0x9f000000   ( 496 MB)
Aug 10 00:22:15 witherspoon kernel[999]: [    0.000000]       .text : 0x80008000 - 0x80400940   (4067 kB)
Aug 10 00:22:15 witherspoon kernel[999]: [    0.000000]       .init : 0x80585000 - 0x805cc000   ( 284 kB)
Aug 10 00:22:15 witherspoon kernel[999]: [    0.000000]       .data : 0x805cc000 - 0x80612358   ( 281 kB)
Aug 10 00:22:15 witherspoon kernel[999]: [    0.000000]        .bss : 0x80612358 - 0x8062e1f8   ( 112 kB)
Aug 10 00:22:15 witherspoon kernel[999]: [    0.000000] NR_IRQS:16 nr_irqs:16 16
Aug 10 00:22:15 witherspoon kernel[999]: [    0.000000] i2c controller registered, irq 16
Aug 10 00:22:15 witherspoon kernel[999]: [    0.000000] clocksource: moxart_timer: mask: 0xffffffff max_cycles: 0xffffffff, max_idle_ns: 77222644334 ns
Aug 10 00:22:15 witherspoon kernel[999]: [    0.000000] sched_clock: 32 bits at 100 Hz, resolution 10000000ns, wraps every 21474836475000000ns
Aug 10 00:22:15 witherspoon kernel[999]: [    0.090000] Calibrating delay loop... 789.70 BogoMIPS (lpj=3948544)
Aug 10 00:22:15 witherspoon kernel[999]: [    0.090000] pid_max: default: 32768 minimum: 301
Aug 10 00:22:15 witherspoon kernel[999]: [    0.090000] Mount-cache hash table entries: 1024 (order: 0, 4096 bytes)
Aug 10 00:22:15 witherspoon kernel[999]: [    0.090000] Mountpoint-cache hash table entries: 1024 (order: 0, 4096 bytes)
Aug 10 00:22:15 witherspoon kernel[999]: [    0.090000] CPU: Testing write buffer coherency: ok
Aug 10 00:22:15 witherspoon kernel[999]: [    0.090000] ftrace: allocating 14934 entries in 44 pages
Aug 10 00:22:15 witherspoon kernel[999]: [    0.120000] Setting up static identity map for 0x80008200 - 0x8000825c
Aug 10 00:22:15 witherspoon kernel[999]: [    0.120000] devtmpfs: initialized
Aug 10 00:22:15 witherspoon kernel[999]: [    0.150000] clocksource: jiffies: mask: 0xffffffff max_cycles: 0xffffffff, max_idle_ns: 19112604462750000 ns
Aug 10 00:22:15 witherspoon kernel[999]: [    0.150000] futex hash table entries: 256 (order: -1, 3072 bytes)
Aug 10 00:22:15 witherspoon kernel[999]: [    0.150000] pinctrl core: initialized pinctrl subsystem
Aug 10 00:22:15 witherspoon kernel[999]: [    0.150000] NET: Registered protocol family 16
Aug 10 00:22:15 witherspoon kernel[999]: [    0.150000] DMA: preallocated 256 KiB pool for atomic coherent allocations
Aug 10 00:22:15 witherspoon kernel[999]: [    0.220000] usbcore: registered new interface driver usbfs
Aug 10 00:22:15 witherspoon kernel[999]: [    0.220000] usbcore: registered new interface driver hub
Aug 10 00:22:15 witherspoon kernel[999]: [    0.220000] usbcore: registered new device driver usb
Aug 10 00:22:15 witherspoon kernel[999]: [    0.220000] clocksource: Switched to clocksource moxart_timer
Aug 10 00:22:15 witherspoon kernel[999]: [    0.230000] NET: Registered protocol family 2
Aug 10 00:22:15 witherspoon kernel[999]: [    0.230000] TCP established hash table entries: 4096 (order: 2, 16384 bytes)
Aug 10 00:22:15 witherspoon kernel[999]: [    0.240000] TCP bind hash table entries: 4096 (order: 2, 16384 bytes)
Aug 10 00:22:15 witherspoon kernel[999]: [    0.240000] TCP: Hash tables configured (established 4096 bind 4096)
Aug 10 00:22:15 witherspoon kernel[999]: [    0.240000] UDP hash table entries: 256 (order: 0, 4096 bytes)
Aug 10 00:22:15 witherspoon kernel[999]: [    0.240000] UDP-Lite hash table entries: 256 (order: 0, 4096 bytes)
Aug 10 00:22:15 witherspoon kernel[999]: [    0.240000] NET: Registered protocol family 1
Aug 10 00:22:15 witherspoon kernel[999]: [    0.240000] Trying to unpack rootfs image as initramfs...
Aug 10 00:22:15 witherspoon kernel[999]: [    1.910000] Freeing initrd memory: 1544K
Aug 10 00:22:15 witherspoon kernel[999]: [    1.910000] workingset: timestamp_bits=30 max_order=17 bucket_order=0
Aug 10 00:22:15 witherspoon kernel[999]: [    1.910000] squashfs: version 4.0 (2009/01/31) Phillip Lougher
Aug 10 00:22:15 witherspoon kernel[999]: [    1.910000] jffs2: version 2.2. (SUMMARY)  © 2001-2006 Red Hat, Inc.
Aug 10 00:22:15 witherspoon kernel[999]: [    1.910000] Block layer SCSI generic (bsg) driver version 0.4 loaded (major 250)
Aug 10 00:22:15 witherspoon kernel[999]: [    1.910000] io scheduler noop registered
Aug 10 00:22:15 witherspoon kernel[999]: [    1.910000] io scheduler deadline registered
Aug 10 00:22:15 witherspoon kernel[999]: [    1.910000] io scheduler cfq registered (default)
Aug 10 00:22:15 witherspoon kernel[999]: [    2.060000] ipmi-bt-host 1e789140.ibt: Found bt bmc device
Aug 10 00:22:15 witherspoon kernel[999]: [    2.060000] ipmi-bt-host 1e789140.ibt: Using IRQ 22
Aug 10 00:22:15 witherspoon kernel[999]: [    2.060000] Serial: 8250/16550 driver, 6 ports, IRQ sharing enabled
Aug 10 00:22:15 witherspoon kernel[999]: [    2.060000] 1e787000.vuart: ttyS0 at MMIO 0x1e787000 (irq = 22, base_baud = 1500000) is a 16550A
Aug 10 00:22:15 witherspoon kernel[999]: [    2.060000] 1e783000.serial: ttyS1 at MMIO 0x1e783000 (irq = 23, base_baud = 1500000) is a 16550A
Aug 10 00:22:15 witherspoon kernel[999]: [    2.060000] 1e78d000.serial: ttyS2 at MMIO 0x1e78d000 (irq = 24, base_baud = 1500000) is a 16550A
Aug 10 00:22:15 witherspoon kernel[999]: [    2.060000] 1e784000.serial: ttyS4 at MMIO 0x1e784000 (irq = 25, base_baud = 1500000) is a 16550A
Aug 10 00:22:15 witherspoon kernel[999]: [    2.410000] console [ttyS4] enabled
Aug 10 00:22:15 witherspoon kernel[999]: [    2.590000] timeriomem_rng 1e6e2078.hwrng: 32bits from 0xf00e2078 @ 1us
Aug 10 00:22:15 witherspoon kernel[999]: [    2.610000] random: fast init done
Aug 10 00:22:15 witherspoon kernel[999]: [    2.650000] brd: module loaded
Aug 10 00:22:15 witherspoon kernel[999]: [    2.670000] random: crng init done
Aug 10 00:22:15 witherspoon kernel[999]: [    2.680000] loop: module loaded
Aug 10 00:22:15 witherspoon kernel[999]: [    2.680000] aspeed-lpc-ctrl 1e789080.lpc-ctrl: Loaded at 0x98000000 (0x04000000)
Aug 10 00:22:15 witherspoon kernel[999]: [    2.690000] aspeed-smc 1e620000.flash-controller: Using IRQ 18
Aug 10 00:22:15 witherspoon kernel[999]: [    2.690000] aspeed-smc 1e620000.flash-controller: DMA support disabled.
Aug 10 00:22:15 witherspoon kernel[999]: [    2.710000] aspeed-smc 1e620000.flash-controller: mx25l25635e (32768 Kbytes)
Aug 10 00:22:15 witherspoon kernel[999]: [    2.710000] aspeed-smc 1e620000.flash-controller: CE0 window [ 0x20000000 - 0x22000000 ] 32MB
Aug 10 00:22:15 witherspoon kernel[999]: [    2.710000] aspeed-smc 1e620000.flash-controller: CE1 window [ 0x22000000 - 0x2a000000 ] 128MB
Aug 10 00:22:15 witherspoon kernel[999]: [    2.730000] 5 ofpart partitions found on MTD device bmc
Aug 10 00:22:15 witherspoon kernel[999]: [    2.730000] Creating 5 MTD partitions on "bmc":
Aug 10 00:22:15 witherspoon kernel[999]: [    2.730000] 0x000000000000-0x000000060000 : "u-boot"
Aug 10 00:22:15 witherspoon kernel[999]: [    2.730000] 0x000000060000-0x000000080000 : "u-boot-env"
Aug 10 00:22:15 witherspoon kernel[999]: [    2.770000] 0x000000080000-0x0000004c0000 : "kernel"
Aug 10 00:22:15 witherspoon kernel[999]: [    2.770000] 0x0000004c0000-0x000001c00000 : "rofs"
Aug 10 00:22:15 witherspoon kernel[999]: [    2.790000] 0x000001c00000-0x000002000000 : "rwfs"
Aug 10 00:22:15 witherspoon kernel[999]: [    2.790000] aspeed-smc 1e620000.flash-controller: mx25l25635e (32768 Kbytes)
Aug 10 00:22:15 witherspoon kernel[999]: [    2.800000] aspeed-smc 1e620000.flash-controller: CE1 window [ 0x22000000 - 0x24000000 ] 32MB
Aug 10 00:22:15 witherspoon kernel[999]: [    2.800000] aspeed-smc 1e620000.flash-controller: CE2 window [ 0x24000000 - 0x2c000000 ] 128MB
Aug 10 00:22:15 witherspoon kernel[999]: [    2.830000] aspeed-smc 1e630000.flash-controller: mx66l1g45g (131072 Kbytes)
Aug 10 00:22:15 witherspoon kernel[999]: [    2.840000] aspeed-smc 1e630000.flash-controller: CE0 window resized to 120MB (AST2500 HW quirk)
Aug 10 00:22:15 witherspoon kernel[999]: [    2.840000] aspeed-smc 1e630000.flash-controller: CE0 window [ 0x30000000 - 0x37800000 ] 120MB
Aug 10 00:22:15 witherspoon kernel[999]: [    2.840000] aspeed-smc 1e630000.flash-controller: CE0 window too small for chip 128MB
Aug 10 00:22:15 witherspoon kernel[999]: [    2.860000] aspeed-smc 1e630000.flash-controller: CE1 window [ 0x37800000 - 0x38000000 ] 8MB
Aug 10 00:22:15 witherspoon kernel[999]: [    3.610000] libphy: Fixed MDIO Bus: probed
Aug 10 00:22:15 witherspoon kernel[999]: [    3.610000] ftgmac100 1e660000.ethernet: Read MAC address 70:e2:84:14:23:e1 from chip
Aug 10 00:22:15 witherspoon kernel[999]: [    3.610000] ftgmac100 1e660000.ethernet: Using NCSI interface
Aug 10 00:22:15 witherspoon kernel[999]: [    3.610000] ftgmac100 1e660000.ethernet eth0: irq 20, mapped at f0060000
Aug 10 00:22:15 witherspoon kernel[999]: [    3.610000] ehci_hcd: USB 2.0 'Enhanced' Host Controller (EHCI) Driver
Aug 10 00:22:15 witherspoon kernel[999]: [    3.610000] ehci-platform: EHCI generic platform driver
Aug 10 00:22:15 witherspoon kernel[999]: [    3.840000]  fsi0: can't read slave 00:00 -5
Aug 10 00:22:20 witherspoon systemd[1]: Started Remount the squashfs and ubi volumes after a reboot.
Aug 10 00:22:15 witherspoon kernel[999]: [    3.840000] i2c /dev entries driver
Aug 10 00:22:20 witherspoon systemd-networkd[1020]: Enumeration completed
Aug 10 00:22:15 witherspoon kernel[999]: [    3.840000] aspeed-i2c-bus 1e78a0c0.i2c-bus: i2c bus 2 registered, irq 26
Aug 10 00:22:20 witherspoon systemd-networkd[1020]: eth0: IPv6 enabled for interface: Success
Aug 10 00:22:15 witherspoon kernel[999]: [    3.840000] aspeed-i2c-bus 1e78a100.i2c-bus: i2c bus 3 registered, irq 27
Aug 10 00:22:20 witherspoon systemd-networkd[1020]: eth0: Gained carrier
Aug 10 00:22:15 witherspoon kernel[999]: [    3.840000] aspeed-i2c-bus 1e78a140.i2c-bus: i2c bus 4 registered, irq 28
Aug 10 00:22:20 witherspoon systemd-timesyncd[725]: Network configuration changed, trying to establish connection.
Aug 10 00:22:15 witherspoon kernel[999]: [    3.840000] aspeed-i2c-bus 1e78a180.i2c-bus: i2c bus 5 registered, irq 29
Aug 10 00:22:21 witherspoon systemd[1]: Started Network Service.
Aug 10 00:22:15 witherspoon kernel[999]: [    3.840000] aspeed-i2c-bus 1e78a380.i2c-bus: i2c bus 9 registered, irq 30
Aug 10 00:22:21 witherspoon systemd[1]: Started Phosphor Log Manager.
Aug 10 00:22:15 witherspoon kernel[999]: [    3.840000] aspeed-i2c-bus 1e78a3c0.i2c-bus: i2c bus 10 registered, irq 31
Aug 10 00:22:21 witherspoon systemd[1]: Started Avahi mDNS/DNS-SD Stack.
Aug 10 00:22:15 witherspoon kernel[999]: [    3.840000] rtc-rv8803 11-0032: Voltage low, temperature compensation stopped.
Aug 10 00:22:15 witherspoon kernel[999]: [    3.840000] rtc-rv8803 11-0032: An alarm maybe have been missed.
Aug 10 00:22:15 witherspoon kernel[999]: [    3.940000] rtc-rv8803 11-0032: rtc core: registered rx8900 as rtc0
Aug 10 00:22:15 witherspoon kernel[999]: [    3.950000] at24 11-0051: 8192 byte 24c64 EEPROM, writable, 1 bytes/write
Aug 10 00:22:15 witherspoon kernel[999]: [    3.950000] aspeed-i2c-bus 1e78a400.i2c-bus: i2c bus 11 registered, irq 32
Aug 10 00:22:15 witherspoon kernel[999]: [    3.950000] aspeed-i2c-bus 1e78a440.i2c-bus: i2c bus 12 registered, irq 33
Aug 10 00:22:21 witherspoon systemd[1]: Started Phosphor Dump Manager.
Aug 10 00:22:15 witherspoon kernel[999]: [    3.950000] aspeed-i2c-bus 1e78a480.i2c-bus: i2c bus 13 registered, irq 34
Aug 10 00:22:21 witherspoon systemd[1]: Reached target Network.
Aug 10 00:22:15 witherspoon kernel[999]: [    3.950000] Driver for 1-wire Dallas network protocol.
Aug 10 00:22:15 witherspoon kernel[999]: [    3.950000] lm75 9-004a: hwmon0: sensor 'tmp275'
Aug 10 00:22:15 witherspoon kernel[999]: [    4.770000] ucd9000 11-0064: Device ID UCD90160|2.3.4.0000|110603
Aug 10 00:22:15 witherspoon kernel[999]: [    5.100000] leds-pca955x 3-0060: leds-pca955x: Using pca9552 16-bit LED driver at slave address 0x60
Aug 10 00:22:21 witherspoon systemd[1]: Started Lightweight SLP Server.
Aug 10 00:22:15 witherspoon kernel[999]: [    5.120000] leds-pca955x 11-0060: leds-pca955x: Using pca9552 16-bit LED driver at slave address 0x60
Aug 10 00:22:21 witherspoon systemd[1]: Starting Permit User Sessions...
Aug 10 00:22:15 witherspoon kernel[999]: [    5.130000] leds-pca955x 11-0060: gpios 264...279
Aug 10 00:22:22 witherspoon systemd[1]: Starting OpenPower Software Update Manager...
Aug 10 00:22:15 witherspoon kernel[999]: [    5.140000] usbcore: registered new interface driver usbhid
Aug 10 00:22:15 witherspoon kernel[999]: [    5.140000] usbhid: USB HID core driver
Aug 10 00:22:15 witherspoon kernel[999]: [    5.190000] NET: Registered protocol family 10
Aug 10 00:22:15 witherspoon kernel[999]: [    5.190000] Segment Routing with IPv6
Aug 10 00:22:15 witherspoon kernel[999]: [    5.200000] NET: Registered protocol family 17
Aug 10 00:22:15 witherspoon kernel[999]: [    5.200000] 8021q: 802.1Q VLAN Support v1.8
Aug 10 00:22:15 witherspoon kernel[999]: [    5.200000] console [netcon0] enabled
Aug 10 00:22:15 witherspoon kernel[999]: [    5.220000] netconsole: network logging started
Aug 10 00:22:15 witherspoon kernel[999]: [    5.220000] input: gpio-keys as /devices/platform/gpio-keys/input/input0
Aug 10 00:22:15 witherspoon kernel[999]: [    5.230000] rtc-rv8803 11-0032: setting system clock to 2017-08-10 00:21:50 UTC (1502324510)
Aug 10 00:22:15 witherspoon kernel[999]: [    5.240000] Freeing unused kernel memory: 284K
Aug 10 00:22:15 witherspoon kernel[999]: [    5.240000] This architecture does not have kernel memory protection.
Aug 10 00:22:22 witherspoon systemd-networkd[1020]: eth0: Gained IPv6LL
Aug 10 00:22:15 witherspoon kernel[999]: [    6.910000] jffs2: notice: (533) jffs2_build_xattr_subsystem: complete building xattr subsystem, 1 of xdatum (1 unchecked, 0 orphan) and 6 of xref (0 dead, 1 orphan) found.
Aug 10 00:22:22 witherspoon systemd[1]: Started Permit User Sessions.
Aug 10 00:22:15 witherspoon kernel[999]: [   13.920000] systemd[1]: Failed to insert module 'autofs4': No such file or directory
Aug 10 00:22:22 witherspoon systemd[1]: Started Serial Getty on ttyS4.
Aug 10 00:22:15 witherspoon kernel[999]: [   14.220000] systemd[1]: systemd 232 running in system mode. (+PAM -AUDIT -SELINUX -IMA -APPARMOR -SMACK +SYSVINIT -UTMP -LIBCRYPTSETUP -GCRYPT -GNUTLS +ACL +XZ -LZ4 -SECCOMP +BLKID -ELFUTILS +KMOD -IDN)
Aug 10 00:22:22 witherspoon systemd[1]: Reached target Login Prompts.
Aug 10 00:22:15 witherspoon kernel[999]: [   14.220000] systemd[1]: Detected architecture arm.
Aug 10 00:22:22 witherspoon systemd[1]: Reached target Multi-User System.
Aug 10 00:22:15 witherspoon kernel[999]: [   14.290000] systemd[1]: Set hostname to <witherspoon>.
Aug 10 00:22:15 witherspoon kernel[999]: [   15.870000] systemd[1]: Listening on Syslog Socket.
Aug 10 00:22:15 witherspoon kernel[999]: [   15.920000] systemd[1]: Listening on /dev/initctl Compatibility Named Pipe.
Aug 10 00:22:15 witherspoon kernel[999]: [   15.960000] systemd[1]: Reached target Swap.
Aug 10 00:22:15 witherspoon kernel[999]: [   15.990000] systemd[1]: Listening on Journal Socket.
Aug 10 00:22:23 witherspoon systemd[1]: Started Phosphor BMC0 Control.
Aug 10 00:22:15 witherspoon kernel[999]: [   16.030000] systemd[1]: Started Forward Password Requests to Wall Directory Watch.
Aug 10 00:22:23 witherspoon systemd[1]: Started OpenPower Software Update Manager.
Aug 10 00:22:15 witherspoon kernel[999]: [   16.070000] systemd[1]: Reached target Remote File Systems.
Aug 10 00:22:15 witherspoon kernel[999]: [   16.110000] systemd[1]: Listening on udev Control Socket.
Aug 10 00:22:15 witherspoon kernel[999]: [   18.850000] systemd-journald[598]: Received request to flush runtime journal from PID 1
Aug 10 00:22:18 witherspoon kernel[999]: [   32.770000] ubi7: default fastmap pool size: 100
Aug 10 00:22:18 witherspoon kernel[999]: [   32.770000] ubi7: default fastmap WL pool size: 50
Aug 10 00:22:18 witherspoon kernel[999]: [   32.770000] ubi7: attaching mtd7
Aug 10 00:22:18 witherspoon kernel[999]: [   32.770000] ubi7: scanning is finished
Aug 10 00:22:18 witherspoon kernel[999]: [   32.770000] ubi7 error: ubi_read_volume_table: the layout volume was not found
Aug 10 00:22:18 witherspoon kernel[999]: [   32.770000] ubi7 error: ubi_attach_mtd_dev: failed to attach mtd7, error -22
Aug 10 00:22:18 witherspoon avahi-daemon[1011]: Found user 'avahi' (UID 999) and group 'avahi' (GID 999).
Aug 10 00:22:24 witherspoon kernel: ftgmac100 1e660000.ethernet eth0: NCSI interface up
Aug 10 00:22:23 witherspoon systemd[1]: Started Phosphor MBOX Daemon.
Aug 10 00:22:18 witherspoon avahi-daemon[1011]: Successfully dropped root privileges.
Aug 10 00:22:23 witherspoon systemd[1]: Starting Phosphor Version Software Manager...
Aug 10 00:22:18 witherspoon avahi-daemon[1011]: avahi-daemon 0.6.32 starting up.
Aug 10 00:22:20 witherspoon avahi-daemon[1011]: Successfully called chroot().
Aug 10 00:22:20 witherspoon avahi-daemon[1011]: Successfully dropped remaining capabilities.
Aug 10 00:22:20 witherspoon avahi-daemon[1011]: Loading service file /services/obmc_console.service.
Aug 10 00:22:20 witherspoon avahi-daemon[1011]: Loading service file /services/phosphor_rest.service.
Aug 10 00:22:20 witherspoon avahi-daemon[1011]: Loading service file /services/sftp-ssh.service.
Aug 10 00:22:20 witherspoon avahi-daemon[1011]: Loading service file /services/sftp.service.
Aug 10 00:22:20 witherspoon avahi-daemon[1011]: Loading service file /services/ssh.service.
Aug 10 00:22:20 witherspoon avahi-daemon[1011]: Network interface enumeration completed.
Aug 10 00:22:20 witherspoon avahi-daemon[1011]: Server startup complete. Host name is witherspoon.local. Local service cookie is 2999209095.
Aug 10 00:22:20 witherspoon avahi-daemon[1011]: Service "witherspoon" (/services/ssh.service) successfully established.
Aug 10 00:22:20 witherspoon avahi-daemon[1011]: Service "sftp" (/services/sftp.service) successfully established.
Aug 10 00:22:20 witherspoon avahi-daemon[1011]: Service "witherspoon" (/services/sftp-ssh.service) successfully established.
Aug 10 00:22:20 witherspoon avahi-daemon[1011]: Service "phosphor_rest" (/services/phosphor_rest.service) successfully established.
Aug 10 00:22:20 witherspoon avahi-daemon[1011]: Service "obmc_console" (/services/obmc_console.service) successfully established.
Aug 10 00:22:20 witherspoon avahi-daemon[1011]: Joining mDNS multicast group on interface eth0.IPv4 with address 9.3.86.161.
Aug 10 00:22:20 witherspoon avahi-daemon[1011]: New relevant interface eth0.IPv4 for mDNS.
Aug 10 00:22:20 witherspoon avahi-daemon[1011]: Registering new address record for 9.3.86.161 on eth0.IPv4.
Aug 10 00:22:22 witherspoon avahi-daemon[1011]: Joining mDNS multicast group on interface eth0.IPv6 with address fe80::72e2:84ff:fe14:23e1.
Aug 10 00:22:22 witherspoon avahi-daemon[1011]: New relevant interface eth0.IPv6 for mDNS.
Aug 10 00:22:22 witherspoon avahi-daemon[1011]: Registering new address record for fe80::72e2:84ff:fe14:23e1 on eth0.*.
Aug 10 00:22:24 witherspoon kernel[999]: [   38.690000] ftgmac100 1e660000.ethernet eth0: NCSI interface up
Aug 10 00:22:24 witherspoon systemd[1]: Started Phosphor Version Software Manager.
Aug 10 00:22:35 witherspoon systemd-networkd[1020]: eth0: Configured
Aug 10 00:22:35 witherspoon systemd-timesyncd[725]: Network configuration changed, trying to establish connection.
Aug 10 00:22:36 witherspoon systemd[1]: Started Phosphor Chassis0 Control.
Aug 10 00:22:36 witherspoon chassis_control.py[1024]: Running ChassisControlService
Aug 10 00:22:36 witherspoon systemd[1]: Started Phosphor Download Manager.
Aug 10 00:22:36 witherspoon download_manager.py[1002]: Running Download Manager
Aug 10 00:22:37 witherspoon sensor_manager2.py[1012]: Setting boot count to 3
Aug 10 00:22:37 witherspoon systemd[1]: Started Phosphor Sensor Manager.
Aug 10 00:22:37 witherspoon sensor_manager2.py[1012]: Starting sensor manager
Aug 10 00:22:38 witherspoon inventory_items.py[1006]: Loading from cache: /var/cache/obmc/org.openbmc.inventory.system.chassis.motherboard.apss@org.openbmc.InventoryItem.props
Aug 10 00:22:38 witherspoon inventory_items.py[1006]: Loading from cache: /var/cache/obmc/org.openbmc.inventory.system.chassis.motherboard@org.openbmc.InventoryItem.props
Aug 10 00:22:38 witherspoon inventory_items.py[1006]: Loading from cache: /var/cache/obmc/org.openbmc.inventory.system.chassis.motherboard.refclock@org.openbmc.InventoryItem.props
Aug 10 00:22:38 witherspoon inventory_items.py[1006]: Loading from cache: /var/cache/obmc/org.openbmc.inventory.system.chassis.motherboard.cpu1.core7@org.openbmc.InventoryItem.props
Aug 10 00:22:39 witherspoon inventory_items.py[1006]: Loading from cache: /var/cache/obmc/org.openbmc.inventory.system.chassis.motherboard.cpu1.core4@org.openbmc.InventoryItem.props
Aug 10 00:22:39 witherspoon inventory_items.py[1006]: Loading from cache: /var/cache/obmc/org.openbmc.inventory.system.chassis.motherboard.cpu1.core1@org.openbmc.InventoryItem.props
Aug 10 00:22:39 witherspoon inventory_items.py[1006]: Loading from cache: /var/cache/obmc/org.openbmc.inventory.system.chassis.motherboard.cpu1.core10@org.openbmc.InventoryItem.props
Aug 10 00:22:39 witherspoon inventory_items.py[1006]: Loading from cache: /var/cache/obmc/org.openbmc.inventory.system.chassis.motherboard.todclock@org.openbmc.InventoryItem.props
Aug 10 00:22:39 witherspoon inventory_items.py[1006]: Loading from cache: /var/cache/obmc/org.openbmc.inventory.system.chassis.motherboard.cpu1@org.openbmc.InventoryItem.props
Aug 10 00:22:39 witherspoon inventory_items.py[1006]: Loading from cache: /var/cache/obmc/org.openbmc.inventory.system.chassis.motherboard.bmc@org.openbmc.InventoryItem.props
Aug 10 00:22:39 witherspoon inventory_items.py[1006]: Caching: /org/openbmc/inventory/system/chassis/motherboard/bmc
Aug 10 00:22:39 witherspoon inventory_items.py[1006]: Loading from cache: /var/cache/obmc/org.openbmc.inventory.system.chassis.motherboard.cpu0.core1@org.openbmc.InventoryItem.props
Aug 10 00:22:39 witherspoon inventory_items.py[1006]: Loading from cache: /var/cache/obmc/org.openbmc.inventory.system.chassis.motherboard.cpu0.core7@org.openbmc.InventoryItem.props
Aug 10 00:22:39 witherspoon inventory_items.py[1006]: Loading from cache: /var/cache/obmc/org.openbmc.inventory.system.chassis.motherboard.cpu0.core4@org.openbmc.InventoryItem.props
Aug 10 00:22:39 witherspoon inventory_items.py[1006]: Loading from cache: /var/cache/obmc/org.openbmc.inventory.system.chassis.motherboard.pcieclock@org.openbmc.InventoryItem.props
Aug 10 00:22:39 witherspoon inventory_items.py[1006]: Loading from cache: /var/cache/obmc/org.openbmc.inventory.system.chassis.motherboard.cpu0.core10@org.openbmc.InventoryItem.props
Aug 10 00:22:39 witherspoon systemd[1]: Started Phosphor Inventory Manager.
Aug 10 00:22:39 witherspoon inventory_items.py[1006]: Running Inventory Manager
Aug 10 00:22:39 witherspoon phosphor-mapper[1010]: ObjectMapper startup complete.  Discovery in progress...
Aug 10 00:22:39 witherspoon avahi-daemon[1036]: ../../avahi-0.6.32/avahi-daemon/chroot.c: open() failed: No such file or directory
Aug 10 00:22:39 witherspoon avahi-daemon[1011]: Failed to open /usr/share/dbus-1/interfaces/org.freedesktop.Avahi.Server.xml: Invalid argument
Aug 10 00:22:39 witherspoon avahi-daemon[1011]: Failed to load introspection data.
Aug 10 00:22:40 witherspoon systemd[1]: Started Phosphor Network Manager.
Aug 10 00:22:40 witherspoon netman.py[1023]: Started
Aug 10 00:22:40 witherspoon systemd[1]: Started Phosphor User Manager.
Aug 10 00:22:40 witherspoon obmc-phosphor-userd[1021]: Started
Aug 10 00:22:48 witherspoon phosphor-mapper[1010]: ObjectMapper discovery complete
Aug 10 00:22:48 witherspoon systemd[1]: Started Phosphor DBus Service Discovery Manager.
Aug 10 00:22:48 witherspoon systemd[1]: Started Phosphor Hwmon Poller.
Aug 10 00:22:48 witherspoon systemd[1]: Started Phosphor Hwmon Poller.
Aug 10 00:22:48 witherspoon systemd[1]: Started Phosphor Hwmon Poller.
Aug 10 00:22:48 witherspoon systemd[1]: Started Phosphor Hwmon Poller.
Aug 10 00:22:48 witherspoon systemd[1]: Reached target Phosphor Object Mapper.
Aug 10 00:22:48 witherspoon systemd[1]: Starting Wait for /xyz/openbmc_project/led/groups...
Aug 10 00:22:48 witherspoon systemd[1]: Starting Phosphor Settings Manager...
Aug 10 00:22:48 witherspoon systemd[1]: Starting Wait for /xyz/openbmc_project/led/groups/bmc_booted...
Aug 10 00:22:48 witherspoon systemd[1]: Starting Wait for /org/openbmc/control/flash/bios...
Aug 10 00:22:48 witherspoon systemd[1]: Starting Wait for /org/openbmc/control/power0...
Aug 10 00:22:48 witherspoon systemd[1]: Starting Phoshpor System Manager...
Aug 10 00:22:48 witherspoon systemd[1]: Reached target Webserver (pre).
Aug 10 00:22:48 witherspoon systemd[1]: Started Phosphor Webserver.
Aug 10 00:22:48 witherspoon systemd[1]: Starting Wait for /xyz/openbmc_project/control/host0/auto_reboot...
Aug 10 00:22:48 witherspoon systemd[1]: Starting Wait for /xyz/openbmc_project/inventory...
Aug 10 00:22:48 witherspoon systemd[1]: Starting Wait for /xyz/openbmc_project/control/host0/boot_source...
Aug 10 00:22:48 witherspoon systemd[1]: Starting Wait for /xyz/openbmc_project/control/host0/restriction_mode...
Aug 10 00:22:48 witherspoon systemd[1]: Starting Wait for /xyz/openbmc_project/control/host0/power_restore_policy...
Aug 10 00:22:48 witherspoon systemd[1]: Starting Wait for /xyz/openbmc_project/state/host0...
Aug 10 00:22:48 witherspoon systemd[1]: Starting Phosphor Network Manager...
Aug 10 00:22:48 witherspoon systemd[1]: Starting Wait for /xyz/openbmc_project/time/owner...
Aug 10 00:22:48 witherspoon systemd[1]: Starting Wait for /xyz/openbmc_project/control/host0...
Aug 10 00:22:48 witherspoon systemd[1]: Starting Wait for /org/openbmc/managers/System...
Aug 10 00:22:48 witherspoon systemd[1]: Started Phosphor DBus Monitor.
Aug 10 00:22:48 witherspoon systemd[1]: Starting Wait for /xyz/openbmc_project/control/host0/boot_mode...
Aug 10 00:22:48 witherspoon systemd[1]: Starting Wait for /org/openbmc/managers/Download...
Aug 10 00:22:48 witherspoon systemd[1]: Starting Wait for /org/openbmc/NetworkManager/Interface...
Aug 10 00:22:48 witherspoon systemd[1]: Starting Wait for /xyz/openbmc_project/time/sync_method...
Aug 10 00:22:48 witherspoon systemd[1]: Starting Wait for /org/openbmc/control/bmc0...
Aug 10 00:22:48 witherspoon systemd[1]: Starting Wait for /xyz/openbmc_project/state/chassis0...
Aug 10 00:22:48 witherspoon systemd[1]: Started Phosphor Hwmon Poller.
Aug 10 00:22:48 witherspoon systemd[1]: Started Phosphor Hwmon Poller.
Aug 10 00:22:52 witherspoon phosphor-network-manager[1070]: ConfigParser: Section not found
Aug 10 00:22:52 witherspoon phosphor-network-manager[1070]: The operation failed internally.
Aug 10 00:22:52 witherspoon phosphor-network-manager[1070]: ConfigParser: Section not found
Aug 10 00:22:52 witherspoon phosphor-network-manager[1070]: The operation failed internally.
Aug 10 00:22:52 witherspoon phosphor-network-manager[1070]: ConfigParser: Key not found
Aug 10 00:22:52 witherspoon phosphor-network-manager[1070]: The operation failed internally.
Aug 10 00:22:55 witherspoon systemd[1]: Started Wait for /xyz/openbmc_project/control/host0/auto_reboot.
Aug 10 00:22:56 witherspoon systemd[1]: Started Wait for /xyz/openbmc_project/inventory.
Aug 10 00:22:56 witherspoon systemd[1]: Started Wait for /xyz/openbmc_project/led/groups.
Aug 10 00:22:56 witherspoon systemd[1]: Started Wait for /xyz/openbmc_project/led/groups/bmc_booted.
Aug 10 00:22:56 witherspoon systemd[1]: Started Wait for /xyz/openbmc_project/control/host0/restriction_mode.
Aug 10 00:22:56 witherspoon systemd[1]: Started Wait for /xyz/openbmc_project/control/host0/boot_mode.
Aug 10 00:22:56 witherspoon systemd[1]: Started Wait for /org/openbmc/managers/Download.
Aug 10 00:22:56 witherspoon systemd[1]: Started Wait for /org/openbmc/NetworkManager/Interface.
Aug 10 00:22:56 witherspoon systemd[1]: Started Phosphor DNS Settings Cache Manager.
Aug 10 00:22:56 witherspoon systemd[1]: Starting Phosphor BIOS Code Update...
Aug 10 00:22:56 witherspoon systemd[1]: Started FRU Fault monitor service.
Aug 10 00:22:57 witherspoon systemd[1]: Started Phosphor Cooling Type.
Aug 10 00:22:57 witherspoon systemd[1]: Started Phosphor GPIO 1 Presence.
Aug 10 00:22:57 witherspoon systemd[1]: Starting Read OpenPOWER-format VPD from EEPROM...
Aug 10 00:22:57 witherspoon systemd[1]: Started Phosphor GPIO 0 Presence.
Aug 10 00:22:57 witherspoon systemd[1]: Starting OpenPOWER OCC controller...
Aug 10 00:22:57 witherspoon systemd[1]: Started Wait for /xyz/openbmc_project/control/host0/power_restore_policy.
Aug 10 00:22:57 witherspoon systemd[1]: Started Wait for /xyz/openbmc_project/time/owner.
Aug 10 00:22:57 witherspoon systemd[1]: Started Wait for /xyz/openbmc_project/time/sync_method.
Aug 10 00:22:57 witherspoon systemd[1]: Started Wait for /org/openbmc/control/bmc0.
Aug 10 00:22:57 witherspoon systemd[1]: Starting Phosphor BMC Code Update...
Aug 10 00:22:58 witherspoon systemd[1]: Started OpenPOWER OCC controller.
Aug 10 00:22:58 witherspoon systemd[1]: Started Phosphor BIOS Code Update.
Aug 10 00:22:58 witherspoon phosphor-gpio-presence[1103]: Updating inventory present property
Aug 10 00:22:58 witherspoon phosphor-gpio-presence[1101]: Updating inventory present property
Aug 10 00:23:02 witherspoon systemd[1]: Started Wait for /xyz/openbmc_project/control/host0/boot_source.
Aug 10 00:23:06 witherspoon system_manager.py[1062]: Running System State: BASE_APPS
Aug 10 00:23:06 witherspoon system_manager.py[1062]: SystemManager Init Done
Aug 10 00:23:06 witherspoon systemd[1]: Started Phoshpor System Manager.
Aug 10 00:23:06 witherspoon system_manager.py[1062]: Running SystemManager
Aug 10 00:23:09 witherspoon phosphor-log-manager[1015]: Failed to find metadata
Aug 10 00:23:09 witherspoon phosphor-fru-fault-monitor[1094]: /xyz/openbmc_project/logging/entry/1
Aug 10 00:23:09 witherspoon dbus[992]: [system] Activating via systemd: service name='org.freedesktop.hostname1' unit='dbus-org.freedesktop.hostname1.service'
Aug 10 00:23:09 witherspoon systemd[1]: Starting Hostname Service...
Aug 10 00:23:10 witherspoon dbus[992]: [system] Successfully activated service 'org.freedesktop.hostname1'
Aug 10 00:23:10 witherspoon systemd[1]: Started Hostname Service.
Aug 10 00:23:10 witherspoon systemd[1]: Started Phosphor Network Manager.
Aug 10 00:23:11 witherspoon systemd[1]: Started Phosphor BMC Code Update.
Aug 10 00:23:11 witherspoon bmc_update.py[1105]: Running Bmc Flash Control
Aug 10 00:23:13 witherspoon settings_manager.py[1058]: Running HostSettingsService
Aug 10 00:23:13 witherspoon systemd[1]: Started Phosphor Settings Manager.
Aug 10 00:23:13 witherspoon systemd[1]: Starting Wait for /org/openbmc/settings/host0...
Aug 10 00:23:13 witherspoon system_manager.py[1062]: SystemManager Goto System State: BMC_STARTING
Aug 10 00:23:13 witherspoon system_manager.py[1062]: Running System State: BMC_STARTING
Aug 10 00:23:16 witherspoon systemd[1]: Started Read OpenPOWER-format VPD from EEPROM.
Aug 10 00:23:21 witherspoon systemd[1]: Started Wait for /org/openbmc/control/flash/bios.
Aug 10 00:23:21 witherspoon systemd[1]: Started Initialize BIOS Flash.
Aug 10 00:23:22 witherspoon systemd[1]: Started Wait for /org/openbmc/managers/System.
Aug 10 00:23:22 witherspoon systemd[1]: Starting Phosphor Host State Manager...
Aug 10 00:23:22 witherspoon systemd[1]: Starting Phosphor Chassis State Manager...
Aug 10 00:23:22 witherspoon systemd[1]: Starting Phosphor BMC State Manager...
Aug 10 00:23:22 witherspoon systemd[1]: Starting Phosphor Reset Button0...
Aug 10 00:23:23 witherspoon systemd[1]: Starting Phosphor Power0 Control...
Aug 10 00:23:23 witherspoon systemd[1]: Starting Phosphor Power Button0...
Aug 10 00:23:23 witherspoon systemd[1]: Started Wait for /org/openbmc/settings/host0.
Aug 10 00:23:24 witherspoon system_manager.py[1062]: New object: /org/openbmc/control/power0 (:1.79)
Aug 10 00:23:24 witherspoon phosphor-gevent[1063]: Traceback (most recent call last):
Aug 10 00:23:24 witherspoon phosphor-gevent[1063]:   File "/usr/lib/python2.7/site-packages/gevent/greenlet.py", line 327, in run
Aug 10 00:23:24 witherspoon systemd[1]: Started Phosphor Inband IPMI.
Aug 10 00:23:24 witherspoon button_reset.exe[1121]: GPIO Lookup:  RESET_BUTTON = 353,both
Aug 10 00:23:25 witherspoon system_manager.py[1062]: Power GPIO config: ['SYS_PWROK_BUFF', '', [('SOFTWARE_PGOOD', True), ('BMC_POWER_UP', True)], [('BMC_CP0_RESET_N', False)], [], 'FSI_DATA', 'FSI_CLK', 'FSI_ENABLE', 'CRONUS_SEL', []]
Aug 10 00:23:25 witherspoon systemd[1]: Started Phosphor Reset Button0.
Aug 10 00:23:25 witherspoon power_control.exe[1126]: Power GPIO latch output:
Aug 10 00:23:25 witherspoon power_control.exe[1126]: Power GPIO power good input: SYS_PWROK_BUFF
Aug 10 00:23:25 witherspoon power_control.exe[1126]: Power GPIO 2 power_up outputs
Aug 10 00:23:25 witherspoon power_control.exe[1126]: Power GPIO power_up[0] = SOFTWARE_PGOOD active HIGH
Aug 10 00:23:25 witherspoon power_control.exe[1126]: Power GPIO power_up[1] = BMC_POWER_UP active HIGH
Aug 10 00:23:25 witherspoon power_control.exe[1126]: Power GPIO 1 reset outputs
Aug 10 00:23:25 witherspoon power_control.exe[1126]: Power GPIO reset[0] = BMC_CP0_RESET_N active LOW
Aug 10 00:23:25 witherspoon power_control.exe[1126]: Power GPIO 0 pci reset outputs
Aug 10 00:23:25 witherspoon power_control.exe[1126]: FSI DATA GPIO: FSI_DATA
Aug 10 00:23:25 witherspoon power_control.exe[1126]: FSI CLK GPIO: FSI_CLK
Aug 10 00:23:25 witherspoon power_control.exe[1126]: FSI ENABLE GPIO: FSI_ENABLE
Aug 10 00:23:25 witherspoon power_control.exe[1126]: CRONUS SEL GPIO: CRONUS_SEL
Aug 10 00:23:25 witherspoon power_control.exe[1126]: Hostctl GPIO optionals: 0
Aug 10 00:23:25 witherspoon power_control.exe[1126]: GPIO Lookup:  SYS_PWROK_BUFF = 306,in
Aug 10 00:23:25 witherspoon power_control.exe[1126]: GPIO Lookup:  SOFTWARE_PGOOD = 417,out
Aug 10 00:23:25 witherspoon phosphor-chassis-state-manager[1119]: Initial Chassis State will be Off
Aug 10 00:23:25 witherspoon phosphor-bmc-state-manager[1120]: Setting the BMCState field
Aug 10 00:23:25 witherspoon phosphor-bmc-state-manager[1120]: Setting the BMCState field
Aug 10 00:23:25 witherspoon systemd[1]: Started Phosphor Chassis State Manager.
Aug 10 00:23:25 witherspoon systemd[1]: Started Phosphor BMC State Manager.
Aug 10 00:23:25 witherspoon phosphor-gevent[1063]:     result = self._run(*self.args, **self.kwargs)
Aug 10 00:23:25 witherspoon phosphor-gevent[1063]:   File "/usr/lib/python2.7/site-packages/gevent/server.py", line 102, in wrap_socket_and_handle
Aug 10 00:23:25 witherspoon phosphor-gevent[1063]:     ssl_socket = self.wrap_socket(client_socket, **self.ssl_args)
Aug 10 00:23:25 witherspoon phosphor-gevent[1063]:   File "/usr/lib/python2.7/site-packages/gevent/ssl.py", line 404, in wrap_socket
Aug 10 00:23:25 witherspoon phosphor-gevent[1063]:     ciphers=ciphers)
Aug 10 00:23:25 witherspoon phosphor-gevent[1063]:   File "/usr/lib/python2.7/site-packages/gevent/ssl.py", line 113, in __init__
Aug 10 00:23:25 witherspoon phosphor-gevent[1063]:     self.do_handshake()
Aug 10 00:23:25 witherspoon phosphor-gevent[1063]:   File "/usr/lib/python2.7/site-packages/gevent/ssl.py", line 324, in do_handshake
Aug 10 00:23:25 witherspoon phosphor-gevent[1063]:     return self._sslobj.do_handshake()
Aug 10 00:23:25 witherspoon phosphor-gevent[1063]: SSLEOFError: EOF occurred in violation of protocol (_ssl.c:590)
Aug 10 00:23:25 witherspoon phosphor-gevent[1063]: <Greenlet at 0x760023f0: <bound method WSGIServer.wrap_socket_and_handle of <WSGIServer at 0x75fd8b50 fileno=5 address=('::34c2:ee76:b09d:6476%1986305440', 443, 0, 1986305440)>>(<socket at 0x75eaf830 fileno=9>, ('::80a9:6276:8e91:f402%1995287324', 43766, 0, 199)> failed with SSLEOFError
Aug 10 00:23:26 witherspoon phosphor-gevent[1063]: Traceback (most recent call last):
Aug 10 00:23:26 witherspoon phosphor-gevent[1063]:   File "/usr/lib/python2.7/site-packages/gevent/greenlet.py", line 327, in run
Aug 10 00:23:26 witherspoon phosphor-gevent[1063]:     result = self._run(*self.args, **self.kwargs)
Aug 10 00:23:26 witherspoon phosphor-gevent[1063]:   File "/usr/lib/python2.7/site-packages/gevent/server.py", line 102, in wrap_socket_and_handle
Aug 10 00:23:26 witherspoon phosphor-gevent[1063]:     ssl_socket = self.wrap_socket(client_socket, **self.ssl_args)
Aug 10 00:23:26 witherspoon phosphor-gevent[1063]:   File "/usr/lib/python2.7/site-packages/gevent/ssl.py", line 404, in wrap_socket
Aug 10 00:23:26 witherspoon phosphor-gevent[1063]:     ciphers=ciphers)
Aug 10 00:23:26 witherspoon phosphor-gevent[1063]:   File "/usr/lib/python2.7/site-packages/gevent/ssl.py", line 113, in __init__
Aug 10 00:23:26 witherspoon phosphor-gevent[1063]:     self.do_handshake()
Aug 10 00:23:26 witherspoon phosphor-gevent[1063]:   File "/usr/lib/python2.7/site-packages/gevent/ssl.py", line 324, in do_handshake
Aug 10 00:23:26 witherspoon phosphor-gevent[1063]:     return self._sslobj.do_handshake()
Aug 10 00:23:26 witherspoon phosphor-gevent[1063]: SSLEOFError: EOF occurred in violation of protocol (_ssl.c:590)
Aug 10 00:23:26 witherspoon phosphor-gevent[1063]: <Greenlet at 0x760026c0: <bound method WSGIServer.wrap_socket_and_handle of <WSGIServer at 0x75fd8b50 fileno=5 address=('::34c2:ee76:b09d:6476%1986305440', 443, 0, 1986305440)>>(<socket at 0x75eaf7d0 fileno=10>, ('::80a9:6276:8e91:f402%1995287324', 43768, 0, 199)> failed with SSLEOFError
Aug 10 00:23:26 witherspoon power_control.exe[1126]: GPIO Lookup:  BMC_POWER_UP = 305,out
Aug 10 00:23:26 witherspoon button_power.exe[1127]: GPIO Lookup:  POWER_BUTTON = 347,both
Aug 10 00:23:26 witherspoon systemd[1]: Started Phosphor Power Button0.
Aug 10 00:23:26 witherspoon power_control.exe[1126]: GPIO Lookup:  BMC_CP0_RESET_N = 281,out
Aug 10 00:23:26 witherspoon power_control.exe[1126]: Pgood state: 0
Aug 10 00:23:26 witherspoon systemd[1]: Started Phosphor Power0 Control.
Aug 10 00:23:26 witherspoon flash_bios.exe[1093]: Starting flasher: bios,,/org/openbmc/control/flash/bios,
Aug 10 00:23:26 witherspoon flash_bios.exe[1093]: flasher: , BMC = 1, address = 0x0
Aug 10 00:23:26 witherspoon flash_bios.exe[1093]: Setting up flash
Aug 10 00:23:27 witherspoon phosphor-host-state-manager[1118]: Initial Host State will be Off
Aug 10 00:23:27 witherspoon flash_bios.exe[1093]: Starting flasher: bios,,/org/openbmc/control/flash/bios,
Aug 10 00:23:27 witherspoon flash_bios.exe[1093]: flasher: , BMC = 1, address = 0x0
Aug 10 00:23:27 witherspoon flash_bios.exe[1093]: Setting up flash
Aug 10 00:23:28 witherspoon systemd[1]: Started Phosphor Host State Manager.
Aug 10 00:23:32 witherspoon system_manager.py[1062]: SystemManager Goto System State: BMC_READY
Aug 10 00:23:32 witherspoon system_manager.py[1062]: Running System State: BMC_READY
Aug 10 00:23:32 witherspoon systemd[1]: Started Wait for /org/openbmc/control/power0.
Aug 10 00:23:32 witherspoon systemd[1]: Starting Check Chassis0 pgood and create a file to indicate it...
Aug 10 00:23:32 witherspoon systemd[1]: Starting Phosphor Time Manager daemon...
Aug 10 00:23:32 witherspoon systemd[1]: Started Wait for /xyz/openbmc_project/state/chassis0.
Aug 10 00:23:33 witherspoon timemanager[1157]: Registering dbus methods
Aug 10 00:23:33 witherspoon timemanager[1157]: Last known time_mode: NTP
Aug 10 00:23:33 witherspoon timemanager[1157]: Last known time_owner: BMC
Aug 10 00:23:33 witherspoon timemanager[1157]: Empty DhcpNtp string
Aug 10 00:23:33 witherspoon timemanager[1157]: Reading Power Control key: pgood
Aug 10 00:23:33 witherspoon systemd[1]: Started Check Chassis0 pgood and create a file to indicate it.
Aug 10 00:23:33 witherspoon systemd[1]: Reached target Chassis0 power on after reset.
Aug 10 00:23:33 witherspoon systemd[1]: Reached target Chassis0 (Reset Check).
Aug 10 00:23:33 witherspoon timemanager[1157]: Changing settings *allowed* now
Aug 10 00:23:33 witherspoon systemd[1]: Started Wait for /xyz/openbmc_project/control/host0.
Aug 10 00:23:33 witherspoon systemd[1]: Reached target Host0 running after reset.
Aug 10 00:23:33 witherspoon systemd[1]: Reached target Host0 (Reset Check).
Aug 10 00:23:34 witherspoon timemanager[1157]: Owner is already set to : BMC
Aug 10 00:23:34 witherspoon timemanager[1157]: Requested_Mode: NTP Current_Mode: NTP
Aug 10 00:23:34 witherspoon timemanager[1157]: Mode is already set to : NTP
Aug 10 00:23:34 witherspoon timemanager[1157]: Getting System Settings: use_dhcp_ntp
Aug 10 00:23:34 witherspoon timemanager[1157]: use_dhcp_ntp = yes
Aug 10 00:23:34 witherspoon timemanager[1157]: Last known host_offset:0
Aug 10 00:23:34 witherspoon timemanager[1157]: Initial Uptime Usec: 1502324505260089
Aug 10 00:23:34 witherspoon systemd[1]: Started Wait for /xyz/openbmc_project/state/host0.
Aug 10 00:23:34 witherspoon systemd[1]: Starting Reboot If Enabled...
Aug 10 00:23:34 witherspoon systemd[1]: Started Phosphor Time Manager daemon.
Aug 10 00:23:35 witherspoon phosphor-discover-system-state[1170]: Host power is off, checking power policy
Aug 10 00:23:35 witherspoon systemd[1]: Started Reboot If Enabled.
Aug 10 00:23:35 witherspoon systemd[1]: Reached target Phosphor System - Standby.
Aug 10 00:23:35 witherspoon systemd[1]: Starting Assert bmc_booted LED...
Aug 10 00:23:35 witherspoon phosphor-bmc-state-manager[1120]: BMC_READY
Aug 10 00:23:35 witherspoon phosphor-bmc-state-manager[1120]: Setting the BMCState field
Aug 10 00:23:35 witherspoon systemd[1]: Started Assert bmc_booted LED.
Aug 10 00:23:35 witherspoon systemd[1]: Startup finished in 13.854s (kernel) + 1min 36.815s (userspace) = 1min 50.669s.
Aug 10 00:23:41 witherspoon phosphor-gevent[1063]: ::80a9:6276:8e91:f402%1995287324 - - [2017-08-10 00:23:41] "POST /login HTTP/1.1" 200 320 0.045546
Aug 10 00:23:41 witherspoon systemd[1]: Created slice system-dropbear.slice.
Aug 10 00:23:41 witherspoon systemd[1]: Started SSH Per-Connection Server (9.41.165.94:60618).
Aug 10 00:23:41 witherspoon dropbear[1177]: Failed loading /etc/dropbear/dropbear_dss_host_key
Aug 10 00:23:41 witherspoon dropbear[1177]: Failed loading /etc/dropbear/dropbear_ecdsa_host_key
Aug 10 00:23:41 witherspoon dropbear[1177]: Child connection from ::ffff:9.41.165.94:60618
Aug 10 00:23:42 witherspoon dropbear[1177]: PAM password auth succeeded for 'root' from ::ffff:9.41.165.94:60618
Aug 10 00:23:42 witherspoon dropbear[1178]: lastlog_perform_login: Couldn't stat /var/log/lastlog: No such file or directory
Aug 10 00:23:42 witherspoon dropbear[1178]: lastlog_openseek: /var/log/lastlog is not a file or directory!
Aug 10 00:23:43 witherspoon systemd[1]: Started SSH Per-Connection Server (9.41.165.94:60620).
Aug 10 00:23:43 witherspoon dropbear[1182]: Failed loading /etc/dropbear/dropbear_dss_host_key
Aug 10 00:23:43 witherspoon dropbear[1182]: Failed loading /etc/dropbear/dropbear_ecdsa_host_key
Aug 10 00:23:43 witherspoon dropbear[1182]: Child connection from ::ffff:9.41.165.94:60620
Aug 10 00:23:43 witherspoon dropbear[1182]: PAM password auth succeeded for 'root' from ::ffff:9.41.165.94:60620
Aug 10 00:23:43 witherspoon dropbear[1183]: lastlog_perform_login: Couldn't stat /var/log/lastlog: No such file or directory
Aug 10 00:23:43 witherspoon dropbear[1183]: lastlog_openseek: /var/log/lastlog is not a file or directory!
Aug 10 00:23:45 witherspoon phosphor-gevent[1063]: ::80a9:6276:8e91:f402%1995287324 - - [2017-08-10 00:23:45] "POST /login HTTP/1.1" 200 320 0.047908
Aug 10 00:23:45 witherspoon phosphor-gevent[1063]: ::80a9:6276:8e91:f402%1995287324 - - [2017-08-10 00:23:45] "GET /xyz/openbmc_project/state/BMC0/ HTTP/1.1" 404 308 0.030342
Aug 10 00:23:45 witherspoon phosphor-gevent[1063]: ::80a9:6276:8e91:f402%1995287324 - - [2017-08-10 00:23:45] "POST /login HTTP/1.1" 200 320 0.032845
Aug 10 00:23:45 witherspoon phosphor-gevent[1063]: ::80a9:6276:8e91:f402%1995287324 - - [2017-08-10 00:23:45] "GET /xyz/openbmc_project/state/bmc0//attr/CurrentBMCState HTTP/1.1" 200 212 0.063006
Aug 10 00:23:45 witherspoon phosphor-gevent[1063]: ::80a9:6276:8e91:f402%1995287324 - - [2017-08-10 00:23:45] "POST /login HTTP/1.1" 200 320 0.055587
Aug 10 00:23:46 witherspoon phosphor-gevent[1063]: ::80a9:6276:8e91:f402%1995287324 - - [2017-08-10 00:23:46] "PUT /org/openbmc/control/flash/bmc/attr/preserve_network_settings HTTP/1.1" 200 169 0.248950
Aug 10 00:23:46 witherspoon phosphor-gevent[1063]: ::80a9:6276:8e91:f402%1995287324 - - [2017-08-10 00:23:46] "POST /login HTTP/1.1" 200 320 0.063448
Aug 10 00:23:46 witherspoon phosphor-gevent[1063]: ::80a9:6276:8e91:f402%1995287324 - - [2017-08-10 00:23:46] "GET /org/openbmc/control/flash/bmc HTTP/1.1" 200 380 0.097553
Aug 10 00:23:46 witherspoon systemd[1]: Started SSH Per-Connection Server (9.41.165.94:60630).
Aug 10 00:23:46 witherspoon dropbear[1189]: Failed loading /etc/dropbear/dropbear_dss_host_key
Aug 10 00:23:46 witherspoon dropbear[1189]: Failed loading /etc/dropbear/dropbear_ecdsa_host_key
Aug 10 00:23:46 witherspoon dropbear[1189]: Child connection from ::ffff:9.41.165.94:60630
Aug 10 00:23:47 witherspoon dropbear[1189]: PAM password auth succeeded for 'root' from ::ffff:9.41.165.94:60630
Aug 10 00:23:47 witherspoon systemd[1]: Started SSH Per-Connection Server (9.41.165.94:60632).
Aug 10 00:23:47 witherspoon dropbear[1190]: Failed loading /etc/dropbear/dropbear_dss_host_key
Aug 10 00:23:47 witherspoon dropbear[1190]: Failed loading /etc/dropbear/dropbear_ecdsa_host_key
Aug 10 00:23:47 witherspoon dropbear[1190]: Child connection from ::ffff:9.41.165.94:60632
Aug 10 00:23:48 witherspoon dropbear[1190]: PAM password auth succeeded for 'root' from ::ffff:9.41.165.94:60632
Aug 10 00:23:48 witherspoon dropbear[1194]: lastlog_perform_login: Couldn't stat /var/log/lastlog: No such file or directory
Aug 10 00:23:48 witherspoon dropbear[1194]: lastlog_openseek: /var/log/lastlog is not a file or directory!
Aug 10 00:24:55 witherspoon phosphor-gevent[1063]: ::80a9:6276:8e91:f402%1995287324 - - [2017-08-10 00:24:55] "POST /login HTTP/1.1" 200 320 0.049270
Aug 10 00:24:56 witherspoon bmc_update.py[1105]: Download complete. Updating...
Aug 10 00:24:59 witherspoon bmc_update.py[1105]: Preserving network settings
Aug 10 00:24:59 witherspoon bmc_update.py[1105]: update: --no-flash --no-save-files --no-restore-files --no-clean-saved-files
Aug 10 00:24:59 witherspoon bmc_update.py[1105]: ERROR: Image image-bmc too big for mtd0.
Aug 10 00:24:59 witherspoon phosphor-gevent[1063]: ::80a9:6276:8e91:f402%1995287324 - - [2017-08-10 00:24:59] "POST /org/openbmc/control/flash/bmc/action/update HTTP/1.1" 200 169 3.682676
Aug 10 00:24:59 witherspoon phosphor-gevent[1063]: ::80a9:6276:8e91:f402%1995287324 - - [2017-08-10 00:24:59] "POST /login HTTP/1.1" 200 320 0.053867
Aug 10 00:24:59 witherspoon phosphor-gevent[1063]: ::80a9:6276:8e91:f402%1995287324 - - [2017-08-10 00:24:59] "GET /org/openbmc/control/flash/bmc HTTP/1.1" 200 538 0.087294
Aug 10 00:25:00 witherspoon phosphor-gevent[1063]: ::80a9:6276:8e91:f402%1995287324 - - [2017-08-10 00:25:00] "POST /login HTTP/1.1" 200 320 0.033841
Aug 10 00:25:00 witherspoon phosphor-gevent[1063]: ::80a9:6276:8e91:f402%1995287324 - - [2017-08-10 00:25:00] "GET /xyz/openbmc_project/state/host0//attr/CurrentHostState HTTP/1.1" 200 212 0.050085
Aug 10 00:25:03 witherspoon systemd[1]: Started SSH Per-Connection Server (9.41.165.94:60640).
Aug 10 00:25:03 witherspoon dropbear[1229]: Failed loading /etc/dropbear/dropbear_dss_host_key
Aug 10 00:25:03 witherspoon dropbear[1229]: Failed loading /etc/dropbear/dropbear_ecdsa_host_key
Aug 10 00:25:03 witherspoon dropbear[1229]: Child connection from ::ffff:9.41.165.94:60640
Aug 10 00:25:04 witherspoon dropbear[1229]: PAM password auth succeeded for 'root' from ::ffff:9.41.165.94:60640
Aug 10 00:25:04 witherspoon dropbear[1230]: lastlog_perform_login: Couldn't stat /var/log/lastlog: No such file or directory
Aug 10 00:25:04 witherspoon dropbear[1230]: lastlog_openseek: /var/log/lastlog is not a file or directory!
Aug 10 00:25:06 witherspoon phosphor-gevent[1063]: ::80a9:6276:8e91:f402%1995287324 - - [2017-08-10 00:25:06] "POST /login HTTP/1.1" 200 320 0.033773
Aug 10 00:25:06 witherspoon phosphor-gevent[1063]: ::80a9:6276:8e91:f402%1995287324 - - [2017-08-10 00:25:06] "GET /xyz/openbmc_project/logging/entry/enumerate HTTP/1.1" 200 488 0.112375
Aug 10 00:25:06 witherspoon phosphor-gevent[1063]: ::80a9:6276:8e91:f402%1995287324 - - [2017-08-10 00:25:06] "POST /login HTTP/1.1" 200 320 0.050043
Aug 10 00:25:07 witherspoon phosphor-gevent[1063]: ::80a9:6276:8e91:f402%1995287324 - - [2017-08-10 00:25:07] "GET /org/openbmc/sensors/enumerate HTTP/1.1" 200 881 0.154750
Aug 10 00:25:07 witherspoon phosphor-gevent[1063]: ::80a9:6276:8e91:f402%1995287324 - - [2017-08-10 00:25:07] "POST /login HTTP/1.1" 200 320 0.059791
Aug 10 00:25:07 witherspoon phosphor-gevent[1063]: ::80a9:6276:8e91:f402%1995287324 - - [2017-08-10 00:25:07] "GET /xyz/openbmc_project/inventory/enumerate HTTP/1.1" 200 1078 0.175923
Aug 10 00:25:07 witherspoon phosphor-gevent[1063]: ::80a9:6276:8e91:f402%1995287324 - - [2017-08-10 00:25:07] "POST /login HTTP/1.1" 200 320 0.033769
Aug 10 00:25:07 witherspoon phosphor-gevent[1063]: ::80a9:6276:8e91:f402%1995287324 - - [2017-08-10 00:25:07] "GET /org/openbmc/records/events/enumerate HTTP/1.1" 404 304 0.054331
Aug 10 00:25:08 witherspoon phosphor-gevent[1063]: ::80a9:6276:8e91:f402%1995287324 - - [2017-08-10 00:25:08] "POST /login HTTP/1.1" 200 320 0.049252
Aug 10 00:25:08 witherspoon phosphor-gevent[1063]: ::80a9:6276:8e91:f402%1995287324 - - [2017-08-10 00:25:08] "GET /org/openbmc/control/led/enumerate HTTP/1.1" 404 301 0.042284
Aug 10 00:25:08 witherspoon systemd[1]: Started SSH Per-Connection Server (9.41.165.94:60652).
Aug 10 00:25:08 witherspoon dropbear[1242]: Failed loading /etc/dropbear/dropbear_dss_host_key
Aug 10 00:25:08 witherspoon dropbear[1242]: Failed loading /etc/dropbear/dropbear_ecdsa_host_key
Aug 10 00:25:08 witherspoon dropbear[1242]: Child connection from ::ffff:9.41.165.94:60652
Aug 10 00:25:08 witherspoon dropbear[1242]: PAM password auth succeeded for 'root' from ::ffff:9.41.165.94:60652
