-- Logs begin at Fri 2017-07-07 12:11:59 UTC, end at Fri 2017-07-07 12:33:18 UTC. --
Jul 07 12:11:59 witherspoon kernel: Booting Linux on physical CPU 0x0
Jul 07 12:11:59 witherspoon kernel: Linux version 4.10.17-fe613f76559522a7fb28841f91871ccc0dee1a0b (jenkins@openbmc-builder1) (gcc version 6.2.0 (GCC) ) #1 Fri Jul 7 11:57:52 UTC 2017
Jul 07 12:11:59 witherspoon kernel: CPU: ARMv6-compatible processor [410fb767] revision 7 (ARMv7), cr=00c5387d
Jul 07 12:11:59 witherspoon kernel: CPU: PIPT / VIPT nonaliasing data cache, VIPT nonaliasing instruction cache
Jul 07 12:11:59 witherspoon kernel: OF: fdt:Machine model: Witherspoon BMC
Jul 07 12:11:59 witherspoon kernel: Memory policy: Data cache writeback
Jul 07 12:11:59 witherspoon kernel: SOC Rev: 04030303
Jul 07 12:11:59 witherspoon kernel: On node 0 totalpages: 110592
Jul 07 12:11:59 witherspoon kernel: free_area_init_node: node 0, pgdat 805f33fc, node_mem_map 9ec1a000
Jul 07 12:11:59 witherspoon kernel:   Normal zone: 992 pages used for memmap
Jul 07 12:11:59 witherspoon kernel:   Normal zone: 0 pages reserved
Jul 07 12:11:59 witherspoon kernel:   Normal zone: 110592 pages, LIFO batch:31
Jul 07 12:11:59 witherspoon kernel: pcpu-alloc: s0 r0 d32768 u32768 alloc=1*32768
Jul 07 12:11:59 witherspoon kernel: pcpu-alloc: [0] 0 
Jul 07 12:11:59 witherspoon kernel: Built 1 zonelists in Zone order, mobility grouping on.  Total pages: 109600
Jul 07 12:11:59 witherspoon kernel: Kernel command line: console=ttyS4,115200n8 root=/dev/ram rw
Jul 07 12:11:59 witherspoon kernel: PID hash table entries: 2048 (order: 1, 8192 bytes)
Jul 07 12:11:59 witherspoon kernel: Dentry cache hash table entries: 65536 (order: 6, 262144 bytes)
Jul 07 12:11:59 witherspoon kernel: Inode-cache hash table entries: 32768 (order: 5, 131072 bytes)
Jul 07 12:11:59 witherspoon kernel: Memory: 430508K/442368K available (4048K kernel code, 280K rwdata, 1168K rodata, 280K init, 111K bss, 11860K reserved, 0K cma-reserved)
Jul 07 12:11:59 witherspoon kernel: Virtual kernel memory layout:
                                        vector  : 0xffff0000 - 0xffff1000   (   4 kB)
                                        fixmap  : 0xffc00000 - 0xfff00000   (3072 kB)
                                        vmalloc : 0x9f800000 - 0xff800000   (1536 MB)
                                        lowmem  : 0x80000000 - 0x9f000000   ( 496 MB)
                                          .text : 0x80008000 - 0x803fc590   (4050 kB)
                                          .init : 0x8057a000 - 0x805c0000   ( 280 kB)
                                          .data : 0x805c0000 - 0x806061a8   ( 281 kB)
                                           .bss : 0x806061a8 - 0x80622078   ( 112 kB)
Jul 07 12:11:59 witherspoon kernel: NR_IRQS:16 nr_irqs:16 16
Jul 07 12:11:59 witherspoon kernel: i2c controller registered, irq 16
Jul 07 12:11:59 witherspoon kernel: clocksource: moxart_timer: mask: 0xffffffff max_cycles: 0xffffffff, max_idle_ns: 77222644334 ns
Jul 07 12:11:59 witherspoon kernel: sched_clock: 32 bits at 100 Hz, resolution 10000000ns, wraps every 21474836475000000ns
Jul 07 12:11:59 witherspoon kernel: Calibrating delay loop... 789.70 BogoMIPS (lpj=3948544)
Jul 07 12:11:59 witherspoon kernel: pid_max: default: 32768 minimum: 301
Jul 07 12:11:59 witherspoon kernel: Mount-cache hash table entries: 1024 (order: 0, 4096 bytes)
Jul 07 12:11:59 witherspoon kernel: Mountpoint-cache hash table entries: 1024 (order: 0, 4096 bytes)
Jul 07 12:11:59 witherspoon kernel: CPU: Testing write buffer coherency: ok
Jul 07 12:11:59 witherspoon kernel: ftrace: allocating 14867 entries in 44 pages
Jul 07 12:11:59 witherspoon kernel: Setting up static identity map for 0x80008200 - 0x8000825c
Jul 07 12:11:59 witherspoon kernel: devtmpfs: initialized
Jul 07 12:11:59 witherspoon kernel: clocksource: jiffies: mask: 0xffffffff max_cycles: 0xffffffff, max_idle_ns: 19112604462750000 ns
Jul 07 12:11:59 witherspoon kernel: futex hash table entries: 256 (order: -1, 3072 bytes)
Jul 07 12:11:59 witherspoon kernel: pinctrl core: initialized pinctrl subsystem
Jul 07 12:11:59 witherspoon kernel: NET: Registered protocol family 16
Jul 07 12:11:59 witherspoon kernel: DMA: preallocated 256 KiB pool for atomic coherent allocations
Jul 07 12:11:59 witherspoon kernel: usbcore: registered new interface driver usbfs
Jul 07 12:11:59 witherspoon kernel: usbcore: registered new interface driver hub
Jul 07 12:11:59 witherspoon kernel: usbcore: registered new device driver usb
Jul 07 12:11:59 witherspoon kernel: clocksource: Switched to clocksource moxart_timer
Jul 07 12:11:59 witherspoon kernel: NET: Registered protocol family 2
Jul 07 12:11:59 witherspoon kernel: TCP established hash table entries: 4096 (order: 2, 16384 bytes)
Jul 07 12:11:59 witherspoon kernel: TCP bind hash table entries: 4096 (order: 2, 16384 bytes)
Jul 07 12:11:59 witherspoon kernel: TCP: Hash tables configured (established 4096 bind 4096)
Jul 07 12:11:59 witherspoon kernel: UDP hash table entries: 256 (order: 0, 4096 bytes)
Jul 07 12:11:59 witherspoon kernel: UDP-Lite hash table entries: 256 (order: 0, 4096 bytes)
Jul 07 12:11:59 witherspoon kernel: NET: Registered protocol family 1
Jul 07 12:11:59 witherspoon kernel: Trying to unpack rootfs image as initramfs...
Jul 07 12:11:59 witherspoon kernel: Freeing initrd memory: 1548K
Jul 07 12:11:59 witherspoon kernel: workingset: timestamp_bits=30 max_order=17 bucket_order=0
Jul 07 12:11:59 witherspoon kernel: squashfs: version 4.0 (2009/01/31) Phillip Lougher
Jul 07 12:11:59 witherspoon kernel: jffs2: version 2.2. (SUMMARY)  © 2001-2006 Red Hat, Inc.
Jul 07 12:11:59 witherspoon kernel: Block layer SCSI generic (bsg) driver version 0.4 loaded (major 250)
Jul 07 12:11:59 witherspoon kernel: io scheduler noop registered
Jul 07 12:11:59 witherspoon kernel: io scheduler deadline registered
Jul 07 12:11:59 witherspoon kernel: io scheduler cfq registered (default)
Jul 07 12:11:59 witherspoon kernel: ipmi-bt-host 1e789140.ibt: Found bt bmc device
Jul 07 12:11:59 witherspoon kernel: ipmi-bt-host 1e789140.ibt: Using IRQ 22
Jul 07 12:11:59 witherspoon kernel: Serial: 8250/16550 driver, 6 ports, IRQ sharing enabled
Jul 07 12:11:59 witherspoon kernel: 1e783000.serial: ttyS0 at MMIO 0x1e783000 (irq = 23, base_baud = 1500000) is a 16550A
Jul 07 12:11:59 witherspoon kernel: 1e78d000.serial: ttyS1 at MMIO 0x1e78d000 (irq = 24, base_baud = 1500000) is a 16550A
Jul 07 12:11:59 witherspoon kernel: 1e784000.serial: ttyS4 at MMIO 0x1e784000 (irq = 25, base_baud = 1500000) is a 16550A
Jul 07 12:11:59 witherspoon kernel: console [ttyS4] enabled
Jul 07 12:11:59 witherspoon kernel: 1e787000.vuart: ttyS2 at MMIO 0x1e787000 (irq = 22, base_baud = 1500000) is a 16550A
Jul 07 12:11:59 witherspoon kernel: timeriomem_rng 1e6e2078.hwrng: 32bits from 0xf00e2078 @ 1us
Jul 07 12:11:59 witherspoon kernel: brd: module loaded
Jul 07 12:11:59 witherspoon kernel: loop: module loaded
Jul 07 12:11:59 witherspoon kernel: aspeed-lpc-ctrl 1e789080.lpc-ctrl: Loaded at 0x98000000 (0x04000000)
Jul 07 12:11:59 witherspoon kernel: aspeed-smc 1e620000.flash-controller: Using IRQ 18
Jul 07 12:11:59 witherspoon kernel: aspeed-smc 1e620000.flash-controller: DMA support disabled.
Jul 07 12:11:59 witherspoon kernel: aspeed-smc 1e620000.flash-controller: mx25l25635e (32768 Kbytes)
Jul 07 12:11:59 witherspoon kernel: aspeed-smc 1e620000.flash-controller: CE0 window [ 0x20000000 - 0x22000000 ] 32MB
Jul 07 12:11:59 witherspoon kernel: aspeed-smc 1e620000.flash-controller: CE1 window [ 0x22000000 - 0x2a000000 ] 128MB
Jul 07 12:11:59 witherspoon kernel: 5 ofpart partitions found on MTD device bmc
Jul 07 12:11:59 witherspoon kernel: Creating 5 MTD partitions on "bmc":
Jul 07 12:11:59 witherspoon kernel: 0x000000000000-0x000000060000 : "u-boot"
Jul 07 12:11:59 witherspoon kernel: 0x000000060000-0x000000080000 : "u-boot-env"
Jul 07 12:11:59 witherspoon kernel: 0x000000080000-0x0000004c0000 : "kernel"
Jul 07 12:11:59 witherspoon kernel: 0x0000004c0000-0x000001c00000 : "rofs"
Jul 07 12:11:59 witherspoon kernel: 0x000001c00000-0x000002000000 : "rwfs"
Jul 07 12:11:59 witherspoon kernel: aspeed-smc 1e620000.flash-controller: mx25l25635e (32768 Kbytes)
Jul 07 12:11:59 witherspoon kernel: aspeed-smc 1e620000.flash-controller: CE1 window [ 0x22000000 - 0x24000000 ] 32MB
Jul 07 12:11:59 witherspoon kernel: aspeed-smc 1e620000.flash-controller: CE2 window [ 0x24000000 - 0x2c000000 ] 128MB
Jul 07 12:11:59 witherspoon kernel: aspeed-smc 1e630000.flash-controller: mx66l1g45g (131072 Kbytes)
Jul 07 12:11:59 witherspoon kernel: aspeed-smc 1e630000.flash-controller: CE0 window resized to 120MB (AST2500 HW quirk)
Jul 07 12:11:59 witherspoon kernel: aspeed-smc 1e630000.flash-controller: CE0 window [ 0x30000000 - 0x37800000 ] 120MB
Jul 07 12:11:59 witherspoon kernel: aspeed-smc 1e630000.flash-controller: CE0 window too small for chip 128MB
Jul 07 12:11:59 witherspoon kernel: aspeed-smc 1e630000.flash-controller: CE1 window [ 0x37800000 - 0x38000000 ] 8MB
Jul 07 12:11:59 witherspoon kernel: libphy: Fixed MDIO Bus: probed
Jul 07 12:11:59 witherspoon kernel: ftgmac100 1e660000.ethernet: Read MAC address 70:e2:84:14:23:e1 from chip
Jul 07 12:11:59 witherspoon kernel: ftgmac100 1e660000.ethernet: Using NCSI interface
Jul 07 12:11:59 witherspoon kernel: ftgmac100 1e660000.ethernet eth0: irq 20, mapped at f0060000
Jul 07 12:11:59 witherspoon kernel: ehci_hcd: USB 2.0 'Enhanced' Host Controller (EHCI) Driver
Jul 07 12:11:59 witherspoon kernel: ehci-platform: EHCI generic platform driver
Jul 07 12:11:59 witherspoon kernel:  fsi0: can't read slave 00:00 -5
Jul 07 12:11:59 witherspoon kernel: i2c /dev entries driver
Jul 07 12:11:59 witherspoon kernel: aspeed-i2c-bus 1e78a0c0.i2c-bus: i2c bus 2 registered, irq 26
Jul 07 12:11:59 witherspoon kernel: aspeed-i2c-bus 1e78a100.i2c-bus: i2c bus 3 registered, irq 27
Jul 07 12:11:59 witherspoon kernel: aspeed-i2c-bus 1e78a140.i2c-bus: i2c bus 4 registered, irq 28
Jul 07 12:11:59 witherspoon kernel: aspeed-i2c-bus 1e78a180.i2c-bus: i2c bus 5 registered, irq 29
Jul 07 12:11:59 witherspoon kernel: aspeed-i2c-bus 1e78a380.i2c-bus: i2c bus 9 registered, irq 30
Jul 07 12:11:59 witherspoon kernel: aspeed-i2c-bus 1e78a3c0.i2c-bus: i2c bus 10 registered, irq 31
Jul 07 12:11:59 witherspoon kernel: rtc-rv8803 11-0032: Voltage low, temperature compensation stopped.
Jul 07 12:11:59 witherspoon kernel: rtc-rv8803 11-0032: An alarm maybe have been missed.
Jul 07 12:11:59 witherspoon kernel: rtc-rv8803 11-0032: rtc core: registered rx8900 as rtc0
Jul 07 12:11:59 witherspoon kernel: at24 11-0051: 8192 byte 24c64 EEPROM, writable, 1 bytes/write
Jul 07 12:11:59 witherspoon kernel: aspeed-i2c-bus 1e78a400.i2c-bus: i2c bus 11 registered, irq 32
Jul 07 12:11:59 witherspoon kernel: aspeed-i2c-bus 1e78a440.i2c-bus: i2c bus 12 registered, irq 33
Jul 07 12:11:59 witherspoon kernel: aspeed-i2c-bus 1e78a480.i2c-bus: i2c bus 13 registered, irq 34
Jul 07 12:11:59 witherspoon kernel: Driver for 1-wire Dallas network protocol.
Jul 07 12:11:59 witherspoon kernel: lm75 9-004a: hwmon0: sensor 'tmp275'
Jul 07 12:11:59 witherspoon kernel: random: fast init done
Jul 07 12:11:59 witherspoon kernel: ucd9000 11-0064: Device ID UCD90160|2.3.4.0000|110603
Jul 07 12:11:59 witherspoon kernel: leds-pca955x 11-0060: leds-pca955x: Using pca9552 16-bit LED driver at slave address 0x60
Jul 07 12:11:59 witherspoon kernel: leds-pca955x 11-0060: gpios 264...279
Jul 07 12:11:59 witherspoon kernel: usbcore: registered new interface driver usbhid
Jul 07 12:11:59 witherspoon kernel: usbhid: USB HID core driver
Jul 07 12:11:59 witherspoon kernel: dps310: probe of 3-0076 failed with error -5
Jul 07 12:11:59 witherspoon kernel: NET: Registered protocol family 10
Jul 07 12:11:59 witherspoon kernel: Segment Routing with IPv6
Jul 07 12:11:59 witherspoon kernel: NET: Registered protocol family 17
Jul 07 12:11:59 witherspoon kernel: console [netcon0] enabled
Jul 07 12:11:59 witherspoon kernel: netconsole: network logging started
Jul 07 12:11:59 witherspoon kernel: input: gpio-keys as /devices/platform/gpio-keys/input/input0
Jul 07 12:11:59 witherspoon kernel: rtc-rv8803 11-0032: setting system clock to 2017-07-07 12:11:52 UTC (1499429512)
Jul 07 12:11:59 witherspoon kernel: Freeing unused kernel memory: 280K
Jul 07 12:11:59 witherspoon kernel: This architecture does not have kernel memory protection.
Jul 07 12:11:59 witherspoon kernel: jffs2: notice: (515) jffs2_build_xattr_subsystem: complete building xattr subsystem, 0 of xdatum (0 unchecked, 0 orphan) and 0 of xref (0 dead, 0 orphan) found.
Jul 07 12:11:59 witherspoon systemd[1]: Failed to insert module 'autofs4': No such file or directory
Jul 07 12:11:59 witherspoon systemd[1]: systemd 232 running in system mode. (+PAM -AUDIT -SELINUX -IMA -APPARMOR -SMACK +SYSVINIT -UTMP -LIBCRYPTSETUP -GCRYPT -GNUTLS +ACL +XZ -LZ4 -SECCOMP +BLKID -ELFUTILS +KMOD -IDN)
Jul 07 12:11:59 witherspoon systemd[1]: Detected architecture arm.
Jul 07 12:11:59 witherspoon systemd[1]: Set hostname to <witherspoon>.
Jul 07 12:11:59 witherspoon systemd[1]: Listening on udev Kernel Socket.
Jul 07 12:11:59 witherspoon systemd[1]: Listening on Journal Socket (/dev/log).
Jul 07 12:11:59 witherspoon systemd[1]: Listening on /dev/initctl Compatibility Named Pipe.
Jul 07 12:11:59 witherspoon systemd[1]: Started Forward Password Requests to Wall Directory Watch.
Jul 07 12:11:59 witherspoon systemd[1]: Listening on udev Control Socket.
Jul 07 12:11:59 witherspoon systemd[1]: Listening on Network Service Netlink Socket.
Jul 07 12:11:59 witherspoon systemd[1]: Listening on Syslog Socket.
Jul 07 12:11:59 witherspoon systemd-journald[533]: Journal started
Jul 07 12:11:59 witherspoon systemd-journald[533]: Runtime journal (/run/log/journal/169f9b5a822f4338824a4e146beb5550) is 0B, max 0B, 0B free.
Jul 07 12:12:00 witherspoon systemd-sysctl[535]: Couldn't write '16' to 'kernel/sysrq', ignoring: No such file or directory
Jul 07 12:12:00 witherspoon systemd-sysctl[535]: Couldn't write 'fq_codel' to 'net/core/default_qdisc', ignoring: No such file or directory
Jul 07 12:12:01 witherspoon systemd[1]: Created slice system-obmc\x2dled\x2dgroup\x2dstart.slice.
Jul 07 12:12:02 witherspoon systemd[1]: Mounting Temporary Directory...
Jul 07 12:12:02 witherspoon systemd[1]: Starting udev Coldplug all Devices...
Jul 07 12:12:02 witherspoon systemd[1]: Mounting Debug File System...
Jul 07 12:12:02 witherspoon systemd[1]: Created slice system-org.openbmc.control.Chassis.slice.
Jul 07 12:12:03 witherspoon systemd[1]: Starting Remount Root and Kernel File Systems...
Jul 07 12:12:03 witherspoon systemd[1]: Created slice system-op\x2dreset\x2dchassis\x2don.slice.
Jul 07 12:12:03 witherspoon systemd[1]: Mounted Debug File System.
Jul 07 12:12:04 witherspoon systemd[1]: Mounted Temporary Directory.
Jul 07 12:12:04 witherspoon systemd[1]: Started Journal Service.
Jul 07 12:12:04 witherspoon systemd[1]: Started Apply Kernel Variables.
Jul 07 12:12:04 witherspoon systemd[1]: Started Remount Root and Kernel File Systems.
Jul 07 12:12:04 witherspoon systemd[1]: Starting Create System Users...
Jul 07 12:12:04 witherspoon systemd[1]: Starting Flush Journal to Persistent Storage...
Jul 07 12:12:05 witherspoon systemd[1]: Started udev Coldplug all Devices.
Jul 07 12:12:05 witherspoon systemd-journald[533]: Runtime journal (/run/log/journal/169f9b5a822f4338824a4e146beb5550) is 0B, max 0B, 0B free.
Jul 07 12:12:05 witherspoon systemd[1]: Started Flush Journal to Persistent Storage.
Jul 07 12:12:06 witherspoon systemd[1]: Started Create System Users.
Jul 07 12:12:06 witherspoon systemd[1]: Starting Create Static Device Nodes in /dev...
Jul 07 12:12:06 witherspoon systemd[1]: Started Create Static Device Nodes in /dev.
Jul 07 12:12:06 witherspoon systemd[1]: Reached target Local File Systems (Pre).
Jul 07 12:12:06 witherspoon systemd[1]: Mounting /var/volatile...
Jul 07 12:12:06 witherspoon systemd[1]: Starting udev Kernel Device Manager...
Jul 07 12:12:06 witherspoon systemd[1]: Mounted /var/volatile.
Jul 07 12:12:06 witherspoon systemd[1]: Starting Load/Save Random Seed...
Jul 07 12:12:06 witherspoon systemd[1]: Reached target Local File Systems.
Jul 07 12:12:06 witherspoon systemd[1]: Starting Create Volatile Files and Directories...
Jul 07 12:12:06 witherspoon systemd[1]: Starting Rebuild Journal Catalog...
Jul 07 12:12:07 witherspoon systemd[1]: Started Load/Save Random Seed.
Jul 07 12:12:07 witherspoon systemd[1]: Started Rebuild Journal Catalog.
Jul 07 12:12:07 witherspoon systemd[1]: Starting Update is Completed...
Jul 07 12:12:07 witherspoon systemd-tmpfiles[877]: "/var/tmp" already exists and is not a directory.
Jul 07 12:12:07 witherspoon systemd-tmpfiles[877]: "/var/log" already exists and is not a directory.
Jul 07 12:12:07 witherspoon systemd[1]: Started Create Volatile Files and Directories.
Jul 07 12:12:07 witherspoon systemd[1]: Starting Network Time Synchronization...
Jul 07 12:12:07 witherspoon systemd[1]: Starting Run pending postinsts...
Jul 07 12:12:07 witherspoon systemd[1]: Started Update is Completed.
Jul 07 12:12:07 witherspoon systemd[1]: Started udev Kernel Device Manager.
Jul 07 12:12:08 witherspoon systemd[1]: Started Network Time Synchronization.
Jul 07 12:12:08 witherspoon systemd[1]: Reached target System Time Synchronized.
Jul 07 12:12:08 witherspoon systemd[1]: Found device /dev/aspeed-lpc-ctrl.
Jul 07 12:12:08 witherspoon systemd[1]: Found device /dev/aspeed-mbox.
Jul 07 12:12:09 witherspoon systemd[1]: dev-hugepages.mount: Couldn't determine result for ConditionVirtualization=!private-users, assuming failed: No such file or directory
Jul 07 12:12:09 witherspoon systemd[1]: Created slice system-xyz.openbmc_project.Hwmon.slice.
Jul 07 12:12:09 witherspoon systemd[1]: Found device /dev/ttyS4.
Jul 07 12:12:09 witherspoon systemd[1]: Found device /dev/ttyVUART0.
Jul 07 12:12:09 witherspoon systemd[1]: dev-hugepages.mount: Couldn't determine result for ConditionVirtualization=!private-users, assuming failed: No such file or directory
Jul 07 12:12:10 witherspoon run-postinsts[884]: Running postinst /etc/rpm-postinsts/libglib-2.0-0...
Jul 07 12:12:11 witherspoon systemd[1]: Created slice system-xyz.openbmc_project.led.controller.slice.
Jul 07 12:12:11 witherspoon systemd[1]: dev-hugepages.mount: Couldn't determine result for ConditionVirtualization=!private-users, assuming failed: No such file or directory
Jul 07 12:12:11 witherspoon run-postinsts[884]: rm: can't remove '/etc/rpm-postinsts': Invalid argument
Jul 07 12:12:11 witherspoon run-postinsts[884]:  Removing any system startup links for run-postinsts ...
Jul 07 12:12:12 witherspoon systemctl[914]: Removed /etc/systemd/system/sysinit.target.wants/run-postinsts.service.
Jul 07 12:12:12 witherspoon systemd[1]: Reloading.
Jul 07 12:12:14 witherspoon systemd[1]: Started Run pending postinsts.
Jul 07 12:12:14 witherspoon systemd[1]: Reached target System Initialization.
Jul 07 12:12:14 witherspoon systemd[1]: Started Daily Cleanup of Temporary Directories.
Jul 07 12:12:15 witherspoon systemd[1]: Reached target Timers.
Jul 07 12:12:15 witherspoon systemd[1]: Listening on Avahi mDNS/DNS-SD Stack Activation Socket.
Jul 07 12:12:15 witherspoon systemd[1]: Listening on Phosphor Host Console SSH Per-Connection socket.
Jul 07 12:12:15 witherspoon systemd[1]: Listening on dropbear.socket.
Jul 07 12:12:15 witherspoon systemd[1]: Listening on Phosphor DBUS Browser socket.
Jul 07 12:12:15 witherspoon systemd[1]: Listening on Phosphor Webserver socket.
Jul 07 12:12:15 witherspoon systemd[1]: Listening on phosphor-ipmi-net.socket.
Jul 07 12:12:15 witherspoon systemd[1]: Listening on D-Bus System Message Bus Socket.
Jul 07 12:12:15 witherspoon systemd[1]: Reached target Sockets.
Jul 07 12:12:15 witherspoon systemd[1]: Reached target Basic System.
Jul 07 12:12:15 witherspoon systemd[1]: Starting Phosphor Download Manager...
Jul 07 12:12:15 witherspoon systemd[1]: Starting Phosphor Sensor Manager...
Jul 07 12:12:15 witherspoon systemd[1]: Starting OpenPower Software Update Manager...
Jul 07 12:12:15 witherspoon systemd[1]: Started Kernel Logging Service.
Jul 07 12:12:15 witherspoon systemd[1]: Started Phosphor sysfs LED controller.
Jul 07 12:12:15 witherspoon kernel[929]: klogd started: BusyBox v1.24.1 (2017-06-16 19:29:08 UTC)
Jul 07 12:12:15 witherspoon kernel[929]: [    0.000000] Booting Linux on physical CPU 0x0
Jul 07 12:12:15 witherspoon kernel[929]: [    0.000000] Linux version 4.10.17-fe613f76559522a7fb28841f91871ccc0dee1a0b (jenkins@openbmc-builder1) (gcc version 6.2.0 (GCC) ) #1 Fri Jul 7 11:57:52 UTC 2017
Jul 07 12:12:16 witherspoon systemd[1]: Started Phosphor Hwmon Poller.
Jul 07 12:12:15 witherspoon kernel[929]: [    0.000000] CPU: ARMv6-compatible processor [410fb767] revision 7 (ARMv7), cr=00c5387d
Jul 07 12:12:15 witherspoon kernel[929]: [    0.000000] CPU: PIPT / VIPT nonaliasing data cache, VIPT nonaliasing instruction cache
Jul 07 12:12:15 witherspoon kernel[929]: [    0.000000] OF: fdt:Machine model: Witherspoon BMC
Jul 07 12:12:15 witherspoon kernel[929]: [    0.000000] Memory policy: Data cache writeback
Jul 07 12:12:15 witherspoon kernel[929]: [    0.000000] SOC Rev: 04030303
Jul 07 12:12:15 witherspoon kernel[929]: [    0.000000] On node 0 totalpages: 110592
Jul 07 12:12:15 witherspoon kernel[929]: [    0.000000] free_area_init_node: node 0, pgdat 805f33fc, node_mem_map 9ec1a000
Jul 07 12:12:15 witherspoon kernel[929]: [    0.000000]   Normal zone: 992 pages used for memmap
Jul 07 12:12:15 witherspoon kernel[929]: [    0.000000]   Normal zone: 0 pages reserved
Jul 07 12:12:15 witherspoon kernel[929]: [    0.000000]   Normal zone: 110592 pages, LIFO batch:31
Jul 07 12:12:15 witherspoon kernel[929]: [    0.000000] pcpu-alloc: s0 r0 d32768 u32768 alloc=1*32768
Jul 07 12:12:15 witherspoon kernel[929]: [    0.000000] pcpu-alloc: [0] 0
Jul 07 12:12:15 witherspoon kernel[929]: [    0.000000] Built 1 zonelists in Zone order, mobility grouping on.  Total pages: 109600
Jul 07 12:12:15 witherspoon kernel[929]: [    0.000000] Kernel command line: console=ttyS4,115200n8 root=/dev/ram rw
Jul 07 12:12:15 witherspoon kernel[929]: [    0.000000] PID hash table entries: 2048 (order: 1, 8192 bytes)
Jul 07 12:12:15 witherspoon kernel[929]: [    0.000000] Dentry cache hash table entries: 65536 (order: 6, 262144 bytes)
Jul 07 12:12:15 witherspoon kernel[929]: [    0.000000] Inode-cache hash table entries: 32768 (order: 5, 131072 bytes)
Jul 07 12:12:15 witherspoon kernel[929]: [    0.000000] Memory: 430508K/442368K available (4048K kernel code, 280K rwdata, 1168K rodata, 280K init, 111K bss, 11860K reserved, 0K cma-reserved)
Jul 07 12:12:15 witherspoon kernel[929]: [    0.000000] Virtual kernel memory layout:
Jul 07 12:12:15 witherspoon kernel[929]: [    0.000000]     vector  : 0xffff0000 - 0xffff1000   (   4 kB)
Jul 07 12:12:15 witherspoon kernel[929]: [    0.000000]     fixmap  : 0xffc00000 - 0xfff00000   (3072 kB)
Jul 07 12:12:15 witherspoon kernel[929]: [    0.000000]     vmalloc : 0x9f800000 - 0xff800000   (1536 MB)
Jul 07 12:12:15 witherspoon kernel[929]: [    0.000000]     lowmem  : 0x80000000 - 0x9f000000   ( 496 MB)
Jul 07 12:12:15 witherspoon kernel[929]: [    0.000000]       .text : 0x80008000 - 0x803fc590   (4050 kB)
Jul 07 12:12:15 witherspoon kernel[929]: [    0.000000]       .init : 0x8057a000 - 0x805c0000   ( 280 kB)
Jul 07 12:12:15 witherspoon kernel[929]: [    0.000000]       .data : 0x805c0000 - 0x806061a8   ( 281 kB)
Jul 07 12:12:16 witherspoon systemd[1]: Started Phosphor Hwmon Poller.
Jul 07 12:12:15 witherspoon kernel[929]: [    0.000000]        .bss : 0x806061a8 - 0x80622078   ( 112 kB)
Jul 07 12:12:16 witherspoon systemd[1]: Started Phosphor Hwmon Poller.
Jul 07 12:12:15 witherspoon kernel[929]: [    0.000000] NR_IRQS:16 nr_irqs:16 16
Jul 07 12:12:16 witherspoon systemd[1]: Started Phosphor Dump core monitor..
Jul 07 12:12:15 witherspoon kernel[929]: [    0.000000] i2c controller registered, irq 16
Jul 07 12:12:16 witherspoon systemd[1]: Starting Phosphor Inventory Manager...
Jul 07 12:12:15 witherspoon kernel[929]: [    0.000000] clocksource: moxart_timer: mask: 0xffffffff max_cycles: 0xffffffff, max_idle_ns: 77222644334 ns
Jul 07 12:12:15 witherspoon kernel[929]: [    0.000000] sched_clock: 32 bits at 100 Hz, resolution 10000000ns, wraps every 21474836475000000ns
Jul 07 12:12:15 witherspoon kernel[929]: [    0.090000] Calibrating delay loop... 789.70 BogoMIPS (lpj=3948544)
Jul 07 12:12:15 witherspoon kernel[929]: [    0.090000] pid_max: default: 32768 minimum: 301
Jul 07 12:12:15 witherspoon kernel[929]: [    0.090000] Mount-cache hash table entries: 1024 (order: 0, 4096 bytes)
Jul 07 12:12:15 witherspoon kernel[929]: [    0.090000] Mountpoint-cache hash table entries: 1024 (order: 0, 4096 bytes)
Jul 07 12:12:15 witherspoon kernel[929]: [    0.090000] CPU: Testing write buffer coherency: ok
Jul 07 12:12:15 witherspoon kernel[929]: [    0.090000] ftrace: allocating 14867 entries in 44 pages
Jul 07 12:12:15 witherspoon kernel[929]: [    0.120000] Setting up static identity map for 0x80008200 - 0x8000825c
Jul 07 12:12:15 witherspoon kernel[929]: [    0.120000] devtmpfs: initialized
Jul 07 12:12:15 witherspoon kernel[929]: [    0.140000] clocksource: jiffies: mask: 0xffffffff max_cycles: 0xffffffff, max_idle_ns: 19112604462750000 ns
Jul 07 12:12:15 witherspoon kernel[929]: [    0.140000] futex hash table entries: 256 (order: -1, 3072 bytes)
Jul 07 12:12:15 witherspoon kernel[929]: [    0.140000] pinctrl core: initialized pinctrl subsystem
Jul 07 12:12:15 witherspoon kernel[929]: [    0.140000] NET: Registered protocol family 16
Jul 07 12:12:15 witherspoon kernel[929]: [    0.140000] DMA: preallocated 256 KiB pool for atomic coherent allocations
Jul 07 12:12:15 witherspoon kernel[929]: [    0.210000] usbcore: registered new interface driver usbfs
Jul 07 12:12:15 witherspoon kernel[929]: [    0.210000] usbcore: registered new interface driver hub
Jul 07 12:12:15 witherspoon kernel[929]: [    0.210000] usbcore: registered new device driver usb
Jul 07 12:12:15 witherspoon kernel[929]: [    0.220000] clocksource: Switched to clocksource moxart_timer
Jul 07 12:12:15 witherspoon kernel[929]: [    0.240000] NET: Registered protocol family 2
Jul 07 12:12:15 witherspoon kernel[929]: [    0.240000] TCP established hash table entries: 4096 (order: 2, 16384 bytes)
Jul 07 12:12:15 witherspoon kernel[929]: [    0.240000] TCP bind hash table entries: 4096 (order: 2, 16384 bytes)
Jul 07 12:12:15 witherspoon kernel[929]: [    0.240000] TCP: Hash tables configured (established 4096 bind 4096)
Jul 07 12:12:15 witherspoon kernel[929]: [    0.240000] UDP hash table entries: 256 (order: 0, 4096 bytes)
Jul 07 12:12:15 witherspoon kernel[929]: [    0.240000] UDP-Lite hash table entries: 256 (order: 0, 4096 bytes)
Jul 07 12:12:15 witherspoon kernel[929]: [    0.240000] NET: Registered protocol family 1
Jul 07 12:12:15 witherspoon kernel[929]: [    0.240000] Trying to unpack rootfs image as initramfs...
Jul 07 12:12:15 witherspoon kernel[929]: [    1.910000] Freeing initrd memory: 1548K
Jul 07 12:12:15 witherspoon kernel[929]: [    1.910000] workingset: timestamp_bits=30 max_order=17 bucket_order=0
Jul 07 12:12:15 witherspoon kernel[929]: [    1.910000] squashfs: version 4.0 (2009/01/31) Phillip Lougher
Jul 07 12:12:15 witherspoon kernel[929]: [    1.910000] jffs2: version 2.2. (SUMMARY)  © 2001-2006 Red Hat, Inc.
Jul 07 12:12:15 witherspoon kernel[929]: [    1.910000] Block layer SCSI generic (bsg) driver version 0.4 loaded (major 250)
Jul 07 12:12:15 witherspoon kernel[929]: [    1.910000] io scheduler noop registered
Jul 07 12:12:15 witherspoon kernel[929]: [    1.910000] io scheduler deadline registered
Jul 07 12:12:15 witherspoon kernel[929]: [    1.910000] io scheduler cfq registered (default)
Jul 07 12:12:15 witherspoon kernel[929]: [    2.060000] ipmi-bt-host 1e789140.ibt: Found bt bmc device
Jul 07 12:12:15 witherspoon kernel[929]: [    2.060000] ipmi-bt-host 1e789140.ibt: Using IRQ 22
Jul 07 12:12:15 witherspoon kernel[929]: [    2.060000] Serial: 8250/16550 driver, 6 ports, IRQ sharing enabled
Jul 07 12:12:15 witherspoon kernel[929]: [    2.060000] 1e783000.serial: ttyS0 at MMIO 0x1e783000 (irq = 23, base_baud = 1500000) is a 16550A
Jul 07 12:12:15 witherspoon kernel[929]: [    2.060000] 1e78d000.serial: ttyS1 at MMIO 0x1e78d000 (irq = 24, base_baud = 1500000) is a 16550A
Jul 07 12:12:15 witherspoon kernel[929]: [    2.060000] 1e784000.serial: ttyS4 at MMIO 0x1e784000 (irq = 25, base_baud = 1500000) is a 16550A
Jul 07 12:12:15 witherspoon kernel[929]: [    2.410000] console [ttyS4] enabled
Jul 07 12:12:15 witherspoon kernel[929]: [    2.410000] 1e787000.vuart: ttyS2 at MMIO 0x1e787000 (irq = 22, base_baud = 1500000) is a 16550A
Jul 07 12:12:15 witherspoon kernel[929]: [    2.610000] timeriomem_rng 1e6e2078.hwrng: 32bits from 0xf00e2078 @ 1us
Jul 07 12:12:15 witherspoon kernel[929]: [    2.630000] brd: module loaded
Jul 07 12:12:15 witherspoon kernel[929]: [    2.650000] loop: module loaded
Jul 07 12:12:15 witherspoon kernel[929]: [    2.680000] aspeed-lpc-ctrl 1e789080.lpc-ctrl: Loaded at 0x98000000 (0x04000000)
Jul 07 12:12:15 witherspoon kernel[929]: [    2.680000] aspeed-smc 1e620000.flash-controller: Using IRQ 18
Jul 07 12:12:15 witherspoon kernel[929]: [    2.680000] aspeed-smc 1e620000.flash-controller: DMA support disabled.
Jul 07 12:12:15 witherspoon kernel[929]: [    2.680000] aspeed-smc 1e620000.flash-controller: mx25l25635e (32768 Kbytes)
Jul 07 12:12:15 witherspoon kernel[929]: [    2.710000] aspeed-smc 1e620000.flash-controller: CE0 window [ 0x20000000 - 0x22000000 ] 32MB
Jul 07 12:12:15 witherspoon kernel[929]: [    2.710000] aspeed-smc 1e620000.flash-controller: CE1 window [ 0x22000000 - 0x2a000000 ] 128MB
Jul 07 12:12:15 witherspoon kernel[929]: [    2.710000] 5 ofpart partitions found on MTD device bmc
Jul 07 12:12:15 witherspoon kernel[929]: [    2.710000] Creating 5 MTD partitions on "bmc":
Jul 07 12:12:15 witherspoon kernel[929]: [    2.710000] 0x000000000000-0x000000060000 : "u-boot"
Jul 07 12:12:15 witherspoon kernel[929]: [    2.750000] 0x000000060000-0x000000080000 : "u-boot-env"
Jul 07 12:12:15 witherspoon kernel[929]: [    2.750000] 0x000000080000-0x0000004c0000 : "kernel"
Jul 07 12:12:15 witherspoon kernel[929]: [    2.750000] 0x0000004c0000-0x000001c00000 : "rofs"
Jul 07 12:12:15 witherspoon kernel[929]: [    2.750000] 0x000001c00000-0x000002000000 : "rwfs"
Jul 07 12:12:15 witherspoon kernel[929]: [    2.750000] aspeed-smc 1e620000.flash-controller: mx25l25635e (32768 Kbytes)
Jul 07 12:12:15 witherspoon kernel[929]: [    2.790000] aspeed-smc 1e620000.flash-controller: CE1 window [ 0x22000000 - 0x24000000 ] 32MB
Jul 07 12:12:15 witherspoon kernel[929]: [    2.790000] aspeed-smc 1e620000.flash-controller: CE2 window [ 0x24000000 - 0x2c000000 ] 128MB
Jul 07 12:12:15 witherspoon kernel[929]: [    2.790000] aspeed-smc 1e630000.flash-controller: mx66l1g45g (131072 Kbytes)
Jul 07 12:12:15 witherspoon kernel[929]: [    2.790000] aspeed-smc 1e630000.flash-controller: CE0 window resized to 120MB (AST2500 HW quirk)
Jul 07 12:12:15 witherspoon kernel[929]: [    2.790000] aspeed-smc 1e630000.flash-controller: CE0 window [ 0x30000000 - 0x37800000 ] 120MB
Jul 07 12:12:15 witherspoon kernel[929]: [    2.840000] aspeed-smc 1e630000.flash-controller: CE0 window too small for chip 128MB
Jul 07 12:12:15 witherspoon kernel[929]: [    2.840000] aspeed-smc 1e630000.flash-controller: CE1 window [ 0x37800000 - 0x38000000 ] 8MB
Jul 07 12:12:15 witherspoon kernel[929]: [    3.590000] libphy: Fixed MDIO Bus: probed
Jul 07 12:12:15 witherspoon kernel[929]: [    3.590000] ftgmac100 1e660000.ethernet: Read MAC address 70:e2:84:14:23:e1 from chip
Jul 07 12:12:15 witherspoon kernel[929]: [    3.590000] ftgmac100 1e660000.ethernet: Using NCSI interface
Jul 07 12:12:15 witherspoon kernel[929]: [    3.590000] ftgmac100 1e660000.ethernet eth0: irq 20, mapped at f0060000
Jul 07 12:12:15 witherspoon kernel[929]: [    3.590000] ehci_hcd: USB 2.0 'Enhanced' Host Controller (EHCI) Driver
Jul 07 12:12:15 witherspoon kernel[929]: [    3.590000] ehci-platform: EHCI generic platform driver
Jul 07 12:12:15 witherspoon kernel[929]: [    3.820000]  fsi0: can't read slave 00:00 -5
Jul 07 12:12:15 witherspoon kernel[929]: [    3.820000] i2c /dev entries driver
Jul 07 12:12:15 witherspoon kernel[929]: [    3.820000] aspeed-i2c-bus 1e78a0c0.i2c-bus: i2c bus 2 registered, irq 26
Jul 07 12:12:15 witherspoon kernel[929]: [    3.820000] aspeed-i2c-bus 1e78a100.i2c-bus: i2c bus 3 registered, irq 27
Jul 07 12:12:15 witherspoon kernel[929]: [    3.820000] aspeed-i2c-bus 1e78a140.i2c-bus: i2c bus 4 registered, irq 28
Jul 07 12:12:15 witherspoon kernel[929]: [    3.820000] aspeed-i2c-bus 1e78a180.i2c-bus: i2c bus 5 registered, irq 29
Jul 07 12:12:15 witherspoon kernel[929]: [    3.820000] aspeed-i2c-bus 1e78a380.i2c-bus: i2c bus 9 registered, irq 30
Jul 07 12:12:15 witherspoon kernel[929]: [    3.820000] aspeed-i2c-bus 1e78a3c0.i2c-bus: i2c bus 10 registered, irq 31
Jul 07 12:12:15 witherspoon kernel[929]: [    3.820000] rtc-rv8803 11-0032: Voltage low, temperature compensation stopped.
Jul 07 12:12:15 witherspoon kernel[929]: [    3.820000] rtc-rv8803 11-0032: An alarm maybe have been missed.
Jul 07 12:12:15 witherspoon kernel[929]: [    3.930000] rtc-rv8803 11-0032: rtc core: registered rx8900 as rtc0
Jul 07 12:12:15 witherspoon kernel[929]: [    3.940000] at24 11-0051: 8192 byte 24c64 EEPROM, writable, 1 bytes/write
Jul 07 12:12:15 witherspoon kernel[929]: [    3.950000] aspeed-i2c-bus 1e78a400.i2c-bus: i2c bus 11 registered, irq 32
Jul 07 12:12:15 witherspoon kernel[929]: [    3.950000] aspeed-i2c-bus 1e78a440.i2c-bus: i2c bus 12 registered, irq 33
Jul 07 12:12:15 witherspoon kernel[929]: [    3.960000] aspeed-i2c-bus 1e78a480.i2c-bus: i2c bus 13 registered, irq 34
Jul 07 12:12:15 witherspoon kernel[929]: [    3.960000] Driver for 1-wire Dallas network protocol.
Jul 07 12:12:15 witherspoon kernel[929]: [    3.980000] lm75 9-004a: hwmon0: sensor 'tmp275'
Jul 07 12:12:15 witherspoon kernel[929]: [    4.010000] random: fast init done
Jul 07 12:12:15 witherspoon kernel[929]: [    4.400000] ucd9000 11-0064: Device ID UCD90160|2.3.4.0000|110603
Jul 07 12:12:15 witherspoon kernel[929]: [    4.730000] leds-pca955x 11-0060: leds-pca955x: Using pca9552 16-bit LED driver at slave address 0x60
Jul 07 12:12:15 witherspoon kernel[929]: [    4.740000] leds-pca955x 11-0060: gpios 264...279
Jul 07 12:12:15 witherspoon kernel[929]: [    4.750000] usbcore: registered new interface driver usbhid
Jul 07 12:12:15 witherspoon kernel[929]: [    4.750000] usbhid: USB HID core driver
Jul 07 12:12:15 witherspoon kernel[929]: [    4.800000] dps310: probe of 3-0076 failed with error -5
Jul 07 12:12:15 witherspoon kernel[929]: [    4.800000] NET: Registered protocol family 10
Jul 07 12:12:15 witherspoon kernel[929]: [    4.810000] Segment Routing with IPv6
Jul 07 12:12:15 witherspoon kernel[929]: [    4.810000] NET: Registered protocol family 17
Jul 07 12:12:15 witherspoon kernel[929]: [    4.810000] console [netcon0] enabled
Jul 07 12:12:15 witherspoon kernel[929]: [    4.810000] netconsole: network logging started
Jul 07 12:12:15 witherspoon kernel[929]: [    4.830000] input: gpio-keys as /devices/platform/gpio-keys/input/input0
Jul 07 12:12:15 witherspoon kernel[929]: [    4.840000] rtc-rv8803 11-0032: setting system clock to 2017-07-07 12:11:52 UTC (1499429512)
Jul 07 12:12:15 witherspoon kernel[929]: [    4.850000] Freeing unused kernel memory: 280K
Jul 07 12:12:15 witherspoon kernel[929]: [    4.850000] This architecture does not have kernel memory protection.
Jul 07 12:12:15 witherspoon kernel[929]: [    6.450000] jffs2: notice: (515) jffs2_build_xattr_subsystem: complete building xattr subsystem, 0 of xdatum (0 unchecked, 0 orphan) and 0 of xref (0 dead, 0 orphan) found.
Jul 07 12:12:15 witherspoon kernel[929]: [    8.690000] systemd[1]: Failed to insert module 'autofs4': No such file or directory
Jul 07 12:12:15 witherspoon kernel[929]: [    8.690000] systemd[1]: systemd 232 running in system mode. (+PAM -AUDIT -SELINUX -IMA -APPARMOR -SMACK +SYSVINIT -UTMP -LIBCRYPTSETUP -GCRYPT -GNUTLS +ACL +XZ -LZ4 -SECCOMP +BLKID -ELFUTILS +KMOD -IDN)
Jul 07 12:12:15 witherspoon kernel[929]: [    8.690000] systemd[1]: Detected architecture arm.
Jul 07 12:12:15 witherspoon kernel[929]: [    8.920000] systemd[1]: Set hostname to <witherspoon>.
Jul 07 12:12:15 witherspoon kernel[929]: [   10.360000] systemd[1]: Listening on udev Kernel Socket.
Jul 07 12:12:15 witherspoon kernel[929]: [   10.490000] systemd[1]: Listening on Journal Socket (/dev/log).
Jul 07 12:12:15 witherspoon kernel[929]: [   10.530000] systemd[1]: Listening on /dev/initctl Compatibility Named Pipe.
Jul 07 12:12:15 witherspoon kernel[929]: [   10.570000] systemd[1]: Started Forward Password Requests to Wall Directory Watch.
Jul 07 12:12:15 witherspoon kernel[929]: [   10.600000] systemd[1]: Listening on udev Control Socket.
Jul 07 12:12:15 witherspoon kernel[929]: [   10.630000] systemd[1]: Listening on Network Service Netlink Socket.
Jul 07 12:12:15 witherspoon kernel[929]: [   10.670000] systemd[1]: Listening on Syslog Socket.
Jul 07 12:12:15 witherspoon kernel[929]: [   13.820000] systemd[1]: Created slice system-obmc\x2dled\x2dgroup\x2dstart.slice.
Jul 07 12:12:15 witherspoon kernel[929]: [   14.080000] systemd[1]: Mounting Temporary Directory...
Jul 07 12:12:15 witherspoon kernel[929]: [   14.350000] systemd[1]: Starting udev Coldplug all Devices...
Jul 07 12:12:15 witherspoon kernel[929]: [   14.630000] systemd[1]: Mounting Debug File System...
Jul 07 12:12:15 witherspoon kernel[929]: [   14.920000] systemd[1]: Created slice system-org.openbmc.control.Chassis.slice.
Jul 07 12:12:15 witherspoon kernel[929]: [   15.220000] systemd[1]: Starting Remount Root and Kernel File Systems...
Jul 07 12:12:15 witherspoon kernel[929]: [   15.530000] systemd[1]: Created slice system-op\x2dreset\x2dchassis\x2don.slice.
Jul 07 12:12:15 witherspoon kernel[929]: [   15.850000] systemd[1]: Mounted Debug File System.
Jul 07 12:12:15 witherspoon kernel[929]: [   16.180000] systemd[1]: Mounted Temporary Directory.
Jul 07 12:12:15 witherspoon kernel[929]: [   16.520000] systemd[1]: Started Journal Service.
Jul 07 12:12:15 witherspoon kernel[929]: [   17.980000] systemd-journald[533]: Received request to flush runtime journal from PID 1
Jul 07 12:12:17 witherspoon systemd[1]: Started Phosphor Hwmon Poller.
Jul 07 12:12:17 witherspoon systemd[1]: Starting Phosphor Download Manager...
Jul 07 12:12:17 witherspoon systemd[1]: Started Phosphor Hwmon Poller.
Jul 07 12:12:17 witherspoon systemd[1]: Started Phosphor Hwmon Poller.
Jul 07 12:12:17 witherspoon systemd[1]: Started System Logging Service.
Jul 07 12:12:17 witherspoon systemd[1]: Started Phosphor Hwmon Poller.
Jul 07 12:12:17 witherspoon systemd[1]: Reached target Containers.
Jul 07 12:12:17 witherspoon systemd[1]: Starting Avahi mDNS/DNS-SD Stack...
Jul 07 12:12:17 witherspoon systemd[1]: Started Hardware RNG Entropy Gatherer Daemon.
Jul 07 12:12:17 witherspoon systemd[1]: Started Phosphor Console Muxer listening on device /dev/ttyVUART0.
Jul 07 12:12:17 witherspoon systemd[1]: Starting Clear one time boot overrides...
Jul 07 12:12:17 witherspoon systemd[1]: Started Phosphor sysfs LED controller.
Jul 07 12:12:17 witherspoon systemd[1]: Started Phosphor MBOX Daemon.
Jul 07 12:12:17 witherspoon systemd[1]: Started Phosphor Hwmon Poller.
Jul 07 12:12:17 witherspoon systemd[1]: Started Phosphor sysfs LED controller.
Jul 07 12:12:18 witherspoon systemd[1]: Starting Phosphor Network Manager...
Jul 07 12:12:18 witherspoon systemd[1]: Starting OpenBMC Software Update Manager...
Jul 07 12:12:18 witherspoon systemd[1]: Starting Phosphor User Manager...
Jul 07 12:12:18 witherspoon systemd[1]: Starting Phosphor IPMI BT DBus Bridge...
Jul 07 12:12:18 witherspoon systemd[1]: Starting Phosphor LED Group Management Daemon...
Jul 07 12:12:19 witherspoon kernel: random: crng init done
Jul 07 12:12:19 witherspoon kernel[929]: [   31.350000] random: crng init done
Jul 07 12:12:19 witherspoon systemd[1]: Starting Phosphor Dump Manager...
Jul 07 12:12:19 witherspoon systemd[1]: Starting Phosphor Inventory Manager...
Jul 07 12:12:19 witherspoon systemd[1]: Starting Phosphor BMC0 Control...
Jul 07 12:12:19 witherspoon systemd[1]: Starting Phosphor DBus Service Discovery Manager...
Jul 07 12:12:20 witherspoon systemd[1]: Started D-Bus System Message Bus.
Jul 07 12:12:24 witherspoon avahi-daemon[942]: Found user 'avahi' (UID 998) and group 'avahi' (GID 997).
Jul 07 12:12:24 witherspoon avahi-daemon[942]: Successfully dropped root privileges.
Jul 07 12:12:24 witherspoon avahi-daemon[942]: avahi-daemon 0.6.32 starting up.
Jul 07 12:12:25 witherspoon avahi-daemon[942]: Successfully called chroot().
Jul 07 12:12:25 witherspoon avahi-daemon[942]: Successfully dropped remaining capabilities.
Jul 07 12:12:25 witherspoon avahi-daemon[942]: Loading service file /services/obmc_console.service.
Jul 07 12:12:25 witherspoon avahi-daemon[942]: Loading service file /services/phosphor_rest.service.
Jul 07 12:12:25 witherspoon avahi-daemon[942]: Loading service file /services/sftp-ssh.service.
Jul 07 12:12:25 witherspoon avahi-daemon[942]: Loading service file /services/sftp.service.
Jul 07 12:12:25 witherspoon avahi-daemon[942]: Loading service file /services/ssh.service.
Jul 07 12:12:25 witherspoon avahi-daemon[942]: Network interface enumeration completed.
Jul 07 12:12:25 witherspoon avahi-daemon[942]: Server startup complete. Host name is witherspoon.local. Local service cookie is 1907465212.
Jul 07 12:12:25 witherspoon avahi-daemon[942]: Service "witherspoon" (/services/ssh.service) successfully established.
Jul 07 12:12:25 witherspoon avahi-daemon[942]: Service "sftp" (/services/sftp.service) successfully established.
Jul 07 12:12:25 witherspoon avahi-daemon[942]: Service "witherspoon" (/services/sftp-ssh.service) successfully established.
Jul 07 12:12:25 witherspoon avahi-daemon[942]: Service "phosphor_rest" (/services/phosphor_rest.service) successfully established.
Jul 07 12:12:25 witherspoon avahi-daemon[942]: Service "obmc_console" (/services/obmc_console.service) successfully established.
Jul 07 12:12:25 witherspoon systemd[1]: Started Phosphor IPMI BT DBus Bridge.
Jul 07 12:12:25 witherspoon systemd[1]: Started Phosphor LED Group Management Daemon.
Jul 07 12:12:25 witherspoon systemd[1]: Started OpenPower Software Update Manager.
Jul 07 12:12:26 witherspoon systemd[1]: Started Avahi mDNS/DNS-SD Stack.
Jul 07 12:12:26 witherspoon systemd[1]: Started Phosphor Download Manager.
Jul 07 12:12:26 witherspoon systemd[1]: Started OpenBMC Software Update Manager.
Jul 07 12:12:26 witherspoon systemd[1]: Starting Phosphor Version Software Manager...
Jul 07 12:12:27 witherspoon systemd[1]: Starting Network Service...
Jul 07 12:12:27 witherspoon systemd[1]: Starting Phosphor Log Manager...
Jul 07 12:12:27 witherspoon systemd[1]: Starting Phosphor Chassis0 Control...
Jul 07 12:12:27 witherspoon systemd[1]: Started Clear one time boot overrides.
Jul 07 12:12:27 witherspoon systemd[1]: Started Phosphor BMC0 Control.
Jul 07 12:12:27 witherspoon systemd[1]: Started Phosphor Inventory Manager.
Jul 07 12:12:28 witherspoon systemd[1]: Started Phosphor Log Manager.
Jul 07 12:12:28 witherspoon systemd[1]: Started Phosphor Dump Manager.
Jul 07 12:12:28 witherspoon systemd-networkd[968]: Enumeration completed
Jul 07 12:12:28 witherspoon systemd[1]: Started Network Service.
Jul 07 12:12:28 witherspoon systemd[1]: Reached target Network.
Jul 07 12:12:28 witherspoon systemd[1]: Started Lightweight SLP Server.
Jul 07 12:12:28 witherspoon systemd[1]: Starting Permit User Sessions...
Jul 07 12:12:29 witherspoon systemd-networkd[968]: eth0: IPv6 enabled for interface: Success
Jul 07 12:12:29 witherspoon systemd-networkd[968]: eth0: Gained carrier
Jul 07 12:12:29 witherspoon avahi-daemon[942]: Joining mDNS multicast group on interface eth0.IPv4 with address 9.3.86.161.
Jul 07 12:12:29 witherspoon systemd-timesyncd[883]: Network configuration changed, trying to establish connection.
Jul 07 12:12:29 witherspoon avahi-daemon[942]: New relevant interface eth0.IPv4 for mDNS.
Jul 07 12:12:29 witherspoon avahi-daemon[942]: Registering new address record for 9.3.86.161 on eth0.IPv4.
Jul 07 12:12:29 witherspoon systemd[1]: Started Phosphor Version Software Manager.
Jul 07 12:12:30 witherspoon systemd[1]: Started Permit User Sessions.
Jul 07 12:12:30 witherspoon systemd[1]: Started Serial Getty on ttyS4.
Jul 07 12:12:30 witherspoon systemd[1]: Reached target Login Prompts.
Jul 07 12:12:30 witherspoon systemd[1]: Reached target Multi-User System.
Jul 07 12:12:31 witherspoon avahi-daemon[942]: Joining mDNS multicast group on interface eth0.IPv6 with address fe80::72e2:84ff:fe14:23e1.
Jul 07 12:12:31 witherspoon systemd-networkd[968]: eth0: Gained IPv6LL
Jul 07 12:12:31 witherspoon avahi-daemon[942]: New relevant interface eth0.IPv6 for mDNS.
Jul 07 12:12:31 witherspoon avahi-daemon[942]: Registering new address record for fe80::72e2:84ff:fe14:23e1 on eth0.*.
Jul 07 12:12:32 witherspoon kernel: ftgmac100 1e660000.ethernet eth0: NCSI interface up
Jul 07 12:12:32 witherspoon kernel[929]: [   44.750000] ftgmac100 1e660000.ethernet eth0: NCSI interface up
Jul 07 12:12:37 witherspoon systemd[1]: Created slice system-dropbear.slice.
Jul 07 12:12:37 witherspoon systemd[1]: Started SSH Per-Connection Server (9.41.165.94:37406).
Jul 07 12:12:41 witherspoon inventory_items.py[957]: Loading from cache: /var/cache/obmc/org.openbmc.inventory.system.chassis.motherboard.apss@org.openbmc.InventoryItem.props
Jul 07 12:12:41 witherspoon inventory_items.py[957]: Loading from cache: /var/cache/obmc/org.openbmc.inventory.system.chassis.motherboard@org.openbmc.InventoryItem.props
Jul 07 12:12:41 witherspoon inventory_items.py[957]: Loading from cache: /var/cache/obmc/org.openbmc.inventory.system.chassis.motherboard.refclock@org.openbmc.InventoryItem.props
Jul 07 12:12:41 witherspoon inventory_items.py[957]: Loading from cache: /var/cache/obmc/org.openbmc.inventory.system.chassis.motherboard.cpu1.core7@org.openbmc.InventoryItem.props
Jul 07 12:12:41 witherspoon inventory_items.py[957]: Loading from cache: /var/cache/obmc/org.openbmc.inventory.system.chassis.motherboard.cpu1.core4@org.openbmc.InventoryItem.props
Jul 07 12:12:41 witherspoon inventory_items.py[957]: Loading from cache: /var/cache/obmc/org.openbmc.inventory.system.chassis.motherboard.cpu1.core1@org.openbmc.InventoryItem.props
Jul 07 12:12:41 witherspoon inventory_items.py[957]: Loading from cache: /var/cache/obmc/org.openbmc.inventory.system.chassis.motherboard.cpu1.core10@org.openbmc.InventoryItem.props
Jul 07 12:12:41 witherspoon inventory_items.py[957]: Loading from cache: /var/cache/obmc/org.openbmc.inventory.system.chassis.motherboard.todclock@org.openbmc.InventoryItem.props
Jul 07 12:12:41 witherspoon inventory_items.py[957]: Loading from cache: /var/cache/obmc/org.openbmc.inventory.system.chassis.motherboard.cpu1@org.openbmc.InventoryItem.props
Jul 07 12:12:41 witherspoon inventory_items.py[957]: Loading from cache: /var/cache/obmc/org.openbmc.inventory.system.chassis.motherboard.bmc@org.openbmc.InventoryItem.props
Jul 07 12:12:41 witherspoon inventory_items.py[957]: Caching: /org/openbmc/inventory/system/chassis/motherboard/bmc
Jul 07 12:12:42 witherspoon download_manager.py[937]: Running Download Manager
Jul 07 12:12:42 witherspoon systemd[1]: Started Phosphor Download Manager.
Jul 07 12:12:42 witherspoon systemd[1]: Started Phosphor Chassis0 Control.
Jul 07 12:12:42 witherspoon chassis_control.py[970]: Running ChassisControlService
Jul 07 12:12:42 witherspoon sensor_manager2.py[927]: Setting boot count to 3
Jul 07 12:12:43 witherspoon phosphor-mapper[959]: ObjectMapper startup complete.  Discovery in progress...
Jul 07 12:12:43 witherspoon sensor_manager2.py[927]: Deleting OCC device
Jul 07 12:12:43 witherspoon sensor_manager2.py[927]: sh: /sys/class/i2c-adapter/i2c-3/3-0050/online: No such file or directory
Jul 07 12:12:43 witherspoon sensor_manager2.py[927]: Deleting OCC device
Jul 07 12:12:43 witherspoon sensor_manager2.py[927]: sh: /sys/class/i2c-adapter/i2c-3/3-0050/online: No such file or directory
Jul 07 12:12:43 witherspoon sensor_manager2.py[927]: Starting sensor manager
Jul 07 12:12:43 witherspoon systemd[1]: Started Phosphor Sensor Manager.
Jul 07 12:12:43 witherspoon avahi-daemon[964]: ../../avahi-0.6.32/avahi-daemon/chroot.c: open() failed: No such file or directory
Jul 07 12:12:43 witherspoon avahi-daemon[942]: Failed to open /usr/share/dbus-1/interfaces/org.freedesktop.Avahi.Server.xml: Invalid argument
Jul 07 12:12:43 witherspoon avahi-daemon[942]: Failed to load introspection data.
Jul 07 12:12:44 witherspoon systemd-networkd[968]: eth0: Configured
Jul 07 12:12:44 witherspoon systemd-timesyncd[883]: Network configuration changed, trying to establish connection.
Jul 07 12:12:46 witherspoon dropbear[980]: Failed loading /etc/dropbear/dropbear_dss_host_key
Jul 07 12:12:46 witherspoon inventory_items.py[957]: Loading from cache: /var/cache/obmc/org.openbmc.inventory.system.chassis.motherboard.cpu0.core1@org.openbmc.InventoryItem.props
Jul 07 12:12:46 witherspoon inventory_items.py[957]: Loading from cache: /var/cache/obmc/org.openbmc.inventory.system.chassis.motherboard.cpu0.core7@org.openbmc.InventoryItem.props
Jul 07 12:12:46 witherspoon inventory_items.py[957]: Loading from cache: /var/cache/obmc/org.openbmc.inventory.system.chassis.motherboard.cpu0.core4@org.openbmc.InventoryItem.props
Jul 07 12:12:46 witherspoon inventory_items.py[957]: Loading from cache: /var/cache/obmc/org.openbmc.inventory.system.chassis.motherboard.pcieclock@org.openbmc.InventoryItem.props
Jul 07 12:12:46 witherspoon inventory_items.py[957]: Loading from cache: /var/cache/obmc/org.openbmc.inventory.system.chassis.motherboard.cpu0.core10@org.openbmc.InventoryItem.props
Jul 07 12:12:46 witherspoon dropbear[980]: Failed loading /etc/dropbear/dropbear_ecdsa_host_key
Jul 07 12:12:46 witherspoon dropbear[980]: Child connection from ::ffff:9.41.165.94:37406
Jul 07 12:12:46 witherspoon inventory_items.py[957]: Running Inventory Manager
Jul 07 12:12:46 witherspoon systemd[1]: Started Phosphor Inventory Manager.
Jul 07 12:12:49 witherspoon dropbear[980]: PAM password auth succeeded for 'root' from ::ffff:9.41.165.94:37406
Jul 07 12:12:49 witherspoon dropbear[984]: lastlog_perform_login: Couldn't stat /var/log/lastlog: No such file or directory
Jul 07 12:12:49 witherspoon dropbear[984]: lastlog_openseek: /var/log/lastlog is not a file or directory!
Jul 07 12:12:51 witherspoon systemd[1]: Started Phosphor User Manager.
Jul 07 12:12:51 witherspoon obmc-phosphor-userd[953]: Started
Jul 07 12:12:52 witherspoon systemd[1]: Started Phosphor Network Manager.
Jul 07 12:12:52 witherspoon netman.py[950]: Started
Jul 07 12:13:02 witherspoon phosphor-mapper[959]: ObjectMapper discovery complete
Jul 07 12:13:02 witherspoon systemd[1]: Started Phosphor DBus Service Discovery Manager.
Jul 07 12:13:02 witherspoon systemd[1]: Reached target Phosphor Object Mapper.
Jul 07 12:13:02 witherspoon systemd[1]: Starting Wait for /org/openbmc/control/flash/bios...
Jul 07 12:13:02 witherspoon systemd[1]: Starting Wait for /org/openbmc/NetworkManager/Interface...
Jul 07 12:13:02 witherspoon systemd[1]: Starting Wait for /org/openbmc/control/bmc0...
Jul 07 12:13:02 witherspoon systemd[1]: Starting Wait for /xyz/openbmc_project/state/chassis0...
Jul 07 12:13:02 witherspoon systemd[1]: Starting Wait for /org/openbmc/managers/System...
Jul 07 12:13:02 witherspoon systemd[1]: Starting Wait for /org/openbmc/control/power0...
Jul 07 12:13:02 witherspoon systemd[1]: Reached target Webserver (pre).
Jul 07 12:13:02 witherspoon systemd[1]: Started Phosphor Webserver.
Jul 07 12:13:02 witherspoon systemd[1]: Starting Wait for /xyz/openbmc_project/control/host0...
Jul 07 12:13:02 witherspoon systemd[1]: Starting Wait for /xyz/openbmc_project/led/groups...
Jul 07 12:13:02 witherspoon systemd[1]: Started Phosphor DBus Monitor.
Jul 07 12:13:02 witherspoon systemd[1]: Starting Wait for /org/openbmc/sensors...
Jul 07 12:13:02 witherspoon systemd[1]: Starting Wait for /org/openbmc/managers/Download...
Jul 07 12:13:02 witherspoon systemd[1]: Starting Phoshpor System Manager...
Jul 07 12:13:02 witherspoon systemd[1]: Starting Wait for /xyz/openbmc_project/led/groups/bmc_booted...
Jul 07 12:13:02 witherspoon systemd[1]: Starting Phosphor Settings Manager...
Jul 07 12:13:02 witherspoon systemd[1]: Starting Wait for /xyz/openbmc_project/state/host0...
Jul 07 12:13:02 witherspoon systemd[1]: Starting Wait for /xyz/openbmc_project/inventory...
Jul 07 12:13:04 witherspoon systemd[1]: Started Wait for /org/openbmc/NetworkManager/Interface.
Jul 07 12:13:04 witherspoon systemd[1]: Started Phosphor DNS Settings Cache Manager.
Jul 07 12:13:04 witherspoon systemd[1]: Started Wait for /xyz/openbmc_project/inventory.
Jul 07 12:13:04 witherspoon systemd[1]: Starting OpenPOWER OCC controller...
Jul 07 12:13:04 witherspoon systemd[1]: Starting Read OpenPOWER-format VPD from EEPROM...
Jul 07 12:13:04 witherspoon systemd[1]: Started Phosphor Cooling Type.
Jul 07 12:13:04 witherspoon systemd[1]: Started Wait for /xyz/openbmc_project/led/groups/bmc_booted.
Jul 07 12:13:04 witherspoon systemd[1]: Starting Assert bmc_booted LED...
Jul 07 12:13:04 witherspoon systemd[1]: Started Wait for /org/openbmc/managers/Download.
Jul 07 12:13:04 witherspoon systemd[1]: Starting Phosphor BIOS Code Update...
Jul 07 12:13:04 witherspoon systemd[1]: Started Wait for /org/openbmc/sensors.
Jul 07 12:13:04 witherspoon systemd[1]: Started Phosphor Hwmon Poller.
Jul 07 12:13:04 witherspoon systemd[1]: Started OpenPOWER OCC controller.
Jul 07 12:13:05 witherspoon systemd[1]: Started Wait for /org/openbmc/control/bmc0.
Jul 07 12:13:05 witherspoon systemd[1]: Starting Phosphor BMC Code Update...
Jul 07 12:13:05 witherspoon systemd[1]: Started Phosphor BIOS Code Update.
Jul 07 12:13:06 witherspoon systemd[1]: Started Assert bmc_booted LED.
Jul 07 12:13:08 witherspoon systemd[1]: Started Wait for /xyz/openbmc_project/led/groups.
Jul 07 12:13:08 witherspoon systemd[1]: Started FRU Fault monitor service.
Jul 07 12:13:12 witherspoon systemd[1]: Started Read OpenPOWER-format VPD from EEPROM.
Jul 07 12:13:13 witherspoon systemd[1]: Started Wait for /org/openbmc/control/flash/bios.
Jul 07 12:13:13 witherspoon systemd[1]: Started Initialize BIOS Flash.
Jul 07 12:13:17 witherspoon flash_bios.exe[1015]: Starting flasher: bios,,/org/openbmc/control/flash/bios,
Jul 07 12:13:17 witherspoon flash_bios.exe[1015]: flasher: , BMC = 1, address = 0x0
Jul 07 12:13:17 witherspoon flash_bios.exe[1015]: Setting up flash
Jul 07 12:13:17 witherspoon flash_bios.exe[1015]: Starting flasher: bios,,/org/openbmc/control/flash/bios,
Jul 07 12:13:17 witherspoon flash_bios.exe[1015]: flasher: , BMC = 1, address = 0x0
Jul 07 12:13:17 witherspoon flash_bios.exe[1015]: Setting up flash
Jul 07 12:13:19 witherspoon hwmon.py[1017]: Starting HWMON sensors
Jul 07 12:13:20 witherspoon system_manager.py[1002]: Running System State: BASE_APPS
Jul 07 12:13:20 witherspoon system_manager.py[1002]: SystemManager Init Done
Jul 07 12:13:20 witherspoon system_manager.py[1002]: Running SystemManager
Jul 07 12:13:20 witherspoon systemd[1]: Started Phoshpor System Manager.
Jul 07 12:13:20 witherspoon system_manager.py[1002]: SystemManager Goto System State: BMC_STARTING
Jul 07 12:13:20 witherspoon system_manager.py[1002]: Running System State: BMC_STARTING
Jul 07 12:13:20 witherspoon bmc_update.py[1022]: Running Bmc Flash Control
Jul 07 12:13:20 witherspoon systemd[1]: Started Phosphor BMC Code Update.
Jul 07 12:13:21 witherspoon settings_manager.py[1004]: Running HostSettingsService
Jul 07 12:13:21 witherspoon systemd[1]: Started Phosphor Settings Manager.
Jul 07 12:13:21 witherspoon systemd[1]: Starting Wait for /org/openbmc/settings/host0...
Jul 07 12:13:21 witherspoon systemd[1]: Started Wait for /org/openbmc/managers/System.
Jul 07 12:13:21 witherspoon systemd[1]: Starting Phosphor Power0 Control...
Jul 07 12:13:21 witherspoon systemd[1]: Starting Phosphor BMC State Manager...
Jul 07 12:13:21 witherspoon systemd[1]: Starting Phosphor Chassis State Manager...
Jul 07 12:13:21 witherspoon systemd[1]: Starting Phosphor Host State Manager...
Jul 07 12:13:21 witherspoon systemd[1]: Starting Phosphor Power Button0...
Jul 07 12:13:21 witherspoon systemd[1]: Starting Phosphor Reset Button0...
Jul 07 12:13:22 witherspoon phosphor-host-state-manager[1046]: Initial Host State will be Off
Jul 07 12:13:22 witherspoon systemd[1]: Started Phosphor Host State Manager.
Jul 07 12:13:22 witherspoon phosphor-bmc-state-manager[1044]: Setting the BMCState field
Jul 07 12:13:22 witherspoon phosphor-bmc-state-manager[1044]: Setting the BMCState field
Jul 07 12:13:22 witherspoon systemd[1]: Started Phosphor BMC State Manager.
Jul 07 12:13:22 witherspoon system_manager.py[1002]: New object: /org/openbmc/control/power0 (:1.66)
Jul 07 12:13:22 witherspoon system_manager.py[1002]: Power GPIO config: ['SYS_PWROK_BUFF', '', [('SOFTWARE_PGOOD', True), ('BMC_POWER_UP', True)], [('BMC_CP0_RESET_N', False)], [], 'FSI_DATA', 'FSI_CLK', 'FSI_ENABLE', 'CRONUS_SEL', []]
Jul 07 12:13:22 witherspoon power_control.exe[1043]: Power GPIO latch output:
Jul 07 12:13:22 witherspoon power_control.exe[1043]: Power GPIO power good input: SYS_PWROK_BUFF
Jul 07 12:13:22 witherspoon power_control.exe[1043]: Power GPIO 2 power_up outputs
Jul 07 12:13:22 witherspoon power_control.exe[1043]: Power GPIO power_up[0] = SOFTWARE_PGOOD active HIGH
Jul 07 12:13:22 witherspoon power_control.exe[1043]: Power GPIO power_up[1] = BMC_POWER_UP active HIGH
Jul 07 12:13:22 witherspoon power_control.exe[1043]: Power GPIO 1 reset outputs
Jul 07 12:13:22 witherspoon power_control.exe[1043]: Power GPIO reset[0] = BMC_CP0_RESET_N active LOW
Jul 07 12:13:22 witherspoon power_control.exe[1043]: Power GPIO 0 pci reset outputs
Jul 07 12:13:22 witherspoon power_control.exe[1043]: FSI DATA GPIO: FSI_DATA
Jul 07 12:13:22 witherspoon power_control.exe[1043]: FSI CLK GPIO: FSI_CLK
Jul 07 12:13:22 witherspoon power_control.exe[1043]: FSI ENABLE GPIO: FSI_ENABLE
Jul 07 12:13:22 witherspoon power_control.exe[1043]: CRONUS SEL GPIO: CRONUS_SEL
Jul 07 12:13:22 witherspoon power_control.exe[1043]: Hostctl GPIO optionals: 0
Jul 07 12:13:23 witherspoon power_control.exe[1043]: GPIO Lookup:  SYS_PWROK_BUFF = 306,in
Jul 07 12:13:23 witherspoon phosphor-chassis-state-manager[1045]: Initial Chassis State will be Off
Jul 07 12:13:23 witherspoon systemd[1]: Started Phosphor Chassis State Manager.
Jul 07 12:13:23 witherspoon button_reset.exe[1048]: GPIO Lookup:  RESET_BUTTON = 353,both
Jul 07 12:13:23 witherspoon systemd[1]: Started Phosphor Reset Button0.
Jul 07 12:13:23 witherspoon power_control.exe[1043]: GPIO Lookup:  SOFTWARE_PGOOD = 417,out
Jul 07 12:13:23 witherspoon power_control.exe[1043]: GPIO Lookup:  BMC_POWER_UP = 305,out
Jul 07 12:13:23 witherspoon power_control.exe[1043]: GPIO Lookup:  BMC_CP0_RESET_N = 281,out
Jul 07 12:13:23 witherspoon power_control.exe[1043]: Pgood state: 0
Jul 07 12:13:23 witherspoon systemd[1]: Started Phosphor Power0 Control.
Jul 07 12:13:25 witherspoon button_power.exe[1047]: GPIO Lookup:  POWER_BUTTON = 347,both
Jul 07 12:13:25 witherspoon systemd[1]: Started Phosphor Power Button0.
Jul 07 12:13:28 witherspoon systemd[1]: Started Wait for /org/openbmc/settings/host0.
Jul 07 12:13:28 witherspoon systemd[1]: Started Phosphor Inband IPMI.
Jul 07 12:13:28 witherspoon system_manager.py[1002]: SystemManager Goto System State: BMC_READY
Jul 07 12:13:28 witherspoon system_manager.py[1002]: Running System State: BMC_READY
Jul 07 12:13:28 witherspoon systemd[1]: Started Wait for /xyz/openbmc_project/state/host0.
Jul 07 12:13:29 witherspoon systemd[1]: Started Wait for /xyz/openbmc_project/state/chassis0.
Jul 07 12:13:29 witherspoon systemd[1]: Started Wait for /org/openbmc/control/power0.
Jul 07 12:13:29 witherspoon systemd[1]: Starting Check Chassis0 pgood and create a file to indicate it...
Jul 07 12:13:29 witherspoon systemd[1]: Starting Phosphor Time Manager daemon...
Jul 07 12:13:29 witherspoon systemd[1]: Starting Reboot If Enabled...
Jul 07 12:13:30 witherspoon timemanager[1079]: Registering dbus methods
Jul 07 12:13:30 witherspoon phosphor-discover-system-state[1080]: Host power is off, checking power policy
Jul 07 12:13:30 witherspoon systemd[1]: Started Reboot If Enabled.
Jul 07 12:13:31 witherspoon systemd[1]: Started Wait for /xyz/openbmc_project/control/host0.
Jul 07 12:13:31 witherspoon timemanager[1079]: Last known time_mode: NTP
Jul 07 12:13:31 witherspoon timemanager[1079]: Last known time_owner: BMC
Jul 07 12:13:31 witherspoon systemd[1]: Started Check Chassis0 pgood and create a file to indicate it.
Jul 07 12:13:31 witherspoon systemd[1]: Reached target Chassis0 power on after reset.
Jul 07 12:13:31 witherspoon systemd[1]: Reached target Chassis0 (Reset Check).
Jul 07 12:13:31 witherspoon systemd[1]: Reached target Host0 running after reset.
Jul 07 12:13:31 witherspoon systemd[1]: Reached target Host0 (Reset Check).
Jul 07 12:13:31 witherspoon timemanager[1079]: Empty DhcpNtp string
Jul 07 12:13:31 witherspoon timemanager[1079]: Reading Power Control key: pgood
Jul 07 12:13:31 witherspoon timemanager[1079]: Changing settings *allowed* now
Jul 07 12:13:31 witherspoon timemanager[1079]: Getting System Settings: time_mode
Jul 07 12:13:31 witherspoon timemanager[1079]: Requested_Mode: NTP Current_Mode: NTP
Jul 07 12:13:31 witherspoon timemanager[1079]: Mode is already set to : NTP
Jul 07 12:13:31 witherspoon timemanager[1079]: Getting System Settings: time_owner
Jul 07 12:13:31 witherspoon timemanager[1079]: Owner is already set to : BMC
Jul 07 12:13:31 witherspoon timemanager[1079]: Getting System Settings: use_dhcp_ntp
Jul 07 12:13:31 witherspoon timemanager[1079]: use_dhcp_ntp = yes
Jul 07 12:13:31 witherspoon timemanager[1079]: Last known host_offset:0
Jul 07 12:13:31 witherspoon timemanager[1079]: Initial Uptime Usec: 1499429507651078
Jul 07 12:13:32 witherspoon systemd[1]: Started Phosphor Time Manager daemon.
Jul 07 12:13:32 witherspoon systemd[1]: Reached target Phosphor System - Standby.
Jul 07 12:13:32 witherspoon systemd[1]: Startup finished in 8.435s (kernel) + 1min 35.933s (userspace) = 1min 44.369s.
Jul 07 12:13:32 witherspoon phosphor-bmc-state-manager[1044]: BMC_READY
Jul 07 12:13:32 witherspoon phosphor-bmc-state-manager[1044]: Setting the BMCState field
Jul 07 12:13:42 witherspoon phosphor-gevent[996]: Traceback (most recent call last):
Jul 07 12:13:42 witherspoon phosphor-gevent[996]:   File "/usr/lib/python2.7/site-packages/gevent/greenlet.py", line 327, in run
Jul 07 12:13:42 witherspoon phosphor-gevent[996]:     result = self._run(*self.args, **self.kwargs)
Jul 07 12:13:42 witherspoon phosphor-gevent[996]:   File "/usr/lib/python2.7/site-packages/gevent/server.py", line 102, in wrap_socket_and_handle
Jul 07 12:13:42 witherspoon phosphor-gevent[996]:     ssl_socket = self.wrap_socket(client_socket, **self.ssl_args)
Jul 07 12:13:42 witherspoon phosphor-gevent[996]:   File "/usr/lib/python2.7/site-packages/gevent/ssl.py", line 404, in wrap_socket
Jul 07 12:13:42 witherspoon phosphor-gevent[996]:     ciphers=ciphers)
Jul 07 12:13:42 witherspoon phosphor-gevent[996]:   File "/usr/lib/python2.7/site-packages/gevent/ssl.py", line 113, in __init__
Jul 07 12:13:42 witherspoon phosphor-gevent[996]:     self.do_handshake()
Jul 07 12:13:42 witherspoon phosphor-gevent[996]:   File "/usr/lib/python2.7/site-packages/gevent/ssl.py", line 324, in do_handshake
Jul 07 12:13:42 witherspoon phosphor-gevent[996]:     return self._sslobj.do_handshake()
Jul 07 12:13:42 witherspoon phosphor-gevent[996]: SSLEOFError: EOF occurred in violation of protocol (_ssl.c:590)
Jul 07 12:13:42 witherspoon phosphor-gevent[996]: <Greenlet at 0x75fcf300: <bound method WSGIServer.wrap_socket_and_handle of <WSGIServer at 0x75faa8b0 fileno=5 address=('::34b2:eb76:b08d:6176%1986104736', 443, 0, 1986104736)>>(<socket at 0x75e7e2d0 fileno=9>, ('::6099:5f76:8e91:f402%1995086620', 48794, 0, 199)> failed with SSLEOFError
Jul 07 12:13:43 witherspoon phosphor-gevent[996]: Traceback (most recent call last):
Jul 07 12:13:43 witherspoon phosphor-gevent[996]:   File "/usr/lib/python2.7/site-packages/gevent/greenlet.py", line 327, in run
Jul 07 12:13:43 witherspoon phosphor-gevent[996]:     result = self._run(*self.args, **self.kwargs)
Jul 07 12:13:43 witherspoon phosphor-gevent[996]:   File "/usr/lib/python2.7/site-packages/gevent/server.py", line 102, in wrap_socket_and_handle
Jul 07 12:13:43 witherspoon phosphor-gevent[996]:     ssl_socket = self.wrap_socket(client_socket, **self.ssl_args)
Jul 07 12:13:43 witherspoon phosphor-gevent[996]:   File "/usr/lib/python2.7/site-packages/gevent/ssl.py", line 404, in wrap_socket
Jul 07 12:13:43 witherspoon phosphor-gevent[996]:     ciphers=ciphers)
Jul 07 12:13:43 witherspoon phosphor-gevent[996]:   File "/usr/lib/python2.7/site-packages/gevent/ssl.py", line 113, in __init__
Jul 07 12:13:43 witherspoon phosphor-gevent[996]:     self.do_handshake()
Jul 07 12:13:43 witherspoon phosphor-gevent[996]:   File "/usr/lib/python2.7/site-packages/gevent/ssl.py", line 324, in do_handshake
Jul 07 12:13:43 witherspoon phosphor-gevent[996]:     return self._sslobj.do_handshake()
Jul 07 12:13:43 witherspoon phosphor-gevent[996]: SSLEOFError: EOF occurred in violation of protocol (_ssl.c:590)
Jul 07 12:13:43 witherspoon phosphor-gevent[996]: <Greenlet at 0x75fcf5d0: <bound method WSGIServer.wrap_socket_and_handle of <WSGIServer at 0x75faa8b0 fileno=5 address=('::34b2:eb76:b08d:6176%1986104736', 443, 0, 1986104736)>>(<socket at 0x75e7e270 fileno=10>, ('::6099:5f76:8e91:f402%1995086620', 48796, 0, 199)> failed with SSLEOFError
Jul 07 12:13:43 witherspoon phosphor-gevent[996]: Traceback (most recent call last):
Jul 07 12:13:43 witherspoon phosphor-gevent[996]:   File "/usr/lib/python2.7/site-packages/gevent/greenlet.py", line 327, in run
Jul 07 12:13:43 witherspoon phosphor-gevent[996]:     result = self._run(*self.args, **self.kwargs)
Jul 07 12:13:43 witherspoon phosphor-gevent[996]:   File "/usr/lib/python2.7/site-packages/gevent/server.py", line 102, in wrap_socket_and_handle
Jul 07 12:13:43 witherspoon phosphor-gevent[996]:     ssl_socket = self.wrap_socket(client_socket, **self.ssl_args)
Jul 07 12:13:43 witherspoon phosphor-gevent[996]:   File "/usr/lib/python2.7/site-packages/gevent/ssl.py", line 404, in wrap_socket
Jul 07 12:13:43 witherspoon phosphor-gevent[996]:     ciphers=ciphers)
Jul 07 12:13:43 witherspoon phosphor-gevent[996]:   File "/usr/lib/python2.7/site-packages/gevent/ssl.py", line 113, in __init__
Jul 07 12:13:43 witherspoon phosphor-gevent[996]:     self.do_handshake()
Jul 07 12:13:43 witherspoon phosphor-gevent[996]:   File "/usr/lib/python2.7/site-packages/gevent/ssl.py", line 324, in do_handshake
Jul 07 12:13:43 witherspoon phosphor-gevent[996]:     return self._sslobj.do_handshake()
Jul 07 12:13:43 witherspoon phosphor-gevent[996]: SSLEOFError: EOF occurred in violation of protocol (_ssl.c:590)
Jul 07 12:13:43 witherspoon phosphor-gevent[996]: <Greenlet at 0x75fcf2b0: <bound method WSGIServer.wrap_socket_and_handle of <WSGIServer at 0x75faa8b0 fileno=5 address=('::34b2:eb76:b08d:6176%1986104736', 443, 0, 1986104736)>>(<socket at 0x75e7e310 fileno=11>, ('::6099:5f76:8e91:f402%1995086620', 48798, 0, 199)> failed with SSLEOFError
Jul 07 12:14:03 witherspoon phosphor-gevent[996]: ::6099:5f76:8e91:f402%1995086620 - - [2017-07-07 12:14:03] "POST /login HTTP/1.1" 200 320 0.067247
Jul 07 12:14:03 witherspoon phosphor-gevent[996]: ::6099:5f76:8e91:f402%1995086620 - - [2017-07-07 12:14:03] "GET /xyz/openbmc_project/state/chassis0//attr/CurrentPowerState HTTP/1.1" 200 216 0.084422
Jul 07 12:14:03 witherspoon phosphor-gevent[996]: ::6099:5f76:8e91:f402%1995086620 - - [2017-07-07 12:14:03] "POST /login HTTP/1.1" 200 320 0.033464
Jul 07 12:14:03 witherspoon phosphor-gevent[996]: ::6099:5f76:8e91:f402%1995086620 - - [2017-07-07 12:14:03] "GET /xyz/openbmc_project/state/chassis0//attr/CurrentPowerState HTTP/1.1" 200 216 0.050561
Jul 07 12:14:03 witherspoon phosphor-gevent[996]: ::6099:5f76:8e91:f402%1995086620 - - [2017-07-07 12:14:03] "POST /login HTTP/1.1" 200 320 0.032830
Jul 07 12:14:03 witherspoon phosphor-gevent[996]: ::6099:5f76:8e91:f402%1995086620 - - [2017-07-07 12:14:03] "GET /org/openbmc/sensors/host/BootProgress/attr/value HTTP/1.1" 200 170 0.095478
Jul 07 12:14:04 witherspoon phosphor-gevent[996]: ::6099:5f76:8e91:f402%1995086620 - - [2017-07-07 12:14:04] "POST /login HTTP/1.1" 200 320 0.032992
Jul 07 12:14:04 witherspoon phosphor-gevent[996]: ::6099:5f76:8e91:f402%1995086620 - - [2017-07-07 12:14:04] "GET /xyz/openbmc_project/state/host0//attr/CurrentHostState HTTP/1.1" 200 212 0.049302
Jul 07 12:14:04 witherspoon phosphor-gevent[996]: ::6099:5f76:8e91:f402%1995086620 - - [2017-07-07 12:14:04] "POST /login HTTP/1.1" 200 320 0.047922
Jul 07 12:14:04 witherspoon phosphor-gevent[996]: ::6099:5f76:8e91:f402%1995086620 - - [2017-07-07 12:14:04] "GET /xyz/openbmc_project/logging/entry/list HTTP/1.1" 404 311 0.029654
Jul 07 12:14:04 witherspoon dropbear[980]: Exit (root): Error reading: Connection reset by peer
Jul 07 12:14:04 witherspoon systemd[1]: Started SSH Per-Connection Server (9.41.165.94:37424).
Jul 07 12:14:04 witherspoon dropbear[1097]: Failed loading /etc/dropbear/dropbear_dss_host_key
Jul 07 12:14:04 witherspoon dropbear[1097]: Failed loading /etc/dropbear/dropbear_ecdsa_host_key
Jul 07 12:14:04 witherspoon dropbear[1097]: Child connection from ::ffff:9.41.165.94:37424
Jul 07 12:14:05 witherspoon dropbear[1097]: PAM password auth succeeded for 'root' from ::ffff:9.41.165.94:37424
Jul 07 12:14:05 witherspoon dropbear[1098]: lastlog_perform_login: Couldn't stat /var/log/lastlog: No such file or directory
Jul 07 12:14:05 witherspoon dropbear[1098]: lastlog_openseek: /var/log/lastlog is not a file or directory!
Jul 07 12:14:06 witherspoon phosphor-gevent[996]: ::6099:5f76:8e91:f402%1995086620 - - [2017-07-07 12:14:06] "POST /login HTTP/1.1" 200 320 0.065171
Jul 07 12:14:06 witherspoon phosphor-gevent[996]: ::6099:5f76:8e91:f402%1995086620 - - [2017-07-07 12:14:06] "GET /xyz/openbmc_project/state/host0//attr/CurrentHostState HTTP/1.1" 200 212 0.048506
Jul 07 12:14:07 witherspoon dropbear[1097]: Exit (root): Exited normally
Jul 07 12:14:10 witherspoon systemd[1]: Started SSH Per-Connection Server (9.41.165.94:37428).
Jul 07 12:14:10 witherspoon dropbear[1107]: Failed loading /etc/dropbear/dropbear_dss_host_key
Jul 07 12:14:10 witherspoon dropbear[1107]: Failed loading /etc/dropbear/dropbear_ecdsa_host_key
Jul 07 12:14:10 witherspoon dropbear[1107]: Child connection from ::ffff:9.41.165.94:37428
Jul 07 12:14:10 witherspoon dropbear[1107]: PAM password auth succeeded for 'root' from ::ffff:9.41.165.94:37428
Jul 07 12:14:10 witherspoon dropbear[1108]: lastlog_perform_login: Couldn't stat /var/log/lastlog: No such file or directory
Jul 07 12:14:10 witherspoon dropbear[1108]: lastlog_openseek: /var/log/lastlog is not a file or directory!
Jul 07 12:14:12 witherspoon phosphor-gevent[996]: ::6099:5f76:8e91:f402%1995086620 - - [2017-07-07 12:14:12] "POST /login HTTP/1.1" 200 320 0.032971
Jul 07 12:14:12 witherspoon phosphor-gevent[996]: ::6099:5f76:8e91:f402%1995086620 - - [2017-07-07 12:14:12] "PUT /org/openbmc/settings/host0/attr/power_policy HTTP/1.1" 200 169 0.179095
Jul 07 12:14:13 witherspoon phosphor-gevent[996]: ::6099:5f76:8e91:f402%1995086620 - - [2017-07-07 12:14:13] "POST /login HTTP/1.1" 200 320 0.032554
Jul 07 12:14:13 witherspoon phosphor-gevent[996]: ::6099:5f76:8e91:f402%1995086620 - - [2017-07-07 12:14:13] "GET /org/openbmc/settings/host0/attr/power_policy HTTP/1.1" 200 185 0.072291
Jul 07 12:14:13 witherspoon systemd[1]: Started SSH Per-Connection Server (9.41.165.94:37434).
Jul 07 12:14:13 witherspoon dropbear[1114]: Failed loading /etc/dropbear/dropbear_dss_host_key
Jul 07 12:14:13 witherspoon dropbear[1114]: Failed loading /etc/dropbear/dropbear_ecdsa_host_key
Jul 07 12:14:13 witherspoon dropbear[1114]: Child connection from ::ffff:9.41.165.94:37434
Jul 07 12:14:13 witherspoon dropbear[1114]: PAM password auth succeeded for 'root' from ::ffff:9.41.165.94:37434
Jul 07 12:14:13 witherspoon dropbear[1115]: lastlog_perform_login: Couldn't stat /var/log/lastlog: No such file or directory
Jul 07 12:14:13 witherspoon dropbear[1115]: lastlog_openseek: /var/log/lastlog is not a file or directory!
Jul 07 12:14:15 witherspoon phosphor-gevent[996]: ::6099:5f76:8e91:f402%1995086620 - - [2017-07-07 12:14:15] "POST /login HTTP/1.1" 200 320 0.032353
Jul 07 12:14:15 witherspoon phosphor-gevent[996]: ::6099:5f76:8e91:f402%1995086620 - - [2017-07-07 12:14:15] "GET /xyz/openbmc_project/state/chassis0//attr/CurrentPowerState HTTP/1.1" 200 216 0.059228
Jul 07 12:14:15 witherspoon phosphor-gevent[996]: ::6099:5f76:8e91:f402%1995086620 - - [2017-07-07 12:14:15] "POST /login HTTP/1.1" 200 320 0.033066
Jul 07 12:14:15 witherspoon phosphor-gevent[996]: ::6099:5f76:8e91:f402%1995086620 - - [2017-07-07 12:14:15] "GET /xyz/openbmc_project/state/bmc0//attr/CurrentBMCState HTTP/1.1" 200 212 0.049457
Jul 07 12:14:15 witherspoon phosphor-gevent[996]: ::6099:5f76:8e91:f402%1995086620 - - [2017-07-07 12:14:15] "POST /login HTTP/1.1" 200 320 0.041624
Jul 07 12:14:15 witherspoon phosphor-gevent[996]: ::6099:5f76:8e91:f402%1995086620 - - [2017-07-07 12:14:15] "GET /org/openbmc/sensors/host/BootProgress/attr/value HTTP/1.1" 200 170 0.071641
Jul 07 12:14:16 witherspoon phosphor-gevent[996]: ::6099:5f76:8e91:f402%1995086620 - - [2017-07-07 12:14:16] "POST /login HTTP/1.1" 200 320 0.033747
Jul 07 12:14:16 witherspoon phosphor-gevent[996]: ::6099:5f76:8e91:f402%1995086620 - - [2017-07-07 12:14:16] "GET /xyz/openbmc_project/state/host0//attr/CurrentHostState HTTP/1.1" 200 212 0.050151
Jul 07 12:14:16 witherspoon phosphor-gevent[996]: ::6099:5f76:8e91:f402%1995086620 - - [2017-07-07 12:14:16] "POST /login HTTP/1.1" 200 320 0.057510
Jul 07 12:14:16 witherspoon phosphor-gevent[996]: ::6099:5f76:8e91:f402%1995086620 - - [2017-07-07 12:14:16] "GET /xyz/openbmc_project/logging/entry/list HTTP/1.1" 404 311 0.029060
Jul 07 12:14:16 witherspoon dropbear[1118]: Failed loading /etc/dropbear/dropbear_dss_host_key
Jul 07 12:14:16 witherspoon systemd[1]: Started SSH Per-Connection Server (9.41.165.94:37450).
Jul 07 12:14:16 witherspoon dropbear[1118]: Failed loading /etc/dropbear/dropbear_ecdsa_host_key
Jul 07 12:14:16 witherspoon dropbear[1118]: Child connection from ::ffff:9.41.165.94:37450
Jul 07 12:14:17 witherspoon dropbear[1118]: PAM password auth succeeded for 'root' from ::ffff:9.41.165.94:37450
Jul 07 12:14:48 witherspoon phosphor-gevent[996]: ::6099:5f76:8e91:f402%1995086620 - - [2017-07-07 12:14:48] "POST /login HTTP/1.1" 200 320 0.032565
Jul 07 12:14:48 witherspoon phosphor-gevent[996]: ::6099:5f76:8e91:f402%1995086620 - - [2017-07-07 12:14:48] "POST /org/openbmc/control/flash/bios//action/update HTTP/1.1" 200 169 0.304055
Jul 07 12:14:48 witherspoon flash_bios.exe[1015]: Starting flasher: bios,/tmp/witherspoon_20170628n.pnor,/org/openbmc/control/flash/bios,
Jul 07 12:14:48 witherspoon flash_bios.exe[1015]: flasher: /tmp/witherspoon_20170628n.pnor, BMC = 1, address = 0x0
Jul 07 12:14:48 witherspoon flash_bios.exe[1015]: Setting up flash
Jul 07 12:14:49 witherspoon phosphor-gevent[996]: ::6099:5f76:8e91:f402%1995086620 - - [2017-07-07 12:14:49] "POST /login HTTP/1.1" 200 320 0.118603
Jul 07 12:14:49 witherspoon phosphor-gevent[996]: ::6099:5f76:8e91:f402%1995086620 - - [2017-07-07 12:14:49] "GET /org/openbmc/control/flash/bios HTTP/1.1" 200 396 0.186299
Jul 07 12:14:49 witherspoon phosphor-gevent[996]: ::6099:5f76:8e91:f402%1995086620 - - [2017-07-07 12:14:49] "POST /login HTTP/1.1" 200 320 0.032715
Jul 07 12:14:49 witherspoon phosphor-gevent[996]: ::6099:5f76:8e91:f402%1995086620 - - [2017-07-07 12:14:49] "GET /org/openbmc/control/flash/bios HTTP/1.1" 200 396 0.190833
Jul 07 12:15:00 witherspoon phosphor-gevent[996]: ::6099:5f76:8e91:f402%1995086620 - - [2017-07-07 12:15:00] "POST /login HTTP/1.1" 200 320 0.455913
Jul 07 12:15:00 witherspoon phosphor-gevent[996]: ::6099:5f76:8e91:f402%1995086620 - - [2017-07-07 12:15:00] "GET /org/openbmc/control/flash/bios HTTP/1.1" 200 396 0.130529
Jul 07 12:15:11 witherspoon phosphor-gevent[996]: ::6099:5f76:8e91:f402%1995086620 - - [2017-07-07 12:15:11] "POST /login HTTP/1.1" 200 320 0.038000
Jul 07 12:15:11 witherspoon phosphor-gevent[996]: ::6099:5f76:8e91:f402%1995086620 - - [2017-07-07 12:15:11] "GET /org/openbmc/control/flash/bios HTTP/1.1" 200 396 0.067342
Jul 07 12:15:21 witherspoon phosphor-gevent[996]: ::6099:5f76:8e91:f402%1995086620 - - [2017-07-07 12:15:21] "POST /login HTTP/1.1" 200 320 0.032854
Jul 07 12:15:22 witherspoon phosphor-gevent[996]: ::6099:5f76:8e91:f402%1995086620 - - [2017-07-07 12:15:22] "GET /org/openbmc/control/flash/bios HTTP/1.1" 200 396 0.242970
Jul 07 12:15:32 witherspoon phosphor-gevent[996]: ::6099:5f76:8e91:f402%1995086620 - - [2017-07-07 12:15:32] "POST /login HTTP/1.1" 200 320 0.032773
Jul 07 12:15:32 witherspoon phosphor-gevent[996]: ::6099:5f76:8e91:f402%1995086620 - - [2017-07-07 12:15:32] "GET /org/openbmc/control/flash/bios HTTP/1.1" 200 396 0.324551
Jul 07 12:15:43 witherspoon phosphor-gevent[996]: ::6099:5f76:8e91:f402%1995086620 - - [2017-07-07 12:15:43] "POST /login HTTP/1.1" 200 320 0.033281
Jul 07 12:15:43 witherspoon phosphor-gevent[996]: ::6099:5f76:8e91:f402%1995086620 - - [2017-07-07 12:15:43] "GET /org/openbmc/control/flash/bios HTTP/1.1" 200 396 0.067326
Jul 07 12:15:53 witherspoon phosphor-gevent[996]: ::6099:5f76:8e91:f402%1995086620 - - [2017-07-07 12:15:53] "POST /login HTTP/1.1" 200 320 0.032884
Jul 07 12:15:54 witherspoon phosphor-gevent[996]: ::6099:5f76:8e91:f402%1995086620 - - [2017-07-07 12:15:54] "GET /org/openbmc/control/flash/bios HTTP/1.1" 200 396 0.482550
Jul 07 12:16:04 witherspoon phosphor-gevent[996]: ::6099:5f76:8e91:f402%1995086620 - - [2017-07-07 12:16:04] "POST /login HTTP/1.1" 200 320 0.038846
Jul 07 12:16:04 witherspoon phosphor-gevent[996]: ::6099:5f76:8e91:f402%1995086620 - - [2017-07-07 12:16:04] "GET /org/openbmc/control/flash/bios HTTP/1.1" 200 396 0.067568
Jul 07 12:16:14 witherspoon phosphor-gevent[996]: ::6099:5f76:8e91:f402%1995086620 - - [2017-07-07 12:16:14] "POST /login HTTP/1.1" 200 320 0.032432
Jul 07 12:16:14 witherspoon phosphor-gevent[996]: ::6099:5f76:8e91:f402%1995086620 - - [2017-07-07 12:16:14] "GET /org/openbmc/control/flash/bios HTTP/1.1" 200 396 0.067969
Jul 07 12:16:25 witherspoon phosphor-gevent[996]: ::6099:5f76:8e91:f402%1995086620 - - [2017-07-07 12:16:25] "POST /login HTTP/1.1" 200 320 0.032664
Jul 07 12:16:25 witherspoon phosphor-gevent[996]: ::6099:5f76:8e91:f402%1995086620 - - [2017-07-07 12:16:25] "GET /org/openbmc/control/flash/bios HTTP/1.1" 200 396 0.068103
Jul 07 12:16:35 witherspoon phosphor-gevent[996]: ::6099:5f76:8e91:f402%1995086620 - - [2017-07-07 12:16:35] "POST /login HTTP/1.1" 200 320 0.032906
Jul 07 12:16:36 witherspoon phosphor-gevent[996]: ::6099:5f76:8e91:f402%1995086620 - - [2017-07-07 12:16:36] "GET /org/openbmc/control/flash/bios HTTP/1.1" 200 396 0.071518
Jul 07 12:16:47 witherspoon phosphor-gevent[996]: ::6099:5f76:8e91:f402%1995086620 - - [2017-07-07 12:16:47] "POST /login HTTP/1.1" 200 320 0.049537
Jul 07 12:16:47 witherspoon phosphor-gevent[996]: ::6099:5f76:8e91:f402%1995086620 - - [2017-07-07 12:16:47] "GET /org/openbmc/control/flash/bios HTTP/1.1" 200 396 0.135126
Jul 07 12:16:58 witherspoon phosphor-gevent[996]: ::6099:5f76:8e91:f402%1995086620 - - [2017-07-07 12:16:58] "POST /login HTTP/1.1" 200 320 0.955796
Jul 07 12:16:58 witherspoon phosphor-gevent[996]: ::6099:5f76:8e91:f402%1995086620 - - [2017-07-07 12:16:58] "GET /org/openbmc/control/flash/bios HTTP/1.1" 200 396 0.111029
Jul 07 12:17:09 witherspoon phosphor-gevent[996]: ::6099:5f76:8e91:f402%1995086620 - - [2017-07-07 12:17:09] "POST /login HTTP/1.1" 200 320 0.033010
Jul 07 12:17:09 witherspoon phosphor-gevent[996]: ::6099:5f76:8e91:f402%1995086620 - - [2017-07-07 12:17:09] "GET /org/openbmc/control/flash/bios HTTP/1.1" 200 396 0.067804
Jul 07 12:17:19 witherspoon phosphor-gevent[996]: ::6099:5f76:8e91:f402%1995086620 - - [2017-07-07 12:17:19] "POST /login HTTP/1.1" 200 320 0.033200
Jul 07 12:17:20 witherspoon phosphor-gevent[996]: ::6099:5f76:8e91:f402%1995086620 - - [2017-07-07 12:17:20] "GET /org/openbmc/control/flash/bios HTTP/1.1" 200 400 0.522816
Jul 07 12:17:30 witherspoon phosphor-gevent[996]: ::6099:5f76:8e91:f402%1995086620 - - [2017-07-07 12:17:30] "POST /login HTTP/1.1" 200 320 0.033132
Jul 07 12:17:30 witherspoon phosphor-gevent[996]: ::6099:5f76:8e91:f402%1995086620 - - [2017-07-07 12:17:30] "GET /org/openbmc/control/flash/bios HTTP/1.1" 200 401 0.067649
Jul 07 12:17:40 witherspoon phosphor-gevent[996]: ::6099:5f76:8e91:f402%1995086620 - - [2017-07-07 12:17:40] "POST /login HTTP/1.1" 200 320 0.032972
Jul 07 12:17:41 witherspoon phosphor-gevent[996]: ::6099:5f76:8e91:f402%1995086620 - - [2017-07-07 12:17:41] "GET /org/openbmc/control/flash/bios HTTP/1.1" 200 401 0.070256
Jul 07 12:17:51 witherspoon phosphor-gevent[996]: ::6099:5f76:8e91:f402%1995086620 - - [2017-07-07 12:17:51] "POST /login HTTP/1.1" 200 320 0.039208
Jul 07 12:17:51 witherspoon phosphor-gevent[996]: ::6099:5f76:8e91:f402%1995086620 - - [2017-07-07 12:17:51] "GET /org/openbmc/control/flash/bios HTTP/1.1" 200 401 0.070286
Jul 07 12:18:01 witherspoon phosphor-gevent[996]: ::6099:5f76:8e91:f402%1995086620 - - [2017-07-07 12:18:01] "POST /login HTTP/1.1" 200 320 0.032620
Jul 07 12:18:02 witherspoon phosphor-gevent[996]: ::6099:5f76:8e91:f402%1995086620 - - [2017-07-07 12:18:01] "GET /org/openbmc/control/flash/bios HTTP/1.1" 200 400 0.067842
Jul 07 12:18:11 witherspoon phosphor-gevent[996]: ::6099:5f76:8e91:f402%1995086620 - - [2017-07-07 12:18:11] "POST /login HTTP/1.1" 200 320 0.033129
Jul 07 12:18:11 witherspoon phosphor-gevent[996]: ::6099:5f76:8e91:f402%1995086620 - - [2017-07-07 12:18:11] "GET /org/openbmc/control/flash/bios HTTP/1.1" 200 401 0.068515
Jul 07 12:18:13 witherspoon flash_bios.exe[1015]: Erasing... (may take a while !) done !
Jul 07 12:18:13 witherspoon flash_bios.exe[1015]: About to program "/tmp/witherspoon_20170628n.pnor" at 0x00000000..0x04000000 !
Jul 07 12:18:13 witherspoon flash_bios.exe[1015]: Programming & Verifying...
Jul 07 12:18:13 witherspoon flash_bios.exe[1015]: Flash done
Jul 07 12:18:22 witherspoon phosphor-gevent[996]: ::6099:5f76:8e91:f402%1995086620 - - [2017-07-07 12:18:22] "POST /login HTTP/1.1" 200 320 0.086146
Jul 07 12:18:22 witherspoon phosphor-gevent[996]: ::6099:5f76:8e91:f402%1995086620 - - [2017-07-07 12:18:22] "GET /org/openbmc/control/flash/bios HTTP/1.1" 200 398 0.259930
Jul 07 12:18:22 witherspoon systemd[1]: Started SSH Per-Connection Server (9.41.165.94:37506).
Jul 07 12:18:22 witherspoon dropbear[1124]: Failed loading /etc/dropbear/dropbear_dss_host_key
Jul 07 12:18:22 witherspoon dropbear[1124]: Failed loading /etc/dropbear/dropbear_ecdsa_host_key
Jul 07 12:18:22 witherspoon dropbear[1124]: Child connection from ::ffff:9.41.165.94:37506
Jul 07 12:18:23 witherspoon dropbear[1124]: PAM password auth succeeded for 'root' from ::ffff:9.41.165.94:37506
Jul 07 12:18:23 witherspoon dropbear[1125]: lastlog_perform_login: Couldn't stat /var/log/lastlog: No such file or directory
Jul 07 12:18:23 witherspoon dropbear[1125]: lastlog_openseek: /var/log/lastlog is not a file or directory!
Jul 07 12:18:24 witherspoon phosphor-gevent[996]: ::6099:5f76:8e91:f402%1995086620 - - [2017-07-07 12:18:24] "POST /login HTTP/1.1" 200 320 0.034721
Jul 07 12:18:24 witherspoon phosphor-gevent[996]: ::6099:5f76:8e91:f402%1995086620 - - [2017-07-07 12:18:24] "GET /xyz/openbmc_project/state/host0//attr/CurrentHostState HTTP/1.1" 200 212 0.082079
Jul 07 12:18:24 witherspoon systemd[1]: Created slice system-obmc\x2dconsole\x2dssh.slice.
Jul 07 12:18:24 witherspoon dropbear[1129]: Failed loading /etc/dropbear/dropbear_dss_host_key
Jul 07 12:18:24 witherspoon systemd[1]: Started Phosphor Host Console SSH Per-Connection (9.41.165.94:32788).
Jul 07 12:18:24 witherspoon dropbear[1129]: Failed loading /etc/dropbear/dropbear_ecdsa_host_key
Jul 07 12:18:24 witherspoon dropbear[1129]: Child connection from ::ffff:9.41.165.94:32788
Jul 07 12:18:25 witherspoon dropbear[1129]: PAM password auth succeeded for 'root' from ::ffff:9.41.165.94:32788
Jul 07 12:18:25 witherspoon dropbear[1130]: lastlog_perform_login: Couldn't stat /var/log/lastlog: No such file or directory
Jul 07 12:18:25 witherspoon dropbear[1130]: lastlog_openseek: /var/log/lastlog is not a file or directory!
Jul 07 12:18:25 witherspoon phosphor-gevent[996]: ::6099:5f76:8e91:f402%1995086620 - - [2017-07-07 12:18:25] "POST /login HTTP/1.1" 200 320 0.035723
Jul 07 12:18:25 witherspoon phosphor-gevent[996]: ::6099:5f76:8e91:f402%1995086620 - - [2017-07-07 12:18:25] "PUT /org/openbmc/settings/host0/attr/power_policy HTTP/1.1" 200 169 0.300117
Jul 07 12:18:26 witherspoon phosphor-gevent[996]: ::6099:5f76:8e91:f402%1995086620 - - [2017-07-07 12:18:26] "POST /login HTTP/1.1" 200 320 0.033190
Jul 07 12:18:26 witherspoon phosphor-gevent[996]: ::6099:5f76:8e91:f402%1995086620 - - [2017-07-07 12:18:26] "GET /org/openbmc/settings/host0/attr/power_policy HTTP/1.1" 200 185 0.072087
Jul 07 12:18:26 witherspoon systemd[1]: Started SSH Per-Connection Server (9.41.165.94:37516).
Jul 07 12:18:26 witherspoon dropbear[1131]: Failed loading /etc/dropbear/dropbear_dss_host_key
Jul 07 12:18:26 witherspoon dropbear[1131]: Failed loading /etc/dropbear/dropbear_ecdsa_host_key
Jul 07 12:18:26 witherspoon dropbear[1131]: Child connection from ::ffff:9.41.165.94:37516
Jul 07 12:18:26 witherspoon dropbear[1131]: PAM password auth succeeded for 'root' from ::ffff:9.41.165.94:37516
Jul 07 12:18:26 witherspoon dropbear[1132]: lastlog_perform_login: Couldn't stat /var/log/lastlog: No such file or directory
Jul 07 12:18:26 witherspoon dropbear[1132]: lastlog_openseek: /var/log/lastlog is not a file or directory!
Jul 07 12:18:28 witherspoon phosphor-gevent[996]: ::6099:5f76:8e91:f402%1995086620 - - [2017-07-07 12:18:28] "POST /login HTTP/1.1" 200 320 0.047199
Jul 07 12:18:28 witherspoon phosphor-gevent[996]: ::6099:5f76:8e91:f402%1995086620 - - [2017-07-07 12:18:28] "GET /xyz/openbmc_project/state/chassis0//attr/CurrentPowerState HTTP/1.1" 200 216 0.111557
Jul 07 12:18:28 witherspoon phosphor-gevent[996]: ::6099:5f76:8e91:f402%1995086620 - - [2017-07-07 12:18:28] "POST /login HTTP/1.1" 200 320 0.033097
Jul 07 12:18:28 witherspoon phosphor-gevent[996]: ::6099:5f76:8e91:f402%1995086620 - - [2017-07-07 12:18:28] "GET /xyz/openbmc_project/state/bmc0//attr/CurrentBMCState HTTP/1.1" 200 212 0.051124
Jul 07 12:18:28 witherspoon phosphor-gevent[996]: ::6099:5f76:8e91:f402%1995086620 - - [2017-07-07 12:18:28] "POST /login HTTP/1.1" 200 320 0.033130
Jul 07 12:18:28 witherspoon phosphor-gevent[996]: ::6099:5f76:8e91:f402%1995086620 - - [2017-07-07 12:18:28] "GET /org/openbmc/sensors/host/BootProgress/attr/value HTTP/1.1" 200 170 0.068604
Jul 07 12:18:28 witherspoon phosphor-gevent[996]: ::6099:5f76:8e91:f402%1995086620 - - [2017-07-07 12:18:28] "POST /login HTTP/1.1" 200 320 0.033080
Jul 07 12:18:29 witherspoon phosphor-gevent[996]: ::6099:5f76:8e91:f402%1995086620 - - [2017-07-07 12:18:29] "GET /xyz/openbmc_project/state/host0//attr/CurrentHostState HTTP/1.1" 200 212 0.058476
Jul 07 12:18:29 witherspoon phosphor-gevent[996]: ::6099:5f76:8e91:f402%1995086620 - - [2017-07-07 12:18:29] "POST /login HTTP/1.1" 200 320 0.049432
Jul 07 12:18:29 witherspoon phosphor-host-state-manager[1046]: Host State transaction request
Jul 07 12:18:29 witherspoon phosphor-gevent[996]: ::6099:5f76:8e91:f402%1995086620 - - [2017-07-07 12:18:29] "PUT /xyz/openbmc_project/state/host0//attr/RequestedHostTransition HTTP/1.1" 200 169 0.260294
Jul 07 12:18:29 witherspoon systemd[1]: Created slice system-phosphor\x2dfan\x2dpresence\x2dtach.slice.
Jul 07 12:18:29 witherspoon systemd[1]: Created slice system-fsi\x2dscan.slice.
Jul 07 12:18:29 witherspoon systemd[1]: Created slice system-pcie\x2dslot\x2ddetect.slice.
Jul 07 12:18:29 witherspoon systemd[1]: Starting Wait for /xyz/openbmc_project/led/groups/power_on...
Jul 07 12:18:29 witherspoon systemd[1]: Created slice system-vcs_off.slice.
Jul 07 12:18:29 witherspoon systemd[1]: Created slice system-ir35221\x2don\x2dbind.slice.
Jul 07 12:18:29 witherspoon systemd[1]: Starting Wait for /org/openbmc/control/chassis0...
Jul 07 12:18:29 witherspoon systemd[1]: Created slice system-cfam_override.slice.
Jul 07 12:18:30 witherspoon phosphor-gevent[996]: ::6099:5f76:8e91:f402%1995086620 - - [2017-07-07 12:18:30] "POST /login HTTP/1.1" 200 320 0.032703
Jul 07 12:18:29 witherspoon systemd[1]: Created slice system-start_host.slice.
Jul 07 12:18:29 witherspoon systemd[1]: Created slice system-avsbus\x2denable.slice.
Jul 07 12:18:29 witherspoon systemd[1]: Created slice system-ir35221\x2don\x2dunbind.slice.
Jul 07 12:18:29 witherspoon systemd[1]: Starting Witherspoon Fan Watchdog Reset...
Jul 07 12:18:29 witherspoon systemd[1]: Created slice system-avsbus\x2ddisable.slice.
Jul 07 12:18:29 witherspoon systemd[1]: Created slice system-avsbus\x2dworkaround.slice.
Jul 07 12:18:29 witherspoon systemd[1]: Created slice system-vcs_workaround.slice.
Jul 07 12:18:29 witherspoon systemd[1]: Created slice system-phosphor\x2dfan\x2dcontrol\x2dinit.slice.
Jul 07 12:18:29 witherspoon systemd[1]: Created slice system-ucd_disable_vcs.slice.
Jul 07 12:18:29 witherspoon systemd[1]: Starting Disable UCD VCS rails...
Jul 07 12:18:30 witherspoon systemd[1]: Created slice system-vcs_on.slice.
Jul 07 12:18:30 witherspoon systemd[1]: Starting power on mode unbind ir35221 device driver devs...
Jul 07 12:18:30 witherspoon systemd[1]: Created slice system-phosphor\x2dgpio\x2dmonitor.slice.
Jul 07 12:18:30 witherspoon systemd[1]: Started Phosphor GPIO checkstop monitor.
Jul 07 12:18:30 witherspoon systemd[1]: Created slice system-phosphor\x2dwatchdog.slice.
Jul 07 12:18:30 witherspoon systemd[1]: Started Phosphor poweron watchdog.
Jul 07 12:18:30 witherspoon systemd[1]: Reached target Start Host checkstop monitor.
Jul 07 12:18:31 witherspoon kernel: ucd9000 11-0064: Device ID UCD90160|2.3.4.0000|110603
Jul 07 12:18:31 witherspoon kernel[929]: [  403.840000] ucd9000 11-0064: Device ID UCD90160|2.3.4.0000|110603
Jul 07 12:18:30 witherspoon systemd[1]: Created slice system-op\x2dwait\x2dpower\x2don.slice.
Jul 07 12:18:30 witherspoon systemd[1]: Created slice system-mapper\x2dsubtree\x2dremove.slice.
Jul 07 12:18:30 witherspoon systemd[1]: Starting mapper subtree-remove /xyz/openbmc_project/software:xyz.openbmc_project.Software.ActivationBlocksTransition...
Jul 07 12:18:30 witherspoon systemd[1]: Created slice system-op\x2dpower\x2dstart.slice.
Jul 07 12:18:30 witherspoon systemd[1]: Created slice system-vrm\x2dcontrol.slice.
Jul 07 12:18:30 witherspoon systemd[1]: Created slice system-fsi\x2dbind.slice.
Jul 07 12:18:30 witherspoon systemd[1]: Starting Wait for Power0 to turn on...
Jul 07 12:18:31 witherspoon systemd[1]: Started Witherspoon Fan Watchdog Reset.
Jul 07 12:18:31 witherspoon systemd[1]: Started power on mode unbind ir35221 device driver devs.
Jul 07 12:18:31 witherspoon systemd[1]: xyz.openbmc_project.Hwmon@ahb-apb-i2c\x401e78a000-i2c\x2dbus\x40400-ucd90160\x4064.service: Unit not needed anymore. Stopping.
Jul 07 12:18:31 witherspoon systemd[1]: xyz.openbmc_project.Hwmon@ahb-apb-i2c\x401e78a000-i2c\x2dbus\x40140-ir35221\x4071.service: Service hold-off time over, scheduling restart.
Jul 07 12:18:31 witherspoon systemd[1]: xyz.openbmc_project.Hwmon@ahb-apb-i2c\x401e78a000-i2c\x2dbus\x40180-ir35221\x4071.service: Service hold-off time over, scheduling restart.
Jul 07 12:18:32 witherspoon systemd[1]: xyz.openbmc_project.Hwmon@ahb-apb-i2c\x401e78a000-i2c\x2dbus\x40180-ir35221\x4070.service: Service hold-off time over, scheduling restart.
Jul 07 12:18:32 witherspoon systemd[1]: xyz.openbmc_project.Hwmon@ahb-apb-i2c\x401e78a000-i2c\x2dbus\x40140-ir35221\x4070.service: Service hold-off time over, scheduling restart.
Jul 07 12:18:32 witherspoon systemd[1]: xyz.openbmc_project.Hwmon@ahb-apb-i2c\x401e78a000-i2c\x2dbus\x40400-ucd90160\x4064.service: Service hold-off time over, scheduling restart.
Jul 07 12:18:32 witherspoon systemd[1]: xyz.openbmc_project.Hwmon@ahb-apb-i2c\x401e78a000-i2c\x2dbus\x40400-ucd90160\x4064.service: Stop job pending for unit, delaying automatic restart.
Jul 07 12:18:32 witherspoon systemd[1]: xyz.openbmc_project.Hwmon@ahb-apb-i2c\x401e78a000-i2c\x2dbus\x40140-ir35221\x4071.service: Unit not needed anymore. Stopping.
Jul 07 12:18:32 witherspoon systemd[1]: Requested transaction contradicts existing jobs: Transaction is destructive.
Jul 07 12:18:32 witherspoon systemd[1]: xyz.openbmc_project.Hwmon@ahb-apb-i2c\x401e78a000-i2c\x2dbus\x40140-ir35221\x4071.service: Failed to enqueue stop job, ignoring: Transaction is destructive.
Jul 07 12:18:32 witherspoon systemd[1]: xyz.openbmc_project.Hwmon@ahb-apb-i2c\x401e78a000-i2c\x2dbus\x40180-ir35221\x4070.service: Unit not needed anymore. Stopping.
Jul 07 12:18:32 witherspoon systemd[1]: Requested transaction contradicts existing jobs: Transaction is destructive.
Jul 07 12:18:32 witherspoon systemd[1]: xyz.openbmc_project.Hwmon@ahb-apb-i2c\x401e78a000-i2c\x2dbus\x40180-ir35221\x4070.service: Failed to enqueue stop job, ignoring: Transaction is destructive.
Jul 07 12:18:32 witherspoon systemd[1]: Started Disable UCD VCS rails.
Jul 07 12:18:32 witherspoon systemd[1]: xyz.openbmc_project.Hwmon@ahb-apb-i2c\x401e78a000-i2c\x2dbus\x40140-ir35221\x4070.service: Unit not needed anymore. Stopping.
Jul 07 12:18:32 witherspoon systemd[1]: Requested transaction contradicts existing jobs: Transaction is destructive.
Jul 07 12:18:32 witherspoon systemd[1]: xyz.openbmc_project.Hwmon@ahb-apb-i2c\x401e78a000-i2c\x2dbus\x40140-ir35221\x4070.service: Failed to enqueue stop job, ignoring: Transaction is destructive.
Jul 07 12:18:32 witherspoon systemd[1]: xyz.openbmc_project.Hwmon@ahb-apb-i2c\x401e78a000-i2c\x2dbus\x40180-ir35221\x4071.service: Unit not needed anymore. Stopping.
Jul 07 12:18:32 witherspoon systemd[1]: Requested transaction contradicts existing jobs: Transaction is destructive.
Jul 07 12:18:32 witherspoon systemd[1]: xyz.openbmc_project.Hwmon@ahb-apb-i2c\x401e78a000-i2c\x2dbus\x40180-ir35221\x4071.service: Failed to enqueue stop job, ignoring: Transaction is destructive.
Jul 07 12:18:32 witherspoon systemd[1]: Starting Perform AVS bus workaround on VRMs...
Jul 07 12:18:32 witherspoon systemd[1]: Stopped Phosphor Hwmon Poller.
Jul 07 12:18:32 witherspoon systemd[1]: Started Phosphor Hwmon Poller.
Jul 07 12:18:32 witherspoon systemd[1]: xyz.openbmc_project.Hwmon@ahb-apb-i2c\x401e78a000-i2c\x2dbus\x40140-ir35221\x4070.service: Unit not needed anymore. Stopping.
Jul 07 12:18:32 witherspoon systemd[1]: Stopping Phosphor Hwmon Poller...
Jul 07 12:18:32 witherspoon systemd[1]: Stopped Phosphor Hwmon Poller.
Jul 07 12:18:32 witherspoon systemd[1]: Started Phosphor Hwmon Poller.
Jul 07 12:18:32 witherspoon systemd[1]: xyz.openbmc_project.Hwmon@ahb-apb-i2c\x401e78a000-i2c\x2dbus\x40180-ir35221\x4070.service: Unit not needed anymore. Stopping.
Jul 07 12:18:32 witherspoon systemd[1]: Stopping Phosphor Hwmon Poller...
Jul 07 12:18:32 witherspoon systemd[1]: Stopped Phosphor Hwmon Poller.
Jul 07 12:18:32 witherspoon systemd[1]: Started Phosphor Hwmon Poller.
Jul 07 12:18:32 witherspoon systemd[1]: xyz.openbmc_project.Hwmon@ahb-apb-i2c\x401e78a000-i2c\x2dbus\x40180-ir35221\x4071.service: Unit not needed anymore. Stopping.
Jul 07 12:18:32 witherspoon systemd[1]: Stopping Phosphor Hwmon Poller...
Jul 07 12:18:32 witherspoon systemd[1]: Stopped Phosphor Hwmon Poller.
Jul 07 12:18:32 witherspoon systemd[1]: Started Phosphor Hwmon Poller.
Jul 07 12:18:32 witherspoon systemd[1]: xyz.openbmc_project.Hwmon@ahb-apb-i2c\x401e78a000-i2c\x2dbus\x40140-ir35221\x4071.service: Unit not needed anymore. Stopping.
Jul 07 12:18:32 witherspoon systemd[1]: Stopping Phosphor Hwmon Poller...
Jul 07 12:18:32 witherspoon systemd[1]: Stopped Phosphor Hwmon Poller.
Jul 07 12:18:32 witherspoon systemd[1]: Stopped Phosphor Hwmon Poller.
Jul 07 12:18:32 witherspoon systemd[1]: Stopped Phosphor Hwmon Poller.
Jul 07 12:18:32 witherspoon systemd[1]: Stopped Phosphor Hwmon Poller.
Jul 07 12:18:32 witherspoon systemd[1]: Started Perform AVS bus workaround on VRMs.
Jul 07 12:18:32 witherspoon systemd[1]: Stopped Phosphor Hwmon Poller.
Jul 07 12:18:33 witherspoon systemd[1]: Starting Disable the AVS bus on the VRMs...
Jul 07 12:18:33 witherspoon systemd[1]: Started Disable the AVS bus on the VRMs.
Jul 07 12:18:33 witherspoon systemd[1]: Starting Apply voltage overrides to VRMs...
Jul 07 12:18:33 witherspoon vrm-control.sh[1209]: rail        set        read        current
Jul 07 12:18:33 witherspoon vrm-control.sh[1209]: -------        ------- ------- -------
Jul 07 12:18:34 witherspoon vrm-control.sh[1209]: vdna        0.898V        0.004V        0.000A
Jul 07 12:18:35 witherspoon vrm-control.sh[1209]: vdnb        0.898V        0.004V        0.000A
Jul 07 12:18:35 witherspoon systemd[1]: Started Apply voltage overrides to VRMs.
Jul 07 12:18:35 witherspoon systemd[1]: Starting Enable the AVS bus on VRMs...
Jul 07 12:18:35 witherspoon systemd[1]: Started Enable the AVS bus on VRMs.
Jul 07 12:18:35 witherspoon systemd[1]: Starting Disable VCS before Witherspoon power on...
Jul 07 12:18:35 witherspoon systemd[1]: Started Disable VCS before Witherspoon power on.
Jul 07 12:18:35 witherspoon systemd[1]: Reached target Power0 On (Pre).
Jul 07 12:18:35 witherspoon systemd[1]: Starting Start Power0...
Jul 07 12:18:36 witherspoon phosphor-gevent[996]: ::6099:5f76:8e91:f402%1995086620 - - [2017-07-07 12:18:36] "GET /xyz/openbmc_project/state/chassis0//attr/CurrentPowerState HTTP/1.1" 200 216 6.320964
Jul 07 12:18:37 witherspoon phosphor-gevent[996]: ::6099:5f76:8e91:f402%1995086620 - - [2017-07-07 12:18:37] "POST /login HTTP/1.1" 200 320 0.264205
Jul 07 12:18:37 witherspoon systemd[1]: Started Wait for /org/openbmc/control/chassis0.
Jul 07 12:18:37 witherspoon systemd[1]: Started Wait for /xyz/openbmc_project/led/groups/power_on.
Jul 07 12:18:37 witherspoon systemd[1]: Started mapper subtree-remove /xyz/openbmc_project/software:xyz.openbmc_project.Software.ActivationBlocksTransition.
Jul 07 12:18:37 witherspoon systemd[1]: Starting Assert power_on LED...
Jul 07 12:18:40 witherspoon power_control.exe[1043]: PowerControl: setting power up SOFTWARE_PGOOD to 1
Jul 07 12:18:40 witherspoon power_control.exe[1043]: PowerControl: setting power up BMC_POWER_UP to 1
Jul 07 12:18:40 witherspoon systemd[1]: Started Start Power0.
Jul 07 12:18:40 witherspoon timemanager[1079]:  PGOOD has changed..
Jul 07 12:18:40 witherspoon phosphor-gevent[996]: ::6099:5f76:8e91:f402%1995086620 - - [2017-07-07 12:18:40] "GET /xyz/openbmc_project/state/bmc0//attr/CurrentBMCState HTTP/1.1" 200 212 3.037469
Jul 07 12:18:40 witherspoon system_manager.py[1002]: Running System State: HOST_POWERING_ON
Jul 07 12:18:40 witherspoon phosphor-ledmanager[955]: Asserting LEDs
Jul 07 12:18:40 witherspoon phosphor-ledmanager[955]: No service providers for physical LED
Jul 07 12:18:40 witherspoon systemd[1]: Started Assert power_on LED.
Jul 07 12:18:40 witherspoon phosphor-gevent[996]: ::6099:5f76:8e91:f402%1995086620 - - [2017-07-07 12:18:40] "POST /login HTTP/1.1" 200 320 0.033307
Jul 07 12:18:41 witherspoon phosphor-gevent[996]: ::6099:5f76:8e91:f402%1995086620 - - [2017-07-07 12:18:41] "GET /org/openbmc/sensors/host/BootProgress/attr/value HTTP/1.1" 200 170 0.194941
