-- Logs begin at Fri 2017-04-28 02:20:21 UTC, end at Fri 2017-04-28 02:41:11 UTC. --
Apr 28 02:20:21 witherspoon kernel: Booting Linux on physical CPU 0x0
Apr 28 02:20:21 witherspoon kernel: Linux version 4.10.17-7858cdff46b6d8aa4a4f88884a0623ff50fb78c9 (jenkins@hudson) (gcc version 6.2.0 (GCC) ) #1 Tue Jul 11 19:22:55 UTC 2017
Apr 28 02:20:21 witherspoon kernel: CPU: ARMv6-compatible processor [410fb767] revision 7 (ARMv7), cr=00c5387d
Apr 28 02:20:21 witherspoon kernel: CPU: PIPT / VIPT nonaliasing data cache, VIPT nonaliasing instruction cache
Apr 28 02:20:21 witherspoon kernel: OF: fdt:Machine model: Witherspoon BMC
Apr 28 02:20:21 witherspoon kernel: Memory policy: Data cache writeback
Apr 28 02:20:21 witherspoon kernel: SOC Rev: 04030303
Apr 28 02:20:21 witherspoon kernel: On node 0 totalpages: 110592
Apr 28 02:20:21 witherspoon kernel: free_area_init_node: node 0, pgdat 805f9514, node_mem_map 9ec1a000
Apr 28 02:20:21 witherspoon kernel:   Normal zone: 992 pages used for memmap
Apr 28 02:20:21 witherspoon kernel:   Normal zone: 0 pages reserved
Apr 28 02:20:21 witherspoon kernel:   Normal zone: 110592 pages, LIFO batch:31
Apr 28 02:20:21 witherspoon kernel: pcpu-alloc: s0 r0 d32768 u32768 alloc=1*32768
Apr 28 02:20:21 witherspoon kernel: pcpu-alloc: [0] 0 
Apr 28 02:20:21 witherspoon kernel: Built 1 zonelists in Zone order, mobility grouping on.  Total pages: 109600
Apr 28 02:20:21 witherspoon kernel: Kernel command line: console=ttyS4,115200n8 root=/dev/ram rw
Apr 28 02:20:21 witherspoon kernel: PID hash table entries: 2048 (order: 1, 8192 bytes)
Apr 28 02:20:21 witherspoon kernel: Dentry cache hash table entries: 65536 (order: 6, 262144 bytes)
Apr 28 02:20:21 witherspoon kernel: Inode-cache hash table entries: 32768 (order: 5, 131072 bytes)
Apr 28 02:20:21 witherspoon kernel: Memory: 430472K/442368K available (4062K kernel code, 280K rwdata, 1172K rodata, 284K init, 111K bss, 11896K reserved, 0K cma-reserved)
Apr 28 02:20:21 witherspoon kernel: Virtual kernel memory layout:
                                        vector  : 0xffff0000 - 0xffff1000   (   4 kB)
                                        fixmap  : 0xffc00000 - 0xfff00000   (3072 kB)
                                        vmalloc : 0x9f800000 - 0xff800000   (1536 MB)
                                        lowmem  : 0x80000000 - 0x9f000000   ( 496 MB)
                                          .text : 0x80008000 - 0x803ffcc0   (4064 kB)
                                          .init : 0x8057f000 - 0x805c6000   ( 284 kB)
                                          .data : 0x805c6000 - 0x8060c2a8   ( 281 kB)
                                           .bss : 0x8060c2a8 - 0x80628158   ( 112 kB)
Apr 28 02:20:21 witherspoon kernel: NR_IRQS:16 nr_irqs:16 16
Apr 28 02:20:21 witherspoon kernel: i2c controller registered, irq 16
Apr 28 02:20:21 witherspoon kernel: clocksource: moxart_timer: mask: 0xffffffff max_cycles: 0xffffffff, max_idle_ns: 77222644334 ns
Apr 28 02:20:21 witherspoon kernel: sched_clock: 32 bits at 100 Hz, resolution 10000000ns, wraps every 21474836475000000ns
Apr 28 02:20:21 witherspoon kernel: Calibrating delay loop... 789.70 BogoMIPS (lpj=3948544)
Apr 28 02:20:21 witherspoon kernel: pid_max: default: 32768 minimum: 301
Apr 28 02:20:21 witherspoon kernel: Mount-cache hash table entries: 1024 (order: 0, 4096 bytes)
Apr 28 02:20:21 witherspoon kernel: Mountpoint-cache hash table entries: 1024 (order: 0, 4096 bytes)
Apr 28 02:20:21 witherspoon kernel: CPU: Testing write buffer coherency: ok
Apr 28 02:20:21 witherspoon kernel: ftrace: allocating 14932 entries in 44 pages
Apr 28 02:20:21 witherspoon kernel: Setting up static identity map for 0x80008200 - 0x8000825c
Apr 28 02:20:21 witherspoon kernel: devtmpfs: initialized
Apr 28 02:20:21 witherspoon kernel: clocksource: jiffies: mask: 0xffffffff max_cycles: 0xffffffff, max_idle_ns: 19112604462750000 ns
Apr 28 02:20:21 witherspoon kernel: futex hash table entries: 256 (order: -1, 3072 bytes)
Apr 28 02:20:21 witherspoon kernel: pinctrl core: initialized pinctrl subsystem
Apr 28 02:20:21 witherspoon kernel: NET: Registered protocol family 16
Apr 28 02:20:21 witherspoon kernel: DMA: preallocated 256 KiB pool for atomic coherent allocations
Apr 28 02:20:21 witherspoon kernel: usbcore: registered new interface driver usbfs
Apr 28 02:20:21 witherspoon kernel: usbcore: registered new interface driver hub
Apr 28 02:20:21 witherspoon kernel: usbcore: registered new device driver usb
Apr 28 02:20:21 witherspoon kernel: clocksource: Switched to clocksource moxart_timer
Apr 28 02:20:21 witherspoon kernel: NET: Registered protocol family 2
Apr 28 02:20:21 witherspoon kernel: TCP established hash table entries: 4096 (order: 2, 16384 bytes)
Apr 28 02:20:21 witherspoon kernel: TCP bind hash table entries: 4096 (order: 2, 16384 bytes)
Apr 28 02:20:21 witherspoon kernel: TCP: Hash tables configured (established 4096 bind 4096)
Apr 28 02:20:21 witherspoon kernel: UDP hash table entries: 256 (order: 0, 4096 bytes)
Apr 28 02:20:21 witherspoon kernel: UDP-Lite hash table entries: 256 (order: 0, 4096 bytes)
Apr 28 02:20:21 witherspoon kernel: NET: Registered protocol family 1
Apr 28 02:20:21 witherspoon kernel: Trying to unpack rootfs image as initramfs...
Apr 28 02:20:21 witherspoon kernel: Freeing initrd memory: 1544K
Apr 28 02:20:21 witherspoon kernel: workingset: timestamp_bits=30 max_order=17 bucket_order=0
Apr 28 02:20:21 witherspoon kernel: squashfs: version 4.0 (2009/01/31) Phillip Lougher
Apr 28 02:20:21 witherspoon kernel: jffs2: version 2.2. (SUMMARY)  © 2001-2006 Red Hat, Inc.
Apr 28 02:20:21 witherspoon kernel: Block layer SCSI generic (bsg) driver version 0.4 loaded (major 250)
Apr 28 02:20:21 witherspoon kernel: io scheduler noop registered
Apr 28 02:20:21 witherspoon kernel: io scheduler deadline registered
Apr 28 02:20:21 witherspoon kernel: io scheduler cfq registered (default)
Apr 28 02:20:21 witherspoon kernel: ipmi-bt-host 1e789140.ibt: Found bt bmc device
Apr 28 02:20:21 witherspoon kernel: ipmi-bt-host 1e789140.ibt: Using IRQ 22
Apr 28 02:20:21 witherspoon kernel: Serial: 8250/16550 driver, 6 ports, IRQ sharing enabled
Apr 28 02:20:21 witherspoon kernel: 1e783000.serial: ttyS0 at MMIO 0x1e783000 (irq = 23, base_baud = 1500000) is a 16550A
Apr 28 02:20:21 witherspoon kernel: 1e78d000.serial: ttyS1 at MMIO 0x1e78d000 (irq = 24, base_baud = 1500000) is a 16550A
Apr 28 02:20:21 witherspoon kernel: 1e784000.serial: ttyS4 at MMIO 0x1e784000 (irq = 25, base_baud = 1500000) is a 16550A
Apr 28 02:20:21 witherspoon kernel: console [ttyS4] enabled
Apr 28 02:20:21 witherspoon kernel: 1e787000.vuart: ttyS2 at MMIO 0x1e787000 (irq = 22, base_baud = 1500000) is a 16550A
Apr 28 02:20:21 witherspoon kernel: timeriomem_rng 1e6e2078.hwrng: 32bits from 0xf00e2078 @ 1us
Apr 28 02:20:21 witherspoon kernel: random: fast init done
Apr 28 02:20:21 witherspoon kernel: brd: module loaded
Apr 28 02:20:21 witherspoon kernel: random: crng init done
Apr 28 02:20:21 witherspoon kernel: loop: module loaded
Apr 28 02:20:21 witherspoon kernel: aspeed-lpc-ctrl 1e789080.lpc-ctrl: Loaded at 0x98000000 (0x04000000)
Apr 28 02:20:21 witherspoon kernel: aspeed-smc 1e620000.flash-controller: Using IRQ 18
Apr 28 02:20:21 witherspoon kernel: aspeed-smc 1e620000.flash-controller: DMA support disabled.
Apr 28 02:20:21 witherspoon kernel: aspeed-smc 1e620000.flash-controller: mx25l25635e (32768 Kbytes)
Apr 28 02:20:21 witherspoon kernel: aspeed-smc 1e620000.flash-controller: CE0 window [ 0x20000000 - 0x22000000 ] 32MB
Apr 28 02:20:21 witherspoon kernel: aspeed-smc 1e620000.flash-controller: CE1 window [ 0x22000000 - 0x2a000000 ] 128MB
Apr 28 02:20:21 witherspoon kernel: 5 ofpart partitions found on MTD device bmc
Apr 28 02:20:21 witherspoon kernel: Creating 5 MTD partitions on "bmc":
Apr 28 02:20:21 witherspoon kernel: 0x000000000000-0x000000060000 : "u-boot"
Apr 28 02:20:21 witherspoon kernel: 0x000000060000-0x000000080000 : "u-boot-env"
Apr 28 02:20:21 witherspoon kernel: 0x000000080000-0x0000004c0000 : "kernel"
Apr 28 02:20:21 witherspoon kernel: 0x0000004c0000-0x000001c00000 : "rofs"
Apr 28 02:20:21 witherspoon kernel: 0x000001c00000-0x000002000000 : "rwfs"
Apr 28 02:20:21 witherspoon kernel: aspeed-smc 1e620000.flash-controller: mx25l25635e (32768 Kbytes)
Apr 28 02:20:21 witherspoon kernel: aspeed-smc 1e620000.flash-controller: CE1 window [ 0x22000000 - 0x24000000 ] 32MB
Apr 28 02:20:21 witherspoon kernel: aspeed-smc 1e620000.flash-controller: CE2 window [ 0x24000000 - 0x2c000000 ] 128MB
Apr 28 02:20:21 witherspoon kernel: aspeed-smc 1e630000.flash-controller: mx66l1g45g (131072 Kbytes)
Apr 28 02:20:21 witherspoon kernel: aspeed-smc 1e630000.flash-controller: CE0 window resized to 120MB (AST2500 HW quirk)
Apr 28 02:20:21 witherspoon kernel: aspeed-smc 1e630000.flash-controller: CE0 window [ 0x30000000 - 0x37800000 ] 120MB
Apr 28 02:20:21 witherspoon kernel: aspeed-smc 1e630000.flash-controller: CE0 window too small for chip 128MB
Apr 28 02:20:21 witherspoon kernel: aspeed-smc 1e630000.flash-controller: CE1 window [ 0x37800000 - 0x38000000 ] 8MB
Apr 28 02:20:21 witherspoon kernel: libphy: Fixed MDIO Bus: probed
Apr 28 02:20:21 witherspoon kernel: ftgmac100 1e660000.ethernet: Read MAC address 70:e2:84:14:20:45 from chip
Apr 28 02:20:21 witherspoon kernel: ftgmac100 1e660000.ethernet: Using NCSI interface
Apr 28 02:20:21 witherspoon kernel: ftgmac100 1e660000.ethernet eth0: irq 20, mapped at f0060000
Apr 28 02:20:21 witherspoon kernel: ehci_hcd: USB 2.0 'Enhanced' Host Controller (EHCI) Driver
Apr 28 02:20:21 witherspoon kernel: ehci-platform: EHCI generic platform driver
Apr 28 02:20:21 witherspoon kernel:  fsi0: can't read slave 00:00 -5
Apr 28 02:20:21 witherspoon kernel: i2c /dev entries driver
Apr 28 02:20:21 witherspoon kernel: aspeed-i2c-bus 1e78a0c0.i2c-bus: i2c bus 2 registered, irq 26
Apr 28 02:20:22 witherspoon kernel: aspeed-i2c-bus 1e78a100.i2c-bus: i2c bus 3 registered, irq 27
Apr 28 02:20:22 witherspoon kernel: aspeed-i2c-bus 1e78a140.i2c-bus: i2c bus 4 registered, irq 28
Apr 28 02:20:22 witherspoon kernel: aspeed-i2c-bus 1e78a180.i2c-bus: i2c bus 5 registered, irq 29
Apr 28 02:20:22 witherspoon kernel: aspeed-i2c-bus 1e78a380.i2c-bus: i2c bus 9 registered, irq 30
Apr 28 02:20:22 witherspoon kernel: aspeed-i2c-bus 1e78a3c0.i2c-bus: i2c bus 10 registered, irq 31
Apr 28 02:20:22 witherspoon kernel: rtc-rv8803 11-0032: Voltage low, temperature compensation stopped.
Apr 28 02:20:22 witherspoon kernel: rtc-rv8803 11-0032: rtc core: registered rx8900 as rtc0
Apr 28 02:20:22 witherspoon kernel: at24 11-0051: 8192 byte 24c64 EEPROM, writable, 1 bytes/write
Apr 28 02:20:22 witherspoon kernel: aspeed-i2c-bus 1e78a400.i2c-bus: i2c bus 11 registered, irq 32
Apr 28 02:20:22 witherspoon kernel: aspeed-i2c-bus 1e78a440.i2c-bus: i2c bus 12 registered, irq 33
Apr 28 02:20:22 witherspoon kernel: aspeed-i2c-bus 1e78a480.i2c-bus: i2c bus 13 registered, irq 34
Apr 28 02:20:22 witherspoon kernel: Driver for 1-wire Dallas network protocol.
Apr 28 02:20:22 witherspoon kernel: lm75 9-004a: hwmon0: sensor 'tmp275'
Apr 28 02:20:22 witherspoon kernel: ucd9000 11-0064: Device ID UCD90160|2.3.4.0000|110603
Apr 28 02:20:22 witherspoon kernel: leds-pca955x 11-0060: leds-pca955x: Using pca9552 16-bit LED driver at slave address 0x60
Apr 28 02:20:22 witherspoon kernel: leds-pca955x 11-0060: gpios 264...279
Apr 28 02:20:22 witherspoon kernel: usbcore: registered new interface driver usbhid
Apr 28 02:20:22 witherspoon kernel: usbhid: USB HID core driver
Apr 28 02:20:22 witherspoon kernel: dps310: probe of 3-0076 failed with error -5
Apr 28 02:20:22 witherspoon kernel: NET: Registered protocol family 10
Apr 28 02:20:22 witherspoon kernel: Segment Routing with IPv6
Apr 28 02:20:22 witherspoon kernel: NET: Registered protocol family 17
Apr 28 02:20:22 witherspoon kernel: 8021q: 802.1Q VLAN Support v1.8
Apr 28 02:20:22 witherspoon kernel: console [netcon0] enabled
Apr 28 02:20:22 witherspoon kernel: netconsole: network logging started
Apr 28 02:20:22 witherspoon kernel: input: gpio-keys as /devices/platform/gpio-keys/input/input0
Apr 28 02:20:22 witherspoon kernel: rtc-rv8803 11-0032: setting system clock to 2016-03-15 03:18:50 UTC (1458011930)
Apr 28 02:20:22 witherspoon kernel: Freeing unused kernel memory: 284K
Apr 28 02:20:22 witherspoon kernel: This architecture does not have kernel memory protection.
Apr 28 02:20:22 witherspoon kernel: jffs2: notice: (516) jffs2_build_xattr_subsystem: complete building xattr subsystem, 0 of xdatum (0 unchecked, 0 orphan) and 0 of xref (0 dead, 0 orphan) found.
Apr 28 02:20:22 witherspoon systemd[1]: System time before build time, advancing clock.
Apr 28 02:20:22 witherspoon systemd[1]: Failed to insert module 'autofs4': No such file or directory
Apr 28 02:20:22 witherspoon systemd[1]: systemd 232 running in system mode. (+PAM -AUDIT -SELINUX -IMA -APPARMOR -SMACK +SYSVINIT -UTMP -LIBCRYPTSETUP -GCRYPT -GNUTLS +ACL +XZ -LZ4 -SECCOMP +BLKID -ELFUTILS +KMOD -IDN)
Apr 28 02:20:22 witherspoon systemd[1]: Detected architecture arm.
Apr 28 02:20:22 witherspoon systemd[1]: Set hostname to <witherspoon>.
Apr 28 02:20:22 witherspoon systemd[1]: Listening on /dev/initctl Compatibility Named Pipe.
Apr 28 02:20:22 witherspoon systemd[1]: Listening on Journal Socket.
Apr 28 02:20:22 witherspoon systemd[1]: Listening on Network Service Netlink Socket.
Apr 28 02:20:22 witherspoon systemd[1]: Created slice System Slice.
Apr 28 02:20:22 witherspoon systemd[1]: Mounting Debug File System...
Apr 28 02:20:22 witherspoon systemd[1]: Created slice system-org.openbmc.control.Power.slice.
Apr 28 02:20:22 witherspoon systemd[1]: Created slice system-org.openbmc.control.Chassis.slice.
Apr 28 02:20:22 witherspoon systemd[1]: Reached target Remote File Systems.
Apr 28 02:20:22 witherspoon systemd[1]: Created slice system-phosphor\x2ddiscover\x2dsystem\x2dstate.slice.
Apr 28 02:20:22 witherspoon systemd[1]: Started Dispatch Password Requests to Console Directory Watch.
Apr 28 02:20:22 witherspoon systemd[1]: Reached target Paths.
Apr 28 02:20:22 witherspoon systemd[1]: Created slice system-mapper\x2dwait.slice.
Apr 28 02:20:22 witherspoon systemd[1]: Listening on Syslog Socket.
Apr 28 02:20:22 witherspoon systemd[1]: Listening on Journal Socket (/dev/log).
Apr 28 02:20:22 witherspoon systemd[1]: Starting Journal Service...
Apr 28 02:20:22 witherspoon systemd[1]: Starting Apply Kernel Variables...
Apr 28 02:20:22 witherspoon systemd[1]: Mounted Debug File System.
Apr 28 02:20:22 witherspoon systemd-journald[646]: Journal started
Apr 28 02:20:22 witherspoon systemd-journald[646]: Runtime journal (/run/log/journal/70f7be33d6d745c8a40df3301ef2d7ad) is 0B, max 0B, 0B free.
Apr 28 02:20:21 witherspoon systemd-sysctl[647]: Couldn't write '16' to 'kernel/sysrq', ignoring: No such file or directory
Apr 28 02:20:21 witherspoon systemd-sysctl[647]: Couldn't write 'fq_codel' to 'net/core/default_qdisc', ignoring: No such file or directory
Apr 28 02:20:23 witherspoon systemd[1]: Started Remount Root and Kernel File Systems.
Apr 28 02:20:23 witherspoon systemd[1]: Started Apply Kernel Variables.
Apr 28 02:20:23 witherspoon systemd[1]: Starting Create System Users...
Apr 28 02:20:23 witherspoon systemd[1]: Starting Flush Journal to Persistent Storage...
Apr 28 02:20:24 witherspoon systemd[1]: Started udev Coldplug all Devices.
Apr 28 02:20:24 witherspoon systemd[1]: Started Create System Users.
Apr 28 02:20:24 witherspoon systemd[1]: Starting Create Static Device Nodes in /dev...
Apr 28 02:20:25 witherspoon systemd-journald[646]: Runtime journal (/run/log/journal/70f7be33d6d745c8a40df3301ef2d7ad) is 0B, max 0B, 0B free.
Apr 28 02:20:25 witherspoon systemd[1]: Started Flush Journal to Persistent Storage.
Apr 28 02:20:25 witherspoon systemd[1]: Started Create Static Device Nodes in /dev.
Apr 28 02:20:25 witherspoon systemd[1]: Starting udev Kernel Device Manager...
Apr 28 02:20:25 witherspoon systemd[1]: Reached target Local File Systems (Pre).
Apr 28 02:20:26 witherspoon systemd[1]: Mounting /var/volatile...
Apr 28 02:20:26 witherspoon systemd[1]: Mounted /var/volatile.
Apr 28 02:20:26 witherspoon systemd[1]: Reached target Local File Systems.
Apr 28 02:20:26 witherspoon systemd[1]: Starting Rebuild Journal Catalog...
Apr 28 02:20:26 witherspoon systemd[1]: Starting Create Volatile Files and Directories...
Apr 28 02:20:26 witherspoon systemd[1]: Starting Load/Save Random Seed...
Apr 28 02:20:26 witherspoon systemd[1]: Started Rebuild Journal Catalog.
Apr 28 02:20:26 witherspoon systemd[1]: Starting Update is Completed...
Apr 28 02:20:26 witherspoon systemd-tmpfiles[877]: "/var/tmp" already exists and is not a directory.
Apr 28 02:20:26 witherspoon systemd-tmpfiles[877]: "/var/log" already exists and is not a directory.
Apr 28 02:20:26 witherspoon systemd[1]: Started Create Volatile Files and Directories.
Apr 28 02:20:26 witherspoon systemd[1]: Started Load/Save Random Seed.
Apr 28 02:20:26 witherspoon systemd[1]: Started Update is Completed.
Apr 28 02:20:26 witherspoon systemd[1]: Starting Network Time Synchronization...
Apr 28 02:20:26 witherspoon systemd[1]: Starting Run pending postinsts...
Apr 28 02:20:27 witherspoon systemd[1]: Started udev Kernel Device Manager.
Apr 28 02:20:27 witherspoon systemd[1]: Started Network Time Synchronization.
Apr 28 02:20:27 witherspoon systemd[1]: Reached target System Time Synchronized.
Apr 28 02:20:27 witherspoon run-postinsts[886]: Running postinst /etc/rpm-postinsts/libglib-2.0-0...
Apr 28 02:20:28 witherspoon systemd[1]: Found device /dev/aspeed-lpc-ctrl.
Apr 28 02:20:28 witherspoon systemd[1]: Found device /dev/aspeed-mbox.
Apr 28 02:20:28 witherspoon systemd[1]: Found device /dev/ttyS4.
Apr 28 02:20:28 witherspoon systemd[1]: Found device /dev/ttyVUART0.
Apr 28 02:20:28 witherspoon systemd[1]: dev-hugepages.mount: Couldn't determine result for ConditionVirtualization=!private-users, assuming failed: No such file or directory
Apr 28 02:20:28 witherspoon systemd[1]: Created slice system-xyz.openbmc_project.Hwmon.slice.
Apr 28 02:20:28 witherspoon systemd[1]: dev-hugepages.mount: Couldn't determine result for ConditionVirtualization=!private-users, assuming failed: No such file or directory
Apr 28 02:20:30 witherspoon systemd[1]: Created slice system-xyz.openbmc_project.led.controller.slice.
Apr 28 02:20:30 witherspoon systemd[1]: dev-hugepages.mount: Couldn't determine result for ConditionVirtualization=!private-users, assuming failed: No such file or directory
Apr 28 02:20:31 witherspoon run-postinsts[886]: rm: can't remove '/etc/rpm-postinsts': Invalid argument
Apr 28 02:20:32 witherspoon run-postinsts[886]:  Removing any system startup links for run-postinsts ...
Apr 28 02:20:32 witherspoon systemctl[915]: Removed /etc/systemd/system/sysinit.target.wants/run-postinsts.service.
Apr 28 02:20:32 witherspoon systemd[1]: Reloading.
Apr 28 02:20:35 witherspoon systemd[1]: Started Run pending postinsts.
Apr 28 02:20:35 witherspoon systemd[1]: Reached target System Initialization.
Apr 28 02:20:35 witherspoon systemd[1]: Listening on Phosphor Webserver socket.
Apr 28 02:20:35 witherspoon systemd[1]: Listening on Phosphor Host Console SSH Per-Connection socket.
Apr 28 02:20:35 witherspoon systemd[1]: Listening on dropbear.socket.
Apr 28 02:20:35 witherspoon systemd[1]: Listening on D-Bus System Message Bus Socket.
Apr 28 02:20:35 witherspoon systemd[1]: Listening on Avahi mDNS/DNS-SD Stack Activation Socket.
Apr 28 02:20:35 witherspoon systemd[1]: Listening on Phosphor DBUS Browser socket.
Apr 28 02:20:35 witherspoon systemd[1]: Started Daily Cleanup of Temporary Directories.
Apr 28 02:20:35 witherspoon systemd[1]: Reached target Timers.
Apr 28 02:20:35 witherspoon systemd[1]: Listening on phosphor-ipmi-net.socket.
Apr 28 02:20:35 witherspoon systemd[1]: Reached target Sockets.
Apr 28 02:20:35 witherspoon systemd[1]: Reached target Basic System.
Apr 28 02:20:35 witherspoon systemd[1]: Started Phosphor MBOX Daemon.
Apr 28 02:20:35 witherspoon systemd[1]: Started D-Bus System Message Bus.
Apr 28 02:20:37 witherspoon systemd[1]: Started Phosphor Hwmon Poller.
Apr 28 02:20:37 witherspoon systemd[1]: Reached target Containers.
Apr 28 02:20:37 witherspoon systemd[1]: Starting Phosphor BMC0 Control...
Apr 28 02:20:37 witherspoon systemd[1]: Started Phosphor Hwmon Poller.
Apr 28 02:20:37 witherspoon systemd[1]: Started Phosphor sysfs LED controller.
Apr 28 02:20:37 witherspoon systemd[1]: Starting OpenBMC Software Update Manager...
Apr 28 02:20:37 witherspoon systemd[1]: Starting Clear one time boot overrides...
Apr 28 02:20:37 witherspoon systemd[1]: Started Phosphor Dump core monitor..
Apr 28 02:20:37 witherspoon systemd[1]: Starting Phosphor Inventory Manager...
Apr 28 02:20:37 witherspoon systemd[1]: Starting Phosphor LED Group Management Daemon...
Apr 28 02:20:37 witherspoon systemd[1]: Starting Phosphor Log Manager...
Apr 28 02:20:37 witherspoon systemd[1]: Starting Phosphor Download Manager...
Apr 28 02:20:37 witherspoon systemd[1]: Started Kernel Logging Service.
Apr 28 02:20:37 witherspoon systemd[1]: Started Phosphor sysfs LED controller.
Apr 28 02:20:37 witherspoon systemd[1]: Starting OpenPower Software Update Manager...
Apr 28 02:20:37 witherspoon systemd[1]: Started Phosphor Hwmon Poller.
Apr 28 02:20:38 witherspoon systemd[1]: Starting Phosphor Inventory Manager...
Apr 28 02:20:38 witherspoon systemd[1]: Starting Phosphor Network Manager...
Apr 28 02:20:38 witherspoon systemd[1]: Started Phosphor Hwmon Poller.
Apr 28 02:20:38 witherspoon systemd[1]: Started System Logging Service.
Apr 28 02:20:38 witherspoon systemd[1]: Started Phosphor Hwmon Poller.
Apr 28 02:20:38 witherspoon systemd[1]: Started Phosphor Console Muxer listening on device /dev/ttyVUART0.
Apr 28 02:20:38 witherspoon systemd[1]: Starting Avahi mDNS/DNS-SD Stack...
Apr 28 02:20:38 witherspoon systemd[1]: Starting Phosphor Sensor Manager...
Apr 28 02:20:38 witherspoon systemd[1]: Started Hardware RNG Entropy Gatherer Daemon.
Apr 28 02:20:38 witherspoon systemd[1]: Starting Phosphor IPMI BT DBus Bridge...
Apr 28 02:20:38 witherspoon systemd[1]: Starting Phosphor User Manager...
Apr 28 02:20:38 witherspoon systemd[1]: Started Phosphor sysfs LED controller.
Apr 28 02:20:38 witherspoon systemd[1]: Starting Phosphor Download Manager...
Apr 28 02:20:38 witherspoon systemd[1]: Starting Phosphor Dump Manager...
Apr 28 02:20:38 witherspoon systemd[1]: Starting Phosphor DBus Service Discovery Manager...
Apr 28 02:20:38 witherspoon systemd[1]: Starting Network Service...
Apr 28 02:20:38 witherspoon systemd[1]: Started Phosphor Hwmon Poller.
Apr 28 02:20:38 witherspoon systemd[1]: Starting Phosphor Chassis0 Control...
Apr 28 02:20:38 witherspoon systemd[1]: Started Clear one time boot overrides.
Apr 28 02:20:40 witherspoon systemd[1]: Started Phosphor IPMI BT DBus Bridge.
Apr 28 02:20:41 witherspoon kernel[941]: klogd started: BusyBox v1.24.1 (2017-06-16 19:26:49 UTC)
Apr 28 02:20:41 witherspoon kernel[941]: [    0.000000] Booting Linux on physical CPU 0x0
Apr 28 02:20:41 witherspoon kernel[941]: [    0.000000] Linux version 4.10.17-7858cdff46b6d8aa4a4f88884a0623ff50fb78c9 (jenkins@hudson) (gcc version 6.2.0 (GCC) ) #1 Tue Jul 11 19:22:55 UTC 2017
Apr 28 02:20:41 witherspoon kernel[941]: [    0.000000] CPU: ARMv6-compatible processor [410fb767] revision 7 (ARMv7), cr=00c5387d
Apr 28 02:20:41 witherspoon kernel[941]: [    0.000000] CPU: PIPT / VIPT nonaliasing data cache, VIPT nonaliasing instruction cache
Apr 28 02:20:41 witherspoon kernel[941]: [    0.000000] OF: fdt:Machine model: Witherspoon BMC
Apr 28 02:20:41 witherspoon kernel[941]: [    0.000000] Memory policy: Data cache writeback
Apr 28 02:20:41 witherspoon kernel[941]: [    0.000000] SOC Rev: 04030303
Apr 28 02:20:41 witherspoon kernel[941]: [    0.000000] On node 0 totalpages: 110592
Apr 28 02:20:41 witherspoon kernel[941]: [    0.000000] free_area_init_node: node 0, pgdat 805f9514, node_mem_map 9ec1a000
Apr 28 02:20:41 witherspoon kernel[941]: [    0.000000]   Normal zone: 992 pages used for memmap
Apr 28 02:20:41 witherspoon kernel[941]: [    0.000000]   Normal zone: 0 pages reserved
Apr 28 02:20:41 witherspoon kernel[941]: [    0.000000]   Normal zone: 110592 pages, LIFO batch:31
Apr 28 02:20:41 witherspoon kernel[941]: [    0.000000] pcpu-alloc: s0 r0 d32768 u32768 alloc=1*32768
Apr 28 02:20:41 witherspoon kernel[941]: [    0.000000] pcpu-alloc: [0] 0
Apr 28 02:20:41 witherspoon kernel[941]: [    0.000000] Built 1 zonelists in Zone order, mobility grouping on.  Total pages: 109600
Apr 28 02:20:41 witherspoon kernel[941]: [    0.000000] Kernel command line: console=ttyS4,115200n8 root=/dev/ram rw
Apr 28 02:20:41 witherspoon kernel[941]: [    0.000000] PID hash table entries: 2048 (order: 1, 8192 bytes)
Apr 28 02:20:41 witherspoon kernel[941]: [    0.000000] Dentry cache hash table entries: 65536 (order: 6, 262144 bytes)
Apr 28 02:20:41 witherspoon kernel[941]: [    0.000000] Inode-cache hash table entries: 32768 (order: 5, 131072 bytes)
Apr 28 02:20:41 witherspoon kernel[941]: [    0.000000] Memory: 430472K/442368K available (4062K kernel code, 280K rwdata, 1172K rodata, 284K init, 111K bss, 11896K reserved, 0K cma-reserved)
Apr 28 02:20:42 witherspoon systemd[1]: Started Phosphor Download Manager.
Apr 28 02:20:41 witherspoon kernel[941]: [    0.000000] Virtual kernel memory layout:
Apr 28 02:20:42 witherspoon systemd[1]: Started Phosphor Inventory Manager.
Apr 28 02:20:41 witherspoon kernel[941]: [    0.000000]     vector  : 0xffff0000 - 0xffff1000   (   4 kB)
Apr 28 02:20:42 witherspoon systemd[1]: Started Phosphor Dump Manager.
Apr 28 02:20:41 witherspoon kernel[941]: [    0.000000]     fixmap  : 0xffc00000 - 0xfff00000   (3072 kB)
Apr 28 02:20:42 witherspoon systemd[1]: Started OpenPower Software Update Manager.
Apr 28 02:20:41 witherspoon kernel[941]: [    0.000000]     vmalloc : 0x9f800000 - 0xff800000   (1536 MB)
Apr 28 02:20:42 witherspoon systemd[1]: Started OpenBMC Software Update Manager.
Apr 28 02:20:41 witherspoon kernel[941]: [    0.000000]     lowmem  : 0x80000000 - 0x9f000000   ( 496 MB)
Apr 28 02:20:42 witherspoon systemd[1]: Starting Phosphor Version Software Manager...
Apr 28 02:20:41 witherspoon kernel[941]: [    0.000000]       .text : 0x80008000 - 0x803ffcc0   (4064 kB)
Apr 28 02:20:43 witherspoon systemd[1]: Started Phosphor Log Manager.
Apr 28 02:20:41 witherspoon kernel[941]: [    0.000000]       .init : 0x8057f000 - 0x805c6000   ( 284 kB)
Apr 28 02:20:43 witherspoon systemd-networkd[960]: Enumeration completed
Apr 28 02:20:41 witherspoon kernel[941]: [    0.000000]       .data : 0x805c6000 - 0x8060c2a8   ( 281 kB)
Apr 28 02:20:43 witherspoon systemd[1]: Started Network Service.
Apr 28 02:20:41 witherspoon kernel[941]: [    0.000000]        .bss : 0x8060c2a8 - 0x80628158   ( 112 kB)
Apr 28 02:20:43 witherspoon systemd[1]: Reached target Network.
Apr 28 02:20:41 witherspoon kernel[941]: [    0.000000] NR_IRQS:16 nr_irqs:16 16
Apr 28 02:20:43 witherspoon systemd-networkd[960]: eth0: IPv6 enabled for interface: Success
Apr 28 02:20:41 witherspoon kernel[941]: [    0.000000] i2c controller registered, irq 16
Apr 28 02:20:43 witherspoon systemd[1]: Starting Permit User Sessions...
Apr 28 02:20:41 witherspoon kernel[941]: [    0.000000] clocksource: moxart_timer: mask: 0xffffffff max_cycles: 0xffffffff, max_idle_ns: 77222644334 ns
Apr 28 02:20:43 witherspoon systemd-networkd[960]: eth0: Gained carrier
Apr 28 02:20:41 witherspoon kernel[941]: [    0.000000] sched_clock: 32 bits at 100 Hz, resolution 10000000ns, wraps every 21474836475000000ns
Apr 28 02:20:43 witherspoon systemd-timesyncd[885]: Network configuration changed, trying to establish connection.
Apr 28 02:20:41 witherspoon kernel[941]: [    0.090000] Calibrating delay loop... 789.70 BogoMIPS (lpj=3948544)
Apr 28 02:20:43 witherspoon systemd[1]: Started Lightweight SLP Server.
Apr 28 02:20:41 witherspoon kernel[941]: [    0.090000] pid_max: default: 32768 minimum: 301
Apr 28 02:20:43 witherspoon systemd[1]: Started Avahi mDNS/DNS-SD Stack.
Apr 28 02:20:41 witherspoon kernel[941]: [    0.090000] Mount-cache hash table entries: 1024 (order: 0, 4096 bytes)
Apr 28 02:20:44 witherspoon systemd[1]: Started Phosphor LED Group Management Daemon.
Apr 28 02:20:41 witherspoon kernel[941]: [    0.090000] Mountpoint-cache hash table entries: 1024 (order: 0, 4096 bytes)
Apr 28 02:20:44 witherspoon systemd[1]: Started Permit User Sessions.
Apr 28 02:20:41 witherspoon kernel[941]: [    0.090000] CPU: Testing write buffer coherency: ok
Apr 28 02:20:44 witherspoon systemd[1]: Started Serial Getty on ttyS4.
Apr 28 02:20:41 witherspoon kernel[941]: [    0.090000] ftrace: allocating 14932 entries in 44 pages
Apr 28 02:20:44 witherspoon systemd[1]: Reached target Login Prompts.
Apr 28 02:20:41 witherspoon kernel[941]: [    0.120000] Setting up static identity map for 0x80008200 - 0x8000825c
Apr 28 02:20:44 witherspoon systemd[1]: Reached target Multi-User System.
Apr 28 02:20:41 witherspoon kernel[941]: [    0.120000] devtmpfs: initialized
Apr 28 02:20:41 witherspoon kernel[941]: [    0.140000] clocksource: jiffies: mask: 0xffffffff max_cycles: 0xffffffff, max_idle_ns: 19112604462750000 ns
Apr 28 02:20:41 witherspoon kernel[941]: [    0.140000] futex hash table entries: 256 (order: -1, 3072 bytes)
Apr 28 02:20:41 witherspoon kernel[941]: [    0.140000] pinctrl core: initialized pinctrl subsystem
Apr 28 02:20:41 witherspoon kernel[941]: [    0.140000] NET: Registered protocol family 16
Apr 28 02:20:41 witherspoon kernel[941]: [    0.140000] DMA: preallocated 256 KiB pool for atomic coherent allocations
Apr 28 02:20:41 witherspoon kernel[941]: [    0.200000] usbcore: registered new interface driver usbfs
Apr 28 02:20:45 witherspoon systemd-networkd[960]: eth0: Gained IPv6LL
Apr 28 02:20:41 witherspoon kernel[941]: [    0.200000] usbcore: registered new interface driver hub
Apr 28 02:20:41 witherspoon kernel[941]: [    0.200000] usbcore: registered new device driver usb
Apr 28 02:20:41 witherspoon kernel[941]: [    0.210000] clocksource: Switched to clocksource moxart_timer
Apr 28 02:20:41 witherspoon kernel[941]: [    0.230000] NET: Registered protocol family 2
Apr 28 02:20:41 witherspoon kernel[941]: [    0.230000] TCP established hash table entries: 4096 (order: 2, 16384 bytes)
Apr 28 02:20:41 witherspoon kernel[941]: [    0.230000] TCP bind hash table entries: 4096 (order: 2, 16384 bytes)
Apr 28 02:20:41 witherspoon kernel[941]: [    0.230000] TCP: Hash tables configured (established 4096 bind 4096)
Apr 28 02:20:41 witherspoon kernel[941]: [    0.230000] UDP hash table entries: 256 (order: 0, 4096 bytes)
Apr 28 02:20:41 witherspoon kernel[941]: [    0.230000] UDP-Lite hash table entries: 256 (order: 0, 4096 bytes)
Apr 28 02:20:41 witherspoon kernel[941]: [    0.230000] NET: Registered protocol family 1
Apr 28 02:20:41 witherspoon kernel[941]: [    0.230000] Trying to unpack rootfs image as initramfs...
Apr 28 02:20:41 witherspoon kernel[941]: [    1.900000] Freeing initrd memory: 1544K
Apr 28 02:20:41 witherspoon kernel[941]: [    1.900000] workingset: timestamp_bits=30 max_order=17 bucket_order=0
Apr 28 02:20:46 witherspoon systemd[1]: Started Phosphor Version Software Manager.
Apr 28 02:20:41 witherspoon kernel[941]: [    1.900000] squashfs: version 4.0 (2009/01/31) Phillip Lougher
Apr 28 02:20:41 witherspoon kernel[941]: [    1.900000] jffs2: version 2.2. (SUMMARY)  © 2001-2006 Red Hat, Inc.
Apr 28 02:20:41 witherspoon kernel[941]: [    1.900000] Block layer SCSI generic (bsg) driver version 0.4 loaded (major 250)
Apr 28 02:20:41 witherspoon kernel[941]: [    1.900000] io scheduler noop registered
Apr 28 02:20:41 witherspoon kernel[941]: [    1.900000] io scheduler deadline registered
Apr 28 02:20:41 witherspoon kernel[941]: [    1.900000] io scheduler cfq registered (default)
Apr 28 02:20:46 witherspoon systemd[1]: Started Phosphor BMC0 Control.
Apr 28 02:20:41 witherspoon kernel[941]: [    2.050000] ipmi-bt-host 1e789140.ibt: Found bt bmc device
Apr 28 02:20:41 witherspoon kernel[941]: [    2.050000] ipmi-bt-host 1e789140.ibt: Using IRQ 22
Apr 28 02:20:41 witherspoon kernel[941]: [    2.050000] Serial: 8250/16550 driver, 6 ports, IRQ sharing enabled
Apr 28 02:20:41 witherspoon kernel[941]: [    2.050000] 1e783000.serial: ttyS0 at MMIO 0x1e783000 (irq = 23, base_baud = 1500000) is a 16550A
Apr 28 02:20:41 witherspoon kernel[941]: [    2.050000] 1e78d000.serial: ttyS1 at MMIO 0x1e78d000 (irq = 24, base_baud = 1500000) is a 16550A
Apr 28 02:20:41 witherspoon kernel[941]: [    2.050000] 1e784000.serial: ttyS4 at MMIO 0x1e784000 (irq = 25, base_baud = 1500000) is a 16550A
Apr 28 02:20:41 witherspoon kernel[941]: [    2.400000] console [ttyS4] enabled
Apr 28 02:20:41 witherspoon kernel[941]: [    2.400000] 1e787000.vuart: ttyS2 at MMIO 0x1e787000 (irq = 22, base_baud = 1500000) is a 16550A
Apr 28 02:20:41 witherspoon kernel[941]: [    2.590000] timeriomem_rng 1e6e2078.hwrng: 32bits from 0xf00e2078 @ 1us
Apr 28 02:20:47 witherspoon kernel: ftgmac100 1e660000.ethernet eth0: NCSI interface up
Apr 28 02:20:41 witherspoon kernel[941]: [    2.600000] random: fast init done
Apr 28 02:20:41 witherspoon kernel[941]: [    2.640000] brd: module loaded
Apr 28 02:20:41 witherspoon kernel[941]: [    2.660000] random: crng init done
Apr 28 02:20:41 witherspoon kernel[941]: [    2.670000] loop: module loaded
Apr 28 02:20:41 witherspoon kernel[941]: [    2.680000] aspeed-lpc-ctrl 1e789080.lpc-ctrl: Loaded at 0x98000000 (0x04000000)
Apr 28 02:20:41 witherspoon kernel[941]: [    2.690000] aspeed-smc 1e620000.flash-controller: Using IRQ 18
Apr 28 02:20:41 witherspoon kernel[941]: [    2.690000] aspeed-smc 1e620000.flash-controller: DMA support disabled.
Apr 28 02:20:41 witherspoon kernel[941]: [    2.690000] aspeed-smc 1e620000.flash-controller: mx25l25635e (32768 Kbytes)
Apr 28 02:20:41 witherspoon kernel[941]: [    2.710000] aspeed-smc 1e620000.flash-controller: CE0 window [ 0x20000000 - 0x22000000 ] 32MB
Apr 28 02:20:41 witherspoon kernel[941]: [    2.710000] aspeed-smc 1e620000.flash-controller: CE1 window [ 0x22000000 - 0x2a000000 ] 128MB
Apr 28 02:20:41 witherspoon kernel[941]: [    2.710000] 5 ofpart partitions found on MTD device bmc
Apr 28 02:20:41 witherspoon kernel[941]: [    2.710000] Creating 5 MTD partitions on "bmc":
Apr 28 02:20:41 witherspoon kernel[941]: [    2.740000] 0x000000000000-0x000000060000 : "u-boot"
Apr 28 02:20:41 witherspoon kernel[941]: [    2.740000] 0x000000060000-0x000000080000 : "u-boot-env"
Apr 28 02:20:41 witherspoon kernel[941]: [    2.760000] 0x000000080000-0x0000004c0000 : "kernel"
Apr 28 02:20:41 witherspoon kernel[941]: [    2.760000] 0x0000004c0000-0x000001c00000 : "rofs"
Apr 28 02:20:41 witherspoon kernel[941]: [    2.780000] 0x000001c00000-0x000002000000 : "rwfs"
Apr 28 02:20:41 witherspoon kernel[941]: [    2.780000] aspeed-smc 1e620000.flash-controller: mx25l25635e (32768 Kbytes)
Apr 28 02:20:41 witherspoon kernel[941]: [    2.790000] aspeed-smc 1e620000.flash-controller: CE1 window [ 0x22000000 - 0x24000000 ] 32MB
Apr 28 02:20:41 witherspoon kernel[941]: [    2.790000] aspeed-smc 1e620000.flash-controller: CE2 window [ 0x24000000 - 0x2c000000 ] 128MB
Apr 28 02:20:41 witherspoon kernel[941]: [    2.820000] aspeed-smc 1e630000.flash-controller: mx66l1g45g (131072 Kbytes)
Apr 28 02:20:41 witherspoon kernel[941]: [    2.820000] aspeed-smc 1e630000.flash-controller: CE0 window resized to 120MB (AST2500 HW quirk)
Apr 28 02:20:41 witherspoon kernel[941]: [    2.830000] aspeed-smc 1e630000.flash-controller: CE0 window [ 0x30000000 - 0x37800000 ] 120MB
Apr 28 02:20:41 witherspoon kernel[941]: [    2.830000] aspeed-smc 1e630000.flash-controller: CE0 window too small for chip 128MB
Apr 28 02:20:41 witherspoon kernel[941]: [    2.830000] aspeed-smc 1e630000.flash-controller: CE1 window [ 0x37800000 - 0x38000000 ] 8MB
Apr 28 02:20:41 witherspoon kernel[941]: [    3.580000] libphy: Fixed MDIO Bus: probed
Apr 28 02:20:41 witherspoon kernel[941]: [    3.580000] ftgmac100 1e660000.ethernet: Read MAC address 70:e2:84:14:20:45 from chip
Apr 28 02:20:41 witherspoon kernel[941]: [    3.580000] ftgmac100 1e660000.ethernet: Using NCSI interface
Apr 28 02:20:41 witherspoon kernel[941]: [    3.580000] ftgmac100 1e660000.ethernet eth0: irq 20, mapped at f0060000
Apr 28 02:20:41 witherspoon kernel[941]: [    3.580000] ehci_hcd: USB 2.0 'Enhanced' Host Controller (EHCI) Driver
Apr 28 02:20:41 witherspoon kernel[941]: [    3.580000] ehci-platform: EHCI generic platform driver
Apr 28 02:20:41 witherspoon kernel[941]: [    3.830000]  fsi0: can't read slave 00:00 -5
Apr 28 02:20:41 witherspoon kernel[941]: [    3.830000] i2c /dev entries driver
Apr 28 02:20:41 witherspoon kernel[941]: [    3.830000] aspeed-i2c-bus 1e78a0c0.i2c-bus: i2c bus 2 registered, irq 26
Apr 28 02:20:41 witherspoon kernel[941]: [    3.830000] aspeed-i2c-bus 1e78a100.i2c-bus: i2c bus 3 registered, irq 27
Apr 28 02:20:41 witherspoon kernel[941]: [    3.830000] aspeed-i2c-bus 1e78a140.i2c-bus: i2c bus 4 registered, irq 28
Apr 28 02:20:41 witherspoon kernel[941]: [    3.830000] aspeed-i2c-bus 1e78a180.i2c-bus: i2c bus 5 registered, irq 29
Apr 28 02:20:41 witherspoon kernel[941]: [    3.830000] aspeed-i2c-bus 1e78a380.i2c-bus: i2c bus 9 registered, irq 30
Apr 28 02:20:41 witherspoon kernel[941]: [    3.830000] aspeed-i2c-bus 1e78a3c0.i2c-bus: i2c bus 10 registered, irq 31
Apr 28 02:20:41 witherspoon kernel[941]: [    3.830000] rtc-rv8803 11-0032: Voltage low, temperature compensation stopped.
Apr 28 02:20:41 witherspoon kernel[941]: [    3.930000] rtc-rv8803 11-0032: rtc core: registered rx8900 as rtc0
Apr 28 02:20:41 witherspoon kernel[941]: [    3.930000] at24 11-0051: 8192 byte 24c64 EEPROM, writable, 1 bytes/write
Apr 28 02:20:41 witherspoon kernel[941]: [    3.930000] aspeed-i2c-bus 1e78a400.i2c-bus: i2c bus 11 registered, irq 32
Apr 28 02:20:41 witherspoon kernel[941]: [    3.930000] aspeed-i2c-bus 1e78a440.i2c-bus: i2c bus 12 registered, irq 33
Apr 28 02:20:41 witherspoon kernel[941]: [    3.930000] aspeed-i2c-bus 1e78a480.i2c-bus: i2c bus 13 registered, irq 34
Apr 28 02:20:41 witherspoon kernel[941]: [    3.930000] Driver for 1-wire Dallas network protocol.
Apr 28 02:20:41 witherspoon kernel[941]: [    3.930000] lm75 9-004a: hwmon0: sensor 'tmp275'
Apr 28 02:20:41 witherspoon kernel[941]: [    4.400000] ucd9000 11-0064: Device ID UCD90160|2.3.4.0000|110603
Apr 28 02:20:41 witherspoon kernel[941]: [    4.730000] leds-pca955x 11-0060: leds-pca955x: Using pca9552 16-bit LED driver at slave address 0x60
Apr 28 02:20:41 witherspoon kernel[941]: [    4.740000] leds-pca955x 11-0060: gpios 264...279
Apr 28 02:20:41 witherspoon kernel[941]: [    4.750000] usbcore: registered new interface driver usbhid
Apr 28 02:20:41 witherspoon kernel[941]: [    4.750000] usbhid: USB HID core driver
Apr 28 02:20:41 witherspoon kernel[941]: [    4.800000] dps310: probe of 3-0076 failed with error -5
Apr 28 02:20:41 witherspoon kernel[941]: [    4.800000] NET: Registered protocol family 10
Apr 28 02:20:41 witherspoon kernel[941]: [    4.810000] Segment Routing with IPv6
Apr 28 02:20:41 witherspoon kernel[941]: [    4.810000] NET: Registered protocol family 17
Apr 28 02:20:41 witherspoon kernel[941]: [    4.810000] 8021q: 802.1Q VLAN Support v1.8
Apr 28 02:20:41 witherspoon kernel[941]: [    4.830000] console [netcon0] enabled
Apr 28 02:20:41 witherspoon kernel[941]: [    4.830000] netconsole: network logging started
Apr 28 02:20:41 witherspoon kernel[941]: [    4.830000] input: gpio-keys as /devices/platform/gpio-keys/input/input0
Apr 28 02:20:41 witherspoon kernel[941]: [    4.850000] rtc-rv8803 11-0032: setting system clock to 2016-03-15 03:18:50 UTC (1458011930)
Apr 28 02:20:41 witherspoon kernel[941]: [    4.860000] Freeing unused kernel memory: 284K
Apr 28 02:20:41 witherspoon kernel[941]: [    4.860000] This architecture does not have kernel memory protection.
Apr 28 02:20:41 witherspoon kernel[941]: [    6.670000] jffs2: notice: (516) jffs2_build_xattr_subsystem: complete building xattr subsystem, 0 of xdatum (0 unchecked, 0 orphan) and 0 of xref (0 dead, 0 orphan) found.
Apr 28 02:20:41 witherspoon kernel[941]: [    8.850000] systemd[1]: System time before build time, advancing clock.
Apr 28 02:20:41 witherspoon kernel[941]: [    8.850000] systemd[1]: Failed to insert module 'autofs4': No such file or directory
Apr 28 02:20:41 witherspoon kernel[941]: [    9.020000] systemd[1]: systemd 232 running in system mode. (+PAM -AUDIT -SELINUX -IMA -APPARMOR -SMACK +SYSVINIT -UTMP -LIBCRYPTSETUP -GCRYPT -GNUTLS +ACL +XZ -LZ4 -SECCOMP +BLKID -ELFUTILS +KMOD -IDN)
Apr 28 02:20:41 witherspoon kernel[941]: [    9.090000] systemd[1]: Detected architecture arm.
Apr 28 02:20:41 witherspoon kernel[941]: [    9.140000] systemd[1]: Set hostname to <witherspoon>.
Apr 28 02:20:41 witherspoon kernel[941]: [   10.720000] systemd[1]: Listening on /dev/initctl Compatibility Named Pipe.
Apr 28 02:20:41 witherspoon kernel[941]: [   10.790000] systemd[1]: Listening on Journal Socket.
Apr 28 02:20:41 witherspoon kernel[941]: [   10.830000] systemd[1]: Listening on Network Service Netlink Socket.
Apr 28 02:20:41 witherspoon kernel[941]: [   10.870000] systemd[1]: Created slice System Slice.
Apr 28 02:20:41 witherspoon kernel[941]: [   10.910000] systemd[1]: Mounting Debug File System...
Apr 28 02:20:41 witherspoon kernel[941]: [   10.960000] systemd[1]: Created slice system-org.openbmc.control.Power.slice.
Apr 28 02:20:41 witherspoon kernel[941]: [   11.000000] systemd[1]: Created slice system-org.openbmc.control.Chassis.slice.
Apr 28 02:20:41 witherspoon kernel[941]: [   14.150000] systemd[1]: Reached target Remote File Systems.
Apr 28 02:20:41 witherspoon kernel[941]: [   14.410000] systemd[1]: Created slice system-phosphor\x2ddiscover\x2dsystem\x2dstate.slice.
Apr 28 02:20:41 witherspoon kernel[941]: [   14.680000] systemd[1]: Started Dispatch Password Requests to Console Directory Watch.
Apr 28 02:20:41 witherspoon kernel[941]: [   14.960000] systemd[1]: Reached target Paths.
Apr 28 02:20:41 witherspoon kernel[941]: [   15.250000] systemd[1]: Created slice system-mapper\x2dwait.slice.
Apr 28 02:20:41 witherspoon kernel[941]: [   15.550000] systemd[1]: Listening on Syslog Socket.
Apr 28 02:20:41 witherspoon kernel[941]: [   15.860000] systemd[1]: Listening on Journal Socket (/dev/log).
Apr 28 02:20:41 witherspoon kernel[941]: [   16.180000] systemd[1]: Starting Journal Service...
Apr 28 02:20:41 witherspoon kernel[941]: [   16.510000] systemd[1]: Starting Apply Kernel Variables...
Apr 28 02:20:41 witherspoon kernel[941]: [   16.850000] systemd[1]: Mounted Debug File System.
Apr 28 02:20:41 witherspoon kernel[941]: [   19.930000] systemd-journald[646]: Received request to flush runtime journal from PID 1
Apr 28 02:20:43 witherspoon avahi-daemon[951]: Found user 'avahi' (UID 998) and group 'avahi' (GID 997).
Apr 28 02:20:43 witherspoon avahi-daemon[951]: Successfully dropped root privileges.
Apr 28 02:20:43 witherspoon avahi-daemon[951]: avahi-daemon 0.6.32 starting up.
Apr 28 02:20:43 witherspoon avahi-daemon[951]: Successfully called chroot().
Apr 28 02:20:43 witherspoon avahi-daemon[951]: Successfully dropped remaining capabilities.
Apr 28 02:20:43 witherspoon avahi-daemon[951]: Loading service file /services/obmc_console.service.
Apr 28 02:20:43 witherspoon avahi-daemon[951]: Loading service file /services/phosphor_rest.service.
Apr 28 02:20:43 witherspoon avahi-daemon[951]: Loading service file /services/sftp-ssh.service.
Apr 28 02:20:43 witherspoon avahi-daemon[951]: Loading service file /services/sftp.service.
Apr 28 02:20:43 witherspoon avahi-daemon[951]: Loading service file /services/ssh.service.
Apr 28 02:20:44 witherspoon avahi-daemon[951]: Joining mDNS multicast group on interface eth0.IPv6 with address fe80::72e2:84ff:fe14:2045.
Apr 28 02:20:44 witherspoon avahi-daemon[951]: New relevant interface eth0.IPv6 for mDNS.
Apr 28 02:20:44 witherspoon avahi-daemon[951]: Joining mDNS multicast group on interface eth0.IPv4 with address 9.3.185.173.
Apr 28 02:20:44 witherspoon avahi-daemon[951]: New relevant interface eth0.IPv4 for mDNS.
Apr 28 02:20:44 witherspoon avahi-daemon[951]: Network interface enumeration completed.
Apr 28 02:20:44 witherspoon avahi-daemon[951]: Registering new address record for fe80::72e2:84ff:fe14:2045 on eth0.*.
Apr 28 02:20:44 witherspoon avahi-daemon[951]: Registering new address record for 9.3.185.173 on eth0.IPv4.
Apr 28 02:20:44 witherspoon avahi-daemon[951]: Server startup complete. Host name is witherspoon.local. Local service cookie is 634559232.
Apr 28 02:20:45 witherspoon avahi-daemon[951]: Service "witherspoon" (/services/ssh.service) successfully established.
Apr 28 02:20:45 witherspoon avahi-daemon[951]: Service "sftp" (/services/sftp.service) successfully established.
Apr 28 02:20:46 witherspoon avahi-daemon[951]: Service "witherspoon" (/services/sftp-ssh.service) successfully established.
Apr 28 02:20:46 witherspoon avahi-daemon[951]: Service "phosphor_rest" (/services/phosphor_rest.service) successfully established.
Apr 28 02:20:46 witherspoon avahi-daemon[951]: Service "obmc_console" (/services/obmc_console.service) successfully established.
Apr 28 02:20:47 witherspoon kernel[941]: [   42.090000] ftgmac100 1e660000.ethernet eth0: NCSI interface up
Apr 28 02:20:52 witherspoon systemd[1]: Created slice system-dropbear.slice.
Apr 28 02:20:52 witherspoon systemd[1]: Started SSH Per-Connection Server (9.41.165.94:56156).
Apr 28 02:20:53 witherspoon dropbear[980]: Failed loading /etc/dropbear/dropbear_dss_host_key
Apr 28 02:20:53 witherspoon dropbear[980]: Failed loading /etc/dropbear/dropbear_ecdsa_host_key
Apr 28 02:20:53 witherspoon dropbear[980]: Child connection from ::ffff:9.41.165.94:56156
Apr 28 02:20:58 witherspoon systemd-networkd[960]: eth0: Configured
Apr 28 02:20:58 witherspoon systemd-timesyncd[885]: Network configuration changed, trying to establish connection.
Apr 28 02:20:58 witherspoon dropbear[980]: pam_unix(dropbear:account): account root has password changed in future
Apr 28 02:20:58 witherspoon dropbear[980]: PAM password auth succeeded for 'root' from ::ffff:9.41.165.94:56156
Apr 28 02:20:59 witherspoon dropbear[981]: lastlog_perform_login: Couldn't stat /var/log/lastlog: No such file or directory
Apr 28 02:20:59 witherspoon dropbear[981]: lastlog_openseek: /var/log/lastlog is not a file or directory!
Apr 28 02:21:04 witherspoon systemd[1]: Started Phosphor Download Manager.
Apr 28 02:21:04 witherspoon download_manager.py[940]: Running Download Manager
Apr 28 02:21:05 witherspoon sensor_manager2.py[952]: Setting boot count to 3
Apr 28 02:21:05 witherspoon sensor_manager2.py[952]: Deleting OCC device
Apr 28 02:21:05 witherspoon sensor_manager2.py[952]: sh: /sys/class/i2c-adapter/i2c-3/3-0050/online: No such file or directory
Apr 28 02:21:05 witherspoon sensor_manager2.py[952]: Deleting OCC device
Apr 28 02:21:05 witherspoon sensor_manager2.py[952]: sh: /sys/class/i2c-adapter/i2c-3/3-0050/online: No such file or directory
Apr 28 02:21:05 witherspoon systemd[1]: Started Phosphor Chassis0 Control.
Apr 28 02:21:05 witherspoon chassis_control.py[962]: Running ChassisControlService
Apr 28 02:21:05 witherspoon systemd[1]: Started Phosphor User Manager.
Apr 28 02:21:05 witherspoon obmc-phosphor-userd[955]: Started
Apr 28 02:21:05 witherspoon phosphor-mapper[959]: ObjectMapper startup complete.  Discovery in progress...
Apr 28 02:21:06 witherspoon sensor_manager2.py[952]: Starting sensor manager
Apr 28 02:21:06 witherspoon systemd[1]: Started Phosphor Sensor Manager.
Apr 28 02:21:06 witherspoon avahi-daemon[971]: ../../avahi-0.6.32/avahi-daemon/chroot.c: open() failed: No such file or directory
Apr 28 02:21:06 witherspoon avahi-daemon[951]: Failed to open /usr/share/dbus-1/interfaces/org.freedesktop.Avahi.Server.xml: Invalid argument
Apr 28 02:21:06 witherspoon avahi-daemon[951]: Failed to load introspection data.
Apr 28 02:21:08 witherspoon inventory_items.py[937]: Loading from cache: /var/cache/obmc/org.openbmc.inventory.system.chassis.motherboard.apss@org.openbmc.InventoryItem.props
Apr 28 02:21:08 witherspoon inventory_items.py[937]: Loading from cache: /var/cache/obmc/org.openbmc.inventory.system.chassis.motherboard@org.openbmc.InventoryItem.props
Apr 28 02:21:08 witherspoon inventory_items.py[937]: Loading from cache: /var/cache/obmc/org.openbmc.inventory.system.chassis.motherboard.refclock@org.openbmc.InventoryItem.props
Apr 28 02:21:08 witherspoon systemd[1]: Started Phosphor Network Manager.
Apr 28 02:21:08 witherspoon netman.py[946]: Started
Apr 28 02:21:09 witherspoon inventory_items.py[937]: Loading from cache: /var/cache/obmc/org.openbmc.inventory.system.chassis.motherboard.todclock@org.openbmc.InventoryItem.props
Apr 28 02:21:09 witherspoon inventory_items.py[937]: Loading from cache: /var/cache/obmc/org.openbmc.inventory.system.chassis.motherboard.bmc@org.openbmc.InventoryItem.props
Apr 28 02:21:09 witherspoon inventory_items.py[937]: Caching: /org/openbmc/inventory/system/chassis/motherboard/bmc
Apr 28 02:21:09 witherspoon inventory_items.py[937]: Loading from cache: /var/cache/obmc/org.openbmc.inventory.system.chassis.motherboard.membuf0@org.openbmc.InventoryItem.props
Apr 28 02:21:09 witherspoon inventory_items.py[937]: Loading from cache: /var/cache/obmc/org.openbmc.inventory.system.chassis.motherboard.pcieclock@org.openbmc.InventoryItem.props
Apr 28 02:21:09 witherspoon inventory_items.py[937]: Loading from cache: /var/cache/obmc/org.openbmc.inventory.system.chassis.motherboard.cpu0.core11@org.openbmc.InventoryItem.props
Apr 28 02:21:09 witherspoon inventory_items.py[937]: Running Inventory Manager
Apr 28 02:21:09 witherspoon systemd[1]: Started Phosphor Inventory Manager.
Apr 28 02:21:20 witherspoon phosphor-mapper[959]: ObjectMapper discovery complete
Apr 28 02:21:20 witherspoon systemd[1]: Started Phosphor DBus Service Discovery Manager.
Apr 28 02:21:20 witherspoon systemd[1]: Reached target Phosphor Object Mapper.
Apr 28 02:21:20 witherspoon systemd[1]: Starting Wait for /xyz/openbmc_project/led/groups/bmc_booted...
Apr 28 02:21:20 witherspoon systemd[1]: Starting Wait for /org/openbmc/NetworkManager/Interface...
Apr 28 02:21:20 witherspoon systemd[1]: Starting Phosphor Settings Manager...
Apr 28 02:21:20 witherspoon systemd[1]: Starting Wait for /org/openbmc/control/power0...
Apr 28 02:21:20 witherspoon systemd[1]: Starting Wait for /org/openbmc/control/bmc0...
Apr 28 02:21:20 witherspoon systemd[1]: Starting Wait for /org/openbmc/managers/System...
Apr 28 02:21:20 witherspoon systemd[1]: Starting Wait for /xyz/openbmc_project/state/host0...
Apr 28 02:21:20 witherspoon systemd[1]: Started Phosphor DBus Monitor.
Apr 28 02:21:20 witherspoon systemd[1]: Starting Wait for /xyz/openbmc_project/control/host0...
Apr 28 02:21:20 witherspoon systemd[1]: Starting Phoshpor System Manager...
Apr 28 02:21:20 witherspoon systemd[1]: Starting Wait for /org/openbmc/sensors...
Apr 28 02:21:20 witherspoon systemd[1]: Starting Wait for /org/openbmc/managers/Download...
Apr 28 02:21:20 witherspoon systemd[1]: Reached target Webserver (pre).
Apr 28 02:21:20 witherspoon systemd[1]: Started Phosphor Webserver.
Apr 28 02:21:20 witherspoon systemd[1]: Starting Wait for /xyz/openbmc_project/inventory...
Apr 28 02:21:20 witherspoon systemd[1]: Starting Wait for /xyz/openbmc_project/led/groups...
Apr 28 02:21:20 witherspoon systemd[1]: Starting Wait for /xyz/openbmc_project/state/chassis0...
Apr 28 02:21:20 witherspoon systemd[1]: Starting Wait for /org/openbmc/control/flash/bios...
Apr 28 02:21:22 witherspoon systemd[1]: Started Wait for /xyz/openbmc_project/led/groups/bmc_booted.
Apr 28 02:21:22 witherspoon systemd[1]: Started Wait for /org/openbmc/NetworkManager/Interface.
Apr 28 02:21:22 witherspoon systemd[1]: Started Phosphor DNS Settings Cache Manager.
Apr 28 02:21:23 witherspoon systemd[1]: Starting Assert bmc_booted LED...
Apr 28 02:21:23 witherspoon systemd[1]: Started Wait for /org/openbmc/control/bmc0.
Apr 28 02:21:23 witherspoon systemd[1]: Started Wait for /org/openbmc/sensors.
Apr 28 02:21:23 witherspoon systemd[1]: Started Wait for /org/openbmc/managers/Download.
Apr 28 02:21:23 witherspoon systemd[1]: Started Wait for /xyz/openbmc_project/led/groups.
Apr 28 02:21:23 witherspoon systemd[1]: Started Assert bmc_booted LED.
Apr 28 02:21:23 witherspoon systemd[1]: Started FRU Fault monitor service.
Apr 28 02:21:23 witherspoon systemd[1]: Starting Phosphor BMC Code Update...
Apr 28 02:21:23 witherspoon systemd[1]: Starting Phosphor BIOS Code Update...
Apr 28 02:21:23 witherspoon systemd[1]: Started Phosphor Hwmon Poller.
Apr 28 02:21:24 witherspoon systemd[1]: Started Wait for /xyz/openbmc_project/inventory.
Apr 28 02:21:24 witherspoon systemd[1]: Starting Read OpenPOWER-format VPD from EEPROM...
Apr 28 02:21:24 witherspoon systemd[1]: Started Phosphor Cooling Type.
Apr 28 02:21:24 witherspoon systemd[1]: Starting OpenPOWER OCC controller...
Apr 28 02:21:24 witherspoon systemd[1]: Started Phosphor BIOS Code Update.
Apr 28 02:21:26 witherspoon systemd[1]: Started OpenPOWER OCC controller.
Apr 28 02:21:28 witherspoon systemd[1]: Started Read OpenPOWER-format VPD from EEPROM.
Apr 28 02:21:30 witherspoon systemd[1]: Started Wait for /org/openbmc/control/flash/bios.
Apr 28 02:21:30 witherspoon systemd[1]: Started Initialize BIOS Flash.
Apr 28 02:21:32 witherspoon system_manager.py[998]: Running System State: BASE_APPS
Apr 28 02:21:32 witherspoon system_manager.py[998]: SystemManager Init Done
Apr 28 02:21:32 witherspoon systemd[1]: Started Phoshpor System Manager.
Apr 28 02:21:33 witherspoon system_manager.py[998]: Running SystemManager
Apr 28 02:21:33 witherspoon system_manager.py[998]: SystemManager Goto System State: BMC_STARTING
Apr 28 02:21:33 witherspoon system_manager.py[998]: Running System State: BMC_STARTING
Apr 28 02:21:33 witherspoon flash_bios.exe[1018]: Starting flasher: bios,,/org/openbmc/control/flash/bios,
Apr 28 02:21:33 witherspoon flash_bios.exe[1018]: flasher: , BMC = 1, address = 0x0
Apr 28 02:21:33 witherspoon flash_bios.exe[1018]: Setting up flash
Apr 28 02:21:34 witherspoon flash_bios.exe[1018]: Starting flasher: bios,,/org/openbmc/control/flash/bios,
Apr 28 02:21:34 witherspoon flash_bios.exe[1018]: flasher: , BMC = 1, address = 0x0
Apr 28 02:21:34 witherspoon flash_bios.exe[1018]: Setting up flash
Apr 28 02:21:35 witherspoon systemd[1]: Started Wait for /org/openbmc/managers/System.
Apr 28 02:21:35 witherspoon systemd[1]: Starting Phosphor Host State Manager...
Apr 28 02:21:35 witherspoon systemd[1]: Starting Phosphor Power Button0...
Apr 28 02:21:35 witherspoon systemd[1]: Starting Phosphor Reset Button0...
Apr 28 02:21:35 witherspoon systemd[1]: Starting Phosphor BMC State Manager...
Apr 28 02:21:35 witherspoon systemd[1]: Starting Phosphor Chassis State Manager...
Apr 28 02:21:35 witherspoon systemd[1]: Starting Phosphor Power0 Control...
Apr 28 02:21:36 witherspoon phosphor-chassis-state-manager[1046]: Initial Chassis State will be Off
Apr 28 02:21:36 witherspoon systemd[1]: Started Phosphor Chassis State Manager.
Apr 28 02:21:36 witherspoon phosphor-bmc-state-manager[1045]: Setting the BMCState field
Apr 28 02:21:36 witherspoon phosphor-bmc-state-manager[1045]: Setting the BMCState field
Apr 28 02:21:37 witherspoon systemd[1]: Started Phosphor BMC State Manager.
Apr 28 02:21:39 witherspoon hwmon.py[1019]: Starting HWMON sensors
Apr 28 02:21:40 witherspoon button_reset.exe[1044]: GPIO Lookup:  RESET_BUTTON = 353,both
Apr 28 02:21:40 witherspoon button_power.exe[1043]: GPIO Lookup:  POWER_BUTTON = 347,both
Apr 28 02:21:40 witherspoon systemd[1]: Started Phosphor Reset Button0.
Apr 28 02:21:40 witherspoon systemd[1]: Started Phosphor Power Button0.
Apr 28 02:21:40 witherspoon phosphor-host-state-manager[1042]: Initial Host State will be Off
Apr 28 02:21:40 witherspoon systemd[1]: Started Phosphor Host State Manager.
Apr 28 02:21:41 witherspoon systemd[1]: Started Phosphor BMC Code Update.
Apr 28 02:21:41 witherspoon bmc_update.py[1017]: Running Bmc Flash Control
Apr 28 02:21:41 witherspoon system_manager.py[998]: New object: /org/openbmc/control/power0 (:1.65)
Apr 28 02:21:41 witherspoon system_manager.py[998]: Power GPIO config: ['SYS_PWROK_BUFF', '', [('SOFTWARE_PGOOD', True), ('BMC_POWER_UP', True)], [('BMC_CP0_RESET_N', False)], [], 'FSI_DATA', 'FSI_CLK', 'FSI_ENABLE', 'CRONUS_SEL', []]
Apr 28 02:21:41 witherspoon power_control.exe[1047]: Power GPIO latch output:
Apr 28 02:21:41 witherspoon power_control.exe[1047]: Power GPIO power good input: SYS_PWROK_BUFF
Apr 28 02:21:41 witherspoon power_control.exe[1047]: Power GPIO 2 power_up outputs
Apr 28 02:21:41 witherspoon power_control.exe[1047]: Power GPIO power_up[0] = SOFTWARE_PGOOD active HIGH
Apr 28 02:21:41 witherspoon power_control.exe[1047]: Power GPIO power_up[1] = BMC_POWER_UP active HIGH
Apr 28 02:21:41 witherspoon power_control.exe[1047]: Power GPIO 1 reset outputs
Apr 28 02:21:41 witherspoon power_control.exe[1047]: Power GPIO reset[0] = BMC_CP0_RESET_N active LOW
Apr 28 02:21:41 witherspoon power_control.exe[1047]: Power GPIO 0 pci reset outputs
Apr 28 02:21:41 witherspoon power_control.exe[1047]: FSI DATA GPIO: FSI_DATA
Apr 28 02:21:41 witherspoon power_control.exe[1047]: FSI CLK GPIO: FSI_CLK
Apr 28 02:21:41 witherspoon power_control.exe[1047]: FSI ENABLE GPIO: FSI_ENABLE
Apr 28 02:21:41 witherspoon power_control.exe[1047]: CRONUS SEL GPIO: CRONUS_SEL
Apr 28 02:21:41 witherspoon power_control.exe[1047]: Hostctl GPIO optionals: 0
Apr 28 02:21:41 witherspoon power_control.exe[1047]: GPIO Lookup:  SYS_PWROK_BUFF = 306,in
Apr 28 02:21:41 witherspoon power_control.exe[1047]: GPIO Lookup:  SOFTWARE_PGOOD = 417,out
Apr 28 02:21:41 witherspoon power_control.exe[1047]: GPIO Lookup:  BMC_POWER_UP = 305,out
Apr 28 02:21:42 witherspoon settings_manager.py[991]: Running HostSettingsService
Apr 28 02:21:42 witherspoon systemd[1]: Started Phosphor Settings Manager.
Apr 28 02:21:42 witherspoon systemd[1]: Starting Wait for /org/openbmc/settings/host0...
Apr 28 02:21:42 witherspoon power_control.exe[1047]: GPIO Lookup:  BMC_CP0_RESET_N = 281,out
Apr 28 02:21:42 witherspoon power_control.exe[1047]: Pgood state: 0
Apr 28 02:21:42 witherspoon systemd[1]: Started Phosphor Power0 Control.
Apr 28 02:21:42 witherspoon systemd[1]: Started Wait for /xyz/openbmc_project/state/chassis0.
Apr 28 02:21:46 witherspoon systemd[1]: Started Wait for /xyz/openbmc_project/state/host0.
Apr 28 02:21:46 witherspoon systemd[1]: Started Wait for /org/openbmc/settings/host0.
Apr 28 02:21:46 witherspoon systemd[1]: Starting Reboot If Enabled...
Apr 28 02:21:46 witherspoon systemd[1]: Started Phosphor Inband IPMI.
Apr 28 02:21:47 witherspoon system_manager.py[998]: SystemManager Goto System State: BMC_READY
Apr 28 02:21:47 witherspoon system_manager.py[998]: Running System State: BMC_READY
Apr 28 02:21:47 witherspoon systemd[1]: Started Wait for /org/openbmc/control/power0.
Apr 28 02:21:47 witherspoon systemd[1]: Starting Phosphor Time Manager daemon...
Apr 28 02:21:47 witherspoon systemd[1]: Starting Check Chassis0 pgood and create a file to indicate it...
Apr 28 02:21:47 witherspoon phosphor-discover-system-state[1073]: Host power is off, checking power policy
Apr 28 02:21:47 witherspoon systemd[1]: Started Reboot If Enabled.
Apr 28 02:21:48 witherspoon timemanager[1076]: Registering dbus methods
Apr 28 02:21:48 witherspoon timemanager[1076]: Last known time_mode: NTP
Apr 28 02:21:48 witherspoon timemanager[1076]: Last known time_owner: BMC
Apr 28 02:21:48 witherspoon timemanager[1076]: Empty DhcpNtp string
Apr 28 02:21:48 witherspoon timemanager[1076]: Reading Power Control key: pgood
Apr 28 02:21:48 witherspoon timemanager[1076]: Changing settings *allowed* now
Apr 28 02:21:48 witherspoon timemanager[1076]: Getting System Settings: time_mode
Apr 28 02:21:48 witherspoon timemanager[1076]: Requested_Mode: NTP Current_Mode: NTP
Apr 28 02:21:48 witherspoon timemanager[1076]: Mode is already set to : NTP
Apr 28 02:21:48 witherspoon timemanager[1076]: Getting System Settings: time_owner
Apr 28 02:21:48 witherspoon systemd[1]: Started Check Chassis0 pgood and create a file to indicate it.
Apr 28 02:21:48 witherspoon systemd[1]: Reached target Chassis0 power on after reset.
Apr 28 02:21:48 witherspoon systemd[1]: Reached target Chassis0 (Reset Check).
Apr 28 02:21:48 witherspoon timemanager[1076]: Owner is already set to : BMC
Apr 28 02:21:48 witherspoon timemanager[1076]: Getting System Settings: use_dhcp_ntp
Apr 28 02:21:48 witherspoon timemanager[1076]: use_dhcp_ntp = yes
Apr 28 02:21:48 witherspoon timemanager[1076]: Last known host_offset:0
Apr 28 02:21:48 witherspoon timemanager[1076]: Initial Uptime Usec: 1493346005089988
Apr 28 02:21:49 witherspoon systemd[1]: Started Phosphor Time Manager daemon.
Apr 28 02:21:50 witherspoon systemd[1]: Started Wait for /xyz/openbmc_project/control/host0.
Apr 28 02:21:50 witherspoon systemd[1]: Reached target Host0 running after reset.
Apr 28 02:21:50 witherspoon systemd[1]: Reached target Host0 (Reset Check).
Apr 28 02:21:50 witherspoon systemd[1]: Reached target Phosphor System - Standby.
Apr 28 02:21:50 witherspoon systemd[1]: Startup finished in 8.658s (kernel) + 1min 37.075s (userspace) = 1min 45.734s.
Apr 28 02:21:50 witherspoon phosphor-bmc-state-manager[1045]: BMC_READY
Apr 28 02:21:50 witherspoon phosphor-bmc-state-manager[1045]: Setting the BMCState field
Apr 28 02:21:58 witherspoon phosphor-gevent[1001]: Traceback (most recent call last):
Apr 28 02:21:58 witherspoon phosphor-gevent[1001]:   File "/usr/lib/python2.7/site-packages/gevent/greenlet.py", line 327, in run
Apr 28 02:21:58 witherspoon phosphor-gevent[1001]:     result = self._run(*self.args, **self.kwargs)
Apr 28 02:21:58 witherspoon phosphor-gevent[1001]:   File "/usr/lib/python2.7/site-packages/gevent/server.py", line 102, in wrap_socket_and_handle
Apr 28 02:21:58 witherspoon phosphor-gevent[1001]:     ssl_socket = self.wrap_socket(client_socket, **self.ssl_args)
Apr 28 02:21:58 witherspoon phosphor-gevent[1001]:   File "/usr/lib/python2.7/site-packages/gevent/ssl.py", line 404, in wrap_socket
Apr 28 02:21:58 witherspoon phosphor-gevent[1001]:     ciphers=ciphers)
Apr 28 02:21:58 witherspoon phosphor-gevent[1001]:   File "/usr/lib/python2.7/site-packages/gevent/ssl.py", line 113, in __init__
Apr 28 02:21:58 witherspoon phosphor-gevent[1001]:     self.do_handshake()
Apr 28 02:21:58 witherspoon phosphor-gevent[1001]:   File "/usr/lib/python2.7/site-packages/gevent/ssl.py", line 324, in do_handshake
Apr 28 02:21:58 witherspoon phosphor-gevent[1001]:     return self._sslobj.do_handshake()
Apr 28 02:21:58 witherspoon phosphor-gevent[1001]: SSLEOFError: EOF occurred in violation of protocol (_ssl.c:590)
Apr 28 02:21:58 witherspoon phosphor-gevent[1001]: <Greenlet at 0x760683a0: <bound method WSGIServer.wrap_socket_and_handle of <WSGIServer at 0x7603fb50 fileno=5 address=('::3422:f576:b0fd:6a76%1986723232', 443, 0, 1986723232)>>(<socket at 0x75f15830 fileno=9>, ('::8009:6976:8e91:f402%1995705116', 50986, 0, 199)> failed with SSLEOFError
Apr 28 02:21:58 witherspoon phosphor-gevent[1001]: Traceback (most recent call last):
Apr 28 02:21:58 witherspoon phosphor-gevent[1001]:   File "/usr/lib/python2.7/site-packages/gevent/greenlet.py", line 327, in run
Apr 28 02:21:58 witherspoon phosphor-gevent[1001]:     result = self._run(*self.args, **self.kwargs)
Apr 28 02:21:58 witherspoon phosphor-gevent[1001]:   File "/usr/lib/python2.7/site-packages/gevent/server.py", line 102, in wrap_socket_and_handle
Apr 28 02:21:58 witherspoon phosphor-gevent[1001]:     ssl_socket = self.wrap_socket(client_socket, **self.ssl_args)
Apr 28 02:21:58 witherspoon phosphor-gevent[1001]:   File "/usr/lib/python2.7/site-packages/gevent/ssl.py", line 404, in wrap_socket
Apr 28 02:21:58 witherspoon phosphor-gevent[1001]:     ciphers=ciphers)
Apr 28 02:21:58 witherspoon phosphor-gevent[1001]:   File "/usr/lib/python2.7/site-packages/gevent/ssl.py", line 113, in __init__
Apr 28 02:21:58 witherspoon phosphor-gevent[1001]:     self.do_handshake()
Apr 28 02:21:58 witherspoon phosphor-gevent[1001]:   File "/usr/lib/python2.7/site-packages/gevent/ssl.py", line 324, in do_handshake
Apr 28 02:21:58 witherspoon phosphor-gevent[1001]:     return self._sslobj.do_handshake()
Apr 28 02:21:58 witherspoon phosphor-gevent[1001]: SSLEOFError: EOF occurred in violation of protocol (_ssl.c:590)
Apr 28 02:21:58 witherspoon phosphor-gevent[1001]: <Greenlet at 0x76068670: <bound method WSGIServer.wrap_socket_and_handle of <WSGIServer at 0x7603fb50 fileno=5 address=('::3422:f576:b0fd:6a76%1986723232', 443, 0, 1986723232)>>(<socket at 0x75f157d0 fileno=10>, ('::8009:6976:8e91:f402%1995705116', 51004, 0, 199)> failed with SSLEOFError
Apr 28 02:21:58 witherspoon phosphor-gevent[1001]: Traceback (most recent call last):
Apr 28 02:21:58 witherspoon phosphor-gevent[1001]:   File "/usr/lib/python2.7/site-packages/gevent/greenlet.py", line 327, in run
Apr 28 02:21:58 witherspoon phosphor-gevent[1001]:     result = self._run(*self.args, **self.kwargs)
Apr 28 02:21:58 witherspoon phosphor-gevent[1001]:   File "/usr/lib/python2.7/site-packages/gevent/server.py", line 102, in wrap_socket_and_handle
Apr 28 02:21:58 witherspoon phosphor-gevent[1001]:     ssl_socket = self.wrap_socket(client_socket, **self.ssl_args)
Apr 28 02:21:58 witherspoon phosphor-gevent[1001]:   File "/usr/lib/python2.7/site-packages/gevent/ssl.py", line 404, in wrap_socket
Apr 28 02:21:58 witherspoon phosphor-gevent[1001]:     ciphers=ciphers)
Apr 28 02:21:58 witherspoon phosphor-gevent[1001]:   File "/usr/lib/python2.7/site-packages/gevent/ssl.py", line 113, in __init__
Apr 28 02:21:58 witherspoon phosphor-gevent[1001]:     self.do_handshake()
Apr 28 02:21:58 witherspoon phosphor-gevent[1001]:   File "/usr/lib/python2.7/site-packages/gevent/ssl.py", line 324, in do_handshake
Apr 28 02:21:58 witherspoon phosphor-gevent[1001]:     return self._sslobj.do_handshake()
Apr 28 02:21:58 witherspoon phosphor-gevent[1001]: SSLEOFError: EOF occurred in violation of protocol (_ssl.c:590)
Apr 28 02:21:58 witherspoon phosphor-gevent[1001]: <Greenlet at 0x76068350: <bound method WSGIServer.wrap_socket_and_handle of <WSGIServer at 0x7603fb50 fileno=5 address=('::3422:f576:b0fd:6a76%1986723232', 443, 0, 1986723232)>>(<socket at 0x75f15870 fileno=11>, ('::8009:6976:8e91:f402%1995705116', 51010, 0, 199)> failed with SSLEOFError
Apr 28 02:22:12 witherspoon phosphor-gevent[1001]: ::8009:6976:8e91:f402%1995705116 - - [2017-04-28 02:22:12] "POST /login HTTP/1.1" 200 320 0.044845
Apr 28 02:22:12 witherspoon phosphor-gevent[1001]: ::8009:6976:8e91:f402%1995705116 - - [2017-04-28 02:22:12] "GET /xyz/openbmc_project/state/chassis0//attr/CurrentPowerState HTTP/1.1" 200 216 0.080431
Apr 28 02:22:12 witherspoon phosphor-gevent[1001]: ::8009:6976:8e91:f402%1995705116 - - [2017-04-28 02:22:12] "POST /login HTTP/1.1" 200 320 0.032596
Apr 28 02:22:12 witherspoon phosphor-gevent[1001]: ::8009:6976:8e91:f402%1995705116 - - [2017-04-28 02:22:12] "GET /xyz/openbmc_project/state/chassis0//attr/CurrentPowerState HTTP/1.1" 200 216 0.048594
Apr 28 02:22:13 witherspoon phosphor-gevent[1001]: ::8009:6976:8e91:f402%1995705116 - - [2017-04-28 02:22:13] "POST /login HTTP/1.1" 200 320 0.061954
Apr 28 02:22:13 witherspoon phosphor-gevent[1001]: ::8009:6976:8e91:f402%1995705116 - - [2017-04-28 02:22:13] "GET /org/openbmc/sensors/host/BootProgress/attr/value HTTP/1.1" 200 170 0.051742
Apr 28 02:22:13 witherspoon phosphor-gevent[1001]: ::8009:6976:8e91:f402%1995705116 - - [2017-04-28 02:22:13] "POST /login HTTP/1.1" 200 320 0.032498
Apr 28 02:22:13 witherspoon phosphor-gevent[1001]: ::8009:6976:8e91:f402%1995705116 - - [2017-04-28 02:22:13] "GET /xyz/openbmc_project/state/host0//attr/CurrentHostState HTTP/1.1" 200 212 0.049956
Apr 28 02:22:13 witherspoon phosphor-gevent[1001]: ::8009:6976:8e91:f402%1995705116 - - [2017-04-28 02:22:13] "POST /login HTTP/1.1" 200 320 0.032386
Apr 28 02:22:13 witherspoon phosphor-gevent[1001]: ::8009:6976:8e91:f402%1995705116 - - [2017-04-28 02:22:13] "GET /xyz/openbmc_project/logging/entry//list HTTP/1.1" 404 311 0.038327
Apr 28 02:22:13 witherspoon dropbear[980]: Exit (root): Error reading: Connection reset by peer
Apr 28 02:22:13 witherspoon systemd[1]: Started SSH Per-Connection Server (9.41.165.94:56208).
Apr 28 02:22:13 witherspoon dropbear[1095]: Failed loading /etc/dropbear/dropbear_dss_host_key
Apr 28 02:22:13 witherspoon dropbear[1095]: Failed loading /etc/dropbear/dropbear_ecdsa_host_key
Apr 28 02:22:13 witherspoon dropbear[1095]: Child connection from ::ffff:9.41.165.94:56208
Apr 28 02:22:14 witherspoon dropbear[1095]: pam_unix(dropbear:account): account root has password changed in future
Apr 28 02:22:14 witherspoon dropbear[1095]: PAM password auth succeeded for 'root' from ::ffff:9.41.165.94:56208
Apr 28 02:22:14 witherspoon dropbear[1096]: lastlog_perform_login: Couldn't stat /var/log/lastlog: No such file or directory
Apr 28 02:22:14 witherspoon dropbear[1096]: lastlog_openseek: /var/log/lastlog is not a file or directory!
Apr 28 02:22:15 witherspoon phosphor-gevent[1001]: ::8009:6976:8e91:f402%1995705116 - - [2017-04-28 02:22:15] "POST /login HTTP/1.1" 200 320 0.032555
Apr 28 02:22:15 witherspoon phosphor-gevent[1001]: ::8009:6976:8e91:f402%1995705116 - - [2017-04-28 02:22:15] "GET /xyz/openbmc_project/state/host0//attr/CurrentHostState HTTP/1.1" 200 212 0.064708
Apr 28 02:22:16 witherspoon dropbear[1095]: Exit (root): Exited normally
Apr 28 02:22:18 witherspoon systemd[1]: Started SSH Per-Connection Server (9.41.165.94:56216).
Apr 28 02:22:18 witherspoon dropbear[1105]: Failed loading /etc/dropbear/dropbear_dss_host_key
Apr 28 02:22:18 witherspoon dropbear[1105]: Failed loading /etc/dropbear/dropbear_ecdsa_host_key
Apr 28 02:22:18 witherspoon dropbear[1105]: Child connection from ::ffff:9.41.165.94:56216
Apr 28 02:22:19 witherspoon dropbear[1105]: pam_unix(dropbear:account): account root has password changed in future
Apr 28 02:22:19 witherspoon dropbear[1105]: PAM password auth succeeded for 'root' from ::ffff:9.41.165.94:56216
Apr 28 02:22:19 witherspoon dropbear[1106]: lastlog_perform_login: Couldn't stat /var/log/lastlog: No such file or directory
Apr 28 02:22:19 witherspoon dropbear[1106]: lastlog_openseek: /var/log/lastlog is not a file or directory!
Apr 28 02:22:21 witherspoon phosphor-gevent[1001]: ::8009:6976:8e91:f402%1995705116 - - [2017-04-28 02:22:21] "POST /login HTTP/1.1" 200 320 0.032743
Apr 28 02:22:21 witherspoon phosphor-gevent[1001]: ::8009:6976:8e91:f402%1995705116 - - [2017-04-28 02:22:21] "PUT /org/openbmc/settings/host0/attr/power_policy HTTP/1.1" 200 169 0.188157
Apr 28 02:22:21 witherspoon phosphor-gevent[1001]: ::8009:6976:8e91:f402%1995705116 - - [2017-04-28 02:22:21] "POST /login HTTP/1.1" 200 320 0.043689
Apr 28 02:22:21 witherspoon phosphor-gevent[1001]: ::8009:6976:8e91:f402%1995705116 - - [2017-04-28 02:22:21] "GET /org/openbmc/settings/host0/attr/power_policy HTTP/1.1" 200 185 0.069219
Apr 28 02:22:21 witherspoon systemd[1]: Started SSH Per-Connection Server (9.41.165.94:56222).
Apr 28 02:22:21 witherspoon dropbear[1112]: Failed loading /etc/dropbear/dropbear_dss_host_key
Apr 28 02:22:21 witherspoon dropbear[1112]: Failed loading /etc/dropbear/dropbear_ecdsa_host_key
Apr 28 02:22:21 witherspoon dropbear[1112]: Child connection from ::ffff:9.41.165.94:56222
Apr 28 02:22:22 witherspoon dropbear[1112]: pam_unix(dropbear:account): account root has password changed in future
Apr 28 02:22:22 witherspoon dropbear[1112]: PAM password auth succeeded for 'root' from ::ffff:9.41.165.94:56222
Apr 28 02:22:22 witherspoon dropbear[1113]: lastlog_perform_login: Couldn't stat /var/log/lastlog: No such file or directory
Apr 28 02:22:22 witherspoon dropbear[1113]: lastlog_openseek: /var/log/lastlog is not a file or directory!
Apr 28 02:22:23 witherspoon phosphor-gevent[1001]: ::8009:6976:8e91:f402%1995705116 - - [2017-04-28 02:22:23] "POST /login HTTP/1.1" 200 320 0.036014
Apr 28 02:22:23 witherspoon phosphor-gevent[1001]: ::8009:6976:8e91:f402%1995705116 - - [2017-04-28 02:22:23] "GET /xyz/openbmc_project/state/chassis0//attr/CurrentPowerState HTTP/1.1" 200 216 0.051109
Apr 28 02:22:23 witherspoon phosphor-gevent[1001]: ::8009:6976:8e91:f402%1995705116 - - [2017-04-28 02:22:23] "POST /login HTTP/1.1" 200 320 0.033310
Apr 28 02:22:24 witherspoon phosphor-gevent[1001]: ::8009:6976:8e91:f402%1995705116 - - [2017-04-28 02:22:24] "GET /xyz/openbmc_project/state/bmc0//attr/CurrentBMCState HTTP/1.1" 200 212 0.077624
Apr 28 02:22:24 witherspoon phosphor-gevent[1001]: ::8009:6976:8e91:f402%1995705116 - - [2017-04-28 02:22:24] "POST /login HTTP/1.1" 200 320 0.032820
Apr 28 02:22:24 witherspoon phosphor-gevent[1001]: ::8009:6976:8e91:f402%1995705116 - - [2017-04-28 02:22:24] "GET /org/openbmc/sensors/host/BootProgress/attr/value HTTP/1.1" 200 170 0.063589
Apr 28 02:22:24 witherspoon phosphor-gevent[1001]: ::8009:6976:8e91:f402%1995705116 - - [2017-04-28 02:22:24] "POST /login HTTP/1.1" 200 320 0.032935
Apr 28 02:22:24 witherspoon phosphor-gevent[1001]: ::8009:6976:8e91:f402%1995705116 - - [2017-04-28 02:22:24] "GET /xyz/openbmc_project/state/host0//attr/CurrentHostState HTTP/1.1" 200 212 0.060378
Apr 28 02:22:24 witherspoon phosphor-gevent[1001]: ::8009:6976:8e91:f402%1995705116 - - [2017-04-28 02:22:24] "POST /login HTTP/1.1" 200 320 0.032706
Apr 28 02:22:24 witherspoon phosphor-gevent[1001]: ::8009:6976:8e91:f402%1995705116 - - [2017-04-28 02:22:24] "GET /xyz/openbmc_project/logging/entry//list HTTP/1.1" 404 311 0.029883
Apr 28 02:22:24 witherspoon systemd[1]: Started SSH Per-Connection Server (9.41.165.94:56234).
Apr 28 02:22:25 witherspoon dropbear[1116]: Failed loading /etc/dropbear/dropbear_dss_host_key
Apr 28 02:22:25 witherspoon dropbear[1116]: Failed loading /etc/dropbear/dropbear_ecdsa_host_key
Apr 28 02:22:25 witherspoon dropbear[1116]: Child connection from ::ffff:9.41.165.94:56234
Apr 28 02:22:25 witherspoon dropbear[1116]: pam_unix(dropbear:account): account root has password changed in future
Apr 28 02:22:25 witherspoon dropbear[1116]: PAM password auth succeeded for 'root' from ::ffff:9.41.165.94:56234
Apr 28 02:22:40 witherspoon phosphor-gevent[1001]: ::8009:6976:8e91:f402%1995705116 - - [2017-04-28 02:22:40] "POST /login HTTP/1.1" 200 320 0.040304
Apr 28 02:22:41 witherspoon phosphor-gevent[1001]: ::8009:6976:8e91:f402%1995705116 - - [2017-04-28 02:22:41] "POST /org/openbmc/control/flash/bios//action/update HTTP/1.1" 200 169 0.268177
Apr 28 02:22:41 witherspoon flash_bios.exe[1018]: Starting flasher: bios,/tmp/witherspoon-20170711194732.all.tar,/org/openbmc/control/flash/bios,
Apr 28 02:22:41 witherspoon flash_bios.exe[1018]: flasher: /tmp/witherspoon-20170711194732.all.tar, BMC = 1, address = 0x0
Apr 28 02:22:41 witherspoon flash_bios.exe[1018]: Setting up flash
Apr 28 02:22:41 witherspoon phosphor-gevent[1001]: ::8009:6976:8e91:f402%1995705116 - - [2017-04-28 02:22:41] "POST /login HTTP/1.1" 200 320 0.032313
Apr 28 02:22:41 witherspoon phosphor-gevent[1001]: ::8009:6976:8e91:f402%1995705116 - - [2017-04-28 02:22:41] "GET /org/openbmc/control/flash/bios HTTP/1.1" 200 404 0.076374
Apr 28 02:22:41 witherspoon phosphor-gevent[1001]: ::8009:6976:8e91:f402%1995705116 - - [2017-04-28 02:22:41] "POST /login HTTP/1.1" 200 320 0.032672
Apr 28 02:22:42 witherspoon phosphor-gevent[1001]: ::8009:6976:8e91:f402%1995705116 - - [2017-04-28 02:22:42] "GET /org/openbmc/control/flash/bios HTTP/1.1" 200 404 0.208803
Apr 28 02:22:52 witherspoon phosphor-gevent[1001]: ::8009:6976:8e91:f402%1995705116 - - [2017-04-28 02:22:52] "POST /login HTTP/1.1" 200 320 0.142512
Apr 28 02:22:52 witherspoon phosphor-gevent[1001]: ::8009:6976:8e91:f402%1995705116 - - [2017-04-28 02:22:52] "GET /org/openbmc/control/flash/bios HTTP/1.1" 200 404 0.067485
Apr 28 02:23:02 witherspoon phosphor-gevent[1001]: ::8009:6976:8e91:f402%1995705116 - - [2017-04-28 02:23:02] "POST /login HTTP/1.1" 200 320 0.032572
Apr 28 02:23:03 witherspoon phosphor-gevent[1001]: ::8009:6976:8e91:f402%1995705116 - - [2017-04-28 02:23:03] "GET /org/openbmc/control/flash/bios HTTP/1.1" 200 404 0.069608
Apr 28 02:23:13 witherspoon phosphor-gevent[1001]: ::8009:6976:8e91:f402%1995705116 - - [2017-04-28 02:23:13] "POST /login HTTP/1.1" 200 320 0.032807
Apr 28 02:23:13 witherspoon phosphor-gevent[1001]: ::8009:6976:8e91:f402%1995705116 - - [2017-04-28 02:23:13] "GET /org/openbmc/control/flash/bios HTTP/1.1" 200 404 0.350256
Apr 28 02:23:23 witherspoon phosphor-gevent[1001]: ::8009:6976:8e91:f402%1995705116 - - [2017-04-28 02:23:23] "POST /login HTTP/1.1" 200 320 0.032470
Apr 28 02:23:23 witherspoon phosphor-gevent[1001]: ::8009:6976:8e91:f402%1995705116 - - [2017-04-28 02:23:23] "GET /org/openbmc/control/flash/bios HTTP/1.1" 200 404 0.067630
Apr 28 02:23:34 witherspoon phosphor-gevent[1001]: ::8009:6976:8e91:f402%1995705116 - - [2017-04-28 02:23:34] "POST /login HTTP/1.1" 200 320 0.599532
Apr 28 02:23:34 witherspoon phosphor-gevent[1001]: ::8009:6976:8e91:f402%1995705116 - - [2017-04-28 02:23:34] "GET /org/openbmc/control/flash/bios HTTP/1.1" 200 404 0.096208
Apr 28 02:23:44 witherspoon phosphor-gevent[1001]: ::8009:6976:8e91:f402%1995705116 - - [2017-04-28 02:23:44] "POST /login HTTP/1.1" 200 320 0.032589
Apr 28 02:23:45 witherspoon phosphor-gevent[1001]: ::8009:6976:8e91:f402%1995705116 - - [2017-04-28 02:23:45] "GET /org/openbmc/control/flash/bios HTTP/1.1" 200 404 0.076159
Apr 28 02:23:55 witherspoon phosphor-gevent[1001]: ::8009:6976:8e91:f402%1995705116 - - [2017-04-28 02:23:55] "POST /login HTTP/1.1" 200 320 0.032637
Apr 28 02:23:56 witherspoon phosphor-gevent[1001]: ::8009:6976:8e91:f402%1995705116 - - [2017-04-28 02:23:56] "GET /org/openbmc/control/flash/bios HTTP/1.1" 200 404 0.067590
Apr 28 02:24:06 witherspoon phosphor-gevent[1001]: ::8009:6976:8e91:f402%1995705116 - - [2017-04-28 02:24:06] "POST /login HTTP/1.1" 200 320 0.032833
Apr 28 02:24:07 witherspoon phosphor-gevent[1001]: ::8009:6976:8e91:f402%1995705116 - - [2017-04-28 02:24:07] "GET /org/openbmc/control/flash/bios HTTP/1.1" 200 404 0.890559
Apr 28 02:24:17 witherspoon phosphor-gevent[1001]: ::8009:6976:8e91:f402%1995705116 - - [2017-04-28 02:24:17] "POST /login HTTP/1.1" 200 320 0.032581
Apr 28 02:24:17 witherspoon phosphor-gevent[1001]: ::8009:6976:8e91:f402%1995705116 - - [2017-04-28 02:24:17] "GET /org/openbmc/control/flash/bios HTTP/1.1" 200 404 0.068032
Apr 28 02:24:27 witherspoon phosphor-gevent[1001]: ::8009:6976:8e91:f402%1995705116 - - [2017-04-28 02:24:27] "POST /login HTTP/1.1" 200 320 0.032468
Apr 28 02:24:27 witherspoon phosphor-gevent[1001]: ::8009:6976:8e91:f402%1995705116 - - [2017-04-28 02:24:27] "GET /org/openbmc/control/flash/bios HTTP/1.1" 200 404 0.068047
Apr 28 02:24:37 witherspoon phosphor-gevent[1001]: ::8009:6976:8e91:f402%1995705116 - - [2017-04-28 02:24:37] "POST /login HTTP/1.1" 200 320 0.032746
Apr 28 02:24:37 witherspoon phosphor-gevent[1001]: ::8009:6976:8e91:f402%1995705116 - - [2017-04-28 02:24:37] "GET /org/openbmc/control/flash/bios HTTP/1.1" 200 404 0.073973
Apr 28 02:24:48 witherspoon phosphor-gevent[1001]: ::8009:6976:8e91:f402%1995705116 - - [2017-04-28 02:24:48] "POST /login HTTP/1.1" 200 320 0.032806
Apr 28 02:24:48 witherspoon phosphor-gevent[1001]: ::8009:6976:8e91:f402%1995705116 - - [2017-04-28 02:24:48] "GET /org/openbmc/control/flash/bios HTTP/1.1" 200 404 0.067674
Apr 28 02:24:58 witherspoon phosphor-gevent[1001]: ::8009:6976:8e91:f402%1995705116 - - [2017-04-28 02:24:58] "POST /login HTTP/1.1" 200 320 0.032772
Apr 28 02:24:58 witherspoon phosphor-gevent[1001]: ::8009:6976:8e91:f402%1995705116 - - [2017-04-28 02:24:58] "GET /org/openbmc/control/flash/bios HTTP/1.1" 200 404 0.068456
Apr 28 02:25:09 witherspoon phosphor-gevent[1001]: ::8009:6976:8e91:f402%1995705116 - - [2017-04-28 02:25:09] "POST /login HTTP/1.1" 200 320 0.032621
Apr 28 02:25:09 witherspoon phosphor-gevent[1001]: ::8009:6976:8e91:f402%1995705116 - - [2017-04-28 02:25:09] "GET /org/openbmc/control/flash/bios HTTP/1.1" 200 408 0.067979
Apr 28 02:25:20 witherspoon phosphor-gevent[1001]: ::8009:6976:8e91:f402%1995705116 - - [2017-04-28 02:25:20] "POST /login HTTP/1.1" 200 320 0.032614
Apr 28 02:25:20 witherspoon phosphor-gevent[1001]: ::8009:6976:8e91:f402%1995705116 - - [2017-04-28 02:25:20] "GET /org/openbmc/control/flash/bios HTTP/1.1" 200 409 0.072505
Apr 28 02:25:30 witherspoon phosphor-gevent[1001]: ::8009:6976:8e91:f402%1995705116 - - [2017-04-28 02:25:30] "POST /login HTTP/1.1" 200 320 0.032557
Apr 28 02:25:30 witherspoon phosphor-gevent[1001]: ::8009:6976:8e91:f402%1995705116 - - [2017-04-28 02:25:30] "GET /org/openbmc/control/flash/bios HTTP/1.1" 200 409 0.068283
Apr 28 02:25:40 witherspoon phosphor-gevent[1001]: ::8009:6976:8e91:f402%1995705116 - - [2017-04-28 02:25:40] "POST /login HTTP/1.1" 200 320 0.032407
Apr 28 02:25:40 witherspoon phosphor-gevent[1001]: ::8009:6976:8e91:f402%1995705116 - - [2017-04-28 02:25:40] "GET /org/openbmc/control/flash/bios HTTP/1.1" 200 409 0.068229
Apr 28 02:25:44 witherspoon flash_bios.exe[1018]: Erasing... (may take a while !) done !
Apr 28 02:25:44 witherspoon flash_bios.exe[1018]: About to program "/tmp/witherspoon-20170711194732.all.tar" at 0x00000000..0x02000800 !
Apr 28 02:25:44 witherspoon flash_bios.exe[1018]: Programming & Verifying...
Apr 28 02:25:44 witherspoon flash_bios.exe[1018]: Flash done
Apr 28 02:25:50 witherspoon phosphor-gevent[1001]: ::8009:6976:8e91:f402%1995705116 - - [2017-04-28 02:25:50] "POST /login HTTP/1.1" 200 320 0.033579
Apr 28 02:25:51 witherspoon phosphor-gevent[1001]: ::8009:6976:8e91:f402%1995705116 - - [2017-04-28 02:25:51] "GET /org/openbmc/control/flash/bios HTTP/1.1" 200 406 0.067747
Apr 28 02:25:51 witherspoon systemd[1]: Started SSH Per-Connection Server (9.41.165.94:56474).
Apr 28 02:25:51 witherspoon dropbear[1122]: Failed loading /etc/dropbear/dropbear_dss_host_key
Apr 28 02:25:51 witherspoon dropbear[1122]: Failed loading /etc/dropbear/dropbear_ecdsa_host_key
Apr 28 02:25:51 witherspoon dropbear[1122]: Child connection from ::ffff:9.41.165.94:56474
Apr 28 02:25:51 witherspoon dropbear[1122]: pam_unix(dropbear:account): account root has password changed in future
Apr 28 02:25:51 witherspoon dropbear[1122]: PAM password auth succeeded for 'root' from ::ffff:9.41.165.94:56474
Apr 28 02:25:51 witherspoon dropbear[1123]: lastlog_perform_login: Couldn't stat /var/log/lastlog: No such file or directory
Apr 28 02:25:51 witherspoon dropbear[1123]: lastlog_openseek: /var/log/lastlog is not a file or directory!
Apr 28 02:25:53 witherspoon phosphor-gevent[1001]: ::8009:6976:8e91:f402%1995705116 - - [2017-04-28 02:25:53] "POST /login HTTP/1.1" 200 320 0.033029
Apr 28 02:25:53 witherspoon phosphor-gevent[1001]: ::8009:6976:8e91:f402%1995705116 - - [2017-04-28 02:25:53] "GET /xyz/openbmc_project/state/host0//attr/CurrentHostState HTTP/1.1" 200 212 0.049434
Apr 28 02:25:53 witherspoon systemd[1]: Created slice system-obmc\x2dconsole\x2dssh.slice.
Apr 28 02:25:53 witherspoon systemd[1]: Started Phosphor Host Console SSH Per-Connection (9.41.165.94:60140).
Apr 28 02:25:53 witherspoon dropbear[1128]: Failed loading /etc/dropbear/dropbear_dss_host_key
Apr 28 02:25:53 witherspoon dropbear[1128]: Failed loading /etc/dropbear/dropbear_ecdsa_host_key
Apr 28 02:25:53 witherspoon dropbear[1128]: Child connection from ::ffff:9.41.165.94:60140
Apr 28 02:25:54 witherspoon dropbear[1128]: pam_unix(dropbear:account): account root has password changed in future
Apr 28 02:25:54 witherspoon dropbear[1128]: PAM password auth succeeded for 'root' from ::ffff:9.41.165.94:60140
Apr 28 02:25:54 witherspoon phosphor-gevent[1001]: ::8009:6976:8e91:f402%1995705116 - - [2017-04-28 02:25:54] "POST /login HTTP/1.1" 200 320 0.050568
Apr 28 02:25:54 witherspoon dropbear[1129]: lastlog_perform_login: Couldn't stat /var/log/lastlog: No such file or directory
Apr 28 02:25:54 witherspoon dropbear[1129]: lastlog_openseek: /var/log/lastlog is not a file or directory!
Apr 28 02:25:54 witherspoon phosphor-gevent[1001]: ::8009:6976:8e91:f402%1995705116 - - [2017-04-28 02:25:54] "PUT /org/openbmc/settings/host0/attr/power_policy HTTP/1.1" 200 169 0.234209
Apr 28 02:25:54 witherspoon phosphor-gevent[1001]: ::8009:6976:8e91:f402%1995705116 - - [2017-04-28 02:25:54] "POST /login HTTP/1.1" 200 320 0.033041
Apr 28 02:25:54 witherspoon phosphor-gevent[1001]: ::8009:6976:8e91:f402%1995705116 - - [2017-04-28 02:25:54] "GET /org/openbmc/settings/host0/attr/power_policy HTTP/1.1" 200 185 0.068788
Apr 28 02:25:54 witherspoon systemd[1]: Started SSH Per-Connection Server (9.41.165.94:56484).
Apr 28 02:25:54 witherspoon dropbear[1130]: Failed loading /etc/dropbear/dropbear_dss_host_key
Apr 28 02:25:54 witherspoon dropbear[1130]: Failed loading /etc/dropbear/dropbear_ecdsa_host_key
Apr 28 02:25:54 witherspoon dropbear[1130]: Child connection from ::ffff:9.41.165.94:56484
Apr 28 02:25:55 witherspoon dropbear[1130]: pam_unix(dropbear:account): account root has password changed in future
Apr 28 02:25:55 witherspoon dropbear[1130]: PAM password auth succeeded for 'root' from ::ffff:9.41.165.94:56484
Apr 28 02:25:55 witherspoon dropbear[1131]: lastlog_perform_login: Couldn't stat /var/log/lastlog: No such file or directory
Apr 28 02:25:55 witherspoon dropbear[1131]: lastlog_openseek: /var/log/lastlog is not a file or directory!
Apr 28 02:25:56 witherspoon phosphor-gevent[1001]: ::8009:6976:8e91:f402%1995705116 - - [2017-04-28 02:25:56] "POST /login HTTP/1.1" 200 320 0.039165
Apr 28 02:25:56 witherspoon phosphor-gevent[1001]: ::8009:6976:8e91:f402%1995705116 - - [2017-04-28 02:25:56] "GET /xyz/openbmc_project/state/chassis0//attr/CurrentPowerState HTTP/1.1" 200 216 0.049129
Apr 28 02:25:56 witherspoon phosphor-gevent[1001]: ::8009:6976:8e91:f402%1995705116 - - [2017-04-28 02:25:56] "POST /login HTTP/1.1" 200 320 0.032623
Apr 28 02:25:57 witherspoon phosphor-gevent[1001]: ::8009:6976:8e91:f402%1995705116 - - [2017-04-28 02:25:57] "GET /xyz/openbmc_project/state/bmc0//attr/CurrentBMCState HTTP/1.1" 200 212 0.049674
Apr 28 02:25:57 witherspoon phosphor-gevent[1001]: ::8009:6976:8e91:f402%1995705116 - - [2017-04-28 02:25:57] "POST /login HTTP/1.1" 200 320 0.038008
Apr 28 02:25:57 witherspoon phosphor-gevent[1001]: ::8009:6976:8e91:f402%1995705116 - - [2017-04-28 02:25:57] "GET /org/openbmc/sensors/host/BootProgress/attr/value HTTP/1.1" 200 170 0.052278
Apr 28 02:25:57 witherspoon phosphor-gevent[1001]: ::8009:6976:8e91:f402%1995705116 - - [2017-04-28 02:25:57] "POST /login HTTP/1.1" 200 320 0.032889
Apr 28 02:25:57 witherspoon phosphor-gevent[1001]: ::8009:6976:8e91:f402%1995705116 - - [2017-04-28 02:25:57] "GET /xyz/openbmc_project/state/host0//attr/CurrentHostState HTTP/1.1" 200 212 0.048792
Apr 28 02:25:57 witherspoon phosphor-gevent[1001]: ::8009:6976:8e91:f402%1995705116 - - [2017-04-28 02:25:57] "POST /login HTTP/1.1" 200 320 0.032525
Apr 28 02:25:57 witherspoon phosphor-host-state-manager[1042]: Host State transaction request
Apr 28 02:25:58 witherspoon systemd[1]: Created slice system-vcs_off.slice.
Apr 28 02:25:58 witherspoon systemd[1]: Created slice system-ucd_disable_vcs.slice.
Apr 28 02:25:58 witherspoon systemd[1]: Created slice system-avsbus\x2dworkaround.slice.
Apr 28 02:25:58 witherspoon systemd[1]: Created slice system-fsi\x2dscan.slice.
Apr 28 02:25:58 witherspoon systemd[1]: Created slice system-phosphor\x2dfan\x2dpresence\x2dtach.slice.
Apr 28 02:25:58 witherspoon systemd[1]: Created slice system-vcs_workaround.slice.
Apr 28 02:25:58 witherspoon systemd[1]: Reached target Powerwitherspoon-fan-watchdog (On).
Apr 28 02:25:58 witherspoon phosphor-gevent[1001]: ::8009:6976:8e91:f402%1995705116 - - [2017-04-28 02:25:58] "PUT /xyz/openbmc_project/state/host0//attr/RequestedHostTransition HTTP/1.1" 200 169 0.328337
Apr 28 02:25:58 witherspoon systemd[1]: Starting Wait for /xyz/openbmc_project/led/groups/power_on...
Apr 28 02:25:58 witherspoon systemd[1]: Created slice system-vrm\x2dcontrol.slice.
Apr 28 02:25:58 witherspoon systemd[1]: Created slice system-ir35221\x2don\x2dbind.slice.
Apr 28 02:25:58 witherspoon systemd[1]: Created slice system-op\x2dwait\x2dpower\x2don.slice.
Apr 28 02:25:58 witherspoon systemd[1]: Starting Wait for Power0 to turn on...
Apr 28 02:25:58 witherspoon systemd[1]: Created slice system-avsbus\x2denable.slice.
Apr 28 02:25:58 witherspoon systemd[1]: Created slice system-ir35221\x2don\x2dunbind.slice.
Apr 28 02:25:58 witherspoon systemd[1]: Created slice system-obmc\x2denable\x2dhost\x2dwatchdog.slice.
Apr 28 02:25:58 witherspoon systemd[1]: Starting Wait for /org/openbmc/control/chassis0...
Apr 28 02:25:58 witherspoon systemd[1]: Started Witherspoon Fan Watchdog Daemon.
Apr 28 02:25:58 witherspoon systemd[1]: Created slice system-vcs_on.slice.
Apr 28 02:25:58 witherspoon systemd[1]: Created slice system-phosphor\x2dfan\x2dcontrol\x2dinit.slice.
Apr 28 02:25:58 witherspoon systemd[1]: Created slice system-pcie\x2dslot\x2ddetect.slice.
Apr 28 02:25:58 witherspoon systemd[1]: Created slice system-phosphor\x2dgpio\x2dmonitor.slice.
Apr 28 02:25:59 witherspoon phosphor-gevent[1001]: ::8009:6976:8e91:f402%1995705116 - - [2017-04-28 02:25:59] "POST /login HTTP/1.1" 200 320 0.626664
Apr 28 02:25:58 witherspoon systemd[1]: Started Phosphor GPIO checkstop monitor.
Apr 28 02:25:58 witherspoon systemd[1]: Reached target Start Host checkstop monitor.
Apr 28 02:25:58 witherspoon systemd[1]: Created slice system-op\x2dpower\x2dstart.slice.
Apr 28 02:25:58 witherspoon systemd[1]: Starting Witherspoon Fan Watchdog Reset...
Apr 28 02:25:58 witherspoon systemd[1]: Starting Wait for /xyz/openbmc_project/watchdog/host0...
Apr 28 02:25:58 witherspoon systemd[1]: Created slice system-start_host.slice.
Apr 28 02:25:58 witherspoon systemd[1]: Created slice system-phosphor\x2dwatchdog.slice.
Apr 28 02:25:58 witherspoon systemd[1]: Started Phosphor poweron watchdog.
Apr 28 02:25:58 witherspoon systemd[1]: Starting power on mode unbind ir35221 device driver devs...
Apr 28 02:25:59 witherspoon systemd[1]: Created slice system-avsbus\x2ddisable.slice.
Apr 28 02:25:59 witherspoon systemd[1]: Created slice system-mapper\x2dsubtree\x2dremove.slice.
Apr 28 02:25:59 witherspoon systemd[1]: Starting mapper subtree-remove /xyz/openbmc_project/software:xyz.openbmc_project.Software.ActivationBlocksTransition...
Apr 28 02:25:59 witherspoon systemd[1]: Created slice system-fsi\x2dbind.slice.
Apr 28 02:25:59 witherspoon systemd[1]: Starting Disable UCD VCS rails...
Apr 28 02:25:59 witherspoon systemd[1]: Created slice system-cfam_override.slice.
Apr 28 02:25:59 witherspoon systemd[1]: Started Phosphor Fan Control Initialization.
Apr 28 02:26:00 witherspoon systemd[1]: Started Wait for /xyz/openbmc_project/led/groups/power_on.
Apr 28 02:26:00 witherspoon systemd[1]: Started Wait for /org/openbmc/control/chassis0.
Apr 28 02:26:00 witherspoon systemd[1]: Started Witherspoon Fan Watchdog Reset.
Apr 28 02:26:00 witherspoon systemd[1]: Started power on mode unbind ir35221 device driver devs.
Apr 28 02:26:00 witherspoon systemd[1]: xyz.openbmc_project.Hwmon@ahb-apb-i2c\x401e78a000-i2c\x2dbus\x40140-ir35221\x4071.service: Unit not needed anymore. Stopping.
Apr 28 02:26:01 witherspoon kernel: ucd9000 11-0064: Device ID UCD90160|2.3.4.0000|110603
Apr 28 02:26:00 witherspoon kernel[941]: [  355.500000] ucd9000 11-0064: Device ID UCD90160|2.3.4.0000|110603
Apr 28 02:26:00 witherspoon systemd[1]: xyz.openbmc_project.Hwmon@ahb-apb-i2c\x401e78a000-i2c\x2dbus\x40140-ir35221\x4070.service: Service hold-off time over, scheduling restart.
Apr 28 02:26:00 witherspoon systemd[1]: xyz.openbmc_project.Hwmon@ahb-apb-i2c\x401e78a000-i2c\x2dbus\x40180-ir35221\x4071.service: Service hold-off time over, scheduling restart.
Apr 28 02:26:00 witherspoon systemd[1]: xyz.openbmc_project.Hwmon@ahb-apb-i2c\x401e78a000-i2c\x2dbus\x40140-ir35221\x4071.service: Service hold-off time over, scheduling restart.
Apr 28 02:26:00 witherspoon systemd[1]: xyz.openbmc_project.Hwmon@ahb-apb-i2c\x401e78a000-i2c\x2dbus\x40140-ir35221\x4071.service: Stop job pending for unit, delaying automatic restart.
Apr 28 02:26:00 witherspoon systemd[1]: xyz.openbmc_project.Hwmon@ahb-apb-i2c\x401e78a000-i2c\x2dbus\x40180-ir35221\x4070.service: Service hold-off time over, scheduling restart.
Apr 28 02:26:00 witherspoon systemd[1]: xyz.openbmc_project.Hwmon@ahb-apb-i2c\x401e78a000-i2c\x2dbus\x40180-ir35221\x4070.service: Unit not needed anymore. Stopping.
Apr 28 02:26:00 witherspoon systemd[1]: Requested transaction contradicts existing jobs: Transaction is destructive.
Apr 28 02:26:00 witherspoon systemd[1]: xyz.openbmc_project.Hwmon@ahb-apb-i2c\x401e78a000-i2c\x2dbus\x40180-ir35221\x4070.service: Failed to enqueue stop job, ignoring: Transaction is destructive.
Apr 28 02:26:00 witherspoon systemd[1]: xyz.openbmc_project.Hwmon@ahb-apb-i2c\x401e78a000-i2c\x2dbus\x40180-ir35221\x4071.service: Unit not needed anymore. Stopping.
Apr 28 02:26:00 witherspoon systemd[1]: Requested transaction contradicts existing jobs: Transaction is destructive.
Apr 28 02:26:00 witherspoon systemd[1]: xyz.openbmc_project.Hwmon@ahb-apb-i2c\x401e78a000-i2c\x2dbus\x40180-ir35221\x4071.service: Failed to enqueue stop job, ignoring: Transaction is destructive.
Apr 28 02:26:00 witherspoon systemd[1]: xyz.openbmc_project.Hwmon@ahb-apb-i2c\x401e78a000-i2c\x2dbus\x40140-ir35221\x4070.service: Unit not needed anymore. Stopping.
Apr 28 02:26:00 witherspoon systemd[1]: Requested transaction contradicts existing jobs: Transaction is destructive.
Apr 28 02:26:00 witherspoon systemd[1]: xyz.openbmc_project.Hwmon@ahb-apb-i2c\x401e78a000-i2c\x2dbus\x40140-ir35221\x4070.service: Failed to enqueue stop job, ignoring: Transaction is destructive.
Apr 28 02:26:00 witherspoon systemd[1]: Stopped Phosphor Hwmon Poller.
Apr 28 02:26:00 witherspoon systemd[1]: Started Phosphor Hwmon Poller.
Apr 28 02:26:00 witherspoon systemd[1]: xyz.openbmc_project.Hwmon@ahb-apb-i2c\x401e78a000-i2c\x2dbus\x40180-ir35221\x4070.service: Unit not needed anymore. Stopping.
Apr 28 02:26:00 witherspoon systemd[1]: Stopping Phosphor Hwmon Poller...
Apr 28 02:26:00 witherspoon systemd[1]: Stopped Phosphor Hwmon Poller.
Apr 28 02:26:00 witherspoon systemd[1]: Started Phosphor Hwmon Poller.
Apr 28 02:26:00 witherspoon systemd[1]: xyz.openbmc_project.Hwmon@ahb-apb-i2c\x401e78a000-i2c\x2dbus\x40180-ir35221\x4071.service: Unit not needed anymore. Stopping.
Apr 28 02:26:00 witherspoon systemd[1]: Stopping Phosphor Hwmon Poller...
Apr 28 02:26:00 witherspoon systemd[1]: Stopped Phosphor Hwmon Poller.
Apr 28 02:26:00 witherspoon systemd[1]: Started Phosphor Hwmon Poller.
Apr 28 02:26:00 witherspoon systemd[1]: xyz.openbmc_project.Hwmon@ahb-apb-i2c\x401e78a000-i2c\x2dbus\x40140-ir35221\x4070.service: Unit not needed anymore. Stopping.
Apr 28 02:26:00 witherspoon systemd[1]: Stopping Phosphor Hwmon Poller...
Apr 28 02:26:00 witherspoon systemd[1]: Stopped Phosphor Hwmon Poller.
Apr 28 02:26:00 witherspoon systemd[1]: Starting Assert power_on LED...
Apr 28 02:26:01 witherspoon systemd[1]: Started Disable UCD VCS rails.
Apr 28 02:26:01 witherspoon systemd[1]: Stopped Phosphor Hwmon Poller.
Apr 28 02:26:01 witherspoon systemd[1]: Stopped Phosphor Hwmon Poller.
Apr 28 02:26:01 witherspoon systemd[1]: Stopped Phosphor Hwmon Poller.
Apr 28 02:26:01 witherspoon systemd[1]: Starting Perform AVS bus workaround on VRMs...
Apr 28 02:26:01 witherspoon systemd[1]: Started Perform AVS bus workaround on VRMs.
Apr 28 02:26:01 witherspoon systemd[1]: Starting Disable the AVS bus on the VRMs...
Apr 28 02:26:02 witherspoon systemd[1]: Started Disable the AVS bus on the VRMs.
Apr 28 02:26:02 witherspoon systemd[1]: Starting Apply voltage overrides to VRMs...
Apr 28 02:26:02 witherspoon vrm-control.sh[1212]: rail        set        read        current
Apr 28 02:26:02 witherspoon vrm-control.sh[1212]: -------        ------- ------- -------
Apr 28 02:26:02 witherspoon vrm-control.sh[1212]: vdna        0.898V        0.004V        0.000A
Apr 28 02:26:03 witherspoon vrm-control.sh[1212]: vdnb        0.898V        0.004V        0.000A
Apr 28 02:26:03 witherspoon systemd[1]: Started Apply voltage overrides to VRMs.
Apr 28 02:26:03 witherspoon systemd[1]: Starting Enable the AVS bus on VRMs...
Apr 28 02:26:04 witherspoon systemd[1]: Started Enable the AVS bus on VRMs.
Apr 28 02:26:04 witherspoon systemd[1]: Starting Disable VCS before Witherspoon power on...
Apr 28 02:26:04 witherspoon systemd[1]: Started Disable VCS before Witherspoon power on.
Apr 28 02:26:04 witherspoon systemd[1]: Reached target Power0 On (Pre).
Apr 28 02:26:04 witherspoon systemd[1]: Starting Start Power0...
Apr 28 02:26:04 witherspoon systemd[1]: Started mapper subtree-remove /xyz/openbmc_project/software:xyz.openbmc_project.Software.ActivationBlocksTransition.
Apr 28 02:26:06 witherspoon phosphor-gevent[1001]: ::8009:6976:8e91:f402%1995705116 - - [2017-04-28 02:26:06] "GET /xyz/openbmc_project/state/chassis0//attr/CurrentPowerState HTTP/1.1" 200 216 6.656739
Apr 28 02:26:06 witherspoon phosphor-gevent[1001]: ::8009:6976:8e91:f402%1995705116 - - [2017-04-28 02:26:06] "POST /login HTTP/1.1" 200 320 0.032597
Apr 28 02:26:07 witherspoon power_control.exe[1047]: PowerControl: setting power up SOFTWARE_PGOOD to 1
Apr 28 02:26:07 witherspoon power_control.exe[1047]: PowerControl: setting power up BMC_POWER_UP to 1
Apr 28 02:26:07 witherspoon systemd[1]: Started Start Power0.
Apr 28 02:26:07 witherspoon timemanager[1076]:  PGOOD has changed..
Apr 28 02:26:07 witherspoon system_manager.py[998]: Running System State: HOST_POWERING_ON
Apr 28 02:26:07 witherspoon phosphor-gevent[1001]: ::8009:6976:8e91:f402%1995705116 - - [2017-04-28 02:26:07] "GET /xyz/openbmc_project/state/bmc0//attr/CurrentBMCState HTTP/1.1" 200 212 0.982101
Apr 28 02:26:08 witherspoon phosphor-ledmanager[938]: Asserting LEDs
Apr 28 02:26:08 witherspoon phosphor-ledmanager[938]: No service providers for physical LED
Apr 28 02:26:08 witherspoon systemd[1]: Started Assert power_on LED.
Apr 28 02:26:08 witherspoon phosphor-gevent[1001]: ::8009:6976:8e91:f402%1995705116 - - [2017-04-28 02:26:08] "POST /login HTTP/1.1" 200 320 0.032564
Apr 28 02:26:08 witherspoon power_control.exe[1047]: PowerControl: pgood: 1, setting reset BMC_CP0_RESET_N to 1
Apr 28 02:26:08 witherspoon system_manager.py[998]: Running System State: HOST_POWERED_ON
Apr 28 02:26:08 witherspoon systemd[1]: Started Wait for Power0 to turn on.
Apr 28 02:26:08 witherspoon systemd[1]: Reached target Power0 On.
Apr 28 02:26:08 witherspoon systemd[1]: Reached target Power0 (On).
Apr 28 02:26:08 witherspoon systemd[1]: Started Phosphor Fan Control Initialization.
Apr 28 02:26:08 witherspoon systemd[1]: Started Phosphor Fan Presence Tach Daemon.
Apr 28 02:26:08 witherspoon systemd[1]: Starting Scan FSI devices...
Apr 28 02:26:08 witherspoon systemd[1]: Starting PCIE Slot Presence Detection For Chassis0...
Apr 28 02:26:08 witherspoon timemanager[1076]:  PGOOD has changed..
Apr 28 02:26:08 witherspoon timemanager[1076]: Changing time settings is *deferred* now
Apr 28 02:26:08 witherspoon phosphor-gevent[1001]: ::8009:6976:8e91:f402%1995705116 - - [2017-04-28 02:26:08] "GET /org/openbmc/sensors/host/BootProgress/attr/value HTTP/1.1" 200 170 0.308072
Apr 28 02:26:09 witherspoon timemanager[1076]:  User Settings have changed..
Apr 28 02:26:09 witherspoon kernel:  fsi0: fsi: found chip c0010d12 at 00:00:00
Apr 28 02:26:09 witherspoon kernel:  slave@00:00: engine[2]: type 4, version 6, addr c00 size 400
Apr 28 02:26:09 witherspoon kernel:  slave@00:00: engine[3]: type 5, version 6, addr 1000 size 400
Apr 28 02:26:09 witherspoon kernel:  slave@00:00: engine[4]: type 6, version 1, addr 1400 size 400
Apr 28 02:26:09 witherspoon kernel:  slave@00:00: engine[5]: type 7, version 2, addr 1800 size 400
Apr 28 02:26:09 witherspoon kernel[941]: [  363.920000]  fsi0: fsi: found chip c0010d12 at 00:00:00
